Dec 24 00:00:28 burnside uvmconsole: [3278943.255s][info][gc] GC(378641) Pause Young (Normal) (G1 Evacuation Pause) 58M->48M(70M) 7.683ms
Dec 24 00:00:53 burnside uvmconsole: [3278968.152s][info][gc] GC(378642) Pause Young (Normal) (G1 Evacuation Pause) 58M->48M(70M) 8.428ms
Dec 24 00:01:04 burnside uvmconsole: [3278979.045s][info][gc] GC(378643) Pause Young (Normal) (G1 Evacuation Pause) 58M->48M(70M) 8.905ms
Dec 24 00:01:15 burnside uvmconsole: [3278990.014s][info][gc] GC(378644) Pause Young (Normal) (G1 Evacuation Pause) 57M->48M(70M) 7.793ms
Dec 24 00:01:36 burnside uvmconsole: [3279011.465s][info][gc] GC(378645) Pause Young (Normal) (G1 Evacuation Pause) 58M->48M(70M) 8.815ms
Dec 24 00:01:51 burnside uvmconsole: [3279025.994s][info][gc] GC(378646) Pause Full (System.gc()) 53M->47M(70M) 315.373ms
Dec 24 00:02:07 burnside uvmconsole: [3279042.249s][info][gc] GC(378647) Pause Young (Normal) (G1 Evacuation Pause) 57M->48M(70M) 8.047ms
Dec 24 00:02:25 burnside uvmconsole: [3279060.730s][info][gc] GC(378648) Pause Young (Normal) (G1 Evacuation Pause) 58M->48M(70M) 5.941ms
Dec 24 00:02:46 burnside uvmconsole: [3279080.944s][info][gc] GC(378649) Pause Young (Normal) (G1 Evacuation Pause) 58M->48M(70M) 6.423ms
Dec 24 00:03:06 burnside uvmconsole: [3279101.222s][info][gc] GC(378650) Pause Young (Normal) (G1 Evacuation Pause) 58M->48M(70M) 6.974ms
Dec 24 00:03:33 burnside uvmconsole: [3279128.652s][info][gc] GC(378651) Pause Young (Normal) (G1 Evacuation Pause) 58M->48M(70M) 6.950ms
Dec 24 00:04:07 burnside uvmconsole: [3279161.909s][info][gc] GC(378652) Pause Young (Normal) (G1 Evacuation Pause) 58M->48M(70M) 7.187ms
Dec 24 00:04:33 burnside uvmconsole: [3279188.655s][info][gc] GC(378653) Pause Young (Normal) (G1 Evacuation Pause) 58M->48M(70M) 6.809ms
Dec 24 00:04:59 burnside uvmconsole: [3279214.336s][info][gc] GC(378654) Pause Young (Normal) (G1 Evacuation Pause) 58M->48M(70M) 7.255ms
Dec 24 00:05:13 burnside uvmconsole: [3279228.654s][info][gc] GC(378655) Pause Young (Normal) (G1 Evacuation Pause) 58M->48M(70M) 6.494ms
Dec 24 00:05:48 burnside uvmconsole: [3279262.762s][info][gc] GC(378656) Pause Young (Normal) (G1 Evacuation Pause) 58M->48M(70M) 6.914ms
Dec 24 00:06:08 burnside uvmconsole: [3279283.478s][info][gc] GC(378657) Pause Young (Normal) (G1 Evacuation Pause) 58M->48M(70M) 6.910ms
Dec 24 00:06:33 burnside uvmconsole: [3279307.905s][info][gc] GC(378658) Pause Young (Normal) (G1 Evacuation Pause) 58M->48M(70M) 6.689ms
Dec 24 00:06:51 burnside uvmconsole: [3279325.997s][info][gc] GC(378659) Pause Full (System.gc()) 55M->47M(70M) 318.816ms
Dec 24 00:07:19 burnside uvmconsole: [3279354.534s][info][gc] GC(378660) Pause Young (Normal) (G1 Evacuation Pause) 58M->47M(70M) 6.384ms
Dec 24 00:07:49 burnside uvmconsole: [3279384.152s][info][gc] GC(378661) Pause Young (Normal) (G1 Evacuation Pause) 57M->47M(70M) 6.149ms
Dec 24 00:08:07 burnside uvmconsole: [3279402.289s][info][gc] GC(378662) Pause Young (Normal) (G1 Evacuation Pause) 57M->48M(70M) 7.107ms
Dec 24 00:08:08 burnside uvmconsole: [3279403.572s][info][gc] GC(378663) Pause Young (Normal) (G1 Evacuation Pause) 58M->48M(70M) 8.669ms
Dec 24 00:08:10 burnside uvmconsole: [3279405.217s][info][gc] GC(378664) Pause Young (Normal) (G1 Evacuation Pause) 58M->48M(70M) 7.710ms
Dec 24 00:08:29 burnside uvmconsole: [3279424.221s][info][gc] GC(378665) Pause Young (Normal) (G1 Evacuation Pause) 58M->48M(70M) 7.519ms
Dec 24 00:08:55 burnside uvmconsole: [3279450.502s][info][gc] GC(378666) Pause Young (Normal) (G1 Evacuation Pause) 58M->48M(70M) 7.325ms
Dec 24 00:09:10 burnside uvmconsole: [3279465.225s][info][gc] GC(378667) Pause Young (Normal) (G1 Evacuation Pause) 58M->48M(70M) 7.830ms
Dec 24 00:09:26 burnside uvmconsole: [3279481.636s][info][gc] GC(378668) Pause Young (Normal) (G1 Evacuation Pause) 58M->48M(70M) 9.359ms
Dec 24 00:09:56 burnside uvmconsole: [3279511.050s][info][gc] GC(378669) Pause Young (Normal) (G1 Evacuation Pause) 58M->48M(70M) 6.947ms
Dec 24 00:10:07 burnside uvmconsole: [3279521.812s][info][gc] GC(378670) Pause Young (Normal) (G1 Evacuation Pause) 58M->48M(70M) 7.563ms
Dec 24 00:10:35 burnside uvmconsole: [3279550.204s][info][gc] GC(378671) Pause Young (Normal) (G1 Evacuation Pause) 58M->48M(70M) 6.638ms
Dec 24 00:11:02 burnside uvmconsole: [3279577.596s][info][gc] GC(378672) Pause Young (Normal) (G1 Evacuation Pause) 58M->48M(70M) 12.758ms
Dec 24 00:11:32 burnside uvmconsole: [3279607.025s][info][gc] GC(378673) Pause Young (Normal) (G1 Evacuation Pause) 58M->48M(70M) 6.478ms
Dec 24 00:11:51 burnside uvmconsole: [3279625.995s][info][gc] GC(378674) Pause Full (System.gc()) 54M->47M(70M) 315.909ms
Dec 24 00:12:03 burnside uvmconsole: [3279638.332s][info][gc] GC(378675) Pause Young (Normal) (G1 Evacuation Pause) 57M->48M(70M) 6.641ms
Dec 24 00:12:16 burnside uvmconsole: [3279651.043s][info][gc] GC(378676) Pause Young (Normal) (G1 Evacuation Pause) 58M->48M(70M) 6.551ms
Dec 24 00:12:20 burnside uvmconsole: [3279654.871s][info][gc] GC(378677) Pause Young (Normal) (G1 Evacuation Pause) 58M->48M(70M) 8.747ms
Dec 24 00:12:20 burnside uvmconsole: [3279655.098s][info][gc] GC(378678) Pause Young (Normal) (G1 Evacuation Pause) 58M->48M(70M) 9.614ms
Dec 24 00:12:20 burnside uvmconsole: [3279655.310s][info][gc] GC(378679) Pause Young (Normal) (G1 Evacuation Pause) 58M->48M(70M) 8.634ms
Dec 24 00:12:25 burnside uvmconsole: [3279660.371s][info][gc] GC(378680) Pause Young (Normal) (G1 Evacuation Pause) 58M->48M(70M) 7.589ms
Dec 24 00:12:40 burnside uvmconsole: [3279675.710s][info][gc] GC(378681) Pause Young (Normal) (G1 Evacuation Pause) 58M->48M(70M) 7.880ms
Dec 24 00:12:45 burnside uvmconsole: [3279680.620s][info][gc] GC(378682) Pause Young (Normal) (G1 Evacuation Pause) 57M->48M(70M) 7.900ms
Dec 24 00:12:59 burnside uvmconsole: [3279694.189s][info][gc] GC(378683) Pause Young (Normal) (G1 Evacuation Pause) 57M->48M(70M) 8.356ms
Dec 24 00:13:11 burnside uvmconsole: [3279706.720s][info][gc] GC(378684) Pause Young (Normal) (G1 Evacuation Pause) 57M->48M(70M) 9.110ms
Dec 24 00:13:35 burnside uvmconsole: [3279730.174s][info][gc] GC(378685) Pause Young (Normal) (G1 Evacuation Pause) 56M->48M(70M) 8.437ms
Dec 24 00:13:53 burnside uvmconsole: [3279748.271s][info][gc] GC(378686) Pause Young (Normal) (G1 Evacuation Pause) 57M->48M(70M) 8.089ms
Dec 24 00:14:04 burnside uvmconsole: [3279759.686s][info][gc] GC(378687) Pause Young (Normal) (G1 Evacuation Pause) 57M->48M(70M) 7.386ms
Dec 24 00:14:11 burnside uvmconsole: [3279766.079s][info][gc] GC(378688) Pause Young (Normal) (G1 Evacuation Pause) 57M->48M(70M) 11.610ms
Dec 24 00:14:26 burnside uvmconsole: [3279781.183s][info][gc] GC(378689) Pause Young (Normal) (G1 Evacuation Pause) 57M->48M(70M) 7.031ms
Dec 24 00:14:53 burnside uvmconsole: [3279808.589s][info][gc] GC(378690) Pause Young (Normal) (G1 Evacuation Pause) 57M->48M(70M) 7.383ms
Dec 24 00:15:03 burnside uvmconsole: [3279818.062s][info][gc] GC(378691) Pause Young (Normal) (G1 Evacuation Pause) 57M->48M(70M) 7.629ms
Dec 24 00:15:08 burnside uvmconsole: [3279823.387s][info][gc] GC(378692) Pause Young (Normal) (G1 Evacuation Pause) 57M->48M(70M) 6.916ms
Dec 24 00:15:27 burnside uvmconsole: [3279842.131s][info][gc] GC(378693) Pause Young (Normal) (G1 Evacuation Pause) 57M->48M(70M) 7.503ms
Dec 24 00:15:50 burnside uvmconsole: [3279865.420s][info][gc] GC(378694) Pause Young (Normal) (G1 Evacuation Pause) 57M->48M(70M) 6.927ms
Dec 24 00:16:07 burnside uvmconsole: [3279882.583s][info][gc] GC(378695) Pause Young (Normal) (G1 Evacuation Pause) 57M->48M(70M) 7.632ms
Dec 24 00:16:21 burnside uvmconsole: [3279896.377s][info][gc] GC(378696) Pause Young (Normal) (G1 Evacuation Pause) 57M->48M(70M) 7.567ms
Dec 24 00:16:45 burnside uvmconsole: [3279920.329s][info][gc] GC(378697) Pause Young (Normal) (G1 Evacuation Pause) 57M->48M(70M) 7.712ms
Dec 24 00:16:51 burnside uvmconsole: [3279925.991s][info][gc] GC(378698) Pause Full (System.gc()) 52M->47M(70M) 312.593ms
Dec 24 00:17:11 burnside uvmconsole: [3279946.536s][info][gc] GC(378699) Pause Young (Normal) (G1 Evacuation Pause) 56M->47M(70M) 6.335ms
Dec 24 00:17:35 burnside uvmconsole: [3279970.307s][info][gc] GC(378700) Pause Young (Normal) (G1 Evacuation Pause) 56M->47M(70M) 5.823ms
Dec 24 00:18:03 burnside uvmconsole: [3279997.882s][info][gc] GC(378701) Pause Young (Normal) (G1 Evacuation Pause) 56M->47M(70M) 5.851ms
Dec 24 00:18:23 burnside uvmconsole: [3280018.652s][info][gc] GC(378702) Pause Young (Normal) (G1 Evacuation Pause) 56M->47M(70M) 5.511ms
Dec 24 00:18:59 burnside uvmconsole: [3280054.186s][info][gc] GC(378703) Pause Young (Normal) (G1 Evacuation Pause) 56M->47M(70M) 6.267ms
Dec 24 00:19:14 burnside uvmconsole: [3280069.251s][info][gc] GC(378704) Pause Young (Normal) (G1 Evacuation Pause) 56M->47M(70M) 6.151ms
Dec 24 00:19:46 burnside uvmconsole: [3280100.810s][info][gc] GC(378705) Pause Young (Normal) (G1 Evacuation Pause) 56M->47M(70M) 6.405ms
Dec 24 00:19:56 burnside uvmconsole: [3280111.682s][info][gc] GC(378706) Pause Young (Normal) (G1 Evacuation Pause) 56M->48M(70M) 7.260ms
Dec 24 00:20:02 burnside uvmconsole: [3280117.634s][info][gc] GC(378707) Pause Young (Normal) (G1 Evacuation Pause) 57M->48M(70M) 7.520ms
Dec 24 00:20:16 burnside uvmconsole: [3280131.716s][info][gc] GC(378708) Pause Young (Normal) (G1 Evacuation Pause) 57M->48M(70M) 11.755ms
Dec 24 00:20:18 burnside uvmconsole: [3280133.358s][info][gc] GC(378709) Pause Young (Normal) (G1 Evacuation Pause) 57M->48M(70M) 9.211ms
Dec 24 00:20:19 burnside uvmconsole: [3280134.522s][info][gc] GC(378710) Pause Young (Normal) (G1 Evacuation Pause) 57M->48M(70M) 8.792ms
Dec 24 00:20:29 burnside uvmconsole: [3280143.904s][info][gc] GC(378711) Pause Young (Normal) (G1 Evacuation Pause) 56M->48M(70M) 8.964ms
Dec 24 00:20:41 burnside uvmconsole: [3280156.583s][info][gc] GC(378712) Pause Young (Normal) (G1 Evacuation Pause) 55M->48M(70M) 6.562ms
Dec 24 00:20:59 burnside uvmconsole: [3280174.189s][info][gc] GC(378713) Pause Young (Normal) (G1 Evacuation Pause) 56M->48M(70M) 7.174ms
Dec 24 00:21:06 burnside uvmconsole: [3280180.917s][info][gc] GC(378714) Pause Young (Normal) (G1 Evacuation Pause) 56M->48M(70M) 7.632ms
Dec 24 00:21:28 burnside uvmconsole: [3280202.904s][info][gc] GC(378715) Pause Young (Normal) (G1 Evacuation Pause) 56M->48M(70M) 7.131ms
Dec 24 00:21:35 burnside uvmconsole: [3280210.713s][info][gc] GC(378716) Pause Young (Normal) (G1 Evacuation Pause) 56M->48M(70M) 6.665ms
Dec 24 00:21:51 burnside uvmconsole: [3280225.994s][info][gc] GC(378717) Pause Full (System.gc()) 54M->47M(70M) 315.763ms
Dec 24 00:22:07 burnside uvmconsole: [3280241.989s][info][gc] GC(378718) Pause Young (Normal) (G1 Evacuation Pause) 56M->47M(70M) 6.050ms
Dec 24 00:22:33 burnside uvmconsole: [3280268.637s][info][gc] GC(378719) Pause Young (Normal) (G1 Evacuation Pause) 56M->47M(70M) 6.024ms
Dec 24 00:22:53 burnside uvmconsole: [3280288.502s][info][gc] GC(378720) Pause Young (Normal) (G1 Evacuation Pause) 56M->48M(70M) 6.412ms
Dec 24 00:23:08 burnside uvmconsole: [3280302.891s][info][gc] GC(378721) Pause Young (Normal) (G1 Evacuation Pause) 58M->48M(70M) 7.067ms
Dec 24 00:23:26 burnside uvmconsole: [3280320.944s][info][gc] GC(378722) Pause Young (Normal) (G1 Evacuation Pause) 58M->48M(70M) 6.652ms
Dec 24 00:23:58 burnside uvmconsole: [3280353.411s][info][gc] GC(378723) Pause Young (Normal) (G1 Evacuation Pause) 58M->48M(70M) 7.445ms
Dec 24 00:24:05 burnside uvmconsole: [3280360.715s][info][gc] GC(378724) Pause Young (Normal) (G1 Evacuation Pause) 58M->48M(70M) 6.508ms
Dec 24 00:24:30 burnside uvmconsole: [3280384.825s][info][gc] GC(378725) Pause Young (Normal) (G1 Evacuation Pause) 58M->48M(70M) 6.330ms
Dec 24 00:24:59 burnside uvmconsole: [3280413.793s][info][gc] GC(378726) Pause Young (Normal) (G1 Evacuation Pause) 58M->48M(70M) 6.481ms
Dec 24 00:25:10 burnside uvmconsole: [3280425.501s][info][gc] GC(378727) Pause Young (Normal) (G1 Evacuation Pause) 58M->48M(70M) 7.036ms
Dec 24 00:25:36 burnside uvmconsole: [3280450.897s][info][gc] GC(378728) Pause Young (Normal) (G1 Evacuation Pause) 58M->48M(70M) 6.709ms
Dec 24 00:26:06 burnside uvmconsole: [3280481.074s][info][gc] GC(378729) Pause Young (Normal) (G1 Evacuation Pause) 58M->48M(70M) 6.861ms
Dec 24 00:26:20 burnside uvmconsole: [3280495.303s][info][gc] GC(378730) Pause Young (Normal) (G1 Evacuation Pause) 58M->48M(70M) 6.949ms
Dec 24 00:26:51 burnside uvmconsole: [3280525.995s][info][gc] GC(378731) Pause Full (System.gc()) 57M->47M(70M) 316.115ms
Dec 24 00:27:07 burnside uvmconsole: [3280542.256s][info][gc] GC(378732) Pause Young (Normal) (G1 Evacuation Pause) 57M->47M(70M) 6.502ms
Dec 24 00:27:32 burnside uvmconsole: [3280566.780s][info][gc] GC(378733) Pause Young (Normal) (G1 Evacuation Pause) 56M->47M(70M) 6.130ms
Dec 24 00:27:55 burnside uvmconsole: [3280590.430s][info][gc] GC(378734) Pause Young (Normal) (G1 Evacuation Pause) 56M->47M(70M) 6.188ms
Dec 24 00:28:11 burnside uvmconsole: [3280606.344s][info][gc] GC(378735) Pause Young (Normal) (G1 Evacuation Pause) 56M->47M(70M) 6.566ms
Dec 24 00:28:34 burnside uvmconsole: [3280628.931s][info][gc] GC(378736) Pause Young (Normal) (G1 Evacuation Pause) 56M->47M(70M) 7.856ms
Dec 24 00:28:57 burnside uvmconsole: [3280652.452s][info][gc] GC(378737) Pause Young (Normal) (G1 Evacuation Pause) 56M->47M(70M) 6.280ms
Dec 24 00:29:08 burnside uvmconsole: [3280663.451s][info][gc] GC(378738) Pause Young (Normal) (G1 Evacuation Pause) 56M->48M(70M) 7.210ms
Dec 24 00:29:33 burnside uvmconsole: [3280688.651s][info][gc] GC(378739) Pause Young (Normal) (G1 Evacuation Pause) 57M->48M(70M) 6.465ms
Dec 24 00:29:48 burnside uvmconsole: [3280703.519s][info][gc] GC(378740) Pause Young (Normal) (G1 Evacuation Pause) 57M->47M(70M) 6.384ms
Dec 24 00:30:05 burnside uvmconsole: [3280720.625s][info][gc] GC(378741) Pause Young (Normal) (G1 Evacuation Pause) 56M->47M(70M) 6.681ms
Dec 24 00:30:16 burnside uvmconsole: [3280731.330s][info][gc] GC(378742) Pause Young (Normal) (G1 Evacuation Pause) 56M->47M(70M) 6.536ms
Dec 24 00:30:26 burnside uvmconsole: [3280741.085s][info][gc] GC(378743) Pause Young (Normal) (G1 Evacuation Pause) 56M->48M(70M) 7.458ms
Dec 24 00:30:40 burnside uvmconsole: [3280754.758s][info][gc] GC(378744) Pause Young (Normal) (G1 Evacuation Pause) 57M->48M(70M) 7.148ms
Dec 24 00:30:50 burnside uvmconsole: [3280764.773s][info][gc] GC(378745) Pause Young (Normal) (G1 Evacuation Pause) 57M->48M(70M) 7.358ms
Dec 24 00:30:58 burnside uvmconsole: [3280773.587s][info][gc] GC(378746) Pause Young (Normal) (G1 Evacuation Pause) 57M->48M(70M) 7.573ms
Dec 24 00:31:03 burnside uvmconsole: [3280778.390s][info][gc] GC(378747) Pause Young (Normal) (G1 Evacuation Pause) 57M->48M(70M) 9.008ms
Dec 24 00:31:11 burnside uvmconsole: [3280786.283s][info][gc] GC(378748) Pause Young (Normal) (G1 Evacuation Pause) 56M->48M(70M) 7.283ms
Dec 24 00:31:17 burnside uvmconsole: [3280792.210s][info][gc] GC(378749) Pause Young (Normal) (G1 Evacuation Pause) 56M->48M(70M) 18.328ms
Dec 24 00:31:24 burnside uvmconsole: [3280799.078s][info][gc] GC(378750) Pause Young (Normal) (G1 Evacuation Pause) 56M->48M(70M) 101.103ms
Dec 24 00:31:33 burnside uvmconsole: [3280808.425s][info][gc] GC(378751) Pause Young (Normal) (G1 Evacuation Pause) 56M->48M(70M) 7.581ms
Dec 24 00:31:38 burnside uvmconsole: [3280813.137s][info][gc] GC(378752) Pause Young (Normal) (G1 Evacuation Pause) 56M->49M(70M) 8.615ms
Dec 24 00:31:41 burnside uvmconsole: [3280815.775s][info][gc] GC(378753) Pause Young (Normal) (G1 Evacuation Pause) 56M->48M(70M) 7.381ms
Dec 24 00:31:42 burnside uvmconsole: [3280817.606s][info][gc] GC(378754) Pause Young (Normal) (G1 Evacuation Pause) 55M->48M(70M) 5.181ms
Dec 24 00:31:44 burnside uvmconsole: [3280819.534s][info][gc] GC(378755) Pause Young (Normal) (G1 Evacuation Pause) 56M->48M(70M) 5.065ms
Dec 24 00:31:46 burnside uvmconsole: [3280820.929s][info][gc] GC(378756) Pause Young (Normal) (G1 Evacuation Pause) 56M->48M(70M) 5.911ms
Dec 24 00:31:50 burnside uvmconsole: [3280824.787s][info][gc] GC(378757) Pause Young (Normal) (G1 Evacuation Pause) 56M->48M(70M) 6.312ms
Dec 24 00:31:51 burnside uvmconsole: [3280825.999s][info][gc] GC(378758) Pause Full (System.gc()) 48M->48M(70M) 320.265ms
Dec 24 00:32:01 burnside uvmconsole: [3280836.334s][info][gc] GC(378759) Pause Young (Normal) (G1 Evacuation Pause) 58M->48M(70M) 10.383ms
Dec 24 00:32:16 burnside uvmconsole: [3280851.114s][info][gc] GC(378760) Pause Young (Normal) (G1 Evacuation Pause) 57M->48M(70M) 6.765ms
Dec 24 00:32:27 burnside uvmconsole: [3280861.762s][info][gc] GC(378761) Pause Young (Normal) (G1 Evacuation Pause) 57M->48M(70M) 8.088ms
Dec 24 00:32:34 burnside uvmconsole: [3280868.838s][info][gc] GC(378762) Pause Young (Normal) (G1 Evacuation Pause) 57M->48M(70M) 7.030ms
Dec 24 00:32:42 burnside uvmconsole: [3280877.153s][info][gc] GC(378763) Pause Young (Normal) (G1 Evacuation Pause) 57M->48M(70M) 7.141ms
Dec 24 00:33:02 burnside uvmconsole: [3280897.399s][info][gc] GC(378764) Pause Young (Normal) (G1 Evacuation Pause) 57M->48M(70M) 7.923ms
Dec 24 00:33:23 burnside uvmconsole: [3280917.920s][info][gc] GC(378765) Pause Young (Normal) (G1 Evacuation Pause) 57M->48M(70M) 7.087ms
Dec 24 00:33:59 burnside uvmconsole: [3280953.869s][info][gc] GC(378766) Pause Young (Normal) (G1 Evacuation Pause) 57M->48M(70M) 7.052ms
Dec 24 00:34:13 burnside uvmconsole: [3280968.512s][info][gc] GC(378767) Pause Young (Normal) (G1 Evacuation Pause) 57M->48M(70M) 11.171ms
Dec 24 00:34:42 burnside uvmconsole: [3280997.617s][info][gc] GC(378768) Pause Young (Normal) (G1 Evacuation Pause) 57M->48M(70M) 7.266ms
Dec 24 00:35:03 burnside uvmconsole: [3281018.587s][info][gc] GC(378769) Pause Young (Normal) (G1 Evacuation Pause) 57M->48M(70M) 7.575ms
Dec 24 00:35:22 burnside uvmconsole: [3281037.073s][info][gc] GC(378770) Pause Young (Normal) (G1 Evacuation Pause) 57M->48M(70M) 7.003ms
Dec 24 00:35:52 burnside uvmconsole: [3281066.947s][info][gc] GC(378771) Pause Young (Normal) (G1 Evacuation Pause) 57M->48M(70M) 7.287ms
Dec 24 00:36:07 burnside uvmconsole: [3281082.050s][info][gc] GC(378772) Pause Young (Normal) (G1 Evacuation Pause) 57M->48M(70M) 6.935ms
Dec 24 00:36:40 burnside uvmconsole: [3281115.413s][info][gc] GC(378773) Pause Young (Normal) (G1 Evacuation Pause) 57M->48M(70M) 6.705ms
Dec 24 00:36:51 burnside uvmconsole: [3281125.995s][info][gc] GC(378774) Pause Full (System.gc()) 51M->47M(70M) 317.266ms
Dec 24 00:37:05 burnside uvmconsole: [3281140.562s][info][gc] GC(378775) Pause Young (Normal) (G1 Evacuation Pause) 57M->47M(70M) 6.805ms
Dec 24 00:37:37 burnside uvmconsole: [3281171.882s][info][gc] GC(378776) Pause Young (Normal) (G1 Evacuation Pause) 56M->47M(70M) 5.825ms
Dec 24 00:38:03 burnside uvmconsole: [3281198.656s][info][gc] GC(378777) Pause Young (Normal) (G1 Evacuation Pause) 57M->48M(70M) 6.845ms
Dec 24 00:38:30 burnside uvmconsole: [3281224.851s][info][gc] GC(378778) Pause Young (Normal) (G1 Evacuation Pause) 58M->48M(70M) 9.484ms
Dec 24 00:39:02 burnside uvmconsole: [3281257.208s][info][gc] GC(378779) Pause Young (Normal) (G1 Evacuation Pause) 58M->48M(70M) 7.117ms
Dec 24 00:39:27 burnside uvmconsole: [3281282.501s][info][gc] GC(378780) Pause Young (Normal) (G1 Evacuation Pause) 58M->48M(70M) 6.652ms
Dec 24 00:40:01 burnside uvmconsole: [3281316.411s][info][gc] GC(378781) Pause Young (Normal) (G1 Evacuation Pause) 58M->48M(70M) 6.585ms
Dec 24 00:40:12 burnside uvmconsole: [3281327.687s][info][gc] GC(378782) Pause Young (Normal) (G1 Evacuation Pause) 58M->48M(70M) 7.713ms
Dec 24 00:40:54 burnside uvmconsole: [3281368.962s][info][gc] GC(378783) Pause Young (Normal) (G1 Evacuation Pause) 58M->48M(70M) 6.676ms
Dec 24 00:41:17 burnside uvmconsole: [3281391.986s][info][gc] GC(378784) Pause Young (Normal) (G1 Evacuation Pause) 58M->47M(70M) 6.342ms
Dec 24 00:41:43 burnside uvmconsole: [3281418.655s][info][gc] GC(378785) Pause Young (Normal) (G1 Evacuation Pause) 57M->48M(70M) 7.067ms
Dec 24 00:41:51 burnside uvmconsole: [3281426.001s][info][gc] GC(378786) Pause Full (System.gc()) 50M->47M(70M) 321.947ms
Dec 24 00:42:13 burnside uvmconsole: [3281448.651s][info][gc] GC(378787) Pause Young (Normal) (G1 Evacuation Pause) 57M->47M(70M) 5.976ms
Dec 24 00:42:40 burnside uvmconsole: [3281475.189s][info][gc] GC(378788) Pause Young (Normal) (G1 Evacuation Pause) 56M->47M(70M) 6.311ms
Dec 24 00:43:09 burnside uvmconsole: [3281504.470s][info][gc] GC(378789) Pause Young (Normal) (G1 Evacuation Pause) 57M->48M(70M) 6.573ms
Dec 24 00:43:41 burnside uvmconsole: [3281536.276s][info][gc] GC(378790) Pause Young (Normal) (G1 Evacuation Pause) 58M->47M(70M) 6.147ms
Dec 24 00:44:04 burnside uvmconsole: [3281558.895s][info][gc] GC(378791) Pause Young (Normal) (G1 Evacuation Pause) 57M->48M(70M) 6.433ms
Dec 24 00:44:40 burnside uvmconsole: [3281595.524s][info][gc] GC(378792) Pause Young (Normal) (G1 Evacuation Pause) 57M->48M(70M) 6.226ms
Dec 24 00:45:01 burnside uvmconsole: [3281615.830s][info][gc] GC(378793) Pause Young (Normal) (G1 Evacuation Pause) 57M->48M(70M) 6.420ms
Dec 24 00:45:21 burnside uvmconsole: [3281636.115s][info][gc] GC(378794) Pause Young (Normal) (G1 Evacuation Pause) 57M->47M(70M) 5.958ms
Dec 24 00:45:51 burnside uvmconsole: [3281666.343s][info][gc] GC(378795) Pause Young (Normal) (G1 Evacuation Pause) 56M->48M(70M) 6.405ms
Dec 24 00:46:06 burnside uvmconsole: [3281681.663s][info][gc] GC(378796) Pause Young (Normal) (G1 Evacuation Pause) 57M->48M(70M) 7.835ms
Dec 24 00:46:33 burnside uvmconsole: [3281708.656s][info][gc] GC(378797) Pause Young (Normal) (G1 Evacuation Pause) 57M->47M(70M) 6.619ms
Dec 24 00:46:51 burnside uvmconsole: [3281725.992s][info][gc] GC(378798) Pause Full (System.gc()) 51M->47M(70M) 313.285ms
Dec 24 00:47:21 burnside uvmconsole: [3281755.899s][info][gc] GC(378799) Pause Young (Normal) (G1 Evacuation Pause) 57M->47M(70M) 6.145ms
Dec 24 00:47:48 burnside uvmconsole: [3281782.867s][info][gc] GC(378800) Pause Young (Normal) (G1 Evacuation Pause) 56M->47M(70M) 5.688ms
Dec 24 00:48:12 burnside uvmconsole: [3281807.305s][info][gc] GC(378801) Pause Young (Normal) (G1 Evacuation Pause) 56M->47M(70M) 6.239ms
Dec 24 00:48:53 burnside uvmconsole: [3281848.639s][info][gc] GC(378802) Pause Young (Normal) (G1 Evacuation Pause) 57M->47M(70M) 6.263ms
Dec 24 00:49:11 burnside uvmconsole: [3281866.735s][info][gc] GC(378803) Pause Young (Normal) (G1 Evacuation Pause) 57M->47M(70M) 6.641ms
Dec 24 00:49:41 burnside uvmconsole: [3281896.261s][info][gc] GC(378804) Pause Young (Normal) (G1 Evacuation Pause) 57M->47M(70M) 6.303ms
Dec 24 00:50:04 burnside uvmconsole: [3281918.992s][info][gc] GC(378805) Pause Young (Normal) (G1 Evacuation Pause) 57M->47M(70M) 6.532ms
Dec 24 00:50:27 burnside uvmconsole: [3281942.586s][info][gc] GC(378806) Pause Young (Normal) (G1 Evacuation Pause) 56M->47M(70M) 6.409ms
Dec 24 00:50:54 burnside uvmconsole: [3281969.084s][info][gc] GC(378807) Pause Young (Normal) (G1 Evacuation Pause) 56M->47M(70M) 6.083ms
Dec 24 00:51:11 burnside uvmconsole: [3281986.039s][info][gc] GC(378808) Pause Young (Normal) (G1 Evacuation Pause) 56M->47M(70M) 7.212ms
Dec 24 00:51:37 burnside uvmconsole: [3282012.278s][info][gc] GC(378809) Pause Young (Normal) (G1 Evacuation Pause) 56M->47M(70M) 6.211ms
Dec 24 00:51:51 burnside uvmconsole: [3282025.997s][info][gc] GC(378810) Pause Full (System.gc()) 50M->47M(70M) 318.654ms
Dec 24 00:52:23 burnside uvmconsole: [3282058.655s][info][gc] GC(378811) Pause Young (Normal) (G1 Evacuation Pause) 58M->47M(70M) 6.283ms
Dec 24 00:53:00 burnside uvmconsole: [3282095.391s][info][gc] GC(378812) Pause Young (Normal) (G1 Evacuation Pause) 58M->47M(70M) 6.522ms
Dec 24 00:53:34 burnside uvmconsole: [3282128.999s][info][gc] GC(378813) Pause Young (Normal) (G1 Evacuation Pause) 58M->47M(70M) 6.132ms
Dec 24 00:54:06 burnside uvmconsole: [3282161.621s][info][gc] GC(378814) Pause Young (Normal) (G1 Evacuation Pause) 58M->47M(70M) 6.564ms
Dec 24 00:54:50 burnside uvmconsole: [3282205.558s][info][gc] GC(378815) Pause Young (Normal) (G1 Evacuation Pause) 58M->47M(70M) 7.242ms
Dec 24 00:55:07 burnside uvmconsole: [3282222.266s][info][gc] GC(378816) Pause Young (Normal) (G1 Evacuation Pause) 58M->47M(70M) 6.963ms
Dec 24 00:55:38 burnside uvmconsole: [3282252.821s][info][gc] GC(378817) Pause Young (Normal) (G1 Evacuation Pause) 58M->47M(70M) 6.604ms
Dec 24 00:56:08 burnside uvmconsole: [3282283.040s][info][gc] GC(378818) Pause Young (Normal) (G1 Evacuation Pause) 58M->47M(70M) 6.983ms
Dec 24 00:56:47 burnside uvmconsole: [3282322.039s][info][gc] GC(378819) Pause Young (Normal) (G1 Evacuation Pause) 58M->47M(70M) 6.230ms
Dec 24 00:56:51 burnside uvmconsole: [3282325.994s][info][gc] GC(378820) Pause Full (System.gc()) 48M->47M(70M) 315.674ms
Dec 24 00:57:25 burnside uvmconsole: [3282360.254s][info][gc] GC(378821) Pause Young (Normal) (G1 Evacuation Pause) 58M->47M(70M) 6.214ms
Dec 24 00:57:59 burnside uvmconsole: [3282394.192s][info][gc] GC(378822) Pause Young (Normal) (G1 Evacuation Pause) 57M->47M(70M) 9.125ms
Dec 24 00:58:28 burnside uvmconsole: [3282422.867s][info][gc] GC(378823) Pause Young (Normal) (G1 Evacuation Pause) 57M->47M(70M) 6.449ms
Dec 24 00:59:02 burnside uvmconsole: [3282457.273s][info][gc] GC(378824) Pause Young (Normal) (G1 Evacuation Pause) 57M->47M(70M) 6.578ms
Dec 24 00:59:24 burnside uvmconsole: [3282478.956s][info][gc] GC(378825) Pause Young (Normal) (G1 Evacuation Pause) 57M->47M(70M) 5.885ms
Dec 24 01:00:00 burnside uvmconsole: [3282514.785s][info][gc] GC(378826) Pause Young (Normal) (G1 Evacuation Pause) 57M->47M(70M) 6.211ms
Dec 24 01:00:13 burnside uvmconsole: [3282528.653s][info][gc] GC(378827) Pause Young (Normal) (G1 Evacuation Pause) 57M->47M(70M) 6.485ms
Dec 24 01:00:51 burnside uvmconsole: [3282566.127s][info][gc] GC(378828) Pause Young (Normal) (G1 Evacuation Pause) 57M->47M(70M) 6.570ms
Dec 24 01:01:12 burnside uvmconsole: [3282587.310s][info][gc] GC(378829) Pause Young (Normal) (G1 Evacuation Pause) 57M->47M(70M) 6.909ms
Dec 24 01:01:49 burnside uvmconsole: [3282624.669s][info][gc] GC(378830) Pause Young (Normal) (G1 Evacuation Pause) 57M->47M(70M) 6.293ms
Dec 24 01:01:51 burnside uvmconsole: [3282625.992s][info][gc] GC(378831) Pause Full (System.gc()) 48M->47M(70M) 313.550ms
Dec 24 01:02:15 burnside uvmconsole: [3282650.602s][info][gc] GC(378832) Pause Young (Normal) (G1 Evacuation Pause) 58M->47M(70M) 6.711ms
Dec 24 01:02:53 burnside uvmconsole: [3282688.654s][info][gc] GC(378833) Pause Young (Normal) (G1 Evacuation Pause) 58M->47M(70M) 6.351ms
Dec 24 01:03:23 burnside uvmconsole: [3282718.653s][info][gc] GC(378834) Pause Young (Normal) (G1 Evacuation Pause) 58M->47M(70M) 6.168ms
Dec 24 01:04:03 burnside uvmconsole: [3282758.637s][info][gc] GC(378835) Pause Young (Normal) (G1 Evacuation Pause) 58M->47M(70M) 6.048ms
Dec 24 01:04:35 burnside uvmconsole: [3282789.858s][info][gc] GC(378836) Pause Young (Normal) (G1 Evacuation Pause) 58M->47M(70M) 6.338ms
Dec 24 01:05:03 burnside uvmconsole: [3282818.703s][info][gc] GC(378837) Pause Young (Normal) (G1 Evacuation Pause) 58M->47M(70M) 7.914ms
Dec 24 01:05:29 burnside uvmconsole: [3282844.674s][info][gc] GC(378838) Pause Young (Normal) (G1 Evacuation Pause) 58M->47M(70M) 6.403ms
Dec 24 01:06:04 burnside uvmconsole: [3282879.460s][info][gc] GC(378839) Pause Young (Normal) (G1 Evacuation Pause) 58M->47M(70M) 6.601ms
Dec 24 01:06:37 burnside uvmconsole: [3282911.985s][info][gc] GC(378840) Pause Young (Normal) (G1 Evacuation Pause) 58M->47M(70M) 6.531ms
Dec 24 01:06:51 burnside uvmconsole: [3282926.002s][info][gc] GC(378841) Pause Full (System.gc()) 51M->47M(70M) 323.350ms
Dec 24 01:07:15 burnside uvmconsole: [3282950.470s][info][gc] GC(378842) Pause Young (Normal) (G1 Evacuation Pause) 58M->47M(70M) 6.624ms
Dec 24 01:07:45 burnside uvmconsole: [3282980.082s][info][gc] GC(378843) Pause Young (Normal) (G1 Evacuation Pause) 57M->47M(70M) 6.775ms
Dec 24 01:08:07 burnside uvmconsole: [3283001.846s][info][gc] GC(378844) Pause Young (Normal) (G1 Evacuation Pause) 57M->47M(70M) 6.443ms
Dec 24 01:08:46 burnside uvmconsole: [3283041.065s][info][gc] GC(378845) Pause Young (Normal) (G1 Evacuation Pause) 57M->47M(70M) 6.477ms
Dec 24 01:09:08 burnside uvmconsole: [3283063.180s][info][gc] GC(378846) Pause Young (Normal) (G1 Evacuation Pause) 57M->47M(70M) 6.385ms
Dec 24 01:09:49 burnside uvmconsole: [3283103.780s][info][gc] GC(378847) Pause Young (Normal) (G1 Evacuation Pause) 57M->47M(70M) 6.297ms
Dec 24 01:10:07 burnside uvmconsole: [3283122.140s][info][gc] GC(378848) Pause Young (Normal) (G1 Evacuation Pause) 57M->47M(70M) 6.277ms
Dec 24 01:10:39 burnside uvmconsole: [3283153.755s][info][gc] GC(378849) Pause Young (Normal) (G1 Evacuation Pause) 57M->47M(70M) 5.925ms
Dec 24 01:11:08 burnside uvmconsole: [3283182.863s][info][gc] GC(378850) Pause Young (Normal) (G1 Evacuation Pause) 57M->47M(70M) 6.423ms
Dec 24 01:11:29 burnside uvmconsole: [3283204.595s][info][gc] GC(378851) Pause Young (Normal) (G1 Evacuation Pause) 57M->47M(70M) 6.442ms
Dec 24 01:11:46 burnside uvmconsole: [3283221.022s][info][gc] GC(378852) Pause Young (Normal) (G1 Evacuation Pause) 57M->48M(70M) 9.192ms
Dec 24 01:11:51 burnside uvmconsole: [3283225.996s][info][gc] GC(378853) Pause Full (System.gc()) 55M->47M(70M) 317.382ms
Dec 24 01:12:07 burnside uvmconsole: [3283242.205s][info][gc] GC(378854) Pause Young (Normal) (G1 Evacuation Pause) 57M->48M(70M) 7.056ms
Dec 24 01:12:30 burnside uvmconsole: [3283264.835s][info][gc] GC(378855) Pause Young (Normal) (G1 Evacuation Pause) 57M->47M(70M) 6.492ms
Dec 24 01:12:59 burnside uvmconsole: [3283294.200s][info][gc] GC(378856) Pause Young (Normal) (G1 Evacuation Pause) 57M->47M(70M) 6.401ms
Dec 24 01:13:30 burnside uvmconsole: [3283324.955s][info][gc] GC(378857) Pause Young (Normal) (G1 Evacuation Pause) 57M->47M(70M) 6.546ms
Dec 24 01:14:00 burnside uvmconsole: [3283354.859s][info][gc] GC(378858) Pause Young (Normal) (G1 Evacuation Pause) 57M->47M(70M) 6.959ms
Dec 24 01:14:33 burnside uvmconsole: [3283388.652s][info][gc] GC(378859) Pause Young (Normal) (G1 Evacuation Pause) 57M->47M(70M) 6.709ms
Dec 24 01:15:00 burnside uvmconsole: [3283415.400s][info][gc] GC(378860) Pause Young (Normal) (G1 Evacuation Pause) 57M->48M(70M) 7.305ms
Dec 24 01:15:13 burnside uvmconsole: [3283428.094s][info][gc] GC(378861) Pause Young (Normal) (G1 Evacuation Pause) 58M->48M(70M) 7.028ms
Dec 24 01:15:47 burnside uvmconsole: [3283461.973s][info][gc] GC(378862) Pause Young (Normal) (G1 Evacuation Pause) 58M->47M(70M) 7.179ms
Dec 24 01:16:13 burnside uvmconsole: [3283488.652s][info][gc] GC(378863) Pause Young (Normal) (G1 Evacuation Pause) 57M->48M(70M) 6.779ms
Dec 24 01:16:47 burnside uvmconsole: [3283522.668s][info][gc] GC(378864) Pause Young (Normal) (G1 Evacuation Pause) 58M->47M(70M) 6.580ms
Dec 24 01:16:51 burnside uvmconsole: [3283525.991s][info][gc] GC(378865) Pause Full (System.gc()) 48M->47M(70M) 312.506ms
Dec 24 01:17:13 burnside uvmconsole: [3283548.680s][info][gc] GC(378866) Pause Young (Normal) (G1 Evacuation Pause) 57M->47M(70M) 6.225ms
Dec 24 01:17:58 burnside uvmconsole: [3283593.430s][info][gc] GC(378867) Pause Young (Normal) (G1 Evacuation Pause) 57M->47M(70M) 5.995ms
Dec 24 01:18:23 burnside uvmconsole: [3283618.150s][info][gc] GC(378868) Pause Young (Normal) (G1 Evacuation Pause) 57M->47M(70M) 6.101ms
Dec 24 01:18:59 burnside uvmconsole: [3283654.185s][info][gc] GC(378869) Pause Young (Normal) (G1 Evacuation Pause) 57M->47M(70M) 5.902ms
Dec 24 01:19:18 burnside uvmconsole: [3283673.750s][info][gc] GC(378870) Pause Young (Normal) (G1 Evacuation Pause) 57M->47M(70M) 6.274ms
Dec 24 01:19:58 burnside uvmconsole: [3283712.972s][info][gc] GC(378871) Pause Young (Normal) (G1 Evacuation Pause) 57M->47M(70M) 6.164ms
Dec 24 01:20:11 burnside uvmconsole: [3283725.915s][info][gc] GC(378872) Pause Young (Normal) (G1 Evacuation Pause) 57M->47M(70M) 6.629ms
Dec 24 01:20:45 burnside uvmconsole: [3283760.443s][info][gc] GC(378873) Pause Young (Normal) (G1 Evacuation Pause) 57M->47M(70M) 6.143ms
Dec 24 01:21:07 burnside uvmconsole: [3283782.366s][info][gc] GC(378874) Pause Young (Normal) (G1 Evacuation Pause) 57M->47M(70M) 6.716ms
Dec 24 01:21:46 burnside uvmconsole: [3283821.490s][info][gc] GC(378875) Pause Young (Normal) (G1 Evacuation Pause) 57M->47M(70M) 5.812ms
Dec 24 01:21:51 burnside uvmconsole: [3283825.988s][info][gc] GC(378876) Pause Full (System.gc()) 48M->47M(70M) 309.922ms
Dec 24 01:22:13 burnside uvmconsole: [3283848.655s][info][gc] GC(378877) Pause Young (Normal) (G1 Evacuation Pause) 57M->47M(70M) 6.338ms
Dec 24 01:22:55 burnside uvmconsole: [3283890.602s][info][gc] GC(378878) Pause Young (Normal) (G1 Evacuation Pause) 57M->47M(70M) 6.002ms
Dec 24 01:23:16 burnside uvmconsole: [3283911.061s][info][gc] GC(378879) Pause Young (Normal) (G1 Evacuation Pause) 57M->47M(70M) 6.872ms
Dec 24 01:24:00 burnside uvmconsole: [3283954.968s][info][gc] GC(378880) Pause Young (Normal) (G1 Evacuation Pause) 57M->47M(70M) 6.137ms
Dec 24 01:24:26 burnside uvmconsole: [3283981.588s][info][gc] GC(378881) Pause Young (Normal) (G1 Evacuation Pause) 57M->47M(70M) 6.102ms
Dec 24 01:25:00 burnside uvmconsole: [3284014.787s][info][gc] GC(378882) Pause Young (Normal) (G1 Evacuation Pause) 57M->47M(70M) 7.993ms
Dec 24 01:25:13 burnside uvmconsole: [3284027.999s][info][gc] GC(378883) Pause Young (Normal) (G1 Evacuation Pause) 57M->47M(70M) 6.341ms
Dec 24 01:25:47 burnside uvmconsole: [3284062.451s][info][gc] GC(378884) Pause Young (Normal) (G1 Evacuation Pause) 57M->47M(70M) 6.749ms
Dec 24 01:26:09 burnside uvmconsole: [3284084.226s][info][gc] GC(378885) Pause Young (Normal) (G1 Evacuation Pause) 56M->47M(70M) 6.489ms
Dec 24 01:26:33 burnside uvmconsole: [3284108.655s][info][gc] GC(378886) Pause Young (Normal) (G1 Evacuation Pause) 56M->47M(70M) 6.661ms
Dec 24 01:26:51 burnside uvmconsole: [3284125.990s][info][gc] GC(378887) Pause Full (System.gc()) 51M->47M(70M) 311.957ms
Dec 24 01:27:18 burnside uvmconsole: [3284153.522s][info][gc] GC(378888) Pause Young (Normal) (G1 Evacuation Pause) 57M->47M(70M) 6.083ms
Dec 24 01:27:34 burnside uvmconsole: [3284169.038s][info][gc] GC(378889) Pause Young (Normal) (G1 Evacuation Pause) 56M->47M(70M) 6.840ms
Dec 24 01:27:35 burnside uvmconsole: [3284170.432s][info][gc] GC(378890) Pause Young (Normal) (G1 Evacuation Pause) 56M->47M(70M) 5.605ms
Dec 24 01:27:39 burnside uvmconsole: [3284174.262s][info][gc] GC(378891) Pause Young (Normal) (G1 Evacuation Pause) 56M->47M(70M) 5.773ms
Dec 24 01:28:09 burnside uvmconsole: [3284203.819s][info][gc] GC(378892) Pause Young (Normal) (G1 Evacuation Pause) 56M->47M(70M) 6.273ms
Dec 24 01:28:29 burnside uvmconsole: [3284224.508s][info][gc] GC(378893) Pause Young (Normal) (G1 Evacuation Pause) 56M->47M(70M) 6.187ms
Dec 24 01:29:02 burnside uvmconsole: [3284257.203s][info][gc] GC(378894) Pause Young (Normal) (G1 Evacuation Pause) 56M->47M(70M) 6.524ms
Dec 24 01:29:20 burnside uvmconsole: [3284274.997s][info][gc] GC(378895) Pause Young (Normal) (G1 Evacuation Pause) 56M->47M(70M) 6.997ms
Dec 24 01:29:58 burnside uvmconsole: [3284313.235s][info][gc] GC(378896) Pause Young (Normal) (G1 Evacuation Pause) 56M->47M(70M) 6.258ms
Dec 24 01:30:10 burnside uvmconsole: [3284325.564s][info][gc] GC(378897) Pause Young (Normal) (G1 Evacuation Pause) 56M->47M(70M) 6.125ms
Dec 24 01:30:40 burnside uvmconsole: [3284355.529s][info][gc] GC(378898) Pause Young (Normal) (G1 Evacuation Pause) 56M->47M(70M) 6.616ms
Dec 24 01:31:01 burnside uvmconsole: [3284376.025s][info][gc] GC(378899) Pause Young (Normal) (G1 Evacuation Pause) 56M->47M(70M) 6.727ms
Dec 24 01:31:17 burnside uvmconsole: [3284392.296s][info][gc] GC(378900) Pause Young (Normal) (G1 Evacuation Pause) 56M->47M(70M) 6.686ms
Dec 24 01:31:51 burnside uvmconsole: [3284425.991s][info][gc] GC(378901) Pause Full (System.gc()) 56M->47M(70M) 311.782ms
Dec 24 01:32:14 burnside uvmconsole: [3284448.800s][info][gc] GC(378902) Pause Young (Normal) (G1 Evacuation Pause) 57M->47M(70M) 6.199ms
Dec 24 01:32:53 burnside uvmconsole: [3284487.827s][info][gc] GC(378903) Pause Young (Normal) (G1 Evacuation Pause) 57M->47M(70M) 5.695ms
Dec 24 01:33:20 burnside uvmconsole: [3284514.836s][info][gc] GC(378904) Pause Young (Normal) (G1 Evacuation Pause) 57M->47M(70M) 6.365ms
Dec 24 01:33:59 burnside uvmconsole: [3284554.186s][info][gc] GC(378905) Pause Young (Normal) (G1 Evacuation Pause) 57M->47M(70M) 6.979ms
Dec 24 01:34:23 burnside uvmconsole: [3284578.140s][info][gc] GC(378906) Pause Young (Normal) (G1 Evacuation Pause) 57M->47M(70M) 8.732ms
Dec 24 01:34:56 burnside uvmconsole: [3284611.662s][info][gc] GC(378907) Pause Young (Normal) (G1 Evacuation Pause) 57M->47M(70M) 6.820ms
Dec 24 01:35:08 burnside uvmconsole: [3284622.772s][info][gc] GC(378908) Pause Young (Normal) (G1 Evacuation Pause) 57M->47M(70M) 6.658ms
Dec 24 01:35:43 burnside uvmconsole: [3284658.651s][info][gc] GC(378909) Pause Young (Normal) (G1 Evacuation Pause) 57M->47M(70M) 6.263ms
Dec 24 01:36:04 burnside uvmconsole: [3284679.358s][info][gc] GC(378910) Pause Young (Normal) (G1 Evacuation Pause) 57M->47M(70M) 6.325ms
Dec 24 01:36:35 burnside uvmconsole: [3284709.865s][info][gc] GC(378911) Pause Young (Normal) (G1 Evacuation Pause) 57M->47M(70M) 6.112ms
Dec 24 01:36:51 burnside uvmconsole: [3284725.992s][info][gc] GC(378912) Pause Full (System.gc()) 50M->47M(70M) 312.851ms
Dec 24 01:37:23 burnside uvmconsole: [3284758.653s][info][gc] GC(378913) Pause Young (Normal) (G1 Evacuation Pause) 58M->47M(70M) 6.205ms
Dec 24 01:37:55 burnside uvmconsole: [3284790.501s][info][gc] GC(378914) Pause Young (Normal) (G1 Evacuation Pause) 57M->47M(70M) 6.446ms
Dec 24 01:38:22 burnside uvmconsole: [3284816.835s][info][gc] GC(378915) Pause Young (Normal) (G1 Evacuation Pause) 57M->47M(70M) 6.201ms
Dec 24 01:38:59 burnside uvmconsole: [3284854.187s][info][gc] GC(378916) Pause Young (Normal) (G1 Evacuation Pause) 57M->47M(70M) 6.556ms
Dec 24 01:39:18 burnside uvmconsole: [3284872.842s][info][gc] GC(378917) Pause Young (Normal) (G1 Evacuation Pause) 57M->47M(70M) 6.857ms
Dec 24 01:39:58 burnside uvmconsole: [3284912.991s][info][gc] GC(378918) Pause Young (Normal) (G1 Evacuation Pause) 57M->47M(70M) 6.511ms
Dec 24 01:40:13 burnside uvmconsole: [3284928.656s][info][gc] GC(378919) Pause Young (Normal) (G1 Evacuation Pause) 57M->47M(70M) 7.068ms
Dec 24 01:40:43 burnside uvmconsole: [3284958.656s][info][gc] GC(378920) Pause Young (Normal) (G1 Evacuation Pause) 57M->47M(70M) 6.466ms
Dec 24 01:41:07 burnside uvmconsole: [3284982.699s][info][gc] GC(378921) Pause Young (Normal) (G1 Evacuation Pause) 57M->47M(70M) 10.846ms
Dec 24 01:41:38 burnside uvmconsole: [3285013.164s][info][gc] GC(378922) Pause Young (Normal) (G1 Evacuation Pause) 57M->47M(70M) 6.172ms
Dec 24 01:41:51 burnside uvmconsole: [3285025.987s][info][gc] GC(378923) Pause Full (System.gc()) 51M->47M(70M) 308.245ms
Dec 24 01:42:22 burnside uvmconsole: [3285056.948s][info][gc] GC(378924) Pause Young (Normal) (G1 Evacuation Pause) 58M->47M(70M) 6.087ms
Dec 24 01:42:47 burnside uvmconsole: [3285082.302s][info][gc] GC(378925) Pause Young (Normal) (G1 Evacuation Pause) 57M->47M(70M) 5.888ms
Dec 24 01:43:18 burnside uvmconsole: [3285113.123s][info][gc] GC(378926) Pause Young (Normal) (G1 Evacuation Pause) 57M->47M(70M) 6.431ms
Dec 24 01:43:59 burnside uvmconsole: [3285154.610s][info][gc] GC(378927) Pause Young (Normal) (G1 Evacuation Pause) 57M->47M(70M) 6.072ms
Dec 24 01:44:23 burnside uvmconsole: [3285178.652s][info][gc] GC(378928) Pause Young (Normal) (G1 Evacuation Pause) 57M->47M(70M) 6.282ms
Dec 24 01:45:00 burnside uvmconsole: [3285214.996s][info][gc] GC(378929) Pause Young (Normal) (G1 Evacuation Pause) 57M->47M(70M) 6.191ms
Dec 24 01:45:05 burnside uvmconsole: [3285220.169s][info][gc] GC(378930) Pause Young (Normal) (G1 Evacuation Pause) 57M->47M(70M) 8.151ms
Dec 24 01:45:35 burnside uvmconsole: [3285250.517s][info][gc] GC(378931) Pause Young (Normal) (G1 Evacuation Pause) 57M->47M(70M) 9.316ms
Dec 24 01:46:01 burnside uvmconsole: [3285275.874s][info][gc] GC(378932) Pause Young (Normal) (G1 Evacuation Pause) 57M->47M(70M) 7.962ms
Dec 24 01:46:18 burnside uvmconsole: [3285293.613s][info][gc] GC(378933) Pause Young (Normal) (G1 Evacuation Pause) 57M->47M(70M) 6.707ms
Dec 24 01:46:51 burnside uvmconsole: [3285326.083s][info][gc] GC(378934) Pause Full (System.gc()) 56M->47M(70M) 404.406ms
Dec 24 01:46:56 burnside uvmconsole: [3285331.232s][info][gc] GC(378935) Pause Full (System.gc()) 49M->47M(70M) 399.221ms
Dec 24 01:47:04 burnside uvmconsole: Starting ChromeDriver 83.0.4103.116 (8f0c18b4dca9b6699eb629be0f51810c24fb6428-refs/branch-heads/4103@{#716}) on port 51142
Dec 24 01:47:04 burnside uvmconsole: Only local connections are allowed.
Dec 24 01:47:04 burnside uvmconsole: Please see https://chromedriver.chromium.org/security-considerations for suggestions on keeping ChromeDriver safe.
Dec 24 01:47:04 burnside uvmconsole: ChromeDriver was started successfully.
Dec 24 01:47:09 burnside uvmconsole: Dec 24, 2020 1:47:09 AM org.openqa.selenium.remote.ProtocolHandshake createSession
Dec 24 01:47:09 burnside uvmconsole: INFO: Detected dialect: W3C
Dec 24 01:47:10 burnside uvmconsole: [3285345.609s][info][gc] GC(378936) Pause Young (Normal) (G1 Evacuation Pause) 58M->48M(70M) 9.195ms
Dec 24 01:47:20 burnside uvmconsole: [3285355.639s][info][gc] GC(378937) Pause Young (Normal) (G1 Evacuation Pause) 57M->48M(70M) 12.445ms
Dec 24 01:47:33 burnside uvmconsole: [3285368.241s][info][gc] GC(378938) Pause Young (Normal) (G1 Evacuation Pause) 57M->48M(70M) 14.879ms
Dec 24 01:47:50 burnside uvmconsole: [3285384.894s][info][gc] GC(378939) Pause Young (Normal) (G1 Evacuation Pause) 57M->48M(70M) 5.614ms
Dec 24 01:47:57 burnside uvmconsole: [3285392.205s][info][gc] GC(378940) Pause Young (Normal) (G1 Evacuation Pause) 57M->48M(70M) 10.383ms
Dec 24 01:48:05 burnside uvmconsole: [3285400.166s][info][gc] GC(378941) Pause Young (Normal) (G1 Evacuation Pause) 56M->48M(70M) 5.957ms
Dec 24 01:48:17 burnside uvmconsole: [3285411.790s][info][gc] GC(378942) Pause Young (Normal) (G1 Evacuation Pause) 57M->48M(70M) 26.752ms
Dec 24 01:48:20 burnside uvmconsole: [3285414.831s][info][gc] GC(378943) Pause Young (Normal) (G1 Evacuation Pause) 57M->48M(70M) 7.834ms
Dec 24 01:48:28 burnside uvmconsole: [3285423.677s][info][gc] GC(378944) Pause Young (Normal) (G1 Evacuation Pause) 57M->48M(70M) 5.274ms
Dec 24 01:48:36 burnside uvmconsole: [3285431.157s][info][gc] GC(378945) Pause Young (Normal) (G1 Evacuation Pause) 57M->49M(70M) 11.061ms
Dec 24 01:48:38 burnside uvmconsole: [3285433.397s][info][gc] GC(378946) Pause Young (Normal) (G1 Evacuation Pause) 57M->48M(70M) 5.978ms
Dec 24 01:48:52 burnside uvmconsole: [3285447.195s][info][gc] GC(378947) Pause Young (Normal) (G1 Evacuation Pause) 57M->48M(70M) 5.599ms
Dec 24 01:48:55 burnside uvmconsole: [3285450.459s][info][gc] GC(378948) Pause Young (Normal) (G1 Evacuation Pause) 57M->48M(70M) 5.704ms
Dec 24 01:49:05 burnside uvmconsole: [3285460.388s][info][gc] GC(378949) Pause Young (Normal) (G1 Evacuation Pause) 57M->48M(70M) 5.889ms
Dec 24 01:49:11 burnside uvmconsole: [3285465.834s][info][gc] GC(378950) Pause Young (Normal) (G1 Evacuation Pause) 57M->49M(70M) 9.397ms
Dec 24 01:49:20 burnside uvmconsole: [3285475.733s][info][gc] GC(378951) Pause Young (Normal) (G1 Evacuation Pause) 57M->48M(70M) 5.862ms
Dec 24 01:49:28 burnside uvmconsole: [3285482.997s][info][gc] GC(378952) Pause Young (Normal) (G1 Evacuation Pause) 57M->49M(70M) 8.880ms
Dec 24 01:49:38 burnside uvmconsole: [3285492.896s][info][gc] GC(378953) Pause Young (Normal) (G1 Evacuation Pause) 57M->48M(70M) 5.714ms
Dec 24 01:49:46 burnside uvmconsole: [3285501.352s][info][gc] GC(378954) Pause Young (Normal) (G1 Evacuation Pause) 57M->49M(70M) 12.708ms
Dec 24 01:49:48 burnside uvmconsole: [3285503.448s][info][gc] GC(378955) Pause Young (Normal) (G1 Evacuation Pause) 57M->48M(70M) 5.175ms
Dec 24 01:50:00 burnside uvmconsole: [3285515.667s][info][gc] GC(378956) Pause Young (Normal) (G1 Evacuation Pause) 56M->48M(70M) 7.533ms
Dec 24 01:50:05 burnside uvmconsole: [3285520.300s][info][gc] GC(378957) Pause Young (Normal) (G1 Evacuation Pause) 56M->49M(70M) 8.950ms
Dec 24 01:50:05 burnside uvmconsole: [3285520.413s][info][gc] GC(378958) Pause Young (Normal) (G1 Evacuation Pause) 57M->50M(70M) 10.905ms
Dec 24 01:50:05 burnside uvmconsole: [3285520.451s][info][gc] GC(378959) Pause Young (Normal) (G1 Evacuation Pause) 59M->49M(70M) 6.458ms
Dec 24 01:50:11 burnside uvmconsole: [3285526.224s][info][gc] GC(378960) Pause Young (Normal) (G1 Evacuation Pause) 56M->49M(70M) 5.302ms
Dec 24 01:50:23 burnside uvmconsole: [3285537.874s][info][gc] GC(378961) Pause Young (Concurrent Start) (G1 Evacuation Pause) 56M->50M(70M) 11.718ms
Dec 24 01:50:23 burnside uvmconsole: [3285537.875s][info][gc] GC(378962) Concurrent Cycle
Dec 24 01:50:23 burnside uvmconsole: [3285538.268s][info][gc] GC(378962) Pause Remark 50M->49M(70M) 48.217ms
Dec 24 01:50:23 burnside uvmconsole: [3285538.466s][info][gc] GC(378962) Pause Cleanup 49M->49M(70M) 0.563ms
Dec 24 01:50:23 burnside uvmconsole: [3285538.467s][info][gc] GC(378962) Concurrent Cycle 592.773ms
Dec 24 01:50:27 burnside uvmconsole: [3285542.258s][info][gc] GC(378963) Pause Young (Normal) (G1 Evacuation Pause) 55M->50M(70M) 15.041ms
Dec 24 01:50:30 burnside uvmconsole: [3285544.945s][info][gc] GC(378964) Pause Young (Concurrent Start) (G1 Evacuation Pause) 56M->50M(70M) 12.169ms
Dec 24 01:50:30 burnside uvmconsole: [3285544.946s][info][gc] GC(378965) Concurrent Cycle
Dec 24 01:50:30 burnside uvmconsole: [3285545.398s][info][gc] GC(378965) Pause Remark 51M->51M(70M) 42.748ms
Dec 24 01:50:30 burnside uvmconsole: [3285545.596s][info][gc] GC(378965) Pause Cleanup 51M->51M(70M) 0.490ms
Dec 24 01:50:30 burnside uvmconsole: [3285545.598s][info][gc] GC(378965) Concurrent Cycle 651.564ms
Dec 24 01:50:36 burnside uvmconsole: [3285551.718s][info][gc] GC(378966) Pause Young (Normal) (G1 Evacuation Pause) 55M->50M(70M) 10.025ms
Dec 24 01:50:45 burnside uvmconsole: [3285560.255s][info][gc] GC(378967) Pause Young (Concurrent Start) (G1 Evacuation Pause) 56M->50M(70M) 11.187ms
Dec 24 01:50:45 burnside uvmconsole: [3285560.256s][info][gc] GC(378968) Concurrent Cycle
Dec 24 01:50:45 burnside uvmconsole: [3285560.710s][info][gc] GC(378968) Pause Remark 56M->56M(70M) 54.058ms
Dec 24 01:50:46 burnside uvmconsole: [3285560.926s][info][gc] GC(378968) Pause Cleanup 56M->56M(70M) 0.591ms
Dec 24 01:50:46 burnside uvmconsole: [3285560.928s][info][gc] GC(378968) Concurrent Cycle 672.437ms
Dec 24 01:50:47 burnside uvmconsole: [3285561.856s][info][gc] GC(378969) Pause Young (Normal) (G1 Evacuation Pause) 56M->50M(70M) 11.402ms
Dec 24 01:50:57 burnside uvmconsole: [3285572.643s][info][gc] GC(378970) Pause Young (Concurrent Start) (G1 Evacuation Pause) 56M->50M(70M) 8.861ms
Dec 24 01:50:57 burnside uvmconsole: [3285572.644s][info][gc] GC(378971) Concurrent Cycle
Dec 24 01:50:58 burnside uvmconsole: [3285573.026s][info][gc] GC(378971) Pause Remark 50M->50M(70M) 41.627ms
Dec 24 01:50:58 burnside uvmconsole: [3285573.244s][info][gc] GC(378971) Pause Cleanup 51M->51M(70M) 0.862ms
Dec 24 01:50:58 burnside uvmconsole: [3285573.247s][info][gc] GC(378971) Concurrent Cycle 603.684ms
Dec 24 01:51:03 burnside uvmconsole: [3285577.995s][info][gc] GC(378972) Pause Young (Normal) (G1 Evacuation Pause) 56M->50M(70M) 11.958ms
Dec 24 01:51:03 burnside uvmconsole: [3285578.638s][info][gc] GC(378973) Pause Young (Concurrent Start) (G1 Evacuation Pause) 56M->51M(70M) 28.085ms
Dec 24 01:51:03 burnside uvmconsole: [3285578.639s][info][gc] GC(378974) Concurrent Cycle
Dec 24 01:51:04 burnside uvmconsole: [3285579.086s][info][gc] GC(378974) Pause Remark 52M->52M(70M) 65.475ms
Dec 24 01:51:04 burnside uvmconsole: [3285579.297s][info][gc] GC(378974) Pause Cleanup 52M->52M(70M) 0.650ms
Dec 24 01:51:04 burnside uvmconsole: [3285579.298s][info][gc] GC(378974) Concurrent Cycle 659.856ms
Dec 24 01:51:11 burnside uvmconsole: [3285585.830s][info][gc] GC(378975) Pause Young (Prepare Mixed) (G1 Evacuation Pause) 57M->50M(70M) 7.790ms
Dec 24 01:51:13 burnside uvmconsole: [3285588.343s][info][gc] GC(378976) Pause Young (Mixed) (G1 Evacuation Pause) 52M->50M(70M) 5.800ms
Dec 24 01:51:23 burnside uvmconsole: [3285598.666s][info][gc] GC(378977) Pause Young (Concurrent Start) (G1 Evacuation Pause) 57M->50M(70M) 16.548ms
Dec 24 01:51:23 burnside uvmconsole: [3285598.669s][info][gc] GC(378978) Concurrent Cycle
Dec 24 01:51:24 burnside uvmconsole: [3285599.091s][info][gc] GC(378978) Pause Remark 51M->51M(70M) 62.980ms
Dec 24 01:51:24 burnside uvmconsole: [3285599.302s][info][gc] GC(378978) Pause Cleanup 51M->51M(70M) 0.537ms
Dec 24 01:51:24 burnside uvmconsole: [3285599.304s][info][gc] GC(378978) Concurrent Cycle 635.074ms
Dec 24 01:51:29 burnside uvmconsole: [3285603.845s][info][gc] GC(378979) Pause Young (Normal) (G1 Evacuation Pause) 57M->51M(70M) 20.361ms
Dec 24 01:51:33 burnside uvmconsole: [3285607.780s][info][gc] GC(378980) Pause Young (Concurrent Start) (G1 Evacuation Pause) 58M->51M(70M) 9.014ms
Dec 24 01:51:33 burnside uvmconsole: [3285607.781s][info][gc] GC(378981) Concurrent Cycle
Dec 24 01:51:33 burnside uvmconsole: [3285608.082s][info][gc] GC(378982) Pause Young (Normal) (G1 Evacuation Pause) 58M->51M(70M) 9.712ms
Dec 24 01:51:33 burnside uvmconsole: [3285608.241s][info][gc] GC(378981) Pause Remark 51M->51M(70M) 43.665ms
Dec 24 01:51:33 burnside uvmconsole: [3285608.439s][info][gc] GC(378981) Pause Cleanup 51M->51M(70M) 0.483ms
Dec 24 01:51:33 burnside uvmconsole: [3285608.440s][info][gc] GC(378981) Concurrent Cycle 659.034ms
Dec 24 01:51:47 burnside uvmconsole: [3285621.991s][info][gc] GC(378983) Pause Young (Normal) (G1 Evacuation Pause) 58M->51M(70M) 10.302ms
Dec 24 01:51:50 burnside uvmconsole: [3285625.672s][info][gc] GC(378984) Pause Young (Concurrent Start) (G1 Evacuation Pause) 58M->52M(70M) 14.046ms
Dec 24 01:51:50 burnside uvmconsole: [3285625.672s][info][gc] GC(378985) Concurrent Cycle
Dec 24 01:51:51 burnside uvmconsole: [3285626.024s][info][gc] GC(378986) Pause Full (System.gc()) 52M->48M(70M) 341.787ms
Dec 24 01:51:51 burnside uvmconsole: [3285626.025s][info][gc] GC(378985) Concurrent Cycle 352.337ms
Dec 24 01:52:01 burnside uvmconsole: [3285636.700s][info][gc] GC(378987) Pause Young (Normal) (G1 Evacuation Pause) 57M->50M(70M) 7.182ms
Dec 24 01:52:09 burnside uvmconsole: [3285643.903s][info][gc] GC(378988) Pause Young (Concurrent Start) (G1 Evacuation Pause) 57M->50M(70M) 12.642ms
Dec 24 01:52:09 burnside uvmconsole: [3285643.904s][info][gc] GC(378989) Concurrent Cycle
Dec 24 01:52:09 burnside uvmconsole: [3285644.340s][info][gc] GC(378989) Pause Remark 51M->50M(70M) 49.546ms
Dec 24 01:52:09 burnside uvmconsole: [3285644.572s][info][gc] GC(378989) Pause Cleanup 51M->51M(70M) 0.506ms
Dec 24 01:52:09 burnside uvmconsole: [3285644.574s][info][gc] GC(378989) Concurrent Cycle 669.731ms
Dec 24 01:52:10 burnside uvmconsole: [3285645.270s][info][gc] GC(378990) Pause Young (Normal) (G1 Evacuation Pause) 55M->50M(70M) 12.661ms
Dec 24 01:52:16 burnside uvmconsole: [3285651.225s][info][gc] GC(378991) Pause Young (Concurrent Start) (G1 Evacuation Pause) 56M->50M(70M) 7.167ms
Dec 24 01:52:16 burnside uvmconsole: [3285651.225s][info][gc] GC(378992) Concurrent Cycle
Dec 24 01:52:16 burnside uvmconsole: [3285651.604s][info][gc] GC(378992) Pause Remark 50M->50M(70M) 41.379ms
Dec 24 01:52:17 burnside uvmconsole: [3285651.797s][info][gc] GC(378992) Pause Cleanup 50M->50M(70M) 0.433ms
Dec 24 01:52:17 burnside uvmconsole: [3285651.798s][info][gc] GC(378992) Concurrent Cycle 573.077ms
Dec 24 01:52:27 burnside uvmconsole: [3285662.397s][info][gc] GC(378993) Pause Young (Normal) (G1 Evacuation Pause) 56M->50M(70M) 11.308ms
Dec 24 01:52:33 burnside uvmconsole: [3285667.931s][info][gc] GC(378994) Pause Young (Concurrent Start) (G1 Evacuation Pause) 57M->50M(70M) 12.231ms
Dec 24 01:52:33 burnside uvmconsole: [3285667.932s][info][gc] GC(378995) Concurrent Cycle
Dec 24 01:52:33 burnside uvmconsole: [3285668.461s][info][gc] GC(378995) Pause Remark 54M->54M(70M) 75.772ms
Dec 24 01:52:33 burnside uvmconsole: [3285668.737s][info][gc] GC(378995) Pause Cleanup 55M->55M(70M) 1.281ms
Dec 24 01:52:33 burnside uvmconsole: [3285668.739s][info][gc] GC(378995) Concurrent Cycle 807.434ms
Dec 24 01:52:36 burnside uvmconsole: [3285670.895s][info][gc] GC(378996) Pause Young (Normal) (G1 Evacuation Pause) 57M->50M(70M) 10.248ms
Dec 24 01:52:46 burnside uvmconsole: [3285681.386s][info][gc] GC(378997) Pause Young (Concurrent Start) (G1 Evacuation Pause) 57M->50M(70M) 7.238ms
Dec 24 01:52:46 burnside uvmconsole: [3285681.387s][info][gc] GC(378998) Concurrent Cycle
Dec 24 01:52:47 burnside uvmconsole: [3285681.777s][info][gc] GC(378998) Pause Remark 50M->50M(70M) 42.040ms
Dec 24 01:52:47 burnside uvmconsole: [3285681.976s][info][gc] GC(378998) Pause Cleanup 50M->50M(70M) 0.582ms
Dec 24 01:52:47 burnside uvmconsole: [3285681.979s][info][gc] GC(378998) Concurrent Cycle 591.739ms
Dec 24 01:53:06 burnside uvmconsole: [3285701.554s][info][gc] GC(378999) Pause Young (Normal) (G1 Evacuation Pause) 57M->50M(70M) 12.560ms
Dec 24 01:53:11 burnside uvmconsole: [3285706.345s][info][gc] GC(379000) Pause Young (Concurrent Start) (G1 Evacuation Pause) 57M->50M(70M) 10.944ms
Dec 24 01:53:11 burnside uvmconsole: [3285706.346s][info][gc] GC(379001) Concurrent Cycle
Dec 24 01:53:12 burnside uvmconsole: [3285706.790s][info][gc] GC(379001) Pause Remark 55M->55M(70M) 61.247ms
Dec 24 01:53:12 burnside uvmconsole: [3285706.994s][info][gc] GC(379001) Pause Cleanup 55M->55M(70M) 0.490ms
Dec 24 01:53:12 burnside uvmconsole: [3285706.995s][info][gc] GC(379001) Concurrent Cycle 649.600ms
Dec 24 01:53:13 burnside uvmconsole: [3285708.658s][info][gc] GC(379002) Pause Young (Normal) (G1 Evacuation Pause) 57M->50M(70M) 8.669ms
Dec 24 01:53:28 burnside uvmconsole: [3285723.020s][info][gc] GC(379003) Pause Young (Concurrent Start) (G1 Evacuation Pause) 57M->50M(70M) 8.416ms
Dec 24 01:53:28 burnside uvmconsole: [3285723.020s][info][gc] GC(379004) Concurrent Cycle
Dec 24 01:53:28 burnside uvmconsole: [3285723.444s][info][gc] GC(379004) Pause Remark 50M->50M(70M) 54.878ms
Dec 24 01:53:28 burnside uvmconsole: [3285723.648s][info][gc] GC(379004) Pause Cleanup 50M->50M(70M) 0.597ms
Dec 24 01:53:28 burnside uvmconsole: [3285723.650s][info][gc] GC(379004) Concurrent Cycle 630.120ms
Dec 24 01:53:29 burnside uvmconsole: [3285724.206s][info][gc] GC(379005) Pause Young (Normal) (G1 Evacuation Pause) 57M->51M(70M) 13.202ms
Dec 24 01:53:31 burnside uvmconsole: [3285726.293s][info][gc] GC(379006) Pause Young (Concurrent Start) (G1 Evacuation Pause) 58M->51M(70M) 8.943ms
Dec 24 01:53:31 burnside uvmconsole: [3285726.294s][info][gc] GC(379007) Concurrent Cycle
Dec 24 01:53:32 burnside uvmconsole: [3285726.758s][info][gc] GC(379007) Pause Remark 51M->51M(70M) 40.598ms
Dec 24 01:53:32 burnside uvmconsole: [3285726.952s][info][gc] GC(379007) Pause Cleanup 51M->51M(70M) 0.480ms
Dec 24 01:53:32 burnside uvmconsole: [3285726.954s][info][gc] GC(379007) Concurrent Cycle 659.406ms
Dec 24 01:53:41 burnside uvmconsole: [3285736.636s][info][gc] GC(379008) Pause Young (Prepare Mixed) (G1 Evacuation Pause) 57M->50M(70M) 7.828ms
Dec 24 01:53:44 burnside uvmconsole: [3285739.672s][info][gc] GC(379009) Pause Young (Mixed) (G1 Evacuation Pause) 52M->50M(70M) 8.496ms
Dec 24 01:53:48 burnside uvmconsole: [3285742.787s][info][gc] GC(379010) Pause Young (Concurrent Start) (G1 Evacuation Pause) 57M->50M(70M) 16.261ms
Dec 24 01:53:48 burnside uvmconsole: [3285742.790s][info][gc] GC(379011) Concurrent Cycle
Dec 24 01:53:48 burnside uvmconsole: [3285743.201s][info][gc] GC(379011) Pause Remark 50M->50M(70M) 41.618ms
Dec 24 01:53:48 burnside uvmconsole: [3285743.393s][info][gc] GC(379011) Pause Cleanup 50M->50M(70M) 0.483ms
Dec 24 01:53:48 burnside uvmconsole: [3285743.395s][info][gc] GC(379011) Concurrent Cycle 604.796ms
Dec 24 01:53:59 burnside uvmconsole: [3285754.187s][info][gc] GC(379012) Pause Young (Normal) (G1 Evacuation Pause) 57M->50M(70M) 7.474ms
Dec 24 01:53:59 burnside uvmconsole: [3285754.593s][info][gc] GC(379013) Pause Young (Concurrent Start) (G1 Evacuation Pause) 58M->50M(70M) 7.989ms
Dec 24 01:53:59 burnside uvmconsole: [3285754.593s][info][gc] GC(379014) Concurrent Cycle
Dec 24 01:54:00 burnside uvmconsole: [3285755.020s][info][gc] GC(379014) Pause Remark 53M->53M(70M) 43.543ms
Dec 24 01:54:00 burnside uvmconsole: [3285755.236s][info][gc] GC(379014) Pause Cleanup 54M->54M(70M) 0.507ms
Dec 24 01:54:00 burnside uvmconsole: [3285755.238s][info][gc] GC(379014) Concurrent Cycle 645.008ms
Dec 24 01:54:08 burnside uvmconsole: [3285763.325s][info][gc] GC(379015) Pause Young (Normal) (G1 Evacuation Pause) 58M->50M(70M) 8.023ms
Dec 24 01:54:33 burnside uvmconsole: [3285788.626s][info][gc] GC(379016) Pause Young (Concurrent Start) (G1 Evacuation Pause) 58M->50M(70M) 8.649ms
Dec 24 01:54:33 burnside uvmconsole: [3285788.626s][info][gc] GC(379017) Concurrent Cycle
Dec 24 01:54:34 burnside uvmconsole: [3285789.005s][info][gc] GC(379017) Pause Remark 51M->51M(70M) 42.124ms
Dec 24 01:54:34 burnside uvmconsole: [3285789.199s][info][gc] GC(379017) Pause Cleanup 51M->51M(70M) 0.473ms
Dec 24 01:54:34 burnside uvmconsole: [3285789.200s][info][gc] GC(379017) Concurrent Cycle 573.729ms
Dec 24 01:54:58 burnside uvmconsole: [3285813.154s][info][gc] GC(379018) Pause Young (Normal) (G1 Evacuation Pause) 58M->50M(70M) 9.246ms
Dec 24 01:55:09 burnside uvmconsole: [3285824.031s][info][gc] GC(379019) Pause Young (Concurrent Start) (G1 Evacuation Pause) 58M->50M(70M) 8.773ms
Dec 24 01:55:09 burnside uvmconsole: [3285824.031s][info][gc] GC(379020) Concurrent Cycle
Dec 24 01:55:09 burnside uvmconsole: [3285824.404s][info][gc] GC(379020) Pause Remark 51M->51M(70M) 41.215ms
Dec 24 01:55:09 burnside uvmconsole: [3285824.597s][info][gc] GC(379020) Pause Cleanup 51M->51M(70M) 0.464ms
Dec 24 01:55:09 burnside uvmconsole: [3285824.598s][info][gc] GC(379020) Concurrent Cycle 567.266ms
Dec 24 01:55:31 burnside uvmconsole: [3285846.188s][info][gc] GC(379021) Pause Young (Normal) (G1 Evacuation Pause) 57M->50M(70M) 9.039ms
Dec 24 01:55:50 burnside uvmconsole: [3285864.758s][info][gc] GC(379022) Pause Young (Concurrent Start) (G1 Evacuation Pause) 57M->50M(70M) 8.762ms
Dec 24 01:55:50 burnside uvmconsole: [3285864.759s][info][gc] GC(379023) Concurrent Cycle
Dec 24 01:55:50 burnside uvmconsole: [3285865.132s][info][gc] GC(379023) Pause Remark 50M->50M(70M) 40.580ms
Dec 24 01:55:50 burnside uvmconsole: [3285865.325s][info][gc] GC(379023) Pause Cleanup 50M->50M(70M) 0.630ms
Dec 24 01:55:50 burnside uvmconsole: [3285865.327s][info][gc] GC(379023) Concurrent Cycle 567.847ms
Dec 24 01:56:08 burnside uvmconsole: [3285883.146s][info][gc] GC(379024) Pause Young (Normal) (G1 Evacuation Pause) 57M->50M(70M) 8.987ms
Dec 24 01:56:25 burnside uvmconsole: [3285900.664s][info][gc] GC(379025) Pause Young (Concurrent Start) (G1 Evacuation Pause) 57M->50M(70M) 8.587ms
Dec 24 01:56:25 burnside uvmconsole: [3285900.664s][info][gc] GC(379026) Concurrent Cycle
Dec 24 01:56:26 burnside uvmconsole: [3285901.031s][info][gc] GC(379026) Pause Remark 50M->50M(70M) 41.134ms
Dec 24 01:56:26 burnside uvmconsole: [3285901.223s][info][gc] GC(379026) Pause Cleanup 50M->50M(70M) 0.493ms
Dec 24 01:56:26 burnside uvmconsole: [3285901.225s][info][gc] GC(379026) Concurrent Cycle 560.485ms
Dec 24 01:56:51 burnside uvmconsole: [3285925.993s][info][gc] GC(379027) Pause Full (System.gc()) 56M->47M(70M) 315.165ms
Dec 24 01:57:13 burnside uvmconsole: [3285948.655s][info][gc] GC(379028) Pause Young (Concurrent Start) (G1 Evacuation Pause) 56M->47M(70M) 7.724ms
Dec 24 01:57:13 burnside uvmconsole: [3285948.656s][info][gc] GC(379029) Concurrent Cycle
Dec 24 01:57:14 burnside uvmconsole: [3285949.033s][info][gc] GC(379029) Pause Remark 48M->48M(70M) 42.351ms
Dec 24 01:57:14 burnside uvmconsole: [3285949.227s][info][gc] GC(379029) Pause Cleanup 48M->48M(70M) 0.446ms
Dec 24 01:57:14 burnside uvmconsole: [3285949.229s][info][gc] GC(379029) Concurrent Cycle 573.280ms
Dec 24 01:57:49 burnside uvmconsole: [3285984.345s][info][gc] GC(379030) Pause Young (Normal) (G1 Evacuation Pause) 56M->47M(70M) 7.842ms
Dec 24 01:58:09 burnside uvmconsole: [3286004.677s][info][gc] GC(379031) Pause Young (Concurrent Start) (G1 Evacuation Pause) 56M->48M(70M) 8.243ms
Dec 24 01:58:09 burnside uvmconsole: [3286004.677s][info][gc] GC(379032) Concurrent Cycle
Dec 24 01:58:10 burnside uvmconsole: [3286005.058s][info][gc] GC(379032) Pause Remark 48M->48M(70M) 40.413ms
Dec 24 01:58:10 burnside uvmconsole: [3286005.255s][info][gc] GC(379032) Pause Cleanup 48M->48M(70M) 0.469ms
Dec 24 01:58:10 burnside uvmconsole: [3286005.256s][info][gc] GC(379032) Concurrent Cycle 578.995ms
Dec 24 01:58:43 burnside uvmconsole: [3286038.655s][info][gc] GC(379033) Pause Young (Normal) (G1 Evacuation Pause) 57M->48M(70M) 7.341ms
Dec 24 01:59:07 burnside uvmconsole: [3286062.437s][info][gc] GC(379034) Pause Young (Concurrent Start) (G1 Evacuation Pause) 57M->48M(70M) 8.273ms
Dec 24 01:59:07 burnside uvmconsole: [3286062.437s][info][gc] GC(379035) Concurrent Cycle
Dec 24 01:59:08 burnside uvmconsole: [3286062.812s][info][gc] GC(379035) Pause Remark 48M->48M(70M) 41.040ms
Dec 24 01:59:08 burnside uvmconsole: [3286063.003s][info][gc] GC(379035) Pause Cleanup 48M->48M(70M) 0.574ms
Dec 24 01:59:08 burnside uvmconsole: [3286063.005s][info][gc] GC(379035) Concurrent Cycle 567.393ms
Dec 24 01:59:36 burnside uvmconsole: [3286091.730s][info][gc] GC(379036) Pause Young (Normal) (G1 Evacuation Pause) 57M->47M(70M) 7.477ms
Dec 24 01:59:58 burnside uvmconsole: [3286113.114s][info][gc] GC(379037) Pause Young (Concurrent Start) (G1 Evacuation Pause) 56M->48M(70M) 8.799ms
Dec 24 01:59:58 burnside uvmconsole: [3286113.114s][info][gc] GC(379038) Concurrent Cycle
Dec 24 01:59:58 burnside uvmconsole: [3286113.495s][info][gc] GC(379038) Pause Remark 48M->48M(70M) 41.063ms
Dec 24 01:59:58 burnside uvmconsole: [3286113.688s][info][gc] GC(379038) Pause Cleanup 48M->48M(70M) 0.508ms
Dec 24 01:59:58 burnside uvmconsole: [3286113.689s][info][gc] GC(379038) Concurrent Cycle 575.129ms
Dec 24 02:00:09 burnside uvmconsole: [3286124.226s][info][gc] GC(379039) Pause Young (Normal) (G1 Evacuation Pause) 57M->48M(70M) 7.868ms
Dec 24 02:00:39 burnside uvmconsole: [3286154.146s][info][gc] GC(379040) Pause Young (Concurrent Start) (G1 Evacuation Pause) 57M->48M(70M) 8.074ms
Dec 24 02:00:39 burnside uvmconsole: [3286154.146s][info][gc] GC(379041) Concurrent Cycle
Dec 24 02:00:39 burnside uvmconsole: [3286154.518s][info][gc] GC(379041) Pause Remark 48M->48M(70M) 42.214ms
Dec 24 02:00:39 burnside uvmconsole: [3286154.713s][info][gc] GC(379041) Pause Cleanup 48M->48M(70M) 0.480ms
Dec 24 02:00:39 burnside uvmconsole: [3286154.714s][info][gc] GC(379041) Concurrent Cycle 568.373ms
Dec 24 02:01:01 burnside uvmconsole: [3286176.333s][info][gc] GC(379042) Pause Young (Normal) (G1 Evacuation Pause) 57M->48M(70M) 8.185ms
Dec 24 02:01:23 burnside uvmconsole: [3286198.115s][info][gc] GC(379043) Pause Young (Concurrent Start) (G1 Evacuation Pause) 57M->48M(70M) 8.202ms
Dec 24 02:01:23 burnside uvmconsole: [3286198.116s][info][gc] GC(379044) Concurrent Cycle
Dec 24 02:01:23 burnside uvmconsole: [3286198.487s][info][gc] GC(379044) Pause Remark 48M->48M(70M) 41.366ms
Dec 24 02:01:23 burnside uvmconsole: [3286198.682s][info][gc] GC(379044) Pause Cleanup 48M->48M(70M) 0.480ms
Dec 24 02:01:23 burnside uvmconsole: [3286198.684s][info][gc] GC(379044) Concurrent Cycle 568.232ms
Dec 24 02:01:51 burnside uvmconsole: [3286225.993s][info][gc] GC(379045) Pause Full (System.gc()) 53M->47M(70M) 314.511ms
Dec 24 02:02:16 burnside uvmconsole: [3286251.504s][info][gc] GC(379046) Pause Young (Concurrent Start) (G1 Evacuation Pause) 57M->47M(70M) 7.533ms
Dec 24 02:02:16 burnside uvmconsole: [3286251.505s][info][gc] GC(379047) Concurrent Cycle
Dec 24 02:02:17 burnside uvmconsole: [3286251.876s][info][gc] GC(379047) Pause Remark 48M->48M(70M) 41.372ms
Dec 24 02:02:17 burnside uvmconsole: [3286252.068s][info][gc] GC(379047) Pause Cleanup 48M->48M(70M) 0.526ms
Dec 24 02:02:17 burnside uvmconsole: [3286252.070s][info][gc] GC(379047) Concurrent Cycle 565.361ms
Dec 24 02:02:43 burnside uvmconsole: [3286278.655s][info][gc] GC(379048) Pause Young (Normal) (G1 Evacuation Pause) 56M->47M(70M) 7.495ms
Dec 24 02:03:09 burnside uvmconsole: [3286304.332s][info][gc] GC(379049) Pause Young (Concurrent Start) (G1 Evacuation Pause) 56M->47M(70M) 8.486ms
Dec 24 02:03:09 burnside uvmconsole: [3286304.332s][info][gc] GC(379050) Concurrent Cycle
Dec 24 02:03:09 burnside uvmconsole: [3286304.710s][info][gc] GC(379050) Pause Remark 48M->48M(70M) 41.010ms
Dec 24 02:03:10 burnside uvmconsole: [3286304.903s][info][gc] GC(379050) Pause Cleanup 48M->48M(70M) 0.573ms
Dec 24 02:03:10 burnside uvmconsole: [3286304.905s][info][gc] GC(379050) Concurrent Cycle 572.057ms
Dec 24 02:03:41 burnside uvmconsole: [3286336.668s][info][gc] GC(379051) Pause Young (Normal) (G1 Evacuation Pause) 56M->48M(70M) 7.907ms
Dec 24 02:04:09 burnside uvmconsole: [3286364.398s][info][gc] GC(379052) Pause Young (Concurrent Start) (G1 Evacuation Pause) 57M->47M(70M) 7.579ms
Dec 24 02:04:09 burnside uvmconsole: [3286364.398s][info][gc] GC(379053) Concurrent Cycle
Dec 24 02:04:10 burnside uvmconsole: [3286364.766s][info][gc] GC(379053) Pause Remark 48M->48M(70M) 40.810ms
Dec 24 02:04:10 burnside uvmconsole: [3286364.956s][info][gc] GC(379053) Pause Cleanup 48M->48M(70M) 0.472ms
Dec 24 02:04:10 burnside uvmconsole: [3286364.958s][info][gc] GC(379053) Concurrent Cycle 559.276ms
Dec 24 02:04:43 burnside uvmconsole: [3286398.633s][info][gc] GC(379054) Pause Young (Normal) (G1 Evacuation Pause) 56M->48M(70M) 8.088ms
Dec 24 02:05:04 burnside uvmconsole: [3286418.762s][info][gc] GC(379055) Pause Young (Concurrent Start) (G1 Evacuation Pause) 57M->48M(70M) 8.256ms
Dec 24 02:05:04 burnside uvmconsole: [3286418.763s][info][gc] GC(379056) Concurrent Cycle
Dec 24 02:05:04 burnside uvmconsole: [3286419.150s][info][gc] GC(379056) Pause Remark 49M->49M(70M) 41.100ms
Dec 24 02:05:04 burnside uvmconsole: [3286419.340s][info][gc] GC(379056) Pause Cleanup 49M->49M(70M) 0.499ms
Dec 24 02:05:04 burnside uvmconsole: [3286419.341s][info][gc] GC(379056) Concurrent Cycle 578.467ms
Dec 24 02:05:19 burnside uvmconsole: [3286434.541s][info][gc] GC(379057) Pause Young (Normal) (G1 Evacuation Pause) 57M->47M(70M) 8.397ms
Dec 24 02:05:49 burnside uvmconsole: [3286463.997s][info][gc] GC(379058) Pause Young (Concurrent Start) (G1 Evacuation Pause) 56M->47M(70M) 7.486ms
Dec 24 02:05:49 burnside uvmconsole: [3286463.997s][info][gc] GC(379059) Concurrent Cycle
Dec 24 02:05:49 burnside uvmconsole: [3286464.368s][info][gc] GC(379059) Pause Remark 48M->48M(70M) 41.646ms
Dec 24 02:05:49 burnside uvmconsole: [3286464.560s][info][gc] GC(379059) Pause Cleanup 48M->48M(70M) 0.562ms
Dec 24 02:05:49 burnside uvmconsole: [3286464.562s][info][gc] GC(379059) Concurrent Cycle 564.916ms
Dec 24 02:06:09 burnside uvmconsole: [3286484.462s][info][gc] GC(379060) Pause Young (Normal) (G1 Evacuation Pause) 56M->47M(70M) 7.610ms
Dec 24 02:06:37 burnside uvmconsole: [3286511.930s][info][gc] GC(379061) Pause Young (Concurrent Start) (G1 Evacuation Pause) 56M->47M(70M) 7.651ms
Dec 24 02:06:37 burnside uvmconsole: [3286511.930s][info][gc] GC(379062) Concurrent Cycle
Dec 24 02:06:37 burnside uvmconsole: [3286512.306s][info][gc] GC(379062) Pause Remark 48M->48M(70M) 41.320ms
Dec 24 02:06:37 burnside uvmconsole: [3286512.497s][info][gc] GC(379062) Pause Cleanup 49M->49M(70M) 0.468ms
Dec 24 02:06:37 burnside uvmconsole: [3286512.498s][info][gc] GC(379062) Concurrent Cycle 567.851ms
Dec 24 02:06:51 burnside uvmconsole: [3286525.988s][info][gc] GC(379063) Pause Full (System.gc()) 52M->47M(70M) 309.572ms
Dec 24 02:07:18 burnside uvmconsole: [3286553.254s][info][gc] GC(379064) Pause Young (Concurrent Start) (G1 Evacuation Pause) 58M->47M(70M) 7.919ms
Dec 24 02:07:18 burnside uvmconsole: [3286553.254s][info][gc] GC(379065) Concurrent Cycle
Dec 24 02:07:18 burnside uvmconsole: [3286553.626s][info][gc] GC(379065) Pause Remark 48M->48M(70M) 40.829ms
Dec 24 02:07:19 burnside uvmconsole: [3286553.817s][info][gc] GC(379065) Pause Cleanup 48M->48M(70M) 0.474ms
Dec 24 02:07:19 burnside uvmconsole: [3286553.818s][info][gc] GC(379065) Concurrent Cycle 564.581ms
Dec 24 02:07:50 burnside uvmconsole: [3286585.381s][info][gc] GC(379066) Pause Young (Normal) (G1 Evacuation Pause) 57M->47M(70M) 7.783ms
Dec 24 02:08:09 burnside uvmconsole: [3286604.585s][info][gc] GC(379067) Pause Young (Concurrent Start) (G1 Evacuation Pause) 57M->48M(70M) 8.181ms
Dec 24 02:08:09 burnside uvmconsole: [3286604.585s][info][gc] GC(379068) Concurrent Cycle
Dec 24 02:08:10 burnside uvmconsole: [3286604.983s][info][gc] GC(379068) Pause Remark 50M->50M(70M) 41.750ms
Dec 24 02:08:10 burnside uvmconsole: [3286605.176s][info][gc] GC(379068) Pause Cleanup 50M->50M(70M) 0.445ms
Dec 24 02:08:10 burnside uvmconsole: [3286605.177s][info][gc] GC(379068) Concurrent Cycle 592.358ms
Dec 24 02:08:33 burnside uvmconsole: [3286628.655s][info][gc] GC(379069) Pause Young (Normal) (G1 Evacuation Pause) 58M->48M(70M) 8.046ms
Dec 24 02:09:06 burnside uvmconsole: [3286661.463s][info][gc] GC(379070) Pause Young (Concurrent Start) (G1 Evacuation Pause) 58M->48M(70M) 8.545ms
Dec 24 02:09:06 burnside uvmconsole: [3286661.463s][info][gc] GC(379071) Concurrent Cycle
Dec 24 02:09:07 burnside uvmconsole: [3286661.855s][info][gc] GC(379071) Pause Remark 51M->51M(70M) 43.742ms
Dec 24 02:09:07 burnside uvmconsole: [3286662.050s][info][gc] GC(379071) Pause Cleanup 51M->51M(70M) 0.461ms
Dec 24 02:09:07 burnside uvmconsole: [3286662.051s][info][gc] GC(379071) Concurrent Cycle 588.480ms
Dec 24 02:09:27 burnside uvmconsole: [3286681.996s][info][gc] GC(379072) Pause Young (Normal) (G1 Evacuation Pause) 58M->48M(70M) 9.825ms
Dec 24 02:10:04 burnside uvmconsole: [3286719.749s][info][gc] GC(379073) Pause Young (Concurrent Start) (G1 Evacuation Pause) 58M->48M(70M) 8.185ms
Dec 24 02:10:04 burnside uvmconsole: [3286719.749s][info][gc] GC(379074) Concurrent Cycle
Dec 24 02:10:05 burnside uvmconsole: [3286720.118s][info][gc] GC(379074) Pause Remark 48M->48M(70M) 42.826ms
Dec 24 02:10:05 burnside uvmconsole: [3286720.308s][info][gc] GC(379074) Pause Cleanup 48M->48M(70M) 0.442ms
Dec 24 02:10:05 burnside uvmconsole: [3286720.309s][info][gc] GC(379074) Concurrent Cycle 560.246ms
Dec 24 02:10:24 burnside uvmconsole: [3286739.391s][info][gc] GC(379075) Pause Young (Normal) (G1 Evacuation Pause) 58M->48M(70M) 10.808ms
Dec 24 02:10:48 burnside uvmconsole: [3286763.071s][info][gc] GC(379076) Pause Young (Concurrent Start) (G1 Evacuation Pause) 58M->48M(70M) 8.037ms
Dec 24 02:10:48 burnside uvmconsole: [3286763.071s][info][gc] GC(379077) Concurrent Cycle
Dec 24 02:10:48 burnside uvmconsole: [3286763.440s][info][gc] GC(379077) Pause Remark 48M->48M(70M) 40.676ms
Dec 24 02:10:48 burnside uvmconsole: [3286763.628s][info][gc] GC(379077) Pause Cleanup 48M->48M(70M) 0.488ms
Dec 24 02:10:48 burnside uvmconsole: [3286763.630s][info][gc] GC(379077) Concurrent Cycle 558.721ms
Dec 24 02:11:09 burnside uvmconsole: [3286784.666s][info][gc] GC(379078) Pause Young (Normal) (G1 Evacuation Pause) 58M->48M(70M) 9.893ms
Dec 24 02:11:38 burnside uvmconsole: [3286812.941s][info][gc] GC(379079) Pause Young (Concurrent Start) (G1 Evacuation Pause) 58M->48M(70M) 8.008ms
Dec 24 02:11:38 burnside uvmconsole: [3286812.941s][info][gc] GC(379080) Concurrent Cycle
Dec 24 02:11:38 burnside uvmconsole: [3286813.313s][info][gc] GC(379080) Pause Remark 48M->48M(70M) 41.010ms
Dec 24 02:11:38 burnside uvmconsole: [3286813.518s][info][gc] GC(379080) Pause Cleanup 48M->48M(70M) 0.657ms
Dec 24 02:11:38 burnside uvmconsole: [3286813.519s][info][gc] GC(379080) Concurrent Cycle 578.500ms
Dec 24 02:11:51 burnside uvmconsole: [3286825.990s][info][gc] GC(379081) Pause Full (System.gc()) 51M->47M(70M) 311.282ms
Dec 24 02:12:23 burnside uvmconsole: [3286857.791s][info][gc] GC(379082) Pause Young (Concurrent Start) (G1 Evacuation Pause) 58M->47M(70M) 7.713ms
Dec 24 02:12:23 burnside uvmconsole: [3286857.791s][info][gc] GC(379083) Concurrent Cycle
Dec 24 02:12:23 burnside uvmconsole: [3286858.157s][info][gc] GC(379083) Pause Remark 48M->48M(70M) 41.155ms
Dec 24 02:12:23 burnside uvmconsole: [3286858.349s][info][gc] GC(379083) Pause Cleanup 48M->48M(70M) 0.441ms
Dec 24 02:12:23 burnside uvmconsole: [3286858.350s][info][gc] GC(379083) Concurrent Cycle 559.166ms
Dec 24 02:12:59 burnside uvmconsole: [3286894.188s][info][gc] GC(379084) Pause Young (Normal) (G1 Evacuation Pause) 57M->47M(70M) 8.030ms
Dec 24 02:13:32 burnside uvmconsole: [3286927.346s][info][gc] GC(379085) Pause Young (Concurrent Start) (G1 Evacuation Pause) 57M->48M(70M) 8.211ms
Dec 24 02:13:32 burnside uvmconsole: [3286927.346s][info][gc] GC(379086) Concurrent Cycle
Dec 24 02:13:32 burnside uvmconsole: [3286927.727s][info][gc] GC(379086) Pause Remark 48M->48M(70M) 42.023ms
Dec 24 02:13:33 burnside uvmconsole: [3286927.922s][info][gc] GC(379086) Pause Cleanup 48M->48M(70M) 0.427ms
Dec 24 02:13:33 burnside uvmconsole: [3286927.923s][info][gc] GC(379086) Concurrent Cycle 576.896ms
Dec 24 02:14:03 burnside uvmconsole: [3286958.653s][info][gc] GC(379087) Pause Young (Normal) (G1 Evacuation Pause) 58M->48M(70M) 8.099ms
Dec 24 02:14:26 burnside uvmconsole: [3286981.188s][info][gc] GC(379088) Pause Young (Concurrent Start) (G1 Evacuation Pause) 58M->48M(70M) 8.125ms
Dec 24 02:14:26 burnside uvmconsole: [3286981.189s][info][gc] GC(379089) Concurrent Cycle
Dec 24 02:14:26 burnside uvmconsole: [3286981.572s][info][gc] GC(379089) Pause Remark 49M->49M(70M) 46.456ms
Dec 24 02:14:27 burnside uvmconsole: [3286981.770s][info][gc] GC(379089) Pause Cleanup 50M->50M(70M) 0.745ms
Dec 24 02:14:27 burnside uvmconsole: [3286981.772s][info][gc] GC(379089) Concurrent Cycle 583.401ms
Dec 24 02:14:55 burnside uvmconsole: [3287010.201s][info][gc] GC(379090) Pause Young (Normal) (G1 Evacuation Pause) 58M->48M(70M) 7.746ms
Dec 24 02:15:20 burnside uvmconsole: [3287035.137s][info][gc] GC(379091) Pause Young (Concurrent Start) (G1 Evacuation Pause) 59M->47M(70M) 7.970ms
Dec 24 02:15:20 burnside uvmconsole: [3287035.137s][info][gc] GC(379092) Concurrent Cycle
Dec 24 02:15:20 burnside uvmconsole: [3287035.507s][info][gc] GC(379092) Pause Remark 48M->48M(70M) 40.792ms
Dec 24 02:15:20 burnside uvmconsole: [3287035.697s][info][gc] GC(379092) Pause Cleanup 48M->48M(70M) 0.624ms
Dec 24 02:15:20 burnside uvmconsole: [3287035.699s][info][gc] GC(379092) Concurrent Cycle 561.695ms
Dec 24 02:15:47 burnside uvmconsole: [3287062.188s][info][gc] GC(379093) Pause Young (Normal) (G1 Evacuation Pause) 58M->48M(70M) 7.860ms
Dec 24 02:16:13 burnside uvmconsole: [3287087.870s][info][gc] GC(379094) Pause Young (Concurrent Start) (G1 Evacuation Pause) 59M->48M(70M) 9.034ms
Dec 24 02:16:13 burnside uvmconsole: [3287087.870s][info][gc] GC(379095) Concurrent Cycle
Dec 24 02:16:13 burnside uvmconsole: [3287088.245s][info][gc] GC(379095) Pause Remark 48M->48M(70M) 45.659ms
Dec 24 02:16:13 burnside uvmconsole: [3287088.435s][info][gc] GC(379095) Pause Cleanup 48M->48M(70M) 0.466ms
Dec 24 02:16:13 burnside uvmconsole: [3287088.436s][info][gc] GC(379095) Concurrent Cycle 566.126ms
Dec 24 02:16:45 burnside uvmconsole: [3287120.139s][info][gc] GC(379096) Pause Young (Normal) (G1 Evacuation Pause) 59M->48M(70M) 8.495ms
Dec 24 02:16:51 burnside uvmconsole: [3287125.993s][info][gc] GC(379097) Pause Full (System.gc()) 49M->47M(70M) 314.656ms
Dec 24 02:17:23 burnside uvmconsole: [3287157.919s][info][gc] GC(379098) Pause Young (Concurrent Start) (G1 Evacuation Pause) 58M->47M(70M) 8.147ms
Dec 24 02:17:23 burnside uvmconsole: [3287157.920s][info][gc] GC(379099) Concurrent Cycle
Dec 24 02:17:23 burnside uvmconsole: [3287158.293s][info][gc] GC(379099) Pause Remark 48M->48M(70M) 43.581ms
Dec 24 02:17:23 burnside uvmconsole: [3287158.488s][info][gc] GC(379099) Pause Cleanup 48M->48M(70M) 0.451ms
Dec 24 02:17:23 burnside uvmconsole: [3287158.489s][info][gc] GC(379099) Concurrent Cycle 569.532ms
Dec 24 02:18:02 burnside uvmconsole: [3287197.435s][info][gc] GC(379100) Pause Young (Normal) (G1 Evacuation Pause) 57M->48M(70M) 8.270ms
Dec 24 02:18:40 burnside uvmconsole: [3287235.549s][info][gc] GC(379101) Pause Young (Concurrent Start) (G1 Evacuation Pause) 58M->47M(70M) 7.674ms
Dec 24 02:18:40 burnside uvmconsole: [3287235.549s][info][gc] GC(379102) Concurrent Cycle
Dec 24 02:18:41 burnside uvmconsole: [3287235.917s][info][gc] GC(379102) Pause Remark 48M->48M(70M) 40.760ms
Dec 24 02:18:41 burnside uvmconsole: [3287236.107s][info][gc] GC(379102) Pause Cleanup 48M->48M(70M) 0.487ms
Dec 24 02:18:41 burnside uvmconsole: [3287236.109s][info][gc] GC(379102) Concurrent Cycle 559.622ms
Dec 24 02:19:08 burnside uvmconsole: [3287262.785s][info][gc] GC(379103) Pause Young (Normal) (G1 Evacuation Pause) 57M->47M(70M) 7.666ms
Dec 24 02:19:33 burnside uvmconsole: [3287287.990s][info][gc] GC(379104) Pause Young (Concurrent Start) (G1 Evacuation Pause) 57M->48M(70M) 8.364ms
Dec 24 02:19:33 burnside uvmconsole: [3287287.991s][info][gc] GC(379105) Concurrent Cycle
Dec 24 02:19:33 burnside uvmconsole: [3287288.363s][info][gc] GC(379105) Pause Remark 48M->48M(70M) 43.213ms
Dec 24 02:19:33 burnside uvmconsole: [3287288.559s][info][gc] GC(379105) Pause Cleanup 49M->49M(70M) 0.463ms
Dec 24 02:19:33 burnside uvmconsole: [3287288.561s][info][gc] GC(379105) Concurrent Cycle 569.850ms
Dec 24 02:20:03 burnside uvmconsole: [3287318.612s][info][gc] GC(379106) Pause Young (Normal) (G1 Evacuation Pause) 58M->48M(70M) 8.668ms
Dec 24 02:20:23 burnside uvmconsole: [3287338.690s][info][gc] GC(379107) Pause Young (Concurrent Start) (G1 Evacuation Pause) 58M->48M(70M) 8.271ms
Dec 24 02:20:23 burnside uvmconsole: [3287338.690s][info][gc] GC(379108) Concurrent Cycle
Dec 24 02:20:24 burnside uvmconsole: [3287339.083s][info][gc] GC(379108) Pause Remark 51M->51M(70M) 40.670ms
Dec 24 02:20:24 burnside uvmconsole: [3287339.285s][info][gc] GC(379108) Pause Cleanup 51M->51M(70M) 0.483ms
Dec 24 02:20:24 burnside uvmconsole: [3287339.286s][info][gc] GC(379108) Concurrent Cycle 596.322ms
Dec 24 02:20:43 burnside uvmconsole: [3287358.656s][info][gc] GC(379109) Pause Young (Normal) (G1 Evacuation Pause) 58M->48M(70M) 8.189ms
Dec 24 02:21:04 burnside uvmconsole: [3287379.544s][info][gc] GC(379110) Pause Young (Concurrent Start) (G1 Evacuation Pause) 58M->48M(70M) 8.873ms
Dec 24 02:21:04 burnside uvmconsole: [3287379.544s][info][gc] GC(379111) Concurrent Cycle
Dec 24 02:21:05 burnside uvmconsole: [3287379.930s][info][gc] GC(379111) Pause Remark 49M->49M(70M) 40.466ms
Dec 24 02:21:05 burnside uvmconsole: [3287380.122s][info][gc] GC(379111) Pause Cleanup 49M->49M(70M) 0.494ms
Dec 24 02:21:05 burnside uvmconsole: [3287380.123s][info][gc] GC(379111) Concurrent Cycle 578.895ms
Dec 24 02:21:32 burnside uvmconsole: [3287407.148s][info][gc] GC(379112) Pause Young (Normal) (G1 Evacuation Pause) 58M->48M(70M) 7.700ms
Dec 24 02:21:51 burnside uvmconsole: [3287425.992s][info][gc] GC(379113) Pause Full (System.gc()) 53M->47M(70M) 313.283ms
Dec 24 02:22:13 burnside uvmconsole: [3287447.904s][info][gc] GC(379114) Pause Young (Concurrent Start) (G1 Evacuation Pause) 57M->47M(70M) 7.912ms
Dec 24 02:22:13 burnside uvmconsole: [3287447.904s][info][gc] GC(379115) Concurrent Cycle
Dec 24 02:22:13 burnside uvmconsole: [3287448.277s][info][gc] GC(379115) Pause Remark 48M->48M(70M) 42.713ms
Dec 24 02:22:13 burnside uvmconsole: [3287448.468s][info][gc] GC(379115) Pause Cleanup 48M->48M(70M) 0.429ms
Dec 24 02:22:13 burnside uvmconsole: [3287448.469s][info][gc] GC(379115) Concurrent Cycle 564.560ms
Dec 24 02:22:43 burnside uvmconsole: [3287478.657s][info][gc] GC(379116) Pause Young (Normal) (G1 Evacuation Pause) 56M->47M(70M) 7.880ms
Dec 24 02:23:06 burnside uvmconsole: [3287501.010s][info][gc] GC(379117) Pause Young (Concurrent Start) (G1 Evacuation Pause) 56M->47M(70M) 8.073ms
Dec 24 02:23:06 burnside uvmconsole: [3287501.010s][info][gc] GC(379118) Concurrent Cycle
Dec 24 02:23:06 burnside uvmconsole: [3287501.402s][info][gc] GC(379118) Pause Remark 49M->49M(70M) 43.710ms
Dec 24 02:23:06 burnside uvmconsole: [3287501.593s][info][gc] GC(379118) Pause Cleanup 49M->49M(70M) 0.470ms
Dec 24 02:23:06 burnside uvmconsole: [3287501.595s][info][gc] GC(379118) Concurrent Cycle 584.724ms
Dec 24 02:23:29 burnside uvmconsole: [3287523.958s][info][gc] GC(379119) Pause Young (Normal) (G1 Evacuation Pause) 56M->47M(70M) 7.950ms
Dec 24 02:24:06 burnside uvmconsole: [3287561.730s][info][gc] GC(379120) Pause Young (Concurrent Start) (G1 Evacuation Pause) 56M->47M(70M) 8.164ms
Dec 24 02:24:06 burnside uvmconsole: [3287561.731s][info][gc] GC(379121) Concurrent Cycle
Dec 24 02:24:07 burnside uvmconsole: [3287562.111s][info][gc] GC(379121) Pause Remark 49M->49M(70M) 41.055ms
Dec 24 02:24:07 burnside uvmconsole: [3287562.303s][info][gc] GC(379121) Pause Cleanup 49M->49M(70M) 0.517ms
Dec 24 02:24:07 burnside uvmconsole: [3287562.305s][info][gc] GC(379121) Concurrent Cycle 574.250ms
Dec 24 02:24:34 burnside uvmconsole: [3287589.183s][info][gc] GC(379122) Pause Young (Normal) (G1 Evacuation Pause) 56M->47M(70M) 7.820ms
Dec 24 02:25:04 burnside uvmconsole: [3287619.429s][info][gc] GC(379123) Pause Young (Concurrent Start) (G1 Evacuation Pause) 56M->47M(70M) 7.954ms
Dec 24 02:25:04 burnside uvmconsole: [3287619.429s][info][gc] GC(379124) Concurrent Cycle
Dec 24 02:25:05 burnside uvmconsole: [3287619.796s][info][gc] GC(379124) Pause Remark 48M->48M(70M) 41.503ms
Dec 24 02:25:05 burnside uvmconsole: [3287619.984s][info][gc] GC(379124) Pause Cleanup 48M->48M(70M) 0.541ms
Dec 24 02:25:05 burnside uvmconsole: [3287619.986s][info][gc] GC(379124) Concurrent Cycle 556.292ms
Dec 24 02:25:22 burnside uvmconsole: [3287637.453s][info][gc] GC(379125) Pause Young (Normal) (G1 Evacuation Pause) 56M->47M(70M) 8.187ms
Dec 24 02:25:49 burnside uvmconsole: [3287663.970s][info][gc] GC(379126) Pause Young (Concurrent Start) (G1 Evacuation Pause) 56M->47M(70M) 8.600ms
Dec 24 02:25:49 burnside uvmconsole: [3287663.971s][info][gc] GC(379127) Concurrent Cycle
Dec 24 02:25:49 burnside uvmconsole: [3287664.343s][info][gc] GC(379127) Pause Remark 48M->48M(70M) 41.591ms
Dec 24 02:25:49 burnside uvmconsole: [3287664.532s][info][gc] GC(379127) Pause Cleanup 48M->48M(70M) 0.457ms
Dec 24 02:25:49 burnside uvmconsole: [3287664.533s][info][gc] GC(379127) Concurrent Cycle 562.565ms
Dec 24 02:26:11 burnside uvmconsole: [3287686.745s][info][gc] GC(379128) Pause Young (Normal) (G1 Evacuation Pause) 56M->47M(70M) 8.252ms
Dec 24 02:26:23 burnside uvmconsole: [3287698.654s][info][gc] GC(379129) Pause Young (Concurrent Start) (G1 Evacuation Pause) 56M->47M(70M) 8.298ms
Dec 24 02:26:23 burnside uvmconsole: [3287698.654s][info][gc] GC(379130) Concurrent Cycle
Dec 24 02:26:24 burnside uvmconsole: [3287699.045s][info][gc] GC(379130) Pause Remark 48M->48M(70M) 62.896ms
Dec 24 02:26:24 burnside uvmconsole: [3287699.239s][info][gc] GC(379130) Pause Cleanup 48M->48M(70M) 0.533ms
Dec 24 02:26:24 burnside uvmconsole: [3287699.240s][info][gc] GC(379130) Concurrent Cycle 586.263ms
Dec 24 02:26:51 burnside uvmconsole: [3287725.989s][info][gc] GC(379131) Pause Full (System.gc()) 56M->47M(70M) 310.847ms
Dec 24 02:27:09 burnside uvmconsole: [3287743.772s][info][gc] GC(379132) Pause Young (Normal) (G1 Evacuation Pause) 57M->47M(70M) 6.107ms
Dec 24 02:27:39 burnside uvmconsole: [3287774.248s][info][gc] GC(379133) Pause Young (Normal) (G1 Evacuation Pause) 57M->47M(70M) 5.826ms
Dec 24 02:28:09 burnside uvmconsole: [3287804.518s][info][gc] GC(379134) Pause Young (Normal) (G1 Evacuation Pause) 57M->47M(70M) 9.404ms
Dec 24 02:28:53 burnside uvmconsole: [3287848.652s][info][gc] GC(379135) Pause Young (Normal) (G1 Evacuation Pause) 57M->47M(70M) 6.767ms
Dec 24 02:29:19 burnside uvmconsole: [3287874.224s][info][gc] GC(379136) Pause Young (Normal) (G1 Evacuation Pause) 57M->47M(70M) 5.964ms
Dec 24 02:29:56 burnside uvmconsole: [3287911.039s][info][gc] GC(379137) Pause Young (Normal) (G1 Evacuation Pause) 57M->47M(70M) 6.019ms
Dec 24 02:30:07 burnside uvmconsole: [3287922.051s][info][gc] GC(379138) Pause Young (Normal) (G1 Evacuation Pause) 57M->47M(70M) 5.830ms
Dec 24 02:30:38 burnside uvmconsole: [3287953.497s][info][gc] GC(379139) Pause Young (Normal) (G1 Evacuation Pause) 57M->47M(70M) 6.120ms
Dec 24 02:31:01 burnside uvmconsole: [3287976.251s][info][gc] GC(379140) Pause Young (Normal) (G1 Evacuation Pause) 57M->48M(70M) 6.576ms
Dec 24 02:31:21 burnside uvmconsole: [3287996.661s][info][gc] GC(379141) Pause Young (Normal) (G1 Evacuation Pause) 58M->48M(70M) 6.286ms
Dec 24 02:31:51 burnside uvmconsole: [3288026.010s][info][gc] GC(379142) Pause Full (System.gc()) 54M->47M(70M) 331.181ms
Dec 24 02:32:16 burnside uvmconsole: [3288051.066s][info][gc] GC(379143) Pause Young (Normal) (G1 Evacuation Pause) 58M->47M(70M) 9.061ms
Dec 24 02:32:53 burnside uvmconsole: [3288088.655s][info][gc] GC(379144) Pause Young (Normal) (G1 Evacuation Pause) 57M->47M(70M) 5.794ms
Dec 24 02:33:18 burnside uvmconsole: [3288113.605s][info][gc] GC(379145) Pause Young (Normal) (G1 Evacuation Pause) 57M->47M(70M) 5.911ms
Dec 24 02:33:53 burnside uvmconsole: [3288148.653s][info][gc] GC(379146) Pause Young (Normal) (G1 Evacuation Pause) 57M->47M(70M) 6.550ms
Dec 24 02:34:24 burnside uvmconsole: [3288179.124s][info][gc] GC(379147) Pause Young (Normal) (G1 Evacuation Pause) 57M->47M(70M) 6.645ms
Dec 24 02:35:00 burnside uvmconsole: [3288215.338s][info][gc] GC(379148) Pause Young (Normal) (G1 Evacuation Pause) 57M->47M(70M) 6.242ms
Dec 24 02:35:23 burnside uvmconsole: [3288238.493s][info][gc] GC(379149) Pause Young (Normal) (G1 Evacuation Pause) 57M->47M(70M) 8.696ms
Dec 24 02:35:53 burnside uvmconsole: [3288268.682s][info][gc] GC(379150) Pause Young (Normal) (G1 Evacuation Pause) 57M->47M(70M) 6.345ms
Dec 24 02:36:04 burnside uvmconsole: [3288279.455s][info][gc] GC(379151) Pause Young (Normal) (G1 Evacuation Pause) 57M->47M(70M) 6.643ms
Dec 24 02:36:27 burnside uvmconsole: [3288302.656s][info][gc] GC(379152) Pause Young (Normal) (G1 Evacuation Pause) 57M->47M(70M) 6.320ms
Dec 24 02:36:50 burnside uvmconsole: [3288325.278s][info][gc] GC(379153) Pause Young (Normal) (G1 Evacuation Pause) 57M->47M(70M) 6.351ms
Dec 24 02:36:51 burnside uvmconsole: [3288325.991s][info][gc] GC(379154) Pause Full (System.gc()) 48M->47M(70M) 312.360ms
Dec 24 02:37:18 burnside uvmconsole: [3288353.524s][info][gc] GC(379155) Pause Young (Normal) (G1 Evacuation Pause) 58M->47M(70M) 6.102ms
Dec 24 02:37:51 burnside uvmconsole: [3288385.906s][info][gc] GC(379156) Pause Young (Normal) (G1 Evacuation Pause) 58M->47M(70M) 6.111ms
Dec 24 02:38:15 burnside uvmconsole: [3288409.888s][info][gc] GC(379157) Pause Young (Normal) (G1 Evacuation Pause) 58M->47M(70M) 6.619ms
Dec 24 02:38:51 burnside uvmconsole: [3288446.333s][info][gc] GC(379158) Pause Young (Normal) (G1 Evacuation Pause) 58M->47M(70M) 6.855ms
Dec 24 02:39:22 burnside uvmconsole: [3288477.618s][info][gc] GC(379159) Pause Young (Normal) (G1 Evacuation Pause) 58M->47M(70M) 7.044ms
Dec 24 02:40:03 burnside uvmconsole: [3288518.480s][info][gc] GC(379160) Pause Young (Normal) (G1 Evacuation Pause) 58M->47M(70M) 6.949ms
Dec 24 02:40:28 burnside uvmconsole: [3288543.279s][info][gc] GC(379161) Pause Young (Normal) (G1 Evacuation Pause) 58M->47M(70M) 8.013ms
Dec 24 02:41:03 burnside uvmconsole: [3288578.657s][info][gc] GC(379162) Pause Young (Normal) (G1 Evacuation Pause) 58M->47M(70M) 7.709ms
Dec 24 02:41:30 burnside uvmconsole: [3288605.070s][info][gc] GC(379163) Pause Young (Normal) (G1 Evacuation Pause) 58M->47M(70M) 6.350ms
Dec 24 02:41:51 burnside uvmconsole: [3288625.993s][info][gc] GC(379164) Pause Full (System.gc()) 57M->47M(70M) 315.045ms
Dec 24 02:42:14 burnside uvmconsole: [3288648.860s][info][gc] GC(379165) Pause Young (Normal) (G1 Evacuation Pause) 57M->47M(70M) 5.968ms
Dec 24 02:42:44 burnside uvmconsole: [3288678.881s][info][gc] GC(379166) Pause Young (Normal) (G1 Evacuation Pause) 57M->47M(70M) 5.888ms
Dec 24 02:43:16 burnside uvmconsole: [3288711.200s][info][gc] GC(379167) Pause Young (Normal) (G1 Evacuation Pause) 57M->47M(70M) 6.292ms
Dec 24 02:43:59 burnside uvmconsole: [3288754.185s][info][gc] GC(379168) Pause Young (Normal) (G1 Evacuation Pause) 57M->47M(70M) 5.615ms
Dec 24 02:44:33 burnside uvmconsole: [3288788.115s][info][gc] GC(379169) Pause Young (Normal) (G1 Evacuation Pause) 57M->47M(70M) 6.023ms
Dec 24 02:45:02 burnside uvmconsole: [3288817.543s][info][gc] GC(379170) Pause Young (Normal) (G1 Evacuation Pause) 57M->47M(70M) 7.293ms
Dec 24 02:45:35 burnside uvmconsole: [3288850.272s][info][gc] GC(379171) Pause Young (Normal) (G1 Evacuation Pause) 57M->47M(70M) 5.496ms
Dec 24 02:46:01 burnside uvmconsole: [3288875.809s][info][gc] GC(379172) Pause Young (Normal) (G1 Evacuation Pause) 57M->47M(70M) 6.558ms
Dec 24 02:46:25 burnside uvmconsole: [3288900.044s][info][gc] GC(379173) Pause Young (Normal) (G1 Evacuation Pause) 57M->47M(70M) 6.620ms
Dec 24 02:46:51 burnside uvmconsole: [3288925.994s][info][gc] GC(379174) Pause Full (System.gc()) 52M->47M(70M) 315.517ms
Dec 24 02:47:23 burnside uvmconsole: [3288958.652s][info][gc] GC(379175) Pause Young (Normal) (G1 Evacuation Pause) 58M->47M(70M) 6.149ms
Dec 24 02:48:02 burnside uvmconsole: [3288996.985s][info][gc] GC(379176) Pause Young (Normal) (G1 Evacuation Pause) 57M->47M(70M) 6.203ms
Dec 24 02:48:34 burnside uvmconsole: [3289029.292s][info][gc] GC(379177) Pause Young (Normal) (G1 Evacuation Pause) 57M->47M(70M) 5.570ms
Dec 24 02:49:02 burnside uvmconsole: [3289057.610s][info][gc] GC(379178) Pause Young (Normal) (G1 Evacuation Pause) 57M->47M(70M) 6.307ms
Dec 24 02:49:14 burnside uvmconsole: [3289069.124s][info][gc] GC(379179) Pause Young (Normal) (G1 Evacuation Pause) 57M->47M(70M) 6.063ms
Dec 24 02:49:54 burnside uvmconsole: [3289108.911s][info][gc] GC(379180) Pause Young (Normal) (G1 Evacuation Pause) 57M->47M(70M) 6.493ms
Dec 24 02:50:13 burnside uvmconsole: [3289128.584s][info][gc] GC(379181) Pause Young (Normal) (G1 Evacuation Pause) 57M->47M(70M) 6.685ms
Dec 24 02:50:43 burnside uvmconsole: [3289158.096s][info][gc] GC(379182) Pause Young (Normal) (G1 Evacuation Pause) 57M->47M(70M) 6.732ms
Dec 24 02:51:04 burnside uvmconsole: [3289179.113s][info][gc] GC(379183) Pause Young (Normal) (G1 Evacuation Pause) 57M->48M(70M) 7.497ms
Dec 24 02:51:34 burnside uvmconsole: [3289209.563s][info][gc] GC(379184) Pause Young (Normal) (G1 Evacuation Pause) 58M->47M(70M) 6.499ms
Dec 24 02:51:51 burnside uvmconsole: [3289225.987s][info][gc] GC(379185) Pause Full (System.gc()) 50M->47M(70M) 307.927ms
Dec 24 02:52:15 burnside uvmconsole: [3289250.012s][info][gc] GC(379186) Pause Young (Normal) (G1 Evacuation Pause) 57M->47M(70M) 6.909ms
Dec 24 02:52:44 burnside uvmconsole: [3289279.167s][info][gc] GC(379187) Pause Young (Normal) (G1 Evacuation Pause) 56M->47M(70M) 6.039ms
Dec 24 02:53:05 burnside uvmconsole: [3289300.430s][info][gc] GC(379188) Pause Young (Normal) (G1 Evacuation Pause) 56M->47M(70M) 6.309ms
Dec 24 02:53:36 burnside uvmconsole: [3289331.155s][info][gc] GC(379189) Pause Young (Normal) (G1 Evacuation Pause) 56M->47M(70M) 6.386ms
Dec 24 02:54:06 burnside uvmconsole: [3289361.024s][info][gc] GC(379190) Pause Young (Normal) (G1 Evacuation Pause) 56M->47M(70M) 6.591ms
Dec 24 02:54:30 burnside uvmconsole: [3289385.252s][info][gc] GC(379191) Pause Young (Normal) (G1 Evacuation Pause) 56M->47M(70M) 6.477ms
Dec 24 02:54:58 burnside uvmconsole: [3289413.296s][info][gc] GC(379192) Pause Young (Normal) (G1 Evacuation Pause) 56M->47M(70M) 7.166ms
Dec 24 02:55:11 burnside uvmconsole: [3289426.223s][info][gc] GC(379193) Pause Young (Normal) (G1 Evacuation Pause) 56M->47M(70M) 7.539ms
Dec 24 02:55:33 burnside uvmconsole: [3289448.488s][info][gc] GC(379194) Pause Young (Normal) (G1 Evacuation Pause) 56M->48M(70M) 7.174ms
Dec 24 02:55:57 burnside uvmconsole: [3289472.413s][info][gc] GC(379195) Pause Young (Normal) (G1 Evacuation Pause) 57M->48M(70M) 7.470ms
Dec 24 02:56:12 burnside uvmconsole: [3289487.474s][info][gc] GC(379196) Pause Young (Normal) (G1 Evacuation Pause) 57M->48M(70M) 7.775ms
Dec 24 02:56:41 burnside uvmconsole: [3289515.760s][info][gc] GC(379197) Pause Young (Normal) (G1 Evacuation Pause) 57M->47M(70M) 6.765ms
Dec 24 02:56:51 burnside uvmconsole: [3289525.994s][info][gc] GC(379198) Pause Full (System.gc()) 50M->47M(70M) 315.534ms
Dec 24 02:57:23 burnside uvmconsole: [3289558.365s][info][gc] GC(379199) Pause Young (Normal) (G1 Evacuation Pause) 57M->47M(70M) 6.850ms
Dec 24 02:57:59 burnside uvmconsole: [3289594.185s][info][gc] GC(379200) Pause Young (Normal) (G1 Evacuation Pause) 56M->47M(70M) 6.059ms
Dec 24 02:58:31 burnside uvmconsole: [3289626.438s][info][gc] GC(379201) Pause Young (Normal) (G1 Evacuation Pause) 57M->47M(70M) 5.921ms
Dec 24 02:59:03 burnside uvmconsole: [3289658.657s][info][gc] GC(379202) Pause Young (Normal) (G1 Evacuation Pause) 57M->47M(70M) 6.513ms
Dec 24 02:59:29 burnside uvmconsole: [3289684.512s][info][gc] GC(379203) Pause Young (Normal) (G1 Evacuation Pause) 57M->47M(70M) 6.150ms
Dec 24 02:59:59 burnside uvmconsole: [3289714.187s][info][gc] GC(379204) Pause Young (Normal) (G1 Evacuation Pause) 57M->47M(70M) 6.109ms
Dec 24 03:00:19 burnside uvmconsole: [3289733.953s][info][gc] GC(379205) Pause Young (Normal) (G1 Evacuation Pause) 57M->47M(70M) 6.065ms
Dec 24 03:00:43 burnside uvmconsole: [3289758.656s][info][gc] GC(379206) Pause Young (Normal) (G1 Evacuation Pause) 57M->47M(70M) 6.736ms
Dec 24 03:01:02 burnside uvmconsole: [3289777.650s][info][gc] GC(379207) Pause Young (Normal) (G1 Evacuation Pause) 57M->47M(70M) 7.034ms
Dec 24 03:01:25 burnside uvmconsole: [3289800.545s][info][gc] GC(379208) Pause Young (Normal) (G1 Evacuation Pause) 57M->47M(70M) 6.855ms
Dec 24 03:01:51 burnside uvmconsole: [3289825.997s][info][gc] GC(379209) Pause Full (System.gc()) 53M->47M(70M) 318.411ms
Dec 24 03:02:12 burnside uvmconsole: [3289846.845s][info][gc] GC(379210) Pause Young (Normal) (G1 Evacuation Pause) 57M->47M(70M) 6.124ms
Dec 24 03:02:43 burnside uvmconsole: [3289878.055s][info][gc] GC(379211) Pause Young (Normal) (G1 Evacuation Pause) 56M->47M(70M) 6.176ms
Dec 24 03:03:07 burnside uvmconsole: [3289902.152s][info][gc] GC(379212) Pause Young (Normal) (G1 Evacuation Pause) 56M->47M(70M) 5.956ms
Dec 24 03:03:38 burnside uvmconsole: [3289932.779s][info][gc] GC(379213) Pause Young (Normal) (G1 Evacuation Pause) 56M->47M(70M) 6.231ms
Dec 24 03:04:08 burnside uvmconsole: [3289962.850s][info][gc] GC(379214) Pause Young (Normal) (G1 Evacuation Pause) 56M->47M(70M) 5.784ms
Dec 24 03:04:33 burnside uvmconsole: [3289988.603s][info][gc] GC(379215) Pause Young (Normal) (G1 Evacuation Pause) 56M->47M(70M) 6.343ms
Dec 24 03:05:03 burnside uvmconsole: [3290018.084s][info][gc] GC(379216) Pause Young (Normal) (G1 Evacuation Pause) 56M->47M(70M) 6.843ms
Dec 24 03:05:19 burnside uvmconsole: [3290034.562s][info][gc] GC(379217) Pause Young (Normal) (G1 Evacuation Pause) 56M->47M(70M) 7.487ms
Dec 24 03:05:42 burnside uvmconsole: [3290057.594s][info][gc] GC(379218) Pause Young (Normal) (G1 Evacuation Pause) 56M->47M(70M) 6.401ms
Dec 24 03:06:04 burnside uvmconsole: [3290079.172s][info][gc] GC(379219) Pause Young (Normal) (G1 Evacuation Pause) 56M->47M(70M) 6.316ms
Dec 24 03:06:24 burnside uvmconsole: [3290099.540s][info][gc] GC(379220) Pause Young (Normal) (G1 Evacuation Pause) 56M->47M(70M) 6.634ms
Dec 24 03:06:51 burnside uvmconsole: [3290125.991s][info][gc] GC(379221) Pause Full (System.gc()) 54M->47M(70M) 312.555ms
Dec 24 03:07:06 burnside uvmconsole: [3290141.437s][info][gc] GC(379222) Pause Young (Normal) (G1 Evacuation Pause) 57M->47M(70M) 6.078ms
Dec 24 03:07:35 burnside uvmconsole: [3290170.362s][info][gc] GC(379223) Pause Young (Normal) (G1 Evacuation Pause) 56M->47M(70M) 6.496ms
Dec 24 03:08:00 burnside uvmconsole: [3290194.786s][info][gc] GC(379224) Pause Young (Normal) (G1 Evacuation Pause) 56M->47M(70M) 6.923ms
Dec 24 03:08:11 burnside uvmconsole: [3290206.689s][info][gc] GC(379225) Pause Young (Normal) (G1 Evacuation Pause) 56M->47M(70M) 6.580ms
Dec 24 03:08:35 burnside uvmconsole: [3290229.783s][info][gc] GC(379226) Pause Young (Normal) (G1 Evacuation Pause) 56M->47M(70M) 7.264ms
Dec 24 03:08:52 burnside uvmconsole: [3290247.358s][info][gc] GC(379227) Pause Young (Normal) (G1 Evacuation Pause) 56M->47M(70M) 6.148ms
Dec 24 03:09:10 burnside uvmconsole: [3290264.916s][info][gc] GC(379228) Pause Young (Normal) (G1 Evacuation Pause) 56M->47M(70M) 6.488ms
Dec 24 03:09:43 burnside uvmconsole: [3290298.652s][info][gc] GC(379229) Pause Young (Normal) (G1 Evacuation Pause) 56M->47M(70M) 6.636ms
Dec 24 03:10:07 burnside uvmconsole: [3290322.067s][info][gc] GC(379230) Pause Young (Normal) (G1 Evacuation Pause) 56M->47M(70M) 6.885ms
Dec 24 03:10:24 burnside uvmconsole: [3290339.185s][info][gc] GC(379231) Pause Young (Normal) (G1 Evacuation Pause) 56M->47M(70M) 7.063ms
Dec 24 03:10:45 burnside uvmconsole: [3290359.827s][info][gc] GC(379232) Pause Young (Normal) (G1 Evacuation Pause) 56M->47M(70M) 5.957ms
Dec 24 03:11:08 burnside uvmconsole: [3290382.854s][info][gc] GC(379233) Pause Young (Normal) (G1 Evacuation Pause) 56M->47M(70M) 6.622ms
Dec 24 03:11:23 burnside uvmconsole: [3290398.638s][info][gc] GC(379234) Pause Young (Normal) (G1 Evacuation Pause) 56M->47M(70M) 6.150ms
Dec 24 03:11:51 burnside uvmconsole: [3290425.994s][info][gc] GC(379235) Pause Full (System.gc()) 54M->47M(70M) 315.221ms
Dec 24 03:12:18 burnside uvmconsole: [3290453.265s][info][gc] GC(379236) Pause Young (Normal) (G1 Evacuation Pause) 57M->47M(70M) 5.609ms
Dec 24 03:12:47 burnside uvmconsole: [3290482.063s][info][gc] GC(379237) Pause Young (Normal) (G1 Evacuation Pause) 57M->47M(70M) 6.046ms
Dec 24 03:13:14 burnside uvmconsole: [3290509.102s][info][gc] GC(379238) Pause Young (Normal) (G1 Evacuation Pause) 57M->47M(70M) 6.444ms
Dec 24 03:13:59 burnside uvmconsole: [3290554.185s][info][gc] GC(379239) Pause Young (Normal) (G1 Evacuation Pause) 57M->47M(70M) 5.701ms
Dec 24 03:14:20 burnside uvmconsole: [3290575.122s][info][gc] GC(379240) Pause Young (Normal) (G1 Evacuation Pause) 57M->47M(70M) 6.685ms
Dec 24 03:14:38 burnside uvmconsole: [3290592.978s][info][gc] GC(379241) Pause Young (Normal) (G1 Evacuation Pause) 57M->47M(70M) 6.048ms
Dec 24 03:15:00 burnside uvmconsole: [3290615.440s][info][gc] GC(379242) Pause Young (Normal) (G1 Evacuation Pause) 57M->47M(70M) 7.140ms
Dec 24 03:15:19 burnside uvmconsole: [3290634.436s][info][gc] GC(379243) Pause Young (Normal) (G1 Evacuation Pause) 57M->47M(70M) 6.987ms
Dec 24 03:15:43 burnside uvmconsole: [3290657.949s][info][gc] GC(379244) Pause Young (Normal) (G1 Evacuation Pause) 57M->47M(70M) 7.124ms
Dec 24 03:16:04 burnside uvmconsole: [3290679.530s][info][gc] GC(379245) Pause Young (Normal) (G1 Evacuation Pause) 57M->47M(70M) 10.264ms
Dec 24 03:16:38 burnside uvmconsole: [3290713.478s][info][gc] GC(379246) Pause Young (Normal) (G1 Evacuation Pause) 57M->47M(70M) 6.302ms
Dec 24 03:16:51 burnside uvmconsole: [3290725.987s][info][gc] GC(379247) Pause Full (System.gc()) 50M->47M(70M) 308.638ms
Dec 24 03:17:19 burnside uvmconsole: [3290754.574s][info][gc] GC(379248) Pause Young (Normal) (G1 Evacuation Pause) 58M->47M(70M) 5.974ms
Dec 24 03:17:58 burnside uvmconsole: [3290793.293s][info][gc] GC(379249) Pause Young (Normal) (G1 Evacuation Pause) 57M->47M(70M) 5.924ms
Dec 24 03:18:25 burnside uvmconsole: [3290820.220s][info][gc] GC(379250) Pause Young (Normal) (G1 Evacuation Pause) 57M->47M(70M) 6.117ms
Dec 24 03:19:03 burnside uvmconsole: [3290858.167s][info][gc] GC(379251) Pause Young (Normal) (G1 Evacuation Pause) 57M->47M(70M) 6.729ms
Dec 24 03:19:25 burnside uvmconsole: [3290879.888s][info][gc] GC(379252) Pause Young (Normal) (G1 Evacuation Pause) 57M->47M(70M) 5.962ms
Dec 24 03:20:01 burnside uvmconsole: [3290915.916s][info][gc] GC(379253) Pause Young (Normal) (G1 Evacuation Pause) 57M->47M(70M) 6.705ms
Dec 24 03:20:21 burnside uvmconsole: [3290936.301s][info][gc] GC(379254) Pause Young (Normal) (G1 Evacuation Pause) 57M->47M(70M) 6.169ms
Dec 24 03:20:35 burnside uvmconsole: [3290950.684s][info][gc] GC(379255) Pause Young (Normal) (G1 Evacuation Pause) 57M->47M(70M) 6.576ms
Dec 24 03:21:01 burnside uvmconsole: [3290976.246s][info][gc] GC(379256) Pause Young (Normal) (G1 Evacuation Pause) 57M->47M(70M) 7.038ms
Dec 24 03:21:23 burnside uvmconsole: [3290998.654s][info][gc] GC(379257) Pause Young (Normal) (G1 Evacuation Pause) 57M->47M(70M) 6.515ms
Dec 24 03:21:51 burnside uvmconsole: [3291025.995s][info][gc] GC(379258) Pause Full (System.gc()) 54M->47M(70M) 316.631ms
Dec 24 03:22:15 burnside uvmconsole: [3291050.606s][info][gc] GC(379259) Pause Young (Normal) (G1 Evacuation Pause) 58M->47M(70M) 6.180ms
Dec 24 03:22:49 burnside uvmconsole: [3291084.501s][info][gc] GC(379260) Pause Young (Normal) (G1 Evacuation Pause) 57M->47M(70M) 5.916ms
Dec 24 03:23:12 burnside uvmconsole: [3291107.244s][info][gc] GC(379261) Pause Young (Normal) (G1 Evacuation Pause) 57M->47M(70M) 6.848ms
Dec 24 03:23:44 burnside uvmconsole: [3291139.354s][info][gc] GC(379262) Pause Young (Normal) (G1 Evacuation Pause) 57M->47M(70M) 6.526ms
Dec 24 03:24:18 burnside uvmconsole: [3291172.940s][info][gc] GC(379263) Pause Young (Normal) (G1 Evacuation Pause) 57M->47M(70M) 6.437ms
Dec 24 03:24:58 burnside uvmconsole: [3291213.101s][info][gc] GC(379264) Pause Young (Normal) (G1 Evacuation Pause) 57M->47M(70M) 6.567ms
Dec 24 03:25:17 burnside uvmconsole: [3291232.675s][info][gc] GC(379265) Pause Young (Normal) (G1 Evacuation Pause) 57M->47M(70M) 6.623ms
Dec 24 03:25:49 burnside uvmconsole: [3291263.941s][info][gc] GC(379266) Pause Young (Normal) (G1 Evacuation Pause) 57M->47M(70M) 6.054ms
Dec 24 03:26:13 burnside uvmconsole: [3291288.641s][info][gc] GC(379267) Pause Young (Normal) (G1 Evacuation Pause) 57M->47M(70M) 9.399ms
Dec 24 03:26:31 burnside uvmconsole: [3291305.791s][info][gc] GC(379268) Pause Young (Normal) (G1 Evacuation Pause) 57M->47M(70M) 6.066ms
Dec 24 03:26:51 burnside uvmconsole: [3291325.989s][info][gc] GC(379269) Pause Full (System.gc()) 53M->47M(70M) 310.407ms
Dec 24 03:27:03 burnside uvmconsole: [3291337.978s][info][gc] GC(379270) Pause Young (Normal) (G1 Evacuation Pause) 57M->47M(70M) 5.790ms
Dec 24 03:27:27 burnside uvmconsole: [3291362.420s][info][gc] GC(379271) Pause Young (Normal) (G1 Evacuation Pause) 57M->47M(70M) 5.706ms
Dec 24 03:27:59 burnside uvmconsole: [3291394.188s][info][gc] GC(379272) Pause Young (Normal) (G1 Evacuation Pause) 57M->47M(70M) 6.144ms
Dec 24 03:28:29 burnside uvmconsole: [3291424.403s][info][gc] GC(379273) Pause Young (Normal) (G1 Evacuation Pause) 57M->47M(70M) 6.263ms
Dec 24 03:29:00 burnside uvmconsole: [3291454.787s][info][gc] GC(379274) Pause Young (Normal) (G1 Evacuation Pause) 57M->47M(70M) 6.391ms
Dec 24 03:29:20 burnside uvmconsole: [3291475.229s][info][gc] GC(379275) Pause Young (Normal) (G1 Evacuation Pause) 57M->47M(70M) 6.624ms
Dec 24 03:29:55 burnside uvmconsole: [3291510.183s][info][gc] GC(379276) Pause Young (Normal) (G1 Evacuation Pause) 57M->47M(70M) 6.562ms
Dec 24 03:30:03 burnside uvmconsole: [3291518.637s][info][gc] GC(379277) Pause Young (Normal) (G1 Evacuation Pause) 57M->47M(70M) 5.913ms
Dec 24 03:30:35 burnside uvmconsole: [3291550.406s][info][gc] GC(379278) Pause Young (Normal) (G1 Evacuation Pause) 57M->47M(70M) 6.154ms
Dec 24 03:31:01 burnside uvmconsole: [3291576.206s][info][gc] GC(379279) Pause Young (Normal) (G1 Evacuation Pause) 57M->47M(70M) 6.862ms
Dec 24 03:31:31 burnside uvmconsole: [3291606.427s][info][gc] GC(379280) Pause Young (Normal) (G1 Evacuation Pause) 57M->47M(70M) 6.264ms
Dec 24 03:31:51 burnside uvmconsole: [3291625.994s][info][gc] GC(379281) Pause Full (System.gc()) 52M->47M(70M) 315.167ms
Dec 24 03:32:17 burnside uvmconsole: [3291651.845s][info][gc] GC(379282) Pause Young (Normal) (G1 Evacuation Pause) 58M->47M(70M) 6.678ms
Dec 24 03:32:57 burnside uvmconsole: [3291692.313s][info][gc] GC(379283) Pause Young (Normal) (G1 Evacuation Pause) 57M->47M(70M) 6.229ms
Dec 24 03:33:19 burnside uvmconsole: [3291714.281s][info][gc] GC(379284) Pause Young (Normal) (G1 Evacuation Pause) 57M->47M(70M) 6.179ms
Dec 24 03:33:53 burnside uvmconsole: [3291748.039s][info][gc] GC(379285) Pause Young (Normal) (G1 Evacuation Pause) 57M->47M(70M) 6.377ms
Dec 24 03:34:17 burnside uvmconsole: [3291772.451s][info][gc] GC(379286) Pause Young (Normal) (G1 Evacuation Pause) 57M->47M(70M) 6.405ms
Dec 24 03:34:59 burnside uvmconsole: [3291814.186s][info][gc] GC(379287) Pause Young (Normal) (G1 Evacuation Pause) 57M->47M(70M) 6.297ms
Dec 24 03:35:23 burnside uvmconsole: [3291838.639s][info][gc] GC(379288) Pause Young (Normal) (G1 Evacuation Pause) 57M->47M(70M) 6.088ms
Dec 24 03:35:54 burnside uvmconsole: [3291869.204s][info][gc] GC(379289) Pause Young (Normal) (G1 Evacuation Pause) 57M->47M(70M) 6.717ms
Dec 24 03:36:04 burnside uvmconsole: [3291879.363s][info][gc] GC(379290) Pause Young (Normal) (G1 Evacuation Pause) 57M->47M(70M) 6.587ms
Dec 24 03:36:29 burnside uvmconsole: [3291903.808s][info][gc] GC(379291) Pause Young (Normal) (G1 Evacuation Pause) 57M->47M(70M) 6.109ms
Dec 24 03:36:51 burnside uvmconsole: [3291925.991s][info][gc] GC(379292) Pause Full (System.gc()) 57M->47M(70M) 313.212ms
Dec 24 03:37:20 burnside uvmconsole: [3291955.371s][info][gc] GC(379293) Pause Young (Normal) (G1 Evacuation Pause) 59M->47M(70M) 6.654ms
Dec 24 03:37:58 burnside uvmconsole: [3291992.986s][info][gc] GC(379294) Pause Young (Normal) (G1 Evacuation Pause) 58M->47M(70M) 6.530ms
Dec 24 03:38:26 burnside uvmconsole: [3292020.766s][info][gc] GC(379295) Pause Young (Normal) (G1 Evacuation Pause) 58M->47M(70M) 6.569ms
Dec 24 03:38:56 burnside uvmconsole: [3292050.872s][info][gc] GC(379296) Pause Young (Normal) (G1 Evacuation Pause) 58M->47M(70M) 6.339ms
Dec 24 03:39:23 burnside uvmconsole: [3292078.652s][info][gc] GC(379297) Pause Young (Normal) (G1 Evacuation Pause) 58M->47M(70M) 6.865ms
Dec 24 03:39:58 burnside uvmconsole: [3292113.313s][info][gc] GC(379298) Pause Young (Normal) (G1 Evacuation Pause) 58M->47M(70M) 6.520ms
Dec 24 03:40:16 burnside uvmconsole: [3292131.256s][info][gc] GC(379299) Pause Young (Normal) (G1 Evacuation Pause) 58M->47M(70M) 6.921ms
Dec 24 03:40:51 burnside uvmconsole: [3292166.513s][info][gc] GC(379300) Pause Young (Normal) (G1 Evacuation Pause) 58M->47M(70M) 6.458ms
Dec 24 03:41:17 burnside uvmconsole: [3292191.819s][info][gc] GC(379301) Pause Young (Normal) (G1 Evacuation Pause) 58M->47M(70M) 6.876ms
Dec 24 03:41:48 burnside uvmconsole: [3292223.155s][info][gc] GC(379302) Pause Young (Normal) (G1 Evacuation Pause) 58M->47M(70M) 7.404ms
Dec 24 03:41:51 burnside uvmconsole: [3292225.989s][info][gc] GC(379303) Pause Full (System.gc()) 49M->47M(70M) 310.064ms
Dec 24 03:42:13 burnside uvmconsole: [3292248.653s][info][gc] GC(379304) Pause Young (Normal) (G1 Evacuation Pause) 57M->47M(70M) 5.753ms
Dec 24 03:42:49 burnside uvmconsole: [3292284.598s][info][gc] GC(379305) Pause Young (Normal) (G1 Evacuation Pause) 57M->47M(70M) 6.246ms
Dec 24 03:43:16 burnside uvmconsole: [3292311.369s][info][gc] GC(379306) Pause Young (Normal) (G1 Evacuation Pause) 57M->47M(70M) 6.170ms
Dec 24 03:43:43 burnside uvmconsole: [3292338.638s][info][gc] GC(379307) Pause Young (Normal) (G1 Evacuation Pause) 57M->47M(70M) 6.132ms
Dec 24 03:44:18 burnside uvmconsole: [3292372.881s][info][gc] GC(379308) Pause Young (Normal) (G1 Evacuation Pause) 57M->47M(70M) 6.006ms
Dec 24 03:44:56 burnside uvmconsole: [3292411.038s][info][gc] GC(379309) Pause Young (Normal) (G1 Evacuation Pause) 57M->47M(70M) 6.022ms
Dec 24 03:45:17 burnside uvmconsole: [3292432.095s][info][gc] GC(379310) Pause Young (Normal) (G1 Evacuation Pause) 57M->47M(70M) 6.303ms
Dec 24 03:45:45 burnside uvmconsole: [3292460.037s][info][gc] GC(379311) Pause Young (Normal) (G1 Evacuation Pause) 57M->47M(70M) 5.971ms
Dec 24 03:46:07 burnside uvmconsole: [3292482.111s][info][gc] GC(379312) Pause Young (Normal) (G1 Evacuation Pause) 57M->47M(70M) 6.632ms
Dec 24 03:46:31 burnside uvmconsole: [3292505.926s][info][gc] GC(379313) Pause Young (Normal) (G1 Evacuation Pause) 57M->47M(70M) 6.758ms
Dec 24 03:46:51 burnside uvmconsole: [3292525.990s][info][gc] GC(379314) Pause Full (System.gc()) 52M->47M(70M) 312.113ms
Dec 24 03:47:13 burnside uvmconsole: [3292548.638s][info][gc] GC(379315) Pause Young (Normal) (G1 Evacuation Pause) 57M->47M(70M) 5.977ms
Dec 24 03:47:53 burnside uvmconsole: [3292588.652s][info][gc] GC(379316) Pause Young (Normal) (G1 Evacuation Pause) 57M->47M(70M) 6.099ms
Dec 24 03:48:24 burnside uvmconsole: [3292619.099s][info][gc] GC(379317) Pause Young (Normal) (G1 Evacuation Pause) 57M->47M(70M) 5.936ms
Dec 24 03:49:00 burnside uvmconsole: [3292655.617s][info][gc] GC(379318) Pause Young (Normal) (G1 Evacuation Pause) 57M->47M(70M) 6.331ms
Dec 24 03:49:12 burnside uvmconsole: [3292667.047s][info][gc] GC(379319) Pause Young (Normal) (G1 Evacuation Pause) 57M->47M(70M) 6.172ms
Dec 24 03:49:43 burnside uvmconsole: [3292698.653s][info][gc] GC(379320) Pause Young (Normal) (G1 Evacuation Pause) 57M->47M(70M) 7.322ms
Dec 24 03:50:04 burnside uvmconsole: [3292719.474s][info][gc] GC(379321) Pause Young (Normal) (G1 Evacuation Pause) 57M->47M(70M) 6.775ms
Dec 24 03:50:29 burnside uvmconsole: [3292744.603s][info][gc] GC(379322) Pause Young (Normal) (G1 Evacuation Pause) 56M->47M(70M) 5.984ms
Dec 24 03:50:51 burnside uvmconsole: [3292766.337s][info][gc] GC(379323) Pause Young (Normal) (G1 Evacuation Pause) 56M->47M(70M) 6.646ms
Dec 24 03:51:10 burnside uvmconsole: [3292785.743s][info][gc] GC(379324) Pause Young (Normal) (G1 Evacuation Pause) 56M->47M(70M) 6.872ms
Dec 24 03:51:38 burnside uvmconsole: [3292813.625s][info][gc] GC(379325) Pause Young (Normal) (G1 Evacuation Pause) 56M->47M(70M) 8.717ms
Dec 24 03:51:51 burnside uvmconsole: [3292825.995s][info][gc] GC(379326) Pause Full (System.gc()) 50M->47M(70M) 316.380ms
Dec 24 03:52:21 burnside uvmconsole: [3292855.881s][info][gc] GC(379327) Pause Young (Normal) (G1 Evacuation Pause) 58M->47M(70M) 5.855ms
Dec 24 03:52:59 burnside uvmconsole: [3292894.187s][info][gc] GC(379328) Pause Young (Normal) (G1 Evacuation Pause) 58M->47M(70M) 6.606ms
Dec 24 03:53:31 burnside uvmconsole: [3292926.236s][info][gc] GC(379329) Pause Young (Normal) (G1 Evacuation Pause) 58M->47M(70M) 6.381ms
Dec 24 03:54:12 burnside uvmconsole: [3292966.960s][info][gc] GC(379330) Pause Young (Normal) (G1 Evacuation Pause) 58M->47M(70M) 6.403ms
Dec 24 03:54:56 burnside uvmconsole: [3293010.924s][info][gc] GC(379331) Pause Young (Normal) (G1 Evacuation Pause) 58M->47M(70M) 6.174ms
Dec 24 03:55:13 burnside uvmconsole: [3293028.392s][info][gc] GC(379332) Pause Young (Normal) (G1 Evacuation Pause) 58M->47M(70M) 6.151ms
Dec 24 03:55:43 burnside uvmconsole: [3293057.866s][info][gc] GC(379333) Pause Young (Normal) (G1 Evacuation Pause) 58M->47M(70M) 6.571ms
Dec 24 03:56:08 burnside uvmconsole: [3293083.002s][info][gc] GC(379334) Pause Young (Normal) (G1 Evacuation Pause) 58M->47M(70M) 9.340ms
Dec 24 03:56:44 burnside uvmconsole: [3293119.617s][info][gc] GC(379335) Pause Young (Normal) (G1 Evacuation Pause) 58M->47M(70M) 9.201ms
Dec 24 03:56:51 burnside uvmconsole: [3293125.988s][info][gc] GC(379336) Pause Full (System.gc()) 49M->47M(70M) 309.974ms
Dec 24 03:57:18 burnside uvmconsole: [3293153.722s][info][gc] GC(379337) Pause Young (Normal) (G1 Evacuation Pause) 59M->47M(70M) 6.165ms
Dec 24 03:58:00 burnside uvmconsole: [3293194.786s][info][gc] GC(379338) Pause Young (Normal) (G1 Evacuation Pause) 58M->47M(70M) 6.616ms
Dec 24 03:58:31 burnside uvmconsole: [3293226.441s][info][gc] GC(379339) Pause Young (Normal) (G1 Evacuation Pause) 58M->47M(70M) 6.390ms
Dec 24 03:59:08 burnside uvmconsole: [3293263.351s][info][gc] GC(379340) Pause Young (Normal) (G1 Evacuation Pause) 58M->47M(70M) 6.346ms
Dec 24 03:59:40 burnside uvmconsole: [3293295.029s][info][gc] GC(379341) Pause Young (Normal) (G1 Evacuation Pause) 58M->47M(70M) 6.155ms
Dec 24 04:00:00 burnside uvmconsole: [3293315.171s][info][gc] GC(379342) Pause Young (Normal) (G1 Evacuation Pause) 58M->47M(70M) 6.175ms
Dec 24 04:00:16 burnside uvmconsole: [3293331.286s][info][gc] GC(379343) Pause Young (Normal) (G1 Evacuation Pause) 58M->47M(70M) 6.331ms
Dec 24 04:00:48 burnside uvmconsole: [3293363.179s][info][gc] GC(379344) Pause Young (Normal) (G1 Evacuation Pause) 58M->47M(70M) 6.535ms
Dec 24 04:01:11 burnside uvmconsole: [3293386.025s][info][gc] GC(379345) Pause Young (Normal) (G1 Evacuation Pause) 58M->47M(70M) 7.195ms
Dec 24 04:01:41 burnside uvmconsole: [3293416.680s][info][gc] GC(379346) Pause Young (Normal) (G1 Evacuation Pause) 58M->47M(70M) 6.431ms
Dec 24 04:01:51 burnside uvmconsole: [3293425.998s][info][gc] GC(379347) Pause Full (System.gc()) 50M->47M(70M) 318.809ms
Dec 24 04:02:13 burnside uvmconsole: [3293448.654s][info][gc] GC(379348) Pause Young (Normal) (G1 Evacuation Pause) 57M->47M(70M) 6.370ms
Dec 24 04:02:53 burnside uvmconsole: [3293488.638s][info][gc] GC(379349) Pause Young (Normal) (G1 Evacuation Pause) 57M->47M(70M) 5.962ms
Dec 24 04:03:21 burnside uvmconsole: [3293516.023s][info][gc] GC(379350) Pause Young (Normal) (G1 Evacuation Pause) 57M->47M(70M) 5.978ms
Dec 24 04:03:57 burnside uvmconsole: [3293552.000s][info][gc] GC(379351) Pause Young (Normal) (G1 Evacuation Pause) 57M->47M(70M) 6.240ms
Dec 24 04:04:23 burnside uvmconsole: [3293578.654s][info][gc] GC(379352) Pause Young (Normal) (G1 Evacuation Pause) 57M->47M(70M) 6.213ms
Dec 24 04:05:00 burnside uvmconsole: [3293615.599s][info][gc] GC(379353) Pause Young (Normal) (G1 Evacuation Pause) 57M->47M(70M) 7.407ms
Dec 24 04:05:14 burnside uvmconsole: [3293629.195s][info][gc] GC(379354) Pause Young (Normal) (G1 Evacuation Pause) 57M->47M(70M) 6.224ms
Dec 24 04:05:30 burnside uvmconsole: [3293645.348s][info][gc] GC(379355) Pause Young (Normal) (G1 Evacuation Pause) 57M->47M(70M) 6.207ms
Dec 24 04:06:00 burnside uvmconsole: [3293674.788s][info][gc] GC(379356) Pause Young (Normal) (G1 Evacuation Pause) 57M->47M(70M) 6.653ms
Dec 24 04:06:14 burnside uvmconsole: [3293689.736s][info][gc] GC(379357) Pause Young (Normal) (G1 Evacuation Pause) 57M->47M(70M) 6.771ms
Dec 24 04:06:43 burnside uvmconsole: [3293718.656s][info][gc] GC(379358) Pause Young (Normal) (G1 Evacuation Pause) 56M->47M(70M) 6.918ms
Dec 24 04:06:51 burnside uvmconsole: [3293725.991s][info][gc] GC(379359) Pause Full (System.gc()) 49M->47M(70M) 312.059ms
Dec 24 04:07:14 burnside uvmconsole: [3293748.855s][info][gc] GC(379360) Pause Young (Normal) (G1 Evacuation Pause) 58M->47M(70M) 6.697ms
Dec 24 04:07:56 burnside uvmconsole: [3293791.423s][info][gc] GC(379361) Pause Young (Normal) (G1 Evacuation Pause) 57M->47M(70M) 6.168ms
Dec 24 04:08:10 burnside uvmconsole: [3293805.169s][info][gc] GC(379362) Pause Young (Normal) (G1 Evacuation Pause) 57M->47M(70M) 8.398ms
Dec 24 04:08:36 burnside uvmconsole: [3293830.842s][info][gc] GC(379363) Pause Young (Normal) (G1 Evacuation Pause) 57M->47M(70M) 5.849ms
Dec 24 04:09:06 burnside uvmconsole: [3293861.441s][info][gc] GC(379364) Pause Young (Normal) (G1 Evacuation Pause) 57M->47M(70M) 6.428ms
Dec 24 04:09:38 burnside uvmconsole: [3293892.982s][info][gc] GC(379365) Pause Young (Normal) (G1 Evacuation Pause) 57M->47M(70M) 6.030ms
Dec 24 04:10:07 burnside uvmconsole: [3293922.034s][info][gc] GC(379366) Pause Young (Normal) (G1 Evacuation Pause) 57M->47M(70M) 6.319ms
Dec 24 04:10:24 burnside uvmconsole: [3293939.391s][info][gc] GC(379367) Pause Young (Normal) (G1 Evacuation Pause) 57M->47M(70M) 7.464ms
Dec 24 04:10:47 burnside uvmconsole: [3293961.900s][info][gc] GC(379368) Pause Young (Normal) (G1 Evacuation Pause) 57M->47M(70M) 5.913ms
Dec 24 04:11:09 burnside uvmconsole: [3293984.435s][info][gc] GC(379369) Pause Young (Normal) (G1 Evacuation Pause) 57M->47M(70M) 6.820ms
Dec 24 04:11:42 burnside uvmconsole: [3294017.432s][info][gc] GC(379370) Pause Young (Normal) (G1 Evacuation Pause) 57M->47M(70M) 6.085ms
Dec 24 04:11:51 burnside uvmconsole: [3294025.989s][info][gc] GC(379371) Pause Full (System.gc()) 50M->47M(70M) 310.743ms
Dec 24 04:12:19 burnside uvmconsole: [3294054.027s][info][gc] GC(379372) Pause Young (Normal) (G1 Evacuation Pause) 57M->47M(70M) 5.323ms
Dec 24 04:12:56 burnside uvmconsole: [3294091.560s][info][gc] GC(379373) Pause Young (Normal) (G1 Evacuation Pause) 57M->47M(70M) 6.188ms
Dec 24 04:13:19 burnside uvmconsole: [3294114.426s][info][gc] GC(379374) Pause Young (Normal) (G1 Evacuation Pause) 57M->47M(70M) 6.506ms
Dec 24 04:13:59 burnside uvmconsole: [3294154.186s][info][gc] GC(379375) Pause Young (Normal) (G1 Evacuation Pause) 57M->47M(70M) 6.513ms
Dec 24 04:14:26 burnside uvmconsole: [3294181.463s][info][gc] GC(379376) Pause Young (Normal) (G1 Evacuation Pause) 57M->47M(70M) 6.644ms
Dec 24 04:14:43 burnside uvmconsole: [3294198.639s][info][gc] GC(379377) Pause Young (Normal) (G1 Evacuation Pause) 57M->47M(70M) 6.356ms
Dec 24 04:15:00 burnside uvmconsole: [3294215.226s][info][gc] GC(379378) Pause Young (Normal) (G1 Evacuation Pause) 57M->47M(70M) 7.751ms
Dec 24 04:15:14 burnside uvmconsole: [3294229.122s][info][gc] GC(379379) Pause Young (Normal) (G1 Evacuation Pause) 56M->48M(70M) 6.852ms
Dec 24 04:15:41 burnside uvmconsole: [3294255.918s][info][gc] GC(379380) Pause Young (Normal) (G1 Evacuation Pause) 57M->48M(70M) 12.088ms
Dec 24 04:16:01 burnside uvmconsole: [3294276.094s][info][gc] GC(379381) Pause Young (Normal) (G1 Evacuation Pause) 57M->48M(70M) 8.493ms
Dec 24 04:16:24 burnside uvmconsole: [3294299.645s][info][gc] GC(379382) Pause Young (Normal) (G1 Evacuation Pause) 57M->47M(70M) 6.569ms
Dec 24 04:16:51 burnside uvmconsole: [3294325.986s][info][gc] GC(379383) Pause Full (System.gc()) 53M->47M(70M) 307.555ms
Dec 24 04:17:13 burnside uvmconsole: [3294348.649s][info][gc] GC(379384) Pause Young (Normal) (G1 Evacuation Pause) 56M->47M(70M) 5.866ms
Dec 24 04:17:49 burnside uvmconsole: [3294384.673s][info][gc] GC(379385) Pause Young (Normal) (G1 Evacuation Pause) 56M->47M(70M) 5.931ms
Dec 24 04:18:15 burnside uvmconsole: [3294409.756s][info][gc] GC(379386) Pause Young (Normal) (G1 Evacuation Pause) 56M->47M(70M) 5.792ms
Dec 24 04:18:51 burnside uvmconsole: [3294446.455s][info][gc] GC(379387) Pause Young (Normal) (G1 Evacuation Pause) 56M->47M(70M) 5.577ms
Dec 24 04:19:12 burnside uvmconsole: [3294467.559s][info][gc] GC(379388) Pause Young (Normal) (G1 Evacuation Pause) 56M->47M(70M) 6.495ms
Dec 24 04:19:40 burnside uvmconsole: [3294495.639s][info][gc] GC(379389) Pause Young (Normal) (G1 Evacuation Pause) 56M->47M(70M) 6.367ms
Dec 24 04:20:03 burnside uvmconsole: [3294518.502s][info][gc] GC(379390) Pause Young (Normal) (G1 Evacuation Pause) 56M->47M(70M) 7.637ms
Dec 24 04:20:23 burnside uvmconsole: [3294538.737s][info][gc] GC(379391) Pause Young (Normal) (G1 Evacuation Pause) 56M->47M(70M) 6.854ms
Dec 24 04:20:43 burnside uvmconsole: [3294558.654s][info][gc] GC(379392) Pause Young (Normal) (G1 Evacuation Pause) 56M->47M(70M) 6.444ms
Dec 24 04:21:04 burnside uvmconsole: [3294579.303s][info][gc] GC(379393) Pause Young (Normal) (G1 Evacuation Pause) 56M->47M(70M) 6.910ms
Dec 24 04:21:24 burnside uvmconsole: [3294599.743s][info][gc] GC(379394) Pause Young (Normal) (G1 Evacuation Pause) 56M->47M(70M) 6.388ms
Dec 24 04:21:51 burnside uvmconsole: [3294625.995s][info][gc] GC(379395) Pause Full (System.gc()) 53M->47M(70M) 316.097ms
Dec 24 04:22:13 burnside uvmconsole: [3294648.064s][info][gc] GC(379396) Pause Young (Normal) (G1 Evacuation Pause) 57M->47M(70M) 6.656ms
Dec 24 04:22:50 burnside uvmconsole: [3294685.480s][info][gc] GC(379397) Pause Young (Normal) (G1 Evacuation Pause) 56M->47M(70M) 5.977ms
Dec 24 04:23:15 burnside uvmconsole: [3294709.915s][info][gc] GC(379398) Pause Young (Normal) (G1 Evacuation Pause) 56M->47M(70M) 5.974ms
Dec 24 04:23:41 burnside uvmconsole: [3294736.286s][info][gc] GC(379399) Pause Young (Normal) (G1 Evacuation Pause) 56M->47M(70M) 6.052ms
Dec 24 04:24:02 burnside uvmconsole: [3294757.175s][info][gc] GC(379400) Pause Young (Normal) (G1 Evacuation Pause) 56M->47M(70M) 6.396ms
Dec 24 04:24:06 burnside uvmconsole: [3294760.776s][info][gc] GC(379401) Pause Young (Normal) (G1 Evacuation Pause) 56M->47M(70M) 7.780ms
Dec 24 04:24:06 burnside uvmconsole: [3294761.295s][info][gc] GC(379402) Pause Young (Normal) (G1 Evacuation Pause) 56M->48M(70M) 8.057ms
Dec 24 04:24:09 burnside uvmconsole: [3294764.427s][info][gc] GC(379403) Pause Young (Normal) (G1 Evacuation Pause) 57M->48M(70M) 7.831ms
Dec 24 04:24:13 burnside uvmconsole: [3294767.772s][info][gc] GC(379404) Pause Young (Normal) (G1 Evacuation Pause) 57M->48M(70M) 9.538ms
Dec 24 04:24:17 burnside uvmconsole: [3294771.837s][info][gc] GC(379405) Pause Young (Normal) (G1 Evacuation Pause) 57M->48M(70M) 8.058ms
Dec 24 04:24:37 burnside uvmconsole: [3294792.197s][info][gc] GC(379406) Pause Young (Normal) (G1 Evacuation Pause) 56M->48M(70M) 7.687ms
Dec 24 04:24:55 burnside uvmconsole: [3294809.838s][info][gc] GC(379407) Pause Young (Normal) (G1 Evacuation Pause) 57M->48M(70M) 8.092ms
Dec 24 04:25:07 burnside uvmconsole: [3294822.596s][info][gc] GC(379408) Pause Young (Normal) (G1 Evacuation Pause) 56M->48M(70M) 8.568ms
Dec 24 04:25:16 burnside uvmconsole: [3294831.495s][info][gc] GC(379409) Pause Young (Normal) (G1 Evacuation Pause) 56M->48M(70M) 8.072ms
Dec 24 04:25:19 burnside uvmconsole: [3294834.054s][info][gc] GC(379410) Pause Young (Normal) (G1 Evacuation Pause) 56M->48M(70M) 25.293ms
Dec 24 04:25:38 burnside uvmconsole: [3294853.450s][info][gc] GC(379411) Pause Young (Normal) (G1 Evacuation Pause) 56M->48M(70M) 7.687ms
Dec 24 04:26:03 burnside uvmconsole: [3294878.639s][info][gc] GC(379412) Pause Young (Normal) (G1 Evacuation Pause) 56M->48M(70M) 7.919ms
Dec 24 04:26:15 burnside uvmconsole: [3294890.530s][info][gc] GC(379413) Pause Young (Normal) (G1 Evacuation Pause) 56M->47M(70M) 7.983ms
Dec 24 04:26:29 burnside uvmconsole: [3294904.189s][info][gc] GC(379414) Pause Young (Normal) (G1 Evacuation Pause) 55M->47M(70M) 6.771ms
Dec 24 04:26:51 burnside uvmconsole: [3294925.999s][info][gc] GC(379415) Pause Full (System.gc()) 53M->47M(70M) 321.136ms
Dec 24 04:27:03 burnside uvmconsole: [3294938.114s][info][gc] GC(379416) Pause Young (Normal) (G1 Evacuation Pause) 56M->47M(70M) 5.909ms
Dec 24 04:27:20 burnside uvmconsole: [3294954.814s][info][gc] GC(379417) Pause Young (Normal) (G1 Evacuation Pause) 56M->47M(70M) 6.093ms
Dec 24 04:27:53 burnside uvmconsole: [3294988.616s][info][gc] GC(379418) Pause Young (Normal) (G1 Evacuation Pause) 56M->47M(70M) 6.148ms
Dec 24 04:28:15 burnside uvmconsole: [3295010.121s][info][gc] GC(379419) Pause Young (Normal) (G1 Evacuation Pause) 56M->47M(70M) 6.904ms
Dec 24 04:28:47 burnside uvmconsole: [3295041.960s][info][gc] GC(379420) Pause Young (Normal) (G1 Evacuation Pause) 56M->47M(70M) 6.241ms
Dec 24 04:29:12 burnside uvmconsole: [3295066.991s][info][gc] GC(379421) Pause Young (Normal) (G1 Evacuation Pause) 57M->47M(70M) 6.690ms
Dec 24 04:29:54 burnside uvmconsole: [3295109.696s][info][gc] GC(379422) Pause Young (Normal) (G1 Evacuation Pause) 57M->47M(70M) 5.600ms
Dec 24 04:30:03 burnside uvmconsole: [3295117.892s][info][gc] GC(379423) Pause Young (Normal) (G1 Evacuation Pause) 57M->47M(70M) 5.839ms
Dec 24 04:30:32 burnside uvmconsole: [3295146.867s][info][gc] GC(379424) Pause Young (Normal) (G1 Evacuation Pause) 57M->47M(70M) 9.381ms
Dec 24 04:30:57 burnside uvmconsole: [3295172.487s][info][gc] GC(379425) Pause Young (Normal) (G1 Evacuation Pause) 57M->47M(70M) 6.791ms
Dec 24 04:31:18 burnside uvmconsole: [3295193.134s][info][gc] GC(379426) Pause Young (Normal) (G1 Evacuation Pause) 57M->47M(70M) 6.578ms
Dec 24 04:31:51 burnside uvmconsole: [3295225.989s][info][gc] GC(379427) Pause Full (System.gc()) 56M->47M(70M) 310.543ms
Dec 24 04:32:15 burnside uvmconsole: [3295250.240s][info][gc] GC(379428) Pause Young (Normal) (G1 Evacuation Pause) 58M->47M(70M) 6.591ms
Dec 24 04:32:53 burnside uvmconsole: [3295288.654s][info][gc] GC(379429) Pause Young (Normal) (G1 Evacuation Pause) 57M->47M(70M) 6.060ms
Dec 24 04:33:16 burnside uvmconsole: [3295311.670s][info][gc] GC(379430) Pause Young (Normal) (G1 Evacuation Pause) 57M->47M(70M) 6.532ms
Dec 24 04:33:50 burnside uvmconsole: [3295345.143s][info][gc] GC(379431) Pause Young (Normal) (G1 Evacuation Pause) 57M->47M(70M) 6.290ms
Dec 24 04:34:16 burnside uvmconsole: [3295371.678s][info][gc] GC(379432) Pause Young (Normal) (G1 Evacuation Pause) 57M->47M(70M) 6.446ms
Dec 24 04:34:56 burnside uvmconsole: [3295411.002s][info][gc] GC(379433) Pause Young (Normal) (G1 Evacuation Pause) 57M->47M(70M) 6.435ms
Dec 24 04:35:15 burnside uvmconsole: [3295430.102s][info][gc] GC(379434) Pause Young (Normal) (G1 Evacuation Pause) 57M->47M(70M) 6.886ms
Dec 24 04:35:43 burnside uvmconsole: [3295458.637s][info][gc] GC(379435) Pause Young (Normal) (G1 Evacuation Pause) 57M->47M(70M) 6.200ms
Dec 24 04:36:00 burnside uvmconsole: [3295474.787s][info][gc] GC(379436) Pause Young (Normal) (G1 Evacuation Pause) 57M->47M(70M) 7.089ms
Dec 24 04:36:18 burnside uvmconsole: [3295493.703s][info][gc] GC(379437) Pause Young (Normal) (G1 Evacuation Pause) 57M->47M(70M) 6.690ms
Dec 24 04:36:43 burnside uvmconsole: [3295518.654s][info][gc] GC(379438) Pause Young (Normal) (G1 Evacuation Pause) 57M->47M(70M) 6.170ms
Dec 24 04:36:51 burnside uvmconsole: [3295525.989s][info][gc] GC(379439) Pause Full (System.gc()) 49M->47M(70M) 310.528ms
Dec 24 04:37:09 burnside uvmconsole: [3295544.674s][info][gc] GC(379440) Pause Young (Normal) (G1 Evacuation Pause) 57M->47M(70M) 5.967ms
Dec 24 04:37:52 burnside uvmconsole: [3295587.226s][info][gc] GC(379441) Pause Young (Normal) (G1 Evacuation Pause) 57M->47M(70M) 5.899ms
Dec 24 04:38:19 burnside uvmconsole: [3295614.112s][info][gc] GC(379442) Pause Young (Normal) (G1 Evacuation Pause) 57M->47M(70M) 8.394ms
Dec 24 04:38:51 burnside uvmconsole: [3295646.362s][info][gc] GC(379443) Pause Young (Normal) (G1 Evacuation Pause) 57M->47M(70M) 6.558ms
Dec 24 04:39:15 burnside uvmconsole: [3295670.512s][info][gc] GC(379444) Pause Young (Normal) (G1 Evacuation Pause) 57M->47M(70M) 6.401ms
Dec 24 04:39:56 burnside uvmconsole: [3295710.997s][info][gc] GC(379445) Pause Young (Normal) (G1 Evacuation Pause) 57M->47M(70M) 6.409ms
Dec 24 04:40:13 burnside uvmconsole: [3295727.897s][info][gc] GC(379446) Pause Young (Normal) (G1 Evacuation Pause) 57M->47M(70M) 6.739ms
Dec 24 04:40:43 burnside uvmconsole: [3295757.768s][info][gc] GC(379447) Pause Young (Normal) (G1 Evacuation Pause) 57M->47M(70M) 6.111ms
Dec 24 04:41:09 burnside uvmconsole: [3295783.936s][info][gc] GC(379448) Pause Young (Normal) (G1 Evacuation Pause) 57M->47M(70M) 6.840ms
Dec 24 04:41:25 burnside uvmconsole: [3295799.905s][info][gc] GC(379449) Pause Young (Normal) (G1 Evacuation Pause) 56M->47M(70M) 6.575ms
Dec 24 04:41:47 burnside uvmconsole: [3295822.483s][info][gc] GC(379450) Pause Young (Normal) (G1 Evacuation Pause) 56M->47M(70M) 8.593ms
Dec 24 04:41:51 burnside uvmconsole: [3295825.991s][info][gc] GC(379451) Pause Full (System.gc()) 49M->47M(70M) 311.721ms
Dec 24 04:42:13 burnside uvmconsole: [3295848.740s][info][gc] GC(379452) Pause Young (Normal) (G1 Evacuation Pause) 57M->47M(70M) 5.828ms
Dec 24 04:42:40 burnside uvmconsole: [3295875.139s][info][gc] GC(379453) Pause Young (Normal) (G1 Evacuation Pause) 56M->47M(70M) 6.187ms
Dec 24 04:43:03 burnside uvmconsole: [3295898.447s][info][gc] GC(379454) Pause Young (Normal) (G1 Evacuation Pause) 56M->47M(70M) 6.371ms
Dec 24 04:43:39 burnside uvmconsole: [3295933.807s][info][gc] GC(379455) Pause Young (Normal) (G1 Evacuation Pause) 56M->47M(70M) 6.322ms
Dec 24 04:44:13 burnside uvmconsole: [3295967.862s][info][gc] GC(379456) Pause Young (Normal) (G1 Evacuation Pause) 56M->47M(70M) 6.449ms
Dec 24 04:44:45 burnside uvmconsole: [3295999.902s][info][gc] GC(379457) Pause Young (Normal) (G1 Evacuation Pause) 56M->47M(70M) 5.806ms
Dec 24 04:45:05 burnside uvmconsole: [3296020.548s][info][gc] GC(379458) Pause Young (Normal) (G1 Evacuation Pause) 56M->47M(70M) 5.935ms
Dec 24 04:45:33 burnside uvmconsole: [3296048.650s][info][gc] GC(379459) Pause Young (Normal) (G1 Evacuation Pause) 56M->47M(70M) 5.926ms
Dec 24 04:45:58 burnside uvmconsole: [3296073.445s][info][gc] GC(379460) Pause Young (Normal) (G1 Evacuation Pause) 56M->47M(70M) 6.251ms
Dec 24 04:46:15 burnside uvmconsole: [3296090.166s][info][gc] GC(379461) Pause Young (Normal) (G1 Evacuation Pause) 56M->47M(70M) 6.038ms
Dec 24 04:46:42 burnside uvmconsole: [3296116.944s][info][gc] GC(379462) Pause Young (Normal) (G1 Evacuation Pause) 56M->47M(70M) 6.273ms
Dec 24 04:46:51 burnside uvmconsole: [3296125.989s][info][gc] GC(379463) Pause Full (System.gc()) 49M->47M(70M) 309.600ms
Dec 24 04:47:18 burnside uvmconsole: [3296153.077s][info][gc] GC(379464) Pause Young (Normal) (G1 Evacuation Pause) 58M->47M(70M) 6.133ms
Dec 24 04:47:59 burnside uvmconsole: [3296194.354s][info][gc] GC(379465) Pause Young (Normal) (G1 Evacuation Pause) 57M->47M(70M) 5.838ms
Dec 24 04:48:29 burnside uvmconsole: [3296224.398s][info][gc] GC(379466) Pause Young (Normal) (G1 Evacuation Pause) 57M->47M(70M) 5.863ms
Dec 24 04:49:02 burnside uvmconsole: [3296257.396s][info][gc] GC(379467) Pause Young (Normal) (G1 Evacuation Pause) 57M->47M(70M) 6.289ms
Dec 24 04:49:18 burnside uvmconsole: [3296273.630s][info][gc] GC(379468) Pause Young (Normal) (G1 Evacuation Pause) 57M->47M(70M) 6.409ms
Dec 24 04:49:57 burnside uvmconsole: [3296312.549s][info][gc] GC(379469) Pause Young (Normal) (G1 Evacuation Pause) 57M->47M(70M) 6.567ms
Dec 24 04:50:16 burnside uvmconsole: [3296330.904s][info][gc] GC(379470) Pause Young (Normal) (G1 Evacuation Pause) 57M->47M(70M) 7.820ms
Dec 24 04:50:43 burnside uvmconsole: [3296358.652s][info][gc] GC(379471) Pause Young (Normal) (G1 Evacuation Pause) 57M->47M(70M) 6.766ms
Dec 24 04:51:05 burnside uvmconsole: [3296380.543s][info][gc] GC(379472) Pause Young (Normal) (G1 Evacuation Pause) 57M->47M(70M) 7.010ms
Dec 24 04:51:38 burnside uvmconsole: [3296413.184s][info][gc] GC(379473) Pause Young (Normal) (G1 Evacuation Pause) 57M->47M(70M) 6.411ms
Dec 24 04:51:51 burnside uvmconsole: [3296425.999s][info][gc] GC(379474) Pause Full (System.gc()) 50M->47M(70M) 320.502ms
Dec 24 04:52:19 burnside uvmconsole: [3296453.894s][info][gc] GC(379475) Pause Young (Normal) (G1 Evacuation Pause) 58M->47M(70M) 6.464ms
Dec 24 04:52:59 burnside uvmconsole: [3296494.138s][info][gc] GC(379476) Pause Young (Normal) (G1 Evacuation Pause) 57M->47M(70M) 5.867ms
Dec 24 04:53:27 burnside uvmconsole: [3296522.194s][info][gc] GC(379477) Pause Young (Normal) (G1 Evacuation Pause) 57M->47M(70M) 6.351ms
Dec 24 04:54:04 burnside uvmconsole: [3296559.286s][info][gc] GC(379478) Pause Young (Normal) (G1 Evacuation Pause) 57M->47M(70M) 6.384ms
Dec 24 04:54:31 burnside uvmconsole: [3296586.264s][info][gc] GC(379479) Pause Young (Normal) (G1 Evacuation Pause) 57M->47M(70M) 6.558ms
Dec 24 04:55:00 burnside uvmconsole: [3296614.788s][info][gc] GC(379480) Pause Young (Normal) (G1 Evacuation Pause) 57M->47M(70M) 6.613ms
Dec 24 04:55:25 burnside uvmconsole: [3296640.374s][info][gc] GC(379481) Pause Young (Normal) (G1 Evacuation Pause) 57M->47M(70M) 6.652ms
Dec 24 04:55:53 burnside uvmconsole: [3296668.639s][info][gc] GC(379482) Pause Young (Normal) (G1 Evacuation Pause) 57M->47M(70M) 7.048ms
Dec 24 04:56:16 burnside uvmconsole: [3296691.124s][info][gc] GC(379483) Pause Young (Normal) (G1 Evacuation Pause) 57M->47M(70M) 7.343ms
Dec 24 04:56:51 burnside uvmconsole: [3296725.996s][info][gc] GC(379484) Pause Full (System.gc()) 56M->47M(70M) 317.334ms
Dec 24 04:57:13 burnside uvmconsole: [3296748.650s][info][gc] GC(379485) Pause Young (Normal) (G1 Evacuation Pause) 57M->47M(70M) 6.299ms
Dec 24 04:57:46 burnside uvmconsole: [3296781.288s][info][gc] GC(379486) Pause Young (Normal) (G1 Evacuation Pause) 56M->47M(70M) 6.001ms
Dec 24 04:58:13 burnside uvmconsole: [3296808.638s][info][gc] GC(379487) Pause Young (Normal) (G1 Evacuation Pause) 56M->47M(70M) 5.908ms
Dec 24 04:58:43 burnside uvmconsole: [3296838.651s][info][gc] GC(379488) Pause Young (Normal) (G1 Evacuation Pause) 56M->47M(70M) 5.958ms
Dec 24 04:59:09 burnside uvmconsole: [3296863.903s][info][gc] GC(379489) Pause Young (Normal) (G1 Evacuation Pause) 56M->47M(70M) 5.953ms
Dec 24 04:59:38 burnside uvmconsole: [3296892.807s][info][gc] GC(379490) Pause Young (Normal) (G1 Evacuation Pause) 56M->47M(70M) 6.413ms
Dec 24 04:59:59 burnside uvmconsole: [3296914.013s][info][gc] GC(379491) Pause Young (Normal) (G1 Evacuation Pause) 56M->47M(70M) 5.539ms
Dec 24 05:00:14 burnside uvmconsole: [3296929.205s][info][gc] GC(379492) Pause Young (Normal) (G1 Evacuation Pause) 56M->47M(70M) 5.989ms
Dec 24 05:00:42 burnside uvmconsole: [3296957.699s][info][gc] GC(379493) Pause Young (Normal) (G1 Evacuation Pause) 56M->47M(70M) 6.144ms
Dec 24 05:01:02 burnside uvmconsole: [3296976.942s][info][gc] GC(379494) Pause Young (Normal) (G1 Evacuation Pause) 56M->47M(70M) 9.703ms
Dec 24 05:01:24 burnside uvmconsole: [3296999.372s][info][gc] GC(379495) Pause Young (Normal) (G1 Evacuation Pause) 56M->47M(70M) 6.471ms
Dec 24 05:01:51 burnside uvmconsole: [3297025.996s][info][gc] GC(379496) Pause Full (System.gc()) 54M->47M(70M) 316.923ms
Dec 24 05:02:19 burnside uvmconsole: [3297054.186s][info][gc] GC(379497) Pause Young (Normal) (G1 Evacuation Pause) 58M->47M(70M) 9.341ms
Dec 24 05:02:53 burnside uvmconsole: [3297088.638s][info][gc] GC(379498) Pause Young (Normal) (G1 Evacuation Pause) 57M->47M(70M) 6.313ms
Dec 24 05:03:23 burnside uvmconsole: [3297118.239s][info][gc] GC(379499) Pause Young (Normal) (G1 Evacuation Pause) 57M->47M(70M) 6.027ms
Dec 24 05:04:04 burnside uvmconsole: [3297158.864s][info][gc] GC(379500) Pause Young (Normal) (G1 Evacuation Pause) 57M->47M(70M) 6.226ms
Dec 24 05:04:34 burnside uvmconsole: [3297189.227s][info][gc] GC(379501) Pause Young (Normal) (G1 Evacuation Pause) 57M->47M(70M) 5.843ms
Dec 24 05:05:04 burnside uvmconsole: [3297219.411s][info][gc] GC(379502) Pause Young (Normal) (G1 Evacuation Pause) 57M->47M(70M) 6.638ms
Dec 24 05:05:20 burnside uvmconsole: [3297234.757s][info][gc] GC(379503) Pause Young (Normal) (G1 Evacuation Pause) 57M->47M(70M) 7.682ms
Dec 24 05:05:51 burnside uvmconsole: [3297266.082s][info][gc] GC(379504) Pause Young (Normal) (G1 Evacuation Pause) 57M->47M(70M) 5.989ms
Dec 24 05:06:13 burnside uvmconsole: [3297288.356s][info][gc] GC(379505) Pause Young (Normal) (G1 Evacuation Pause) 57M->47M(70M) 6.263ms
Dec 24 05:06:45 burnside uvmconsole: [3297320.591s][info][gc] GC(379506) Pause Young (Normal) (G1 Evacuation Pause) 57M->47M(70M) 6.225ms
Dec 24 05:06:51 burnside uvmconsole: [3297325.996s][info][gc] GC(379507) Pause Full (System.gc()) 49M->47M(70M) 318.401ms
Dec 24 05:07:11 burnside uvmconsole: [3297345.774s][info][gc] GC(379508) Pause Young (Normal) (G1 Evacuation Pause) 57M->47M(70M) 6.564ms
Dec 24 05:07:46 burnside uvmconsole: [3297381.132s][info][gc] GC(379509) Pause Young (Normal) (G1 Evacuation Pause) 57M->47M(70M) 6.338ms
Dec 24 05:08:10 burnside uvmconsole: [3297405.137s][info][gc] GC(379510) Pause Young (Normal) (G1 Evacuation Pause) 57M->47M(70M) 7.327ms
Dec 24 05:08:31 burnside uvmconsole: [3297426.407s][info][gc] GC(379511) Pause Young (Normal) (G1 Evacuation Pause) 57M->47M(70M) 6.631ms
Dec 24 05:08:59 burnside uvmconsole: [3297454.188s][info][gc] GC(379512) Pause Young (Normal) (G1 Evacuation Pause) 57M->47M(70M) 7.259ms
Dec 24 05:09:20 burnside uvmconsole: [3297475.496s][info][gc] GC(379513) Pause Young (Normal) (G1 Evacuation Pause) 56M->47M(70M) 9.794ms
Dec 24 05:09:57 burnside uvmconsole: [3297512.738s][info][gc] GC(379514) Pause Young (Normal) (G1 Evacuation Pause) 56M->47M(70M) 7.669ms
Dec 24 05:10:18 burnside uvmconsole: [3297533.098s][info][gc] GC(379515) Pause Young (Normal) (G1 Evacuation Pause) 56M->47M(70M) 10.333ms
Dec 24 05:10:34 burnside uvmconsole: [3297548.962s][info][gc] GC(379516) Pause Young (Normal) (G1 Evacuation Pause) 56M->47M(70M) 6.038ms
Dec 24 05:10:56 burnside uvmconsole: [3297571.402s][info][gc] GC(379517) Pause Young (Normal) (G1 Evacuation Pause) 56M->47M(70M) 6.683ms
Dec 24 05:11:13 burnside uvmconsole: [3297588.653s][info][gc] GC(379518) Pause Young (Normal) (G1 Evacuation Pause) 56M->47M(70M) 7.804ms
Dec 24 05:11:42 burnside uvmconsole: [3297617.685s][info][gc] GC(379519) Pause Young (Normal) (G1 Evacuation Pause) 56M->47M(70M) 6.895ms
Dec 24 05:11:51 burnside uvmconsole: [3297625.992s][info][gc] GC(379520) Pause Full (System.gc()) 50M->47M(70M) 313.979ms
Dec 24 05:12:09 burnside uvmconsole: [3297644.267s][info][gc] GC(379521) Pause Young (Normal) (G1 Evacuation Pause) 57M->48M(70M) 7.320ms
Dec 24 05:12:29 burnside uvmconsole: [3297664.694s][info][gc] GC(379522) Pause Young (Normal) (G1 Evacuation Pause) 57M->47M(70M) 6.370ms
Dec 24 05:13:00 burnside uvmconsole: [3297694.903s][info][gc] GC(379523) Pause Young (Normal) (G1 Evacuation Pause) 57M->47M(70M) 20.400ms
Dec 24 05:13:33 burnside uvmconsole: [3297728.651s][info][gc] GC(379524) Pause Young (Normal) (G1 Evacuation Pause) 57M->47M(70M) 7.033ms
Dec 24 05:14:05 burnside uvmconsole: [3297759.971s][info][gc] GC(379525) Pause Young (Normal) (G1 Evacuation Pause) 57M->47M(70M) 8.055ms
Dec 24 05:14:30 burnside uvmconsole: [3297785.662s][info][gc] GC(379526) Pause Young (Normal) (G1 Evacuation Pause) 57M->47M(70M) 7.645ms
Dec 24 05:15:01 burnside uvmconsole: [3297816.094s][info][gc] GC(379527) Pause Young (Normal) (G1 Evacuation Pause) 57M->47M(70M) 7.552ms
Dec 24 05:15:23 burnside uvmconsole: [3297838.652s][info][gc] GC(379528) Pause Young (Normal) (G1 Evacuation Pause) 57M->47M(70M) 6.519ms
Dec 24 05:15:48 burnside uvmconsole: [3297863.446s][info][gc] GC(379529) Pause Young (Normal) (G1 Evacuation Pause) 57M->47M(70M) 7.135ms
Dec 24 05:16:13 burnside uvmconsole: [3297888.207s][info][gc] GC(379530) Pause Young (Normal) (G1 Evacuation Pause) 57M->47M(70M) 6.845ms
Dec 24 05:16:35 burnside uvmconsole: [3297910.222s][info][gc] GC(379531) Pause Young (Normal) (G1 Evacuation Pause) 57M->47M(70M) 6.901ms
Dec 24 05:16:51 burnside uvmconsole: [3297925.996s][info][gc] GC(379532) Pause Full (System.gc()) 50M->47M(70M) 317.898ms
Dec 24 05:17:16 burnside uvmconsole: [3297950.838s][info][gc] GC(379533) Pause Young (Normal) (G1 Evacuation Pause) 58M->47M(70M) 6.121ms
Dec 24 05:17:48 burnside uvmconsole: [3297983.304s][info][gc] GC(379534) Pause Young (Normal) (G1 Evacuation Pause) 57M->47M(70M) 5.941ms
Dec 24 05:18:17 burnside uvmconsole: [3298011.894s][info][gc] GC(379535) Pause Young (Normal) (G1 Evacuation Pause) 57M->47M(70M) 6.159ms
Dec 24 05:18:54 burnside uvmconsole: [3298048.927s][info][gc] GC(379536) Pause Young (Normal) (G1 Evacuation Pause) 57M->47M(70M) 6.116ms
Dec 24 05:19:17 burnside uvmconsole: [3298071.930s][info][gc] GC(379537) Pause Young (Normal) (G1 Evacuation Pause) 57M->47M(70M) 6.095ms
Dec 24 05:19:54 burnside uvmconsole: [3298109.525s][info][gc] GC(379538) Pause Young (Normal) (G1 Evacuation Pause) 57M->47M(70M) 6.213ms
Dec 24 05:20:17 burnside uvmconsole: [3298131.811s][info][gc] GC(379539) Pause Young (Normal) (G1 Evacuation Pause) 57M->47M(70M) 6.541ms
Dec 24 05:20:33 burnside uvmconsole: [3298147.935s][info][gc] GC(379540) Pause Young (Normal) (G1 Evacuation Pause) 57M->47M(70M) 6.581ms
Dec 24 05:20:55 burnside uvmconsole: [3298170.366s][info][gc] GC(379541) Pause Young (Normal) (G1 Evacuation Pause) 57M->47M(70M) 6.964ms
Dec 24 05:21:15 burnside uvmconsole: [3298190.066s][info][gc] GC(379542) Pause Young (Normal) (G1 Evacuation Pause) 57M->47M(70M) 6.855ms
Dec 24 05:21:46 burnside uvmconsole: [3298221.007s][info][gc] GC(379543) Pause Young (Normal) (G1 Evacuation Pause) 57M->47M(70M) 6.764ms
Dec 24 05:21:51 burnside uvmconsole: [3298225.992s][info][gc] GC(379544) Pause Full (System.gc()) 49M->47M(70M) 313.546ms
Dec 24 05:22:15 burnside uvmconsole: [3298250.183s][info][gc] GC(379545) Pause Young (Normal) (G1 Evacuation Pause) 58M->47M(70M) 6.180ms
Dec 24 05:22:58 burnside uvmconsole: [3298292.897s][info][gc] GC(379546) Pause Young (Normal) (G1 Evacuation Pause) 58M->47M(70M) 6.016ms
Dec 24 05:23:28 burnside uvmconsole: [3298322.853s][info][gc] GC(379547) Pause Young (Normal) (G1 Evacuation Pause) 58M->47M(70M) 6.607ms
Dec 24 05:24:07 burnside uvmconsole: [3298362.416s][info][gc] GC(379548) Pause Young (Normal) (G1 Evacuation Pause) 58M->47M(70M) 6.594ms
Dec 24 05:24:42 burnside uvmconsole: [3298396.993s][info][gc] GC(379549) Pause Young (Normal) (G1 Evacuation Pause) 58M->47M(70M) 6.970ms
Dec 24 05:25:08 burnside uvmconsole: [3298423.506s][info][gc] GC(379550) Pause Young (Normal) (G1 Evacuation Pause) 58M->47M(70M) 6.686ms
Dec 24 05:25:38 burnside uvmconsole: [3298453.530s][info][gc] GC(379551) Pause Young (Normal) (G1 Evacuation Pause) 58M->47M(70M) 8.077ms
Dec 24 05:26:09 burnside uvmconsole: [3298483.801s][info][gc] GC(379552) Pause Young (Normal) (G1 Evacuation Pause) 58M->48M(70M) 7.195ms
Dec 24 05:26:18 burnside uvmconsole: [3298493.182s][info][gc] GC(379553) Pause Young (Normal) (G1 Evacuation Pause) 59M->47M(70M) 6.660ms
Dec 24 05:26:51 burnside uvmconsole: [3298525.997s][info][gc] GC(379554) Pause Full (System.gc()) 57M->47M(70M) 318.317ms
Dec 24 05:27:03 burnside uvmconsole: [3298537.892s][info][gc] GC(379555) Pause Young (Normal) (G1 Evacuation Pause) 57M->47M(70M) 5.979ms
Dec 24 05:27:23 burnside uvmconsole: [3298558.637s][info][gc] GC(379556) Pause Young (Normal) (G1 Evacuation Pause) 57M->47M(70M) 6.351ms
Dec 24 05:28:00 burnside uvmconsole: [3298595.246s][info][gc] GC(379557) Pause Young (Normal) (G1 Evacuation Pause) 57M->47M(70M) 6.408ms
Dec 24 05:28:40 burnside uvmconsole: [3298635.678s][info][gc] GC(379558) Pause Young (Normal) (G1 Evacuation Pause) 57M->47M(70M) 6.728ms
Dec 24 05:29:08 burnside uvmconsole: [3298663.626s][info][gc] GC(379559) Pause Young (Normal) (G1 Evacuation Pause) 57M->47M(70M) 5.796ms
Dec 24 05:29:38 burnside uvmconsole: [3298693.652s][info][gc] GC(379560) Pause Young (Normal) (G1 Evacuation Pause) 57M->47M(70M) 9.192ms
Dec 24 05:30:00 burnside uvmconsole: [3298715.358s][info][gc] GC(379561) Pause Young (Normal) (G1 Evacuation Pause) 57M->47M(70M) 6.610ms
Dec 24 05:30:23 burnside uvmconsole: [3298738.100s][info][gc] GC(379562) Pause Young (Normal) (G1 Evacuation Pause) 57M->47M(70M) 5.851ms
Dec 24 05:30:43 burnside uvmconsole: [3298758.655s][info][gc] GC(379563) Pause Young (Normal) (G1 Evacuation Pause) 57M->47M(70M) 6.140ms
Dec 24 05:31:09 burnside uvmconsole: [3298783.985s][info][gc] GC(379564) Pause Young (Normal) (G1 Evacuation Pause) 57M->47M(70M) 6.632ms
Dec 24 05:31:39 burnside uvmconsole: [3298813.952s][info][gc] GC(379565) Pause Young (Normal) (G1 Evacuation Pause) 57M->47M(70M) 6.573ms
Dec 24 05:31:51 burnside uvmconsole: [3298825.994s][info][gc] GC(379566) Pause Full (System.gc()) 50M->47M(70M) 315.899ms
Dec 24 05:32:13 burnside uvmconsole: [3298848.651s][info][gc] GC(379567) Pause Young (Normal) (G1 Evacuation Pause) 57M->47M(70M) 5.877ms
Dec 24 05:32:43 burnside uvmconsole: [3298878.653s][info][gc] GC(379568) Pause Young (Normal) (G1 Evacuation Pause) 57M->47M(70M) 5.705ms
Dec 24 05:33:14 burnside uvmconsole: [3298908.962s][info][gc] GC(379569) Pause Young (Normal) (G1 Evacuation Pause) 57M->47M(70M) 6.905ms
Dec 24 05:33:51 burnside uvmconsole: [3298946.009s][info][gc] GC(379570) Pause Young (Normal) (G1 Evacuation Pause) 57M->47M(70M) 6.154ms
Dec 24 05:34:14 burnside uvmconsole: [3298969.504s][info][gc] GC(379571) Pause Young (Normal) (G1 Evacuation Pause) 57M->47M(70M) 6.727ms
Dec 24 05:34:53 burnside uvmconsole: [3299008.651s][info][gc] GC(379572) Pause Young (Normal) (G1 Evacuation Pause) 57M->47M(70M) 6.391ms
Dec 24 05:35:15 burnside uvmconsole: [3299030.319s][info][gc] GC(379573) Pause Young (Normal) (G1 Evacuation Pause) 57M->47M(70M) 6.528ms
Dec 24 05:35:44 burnside uvmconsole: [3299059.744s][info][gc] GC(379574) Pause Young (Normal) (G1 Evacuation Pause) 57M->47M(70M) 6.106ms
Dec 24 05:36:05 burnside uvmconsole: [3299080.519s][info][gc] GC(379575) Pause Young (Normal) (G1 Evacuation Pause) 57M->47M(70M) 6.474ms
Dec 24 05:36:19 burnside uvmconsole: [3299094.322s][info][gc] GC(379576) Pause Young (Normal) (G1 Evacuation Pause) 57M->47M(70M) 7.038ms
Dec 24 05:36:39 burnside uvmconsole: [3299113.842s][info][gc] GC(379577) Pause Young (Normal) (G1 Evacuation Pause) 57M->47M(70M) 6.166ms
Dec 24 05:36:51 burnside uvmconsole: [3299125.997s][info][gc] GC(379578) Pause Full (System.gc()) 51M->47M(70M) 317.687ms
Dec 24 05:37:13 burnside uvmconsole: [3299148.033s][info][gc] GC(379579) Pause Young (Normal) (G1 Evacuation Pause) 58M->47M(70M) 6.176ms
Dec 24 05:37:52 burnside uvmconsole: [3299187.286s][info][gc] GC(379580) Pause Young (Normal) (G1 Evacuation Pause) 57M->47M(70M) 6.245ms
Dec 24 05:38:13 burnside uvmconsole: [3299208.639s][info][gc] GC(379581) Pause Young (Normal) (G1 Evacuation Pause) 57M->47M(70M) 7.099ms
Dec 24 05:38:38 burnside uvmconsole: [3299233.302s][info][gc] GC(379582) Pause Young (Normal) (G1 Evacuation Pause) 57M->47M(70M) 6.691ms
Dec 24 05:39:08 burnside uvmconsole: [3299262.780s][info][gc] GC(379583) Pause Young (Normal) (G1 Evacuation Pause) 57M->47M(70M) 7.296ms
Dec 24 05:39:31 burnside uvmconsole: [3299286.032s][info][gc] GC(379584) Pause Young (Normal) (G1 Evacuation Pause) 57M->47M(70M) 6.352ms
Dec 24 05:40:08 burnside uvmconsole: [3299323.433s][info][gc] GC(379585) Pause Young (Normal) (G1 Evacuation Pause) 57M->47M(70M) 6.685ms
Dec 24 05:40:29 burnside uvmconsole: [3299344.603s][info][gc] GC(379586) Pause Young (Normal) (G1 Evacuation Pause) 57M->47M(70M) 6.672ms
Dec 24 05:40:59 burnside uvmconsole: [3299374.674s][info][gc] GC(379587) Pause Young (Normal) (G1 Evacuation Pause) 57M->47M(70M) 6.417ms
Dec 24 05:41:20 burnside uvmconsole: [3299394.928s][info][gc] GC(379588) Pause Young (Normal) (G1 Evacuation Pause) 57M->47M(70M) 6.579ms
Dec 24 05:41:47 burnside uvmconsole: [3299422.663s][info][gc] GC(379589) Pause Young (Normal) (G1 Evacuation Pause) 57M->47M(70M) 10.188ms
Dec 24 05:41:51 burnside uvmconsole: [3299425.991s][info][gc] GC(379590) Pause Full (System.gc()) 49M->47M(70M) 313.150ms
Dec 24 05:42:13 burnside uvmconsole: [3299448.638s][info][gc] GC(379591) Pause Young (Normal) (G1 Evacuation Pause) 57M->47M(70M) 6.241ms
Dec 24 05:42:40 burnside uvmconsole: [3299475.313s][info][gc] GC(379592) Pause Young (Normal) (G1 Evacuation Pause) 56M->47M(70M) 6.242ms
Dec 24 05:43:10 burnside uvmconsole: [3299505.575s][info][gc] GC(379593) Pause Young (Normal) (G1 Evacuation Pause) 56M->47M(70M) 6.209ms
Dec 24 05:43:41 burnside uvmconsole: [3299535.949s][info][gc] GC(379594) Pause Young (Normal) (G1 Evacuation Pause) 56M->47M(70M) 5.957ms
Dec 24 05:44:05 burnside uvmconsole: [3299560.265s][info][gc] GC(379595) Pause Young (Normal) (G1 Evacuation Pause) 56M->47M(70M) 6.088ms
Dec 24 05:44:46 burnside uvmconsole: [3299601.040s][info][gc] GC(379596) Pause Young (Normal) (G1 Evacuation Pause) 56M->47M(70M) 5.874ms
Dec 24 05:45:03 burnside uvmconsole: [3299618.652s][info][gc] GC(379597) Pause Young (Normal) (G1 Evacuation Pause) 56M->47M(70M) 6.226ms
Dec 24 05:45:33 burnside uvmconsole: [3299648.653s][info][gc] GC(379598) Pause Young (Normal) (G1 Evacuation Pause) 56M->47M(70M) 6.285ms
Dec 24 05:46:02 burnside uvmconsole: [3299677.293s][info][gc] GC(379599) Pause Young (Normal) (G1 Evacuation Pause) 56M->47M(70M) 6.324ms
Dec 24 05:46:20 burnside uvmconsole: [3299695.440s][info][gc] GC(379600) Pause Young (Normal) (G1 Evacuation Pause) 56M->47M(70M) 6.690ms
Dec 24 05:46:51 burnside uvmconsole: [3299726.015s][info][gc] GC(379601) Pause Full (System.gc()) 55M->47M(70M) 336.005ms
Dec 24 05:47:15 burnside uvmconsole: [3299750.557s][info][gc] GC(379602) Pause Young (Normal) (G1 Evacuation Pause) 58M->47M(70M) 6.272ms
Dec 24 05:47:54 burnside uvmconsole: [3299789.141s][info][gc] GC(379603) Pause Young (Normal) (G1 Evacuation Pause) 58M->47M(70M) 7.076ms
Dec 24 05:48:31 burnside uvmconsole: [3299826.605s][info][gc] GC(379604) Pause Young (Normal) (G1 Evacuation Pause) 58M->47M(70M) 6.714ms
Dec 24 05:49:03 burnside uvmconsole: [3299857.768s][info][gc] GC(379605) Pause Young (Normal) (G1 Evacuation Pause) 58M->47M(70M) 6.303ms
Dec 24 05:49:24 burnside uvmconsole: [3299879.632s][info][gc] GC(379606) Pause Young (Normal) (G1 Evacuation Pause) 58M->47M(70M) 6.293ms
Dec 24 05:50:05 burnside uvmconsole: [3299919.820s][info][gc] GC(379607) Pause Young (Normal) (G1 Evacuation Pause) 58M->47M(70M) 6.612ms
Dec 24 05:50:32 burnside uvmconsole: [3299946.942s][info][gc] GC(379608) Pause Young (Normal) (G1 Evacuation Pause) 58M->47M(70M) 6.425ms
Dec 24 05:51:02 burnside uvmconsole: [3299977.587s][info][gc] GC(379609) Pause Young (Normal) (G1 Evacuation Pause) 58M->47M(70M) 6.890ms
Dec 24 05:51:20 burnside uvmconsole: [3299995.358s][info][gc] GC(379610) Pause Young (Normal) (G1 Evacuation Pause) 58M->47M(70M) 6.841ms
Dec 24 05:51:51 burnside uvmconsole: [3300025.994s][info][gc] GC(379611) Pause Full (System.gc()) 55M->47M(70M) 315.142ms
Dec 24 05:52:16 burnside uvmconsole: [3300051.644s][info][gc] GC(379612) Pause Young (Normal) (G1 Evacuation Pause) 58M->47M(70M) 6.175ms
Dec 24 05:52:55 burnside uvmconsole: [3300089.846s][info][gc] GC(379613) Pause Young (Normal) (G1 Evacuation Pause) 57M->47M(70M) 6.133ms
Dec 24 05:53:21 burnside uvmconsole: [3300116.077s][info][gc] GC(379614) Pause Young (Normal) (G1 Evacuation Pause) 57M->47M(70M) 6.341ms
Dec 24 05:53:59 burnside uvmconsole: [3300154.062s][info][gc] GC(379615) Pause Young (Normal) (G1 Evacuation Pause) 57M->47M(70M) 6.438ms
Dec 24 05:54:31 burnside uvmconsole: [3300186.064s][info][gc] GC(379616) Pause Young (Normal) (G1 Evacuation Pause) 57M->47M(70M) 6.303ms
Dec 24 05:55:03 burnside uvmconsole: [3300218.654s][info][gc] GC(379617) Pause Young (Normal) (G1 Evacuation Pause) 57M->47M(70M) 6.472ms
Dec 24 05:55:27 burnside uvmconsole: [3300242.339s][info][gc] GC(379618) Pause Young (Normal) (G1 Evacuation Pause) 57M->47M(70M) 6.734ms
Dec 24 05:55:53 burnside uvmconsole: [3300268.656s][info][gc] GC(379619) Pause Young (Normal) (G1 Evacuation Pause) 57M->47M(70M) 6.723ms
Dec 24 05:56:17 burnside uvmconsole: [3300292.333s][info][gc] GC(379620) Pause Young (Normal) (G1 Evacuation Pause) 57M->47M(70M) 7.401ms
Dec 24 05:56:51 burnside uvmconsole: [3300325.999s][info][gc] GC(379621) Pause Full (System.gc()) 57M->47M(70M) 320.851ms
Dec 24 05:57:19 burnside uvmconsole: [3300354.407s][info][gc] GC(379622) Pause Young (Normal) (G1 Evacuation Pause) 58M->47M(70M) 6.521ms
Dec 24 05:58:00 burnside uvmconsole: [3300395.046s][info][gc] GC(379623) Pause Young (Normal) (G1 Evacuation Pause) 58M->47M(70M) 6.108ms
Dec 24 05:58:33 burnside uvmconsole: [3300428.115s][info][gc] GC(379624) Pause Young (Normal) (G1 Evacuation Pause) 58M->47M(70M) 6.186ms
Dec 24 05:59:03 burnside uvmconsole: [3300458.652s][info][gc] GC(379625) Pause Young (Normal) (G1 Evacuation Pause) 58M->47M(70M) 7.368ms
Dec 24 05:59:43 burnside uvmconsole: [3300498.636s][info][gc] GC(379626) Pause Young (Normal) (G1 Evacuation Pause) 58M->47M(70M) 5.655ms
Dec 24 06:00:01 burnside uvmconsole: [3300516.272s][info][gc] GC(379627) Pause Young (Normal) (G1 Evacuation Pause) 58M->47M(70M) 6.297ms
Dec 24 06:00:31 burnside uvmconsole: [3300546.739s][info][gc] GC(379628) Pause Young (Normal) (G1 Evacuation Pause) 58M->47M(70M) 6.420ms
Dec 24 06:01:02 burnside uvmconsole: [3300577.002s][info][gc] GC(379629) Pause Young (Normal) (G1 Evacuation Pause) 58M->47M(70M) 6.716ms
Dec 24 06:01:32 burnside uvmconsole: [3300607.491s][info][gc] GC(379630) Pause Young (Normal) (G1 Evacuation Pause) 58M->47M(70M) 6.086ms
Dec 24 06:01:51 burnside uvmconsole: [3300626.004s][info][gc] GC(379631) Pause Full (System.gc()) 52M->47M(70M) 325.278ms
Dec 24 06:02:18 burnside uvmconsole: [3300653.494s][info][gc] GC(379632) Pause Young (Normal) (G1 Evacuation Pause) 58M->47M(70M) 6.322ms
Dec 24 06:02:53 burnside uvmconsole: [3300687.900s][info][gc] GC(379633) Pause Young (Normal) (G1 Evacuation Pause) 57M->47M(70M) 5.775ms
Dec 24 06:03:23 burnside uvmconsole: [3300718.698s][info][gc] GC(379634) Pause Young (Normal) (G1 Evacuation Pause) 58M->47M(70M) 6.251ms
Dec 24 06:04:03 burnside uvmconsole: [3300758.115s][info][gc] GC(379635) Pause Young (Normal) (G1 Evacuation Pause) 58M->47M(70M) 6.336ms
Dec 24 06:04:36 burnside uvmconsole: [3300790.947s][info][gc] GC(379636) Pause Young (Normal) (G1 Evacuation Pause) 58M->47M(70M) 6.122ms
Dec 24 06:05:10 burnside uvmconsole: [3300825.123s][info][gc] GC(379637) Pause Young (Normal) (G1 Evacuation Pause) 58M->47M(70M) 6.189ms
Dec 24 06:05:29 burnside uvmconsole: [3300844.074s][info][gc] GC(379638) Pause Young (Normal) (G1 Evacuation Pause) 58M->47M(70M) 5.975ms
Dec 24 06:05:59 burnside uvmconsole: [3300874.186s][info][gc] GC(379639) Pause Young (Normal) (G1 Evacuation Pause) 58M->47M(70M) 6.128ms
Dec 24 06:06:22 burnside uvmconsole: [3300897.143s][info][gc] GC(379640) Pause Young (Normal) (G1 Evacuation Pause) 58M->47M(70M) 6.259ms
Dec 24 06:06:51 burnside uvmconsole: [3300925.987s][info][gc] GC(379641) Pause Full (System.gc()) 55M->47M(70M) 308.840ms
Dec 24 06:07:13 burnside uvmconsole: [3300948.652s][info][gc] GC(379642) Pause Young (Normal) (G1 Evacuation Pause) 58M->47M(70M) 6.330ms
Dec 24 06:07:51 burnside uvmconsole: [3300986.197s][info][gc] GC(379643) Pause Young (Normal) (G1 Evacuation Pause) 57M->47M(70M) 6.587ms
Dec 24 06:08:08 burnside uvmconsole: [3301003.167s][info][gc] GC(379644) Pause Young (Normal) (G1 Evacuation Pause) 57M->47M(70M) 6.250ms
Dec 24 06:08:29 burnside uvmconsole: [3301024.704s][info][gc] GC(379645) Pause Young (Normal) (G1 Evacuation Pause) 57M->47M(70M) 6.440ms
Dec 24 06:08:59 burnside uvmconsole: [3301054.187s][info][gc] GC(379646) Pause Young (Normal) (G1 Evacuation Pause) 57M->47M(70M) 6.302ms
Dec 24 06:09:17 burnside uvmconsole: [3301072.741s][info][gc] GC(379647) Pause Young (Normal) (G1 Evacuation Pause) 56M->47M(70M) 7.144ms
Dec 24 06:09:53 burnside uvmconsole: [3301108.639s][info][gc] GC(379648) Pause Young (Normal) (G1 Evacuation Pause) 56M->47M(70M) 6.853ms
Dec 24 06:10:14 burnside uvmconsole: [3301129.365s][info][gc] GC(379649) Pause Young (Normal) (G1 Evacuation Pause) 56M->47M(70M) 6.456ms
Dec 24 06:10:33 burnside uvmconsole: [3301148.654s][info][gc] GC(379650) Pause Young (Normal) (G1 Evacuation Pause) 56M->47M(70M) 6.233ms
Dec 24 06:10:54 burnside uvmconsole: [3301169.291s][info][gc] GC(379651) Pause Young (Normal) (G1 Evacuation Pause) 56M->47M(70M) 6.304ms
Dec 24 06:11:10 burnside uvmconsole: [3301185.160s][info][gc] GC(379652) Pause Young (Normal) (G1 Evacuation Pause) 56M->47M(70M) 6.761ms
Dec 24 06:11:35 burnside uvmconsole: [3301209.796s][info][gc] GC(379653) Pause Young (Normal) (G1 Evacuation Pause) 56M->47M(70M) 6.536ms
Dec 24 06:11:51 burnside uvmconsole: [3301225.993s][info][gc] GC(379654) Pause Full (System.gc()) 51M->47M(70M) 314.542ms
Dec 24 06:12:17 burnside uvmconsole: [3301252.629s][info][gc] GC(379655) Pause Young (Normal) (G1 Evacuation Pause) 57M->47M(70M) 5.867ms
Dec 24 06:12:53 burnside uvmconsole: [3301287.964s][info][gc] GC(379656) Pause Young (Normal) (G1 Evacuation Pause) 56M->47M(70M) 6.105ms
Dec 24 06:13:19 burnside uvmconsole: [3301314.367s][info][gc] GC(379657) Pause Young (Normal) (G1 Evacuation Pause) 56M->47M(70M) 6.054ms
Dec 24 06:13:50 burnside uvmconsole: [3301345.571s][info][gc] GC(379658) Pause Young (Normal) (G1 Evacuation Pause) 56M->47M(70M) 6.408ms
Dec 24 06:14:11 burnside uvmconsole: [3301366.542s][info][gc] GC(379659) Pause Young (Normal) (G1 Evacuation Pause) 56M->47M(70M) 6.107ms
Dec 24 06:14:30 burnside uvmconsole: [3301385.181s][info][gc] GC(379660) Pause Young (Normal) (G1 Evacuation Pause) 56M->47M(70M) 5.888ms
Dec 24 06:15:00 burnside uvmconsole: [3301415.233s][info][gc] GC(379661) Pause Young (Normal) (G1 Evacuation Pause) 56M->47M(70M) 6.545ms
Dec 24 06:15:19 burnside uvmconsole: [3301434.484s][info][gc] GC(379662) Pause Young (Normal) (G1 Evacuation Pause) 56M->47M(70M) 6.005ms
Dec 24 06:15:43 burnside uvmconsole: [3301457.999s][info][gc] GC(379663) Pause Young (Normal) (G1 Evacuation Pause) 56M->47M(70M) 6.200ms
Dec 24 06:16:06 burnside uvmconsole: [3301481.246s][info][gc] GC(379664) Pause Young (Normal) (G1 Evacuation Pause) 56M->47M(70M) 6.446ms
Dec 24 06:16:32 burnside uvmconsole: [3301507.620s][info][gc] GC(379665) Pause Young (Normal) (G1 Evacuation Pause) 56M->47M(70M) 5.781ms
Dec 24 06:16:51 burnside uvmconsole: [3301525.992s][info][gc] GC(379666) Pause Full (System.gc()) 51M->47M(70M) 313.642ms
Dec 24 06:17:13 burnside uvmconsole: [3301548.571s][info][gc] GC(379667) Pause Young (Normal) (G1 Evacuation Pause) 58M->47M(70M) 6.035ms
Dec 24 06:17:59 burnside uvmconsole: [3301594.185s][info][gc] GC(379668) Pause Young (Normal) (G1 Evacuation Pause) 58M->47M(70M) 5.520ms
Dec 24 06:18:33 burnside uvmconsole: [3301628.654s][info][gc] GC(379669) Pause Young (Normal) (G1 Evacuation Pause) 58M->47M(70M) 9.016ms
Dec 24 06:19:04 burnside uvmconsole: [3301658.867s][info][gc] GC(379670) Pause Young (Normal) (G1 Evacuation Pause) 58M->47M(70M) 15.305ms
Dec 24 06:19:34 burnside uvmconsole: [3301689.408s][info][gc] GC(379671) Pause Young (Normal) (G1 Evacuation Pause) 58M->47M(70M) 6.930ms
Dec 24 06:20:10 burnside uvmconsole: [3301724.946s][info][gc] GC(379672) Pause Young (Normal) (G1 Evacuation Pause) 58M->47M(70M) 6.851ms
Dec 24 06:20:33 burnside uvmconsole: [3301748.654s][info][gc] GC(379673) Pause Young (Normal) (G1 Evacuation Pause) 58M->47M(70M) 6.411ms
Dec 24 06:21:01 burnside uvmconsole: [3301776.108s][info][gc] GC(379674) Pause Young (Normal) (G1 Evacuation Pause) 58M->47M(70M) 7.005ms
Dec 24 06:21:25 burnside uvmconsole: [3301800.725s][info][gc] GC(379675) Pause Young (Normal) (G1 Evacuation Pause) 58M->47M(70M) 6.446ms
Dec 24 06:21:51 burnside uvmconsole: [3301826.002s][info][gc] GC(379676) Pause Full (System.gc()) 53M->47M(70M) 323.724ms
Dec 24 06:22:13 burnside uvmconsole: [3301848.052s][info][gc] GC(379677) Pause Young (Normal) (G1 Evacuation Pause) 57M->47M(70M) 6.465ms
Dec 24 06:22:53 burnside uvmconsole: [3301888.066s][info][gc] GC(379678) Pause Young (Normal) (G1 Evacuation Pause) 57M->47M(70M) 5.906ms
Dec 24 06:23:19 burnside uvmconsole: [3301914.742s][info][gc] GC(379679) Pause Young (Normal) (G1 Evacuation Pause) 57M->47M(70M) 6.502ms
Dec 24 06:23:56 burnside uvmconsole: [3301951.275s][info][gc] GC(379680) Pause Young (Normal) (G1 Evacuation Pause) 57M->47M(70M) 6.164ms
Dec 24 06:24:22 burnside uvmconsole: [3301977.318s][info][gc] GC(379681) Pause Young (Normal) (G1 Evacuation Pause) 57M->47M(70M) 6.508ms
Dec 24 06:24:46 burnside uvmconsole: [3302001.152s][info][gc] GC(379682) Pause Young (Normal) (G1 Evacuation Pause) 57M->47M(70M) 6.636ms
Dec 24 06:25:08 burnside uvmconsole: [3302023.093s][info][gc] GC(379683) Pause Young (Normal) (G1 Evacuation Pause) 57M->47M(70M) 11.871ms
Dec 24 06:25:34 burnside uvmconsole: [3302049.478s][info][gc] GC(379684) Pause Young (Normal) (G1 Evacuation Pause) 56M->47M(70M) 8.681ms
Dec 24 06:26:00 burnside uvmconsole: [3302074.786s][info][gc] GC(379685) Pause Young (Normal) (G1 Evacuation Pause) 56M->47M(70M) 6.988ms
Dec 24 06:26:15 burnside uvmconsole: [3302090.237s][info][gc] GC(379686) Pause Young (Normal) (G1 Evacuation Pause) 56M->47M(70M) 7.642ms
Dec 24 06:26:32 burnside uvmconsole: [3302107.350s][info][gc] GC(379687) Pause Young (Normal) (G1 Evacuation Pause) 56M->47M(70M) 7.118ms
Dec 24 06:26:51 burnside uvmconsole: [3302125.993s][info][gc] GC(379688) Pause Full (System.gc()) 53M->47M(70M) 314.237ms
Dec 24 06:27:09 burnside uvmconsole: [3302144.411s][info][gc] GC(379689) Pause Young (Normal) (G1 Evacuation Pause) 57M->47M(70M) 6.306ms
Dec 24 06:27:35 burnside uvmconsole: [3302170.244s][info][gc] GC(379690) Pause Young (Normal) (G1 Evacuation Pause) 57M->47M(70M) 5.811ms
Dec 24 06:28:03 burnside uvmconsole: [3302198.749s][info][gc] GC(379691) Pause Young (Normal) (G1 Evacuation Pause) 57M->47M(70M) 6.073ms
Dec 24 06:28:40 burnside uvmconsole: [3302235.152s][info][gc] GC(379692) Pause Young (Normal) (G1 Evacuation Pause) 57M->47M(70M) 6.809ms
Dec 24 06:29:03 burnside uvmconsole: [3302257.881s][info][gc] GC(379693) Pause Young (Normal) (G1 Evacuation Pause) 57M->47M(70M) 6.320ms
Dec 24 06:29:36 burnside uvmconsole: [3302290.915s][info][gc] GC(379694) Pause Young (Normal) (G1 Evacuation Pause) 57M->47M(70M) 6.056ms
Dec 24 06:29:59 burnside uvmconsole: [3302314.187s][info][gc] GC(379695) Pause Young (Normal) (G1 Evacuation Pause) 57M->47M(70M) 5.968ms
Dec 24 06:30:20 burnside uvmconsole: [3302335.019s][info][gc] GC(379696) Pause Young (Normal) (G1 Evacuation Pause) 57M->47M(70M) 6.179ms
Dec 24 06:30:43 burnside uvmconsole: [3302357.876s][info][gc] GC(379697) Pause Young (Normal) (G1 Evacuation Pause) 57M->47M(70M) 7.343ms
Dec 24 06:31:02 burnside uvmconsole: [3302377.071s][info][gc] GC(379698) Pause Young (Normal) (G1 Evacuation Pause) 57M->47M(70M) 7.355ms
Dec 24 06:31:13 burnside uvmconsole: [3302388.653s][info][gc] GC(379699) Pause Young (Normal) (G1 Evacuation Pause) 57M->48M(70M) 7.377ms
Dec 24 06:31:24 burnside uvmconsole: [3302399.126s][info][gc] GC(379700) Pause Young (Normal) (G1 Evacuation Pause) 58M->48M(70M) 8.218ms
Dec 24 06:31:51 burnside uvmconsole: [3302425.995s][info][gc] GC(379701) Pause Full (System.gc()) 55M->47M(70M) 316.671ms
Dec 24 06:32:12 burnside uvmconsole: [3302447.211s][info][gc] GC(379702) Pause Young (Normal) (G1 Evacuation Pause) 57M->48M(70M) 6.270ms
Dec 24 06:32:29 burnside uvmconsole: [3302463.758s][info][gc] GC(379703) Pause Young (Normal) (G1 Evacuation Pause) 57M->48M(70M) 6.556ms
Dec 24 06:32:59 burnside uvmconsole: [3302494.187s][info][gc] GC(379704) Pause Young (Normal) (G1 Evacuation Pause) 57M->48M(70M) 6.904ms
Dec 24 06:33:15 burnside uvmconsole: [3302510.222s][info][gc] GC(379705) Pause Young (Normal) (G1 Evacuation Pause) 57M->48M(70M) 6.785ms
Dec 24 06:33:34 burnside uvmconsole: [3302529.678s][info][gc] GC(379706) Pause Young (Normal) (G1 Evacuation Pause) 57M->48M(70M) 6.923ms
Dec 24 06:34:00 burnside uvmconsole: [3302555.359s][info][gc] GC(379707) Pause Young (Normal) (G1 Evacuation Pause) 57M->48M(70M) 7.449ms
Dec 24 06:34:20 burnside uvmconsole: [3302575.145s][info][gc] GC(379708) Pause Young (Normal) (G1 Evacuation Pause) 57M->48M(70M) 7.772ms
Dec 24 06:34:48 burnside uvmconsole: [3302603.552s][info][gc] GC(379709) Pause Young (Normal) (G1 Evacuation Pause) 57M->48M(70M) 7.366ms
Dec 24 06:35:00 burnside uvmconsole: [3302615.558s][info][gc] GC(379710) Pause Young (Normal) (G1 Evacuation Pause) 57M->48M(70M) 8.702ms
Dec 24 06:35:03 burnside uvmconsole: [3302618.580s][info][gc] GC(379711) Pause Young (Normal) (G1 Evacuation Pause) 57M->48M(70M) 8.965ms
Dec 24 06:35:06 burnside uvmconsole: [3302621.013s][info][gc] GC(379712) Pause Young (Normal) (G1 Evacuation Pause) 56M->49M(70M) 13.284ms
Dec 24 06:35:20 burnside uvmconsole: [3302635.515s][info][gc] GC(379713) Pause Young (Normal) (G1 Evacuation Pause) 56M->49M(70M) 8.924ms
Dec 24 06:35:29 burnside uvmconsole: [3302644.375s][info][gc] GC(379714) Pause Young (Normal) (G1 Evacuation Pause) 56M->48M(70M) 7.903ms
Dec 24 06:35:42 burnside uvmconsole: [3302656.836s][info][gc] GC(379715) Pause Young (Normal) (G1 Evacuation Pause) 56M->49M(70M) 9.242ms
Dec 24 06:35:44 burnside uvmconsole: [3302659.068s][info][gc] GC(379716) Pause Young (Normal) (G1 Evacuation Pause) 56M->49M(70M) 10.475ms
Dec 24 06:35:45 burnside uvmconsole: [3302660.478s][info][gc] GC(379717) Pause Young (Normal) (G1 Evacuation Pause) 56M->49M(70M) 10.892ms
Dec 24 06:35:47 burnside uvmconsole: [3302661.800s][info][gc] GC(379718) Pause Young (Normal) (G1 Evacuation Pause) 56M->49M(70M) 12.359ms
Dec 24 06:35:51 burnside uvmconsole: [3302666.299s][info][gc] GC(379719) Pause Young (Normal) (G1 Evacuation Pause) 56M->49M(70M) 8.699ms
Dec 24 06:35:56 burnside uvmconsole: [3302670.995s][info][gc] GC(379720) Pause Young (Normal) (G1 Evacuation Pause) 57M->49M(70M) 7.734ms
Dec 24 06:35:58 burnside uvmconsole: [3302673.592s][info][gc] GC(379721) Pause Young (Normal) (G1 Evacuation Pause) 57M->49M(70M) 8.199ms
Dec 24 06:36:04 burnside uvmconsole: [3302678.778s][info][gc] GC(379722) Pause Young (Normal) (G1 Evacuation Pause) 57M->49M(70M) 10.438ms
Dec 24 06:36:07 burnside uvmconsole: [3302682.529s][info][gc] GC(379723) Pause Young (Normal) (G1 Evacuation Pause) 56M->49M(70M) 9.042ms
Dec 24 06:36:08 burnside uvmconsole: [3302683.689s][info][gc] GC(379724) Pause Young (Normal) (G1 Evacuation Pause) 55M->49M(70M) 8.082ms
Dec 24 06:36:15 burnside uvmconsole: [3302690.552s][info][gc] GC(379725) Pause Young (Normal) (G1 Evacuation Pause) 56M->49M(70M) 6.676ms
Dec 24 06:36:25 burnside uvmconsole: [3302700.505s][info][gc] GC(379726) Pause Young (Normal) (G1 Evacuation Pause) 56M->49M(70M) 6.091ms
Dec 24 06:36:31 burnside uvmconsole: [3302706.163s][info][gc] GC(379727) Pause Young (Normal) (G1 Evacuation Pause) 56M->49M(70M) 5.965ms
Dec 24 06:36:48 burnside uvmconsole: [3302723.434s][info][gc] GC(379728) Pause Young (Normal) (G1 Evacuation Pause) 56M->49M(70M) 6.741ms
Dec 24 06:36:51 burnside uvmconsole: [3302726.001s][info][gc] GC(379729) Pause Full (System.gc()) 53M->48M(70M) 321.483ms
Dec 24 06:37:09 burnside uvmconsole: [3302744.130s][info][gc] GC(379730) Pause Young (Normal) (G1 Evacuation Pause) 58M->49M(70M) 8.199ms
Dec 24 06:37:20 burnside uvmconsole: [3302755.278s][info][gc] GC(379731) Pause Young (Normal) (G1 Evacuation Pause) 58M->48M(70M) 6.390ms
Dec 24 06:37:50 burnside uvmconsole: [3302784.989s][info][gc] GC(379732) Pause Young (Normal) (G1 Evacuation Pause) 57M->48M(70M) 7.118ms
Dec 24 06:38:09 burnside uvmconsole: [3302804.360s][info][gc] GC(379733) Pause Young (Normal) (G1 Evacuation Pause) 57M->48M(70M) 6.533ms
Dec 24 06:38:31 burnside uvmconsole: [3302826.351s][info][gc] GC(379734) Pause Young (Normal) (G1 Evacuation Pause) 57M->49M(70M) 7.134ms
Dec 24 06:38:56 burnside uvmconsole: [3302851.286s][info][gc] GC(379735) Pause Young (Normal) (G1 Evacuation Pause) 58M->49M(70M) 7.095ms
Dec 24 06:39:08 burnside uvmconsole: [3302863.636s][info][gc] GC(379736) Pause Young (Normal) (G1 Evacuation Pause) 58M->49M(70M) 6.954ms
Dec 24 06:39:31 burnside uvmconsole: [3302886.458s][info][gc] GC(379737) Pause Young (Normal) (G1 Evacuation Pause) 58M->49M(70M) 6.996ms
Dec 24 06:39:51 burnside uvmconsole: [3302906.680s][info][gc] GC(379738) Pause Young (Normal) (G1 Evacuation Pause) 58M->49M(70M) 7.244ms
Dec 24 06:40:03 burnside uvmconsole: [3302918.639s][info][gc] GC(379739) Pause Young (Normal) (G1 Evacuation Pause) 58M->49M(70M) 7.447ms
Dec 24 06:40:30 burnside uvmconsole: [3302945.617s][info][gc] GC(379740) Pause Young (Normal) (G1 Evacuation Pause) 58M->49M(70M) 7.043ms
Dec 24 06:40:47 burnside uvmconsole: [3302961.919s][info][gc] GC(379741) Pause Young (Normal) (G1 Evacuation Pause) 58M->49M(70M) 7.368ms
Dec 24 06:41:03 burnside uvmconsole: [3302978.668s][info][gc] GC(379742) Pause Young (Normal) (G1 Evacuation Pause) 58M->49M(70M) 7.670ms
Dec 24 06:41:23 burnside uvmconsole: [3302998.243s][info][gc] GC(379743) Pause Young (Normal) (G1 Evacuation Pause) 58M->49M(70M) 7.859ms
Dec 24 06:41:48 burnside uvmconsole: [3303022.893s][info][gc] GC(379744) Pause Young (Normal) (G1 Evacuation Pause) 58M->49M(70M) 8.847ms
Dec 24 06:41:51 burnside uvmconsole: [3303026.000s][info][gc] GC(379745) Pause Full (System.gc()) 52M->47M(70M) 321.580ms
Dec 24 06:42:13 burnside uvmconsole: [3303048.415s][info][gc] GC(379746) Pause Young (Normal) (G1 Evacuation Pause) 57M->48M(70M) 6.282ms
Dec 24 06:42:33 burnside uvmconsole: [3303068.673s][info][gc] GC(379747) Pause Young (Normal) (G1 Evacuation Pause) 57M->48M(70M) 6.420ms
Dec 24 06:42:44 burnside uvmconsole: [3303079.599s][info][gc] GC(379748) Pause Young (Normal) (G1 Evacuation Pause) 58M->48M(70M) 6.804ms
Dec 24 06:43:00 burnside uvmconsole: [3303095.524s][info][gc] GC(379749) Pause Young (Normal) (G1 Evacuation Pause) 58M->48M(70M) 8.065ms
Dec 24 06:43:23 burnside uvmconsole: [3303118.655s][info][gc] GC(379750) Pause Young (Normal) (G1 Evacuation Pause) 58M->48M(70M) 7.084ms
Dec 24 06:43:54 burnside uvmconsole: [3303148.866s][info][gc] GC(379751) Pause Young (Normal) (G1 Evacuation Pause) 58M->48M(70M) 7.492ms
Dec 24 06:44:10 burnside uvmconsole: [3303165.531s][info][gc] GC(379752) Pause Young (Normal) (G1 Evacuation Pause) 58M->48M(70M) 7.043ms
Dec 24 06:44:53 burnside uvmconsole: [3303208.655s][info][gc] GC(379753) Pause Young (Normal) (G1 Evacuation Pause) 58M->48M(70M) 6.650ms
Dec 24 06:45:17 burnside uvmconsole: [3303232.402s][info][gc] GC(379754) Pause Young (Normal) (G1 Evacuation Pause) 58M->48M(70M) 6.951ms
Dec 24 06:45:41 burnside uvmconsole: [3303256.061s][info][gc] GC(379755) Pause Young (Normal) (G1 Evacuation Pause) 58M->48M(70M) 6.561ms
Dec 24 06:46:06 burnside uvmconsole: [3303281.108s][info][gc] GC(379756) Pause Young (Normal) (G1 Evacuation Pause) 58M->48M(70M) 7.329ms
Dec 24 06:46:20 burnside uvmconsole: [3303295.575s][info][gc] GC(379757) Pause Young (Normal) (G1 Evacuation Pause) 58M->48M(70M) 6.799ms
Dec 24 06:46:51 burnside uvmconsole: [3303325.992s][info][gc] GC(379758) Pause Full (System.gc()) 57M->47M(70M) 313.689ms
Dec 24 06:47:09 burnside uvmconsole: [3303344.355s][info][gc] GC(379759) Pause Young (Normal) (G1 Evacuation Pause) 57M->48M(70M) 6.477ms
Dec 24 06:47:21 burnside uvmconsole: [3303356.396s][info][gc] GC(379760) Pause Young (Normal) (G1 Evacuation Pause) 57M->48M(70M) 6.315ms
Dec 24 06:47:40 burnside uvmconsole: [3303374.928s][info][gc] GC(379761) Pause Young (Normal) (G1 Evacuation Pause) 57M->48M(70M) 7.090ms
Dec 24 06:47:59 burnside uvmconsole: [3303394.187s][info][gc] GC(379762) Pause Young (Normal) (G1 Evacuation Pause) 57M->48M(70M) 7.395ms
Dec 24 06:48:04 burnside uvmconsole: [3303398.903s][info][gc] GC(379763) Pause Young (Normal) (G1 Evacuation Pause) 57M->48M(70M) 9.285ms
Dec 24 06:48:08 burnside uvmconsole: [3303403.164s][info][gc] GC(379764) Pause Young (Normal) (G1 Evacuation Pause) 57M->48M(70M) 9.264ms
Dec 24 06:48:09 burnside uvmconsole: [3303404.205s][info][gc] GC(379765) Pause Young (Normal) (G1 Evacuation Pause) 56M->48M(70M) 9.229ms
Dec 24 06:48:20 burnside uvmconsole: [3303415.015s][info][gc] GC(379766) Pause Young (Normal) (G1 Evacuation Pause) 55M->48M(70M) 7.777ms
Dec 24 06:48:39 burnside uvmconsole: [3303434.666s][info][gc] GC(379767) Pause Young (Normal) (G1 Evacuation Pause) 56M->48M(70M) 7.740ms
Dec 24 06:49:00 burnside uvmconsole: [3303454.783s][info][gc] GC(379768) Pause Young (Normal) (G1 Evacuation Pause) 56M->48M(70M) 10.681ms
Dec 24 06:49:08 burnside uvmconsole: [3303463.296s][info][gc] GC(379769) Pause Young (Normal) (G1 Evacuation Pause) 56M->48M(70M) 9.164ms
Dec 24 06:49:12 burnside uvmconsole: [3303466.844s][info][gc] GC(379770) Pause Young (Normal) (G1 Evacuation Pause) 56M->48M(70M) 8.271ms
Dec 24 06:49:30 burnside uvmconsole: [3303485.110s][info][gc] GC(379771) Pause Young (Normal) (G1 Evacuation Pause) 56M->48M(70M) 8.686ms
Dec 24 06:49:53 burnside uvmconsole: [3303508.398s][info][gc] GC(379772) Pause Young (Normal) (G1 Evacuation Pause) 55M->48M(70M) 8.780ms
Dec 24 06:50:01 burnside uvmconsole: [3303515.935s][info][gc] GC(379773) Pause Young (Normal) (G1 Evacuation Pause) 55M->49M(70M) 7.709ms
Dec 24 06:50:13 burnside uvmconsole: [3303528.591s][info][gc] GC(379774) Pause Young (Normal) (G1 Evacuation Pause) 56M->48M(70M) 7.108ms
Dec 24 06:50:30 burnside uvmconsole: [3303545.113s][info][gc] GC(379775) Pause Young (Normal) (G1 Evacuation Pause) 55M->49M(70M) 6.562ms
Dec 24 06:50:37 burnside uvmconsole: [3303551.933s][info][gc] GC(379776) Pause Young (Normal) (G1 Evacuation Pause) 56M->49M(70M) 7.840ms
Dec 24 06:50:48 burnside uvmconsole: [3303563.611s][info][gc] GC(379777) Pause Young (Normal) (G1 Evacuation Pause) 56M->49M(70M) 7.679ms
Dec 24 06:51:02 burnside uvmconsole: [3303577.100s][info][gc] GC(379778) Pause Young (Normal) (G1 Evacuation Pause) 56M->49M(70M) 8.002ms
Dec 24 06:51:11 burnside uvmconsole: [3303585.808s][info][gc] GC(379779) Pause Young (Normal) (G1 Evacuation Pause) 56M->49M(70M) 7.533ms
Dec 24 06:51:17 burnside uvmconsole: [3303592.095s][info][gc] GC(379780) Pause Young (Normal) (G1 Evacuation Pause) 56M->49M(70M) 7.016ms
Dec 24 06:51:22 burnside uvmconsole: [3303596.867s][info][gc] GC(379781) Pause Young (Normal) (G1 Evacuation Pause) 56M->49M(70M) 7.120ms
Dec 24 06:51:33 burnside uvmconsole: [3303607.967s][info][gc] GC(379782) Pause Young (Normal) (G1 Evacuation Pause) 56M->49M(70M) 7.575ms
Dec 24 06:51:42 burnside uvmconsole: [3303617.421s][info][gc] GC(379783) Pause Young (Normal) (G1 Evacuation Pause) 56M->50M(70M) 8.220ms
Dec 24 06:51:44 burnside uvmconsole: [3303618.774s][info][gc] GC(379784) Pause Young (Normal) (G1 Evacuation Pause) 57M->50M(70M) 8.482ms
Dec 24 06:51:49 burnside uvmconsole: [3303624.338s][info][gc] GC(379785) Pause Young (Normal) (G1 Evacuation Pause) 57M->50M(70M) 8.612ms
Dec 24 06:51:51 burnside uvmconsole: [3303626.008s][info][gc] GC(379786) Pause Full (System.gc()) 52M->48M(70M) 329.257ms
Dec 24 06:51:54 burnside uvmconsole: [3303629.549s][info][gc] GC(379787) Pause Young (Normal) (G1 Evacuation Pause) 55M->48M(70M) 6.193ms
Dec 24 06:51:58 burnside uvmconsole: [3303633.590s][info][gc] GC(379788) Pause Young (Normal) (G1 Evacuation Pause) 55M->49M(70M) 7.073ms
Dec 24 06:52:01 burnside uvmconsole: [3303636.636s][info][gc] GC(379789) Pause Young (Normal) (G1 Evacuation Pause) 56M->49M(70M) 9.358ms
Dec 24 06:52:03 burnside uvmconsole: [3303637.951s][info][gc] GC(379790) Pause Young (Normal) (G1 Evacuation Pause) 56M->49M(70M) 8.670ms
Dec 24 06:52:03 burnside uvmconsole: [3303638.712s][info][gc] GC(379791) Pause Young (Normal) (G1 Evacuation Pause) 56M->49M(70M) 8.142ms
Dec 24 06:52:05 burnside uvmconsole: [3303639.816s][info][gc] GC(379792) Pause Young (Normal) (G1 Evacuation Pause) 56M->49M(70M) 8.218ms
Dec 24 06:52:13 burnside uvmconsole: [3303648.313s][info][gc] GC(379793) Pause Young (Normal) (G1 Evacuation Pause) 56M->49M(70M) 7.108ms
Dec 24 06:52:17 burnside uvmconsole: [3303652.697s][info][gc] GC(379794) Pause Young (Normal) (G1 Evacuation Pause) 56M->49M(70M) 6.813ms
Dec 24 06:52:22 burnside uvmconsole: [3303656.948s][info][gc] GC(379795) Pause Young (Normal) (G1 Evacuation Pause) 56M->49M(70M) 8.286ms
Dec 24 06:52:26 burnside uvmconsole: [3303660.771s][info][gc] GC(379796) Pause Young (Normal) (G1 Evacuation Pause) 56M->50M(70M) 8.401ms
Dec 24 06:52:35 burnside uvmconsole: [3303670.374s][info][gc] GC(379797) Pause Young (Normal) (G1 Evacuation Pause) 57M->50M(70M) 8.410ms
Dec 24 06:52:53 burnside uvmconsole: [3303688.640s][info][gc] GC(379798) Pause Young (Normal) (G1 Evacuation Pause) 57M->50M(70M) 7.767ms
Dec 24 06:52:57 burnside uvmconsole: [3303692.188s][info][gc] GC(379799) Pause Young (Normal) (G1 Evacuation Pause) 56M->50M(70M) 8.040ms
Dec 24 06:53:05 burnside uvmconsole: [3303700.497s][info][gc] GC(379800) Pause Young (Normal) (G1 Evacuation Pause) 56M->50M(70M) 10.372ms
Dec 24 06:53:06 burnside uvmconsole: [3303700.838s][info][gc] GC(379801) Pause Young (Normal) (G1 Evacuation Pause) 56M->50M(70M) 9.071ms
Dec 24 06:53:09 burnside uvmconsole: [3303704.082s][info][gc] GC(379802) Pause Young (Normal) (G1 Evacuation Pause) 56M->50M(70M) 7.263ms
Dec 24 06:53:11 burnside uvmconsole: [3303705.944s][info][gc] GC(379803) Pause Young (Normal) (G1 Evacuation Pause) 56M->50M(70M) 7.344ms
Dec 24 06:53:16 burnside uvmconsole: [3303711.700s][info][gc] GC(379804) Pause Young (Normal) (G1 Evacuation Pause) 56M->51M(70M) 7.552ms
Dec 24 06:53:29 burnside uvmconsole: [3303724.079s][info][gc] GC(379805) Pause Young (Normal) (G1 Evacuation Pause) 57M->51M(70M) 7.543ms
Dec 24 06:53:43 burnside uvmconsole: [3303738.567s][info][gc] GC(379806) Pause Young (Normal) (G1 Evacuation Pause) 56M->51M(70M) 7.157ms
Dec 24 06:53:53 burnside uvmconsole: [3303748.449s][info][gc] GC(379807) Pause Young (Normal) (G1 Evacuation Pause) 56M->51M(70M) 7.866ms
Dec 24 06:53:59 burnside uvmconsole: [3303754.189s][info][gc] GC(379808) Pause Young (Normal) (G1 Evacuation Pause) 56M->51M(70M) 7.023ms
Dec 24 06:54:02 burnside uvmconsole: [3303757.006s][info][gc] GC(379809) Pause Young (Normal) (G1 Evacuation Pause) 56M->51M(70M) 9.139ms
Dec 24 06:54:07 burnside uvmconsole: [3303762.545s][info][gc] GC(379810) Pause Young (Normal) (G1 Evacuation Pause) 56M->51M(70M) 8.243ms
Dec 24 06:54:07 burnside uvmconsole: [3303762.623s][info][gc] GC(379811) Pause Young (Normal) (G1 Evacuation Pause) 56M->51M(70M) 10.322ms
Dec 24 06:54:16 burnside uvmconsole: [3303771.371s][info][gc] GC(379812) Pause Young (Normal) (G1 Evacuation Pause) 56M->51M(70M) 6.720ms
Dec 24 06:54:21 burnside uvmconsole: [3303776.405s][info][gc] GC(379813) Pause Young (Normal) (G1 Evacuation Pause) 56M->51M(70M) 6.908ms
Dec 24 06:54:28 burnside uvmconsole: [3303783.557s][info][gc] GC(379814) Pause Young (Normal) (G1 Evacuation Pause) 56M->52M(70M) 12.550ms
Dec 24 06:54:33 burnside uvmconsole: [3303788.027s][info][gc] GC(379815) Pause Young (Normal) (G1 Evacuation Pause) 57M->52M(70M) 8.190ms
Dec 24 06:54:35 burnside uvmconsole: [3303789.987s][info][gc] GC(379816) Pause Young (Normal) (G1 Evacuation Pause) 57M->52M(70M) 7.736ms
Dec 24 06:54:36 burnside uvmconsole: [3303790.903s][info][gc] GC(379817) Pause Young (Concurrent Start) (G1 Evacuation Pause) 56M->52M(70M) 9.901ms
Dec 24 06:54:36 burnside uvmconsole: [3303790.903s][info][gc] GC(379818) Concurrent Cycle
Dec 24 06:54:36 burnside uvmconsole: [3303791.332s][info][gc] GC(379818) Pause Remark 54M->54M(70M) 44.655ms
Dec 24 06:54:36 burnside uvmconsole: [3303791.547s][info][gc] GC(379818) Pause Cleanup 55M->55M(70M) 0.439ms
Dec 24 06:54:36 burnside uvmconsole: [3303791.549s][info][gc] GC(379818) Concurrent Cycle 645.736ms
Dec 24 06:54:37 burnside uvmconsole: [3303792.048s][info][gc] GC(379819) Pause Young (Prepare Mixed) (G1 Evacuation Pause) 56M->52M(70M) 10.127ms
Dec 24 06:54:37 burnside uvmconsole: [3303792.578s][info][gc] GC(379820) Pause Young (Mixed) (G1 Evacuation Pause) 54M->51M(70M) 8.567ms
Dec 24 06:54:39 burnside uvmconsole: [3303793.811s][info][gc] GC(379821) Pause Young (Normal) (G1 Evacuation Pause) 56M->52M(70M) 16.250ms
Dec 24 06:54:41 burnside uvmconsole: [3303795.910s][info][gc] GC(379822) Pause Young (Normal) (G1 Evacuation Pause) 57M->52M(70M) 10.054ms
Dec 24 06:54:42 burnside uvmconsole: [3303797.110s][info][gc] GC(379823) Pause Young (Normal) (G1 Evacuation Pause) 57M->52M(70M) 10.778ms
Dec 24 06:54:42 burnside uvmconsole: [3303797.417s][info][gc] GC(379824) Pause Young (Normal) (G1 Evacuation Pause) 57M->52M(70M) 8.862ms
Dec 24 06:54:43 burnside uvmconsole: [3303797.759s][info][gc] GC(379825) Pause Young (Normal) (G1 Evacuation Pause) 57M->52M(70M) 8.780ms
Dec 24 06:54:43 burnside uvmconsole: [3303798.276s][info][gc] GC(379826) Pause Young (Normal) (G1 Evacuation Pause) 57M->52M(70M) 7.875ms
Dec 24 06:54:44 burnside uvmconsole: [3303798.946s][info][gc] GC(379827) Pause Young (Normal) (G1 Evacuation Pause) 57M->52M(70M) 7.869ms
Dec 24 06:54:44 burnside uvmconsole: [3303799.502s][info][gc] GC(379828) Pause Young (Normal) (G1 Evacuation Pause) 57M->52M(70M) 7.566ms
Dec 24 06:54:45 burnside uvmconsole: [3303800.549s][info][gc] GC(379829) Pause Young (Normal) (G1 Evacuation Pause) 57M->52M(70M) 7.493ms
Dec 24 06:54:52 burnside uvmconsole: [3303807.232s][info][gc] GC(379830) Pause Young (Normal) (G1 Evacuation Pause) 58M->52M(70M) 7.457ms
Dec 24 06:54:56 burnside uvmconsole: [3303811.217s][info][gc] GC(379831) Pause Young (Normal) (G1 Evacuation Pause) 58M->52M(70M) 9.074ms
Dec 24 06:54:56 burnside uvmconsole: [3303811.674s][info][gc] GC(379832) Pause Young (Normal) (G1 Evacuation Pause) 57M->52M(70M) 8.068ms
Dec 24 06:54:59 burnside uvmconsole: [3303813.811s][info][gc] GC(379833) Pause Young (Normal) (G1 Evacuation Pause) 57M->52M(70M) 8.087ms
Dec 24 06:54:59 burnside uvmconsole: [3303814.587s][info][gc] GC(379834) Pause Young (Normal) (G1 Evacuation Pause) 57M->52M(70M) 8.325ms
Dec 24 06:55:01 burnside uvmconsole: [3303815.986s][info][gc] GC(379835) Pause Young (Normal) (G1 Evacuation Pause) 57M->53M(70M) 9.585ms
Dec 24 06:55:03 burnside uvmconsole: [3303818.422s][info][gc] GC(379836) Pause Young (Normal) (G1 Evacuation Pause) 58M->53M(70M) 10.061ms
Dec 24 06:55:08 burnside uvmconsole: [3303822.791s][info][gc] GC(379837) Pause Young (Normal) (G1 Evacuation Pause) 58M->53M(70M) 8.712ms
Dec 24 06:55:10 burnside uvmconsole: [3303825.066s][info][gc] GC(379838) Pause Young (Normal) (G1 Evacuation Pause) 57M->53M(70M) 8.029ms
Dec 24 06:55:10 burnside uvmconsole: [3303825.163s][info][gc] GC(379839) Pause Young (Normal) (G1 Evacuation Pause) 57M->53M(70M) 9.205ms
Dec 24 06:55:10 burnside uvmconsole: [3303825.212s][info][gc] GC(379840) Pause Young (Normal) (G1 Evacuation Pause) 57M->54M(70M) 9.005ms
Dec 24 06:55:10 burnside uvmconsole: [3303825.543s][info][gc] GC(379841) Pause Young (Normal) (G1 Evacuation Pause) 58M->54M(70M) 11.674ms
Dec 24 06:55:12 burnside uvmconsole: [3303827.240s][info][gc] GC(379842) Pause Young (Concurrent Start) (G1 Evacuation Pause) 58M->53M(70M) 9.545ms
Dec 24 06:55:12 burnside uvmconsole: [3303827.240s][info][gc] GC(379843) Concurrent Cycle
Dec 24 06:55:12 burnside uvmconsole: [3303827.704s][info][gc] GC(379843) Pause Remark 55M->55M(70M) 49.301ms
Dec 24 06:55:13 burnside uvmconsole: [3303827.931s][info][gc] GC(379843) Pause Cleanup 55M->55M(70M) 0.476ms
Dec 24 06:55:13 burnside uvmconsole: [3303827.932s][info][gc] GC(379843) Concurrent Cycle 691.925ms
Dec 24 06:55:16 burnside uvmconsole: [3303830.992s][info][gc] GC(379844) Pause Young (Prepare Mixed) (G1 Evacuation Pause) 57M->53M(70M) 8.498ms
Dec 24 06:55:18 burnside uvmconsole: [3303833.202s][info][gc] GC(379845) Pause Young (Mixed) (G1 Evacuation Pause) 55M->53M(70M) 8.384ms
Dec 24 06:55:21 burnside uvmconsole: [3303836.415s][info][gc] GC(379846) Pause Young (Normal) (G1 Evacuation Pause) 57M->53M(70M) 7.840ms
Dec 24 06:55:26 burnside uvmconsole: [3303841.084s][info][gc] GC(379847) Pause Young (Normal) (G1 Evacuation Pause) 57M->53M(70M) 8.739ms
Dec 24 06:55:28 burnside uvmconsole: [3303843.381s][info][gc] GC(379848) Pause Young (Normal) (G1 Evacuation Pause) 57M->54M(70M) 7.872ms
Dec 24 06:55:31 burnside uvmconsole: [3303846.636s][info][gc] GC(379849) Pause Young (Normal) (G1 Evacuation Pause) 58M->54M(70M) 8.256ms
Dec 24 06:55:34 burnside uvmconsole: [3303849.266s][info][gc] GC(379850) Pause Young (Normal) (G1 Evacuation Pause) 58M->54M(70M) 8.396ms
Dec 24 06:55:41 burnside uvmconsole: [3303856.730s][info][gc] GC(379851) Pause Young (Normal) (G1 Evacuation Pause) 58M->54M(70M) 8.135ms
Dec 24 06:55:46 burnside uvmconsole: [3303861.246s][info][gc] GC(379852) Pause Young (Normal) (G1 Evacuation Pause) 58M->54M(70M) 7.728ms
Dec 24 06:55:52 burnside uvmconsole: [3303867.112s][info][gc] GC(379853) Pause Young (Normal) (G1 Evacuation Pause) 58M->54M(70M) 8.591ms
Dec 24 06:55:57 burnside uvmconsole: [3303872.276s][info][gc] GC(379854) Pause Young (Normal) (G1 Evacuation Pause) 58M->54M(70M) 8.352ms
Dec 24 06:55:59 burnside uvmconsole: [3303873.986s][info][gc] GC(379855) Pause Young (Normal) (G1 Evacuation Pause) 58M->54M(70M) 8.526ms
Dec 24 06:56:00 burnside uvmconsole: [3303874.913s][info][gc] GC(379856) Pause Young (Normal) (G1 Evacuation Pause) 58M->54M(70M) 9.430ms
Dec 24 06:56:01 burnside uvmconsole: [3303875.982s][info][gc] GC(379857) Pause Young (Normal) (G1 Evacuation Pause) 58M->54M(70M) 9.324ms
Dec 24 06:56:02 burnside uvmconsole: [3303877.308s][info][gc] GC(379858) Pause Young (Normal) (G1 Evacuation Pause) 58M->54M(70M) 7.083ms
Dec 24 06:56:02 burnside uvmconsole: [3303877.351s][info][gc] GC(379859) Pause Young (Normal) (G1 Evacuation Pause) 58M->55M(70M) 7.922ms
Dec 24 06:56:02 burnside uvmconsole: [3303877.391s][info][gc] GC(379860) Pause Young (Normal) (G1 Evacuation Pause) 59M->55M(70M) 7.993ms
Dec 24 06:56:04 burnside uvmconsole: [3303878.782s][info][gc] GC(379861) Pause Young (Normal) (G1 Evacuation Pause) 59M->54M(70M) 6.757ms
Dec 24 06:56:08 burnside uvmconsole: [3303883.265s][info][gc] GC(379862) Pause Young (Concurrent Start) (G1 Evacuation Pause) 58M->54M(70M) 9.213ms
Dec 24 06:56:08 burnside uvmconsole: [3303883.265s][info][gc] GC(379863) Concurrent Cycle
Dec 24 06:56:08 burnside uvmconsole: [3303883.653s][info][gc] GC(379863) Pause Remark 54M->54M(70M) 42.318ms
Dec 24 06:56:09 burnside uvmconsole: [3303883.855s][info][gc] GC(379863) Pause Cleanup 54M->54M(70M) 0.489ms
Dec 24 06:56:09 burnside uvmconsole: [3303883.856s][info][gc] GC(379863) Concurrent Cycle 590.965ms
Dec 24 06:56:13 burnside uvmconsole: [3303888.576s][info][gc] GC(379864) Pause Young (Prepare Mixed) (G1 Evacuation Pause) 58M->54M(70M) 8.531ms
Dec 24 06:56:14 burnside uvmconsole: [3303889.517s][info][gc] GC(379865) Pause Young (Mixed) (G1 Evacuation Pause) 56M->53M(70M) 8.025ms
Dec 24 06:56:20 burnside uvmconsole: [3303895.451s][info][gc] GC(379866) Pause Young (Normal) (G1 Evacuation Pause) 58M->53M(70M) 6.906ms
Dec 24 06:56:23 burnside uvmconsole: [3303898.580s][info][gc] GC(379867) Pause Young (Normal) (G1 Evacuation Pause) 58M->53M(70M) 8.399ms
Dec 24 06:56:33 burnside uvmconsole: [3303907.928s][info][gc] GC(379868) Pause Young (Concurrent Start) (G1 Evacuation Pause) 58M->53M(70M) 9.785ms
Dec 24 06:56:33 burnside uvmconsole: [3303907.929s][info][gc] GC(379869) Concurrent Cycle
Dec 24 06:56:33 burnside uvmconsole: [3303908.315s][info][gc] GC(379869) Pause Remark 53M->53M(70M) 42.088ms
Dec 24 06:56:33 burnside uvmconsole: [3303908.519s][info][gc] GC(379869) Pause Cleanup 53M->53M(70M) 0.472ms
Dec 24 06:56:33 burnside uvmconsole: [3303908.520s][info][gc] GC(379869) Concurrent Cycle 591.445ms
Dec 24 06:56:42 burnside uvmconsole: [3303917.143s][info][gc] GC(379870) Pause Young (Normal) (G1 Evacuation Pause) 58M->53M(70M) 9.288ms
Dec 24 06:56:49 burnside uvmconsole: [3303924.424s][info][gc] GC(379871) Pause Young (Concurrent Start) (G1 Evacuation Pause) 58M->53M(70M) 9.709ms
Dec 24 06:56:49 burnside uvmconsole: [3303924.425s][info][gc] GC(379872) Concurrent Cycle
Dec 24 06:56:50 burnside uvmconsole: [3303924.826s][info][gc] GC(379872) Pause Remark 54M->54M(70M) 44.830ms
Dec 24 06:56:50 burnside uvmconsole: [3303925.027s][info][gc] GC(379872) Pause Cleanup 54M->54M(70M) 0.565ms
Dec 24 06:56:50 burnside uvmconsole: [3303925.029s][info][gc] GC(379872) Concurrent Cycle 603.563ms
Dec 24 06:56:51 burnside uvmconsole: [3303926.014s][info][gc] GC(379873) Pause Full (System.gc()) 54M->49M(70M) 335.050ms
Dec 24 06:56:59 burnside uvmconsole: [3303934.187s][info][gc] GC(379874) Pause Young (Normal) (G1 Evacuation Pause) 56M->49M(70M) 7.093ms
Dec 24 06:57:04 burnside uvmconsole: [3303939.222s][info][gc] GC(379875) Pause Young (Normal) (G1 Evacuation Pause) 56M->50M(70M) 7.911ms
Dec 24 06:57:09 burnside uvmconsole: [3303943.818s][info][gc] GC(379876) Pause Young (Normal) (G1 Evacuation Pause) 57M->49M(70M) 6.851ms
Dec 24 06:57:15 burnside uvmconsole: [3303950.435s][info][gc] GC(379877) Pause Young (Concurrent Start) (G1 Evacuation Pause) 55M->50M(70M) 9.970ms
Dec 24 06:57:15 burnside uvmconsole: [3303950.435s][info][gc] GC(379878) Concurrent Cycle
Dec 24 06:57:16 burnside uvmconsole: [3303950.828s][info][gc] GC(379878) Pause Remark 50M->50M(70M) 41.967ms
Dec 24 06:57:16 burnside uvmconsole: [3303951.038s][info][gc] GC(379878) Pause Cleanup 50M->50M(70M) 0.478ms
Dec 24 06:57:16 burnside uvmconsole: [3303951.039s][info][gc] GC(379878) Concurrent Cycle 603.839ms
Dec 24 06:57:24 burnside uvmconsole: [3303959.130s][info][gc] GC(379879) Pause Young (Normal) (G1 Evacuation Pause) 56M->50M(70M) 8.830ms
Dec 24 06:57:33 burnside uvmconsole: [3303968.656s][info][gc] GC(379880) Pause Young (Normal) (G1 Evacuation Pause) 57M->50M(70M) 7.681ms
Dec 24 06:57:37 burnside uvmconsole: [3303972.742s][info][gc] GC(379881) Pause Young (Normal) (G1 Evacuation Pause) 57M->50M(70M) 7.781ms
Dec 24 06:57:41 burnside uvmconsole: [3303976.355s][info][gc] GC(379882) Pause Young (Normal) (G1 Evacuation Pause) 57M->50M(70M) 8.838ms
Dec 24 06:57:45 burnside uvmconsole: [3303980.501s][info][gc] GC(379883) Pause Young (Normal) (G1 Evacuation Pause) 57M->50M(70M) 8.576ms
Dec 24 06:57:54 burnside uvmconsole: [3303988.868s][info][gc] GC(379884) Pause Young (Normal) (G1 Evacuation Pause) 56M->50M(70M) 7.813ms
Dec 24 06:57:59 burnside uvmconsole: [3303994.718s][info][gc] GC(379885) Pause Young (Normal) (G1 Evacuation Pause) 56M->50M(70M) 7.614ms
Dec 24 06:58:06 burnside uvmconsole: [3304000.989s][info][gc] GC(379886) Pause Young (Normal) (G1 Evacuation Pause) 56M->51M(70M) 8.816ms
Dec 24 06:58:06 burnside uvmconsole: [3304001.335s][info][gc] GC(379887) Pause Young (Normal) (G1 Evacuation Pause) 57M->51M(70M) 10.727ms
Dec 24 06:58:18 burnside uvmconsole: [3304013.404s][info][gc] GC(379888) Pause Young (Normal) (G1 Evacuation Pause) 57M->50M(70M) 7.278ms
Dec 24 06:58:23 burnside uvmconsole: [3304018.162s][info][gc] GC(379889) Pause Young (Normal) (G1 Evacuation Pause) 56M->51M(70M) 7.242ms
Dec 24 06:58:30 burnside uvmconsole: [3304025.645s][info][gc] GC(379890) Pause Young (Normal) (G1 Evacuation Pause) 57M->51M(70M) 7.591ms
Dec 24 06:58:36 burnside uvmconsole: [3304031.599s][info][gc] GC(379891) Pause Young (Normal) (G1 Evacuation Pause) 57M->51M(70M) 8.541ms
Dec 24 06:58:41 burnside uvmconsole: [3304036.407s][info][gc] GC(379892) Pause Young (Normal) (G1 Evacuation Pause) 57M->51M(70M) 9.645ms
Dec 24 06:58:45 burnside uvmconsole: [3304040.558s][info][gc] GC(379893) Pause Young (Normal) (G1 Evacuation Pause) 57M->51M(70M) 7.874ms
Dec 24 06:58:56 burnside uvmconsole: [3304050.776s][info][gc] GC(379894) Pause Young (Normal) (G1 Evacuation Pause) 57M->51M(70M) 8.196ms
Dec 24 06:58:57 burnside uvmconsole: [3304052.366s][info][gc] GC(379895) Pause Young (Normal) (G1 Evacuation Pause) 57M->51M(70M) 8.437ms
Dec 24 06:58:58 burnside uvmconsole: [3304053.678s][info][gc] GC(379896) Pause Young (Normal) (G1 Evacuation Pause) 57M->51M(70M) 7.783ms
Dec 24 06:59:03 burnside uvmconsole: [3304058.036s][info][gc] GC(379897) Pause Young (Normal) (G1 Evacuation Pause) 57M->52M(70M) 9.163ms
Dec 24 06:59:07 burnside uvmconsole: [3304062.690s][info][gc] GC(379898) Pause Young (Normal) (G1 Evacuation Pause) 58M->52M(70M) 8.444ms
Dec 24 06:59:08 burnside uvmconsole: [3304062.754s][info][gc] GC(379899) Pause Young (Normal) (G1 Evacuation Pause) 57M->52M(70M) 10.559ms
Dec 24 06:59:10 burnside uvmconsole: [3304064.941s][info][gc] GC(379900) Pause Young (Normal) (G1 Evacuation Pause) 57M->52M(70M) 7.575ms
Dec 24 06:59:10 burnside uvmconsole: [3304065.744s][info][gc] GC(379901) Pause Young (Normal) (G1 Evacuation Pause) 57M->52M(70M) 8.213ms
Dec 24 06:59:13 burnside uvmconsole: [3304067.756s][info][gc] GC(379902) Pause Young (Normal) (G1 Evacuation Pause) 57M->52M(70M) 7.351ms
Dec 24 06:59:14 burnside uvmconsole: [3304069.535s][info][gc] GC(379903) Pause Young (Normal) (G1 Evacuation Pause) 57M->52M(70M) 7.071ms
Dec 24 06:59:16 burnside uvmconsole: [3304071.104s][info][gc] GC(379904) Pause Young (Normal) (G1 Evacuation Pause) 57M->52M(70M) 8.394ms
Dec 24 06:59:18 burnside uvmconsole: [3304073.617s][info][gc] GC(379905) Pause Young (Normal) (G1 Evacuation Pause) 57M->52M(70M) 9.062ms
Dec 24 06:59:19 burnside uvmconsole: [3304073.894s][info][gc] GC(379906) Pause Young (Normal) (G1 Evacuation Pause) 57M->53M(70M) 13.978ms
Dec 24 06:59:19 burnside uvmconsole: [3304074.429s][info][gc] GC(379907) Pause Young (Normal) (G1 Evacuation Pause) 58M->52M(70M) 9.485ms
Dec 24 06:59:19 burnside uvmconsole: [3304074.586s][info][gc] GC(379908) Pause Young (Normal) (G1 Evacuation Pause) 56M->52M(70M) 8.066ms
Dec 24 06:59:20 burnside uvmconsole: [3304074.947s][info][gc] GC(379909) Pause Young (Normal) (G1 Evacuation Pause) 56M->52M(70M) 7.632ms
Dec 24 06:59:20 burnside uvmconsole: [3304075.366s][info][gc] GC(379910) Pause Young (Normal) (G1 Evacuation Pause) 56M->52M(70M) 7.405ms
Dec 24 06:59:20 burnside uvmconsole: [3304075.599s][info][gc] GC(379911) Pause Young (Normal) (G1 Evacuation Pause) 56M->52M(70M) 7.795ms
Dec 24 06:59:21 burnside uvmconsole: [3304076.050s][info][gc] GC(379912) Pause Young (Normal) (G1 Evacuation Pause) 56M->53M(70M) 12.521ms
Dec 24 06:59:21 burnside uvmconsole: [3304076.272s][info][gc] GC(379913) Pause Young (Normal) (G1 Evacuation Pause) 57M->53M(70M) 9.010ms
Dec 24 06:59:21 burnside uvmconsole: [3304076.664s][info][gc] GC(379914) Pause Young (Normal) (G1 Evacuation Pause) 57M->53M(70M) 8.133ms
Dec 24 06:59:22 burnside uvmconsole: [3304077.322s][info][gc] GC(379915) Pause Young (Normal) (G1 Evacuation Pause) 57M->53M(70M) 8.529ms
Dec 24 06:59:23 burnside uvmconsole: [3304077.759s][info][gc] GC(379916) Pause Young (Normal) (G1 Evacuation Pause) 57M->53M(84M) 9.853ms
Dec 24 06:59:24 burnside uvmconsole: [3304079.303s][info][gc] GC(379917) Pause Young (Normal) (G1 Evacuation Pause) 63M->53M(84M) 9.237ms
Dec 24 06:59:25 burnside uvmconsole: [3304080.420s][info][gc] GC(379918) Pause Young (Normal) (G1 Evacuation Pause) 64M->53M(84M) 8.471ms
Dec 24 06:59:27 burnside uvmconsole: [3304082.128s][info][gc] GC(379919) Pause Young (Normal) (G1 Evacuation Pause) 64M->53M(84M) 9.048ms
Dec 24 06:59:28 burnside uvmconsole: [3304083.540s][info][gc] GC(379920) Pause Young (Normal) (G1 Evacuation Pause) 65M->53M(101M) 10.766ms
Dec 24 06:59:31 burnside uvmconsole: [3304086.344s][info][gc] GC(379921) Pause Young (Normal) (G1 Evacuation Pause) 72M->53M(101M) 9.216ms
Dec 24 06:59:33 burnside uvmconsole: [3304087.854s][info][gc] GC(379922) Pause Young (Normal) (G1 Evacuation Pause) 73M->53M(101M) 12.707ms
Dec 24 06:59:37 burnside uvmconsole: [3304091.810s][info][gc] GC(379923) Pause Young (Normal) (G1 Evacuation Pause) 74M->53M(101M) 9.561ms
Dec 24 06:59:42 burnside uvmconsole: [3304097.387s][info][gc] GC(379924) Pause Young (Normal) (G1 Evacuation Pause) 75M->53M(101M) 11.686ms
Dec 24 06:59:45 burnside uvmconsole: [3304100.301s][info][gc] GC(379925) Pause Young (Normal) (G1 Evacuation Pause) 75M->53M(101M) 10.485ms
Dec 24 06:59:58 burnside uvmconsole: [3304112.913s][info][gc] GC(379926) Pause Young (Normal) (G1 Evacuation Pause) 76M->54M(101M) 10.965ms
Dec 24 07:00:00 burnside uvmconsole: [3304115.348s][info][gc] GC(379927) Pause Young (Normal) (G1 Evacuation Pause) 77M->54M(101M) 14.204ms
Dec 24 07:00:01 burnside uvmconsole: [3304116.307s][info][gc] GC(379928) Pause Young (Normal) (G1 Evacuation Pause) 78M->54M(101M) 17.964ms
Dec 24 07:00:03 burnside uvmconsole: [3304118.644s][info][gc] GC(379929) Pause Young (Normal) (G1 Evacuation Pause) 79M->54M(101M) 11.136ms
Dec 24 07:00:09 burnside uvmconsole: [3304124.146s][info][gc] GC(379930) Pause Young (Normal) (G1 Evacuation Pause) 79M->54M(101M) 11.978ms
Dec 24 07:00:24 burnside uvmconsole: [3304139.616s][info][gc] GC(379931) Pause Young (Normal) (G1 Evacuation Pause) 80M->54M(101M) 13.162ms
Dec 24 07:00:30 burnside uvmconsole: [3304144.793s][info][gc] GC(379932) Pause Young (Normal) (G1 Evacuation Pause) 80M->54M(101M) 14.837ms
Dec 24 07:00:31 burnside uvmconsole: [3304145.890s][info][gc] GC(379933) Pause Young (Normal) (G1 Evacuation Pause) 81M->54M(101M) 13.496ms
Dec 24 07:00:31 burnside uvmconsole: [3304146.732s][info][gc] GC(379934) Pause Young (Normal) (G1 Evacuation Pause) 81M->55M(101M) 13.932ms
Dec 24 07:00:32 burnside uvmconsole: [3304147.533s][info][gc] GC(379935) Pause Young (Normal) (G1 Evacuation Pause) 82M->54M(101M) 16.681ms
Dec 24 07:00:33 burnside uvmconsole: [3304148.325s][info][gc] GC(379936) Pause Young (Normal) (G1 Evacuation Pause) 81M->55M(101M) 19.906ms
Dec 24 07:00:34 burnside uvmconsole: [3304149.251s][info][gc] GC(379937) Pause Young (Normal) (G1 Evacuation Pause) 82M->54M(101M) 12.495ms
Dec 24 07:00:35 burnside uvmconsole: [3304150.127s][info][gc] GC(379938) Pause Young (Normal) (G1 Evacuation Pause) 81M->54M(101M) 12.314ms
Dec 24 07:00:36 burnside uvmconsole: [3304151.134s][info][gc] GC(379939) Pause Young (Normal) (G1 Evacuation Pause) 81M->54M(101M) 10.949ms
Dec 24 07:00:37 burnside uvmconsole: [3304152.538s][info][gc] GC(379940) Pause Young (Normal) (G1 Evacuation Pause) 82M->54M(101M) 11.963ms
Dec 24 07:00:40 burnside uvmconsole: [3304155.226s][info][gc] GC(379941) Pause Young (Normal) (G1 Evacuation Pause) 82M->55M(101M) 17.868ms
Dec 24 07:00:43 burnside uvmconsole: [3304157.846s][info][gc] GC(379942) Pause Young (Normal) (G1 Evacuation Pause) 83M->55M(101M) 11.832ms
Dec 24 07:00:46 burnside uvmconsole: [3304160.931s][info][gc] GC(379943) Pause Young (Normal) (G1 Evacuation Pause) 83M->54M(101M) 10.013ms
Dec 24 07:01:05 burnside uvmconsole: [3304179.981s][info][gc] GC(379944) Pause Young (Normal) (G1 Evacuation Pause) 83M->55M(101M) 11.822ms
Dec 24 07:01:42 burnside uvmconsole: [3304217.266s][info][gc] GC(379945) Pause Young (Normal) (G1 Evacuation Pause) 83M->55M(101M) 11.124ms
Dec 24 07:01:51 burnside uvmconsole: [3304226.017s][info][gc] GC(379946) Pause Full (System.gc()) 59M->49M(75M) 338.957ms
Dec 24 07:01:59 burnside uvmconsole: [3304234.188s][info][gc] GC(379947) Pause Young (Concurrent Start) (G1 Evacuation Pause) 62M->50M(75M) 9.097ms
Dec 24 07:01:59 burnside uvmconsole: [3304234.189s][info][gc] GC(379948) Concurrent Cycle
Dec 24 07:01:59 burnside uvmconsole: [3304234.582s][info][gc] GC(379948) Pause Remark 52M->52M(75M) 40.795ms
Dec 24 07:02:00 burnside uvmconsole: [3304234.786s][info][gc] GC(379948) Pause Cleanup 52M->52M(75M) 0.477ms
Dec 24 07:02:00 burnside uvmconsole: [3304234.788s][info][gc] GC(379948) Concurrent Cycle 599.392ms
Dec 24 07:02:06 burnside uvmconsole: [3304241.675s][info][gc] GC(379949) Pause Young (Normal) (G1 Evacuation Pause) 63M->50M(75M) 9.876ms
Dec 24 07:02:17 burnside uvmconsole: [3304252.375s][info][gc] GC(379950) Pause Young (Normal) (G1 Evacuation Pause) 62M->50M(75M) 7.934ms
Dec 24 07:02:23 burnside uvmconsole: [3304258.610s][info][gc] GC(379951) Pause Young (Normal) (G1 Evacuation Pause) 62M->50M(75M) 12.288ms
Dec 24 07:02:24 burnside uvmconsole: [3304259.116s][info][gc] GC(379952) Pause Young (Normal) (G1 Evacuation Pause) 62M->50M(75M) 8.162ms
Dec 24 07:02:24 burnside uvmconsole: [3304259.646s][info][gc] GC(379953) Pause Young (Normal) (G1 Evacuation Pause) 62M->50M(75M) 7.777ms
Dec 24 07:02:25 burnside uvmconsole: [3304260.207s][info][gc] GC(379954) Pause Young (Normal) (G1 Evacuation Pause) 62M->50M(75M) 9.414ms
Dec 24 07:02:25 burnside uvmconsole: [3304260.703s][info][gc] GC(379955) Pause Young (Normal) (G1 Evacuation Pause) 62M->50M(75M) 8.494ms
Dec 24 07:02:26 burnside uvmconsole: [3304261.225s][info][gc] GC(379956) Pause Young (Normal) (G1 Evacuation Pause) 62M->50M(75M) 7.592ms
Dec 24 07:02:26 burnside uvmconsole: [3304261.751s][info][gc] GC(379957) Pause Young (Normal) (G1 Evacuation Pause) 62M->50M(75M) 9.413ms
Dec 24 07:02:27 burnside uvmconsole: [3304262.309s][info][gc] GC(379958) Pause Young (Normal) (G1 Evacuation Pause) 62M->50M(75M) 9.732ms
Dec 24 07:02:28 burnside uvmconsole: [3304262.811s][info][gc] GC(379959) Pause Young (Normal) (G1 Evacuation Pause) 62M->50M(75M) 12.590ms
Dec 24 07:02:28 burnside uvmconsole: [3304263.376s][info][gc] GC(379960) Pause Young (Normal) (G1 Evacuation Pause) 62M->50M(75M) 8.965ms
Dec 24 07:02:29 burnside uvmconsole: [3304263.892s][info][gc] GC(379961) Pause Young (Normal) (G1 Evacuation Pause) 62M->50M(75M) 8.082ms
Dec 24 07:02:29 burnside uvmconsole: [3304264.366s][info][gc] GC(379962) Pause Young (Normal) (G1 Evacuation Pause) 61M->50M(75M) 8.669ms
Dec 24 07:02:30 burnside uvmconsole: [3304265.176s][info][gc] GC(379963) Pause Young (Normal) (G1 Evacuation Pause) 61M->50M(75M) 9.698ms
Dec 24 07:02:31 burnside uvmconsole: [3304266.160s][info][gc] GC(379964) Pause Young (Normal) (G1 Evacuation Pause) 61M->50M(75M) 9.597ms
Dec 24 07:02:32 burnside uvmconsole: [3304267.132s][info][gc] GC(379965) Pause Young (Normal) (G1 Evacuation Pause) 61M->50M(90M) 9.108ms
Dec 24 07:02:33 burnside uvmconsole: [3304268.738s][info][gc] GC(379966) Pause Young (Normal) (G1 Evacuation Pause) 67M->50M(90M) 7.376ms
Dec 24 07:02:35 burnside uvmconsole: [3304270.586s][info][gc] GC(379967) Pause Young (Normal) (G1 Evacuation Pause) 68M->50M(90M) 7.027ms
Dec 24 07:02:37 burnside uvmconsole: [3304272.431s][info][gc] GC(379968) Pause Young (Normal) (G1 Evacuation Pause) 69M->50M(90M) 6.895ms
Dec 24 07:02:39 burnside uvmconsole: [3304274.090s][info][gc] GC(379969) Pause Young (Normal) (G1 Evacuation Pause) 70M->50M(90M) 6.687ms
Dec 24 07:02:41 burnside uvmconsole: [3304276.659s][info][gc] GC(379970) Pause Young (Normal) (G1 Evacuation Pause) 71M->50M(90M) 7.910ms
Dec 24 07:02:42 burnside uvmconsole: [3304277.747s][info][gc] GC(379971) Pause Young (Normal) (G1 Evacuation Pause) 71M->50M(90M) 6.581ms
Dec 24 07:02:44 burnside uvmconsole: [3304278.960s][info][gc] GC(379972) Pause Young (Normal) (G1 Evacuation Pause) 72M->50M(90M) 6.539ms
Dec 24 07:02:45 burnside uvmconsole: [3304280.137s][info][gc] GC(379973) Pause Young (Normal) (G1 Evacuation Pause) 72M->50M(90M) 7.295ms
Dec 24 07:02:46 burnside uvmconsole: [3304281.254s][info][gc] GC(379974) Pause Young (Normal) (G1 Evacuation Pause) 73M->50M(90M) 8.009ms
Dec 24 07:02:47 burnside uvmconsole: [3304282.487s][info][gc] GC(379975) Pause Young (Normal) (G1 Evacuation Pause) 73M->50M(90M) 6.832ms
Dec 24 07:02:59 burnside uvmconsole: [3304294.188s][info][gc] GC(379976) Pause Young (Normal) (G1 Evacuation Pause) 73M->50M(90M) 7.334ms
Dec 24 07:03:10 burnside uvmconsole: [3304304.928s][info][gc] GC(379977) Pause Young (Normal) (G1 Evacuation Pause) 74M->51M(90M) 9.236ms
Dec 24 07:03:32 burnside uvmconsole: [3304326.958s][info][gc] GC(379978) Pause Young (Normal) (G1 Evacuation Pause) 75M->51M(90M) 10.098ms
Dec 24 07:03:40 burnside uvmconsole: [3304335.447s][info][gc] GC(379979) Pause Young (Normal) (G1 Evacuation Pause) 74M->52M(90M) 11.463ms
Dec 24 07:03:49 burnside uvmconsole: [3304343.951s][info][gc] GC(379980) Pause Young (Normal) (G1 Evacuation Pause) 75M->52M(90M) 13.802ms
Dec 24 07:03:49 burnside uvmconsole: [3304344.699s][info][gc] GC(379981) Pause Young (Normal) (G1 Evacuation Pause) 74M->52M(90M) 12.186ms
Dec 24 07:03:50 burnside uvmconsole: [3304345.485s][info][gc] GC(379982) Pause Young (Normal) (G1 Evacuation Pause) 75M->52M(90M) 13.214ms
Dec 24 07:03:51 burnside uvmconsole: [3304346.326s][info][gc] GC(379983) Pause Young (Normal) (G1 Evacuation Pause) 75M->52M(90M) 13.040ms
Dec 24 07:03:52 burnside uvmconsole: [3304347.128s][info][gc] GC(379984) Pause Young (Normal) (G1 Evacuation Pause) 75M->52M(90M) 12.527ms
Dec 24 07:03:53 burnside uvmconsole: [3304347.913s][info][gc] GC(379985) Pause Young (Normal) (G1 Evacuation Pause) 75M->52M(90M) 12.759ms
Dec 24 07:03:53 burnside uvmconsole: [3304348.679s][info][gc] GC(379986) Pause Young (Normal) (G1 Evacuation Pause) 75M->52M(90M) 11.698ms
Dec 24 07:03:54 burnside uvmconsole: [3304349.452s][info][gc] GC(379987) Pause Young (Normal) (G1 Evacuation Pause) 75M->52M(90M) 14.378ms
Dec 24 07:03:55 burnside uvmconsole: [3304350.317s][info][gc] GC(379988) Pause Young (Normal) (G1 Evacuation Pause) 75M->52M(90M) 12.505ms
Dec 24 07:03:57 burnside uvmconsole: [3304351.803s][info][gc] GC(379989) Pause Young (Normal) (G1 Evacuation Pause) 74M->52M(90M) 11.987ms
Dec 24 07:03:58 burnside uvmconsole: [3304353.283s][info][gc] GC(379990) Pause Young (Normal) (G1 Evacuation Pause) 74M->52M(90M) 11.811ms
Dec 24 07:03:59 burnside uvmconsole: [3304354.738s][info][gc] GC(379991) Pause Young (Normal) (G1 Evacuation Pause) 74M->52M(90M) 16.594ms
Dec 24 07:04:01 burnside uvmconsole: [3304356.290s][info][gc] GC(379992) Pause Young (Normal) (G1 Evacuation Pause) 74M->52M(90M) 14.324ms
Dec 24 07:04:02 burnside uvmconsole: [3304357.111s][info][gc] GC(379993) Pause Young (Normal) (G1 Evacuation Pause) 73M->53M(90M) 19.980ms
Dec 24 07:04:04 burnside uvmconsole: [3304358.778s][info][gc] GC(379994) Pause Young (Normal) (G1 Evacuation Pause) 76M->52M(108M) 11.027ms
Dec 24 07:04:06 burnside uvmconsole: [3304361.287s][info][gc] GC(379995) Pause Young (Normal) (G1 Evacuation Pause) 86M->52M(108M) 9.501ms
Dec 24 07:04:09 burnside uvmconsole: [3304363.871s][info][gc] GC(379996) Pause Young (Normal) (G1 Evacuation Pause) 87M->52M(108M) 8.577ms
Dec 24 07:04:11 burnside uvmconsole: [3304366.591s][info][gc] GC(379997) Pause Young (Normal) (G1 Evacuation Pause) 87M->52M(108M) 8.762ms
Dec 24 07:04:14 burnside uvmconsole: [3304369.130s][info][gc] GC(379998) Pause Young (Normal) (G1 Evacuation Pause) 88M->52M(108M) 8.603ms
Dec 24 07:04:17 burnside uvmconsole: [3304372.034s][info][gc] GC(379999) Pause Young (Normal) (G1 Evacuation Pause) 88M->52M(108M) 8.925ms
Dec 24 07:04:19 burnside uvmconsole: [3304374.619s][info][gc] GC(380000) Pause Young (Normal) (G1 Evacuation Pause) 88M->52M(108M) 9.473ms
Dec 24 07:04:22 burnside uvmconsole: [3304377.462s][info][gc] GC(380001) Pause Young (Normal) (G1 Evacuation Pause) 88M->52M(108M) 9.443ms
Dec 24 07:04:25 burnside uvmconsole: [3304380.129s][info][gc] GC(380002) Pause Young (Normal) (G1 Evacuation Pause) 88M->52M(108M) 8.200ms
Dec 24 07:04:28 burnside uvmconsole: [3304382.989s][info][gc] GC(380003) Pause Young (Normal) (G1 Evacuation Pause) 88M->52M(108M) 8.735ms
Dec 24 07:04:31 burnside uvmconsole: [3304385.946s][info][gc] GC(380004) Pause Young (Normal) (G1 Evacuation Pause) 89M->52M(108M) 9.241ms
Dec 24 07:04:34 burnside uvmconsole: [3304388.823s][info][gc] GC(380005) Pause Young (Normal) (G1 Evacuation Pause) 89M->52M(108M) 9.240ms
Dec 24 07:04:36 burnside uvmconsole: [3304391.617s][info][gc] GC(380006) Pause Young (Normal) (G1 Evacuation Pause) 89M->52M(108M) 9.038ms
Dec 24 07:04:43 burnside uvmconsole: [3304398.528s][info][gc] GC(380007) Pause Young (Normal) (G1 Evacuation Pause) 89M->52M(108M) 10.109ms
Dec 24 07:04:57 burnside uvmconsole: [3304412.296s][info][gc] GC(380008) Pause Young (Normal) (G1 Evacuation Pause) 89M->53M(108M) 10.900ms
Dec 24 07:05:04 burnside uvmconsole: [3304419.122s][info][gc] GC(380009) Pause Young (Normal) (G1 Evacuation Pause) 89M->53M(108M) 13.182ms
Dec 24 07:05:05 burnside uvmconsole: [3304420.701s][info][gc] GC(380010) Pause Young (Normal) (G1 Evacuation Pause) 89M->53M(108M) 15.524ms
Dec 24 07:05:07 burnside uvmconsole: [3304421.959s][info][gc] GC(380011) Pause Young (Normal) (G1 Evacuation Pause) 89M->54M(108M) 17.904ms
Dec 24 07:05:09 burnside uvmconsole: [3304423.784s][info][gc] GC(380012) Pause Young (Normal) (G1 Evacuation Pause) 90M->53M(108M) 12.407ms
Dec 24 07:05:11 burnside uvmconsole: [3304425.867s][info][gc] GC(380013) Pause Young (Normal) (G1 Evacuation Pause) 89M->53M(108M) 16.264ms
Dec 24 07:05:14 burnside uvmconsole: [3304428.771s][info][gc] GC(380014) Pause Young (Normal) (G1 Evacuation Pause) 89M->53M(108M) 12.384ms
Dec 24 07:05:43 burnside uvmconsole: [3304458.692s][info][gc] GC(380015) Pause Young (Normal) (G1 Evacuation Pause) 89M->53M(108M) 15.068ms
Dec 24 07:05:45 burnside uvmconsole: [3304460.311s][info][gc] GC(380016) Pause Young (Normal) (G1 Evacuation Pause) 89M->53M(108M) 11.171ms
Dec 24 07:05:47 burnside uvmconsole: [3304461.884s][info][gc] GC(380017) Pause Young (Normal) (G1 Evacuation Pause) 89M->53M(108M) 13.760ms
Dec 24 07:05:48 burnside uvmconsole: [3304463.397s][info][gc] GC(380018) Pause Young (Normal) (G1 Evacuation Pause) 89M->53M(108M) 13.133ms
Dec 24 07:05:50 burnside uvmconsole: [3304464.944s][info][gc] GC(380019) Pause Young (Normal) (G1 Evacuation Pause) 90M->53M(108M) 14.933ms
Dec 24 07:05:52 burnside uvmconsole: [3304467.514s][info][gc] GC(380020) Pause Young (Normal) (G1 Evacuation Pause) 90M->53M(108M) 11.925ms
Dec 24 07:05:55 burnside uvmconsole: [3304470.243s][info][gc] GC(380021) Pause Young (Normal) (G1 Evacuation Pause) 90M->53M(108M) 11.209ms
Dec 24 07:05:58 burnside uvmconsole: [3304473.012s][info][gc] GC(380022) Pause Young (Normal) (G1 Evacuation Pause) 90M->54M(108M) 11.825ms
Dec 24 07:06:00 burnside uvmconsole: [3304475.521s][info][gc] GC(380023) Pause Young (Normal) (G1 Evacuation Pause) 91M->54M(108M) 13.993ms
Dec 24 07:06:03 burnside uvmconsole: [3304478.133s][info][gc] GC(380024) Pause Young (Normal) (G1 Evacuation Pause) 90M->53M(108M) 9.261ms
Dec 24 07:06:06 burnside uvmconsole: [3304481.067s][info][gc] GC(380025) Pause Young (Normal) (G1 Evacuation Pause) 89M->53M(108M) 9.112ms
Dec 24 07:06:09 burnside uvmconsole: [3304483.797s][info][gc] GC(380026) Pause Young (Normal) (G1 Evacuation Pause) 90M->54M(108M) 10.773ms
Dec 24 07:06:11 burnside uvmconsole: [3304485.939s][info][gc] GC(380027) Pause Young (Normal) (G1 Evacuation Pause) 91M->54M(108M) 11.136ms
Dec 24 07:06:32 burnside uvmconsole: [3304507.579s][info][gc] GC(380028) Pause Young (Normal) (G1 Evacuation Pause) 91M->54M(108M) 10.710ms
Dec 24 07:06:51 burnside uvmconsole: [3304526.011s][info][gc] GC(380029) Pause Full (System.gc()) 68M->49M(75M) 332.395ms
Dec 24 07:07:01 burnside uvmconsole: [3304536.486s][info][gc] GC(380030) Pause Young (Concurrent Start) (G1 Evacuation Pause) 63M->50M(75M) 10.857ms
Dec 24 07:07:01 burnside uvmconsole: [3304536.486s][info][gc] GC(380031) Concurrent Cycle
Dec 24 07:07:02 burnside uvmconsole: [3304536.877s][info][gc] GC(380031) Pause Remark 51M->51M(75M) 42.245ms
Dec 24 07:07:02 burnside uvmconsole: [3304537.087s][info][gc] GC(380031) Pause Cleanup 52M->52M(75M) 0.645ms
Dec 24 07:07:02 burnside uvmconsole: [3304537.089s][info][gc] GC(380031) Concurrent Cycle 603.104ms
Dec 24 07:07:03 burnside uvmconsole: [3304538.657s][info][gc] GC(380032) Pause Young (Normal) (G1 Evacuation Pause) 62M->50M(75M) 11.407ms
Dec 24 07:07:16 burnside uvmconsole: [3304551.165s][info][gc] GC(380033) Pause Young (Normal) (G1 Evacuation Pause) 62M->50M(75M) 8.782ms
Dec 24 07:07:24 burnside uvmconsole: [3304559.524s][info][gc] GC(380034) Pause Young (Normal) (G1 Evacuation Pause) 62M->50M(75M) 14.342ms
Dec 24 07:07:38 burnside uvmconsole: [3304573.215s][info][gc] GC(380035) Pause Young (Normal) (G1 Evacuation Pause) 61M->50M(75M) 9.306ms
Dec 24 07:07:55 burnside uvmconsole: [3304589.901s][info][gc] GC(380036) Pause Young (Normal) (G1 Evacuation Pause) 61M->50M(75M) 9.165ms
Dec 24 07:08:04 burnside uvmconsole: [3304599.509s][info][gc] GC(380037) Pause Young (Normal) (G1 Evacuation Pause) 61M->50M(75M) 10.543ms
Dec 24 07:08:07 burnside uvmconsole: [3304601.939s][info][gc] GC(380038) Pause Young (Normal) (G1 Evacuation Pause) 60M->50M(75M) 8.688ms
Dec 24 07:08:13 burnside uvmconsole: [3304607.815s][info][gc] GC(380039) Pause Young (Normal) (G1 Evacuation Pause) 61M->50M(75M) 9.239ms
Dec 24 07:08:17 burnside uvmconsole: [3304612.279s][info][gc] GC(380040) Pause Young (Normal) (G1 Evacuation Pause) 60M->50M(75M) 9.104ms
Dec 24 07:08:27 burnside uvmconsole: [3304621.770s][info][gc] GC(380041) Pause Young (Normal) (G1 Evacuation Pause) 60M->51M(75M) 9.967ms
Dec 24 07:08:33 burnside uvmconsole: [3304628.119s][info][gc] GC(380042) Pause Young (Normal) (G1 Evacuation Pause) 61M->51M(75M) 9.277ms
Dec 24 07:08:49 burnside uvmconsole: [3304644.592s][info][gc] GC(380043) Pause Young (Normal) (G1 Evacuation Pause) 62M->51M(75M) 8.920ms
Dec 24 07:09:01 burnside uvmconsole: [3304655.832s][info][gc] GC(380044) Pause Young (Normal) (G1 Evacuation Pause) 61M->51M(75M) 10.506ms
Dec 24 07:09:07 burnside uvmconsole: [3304662.739s][info][gc] GC(380045) Pause Young (Normal) (G1 Evacuation Pause) 61M->51M(75M) 9.773ms
Dec 24 07:09:22 burnside uvmconsole: [3304677.268s][info][gc] GC(380046) Pause Young (Normal) (G1 Evacuation Pause) 61M->51M(75M) 8.642ms
Dec 24 07:09:43 burnside uvmconsole: [3304698.340s][info][gc] GC(380047) Pause Young (Normal) (G1 Evacuation Pause) 62M->51M(75M) 9.067ms
Dec 24 07:09:52 burnside uvmconsole: [3304707.291s][info][gc] GC(380048) Pause Young (Normal) (G1 Evacuation Pause) 62M->51M(75M) 9.079ms
Dec 24 07:09:59 burnside uvmconsole: [3304714.189s][info][gc] GC(380049) Pause Young (Normal) (G1 Evacuation Pause) 62M->51M(75M) 8.881ms
Dec 24 07:10:09 burnside uvmconsole: [3304724.459s][info][gc] GC(380050) Pause Young (Normal) (G1 Evacuation Pause) 61M->51M(75M) 9.651ms
Dec 24 07:10:19 burnside uvmconsole: [3304734.282s][info][gc] GC(380051) Pause Young (Normal) (G1 Evacuation Pause) 60M->51M(75M) 8.833ms
Dec 24 07:10:23 burnside uvmconsole: [3304738.549s][info][gc] GC(380052) Pause Young (Normal) (G1 Evacuation Pause) 61M->51M(75M) 10.010ms
Dec 24 07:10:25 burnside uvmconsole: [3304740.422s][info][gc] GC(380053) Pause Young (Normal) (G1 Evacuation Pause) 61M->51M(75M) 8.539ms
Dec 24 07:10:37 burnside uvmconsole: [3304752.571s][info][gc] GC(380054) Pause Young (Normal) (G1 Evacuation Pause) 61M->51M(75M) 9.109ms
Dec 24 07:10:58 burnside uvmconsole: [3304773.372s][info][gc] GC(380055) Pause Young (Normal) (G1 Evacuation Pause) 60M->51M(75M) 8.836ms
Dec 24 07:11:03 burnside uvmconsole: [3304778.642s][info][gc] GC(380056) Pause Young (Normal) (G1 Evacuation Pause) 60M->51M(75M) 9.277ms
Dec 24 07:11:24 burnside uvmconsole: [3304799.153s][info][gc] GC(380057) Pause Young (Normal) (G1 Evacuation Pause) 60M->51M(75M) 8.488ms
Dec 24 07:11:42 burnside uvmconsole: [3304816.771s][info][gc] GC(380058) Pause Young (Normal) (G1 Evacuation Pause) 60M->51M(75M) 11.351ms
Dec 24 07:11:46 burnside uvmconsole: [3304821.031s][info][gc] GC(380059) Pause Young (Normal) (G1 Evacuation Pause) 59M->52M(75M) 11.013ms
Dec 24 07:11:51 burnside uvmconsole: [3304826.005s][info][gc] GC(380060) Pause Full (System.gc()) 57M->48M(75M) 325.586ms
Dec 24 07:12:02 burnside uvmconsole: [3304836.912s][info][gc] GC(380061) Pause Young (Normal) (G1 Evacuation Pause) 58M->49M(75M) 7.355ms
Dec 24 07:12:22 burnside uvmconsole: [3304857.554s][info][gc] GC(380062) Pause Young (Normal) (G1 Evacuation Pause) 59M->49M(75M) 6.686ms
Dec 24 07:12:44 burnside uvmconsole: [3304879.387s][info][gc] GC(380063) Pause Young (Normal) (G1 Evacuation Pause) 59M->49M(75M) 7.202ms
Dec 24 07:13:00 burnside uvmconsole: [3304895.074s][info][gc] GC(380064) Pause Young (Normal) (G1 Evacuation Pause) 59M->49M(75M) 9.867ms
Dec 24 07:13:15 burnside uvmconsole: [3304910.732s][info][gc] GC(380065) Pause Young (Normal) (G1 Evacuation Pause) 60M->49M(75M) 7.949ms
Dec 24 07:13:37 burnside uvmconsole: [3304931.832s][info][gc] GC(380066) Pause Young (Normal) (G1 Evacuation Pause) 60M->49M(75M) 8.179ms
Dec 24 07:14:00 burnside uvmconsole: [3304954.794s][info][gc] GC(380067) Pause Young (Normal) (G1 Evacuation Pause) 60M->49M(75M) 9.889ms
Dec 24 07:14:17 burnside uvmconsole: [3304972.141s][info][gc] GC(380068) Pause Young (Normal) (G1 Evacuation Pause) 60M->49M(75M) 9.144ms
Dec 24 07:14:31 burnside uvmconsole: [3304986.330s][info][gc] GC(380069) Pause Young (Normal) (G1 Evacuation Pause) 60M->49M(75M) 8.658ms
Dec 24 07:14:46 burnside uvmconsole: [3305001.562s][info][gc] GC(380070) Pause Young (Normal) (G1 Evacuation Pause) 60M->49M(75M) 8.843ms
Dec 24 07:15:01 burnside uvmconsole: [3305016.363s][info][gc] GC(380071) Pause Young (Normal) (G1 Evacuation Pause) 60M->49M(75M) 9.454ms
Dec 24 07:15:13 burnside uvmconsole: [3305028.046s][info][gc] GC(380072) Pause Young (Normal) (G1 Evacuation Pause) 59M->49M(75M) 8.527ms
Dec 24 07:15:23 burnside uvmconsole: [3305038.641s][info][gc] GC(380073) Pause Young (Normal) (G1 Evacuation Pause) 60M->50M(75M) 9.847ms
Dec 24 07:15:35 burnside uvmconsole: [3305050.431s][info][gc] GC(380074) Pause Young (Normal) (G1 Evacuation Pause) 60M->50M(75M) 10.619ms
Dec 24 07:15:43 burnside uvmconsole: [3305058.658s][info][gc] GC(380075) Pause Young (Normal) (G1 Evacuation Pause) 60M->50M(75M) 9.840ms
Dec 24 07:15:59 burnside uvmconsole: [3305074.190s][info][gc] GC(380076) Pause Young (Normal) (G1 Evacuation Pause) 60M->50M(75M) 9.148ms
Dec 24 07:16:07 burnside uvmconsole: [3305082.089s][info][gc] GC(380077) Pause Young (Normal) (G1 Evacuation Pause) 61M->50M(75M) 13.802ms
Dec 24 07:16:22 burnside uvmconsole: [3305096.823s][info][gc] GC(380078) Pause Young (Normal) (G1 Evacuation Pause) 60M->50M(75M) 8.825ms
Dec 24 07:16:47 burnside uvmconsole: [3305121.929s][info][gc] GC(380079) Pause Young (Normal) (G1 Evacuation Pause) 61M->50M(75M) 8.063ms
Dec 24 07:16:51 burnside uvmconsole: [3305126.005s][info][gc] GC(380080) Pause Full (System.gc()) 51M->49M(75M) 326.163ms
Dec 24 07:17:08 burnside uvmconsole: [3305143.186s][info][gc] GC(380081) Pause Young (Normal) (G1 Evacuation Pause) 61M->49M(75M) 7.584ms
Dec 24 07:17:23 burnside uvmconsole: [3305157.876s][info][gc] GC(380082) Pause Young (Normal) (G1 Evacuation Pause) 60M->49M(75M) 7.156ms
Dec 24 07:17:52 burnside uvmconsole: [3305187.388s][info][gc] GC(380083) Pause Young (Normal) (G1 Evacuation Pause) 60M->49M(75M) 7.147ms
Dec 24 07:18:08 burnside uvmconsole: [3305203.371s][info][gc] GC(380084) Pause Young (Normal) (G1 Evacuation Pause) 61M->49M(75M) 8.119ms
Dec 24 07:18:20 burnside uvmconsole: [3305215.017s][info][gc] GC(380085) Pause Young (Normal) (G1 Evacuation Pause) 61M->49M(75M) 7.807ms
Dec 24 07:18:40 burnside uvmconsole: [3305235.317s][info][gc] GC(380086) Pause Young (Normal) (G1 Evacuation Pause) 61M->49M(75M) 8.301ms
Dec 24 07:18:57 burnside uvmconsole: [3305252.593s][info][gc] GC(380087) Pause Young (Normal) (G1 Evacuation Pause) 60M->50M(75M) 8.527ms
Dec 24 07:19:02 burnside uvmconsole: [3305257.216s][info][gc] GC(380088) Pause Young (Normal) (G1 Evacuation Pause) 61M->50M(75M) 9.727ms
Dec 24 07:19:16 burnside uvmconsole: [3305271.296s][info][gc] GC(380089) Pause Young (Normal) (G1 Evacuation Pause) 61M->50M(75M) 9.008ms
Dec 24 07:19:35 burnside uvmconsole: [3305289.892s][info][gc] GC(380090) Pause Young (Normal) (G1 Evacuation Pause) 61M->50M(75M) 9.697ms
Dec 24 07:19:57 burnside uvmconsole: [3305311.779s][info][gc] GC(380091) Pause Young (Normal) (G1 Evacuation Pause) 60M->50M(75M) 8.940ms
Dec 24 07:20:02 burnside uvmconsole: [3305317.066s][info][gc] GC(380092) Pause Young (Normal) (G1 Evacuation Pause) 61M->50M(75M) 10.142ms
Dec 24 07:20:13 burnside uvmconsole: [3305328.752s][info][gc] GC(380093) Pause Young (Normal) (G1 Evacuation Pause) 60M->50M(75M) 9.260ms
Dec 24 07:20:21 burnside uvmconsole: [3305336.427s][info][gc] GC(380094) Pause Young (Normal) (G1 Evacuation Pause) 61M->50M(75M) 8.168ms
Dec 24 07:20:22 burnside uvmconsole: [3305337.230s][info][gc] GC(380095) Pause Young (Normal) (G1 Evacuation Pause) 60M->50M(75M) 9.455ms
Dec 24 07:20:23 burnside uvmconsole: [3305337.986s][info][gc] GC(380096) Pause Young (Normal) (G1 Evacuation Pause) 60M->51M(75M) 11.779ms
Dec 24 07:20:23 burnside uvmconsole: [3305338.616s][info][gc] GC(380097) Pause Young (Normal) (G1 Evacuation Pause) 61M->50M(75M) 13.132ms
Dec 24 07:20:24 burnside uvmconsole: [3305339.237s][info][gc] GC(380098) Pause Young (Normal) (G1 Evacuation Pause) 60M->50M(75M) 8.470ms
Dec 24 07:20:25 burnside uvmconsole: [3305339.837s][info][gc] GC(380099) Pause Young (Normal) (G1 Evacuation Pause) 60M->50M(75M) 7.187ms
Dec 24 07:20:33 burnside uvmconsole: [3305347.904s][info][gc] GC(380100) Pause Young (Normal) (G1 Evacuation Pause) 60M->50M(75M) 8.241ms
Dec 24 07:20:48 burnside uvmconsole: [3305363.327s][info][gc] GC(380101) Pause Young (Normal) (G1 Evacuation Pause) 60M->50M(75M) 8.166ms
Dec 24 07:20:57 burnside uvmconsole: [3305372.601s][info][gc] GC(380102) Pause Young (Normal) (G1 Evacuation Pause) 60M->50M(75M) 9.099ms
Dec 24 07:21:03 burnside uvmconsole: [3305378.721s][info][gc] GC(380103) Pause Young (Normal) (G1 Evacuation Pause) 60M->51M(75M) 10.627ms
Dec 24 07:21:08 burnside uvmconsole: [3305383.396s][info][gc] GC(380104) Pause Young (Normal) (G1 Evacuation Pause) 60M->51M(75M) 10.059ms
Dec 24 07:21:18 burnside uvmconsole: [3305393.572s][info][gc] GC(380105) Pause Young (Normal) (G1 Evacuation Pause) 60M->51M(75M) 8.802ms
Dec 24 07:21:31 burnside uvmconsole: [3305405.871s][info][gc] GC(380106) Pause Young (Normal) (G1 Evacuation Pause) 60M->51M(75M) 9.970ms
Dec 24 07:21:41 burnside uvmconsole: [3305416.100s][info][gc] GC(380107) Pause Young (Normal) (G1 Evacuation Pause) 59M->51M(75M) 9.497ms
Dec 24 07:21:51 burnside uvmconsole: [3305426.001s][info][gc] GC(380108) Pause Full (System.gc()) 57M->49M(75M) 322.449ms
Dec 24 07:21:57 burnside uvmconsole: [3305432.524s][info][gc] GC(380109) Pause Young (Normal) (G1 Evacuation Pause) 60M->49M(75M) 6.781ms
Dec 24 07:22:03 burnside uvmconsole: [3305438.656s][info][gc] GC(380110) Pause Young (Normal) (G1 Evacuation Pause) 60M->49M(75M) 7.965ms
Dec 24 07:22:13 burnside uvmconsole: [3305448.363s][info][gc] GC(380111) Pause Young (Normal) (G1 Evacuation Pause) 60M->49M(75M) 7.026ms
Dec 24 07:22:26 burnside uvmconsole: [3305461.657s][info][gc] GC(380112) Pause Young (Normal) (G1 Evacuation Pause) 60M->49M(75M) 7.683ms
Dec 24 07:22:46 burnside uvmconsole: [3305481.549s][info][gc] GC(380113) Pause Young (Normal) (G1 Evacuation Pause) 60M->49M(75M) 8.041ms
Dec 24 07:23:03 burnside uvmconsole: [3305498.642s][info][gc] GC(380114) Pause Young (Normal) (G1 Evacuation Pause) 60M->50M(75M) 9.186ms
Dec 24 07:23:11 burnside uvmconsole: [3305506.694s][info][gc] GC(380115) Pause Young (Normal) (G1 Evacuation Pause) 61M->49M(75M) 8.076ms
Dec 24 07:23:18 burnside uvmconsole: [3305513.752s][info][gc] GC(380116) Pause Young (Normal) (G1 Evacuation Pause) 60M->50M(75M) 8.872ms
Dec 24 07:23:30 burnside uvmconsole: [3305525.651s][info][gc] GC(380117) Pause Young (Normal) (G1 Evacuation Pause) 61M->50M(75M) 9.880ms
Dec 24 07:23:47 burnside uvmconsole: [3305541.878s][info][gc] GC(380118) Pause Young (Normal) (G1 Evacuation Pause) 60M->50M(75M) 10.539ms
Dec 24 07:24:00 burnside uvmconsole: [3305554.797s][info][gc] GC(380119) Pause Young (Normal) (G1 Evacuation Pause) 60M->50M(75M) 10.507ms
Dec 24 07:24:09 burnside uvmconsole: [3305564.642s][info][gc] GC(380120) Pause Young (Normal) (G1 Evacuation Pause) 60M->50M(75M) 9.604ms
Dec 24 07:24:27 burnside uvmconsole: [3305582.174s][info][gc] GC(380121) Pause Young (Normal) (G1 Evacuation Pause) 60M->50M(75M) 9.698ms
Dec 24 07:24:43 burnside uvmconsole: [3305597.914s][info][gc] GC(380122) Pause Young (Normal) (G1 Evacuation Pause) 61M->50M(75M) 8.476ms
Dec 24 07:24:58 burnside uvmconsole: [3305613.671s][info][gc] GC(380123) Pause Young (Normal) (G1 Evacuation Pause) 61M->50M(75M) 9.146ms
Dec 24 07:25:01 burnside uvmconsole: [3305616.738s][info][gc] GC(380124) Pause Young (Normal) (G1 Evacuation Pause) 60M->51M(75M) 9.131ms
Dec 24 07:25:11 burnside uvmconsole: [3305626.417s][info][gc] GC(380125) Pause Young (Normal) (G1 Evacuation Pause) 61M->51M(75M) 9.505ms
Dec 24 07:25:18 burnside uvmconsole: [3305633.536s][info][gc] GC(380126) Pause Young (Normal) (G1 Evacuation Pause) 61M->51M(75M) 9.463ms
Dec 24 07:25:31 burnside uvmconsole: [3305646.346s][info][gc] GC(380127) Pause Young (Normal) (G1 Evacuation Pause) 61M->51M(75M) 8.979ms
Dec 24 07:25:57 burnside uvmconsole: [3305672.500s][info][gc] GC(380128) Pause Young (Normal) (G1 Evacuation Pause) 60M->51M(75M) 9.033ms
Dec 24 07:26:02 burnside uvmconsole: [3305677.338s][info][gc] GC(380129) Pause Young (Normal) (G1 Evacuation Pause) 61M->51M(75M) 9.636ms
Dec 24 07:26:15 burnside uvmconsole: [3305690.458s][info][gc] GC(380130) Pause Young (Normal) (G1 Evacuation Pause) 60M->50M(75M) 9.594ms
Dec 24 07:26:27 burnside uvmconsole: [3305702.693s][info][gc] GC(380131) Pause Young (Normal) (G1 Evacuation Pause) 60M->51M(75M) 8.673ms
Dec 24 07:26:51 burnside uvmconsole: [3305726.001s][info][gc] GC(380132) Pause Full (System.gc()) 60M->48M(75M) 321.257ms
Dec 24 07:27:03 burnside uvmconsole: [3305737.757s][info][gc] GC(380133) Pause Young (Normal) (G1 Evacuation Pause) 59M->49M(75M) 7.024ms
Dec 24 07:27:13 burnside uvmconsole: [3305748.382s][info][gc] GC(380134) Pause Young (Normal) (G1 Evacuation Pause) 60M->49M(75M) 6.843ms
Dec 24 07:27:24 burnside uvmconsole: [3305758.963s][info][gc] GC(380135) Pause Young (Normal) (G1 Evacuation Pause) 60M->49M(75M) 7.371ms
Dec 24 07:27:38 burnside uvmconsole: [3305773.667s][info][gc] GC(380136) Pause Young (Normal) (G1 Evacuation Pause) 60M->49M(75M) 7.114ms
Dec 24 07:27:42 burnside uvmconsole: [3305777.184s][info][gc] GC(380137) Pause Young (Normal) (G1 Evacuation Pause) 60M->49M(75M) 7.092ms
Dec 24 07:27:57 burnside uvmconsole: [3305792.708s][info][gc] GC(380138) Pause Young (Normal) (G1 Evacuation Pause) 60M->49M(75M) 7.834ms
Dec 24 07:28:04 burnside uvmconsole: [3305799.315s][info][gc] GC(380139) Pause Young (Normal) (G1 Evacuation Pause) 60M->49M(75M) 9.356ms
Dec 24 07:28:24 burnside uvmconsole: [3305819.011s][info][gc] GC(380140) Pause Young (Normal) (G1 Evacuation Pause) 60M->49M(75M) 8.000ms
Dec 24 07:28:47 burnside uvmconsole: [3305842.084s][info][gc] GC(380141) Pause Young (Normal) (G1 Evacuation Pause) 60M->49M(75M) 9.417ms
Dec 24 07:29:02 burnside uvmconsole: [3305857.361s][info][gc] GC(380142) Pause Young (Normal) (G1 Evacuation Pause) 60M->49M(75M) 8.989ms
Dec 24 07:29:07 burnside uvmconsole: [3305862.409s][info][gc] GC(380143) Pause Young (Normal) (G1 Evacuation Pause) 60M->49M(75M) 7.967ms
Dec 24 07:29:20 burnside uvmconsole: [3305875.333s][info][gc] GC(380144) Pause Young (Normal) (G1 Evacuation Pause) 60M->49M(75M) 7.893ms
Dec 24 07:29:38 burnside uvmconsole: [3305892.895s][info][gc] GC(380145) Pause Young (Normal) (G1 Evacuation Pause) 60M->49M(75M) 8.316ms
Dec 24 07:29:57 burnside uvmconsole: [3305911.881s][info][gc] GC(380146) Pause Young (Normal) (G1 Evacuation Pause) 60M->49M(75M) 8.447ms
Dec 24 07:30:07 burnside uvmconsole: [3305922.034s][info][gc] GC(380147) Pause Young (Normal) (G1 Evacuation Pause) 60M->50M(75M) 10.072ms
Dec 24 07:30:26 burnside uvmconsole: [3305941.130s][info][gc] GC(380148) Pause Young (Normal) (G1 Evacuation Pause) 60M->49M(75M) 8.748ms
Dec 24 07:30:57 burnside uvmconsole: [3305972.038s][info][gc] GC(380149) Pause Young (Normal) (G1 Evacuation Pause) 60M->49M(75M) 8.770ms
Dec 24 07:31:09 burnside uvmconsole: [3305984.569s][info][gc] GC(380150) Pause Young (Normal) (G1 Evacuation Pause) 60M->49M(75M) 7.979ms
Dec 24 07:31:29 burnside uvmconsole: [3306003.763s][info][gc] GC(380151) Pause Young (Normal) (G1 Evacuation Pause) 60M->49M(75M) 8.551ms
Dec 24 07:31:51 burnside uvmconsole: [3306026.003s][info][gc] GC(380152) Pause Full (System.gc()) 57M->48M(75M) 324.528ms
Dec 24 07:32:09 burnside uvmconsole: [3306044.171s][info][gc] GC(380153) Pause Young (Normal) (G1 Evacuation Pause) 59M->49M(75M) 7.149ms
Dec 24 07:32:26 burnside uvmconsole: [3306061.360s][info][gc] GC(380154) Pause Young (Normal) (G1 Evacuation Pause) 60M->49M(75M) 6.982ms
Dec 24 07:32:51 burnside uvmconsole: [3306085.762s][info][gc] GC(380155) Pause Young (Normal) (G1 Evacuation Pause) 60M->49M(75M) 7.564ms
Dec 24 07:33:00 burnside uvmconsole: [3306095.216s][info][gc] GC(380156) Pause Young (Normal) (G1 Evacuation Pause) 60M->49M(75M) 12.441ms
Dec 24 07:33:26 burnside uvmconsole: [3306121.378s][info][gc] GC(380157) Pause Young (Normal) (G1 Evacuation Pause) 60M->49M(75M) 8.280ms
Dec 24 07:33:37 burnside uvmconsole: [3306132.317s][info][gc] GC(380158) Pause Young (Normal) (G1 Evacuation Pause) 60M->49M(75M) 8.234ms
Dec 24 07:33:54 burnside uvmconsole: [3306149.690s][info][gc] GC(380159) Pause Young (Normal) (G1 Evacuation Pause) 60M->49M(75M) 8.808ms
Dec 24 07:34:06 burnside uvmconsole: [3306161.588s][info][gc] GC(380160) Pause Young (Normal) (G1 Evacuation Pause) 60M->49M(75M) 9.152ms
Dec 24 07:34:26 burnside uvmconsole: [3306181.562s][info][gc] GC(380161) Pause Young (Normal) (G1 Evacuation Pause) 60M->49M(75M) 9.004ms
Dec 24 07:34:45 burnside uvmconsole: [3306200.376s][info][gc] GC(380162) Pause Young (Normal) (G1 Evacuation Pause) 59M->49M(75M) 9.068ms
Dec 24 07:35:02 burnside uvmconsole: [3306217.752s][info][gc] GC(380163) Pause Young (Normal) (G1 Evacuation Pause) 60M->49M(75M) 9.987ms
Dec 24 07:35:13 burnside uvmconsole: [3306228.322s][info][gc] GC(380164) Pause Young (Normal) (G1 Evacuation Pause) 60M->49M(75M) 9.134ms
Dec 24 07:35:25 burnside uvmconsole: [3306240.393s][info][gc] GC(380165) Pause Young (Normal) (G1 Evacuation Pause) 60M->49M(75M) 8.471ms
Dec 24 07:35:34 burnside uvmconsole: [3306248.754s][info][gc] GC(380166) Pause Young (Normal) (G1 Evacuation Pause) 60M->50M(75M) 9.336ms
Dec 24 07:35:43 burnside uvmconsole: [3306258.643s][info][gc] GC(380167) Pause Young (Normal) (G1 Evacuation Pause) 60M->50M(75M) 10.090ms
Dec 24 07:35:56 burnside uvmconsole: [3306271.219s][info][gc] GC(380168) Pause Young (Normal) (G1 Evacuation Pause) 60M->50M(75M) 10.241ms
Dec 24 07:36:02 burnside uvmconsole: [3306276.945s][info][gc] GC(380169) Pause Young (Normal) (G1 Evacuation Pause) 60M->50M(75M) 10.558ms
Dec 24 07:36:06 burnside uvmconsole: [3306281.751s][info][gc] GC(380170) Pause Young (Normal) (G1 Evacuation Pause) 60M->50M(75M) 8.823ms
Dec 24 07:36:11 burnside uvmconsole: [3306285.778s][info][gc] GC(380171) Pause Young (Normal) (G1 Evacuation Pause) 60M->50M(75M) 12.672ms
Dec 24 07:36:15 burnside uvmconsole: [3306290.174s][info][gc] GC(380172) Pause Young (Normal) (G1 Evacuation Pause) 60M->51M(75M) 12.252ms
Dec 24 07:36:27 burnside uvmconsole: [3306302.029s][info][gc] GC(380173) Pause Young (Normal) (G1 Evacuation Pause) 60M->51M(75M) 9.612ms
Dec 24 07:36:33 burnside uvmconsole: [3306308.652s][info][gc] GC(380174) Pause Young (Normal) (G1 Evacuation Pause) 61M->51M(75M) 7.572ms
Dec 24 07:36:51 burnside uvmconsole: [3306326.030s][info][gc] GC(380175) Pause Full (System.gc()) 58M->49M(75M) 350.609ms
Dec 24 07:37:06 burnside uvmconsole: [3306341.318s][info][gc] GC(380176) Pause Young (Normal) (G1 Evacuation Pause) 61M->50M(75M) 8.974ms
Dec 24 07:37:18 burnside uvmconsole: [3306353.287s][info][gc] GC(380177) Pause Young (Normal) (G1 Evacuation Pause) 61M->50M(75M) 7.614ms
Dec 24 07:37:37 burnside uvmconsole: [3306372.356s][info][gc] GC(380178) Pause Young (Normal) (G1 Evacuation Pause) 61M->50M(75M) 8.077ms
Dec 24 07:37:59 burnside uvmconsole: [3306394.347s][info][gc] GC(380179) Pause Young (Normal) (G1 Evacuation Pause) 61M->50M(75M) 8.555ms
Dec 24 07:38:12 burnside uvmconsole: [3306406.816s][info][gc] GC(380180) Pause Young (Normal) (G1 Evacuation Pause) 61M->50M(75M) 8.863ms
Dec 24 07:38:18 burnside uvmconsole: [3306413.343s][info][gc] GC(380181) Pause Young (Normal) (G1 Evacuation Pause) 61M->50M(75M) 9.293ms
Dec 24 07:38:29 burnside uvmconsole: [3306423.780s][info][gc] GC(380182) Pause Young (Normal) (G1 Evacuation Pause) 61M->50M(75M) 12.896ms
Dec 24 07:38:50 burnside uvmconsole: [3306445.379s][info][gc] GC(380183) Pause Young (Normal) (G1 Evacuation Pause) 61M->50M(75M) 8.701ms
Dec 24 07:39:04 burnside uvmconsole: [3306459.307s][info][gc] GC(380184) Pause Young (Normal) (G1 Evacuation Pause) 61M->50M(75M) 9.775ms
Dec 24 07:39:11 burnside uvmconsole: [3306466.642s][info][gc] GC(380185) Pause Young (Normal) (G1 Evacuation Pause) 60M->50M(75M) 10.213ms
Dec 24 07:39:30 burnside uvmconsole: [3306485.051s][info][gc] GC(380186) Pause Young (Normal) (G1 Evacuation Pause) 61M->50M(75M) 19.380ms
Dec 24 07:39:51 burnside uvmconsole: [3306505.831s][info][gc] GC(380187) Pause Young (Normal) (G1 Evacuation Pause) 61M->50M(75M) 10.231ms
Dec 24 07:40:01 burnside uvmconsole: [3306516.420s][info][gc] GC(380188) Pause Young (Normal) (G1 Evacuation Pause) 61M->50M(75M) 9.117ms
Dec 24 07:40:22 burnside uvmconsole: [3306537.744s][info][gc] GC(380189) Pause Young (Normal) (G1 Evacuation Pause) 61M->50M(75M) 8.811ms
Dec 24 07:40:32 burnside uvmconsole: [3306547.107s][info][gc] GC(380190) Pause Young (Normal) (G1 Evacuation Pause) 61M->50M(75M) 7.662ms
Dec 24 07:40:44 burnside uvmconsole: [3306559.234s][info][gc] GC(380191) Pause Young (Normal) (G1 Evacuation Pause) 61M->50M(75M) 8.102ms
Dec 24 07:40:59 burnside uvmconsole: [3306574.190s][info][gc] GC(380192) Pause Young (Normal) (G1 Evacuation Pause) 61M->50M(75M) 8.521ms
Dec 24 07:41:08 burnside uvmconsole: [3306583.361s][info][gc] GC(380193) Pause Young (Normal) (G1 Evacuation Pause) 61M->50M(75M) 9.248ms
Dec 24 07:41:15 burnside uvmconsole: [3306590.407s][info][gc] GC(380194) Pause Young (Normal) (G1 Evacuation Pause) 60M->50M(75M) 9.184ms
Dec 24 07:41:33 burnside uvmconsole: [3306607.853s][info][gc] GC(380195) Pause Young (Normal) (G1 Evacuation Pause) 60M->50M(75M) 9.103ms
Dec 24 07:41:48 burnside uvmconsole: [3306622.894s][info][gc] GC(380196) Pause Young (Normal) (G1 Evacuation Pause) 60M->50M(75M) 9.715ms
Dec 24 07:41:51 burnside uvmconsole: [3306626.003s][info][gc] GC(380197) Pause Full (System.gc()) 55M->48M(73M) 324.569ms
Dec 24 07:42:03 burnside uvmconsole: [3306638.252s][info][gc] GC(380198) Pause Young (Normal) (G1 Evacuation Pause) 59M->49M(73M) 7.884ms
Dec 24 07:42:10 burnside uvmconsole: [3306644.862s][info][gc] GC(380199) Pause Young (Normal) (G1 Evacuation Pause) 60M->49M(73M) 6.958ms
Dec 24 07:42:24 burnside uvmconsole: [3306659.197s][info][gc] GC(380200) Pause Young (Normal) (G1 Evacuation Pause) 60M->49M(73M) 14.309ms
Dec 24 07:42:34 burnside uvmconsole: [3306668.810s][info][gc] GC(380201) Pause Young (Normal) (G1 Evacuation Pause) 60M->49M(73M) 8.607ms
Dec 24 07:42:48 burnside uvmconsole: [3306682.949s][info][gc] GC(380202) Pause Young (Normal) (G1 Evacuation Pause) 60M->49M(73M) 9.279ms
Dec 24 07:42:54 burnside uvmconsole: [3306689.622s][info][gc] GC(380203) Pause Young (Normal) (G1 Evacuation Pause) 59M->50M(73M) 9.821ms
Dec 24 07:43:05 burnside uvmconsole: [3306700.019s][info][gc] GC(380204) Pause Young (Normal) (G1 Evacuation Pause) 60M->50M(73M) 11.132ms
Dec 24 07:43:22 burnside uvmconsole: [3306716.787s][info][gc] GC(380205) Pause Young (Normal) (G1 Evacuation Pause) 59M->50M(73M) 9.772ms
Dec 24 07:43:32 burnside uvmconsole: [3306726.841s][info][gc] GC(380206) Pause Young (Normal) (G1 Evacuation Pause) 60M->50M(73M) 9.005ms
Dec 24 07:43:42 burnside uvmconsole: [3306736.812s][info][gc] GC(380207) Pause Young (Normal) (G1 Evacuation Pause) 60M->50M(73M) 9.093ms
Dec 24 07:43:49 burnside uvmconsole: [3306744.102s][info][gc] GC(380208) Pause Young (Normal) (G1 Evacuation Pause) 59M->50M(73M) 9.025ms
Dec 24 07:43:51 burnside uvmconsole: [3306746.063s][info][gc] GC(380209) Pause Young (Normal) (G1 Evacuation Pause) 59M->50M(73M) 10.492ms
Dec 24 07:43:54 burnside uvmconsole: [3306748.813s][info][gc] GC(380210) Pause Young (Normal) (G1 Evacuation Pause) 59M->50M(73M) 10.130ms
Dec 24 07:43:56 burnside uvmconsole: [3306751.454s][info][gc] GC(380211) Pause Young (Normal) (G1 Evacuation Pause) 59M->51M(73M) 15.109ms
Dec 24 07:44:00 burnside uvmconsole: [3306755.622s][info][gc] GC(380212) Pause Young (Normal) (G1 Evacuation Pause) 60M->51M(73M) 10.173ms
Dec 24 07:44:05 burnside uvmconsole: [3306760.685s][info][gc] GC(380213) Pause Young (Normal) (G1 Evacuation Pause) 60M->50M(73M) 8.175ms
Dec 24 07:44:07 burnside uvmconsole: [3306761.991s][info][gc] GC(380214) Pause Young (Normal) (G1 Evacuation Pause) 59M->51M(73M) 7.845ms
Dec 24 07:44:08 burnside uvmconsole: [3306763.275s][info][gc] GC(380215) Pause Young (Normal) (G1 Evacuation Pause) 60M->50M(73M) 7.454ms
Dec 24 07:44:21 burnside uvmconsole: [3306776.506s][info][gc] GC(380216) Pause Young (Normal) (G1 Evacuation Pause) 59M->50M(73M) 7.536ms
Dec 24 07:44:32 burnside uvmconsole: [3306786.796s][info][gc] GC(380217) Pause Young (Normal) (G1 Evacuation Pause) 59M->50M(73M) 7.848ms
Dec 24 07:44:38 burnside uvmconsole: [3306793.412s][info][gc] GC(380218) Pause Young (Normal) (G1 Evacuation Pause) 59M->51M(73M) 14.533ms
Dec 24 07:44:51 burnside uvmconsole: [3306806.184s][info][gc] GC(380219) Pause Young (Normal) (G1 Evacuation Pause) 60M->51M(73M) 8.409ms
Dec 24 07:44:59 burnside uvmconsole: [3306814.190s][info][gc] GC(380220) Pause Young (Normal) (G1 Evacuation Pause) 60M->51M(73M) 8.735ms
Dec 24 07:45:01 burnside uvmconsole: [3306816.680s][info][gc] GC(380221) Pause Young (Normal) (G1 Evacuation Pause) 60M->51M(73M) 10.190ms
Dec 24 07:45:04 burnside uvmconsole: [3306819.743s][info][gc] GC(380222) Pause Young (Normal) (G1 Evacuation Pause) 60M->51M(73M) 9.186ms
Dec 24 07:45:09 burnside uvmconsole: [3306823.945s][info][gc] GC(380223) Pause Young (Normal) (G1 Evacuation Pause) 59M->51M(73M) 9.918ms
Dec 24 07:45:10 burnside uvmconsole: [3306824.935s][info][gc] GC(380224) Pause Young (Normal) (G1 Evacuation Pause) 59M->51M(73M) 8.697ms
Dec 24 07:45:23 burnside uvmconsole: [3306838.640s][info][gc] GC(380225) Pause Young (Normal) (G1 Evacuation Pause) 59M->51M(73M) 8.888ms
Dec 24 07:45:30 burnside uvmconsole: [3306845.232s][info][gc] GC(380226) Pause Young (Normal) (G1 Evacuation Pause) 59M->51M(73M) 9.521ms
Dec 24 07:45:38 burnside uvmconsole: [3306853.084s][info][gc] GC(380227) Pause Young (Normal) (G1 Evacuation Pause) 58M->51M(73M) 9.467ms
Dec 24 07:45:51 burnside uvmconsole: [3306866.213s][info][gc] GC(380228) Pause Young (Normal) (G1 Evacuation Pause) 59M->51M(73M) 9.116ms
Dec 24 07:46:01 burnside uvmconsole: [3306875.798s][info][gc] GC(380229) Pause Young (Normal) (G1 Evacuation Pause) 59M->51M(73M) 10.183ms
Dec 24 07:46:03 burnside uvmconsole: [3306878.659s][info][gc] GC(380230) Pause Young (Normal) (G1 Evacuation Pause) 58M->51M(73M) 8.853ms
Dec 24 07:46:20 burnside uvmconsole: [3306895.195s][info][gc] GC(380231) Pause Young (Normal) (G1 Evacuation Pause) 59M->51M(73M) 8.236ms
Dec 24 07:46:31 burnside uvmconsole: [3306906.064s][info][gc] GC(380232) Pause Young (Normal) (G1 Evacuation Pause) 59M->51M(73M) 8.804ms
Dec 24 07:46:33 burnside uvmconsole: [3306907.988s][info][gc] GC(380233) Pause Young (Normal) (G1 Evacuation Pause) 59M->51M(73M) 9.202ms
Dec 24 07:46:42 burnside uvmconsole: [3306917.030s][info][gc] GC(380234) Pause Young (Normal) (G1 Evacuation Pause) 58M->51M(73M) 9.244ms
Dec 24 07:46:51 burnside uvmconsole: [3306926.010s][info][gc] GC(380235) Pause Full (System.gc()) 56M->49M(73M) 330.736ms
Dec 24 07:47:02 burnside uvmconsole: [3306937.413s][info][gc] GC(380236) Pause Young (Normal) (G1 Evacuation Pause) 58M->49M(73M) 8.501ms
Dec 24 07:47:07 burnside uvmconsole: [3306942.698s][info][gc] GC(380237) Pause Young (Normal) (G1 Evacuation Pause) 58M->49M(73M) 6.978ms
Dec 24 07:47:19 burnside uvmconsole: [3306954.361s][info][gc] GC(380238) Pause Young (Normal) (G1 Evacuation Pause) 58M->49M(73M) 7.558ms
Dec 24 07:47:33 burnside uvmconsole: [3306968.463s][info][gc] GC(380239) Pause Young (Normal) (G1 Evacuation Pause) 58M->49M(73M) 7.896ms
Dec 24 07:47:53 burnside uvmconsole: [3306987.946s][info][gc] GC(380240) Pause Young (Normal) (G1 Evacuation Pause) 58M->49M(73M) 8.061ms
Dec 24 07:48:04 burnside uvmconsole: [3306998.899s][info][gc] GC(380241) Pause Young (Normal) (G1 Evacuation Pause) 58M->50M(73M) 8.438ms
Dec 24 07:48:09 burnside uvmconsole: [3307003.989s][info][gc] GC(380242) Pause Young (Normal) (G1 Evacuation Pause) 59M->50M(73M) 8.417ms
Dec 24 07:48:13 burnside uvmconsole: [3307008.711s][info][gc] GC(380243) Pause Young (Normal) (G1 Evacuation Pause) 59M->49M(73M) 8.529ms
Dec 24 07:48:31 burnside uvmconsole: [3307026.437s][info][gc] GC(380244) Pause Young (Normal) (G1 Evacuation Pause) 58M->49M(73M) 8.367ms
Dec 24 07:48:41 burnside uvmconsole: [3307036.118s][info][gc] GC(380245) Pause Young (Normal) (G1 Evacuation Pause) 58M->50M(73M) 8.458ms
Dec 24 07:48:44 burnside uvmconsole: [3307039.604s][info][gc] GC(380246) Pause Young (Normal) (G1 Evacuation Pause) 59M->50M(73M) 9.846ms
Dec 24 07:48:50 burnside uvmconsole: [3307044.958s][info][gc] GC(380247) Pause Young (Normal) (G1 Evacuation Pause) 59M->50M(73M) 9.071ms
Dec 24 07:48:59 burnside uvmconsole: [3307054.652s][info][gc] GC(380248) Pause Young (Normal) (G1 Evacuation Pause) 59M->50M(73M) 9.899ms
Dec 24 07:49:00 burnside uvmconsole: 12-24 07:49:00.864326| ERROR:./libnetcap/src/netcap_tcp.c:390:WARNING: TCP: Could not find session for accepted connection :: (192.168.1.182:49526) -> (52.167.249.196:443  )
Dec 24 07:49:05 burnside uvmconsole: [3307060.637s][info][gc] GC(380249) Pause Young (Normal) (G1 Evacuation Pause) 59M->50M(73M) 10.577ms
Dec 24 07:49:11 burnside uvmconsole: [3307066.224s][info][gc] GC(380250) Pause Young (Normal) (G1 Evacuation Pause) 59M->50M(73M) 10.132ms
Dec 24 07:49:20 burnside uvmconsole: [3307075.217s][info][gc] GC(380251) Pause Young (Normal) (G1 Evacuation Pause) 59M->50M(73M) 9.010ms
Dec 24 07:49:31 burnside uvmconsole: [3307085.886s][info][gc] GC(380252) Pause Young (Normal) (G1 Evacuation Pause) 58M->50M(73M) 9.560ms
Dec 24 07:49:42 burnside uvmconsole: [3307097.493s][info][gc] GC(380253) Pause Young (Normal) (G1 Evacuation Pause) 58M->50M(73M) 8.910ms
Dec 24 07:49:52 burnside uvmconsole: [3307107.292s][info][gc] GC(380254) Pause Young (Normal) (G1 Evacuation Pause) 58M->50M(73M) 9.812ms
Dec 24 07:49:59 burnside uvmconsole: [3307114.190s][info][gc] GC(380255) Pause Young (Normal) (G1 Evacuation Pause) 58M->51M(73M) 10.207ms
Dec 24 07:50:04 burnside uvmconsole: [3307119.380s][info][gc] GC(380256) Pause Young (Normal) (G1 Evacuation Pause) 59M->51M(73M) 11.973ms
Dec 24 07:50:06 burnside uvmconsole: [3307121.138s][info][gc] GC(380257) Pause Young (Normal) (G1 Evacuation Pause) 59M->51M(73M) 11.145ms
Dec 24 07:50:07 burnside uvmconsole: [3307122.316s][info][gc] GC(380258) Pause Young (Normal) (G1 Evacuation Pause) 58M->51M(73M) 10.797ms
Dec 24 07:50:08 burnside uvmconsole: [3307122.775s][info][gc] GC(380259) Pause Young (Normal) (G1 Evacuation Pause) 58M->51M(73M) 11.121ms
Dec 24 07:50:14 burnside uvmconsole: [3307128.971s][info][gc] GC(380260) Pause Young (Normal) (G1 Evacuation Pause) 58M->51M(73M) 8.393ms
Dec 24 07:50:18 burnside uvmconsole: [3307133.687s][info][gc] GC(380261) Pause Young (Normal) (G1 Evacuation Pause) 59M->51M(73M) 7.553ms
Dec 24 07:50:24 burnside uvmconsole: [3307139.516s][info][gc] GC(380262) Pause Young (Normal) (G1 Evacuation Pause) 59M->51M(73M) 8.028ms
Dec 24 07:50:30 burnside uvmconsole: [3307145.728s][info][gc] GC(380263) Pause Young (Normal) (G1 Evacuation Pause) 59M->51M(73M) 7.172ms
Dec 24 07:50:38 burnside uvmconsole: [3307153.149s][info][gc] GC(380264) Pause Young (Normal) (G1 Evacuation Pause) 59M->51M(73M) 7.868ms
Dec 24 07:50:43 burnside uvmconsole: [3307158.045s][info][gc] GC(380265) Pause Young (Normal) (G1 Evacuation Pause) 59M->51M(73M) 8.721ms
Dec 24 07:50:48 burnside uvmconsole: [3307162.956s][info][gc] GC(380266) Pause Young (Normal) (G1 Evacuation Pause) 59M->51M(73M) 10.711ms
Dec 24 07:50:53 burnside uvmconsole: [3307168.446s][info][gc] GC(380267) Pause Young (Normal) (G1 Evacuation Pause) 58M->51M(73M) 8.982ms
Dec 24 07:51:00 burnside uvmconsole: [3307174.801s][info][gc] GC(380268) Pause Young (Normal) (G1 Evacuation Pause) 58M->51M(73M) 8.865ms
Dec 24 07:51:00 burnside uvmconsole: [3307174.946s][info][gc] GC(380269) Pause Young (Normal) (G1 Evacuation Pause) 58M->52M(73M) 10.510ms
Dec 24 07:51:01 burnside uvmconsole: [3307176.584s][info][gc] GC(380270) Pause Young (Normal) (G1 Evacuation Pause) 58M->52M(73M) 6.775ms
Dec 24 07:51:03 burnside uvmconsole: [3307178.655s][info][gc] GC(380271) Pause Young (Normal) (G1 Evacuation Pause) 58M->52M(73M) 6.789ms
Dec 24 07:51:09 burnside uvmconsole: [3307183.811s][info][gc] GC(380272) Pause Young (Normal) (G1 Evacuation Pause) 59M->52M(73M) 7.960ms
Dec 24 07:51:13 burnside uvmconsole: [3307188.063s][info][gc] GC(380273) Pause Young (Normal) (G1 Evacuation Pause) 59M->52M(73M) 7.573ms
Dec 24 07:51:17 burnside uvmconsole: [3307192.436s][info][gc] GC(380274) Pause Young (Normal) (G1 Evacuation Pause) 59M->52M(73M) 6.873ms
Dec 24 07:51:23 burnside uvmconsole: [3307198.572s][info][gc] GC(380275) Pause Young (Normal) (G1 Evacuation Pause) 59M->52M(73M) 7.311ms
Dec 24 07:51:28 burnside uvmconsole: [3307203.371s][info][gc] GC(380276) Pause Young (Normal) (G1 Evacuation Pause) 59M->52M(73M) 10.426ms
Dec 24 07:51:30 burnside uvmconsole: [3307205.516s][info][gc] GC(380277) Pause Young (Normal) (G1 Evacuation Pause) 59M->52M(73M) 8.123ms
Dec 24 07:51:35 burnside uvmconsole: [3307209.881s][info][gc] GC(380278) Pause Young (Normal) (G1 Evacuation Pause) 59M->52M(73M) 8.439ms
Dec 24 07:51:41 burnside uvmconsole: [3307216.675s][info][gc] GC(380279) Pause Young (Normal) (G1 Evacuation Pause) 58M->52M(73M) 7.412ms
Dec 24 07:51:45 burnside uvmconsole: [3307220.173s][info][gc] GC(380280) Pause Young (Normal) (G1 Evacuation Pause) 58M->52M(73M) 7.874ms
Dec 24 07:51:48 burnside uvmconsole: [3307222.761s][info][gc] GC(380281) Pause Young (Normal) (G1 Evacuation Pause) 58M->53M(73M) 7.813ms
Dec 24 07:51:51 burnside uvmconsole: [3307226.021s][info][gc] GC(380282) Pause Full (System.gc()) 58M->49M(73M) 341.630ms
Dec 24 07:51:54 burnside uvmconsole: [3307228.963s][info][gc] GC(380283) Pause Young (Normal) (G1 Evacuation Pause) 57M->50M(73M) 7.080ms
Dec 24 07:52:02 burnside uvmconsole: [3307237.746s][info][gc] GC(380284) Pause Young (Normal) (G1 Evacuation Pause) 58M->50M(73M) 8.207ms
Dec 24 07:52:03 burnside uvmconsole: [3307237.986s][info][gc] GC(380285) Pause Young (Normal) (G1 Evacuation Pause) 58M->50M(73M) 7.267ms
Dec 24 07:52:18 burnside uvmconsole: [3307253.735s][info][gc] GC(380286) Pause Young (Normal) (G1 Evacuation Pause) 58M->50M(73M) 8.080ms
Dec 24 07:52:32 burnside uvmconsole: [3307266.993s][info][gc] GC(380287) Pause Young (Normal) (G1 Evacuation Pause) 59M->50M(73M) 7.665ms
Dec 24 07:52:46 burnside uvmconsole: [3307281.410s][info][gc] GC(380288) Pause Young (Normal) (G1 Evacuation Pause) 59M->50M(73M) 7.910ms
Dec 24 07:53:03 burnside uvmconsole: [3307298.640s][info][gc] GC(380289) Pause Young (Normal) (G1 Evacuation Pause) 59M->50M(73M) 9.350ms
Dec 24 07:53:10 burnside uvmconsole: [3307305.415s][info][gc] GC(380290) Pause Young (Normal) (G1 Evacuation Pause) 59M->50M(73M) 7.814ms
Dec 24 07:53:15 burnside uvmconsole: [3307310.128s][info][gc] GC(380291) Pause Young (Normal) (G1 Evacuation Pause) 59M->51M(73M) 8.970ms
Dec 24 07:53:28 burnside uvmconsole: [3307322.977s][info][gc] GC(380292) Pause Young (Normal) (G1 Evacuation Pause) 59M->50M(73M) 8.223ms
Dec 24 07:53:39 burnside uvmconsole: [3307333.875s][info][gc] GC(380293) Pause Young (Normal) (G1 Evacuation Pause) 58M->50M(73M) 9.822ms
Dec 24 07:53:53 burnside uvmconsole: [3307348.656s][info][gc] GC(380294) Pause Young (Normal) (G1 Evacuation Pause) 58M->51M(73M) 8.690ms
Dec 24 07:54:01 burnside uvmconsole: [3307356.413s][info][gc] GC(380295) Pause Young (Normal) (G1 Evacuation Pause) 59M->51M(73M) 9.823ms
Dec 24 07:54:06 burnside uvmconsole: [3307361.011s][info][gc] GC(380296) Pause Young (Normal) (G1 Evacuation Pause) 58M->51M(73M) 9.310ms
Dec 24 07:54:12 burnside uvmconsole: [3307367.747s][info][gc] GC(380297) Pause Young (Normal) (G1 Evacuation Pause) 58M->51M(73M) 8.369ms
Dec 24 07:54:27 burnside uvmconsole: [3307381.862s][info][gc] GC(380298) Pause Young (Normal) (G1 Evacuation Pause) 59M->51M(73M) 8.552ms
Dec 24 07:54:37 burnside uvmconsole: [3307392.001s][info][gc] GC(380299) Pause Young (Normal) (G1 Evacuation Pause) 59M->51M(73M) 8.867ms
Dec 24 07:54:47 burnside uvmconsole: [3307402.078s][info][gc] GC(380300) Pause Young (Normal) (G1 Evacuation Pause) 58M->51M(73M) 8.963ms
Dec 24 07:54:57 burnside uvmconsole: [3307412.511s][info][gc] GC(380301) Pause Young (Normal) (G1 Evacuation Pause) 58M->51M(73M) 9.185ms
Dec 24 07:55:03 burnside uvmconsole: [3307418.654s][info][gc] GC(380302) Pause Young (Normal) (G1 Evacuation Pause) 58M->51M(73M) 10.335ms
Dec 24 07:55:07 burnside uvmconsole: [3307422.556s][info][gc] GC(380303) Pause Young (Normal) (G1 Evacuation Pause) 58M->51M(73M) 9.875ms
Dec 24 07:55:13 burnside uvmconsole: [3307428.404s][info][gc] GC(380304) Pause Young (Normal) (G1 Evacuation Pause) 58M->51M(73M) 8.838ms
Dec 24 07:55:24 burnside uvmconsole: [3307438.841s][info][gc] GC(380305) Pause Young (Normal) (G1 Evacuation Pause) 59M->51M(73M) 8.723ms
Dec 24 07:55:35 burnside uvmconsole: [3307450.024s][info][gc] GC(380306) Pause Young (Normal) (G1 Evacuation Pause) 59M->51M(73M) 8.965ms
Dec 24 07:55:44 burnside uvmconsole: [3307459.488s][info][gc] GC(380307) Pause Young (Normal) (G1 Evacuation Pause) 59M->51M(73M) 8.766ms
Dec 24 07:55:49 burnside uvmconsole: [3307464.283s][info][gc] GC(380308) Pause Young (Normal) (G1 Evacuation Pause) 58M->51M(73M) 9.063ms
Dec 24 07:56:00 burnside uvmconsole: [3307475.289s][info][gc] GC(380309) Pause Young (Normal) (G1 Evacuation Pause) 58M->51M(73M) 8.060ms
Dec 24 07:56:09 burnside uvmconsole: [3307484.118s][info][gc] GC(380310) Pause Young (Normal) (G1 Evacuation Pause) 58M->51M(73M) 8.140ms
Dec 24 07:56:12 burnside uvmconsole: [3307486.962s][info][gc] GC(380311) Pause Young (Normal) (G1 Evacuation Pause) 58M->51M(73M) 6.963ms
Dec 24 07:56:18 burnside uvmconsole: [3307493.297s][info][gc] GC(380312) Pause Young (Normal) (G1 Evacuation Pause) 58M->51M(73M) 7.404ms
Dec 24 07:56:29 burnside uvmconsole: [3307504.068s][info][gc] GC(380313) Pause Young (Normal) (G1 Evacuation Pause) 58M->51M(73M) 7.669ms
Dec 24 07:56:40 burnside uvmconsole: [3307515.162s][info][gc] GC(380314) Pause Young (Normal) (G1 Evacuation Pause) 58M->51M(73M) 7.549ms
Dec 24 07:56:49 burnside uvmconsole: [3307524.012s][info][gc] GC(380315) Pause Young (Normal) (G1 Evacuation Pause) 58M->52M(73M) 8.357ms
Dec 24 07:56:51 burnside uvmconsole: [3307526.032s][info][gc] GC(380316) Pause Full (System.gc()) 53M->49M(73M) 353.084ms
Dec 24 07:57:00 burnside uvmconsole: [3307535.514s][info][gc] GC(380317) Pause Young (Normal) (G1 Evacuation Pause) 58M->49M(73M) 7.283ms
Dec 24 07:57:13 burnside uvmconsole: [3307548.448s][info][gc] GC(380318) Pause Young (Normal) (G1 Evacuation Pause) 57M->49M(73M) 6.396ms
Dec 24 07:57:21 burnside uvmconsole: [3307556.146s][info][gc] GC(380319) Pause Young (Normal) (G1 Evacuation Pause) 58M->49M(73M) 8.012ms
Dec 24 07:57:30 burnside uvmconsole: [3307565.405s][info][gc] GC(380320) Pause Young (Normal) (G1 Evacuation Pause) 58M->49M(73M) 8.128ms
Dec 24 07:57:43 burnside uvmconsole: [3307578.640s][info][gc] GC(380321) Pause Young (Normal) (G1 Evacuation Pause) 58M->49M(73M) 8.099ms
Dec 24 07:58:00 burnside uvmconsole: [3307595.255s][info][gc] GC(380322) Pause Young (Normal) (G1 Evacuation Pause) 58M->49M(73M) 8.520ms
Dec 24 07:58:03 burnside uvmconsole: [3307598.640s][info][gc] GC(380323) Pause Young (Normal) (G1 Evacuation Pause) 58M->49M(73M) 8.137ms
Dec 24 07:58:08 burnside uvmconsole: [3307603.040s][info][gc] GC(380324) Pause Young (Normal) (G1 Evacuation Pause) 58M->49M(73M) 8.318ms
Dec 24 07:58:11 burnside uvmconsole: [3307606.702s][info][gc] GC(380325) Pause Young (Normal) (G1 Evacuation Pause) 58M->50M(73M) 10.278ms
Dec 24 07:58:14 burnside uvmconsole: [3307609.602s][info][gc] GC(380326) Pause Young (Normal) (G1 Evacuation Pause) 58M->50M(73M) 10.847ms
Dec 24 07:58:17 burnside uvmconsole: [3307612.300s][info][gc] GC(380327) Pause Young (Normal) (G1 Evacuation Pause) 58M->50M(73M) 10.201ms
Dec 24 07:58:22 burnside uvmconsole: [3307617.257s][info][gc] GC(380328) Pause Young (Normal) (G1 Evacuation Pause) 59M->50M(73M) 11.848ms
Dec 24 07:58:25 burnside uvmconsole: [3307620.158s][info][gc] GC(380329) Pause Young (Normal) (G1 Evacuation Pause) 58M->51M(73M) 9.995ms
Dec 24 07:58:33 burnside uvmconsole: [3307628.666s][info][gc] GC(380330) Pause Young (Normal) (G1 Evacuation Pause) 59M->51M(73M) 13.570ms
Dec 24 07:58:45 burnside uvmconsole: [3307639.903s][info][gc] GC(380331) Pause Young (Normal) (G1 Evacuation Pause) 59M->51M(73M) 9.132ms
Dec 24 07:58:57 burnside uvmconsole: [3307652.502s][info][gc] GC(380332) Pause Young (Normal) (G1 Evacuation Pause) 58M->51M(73M) 9.594ms
Dec 24 07:59:04 burnside uvmconsole: [3307659.123s][info][gc] GC(380333) Pause Young (Normal) (G1 Evacuation Pause) 58M->51M(73M) 10.433ms
Dec 24 07:59:08 burnside uvmconsole: [3307663.079s][info][gc] GC(380334) Pause Young (Normal) (G1 Evacuation Pause) 58M->51M(73M) 9.226ms
Dec 24 07:59:22 burnside uvmconsole: [3307677.353s][info][gc] GC(380335) Pause Young (Normal) (G1 Evacuation Pause) 59M->51M(73M) 8.856ms
Dec 24 07:59:26 burnside uvmconsole: [3307681.088s][info][gc] GC(380336) Pause Young (Normal) (G1 Evacuation Pause) 59M->51M(73M) 8.628ms
Dec 24 07:59:38 burnside uvmconsole: [3307693.654s][info][gc] GC(380337) Pause Young (Normal) (G1 Evacuation Pause) 59M->51M(73M) 9.081ms
Dec 24 07:59:46 burnside uvmconsole: [3307701.488s][info][gc] GC(380338) Pause Young (Normal) (G1 Evacuation Pause) 58M->51M(73M) 9.181ms
Dec 24 07:59:49 burnside uvmconsole: [3307703.850s][info][gc] GC(380339) Pause Young (Normal) (G1 Evacuation Pause) 58M->52M(73M) 10.310ms
Dec 24 07:59:57 burnside uvmconsole: [3307711.786s][info][gc] GC(380340) Pause Young (Normal) (G1 Evacuation Pause) 59M->52M(73M) 10.059ms
Dec 24 07:59:59 burnside uvmconsole: [3307714.073s][info][gc] GC(380341) Pause Young (Normal) (G1 Evacuation Pause) 60M->52M(73M) 11.949ms
Dec 24 08:00:00 burnside uvmconsole: [3307715.092s][info][gc] GC(380342) Pause Young (Normal) (G1 Evacuation Pause) 59M->52M(73M) 18.963ms
Dec 24 08:00:01 burnside uvmconsole: [3307715.861s][info][gc] GC(380343) Pause Young (Normal) (G1 Evacuation Pause) 58M->52M(73M) 11.950ms
Dec 24 08:00:02 burnside uvmconsole: [3307717.193s][info][gc] GC(380344) Pause Young (Normal) (G1 Evacuation Pause) 59M->53M(73M) 10.336ms
Dec 24 08:00:03 burnside uvmconsole: [3307718.229s][info][gc] GC(380345) Pause Young (Normal) (G1 Evacuation Pause) 59M->53M(73M) 10.527ms
Dec 24 08:00:04 burnside uvmconsole: [3307719.151s][info][gc] GC(380346) Pause Young (Normal) (G1 Evacuation Pause) 59M->53M(73M) 10.510ms
Dec 24 08:00:06 burnside uvmconsole: [3307720.879s][info][gc] GC(380347) Pause Young (Normal) (G1 Evacuation Pause) 59M->54M(73M) 10.219ms
Dec 24 08:00:06 burnside uvmconsole: [3307720.929s][info][gc] GC(380348) Pause Young (Normal) (G1 Evacuation Pause) 59M->54M(73M) 9.557ms
Dec 24 08:00:06 burnside uvmconsole: [3307720.982s][info][gc] GC(380349) Pause Young (Normal) (G1 Evacuation Pause) 58M->55M(73M) 11.770ms
Dec 24 08:00:07 burnside uvmconsole: [3307722.723s][info][gc] GC(380350) Pause Young (Concurrent Start) (G1 Evacuation Pause) 59M->54M(73M) 11.367ms
Dec 24 08:00:07 burnside uvmconsole: [3307722.724s][info][gc] GC(380351) Concurrent Cycle
Dec 24 08:00:08 burnside uvmconsole: [3307723.136s][info][gc] GC(380351) Pause Remark 55M->55M(73M) 43.170ms
Dec 24 08:00:08 burnside uvmconsole: [3307723.350s][info][gc] GC(380351) Pause Cleanup 55M->55M(73M) 0.515ms
Dec 24 08:00:08 burnside uvmconsole: [3307723.352s][info][gc] GC(380351) Concurrent Cycle 628.190ms
Dec 24 08:00:09 burnside uvmconsole: [3307724.441s][info][gc] GC(380352) Pause Young (Prepare Mixed) (G1 Evacuation Pause) 58M->54M(73M) 9.123ms
Dec 24 08:00:10 burnside uvmconsole: [3307725.534s][info][gc] GC(380353) Pause Young (Mixed) (G1 Evacuation Pause) 56M->53M(73M) 8.621ms
Dec 24 08:00:12 burnside uvmconsole: [3307727.545s][info][gc] GC(380354) Pause Young (Concurrent Start) (G1 Evacuation Pause) 58M->53M(73M) 10.299ms
Dec 24 08:00:12 burnside uvmconsole: [3307727.547s][info][gc] GC(380355) Concurrent Cycle
Dec 24 08:00:13 burnside uvmconsole: [3307727.959s][info][gc] GC(380355) Pause Remark 54M->54M(73M) 43.026ms
Dec 24 08:00:13 burnside uvmconsole: [3307728.187s][info][gc] GC(380355) Pause Cleanup 56M->56M(73M) 0.520ms
Dec 24 08:00:13 burnside uvmconsole: [3307728.189s][info][gc] GC(380355) Concurrent Cycle 642.093ms
Dec 24 08:00:14 burnside uvmconsole: [3307729.749s][info][gc] GC(380356) Pause Young (Normal) (G1 Evacuation Pause) 58M->54M(73M) 10.948ms
Dec 24 08:00:16 burnside uvmconsole: [3307730.904s][info][gc] GC(380357) Pause Young (Concurrent Start) (G1 Evacuation Pause) 59M->54M(73M) 12.665ms
Dec 24 08:00:16 burnside uvmconsole: [3307730.905s][info][gc] GC(380358) Concurrent Cycle
Dec 24 08:00:16 burnside uvmconsole: [3307731.367s][info][gc] GC(380358) Pause Remark 57M->57M(73M) 43.340ms
Dec 24 08:00:16 burnside uvmconsole: [3307731.599s][info][gc] GC(380358) Pause Cleanup 58M->58M(73M) 0.510ms
Dec 24 08:00:16 burnside uvmconsole: [3307731.601s][info][gc] GC(380358) Concurrent Cycle 695.605ms
Dec 24 08:00:17 burnside uvmconsole: [3307731.872s][info][gc] GC(380359) Pause Young (Normal) (G1 Evacuation Pause) 59M->54M(73M) 10.938ms
Dec 24 08:00:17 burnside uvmconsole: [3307732.612s][info][gc] GC(380360) Pause Young (Concurrent Start) (G1 Evacuation Pause) 59M->55M(73M) 12.300ms
Dec 24 08:00:17 burnside uvmconsole: [3307732.614s][info][gc] GC(380361) Concurrent Cycle
Dec 24 08:00:18 burnside uvmconsole: [3307733.044s][info][gc] GC(380361) Pause Remark 56M->56M(73M) 44.668ms
Dec 24 08:00:18 burnside uvmconsole: [3307733.281s][info][gc] GC(380361) Pause Cleanup 57M->57M(73M) 0.762ms
Dec 24 08:00:18 burnside uvmconsole: [3307733.283s][info][gc] GC(380361) Concurrent Cycle 669.611ms
Dec 24 08:00:18 burnside uvmconsole: [3307733.350s][info][gc] GC(380362) Pause Young (Prepare Mixed) (G1 Evacuation Pause) 59M->54M(73M) 14.016ms
Dec 24 08:00:19 burnside uvmconsole: [3307733.981s][info][gc] GC(380363) Pause Young (Mixed) (G1 Evacuation Pause) 56M->54M(73M) 8.845ms
Dec 24 08:00:19 burnside uvmconsole: [3307734.176s][info][gc] GC(380364) Pause Young (Concurrent Start) (G1 Evacuation Pause) 59M->54M(73M) 12.878ms
Dec 24 08:00:19 burnside uvmconsole: [3307734.177s][info][gc] GC(380365) Concurrent Cycle
Dec 24 08:00:19 burnside uvmconsole: [3307734.466s][info][gc] GC(380366) Pause Young (Normal) (G1 Evacuation Pause) 59M->54M(73M) 8.535ms
Dec 24 08:00:19 burnside uvmconsole: [3307734.679s][info][gc] GC(380365) Pause Remark 58M->58M(73M) 43.587ms
Dec 24 08:00:20 burnside uvmconsole: [3307734.898s][info][gc] GC(380365) Pause Cleanup 58M->58M(73M) 0.570ms
Dec 24 08:00:20 burnside uvmconsole: [3307734.900s][info][gc] GC(380365) Concurrent Cycle 722.608ms
Dec 24 08:00:20 burnside uvmconsole: [3307735.004s][info][gc] GC(380367) Pause Young (Normal) (G1 Evacuation Pause) 59M->54M(73M) 9.020ms
Dec 24 08:00:20 burnside uvmconsole: [3307735.149s][info][gc] GC(380368) Pause Young (Concurrent Start) (G1 Evacuation Pause) 59M->54M(73M) 9.138ms
Dec 24 08:00:20 burnside uvmconsole: [3307735.150s][info][gc] GC(380369) Concurrent Cycle
Dec 24 08:00:20 burnside uvmconsole: [3307735.443s][info][gc] GC(380370) Pause Young (Normal) (G1 Evacuation Pause) 60M->54M(73M) 8.555ms
Dec 24 08:00:20 burnside uvmconsole: [3307735.620s][info][gc] GC(380369) Pause Remark 56M->56M(73M) 41.218ms
Dec 24 08:00:21 burnside uvmconsole: [3307735.835s][info][gc] GC(380369) Pause Cleanup 56M->56M(73M) 0.502ms
Dec 24 08:00:21 burnside uvmconsole: [3307735.837s][info][gc] GC(380369) Concurrent Cycle 687.812ms
Dec 24 08:00:21 burnside uvmconsole: [3307736.379s][info][gc] GC(380371) Pause Young (Normal) (G1 Evacuation Pause) 60M->54M(73M) 9.324ms
Dec 24 08:00:23 burnside uvmconsole: [3307738.527s][info][gc] GC(380372) Pause Young (Concurrent Start) (G1 Evacuation Pause) 60M->54M(73M) 10.534ms
Dec 24 08:00:23 burnside uvmconsole: [3307738.527s][info][gc] GC(380373) Concurrent Cycle
Dec 24 08:00:24 burnside uvmconsole: [3307738.938s][info][gc] GC(380373) Pause Remark 55M->55M(73M) 43.384ms
Dec 24 08:00:24 burnside uvmconsole: [3307739.170s][info][gc] GC(380373) Pause Cleanup 56M->56M(73M) 0.494ms
Dec 24 08:00:24 burnside uvmconsole: [3307739.172s][info][gc] GC(380373) Concurrent Cycle 644.612ms
Dec 24 08:00:28 burnside uvmconsole: [3307743.453s][info][gc] GC(380374) Pause Young (Normal) (G1 Evacuation Pause) 60M->55M(88M) 20.427ms
Dec 24 08:00:40 burnside uvmconsole: [3307755.019s][info][gc] GC(380375) Pause Young (Normal) (G1 Evacuation Pause) 68M->55M(88M) 11.174ms
Dec 24 08:00:59 burnside uvmconsole: [3307774.199s][info][gc] GC(380376) Pause Young (Normal) (G1 Evacuation Pause) 69M->55M(88M) 9.209ms
Dec 24 08:01:09 burnside uvmconsole: [3307784.358s][info][gc] GC(380377) Pause Young (Concurrent Start) (G1 Evacuation Pause) 69M->55M(88M) 13.739ms
Dec 24 08:01:09 burnside uvmconsole: [3307784.360s][info][gc] GC(380378) Concurrent Cycle
Dec 24 08:01:10 burnside uvmconsole: [3307784.808s][info][gc] GC(380378) Pause Remark 62M->62M(88M) 56.533ms
Dec 24 08:01:10 burnside uvmconsole: [3307785.035s][info][gc] GC(380378) Pause Cleanup 63M->63M(88M) 0.559ms
Dec 24 08:01:10 burnside uvmconsole: [3307785.038s][info][gc] GC(380378) Concurrent Cycle 677.408ms
Dec 24 08:01:16 burnside uvmconsole: [3307791.012s][info][gc] GC(380379) Pause Young (Normal) (G1 Evacuation Pause) 69M->55M(88M) 12.450ms
Dec 24 08:01:34 burnside uvmconsole: [3307809.044s][info][gc] GC(380380) Pause Young (Concurrent Start) (G1 Evacuation Pause) 70M->55M(88M) 11.234ms
Dec 24 08:01:34 burnside uvmconsole: [3307809.045s][info][gc] GC(380381) Concurrent Cycle
Dec 24 08:01:34 burnside uvmconsole: [3307809.436s][info][gc] GC(380381) Pause Remark 56M->56M(88M) 42.347ms
Dec 24 08:01:34 burnside uvmconsole: [3307809.643s][info][gc] GC(380381) Pause Cleanup 56M->56M(88M) 0.509ms
Dec 24 08:01:34 burnside uvmconsole: [3307809.645s][info][gc] GC(380381) Concurrent Cycle 600.266ms
Dec 24 08:01:51 burnside uvmconsole: [3307826.027s][info][gc] GC(380382) Pause Full (System.gc()) 65M->50M(78M) 347.386ms
Dec 24 08:01:59 burnside uvmconsole: [3307834.060s][info][gc] GC(380383) Pause Young (Concurrent Start) (G1 Evacuation Pause) 63M->51M(78M) 10.809ms
Dec 24 08:01:59 burnside uvmconsole: [3307834.061s][info][gc] GC(380384) Concurrent Cycle
Dec 24 08:01:59 burnside uvmconsole: [3307834.470s][info][gc] GC(380384) Pause Remark 54M->54M(78M) 42.018ms
Dec 24 08:01:59 burnside uvmconsole: [3307834.681s][info][gc] GC(380384) Pause Cleanup 54M->54M(78M) 0.524ms
Dec 24 08:01:59 burnside uvmconsole: [3307834.682s][info][gc] GC(380384) Concurrent Cycle 621.708ms
Dec 24 08:02:01 burnside uvmconsole: [3307836.434s][info][gc] GC(380385) Pause Young (Normal) (G1 Evacuation Pause) 63M->52M(78M) 12.470ms
Dec 24 08:02:13 burnside uvmconsole: [3307848.659s][info][gc] GC(380386) Pause Young (Concurrent Start) (G1 Evacuation Pause) 63M->51M(78M) 11.062ms
Dec 24 08:02:13 burnside uvmconsole: [3307848.659s][info][gc] GC(380387) Concurrent Cycle
Dec 24 08:02:14 burnside uvmconsole: [3307849.063s][info][gc] GC(380387) Pause Remark 52M->52M(78M) 41.887ms
Dec 24 08:02:14 burnside uvmconsole: [3307849.281s][info][gc] GC(380387) Pause Cleanup 52M->52M(78M) 0.535ms
Dec 24 08:02:14 burnside uvmconsole: [3307849.282s][info][gc] GC(380387) Concurrent Cycle 623.357ms
Dec 24 08:02:31 burnside uvmconsole: [3307865.885s][info][gc] GC(380388) Pause Young (Normal) (G1 Evacuation Pause) 62M->51M(78M) 10.818ms
Dec 24 08:02:46 burnside uvmconsole: [3307881.002s][info][gc] GC(380389) Pause Young (Concurrent Start) (G1 Evacuation Pause) 62M->51M(78M) 11.227ms
Dec 24 08:02:46 burnside uvmconsole: [3307881.004s][info][gc] GC(380390) Concurrent Cycle
Dec 24 08:02:46 burnside uvmconsole: [3307881.404s][info][gc] GC(380390) Pause Remark 52M->52M(78M) 42.301ms
Dec 24 08:02:46 burnside uvmconsole: [3307881.615s][info][gc] GC(380390) Pause Cleanup 52M->52M(78M) 0.496ms
Dec 24 08:02:46 burnside uvmconsole: [3307881.617s][info][gc] GC(380390) Concurrent Cycle 613.099ms
Dec 24 08:02:53 burnside uvmconsole: [3307888.732s][info][gc] GC(380391) Pause Young (Normal) (G1 Evacuation Pause) 62M->51M(78M) 11.093ms
Dec 24 08:02:56 burnside uvmconsole: [3307891.263s][info][gc] GC(380392) Pause Young (Concurrent Start) (G1 Evacuation Pause) 62M->51M(78M) 10.657ms
Dec 24 08:02:56 burnside uvmconsole: [3307891.263s][info][gc] GC(380393) Concurrent Cycle
Dec 24 08:02:56 burnside uvmconsole: [3307891.677s][info][gc] GC(380393) Pause Remark 53M->53M(78M) 46.337ms
Dec 24 08:02:57 burnside uvmconsole: [3307891.893s][info][gc] GC(380393) Pause Cleanup 54M->54M(78M) 0.464ms
Dec 24 08:02:57 burnside uvmconsole: [3307891.895s][info][gc] GC(380393) Concurrent Cycle 631.629ms
Dec 24 08:02:59 burnside uvmconsole: [3307894.305s][info][gc] GC(380394) Pause Young (Normal) (G1 Evacuation Pause) 62M->51M(78M) 9.670ms
Dec 24 08:03:06 burnside uvmconsole: [3307901.335s][info][gc] GC(380395) Pause Young (Concurrent Start) (G1 Evacuation Pause) 62M->52M(78M) 11.567ms
Dec 24 08:03:06 burnside uvmconsole: [3307901.336s][info][gc] GC(380396) Concurrent Cycle
Dec 24 08:03:06 burnside uvmconsole: [3307901.734s][info][gc] GC(380396) Pause Remark 53M->53M(78M) 42.329ms
Dec 24 08:03:07 burnside uvmconsole: [3307901.944s][info][gc] GC(380396) Pause Cleanup 53M->53M(78M) 0.463ms
Dec 24 08:03:07 burnside uvmconsole: [3307901.946s][info][gc] GC(380396) Concurrent Cycle 610.041ms
Dec 24 08:03:24 burnside uvmconsole: [3307918.928s][info][gc] GC(380397) Pause Young (Normal) (G1 Evacuation Pause) 63M->51M(78M) 11.137ms
Dec 24 08:03:35 burnside uvmconsole: [3307930.129s][info][gc] GC(380398) Pause Young (Concurrent Start) (G1 Evacuation Pause) 62M->52M(78M) 11.081ms
Dec 24 08:03:35 burnside uvmconsole: [3307930.129s][info][gc] GC(380399) Concurrent Cycle
Dec 24 08:03:35 burnside uvmconsole: [3307930.535s][info][gc] GC(380399) Pause Remark 52M->52M(78M) 41.838ms
Dec 24 08:03:35 burnside uvmconsole: [3307930.744s][info][gc] GC(380399) Pause Cleanup 52M->52M(78M) 0.465ms
Dec 24 08:03:35 burnside uvmconsole: [3307930.746s][info][gc] GC(380399) Concurrent Cycle 616.474ms
Dec 24 08:03:47 burnside uvmconsole: [3307942.022s][info][gc] GC(380400) Pause Young (Normal) (G1 Evacuation Pause) 63M->52M(78M) 11.688ms
Dec 24 08:03:57 burnside uvmconsole: [3307951.922s][info][gc] GC(380401) Pause Young (Concurrent Start) (G1 Evacuation Pause) 63M->52M(78M) 11.442ms
Dec 24 08:03:57 burnside uvmconsole: [3307951.922s][info][gc] GC(380402) Concurrent Cycle
Dec 24 08:03:57 burnside uvmconsole: [3307952.332s][info][gc] GC(380402) Pause Remark 52M->52M(78M) 42.539ms
Dec 24 08:03:57 burnside uvmconsole: [3307952.539s][info][gc] GC(380402) Pause Cleanup 53M->53M(78M) 0.524ms
Dec 24 08:03:57 burnside uvmconsole: [3307952.540s][info][gc] GC(380402) Concurrent Cycle 617.990ms
Dec 24 08:04:04 burnside uvmconsole: [3307959.647s][info][gc] GC(380403) Pause Young (Normal) (G1 Evacuation Pause) 62M->52M(78M) 13.653ms
Dec 24 08:04:13 burnside uvmconsole: [3307967.868s][info][gc] GC(380404) Pause Young (Concurrent Start) (G1 Evacuation Pause) 63M->52M(78M) 11.377ms
Dec 24 08:04:13 burnside uvmconsole: [3307967.868s][info][gc] GC(380405) Concurrent Cycle
Dec 24 08:04:13 burnside uvmconsole: [3307968.263s][info][gc] GC(380405) Pause Remark 52M->52M(78M) 47.363ms
Dec 24 08:04:13 burnside uvmconsole: [3307968.466s][info][gc] GC(380405) Pause Cleanup 52M->52M(78M) 0.562ms
Dec 24 08:04:13 burnside uvmconsole: [3307968.467s][info][gc] GC(380405) Concurrent Cycle 599.149ms
Dec 24 08:04:28 burnside uvmconsole: [3307983.274s][info][gc] GC(380406) Pause Young (Normal) (G1 Evacuation Pause) 63M->52M(78M) 11.259ms
Dec 24 08:04:43 burnside uvmconsole: [3307998.662s][info][gc] GC(380407) Pause Young (Concurrent Start) (G1 Evacuation Pause) 63M->52M(78M) 12.385ms
Dec 24 08:04:43 burnside uvmconsole: [3307998.662s][info][gc] GC(380408) Concurrent Cycle
Dec 24 08:04:44 burnside uvmconsole: [3307999.057s][info][gc] GC(380408) Pause Remark 53M->53M(78M) 43.326ms
Dec 24 08:04:44 burnside uvmconsole: [3307999.260s][info][gc] GC(380408) Pause Cleanup 53M->53M(78M) 0.536ms
Dec 24 08:04:44 burnside uvmconsole: [3307999.262s][info][gc] GC(380408) Concurrent Cycle 599.825ms
Dec 24 08:04:57 burnside uvmconsole: [3308012.241s][info][gc] GC(380409) Pause Young (Prepare Mixed) (G1 Evacuation Pause) 63M->52M(78M) 12.161ms
Dec 24 08:04:58 burnside uvmconsole: [3308013.250s][info][gc] GC(380410) Pause Young (Mixed) (G1 Evacuation Pause) 53M->52M(78M) 11.804ms
Dec 24 08:05:06 burnside uvmconsole: [3308021.101s][info][gc] GC(380411) Pause Young (Normal) (G1 Evacuation Pause) 63M->52M(78M) 9.752ms
Dec 24 08:05:16 burnside uvmconsole: [3308031.276s][info][gc] GC(380412) Pause Young (Normal) (G1 Evacuation Pause) 63M->52M(78M) 8.158ms
Dec 24 08:05:26 burnside uvmconsole: [3308041.661s][info][gc] GC(380413) Pause Young (Normal) (G1 Evacuation Pause) 63M->52M(78M) 8.229ms
Dec 24 08:05:34 burnside uvmconsole: [3308049.394s][info][gc] GC(380414) Pause Young (Normal) (G1 Evacuation Pause) 63M->52M(78M) 8.891ms
Dec 24 08:05:44 burnside uvmconsole: [3308058.895s][info][gc] GC(380415) Pause Young (Normal) (G1 Evacuation Pause) 63M->52M(78M) 9.255ms
Dec 24 08:05:58 burnside uvmconsole: [3308073.275s][info][gc] GC(380416) Pause Young (Normal) (G1 Evacuation Pause) 63M->52M(78M) 9.338ms
Dec 24 08:06:01 burnside uvmconsole: [3308076.657s][info][gc] GC(380417) Pause Young (Normal) (G1 Evacuation Pause) 62M->53M(78M) 11.192ms
Dec 24 08:06:08 burnside uvmconsole: [3308082.844s][info][gc] GC(380418) Pause Young (Normal) (G1 Evacuation Pause) 63M->53M(78M) 10.465ms
Dec 24 08:06:12 burnside uvmconsole: [3308087.217s][info][gc] GC(380419) Pause Young (Normal) (G1 Evacuation Pause) 63M->53M(78M) 9.481ms
Dec 24 08:06:25 burnside uvmconsole: [3308099.855s][info][gc] GC(380420) Pause Young (Normal) (G1 Evacuation Pause) 64M->53M(78M) 8.823ms
Dec 24 08:06:40 burnside uvmconsole: [3308115.281s][info][gc] GC(380421) Pause Young (Normal) (G1 Evacuation Pause) 64M->53M(78M) 10.633ms
Dec 24 08:06:51 burnside uvmconsole: [3308126.020s][info][gc] GC(380422) Pause Full (System.gc()) 61M->49M(75M) 340.836ms
Dec 24 08:07:00 burnside uvmconsole: [3308134.796s][info][gc] GC(380423) Pause Young (Normal) (G1 Evacuation Pause) 61M->50M(75M) 8.173ms
Dec 24 08:07:09 burnside uvmconsole: [3308144.627s][info][gc] GC(380424) Pause Young (Normal) (G1 Evacuation Pause) 61M->50M(75M) 8.493ms
Dec 24 08:07:16 burnside uvmconsole: [3308151.144s][info][gc] GC(380425) Pause Young (Normal) (G1 Evacuation Pause) 61M->50M(75M) 8.062ms
Dec 24 08:07:28 burnside uvmconsole: [3308163.289s][info][gc] GC(380426) Pause Young (Normal) (G1 Evacuation Pause) 61M->50M(75M) 8.675ms
Dec 24 08:07:34 burnside uvmconsole: [3308169.283s][info][gc] GC(380427) Pause Young (Normal) (G1 Evacuation Pause) 61M->50M(75M) 9.211ms
Dec 24 08:07:40 burnside uvmconsole: [3308175.482s][info][gc] GC(380428) Pause Young (Normal) (G1 Evacuation Pause) 61M->50M(75M) 9.712ms
Dec 24 08:07:50 burnside uvmconsole: [3308184.905s][info][gc] GC(380429) Pause Young (Normal) (G1 Evacuation Pause) 60M->50M(75M) 9.782ms
Dec 24 08:08:00 burnside uvmconsole: [3308194.803s][info][gc] GC(380430) Pause Young (Normal) (G1 Evacuation Pause) 60M->51M(75M) 10.783ms
Dec 24 08:08:03 burnside uvmconsole: [3308198.342s][info][gc] GC(380431) Pause Young (Normal) (G1 Evacuation Pause) 61M->51M(75M) 10.497ms
Dec 24 08:08:09 burnside uvmconsole: [3308204.665s][info][gc] GC(380432) Pause Young (Normal) (G1 Evacuation Pause) 61M->51M(75M) 10.801ms
Dec 24 08:08:18 burnside uvmconsole: [3308212.903s][info][gc] GC(380433) Pause Young (Normal) (G1 Evacuation Pause) 62M->51M(75M) 9.865ms
Dec 24 08:08:25 burnside uvmconsole: [3308220.749s][info][gc] GC(380434) Pause Young (Normal) (G1 Evacuation Pause) 61M->51M(75M) 9.804ms
Dec 24 08:08:30 burnside uvmconsole: [3308225.223s][info][gc] GC(380435) Pause Young (Normal) (G1 Evacuation Pause) 61M->51M(75M) 11.436ms
Dec 24 08:08:31 burnside uvmconsole: [3308226.359s][info][gc] GC(380436) Pause Young (Normal) (G1 Evacuation Pause) 61M->51M(75M) 11.834ms
Dec 24 08:08:40 burnside uvmconsole: [3308235.502s][info][gc] GC(380437) Pause Young (Normal) (G1 Evacuation Pause) 61M->51M(75M) 9.223ms
Dec 24 08:08:53 burnside uvmconsole: [3308248.615s][info][gc] GC(380438) Pause Young (Normal) (G1 Evacuation Pause) 62M->51M(75M) 9.829ms
Dec 24 08:09:00 burnside uvmconsole: [3308254.802s][info][gc] GC(380439) Pause Young (Normal) (G1 Evacuation Pause) 61M->51M(75M) 11.701ms
Dec 24 08:09:04 burnside uvmconsole: [3308258.787s][info][gc] GC(380440) Pause Young (Normal) (G1 Evacuation Pause) 60M->52M(75M) 12.055ms
Dec 24 08:09:09 burnside uvmconsole: [3308263.811s][info][gc] GC(380441) Pause Young (Normal) (G1 Evacuation Pause) 61M->52M(75M) 8.864ms
Dec 24 08:09:18 burnside uvmconsole: [3308273.027s][info][gc] GC(380442) Pause Young (Normal) (G1 Evacuation Pause) 62M->52M(75M) 8.226ms
Dec 24 08:09:28 burnside uvmconsole: [3308283.501s][info][gc] GC(380443) Pause Young (Normal) (G1 Evacuation Pause) 62M->52M(75M) 10.003ms
Dec 24 08:09:38 burnside uvmconsole: [3308293.138s][info][gc] GC(380444) Pause Young (Normal) (G1 Evacuation Pause) 62M->52M(75M) 8.764ms
Dec 24 08:09:50 burnside uvmconsole: [3308304.950s][info][gc] GC(380445) Pause Young (Normal) (G1 Evacuation Pause) 62M->52M(75M) 9.175ms
Dec 24 08:09:56 burnside uvmconsole: [3308311.439s][info][gc] GC(380446) Pause Young (Normal) (G1 Evacuation Pause) 61M->52M(75M) 9.589ms
Dec 24 08:10:00 burnside uvmconsole: [3308315.323s][info][gc] GC(380447) Pause Young (Normal) (G1 Evacuation Pause) 61M->52M(75M) 11.588ms
Dec 24 08:10:03 burnside uvmconsole: [3308318.504s][info][gc] GC(380448) Pause Young (Normal) (G1 Evacuation Pause) 61M->52M(75M) 11.666ms
Dec 24 08:10:06 burnside uvmconsole: [3308320.953s][info][gc] GC(380449) Pause Young (Normal) (G1 Evacuation Pause) 61M->53M(75M) 10.104ms
Dec 24 08:10:11 burnside uvmconsole: [3308326.417s][info][gc] GC(380450) Pause Young (Normal) (G1 Evacuation Pause) 61M->52M(75M) 9.026ms
Dec 24 08:10:22 burnside uvmconsole: [3308337.512s][info][gc] GC(380451) Pause Young (Normal) (G1 Evacuation Pause) 61M->52M(75M) 8.617ms
Dec 24 08:10:28 burnside uvmconsole: [3308343.514s][info][gc] GC(380452) Pause Young (Normal) (G1 Evacuation Pause) 61M->52M(75M) 8.526ms
Dec 24 08:10:34 burnside uvmconsole: [3308349.217s][info][gc] GC(380453) Pause Young (Normal) (G1 Evacuation Pause) 60M->53M(75M) 9.551ms
Dec 24 08:10:43 burnside uvmconsole: [3308358.655s][info][gc] GC(380454) Pause Young (Normal) (G1 Evacuation Pause) 61M->53M(75M) 9.463ms
Dec 24 08:10:52 burnside uvmconsole: [3308367.503s][info][gc] GC(380455) Pause Young (Normal) (G1 Evacuation Pause) 60M->53M(75M) 9.925ms
Dec 24 08:10:59 burnside uvmconsole: [3308374.192s][info][gc] GC(380456) Pause Young (Normal) (G1 Evacuation Pause) 61M->53M(75M) 8.848ms
Dec 24 08:11:08 burnside uvmconsole: [3308382.931s][info][gc] GC(380457) Pause Young (Normal) (G1 Evacuation Pause) 61M->53M(75M) 10.196ms
Dec 24 08:11:08 burnside uvmconsole: [3308383.051s][info][gc] GC(380458) Pause Young (Normal) (G1 Evacuation Pause) 60M->53M(75M) 9.368ms
Dec 24 08:11:16 burnside uvmconsole: [3308391.262s][info][gc] GC(380459) Pause Young (Normal) (G1 Evacuation Pause) 61M->53M(75M) 9.296ms
Dec 24 08:11:22 burnside uvmconsole: [3308397.660s][info][gc] GC(380460) Pause Young (Normal) (G1 Evacuation Pause) 62M->53M(75M) 11.817ms
Dec 24 08:11:26 burnside uvmconsole: [3308401.109s][info][gc] GC(380461) Pause Young (Normal) (G1 Evacuation Pause) 61M->53M(75M) 9.381ms
Dec 24 08:11:35 burnside uvmconsole: [3308409.992s][info][gc] GC(380462) Pause Young (Normal) (G1 Evacuation Pause) 61M->53M(75M) 9.680ms
Dec 24 08:11:43 burnside uvmconsole: [3308417.846s][info][gc] GC(380463) Pause Young (Normal) (G1 Evacuation Pause) 61M->53M(75M) 10.202ms
Dec 24 08:11:43 burnside uvmconsole: [3308418.608s][info][gc] GC(380464) Pause Young (Normal) (G1 Evacuation Pause) 60M->53M(75M) 11.792ms
Dec 24 08:11:44 burnside uvmconsole: [3308418.925s][info][gc] GC(380465) Pause Young (Normal) (G1 Evacuation Pause) 61M->53M(75M) 11.398ms
Dec 24 08:11:44 burnside uvmconsole: [3308419.201s][info][gc] GC(380466) Pause Young (Normal) (G1 Evacuation Pause) 60M->53M(75M) 9.822ms
Dec 24 08:11:45 burnside uvmconsole: [3308420.018s][info][gc] GC(380467) Pause Young (Normal) (G1 Evacuation Pause) 60M->54M(75M) 10.191ms
Dec 24 08:11:46 burnside uvmconsole: [3308420.975s][info][gc] GC(380468) Pause Young (Normal) (G1 Evacuation Pause) 61M->54M(75M) 10.347ms
Dec 24 08:11:49 burnside uvmconsole: [3308424.398s][info][gc] GC(380469) Pause Young (Normal) (G1 Evacuation Pause) 61M->54M(75M) 10.692ms
Dec 24 08:11:51 burnside uvmconsole: [3308426.022s][info][gc] GC(380470) Pause Full (System.gc()) 58M->50M(75M) 342.254ms
Dec 24 08:11:59 burnside uvmconsole: [3308434.191s][info][gc] GC(380471) Pause Young (Normal) (G1 Evacuation Pause) 61M->50M(75M) 7.957ms
Dec 24 08:12:00 burnside uvmconsole: [3308434.913s][info][gc] GC(380472) Pause Young (Normal) (G1 Evacuation Pause) 60M->51M(75M) 10.201ms
Dec 24 08:12:03 burnside uvmconsole: [3308438.360s][info][gc] GC(380473) Pause Young (Normal) (G1 Evacuation Pause) 61M->51M(75M) 9.761ms
Dec 24 08:12:09 burnside uvmconsole: [3308443.852s][info][gc] GC(380474) Pause Young (Normal) (G1 Evacuation Pause) 61M->51M(75M) 8.379ms
Dec 24 08:12:11 burnside uvmconsole: [3308445.923s][info][gc] GC(380475) Pause Young (Normal) (G1 Evacuation Pause) 61M->51M(75M) 9.989ms
Dec 24 08:12:12 burnside uvmconsole: [3308447.623s][info][gc] GC(380476) Pause Young (Normal) (G1 Evacuation Pause) 60M->51M(75M) 10.062ms
Dec 24 08:12:13 burnside uvmconsole: [3308448.039s][info][gc] GC(380477) Pause Young (Normal) (G1 Evacuation Pause) 61M->53M(75M) 10.584ms
Dec 24 08:12:13 burnside uvmconsole: [3308448.388s][info][gc] GC(380478) Pause Young (Normal) (G1 Evacuation Pause) 61M->53M(75M) 10.713ms
Dec 24 08:12:13 burnside uvmconsole: [3308448.671s][info][gc] GC(380479) Pause Young (Normal) (G1 Evacuation Pause) 60M->53M(75M) 8.355ms
Dec 24 08:12:14 burnside uvmconsole: [3308448.956s][info][gc] GC(380480) Pause Young (Normal) (G1 Evacuation Pause) 60M->53M(75M) 9.079ms
Dec 24 08:12:14 burnside uvmconsole: [3308449.238s][info][gc] GC(380481) Pause Young (Normal) (G1 Evacuation Pause) 60M->55M(75M) 12.613ms
Dec 24 08:12:14 burnside uvmconsole: [3308449.459s][info][gc] GC(380482) Pause Young (Normal) (G1 Evacuation Pause) 59M->54M(75M) 6.859ms
Dec 24 08:12:14 burnside uvmconsole: [3308449.644s][info][gc] GC(380483) Pause Young (Normal) (G1 Evacuation Pause) 59M->56M(75M) 8.118ms
Dec 24 08:12:15 burnside uvmconsole: [3308449.831s][info][gc] GC(380484) Pause Young (Normal) (G1 Evacuation Pause) 60M->56M(75M) 8.740ms
Dec 24 08:12:15 burnside uvmconsole: [3308449.999s][info][gc] GC(380485) Pause Young (Normal) (G1 Evacuation Pause) 60M->57M(75M) 7.830ms
Dec 24 08:12:16 burnside uvmconsole: [3308451.162s][info][gc] GC(380486) Pause Young (Normal) (G1 Evacuation Pause) 60M->57M(75M) 7.218ms
Dec 24 08:12:16 burnside uvmconsole: [3308451.667s][info][gc] GC(380487) Pause Young (Normal) (G1 Evacuation Pause) 60M->57M(75M) 7.268ms
Dec 24 08:12:17 burnside uvmconsole: [3308452.046s][info][gc] GC(380488) Pause Young (Normal) (G1 Evacuation Pause) 60M->57M(90M) 8.053ms
Dec 24 08:12:19 burnside uvmconsole: [3308454.142s][info][gc] GC(380489) Pause Young (Normal) (G1 Evacuation Pause) 71M->57M(90M) 16.136ms
Dec 24 08:12:23 burnside uvmconsole: [3308458.196s][info][gc] GC(380490) Pause Young (Normal) (G1 Evacuation Pause) 71M->58M(90M) 11.054ms
Dec 24 08:12:28 burnside uvmconsole: [3308463.507s][info][gc] GC(380491) Pause Young (Normal) (G1 Evacuation Pause) 71M->58M(90M) 10.545ms
Dec 24 08:12:40 burnside uvmconsole: [3308475.083s][info][gc] GC(380492) Pause Young (Normal) (G1 Evacuation Pause) 72M->58M(90M) 9.777ms
Dec 24 08:12:42 burnside uvmconsole: [3308477.213s][info][gc] GC(380493) Pause Young (Normal) (G1 Evacuation Pause) 72M->58M(90M) 10.539ms
Dec 24 08:12:43 burnside uvmconsole: [3308477.783s][info][gc] GC(380494) Pause Young (Normal) (G1 Evacuation Pause) 72M->58M(90M) 15.124ms
Dec 24 08:12:44 burnside uvmconsole: [3308479.400s][info][gc] GC(380495) Pause Young (Normal) (G1 Evacuation Pause) 72M->58M(90M) 10.784ms
Dec 24 08:12:45 burnside uvmconsole: [3308480.076s][info][gc] GC(380496) Pause Young (Normal) (G1 Evacuation Pause) 72M->58M(90M) 11.049ms
Dec 24 08:12:46 burnside uvmconsole: [3308480.768s][info][gc] GC(380497) Pause Young (Normal) (G1 Evacuation Pause) 73M->59M(90M) 10.196ms
Dec 24 08:12:46 burnside uvmconsole: [3308481.399s][info][gc] GC(380498) Pause Young (Normal) (G1 Evacuation Pause) 73M->59M(90M) 13.791ms
Dec 24 08:12:47 burnside uvmconsole: [3308482.151s][info][gc] GC(380499) Pause Young (Normal) (G1 Evacuation Pause) 74M->59M(90M) 11.368ms
Dec 24 08:12:48 burnside uvmconsole: [3308482.917s][info][gc] GC(380500) Pause Young (Normal) (G1 Evacuation Pause) 74M->59M(90M) 9.958ms
Dec 24 08:12:48 burnside uvmconsole: [3308483.742s][info][gc] GC(380501) Pause Young (Normal) (G1 Evacuation Pause) 74M->59M(90M) 12.636ms
Dec 24 08:12:50 burnside uvmconsole: [3308484.768s][info][gc] GC(380502) Pause Young (Normal) (G1 Evacuation Pause) 74M->59M(90M) 11.419ms
Dec 24 08:12:50 burnside uvmconsole: [3308485.445s][info][gc] GC(380503) Pause Young (Normal) (G1 Evacuation Pause) 74M->59M(90M) 10.588ms
Dec 24 08:12:52 burnside uvmconsole: [3308487.071s][info][gc] GC(380504) Pause Young (Normal) (G1 Evacuation Pause) 74M->59M(90M) 10.061ms
Dec 24 08:12:56 burnside uvmconsole: [3308491.237s][info][gc] GC(380505) Pause Young (Normal) (G1 Evacuation Pause) 74M->59M(90M) 9.335ms
Dec 24 08:13:04 burnside uvmconsole: [3308498.881s][info][gc] GC(380506) Pause Young (Normal) (G1 Evacuation Pause) 74M->59M(90M) 12.423ms
Dec 24 08:13:14 burnside uvmconsole: [3308508.883s][info][gc] GC(380507) Pause Young (Normal) (G1 Evacuation Pause) 74M->59M(90M) 9.933ms
Dec 24 08:13:24 burnside uvmconsole: [3308519.551s][info][gc] GC(380508) Pause Young (Normal) (G1 Evacuation Pause) 74M->59M(90M) 12.689ms
Dec 24 08:13:31 burnside uvmconsole: [3308526.038s][info][gc] GC(380509) Pause Young (Normal) (G1 Evacuation Pause) 74M->60M(90M) 12.490ms
Dec 24 08:13:34 burnside uvmconsole: [3308529.499s][info][gc] GC(380510) Pause Young (Normal) (G1 Evacuation Pause) 75M->60M(90M) 14.248ms
Dec 24 08:13:42 burnside uvmconsole: [3308537.083s][info][gc] GC(380511) Pause Young (Normal) (G1 Evacuation Pause) 74M->60M(90M) 14.171ms
Dec 24 08:13:49 burnside uvmconsole: [3308543.998s][info][gc] GC(380512) Pause Young (Normal) (G1 Evacuation Pause) 74M->60M(90M) 10.212ms
Dec 24 08:14:00 burnside uvmconsole: [3308554.813s][info][gc] GC(380513) Pause Young (Normal) (G1 Evacuation Pause) 74M->60M(90M) 14.313ms
Dec 24 08:14:07 burnside uvmconsole: [3308561.945s][info][gc] GC(380514) Pause Young (Normal) (G1 Evacuation Pause) 74M->61M(90M) 13.745ms
Dec 24 08:14:16 burnside uvmconsole: [3308570.919s][info][gc] GC(380515) Pause Young (Normal) (G1 Evacuation Pause) 75M->61M(90M) 12.539ms
Dec 24 08:14:18 burnside uvmconsole: [3308573.355s][info][gc] GC(380516) Pause Young (Normal) (G1 Evacuation Pause) 75M->61M(90M) 10.449ms
Dec 24 08:14:23 burnside uvmconsole: [3308577.764s][info][gc] GC(380517) Pause Young (Normal) (G1 Evacuation Pause) 75M->61M(90M) 9.820ms
Dec 24 08:14:28 burnside uvmconsole: [3308583.505s][info][gc] GC(380518) Pause Young (Normal) (G1 Evacuation Pause) 75M->61M(90M) 9.980ms
Dec 24 08:14:33 burnside uvmconsole: [3308588.569s][info][gc] GC(380519) Pause Young (Normal) (G1 Evacuation Pause) 75M->61M(90M) 11.562ms
Dec 24 08:14:35 burnside uvmconsole: [3308589.937s][info][gc] GC(380520) Pause Young (Normal) (G1 Evacuation Pause) 74M->61M(90M) 12.584ms
Dec 24 08:14:35 burnside uvmconsole: [3308590.424s][info][gc] GC(380521) Pause Young (Normal) (G1 Evacuation Pause) 74M->61M(90M) 11.017ms
Dec 24 08:14:36 burnside uvmconsole: [3308591.321s][info][gc] GC(380522) Pause Young (Normal) (G1 Evacuation Pause) 74M->61M(90M) 13.546ms
Dec 24 08:14:38 burnside uvmconsole: [3308593.670s][info][gc] GC(380523) Pause Young (Normal) (G1 Evacuation Pause) 74M->62M(90M) 11.165ms
Dec 24 08:14:42 burnside uvmconsole: [3308597.243s][info][gc] GC(380524) Pause Young (Normal) (G1 Evacuation Pause) 75M->62M(90M) 11.131ms
Dec 24 08:14:45 burnside uvmconsole: [3308600.643s][info][gc] GC(380525) Pause Young (Normal) (G1 Evacuation Pause) 76M->62M(90M) 11.342ms
Dec 24 08:14:52 burnside uvmconsole: [3308607.527s][info][gc] GC(380526) Pause Young (Normal) (G1 Evacuation Pause) 75M->62M(90M) 8.178ms
Dec 24 08:14:59 burnside uvmconsole: [3308614.103s][info][gc] GC(380527) Pause Young (Normal) (G1 Evacuation Pause) 75M->62M(90M) 8.958ms
Dec 24 08:15:00 burnside uvmconsole: [3308615.248s][info][gc] GC(380528) Pause Young (Normal) (G1 Evacuation Pause) 75M->63M(90M) 12.865ms
Dec 24 08:15:03 burnside uvmconsole: [3308617.998s][info][gc] GC(380529) Pause Young (Normal) (G1 Evacuation Pause) 75M->62M(90M) 10.859ms
Dec 24 08:15:13 burnside uvmconsole: [3308628.641s][info][gc] GC(380530) Pause Young (Normal) (G1 Evacuation Pause) 75M->62M(90M) 7.738ms
Dec 24 08:15:22 burnside uvmconsole: [3308637.739s][info][gc] GC(380531) Pause Young (Normal) (G1 Evacuation Pause) 75M->62M(90M) 7.984ms
Dec 24 08:15:32 burnside uvmconsole: [3308647.658s][info][gc] GC(380532) Pause Young (Normal) (G1 Evacuation Pause) 75M->63M(90M) 9.000ms
Dec 24 08:15:40 burnside uvmconsole: [3308655.466s][info][gc] GC(380533) Pause Young (Normal) (G1 Evacuation Pause) 76M->63M(90M) 9.281ms
Dec 24 08:15:47 burnside uvmconsole: [3308661.945s][info][gc] GC(380534) Pause Young (Normal) (G1 Evacuation Pause) 75M->63M(90M) 10.770ms
Dec 24 08:15:55 burnside uvmconsole: [3308669.980s][info][gc] GC(380535) Pause Young (Normal) (G1 Evacuation Pause) 75M->63M(90M) 11.157ms
Dec 24 08:16:00 burnside uvmconsole: [3308674.824s][info][gc] GC(380536) Pause Young (Normal) (G1 Evacuation Pause) 74M->64M(90M) 20.240ms
Dec 24 08:16:03 burnside uvmconsole: [3308678.218s][info][gc] GC(380537) Pause Young (Normal) (G1 Evacuation Pause) 75M->64M(90M) 12.861ms
Dec 24 08:16:09 burnside uvmconsole: [3308684.000s][info][gc] GC(380538) Pause Young (Normal) (G1 Evacuation Pause) 75M->64M(90M) 10.878ms
Dec 24 08:16:15 burnside uvmconsole: [3308690.239s][info][gc] GC(380539) Pause Young (Normal) (G1 Evacuation Pause) 75M->64M(90M) 8.249ms
Dec 24 08:16:26 burnside uvmconsole: [3308700.775s][info][gc] GC(380540) Pause Young (Normal) (G1 Evacuation Pause) 75M->64M(90M) 9.167ms
Dec 24 08:16:35 burnside uvmconsole: [3308710.290s][info][gc] GC(380541) Pause Young (Normal) (G1 Evacuation Pause) 75M->64M(90M) 9.468ms
Dec 24 08:16:43 burnside uvmconsole: [3308718.365s][info][gc] GC(380542) Pause Young (Normal) (G1 Evacuation Pause) 75M->64M(90M) 9.893ms
Dec 24 08:16:44 burnside uvmconsole: [3308718.853s][info][gc] GC(380543) Pause Young (Normal) (G1 Evacuation Pause) 74M->65M(90M) 9.854ms
Dec 24 08:16:45 burnside uvmconsole: [3308719.939s][info][gc] GC(380544) Pause Young (Normal) (G1 Evacuation Pause) 75M->65M(90M) 10.049ms
Dec 24 08:16:46 burnside uvmconsole: [3308720.870s][info][gc] GC(380545) Pause Young (Normal) (G1 Evacuation Pause) 75M->65M(90M) 9.301ms
Dec 24 08:16:51 burnside uvmconsole: [3308726.026s][info][gc] GC(380546) Pause Full (System.gc()) 70M->51M(78M) 346.540ms
Dec 24 08:17:02 burnside uvmconsole: [3308736.772s][info][gc] GC(380547) Pause Young (Normal) (G1 Evacuation Pause) 64M->52M(78M) 10.709ms
Dec 24 08:17:06 burnside uvmconsole: [3308740.844s][info][gc] GC(380548) Pause Young (Normal) (G1 Evacuation Pause) 65M->52M(78M) 8.530ms
Dec 24 08:17:18 burnside uvmconsole: [3308753.152s][info][gc] GC(380549) Pause Young (Normal) (G1 Evacuation Pause) 64M->52M(78M) 8.258ms
Dec 24 08:17:32 burnside uvmconsole: [3308767.378s][info][gc] GC(380550) Pause Young (Normal) (G1 Evacuation Pause) 64M->52M(78M) 9.527ms
Dec 24 08:17:56 burnside uvmconsole: [3308791.498s][info][gc] GC(380551) Pause Young (Normal) (G1 Evacuation Pause) 64M->52M(78M) 9.012ms
Dec 24 08:18:07 burnside uvmconsole: [3308802.554s][info][gc] GC(380552) Pause Young (Normal) (G1 Evacuation Pause) 64M->52M(78M) 9.792ms
Dec 24 08:18:19 burnside uvmconsole: [3308814.055s][info][gc] GC(380553) Pause Young (Normal) (G1 Evacuation Pause) 64M->52M(78M) 9.254ms
Dec 24 08:18:38 burnside uvmconsole: [3308833.622s][info][gc] GC(380554) Pause Young (Normal) (G1 Evacuation Pause) 64M->52M(78M) 8.790ms
Dec 24 08:18:58 burnside uvmconsole: [3308852.923s][info][gc] GC(380555) Pause Young (Normal) (G1 Evacuation Pause) 64M->52M(78M) 9.413ms
Dec 24 08:19:08 burnside uvmconsole: [3308863.356s][info][gc] GC(380556) Pause Young (Normal) (G1 Evacuation Pause) 63M->52M(78M) 10.078ms
Dec 24 08:19:12 burnside uvmconsole: [3308867.558s][info][gc] GC(380557) Pause Young (Normal) (G1 Evacuation Pause) 63M->53M(78M) 10.198ms
Dec 24 08:19:28 burnside uvmconsole: [3308883.201s][info][gc] GC(380558) Pause Young (Normal) (G1 Evacuation Pause) 64M->53M(78M) 9.774ms
Dec 24 08:19:38 burnside uvmconsole: [3308893.021s][info][gc] GC(380559) Pause Young (Normal) (G1 Evacuation Pause) 65M->53M(78M) 10.408ms
Dec 24 08:19:47 burnside uvmconsole: [3308901.920s][info][gc] GC(380560) Pause Young (Normal) (G1 Evacuation Pause) 64M->53M(78M) 10.511ms
Dec 24 08:19:57 burnside uvmconsole: [3308911.848s][info][gc] GC(380561) Pause Young (Normal) (G1 Evacuation Pause) 64M->53M(78M) 10.490ms
Dec 24 08:20:01 burnside uvmconsole: [3308915.777s][info][gc] GC(380562) Pause Young (Normal) (G1 Evacuation Pause) 64M->53M(78M) 11.783ms
Dec 24 08:20:06 burnside uvmconsole: [3308921.380s][info][gc] GC(380563) Pause Young (Normal) (G1 Evacuation Pause) 64M->53M(78M) 11.911ms
Dec 24 08:20:18 burnside uvmconsole: [3308933.007s][info][gc] GC(380564) Pause Young (Normal) (G1 Evacuation Pause) 64M->53M(78M) 9.467ms
Dec 24 08:20:24 burnside uvmconsole: [3308939.530s][info][gc] GC(380565) Pause Young (Normal) (G1 Evacuation Pause) 64M->53M(78M) 9.996ms
Dec 24 08:20:32 burnside uvmconsole: [3308947.223s][info][gc] GC(380566) Pause Young (Normal) (G1 Evacuation Pause) 64M->54M(78M) 17.684ms
Dec 24 08:20:42 burnside uvmconsole: [3308957.715s][info][gc] GC(380567) Pause Young (Normal) (G1 Evacuation Pause) 64M->53M(78M) 10.597ms
Dec 24 08:20:50 burnside uvmconsole: [3308965.450s][info][gc] GC(380568) Pause Young (Normal) (G1 Evacuation Pause) 64M->54M(78M) 12.368ms
Dec 24 08:20:59 burnside uvmconsole: [3308974.192s][info][gc] GC(380569) Pause Young (Normal) (G1 Evacuation Pause) 64M->54M(78M) 10.746ms
Dec 24 08:21:03 burnside uvmconsole: [3308978.089s][info][gc] GC(380570) Pause Young (Normal) (G1 Evacuation Pause) 64M->54M(78M) 11.150ms
Dec 24 08:21:07 burnside uvmconsole: [3308982.721s][info][gc] GC(380571) Pause Young (Normal) (G1 Evacuation Pause) 64M->54M(78M) 12.449ms
Dec 24 08:21:16 burnside uvmconsole: [3308991.452s][info][gc] GC(380572) Pause Young (Normal) (G1 Evacuation Pause) 64M->54M(78M) 9.497ms
Dec 24 08:21:23 burnside uvmconsole: [3308997.775s][info][gc] GC(380573) Pause Young (Normal) (G1 Evacuation Pause) 63M->54M(78M) 10.050ms
Dec 24 08:21:26 burnside uvmconsole: [3309001.570s][info][gc] GC(380574) Pause Young (Normal) (G1 Evacuation Pause) 63M->54M(78M) 10.543ms
Dec 24 08:21:35 burnside uvmconsole: [3309010.237s][info][gc] GC(380575) Pause Young (Normal) (G1 Evacuation Pause) 64M->54M(78M) 9.149ms
Dec 24 08:21:48 burnside uvmconsole: [3309023.097s][info][gc] GC(380576) Pause Young (Normal) (G1 Evacuation Pause) 64M->55M(78M) 9.746ms
Dec 24 08:21:51 burnside uvmconsole: [3309026.028s][info][gc] GC(380577) Pause Full (System.gc()) 58M->50M(76M) 348.557ms
Dec 24 08:21:56 burnside uvmconsole: [3309030.907s][info][gc] GC(380578) Pause Young (Normal) (G1 Evacuation Pause) 61M->50M(76M) 6.806ms
Dec 24 08:22:02 burnside uvmconsole: [3309037.303s][info][gc] GC(380579) Pause Young (Normal) (G1 Evacuation Pause) 61M->50M(76M) 8.746ms
Dec 24 08:22:05 burnside uvmconsole: [3309040.311s][info][gc] GC(380580) Pause Young (Normal) (G1 Evacuation Pause) 61M->51M(76M) 9.772ms
Dec 24 08:22:06 burnside uvmconsole: [3309041.556s][info][gc] GC(380581) Pause Young (Normal) (G1 Evacuation Pause) 61M->51M(76M) 9.205ms
Dec 24 08:22:13 burnside uvmconsole: [3309048.659s][info][gc] GC(380582) Pause Young (Normal) (G1 Evacuation Pause) 62M->51M(76M) 9.818ms
Dec 24 08:22:22 burnside uvmconsole: [3309057.493s][info][gc] GC(380583) Pause Young (Normal) (G1 Evacuation Pause) 61M->51M(76M) 8.409ms
Dec 24 08:22:27 burnside uvmconsole: [3309062.421s][info][gc] GC(380584) Pause Young (Normal) (G1 Evacuation Pause) 61M->50M(76M) 8.574ms
Dec 24 08:22:33 burnside uvmconsole: [3309068.174s][info][gc] GC(380585) Pause Young (Normal) (G1 Evacuation Pause) 60M->51M(76M) 9.157ms
Dec 24 08:22:44 burnside uvmconsole: [3309079.204s][info][gc] GC(380586) Pause Young (Normal) (G1 Evacuation Pause) 61M->51M(76M) 9.367ms
Dec 24 08:22:59 burnside uvmconsole: [3309094.608s][info][gc] GC(380587) Pause Young (Normal) (G1 Evacuation Pause) 61M->51M(76M) 9.502ms
Dec 24 08:23:07 burnside uvmconsole: [3309102.700s][info][gc] GC(380588) Pause Young (Normal) (G1 Evacuation Pause) 61M->51M(76M) 11.426ms
Dec 24 08:23:08 burnside uvmconsole: [3309103.356s][info][gc] GC(380589) Pause Young (Normal) (G1 Evacuation Pause) 60M->51M(76M) 23.411ms
Dec 24 08:23:17 burnside uvmconsole: [3309112.280s][info][gc] GC(380590) Pause Young (Normal) (G1 Evacuation Pause) 60M->51M(76M) 9.789ms
Dec 24 08:23:23 burnside uvmconsole: [3309118.511s][info][gc] GC(380591) Pause Young (Normal) (G1 Evacuation Pause) 61M->51M(76M) 9.779ms
Dec 24 08:23:30 burnside uvmconsole: [3309125.253s][info][gc] GC(380592) Pause Young (Normal) (G1 Evacuation Pause) 61M->51M(76M) 8.793ms
Dec 24 08:23:39 burnside uvmconsole: [3309133.985s][info][gc] GC(380593) Pause Young (Normal) (G1 Evacuation Pause) 61M->51M(76M) 9.335ms
Dec 24 08:23:47 burnside uvmconsole: [3309142.240s][info][gc] GC(380594) Pause Young (Normal) (G1 Evacuation Pause) 60M->51M(76M) 10.261ms
Dec 24 08:23:52 burnside uvmconsole: [3309146.890s][info][gc] GC(380595) Pause Young (Normal) (G1 Evacuation Pause) 60M->51M(76M) 10.195ms
Dec 24 08:23:57 burnside uvmconsole: [3309152.419s][info][gc] GC(380596) Pause Young (Normal) (G1 Evacuation Pause) 61M->51M(76M) 8.910ms
Dec 24 08:24:00 burnside uvmconsole: [3309154.853s][info][gc] GC(380597) Pause Young (Normal) (G1 Evacuation Pause) 61M->52M(76M) 11.002ms
Dec 24 08:24:06 burnside uvmconsole: [3309161.206s][info][gc] GC(380598) Pause Young (Normal) (G1 Evacuation Pause) 61M->52M(76M) 9.520ms
Dec 24 08:24:16 burnside uvmconsole: [3309170.756s][info][gc] GC(380599) Pause Young (Normal) (G1 Evacuation Pause) 62M->52M(76M) 8.714ms
Dec 24 08:24:27 burnside uvmconsole: [3309181.965s][info][gc] GC(380600) Pause Young (Normal) (G1 Evacuation Pause) 61M->52M(76M) 9.072ms
Dec 24 08:24:37 burnside uvmconsole: [3309191.953s][info][gc] GC(380601) Pause Young (Normal) (G1 Evacuation Pause) 61M->52M(76M) 9.236ms
Dec 24 08:24:48 burnside uvmconsole: [3309202.812s][info][gc] GC(380602) Pause Young (Normal) (G1 Evacuation Pause) 61M->52M(76M) 10.264ms
Dec 24 08:24:51 burnside uvmconsole: [3309206.471s][info][gc] GC(380603) Pause Young (Normal) (G1 Evacuation Pause) 60M->52M(76M) 12.241ms
Dec 24 08:24:53 burnside uvmconsole: [3309208.600s][info][gc] GC(380604) Pause Young (Normal) (G1 Evacuation Pause) 61M->52M(76M) 10.848ms
Dec 24 08:24:57 burnside uvmconsole: [3309212.602s][info][gc] GC(380605) Pause Young (Normal) (G1 Evacuation Pause) 61M->52M(76M) 9.932ms
Dec 24 08:25:00 burnside uvmconsole: [3309215.435s][info][gc] GC(380606) Pause Young (Normal) (G1 Evacuation Pause) 60M->53M(76M) 13.901ms
Dec 24 08:25:02 burnside uvmconsole: [3309217.079s][info][gc] GC(380607) Pause Young (Normal) (G1 Evacuation Pause) 61M->53M(76M) 11.570ms
Dec 24 08:25:03 burnside uvmconsole: [3309218.535s][info][gc] GC(380608) Pause Young (Normal) (G1 Evacuation Pause) 61M->53M(76M) 7.883ms
Dec 24 08:25:09 burnside uvmconsole: [3309224.061s][info][gc] GC(380609) Pause Young (Normal) (G1 Evacuation Pause) 62M->52M(76M) 7.431ms
Dec 24 08:25:14 burnside uvmconsole: [3309229.033s][info][gc] GC(380610) Pause Young (Normal) (G1 Evacuation Pause) 61M->53M(76M) 9.128ms
Dec 24 08:25:16 burnside uvmconsole: [3309231.648s][info][gc] GC(380611) Pause Young (Normal) (G1 Evacuation Pause) 62M->53M(76M) 8.369ms
Dec 24 08:25:21 burnside uvmconsole: [3309236.103s][info][gc] GC(380612) Pause Young (Normal) (G1 Evacuation Pause) 62M->53M(76M) 10.830ms
Dec 24 08:25:23 burnside uvmconsole: [3309238.678s][info][gc] GC(380613) Pause Young (Normal) (G1 Evacuation Pause) 62M->53M(76M) 11.013ms
Dec 24 08:25:29 burnside uvmconsole: [3309244.248s][info][gc] GC(380614) Pause Young (Normal) (G1 Evacuation Pause) 61M->53M(76M) 9.963ms
Dec 24 08:25:32 burnside uvmconsole: [3309246.837s][info][gc] GC(380615) Pause Young (Normal) (G1 Evacuation Pause) 61M->53M(76M) 9.116ms
Dec 24 08:25:34 burnside uvmconsole: [3309249.179s][info][gc] GC(380616) Pause Young (Normal) (G1 Evacuation Pause) 61M->54M(76M) 9.825ms
Dec 24 08:25:37 burnside uvmconsole: [3309252.272s][info][gc] GC(380617) Pause Young (Normal) (G1 Evacuation Pause) 62M->53M(76M) 8.838ms
Dec 24 08:25:45 burnside uvmconsole: [3309260.293s][info][gc] GC(380618) Pause Young (Normal) (G1 Evacuation Pause) 61M->53M(76M) 9.014ms
Dec 24 08:25:53 burnside uvmconsole: [3309268.656s][info][gc] GC(380619) Pause Young (Normal) (G1 Evacuation Pause) 61M->54M(76M) 9.742ms
Dec 24 08:25:59 burnside uvmconsole: [3309274.194s][info][gc] GC(380620) Pause Young (Normal) (G1 Evacuation Pause) 62M->54M(76M) 9.069ms
Dec 24 08:26:04 burnside uvmconsole: [3309279.212s][info][gc] GC(380621) Pause Young (Normal) (G1 Evacuation Pause) 61M->54M(76M) 12.457ms
Dec 24 08:26:05 burnside uvmconsole: [3309280.336s][info][gc] GC(380622) Pause Young (Normal) (G1 Evacuation Pause) 61M->54M(76M) 11.565ms
Dec 24 08:26:06 burnside uvmconsole: [3309281.530s][info][gc] GC(380623) Pause Young (Normal) (G1 Evacuation Pause) 61M->54M(76M) 8.441ms
Dec 24 08:26:14 burnside uvmconsole: [3309289.107s][info][gc] GC(380624) Pause Young (Normal) (G1 Evacuation Pause) 62M->54M(76M) 8.644ms
Dec 24 08:26:16 burnside uvmconsole: [3309291.455s][info][gc] GC(380625) Pause Young (Normal) (G1 Evacuation Pause) 62M->54M(76M) 8.654ms
Dec 24 08:26:23 burnside uvmconsole: [3309298.011s][info][gc] GC(380626) Pause Young (Normal) (G1 Evacuation Pause) 62M->54M(76M) 9.254ms
Dec 24 08:26:29 burnside uvmconsole: [3309304.080s][info][gc] GC(380627) Pause Young (Normal) (G1 Evacuation Pause) 62M->54M(76M) 8.516ms
Dec 24 08:26:33 burnside uvmconsole: [3309308.094s][info][gc] GC(380628) Pause Young (Normal) (G1 Evacuation Pause) 62M->54M(76M) 9.704ms
Dec 24 08:26:38 burnside uvmconsole: [3309313.288s][info][gc] GC(380629) Pause Young (Normal) (G1 Evacuation Pause) 61M->54M(76M) 9.318ms
Dec 24 08:26:44 burnside uvmconsole: [3309319.194s][info][gc] GC(380630) Pause Young (Normal) (G1 Evacuation Pause) 62M->54M(76M) 9.396ms
Dec 24 08:26:49 burnside uvmconsole: [3309324.393s][info][gc] GC(380631) Pause Young (Normal) (G1 Evacuation Pause) 62M->54M(76M) 9.965ms
Dec 24 08:26:51 burnside uvmconsole: [3309326.017s][info][gc] GC(380632) Pause Full (System.gc()) 55M->49M(76M) 337.855ms
Dec 24 08:26:59 burnside uvmconsole: [3309334.186s][info][gc] GC(380633) Pause Young (Normal) (G1 Evacuation Pause) 59M->49M(76M) 6.977ms
Dec 24 08:27:02 burnside uvmconsole: [3309337.570s][info][gc] GC(380634) Pause Young (Normal) (G1 Evacuation Pause) 59M->50M(76M) 9.947ms
Dec 24 08:27:08 burnside uvmconsole: [3309343.091s][info][gc] GC(380635) Pause Young (Normal) (G1 Evacuation Pause) 60M->50M(76M) 8.885ms
Dec 24 08:27:11 burnside uvmconsole: [3309346.226s][info][gc] GC(380636) Pause Young (Normal) (G1 Evacuation Pause) 60M->50M(76M) 7.669ms
Dec 24 08:27:16 burnside uvmconsole: [3309351.636s][info][gc] GC(380637) Pause Young (Normal) (G1 Evacuation Pause) 60M->50M(76M) 8.362ms
Dec 24 08:27:25 burnside uvmconsole: [3309359.866s][info][gc] GC(380638) Pause Young (Normal) (G1 Evacuation Pause) 60M->50M(76M) 8.668ms
Dec 24 08:27:33 burnside uvmconsole: [3309367.829s][info][gc] GC(380639) Pause Young (Normal) (G1 Evacuation Pause) 60M->50M(76M) 9.077ms
Dec 24 08:27:41 burnside uvmconsole: [3309376.313s][info][gc] GC(380640) Pause Young (Normal) (G1 Evacuation Pause) 60M->50M(76M) 10.735ms
Dec 24 08:27:50 burnside uvmconsole: [3309385.511s][info][gc] GC(380641) Pause Young (Normal) (G1 Evacuation Pause) 60M->50M(76M) 9.822ms
Dec 24 08:27:59 burnside uvmconsole: [3309394.191s][info][gc] GC(380642) Pause Young (Normal) (G1 Evacuation Pause) 60M->51M(76M) 10.402ms
Dec 24 08:28:00 burnside uvmconsole: [3309395.280s][info][gc] GC(380643) Pause Young (Normal) (G1 Evacuation Pause) 60M->51M(76M) 11.925ms
Dec 24 08:28:06 burnside uvmconsole: [3309401.060s][info][gc] GC(380644) Pause Young (Normal) (G1 Evacuation Pause) 60M->51M(76M) 10.379ms
Dec 24 08:28:14 burnside uvmconsole: [3309409.183s][info][gc] GC(380645) Pause Young (Normal) (G1 Evacuation Pause) 61M->51M(76M) 8.174ms
Dec 24 08:28:20 burnside uvmconsole: [3309414.895s][info][gc] GC(380646) Pause Young (Normal) (G1 Evacuation Pause) 61M->51M(76M) 8.940ms
Dec 24 08:28:25 burnside uvmconsole: [3309420.562s][info][gc] GC(380647) Pause Young (Normal) (G1 Evacuation Pause) 61M->51M(76M) 17.530ms
Dec 24 08:28:31 burnside uvmconsole: [3309426.232s][info][gc] GC(380648) Pause Young (Normal) (G1 Evacuation Pause) 61M->51M(76M) 11.029ms
Dec 24 08:28:33 burnside uvmconsole: [3309428.169s][info][gc] GC(380649) Pause Young (Normal) (G1 Evacuation Pause) 60M->51M(76M) 12.367ms
Dec 24 08:28:35 burnside uvmconsole: [3309430.000s][info][gc] GC(380650) Pause Young (Normal) (G1 Evacuation Pause) 60M->51M(76M) 9.946ms
Dec 24 08:28:40 burnside uvmconsole: [3309435.279s][info][gc] GC(380651) Pause Young (Normal) (G1 Evacuation Pause) 61M->51M(76M) 10.448ms
Dec 24 08:28:43 burnside uvmconsole: [3309438.630s][info][gc] GC(380652) Pause Young (Normal) (G1 Evacuation Pause) 60M->51M(76M) 9.975ms
Dec 24 08:28:48 burnside uvmconsole: [3309443.509s][info][gc] GC(380653) Pause Young (Normal) (G1 Evacuation Pause) 60M->52M(76M) 10.669ms
Dec 24 08:28:52 burnside uvmconsole: [3309446.896s][info][gc] GC(380654) Pause Young (Normal) (G1 Evacuation Pause) 61M->52M(76M) 10.734ms
Dec 24 08:28:56 burnside uvmconsole: [3309451.178s][info][gc] GC(380655) Pause Young (Normal) (G1 Evacuation Pause) 62M->52M(76M) 9.011ms
Dec 24 08:29:02 burnside uvmconsole: [3309457.129s][info][gc] GC(380656) Pause Young (Normal) (G1 Evacuation Pause) 62M->52M(76M) 13.162ms
Dec 24 08:29:03 burnside uvmconsole: [3309458.607s][info][gc] GC(380657) Pause Young (Normal) (G1 Evacuation Pause) 61M->53M(76M) 12.387ms
Dec 24 08:29:06 burnside uvmconsole: [3309460.843s][info][gc] GC(380658) Pause Young (Normal) (G1 Evacuation Pause) 62M->52M(76M) 8.619ms
Dec 24 08:29:11 burnside uvmconsole: 12-24 08:29:11.335870| ERROR:./libnetcap/src/netcap_tcp.c:390:WARNING: TCP: Could not find session for accepted connection :: (192.168.1.148:49643) -> (3.126.192.149:443  )
Dec 24 08:29:13 burnside uvmconsole: [3309468.654s][info][gc] GC(380659) Pause Young (Normal) (G1 Evacuation Pause) 61M->52M(76M) 8.298ms
Dec 24 08:29:19 burnside uvmconsole: [3309474.678s][info][gc] GC(380660) Pause Young (Normal) (G1 Evacuation Pause) 61M->52M(76M) 7.839ms
Dec 24 08:29:25 burnside uvmconsole: [3309480.475s][info][gc] GC(380661) Pause Young (Normal) (G1 Evacuation Pause) 61M->52M(76M) 14.586ms
Dec 24 08:29:32 burnside uvmconsole: [3309487.157s][info][gc] GC(380662) Pause Young (Normal) (G1 Evacuation Pause) 61M->52M(76M) 9.605ms
Dec 24 08:29:36 burnside uvmconsole: [3309491.492s][info][gc] GC(380663) Pause Young (Normal) (G1 Evacuation Pause) 61M->52M(76M) 8.704ms
Dec 24 08:29:45 burnside uvmconsole: [3309500.355s][info][gc] GC(380664) Pause Young (Normal) (G1 Evacuation Pause) 61M->52M(76M) 9.248ms
Dec 24 08:29:53 burnside uvmconsole: [3309508.642s][info][gc] GC(380665) Pause Young (Normal) (G1 Evacuation Pause) 61M->52M(76M) 9.787ms
Dec 24 08:29:56 burnside uvmconsole: [3309511.422s][info][gc] GC(380666) Pause Young (Normal) (G1 Evacuation Pause) 61M->53M(76M) 14.096ms
Dec 24 08:30:02 burnside uvmconsole: [3309516.872s][info][gc] GC(380667) Pause Young (Normal) (G1 Evacuation Pause) 61M->53M(76M) 18.360ms
Dec 24 08:30:06 burnside uvmconsole: [3309521.640s][info][gc] GC(380668) Pause Young (Normal) (G1 Evacuation Pause) 61M->53M(76M) 10.119ms
Dec 24 08:30:07 burnside uvmconsole: [3309521.768s][info][gc] GC(380669) Pause Young (Normal) (G1 Evacuation Pause) 61M->53M(76M) 18.071ms
Dec 24 08:30:14 burnside uvmconsole: [3309529.060s][info][gc] GC(380670) Pause Young (Normal) (G1 Evacuation Pause) 61M->53M(76M) 8.989ms
Dec 24 08:30:19 burnside uvmconsole: [3309534.068s][info][gc] GC(380671) Pause Young (Normal) (G1 Evacuation Pause) 62M->53M(76M) 12.585ms
Dec 24 08:30:24 burnside uvmconsole: [3309539.198s][info][gc] GC(380672) Pause Young (Normal) (G1 Evacuation Pause) 62M->53M(76M) 9.897ms
Dec 24 08:30:28 burnside uvmconsole: [3309543.737s][info][gc] GC(380673) Pause Young (Normal) (G1 Evacuation Pause) 61M->53M(76M) 8.679ms
Dec 24 08:30:34 burnside uvmconsole: [3309549.675s][info][gc] GC(380674) Pause Young (Normal) (G1 Evacuation Pause) 61M->53M(76M) 8.758ms
Dec 24 08:30:39 burnside uvmconsole: [3309554.376s][info][gc] GC(380675) Pause Young (Normal) (G1 Evacuation Pause) 61M->53M(76M) 8.285ms
Dec 24 08:30:46 burnside uvmconsole: [3309561.378s][info][gc] GC(380676) Pause Young (Normal) (G1 Evacuation Pause) 61M->53M(76M) 10.684ms
Dec 24 08:30:50 burnside uvmconsole: [3309565.548s][info][gc] GC(380677) Pause Young (Normal) (G1 Evacuation Pause) 61M->53M(76M) 9.384ms
Dec 24 08:30:55 burnside uvmconsole: [3309570.165s][info][gc] GC(380678) Pause Young (Normal) (G1 Evacuation Pause) 60M->53M(76M) 10.102ms
Dec 24 08:30:59 burnside uvmconsole: [3309574.156s][info][gc] GC(380679) Pause Young (Normal) (G1 Evacuation Pause) 61M->54M(76M) 10.421ms
Dec 24 08:31:01 burnside uvmconsole: [3309576.311s][info][gc] GC(380680) Pause Young (Normal) (G1 Evacuation Pause) 61M->54M(76M) 10.383ms
Dec 24 08:31:05 burnside uvmconsole: [3309579.793s][info][gc] GC(380681) Pause Young (Normal) (G1 Evacuation Pause) 61M->54M(76M) 11.200ms
Dec 24 08:31:06 burnside uvmconsole: [3309581.119s][info][gc] GC(380682) Pause Young (Normal) (G1 Evacuation Pause) 61M->54M(76M) 12.549ms
Dec 24 08:31:08 burnside uvmconsole: [3309582.775s][info][gc] GC(380683) Pause Young (Normal) (G1 Evacuation Pause) 61M->54M(76M) 10.010ms
Dec 24 08:31:09 burnside uvmconsole: [3309584.627s][info][gc] GC(380684) Pause Young (Normal) (G1 Evacuation Pause) 62M->54M(76M) 9.262ms
Dec 24 08:31:12 burnside uvmconsole: [3309587.462s][info][gc] GC(380685) Pause Young (Normal) (G1 Evacuation Pause) 61M->54M(76M) 9.009ms
Dec 24 08:31:16 burnside uvmconsole: [3309591.221s][info][gc] GC(380686) Pause Young (Normal) (G1 Evacuation Pause) 62M->54M(76M) 9.179ms
Dec 24 08:31:19 burnside uvmconsole: [3309593.754s][info][gc] GC(380687) Pause Young (Normal) (G1 Evacuation Pause) 62M->54M(76M) 10.393ms
Dec 24 08:31:19 burnside uvmconsole: [3309594.644s][info][gc] GC(380688) Pause Young (Normal) (G1 Evacuation Pause) 62M->54M(76M) 11.285ms
Dec 24 08:31:22 burnside uvmconsole: [3309597.726s][info][gc] GC(380689) Pause Young (Normal) (G1 Evacuation Pause) 62M->54M(76M) 8.606ms
Dec 24 08:31:27 burnside uvmconsole: [3309602.048s][info][gc] GC(380690) Pause Young (Normal) (G1 Evacuation Pause) 62M->54M(76M) 8.361ms
Dec 24 08:31:31 burnside uvmconsole: [3309606.117s][info][gc] GC(380691) Pause Young (Normal) (G1 Evacuation Pause) 62M->54M(76M) 9.893ms
Dec 24 08:31:32 burnside uvmconsole: [3309607.438s][info][gc] GC(380692) Pause Young (Normal) (G1 Evacuation Pause) 61M->54M(76M) 9.512ms
Dec 24 08:31:34 burnside uvmconsole: [3309609.684s][info][gc] GC(380693) Pause Young (Normal) (G1 Evacuation Pause) 62M->54M(76M) 10.231ms
Dec 24 08:31:38 burnside uvmconsole: [3309613.696s][info][gc] GC(380694) Pause Young (Normal) (G1 Evacuation Pause) 61M->54M(76M) 10.102ms
Dec 24 08:31:41 burnside uvmconsole: [3309616.594s][info][gc] GC(380695) Pause Young (Normal) (G1 Evacuation Pause) 60M->55M(76M) 10.065ms
Dec 24 08:31:44 burnside uvmconsole: [3309619.685s][info][gc] GC(380696) Pause Young (Normal) (G1 Evacuation Pause) 62M->54M(76M) 10.618ms
Dec 24 08:31:45 burnside uvmconsole: [3309620.746s][info][gc] GC(380697) Pause Young (Normal) (G1 Evacuation Pause) 61M->54M(76M) 7.007ms
Dec 24 08:31:49 burnside uvmconsole: [3309623.809s][info][gc] GC(380698) Pause Young (Normal) (G1 Evacuation Pause) 61M->54M(76M) 7.611ms
Dec 24 08:31:51 burnside uvmconsole: [3309626.009s][info][gc] GC(380699) Pause Full (System.gc()) 59M->49M(76M) 330.236ms
Dec 24 08:31:55 burnside uvmconsole: [3309630.420s][info][gc] GC(380700) Pause Young (Normal) (G1 Evacuation Pause) 60M->49M(76M) 9.121ms
Dec 24 08:32:02 burnside uvmconsole: [3309637.375s][info][gc] GC(380701) Pause Young (Normal) (G1 Evacuation Pause) 60M->50M(76M) 10.436ms
Dec 24 08:32:04 burnside uvmconsole: [3309639.095s][info][gc] GC(380702) Pause Young (Normal) (G1 Evacuation Pause) 61M->50M(76M) 7.224ms
Dec 24 08:32:09 burnside uvmconsole: [3309643.908s][info][gc] GC(380703) Pause Young (Normal) (G1 Evacuation Pause) 61M->50M(76M) 8.016ms
Dec 24 08:32:16 burnside uvmconsole: [3309650.966s][info][gc] GC(380704) Pause Young (Normal) (G1 Evacuation Pause) 61M->50M(76M) 10.721ms
Dec 24 08:32:19 burnside uvmconsole: [3309654.357s][info][gc] GC(380705) Pause Young (Normal) (G1 Evacuation Pause) 61M->50M(76M) 8.682ms
Dec 24 08:32:26 burnside uvmconsole: [3309661.475s][info][gc] GC(380706) Pause Young (Normal) (G1 Evacuation Pause) 61M->50M(76M) 8.094ms
Dec 24 08:32:39 burnside uvmconsole: [3309674.536s][info][gc] GC(380707) Pause Young (Normal) (G1 Evacuation Pause) 61M->50M(76M) 9.376ms
Dec 24 08:32:43 burnside uvmconsole: [3309678.642s][info][gc] GC(380708) Pause Young (Normal) (G1 Evacuation Pause) 61M->50M(76M) 10.536ms
Dec 24 08:32:44 burnside uvmconsole: [3309679.663s][info][gc] GC(380709) Pause Young (Normal) (G1 Evacuation Pause) 61M->50M(76M) 8.765ms
Dec 24 08:32:46 burnside uvmconsole: [3309680.901s][info][gc] GC(380710) Pause Young (Normal) (G1 Evacuation Pause) 61M->50M(76M) 9.807ms
Dec 24 08:32:47 burnside uvmconsole: [3309682.489s][info][gc] GC(380711) Pause Young (Normal) (G1 Evacuation Pause) 61M->50M(76M) 14.853ms
Dec 24 08:32:49 burnside uvmconsole: [3309684.322s][info][gc] GC(380712) Pause Young (Normal) (G1 Evacuation Pause) 61M->50M(76M) 12.219ms
Dec 24 08:32:50 burnside uvmconsole: [3309685.327s][info][gc] GC(380713) Pause Young (Normal) (G1 Evacuation Pause) 60M->50M(76M) 10.313ms
Dec 24 08:32:54 burnside uvmconsole: [3309689.155s][info][gc] GC(380714) Pause Young (Normal) (G1 Evacuation Pause) 61M->50M(76M) 10.174ms
Dec 24 08:32:58 burnside uvmconsole: [3309692.774s][info][gc] GC(380715) Pause Young (Normal) (G1 Evacuation Pause) 60M->50M(76M) 10.640ms
Dec 24 08:33:00 burnside uvmconsole: [3309695.541s][info][gc] GC(380716) Pause Young (Normal) (G1 Evacuation Pause) 61M->51M(76M) 10.961ms
Dec 24 08:33:04 burnside uvmconsole: [3309699.491s][info][gc] GC(380717) Pause Young (Normal) (G1 Evacuation Pause) 61M->51M(76M) 10.695ms
Dec 24 08:33:06 burnside uvmconsole: [3309701.155s][info][gc] GC(380718) Pause Young (Normal) (G1 Evacuation Pause) 61M->51M(76M) 9.967ms
Dec 24 08:33:17 burnside uvmconsole: [3309712.168s][info][gc] GC(380719) Pause Young (Normal) (G1 Evacuation Pause) 62M->51M(76M) 9.567ms
Dec 24 08:33:29 burnside uvmconsole: [3309723.897s][info][gc] GC(380720) Pause Young (Normal) (G1 Evacuation Pause) 62M->51M(76M) 14.396ms
Dec 24 08:33:32 burnside uvmconsole: [3309726.904s][info][gc] GC(380721) Pause Young (Normal) (G1 Evacuation Pause) 61M->51M(76M) 9.671ms
Dec 24 08:33:36 burnside uvmconsole: [3309730.887s][info][gc] GC(380722) Pause Young (Normal) (G1 Evacuation Pause) 61M->51M(76M) 9.526ms
Dec 24 08:33:41 burnside uvmconsole: [3309736.691s][info][gc] GC(380723) Pause Young (Normal) (G1 Evacuation Pause) 61M->51M(76M) 8.301ms
Dec 24 08:33:52 burnside uvmconsole: [3309747.244s][info][gc] GC(380724) Pause Young (Normal) (G1 Evacuation Pause) 62M->51M(76M) 11.375ms
Dec 24 08:33:59 burnside uvmconsole: [3309754.190s][info][gc] GC(380725) Pause Young (Normal) (G1 Evacuation Pause) 61M->51M(76M) 9.198ms
Dec 24 08:34:05 burnside uvmconsole: [3309759.880s][info][gc] GC(380726) Pause Young (Normal) (G1 Evacuation Pause) 61M->51M(76M) 11.567ms
Dec 24 08:34:06 burnside uvmconsole: [3309761.728s][info][gc] GC(380727) Pause Young (Normal) (G1 Evacuation Pause) 61M->51M(76M) 10.076ms
Dec 24 08:34:11 burnside uvmconsole: [3309765.766s][info][gc] GC(380728) Pause Young (Normal) (G1 Evacuation Pause) 60M->51M(76M) 10.323ms
Dec 24 08:34:17 burnside uvmconsole: [3309771.767s][info][gc] GC(380729) Pause Young (Normal) (G1 Evacuation Pause) 61M->51M(76M) 10.005ms
Dec 24 08:34:21 burnside uvmconsole: [3309776.681s][info][gc] GC(380730) Pause Young (Normal) (G1 Evacuation Pause) 61M->52M(76M) 12.830ms
Dec 24 08:34:26 burnside uvmconsole: [3309781.613s][info][gc] GC(380731) Pause Young (Normal) (G1 Evacuation Pause) 61M->51M(76M) 9.390ms
Dec 24 08:34:28 burnside uvmconsole: [3309783.022s][info][gc] GC(380732) Pause Young (Normal) (G1 Evacuation Pause) 61M->52M(76M) 9.004ms
Dec 24 08:34:33 burnside uvmconsole: [3309788.658s][info][gc] GC(380733) Pause Young (Normal) (G1 Evacuation Pause) 61M->52M(76M) 9.660ms
Dec 24 08:34:40 burnside uvmconsole: [3309795.010s][info][gc] GC(380734) Pause Young (Normal) (G1 Evacuation Pause) 61M->52M(76M) 10.779ms
Dec 24 08:34:48 burnside uvmconsole: [3309803.654s][info][gc] GC(380735) Pause Young (Normal) (G1 Evacuation Pause) 62M->52M(76M) 9.250ms
Dec 24 08:34:55 burnside uvmconsole: [3309810.224s][info][gc] GC(380736) Pause Young (Normal) (G1 Evacuation Pause) 61M->52M(76M) 9.111ms
Dec 24 08:35:03 burnside uvmconsole: [3309818.642s][info][gc] GC(380737) Pause Young (Normal) (G1 Evacuation Pause) 62M->52M(76M) 10.161ms
Dec 24 08:35:09 burnside uvmconsole: [3309824.164s][info][gc] GC(380738) Pause Young (Normal) (G1 Evacuation Pause) 61M->52M(76M) 9.928ms
Dec 24 08:35:18 burnside uvmconsole: [3309833.387s][info][gc] GC(380739) Pause Young (Normal) (G1 Evacuation Pause) 61M->52M(76M) 8.973ms
Dec 24 08:35:27 burnside uvmconsole: [3309842.036s][info][gc] GC(380740) Pause Young (Normal) (G1 Evacuation Pause) 62M->52M(76M) 9.272ms
Dec 24 08:35:36 burnside uvmconsole: [3309850.909s][info][gc] GC(380741) Pause Young (Normal) (G1 Evacuation Pause) 61M->52M(76M) 9.284ms
Dec 24 08:35:50 burnside uvmconsole: [3309865.290s][info][gc] GC(380742) Pause Young (Normal) (G1 Evacuation Pause) 62M->52M(76M) 9.104ms
Dec 24 08:35:56 burnside uvmconsole: [3309871.104s][info][gc] GC(380743) Pause Young (Normal) (G1 Evacuation Pause) 61M->52M(76M) 10.197ms
Dec 24 08:36:00 burnside uvmconsole: [3309875.722s][info][gc] GC(380744) Pause Young (Normal) (G1 Evacuation Pause) 61M->53M(76M) 10.460ms
Dec 24 08:36:10 burnside uvmconsole: [3309885.692s][info][gc] GC(380745) Pause Young (Normal) (G1 Evacuation Pause) 62M->52M(76M) 10.577ms
Dec 24 08:36:21 burnside uvmconsole: [3309895.930s][info][gc] GC(380746) Pause Young (Normal) (G1 Evacuation Pause) 61M->52M(76M) 8.077ms
Dec 24 08:36:32 burnside uvmconsole: [3309906.842s][info][gc] GC(380747) Pause Young (Normal) (G1 Evacuation Pause) 61M->52M(76M) 8.448ms
Dec 24 08:36:42 burnside uvmconsole: [3309917.004s][info][gc] GC(380748) Pause Young (Normal) (G1 Evacuation Pause) 61M->53M(76M) 9.087ms
Dec 24 08:36:51 burnside uvmconsole: [3309926.014s][info][gc] GC(380749) Pause Full (System.gc()) 59M->49M(76M) 334.108ms
Dec 24 08:37:00 burnside uvmconsole: [3309935.604s][info][gc] GC(380750) Pause Young (Normal) (G1 Evacuation Pause) 59M->50M(76M) 8.798ms
Dec 24 08:37:04 burnside uvmconsole: [3309939.620s][info][gc] GC(380751) Pause Young (Normal) (G1 Evacuation Pause) 60M->50M(76M) 7.156ms
Dec 24 08:37:20 burnside uvmconsole: [3309955.425s][info][gc] GC(380752) Pause Young (Normal) (G1 Evacuation Pause) 60M->50M(76M) 8.427ms
Dec 24 08:37:34 burnside uvmconsole: [3309968.973s][info][gc] GC(380753) Pause Young (Normal) (G1 Evacuation Pause) 60M->50M(76M) 8.795ms
Dec 24 08:37:41 burnside uvmconsole: [3309976.246s][info][gc] GC(380754) Pause Young (Normal) (G1 Evacuation Pause) 60M->50M(76M) 16.174ms
Dec 24 08:37:43 burnside uvmconsole: [3309977.794s][info][gc] GC(380755) Pause Young (Normal) (G1 Evacuation Pause) 60M->51M(76M) 13.938ms
Dec 24 08:37:43 burnside uvmconsole: [3309978.671s][info][gc] GC(380756) Pause Young (Normal) (G1 Evacuation Pause) 60M->51M(76M) 20.956ms
Dec 24 08:37:45 burnside uvmconsole: [3309980.555s][info][gc] GC(380757) Pause Young (Normal) (G1 Evacuation Pause) 60M->51M(76M) 10.887ms
Dec 24 08:37:50 burnside uvmconsole: [3309985.279s][info][gc] GC(380758) Pause Young (Normal) (G1 Evacuation Pause) 60M->51M(76M) 10.725ms
Dec 24 08:37:51 burnside uvmconsole: [3309986.001s][info][gc] GC(380759) Pause Young (Normal) (G1 Evacuation Pause) 60M->52M(76M) 11.096ms
Dec 24 08:37:52 burnside uvmconsole: [3309987.001s][info][gc] GC(380760) Pause Young (Normal) (G1 Evacuation Pause) 60M->52M(76M) 13.902ms
Dec 24 08:37:53 burnside uvmconsole: [3309988.068s][info][gc] GC(380761) Pause Young (Normal) (G1 Evacuation Pause) 60M->52M(76M) 13.378ms
Dec 24 08:37:54 burnside uvmconsole: [3309989.150s][info][gc] GC(380762) Pause Young (Normal) (G1 Evacuation Pause) 60M->53M(76M) 14.063ms
Dec 24 08:37:54 burnside uvmconsole: [3309989.575s][info][gc] GC(380763) Pause Young (Normal) (G1 Evacuation Pause) 61M->54M(76M) 24.403ms
Dec 24 08:37:56 burnside uvmconsole: [3309990.973s][info][gc] GC(380764) Pause Young (Normal) (G1 Evacuation Pause) 61M->53M(76M) 10.595ms
Dec 24 08:37:57 burnside uvmconsole: [3309992.463s][info][gc] GC(380765) Pause Young (Normal) (G1 Evacuation Pause) 61M->53M(76M) 9.435ms
Dec 24 08:37:58 burnside uvmconsole: [3309993.731s][info][gc] GC(380766) Pause Young (Normal) (G1 Evacuation Pause) 61M->54M(76M) 10.037ms
Dec 24 08:38:00 burnside uvmconsole: [3309995.697s][info][gc] GC(380767) Pause Young (Normal) (G1 Evacuation Pause) 62M->54M(76M) 13.730ms
Dec 24 08:38:01 burnside uvmconsole: [3309996.100s][info][gc] GC(380768) Pause Young (Normal) (G1 Evacuation Pause) 61M->54M(76M) 12.927ms
Dec 24 08:38:03 burnside uvmconsole: [3309997.818s][info][gc] GC(380769) Pause Young (Normal) (G1 Evacuation Pause) 61M->54M(76M) 10.782ms
Dec 24 08:38:05 burnside uvmconsole: [3309999.862s][info][gc] GC(380770) Pause Young (Normal) (G1 Evacuation Pause) 60M->54M(76M) 7.822ms
Dec 24 08:38:05 burnside uvmconsole: [3310000.534s][info][gc] GC(380771) Pause Young (Normal) (G1 Evacuation Pause) 60M->55M(76M) 11.270ms
Dec 24 08:38:05 burnside uvmconsole: [3310000.595s][info][gc] GC(380772) Pause Young (Normal) (G1 Evacuation Pause) 61M->55M(76M) 11.864ms
Dec 24 08:38:07 burnside uvmconsole: [3310002.130s][info][gc] GC(380773) Pause Young (Normal) (G1 Evacuation Pause) 61M->55M(76M) 9.620ms
Dec 24 08:38:09 burnside uvmconsole: [3310004.614s][info][gc] GC(380774) Pause Young (Concurrent Start) (G1 Evacuation Pause) 61M->55M(76M) 11.150ms
Dec 24 08:38:09 burnside uvmconsole: [3310004.614s][info][gc] GC(380775) Concurrent Cycle
Dec 24 08:38:10 burnside uvmconsole: [3310005.030s][info][gc] GC(380775) Pause Remark 56M->56M(76M) 50.944ms
Dec 24 08:38:10 burnside uvmconsole: [3310005.247s][info][gc] GC(380775) Pause Cleanup 56M->56M(76M) 0.585ms
Dec 24 08:38:10 burnside uvmconsole: [3310005.248s][info][gc] GC(380775) Concurrent Cycle 634.294ms
Dec 24 08:38:12 burnside uvmconsole: [3310007.705s][info][gc] GC(380776) Pause Young (Normal) (G1 Evacuation Pause) 61M->55M(76M) 10.031ms
Dec 24 08:38:15 burnside uvmconsole: [3310009.924s][info][gc] GC(380777) Pause Young (Concurrent Start) (G1 Evacuation Pause) 61M->55M(76M) 10.464ms
Dec 24 08:38:15 burnside uvmconsole: [3310009.924s][info][gc] GC(380778) Concurrent Cycle
Dec 24 08:38:15 burnside uvmconsole: [3310010.346s][info][gc] GC(380778) Pause Remark 56M->56M(76M) 43.223ms
Dec 24 08:38:15 burnside uvmconsole: [3310010.571s][info][gc] GC(380778) Pause Cleanup 56M->56M(76M) 0.471ms
Dec 24 08:38:15 burnside uvmconsole: [3310010.573s][info][gc] GC(380778) Concurrent Cycle 648.975ms
Dec 24 08:38:22 burnside uvmconsole: [3310016.974s][info][gc] GC(380779) Pause Young (Prepare Mixed) (G1 Evacuation Pause) 61M->55M(76M) 10.575ms
Dec 24 08:38:24 burnside uvmconsole: [3310019.263s][info][gc] GC(380780) Pause Young (Mixed) (G1 Evacuation Pause) 57M->55M(76M) 9.014ms
Dec 24 08:38:33 burnside uvmconsole: [3310028.658s][info][gc] GC(380781) Pause Young (Concurrent Start) (G1 Evacuation Pause) 61M->55M(76M) 11.321ms
Dec 24 08:38:33 burnside uvmconsole: [3310028.659s][info][gc] GC(380782) Concurrent Cycle
Dec 24 08:38:34 burnside uvmconsole: [3310029.089s][info][gc] GC(380782) Pause Remark 56M->56M(76M) 44.157ms
Dec 24 08:38:34 burnside uvmconsole: [3310029.317s][info][gc] GC(380782) Pause Cleanup 57M->57M(76M) 0.533ms
Dec 24 08:38:34 burnside uvmconsole: [3310029.318s][info][gc] GC(380782) Concurrent Cycle 659.745ms
Dec 24 08:38:39 burnside uvmconsole: [3310034.086s][info][gc] GC(380783) Pause Young (Normal) (G1 Evacuation Pause) 61M->55M(76M) 10.367ms
Dec 24 08:38:45 burnside uvmconsole: [3310039.980s][info][gc] GC(380784) Pause Young (Concurrent Start) (G1 Evacuation Pause) 61M->55M(76M) 10.895ms
Dec 24 08:38:45 burnside uvmconsole: [3310039.981s][info][gc] GC(380785) Concurrent Cycle
Dec 24 08:38:45 burnside uvmconsole: [3310040.395s][info][gc] GC(380785) Pause Remark 56M->56M(76M) 42.870ms
Dec 24 08:38:45 burnside uvmconsole: [3310040.613s][info][gc] GC(380785) Pause Cleanup 56M->56M(76M) 0.492ms
Dec 24 08:38:45 burnside uvmconsole: [3310040.614s][info][gc] GC(380785) Concurrent Cycle 633.482ms
Dec 24 08:38:53 burnside uvmconsole: [3310048.138s][info][gc] GC(380786) Pause Young (Normal) (G1 Evacuation Pause) 61M->56M(76M) 11.087ms
Dec 24 08:38:59 burnside uvmconsole: [3310054.191s][info][gc] GC(380787) Pause Young (Concurrent Start) (G1 Evacuation Pause) 62M->56M(76M) 10.571ms
Dec 24 08:38:59 burnside uvmconsole: [3310054.191s][info][gc] GC(380788) Concurrent Cycle
Dec 24 08:38:59 burnside uvmconsole: [3310054.610s][info][gc] GC(380788) Pause Remark 59M->59M(76M) 41.882ms
Dec 24 08:39:00 burnside uvmconsole: [3310054.839s][info][gc] GC(380788) Pause Cleanup 60M->60M(76M) 0.522ms
Dec 24 08:39:00 burnside uvmconsole: [3310054.840s][info][gc] GC(380788) Concurrent Cycle 648.931ms
Dec 24 08:39:01 burnside uvmconsole: [3310056.339s][info][gc] GC(380789) Pause Young (Prepare Mixed) (G1 Evacuation Pause) 62M->56M(76M) 12.462ms
Dec 24 08:39:01 burnside uvmconsole: [3310056.553s][info][gc] GC(380790) Pause Young (Mixed) (G1 Evacuation Pause) 58M->55M(76M) 12.373ms
Dec 24 08:39:04 burnside uvmconsole: [3310058.911s][info][gc] GC(380791) Pause Young (Normal) (G1 Evacuation Pause) 61M->55M(76M) 9.060ms
Dec 24 08:39:05 burnside uvmconsole: [3310060.131s][info][gc] GC(380792) Pause Young (Normal) (G1 Evacuation Pause) 62M->55M(76M) 10.850ms
Dec 24 08:39:06 burnside uvmconsole: [3310061.337s][info][gc] GC(380793) Pause Young (Concurrent Start) (G1 Evacuation Pause) 61M->56M(76M) 12.512ms
Dec 24 08:39:06 burnside uvmconsole: [3310061.337s][info][gc] GC(380794) Concurrent Cycle
Dec 24 08:39:07 burnside uvmconsole: [3310061.791s][info][gc] GC(380794) Pause Remark 59M->59M(76M) 44.367ms
Dec 24 08:39:07 burnside uvmconsole: [3310062.045s][info][gc] GC(380794) Pause Cleanup 62M->62M(76M) 0.546ms
Dec 24 08:39:07 burnside uvmconsole: [3310062.048s][info][gc] GC(380794) Concurrent Cycle 710.585ms
Dec 24 08:39:07 burnside uvmconsole: [3310062.095s][info][gc] GC(380795) Pause Young (Prepare Mixed) (G1 Evacuation Pause) 62M->56M(76M) 11.868ms
Dec 24 08:39:07 burnside uvmconsole: [3310062.440s][info][gc] GC(380796) Pause Young (Mixed) (G1 Evacuation Pause) 58M->55M(76M) 11.332ms
Dec 24 08:39:08 burnside uvmconsole: [3310063.102s][info][gc] GC(380797) Pause Young (Normal) (G1 Evacuation Pause) 61M->56M(76M) 9.343ms
Dec 24 08:39:08 burnside uvmconsole: [3310063.459s][info][gc] GC(380798) Pause Young (Normal) (G1 Evacuation Pause) 62M->56M(76M) 10.094ms
Dec 24 08:39:08 burnside uvmconsole: [3310063.530s][info][gc] GC(380799) Pause Young (Concurrent Start) (G1 Evacuation Pause) 62M->57M(76M) 13.271ms
Dec 24 08:39:08 burnside uvmconsole: [3310063.531s][info][gc] GC(380800) Concurrent Cycle
Dec 24 08:39:09 burnside uvmconsole: [3310064.051s][info][gc] GC(380800) Pause Remark 63M->63M(76M) 43.670ms
Dec 24 08:39:09 burnside uvmconsole: [3310064.079s][info][gc] GC(380801) Pause Young (Normal) (G1 Evacuation Pause) 63M->57M(76M) 22.969ms
Dec 24 08:39:09 burnside uvmconsole: [3310064.359s][info][gc] GC(380800) Pause Cleanup 59M->59M(76M) 0.536ms
Dec 24 08:39:09 burnside uvmconsole: [3310064.361s][info][gc] GC(380800) Concurrent Cycle 830.678ms
Dec 24 08:39:10 burnside uvmconsole: [3310064.808s][info][gc] GC(380802) Pause Young (Prepare Mixed) (G1 Evacuation Pause) 62M->57M(76M) 17.907ms
Dec 24 08:39:10 burnside uvmconsole: [3310065.553s][info][gc] GC(380803) Pause Young (Mixed) (G1 Evacuation Pause) 59M->56M(76M) 11.766ms
Dec 24 08:39:12 burnside uvmconsole: [3310067.349s][info][gc] GC(380804) Pause Young (Normal) (G1 Evacuation Pause) 62M->56M(92M) 13.184ms
Dec 24 08:39:20 burnside uvmconsole: [3310075.601s][info][gc] GC(380805) Pause Young (Normal) (G1 Evacuation Pause) 69M->57M(92M) 13.250ms
Dec 24 08:39:27 burnside uvmconsole: [3310082.465s][info][gc] GC(380806) Pause Young (Normal) (G1 Evacuation Pause) 70M->57M(92M) 14.582ms
Dec 24 08:39:28 burnside uvmconsole: [3310083.473s][info][gc] GC(380807) Pause Young (Normal) (G1 Evacuation Pause) 70M->57M(92M) 13.848ms
Dec 24 08:39:29 burnside uvmconsole: [3310084.512s][info][gc] GC(380808) Pause Young (Normal) (G1 Evacuation Pause) 71M->57M(92M) 15.015ms
Dec 24 08:39:31 burnside uvmconsole: [3310085.782s][info][gc] GC(380809) Pause Young (Normal) (G1 Evacuation Pause) 72M->57M(92M) 12.400ms
Dec 24 08:39:32 burnside uvmconsole: [3310087.012s][info][gc] GC(380810) Pause Young (Normal) (G1 Evacuation Pause) 73M->57M(92M) 15.959ms
Dec 24 08:39:38 burnside uvmconsole: [3310092.930s][info][gc] GC(380811) Pause Young (Concurrent Start) (G1 Evacuation Pause) 73M->58M(92M) 15.534ms
Dec 24 08:39:38 burnside uvmconsole: [3310092.931s][info][gc] GC(380812) Concurrent Cycle
Dec 24 08:39:38 burnside uvmconsole: [3310093.353s][info][gc] GC(380812) Pause Remark 59M->59M(92M) 46.633ms
Dec 24 08:39:38 burnside uvmconsole: [3310093.588s][info][gc] GC(380812) Pause Cleanup 60M->60M(92M) 0.545ms
Dec 24 08:39:38 burnside uvmconsole: [3310093.590s][info][gc] GC(380812) Concurrent Cycle 659.738ms
Dec 24 08:39:43 burnside uvmconsole: [3310098.268s][info][gc] GC(380813) Pause Young (Prepare Mixed) (G1 Evacuation Pause) 75M->58M(92M) 17.218ms
Dec 24 08:39:43 burnside uvmconsole: [3310098.449s][info][gc] GC(380814) Pause Young (Mixed) (G1 Evacuation Pause) 60M->58M(92M) 17.926ms
Dec 24 08:39:55 burnside uvmconsole: [3310110.379s][info][gc] GC(380815) Pause Young (Normal) (G1 Evacuation Pause) 74M->58M(92M) 9.293ms
Dec 24 08:40:00 burnside uvmconsole: [3310114.824s][info][gc] GC(380816) Pause Young (Normal) (G1 Evacuation Pause) 75M->58M(92M) 11.710ms
Dec 24 08:40:03 burnside uvmconsole: [3310118.134s][info][gc] GC(380817) Pause Young (Concurrent Start) (G1 Evacuation Pause) 74M->59M(92M) 19.591ms
Dec 24 08:40:03 burnside uvmconsole: [3310118.135s][info][gc] GC(380818) Concurrent Cycle
Dec 24 08:40:03 burnside uvmconsole: [3310118.597s][info][gc] GC(380818) Pause Remark 63M->63M(92M) 48.830ms
Dec 24 08:40:04 burnside uvmconsole: [3310118.834s][info][gc] GC(380818) Pause Cleanup 64M->64M(92M) 0.717ms
Dec 24 08:40:04 burnside uvmconsole: [3310118.837s][info][gc] GC(380818) Concurrent Cycle 702.479ms
Dec 24 08:40:07 burnside uvmconsole: [3310121.834s][info][gc] GC(380819) Pause Young (Prepare Mixed) (G1 Evacuation Pause) 75M->59M(92M) 16.849ms
Dec 24 08:40:07 burnside uvmconsole: [3310122.030s][info][gc] GC(380820) Pause Young (Mixed) (G1 Evacuation Pause) 62M->58M(92M) 11.584ms
Dec 24 08:40:14 burnside uvmconsole: [3310128.885s][info][gc] GC(380821) Pause Young (Normal) (G1 Evacuation Pause) 74M->59M(92M) 15.411ms
Dec 24 08:40:15 burnside uvmconsole: [3310129.965s][info][gc] GC(380822) Pause Young (Normal) (G1 Evacuation Pause) 75M->59M(92M) 21.094ms
Dec 24 08:40:22 burnside uvmconsole: [3310137.239s][info][gc] GC(380823) Pause Young (Normal) (G1 Evacuation Pause) 74M->59M(92M) 11.619ms
Dec 24 08:40:28 burnside uvmconsole: [3310143.338s][info][gc] GC(380824) Pause Young (Normal) (G1 Evacuation Pause) 74M->59M(92M) 10.811ms
Dec 24 08:40:48 burnside uvmconsole: [3310162.892s][info][gc] GC(380825) Pause Young (Normal) (G1 Evacuation Pause) 75M->59M(92M) 19.031ms
Dec 24 08:40:59 burnside uvmconsole: [3310174.200s][info][gc] GC(380826) Pause Young (Normal) (G1 Evacuation Pause) 75M->60M(92M) 13.715ms
Dec 24 08:41:07 burnside uvmconsole: [3310182.047s][info][gc] GC(380827) Pause Young (Normal) (G1 Evacuation Pause) 76M->60M(92M) 17.447ms
Dec 24 08:41:18 burnside uvmconsole: [3310193.215s][info][gc] GC(380828) Pause Young (Normal) (G1 Evacuation Pause) 75M->60M(92M) 20.164ms
Dec 24 08:41:33 burnside uvmconsole: [3310207.893s][info][gc] GC(380829) Pause Young (Normal) (G1 Evacuation Pause) 75M->60M(92M) 12.237ms
Dec 24 08:41:42 burnside uvmconsole: [3310217.505s][info][gc] GC(380830) Pause Young (Normal) (G1 Evacuation Pause) 75M->61M(92M) 14.363ms
Dec 24 08:41:45 burnside uvmconsole: [3310220.570s][info][gc] GC(380831) Pause Young (Normal) (G1 Evacuation Pause) 77M->61M(92M) 14.460ms
Dec 24 08:41:51 burnside uvmconsole: [3310226.034s][info][gc] GC(380832) Pause Full (System.gc()) 73M->51M(78M) 354.393ms
Dec 24 08:41:59 burnside uvmconsole: [3310234.596s][info][gc] GC(380833) Pause Young (Concurrent Start) (G1 Evacuation Pause) 65M->52M(78M) 10.338ms
Dec 24 08:41:59 burnside uvmconsole: [3310234.597s][info][gc] GC(380834) Concurrent Cycle
Dec 24 08:42:00 burnside uvmconsole: [3310235.086s][info][gc] GC(380834) Pause Remark 57M->57M(78M) 46.781ms
Dec 24 08:42:00 burnside uvmconsole: [3310235.311s][info][gc] GC(380834) Pause Cleanup 58M->58M(78M) 0.515ms
Dec 24 08:42:00 burnside uvmconsole: [3310235.313s][info][gc] GC(380834) Concurrent Cycle 716.316ms
Dec 24 08:42:04 burnside uvmconsole: [3310238.977s][info][gc] GC(380835) Pause Young (Normal) (G1 Evacuation Pause) 65M->53M(78M) 12.960ms
Dec 24 08:42:10 burnside uvmconsole: [3310245.011s][info][gc] GC(380836) Pause Young (Normal) (G1 Evacuation Pause) 65M->53M(78M) 10.920ms
Dec 24 08:42:13 burnside uvmconsole: [3310248.027s][info][gc] GC(380837) Pause Young (Concurrent Start) (G1 Evacuation Pause) 64M->53M(78M) 11.694ms
Dec 24 08:42:13 burnside uvmconsole: [3310248.027s][info][gc] GC(380838) Concurrent Cycle
Dec 24 08:42:13 burnside uvmconsole: [3310248.432s][info][gc] GC(380838) Pause Remark 53M->53M(78M) 43.014ms
Dec 24 08:42:13 burnside uvmconsole: [3310248.645s][info][gc] GC(380838) Pause Cleanup 53M->53M(78M) 0.498ms
Dec 24 08:42:13 burnside uvmconsole: [3310248.647s][info][gc] GC(380838) Concurrent Cycle 620.036ms
Dec 24 08:42:31 burnside uvmconsole: [3310266.561s][info][gc] GC(380839) Pause Young (Normal) (G1 Evacuation Pause) 65M->53M(78M) 11.526ms
Dec 24 08:42:38 burnside uvmconsole: [3310272.833s][info][gc] GC(380840) Pause Young (Normal) (G1 Evacuation Pause) 65M->53M(78M) 9.911ms
Dec 24 08:42:49 burnside uvmconsole: [3310284.279s][info][gc] GC(380841) Pause Young (Normal) (G1 Evacuation Pause) 65M->53M(78M) 10.363ms
Dec 24 08:42:55 burnside uvmconsole: [3310290.447s][info][gc] GC(380842) Pause Young (Normal) (G1 Evacuation Pause) 65M->54M(78M) 10.961ms
Dec 24 08:43:02 burnside uvmconsole: [3310297.471s][info][gc] GC(380843) Pause Young (Normal) (G1 Evacuation Pause) 65M->54M(78M) 13.624ms
Dec 24 08:43:03 burnside uvmconsole: [3310297.948s][info][gc] GC(380844) Pause Young (Normal) (G1 Evacuation Pause) 64M->54M(78M) 18.824ms
Dec 24 08:43:17 burnside uvmconsole: [3310312.525s][info][gc] GC(380845) Pause Young (Normal) (G1 Evacuation Pause) 65M->54M(78M) 9.588ms
Dec 24 08:43:30 burnside uvmconsole: [3310325.026s][info][gc] GC(380846) Pause Young (Normal) (G1 Evacuation Pause) 65M->54M(78M) 10.577ms
Dec 24 08:43:37 burnside uvmconsole: [3310332.435s][info][gc] GC(380847) Pause Young (Normal) (G1 Evacuation Pause) 64M->55M(78M) 10.995ms
Dec 24 08:43:47 burnside uvmconsole: [3310342.161s][info][gc] GC(380848) Pause Young (Normal) (G1 Evacuation Pause) 65M->55M(78M) 11.104ms
Dec 24 08:43:55 burnside uvmconsole: [3310350.406s][info][gc] GC(380849) Pause Young (Normal) (G1 Evacuation Pause) 65M->55M(78M) 10.834ms
Dec 24 08:44:01 burnside uvmconsole: [3310356.142s][info][gc] GC(380850) Pause Young (Normal) (G1 Evacuation Pause) 64M->55M(78M) 12.759ms
Dec 24 08:44:05 burnside uvmconsole: [3310359.843s][info][gc] GC(380851) Pause Young (Normal) (G1 Evacuation Pause) 64M->55M(78M) 12.319ms
Dec 24 08:44:13 burnside uvmconsole: [3310367.827s][info][gc] GC(380852) Pause Young (Normal) (G1 Evacuation Pause) 64M->55M(78M) 10.248ms
Dec 24 08:44:25 burnside uvmconsole: [3310379.775s][info][gc] GC(380853) Pause Young (Normal) (G1 Evacuation Pause) 65M->55M(78M) 10.280ms
Dec 24 08:44:33 burnside uvmconsole: [3310388.643s][info][gc] GC(380854) Pause Young (Normal) (G1 Evacuation Pause) 65M->55M(78M) 10.093ms
Dec 24 08:44:40 burnside uvmconsole: [3310395.466s][info][gc] GC(380855) Pause Young (Normal) (G1 Evacuation Pause) 64M->55M(78M) 10.401ms
Dec 24 08:44:46 burnside uvmconsole: [3310401.305s][info][gc] GC(380856) Pause Young (Normal) (G1 Evacuation Pause) 64M->56M(78M) 11.706ms
Dec 24 08:44:48 burnside uvmconsole: [3310403.331s][info][gc] GC(380857) Pause Young (Normal) (G1 Evacuation Pause) 65M->56M(78M) 13.533ms
Dec 24 08:44:56 burnside uvmconsole: [3310411.540s][info][gc] GC(380858) Pause Young (Normal) (G1 Evacuation Pause) 64M->56M(78M) 11.745ms
Dec 24 08:45:00 burnside uvmconsole: [3310414.810s][info][gc] GC(380859) Pause Young (Normal) (G1 Evacuation Pause) 64M->56M(78M) 15.784ms
Dec 24 08:45:01 burnside uvmconsole: [3310416.640s][info][gc] GC(380860) Pause Young (Normal) (G1 Evacuation Pause) 64M->57M(78M) 12.712ms
Dec 24 08:45:05 burnside uvmconsole: [3310420.032s][info][gc] GC(380861) Pause Young (Normal) (G1 Evacuation Pause) 64M->57M(78M) 11.006ms
Dec 24 08:45:07 burnside uvmconsole: [3310422.259s][info][gc] GC(380862) Pause Young (Normal) (G1 Evacuation Pause) 64M->57M(78M) 10.701ms
Dec 24 08:45:12 burnside uvmconsole: [3310427.372s][info][gc] GC(380863) Pause Young (Normal) (G1 Evacuation Pause) 64M->57M(78M) 10.242ms
Dec 24 08:45:18 burnside uvmconsole: [3310433.332s][info][gc] GC(380864) Pause Young (Normal) (G1 Evacuation Pause) 65M->57M(78M) 11.260ms
Dec 24 08:45:24 burnside uvmconsole: [3310438.924s][info][gc] GC(380865) Pause Young (Normal) (G1 Evacuation Pause) 65M->57M(78M) 10.251ms
Dec 24 08:45:33 burnside uvmconsole: [3310448.134s][info][gc] GC(380866) Pause Young (Normal) (G1 Evacuation Pause) 64M->57M(78M) 10.815ms
Dec 24 08:45:37 burnside uvmconsole: [3310452.153s][info][gc] GC(380867) Pause Young (Normal) (G1 Evacuation Pause) 65M->57M(78M) 9.877ms
Dec 24 08:45:40 burnside uvmconsole: [3310455.503s][info][gc] GC(380868) Pause Young (Normal) (G1 Evacuation Pause) 65M->57M(78M) 10.034ms
Dec 24 08:45:49 burnside uvmconsole: [3310464.164s][info][gc] GC(380869) Pause Young (Normal) (G1 Evacuation Pause) 65M->58M(78M) 11.125ms
Dec 24 08:45:53 burnside uvmconsole: [3310467.913s][info][gc] GC(380870) Pause Young (Normal) (G1 Evacuation Pause) 65M->58M(78M) 10.873ms
Dec 24 08:45:59 burnside uvmconsole: [3310474.197s][info][gc] GC(380871) Pause Young (Normal) (G1 Evacuation Pause) 64M->58M(78M) 10.375ms
Dec 24 08:46:01 burnside uvmconsole: [3310476.338s][info][gc] GC(380872) Pause Young (Normal) (G1 Evacuation Pause) 65M->58M(78M) 10.600ms
Dec 24 08:46:02 burnside uvmconsole: [3310477.649s][info][gc] GC(380873) Pause Young (Normal) (G1 Evacuation Pause) 65M->58M(78M) 11.383ms
Dec 24 08:46:07 burnside uvmconsole: [3310482.137s][info][gc] GC(380874) Pause Young (Normal) (G1 Evacuation Pause) 64M->59M(78M) 8.923ms
Dec 24 08:46:09 burnside uvmconsole: [3310484.734s][info][gc] GC(380875) Pause Young (Normal) (G1 Evacuation Pause) 65M->59M(78M) 9.371ms
Dec 24 08:46:10 burnside uvmconsole: [3310484.850s][info][gc] GC(380876) Pause Young (Normal) (G1 Evacuation Pause) 65M->59M(78M) 14.288ms
Dec 24 08:46:13 burnside uvmconsole: [3310488.658s][info][gc] GC(380877) Pause Young (Normal) (G1 Evacuation Pause) 64M->59M(78M) 8.132ms
Dec 24 08:46:17 burnside uvmconsole: [3310492.607s][info][gc] GC(380878) Pause Young (Normal) (G1 Evacuation Pause) 64M->59M(78M) 7.900ms
Dec 24 08:46:21 burnside uvmconsole: [3310496.520s][info][gc] GC(380879) Pause Young (Normal) (G1 Evacuation Pause) 64M->59M(78M) 9.913ms
Dec 24 08:46:30 burnside uvmconsole: [3310505.713s][info][gc] GC(380880) Pause Young (Normal) (G1 Evacuation Pause) 64M->59M(78M) 8.468ms
Dec 24 08:46:35 burnside uvmconsole: [3310510.654s][info][gc] GC(380881) Pause Young (Normal) (G1 Evacuation Pause) 64M->59M(78M) 8.171ms
Dec 24 08:46:40 burnside uvmconsole: [3310515.337s][info][gc] GC(380882) Pause Young (Normal) (G1 Evacuation Pause) 64M->59M(78M) 8.746ms
Dec 24 08:46:46 burnside uvmconsole: [3310521.426s][info][gc] GC(380883) Pause Young (Normal) (G1 Evacuation Pause) 64M->59M(78M) 8.530ms
Dec 24 08:46:51 burnside uvmconsole: [3310526.025s][info][gc] GC(380884) Pause Full (System.gc()) 63M->51M(78M) 345.593ms
Dec 24 08:46:56 burnside uvmconsole: [3310531.089s][info][gc] GC(380885) Pause Young (Normal) (G1 Evacuation Pause) 60M->51M(78M) 7.933ms
Dec 24 08:47:00 burnside uvmconsole: [3310535.088s][info][gc] GC(380886) Pause Young (Normal) (G1 Evacuation Pause) 60M->52M(78M) 10.437ms
Dec 24 08:47:02 burnside uvmconsole: [3310536.898s][info][gc] GC(380887) Pause Young (Normal) (G1 Evacuation Pause) 62M->52M(78M) 10.982ms
Dec 24 08:47:02 burnside uvmconsole: [3310537.095s][info][gc] GC(380888) Pause Young (Normal) (G1 Evacuation Pause) 61M->53M(78M) 15.888ms
Dec 24 08:47:03 burnside uvmconsole: [3310538.444s][info][gc] GC(380889) Pause Young (Normal) (G1 Evacuation Pause) 62M->53M(78M) 12.802ms
Dec 24 08:47:08 burnside uvmconsole: [3310543.299s][info][gc] GC(380890) Pause Young (Normal) (G1 Evacuation Pause) 63M->53M(78M) 12.258ms
Dec 24 08:47:09 burnside uvmconsole: [3310544.596s][info][gc] GC(380891) Pause Young (Normal) (G1 Evacuation Pause) 62M->54M(78M) 12.384ms
Dec 24 08:47:13 burnside uvmconsole: [3310548.327s][info][gc] GC(380892) Pause Young (Normal) (G1 Evacuation Pause) 62M->54M(78M) 12.418ms
Dec 24 08:47:18 burnside uvmconsole: [3310553.465s][info][gc] GC(380893) Pause Young (Normal) (G1 Evacuation Pause) 62M->54M(78M) 9.833ms
Dec 24 08:47:24 burnside uvmconsole: [3310559.193s][info][gc] GC(380894) Pause Young (Normal) (G1 Evacuation Pause) 63M->54M(78M) 16.918ms
Dec 24 08:47:31 burnside uvmconsole: [3310566.734s][info][gc] GC(380895) Pause Young (Normal) (G1 Evacuation Pause) 63M->54M(78M) 10.106ms
Dec 24 08:47:38 burnside uvmconsole: [3310573.566s][info][gc] GC(380896) Pause Young (Normal) (G1 Evacuation Pause) 63M->54M(78M) 10.267ms
Dec 24 08:47:55 burnside uvmconsole: [3310589.950s][info][gc] GC(380897) Pause Young (Normal) (G1 Evacuation Pause) 63M->54M(78M) 9.518ms
Dec 24 08:48:03 burnside uvmconsole: [3310598.657s][info][gc] GC(380898) Pause Young (Normal) (G1 Evacuation Pause) 63M->54M(78M) 11.288ms
Dec 24 08:48:05 burnside uvmconsole: [3310600.145s][info][gc] GC(380899) Pause Young (Normal) (G1 Evacuation Pause) 63M->55M(78M) 10.718ms
Dec 24 08:48:08 burnside uvmconsole: [3310603.309s][info][gc] GC(380900) Pause Young (Normal) (G1 Evacuation Pause) 63M->55M(78M) 11.769ms
Dec 24 08:48:09 burnside uvmconsole: [3310604.584s][info][gc] GC(380901) Pause Young (Normal) (G1 Evacuation Pause) 64M->55M(78M) 11.740ms
Dec 24 08:48:10 burnside uvmconsole: [3310605.393s][info][gc] GC(380902) Pause Young (Normal) (G1 Evacuation Pause) 63M->55M(78M) 11.103ms
Dec 24 08:48:11 burnside uvmconsole: [3310606.363s][info][gc] GC(380903) Pause Young (Normal) (G1 Evacuation Pause) 63M->55M(78M) 11.769ms
Dec 24 08:48:13 burnside uvmconsole: [3310607.788s][info][gc] GC(380904) Pause Young (Normal) (G1 Evacuation Pause) 63M->56M(78M) 13.552ms
Dec 24 08:48:14 burnside uvmconsole: [3310609.739s][info][gc] GC(380905) Pause Young (Normal) (G1 Evacuation Pause) 63M->56M(78M) 13.374ms
Dec 24 08:48:16 burnside uvmconsole: [3310611.108s][info][gc] GC(380906) Pause Young (Normal) (G1 Evacuation Pause) 63M->56M(78M) 12.515ms
Dec 24 08:48:19 burnside uvmconsole: [3310613.889s][info][gc] GC(380907) Pause Young (Normal) (G1 Evacuation Pause) 63M->56M(78M) 10.221ms
Dec 24 08:48:21 burnside uvmconsole: [3310615.999s][info][gc] GC(380908) Pause Young (Normal) (G1 Evacuation Pause) 63M->56M(78M) 9.022ms
Dec 24 08:48:25 burnside uvmconsole: [3310620.029s][info][gc] GC(380909) Pause Young (Normal) (G1 Evacuation Pause) 63M->56M(78M) 8.655ms
Dec 24 08:48:31 burnside uvmconsole: [3310626.490s][info][gc] GC(380910) Pause Young (Normal) (G1 Evacuation Pause) 63M->56M(78M) 9.385ms
Dec 24 08:48:41 burnside uvmconsole: [3310636.621s][info][gc] GC(380911) Pause Young (Normal) (G1 Evacuation Pause) 63M->56M(78M) 9.523ms
Dec 24 08:48:51 burnside uvmconsole: [3310645.776s][info][gc] GC(380912) Pause Young (Normal) (G1 Evacuation Pause) 63M->56M(78M) 8.595ms
Dec 24 08:48:57 burnside uvmconsole: [3310652.413s][info][gc] GC(380913) Pause Young (Normal) (G1 Evacuation Pause) 63M->56M(78M) 9.677ms
Dec 24 08:49:00 burnside uvmconsole: [3310654.809s][info][gc] GC(380914) Pause Young (Normal) (G1 Evacuation Pause) 63M->57M(78M) 10.316ms
Dec 24 08:49:04 burnside uvmconsole: [3310659.548s][info][gc] GC(380915) Pause Young (Normal) (G1 Evacuation Pause) 64M->57M(78M) 9.903ms
Dec 24 08:49:08 burnside uvmconsole: [3310662.766s][info][gc] GC(380916) Pause Young (Normal) (G1 Evacuation Pause) 63M->57M(78M) 8.954ms
Dec 24 08:49:08 burnside uvmconsole: [3310663.149s][info][gc] GC(380917) Pause Young (Normal) (G1 Evacuation Pause) 63M->57M(78M) 10.372ms
Dec 24 08:49:15 burnside uvmconsole: [3310670.642s][info][gc] GC(380918) Pause Young (Normal) (G1 Evacuation Pause) 63M->57M(78M) 7.429ms
Dec 24 08:49:23 burnside uvmconsole: [3310678.652s][info][gc] GC(380919) Pause Young (Normal) (G1 Evacuation Pause) 63M->57M(78M) 7.388ms
Dec 24 08:49:33 burnside uvmconsole: [3310688.416s][info][gc] GC(380920) Pause Young (Normal) (G1 Evacuation Pause) 63M->57M(78M) 8.145ms
Dec 24 08:49:41 burnside uvmconsole: [3310696.607s][info][gc] GC(380921) Pause Young (Normal) (G1 Evacuation Pause) 63M->57M(78M) 7.539ms
Dec 24 08:49:52 burnside uvmconsole: [3310707.028s][info][gc] GC(380922) Pause Young (Normal) (G1 Evacuation Pause) 63M->57M(78M) 8.095ms
Dec 24 08:49:54 burnside uvmconsole: [3310709.447s][info][gc] GC(380923) Pause Young (Normal) (G1 Evacuation Pause) 63M->57M(78M) 8.912ms
Dec 24 08:49:55 burnside uvmconsole: [3310709.984s][info][gc] GC(380924) Pause Young (Normal) (G1 Evacuation Pause) 63M->57M(78M) 8.784ms
Dec 24 08:49:56 burnside uvmconsole: [3310711.007s][info][gc] GC(380925) Pause Young (Normal) (G1 Evacuation Pause) 63M->57M(78M) 9.291ms
Dec 24 08:49:59 burnside uvmconsole: [3310714.194s][info][gc] GC(380926) Pause Young (Normal) (G1 Evacuation Pause) 63M->57M(78M) 8.824ms
Dec 24 08:50:01 burnside uvmconsole: [3310715.865s][info][gc] GC(380927) Pause Young (Normal) (G1 Evacuation Pause) 63M->58M(78M) 9.803ms
Dec 24 08:50:08 burnside uvmconsole: [3310723.552s][info][gc] GC(380928) Pause Young (Normal) (G1 Evacuation Pause) 64M->58M(78M) 9.617ms
Dec 24 08:50:10 burnside uvmconsole: [3310724.755s][info][gc] GC(380929) Pause Young (Normal) (G1 Evacuation Pause) 64M->58M(78M) 8.138ms
Dec 24 08:50:16 burnside uvmconsole: [3310731.174s][info][gc] GC(380930) Pause Young (Normal) (G1 Evacuation Pause) 64M->58M(78M) 8.934ms
Dec 24 08:50:22 burnside uvmconsole: [3310737.687s][info][gc] GC(380931) Pause Young (Normal) (G1 Evacuation Pause) 63M->58M(78M) 7.782ms
Dec 24 08:50:23 burnside uvmconsole: [3310738.632s][info][gc] GC(380932) Pause Young (Normal) (G1 Evacuation Pause) 63M->58M(78M) 8.248ms
Dec 24 08:50:26 burnside uvmconsole: [3310741.339s][info][gc] GC(380933) Pause Young (Normal) (G1 Evacuation Pause) 63M->58M(78M) 9.011ms
Dec 24 08:50:31 burnside uvmconsole: [3310746.142s][info][gc] GC(380934) Pause Young (Normal) (G1 Evacuation Pause) 63M->58M(78M) 7.721ms
Dec 24 08:50:36 burnside uvmconsole: [3310750.914s][info][gc] GC(380935) Pause Young (Normal) (G1 Evacuation Pause) 63M->58M(78M) 8.836ms
Dec 24 08:50:36 burnside uvmconsole: [3310751.393s][info][gc] GC(380936) Pause Young (Normal) (G1 Evacuation Pause) 63M->58M(78M) 14.378ms
Dec 24 08:50:37 burnside uvmconsole: [3310752.508s][info][gc] GC(380937) Pause Young (Normal) (G1 Evacuation Pause) 63M->59M(78M) 10.111ms
Dec 24 08:50:38 burnside uvmconsole: [3310753.561s][info][gc] GC(380938) Pause Young (Normal) (G1 Evacuation Pause) 64M->59M(78M) 9.987ms
Dec 24 08:50:40 burnside uvmconsole: [3310755.185s][info][gc] GC(380939) Pause Young (Normal) (G1 Evacuation Pause) 63M->59M(78M) 8.274ms
Dec 24 08:50:41 burnside uvmconsole: [3310755.999s][info][gc] GC(380940) Pause Young (Normal) (G1 Evacuation Pause) 63M->59M(78M) 9.498ms
Dec 24 08:50:41 burnside uvmconsole: [3310756.341s][info][gc] GC(380941) Pause Young (Normal) (G1 Evacuation Pause) 63M->59M(78M) 12.199ms
Dec 24 08:50:42 burnside uvmconsole: [3310757.509s][info][gc] GC(380942) Pause Young (Normal) (G1 Evacuation Pause) 63M->59M(78M) 8.939ms
Dec 24 08:50:43 burnside uvmconsole: [3310758.047s][info][gc] GC(380943) Pause Young (Normal) (G1 Evacuation Pause) 63M->59M(78M) 9.225ms
Dec 24 08:50:46 burnside uvmconsole: [3310761.251s][info][gc] GC(380944) Pause Young (Normal) (G1 Evacuation Pause) 63M->59M(78M) 9.630ms
Dec 24 08:50:51 burnside uvmconsole: [3310766.461s][info][gc] GC(380945) Pause Young (Normal) (G1 Evacuation Pause) 63M->60M(78M) 9.095ms
Dec 24 08:50:53 burnside uvmconsole: [3310768.298s][info][gc] GC(380946) Pause Young (Normal) (G1 Evacuation Pause) 64M->60M(78M) 8.744ms
Dec 24 08:50:58 burnside uvmconsole: [3310773.483s][info][gc] GC(380947) Pause Young (Normal) (G1 Evacuation Pause) 64M->60M(78M) 9.162ms
Dec 24 08:51:00 burnside uvmconsole: [3310774.801s][info][gc] GC(380948) Pause Young (Normal) (G1 Evacuation Pause) 64M->60M(78M) 10.057ms
Dec 24 08:51:02 burnside uvmconsole: [3310777.114s][info][gc] GC(380949) Pause Young (Normal) (G1 Evacuation Pause) 63M->60M(78M) 10.806ms
Dec 24 08:51:02 burnside uvmconsole: [3310777.150s][info][gc] GC(380950) Pause Young (Normal) (G1 Evacuation Pause) 63M->60M(78M) 8.803ms
Dec 24 08:51:02 burnside uvmconsole: [3310777.183s][info][gc] GC(380951) Pause Young (Normal) (G1 Evacuation Pause) 63M->60M(78M) 8.245ms
Dec 24 08:51:03 burnside uvmconsole: [3310777.834s][info][gc] GC(380952) Pause Young (Concurrent Start) (G1 Evacuation Pause) 63M->60M(78M) 15.550ms
Dec 24 08:51:03 burnside uvmconsole: [3310777.836s][info][gc] GC(380953) Concurrent Cycle
Dec 24 08:51:03 burnside uvmconsole: [3310778.265s][info][gc] GC(380953) Pause Remark 61M->61M(78M) 43.545ms
Dec 24 08:51:03 burnside uvmconsole: [3310778.483s][info][gc] GC(380953) Pause Cleanup 61M->61M(78M) 0.482ms
Dec 24 08:51:03 burnside uvmconsole: [3310778.484s][info][gc] GC(380953) Concurrent Cycle 648.790ms
Dec 24 08:51:09 burnside uvmconsole: [3310783.878s][info][gc] GC(380954) Pause Young (Prepare Mixed) (G1 Evacuation Pause) 63M->60M(78M) 8.929ms
Dec 24 08:51:13 burnside uvmconsole: [3310788.047s][info][gc] GC(380955) Pause Young (Mixed) (G1 Evacuation Pause) 62M->55M(78M) 9.057ms
Dec 24 08:51:16 burnside uvmconsole: [3310790.927s][info][gc] GC(380956) Pause Young (Normal) (G1 Evacuation Pause) 61M->56M(78M) 8.302ms
Dec 24 08:51:27 burnside uvmconsole: [3310802.074s][info][gc] GC(380957) Pause Young (Normal) (G1 Evacuation Pause) 63M->55M(78M) 8.801ms
Dec 24 08:51:35 burnside uvmconsole: [3310810.216s][info][gc] GC(380958) Pause Young (Concurrent Start) (G1 Evacuation Pause) 62M->56M(78M) 10.593ms
Dec 24 08:51:35 burnside uvmconsole: [3310810.216s][info][gc] GC(380959) Concurrent Cycle
Dec 24 08:51:35 burnside uvmconsole: [3310810.628s][info][gc] GC(380959) Pause Remark 56M->56M(78M) 42.369ms
Dec 24 08:51:36 burnside uvmconsole: [3310810.843s][info][gc] GC(380959) Pause Cleanup 56M->56M(78M) 0.481ms
Dec 24 08:51:36 burnside uvmconsole: [3310810.845s][info][gc] GC(380959) Concurrent Cycle 628.448ms
Dec 24 08:51:41 burnside uvmconsole: [3310816.481s][info][gc] GC(380960) Pause Young (Normal) (G1 Evacuation Pause) 64M->56M(78M) 9.793ms
Dec 24 08:51:45 burnside uvmconsole: [3310819.764s][info][gc] GC(380961) Pause Young (Concurrent Start) (G1 Evacuation Pause) 64M->56M(78M) 12.863ms
Dec 24 08:51:45 burnside uvmconsole: [3310819.765s][info][gc] GC(380962) Concurrent Cycle
Dec 24 08:51:45 burnside uvmconsole: [3310820.176s][info][gc] GC(380962) Pause Remark 57M->57M(78M) 41.863ms
Dec 24 08:51:45 burnside uvmconsole: [3310820.396s][info][gc] GC(380962) Pause Cleanup 58M->58M(78M) 0.626ms
Dec 24 08:51:45 burnside uvmconsole: [3310820.397s][info][gc] GC(380962) Concurrent Cycle 632.657ms
Dec 24 08:51:51 burnside uvmconsole: [3310826.023s][info][gc] GC(380963) Pause Full (System.gc()) 61M->51M(78M) 343.020ms
Dec 24 08:51:59 burnside uvmconsole: [3310834.188s][info][gc] GC(380964) Pause Young (Normal) (G1 Evacuation Pause) 62M->52M(78M) 7.699ms
Dec 24 08:52:04 burnside uvmconsole: [3310839.340s][info][gc] GC(380965) Pause Young (Normal) (G1 Evacuation Pause) 63M->52M(78M) 9.648ms
Dec 24 08:52:15 burnside uvmconsole: [3310850.137s][info][gc] GC(380966) Pause Young (Normal) (G1 Evacuation Pause) 63M->52M(78M) 9.089ms
Dec 24 08:52:31 burnside uvmconsole: [3310866.293s][info][gc] GC(380967) Pause Young (Normal) (G1 Evacuation Pause) 64M->52M(78M) 8.880ms
Dec 24 08:52:45 burnside uvmconsole: [3310880.205s][info][gc] GC(380968) Pause Young (Normal) (G1 Evacuation Pause) 64M->52M(78M) 12.289ms
Dec 24 08:52:47 burnside uvmconsole: [3310881.763s][info][gc] GC(380969) Pause Young (Normal) (G1 Evacuation Pause) 64M->53M(78M) 12.545ms
Dec 24 08:52:48 burnside uvmconsole: [3310883.740s][info][gc] GC(380970) Pause Young (Normal) (G1 Evacuation Pause) 64M->53M(78M) 12.155ms
Dec 24 08:52:53 burnside uvmconsole: [3310888.643s][info][gc] GC(380971) Pause Young (Normal) (G1 Evacuation Pause) 63M->53M(78M) 10.684ms
Dec 24 08:52:58 burnside uvmconsole: [3310893.282s][info][gc] GC(380972) Pause Young (Normal) (G1 Evacuation Pause) 64M->53M(78M) 10.865ms
Dec 24 08:53:02 burnside uvmconsole: [3310896.967s][info][gc] GC(380973) Pause Young (Normal) (G1 Evacuation Pause) 64M->53M(78M) 11.960ms
Dec 24 08:53:06 burnside uvmconsole: [3310901.474s][info][gc] GC(380974) Pause Young (Normal) (G1 Evacuation Pause) 63M->53M(78M) 10.868ms
Dec 24 08:53:08 burnside uvmconsole: [3310903.167s][info][gc] GC(380975) Pause Young (Normal) (G1 Evacuation Pause) 63M->53M(78M) 12.288ms
Dec 24 08:53:13 burnside uvmconsole: [3310908.647s][info][gc] GC(380976) Pause Young (Normal) (G1 Evacuation Pause) 63M->53M(78M) 10.317ms
Dec 24 08:53:18 burnside uvmconsole: [3310913.045s][info][gc] GC(380977) Pause Young (Normal) (G1 Evacuation Pause) 63M->53M(78M) 9.425ms
Dec 24 08:53:30 burnside uvmconsole: [3310925.128s][info][gc] GC(380978) Pause Young (Normal) (G1 Evacuation Pause) 63M->53M(78M) 8.748ms
Dec 24 08:53:46 burnside uvmconsole: [3310940.778s][info][gc] GC(380979) Pause Young (Normal) (G1 Evacuation Pause) 63M->53M(78M) 9.459ms
Dec 24 08:54:00 burnside uvmconsole: [3310954.798s][info][gc] GC(380980) Pause Young (Normal) (G1 Evacuation Pause) 63M->54M(78M) 11.770ms
Dec 24 08:54:08 burnside uvmconsole: [3310963.057s][info][gc] GC(380981) Pause Young (Normal) (G1 Evacuation Pause) 64M->54M(78M) 10.907ms
Dec 24 08:54:21 burnside uvmconsole: [3310976.278s][info][gc] GC(380982) Pause Young (Normal) (G1 Evacuation Pause) 63M->54M(78M) 9.819ms
Dec 24 08:54:38 burnside uvmconsole: [3310993.058s][info][gc] GC(380983) Pause Young (Normal) (G1 Evacuation Pause) 64M->54M(78M) 9.414ms
Dec 24 08:54:59 burnside uvmconsole: [3311014.191s][info][gc] GC(380984) Pause Young (Normal) (G1 Evacuation Pause) 64M->54M(78M) 9.260ms
Dec 24 08:55:09 burnside uvmconsole: [3311024.437s][info][gc] GC(380985) Pause Young (Normal) (G1 Evacuation Pause) 64M->54M(78M) 10.145ms
Dec 24 08:55:15 burnside uvmconsole: [3311030.362s][info][gc] GC(380986) Pause Young (Normal) (G1 Evacuation Pause) 63M->54M(78M) 9.405ms
Dec 24 08:55:30 burnside uvmconsole: [3311045.307s][info][gc] GC(380987) Pause Young (Normal) (G1 Evacuation Pause) 64M->54M(78M) 17.892ms
Dec 24 08:55:45 burnside uvmconsole: [3311060.737s][info][gc] GC(380988) Pause Young (Normal) (G1 Evacuation Pause) 63M->54M(78M) 9.716ms
Dec 24 08:56:00 burnside uvmconsole: [3311075.728s][info][gc] GC(380989) Pause Young (Normal) (G1 Evacuation Pause) 64M->54M(78M) 10.356ms
Dec 24 08:56:08 burnside uvmconsole: [3311083.616s][info][gc] GC(380990) Pause Young (Normal) (G1 Evacuation Pause) 63M->54M(78M) 9.057ms
Dec 24 08:56:25 burnside uvmconsole: [3311100.601s][info][gc] GC(380991) Pause Young (Normal) (G1 Evacuation Pause) 64M->54M(78M) 9.612ms
Dec 24 08:56:38 burnside uvmconsole: [3311112.896s][info][gc] GC(380992) Pause Young (Normal) (G1 Evacuation Pause) 63M->54M(78M) 10.072ms
Dec 24 08:56:45 burnside uvmconsole: [3311120.182s][info][gc] GC(380993) Pause Young (Normal) (G1 Evacuation Pause) 63M->55M(78M) 14.351ms
Dec 24 08:56:46 burnside uvmconsole: [3311120.838s][info][gc] GC(380994) Pause Young (Normal) (G1 Evacuation Pause) 64M->55M(78M) 11.064ms
Dec 24 08:56:49 burnside uvmconsole: [3311123.997s][info][gc] GC(380995) Pause Young (Normal) (G1 Evacuation Pause) 64M->55M(78M) 10.711ms
Dec 24 08:56:51 burnside uvmconsole: [3311126.012s][info][gc] GC(380996) Pause Full (System.gc()) 57M->50M(76M) 332.168ms
Dec 24 08:56:55 burnside uvmconsole: [3311130.067s][info][gc] GC(380997) Pause Young (Normal) (G1 Evacuation Pause) 61M->50M(76M) 6.630ms
Dec 24 08:56:59 burnside uvmconsole: [3311134.702s][info][gc] GC(380998) Pause Young (Normal) (G1 Evacuation Pause) 61M->50M(76M) 7.471ms
Dec 24 08:57:02 burnside uvmconsole: [3311137.324s][info][gc] GC(380999) Pause Young (Normal) (G1 Evacuation Pause) 61M->51M(76M) 8.749ms
Dec 24 08:57:06 burnside uvmconsole: [3311141.470s][info][gc] GC(381000) Pause Young (Normal) (G1 Evacuation Pause) 62M->50M(76M) 7.755ms
Dec 24 08:57:12 burnside uvmconsole: [3311147.185s][info][gc] GC(381001) Pause Young (Normal) (G1 Evacuation Pause) 61M->50M(76M) 7.588ms
Dec 24 08:57:23 burnside uvmconsole: [3311158.185s][info][gc] GC(381002) Pause Young (Normal) (G1 Evacuation Pause) 61M->51M(76M) 8.769ms
Dec 24 08:57:28 burnside uvmconsole: [3311163.296s][info][gc] GC(381003) Pause Young (Normal) (G1 Evacuation Pause) 62M->51M(76M) 10.393ms
Dec 24 08:57:33 burnside uvmconsole: [3311168.531s][info][gc] GC(381004) Pause Young (Normal) (G1 Evacuation Pause) 61M->52M(76M) 19.779ms
Dec 24 08:57:43 burnside uvmconsole: [3311178.171s][info][gc] GC(381005) Pause Young (Normal) (G1 Evacuation Pause) 62M->52M(76M) 11.054ms
Dec 24 08:57:48 burnside uvmconsole: [3311182.984s][info][gc] GC(381006) Pause Young (Normal) (G1 Evacuation Pause) 62M->52M(76M) 9.644ms
Dec 24 08:57:52 burnside uvmconsole: [3311187.088s][info][gc] GC(381007) Pause Young (Normal) (G1 Evacuation Pause) 62M->52M(76M) 10.601ms
Dec 24 08:57:53 burnside uvmconsole: [3311188.682s][info][gc] GC(381008) Pause Young (Normal) (G1 Evacuation Pause) 61M->52M(76M) 13.154ms
Dec 24 08:57:56 burnside uvmconsole: [3311191.672s][info][gc] GC(381009) Pause Young (Normal) (G1 Evacuation Pause) 61M->53M(76M) 11.083ms
Dec 24 08:57:59 burnside uvmconsole: [3311194.664s][info][gc] GC(381010) Pause Young (Normal) (G1 Evacuation Pause) 62M->53M(76M) 11.232ms
Dec 24 08:58:05 burnside uvmconsole: [3311199.945s][info][gc] GC(381011) Pause Young (Normal) (G1 Evacuation Pause) 62M->54M(76M) 13.168ms
Dec 24 08:58:13 burnside uvmconsole: [3311207.872s][info][gc] GC(381012) Pause Young (Normal) (G1 Evacuation Pause) 63M->53M(76M) 11.155ms
Dec 24 08:58:22 burnside uvmconsole: [3311217.700s][info][gc] GC(381013) Pause Young (Normal) (G1 Evacuation Pause) 62M->53M(76M) 9.596ms
Dec 24 08:58:26 burnside uvmconsole: [3311220.891s][info][gc] GC(381014) Pause Young (Normal) (G1 Evacuation Pause) 62M->54M(76M) 9.827ms
Dec 24 08:58:28 burnside uvmconsole: [3311222.921s][info][gc] GC(381015) Pause Young (Normal) (G1 Evacuation Pause) 63M->54M(76M) 10.420ms
Dec 24 08:58:33 burnside uvmconsole: [3311228.350s][info][gc] GC(381016) Pause Young (Normal) (G1 Evacuation Pause) 62M->54M(76M) 13.989ms
Dec 24 08:58:35 burnside uvmconsole: [3311230.374s][info][gc] GC(381017) Pause Young (Normal) (G1 Evacuation Pause) 62M->55M(76M) 12.725ms
Dec 24 08:58:41 burnside uvmconsole: [3311236.423s][info][gc] GC(381018) Pause Young (Normal) (G1 Evacuation Pause) 61M->55M(76M) 10.460ms
Dec 24 08:58:49 burnside uvmconsole: [3311243.958s][info][gc] GC(381019) Pause Young (Normal) (G1 Evacuation Pause) 63M->55M(76M) 10.480ms
Dec 24 08:58:53 burnside uvmconsole: [3311248.663s][info][gc] GC(381020) Pause Young (Normal) (G1 Evacuation Pause) 63M->55M(76M) 12.058ms
Dec 24 08:58:58 burnside uvmconsole: [3311253.441s][info][gc] GC(381021) Pause Young (Normal) (G1 Evacuation Pause) 62M->55M(76M) 11.225ms
Dec 24 08:59:01 burnside uvmconsole: [3311256.553s][info][gc] GC(381022) Pause Young (Normal) (G1 Evacuation Pause) 62M->55M(76M) 13.765ms
Dec 24 08:59:06 burnside uvmconsole: [3311261.446s][info][gc] GC(381023) Pause Young (Normal) (G1 Evacuation Pause) 62M->55M(76M) 11.224ms
Dec 24 08:59:08 burnside uvmconsole: [3311263.026s][info][gc] GC(381024) Pause Young (Normal) (G1 Evacuation Pause) 62M->55M(76M) 9.275ms
Dec 24 08:59:11 burnside uvmconsole: 12-24 08:59:11.396389| ERROR:./libnetcap/src/netcap_tcp.c:390:WARNING: TCP: Could not find session for accepted connection :: (192.168.1.148:49797) -> (68.64.26.254:443  )
Dec 24 08:59:12 burnside uvmconsole: [3311266.829s][info][gc] GC(381025) Pause Young (Normal) (G1 Evacuation Pause) 62M->55M(76M) 9.118ms
Dec 24 08:59:18 burnside uvmconsole: [3311273.395s][info][gc] GC(381026) Pause Young (Normal) (G1 Evacuation Pause) 61M->55M(76M) 8.119ms
Dec 24 08:59:24 burnside uvmconsole: [3311279.251s][info][gc] GC(381027) Pause Young (Normal) (G1 Evacuation Pause) 61M->55M(76M) 7.747ms
Dec 24 08:59:25 burnside uvmconsole: [3311280.419s][info][gc] GC(381028) Pause Young (Normal) (G1 Evacuation Pause) 61M->55M(76M) 8.309ms
Dec 24 08:59:26 burnside uvmconsole: [3311281.367s][info][gc] GC(381029) Pause Young (Normal) (G1 Evacuation Pause) 61M->56M(76M) 8.791ms
Dec 24 08:59:27 burnside uvmconsole: [3311281.775s][info][gc] GC(381030) Pause Young (Normal) (G1 Evacuation Pause) 62M->56M(76M) 9.064ms
Dec 24 08:59:27 burnside uvmconsole: [3311282.062s][info][gc] GC(381031) Pause Young (Normal) (G1 Evacuation Pause) 62M->56M(76M) 11.033ms
Dec 24 08:59:28 burnside uvmconsole: [3311283.678s][info][gc] GC(381032) Pause Young (Normal) (G1 Evacuation Pause) 62M->56M(76M) 9.491ms
Dec 24 08:59:30 burnside uvmconsole: [3311285.015s][info][gc] GC(381033) Pause Young (Normal) (G1 Evacuation Pause) 62M->56M(76M) 9.874ms
Dec 24 08:59:32 burnside uvmconsole: [3311287.213s][info][gc] GC(381034) Pause Young (Normal) (G1 Evacuation Pause) 62M->56M(76M) 8.383ms
Dec 24 08:59:34 burnside uvmconsole: [3311289.301s][info][gc] GC(381035) Pause Young (Normal) (G1 Evacuation Pause) 62M->56M(76M) 8.656ms
Dec 24 08:59:40 burnside uvmconsole: [3311294.764s][info][gc] GC(381036) Pause Young (Normal) (G1 Evacuation Pause) 62M->56M(76M) 8.489ms
Dec 24 08:59:49 burnside uvmconsole: [3311303.941s][info][gc] GC(381037) Pause Young (Normal) (G1 Evacuation Pause) 62M->56M(76M) 8.047ms
Dec 24 08:59:55 burnside uvmconsole: [3311310.171s][info][gc] GC(381038) Pause Young (Normal) (G1 Evacuation Pause) 62M->56M(76M) 8.055ms
Dec 24 08:59:59 burnside uvmconsole: [3311313.782s][info][gc] GC(381039) Pause Young (Normal) (G1 Evacuation Pause) 62M->56M(76M) 7.778ms
Dec 24 09:00:00 burnside uvmconsole: [3311315.242s][info][gc] GC(381040) Pause Young (Normal) (G1 Evacuation Pause) 62M->56M(76M) 10.220ms
Dec 24 09:00:00 burnside uvmconsole: [3311315.292s][info][gc] GC(381041) Pause Young (Normal) (G1 Evacuation Pause) 62M->57M(76M) 9.315ms
Dec 24 09:00:02 burnside uvmconsole: [3311317.144s][info][gc] GC(381042) Pause Young (Normal) (G1 Evacuation Pause) 62M->56M(76M) 8.060ms
Dec 24 09:00:03 burnside uvmconsole: [3311317.778s][info][gc] GC(381043) Pause Young (Concurrent Start) (G1 Evacuation Pause) 61M->56M(76M) 9.072ms
Dec 24 09:00:03 burnside uvmconsole: [3311317.779s][info][gc] GC(381044) Concurrent Cycle
Dec 24 09:00:03 burnside uvmconsole: [3311318.198s][info][gc] GC(381044) Pause Remark 58M->58M(76M) 42.770ms
Dec 24 09:00:03 burnside uvmconsole: [3311318.412s][info][gc] GC(381044) Pause Cleanup 58M->58M(76M) 0.510ms
Dec 24 09:00:03 burnside uvmconsole: [3311318.414s][info][gc] GC(381044) Concurrent Cycle 634.739ms
Dec 24 09:00:04 burnside uvmconsole: [3311319.648s][info][gc] GC(381045) Pause Young (Prepare Mixed) (G1 Evacuation Pause) 61M->56M(76M) 9.487ms
Dec 24 09:00:05 burnside uvmconsole: [3311320.640s][info][gc] GC(381046) Pause Young (Mixed) (G1 Evacuation Pause) 58M->54M(76M) 10.137ms
Dec 24 09:00:09 burnside uvmconsole: [3311324.745s][info][gc] GC(381047) Pause Young (Normal) (G1 Evacuation Pause) 61M->54M(76M) 7.781ms
Dec 24 09:00:15 burnside uvmconsole: [3311329.937s][info][gc] GC(381048) Pause Young (Normal) (G1 Evacuation Pause) 62M->54M(76M) 8.348ms
Dec 24 09:00:24 burnside uvmconsole: [3311339.165s][info][gc] GC(381049) Pause Young (Concurrent Start) (G1 Evacuation Pause) 62M->54M(76M) 10.137ms
Dec 24 09:00:24 burnside uvmconsole: [3311339.165s][info][gc] GC(381050) Concurrent Cycle
Dec 24 09:00:24 burnside uvmconsole: [3311339.557s][info][gc] GC(381050) Pause Remark 55M->55M(76M) 41.994ms
Dec 24 09:00:25 burnside uvmconsole: [3311339.771s][info][gc] GC(381050) Pause Cleanup 55M->55M(76M) 0.497ms
Dec 24 09:00:25 burnside uvmconsole: [3311339.773s][info][gc] GC(381050) Concurrent Cycle 607.191ms
Dec 24 09:00:33 burnside uvmconsole: [3311348.643s][info][gc] GC(381051) Pause Young (Normal) (G1 Evacuation Pause) 62M->54M(76M) 10.706ms
Dec 24 09:00:38 burnside uvmconsole: [3311353.317s][info][gc] GC(381052) Pause Young (Normal) (G1 Evacuation Pause) 62M->55M(76M) 9.023ms
Dec 24 09:00:48 burnside uvmconsole: [3311363.742s][info][gc] GC(381053) Pause Young (Normal) (G1 Evacuation Pause) 63M->55M(76M) 9.411ms
Dec 24 09:00:55 burnside uvmconsole: [3311370.163s][info][gc] GC(381054) Pause Young (Normal) (G1 Evacuation Pause) 63M->55M(76M) 9.691ms
Dec 24 09:00:59 burnside uvmconsole: [3311374.499s][info][gc] GC(381055) Pause Young (Normal) (G1 Evacuation Pause) 63M->55M(76M) 9.178ms
Dec 24 09:01:02 burnside uvmconsole: [3311377.264s][info][gc] GC(381056) Pause Young (Normal) (G1 Evacuation Pause) 63M->55M(76M) 11.715ms
Dec 24 09:01:03 burnside uvmconsole: [3311378.124s][info][gc] GC(381057) Pause Young (Normal) (G1 Evacuation Pause) 62M->55M(76M) 12.507ms
Dec 24 09:01:04 burnside uvmconsole: [3311379.610s][info][gc] GC(381058) Pause Young (Normal) (G1 Evacuation Pause) 62M->55M(76M) 9.931ms
Dec 24 09:01:05 burnside uvmconsole: [3311380.408s][info][gc] GC(381059) Pause Young (Normal) (G1 Evacuation Pause) 62M->55M(76M) 10.871ms
Dec 24 09:01:07 burnside uvmconsole: [3311382.115s][info][gc] GC(381060) Pause Young (Normal) (G1 Evacuation Pause) 62M->56M(76M) 10.518ms
Dec 24 09:01:08 burnside uvmconsole: [3311383.557s][info][gc] GC(381061) Pause Young (Normal) (G1 Evacuation Pause) 63M->56M(76M) 10.132ms
Dec 24 09:01:12 burnside uvmconsole: [3311387.381s][info][gc] GC(381062) Pause Young (Normal) (G1 Evacuation Pause) 62M->56M(76M) 9.551ms
Dec 24 09:01:15 burnside uvmconsole: [3311389.913s][info][gc] GC(381063) Pause Young (Normal) (G1 Evacuation Pause) 62M->56M(76M) 9.100ms
Dec 24 09:01:21 burnside uvmconsole: [3311396.317s][info][gc] GC(381064) Pause Young (Normal) (G1 Evacuation Pause) 62M->56M(76M) 12.486ms
Dec 24 09:01:23 burnside uvmconsole: [3311397.996s][info][gc] GC(381065) Pause Young (Normal) (G1 Evacuation Pause) 62M->57M(76M) 11.260ms
Dec 24 09:01:25 burnside uvmconsole: [3311399.854s][info][gc] GC(381066) Pause Young (Normal) (G1 Evacuation Pause) 63M->57M(76M) 9.652ms
Dec 24 09:01:30 burnside uvmconsole: [3311405.099s][info][gc] GC(381067) Pause Young (Normal) (G1 Evacuation Pause) 63M->57M(76M) 9.042ms
Dec 24 09:01:38 burnside uvmconsole: [3311413.437s][info][gc] GC(381068) Pause Young (Normal) (G1 Evacuation Pause) 63M->57M(76M) 8.412ms
Dec 24 09:01:44 burnside uvmconsole: [3311419.587s][info][gc] GC(381069) Pause Young (Normal) (G1 Evacuation Pause) 63M->57M(76M) 16.424ms
Dec 24 09:01:51 burnside uvmconsole: [3311426.030s][info][gc] GC(381070) Pause Full (System.gc()) 60M->51M(76M) 349.688ms
Dec 24 09:02:00 burnside uvmconsole: [3311434.799s][info][gc] GC(381071) Pause Young (Normal) (G1 Evacuation Pause) 59M->51M(76M) 8.729ms
Dec 24 09:02:05 burnside uvmconsole: [3311439.967s][info][gc] GC(381072) Pause Young (Normal) (G1 Evacuation Pause) 59M->52M(76M) 8.952ms
Dec 24 09:02:10 burnside uvmconsole: [3311445.305s][info][gc] GC(381073) Pause Young (Normal) (G1 Evacuation Pause) 61M->51M(76M) 8.417ms
Dec 24 09:02:20 burnside uvmconsole: [3311455.648s][info][gc] GC(381074) Pause Young (Normal) (G1 Evacuation Pause) 60M->52M(76M) 9.315ms
Dec 24 09:02:26 burnside uvmconsole: [3311461.724s][info][gc] GC(381075) Pause Young (Normal) (G1 Evacuation Pause) 61M->52M(76M) 8.446ms
Dec 24 09:02:38 burnside uvmconsole: [3311473.544s][info][gc] GC(381076) Pause Young (Normal) (G1 Evacuation Pause) 62M->52M(76M) 8.872ms
Dec 24 09:02:43 burnside uvmconsole: [3311477.755s][info][gc] GC(381077) Pause Young (Normal) (G1 Evacuation Pause) 62M->52M(76M) 10.345ms
Dec 24 09:02:45 burnside uvmconsole: [3311480.308s][info][gc] GC(381078) Pause Young (Normal) (G1 Evacuation Pause) 61M->53M(76M) 11.832ms
Dec 24 09:02:49 burnside uvmconsole: [3311484.276s][info][gc] GC(381079) Pause Young (Normal) (G1 Evacuation Pause) 62M->53M(76M) 13.594ms
Dec 24 09:02:53 burnside uvmconsole: [3311487.782s][info][gc] GC(381080) Pause Young (Normal) (G1 Evacuation Pause) 62M->53M(76M) 10.469ms
Dec 24 09:02:57 burnside uvmconsole: [3311492.094s][info][gc] GC(381081) Pause Young (Normal) (G1 Evacuation Pause) 63M->53M(76M) 13.449ms
Dec 24 09:03:06 burnside uvmconsole: [3311501.344s][info][gc] GC(381082) Pause Young (Normal) (G1 Evacuation Pause) 62M->53M(76M) 10.907ms
Dec 24 09:03:07 burnside uvmconsole: [3311502.375s][info][gc] GC(381083) Pause Young (Normal) (G1 Evacuation Pause) 62M->53M(76M) 10.715ms
Dec 24 09:03:15 burnside uvmconsole: [3311510.454s][info][gc] GC(381084) Pause Young (Normal) (G1 Evacuation Pause) 61M->53M(76M) 10.942ms
Dec 24 09:03:20 burnside uvmconsole: [3311515.515s][info][gc] GC(381085) Pause Young (Normal) (G1 Evacuation Pause) 62M->53M(76M) 9.388ms
Dec 24 09:03:26 burnside uvmconsole: [3311520.854s][info][gc] GC(381086) Pause Young (Normal) (G1 Evacuation Pause) 62M->53M(76M) 9.361ms
Dec 24 09:03:33 burnside uvmconsole: [3311528.175s][info][gc] GC(381087) Pause Young (Normal) (G1 Evacuation Pause) 61M->53M(76M) 9.144ms
Dec 24 09:03:35 burnside uvmconsole: [3311530.298s][info][gc] GC(381088) Pause Young (Normal) (G1 Evacuation Pause) 61M->53M(76M) 11.518ms
Dec 24 09:03:36 burnside uvmconsole: [3311531.717s][info][gc] GC(381089) Pause Young (Normal) (G1 Evacuation Pause) 61M->54M(76M) 12.958ms
Dec 24 09:03:39 burnside uvmconsole: [3311533.775s][info][gc] GC(381090) Pause Young (Normal) (G1 Evacuation Pause) 62M->55M(76M) 12.364ms
Dec 24 09:03:41 burnside uvmconsole: [3311536.043s][info][gc] GC(381091) Pause Young (Normal) (G1 Evacuation Pause) 63M->54M(76M) 12.177ms
Dec 24 09:03:47 burnside uvmconsole: [3311542.623s][info][gc] GC(381092) Pause Young (Normal) (G1 Evacuation Pause) 62M->54M(76M) 10.024ms
Dec 24 09:03:54 burnside uvmconsole: [3311549.320s][info][gc] GC(381093) Pause Young (Normal) (G1 Evacuation Pause) 62M->55M(76M) 9.529ms
Dec 24 09:03:59 burnside uvmconsole: [3311554.199s][info][gc] GC(381094) Pause Young (Normal) (G1 Evacuation Pause) 62M->55M(76M) 9.456ms
Dec 24 09:04:00 burnside uvmconsole: [3311555.515s][info][gc] GC(381095) Pause Young (Normal) (G1 Evacuation Pause) 62M->55M(76M) 9.908ms
Dec 24 09:04:06 burnside uvmconsole: [3311561.013s][info][gc] GC(381096) Pause Young (Normal) (G1 Evacuation Pause) 62M->55M(76M) 9.012ms
Dec 24 09:04:10 burnside uvmconsole: [3311565.463s][info][gc] GC(381097) Pause Young (Normal) (G1 Evacuation Pause) 62M->55M(76M) 8.835ms
Dec 24 09:04:17 burnside uvmconsole: [3311572.368s][info][gc] GC(381098) Pause Young (Normal) (G1 Evacuation Pause) 62M->55M(76M) 9.156ms
Dec 24 09:04:21 burnside uvmconsole: [3311576.220s][info][gc] GC(381099) Pause Young (Normal) (G1 Evacuation Pause) 62M->55M(76M) 8.287ms
Dec 24 09:04:28 burnside uvmconsole: [3311583.189s][info][gc] GC(381100) Pause Young (Normal) (G1 Evacuation Pause) 62M->55M(76M) 8.282ms
Dec 24 09:04:31 burnside uvmconsole: [3311586.283s][info][gc] GC(381101) Pause Young (Normal) (G1 Evacuation Pause) 62M->55M(76M) 16.959ms
Dec 24 09:04:38 burnside uvmconsole: [3311593.409s][info][gc] GC(381102) Pause Young (Normal) (G1 Evacuation Pause) 62M->55M(76M) 9.730ms
Dec 24 09:04:41 burnside uvmconsole: [3311596.644s][info][gc] GC(381103) Pause Young (Normal) (G1 Evacuation Pause) 62M->55M(76M) 12.008ms
Dec 24 09:04:51 burnside uvmconsole: [3311606.135s][info][gc] GC(381104) Pause Young (Normal) (G1 Evacuation Pause) 62M->55M(76M) 8.041ms
Dec 24 09:04:55 burnside uvmconsole: [3311610.474s][info][gc] GC(381105) Pause Young (Normal) (G1 Evacuation Pause) 62M->56M(76M) 8.554ms
Dec 24 09:05:00 burnside uvmconsole: [3311615.401s][info][gc] GC(381106) Pause Young (Normal) (G1 Evacuation Pause) 63M->56M(76M) 10.594ms
Dec 24 09:05:02 burnside uvmconsole: [3311617.030s][info][gc] GC(381107) Pause Young (Normal) (G1 Evacuation Pause) 62M->56M(76M) 9.016ms
Dec 24 09:05:03 burnside uvmconsole: [3311618.651s][info][gc] GC(381108) Pause Young (Normal) (G1 Evacuation Pause) 62M->56M(76M) 6.982ms
Dec 24 09:05:11 burnside uvmconsole: [3311625.909s][info][gc] GC(381109) Pause Young (Normal) (G1 Evacuation Pause) 62M->56M(76M) 9.021ms
Dec 24 09:05:12 burnside uvmconsole: [3311627.291s][info][gc] GC(381110) Pause Young (Normal) (G1 Evacuation Pause) 62M->56M(76M) 8.277ms
Dec 24 09:05:13 burnside uvmconsole: [3311628.227s][info][gc] GC(381111) Pause Young (Normal) (G1 Evacuation Pause) 62M->56M(76M) 8.279ms
Dec 24 09:05:16 burnside uvmconsole: [3311631.602s][info][gc] GC(381112) Pause Young (Normal) (G1 Evacuation Pause) 62M->56M(76M) 9.868ms
Dec 24 09:05:17 burnside uvmconsole: [3311632.751s][info][gc] GC(381113) Pause Young (Normal) (G1 Evacuation Pause) 62M->57M(76M) 10.329ms
Dec 24 09:05:19 burnside uvmconsole: [3311633.789s][info][gc] GC(381114) Pause Young (Normal) (G1 Evacuation Pause) 63M->57M(76M) 10.287ms
Dec 24 09:05:19 burnside uvmconsole: [3311634.472s][info][gc] GC(381115) Pause Young (Normal) (G1 Evacuation Pause) 62M->57M(76M) 10.608ms
Dec 24 09:05:21 burnside uvmconsole: [3311635.971s][info][gc] GC(381116) Pause Young (Normal) (G1 Evacuation Pause) 62M->57M(76M) 8.327ms
Dec 24 09:05:23 burnside uvmconsole: [3311638.303s][info][gc] GC(381117) Pause Young (Normal) (G1 Evacuation Pause) 62M->58M(76M) 10.300ms
Dec 24 09:05:26 burnside uvmconsole: [3311641.070s][info][gc] GC(381118) Pause Young (Normal) (G1 Evacuation Pause) 63M->58M(76M) 10.385ms
Dec 24 09:05:27 burnside uvmconsole: [3311641.796s][info][gc] GC(381119) Pause Young (Normal) (G1 Evacuation Pause) 62M->58M(76M) 9.694ms
Dec 24 09:05:28 burnside uvmconsole: [3311643.184s][info][gc] GC(381120) Pause Young (Normal) (G1 Evacuation Pause) 62M->58M(76M) 9.123ms
Dec 24 09:05:28 burnside uvmconsole: [3311643.561s][info][gc] GC(381121) Pause Young (Normal) (G1 Evacuation Pause) 62M->58M(76M) 8.496ms
Dec 24 09:05:29 burnside uvmconsole: [3311643.903s][info][gc] GC(381122) Pause Young (Normal) (G1 Evacuation Pause) 62M->58M(76M) 8.179ms
Dec 24 09:05:32 burnside uvmconsole: [3311647.066s][info][gc] GC(381123) Pause Young (Normal) (G1 Evacuation Pause) 62M->58M(76M) 8.666ms
Dec 24 09:05:34 burnside uvmconsole: [3311648.928s][info][gc] GC(381124) Pause Young (Normal) (G1 Evacuation Pause) 62M->58M(76M) 9.373ms
Dec 24 09:05:34 burnside uvmconsole: [3311649.297s][info][gc] GC(381125) Pause Young (Normal) (G1 Evacuation Pause) 62M->58M(76M) 14.016ms
Dec 24 09:05:35 burnside uvmconsole: [3311650.155s][info][gc] GC(381126) Pause Young (Normal) (G1 Evacuation Pause) 62M->58M(76M) 9.464ms
Dec 24 09:05:36 burnside uvmconsole: [3311650.865s][info][gc] GC(381127) Pause Young (Normal) (G1 Evacuation Pause) 62M->58M(76M) 9.533ms
Dec 24 09:05:37 burnside uvmconsole: [3311651.927s][info][gc] GC(381128) Pause Young (Normal) (G1 Evacuation Pause) 62M->59M(76M) 9.785ms
Dec 24 09:05:38 burnside uvmconsole: [3311653.119s][info][gc] GC(381129) Pause Young (Normal) (G1 Evacuation Pause) 63M->59M(76M) 9.535ms
Dec 24 09:05:40 burnside uvmconsole: [3311655.526s][info][gc] GC(381130) Pause Young (Normal) (G1 Evacuation Pause) 62M->59M(76M) 9.212ms
Dec 24 09:05:42 burnside uvmconsole: [3311657.262s][info][gc] GC(381131) Pause Young (Normal) (G1 Evacuation Pause) 62M->59M(76M) 9.748ms
Dec 24 09:05:44 burnside uvmconsole: [3311659.310s][info][gc] GC(381132) Pause Young (Normal) (G1 Evacuation Pause) 62M->59M(76M) 8.374ms
Dec 24 09:05:44 burnside uvmconsole: [3311659.595s][info][gc] GC(381133) Pause Young (Normal) (G1 Evacuation Pause) 62M->59M(76M) 10.073ms
Dec 24 09:05:46 burnside uvmconsole: [3311661.612s][info][gc] GC(381134) Pause Young (Normal) (G1 Evacuation Pause) 62M->59M(76M) 9.729ms
Dec 24 09:05:49 burnside uvmconsole: [3311663.892s][info][gc] GC(381135) Pause Young (Normal) (G1 Evacuation Pause) 62M->59M(76M) 7.251ms
Dec 24 09:05:51 burnside uvmconsole: [3311666.019s][info][gc] GC(381136) Pause Young (Normal) (G1 Evacuation Pause) 62M->59M(76M) 7.331ms
Dec 24 09:05:53 burnside uvmconsole: [3311668.522s][info][gc] GC(381137) Pause Young (Normal) (G1 Evacuation Pause) 62M->59M(76M) 7.750ms
Dec 24 09:05:56 burnside uvmconsole: [3311671.468s][info][gc] GC(381138) Pause Young (Normal) (G1 Evacuation Pause) 62M->59M(76M) 7.092ms
Dec 24 09:05:57 burnside uvmconsole: [3311672.452s][info][gc] GC(381139) Pause Young (Normal) (G1 Evacuation Pause) 62M->59M(76M) 7.771ms
Dec 24 09:05:59 burnside uvmconsole: [3311674.196s][info][gc] GC(381140) Pause Young (Normal) (G1 Evacuation Pause) 62M->59M(76M) 7.030ms
Dec 24 09:06:00 burnside uvmconsole: [3311675.560s][info][gc] GC(381141) Pause Young (Normal) (G1 Evacuation Pause) 63M->59M(76M) 10.194ms
Dec 24 09:06:01 burnside uvmconsole: [3311676.530s][info][gc] GC(381142) Pause Young (Normal) (G1 Evacuation Pause) 62M->59M(76M) 8.524ms
Dec 24 09:06:02 burnside uvmconsole: [3311677.019s][info][gc] GC(381143) Pause Young (Normal) (G1 Evacuation Pause) 62M->59M(76M) 9.276ms
Dec 24 09:06:04 burnside uvmconsole: [3311679.516s][info][gc] GC(381144) Pause Young (Normal) (G1 Evacuation Pause) 62M->60M(76M) 9.413ms
Dec 24 09:06:05 burnside uvmconsole: [3311680.237s][info][gc] GC(381145) Pause Young (Normal) (G1 Evacuation Pause) 63M->60M(76M) 9.132ms
Dec 24 09:06:05 burnside uvmconsole: [3311680.264s][info][gc] GC(381146) Pause Young (Normal) (G1 Evacuation Pause) 62M->60M(76M) 8.297ms
Dec 24 09:06:05 burnside uvmconsole: [3311680.290s][info][gc] GC(381147) Pause Young (Normal) (G1 Evacuation Pause) 62M->60M(76M) 8.590ms
Dec 24 09:06:05 burnside uvmconsole: [3311680.461s][info][gc] GC(381148) Pause Young (Normal) (G1 Evacuation Pause) 62M->60M(76M) 10.934ms
Dec 24 09:06:06 burnside uvmconsole: [3311681.532s][info][gc] GC(381149) Pause Young (Normal) (G1 Evacuation Pause) 62M->60M(76M) 7.761ms
Dec 24 09:06:08 burnside uvmconsole: [3311683.395s][info][gc] GC(381150) Pause Young (Normal) (G1 Evacuation Pause) 62M->60M(76M) 6.938ms
Dec 24 09:06:10 burnside uvmconsole: [3311685.028s][info][gc] GC(381151) Pause Young (Normal) (G1 Evacuation Pause) 62M->60M(76M) 7.561ms
Dec 24 09:06:11 burnside uvmconsole: [3311686.450s][info][gc] GC(381152) Pause Young (Normal) (G1 Evacuation Pause) 62M->60M(76M) 7.499ms
Dec 24 09:06:12 burnside uvmconsole: [3311686.799s][info][gc] GC(381153) Pause Young (Normal) (G1 Evacuation Pause) 62M->60M(76M) 7.711ms
Dec 24 09:06:14 burnside uvmconsole: [3311688.787s][info][gc] GC(381154) Pause Young (Normal) (G1 Evacuation Pause) 62M->60M(76M) 7.242ms
Dec 24 09:06:16 burnside uvmconsole: [3311691.242s][info][gc] GC(381155) Pause Young (Normal) (G1 Evacuation Pause) 63M->60M(76M) 8.030ms
Dec 24 09:06:18 burnside uvmconsole: [3311693.292s][info][gc] GC(381156) Pause Young (Normal) (G1 Evacuation Pause) 63M->60M(76M) 7.864ms
Dec 24 09:06:20 burnside uvmconsole: [3311695.533s][info][gc] GC(381157) Pause Young (Normal) (G1 Evacuation Pause) 63M->60M(76M) 7.947ms
Dec 24 09:06:23 burnside uvmconsole: [3311697.837s][info][gc] GC(381158) Pause Young (Normal) (G1 Evacuation Pause) 63M->60M(76M) 8.450ms
Dec 24 09:06:25 burnside uvmconsole: [3311700.298s][info][gc] GC(381159) Pause Young (Normal) (G1 Evacuation Pause) 63M->60M(76M) 8.280ms
Dec 24 09:06:27 burnside uvmconsole: [3311701.780s][info][gc] GC(381160) Pause Young (Normal) (G1 Evacuation Pause) 63M->60M(76M) 14.949ms
Dec 24 09:06:29 burnside uvmconsole: [3311704.387s][info][gc] GC(381161) Pause Young (Normal) (G1 Evacuation Pause) 63M->60M(76M) 10.945ms
Dec 24 09:06:32 burnside uvmconsole: [3311706.990s][info][gc] GC(381162) Pause Young (Normal) (G1 Evacuation Pause) 63M->60M(76M) 8.486ms
Dec 24 09:06:33 burnside uvmconsole: [3311708.641s][info][gc] GC(381163) Pause Young (Normal) (G1 Evacuation Pause) 63M->60M(76M) 7.904ms
Dec 24 09:06:36 burnside uvmconsole: [3311710.981s][info][gc] GC(381164) Pause Young (Normal) (G1 Evacuation Pause) 63M->60M(76M) 8.432ms
Dec 24 09:06:38 burnside uvmconsole: [3311712.793s][info][gc] GC(381165) Pause Young (Normal) (G1 Evacuation Pause) 63M->60M(76M) 7.716ms
Dec 24 09:06:39 burnside uvmconsole: [3311714.580s][info][gc] GC(381166) Pause Young (Normal) (G1 Evacuation Pause) 63M->60M(76M) 8.005ms
Dec 24 09:06:41 burnside uvmconsole: [3311716.112s][info][gc] GC(381167) Pause Young (Normal) (G1 Evacuation Pause) 63M->60M(76M) 7.810ms
Dec 24 09:06:43 burnside uvmconsole: [3311718.353s][info][gc] GC(381168) Pause Young (Normal) (G1 Evacuation Pause) 63M->60M(76M) 8.478ms
Dec 24 09:06:45 burnside uvmconsole: [3311720.031s][info][gc] GC(381169) Pause Young (Normal) (G1 Evacuation Pause) 62M->60M(76M) 7.987ms
Dec 24 09:06:45 burnside uvmconsole: [3311720.692s][info][gc] GC(381170) Pause Young (Normal) (G1 Evacuation Pause) 62M->60M(76M) 8.750ms
Dec 24 09:06:47 burnside uvmconsole: [3311721.962s][info][gc] GC(381171) Pause Young (Normal) (G1 Evacuation Pause) 62M->60M(76M) 8.643ms
Dec 24 09:06:47 burnside uvmconsole: [3311722.591s][info][gc] GC(381172) Pause Young (Normal) (G1 Evacuation Pause) 62M->60M(76M) 8.367ms
Dec 24 09:06:49 burnside uvmconsole: [3311724.564s][info][gc] GC(381173) Pause Young (Normal) (G1 Evacuation Pause) 62M->60M(76M) 8.517ms
Dec 24 09:06:51 burnside uvmconsole: [3311726.059s][info][gc] GC(381174) Pause Full (System.gc()) 61M->51M(76M) 379.300ms
Dec 24 09:06:57 burnside uvmconsole: [3311732.167s][info][gc] GC(381175) Pause Young (Normal) (G1 Evacuation Pause) 58M->51M(76M) 7.227ms
Dec 24 09:07:00 burnside uvmconsole: [3311735.182s][info][gc] GC(381176) Pause Young (Normal) (G1 Evacuation Pause) 58M->52M(76M) 8.564ms
Dec 24 09:07:06 burnside uvmconsole: [3311741.646s][info][gc] GC(381177) Pause Young (Normal) (G1 Evacuation Pause) 59M->52M(76M) 8.356ms
Dec 24 09:07:08 burnside uvmconsole: [3311742.820s][info][gc] GC(381178) Pause Young (Normal) (G1 Evacuation Pause) 60M->52M(76M) 12.466ms
Dec 24 09:07:16 burnside uvmconsole: [3311751.428s][info][gc] GC(381179) Pause Young (Normal) (G1 Evacuation Pause) 60M->52M(76M) 8.278ms
Dec 24 09:07:23 burnside uvmconsole: [3311758.690s][info][gc] GC(381180) Pause Young (Normal) (G1 Evacuation Pause) 60M->52M(76M) 8.439ms
Dec 24 09:07:31 burnside uvmconsole: [3311766.534s][info][gc] GC(381181) Pause Young (Normal) (G1 Evacuation Pause) 60M->52M(76M) 8.929ms
Dec 24 09:07:38 burnside uvmconsole: [3311773.584s][info][gc] GC(381182) Pause Young (Normal) (G1 Evacuation Pause) 60M->52M(76M) 9.006ms
Dec 24 09:07:47 burnside uvmconsole: [3311781.813s][info][gc] GC(381183) Pause Young (Normal) (G1 Evacuation Pause) 60M->52M(76M) 9.313ms
Dec 24 09:07:56 burnside uvmconsole: [3311790.865s][info][gc] GC(381184) Pause Young (Normal) (G1 Evacuation Pause) 60M->52M(76M) 9.519ms
Dec 24 09:07:59 burnside uvmconsole: [3311794.198s][info][gc] GC(381185) Pause Young (Normal) (G1 Evacuation Pause) 60M->52M(76M) 9.868ms
Dec 24 09:08:06 burnside uvmconsole: [3311801.522s][info][gc] GC(381186) Pause Young (Normal) (G1 Evacuation Pause) 60M->52M(76M) 10.561ms
Dec 24 09:08:09 burnside uvmconsole: [3311804.256s][info][gc] GC(381187) Pause Young (Normal) (G1 Evacuation Pause) 60M->52M(76M) 10.147ms
Dec 24 09:08:10 burnside uvmconsole: [3311805.097s][info][gc] GC(381188) Pause Young (Normal) (G1 Evacuation Pause) 60M->52M(76M) 12.568ms
Dec 24 09:08:16 burnside uvmconsole: [3311811.586s][info][gc] GC(381189) Pause Young (Normal) (G1 Evacuation Pause) 60M->52M(76M) 10.183ms
Dec 24 09:08:19 burnside uvmconsole: [3311814.207s][info][gc] GC(381190) Pause Young (Normal) (G1 Evacuation Pause) 60M->52M(76M) 13.514ms
Dec 24 09:08:20 burnside uvmconsole: [3311815.361s][info][gc] GC(381191) Pause Young (Normal) (G1 Evacuation Pause) 59M->53M(76M) 10.634ms
Dec 24 09:08:24 burnside uvmconsole: [3311818.826s][info][gc] GC(381192) Pause Young (Normal) (G1 Evacuation Pause) 60M->53M(76M) 9.591ms
Dec 24 09:08:26 burnside uvmconsole: [3311821.482s][info][gc] GC(381193) Pause Young (Normal) (G1 Evacuation Pause) 61M->53M(76M) 10.285ms
Dec 24 09:08:29 burnside uvmconsole: [3311824.577s][info][gc] GC(381194) Pause Young (Normal) (G1 Evacuation Pause) 61M->53M(76M) 10.974ms
Dec 24 09:08:32 burnside uvmconsole: [3311826.784s][info][gc] GC(381195) Pause Young (Normal) (G1 Evacuation Pause) 61M->53M(76M) 9.199ms
Dec 24 09:08:33 burnside uvmconsole: [3311828.644s][info][gc] GC(381196) Pause Young (Normal) (G1 Evacuation Pause) 61M->53M(76M) 9.204ms
Dec 24 09:08:36 burnside uvmconsole: [3311830.862s][info][gc] GC(381197) Pause Young (Normal) (G1 Evacuation Pause) 61M->53M(76M) 10.404ms
Dec 24 09:08:38 burnside uvmconsole: [3311833.540s][info][gc] GC(381198) Pause Young (Normal) (G1 Evacuation Pause) 60M->53M(76M) 10.652ms
Dec 24 09:08:39 burnside uvmconsole: [3311834.369s][info][gc] GC(381199) Pause Young (Normal) (G1 Evacuation Pause) 61M->53M(76M) 11.998ms
Dec 24 09:08:41 burnside uvmconsole: [3311835.907s][info][gc] GC(381200) Pause Young (Normal) (G1 Evacuation Pause) 61M->54M(76M) 12.551ms
Dec 24 09:08:41 burnside uvmconsole: [3311836.336s][info][gc] GC(381201) Pause Young (Normal) (G1 Evacuation Pause) 61M->54M(76M) 16.243ms
Dec 24 09:08:42 burnside uvmconsole: [3311837.145s][info][gc] GC(381202) Pause Young (Normal) (G1 Evacuation Pause) 61M->54M(76M) 11.267ms
Dec 24 09:08:43 burnside uvmconsole: [3311838.479s][info][gc] GC(381203) Pause Young (Normal) (G1 Evacuation Pause) 61M->54M(76M) 10.759ms
Dec 24 09:08:44 burnside uvmconsole: [3311839.597s][info][gc] GC(381204) Pause Young (Normal) (G1 Evacuation Pause) 61M->55M(76M) 11.519ms
Dec 24 09:08:48 burnside uvmconsole: [3311843.160s][info][gc] GC(381205) Pause Young (Normal) (G1 Evacuation Pause) 61M->55M(76M) 9.912ms
Dec 24 09:08:52 burnside uvmconsole: [3311847.144s][info][gc] GC(381206) Pause Young (Normal) (G1 Evacuation Pause) 61M->55M(76M) 10.540ms
Dec 24 09:08:53 burnside uvmconsole: [3311847.802s][info][gc] GC(381207) Pause Young (Normal) (G1 Evacuation Pause) 61M->55M(76M) 23.730ms
Dec 24 09:08:58 burnside uvmconsole: [3311853.745s][info][gc] GC(381208) Pause Young (Normal) (G1 Evacuation Pause) 61M->55M(76M) 9.149ms
Dec 24 09:09:00 burnside uvmconsole: [3311855.429s][info][gc] GC(381209) Pause Young (Normal) (G1 Evacuation Pause) 61M->56M(76M) 11.216ms
Dec 24 09:09:03 burnside uvmconsole: [3311858.101s][info][gc] GC(381210) Pause Young (Normal) (G1 Evacuation Pause) 62M->56M(76M) 10.417ms
Dec 24 09:09:03 burnside uvmconsole: [3311858.151s][info][gc] GC(381211) Pause Young (Normal) (G1 Evacuation Pause) 61M->56M(76M) 9.393ms
Dec 24 09:09:03 burnside uvmconsole: [3311858.657s][info][gc] GC(381212) Pause Young (Normal) (G1 Evacuation Pause) 61M->56M(76M) 11.215ms
Dec 24 09:09:07 burnside uvmconsole: [3311862.589s][info][gc] GC(381213) Pause Young (Concurrent Start) (G1 Evacuation Pause) 61M->56M(76M) 10.008ms
Dec 24 09:09:07 burnside uvmconsole: [3311862.589s][info][gc] GC(381214) Concurrent Cycle
Dec 24 09:09:08 burnside uvmconsole: [3311863.042s][info][gc] GC(381214) Pause Remark 57M->57M(76M) 42.563ms
Dec 24 09:09:08 burnside uvmconsole: [3311863.264s][info][gc] GC(381214) Pause Cleanup 58M->58M(76M) 0.498ms
Dec 24 09:09:08 burnside uvmconsole: [3311863.265s][info][gc] GC(381214) Concurrent Cycle 676.396ms
Dec 24 09:09:10 burnside uvmconsole: [3311864.935s][info][gc] GC(381215) Pause Young (Prepare Mixed) (G1 Evacuation Pause) 61M->56M(76M) 9.363ms
Dec 24 09:09:12 burnside uvmconsole: [3311867.323s][info][gc] GC(381216) Pause Young (Mixed) (G1 Evacuation Pause) 58M->55M(76M) 9.087ms
Dec 24 09:09:16 burnside uvmconsole: [3311871.227s][info][gc] GC(381217) Pause Young (Normal) (G1 Evacuation Pause) 61M->55M(76M) 7.897ms
Dec 24 09:09:24 burnside uvmconsole: [3311879.623s][info][gc] GC(381218) Pause Young (Normal) (G1 Evacuation Pause) 61M->55M(76M) 8.556ms
Dec 24 09:09:27 burnside uvmconsole: [3311881.991s][info][gc] GC(381219) Pause Young (Concurrent Start) (G1 Evacuation Pause) 62M->56M(76M) 17.810ms
Dec 24 09:09:27 burnside uvmconsole: [3311881.992s][info][gc] GC(381220) Concurrent Cycle
Dec 24 09:09:27 burnside uvmconsole: [3311882.442s][info][gc] GC(381220) Pause Remark 58M->58M(76M) 43.573ms
Dec 24 09:09:27 burnside uvmconsole: [3311882.688s][info][gc] GC(381220) Pause Cleanup 58M->58M(76M) 0.477ms
Dec 24 09:09:27 burnside uvmconsole: [3311882.690s][info][gc] GC(381220) Concurrent Cycle 697.321ms
Dec 24 09:09:32 burnside uvmconsole: [3311887.060s][info][gc] GC(381221) Pause Young (Normal) (G1 Evacuation Pause) 63M->56M(76M) 11.529ms
Dec 24 09:09:34 burnside uvmconsole: [3311889.620s][info][gc] GC(381222) Pause Young (Concurrent Start) (G1 Evacuation Pause) 63M->56M(76M) 11.742ms
Dec 24 09:09:34 burnside uvmconsole: [3311889.620s][info][gc] GC(381223) Concurrent Cycle
Dec 24 09:09:35 burnside uvmconsole: [3311890.070s][info][gc] GC(381223) Pause Remark 59M->59M(76M) 52.545ms
Dec 24 09:09:35 burnside uvmconsole: [3311890.337s][info][gc] GC(381223) Pause Cleanup 61M->61M(76M) 0.718ms
Dec 24 09:09:35 burnside uvmconsole: [3311890.341s][info][gc] GC(381223) Concurrent Cycle 720.392ms
Dec 24 09:09:35 burnside uvmconsole: [3311890.662s][info][gc] GC(381224) Pause Young (Normal) (G1 Evacuation Pause) 63M->56M(76M) 11.087ms
Dec 24 09:09:38 burnside uvmconsole: [3311893.053s][info][gc] GC(381225) Pause Young (Concurrent Start) (G1 Evacuation Pause) 63M->56M(76M) 11.260ms
Dec 24 09:09:38 burnside uvmconsole: [3311893.054s][info][gc] GC(381226) Concurrent Cycle
Dec 24 09:09:38 burnside uvmconsole: [3311893.473s][info][gc] GC(381226) Pause Remark 57M->57M(76M) 46.112ms
Dec 24 09:09:38 burnside uvmconsole: [3311893.697s][info][gc] GC(381226) Pause Cleanup 57M->57M(76M) 0.513ms
Dec 24 09:09:38 burnside uvmconsole: [3311893.698s][info][gc] GC(381226) Concurrent Cycle 644.803ms
Dec 24 09:09:39 burnside uvmconsole: [3311894.436s][info][gc] GC(381227) Pause Young (Prepare Mixed) (G1 Evacuation Pause) 62M->57M(76M) 14.589ms
Dec 24 09:09:39 burnside uvmconsole: [3311894.512s][info][gc] GC(381228) Pause Young (Mixed) (G1 Evacuation Pause) 59M->56M(76M) 13.939ms
Dec 24 09:09:40 burnside uvmconsole: [3311894.781s][info][gc] GC(381229) Pause Young (Normal) (G1 Evacuation Pause) 62M->56M(76M) 10.990ms
Dec 24 09:09:40 burnside uvmconsole: [3311895.704s][info][gc] GC(381230) Pause Young (Normal) (G1 Evacuation Pause) 62M->57M(76M) 10.172ms
Dec 24 09:09:41 burnside uvmconsole: [3311896.606s][info][gc] GC(381231) Pause Young (Normal) (G1 Evacuation Pause) 63M->57M(76M) 11.345ms
Dec 24 09:09:42 burnside uvmconsole: [3311897.736s][info][gc] GC(381232) Pause Young (Normal) (G1 Evacuation Pause) 63M->57M(76M) 13.215ms
Dec 24 09:09:43 burnside uvmconsole: [3311898.109s][info][gc] GC(381233) Pause Young (Normal) (G1 Evacuation Pause) 62M->57M(76M) 10.469ms
Dec 24 09:09:43 burnside uvmconsole: [3311898.657s][info][gc] GC(381234) Pause Young (Normal) (G1 Evacuation Pause) 62M->58M(76M) 9.525ms
Dec 24 09:09:44 burnside uvmconsole: [3311899.582s][info][gc] GC(381235) Pause Young (Normal) (G1 Evacuation Pause) 63M->58M(76M) 9.948ms
Dec 24 09:09:45 burnside uvmconsole: [3311900.456s][info][gc] GC(381236) Pause Young (Normal) (G1 Evacuation Pause) 63M->58M(76M) 16.245ms
Dec 24 09:09:45 burnside uvmconsole: [3311900.532s][info][gc] GC(381237) Pause Young (Normal) (G1 Evacuation Pause) 63M->59M(76M) 12.523ms
Dec 24 09:09:46 burnside uvmconsole: [3311900.919s][info][gc] GC(381238) Pause Young (Normal) (G1 Evacuation Pause) 63M->59M(76M) 25.532ms
Dec 24 09:09:46 burnside uvmconsole: [3311901.359s][info][gc] GC(381239) Pause Young (Concurrent Start) (G1 Evacuation Pause) 62M->59M(76M) 24.579ms
Dec 24 09:09:46 burnside uvmconsole: [3311901.360s][info][gc] GC(381240) Concurrent Cycle
Dec 24 09:09:47 burnside uvmconsole: [3311901.868s][info][gc] GC(381241) Pause Young (Normal) (G1 Evacuation Pause) 63M->59M(93M) 20.062ms
Dec 24 09:09:47 burnside uvmconsole: [3311902.008s][info][gc] GC(381240) Pause Remark 60M->60M(93M) 53.730ms
Dec 24 09:09:47 burnside uvmconsole: [3311902.268s][info][gc] GC(381240) Pause Cleanup 61M->61M(93M) 0.619ms
Dec 24 09:09:47 burnside uvmconsole: [3311902.271s][info][gc] GC(381240) Concurrent Cycle 910.760ms
Dec 24 09:09:48 burnside uvmconsole: [3311903.225s][info][gc] GC(381242) Pause Young (Normal) (G1 Evacuation Pause) 71M->59M(93M) 16.431ms
Dec 24 09:09:51 burnside uvmconsole: [3311906.670s][info][gc] GC(381243) Pause Young (Normal) (G1 Evacuation Pause) 72M->60M(93M) 11.740ms
Dec 24 09:09:56 burnside uvmconsole: [3311910.825s][info][gc] GC(381244) Pause Young (Normal) (G1 Evacuation Pause) 73M->60M(93M) 13.005ms
Dec 24 09:09:59 burnside uvmconsole: [3311914.199s][info][gc] GC(381245) Pause Young (Normal) (G1 Evacuation Pause) 74M->60M(93M) 12.318ms
Dec 24 09:10:03 burnside uvmconsole: [3311918.134s][info][gc] GC(381246) Pause Young (Normal) (G1 Evacuation Pause) 74M->60M(93M) 17.345ms
Dec 24 09:10:08 burnside uvmconsole: [3311923.188s][info][gc] GC(381247) Pause Young (Normal) (G1 Evacuation Pause) 74M->61M(93M) 15.676ms
Dec 24 09:10:09 burnside uvmconsole: [3311924.656s][info][gc] GC(381248) Pause Young (Normal) (G1 Evacuation Pause) 75M->61M(93M) 17.012ms
Dec 24 09:10:20 burnside uvmconsole: [3311935.338s][info][gc] GC(381249) Pause Young (Normal) (G1 Evacuation Pause) 76M->60M(93M) 8.555ms
Dec 24 09:10:28 burnside uvmconsole: [3311943.243s][info][gc] GC(381250) Pause Young (Normal) (G1 Evacuation Pause) 75M->60M(93M) 8.744ms
Dec 24 09:10:36 burnside uvmconsole: [3311951.631s][info][gc] GC(381251) Pause Young (Normal) (G1 Evacuation Pause) 76M->60M(93M) 11.458ms
Dec 24 09:10:48 burnside uvmconsole: [3311963.167s][info][gc] GC(381252) Pause Young (Normal) (G1 Evacuation Pause) 76M->61M(93M) 10.011ms
Dec 24 09:10:56 burnside uvmconsole: [3311971.539s][info][gc] GC(381253) Pause Young (Normal) (G1 Evacuation Pause) 77M->61M(93M) 11.892ms
Dec 24 09:11:01 burnside uvmconsole: [3311975.977s][info][gc] GC(381254) Pause Young (Normal) (G1 Evacuation Pause) 76M->62M(93M) 14.677ms
Dec 24 09:11:05 burnside uvmconsole: [3311979.917s][info][gc] GC(381255) Pause Young (Normal) (G1 Evacuation Pause) 77M->62M(93M) 12.987ms
Dec 24 09:11:25 burnside uvmconsole: [3312000.109s][info][gc] GC(381256) Pause Young (Concurrent Start) (G1 Evacuation Pause) 78M->62M(93M) 12.013ms
Dec 24 09:11:25 burnside uvmconsole: [3312000.109s][info][gc] GC(381257) Concurrent Cycle
Dec 24 09:11:25 burnside uvmconsole: [3312000.528s][info][gc] GC(381257) Pause Remark 63M->63M(93M) 43.612ms
Dec 24 09:11:25 burnside uvmconsole: [3312000.743s][info][gc] GC(381257) Pause Cleanup 63M->63M(93M) 0.518ms
Dec 24 09:11:25 burnside uvmconsole: [3312000.746s][info][gc] GC(381257) Concurrent Cycle 636.286ms
Dec 24 09:11:37 burnside uvmconsole: [3312012.135s][info][gc] GC(381258) Pause Young (Prepare Mixed) (G1 Evacuation Pause) 78M->62M(93M) 14.291ms
Dec 24 09:11:38 burnside uvmconsole: [3312013.481s][info][gc] GC(381259) Pause Young (Mixed) (G1 Evacuation Pause) 64M->57M(93M) 14.647ms
Dec 24 09:11:51 burnside uvmconsole: [3312026.045s][info][gc] GC(381260) Pause Full (System.gc()) 67M->51M(78M) 364.275ms
Dec 24 09:11:59 burnside uvmconsole: [3312034.190s][info][gc] GC(381261) Pause Young (Normal) (G1 Evacuation Pause) 65M->52M(78M) 9.229ms
Dec 24 09:12:03 burnside uvmconsole: [3312038.662s][info][gc] GC(381262) Pause Young (Normal) (G1 Evacuation Pause) 65M->52M(78M) 12.144ms
Dec 24 09:12:05 burnside uvmconsole: [3312039.796s][info][gc] GC(381263) Pause Young (Concurrent Start) (G1 Evacuation Pause) 64M->52M(78M) 12.200ms
Dec 24 09:12:05 burnside uvmconsole: [3312039.797s][info][gc] GC(381264) Concurrent Cycle
Dec 24 09:12:05 burnside uvmconsole: [3312040.193s][info][gc] GC(381264) Pause Remark 52M->52M(78M) 42.440ms
Dec 24 09:12:05 burnside uvmconsole: [3312040.404s][info][gc] GC(381264) Pause Cleanup 53M->53M(78M) 0.494ms
Dec 24 09:12:05 burnside uvmconsole: [3312040.406s][info][gc] GC(381264) Concurrent Cycle 609.583ms
Dec 24 09:12:18 burnside uvmconsole: [3312053.525s][info][gc] GC(381265) Pause Young (Normal) (G1 Evacuation Pause) 64M->52M(78M) 12.327ms
Dec 24 09:12:29 burnside uvmconsole: [3312064.167s][info][gc] GC(381266) Pause Young (Concurrent Start) (G1 Evacuation Pause) 64M->53M(78M) 13.740ms
Dec 24 09:12:29 burnside uvmconsole: [3312064.168s][info][gc] GC(381267) Concurrent Cycle
Dec 24 09:12:29 burnside uvmconsole: [3312064.576s][info][gc] GC(381267) Pause Remark 54M->54M(78M) 42.592ms
Dec 24 09:12:30 burnside uvmconsole: [3312064.791s][info][gc] GC(381267) Pause Cleanup 54M->54M(78M) 0.539ms
Dec 24 09:12:30 burnside uvmconsole: [3312064.793s][info][gc] GC(381267) Concurrent Cycle 624.630ms
Dec 24 09:12:35 burnside uvmconsole: [3312070.136s][info][gc] GC(381268) Pause Young (Normal) (G1 Evacuation Pause) 64M->53M(78M) 13.950ms
Dec 24 09:12:45 burnside uvmconsole: [3312080.243s][info][gc] GC(381269) Pause Young (Normal) (G1 Evacuation Pause) 63M->53M(78M) 11.590ms
Dec 24 09:12:54 burnside uvmconsole: [3312089.072s][info][gc] GC(381270) Pause Young (Normal) (G1 Evacuation Pause) 64M->53M(78M) 10.603ms
Dec 24 09:12:59 burnside uvmconsole: [3312094.551s][info][gc] GC(381271) Pause Young (Normal) (G1 Evacuation Pause) 63M->53M(78M) 10.799ms
Dec 24 09:13:06 burnside uvmconsole: [3312101.128s][info][gc] GC(381272) Pause Young (Normal) (G1 Evacuation Pause) 63M->54M(78M) 11.982ms
Dec 24 09:13:12 burnside uvmconsole: [3312107.571s][info][gc] GC(381273) Pause Young (Normal) (G1 Evacuation Pause) 64M->54M(78M) 10.789ms
Dec 24 09:13:22 burnside uvmconsole: [3312117.207s][info][gc] GC(381274) Pause Young (Normal) (G1 Evacuation Pause) 65M->54M(78M) 10.910ms
Dec 24 09:13:30 burnside uvmconsole: [3312125.051s][info][gc] GC(381275) Pause Young (Normal) (G1 Evacuation Pause) 65M->54M(78M) 9.443ms
Dec 24 09:13:37 burnside uvmconsole: [3312132.503s][info][gc] GC(381276) Pause Young (Normal) (G1 Evacuation Pause) 65M->54M(78M) 10.142ms
Dec 24 09:13:45 burnside uvmconsole: [3312140.057s][info][gc] GC(381277) Pause Young (Normal) (G1 Evacuation Pause) 64M->54M(78M) 10.358ms
Dec 24 09:13:51 burnside uvmconsole: [3312146.580s][info][gc] GC(381278) Pause Young (Normal) (G1 Evacuation Pause) 64M->54M(78M) 9.825ms
Dec 24 09:14:00 burnside uvmconsole: [3312154.823s][info][gc] GC(381279) Pause Young (Normal) (G1 Evacuation Pause) 64M->54M(78M) 10.814ms
Dec 24 09:14:06 burnside uvmconsole: [3312160.871s][info][gc] GC(381280) Pause Young (Normal) (G1 Evacuation Pause) 63M->54M(78M) 10.138ms
Dec 24 09:14:10 burnside uvmconsole: [3312165.035s][info][gc] GC(381281) Pause Young (Normal) (G1 Evacuation Pause) 64M->54M(78M) 10.515ms
Dec 24 09:14:17 burnside uvmconsole: [3312172.425s][info][gc] GC(381282) Pause Young (Normal) (G1 Evacuation Pause) 64M->54M(78M) 12.614ms
Dec 24 09:14:27 burnside uvmconsole: [3312181.856s][info][gc] GC(381283) Pause Young (Normal) (G1 Evacuation Pause) 65M->54M(78M) 11.915ms
Dec 24 09:14:33 burnside uvmconsole: [3312187.837s][info][gc] GC(381284) Pause Young (Normal) (G1 Evacuation Pause) 64M->54M(78M) 12.371ms
Dec 24 09:14:39 burnside uvmconsole: [3312194.473s][info][gc] GC(381285) Pause Young (Normal) (G1 Evacuation Pause) 64M->54M(78M) 19.438ms
Dec 24 09:14:49 burnside uvmconsole: [3312204.724s][info][gc] GC(381286) Pause Young (Normal) (G1 Evacuation Pause) 64M->54M(78M) 14.018ms
Dec 24 09:14:59 burnside uvmconsole: [3312214.190s][info][gc] GC(381287) Pause Young (Normal) (G1 Evacuation Pause) 64M->54M(78M) 9.534ms
Dec 24 09:15:02 burnside uvmconsole: [3312216.945s][info][gc] GC(381288) Pause Young (Normal) (G1 Evacuation Pause) 65M->54M(78M) 10.658ms
Dec 24 09:15:05 burnside uvmconsole: [3312220.403s][info][gc] GC(381289) Pause Young (Normal) (G1 Evacuation Pause) 64M->54M(78M) 10.567ms
Dec 24 09:15:13 burnside uvmconsole: [3312228.660s][info][gc] GC(381290) Pause Young (Normal) (G1 Evacuation Pause) 63M->54M(78M) 9.955ms
Dec 24 09:15:20 burnside uvmconsole: [3312235.324s][info][gc] GC(381291) Pause Young (Normal) (G1 Evacuation Pause) 64M->55M(78M) 10.472ms
Dec 24 09:15:27 burnside uvmconsole: [3312242.658s][info][gc] GC(381292) Pause Young (Normal) (G1 Evacuation Pause) 64M->55M(78M) 11.510ms
Dec 24 09:15:31 burnside uvmconsole: [3312246.262s][info][gc] GC(381293) Pause Young (Normal) (G1 Evacuation Pause) 64M->55M(78M) 10.387ms
Dec 24 09:15:34 burnside uvmconsole: [3312249.577s][info][gc] GC(381294) Pause Young (Normal) (G1 Evacuation Pause) 64M->55M(78M) 11.034ms
Dec 24 09:15:41 burnside uvmconsole: [3312256.599s][info][gc] GC(381295) Pause Young (Normal) (G1 Evacuation Pause) 64M->55M(78M) 10.868ms
Dec 24 09:15:47 burnside uvmconsole: [3312262.217s][info][gc] GC(381296) Pause Young (Normal) (G1 Evacuation Pause) 64M->55M(78M) 11.891ms
Dec 24 09:15:50 burnside uvmconsole: [3312265.043s][info][gc] GC(381297) Pause Young (Normal) (G1 Evacuation Pause) 65M->55M(78M) 10.577ms
Dec 24 09:15:55 burnside uvmconsole: [3312270.350s][info][gc] GC(381298) Pause Young (Normal) (G1 Evacuation Pause) 64M->55M(78M) 9.203ms
Dec 24 09:16:00 burnside uvmconsole: [3312274.910s][info][gc] GC(381299) Pause Young (Normal) (G1 Evacuation Pause) 64M->56M(78M) 12.399ms
Dec 24 09:16:02 burnside uvmconsole: [3312277.502s][info][gc] GC(381300) Pause Young (Normal) (G1 Evacuation Pause) 64M->56M(78M) 12.140ms
Dec 24 09:16:03 burnside uvmconsole: [3312278.193s][info][gc] GC(381301) Pause Young (Normal) (G1 Evacuation Pause) 64M->56M(78M) 15.165ms
Dec 24 09:16:10 burnside uvmconsole: [3312285.205s][info][gc] GC(381302) Pause Young (Normal) (G1 Evacuation Pause) 64M->56M(78M) 9.419ms
Dec 24 09:16:15 burnside uvmconsole: [3312290.529s][info][gc] GC(381303) Pause Young (Normal) (G1 Evacuation Pause) 64M->56M(78M) 8.182ms
Dec 24 09:16:20 burnside uvmconsole: [3312295.165s][info][gc] GC(381304) Pause Young (Normal) (G1 Evacuation Pause) 64M->56M(78M) 9.921ms
Dec 24 09:16:26 burnside uvmconsole: [3312301.735s][info][gc] GC(381305) Pause Young (Normal) (G1 Evacuation Pause) 64M->56M(78M) 9.122ms
Dec 24 09:16:33 burnside uvmconsole: [3312308.703s][info][gc] GC(381306) Pause Young (Normal) (G1 Evacuation Pause) 64M->56M(78M) 10.711ms
Dec 24 09:16:43 burnside uvmconsole: [3312318.231s][info][gc] GC(381307) Pause Young (Normal) (G1 Evacuation Pause) 63M->57M(78M) 9.450ms
Dec 24 09:16:46 burnside uvmconsole: [3312320.786s][info][gc] GC(381308) Pause Young (Normal) (G1 Evacuation Pause) 64M->56M(78M) 8.895ms
Dec 24 09:16:51 burnside uvmconsole: [3312326.025s][info][gc] GC(381309) Pause Full (System.gc()) 63M->51M(78M) 345.727ms
Dec 24 09:17:00 burnside uvmconsole: [3312334.817s][info][gc] GC(381310) Pause Young (Normal) (G1 Evacuation Pause) 61M->51M(78M) 12.364ms
Dec 24 09:17:05 burnside uvmconsole: [3312339.962s][info][gc] GC(381311) Pause Young (Normal) (G1 Evacuation Pause) 61M->51M(78M) 9.279ms
Dec 24 09:17:11 burnside uvmconsole: [3312345.973s][info][gc] GC(381312) Pause Young (Normal) (G1 Evacuation Pause) 62M->51M(78M) 7.162ms
Dec 24 09:17:19 burnside uvmconsole: [3312354.318s][info][gc] GC(381313) Pause Young (Normal) (G1 Evacuation Pause) 62M->51M(78M) 9.769ms
Dec 24 09:17:30 burnside uvmconsole: [3312365.403s][info][gc] GC(381314) Pause Young (Normal) (G1 Evacuation Pause) 62M->51M(78M) 8.091ms
Dec 24 09:17:36 burnside uvmconsole: [3312371.181s][info][gc] GC(381315) Pause Young (Normal) (G1 Evacuation Pause) 62M->52M(78M) 16.908ms
Dec 24 09:17:46 burnside uvmconsole: [3312381.194s][info][gc] GC(381316) Pause Young (Normal) (G1 Evacuation Pause) 63M->52M(78M) 9.120ms
Dec 24 09:17:59 burnside uvmconsole: [3312394.191s][info][gc] GC(381317) Pause Young (Normal) (G1 Evacuation Pause) 63M->51M(78M) 8.661ms
Dec 24 09:18:07 burnside uvmconsole: [3312401.764s][info][gc] GC(381318) Pause Young (Normal) (G1 Evacuation Pause) 62M->52M(78M) 9.946ms
Dec 24 09:18:17 burnside uvmconsole: [3312412.549s][info][gc] GC(381319) Pause Young (Normal) (G1 Evacuation Pause) 63M->52M(78M) 9.313ms
Dec 24 09:18:35 burnside uvmconsole: [3312430.371s][info][gc] GC(381320) Pause Young (Normal) (G1 Evacuation Pause) 64M->52M(78M) 10.275ms
Dec 24 09:18:48 burnside uvmconsole: [3312443.170s][info][gc] GC(381321) Pause Young (Normal) (G1 Evacuation Pause) 64M->52M(78M) 10.102ms
Dec 24 09:18:58 burnside uvmconsole: [3312453.390s][info][gc] GC(381322) Pause Young (Normal) (G1 Evacuation Pause) 63M->52M(78M) 10.361ms
Dec 24 09:19:03 burnside uvmconsole: [3312458.649s][info][gc] GC(381323) Pause Young (Normal) (G1 Evacuation Pause) 63M->52M(78M) 12.048ms
Dec 24 09:19:08 burnside uvmconsole: [3312463.606s][info][gc] GC(381324) Pause Young (Normal) (G1 Evacuation Pause) 63M->52M(78M) 11.064ms
Dec 24 09:19:17 burnside uvmconsole: [3312471.962s][info][gc] GC(381325) Pause Young (Normal) (G1 Evacuation Pause) 63M->52M(78M) 9.435ms
Dec 24 09:19:30 burnside uvmconsole: [3312485.346s][info][gc] GC(381326) Pause Young (Normal) (G1 Evacuation Pause) 64M->52M(78M) 8.675ms
Dec 24 09:19:42 burnside uvmconsole: [3312497.019s][info][gc] GC(381327) Pause Young (Normal) (G1 Evacuation Pause) 64M->52M(78M) 9.173ms
Dec 24 09:19:55 burnside uvmconsole: [3312510.477s][info][gc] GC(381328) Pause Young (Normal) (G1 Evacuation Pause) 63M->52M(78M) 8.665ms
Dec 24 09:20:00 burnside uvmconsole: [3312515.206s][info][gc] GC(381329) Pause Young (Normal) (G1 Evacuation Pause) 63M->53M(78M) 11.328ms
Dec 24 09:20:04 burnside uvmconsole: [3312519.377s][info][gc] GC(381330) Pause Young (Normal) (G1 Evacuation Pause) 64M->53M(78M) 9.804ms
Dec 24 09:20:14 burnside uvmconsole: [3312528.880s][info][gc] GC(381331) Pause Young (Normal) (G1 Evacuation Pause) 64M->53M(78M) 8.875ms
Dec 24 09:20:24 burnside uvmconsole: [3312539.512s][info][gc] GC(381332) Pause Young (Normal) (G1 Evacuation Pause) 64M->53M(78M) 10.499ms
Dec 24 09:20:31 burnside uvmconsole: [3312546.536s][info][gc] GC(381333) Pause Young (Normal) (G1 Evacuation Pause) 64M->53M(78M) 10.061ms
Dec 24 09:20:39 burnside uvmconsole: [3312554.678s][info][gc] GC(381334) Pause Young (Normal) (G1 Evacuation Pause) 63M->53M(78M) 10.287ms
Dec 24 09:20:49 burnside uvmconsole: [3312563.898s][info][gc] GC(381335) Pause Young (Normal) (G1 Evacuation Pause) 63M->53M(78M) 9.370ms
Dec 24 09:20:57 burnside uvmconsole: [3312572.356s][info][gc] GC(381336) Pause Young (Normal) (G1 Evacuation Pause) 64M->53M(78M) 11.517ms
Dec 24 09:20:59 burnside uvmconsole: [3312574.196s][info][gc] GC(381337) Pause Young (Normal) (G1 Evacuation Pause) 63M->54M(78M) 11.784ms
Dec 24 09:21:00 burnside uvmconsole: [3312575.411s][info][gc] GC(381338) Pause Young (Normal) (G1 Evacuation Pause) 64M->54M(78M) 15.953ms
Dec 24 09:21:02 burnside uvmconsole: [3312577.261s][info][gc] GC(381339) Pause Young (Normal) (G1 Evacuation Pause) 63M->55M(78M) 12.972ms
Dec 24 09:21:03 burnside uvmconsole: [3312578.262s][info][gc] GC(381340) Pause Young (Normal) (G1 Evacuation Pause) 64M->55M(78M) 17.232ms
Dec 24 09:21:13 burnside uvmconsole: [3312588.413s][info][gc] GC(381341) Pause Young (Normal) (G1 Evacuation Pause) 64M->54M(78M) 8.320ms
Dec 24 09:21:16 burnside uvmconsole: [3312590.783s][info][gc] GC(381342) Pause Young (Normal) (G1 Evacuation Pause) 63M->55M(78M) 10.269ms
Dec 24 09:21:18 burnside uvmconsole: [3312593.324s][info][gc] GC(381343) Pause Young (Normal) (G1 Evacuation Pause) 64M->55M(78M) 10.345ms
Dec 24 09:21:24 burnside uvmconsole: [3312598.898s][info][gc] GC(381344) Pause Young (Normal) (G1 Evacuation Pause) 63M->55M(78M) 11.941ms
Dec 24 09:21:26 burnside uvmconsole: [3312601.663s][info][gc] GC(381345) Pause Young (Normal) (G1 Evacuation Pause) 63M->55M(78M) 11.009ms
Dec 24 09:21:34 burnside uvmconsole: [3312609.462s][info][gc] GC(381346) Pause Young (Normal) (G1 Evacuation Pause) 64M->55M(78M) 10.209ms
Dec 24 09:21:38 burnside uvmconsole: [3312613.705s][info][gc] GC(381347) Pause Young (Normal) (G1 Evacuation Pause) 63M->56M(78M) 11.614ms
Dec 24 09:21:40 burnside uvmconsole: [3312615.518s][info][gc] GC(381348) Pause Young (Normal) (G1 Evacuation Pause) 64M->56M(78M) 11.987ms
Dec 24 09:21:45 burnside uvmconsole: [3312620.540s][info][gc] GC(381349) Pause Young (Normal) (G1 Evacuation Pause) 64M->56M(78M) 10.365ms
Dec 24 09:21:51 burnside uvmconsole: [3312626.034s][info][gc] GC(381350) Pause Full (System.gc()) 61M->51M(78M) 354.456ms
Dec 24 09:21:59 burnside uvmconsole: [3312634.195s][info][gc] GC(381351) Pause Young (Normal) (G1 Evacuation Pause) 62M->52M(78M) 7.903ms
Dec 24 09:22:05 burnside uvmconsole: [3312640.289s][info][gc] GC(381352) Pause Young (Normal) (G1 Evacuation Pause) 63M->52M(78M) 9.627ms
Dec 24 09:22:09 burnside uvmconsole: [3312644.115s][info][gc] GC(381353) Pause Young (Normal) (G1 Evacuation Pause) 63M->52M(78M) 8.546ms
Dec 24 09:22:18 burnside uvmconsole: [3312653.334s][info][gc] GC(381354) Pause Young (Normal) (G1 Evacuation Pause) 63M->52M(78M) 8.970ms
Dec 24 09:22:23 burnside uvmconsole: [3312658.018s][info][gc] GC(381355) Pause Young (Normal) (G1 Evacuation Pause) 63M->52M(78M) 10.351ms
Dec 24 09:22:26 burnside uvmconsole: [3312661.418s][info][gc] GC(381356) Pause Young (Normal) (G1 Evacuation Pause) 63M->53M(78M) 11.171ms
Dec 24 09:22:31 burnside uvmconsole: [3312666.094s][info][gc] GC(381357) Pause Young (Normal) (G1 Evacuation Pause) 64M->53M(78M) 11.600ms
Dec 24 09:22:40 burnside uvmconsole: [3312675.243s][info][gc] GC(381358) Pause Young (Normal) (G1 Evacuation Pause) 64M->53M(78M) 11.403ms
Dec 24 09:22:47 burnside uvmconsole: [3312682.628s][info][gc] GC(381359) Pause Young (Normal) (G1 Evacuation Pause) 63M->53M(78M) 10.840ms
Dec 24 09:22:59 burnside uvmconsole: [3312694.192s][info][gc] GC(381360) Pause Young (Normal) (G1 Evacuation Pause) 64M->53M(78M) 8.731ms
Dec 24 09:23:08 burnside uvmconsole: [3312702.815s][info][gc] GC(381361) Pause Young (Normal) (G1 Evacuation Pause) 64M->53M(78M) 11.156ms
Dec 24 09:23:11 burnside uvmconsole: [3312706.454s][info][gc] GC(381362) Pause Young (Normal) (G1 Evacuation Pause) 63M->53M(78M) 10.124ms
Dec 24 09:23:28 burnside uvmconsole: [3312723.494s][info][gc] GC(381363) Pause Young (Normal) (G1 Evacuation Pause) 64M->53M(78M) 10.301ms
Dec 24 09:23:42 burnside uvmconsole: [3312737.546s][info][gc] GC(381364) Pause Young (Normal) (G1 Evacuation Pause) 64M->53M(78M) 9.491ms
Dec 24 09:23:49 burnside uvmconsole: [3312743.895s][info][gc] GC(381365) Pause Young (Normal) (G1 Evacuation Pause) 64M->53M(78M) 10.782ms
Dec 24 09:23:56 burnside uvmconsole: [3312750.765s][info][gc] GC(381366) Pause Young (Normal) (G1 Evacuation Pause) 63M->53M(78M) 10.239ms
Dec 24 09:24:04 burnside uvmconsole: [3312759.210s][info][gc] GC(381367) Pause Young (Normal) (G1 Evacuation Pause) 64M->53M(78M) 10.158ms
Dec 24 09:24:10 burnside uvmconsole: [3312764.773s][info][gc] GC(381368) Pause Young (Normal) (G1 Evacuation Pause) 63M->54M(78M) 9.823ms
Dec 24 09:24:19 burnside uvmconsole: [3312774.480s][info][gc] GC(381369) Pause Young (Normal) (G1 Evacuation Pause) 64M->53M(78M) 9.929ms
Dec 24 09:24:25 burnside uvmconsole: [3312780.448s][info][gc] GC(381370) Pause Young (Normal) (G1 Evacuation Pause) 64M->53M(78M) 9.026ms
Dec 24 09:24:38 burnside uvmconsole: [3312793.591s][info][gc] GC(381371) Pause Young (Normal) (G1 Evacuation Pause) 64M->53M(78M) 10.672ms
Dec 24 09:24:41 burnside uvmconsole: [3312795.812s][info][gc] GC(381372) Pause Young (Normal) (G1 Evacuation Pause) 63M->54M(78M) 15.255ms
Dec 24 09:24:43 burnside uvmconsole: [3312798.657s][info][gc] GC(381373) Pause Young (Normal) (G1 Evacuation Pause) 63M->54M(78M) 11.731ms
Dec 24 09:24:47 burnside uvmconsole: [3312802.573s][info][gc] GC(381374) Pause Young (Normal) (G1 Evacuation Pause) 64M->54M(78M) 11.607ms
Dec 24 09:24:51 burnside uvmconsole: [3312806.184s][info][gc] GC(381375) Pause Young (Normal) (G1 Evacuation Pause) 63M->54M(78M) 10.010ms
Dec 24 09:25:00 burnside uvmconsole: [3312814.803s][info][gc] GC(381376) Pause Young (Normal) (G1 Evacuation Pause) 63M->54M(78M) 10.008ms
Dec 24 09:25:04 burnside uvmconsole: [3312819.036s][info][gc] GC(381377) Pause Young (Normal) (G1 Evacuation Pause) 64M->54M(78M) 9.204ms
Dec 24 09:25:16 burnside uvmconsole: [3312830.858s][info][gc] GC(381378) Pause Young (Normal) (G1 Evacuation Pause) 63M->54M(78M) 9.551ms
Dec 24 09:25:23 burnside uvmconsole: [3312837.801s][info][gc] GC(381379) Pause Young (Normal) (G1 Evacuation Pause) 63M->55M(78M) 11.608ms
Dec 24 09:25:24 burnside uvmconsole: [3312839.488s][info][gc] GC(381380) Pause Young (Normal) (G1 Evacuation Pause) 63M->55M(78M) 12.041ms
Dec 24 09:25:26 burnside uvmconsole: [3312841.439s][info][gc] GC(381381) Pause Young (Normal) (G1 Evacuation Pause) 63M->55M(78M) 12.137ms
Dec 24 09:25:28 burnside uvmconsole: [3312843.134s][info][gc] GC(381382) Pause Young (Normal) (G1 Evacuation Pause) 63M->56M(78M) 12.913ms
Dec 24 09:25:31 burnside uvmconsole: [3312846.694s][info][gc] GC(381383) Pause Young (Normal) (G1 Evacuation Pause) 64M->56M(78M) 12.734ms
Dec 24 09:25:33 burnside uvmconsole: [3312848.062s][info][gc] GC(381384) Pause Young (Normal) (G1 Evacuation Pause) 64M->56M(78M) 13.020ms
Dec 24 09:25:38 burnside uvmconsole: [3312852.785s][info][gc] GC(381385) Pause Young (Normal) (G1 Evacuation Pause) 63M->56M(78M) 10.560ms
Dec 24 09:25:44 burnside uvmconsole: [3312859.136s][info][gc] GC(381386) Pause Young (Normal) (G1 Evacuation Pause) 64M->57M(78M) 10.016ms
Dec 24 09:25:50 burnside uvmconsole: [3312865.585s][info][gc] GC(381387) Pause Young (Normal) (G1 Evacuation Pause) 65M->56M(78M) 10.783ms
Dec 24 09:25:59 burnside uvmconsole: [3312874.192s][info][gc] GC(381388) Pause Young (Normal) (G1 Evacuation Pause) 64M->57M(78M) 9.445ms
Dec 24 09:26:04 burnside uvmconsole: [3312879.500s][info][gc] GC(381389) Pause Young (Normal) (G1 Evacuation Pause) 65M->57M(78M) 12.250ms
Dec 24 09:26:04 burnside uvmconsole: [3312879.560s][info][gc] GC(381390) Pause Young (Normal) (G1 Evacuation Pause) 64M->57M(78M) 11.284ms
Dec 24 09:26:15 burnside uvmconsole: [3312890.434s][info][gc] GC(381391) Pause Young (Normal) (G1 Evacuation Pause) 64M->57M(78M) 9.961ms
Dec 24 09:26:22 burnside uvmconsole: [3312897.585s][info][gc] GC(381392) Pause Young (Normal) (G1 Evacuation Pause) 65M->57M(78M) 9.231ms
Dec 24 09:26:35 burnside uvmconsole: [3312910.587s][info][gc] GC(381393) Pause Young (Normal) (G1 Evacuation Pause) 65M->57M(78M) 9.732ms
Dec 24 09:26:45 burnside uvmconsole: [3312920.154s][info][gc] GC(381394) Pause Young (Normal) (G1 Evacuation Pause) 65M->57M(78M) 9.545ms
Dec 24 09:26:51 burnside uvmconsole: [3312926.038s][info][gc] GC(381395) Pause Full (System.gc()) 61M->51M(78M) 358.051ms
Dec 24 09:26:56 burnside uvmconsole: [3312931.186s][info][gc] GC(381396) Pause Young (Normal) (G1 Evacuation Pause) 61M->51M(78M) 11.578ms
Dec 24 09:26:59 burnside uvmconsole: [3312934.524s][info][gc] GC(381397) Pause Young (Normal) (G1 Evacuation Pause) 61M->51M(78M) 9.040ms
Dec 24 09:27:03 burnside uvmconsole: [3312938.270s][info][gc] GC(381398) Pause Young (Normal) (G1 Evacuation Pause) 61M->52M(78M) 10.817ms
Dec 24 09:27:06 burnside uvmconsole: [3312941.376s][info][gc] GC(381399) Pause Young (Normal) (G1 Evacuation Pause) 62M->52M(78M) 9.411ms
Dec 24 09:27:09 burnside uvmconsole: [3312944.018s][info][gc] GC(381400) Pause Young (Normal) (G1 Evacuation Pause) 62M->52M(78M) 9.425ms
Dec 24 09:27:18 burnside uvmconsole: [3312953.278s][info][gc] GC(381401) Pause Young (Normal) (G1 Evacuation Pause) 62M->51M(78M) 8.058ms
Dec 24 09:27:31 burnside uvmconsole: [3312966.373s][info][gc] GC(381402) Pause Young (Normal) (G1 Evacuation Pause) 61M->51M(78M) 8.646ms
Dec 24 09:27:47 burnside uvmconsole: [3312982.413s][info][gc] GC(381403) Pause Young (Normal) (G1 Evacuation Pause) 62M->52M(78M) 9.442ms
Dec 24 09:28:00 burnside uvmconsole: [3312994.920s][info][gc] GC(381404) Pause Young (Normal) (G1 Evacuation Pause) 63M->52M(78M) 10.325ms
Dec 24 09:28:08 burnside uvmconsole: [3313003.392s][info][gc] GC(381405) Pause Young (Normal) (G1 Evacuation Pause) 63M->52M(78M) 9.629ms
Dec 24 09:28:17 burnside uvmconsole: [3313012.686s][info][gc] GC(381406) Pause Young (Normal) (G1 Evacuation Pause) 62M->52M(78M) 9.857ms
Dec 24 09:28:24 burnside uvmconsole: [3313018.876s][info][gc] GC(381407) Pause Young (Normal) (G1 Evacuation Pause) 62M->52M(78M) 12.194ms
Dec 24 09:28:24 burnside uvmconsole: [3313019.267s][info][gc] GC(381408) Pause Young (Normal) (G1 Evacuation Pause) 62M->52M(78M) 10.655ms
Dec 24 09:28:27 burnside uvmconsole: [3313022.325s][info][gc] GC(381409) Pause Young (Normal) (G1 Evacuation Pause) 61M->52M(78M) 9.681ms
Dec 24 09:28:37 burnside uvmconsole: [3313032.320s][info][gc] GC(381410) Pause Young (Normal) (G1 Evacuation Pause) 61M->52M(78M) 9.620ms
Dec 24 09:28:42 burnside uvmconsole: [3313036.784s][info][gc] GC(381411) Pause Young (Normal) (G1 Evacuation Pause) 62M->52M(78M) 9.204ms
Dec 24 09:29:00 burnside uvmconsole: [3313054.796s][info][gc] GC(381412) Pause Young (Normal) (G1 Evacuation Pause) 63M->52M(78M) 10.330ms
Dec 24 09:29:03 burnside uvmconsole: [3313058.645s][info][gc] GC(381413) Pause Young (Normal) (G1 Evacuation Pause) 62M->52M(78M) 10.723ms
Dec 24 09:29:17 burnside uvmconsole: [3313071.844s][info][gc] GC(381414) Pause Young (Normal) (G1 Evacuation Pause) 62M->52M(78M) 10.820ms
Dec 24 09:29:26 burnside uvmconsole: [3313081.622s][info][gc] GC(381415) Pause Young (Normal) (G1 Evacuation Pause) 62M->52M(78M) 10.087ms
Dec 24 09:29:38 burnside uvmconsole: [3313093.244s][info][gc] GC(381416) Pause Young (Normal) (G1 Evacuation Pause) 62M->52M(78M) 10.142ms
Dec 24 09:29:44 burnside uvmconsole: 12-24 09:29:44.672753| ERROR:./libnetcap/src/netcap_tcp.c:390:WARNING: TCP: Could not find session for accepted connection :: (192.168.1.148:50011) -> (173.199.15.254:443  )
Dec 24 09:29:53 burnside uvmconsole: [3313108.655s][info][gc] GC(381417) Pause Young (Normal) (G1 Evacuation Pause) 63M->52M(78M) 9.034ms
Dec 24 09:30:01 burnside uvmconsole: [3313116.715s][info][gc] GC(381418) Pause Young (Normal) (G1 Evacuation Pause) 63M->53M(78M) 11.181ms
Dec 24 09:30:04 burnside uvmconsole: [3313119.639s][info][gc] GC(381419) Pause Young (Normal) (G1 Evacuation Pause) 63M->53M(78M) 10.097ms
Dec 24 09:30:16 burnside uvmconsole: [3313131.623s][info][gc] GC(381420) Pause Young (Normal) (G1 Evacuation Pause) 64M->53M(78M) 9.339ms
Dec 24 09:30:26 burnside uvmconsole: [3313141.528s][info][gc] GC(381421) Pause Young (Normal) (G1 Evacuation Pause) 63M->53M(78M) 12.010ms
Dec 24 09:30:33 burnside uvmconsole: [3313147.951s][info][gc] GC(381422) Pause Young (Normal) (G1 Evacuation Pause) 63M->53M(78M) 10.554ms
Dec 24 09:30:44 burnside uvmconsole: [3313159.749s][info][gc] GC(381423) Pause Young (Normal) (G1 Evacuation Pause) 63M->53M(78M) 10.039ms
Dec 24 09:30:58 burnside uvmconsole: [3313172.981s][info][gc] GC(381424) Pause Young (Normal) (G1 Evacuation Pause) 63M->53M(78M) 9.820ms
Dec 24 09:31:01 burnside uvmconsole: [3313176.562s][info][gc] GC(381425) Pause Young (Normal) (G1 Evacuation Pause) 62M->53M(78M) 10.558ms
Dec 24 09:31:03 burnside uvmconsole: [3313178.551s][info][gc] GC(381426) Pause Young (Normal) (G1 Evacuation Pause) 62M->53M(78M) 11.552ms
Dec 24 09:31:05 burnside uvmconsole: [3313180.006s][info][gc] GC(381427) Pause Young (Normal) (G1 Evacuation Pause) 62M->53M(78M) 13.340ms
Dec 24 09:31:10 burnside uvmconsole: [3313185.700s][info][gc] GC(381428) Pause Young (Normal) (G1 Evacuation Pause) 63M->53M(78M) 8.738ms
Dec 24 09:31:19 burnside uvmconsole: [3313193.955s][info][gc] GC(381429) Pause Young (Normal) (G1 Evacuation Pause) 63M->53M(78M) 9.220ms
Dec 24 09:31:34 burnside uvmconsole: [3313209.671s][info][gc] GC(381430) Pause Young (Normal) (G1 Evacuation Pause) 63M->53M(78M) 8.902ms
Dec 24 09:31:37 burnside uvmconsole: [3313212.547s][info][gc] GC(381431) Pause Young (Normal) (G1 Evacuation Pause) 63M->54M(78M) 10.558ms
Dec 24 09:31:45 burnside uvmconsole: [3313220.230s][info][gc] GC(381432) Pause Young (Normal) (G1 Evacuation Pause) 63M->54M(78M) 9.683ms
Dec 24 09:31:51 burnside uvmconsole: [3313226.025s][info][gc] GC(381433) Pause Full (System.gc()) 61M->50M(76M) 345.751ms
Dec 24 09:32:02 burnside uvmconsole: [3313237.626s][info][gc] GC(381434) Pause Young (Normal) (G1 Evacuation Pause) 61M->50M(76M) 9.120ms
Dec 24 09:32:06 burnside uvmconsole: [3313240.940s][info][gc] GC(381435) Pause Young (Normal) (G1 Evacuation Pause) 61M->51M(76M) 11.395ms
Dec 24 09:32:17 burnside uvmconsole: [3313251.797s][info][gc] GC(381436) Pause Young (Normal) (G1 Evacuation Pause) 62M->51M(76M) 9.542ms
Dec 24 09:32:30 burnside uvmconsole: [3313265.106s][info][gc] GC(381437) Pause Young (Normal) (G1 Evacuation Pause) 62M->51M(76M) 8.611ms
Dec 24 09:32:39 burnside uvmconsole: [3313274.030s][info][gc] GC(381438) Pause Young (Normal) (G1 Evacuation Pause) 62M->51M(76M) 9.667ms
Dec 24 09:32:49 burnside uvmconsole: [3313284.463s][info][gc] GC(381439) Pause Young (Normal) (G1 Evacuation Pause) 62M->51M(76M) 9.123ms
Dec 24 09:32:59 burnside uvmconsole: [3313293.938s][info][gc] GC(381440) Pause Young (Normal) (G1 Evacuation Pause) 62M->51M(76M) 8.919ms
Dec 24 09:33:04 burnside uvmconsole: [3313299.461s][info][gc] GC(381441) Pause Young (Normal) (G1 Evacuation Pause) 62M->51M(76M) 11.165ms
Dec 24 09:33:08 burnside uvmconsole: [3313303.081s][info][gc] GC(381442) Pause Young (Normal) (G1 Evacuation Pause) 61M->51M(76M) 9.909ms
Dec 24 09:33:24 burnside uvmconsole: [3313319.044s][info][gc] GC(381443) Pause Young (Normal) (G1 Evacuation Pause) 61M->51M(76M) 9.353ms
Dec 24 09:33:39 burnside uvmconsole: [3313334.374s][info][gc] GC(381444) Pause Young (Normal) (G1 Evacuation Pause) 62M->51M(76M) 9.447ms
Dec 24 09:33:43 burnside uvmconsole: [3313338.319s][info][gc] GC(381445) Pause Young (Normal) (G1 Evacuation Pause) 61M->51M(76M) 10.768ms
Dec 24 09:33:55 burnside uvmconsole: [3313349.969s][info][gc] GC(381446) Pause Young (Normal) (G1 Evacuation Pause) 61M->51M(76M) 10.203ms
Dec 24 09:34:00 burnside uvmconsole: [3313354.939s][info][gc] GC(381447) Pause Young (Normal) (G1 Evacuation Pause) 61M->52M(76M) 11.221ms
Dec 24 09:34:03 burnside uvmconsole: [3313357.951s][info][gc] GC(381448) Pause Young (Normal) (G1 Evacuation Pause) 61M->51M(76M) 10.363ms
Dec 24 09:34:04 burnside uvmconsole: [3313359.302s][info][gc] GC(381449) Pause Young (Normal) (G1 Evacuation Pause) 61M->52M(76M) 12.404ms
Dec 24 09:34:06 burnside uvmconsole: [3313360.916s][info][gc] GC(381450) Pause Young (Normal) (G1 Evacuation Pause) 61M->52M(76M) 12.058ms
Dec 24 09:34:08 burnside uvmconsole: [3313362.846s][info][gc] GC(381451) Pause Young (Normal) (G1 Evacuation Pause) 61M->52M(76M) 12.616ms
Dec 24 09:34:09 burnside uvmconsole: [3313364.571s][info][gc] GC(381452) Pause Young (Normal) (G1 Evacuation Pause) 61M->53M(76M) 14.257ms
Dec 24 09:34:11 burnside uvmconsole: [3313365.775s][info][gc] GC(381453) Pause Young (Normal) (G1 Evacuation Pause) 62M->54M(76M) 12.912ms
Dec 24 09:34:11 burnside uvmconsole: [3313366.351s][info][gc] GC(381454) Pause Young (Normal) (G1 Evacuation Pause) 62M->54M(76M) 18.606ms
Dec 24 09:34:13 burnside uvmconsole: 12-24 09:34:13.552357| ERROR:./libvector/src/vector.c:928:WARNING: Non-empty Queue after shutdown, dropping all events
Dec 24 09:34:15 burnside uvmconsole: [3313369.982s][info][gc] GC(381455) Pause Young (Normal) (G1 Evacuation Pause) 62M->53M(76M) 8.555ms
Dec 24 09:34:22 burnside uvmconsole: [3313377.325s][info][gc] GC(381456) Pause Young (Normal) (G1 Evacuation Pause) 62M->54M(76M) 14.446ms
Dec 24 09:34:28 burnside uvmconsole: [3313382.780s][info][gc] GC(381457) Pause Young (Normal) (G1 Evacuation Pause) 63M->53M(76M) 8.872ms
Dec 24 09:34:36 burnside uvmconsole: [3313391.619s][info][gc] GC(381458) Pause Young (Normal) (G1 Evacuation Pause) 62M->53M(76M) 8.537ms
Dec 24 09:34:44 burnside uvmconsole: [3313399.217s][info][gc] GC(381459) Pause Young (Normal) (G1 Evacuation Pause) 62M->54M(76M) 10.447ms
Dec 24 09:34:48 burnside uvmconsole: [3313402.888s][info][gc] GC(381460) Pause Young (Normal) (G1 Evacuation Pause) 63M->54M(76M) 10.605ms
Dec 24 09:34:52 burnside uvmconsole: [3313407.100s][info][gc] GC(381461) Pause Young (Normal) (G1 Evacuation Pause) 63M->54M(76M) 10.439ms
Dec 24 09:34:57 burnside uvmconsole: [3313411.914s][info][gc] GC(381462) Pause Young (Normal) (G1 Evacuation Pause) 62M->54M(76M) 9.757ms
Dec 24 09:35:01 burnside uvmconsole: [3313416.411s][info][gc] GC(381463) Pause Young (Normal) (G1 Evacuation Pause) 62M->54M(76M) 11.353ms
Dec 24 09:35:04 burnside uvmconsole: [3313418.826s][info][gc] GC(381464) Pause Young (Normal) (G1 Evacuation Pause) 61M->54M(76M) 10.828ms
Dec 24 09:35:04 burnside uvmconsole: [3313418.893s][info][gc] GC(381465) Pause Young (Normal) (G1 Evacuation Pause) 61M->55M(76M) 11.035ms
Dec 24 09:35:07 burnside uvmconsole: [3313422.239s][info][gc] GC(381466) Pause Young (Normal) (G1 Evacuation Pause) 62M->54M(76M) 8.345ms
Dec 24 09:35:13 burnside uvmconsole: [3313428.361s][info][gc] GC(381467) Pause Young (Normal) (G1 Evacuation Pause) 61M->54M(76M) 8.176ms
Dec 24 09:35:15 burnside uvmconsole: [3313430.061s][info][gc] GC(381468) Pause Young (Normal) (G1 Evacuation Pause) 61M->54M(76M) 7.558ms
Dec 24 09:35:16 burnside uvmconsole: [3313431.446s][info][gc] GC(381469) Pause Young (Normal) (G1 Evacuation Pause) 61M->54M(76M) 6.961ms
Dec 24 09:35:18 burnside uvmconsole: [3313432.822s][info][gc] GC(381470) Pause Young (Normal) (G1 Evacuation Pause) 61M->54M(76M) 7.917ms
Dec 24 09:35:19 burnside uvmconsole: [3313433.942s][info][gc] GC(381471) Pause Young (Normal) (G1 Evacuation Pause) 61M->54M(76M) 6.968ms
Dec 24 09:35:20 burnside uvmconsole: [3313435.325s][info][gc] GC(381472) Pause Young (Normal) (G1 Evacuation Pause) 61M->54M(76M) 7.741ms
Dec 24 09:35:21 burnside uvmconsole: [3313436.529s][info][gc] GC(381473) Pause Young (Normal) (G1 Evacuation Pause) 61M->54M(76M) 9.566ms
Dec 24 09:35:25 burnside uvmconsole: [3313440.306s][info][gc] GC(381474) Pause Young (Normal) (G1 Evacuation Pause) 61M->54M(76M) 7.596ms
Dec 24 09:35:30 burnside uvmconsole: [3313445.155s][info][gc] GC(381475) Pause Young (Normal) (G1 Evacuation Pause) 61M->54M(76M) 7.589ms
Dec 24 09:35:34 burnside uvmconsole: [3313449.447s][info][gc] GC(381476) Pause Young (Normal) (G1 Evacuation Pause) 61M->55M(76M) 8.722ms
Dec 24 09:35:39 burnside uvmconsole: [3313454.197s][info][gc] GC(381477) Pause Young (Normal) (G1 Evacuation Pause) 62M->54M(76M) 7.887ms
Dec 24 09:35:43 burnside uvmconsole: [3313458.641s][info][gc] GC(381478) Pause Young (Normal) (G1 Evacuation Pause) 61M->55M(76M) 7.751ms
Dec 24 09:35:47 burnside uvmconsole: [3313462.042s][info][gc] GC(381479) Pause Young (Normal) (G1 Evacuation Pause) 62M->55M(76M) 8.128ms
Dec 24 09:35:50 burnside uvmconsole: [3313465.041s][info][gc] GC(381480) Pause Young (Normal) (G1 Evacuation Pause) 62M->55M(76M) 8.711ms
Dec 24 09:35:54 burnside uvmconsole: [3313469.169s][info][gc] GC(381481) Pause Young (Normal) (G1 Evacuation Pause) 62M->55M(76M) 9.803ms
Dec 24 09:35:55 burnside uvmconsole: [3313470.452s][info][gc] GC(381482) Pause Young (Normal) (G1 Evacuation Pause) 62M->55M(76M) 8.647ms
Dec 24 09:35:56 burnside uvmconsole: [3313471.107s][info][gc] GC(381483) Pause Young (Normal) (G1 Evacuation Pause) 62M->55M(76M) 8.832ms
Dec 24 09:35:56 burnside uvmconsole: [3313471.713s][info][gc] GC(381484) Pause Young (Normal) (G1 Evacuation Pause) 62M->55M(76M) 11.614ms
Dec 24 09:35:58 burnside uvmconsole: [3313473.558s][info][gc] GC(381485) Pause Young (Normal) (G1 Evacuation Pause) 62M->55M(76M) 8.480ms
Dec 24 09:35:59 burnside uvmconsole: [3313474.192s][info][gc] GC(381486) Pause Young (Normal) (G1 Evacuation Pause) 62M->55M(76M) 7.295ms
Dec 24 09:36:03 burnside uvmconsole: [3313477.865s][info][gc] GC(381487) Pause Young (Normal) (G1 Evacuation Pause) 62M->55M(76M) 10.415ms
Dec 24 09:36:05 burnside uvmconsole: [3313480.312s][info][gc] GC(381488) Pause Young (Normal) (G1 Evacuation Pause) 62M->55M(76M) 9.283ms
Dec 24 09:36:06 burnside uvmconsole: 12-24 09:36:06.028942| ERROR:./libnetcap/src/netcap_tcp.c:390:WARNING: TCP: Could not find session for accepted connection :: (192.168.1.148:50091) -> (216.115.218.197:80   )
Dec 24 09:36:07 burnside uvmconsole: [3313481.982s][info][gc] GC(381489) Pause Young (Normal) (G1 Evacuation Pause) 62M->55M(76M) 8.719ms
Dec 24 09:36:08 burnside uvmconsole: [3313482.903s][info][gc] GC(381490) Pause Young (Normal) (G1 Evacuation Pause) 62M->55M(76M) 13.254ms
Dec 24 09:36:10 burnside uvmconsole: [3313485.358s][info][gc] GC(381491) Pause Young (Normal) (G1 Evacuation Pause) 62M->55M(76M) 6.689ms
Dec 24 09:36:16 burnside uvmconsole: [3313491.157s][info][gc] GC(381492) Pause Young (Normal) (G1 Evacuation Pause) 62M->55M(76M) 6.953ms
Dec 24 09:36:20 burnside uvmconsole: [3313495.297s][info][gc] GC(381493) Pause Young (Normal) (G1 Evacuation Pause) 62M->55M(76M) 6.608ms
Dec 24 09:36:23 burnside uvmconsole: [3313498.320s][info][gc] GC(381494) Pause Young (Normal) (G1 Evacuation Pause) 62M->55M(76M) 8.042ms
Dec 24 09:36:27 burnside uvmconsole: [3313502.640s][info][gc] GC(381495) Pause Young (Normal) (G1 Evacuation Pause) 62M->55M(76M) 11.944ms
Dec 24 09:36:29 burnside uvmconsole: [3313503.881s][info][gc] GC(381496) Pause Young (Normal) (G1 Evacuation Pause) 62M->55M(76M) 9.562ms
Dec 24 09:36:30 burnside uvmconsole: [3313504.836s][info][gc] GC(381497) Pause Young (Normal) (G1 Evacuation Pause) 62M->55M(76M) 8.556ms
Dec 24 09:36:33 burnside uvmconsole: [3313508.563s][info][gc] GC(381498) Pause Young (Normal) (G1 Evacuation Pause) 62M->55M(76M) 7.768ms
Dec 24 09:36:36 burnside uvmconsole: [3313510.799s][info][gc] GC(381499) Pause Young (Normal) (G1 Evacuation Pause) 62M->55M(76M) 9.126ms
Dec 24 09:36:36 burnside uvmconsole: [3313511.230s][info][gc] GC(381500) Pause Young (Normal) (G1 Evacuation Pause) 62M->55M(76M) 9.566ms
Dec 24 09:36:39 burnside uvmconsole: [3313514.448s][info][gc] GC(381501) Pause Young (Normal) (G1 Evacuation Pause) 62M->55M(76M) 8.140ms
Dec 24 09:36:48 burnside uvmconsole: [3313523.341s][info][gc] GC(381502) Pause Young (Normal) (G1 Evacuation Pause) 62M->55M(76M) 7.285ms
Dec 24 09:36:51 burnside uvmconsole: [3313526.011s][info][gc] GC(381503) Pause Full (System.gc()) 59M->49M(75M) 332.039ms
Dec 24 09:36:59 burnside uvmconsole: [3313534.189s][info][gc] GC(381504) Pause Young (Normal) (G1 Evacuation Pause) 59M->49M(75M) 6.571ms
Dec 24 09:37:06 burnside uvmconsole: [3313541.330s][info][gc] GC(381505) Pause Young (Normal) (G1 Evacuation Pause) 59M->50M(75M) 10.005ms
Dec 24 09:37:10 burnside uvmconsole: [3313544.790s][info][gc] GC(381506) Pause Young (Normal) (G1 Evacuation Pause) 60M->50M(75M) 7.448ms
Dec 24 09:37:15 burnside uvmconsole: [3313550.060s][info][gc] GC(381507) Pause Young (Normal) (G1 Evacuation Pause) 61M->50M(75M) 9.298ms
Dec 24 09:37:23 burnside uvmconsole: [3313557.925s][info][gc] GC(381508) Pause Young (Normal) (G1 Evacuation Pause) 61M->50M(75M) 7.847ms
Dec 24 09:37:26 burnside uvmconsole: [3313561.499s][info][gc] GC(381509) Pause Young (Normal) (G1 Evacuation Pause) 61M->50M(75M) 8.425ms
Dec 24 09:37:32 burnside uvmconsole: [3313566.906s][info][gc] GC(381510) Pause Young (Normal) (G1 Evacuation Pause) 61M->50M(75M) 8.874ms
Dec 24 09:37:41 burnside uvmconsole: [3313575.765s][info][gc] GC(381511) Pause Young (Normal) (G1 Evacuation Pause) 61M->50M(75M) 9.583ms
Dec 24 09:37:48 burnside uvmconsole: [3313583.288s][info][gc] GC(381512) Pause Young (Normal) (G1 Evacuation Pause) 61M->50M(75M) 9.710ms
Dec 24 09:37:55 burnside uvmconsole: [3313590.632s][info][gc] GC(381513) Pause Young (Normal) (G1 Evacuation Pause) 60M->50M(75M) 9.145ms
Dec 24 09:38:02 burnside uvmconsole: [3313596.926s][info][gc] GC(381514) Pause Young (Normal) (G1 Evacuation Pause) 60M->50M(75M) 9.944ms
Dec 24 09:38:06 burnside uvmconsole: [3313600.936s][info][gc] GC(381515) Pause Young (Normal) (G1 Evacuation Pause) 60M->50M(75M) 10.246ms
Dec 24 09:38:12 burnside uvmconsole: [3313606.815s][info][gc] GC(381516) Pause Young (Normal) (G1 Evacuation Pause) 61M->50M(75M) 9.868ms
Dec 24 09:38:16 burnside uvmconsole: [3313611.394s][info][gc] GC(381517) Pause Young (Normal) (G1 Evacuation Pause) 60M->50M(75M) 10.165ms
Dec 24 09:38:19 burnside uvmconsole: [3313614.593s][info][gc] GC(381518) Pause Young (Normal) (G1 Evacuation Pause) 60M->50M(75M) 11.795ms
Dec 24 09:38:23 burnside uvmconsole: [3313618.658s][info][gc] GC(381519) Pause Young (Normal) (G1 Evacuation Pause) 59M->50M(75M) 9.333ms
Dec 24 09:38:32 burnside uvmconsole: [3313626.904s][info][gc] GC(381520) Pause Young (Normal) (G1 Evacuation Pause) 60M->50M(75M) 9.153ms
Dec 24 09:38:37 burnside uvmconsole: [3313632.073s][info][gc] GC(381521) Pause Young (Normal) (G1 Evacuation Pause) 60M->50M(75M) 10.647ms
Dec 24 09:38:44 burnside uvmconsole: [3313638.762s][info][gc] GC(381522) Pause Young (Normal) (G1 Evacuation Pause) 60M->51M(75M) 10.229ms
Dec 24 09:38:53 burnside uvmconsole: [3313648.324s][info][gc] GC(381523) Pause Young (Normal) (G1 Evacuation Pause) 61M->50M(75M) 10.193ms
Dec 24 09:39:00 burnside uvmconsole: [3313654.958s][info][gc] GC(381524) Pause Young (Normal) (G1 Evacuation Pause) 61M->51M(75M) 9.858ms
Dec 24 09:39:04 burnside uvmconsole: [3313659.279s][info][gc] GC(381525) Pause Young (Normal) (G1 Evacuation Pause) 62M->51M(75M) 9.642ms
Dec 24 09:39:13 burnside uvmconsole: [3313667.816s][info][gc] GC(381526) Pause Young (Normal) (G1 Evacuation Pause) 61M->51M(75M) 9.293ms
Dec 24 09:39:20 burnside uvmconsole: [3313674.860s][info][gc] GC(381527) Pause Young (Normal) (G1 Evacuation Pause) 61M->51M(75M) 8.234ms
Dec 24 09:39:26 burnside uvmconsole: [3313681.269s][info][gc] GC(381528) Pause Young (Normal) (G1 Evacuation Pause) 61M->51M(75M) 9.704ms
Dec 24 09:39:36 burnside uvmconsole: [3313691.371s][info][gc] GC(381529) Pause Young (Normal) (G1 Evacuation Pause) 61M->51M(75M) 11.672ms
Dec 24 09:39:46 burnside uvmconsole: [3313700.869s][info][gc] GC(381530) Pause Young (Normal) (G1 Evacuation Pause) 61M->51M(75M) 9.568ms
Dec 24 09:39:48 burnside uvmconsole: [3313703.574s][info][gc] GC(381531) Pause Young (Normal) (G1 Evacuation Pause) 61M->51M(75M) 12.431ms
Dec 24 09:39:49 burnside uvmconsole: [3313704.519s][info][gc] GC(381532) Pause Young (Normal) (G1 Evacuation Pause) 61M->51M(75M) 12.259ms
Dec 24 09:39:50 burnside uvmconsole: [3313705.194s][info][gc] GC(381533) Pause Young (Normal) (G1 Evacuation Pause) 60M->51M(75M) 11.072ms
Dec 24 09:39:54 burnside uvmconsole: [3313709.098s][info][gc] GC(381534) Pause Young (Normal) (G1 Evacuation Pause) 60M->51M(75M) 9.616ms
Dec 24 09:39:58 burnside uvmconsole: [3313713.095s][info][gc] GC(381535) Pause Young (Normal) (G1 Evacuation Pause) 60M->52M(75M) 9.351ms
Dec 24 09:40:06 burnside uvmconsole: [3313721.245s][info][gc] GC(381536) Pause Young (Normal) (G1 Evacuation Pause) 61M->52M(75M) 11.601ms
Dec 24 09:40:07 burnside uvmconsole: [3313721.887s][info][gc] GC(381537) Pause Young (Normal) (G1 Evacuation Pause) 61M->52M(75M) 19.934ms
Dec 24 09:40:16 burnside uvmconsole: [3313730.869s][info][gc] GC(381538) Pause Young (Normal) (G1 Evacuation Pause) 61M->52M(75M) 9.478ms
Dec 24 09:40:23 burnside uvmconsole: [3313738.002s][info][gc] GC(381539) Pause Young (Normal) (G1 Evacuation Pause) 61M->52M(75M) 8.403ms
Dec 24 09:40:24 burnside uvmconsole: [3313739.221s][info][gc] GC(381540) Pause Young (Normal) (G1 Evacuation Pause) 61M->52M(75M) 9.884ms
Dec 24 09:40:25 burnside uvmconsole: [3313740.458s][info][gc] GC(381541) Pause Young (Normal) (G1 Evacuation Pause) 61M->53M(75M) 10.403ms
Dec 24 09:40:26 burnside uvmconsole: [3313741.329s][info][gc] GC(381542) Pause Young (Normal) (G1 Evacuation Pause) 60M->53M(75M) 12.112ms
Dec 24 09:40:27 burnside uvmconsole: [3313742.712s][info][gc] GC(381543) Pause Young (Normal) (G1 Evacuation Pause) 61M->53M(75M) 23.466ms
Dec 24 09:40:29 burnside uvmconsole: [3313744.407s][info][gc] GC(381544) Pause Young (Normal) (G1 Evacuation Pause) 61M->53M(75M) 10.670ms
Dec 24 09:40:33 burnside uvmconsole: [3313747.952s][info][gc] GC(381545) Pause Young (Normal) (G1 Evacuation Pause) 62M->53M(75M) 11.339ms
Dec 24 09:40:38 burnside uvmconsole: [3313753.637s][info][gc] GC(381546) Pause Young (Normal) (G1 Evacuation Pause) 62M->53M(75M) 19.977ms
Dec 24 09:40:46 burnside uvmconsole: [3313761.442s][info][gc] GC(381547) Pause Young (Normal) (G1 Evacuation Pause) 61M->53M(75M) 9.762ms
Dec 24 09:40:52 burnside uvmconsole: [3313767.335s][info][gc] GC(381548) Pause Young (Normal) (G1 Evacuation Pause) 61M->53M(75M) 9.283ms
Dec 24 09:40:58 burnside uvmconsole: [3313773.222s][info][gc] GC(381549) Pause Young (Normal) (G1 Evacuation Pause) 61M->53M(75M) 10.096ms
Dec 24 09:41:01 burnside uvmconsole: [3313776.629s][info][gc] GC(381550) Pause Young (Normal) (G1 Evacuation Pause) 61M->54M(75M) 13.411ms
Dec 24 09:41:04 burnside uvmconsole: [3313779.167s][info][gc] GC(381551) Pause Young (Normal) (G1 Evacuation Pause) 61M->54M(75M) 12.311ms
Dec 24 09:41:04 burnside uvmconsole: [3313779.719s][info][gc] GC(381552) Pause Young (Normal) (G1 Evacuation Pause) 62M->54M(75M) 9.099ms
Dec 24 09:41:06 burnside uvmconsole: [3313780.916s][info][gc] GC(381553) Pause Young (Normal) (G1 Evacuation Pause) 61M->54M(75M) 13.521ms
Dec 24 09:41:07 burnside uvmconsole: [3313781.968s][info][gc] GC(381554) Pause Young (Normal) (G1 Evacuation Pause) 61M->54M(75M) 11.417ms
Dec 24 09:41:07 burnside uvmconsole: [3313782.238s][info][gc] GC(381555) Pause Young (Normal) (G1 Evacuation Pause) 60M->54M(75M) 10.656ms
Dec 24 09:41:08 burnside uvmconsole: [3313782.791s][info][gc] GC(381556) Pause Young (Normal) (G1 Evacuation Pause) 60M->54M(75M) 9.075ms
Dec 24 09:41:08 burnside uvmconsole: [3313783.037s][info][gc] GC(381557) Pause Young (Normal) (G1 Evacuation Pause) 60M->55M(75M) 9.054ms
Dec 24 09:41:09 burnside uvmconsole: [3313783.887s][info][gc] GC(381558) Pause Young (Normal) (G1 Evacuation Pause) 61M->55M(75M) 8.481ms
Dec 24 09:41:09 burnside uvmconsole: [3313784.390s][info][gc] GC(381559) Pause Young (Normal) (G1 Evacuation Pause) 61M->55M(75M) 9.030ms
Dec 24 09:41:09 burnside uvmconsole: [3313784.465s][info][gc] GC(381560) Pause Young (Normal) (G1 Evacuation Pause) 61M->56M(75M) 15.894ms
Dec 24 09:41:12 burnside uvmconsole: [3313787.286s][info][gc] GC(381561) Pause Young (Normal) (G1 Evacuation Pause) 61M->55M(75M) 8.378ms
Dec 24 09:41:19 burnside uvmconsole: [3313794.488s][info][gc] GC(381562) Pause Young (Concurrent Start) (G1 Evacuation Pause) 61M->55M(75M) 9.936ms
Dec 24 09:41:19 burnside uvmconsole: [3313794.488s][info][gc] GC(381563) Concurrent Cycle
Dec 24 09:41:20 burnside uvmconsole: [3313794.898s][info][gc] GC(381563) Pause Remark 56M->56M(75M) 43.949ms
Dec 24 09:41:20 burnside uvmconsole: [3313795.110s][info][gc] GC(381563) Pause Cleanup 56M->56M(75M) 0.552ms
Dec 24 09:41:20 burnside uvmconsole: [3313795.112s][info][gc] GC(381563) Concurrent Cycle 623.830ms
Dec 24 09:41:22 burnside uvmconsole: [3313797.077s][info][gc] GC(381564) Pause Young (Prepare Mixed) (G1 Evacuation Pause) 61M->55M(75M) 10.101ms
Dec 24 09:41:23 burnside uvmconsole: [3313798.654s][info][gc] GC(381565) Pause Young (Mixed) (G1 Evacuation Pause) 57M->55M(75M) 8.529ms
Dec 24 09:41:28 burnside uvmconsole: [3313803.354s][info][gc] GC(381566) Pause Young (Normal) (G1 Evacuation Pause) 61M->55M(75M) 8.039ms
Dec 24 09:41:38 burnside uvmconsole: [3313812.872s][info][gc] GC(381567) Pause Young (Normal) (G1 Evacuation Pause) 62M->55M(75M) 8.033ms
Dec 24 09:41:43 burnside uvmconsole: [3313818.069s][info][gc] GC(381568) Pause Young (Concurrent Start) (G1 Evacuation Pause) 62M->55M(75M) 10.550ms
Dec 24 09:41:43 burnside uvmconsole: [3313818.069s][info][gc] GC(381569) Concurrent Cycle
Dec 24 09:41:43 burnside uvmconsole: [3313818.507s][info][gc] GC(381569) Pause Remark 56M->56M(75M) 45.151ms
Dec 24 09:41:43 burnside uvmconsole: [3313818.724s][info][gc] GC(381569) Pause Cleanup 57M->57M(75M) 0.568ms
Dec 24 09:41:43 burnside uvmconsole: [3313818.726s][info][gc] GC(381569) Concurrent Cycle 656.145ms
Dec 24 09:41:46 burnside uvmconsole: [3313821.542s][info][gc] GC(381570) Pause Young (Prepare Mixed) (G1 Evacuation Pause) 62M->55M(75M) 11.006ms
Dec 24 09:41:47 burnside uvmconsole: [3313822.713s][info][gc] GC(381571) Pause Young (Mixed) (G1 Evacuation Pause) 57M->55M(75M) 10.031ms
Dec 24 09:41:49 burnside uvmconsole: [3313824.558s][info][gc] GC(381572) Pause Young (Normal) (G1 Evacuation Pause) 61M->55M(75M) 8.879ms
Dec 24 09:41:51 burnside uvmconsole: [3313826.026s][info][gc] GC(381573) Pause Full (System.gc()) 56M->51M(75M) 346.345ms
Dec 24 09:41:52 burnside uvmconsole: [3313827.073s][info][gc] GC(381574) Pause Young (Normal) (G1 Evacuation Pause) 59M->51M(75M) 12.142ms
Dec 24 09:41:55 burnside uvmconsole: [3313830.467s][info][gc] GC(381575) Pause Young (Normal) (G1 Evacuation Pause) 59M->51M(75M) 7.071ms
Dec 24 09:41:59 burnside uvmconsole: [3313834.131s][info][gc] GC(381576) Pause Young (Normal) (G1 Evacuation Pause) 59M->52M(75M) 9.159ms
Dec 24 09:42:00 burnside uvmconsole: [3313835.667s][info][gc] GC(381577) Pause Young (Normal) (G1 Evacuation Pause) 60M->52M(75M) 14.206ms
Dec 24 09:42:02 burnside uvmconsole: [3313836.853s][info][gc] GC(381578) Pause Young (Normal) (G1 Evacuation Pause) 60M->52M(75M) 11.339ms
Dec 24 09:42:02 burnside uvmconsole: [3313837.171s][info][gc] GC(381579) Pause Young (Normal) (G1 Evacuation Pause) 60M->52M(75M) 13.689ms
Dec 24 09:42:05 burnside uvmconsole: [3313839.881s][info][gc] GC(381580) Pause Young (Normal) (G1 Evacuation Pause) 59M->52M(75M) 9.198ms
Dec 24 09:42:09 burnside uvmconsole: [3313844.324s][info][gc] GC(381581) Pause Young (Normal) (G1 Evacuation Pause) 60M->52M(75M) 9.404ms
Dec 24 09:42:12 burnside uvmconsole: [3313847.354s][info][gc] GC(381582) Pause Young (Normal) (G1 Evacuation Pause) 60M->52M(75M) 10.483ms
Dec 24 09:42:16 burnside uvmconsole: [3313851.040s][info][gc] GC(381583) Pause Young (Normal) (G1 Evacuation Pause) 60M->52M(75M) 9.976ms
Dec 24 09:42:22 burnside uvmconsole: [3313857.315s][info][gc] GC(381584) Pause Young (Normal) (G1 Evacuation Pause) 59M->52M(75M) 10.539ms
Dec 24 09:42:24 burnside uvmconsole: [3313858.974s][info][gc] GC(381585) Pause Young (Normal) (G1 Evacuation Pause) 59M->53M(75M) 17.936ms
Dec 24 09:42:29 burnside uvmconsole: [3313864.372s][info][gc] GC(381586) Pause Young (Normal) (G1 Evacuation Pause) 60M->53M(75M) 8.273ms
Dec 24 09:42:32 burnside uvmconsole: [3313867.686s][info][gc] GC(381587) Pause Young (Normal) (G1 Evacuation Pause) 60M->53M(75M) 7.780ms
Dec 24 09:42:36 burnside uvmconsole: [3313871.050s][info][gc] GC(381588) Pause Young (Normal) (G1 Evacuation Pause) 60M->53M(75M) 9.854ms
Dec 24 09:42:41 burnside uvmconsole: [3313876.220s][info][gc] GC(381589) Pause Young (Normal) (G1 Evacuation Pause) 60M->53M(75M) 8.613ms
Dec 24 09:42:45 burnside uvmconsole: [3313880.410s][info][gc] GC(381590) Pause Young (Normal) (G1 Evacuation Pause) 60M->53M(75M) 9.871ms
Dec 24 09:42:48 burnside uvmconsole: [3313883.610s][info][gc] GC(381591) Pause Young (Normal) (G1 Evacuation Pause) 60M->53M(75M) 8.479ms
Dec 24 09:42:54 burnside uvmconsole: [3313888.969s][info][gc] GC(381592) Pause Young (Normal) (G1 Evacuation Pause) 60M->53M(75M) 8.678ms
Dec 24 09:42:56 burnside uvmconsole: [3313891.009s][info][gc] GC(381593) Pause Young (Normal) (G1 Evacuation Pause) 60M->53M(75M) 8.304ms
Dec 24 09:42:59 burnside uvmconsole: [3313894.191s][info][gc] GC(381594) Pause Young (Normal) (G1 Evacuation Pause) 60M->53M(75M) 7.967ms
Dec 24 09:43:01 burnside uvmconsole: [3313896.401s][info][gc] GC(381595) Pause Young (Normal) (G1 Evacuation Pause) 60M->53M(75M) 11.364ms
Dec 24 09:43:04 burnside uvmconsole: [3313898.755s][info][gc] GC(381596) Pause Young (Normal) (G1 Evacuation Pause) 60M->53M(75M) 9.448ms
Dec 24 09:43:05 burnside uvmconsole: [3313900.367s][info][gc] GC(381597) Pause Young (Normal) (G1 Evacuation Pause) 60M->54M(75M) 8.532ms
Dec 24 09:43:05 burnside uvmconsole: [3313900.671s][info][gc] GC(381598) Pause Young (Normal) (G1 Evacuation Pause) 60M->54M(75M) 18.490ms
Dec 24 09:43:07 burnside uvmconsole: [3313902.417s][info][gc] GC(381599) Pause Young (Normal) (G1 Evacuation Pause) 60M->53M(75M) 7.715ms
Dec 24 09:43:10 burnside uvmconsole: [3313905.135s][info][gc] GC(381600) Pause Young (Normal) (G1 Evacuation Pause) 59M->53M(75M) 9.296ms
Dec 24 09:43:11 burnside uvmconsole: [3313906.174s][info][gc] GC(381601) Pause Young (Normal) (G1 Evacuation Pause) 59M->54M(75M) 7.276ms
Dec 24 09:43:13 burnside uvmconsole: [3313908.119s][info][gc] GC(381602) Pause Young (Normal) (G1 Evacuation Pause) 60M->54M(75M) 7.788ms
Dec 24 09:43:15 burnside uvmconsole: [3313909.984s][info][gc] GC(381603) Pause Young (Normal) (G1 Evacuation Pause) 60M->54M(75M) 9.235ms
Dec 24 09:43:17 burnside uvmconsole: [3313912.590s][info][gc] GC(381604) Pause Young (Normal) (G1 Evacuation Pause) 60M->54M(75M) 7.218ms
Dec 24 09:43:21 burnside uvmconsole: [3313916.212s][info][gc] GC(381605) Pause Young (Normal) (G1 Evacuation Pause) 60M->54M(75M) 7.570ms
Dec 24 09:43:27 burnside uvmconsole: [3313921.988s][info][gc] GC(381606) Pause Young (Normal) (G1 Evacuation Pause) 60M->54M(75M) 8.379ms
Dec 24 09:43:30 burnside uvmconsole: [3313925.701s][info][gc] GC(381607) Pause Young (Normal) (G1 Evacuation Pause) 60M->54M(75M) 7.787ms
Dec 24 09:43:34 burnside uvmconsole: [3313929.251s][info][gc] GC(381608) Pause Young (Normal) (G1 Evacuation Pause) 60M->54M(75M) 8.949ms
Dec 24 09:43:37 burnside uvmconsole: [3313932.274s][info][gc] GC(381609) Pause Young (Normal) (G1 Evacuation Pause) 60M->54M(75M) 15.490ms
Dec 24 09:43:39 burnside uvmconsole: [3313934.400s][info][gc] GC(381610) Pause Young (Normal) (G1 Evacuation Pause) 60M->54M(75M) 8.384ms
Dec 24 09:43:42 burnside uvmconsole: [3313937.070s][info][gc] GC(381611) Pause Young (Normal) (G1 Evacuation Pause) 60M->54M(75M) 7.953ms
Dec 24 09:43:46 burnside uvmconsole: [3313941.230s][info][gc] GC(381612) Pause Young (Normal) (G1 Evacuation Pause) 60M->54M(75M) 9.181ms
Dec 24 09:43:48 burnside uvmconsole: [3313943.384s][info][gc] GC(381613) Pause Young (Normal) (G1 Evacuation Pause) 60M->54M(75M) 7.445ms
Dec 24 09:43:50 burnside uvmconsole: [3313944.944s][info][gc] GC(381614) Pause Young (Normal) (G1 Evacuation Pause) 60M->54M(75M) 8.645ms
Dec 24 09:43:53 burnside uvmconsole: [3313947.772s][info][gc] GC(381615) Pause Young (Normal) (G1 Evacuation Pause) 60M->54M(75M) 7.992ms
Dec 24 09:43:55 burnside uvmconsole: [3313950.449s][info][gc] GC(381616) Pause Young (Normal) (G1 Evacuation Pause) 60M->54M(75M) 8.240ms
Dec 24 09:43:58 burnside uvmconsole: [3313952.932s][info][gc] GC(381617) Pause Young (Normal) (G1 Evacuation Pause) 60M->54M(75M) 8.709ms
Dec 24 09:43:58 burnside uvmconsole: [3313953.415s][info][gc] GC(381618) Pause Young (Normal) (G1 Evacuation Pause) 60M->54M(75M) 15.715ms
Dec 24 09:43:59 burnside uvmconsole: [3313954.273s][info][gc] GC(381619) Pause Young (Normal) (G1 Evacuation Pause) 60M->54M(75M) 9.130ms
Dec 24 09:44:01 burnside uvmconsole: [3313955.804s][info][gc] GC(381620) Pause Young (Normal) (G1 Evacuation Pause) 60M->54M(75M) 10.475ms
Dec 24 09:44:02 burnside uvmconsole: [3313957.641s][info][gc] GC(381621) Pause Young (Normal) (G1 Evacuation Pause) 60M->54M(75M) 9.533ms
Dec 24 09:44:08 burnside uvmconsole: [3313963.145s][info][gc] GC(381622) Pause Young (Normal) (G1 Evacuation Pause) 60M->54M(75M) 9.177ms
Dec 24 09:44:08 burnside uvmconsole: [3313963.658s][info][gc] GC(381623) Pause Young (Normal) (G1 Evacuation Pause) 60M->54M(75M) 8.584ms
Dec 24 09:44:10 burnside uvmconsole: [3313965.385s][info][gc] GC(381624) Pause Young (Normal) (G1 Evacuation Pause) 60M->54M(75M) 7.488ms
Dec 24 09:44:16 burnside uvmconsole: [3313971.038s][info][gc] GC(381625) Pause Young (Normal) (G1 Evacuation Pause) 60M->54M(75M) 7.047ms
Dec 24 09:44:21 burnside uvmconsole: [3313976.047s][info][gc] GC(381626) Pause Young (Normal) (G1 Evacuation Pause) 60M->54M(75M) 6.811ms
Dec 24 09:44:24 burnside uvmconsole: [3313979.353s][info][gc] GC(381627) Pause Young (Normal) (G1 Evacuation Pause) 60M->54M(75M) 8.444ms
Dec 24 09:44:26 burnside uvmconsole: [3313981.327s][info][gc] GC(381628) Pause Young (Normal) (G1 Evacuation Pause) 60M->54M(75M) 8.646ms
Dec 24 09:44:27 burnside uvmconsole: [3313982.004s][info][gc] GC(381629) Pause Young (Normal) (G1 Evacuation Pause) 60M->54M(75M) 7.982ms
Dec 24 09:44:30 burnside uvmconsole: [3313984.825s][info][gc] GC(381630) Pause Young (Normal) (G1 Evacuation Pause) 60M->55M(75M) 8.501ms
Dec 24 09:44:31 burnside uvmconsole: [3313986.303s][info][gc] GC(381631) Pause Young (Normal) (G1 Evacuation Pause) 61M->54M(75M) 7.485ms
Dec 24 09:44:33 burnside uvmconsole: [3313988.658s][info][gc] GC(381632) Pause Young (Normal) (G1 Evacuation Pause) 60M->54M(75M) 7.673ms
Dec 24 09:44:38 burnside uvmconsole: [3313993.345s][info][gc] GC(381633) Pause Young (Normal) (G1 Evacuation Pause) 60M->54M(75M) 7.386ms
Dec 24 09:44:40 burnside uvmconsole: [3313995.448s][info][gc] GC(381634) Pause Young (Normal) (G1 Evacuation Pause) 60M->55M(75M) 12.097ms
Dec 24 09:44:47 burnside uvmconsole: [3314001.820s][info][gc] GC(381635) Pause Young (Normal) (G1 Evacuation Pause) 61M->55M(75M) 7.853ms
Dec 24 09:44:49 burnside uvmconsole: [3314004.319s][info][gc] GC(381636) Pause Young (Normal) (G1 Evacuation Pause) 60M->55M(75M) 7.023ms
Dec 24 09:44:50 burnside uvmconsole: [3314005.690s][info][gc] GC(381637) Pause Young (Normal) (G1 Evacuation Pause) 60M->55M(75M) 12.794ms
Dec 24 09:44:52 burnside uvmconsole: [3314007.471s][info][gc] GC(381638) Pause Young (Normal) (G1 Evacuation Pause) 60M->55M(75M) 8.510ms
Dec 24 09:44:57 burnside uvmconsole: [3314012.094s][info][gc] GC(381639) Pause Young (Normal) (G1 Evacuation Pause) 60M->55M(75M) 7.087ms
Dec 24 09:45:00 burnside uvmconsole: [3314015.254s][info][gc] GC(381640) Pause Young (Normal) (G1 Evacuation Pause) 60M->55M(75M) 8.877ms
Dec 24 09:45:01 burnside uvmconsole: [3314015.909s][info][gc] GC(381641) Pause Young (Normal) (G1 Evacuation Pause) 60M->55M(75M) 8.690ms
Dec 24 09:45:03 burnside uvmconsole: [3314017.929s][info][gc] GC(381642) Pause Young (Normal) (G1 Evacuation Pause) 60M->55M(75M) 7.291ms
Dec 24 09:45:09 burnside uvmconsole: [3314024.182s][info][gc] GC(381643) Pause Young (Normal) (G1 Evacuation Pause) 60M->55M(75M) 6.668ms
Dec 24 09:45:12 burnside uvmconsole: [3314026.945s][info][gc] GC(381644) Pause Young (Normal) (G1 Evacuation Pause) 60M->55M(75M) 8.762ms
Dec 24 09:45:14 burnside uvmconsole: [3314029.107s][info][gc] GC(381645) Pause Young (Normal) (G1 Evacuation Pause) 60M->55M(75M) 7.869ms
Dec 24 09:45:18 burnside uvmconsole: [3314033.623s][info][gc] GC(381646) Pause Young (Normal) (G1 Evacuation Pause) 60M->55M(75M) 6.748ms
Dec 24 09:45:22 burnside uvmconsole: [3314037.365s][info][gc] GC(381647) Pause Young (Normal) (G1 Evacuation Pause) 60M->55M(75M) 6.905ms
Dec 24 09:45:26 burnside uvmconsole: [3314041.752s][info][gc] GC(381648) Pause Young (Normal) (G1 Evacuation Pause) 60M->55M(75M) 9.121ms
Dec 24 09:45:30 burnside uvmconsole: [3314045.147s][info][gc] GC(381649) Pause Young (Normal) (G1 Evacuation Pause) 60M->55M(75M) 7.909ms
Dec 24 09:45:31 burnside uvmconsole: [3314046.595s][info][gc] GC(381650) Pause Young (Normal) (G1 Evacuation Pause) 60M->55M(75M) 8.612ms
Dec 24 09:45:33 burnside uvmconsole: [3314047.819s][info][gc] GC(381651) Pause Young (Normal) (G1 Evacuation Pause) 60M->55M(75M) 8.099ms
Dec 24 09:45:37 burnside uvmconsole: [3314052.353s][info][gc] GC(381652) Pause Young (Normal) (G1 Evacuation Pause) 60M->55M(75M) 7.880ms
Dec 24 09:45:41 burnside uvmconsole: [3314055.980s][info][gc] GC(381653) Pause Young (Normal) (G1 Evacuation Pause) 60M->55M(75M) 8.272ms
Dec 24 09:45:42 burnside uvmconsole: [3314057.692s][info][gc] GC(381654) Pause Young (Normal) (G1 Evacuation Pause) 60M->56M(75M) 18.562ms
Dec 24 09:45:45 burnside uvmconsole: [3314060.042s][info][gc] GC(381655) Pause Young (Normal) (G1 Evacuation Pause) 61M->56M(75M) 8.151ms
Dec 24 09:45:46 burnside uvmconsole: [3314061.731s][info][gc] GC(381656) Pause Young (Normal) (G1 Evacuation Pause) 60M->55M(75M) 9.337ms
Dec 24 09:45:49 burnside uvmconsole: [3314063.945s][info][gc] GC(381657) Pause Young (Normal) (G1 Evacuation Pause) 59M->55M(75M) 7.737ms
Dec 24 09:45:51 burnside uvmconsole: [3314066.591s][info][gc] GC(381658) Pause Young (Normal) (G1 Evacuation Pause) 59M->56M(75M) 8.368ms
Dec 24 09:45:52 burnside uvmconsole: [3314067.032s][info][gc] GC(381659) Pause Young (Normal) (G1 Evacuation Pause) 60M->56M(75M) 8.688ms
Dec 24 09:45:53 burnside uvmconsole: [3314067.987s][info][gc] GC(381660) Pause Young (Normal) (G1 Evacuation Pause) 60M->56M(75M) 7.460ms
Dec 24 09:45:54 burnside uvmconsole: [3314069.240s][info][gc] GC(381661) Pause Young (Normal) (G1 Evacuation Pause) 60M->56M(75M) 6.780ms
Dec 24 09:45:56 burnside uvmconsole: [3314071.343s][info][gc] GC(381662) Pause Young (Normal) (G1 Evacuation Pause) 60M->56M(75M) 7.055ms
Dec 24 09:45:56 burnside uvmconsole: [3314071.671s][info][gc] GC(381663) Pause Young (Normal) (G1 Evacuation Pause) 60M->56M(75M) 8.486ms
Dec 24 09:45:58 burnside uvmconsole: [3314072.826s][info][gc] GC(381664) Pause Young (Normal) (G1 Evacuation Pause) 60M->56M(75M) 7.184ms
Dec 24 09:45:59 burnside uvmconsole: [3314074.484s][info][gc] GC(381665) Pause Young (Normal) (G1 Evacuation Pause) 60M->56M(75M) 7.357ms
Dec 24 09:46:03 burnside uvmconsole: [3314078.341s][info][gc] GC(381666) Pause Young (Normal) (G1 Evacuation Pause) 60M->56M(75M) 8.769ms
Dec 24 09:46:03 burnside uvmconsole: [3314078.376s][info][gc] GC(381667) Pause Young (Normal) (G1 Evacuation Pause) 60M->56M(75M) 8.274ms
Dec 24 09:46:04 burnside uvmconsole: [3314079.196s][info][gc] GC(381668) Pause Young (Normal) (G1 Evacuation Pause) 60M->56M(75M) 8.338ms
Dec 24 09:46:06 burnside uvmconsole: [3314081.152s][info][gc] GC(381669) Pause Young (Concurrent Start) (G1 Evacuation Pause) 60M->56M(75M) 9.406ms
Dec 24 09:46:06 burnside uvmconsole: [3314081.153s][info][gc] GC(381670) Concurrent Cycle
Dec 24 09:46:06 burnside uvmconsole: [3314081.573s][info][gc] GC(381670) Pause Remark 57M->57M(75M) 44.641ms
Dec 24 09:46:07 burnside uvmconsole: [3314081.808s][info][gc] GC(381670) Pause Cleanup 59M->59M(75M) 0.464ms
Dec 24 09:46:07 burnside uvmconsole: [3314081.810s][info][gc] GC(381670) Concurrent Cycle 657.324ms
Dec 24 09:46:07 burnside uvmconsole: [3314082.393s][info][gc] GC(381671) Pause Young (Prepare Mixed) (G1 Evacuation Pause) 60M->56M(75M) 8.924ms
Dec 24 09:46:09 burnside uvmconsole: [3314083.768s][info][gc] GC(381672) Pause Young (Mixed) (G1 Evacuation Pause) 58M->53M(75M) 9.780ms
Dec 24 09:46:13 burnside uvmconsole: [3314088.597s][info][gc] GC(381673) Pause Young (Normal) (G1 Evacuation Pause) 60M->53M(75M) 8.986ms
Dec 24 09:46:15 burnside uvmconsole: [3314090.195s][info][gc] GC(381674) Pause Young (Normal) (G1 Evacuation Pause) 61M->53M(75M) 7.583ms
Dec 24 09:46:17 burnside uvmconsole: [3314092.371s][info][gc] GC(381675) Pause Young (Normal) (G1 Evacuation Pause) 61M->53M(75M) 8.153ms
Dec 24 09:46:22 burnside uvmconsole: [3314097.539s][info][gc] GC(381676) Pause Young (Normal) (G1 Evacuation Pause) 61M->54M(75M) 9.064ms
Dec 24 09:46:27 burnside uvmconsole: [3314101.950s][info][gc] GC(381677) Pause Young (Normal) (G1 Evacuation Pause) 62M->53M(75M) 7.336ms
Dec 24 09:46:30 burnside uvmconsole: [3314105.534s][info][gc] GC(381678) Pause Young (Normal) (G1 Evacuation Pause) 61M->54M(75M) 9.001ms
Dec 24 09:46:33 burnside uvmconsole: [3314108.455s][info][gc] GC(381679) Pause Young (Normal) (G1 Evacuation Pause) 62M->54M(75M) 10.250ms
Dec 24 09:46:36 burnside uvmconsole: [3314111.097s][info][gc] GC(381680) Pause Young (Normal) (G1 Evacuation Pause) 62M->54M(75M) 9.267ms
Dec 24 09:46:41 burnside uvmconsole: [3314115.764s][info][gc] GC(381681) Pause Young (Normal) (G1 Evacuation Pause) 62M->54M(75M) 11.020ms
Dec 24 09:46:45 burnside uvmconsole: [3314120.132s][info][gc] GC(381682) Pause Young (Normal) (G1 Evacuation Pause) 62M->54M(75M) 10.300ms
Dec 24 09:46:48 burnside uvmconsole: [3314122.850s][info][gc] GC(381683) Pause Young (Normal) (G1 Evacuation Pause) 62M->54M(75M) 9.402ms
Dec 24 09:46:51 burnside uvmconsole: [3314126.023s][info][gc] GC(381684) Pause Full (System.gc()) 59M->50M(75M) 343.376ms
Dec 24 09:46:55 burnside uvmconsole: [3314129.931s][info][gc] GC(381685) Pause Young (Normal) (G1 Evacuation Pause) 59M->50M(75M) 6.922ms
Dec 24 09:46:57 burnside uvmconsole: [3314132.022s][info][gc] GC(381686) Pause Young (Normal) (G1 Evacuation Pause) 59M->50M(75M) 7.735ms
Dec 24 09:47:00 burnside uvmconsole: [3314134.801s][info][gc] GC(381687) Pause Young (Normal) (G1 Evacuation Pause) 59M->50M(75M) 8.668ms
Dec 24 09:47:03 burnside uvmconsole: [3314138.478s][info][gc] GC(381688) Pause Young (Normal) (G1 Evacuation Pause) 60M->51M(75M) 9.391ms
Dec 24 09:47:06 burnside uvmconsole: [3314141.035s][info][gc] GC(381689) Pause Young (Normal) (G1 Evacuation Pause) 61M->51M(75M) 8.330ms
Dec 24 09:47:07 burnside uvmconsole: [3314142.320s][info][gc] GC(381690) Pause Young (Normal) (G1 Evacuation Pause) 61M->51M(75M) 7.712ms
Dec 24 09:47:10 burnside uvmconsole: [3314145.205s][info][gc] GC(381691) Pause Young (Normal) (G1 Evacuation Pause) 61M->51M(75M) 7.187ms
Dec 24 09:47:14 burnside uvmconsole: [3314148.959s][info][gc] GC(381692) Pause Young (Normal) (G1 Evacuation Pause) 61M->51M(75M) 8.734ms
Dec 24 09:47:17 burnside uvmconsole: [3314152.136s][info][gc] GC(381693) Pause Young (Normal) (G1 Evacuation Pause) 61M->51M(75M) 12.814ms
Dec 24 09:47:24 burnside uvmconsole: [3314159.001s][info][gc] GC(381694) Pause Young (Normal) (G1 Evacuation Pause) 61M->51M(75M) 8.764ms
Dec 24 09:47:30 burnside uvmconsole: [3314164.815s][info][gc] GC(381695) Pause Young (Normal) (G1 Evacuation Pause) 61M->51M(75M) 9.315ms
Dec 24 09:47:33 burnside uvmconsole: [3314168.732s][info][gc] GC(381696) Pause Young (Normal) (G1 Evacuation Pause) 61M->51M(75M) 11.945ms
Dec 24 09:47:37 burnside uvmconsole: [3314172.108s][info][gc] GC(381697) Pause Young (Normal) (G1 Evacuation Pause) 61M->51M(75M) 9.482ms
Dec 24 09:47:40 burnside uvmconsole: [3314175.483s][info][gc] GC(381698) Pause Young (Normal) (G1 Evacuation Pause) 61M->51M(75M) 10.722ms
Dec 24 09:47:44 burnside uvmconsole: [3314178.907s][info][gc] GC(381699) Pause Young (Normal) (G1 Evacuation Pause) 61M->51M(75M) 9.605ms
Dec 24 09:47:48 burnside uvmconsole: [3314183.555s][info][gc] GC(381700) Pause Young (Normal) (G1 Evacuation Pause) 61M->51M(75M) 11.112ms
Dec 24 09:47:52 burnside uvmconsole: [3314186.922s][info][gc] GC(381701) Pause Young (Normal) (G1 Evacuation Pause) 60M->51M(75M) 10.915ms
Dec 24 09:47:54 burnside uvmconsole: [3314189.287s][info][gc] GC(381702) Pause Young (Normal) (G1 Evacuation Pause) 60M->51M(75M) 11.030ms
Dec 24 09:47:58 burnside uvmconsole: [3314193.389s][info][gc] GC(381703) Pause Young (Normal) (G1 Evacuation Pause) 60M->51M(75M) 10.159ms
Dec 24 09:48:00 burnside uvmconsole: [3314195.316s][info][gc] GC(381704) Pause Young (Normal) (G1 Evacuation Pause) 60M->52M(75M) 10.814ms
Dec 24 09:48:03 burnside uvmconsole: [3314197.954s][info][gc] GC(381705) Pause Young (Normal) (G1 Evacuation Pause) 61M->52M(75M) 10.522ms
Dec 24 09:48:07 burnside uvmconsole: [3314202.510s][info][gc] GC(381706) Pause Young (Normal) (G1 Evacuation Pause) 61M->52M(75M) 11.161ms
Dec 24 09:48:09 burnside uvmconsole: [3314203.854s][info][gc] GC(381707) Pause Young (Normal) (G1 Evacuation Pause) 61M->52M(75M) 10.605ms
Dec 24 09:48:12 burnside uvmconsole: [3314206.758s][info][gc] GC(381708) Pause Young (Normal) (G1 Evacuation Pause) 61M->52M(75M) 10.588ms
Dec 24 09:48:14 burnside uvmconsole: [3314209.206s][info][gc] GC(381709) Pause Young (Normal) (G1 Evacuation Pause) 62M->52M(75M) 9.915ms
Dec 24 09:48:15 burnside uvmconsole: [3314210.527s][info][gc] GC(381710) Pause Young (Normal) (G1 Evacuation Pause) 62M->52M(75M) 9.790ms
Dec 24 09:48:20 burnside uvmconsole: [3314215.571s][info][gc] GC(381711) Pause Young (Normal) (G1 Evacuation Pause) 62M->52M(75M) 8.908ms
Dec 24 09:48:27 burnside uvmconsole: [3314222.621s][info][gc] GC(381712) Pause Young (Normal) (G1 Evacuation Pause) 61M->52M(75M) 9.401ms
Dec 24 09:48:32 burnside uvmconsole: [3314226.867s][info][gc] GC(381713) Pause Young (Normal) (G1 Evacuation Pause) 61M->52M(75M) 8.703ms
Dec 24 09:48:41 burnside uvmconsole: [3314236.234s][info][gc] GC(381714) Pause Young (Normal) (G1 Evacuation Pause) 61M->52M(75M) 9.380ms
Dec 24 09:48:50 burnside uvmconsole: [3314245.433s][info][gc] GC(381715) Pause Young (Normal) (G1 Evacuation Pause) 61M->52M(75M) 10.209ms
Dec 24 09:48:54 burnside uvmconsole: [3314249.410s][info][gc] GC(381716) Pause Young (Normal) (G1 Evacuation Pause) 61M->52M(75M) 11.103ms
Dec 24 09:49:00 burnside uvmconsole: [3314254.815s][info][gc] GC(381717) Pause Young (Normal) (G1 Evacuation Pause) 61M->52M(75M) 9.666ms
Dec 24 09:49:01 burnside uvmconsole: [3314256.074s][info][gc] GC(381718) Pause Young (Normal) (G1 Evacuation Pause) 61M->52M(75M) 9.544ms
Dec 24 09:49:03 burnside uvmconsole: [3314258.188s][info][gc] GC(381719) Pause Young (Normal) (G1 Evacuation Pause) 60M->52M(75M) 10.439ms
Dec 24 09:49:11 burnside uvmconsole: [3314266.644s][info][gc] GC(381720) Pause Young (Normal) (G1 Evacuation Pause) 61M->52M(75M) 9.664ms
Dec 24 09:49:18 burnside uvmconsole: [3314273.093s][info][gc] GC(381721) Pause Young (Normal) (G1 Evacuation Pause) 61M->52M(75M) 9.360ms
Dec 24 09:49:19 burnside uvmconsole: [3314273.926s][info][gc] GC(381722) Pause Young (Normal) (G1 Evacuation Pause) 61M->52M(75M) 9.452ms
Dec 24 09:49:27 burnside uvmconsole: [3314281.889s][info][gc] GC(381723) Pause Young (Normal) (G1 Evacuation Pause) 60M->52M(75M) 9.402ms
Dec 24 09:49:32 burnside uvmconsole: [3314286.831s][info][gc] GC(381724) Pause Young (Normal) (G1 Evacuation Pause) 60M->52M(75M) 10.599ms
Dec 24 09:49:35 burnside uvmconsole: [3314289.927s][info][gc] GC(381725) Pause Young (Normal) (G1 Evacuation Pause) 60M->53M(75M) 9.401ms
Dec 24 09:49:42 burnside uvmconsole: [3314297.668s][info][gc] GC(381726) Pause Young (Normal) (G1 Evacuation Pause) 61M->53M(75M) 10.086ms
Dec 24 09:49:55 burnside uvmconsole: [3314310.393s][info][gc] GC(381727) Pause Young (Normal) (G1 Evacuation Pause) 61M->53M(75M) 10.307ms
Dec 24 09:49:59 burnside uvmconsole: [3314314.196s][info][gc] GC(381728) Pause Young (Normal) (G1 Evacuation Pause) 61M->53M(75M) 9.317ms
Dec 24 09:50:03 burnside uvmconsole: [3314318.678s][info][gc] GC(381729) Pause Young (Normal) (G1 Evacuation Pause) 62M->53M(75M) 20.515ms
Dec 24 09:50:12 burnside uvmconsole: [3314327.610s][info][gc] GC(381730) Pause Young (Normal) (G1 Evacuation Pause) 61M->53M(75M) 11.588ms
Dec 24 09:50:19 burnside uvmconsole: [3314333.913s][info][gc] GC(381731) Pause Young (Normal) (G1 Evacuation Pause) 61M->53M(75M) 9.587ms
Dec 24 09:50:24 burnside uvmconsole: [3314338.932s][info][gc] GC(381732) Pause Young (Normal) (G1 Evacuation Pause) 62M->53M(75M) 14.464ms
Dec 24 09:50:27 burnside uvmconsole: [3314342.324s][info][gc] GC(381733) Pause Young (Normal) (G1 Evacuation Pause) 61M->53M(75M) 10.653ms
Dec 24 09:50:34 burnside uvmconsole: [3314349.087s][info][gc] GC(381734) Pause Young (Normal) (G1 Evacuation Pause) 62M->53M(75M) 9.621ms
Dec 24 09:50:44 burnside uvmconsole: [3314359.268s][info][gc] GC(381735) Pause Young (Normal) (G1 Evacuation Pause) 62M->53M(75M) 9.725ms
Dec 24 09:50:54 burnside uvmconsole: [3314369.475s][info][gc] GC(381736) Pause Young (Normal) (G1 Evacuation Pause) 61M->53M(75M) 19.420ms
Dec 24 09:50:59 burnside uvmconsole: [3314374.057s][info][gc] GC(381737) Pause Young (Normal) (G1 Evacuation Pause) 60M->53M(75M) 9.391ms
Dec 24 09:51:04 burnside uvmconsole: [3314379.645s][info][gc] GC(381738) Pause Young (Normal) (G1 Evacuation Pause) 61M->54M(75M) 10.819ms
Dec 24 09:51:06 burnside uvmconsole: [3314380.774s][info][gc] GC(381739) Pause Young (Normal) (G1 Evacuation Pause) 61M->53M(75M) 9.938ms
Dec 24 09:51:09 burnside uvmconsole: [3314383.918s][info][gc] GC(381740) Pause Young (Normal) (G1 Evacuation Pause) 61M->53M(75M) 9.208ms
Dec 24 09:51:13 burnside uvmconsole: [3314388.543s][info][gc] GC(381741) Pause Young (Normal) (G1 Evacuation Pause) 61M->54M(75M) 9.809ms
Dec 24 09:51:16 burnside uvmconsole: [3314391.037s][info][gc] GC(381742) Pause Young (Normal) (G1 Evacuation Pause) 61M->54M(75M) 10.068ms
Dec 24 09:51:23 burnside uvmconsole: [3314398.641s][info][gc] GC(381743) Pause Young (Normal) (G1 Evacuation Pause) 61M->53M(75M) 9.123ms
Dec 24 09:51:27 burnside uvmconsole: [3314402.213s][info][gc] GC(381744) Pause Young (Normal) (G1 Evacuation Pause) 61M->53M(75M) 12.562ms
Dec 24 09:51:30 burnside uvmconsole: [3314405.535s][info][gc] GC(381745) Pause Young (Normal) (G1 Evacuation Pause) 61M->53M(75M) 8.558ms
Dec 24 09:51:34 burnside uvmconsole: [3314409.556s][info][gc] GC(381746) Pause Young (Normal) (G1 Evacuation Pause) 61M->53M(75M) 9.605ms
Dec 24 09:51:41 burnside uvmconsole: [3314416.530s][info][gc] GC(381747) Pause Young (Normal) (G1 Evacuation Pause) 61M->54M(75M) 8.841ms
Dec 24 09:51:51 burnside uvmconsole: [3314426.013s][info][gc] GC(381748) Pause Full (System.gc()) 61M->49M(75M) 333.984ms
Dec 24 09:51:59 burnside uvmconsole: [3314434.190s][info][gc] GC(381749) Pause Young (Normal) (G1 Evacuation Pause) 59M->49M(75M) 6.708ms
Dec 24 09:52:04 burnside uvmconsole: [3314439.050s][info][gc] GC(381750) Pause Young (Normal) (G1 Evacuation Pause) 59M->49M(75M) 8.558ms
Dec 24 09:52:06 burnside uvmconsole: [3314441.630s][info][gc] GC(381751) Pause Young (Normal) (G1 Evacuation Pause) 59M->50M(75M) 7.597ms
Dec 24 09:52:09 burnside uvmconsole: [3314444.162s][info][gc] GC(381752) Pause Young (Normal) (G1 Evacuation Pause) 60M->49M(75M) 6.846ms
Dec 24 09:52:17 burnside uvmconsole: [3314452.426s][info][gc] GC(381753) Pause Young (Normal) (G1 Evacuation Pause) 59M->50M(75M) 8.106ms
Dec 24 09:52:32 burnside uvmconsole: [3314467.363s][info][gc] GC(381754) Pause Young (Normal) (G1 Evacuation Pause) 61M->50M(75M) 8.566ms
Dec 24 09:52:42 burnside uvmconsole: [3314477.664s][info][gc] GC(381755) Pause Young (Normal) (G1 Evacuation Pause) 61M->50M(75M) 8.109ms
Dec 24 09:52:58 burnside uvmconsole: [3314493.200s][info][gc] GC(381756) Pause Young (Normal) (G1 Evacuation Pause) 61M->50M(75M) 8.566ms
Dec 24 09:53:08 burnside uvmconsole: [3314503.405s][info][gc] GC(381757) Pause Young (Normal) (G1 Evacuation Pause) 61M->50M(75M) 8.831ms
Dec 24 09:53:11 burnside uvmconsole: [3314506.275s][info][gc] GC(381758) Pause Young (Normal) (G1 Evacuation Pause) 61M->50M(75M) 9.440ms
Dec 24 09:53:12 burnside uvmconsole: [3314507.386s][info][gc] GC(381759) Pause Young (Normal) (G1 Evacuation Pause) 61M->50M(75M) 12.938ms
Dec 24 09:53:14 burnside uvmconsole: [3314509.698s][info][gc] GC(381760) Pause Young (Normal) (G1 Evacuation Pause) 60M->51M(75M) 12.647ms
Dec 24 09:53:16 burnside uvmconsole: [3314511.447s][info][gc] GC(381761) Pause Young (Normal) (G1 Evacuation Pause) 61M->51M(75M) 12.163ms
Dec 24 09:53:18 burnside uvmconsole: [3314513.191s][info][gc] GC(381762) Pause Young (Normal) (G1 Evacuation Pause) 61M->51M(75M) 10.892ms
Dec 24 09:53:20 burnside uvmconsole: [3314515.024s][info][gc] GC(381763) Pause Young (Normal) (G1 Evacuation Pause) 61M->51M(75M) 13.573ms
Dec 24 09:53:26 burnside uvmconsole: [3314521.385s][info][gc] GC(381764) Pause Young (Normal) (G1 Evacuation Pause) 61M->50M(75M) 9.069ms
Dec 24 09:53:42 burnside uvmconsole: [3314536.801s][info][gc] GC(381765) Pause Young (Normal) (G1 Evacuation Pause) 60M->50M(75M) 7.721ms
Dec 24 09:54:00 burnside uvmconsole: [3314555.489s][info][gc] GC(381766) Pause Young (Normal) (G1 Evacuation Pause) 60M->51M(75M) 9.768ms
Dec 24 09:54:01 burnside uvmconsole: [3314556.454s][info][gc] GC(381767) Pause Young (Normal) (G1 Evacuation Pause) 61M->51M(75M) 18.383ms
Dec 24 09:54:15 burnside uvmconsole: [3314569.996s][info][gc] GC(381768) Pause Young (Normal) (G1 Evacuation Pause) 61M->51M(75M) 12.239ms
Dec 24 09:54:22 burnside uvmconsole: [3314577.109s][info][gc] GC(381769) Pause Young (Normal) (G1 Evacuation Pause) 61M->51M(75M) 14.119ms
Dec 24 09:54:23 burnside uvmconsole: [3314578.410s][info][gc] GC(381770) Pause Young (Normal) (G1 Evacuation Pause) 61M->51M(75M) 13.043ms
Dec 24 09:54:24 burnside uvmconsole: [3314579.633s][info][gc] GC(381771) Pause Young (Normal) (G1 Evacuation Pause) 60M->51M(75M) 13.979ms
Dec 24 09:54:25 burnside uvmconsole: [3314580.412s][info][gc] GC(381772) Pause Young (Normal) (G1 Evacuation Pause) 60M->52M(75M) 11.858ms
Dec 24 09:54:26 burnside uvmconsole: [3314581.423s][info][gc] GC(381773) Pause Young (Normal) (G1 Evacuation Pause) 61M->52M(75M) 13.102ms
Dec 24 09:54:27 burnside uvmconsole: [3314582.333s][info][gc] GC(381774) Pause Young (Normal) (G1 Evacuation Pause) 61M->51M(75M) 10.729ms
Dec 24 09:54:28 burnside uvmconsole: [3314583.725s][info][gc] GC(381775) Pause Young (Normal) (G1 Evacuation Pause) 61M->52M(75M) 11.144ms
Dec 24 09:54:30 burnside uvmconsole: [3314585.340s][info][gc] GC(381776) Pause Young (Normal) (G1 Evacuation Pause) 61M->52M(75M) 12.548ms
Dec 24 09:54:32 burnside uvmconsole: [3314587.328s][info][gc] GC(381777) Pause Young (Normal) (G1 Evacuation Pause) 61M->52M(75M) 12.595ms
Dec 24 09:54:33 burnside uvmconsole: [3314588.506s][info][gc] GC(381778) Pause Young (Normal) (G1 Evacuation Pause) 61M->52M(75M) 15.346ms
Dec 24 09:54:37 burnside uvmconsole: [3314592.168s][info][gc] GC(381779) Pause Young (Normal) (G1 Evacuation Pause) 61M->52M(75M) 8.480ms
Dec 24 09:54:39 burnside uvmconsole: [3314594.371s][info][gc] GC(381780) Pause Young (Normal) (G1 Evacuation Pause) 61M->52M(75M) 10.850ms
Dec 24 09:54:41 burnside uvmconsole: [3314596.001s][info][gc] GC(381781) Pause Young (Normal) (G1 Evacuation Pause) 60M->52M(75M) 11.033ms
Dec 24 09:54:43 burnside uvmconsole: [3314598.476s][info][gc] GC(381782) Pause Young (Normal) (G1 Evacuation Pause) 60M->52M(75M) 9.646ms
Dec 24 09:54:44 burnside uvmconsole: [3314599.612s][info][gc] GC(381783) Pause Young (Normal) (G1 Evacuation Pause) 61M->53M(75M) 18.695ms
Dec 24 09:54:47 burnside uvmconsole: [3314602.499s][info][gc] GC(381784) Pause Young (Normal) (G1 Evacuation Pause) 61M->53M(75M) 10.441ms
Dec 24 09:54:54 burnside uvmconsole: 12-24 09:54:54.015609| ERROR:./libnetcap/src/netcap_tcp_srv_complete.c:251:CRITICAL ERROR: connect: Cannot assign requested address : (24.222.11.62:10008 -> 104.107.6.119:443)
Dec 24 09:54:54 burnside uvmconsole: 12-24 09:54:54.015712| ERROR:./libnetcap/src/netcap_tcp_srv_complete.c:119:WARNING: _srv_start_connection
Dec 24 09:54:54 burnside uvmconsole: [3314609.013s][info][gc] GC(381785) Pause Young (Normal) (G1 Evacuation Pause) 61M->53M(75M) 8.125ms
Dec 24 09:54:55 burnside uvmconsole: [3314610.361s][info][gc] GC(381786) Pause Young (Normal) (G1 Evacuation Pause) 61M->53M(75M) 8.404ms
Dec 24 09:54:59 burnside uvmconsole: [3314614.275s][info][gc] GC(381787) Pause Young (Normal) (G1 Evacuation Pause) 61M->53M(75M) 8.092ms
Dec 24 09:55:01 burnside uvmconsole: [3314615.933s][info][gc] GC(381788) Pause Young (Normal) (G1 Evacuation Pause) 61M->54M(75M) 12.667ms
Dec 24 09:55:02 burnside uvmconsole: [3314617.552s][info][gc] GC(381789) Pause Young (Normal) (G1 Evacuation Pause) 61M->54M(75M) 14.307ms
Dec 24 09:55:04 burnside uvmconsole: [3314619.549s][info][gc] GC(381790) Pause Young (Normal) (G1 Evacuation Pause) 61M->54M(75M) 10.377ms
Dec 24 09:55:06 burnside uvmconsole: [3314621.063s][info][gc] GC(381791) Pause Young (Normal) (G1 Evacuation Pause) 60M->54M(75M) 8.949ms
Dec 24 09:55:06 burnside uvmconsole: [3314621.119s][info][gc] GC(381792) Pause Young (Normal) (G1 Evacuation Pause) 60M->55M(75M) 9.946ms
Dec 24 09:55:07 burnside uvmconsole: [3314622.670s][info][gc] GC(381793) Pause Young (Normal) (G1 Evacuation Pause) 61M->55M(75M) 12.903ms
Dec 24 09:55:09 burnside uvmconsole: [3314624.312s][info][gc] GC(381794) Pause Young (Concurrent Start) (G1 Evacuation Pause) 61M->55M(75M) 12.654ms
Dec 24 09:55:09 burnside uvmconsole: [3314624.312s][info][gc] GC(381795) Concurrent Cycle
Dec 24 09:55:10 burnside uvmconsole: [3314624.757s][info][gc] GC(381795) Pause Remark 57M->57M(75M) 43.167ms
Dec 24 09:55:10 burnside uvmconsole: [3314624.970s][info][gc] GC(381795) Pause Cleanup 58M->58M(75M) 0.466ms
Dec 24 09:55:10 burnside uvmconsole: [3314624.972s][info][gc] GC(381795) Concurrent Cycle 659.628ms
Dec 24 09:55:11 burnside uvmconsole: [3314625.827s][info][gc] GC(381796) Pause Young (Prepare Mixed) (G1 Evacuation Pause) 61M->55M(75M) 11.290ms
Dec 24 09:55:11 burnside uvmconsole: [3314626.405s][info][gc] GC(381797) Pause Young (Mixed) (G1 Evacuation Pause) 57M->53M(75M) 11.490ms
Dec 24 09:55:16 burnside uvmconsole: [3314631.698s][info][gc] GC(381798) Pause Young (Normal) (G1 Evacuation Pause) 60M->53M(75M) 7.937ms
Dec 24 09:55:18 burnside uvmconsole: [3314633.338s][info][gc] GC(381799) Pause Young (Normal) (G1 Evacuation Pause) 60M->53M(75M) 18.655ms
Dec 24 09:55:23 burnside uvmconsole: [3314637.994s][info][gc] GC(381800) Pause Young (Normal) (G1 Evacuation Pause) 60M->53M(75M) 7.860ms
Dec 24 09:55:24 burnside uvmconsole: [3314639.276s][info][gc] GC(381801) Pause Young (Normal) (G1 Evacuation Pause) 61M->53M(75M) 9.063ms
Dec 24 09:55:28 burnside uvmconsole: [3314643.648s][info][gc] GC(381802) Pause Young (Normal) (G1 Evacuation Pause) 61M->54M(75M) 10.241ms
Dec 24 09:55:32 burnside uvmconsole: [3314647.555s][info][gc] GC(381803) Pause Young (Normal) (G1 Evacuation Pause) 61M->54M(75M) 9.246ms
Dec 24 09:55:36 burnside uvmconsole: [3314651.536s][info][gc] GC(381804) Pause Young (Normal) (G1 Evacuation Pause) 61M->53M(75M) 8.705ms
Dec 24 09:55:39 burnside uvmconsole: [3314654.205s][info][gc] GC(381805) Pause Young (Normal) (G1 Evacuation Pause) 60M->54M(75M) 8.352ms
Dec 24 09:55:42 burnside uvmconsole: [3314657.023s][info][gc] GC(381806) Pause Young (Normal) (G1 Evacuation Pause) 61M->54M(75M) 8.503ms
Dec 24 09:55:46 burnside uvmconsole: [3314660.824s][info][gc] GC(381807) Pause Young (Normal) (G1 Evacuation Pause) 61M->54M(75M) 7.897ms
Dec 24 09:55:48 burnside uvmconsole: [3314663.373s][info][gc] GC(381808) Pause Young (Normal) (G1 Evacuation Pause) 61M->54M(75M) 8.025ms
Dec 24 09:55:49 burnside uvmconsole: [3314664.666s][info][gc] GC(381809) Pause Young (Normal) (G1 Evacuation Pause) 61M->54M(75M) 9.151ms
Dec 24 09:55:50 burnside uvmconsole: [3314665.460s][info][gc] GC(381810) Pause Young (Normal) (G1 Evacuation Pause) 61M->54M(75M) 12.763ms
Dec 24 09:55:51 burnside uvmconsole: [3314666.012s][info][gc] GC(381811) Pause Young (Normal) (G1 Evacuation Pause) 61M->54M(75M) 8.916ms
Dec 24 09:55:52 burnside uvmconsole: [3314667.250s][info][gc] GC(381812) Pause Young (Normal) (G1 Evacuation Pause) 61M->55M(75M) 9.707ms
Dec 24 09:55:53 burnside uvmconsole: [3314668.526s][info][gc] GC(381813) Pause Young (Normal) (G1 Evacuation Pause) 62M->54M(75M) 8.532ms
Dec 24 09:55:56 burnside uvmconsole: [3314670.835s][info][gc] GC(381814) Pause Young (Normal) (G1 Evacuation Pause) 61M->54M(75M) 6.942ms
Dec 24 09:55:59 burnside uvmconsole: [3314674.190s][info][gc] GC(381815) Pause Young (Normal) (G1 Evacuation Pause) 61M->54M(75M) 6.488ms
Dec 24 09:56:00 burnside uvmconsole: [3314675.564s][info][gc] GC(381816) Pause Young (Normal) (G1 Evacuation Pause) 61M->55M(75M) 10.408ms
Dec 24 09:56:00 burnside uvmconsole: [3314675.624s][info][gc] GC(381817) Pause Young (Normal) (G1 Evacuation Pause) 62M->55M(75M) 9.447ms
Dec 24 09:56:01 burnside uvmconsole: [3314676.351s][info][gc] GC(381818) Pause Young (Normal) (G1 Evacuation Pause) 61M->55M(75M) 17.407ms
Dec 24 09:56:09 burnside uvmconsole: [3314683.836s][info][gc] GC(381819) Pause Young (Concurrent Start) (G1 Evacuation Pause) 61M->55M(75M) 9.023ms
Dec 24 09:56:09 burnside uvmconsole: [3314683.836s][info][gc] GC(381820) Concurrent Cycle
Dec 24 09:56:09 burnside uvmconsole: [3314684.229s][info][gc] GC(381820) Pause Remark 55M->55M(75M) 42.532ms
Dec 24 09:56:09 burnside uvmconsole: [3314684.449s][info][gc] GC(381820) Pause Cleanup 56M->56M(75M) 0.450ms
Dec 24 09:56:09 burnside uvmconsole: [3314684.450s][info][gc] GC(381820) Concurrent Cycle 613.906ms
Dec 24 09:56:13 burnside uvmconsole: [3314688.290s][info][gc] GC(381821) Pause Young (Prepare Mixed) (G1 Evacuation Pause) 61M->55M(75M) 8.596ms
Dec 24 09:56:16 burnside uvmconsole: [3314691.476s][info][gc] GC(381822) Pause Young (Mixed) (G1 Evacuation Pause) 57M->53M(75M) 8.693ms
Dec 24 09:56:26 burnside uvmconsole: [3314701.352s][info][gc] GC(381823) Pause Young (Normal) (G1 Evacuation Pause) 61M->53M(75M) 6.844ms
Dec 24 09:56:30 burnside uvmconsole: [3314704.979s][info][gc] GC(381824) Pause Young (Normal) (G1 Evacuation Pause) 61M->53M(75M) 6.045ms
Dec 24 09:56:35 burnside uvmconsole: [3314710.303s][info][gc] GC(381825) Pause Young (Concurrent Start) (G1 Evacuation Pause) 62M->53M(75M) 9.666ms
Dec 24 09:56:35 burnside uvmconsole: [3314710.303s][info][gc] GC(381826) Concurrent Cycle
Dec 24 09:56:35 burnside uvmconsole: [3314710.720s][info][gc] GC(381826) Pause Remark 54M->54M(75M) 41.666ms
Dec 24 09:56:36 burnside uvmconsole: [3314710.926s][info][gc] GC(381826) Pause Cleanup 54M->54M(75M) 0.465ms
Dec 24 09:56:36 burnside uvmconsole: [3314710.928s][info][gc] GC(381826) Concurrent Cycle 624.607ms
Dec 24 09:56:38 burnside uvmconsole: [3314713.643s][info][gc] GC(381827) Pause Young (Normal) (G1 Evacuation Pause) 62M->53M(75M) 8.457ms
Dec 24 09:56:46 burnside uvmconsole: [3314720.910s][info][gc] GC(381828) Pause Young (Concurrent Start) (G1 Evacuation Pause) 62M->53M(75M) 10.881ms
Dec 24 09:56:46 burnside uvmconsole: [3314720.910s][info][gc] GC(381829) Concurrent Cycle
Dec 24 09:56:46 burnside uvmconsole: [3314721.330s][info][gc] GC(381829) Pause Remark 55M->55M(75M) 41.923ms
Dec 24 09:56:46 burnside uvmconsole: [3314721.549s][info][gc] GC(381829) Pause Cleanup 56M->56M(75M) 0.568ms
Dec 24 09:56:46 burnside uvmconsole: [3314721.551s][info][gc] GC(381829) Concurrent Cycle 640.772ms
Dec 24 09:56:47 burnside uvmconsole: [3314722.569s][info][gc] GC(381830) Pause Young (Normal) (G1 Evacuation Pause) 62M->53M(75M) 11.383ms
Dec 24 09:56:49 burnside uvmconsole: [3314724.548s][info][gc] GC(381831) Pause Young (Concurrent Start) (G1 Evacuation Pause) 62M->54M(75M) 11.731ms
Dec 24 09:56:49 burnside uvmconsole: [3314724.548s][info][gc] GC(381832) Concurrent Cycle
Dec 24 09:56:50 burnside uvmconsole: [3314724.965s][info][gc] GC(381832) Pause Remark 56M->56M(75M) 43.949ms
Dec 24 09:56:50 burnside uvmconsole: [3314725.221s][info][gc] GC(381832) Pause Cleanup 59M->59M(75M) 0.795ms
Dec 24 09:56:50 burnside uvmconsole: [3314725.223s][info][gc] GC(381832) Concurrent Cycle 674.235ms
Dec 24 09:56:51 burnside uvmconsole: [3314726.027s][info][gc] GC(381833) Pause Full (System.gc()) 60M->50M(75M) 347.201ms
Dec 24 09:56:53 burnside uvmconsole: [3314727.854s][info][gc] GC(381834) Pause Young (Concurrent Start) (G1 Evacuation Pause) 59M->51M(75M) 10.104ms
Dec 24 09:56:53 burnside uvmconsole: [3314727.854s][info][gc] GC(381835) Concurrent Cycle
Dec 24 09:56:53 burnside uvmconsole: [3314728.401s][info][gc] GC(381835) Pause Remark 59M->59M(75M) 59.459ms
Dec 24 09:56:53 burnside uvmconsole: [3314728.475s][info][gc] GC(381836) Pause Young (Normal) (G1 Evacuation Pause) 60M->51M(75M) 12.343ms
Dec 24 09:56:53 burnside uvmconsole: [3314728.739s][info][gc] GC(381835) Pause Cleanup 55M->55M(75M) 0.610ms
Dec 24 09:56:53 burnside uvmconsole: [3314728.741s][info][gc] GC(381835) Concurrent Cycle 887.135ms
Dec 24 09:56:55 burnside uvmconsole: [3314730.654s][info][gc] GC(381837) Pause Young (Normal) (G1 Evacuation Pause) 60M->51M(75M) 9.798ms
Dec 24 09:56:58 burnside uvmconsole: [3314733.366s][info][gc] GC(381838) Pause Young (Concurrent Start) (G1 Evacuation Pause) 60M->51M(75M) 10.471ms
Dec 24 09:56:58 burnside uvmconsole: [3314733.367s][info][gc] GC(381839) Concurrent Cycle
Dec 24 09:56:59 burnside uvmconsole: [3314733.776s][info][gc] GC(381839) Pause Remark 52M->52M(75M) 42.568ms
Dec 24 09:56:59 burnside uvmconsole: [3314733.982s][info][gc] GC(381839) Pause Cleanup 52M->52M(75M) 0.461ms
Dec 24 09:56:59 burnside uvmconsole: [3314733.983s][info][gc] GC(381839) Concurrent Cycle 616.795ms
Dec 24 09:57:02 burnside uvmconsole: [3314737.598s][info][gc] GC(381840) Pause Young (Normal) (G1 Evacuation Pause) 60M->51M(75M) 13.657ms
Dec 24 09:57:04 burnside uvmconsole: [3314739.157s][info][gc] GC(381841) Pause Young (Concurrent Start) (G1 Evacuation Pause) 60M->52M(75M) 12.221ms
Dec 24 09:57:04 burnside uvmconsole: [3314739.158s][info][gc] GC(381842) Concurrent Cycle
Dec 24 09:57:04 burnside uvmconsole: [3314739.238s][info][gc] GC(381843) Pause Young (Normal) (G1 Evacuation Pause) 60M->52M(75M) 11.853ms
Dec 24 09:57:04 burnside uvmconsole: [3314739.632s][info][gc] GC(381842) Pause Remark 55M->55M(75M) 62.357ms
Dec 24 09:57:05 burnside uvmconsole: [3314739.876s][info][gc] GC(381842) Pause Cleanup 56M->56M(75M) 0.608ms
Dec 24 09:57:05 burnside uvmconsole: [3314739.878s][info][gc] GC(381842) Concurrent Cycle 720.208ms
Dec 24 09:57:07 burnside uvmconsole: [3314741.974s][info][gc] GC(381844) Pause Young (Normal) (G1 Evacuation Pause) 60M->51M(75M) 7.895ms
Dec 24 09:57:09 burnside uvmconsole: [3314744.581s][info][gc] GC(381845) Pause Young (Concurrent Start) (G1 Evacuation Pause) 60M->51M(75M) 11.649ms
Dec 24 09:57:09 burnside uvmconsole: [3314744.582s][info][gc] GC(381846) Concurrent Cycle
Dec 24 09:57:10 burnside uvmconsole: [3314745.038s][info][gc] GC(381846) Pause Remark 57M->57M(75M) 42.558ms
Dec 24 09:57:10 burnside uvmconsole: [3314745.244s][info][gc] GC(381846) Pause Cleanup 58M->58M(75M) 0.465ms
Dec 24 09:57:10 burnside uvmconsole: [3314745.245s][info][gc] GC(381846) Concurrent Cycle 663.437ms
Dec 24 09:57:13 burnside uvmconsole: [3314748.654s][info][gc] GC(381847) Pause Young (Normal) (G1 Evacuation Pause) 60M->51M(75M) 8.673ms
Dec 24 09:57:18 burnside uvmconsole: [3314753.412s][info][gc] GC(381848) Pause Young (Concurrent Start) (G1 Evacuation Pause) 60M->51M(75M) 9.882ms
Dec 24 09:57:18 burnside uvmconsole: [3314753.412s][info][gc] GC(381849) Concurrent Cycle
Dec 24 09:57:19 burnside uvmconsole: [3314753.835s][info][gc] GC(381849) Pause Remark 52M->52M(75M) 61.607ms
Dec 24 09:57:19 burnside uvmconsole: [3314754.037s][info][gc] GC(381849) Pause Cleanup 52M->52M(75M) 0.529ms
Dec 24 09:57:19 burnside uvmconsole: [3314754.039s][info][gc] GC(381849) Concurrent Cycle 626.569ms
Dec 24 09:57:26 burnside uvmconsole: [3314761.353s][info][gc] GC(381850) Pause Young (Normal) (G1 Evacuation Pause) 60M->52M(75M) 9.924ms
Dec 24 09:57:29 burnside uvmconsole: [3314763.902s][info][gc] GC(381851) Pause Young (Concurrent Start) (G1 Evacuation Pause) 61M->51M(75M) 10.644ms
Dec 24 09:57:29 burnside uvmconsole: [3314763.902s][info][gc] GC(381852) Concurrent Cycle
Dec 24 09:57:29 burnside uvmconsole: [3314764.353s][info][gc] GC(381852) Pause Remark 54M->54M(75M) 44.749ms
Dec 24 09:57:29 burnside uvmconsole: [3314764.574s][info][gc] GC(381852) Pause Cleanup 55M->55M(75M) 0.454ms
Dec 24 09:57:29 burnside uvmconsole: [3314764.576s][info][gc] GC(381852) Concurrent Cycle 673.875ms
Dec 24 09:57:31 burnside uvmconsole: [3314766.146s][info][gc] GC(381853) Pause Young (Normal) (G1 Evacuation Pause) 60M->52M(75M) 10.325ms
Dec 24 09:57:40 burnside uvmconsole: [3314775.618s][info][gc] GC(381854) Pause Young (Concurrent Start) (G1 Evacuation Pause) 61M->51M(75M) 10.020ms
Dec 24 09:57:40 burnside uvmconsole: [3314775.620s][info][gc] GC(381855) Concurrent Cycle
Dec 24 09:57:41 burnside uvmconsole: [3314776.027s][info][gc] GC(381855) Pause Remark 53M->53M(75M) 43.622ms
Dec 24 09:57:41 burnside uvmconsole: [3314776.243s][info][gc] GC(381855) Pause Cleanup 55M->55M(75M) 0.504ms
Dec 24 09:57:41 burnside uvmconsole: [3314776.245s][info][gc] GC(381855) Concurrent Cycle 625.134ms
Dec 24 09:57:46 burnside uvmconsole: [3314780.987s][info][gc] GC(381856) Pause Young (Prepare Mixed) (G1 Evacuation Pause) 60M->52M(75M) 10.516ms
Dec 24 09:57:47 burnside uvmconsole: [3314782.134s][info][gc] GC(381857) Pause Young (Mixed) (G1 Evacuation Pause) 54M->52M(75M) 9.276ms
Dec 24 09:57:52 burnside uvmconsole: [3314787.600s][info][gc] GC(381858) Pause Young (Normal) (G1 Evacuation Pause) 61M->52M(75M) 8.303ms
Dec 24 09:57:57 burnside uvmconsole: [3314792.737s][info][gc] GC(381859) Pause Young (Normal) (G1 Evacuation Pause) 61M->52M(75M) 11.019ms
Dec 24 09:58:05 burnside uvmconsole: [3314800.559s][info][gc] GC(381860) Pause Young (Concurrent Start) (G1 Evacuation Pause) 61M->52M(75M) 12.585ms
Dec 24 09:58:05 burnside uvmconsole: [3314800.559s][info][gc] GC(381861) Concurrent Cycle
Dec 24 09:58:06 burnside uvmconsole: [3314800.976s][info][gc] GC(381861) Pause Remark 55M->55M(75M) 45.648ms
Dec 24 09:58:06 burnside uvmconsole: [3314801.206s][info][gc] GC(381861) Pause Cleanup 56M->56M(75M) 0.486ms
Dec 24 09:58:06 burnside uvmconsole: [3314801.208s][info][gc] GC(381861) Concurrent Cycle 649.497ms
Dec 24 09:58:07 burnside uvmconsole: [3314802.507s][info][gc] GC(381862) Pause Young (Normal) (G1 Evacuation Pause) 61M->52M(75M) 10.360ms
Dec 24 09:58:08 burnside uvmconsole: [3314802.990s][info][gc] GC(381863) Pause Young (Concurrent Start) (G1 Evacuation Pause) 61M->52M(75M) 11.698ms
Dec 24 09:58:08 burnside uvmconsole: [3314802.991s][info][gc] GC(381864) Concurrent Cycle
Dec 24 09:58:08 burnside uvmconsole: [3314803.424s][info][gc] GC(381864) Pause Remark 54M->54M(75M) 56.544ms
Dec 24 09:58:08 burnside uvmconsole: [3314803.642s][info][gc] GC(381864) Pause Cleanup 55M->55M(75M) 0.665ms
Dec 24 09:58:08 burnside uvmconsole: [3314803.644s][info][gc] GC(381864) Concurrent Cycle 653.303ms
Dec 24 09:58:15 burnside uvmconsole: [3314810.627s][info][gc] GC(381865) Pause Young (Normal) (G1 Evacuation Pause) 60M->52M(75M) 10.066ms
Dec 24 09:58:21 burnside uvmconsole: [3314816.305s][info][gc] GC(381866) Pause Young (Concurrent Start) (G1 Evacuation Pause) 61M->52M(75M) 10.470ms
Dec 24 09:58:21 burnside uvmconsole: [3314816.306s][info][gc] GC(381867) Concurrent Cycle
Dec 24 09:58:21 burnside uvmconsole: [3314816.706s][info][gc] GC(381867) Pause Remark 53M->53M(75M) 42.729ms
Dec 24 09:58:22 burnside uvmconsole: [3314816.921s][info][gc] GC(381867) Pause Cleanup 53M->53M(75M) 0.555ms
Dec 24 09:58:22 burnside uvmconsole: [3314816.924s][info][gc] GC(381867) Concurrent Cycle 618.030ms
Dec 24 09:58:29 burnside uvmconsole: [3314824.605s][info][gc] GC(381868) Pause Young (Normal) (G1 Evacuation Pause) 61M->52M(75M) 19.857ms
Dec 24 09:58:36 burnside uvmconsole: [3314831.311s][info][gc] GC(381869) Pause Young (Concurrent Start) (G1 Evacuation Pause) 61M->52M(75M) 10.867ms
Dec 24 09:58:36 burnside uvmconsole: [3314831.313s][info][gc] GC(381870) Concurrent Cycle
Dec 24 09:58:36 burnside uvmconsole: [3314831.719s][info][gc] GC(381870) Pause Remark 53M->53M(75M) 43.483ms
Dec 24 09:58:37 burnside uvmconsole: [3314831.934s][info][gc] GC(381870) Pause Cleanup 54M->54M(75M) 0.540ms
Dec 24 09:58:37 burnside uvmconsole: [3314831.935s][info][gc] GC(381870) Concurrent Cycle 622.640ms
Dec 24 09:58:40 burnside uvmconsole: [3314834.877s][info][gc] GC(381871) Pause Young (Normal) (G1 Evacuation Pause) 61M->53M(75M) 20.444ms
Dec 24 09:58:45 burnside uvmconsole: [3314840.347s][info][gc] GC(381872) Pause Young (Normal) (G1 Evacuation Pause) 61M->52M(75M) 10.352ms
Dec 24 09:58:50 burnside uvmconsole: [3314845.278s][info][gc] GC(381873) Pause Young (Concurrent Start) (G1 Evacuation Pause) 60M->52M(75M) 11.690ms
Dec 24 09:58:50 burnside uvmconsole: [3314845.278s][info][gc] GC(381874) Concurrent Cycle
Dec 24 09:58:51 burnside uvmconsole: [3314845.775s][info][gc] GC(381874) Pause Remark 56M->56M(75M) 52.886ms
Dec 24 09:58:51 burnside uvmconsole: [3314846.010s][info][gc] GC(381874) Pause Cleanup 58M->58M(75M) 0.851ms
Dec 24 09:58:51 burnside uvmconsole: [3314846.012s][info][gc] GC(381874) Concurrent Cycle 733.161ms
Dec 24 09:58:52 burnside uvmconsole: [3314847.238s][info][gc] GC(381875) Pause Young (Normal) (G1 Evacuation Pause) 60M->52M(75M) 12.664ms
Dec 24 09:58:58 burnside uvmconsole: [3314853.653s][info][gc] GC(381876) Pause Young (Normal) (G1 Evacuation Pause) 60M->52M(75M) 8.194ms
Dec 24 09:59:01 burnside uvmconsole: [3314855.887s][info][gc] GC(381877) Pause Young (Normal) (G1 Evacuation Pause) 60M->53M(75M) 10.737ms
Dec 24 09:59:01 burnside uvmconsole: [3314855.948s][info][gc] GC(381878) Pause Young (Normal) (G1 Evacuation Pause) 60M->53M(75M) 13.997ms
Dec 24 09:59:03 burnside uvmconsole: [3314858.029s][info][gc] GC(381879) Pause Young (Normal) (G1 Evacuation Pause) 60M->53M(75M) 8.845ms
Dec 24 09:59:08 burnside uvmconsole: [3314863.056s][info][gc] GC(381880) Pause Young (Concurrent Start) (G1 Evacuation Pause) 61M->53M(75M) 10.437ms
Dec 24 09:59:08 burnside uvmconsole: [3314863.058s][info][gc] GC(381881) Concurrent Cycle
Dec 24 09:59:08 burnside uvmconsole: [3314863.455s][info][gc] GC(381881) Pause Remark 53M->53M(75M) 42.667ms
Dec 24 09:59:08 burnside uvmconsole: [3314863.667s][info][gc] GC(381881) Pause Cleanup 54M->54M(75M) 0.519ms
Dec 24 09:59:08 burnside uvmconsole: [3314863.668s][info][gc] GC(381881) Concurrent Cycle 610.308ms
Dec 24 09:59:12 burnside uvmconsole: [3314867.265s][info][gc] GC(381882) Pause Young (Prepare Mixed) (G1 Evacuation Pause) 61M->53M(75M) 19.864ms
Dec 24 09:59:13 burnside uvmconsole: [3314867.796s][info][gc] GC(381883) Pause Young (Mixed) (G1 Evacuation Pause) 55M->52M(75M) 9.311ms
Dec 24 09:59:17 burnside uvmconsole: [3314872.506s][info][gc] GC(381884) Pause Young (Normal) (G1 Evacuation Pause) 60M->53M(75M) 8.236ms
Dec 24 09:59:22 burnside uvmconsole: [3314876.848s][info][gc] GC(381885) Pause Young (Normal) (G1 Evacuation Pause) 61M->53M(75M) 10.354ms
Dec 24 09:59:24 burnside uvmconsole: [3314878.788s][info][gc] GC(381886) Pause Young (Normal) (G1 Evacuation Pause) 61M->52M(75M) 7.033ms
Dec 24 09:59:25 burnside uvmconsole: [3314880.530s][info][gc] GC(381887) Pause Young (Normal) (G1 Evacuation Pause) 60M->53M(75M) 7.779ms
Dec 24 09:59:30 burnside uvmconsole: [3314885.729s][info][gc] GC(381888) Pause Young (Normal) (G1 Evacuation Pause) 61M->53M(75M) 8.098ms
Dec 24 09:59:33 burnside uvmconsole: [3314888.115s][info][gc] GC(381889) Pause Young (Normal) (G1 Evacuation Pause) 62M->53M(75M) 8.198ms
Dec 24 09:59:37 burnside uvmconsole: [3314891.958s][info][gc] GC(381890) Pause Young (Normal) (G1 Evacuation Pause) 61M->53M(75M) 8.829ms
Dec 24 09:59:42 burnside uvmconsole: [3314896.901s][info][gc] GC(381891) Pause Young (Normal) (G1 Evacuation Pause) 61M->53M(75M) 8.058ms
Dec 24 09:59:44 burnside uvmconsole: [3314899.483s][info][gc] GC(381892) Pause Young (Normal) (G1 Evacuation Pause) 61M->53M(75M) 7.704ms
Dec 24 09:59:48 burnside uvmconsole: [3314902.781s][info][gc] GC(381893) Pause Young (Normal) (G1 Evacuation Pause) 61M->53M(75M) 8.313ms
Dec 24 09:59:54 burnside uvmconsole: [3314909.201s][info][gc] GC(381894) Pause Young (Normal) (G1 Evacuation Pause) 61M->53M(75M) 8.514ms
Dec 24 09:59:59 burnside uvmconsole: [3314914.062s][info][gc] GC(381895) Pause Young (Normal) (G1 Evacuation Pause) 61M->53M(75M) 7.817ms
Dec 24 10:00:03 burnside uvmconsole: [3314918.127s][info][gc] GC(381896) Pause Young (Normal) (G1 Evacuation Pause) 61M->53M(75M) 9.934ms
Dec 24 10:00:04 burnside uvmconsole: [3314919.592s][info][gc] GC(381897) Pause Young (Normal) (G1 Evacuation Pause) 61M->53M(75M) 9.657ms
Dec 24 10:00:08 burnside uvmconsole: [3314923.510s][info][gc] GC(381898) Pause Young (Normal) (G1 Evacuation Pause) 60M->53M(75M) 9.121ms
Dec 24 10:00:16 burnside uvmconsole: [3314930.840s][info][gc] GC(381899) Pause Young (Normal) (G1 Evacuation Pause) 61M->53M(75M) 8.514ms
Dec 24 10:00:24 burnside uvmconsole: [3314939.725s][info][gc] GC(381900) Pause Young (Normal) (G1 Evacuation Pause) 61M->53M(75M) 8.486ms
Dec 24 10:00:35 burnside uvmconsole: [3314950.546s][info][gc] GC(381901) Pause Young (Normal) (G1 Evacuation Pause) 61M->53M(75M) 9.091ms
Dec 24 10:00:42 burnside uvmconsole: [3314957.145s][info][gc] GC(381902) Pause Young (Normal) (G1 Evacuation Pause) 61M->53M(75M) 8.904ms
Dec 24 10:00:50 burnside uvmconsole: [3314964.782s][info][gc] GC(381903) Pause Young (Normal) (G1 Evacuation Pause) 61M->53M(75M) 9.766ms
Dec 24 10:00:52 burnside uvmconsole: [3314967.198s][info][gc] GC(381904) Pause Young (Normal) (G1 Evacuation Pause) 60M->53M(75M) 9.985ms
Dec 24 10:00:56 burnside uvmconsole: [3314971.353s][info][gc] GC(381905) Pause Young (Normal) (G1 Evacuation Pause) 61M->54M(75M) 11.184ms
Dec 24 10:00:59 burnside uvmconsole: [3314974.193s][info][gc] GC(381906) Pause Young (Normal) (G1 Evacuation Pause) 62M->54M(75M) 10.564ms
Dec 24 10:01:02 burnside uvmconsole: [3314977.179s][info][gc] GC(381907) Pause Young (Normal) (G1 Evacuation Pause) 62M->54M(75M) 10.311ms
Dec 24 10:01:06 burnside uvmconsole: [3314981.725s][info][gc] GC(381908) Pause Young (Normal) (G1 Evacuation Pause) 61M->54M(75M) 10.465ms
Dec 24 10:01:07 burnside uvmconsole: [3314982.036s][info][gc] GC(381909) Pause Young (Normal) (G1 Evacuation Pause) 62M->54M(75M) 14.291ms
Dec 24 10:01:16 burnside uvmconsole: [3314991.062s][info][gc] GC(381910) Pause Young (Normal) (G1 Evacuation Pause) 62M->54M(75M) 10.291ms
Dec 24 10:01:18 burnside uvmconsole: [3314993.276s][info][gc] GC(381911) Pause Young (Normal) (G1 Evacuation Pause) 62M->54M(75M) 8.024ms
Dec 24 10:01:26 burnside uvmconsole: [3315001.427s][info][gc] GC(381912) Pause Young (Normal) (G1 Evacuation Pause) 62M->54M(75M) 28.056ms
Dec 24 10:01:31 burnside uvmconsole: [3315006.662s][info][gc] GC(381913) Pause Young (Normal) (G1 Evacuation Pause) 62M->54M(75M) 14.989ms
Dec 24 10:01:38 burnside uvmconsole: [3315013.362s][info][gc] GC(381914) Pause Young (Normal) (G1 Evacuation Pause) 62M->54M(75M) 9.680ms
Dec 24 10:01:43 burnside uvmconsole: [3315018.071s][info][gc] GC(381915) Pause Young (Normal) (G1 Evacuation Pause) 62M->54M(75M) 9.276ms
Dec 24 10:01:46 burnside uvmconsole: [3315021.503s][info][gc] GC(381916) Pause Young (Normal) (G1 Evacuation Pause) 62M->54M(75M) 8.990ms
Dec 24 10:01:51 burnside uvmconsole: [3315026.016s][info][gc] GC(381917) Pause Full (System.gc()) 59M->49M(75M) 337.140ms
Dec 24 10:01:59 burnside uvmconsole: [3315034.191s][info][gc] GC(381918) Pause Young (Normal) (G1 Evacuation Pause) 58M->49M(75M) 8.765ms
Dec 24 10:02:09 burnside uvmconsole: [3315044.263s][info][gc] GC(381919) Pause Young (Normal) (G1 Evacuation Pause) 58M->50M(75M) 8.748ms
Dec 24 10:02:09 burnside uvmconsole: [3315044.635s][info][gc] GC(381920) Pause Young (Normal) (G1 Evacuation Pause) 59M->50M(75M) 11.307ms
Dec 24 10:02:18 burnside uvmconsole: [3315052.772s][info][gc] GC(381921) Pause Young (Normal) (G1 Evacuation Pause) 59M->50M(75M) 10.029ms
Dec 24 10:02:26 burnside uvmconsole: [3315061.642s][info][gc] GC(381922) Pause Young (Normal) (G1 Evacuation Pause) 60M->50M(75M) 9.111ms
Dec 24 10:02:39 burnside uvmconsole: [3315073.935s][info][gc] GC(381923) Pause Young (Normal) (G1 Evacuation Pause) 60M->50M(75M) 8.335ms
Dec 24 10:02:47 burnside uvmconsole: [3315082.491s][info][gc] GC(381924) Pause Young (Normal) (G1 Evacuation Pause) 60M->50M(75M) 9.792ms
Dec 24 10:02:58 burnside uvmconsole: [3315093.140s][info][gc] GC(381925) Pause Young (Normal) (G1 Evacuation Pause) 60M->50M(75M) 8.991ms
Dec 24 10:03:01 burnside uvmconsole: [3315095.967s][info][gc] GC(381926) Pause Young (Normal) (G1 Evacuation Pause) 60M->50M(75M) 10.094ms
Dec 24 10:03:10 burnside uvmconsole: [3315105.132s][info][gc] GC(381927) Pause Young (Normal) (G1 Evacuation Pause) 59M->50M(75M) 8.987ms
Dec 24 10:03:14 burnside uvmconsole: [3315109.722s][info][gc] GC(381928) Pause Young (Normal) (G1 Evacuation Pause) 59M->50M(75M) 9.243ms
Dec 24 10:03:22 burnside uvmconsole: [3315116.979s][info][gc] GC(381929) Pause Young (Normal) (G1 Evacuation Pause) 59M->51M(75M) 10.566ms
Dec 24 10:03:26 burnside uvmconsole: [3315121.619s][info][gc] GC(381930) Pause Young (Normal) (G1 Evacuation Pause) 60M->50M(75M) 10.520ms
Dec 24 10:03:34 burnside uvmconsole: [3315129.244s][info][gc] GC(381931) Pause Young (Normal) (G1 Evacuation Pause) 59M->51M(75M) 10.124ms
Dec 24 10:03:42 burnside uvmconsole: [3315137.556s][info][gc] GC(381932) Pause Young (Normal) (G1 Evacuation Pause) 60M->51M(75M) 8.951ms
Dec 24 10:03:55 burnside uvmconsole: [3315150.376s][info][gc] GC(381933) Pause Young (Normal) (G1 Evacuation Pause) 60M->51M(75M) 9.283ms
Dec 24 10:04:01 burnside uvmconsole: [3315155.882s][info][gc] GC(381934) Pause Young (Normal) (G1 Evacuation Pause) 60M->51M(75M) 10.659ms
Dec 24 10:04:03 burnside uvmconsole: [3315158.478s][info][gc] GC(381935) Pause Young (Normal) (G1 Evacuation Pause) 60M->51M(75M) 18.969ms
Dec 24 10:04:17 burnside uvmconsole: [3315172.741s][info][gc] GC(381936) Pause Young (Normal) (G1 Evacuation Pause) 60M->51M(75M) 9.398ms
Dec 24 10:04:28 burnside uvmconsole: [3315182.985s][info][gc] GC(381937) Pause Young (Normal) (G1 Evacuation Pause) 61M->51M(75M) 8.732ms
Dec 24 10:04:38 burnside uvmconsole: [3315193.373s][info][gc] GC(381938) Pause Young (Normal) (G1 Evacuation Pause) 60M->51M(75M) 8.911ms
Dec 24 10:04:48 burnside uvmconsole: [3315202.782s][info][gc] GC(381939) Pause Young (Normal) (G1 Evacuation Pause) 60M->51M(75M) 8.981ms
Dec 24 10:04:54 burnside uvmconsole: [3315209.355s][info][gc] GC(381940) Pause Young (Normal) (G1 Evacuation Pause) 60M->51M(75M) 11.677ms
Dec 24 10:04:59 burnside uvmconsole: [3315214.191s][info][gc] GC(381941) Pause Young (Normal) (G1 Evacuation Pause) 60M->51M(75M) 8.999ms
Dec 24 10:05:04 burnside uvmconsole: [3315219.605s][info][gc] GC(381942) Pause Young (Normal) (G1 Evacuation Pause) 60M->51M(75M) 10.303ms
Dec 24 10:05:06 burnside uvmconsole: [3315221.466s][info][gc] GC(381943) Pause Young (Normal) (G1 Evacuation Pause) 59M->51M(75M) 8.312ms
Dec 24 10:05:14 burnside uvmconsole: [3315229.199s][info][gc] GC(381944) Pause Young (Normal) (G1 Evacuation Pause) 60M->51M(75M) 11.338ms
Dec 24 10:05:19 burnside uvmconsole: [3315233.779s][info][gc] GC(381945) Pause Young (Normal) (G1 Evacuation Pause) 59M->51M(75M) 9.951ms
Dec 24 10:05:24 burnside uvmconsole: [3315239.203s][info][gc] GC(381946) Pause Young (Normal) (G1 Evacuation Pause) 60M->51M(75M) 10.244ms
Dec 24 10:05:33 burnside uvmconsole: [3315248.642s][info][gc] GC(381947) Pause Young (Normal) (G1 Evacuation Pause) 60M->51M(75M) 10.340ms
Dec 24 10:05:43 burnside uvmconsole: [3315258.381s][info][gc] GC(381948) Pause Young (Normal) (G1 Evacuation Pause) 60M->51M(75M) 9.676ms
Dec 24 10:05:57 burnside uvmconsole: [3315272.269s][info][gc] GC(381949) Pause Young (Normal) (G1 Evacuation Pause) 59M->51M(75M) 10.357ms
Dec 24 10:06:05 burnside uvmconsole: [3315280.392s][info][gc] GC(381950) Pause Young (Normal) (G1 Evacuation Pause) 59M->52M(75M) 10.931ms
Dec 24 10:06:07 burnside uvmconsole: [3315282.164s][info][gc] GC(381951) Pause Young (Normal) (G1 Evacuation Pause) 60M->52M(75M) 22.989ms
Dec 24 10:06:15 burnside uvmconsole: [3315290.086s][info][gc] GC(381952) Pause Young (Normal) (G1 Evacuation Pause) 60M->52M(75M) 10.142ms
Dec 24 10:06:19 burnside uvmconsole: [3315294.274s][info][gc] GC(381953) Pause Young (Normal) (G1 Evacuation Pause) 61M->52M(75M) 12.240ms
Dec 24 10:06:23 burnside uvmconsole: [3315297.829s][info][gc] GC(381954) Pause Young (Normal) (G1 Evacuation Pause) 60M->52M(75M) 10.403ms
Dec 24 10:06:29 burnside uvmconsole: [3315304.195s][info][gc] GC(381955) Pause Young (Normal) (G1 Evacuation Pause) 60M->52M(75M) 10.190ms
Dec 24 10:06:37 burnside uvmconsole: [3315312.078s][info][gc] GC(381956) Pause Young (Normal) (G1 Evacuation Pause) 59M->52M(75M) 10.574ms
Dec 24 10:06:41 burnside uvmconsole: [3315316.456s][info][gc] GC(381957) Pause Young (Normal) (G1 Evacuation Pause) 59M->53M(75M) 11.044ms
Dec 24 10:06:49 burnside uvmconsole: [3315324.684s][info][gc] GC(381958) Pause Young (Normal) (G1 Evacuation Pause) 60M->53M(75M) 10.527ms
Dec 24 10:06:51 burnside uvmconsole: [3315326.017s][info][gc] GC(381959) Pause Full (System.gc()) 56M->50M(75M) 337.761ms
Dec 24 10:07:00 burnside uvmconsole: [3315334.947s][info][gc] GC(381960) Pause Young (Normal) (G1 Evacuation Pause) 62M->50M(75M) 9.741ms
Dec 24 10:07:05 burnside uvmconsole: [3315340.583s][info][gc] GC(381961) Pause Young (Normal) (G1 Evacuation Pause) 61M->51M(75M) 9.421ms
Dec 24 10:07:09 burnside uvmconsole: [3315344.061s][info][gc] GC(381962) Pause Young (Normal) (G1 Evacuation Pause) 62M->51M(75M) 10.792ms
Dec 24 10:07:16 burnside uvmconsole: [3315350.960s][info][gc] GC(381963) Pause Young (Normal) (G1 Evacuation Pause) 61M->51M(75M) 9.605ms
Dec 24 10:07:32 burnside uvmconsole: [3315366.765s][info][gc] GC(381964) Pause Young (Normal) (G1 Evacuation Pause) 62M->51M(75M) 8.259ms
Dec 24 10:07:50 burnside uvmconsole: [3315384.811s][info][gc] GC(381965) Pause Young (Normal) (G1 Evacuation Pause) 62M->51M(75M) 13.823ms
Dec 24 10:08:00 burnside uvmconsole: [3315395.697s][info][gc] GC(381966) Pause Young (Normal) (G1 Evacuation Pause) 61M->51M(75M) 10.967ms
Dec 24 10:08:04 burnside uvmconsole: [3315399.443s][info][gc] GC(381967) Pause Young (Normal) (G1 Evacuation Pause) 60M->51M(75M) 9.062ms
Dec 24 10:08:16 burnside uvmconsole: [3315410.847s][info][gc] GC(381968) Pause Young (Normal) (G1 Evacuation Pause) 61M->51M(75M) 10.953ms
Dec 24 10:08:31 burnside uvmconsole: [3315426.675s][info][gc] GC(381969) Pause Young (Normal) (G1 Evacuation Pause) 61M->51M(75M) 8.969ms
Dec 24 10:08:44 burnside uvmconsole: [3315438.793s][info][gc] GC(381970) Pause Young (Normal) (G1 Evacuation Pause) 61M->51M(75M) 8.582ms
Dec 24 10:08:53 burnside uvmconsole: [3315448.658s][info][gc] GC(381971) Pause Young (Normal) (G1 Evacuation Pause) 61M->51M(75M) 9.152ms
Dec 24 10:09:02 burnside uvmconsole: [3315456.764s][info][gc] GC(381972) Pause Young (Normal) (G1 Evacuation Pause) 61M->51M(75M) 10.202ms
Dec 24 10:09:02 burnside uvmconsole: [3315457.669s][info][gc] GC(381973) Pause Young (Normal) (G1 Evacuation Pause) 60M->51M(75M) 14.014ms
Dec 24 10:09:13 burnside uvmconsole: [3315467.925s][info][gc] GC(381974) Pause Young (Normal) (G1 Evacuation Pause) 61M->51M(75M) 9.741ms
Dec 24 10:09:24 burnside uvmconsole: [3315479.622s][info][gc] GC(381975) Pause Young (Normal) (G1 Evacuation Pause) 61M->51M(75M) 8.519ms
Dec 24 10:09:35 burnside uvmconsole: [3315490.600s][info][gc] GC(381976) Pause Young (Normal) (G1 Evacuation Pause) 61M->51M(75M) 10.101ms
Dec 24 10:09:47 burnside uvmconsole: [3315502.177s][info][gc] GC(381977) Pause Young (Normal) (G1 Evacuation Pause) 61M->51M(75M) 9.512ms
Dec 24 10:09:56 burnside uvmconsole: [3315510.867s][info][gc] GC(381978) Pause Young (Normal) (G1 Evacuation Pause) 61M->51M(75M) 9.276ms
Dec 24 10:10:00 burnside uvmconsole: [3315514.787s][info][gc] GC(381979) Pause Young (Normal) (G1 Evacuation Pause) 60M->52M(75M) 12.548ms
Dec 24 10:10:04 burnside uvmconsole: [3315519.331s][info][gc] GC(381980) Pause Young (Normal) (G1 Evacuation Pause) 62M->52M(75M) 11.263ms
Dec 24 10:10:13 burnside uvmconsole: [3315528.025s][info][gc] GC(381981) Pause Young (Normal) (G1 Evacuation Pause) 62M->52M(75M) 9.762ms
Dec 24 10:10:24 burnside uvmconsole: [3315539.015s][info][gc] GC(381982) Pause Young (Normal) (G1 Evacuation Pause) 62M->52M(75M) 8.585ms
Dec 24 10:10:34 burnside uvmconsole: [3315549.143s][info][gc] GC(381983) Pause Young (Normal) (G1 Evacuation Pause) 62M->52M(75M) 8.395ms
Dec 24 10:10:47 burnside uvmconsole: [3315562.139s][info][gc] GC(381984) Pause Young (Normal) (G1 Evacuation Pause) 62M->52M(75M) 8.335ms
Dec 24 10:10:59 burnside uvmconsole: [3315574.192s][info][gc] GC(381985) Pause Young (Normal) (G1 Evacuation Pause) 62M->52M(75M) 9.077ms
Dec 24 10:11:06 burnside uvmconsole: [3315581.147s][info][gc] GC(381986) Pause Young (Normal) (G1 Evacuation Pause) 62M->52M(75M) 10.384ms
Dec 24 10:11:14 burnside uvmconsole: [3315589.443s][info][gc] GC(381987) Pause Young (Normal) (G1 Evacuation Pause) 61M->52M(75M) 8.786ms
Dec 24 10:11:27 burnside uvmconsole: [3315602.048s][info][gc] GC(381988) Pause Young (Normal) (G1 Evacuation Pause) 62M->52M(75M) 8.145ms
Dec 24 10:11:45 burnside uvmconsole: [3315620.212s][info][gc] GC(381989) Pause Young (Normal) (G1 Evacuation Pause) 62M->52M(75M) 8.340ms
Dec 24 10:11:51 burnside uvmconsole: [3315626.005s][info][gc] GC(381990) Pause Full (System.gc()) 56M->49M(75M) 326.884ms
Dec 24 10:11:56 burnside uvmconsole: [3315631.018s][info][gc] GC(381991) Pause Young (Normal) (G1 Evacuation Pause) 60M->49M(75M) 7.529ms
Dec 24 10:11:59 burnside uvmconsole: [3315634.188s][info][gc] GC(381992) Pause Young (Normal) (G1 Evacuation Pause) 60M->49M(75M) 7.270ms
Dec 24 10:12:07 burnside uvmconsole: [3315642.682s][info][gc] GC(381993) Pause Young (Normal) (G1 Evacuation Pause) 60M->49M(75M) 8.245ms
Dec 24 10:12:16 burnside uvmconsole: [3315651.008s][info][gc] GC(381994) Pause Young (Normal) (G1 Evacuation Pause) 60M->49M(75M) 7.898ms
Dec 24 10:12:28 burnside uvmconsole: [3315663.653s][info][gc] GC(381995) Pause Young (Normal) (G1 Evacuation Pause) 60M->49M(75M) 15.535ms
Dec 24 10:12:33 burnside uvmconsole: [3315668.203s][info][gc] GC(381996) Pause Young (Normal) (G1 Evacuation Pause) 60M->49M(75M) 9.930ms
Dec 24 10:12:42 burnside uvmconsole: [3315677.626s][info][gc] GC(381997) Pause Young (Normal) (G1 Evacuation Pause) 60M->50M(75M) 11.680ms
Dec 24 10:12:56 burnside uvmconsole: [3315691.416s][info][gc] GC(381998) Pause Young (Normal) (G1 Evacuation Pause) 61M->50M(75M) 9.710ms
Dec 24 10:13:03 burnside uvmconsole: [3315697.894s][info][gc] GC(381999) Pause Young (Normal) (G1 Evacuation Pause) 60M->50M(75M) 12.172ms
Dec 24 10:13:06 burnside uvmconsole: [3315701.690s][info][gc] GC(382000) Pause Young (Normal) (G1 Evacuation Pause) 60M->50M(75M) 9.345ms
Dec 24 10:13:12 burnside uvmconsole: [3315706.785s][info][gc] GC(382001) Pause Young (Normal) (G1 Evacuation Pause) 61M->50M(75M) 8.683ms
Dec 24 10:13:19 burnside uvmconsole: [3315714.420s][info][gc] GC(382002) Pause Young (Normal) (G1 Evacuation Pause) 60M->50M(75M) 12.259ms
Dec 24 10:13:20 burnside uvmconsole: [3315715.729s][info][gc] GC(382003) Pause Young (Normal) (G1 Evacuation Pause) 60M->50M(75M) 25.919ms
Dec 24 10:13:31 burnside uvmconsole: [3315725.973s][info][gc] GC(382004) Pause Young (Normal) (G1 Evacuation Pause) 60M->50M(75M) 10.591ms
Dec 24 10:13:34 burnside uvmconsole: [3315729.537s][info][gc] GC(382005) Pause Young (Normal) (G1 Evacuation Pause) 60M->50M(75M) 10.791ms
Dec 24 10:13:38 burnside uvmconsole: [3315733.480s][info][gc] GC(382006) Pause Young (Normal) (G1 Evacuation Pause) 60M->50M(75M) 14.461ms
Dec 24 10:13:41 burnside uvmconsole: [3315736.405s][info][gc] GC(382007) Pause Young (Normal) (G1 Evacuation Pause) 60M->51M(75M) 20.916ms
Dec 24 10:13:48 burnside uvmconsole: [3315742.819s][info][gc] GC(382008) Pause Young (Normal) (G1 Evacuation Pause) 60M->51M(75M) 12.264ms
Dec 24 10:13:57 burnside uvmconsole: [3315752.458s][info][gc] GC(382009) Pause Young (Normal) (G1 Evacuation Pause) 61M->51M(75M) 9.881ms
Dec 24 10:14:02 burnside uvmconsole: [3315757.159s][info][gc] GC(382010) Pause Young (Normal) (G1 Evacuation Pause) 61M->51M(75M) 10.216ms
Dec 24 10:14:07 burnside uvmconsole: [3315762.395s][info][gc] GC(382011) Pause Young (Normal) (G1 Evacuation Pause) 60M->51M(75M) 8.196ms
Dec 24 10:14:16 burnside uvmconsole: [3315771.630s][info][gc] GC(382012) Pause Young (Normal) (G1 Evacuation Pause) 61M->51M(75M) 10.347ms
Dec 24 10:14:26 burnside uvmconsole: [3315781.197s][info][gc] GC(382013) Pause Young (Normal) (G1 Evacuation Pause) 60M->51M(75M) 8.396ms
Dec 24 10:14:28 burnside uvmconsole: [3315783.435s][info][gc] GC(382014) Pause Young (Normal) (G1 Evacuation Pause) 60M->51M(75M) 10.399ms
Dec 24 10:14:35 burnside uvmconsole: [3315790.352s][info][gc] GC(382015) Pause Young (Normal) (G1 Evacuation Pause) 60M->51M(75M) 12.507ms
Dec 24 10:14:43 burnside uvmconsole: [3315797.781s][info][gc] GC(382016) Pause Young (Normal) (G1 Evacuation Pause) 60M->51M(75M) 9.914ms
Dec 24 10:14:49 burnside uvmconsole: [3315804.596s][info][gc] GC(382017) Pause Young (Normal) (G1 Evacuation Pause) 59M->51M(75M) 9.766ms
Dec 24 10:14:59 burnside uvmconsole: [3315813.880s][info][gc] GC(382018) Pause Young (Normal) (G1 Evacuation Pause) 59M->51M(75M) 11.409ms
Dec 24 10:15:04 burnside uvmconsole: [3315819.104s][info][gc] GC(382019) Pause Young (Normal) (G1 Evacuation Pause) 60M->52M(75M) 11.386ms
Dec 24 10:15:06 burnside uvmconsole: [3315821.034s][info][gc] GC(382020) Pause Young (Normal) (G1 Evacuation Pause) 61M->51M(75M) 10.356ms
Dec 24 10:15:17 burnside uvmconsole: [3315832.436s][info][gc] GC(382021) Pause Young (Normal) (G1 Evacuation Pause) 60M->51M(75M) 8.438ms
Dec 24 10:15:25 burnside uvmconsole: [3315840.263s][info][gc] GC(382022) Pause Young (Normal) (G1 Evacuation Pause) 60M->51M(75M) 9.801ms
Dec 24 10:15:35 burnside uvmconsole: [3315850.137s][info][gc] GC(382023) Pause Young (Normal) (G1 Evacuation Pause) 60M->51M(75M) 8.385ms
Dec 24 10:15:38 burnside uvmconsole: [3315853.008s][info][gc] GC(382024) Pause Young (Normal) (G1 Evacuation Pause) 60M->51M(75M) 9.566ms
Dec 24 10:15:41 burnside uvmconsole: [3315856.164s][info][gc] GC(382025) Pause Young (Normal) (G1 Evacuation Pause) 60M->51M(75M) 9.134ms
Dec 24 10:15:45 burnside uvmconsole: [3315860.437s][info][gc] GC(382026) Pause Young (Normal) (G1 Evacuation Pause) 60M->52M(75M) 9.743ms
Dec 24 10:15:54 burnside uvmconsole: [3315869.311s][info][gc] GC(382027) Pause Young (Normal) (G1 Evacuation Pause) 60M->52M(75M) 9.999ms
Dec 24 10:15:59 burnside uvmconsole: [3315874.304s][info][gc] GC(382028) Pause Young (Normal) (G1 Evacuation Pause) 61M->52M(75M) 9.566ms
Dec 24 10:16:06 burnside uvmconsole: [3315880.978s][info][gc] GC(382029) Pause Young (Normal) (G1 Evacuation Pause) 60M->52M(75M) 10.990ms
Dec 24 10:16:13 burnside uvmconsole: [3315888.625s][info][gc] GC(382030) Pause Young (Normal) (G1 Evacuation Pause) 60M->52M(75M) 9.437ms
Dec 24 10:16:30 burnside uvmconsole: [3315905.053s][info][gc] GC(382031) Pause Young (Normal) (G1 Evacuation Pause) 60M->52M(75M) 8.623ms
Dec 24 10:16:46 burnside uvmconsole: [3315921.332s][info][gc] GC(382032) Pause Young (Normal) (G1 Evacuation Pause) 60M->52M(75M) 8.538ms
Dec 24 10:16:51 burnside uvmconsole: [3315926.013s][info][gc] GC(382033) Pause Full (System.gc()) 54M->49M(75M) 334.179ms
Dec 24 10:17:07 burnside uvmconsole: [3315942.324s][info][gc] GC(382034) Pause Young (Normal) (G1 Evacuation Pause) 59M->49M(75M) 7.992ms
Dec 24 10:17:19 burnside uvmconsole: [3315954.499s][info][gc] GC(382035) Pause Young (Normal) (G1 Evacuation Pause) 59M->49M(75M) 7.334ms
Dec 24 10:17:42 burnside uvmconsole: [3315976.871s][info][gc] GC(382036) Pause Young (Normal) (G1 Evacuation Pause) 59M->49M(75M) 7.734ms
Dec 24 10:18:01 burnside uvmconsole: [3315995.993s][info][gc] GC(382037) Pause Young (Normal) (G1 Evacuation Pause) 59M->49M(75M) 8.332ms
Dec 24 10:18:08 burnside uvmconsole: [3316003.545s][info][gc] GC(382038) Pause Young (Normal) (G1 Evacuation Pause) 59M->50M(75M) 8.203ms
Dec 24 10:18:20 burnside uvmconsole: [3316015.017s][info][gc] GC(382039) Pause Young (Normal) (G1 Evacuation Pause) 60M->49M(75M) 7.840ms
Dec 24 10:18:28 burnside uvmconsole: [3316023.557s][info][gc] GC(382040) Pause Young (Normal) (G1 Evacuation Pause) 59M->50M(75M) 8.857ms
Dec 24 10:18:36 burnside uvmconsole: [3316031.629s][info][gc] GC(382041) Pause Young (Normal) (G1 Evacuation Pause) 60M->50M(75M) 9.754ms
Dec 24 10:18:42 burnside uvmconsole: [3316037.535s][info][gc] GC(382042) Pause Young (Normal) (G1 Evacuation Pause) 60M->50M(75M) 8.020ms
Dec 24 10:18:51 burnside uvmconsole: [3316046.088s][info][gc] GC(382043) Pause Young (Normal) (G1 Evacuation Pause) 60M->50M(75M) 8.398ms
Dec 24 10:19:00 burnside uvmconsole: [3316055.195s][info][gc] GC(382044) Pause Young (Normal) (G1 Evacuation Pause) 60M->50M(75M) 10.356ms
Dec 24 10:19:07 burnside uvmconsole: [3316062.379s][info][gc] GC(382045) Pause Young (Normal) (G1 Evacuation Pause) 60M->50M(75M) 9.502ms
Dec 24 10:19:21 burnside uvmconsole: [3316075.854s][info][gc] GC(382046) Pause Young (Normal) (G1 Evacuation Pause) 60M->50M(75M) 8.466ms
Dec 24 10:19:33 burnside uvmconsole: [3316088.654s][info][gc] GC(382047) Pause Young (Normal) (G1 Evacuation Pause) 60M->50M(75M) 8.608ms
Dec 24 10:19:41 burnside uvmconsole: [3316096.725s][info][gc] GC(382048) Pause Young (Normal) (G1 Evacuation Pause) 60M->50M(75M) 9.488ms
Dec 24 10:19:56 burnside uvmconsole: [3316111.459s][info][gc] GC(382049) Pause Young (Normal) (G1 Evacuation Pause) 59M->50M(75M) 8.944ms
Dec 24 10:20:02 burnside uvmconsole: [3316116.922s][info][gc] GC(382050) Pause Young (Normal) (G1 Evacuation Pause) 59M->50M(75M) 12.337ms
Dec 24 10:20:04 burnside uvmconsole: [3316119.647s][info][gc] GC(382051) Pause Young (Normal) (G1 Evacuation Pause) 60M->50M(75M) 11.085ms
Dec 24 10:20:16 burnside uvmconsole: [3316131.070s][info][gc] GC(382052) Pause Young (Normal) (G1 Evacuation Pause) 60M->51M(75M) 9.433ms
Dec 24 10:20:24 burnside uvmconsole: [3316139.229s][info][gc] GC(382053) Pause Young (Normal) (G1 Evacuation Pause) 60M->51M(75M) 15.249ms
Dec 24 10:20:38 burnside uvmconsole: [3316153.625s][info][gc] GC(382054) Pause Young (Normal) (G1 Evacuation Pause) 61M->51M(75M) 10.071ms
Dec 24 10:20:53 burnside uvmconsole: [3316168.441s][info][gc] GC(382055) Pause Young (Normal) (G1 Evacuation Pause) 61M->51M(75M) 9.895ms
Dec 24 10:20:54 burnside uvmconsole: 12-24 10:20:54.448639| ERROR:./libnetcap/src/netcap_tcp.c:390:WARNING: TCP: Could not find session for accepted connection :: (192.168.1.148:50605) -> (216.115.218.197:443  )
Dec 24 10:21:03 burnside uvmconsole: [3316178.635s][info][gc] GC(382056) Pause Young (Normal) (G1 Evacuation Pause) 61M->51M(75M) 10.489ms
Dec 24 10:21:17 burnside uvmconsole: [3316192.323s][info][gc] GC(382057) Pause Young (Normal) (G1 Evacuation Pause) 61M->51M(75M) 9.122ms
Dec 24 10:21:25 burnside uvmconsole: [3316200.338s][info][gc] GC(382058) Pause Young (Normal) (G1 Evacuation Pause) 61M->51M(75M) 9.792ms
Dec 24 10:21:38 burnside uvmconsole: [3316213.584s][info][gc] GC(382059) Pause Young (Normal) (G1 Evacuation Pause) 61M->51M(75M) 9.621ms
Dec 24 10:21:49 burnside uvmconsole: [3316224.510s][info][gc] GC(382060) Pause Young (Normal) (G1 Evacuation Pause) 60M->51M(75M) 15.004ms
Dec 24 10:21:51 burnside uvmconsole: [3316226.011s][info][gc] GC(382061) Pause Full (System.gc()) 52M->49M(75M) 332.061ms
Dec 24 10:21:55 burnside uvmconsole: [3316230.010s][info][gc] GC(382062) Pause Young (Normal) (G1 Evacuation Pause) 60M->49M(75M) 7.937ms
Dec 24 10:22:05 burnside uvmconsole: [3316240.322s][info][gc] GC(382063) Pause Young (Normal) (G1 Evacuation Pause) 60M->49M(75M) 8.396ms
Dec 24 10:22:11 burnside uvmconsole: [3316246.630s][info][gc] GC(382064) Pause Young (Normal) (G1 Evacuation Pause) 60M->49M(75M) 6.856ms
Dec 24 10:22:25 burnside uvmconsole: [3316259.819s][info][gc] GC(382065) Pause Young (Normal) (G1 Evacuation Pause) 60M->49M(75M) 7.632ms
Dec 24 10:22:36 burnside uvmconsole: [3316271.190s][info][gc] GC(382066) Pause Young (Normal) (G1 Evacuation Pause) 60M->50M(75M) 8.680ms
Dec 24 10:22:51 burnside uvmconsole: [3316285.866s][info][gc] GC(382067) Pause Young (Normal) (G1 Evacuation Pause) 61M->50M(75M) 8.441ms
Dec 24 10:23:07 burnside uvmconsole: [3316302.066s][info][gc] GC(382068) Pause Young (Normal) (G1 Evacuation Pause) 61M->50M(75M) 10.034ms
Dec 24 10:23:19 burnside uvmconsole: [3316314.144s][info][gc] GC(382069) Pause Young (Normal) (G1 Evacuation Pause) 60M->50M(75M) 13.323ms
Dec 24 10:23:42 burnside uvmconsole: [3316337.612s][info][gc] GC(382070) Pause Young (Normal) (G1 Evacuation Pause) 61M->50M(75M) 9.017ms
Dec 24 10:23:52 burnside uvmconsole: [3316347.683s][info][gc] GC(382071) Pause Young (Normal) (G1 Evacuation Pause) 60M->50M(75M) 8.816ms
Dec 24 10:24:05 burnside uvmconsole: [3316360.714s][info][gc] GC(382072) Pause Young (Normal) (G1 Evacuation Pause) 60M->50M(75M) 9.879ms
Dec 24 10:24:11 burnside uvmconsole: [3316366.571s][info][gc] GC(382073) Pause Young (Normal) (G1 Evacuation Pause) 60M->50M(75M) 9.154ms
Dec 24 10:24:27 burnside uvmconsole: [3316382.544s][info][gc] GC(382074) Pause Young (Normal) (G1 Evacuation Pause) 60M->50M(75M) 9.111ms
Dec 24 10:24:39 burnside uvmconsole: [3316394.491s][info][gc] GC(382075) Pause Young (Normal) (G1 Evacuation Pause) 61M->50M(75M) 9.836ms
Dec 24 10:24:57 burnside uvmconsole: [3316412.276s][info][gc] GC(382076) Pause Young (Normal) (G1 Evacuation Pause) 60M->50M(75M) 9.303ms
Dec 24 10:25:07 burnside uvmconsole: [3316422.370s][info][gc] GC(382077) Pause Young (Normal) (G1 Evacuation Pause) 61M->50M(75M) 9.016ms
Dec 24 10:25:20 burnside uvmconsole: [3316435.576s][info][gc] GC(382078) Pause Young (Normal) (G1 Evacuation Pause) 60M->50M(75M) 9.037ms
Dec 24 10:25:35 burnside uvmconsole: [3316450.470s][info][gc] GC(382079) Pause Young (Normal) (G1 Evacuation Pause) 60M->50M(75M) 8.683ms
Dec 24 10:25:56 burnside uvmconsole: [3316471.435s][info][gc] GC(382080) Pause Young (Normal) (G1 Evacuation Pause) 60M->50M(75M) 9.338ms
Dec 24 10:26:04 burnside uvmconsole: [3316478.982s][info][gc] GC(382081) Pause Young (Normal) (G1 Evacuation Pause) 60M->50M(75M) 8.546ms
Dec 24 10:26:13 burnside uvmconsole: [3316488.212s][info][gc] GC(382082) Pause Young (Normal) (G1 Evacuation Pause) 60M->50M(75M) 9.129ms
Dec 24 10:26:23 burnside uvmconsole: [3316498.654s][info][gc] GC(382083) Pause Young (Normal) (G1 Evacuation Pause) 60M->50M(75M) 8.506ms
Dec 24 10:26:38 burnside uvmconsole: [3316513.177s][info][gc] GC(382084) Pause Young (Normal) (G1 Evacuation Pause) 60M->50M(75M) 9.949ms
Dec 24 10:26:46 burnside uvmconsole: [3316521.099s][info][gc] GC(382085) Pause Young (Normal) (G1 Evacuation Pause) 60M->50M(75M) 9.380ms
Dec 24 10:26:51 burnside uvmconsole: [3316526.014s][info][gc] GC(382086) Pause Full (System.gc()) 53M->49M(75M) 334.746ms
Dec 24 10:27:02 burnside uvmconsole: [3316536.894s][info][gc] GC(382087) Pause Young (Normal) (G1 Evacuation Pause) 60M->49M(75M) 7.717ms
Dec 24 10:27:07 burnside uvmconsole: [3316542.034s][info][gc] GC(382088) Pause Young (Normal) (G1 Evacuation Pause) 60M->49M(75M) 6.747ms
Dec 24 10:27:23 burnside uvmconsole: [3316557.859s][info][gc] GC(382089) Pause Young (Normal) (G1 Evacuation Pause) 60M->49M(75M) 7.529ms
Dec 24 10:27:41 burnside uvmconsole: [3316575.836s][info][gc] GC(382090) Pause Young (Normal) (G1 Evacuation Pause) 60M->49M(75M) 8.627ms
Dec 24 10:27:55 burnside uvmconsole: [3316589.895s][info][gc] GC(382091) Pause Young (Normal) (G1 Evacuation Pause) 60M->49M(75M) 8.112ms
Dec 24 10:28:08 burnside uvmconsole: [3316602.787s][info][gc] GC(382092) Pause Young (Normal) (G1 Evacuation Pause) 60M->49M(75M) 7.913ms
Dec 24 10:28:21 burnside uvmconsole: [3316615.880s][info][gc] GC(382093) Pause Young (Normal) (G1 Evacuation Pause) 60M->50M(75M) 8.767ms
Dec 24 10:28:30 burnside uvmconsole: [3316625.641s][info][gc] GC(382094) Pause Young (Normal) (G1 Evacuation Pause) 61M->50M(75M) 9.558ms
Dec 24 10:28:38 burnside uvmconsole: [3316633.504s][info][gc] GC(382095) Pause Young (Normal) (G1 Evacuation Pause) 60M->50M(75M) 10.555ms
Dec 24 10:28:45 burnside uvmconsole: [3316640.647s][info][gc] GC(382096) Pause Young (Normal) (G1 Evacuation Pause) 60M->50M(75M) 10.287ms
Dec 24 10:28:52 burnside uvmconsole: [3316647.722s][info][gc] GC(382097) Pause Young (Normal) (G1 Evacuation Pause) 60M->50M(75M) 10.067ms
Dec 24 10:28:57 burnside uvmconsole: [3316652.708s][info][gc] GC(382098) Pause Young (Normal) (G1 Evacuation Pause) 61M->50M(75M) 8.850ms
Dec 24 10:29:04 burnside uvmconsole: [3316659.151s][info][gc] GC(382099) Pause Young (Normal) (G1 Evacuation Pause) 61M->50M(75M) 11.787ms
Dec 24 10:29:06 burnside uvmconsole: [3316661.730s][info][gc] GC(382100) Pause Young (Normal) (G1 Evacuation Pause) 60M->51M(75M) 10.558ms
Dec 24 10:29:18 burnside uvmconsole: [3316673.214s][info][gc] GC(382101) Pause Young (Normal) (G1 Evacuation Pause) 61M->50M(75M) 8.333ms
Dec 24 10:29:31 burnside uvmconsole: [3316685.818s][info][gc] GC(382102) Pause Young (Normal) (G1 Evacuation Pause) 61M->50M(75M) 8.547ms
Dec 24 10:29:43 burnside uvmconsole: [3316698.658s][info][gc] GC(382103) Pause Young (Normal) (G1 Evacuation Pause) 61M->50M(75M) 8.993ms
Dec 24 10:29:58 burnside uvmconsole: [3316713.433s][info][gc] GC(382104) Pause Young (Normal) (G1 Evacuation Pause) 61M->51M(75M) 10.684ms
Dec 24 10:30:06 burnside uvmconsole: [3316721.573s][info][gc] GC(382105) Pause Young (Normal) (G1 Evacuation Pause) 61M->51M(75M) 10.934ms
Dec 24 10:30:09 burnside uvmconsole: [3316724.193s][info][gc] GC(382106) Pause Young (Normal) (G1 Evacuation Pause) 61M->51M(75M) 17.371ms
Dec 24 10:30:11 burnside uvmconsole: [3316725.838s][info][gc] GC(382107) Pause Young (Normal) (G1 Evacuation Pause) 61M->51M(75M) 12.034ms
Dec 24 10:30:12 burnside uvmconsole: [3316727.524s][info][gc] GC(382108) Pause Young (Normal) (G1 Evacuation Pause) 60M->51M(75M) 11.251ms
Dec 24 10:30:21 burnside uvmconsole: [3316735.779s][info][gc] GC(382109) Pause Young (Normal) (G1 Evacuation Pause) 60M->51M(75M) 10.182ms
Dec 24 10:30:27 burnside uvmconsole: [3316742.593s][info][gc] GC(382110) Pause Young (Normal) (G1 Evacuation Pause) 60M->52M(75M) 11.250ms
Dec 24 10:30:30 burnside uvmconsole: [3316745.347s][info][gc] GC(382111) Pause Young (Normal) (G1 Evacuation Pause) 61M->52M(75M) 15.538ms
Dec 24 10:30:42 burnside uvmconsole: [3316757.636s][info][gc] GC(382112) Pause Young (Normal) (G1 Evacuation Pause) 61M->52M(75M) 10.154ms
Dec 24 10:30:45 burnside uvmconsole: [3316759.878s][info][gc] GC(382113) Pause Young (Normal) (G1 Evacuation Pause) 61M->52M(75M) 9.861ms
Dec 24 10:30:46 burnside uvmconsole: [3316761.379s][info][gc] GC(382114) Pause Young (Normal) (G1 Evacuation Pause) 60M->52M(75M) 10.857ms
Dec 24 10:30:48 burnside uvmconsole: [3316763.232s][info][gc] GC(382115) Pause Young (Normal) (G1 Evacuation Pause) 60M->53M(75M) 12.513ms
Dec 24 10:30:50 burnside uvmconsole: [3316764.837s][info][gc] GC(382116) Pause Young (Normal) (G1 Evacuation Pause) 61M->53M(75M) 13.544ms
Dec 24 10:30:50 burnside uvmconsole: [3316765.721s][info][gc] GC(382117) Pause Young (Normal) (G1 Evacuation Pause) 61M->54M(75M) 12.422ms
Dec 24 10:30:56 burnside uvmconsole: [3316771.621s][info][gc] GC(382118) Pause Young (Normal) (G1 Evacuation Pause) 61M->53M(75M) 10.280ms
Dec 24 10:30:59 burnside uvmconsole: [3316774.198s][info][gc] GC(382119) Pause Young (Normal) (G1 Evacuation Pause) 60M->53M(75M) 8.791ms
Dec 24 10:31:01 burnside uvmconsole: [3316776.515s][info][gc] GC(382120) Pause Young (Normal) (G1 Evacuation Pause) 60M->54M(75M) 11.464ms
Dec 24 10:31:01 burnside uvmconsole: [3316776.575s][info][gc] GC(382121) Pause Young (Normal) (G1 Evacuation Pause) 61M->54M(75M) 9.503ms
Dec 24 10:31:03 burnside uvmconsole: [3316777.976s][info][gc] GC(382122) Pause Young (Normal) (G1 Evacuation Pause) 60M->54M(75M) 11.594ms
Dec 24 10:31:04 burnside uvmconsole: [3316778.861s][info][gc] GC(382123) Pause Young (Concurrent Start) (G1 Evacuation Pause) 60M->54M(75M) 10.800ms
Dec 24 10:31:04 burnside uvmconsole: [3316778.861s][info][gc] GC(382124) Concurrent Cycle
Dec 24 10:31:04 burnside uvmconsole: [3316779.316s][info][gc] GC(382124) Pause Remark 56M->56M(75M) 43.878ms
Dec 24 10:31:04 burnside uvmconsole: [3316779.537s][info][gc] GC(382124) Pause Cleanup 56M->56M(75M) 0.464ms
Dec 24 10:31:04 burnside uvmconsole: [3316779.539s][info][gc] GC(382124) Concurrent Cycle 677.387ms
Dec 24 10:31:08 burnside uvmconsole: [3316783.588s][info][gc] GC(382125) Pause Young (Prepare Mixed) (G1 Evacuation Pause) 60M->54M(75M) 9.644ms
Dec 24 10:31:11 burnside uvmconsole: [3316786.073s][info][gc] GC(382126) Pause Young (Mixed) (G1 Evacuation Pause) 56M->54M(75M) 8.530ms
Dec 24 10:31:17 burnside uvmconsole: [3316792.004s][info][gc] GC(382127) Pause Young (Normal) (G1 Evacuation Pause) 61M->54M(75M) 8.636ms
Dec 24 10:31:21 burnside uvmconsole: [3316796.479s][info][gc] GC(382128) Pause Young (Normal) (G1 Evacuation Pause) 61M->54M(75M) 8.337ms
Dec 24 10:31:24 burnside uvmconsole: [3316799.556s][info][gc] GC(382129) Pause Young (Concurrent Start) (G1 Evacuation Pause) 61M->54M(75M) 10.025ms
Dec 24 10:31:24 burnside uvmconsole: [3316799.557s][info][gc] GC(382130) Concurrent Cycle
Dec 24 10:31:25 burnside uvmconsole: [3316799.978s][info][gc] GC(382130) Pause Remark 55M->55M(75M) 43.765ms
Dec 24 10:31:25 burnside uvmconsole: [3316800.196s][info][gc] GC(382130) Pause Cleanup 55M->55M(75M) 0.565ms
Dec 24 10:31:25 burnside uvmconsole: [3316800.198s][info][gc] GC(382130) Concurrent Cycle 641.429ms
Dec 24 10:31:30 burnside uvmconsole: [3316804.890s][info][gc] GC(382131) Pause Young (Normal) (G1 Evacuation Pause) 61M->54M(75M) 10.870ms
Dec 24 10:31:32 burnside uvmconsole: [3316806.902s][info][gc] GC(382132) Pause Young (Concurrent Start) (G1 Evacuation Pause) 61M->54M(75M) 11.684ms
Dec 24 10:31:32 burnside uvmconsole: [3316806.902s][info][gc] GC(382133) Concurrent Cycle
Dec 24 10:31:32 burnside uvmconsole: [3316807.338s][info][gc] GC(382133) Pause Remark 56M->56M(75M) 42.681ms
Dec 24 10:31:32 burnside uvmconsole: [3316807.551s][info][gc] GC(382133) Pause Cleanup 56M->56M(75M) 0.462ms
Dec 24 10:31:32 burnside uvmconsole: [3316807.553s][info][gc] GC(382133) Concurrent Cycle 650.620ms
Dec 24 10:31:35 burnside uvmconsole: [3316810.448s][info][gc] GC(382134) Pause Young (Normal) (G1 Evacuation Pause) 61M->54M(75M) 11.591ms
Dec 24 10:31:37 burnside uvmconsole: [3316812.273s][info][gc] GC(382135) Pause Young (Concurrent Start) (G1 Evacuation Pause) 61M->55M(75M) 10.860ms
Dec 24 10:31:37 burnside uvmconsole: [3316812.273s][info][gc] GC(382136) Concurrent Cycle
Dec 24 10:31:38 burnside uvmconsole: [3316812.769s][info][gc] GC(382136) Pause Remark 57M->57M(75M) 42.900ms
Dec 24 10:31:38 burnside uvmconsole: [3316813.000s][info][gc] GC(382136) Pause Cleanup 58M->58M(75M) 0.488ms
Dec 24 10:31:38 burnside uvmconsole: [3316813.001s][info][gc] GC(382136) Concurrent Cycle 728.156ms
Dec 24 10:31:40 burnside uvmconsole: [3316815.420s][info][gc] GC(382137) Pause Young (Prepare Mixed) (G1 Evacuation Pause) 62M->55M(75M) 10.572ms
Dec 24 10:31:41 burnside uvmconsole: [3316816.639s][info][gc] GC(382138) Pause Young (Mixed) (G1 Evacuation Pause) 57M->54M(75M) 8.814ms
Dec 24 10:31:43 burnside uvmconsole: [3316818.656s][info][gc] GC(382139) Pause Young (Normal) (G1 Evacuation Pause) 61M->55M(75M) 9.748ms
Dec 24 10:31:46 burnside uvmconsole: [3316821.198s][info][gc] GC(382140) Pause Young (Normal) (G1 Evacuation Pause) 62M->55M(75M) 10.277ms
Dec 24 10:31:51 burnside uvmconsole: [3316826.027s][info][gc] GC(382141) Pause Full (System.gc()) 59M->51M(75M) 347.596ms
Dec 24 10:31:58 burnside uvmconsole: [3316832.863s][info][gc] GC(382142) Pause Young (Concurrent Start) (G1 Evacuation Pause) 59M->51M(75M) 9.591ms
Dec 24 10:31:58 burnside uvmconsole: [3316832.863s][info][gc] GC(382143) Concurrent Cycle
Dec 24 10:31:58 burnside uvmconsole: [3316833.298s][info][gc] GC(382143) Pause Remark 54M->54M(75M) 41.113ms
Dec 24 10:31:58 burnside uvmconsole: [3316833.520s][info][gc] GC(382143) Pause Cleanup 54M->54M(75M) 0.493ms
Dec 24 10:31:58 burnside uvmconsole: [3316833.522s][info][gc] GC(382143) Concurrent Cycle 658.713ms
Dec 24 10:32:01 burnside uvmconsole: [3316836.282s][info][gc] GC(382144) Pause Young (Normal) (G1 Evacuation Pause) 59M->52M(75M) 12.678ms
Dec 24 10:32:04 burnside uvmconsole: [3316839.405s][info][gc] GC(382145) Pause Young (Concurrent Start) (G1 Evacuation Pause) 60M->52M(75M) 11.252ms
Dec 24 10:32:04 burnside uvmconsole: [3316839.405s][info][gc] GC(382146) Concurrent Cycle
Dec 24 10:32:05 burnside uvmconsole: [3316839.855s][info][gc] GC(382146) Pause Remark 59M->59M(75M) 62.547ms
Dec 24 10:32:05 burnside uvmconsole: [3316840.081s][info][gc] GC(382146) Pause Cleanup 60M->60M(75M) 0.630ms
Dec 24 10:32:05 burnside uvmconsole: [3316840.083s][info][gc] GC(382146) Concurrent Cycle 677.896ms
Dec 24 10:32:06 burnside uvmconsole: [3316840.870s][info][gc] GC(382147) Pause Young (Normal) (G1 Evacuation Pause) 60M->52M(75M) 10.823ms
Dec 24 10:32:14 burnside uvmconsole: [3316849.366s][info][gc] GC(382148) Pause Young (Concurrent Start) (G1 Evacuation Pause) 60M->52M(75M) 11.537ms
Dec 24 10:32:14 burnside uvmconsole: [3316849.366s][info][gc] GC(382149) Concurrent Cycle
Dec 24 10:32:15 burnside uvmconsole: [3316849.770s][info][gc] GC(382149) Pause Remark 53M->53M(75M) 44.706ms
Dec 24 10:32:15 burnside uvmconsole: [3316849.981s][info][gc] GC(382149) Pause Cleanup 53M->53M(75M) 0.472ms
Dec 24 10:32:15 burnside uvmconsole: [3316849.983s][info][gc] GC(382149) Concurrent Cycle 616.323ms
Dec 24 10:32:26 burnside uvmconsole: [3316860.814s][info][gc] GC(382150) Pause Young (Normal) (G1 Evacuation Pause) 60M->52M(75M) 12.200ms
Dec 24 10:32:31 burnside uvmconsole: [3316866.341s][info][gc] GC(382151) Pause Young (Concurrent Start) (G1 Evacuation Pause) 60M->52M(75M) 12.346ms
Dec 24 10:32:31 burnside uvmconsole: [3316866.341s][info][gc] GC(382152) Concurrent Cycle
Dec 24 10:32:31 burnside uvmconsole: [3316866.753s][info][gc] GC(382152) Pause Remark 53M->53M(75M) 45.835ms
Dec 24 10:32:32 burnside uvmconsole: [3316866.963s][info][gc] GC(382152) Pause Cleanup 53M->53M(75M) 0.538ms
Dec 24 10:32:32 burnside uvmconsole: [3316866.965s][info][gc] GC(382152) Concurrent Cycle 623.387ms
Dec 24 10:32:39 burnside uvmconsole: [3316873.797s][info][gc] GC(382153) Pause Young (Normal) (G1 Evacuation Pause) 59M->52M(75M) 11.615ms
Dec 24 10:32:40 burnside uvmconsole: [3316875.543s][info][gc] GC(382154) Pause Young (Concurrent Start) (G1 Evacuation Pause) 60M->53M(75M) 13.859ms
Dec 24 10:32:40 burnside uvmconsole: [3316875.545s][info][gc] GC(382155) Concurrent Cycle
Dec 24 10:32:41 burnside uvmconsole: [3316876.058s][info][gc] GC(382155) Pause Remark 59M->59M(75M) 42.474ms
Dec 24 10:32:41 burnside uvmconsole: [3316876.277s][info][gc] GC(382155) Pause Cleanup 60M->60M(75M) 0.650ms
Dec 24 10:32:41 burnside uvmconsole: [3316876.278s][info][gc] GC(382155) Concurrent Cycle 733.426ms
Dec 24 10:32:41 burnside uvmconsole: [3316876.414s][info][gc] GC(382156) Pause Young (Prepare Mixed) (G1 Evacuation Pause) 61M->53M(75M) 14.706ms
Dec 24 10:32:41 burnside uvmconsole: [3316876.583s][info][gc] GC(382157) Pause Young (Mixed) (G1 Evacuation Pause) 54M->53M(75M) 12.684ms
Dec 24 10:32:43 burnside uvmconsole: [3316878.403s][info][gc] GC(382158) Pause Young (Normal) (G1 Evacuation Pause) 60M->53M(75M) 9.791ms
Dec 24 10:32:44 burnside uvmconsole: [3316879.477s][info][gc] GC(382159) Pause Young (Normal) (G1 Evacuation Pause) 60M->54M(75M) 10.449ms
Dec 24 10:32:45 burnside uvmconsole: [3316880.583s][info][gc] GC(382160) Pause Young (Normal) (G1 Evacuation Pause) 61M->54M(75M) 11.697ms
Dec 24 10:32:46 burnside uvmconsole: [3316881.287s][info][gc] GC(382161) Pause Young (Concurrent Start) (G1 Evacuation Pause) 60M->54M(75M) 12.259ms
Dec 24 10:32:46 burnside uvmconsole: [3316881.288s][info][gc] GC(382162) Concurrent Cycle
Dec 24 10:32:46 burnside uvmconsole: [3316881.724s][info][gc] GC(382162) Pause Remark 58M->58M(75M) 47.770ms
Dec 24 10:32:47 burnside uvmconsole: [3316881.952s][info][gc] GC(382162) Pause Cleanup 59M->59M(75M) 0.605ms
Dec 24 10:32:47 burnside uvmconsole: [3316881.955s][info][gc] GC(382162) Concurrent Cycle 667.116ms
Dec 24 10:32:49 burnside uvmconsole: [3316884.603s][info][gc] GC(382163) Pause Young (Normal) (G1 Evacuation Pause) 60M->54M(75M) 10.882ms
Dec 24 10:32:58 burnside uvmconsole: [3316893.315s][info][gc] GC(382164) Pause Young (Normal) (G1 Evacuation Pause) 60M->54M(75M) 8.508ms
Dec 24 10:33:00 burnside uvmconsole: [3316895.615s][info][gc] GC(382165) Pause Young (Normal) (G1 Evacuation Pause) 60M->55M(75M) 11.095ms
Dec 24 10:33:06 burnside uvmconsole: [3316901.309s][info][gc] GC(382166) Pause Young (Normal) (G1 Evacuation Pause) 61M->55M(75M) 10.755ms
Dec 24 10:33:07 burnside uvmconsole: [3316902.610s][info][gc] GC(382167) Pause Young (Concurrent Start) (G1 Evacuation Pause) 61M->55M(75M) 11.066ms
Dec 24 10:33:07 burnside uvmconsole: [3316902.610s][info][gc] GC(382168) Concurrent Cycle
Dec 24 10:33:08 burnside uvmconsole: [3316903.062s][info][gc] GC(382168) Pause Remark 60M->60M(75M) 61.171ms
Dec 24 10:33:08 burnside uvmconsole: [3316903.287s][info][gc] GC(382168) Pause Cleanup 60M->60M(75M) 0.590ms
Dec 24 10:33:08 burnside uvmconsole: [3316903.289s][info][gc] GC(382168) Concurrent Cycle 678.729ms
Dec 24 10:33:09 burnside uvmconsole: [3316904.283s][info][gc] GC(382169) Pause Young (Prepare Mixed) (G1 Evacuation Pause) 61M->55M(75M) 10.188ms
Dec 24 10:33:11 burnside uvmconsole: [3316906.411s][info][gc] GC(382170) Pause Young (Mixed) (G1 Evacuation Pause) 57M->55M(75M) 8.603ms
Dec 24 10:33:14 burnside uvmconsole: [3316909.237s][info][gc] GC(382171) Pause Young (Normal) (G1 Evacuation Pause) 61M->55M(75M) 12.568ms
Dec 24 10:33:18 burnside uvmconsole: [3316912.843s][info][gc] GC(382172) Pause Young (Normal) (G1 Evacuation Pause) 61M->55M(75M) 8.998ms
Dec 24 10:33:19 burnside uvmconsole: [3316914.415s][info][gc] GC(382173) Pause Young (Normal) (G1 Evacuation Pause) 61M->55M(75M) 10.061ms
Dec 24 10:33:23 burnside uvmconsole: [3316918.657s][info][gc] GC(382174) Pause Young (Normal) (G1 Evacuation Pause) 61M->56M(75M) 10.119ms
Dec 24 10:33:30 burnside uvmconsole: [3316925.266s][info][gc] GC(382175) Pause Young (Normal) (G1 Evacuation Pause) 62M->55M(75M) 9.097ms
Dec 24 10:33:39 burnside uvmconsole: [3316934.583s][info][gc] GC(382176) Pause Young (Normal) (G1 Evacuation Pause) 61M->55M(75M) 8.214ms
Dec 24 10:33:47 burnside uvmconsole: [3316942.500s][info][gc] GC(382177) Pause Young (Normal) (G1 Evacuation Pause) 61M->55M(75M) 8.443ms
Dec 24 10:33:57 burnside uvmconsole: [3316952.380s][info][gc] GC(382178) Pause Young (Normal) (G1 Evacuation Pause) 61M->55M(75M) 8.375ms
Dec 24 10:34:00 burnside uvmconsole: [3316954.937s][info][gc] GC(382179) Pause Young (Normal) (G1 Evacuation Pause) 61M->56M(75M) 9.294ms
Dec 24 10:34:00 burnside uvmconsole: [3316954.986s][info][gc] GC(382180) Pause Young (Normal) (G1 Evacuation Pause) 62M->56M(75M) 9.028ms
Dec 24 10:34:10 burnside uvmconsole: [3316965.490s][info][gc] GC(382181) Pause Young (Normal) (G1 Evacuation Pause) 62M->56M(75M) 7.762ms
Dec 24 10:34:20 burnside uvmconsole: [3316975.217s][info][gc] GC(382182) Pause Young (Concurrent Start) (G1 Evacuation Pause) 62M->56M(75M) 9.424ms
Dec 24 10:34:20 burnside uvmconsole: [3316975.218s][info][gc] GC(382183) Concurrent Cycle
Dec 24 10:34:20 burnside uvmconsole: [3316975.623s][info][gc] GC(382183) Pause Remark 56M->56M(75M) 44.161ms
Dec 24 10:34:21 burnside uvmconsole: [3316975.836s][info][gc] GC(382183) Pause Cleanup 56M->56M(75M) 0.469ms
Dec 24 10:34:21 burnside uvmconsole: [3316975.838s][info][gc] GC(382183) Concurrent Cycle 620.223ms
Dec 24 10:34:27 burnside uvmconsole: [3316982.490s][info][gc] GC(382184) Pause Young (Prepare Mixed) (G1 Evacuation Pause) 62M->56M(75M) 9.418ms
Dec 24 10:34:28 burnside uvmconsole: [3316983.640s][info][gc] GC(382185) Pause Young (Mixed) (G1 Evacuation Pause) 58M->55M(75M) 11.207ms
Dec 24 10:34:34 burnside uvmconsole: [3316989.667s][info][gc] GC(382186) Pause Young (Normal) (G1 Evacuation Pause) 62M->55M(75M) 7.437ms
Dec 24 10:34:43 burnside uvmconsole: [3316998.655s][info][gc] GC(382187) Pause Young (Normal) (G1 Evacuation Pause) 62M->55M(75M) 8.447ms
Dec 24 10:34:46 burnside uvmconsole: [3317000.915s][info][gc] GC(382188) Pause Young (Concurrent Start) (G1 Evacuation Pause) 62M->55M(75M) 13.570ms
Dec 24 10:34:46 burnside uvmconsole: [3317000.916s][info][gc] GC(382189) Concurrent Cycle
Dec 24 10:34:46 burnside uvmconsole: [3317001.422s][info][gc] GC(382189) Pause Remark 61M->61M(75M) 45.646ms
Dec 24 10:34:46 burnside uvmconsole: [3317001.636s][info][gc] GC(382189) Pause Cleanup 61M->61M(75M) 0.553ms
Dec 24 10:34:46 burnside uvmconsole: [3317001.637s][info][gc] GC(382189) Concurrent Cycle 721.698ms
Dec 24 10:34:47 burnside uvmconsole: [3317001.808s][info][gc] GC(382190) Pause Young (Prepare Mixed) (G1 Evacuation Pause) 62M->56M(75M) 11.675ms
Dec 24 10:34:47 burnside uvmconsole: [3317002.129s][info][gc] GC(382191) Pause Young (Mixed) (G1 Evacuation Pause) 58M->54M(75M) 12.189ms
Dec 24 10:34:48 burnside uvmconsole: [3317003.266s][info][gc] GC(382192) Pause Young (Normal) (G1 Evacuation Pause) 61M->54M(75M) 9.584ms
Dec 24 10:34:49 burnside uvmconsole: [3317004.474s][info][gc] GC(382193) Pause Young (Normal) (G1 Evacuation Pause) 61M->55M(75M) 10.680ms
Dec 24 10:34:50 burnside uvmconsole: [3317005.303s][info][gc] GC(382194) Pause Young (Normal) (G1 Evacuation Pause) 62M->55M(75M) 11.632ms
Dec 24 10:34:51 burnside uvmconsole: [3317006.419s][info][gc] GC(382195) Pause Young (Normal) (G1 Evacuation Pause) 62M->55M(75M) 11.514ms
Dec 24 10:34:52 burnside uvmconsole: [3317006.780s][info][gc] GC(382196) Pause Young (Normal) (G1 Evacuation Pause) 61M->56M(75M) 15.123ms
Dec 24 10:34:52 burnside uvmconsole: [3317007.235s][info][gc] GC(382197) Pause Young (Normal) (G1 Evacuation Pause) 61M->56M(75M) 16.074ms
Dec 24 10:34:53 burnside uvmconsole: [3317008.181s][info][gc] GC(382198) Pause Young (Normal) (G1 Evacuation Pause) 61M->56M(75M) 9.770ms
Dec 24 10:34:54 burnside uvmconsole: [3317009.500s][info][gc] GC(382199) Pause Young (Normal) (G1 Evacuation Pause) 61M->56M(75M) 15.440ms
Dec 24 10:34:55 burnside uvmconsole: [3317010.271s][info][gc] GC(382200) Pause Young (Normal) (G1 Evacuation Pause) 61M->57M(75M) 10.304ms
Dec 24 10:34:56 burnside uvmconsole: [3317010.895s][info][gc] GC(382201) Pause Young (Normal) (G1 Evacuation Pause) 62M->57M(75M) 11.055ms
Dec 24 10:34:57 burnside uvmconsole: [3317012.535s][info][gc] GC(382202) Pause Young (Normal) (G1 Evacuation Pause) 62M->57M(75M) 9.605ms
Dec 24 10:34:58 burnside uvmconsole: [3317013.751s][info][gc] GC(382203) Pause Young (Normal) (G1 Evacuation Pause) 62M->57M(75M) 9.833ms
Dec 24 10:34:59 burnside uvmconsole: [3317014.271s][info][gc] GC(382204) Pause Young (Normal) (G1 Evacuation Pause) 62M->57M(75M) 9.874ms
Dec 24 10:35:00 burnside uvmconsole: [3317014.971s][info][gc] GC(382205) Pause Young (Normal) (G1 Evacuation Pause) 62M->58M(75M) 11.264ms
Dec 24 10:35:01 burnside uvmconsole: [3317015.872s][info][gc] GC(382206) Pause Young (Normal) (G1 Evacuation Pause) 63M->58M(90M) 16.443ms
Dec 24 10:35:02 burnside uvmconsole: [3317017.705s][info][gc] GC(382207) Pause Young (Normal) (G1 Evacuation Pause) 68M->59M(90M) 12.137ms
Dec 24 10:35:03 burnside uvmconsole: [3317017.835s][info][gc] GC(382208) Pause Young (Normal) (G1 Evacuation Pause) 70M->60M(90M) 15.339ms
Dec 24 10:35:04 burnside uvmconsole: [3317019.483s][info][gc] GC(382209) Pause Young (Normal) (G1 Evacuation Pause) 71M->60M(90M) 28.454ms
Dec 24 10:35:11 burnside uvmconsole: [3317026.007s][info][gc] GC(382210) Pause Young (Normal) (G1 Evacuation Pause) 71M->60M(90M) 11.231ms
Dec 24 10:35:15 burnside uvmconsole: [3317030.409s][info][gc] GC(382211) Pause Young (Normal) (G1 Evacuation Pause) 72M->61M(90M) 20.727ms
Dec 24 10:35:20 burnside uvmconsole: [3317034.985s][info][gc] GC(382212) Pause Young (Normal) (G1 Evacuation Pause) 73M->61M(90M) 14.384ms
Dec 24 10:35:23 burnside uvmconsole: [3317038.667s][info][gc] GC(382213) Pause Young (Normal) (G1 Evacuation Pause) 73M->61M(90M) 14.998ms
Dec 24 10:35:30 burnside uvmconsole: [3317045.569s][info][gc] GC(382214) Pause Young (Normal) (G1 Evacuation Pause) 73M->61M(90M) 12.541ms
Dec 24 10:35:39 burnside uvmconsole: [3317054.288s][info][gc] GC(382215) Pause Young (Normal) (G1 Evacuation Pause) 73M->62M(90M) 12.111ms
Dec 24 10:35:43 burnside uvmconsole: [3317058.648s][info][gc] GC(382216) Pause Young (Normal) (G1 Evacuation Pause) 74M->62M(90M) 13.584ms
Dec 24 10:35:47 burnside uvmconsole: [3317062.002s][info][gc] GC(382217) Pause Young (Normal) (G1 Evacuation Pause) 74M->63M(90M) 14.481ms
Dec 24 10:35:55 burnside uvmconsole: [3317070.304s][info][gc] GC(382218) Pause Young (Normal) (G1 Evacuation Pause) 75M->63M(90M) 13.825ms
Dec 24 10:35:59 burnside uvmconsole: [3317074.195s][info][gc] GC(382219) Pause Young (Normal) (G1 Evacuation Pause) 76M->63M(90M) 12.346ms
Dec 24 10:36:01 burnside uvmconsole: [3317076.643s][info][gc] GC(382220) Pause Young (Normal) (G1 Evacuation Pause) 76M->64M(90M) 18.147ms
Dec 24 10:36:08 burnside uvmconsole: [3317083.120s][info][gc] GC(382221) Pause Young (Normal) (G1 Evacuation Pause) 76M->64M(90M) 15.048ms
Dec 24 10:36:09 burnside uvmconsole: [3317084.320s][info][gc] GC(382222) Pause Young (Normal) (G1 Evacuation Pause) 75M->64M(90M) 15.455ms
Dec 24 10:36:16 burnside uvmconsole: [3317091.122s][info][gc] GC(382223) Pause Young (Normal) (G1 Evacuation Pause) 76M->64M(90M) 10.568ms
Dec 24 10:36:20 burnside uvmconsole: [3317094.821s][info][gc] GC(382224) Pause Young (Normal) (G1 Evacuation Pause) 76M->65M(90M) 18.078ms
Dec 24 10:36:26 burnside uvmconsole: [3317100.957s][info][gc] GC(382225) Pause Young (Normal) (G1 Evacuation Pause) 76M->65M(90M) 13.549ms
Dec 24 10:36:30 burnside uvmconsole: [3317104.980s][info][gc] GC(382226) Pause Young (Normal) (G1 Evacuation Pause) 76M->65M(90M) 16.657ms
Dec 24 10:36:32 burnside uvmconsole: [3317107.358s][info][gc] GC(382227) Pause Young (Normal) (G1 Evacuation Pause) 76M->65M(90M) 13.934ms
Dec 24 10:36:38 burnside uvmconsole: [3317113.073s][info][gc] GC(382228) Pause Young (Normal) (G1 Evacuation Pause) 76M->65M(90M) 12.459ms
Dec 24 10:36:43 burnside uvmconsole: [3317118.055s][info][gc] GC(382229) Pause Young (Normal) (G1 Evacuation Pause) 75M->65M(90M) 11.954ms
Dec 24 10:36:47 burnside uvmconsole: [3317122.058s][info][gc] GC(382230) Pause Young (Normal) (G1 Evacuation Pause) 75M->66M(90M) 12.565ms
Dec 24 10:36:51 burnside uvmconsole: [3317126.052s][info][gc] GC(382231) Pause Full (System.gc()) 71M->53M(80M) 371.443ms
Dec 24 10:36:58 burnside uvmconsole: [3317133.045s][info][gc] GC(382232) Pause Young (Normal) (G1 Evacuation Pause) 65M->54M(80M) 10.182ms
Dec 24 10:37:01 burnside uvmconsole: [3317135.798s][info][gc] GC(382233) Pause Young (Normal) (G1 Evacuation Pause) 66M->55M(80M) 14.995ms
Dec 24 10:37:02 burnside uvmconsole: [3317137.149s][info][gc] GC(382234) Pause Young (Normal) (G1 Evacuation Pause) 66M->55M(80M) 12.252ms
Dec 24 10:37:03 burnside uvmconsole: [3317138.661s][info][gc] GC(382235) Pause Young (Normal) (G1 Evacuation Pause) 65M->55M(80M) 10.593ms
Dec 24 10:37:14 burnside uvmconsole: [3317149.069s][info][gc] GC(382236) Pause Young (Normal) (G1 Evacuation Pause) 66M->55M(80M) 10.276ms
Dec 24 10:37:19 burnside uvmconsole: [3317153.886s][info][gc] GC(382237) Pause Young (Normal) (G1 Evacuation Pause) 66M->55M(80M) 11.075ms
Dec 24 10:37:26 burnside uvmconsole: [3317161.098s][info][gc] GC(382238) Pause Young (Normal) (G1 Evacuation Pause) 66M->56M(80M) 11.889ms
Dec 24 10:37:31 burnside uvmconsole: [3317166.679s][info][gc] GC(382239) Pause Young (Normal) (G1 Evacuation Pause) 66M->56M(80M) 11.815ms
Dec 24 10:37:35 burnside uvmconsole: [3317169.979s][info][gc] GC(382240) Pause Young (Normal) (G1 Evacuation Pause) 66M->56M(80M) 12.154ms
Dec 24 10:37:39 burnside uvmconsole: [3317174.188s][info][gc] GC(382241) Pause Young (Normal) (G1 Evacuation Pause) 65M->56M(80M) 12.470ms
Dec 24 10:37:46 burnside uvmconsole: [3317181.525s][info][gc] GC(382242) Pause Young (Normal) (G1 Evacuation Pause) 65M->56M(80M) 12.019ms
Dec 24 10:37:56 burnside uvmconsole: [3317191.252s][info][gc] GC(382243) Pause Young (Normal) (G1 Evacuation Pause) 66M->56M(80M) 12.283ms
Dec 24 10:37:59 burnside uvmconsole: [3317194.197s][info][gc] GC(382244) Pause Young (Normal) (G1 Evacuation Pause) 66M->56M(80M) 12.653ms
Dec 24 10:38:02 burnside uvmconsole: [3317196.803s][info][gc] GC(382245) Pause Young (Normal) (G1 Evacuation Pause) 66M->57M(80M) 13.816ms
Dec 24 10:38:05 burnside uvmconsole: [3317200.709s][info][gc] GC(382246) Pause Young (Normal) (G1 Evacuation Pause) 67M->57M(80M) 13.752ms
Dec 24 10:38:06 burnside uvmconsole: [3317201.138s][info][gc] GC(382247) Pause Young (Normal) (G1 Evacuation Pause) 66M->57M(80M) 16.304ms
Dec 24 10:38:16 burnside uvmconsole: [3317211.395s][info][gc] GC(382248) Pause Young (Normal) (G1 Evacuation Pause) 66M->57M(80M) 9.652ms
Dec 24 10:38:19 burnside uvmconsole: [3317214.300s][info][gc] GC(382249) Pause Young (Normal) (G1 Evacuation Pause) 66M->57M(80M) 14.944ms
Dec 24 10:38:21 burnside uvmconsole: [3317216.644s][info][gc] GC(382250) Pause Young (Normal) (G1 Evacuation Pause) 66M->58M(80M) 11.813ms
Dec 24 10:38:23 burnside uvmconsole: [3317218.683s][info][gc] GC(382251) Pause Young (Normal) (G1 Evacuation Pause) 66M->58M(80M) 12.297ms
Dec 24 10:38:26 burnside uvmconsole: [3317221.234s][info][gc] GC(382252) Pause Young (Normal) (G1 Evacuation Pause) 66M->59M(80M) 13.528ms
Dec 24 10:38:29 burnside uvmconsole: [3317224.630s][info][gc] GC(382253) Pause Young (Normal) (G1 Evacuation Pause) 67M->59M(80M) 11.602ms
Dec 24 10:38:31 burnside uvmconsole: [3317226.383s][info][gc] GC(382254) Pause Young (Normal) (G1 Evacuation Pause) 67M->59M(80M) 16.670ms
Dec 24 10:38:32 burnside uvmconsole: [3317226.929s][info][gc] GC(382255) Pause Young (Normal) (G1 Evacuation Pause) 67M->59M(80M) 12.255ms
Dec 24 10:38:36 burnside uvmconsole: [3317231.662s][info][gc] GC(382256) Pause Young (Normal) (G1 Evacuation Pause) 66M->59M(80M) 13.233ms
Dec 24 10:38:38 burnside uvmconsole: [3317233.505s][info][gc] GC(382257) Pause Young (Normal) (G1 Evacuation Pause) 66M->59M(80M) 25.971ms
Dec 24 10:38:42 burnside uvmconsole: [3317237.675s][info][gc] GC(382258) Pause Young (Normal) (G1 Evacuation Pause) 66M->59M(80M) 11.564ms
Dec 24 10:38:44 burnside uvmconsole: [3317238.909s][info][gc] GC(382259) Pause Young (Normal) (G1 Evacuation Pause) 65M->59M(80M) 9.698ms
Dec 24 10:38:47 burnside uvmconsole: [3317241.945s][info][gc] GC(382260) Pause Young (Normal) (G1 Evacuation Pause) 65M->60M(80M) 9.641ms
Dec 24 10:38:47 burnside uvmconsole: [3317242.411s][info][gc] GC(382261) Pause Young (Normal) (G1 Evacuation Pause) 66M->60M(80M) 12.828ms
Dec 24 10:38:47 burnside uvmconsole: [3317242.671s][info][gc] GC(382262) Pause Young (Normal) (G1 Evacuation Pause) 66M->60M(80M) 9.823ms
Dec 24 10:38:48 burnside uvmconsole: [3317242.917s][info][gc] GC(382263) Pause Young (Normal) (G1 Evacuation Pause) 66M->60M(80M) 9.709ms
Dec 24 10:38:48 burnside uvmconsole: [3317243.481s][info][gc] GC(382264) Pause Young (Normal) (G1 Evacuation Pause) 66M->60M(80M) 9.133ms
Dec 24 10:38:52 burnside uvmconsole: [3317247.511s][info][gc] GC(382265) Pause Young (Normal) (G1 Evacuation Pause) 66M->60M(80M) 9.273ms
Dec 24 10:38:55 burnside uvmconsole: [3317250.215s][info][gc] GC(382266) Pause Young (Normal) (G1 Evacuation Pause) 66M->60M(80M) 9.667ms
Dec 24 10:38:59 burnside uvmconsole: [3317254.192s][info][gc] GC(382267) Pause Young (Normal) (G1 Evacuation Pause) 66M->60M(80M) 10.617ms
Dec 24 10:38:59 burnside uvmconsole: [3317254.439s][info][gc] GC(382268) Pause Young (Normal) (G1 Evacuation Pause) 66M->60M(80M) 10.265ms
Dec 24 10:39:04 burnside uvmconsole: [3317258.860s][info][gc] GC(382269) Pause Young (Normal) (G1 Evacuation Pause) 66M->61M(80M) 11.282ms
Dec 24 10:39:09 burnside uvmconsole: [3317264.222s][info][gc] GC(382270) Pause Young (Normal) (G1 Evacuation Pause) 66M->61M(80M) 10.157ms
Dec 24 10:39:10 burnside uvmconsole: [3317264.850s][info][gc] GC(382271) Pause Young (Normal) (G1 Evacuation Pause) 66M->61M(80M) 9.213ms
Dec 24 10:39:10 burnside uvmconsole: [3317264.900s][info][gc] GC(382272) Pause Young (Normal) (G1 Evacuation Pause) 66M->61M(80M) 9.559ms
Dec 24 10:39:12 burnside uvmconsole: [3317266.958s][info][gc] GC(382273) Pause Young (Normal) (G1 Evacuation Pause) 66M->61M(80M) 8.974ms
Dec 24 10:39:16 burnside uvmconsole: [3317271.064s][info][gc] GC(382274) Pause Young (Normal) (G1 Evacuation Pause) 66M->61M(80M) 8.262ms
Dec 24 10:39:18 burnside uvmconsole: [3317273.381s][info][gc] GC(382275) Pause Young (Normal) (G1 Evacuation Pause) 66M->61M(80M) 9.588ms
Dec 24 10:39:20 burnside uvmconsole: [3317275.041s][info][gc] GC(382276) Pause Young (Normal) (G1 Evacuation Pause) 66M->61M(80M) 11.004ms
Dec 24 10:39:23 burnside uvmconsole: [3317277.909s][info][gc] GC(382277) Pause Young (Normal) (G1 Evacuation Pause) 66M->61M(80M) 9.874ms
Dec 24 10:39:24 burnside uvmconsole: [3317279.719s][info][gc] GC(382278) Pause Young (Normal) (G1 Evacuation Pause) 66M->62M(80M) 9.802ms
Dec 24 10:39:26 burnside uvmconsole: [3317281.020s][info][gc] GC(382279) Pause Young (Normal) (G1 Evacuation Pause) 67M->62M(80M) 10.983ms
Dec 24 10:39:27 burnside uvmconsole: [3317282.333s][info][gc] GC(382280) Pause Young (Normal) (G1 Evacuation Pause) 67M->62M(80M) 12.022ms
Dec 24 10:39:27 burnside uvmconsole: [3317282.657s][info][gc] GC(382281) Pause Young (Normal) (G1 Evacuation Pause) 67M->63M(80M) 11.541ms
Dec 24 10:39:29 burnside uvmconsole: [3317283.890s][info][gc] GC(382282) Pause Young (Normal) (G1 Evacuation Pause) 67M->63M(80M) 10.034ms
Dec 24 10:39:31 burnside uvmconsole: [3317286.555s][info][gc] GC(382283) Pause Young (Normal) (G1 Evacuation Pause) 67M->63M(80M) 11.056ms
Dec 24 10:39:33 burnside uvmconsole: [3317288.660s][info][gc] GC(382284) Pause Young (Normal) (G1 Evacuation Pause) 67M->63M(80M) 9.456ms
Dec 24 10:39:37 burnside uvmconsole: [3317292.743s][info][gc] GC(382285) Pause Young (Normal) (G1 Evacuation Pause) 66M->63M(80M) 8.489ms
Dec 24 10:39:40 burnside uvmconsole: [3317294.931s][info][gc] GC(382286) Pause Young (Normal) (G1 Evacuation Pause) 66M->63M(80M) 9.664ms
Dec 24 10:39:41 burnside uvmconsole: [3317295.987s][info][gc] GC(382287) Pause Young (Normal) (G1 Evacuation Pause) 66M->63M(80M) 10.236ms
Dec 24 10:39:42 burnside uvmconsole: [3317297.012s][info][gc] GC(382288) Pause Young (Normal) (G1 Evacuation Pause) 66M->63M(80M) 10.837ms
Dec 24 10:39:42 burnside uvmconsole: [3317297.259s][info][gc] GC(382289) Pause Young (Normal) (G1 Evacuation Pause) 66M->64M(80M) 10.518ms
Dec 24 10:39:43 burnside uvmconsole: [3317298.499s][info][gc] GC(382290) Pause Young (Normal) (G1 Evacuation Pause) 67M->64M(80M) 9.559ms
Dec 24 10:39:45 burnside uvmconsole: [3317300.256s][info][gc] GC(382291) Pause Young (Normal) (G1 Evacuation Pause) 67M->64M(80M) 8.379ms
Dec 24 10:39:47 burnside uvmconsole: [3317301.825s][info][gc] GC(382292) Pause Young (Normal) (G1 Evacuation Pause) 67M->64M(80M) 9.391ms
Dec 24 10:39:47 burnside uvmconsole: [3317302.673s][info][gc] GC(382293) Pause Young (Normal) (G1 Evacuation Pause) 67M->64M(80M) 10.111ms
Dec 24 10:39:50 burnside uvmconsole: [3317305.344s][info][gc] GC(382294) Pause Young (Normal) (G1 Evacuation Pause) 67M->64M(80M) 10.260ms
Dec 24 10:39:52 burnside uvmconsole: [3317307.728s][info][gc] GC(382295) Pause Young (Normal) (G1 Evacuation Pause) 67M->64M(80M) 10.399ms
Dec 24 10:39:53 burnside uvmconsole: [3317308.663s][info][gc] GC(382296) Pause Young (Normal) (G1 Evacuation Pause) 67M->64M(80M) 10.117ms
Dec 24 10:39:57 burnside uvmconsole: [3317312.090s][info][gc] GC(382297) Pause Young (Normal) (G1 Evacuation Pause) 67M->64M(80M) 9.291ms
Dec 24 10:39:59 burnside uvmconsole: [3317314.189s][info][gc] GC(382298) Pause Young (Normal) (G1 Evacuation Pause) 67M->64M(80M) 8.510ms
Dec 24 10:40:00 burnside uvmconsole: [3317314.805s][info][gc] GC(382299) Pause Young (Normal) (G1 Evacuation Pause) 67M->64M(80M) 9.510ms
Dec 24 10:40:02 burnside uvmconsole: [3317317.264s][info][gc] GC(382300) Pause Young (Normal) (G1 Evacuation Pause) 67M->65M(80M) 10.090ms
Dec 24 10:40:03 burnside uvmconsole: [3317318.184s][info][gc] GC(382301) Pause Young (Normal) (G1 Evacuation Pause) 68M->65M(80M) 8.928ms
Dec 24 10:40:03 burnside uvmconsole: [3317318.216s][info][gc] GC(382302) Pause Young (Normal) (G1 Evacuation Pause) 68M->65M(80M) 8.581ms
Dec 24 10:40:03 burnside uvmconsole: [3317318.248s][info][gc] GC(382303) Pause Young (Normal) (G1 Evacuation Pause) 68M->65M(80M) 8.345ms
Dec 24 10:40:03 burnside uvmconsole: [3317318.499s][info][gc] GC(382304) Pause Young (Normal) (G1 Evacuation Pause) 68M->65M(80M) 9.895ms
Dec 24 10:40:07 burnside uvmconsole: [3317322.734s][info][gc] GC(382305) Pause Young (Concurrent Start) (G1 Evacuation Pause) 68M->65M(80M) 13.409ms
Dec 24 10:40:07 burnside uvmconsole: [3317322.737s][info][gc] GC(382306) Concurrent Cycle
Dec 24 10:40:08 burnside uvmconsole: [3317323.143s][info][gc] GC(382306) Pause Remark 65M->65M(80M) 43.455ms
Dec 24 10:40:08 burnside uvmconsole: [3317323.359s][info][gc] GC(382306) Pause Cleanup 65M->65M(80M) 0.518ms
Dec 24 10:40:08 burnside uvmconsole: [3317323.361s][info][gc] GC(382306) Concurrent Cycle 623.660ms
Dec 24 10:40:12 burnside uvmconsole: [3317327.739s][info][gc] GC(382307) Pause Young (Prepare Mixed) (G1 Evacuation Pause) 68M->64M(80M) 9.486ms
Dec 24 10:40:15 burnside uvmconsole: [3317330.025s][info][gc] GC(382308) Pause Young (Mixed) (G1 Evacuation Pause) 67M->58M(80M) 12.018ms
Dec 24 10:40:16 burnside uvmconsole: [3317331.716s][info][gc] GC(382309) Pause Young (Mixed) (G1 Evacuation Pause) 61M->56M(80M) 9.588ms
Dec 24 10:40:28 burnside uvmconsole: [3317343.630s][info][gc] GC(382310) Pause Young (Normal) (G1 Evacuation Pause) 63M->56M(80M) 8.496ms
Dec 24 10:40:35 burnside uvmconsole: [3317349.787s][info][gc] GC(382311) Pause Young (Normal) (G1 Evacuation Pause) 64M->56M(80M) 9.681ms
Dec 24 10:40:51 burnside uvmconsole: [3317366.023s][info][gc] GC(382312) Pause Young (Normal) (G1 Evacuation Pause) 65M->56M(80M) 9.606ms
Dec 24 10:41:01 burnside uvmconsole: [3317376.289s][info][gc] GC(382313) Pause Young (Concurrent Start) (G1 Evacuation Pause) 65M->56M(80M) 14.081ms
Dec 24 10:41:01 burnside uvmconsole: [3317376.289s][info][gc] GC(382314) Concurrent Cycle
Dec 24 10:41:01 burnside uvmconsole: [3317376.706s][info][gc] GC(382314) Pause Remark 58M->58M(80M) 44.486ms
Dec 24 10:41:02 burnside uvmconsole: [3317376.922s][info][gc] GC(382314) Pause Cleanup 59M->59M(80M) 0.514ms
Dec 24 10:41:02 burnside uvmconsole: [3317376.925s][info][gc] GC(382314) Concurrent Cycle 635.418ms
Dec 24 10:41:05 burnside uvmconsole: [3317380.335s][info][gc] GC(382315) Pause Young (Prepare Mixed) (G1 Evacuation Pause) 65M->56M(80M) 12.663ms
Dec 24 10:41:05 burnside uvmconsole: [3317380.365s][info][gc] GC(382316) Pause Young (Mixed) (G1 Evacuation Pause) 58M->56M(80M) 10.862ms
Dec 24 10:41:16 burnside uvmconsole: [3317390.991s][info][gc] GC(382317) Pause Young (Normal) (G1 Evacuation Pause) 65M->55M(80M) 7.939ms
Dec 24 10:41:30 burnside uvmconsole: [3317405.654s][info][gc] GC(382318) Pause Young (Normal) (G1 Evacuation Pause) 65M->55M(80M) 8.087ms
Dec 24 10:41:42 burnside uvmconsole: [3317417.421s][info][gc] GC(382319) Pause Young (Normal) (G1 Evacuation Pause) 65M->56M(80M) 9.050ms
Dec 24 10:41:50 burnside uvmconsole: [3317425.357s][info][gc] GC(382320) Pause Young (Normal) (G1 Evacuation Pause) 66M->56M(80M) 7.948ms
Dec 24 10:41:51 burnside uvmconsole: [3317426.020s][info][gc] GC(382321) Pause Full (System.gc()) 56M->50M(78M) 339.989ms
Dec 24 10:42:01 burnside uvmconsole: [3317436.300s][info][gc] GC(382322) Pause Young (Normal) (G1 Evacuation Pause) 62M->51M(78M) 8.740ms
Dec 24 10:42:07 burnside uvmconsole: [3317442.694s][info][gc] GC(382323) Pause Young (Normal) (G1 Evacuation Pause) 62M->51M(78M) 7.969ms
Dec 24 10:42:30 burnside uvmconsole: [3317465.330s][info][gc] GC(382324) Pause Young (Normal) (G1 Evacuation Pause) 63M->51M(78M) 8.612ms
Dec 24 10:42:46 burnside uvmconsole: [3317480.856s][info][gc] GC(382325) Pause Young (Normal) (G1 Evacuation Pause) 63M->51M(78M) 11.731ms
Dec 24 10:42:53 burnside uvmconsole: [3317488.653s][info][gc] GC(382326) Pause Young (Normal) (G1 Evacuation Pause) 63M->51M(78M) 8.993ms
Dec 24 10:43:07 burnside uvmconsole: [3317502.436s][info][gc] GC(382327) Pause Young (Normal) (G1 Evacuation Pause) 63M->51M(78M) 10.458ms
Dec 24 10:43:14 burnside uvmconsole: 12-24 10:43:14.608595| ERROR:./libnetcap/src/netcap_tcp.c:390:WARNING: TCP: Could not find session for accepted connection :: (192.168.1.126:40653) -> (18.210.169.92:9543 )
Dec 24 10:43:17 burnside uvmconsole: [3317512.128s][info][gc] GC(382328) Pause Young (Normal) (G1 Evacuation Pause) 63M->51M(78M) 9.467ms
Dec 24 10:43:40 burnside uvmconsole: [3317535.023s][info][gc] GC(382329) Pause Young (Normal) (G1 Evacuation Pause) 63M->51M(78M) 9.598ms
Dec 24 10:43:53 burnside uvmconsole: [3317548.667s][info][gc] GC(382330) Pause Young (Normal) (G1 Evacuation Pause) 63M->52M(78M) 9.915ms
Dec 24 10:44:02 burnside uvmconsole: [3317557.572s][info][gc] GC(382331) Pause Young (Normal) (G1 Evacuation Pause) 63M->52M(78M) 10.120ms
Dec 24 10:44:20 burnside uvmconsole: [3317575.612s][info][gc] GC(382332) Pause Young (Normal) (G1 Evacuation Pause) 63M->51M(78M) 9.905ms
Dec 24 10:44:41 burnside uvmconsole: [3317596.109s][info][gc] GC(382333) Pause Young (Normal) (G1 Evacuation Pause) 63M->52M(78M) 10.011ms
Dec 24 10:45:00 burnside uvmconsole: [3317614.797s][info][gc] GC(382334) Pause Young (Normal) (G1 Evacuation Pause) 63M->52M(78M) 10.486ms
Dec 24 10:45:15 burnside uvmconsole: [3317630.154s][info][gc] GC(382335) Pause Young (Normal) (G1 Evacuation Pause) 64M->52M(78M) 9.886ms
Dec 24 10:45:32 burnside uvmconsole: [3317647.310s][info][gc] GC(382336) Pause Young (Normal) (G1 Evacuation Pause) 63M->52M(78M) 9.879ms
Dec 24 10:45:50 burnside uvmconsole: [3317665.405s][info][gc] GC(382337) Pause Young (Normal) (G1 Evacuation Pause) 63M->52M(78M) 10.336ms
Dec 24 10:46:01 burnside uvmconsole: [3317676.056s][info][gc] GC(382338) Pause Young (Normal) (G1 Evacuation Pause) 63M->52M(78M) 10.181ms
Dec 24 10:46:13 burnside uvmconsole: [3317688.063s][info][gc] GC(382339) Pause Young (Normal) (G1 Evacuation Pause) 63M->52M(78M) 9.239ms
Dec 24 10:46:28 burnside uvmconsole: [3317703.568s][info][gc] GC(382340) Pause Young (Normal) (G1 Evacuation Pause) 63M->52M(78M) 9.795ms
Dec 24 10:46:45 burnside uvmconsole: [3317720.292s][info][gc] GC(382341) Pause Young (Normal) (G1 Evacuation Pause) 63M->52M(78M) 9.818ms
Dec 24 10:46:51 burnside uvmconsole: [3317726.017s][info][gc] GC(382342) Pause Full (System.gc()) 54M->49M(76M) 337.707ms
Dec 24 10:47:04 burnside uvmconsole: [3317739.527s][info][gc] GC(382343) Pause Young (Normal) (G1 Evacuation Pause) 62M->50M(76M) 7.448ms
Dec 24 10:47:18 burnside uvmconsole: [3317753.557s][info][gc] GC(382344) Pause Young (Normal) (G1 Evacuation Pause) 62M->50M(76M) 8.024ms
Dec 24 10:47:33 burnside uvmconsole: [3317768.442s][info][gc] GC(382345) Pause Young (Normal) (G1 Evacuation Pause) 62M->50M(76M) 8.433ms
Dec 24 10:47:41 burnside uvmconsole: [3317776.216s][info][gc] GC(382346) Pause Young (Normal) (G1 Evacuation Pause) 62M->50M(76M) 10.978ms
Dec 24 10:47:44 burnside uvmconsole: [3317779.029s][info][gc] GC(382347) Pause Young (Normal) (G1 Evacuation Pause) 61M->51M(76M) 11.811ms
Dec 24 10:47:51 burnside uvmconsole: [3317786.145s][info][gc] GC(382348) Pause Young (Normal) (G1 Evacuation Pause) 61M->51M(76M) 10.241ms
Dec 24 10:48:01 burnside uvmconsole: [3317796.706s][info][gc] GC(382349) Pause Young (Normal) (G1 Evacuation Pause) 61M->51M(76M) 11.799ms
Dec 24 10:48:06 burnside uvmconsole: [3317801.022s][info][gc] GC(382350) Pause Young (Normal) (G1 Evacuation Pause) 61M->51M(76M) 11.173ms
Dec 24 10:48:20 burnside uvmconsole: [3317815.492s][info][gc] GC(382351) Pause Young (Normal) (G1 Evacuation Pause) 61M->51M(76M) 8.232ms
Dec 24 10:48:44 burnside uvmconsole: [3317839.335s][info][gc] GC(382352) Pause Young (Normal) (G1 Evacuation Pause) 62M->51M(76M) 8.651ms
Dec 24 10:48:58 burnside uvmconsole: [3317853.674s][info][gc] GC(382353) Pause Young (Normal) (G1 Evacuation Pause) 62M->51M(76M) 8.810ms
Dec 24 10:49:03 burnside uvmconsole: [3317857.807s][info][gc] GC(382354) Pause Young (Normal) (G1 Evacuation Pause) 62M->51M(76M) 12.948ms
Dec 24 10:49:04 burnside uvmconsole: [3317858.861s][info][gc] GC(382355) Pause Young (Normal) (G1 Evacuation Pause) 61M->51M(76M) 11.273ms
Dec 24 10:49:04 burnside uvmconsole: [3317859.728s][info][gc] GC(382356) Pause Young (Normal) (G1 Evacuation Pause) 60M->52M(76M) 13.541ms
Dec 24 10:49:06 burnside uvmconsole: [3317861.093s][info][gc] GC(382357) Pause Young (Normal) (G1 Evacuation Pause) 61M->52M(76M) 11.990ms
Dec 24 10:49:07 burnside uvmconsole: [3317862.717s][info][gc] GC(382358) Pause Young (Normal) (G1 Evacuation Pause) 61M->52M(76M) 11.283ms
Dec 24 10:49:10 burnside uvmconsole: [3317865.004s][info][gc] GC(382359) Pause Young (Normal) (G1 Evacuation Pause) 61M->52M(76M) 8.984ms
Dec 24 10:49:13 burnside uvmconsole: [3317868.360s][info][gc] GC(382360) Pause Young (Normal) (G1 Evacuation Pause) 61M->52M(76M) 11.588ms
Dec 24 10:49:17 burnside uvmconsole: [3317871.833s][info][gc] GC(382361) Pause Young (Normal) (G1 Evacuation Pause) 61M->52M(76M) 9.118ms
Dec 24 10:49:20 burnside uvmconsole: [3317875.325s][info][gc] GC(382362) Pause Young (Normal) (G1 Evacuation Pause) 60M->52M(76M) 10.173ms
Dec 24 10:49:23 burnside uvmconsole: [3317878.310s][info][gc] GC(382363) Pause Young (Normal) (G1 Evacuation Pause) 60M->52M(76M) 8.734ms
Dec 24 10:49:33 burnside uvmconsole: [3317888.189s][info][gc] GC(382364) Pause Young (Normal) (G1 Evacuation Pause) 60M->52M(76M) 9.057ms
Dec 24 10:49:38 burnside uvmconsole: [3317893.697s][info][gc] GC(382365) Pause Young (Normal) (G1 Evacuation Pause) 60M->52M(76M) 8.957ms
Dec 24 10:49:49 burnside uvmconsole: [3317904.703s][info][gc] GC(382366) Pause Young (Normal) (G1 Evacuation Pause) 60M->52M(76M) 9.627ms
Dec 24 10:50:00 burnside uvmconsole: [3317914.816s][info][gc] GC(382367) Pause Young (Normal) (G1 Evacuation Pause) 59M->53M(76M) 11.099ms
Dec 24 10:50:05 burnside uvmconsole: [3317920.492s][info][gc] GC(382368) Pause Young (Normal) (G1 Evacuation Pause) 61M->52M(76M) 9.525ms
Dec 24 10:50:23 burnside uvmconsole: [3317938.566s][info][gc] GC(382369) Pause Young (Normal) (G1 Evacuation Pause) 60M->52M(76M) 9.070ms
Dec 24 10:50:41 burnside uvmconsole: [3317956.401s][info][gc] GC(382370) Pause Young (Normal) (G1 Evacuation Pause) 60M->53M(76M) 9.453ms
Dec 24 10:50:51 burnside uvmconsole: [3317966.024s][info][gc] GC(382371) Pause Young (Normal) (G1 Evacuation Pause) 61M->53M(76M) 19.064ms
Dec 24 10:50:51 burnside uvmconsole: [3317966.641s][info][gc] GC(382372) Pause Young (Normal) (G1 Evacuation Pause) 60M->53M(76M) 9.540ms
Dec 24 10:51:00 burnside uvmconsole: [3317975.650s][info][gc] GC(382373) Pause Young (Normal) (G1 Evacuation Pause) 61M->53M(76M) 10.428ms
Dec 24 10:51:01 burnside uvmconsole: [3317976.300s][info][gc] GC(382374) Pause Young (Normal) (G1 Evacuation Pause) 60M->53M(76M) 18.823ms
Dec 24 10:51:03 burnside uvmconsole: [3317977.993s][info][gc] GC(382375) Pause Young (Normal) (G1 Evacuation Pause) 60M->53M(76M) 10.278ms
Dec 24 10:51:05 burnside uvmconsole: [3317980.482s][info][gc] GC(382376) Pause Young (Normal) (G1 Evacuation Pause) 61M->53M(76M) 9.194ms
Dec 24 10:51:07 burnside uvmconsole: [3317982.355s][info][gc] GC(382377) Pause Young (Normal) (G1 Evacuation Pause) 61M->53M(76M) 11.921ms
Dec 24 10:51:08 burnside uvmconsole: [3317983.492s][info][gc] GC(382378) Pause Young (Normal) (G1 Evacuation Pause) 60M->53M(76M) 9.828ms
Dec 24 10:51:12 burnside uvmconsole: [3317987.070s][info][gc] GC(382379) Pause Young (Normal) (G1 Evacuation Pause) 60M->54M(76M) 9.905ms
Dec 24 10:51:20 burnside uvmconsole: [3317995.696s][info][gc] GC(382380) Pause Young (Normal) (G1 Evacuation Pause) 61M->53M(76M) 8.005ms
Dec 24 10:51:37 burnside uvmconsole: [3318011.877s][info][gc] GC(382381) Pause Young (Normal) (G1 Evacuation Pause) 60M->53M(76M) 7.781ms
Dec 24 10:51:39 burnside uvmconsole: [3318013.967s][info][gc] GC(382382) Pause Young (Normal) (G1 Evacuation Pause) 60M->53M(76M) 7.731ms
Dec 24 10:51:40 burnside uvmconsole: [3318015.460s][info][gc] GC(382383) Pause Young (Normal) (G1 Evacuation Pause) 60M->53M(76M) 7.940ms
Dec 24 10:51:42 burnside uvmconsole: [3318016.987s][info][gc] GC(382384) Pause Young (Normal) (G1 Evacuation Pause) 60M->54M(76M) 7.085ms
Dec 24 10:51:43 burnside uvmconsole: [3318018.484s][info][gc] GC(382385) Pause Young (Normal) (G1 Evacuation Pause) 61M->54M(76M) 8.288ms
Dec 24 10:51:49 burnside uvmconsole: [3318023.843s][info][gc] GC(382386) Pause Young (Normal) (G1 Evacuation Pause) 61M->54M(76M) 9.494ms
Dec 24 10:51:49 burnside uvmconsole: [3318024.189s][info][gc] GC(382387) Pause Young (Normal) (G1 Evacuation Pause) 61M->53M(76M) 7.949ms
Dec 24 10:51:51 burnside uvmconsole: [3318026.015s][info][gc] GC(382388) Pause Full (System.gc()) 55M->49M(76M) 335.310ms
Dec 24 10:51:56 burnside uvmconsole: [3318031.047s][info][gc] GC(382389) Pause Young (Normal) (G1 Evacuation Pause) 59M->49M(76M) 7.168ms
Dec 24 10:52:03 burnside uvmconsole: [3318038.090s][info][gc] GC(382390) Pause Young (Normal) (G1 Evacuation Pause) 59M->50M(76M) 7.371ms
Dec 24 10:52:13 burnside uvmconsole: [3318048.715s][info][gc] GC(382391) Pause Young (Normal) (G1 Evacuation Pause) 60M->50M(76M) 7.261ms
Dec 24 10:52:29 burnside uvmconsole: [3318064.336s][info][gc] GC(382392) Pause Young (Normal) (G1 Evacuation Pause) 60M->50M(76M) 7.820ms
Dec 24 10:52:50 burnside uvmconsole: [3318085.061s][info][gc] GC(382393) Pause Young (Normal) (G1 Evacuation Pause) 61M->50M(76M) 8.268ms
Dec 24 10:53:04 burnside uvmconsole: [3318099.437s][info][gc] GC(382394) Pause Young (Normal) (G1 Evacuation Pause) 61M->50M(76M) 9.437ms
Dec 24 10:53:19 burnside uvmconsole: [3318113.980s][info][gc] GC(382395) Pause Young (Normal) (G1 Evacuation Pause) 61M->50M(76M) 8.913ms
Dec 24 10:53:44 burnside uvmconsole: [3318139.038s][info][gc] GC(382396) Pause Young (Normal) (G1 Evacuation Pause) 61M->50M(76M) 9.105ms
Dec 24 10:53:45 burnside uvmconsole: [3318140.688s][info][gc] GC(382397) Pause Young (Normal) (G1 Evacuation Pause) 61M->50M(76M) 15.892ms
Dec 24 10:53:50 burnside uvmconsole: [3318144.789s][info][gc] GC(382398) Pause Young (Normal) (G1 Evacuation Pause) 61M->50M(76M) 10.359ms
Dec 24 10:53:55 burnside uvmconsole: [3318150.549s][info][gc] GC(382399) Pause Young (Normal) (G1 Evacuation Pause) 61M->50M(76M) 10.043ms
Dec 24 10:54:00 burnside uvmconsole: [3318154.792s][info][gc] GC(382400) Pause Young (Normal) (G1 Evacuation Pause) 61M->50M(76M) 9.246ms
Dec 24 10:54:04 burnside uvmconsole: [3318159.255s][info][gc] GC(382401) Pause Young (Normal) (G1 Evacuation Pause) 60M->50M(76M) 11.031ms
Dec 24 10:54:07 burnside uvmconsole: [3318162.145s][info][gc] GC(382402) Pause Young (Normal) (G1 Evacuation Pause) 61M->50M(76M) 9.533ms
Dec 24 10:54:16 burnside uvmconsole: [3318171.684s][info][gc] GC(382403) Pause Young (Normal) (G1 Evacuation Pause) 61M->51M(76M) 18.097ms
Dec 24 10:54:33 burnside uvmconsole: [3318188.000s][info][gc] GC(382404) Pause Young (Normal) (G1 Evacuation Pause) 61M->51M(76M) 10.682ms
Dec 24 10:54:44 burnside uvmconsole: [3318199.286s][info][gc] GC(382405) Pause Young (Normal) (G1 Evacuation Pause) 61M->51M(76M) 9.628ms
Dec 24 10:54:55 burnside uvmconsole: [3318209.919s][info][gc] GC(382406) Pause Young (Normal) (G1 Evacuation Pause) 61M->51M(76M) 9.956ms
Dec 24 10:55:07 burnside uvmconsole: [3318222.175s][info][gc] GC(382407) Pause Young (Normal) (G1 Evacuation Pause) 61M->51M(76M) 11.198ms
Dec 24 10:55:13 burnside uvmconsole: [3318228.572s][info][gc] GC(382408) Pause Young (Normal) (G1 Evacuation Pause) 61M->51M(76M) 10.000ms
Dec 24 10:55:36 burnside uvmconsole: [3318251.450s][info][gc] GC(382409) Pause Young (Normal) (G1 Evacuation Pause) 62M->51M(76M) 9.361ms
Dec 24 10:55:54 burnside uvmconsole: [3318269.003s][info][gc] GC(382410) Pause Young (Normal) (G1 Evacuation Pause) 62M->51M(76M) 8.994ms
Dec 24 10:55:55 burnside uvmconsole: [3318270.412s][info][gc] GC(382411) Pause Young (Normal) (G1 Evacuation Pause) 61M->51M(76M) 9.449ms
Dec 24 10:56:00 burnside uvmconsole: [3318274.795s][info][gc] GC(382412) Pause Young (Normal) (G1 Evacuation Pause) 61M->51M(76M) 10.112ms
Dec 24 10:56:02 burnside uvmconsole: [3318277.346s][info][gc] GC(382413) Pause Young (Normal) (G1 Evacuation Pause) 61M->52M(76M) 11.030ms
Dec 24 10:56:04 burnside uvmconsole: [3318279.334s][info][gc] GC(382414) Pause Young (Normal) (G1 Evacuation Pause) 61M->52M(76M) 9.924ms
Dec 24 10:56:08 burnside uvmconsole: [3318283.079s][info][gc] GC(382415) Pause Young (Normal) (G1 Evacuation Pause) 61M->52M(76M) 10.350ms
Dec 24 10:56:11 burnside uvmconsole: [3318286.540s][info][gc] GC(382416) Pause Young (Normal) (G1 Evacuation Pause) 62M->52M(76M) 10.589ms
Dec 24 10:56:15 burnside uvmconsole: [3318290.277s][info][gc] GC(382417) Pause Young (Normal) (G1 Evacuation Pause) 61M->52M(76M) 10.150ms
Dec 24 10:56:20 burnside uvmconsole: [3318295.500s][info][gc] GC(382418) Pause Young (Normal) (G1 Evacuation Pause) 62M->52M(76M) 8.957ms
Dec 24 10:56:24 burnside uvmconsole: [3318299.408s][info][gc] GC(382419) Pause Young (Normal) (G1 Evacuation Pause) 62M->52M(76M) 10.517ms
Dec 24 10:56:31 burnside uvmconsole: [3318306.071s][info][gc] GC(382420) Pause Young (Normal) (G1 Evacuation Pause) 61M->52M(76M) 12.513ms
Dec 24 10:56:31 burnside uvmconsole: [3318306.459s][info][gc] GC(382421) Pause Young (Normal) (G1 Evacuation Pause) 61M->52M(76M) 11.835ms
Dec 24 10:56:33 burnside uvmconsole: [3318308.613s][info][gc] GC(382422) Pause Young (Normal) (G1 Evacuation Pause) 61M->53M(76M) 13.264ms
Dec 24 10:56:49 burnside uvmconsole: [3318324.375s][info][gc] GC(382423) Pause Young (Normal) (G1 Evacuation Pause) 62M->53M(76M) 10.853ms
Dec 24 10:56:51 burnside uvmconsole: [3318326.023s][info][gc] GC(382424) Pause Full (System.gc()) 55M->50M(76M) 343.099ms
Dec 24 10:57:01 burnside uvmconsole: [3318336.061s][info][gc] GC(382425) Pause Young (Normal) (G1 Evacuation Pause) 61M->51M(76M) 8.299ms
Dec 24 10:57:12 burnside uvmconsole: [3318347.347s][info][gc] GC(382426) Pause Young (Normal) (G1 Evacuation Pause) 61M->51M(76M) 7.792ms
Dec 24 10:57:32 burnside uvmconsole: [3318367.040s][info][gc] GC(382427) Pause Young (Normal) (G1 Evacuation Pause) 61M->51M(76M) 8.600ms
Dec 24 10:57:52 burnside uvmconsole: [3318387.283s][info][gc] GC(382428) Pause Young (Normal) (G1 Evacuation Pause) 61M->51M(76M) 8.552ms
Dec 24 10:57:59 burnside uvmconsole: [3318394.196s][info][gc] GC(382429) Pause Young (Normal) (G1 Evacuation Pause) 61M->51M(76M) 10.646ms
Dec 24 10:58:02 burnside uvmconsole: [3318397.475s][info][gc] GC(382430) Pause Young (Normal) (G1 Evacuation Pause) 61M->51M(76M) 10.721ms
Dec 24 10:58:14 burnside uvmconsole: [3318408.950s][info][gc] GC(382431) Pause Young (Normal) (G1 Evacuation Pause) 60M->51M(76M) 10.466ms
Dec 24 10:58:21 burnside uvmconsole: [3318416.277s][info][gc] GC(382432) Pause Young (Normal) (G1 Evacuation Pause) 61M->51M(76M) 8.310ms
Dec 24 10:58:36 burnside uvmconsole: [3318431.565s][info][gc] GC(382433) Pause Young (Normal) (G1 Evacuation Pause) 61M->51M(76M) 8.742ms
Dec 24 10:58:54 burnside uvmconsole: [3318449.662s][info][gc] GC(382434) Pause Young (Normal) (G1 Evacuation Pause) 61M->51M(76M) 8.955ms
Dec 24 10:59:04 burnside uvmconsole: [3318459.213s][info][gc] GC(382435) Pause Young (Normal) (G1 Evacuation Pause) 61M->51M(76M) 9.161ms
Dec 24 10:59:12 burnside uvmconsole: [3318467.142s][info][gc] GC(382436) Pause Young (Normal) (G1 Evacuation Pause) 60M->51M(76M) 8.660ms
Dec 24 10:59:25 burnside uvmconsole: [3318480.085s][info][gc] GC(382437) Pause Young (Normal) (G1 Evacuation Pause) 60M->51M(76M) 8.894ms
Dec 24 10:59:35 burnside uvmconsole: [3318490.249s][info][gc] GC(382438) Pause Young (Normal) (G1 Evacuation Pause) 60M->51M(76M) 8.755ms
Dec 24 10:59:39 burnside uvmconsole: [3318494.150s][info][gc] GC(382439) Pause Young (Normal) (G1 Evacuation Pause) 60M->52M(76M) 10.194ms
Dec 24 10:59:42 burnside uvmconsole: [3318496.779s][info][gc] GC(382440) Pause Young (Normal) (G1 Evacuation Pause) 60M->52M(76M) 10.749ms
Dec 24 10:59:46 burnside uvmconsole: [3318501.473s][info][gc] GC(382441) Pause Young (Normal) (G1 Evacuation Pause) 60M->52M(76M) 10.155ms
Dec 24 10:59:56 burnside uvmconsole: [3318511.534s][info][gc] GC(382442) Pause Young (Normal) (G1 Evacuation Pause) 61M->52M(76M) 8.731ms
Dec 24 11:00:00 burnside uvmconsole: [3318515.018s][info][gc] GC(382443) Pause Young (Normal) (G1 Evacuation Pause) 61M->52M(76M) 10.148ms
Dec 24 11:00:06 burnside uvmconsole: [3318521.190s][info][gc] GC(382444) Pause Young (Normal) (G1 Evacuation Pause) 60M->52M(76M) 10.285ms
Dec 24 11:00:11 burnside uvmconsole: [3318525.862s][info][gc] GC(382445) Pause Young (Normal) (G1 Evacuation Pause) 60M->52M(76M) 9.447ms
Dec 24 11:00:17 burnside uvmconsole: [3318532.255s][info][gc] GC(382446) Pause Young (Normal) (G1 Evacuation Pause) 61M->52M(76M) 9.033ms
Dec 24 11:00:31 burnside uvmconsole: [3318546.234s][info][gc] GC(382447) Pause Young (Normal) (G1 Evacuation Pause) 61M->52M(76M) 8.454ms
Dec 24 11:00:37 burnside uvmconsole: [3318552.372s][info][gc] GC(382448) Pause Young (Normal) (G1 Evacuation Pause) 61M->53M(76M) 15.977ms
Dec 24 11:00:39 burnside uvmconsole: [3318554.176s][info][gc] GC(382449) Pause Young (Normal) (G1 Evacuation Pause) 61M->53M(76M) 11.087ms
Dec 24 11:00:40 burnside uvmconsole: [3318555.491s][info][gc] GC(382450) Pause Young (Normal) (G1 Evacuation Pause) 61M->54M(76M) 11.800ms
Dec 24 11:00:47 burnside uvmconsole: [3318562.674s][info][gc] GC(382451) Pause Young (Normal) (G1 Evacuation Pause) 62M->54M(76M) 11.618ms
Dec 24 11:00:59 burnside uvmconsole: [3318574.192s][info][gc] GC(382452) Pause Young (Normal) (G1 Evacuation Pause) 61M->54M(76M) 10.146ms
Dec 24 11:01:08 burnside uvmconsole: [3318582.925s][info][gc] GC(382453) Pause Young (Normal) (G1 Evacuation Pause) 62M->54M(76M) 10.560ms
Dec 24 11:01:08 burnside uvmconsole: [3318583.437s][info][gc] GC(382454) Pause Young (Normal) (G1 Evacuation Pause) 61M->54M(76M) 16.894ms
Dec 24 11:01:14 burnside uvmconsole: [3318588.891s][info][gc] GC(382455) Pause Young (Normal) (G1 Evacuation Pause) 61M->54M(76M) 10.479ms
Dec 24 11:01:23 burnside uvmconsole: [3318598.524s][info][gc] GC(382456) Pause Young (Normal) (G1 Evacuation Pause) 61M->54M(76M) 9.287ms
Dec 24 11:01:29 burnside uvmconsole: [3318604.424s][info][gc] GC(382457) Pause Young (Normal) (G1 Evacuation Pause) 61M->54M(76M) 9.554ms
Dec 24 11:01:39 burnside uvmconsole: [3318614.235s][info][gc] GC(382458) Pause Young (Normal) (G1 Evacuation Pause) 61M->54M(76M) 13.049ms
Dec 24 11:01:48 burnside uvmconsole: [3318623.004s][info][gc] GC(382459) Pause Young (Normal) (G1 Evacuation Pause) 61M->54M(76M) 8.293ms
Dec 24 11:01:51 burnside uvmconsole: [3318626.038s][info][gc] GC(382460) Pause Full (System.gc()) 57M->49M(76M) 359.230ms
Dec 24 11:02:00 burnside uvmconsole: [3318635.051s][info][gc] GC(382461) Pause Young (Normal) (G1 Evacuation Pause) 59M->50M(76M) 8.960ms
Dec 24 11:02:04 burnside uvmconsole: [3318639.155s][info][gc] GC(382462) Pause Young (Normal) (G1 Evacuation Pause) 60M->50M(76M) 7.482ms
Dec 24 11:02:12 burnside uvmconsole: [3318647.130s][info][gc] GC(382463) Pause Young (Normal) (G1 Evacuation Pause) 60M->50M(76M) 10.594ms
Dec 24 11:02:21 burnside uvmconsole: [3318656.539s][info][gc] GC(382464) Pause Young (Normal) (G1 Evacuation Pause) 60M->50M(76M) 8.818ms
Dec 24 11:02:32 burnside uvmconsole: [3318667.613s][info][gc] GC(382465) Pause Young (Normal) (G1 Evacuation Pause) 60M->50M(76M) 9.701ms
Dec 24 11:02:41 burnside uvmconsole: [3318676.229s][info][gc] GC(382466) Pause Young (Normal) (G1 Evacuation Pause) 60M->51M(76M) 12.974ms
Dec 24 11:02:43 burnside uvmconsole: [3318678.130s][info][gc] GC(382467) Pause Young (Normal) (G1 Evacuation Pause) 60M->51M(76M) 12.632ms
Dec 24 11:02:43 burnside uvmconsole: [3318678.682s][info][gc] GC(382468) Pause Young (Normal) (G1 Evacuation Pause) 60M->51M(76M) 11.663ms
Dec 24 11:02:44 burnside uvmconsole: [3318679.551s][info][gc] GC(382469) Pause Young (Normal) (G1 Evacuation Pause) 61M->52M(76M) 11.278ms
Dec 24 11:02:45 burnside uvmconsole: [3318680.679s][info][gc] GC(382470) Pause Young (Normal) (G1 Evacuation Pause) 62M->52M(76M) 13.090ms
Dec 24 11:02:47 burnside uvmconsole: [3318682.108s][info][gc] GC(382471) Pause Young (Normal) (G1 Evacuation Pause) 61M->52M(76M) 14.467ms
Dec 24 11:02:47 burnside uvmconsole: [3318682.647s][info][gc] GC(382472) Pause Young (Normal) (G1 Evacuation Pause) 61M->52M(76M) 10.966ms
Dec 24 11:02:48 burnside uvmconsole: [3318683.598s][info][gc] GC(382473) Pause Young (Normal) (G1 Evacuation Pause) 61M->53M(76M) 11.222ms
Dec 24 11:02:50 burnside uvmconsole: [3318685.051s][info][gc] GC(382474) Pause Young (Normal) (G1 Evacuation Pause) 61M->53M(76M) 9.846ms
Dec 24 11:02:52 burnside uvmconsole: [3318687.267s][info][gc] GC(382475) Pause Young (Normal) (G1 Evacuation Pause) 62M->53M(76M) 18.086ms
Dec 24 11:02:59 burnside uvmconsole: [3318694.408s][info][gc] GC(382476) Pause Young (Normal) (G1 Evacuation Pause) 61M->53M(76M) 9.478ms
Dec 24 11:03:03 burnside uvmconsole: [3318698.076s][info][gc] GC(382477) Pause Young (Normal) (G1 Evacuation Pause) 61M->53M(76M) 11.065ms
Dec 24 11:03:05 burnside uvmconsole: [3318700.378s][info][gc] GC(382478) Pause Young (Normal) (G1 Evacuation Pause) 61M->53M(76M) 9.161ms
Dec 24 11:03:12 burnside uvmconsole: [3318707.202s][info][gc] GC(382479) Pause Young (Normal) (G1 Evacuation Pause) 62M->53M(76M) 10.431ms
Dec 24 11:03:16 burnside uvmconsole: [3318711.699s][info][gc] GC(382480) Pause Young (Normal) (G1 Evacuation Pause) 61M->53M(76M) 11.338ms
Dec 24 11:03:24 burnside uvmconsole: [3318719.359s][info][gc] GC(382481) Pause Young (Normal) (G1 Evacuation Pause) 61M->53M(76M) 10.588ms
Dec 24 11:03:32 burnside uvmconsole: [3318727.617s][info][gc] GC(382482) Pause Young (Normal) (G1 Evacuation Pause) 61M->53M(76M) 10.966ms
Dec 24 11:03:35 burnside uvmconsole: [3318730.523s][info][gc] GC(382483) Pause Young (Normal) (G1 Evacuation Pause) 60M->53M(76M) 10.173ms
Dec 24 11:03:41 burnside uvmconsole: [3318736.032s][info][gc] GC(382484) Pause Young (Normal) (G1 Evacuation Pause) 60M->53M(76M) 10.711ms
Dec 24 11:03:46 burnside uvmconsole: [3318741.240s][info][gc] GC(382485) Pause Young (Normal) (G1 Evacuation Pause) 60M->54M(76M) 11.016ms
Dec 24 11:03:53 burnside uvmconsole: [3318747.913s][info][gc] GC(382486) Pause Young (Normal) (G1 Evacuation Pause) 61M->54M(76M) 10.650ms
Dec 24 11:03:56 burnside uvmconsole: [3318750.775s][info][gc] GC(382487) Pause Young (Normal) (G1 Evacuation Pause) 61M->54M(76M) 10.800ms
Dec 24 11:03:59 burnside uvmconsole: [3318754.279s][info][gc] GC(382488) Pause Young (Normal) (G1 Evacuation Pause) 61M->54M(76M) 10.043ms
Dec 24 11:04:05 burnside uvmconsole: [3318760.541s][info][gc] GC(382489) Pause Young (Normal) (G1 Evacuation Pause) 61M->54M(76M) 11.996ms
Dec 24 11:04:06 burnside uvmconsole: [3318761.522s][info][gc] GC(382490) Pause Young (Normal) (G1 Evacuation Pause) 61M->54M(76M) 9.558ms
Dec 24 11:04:19 burnside uvmconsole: [3318773.840s][info][gc] GC(382491) Pause Young (Normal) (G1 Evacuation Pause) 62M->54M(76M) 8.659ms
Dec 24 11:04:29 burnside uvmconsole: [3318784.458s][info][gc] GC(382492) Pause Young (Normal) (G1 Evacuation Pause) 61M->54M(76M) 9.343ms
Dec 24 11:04:39 burnside uvmconsole: [3318793.993s][info][gc] GC(382493) Pause Young (Normal) (G1 Evacuation Pause) 61M->54M(76M) 8.808ms
Dec 24 11:04:44 burnside uvmconsole: [3318799.234s][info][gc] GC(382494) Pause Young (Normal) (G1 Evacuation Pause) 61M->54M(76M) 8.440ms
Dec 24 11:04:52 burnside uvmconsole: [3318807.614s][info][gc] GC(382495) Pause Young (Normal) (G1 Evacuation Pause) 61M->54M(76M) 8.844ms
Dec 24 11:04:59 burnside uvmconsole: [3318814.194s][info][gc] GC(382496) Pause Young (Normal) (G1 Evacuation Pause) 61M->55M(76M) 8.956ms
Dec 24 11:05:06 burnside uvmconsole: [3318821.201s][info][gc] GC(382497) Pause Young (Normal) (G1 Evacuation Pause) 62M->55M(76M) 9.899ms
Dec 24 11:05:07 burnside uvmconsole: [3318822.368s][info][gc] GC(382498) Pause Young (Normal) (G1 Evacuation Pause) 62M->55M(76M) 9.301ms
Dec 24 11:05:11 burnside uvmconsole: [3318826.570s][info][gc] GC(382499) Pause Young (Normal) (G1 Evacuation Pause) 61M->55M(76M) 7.753ms
Dec 24 11:05:18 burnside uvmconsole: [3318833.409s][info][gc] GC(382500) Pause Young (Normal) (G1 Evacuation Pause) 61M->55M(76M) 7.177ms
Dec 24 11:05:21 burnside uvmconsole: [3318836.392s][info][gc] GC(382501) Pause Young (Normal) (G1 Evacuation Pause) 61M->55M(76M) 8.156ms
Dec 24 11:05:25 burnside uvmconsole: [3318840.181s][info][gc] GC(382502) Pause Young (Normal) (G1 Evacuation Pause) 61M->55M(76M) 7.994ms
Dec 24 11:05:28 burnside uvmconsole: [3318843.596s][info][gc] GC(382503) Pause Young (Normal) (G1 Evacuation Pause) 61M->55M(76M) 11.799ms
Dec 24 11:05:31 burnside uvmconsole: [3318846.030s][info][gc] GC(382504) Pause Young (Normal) (G1 Evacuation Pause) 61M->55M(76M) 7.922ms
Dec 24 11:05:38 burnside uvmconsole: [3318853.128s][info][gc] GC(382505) Pause Young (Normal) (G1 Evacuation Pause) 61M->55M(76M) 8.313ms
Dec 24 11:05:43 burnside uvmconsole: [3318857.796s][info][gc] GC(382506) Pause Young (Normal) (G1 Evacuation Pause) 61M->55M(76M) 8.289ms
Dec 24 11:05:49 burnside uvmconsole: [3318864.008s][info][gc] GC(382507) Pause Young (Normal) (G1 Evacuation Pause) 61M->56M(76M) 8.420ms
Dec 24 11:05:51 burnside uvmconsole: [3318866.463s][info][gc] GC(382508) Pause Young (Normal) (G1 Evacuation Pause) 62M->56M(76M) 8.885ms
Dec 24 11:05:58 burnside uvmconsole: [3318872.770s][info][gc] GC(382509) Pause Young (Normal) (G1 Evacuation Pause) 62M->56M(76M) 8.323ms
Dec 24 11:05:59 burnside uvmconsole: [3318874.230s][info][gc] GC(382510) Pause Young (Normal) (G1 Evacuation Pause) 61M->56M(76M) 8.158ms
Dec 24 11:06:00 burnside uvmconsole: [3318875.327s][info][gc] GC(382511) Pause Young (Normal) (G1 Evacuation Pause) 61M->56M(76M) 10.205ms
Dec 24 11:06:01 burnside uvmconsole: [3318875.905s][info][gc] GC(382512) Pause Young (Normal) (G1 Evacuation Pause) 61M->56M(76M) 7.089ms
Dec 24 11:06:01 burnside uvmconsole: [3318876.368s][info][gc] GC(382513) Pause Young (Normal) (G1 Evacuation Pause) 61M->56M(76M) 9.123ms
Dec 24 11:06:02 burnside uvmconsole: [3318877.597s][info][gc] GC(382514) Pause Young (Normal) (G1 Evacuation Pause) 61M->56M(76M) 8.829ms
Dec 24 11:06:05 burnside uvmconsole: [3318880.050s][info][gc] GC(382515) Pause Young (Normal) (G1 Evacuation Pause) 61M->56M(76M) 8.490ms
Dec 24 11:06:07 burnside uvmconsole: [3318882.479s][info][gc] GC(382516) Pause Young (Normal) (G1 Evacuation Pause) 61M->56M(76M) 8.405ms
Dec 24 11:06:08 burnside uvmconsole: [3318883.153s][info][gc] GC(382517) Pause Young (Normal) (G1 Evacuation Pause) 61M->56M(76M) 7.914ms
Dec 24 11:06:09 burnside uvmconsole: [3318884.562s][info][gc] GC(382518) Pause Young (Normal) (G1 Evacuation Pause) 61M->56M(76M) 9.073ms
Dec 24 11:06:09 burnside uvmconsole: [3318884.641s][info][gc] GC(382519) Pause Young (Normal) (G1 Evacuation Pause) 61M->57M(76M) 19.434ms
Dec 24 11:06:10 burnside uvmconsole: [3318885.221s][info][gc] GC(382520) Pause Young (Normal) (G1 Evacuation Pause) 62M->56M(76M) 10.703ms
Dec 24 11:06:12 burnside uvmconsole: [3318887.352s][info][gc] GC(382521) Pause Young (Normal) (G1 Evacuation Pause) 61M->56M(76M) 7.362ms
Dec 24 11:06:12 burnside uvmconsole: [3318887.708s][info][gc] GC(382522) Pause Young (Normal) (G1 Evacuation Pause) 61M->56M(76M) 7.551ms
Dec 24 11:06:13 burnside uvmconsole: [3318888.007s][info][gc] GC(382523) Pause Young (Normal) (G1 Evacuation Pause) 61M->57M(76M) 8.413ms
Dec 24 11:06:13 burnside uvmconsole: [3318888.720s][info][gc] GC(382524) Pause Young (Normal) (G1 Evacuation Pause) 62M->57M(76M) 8.515ms
Dec 24 11:06:15 burnside uvmconsole: [3318890.090s][info][gc] GC(382525) Pause Young (Normal) (G1 Evacuation Pause) 62M->57M(76M) 9.446ms
Dec 24 11:06:20 burnside uvmconsole: [3318894.857s][info][gc] GC(382526) Pause Young (Normal) (G1 Evacuation Pause) 62M->57M(76M) 9.937ms
Dec 24 11:06:21 burnside uvmconsole: [3318895.933s][info][gc] GC(382527) Pause Young (Normal) (G1 Evacuation Pause) 61M->58M(76M) 13.271ms
Dec 24 11:06:23 burnside uvmconsole: [3318898.654s][info][gc] GC(382528) Pause Young (Normal) (G1 Evacuation Pause) 62M->57M(76M) 8.741ms
Dec 24 11:06:26 burnside uvmconsole: [3318900.926s][info][gc] GC(382529) Pause Young (Normal) (G1 Evacuation Pause) 61M->57M(76M) 7.889ms
Dec 24 11:06:29 burnside uvmconsole: [3318903.910s][info][gc] GC(382530) Pause Young (Normal) (G1 Evacuation Pause) 61M->57M(76M) 7.734ms
Dec 24 11:06:31 burnside uvmconsole: [3318906.583s][info][gc] GC(382531) Pause Young (Normal) (G1 Evacuation Pause) 61M->58M(76M) 10.818ms
Dec 24 11:06:36 burnside uvmconsole: [3318910.785s][info][gc] GC(382532) Pause Young (Normal) (G1 Evacuation Pause) 62M->58M(76M) 8.921ms
Dec 24 11:06:39 burnside uvmconsole: [3318914.609s][info][gc] GC(382533) Pause Young (Normal) (G1 Evacuation Pause) 62M->58M(76M) 7.767ms
Dec 24 11:06:43 burnside uvmconsole: [3318918.654s][info][gc] GC(382534) Pause Young (Normal) (G1 Evacuation Pause) 62M->58M(76M) 8.195ms
Dec 24 11:06:46 burnside uvmconsole: [3318920.853s][info][gc] GC(382535) Pause Young (Normal) (G1 Evacuation Pause) 62M->58M(76M) 8.370ms
Dec 24 11:06:49 burnside uvmconsole: [3318924.349s][info][gc] GC(382536) Pause Young (Normal) (G1 Evacuation Pause) 62M->58M(76M) 9.367ms
Dec 24 11:06:49 burnside uvmconsole: [3318924.714s][info][gc] GC(382537) Pause Young (Normal) (G1 Evacuation Pause) 62M->58M(76M) 10.717ms
Dec 24 11:06:51 burnside uvmconsole: [3318926.055s][info][gc] GC(382538) Pause Full (System.gc()) 60M->51M(76M) 374.954ms
Dec 24 11:06:59 burnside uvmconsole: [3318934.188s][info][gc] GC(382539) Pause Young (Normal) (G1 Evacuation Pause) 59M->51M(76M) 7.218ms
Dec 24 11:07:02 burnside uvmconsole: [3318937.101s][info][gc] GC(382540) Pause Young (Normal) (G1 Evacuation Pause) 59M->51M(76M) 10.485ms
Dec 24 11:07:02 burnside uvmconsole: [3318937.337s][info][gc] GC(382541) Pause Young (Normal) (G1 Evacuation Pause) 59M->52M(76M) 8.611ms
Dec 24 11:07:04 burnside uvmconsole: [3318939.140s][info][gc] GC(382542) Pause Young (Normal) (G1 Evacuation Pause) 60M->51M(76M) 10.169ms
Dec 24 11:07:05 burnside uvmconsole: [3318939.879s][info][gc] GC(382543) Pause Young (Normal) (G1 Evacuation Pause) 60M->52M(76M) 9.790ms
Dec 24 11:07:07 burnside uvmconsole: [3318941.918s][info][gc] GC(382544) Pause Young (Normal) (G1 Evacuation Pause) 60M->52M(76M) 11.415ms
Dec 24 11:07:09 burnside uvmconsole: [3318944.500s][info][gc] GC(382545) Pause Young (Normal) (G1 Evacuation Pause) 60M->53M(76M) 13.241ms
Dec 24 11:07:10 burnside uvmconsole: [3318945.583s][info][gc] GC(382546) Pause Young (Normal) (G1 Evacuation Pause) 61M->53M(76M) 16.718ms
Dec 24 11:07:13 burnside uvmconsole: [3318947.780s][info][gc] GC(382547) Pause Young (Normal) (G1 Evacuation Pause) 61M->53M(76M) 14.845ms
Dec 24 11:07:13 burnside uvmconsole: [3318948.325s][info][gc] GC(382548) Pause Young (Normal) (G1 Evacuation Pause) 60M->54M(76M) 19.283ms
Dec 24 11:07:16 burnside uvmconsole: [3318951.349s][info][gc] GC(382549) Pause Young (Normal) (G1 Evacuation Pause) 61M->54M(76M) 12.125ms
Dec 24 11:07:24 burnside uvmconsole: [3318959.468s][info][gc] GC(382550) Pause Young (Normal) (G1 Evacuation Pause) 61M->54M(76M) 8.997ms
Dec 24 11:07:34 burnside uvmconsole: [3318969.427s][info][gc] GC(382551) Pause Young (Normal) (G1 Evacuation Pause) 62M->54M(76M) 9.133ms
Dec 24 11:07:40 burnside uvmconsole: [3318975.498s][info][gc] GC(382552) Pause Young (Normal) (G1 Evacuation Pause) 62M->54M(76M) 12.037ms
Dec 24 11:07:43 burnside uvmconsole: [3318978.654s][info][gc] GC(382553) Pause Young (Normal) (G1 Evacuation Pause) 62M->54M(76M) 11.612ms
Dec 24 11:07:46 burnside uvmconsole: [3318980.990s][info][gc] GC(382554) Pause Young (Normal) (G1 Evacuation Pause) 61M->54M(76M) 10.777ms
Dec 24 11:07:55 burnside uvmconsole: [3318990.732s][info][gc] GC(382555) Pause Young (Normal) (G1 Evacuation Pause) 62M->55M(76M) 10.637ms
Dec 24 11:07:59 burnside uvmconsole: [3318994.201s][info][gc] GC(382556) Pause Young (Normal) (G1 Evacuation Pause) 62M->55M(76M) 10.292ms
Dec 24 11:08:05 burnside uvmconsole: [3318999.833s][info][gc] GC(382557) Pause Young (Normal) (G1 Evacuation Pause) 62M->55M(76M) 12.102ms
Dec 24 11:08:05 burnside uvmconsole: [3319000.638s][info][gc] GC(382558) Pause Young (Normal) (G1 Evacuation Pause) 62M->55M(76M) 9.790ms
Dec 24 11:08:06 burnside uvmconsole: [3319001.396s][info][gc] GC(382559) Pause Young (Normal) (G1 Evacuation Pause) 61M->55M(76M) 21.509ms
Dec 24 11:08:09 burnside uvmconsole: [3319004.403s][info][gc] GC(382560) Pause Young (Normal) (G1 Evacuation Pause) 61M->55M(76M) 9.020ms
Dec 24 11:08:13 burnside uvmconsole: [3319008.655s][info][gc] GC(382561) Pause Young (Normal) (G1 Evacuation Pause) 61M->55M(76M) 8.648ms
Dec 24 11:08:17 burnside uvmconsole: [3319012.720s][info][gc] GC(382562) Pause Young (Normal) (G1 Evacuation Pause) 61M->55M(76M) 8.043ms
Dec 24 11:08:21 burnside uvmconsole: [3319016.404s][info][gc] GC(382563) Pause Young (Normal) (G1 Evacuation Pause) 61M->55M(76M) 9.573ms
Dec 24 11:08:27 burnside uvmconsole: [3319022.144s][info][gc] GC(382564) Pause Young (Normal) (G1 Evacuation Pause) 61M->55M(76M) 8.878ms
Dec 24 11:08:33 burnside uvmconsole: [3319028.372s][info][gc] GC(382565) Pause Young (Normal) (G1 Evacuation Pause) 61M->55M(76M) 8.518ms
Dec 24 11:08:36 burnside uvmconsole: [3319030.875s][info][gc] GC(382566) Pause Young (Normal) (G1 Evacuation Pause) 61M->55M(76M) 8.300ms
Dec 24 11:08:37 burnside uvmconsole: [3319032.011s][info][gc] GC(382567) Pause Young (Normal) (G1 Evacuation Pause) 61M->55M(76M) 8.293ms
Dec 24 11:08:38 burnside uvmconsole: [3319033.170s][info][gc] GC(382568) Pause Young (Normal) (G1 Evacuation Pause) 61M->55M(76M) 8.114ms
Dec 24 11:08:43 burnside uvmconsole: [3319038.656s][info][gc] GC(382569) Pause Young (Normal) (G1 Evacuation Pause) 61M->55M(76M) 7.987ms
Dec 24 11:08:52 burnside uvmconsole: [3319047.176s][info][gc] GC(382570) Pause Young (Normal) (G1 Evacuation Pause) 61M->55M(76M) 8.503ms
Dec 24 11:08:58 burnside uvmconsole: [3319052.974s][info][gc] GC(382571) Pause Young (Normal) (G1 Evacuation Pause) 61M->56M(76M) 8.507ms
Dec 24 11:08:59 burnside uvmconsole: [3319054.454s][info][gc] GC(382572) Pause Young (Normal) (G1 Evacuation Pause) 62M->56M(76M) 10.091ms
Dec 24 11:09:01 burnside uvmconsole: [3319056.267s][info][gc] GC(382573) Pause Young (Normal) (G1 Evacuation Pause) 62M->56M(76M) 10.984ms
Dec 24 11:09:03 burnside uvmconsole: [3319058.657s][info][gc] GC(382574) Pause Young (Normal) (G1 Evacuation Pause) 61M->56M(76M) 10.952ms
Dec 24 11:09:05 burnside uvmconsole: [3319060.309s][info][gc] GC(382575) Pause Young (Normal) (G1 Evacuation Pause) 61M->57M(76M) 10.216ms
Dec 24 11:09:08 burnside uvmconsole: [3319063.195s][info][gc] GC(382576) Pause Young (Normal) (G1 Evacuation Pause) 62M->57M(76M) 8.501ms
Dec 24 11:09:08 burnside uvmconsole: [3319063.244s][info][gc] GC(382577) Pause Young (Normal) (G1 Evacuation Pause) 62M->57M(76M) 9.611ms
Dec 24 11:09:09 burnside uvmconsole: [3319064.624s][info][gc] GC(382578) Pause Young (Normal) (G1 Evacuation Pause) 61M->57M(76M) 7.463ms
Dec 24 11:09:19 burnside uvmconsole: [3319073.991s][info][gc] GC(382579) Pause Young (Concurrent Start) (G1 Evacuation Pause) 62M->57M(76M) 9.186ms
Dec 24 11:09:19 burnside uvmconsole: [3319073.991s][info][gc] GC(382580) Concurrent Cycle
Dec 24 11:09:19 burnside uvmconsole: [3319074.424s][info][gc] GC(382580) Pause Remark 57M->57M(76M) 42.368ms
Dec 24 11:09:19 burnside uvmconsole: [3319074.652s][info][gc] GC(382580) Pause Cleanup 58M->58M(76M) 0.516ms
Dec 24 11:09:19 burnside uvmconsole: [3319074.654s][info][gc] GC(382580) Concurrent Cycle 662.912ms
Dec 24 11:09:28 burnside uvmconsole: [3319083.304s][info][gc] GC(382581) Pause Young (Prepare Mixed) (G1 Evacuation Pause) 62M->57M(76M) 9.480ms
Dec 24 11:09:31 burnside uvmconsole: [3319086.265s][info][gc] GC(382582) Pause Young (Mixed) (G1 Evacuation Pause) 59M->55M(76M) 8.815ms
Dec 24 11:09:47 burnside uvmconsole: [3319101.833s][info][gc] GC(382583) Pause Young (Normal) (G1 Evacuation Pause) 62M->55M(76M) 7.665ms
Dec 24 11:09:53 burnside uvmconsole: [3319108.009s][info][gc] GC(382584) Pause Young (Normal) (G1 Evacuation Pause) 62M->55M(76M) 7.813ms
Dec 24 11:10:00 burnside uvmconsole: [3319115.021s][info][gc] GC(382585) Pause Young (Normal) (G1 Evacuation Pause) 62M->55M(76M) 12.270ms
Dec 24 11:10:03 burnside uvmconsole: [3319118.236s][info][gc] GC(382586) Pause Young (Normal) (G1 Evacuation Pause) 62M->55M(76M) 8.244ms
Dec 24 11:10:10 burnside uvmconsole: [3319125.576s][info][gc] GC(382587) Pause Young (Normal) (G1 Evacuation Pause) 62M->55M(76M) 8.637ms
Dec 24 11:10:14 burnside uvmconsole: [3319129.345s][info][gc] GC(382588) Pause Young (Normal) (G1 Evacuation Pause) 62M->56M(76M) 9.301ms
Dec 24 11:10:21 burnside uvmconsole: [3319135.986s][info][gc] GC(382589) Pause Young (Normal) (G1 Evacuation Pause) 63M->56M(76M) 9.519ms
Dec 24 11:10:25 burnside uvmconsole: [3319139.956s][info][gc] GC(382590) Pause Young (Normal) (G1 Evacuation Pause) 63M->56M(76M) 8.217ms
Dec 24 11:10:36 burnside uvmconsole: [3319151.337s][info][gc] GC(382591) Pause Young (Normal) (G1 Evacuation Pause) 63M->56M(76M) 7.846ms
Dec 24 11:10:41 burnside uvmconsole: [3319156.447s][info][gc] GC(382592) Pause Young (Normal) (G1 Evacuation Pause) 63M->56M(76M) 8.846ms
Dec 24 11:10:45 burnside uvmconsole: [3319159.881s][info][gc] GC(382593) Pause Young (Normal) (G1 Evacuation Pause) 63M->56M(76M) 9.399ms
Dec 24 11:10:52 burnside uvmconsole: [3319167.402s][info][gc] GC(382594) Pause Young (Normal) (G1 Evacuation Pause) 63M->56M(76M) 10.881ms
Dec 24 11:10:54 burnside uvmconsole: [3319168.776s][info][gc] GC(382595) Pause Young (Normal) (G1 Evacuation Pause) 63M->57M(76M) 9.186ms
Dec 24 11:10:59 burnside uvmconsole: [3319174.196s][info][gc] GC(382596) Pause Young (Normal) (G1 Evacuation Pause) 64M->57M(76M) 8.573ms
Dec 24 11:11:02 burnside uvmconsole: [3319177.038s][info][gc] GC(382597) Pause Young (Normal) (G1 Evacuation Pause) 64M->57M(76M) 10.203ms
Dec 24 11:11:03 burnside uvmconsole: [3319178.655s][info][gc] GC(382598) Pause Young (Normal) (G1 Evacuation Pause) 63M->57M(76M) 8.930ms
Dec 24 11:11:10 burnside uvmconsole: [3319185.184s][info][gc] GC(382599) Pause Young (Normal) (G1 Evacuation Pause) 63M->57M(76M) 7.180ms
Dec 24 11:11:11 burnside uvmconsole: [3319186.712s][info][gc] GC(382600) Pause Young (Normal) (G1 Evacuation Pause) 63M->57M(76M) 7.091ms
Dec 24 11:11:16 burnside uvmconsole: [3319191.191s][info][gc] GC(382601) Pause Young (Normal) (G1 Evacuation Pause) 63M->57M(76M) 10.160ms
Dec 24 11:11:18 burnside uvmconsole: [3319193.655s][info][gc] GC(382602) Pause Young (Normal) (G1 Evacuation Pause) 63M->57M(76M) 9.015ms
Dec 24 11:11:21 burnside uvmconsole: [3319196.000s][info][gc] GC(382603) Pause Young (Normal) (G1 Evacuation Pause) 63M->58M(76M) 9.714ms
Dec 24 11:11:23 burnside uvmconsole: [3319198.147s][info][gc] GC(382604) Pause Young (Normal) (G1 Evacuation Pause) 64M->58M(76M) 10.327ms
Dec 24 11:11:24 burnside uvmconsole: [3319199.472s][info][gc] GC(382605) Pause Young (Normal) (G1 Evacuation Pause) 63M->58M(76M) 12.805ms
Dec 24 11:11:31 burnside uvmconsole: [3319206.309s][info][gc] GC(382606) Pause Young (Normal) (G1 Evacuation Pause) 63M->58M(76M) 7.849ms
Dec 24 11:11:35 burnside uvmconsole: [3319210.050s][info][gc] GC(382607) Pause Young (Normal) (G1 Evacuation Pause) 63M->58M(76M) 8.108ms
Dec 24 11:11:44 burnside uvmconsole: [3319218.911s][info][gc] GC(382608) Pause Young (Normal) (G1 Evacuation Pause) 63M->58M(76M) 8.936ms
Dec 24 11:11:51 burnside uvmconsole: [3319226.025s][info][gc] GC(382609) Pause Full (System.gc()) 63M->51M(76M) 345.326ms
Dec 24 11:11:55 burnside uvmconsole: [3319230.713s][info][gc] GC(382610) Pause Young (Normal) (G1 Evacuation Pause) 60M->51M(76M) 7.602ms
Dec 24 11:12:04 burnside uvmconsole: [3319239.340s][info][gc] GC(382611) Pause Young (Normal) (G1 Evacuation Pause) 60M->51M(76M) 9.183ms
Dec 24 11:12:12 burnside uvmconsole: [3319247.400s][info][gc] GC(382612) Pause Young (Normal) (G1 Evacuation Pause) 60M->51M(76M) 8.156ms
Dec 24 11:12:22 burnside uvmconsole: [3319257.100s][info][gc] GC(382613) Pause Young (Normal) (G1 Evacuation Pause) 60M->51M(76M) 8.917ms
Dec 24 11:12:29 burnside uvmconsole: [3319264.173s][info][gc] GC(382614) Pause Young (Normal) (G1 Evacuation Pause) 60M->51M(76M) 8.277ms
Dec 24 11:12:44 burnside uvmconsole: [3319279.674s][info][gc] GC(382615) Pause Young (Normal) (G1 Evacuation Pause) 61M->52M(76M) 9.295ms
Dec 24 11:12:52 burnside uvmconsole: [3319287.006s][info][gc] GC(382616) Pause Young (Normal) (G1 Evacuation Pause) 62M->52M(76M) 12.721ms
Dec 24 11:13:00 burnside uvmconsole: [3319294.798s][info][gc] GC(382617) Pause Young (Normal) (G1 Evacuation Pause) 62M->52M(76M) 10.128ms
Dec 24 11:13:06 burnside uvmconsole: [3319301.150s][info][gc] GC(382618) Pause Young (Normal) (G1 Evacuation Pause) 61M->52M(76M) 11.501ms
Dec 24 11:13:07 burnside uvmconsole: [3319302.255s][info][gc] GC(382619) Pause Young (Normal) (G1 Evacuation Pause) 61M->52M(76M) 10.742ms
Dec 24 11:13:09 burnside uvmconsole: [3319303.864s][info][gc] GC(382620) Pause Young (Normal) (G1 Evacuation Pause) 61M->52M(76M) 9.181ms
Dec 24 11:13:19 burnside uvmconsole: [3319314.122s][info][gc] GC(382621) Pause Young (Normal) (G1 Evacuation Pause) 61M->52M(76M) 12.509ms
Dec 24 11:13:27 burnside uvmconsole: [3319322.316s][info][gc] GC(382622) Pause Young (Normal) (G1 Evacuation Pause) 61M->52M(76M) 9.521ms
Dec 24 11:13:34 burnside uvmconsole: [3319329.183s][info][gc] GC(382623) Pause Young (Normal) (G1 Evacuation Pause) 60M->52M(76M) 10.090ms
Dec 24 11:13:43 burnside uvmconsole: [3319338.400s][info][gc] GC(382624) Pause Young (Normal) (G1 Evacuation Pause) 61M->52M(76M) 10.358ms
Dec 24 11:13:55 burnside uvmconsole: [3319350.739s][info][gc] GC(382625) Pause Young (Normal) (G1 Evacuation Pause) 61M->52M(76M) 9.462ms
Dec 24 11:14:04 burnside uvmconsole: [3319359.715s][info][gc] GC(382626) Pause Young (Normal) (G1 Evacuation Pause) 61M->52M(76M) 10.546ms
Dec 24 11:14:08 burnside uvmconsole: [3319363.481s][info][gc] GC(382627) Pause Young (Normal) (G1 Evacuation Pause) 61M->52M(76M) 9.679ms
Dec 24 11:14:17 burnside uvmconsole: [3319371.824s][info][gc] GC(382628) Pause Young (Normal) (G1 Evacuation Pause) 61M->52M(76M) 14.434ms
Dec 24 11:14:18 burnside uvmconsole: [3319372.855s][info][gc] GC(382629) Pause Young (Normal) (G1 Evacuation Pause) 61M->52M(76M) 8.998ms
Dec 24 11:14:26 burnside uvmconsole: [3319381.463s][info][gc] GC(382630) Pause Young (Normal) (G1 Evacuation Pause) 61M->52M(76M) 10.273ms
Dec 24 11:14:29 burnside uvmconsole: [3319384.574s][info][gc] GC(382631) Pause Young (Normal) (G1 Evacuation Pause) 61M->52M(76M) 10.918ms
Dec 24 11:14:33 burnside uvmconsole: [3319387.913s][info][gc] GC(382632) Pause Young (Normal) (G1 Evacuation Pause) 61M->52M(76M) 9.284ms
Dec 24 11:14:49 burnside uvmconsole: [3319403.944s][info][gc] GC(382633) Pause Young (Normal) (G1 Evacuation Pause) 61M->52M(76M) 10.329ms
Dec 24 11:15:00 burnside uvmconsole: [3319414.795s][info][gc] GC(382634) Pause Young (Normal) (G1 Evacuation Pause) 61M->52M(76M) 9.343ms
Dec 24 11:15:09 burnside uvmconsole: [3319424.283s][info][gc] GC(382635) Pause Young (Normal) (G1 Evacuation Pause) 61M->52M(76M) 9.660ms
Dec 24 11:15:20 burnside uvmconsole: [3319435.378s][info][gc] GC(382636) Pause Young (Normal) (G1 Evacuation Pause) 60M->52M(76M) 8.955ms
Dec 24 11:15:40 burnside uvmconsole: [3319455.158s][info][gc] GC(382637) Pause Young (Normal) (G1 Evacuation Pause) 61M->52M(76M) 8.855ms
Dec 24 11:15:50 burnside uvmconsole: [3319465.271s][info][gc] GC(382638) Pause Young (Normal) (G1 Evacuation Pause) 61M->53M(76M) 9.440ms
Dec 24 11:16:00 burnside uvmconsole: [3319475.489s][info][gc] GC(382639) Pause Young (Normal) (G1 Evacuation Pause) 61M->53M(76M) 10.131ms
Dec 24 11:16:04 burnside uvmconsole: [3319479.665s][info][gc] GC(382640) Pause Young (Normal) (G1 Evacuation Pause) 61M->53M(76M) 8.851ms
Dec 24 11:16:07 burnside uvmconsole: [3319482.320s][info][gc] GC(382641) Pause Young (Normal) (G1 Evacuation Pause) 62M->53M(76M) 10.830ms
Dec 24 11:16:09 burnside uvmconsole: [3319484.549s][info][gc] GC(382642) Pause Young (Normal) (G1 Evacuation Pause) 61M->53M(76M) 9.462ms
Dec 24 11:16:19 burnside uvmconsole: [3319494.223s][info][gc] GC(382643) Pause Young (Normal) (G1 Evacuation Pause) 62M->53M(76M) 12.590ms
Dec 24 11:16:30 burnside uvmconsole: [3319505.140s][info][gc] GC(382644) Pause Young (Normal) (G1 Evacuation Pause) 62M->53M(76M) 17.764ms
Dec 24 11:16:37 burnside uvmconsole: [3319512.121s][info][gc] GC(382645) Pause Young (Normal) (G1 Evacuation Pause) 62M->53M(76M) 10.808ms
Dec 24 11:16:46 burnside uvmconsole: [3319521.672s][info][gc] GC(382646) Pause Young (Normal) (G1 Evacuation Pause) 61M->53M(76M) 10.120ms
Dec 24 11:16:47 burnside uvmconsole: [3319522.567s][info][gc] GC(382647) Pause Young (Normal) (G1 Evacuation Pause) 61M->53M(76M) 10.884ms
Dec 24 11:16:51 burnside uvmconsole: [3319526.013s][info][gc] GC(382648) Pause Full (System.gc()) 56M->50M(76M) 333.073ms
Dec 24 11:17:01 burnside uvmconsole: [3319536.733s][info][gc] GC(382649) Pause Young (Normal) (G1 Evacuation Pause) 62M->50M(76M) 8.299ms
Dec 24 11:17:09 burnside uvmconsole: [3319544.233s][info][gc] GC(382650) Pause Young (Normal) (G1 Evacuation Pause) 62M->50M(76M) 8.499ms
Dec 24 11:17:13 burnside uvmconsole: [3319548.239s][info][gc] GC(382651) Pause Young (Normal) (G1 Evacuation Pause) 62M->50M(76M) 8.056ms
Dec 24 11:17:21 burnside uvmconsole: [3319556.216s][info][gc] GC(382652) Pause Young (Normal) (G1 Evacuation Pause) 62M->50M(76M) 8.597ms
Dec 24 11:17:29 burnside uvmconsole: [3319563.755s][info][gc] GC(382653) Pause Young (Normal) (G1 Evacuation Pause) 62M->50M(76M) 8.869ms
Dec 24 11:17:38 burnside uvmconsole: [3319573.105s][info][gc] GC(382654) Pause Young (Normal) (G1 Evacuation Pause) 61M->51M(76M) 9.486ms
Dec 24 11:17:53 burnside uvmconsole: [3319588.643s][info][gc] GC(382655) Pause Young (Normal) (G1 Evacuation Pause) 62M->51M(76M) 10.265ms
Dec 24 11:18:04 burnside uvmconsole: [3319599.571s][info][gc] GC(382656) Pause Young (Normal) (G1 Evacuation Pause) 61M->51M(76M) 10.885ms
Dec 24 11:18:09 burnside uvmconsole: [3319604.255s][info][gc] GC(382657) Pause Young (Normal) (G1 Evacuation Pause) 61M->51M(76M) 9.620ms
Dec 24 11:18:25 burnside uvmconsole: [3319620.160s][info][gc] GC(382658) Pause Young (Normal) (G1 Evacuation Pause) 62M->51M(76M) 10.107ms
Dec 24 11:18:45 burnside uvmconsole: [3319640.264s][info][gc] GC(382659) Pause Young (Normal) (G1 Evacuation Pause) 62M->51M(76M) 9.040ms
Dec 24 11:19:00 burnside uvmconsole: [3319654.802s][info][gc] GC(382660) Pause Young (Normal) (G1 Evacuation Pause) 61M->51M(76M) 17.394ms
Dec 24 11:19:06 burnside uvmconsole: [3319661.533s][info][gc] GC(382661) Pause Young (Normal) (G1 Evacuation Pause) 61M->51M(76M) 10.889ms
Dec 24 11:19:28 burnside uvmconsole: [3319683.633s][info][gc] GC(382662) Pause Young (Normal) (G1 Evacuation Pause) 61M->51M(76M) 9.801ms
Dec 24 11:19:37 burnside uvmconsole: [3319691.789s][info][gc] GC(382663) Pause Young (Normal) (G1 Evacuation Pause) 61M->51M(76M) 8.594ms
Dec 24 11:19:42 burnside uvmconsole: [3319697.037s][info][gc] GC(382664) Pause Young (Normal) (G1 Evacuation Pause) 61M->51M(76M) 8.811ms
Dec 24 11:19:51 burnside uvmconsole: [3319706.224s][info][gc] GC(382665) Pause Young (Normal) (G1 Evacuation Pause) 61M->51M(76M) 8.623ms
Dec 24 11:19:58 burnside uvmconsole: [3319712.929s][info][gc] GC(382666) Pause Young (Normal) (G1 Evacuation Pause) 61M->51M(76M) 10.896ms
Dec 24 11:20:08 burnside uvmconsole: [3319722.791s][info][gc] GC(382667) Pause Young (Normal) (G1 Evacuation Pause) 61M->51M(76M) 9.686ms
Dec 24 11:20:18 burnside uvmconsole: [3319733.179s][info][gc] GC(382668) Pause Young (Normal) (G1 Evacuation Pause) 60M->51M(76M) 8.853ms
Dec 24 11:20:33 burnside uvmconsole: [3319748.656s][info][gc] GC(382669) Pause Young (Normal) (G1 Evacuation Pause) 61M->51M(76M) 8.727ms
Dec 24 11:20:40 burnside uvmconsole: [3319755.153s][info][gc] GC(382670) Pause Young (Normal) (G1 Evacuation Pause) 61M->51M(76M) 10.295ms
Dec 24 11:20:48 burnside uvmconsole: [3319763.394s][info][gc] GC(382671) Pause Young (Normal) (G1 Evacuation Pause) 61M->52M(76M) 10.496ms
Dec 24 11:21:01 burnside uvmconsole: [3319776.487s][info][gc] GC(382672) Pause Young (Normal) (G1 Evacuation Pause) 61M->52M(76M) 10.323ms
Dec 24 11:21:09 burnside uvmconsole: [3319784.180s][info][gc] GC(382673) Pause Young (Normal) (G1 Evacuation Pause) 61M->52M(76M) 11.117ms
Dec 24 11:21:23 burnside uvmconsole: [3319798.654s][info][gc] GC(382674) Pause Young (Normal) (G1 Evacuation Pause) 62M->52M(76M) 9.562ms
Dec 24 11:21:38 burnside uvmconsole: [3319812.923s][info][gc] GC(382675) Pause Young (Normal) (G1 Evacuation Pause) 62M->52M(76M) 10.397ms
Dec 24 11:21:47 burnside uvmconsole: [3319822.477s][info][gc] GC(382676) Pause Young (Normal) (G1 Evacuation Pause) 62M->52M(76M) 11.942ms
Dec 24 11:21:51 burnside uvmconsole: [3319826.010s][info][gc] GC(382677) Pause Full (System.gc()) 55M->49M(75M) 331.021ms
Dec 24 11:21:59 burnside uvmconsole: [3319834.719s][info][gc] GC(382678) Pause Young (Normal) (G1 Evacuation Pause) 60M->49M(75M) 7.227ms
Dec 24 11:22:05 burnside uvmconsole: [3319839.840s][info][gc] GC(382679) Pause Young (Normal) (G1 Evacuation Pause) 60M->49M(75M) 9.946ms
Dec 24 11:22:21 burnside uvmconsole: [3319856.297s][info][gc] GC(382680) Pause Young (Normal) (G1 Evacuation Pause) 60M->49M(75M) 7.658ms
Dec 24 11:22:34 burnside uvmconsole: [3319869.544s][info][gc] GC(382681) Pause Young (Normal) (G1 Evacuation Pause) 60M->49M(75M) 9.262ms
Dec 24 11:22:48 burnside uvmconsole: [3319883.448s][info][gc] GC(382682) Pause Young (Normal) (G1 Evacuation Pause) 60M->50M(75M) 8.084ms
Dec 24 11:23:02 burnside uvmconsole: [3319896.957s][info][gc] GC(382683) Pause Young (Normal) (G1 Evacuation Pause) 61M->50M(75M) 9.666ms
Dec 24 11:23:20 burnside uvmconsole: [3319914.779s][info][gc] GC(382684) Pause Young (Normal) (G1 Evacuation Pause) 60M->50M(75M) 8.834ms
Dec 24 11:23:34 burnside uvmconsole: [3319929.626s][info][gc] GC(382685) Pause Young (Normal) (G1 Evacuation Pause) 61M->50M(75M) 8.215ms
Dec 24 11:23:52 burnside uvmconsole: [3319947.346s][info][gc] GC(382686) Pause Young (Normal) (G1 Evacuation Pause) 61M->50M(75M) 8.440ms
Dec 24 11:24:03 burnside uvmconsole: [3319958.322s][info][gc] GC(382687) Pause Young (Normal) (G1 Evacuation Pause) 61M->50M(75M) 15.169ms
Dec 24 11:24:14 burnside uvmconsole: [3319969.409s][info][gc] GC(382688) Pause Young (Normal) (G1 Evacuation Pause) 60M->50M(75M) 8.292ms
Dec 24 11:24:24 burnside uvmconsole: [3319979.123s][info][gc] GC(382689) Pause Young (Normal) (G1 Evacuation Pause) 60M->50M(75M) 8.684ms
Dec 24 11:24:30 burnside uvmconsole: [3319985.611s][info][gc] GC(382690) Pause Young (Normal) (G1 Evacuation Pause) 60M->50M(75M) 10.481ms
Dec 24 11:24:40 burnside uvmconsole: [3319995.299s][info][gc] GC(382691) Pause Young (Normal) (G1 Evacuation Pause) 60M->50M(75M) 8.776ms
Dec 24 11:24:52 burnside uvmconsole: [3320006.899s][info][gc] GC(382692) Pause Young (Normal) (G1 Evacuation Pause) 60M->50M(75M) 9.317ms
Dec 24 11:25:00 burnside uvmconsole: [3320015.140s][info][gc] GC(382693) Pause Young (Normal) (G1 Evacuation Pause) 59M->50M(75M) 10.341ms
Dec 24 11:25:05 burnside uvmconsole: [3320019.865s][info][gc] GC(382694) Pause Young (Normal) (G1 Evacuation Pause) 59M->50M(75M) 9.704ms
Dec 24 11:25:14 burnside uvmconsole: [3320029.439s][info][gc] GC(382695) Pause Young (Normal) (G1 Evacuation Pause) 60M->50M(75M) 8.673ms
Dec 24 11:25:26 burnside uvmconsole: [3320041.271s][info][gc] GC(382696) Pause Young (Normal) (G1 Evacuation Pause) 60M->50M(75M) 8.358ms
Dec 24 11:25:35 burnside uvmconsole: [3320049.995s][info][gc] GC(382697) Pause Young (Normal) (G1 Evacuation Pause) 60M->50M(75M) 10.247ms
Dec 24 11:25:47 burnside uvmconsole: [3320062.445s][info][gc] GC(382698) Pause Young (Normal) (G1 Evacuation Pause) 60M->50M(75M) 9.049ms
Dec 24 11:25:59 burnside uvmconsole: [3320074.192s][info][gc] GC(382699) Pause Young (Normal) (G1 Evacuation Pause) 60M->50M(75M) 8.641ms
Dec 24 11:26:06 burnside uvmconsole: [3320081.423s][info][gc] GC(382700) Pause Young (Normal) (G1 Evacuation Pause) 60M->51M(75M) 10.719ms
Dec 24 11:26:09 burnside uvmconsole: [3320084.099s][info][gc] GC(382701) Pause Young (Normal) (G1 Evacuation Pause) 60M->50M(75M) 9.035ms
Dec 24 11:26:17 burnside uvmconsole: [3320091.984s][info][gc] GC(382702) Pause Young (Normal) (G1 Evacuation Pause) 60M->50M(75M) 8.780ms
Dec 24 11:26:23 burnside uvmconsole: [3320097.796s][info][gc] GC(382703) Pause Young (Normal) (G1 Evacuation Pause) 60M->50M(75M) 9.976ms
Dec 24 11:26:33 burnside uvmconsole: [3320107.923s][info][gc] GC(382704) Pause Young (Normal) (G1 Evacuation Pause) 60M->50M(75M) 8.527ms
Dec 24 11:26:43 burnside uvmconsole: [3320118.268s][info][gc] GC(382705) Pause Young (Normal) (G1 Evacuation Pause) 60M->50M(75M) 8.680ms
Dec 24 11:26:50 burnside uvmconsole: [3320124.794s][info][gc] GC(382706) Pause Young (Normal) (G1 Evacuation Pause) 60M->51M(75M) 9.817ms
Dec 24 11:26:51 burnside uvmconsole: [3320126.009s][info][gc] GC(382707) Pause Full (System.gc()) 52M->49M(75M) 329.608ms
Dec 24 11:26:58 burnside uvmconsole: [3320133.387s][info][gc] GC(382708) Pause Young (Normal) (G1 Evacuation Pause) 60M->49M(75M) 8.627ms
Dec 24 11:27:04 burnside uvmconsole: [3320139.380s][info][gc] GC(382709) Pause Young (Normal) (G1 Evacuation Pause) 60M->49M(75M) 8.718ms
Dec 24 11:27:12 burnside uvmconsole: [3320147.483s][info][gc] GC(382710) Pause Young (Normal) (G1 Evacuation Pause) 60M->49M(75M) 7.973ms
Dec 24 11:27:29 burnside uvmconsole: [3320164.468s][info][gc] GC(382711) Pause Young (Normal) (G1 Evacuation Pause) 60M->49M(75M) 8.422ms
Dec 24 11:27:49 burnside uvmconsole: [3320184.184s][info][gc] GC(382712) Pause Young (Normal) (G1 Evacuation Pause) 60M->49M(75M) 8.094ms
Dec 24 11:27:59 burnside uvmconsole: [3320194.442s][info][gc] GC(382713) Pause Young (Normal) (G1 Evacuation Pause) 60M->50M(75M) 10.818ms
Dec 24 11:28:09 burnside uvmconsole: [3320204.692s][info][gc] GC(382714) Pause Young (Normal) (G1 Evacuation Pause) 61M->50M(75M) 9.776ms
Dec 24 11:28:23 burnside uvmconsole: [3320218.652s][info][gc] GC(382715) Pause Young (Normal) (G1 Evacuation Pause) 60M->50M(75M) 8.383ms
Dec 24 11:28:35 burnside uvmconsole: [3320230.683s][info][gc] GC(382716) Pause Young (Normal) (G1 Evacuation Pause) 61M->50M(75M) 9.049ms
Dec 24 11:28:45 burnside uvmconsole: [3320240.199s][info][gc] GC(382717) Pause Young (Normal) (G1 Evacuation Pause) 61M->50M(75M) 11.108ms
Dec 24 11:28:50 burnside uvmconsole: [3320244.984s][info][gc] GC(382718) Pause Young (Normal) (G1 Evacuation Pause) 60M->50M(75M) 10.089ms
Dec 24 11:29:00 burnside uvmconsole: [3320254.804s][info][gc] GC(382719) Pause Young (Normal) (G1 Evacuation Pause) 60M->50M(75M) 11.497ms
Dec 24 11:29:02 burnside uvmconsole: [3320257.325s][info][gc] GC(382720) Pause Young (Normal) (G1 Evacuation Pause) 60M->50M(75M) 10.271ms
Dec 24 11:29:16 burnside uvmconsole: [3320271.147s][info][gc] GC(382721) Pause Young (Normal) (G1 Evacuation Pause) 61M->50M(75M) 10.137ms
Dec 24 11:29:38 burnside uvmconsole: [3320293.558s][info][gc] GC(382722) Pause Young (Normal) (G1 Evacuation Pause) 60M->51M(75M) 9.701ms
Dec 24 11:29:49 burnside uvmconsole: [3320304.658s][info][gc] GC(382723) Pause Young (Normal) (G1 Evacuation Pause) 61M->51M(75M) 10.078ms
Dec 24 11:29:56 burnside uvmconsole: [3320311.353s][info][gc] GC(382724) Pause Young (Normal) (G1 Evacuation Pause) 62M->51M(75M) 11.959ms
Dec 24 11:30:03 burnside uvmconsole: [3320317.886s][info][gc] GC(382725) Pause Young (Normal) (G1 Evacuation Pause) 61M->51M(75M) 11.068ms
Dec 24 11:30:04 burnside uvmconsole: [3320319.224s][info][gc] GC(382726) Pause Young (Normal) (G1 Evacuation Pause) 60M->51M(75M) 10.373ms
Dec 24 11:30:14 burnside uvmconsole: [3320329.290s][info][gc] GC(382727) Pause Young (Normal) (G1 Evacuation Pause) 61M->51M(75M) 9.068ms
Dec 24 11:30:31 burnside uvmconsole: [3320346.037s][info][gc] GC(382728) Pause Young (Normal) (G1 Evacuation Pause) 61M->51M(75M) 9.458ms
Dec 24 11:30:39 burnside uvmconsole: [3320354.618s][info][gc] GC(382729) Pause Young (Normal) (G1 Evacuation Pause) 61M->51M(75M) 8.647ms
Dec 24 11:30:53 burnside uvmconsole: [3320368.641s][info][gc] GC(382730) Pause Young (Normal) (G1 Evacuation Pause) 61M->51M(75M) 8.687ms
Dec 24 11:31:01 burnside uvmconsole: [3320376.225s][info][gc] GC(382731) Pause Young (Normal) (G1 Evacuation Pause) 60M->51M(75M) 10.054ms
Dec 24 11:31:04 burnside uvmconsole: [3320379.463s][info][gc] GC(382732) Pause Young (Normal) (G1 Evacuation Pause) 60M->51M(75M) 10.632ms
Dec 24 11:31:10 burnside uvmconsole: [3320385.181s][info][gc] GC(382733) Pause Young (Normal) (G1 Evacuation Pause) 60M->51M(75M) 11.016ms
Dec 24 11:31:17 burnside uvmconsole: [3320392.547s][info][gc] GC(382734) Pause Young (Normal) (G1 Evacuation Pause) 61M->51M(75M) 8.217ms
Dec 24 11:31:28 burnside uvmconsole: [3320402.901s][info][gc] GC(382735) Pause Young (Normal) (G1 Evacuation Pause) 61M->51M(75M) 8.749ms
Dec 24 11:31:43 burnside uvmconsole: [3320417.875s][info][gc] GC(382736) Pause Young (Normal) (G1 Evacuation Pause) 61M->51M(75M) 8.781ms
Dec 24 11:31:50 burnside uvmconsole: [3320425.224s][info][gc] GC(382737) Pause Young (Normal) (G1 Evacuation Pause) 60M->51M(75M) 8.923ms
Dec 24 11:31:51 burnside uvmconsole: [3320426.011s][info][gc] GC(382738) Pause Full (System.gc()) 53M->49M(75M) 332.136ms
Dec 24 11:31:59 burnside uvmconsole: [3320434.188s][info][gc] GC(382739) Pause Young (Normal) (G1 Evacuation Pause) 59M->49M(75M) 6.729ms
Dec 24 11:32:06 burnside uvmconsole: [3320441.122s][info][gc] GC(382740) Pause Young (Normal) (G1 Evacuation Pause) 59M->50M(75M) 8.315ms
Dec 24 11:32:21 burnside uvmconsole: [3320456.710s][info][gc] GC(382741) Pause Young (Normal) (G1 Evacuation Pause) 60M->49M(75M) 8.075ms
Dec 24 11:32:44 burnside uvmconsole: [3320478.831s][info][gc] GC(382742) Pause Young (Normal) (G1 Evacuation Pause) 59M->50M(75M) 7.964ms
Dec 24 11:32:59 burnside uvmconsole: [3320494.190s][info][gc] GC(382743) Pause Young (Normal) (G1 Evacuation Pause) 60M->50M(75M) 7.946ms
Dec 24 11:33:07 burnside uvmconsole: [3320502.471s][info][gc] GC(382744) Pause Young (Normal) (G1 Evacuation Pause) 60M->50M(75M) 9.595ms
Dec 24 11:33:23 burnside uvmconsole: [3320518.652s][info][gc] GC(382745) Pause Young (Normal) (G1 Evacuation Pause) 60M->50M(75M) 7.911ms
Dec 24 11:33:36 burnside uvmconsole: [3320531.347s][info][gc] GC(382746) Pause Young (Normal) (G1 Evacuation Pause) 60M->50M(75M) 8.573ms
Dec 24 11:33:46 burnside uvmconsole: [3320541.127s][info][gc] GC(382747) Pause Young (Normal) (G1 Evacuation Pause) 60M->50M(75M) 8.654ms
Dec 24 11:33:56 burnside uvmconsole: [3320551.379s][info][gc] GC(382748) Pause Young (Normal) (G1 Evacuation Pause) 60M->50M(75M) 8.593ms
Dec 24 11:34:04 burnside uvmconsole: [3320559.580s][info][gc] GC(382749) Pause Young (Normal) (G1 Evacuation Pause) 60M->50M(75M) 10.141ms
Dec 24 11:34:08 burnside uvmconsole: [3320563.072s][info][gc] GC(382750) Pause Young (Normal) (G1 Evacuation Pause) 60M->50M(75M) 11.256ms
Dec 24 11:34:09 burnside uvmconsole: [3320564.121s][info][gc] GC(382751) Pause Young (Normal) (G1 Evacuation Pause) 59M->50M(75M) 9.337ms
Dec 24 11:34:18 burnside uvmconsole: [3320573.060s][info][gc] GC(382752) Pause Young (Normal) (G1 Evacuation Pause) 60M->50M(75M) 9.430ms
Dec 24 11:34:26 burnside uvmconsole: [3320581.716s][info][gc] GC(382753) Pause Young (Normal) (G1 Evacuation Pause) 60M->50M(75M) 8.855ms
Dec 24 11:34:38 burnside uvmconsole: [3320592.885s][info][gc] GC(382754) Pause Young (Normal) (G1 Evacuation Pause) 61M->50M(75M) 9.344ms
Dec 24 11:34:47 burnside uvmconsole: [3320602.573s][info][gc] GC(382755) Pause Young (Normal) (G1 Evacuation Pause) 60M->50M(75M) 8.824ms
Dec 24 11:34:59 burnside uvmconsole: [3320614.188s][info][gc] GC(382756) Pause Young (Normal) (G1 Evacuation Pause) 61M->50M(75M) 8.572ms
Dec 24 11:35:01 burnside uvmconsole: [3320616.504s][info][gc] GC(382757) Pause Young (Normal) (G1 Evacuation Pause) 60M->50M(75M) 8.712ms
Dec 24 11:35:16 burnside uvmconsole: [3320630.800s][info][gc] GC(382758) Pause Young (Normal) (G1 Evacuation Pause) 60M->50M(75M) 8.946ms
Dec 24 11:35:31 burnside uvmconsole: [3320646.677s][info][gc] GC(382759) Pause Young (Normal) (G1 Evacuation Pause) 60M->50M(75M) 9.051ms
Dec 24 11:35:52 burnside uvmconsole: [3320666.755s][info][gc] GC(382760) Pause Young (Normal) (G1 Evacuation Pause) 60M->50M(75M) 8.852ms
Dec 24 11:35:59 burnside uvmconsole: [3320674.562s][info][gc] GC(382761) Pause Young (Normal) (G1 Evacuation Pause) 60M->50M(75M) 9.097ms
Dec 24 11:36:07 burnside uvmconsole: [3320681.861s][info][gc] GC(382762) Pause Young (Normal) (G1 Evacuation Pause) 60M->50M(75M) 9.751ms
Dec 24 11:36:16 burnside uvmconsole: [3320691.612s][info][gc] GC(382763) Pause Young (Normal) (G1 Evacuation Pause) 60M->50M(75M) 8.643ms
Dec 24 11:36:31 burnside uvmconsole: [3320706.448s][info][gc] GC(382764) Pause Young (Normal) (G1 Evacuation Pause) 61M->50M(75M) 8.542ms
Dec 24 11:36:51 burnside uvmconsole: [3320726.009s][info][gc] GC(382765) Pause Full (System.gc()) 59M->48M(75M) 329.530ms
Dec 24 11:37:00 burnside uvmconsole: [3320734.802s][info][gc] GC(382766) Pause Young (Normal) (G1 Evacuation Pause) 60M->49M(75M) 7.550ms
Dec 24 11:37:06 burnside uvmconsole: [3320741.080s][info][gc] GC(382767) Pause Young (Normal) (G1 Evacuation Pause) 60M->49M(75M) 7.003ms
Dec 24 11:37:39 burnside uvmconsole: [3320774.446s][info][gc] GC(382768) Pause Young (Normal) (G1 Evacuation Pause) 61M->49M(75M) 7.644ms
Dec 24 11:38:02 burnside uvmconsole: [3320797.288s][info][gc] GC(382769) Pause Young (Normal) (G1 Evacuation Pause) 61M->49M(75M) 8.238ms
Dec 24 11:38:19 burnside uvmconsole: [3320814.662s][info][gc] GC(382770) Pause Young (Normal) (G1 Evacuation Pause) 61M->49M(75M) 7.628ms
Dec 24 11:38:38 burnside uvmconsole: [3320832.793s][info][gc] GC(382771) Pause Young (Normal) (G1 Evacuation Pause) 61M->49M(75M) 8.204ms
Dec 24 11:39:00 burnside uvmconsole: [3320854.792s][info][gc] GC(382772) Pause Young (Normal) (G1 Evacuation Pause) 61M->49M(75M) 8.658ms
Dec 24 11:39:06 burnside uvmconsole: [3320861.333s][info][gc] GC(382773) Pause Young (Normal) (G1 Evacuation Pause) 61M->49M(75M) 11.647ms
Dec 24 11:39:10 burnside uvmconsole: [3320865.071s][info][gc] GC(382774) Pause Young (Normal) (G1 Evacuation Pause) 60M->50M(75M) 9.660ms
Dec 24 11:39:16 burnside uvmconsole: [3320871.466s][info][gc] GC(382775) Pause Young (Normal) (G1 Evacuation Pause) 61M->50M(75M) 15.238ms
Dec 24 11:39:30 burnside uvmconsole: [3320885.212s][info][gc] GC(382776) Pause Young (Normal) (G1 Evacuation Pause) 60M->49M(75M) 9.458ms
Dec 24 11:39:42 burnside uvmconsole: [3320897.649s][info][gc] GC(382777) Pause Young (Normal) (G1 Evacuation Pause) 60M->50M(75M) 7.593ms
Dec 24 11:39:52 burnside uvmconsole: [3320907.614s][info][gc] GC(382778) Pause Young (Normal) (G1 Evacuation Pause) 61M->50M(75M) 7.960ms
Dec 24 11:40:03 burnside uvmconsole: [3320918.657s][info][gc] GC(382779) Pause Young (Normal) (G1 Evacuation Pause) 61M->50M(75M) 9.341ms
Dec 24 11:40:10 burnside uvmconsole: [3320925.291s][info][gc] GC(382780) Pause Young (Normal) (G1 Evacuation Pause) 61M->50M(75M) 8.506ms
Dec 24 11:40:26 burnside uvmconsole: [3320941.290s][info][gc] GC(382781) Pause Young (Normal) (G1 Evacuation Pause) 60M->50M(75M) 8.579ms
Dec 24 11:40:43 burnside uvmconsole: [3320958.029s][info][gc] GC(382782) Pause Young (Normal) (G1 Evacuation Pause) 60M->50M(75M) 8.981ms
Dec 24 11:40:54 burnside uvmconsole: [3320968.956s][info][gc] GC(382783) Pause Young (Normal) (G1 Evacuation Pause) 60M->50M(75M) 12.919ms
Dec 24 11:40:56 burnside uvmconsole: [3320971.627s][info][gc] GC(382784) Pause Young (Normal) (G1 Evacuation Pause) 59M->50M(75M) 9.320ms
Dec 24 11:40:59 burnside uvmconsole: [3320974.130s][info][gc] GC(382785) Pause Young (Normal) (G1 Evacuation Pause) 60M->50M(75M) 8.698ms
Dec 24 11:41:08 burnside uvmconsole: [3320983.703s][info][gc] GC(382786) Pause Young (Normal) (G1 Evacuation Pause) 60M->50M(75M) 9.952ms
Dec 24 11:41:11 burnside uvmconsole: [3320985.959s][info][gc] GC(382787) Pause Young (Normal) (G1 Evacuation Pause) 60M->50M(75M) 9.299ms
Dec 24 11:41:21 burnside uvmconsole: [3320995.921s][info][gc] GC(382788) Pause Young (Normal) (G1 Evacuation Pause) 60M->50M(75M) 9.399ms
Dec 24 11:41:27 burnside uvmconsole: [3321001.766s][info][gc] GC(382789) Pause Young (Normal) (G1 Evacuation Pause) 60M->51M(75M) 10.779ms
Dec 24 11:41:33 burnside uvmconsole: [3321008.655s][info][gc] GC(382790) Pause Young (Normal) (G1 Evacuation Pause) 61M->51M(75M) 9.759ms
Dec 24 11:41:41 burnside uvmconsole: [3321016.116s][info][gc] GC(382791) Pause Young (Normal) (G1 Evacuation Pause) 61M->51M(75M) 8.940ms
Dec 24 11:41:47 burnside uvmconsole: [3321022.083s][info][gc] GC(382792) Pause Young (Normal) (G1 Evacuation Pause) 61M->51M(75M) 8.781ms
Dec 24 11:41:51 burnside uvmconsole: [3321026.007s][info][gc] GC(382793) Pause Full (System.gc()) 57M->49M(75M) 328.344ms
Dec 24 11:41:59 burnside uvmconsole: [3321034.324s][info][gc] GC(382794) Pause Young (Normal) (G1 Evacuation Pause) 60M->49M(75M) 6.322ms
Dec 24 11:42:06 burnside uvmconsole: [3321041.047s][info][gc] GC(382795) Pause Young (Normal) (G1 Evacuation Pause) 60M->49M(75M) 7.219ms
Dec 24 11:42:20 burnside uvmconsole: [3321055.004s][info][gc] GC(382796) Pause Young (Normal) (G1 Evacuation Pause) 60M->49M(75M) 7.393ms
Dec 24 11:42:32 burnside uvmconsole: [3321067.027s][info][gc] GC(382797) Pause Young (Normal) (G1 Evacuation Pause) 60M->49M(75M) 7.989ms
Dec 24 11:42:51 burnside uvmconsole: [3321085.890s][info][gc] GC(382798) Pause Young (Normal) (G1 Evacuation Pause) 60M->50M(75M) 7.739ms
Dec 24 11:42:59 burnside uvmconsole: [3321094.189s][info][gc] GC(382799) Pause Young (Normal) (G1 Evacuation Pause) 61M->50M(75M) 8.333ms
Dec 24 11:43:03 burnside uvmconsole: [3321098.118s][info][gc] GC(382800) Pause Young (Normal) (G1 Evacuation Pause) 61M->50M(75M) 13.703ms
Dec 24 11:43:09 burnside uvmconsole: [3321104.250s][info][gc] GC(382801) Pause Young (Normal) (G1 Evacuation Pause) 61M->50M(75M) 8.775ms
Dec 24 11:43:19 burnside uvmconsole: [3321114.357s][info][gc] GC(382802) Pause Young (Normal) (G1 Evacuation Pause) 61M->50M(75M) 11.502ms
Dec 24 11:43:28 burnside uvmconsole: [3321123.226s][info][gc] GC(382803) Pause Young (Normal) (G1 Evacuation Pause) 61M->50M(75M) 8.332ms
Dec 24 11:43:37 burnside uvmconsole: [3321132.355s][info][gc] GC(382804) Pause Young (Normal) (G1 Evacuation Pause) 61M->50M(75M) 8.513ms
Dec 24 11:43:47 burnside uvmconsole: [3321142.449s][info][gc] GC(382805) Pause Young (Normal) (G1 Evacuation Pause) 61M->50M(75M) 8.684ms
Dec 24 11:44:00 burnside uvmconsole: [3321154.800s][info][gc] GC(382806) Pause Young (Normal) (G1 Evacuation Pause) 61M->50M(75M) 10.297ms
Dec 24 11:44:06 burnside uvmconsole: [3321161.366s][info][gc] GC(382807) Pause Young (Normal) (G1 Evacuation Pause) 60M->50M(75M) 9.300ms
Dec 24 11:44:15 burnside uvmconsole: [3321170.028s][info][gc] GC(382808) Pause Young (Normal) (G1 Evacuation Pause) 61M->50M(75M) 7.986ms
Dec 24 11:44:26 burnside uvmconsole: [3321180.936s][info][gc] GC(382809) Pause Young (Normal) (G1 Evacuation Pause) 61M->50M(75M) 9.220ms
Dec 24 11:44:37 burnside uvmconsole: [3321192.339s][info][gc] GC(382810) Pause Young (Normal) (G1 Evacuation Pause) 60M->50M(75M) 8.778ms
Dec 24 11:44:53 burnside uvmconsole: [3321207.881s][info][gc] GC(382811) Pause Young (Normal) (G1 Evacuation Pause) 61M->50M(75M) 9.374ms
Dec 24 11:45:04 burnside uvmconsole: [3321218.837s][info][gc] GC(382812) Pause Young (Normal) (G1 Evacuation Pause) 60M->50M(75M) 9.522ms
Dec 24 11:45:11 burnside uvmconsole: [3321226.440s][info][gc] GC(382813) Pause Young (Normal) (G1 Evacuation Pause) 60M->50M(75M) 9.823ms
Dec 24 11:45:17 burnside uvmconsole: [3321232.331s][info][gc] GC(382814) Pause Young (Normal) (G1 Evacuation Pause) 61M->50M(75M) 9.626ms
Dec 24 11:45:27 burnside uvmconsole: [3321242.606s][info][gc] GC(382815) Pause Young (Normal) (G1 Evacuation Pause) 60M->50M(75M) 8.674ms
Dec 24 11:45:37 burnside uvmconsole: [3321252.176s][info][gc] GC(382816) Pause Young (Normal) (G1 Evacuation Pause) 60M->50M(75M) 9.205ms
Dec 24 11:45:49 burnside uvmconsole: [3321264.048s][info][gc] GC(382817) Pause Young (Normal) (G1 Evacuation Pause) 60M->50M(75M) 12.322ms
Dec 24 11:45:54 burnside uvmconsole: [3321269.433s][info][gc] GC(382818) Pause Young (Normal) (G1 Evacuation Pause) 60M->50M(75M) 10.367ms
Dec 24 11:46:00 burnside uvmconsole: [3321274.792s][info][gc] GC(382819) Pause Young (Normal) (G1 Evacuation Pause) 60M->50M(75M) 16.004ms
Dec 24 11:46:02 burnside uvmconsole: [3321276.823s][info][gc] GC(382820) Pause Young (Normal) (G1 Evacuation Pause) 60M->51M(75M) 9.767ms
Dec 24 11:46:08 burnside uvmconsole: [3321283.633s][info][gc] GC(382821) Pause Young (Normal) (G1 Evacuation Pause) 61M->51M(75M) 10.388ms
Dec 24 11:46:15 burnside uvmconsole: [3321290.092s][info][gc] GC(382822) Pause Young (Normal) (G1 Evacuation Pause) 61M->51M(75M) 9.299ms
Dec 24 11:46:29 burnside uvmconsole: [3321304.541s][info][gc] GC(382823) Pause Young (Normal) (G1 Evacuation Pause) 62M->51M(75M) 9.023ms
Dec 24 11:46:51 burnside uvmconsole: [3321326.009s][info][gc] GC(382824) Pause Full (System.gc()) 60M->49M(75M) 329.733ms
Dec 24 11:47:00 burnside uvmconsole: [3321335.120s][info][gc] GC(382825) Pause Young (Normal) (G1 Evacuation Pause) 61M->50M(75M) 10.457ms
Dec 24 11:47:13 burnside uvmconsole: [3321348.657s][info][gc] GC(382826) Pause Young (Normal) (G1 Evacuation Pause) 61M->49M(75M) 7.546ms
Dec 24 11:47:24 burnside uvmconsole: [3321359.460s][info][gc] GC(382827) Pause Young (Normal) (G1 Evacuation Pause) 60M->49M(75M) 7.852ms
Dec 24 11:47:31 burnside uvmconsole: [3321365.956s][info][gc] GC(382828) Pause Young (Normal) (G1 Evacuation Pause) 61M->50M(75M) 8.933ms
Dec 24 11:47:40 burnside uvmconsole: [3321375.043s][info][gc] GC(382829) Pause Young (Normal) (G1 Evacuation Pause) 62M->50M(75M) 10.116ms
Dec 24 11:47:49 burnside uvmconsole: [3321384.173s][info][gc] GC(382830) Pause Young (Normal) (G1 Evacuation Pause) 62M->50M(75M) 8.359ms
Dec 24 11:47:51 burnside uvmconsole: [3321386.022s][info][gc] GC(382831) Pause Young (Normal) (G1 Evacuation Pause) 62M->50M(75M) 10.251ms
Dec 24 11:47:53 burnside uvmconsole: [3321388.027s][info][gc] GC(382832) Pause Young (Normal) (G1 Evacuation Pause) 61M->50M(75M) 8.425ms
Dec 24 11:47:55 burnside uvmconsole: [3321390.155s][info][gc] GC(382833) Pause Young (Normal) (G1 Evacuation Pause) 61M->50M(75M) 9.856ms
Dec 24 11:47:57 burnside uvmconsole: [3321392.083s][info][gc] GC(382834) Pause Young (Normal) (G1 Evacuation Pause) 61M->50M(75M) 9.910ms
Dec 24 11:48:01 burnside uvmconsole: [3321396.740s][info][gc] GC(382835) Pause Young (Normal) (G1 Evacuation Pause) 60M->50M(75M) 10.623ms
Dec 24 11:48:05 burnside uvmconsole: [3321399.953s][info][gc] GC(382836) Pause Young (Normal) (G1 Evacuation Pause) 60M->50M(75M) 9.774ms
Dec 24 11:48:12 burnside uvmconsole: [3321407.626s][info][gc] GC(382837) Pause Young (Normal) (G1 Evacuation Pause) 61M->51M(75M) 9.679ms
Dec 24 11:48:17 burnside uvmconsole: [3321412.098s][info][gc] GC(382838) Pause Young (Normal) (G1 Evacuation Pause) 61M->51M(75M) 10.350ms
Dec 24 11:48:23 burnside uvmconsole: [3321418.007s][info][gc] GC(382839) Pause Young (Normal) (G1 Evacuation Pause) 62M->51M(75M) 20.025ms
Dec 24 11:48:33 burnside uvmconsole: [3321428.403s][info][gc] GC(382840) Pause Young (Normal) (G1 Evacuation Pause) 61M->51M(75M) 11.126ms
Dec 24 11:48:39 burnside uvmconsole: [3321433.937s][info][gc] GC(382841) Pause Young (Normal) (G1 Evacuation Pause) 61M->51M(75M) 9.193ms
Dec 24 11:48:49 burnside uvmconsole: [3321444.168s][info][gc] GC(382842) Pause Young (Normal) (G1 Evacuation Pause) 61M->51M(75M) 8.873ms
Dec 24 11:48:58 burnside uvmconsole: [3321452.785s][info][gc] GC(382843) Pause Young (Normal) (G1 Evacuation Pause) 61M->51M(75M) 9.086ms
Dec 24 11:49:02 burnside uvmconsole: [3321456.951s][info][gc] GC(382844) Pause Young (Normal) (G1 Evacuation Pause) 60M->51M(75M) 11.564ms
Dec 24 11:49:04 burnside uvmconsole: [3321459.213s][info][gc] GC(382845) Pause Young (Normal) (G1 Evacuation Pause) 60M->52M(75M) 12.336ms
Dec 24 11:49:11 burnside uvmconsole: [3321465.792s][info][gc] GC(382846) Pause Young (Normal) (G1 Evacuation Pause) 61M->51M(75M) 14.466ms
Dec 24 11:49:15 burnside uvmconsole: [3321470.128s][info][gc] GC(382847) Pause Young (Normal) (G1 Evacuation Pause) 61M->52M(75M) 9.445ms
Dec 24 11:49:18 burnside uvmconsole: [3321472.977s][info][gc] GC(382848) Pause Young (Normal) (G1 Evacuation Pause) 61M->52M(75M) 10.186ms
Dec 24 11:49:25 burnside uvmconsole: [3321480.010s][info][gc] GC(382849) Pause Young (Normal) (G1 Evacuation Pause) 61M->52M(75M) 10.304ms
Dec 24 11:49:31 burnside uvmconsole: [3321486.196s][info][gc] GC(382850) Pause Young (Normal) (G1 Evacuation Pause) 61M->52M(75M) 10.010ms
Dec 24 11:49:38 burnside uvmconsole: [3321493.150s][info][gc] GC(382851) Pause Young (Normal) (G1 Evacuation Pause) 61M->52M(75M) 10.687ms
Dec 24 11:49:46 burnside uvmconsole: [3321501.107s][info][gc] GC(382852) Pause Young (Normal) (G1 Evacuation Pause) 61M->52M(75M) 9.156ms
Dec 24 11:49:55 burnside uvmconsole: [3321510.666s][info][gc] GC(382853) Pause Young (Normal) (G1 Evacuation Pause) 61M->52M(75M) 8.601ms
Dec 24 11:50:00 burnside uvmconsole: [3321515.707s][info][gc] GC(382854) Pause Young (Normal) (G1 Evacuation Pause) 61M->52M(75M) 10.499ms
Dec 24 11:50:06 burnside uvmconsole: [3321521.548s][info][gc] GC(382855) Pause Young (Normal) (G1 Evacuation Pause) 60M->52M(75M) 9.988ms
Dec 24 11:50:10 burnside uvmconsole: [3321525.170s][info][gc] GC(382856) Pause Young (Normal) (G1 Evacuation Pause) 61M->52M(75M) 8.546ms
Dec 24 11:50:18 burnside uvmconsole: [3321532.876s][info][gc] GC(382857) Pause Young (Normal) (G1 Evacuation Pause) 60M->52M(75M) 8.444ms
Dec 24 11:50:26 burnside uvmconsole: [3321541.225s][info][gc] GC(382858) Pause Young (Normal) (G1 Evacuation Pause) 60M->52M(75M) 10.412ms
Dec 24 11:50:28 burnside uvmconsole: [3321543.213s][info][gc] GC(382859) Pause Young (Normal) (G1 Evacuation Pause) 60M->52M(75M) 9.372ms
Dec 24 11:50:38 burnside uvmconsole: [3321552.957s][info][gc] GC(382860) Pause Young (Normal) (G1 Evacuation Pause) 60M->52M(75M) 8.874ms
Dec 24 11:50:43 burnside uvmconsole: [3321558.657s][info][gc] GC(382861) Pause Young (Normal) (G1 Evacuation Pause) 60M->52M(75M) 8.834ms
Dec 24 11:50:49 burnside uvmconsole: [3321564.588s][info][gc] GC(382862) Pause Young (Normal) (G1 Evacuation Pause) 60M->53M(75M) 9.244ms
Dec 24 11:50:56 burnside uvmconsole: [3321571.739s][info][gc] GC(382863) Pause Young (Normal) (G1 Evacuation Pause) 60M->53M(75M) 9.577ms
Dec 24 11:51:00 burnside uvmconsole: [3321575.038s][info][gc] GC(382864) Pause Young (Normal) (G1 Evacuation Pause) 61M->53M(75M) 9.766ms
Dec 24 11:51:07 burnside uvmconsole: [3321582.004s][info][gc] GC(382865) Pause Young (Normal) (G1 Evacuation Pause) 60M->53M(75M) 10.138ms
Dec 24 11:51:08 burnside uvmconsole: [3321583.668s][info][gc] GC(382866) Pause Young (Normal) (G1 Evacuation Pause) 61M->53M(75M) 9.633ms
Dec 24 11:51:14 burnside uvmconsole: [3321588.766s][info][gc] GC(382867) Pause Young (Normal) (G1 Evacuation Pause) 60M->53M(75M) 9.147ms
Dec 24 11:51:20 burnside uvmconsole: [3321595.717s][info][gc] GC(382868) Pause Young (Normal) (G1 Evacuation Pause) 61M->53M(75M) 7.852ms
Dec 24 11:51:29 burnside uvmconsole: [3321604.687s][info][gc] GC(382869) Pause Young (Normal) (G1 Evacuation Pause) 61M->53M(75M) 8.433ms
Dec 24 11:51:40 burnside uvmconsole: [3321614.863s][info][gc] GC(382870) Pause Young (Normal) (G1 Evacuation Pause) 61M->53M(75M) 8.739ms
Dec 24 11:51:47 burnside uvmconsole: [3321621.881s][info][gc] GC(382871) Pause Young (Normal) (G1 Evacuation Pause) 61M->53M(75M) 9.716ms
Dec 24 11:51:51 burnside uvmconsole: [3321626.014s][info][gc] GC(382872) Pause Full (System.gc()) 60M->49M(75M) 334.833ms
Dec 24 11:51:57 burnside uvmconsole: [3321632.425s][info][gc] GC(382873) Pause Young (Normal) (G1 Evacuation Pause) 59M->49M(75M) 6.803ms
Dec 24 11:52:00 burnside uvmconsole: [3321635.368s][info][gc] GC(382874) Pause Young (Normal) (G1 Evacuation Pause) 59M->50M(75M) 8.106ms
Dec 24 11:52:07 burnside uvmconsole: [3321642.032s][info][gc] GC(382875) Pause Young (Normal) (G1 Evacuation Pause) 60M->50M(75M) 7.277ms
Dec 24 11:52:14 burnside uvmconsole: [3321648.817s][info][gc] GC(382876) Pause Young (Normal) (G1 Evacuation Pause) 60M->50M(75M) 8.971ms
Dec 24 11:52:17 burnside uvmconsole: [3321652.137s][info][gc] GC(382877) Pause Young (Normal) (G1 Evacuation Pause) 60M->50M(75M) 8.409ms
Dec 24 11:52:25 burnside uvmconsole: [3321660.726s][info][gc] GC(382878) Pause Young (Normal) (G1 Evacuation Pause) 61M->50M(75M) 8.712ms
Dec 24 11:52:37 burnside uvmconsole: [3321672.536s][info][gc] GC(382879) Pause Young (Normal) (G1 Evacuation Pause) 61M->50M(75M) 10.896ms
Dec 24 11:52:40 burnside uvmconsole: [3321675.701s][info][gc] GC(382880) Pause Young (Normal) (G1 Evacuation Pause) 60M->51M(75M) 11.158ms
Dec 24 11:52:45 burnside uvmconsole: [3321680.231s][info][gc] GC(382881) Pause Young (Normal) (G1 Evacuation Pause) 61M->51M(75M) 10.913ms
Dec 24 11:52:51 burnside uvmconsole: [3321686.263s][info][gc] GC(382882) Pause Young (Normal) (G1 Evacuation Pause) 61M->51M(75M) 10.605ms
Dec 24 11:52:56 burnside uvmconsole: [3321691.091s][info][gc] GC(382883) Pause Young (Normal) (G1 Evacuation Pause) 61M->51M(75M) 10.838ms
Dec 24 11:53:00 burnside uvmconsole: [3321694.805s][info][gc] GC(382884) Pause Young (Normal) (G1 Evacuation Pause) 61M->51M(75M) 12.808ms
Dec 24 11:53:03 burnside uvmconsole: [3321697.857s][info][gc] GC(382885) Pause Young (Normal) (G1 Evacuation Pause) 61M->52M(75M) 13.250ms
Dec 24 11:53:07 burnside uvmconsole: [3321702.388s][info][gc] GC(382886) Pause Young (Normal) (G1 Evacuation Pause) 61M->51M(75M) 9.618ms
Dec 24 11:53:21 burnside uvmconsole: [3321716.072s][info][gc] GC(382887) Pause Young (Normal) (G1 Evacuation Pause) 61M->52M(75M) 9.590ms
Dec 24 11:53:25 burnside uvmconsole: [3321720.236s][info][gc] GC(382888) Pause Young (Normal) (G1 Evacuation Pause) 62M->52M(75M) 9.201ms
Dec 24 11:53:38 burnside uvmconsole: [3321733.385s][info][gc] GC(382889) Pause Young (Normal) (G1 Evacuation Pause) 62M->52M(75M) 10.409ms
Dec 24 11:53:51 burnside uvmconsole: [3321746.530s][info][gc] GC(382890) Pause Young (Normal) (G1 Evacuation Pause) 62M->52M(75M) 9.321ms
Dec 24 11:53:59 burnside uvmconsole: [3321754.193s][info][gc] GC(382891) Pause Young (Normal) (G1 Evacuation Pause) 61M->52M(75M) 9.407ms
Dec 24 11:54:04 burnside uvmconsole: [3321759.753s][info][gc] GC(382892) Pause Young (Normal) (G1 Evacuation Pause) 61M->52M(75M) 11.111ms
Dec 24 11:54:10 burnside uvmconsole: [3321765.100s][info][gc] GC(382893) Pause Young (Normal) (G1 Evacuation Pause) 60M->52M(75M) 9.965ms
Dec 24 11:54:18 burnside uvmconsole: 12-24 11:54:18.700444| ERROR:./libnetcap/src/netcap_tcp.c:390:WARNING: TCP: Could not find session for accepted connection :: (192.168.1.148:51170) -> (13.251.227.8:443  )
Dec 24 11:54:20 burnside uvmconsole: [3321775.558s][info][gc] GC(382894) Pause Young (Normal) (G1 Evacuation Pause) 61M->52M(75M) 8.231ms
Dec 24 11:54:33 burnside uvmconsole: [3321787.979s][info][gc] GC(382895) Pause Young (Normal) (G1 Evacuation Pause) 61M->52M(75M) 8.663ms
Dec 24 11:54:41 burnside uvmconsole: [3321796.022s][info][gc] GC(382896) Pause Young (Normal) (G1 Evacuation Pause) 61M->52M(75M) 8.606ms
Dec 24 11:54:49 burnside uvmconsole: [3321804.197s][info][gc] GC(382897) Pause Young (Normal) (G1 Evacuation Pause) 61M->52M(75M) 10.068ms
Dec 24 11:54:56 burnside uvmconsole: [3321811.284s][info][gc] GC(382898) Pause Young (Normal) (G1 Evacuation Pause) 61M->52M(75M) 19.090ms
Dec 24 11:54:59 burnside uvmconsole: [3321814.194s][info][gc] GC(382899) Pause Young (Normal) (G1 Evacuation Pause) 60M->52M(75M) 10.127ms
Dec 24 11:55:05 burnside uvmconsole: [3321820.014s][info][gc] GC(382900) Pause Young (Normal) (G1 Evacuation Pause) 60M->53M(75M) 10.753ms
Dec 24 11:55:06 burnside uvmconsole: [3321821.636s][info][gc] GC(382901) Pause Young (Normal) (G1 Evacuation Pause) 61M->53M(75M) 9.518ms
Dec 24 11:55:09 burnside uvmconsole: [3321824.083s][info][gc] GC(382902) Pause Young (Normal) (G1 Evacuation Pause) 61M->53M(75M) 9.902ms
Dec 24 11:55:11 burnside uvmconsole: [3321826.177s][info][gc] GC(382903) Pause Young (Normal) (G1 Evacuation Pause) 61M->53M(75M) 10.467ms
Dec 24 11:55:17 burnside uvmconsole: [3321832.430s][info][gc] GC(382904) Pause Young (Normal) (G1 Evacuation Pause) 61M->53M(75M) 16.805ms
Dec 24 11:55:23 burnside uvmconsole: [3321837.796s][info][gc] GC(382905) Pause Young (Normal) (G1 Evacuation Pause) 61M->53M(75M) 13.009ms
Dec 24 11:55:26 burnside uvmconsole: [3321841.501s][info][gc] GC(382906) Pause Young (Normal) (G1 Evacuation Pause) 61M->53M(75M) 9.039ms
Dec 24 11:55:37 burnside uvmconsole: [3321852.061s][info][gc] GC(382907) Pause Young (Normal) (G1 Evacuation Pause) 61M->53M(75M) 9.533ms
Dec 24 11:55:42 burnside uvmconsole: [3321857.458s][info][gc] GC(382908) Pause Young (Normal) (G1 Evacuation Pause) 61M->53M(75M) 8.895ms
Dec 24 11:55:45 burnside uvmconsole: [3321860.006s][info][gc] GC(382909) Pause Young (Normal) (G1 Evacuation Pause) 61M->53M(75M) 10.161ms
Dec 24 11:55:47 burnside uvmconsole: [3321861.822s][info][gc] GC(382910) Pause Young (Normal) (G1 Evacuation Pause) 60M->53M(75M) 11.334ms
Dec 24 11:55:51 burnside uvmconsole: [3321866.486s][info][gc] GC(382911) Pause Young (Normal) (G1 Evacuation Pause) 60M->53M(75M) 9.354ms
Dec 24 11:55:56 burnside uvmconsole: [3321871.176s][info][gc] GC(382912) Pause Young (Normal) (G1 Evacuation Pause) 61M->53M(75M) 10.135ms
Dec 24 11:55:59 burnside uvmconsole: [3321874.191s][info][gc] GC(382913) Pause Young (Normal) (G1 Evacuation Pause) 61M->53M(75M) 9.338ms
Dec 24 11:56:02 burnside uvmconsole: [3321877.256s][info][gc] GC(382914) Pause Young (Normal) (G1 Evacuation Pause) 60M->54M(75M) 11.537ms
Dec 24 11:56:08 burnside uvmconsole: [3321882.908s][info][gc] GC(382915) Pause Young (Normal) (G1 Evacuation Pause) 61M->54M(75M) 10.970ms
Dec 24 11:56:09 burnside uvmconsole: [3321884.021s][info][gc] GC(382916) Pause Young (Normal) (G1 Evacuation Pause) 61M->54M(75M) 10.348ms
Dec 24 11:56:11 burnside uvmconsole: [3321886.611s][info][gc] GC(382917) Pause Young (Normal) (G1 Evacuation Pause) 61M->54M(75M) 14.300ms
Dec 24 11:56:16 burnside uvmconsole: [3321890.775s][info][gc] GC(382918) Pause Young (Normal) (G1 Evacuation Pause) 62M->54M(75M) 10.652ms
Dec 24 11:56:20 burnside uvmconsole: [3321895.535s][info][gc] GC(382919) Pause Young (Normal) (G1 Evacuation Pause) 62M->54M(75M) 10.232ms
Dec 24 11:56:22 burnside uvmconsole: [3321897.287s][info][gc] GC(382920) Pause Young (Normal) (G1 Evacuation Pause) 61M->54M(75M) 12.370ms
Dec 24 11:56:23 burnside uvmconsole: [3321898.314s][info][gc] GC(382921) Pause Young (Normal) (G1 Evacuation Pause) 61M->54M(75M) 10.471ms
Dec 24 11:56:24 burnside uvmconsole: [3321899.167s][info][gc] GC(382922) Pause Young (Normal) (G1 Evacuation Pause) 61M->54M(75M) 10.987ms
Dec 24 11:56:26 burnside uvmconsole: [3321900.982s][info][gc] GC(382923) Pause Young (Normal) (G1 Evacuation Pause) 60M->54M(75M) 10.519ms
Dec 24 11:56:30 burnside uvmconsole: [3321905.262s][info][gc] GC(382924) Pause Young (Normal) (G1 Evacuation Pause) 61M->55M(75M) 9.121ms
Dec 24 11:56:32 burnside uvmconsole: [3321907.179s][info][gc] GC(382925) Pause Young (Normal) (G1 Evacuation Pause) 62M->55M(75M) 9.803ms
Dec 24 11:56:37 burnside uvmconsole: [3321912.706s][info][gc] GC(382926) Pause Young (Normal) (G1 Evacuation Pause) 62M->55M(75M) 8.606ms
Dec 24 11:56:41 burnside uvmconsole: [3321916.160s][info][gc] GC(382927) Pause Young (Normal) (G1 Evacuation Pause) 62M->55M(75M) 12.926ms
Dec 24 11:56:43 burnside uvmconsole: [3321918.421s][info][gc] GC(382928) Pause Young (Normal) (G1 Evacuation Pause) 62M->55M(75M) 13.505ms
Dec 24 11:56:45 burnside uvmconsole: [3321920.157s][info][gc] GC(382929) Pause Young (Normal) (G1 Evacuation Pause) 62M->55M(75M) 7.925ms
Dec 24 11:56:46 burnside uvmconsole: [3321921.316s][info][gc] GC(382930) Pause Young (Normal) (G1 Evacuation Pause) 62M->55M(75M) 9.008ms
Dec 24 11:56:47 burnside uvmconsole: [3321922.268s][info][gc] GC(382931) Pause Young (Normal) (G1 Evacuation Pause) 62M->55M(75M) 9.745ms
Dec 24 11:56:50 burnside uvmconsole: [3321925.577s][info][gc] GC(382932) Pause Young (Normal) (G1 Evacuation Pause) 62M->55M(75M) 8.850ms
Dec 24 11:56:51 burnside uvmconsole: [3321926.019s][info][gc] GC(382933) Pause Full (System.gc()) 55M->50M(75M) 338.474ms
Dec 24 11:56:55 burnside uvmconsole: [3321930.262s][info][gc] GC(382934) Pause Young (Normal) (G1 Evacuation Pause) 59M->50M(75M) 7.223ms
Dec 24 11:57:02 burnside uvmconsole: [3321936.863s][info][gc] GC(382935) Pause Young (Normal) (G1 Evacuation Pause) 59M->51M(75M) 9.226ms
Dec 24 11:57:02 burnside uvmconsole: [3321937.091s][info][gc] GC(382936) Pause Young (Normal) (G1 Evacuation Pause) 60M->51M(75M) 10.203ms
Dec 24 11:57:08 burnside uvmconsole: [3321943.060s][info][gc] GC(382937) Pause Young (Normal) (G1 Evacuation Pause) 60M->51M(75M) 9.142ms
Dec 24 11:57:13 burnside uvmconsole: [3321947.943s][info][gc] GC(382938) Pause Young (Normal) (G1 Evacuation Pause) 60M->51M(75M) 8.569ms
Dec 24 11:57:20 burnside uvmconsole: [3321955.017s][info][gc] GC(382939) Pause Young (Normal) (G1 Evacuation Pause) 60M->51M(75M) 8.783ms
Dec 24 11:57:26 burnside uvmconsole: [3321961.333s][info][gc] GC(382940) Pause Young (Normal) (G1 Evacuation Pause) 60M->51M(75M) 11.803ms
Dec 24 11:57:28 burnside uvmconsole: [3321963.541s][info][gc] GC(382941) Pause Young (Normal) (G1 Evacuation Pause) 60M->51M(75M) 9.795ms
Dec 24 11:57:33 burnside uvmconsole: [3321967.893s][info][gc] GC(382942) Pause Young (Normal) (G1 Evacuation Pause) 60M->51M(75M) 10.445ms
Dec 24 11:57:35 burnside uvmconsole: [3321970.018s][info][gc] GC(382943) Pause Young (Normal) (G1 Evacuation Pause) 59M->51M(75M) 12.196ms
Dec 24 11:57:37 burnside uvmconsole: [3321972.154s][info][gc] GC(382944) Pause Young (Normal) (G1 Evacuation Pause) 59M->51M(75M) 10.534ms
Dec 24 11:57:39 burnside uvmconsole: [3321974.131s][info][gc] GC(382945) Pause Young (Normal) (G1 Evacuation Pause) 59M->52M(75M) 11.207ms
Dec 24 11:57:41 burnside uvmconsole: [3321976.592s][info][gc] GC(382946) Pause Young (Normal) (G1 Evacuation Pause) 60M->52M(75M) 11.887ms
Dec 24 11:57:44 burnside uvmconsole: [3321978.832s][info][gc] GC(382947) Pause Young (Normal) (G1 Evacuation Pause) 60M->52M(75M) 12.336ms
Dec 24 11:57:45 burnside uvmconsole: [3321980.619s][info][gc] GC(382948) Pause Young (Normal) (G1 Evacuation Pause) 60M->52M(75M) 11.383ms
Dec 24 11:57:48 burnside uvmconsole: [3321983.297s][info][gc] GC(382949) Pause Young (Normal) (G1 Evacuation Pause) 61M->52M(75M) 11.289ms
Dec 24 11:57:54 burnside uvmconsole: [3321989.540s][info][gc] GC(382950) Pause Young (Normal) (G1 Evacuation Pause) 60M->52M(75M) 11.143ms
Dec 24 11:57:58 burnside uvmconsole: [3321993.508s][info][gc] GC(382951) Pause Young (Normal) (G1 Evacuation Pause) 60M->52M(75M) 10.323ms
Dec 24 11:58:05 burnside uvmconsole: [3322000.060s][info][gc] GC(382952) Pause Young (Normal) (G1 Evacuation Pause) 61M->52M(75M) 11.467ms
Dec 24 11:58:06 burnside uvmconsole: [3322000.979s][info][gc] GC(382953) Pause Young (Normal) (G1 Evacuation Pause) 60M->52M(75M) 9.907ms
Dec 24 11:58:13 burnside uvmconsole: [3322007.885s][info][gc] GC(382954) Pause Young (Normal) (G1 Evacuation Pause) 60M->52M(75M) 9.300ms
Dec 24 11:58:21 burnside uvmconsole: [3322016.652s][info][gc] GC(382955) Pause Young (Normal) (G1 Evacuation Pause) 60M->52M(75M) 9.413ms
Dec 24 11:58:26 burnside uvmconsole: [3322021.258s][info][gc] GC(382956) Pause Young (Normal) (G1 Evacuation Pause) 60M->52M(75M) 9.940ms
Dec 24 11:58:32 burnside uvmconsole: [3322027.360s][info][gc] GC(382957) Pause Young (Normal) (G1 Evacuation Pause) 59M->52M(75M) 9.290ms
Dec 24 11:58:41 burnside uvmconsole: [3322036.167s][info][gc] GC(382958) Pause Young (Normal) (G1 Evacuation Pause) 60M->53M(75M) 9.846ms
Dec 24 11:58:49 burnside uvmconsole: [3322044.649s][info][gc] GC(382959) Pause Young (Normal) (G1 Evacuation Pause) 60M->53M(75M) 9.458ms
Dec 24 11:58:53 burnside uvmconsole: [3322048.659s][info][gc] GC(382960) Pause Young (Normal) (G1 Evacuation Pause) 60M->53M(75M) 10.225ms
Dec 24 11:58:57 burnside uvmconsole: [3322052.033s][info][gc] GC(382961) Pause Young (Normal) (G1 Evacuation Pause) 60M->53M(75M) 14.388ms
Dec 24 11:58:59 burnside uvmconsole: [3322054.608s][info][gc] GC(382962) Pause Young (Normal) (G1 Evacuation Pause) 60M->53M(75M) 9.613ms
Dec 24 11:59:06 burnside uvmconsole: [3322061.079s][info][gc] GC(382963) Pause Young (Normal) (G1 Evacuation Pause) 61M->53M(75M) 11.384ms
Dec 24 11:59:07 burnside uvmconsole: [3322062.329s][info][gc] GC(382964) Pause Young (Normal) (G1 Evacuation Pause) 60M->53M(75M) 9.799ms
Dec 24 11:59:12 burnside uvmconsole: [3322067.134s][info][gc] GC(382965) Pause Young (Normal) (G1 Evacuation Pause) 60M->53M(75M) 8.749ms
Dec 24 11:59:22 burnside uvmconsole: [3322077.105s][info][gc] GC(382966) Pause Young (Normal) (G1 Evacuation Pause) 61M->53M(75M) 7.704ms
Dec 24 11:59:28 burnside uvmconsole: [3322083.534s][info][gc] GC(382967) Pause Young (Normal) (G1 Evacuation Pause) 61M->53M(75M) 8.286ms
Dec 24 11:59:39 burnside uvmconsole: [3322094.272s][info][gc] GC(382968) Pause Young (Normal) (G1 Evacuation Pause) 61M->53M(75M) 11.912ms
Dec 24 11:59:43 burnside uvmconsole: [3322097.991s][info][gc] GC(382969) Pause Young (Normal) (G1 Evacuation Pause) 61M->53M(75M) 8.532ms
Dec 24 11:59:48 burnside uvmconsole: [3322103.082s][info][gc] GC(382970) Pause Young (Normal) (G1 Evacuation Pause) 61M->53M(75M) 8.626ms
Dec 24 11:59:53 burnside uvmconsole: [3322107.784s][info][gc] GC(382971) Pause Young (Normal) (G1 Evacuation Pause) 60M->53M(75M) 8.903ms
Dec 24 11:59:54 burnside uvmconsole: [3322109.248s][info][gc] GC(382972) Pause Young (Normal) (G1 Evacuation Pause) 60M->53M(75M) 7.197ms
Dec 24 11:59:59 burnside uvmconsole: [3322113.916s][info][gc] GC(382973) Pause Young (Normal) (G1 Evacuation Pause) 60M->53M(75M) 7.537ms
Dec 24 12:00:01 burnside uvmconsole: [3322115.796s][info][gc] GC(382974) Pause Young (Normal) (G1 Evacuation Pause) 60M->53M(75M) 8.356ms
Dec 24 12:00:04 burnside uvmconsole: [3322119.066s][info][gc] GC(382975) Pause Young (Normal) (G1 Evacuation Pause) 60M->53M(75M) 8.082ms
Dec 24 12:00:08 burnside uvmconsole: [3322123.113s][info][gc] GC(382976) Pause Young (Normal) (G1 Evacuation Pause) 60M->53M(75M) 7.264ms
Dec 24 12:00:09 burnside uvmconsole: [3322124.364s][info][gc] GC(382977) Pause Young (Normal) (G1 Evacuation Pause) 60M->53M(75M) 8.153ms
Dec 24 12:00:14 burnside uvmconsole: [3322128.938s][info][gc] GC(382978) Pause Young (Normal) (G1 Evacuation Pause) 60M->53M(75M) 10.870ms
Dec 24 12:00:18 burnside uvmconsole: [3322133.008s][info][gc] GC(382979) Pause Young (Normal) (G1 Evacuation Pause) 60M->53M(75M) 7.996ms
Dec 24 12:00:20 burnside uvmconsole: [3322135.129s][info][gc] GC(382980) Pause Young (Normal) (G1 Evacuation Pause) 60M->53M(75M) 7.384ms
Dec 24 12:00:23 burnside uvmconsole: [3322138.653s][info][gc] GC(382981) Pause Young (Normal) (G1 Evacuation Pause) 60M->53M(75M) 7.018ms
Dec 24 12:00:26 burnside uvmconsole: [3322141.209s][info][gc] GC(382982) Pause Young (Normal) (G1 Evacuation Pause) 60M->53M(75M) 7.727ms
Dec 24 12:00:29 burnside uvmconsole: [3322144.495s][info][gc] GC(382983) Pause Young (Normal) (G1 Evacuation Pause) 60M->53M(75M) 8.445ms
Dec 24 12:00:33 burnside uvmconsole: [3322148.597s][info][gc] GC(382984) Pause Young (Normal) (G1 Evacuation Pause) 60M->54M(75M) 7.506ms
Dec 24 12:00:39 burnside uvmconsole: [3322154.655s][info][gc] GC(382985) Pause Young (Normal) (G1 Evacuation Pause) 61M->53M(75M) 7.488ms
Dec 24 12:00:41 burnside uvmconsole: [3322156.475s][info][gc] GC(382986) Pause Young (Normal) (G1 Evacuation Pause) 60M->54M(75M) 8.715ms
Dec 24 12:00:43 burnside uvmconsole: [3322158.657s][info][gc] GC(382987) Pause Young (Normal) (G1 Evacuation Pause) 61M->54M(75M) 9.134ms
Dec 24 12:00:49 burnside uvmconsole: [3322163.865s][info][gc] GC(382988) Pause Young (Normal) (G1 Evacuation Pause) 60M->54M(75M) 8.617ms
Dec 24 12:00:50 burnside uvmconsole: [3322165.074s][info][gc] GC(382989) Pause Young (Normal) (G1 Evacuation Pause) 60M->54M(75M) 7.203ms
Dec 24 12:00:53 burnside uvmconsole: [3322168.653s][info][gc] GC(382990) Pause Young (Normal) (G1 Evacuation Pause) 60M->54M(75M) 7.645ms
Dec 24 12:00:58 burnside uvmconsole: [3322173.478s][info][gc] GC(382991) Pause Young (Normal) (G1 Evacuation Pause) 60M->54M(75M) 7.454ms
Dec 24 12:01:01 burnside uvmconsole: [3322176.581s][info][gc] GC(382992) Pause Young (Normal) (G1 Evacuation Pause) 60M->55M(75M) 9.791ms
Dec 24 12:01:01 burnside uvmconsole: [3322176.637s][info][gc] GC(382993) Pause Young (Normal) (G1 Evacuation Pause) 61M->55M(75M) 9.436ms
Dec 24 12:01:02 burnside uvmconsole: [3322177.541s][info][gc] GC(382994) Pause Young (Normal) (G1 Evacuation Pause) 60M->54M(75M) 7.236ms
Dec 24 12:01:05 burnside uvmconsole: [3322180.500s][info][gc] GC(382995) Pause Young (Concurrent Start) (G1 Evacuation Pause) 59M->55M(75M) 8.797ms
Dec 24 12:01:05 burnside uvmconsole: [3322180.500s][info][gc] GC(382996) Concurrent Cycle
Dec 24 12:01:06 burnside uvmconsole: [3322180.935s][info][gc] GC(382996) Pause Remark 58M->58M(75M) 43.325ms
Dec 24 12:01:06 burnside uvmconsole: [3322181.141s][info][gc] GC(382996) Pause Cleanup 58M->58M(75M) 0.495ms
Dec 24 12:01:06 burnside uvmconsole: [3322181.143s][info][gc] GC(382996) Concurrent Cycle 642.999ms
Dec 24 12:01:08 burnside uvmconsole: [3322182.801s][info][gc] GC(382997) Pause Young (Prepare Mixed) (G1 Evacuation Pause) 60M->55M(75M) 10.392ms
Dec 24 12:01:09 burnside uvmconsole: [3322184.521s][info][gc] GC(382998) Pause Young (Mixed) (G1 Evacuation Pause) 57M->53M(75M) 9.103ms
Dec 24 12:01:13 burnside uvmconsole: [3322188.573s][info][gc] GC(382999) Pause Young (Normal) (G1 Evacuation Pause) 60M->53M(75M) 6.847ms
Dec 24 12:01:20 burnside uvmconsole: [3322195.249s][info][gc] GC(383000) Pause Young (Normal) (G1 Evacuation Pause) 61M->53M(75M) 7.446ms
Dec 24 12:01:24 burnside uvmconsole: [3322199.594s][info][gc] GC(383001) Pause Young (Normal) (G1 Evacuation Pause) 61M->53M(75M) 8.467ms
Dec 24 12:01:28 burnside uvmconsole: [3322203.121s][info][gc] GC(383002) Pause Young (Normal) (G1 Evacuation Pause) 61M->53M(75M) 7.840ms
Dec 24 12:01:33 burnside uvmconsole: [3322208.657s][info][gc] GC(383003) Pause Young (Normal) (G1 Evacuation Pause) 61M->53M(75M) 7.881ms
Dec 24 12:01:39 burnside uvmconsole: [3322214.363s][info][gc] GC(383004) Pause Young (Normal) (G1 Evacuation Pause) 61M->53M(75M) 10.125ms
Dec 24 12:01:43 burnside uvmconsole: [3322218.660s][info][gc] GC(383005) Pause Young (Normal) (G1 Evacuation Pause) 61M->53M(75M) 8.485ms
Dec 24 12:01:49 burnside uvmconsole: [3322224.676s][info][gc] GC(383006) Pause Young (Normal) (G1 Evacuation Pause) 61M->53M(75M) 8.187ms
Dec 24 12:01:51 burnside uvmconsole: [3322226.010s][info][gc] GC(383007) Pause Full (System.gc()) 55M->49M(75M) 331.211ms
Dec 24 12:01:55 burnside uvmconsole: [3322230.311s][info][gc] GC(383008) Pause Young (Normal) (G1 Evacuation Pause) 59M->49M(75M) 6.602ms
Dec 24 12:02:00 burnside uvmconsole: [3322235.044s][info][gc] GC(383009) Pause Young (Normal) (G1 Evacuation Pause) 59M->50M(75M) 8.844ms
Dec 24 12:02:04 burnside uvmconsole: [3322238.967s][info][gc] GC(383010) Pause Young (Normal) (G1 Evacuation Pause) 60M->50M(75M) 8.252ms
Dec 24 12:02:10 burnside uvmconsole: [3322244.890s][info][gc] GC(383011) Pause Young (Normal) (G1 Evacuation Pause) 60M->50M(75M) 8.604ms
Dec 24 12:02:18 burnside uvmconsole: [3322253.018s][info][gc] GC(383012) Pause Young (Normal) (G1 Evacuation Pause) 60M->50M(75M) 8.320ms
Dec 24 12:02:26 burnside uvmconsole: [3322261.474s][info][gc] GC(383013) Pause Young (Normal) (G1 Evacuation Pause) 61M->50M(75M) 7.918ms
Dec 24 12:02:34 burnside uvmconsole: [3322268.917s][info][gc] GC(383014) Pause Young (Normal) (G1 Evacuation Pause) 61M->50M(75M) 9.542ms
Dec 24 12:02:37 burnside uvmconsole: [3322272.192s][info][gc] GC(383015) Pause Young (Normal) (G1 Evacuation Pause) 61M->50M(75M) 8.672ms
Dec 24 12:02:44 burnside uvmconsole: [3322279.471s][info][gc] GC(383016) Pause Young (Normal) (G1 Evacuation Pause) 61M->50M(75M) 9.126ms
Dec 24 12:02:49 burnside uvmconsole: [3322284.669s][info][gc] GC(383017) Pause Young (Normal) (G1 Evacuation Pause) 61M->50M(75M) 9.256ms
Dec 24 12:02:54 burnside uvmconsole: [3322289.689s][info][gc] GC(383018) Pause Young (Normal) (G1 Evacuation Pause) 61M->50M(75M) 9.703ms
Dec 24 12:02:59 burnside uvmconsole: [3322294.193s][info][gc] GC(383019) Pause Young (Normal) (G1 Evacuation Pause) 61M->50M(75M) 8.753ms
Dec 24 12:03:06 burnside uvmconsole: [3322301.567s][info][gc] GC(383020) Pause Young (Normal) (G1 Evacuation Pause) 60M->50M(75M) 10.974ms
Dec 24 12:03:08 burnside uvmconsole: [3322303.351s][info][gc] GC(383021) Pause Young (Normal) (G1 Evacuation Pause) 60M->50M(75M) 10.133ms
Dec 24 12:03:17 burnside uvmconsole: [3322312.685s][info][gc] GC(383022) Pause Young (Normal) (G1 Evacuation Pause) 61M->51M(75M) 10.528ms
Dec 24 12:03:24 burnside uvmconsole: [3322319.036s][info][gc] GC(383023) Pause Young (Normal) (G1 Evacuation Pause) 61M->51M(75M) 9.644ms
Dec 24 12:03:33 burnside uvmconsole: [3322328.643s][info][gc] GC(383024) Pause Young (Normal) (G1 Evacuation Pause) 61M->51M(75M) 10.249ms
Dec 24 12:03:48 burnside uvmconsole: [3322343.544s][info][gc] GC(383025) Pause Young (Normal) (G1 Evacuation Pause) 61M->51M(75M) 9.108ms
Dec 24 12:03:58 burnside uvmconsole: [3322353.687s][info][gc] GC(383026) Pause Young (Normal) (G1 Evacuation Pause) 61M->51M(75M) 13.345ms
Dec 24 12:04:06 burnside uvmconsole: [3322361.439s][info][gc] GC(383027) Pause Young (Normal) (G1 Evacuation Pause) 61M->51M(75M) 11.410ms
Dec 24 12:04:09 burnside uvmconsole: [3322363.918s][info][gc] GC(383028) Pause Young (Normal) (G1 Evacuation Pause) 61M->51M(75M) 8.904ms
Dec 24 12:04:11 burnside uvmconsole: [3322366.152s][info][gc] GC(383029) Pause Young (Normal) (G1 Evacuation Pause) 61M->51M(75M) 8.120ms
Dec 24 12:04:21 burnside uvmconsole: [3322376.242s][info][gc] GC(383030) Pause Young (Normal) (G1 Evacuation Pause) 61M->51M(75M) 8.980ms
Dec 24 12:04:24 burnside uvmconsole: [3322379.081s][info][gc] GC(383031) Pause Young (Normal) (G1 Evacuation Pause) 61M->51M(75M) 12.894ms
Dec 24 12:04:27 burnside uvmconsole: [3322382.389s][info][gc] GC(383032) Pause Young (Normal) (G1 Evacuation Pause) 60M->51M(75M) 10.028ms
Dec 24 12:04:28 burnside uvmconsole: [3322383.723s][info][gc] GC(383033) Pause Young (Normal) (G1 Evacuation Pause) 60M->52M(75M) 10.954ms
Dec 24 12:04:30 burnside uvmconsole: [3322385.175s][info][gc] GC(383034) Pause Young (Normal) (G1 Evacuation Pause) 61M->52M(75M) 21.513ms
Dec 24 12:04:35 burnside uvmconsole: [3322389.870s][info][gc] GC(383035) Pause Young (Normal) (G1 Evacuation Pause) 61M->52M(75M) 10.173ms
Dec 24 12:04:41 burnside uvmconsole: [3322395.869s][info][gc] GC(383036) Pause Young (Normal) (G1 Evacuation Pause) 61M->52M(75M) 11.970ms
Dec 24 12:04:47 burnside uvmconsole: [3322401.900s][info][gc] GC(383037) Pause Young (Normal) (G1 Evacuation Pause) 61M->52M(75M) 7.994ms
Dec 24 12:04:54 burnside uvmconsole: [3322409.193s][info][gc] GC(383038) Pause Young (Normal) (G1 Evacuation Pause) 61M->52M(75M) 8.562ms
Dec 24 12:05:00 burnside uvmconsole: [3322414.813s][info][gc] GC(383039) Pause Young (Normal) (G1 Evacuation Pause) 61M->52M(75M) 13.182ms
Dec 24 12:05:01 burnside uvmconsole: [3322416.459s][info][gc] GC(383040) Pause Young (Normal) (G1 Evacuation Pause) 61M->53M(75M) 9.951ms
Dec 24 12:05:09 burnside uvmconsole: [3322424.536s][info][gc] GC(383041) Pause Young (Normal) (G1 Evacuation Pause) 61M->52M(75M) 8.651ms
Dec 24 12:05:13 burnside uvmconsole: [3322428.192s][info][gc] GC(383042) Pause Young (Normal) (G1 Evacuation Pause) 61M->52M(75M) 11.920ms
Dec 24 12:05:19 burnside uvmconsole: [3322434.629s][info][gc] GC(383043) Pause Young (Normal) (G1 Evacuation Pause) 61M->52M(75M) 9.957ms
Dec 24 12:05:23 burnside uvmconsole: [3322438.657s][info][gc] GC(383044) Pause Young (Normal) (G1 Evacuation Pause) 60M->52M(75M) 9.051ms
Dec 24 12:05:29 burnside uvmconsole: [3322444.721s][info][gc] GC(383045) Pause Young (Normal) (G1 Evacuation Pause) 60M->53M(75M) 9.110ms
Dec 24 12:05:33 burnside uvmconsole: [3322447.872s][info][gc] GC(383046) Pause Young (Normal) (G1 Evacuation Pause) 60M->53M(75M) 11.496ms
Dec 24 12:05:33 burnside uvmconsole: [3322448.370s][info][gc] GC(383047) Pause Young (Normal) (G1 Evacuation Pause) 61M->53M(75M) 19.067ms
Dec 24 12:05:36 burnside uvmconsole: [3322450.974s][info][gc] GC(383048) Pause Young (Normal) (G1 Evacuation Pause) 61M->53M(75M) 10.603ms
Dec 24 12:05:38 burnside uvmconsole: [3322453.136s][info][gc] GC(383049) Pause Young (Normal) (G1 Evacuation Pause) 61M->53M(75M) 10.130ms
Dec 24 12:05:45 burnside uvmconsole: [3322460.390s][info][gc] GC(383050) Pause Young (Normal) (G1 Evacuation Pause) 62M->53M(75M) 10.594ms
Dec 24 12:05:50 burnside uvmconsole: [3322465.145s][info][gc] GC(383051) Pause Young (Normal) (G1 Evacuation Pause) 62M->53M(75M) 10.184ms
Dec 24 12:05:54 burnside uvmconsole: [3322469.011s][info][gc] GC(383052) Pause Young (Normal) (G1 Evacuation Pause) 61M->54M(75M) 18.122ms
Dec 24 12:05:59 burnside uvmconsole: [3322473.851s][info][gc] GC(383053) Pause Young (Normal) (G1 Evacuation Pause) 61M->53M(75M) 11.006ms
Dec 24 12:06:01 burnside uvmconsole: [3322475.930s][info][gc] GC(383054) Pause Young (Normal) (G1 Evacuation Pause) 61M->54M(75M) 10.677ms
Dec 24 12:06:04 burnside uvmconsole: [3322479.479s][info][gc] GC(383055) Pause Young (Normal) (G1 Evacuation Pause) 61M->54M(75M) 9.362ms
Dec 24 12:06:05 burnside uvmconsole: [3322480.388s][info][gc] GC(383056) Pause Young (Normal) (G1 Evacuation Pause) 61M->54M(75M) 13.238ms
Dec 24 12:06:09 burnside uvmconsole: [3322484.198s][info][gc] GC(383057) Pause Young (Normal) (G1 Evacuation Pause) 62M->54M(75M) 9.334ms
Dec 24 12:06:13 burnside uvmconsole: [3322487.908s][info][gc] GC(383058) Pause Young (Normal) (G1 Evacuation Pause) 62M->54M(75M) 7.935ms
Dec 24 12:06:21 burnside uvmconsole: [3322496.462s][info][gc] GC(383059) Pause Young (Normal) (G1 Evacuation Pause) 62M->54M(75M) 7.986ms
Dec 24 12:06:24 burnside uvmconsole: [3322499.461s][info][gc] GC(383060) Pause Young (Normal) (G1 Evacuation Pause) 62M->54M(75M) 9.900ms
Dec 24 12:06:28 burnside uvmconsole: [3322503.215s][info][gc] GC(383061) Pause Young (Normal) (G1 Evacuation Pause) 62M->54M(75M) 8.453ms
Dec 24 12:06:36 burnside uvmconsole: [3322510.973s][info][gc] GC(383062) Pause Young (Normal) (G1 Evacuation Pause) 62M->54M(75M) 8.978ms
Dec 24 12:06:44 burnside uvmconsole: [3322519.330s][info][gc] GC(383063) Pause Young (Normal) (G1 Evacuation Pause) 62M->54M(75M) 10.350ms
Dec 24 12:06:51 burnside uvmconsole: [3322526.015s][info][gc] GC(383064) Pause Full (System.gc()) 61M->50M(75M) 335.194ms
Dec 24 12:06:59 burnside uvmconsole: [3322534.193s][info][gc] GC(383065) Pause Young (Normal) (G1 Evacuation Pause) 59M->50M(75M) 7.046ms
Dec 24 12:07:06 burnside uvmconsole: [3322541.537s][info][gc] GC(383066) Pause Young (Normal) (G1 Evacuation Pause) 59M->50M(75M) 9.912ms
Dec 24 12:07:07 burnside uvmconsole: [3322542.707s][info][gc] GC(383067) Pause Young (Normal) (G1 Evacuation Pause) 59M->50M(75M) 7.244ms
Dec 24 12:07:17 burnside uvmconsole: [3322551.813s][info][gc] GC(383068) Pause Young (Normal) (G1 Evacuation Pause) 60M->50M(75M) 8.583ms
Dec 24 12:07:21 burnside uvmconsole: [3322555.881s][info][gc] GC(383069) Pause Young (Normal) (G1 Evacuation Pause) 60M->50M(75M) 8.350ms
Dec 24 12:07:28 burnside uvmconsole: [3322563.547s][info][gc] GC(383070) Pause Young (Normal) (G1 Evacuation Pause) 60M->50M(75M) 9.488ms
Dec 24 12:07:36 burnside uvmconsole: [3322571.363s][info][gc] GC(383071) Pause Young (Normal) (G1 Evacuation Pause) 60M->51M(75M) 9.800ms
Dec 24 12:07:38 burnside uvmconsole: [3322573.385s][info][gc] GC(383072) Pause Young (Normal) (G1 Evacuation Pause) 61M->51M(75M) 13.209ms
Dec 24 12:07:46 burnside uvmconsole: [3322581.053s][info][gc] GC(383073) Pause Young (Normal) (G1 Evacuation Pause) 60M->51M(75M) 8.995ms
Dec 24 12:07:59 burnside uvmconsole: [3322593.972s][info][gc] GC(383074) Pause Young (Normal) (G1 Evacuation Pause) 60M->51M(75M) 9.853ms
Dec 24 12:08:04 burnside uvmconsole: [3322599.356s][info][gc] GC(383075) Pause Young (Normal) (G1 Evacuation Pause) 60M->51M(75M) 11.011ms
Dec 24 12:08:09 burnside uvmconsole: [3322604.068s][info][gc] GC(383076) Pause Young (Normal) (G1 Evacuation Pause) 59M->51M(75M) 10.859ms
Dec 24 12:08:14 burnside uvmconsole: [3322609.609s][info][gc] GC(383077) Pause Young (Normal) (G1 Evacuation Pause) 60M->51M(75M) 9.851ms
Dec 24 12:08:24 burnside uvmconsole: [3322618.887s][info][gc] GC(383078) Pause Young (Normal) (G1 Evacuation Pause) 60M->51M(75M) 8.899ms
Dec 24 12:08:32 burnside uvmconsole: [3322627.157s][info][gc] GC(383079) Pause Young (Normal) (G1 Evacuation Pause) 60M->51M(75M) 8.062ms
Dec 24 12:08:36 burnside uvmconsole: [3322631.087s][info][gc] GC(383080) Pause Young (Normal) (G1 Evacuation Pause) 60M->51M(75M) 8.616ms
Dec 24 12:08:46 burnside uvmconsole: [3322641.122s][info][gc] GC(383081) Pause Young (Normal) (G1 Evacuation Pause) 60M->51M(75M) 9.289ms
Dec 24 12:08:54 burnside uvmconsole: [3322648.886s][info][gc] GC(383082) Pause Young (Normal) (G1 Evacuation Pause) 60M->51M(75M) 9.219ms
Dec 24 12:08:56 burnside uvmconsole: [3322651.245s][info][gc] GC(383083) Pause Young (Normal) (G1 Evacuation Pause) 59M->51M(75M) 9.822ms
Dec 24 12:08:58 burnside uvmconsole: [3322653.624s][info][gc] GC(383084) Pause Young (Normal) (G1 Evacuation Pause) 59M->52M(75M) 12.193ms
Dec 24 12:09:01 burnside uvmconsole: [3322655.964s][info][gc] GC(383085) Pause Young (Normal) (G1 Evacuation Pause) 60M->52M(75M) 12.351ms
Dec 24 12:09:01 burnside uvmconsole: [3322656.044s][info][gc] GC(383086) Pause Young (Normal) (G1 Evacuation Pause) 60M->53M(75M) 11.979ms
Dec 24 12:09:07 burnside uvmconsole: [3322662.013s][info][gc] GC(383087) Pause Young (Normal) (G1 Evacuation Pause) 61M->52M(75M) 8.637ms
Dec 24 12:09:12 burnside uvmconsole: [3322667.048s][info][gc] GC(383088) Pause Young (Concurrent Start) (G1 Evacuation Pause) 60M->52M(75M) 10.702ms
Dec 24 12:09:12 burnside uvmconsole: [3322667.048s][info][gc] GC(383089) Concurrent Cycle
Dec 24 12:09:12 burnside uvmconsole: [3322667.513s][info][gc] GC(383089) Pause Remark 56M->56M(75M) 59.239ms
Dec 24 12:09:12 burnside uvmconsole: [3322667.738s][info][gc] GC(383089) Pause Cleanup 57M->57M(75M) 0.662ms
Dec 24 12:09:12 burnside uvmconsole: [3322667.740s][info][gc] GC(383089) Concurrent Cycle 691.973ms
Dec 24 12:09:17 burnside uvmconsole: [3322672.128s][info][gc] GC(383090) Pause Young (Normal) (G1 Evacuation Pause) 60M->52M(75M) 10.510ms
Dec 24 12:09:18 burnside uvmconsole: [3322673.129s][info][gc] GC(383091) Pause Young (Concurrent Start) (G1 Evacuation Pause) 60M->53M(75M) 12.529ms
Dec 24 12:09:18 burnside uvmconsole: [3322673.129s][info][gc] GC(383092) Concurrent Cycle
Dec 24 12:09:18 burnside uvmconsole: [3322673.538s][info][gc] GC(383092) Pause Remark 55M->55M(75M) 42.006ms
Dec 24 12:09:18 burnside uvmconsole: [3322673.751s][info][gc] GC(383092) Pause Cleanup 56M->56M(75M) 0.495ms
Dec 24 12:09:18 burnside uvmconsole: [3322673.754s][info][gc] GC(383092) Concurrent Cycle 624.542ms
Dec 24 12:09:23 burnside uvmconsole: [3322677.869s][info][gc] GC(383093) Pause Young (Prepare Mixed) (G1 Evacuation Pause) 61M->53M(75M) 15.700ms
Dec 24 12:09:24 burnside uvmconsole: [3322679.691s][info][gc] GC(383094) Pause Young (Mixed) (G1 Evacuation Pause) 55M->52M(75M) 8.979ms
Dec 24 12:09:28 burnside uvmconsole: [3322683.579s][info][gc] GC(383095) Pause Young (Normal) (G1 Evacuation Pause) 60M->52M(75M) 8.805ms
Dec 24 12:09:29 burnside uvmconsole: [3322683.997s][info][gc] GC(383096) Pause Young (Normal) (G1 Evacuation Pause) 60M->53M(75M) 8.278ms
Dec 24 12:09:32 burnside uvmconsole: [3322687.487s][info][gc] GC(383097) Pause Young (Concurrent Start) (G1 Evacuation Pause) 61M->53M(75M) 10.476ms
Dec 24 12:09:32 burnside uvmconsole: [3322687.489s][info][gc] GC(383098) Concurrent Cycle
Dec 24 12:09:33 burnside uvmconsole: [3322687.890s][info][gc] GC(383098) Pause Remark 53M->53M(75M) 42.692ms
Dec 24 12:09:33 burnside uvmconsole: [3322688.102s][info][gc] GC(383098) Pause Cleanup 53M->53M(75M) 0.741ms
Dec 24 12:09:33 burnside uvmconsole: [3322688.103s][info][gc] GC(383098) Concurrent Cycle 614.594ms
Dec 24 12:09:37 burnside uvmconsole: [3322692.671s][info][gc] GC(383099) Pause Young (Normal) (G1 Evacuation Pause) 61M->53M(75M) 10.039ms
Dec 24 12:09:43 burnside uvmconsole: [3322698.619s][info][gc] GC(383100) Pause Young (Normal) (G1 Evacuation Pause) 61M->53M(75M) 11.312ms
Dec 24 12:09:45 burnside uvmconsole: [3322700.442s][info][gc] GC(383101) Pause Young (Normal) (G1 Evacuation Pause) 61M->53M(75M) 9.674ms
Dec 24 12:09:49 burnside uvmconsole: [3322704.044s][info][gc] GC(383102) Pause Young (Normal) (G1 Evacuation Pause) 61M->53M(75M) 11.640ms
Dec 24 12:09:53 burnside uvmconsole: [3322707.962s][info][gc] GC(383103) Pause Young (Normal) (G1 Evacuation Pause) 61M->53M(75M) 8.369ms
Dec 24 12:09:55 burnside uvmconsole: [3322710.445s][info][gc] GC(383104) Pause Young (Normal) (G1 Evacuation Pause) 61M->53M(75M) 7.911ms
Dec 24 12:09:59 burnside uvmconsole: [3322714.191s][info][gc] GC(383105) Pause Young (Normal) (G1 Evacuation Pause) 61M->53M(75M) 9.240ms
Dec 24 12:10:03 burnside uvmconsole: [3322718.046s][info][gc] GC(383106) Pause Young (Normal) (G1 Evacuation Pause) 61M->53M(75M) 13.571ms
Dec 24 12:10:04 burnside uvmconsole: [3322719.415s][info][gc] GC(383107) Pause Young (Normal) (G1 Evacuation Pause) 60M->54M(75M) 10.737ms
Dec 24 12:10:05 burnside uvmconsole: [3322720.417s][info][gc] GC(383108) Pause Young (Normal) (G1 Evacuation Pause) 61M->54M(75M) 14.357ms
Dec 24 12:10:12 burnside uvmconsole: [3322727.390s][info][gc] GC(383109) Pause Young (Normal) (G1 Evacuation Pause) 61M->53M(75M) 8.094ms
Dec 24 12:10:16 burnside uvmconsole: [3322731.146s][info][gc] GC(383110) Pause Young (Normal) (G1 Evacuation Pause) 61M->53M(75M) 8.515ms
Dec 24 12:10:20 burnside uvmconsole: [3322735.508s][info][gc] GC(383111) Pause Young (Normal) (G1 Evacuation Pause) 61M->53M(75M) 9.088ms
Dec 24 12:10:24 burnside uvmconsole: [3322739.359s][info][gc] GC(383112) Pause Young (Normal) (G1 Evacuation Pause) 61M->54M(75M) 9.835ms
Dec 24 12:10:26 burnside uvmconsole: [3322740.882s][info][gc] GC(383113) Pause Young (Normal) (G1 Evacuation Pause) 62M->54M(75M) 10.422ms
Dec 24 12:10:30 burnside uvmconsole: [3322745.499s][info][gc] GC(383114) Pause Young (Normal) (G1 Evacuation Pause) 61M->54M(75M) 11.283ms
Dec 24 12:10:33 burnside uvmconsole: [3322748.659s][info][gc] GC(383115) Pause Young (Normal) (G1 Evacuation Pause) 61M->54M(75M) 9.921ms
Dec 24 12:10:36 burnside uvmconsole: [3322750.929s][info][gc] GC(383116) Pause Young (Normal) (G1 Evacuation Pause) 61M->54M(75M) 9.902ms
Dec 24 12:10:39 burnside uvmconsole: [3322753.888s][info][gc] GC(383117) Pause Young (Normal) (G1 Evacuation Pause) 61M->54M(75M) 9.031ms
Dec 24 12:10:43 burnside uvmconsole: [3322758.642s][info][gc] GC(383118) Pause Young (Normal) (G1 Evacuation Pause) 61M->54M(75M) 8.710ms
Dec 24 12:10:47 burnside uvmconsole: [3322762.649s][info][gc] GC(383119) Pause Young (Normal) (G1 Evacuation Pause) 61M->54M(75M) 7.584ms
Dec 24 12:10:48 burnside uvmconsole: [3322763.313s][info][gc] GC(383120) Pause Young (Normal) (G1 Evacuation Pause) 61M->54M(75M) 8.676ms
Dec 24 12:10:49 burnside uvmconsole: [3322763.882s][info][gc] GC(383121) Pause Young (Normal) (G1 Evacuation Pause) 61M->54M(75M) 7.614ms
Dec 24 12:10:53 burnside uvmconsole: [3322768.657s][info][gc] GC(383122) Pause Young (Normal) (G1 Evacuation Pause) 61M->55M(75M) 8.818ms
Dec 24 12:10:58 burnside uvmconsole: [3322773.509s][info][gc] GC(383123) Pause Young (Normal) (G1 Evacuation Pause) 62M->55M(75M) 8.449ms
Dec 24 12:11:03 burnside uvmconsole: [3322777.960s][info][gc] GC(383124) Pause Young (Normal) (G1 Evacuation Pause) 62M->55M(75M) 10.384ms
Dec 24 12:11:06 burnside uvmconsole: [3322781.096s][info][gc] GC(383125) Pause Young (Normal) (G1 Evacuation Pause) 62M->55M(75M) 9.647ms
Dec 24 12:11:07 burnside uvmconsole: [3322782.709s][info][gc] GC(383126) Pause Young (Normal) (G1 Evacuation Pause) 61M->55M(75M) 8.886ms
Dec 24 12:11:08 burnside uvmconsole: [3322782.770s][info][gc] GC(383127) Pause Young (Normal) (G1 Evacuation Pause) 61M->56M(75M) 9.049ms
Dec 24 12:11:10 burnside uvmconsole: [3322785.693s][info][gc] GC(383128) Pause Young (Normal) (G1 Evacuation Pause) 62M->55M(75M) 8.108ms
Dec 24 12:11:12 burnside uvmconsole: [3322787.058s][info][gc] GC(383129) Pause Young (Normal) (G1 Evacuation Pause) 61M->55M(75M) 6.757ms
Dec 24 12:11:18 burnside uvmconsole: [3322793.140s][info][gc] GC(383130) Pause Young (Normal) (G1 Evacuation Pause) 61M->56M(75M) 7.859ms
Dec 24 12:11:19 burnside uvmconsole: [3322794.642s][info][gc] GC(383131) Pause Young (Normal) (G1 Evacuation Pause) 62M->56M(75M) 8.205ms
Dec 24 12:11:21 burnside uvmconsole: [3322796.693s][info][gc] GC(383132) Pause Young (Normal) (G1 Evacuation Pause) 62M->56M(75M) 9.097ms
Dec 24 12:11:23 burnside uvmconsole: [3322798.642s][info][gc] GC(383133) Pause Young (Normal) (G1 Evacuation Pause) 62M->56M(75M) 9.714ms
Dec 24 12:11:26 burnside uvmconsole: [3322801.092s][info][gc] GC(383134) Pause Young (Normal) (G1 Evacuation Pause) 62M->56M(75M) 9.718ms
Dec 24 12:11:27 burnside uvmconsole: [3322802.123s][info][gc] GC(383135) Pause Young (Normal) (G1 Evacuation Pause) 62M->56M(75M) 8.574ms
Dec 24 12:11:27 burnside uvmconsole: [3322802.601s][info][gc] GC(383136) Pause Young (Normal) (G1 Evacuation Pause) 62M->56M(75M) 10.478ms
Dec 24 12:11:29 burnside uvmconsole: [3322804.394s][info][gc] GC(383137) Pause Young (Normal) (G1 Evacuation Pause) 61M->56M(75M) 9.282ms
Dec 24 12:11:29 burnside uvmconsole: [3322804.609s][info][gc] GC(383138) Pause Young (Normal) (G1 Evacuation Pause) 61M->57M(75M) 14.284ms
Dec 24 12:11:30 burnside uvmconsole: [3322804.839s][info][gc] GC(383139) Pause Young (Normal) (G1 Evacuation Pause) 62M->56M(75M) 13.570ms
Dec 24 12:11:30 burnside uvmconsole: [3322805.191s][info][gc] GC(383140) Pause Young (Normal) (G1 Evacuation Pause) 61M->56M(75M) 9.814ms
Dec 24 12:11:35 burnside uvmconsole: [3322810.568s][info][gc] GC(383141) Pause Young (Normal) (G1 Evacuation Pause) 61M->56M(75M) 7.574ms
Dec 24 12:11:38 burnside uvmconsole: [3322813.107s][info][gc] GC(383142) Pause Young (Normal) (G1 Evacuation Pause) 61M->56M(75M) 7.035ms
Dec 24 12:11:40 burnside uvmconsole: [3322815.245s][info][gc] GC(383143) Pause Young (Normal) (G1 Evacuation Pause) 61M->57M(75M) 8.143ms
Dec 24 12:11:41 burnside uvmconsole: [3322816.184s][info][gc] GC(383144) Pause Young (Normal) (G1 Evacuation Pause) 62M->57M(75M) 8.259ms
Dec 24 12:11:42 burnside uvmconsole: [3322817.428s][info][gc] GC(383145) Pause Young (Normal) (G1 Evacuation Pause) 62M->57M(75M) 8.058ms
Dec 24 12:11:43 burnside uvmconsole: [3322818.565s][info][gc] GC(383146) Pause Young (Normal) (G1 Evacuation Pause) 62M->57M(75M) 8.719ms
Dec 24 12:11:47 burnside uvmconsole: [3322822.626s][info][gc] GC(383147) Pause Young (Normal) (G1 Evacuation Pause) 62M->57M(75M) 8.202ms
Dec 24 12:11:48 burnside uvmconsole: [3322823.717s][info][gc] GC(383148) Pause Young (Normal) (G1 Evacuation Pause) 62M->57M(75M) 10.452ms
Dec 24 12:11:50 burnside uvmconsole: [3322825.049s][info][gc] GC(383149) Pause Young (Normal) (G1 Evacuation Pause) 62M->57M(75M) 8.290ms
Dec 24 12:11:51 burnside uvmconsole: [3322826.042s][info][gc] GC(383150) Pause Full (System.gc()) 61M->51M(75M) 362.495ms
Dec 24 12:11:53 burnside uvmconsole: [3322828.662s][info][gc] GC(383151) Pause Young (Normal) (G1 Evacuation Pause) 59M->51M(75M) 10.723ms
Dec 24 12:11:56 burnside uvmconsole: [3322831.185s][info][gc] GC(383152) Pause Young (Normal) (G1 Evacuation Pause) 59M->51M(75M) 7.899ms
Dec 24 12:11:59 burnside uvmconsole: [3322834.597s][info][gc] GC(383153) Pause Young (Normal) (G1 Evacuation Pause) 59M->51M(75M) 8.469ms
Dec 24 12:12:01 burnside uvmconsole: [3322835.911s][info][gc] GC(383154) Pause Young (Normal) (G1 Evacuation Pause) 59M->52M(75M) 14.694ms
Dec 24 12:12:01 burnside uvmconsole: [3322836.476s][info][gc] GC(383155) Pause Young (Normal) (G1 Evacuation Pause) 60M->52M(75M) 13.045ms
Dec 24 12:12:02 burnside uvmconsole: [3322837.088s][info][gc] GC(383156) Pause Young (Normal) (G1 Evacuation Pause) 59M->52M(75M) 12.697ms
Dec 24 12:12:06 burnside uvmconsole: [3322841.489s][info][gc] GC(383157) Pause Young (Normal) (G1 Evacuation Pause) 60M->51M(75M) 8.078ms
Dec 24 12:12:11 burnside uvmconsole: [3322846.583s][info][gc] GC(383158) Pause Young (Normal) (G1 Evacuation Pause) 59M->52M(75M) 7.626ms
Dec 24 12:12:17 burnside uvmconsole: [3322852.052s][info][gc] GC(383159) Pause Young (Normal) (G1 Evacuation Pause) 61M->52M(75M) 7.658ms
Dec 24 12:12:25 burnside uvmconsole: [3322860.362s][info][gc] GC(383160) Pause Young (Normal) (G1 Evacuation Pause) 61M->52M(75M) 10.712ms
Dec 24 12:12:29 burnside uvmconsole: [3322864.615s][info][gc] GC(383161) Pause Young (Normal) (G1 Evacuation Pause) 61M->52M(75M) 7.816ms
Dec 24 12:12:33 burnside uvmconsole: [3322868.650s][info][gc] GC(383162) Pause Young (Normal) (G1 Evacuation Pause) 61M->52M(75M) 17.186ms
Dec 24 12:12:40 burnside uvmconsole: [3322875.556s][info][gc] GC(383163) Pause Young (Normal) (G1 Evacuation Pause) 60M->52M(75M) 9.819ms
Dec 24 12:12:43 burnside uvmconsole: [3322878.619s][info][gc] GC(383164) Pause Young (Normal) (G1 Evacuation Pause) 61M->52M(75M) 9.179ms
Dec 24 12:12:48 burnside uvmconsole: [3322883.091s][info][gc] GC(383165) Pause Young (Normal) (G1 Evacuation Pause) 61M->52M(75M) 8.549ms
Dec 24 12:12:53 burnside uvmconsole: [3322888.111s][info][gc] GC(383166) Pause Young (Normal) (G1 Evacuation Pause) 60M->52M(75M) 9.747ms
Dec 24 12:12:54 burnside uvmconsole: [3322889.171s][info][gc] GC(383167) Pause Young (Normal) (G1 Evacuation Pause) 60M->52M(75M) 9.698ms
Dec 24 12:12:59 burnside uvmconsole: [3322894.191s][info][gc] GC(383168) Pause Young (Normal) (G1 Evacuation Pause) 60M->52M(75M) 9.418ms
Dec 24 12:13:02 burnside uvmconsole: [3322897.159s][info][gc] GC(383169) Pause Young (Normal) (G1 Evacuation Pause) 59M->53M(75M) 10.808ms
Dec 24 12:13:04 burnside uvmconsole: [3322899.660s][info][gc] GC(383170) Pause Young (Normal) (G1 Evacuation Pause) 61M->53M(75M) 11.224ms
Dec 24 12:13:08 burnside uvmconsole: [3322903.475s][info][gc] GC(383171) Pause Young (Normal) (G1 Evacuation Pause) 60M->52M(75M) 10.280ms
Dec 24 12:13:14 burnside uvmconsole: [3322909.142s][info][gc] GC(383172) Pause Young (Normal) (G1 Evacuation Pause) 60M->52M(75M) 9.596ms
Dec 24 12:13:19 burnside uvmconsole: [3322914.204s][info][gc] GC(383173) Pause Young (Normal) (G1 Evacuation Pause) 60M->53M(75M) 11.923ms
Dec 24 12:13:25 burnside uvmconsole: [3322919.760s][info][gc] GC(383174) Pause Young (Normal) (G1 Evacuation Pause) 61M->53M(75M) 8.822ms
Dec 24 12:13:29 burnside uvmconsole: [3322924.588s][info][gc] GC(383175) Pause Young (Normal) (G1 Evacuation Pause) 61M->53M(75M) 8.980ms
Dec 24 12:13:35 burnside uvmconsole: [3322930.139s][info][gc] GC(383176) Pause Young (Normal) (G1 Evacuation Pause) 61M->53M(75M) 8.682ms
Dec 24 12:13:37 burnside uvmconsole: [3322932.173s][info][gc] GC(383177) Pause Young (Normal) (G1 Evacuation Pause) 61M->53M(75M) 13.625ms
Dec 24 12:13:37 burnside uvmconsole: [3322932.506s][info][gc] GC(383178) Pause Young (Normal) (G1 Evacuation Pause) 60M->53M(75M) 12.615ms
Dec 24 12:13:39 burnside uvmconsole: [3322934.045s][info][gc] GC(383179) Pause Young (Normal) (G1 Evacuation Pause) 60M->53M(75M) 8.425ms
Dec 24 12:13:41 burnside uvmconsole: [3322936.051s][info][gc] GC(383180) Pause Young (Normal) (G1 Evacuation Pause) 60M->53M(75M) 9.955ms
Dec 24 12:13:42 burnside uvmconsole: [3322937.583s][info][gc] GC(383181) Pause Young (Normal) (G1 Evacuation Pause) 60M->53M(75M) 9.642ms
Dec 24 12:13:43 burnside uvmconsole: [3322938.682s][info][gc] GC(383182) Pause Young (Normal) (G1 Evacuation Pause) 60M->54M(75M) 9.110ms
Dec 24 12:13:46 burnside uvmconsole: [3322941.432s][info][gc] GC(383183) Pause Young (Normal) (G1 Evacuation Pause) 61M->54M(75M) 10.382ms
Dec 24 12:13:49 burnside uvmconsole: [3322943.952s][info][gc] GC(383184) Pause Young (Normal) (G1 Evacuation Pause) 60M->54M(75M) 8.547ms
Dec 24 12:13:52 burnside uvmconsole: [3322946.828s][info][gc] GC(383185) Pause Young (Normal) (G1 Evacuation Pause) 60M->54M(75M) 7.121ms
Dec 24 12:13:55 burnside uvmconsole: [3322950.065s][info][gc] GC(383186) Pause Young (Normal) (G1 Evacuation Pause) 60M->54M(75M) 7.700ms
Dec 24 12:13:58 burnside uvmconsole: [3322952.919s][info][gc] GC(383187) Pause Young (Normal) (G1 Evacuation Pause) 60M->54M(75M) 7.601ms
Dec 24 12:13:59 burnside uvmconsole: [3322954.197s][info][gc] GC(383188) Pause Young (Normal) (G1 Evacuation Pause) 60M->54M(75M) 8.225ms
Dec 24 12:14:00 burnside uvmconsole: [3322955.252s][info][gc] GC(383189) Pause Young (Normal) (G1 Evacuation Pause) 60M->54M(75M) 12.156ms
Dec 24 12:14:01 burnside uvmconsole: [3322956.556s][info][gc] GC(383190) Pause Young (Normal) (G1 Evacuation Pause) 60M->54M(75M) 9.482ms
Dec 24 12:14:07 burnside uvmconsole: [3322961.825s][info][gc] GC(383191) Pause Young (Normal) (G1 Evacuation Pause) 60M->54M(75M) 8.241ms
Dec 24 12:14:08 burnside uvmconsole: [3322962.758s][info][gc] GC(383192) Pause Young (Normal) (G1 Evacuation Pause) 60M->55M(75M) 9.850ms
Dec 24 12:14:08 burnside uvmconsole: [3322962.982s][info][gc] GC(383193) Pause Young (Normal) (G1 Evacuation Pause) 61M->55M(75M) 18.811ms
Dec 24 12:14:08 burnside uvmconsole: [3322963.446s][info][gc] GC(383194) Pause Young (Normal) (G1 Evacuation Pause) 61M->55M(75M) 12.318ms
Dec 24 12:14:10 burnside uvmconsole: [3322965.477s][info][gc] GC(383195) Pause Young (Normal) (G1 Evacuation Pause) 61M->54M(75M) 6.858ms
Dec 24 12:14:14 burnside uvmconsole: [3322969.257s][info][gc] GC(383196) Pause Young (Normal) (G1 Evacuation Pause) 60M->54M(75M) 7.191ms
Dec 24 12:14:21 burnside uvmconsole: [3322975.905s][info][gc] GC(383197) Pause Young (Normal) (G1 Evacuation Pause) 60M->54M(75M) 7.002ms
Dec 24 12:14:26 burnside uvmconsole: [3322980.757s][info][gc] GC(383198) Pause Young (Normal) (G1 Evacuation Pause) 60M->54M(75M) 7.448ms
Dec 24 12:14:27 burnside uvmconsole: [3322982.593s][info][gc] GC(383199) Pause Young (Normal) (G1 Evacuation Pause) 60M->55M(75M) 7.264ms
Dec 24 12:14:29 burnside uvmconsole: [3322984.700s][info][gc] GC(383200) Pause Young (Normal) (G1 Evacuation Pause) 61M->55M(75M) 9.385ms
Dec 24 12:14:31 burnside uvmconsole: [3322986.686s][info][gc] GC(383201) Pause Young (Normal) (G1 Evacuation Pause) 61M->55M(75M) 7.799ms
Dec 24 12:14:37 burnside uvmconsole: [3322991.800s][info][gc] GC(383202) Pause Young (Normal) (G1 Evacuation Pause) 61M->55M(75M) 8.976ms
Dec 24 12:14:40 burnside uvmconsole: [3322994.998s][info][gc] GC(383203) Pause Young (Normal) (G1 Evacuation Pause) 61M->55M(75M) 8.176ms
Dec 24 12:14:48 burnside uvmconsole: [3323003.483s][info][gc] GC(383204) Pause Young (Normal) (G1 Evacuation Pause) 61M->55M(75M) 7.967ms
Dec 24 12:14:53 burnside uvmconsole: [3323008.663s][info][gc] GC(383205) Pause Young (Normal) (G1 Evacuation Pause) 61M->55M(75M) 13.325ms
Dec 24 12:14:59 burnside uvmconsole: [3323014.193s][info][gc] GC(383206) Pause Young (Normal) (G1 Evacuation Pause) 61M->55M(75M) 8.369ms
Dec 24 12:15:00 burnside uvmconsole: [3323015.372s][info][gc] GC(383207) Pause Young (Normal) (G1 Evacuation Pause) 61M->55M(75M) 10.382ms
Dec 24 12:15:00 burnside uvmconsole: [3323015.424s][info][gc] GC(383208) Pause Young (Normal) (G1 Evacuation Pause) 61M->55M(75M) 9.715ms
Dec 24 12:15:04 burnside uvmconsole: [3323018.924s][info][gc] GC(383209) Pause Young (Normal) (G1 Evacuation Pause) 60M->55M(75M) 7.885ms
Dec 24 12:15:06 burnside uvmconsole: [3323021.249s][info][gc] GC(383210) Pause Young (Concurrent Start) (G1 Evacuation Pause) 60M->55M(75M) 9.110ms
Dec 24 12:15:06 burnside uvmconsole: [3323021.250s][info][gc] GC(383211) Concurrent Cycle
Dec 24 12:15:06 burnside uvmconsole: [3323021.715s][info][gc] GC(383211) Pause Remark 57M->57M(75M) 45.618ms
Dec 24 12:15:07 burnside uvmconsole: [3323021.948s][info][gc] GC(383211) Pause Cleanup 58M->58M(75M) 0.484ms
Dec 24 12:15:07 burnside uvmconsole: [3323021.949s][info][gc] GC(383211) Concurrent Cycle 699.533ms
Dec 24 12:15:08 burnside uvmconsole: [3323023.440s][info][gc] GC(383212) Pause Young (Prepare Mixed) (G1 Evacuation Pause) 60M->55M(75M) 9.960ms
Dec 24 12:15:09 burnside uvmconsole: [3323024.193s][info][gc] GC(383213) Pause Young (Mixed) (G1 Evacuation Pause) 57M->54M(75M) 9.421ms
Dec 24 12:15:11 burnside uvmconsole: [3323026.304s][info][gc] GC(383214) Pause Young (Concurrent Start) (G1 Evacuation Pause) 61M->54M(75M) 10.292ms
Dec 24 12:15:11 burnside uvmconsole: [3323026.305s][info][gc] GC(383215) Concurrent Cycle
Dec 24 12:15:12 burnside uvmconsole: [3323026.765s][info][gc] GC(383215) Pause Remark 56M->56M(75M) 45.301ms
Dec 24 12:15:12 burnside uvmconsole: [3323026.975s][info][gc] GC(383215) Pause Cleanup 56M->56M(75M) 0.494ms
Dec 24 12:15:12 burnside uvmconsole: [3323026.977s][info][gc] GC(383215) Concurrent Cycle 672.126ms
Dec 24 12:15:13 burnside uvmconsole: [3323028.200s][info][gc] GC(383216) Pause Young (Prepare Mixed) (G1 Evacuation Pause) 61M->54M(75M) 9.921ms
Dec 24 12:15:13 burnside uvmconsole: [3323028.333s][info][gc] GC(383217) Pause Young (Mixed) (G1 Evacuation Pause) 56M->53M(75M) 15.656ms
Dec 24 12:15:18 burnside uvmconsole: [3323032.879s][info][gc] GC(383218) Pause Young (Normal) (G1 Evacuation Pause) 61M->53M(75M) 8.371ms
Dec 24 12:15:25 burnside uvmconsole: [3323040.738s][info][gc] GC(383219) Pause Young (Normal) (G1 Evacuation Pause) 61M->53M(75M) 8.105ms
Dec 24 12:15:32 burnside uvmconsole: [3323047.044s][info][gc] GC(383220) Pause Young (Concurrent Start) (G1 Evacuation Pause) 61M->54M(75M) 10.390ms
Dec 24 12:15:32 burnside uvmconsole: [3323047.044s][info][gc] GC(383221) Concurrent Cycle
Dec 24 12:15:32 burnside uvmconsole: [3323047.450s][info][gc] GC(383221) Pause Remark 54M->54M(75M) 41.487ms
Dec 24 12:15:32 burnside uvmconsole: [3323047.662s][info][gc] GC(383221) Pause Cleanup 55M->55M(75M) 0.494ms
Dec 24 12:15:32 burnside uvmconsole: [3323047.663s][info][gc] GC(383221) Concurrent Cycle 618.971ms
Dec 24 12:15:40 burnside uvmconsole: [3323055.010s][info][gc] GC(383222) Pause Young (Normal) (G1 Evacuation Pause) 62M->53M(75M) 9.866ms
Dec 24 12:15:47 burnside uvmconsole: [3323061.981s][info][gc] GC(383223) Pause Young (Concurrent Start) (G1 Evacuation Pause) 61M->54M(75M) 9.945ms
Dec 24 12:15:47 burnside uvmconsole: [3323061.981s][info][gc] GC(383224) Concurrent Cycle
Dec 24 12:15:47 burnside uvmconsole: [3323062.391s][info][gc] GC(383224) Pause Remark 54M->54M(75M) 41.056ms
Dec 24 12:15:47 burnside uvmconsole: [3323062.614s][info][gc] GC(383224) Pause Cleanup 54M->54M(75M) 0.647ms
Dec 24 12:15:47 burnside uvmconsole: [3323062.616s][info][gc] GC(383224) Concurrent Cycle 634.631ms
Dec 24 12:15:54 burnside uvmconsole: [3323069.021s][info][gc] GC(383225) Pause Young (Normal) (G1 Evacuation Pause) 62M->54M(75M) 10.270ms
Dec 24 12:15:59 burnside uvmconsole: [3323073.895s][info][gc] GC(383226) Pause Young (Concurrent Start) (G1 Evacuation Pause) 62M->54M(75M) 11.211ms
Dec 24 12:15:59 burnside uvmconsole: [3323073.895s][info][gc] GC(383227) Concurrent Cycle
Dec 24 12:15:59 burnside uvmconsole: [3323074.298s][info][gc] GC(383227) Pause Remark 56M->56M(75M) 41.907ms
Dec 24 12:15:59 burnside uvmconsole: [3323074.509s][info][gc] GC(383227) Pause Cleanup 56M->56M(75M) 0.483ms
Dec 24 12:15:59 burnside uvmconsole: [3323074.511s][info][gc] GC(383227) Concurrent Cycle 615.406ms
Dec 24 12:16:02 burnside uvmconsole: [3323077.631s][info][gc] GC(383228) Pause Young (Normal) (G1 Evacuation Pause) 62M->54M(75M) 12.557ms
Dec 24 12:16:07 burnside uvmconsole: [3323081.980s][info][gc] GC(383229) Pause Young (Concurrent Start) (G1 Evacuation Pause) 61M->54M(75M) 11.769ms
Dec 24 12:16:07 burnside uvmconsole: [3323081.980s][info][gc] GC(383230) Concurrent Cycle
Dec 24 12:16:07 burnside uvmconsole: [3323082.378s][info][gc] GC(383230) Pause Remark 54M->54M(75M) 46.879ms
Dec 24 12:16:07 burnside uvmconsole: [3323082.598s][info][gc] GC(383230) Pause Cleanup 54M->54M(75M) 0.507ms
Dec 24 12:16:07 burnside uvmconsole: [3323082.599s][info][gc] GC(383230) Concurrent Cycle 619.174ms
Dec 24 12:16:16 burnside uvmconsole: [3323091.670s][info][gc] GC(383231) Pause Young (Prepare Mixed) (G1 Evacuation Pause) 61M->54M(75M) 10.471ms
Dec 24 12:16:17 burnside uvmconsole: [3323092.071s][info][gc] GC(383232) Pause Young (Mixed) (G1 Evacuation Pause) 56M->53M(75M) 9.306ms
Dec 24 12:16:21 burnside uvmconsole: [3323096.031s][info][gc] GC(383233) Pause Young (Normal) (G1 Evacuation Pause) 61M->53M(75M) 8.501ms
Dec 24 12:16:25 burnside uvmconsole: [3323099.968s][info][gc] GC(383234) Pause Young (Normal) (G1 Evacuation Pause) 61M->53M(75M) 9.781ms
Dec 24 12:16:29 burnside uvmconsole: [3323104.488s][info][gc] GC(383235) Pause Young (Concurrent Start) (G1 Evacuation Pause) 61M->53M(75M) 11.035ms
Dec 24 12:16:29 burnside uvmconsole: [3323104.489s][info][gc] GC(383236) Concurrent Cycle
Dec 24 12:16:30 burnside uvmconsole: [3323104.892s][info][gc] GC(383236) Pause Remark 54M->54M(75M) 45.160ms
Dec 24 12:16:30 burnside uvmconsole: [3323105.108s][info][gc] GC(383236) Pause Cleanup 54M->54M(75M) 0.482ms
Dec 24 12:16:30 burnside uvmconsole: [3323105.110s][info][gc] GC(383236) Concurrent Cycle 621.306ms
Dec 24 12:16:35 burnside uvmconsole: [3323110.538s][info][gc] GC(383237) Pause Young (Normal) (G1 Evacuation Pause) 61M->53M(75M) 10.812ms
Dec 24 12:16:40 burnside uvmconsole: [3323114.868s][info][gc] GC(383238) Pause Young (Concurrent Start) (G1 Evacuation Pause) 61M->54M(75M) 13.751ms
Dec 24 12:16:40 burnside uvmconsole: [3323114.869s][info][gc] GC(383239) Concurrent Cycle
Dec 24 12:16:40 burnside uvmconsole: [3323115.269s][info][gc] GC(383239) Pause Remark 55M->55M(75M) 41.688ms
Dec 24 12:16:40 burnside uvmconsole: [3323115.472s][info][gc] GC(383239) Pause Cleanup 55M->55M(75M) 0.577ms
Dec 24 12:16:40 burnside uvmconsole: [3323115.473s][info][gc] GC(383239) Concurrent Cycle 604.795ms
Dec 24 12:16:45 burnside uvmconsole: [3323120.170s][info][gc] GC(383240) Pause Young (Normal) (G1 Evacuation Pause) 62M->54M(75M) 11.034ms
Dec 24 12:16:51 burnside uvmconsole: [3323126.017s][info][gc] GC(383241) Pause Full (System.gc()) 58M->50M(75M) 338.303ms
Dec 24 12:16:55 burnside uvmconsole: [3323129.844s][info][gc] GC(383242) Pause Young (Normal) (G1 Evacuation Pause) 59M->50M(75M) 10.900ms
Dec 24 12:16:59 burnside uvmconsole: [3323134.584s][info][gc] GC(383243) Pause Young (Normal) (G1 Evacuation Pause) 59M->50M(75M) 7.020ms
Dec 24 12:17:04 burnside uvmconsole: [3323139.186s][info][gc] GC(383244) Pause Young (Concurrent Start) (G1 Evacuation Pause) 59M->50M(75M) 10.726ms
Dec 24 12:17:04 burnside uvmconsole: [3323139.187s][info][gc] GC(383245) Concurrent Cycle
Dec 24 12:17:04 burnside uvmconsole: [3323139.585s][info][gc] GC(383245) Pause Remark 51M->51M(75M) 41.371ms
Dec 24 12:17:05 burnside uvmconsole: [3323139.794s][info][gc] GC(383245) Pause Cleanup 51M->51M(75M) 0.445ms
Dec 24 12:17:05 burnside uvmconsole: [3323139.796s][info][gc] GC(383245) Concurrent Cycle 609.196ms
Dec 24 12:17:05 burnside uvmconsole: [3323140.411s][info][gc] GC(383246) Pause Young (Normal) (G1 Evacuation Pause) 59M->50M(75M) 19.971ms
Dec 24 12:17:09 burnside uvmconsole: [3323143.832s][info][gc] GC(383247) Pause Young (Normal) (G1 Evacuation Pause) 60M->50M(75M) 8.910ms
Dec 24 12:17:12 burnside uvmconsole: [3323147.600s][info][gc] GC(383248) Pause Young (Concurrent Start) (G1 Evacuation Pause) 60M->50M(75M) 13.873ms
Dec 24 12:17:12 burnside uvmconsole: [3323147.601s][info][gc] GC(383249) Concurrent Cycle
Dec 24 12:17:13 burnside uvmconsole: [3323148.045s][info][gc] GC(383249) Pause Remark 53M->53M(75M) 43.090ms
Dec 24 12:17:13 burnside uvmconsole: [3323148.262s][info][gc] GC(383249) Pause Cleanup 54M->54M(75M) 0.537ms
Dec 24 12:17:13 burnside uvmconsole: [3323148.264s][info][gc] GC(383249) Concurrent Cycle 662.628ms
Dec 24 12:17:14 burnside uvmconsole: [3323149.658s][info][gc] GC(383250) Pause Young (Normal) (G1 Evacuation Pause) 60M->50M(75M) 9.600ms
Dec 24 12:17:16 burnside uvmconsole: [3323151.193s][info][gc] GC(383251) Pause Young (Concurrent Start) (G1 Evacuation Pause) 60M->50M(75M) 22.640ms
Dec 24 12:17:16 burnside uvmconsole: [3323151.196s][info][gc] GC(383252) Concurrent Cycle
Dec 24 12:17:16 burnside uvmconsole: [3323151.629s][info][gc] GC(383252) Pause Remark 52M->52M(75M) 42.133ms
Dec 24 12:17:17 burnside uvmconsole: [3323151.855s][info][gc] GC(383252) Pause Cleanup 54M->54M(75M) 0.529ms
Dec 24 12:17:17 burnside uvmconsole: [3323151.857s][info][gc] GC(383252) Concurrent Cycle 661.000ms
Dec 24 12:17:17 burnside uvmconsole: [3323152.569s][info][gc] GC(383253) Pause Young (Normal) (G1 Evacuation Pause) 60M->50M(75M) 9.961ms
Dec 24 12:17:23 burnside uvmconsole: [3323158.590s][info][gc] GC(383254) Pause Young (Normal) (G1 Evacuation Pause) 60M->50M(75M) 9.096ms
Dec 24 12:17:30 burnside uvmconsole: [3323164.785s][info][gc] GC(383255) Pause Young (Normal) (G1 Evacuation Pause) 60M->50M(75M) 12.856ms
Dec 24 12:17:33 burnside uvmconsole: [3323168.745s][info][gc] GC(383256) Pause Young (Normal) (G1 Evacuation Pause) 60M->50M(75M) 8.535ms
Dec 24 12:17:37 burnside uvmconsole: [3323171.881s][info][gc] GC(383257) Pause Young (Normal) (G1 Evacuation Pause) 60M->50M(75M) 9.222ms
Dec 24 12:17:40 burnside uvmconsole: [3323175.135s][info][gc] GC(383258) Pause Young (Normal) (G1 Evacuation Pause) 60M->50M(75M) 8.712ms
Dec 24 12:17:47 burnside uvmconsole: [3323182.154s][info][gc] GC(383259) Pause Young (Normal) (G1 Evacuation Pause) 60M->50M(75M) 9.255ms
Dec 24 12:17:52 burnside uvmconsole: [3323187.458s][info][gc] GC(383260) Pause Young (Normal) (G1 Evacuation Pause) 60M->51M(75M) 9.314ms
Dec 24 12:17:54 burnside uvmconsole: [3323189.585s][info][gc] GC(383261) Pause Young (Normal) (G1 Evacuation Pause) 60M->51M(75M) 10.525ms
Dec 24 12:17:57 burnside uvmconsole: [3323192.382s][info][gc] GC(383262) Pause Young (Normal) (G1 Evacuation Pause) 60M->51M(75M) 10.729ms
Dec 24 12:17:59 burnside uvmconsole: [3323193.861s][info][gc] GC(383263) Pause Young (Normal) (G1 Evacuation Pause) 60M->51M(75M) 10.732ms
Dec 24 12:18:01 burnside uvmconsole: [3323196.562s][info][gc] GC(383264) Pause Young (Normal) (G1 Evacuation Pause) 60M->51M(75M) 14.717ms
Dec 24 12:18:03 burnside uvmconsole: [3323198.526s][info][gc] GC(383265) Pause Young (Normal) (G1 Evacuation Pause) 60M->51M(75M) 10.646ms
Dec 24 12:18:08 burnside uvmconsole: [3323203.134s][info][gc] GC(383266) Pause Young (Normal) (G1 Evacuation Pause) 60M->51M(75M) 9.642ms
Dec 24 12:18:09 burnside uvmconsole: [3323204.639s][info][gc] GC(383267) Pause Young (Normal) (G1 Evacuation Pause) 60M->51M(75M) 10.307ms
Dec 24 12:18:16 burnside uvmconsole: [3323211.422s][info][gc] GC(383268) Pause Young (Normal) (G1 Evacuation Pause) 61M->51M(75M) 9.940ms
Dec 24 12:18:20 burnside uvmconsole: [3323215.322s][info][gc] GC(383269) Pause Young (Normal) (G1 Evacuation Pause) 61M->51M(75M) 10.230ms
Dec 24 12:18:24 burnside uvmconsole: [3323219.105s][info][gc] GC(383270) Pause Young (Normal) (G1 Evacuation Pause) 60M->51M(75M) 9.785ms
Dec 24 12:18:27 burnside uvmconsole: [3323222.697s][info][gc] GC(383271) Pause Young (Normal) (G1 Evacuation Pause) 60M->51M(75M) 10.168ms
Dec 24 12:18:30 burnside uvmconsole: [3323225.021s][info][gc] GC(383272) Pause Young (Normal) (G1 Evacuation Pause) 60M->51M(75M) 12.568ms
Dec 24 12:18:32 burnside uvmconsole: [3323227.605s][info][gc] GC(383273) Pause Young (Normal) (G1 Evacuation Pause) 61M->51M(75M) 10.929ms
Dec 24 12:18:36 burnside uvmconsole: [3323231.316s][info][gc] GC(383274) Pause Young (Normal) (G1 Evacuation Pause) 61M->51M(75M) 9.831ms
Dec 24 12:18:42 burnside uvmconsole: [3323237.090s][info][gc] GC(383275) Pause Young (Normal) (G1 Evacuation Pause) 60M->51M(75M) 9.965ms
Dec 24 12:18:46 burnside uvmconsole: [3323241.301s][info][gc] GC(383276) Pause Young (Normal) (G1 Evacuation Pause) 60M->52M(75M) 10.756ms
Dec 24 12:18:50 burnside uvmconsole: [3323244.946s][info][gc] GC(383277) Pause Young (Normal) (G1 Evacuation Pause) 61M->52M(75M) 11.534ms
Dec 24 12:18:52 burnside uvmconsole: [3323247.721s][info][gc] GC(383278) Pause Young (Normal) (G1 Evacuation Pause) 60M->52M(75M) 10.242ms
Dec 24 12:18:55 burnside uvmconsole: [3323250.014s][info][gc] GC(383279) Pause Young (Normal) (G1 Evacuation Pause) 60M->52M(75M) 10.310ms
Dec 24 12:18:58 burnside uvmconsole: [3323253.403s][info][gc] GC(383280) Pause Young (Normal) (G1 Evacuation Pause) 61M->52M(75M) 9.817ms
Dec 24 12:18:59 burnside uvmconsole: [3323254.716s][info][gc] GC(383281) Pause Young (Normal) (G1 Evacuation Pause) 61M->52M(75M) 10.158ms
Dec 24 12:19:00 burnside uvmconsole: [3323255.726s][info][gc] GC(383282) Pause Young (Normal) (G1 Evacuation Pause) 60M->53M(75M) 11.753ms
Dec 24 12:19:02 burnside uvmconsole: [3323256.792s][info][gc] GC(383283) Pause Young (Normal) (G1 Evacuation Pause) 61M->52M(75M) 10.463ms
Dec 24 12:19:02 burnside uvmconsole: [3323257.404s][info][gc] GC(383284) Pause Young (Normal) (G1 Evacuation Pause) 60M->52M(75M) 10.927ms
Dec 24 12:19:03 burnside uvmconsole: [3323258.032s][info][gc] GC(383285) Pause Young (Normal) (G1 Evacuation Pause) 60M->52M(75M) 13.217ms
Dec 24 12:19:06 burnside uvmconsole: [3323260.893s][info][gc] GC(383286) Pause Young (Normal) (G1 Evacuation Pause) 60M->52M(75M) 8.284ms
Dec 24 12:19:10 burnside uvmconsole: [3323265.223s][info][gc] GC(383287) Pause Young (Normal) (G1 Evacuation Pause) 60M->52M(75M) 9.367ms
Dec 24 12:19:12 burnside uvmconsole: [3323266.778s][info][gc] GC(383288) Pause Young (Normal) (G1 Evacuation Pause) 60M->53M(75M) 9.557ms
Dec 24 12:19:14 burnside uvmconsole: [3323269.042s][info][gc] GC(383289) Pause Young (Normal) (G1 Evacuation Pause) 61M->52M(75M) 9.345ms
Dec 24 12:19:19 burnside uvmconsole: [3323273.953s][info][gc] GC(383290) Pause Young (Normal) (G1 Evacuation Pause) 60M->52M(75M) 9.495ms
Dec 24 12:19:21 burnside uvmconsole: [3323276.706s][info][gc] GC(383291) Pause Young (Normal) (G1 Evacuation Pause) 60M->52M(75M) 9.570ms
Dec 24 12:19:24 burnside uvmconsole: [3323279.499s][info][gc] GC(383292) Pause Young (Normal) (G1 Evacuation Pause) 60M->52M(75M) 9.079ms
Dec 24 12:19:28 burnside uvmconsole: [3323282.887s][info][gc] GC(383293) Pause Young (Normal) (G1 Evacuation Pause) 60M->52M(75M) 9.441ms
Dec 24 12:19:31 burnside uvmconsole: [3323286.311s][info][gc] GC(383294) Pause Young (Normal) (G1 Evacuation Pause) 59M->53M(75M) 9.659ms
Dec 24 12:19:33 burnside uvmconsole: [3323288.654s][info][gc] GC(383295) Pause Young (Normal) (G1 Evacuation Pause) 60M->52M(75M) 8.545ms
Dec 24 12:19:37 burnside uvmconsole: [3323292.684s][info][gc] GC(383296) Pause Young (Normal) (G1 Evacuation Pause) 59M->52M(75M) 8.223ms
Dec 24 12:19:43 burnside uvmconsole: [3323297.823s][info][gc] GC(383297) Pause Young (Normal) (G1 Evacuation Pause) 59M->53M(75M) 7.952ms
Dec 24 12:19:43 burnside uvmconsole: [3323298.661s][info][gc] GC(383298) Pause Young (Normal) (G1 Evacuation Pause) 60M->53M(75M) 13.127ms
Dec 24 12:19:49 burnside uvmconsole: [3323304.211s][info][gc] GC(383299) Pause Young (Normal) (G1 Evacuation Pause) 60M->52M(75M) 8.421ms
Dec 24 12:19:56 burnside uvmconsole: [3323311.408s][info][gc] GC(383300) Pause Young (Normal) (G1 Evacuation Pause) 59M->53M(75M) 9.644ms
Dec 24 12:19:59 burnside uvmconsole: [3323314.201s][info][gc] GC(383301) Pause Young (Normal) (G1 Evacuation Pause) 60M->53M(75M) 10.852ms
Dec 24 12:20:01 burnside uvmconsole: [3323316.494s][info][gc] GC(383302) Pause Young (Normal) (G1 Evacuation Pause) 60M->53M(75M) 9.799ms
Dec 24 12:20:03 burnside uvmconsole: [3323318.247s][info][gc] GC(383303) Pause Young (Normal) (G1 Evacuation Pause) 60M->53M(75M) 9.416ms
Dec 24 12:20:04 burnside uvmconsole: [3323318.784s][info][gc] GC(383304) Pause Young (Normal) (G1 Evacuation Pause) 60M->53M(75M) 11.287ms
Dec 24 12:20:10 burnside uvmconsole: [3323325.489s][info][gc] GC(383305) Pause Young (Normal) (G1 Evacuation Pause) 60M->53M(75M) 7.277ms
Dec 24 12:20:13 burnside uvmconsole: [3323328.163s][info][gc] GC(383306) Pause Young (Normal) (G1 Evacuation Pause) 60M->53M(75M) 7.799ms
Dec 24 12:20:16 burnside uvmconsole: [3323331.382s][info][gc] GC(383307) Pause Young (Normal) (G1 Evacuation Pause) 60M->53M(75M) 7.360ms
Dec 24 12:20:18 burnside uvmconsole: [3323332.968s][info][gc] GC(383308) Pause Young (Normal) (G1 Evacuation Pause) 60M->53M(75M) 7.733ms
Dec 24 12:20:20 burnside uvmconsole: [3323335.466s][info][gc] GC(383309) Pause Young (Normal) (G1 Evacuation Pause) 60M->53M(75M) 8.352ms
Dec 24 12:20:23 burnside uvmconsole: [3323338.654s][info][gc] GC(383310) Pause Young (Normal) (G1 Evacuation Pause) 60M->53M(75M) 7.837ms
Dec 24 12:20:25 burnside uvmconsole: [3323340.501s][info][gc] GC(383311) Pause Young (Normal) (G1 Evacuation Pause) 60M->53M(75M) 7.622ms
Dec 24 12:20:28 burnside uvmconsole: [3323343.493s][info][gc] GC(383312) Pause Young (Normal) (G1 Evacuation Pause) 60M->53M(75M) 11.427ms
Dec 24 12:20:30 burnside uvmconsole: [3323345.393s][info][gc] GC(383313) Pause Young (Normal) (G1 Evacuation Pause) 60M->53M(75M) 8.483ms
Dec 24 12:20:31 burnside uvmconsole: [3323346.291s][info][gc] GC(383314) Pause Young (Normal) (G1 Evacuation Pause) 60M->53M(75M) 9.041ms
Dec 24 12:20:33 burnside uvmconsole: [3323348.445s][info][gc] GC(383315) Pause Young (Normal) (G1 Evacuation Pause) 60M->53M(75M) 8.578ms
Dec 24 12:20:36 burnside uvmconsole: [3323351.320s][info][gc] GC(383316) Pause Young (Normal) (G1 Evacuation Pause) 60M->53M(75M) 11.198ms
Dec 24 12:20:38 burnside uvmconsole: [3323352.875s][info][gc] GC(383317) Pause Young (Normal) (G1 Evacuation Pause) 60M->53M(75M) 8.774ms
Dec 24 12:20:40 burnside uvmconsole: [3323354.952s][info][gc] GC(383318) Pause Young (Normal) (G1 Evacuation Pause) 60M->53M(75M) 8.495ms
Dec 24 12:20:43 burnside uvmconsole: [3323358.450s][info][gc] GC(383319) Pause Young (Normal) (G1 Evacuation Pause) 60M->54M(75M) 8.242ms
Dec 24 12:20:44 burnside uvmconsole: [3323359.452s][info][gc] GC(383320) Pause Young (Normal) (G1 Evacuation Pause) 61M->54M(75M) 8.777ms
Dec 24 12:20:46 burnside uvmconsole: [3323361.514s][info][gc] GC(383321) Pause Young (Normal) (G1 Evacuation Pause) 61M->54M(75M) 8.294ms
Dec 24 12:20:51 burnside uvmconsole: [3323366.209s][info][gc] GC(383322) Pause Young (Normal) (G1 Evacuation Pause) 61M->54M(75M) 8.256ms
Dec 24 12:20:55 burnside uvmconsole: [3323369.783s][info][gc] GC(383323) Pause Young (Normal) (G1 Evacuation Pause) 61M->54M(75M) 7.898ms
Dec 24 12:20:58 burnside uvmconsole: [3323373.392s][info][gc] GC(383324) Pause Young (Normal) (G1 Evacuation Pause) 61M->54M(75M) 9.139ms
Dec 24 12:20:59 burnside uvmconsole: [3323374.250s][info][gc] GC(383325) Pause Young (Normal) (G1 Evacuation Pause) 61M->54M(75M) 7.823ms
Dec 24 12:21:02 burnside uvmconsole: [3323377.130s][info][gc] GC(383326) Pause Young (Normal) (G1 Evacuation Pause) 61M->54M(75M) 11.402ms
Dec 24 12:21:03 burnside uvmconsole: [3323378.043s][info][gc] GC(383327) Pause Young (Normal) (G1 Evacuation Pause) 61M->54M(75M) 10.113ms
Dec 24 12:21:04 burnside uvmconsole: [3323379.140s][info][gc] GC(383328) Pause Young (Normal) (G1 Evacuation Pause) 60M->54M(75M) 8.911ms
Dec 24 12:21:06 burnside uvmconsole: [3323380.876s][info][gc] GC(383329) Pause Young (Normal) (G1 Evacuation Pause) 60M->54M(75M) 8.480ms
Dec 24 12:21:07 burnside uvmconsole: [3323381.767s][info][gc] GC(383330) Pause Young (Normal) (G1 Evacuation Pause) 60M->54M(75M) 10.096ms
Dec 24 12:21:11 burnside uvmconsole: [3323385.873s][info][gc] GC(383331) Pause Young (Normal) (G1 Evacuation Pause) 60M->54M(75M) 9.648ms
Dec 24 12:21:13 burnside uvmconsole: [3323388.007s][info][gc] GC(383332) Pause Young (Normal) (G1 Evacuation Pause) 60M->54M(75M) 7.862ms
Dec 24 12:21:13 burnside uvmconsole: [3323388.483s][info][gc] GC(383333) Pause Young (Normal) (G1 Evacuation Pause) 60M->54M(75M) 11.110ms
Dec 24 12:21:16 burnside uvmconsole: [3323391.679s][info][gc] GC(383334) Pause Young (Normal) (G1 Evacuation Pause) 60M->54M(75M) 8.688ms
Dec 24 12:21:17 burnside uvmconsole: [3323392.497s][info][gc] GC(383335) Pause Young (Normal) (G1 Evacuation Pause) 60M->54M(75M) 9.591ms
Dec 24 12:21:18 burnside uvmconsole: [3323393.669s][info][gc] GC(383336) Pause Young (Normal) (G1 Evacuation Pause) 60M->54M(75M) 7.857ms
Dec 24 12:21:22 burnside uvmconsole: [3323397.060s][info][gc] GC(383337) Pause Young (Normal) (G1 Evacuation Pause) 60M->54M(75M) 8.562ms
Dec 24 12:21:23 burnside uvmconsole: [3323398.105s][info][gc] GC(383338) Pause Young (Normal) (G1 Evacuation Pause) 60M->54M(75M) 9.561ms
Dec 24 12:21:24 burnside uvmconsole: [3323398.759s][info][gc] GC(383339) Pause Young (Normal) (G1 Evacuation Pause) 60M->54M(75M) 8.596ms
Dec 24 12:21:25 burnside uvmconsole: [3323400.202s][info][gc] GC(383340) Pause Young (Normal) (G1 Evacuation Pause) 60M->54M(75M) 7.686ms
Dec 24 12:21:27 burnside uvmconsole: [3323402.634s][info][gc] GC(383341) Pause Young (Normal) (G1 Evacuation Pause) 60M->54M(75M) 9.030ms
Dec 24 12:21:30 burnside uvmconsole: [3323405.207s][info][gc] GC(383342) Pause Young (Normal) (G1 Evacuation Pause) 60M->54M(75M) 8.767ms
Dec 24 12:21:31 burnside uvmconsole: [3323406.460s][info][gc] GC(383343) Pause Young (Normal) (G1 Evacuation Pause) 60M->54M(75M) 8.890ms
Dec 24 12:21:32 burnside uvmconsole: [3323406.850s][info][gc] GC(383344) Pause Young (Normal) (G1 Evacuation Pause) 60M->54M(75M) 8.046ms
Dec 24 12:21:34 burnside uvmconsole: [3323409.036s][info][gc] GC(383345) Pause Young (Normal) (G1 Evacuation Pause) 60M->54M(75M) 11.009ms
Dec 24 12:21:37 burnside uvmconsole: [3323411.982s][info][gc] GC(383346) Pause Young (Normal) (G1 Evacuation Pause) 60M->54M(75M) 13.237ms
Dec 24 12:21:38 burnside uvmconsole: [3323412.961s][info][gc] GC(383347) Pause Young (Normal) (G1 Evacuation Pause) 60M->54M(75M) 20.129ms
Dec 24 12:21:40 burnside uvmconsole: [3323414.927s][info][gc] GC(383348) Pause Young (Normal) (G1 Evacuation Pause) 60M->54M(75M) 8.014ms
Dec 24 12:21:43 burnside uvmconsole: [3323417.802s][info][gc] GC(383349) Pause Young (Normal) (G1 Evacuation Pause) 60M->54M(75M) 9.342ms
Dec 24 12:21:45 burnside uvmconsole: [3323420.287s][info][gc] GC(383350) Pause Young (Normal) (G1 Evacuation Pause) 60M->55M(75M) 8.521ms
Dec 24 12:21:48 burnside uvmconsole: [3323423.134s][info][gc] GC(383351) Pause Young (Normal) (G1 Evacuation Pause) 61M->55M(75M) 9.484ms
Dec 24 12:21:51 burnside uvmconsole: [3323426.028s][info][gc] GC(383352) Pause Full (System.gc()) 61M->50M(75M) 348.392ms
Dec 24 12:21:53 burnside uvmconsole: [3323427.969s][info][gc] GC(383353) Pause Young (Normal) (G1 Evacuation Pause) 59M->50M(75M) 7.280ms
Dec 24 12:21:58 burnside uvmconsole: [3323433.213s][info][gc] GC(383354) Pause Young (Normal) (G1 Evacuation Pause) 59M->50M(75M) 9.092ms
Dec 24 12:22:01 burnside uvmconsole: [3323435.777s][info][gc] GC(383355) Pause Young (Normal) (G1 Evacuation Pause) 59M->50M(75M) 8.361ms
Dec 24 12:22:04 burnside uvmconsole: [3323438.790s][info][gc] GC(383356) Pause Young (Normal) (G1 Evacuation Pause) 60M->51M(75M) 10.737ms
Dec 24 12:22:06 burnside uvmconsole: [3323441.123s][info][gc] GC(383357) Pause Young (Normal) (G1 Evacuation Pause) 61M->51M(75M) 8.154ms
Dec 24 12:22:09 burnside uvmconsole: [3323443.922s][info][gc] GC(383358) Pause Young (Normal) (G1 Evacuation Pause) 61M->51M(75M) 10.165ms
Dec 24 12:22:12 burnside uvmconsole: [3323447.411s][info][gc] GC(383359) Pause Young (Normal) (G1 Evacuation Pause) 61M->51M(90M) 8.427ms
Dec 24 12:22:19 burnside uvmconsole: [3323453.864s][info][gc] GC(383360) Pause Young (Normal) (G1 Evacuation Pause) 68M->51M(90M) 9.419ms
Dec 24 12:22:26 burnside uvmconsole: [3323461.502s][info][gc] GC(383361) Pause Young (Normal) (G1 Evacuation Pause) 69M->51M(90M) 9.858ms
Dec 24 12:22:35 burnside uvmconsole: [3323470.140s][info][gc] GC(383362) Pause Young (Normal) (G1 Evacuation Pause) 69M->51M(90M) 10.408ms
Dec 24 12:22:51 burnside uvmconsole: [3323485.986s][info][gc] GC(383363) Pause Young (Normal) (G1 Evacuation Pause) 71M->51M(90M) 10.786ms
Dec 24 12:22:59 burnside uvmconsole: [3323494.497s][info][gc] GC(383364) Pause Young (Normal) (G1 Evacuation Pause) 71M->51M(90M) 11.476ms
Dec 24 12:23:03 burnside uvmconsole: [3323497.762s][info][gc] GC(383365) Pause Young (Normal) (G1 Evacuation Pause) 71M->51M(90M) 12.447ms
Dec 24 12:23:09 burnside uvmconsole: [3323504.071s][info][gc] GC(383366) Pause Young (Normal) (G1 Evacuation Pause) 72M->52M(90M) 11.745ms
Dec 24 12:23:19 burnside uvmconsole: [3323513.771s][info][gc] GC(383367) Pause Young (Normal) (G1 Evacuation Pause) 73M->52M(90M) 11.464ms
Dec 24 12:23:30 burnside uvmconsole: [3323525.347s][info][gc] GC(383368) Pause Young (Normal) (G1 Evacuation Pause) 73M->52M(90M) 13.587ms
Dec 24 12:23:38 burnside uvmconsole: [3323533.219s][info][gc] GC(383369) Pause Young (Normal) (G1 Evacuation Pause) 73M->52M(90M) 12.476ms
Dec 24 12:23:47 burnside uvmconsole: [3323542.089s][info][gc] GC(383370) Pause Young (Normal) (G1 Evacuation Pause) 73M->52M(90M) 14.453ms
Dec 24 12:23:53 burnside uvmconsole: [3323548.644s][info][gc] GC(383371) Pause Young (Normal) (G1 Evacuation Pause) 73M->52M(90M) 11.259ms
Dec 24 12:24:03 burnside uvmconsole: [3323558.661s][info][gc] GC(383372) Pause Young (Normal) (G1 Evacuation Pause) 73M->52M(90M) 13.411ms
Dec 24 12:24:10 burnside uvmconsole: [3323565.381s][info][gc] GC(383373) Pause Young (Normal) (G1 Evacuation Pause) 73M->52M(90M) 12.375ms
Dec 24 12:24:16 burnside uvmconsole: [3323570.863s][info][gc] GC(383374) Pause Young (Normal) (G1 Evacuation Pause) 73M->52M(90M) 11.896ms
Dec 24 12:24:24 burnside uvmconsole: [3323578.908s][info][gc] GC(383375) Pause Young (Normal) (G1 Evacuation Pause) 74M->52M(90M) 11.655ms
Dec 24 12:24:30 burnside uvmconsole: [3323585.651s][info][gc] GC(383376) Pause Young (Normal) (G1 Evacuation Pause) 74M->52M(90M) 13.733ms
Dec 24 12:24:36 burnside uvmconsole: [3323591.310s][info][gc] GC(383377) Pause Young (Normal) (G1 Evacuation Pause) 74M->52M(90M) 13.143ms
Dec 24 12:24:45 burnside uvmconsole: [3323600.178s][info][gc] GC(383378) Pause Young (Normal) (G1 Evacuation Pause) 74M->52M(90M) 11.395ms
Dec 24 12:24:51 burnside uvmconsole: [3323606.581s][info][gc] GC(383379) Pause Young (Normal) (G1 Evacuation Pause) 74M->52M(90M) 10.953ms
Dec 24 12:25:04 burnside uvmconsole: [3323619.703s][info][gc] GC(383380) Pause Young (Normal) (G1 Evacuation Pause) 74M->52M(90M) 17.397ms
Dec 24 12:25:08 burnside uvmconsole: [3323623.372s][info][gc] GC(383381) Pause Young (Normal) (G1 Evacuation Pause) 74M->52M(90M) 14.738ms
Dec 24 12:25:19 burnside uvmconsole: [3323633.824s][info][gc] GC(383382) Pause Young (Normal) (G1 Evacuation Pause) 74M->52M(90M) 11.955ms
Dec 24 12:25:43 burnside uvmconsole: [3323657.775s][info][gc] GC(383383) Pause Young (Normal) (G1 Evacuation Pause) 74M->52M(90M) 12.146ms
Dec 24 12:25:55 burnside uvmconsole: [3323670.268s][info][gc] GC(383384) Pause Young (Normal) (G1 Evacuation Pause) 74M->52M(90M) 11.738ms
Dec 24 12:26:08 burnside uvmconsole: [3323683.534s][info][gc] GC(383385) Pause Young (Normal) (G1 Evacuation Pause) 74M->53M(90M) 12.572ms
Dec 24 12:26:25 burnside uvmconsole: [3323699.961s][info][gc] GC(383386) Pause Young (Normal) (G1 Evacuation Pause) 75M->53M(90M) 13.593ms
Dec 24 12:26:50 burnside uvmconsole: [3323724.957s][info][gc] GC(383387) Pause Young (Normal) (G1 Evacuation Pause) 75M->53M(90M) 11.576ms
Dec 24 12:26:51 burnside uvmconsole: [3323726.013s][info][gc] GC(383388) Pause Full (System.gc()) 54M->49M(76M) 333.313ms
Dec 24 12:26:59 burnside uvmconsole: [3323734.403s][info][gc] GC(383389) Pause Young (Concurrent Start) (G1 Evacuation Pause) 63M->50M(76M) 10.013ms
Dec 24 12:26:59 burnside uvmconsole: [3323734.403s][info][gc] GC(383390) Concurrent Cycle
Dec 24 12:27:00 burnside uvmconsole: [3323734.794s][info][gc] GC(383390) Pause Remark 50M->50M(76M) 43.743ms
Dec 24 12:27:00 burnside uvmconsole: [3323735.001s][info][gc] GC(383390) Pause Cleanup 51M->51M(76M) 0.493ms
Dec 24 12:27:00 burnside uvmconsole: [3323735.003s][info][gc] GC(383390) Concurrent Cycle 600.095ms
Dec 24 12:27:02 burnside uvmconsole: [3323736.868s][info][gc] GC(383391) Pause Young (Normal) (G1 Evacuation Pause) 63M->50M(76M) 11.878ms
Dec 24 12:27:04 burnside uvmconsole: [3323739.190s][info][gc] GC(383392) Pause Young (Normal) (G1 Evacuation Pause) 62M->50M(76M) 8.541ms
Dec 24 12:27:14 burnside uvmconsole: [3323749.454s][info][gc] GC(383393) Pause Young (Normal) (G1 Evacuation Pause) 62M->50M(76M) 9.154ms
Dec 24 12:27:27 burnside uvmconsole: [3323762.067s][info][gc] GC(383394) Pause Young (Normal) (G1 Evacuation Pause) 62M->50M(76M) 9.432ms
Dec 24 12:27:35 burnside uvmconsole: [3323769.780s][info][gc] GC(383395) Pause Young (Normal) (G1 Evacuation Pause) 62M->50M(76M) 9.708ms
Dec 24 12:27:43 burnside uvmconsole: [3323778.572s][info][gc] GC(383396) Pause Young (Normal) (G1 Evacuation Pause) 61M->50M(76M) 11.638ms
Dec 24 12:27:52 burnside uvmconsole: [3323787.470s][info][gc] GC(383397) Pause Young (Normal) (G1 Evacuation Pause) 60M->50M(76M) 9.249ms
Dec 24 12:27:59 burnside uvmconsole: [3323794.194s][info][gc] GC(383398) Pause Young (Normal) (G1 Evacuation Pause) 60M->51M(76M) 9.876ms
Dec 24 12:28:02 burnside uvmconsole: [3323797.263s][info][gc] GC(383399) Pause Young (Normal) (G1 Evacuation Pause) 62M->51M(76M) 10.730ms
Dec 24 12:28:14 burnside uvmconsole: [3323809.330s][info][gc] GC(383400) Pause Young (Normal) (G1 Evacuation Pause) 61M->51M(76M) 10.184ms
Dec 24 12:28:21 burnside uvmconsole: [3323816.066s][info][gc] GC(383401) Pause Young (Normal) (G1 Evacuation Pause) 62M->51M(76M) 8.194ms
Dec 24 12:28:30 burnside uvmconsole: [3323825.344s][info][gc] GC(383402) Pause Young (Normal) (G1 Evacuation Pause) 62M->51M(76M) 9.411ms
Dec 24 12:28:39 burnside uvmconsole: [3323833.878s][info][gc] GC(383403) Pause Young (Normal) (G1 Evacuation Pause) 62M->51M(76M) 9.043ms
Dec 24 12:28:51 burnside uvmconsole: [3323846.453s][info][gc] GC(383404) Pause Young (Normal) (G1 Evacuation Pause) 62M->51M(76M) 9.249ms
Dec 24 12:28:54 burnside uvmconsole: [3323849.169s][info][gc] GC(383405) Pause Young (Normal) (G1 Evacuation Pause) 62M->51M(76M) 10.342ms
Dec 24 12:28:57 burnside uvmconsole: [3323852.524s][info][gc] GC(383406) Pause Young (Normal) (G1 Evacuation Pause) 61M->51M(76M) 11.065ms
Dec 24 12:29:01 burnside uvmconsole: [3323856.711s][info][gc] GC(383407) Pause Young (Normal) (G1 Evacuation Pause) 61M->52M(76M) 10.901ms
Dec 24 12:29:04 burnside uvmconsole: [3323859.274s][info][gc] GC(383408) Pause Young (Normal) (G1 Evacuation Pause) 61M->52M(76M) 11.087ms
Dec 24 12:29:07 burnside uvmconsole: [3323861.988s][info][gc] GC(383409) Pause Young (Normal) (G1 Evacuation Pause) 61M->52M(76M) 9.443ms
Dec 24 12:29:19 burnside uvmconsole: [3323874.047s][info][gc] GC(383410) Pause Young (Normal) (G1 Evacuation Pause) 62M->52M(76M) 8.576ms
Dec 24 12:29:23 burnside uvmconsole: [3323878.290s][info][gc] GC(383411) Pause Young (Normal) (G1 Evacuation Pause) 62M->52M(76M) 10.172ms
Dec 24 12:29:26 burnside uvmconsole: [3323881.560s][info][gc] GC(383412) Pause Young (Normal) (G1 Evacuation Pause) 62M->52M(76M) 10.742ms
Dec 24 12:29:36 burnside uvmconsole: [3323891.124s][info][gc] GC(383413) Pause Young (Normal) (G1 Evacuation Pause) 61M->52M(76M) 10.794ms
Dec 24 12:29:46 burnside uvmconsole: [3323901.628s][info][gc] GC(383414) Pause Young (Normal) (G1 Evacuation Pause) 61M->52M(76M) 10.705ms
Dec 24 12:29:56 burnside uvmconsole: [3323911.160s][info][gc] GC(383415) Pause Young (Normal) (G1 Evacuation Pause) 61M->52M(76M) 12.771ms
Dec 24 12:30:03 burnside uvmconsole: [3323918.121s][info][gc] GC(383416) Pause Young (Normal) (G1 Evacuation Pause) 61M->53M(76M) 12.122ms
Dec 24 12:30:06 burnside uvmconsole: [3323921.644s][info][gc] GC(383417) Pause Young (Normal) (G1 Evacuation Pause) 61M->53M(76M) 10.963ms
Dec 24 12:30:13 burnside uvmconsole: [3323928.144s][info][gc] GC(383418) Pause Young (Normal) (G1 Evacuation Pause) 62M->53M(76M) 9.176ms
Dec 24 12:30:24 burnside uvmconsole: [3323939.381s][info][gc] GC(383419) Pause Young (Normal) (G1 Evacuation Pause) 62M->53M(76M) 8.636ms
Dec 24 12:30:34 burnside uvmconsole: [3323948.777s][info][gc] GC(383420) Pause Young (Normal) (G1 Evacuation Pause) 62M->53M(76M) 10.095ms
Dec 24 12:30:37 burnside uvmconsole: [3323952.150s][info][gc] GC(383421) Pause Young (Normal) (G1 Evacuation Pause) 62M->53M(76M) 10.720ms
Dec 24 12:30:41 burnside uvmconsole: [3323956.564s][info][gc] GC(383422) Pause Young (Normal) (G1 Evacuation Pause) 61M->53M(76M) 10.774ms
Dec 24 12:30:43 burnside uvmconsole: [3323958.657s][info][gc] GC(383423) Pause Young (Normal) (G1 Evacuation Pause) 61M->53M(76M) 9.518ms
Dec 24 12:30:48 burnside uvmconsole: [3323963.383s][info][gc] GC(383424) Pause Young (Normal) (G1 Evacuation Pause) 61M->54M(76M) 15.749ms
Dec 24 12:30:52 burnside uvmconsole: [3323966.773s][info][gc] GC(383425) Pause Young (Normal) (G1 Evacuation Pause) 61M->53M(76M) 10.549ms
Dec 24 12:30:57 burnside uvmconsole: [3323972.525s][info][gc] GC(383426) Pause Young (Normal) (G1 Evacuation Pause) 61M->53M(76M) 9.378ms
Dec 24 12:31:00 burnside uvmconsole: [3323975.572s][info][gc] GC(383427) Pause Young (Normal) (G1 Evacuation Pause) 60M->54M(76M) 10.031ms
Dec 24 12:31:07 burnside uvmconsole: [3323982.621s][info][gc] GC(383428) Pause Young (Normal) (G1 Evacuation Pause) 61M->54M(76M) 11.254ms
Dec 24 12:31:09 burnside uvmconsole: [3323984.006s][info][gc] GC(383429) Pause Young (Normal) (G1 Evacuation Pause) 61M->54M(76M) 9.283ms
Dec 24 12:31:11 burnside uvmconsole: [3323986.312s][info][gc] GC(383430) Pause Young (Normal) (G1 Evacuation Pause) 61M->54M(76M) 10.261ms
Dec 24 12:31:13 burnside uvmconsole: [3323987.955s][info][gc] GC(383431) Pause Young (Normal) (G1 Evacuation Pause) 62M->54M(76M) 9.228ms
Dec 24 12:31:17 burnside uvmconsole: [3323991.787s][info][gc] GC(383432) Pause Young (Normal) (G1 Evacuation Pause) 62M->54M(76M) 8.556ms
Dec 24 12:31:24 burnside uvmconsole: [3323999.150s][info][gc] GC(383433) Pause Young (Normal) (G1 Evacuation Pause) 62M->54M(76M) 10.516ms
Dec 24 12:31:35 burnside uvmconsole: [3324009.794s][info][gc] GC(383434) Pause Young (Normal) (G1 Evacuation Pause) 62M->54M(76M) 9.366ms
Dec 24 12:31:46 burnside uvmconsole: [3324021.542s][info][gc] GC(383435) Pause Young (Normal) (G1 Evacuation Pause) 62M->54M(76M) 10.280ms
Dec 24 12:31:51 burnside uvmconsole: [3324026.024s][info][gc] GC(383436) Pause Full (System.gc()) 56M->50M(75M) 344.126ms
Dec 24 12:31:59 burnside uvmconsole: [3324034.191s][info][gc] GC(383437) Pause Young (Normal) (G1 Evacuation Pause) 59M->50M(75M) 6.879ms
Dec 24 12:32:00 burnside uvmconsole: [3324035.514s][info][gc] GC(383438) Pause Young (Normal) (G1 Evacuation Pause) 59M->50M(75M) 7.572ms
Dec 24 12:32:07 burnside uvmconsole: [3324041.758s][info][gc] GC(383439) Pause Young (Normal) (G1 Evacuation Pause) 60M->50M(75M) 6.767ms
Dec 24 12:32:23 burnside uvmconsole: [3324058.527s][info][gc] GC(383440) Pause Young (Normal) (G1 Evacuation Pause) 60M->50M(75M) 7.338ms
Dec 24 12:32:39 burnside uvmconsole: [3324073.774s][info][gc] GC(383441) Pause Young (Normal) (G1 Evacuation Pause) 60M->50M(75M) 7.436ms
Dec 24 12:32:43 burnside uvmconsole: [3324078.430s][info][gc] GC(383442) Pause Young (Normal) (G1 Evacuation Pause) 61M->50M(75M) 7.766ms
Dec 24 12:32:51 burnside uvmconsole: [3324086.629s][info][gc] GC(383443) Pause Young (Normal) (G1 Evacuation Pause) 61M->50M(75M) 8.346ms
Dec 24 12:33:00 burnside uvmconsole: [3324094.799s][info][gc] GC(383444) Pause Young (Normal) (G1 Evacuation Pause) 61M->51M(75M) 9.773ms
Dec 24 12:33:04 burnside uvmconsole: [3324099.076s][info][gc] GC(383445) Pause Young (Normal) (G1 Evacuation Pause) 62M->51M(75M) 8.711ms
Dec 24 12:33:15 burnside uvmconsole: [3324110.062s][info][gc] GC(383446) Pause Young (Normal) (G1 Evacuation Pause) 62M->50M(75M) 8.724ms
Dec 24 12:33:21 burnside uvmconsole: [3324116.714s][info][gc] GC(383447) Pause Young (Normal) (G1 Evacuation Pause) 61M->51M(75M) 14.414ms
Dec 24 12:33:26 burnside uvmconsole: [3324120.846s][info][gc] GC(383448) Pause Young (Normal) (G1 Evacuation Pause) 62M->51M(75M) 10.176ms
Dec 24 12:33:33 burnside uvmconsole: [3324128.642s][info][gc] GC(383449) Pause Young (Normal) (G1 Evacuation Pause) 62M->51M(75M) 9.286ms
Dec 24 12:33:44 burnside uvmconsole: [3324138.806s][info][gc] GC(383450) Pause Young (Normal) (G1 Evacuation Pause) 61M->51M(75M) 18.334ms
Dec 24 12:33:53 burnside uvmconsole: [3324148.441s][info][gc] GC(383451) Pause Young (Normal) (G1 Evacuation Pause) 61M->51M(75M) 10.308ms
Dec 24 12:34:03 burnside uvmconsole: [3324158.641s][info][gc] GC(383452) Pause Young (Normal) (G1 Evacuation Pause) 61M->51M(75M) 9.636ms
Dec 24 12:34:10 burnside uvmconsole: [3324165.533s][info][gc] GC(383453) Pause Young (Normal) (G1 Evacuation Pause) 61M->51M(75M) 9.448ms
Dec 24 12:34:22 burnside uvmconsole: [3324176.919s][info][gc] GC(383454) Pause Young (Normal) (G1 Evacuation Pause) 62M->51M(75M) 9.783ms
Dec 24 12:34:31 burnside uvmconsole: [3324186.436s][info][gc] GC(383455) Pause Young (Normal) (G1 Evacuation Pause) 61M->51M(75M) 10.472ms
Dec 24 12:34:39 burnside uvmconsole: [3324194.257s][info][gc] GC(383456) Pause Young (Normal) (G1 Evacuation Pause) 62M->51M(75M) 9.433ms
Dec 24 12:34:51 burnside uvmconsole: [3324206.680s][info][gc] GC(383457) Pause Young (Normal) (G1 Evacuation Pause) 62M->51M(75M) 9.557ms
Dec 24 12:34:59 burnside uvmconsole: [3324214.191s][info][gc] GC(383458) Pause Young (Normal) (G1 Evacuation Pause) 61M->51M(75M) 8.419ms
Dec 24 12:35:03 burnside uvmconsole: [3324217.943s][info][gc] GC(383459) Pause Young (Normal) (G1 Evacuation Pause) 61M->51M(75M) 11.309ms
Dec 24 12:35:06 burnside uvmconsole: [3324220.859s][info][gc] GC(383460) Pause Young (Normal) (G1 Evacuation Pause) 60M->52M(75M) 11.572ms
Dec 24 12:35:10 burnside uvmconsole: [3324225.054s][info][gc] GC(383461) Pause Young (Normal) (G1 Evacuation Pause) 61M->52M(75M) 10.273ms
Dec 24 12:35:16 burnside uvmconsole: [3324231.511s][info][gc] GC(383462) Pause Young (Normal) (G1 Evacuation Pause) 62M->52M(75M) 9.501ms
Dec 24 12:35:23 burnside uvmconsole: [3324238.468s][info][gc] GC(383463) Pause Young (Normal) (G1 Evacuation Pause) 61M->52M(75M) 10.028ms
Dec 24 12:35:30 burnside uvmconsole: [3324244.760s][info][gc] GC(383464) Pause Young (Normal) (G1 Evacuation Pause) 62M->52M(75M) 10.143ms
Dec 24 12:35:37 burnside uvmconsole: [3324252.482s][info][gc] GC(383465) Pause Young (Normal) (G1 Evacuation Pause) 62M->52M(75M) 10.461ms
Dec 24 12:35:43 burnside uvmconsole: [3324258.660s][info][gc] GC(383466) Pause Young (Normal) (G1 Evacuation Pause) 62M->52M(75M) 9.590ms
Dec 24 12:35:47 burnside uvmconsole: [3324261.900s][info][gc] GC(383467) Pause Young (Normal) (G1 Evacuation Pause) 62M->52M(75M) 9.777ms
Dec 24 12:35:50 burnside uvmconsole: [3324265.308s][info][gc] GC(383468) Pause Young (Normal) (G1 Evacuation Pause) 62M->52M(75M) 9.195ms
Dec 24 12:35:56 burnside uvmconsole: [3324270.874s][info][gc] GC(383469) Pause Young (Normal) (G1 Evacuation Pause) 61M->52M(75M) 11.398ms
Dec 24 12:36:00 burnside uvmconsole: [3324275.193s][info][gc] GC(383470) Pause Young (Normal) (G1 Evacuation Pause) 61M->52M(75M) 11.900ms
Dec 24 12:36:02 burnside uvmconsole: [3324277.375s][info][gc] GC(383471) Pause Young (Normal) (G1 Evacuation Pause) 61M->52M(75M) 14.051ms
Dec 24 12:36:04 burnside uvmconsole: [3324279.188s][info][gc] GC(383472) Pause Young (Normal) (G1 Evacuation Pause) 61M->53M(75M) 10.901ms
Dec 24 12:36:06 burnside uvmconsole: [3324281.429s][info][gc] GC(383473) Pause Young (Normal) (G1 Evacuation Pause) 62M->53M(75M) 11.001ms
Dec 24 12:36:08 burnside uvmconsole: [3324283.369s][info][gc] GC(383474) Pause Young (Normal) (G1 Evacuation Pause) 62M->53M(75M) 10.689ms
Dec 24 12:36:09 burnside uvmconsole: [3324284.504s][info][gc] GC(383475) Pause Young (Normal) (G1 Evacuation Pause) 61M->53M(75M) 10.850ms
Dec 24 12:36:19 burnside uvmconsole: [3324294.723s][info][gc] GC(383476) Pause Young (Normal) (G1 Evacuation Pause) 62M->53M(75M) 15.934ms
Dec 24 12:36:28 burnside uvmconsole: [3324303.549s][info][gc] GC(383477) Pause Young (Normal) (G1 Evacuation Pause) 62M->53M(75M) 9.709ms
Dec 24 12:36:31 burnside uvmconsole: [3324306.415s][info][gc] GC(383478) Pause Young (Normal) (G1 Evacuation Pause) 61M->53M(75M) 9.474ms
Dec 24 12:36:38 burnside uvmconsole: [3324313.661s][info][gc] GC(383479) Pause Young (Normal) (G1 Evacuation Pause) 61M->53M(75M) 10.192ms
Dec 24 12:36:44 burnside uvmconsole: [3324319.269s][info][gc] GC(383480) Pause Young (Normal) (G1 Evacuation Pause) 61M->53M(75M) 11.451ms
Dec 24 12:36:49 burnside uvmconsole: [3324324.733s][info][gc] GC(383481) Pause Young (Normal) (G1 Evacuation Pause) 62M->54M(75M) 10.459ms
Dec 24 12:36:51 burnside uvmconsole: [3324326.034s][info][gc] GC(383482) Pause Full (System.gc()) 59M->50M(75M) 354.465ms
Dec 24 12:36:57 burnside uvmconsole: [3324332.597s][info][gc] GC(383483) Pause Young (Normal) (G1 Evacuation Pause) 60M->50M(75M) 7.048ms
Dec 24 12:37:01 burnside uvmconsole: [3324336.103s][info][gc] GC(383484) Pause Young (Normal) (G1 Evacuation Pause) 60M->51M(75M) 9.298ms
Dec 24 12:37:02 burnside uvmconsole: [3324337.627s][info][gc] GC(383485) Pause Young (Normal) (G1 Evacuation Pause) 61M->51M(75M) 9.152ms
Dec 24 12:37:07 burnside uvmconsole: [3324342.529s][info][gc] GC(383486) Pause Young (Normal) (G1 Evacuation Pause) 61M->51M(75M) 7.559ms
Dec 24 12:37:13 burnside uvmconsole: [3324348.617s][info][gc] GC(383487) Pause Young (Normal) (G1 Evacuation Pause) 61M->51M(75M) 8.463ms
Dec 24 12:37:23 burnside uvmconsole: [3324358.404s][info][gc] GC(383488) Pause Young (Normal) (G1 Evacuation Pause) 61M->51M(75M) 8.692ms
Dec 24 12:37:31 burnside uvmconsole: [3324365.894s][info][gc] GC(383489) Pause Young (Normal) (G1 Evacuation Pause) 61M->51M(75M) 8.159ms
Dec 24 12:37:35 burnside uvmconsole: [3324370.266s][info][gc] GC(383490) Pause Young (Normal) (G1 Evacuation Pause) 61M->51M(75M) 8.277ms
Dec 24 12:37:43 burnside uvmconsole: [3324377.831s][info][gc] GC(383491) Pause Young (Normal) (G1 Evacuation Pause) 61M->51M(75M) 10.130ms
Dec 24 12:37:49 burnside uvmconsole: [3324384.150s][info][gc] GC(383492) Pause Young (Normal) (G1 Evacuation Pause) 61M->51M(75M) 9.584ms
Dec 24 12:37:55 burnside uvmconsole: [3324390.048s][info][gc] GC(383493) Pause Young (Normal) (G1 Evacuation Pause) 61M->51M(75M) 9.796ms
Dec 24 12:38:01 burnside uvmconsole: [3324396.273s][info][gc] GC(383494) Pause Young (Normal) (G1 Evacuation Pause) 61M->51M(75M) 10.500ms
Dec 24 12:38:03 burnside uvmconsole: [3324398.661s][info][gc] GC(383495) Pause Young (Normal) (G1 Evacuation Pause) 61M->51M(75M) 12.722ms
Dec 24 12:38:07 burnside uvmconsole: [3324402.104s][info][gc] GC(383496) Pause Young (Normal) (G1 Evacuation Pause) 60M->51M(75M) 9.338ms
Dec 24 12:38:13 burnside uvmconsole: [3324408.641s][info][gc] GC(383497) Pause Young (Normal) (G1 Evacuation Pause) 60M->51M(75M) 9.785ms
Dec 24 12:38:21 burnside uvmconsole: [3324416.511s][info][gc] GC(383498) Pause Young (Normal) (G1 Evacuation Pause) 60M->51M(75M) 9.679ms
Dec 24 12:38:27 burnside uvmconsole: [3324422.018s][info][gc] GC(383499) Pause Young (Normal) (G1 Evacuation Pause) 60M->51M(75M) 9.582ms
Dec 24 12:38:34 burnside uvmconsole: [3324429.594s][info][gc] GC(383500) Pause Young (Normal) (G1 Evacuation Pause) 60M->51M(75M) 9.735ms
Dec 24 12:38:42 burnside uvmconsole: [3324437.390s][info][gc] GC(383501) Pause Young (Normal) (G1 Evacuation Pause) 59M->51M(75M) 10.612ms
Dec 24 12:38:44 burnside uvmconsole: [3324439.717s][info][gc] GC(383502) Pause Young (Normal) (G1 Evacuation Pause) 60M->51M(75M) 9.997ms
Dec 24 12:38:50 burnside uvmconsole: [3324444.823s][info][gc] GC(383503) Pause Young (Normal) (G1 Evacuation Pause) 60M->51M(75M) 9.453ms
Dec 24 12:38:53 burnside uvmconsole: [3324448.664s][info][gc] GC(383504) Pause Young (Normal) (G1 Evacuation Pause) 60M->51M(75M) 9.964ms
Dec 24 12:38:59 burnside uvmconsole: [3324454.195s][info][gc] GC(383505) Pause Young (Normal) (G1 Evacuation Pause) 60M->51M(75M) 9.022ms
Dec 24 12:39:05 burnside uvmconsole: [3324460.378s][info][gc] GC(383506) Pause Young (Normal) (G1 Evacuation Pause) 60M->52M(75M) 10.639ms
Dec 24 12:39:10 burnside uvmconsole: [3324464.814s][info][gc] GC(383507) Pause Young (Normal) (G1 Evacuation Pause) 60M->52M(75M) 9.282ms
Dec 24 12:39:12 burnside uvmconsole: [3324467.307s][info][gc] GC(383508) Pause Young (Normal) (G1 Evacuation Pause) 61M->52M(75M) 11.092ms
Dec 24 12:39:20 burnside uvmconsole: [3324475.603s][info][gc] GC(383509) Pause Young (Normal) (G1 Evacuation Pause) 61M->52M(75M) 8.844ms
Dec 24 12:39:27 burnside uvmconsole: [3324482.412s][info][gc] GC(383510) Pause Young (Normal) (G1 Evacuation Pause) 61M->52M(75M) 9.981ms
Dec 24 12:39:36 burnside uvmconsole: [3324491.602s][info][gc] GC(383511) Pause Young (Normal) (G1 Evacuation Pause) 61M->52M(75M) 9.773ms
Dec 24 12:39:46 burnside uvmconsole: [3324501.348s][info][gc] GC(383512) Pause Young (Normal) (G1 Evacuation Pause) 61M->52M(75M) 9.450ms
Dec 24 12:39:51 burnside uvmconsole: [3324506.656s][info][gc] GC(383513) Pause Young (Normal) (G1 Evacuation Pause) 61M->52M(75M) 9.185ms
Dec 24 12:39:57 burnside uvmconsole: [3324511.940s][info][gc] GC(383514) Pause Young (Normal) (G1 Evacuation Pause) 60M->52M(75M) 9.665ms
Dec 24 12:40:01 burnside uvmconsole: [3324516.453s][info][gc] GC(383515) Pause Young (Normal) (G1 Evacuation Pause) 61M->52M(75M) 12.123ms
Dec 24 12:40:07 burnside uvmconsole: [3324522.240s][info][gc] GC(383516) Pause Young (Normal) (G1 Evacuation Pause) 61M->52M(75M) 10.142ms
Dec 24 12:40:13 burnside uvmconsole: [3324528.501s][info][gc] GC(383517) Pause Young (Normal) (G1 Evacuation Pause) 61M->52M(75M) 9.921ms
Dec 24 12:40:22 burnside uvmconsole: [3324537.578s][info][gc] GC(383518) Pause Young (Normal) (G1 Evacuation Pause) 61M->52M(75M) 8.541ms
Dec 24 12:40:29 burnside uvmconsole: [3324544.383s][info][gc] GC(383519) Pause Young (Normal) (G1 Evacuation Pause) 61M->52M(75M) 9.659ms
Dec 24 12:40:33 burnside uvmconsole: [3324547.987s][info][gc] GC(383520) Pause Young (Normal) (G1 Evacuation Pause) 61M->52M(75M) 10.030ms
Dec 24 12:40:40 burnside uvmconsole: [3324555.043s][info][gc] GC(383521) Pause Young (Normal) (G1 Evacuation Pause) 61M->52M(75M) 9.821ms
Dec 24 12:40:49 burnside uvmconsole: [3324564.459s][info][gc] GC(383522) Pause Young (Normal) (G1 Evacuation Pause) 60M->52M(75M) 9.556ms
Dec 24 12:40:56 burnside uvmconsole: [3324571.725s][info][gc] GC(383523) Pause Young (Normal) (G1 Evacuation Pause) 61M->52M(75M) 9.651ms
Dec 24 12:41:02 burnside uvmconsole: [3324577.082s][info][gc] GC(383524) Pause Young (Normal) (G1 Evacuation Pause) 60M->52M(75M) 9.926ms
Dec 24 12:41:08 burnside uvmconsole: [3324583.159s][info][gc] GC(383525) Pause Young (Normal) (G1 Evacuation Pause) 60M->52M(75M) 12.898ms
Dec 24 12:41:09 burnside uvmconsole: [3324584.158s][info][gc] GC(383526) Pause Young (Normal) (G1 Evacuation Pause) 60M->53M(75M) 10.517ms
Dec 24 12:41:17 burnside uvmconsole: [3324592.520s][info][gc] GC(383527) Pause Young (Normal) (G1 Evacuation Pause) 61M->52M(75M) 10.146ms
Dec 24 12:41:24 burnside uvmconsole: [3324599.697s][info][gc] GC(383528) Pause Young (Normal) (G1 Evacuation Pause) 61M->52M(75M) 9.836ms
Dec 24 12:41:29 burnside uvmconsole: [3324604.731s][info][gc] GC(383529) Pause Young (Normal) (G1 Evacuation Pause) 61M->52M(75M) 9.482ms
Dec 24 12:41:35 burnside uvmconsole: [3324610.165s][info][gc] GC(383530) Pause Young (Normal) (G1 Evacuation Pause) 61M->52M(75M) 9.311ms
Dec 24 12:41:42 burnside uvmconsole: [3324616.754s][info][gc] GC(383531) Pause Young (Normal) (G1 Evacuation Pause) 61M->52M(75M) 8.781ms
Dec 24 12:41:47 burnside uvmconsole: [3324622.380s][info][gc] GC(383532) Pause Young (Normal) (G1 Evacuation Pause) 60M->52M(75M) 9.726ms
Dec 24 12:41:50 burnside uvmconsole: [3324625.474s][info][gc] GC(383533) Pause Young (Normal) (G1 Evacuation Pause) 60M->53M(75M) 8.914ms
Dec 24 12:41:51 burnside uvmconsole: [3324626.015s][info][gc] GC(383534) Pause Full (System.gc()) 54M->49M(75M) 335.037ms
Dec 24 12:41:57 burnside uvmconsole: [3324632.216s][info][gc] GC(383535) Pause Young (Normal) (G1 Evacuation Pause) 58M->49M(75M) 7.393ms
Dec 24 12:42:00 burnside uvmconsole: [3324635.663s][info][gc] GC(383536) Pause Young (Normal) (G1 Evacuation Pause) 58M->50M(75M) 8.321ms
Dec 24 12:42:03 burnside uvmconsole: [3324638.254s][info][gc] GC(383537) Pause Young (Normal) (G1 Evacuation Pause) 60M->50M(75M) 7.495ms
Dec 24 12:42:06 burnside uvmconsole: [3324641.474s][info][gc] GC(383538) Pause Young (Normal) (G1 Evacuation Pause) 60M->50M(75M) 9.280ms
Dec 24 12:42:11 burnside uvmconsole: [3324646.502s][info][gc] GC(383539) Pause Young (Normal) (G1 Evacuation Pause) 60M->50M(75M) 7.477ms
Dec 24 12:42:17 burnside uvmconsole: [3324652.671s][info][gc] GC(383540) Pause Young (Normal) (G1 Evacuation Pause) 60M->50M(75M) 8.957ms
Dec 24 12:42:25 burnside uvmconsole: [3324660.010s][info][gc] GC(383541) Pause Young (Normal) (G1 Evacuation Pause) 60M->50M(75M) 8.166ms
Dec 24 12:42:30 burnside uvmconsole: [3324665.701s][info][gc] GC(383542) Pause Young (Normal) (G1 Evacuation Pause) 60M->50M(75M) 8.959ms
Dec 24 12:42:34 burnside uvmconsole: [3324669.338s][info][gc] GC(383543) Pause Young (Normal) (G1 Evacuation Pause) 60M->50M(75M) 9.237ms
Dec 24 12:42:40 burnside uvmconsole: [3324675.007s][info][gc] GC(383544) Pause Young (Normal) (G1 Evacuation Pause) 60M->50M(75M) 8.423ms
Dec 24 12:42:51 burnside uvmconsole: [3324685.838s][info][gc] GC(383545) Pause Young (Normal) (G1 Evacuation Pause) 60M->50M(75M) 9.634ms
Dec 24 12:42:53 burnside uvmconsole: [3324688.143s][info][gc] GC(383546) Pause Young (Normal) (G1 Evacuation Pause) 60M->50M(75M) 9.654ms
Dec 24 12:42:57 burnside uvmconsole: [3324692.394s][info][gc] GC(383547) Pause Young (Normal) (G1 Evacuation Pause) 60M->50M(75M) 9.788ms
Dec 24 12:42:59 burnside uvmconsole: [3324694.084s][info][gc] GC(383548) Pause Young (Normal) (G1 Evacuation Pause) 60M->51M(75M) 12.832ms
Dec 24 12:43:00 burnside uvmconsole: [3324695.615s][info][gc] GC(383549) Pause Young (Normal) (G1 Evacuation Pause) 61M->51M(75M) 13.398ms
Dec 24 12:43:03 burnside uvmconsole: [3324697.757s][info][gc] GC(383550) Pause Young (Normal) (G1 Evacuation Pause) 60M->51M(75M) 12.728ms
Dec 24 12:43:06 burnside uvmconsole: [3324700.825s][info][gc] GC(383551) Pause Young (Normal) (G1 Evacuation Pause) 60M->51M(75M) 8.929ms
Dec 24 12:43:14 burnside uvmconsole: [3324708.754s][info][gc] GC(383552) Pause Young (Normal) (G1 Evacuation Pause) 60M->51M(75M) 7.888ms
Dec 24 12:43:21 burnside uvmconsole: [3324716.041s][info][gc] GC(383553) Pause Young (Normal) (G1 Evacuation Pause) 60M->51M(75M) 10.277ms
Dec 24 12:43:26 burnside uvmconsole: [3324721.463s][info][gc] GC(383554) Pause Young (Normal) (G1 Evacuation Pause) 60M->51M(75M) 8.424ms
Dec 24 12:43:32 burnside uvmconsole: [3324727.742s][info][gc] GC(383555) Pause Young (Normal) (G1 Evacuation Pause) 60M->51M(75M) 8.520ms
Dec 24 12:43:39 burnside uvmconsole: [3324734.727s][info][gc] GC(383556) Pause Young (Normal) (G1 Evacuation Pause) 60M->51M(75M) 9.079ms
Dec 24 12:43:44 burnside uvmconsole: [3324739.165s][info][gc] GC(383557) Pause Young (Normal) (G1 Evacuation Pause) 60M->51M(75M) 10.830ms
Dec 24 12:43:47 burnside uvmconsole: [3324742.567s][info][gc] GC(383558) Pause Young (Normal) (G1 Evacuation Pause) 60M->51M(75M) 9.274ms
Dec 24 12:43:52 burnside uvmconsole: [3324747.284s][info][gc] GC(383559) Pause Young (Normal) (G1 Evacuation Pause) 60M->51M(75M) 10.627ms
Dec 24 12:43:55 burnside uvmconsole: [3324750.086s][info][gc] GC(383560) Pause Young (Normal) (G1 Evacuation Pause) 60M->51M(75M) 10.066ms
Dec 24 12:43:58 burnside uvmconsole: [3324752.874s][info][gc] GC(383561) Pause Young (Normal) (G1 Evacuation Pause) 59M->51M(75M) 11.105ms
Dec 24 12:44:00 burnside uvmconsole: [3324754.810s][info][gc] GC(383562) Pause Young (Normal) (G1 Evacuation Pause) 60M->52M(75M) 10.823ms
Dec 24 12:44:05 burnside uvmconsole: [3324760.243s][info][gc] GC(383563) Pause Young (Normal) (G1 Evacuation Pause) 61M->52M(75M) 11.846ms
Dec 24 12:44:13 burnside uvmconsole: [3324768.321s][info][gc] GC(383564) Pause Young (Normal) (G1 Evacuation Pause) 61M->52M(75M) 9.656ms
Dec 24 12:44:26 burnside uvmconsole: [3324781.347s][info][gc] GC(383565) Pause Young (Normal) (G1 Evacuation Pause) 61M->52M(75M) 8.809ms
Dec 24 12:44:42 burnside uvmconsole: [3324797.199s][info][gc] GC(383566) Pause Young (Normal) (G1 Evacuation Pause) 61M->52M(75M) 9.150ms
Dec 24 12:44:46 burnside uvmconsole: [3324800.954s][info][gc] GC(383567) Pause Young (Normal) (G1 Evacuation Pause) 61M->52M(75M) 9.612ms
Dec 24 12:44:49 burnside uvmconsole: [3324803.979s][info][gc] GC(383568) Pause Young (Normal) (G1 Evacuation Pause) 61M->52M(75M) 8.944ms
Dec 24 12:44:55 burnside uvmconsole: [3324810.348s][info][gc] GC(383569) Pause Young (Normal) (G1 Evacuation Pause) 61M->52M(75M) 9.664ms
Dec 24 12:45:00 burnside uvmconsole: [3324814.804s][info][gc] GC(383570) Pause Young (Normal) (G1 Evacuation Pause) 60M->52M(75M) 12.123ms
Dec 24 12:45:06 burnside uvmconsole: [3324821.727s][info][gc] GC(383571) Pause Young (Normal) (G1 Evacuation Pause) 60M->52M(75M) 12.707ms
Dec 24 12:45:07 burnside uvmconsole: [3324822.327s][info][gc] GC(383572) Pause Young (Normal) (G1 Evacuation Pause) 60M->53M(75M) 11.671ms
Dec 24 12:45:09 burnside uvmconsole: [3324824.184s][info][gc] GC(383573) Pause Young (Normal) (G1 Evacuation Pause) 61M->52M(75M) 9.005ms
Dec 24 12:45:16 burnside uvmconsole: [3324831.344s][info][gc] GC(383574) Pause Young (Normal) (G1 Evacuation Pause) 61M->53M(75M) 9.545ms
Dec 24 12:45:23 burnside uvmconsole: [3324838.663s][info][gc] GC(383575) Pause Young (Normal) (G1 Evacuation Pause) 61M->53M(75M) 16.225ms
Dec 24 12:45:29 burnside uvmconsole: [3324843.892s][info][gc] GC(383576) Pause Young (Normal) (G1 Evacuation Pause) 61M->53M(75M) 9.478ms
Dec 24 12:45:41 burnside uvmconsole: [3324855.882s][info][gc] GC(383577) Pause Young (Normal) (G1 Evacuation Pause) 61M->53M(75M) 9.740ms
Dec 24 12:45:47 burnside uvmconsole: [3324861.817s][info][gc] GC(383578) Pause Young (Normal) (G1 Evacuation Pause) 62M->53M(75M) 10.478ms
Dec 24 12:45:49 burnside uvmconsole: [3324864.478s][info][gc] GC(383579) Pause Young (Normal) (G1 Evacuation Pause) 61M->53M(75M) 10.566ms
Dec 24 12:45:52 burnside uvmconsole: [3324867.301s][info][gc] GC(383580) Pause Young (Normal) (G1 Evacuation Pause) 61M->53M(75M) 10.019ms
Dec 24 12:45:59 burnside uvmconsole: [3324873.921s][info][gc] GC(383581) Pause Young (Normal) (G1 Evacuation Pause) 61M->53M(75M) 10.413ms
Dec 24 12:46:00 burnside uvmconsole: [3324875.700s][info][gc] GC(383582) Pause Young (Normal) (G1 Evacuation Pause) 61M->53M(75M) 10.193ms
Dec 24 12:46:07 burnside uvmconsole: [3324881.961s][info][gc] GC(383583) Pause Young (Normal) (G1 Evacuation Pause) 61M->53M(75M) 9.732ms
Dec 24 12:46:09 burnside uvmconsole: [3324884.263s][info][gc] GC(383584) Pause Young (Normal) (G1 Evacuation Pause) 60M->54M(75M) 10.445ms
Dec 24 12:46:22 burnside uvmconsole: [3324897.320s][info][gc] GC(383585) Pause Young (Normal) (G1 Evacuation Pause) 61M->54M(75M) 9.971ms
Dec 24 12:46:37 burnside uvmconsole: [3324912.046s][info][gc] GC(383586) Pause Young (Normal) (G1 Evacuation Pause) 62M->53M(75M) 8.876ms
Dec 24 12:46:44 burnside uvmconsole: [3324918.957s][info][gc] GC(383587) Pause Young (Normal) (G1 Evacuation Pause) 61M->53M(75M) 9.830ms
Dec 24 12:46:47 burnside uvmconsole: [3324922.458s][info][gc] GC(383588) Pause Young (Normal) (G1 Evacuation Pause) 61M->54M(75M) 9.146ms
Dec 24 12:46:51 burnside uvmconsole: [3324926.015s][info][gc] GC(383589) Pause Full (System.gc()) 59M->49M(75M) 336.295ms
Dec 24 12:46:56 burnside uvmconsole: [3324931.648s][info][gc] GC(383590) Pause Young (Normal) (G1 Evacuation Pause) 59M->49M(75M) 7.824ms
Dec 24 12:47:01 burnside uvmconsole: [3324936.077s][info][gc] GC(383591) Pause Young (Normal) (G1 Evacuation Pause) 59M->50M(75M) 8.896ms
Dec 24 12:47:03 burnside uvmconsole: [3324938.483s][info][gc] GC(383592) Pause Young (Normal) (G1 Evacuation Pause) 60M->50M(75M) 6.864ms
Dec 24 12:47:11 burnside uvmconsole: [3324946.500s][info][gc] GC(383593) Pause Young (Normal) (G1 Evacuation Pause) 60M->50M(75M) 8.005ms
Dec 24 12:47:18 burnside uvmconsole: [3324952.802s][info][gc] GC(383594) Pause Young (Normal) (G1 Evacuation Pause) 61M->50M(75M) 9.480ms
Dec 24 12:47:24 burnside uvmconsole: [3324959.478s][info][gc] GC(383595) Pause Young (Normal) (G1 Evacuation Pause) 61M->50M(75M) 8.034ms
Dec 24 12:47:37 burnside uvmconsole: [3324972.195s][info][gc] GC(383596) Pause Young (Normal) (G1 Evacuation Pause) 61M->50M(75M) 12.172ms
Dec 24 12:47:43 burnside uvmconsole: [3324978.471s][info][gc] GC(383597) Pause Young (Normal) (G1 Evacuation Pause) 61M->50M(75M) 16.326ms
Dec 24 12:47:53 burnside uvmconsole: [3324988.015s][info][gc] GC(383598) Pause Young (Normal) (G1 Evacuation Pause) 61M->50M(75M) 8.733ms
Dec 24 12:47:58 burnside uvmconsole: [3324993.102s][info][gc] GC(383599) Pause Young (Normal) (G1 Evacuation Pause) 61M->50M(75M) 9.010ms
Dec 24 12:48:01 burnside uvmconsole: [3324996.127s][info][gc] GC(383600) Pause Young (Normal) (G1 Evacuation Pause) 60M->50M(75M) 12.300ms
Dec 24 12:48:03 burnside uvmconsole: [3324998.359s][info][gc] GC(383601) Pause Young (Normal) (G1 Evacuation Pause) 60M->51M(75M) 10.276ms
Dec 24 12:48:06 burnside uvmconsole: [3325001.728s][info][gc] GC(383602) Pause Young (Normal) (G1 Evacuation Pause) 61M->50M(75M) 8.116ms
Dec 24 12:48:14 burnside uvmconsole: [3325009.241s][info][gc] GC(383603) Pause Young (Normal) (G1 Evacuation Pause) 61M->50M(75M) 8.740ms
Dec 24 12:48:24 burnside uvmconsole: [3325019.138s][info][gc] GC(383604) Pause Young (Normal) (G1 Evacuation Pause) 61M->50M(75M) 11.151ms
Dec 24 12:48:26 burnside uvmconsole: [3325021.284s][info][gc] GC(383605) Pause Young (Normal) (G1 Evacuation Pause) 60M->50M(75M) 9.261ms
Dec 24 12:48:31 burnside uvmconsole: [3325026.301s][info][gc] GC(383606) Pause Young (Normal) (G1 Evacuation Pause) 60M->51M(75M) 9.505ms
Dec 24 12:48:35 burnside uvmconsole: [3325029.821s][info][gc] GC(383607) Pause Young (Normal) (G1 Evacuation Pause) 60M->51M(75M) 19.034ms
Dec 24 12:48:41 burnside uvmconsole: [3325036.183s][info][gc] GC(383608) Pause Young (Normal) (G1 Evacuation Pause) 61M->51M(75M) 9.955ms
Dec 24 12:48:47 burnside uvmconsole: [3325042.514s][info][gc] GC(383609) Pause Young (Normal) (G1 Evacuation Pause) 61M->51M(75M) 8.585ms
Dec 24 12:48:56 burnside uvmconsole: [3325051.203s][info][gc] GC(383610) Pause Young (Normal) (G1 Evacuation Pause) 61M->51M(75M) 9.948ms
Dec 24 12:49:02 burnside uvmconsole: [3325057.405s][info][gc] GC(383611) Pause Young (Normal) (G1 Evacuation Pause) 61M->51M(75M) 10.393ms
Dec 24 12:49:05 burnside uvmconsole: [3325060.642s][info][gc] GC(383612) Pause Young (Normal) (G1 Evacuation Pause) 60M->51M(75M) 11.367ms
Dec 24 12:49:07 burnside uvmconsole: [3325062.550s][info][gc] GC(383613) Pause Young (Normal) (G1 Evacuation Pause) 60M->51M(75M) 8.896ms
Dec 24 12:49:16 burnside uvmconsole: [3325071.616s][info][gc] GC(383614) Pause Young (Normal) (G1 Evacuation Pause) 61M->51M(75M) 11.650ms
Dec 24 12:49:26 burnside uvmconsole: [3325081.144s][info][gc] GC(383615) Pause Young (Normal) (G1 Evacuation Pause) 61M->51M(75M) 9.990ms
Dec 24 12:49:35 burnside uvmconsole: [3325090.374s][info][gc] GC(383616) Pause Young (Normal) (G1 Evacuation Pause) 61M->51M(75M) 9.371ms
Dec 24 12:49:45 burnside uvmconsole: [3325100.290s][info][gc] GC(383617) Pause Young (Normal) (G1 Evacuation Pause) 61M->51M(75M) 9.974ms
Dec 24 12:49:52 burnside uvmconsole: [3325107.706s][info][gc] GC(383618) Pause Young (Normal) (G1 Evacuation Pause) 61M->51M(75M) 11.161ms
Dec 24 12:49:57 burnside uvmconsole: [3325112.614s][info][gc] GC(383619) Pause Young (Normal) (G1 Evacuation Pause) 61M->52M(75M) 10.055ms
Dec 24 12:50:00 burnside uvmconsole: [3325115.232s][info][gc] GC(383620) Pause Young (Normal) (G1 Evacuation Pause) 61M->52M(75M) 10.534ms
Dec 24 12:50:04 burnside uvmconsole: [3325118.898s][info][gc] GC(383621) Pause Young (Normal) (G1 Evacuation Pause) 61M->52M(75M) 10.159ms
Dec 24 12:50:08 burnside uvmconsole: [3325122.959s][info][gc] GC(383622) Pause Young (Normal) (G1 Evacuation Pause) 62M->52M(75M) 10.351ms
Dec 24 12:50:08 burnside uvmconsole: [3325123.692s][info][gc] GC(383623) Pause Young (Normal) (G1 Evacuation Pause) 61M->52M(75M) 17.821ms
Dec 24 12:50:12 burnside uvmconsole: [3325127.380s][info][gc] GC(383624) Pause Young (Normal) (G1 Evacuation Pause) 61M->52M(75M) 10.054ms
Dec 24 12:50:15 burnside uvmconsole: [3325130.720s][info][gc] GC(383625) Pause Young (Normal) (G1 Evacuation Pause) 62M->52M(75M) 9.094ms
Dec 24 12:50:25 burnside uvmconsole: [3325140.008s][info][gc] GC(383626) Pause Young (Normal) (G1 Evacuation Pause) 62M->52M(75M) 9.423ms
Dec 24 12:50:32 burnside uvmconsole: [3325147.426s][info][gc] GC(383627) Pause Young (Normal) (G1 Evacuation Pause) 62M->52M(75M) 9.102ms
Dec 24 12:50:39 burnside uvmconsole: [3325154.200s][info][gc] GC(383628) Pause Young (Normal) (G1 Evacuation Pause) 62M->52M(75M) 8.808ms
Dec 24 12:50:49 burnside uvmconsole: [3325164.637s][info][gc] GC(383629) Pause Young (Normal) (G1 Evacuation Pause) 62M->52M(75M) 9.955ms
Dec 24 12:50:59 burnside uvmconsole: [3325174.578s][info][gc] GC(383630) Pause Young (Normal) (G1 Evacuation Pause) 61M->52M(75M) 9.041ms
Dec 24 12:51:03 burnside uvmconsole: [3325178.124s][info][gc] GC(383631) Pause Young (Normal) (G1 Evacuation Pause) 62M->52M(75M) 9.854ms
Dec 24 12:51:13 burnside uvmconsole: [3325188.660s][info][gc] GC(383632) Pause Young (Normal) (G1 Evacuation Pause) 62M->52M(75M) 10.035ms
Dec 24 12:51:26 burnside uvmconsole: [3325201.279s][info][gc] GC(383633) Pause Young (Normal) (G1 Evacuation Pause) 61M->52M(75M) 10.205ms
Dec 24 12:51:37 burnside uvmconsole: [3325211.998s][info][gc] GC(383634) Pause Young (Normal) (G1 Evacuation Pause) 61M->52M(75M) 9.400ms
Dec 24 12:51:48 burnside uvmconsole: [3325223.715s][info][gc] GC(383635) Pause Young (Normal) (G1 Evacuation Pause) 61M->52M(75M) 9.308ms
Dec 24 12:51:51 burnside uvmconsole: [3325226.012s][info][gc] GC(383636) Pause Full (System.gc()) 53M->49M(75M) 333.623ms
Dec 24 12:51:58 burnside uvmconsole: [3325232.934s][info][gc] GC(383637) Pause Young (Normal) (G1 Evacuation Pause) 60M->49M(75M) 7.137ms
Dec 24 12:52:01 burnside uvmconsole: [3325236.427s][info][gc] GC(383638) Pause Young (Normal) (G1 Evacuation Pause) 60M->50M(75M) 8.508ms
Dec 24 12:52:07 burnside uvmconsole: [3325242.398s][info][gc] GC(383639) Pause Young (Normal) (G1 Evacuation Pause) 61M->49M(75M) 7.001ms
Dec 24 12:52:25 burnside uvmconsole: [3325260.255s][info][gc] GC(383640) Pause Young (Normal) (G1 Evacuation Pause) 60M->49M(75M) 7.512ms
Dec 24 12:52:39 burnside uvmconsole: [3325274.704s][info][gc] GC(383641) Pause Young (Normal) (G1 Evacuation Pause) 60M->50M(75M) 8.204ms
Dec 24 12:52:51 burnside uvmconsole: [3325285.836s][info][gc] GC(383642) Pause Young (Normal) (G1 Evacuation Pause) 61M->50M(75M) 9.418ms
Dec 24 12:52:58 burnside uvmconsole: [3325293.165s][info][gc] GC(383643) Pause Young (Normal) (G1 Evacuation Pause) 61M->50M(75M) 8.335ms
Dec 24 12:53:03 burnside uvmconsole: [3325298.238s][info][gc] GC(383644) Pause Young (Normal) (G1 Evacuation Pause) 61M->50M(75M) 9.990ms
Dec 24 12:53:06 burnside uvmconsole: [3325300.943s][info][gc] GC(383645) Pause Young (Normal) (G1 Evacuation Pause) 60M->50M(75M) 8.681ms
Dec 24 12:53:25 burnside uvmconsole: [3325319.949s][info][gc] GC(383646) Pause Young (Normal) (G1 Evacuation Pause) 61M->50M(75M) 8.777ms
Dec 24 12:53:38 burnside uvmconsole: [3325333.745s][info][gc] GC(383647) Pause Young (Normal) (G1 Evacuation Pause) 60M->50M(75M) 9.547ms
Dec 24 12:53:52 burnside uvmconsole: [3325347.466s][info][gc] GC(383648) Pause Young (Normal) (G1 Evacuation Pause) 60M->50M(75M) 10.382ms
Dec 24 12:53:59 burnside uvmconsole: [3325354.190s][info][gc] GC(383649) Pause Young (Normal) (G1 Evacuation Pause) 60M->50M(75M) 9.716ms
Dec 24 12:54:05 burnside uvmconsole: [3325360.071s][info][gc] GC(383650) Pause Young (Normal) (G1 Evacuation Pause) 60M->51M(75M) 11.861ms
Dec 24 12:54:09 burnside uvmconsole: [3325363.782s][info][gc] GC(383651) Pause Young (Normal) (G1 Evacuation Pause) 61M->51M(75M) 10.007ms
Dec 24 12:54:18 burnside uvmconsole: [3325373.474s][info][gc] GC(383652) Pause Young (Normal) (G1 Evacuation Pause) 62M->51M(75M) 8.939ms
Dec 24 12:54:29 burnside uvmconsole: [3325383.840s][info][gc] GC(383653) Pause Young (Normal) (G1 Evacuation Pause) 61M->51M(75M) 9.167ms
Dec 24 12:54:33 burnside uvmconsole: [3325388.658s][info][gc] GC(383654) Pause Young (Normal) (G1 Evacuation Pause) 62M->51M(75M) 11.786ms
Dec 24 12:54:37 burnside uvmconsole: [3325392.055s][info][gc] GC(383655) Pause Young (Normal) (G1 Evacuation Pause) 61M->51M(75M) 10.278ms
Dec 24 12:54:44 burnside uvmconsole: [3325399.318s][info][gc] GC(383656) Pause Young (Normal) (G1 Evacuation Pause) 61M->51M(75M) 8.656ms
Dec 24 12:54:49 burnside uvmconsole: [3325404.182s][info][gc] GC(383657) Pause Young (Normal) (G1 Evacuation Pause) 61M->51M(75M) 10.018ms
Dec 24 12:54:53 burnside uvmconsole: [3325408.657s][info][gc] GC(383658) Pause Young (Normal) (G1 Evacuation Pause) 61M->51M(75M) 10.575ms
Dec 24 12:54:57 burnside uvmconsole: [3325412.339s][info][gc] GC(383659) Pause Young (Normal) (G1 Evacuation Pause) 60M->52M(75M) 11.141ms
Dec 24 12:55:02 burnside uvmconsole: [3325417.616s][info][gc] GC(383660) Pause Young (Normal) (G1 Evacuation Pause) 61M->52M(75M) 12.354ms
Dec 24 12:55:04 burnside uvmconsole: [3325419.367s][info][gc] GC(383661) Pause Young (Normal) (G1 Evacuation Pause) 60M->52M(75M) 12.705ms
Dec 24 12:55:07 burnside uvmconsole: [3325422.313s][info][gc] GC(383662) Pause Young (Normal) (G1 Evacuation Pause) 60M->52M(75M) 10.666ms
Dec 24 12:55:08 burnside uvmconsole: [3325422.994s][info][gc] GC(383663) Pause Young (Normal) (G1 Evacuation Pause) 60M->53M(75M) 12.994ms
Dec 24 12:55:19 burnside uvmconsole: [3325434.071s][info][gc] GC(383664) Pause Young (Normal) (G1 Evacuation Pause) 61M->52M(75M) 9.259ms
Dec 24 12:55:25 burnside uvmconsole: [3325440.177s][info][gc] GC(383665) Pause Young (Normal) (G1 Evacuation Pause) 61M->52M(75M) 9.464ms
Dec 24 12:55:28 burnside uvmconsole: [3325443.661s][info][gc] GC(383666) Pause Young (Normal) (G1 Evacuation Pause) 61M->53M(75M) 9.764ms
Dec 24 12:55:30 burnside uvmconsole: [3325445.012s][info][gc] GC(383667) Pause Young (Normal) (G1 Evacuation Pause) 61M->53M(75M) 10.278ms
Dec 24 12:55:41 burnside uvmconsole: [3325456.188s][info][gc] GC(383668) Pause Young (Normal) (G1 Evacuation Pause) 62M->53M(75M) 8.810ms
Dec 24 12:55:53 burnside uvmconsole: [3325467.794s][info][gc] GC(383669) Pause Young (Normal) (G1 Evacuation Pause) 62M->53M(75M) 8.730ms
Dec 24 12:55:57 burnside uvmconsole: [3325472.267s][info][gc] GC(383670) Pause Young (Normal) (G1 Evacuation Pause) 62M->53M(75M) 11.356ms
Dec 24 12:56:00 burnside uvmconsole: [3325475.122s][info][gc] GC(383671) Pause Young (Normal) (G1 Evacuation Pause) 62M->53M(75M) 11.034ms
Dec 24 12:56:00 burnside uvmconsole: [3325475.204s][info][gc] GC(383672) Pause Young (Normal) (G1 Evacuation Pause) 61M->53M(75M) 15.655ms
Dec 24 12:56:04 burnside uvmconsole: [3325479.378s][info][gc] GC(383673) Pause Young (Normal) (G1 Evacuation Pause) 60M->53M(75M) 8.819ms
Dec 24 12:56:17 burnside uvmconsole: [3325492.545s][info][gc] GC(383674) Pause Young (Normal) (G1 Evacuation Pause) 61M->53M(75M) 8.347ms
Dec 24 12:56:21 burnside uvmconsole: [3325496.417s][info][gc] GC(383675) Pause Young (Normal) (G1 Evacuation Pause) 61M->53M(75M) 9.547ms
Dec 24 12:56:23 burnside uvmconsole: [3325498.386s][info][gc] GC(383676) Pause Young (Normal) (G1 Evacuation Pause) 61M->54M(75M) 10.429ms
Dec 24 12:56:26 burnside uvmconsole: [3325501.189s][info][gc] GC(383677) Pause Young (Normal) (G1 Evacuation Pause) 61M->53M(75M) 8.710ms
Dec 24 12:56:28 burnside uvmconsole: [3325503.740s][info][gc] GC(383678) Pause Young (Normal) (G1 Evacuation Pause) 61M->53M(75M) 9.550ms
Dec 24 12:56:31 burnside uvmconsole: [3325506.593s][info][gc] GC(383679) Pause Young (Normal) (G1 Evacuation Pause) 60M->53M(75M) 10.334ms
Dec 24 12:56:34 burnside uvmconsole: [3325509.117s][info][gc] GC(383680) Pause Young (Normal) (G1 Evacuation Pause) 60M->53M(75M) 8.741ms
Dec 24 12:56:39 burnside uvmconsole: [3325514.317s][info][gc] GC(383681) Pause Young (Normal) (G1 Evacuation Pause) 60M->53M(75M) 7.701ms
Dec 24 12:56:43 burnside uvmconsole: [3325518.653s][info][gc] GC(383682) Pause Young (Normal) (G1 Evacuation Pause) 60M->53M(75M) 7.703ms
Dec 24 12:56:50 burnside uvmconsole: [3325524.782s][info][gc] GC(383683) Pause Young (Normal) (G1 Evacuation Pause) 60M->53M(75M) 8.012ms
Dec 24 12:56:51 burnside uvmconsole: [3325526.021s][info][gc] GC(383684) Pause Full (System.gc()) 55M->50M(75M) 340.869ms
Dec 24 12:56:59 burnside uvmconsole: [3325534.187s][info][gc] GC(383685) Pause Young (Normal) (G1 Evacuation Pause) 60M->50M(75M) 6.837ms
Dec 24 12:57:03 burnside uvmconsole: [3325537.788s][info][gc] GC(383686) Pause Young (Normal) (G1 Evacuation Pause) 59M->50M(75M) 9.050ms
Dec 24 12:57:06 burnside uvmconsole: [3325541.004s][info][gc] GC(383687) Pause Young (Normal) (G1 Evacuation Pause) 60M->50M(75M) 6.884ms
Dec 24 12:57:18 burnside uvmconsole: [3325553.679s][info][gc] GC(383688) Pause Young (Normal) (G1 Evacuation Pause) 60M->50M(75M) 7.657ms
Dec 24 12:57:27 burnside uvmconsole: [3325562.474s][info][gc] GC(383689) Pause Young (Normal) (G1 Evacuation Pause) 60M->50M(75M) 8.731ms
Dec 24 12:57:40 burnside uvmconsole: [3325574.896s][info][gc] GC(383690) Pause Young (Normal) (G1 Evacuation Pause) 60M->50M(75M) 7.943ms
Dec 24 12:57:47 burnside uvmconsole: [3325582.079s][info][gc] GC(383691) Pause Young (Normal) (G1 Evacuation Pause) 60M->50M(75M) 8.125ms
Dec 24 12:57:55 burnside uvmconsole: [3325590.454s][info][gc] GC(383692) Pause Young (Normal) (G1 Evacuation Pause) 60M->51M(75M) 8.510ms
Dec 24 12:58:04 burnside uvmconsole: [3325599.624s][info][gc] GC(383693) Pause Young (Normal) (G1 Evacuation Pause) 61M->51M(75M) 9.198ms
Dec 24 12:58:12 burnside uvmconsole: [3325607.257s][info][gc] GC(383694) Pause Young (Normal) (G1 Evacuation Pause) 61M->51M(75M) 8.396ms
Dec 24 12:58:22 burnside uvmconsole: [3325616.813s][info][gc] GC(383695) Pause Young (Normal) (G1 Evacuation Pause) 61M->51M(75M) 10.052ms
Dec 24 12:58:29 burnside uvmconsole: [3325623.846s][info][gc] GC(383696) Pause Young (Normal) (G1 Evacuation Pause) 61M->51M(75M) 8.772ms
Dec 24 12:58:37 burnside uvmconsole: [3325631.982s][info][gc] GC(383697) Pause Young (Normal) (G1 Evacuation Pause) 61M->51M(75M) 8.373ms
Dec 24 12:58:47 burnside uvmconsole: [3325641.810s][info][gc] GC(383698) Pause Young (Normal) (G1 Evacuation Pause) 61M->51M(75M) 11.996ms
Dec 24 12:58:56 burnside uvmconsole: [3325651.193s][info][gc] GC(383699) Pause Young (Normal) (G1 Evacuation Pause) 61M->51M(75M) 9.416ms
Dec 24 12:59:06 burnside uvmconsole: [3325661.265s][info][gc] GC(383700) Pause Young (Normal) (G1 Evacuation Pause) 61M->51M(75M) 9.414ms
Dec 24 12:59:10 burnside uvmconsole: [3325664.789s][info][gc] GC(383701) Pause Young (Normal) (G1 Evacuation Pause) 60M->51M(75M) 8.165ms
Dec 24 12:59:17 burnside uvmconsole: [3325671.774s][info][gc] GC(383702) Pause Young (Normal) (G1 Evacuation Pause) 60M->51M(75M) 8.553ms
Dec 24 12:59:23 burnside uvmconsole: [3325678.657s][info][gc] GC(383703) Pause Young (Normal) (G1 Evacuation Pause) 60M->51M(75M) 9.038ms
Dec 24 12:59:33 burnside uvmconsole: [3325688.101s][info][gc] GC(383704) Pause Young (Normal) (G1 Evacuation Pause) 60M->51M(75M) 8.553ms
Dec 24 12:59:40 burnside uvmconsole: [3325695.552s][info][gc] GC(383705) Pause Young (Normal) (G1 Evacuation Pause) 60M->51M(75M) 9.301ms
Dec 24 12:59:44 burnside uvmconsole: [3325698.995s][info][gc] GC(383706) Pause Young (Normal) (G1 Evacuation Pause) 60M->51M(75M) 9.651ms
Dec 24 12:59:47 burnside uvmconsole: [3325702.719s][info][gc] GC(383707) Pause Young (Normal) (G1 Evacuation Pause) 60M->51M(75M) 8.561ms
Dec 24 12:59:56 burnside uvmconsole: [3325711.534s][info][gc] GC(383708) Pause Young (Normal) (G1 Evacuation Pause) 60M->51M(75M) 8.764ms
Dec 24 12:59:59 burnside uvmconsole: [3325714.193s][info][gc] GC(383709) Pause Young (Normal) (G1 Evacuation Pause) 60M->51M(75M) 8.886ms
Dec 24 13:00:07 burnside uvmconsole: [3325722.310s][info][gc] GC(383710) Pause Young (Normal) (G1 Evacuation Pause) 60M->51M(75M) 9.843ms
Dec 24 13:00:09 burnside uvmconsole: [3325724.425s][info][gc] GC(383711) Pause Young (Normal) (G1 Evacuation Pause) 60M->51M(75M) 8.018ms
Dec 24 13:00:19 burnside uvmconsole: [3325734.129s][info][gc] GC(383712) Pause Young (Normal) (G1 Evacuation Pause) 60M->51M(75M) 12.720ms
Dec 24 13:00:29 burnside uvmconsole: [3325744.654s][info][gc] GC(383713) Pause Young (Normal) (G1 Evacuation Pause) 60M->51M(75M) 9.395ms
Dec 24 13:00:38 burnside uvmconsole: [3325753.210s][info][gc] GC(383714) Pause Young (Normal) (G1 Evacuation Pause) 60M->51M(75M) 12.753ms
Dec 24 13:00:49 burnside uvmconsole: [3325764.084s][info][gc] GC(383715) Pause Young (Normal) (G1 Evacuation Pause) 60M->51M(75M) 9.730ms
Dec 24 13:00:59 burnside uvmconsole: [3325774.191s][info][gc] GC(383716) Pause Young (Normal) (G1 Evacuation Pause) 60M->51M(75M) 9.492ms
Dec 24 13:01:01 burnside uvmconsole: [3325776.542s][info][gc] GC(383717) Pause Young (Normal) (G1 Evacuation Pause) 60M->51M(75M) 10.126ms
Dec 24 13:01:10 burnside uvmconsole: [3325785.519s][info][gc] GC(383718) Pause Young (Normal) (G1 Evacuation Pause) 59M->51M(75M) 16.114ms
Dec 24 13:01:16 burnside uvmconsole: [3325790.845s][info][gc] GC(383719) Pause Young (Normal) (G1 Evacuation Pause) 59M->51M(75M) 9.150ms
Dec 24 13:01:19 burnside uvmconsole: [3325794.565s][info][gc] GC(383720) Pause Young (Normal) (G1 Evacuation Pause) 60M->52M(75M) 9.418ms
Dec 24 13:01:24 burnside uvmconsole: [3325799.347s][info][gc] GC(383721) Pause Young (Normal) (G1 Evacuation Pause) 60M->51M(75M) 10.150ms
Dec 24 13:01:28 burnside uvmconsole: [3325803.014s][info][gc] GC(383722) Pause Young (Normal) (G1 Evacuation Pause) 60M->52M(75M) 9.862ms
Dec 24 13:01:31 burnside uvmconsole: [3325806.420s][info][gc] GC(383723) Pause Young (Normal) (G1 Evacuation Pause) 61M->51M(75M) 9.062ms
Dec 24 13:01:39 burnside uvmconsole: [3325813.968s][info][gc] GC(383724) Pause Young (Normal) (G1 Evacuation Pause) 61M->51M(75M) 9.002ms
Dec 24 13:01:43 burnside uvmconsole: [3325818.728s][info][gc] GC(383725) Pause Young (Normal) (G1 Evacuation Pause) 60M->52M(75M) 9.341ms
Dec 24 13:01:51 burnside uvmconsole: [3325826.015s][info][gc] GC(383726) Pause Full (System.gc()) 57M->49M(75M) 336.324ms
Dec 24 13:01:56 burnside uvmconsole: [3325831.484s][info][gc] GC(383727) Pause Young (Normal) (G1 Evacuation Pause) 59M->49M(75M) 6.972ms
Dec 24 13:02:01 burnside uvmconsole: [3325836.690s][info][gc] GC(383728) Pause Young (Normal) (G1 Evacuation Pause) 59M->50M(75M) 8.559ms
Dec 24 13:02:06 burnside uvmconsole: [3325841.506s][info][gc] GC(383729) Pause Young (Normal) (G1 Evacuation Pause) 60M->49M(75M) 7.253ms
Dec 24 13:02:10 burnside uvmconsole: [3325845.681s][info][gc] GC(383730) Pause Young (Normal) (G1 Evacuation Pause) 59M->49M(75M) 6.748ms
Dec 24 13:02:16 burnside uvmconsole: [3325851.152s][info][gc] GC(383731) Pause Young (Normal) (G1 Evacuation Pause) 59M->49M(75M) 7.000ms
Dec 24 13:02:25 burnside uvmconsole: [3325859.853s][info][gc] GC(383732) Pause Young (Normal) (G1 Evacuation Pause) 59M->50M(75M) 7.269ms
Dec 24 13:02:33 burnside uvmconsole: [3325868.064s][info][gc] GC(383733) Pause Young (Normal) (G1 Evacuation Pause) 60M->50M(75M) 7.033ms
Dec 24 13:02:37 burnside uvmconsole: [3325871.957s][info][gc] GC(383734) Pause Young (Normal) (G1 Evacuation Pause) 61M->50M(75M) 7.139ms
Dec 24 13:02:43 burnside uvmconsole: [3325878.108s][info][gc] GC(383735) Pause Young (Normal) (G1 Evacuation Pause) 61M->50M(75M) 10.844ms
Dec 24 13:02:52 burnside uvmconsole: [3325886.805s][info][gc] GC(383736) Pause Young (Normal) (G1 Evacuation Pause) 61M->50M(75M) 8.540ms
Dec 24 13:02:58 burnside uvmconsole: [3325893.122s][info][gc] GC(383737) Pause Young (Normal) (G1 Evacuation Pause) 61M->50M(75M) 8.560ms
Dec 24 13:03:03 burnside uvmconsole: [3325898.620s][info][gc] GC(383738) Pause Young (Normal) (G1 Evacuation Pause) 61M->50M(75M) 10.733ms
Dec 24 13:03:05 burnside uvmconsole: [3325900.161s][info][gc] GC(383739) Pause Young (Normal) (G1 Evacuation Pause) 61M->50M(75M) 8.747ms
Dec 24 13:03:10 burnside uvmconsole: [3325905.741s][info][gc] GC(383740) Pause Young (Normal) (G1 Evacuation Pause) 61M->50M(75M) 10.832ms
Dec 24 13:03:13 burnside uvmconsole: [3325908.706s][info][gc] GC(383741) Pause Young (Normal) (G1 Evacuation Pause) 61M->50M(75M) 10.850ms
Dec 24 13:03:16 burnside uvmconsole: [3325910.918s][info][gc] GC(383742) Pause Young (Normal) (G1 Evacuation Pause) 60M->50M(75M) 9.320ms
Dec 24 13:03:23 burnside uvmconsole: [3325917.756s][info][gc] GC(383743) Pause Young (Normal) (G1 Evacuation Pause) 60M->50M(75M) 8.392ms
Dec 24 13:03:30 burnside uvmconsole: [3325924.891s][info][gc] GC(383744) Pause Young (Normal) (G1 Evacuation Pause) 60M->50M(75M) 9.293ms
Dec 24 13:03:37 burnside uvmconsole: [3325932.157s][info][gc] GC(383745) Pause Young (Normal) (G1 Evacuation Pause) 60M->50M(75M) 8.867ms
Dec 24 13:03:45 burnside uvmconsole: [3325940.372s][info][gc] GC(383746) Pause Young (Normal) (G1 Evacuation Pause) 59M->50M(75M) 9.179ms
Dec 24 13:03:53 burnside uvmconsole: [3325948.206s][info][gc] GC(383747) Pause Young (Normal) (G1 Evacuation Pause) 59M->50M(75M) 9.779ms
Dec 24 13:04:00 burnside uvmconsole: [3325955.338s][info][gc] GC(383748) Pause Young (Normal) (G1 Evacuation Pause) 59M->51M(75M) 11.707ms
Dec 24 13:04:06 burnside uvmconsole: [3325960.801s][info][gc] GC(383749) Pause Young (Normal) (G1 Evacuation Pause) 60M->51M(75M) 9.188ms
Dec 24 13:04:11 burnside uvmconsole: [3325966.118s][info][gc] GC(383750) Pause Young (Normal) (G1 Evacuation Pause) 60M->51M(75M) 8.977ms
Dec 24 13:04:17 burnside uvmconsole: [3325972.210s][info][gc] GC(383751) Pause Young (Normal) (G1 Evacuation Pause) 61M->50M(75M) 8.679ms
Dec 24 13:04:27 burnside uvmconsole: [3325982.355s][info][gc] GC(383752) Pause Young (Normal) (G1 Evacuation Pause) 60M->51M(75M) 9.605ms
Dec 24 13:04:32 burnside uvmconsole: [3325987.548s][info][gc] GC(383753) Pause Young (Normal) (G1 Evacuation Pause) 60M->51M(75M) 10.680ms
Dec 24 13:04:37 burnside uvmconsole: [3325991.951s][info][gc] GC(383754) Pause Young (Normal) (G1 Evacuation Pause) 60M->51M(75M) 17.057ms
Dec 24 13:04:41 burnside uvmconsole: [3325996.238s][info][gc] GC(383755) Pause Young (Normal) (G1 Evacuation Pause) 60M->51M(75M) 10.759ms
Dec 24 13:04:44 burnside uvmconsole: [3325999.539s][info][gc] GC(383756) Pause Young (Normal) (G1 Evacuation Pause) 60M->51M(75M) 11.227ms
Dec 24 13:04:48 burnside uvmconsole: [3326003.000s][info][gc] GC(383757) Pause Young (Normal) (G1 Evacuation Pause) 60M->51M(75M) 12.201ms
Dec 24 13:04:52 burnside uvmconsole: [3326007.681s][info][gc] GC(383758) Pause Young (Normal) (G1 Evacuation Pause) 59M->52M(75M) 11.222ms
Dec 24 13:04:58 burnside uvmconsole: [3326012.760s][info][gc] GC(383759) Pause Young (Normal) (G1 Evacuation Pause) 60M->52M(75M) 10.124ms
Dec 24 13:05:00 burnside uvmconsole: [3326014.807s][info][gc] GC(383760) Pause Young (Normal) (G1 Evacuation Pause) 60M->52M(75M) 11.767ms
Dec 24 13:05:04 burnside uvmconsole: [3326019.238s][info][gc] GC(383761) Pause Young (Normal) (G1 Evacuation Pause) 60M->52M(75M) 11.761ms
Dec 24 13:05:08 burnside uvmconsole: [3326023.160s][info][gc] GC(383762) Pause Young (Normal) (G1 Evacuation Pause) 60M->52M(75M) 9.974ms
Dec 24 13:05:09 burnside uvmconsole: [3326024.202s][info][gc] GC(383763) Pause Young (Normal) (G1 Evacuation Pause) 60M->52M(75M) 13.083ms
Dec 24 13:05:15 burnside uvmconsole: [3326030.647s][info][gc] GC(383764) Pause Young (Normal) (G1 Evacuation Pause) 61M->52M(75M) 9.868ms
Dec 24 13:05:19 burnside uvmconsole: [3326034.132s][info][gc] GC(383765) Pause Young (Normal) (G1 Evacuation Pause) 61M->52M(75M) 12.518ms
Dec 24 13:05:22 burnside uvmconsole: [3326037.262s][info][gc] GC(383766) Pause Young (Normal) (G1 Evacuation Pause) 60M->52M(75M) 11.283ms
Dec 24 13:05:25 burnside uvmconsole: [3326040.584s][info][gc] GC(383767) Pause Young (Normal) (G1 Evacuation Pause) 60M->52M(75M) 11.984ms
Dec 24 13:05:27 burnside uvmconsole: [3326042.044s][info][gc] GC(383768) Pause Young (Normal) (G1 Evacuation Pause) 60M->53M(75M) 12.009ms
Dec 24 13:05:28 burnside uvmconsole: [3326042.877s][info][gc] GC(383769) Pause Young (Normal) (G1 Evacuation Pause) 60M->53M(75M) 12.767ms
Dec 24 13:05:29 burnside uvmconsole: [3326043.931s][info][gc] GC(383770) Pause Young (Normal) (G1 Evacuation Pause) 60M->53M(75M) 12.797ms
Dec 24 13:05:30 burnside uvmconsole: [3326044.772s][info][gc] GC(383771) Pause Young (Normal) (G1 Evacuation Pause) 60M->54M(75M) 12.349ms
Dec 24 13:05:30 burnside uvmconsole: [3326045.620s][info][gc] GC(383772) Pause Young (Normal) (G1 Evacuation Pause) 60M->54M(75M) 23.524ms
Dec 24 13:05:34 burnside uvmconsole: [3326048.939s][info][gc] GC(383773) Pause Young (Normal) (G1 Evacuation Pause) 60M->54M(75M) 9.488ms
Dec 24 13:05:39 burnside uvmconsole: [3326054.529s][info][gc] GC(383774) Pause Young (Normal) (G1 Evacuation Pause) 60M->54M(75M) 8.459ms
Dec 24 13:05:46 burnside uvmconsole: [3326061.020s][info][gc] GC(383775) Pause Young (Normal) (G1 Evacuation Pause) 60M->54M(75M) 8.333ms
Dec 24 13:05:53 burnside uvmconsole: [3326067.824s][info][gc] GC(383776) Pause Young (Normal) (G1 Evacuation Pause) 60M->54M(75M) 9.920ms
Dec 24 13:05:59 burnside uvmconsole: [3326074.194s][info][gc] GC(383777) Pause Young (Normal) (G1 Evacuation Pause) 60M->54M(75M) 8.192ms
Dec 24 13:06:01 burnside uvmconsole: [3326076.310s][info][gc] GC(383778) Pause Young (Normal) (G1 Evacuation Pause) 60M->54M(75M) 12.258ms
Dec 24 13:06:01 burnside uvmconsole: [3326076.359s][info][gc] GC(383779) Pause Young (Normal) (G1 Evacuation Pause) 60M->55M(75M) 10.474ms
Dec 24 13:06:01 burnside uvmconsole: [3326076.560s][info][gc] GC(383780) Pause Young (Normal) (G1 Evacuation Pause) 60M->55M(75M) 11.267ms
Dec 24 13:06:08 burnside uvmconsole: [3326083.651s][info][gc] GC(383781) Pause Young (Concurrent Start) (G1 Evacuation Pause) 60M->55M(75M) 9.370ms
Dec 24 13:06:08 burnside uvmconsole: [3326083.652s][info][gc] GC(383782) Concurrent Cycle
Dec 24 13:06:09 burnside uvmconsole: [3326084.054s][info][gc] GC(383782) Pause Remark 55M->55M(75M) 45.234ms
Dec 24 13:06:09 burnside uvmconsole: [3326084.265s][info][gc] GC(383782) Pause Cleanup 55M->55M(75M) 0.481ms
Dec 24 13:06:09 burnside uvmconsole: [3326084.267s][info][gc] GC(383782) Concurrent Cycle 615.372ms
Dec 24 13:06:13 burnside uvmconsole: [3326088.659s][info][gc] GC(383783) Pause Young (Prepare Mixed) (G1 Evacuation Pause) 60M->55M(75M) 8.863ms
Dec 24 13:06:17 burnside uvmconsole: [3326092.245s][info][gc] GC(383784) Pause Young (Mixed) (G1 Evacuation Pause) 57M->54M(75M) 7.439ms
Dec 24 13:06:25 burnside uvmconsole: [3326099.873s][info][gc] GC(383785) Pause Young (Concurrent Start) (G1 Evacuation Pause) 60M->54M(75M) 11.905ms
Dec 24 13:06:25 burnside uvmconsole: [3326099.874s][info][gc] GC(383786) Concurrent Cycle
Dec 24 13:06:25 burnside uvmconsole: [3326100.274s][info][gc] GC(383786) Pause Remark 55M->55M(75M) 42.405ms
Dec 24 13:06:25 burnside uvmconsole: [3326100.488s][info][gc] GC(383786) Pause Cleanup 55M->55M(75M) 0.625ms
Dec 24 13:06:25 burnside uvmconsole: [3326100.490s][info][gc] GC(383786) Concurrent Cycle 616.752ms
Dec 24 13:06:32 burnside uvmconsole: [3326107.700s][info][gc] GC(383787) Pause Young (Normal) (G1 Evacuation Pause) 61M->54M(75M) 12.382ms
Dec 24 13:06:39 burnside uvmconsole: [3326114.098s][info][gc] GC(383788) Pause Young (Concurrent Start) (G1 Evacuation Pause) 61M->55M(75M) 10.914ms
Dec 24 13:06:39 burnside uvmconsole: [3326114.098s][info][gc] GC(383789) Concurrent Cycle
Dec 24 13:06:39 burnside uvmconsole: [3326114.541s][info][gc] GC(383789) Pause Remark 57M->57M(75M) 43.360ms
Dec 24 13:06:40 burnside uvmconsole: [3326114.772s][info][gc] GC(383789) Pause Cleanup 57M->57M(75M) 0.607ms
Dec 24 13:06:40 burnside uvmconsole: [3326114.773s][info][gc] GC(383789) Concurrent Cycle 675.088ms
Dec 24 13:06:48 burnside uvmconsole: [3326122.861s][info][gc] GC(383790) Pause Young (Normal) (G1 Evacuation Pause) 62M->55M(75M) 9.957ms
Dec 24 13:06:51 burnside uvmconsole: [3326126.015s][info][gc] GC(383791) Pause Full (System.gc()) 56M->50M(75M) 336.272ms
Dec 24 13:06:59 burnside uvmconsole: [3326134.194s][info][gc] GC(383792) Pause Young (Concurrent Start) (G1 Evacuation Pause) 59M->51M(75M) 9.032ms
Dec 24 13:06:59 burnside uvmconsole: [3326134.194s][info][gc] GC(383793) Concurrent Cycle
Dec 24 13:06:59 burnside uvmconsole: [3326134.624s][info][gc] GC(383793) Pause Remark 52M->52M(75M) 44.879ms
Dec 24 13:07:00 burnside uvmconsole: [3326134.872s][info][gc] GC(383793) Pause Cleanup 53M->53M(75M) 0.538ms
Dec 24 13:07:00 burnside uvmconsole: [3326134.874s][info][gc] GC(383793) Concurrent Cycle 679.095ms
Dec 24 13:07:03 burnside uvmconsole: [3326138.476s][info][gc] GC(383794) Pause Young (Normal) (G1 Evacuation Pause) 60M->51M(75M) 11.138ms
Dec 24 13:07:08 burnside uvmconsole: [3326143.422s][info][gc] GC(383795) Pause Young (Concurrent Start) (G1 Evacuation Pause) 60M->51M(75M) 9.561ms
Dec 24 13:07:08 burnside uvmconsole: [3326143.423s][info][gc] GC(383796) Concurrent Cycle
Dec 24 13:07:09 burnside uvmconsole: [3326143.827s][info][gc] GC(383796) Pause Remark 51M->51M(75M) 43.598ms
Dec 24 13:07:09 burnside uvmconsole: [3326144.040s][info][gc] GC(383796) Pause Cleanup 51M->51M(75M) 0.470ms
Dec 24 13:07:09 burnside uvmconsole: [3326144.041s][info][gc] GC(383796) Concurrent Cycle 618.535ms
Dec 24 13:07:23 burnside uvmconsole: [3326158.455s][info][gc] GC(383797) Pause Young (Normal) (G1 Evacuation Pause) 60M->51M(75M) 11.526ms
Dec 24 13:07:27 burnside uvmconsole: [3326162.582s][info][gc] GC(383798) Pause Young (Concurrent Start) (G1 Evacuation Pause) 60M->51M(75M) 10.441ms
Dec 24 13:07:27 burnside uvmconsole: [3326162.583s][info][gc] GC(383799) Concurrent Cycle
Dec 24 13:07:28 burnside uvmconsole: [3326162.995s][info][gc] GC(383799) Pause Remark 52M->52M(75M) 41.647ms
Dec 24 13:07:28 burnside uvmconsole: [3326163.212s][info][gc] GC(383799) Pause Cleanup 52M->52M(75M) 0.458ms
Dec 24 13:07:28 burnside uvmconsole: [3326163.214s][info][gc] GC(383799) Concurrent Cycle 631.265ms
Dec 24 13:07:34 burnside uvmconsole: [3326169.121s][info][gc] GC(383800) Pause Young (Normal) (G1 Evacuation Pause) 60M->51M(75M) 11.599ms
Dec 24 13:07:36 burnside uvmconsole: [3326171.177s][info][gc] GC(383801) Pause Young (Concurrent Start) (G1 Evacuation Pause) 60M->51M(75M) 10.503ms
Dec 24 13:07:36 burnside uvmconsole: [3326171.178s][info][gc] GC(383802) Concurrent Cycle
Dec 24 13:07:36 burnside uvmconsole: [3326171.596s][info][gc] GC(383802) Pause Remark 53M->53M(75M) 44.994ms
Dec 24 13:07:37 burnside uvmconsole: [3326171.827s][info][gc] GC(383802) Pause Cleanup 54M->54M(75M) 0.519ms
Dec 24 13:07:37 burnside uvmconsole: [3326171.829s][info][gc] GC(383802) Concurrent Cycle 651.081ms
Dec 24 13:07:40 burnside uvmconsole: [3326175.692s][info][gc] GC(383803) Pause Young (Normal) (G1 Evacuation Pause) 60M->51M(75M) 11.648ms
Dec 24 13:07:45 burnside uvmconsole: [3326179.943s][info][gc] GC(383804) Pause Young (Concurrent Start) (G1 Evacuation Pause) 60M->51M(75M) 17.350ms
Dec 24 13:07:45 burnside uvmconsole: [3326179.944s][info][gc] GC(383805) Concurrent Cycle
Dec 24 13:07:45 burnside uvmconsole: [3326180.500s][info][gc] GC(383805) Pause Remark 55M->55M(75M) 70.136ms
Dec 24 13:07:46 burnside uvmconsole: [3326180.762s][info][gc] GC(383805) Pause Cleanup 55M->55M(75M) 0.506ms
Dec 24 13:07:46 burnside uvmconsole: [3326180.764s][info][gc] GC(383805) Concurrent Cycle 820.421ms
Dec 24 13:07:49 burnside uvmconsole: [3326184.231s][info][gc] GC(383806) Pause Young (Normal) (G1 Evacuation Pause) 59M->52M(75M) 11.682ms
Dec 24 13:07:55 burnside uvmconsole: [3326190.626s][info][gc] GC(383807) Pause Young (Concurrent Start) (G1 Evacuation Pause) 60M->52M(75M) 11.856ms
Dec 24 13:07:55 burnside uvmconsole: [3326190.627s][info][gc] GC(383808) Concurrent Cycle
Dec 24 13:07:56 burnside uvmconsole: [3326191.032s][info][gc] GC(383808) Pause Remark 52M->52M(75M) 42.583ms
Dec 24 13:07:56 burnside uvmconsole: [3326191.241s][info][gc] GC(383808) Pause Cleanup 52M->52M(75M) 0.527ms
Dec 24 13:07:56 burnside uvmconsole: [3326191.243s][info][gc] GC(383808) Concurrent Cycle 616.319ms
Dec 24 13:07:59 burnside uvmconsole: [3326194.193s][info][gc] GC(383809) Pause Young (Normal) (G1 Evacuation Pause) 60M->51M(75M) 10.896ms
Dec 24 13:08:05 burnside uvmconsole: [3326200.065s][info][gc] GC(383810) Pause Young (Concurrent Start) (G1 Evacuation Pause) 60M->52M(75M) 13.816ms
Dec 24 13:08:05 burnside uvmconsole: [3326200.066s][info][gc] GC(383811) Concurrent Cycle
Dec 24 13:08:05 burnside uvmconsole: [3326200.498s][info][gc] GC(383811) Pause Remark 53M->53M(75M) 42.345ms
Dec 24 13:08:05 burnside uvmconsole: [3326200.712s][info][gc] GC(383811) Pause Cleanup 54M->54M(75M) 0.661ms
Dec 24 13:08:05 burnside uvmconsole: [3326200.714s][info][gc] GC(383811) Concurrent Cycle 648.645ms
Dec 24 13:08:06 burnside uvmconsole: [3326200.930s][info][gc] GC(383812) Pause Young (Normal) (G1 Evacuation Pause) 60M->52M(75M) 12.000ms
Dec 24 13:08:09 burnside uvmconsole: [3326204.620s][info][gc] GC(383813) Pause Young (Concurrent Start) (G1 Evacuation Pause) 60M->52M(75M) 12.242ms
Dec 24 13:08:09 burnside uvmconsole: [3326204.620s][info][gc] GC(383814) Concurrent Cycle
Dec 24 13:08:10 burnside uvmconsole: [3326205.036s][info][gc] GC(383814) Pause Remark 54M->54M(75M) 42.582ms
Dec 24 13:08:10 burnside uvmconsole: [3326205.245s][info][gc] GC(383814) Pause Cleanup 54M->54M(75M) 0.535ms
Dec 24 13:08:10 burnside uvmconsole: [3326205.246s][info][gc] GC(383814) Concurrent Cycle 626.169ms
Dec 24 13:08:17 burnside uvmconsole: [3326211.806s][info][gc] GC(383815) Pause Young (Normal) (G1 Evacuation Pause) 61M->52M(75M) 10.341ms
Dec 24 13:08:24 burnside uvmconsole: [3326219.263s][info][gc] GC(383816) Pause Young (Concurrent Start) (G1 Evacuation Pause) 61M->52M(75M) 11.864ms
Dec 24 13:08:24 burnside uvmconsole: [3326219.264s][info][gc] GC(383817) Concurrent Cycle
Dec 24 13:08:24 burnside uvmconsole: [3326219.693s][info][gc] GC(383817) Pause Remark 52M->52M(75M) 41.408ms
Dec 24 13:08:25 burnside uvmconsole: [3326219.907s][info][gc] GC(383817) Pause Cleanup 53M->53M(75M) 0.493ms
Dec 24 13:08:25 burnside uvmconsole: [3326219.908s][info][gc] GC(383817) Concurrent Cycle 644.826ms
Dec 24 13:08:32 burnside uvmconsole: [3326226.773s][info][gc] GC(383818) Pause Young (Normal) (G1 Evacuation Pause) 61M->52M(75M) 11.080ms
Dec 24 13:08:38 burnside uvmconsole: [3326233.150s][info][gc] GC(383819) Pause Young (Concurrent Start) (G1 Evacuation Pause) 61M->52M(75M) 13.017ms
Dec 24 13:08:38 burnside uvmconsole: [3326233.150s][info][gc] GC(383820) Concurrent Cycle
Dec 24 13:08:38 burnside uvmconsole: [3326233.561s][info][gc] GC(383820) Pause Remark 53M->53M(75M) 47.988ms
Dec 24 13:08:39 burnside uvmconsole: [3326233.779s][info][gc] GC(383820) Pause Cleanup 54M->54M(75M) 0.516ms
Dec 24 13:08:39 burnside uvmconsole: [3326233.781s][info][gc] GC(383820) Concurrent Cycle 630.698ms
Dec 24 13:08:40 burnside uvmconsole: [3326235.094s][info][gc] GC(383821) Pause Young (Normal) (G1 Evacuation Pause) 60M->52M(75M) 12.591ms
Dec 24 13:08:44 burnside uvmconsole: [3326238.984s][info][gc] GC(383822) Pause Young (Concurrent Start) (G1 Evacuation Pause) 60M->52M(75M) 12.382ms
Dec 24 13:08:44 burnside uvmconsole: [3326238.984s][info][gc] GC(383823) Concurrent Cycle
Dec 24 13:08:44 burnside uvmconsole: [3326239.375s][info][gc] GC(383823) Pause Remark 53M->53M(75M) 43.581ms
Dec 24 13:08:44 burnside uvmconsole: [3326239.595s][info][gc] GC(383823) Pause Cleanup 53M->53M(75M) 0.508ms
Dec 24 13:08:44 burnside uvmconsole: [3326239.597s][info][gc] GC(383823) Concurrent Cycle 612.957ms
Dec 24 13:08:49 burnside uvmconsole: [3326243.765s][info][gc] GC(383824) Pause Young (Normal) (G1 Evacuation Pause) 60M->52M(75M) 12.213ms
Dec 24 13:08:58 burnside uvmconsole: [3326252.892s][info][gc] GC(383825) Pause Young (Concurrent Start) (G1 Evacuation Pause) 60M->52M(75M) 11.309ms
Dec 24 13:08:58 burnside uvmconsole: [3326252.892s][info][gc] GC(383826) Concurrent Cycle
Dec 24 13:08:58 burnside uvmconsole: [3326253.303s][info][gc] GC(383826) Pause Remark 53M->53M(75M) 41.792ms
Dec 24 13:08:58 burnside uvmconsole: [3326253.506s][info][gc] GC(383826) Pause Cleanup 53M->53M(75M) 0.515ms
Dec 24 13:08:58 burnside uvmconsole: [3326253.507s][info][gc] GC(383826) Concurrent Cycle 614.933ms
Dec 24 13:09:03 burnside uvmconsole: [3326258.520s][info][gc] GC(383827) Pause Young (Normal) (G1 Evacuation Pause) 60M->52M(75M) 13.271ms
Dec 24 13:09:08 burnside uvmconsole: [3326263.051s][info][gc] GC(383828) Pause Young (Concurrent Start) (G1 Evacuation Pause) 60M->52M(75M) 12.182ms
Dec 24 13:09:08 burnside uvmconsole: [3326263.051s][info][gc] GC(383829) Concurrent Cycle
Dec 24 13:09:08 burnside uvmconsole: [3326263.471s][info][gc] GC(383829) Pause Remark 56M->56M(75M) 52.165ms
Dec 24 13:09:08 burnside uvmconsole: [3326263.682s][info][gc] GC(383829) Pause Cleanup 56M->56M(75M) 0.589ms
Dec 24 13:09:08 burnside uvmconsole: [3326263.684s][info][gc] GC(383829) Concurrent Cycle 633.194ms
Dec 24 13:09:12 burnside uvmconsole: [3326267.022s][info][gc] GC(383830) Pause Young (Normal) (G1 Evacuation Pause) 60M->52M(75M) 11.349ms
Dec 24 13:09:19 burnside uvmconsole: [3326274.646s][info][gc] GC(383831) Pause Young (Concurrent Start) (G1 Evacuation Pause) 61M->52M(75M) 12.580ms
Dec 24 13:09:19 burnside uvmconsole: [3326274.647s][info][gc] GC(383832) Concurrent Cycle
Dec 24 13:09:20 burnside uvmconsole: [3326275.044s][info][gc] GC(383832) Pause Remark 53M->53M(75M) 42.164ms
Dec 24 13:09:20 burnside uvmconsole: [3326275.263s][info][gc] GC(383832) Pause Cleanup 53M->53M(75M) 0.466ms
Dec 24 13:09:20 burnside uvmconsole: [3326275.265s][info][gc] GC(383832) Concurrent Cycle 618.267ms
Dec 24 13:09:29 burnside uvmconsole: [3326284.102s][info][gc] GC(383833) Pause Young (Normal) (G1 Evacuation Pause) 61M->52M(75M) 11.438ms
Dec 24 13:09:37 burnside uvmconsole: [3326291.823s][info][gc] GC(383834) Pause Young (Concurrent Start) (G1 Evacuation Pause) 60M->53M(75M) 12.151ms
Dec 24 13:09:37 burnside uvmconsole: [3326291.823s][info][gc] GC(383835) Concurrent Cycle
Dec 24 13:09:37 burnside uvmconsole: [3326292.219s][info][gc] GC(383835) Pause Remark 53M->53M(75M) 42.377ms
Dec 24 13:09:37 burnside uvmconsole: [3326292.429s][info][gc] GC(383835) Pause Cleanup 54M->54M(75M) 0.639ms
Dec 24 13:09:37 burnside uvmconsole: [3326292.431s][info][gc] GC(383835) Concurrent Cycle 607.464ms
Dec 24 13:09:41 burnside uvmconsole: [3326296.563s][info][gc] GC(383836) Pause Young (Normal) (G1 Evacuation Pause) 61M->53M(75M) 12.799ms
Dec 24 13:09:48 burnside uvmconsole: [3326303.596s][info][gc] GC(383837) Pause Young (Concurrent Start) (G1 Evacuation Pause) 61M->53M(75M) 11.746ms
Dec 24 13:09:48 burnside uvmconsole: [3326303.596s][info][gc] GC(383838) Concurrent Cycle
Dec 24 13:09:49 burnside uvmconsole: [3326303.984s][info][gc] GC(383838) Pause Remark 53M->53M(75M) 43.393ms
Dec 24 13:09:49 burnside uvmconsole: [3326304.198s][info][gc] GC(383838) Pause Cleanup 53M->53M(75M) 0.502ms
Dec 24 13:09:49 burnside uvmconsole: [3326304.200s][info][gc] GC(383838) Concurrent Cycle 604.179ms
Dec 24 13:09:51 burnside uvmconsole: [3326306.482s][info][gc] GC(383839) Pause Young (Prepare Mixed) (G1 Evacuation Pause) 61M->53M(75M) 13.301ms
Dec 24 13:09:51 burnside uvmconsole: [3326306.707s][info][gc] GC(383840) Pause Young (Mixed) (G1 Evacuation Pause) 54M->53M(75M) 10.999ms
Dec 24 13:09:59 burnside uvmconsole: [3326314.193s][info][gc] GC(383841) Pause Young (Normal) (G1 Evacuation Pause) 61M->53M(75M) 8.830ms
Dec 24 13:10:05 burnside uvmconsole: [3326319.920s][info][gc] GC(383842) Pause Young (Normal) (G1 Evacuation Pause) 61M->53M(75M) 9.874ms
Dec 24 13:10:10 burnside uvmconsole: [3326324.810s][info][gc] GC(383843) Pause Young (Normal) (G1 Evacuation Pause) 61M->53M(75M) 9.079ms
Dec 24 13:10:10 burnside uvmconsole: [3326325.610s][info][gc] GC(383844) Pause Young (Normal) (G1 Evacuation Pause) 61M->53M(75M) 12.203ms
Dec 24 13:10:18 burnside uvmconsole: [3326333.709s][info][gc] GC(383845) Pause Young (Normal) (G1 Evacuation Pause) 60M->53M(75M) 9.502ms
Dec 24 13:10:24 burnside uvmconsole: [3326338.945s][info][gc] GC(383846) Pause Young (Normal) (G1 Evacuation Pause) 61M->53M(75M) 9.131ms
Dec 24 13:10:25 burnside uvmconsole: [3326340.042s][info][gc] GC(383847) Pause Young (Normal) (G1 Evacuation Pause) 61M->53M(75M) 11.016ms
Dec 24 13:10:26 burnside uvmconsole: [3326341.637s][info][gc] GC(383848) Pause Young (Normal) (G1 Evacuation Pause) 60M->54M(75M) 11.836ms
Dec 24 13:10:28 burnside uvmconsole: [3326342.985s][info][gc] GC(383849) Pause Young (Normal) (G1 Evacuation Pause) 61M->54M(75M) 11.916ms
Dec 24 13:10:31 burnside uvmconsole: [3326346.200s][info][gc] GC(383850) Pause Young (Normal) (G1 Evacuation Pause) 61M->54M(75M) 11.016ms
Dec 24 13:10:34 burnside uvmconsole: [3326348.837s][info][gc] GC(383851) Pause Young (Normal) (G1 Evacuation Pause) 61M->54M(75M) 10.313ms
Dec 24 13:10:38 burnside uvmconsole: [3326353.672s][info][gc] GC(383852) Pause Young (Normal) (G1 Evacuation Pause) 61M->54M(75M) 11.099ms
Dec 24 13:10:42 burnside uvmconsole: [3326356.950s][info][gc] GC(383853) Pause Young (Normal) (G1 Evacuation Pause) 61M->54M(75M) 9.501ms
Dec 24 13:10:45 burnside uvmconsole: [3326360.222s][info][gc] GC(383854) Pause Young (Normal) (G1 Evacuation Pause) 61M->54M(75M) 9.475ms
Dec 24 13:10:50 burnside uvmconsole: [3326364.935s][info][gc] GC(383855) Pause Young (Normal) (G1 Evacuation Pause) 61M->54M(75M) 11.970ms
Dec 24 13:10:52 burnside uvmconsole: [3326367.576s][info][gc] GC(383856) Pause Young (Normal) (G1 Evacuation Pause) 61M->55M(75M) 11.529ms
Dec 24 13:10:59 burnside uvmconsole: [3326374.192s][info][gc] GC(383857) Pause Young (Normal) (G1 Evacuation Pause) 62M->55M(75M) 8.950ms
Dec 24 13:11:02 burnside uvmconsole: [3326377.668s][info][gc] GC(383858) Pause Young (Normal) (G1 Evacuation Pause) 62M->55M(75M) 10.675ms
Dec 24 13:11:02 burnside uvmconsole: [3326377.724s][info][gc] GC(383859) Pause Young (Normal) (G1 Evacuation Pause) 62M->55M(75M) 9.204ms
Dec 24 13:11:07 burnside uvmconsole: [3326381.969s][info][gc] GC(383860) Pause Young (Normal) (G1 Evacuation Pause) 61M->55M(75M) 7.433ms
Dec 24 13:11:13 burnside uvmconsole: [3326387.998s][info][gc] GC(383861) Pause Young (Concurrent Start) (G1 Evacuation Pause) 61M->55M(75M) 8.420ms
Dec 24 13:11:13 burnside uvmconsole: [3326387.999s][info][gc] GC(383862) Concurrent Cycle
Dec 24 13:11:13 burnside uvmconsole: [3326388.396s][info][gc] GC(383862) Pause Remark 55M->55M(75M) 43.945ms
Dec 24 13:11:13 burnside uvmconsole: [3326388.618s][info][gc] GC(383862) Pause Cleanup 56M->56M(75M) 0.529ms
Dec 24 13:11:13 burnside uvmconsole: [3326388.620s][info][gc] GC(383862) Concurrent Cycle 621.642ms
Dec 24 13:11:18 burnside uvmconsole: [3326393.355s][info][gc] GC(383863) Pause Young (Prepare Mixed) (G1 Evacuation Pause) 61M->55M(75M) 10.052ms
Dec 24 13:11:19 burnside uvmconsole: [3326393.981s][info][gc] GC(383864) Pause Young (Mixed) (G1 Evacuation Pause) 57M->54M(75M) 9.142ms
Dec 24 13:11:22 burnside uvmconsole: [3326397.305s][info][gc] GC(383865) Pause Young (Normal) (G1 Evacuation Pause) 61M->54M(75M) 7.755ms
Dec 24 13:11:29 burnside uvmconsole: [3326404.118s][info][gc] GC(383866) Pause Young (Normal) (G1 Evacuation Pause) 62M->54M(75M) 8.123ms
Dec 24 13:11:31 burnside uvmconsole: [3326406.683s][info][gc] GC(383867) Pause Young (Concurrent Start) (G1 Evacuation Pause) 62M->54M(75M) 11.080ms
Dec 24 13:11:31 burnside uvmconsole: [3326406.684s][info][gc] GC(383868) Concurrent Cycle
Dec 24 13:11:32 burnside uvmconsole: [3326407.125s][info][gc] GC(383868) Pause Remark 56M->56M(75M) 42.393ms
Dec 24 13:11:32 burnside uvmconsole: [3326407.342s][info][gc] GC(383868) Pause Cleanup 56M->56M(75M) 0.511ms
Dec 24 13:11:32 burnside uvmconsole: [3326407.345s][info][gc] GC(383868) Concurrent Cycle 661.057ms
Dec 24 13:11:34 burnside uvmconsole: [3326409.235s][info][gc] GC(383869) Pause Young (Normal) (G1 Evacuation Pause) 62M->55M(75M) 12.649ms
Dec 24 13:11:35 burnside uvmconsole: [3326410.308s][info][gc] GC(383870) Pause Young (Concurrent Start) (G1 Evacuation Pause) 62M->55M(75M) 13.091ms
Dec 24 13:11:35 burnside uvmconsole: [3326410.308s][info][gc] GC(383871) Concurrent Cycle
Dec 24 13:11:35 burnside uvmconsole: [3326410.654s][info][gc] GC(383872) Pause Young (Normal) (G1 Evacuation Pause) 63M->55M(75M) 11.712ms
Dec 24 13:11:36 burnside uvmconsole: [3326410.801s][info][gc] GC(383871) Pause Remark 57M->57M(75M) 46.495ms
Dec 24 13:11:36 burnside uvmconsole: [3326411.035s][info][gc] GC(383873) Pause Young (Normal) (G1 Evacuation Pause) 63M->55M(75M) 10.343ms
Dec 24 13:11:36 burnside uvmconsole: [3326411.083s][info][gc] GC(383871) Pause Cleanup 55M->55M(75M) 0.475ms
Dec 24 13:11:36 burnside uvmconsole: [3326411.085s][info][gc] GC(383871) Concurrent Cycle 776.905ms
Dec 24 13:11:38 burnside uvmconsole: [3326412.755s][info][gc] GC(383874) Pause Young (Normal) (G1 Evacuation Pause) 62M->55M(75M) 11.822ms
Dec 24 13:11:41 burnside uvmconsole: [3326416.168s][info][gc] GC(383875) Pause Young (Normal) (G1 Evacuation Pause) 62M->55M(75M) 12.982ms
Dec 24 13:11:45 burnside uvmconsole: [3326420.136s][info][gc] GC(383876) Pause Young (Normal) (G1 Evacuation Pause) 62M->55M(75M) 11.845ms
Dec 24 13:11:46 burnside uvmconsole: [3326421.024s][info][gc] GC(383877) Pause Young (Concurrent Start) (G1 Evacuation Pause) 61M->56M(75M) 14.692ms
Dec 24 13:11:46 burnside uvmconsole: [3326421.024s][info][gc] GC(383878) Concurrent Cycle
Dec 24 13:11:46 burnside uvmconsole: [3326421.476s][info][gc] GC(383878) Pause Remark 62M->62M(75M) 59.707ms
Dec 24 13:11:46 burnside uvmconsole: [3326421.723s][info][gc] GC(383878) Pause Cleanup 63M->63M(75M) 0.638ms
Dec 24 13:11:46 burnside uvmconsole: [3326421.726s][info][gc] GC(383878) Concurrent Cycle 701.746ms
Dec 24 13:11:47 burnside uvmconsole: [3326422.187s][info][gc] GC(383879) Pause Young (Prepare Mixed) (G1 Evacuation Pause) 65M->55M(75M) 12.522ms
Dec 24 13:11:47 burnside uvmconsole: [3326422.629s][info][gc] GC(383880) Pause Young (Mixed) (G1 Evacuation Pause) 57M->55M(75M) 9.662ms
Dec 24 13:11:51 burnside uvmconsole: [3326426.023s][info][gc] GC(383881) Pause Full (System.gc()) 59M->51M(75M) 343.607ms
Dec 24 13:11:53 burnside uvmconsole: [3326428.533s][info][gc] GC(383882) Pause Young (Normal) (G1 Evacuation Pause) 61M->51M(75M) 9.105ms
Dec 24 13:11:54 burnside uvmconsole: [3326429.278s][info][gc] GC(383883) Pause Young (Normal) (G1 Evacuation Pause) 61M->51M(75M) 8.113ms
Dec 24 13:11:55 burnside uvmconsole: [3326430.375s][info][gc] GC(383884) Pause Young (Normal) (G1 Evacuation Pause) 61M->51M(75M) 10.170ms
Dec 24 13:11:57 burnside uvmconsole: [3326432.549s][info][gc] GC(383885) Pause Young (Normal) (G1 Evacuation Pause) 61M->51M(75M) 8.293ms
Dec 24 13:11:59 burnside uvmconsole: [3326434.411s][info][gc] GC(383886) Pause Young (Normal) (G1 Evacuation Pause) 61M->51M(75M) 8.120ms
Dec 24 13:12:04 burnside uvmconsole: [3326439.643s][info][gc] GC(383887) Pause Young (Normal) (G1 Evacuation Pause) 61M->51M(75M) 12.423ms
Dec 24 13:12:05 burnside uvmconsole: [3326440.718s][info][gc] GC(383888) Pause Young (Normal) (G1 Evacuation Pause) 61M->51M(75M) 8.766ms
Dec 24 13:12:07 burnside uvmconsole: [3326442.437s][info][gc] GC(383889) Pause Young (Normal) (G1 Evacuation Pause) 61M->51M(75M) 8.133ms
Dec 24 13:12:11 burnside uvmconsole: [3326446.744s][info][gc] GC(383890) Pause Young (Normal) (G1 Evacuation Pause) 61M->51M(75M) 8.782ms
Dec 24 13:12:17 burnside uvmconsole: [3326452.412s][info][gc] GC(383891) Pause Young (Normal) (G1 Evacuation Pause) 61M->51M(75M) 8.837ms
Dec 24 13:12:23 burnside uvmconsole: [3326458.042s][info][gc] GC(383892) Pause Young (Normal) (G1 Evacuation Pause) 61M->51M(75M) 9.224ms
Dec 24 13:12:28 burnside uvmconsole: [3326462.845s][info][gc] GC(383893) Pause Young (Normal) (G1 Evacuation Pause) 61M->52M(75M) 9.888ms
Dec 24 13:12:35 burnside uvmconsole: [3326470.467s][info][gc] GC(383894) Pause Young (Normal) (G1 Evacuation Pause) 62M->52M(75M) 10.071ms
Dec 24 13:12:47 burnside uvmconsole: [3326481.797s][info][gc] GC(383895) Pause Young (Normal) (G1 Evacuation Pause) 61M->52M(75M) 10.435ms
Dec 24 13:12:59 burnside uvmconsole: [3326494.193s][info][gc] GC(383896) Pause Young (Normal) (G1 Evacuation Pause) 62M->52M(75M) 9.615ms
Dec 24 13:13:08 burnside uvmconsole: [3326502.955s][info][gc] GC(383897) Pause Young (Normal) (G1 Evacuation Pause) 61M->52M(75M) 12.885ms
Dec 24 13:13:09 burnside uvmconsole: [3326504.290s][info][gc] GC(383898) Pause Young (Normal) (G1 Evacuation Pause) 60M->52M(75M) 9.354ms
Dec 24 13:13:21 burnside uvmconsole: [3326515.956s][info][gc] GC(383899) Pause Young (Normal) (G1 Evacuation Pause) 61M->52M(75M) 9.365ms
Dec 24 13:13:25 burnside uvmconsole: [3326520.726s][info][gc] GC(383900) Pause Young (Normal) (G1 Evacuation Pause) 61M->52M(75M) 12.569ms
Dec 24 13:13:37 burnside uvmconsole: [3326532.483s][info][gc] GC(383901) Pause Young (Normal) (G1 Evacuation Pause) 61M->52M(75M) 9.233ms
Dec 24 13:13:53 burnside uvmconsole: [3326548.099s][info][gc] GC(383902) Pause Young (Normal) (G1 Evacuation Pause) 61M->52M(75M) 9.380ms
Dec 24 13:13:59 burnside uvmconsole: [3326554.194s][info][gc] GC(383903) Pause Young (Normal) (G1 Evacuation Pause) 60M->52M(75M) 9.350ms
Dec 24 13:14:00 burnside uvmconsole: [3326554.971s][info][gc] GC(383904) Pause Young (Normal) (G1 Evacuation Pause) 60M->52M(75M) 10.179ms
Dec 24 13:14:08 burnside uvmconsole: [3326562.788s][info][gc] GC(383905) Pause Young (Normal) (G1 Evacuation Pause) 60M->52M(75M) 10.347ms
Dec 24 13:14:16 burnside uvmconsole: [3326571.012s][info][gc] GC(383906) Pause Young (Normal) (G1 Evacuation Pause) 60M->52M(75M) 9.002ms
Dec 24 13:14:26 burnside uvmconsole: [3326581.212s][info][gc] GC(383907) Pause Young (Normal) (G1 Evacuation Pause) 60M->52M(75M) 9.607ms
Dec 24 13:14:38 burnside uvmconsole: [3326593.348s][info][gc] GC(383908) Pause Young (Normal) (G1 Evacuation Pause) 60M->52M(75M) 8.885ms
Dec 24 13:14:50 burnside uvmconsole: [3326605.183s][info][gc] GC(383909) Pause Young (Normal) (G1 Evacuation Pause) 60M->52M(75M) 9.618ms
Dec 24 13:14:56 burnside uvmconsole: [3326610.905s][info][gc] GC(383910) Pause Young (Normal) (G1 Evacuation Pause) 60M->52M(75M) 12.556ms
Dec 24 13:15:00 burnside uvmconsole: [3326615.065s][info][gc] GC(383911) Pause Young (Normal) (G1 Evacuation Pause) 59M->53M(75M) 10.452ms
Dec 24 13:15:01 burnside uvmconsole: [3326616.700s][info][gc] GC(383912) Pause Young (Normal) (G1 Evacuation Pause) 60M->53M(75M) 9.829ms
Dec 24 13:15:12 burnside uvmconsole: [3326627.580s][info][gc] GC(383913) Pause Young (Normal) (G1 Evacuation Pause) 61M->52M(75M) 9.218ms
Dec 24 13:15:23 burnside uvmconsole: [3326638.300s][info][gc] GC(383914) Pause Young (Normal) (G1 Evacuation Pause) 60M->52M(75M) 8.712ms
Dec 24 13:15:35 burnside uvmconsole: [3326650.035s][info][gc] GC(383915) Pause Young (Normal) (G1 Evacuation Pause) 60M->52M(75M) 9.040ms
Dec 24 13:15:42 burnside uvmconsole: [3326657.090s][info][gc] GC(383916) Pause Young (Normal) (G1 Evacuation Pause) 60M->52M(75M) 8.937ms
Dec 24 13:15:47 burnside uvmconsole: [3326662.133s][info][gc] GC(383917) Pause Young (Normal) (G1 Evacuation Pause) 60M->52M(75M) 9.096ms
Dec 24 13:15:51 burnside uvmconsole: [3326666.566s][info][gc] GC(383918) Pause Young (Normal) (G1 Evacuation Pause) 60M->52M(75M) 9.587ms
Dec 24 13:15:58 burnside uvmconsole: [3326673.363s][info][gc] GC(383919) Pause Young (Normal) (G1 Evacuation Pause) 60M->52M(75M) 9.954ms
Dec 24 13:16:02 burnside uvmconsole: [3326676.782s][info][gc] GC(383920) Pause Young (Normal) (G1 Evacuation Pause) 60M->53M(75M) 9.591ms
Dec 24 13:16:04 burnside uvmconsole: [3326678.778s][info][gc] GC(383921) Pause Young (Normal) (G1 Evacuation Pause) 61M->53M(75M) 9.453ms
Dec 24 13:16:13 burnside uvmconsole: [3326688.243s][info][gc] GC(383922) Pause Young (Normal) (G1 Evacuation Pause) 60M->53M(75M) 8.711ms
Dec 24 13:16:17 burnside uvmconsole: [3326692.251s][info][gc] GC(383923) Pause Young (Normal) (G1 Evacuation Pause) 60M->53M(75M) 8.386ms
Dec 24 13:16:23 burnside uvmconsole: [3326698.058s][info][gc] GC(383924) Pause Young (Normal) (G1 Evacuation Pause) 60M->53M(75M) 7.678ms
Dec 24 13:16:26 burnside uvmconsole: [3326701.417s][info][gc] GC(383925) Pause Young (Normal) (G1 Evacuation Pause) 60M->53M(75M) 7.722ms
Dec 24 13:16:35 burnside uvmconsole: [3326710.132s][info][gc] GC(383926) Pause Young (Normal) (G1 Evacuation Pause) 60M->53M(75M) 8.056ms
Dec 24 13:16:37 burnside uvmconsole: [3326712.703s][info][gc] GC(383927) Pause Young (Normal) (G1 Evacuation Pause) 60M->53M(75M) 10.187ms
Dec 24 13:16:43 burnside uvmconsole: [3326718.653s][info][gc] GC(383928) Pause Young (Normal) (G1 Evacuation Pause) 60M->53M(75M) 9.266ms
Dec 24 13:16:50 burnside uvmconsole: [3326724.956s][info][gc] GC(383929) Pause Young (Normal) (G1 Evacuation Pause) 60M->53M(75M) 7.675ms
Dec 24 13:16:51 burnside uvmconsole: [3326726.031s][info][gc] GC(383930) Pause Full (System.gc()) 53M->49M(75M) 351.591ms
Dec 24 13:16:56 burnside uvmconsole: [3326730.765s][info][gc] GC(383931) Pause Young (Normal) (G1 Evacuation Pause) 58M->50M(75M) 7.207ms
Dec 24 13:16:59 burnside uvmconsole: [3326734.192s][info][gc] GC(383932) Pause Young (Normal) (G1 Evacuation Pause) 59M->50M(75M) 8.840ms
Dec 24 13:17:05 burnside uvmconsole: [3326740.086s][info][gc] GC(383933) Pause Young (Normal) (G1 Evacuation Pause) 59M->50M(75M) 9.085ms
Dec 24 13:17:06 burnside uvmconsole: [3326741.404s][info][gc] GC(383934) Pause Young (Normal) (G1 Evacuation Pause) 59M->50M(75M) 11.735ms
Dec 24 13:17:14 burnside uvmconsole: [3326749.224s][info][gc] GC(383935) Pause Young (Normal) (G1 Evacuation Pause) 59M->50M(75M) 9.614ms
Dec 24 13:17:24 burnside uvmconsole: [3326759.617s][info][gc] GC(383936) Pause Young (Normal) (G1 Evacuation Pause) 60M->50M(75M) 9.473ms
Dec 24 13:17:33 burnside uvmconsole: [3326768.569s][info][gc] GC(383937) Pause Young (Normal) (G1 Evacuation Pause) 60M->50M(75M) 9.742ms
Dec 24 13:17:40 burnside uvmconsole: [3326775.053s][info][gc] GC(383938) Pause Young (Normal) (G1 Evacuation Pause) 59M->50M(75M) 10.723ms
Dec 24 13:17:41 burnside uvmconsole: [3326775.944s][info][gc] GC(383939) Pause Young (Normal) (G1 Evacuation Pause) 59M->51M(75M) 11.705ms
Dec 24 13:17:43 burnside uvmconsole: [3326777.889s][info][gc] GC(383940) Pause Young (Normal) (G1 Evacuation Pause) 60M->51M(75M) 11.834ms
Dec 24 13:17:44 burnside uvmconsole: [3326779.103s][info][gc] GC(383941) Pause Young (Normal) (G1 Evacuation Pause) 60M->52M(75M) 12.867ms
Dec 24 13:17:45 burnside uvmconsole: [3326780.069s][info][gc] GC(383942) Pause Young (Normal) (G1 Evacuation Pause) 60M->52M(75M) 12.283ms
Dec 24 13:17:48 burnside uvmconsole: [3326782.826s][info][gc] GC(383943) Pause Young (Normal) (G1 Evacuation Pause) 60M->52M(75M) 12.065ms
Dec 24 13:17:51 burnside uvmconsole: [3326786.628s][info][gc] GC(383944) Pause Young (Normal) (G1 Evacuation Pause) 60M->52M(75M) 10.069ms
Dec 24 13:17:57 burnside uvmconsole: [3326792.532s][info][gc] GC(383945) Pause Young (Normal) (G1 Evacuation Pause) 60M->52M(75M) 9.317ms
Dec 24 13:18:01 burnside uvmconsole: [3326796.741s][info][gc] GC(383946) Pause Young (Normal) (G1 Evacuation Pause) 60M->53M(75M) 11.005ms
Dec 24 13:18:05 burnside uvmconsole: [3326800.727s][info][gc] GC(383947) Pause Young (Normal) (G1 Evacuation Pause) 60M->53M(75M) 10.724ms
Dec 24 13:18:09 burnside uvmconsole: [3326804.357s][info][gc] GC(383948) Pause Young (Normal) (G1 Evacuation Pause) 60M->53M(75M) 10.437ms
Dec 24 13:18:14 burnside uvmconsole: [3326809.000s][info][gc] GC(383949) Pause Young (Normal) (G1 Evacuation Pause) 60M->53M(75M) 10.115ms
Dec 24 13:18:21 burnside uvmconsole: [3326816.420s][info][gc] GC(383950) Pause Young (Normal) (G1 Evacuation Pause) 61M->53M(75M) 9.773ms
Dec 24 13:18:28 burnside uvmconsole: [3326823.508s][info][gc] GC(383951) Pause Young (Normal) (G1 Evacuation Pause) 61M->53M(75M) 9.573ms
Dec 24 13:18:33 burnside uvmconsole: [3326828.257s][info][gc] GC(383952) Pause Young (Normal) (G1 Evacuation Pause) 61M->53M(75M) 12.883ms
Dec 24 13:18:44 burnside uvmconsole: [3326839.452s][info][gc] GC(383953) Pause Young (Normal) (G1 Evacuation Pause) 60M->53M(75M) 10.230ms
Dec 24 13:18:54 burnside uvmconsole: [3326849.480s][info][gc] GC(383954) Pause Young (Normal) (G1 Evacuation Pause) 60M->53M(75M) 10.265ms
Dec 24 13:18:58 burnside uvmconsole: [3326853.227s][info][gc] GC(383955) Pause Young (Normal) (G1 Evacuation Pause) 60M->53M(75M) 9.019ms
Dec 24 13:18:59 burnside uvmconsole: [3326854.294s][info][gc] GC(383956) Pause Young (Normal) (G1 Evacuation Pause) 60M->53M(75M) 9.773ms
Dec 24 13:19:01 burnside uvmconsole: [3326856.281s][info][gc] GC(383957) Pause Young (Normal) (G1 Evacuation Pause) 60M->54M(75M) 11.205ms
Dec 24 13:19:01 burnside uvmconsole: [3326856.431s][info][gc] GC(383958) Pause Young (Normal) (G1 Evacuation Pause) 60M->54M(75M) 9.751ms
Dec 24 13:19:08 burnside uvmconsole: [3326862.825s][info][gc] GC(383959) Pause Young (Normal) (G1 Evacuation Pause) 60M->54M(75M) 7.783ms
Dec 24 13:19:12 burnside uvmconsole: [3326867.704s][info][gc] GC(383960) Pause Young (Normal) (G1 Evacuation Pause) 60M->54M(75M) 7.101ms
Dec 24 13:19:22 burnside uvmconsole: [3326877.543s][info][gc] GC(383961) Pause Young (Normal) (G1 Evacuation Pause) 60M->54M(75M) 8.002ms
Dec 24 13:19:26 burnside uvmconsole: [3326881.106s][info][gc] GC(383962) Pause Young (Normal) (G1 Evacuation Pause) 60M->54M(75M) 8.039ms
Dec 24 13:19:29 burnside uvmconsole: [3326884.324s][info][gc] GC(383963) Pause Young (Normal) (G1 Evacuation Pause) 60M->54M(75M) 7.908ms
Dec 24 13:19:36 burnside uvmconsole: [3326891.077s][info][gc] GC(383964) Pause Young (Normal) (G1 Evacuation Pause) 60M->54M(75M) 8.342ms
Dec 24 13:19:40 burnside uvmconsole: [3326895.268s][info][gc] GC(383965) Pause Young (Normal) (G1 Evacuation Pause) 60M->54M(75M) 9.181ms
Dec 24 13:19:49 burnside uvmconsole: [3326904.109s][info][gc] GC(383966) Pause Young (Normal) (G1 Evacuation Pause) 60M->54M(75M) 9.019ms
Dec 24 13:19:55 burnside uvmconsole: [3326909.786s][info][gc] GC(383967) Pause Young (Normal) (G1 Evacuation Pause) 60M->54M(75M) 8.155ms
Dec 24 13:19:59 burnside uvmconsole: [3326914.190s][info][gc] GC(383968) Pause Young (Normal) (G1 Evacuation Pause) 60M->54M(75M) 8.447ms
Dec 24 13:20:03 burnside uvmconsole: [3326918.386s][info][gc] GC(383969) Pause Young (Normal) (G1 Evacuation Pause) 60M->55M(75M) 9.793ms
Dec 24 13:20:03 burnside uvmconsole: [3326918.450s][info][gc] GC(383970) Pause Young (Normal) (G1 Evacuation Pause) 61M->55M(75M) 9.706ms
Dec 24 13:20:06 burnside uvmconsole: [3326921.577s][info][gc] GC(383971) Pause Young (Normal) (G1 Evacuation Pause) 60M->55M(75M) 6.635ms
Dec 24 13:20:14 burnside uvmconsole: [3326929.311s][info][gc] GC(383972) Pause Young (Concurrent Start) (G1 Evacuation Pause) 60M->55M(75M) 8.749ms
Dec 24 13:20:14 burnside uvmconsole: [3326929.312s][info][gc] GC(383973) Concurrent Cycle
Dec 24 13:20:14 burnside uvmconsole: [3326929.716s][info][gc] GC(383973) Pause Remark 56M->56M(75M) 43.814ms
Dec 24 13:20:15 burnside uvmconsole: [3326929.922s][info][gc] GC(383973) Pause Cleanup 56M->56M(75M) 0.485ms
Dec 24 13:20:15 burnside uvmconsole: [3326929.924s][info][gc] GC(383973) Concurrent Cycle 611.524ms
Dec 24 13:20:19 burnside uvmconsole: [3326933.910s][info][gc] GC(383974) Pause Young (Prepare Mixed) (G1 Evacuation Pause) 60M->55M(75M) 10.505ms
Dec 24 13:20:20 burnside uvmconsole: [3326935.065s][info][gc] GC(383975) Pause Young (Mixed) (G1 Evacuation Pause) 57M->54M(75M) 10.046ms
Dec 24 13:20:24 burnside uvmconsole: [3326939.268s][info][gc] GC(383976) Pause Young (Normal) (G1 Evacuation Pause) 61M->54M(75M) 8.660ms
Dec 24 13:20:31 burnside uvmconsole: [3326946.262s][info][gc] GC(383977) Pause Young (Normal) (G1 Evacuation Pause) 61M->54M(75M) 7.421ms
Dec 24 13:20:38 burnside uvmconsole: [3326953.395s][info][gc] GC(383978) Pause Young (Normal) (G1 Evacuation Pause) 61M->54M(75M) 8.581ms
Dec 24 13:20:40 burnside uvmconsole: [3326955.559s][info][gc] GC(383979) Pause Young (Normal) (G1 Evacuation Pause) 61M->54M(75M) 8.113ms
Dec 24 13:20:44 burnside uvmconsole: [3326959.402s][info][gc] GC(383980) Pause Young (Normal) (G1 Evacuation Pause) 61M->54M(75M) 8.227ms
Dec 24 13:20:46 burnside uvmconsole: [3326961.682s][info][gc] GC(383981) Pause Young (Normal) (G1 Evacuation Pause) 61M->54M(75M) 9.583ms
Dec 24 13:20:53 burnside uvmconsole: [3326968.656s][info][gc] GC(383982) Pause Young (Normal) (G1 Evacuation Pause) 61M->55M(75M) 8.544ms
Dec 24 13:20:59 burnside uvmconsole: [3326974.194s][info][gc] GC(383983) Pause Young (Normal) (G1 Evacuation Pause) 62M->55M(75M) 12.302ms
Dec 24 13:21:05 burnside uvmconsole: [3326980.682s][info][gc] GC(383984) Pause Young (Normal) (G1 Evacuation Pause) 62M->55M(75M) 9.505ms
Dec 24 13:21:05 burnside uvmconsole: [3326980.741s][info][gc] GC(383985) Pause Young (Normal) (G1 Evacuation Pause) 62M->55M(75M) 8.723ms
Dec 24 13:21:16 burnside uvmconsole: [3326991.546s][info][gc] GC(383986) Pause Young (Normal) (G1 Evacuation Pause) 62M->55M(75M) 8.098ms
Dec 24 13:21:20 burnside uvmconsole: [3326995.114s][info][gc] GC(383987) Pause Young (Concurrent Start) (G1 Evacuation Pause) 62M->55M(75M) 9.610ms
Dec 24 13:21:20 burnside uvmconsole: [3326995.115s][info][gc] GC(383988) Concurrent Cycle
Dec 24 13:21:20 burnside uvmconsole: [3326995.520s][info][gc] GC(383988) Pause Remark 56M->56M(75M) 44.059ms
Dec 24 13:21:20 burnside uvmconsole: [3326995.731s][info][gc] GC(383988) Pause Cleanup 56M->56M(75M) 0.471ms
Dec 24 13:21:20 burnside uvmconsole: [3326995.732s][info][gc] GC(383988) Concurrent Cycle 617.597ms
Dec 24 13:21:26 burnside uvmconsole: [3327001.723s][info][gc] GC(383989) Pause Young (Prepare Mixed) (G1 Evacuation Pause) 62M->55M(75M) 9.394ms
Dec 24 13:21:27 burnside uvmconsole: [3327002.652s][info][gc] GC(383990) Pause Young (Mixed) (G1 Evacuation Pause) 57M->53M(75M) 8.254ms
Dec 24 13:21:37 burnside uvmconsole: [3327012.079s][info][gc] GC(383991) Pause Young (Normal) (G1 Evacuation Pause) 61M->53M(75M) 9.937ms
Dec 24 13:21:50 burnside uvmconsole: [3327025.571s][info][gc] GC(383992) Pause Young (Normal) (G1 Evacuation Pause) 61M->53M(75M) 7.379ms
Dec 24 13:21:51 burnside uvmconsole: [3327026.009s][info][gc] GC(383993) Pause Full (System.gc()) 54M->49M(73M) 329.576ms
Dec 24 13:21:57 burnside uvmconsole: [3327032.696s][info][gc] GC(383994) Pause Young (Normal) (G1 Evacuation Pause) 59M->49M(73M) 6.352ms
Dec 24 13:22:03 burnside uvmconsole: [3327038.330s][info][gc] GC(383995) Pause Young (Normal) (G1 Evacuation Pause) 59M->49M(73M) 8.443ms
Dec 24 13:22:07 burnside uvmconsole: [3327042.603s][info][gc] GC(383996) Pause Young (Normal) (G1 Evacuation Pause) 59M->50M(73M) 7.034ms
Dec 24 13:22:17 burnside uvmconsole: [3327052.303s][info][gc] GC(383997) Pause Young (Normal) (G1 Evacuation Pause) 60M->49M(73M) 7.873ms
Dec 24 13:22:25 burnside uvmconsole: [3327060.598s][info][gc] GC(383998) Pause Young (Normal) (G1 Evacuation Pause) 59M->49M(73M) 8.291ms
Dec 24 13:22:48 burnside uvmconsole: [3327083.104s][info][gc] GC(383999) Pause Young (Normal) (G1 Evacuation Pause) 59M->50M(73M) 8.050ms
Dec 24 13:22:59 burnside uvmconsole: [3327094.193s][info][gc] GC(384000) Pause Young (Normal) (G1 Evacuation Pause) 60M->50M(73M) 7.901ms
Dec 24 13:23:09 burnside uvmconsole: [3327104.259s][info][gc] GC(384001) Pause Young (Normal) (G1 Evacuation Pause) 60M->50M(73M) 9.372ms
Dec 24 13:23:23 burnside uvmconsole: [3327118.221s][info][gc] GC(384002) Pause Young (Normal) (G1 Evacuation Pause) 60M->50M(73M) 9.502ms
Dec 24 13:23:43 burnside uvmconsole: [3327138.385s][info][gc] GC(384003) Pause Young (Normal) (G1 Evacuation Pause) 60M->50M(73M) 8.366ms
Dec 24 13:24:00 burnside uvmconsole: [3327154.800s][info][gc] GC(384004) Pause Young (Normal) (G1 Evacuation Pause) 60M->50M(73M) 9.360ms
Dec 24 13:24:07 burnside uvmconsole: [3327162.073s][info][gc] GC(384005) Pause Young (Normal) (G1 Evacuation Pause) 59M->50M(73M) 9.412ms
Dec 24 13:24:21 burnside uvmconsole: [3327176.301s][info][gc] GC(384006) Pause Young (Normal) (G1 Evacuation Pause) 60M->50M(73M) 8.735ms
Dec 24 13:24:33 burnside uvmconsole: [3327188.654s][info][gc] GC(384007) Pause Young (Normal) (G1 Evacuation Pause) 60M->50M(73M) 9.267ms
Dec 24 13:24:52 burnside uvmconsole: [3327206.862s][info][gc] GC(384008) Pause Young (Normal) (G1 Evacuation Pause) 60M->50M(73M) 9.185ms
Dec 24 13:25:02 burnside uvmconsole: [3327217.015s][info][gc] GC(384009) Pause Young (Normal) (G1 Evacuation Pause) 59M->50M(73M) 10.053ms
Dec 24 13:25:12 burnside uvmconsole: [3327227.649s][info][gc] GC(384010) Pause Young (Normal) (G1 Evacuation Pause) 59M->50M(73M) 9.986ms
Dec 24 13:25:43 burnside uvmconsole: [3327258.654s][info][gc] GC(384011) Pause Young (Normal) (G1 Evacuation Pause) 60M->50M(73M) 8.514ms
Dec 24 13:25:58 burnside uvmconsole: [3327272.947s][info][gc] GC(384012) Pause Young (Normal) (G1 Evacuation Pause) 59M->50M(73M) 8.543ms
Dec 24 13:26:03 burnside uvmconsole: [3327278.497s][info][gc] GC(384013) Pause Young (Normal) (G1 Evacuation Pause) 59M->51M(73M) 24.079ms
Dec 24 13:26:15 burnside uvmconsole: [3327290.381s][info][gc] GC(384014) Pause Young (Normal) (G1 Evacuation Pause) 60M->50M(73M) 8.446ms
Dec 24 13:26:34 burnside uvmconsole: [3327309.048s][info][gc] GC(384015) Pause Young (Normal) (G1 Evacuation Pause) 59M->50M(73M) 8.562ms
Dec 24 13:26:46 burnside uvmconsole: [3327321.536s][info][gc] GC(384016) Pause Young (Normal) (G1 Evacuation Pause) 59M->50M(73M) 8.871ms
Dec 24 13:26:51 burnside uvmconsole: [3327326.010s][info][gc] GC(384017) Pause Full (System.gc()) 55M->48M(73M) 330.726ms
Dec 24 13:26:57 burnside uvmconsole: [3327332.684s][info][gc] GC(384018) Pause Young (Normal) (G1 Evacuation Pause) 57M->49M(73M) 9.592ms
Dec 24 13:27:02 burnside uvmconsole: [3327337.129s][info][gc] GC(384019) Pause Young (Normal) (G1 Evacuation Pause) 58M->49M(73M) 7.227ms
Dec 24 13:27:05 burnside uvmconsole: [3327339.979s][info][gc] GC(384020) Pause Young (Normal) (G1 Evacuation Pause) 58M->49M(73M) 7.906ms
Dec 24 13:27:15 burnside uvmconsole: [3327350.267s][info][gc] GC(384021) Pause Young (Normal) (G1 Evacuation Pause) 58M->49M(73M) 7.712ms
Dec 24 13:27:34 burnside uvmconsole: [3327368.838s][info][gc] GC(384022) Pause Young (Normal) (G1 Evacuation Pause) 58M->49M(73M) 8.146ms
Dec 24 13:27:35 burnside uvmconsole: [3327370.640s][info][gc] GC(384023) Pause Young (Normal) (G1 Evacuation Pause) 58M->49M(73M) 16.300ms
Dec 24 13:27:42 burnside uvmconsole: [3327376.906s][info][gc] GC(384024) Pause Young (Normal) (G1 Evacuation Pause) 58M->49M(73M) 7.867ms
Dec 24 13:27:50 burnside uvmconsole: [3327384.982s][info][gc] GC(384025) Pause Young (Normal) (G1 Evacuation Pause) 58M->49M(73M) 8.860ms
Dec 24 13:27:57 burnside uvmconsole: [3327392.449s][info][gc] GC(384026) Pause Young (Normal) (G1 Evacuation Pause) 58M->49M(73M) 10.524ms
Dec 24 13:28:06 burnside uvmconsole: [3327401.513s][info][gc] GC(384027) Pause Young (Normal) (G1 Evacuation Pause) 58M->50M(73M) 9.961ms
Dec 24 13:28:14 burnside uvmconsole: [3327408.934s][info][gc] GC(384028) Pause Young (Normal) (G1 Evacuation Pause) 58M->49M(73M) 8.687ms
Dec 24 13:28:34 burnside uvmconsole: [3327428.822s][info][gc] GC(384029) Pause Young (Normal) (G1 Evacuation Pause) 57M->50M(73M) 8.856ms
Dec 24 13:28:47 burnside uvmconsole: [3327442.707s][info][gc] GC(384030) Pause Young (Normal) (G1 Evacuation Pause) 58M->50M(73M) 8.916ms
Dec 24 13:29:00 burnside uvmconsole: [3327454.796s][info][gc] GC(384031) Pause Young (Normal) (G1 Evacuation Pause) 58M->50M(73M) 10.086ms
Dec 24 13:29:08 burnside uvmconsole: [3327462.921s][info][gc] GC(384032) Pause Young (Normal) (G1 Evacuation Pause) 57M->50M(73M) 9.668ms
Dec 24 13:29:10 burnside uvmconsole: [3327465.146s][info][gc] GC(384033) Pause Young (Normal) (G1 Evacuation Pause) 58M->50M(73M) 8.934ms
Dec 24 13:29:27 burnside uvmconsole: [3327482.584s][info][gc] GC(384034) Pause Young (Normal) (G1 Evacuation Pause) 58M->50M(73M) 8.264ms
Dec 24 13:29:43 burnside uvmconsole: [3327498.501s][info][gc] GC(384035) Pause Young (Normal) (G1 Evacuation Pause) 58M->50M(73M) 8.454ms
Dec 24 13:29:48 burnside uvmconsole: [3327502.808s][info][gc] GC(384036) Pause Young (Normal) (G1 Evacuation Pause) 58M->50M(73M) 9.578ms
Dec 24 13:29:49 burnside uvmconsole: [3327503.879s][info][gc] GC(384037) Pause Young (Normal) (G1 Evacuation Pause) 57M->50M(73M) 13.260ms
Dec 24 13:29:50 burnside uvmconsole: [3327504.822s][info][gc] GC(384038) Pause Young (Normal) (G1 Evacuation Pause) 57M->51M(73M) 14.971ms
Dec 24 13:29:51 burnside uvmconsole: [3327506.098s][info][gc] GC(384039) Pause Young (Normal) (G1 Evacuation Pause) 58M->51M(73M) 11.930ms
Dec 24 13:29:52 burnside uvmconsole: [3327507.537s][info][gc] GC(384040) Pause Young (Normal) (G1 Evacuation Pause) 59M->51M(73M) 12.367ms
Dec 24 13:29:54 burnside uvmconsole: [3327509.453s][info][gc] GC(384041) Pause Young (Normal) (G1 Evacuation Pause) 58M->51M(73M) 11.613ms
Dec 24 13:29:55 burnside uvmconsole: [3327510.244s][info][gc] GC(384042) Pause Young (Normal) (G1 Evacuation Pause) 58M->52M(73M) 14.233ms
Dec 24 13:29:56 burnside uvmconsole: [3327510.810s][info][gc] GC(384043) Pause Young (Normal) (G1 Evacuation Pause) 58M->52M(73M) 11.770ms
Dec 24 13:29:59 burnside uvmconsole: [3327514.196s][info][gc] GC(384044) Pause Young (Normal) (G1 Evacuation Pause) 58M->52M(73M) 8.909ms
Dec 24 13:29:59 burnside uvmconsole: [3327514.586s][info][gc] GC(384045) Pause Young (Normal) (G1 Evacuation Pause) 58M->53M(73M) 10.850ms
Dec 24 13:30:05 burnside uvmconsole: [3327520.204s][info][gc] GC(384046) Pause Young (Normal) (G1 Evacuation Pause) 59M->53M(73M) 10.295ms
Dec 24 13:30:10 burnside uvmconsole: [3327525.234s][info][gc] GC(384047) Pause Young (Normal) (G1 Evacuation Pause) 59M->53M(73M) 9.294ms
Dec 24 13:30:10 burnside uvmconsole: [3327525.444s][info][gc] GC(384048) Pause Young (Normal) (G1 Evacuation Pause) 59M->53M(73M) 8.172ms
Dec 24 13:30:10 burnside uvmconsole: [3327525.646s][info][gc] GC(384049) Pause Young (Normal) (G1 Evacuation Pause) 59M->53M(73M) 7.841ms
Dec 24 13:30:11 burnside uvmconsole: [3327526.616s][info][gc] GC(384050) Pause Young (Normal) (G1 Evacuation Pause) 59M->53M(73M) 8.341ms
Dec 24 13:30:18 burnside uvmconsole: [3327533.429s][info][gc] GC(384051) Pause Young (Normal) (G1 Evacuation Pause) 59M->53M(73M) 7.735ms
Dec 24 13:30:20 burnside uvmconsole: [3327535.554s][info][gc] GC(384052) Pause Young (Normal) (G1 Evacuation Pause) 59M->53M(73M) 7.479ms
Dec 24 13:30:21 burnside uvmconsole: [3327536.587s][info][gc] GC(384053) Pause Young (Normal) (G1 Evacuation Pause) 59M->53M(73M) 7.288ms
Dec 24 13:30:26 burnside uvmconsole: [3327540.862s][info][gc] GC(384054) Pause Young (Normal) (G1 Evacuation Pause) 59M->53M(73M) 8.082ms
Dec 24 13:30:35 burnside uvmconsole: [3327550.018s][info][gc] GC(384055) Pause Young (Normal) (G1 Evacuation Pause) 59M->53M(73M) 7.952ms
Dec 24 13:30:41 burnside uvmconsole: [3327555.976s][info][gc] GC(384056) Pause Young (Normal) (G1 Evacuation Pause) 59M->53M(73M) 7.644ms
Dec 24 13:30:47 burnside uvmconsole: [3327562.725s][info][gc] GC(384057) Pause Young (Normal) (G1 Evacuation Pause) 59M->53M(73M) 8.177ms
Dec 24 13:30:52 burnside uvmconsole: [3327567.547s][info][gc] GC(384058) Pause Young (Normal) (G1 Evacuation Pause) 59M->53M(73M) 10.639ms
Dec 24 13:30:53 burnside uvmconsole: [3327567.789s][info][gc] GC(384059) Pause Young (Normal) (G1 Evacuation Pause) 59M->53M(73M) 8.519ms
Dec 24 13:30:56 burnside uvmconsole: [3327571.008s][info][gc] GC(384060) Pause Young (Normal) (G1 Evacuation Pause) 59M->53M(73M) 7.387ms
Dec 24 13:31:01 burnside uvmconsole: [3327575.915s][info][gc] GC(384061) Pause Young (Normal) (G1 Evacuation Pause) 59M->53M(73M) 9.377ms
Dec 24 13:31:02 burnside uvmconsole: [3327577.350s][info][gc] GC(384062) Pause Young (Normal) (G1 Evacuation Pause) 59M->53M(73M) 8.513ms
Dec 24 13:31:03 burnside uvmconsole: [3327577.836s][info][gc] GC(384063) Pause Young (Normal) (G1 Evacuation Pause) 58M->53M(73M) 10.428ms
Dec 24 13:31:08 burnside uvmconsole: [3327583.592s][info][gc] GC(384064) Pause Young (Normal) (G1 Evacuation Pause) 58M->53M(73M) 10.343ms
Dec 24 13:31:13 burnside uvmconsole: [3327588.652s][info][gc] GC(384065) Pause Young (Normal) (G1 Evacuation Pause) 58M->53M(73M) 7.192ms
Dec 24 13:31:21 burnside uvmconsole: [3327596.151s][info][gc] GC(384066) Pause Young (Normal) (G1 Evacuation Pause) 58M->53M(73M) 7.178ms
Dec 24 13:31:30 burnside uvmconsole: [3327605.062s][info][gc] GC(384067) Pause Young (Normal) (G1 Evacuation Pause) 58M->53M(73M) 7.593ms
Dec 24 13:31:40 burnside uvmconsole: [3327615.151s][info][gc] GC(384068) Pause Young (Normal) (G1 Evacuation Pause) 58M->53M(73M) 7.330ms
Dec 24 13:31:44 burnside uvmconsole: [3327619.746s][info][gc] GC(384069) Pause Young (Normal) (G1 Evacuation Pause) 58M->53M(73M) 7.841ms
Dec 24 13:31:50 burnside uvmconsole: [3327625.273s][info][gc] GC(384070) Pause Young (Normal) (G1 Evacuation Pause) 58M->53M(73M) 8.318ms
Dec 24 13:31:51 burnside uvmconsole: [3327626.021s][info][gc] GC(384071) Pause Full (System.gc()) 57M->50M(73M) 341.549ms
Dec 24 13:31:59 burnside uvmconsole: [3327634.188s][info][gc] GC(384072) Pause Young (Normal) (G1 Evacuation Pause) 58M->50M(73M) 7.086ms
Dec 24 13:32:04 burnside uvmconsole: [3327639.092s][info][gc] GC(384073) Pause Young (Normal) (G1 Evacuation Pause) 58M->50M(73M) 8.212ms
Dec 24 13:32:06 burnside uvmconsole: [3327641.506s][info][gc] GC(384074) Pause Young (Normal) (G1 Evacuation Pause) 58M->50M(73M) 6.789ms
Dec 24 13:32:16 burnside uvmconsole: [3327651.541s][info][gc] GC(384075) Pause Young (Normal) (G1 Evacuation Pause) 58M->50M(73M) 8.047ms
Dec 24 13:32:22 burnside uvmconsole: [3327657.326s][info][gc] GC(384076) Pause Young (Normal) (G1 Evacuation Pause) 58M->50M(73M) 7.965ms
Dec 24 13:32:25 burnside uvmconsole: [3327659.825s][info][gc] GC(384077) Pause Young (Normal) (G1 Evacuation Pause) 58M->50M(73M) 8.331ms
Dec 24 13:32:30 burnside uvmconsole: [3327665.102s][info][gc] GC(384078) Pause Young (Normal) (G1 Evacuation Pause) 58M->50M(73M) 8.380ms
Dec 24 13:32:37 burnside uvmconsole: [3327672.034s][info][gc] GC(384079) Pause Young (Normal) (G1 Evacuation Pause) 58M->50M(73M) 8.145ms
Dec 24 13:32:46 burnside uvmconsole: [3327681.044s][info][gc] GC(384080) Pause Young (Normal) (G1 Evacuation Pause) 58M->50M(73M) 8.216ms
Dec 24 13:32:54 burnside uvmconsole: [3327689.606s][info][gc] GC(384081) Pause Young (Normal) (G1 Evacuation Pause) 58M->50M(73M) 8.171ms
Dec 24 13:32:56 burnside uvmconsole: 12-24 13:32:56.853723| ERROR:./libnetcap/src/netcap_tcp_srv_complete.c:251:CRITICAL ERROR: connect: Cannot assign requested address : (24.222.11.62:32319 -> 52.114.77.34:443)
Dec 24 13:32:56 burnside uvmconsole: 12-24 13:32:56.853830| ERROR:./libnetcap/src/netcap_tcp_srv_complete.c:119:WARNING: _srv_start_connection
Dec 24 13:33:00 burnside uvmconsole: [3327694.795s][info][gc] GC(384082) Pause Young (Normal) (G1 Evacuation Pause) 58M->50M(73M) 8.453ms
Dec 24 13:33:06 burnside uvmconsole: [3327700.948s][info][gc] GC(384083) Pause Young (Normal) (G1 Evacuation Pause) 58M->51M(73M) 9.461ms
Dec 24 13:33:10 burnside uvmconsole: [3327705.471s][info][gc] GC(384084) Pause Young (Normal) (G1 Evacuation Pause) 58M->51M(73M) 8.292ms
Dec 24 13:33:21 burnside uvmconsole: [3327716.603s][info][gc] GC(384085) Pause Young (Normal) (G1 Evacuation Pause) 59M->51M(73M) 9.695ms
Dec 24 13:33:35 burnside uvmconsole: [3327729.932s][info][gc] GC(384086) Pause Young (Normal) (G1 Evacuation Pause) 59M->51M(73M) 8.487ms
Dec 24 13:33:47 burnside uvmconsole: [3327742.169s][info][gc] GC(384087) Pause Young (Normal) (G1 Evacuation Pause) 59M->51M(73M) 9.515ms
Dec 24 13:33:52 burnside uvmconsole: [3327746.788s][info][gc] GC(384088) Pause Young (Normal) (G1 Evacuation Pause) 58M->51M(73M) 8.866ms
Dec 24 13:33:54 burnside uvmconsole: [3327749.619s][info][gc] GC(384089) Pause Young (Normal) (G1 Evacuation Pause) 59M->51M(73M) 11.047ms
Dec 24 13:33:58 burnside uvmconsole: [3327752.792s][info][gc] GC(384090) Pause Young (Normal) (G1 Evacuation Pause) 58M->51M(73M) 10.395ms
Dec 24 13:34:02 burnside uvmconsole: [3327757.327s][info][gc] GC(384091) Pause Young (Normal) (G1 Evacuation Pause) 58M->51M(73M) 9.398ms
Dec 24 13:34:06 burnside uvmconsole: [3327761.340s][info][gc] GC(384092) Pause Young (Normal) (G1 Evacuation Pause) 58M->51M(73M) 9.228ms
Dec 24 13:34:09 burnside uvmconsole: [3327764.086s][info][gc] GC(384093) Pause Young (Normal) (G1 Evacuation Pause) 58M->51M(73M) 7.082ms
Dec 24 13:34:15 burnside uvmconsole: [3327770.186s][info][gc] GC(384094) Pause Young (Normal) (G1 Evacuation Pause) 58M->51M(73M) 7.402ms
Dec 24 13:34:24 burnside uvmconsole: [3327779.019s][info][gc] GC(384095) Pause Young (Normal) (G1 Evacuation Pause) 58M->51M(73M) 8.010ms
Dec 24 13:34:28 burnside uvmconsole: [3327783.428s][info][gc] GC(384096) Pause Young (Normal) (G1 Evacuation Pause) 58M->51M(73M) 7.500ms
Dec 24 13:34:34 burnside uvmconsole: [3327789.738s][info][gc] GC(384097) Pause Young (Normal) (G1 Evacuation Pause) 58M->51M(73M) 7.386ms
Dec 24 13:34:43 burnside uvmconsole: [3327797.769s][info][gc] GC(384098) Pause Young (Normal) (G1 Evacuation Pause) 58M->51M(73M) 7.241ms
Dec 24 13:34:48 burnside uvmconsole: [3327803.191s][info][gc] GC(384099) Pause Young (Normal) (G1 Evacuation Pause) 58M->51M(73M) 8.017ms
Dec 24 13:34:53 burnside uvmconsole: [3327808.732s][info][gc] GC(384100) Pause Young (Normal) (G1 Evacuation Pause) 58M->51M(73M) 9.346ms
Dec 24 13:34:58 burnside uvmconsole: [3327813.010s][info][gc] GC(384101) Pause Young (Normal) (G1 Evacuation Pause) 58M->51M(73M) 8.165ms
Dec 24 13:35:03 burnside uvmconsole: [3327818.339s][info][gc] GC(384102) Pause Young (Normal) (G1 Evacuation Pause) 58M->51M(73M) 8.427ms
Dec 24 13:35:09 burnside uvmconsole: [3327824.168s][info][gc] GC(384103) Pause Young (Normal) (G1 Evacuation Pause) 58M->52M(73M) 8.401ms
Dec 24 13:35:11 burnside uvmconsole: [3327826.407s][info][gc] GC(384104) Pause Young (Normal) (G1 Evacuation Pause) 59M->51M(73M) 8.379ms
Dec 24 13:35:23 burnside uvmconsole: [3327837.959s][info][gc] GC(384105) Pause Young (Normal) (G1 Evacuation Pause) 58M->52M(73M) 7.408ms
Dec 24 13:35:26 burnside uvmconsole: [3327841.509s][info][gc] GC(384106) Pause Young (Normal) (G1 Evacuation Pause) 59M->52M(73M) 7.267ms
Dec 24 13:35:32 burnside uvmconsole: [3327847.346s][info][gc] GC(384107) Pause Young (Normal) (G1 Evacuation Pause) 59M->52M(73M) 7.074ms
Dec 24 13:35:39 burnside uvmconsole: [3327854.087s][info][gc] GC(384108) Pause Young (Normal) (G1 Evacuation Pause) 59M->52M(73M) 7.531ms
Dec 24 13:35:45 burnside uvmconsole: [3327860.138s][info][gc] GC(384109) Pause Young (Normal) (G1 Evacuation Pause) 59M->52M(73M) 10.644ms
Dec 24 13:35:50 burnside uvmconsole: [3327865.048s][info][gc] GC(384110) Pause Young (Normal) (G1 Evacuation Pause) 59M->52M(73M) 9.418ms
Dec 24 13:35:55 burnside uvmconsole: [3327870.580s][info][gc] GC(384111) Pause Young (Normal) (G1 Evacuation Pause) 59M->52M(73M) 9.590ms
Dec 24 13:35:57 burnside uvmconsole: [3327872.425s][info][gc] GC(384112) Pause Young (Normal) (G1 Evacuation Pause) 58M->52M(73M) 6.658ms
Dec 24 13:35:59 burnside uvmconsole: [3327874.261s][info][gc] GC(384113) Pause Young (Normal) (G1 Evacuation Pause) 58M->52M(73M) 6.775ms
Dec 24 13:36:00 burnside uvmconsole: [3327875.641s][info][gc] GC(384114) Pause Young (Normal) (G1 Evacuation Pause) 58M->53M(73M) 9.554ms
Dec 24 13:36:01 burnside uvmconsole: [3327876.573s][info][gc] GC(384115) Pause Young (Normal) (G1 Evacuation Pause) 59M->53M(73M) 8.613ms
Dec 24 13:36:04 burnside uvmconsole: [3327878.993s][info][gc] GC(384116) Pause Young (Normal) (G1 Evacuation Pause) 59M->53M(73M) 7.501ms
Dec 24 13:36:06 burnside uvmconsole: [3327881.191s][info][gc] GC(384117) Pause Young (Normal) (G1 Evacuation Pause) 59M->53M(73M) 7.486ms
Dec 24 13:36:07 burnside uvmconsole: 12-24 13:36:07.244919| ERROR:./libnetcap/src/netcap_tcp.c:390:WARNING: TCP: Could not find session for accepted connection :: (192.168.1.164:52209) -> (172.217.13.180:443  )
Dec 24 13:36:07 burnside uvmconsole: 12-24 13:36:07.363654| ERROR:./libnetcap/src/netcap_tcp.c:390:WARNING: TCP: Could not find session for accepted connection :: (192.168.1.164:52208) -> (172.217.13.180:443  )
Dec 24 13:36:07 burnside uvmconsole: 12-24 13:36:07.364743| ERROR:./libnetcap/src/netcap_tcp.c:390:WARNING: TCP: Could not find session for accepted connection :: (192.168.1.164:52207) -> (172.217.13.180:443  )
Dec 24 13:36:09 burnside uvmconsole: [3327884.230s][info][gc] GC(384118) Pause Young (Normal) (G1 Evacuation Pause) 59M->53M(73M) 8.377ms
Dec 24 13:36:13 burnside uvmconsole: [3327888.275s][info][gc] GC(384119) Pause Young (Normal) (G1 Evacuation Pause) 59M->53M(73M) 13.381ms
Dec 24 13:36:16 burnside uvmconsole: [3327891.694s][info][gc] GC(384120) Pause Young (Normal) (G1 Evacuation Pause) 59M->53M(73M) 9.811ms
Dec 24 13:36:18 burnside uvmconsole: [3327893.335s][info][gc] GC(384121) Pause Young (Normal) (G1 Evacuation Pause) 58M->53M(73M) 8.228ms
Dec 24 13:36:23 burnside uvmconsole: [3327898.641s][info][gc] GC(384122) Pause Young (Normal) (G1 Evacuation Pause) 58M->53M(73M) 7.891ms
Dec 24 13:36:28 burnside uvmconsole: [3327903.238s][info][gc] GC(384123) Pause Young (Normal) (G1 Evacuation Pause) 58M->53M(73M) 8.585ms
Dec 24 13:36:29 burnside uvmconsole: [3327904.473s][info][gc] GC(384124) Pause Young (Normal) (G1 Evacuation Pause) 58M->53M(73M) 14.817ms
Dec 24 13:36:32 burnside uvmconsole: [3327907.235s][info][gc] GC(384125) Pause Young (Normal) (G1 Evacuation Pause) 58M->53M(73M) 8.506ms
Dec 24 13:36:40 burnside uvmconsole: [3327914.799s][info][gc] GC(384126) Pause Young (Normal) (G1 Evacuation Pause) 58M->53M(73M) 7.671ms
Dec 24 13:36:44 burnside uvmconsole: [3327919.578s][info][gc] GC(384127) Pause Young (Normal) (G1 Evacuation Pause) 58M->53M(73M) 7.829ms
Dec 24 13:36:51 burnside uvmconsole: [3327926.019s][info][gc] GC(384128) Pause Full (System.gc()) 58M->49M(73M) 338.874ms
Dec 24 13:36:54 burnside uvmconsole: [3327929.537s][info][gc] GC(384129) Pause Young (Normal) (G1 Evacuation Pause) 57M->50M(73M) 8.034ms
Dec 24 13:36:56 burnside uvmconsole: [3327931.729s][info][gc] GC(384130) Pause Young (Normal) (G1 Evacuation Pause) 57M->50M(73M) 7.460ms
Dec 24 13:37:00 burnside uvmconsole: [3327934.820s][info][gc] GC(384131) Pause Young (Normal) (G1 Evacuation Pause) 58M->50M(73M) 9.890ms
Dec 24 13:37:03 burnside uvmconsole: [3327937.880s][info][gc] GC(384132) Pause Young (Normal) (G1 Evacuation Pause) 58M->51M(73M) 11.318ms
Dec 24 13:37:03 burnside uvmconsole: [3327937.935s][info][gc] GC(384133) Pause Young (Normal) (G1 Evacuation Pause) 58M->51M(73M) 10.122ms
Dec 24 13:37:10 burnside uvmconsole: [3327945.266s][info][gc] GC(384134) Pause Young (Normal) (G1 Evacuation Pause) 58M->50M(73M) 6.970ms
Dec 24 13:37:25 burnside uvmconsole: [3327960.154s][info][gc] GC(384135) Pause Young (Concurrent Start) (G1 Evacuation Pause) 57M->50M(73M) 8.147ms
Dec 24 13:37:25 burnside uvmconsole: [3327960.155s][info][gc] GC(384136) Concurrent Cycle
Dec 24 13:37:25 burnside uvmconsole: [3327960.548s][info][gc] GC(384136) Pause Remark 51M->51M(73M) 42.987ms
Dec 24 13:37:25 burnside uvmconsole: [3327960.753s][info][gc] GC(384136) Pause Cleanup 51M->51M(73M) 0.524ms
Dec 24 13:37:26 burnside uvmconsole: [3327960.754s][info][gc] GC(384136) Concurrent Cycle 599.391ms
Dec 24 13:37:42 burnside uvmconsole: [3327977.615s][info][gc] GC(384137) Pause Young (Normal) (G1 Evacuation Pause) 57M->50M(73M) 9.009ms
Dec 24 13:37:59 burnside uvmconsole: [3327993.890s][info][gc] GC(384138) Pause Young (Concurrent Start) (G1 Evacuation Pause) 58M->51M(73M) 9.162ms
Dec 24 13:37:59 burnside uvmconsole: [3327993.890s][info][gc] GC(384139) Concurrent Cycle
Dec 24 13:37:59 burnside uvmconsole: [3327994.283s][info][gc] GC(384139) Pause Remark 52M->52M(73M) 41.932ms
Dec 24 13:37:59 burnside uvmconsole: [3327994.487s][info][gc] GC(384139) Pause Cleanup 52M->52M(73M) 0.470ms
Dec 24 13:37:59 burnside uvmconsole: [3327994.489s][info][gc] GC(384139) Concurrent Cycle 598.651ms
Dec 24 13:38:05 burnside uvmconsole: [3327999.933s][info][gc] GC(384140) Pause Young (Normal) (G1 Evacuation Pause) 59M->51M(73M) 9.786ms
Dec 24 13:38:17 burnside uvmconsole: [3328012.361s][info][gc] GC(384141) Pause Young (Concurrent Start) (G1 Evacuation Pause) 59M->51M(73M) 9.042ms
Dec 24 13:38:17 burnside uvmconsole: [3328012.361s][info][gc] GC(384142) Concurrent Cycle
Dec 24 13:38:18 burnside uvmconsole: [3328012.758s][info][gc] GC(384142) Pause Remark 51M->51M(73M) 43.367ms
Dec 24 13:38:18 burnside uvmconsole: [3328012.960s][info][gc] GC(384142) Pause Cleanup 51M->51M(73M) 0.653ms
Dec 24 13:38:18 burnside uvmconsole: [3328012.961s][info][gc] GC(384142) Concurrent Cycle 600.322ms
Dec 24 13:38:38 burnside uvmconsole: [3328033.381s][info][gc] GC(384143) Pause Young (Normal) (G1 Evacuation Pause) 59M->51M(73M) 9.117ms
Dec 24 13:38:48 burnside uvmconsole: [3328042.785s][info][gc] GC(384144) Pause Young (Concurrent Start) (G1 Evacuation Pause) 59M->51M(73M) 9.882ms
Dec 24 13:38:48 burnside uvmconsole: [3328042.785s][info][gc] GC(384145) Concurrent Cycle
Dec 24 13:38:48 burnside uvmconsole: [3328043.183s][info][gc] GC(384145) Pause Remark 51M->51M(73M) 42.237ms
Dec 24 13:38:48 burnside uvmconsole: [3328043.384s][info][gc] GC(384145) Pause Cleanup 51M->51M(73M) 0.513ms
Dec 24 13:38:48 burnside uvmconsole: [3328043.386s][info][gc] GC(384145) Concurrent Cycle 600.493ms
Dec 24 13:39:02 burnside uvmconsole: [3328057.557s][info][gc] GC(384146) Pause Young (Normal) (G1 Evacuation Pause) 59M->51M(73M) 10.169ms
Dec 24 13:39:06 burnside uvmconsole: [3328061.332s][info][gc] GC(384147) Pause Young (Concurrent Start) (G1 Evacuation Pause) 59M->51M(73M) 10.386ms
Dec 24 13:39:06 burnside uvmconsole: [3328061.333s][info][gc] GC(384148) Concurrent Cycle
Dec 24 13:39:06 burnside uvmconsole: [3328061.744s][info][gc] GC(384148) Pause Remark 51M->51M(73M) 51.720ms
Dec 24 13:39:07 burnside uvmconsole: [3328061.953s][info][gc] GC(384148) Pause Cleanup 52M->52M(73M) 0.592ms
Dec 24 13:39:07 burnside uvmconsole: [3328061.956s][info][gc] GC(384148) Concurrent Cycle 622.962ms
Dec 24 13:39:14 burnside uvmconsole: [3328068.753s][info][gc] GC(384149) Pause Young (Normal) (G1 Evacuation Pause) 59M->51M(73M) 10.365ms
Dec 24 13:39:21 burnside uvmconsole: [3328075.986s][info][gc] GC(384150) Pause Young (Concurrent Start) (G1 Evacuation Pause) 59M->51M(73M) 10.479ms
Dec 24 13:39:21 burnside uvmconsole: [3328075.986s][info][gc] GC(384151) Concurrent Cycle
Dec 24 13:39:21 burnside uvmconsole: [3328076.379s][info][gc] GC(384151) Pause Remark 52M->52M(73M) 41.344ms
Dec 24 13:39:21 burnside uvmconsole: [3328076.580s][info][gc] GC(384151) Pause Cleanup 52M->52M(73M) 0.524ms
Dec 24 13:39:21 burnside uvmconsole: [3328076.582s][info][gc] GC(384151) Concurrent Cycle 595.452ms
Dec 24 13:39:27 burnside uvmconsole: [3328081.911s][info][gc] GC(384152) Pause Young (Normal) (G1 Evacuation Pause) 59M->51M(73M) 11.559ms
Dec 24 13:39:28 burnside uvmconsole: [3328083.595s][info][gc] GC(384153) Pause Young (Concurrent Start) (G1 Evacuation Pause) 59M->51M(73M) 11.154ms
Dec 24 13:39:28 burnside uvmconsole: [3328083.596s][info][gc] GC(384154) Concurrent Cycle
Dec 24 13:39:29 burnside uvmconsole: [3328084.006s][info][gc] GC(384154) Pause Remark 54M->54M(73M) 44.613ms
Dec 24 13:39:29 burnside uvmconsole: [3328084.224s][info][gc] GC(384154) Pause Cleanup 56M->56M(73M) 0.468ms
Dec 24 13:39:29 burnside uvmconsole: [3328084.226s][info][gc] GC(384154) Concurrent Cycle 629.890ms
Dec 24 13:39:30 burnside uvmconsole: [3328084.950s][info][gc] GC(384155) Pause Young (Normal) (G1 Evacuation Pause) 58M->51M(73M) 11.622ms
Dec 24 13:39:31 burnside uvmconsole: [3328086.606s][info][gc] GC(384156) Pause Young (Concurrent Start) (G1 Evacuation Pause) 58M->52M(73M) 12.862ms
Dec 24 13:39:31 burnside uvmconsole: [3328086.606s][info][gc] GC(384157) Concurrent Cycle
Dec 24 13:39:32 burnside uvmconsole: [3328087.016s][info][gc] GC(384157) Pause Remark 55M->55M(73M) 42.702ms
Dec 24 13:39:32 burnside uvmconsole: [3328087.222s][info][gc] GC(384157) Pause Cleanup 55M->55M(73M) 0.465ms
Dec 24 13:39:32 burnside uvmconsole: [3328087.224s][info][gc] GC(384157) Concurrent Cycle 617.417ms
Dec 24 13:39:33 burnside uvmconsole: [3328087.790s][info][gc] GC(384158) Pause Young (Normal) (G1 Evacuation Pause) 59M->52M(73M) 13.150ms
Dec 24 13:39:34 burnside uvmconsole: [3328089.590s][info][gc] GC(384159) Pause Young (Concurrent Start) (G1 Evacuation Pause) 58M->52M(73M) 13.065ms
Dec 24 13:39:34 burnside uvmconsole: [3328089.591s][info][gc] GC(384160) Concurrent Cycle
Dec 24 13:39:35 burnside uvmconsole: [3328090.005s][info][gc] GC(384160) Pause Remark 55M->55M(73M) 41.757ms
Dec 24 13:39:35 burnside uvmconsole: [3328090.208s][info][gc] GC(384160) Pause Cleanup 55M->55M(73M) 0.480ms
Dec 24 13:39:35 burnside uvmconsole: [3328090.209s][info][gc] GC(384160) Concurrent Cycle 618.727ms
Dec 24 13:39:36 burnside uvmconsole: [3328090.809s][info][gc] GC(384161) Pause Young (Normal) (G1 Evacuation Pause) 59M->52M(73M) 10.904ms
Dec 24 13:39:38 burnside uvmconsole: [3328092.931s][info][gc] GC(384162) Pause Young (Normal) (G1 Evacuation Pause) 59M->53M(73M) 15.126ms
Dec 24 13:39:39 burnside uvmconsole: [3328094.591s][info][gc] GC(384163) Pause Young (Concurrent Start) (G1 Evacuation Pause) 59M->53M(73M) 10.549ms
Dec 24 13:39:39 burnside uvmconsole: [3328094.592s][info][gc] GC(384164) Concurrent Cycle
Dec 24 13:39:40 burnside uvmconsole: [3328094.989s][info][gc] GC(384164) Pause Remark 55M->55M(73M) 43.903ms
Dec 24 13:39:40 burnside uvmconsole: [3328095.194s][info][gc] GC(384164) Pause Cleanup 55M->55M(73M) 0.530ms
Dec 24 13:39:40 burnside uvmconsole: [3328095.196s][info][gc] GC(384164) Concurrent Cycle 604.072ms
Dec 24 13:39:40 burnside uvmconsole: [3328095.739s][info][gc] GC(384165) Pause Young (Prepare Mixed) (G1 Evacuation Pause) 59M->53M(73M) 9.649ms
Dec 24 13:39:41 burnside uvmconsole: [3328096.573s][info][gc] GC(384166) Pause Young (Mixed) (G1 Evacuation Pause) 55M->53M(73M) 8.077ms
Dec 24 13:39:42 burnside uvmconsole: [3328097.721s][info][gc] GC(384167) Pause Young (Normal) (G1 Evacuation Pause) 59M->53M(73M) 8.166ms
Dec 24 13:39:45 burnside uvmconsole: [3328100.284s][info][gc] GC(384168) Pause Young (Normal) (G1 Evacuation Pause) 59M->53M(73M) 8.548ms
Dec 24 13:39:46 burnside uvmconsole: [3328101.591s][info][gc] GC(384169) Pause Young (Normal) (G1 Evacuation Pause) 59M->53M(73M) 9.359ms
Dec 24 13:39:48 burnside uvmconsole: [3328102.757s][info][gc] GC(384170) Pause Young (Normal) (G1 Evacuation Pause) 59M->53M(73M) 9.279ms
Dec 24 13:39:48 burnside uvmconsole: [3328103.409s][info][gc] GC(384171) Pause Young (Normal) (G1 Evacuation Pause) 59M->54M(73M) 15.016ms
Dec 24 13:39:49 burnside uvmconsole: [3328103.965s][info][gc] GC(384172) Pause Young (Normal) (G1 Evacuation Pause) 59M->54M(73M) 14.863ms
Dec 24 13:39:49 burnside uvmconsole: [3328104.725s][info][gc] GC(384173) Pause Young (Normal) (G1 Evacuation Pause) 58M->55M(73M) 10.676ms
Dec 24 13:39:51 burnside uvmconsole: [3328106.067s][info][gc] GC(384174) Pause Young (Normal) (G1 Evacuation Pause) 59M->55M(73M) 9.709ms
Dec 24 13:39:52 burnside uvmconsole: [3328107.234s][info][gc] GC(384175) Pause Young (Normal) (G1 Evacuation Pause) 59M->55M(73M) 10.201ms
Dec 24 13:39:53 burnside uvmconsole: [3328108.009s][info][gc] GC(384176) Pause Young (Normal) (G1 Evacuation Pause) 59M->55M(73M) 8.008ms
Dec 24 13:39:53 burnside uvmconsole: [3328108.656s][info][gc] GC(384177) Pause Young (Normal) (G1 Evacuation Pause) 59M->55M(73M) 8.656ms
Dec 24 13:39:55 burnside uvmconsole: [3328109.968s][info][gc] GC(384178) Pause Young (Normal) (G1 Evacuation Pause) 59M->55M(73M) 8.066ms
Dec 24 13:39:55 burnside uvmconsole: [3328110.723s][info][gc] GC(384179) Pause Young (Normal) (G1 Evacuation Pause) 59M->55M(73M) 8.888ms
Dec 24 13:39:56 burnside uvmconsole: [3328111.712s][info][gc] GC(384180) Pause Young (Normal) (G1 Evacuation Pause) 59M->55M(73M) 8.457ms
Dec 24 13:39:57 burnside uvmconsole: [3328112.727s][info][gc] GC(384181) Pause Young (Normal) (G1 Evacuation Pause) 59M->55M(73M) 9.290ms
Dec 24 13:39:58 burnside uvmconsole: [3328113.749s][info][gc] GC(384182) Pause Young (Normal) (G1 Evacuation Pause) 59M->55M(73M) 9.600ms
Dec 24 13:39:59 burnside uvmconsole: [3328114.314s][info][gc] GC(384183) Pause Young (Normal) (G1 Evacuation Pause) 59M->55M(73M) 8.881ms
Dec 24 13:39:59 burnside uvmconsole: [3328114.369s][info][gc] GC(384184) Pause Young (Normal) (G1 Evacuation Pause) 59M->56M(73M) 10.251ms
Dec 24 13:40:00 burnside uvmconsole: [3328114.794s][info][gc] GC(384185) Pause Young (Normal) (G1 Evacuation Pause) 59M->57M(73M) 22.576ms
Dec 24 13:40:00 burnside uvmconsole: [3328114.869s][info][gc] GC(384186) Pause Young (Concurrent Start) (G1 Evacuation Pause) 59M->57M(73M) 17.346ms
Dec 24 13:40:00 burnside uvmconsole: [3328114.870s][info][gc] GC(384187) Concurrent Cycle
Dec 24 13:40:00 burnside uvmconsole: [3328114.931s][info][gc] GC(384188) Pause Young (Normal) (G1 Evacuation Pause) 59M->58M(73M) 17.485ms
Dec 24 13:40:00 burnside uvmconsole: [3328115.103s][info][gc] GC(384189) Pause Young (Normal) (G1 Evacuation Pause) 60M->58M(88M) 19.876ms
Dec 24 13:40:00 burnside uvmconsole: [3328115.433s][info][gc] GC(384187) Pause Remark 59M->59M(88M) 50.917ms
Dec 24 13:40:00 burnside uvmconsole: [3328115.665s][info][gc] GC(384187) Pause Cleanup 62M->62M(88M) 0.810ms
Dec 24 13:40:00 burnside uvmconsole: [3328115.667s][info][gc] GC(384187) Concurrent Cycle 797.836ms
Dec 24 13:40:01 burnside uvmconsole: [3328116.663s][info][gc] GC(384190) Pause Young (Prepare Mixed) (G1 Evacuation Pause) 65M->59M(88M) 13.023ms
Dec 24 13:40:02 burnside uvmconsole: [3328117.712s][info][gc] GC(384191) Pause Young (Mixed) (G1 Evacuation Pause) 62M->58M(88M) 9.062ms
Dec 24 13:40:04 burnside uvmconsole: [3328119.325s][info][gc] GC(384192) Pause Young (Normal) (G1 Evacuation Pause) 66M->58M(88M) 9.555ms
Dec 24 13:40:05 burnside uvmconsole: [3328120.570s][info][gc] GC(384193) Pause Young (Normal) (G1 Evacuation Pause) 67M->58M(106M) 10.640ms
Dec 24 13:40:10 burnside uvmconsole: [3328125.580s][info][gc] GC(384194) Pause Young (Normal) (G1 Evacuation Pause) 75M->59M(106M) 12.764ms
Dec 24 13:40:10 burnside uvmconsole: [3328125.725s][info][gc] GC(384195) Pause Young (Normal) (G1 Evacuation Pause) 77M->60M(106M) 14.799ms
Dec 24 13:40:14 burnside uvmconsole: [3328129.714s][info][gc] GC(384196) Pause Young (Normal) (G1 Evacuation Pause) 78M->59M(106M) 10.838ms
Dec 24 13:40:24 burnside uvmconsole: [3328138.830s][info][gc] GC(384197) Pause Young (Normal) (G1 Evacuation Pause) 80M->59M(106M) 10.383ms
Dec 24 13:40:59 burnside uvmconsole: [3328174.191s][info][gc] GC(384198) Pause Young (Normal) (G1 Evacuation Pause) 81M->59M(106M) 10.732ms
Dec 24 13:41:05 burnside uvmconsole: [3328180.428s][info][gc] GC(384199) Pause Young (Normal) (G1 Evacuation Pause) 83M->60M(106M) 16.179ms
Dec 24 13:41:20 burnside uvmconsole: [3328195.307s][info][gc] GC(384200) Pause Young (Normal) (G1 Evacuation Pause) 83M->60M(106M) 11.842ms
Dec 24 13:41:39 burnside uvmconsole: [3328214.531s][info][gc] GC(384201) Pause Young (Concurrent Start) (G1 Evacuation Pause) 84M->60M(106M) 14.359ms
Dec 24 13:41:39 burnside uvmconsole: [3328214.531s][info][gc] GC(384202) Concurrent Cycle
Dec 24 13:41:40 burnside uvmconsole: [3328214.964s][info][gc] GC(384202) Pause Remark 63M->63M(106M) 50.600ms
Dec 24 13:41:40 burnside uvmconsole: [3328215.193s][info][gc] GC(384202) Pause Cleanup 65M->65M(106M) 0.603ms
Dec 24 13:41:40 burnside uvmconsole: [3328215.196s][info][gc] GC(384202) Concurrent Cycle 664.538ms
Dec 24 13:41:51 burnside uvmconsole: [3328226.026s][info][gc] GC(384203) Pause Full (System.gc()) 80M->50M(76M) 347.668ms
Dec 24 13:42:00 burnside uvmconsole: [3328235.328s][info][gc] GC(384204) Pause Young (Concurrent Start) (G1 Evacuation Pause) 62M->50M(76M) 10.283ms
Dec 24 13:42:00 burnside uvmconsole: [3328235.328s][info][gc] GC(384205) Concurrent Cycle
Dec 24 13:42:00 burnside uvmconsole: [3328235.747s][info][gc] GC(384205) Pause Remark 53M->53M(76M) 52.219ms
Dec 24 13:42:01 burnside uvmconsole: [3328235.967s][info][gc] GC(384205) Pause Cleanup 53M->53M(76M) 0.718ms
Dec 24 13:42:01 burnside uvmconsole: [3328235.969s][info][gc] GC(384205) Concurrent Cycle 641.116ms
Dec 24 13:42:13 burnside uvmconsole: [3328248.656s][info][gc] GC(384206) Pause Young (Normal) (G1 Evacuation Pause) 61M->50M(76M) 8.977ms
Dec 24 13:42:33 burnside uvmconsole: [3328268.654s][info][gc] GC(384207) Pause Young (Concurrent Start) (G1 Evacuation Pause) 61M->50M(76M) 9.461ms
Dec 24 13:42:33 burnside uvmconsole: [3328268.656s][info][gc] GC(384208) Concurrent Cycle
Dec 24 13:42:34 burnside uvmconsole: [3328269.064s][info][gc] GC(384208) Pause Remark 51M->51M(76M) 41.065ms
Dec 24 13:42:34 burnside uvmconsole: [3328269.268s][info][gc] GC(384208) Pause Cleanup 51M->51M(76M) 0.449ms
Dec 24 13:42:34 burnside uvmconsole: [3328269.269s][info][gc] GC(384208) Concurrent Cycle 613.703ms
Dec 24 13:42:48 burnside uvmconsole: [3328283.427s][info][gc] GC(384209) Pause Young (Normal) (G1 Evacuation Pause) 61M->50M(76M) 10.080ms
Dec 24 13:42:59 burnside uvmconsole: [3328294.191s][info][gc] GC(384210) Pause Young (Concurrent Start) (G1 Evacuation Pause) 61M->51M(76M) 10.993ms
Dec 24 13:42:59 burnside uvmconsole: [3328294.193s][info][gc] GC(384211) Concurrent Cycle
Dec 24 13:42:59 burnside uvmconsole: [3328294.578s][info][gc] GC(384211) Pause Remark 52M->52M(76M) 41.538ms
Dec 24 13:43:00 burnside uvmconsole: [3328294.784s][info][gc] GC(384211) Pause Cleanup 53M->53M(76M) 0.498ms
Dec 24 13:43:00 burnside uvmconsole: [3328294.786s][info][gc] GC(384211) Concurrent Cycle 593.267ms
Dec 24 13:43:02 burnside uvmconsole: [3328297.166s][info][gc] GC(384212) Pause Young (Normal) (G1 Evacuation Pause) 62M->51M(76M) 21.859ms
Dec 24 13:43:10 burnside uvmconsole: [3328304.759s][info][gc] GC(384213) Pause Young (Concurrent Start) (G1 Evacuation Pause) 61M->51M(76M) 13.209ms
Dec 24 13:43:10 burnside uvmconsole: [3328304.759s][info][gc] GC(384214) Concurrent Cycle
Dec 24 13:43:10 burnside uvmconsole: [3328305.162s][info][gc] GC(384214) Pause Remark 53M->53M(76M) 42.665ms
Dec 24 13:43:10 burnside uvmconsole: [3328305.379s][info][gc] GC(384214) Pause Cleanup 54M->54M(76M) 0.548ms
Dec 24 13:43:10 burnside uvmconsole: [3328305.381s][info][gc] GC(384214) Concurrent Cycle 621.944ms
Dec 24 13:43:21 burnside uvmconsole: [3328316.560s][info][gc] GC(384215) Pause Young (Normal) (G1 Evacuation Pause) 62M->51M(76M) 11.708ms
Dec 24 13:43:40 burnside uvmconsole: [3328335.669s][info][gc] GC(384216) Pause Young (Concurrent Start) (G1 Evacuation Pause) 61M->51M(76M) 10.996ms
Dec 24 13:43:40 burnside uvmconsole: [3328335.670s][info][gc] GC(384217) Concurrent Cycle
Dec 24 13:43:41 burnside uvmconsole: [3328336.054s][info][gc] GC(384217) Pause Remark 52M->52M(76M) 41.350ms
Dec 24 13:43:41 burnside uvmconsole: [3328336.255s][info][gc] GC(384217) Pause Cleanup 52M->52M(76M) 0.490ms
Dec 24 13:43:41 burnside uvmconsole: [3328336.256s][info][gc] GC(384217) Concurrent Cycle 586.636ms
Dec 24 13:44:00 burnside uvmconsole: [3328354.795s][info][gc] GC(384218) Pause Young (Normal) (G1 Evacuation Pause) 62M->51M(76M) 11.279ms
Dec 24 13:44:09 burnside uvmconsole: [3328363.962s][info][gc] GC(384219) Pause Young (Concurrent Start) (G1 Evacuation Pause) 62M->51M(76M) 11.091ms
Dec 24 13:44:09 burnside uvmconsole: [3328363.963s][info][gc] GC(384220) Concurrent Cycle
Dec 24 13:44:09 burnside uvmconsole: [3328364.359s][info][gc] GC(384220) Pause Remark 52M->52M(76M) 43.048ms
Dec 24 13:44:09 burnside uvmconsole: [3328364.561s][info][gc] GC(384220) Pause Cleanup 52M->52M(76M) 0.592ms
Dec 24 13:44:09 burnside uvmconsole: [3328364.562s][info][gc] GC(384220) Concurrent Cycle 599.525ms
Dec 24 13:44:15 burnside uvmconsole: [3328370.237s][info][gc] GC(384221) Pause Young (Normal) (G1 Evacuation Pause) 61M->51M(76M) 11.247ms
Dec 24 13:44:20 burnside uvmconsole: [3328375.186s][info][gc] GC(384222) Pause Young (Concurrent Start) (G1 Evacuation Pause) 61M->51M(76M) 11.823ms
Dec 24 13:44:20 burnside uvmconsole: [3328375.186s][info][gc] GC(384223) Concurrent Cycle
Dec 24 13:44:20 burnside uvmconsole: [3328375.583s][info][gc] GC(384223) Pause Remark 52M->52M(76M) 41.411ms
Dec 24 13:44:21 burnside uvmconsole: [3328375.785s][info][gc] GC(384223) Pause Cleanup 52M->52M(76M) 0.516ms
Dec 24 13:44:21 burnside uvmconsole: [3328375.787s][info][gc] GC(384223) Concurrent Cycle 600.729ms
Dec 24 13:44:27 burnside uvmconsole: [3328382.395s][info][gc] GC(384224) Pause Young (Normal) (G1 Evacuation Pause) 60M->51M(76M) 11.999ms
Dec 24 13:44:39 burnside uvmconsole: [3328393.814s][info][gc] GC(384225) Pause Young (Concurrent Start) (G1 Evacuation Pause) 61M->51M(76M) 11.239ms
Dec 24 13:44:39 burnside uvmconsole: [3328393.814s][info][gc] GC(384226) Concurrent Cycle
Dec 24 13:44:39 burnside uvmconsole: [3328394.268s][info][gc] GC(384226) Pause Remark 52M->52M(76M) 63.064ms
Dec 24 13:44:39 burnside uvmconsole: [3328394.468s][info][gc] GC(384226) Pause Cleanup 52M->52M(76M) 0.514ms
Dec 24 13:44:39 burnside uvmconsole: [3328394.470s][info][gc] GC(384226) Concurrent Cycle 655.242ms
Dec 24 13:44:52 burnside uvmconsole: [3328407.254s][info][gc] GC(384227) Pause Young (Normal) (G1 Evacuation Pause) 61M->51M(76M) 11.267ms
Dec 24 13:44:56 burnside uvmconsole: [3328410.765s][info][gc] GC(384228) Pause Young (Concurrent Start) (G1 Evacuation Pause) 61M->51M(76M) 11.546ms
Dec 24 13:44:56 burnside uvmconsole: [3328410.766s][info][gc] GC(384229) Concurrent Cycle
Dec 24 13:44:56 burnside uvmconsole: [3328411.215s][info][gc] GC(384229) Pause Remark 54M->54M(76M) 43.210ms
Dec 24 13:44:56 burnside uvmconsole: [3328411.422s][info][gc] GC(384229) Pause Cleanup 54M->54M(76M) 0.569ms
Dec 24 13:44:56 burnside uvmconsole: [3328411.424s][info][gc] GC(384229) Concurrent Cycle 658.370ms
Dec 24 13:45:05 burnside uvmconsole: [3328420.232s][info][gc] GC(384230) Pause Young (Normal) (G1 Evacuation Pause) 61M->51M(76M) 11.218ms
Dec 24 13:45:06 burnside uvmconsole: [3328421.151s][info][gc] GC(384231) Pause Young (Concurrent Start) (G1 Evacuation Pause) 60M->51M(76M) 14.022ms
Dec 24 13:45:06 burnside uvmconsole: [3328421.152s][info][gc] GC(384232) Concurrent Cycle
Dec 24 13:45:06 burnside uvmconsole: [3328421.555s][info][gc] GC(384232) Pause Remark 52M->52M(76M) 41.708ms
Dec 24 13:45:06 burnside uvmconsole: [3328421.749s][info][gc] GC(384232) Pause Cleanup 52M->52M(76M) 0.656ms
Dec 24 13:45:06 burnside uvmconsole: [3328421.751s][info][gc] GC(384232) Concurrent Cycle 599.300ms
Dec 24 13:45:22 burnside uvmconsole: [3328437.174s][info][gc] GC(384233) Pause Young (Normal) (G1 Evacuation Pause) 61M->51M(76M) 12.057ms
Dec 24 13:45:42 burnside uvmconsole: [3328457.527s][info][gc] GC(384234) Pause Young (Normal) (G1 Evacuation Pause) 61M->51M(76M) 8.979ms
Dec 24 13:45:56 burnside uvmconsole: [3328471.728s][info][gc] GC(384235) Pause Young (Normal) (G1 Evacuation Pause) 61M->51M(76M) 8.615ms
Dec 24 13:46:07 burnside uvmconsole: [3328481.887s][info][gc] GC(384236) Pause Young (Normal) (G1 Evacuation Pause) 60M->51M(76M) 10.161ms
Dec 24 13:46:21 burnside uvmconsole: [3328496.082s][info][gc] GC(384237) Pause Young (Normal) (G1 Evacuation Pause) 60M->51M(76M) 9.472ms
Dec 24 13:46:29 burnside uvmconsole: [3328504.173s][info][gc] GC(384238) Pause Young (Normal) (G1 Evacuation Pause) 61M->51M(76M) 9.051ms
Dec 24 13:46:38 burnside uvmconsole: [3328512.796s][info][gc] GC(384239) Pause Young (Normal) (G1 Evacuation Pause) 60M->52M(76M) 9.843ms
Dec 24 13:46:51 burnside uvmconsole: [3328526.009s][info][gc] GC(384240) Pause Full (System.gc()) 60M->49M(73M) 330.069ms
Dec 24 13:47:04 burnside uvmconsole: [3328538.874s][info][gc] GC(384241) Pause Young (Normal) (G1 Evacuation Pause) 60M->49M(73M) 7.382ms
Dec 24 13:47:14 burnside uvmconsole: [3328549.271s][info][gc] GC(384242) Pause Young (Normal) (G1 Evacuation Pause) 59M->49M(73M) 6.763ms
Dec 24 13:47:37 burnside uvmconsole: [3328571.852s][info][gc] GC(384243) Pause Young (Normal) (G1 Evacuation Pause) 60M->49M(73M) 8.431ms
Dec 24 13:47:44 burnside uvmconsole: [3328578.849s][info][gc] GC(384244) Pause Young (Normal) (G1 Evacuation Pause) 60M->49M(73M) 7.194ms
Dec 24 13:47:59 burnside uvmconsole: [3328594.648s][info][gc] GC(384245) Pause Young (Normal) (G1 Evacuation Pause) 60M->49M(73M) 9.341ms
Dec 24 13:48:10 burnside uvmconsole: [3328605.480s][info][gc] GC(384246) Pause Young (Normal) (G1 Evacuation Pause) 60M->49M(73M) 9.035ms
Dec 24 13:48:27 burnside uvmconsole: [3328622.550s][info][gc] GC(384247) Pause Young (Normal) (G1 Evacuation Pause) 60M->49M(73M) 9.884ms
Dec 24 13:48:29 burnside uvmconsole: [3328623.797s][info][gc] GC(384248) Pause Young (Normal) (G1 Evacuation Pause) 60M->49M(73M) 9.614ms
Dec 24 13:48:30 burnside uvmconsole: [3328625.439s][info][gc] GC(384249) Pause Young (Normal) (G1 Evacuation Pause) 59M->50M(73M) 9.605ms
Dec 24 13:48:40 burnside uvmconsole: [3328634.923s][info][gc] GC(384250) Pause Young (Normal) (G1 Evacuation Pause) 59M->50M(73M) 9.793ms
Dec 24 13:48:47 burnside uvmconsole: [3328642.022s][info][gc] GC(384251) Pause Young (Normal) (G1 Evacuation Pause) 60M->50M(73M) 9.532ms
Dec 24 13:48:59 burnside uvmconsole: [3328654.191s][info][gc] GC(384252) Pause Young (Normal) (G1 Evacuation Pause) 59M->50M(73M) 8.441ms
Dec 24 13:49:07 burnside uvmconsole: [3328662.216s][info][gc] GC(384253) Pause Young (Normal) (G1 Evacuation Pause) 60M->50M(73M) 10.007ms
Dec 24 13:49:16 burnside uvmconsole: [3328671.356s][info][gc] GC(384254) Pause Young (Normal) (G1 Evacuation Pause) 59M->50M(73M) 9.387ms
Dec 24 13:49:27 burnside uvmconsole: [3328681.996s][info][gc] GC(384255) Pause Young (Normal) (G1 Evacuation Pause) 59M->50M(73M) 9.270ms
Dec 24 13:49:39 burnside uvmconsole: [3328694.444s][info][gc] GC(384256) Pause Young (Normal) (G1 Evacuation Pause) 59M->50M(73M) 9.611ms
Dec 24 13:49:52 burnside uvmconsole: [3328707.658s][info][gc] GC(384257) Pause Young (Normal) (G1 Evacuation Pause) 60M->50M(73M) 8.720ms
Dec 24 13:50:00 burnside uvmconsole: [3328715.633s][info][gc] GC(384258) Pause Young (Normal) (G1 Evacuation Pause) 60M->50M(73M) 9.217ms
Dec 24 13:50:05 burnside uvmconsole: [3328720.008s][info][gc] GC(384259) Pause Young (Normal) (G1 Evacuation Pause) 60M->50M(73M) 9.898ms
Dec 24 13:50:15 burnside uvmconsole: [3328730.704s][info][gc] GC(384260) Pause Young (Normal) (G1 Evacuation Pause) 59M->50M(73M) 9.100ms
Dec 24 13:50:24 burnside uvmconsole: [3328738.769s][info][gc] GC(384261) Pause Young (Normal) (G1 Evacuation Pause) 59M->50M(73M) 8.935ms
Dec 24 13:50:33 burnside uvmconsole: [3328748.659s][info][gc] GC(384262) Pause Young (Normal) (G1 Evacuation Pause) 59M->50M(73M) 9.512ms
Dec 24 13:50:41 burnside uvmconsole: [3328756.696s][info][gc] GC(384263) Pause Young (Normal) (G1 Evacuation Pause) 59M->50M(73M) 8.931ms
Dec 24 13:50:49 burnside uvmconsole: [3328764.002s][info][gc] GC(384264) Pause Young (Normal) (G1 Evacuation Pause) 59M->50M(73M) 9.706ms
Dec 24 13:50:49 burnside uvmconsole: [3328764.322s][info][gc] GC(384265) Pause Young (Normal) (G1 Evacuation Pause) 58M->50M(73M) 9.406ms
Dec 24 13:50:50 burnside uvmconsole: [3328765.171s][info][gc] GC(384266) Pause Young (Normal) (G1 Evacuation Pause) 59M->50M(73M) 9.047ms
Dec 24 13:50:54 burnside uvmconsole: [3328769.547s][info][gc] GC(384267) Pause Young (Normal) (G1 Evacuation Pause) 59M->50M(73M) 8.994ms
Dec 24 13:51:02 burnside uvmconsole: [3328777.090s][info][gc] GC(384268) Pause Young (Normal) (G1 Evacuation Pause) 59M->50M(73M) 10.008ms
Dec 24 13:51:05 burnside uvmconsole: [3328780.273s][info][gc] GC(384269) Pause Young (Normal) (G1 Evacuation Pause) 59M->50M(73M) 16.361ms
Dec 24 13:51:15 burnside uvmconsole: [3328790.483s][info][gc] GC(384270) Pause Young (Normal) (G1 Evacuation Pause) 59M->50M(73M) 9.273ms
Dec 24 13:51:27 burnside uvmconsole: [3328801.910s][info][gc] GC(384271) Pause Young (Normal) (G1 Evacuation Pause) 59M->50M(73M) 9.140ms
Dec 24 13:51:39 burnside uvmconsole: [3328814.183s][info][gc] GC(384272) Pause Young (Normal) (G1 Evacuation Pause) 60M->50M(73M) 8.478ms
Dec 24 13:51:46 burnside uvmconsole: [3328821.183s][info][gc] GC(384273) Pause Young (Normal) (G1 Evacuation Pause) 59M->50M(73M) 8.522ms
Dec 24 13:51:51 burnside uvmconsole: [3328826.017s][info][gc] GC(384274) Pause Full (System.gc()) 53M->48M(73M) 338.782ms
Dec 24 13:52:00 burnside uvmconsole: [3328835.442s][info][gc] GC(384275) Pause Young (Normal) (G1 Evacuation Pause) 58M->49M(73M) 7.867ms
Dec 24 13:52:06 burnside uvmconsole: [3328841.388s][info][gc] GC(384276) Pause Young (Normal) (G1 Evacuation Pause) 59M->49M(73M) 7.070ms
Dec 24 13:52:16 burnside uvmconsole: [3328851.041s][info][gc] GC(384277) Pause Young (Normal) (G1 Evacuation Pause) 59M->49M(73M) 7.698ms
Dec 24 13:52:27 burnside uvmconsole: [3328862.246s][info][gc] GC(384278) Pause Young (Normal) (G1 Evacuation Pause) 59M->49M(73M) 7.700ms
Dec 24 13:52:36 burnside uvmconsole: [3328871.338s][info][gc] GC(384279) Pause Young (Normal) (G1 Evacuation Pause) 59M->49M(73M) 7.995ms
Dec 24 13:52:52 burnside uvmconsole: [3328887.006s][info][gc] GC(384280) Pause Young (Normal) (G1 Evacuation Pause) 59M->49M(73M) 9.266ms
Dec 24 13:53:00 burnside uvmconsole: [3328895.360s][info][gc] GC(384281) Pause Young (Normal) (G1 Evacuation Pause) 59M->49M(73M) 8.498ms
Dec 24 13:53:08 burnside uvmconsole: [3328903.606s][info][gc] GC(384282) Pause Young (Normal) (G1 Evacuation Pause) 59M->49M(73M) 8.419ms
Dec 24 13:53:22 burnside uvmconsole: [3328917.605s][info][gc] GC(384283) Pause Young (Normal) (G1 Evacuation Pause) 59M->49M(73M) 8.071ms
Dec 24 13:53:31 burnside uvmconsole: [3328926.336s][info][gc] GC(384284) Pause Young (Normal) (G1 Evacuation Pause) 59M->49M(73M) 7.773ms
Dec 24 13:53:39 burnside uvmconsole: [3328934.427s][info][gc] GC(384285) Pause Young (Normal) (G1 Evacuation Pause) 59M->49M(73M) 7.913ms
Dec 24 13:53:47 burnside uvmconsole: [3328942.144s][info][gc] GC(384286) Pause Young (Normal) (G1 Evacuation Pause) 59M->49M(73M) 7.539ms
Dec 24 13:53:59 burnside uvmconsole: [3328954.118s][info][gc] GC(384287) Pause Young (Normal) (G1 Evacuation Pause) 59M->49M(73M) 8.721ms
Dec 24 13:54:08 burnside uvmconsole: [3328963.362s][info][gc] GC(384288) Pause Young (Normal) (G1 Evacuation Pause) 59M->49M(73M) 9.165ms
Dec 24 13:54:16 burnside uvmconsole: [3328971.346s][info][gc] GC(384289) Pause Young (Normal) (G1 Evacuation Pause) 59M->49M(73M) 8.291ms
Dec 24 13:54:36 burnside uvmconsole: [3328990.943s][info][gc] GC(384290) Pause Young (Normal) (G1 Evacuation Pause) 59M->49M(73M) 8.184ms
Dec 24 13:54:54 burnside uvmconsole: [3329009.571s][info][gc] GC(384291) Pause Young (Normal) (G1 Evacuation Pause) 59M->49M(73M) 8.054ms
Dec 24 13:55:01 burnside uvmconsole: [3329015.967s][info][gc] GC(384292) Pause Young (Normal) (G1 Evacuation Pause) 59M->49M(73M) 10.859ms
Dec 24 13:55:20 burnside uvmconsole: [3329035.272s][info][gc] GC(384293) Pause Young (Normal) (G1 Evacuation Pause) 59M->49M(73M) 9.113ms
Dec 24 13:55:33 burnside uvmconsole: [3329048.655s][info][gc] GC(384294) Pause Young (Normal) (G1 Evacuation Pause) 59M->49M(73M) 8.016ms
Dec 24 13:55:43 burnside uvmconsole: [3329058.653s][info][gc] GC(384295) Pause Young (Normal) (G1 Evacuation Pause) 59M->49M(73M) 8.618ms
Dec 24 13:55:52 burnside uvmconsole: [3329066.885s][info][gc] GC(384296) Pause Young (Normal) (G1 Evacuation Pause) 58M->49M(73M) 10.056ms
Dec 24 13:55:57 burnside uvmconsole: [3329072.471s][info][gc] GC(384297) Pause Young (Normal) (G1 Evacuation Pause) 58M->49M(73M) 8.421ms
Dec 24 13:56:02 burnside uvmconsole: [3329076.919s][info][gc] GC(384298) Pause Young (Normal) (G1 Evacuation Pause) 58M->50M(73M) 12.470ms
Dec 24 13:56:06 burnside uvmconsole: [3329081.257s][info][gc] GC(384299) Pause Young (Normal) (G1 Evacuation Pause) 58M->49M(73M) 9.271ms
Dec 24 13:56:16 burnside uvmconsole: [3329091.046s][info][gc] GC(384300) Pause Young (Normal) (G1 Evacuation Pause) 58M->50M(73M) 8.819ms
Dec 24 13:56:33 burnside uvmconsole: [3329108.656s][info][gc] GC(384301) Pause Young (Normal) (G1 Evacuation Pause) 59M->50M(73M) 11.295ms
Dec 24 13:56:47 burnside uvmconsole: [3329122.024s][info][gc] GC(384302) Pause Young (Normal) (G1 Evacuation Pause) 59M->50M(73M) 8.789ms
Dec 24 13:56:51 burnside uvmconsole: [3329126.007s][info][gc] GC(384303) Pause Full (System.gc()) 52M->48M(73M) 327.638ms
Dec 24 13:57:00 burnside uvmconsole: [3329134.794s][info][gc] GC(384304) Pause Young (Normal) (G1 Evacuation Pause) 57M->49M(73M) 7.049ms
Dec 24 13:57:06 burnside uvmconsole: [3329141.564s][info][gc] GC(384305) Pause Young (Normal) (G1 Evacuation Pause) 58M->49M(73M) 6.800ms
Dec 24 13:57:23 burnside uvmconsole: [3329158.657s][info][gc] GC(384306) Pause Young (Normal) (G1 Evacuation Pause) 58M->49M(73M) 7.946ms
Dec 24 13:57:35 burnside uvmconsole: [3329169.882s][info][gc] GC(384307) Pause Young (Normal) (G1 Evacuation Pause) 58M->49M(73M) 7.436ms
Dec 24 13:57:53 burnside uvmconsole: [3329188.652s][info][gc] GC(384308) Pause Young (Normal) (G1 Evacuation Pause) 58M->49M(73M) 7.614ms
Dec 24 13:58:04 burnside uvmconsole: [3329199.649s][info][gc] GC(384309) Pause Young (Normal) (G1 Evacuation Pause) 58M->49M(73M) 8.445ms
Dec 24 13:58:17 burnside uvmconsole: [3329212.023s][info][gc] GC(384310) Pause Young (Normal) (G1 Evacuation Pause) 58M->49M(73M) 8.402ms
Dec 24 13:58:27 burnside uvmconsole: [3329222.207s][info][gc] GC(384311) Pause Young (Normal) (G1 Evacuation Pause) 58M->49M(73M) 8.050ms
Dec 24 13:58:42 burnside uvmconsole: [3329236.856s][info][gc] GC(384312) Pause Young (Normal) (G1 Evacuation Pause) 58M->49M(73M) 7.688ms
Dec 24 13:58:50 burnside uvmconsole: [3329245.525s][info][gc] GC(384313) Pause Young (Normal) (G1 Evacuation Pause) 58M->49M(73M) 8.226ms
Dec 24 13:58:59 burnside uvmconsole: [3329254.105s][info][gc] GC(384314) Pause Young (Normal) (G1 Evacuation Pause) 58M->49M(73M) 7.595ms
Dec 24 13:59:05 burnside uvmconsole: [3329259.760s][info][gc] GC(384315) Pause Young (Normal) (G1 Evacuation Pause) 58M->49M(73M) 8.582ms
Dec 24 13:59:07 burnside uvmconsole: [3329262.177s][info][gc] GC(384316) Pause Young (Normal) (G1 Evacuation Pause) 58M->49M(73M) 9.148ms
Dec 24 13:59:22 burnside uvmconsole: [3329277.642s][info][gc] GC(384317) Pause Young (Normal) (G1 Evacuation Pause) 58M->49M(73M) 7.293ms
Dec 24 13:59:42 burnside uvmconsole: [3329297.640s][info][gc] GC(384318) Pause Young (Normal) (G1 Evacuation Pause) 58M->49M(73M) 7.896ms
Dec 24 13:59:57 burnside uvmconsole: [3329311.959s][info][gc] GC(384319) Pause Young (Normal) (G1 Evacuation Pause) 58M->49M(73M) 7.594ms
Dec 24 14:00:07 burnside uvmconsole: [3329322.138s][info][gc] GC(384320) Pause Young (Normal) (G1 Evacuation Pause) 58M->49M(73M) 8.301ms
Dec 24 14:00:11 burnside uvmconsole: [3329325.889s][info][gc] GC(384321) Pause Young (Normal) (G1 Evacuation Pause) 58M->49M(73M) 8.110ms
Dec 24 14:00:21 burnside uvmconsole: [3329335.824s][info][gc] GC(384322) Pause Young (Normal) (G1 Evacuation Pause) 58M->49M(73M) 7.566ms
Dec 24 14:00:29 burnside uvmconsole: [3329344.706s][info][gc] GC(384323) Pause Young (Normal) (G1 Evacuation Pause) 58M->49M(73M) 7.988ms
Dec 24 14:00:46 burnside uvmconsole: [3329361.652s][info][gc] GC(384324) Pause Young (Normal) (G1 Evacuation Pause) 58M->49M(73M) 8.095ms
Dec 24 14:00:58 burnside uvmconsole: [3329373.110s][info][gc] GC(384325) Pause Young (Normal) (G1 Evacuation Pause) 58M->49M(73M) 8.128ms
Dec 24 14:01:03 burnside uvmconsole: [3329378.656s][info][gc] GC(384326) Pause Young (Normal) (G1 Evacuation Pause) 58M->49M(73M) 9.249ms
Dec 24 14:01:08 burnside uvmconsole: [3329383.684s][info][gc] GC(384327) Pause Young (Normal) (G1 Evacuation Pause) 57M->49M(73M) 11.322ms
Dec 24 14:01:19 burnside uvmconsole: [3329394.089s][info][gc] GC(384328) Pause Young (Normal) (G1 Evacuation Pause) 57M->49M(73M) 8.093ms
Dec 24 14:01:34 burnside uvmconsole: [3329409.573s][info][gc] GC(384329) Pause Young (Normal) (G1 Evacuation Pause) 57M->49M(73M) 7.833ms
Dec 24 14:01:49 burnside uvmconsole: [3329423.958s][info][gc] GC(384330) Pause Young (Normal) (G1 Evacuation Pause) 57M->49M(73M) 8.825ms
Dec 24 14:01:51 burnside uvmconsole: [3329426.012s][info][gc] GC(384331) Pause Full (System.gc()) 54M->48M(73M) 333.041ms
Dec 24 14:01:56 burnside uvmconsole: [3329430.901s][info][gc] GC(384332) Pause Young (Normal) (G1 Evacuation Pause) 57M->48M(73M) 6.408ms
Dec 24 14:01:59 burnside uvmconsole: [3329434.626s][info][gc] GC(384333) Pause Young (Normal) (G1 Evacuation Pause) 57M->49M(73M) 10.386ms
Dec 24 14:02:08 burnside uvmconsole: [3329443.083s][info][gc] GC(384334) Pause Young (Normal) (G1 Evacuation Pause) 58M->49M(73M) 8.083ms
Dec 24 14:02:12 burnside uvmconsole: [3329446.808s][info][gc] GC(384335) Pause Young (Normal) (G1 Evacuation Pause) 59M->49M(73M) 7.600ms
Dec 24 14:02:27 burnside uvmconsole: [3329461.889s][info][gc] GC(384336) Pause Young (Normal) (G1 Evacuation Pause) 59M->49M(73M) 7.443ms
Dec 24 14:02:38 burnside uvmconsole: [3329473.640s][info][gc] GC(384337) Pause Young (Normal) (G1 Evacuation Pause) 59M->49M(73M) 9.054ms
Dec 24 14:02:41 burnside uvmconsole: [3329475.830s][info][gc] GC(384338) Pause Young (Normal) (G1 Evacuation Pause) 59M->49M(73M) 9.144ms
Dec 24 14:02:43 burnside uvmconsole: [3329478.575s][info][gc] GC(384339) Pause Young (Normal) (G1 Evacuation Pause) 59M->49M(73M) 7.841ms
Dec 24 14:02:47 burnside uvmconsole: [3329481.786s][info][gc] GC(384340) Pause Young (Normal) (G1 Evacuation Pause) 59M->49M(73M) 8.180ms
Dec 24 14:02:49 burnside uvmconsole: [3329484.738s][info][gc] GC(384341) Pause Young (Normal) (G1 Evacuation Pause) 59M->49M(73M) 8.360ms
Dec 24 14:02:53 burnside uvmconsole: [3329487.929s][info][gc] GC(384342) Pause Young (Normal) (G1 Evacuation Pause) 59M->49M(73M) 9.437ms
Dec 24 14:02:56 burnside uvmconsole: [3329490.931s][info][gc] GC(384343) Pause Young (Normal) (G1 Evacuation Pause) 59M->49M(73M) 8.662ms
Dec 24 14:03:00 burnside uvmconsole: 12-24 14:03:00.522428| ERROR:./libnetcap/src/netcap_tcp.c:390:WARNING: TCP: Could not find session for accepted connection :: (192.168.1.148:51829) -> (34.231.163.118:443  )
Dec 24 14:03:01 burnside uvmconsole: [3329496.413s][info][gc] GC(384344) Pause Young (Normal) (G1 Evacuation Pause) 59M->49M(73M) 9.292ms
Dec 24 14:03:04 burnside uvmconsole: [3329499.492s][info][gc] GC(384345) Pause Young (Normal) (G1 Evacuation Pause) 58M->49M(73M) 8.938ms
Dec 24 14:03:16 burnside uvmconsole: [3329510.975s][info][gc] GC(384346) Pause Young (Normal) (G1 Evacuation Pause) 59M->49M(73M) 9.215ms
Dec 24 14:03:25 burnside uvmconsole: [3329519.790s][info][gc] GC(384347) Pause Young (Normal) (G1 Evacuation Pause) 58M->49M(73M) 8.814ms
Dec 24 14:03:33 burnside uvmconsole: [3329528.657s][info][gc] GC(384348) Pause Young (Normal) (G1 Evacuation Pause) 58M->49M(73M) 9.010ms
Dec 24 14:03:40 burnside uvmconsole: [3329535.671s][info][gc] GC(384349) Pause Young (Normal) (G1 Evacuation Pause) 58M->49M(73M) 10.206ms
Dec 24 14:03:48 burnside uvmconsole: [3329543.108s][info][gc] GC(384350) Pause Young (Normal) (G1 Evacuation Pause) 58M->49M(73M) 9.041ms
Dec 24 14:03:57 burnside uvmconsole: [3329552.174s][info][gc] GC(384351) Pause Young (Normal) (G1 Evacuation Pause) 58M->50M(73M) 9.198ms
Dec 24 14:04:03 burnside uvmconsole: [3329558.090s][info][gc] GC(384352) Pause Young (Normal) (G1 Evacuation Pause) 59M->50M(73M) 9.884ms
Dec 24 14:04:10 burnside uvmconsole: [3329565.240s][info][gc] GC(384353) Pause Young (Normal) (G1 Evacuation Pause) 59M->50M(73M) 8.910ms
Dec 24 14:04:23 burnside uvmconsole: [3329577.910s][info][gc] GC(384354) Pause Young (Normal) (G1 Evacuation Pause) 60M->50M(73M) 8.548ms
Dec 24 14:04:35 burnside uvmconsole: [3329590.110s][info][gc] GC(384355) Pause Young (Normal) (G1 Evacuation Pause) 60M->49M(73M) 7.990ms
Dec 24 14:04:46 burnside uvmconsole: [3329601.459s][info][gc] GC(384356) Pause Young (Normal) (G1 Evacuation Pause) 59M->49M(73M) 8.744ms
Dec 24 14:04:59 burnside uvmconsole: [3329614.194s][info][gc] GC(384357) Pause Young (Normal) (G1 Evacuation Pause) 59M->49M(73M) 7.559ms
Dec 24 14:05:05 burnside uvmconsole: [3329620.602s][info][gc] GC(384358) Pause Young (Normal) (G1 Evacuation Pause) 59M->49M(73M) 8.678ms
Dec 24 14:05:14 burnside uvmconsole: [3329629.542s][info][gc] GC(384359) Pause Young (Normal) (G1 Evacuation Pause) 59M->49M(73M) 7.484ms
Dec 24 14:05:27 burnside uvmconsole: [3329641.778s][info][gc] GC(384360) Pause Young (Normal) (G1 Evacuation Pause) 59M->49M(73M) 10.615ms
Dec 24 14:05:33 burnside uvmconsole: [3329648.641s][info][gc] GC(384361) Pause Young (Normal) (G1 Evacuation Pause) 59M->50M(73M) 8.474ms
Dec 24 14:05:45 burnside uvmconsole: [3329660.299s][info][gc] GC(384362) Pause Young (Normal) (G1 Evacuation Pause) 60M->50M(73M) 8.723ms
Dec 24 14:05:56 burnside uvmconsole: [3329671.277s][info][gc] GC(384363) Pause Young (Normal) (G1 Evacuation Pause) 59M->50M(73M) 9.131ms
Dec 24 14:06:05 burnside uvmconsole: [3329679.818s][info][gc] GC(384364) Pause Young (Normal) (G1 Evacuation Pause) 59M->50M(73M) 8.753ms
Dec 24 14:06:08 burnside uvmconsole: [3329683.114s][info][gc] GC(384365) Pause Young (Normal) (G1 Evacuation Pause) 59M->50M(73M) 8.240ms
Dec 24 14:06:19 burnside uvmconsole: [3329693.781s][info][gc] GC(384366) Pause Young (Normal) (G1 Evacuation Pause) 59M->50M(73M) 8.308ms
Dec 24 14:06:33 burnside uvmconsole: [3329707.876s][info][gc] GC(384367) Pause Young (Normal) (G1 Evacuation Pause) 59M->50M(73M) 8.121ms
Dec 24 14:06:44 burnside uvmconsole: [3329718.861s][info][gc] GC(384368) Pause Young (Normal) (G1 Evacuation Pause) 59M->50M(73M) 31.157ms
Dec 24 14:06:48 burnside uvmconsole: [3329723.029s][info][gc] GC(384369) Pause Young (Normal) (G1 Evacuation Pause) 59M->50M(73M) 9.254ms
Dec 24 14:06:51 burnside uvmconsole: [3329726.017s][info][gc] GC(384370) Pause Full (System.gc()) 54M->48M(73M) 337.691ms
Dec 24 14:06:58 burnside uvmconsole: [3329732.801s][info][gc] GC(384371) Pause Young (Normal) (G1 Evacuation Pause) 58M->48M(73M) 6.695ms
Dec 24 14:07:03 burnside uvmconsole: [3329738.094s][info][gc] GC(384372) Pause Young (Normal) (G1 Evacuation Pause) 58M->49M(73M) 7.623ms
Dec 24 14:07:07 burnside uvmconsole: [3329742.253s][info][gc] GC(384373) Pause Young (Normal) (G1 Evacuation Pause) 59M->49M(73M) 7.450ms
Dec 24 14:07:19 burnside uvmconsole: [3329754.740s][info][gc] GC(384374) Pause Young (Normal) (G1 Evacuation Pause) 59M->49M(73M) 7.179ms
Dec 24 14:07:30 burnside uvmconsole: [3329765.434s][info][gc] GC(384375) Pause Young (Normal) (G1 Evacuation Pause) 59M->49M(73M) 7.703ms
Dec 24 14:07:46 burnside uvmconsole: [3329780.823s][info][gc] GC(384376) Pause Young (Normal) (G1 Evacuation Pause) 59M->49M(73M) 8.236ms
Dec 24 14:07:59 burnside uvmconsole: [3329794.708s][info][gc] GC(384377) Pause Young (Normal) (G1 Evacuation Pause) 59M->49M(73M) 7.449ms
Dec 24 14:08:08 burnside uvmconsole: [3329803.670s][info][gc] GC(384378) Pause Young (Normal) (G1 Evacuation Pause) 59M->49M(73M) 8.398ms
Dec 24 14:08:22 burnside uvmconsole: [3329817.228s][info][gc] GC(384379) Pause Young (Normal) (G1 Evacuation Pause) 59M->49M(73M) 7.116ms
Dec 24 14:08:35 burnside uvmconsole: [3329830.636s][info][gc] GC(384380) Pause Young (Normal) (G1 Evacuation Pause) 59M->49M(73M) 7.976ms
Dec 24 14:08:53 burnside uvmconsole: [3329848.659s][info][gc] GC(384381) Pause Young (Normal) (G1 Evacuation Pause) 59M->49M(73M) 8.495ms
Dec 24 14:09:00 burnside uvmconsole: [3329855.079s][info][gc] GC(384382) Pause Young (Normal) (G1 Evacuation Pause) 59M->49M(73M) 9.125ms
Dec 24 14:09:10 burnside uvmconsole: [3329865.325s][info][gc] GC(384383) Pause Young (Normal) (G1 Evacuation Pause) 58M->49M(73M) 9.000ms
Dec 24 14:09:27 burnside uvmconsole: [3329882.293s][info][gc] GC(384384) Pause Young (Normal) (G1 Evacuation Pause) 59M->49M(73M) 8.221ms
Dec 24 14:09:54 burnside uvmconsole: [3329909.663s][info][gc] GC(384385) Pause Young (Normal) (G1 Evacuation Pause) 59M->49M(73M) 9.235ms
Dec 24 14:10:01 burnside uvmconsole: [3329916.437s][info][gc] GC(384386) Pause Young (Normal) (G1 Evacuation Pause) 59M->50M(73M) 9.854ms
Dec 24 14:10:19 burnside uvmconsole: [3329933.946s][info][gc] GC(384387) Pause Young (Normal) (G1 Evacuation Pause) 59M->49M(73M) 9.095ms
Dec 24 14:10:42 burnside uvmconsole: [3329957.359s][info][gc] GC(384388) Pause Young (Normal) (G1 Evacuation Pause) 58M->49M(73M) 8.204ms
Dec 24 14:10:59 burnside uvmconsole: [3329974.192s][info][gc] GC(384389) Pause Young (Normal) (G1 Evacuation Pause) 58M->49M(73M) 8.372ms
Dec 24 14:11:08 burnside uvmconsole: [3329983.192s][info][gc] GC(384390) Pause Young (Normal) (G1 Evacuation Pause) 58M->49M(73M) 8.910ms
Dec 24 14:11:18 burnside uvmconsole: [3329993.666s][info][gc] GC(384391) Pause Young (Normal) (G1 Evacuation Pause) 58M->49M(73M) 8.499ms
Dec 24 14:11:39 burnside uvmconsole: [3330014.581s][info][gc] GC(384392) Pause Young (Normal) (G1 Evacuation Pause) 58M->49M(73M) 7.930ms
Dec 24 14:11:51 burnside uvmconsole: [3330026.003s][info][gc] GC(384393) Pause Full (System.gc()) 57M->48M(73M) 324.085ms
Dec 24 14:12:04 burnside uvmconsole: [3330038.833s][info][gc] GC(384394) Pause Young (Normal) (G1 Evacuation Pause) 58M->48M(73M) 7.212ms
Dec 24 14:12:14 burnside uvmconsole: [3330049.464s][info][gc] GC(384395) Pause Young (Normal) (G1 Evacuation Pause) 58M->48M(73M) 6.655ms
Dec 24 14:12:35 burnside uvmconsole: [3330070.484s][info][gc] GC(384396) Pause Young (Normal) (G1 Evacuation Pause) 58M->48M(73M) 6.973ms
Dec 24 14:12:55 burnside uvmconsole: [3330090.350s][info][gc] GC(384397) Pause Young (Normal) (G1 Evacuation Pause) 58M->49M(73M) 7.153ms
Dec 24 14:13:06 burnside uvmconsole: [3330101.524s][info][gc] GC(384398) Pause Young (Normal) (G1 Evacuation Pause) 59M->49M(73M) 7.998ms
Dec 24 14:13:26 burnside uvmconsole: [3330121.705s][info][gc] GC(384399) Pause Young (Normal) (G1 Evacuation Pause) 59M->49M(73M) 8.662ms
Dec 24 14:13:36 burnside uvmconsole: [3330130.926s][info][gc] GC(384400) Pause Young (Normal) (G1 Evacuation Pause) 59M->49M(73M) 8.934ms
Dec 24 14:13:57 burnside uvmconsole: [3330151.818s][info][gc] GC(384401) Pause Young (Normal) (G1 Evacuation Pause) 58M->49M(73M) 8.816ms
Dec 24 14:14:06 burnside uvmconsole: [3330161.481s][info][gc] GC(384402) Pause Young (Normal) (G1 Evacuation Pause) 59M->49M(73M) 9.350ms
Dec 24 14:14:24 burnside uvmconsole: [3330179.531s][info][gc] GC(384403) Pause Young (Normal) (G1 Evacuation Pause) 58M->49M(73M) 8.568ms
Dec 24 14:14:45 burnside uvmconsole: [3330200.541s][info][gc] GC(384404) Pause Young (Normal) (G1 Evacuation Pause) 59M->49M(73M) 8.580ms
Dec 24 14:15:02 burnside uvmconsole: [3330217.274s][info][gc] GC(384405) Pause Young (Normal) (G1 Evacuation Pause) 59M->49M(73M) 10.480ms
Dec 24 14:15:08 burnside uvmconsole: [3330222.817s][info][gc] GC(384406) Pause Young (Normal) (G1 Evacuation Pause) 58M->49M(73M) 18.767ms
Dec 24 14:15:22 burnside uvmconsole: [3330237.286s][info][gc] GC(384407) Pause Young (Normal) (G1 Evacuation Pause) 59M->49M(73M) 8.282ms
Dec 24 14:15:38 burnside uvmconsole: [3330253.569s][info][gc] GC(384408) Pause Young (Normal) (G1 Evacuation Pause) 58M->49M(73M) 8.326ms
Dec 24 14:15:59 burnside uvmconsole: [3330274.190s][info][gc] GC(384409) Pause Young (Normal) (G1 Evacuation Pause) 58M->49M(73M) 8.268ms
Dec 24 14:16:09 burnside uvmconsole: [3330283.917s][info][gc] GC(384410) Pause Young (Normal) (G1 Evacuation Pause) 58M->49M(73M) 10.022ms
Dec 24 14:16:13 burnside uvmconsole: [3330288.640s][info][gc] GC(384411) Pause Young (Normal) (G1 Evacuation Pause) 58M->49M(73M) 8.271ms
Dec 24 14:16:25 burnside uvmconsole: [3330300.043s][info][gc] GC(384412) Pause Young (Normal) (G1 Evacuation Pause) 58M->49M(73M) 9.437ms
Dec 24 14:16:34 burnside uvmconsole: [3330309.601s][info][gc] GC(384413) Pause Young (Normal) (G1 Evacuation Pause) 58M->49M(73M) 9.187ms
Dec 24 14:16:42 burnside uvmconsole: [3330316.959s][info][gc] GC(384414) Pause Young (Normal) (G1 Evacuation Pause) 58M->49M(73M) 9.544ms
Dec 24 14:16:51 burnside uvmconsole: [3330325.998s][info][gc] GC(384415) Pause Full (System.gc()) 56M->48M(73M) 319.512ms
Dec 24 14:17:00 burnside uvmconsole: [3330335.262s][info][gc] GC(384416) Pause Young (Normal) (G1 Evacuation Pause) 59M->49M(73M) 8.038ms
Dec 24 14:17:09 burnside uvmconsole: [3330344.412s][info][gc] GC(384417) Pause Young (Normal) (G1 Evacuation Pause) 59M->49M(73M) 6.753ms
Dec 24 14:17:13 burnside uvmconsole: [3330347.772s][info][gc] GC(384418) Pause Young (Normal) (G1 Evacuation Pause) 59M->49M(73M) 7.691ms
Dec 24 14:17:22 burnside uvmconsole: [3330357.427s][info][gc] GC(384419) Pause Young (Normal) (G1 Evacuation Pause) 59M->49M(73M) 7.457ms
Dec 24 14:17:32 burnside uvmconsole: [3330367.441s][info][gc] GC(384420) Pause Young (Normal) (G1 Evacuation Pause) 59M->49M(73M) 8.016ms
Dec 24 14:17:44 burnside uvmconsole: 12-24 14:17:44.325054| ERROR:./libnetcap/src/netcap_tcp_srv_complete.c:251:CRITICAL ERROR: connect: Cannot assign requested address : (24.222.11.62:19719 -> 204.79.197.203:443)
Dec 24 14:17:44 burnside uvmconsole: 12-24 14:17:44.325232| ERROR:./libnetcap/src/netcap_tcp_srv_complete.c:119:WARNING: _srv_start_connection
Dec 24 14:17:47 burnside uvmconsole: [3330382.217s][info][gc] GC(384421) Pause Young (Normal) (G1 Evacuation Pause) 59M->49M(73M) 8.415ms
Dec 24 14:17:53 burnside uvmconsole: [3330388.695s][info][gc] GC(384422) Pause Young (Normal) (G1 Evacuation Pause) 59M->49M(73M) 8.899ms
Dec 24 14:18:02 burnside uvmconsole: [3330397.227s][info][gc] GC(384423) Pause Young (Normal) (G1 Evacuation Pause) 59M->49M(73M) 9.229ms
Dec 24 14:18:05 burnside uvmconsole: [3330399.891s][info][gc] GC(384424) Pause Young (Normal) (G1 Evacuation Pause) 58M->49M(73M) 8.589ms
Dec 24 14:18:22 burnside uvmconsole: [3330417.469s][info][gc] GC(384425) Pause Young (Normal) (G1 Evacuation Pause) 59M->49M(73M) 9.012ms
Dec 24 14:18:37 burnside uvmconsole: [3330431.800s][info][gc] GC(384426) Pause Young (Normal) (G1 Evacuation Pause) 59M->49M(73M) 8.751ms
Dec 24 14:18:49 burnside uvmconsole: [3330444.732s][info][gc] GC(384427) Pause Young (Normal) (G1 Evacuation Pause) 59M->49M(73M) 8.875ms
Dec 24 14:19:02 burnside uvmconsole: [3330456.928s][info][gc] GC(384428) Pause Young (Normal) (G1 Evacuation Pause) 59M->49M(73M) 9.040ms
Dec 24 14:19:05 burnside uvmconsole: [3330460.361s][info][gc] GC(384429) Pause Young (Normal) (G1 Evacuation Pause) 59M->49M(73M) 8.344ms
Dec 24 14:19:14 burnside uvmconsole: [3330468.783s][info][gc] GC(384430) Pause Young (Normal) (G1 Evacuation Pause) 59M->49M(73M) 8.544ms
Dec 24 14:19:30 burnside uvmconsole: [3330485.132s][info][gc] GC(384431) Pause Young (Normal) (G1 Evacuation Pause) 59M->49M(73M) 7.337ms
Dec 24 14:19:42 burnside uvmconsole: [3330496.950s][info][gc] GC(384432) Pause Young (Normal) (G1 Evacuation Pause) 59M->49M(73M) 8.255ms
Dec 24 14:19:55 burnside uvmconsole: [3330510.648s][info][gc] GC(384433) Pause Young (Normal) (G1 Evacuation Pause) 59M->49M(73M) 14.028ms
Dec 24 14:20:02 burnside uvmconsole: [3330517.424s][info][gc] GC(384434) Pause Young (Normal) (G1 Evacuation Pause) 58M->49M(73M) 9.995ms
Dec 24 14:20:06 burnside uvmconsole: [3330520.868s][info][gc] GC(384435) Pause Young (Normal) (G1 Evacuation Pause) 58M->50M(73M) 15.941ms
Dec 24 14:20:22 burnside uvmconsole: [3330537.606s][info][gc] GC(384436) Pause Young (Normal) (G1 Evacuation Pause) 59M->49M(73M) 8.727ms
Dec 24 14:20:31 burnside uvmconsole: [3330546.441s][info][gc] GC(384437) Pause Young (Normal) (G1 Evacuation Pause) 59M->49M(73M) 7.635ms
Dec 24 14:20:43 burnside uvmconsole: [3330557.768s][info][gc] GC(384438) Pause Young (Normal) (G1 Evacuation Pause) 59M->49M(73M) 8.835ms
Dec 24 14:20:55 burnside uvmconsole: [3330569.977s][info][gc] GC(384439) Pause Young (Normal) (G1 Evacuation Pause) 58M->49M(73M) 8.112ms
Dec 24 14:21:02 burnside uvmconsole: [3330576.773s][info][gc] GC(384440) Pause Young (Normal) (G1 Evacuation Pause) 58M->49M(73M) 8.445ms
Dec 24 14:21:08 burnside uvmconsole: [3330582.885s][info][gc] GC(384441) Pause Young (Normal) (G1 Evacuation Pause) 58M->49M(73M) 9.164ms
Dec 24 14:21:25 burnside uvmconsole: [3330600.000s][info][gc] GC(384442) Pause Young (Normal) (G1 Evacuation Pause) 58M->49M(73M) 8.608ms
Dec 24 14:21:41 burnside uvmconsole: [3330616.414s][info][gc] GC(384443) Pause Young (Normal) (G1 Evacuation Pause) 58M->49M(73M) 8.670ms
Dec 24 14:21:50 burnside uvmconsole: [3330625.130s][info][gc] GC(384444) Pause Young (Normal) (G1 Evacuation Pause) 58M->49M(73M) 8.527ms
Dec 24 14:21:51 burnside uvmconsole: [3330626.008s][info][gc] GC(384445) Pause Full (System.gc()) 50M->48M(73M) 328.511ms
Dec 24 14:21:58 burnside uvmconsole: [3330633.374s][info][gc] GC(384446) Pause Young (Normal) (G1 Evacuation Pause) 58M->48M(73M) 8.006ms
Dec 24 14:22:05 burnside uvmconsole: [3330640.664s][info][gc] GC(384447) Pause Young (Normal) (G1 Evacuation Pause) 58M->48M(73M) 7.374ms
Dec 24 14:22:09 burnside uvmconsole: [3330643.859s][info][gc] GC(384448) Pause Young (Normal) (G1 Evacuation Pause) 58M->48M(73M) 9.030ms
Dec 24 14:22:19 burnside uvmconsole: [3330654.433s][info][gc] GC(384449) Pause Young (Normal) (G1 Evacuation Pause) 58M->49M(73M) 7.782ms
Dec 24 14:22:27 burnside uvmconsole: [3330662.276s][info][gc] GC(384450) Pause Young (Normal) (G1 Evacuation Pause) 59M->48M(73M) 7.414ms
Dec 24 14:22:31 burnside uvmconsole: [3330666.366s][info][gc] GC(384451) Pause Young (Normal) (G1 Evacuation Pause) 58M->48M(73M) 7.103ms
Dec 24 14:22:44 burnside uvmconsole: [3330679.643s][info][gc] GC(384452) Pause Young (Normal) (G1 Evacuation Pause) 58M->48M(73M) 7.384ms
Dec 24 14:22:55 burnside uvmconsole: [3330689.878s][info][gc] GC(384453) Pause Young (Normal) (G1 Evacuation Pause) 58M->49M(73M) 7.755ms
Dec 24 14:23:00 burnside uvmconsole: [3330695.414s][info][gc] GC(384454) Pause Young (Normal) (G1 Evacuation Pause) 59M->49M(73M) 9.605ms
Dec 24 14:23:07 burnside uvmconsole: [3330702.130s][info][gc] GC(384455) Pause Young (Normal) (G1 Evacuation Pause) 59M->49M(73M) 8.568ms
Dec 24 14:23:21 burnside uvmconsole: [3330715.993s][info][gc] GC(384456) Pause Young (Normal) (G1 Evacuation Pause) 59M->49M(73M) 10.297ms
Dec 24 14:23:28 burnside uvmconsole: [3330723.623s][info][gc] GC(384457) Pause Young (Normal) (G1 Evacuation Pause) 59M->49M(73M) 9.324ms
Dec 24 14:23:40 burnside uvmconsole: [3330734.882s][info][gc] GC(384458) Pause Young (Normal) (G1 Evacuation Pause) 59M->49M(73M) 7.453ms
Dec 24 14:23:52 burnside uvmconsole: [3330747.068s][info][gc] GC(384459) Pause Young (Normal) (G1 Evacuation Pause) 59M->49M(73M) 7.548ms
Dec 24 14:24:02 burnside uvmconsole: [3330757.220s][info][gc] GC(384460) Pause Young (Normal) (G1 Evacuation Pause) 59M->49M(73M) 9.108ms
Dec 24 14:24:13 burnside uvmconsole: [3330768.656s][info][gc] GC(384461) Pause Young (Normal) (G1 Evacuation Pause) 59M->49M(73M) 7.704ms
Dec 24 14:24:35 burnside uvmconsole: [3330790.103s][info][gc] GC(384462) Pause Young (Normal) (G1 Evacuation Pause) 59M->49M(73M) 8.050ms
Dec 24 14:24:49 burnside uvmconsole: [3330803.898s][info][gc] GC(384463) Pause Young (Normal) (G1 Evacuation Pause) 59M->49M(73M) 8.007ms
Dec 24 14:24:59 burnside uvmconsole: [3330813.995s][info][gc] GC(384464) Pause Young (Normal) (G1 Evacuation Pause) 59M->49M(73M) 8.791ms
Dec 24 14:25:03 burnside uvmconsole: [3330818.631s][info][gc] GC(384465) Pause Young (Normal) (G1 Evacuation Pause) 59M->49M(73M) 8.955ms
Dec 24 14:25:10 burnside uvmconsole: [3330825.172s][info][gc] GC(384466) Pause Young (Normal) (G1 Evacuation Pause) 58M->49M(73M) 7.916ms
Dec 24 14:25:23 burnside uvmconsole: [3330838.652s][info][gc] GC(384467) Pause Young (Normal) (G1 Evacuation Pause) 59M->49M(73M) 7.853ms
Dec 24 14:25:34 burnside uvmconsole: [3330849.489s][info][gc] GC(384468) Pause Young (Normal) (G1 Evacuation Pause) 59M->49M(73M) 9.695ms
Dec 24 14:25:41 burnside uvmconsole: [3330856.182s][info][gc] GC(384469) Pause Young (Normal) (G1 Evacuation Pause) 58M->49M(73M) 8.461ms
Dec 24 14:25:51 burnside uvmconsole: [3330866.528s][info][gc] GC(384470) Pause Young (Normal) (G1 Evacuation Pause) 58M->49M(73M) 8.006ms
Dec 24 14:26:01 burnside uvmconsole: [3330875.940s][info][gc] GC(384471) Pause Young (Normal) (G1 Evacuation Pause) 58M->49M(73M) 9.172ms
Dec 24 14:26:06 burnside uvmconsole: [3330880.757s][info][gc] GC(384472) Pause Young (Normal) (G1 Evacuation Pause) 58M->49M(73M) 8.384ms
Dec 24 14:26:13 burnside uvmconsole: [3330888.652s][info][gc] GC(384473) Pause Young (Normal) (G1 Evacuation Pause) 58M->49M(73M) 7.219ms
Dec 24 14:26:20 burnside uvmconsole: [3330894.763s][info][gc] GC(384474) Pause Young (Normal) (G1 Evacuation Pause) 58M->49M(73M) 7.314ms
Dec 24 14:26:26 burnside uvmconsole: [3330901.158s][info][gc] GC(384475) Pause Young (Normal) (G1 Evacuation Pause) 58M->49M(73M) 9.128ms
Dec 24 14:26:35 burnside uvmconsole: [3330910.571s][info][gc] GC(384476) Pause Young (Normal) (G1 Evacuation Pause) 58M->49M(73M) 7.742ms
Dec 24 14:26:46 burnside uvmconsole: [3330921.638s][info][gc] GC(384477) Pause Young (Normal) (G1 Evacuation Pause) 58M->49M(73M) 8.369ms
Dec 24 14:26:51 burnside uvmconsole: [3330925.997s][info][gc] GC(384478) Pause Full (System.gc()) 51M->48M(73M) 318.167ms
Dec 24 14:27:00 burnside uvmconsole: [3330935.507s][info][gc] GC(384479) Pause Young (Normal) (G1 Evacuation Pause) 58M->48M(73M) 7.983ms
Dec 24 14:27:03 burnside uvmconsole: [3330938.659s][info][gc] GC(384480) Pause Young (Normal) (G1 Evacuation Pause) 58M->48M(73M) 11.922ms
Dec 24 14:27:10 burnside uvmconsole: [3330945.167s][info][gc] GC(384481) Pause Young (Normal) (G1 Evacuation Pause) 58M->48M(73M) 6.768ms
Dec 24 14:27:30 burnside uvmconsole: [3330965.471s][info][gc] GC(384482) Pause Young (Normal) (G1 Evacuation Pause) 58M->48M(73M) 7.223ms
Dec 24 14:27:56 burnside uvmconsole: [3330991.543s][info][gc] GC(384483) Pause Young (Normal) (G1 Evacuation Pause) 58M->49M(73M) 7.671ms
Dec 24 14:28:07 burnside uvmconsole: [3331002.487s][info][gc] GC(384484) Pause Young (Normal) (G1 Evacuation Pause) 59M->49M(73M) 8.462ms
Dec 24 14:28:13 burnside uvmconsole: [3331008.639s][info][gc] GC(384485) Pause Young (Normal) (G1 Evacuation Pause) 59M->49M(73M) 8.249ms
Dec 24 14:28:35 burnside uvmconsole: [3331030.216s][info][gc] GC(384486) Pause Young (Normal) (G1 Evacuation Pause) 59M->49M(73M) 8.042ms
Dec 24 14:28:45 burnside uvmconsole: [3331040.727s][info][gc] GC(384487) Pause Young (Normal) (G1 Evacuation Pause) 59M->49M(73M) 8.859ms
Dec 24 14:28:58 burnside uvmconsole: [3331053.673s][info][gc] GC(384488) Pause Young (Normal) (G1 Evacuation Pause) 59M->49M(73M) 11.483ms
Dec 24 14:29:09 burnside uvmconsole: [3331063.821s][info][gc] GC(384489) Pause Young (Normal) (G1 Evacuation Pause) 59M->49M(73M) 9.401ms
Dec 24 14:29:16 burnside uvmconsole: [3331070.902s][info][gc] GC(384490) Pause Young (Normal) (G1 Evacuation Pause) 59M->49M(73M) 8.129ms
Dec 24 14:29:31 burnside uvmconsole: [3331085.849s][info][gc] GC(384491) Pause Young (Normal) (G1 Evacuation Pause) 59M->49M(73M) 8.187ms
Dec 24 14:29:50 burnside uvmconsole: [3331104.989s][info][gc] GC(384492) Pause Young (Normal) (G1 Evacuation Pause) 59M->49M(73M) 8.654ms
Dec 24 14:29:59 burnside uvmconsole: [3331114.191s][info][gc] GC(384493) Pause Young (Normal) (G1 Evacuation Pause) 59M->49M(73M) 8.678ms
Dec 24 14:30:07 burnside uvmconsole: [3331121.917s][info][gc] GC(384494) Pause Young (Normal) (G1 Evacuation Pause) 59M->49M(73M) 8.879ms
Dec 24 14:30:23 burnside uvmconsole: [3331138.640s][info][gc] GC(384495) Pause Young (Normal) (G1 Evacuation Pause) 58M->49M(73M) 7.952ms
Dec 24 14:30:39 burnside uvmconsole: [3331153.806s][info][gc] GC(384496) Pause Young (Normal) (G1 Evacuation Pause) 58M->49M(73M) 8.357ms
Dec 24 14:30:56 burnside uvmconsole: [3331170.826s][info][gc] GC(384497) Pause Young (Normal) (G1 Evacuation Pause) 58M->49M(73M) 8.546ms
Dec 24 14:31:01 burnside uvmconsole: [3331176.424s][info][gc] GC(384498) Pause Young (Normal) (G1 Evacuation Pause) 58M->49M(73M) 9.256ms
Dec 24 14:31:22 burnside uvmconsole: [3331197.117s][info][gc] GC(384499) Pause Young (Normal) (G1 Evacuation Pause) 57M->49M(73M) 8.681ms
Dec 24 14:31:46 burnside uvmconsole: [3331221.298s][info][gc] GC(384500) Pause Young (Normal) (G1 Evacuation Pause) 58M->49M(73M) 8.041ms
Dec 24 14:31:51 burnside uvmconsole: [3331226.002s][info][gc] GC(384501) Pause Full (System.gc()) 50M->48M(72M) 323.549ms
Dec 24 14:32:02 burnside uvmconsole: [3331237.582s][info][gc] GC(384502) Pause Young (Normal) (G1 Evacuation Pause) 58M->48M(72M) 7.141ms
Dec 24 14:32:28 burnside uvmconsole: [3331262.771s][info][gc] GC(384503) Pause Young (Normal) (G1 Evacuation Pause) 58M->48M(72M) 6.486ms
Dec 24 14:32:40 burnside uvmconsole: [3331275.388s][info][gc] GC(384504) Pause Young (Normal) (G1 Evacuation Pause) 58M->49M(72M) 7.271ms
Dec 24 14:32:48 burnside uvmconsole: [3331282.773s][info][gc] GC(384505) Pause Young (Normal) (G1 Evacuation Pause) 59M->49M(72M) 8.263ms
Dec 24 14:33:00 burnside uvmconsole: [3331294.792s][info][gc] GC(384506) Pause Young (Normal) (G1 Evacuation Pause) 59M->49M(72M) 9.728ms
Dec 24 14:33:14 burnside uvmconsole: [3331309.288s][info][gc] GC(384507) Pause Young (Normal) (G1 Evacuation Pause) 59M->49M(72M) 9.936ms
Dec 24 14:33:40 burnside uvmconsole: [3331334.850s][info][gc] GC(384508) Pause Young (Normal) (G1 Evacuation Pause) 58M->49M(72M) 9.134ms
Dec 24 14:34:01 burnside uvmconsole: [3331356.027s][info][gc] GC(384509) Pause Young (Normal) (G1 Evacuation Pause) 59M->49M(72M) 10.473ms
Dec 24 14:34:10 burnside uvmconsole: [3331365.208s][info][gc] GC(384510) Pause Young (Normal) (G1 Evacuation Pause) 58M->49M(72M) 8.961ms
Dec 24 14:34:33 burnside uvmconsole: [3331388.653s][info][gc] GC(384511) Pause Young (Normal) (G1 Evacuation Pause) 58M->49M(72M) 7.962ms
Dec 24 14:34:41 burnside uvmconsole: [3331396.585s][info][gc] GC(384512) Pause Young (Normal) (G1 Evacuation Pause) 59M->49M(72M) 8.331ms
Dec 24 14:34:59 burnside uvmconsole: [3331414.190s][info][gc] GC(384513) Pause Young (Normal) (G1 Evacuation Pause) 59M->49M(72M) 8.788ms
Dec 24 14:35:06 burnside uvmconsole: [3331421.589s][info][gc] GC(384514) Pause Young (Normal) (G1 Evacuation Pause) 58M->49M(72M) 8.924ms
Dec 24 14:35:15 burnside uvmconsole: [3331429.900s][info][gc] GC(384515) Pause Young (Normal) (G1 Evacuation Pause) 58M->49M(72M) 8.823ms
Dec 24 14:35:37 burnside uvmconsole: [3331451.915s][info][gc] GC(384516) Pause Young (Normal) (G1 Evacuation Pause) 58M->49M(72M) 11.512ms
Dec 24 14:35:55 burnside uvmconsole: [3331469.863s][info][gc] GC(384517) Pause Young (Normal) (G1 Evacuation Pause) 58M->49M(72M) 9.366ms
Dec 24 14:36:00 burnside uvmconsole: [3331475.574s][info][gc] GC(384518) Pause Young (Normal) (G1 Evacuation Pause) 58M->50M(72M) 9.706ms
Dec 24 14:36:07 burnside uvmconsole: [3331482.683s][info][gc] GC(384519) Pause Young (Normal) (G1 Evacuation Pause) 59M->50M(72M) 10.123ms
Dec 24 14:36:29 burnside uvmconsole: [3331504.567s][info][gc] GC(384520) Pause Young (Normal) (G1 Evacuation Pause) 59M->50M(72M) 8.984ms
Dec 24 14:36:48 burnside uvmconsole: [3331523.287s][info][gc] GC(384521) Pause Young (Normal) (G1 Evacuation Pause) 60M->49M(72M) 7.580ms
Dec 24 14:36:51 burnside uvmconsole: [3331526.000s][info][gc] GC(384522) Pause Full (System.gc()) 51M->48M(72M) 320.885ms
Dec 24 14:37:08 burnside uvmconsole: [3331543.388s][info][gc] GC(384523) Pause Young (Normal) (G1 Evacuation Pause) 59M->48M(72M) 7.429ms
Dec 24 14:37:36 burnside uvmconsole: [3331571.342s][info][gc] GC(384524) Pause Young (Normal) (G1 Evacuation Pause) 59M->48M(72M) 6.495ms
Dec 24 14:38:03 burnside uvmconsole: [3331598.652s][info][gc] GC(384525) Pause Young (Normal) (G1 Evacuation Pause) 59M->48M(72M) 6.790ms
Dec 24 14:38:24 burnside uvmconsole: [3331618.826s][info][gc] GC(384526) Pause Young (Normal) (G1 Evacuation Pause) 59M->48M(72M) 6.973ms
Dec 24 14:38:34 burnside uvmconsole: [3331628.779s][info][gc] GC(384527) Pause Young (Normal) (G1 Evacuation Pause) 59M->48M(72M) 7.347ms
Dec 24 14:38:53 burnside uvmconsole: [3331648.655s][info][gc] GC(384528) Pause Young (Normal) (G1 Evacuation Pause) 59M->49M(72M) 8.558ms
Dec 24 14:39:02 burnside uvmconsole: [3331657.330s][info][gc] GC(384529) Pause Young (Normal) (G1 Evacuation Pause) 60M->49M(72M) 8.806ms
Dec 24 14:39:13 burnside uvmconsole: [3331668.654s][info][gc] GC(384530) Pause Young (Normal) (G1 Evacuation Pause) 59M->49M(72M) 8.473ms
Dec 24 14:39:41 burnside uvmconsole: [3331696.228s][info][gc] GC(384531) Pause Young (Normal) (G1 Evacuation Pause) 59M->49M(72M) 8.661ms
Dec 24 14:40:01 burnside uvmconsole: [3331716.267s][info][gc] GC(384532) Pause Young (Normal) (G1 Evacuation Pause) 60M->49M(72M) 9.477ms
Dec 24 14:40:11 burnside uvmconsole: [3331726.718s][info][gc] GC(384533) Pause Young (Normal) (G1 Evacuation Pause) 60M->49M(72M) 7.985ms
Dec 24 14:40:32 burnside uvmconsole: [3331747.327s][info][gc] GC(384534) Pause Young (Normal) (G1 Evacuation Pause) 60M->49M(72M) 9.136ms
Dec 24 14:40:59 burnside uvmconsole: [3331774.188s][info][gc] GC(384535) Pause Young (Normal) (G1 Evacuation Pause) 59M->49M(72M) 9.327ms
Dec 24 14:41:04 burnside uvmconsole: [3331778.903s][info][gc] GC(384536) Pause Young (Normal) (G1 Evacuation Pause) 59M->49M(72M) 8.149ms
Dec 24 14:41:33 burnside uvmconsole: [3331808.384s][info][gc] GC(384537) Pause Young (Normal) (G1 Evacuation Pause) 59M->49M(72M) 8.065ms
Dec 24 14:41:50 burnside uvmconsole: [3331825.242s][info][gc] GC(384538) Pause Young (Normal) (G1 Evacuation Pause) 59M->49M(72M) 7.991ms
Dec 24 14:41:51 burnside uvmconsole: [3331826.001s][info][gc] GC(384539) Pause Full (System.gc()) 49M->48M(72M) 322.279ms
Dec 24 14:42:03 burnside uvmconsole: [3331838.708s][info][gc] GC(384540) Pause Young (Normal) (G1 Evacuation Pause) 58M->48M(72M) 8.127ms
Dec 24 14:42:34 burnside uvmconsole: [3331869.327s][info][gc] GC(384541) Pause Young (Normal) (G1 Evacuation Pause) 58M->48M(72M) 6.809ms
Dec 24 14:43:03 burnside uvmconsole: [3331898.324s][info][gc] GC(384542) Pause Young (Normal) (G1 Evacuation Pause) 58M->48M(72M) 7.627ms
Dec 24 14:43:25 burnside uvmconsole: [3331920.375s][info][gc] GC(384543) Pause Young (Normal) (G1 Evacuation Pause) 58M->48M(72M) 6.742ms
Dec 24 14:44:03 burnside uvmconsole: [3331958.131s][info][gc] GC(384544) Pause Young (Normal) (G1 Evacuation Pause) 58M->48M(72M) 7.317ms
Dec 24 14:44:15 burnside uvmconsole: [3331970.175s][info][gc] GC(384545) Pause Young (Normal) (G1 Evacuation Pause) 58M->48M(72M) 8.868ms
Dec 24 14:44:38 burnside uvmconsole: [3331992.964s][info][gc] GC(384546) Pause Young (Normal) (G1 Evacuation Pause) 58M->48M(72M) 7.146ms
Dec 24 14:45:04 burnside uvmconsole: [3332018.834s][info][gc] GC(384547) Pause Young (Normal) (G1 Evacuation Pause) 58M->48M(72M) 7.358ms
Dec 24 14:45:26 burnside uvmconsole: [3332041.726s][info][gc] GC(384548) Pause Young (Normal) (G1 Evacuation Pause) 58M->48M(72M) 7.157ms
Dec 24 14:45:41 burnside uvmconsole: [3332055.821s][info][gc] GC(384549) Pause Young (Normal) (G1 Evacuation Pause) 58M->48M(72M) 8.520ms
Dec 24 14:45:43 burnside uvmconsole: [3332058.450s][info][gc] GC(384550) Pause Young (Normal) (G1 Evacuation Pause) 58M->49M(72M) 8.699ms
Dec 24 14:45:45 burnside uvmconsole: [3332059.839s][info][gc] GC(384551) Pause Young (Normal) (G1 Evacuation Pause) 58M->49M(72M) 8.607ms
Dec 24 14:45:56 burnside uvmconsole: [3332071.296s][info][gc] GC(384552) Pause Young (Normal) (G1 Evacuation Pause) 58M->49M(72M) 8.824ms
Dec 24 14:46:12 burnside uvmconsole: [3332087.229s][info][gc] GC(384553) Pause Young (Normal) (G1 Evacuation Pause) 58M->49M(72M) 8.166ms
Dec 24 14:46:48 burnside uvmconsole: [3332123.466s][info][gc] GC(384554) Pause Young (Normal) (G1 Evacuation Pause) 58M->48M(72M) 7.737ms
Dec 24 14:46:51 burnside uvmconsole: [3332125.994s][info][gc] GC(384555) Pause Full (System.gc()) 49M->47M(72M) 315.921ms
Dec 24 14:47:09 burnside uvmconsole: [3332144.030s][info][gc] GC(384556) Pause Young (Normal) (G1 Evacuation Pause) 57M->48M(72M) 6.220ms
Dec 24 14:47:38 burnside uvmconsole: [3332173.288s][info][gc] GC(384557) Pause Young (Normal) (G1 Evacuation Pause) 58M->48M(72M) 7.029ms
Dec 24 14:47:58 burnside uvmconsole: [3332192.965s][info][gc] GC(384558) Pause Young (Normal) (G1 Evacuation Pause) 58M->48M(72M) 6.937ms
Dec 24 14:48:12 burnside uvmconsole: [3332207.204s][info][gc] GC(384559) Pause Young (Normal) (G1 Evacuation Pause) 58M->48M(72M) 7.224ms
Dec 24 14:48:54 burnside uvmconsole: [3332249.014s][info][gc] GC(384560) Pause Young (Normal) (G1 Evacuation Pause) 58M->48M(72M) 6.880ms
Dec 24 14:49:03 burnside uvmconsole: [3332258.654s][info][gc] GC(384561) Pause Young (Normal) (G1 Evacuation Pause) 58M->48M(72M) 6.934ms
Dec 24 14:49:24 burnside uvmconsole: [3332279.012s][info][gc] GC(384562) Pause Young (Normal) (G1 Evacuation Pause) 58M->48M(72M) 7.070ms
Dec 24 14:49:59 burnside uvmconsole: [3332314.189s][info][gc] GC(384563) Pause Young (Normal) (G1 Evacuation Pause) 58M->48M(72M) 6.969ms
Dec 24 14:50:26 burnside uvmconsole: [3332341.007s][info][gc] GC(384564) Pause Young (Normal) (G1 Evacuation Pause) 58M->48M(72M) 6.726ms
Dec 24 14:51:01 burnside uvmconsole: [3332376.354s][info][gc] GC(384565) Pause Young (Normal) (G1 Evacuation Pause) 58M->48M(72M) 7.222ms
Dec 24 14:51:23 burnside uvmconsole: [3332398.655s][info][gc] GC(384566) Pause Young (Normal) (G1 Evacuation Pause) 58M->48M(72M) 6.614ms
Dec 24 14:51:51 burnside uvmconsole: [3332425.993s][info][gc] GC(384567) Pause Full (System.gc()) 54M->47M(72M) 314.084ms
Dec 24 14:52:12 burnside uvmconsole: [3332447.306s][info][gc] GC(384568) Pause Young (Normal) (G1 Evacuation Pause) 58M->48M(72M) 6.165ms
Dec 24 14:52:22 burnside uvmconsole: [3332457.553s][info][gc] GC(384569) Pause Young (Normal) (G1 Evacuation Pause) 58M->48M(72M) 7.175ms
Dec 24 14:52:50 burnside uvmconsole: [3332485.632s][info][gc] GC(384570) Pause Young (Normal) (G1 Evacuation Pause) 58M->48M(72M) 7.303ms
Dec 24 14:53:04 burnside uvmconsole: [3332498.991s][info][gc] GC(384571) Pause Young (Normal) (G1 Evacuation Pause) 58M->48M(72M) 7.860ms
Dec 24 14:53:44 burnside uvmconsole: [3332538.757s][info][gc] GC(384572) Pause Young (Normal) (G1 Evacuation Pause) 58M->48M(72M) 7.790ms
Dec 24 14:54:04 burnside uvmconsole: [3332559.045s][info][gc] GC(384573) Pause Young (Normal) (G1 Evacuation Pause) 58M->48M(72M) 8.692ms
Dec 24 14:54:22 burnside uvmconsole: [3332577.399s][info][gc] GC(384574) Pause Young (Normal) (G1 Evacuation Pause) 58M->48M(72M) 8.059ms
Dec 24 14:54:43 burnside uvmconsole: [3332597.875s][info][gc] GC(384575) Pause Young (Normal) (G1 Evacuation Pause) 58M->48M(72M) 8.425ms
Dec 24 14:55:00 burnside uvmconsole: [3332614.793s][info][gc] GC(384576) Pause Young (Normal) (G1 Evacuation Pause) 57M->49M(72M) 9.064ms
Dec 24 14:55:19 burnside uvmconsole: [3332634.445s][info][gc] GC(384577) Pause Young (Normal) (G1 Evacuation Pause) 58M->49M(72M) 9.472ms
Dec 24 14:55:45 burnside uvmconsole: [3332660.639s][info][gc] GC(384578) Pause Young (Normal) (G1 Evacuation Pause) 57M->48M(72M) 7.687ms
Dec 24 14:56:06 burnside uvmconsole: [3332680.837s][info][gc] GC(384579) Pause Young (Normal) (G1 Evacuation Pause) 57M->48M(72M) 7.585ms
Dec 24 14:56:42 burnside uvmconsole: [3332716.778s][info][gc] GC(384580) Pause Young (Normal) (G1 Evacuation Pause) 57M->48M(72M) 6.965ms
Dec 24 14:56:51 burnside uvmconsole: [3332725.992s][info][gc] GC(384581) Pause Full (System.gc()) 52M->47M(72M) 312.986ms
Dec 24 14:57:07 burnside uvmconsole: [3332741.878s][info][gc] GC(384582) Pause Young (Normal) (G1 Evacuation Pause) 57M->47M(72M) 5.978ms
Dec 24 14:57:44 burnside uvmconsole: [3332779.487s][info][gc] GC(384583) Pause Young (Normal) (G1 Evacuation Pause) 57M->48M(72M) 6.181ms
Dec 24 14:58:07 burnside uvmconsole: [3332802.378s][info][gc] GC(384584) Pause Young (Normal) (G1 Evacuation Pause) 58M->48M(72M) 6.835ms
Dec 24 14:58:36 burnside uvmconsole: [3332831.272s][info][gc] GC(384585) Pause Young (Normal) (G1 Evacuation Pause) 58M->48M(72M) 6.619ms
Dec 24 14:59:08 burnside uvmconsole: [3332863.096s][info][gc] GC(384586) Pause Young (Normal) (G1 Evacuation Pause) 58M->48M(72M) 6.993ms
Dec 24 14:59:32 burnside uvmconsole: [3332887.012s][info][gc] GC(384587) Pause Young (Normal) (G1 Evacuation Pause) 58M->48M(72M) 6.546ms
Dec 24 14:59:59 burnside uvmconsole: [3332913.996s][info][gc] GC(384588) Pause Young (Normal) (G1 Evacuation Pause) 58M->48M(72M) 8.016ms
Dec 24 15:00:13 burnside uvmconsole: [3332928.656s][info][gc] GC(384589) Pause Young (Normal) (G1 Evacuation Pause) 58M->48M(72M) 6.994ms
Dec 24 15:00:52 burnside uvmconsole: [3332967.213s][info][gc] GC(384590) Pause Young (Normal) (G1 Evacuation Pause) 58M->48M(72M) 7.275ms
Dec 24 15:01:09 burnside uvmconsole: [3332984.723s][info][gc] GC(384591) Pause Young (Normal) (G1 Evacuation Pause) 58M->48M(72M) 8.095ms
Dec 24 15:01:44 burnside uvmconsole: [3333019.063s][info][gc] GC(384592) Pause Young (Normal) (G1 Evacuation Pause) 58M->48M(72M) 7.280ms
Dec 24 15:01:51 burnside uvmconsole: [3333025.999s][info][gc] GC(384593) Pause Full (System.gc()) 50M->47M(72M) 320.171ms
Dec 24 15:02:16 burnside uvmconsole: [3333050.940s][info][gc] GC(384594) Pause Young (Normal) (G1 Evacuation Pause) 58M->48M(72M) 6.139ms
Dec 24 15:02:55 burnside uvmconsole: [3333090.438s][info][gc] GC(384595) Pause Young (Normal) (G1 Evacuation Pause) 59M->48M(72M) 6.467ms
Dec 24 15:03:08 burnside uvmconsole: [3333102.867s][info][gc] GC(384596) Pause Young (Normal) (G1 Evacuation Pause) 59M->48M(72M) 6.972ms
Dec 24 15:03:47 burnside uvmconsole: [3333142.264s][info][gc] GC(384597) Pause Young (Normal) (G1 Evacuation Pause) 59M->48M(72M) 6.868ms
Dec 24 15:04:11 burnside uvmconsole: [3333166.443s][info][gc] GC(384598) Pause Young (Normal) (G1 Evacuation Pause) 59M->48M(72M) 7.202ms
Dec 24 15:04:46 burnside uvmconsole: [3333201.474s][info][gc] GC(384599) Pause Young (Normal) (G1 Evacuation Pause) 59M->48M(72M) 7.155ms
Dec 24 15:05:17 burnside uvmconsole: [3333232.095s][info][gc] GC(384600) Pause Young (Normal) (G1 Evacuation Pause) 59M->48M(72M) 7.405ms
Dec 24 15:05:43 burnside uvmconsole: [3333258.654s][info][gc] GC(384601) Pause Young (Normal) (G1 Evacuation Pause) 59M->48M(72M) 6.809ms
Dec 24 15:06:06 burnside uvmconsole: [3333281.355s][info][gc] GC(384602) Pause Young (Normal) (G1 Evacuation Pause) 59M->48M(72M) 6.970ms
Dec 24 15:06:43 burnside uvmconsole: [3333318.654s][info][gc] GC(384603) Pause Young (Normal) (G1 Evacuation Pause) 59M->48M(72M) 7.348ms
Dec 24 15:06:51 burnside uvmconsole: [3333325.994s][info][gc] GC(384604) Pause Full (System.gc()) 51M->47M(72M) 314.455ms
Dec 24 15:07:07 burnside uvmconsole: [3333342.165s][info][gc] GC(384605) Pause Young (Normal) (G1 Evacuation Pause) 59M->47M(72M) 6.261ms
Dec 24 15:07:47 burnside uvmconsole: [3333382.730s][info][gc] GC(384606) Pause Young (Normal) (G1 Evacuation Pause) 58M->47M(72M) 6.574ms
Dec 24 15:08:09 burnside uvmconsole: [3333404.326s][info][gc] GC(384607) Pause Young (Normal) (G1 Evacuation Pause) 58M->48M(72M) 6.853ms
Dec 24 15:08:36 burnside uvmconsole: [3333431.580s][info][gc] GC(384608) Pause Young (Normal) (G1 Evacuation Pause) 59M->48M(72M) 6.238ms
Dec 24 15:09:09 burnside uvmconsole: [3333464.200s][info][gc] GC(384609) Pause Young (Normal) (G1 Evacuation Pause) 59M->48M(72M) 6.889ms
Dec 24 15:09:43 burnside uvmconsole: [3333498.639s][info][gc] GC(384610) Pause Young (Normal) (G1 Evacuation Pause) 59M->48M(72M) 6.220ms
Dec 24 15:10:11 burnside uvmconsole: [3333526.632s][info][gc] GC(384611) Pause Young (Normal) (G1 Evacuation Pause) 59M->48M(72M) 6.728ms
Dec 24 15:10:37 burnside uvmconsole: [3333552.015s][info][gc] GC(384612) Pause Young (Normal) (G1 Evacuation Pause) 59M->48M(72M) 6.042ms
Dec 24 15:11:07 burnside uvmconsole: [3333582.127s][info][gc] GC(384613) Pause Young (Normal) (G1 Evacuation Pause) 59M->48M(72M) 7.361ms
Dec 24 15:11:47 burnside uvmconsole: [3333622.620s][info][gc] GC(384614) Pause Young (Normal) (G1 Evacuation Pause) 59M->48M(72M) 7.168ms
Dec 24 15:11:51 burnside uvmconsole: [3333625.989s][info][gc] GC(384615) Pause Full (System.gc()) 49M->47M(72M) 311.310ms
Dec 24 15:12:19 burnside uvmconsole: [3333654.095s][info][gc] GC(384616) Pause Young (Normal) (G1 Evacuation Pause) 59M->47M(72M) 6.111ms
Dec 24 15:12:55 burnside uvmconsole: [3333690.569s][info][gc] GC(384617) Pause Young (Normal) (G1 Evacuation Pause) 58M->47M(72M) 6.051ms
Dec 24 15:13:23 burnside uvmconsole: [3333718.640s][info][gc] GC(384618) Pause Young (Normal) (G1 Evacuation Pause) 58M->47M(72M) 7.062ms
Dec 24 15:14:00 burnside uvmconsole: [3333755.747s][info][gc] GC(384619) Pause Young (Normal) (G1 Evacuation Pause) 58M->47M(72M) 6.611ms
Dec 24 15:14:24 burnside uvmconsole: [3333779.424s][info][gc] GC(384620) Pause Young (Normal) (G1 Evacuation Pause) 58M->47M(72M) 6.497ms
Dec 24 15:15:00 burnside uvmconsole: [3333814.999s][info][gc] GC(384621) Pause Young (Normal) (G1 Evacuation Pause) 58M->48M(72M) 7.171ms
Dec 24 15:15:40 burnside uvmconsole: [3333855.488s][info][gc] GC(384622) Pause Young (Normal) (G1 Evacuation Pause) 59M->47M(72M) 6.438ms
Dec 24 15:16:03 burnside uvmconsole: [3333878.705s][info][gc] GC(384623) Pause Young (Normal) (G1 Evacuation Pause) 58M->47M(72M) 6.812ms
Dec 24 15:16:24 burnside uvmconsole: [3333899.412s][info][gc] GC(384624) Pause Young (Normal) (G1 Evacuation Pause) 58M->48M(72M) 6.756ms
Dec 24 15:16:49 burnside uvmconsole: [3333924.602s][info][gc] GC(384625) Pause Young (Normal) (G1 Evacuation Pause) 59M->48M(72M) 6.992ms
Dec 24 15:16:51 burnside uvmconsole: [3333925.992s][info][gc] GC(384626) Pause Full (System.gc()) 48M->47M(72M) 312.868ms
Dec 24 15:17:12 burnside uvmconsole: [3333947.554s][info][gc] GC(384627) Pause Young (Normal) (G1 Evacuation Pause) 59M->47M(72M) 6.101ms
Dec 24 15:17:43 burnside uvmconsole: [3333978.649s][info][gc] GC(384628) Pause Young (Normal) (G1 Evacuation Pause) 58M->47M(72M) 5.604ms
Dec 24 15:18:03 burnside uvmconsole: [3333998.651s][info][gc] GC(384629) Pause Young (Normal) (G1 Evacuation Pause) 58M->47M(72M) 6.366ms
Dec 24 15:18:43 burnside uvmconsole: [3334038.652s][info][gc] GC(384630) Pause Young (Normal) (G1 Evacuation Pause) 58M->47M(72M) 6.045ms
Dec 24 15:19:09 burnside uvmconsole: [3334064.694s][info][gc] GC(384631) Pause Young (Normal) (G1 Evacuation Pause) 58M->48M(72M) 6.795ms
Dec 24 15:19:43 burnside uvmconsole: [3334098.551s][info][gc] GC(384632) Pause Young (Normal) (G1 Evacuation Pause) 59M->48M(72M) 6.830ms
Dec 24 15:20:10 burnside uvmconsole: [3334125.459s][info][gc] GC(384633) Pause Young (Normal) (G1 Evacuation Pause) 59M->48M(72M) 6.572ms
Dec 24 15:20:40 burnside uvmconsole: [3334155.489s][info][gc] GC(384634) Pause Young (Normal) (G1 Evacuation Pause) 59M->47M(72M) 6.463ms
Dec 24 15:21:11 burnside uvmconsole: [3334186.286s][info][gc] GC(384635) Pause Young (Normal) (G1 Evacuation Pause) 58M->48M(72M) 6.723ms
Dec 24 15:21:51 burnside uvmconsole: [3334226.023s][info][gc] GC(384636) Pause Full (System.gc()) 56M->47M(72M) 344.093ms
Dec 24 15:22:10 burnside uvmconsole: [3334245.333s][info][gc] GC(384637) Pause Young (Normal) (G1 Evacuation Pause) 59M->47M(72M) 6.216ms
Dec 24 15:22:51 burnside uvmconsole: [3334286.301s][info][gc] GC(384638) Pause Young (Normal) (G1 Evacuation Pause) 58M->47M(72M) 6.505ms
Dec 24 15:23:15 burnside uvmconsole: [3334310.345s][info][gc] GC(384639) Pause Young (Normal) (G1 Evacuation Pause) 58M->47M(72M) 6.871ms
Dec 24 15:24:03 burnside uvmconsole: [3334358.655s][info][gc] GC(384640) Pause Young (Normal) (G1 Evacuation Pause) 58M->47M(72M) 6.395ms
Dec 24 15:24:32 burnside uvmconsole: [3334387.011s][info][gc] GC(384641) Pause Young (Normal) (G1 Evacuation Pause) 58M->47M(72M) 6.351ms
Dec 24 15:24:57 burnside uvmconsole: [3334412.026s][info][gc] GC(384642) Pause Young (Normal) (G1 Evacuation Pause) 58M->47M(72M) 6.799ms
Dec 24 15:25:21 burnside uvmconsole: [3334436.430s][info][gc] GC(384643) Pause Young (Normal) (G1 Evacuation Pause) 58M->47M(72M) 6.841ms
Dec 24 15:26:02 burnside uvmconsole: [3334477.602s][info][gc] GC(384644) Pause Young (Normal) (G1 Evacuation Pause) 58M->47M(72M) 7.400ms
Dec 24 15:26:17 burnside uvmconsole: [3334492.071s][info][gc] GC(384645) Pause Young (Normal) (G1 Evacuation Pause) 58M->47M(72M) 6.758ms
Dec 24 15:26:51 burnside uvmconsole: [3334525.995s][info][gc] GC(384646) Pause Full (System.gc()) 57M->47M(72M) 317.174ms
Dec 24 15:27:08 burnside uvmconsole: [3334543.639s][info][gc] GC(384647) Pause Young (Normal) (G1 Evacuation Pause) 59M->47M(72M) 6.728ms
Dec 24 15:27:46 burnside uvmconsole: [3334580.932s][info][gc] GC(384648) Pause Young (Normal) (G1 Evacuation Pause) 58M->47M(72M) 6.383ms
Dec 24 15:28:16 burnside uvmconsole: [3334611.684s][info][gc] GC(384649) Pause Young (Normal) (G1 Evacuation Pause) 58M->47M(72M) 6.764ms
Dec 24 15:29:00 burnside uvmconsole: [3334654.887s][info][gc] GC(384650) Pause Young (Normal) (G1 Evacuation Pause) 58M->48M(72M) 7.092ms
Dec 24 15:29:24 burnside uvmconsole: [3334679.077s][info][gc] GC(384651) Pause Young (Normal) (G1 Evacuation Pause) 59M->47M(72M) 6.496ms
Dec 24 15:29:54 burnside uvmconsole: [3334709.160s][info][gc] GC(384652) Pause Young (Normal) (G1 Evacuation Pause) 58M->47M(72M) 6.971ms
Dec 24 15:30:14 burnside uvmconsole: [3334729.607s][info][gc] GC(384653) Pause Young (Normal) (G1 Evacuation Pause) 58M->47M(72M) 6.684ms
Dec 24 15:30:59 burnside uvmconsole: [3334774.187s][info][gc] GC(384654) Pause Young (Normal) (G1 Evacuation Pause) 58M->47M(72M) 6.748ms
Dec 24 15:31:27 burnside uvmconsole: [3334802.211s][info][gc] GC(384655) Pause Young (Normal) (G1 Evacuation Pause) 58M->48M(72M) 6.907ms
Dec 24 15:31:51 burnside uvmconsole: [3334825.993s][info][gc] GC(384656) Pause Full (System.gc()) 54M->47M(72M) 314.092ms
Dec 24 15:32:13 burnside uvmconsole: [3334848.481s][info][gc] GC(384657) Pause Young (Normal) (G1 Evacuation Pause) 58M->47M(72M) 6.746ms
Dec 24 15:32:52 burnside uvmconsole: [3334887.686s][info][gc] GC(384658) Pause Young (Normal) (G1 Evacuation Pause) 57M->47M(72M) 6.627ms
Dec 24 15:33:14 burnside uvmconsole: [3334909.277s][info][gc] GC(384659) Pause Young (Normal) (G1 Evacuation Pause) 57M->47M(72M) 6.568ms
Dec 24 15:33:52 burnside uvmconsole: [3334947.524s][info][gc] GC(384660) Pause Young (Normal) (G1 Evacuation Pause) 57M->47M(72M) 7.214ms
Dec 24 15:34:13 burnside uvmconsole: [3334968.652s][info][gc] GC(384661) Pause Young (Normal) (G1 Evacuation Pause) 57M->47M(72M) 6.371ms
Dec 24 15:34:53 burnside uvmconsole: [3335008.655s][info][gc] GC(384662) Pause Young (Normal) (G1 Evacuation Pause) 57M->47M(72M) 6.095ms
Dec 24 15:35:22 burnside uvmconsole: [3335037.320s][info][gc] GC(384663) Pause Young (Normal) (G1 Evacuation Pause) 57M->47M(72M) 6.565ms
Dec 24 15:35:55 burnside uvmconsole: [3335070.405s][info][gc] GC(384664) Pause Young (Normal) (G1 Evacuation Pause) 57M->47M(72M) 6.518ms
Dec 24 15:36:12 burnside uvmconsole: [3335087.351s][info][gc] GC(384665) Pause Young (Normal) (G1 Evacuation Pause) 57M->47M(72M) 6.653ms
Dec 24 15:36:35 burnside uvmconsole: [3335110.418s][info][gc] GC(384666) Pause Young (Normal) (G1 Evacuation Pause) 57M->47M(72M) 6.332ms
Dec 24 15:36:51 burnside uvmconsole: [3335125.995s][info][gc] GC(384667) Pause Full (System.gc()) 52M->47M(72M) 316.214ms
Dec 24 15:37:13 burnside uvmconsole: [3335148.020s][info][gc] GC(384668) Pause Young (Normal) (G1 Evacuation Pause) 58M->47M(72M) 6.275ms
Dec 24 15:37:56 burnside uvmconsole: [3335191.369s][info][gc] GC(384669) Pause Young (Normal) (G1 Evacuation Pause) 58M->47M(72M) 6.166ms
Dec 24 15:38:16 burnside uvmconsole: [3335211.713s][info][gc] GC(384670) Pause Young (Normal) (G1 Evacuation Pause) 58M->47M(72M) 6.089ms
Dec 24 15:39:01 burnside uvmconsole: [3335255.827s][info][gc] GC(384671) Pause Young (Normal) (G1 Evacuation Pause) 58M->47M(72M) 6.907ms
Dec 24 15:39:12 burnside uvmconsole: [3335267.590s][info][gc] GC(384672) Pause Young (Normal) (G1 Evacuation Pause) 58M->47M(72M) 8.325ms
Dec 24 15:39:43 burnside uvmconsole: [3335298.651s][info][gc] GC(384673) Pause Young (Normal) (G1 Evacuation Pause) 58M->47M(72M) 6.537ms
Dec 24 15:40:07 burnside uvmconsole: [3335322.752s][info][gc] GC(384674) Pause Young (Normal) (G1 Evacuation Pause) 58M->48M(72M) 7.902ms
Dec 24 15:40:50 burnside uvmconsole: [3335365.107s][info][gc] GC(384675) Pause Young (Normal) (G1 Evacuation Pause) 59M->48M(72M) 7.142ms
Dec 24 15:41:16 burnside uvmconsole: [3335391.409s][info][gc] GC(384676) Pause Young (Normal) (G1 Evacuation Pause) 59M->47M(72M) 6.853ms
Dec 24 15:41:47 burnside uvmconsole: [3335422.235s][info][gc] GC(384677) Pause Young (Normal) (G1 Evacuation Pause) 58M->47M(72M) 7.416ms
Dec 24 15:41:51 burnside uvmconsole: [3335425.990s][info][gc] GC(384678) Pause Full (System.gc()) 50M->47M(72M) 311.493ms
Dec 24 15:42:13 burnside uvmconsole: [3335448.637s][info][gc] GC(384679) Pause Young (Normal) (G1 Evacuation Pause) 58M->47M(72M) 6.044ms
Dec 24 15:42:49 burnside uvmconsole: [3335483.914s][info][gc] GC(384680) Pause Young (Normal) (G1 Evacuation Pause) 58M->47M(72M) 6.429ms
Dec 24 15:43:17 burnside uvmconsole: [3335511.774s][info][gc] GC(384681) Pause Young (Normal) (G1 Evacuation Pause) 58M->47M(72M) 6.543ms
Dec 24 15:43:45 burnside uvmconsole: [3335540.110s][info][gc] GC(384682) Pause Young (Normal) (G1 Evacuation Pause) 58M->47M(72M) 6.415ms
Dec 24 15:44:11 burnside uvmconsole: [3335566.017s][info][gc] GC(384683) Pause Young (Normal) (G1 Evacuation Pause) 58M->47M(72M) 7.201ms
Dec 24 15:44:32 burnside uvmconsole: [3335587.075s][info][gc] GC(384684) Pause Young (Normal) (G1 Evacuation Pause) 58M->47M(72M) 6.303ms
Dec 24 15:45:01 burnside uvmconsole: [3335616.498s][info][gc] GC(384685) Pause Young (Normal) (G1 Evacuation Pause) 58M->48M(72M) 7.401ms
Dec 24 15:45:19 burnside uvmconsole: [3335633.863s][info][gc] GC(384686) Pause Young (Normal) (G1 Evacuation Pause) 59M->47M(72M) 6.519ms
Dec 24 15:45:45 burnside uvmconsole: [3335660.185s][info][gc] GC(384687) Pause Young (Normal) (G1 Evacuation Pause) 58M->47M(72M) 7.143ms
Dec 24 15:46:02 burnside uvmconsole: [3335677.373s][info][gc] GC(384688) Pause Young (Normal) (G1 Evacuation Pause) 58M->48M(72M) 7.543ms
Dec 24 15:46:20 burnside uvmconsole: [3335695.442s][info][gc] GC(384689) Pause Young (Normal) (G1 Evacuation Pause) 59M->48M(72M) 7.677ms
Dec 24 15:46:21 burnside uvmconsole: [3335696.198s][info][gc] GC(384690) Pause Young (Normal) (G1 Evacuation Pause) 59M->48M(72M) 7.505ms
Dec 24 15:46:22 burnside uvmconsole: [3335696.772s][info][gc] GC(384691) Pause Young (Normal) (G1 Evacuation Pause) 59M->48M(72M) 7.527ms
Dec 24 15:46:22 burnside uvmconsole: [3335697.292s][info][gc] GC(384692) Pause Young (Normal) (G1 Evacuation Pause) 59M->48M(72M) 6.051ms
Dec 24 15:46:23 burnside uvmconsole: [3335697.828s][info][gc] GC(384693) Pause Young (Normal) (G1 Evacuation Pause) 59M->48M(72M) 7.150ms
Dec 24 15:46:23 burnside uvmconsole: [3335698.359s][info][gc] GC(384694) Pause Young (Normal) (G1 Evacuation Pause) 59M->48M(72M) 6.925ms
Dec 24 15:46:27 burnside uvmconsole: [3335702.622s][info][gc] GC(384695) Pause Young (Normal) (G1 Evacuation Pause) 58M->48M(72M) 7.789ms
Dec 24 15:46:28 burnside uvmconsole: [3335703.045s][info][gc] GC(384696) Pause Young (Normal) (G1 Evacuation Pause) 58M->48M(72M) 7.063ms
Dec 24 15:46:51 burnside uvmconsole: [3335725.991s][info][gc] GC(384697) Pause Full (System.gc()) 55M->47M(72M) 312.704ms
Dec 24 15:47:03 burnside uvmconsole: [3335738.422s][info][gc] GC(384698) Pause Young (Normal) (G1 Evacuation Pause) 58M->47M(72M) 9.868ms
Dec 24 15:47:39 burnside uvmconsole: [3335773.765s][info][gc] GC(384699) Pause Young (Normal) (G1 Evacuation Pause) 58M->47M(72M) 6.771ms
Dec 24 15:48:04 burnside uvmconsole: [3335799.299s][info][gc] GC(384700) Pause Young (Normal) (G1 Evacuation Pause) 58M->47M(72M) 7.122ms
Dec 24 15:48:37 burnside uvmconsole: [3335832.691s][info][gc] GC(384701) Pause Young (Normal) (G1 Evacuation Pause) 58M->47M(72M) 6.593ms
Dec 24 15:49:05 burnside uvmconsole: [3335859.889s][info][gc] GC(384702) Pause Young (Normal) (G1 Evacuation Pause) 58M->47M(72M) 6.895ms
Dec 24 15:49:19 burnside uvmconsole: [3335874.346s][info][gc] GC(384703) Pause Young (Normal) (G1 Evacuation Pause) 58M->47M(72M) 7.138ms
Dec 24 15:49:59 burnside uvmconsole: [3335914.187s][info][gc] GC(384704) Pause Young (Normal) (G1 Evacuation Pause) 58M->47M(72M) 7.128ms
Dec 24 15:50:19 burnside uvmconsole: [3335934.220s][info][gc] GC(384705) Pause Young (Normal) (G1 Evacuation Pause) 58M->48M(72M) 8.149ms
Dec 24 15:50:29 burnside uvmconsole: [3335944.654s][info][gc] GC(384706) Pause Young (Normal) (G1 Evacuation Pause) 59M->47M(72M) 6.861ms
Dec 24 15:50:57 burnside uvmconsole: [3335972.622s][info][gc] GC(384707) Pause Young (Normal) (G1 Evacuation Pause) 58M->48M(72M) 7.067ms
Dec 24 15:51:27 burnside uvmconsole: [3336002.473s][info][gc] GC(384708) Pause Young (Normal) (G1 Evacuation Pause) 59M->47M(72M) 7.098ms
Dec 24 15:51:51 burnside uvmconsole: [3336025.997s][info][gc] GC(384709) Pause Full (System.gc()) 54M->47M(72M) 318.005ms
Dec 24 15:52:15 burnside uvmconsole: [3336050.177s][info][gc] GC(384710) Pause Young (Normal) (G1 Evacuation Pause) 58M->47M(72M) 6.135ms
Dec 24 15:52:53 burnside uvmconsole: [3336088.358s][info][gc] GC(384711) Pause Young (Normal) (G1 Evacuation Pause) 57M->47M(72M) 6.452ms
Dec 24 15:53:14 burnside uvmconsole: [3336109.543s][info][gc] GC(384712) Pause Young (Normal) (G1 Evacuation Pause) 57M->47M(72M) 6.289ms
Dec 24 15:53:52 burnside uvmconsole: [3336147.376s][info][gc] GC(384713) Pause Young (Normal) (G1 Evacuation Pause) 57M->47M(72M) 6.634ms
Dec 24 15:54:18 burnside uvmconsole: [3336173.594s][info][gc] GC(384714) Pause Young (Normal) (G1 Evacuation Pause) 57M->47M(72M) 6.728ms
Dec 24 15:54:44 burnside uvmconsole: [3336198.942s][info][gc] GC(384715) Pause Young (Normal) (G1 Evacuation Pause) 57M->47M(72M) 6.137ms
Dec 24 15:55:00 burnside uvmconsole: [3336214.793s][info][gc] GC(384716) Pause Young (Normal) (G1 Evacuation Pause) 57M->47M(72M) 9.042ms
Dec 24 15:55:34 burnside uvmconsole: [3336249.013s][info][gc] GC(384717) Pause Young (Normal) (G1 Evacuation Pause) 57M->47M(72M) 7.234ms
Dec 24 15:56:00 burnside uvmconsole: [3336275.683s][info][gc] GC(384718) Pause Young (Normal) (G1 Evacuation Pause) 57M->47M(72M) 6.545ms
Dec 24 15:56:43 burnside uvmconsole: [3336318.651s][info][gc] GC(384719) Pause Young (Normal) (G1 Evacuation Pause) 57M->47M(72M) 6.664ms
Dec 24 15:56:51 burnside uvmconsole: [3336325.994s][info][gc] GC(384720) Pause Full (System.gc()) 49M->47M(72M) 315.451ms
Dec 24 15:57:15 burnside uvmconsole: [3336350.342s][info][gc] GC(384721) Pause Young (Normal) (G1 Evacuation Pause) 58M->47M(72M) 6.383ms
Dec 24 15:57:55 burnside uvmconsole: [3336390.541s][info][gc] GC(384722) Pause Young (Normal) (G1 Evacuation Pause) 58M->47M(72M) 6.211ms
Dec 24 15:58:22 burnside uvmconsole: [3336417.242s][info][gc] GC(384723) Pause Young (Normal) (G1 Evacuation Pause) 58M->47M(72M) 6.575ms
Dec 24 15:59:02 burnside uvmconsole: [3336457.464s][info][gc] GC(384724) Pause Young (Normal) (G1 Evacuation Pause) 58M->47M(72M) 6.941ms
Dec 24 15:59:33 burnside uvmconsole: [3336488.639s][info][gc] GC(384725) Pause Young (Normal) (G1 Evacuation Pause) 58M->47M(72M) 6.260ms
Dec 24 15:59:59 burnside uvmconsole: [3336514.187s][info][gc] GC(384726) Pause Young (Normal) (G1 Evacuation Pause) 58M->47M(72M) 6.478ms
Dec 24 16:00:23 burnside uvmconsole: [3336538.653s][info][gc] GC(384727) Pause Young (Normal) (G1 Evacuation Pause) 58M->47M(72M) 6.487ms
Dec 24 16:01:03 burnside uvmconsole: [3336578.639s][info][gc] GC(384728) Pause Young (Normal) (G1 Evacuation Pause) 58M->47M(72M) 6.836ms
Dec 24 16:01:34 burnside uvmconsole: [3336609.290s][info][gc] GC(384729) Pause Young (Normal) (G1 Evacuation Pause) 58M->47M(72M) 7.156ms
Dec 24 16:01:51 burnside uvmconsole: [3336625.992s][info][gc] GC(384730) Pause Full (System.gc()) 51M->47M(72M) 313.473ms
Dec 24 16:02:16 burnside uvmconsole: [3336651.548s][info][gc] GC(384731) Pause Young (Normal) (G1 Evacuation Pause) 59M->47M(72M) 6.279ms
Dec 24 16:02:45 burnside uvmconsole: [3336680.134s][info][gc] GC(384732) Pause Young (Normal) (G1 Evacuation Pause) 58M->47M(72M) 6.154ms
Dec 24 16:03:05 burnside uvmconsole: [3336700.370s][info][gc] GC(384733) Pause Young (Normal) (G1 Evacuation Pause) 58M->48M(72M) 6.828ms
Dec 24 16:03:48 burnside uvmconsole: [3336743.097s][info][gc] GC(384734) Pause Young (Normal) (G1 Evacuation Pause) 58M->47M(72M) 6.502ms
Dec 24 16:04:09 burnside uvmconsole: [3336764.328s][info][gc] GC(384735) Pause Young (Normal) (G1 Evacuation Pause) 58M->47M(72M) 6.484ms
Dec 24 16:04:41 burnside uvmconsole: [3336796.232s][info][gc] GC(384736) Pause Young (Normal) (G1 Evacuation Pause) 58M->47M(72M) 6.950ms
Dec 24 16:05:10 burnside uvmconsole: [3336825.018s][info][gc] GC(384737) Pause Young (Normal) (G1 Evacuation Pause) 58M->47M(72M) 6.750ms
Dec 24 16:05:33 burnside uvmconsole: [3336848.651s][info][gc] GC(384738) Pause Young (Normal) (G1 Evacuation Pause) 58M->47M(72M) 6.464ms
Dec 24 16:06:07 burnside uvmconsole: [3336882.615s][info][gc] GC(384739) Pause Young (Normal) (G1 Evacuation Pause) 58M->47M(72M) 6.832ms
Dec 24 16:06:46 burnside uvmconsole: [3336921.166s][info][gc] GC(384740) Pause Young (Normal) (G1 Evacuation Pause) 58M->47M(72M) 6.219ms
Dec 24 16:06:51 burnside uvmconsole: [3336925.996s][info][gc] GC(384741) Pause Full (System.gc()) 50M->47M(72M) 316.998ms
Dec 24 16:07:22 burnside uvmconsole: [3336956.798s][info][gc] GC(384742) Pause Young (Normal) (G1 Evacuation Pause) 59M->47M(72M) 6.405ms
Dec 24 16:07:59 burnside uvmconsole: [3336994.188s][info][gc] GC(384743) Pause Young (Normal) (G1 Evacuation Pause) 58M->47M(72M) 6.614ms
Dec 24 16:08:22 burnside uvmconsole: [3337017.420s][info][gc] GC(384744) Pause Young (Normal) (G1 Evacuation Pause) 58M->47M(72M) 6.201ms
Dec 24 16:09:07 burnside uvmconsole: [3337062.515s][info][gc] GC(384745) Pause Young (Normal) (G1 Evacuation Pause) 58M->47M(72M) 6.414ms
Dec 24 16:09:23 burnside uvmconsole: [3337078.640s][info][gc] GC(384746) Pause Young (Normal) (G1 Evacuation Pause) 58M->47M(72M) 8.415ms
Dec 24 16:09:59 burnside uvmconsole: [3337114.187s][info][gc] GC(384747) Pause Young (Normal) (G1 Evacuation Pause) 58M->47M(72M) 6.575ms
Dec 24 16:10:24 burnside uvmconsole: [3337138.940s][info][gc] GC(384748) Pause Young (Normal) (G1 Evacuation Pause) 58M->47M(72M) 7.386ms
Dec 24 16:10:58 burnside uvmconsole: [3337173.297s][info][gc] GC(384749) Pause Young (Normal) (G1 Evacuation Pause) 58M->47M(72M) 6.421ms
Dec 24 16:11:23 burnside uvmconsole: [3337198.654s][info][gc] GC(384750) Pause Young (Normal) (G1 Evacuation Pause) 58M->47M(72M) 6.889ms
Dec 24 16:11:51 burnside uvmconsole: [3337225.991s][info][gc] GC(384751) Pause Full (System.gc()) 54M->47M(72M) 312.530ms
Dec 24 16:11:58 burnside uvmconsole: 12-24 16:11:58.238910| ERROR:./libnetcap/src/netcap_tcp_srv_complete.c:251:CRITICAL ERROR: connect: Cannot assign requested address : (24.222.11.62:26326 -> 173.199.15.254:443)
Dec 24 16:11:58 burnside uvmconsole: 12-24 16:11:58.239018| ERROR:./libnetcap/src/netcap_tcp_srv_complete.c:119:WARNING: _srv_start_connection
Dec 24 16:12:23 burnside uvmconsole: [3337257.858s][info][gc] GC(384752) Pause Young (Normal) (G1 Evacuation Pause) 59M->47M(72M) 5.956ms
Dec 24 16:12:55 burnside uvmconsole: [3337290.516s][info][gc] GC(384753) Pause Young (Normal) (G1 Evacuation Pause) 58M->47M(72M) 6.122ms
Dec 24 16:13:28 burnside uvmconsole: [3337323.370s][info][gc] GC(384754) Pause Young (Normal) (G1 Evacuation Pause) 58M->47M(72M) 6.384ms
Dec 24 16:14:03 burnside uvmconsole: [3337358.081s][info][gc] GC(384755) Pause Young (Normal) (G1 Evacuation Pause) 58M->47M(72M) 7.270ms
Dec 24 16:14:35 burnside uvmconsole: [3337390.439s][info][gc] GC(384756) Pause Young (Normal) (G1 Evacuation Pause) 58M->47M(72M) 7.002ms
Dec 24 16:15:04 burnside uvmconsole: [3337418.761s][info][gc] GC(384757) Pause Young (Normal) (G1 Evacuation Pause) 58M->47M(72M) 7.724ms
Dec 24 16:15:41 burnside uvmconsole: [3337456.290s][info][gc] GC(384758) Pause Young (Normal) (G1 Evacuation Pause) 58M->47M(72M) 7.170ms
Dec 24 16:16:05 burnside uvmconsole: [3337479.767s][info][gc] GC(384759) Pause Young (Normal) (G1 Evacuation Pause) 58M->47M(72M) 7.923ms
Dec 24 16:16:48 burnside uvmconsole: [3337522.848s][info][gc] GC(384760) Pause Young (Normal) (G1 Evacuation Pause) 58M->47M(72M) 8.404ms
Dec 24 16:16:51 burnside uvmconsole: [3337525.987s][info][gc] GC(384761) Pause Full (System.gc()) 48M->47M(70M) 307.997ms
Dec 24 16:17:18 burnside uvmconsole: [3337552.941s][info][gc] GC(384762) Pause Young (Normal) (G1 Evacuation Pause) 59M->47M(70M) 6.485ms
Dec 24 16:18:03 burnside uvmconsole: [3337598.250s][info][gc] GC(384763) Pause Young (Normal) (G1 Evacuation Pause) 58M->47M(70M) 5.994ms
Dec 24 16:18:42 burnside uvmconsole: [3337637.407s][info][gc] GC(384764) Pause Young (Normal) (G1 Evacuation Pause) 58M->47M(70M) 6.085ms
Dec 24 16:19:11 burnside uvmconsole: [3337666.016s][info][gc] GC(384765) Pause Young (Normal) (G1 Evacuation Pause) 58M->47M(70M) 6.209ms
Dec 24 16:19:47 burnside uvmconsole: [3337701.906s][info][gc] GC(384766) Pause Young (Normal) (G1 Evacuation Pause) 58M->47M(70M) 5.965ms
Dec 24 16:20:17 burnside uvmconsole: [3337732.374s][info][gc] GC(384767) Pause Young (Normal) (G1 Evacuation Pause) 58M->47M(70M) 6.661ms
Dec 24 16:20:47 burnside uvmconsole: [3337762.144s][info][gc] GC(384768) Pause Young (Normal) (G1 Evacuation Pause) 58M->47M(70M) 6.257ms
Dec 24 16:21:13 burnside uvmconsole: [3337788.654s][info][gc] GC(384769) Pause Young (Normal) (G1 Evacuation Pause) 58M->47M(70M) 6.532ms
Dec 24 16:21:51 burnside uvmconsole: [3337825.993s][info][gc] GC(384770) Pause Full (System.gc()) 58M->47M(70M) 314.587ms
Dec 24 16:22:08 burnside uvmconsole: [3337842.966s][info][gc] GC(384771) Pause Young (Normal) (G1 Evacuation Pause) 58M->47M(70M) 6.521ms
Dec 24 16:22:32 burnside uvmconsole: [3337867.275s][info][gc] GC(384772) Pause Young (Normal) (G1 Evacuation Pause) 58M->47M(70M) 5.949ms
Dec 24 16:23:04 burnside uvmconsole: [3337899.367s][info][gc] GC(384773) Pause Young (Normal) (G1 Evacuation Pause) 58M->47M(70M) 7.495ms
Dec 24 16:23:30 burnside uvmconsole: [3337925.104s][info][gc] GC(384774) Pause Young (Normal) (G1 Evacuation Pause) 57M->47M(70M) 6.852ms
Dec 24 16:24:00 burnside uvmconsole: [3337955.420s][info][gc] GC(384775) Pause Young (Normal) (G1 Evacuation Pause) 57M->47M(70M) 7.197ms
Dec 24 16:24:26 burnside uvmconsole: [3337981.720s][info][gc] GC(384776) Pause Young (Normal) (G1 Evacuation Pause) 57M->47M(70M) 6.543ms
Dec 24 16:24:50 burnside uvmconsole: [3338005.626s][info][gc] GC(384777) Pause Young (Normal) (G1 Evacuation Pause) 57M->48M(70M) 7.281ms
Dec 24 16:25:20 burnside uvmconsole: [3338035.372s][info][gc] GC(384778) Pause Young (Normal) (G1 Evacuation Pause) 58M->48M(70M) 7.048ms
Dec 24 16:25:59 burnside uvmconsole: [3338074.557s][info][gc] GC(384779) Pause Young (Normal) (G1 Evacuation Pause) 58M->48M(70M) 6.976ms
Dec 24 16:26:16 burnside uvmconsole: [3338091.334s][info][gc] GC(384780) Pause Young (Normal) (G1 Evacuation Pause) 58M->47M(70M) 6.657ms
Dec 24 16:26:46 burnside uvmconsole: [3338121.370s][info][gc] GC(384781) Pause Young (Normal) (G1 Evacuation Pause) 57M->48M(70M) 6.876ms
Dec 24 16:26:51 burnside uvmconsole: [3338125.995s][info][gc] GC(384782) Pause Full (System.gc()) 49M->47M(70M) 315.770ms
Dec 24 16:27:02 burnside uvmconsole: [3338137.095s][info][gc] GC(384783) Pause Young (Normal) (G1 Evacuation Pause) 57M->47M(70M) 8.029ms
Dec 24 16:27:20 burnside uvmconsole: [3338155.021s][info][gc] GC(384784) Pause Young (Normal) (G1 Evacuation Pause) 56M->47M(70M) 5.763ms
Dec 24 16:27:56 burnside uvmconsole: [3338191.092s][info][gc] GC(384785) Pause Young (Normal) (G1 Evacuation Pause) 56M->47M(70M) 6.308ms
Dec 24 16:28:22 burnside uvmconsole: [3338217.555s][info][gc] GC(384786) Pause Young (Normal) (G1 Evacuation Pause) 56M->47M(70M) 6.403ms
Dec 24 16:29:02 burnside uvmconsole: [3338257.135s][info][gc] GC(384787) Pause Young (Normal) (G1 Evacuation Pause) 56M->47M(70M) 6.507ms
Dec 24 16:29:16 burnside uvmconsole: [3338271.682s][info][gc] GC(384788) Pause Young (Normal) (G1 Evacuation Pause) 56M->47M(70M) 5.850ms
Dec 24 16:29:52 burnside uvmconsole: [3338307.616s][info][gc] GC(384789) Pause Young (Normal) (G1 Evacuation Pause) 56M->47M(70M) 6.041ms
Dec 24 16:30:04 burnside uvmconsole: [3338319.198s][info][gc] GC(384790) Pause Young (Normal) (G1 Evacuation Pause) 56M->47M(70M) 6.351ms
Dec 24 16:30:29 burnside uvmconsole: [3338344.740s][info][gc] GC(384791) Pause Young (Normal) (G1 Evacuation Pause) 56M->47M(70M) 5.982ms
Dec 24 16:30:59 burnside uvmconsole: [3338374.186s][info][gc] GC(384792) Pause Young (Normal) (G1 Evacuation Pause) 56M->47M(70M) 6.279ms
Dec 24 16:31:24 burnside uvmconsole: [3338399.619s][info][gc] GC(384793) Pause Young (Normal) (G1 Evacuation Pause) 56M->47M(70M) 6.506ms
Dec 24 16:31:51 burnside uvmconsole: [3338425.989s][info][gc] GC(384794) Pause Full (System.gc()) 56M->47M(70M) 310.786ms
Dec 24 16:32:10 burnside uvmconsole: [3338445.025s][info][gc] GC(384795) Pause Young (Normal) (G1 Evacuation Pause) 58M->47M(70M) 6.063ms
Dec 24 16:32:51 burnside uvmconsole: [3338486.461s][info][gc] GC(384796) Pause Young (Normal) (G1 Evacuation Pause) 57M->47M(70M) 6.295ms
Dec 24 16:33:14 burnside uvmconsole: [3338509.733s][info][gc] GC(384797) Pause Young (Normal) (G1 Evacuation Pause) 57M->47M(70M) 6.300ms
Dec 24 16:33:53 burnside uvmconsole: [3338548.655s][info][gc] GC(384798) Pause Young (Normal) (G1 Evacuation Pause) 57M->47M(70M) 6.501ms
Dec 24 16:34:12 burnside uvmconsole: [3338567.003s][info][gc] GC(384799) Pause Young (Normal) (G1 Evacuation Pause) 57M->47M(70M) 6.553ms
Dec 24 16:34:43 burnside uvmconsole: [3338598.650s][info][gc] GC(384800) Pause Young (Normal) (G1 Evacuation Pause) 57M->47M(70M) 6.428ms
Dec 24 16:35:13 burnside uvmconsole: [3338628.653s][info][gc] GC(384801) Pause Young (Normal) (G1 Evacuation Pause) 57M->47M(70M) 7.035ms
Dec 24 16:35:54 burnside uvmconsole: [3338669.637s][info][gc] GC(384802) Pause Young (Normal) (G1 Evacuation Pause) 57M->47M(70M) 6.468ms
Dec 24 16:36:08 burnside uvmconsole: [3338683.243s][info][gc] GC(384803) Pause Young (Normal) (G1 Evacuation Pause) 57M->47M(70M) 6.507ms
Dec 24 16:36:38 burnside uvmconsole: [3338713.277s][info][gc] GC(384804) Pause Young (Normal) (G1 Evacuation Pause) 57M->47M(70M) 5.803ms
Dec 24 16:36:51 burnside uvmconsole: [3338725.989s][info][gc] GC(384805) Pause Full (System.gc()) 52M->47M(70M) 310.734ms
Dec 24 16:37:09 burnside uvmconsole: [3338743.940s][info][gc] GC(384806) Pause Young (Normal) (G1 Evacuation Pause) 58M->47M(70M) 6.397ms
Dec 24 16:37:44 burnside uvmconsole: [3338779.013s][info][gc] GC(384807) Pause Young (Normal) (G1 Evacuation Pause) 57M->47M(70M) 6.184ms
Dec 24 16:38:17 burnside uvmconsole: [3338812.463s][info][gc] GC(384808) Pause Young (Normal) (G1 Evacuation Pause) 57M->47M(70M) 6.443ms
Dec 24 16:38:46 burnside uvmconsole: [3338841.314s][info][gc] GC(384809) Pause Young (Normal) (G1 Evacuation Pause) 57M->47M(70M) 6.606ms
Dec 24 16:39:10 burnside uvmconsole: [3338865.418s][info][gc] GC(384810) Pause Young (Normal) (G1 Evacuation Pause) 57M->47M(70M) 6.804ms
Dec 24 16:39:25 burnside uvmconsole: [3338880.715s][info][gc] GC(384811) Pause Young (Normal) (G1 Evacuation Pause) 57M->47M(70M) 7.032ms
Dec 24 16:39:55 burnside uvmconsole: [3338910.439s][info][gc] GC(384812) Pause Young (Normal) (G1 Evacuation Pause) 57M->47M(70M) 6.764ms
Dec 24 16:40:11 burnside uvmconsole: [3338926.392s][info][gc] GC(384813) Pause Young (Normal) (G1 Evacuation Pause) 57M->47M(70M) 11.549ms
Dec 24 16:40:48 burnside uvmconsole: [3338963.023s][info][gc] GC(384814) Pause Young (Normal) (G1 Evacuation Pause) 57M->47M(70M) 8.546ms
Dec 24 16:40:50 burnside uvmconsole: [3338965.078s][info][gc] GC(384815) Pause Young (Normal) (G1 Evacuation Pause) 57M->47M(70M) 7.671ms
Dec 24 16:40:50 burnside uvmconsole: [3338965.480s][info][gc] GC(384816) Pause Young (Normal) (G1 Evacuation Pause) 57M->47M(70M) 6.167ms
Dec 24 16:41:02 burnside uvmconsole: [3338976.859s][info][gc] GC(384817) Pause Young (Normal) (G1 Evacuation Pause) 57M->47M(70M) 7.118ms
Dec 24 16:41:29 burnside uvmconsole: [3339004.444s][info][gc] GC(384818) Pause Young (Normal) (G1 Evacuation Pause) 57M->47M(70M) 6.741ms
Dec 24 16:41:51 burnside uvmconsole: [3339025.996s][info][gc] GC(384819) Pause Full (System.gc()) 56M->47M(70M) 317.510ms
Dec 24 16:42:03 burnside uvmconsole: [3339038.651s][info][gc] GC(384820) Pause Young (Normal) (G1 Evacuation Pause) 57M->47M(70M) 6.214ms
Dec 24 16:42:29 burnside uvmconsole: [3339064.143s][info][gc] GC(384821) Pause Young (Normal) (G1 Evacuation Pause) 57M->47M(70M) 5.846ms
Dec 24 16:43:00 burnside uvmconsole: [3339095.214s][info][gc] GC(384822) Pause Young (Normal) (G1 Evacuation Pause) 57M->47M(70M) 7.113ms
Dec 24 16:43:33 burnside uvmconsole: [3339128.115s][info][gc] GC(384823) Pause Young (Normal) (G1 Evacuation Pause) 57M->47M(70M) 6.396ms
Dec 24 16:44:07 burnside uvmconsole: [3339162.331s][info][gc] GC(384824) Pause Young (Normal) (G1 Evacuation Pause) 57M->47M(70M) 6.323ms
Dec 24 16:44:22 burnside uvmconsole: [3339177.439s][info][gc] GC(384825) Pause Young (Normal) (G1 Evacuation Pause) 57M->47M(70M) 5.943ms
Dec 24 16:44:53 burnside uvmconsole: [3339208.025s][info][gc] GC(384826) Pause Young (Normal) (G1 Evacuation Pause) 57M->47M(70M) 5.945ms
Dec 24 16:45:13 burnside uvmconsole: [3339228.650s][info][gc] GC(384827) Pause Young (Normal) (G1 Evacuation Pause) 57M->47M(70M) 6.260ms
Dec 24 16:45:38 burnside uvmconsole: [3339253.380s][info][gc] GC(384828) Pause Young (Normal) (G1 Evacuation Pause) 57M->47M(70M) 6.707ms
Dec 24 16:46:05 burnside uvmconsole: [3339280.533s][info][gc] GC(384829) Pause Young (Normal) (G1 Evacuation Pause) 57M->48M(70M) 8.076ms
Dec 24 16:46:36 burnside uvmconsole: [3339310.779s][info][gc] GC(384830) Pause Young (Normal) (G1 Evacuation Pause) 58M->47M(70M) 6.624ms
Dec 24 16:46:51 burnside uvmconsole: [3339325.987s][info][gc] GC(384831) Pause Full (System.gc()) 51M->47M(70M) 308.489ms
Dec 24 16:47:12 burnside uvmconsole: [3339347.613s][info][gc] GC(384832) Pause Young (Normal) (G1 Evacuation Pause) 58M->47M(70M) 5.785ms
Dec 24 16:47:53 burnside uvmconsole: [3339388.639s][info][gc] GC(384833) Pause Young (Normal) (G1 Evacuation Pause) 57M->47M(70M) 5.978ms
Dec 24 16:48:14 burnside uvmconsole: [3339409.695s][info][gc] GC(384834) Pause Young (Normal) (G1 Evacuation Pause) 57M->47M(70M) 6.179ms
Dec 24 16:48:59 burnside uvmconsole: [3339454.427s][info][gc] GC(384835) Pause Young (Normal) (G1 Evacuation Pause) 57M->47M(70M) 6.280ms
Dec 24 16:49:12 burnside uvmconsole: [3339467.176s][info][gc] GC(384836) Pause Young (Normal) (G1 Evacuation Pause) 57M->47M(70M) 6.650ms
Dec 24 16:49:38 burnside uvmconsole: [3339493.107s][info][gc] GC(384837) Pause Young (Normal) (G1 Evacuation Pause) 57M->47M(70M) 7.004ms
Dec 24 16:50:08 burnside uvmconsole: [3339523.279s][info][gc] GC(384838) Pause Young (Normal) (G1 Evacuation Pause) 57M->47M(70M) 7.019ms
Dec 24 16:50:39 burnside uvmconsole: [3339553.811s][info][gc] GC(384839) Pause Young (Normal) (G1 Evacuation Pause) 57M->47M(70M) 6.999ms
Dec 24 16:51:09 burnside uvmconsole: [3339584.009s][info][gc] GC(384840) Pause Young (Normal) (G1 Evacuation Pause) 57M->48M(70M) 7.196ms
Dec 24 16:51:43 burnside uvmconsole: [3339618.132s][info][gc] GC(384841) Pause Young (Normal) (G1 Evacuation Pause) 58M->47M(70M) 6.035ms
Dec 24 16:51:51 burnside uvmconsole: [3339625.991s][info][gc] GC(384842) Pause Full (System.gc()) 50M->47M(70M) 311.741ms
Dec 24 16:52:15 burnside uvmconsole: [3339649.827s][info][gc] GC(384843) Pause Young (Normal) (G1 Evacuation Pause) 58M->47M(70M) 6.685ms
Dec 24 16:52:40 burnside uvmconsole: [3339675.336s][info][gc] GC(384844) Pause Young (Normal) (G1 Evacuation Pause) 57M->47M(70M) 6.158ms
Dec 24 16:53:07 burnside uvmconsole: [3339702.301s][info][gc] GC(384845) Pause Young (Normal) (G1 Evacuation Pause) 57M->47M(70M) 6.411ms
Dec 24 16:53:46 burnside uvmconsole: [3339741.150s][info][gc] GC(384846) Pause Young (Normal) (G1 Evacuation Pause) 57M->47M(70M) 6.470ms
Dec 24 16:54:11 burnside uvmconsole: [3339766.282s][info][gc] GC(384847) Pause Young (Normal) (G1 Evacuation Pause) 57M->47M(70M) 6.704ms
Dec 24 16:54:39 burnside uvmconsole: [3339794.386s][info][gc] GC(384848) Pause Young (Normal) (G1 Evacuation Pause) 57M->47M(70M) 6.400ms
Dec 24 16:55:02 burnside uvmconsole: [3339816.966s][info][gc] GC(384849) Pause Young (Normal) (G1 Evacuation Pause) 57M->48M(70M) 10.123ms
Dec 24 16:55:34 burnside uvmconsole: [3339849.564s][info][gc] GC(384850) Pause Young (Normal) (G1 Evacuation Pause) 58M->47M(70M) 7.156ms
Dec 24 16:56:02 burnside uvmconsole: [3339877.440s][info][gc] GC(384851) Pause Young (Normal) (G1 Evacuation Pause) 57M->48M(70M) 8.086ms
Dec 24 16:56:41 burnside uvmconsole: [3339915.881s][info][gc] GC(384852) Pause Young (Normal) (G1 Evacuation Pause) 58M->47M(70M) 6.861ms
Dec 24 16:56:51 burnside uvmconsole: [3339925.997s][info][gc] GC(384853) Pause Full (System.gc()) 52M->47M(70M) 319.112ms
Dec 24 16:57:13 burnside uvmconsole: [3339948.637s][info][gc] GC(384854) Pause Young (Normal) (G1 Evacuation Pause) 58M->47M(70M) 6.097ms
Dec 24 16:57:54 burnside uvmconsole: [3339988.793s][info][gc] GC(384855) Pause Young (Normal) (G1 Evacuation Pause) 57M->47M(70M) 7.235ms
Dec 24 16:58:30 burnside uvmconsole: [3340024.767s][info][gc] GC(384856) Pause Young (Normal) (G1 Evacuation Pause) 58M->47M(70M) 6.963ms
Dec 24 16:59:04 burnside uvmconsole: [3340059.669s][info][gc] GC(384857) Pause Young (Normal) (G1 Evacuation Pause) 58M->47M(70M) 7.325ms
Dec 24 16:59:42 burnside uvmconsole: [3340097.279s][info][gc] GC(384858) Pause Young (Normal) (G1 Evacuation Pause) 58M->47M(70M) 6.154ms
Dec 24 17:00:05 burnside uvmconsole: [3340120.149s][info][gc] GC(384859) Pause Young (Normal) (G1 Evacuation Pause) 58M->47M(70M) 6.518ms
Dec 24 17:00:38 burnside uvmconsole: [3340152.989s][info][gc] GC(384860) Pause Young (Normal) (G1 Evacuation Pause) 58M->47M(70M) 6.412ms
Dec 24 17:01:06 burnside uvmconsole: [3340180.890s][info][gc] GC(384861) Pause Young (Normal) (G1 Evacuation Pause) 58M->48M(70M) 7.113ms
Dec 24 17:01:46 burnside uvmconsole: [3340221.387s][info][gc] GC(384862) Pause Young (Normal) (G1 Evacuation Pause) 59M->47M(70M) 6.790ms
Dec 24 17:01:51 burnside uvmconsole: [3340225.989s][info][gc] GC(384863) Pause Full (System.gc()) 49M->47M(70M) 310.009ms
Dec 24 17:02:23 burnside uvmconsole: [3340258.637s][info][gc] GC(384864) Pause Young (Normal) (G1 Evacuation Pause) 59M->47M(70M) 5.989ms
Dec 24 17:02:59 burnside uvmconsole: [3340294.186s][info][gc] GC(384865) Pause Young (Normal) (G1 Evacuation Pause) 58M->47M(70M) 5.708ms
Dec 24 17:03:31 burnside uvmconsole: [3340326.428s][info][gc] GC(384866) Pause Young (Normal) (G1 Evacuation Pause) 58M->47M(70M) 6.973ms
Dec 24 17:04:08 burnside uvmconsole: [3340362.850s][info][gc] GC(384867) Pause Young (Normal) (G1 Evacuation Pause) 58M->47M(70M) 6.978ms
Dec 24 17:04:38 burnside uvmconsole: [3340393.367s][info][gc] GC(384868) Pause Young (Normal) (G1 Evacuation Pause) 58M->47M(70M) 10.112ms
Dec 24 17:05:18 burnside uvmconsole: [3340433.394s][info][gc] GC(384869) Pause Young (Normal) (G1 Evacuation Pause) 58M->47M(70M) 7.258ms
Dec 24 17:05:45 burnside uvmconsole: [3340459.783s][info][gc] GC(384870) Pause Young (Normal) (G1 Evacuation Pause) 58M->47M(70M) 6.102ms
Dec 24 17:06:13 burnside uvmconsole: [3340488.651s][info][gc] GC(384871) Pause Young (Normal) (G1 Evacuation Pause) 58M->47M(70M) 6.382ms
Dec 24 17:06:51 burnside uvmconsole: [3340525.998s][info][gc] GC(384872) Pause Full (System.gc()) 57M->47M(70M) 319.617ms
Dec 24 17:07:13 burnside uvmconsole: [3340547.858s][info][gc] GC(384873) Pause Young (Normal) (G1 Evacuation Pause) 58M->47M(70M) 6.316ms
Dec 24 17:07:59 burnside uvmconsole: [3340594.186s][info][gc] GC(384874) Pause Young (Normal) (G1 Evacuation Pause) 58M->47M(70M) 6.430ms
Dec 24 17:08:11 burnside uvmconsole: [3340605.869s][info][gc] GC(384875) Pause Young (Normal) (G1 Evacuation Pause) 58M->47M(70M) 6.715ms
Dec 24 17:08:46 burnside uvmconsole: [3340641.456s][info][gc] GC(384876) Pause Young (Normal) (G1 Evacuation Pause) 57M->47M(70M) 6.399ms
Dec 24 17:09:11 burnside uvmconsole: [3340666.526s][info][gc] GC(384877) Pause Young (Normal) (G1 Evacuation Pause) 57M->47M(70M) 6.576ms
Dec 24 17:09:50 burnside uvmconsole: [3340705.327s][info][gc] GC(384878) Pause Young (Normal) (G1 Evacuation Pause) 57M->47M(70M) 6.384ms
Dec 24 17:10:15 burnside uvmconsole: [3340730.357s][info][gc] GC(384879) Pause Young (Normal) (G1 Evacuation Pause) 57M->47M(70M) 6.848ms
Dec 24 17:10:41 burnside uvmconsole: [3340756.313s][info][gc] GC(384880) Pause Young (Normal) (G1 Evacuation Pause) 57M->47M(70M) 6.703ms
Dec 24 17:11:02 burnside uvmconsole: [3340777.598s][info][gc] GC(384881) Pause Young (Normal) (G1 Evacuation Pause) 57M->47M(70M) 7.251ms
Dec 24 17:11:40 burnside uvmconsole: [3340814.937s][info][gc] GC(384882) Pause Young (Normal) (G1 Evacuation Pause) 57M->47M(70M) 6.565ms
Dec 24 17:11:51 burnside uvmconsole: [3340825.992s][info][gc] GC(384883) Pause Full (System.gc()) 51M->47M(70M) 313.422ms
Dec 24 17:12:03 burnside uvmconsole: [3340838.331s][info][gc] GC(384884) Pause Young (Normal) (G1 Evacuation Pause) 58M->48M(70M) 7.948ms
Dec 24 17:12:34 burnside uvmconsole: [3340869.730s][info][gc] GC(384885) Pause Young (Normal) (G1 Evacuation Pause) 58M->47M(70M) 6.162ms
Dec 24 17:13:04 burnside uvmconsole: [3340899.054s][info][gc] GC(384886) Pause Young (Normal) (G1 Evacuation Pause) 57M->47M(70M) 7.188ms
Dec 24 17:13:35 burnside uvmconsole: [3340929.887s][info][gc] GC(384887) Pause Young (Normal) (G1 Evacuation Pause) 57M->47M(70M) 6.595ms
Dec 24 17:14:05 burnside uvmconsole: [3340959.814s][info][gc] GC(384888) Pause Young (Normal) (G1 Evacuation Pause) 57M->47M(70M) 7.575ms
Dec 24 17:14:23 burnside uvmconsole: [3340978.655s][info][gc] GC(384889) Pause Young (Normal) (G1 Evacuation Pause) 57M->48M(70M) 7.109ms
Dec 24 17:14:56 burnside uvmconsole: [3341011.025s][info][gc] GC(384890) Pause Young (Normal) (G1 Evacuation Pause) 58M->48M(70M) 7.431ms
Dec 24 17:15:23 burnside uvmconsole: [3341038.172s][info][gc] GC(384891) Pause Young (Normal) (G1 Evacuation Pause) 58M->48M(70M) 7.536ms
Dec 24 17:15:54 burnside uvmconsole: [3341069.695s][info][gc] GC(384892) Pause Young (Normal) (G1 Evacuation Pause) 58M->47M(70M) 7.075ms
Dec 24 17:16:17 burnside uvmconsole: [3341091.764s][info][gc] GC(384893) Pause Young (Normal) (G1 Evacuation Pause) 57M->47M(70M) 7.814ms
Dec 24 17:16:51 burnside uvmconsole: [3341125.993s][info][gc] GC(384894) Pause Full (System.gc()) 56M->47M(70M) 313.812ms
Dec 24 17:17:15 burnside uvmconsole: [3341150.604s][info][gc] GC(384895) Pause Young (Normal) (G1 Evacuation Pause) 57M->47M(70M) 5.985ms
Dec 24 17:17:57 burnside uvmconsole: [3341192.613s][info][gc] GC(384896) Pause Young (Normal) (G1 Evacuation Pause) 56M->47M(70M) 5.986ms
Dec 24 17:18:27 burnside uvmconsole: [3341222.354s][info][gc] GC(384897) Pause Young (Normal) (G1 Evacuation Pause) 56M->47M(70M) 5.865ms
Dec 24 17:19:02 burnside uvmconsole: [3341257.511s][info][gc] GC(384898) Pause Young (Normal) (G1 Evacuation Pause) 56M->47M(70M) 6.271ms
Dec 24 17:19:13 burnside uvmconsole: [3341268.652s][info][gc] GC(384899) Pause Young (Normal) (G1 Evacuation Pause) 56M->47M(70M) 6.678ms
Dec 24 17:19:42 burnside uvmconsole: [3341297.495s][info][gc] GC(384900) Pause Young (Normal) (G1 Evacuation Pause) 56M->47M(70M) 6.655ms
Dec 24 17:20:09 burnside uvmconsole: [3341324.032s][info][gc] GC(384901) Pause Young (Normal) (G1 Evacuation Pause) 56M->47M(70M) 7.907ms
Dec 24 17:20:24 burnside uvmconsole: [3341339.084s][info][gc] GC(384902) Pause Young (Normal) (G1 Evacuation Pause) 56M->47M(70M) 7.711ms
Dec 24 17:20:50 burnside uvmconsole: [3341365.114s][info][gc] GC(384903) Pause Young (Normal) (G1 Evacuation Pause) 56M->47M(70M) 7.265ms
Dec 24 17:21:10 burnside uvmconsole: [3341384.854s][info][gc] GC(384904) Pause Young (Normal) (G1 Evacuation Pause) 56M->48M(70M) 7.092ms
Dec 24 17:21:48 burnside uvmconsole: [3341422.959s][info][gc] GC(384905) Pause Young (Normal) (G1 Evacuation Pause) 57M->47M(70M) 6.534ms
Dec 24 17:21:51 burnside uvmconsole: [3341426.004s][info][gc] GC(384906) Pause Full (System.gc()) 49M->47M(70M) 325.274ms
Dec 24 17:22:06 burnside uvmconsole: [3341440.790s][info][gc] GC(384907) Pause Young (Normal) (G1 Evacuation Pause) 57M->47M(70M) 6.815ms
Dec 24 17:22:36 burnside uvmconsole: [3341470.801s][info][gc] GC(384908) Pause Young (Normal) (G1 Evacuation Pause) 57M->47M(70M) 6.361ms
Dec 24 17:23:01 burnside uvmconsole: [3341496.171s][info][gc] GC(384909) Pause Young (Normal) (G1 Evacuation Pause) 57M->47M(70M) 7.376ms
Dec 24 17:23:37 burnside uvmconsole: [3341532.556s][info][gc] GC(384910) Pause Young (Normal) (G1 Evacuation Pause) 57M->47M(70M) 6.947ms
Dec 24 17:24:05 burnside uvmconsole: [3341560.415s][info][gc] GC(384911) Pause Young (Normal) (G1 Evacuation Pause) 57M->47M(70M) 7.190ms
Dec 24 17:24:34 burnside uvmconsole: [3341589.628s][info][gc] GC(384912) Pause Young (Normal) (G1 Evacuation Pause) 57M->47M(70M) 6.861ms
Dec 24 17:25:02 burnside uvmconsole: [3341617.706s][info][gc] GC(384913) Pause Young (Normal) (G1 Evacuation Pause) 57M->47M(70M) 7.004ms
Dec 24 17:25:43 burnside uvmconsole: [3341658.652s][info][gc] GC(384914) Pause Young (Normal) (G1 Evacuation Pause) 57M->47M(70M) 6.827ms
Dec 24 17:26:03 burnside uvmconsole: [3341678.655s][info][gc] GC(384915) Pause Young (Normal) (G1 Evacuation Pause) 57M->47M(70M) 9.191ms
Dec 24 17:26:29 burnside uvmconsole: [3341704.356s][info][gc] GC(384916) Pause Young (Normal) (G1 Evacuation Pause) 57M->47M(70M) 6.409ms
Dec 24 17:26:51 burnside uvmconsole: [3341725.991s][info][gc] GC(384917) Pause Full (System.gc()) 54M->47M(70M) 312.292ms
Dec 24 17:27:09 burnside uvmconsole: [3341744.195s][info][gc] GC(384918) Pause Young (Normal) (G1 Evacuation Pause) 58M->47M(70M) 6.149ms
Dec 24 17:27:45 burnside uvmconsole: [3341780.111s][info][gc] GC(384919) Pause Young (Normal) (G1 Evacuation Pause) 57M->47M(70M) 6.122ms
Dec 24 17:28:13 burnside uvmconsole: [3341808.637s][info][gc] GC(384920) Pause Young (Normal) (G1 Evacuation Pause) 57M->47M(70M) 6.126ms
Dec 24 17:29:00 burnside uvmconsole: [3341855.339s][info][gc] GC(384921) Pause Young (Normal) (G1 Evacuation Pause) 57M->47M(70M) 6.616ms
Dec 24 17:29:22 burnside uvmconsole: [3341877.457s][info][gc] GC(384922) Pause Young (Normal) (G1 Evacuation Pause) 57M->47M(70M) 6.547ms
Dec 24 17:29:54 burnside uvmconsole: [3341909.083s][info][gc] GC(384923) Pause Young (Normal) (G1 Evacuation Pause) 57M->47M(70M) 6.449ms
Dec 24 17:30:06 burnside uvmconsole: [3341921.163s][info][gc] GC(384924) Pause Young (Normal) (G1 Evacuation Pause) 57M->47M(70M) 6.413ms
Dec 24 17:30:46 burnside uvmconsole: [3341961.653s][info][gc] GC(384925) Pause Young (Normal) (G1 Evacuation Pause) 57M->47M(70M) 6.691ms
Dec 24 17:31:07 burnside uvmconsole: [3341981.869s][info][gc] GC(384926) Pause Young (Normal) (G1 Evacuation Pause) 57M->48M(70M) 6.995ms
Dec 24 17:31:40 burnside uvmconsole: [3342015.434s][info][gc] GC(384927) Pause Young (Normal) (G1 Evacuation Pause) 58M->47M(70M) 6.966ms
Dec 24 17:31:51 burnside uvmconsole: [3342025.990s][info][gc] GC(384928) Pause Full (System.gc()) 51M->47M(70M) 311.616ms
Dec 24 17:32:20 burnside uvmconsole: [3342054.759s][info][gc] GC(384929) Pause Young (Normal) (G1 Evacuation Pause) 58M->47M(70M) 6.263ms
Dec 24 17:33:00 burnside uvmconsole: [3342095.468s][info][gc] GC(384930) Pause Young (Normal) (G1 Evacuation Pause) 57M->47M(70M) 6.516ms
Dec 24 17:33:29 burnside uvmconsole: [3342123.777s][info][gc] GC(384931) Pause Young (Normal) (G1 Evacuation Pause) 57M->47M(70M) 6.324ms
Dec 24 17:34:05 burnside uvmconsole: [3342160.058s][info][gc] GC(384932) Pause Young (Normal) (G1 Evacuation Pause) 57M->47M(70M) 6.296ms
Dec 24 17:34:24 burnside uvmconsole: [3342178.991s][info][gc] GC(384933) Pause Young (Normal) (G1 Evacuation Pause) 57M->47M(70M) 6.542ms
Dec 24 17:35:03 burnside uvmconsole: [3342218.656s][info][gc] GC(384934) Pause Young (Normal) (G1 Evacuation Pause) 57M->47M(70M) 6.640ms
Dec 24 17:35:36 burnside uvmconsole: [3342250.837s][info][gc] GC(384935) Pause Young (Normal) (G1 Evacuation Pause) 57M->47M(70M) 6.279ms
Dec 24 17:36:00 burnside uvmconsole: [3342275.226s][info][gc] GC(384936) Pause Young (Normal) (G1 Evacuation Pause) 57M->47M(70M) 6.954ms
Dec 24 17:36:25 burnside uvmconsole: [3342300.578s][info][gc] GC(384937) Pause Young (Normal) (G1 Evacuation Pause) 57M->47M(70M) 6.920ms
Dec 24 17:36:50 burnside uvmconsole: [3342324.800s][info][gc] GC(384938) Pause Young (Normal) (G1 Evacuation Pause) 57M->47M(70M) 6.261ms
Dec 24 17:36:51 burnside uvmconsole: [3342325.997s][info][gc] GC(384939) Pause Full (System.gc()) 49M->47M(70M) 318.224ms
Dec 24 17:37:21 burnside uvmconsole: [3342356.534s][info][gc] GC(384940) Pause Young (Normal) (G1 Evacuation Pause) 58M->47M(70M) 6.287ms
Dec 24 17:38:00 burnside uvmconsole: [3342394.786s][info][gc] GC(384941) Pause Young (Normal) (G1 Evacuation Pause) 57M->47M(70M) 6.130ms
Dec 24 17:38:30 burnside uvmconsole: [3342425.154s][info][gc] GC(384942) Pause Young (Normal) (G1 Evacuation Pause) 57M->47M(70M) 6.444ms
Dec 24 17:39:03 burnside uvmconsole: [3342457.910s][info][gc] GC(384943) Pause Young (Normal) (G1 Evacuation Pause) 57M->47M(70M) 6.581ms
Dec 24 17:39:15 burnside uvmconsole: [3342470.431s][info][gc] GC(384944) Pause Young (Normal) (G1 Evacuation Pause) 57M->47M(70M) 6.198ms
Dec 24 17:39:48 burnside uvmconsole: [3342503.604s][info][gc] GC(384945) Pause Young (Normal) (G1 Evacuation Pause) 57M->47M(70M) 6.290ms
Dec 24 17:40:12 burnside uvmconsole: [3342527.517s][info][gc] GC(384946) Pause Young (Normal) (G1 Evacuation Pause) 57M->48M(70M) 6.814ms
Dec 24 17:40:48 burnside uvmconsole: [3342562.970s][info][gc] GC(384947) Pause Young (Normal) (G1 Evacuation Pause) 58M->48M(70M) 7.258ms
Dec 24 17:41:09 burnside uvmconsole: [3342584.351s][info][gc] GC(384948) Pause Young (Normal) (G1 Evacuation Pause) 58M->47M(70M) 8.493ms
Dec 24 17:41:45 burnside uvmconsole: [3342620.702s][info][gc] GC(384949) Pause Young (Normal) (G1 Evacuation Pause) 57M->47M(70M) 6.691ms
Dec 24 17:41:51 burnside uvmconsole: [3342625.996s][info][gc] GC(384950) Pause Full (System.gc()) 51M->47M(70M) 317.316ms
Dec 24 17:42:21 burnside uvmconsole: [3342656.457s][info][gc] GC(384951) Pause Young (Normal) (G1 Evacuation Pause) 58M->47M(70M) 5.980ms
Dec 24 17:42:58 burnside uvmconsole: [3342692.909s][info][gc] GC(384952) Pause Young (Normal) (G1 Evacuation Pause) 57M->47M(70M) 6.102ms
Dec 24 17:43:32 burnside uvmconsole: [3342727.012s][info][gc] GC(384953) Pause Young (Normal) (G1 Evacuation Pause) 57M->47M(70M) 6.199ms
Dec 24 17:44:06 burnside uvmconsole: [3342761.051s][info][gc] GC(384954) Pause Young (Normal) (G1 Evacuation Pause) 57M->47M(70M) 7.080ms
Dec 24 17:44:18 burnside uvmconsole: [3342772.879s][info][gc] GC(384955) Pause Young (Normal) (G1 Evacuation Pause) 57M->47M(70M) 5.815ms
Dec 24 17:44:49 burnside uvmconsole: [3342804.312s][info][gc] GC(384956) Pause Young (Normal) (G1 Evacuation Pause) 57M->47M(70M) 6.498ms
Dec 24 17:45:19 burnside uvmconsole: [3342834.395s][info][gc] GC(384957) Pause Young (Normal) (G1 Evacuation Pause) 57M->47M(70M) 8.470ms
Dec 24 17:45:56 burnside uvmconsole: [3342871.499s][info][gc] GC(384958) Pause Young (Normal) (G1 Evacuation Pause) 57M->47M(70M) 6.337ms
Dec 24 17:46:23 burnside uvmconsole: [3342898.655s][info][gc] GC(384959) Pause Young (Normal) (G1 Evacuation Pause) 57M->47M(70M) 6.941ms
Dec 24 17:46:51 burnside uvmconsole: [3342926.014s][info][gc] GC(384960) Pause Full (System.gc()) 55M->47M(70M) 335.598ms
Dec 24 17:47:23 burnside uvmconsole: [3342958.657s][info][gc] GC(384961) Pause Young (Normal) (G1 Evacuation Pause) 58M->47M(70M) 6.605ms
Dec 24 17:48:04 burnside uvmconsole: [3342999.752s][info][gc] GC(384962) Pause Young (Normal) (G1 Evacuation Pause) 57M->47M(70M) 6.339ms
Dec 24 17:48:43 burnside uvmconsole: [3343038.638s][info][gc] GC(384963) Pause Young (Normal) (G1 Evacuation Pause) 57M->47M(70M) 6.162ms
Dec 24 17:49:09 burnside uvmconsole: [3343064.254s][info][gc] GC(384964) Pause Young (Normal) (G1 Evacuation Pause) 57M->47M(70M) 8.949ms
Dec 24 17:49:32 burnside uvmconsole: [3343087.097s][info][gc] GC(384965) Pause Young (Normal) (G1 Evacuation Pause) 57M->47M(70M) 6.552ms
Dec 24 17:50:00 burnside uvmconsole: [3343115.008s][info][gc] GC(384966) Pause Young (Normal) (G1 Evacuation Pause) 57M->47M(70M) 12.472ms
Dec 24 17:50:33 burnside uvmconsole: [3343148.640s][info][gc] GC(384967) Pause Young (Normal) (G1 Evacuation Pause) 57M->47M(70M) 7.368ms
Dec 24 17:51:00 burnside uvmconsole: [3343175.675s][info][gc] GC(384968) Pause Young (Normal) (G1 Evacuation Pause) 57M->48M(70M) 7.426ms
Dec 24 17:51:23 burnside uvmconsole: [3343198.190s][info][gc] GC(384969) Pause Young (Normal) (G1 Evacuation Pause) 58M->47M(70M) 6.875ms
Dec 24 17:51:51 burnside uvmconsole: [3343225.997s][info][gc] GC(384970) Pause Full (System.gc()) 54M->47M(70M) 318.756ms
Dec 24 17:52:12 burnside uvmconsole: [3343246.823s][info][gc] GC(384971) Pause Young (Normal) (G1 Evacuation Pause) 57M->47M(70M) 6.107ms
Dec 24 17:52:47 burnside uvmconsole: [3343282.326s][info][gc] GC(384972) Pause Young (Normal) (G1 Evacuation Pause) 57M->47M(70M) 6.212ms
Dec 24 17:53:13 burnside uvmconsole: [3343308.128s][info][gc] GC(384973) Pause Young (Normal) (G1 Evacuation Pause) 57M->47M(70M) 6.753ms
Dec 24 17:53:57 burnside uvmconsole: [3343352.220s][info][gc] GC(384974) Pause Young (Normal) (G1 Evacuation Pause) 57M->47M(70M) 6.159ms
Dec 24 17:54:19 burnside uvmconsole: [3343374.228s][info][gc] GC(384975) Pause Young (Normal) (G1 Evacuation Pause) 57M->47M(70M) 6.662ms
Dec 24 17:54:56 burnside uvmconsole: [3343411.046s][info][gc] GC(384976) Pause Young (Normal) (G1 Evacuation Pause) 57M->47M(70M) 6.674ms
Dec 24 17:55:23 burnside uvmconsole: [3343438.652s][info][gc] GC(384977) Pause Young (Normal) (G1 Evacuation Pause) 57M->47M(70M) 7.037ms
Dec 24 17:55:56 burnside uvmconsole: [3343471.174s][info][gc] GC(384978) Pause Young (Normal) (G1 Evacuation Pause) 57M->47M(70M) 6.980ms
Dec 24 17:56:22 burnside uvmconsole: [3343496.852s][info][gc] GC(384979) Pause Young (Normal) (G1 Evacuation Pause) 57M->47M(70M) 6.974ms
Dec 24 17:56:51 burnside uvmconsole: [3343525.993s][info][gc] GC(384980) Pause Full (System.gc()) 57M->47M(70M) 314.103ms
Dec 24 17:57:12 burnside uvmconsole: [3343546.888s][info][gc] GC(384981) Pause Young (Normal) (G1 Evacuation Pause) 57M->47M(70M) 5.899ms
Dec 24 17:57:51 burnside uvmconsole: [3343586.422s][info][gc] GC(384982) Pause Young (Normal) (G1 Evacuation Pause) 56M->47M(70M) 5.893ms
Dec 24 17:58:06 burnside uvmconsole: [3343600.974s][info][gc] GC(384983) Pause Young (Normal) (G1 Evacuation Pause) 56M->47M(70M) 8.534ms
Dec 24 17:58:46 burnside uvmconsole: [3343641.251s][info][gc] GC(384984) Pause Young (Normal) (G1 Evacuation Pause) 56M->47M(70M) 6.359ms
Dec 24 17:59:02 burnside uvmconsole: [3343656.803s][info][gc] GC(384985) Pause Young (Normal) (G1 Evacuation Pause) 56M->47M(70M) 7.241ms
Dec 24 17:59:06 burnside uvmconsole: [3343661.364s][info][gc] GC(384986) Pause Young (Normal) (G1 Evacuation Pause) 56M->47M(70M) 8.446ms
Dec 24 17:59:07 burnside uvmconsole: [3343662.371s][info][gc] GC(384987) Pause Young (Normal) (G1 Evacuation Pause) 56M->48M(70M) 9.060ms
Dec 24 17:59:12 burnside uvmconsole: [3343667.533s][info][gc] GC(384988) Pause Young (Normal) (G1 Evacuation Pause) 57M->48M(70M) 7.188ms
Dec 24 17:59:17 burnside uvmconsole: [3343671.988s][info][gc] GC(384989) Pause Young (Normal) (G1 Evacuation Pause) 57M->48M(70M) 7.390ms
Dec 24 17:59:21 burnside uvmconsole: [3343676.672s][info][gc] GC(384990) Pause Young (Normal) (G1 Evacuation Pause) 57M->48M(70M) 7.043ms
Dec 24 17:59:41 burnside uvmconsole: [3343696.481s][info][gc] GC(384991) Pause Young (Normal) (G1 Evacuation Pause) 57M->48M(70M) 6.710ms
Dec 24 18:00:02 burnside uvmconsole: [3343716.795s][info][gc] GC(384992) Pause Young (Normal) (G1 Evacuation Pause) 57M->47M(70M) 7.501ms
Dec 24 18:00:13 burnside uvmconsole: [3343728.639s][info][gc] GC(384993) Pause Young (Normal) (G1 Evacuation Pause) 56M->48M(70M) 6.677ms
Dec 24 18:00:39 burnside uvmconsole: [3343754.486s][info][gc] GC(384994) Pause Young (Normal) (G1 Evacuation Pause) 57M->48M(70M) 7.041ms
Dec 24 18:01:03 burnside uvmconsole: [3343778.634s][info][gc] GC(384995) Pause Young (Normal) (G1 Evacuation Pause) 57M->47M(70M) 6.985ms
Dec 24 18:01:19 burnside uvmconsole: [3343794.224s][info][gc] GC(384996) Pause Young (Normal) (G1 Evacuation Pause) 56M->47M(70M) 10.843ms
Dec 24 18:01:48 burnside uvmconsole: [3343823.044s][info][gc] GC(384997) Pause Young (Normal) (G1 Evacuation Pause) 55M->48M(70M) 6.879ms
Dec 24 18:01:51 burnside uvmconsole: [3343825.990s][info][gc] GC(384998) Pause Full (System.gc()) 49M->47M(70M) 311.013ms
Dec 24 18:02:23 burnside uvmconsole: [3343858.650s][info][gc] GC(384999) Pause Young (Normal) (G1 Evacuation Pause) 57M->47M(70M) 5.740ms
Dec 24 18:02:56 burnside uvmconsole: [3343890.996s][info][gc] GC(385000) Pause Young (Normal) (G1 Evacuation Pause) 57M->47M(70M) 5.608ms
Dec 24 18:03:20 burnside uvmconsole: [3343915.654s][info][gc] GC(385001) Pause Young (Normal) (G1 Evacuation Pause) 57M->47M(70M) 6.532ms
Dec 24 18:04:01 burnside uvmconsole: [3343955.896s][info][gc] GC(385002) Pause Young (Normal) (G1 Evacuation Pause) 57M->47M(70M) 6.484ms
Dec 24 18:04:31 burnside uvmconsole: [3343986.369s][info][gc] GC(385003) Pause Young (Normal) (G1 Evacuation Pause) 57M->47M(70M) 6.320ms
Dec 24 18:05:01 burnside uvmconsole: [3344016.608s][info][gc] GC(385004) Pause Young (Normal) (G1 Evacuation Pause) 57M->47M(70M) 6.626ms
Dec 24 18:05:23 burnside uvmconsole: [3344038.638s][info][gc] GC(385005) Pause Young (Normal) (G1 Evacuation Pause) 57M->47M(70M) 6.421ms
Dec 24 18:05:43 burnside uvmconsole: [3344057.953s][info][gc] GC(385006) Pause Young (Normal) (G1 Evacuation Pause) 57M->47M(70M) 6.470ms
Dec 24 18:06:02 burnside uvmconsole: [3344077.416s][info][gc] GC(385007) Pause Young (Normal) (G1 Evacuation Pause) 57M->48M(70M) 7.244ms
Dec 24 18:06:43 burnside uvmconsole: [3344117.943s][info][gc] GC(385008) Pause Young (Normal) (G1 Evacuation Pause) 58M->47M(70M) 6.852ms
Dec 24 18:06:51 burnside uvmconsole: [3344125.991s][info][gc] GC(385009) Pause Full (System.gc()) 51M->47M(70M) 313.337ms
Dec 24 18:07:15 burnside uvmconsole: [3344150.474s][info][gc] GC(385010) Pause Young (Normal) (G1 Evacuation Pause) 58M->47M(70M) 6.249ms
Dec 24 18:07:53 burnside uvmconsole: [3344188.041s][info][gc] GC(385011) Pause Young (Normal) (G1 Evacuation Pause) 57M->47M(70M) 6.123ms
Dec 24 18:08:09 burnside uvmconsole: [3344204.665s][info][gc] GC(385012) Pause Young (Normal) (G1 Evacuation Pause) 57M->47M(70M) 13.465ms
Dec 24 18:08:44 burnside uvmconsole: [3344239.494s][info][gc] GC(385013) Pause Young (Normal) (G1 Evacuation Pause) 57M->47M(70M) 6.477ms
Dec 24 18:09:10 burnside uvmconsole: [3344265.269s][info][gc] GC(385014) Pause Young (Normal) (G1 Evacuation Pause) 57M->47M(70M) 6.829ms
Dec 24 18:09:49 burnside uvmconsole: [3344304.305s][info][gc] GC(385015) Pause Young (Normal) (G1 Evacuation Pause) 57M->47M(70M) 6.338ms
Dec 24 18:10:15 burnside uvmconsole: [3344330.458s][info][gc] GC(385016) Pause Young (Normal) (G1 Evacuation Pause) 57M->47M(70M) 6.835ms
Dec 24 18:10:37 burnside uvmconsole: [3344351.990s][info][gc] GC(385017) Pause Young (Normal) (G1 Evacuation Pause) 57M->47M(70M) 6.358ms
Dec 24 18:11:05 burnside uvmconsole: [3344380.381s][info][gc] GC(385018) Pause Young (Normal) (G1 Evacuation Pause) 57M->47M(70M) 7.179ms
Dec 24 18:11:29 burnside uvmconsole: [3344404.473s][info][gc] GC(385019) Pause Young (Normal) (G1 Evacuation Pause) 57M->47M(70M) 6.680ms
Dec 24 18:11:51 burnside uvmconsole: [3344425.996s][info][gc] GC(385020) Pause Full (System.gc()) 52M->47M(70M) 316.864ms
Dec 24 18:12:23 burnside uvmconsole: [3344458.655s][info][gc] GC(385021) Pause Young (Normal) (G1 Evacuation Pause) 58M->47M(70M) 6.289ms
Dec 24 18:12:59 burnside uvmconsole: [3344494.186s][info][gc] GC(385022) Pause Young (Normal) (G1 Evacuation Pause) 58M->47M(70M) 5.839ms
Dec 24 18:13:40 burnside uvmconsole: [3344534.979s][info][gc] GC(385023) Pause Young (Normal) (G1 Evacuation Pause) 58M->47M(70M) 6.363ms
Dec 24 18:14:08 burnside uvmconsole: [3344563.152s][info][gc] GC(385024) Pause Young (Normal) (G1 Evacuation Pause) 58M->47M(70M) 6.891ms
Dec 24 18:14:43 burnside uvmconsole: [3344598.656s][info][gc] GC(385025) Pause Young (Normal) (G1 Evacuation Pause) 58M->47M(70M) 6.535ms
Dec 24 18:15:13 burnside uvmconsole: [3344628.652s][info][gc] GC(385026) Pause Young (Normal) (G1 Evacuation Pause) 58M->47M(70M) 7.060ms
Dec 24 18:15:47 burnside uvmconsole: [3344662.396s][info][gc] GC(385027) Pause Young (Normal) (G1 Evacuation Pause) 58M->47M(70M) 6.684ms
Dec 24 18:16:09 burnside uvmconsole: [3344684.682s][info][gc] GC(385028) Pause Young (Normal) (G1 Evacuation Pause) 58M->47M(70M) 7.125ms
Dec 24 18:16:51 burnside uvmconsole: [3344725.993s][info][gc] GC(385029) Pause Full (System.gc()) 57M->47M(70M) 314.614ms
Dec 24 18:17:16 burnside uvmconsole: [3344751.480s][info][gc] GC(385030) Pause Young (Normal) (G1 Evacuation Pause) 57M->47M(70M) 6.237ms
Dec 24 18:17:59 burnside uvmconsole: [3344794.186s][info][gc] GC(385031) Pause Young (Normal) (G1 Evacuation Pause) 57M->47M(70M) 5.859ms
Dec 24 18:18:40 burnside uvmconsole: [3344835.625s][info][gc] GC(385032) Pause Young (Normal) (G1 Evacuation Pause) 57M->47M(70M) 6.231ms
Dec 24 18:19:09 burnside uvmconsole: [3344864.394s][info][gc] GC(385033) Pause Young (Normal) (G1 Evacuation Pause) 57M->47M(70M) 6.107ms
Dec 24 18:19:43 burnside uvmconsole: [3344898.652s][info][gc] GC(385034) Pause Young (Normal) (G1 Evacuation Pause) 57M->47M(70M) 6.166ms
Dec 24 18:20:11 burnside uvmconsole: [3344926.333s][info][gc] GC(385035) Pause Young (Normal) (G1 Evacuation Pause) 57M->47M(70M) 6.332ms
Dec 24 18:20:33 burnside uvmconsole: [3344948.651s][info][gc] GC(385036) Pause Young (Normal) (G1 Evacuation Pause) 57M->47M(70M) 6.342ms
Dec 24 18:21:01 burnside uvmconsole: [3344976.236s][info][gc] GC(385037) Pause Young (Normal) (G1 Evacuation Pause) 57M->47M(70M) 6.546ms
Dec 24 18:21:32 burnside uvmconsole: [3345007.080s][info][gc] GC(385038) Pause Young (Normal) (G1 Evacuation Pause) 56M->47M(70M) 6.311ms
Dec 24 18:21:51 burnside uvmconsole: [3345025.991s][info][gc] GC(385039) Pause Full (System.gc()) 55M->47M(70M) 312.730ms
Dec 24 18:22:04 burnside uvmconsole: [3345039.464s][info][gc] GC(385040) Pause Young (Normal) (G1 Evacuation Pause) 57M->47M(70M) 7.734ms
Dec 24 18:22:26 burnside uvmconsole: [3345061.489s][info][gc] GC(385041) Pause Young (Normal) (G1 Evacuation Pause) 56M->47M(70M) 6.660ms
Dec 24 18:22:57 burnside uvmconsole: [3345092.030s][info][gc] GC(385042) Pause Young (Normal) (G1 Evacuation Pause) 56M->47M(70M) 6.516ms
Dec 24 18:23:21 burnside uvmconsole: [3345116.365s][info][gc] GC(385043) Pause Young (Normal) (G1 Evacuation Pause) 56M->47M(70M) 6.981ms
Dec 24 18:23:55 burnside uvmconsole: [3345149.995s][info][gc] GC(385044) Pause Young (Normal) (G1 Evacuation Pause) 56M->47M(70M) 6.776ms
Dec 24 18:24:21 burnside uvmconsole: [3345176.448s][info][gc] GC(385045) Pause Young (Normal) (G1 Evacuation Pause) 56M->47M(70M) 7.249ms
Dec 24 18:24:47 burnside uvmconsole: [3345202.647s][info][gc] GC(385046) Pause Young (Normal) (G1 Evacuation Pause) 56M->47M(70M) 7.044ms
Dec 24 18:25:07 burnside uvmconsole: [3345222.637s][info][gc] GC(385047) Pause Young (Normal) (G1 Evacuation Pause) 56M->47M(70M) 6.621ms
Dec 24 18:25:42 burnside uvmconsole: [3345257.197s][info][gc] GC(385048) Pause Young (Normal) (G1 Evacuation Pause) 56M->47M(70M) 7.141ms
Dec 24 18:26:06 burnside uvmconsole: [3345281.506s][info][gc] GC(385049) Pause Young (Normal) (G1 Evacuation Pause) 56M->47M(70M) 7.426ms
Dec 24 18:26:22 burnside uvmconsole: [3345296.894s][info][gc] GC(385050) Pause Young (Normal) (G1 Evacuation Pause) 56M->47M(70M) 6.548ms
Dec 24 18:26:47 burnside uvmconsole: [3345322.101s][info][gc] GC(385051) Pause Young (Normal) (G1 Evacuation Pause) 56M->48M(70M) 7.300ms
Dec 24 18:26:51 burnside uvmconsole: [3345326.000s][info][gc] GC(385052) Pause Full (System.gc()) 48M->47M(70M) 321.422ms
Dec 24 18:27:07 burnside uvmconsole: [3345342.243s][info][gc] GC(385053) Pause Young (Normal) (G1 Evacuation Pause) 56M->47M(70M) 6.536ms
Dec 24 18:27:28 burnside uvmconsole: [3345362.803s][info][gc] GC(385054) Pause Young (Normal) (G1 Evacuation Pause) 56M->47M(70M) 6.935ms
Dec 24 18:28:00 burnside uvmconsole: [3345394.789s][info][gc] GC(385055) Pause Young (Normal) (G1 Evacuation Pause) 56M->47M(70M) 6.815ms
Dec 24 18:28:36 burnside uvmconsole: [3345431.198s][info][gc] GC(385056) Pause Young (Normal) (G1 Evacuation Pause) 56M->47M(70M) 7.005ms
Dec 24 18:29:08 burnside uvmconsole: [3345463.597s][info][gc] GC(385057) Pause Young (Normal) (G1 Evacuation Pause) 56M->47M(70M) 6.615ms
Dec 24 18:29:38 burnside uvmconsole: [3345493.610s][info][gc] GC(385058) Pause Young (Normal) (G1 Evacuation Pause) 56M->47M(70M) 6.047ms
Dec 24 18:29:56 burnside uvmconsole: [3345510.807s][info][gc] GC(385059) Pause Young (Normal) (G1 Evacuation Pause) 56M->47M(70M) 6.422ms
Dec 24 18:30:19 burnside uvmconsole: [3345534.623s][info][gc] GC(385060) Pause Young (Normal) (G1 Evacuation Pause) 56M->47M(70M) 6.955ms
Dec 24 18:30:48 burnside uvmconsole: [3345563.070s][info][gc] GC(385061) Pause Young (Normal) (G1 Evacuation Pause) 56M->47M(70M) 6.841ms
Dec 24 18:31:03 burnside uvmconsole: [3345578.656s][info][gc] GC(385062) Pause Young (Normal) (G1 Evacuation Pause) 56M->47M(70M) 9.117ms
Dec 24 18:31:40 burnside uvmconsole: [3345615.544s][info][gc] GC(385063) Pause Young (Normal) (G1 Evacuation Pause) 56M->48M(70M) 7.156ms
Dec 24 18:31:51 burnside uvmconsole: [3345625.993s][info][gc] GC(385064) Pause Full (System.gc()) 52M->47M(70M) 314.050ms
Dec 24 18:32:19 burnside uvmconsole: [3345653.928s][info][gc] GC(385065) Pause Young (Normal) (G1 Evacuation Pause) 58M->47M(70M) 6.392ms
Dec 24 18:33:00 burnside uvmconsole: [3345695.653s][info][gc] GC(385066) Pause Young (Normal) (G1 Evacuation Pause) 58M->47M(70M) 6.478ms
Dec 24 18:33:39 burnside uvmconsole: [3345734.371s][info][gc] GC(385067) Pause Young (Normal) (G1 Evacuation Pause) 58M->47M(70M) 6.250ms
Dec 24 18:34:07 burnside uvmconsole: [3345762.457s][info][gc] GC(385068) Pause Young (Normal) (G1 Evacuation Pause) 58M->47M(70M) 6.761ms
Dec 24 18:34:53 burnside uvmconsole: [3345807.958s][info][gc] GC(385069) Pause Young (Normal) (G1 Evacuation Pause) 58M->47M(70M) 6.460ms
Dec 24 18:35:26 burnside uvmconsole: [3345841.121s][info][gc] GC(385070) Pause Young (Normal) (G1 Evacuation Pause) 58M->47M(70M) 6.771ms
Dec 24 18:35:55 burnside uvmconsole: [3345870.252s][info][gc] GC(385071) Pause Young (Normal) (G1 Evacuation Pause) 58M->47M(70M) 7.334ms
Dec 24 18:36:17 burnside uvmconsole: [3345892.488s][info][gc] GC(385072) Pause Young (Normal) (G1 Evacuation Pause) 58M->47M(70M) 6.487ms
Dec 24 18:36:43 burnside uvmconsole: [3345918.637s][info][gc] GC(385073) Pause Young (Normal) (G1 Evacuation Pause) 58M->47M(70M) 6.390ms
Dec 24 18:36:51 burnside uvmconsole: [3345925.989s][info][gc] GC(385074) Pause Full (System.gc()) 50M->47M(70M) 310.168ms
Dec 24 18:37:17 burnside uvmconsole: [3345951.990s][info][gc] GC(385075) Pause Young (Normal) (G1 Evacuation Pause) 58M->47M(70M) 6.462ms
Dec 24 18:38:03 burnside uvmconsole: [3345998.650s][info][gc] GC(385076) Pause Young (Normal) (G1 Evacuation Pause) 58M->47M(70M) 6.282ms
Dec 24 18:38:38 burnside uvmconsole: [3346033.205s][info][gc] GC(385077) Pause Young (Normal) (G1 Evacuation Pause) 58M->47M(70M) 5.872ms
Dec 24 18:39:09 burnside uvmconsole: [3346064.745s][info][gc] GC(385078) Pause Young (Normal) (G1 Evacuation Pause) 58M->47M(70M) 6.288ms
Dec 24 18:39:33 burnside uvmconsole: [3346088.633s][info][gc] GC(385079) Pause Young (Normal) (G1 Evacuation Pause) 58M->47M(70M) 5.901ms
Dec 24 18:40:03 burnside uvmconsole: [3346118.114s][info][gc] GC(385080) Pause Young (Normal) (G1 Evacuation Pause) 58M->47M(70M) 7.390ms
Dec 24 18:40:26 burnside uvmconsole: [3346141.024s][info][gc] GC(385081) Pause Young (Normal) (G1 Evacuation Pause) 57M->47M(70M) 6.510ms
Dec 24 18:40:55 burnside uvmconsole: [3346170.131s][info][gc] GC(385082) Pause Young (Normal) (G1 Evacuation Pause) 57M->47M(70M) 7.237ms
Dec 24 18:41:13 burnside uvmconsole: [3346188.136s][info][gc] GC(385083) Pause Young (Normal) (G1 Evacuation Pause) 57M->47M(70M) 8.062ms
Dec 24 18:41:47 burnside uvmconsole: [3346222.074s][info][gc] GC(385084) Pause Young (Normal) (G1 Evacuation Pause) 57M->47M(70M) 7.558ms
Dec 24 18:41:51 burnside uvmconsole: [3346225.998s][info][gc] GC(385085) Pause Full (System.gc()) 51M->47M(70M) 319.594ms
Dec 24 18:42:17 burnside uvmconsole: [3346252.040s][info][gc] GC(385086) Pause Young (Normal) (G1 Evacuation Pause) 58M->47M(70M) 6.171ms
Dec 24 18:42:53 burnside uvmconsole: [3346288.654s][info][gc] GC(385087) Pause Young (Normal) (G1 Evacuation Pause) 57M->47M(70M) 6.486ms
Dec 24 18:43:23 burnside uvmconsole: [3346318.653s][info][gc] GC(385088) Pause Young (Normal) (G1 Evacuation Pause) 57M->47M(70M) 6.135ms
Dec 24 18:44:00 burnside uvmconsole: [3346354.787s][info][gc] GC(385089) Pause Young (Normal) (G1 Evacuation Pause) 57M->47M(70M) 6.951ms
Dec 24 18:44:20 burnside uvmconsole: [3346375.221s][info][gc] GC(385090) Pause Young (Normal) (G1 Evacuation Pause) 57M->47M(70M) 6.191ms
Dec 24 18:45:00 burnside uvmconsole: [3346415.087s][info][gc] GC(385091) Pause Young (Normal) (G1 Evacuation Pause) 57M->47M(70M) 6.476ms
Dec 24 18:45:40 burnside uvmconsole: [3346455.579s][info][gc] GC(385092) Pause Young (Normal) (G1 Evacuation Pause) 57M->47M(70M) 6.137ms
Dec 24 18:46:01 burnside uvmconsole: [3346475.772s][info][gc] GC(385093) Pause Young (Normal) (G1 Evacuation Pause) 57M->47M(70M) 6.667ms
Dec 24 18:46:33 burnside uvmconsole: [3346508.654s][info][gc] GC(385094) Pause Young (Normal) (G1 Evacuation Pause) 57M->47M(70M) 6.542ms
Dec 24 18:46:51 burnside uvmconsole: [3346525.998s][info][gc] GC(385095) Pause Full (System.gc()) 52M->47M(70M) 319.116ms
Dec 24 18:47:22 burnside uvmconsole: [3346556.908s][info][gc] GC(385096) Pause Young (Normal) (G1 Evacuation Pause) 58M->47M(70M) 6.204ms
Dec 24 18:48:00 burnside uvmconsole: [3346594.788s][info][gc] GC(385097) Pause Young (Normal) (G1 Evacuation Pause) 58M->47M(70M) 7.694ms
Dec 24 18:48:43 burnside uvmconsole: [3346637.814s][info][gc] GC(385098) Pause Young (Normal) (G1 Evacuation Pause) 58M->47M(70M) 6.358ms
Dec 24 18:49:09 burnside uvmconsole: [3346664.456s][info][gc] GC(385099) Pause Young (Normal) (G1 Evacuation Pause) 58M->47M(70M) 6.908ms
Dec 24 18:49:44 burnside uvmconsole: [3346699.201s][info][gc] GC(385100) Pause Young (Normal) (G1 Evacuation Pause) 58M->47M(70M) 6.817ms
Dec 24 18:50:18 burnside uvmconsole: [3346732.865s][info][gc] GC(385101) Pause Young (Normal) (G1 Evacuation Pause) 58M->47M(70M) 6.265ms
Dec 24 18:51:00 burnside uvmconsole: [3346774.785s][info][gc] GC(385102) Pause Young (Normal) (G1 Evacuation Pause) 58M->47M(70M) 6.535ms
Dec 24 18:51:34 burnside uvmconsole: [3346809.585s][info][gc] GC(385103) Pause Young (Normal) (G1 Evacuation Pause) 58M->47M(70M) 6.311ms
Dec 24 18:51:51 burnside uvmconsole: [3346825.991s][info][gc] GC(385104) Pause Full (System.gc()) 52M->47M(70M) 312.249ms
Dec 24 18:52:14 burnside uvmconsole: [3346848.802s][info][gc] GC(385105) Pause Young (Normal) (G1 Evacuation Pause) 58M->47M(70M) 5.976ms
Dec 24 18:52:51 burnside uvmconsole: [3346886.107s][info][gc] GC(385106) Pause Young (Normal) (G1 Evacuation Pause) 58M->47M(70M) 6.351ms
Dec 24 18:53:23 burnside uvmconsole: [3346918.639s][info][gc] GC(385107) Pause Young (Normal) (G1 Evacuation Pause) 58M->47M(70M) 6.905ms
Dec 24 18:54:03 burnside uvmconsole: [3346957.970s][info][gc] GC(385108) Pause Young (Normal) (G1 Evacuation Pause) 57M->47M(70M) 6.281ms
Dec 24 18:54:23 burnside uvmconsole: [3346978.654s][info][gc] GC(385109) Pause Young (Normal) (G1 Evacuation Pause) 57M->47M(70M) 6.919ms
Dec 24 18:54:48 burnside uvmconsole: [3347003.000s][info][gc] GC(385110) Pause Young (Normal) (G1 Evacuation Pause) 57M->47M(70M) 7.096ms
Dec 24 18:55:09 burnside uvmconsole: [3347024.350s][info][gc] GC(385111) Pause Young (Normal) (G1 Evacuation Pause) 57M->48M(70M) 7.633ms
Dec 24 18:55:43 burnside uvmconsole: [3347058.652s][info][gc] GC(385112) Pause Young (Normal) (G1 Evacuation Pause) 58M->47M(70M) 7.590ms
Dec 24 18:56:08 burnside uvmconsole: [3347082.833s][info][gc] GC(385113) Pause Young (Normal) (G1 Evacuation Pause) 57M->47M(70M) 7.215ms
Dec 24 18:56:41 burnside uvmconsole: [3347116.261s][info][gc] GC(385114) Pause Young (Normal) (G1 Evacuation Pause) 57M->47M(70M) 6.946ms
Dec 24 18:56:51 burnside uvmconsole: [3347125.995s][info][gc] GC(385115) Pause Full (System.gc()) 52M->47M(70M) 316.179ms
Dec 24 18:57:08 burnside uvmconsole: [3347143.645s][info][gc] GC(385116) Pause Young (Normal) (G1 Evacuation Pause) 57M->47M(70M) 6.873ms
Dec 24 18:57:43 burnside uvmconsole: [3347178.211s][info][gc] GC(385117) Pause Young (Normal) (G1 Evacuation Pause) 57M->47M(70M) 5.995ms
Dec 24 18:58:04 burnside uvmconsole: [3347198.871s][info][gc] GC(385118) Pause Young (Normal) (G1 Evacuation Pause) 57M->47M(70M) 6.532ms
Dec 24 18:58:39 burnside uvmconsole: [3347234.534s][info][gc] GC(385119) Pause Young (Normal) (G1 Evacuation Pause) 57M->47M(70M) 6.487ms
Dec 24 18:59:02 burnside uvmconsole: [3347257.276s][info][gc] GC(385120) Pause Young (Normal) (G1 Evacuation Pause) 57M->47M(70M) 6.593ms
Dec 24 18:59:35 burnside uvmconsole: [3347290.116s][info][gc] GC(385121) Pause Young (Normal) (G1 Evacuation Pause) 57M->47M(70M) 6.877ms
Dec 24 19:00:01 burnside uvmconsole: [3347316.001s][info][gc] GC(385122) Pause Young (Normal) (G1 Evacuation Pause) 57M->47M(70M) 6.654ms
Dec 24 19:00:34 burnside uvmconsole: [3347348.931s][info][gc] GC(385123) Pause Young (Normal) (G1 Evacuation Pause) 57M->47M(70M) 6.879ms
Dec 24 19:01:01 burnside uvmconsole: [3347376.408s][info][gc] GC(385124) Pause Young (Normal) (G1 Evacuation Pause) 57M->47M(70M) 7.122ms
Dec 24 19:01:32 burnside uvmconsole: [3347406.923s][info][gc] GC(385125) Pause Young (Normal) (G1 Evacuation Pause) 57M->47M(70M) 6.515ms
Dec 24 19:01:51 burnside uvmconsole: [3347425.994s][info][gc] GC(385126) Pause Full (System.gc()) 53M->47M(70M) 315.784ms
Dec 24 19:02:13 burnside uvmconsole: [3347448.638s][info][gc] GC(385127) Pause Young (Normal) (G1 Evacuation Pause) 58M->47M(70M) 6.336ms
Dec 24 19:02:54 burnside uvmconsole: [3347488.845s][info][gc] GC(385128) Pause Young (Normal) (G1 Evacuation Pause) 57M->47M(70M) 5.647ms
Dec 24 19:03:23 burnside uvmconsole: [3347518.210s][info][gc] GC(385129) Pause Young (Normal) (G1 Evacuation Pause) 57M->47M(70M) 6.332ms
Dec 24 19:04:00 burnside uvmconsole: [3347554.785s][info][gc] GC(385130) Pause Young (Normal) (G1 Evacuation Pause) 57M->47M(70M) 6.376ms
Dec 24 19:04:26 burnside uvmconsole: [3347580.838s][info][gc] GC(385131) Pause Young (Normal) (G1 Evacuation Pause) 57M->47M(70M) 6.486ms
Dec 24 19:05:03 burnside uvmconsole: [3347618.637s][info][gc] GC(385132) Pause Young (Normal) (G1 Evacuation Pause) 57M->47M(70M) 6.321ms
Dec 24 19:05:33 burnside uvmconsole: [3347648.402s][info][gc] GC(385133) Pause Young (Normal) (G1 Evacuation Pause) 57M->47M(70M) 6.557ms
Dec 24 19:06:00 burnside uvmconsole: [3347675.127s][info][gc] GC(385134) Pause Young (Normal) (G1 Evacuation Pause) 57M->47M(70M) 6.821ms
Dec 24 19:06:29 burnside uvmconsole: [3347704.134s][info][gc] GC(385135) Pause Young (Normal) (G1 Evacuation Pause) 57M->47M(70M) 6.479ms
Dec 24 19:06:51 burnside uvmconsole: [3347726.000s][info][gc] GC(385136) Pause Full (System.gc()) 54M->47M(70M) 321.158ms
Dec 24 19:07:14 burnside uvmconsole: [3347749.325s][info][gc] GC(385137) Pause Young (Normal) (G1 Evacuation Pause) 58M->47M(70M) 6.557ms
Dec 24 19:07:46 burnside uvmconsole: [3347781.101s][info][gc] GC(385138) Pause Young (Normal) (G1 Evacuation Pause) 57M->47M(70M) 6.953ms
Dec 24 19:08:06 burnside uvmconsole: [3347801.307s][info][gc] GC(385139) Pause Young (Normal) (G1 Evacuation Pause) 57M->47M(70M) 7.107ms
Dec 24 19:08:46 burnside uvmconsole: [3347841.211s][info][gc] GC(385140) Pause Young (Normal) (G1 Evacuation Pause) 57M->47M(70M) 6.364ms
Dec 24 19:09:10 burnside uvmconsole: [3347864.922s][info][gc] GC(385141) Pause Young (Normal) (G1 Evacuation Pause) 57M->47M(70M) 7.116ms
Dec 24 19:09:49 burnside uvmconsole: [3347904.328s][info][gc] GC(385142) Pause Young (Normal) (G1 Evacuation Pause) 57M->47M(70M) 6.718ms
Dec 24 19:10:13 burnside uvmconsole: [3347928.653s][info][gc] GC(385143) Pause Young (Normal) (G1 Evacuation Pause) 57M->47M(70M) 6.806ms
Dec 24 19:10:51 burnside uvmconsole: [3347966.452s][info][gc] GC(385144) Pause Young (Normal) (G1 Evacuation Pause) 57M->47M(70M) 6.063ms
Dec 24 19:11:11 burnside uvmconsole: [3347985.790s][info][gc] GC(385145) Pause Young (Normal) (G1 Evacuation Pause) 57M->47M(70M) 6.370ms
Dec 24 19:11:46 burnside uvmconsole: [3348020.984s][info][gc] GC(385146) Pause Young (Normal) (G1 Evacuation Pause) 57M->48M(70M) 8.704ms
Dec 24 19:11:49 burnside uvmconsole: [3348023.840s][info][gc] GC(385147) Pause Young (Normal) (G1 Evacuation Pause) 60M->47M(70M) 6.003ms
Dec 24 19:11:51 burnside uvmconsole: [3348025.989s][info][gc] GC(385148) Pause Full (System.gc()) 48M->47M(70M) 310.191ms
Dec 24 19:12:13 burnside uvmconsole: [3348048.065s][info][gc] GC(385149) Pause Young (Normal) (G1 Evacuation Pause) 57M->47M(70M) 6.180ms
Dec 24 19:12:51 burnside uvmconsole: [3348086.263s][info][gc] GC(385150) Pause Young (Normal) (G1 Evacuation Pause) 57M->47M(70M) 5.990ms
Dec 24 19:13:23 burnside uvmconsole: [3348118.196s][info][gc] GC(385151) Pause Young (Normal) (G1 Evacuation Pause) 57M->47M(70M) 6.663ms
Dec 24 19:13:58 burnside uvmconsole: [3348153.532s][info][gc] GC(385152) Pause Young (Normal) (G1 Evacuation Pause) 57M->47M(70M) 6.335ms
Dec 24 19:14:28 burnside uvmconsole: [3348182.817s][info][gc] GC(385153) Pause Young (Normal) (G1 Evacuation Pause) 57M->47M(70M) 6.372ms
Dec 24 19:14:58 burnside uvmconsole: [3348213.530s][info][gc] GC(385154) Pause Young (Normal) (G1 Evacuation Pause) 57M->47M(70M) 6.479ms
Dec 24 19:15:25 burnside uvmconsole: [3348239.881s][info][gc] GC(385155) Pause Young (Normal) (G1 Evacuation Pause) 57M->47M(70M) 6.652ms
Dec 24 19:16:01 burnside uvmconsole: [3348276.561s][info][gc] GC(385156) Pause Young (Normal) (G1 Evacuation Pause) 57M->47M(70M) 6.542ms
Dec 24 19:16:29 burnside uvmconsole: [3348304.203s][info][gc] GC(385157) Pause Young (Normal) (G1 Evacuation Pause) 57M->47M(70M) 6.408ms
Dec 24 19:16:51 burnside uvmconsole: [3348325.993s][info][gc] GC(385158) Pause Full (System.gc()) 53M->47M(70M) 315.121ms
Dec 24 19:17:23 burnside uvmconsole: [3348358.655s][info][gc] GC(385159) Pause Young (Normal) (G1 Evacuation Pause) 58M->47M(70M) 6.022ms
Dec 24 19:18:03 burnside uvmconsole: [3348397.766s][info][gc] GC(385160) Pause Young (Normal) (G1 Evacuation Pause) 57M->47M(70M) 5.906ms
Dec 24 19:18:33 burnside uvmconsole: [3348428.719s][info][gc] GC(385161) Pause Young (Normal) (G1 Evacuation Pause) 57M->47M(70M) 6.103ms
Dec 24 19:19:03 burnside uvmconsole: [3348458.438s][info][gc] GC(385162) Pause Young (Normal) (G1 Evacuation Pause) 57M->47M(70M) 6.553ms
Dec 24 19:19:33 burnside uvmconsole: [3348488.327s][info][gc] GC(385163) Pause Young (Normal) (G1 Evacuation Pause) 57M->47M(70M) 6.200ms
Dec 24 19:20:04 burnside uvmconsole: [3348519.153s][info][gc] GC(385164) Pause Young (Normal) (G1 Evacuation Pause) 57M->47M(70M) 6.556ms
Dec 24 19:20:37 burnside uvmconsole: [3348552.010s][info][gc] GC(385165) Pause Young (Normal) (G1 Evacuation Pause) 57M->47M(70M) 7.074ms
Dec 24 19:21:05 burnside uvmconsole: [3348579.830s][info][gc] GC(385166) Pause Young (Normal) (G1 Evacuation Pause) 57M->47M(70M) 6.639ms
Dec 24 19:21:43 burnside uvmconsole: [3348618.730s][info][gc] GC(385167) Pause Young (Normal) (G1 Evacuation Pause) 57M->47M(70M) 6.500ms
Dec 24 19:21:51 burnside uvmconsole: [3348625.993s][info][gc] GC(385168) Pause Full (System.gc()) 50M->47M(70M) 314.886ms
Dec 24 19:22:14 burnside uvmconsole: [3348648.755s][info][gc] GC(385169) Pause Young (Normal) (G1 Evacuation Pause) 58M->47M(70M) 6.801ms
Dec 24 19:22:50 burnside uvmconsole: [3348685.559s][info][gc] GC(385170) Pause Young (Normal) (G1 Evacuation Pause) 58M->47M(70M) 6.153ms
Dec 24 19:23:16 burnside uvmconsole: [3348711.586s][info][gc] GC(385171) Pause Young (Normal) (G1 Evacuation Pause) 58M->47M(70M) 6.843ms
Dec 24 19:23:54 burnside uvmconsole: [3348748.795s][info][gc] GC(385172) Pause Young (Normal) (G1 Evacuation Pause) 58M->47M(70M) 6.375ms
Dec 24 19:24:18 burnside uvmconsole: [3348773.511s][info][gc] GC(385173) Pause Young (Normal) (G1 Evacuation Pause) 58M->47M(70M) 6.570ms
Dec 24 19:24:53 burnside uvmconsole: [3348808.651s][info][gc] GC(385174) Pause Young (Normal) (G1 Evacuation Pause) 58M->47M(70M) 6.743ms
Dec 24 19:25:26 burnside uvmconsole: [3348841.247s][info][gc] GC(385175) Pause Young (Normal) (G1 Evacuation Pause) 58M->47M(70M) 6.632ms
Dec 24 19:26:03 burnside uvmconsole: [3348878.659s][info][gc] GC(385176) Pause Young (Normal) (G1 Evacuation Pause) 58M->47M(70M) 6.727ms
Dec 24 19:26:33 burnside uvmconsole: [3348908.116s][info][gc] GC(385177) Pause Young (Normal) (G1 Evacuation Pause) 58M->47M(70M) 7.064ms
Dec 24 19:26:51 burnside uvmconsole: [3348925.999s][info][gc] GC(385178) Pause Full (System.gc()) 54M->47M(70M) 320.144ms
Dec 24 19:27:13 burnside uvmconsole: [3348948.655s][info][gc] GC(385179) Pause Young (Normal) (G1 Evacuation Pause) 58M->47M(70M) 6.211ms
Dec 24 19:27:48 burnside uvmconsole: [3348983.289s][info][gc] GC(385180) Pause Young (Normal) (G1 Evacuation Pause) 57M->47M(70M) 6.237ms
Dec 24 19:28:10 burnside uvmconsole: [3349004.810s][info][gc] GC(385181) Pause Young (Normal) (G1 Evacuation Pause) 57M->47M(70M) 6.528ms
Dec 24 19:28:48 burnside uvmconsole: [3349043.380s][info][gc] GC(385182) Pause Young (Normal) (G1 Evacuation Pause) 57M->47M(70M) 5.904ms
Dec 24 19:29:08 burnside uvmconsole: [3349062.873s][info][gc] GC(385183) Pause Young (Normal) (G1 Evacuation Pause) 57M->47M(70M) 6.574ms
Dec 24 19:29:44 burnside uvmconsole: [3349098.921s][info][gc] GC(385184) Pause Young (Normal) (G1 Evacuation Pause) 57M->47M(70M) 6.132ms
Dec 24 19:30:11 burnside uvmconsole: [3349126.416s][info][gc] GC(385185) Pause Young (Normal) (G1 Evacuation Pause) 57M->47M(70M) 6.558ms
Dec 24 19:30:44 burnside uvmconsole: [3349159.332s][info][gc] GC(385186) Pause Young (Normal) (G1 Evacuation Pause) 57M->47M(70M) 6.110ms
Dec 24 19:31:09 burnside uvmconsole: [3349183.967s][info][gc] GC(385187) Pause Young (Normal) (G1 Evacuation Pause) 57M->47M(70M) 6.573ms
Dec 24 19:31:48 burnside uvmconsole: [3349222.769s][info][gc] GC(385188) Pause Young (Normal) (G1 Evacuation Pause) 57M->47M(70M) 6.616ms
Dec 24 19:31:51 burnside uvmconsole: [3349225.985s][info][gc] GC(385189) Pause Full (System.gc()) 49M->47M(70M) 306.050ms
Dec 24 19:32:14 burnside uvmconsole: [3349248.866s][info][gc] GC(385190) Pause Young (Normal) (G1 Evacuation Pause) 57M->47M(70M) 6.188ms
Dec 24 19:32:56 burnside uvmconsole: [3349291.257s][info][gc] GC(385191) Pause Young (Normal) (G1 Evacuation Pause) 57M->47M(70M) 5.798ms
Dec 24 19:33:23 burnside uvmconsole: [3349318.651s][info][gc] GC(385192) Pause Young (Normal) (G1 Evacuation Pause) 57M->47M(70M) 6.182ms
Dec 24 19:33:53 burnside uvmconsole: [3349348.652s][info][gc] GC(385193) Pause Young (Normal) (G1 Evacuation Pause) 57M->47M(70M) 6.581ms
Dec 24 19:34:14 burnside uvmconsole: [3349369.075s][info][gc] GC(385194) Pause Young (Normal) (G1 Evacuation Pause) 57M->47M(70M) 6.407ms
Dec 24 19:34:49 burnside uvmconsole: [3349404.035s][info][gc] GC(385195) Pause Young (Normal) (G1 Evacuation Pause) 57M->47M(70M) 6.239ms
Dec 24 19:35:18 burnside uvmconsole: [3349432.913s][info][gc] GC(385196) Pause Young (Normal) (G1 Evacuation Pause) 57M->47M(70M) 6.195ms
Dec 24 19:35:49 burnside uvmconsole: [3349464.146s][info][gc] GC(385197) Pause Young (Normal) (G1 Evacuation Pause) 57M->47M(70M) 6.871ms
Dec 24 19:36:07 burnside uvmconsole: [3349482.123s][info][gc] GC(385198) Pause Young (Normal) (G1 Evacuation Pause) 56M->47M(70M) 6.556ms
Dec 24 19:36:45 burnside uvmconsole: [3349520.614s][info][gc] GC(385199) Pause Young (Normal) (G1 Evacuation Pause) 56M->47M(70M) 6.178ms
Dec 24 19:36:51 burnside uvmconsole: [3349525.992s][info][gc] GC(385200) Pause Full (System.gc()) 50M->47M(70M) 313.623ms
Dec 24 19:37:13 burnside uvmconsole: [3349548.654s][info][gc] GC(385201) Pause Young (Normal) (G1 Evacuation Pause) 58M->47M(70M) 6.515ms
Dec 24 19:37:56 burnside uvmconsole: [3349591.709s][info][gc] GC(385202) Pause Young (Normal) (G1 Evacuation Pause) 57M->47M(70M) 5.939ms
Dec 24 19:38:27 burnside uvmconsole: [3349622.326s][info][gc] GC(385203) Pause Young (Normal) (G1 Evacuation Pause) 57M->47M(70M) 6.114ms
Dec 24 19:38:59 burnside uvmconsole: [3349654.187s][info][gc] GC(385204) Pause Young (Normal) (G1 Evacuation Pause) 57M->47M(70M) 6.179ms
Dec 24 19:39:22 burnside uvmconsole: [3349676.993s][info][gc] GC(385205) Pause Young (Normal) (G1 Evacuation Pause) 57M->47M(70M) 6.391ms
Dec 24 19:39:49 burnside uvmconsole: [3349704.583s][info][gc] GC(385206) Pause Young (Normal) (G1 Evacuation Pause) 57M->47M(70M) 6.484ms
Dec 24 19:40:14 burnside uvmconsole: [3349729.229s][info][gc] GC(385207) Pause Young (Normal) (G1 Evacuation Pause) 57M->47M(70M) 6.842ms
Dec 24 19:40:52 burnside uvmconsole: [3349767.177s][info][gc] GC(385208) Pause Young (Normal) (G1 Evacuation Pause) 57M->47M(70M) 6.608ms
Dec 24 19:41:15 burnside uvmconsole: [3349790.506s][info][gc] GC(385209) Pause Young (Normal) (G1 Evacuation Pause) 57M->47M(70M) 6.316ms
Dec 24 19:41:50 burnside uvmconsole: [3349824.810s][info][gc] GC(385210) Pause Young (Normal) (G1 Evacuation Pause) 57M->47M(70M) 7.153ms
Dec 24 19:41:51 burnside uvmconsole: [3349825.991s][info][gc] GC(385211) Pause Full (System.gc()) 48M->47M(70M) 312.859ms
Dec 24 19:42:19 burnside uvmconsole: [3349854.548s][info][gc] GC(385212) Pause Young (Normal) (G1 Evacuation Pause) 59M->47M(70M) 6.504ms
Dec 24 19:42:54 burnside uvmconsole: [3349889.247s][info][gc] GC(385213) Pause Young (Normal) (G1 Evacuation Pause) 58M->47M(70M) 6.172ms
Dec 24 19:43:14 burnside uvmconsole: [3349909.294s][info][gc] GC(385214) Pause Young (Normal) (G1 Evacuation Pause) 58M->47M(70M) 6.500ms
Dec 24 19:43:53 burnside uvmconsole: [3349948.406s][info][gc] GC(385215) Pause Young (Normal) (G1 Evacuation Pause) 58M->47M(70M) 6.670ms
Dec 24 19:44:21 burnside uvmconsole: [3349976.098s][info][gc] GC(385216) Pause Young (Normal) (G1 Evacuation Pause) 58M->47M(70M) 6.947ms
Dec 24 19:44:59 burnside uvmconsole: [3350014.188s][info][gc] GC(385217) Pause Young (Normal) (G1 Evacuation Pause) 58M->47M(70M) 7.015ms
Dec 24 19:45:32 burnside uvmconsole: [3350046.853s][info][gc] GC(385218) Pause Young (Normal) (G1 Evacuation Pause) 58M->47M(70M) 6.687ms
Dec 24 19:46:02 burnside uvmconsole: [3350077.047s][info][gc] GC(385219) Pause Young (Normal) (G1 Evacuation Pause) 58M->47M(70M) 6.735ms
Dec 24 19:46:29 burnside uvmconsole: [3350104.389s][info][gc] GC(385220) Pause Young (Normal) (G1 Evacuation Pause) 58M->47M(70M) 7.278ms
Dec 24 19:46:51 burnside uvmconsole: [3350125.994s][info][gc] GC(385221) Pause Full (System.gc()) 52M->47M(70M) 315.753ms
Dec 24 19:47:13 burnside uvmconsole: [3350148.651s][info][gc] GC(385222) Pause Young (Normal) (G1 Evacuation Pause) 58M->47M(70M) 6.076ms
Dec 24 19:47:55 burnside uvmconsole: [3350190.216s][info][gc] GC(385223) Pause Young (Normal) (G1 Evacuation Pause) 57M->47M(70M) 5.393ms
Dec 24 19:48:28 burnside uvmconsole: [3350223.045s][info][gc] GC(385224) Pause Young (Normal) (G1 Evacuation Pause) 57M->47M(70M) 6.147ms
Dec 24 19:48:59 burnside uvmconsole: [3350254.424s][info][gc] GC(385225) Pause Young (Normal) (G1 Evacuation Pause) 57M->47M(70M) 6.292ms
Dec 24 19:49:23 burnside uvmconsole: [3350278.654s][info][gc] GC(385226) Pause Young (Normal) (G1 Evacuation Pause) 57M->47M(70M) 6.641ms
Dec 24 19:50:00 burnside uvmconsole: [3350314.784s][info][gc] GC(385227) Pause Young (Normal) (G1 Evacuation Pause) 57M->47M(70M) 6.904ms
Dec 24 19:50:27 burnside uvmconsole: [3350342.023s][info][gc] GC(385228) Pause Young (Normal) (G1 Evacuation Pause) 57M->47M(70M) 6.431ms
Dec 24 19:51:01 burnside uvmconsole: [3350376.164s][info][gc] GC(385229) Pause Young (Normal) (G1 Evacuation Pause) 57M->47M(70M) 6.549ms
Dec 24 19:51:33 burnside uvmconsole: [3350408.638s][info][gc] GC(385230) Pause Young (Normal) (G1 Evacuation Pause) 57M->47M(70M) 6.409ms
Dec 24 19:51:51 burnside uvmconsole: [3350425.993s][info][gc] GC(385231) Pause Full (System.gc()) 51M->47M(70M) 314.065ms
Dec 24 19:52:14 burnside uvmconsole: [3350449.127s][info][gc] GC(385232) Pause Young (Normal) (G1 Evacuation Pause) 57M->47M(70M) 5.807ms
Dec 24 19:52:50 burnside uvmconsole: [3350485.421s][info][gc] GC(385233) Pause Young (Normal) (G1 Evacuation Pause) 57M->47M(70M) 6.122ms
Dec 24 19:53:13 burnside uvmconsole: [3350508.654s][info][gc] GC(385234) Pause Young (Normal) (G1 Evacuation Pause) 57M->47M(70M) 6.345ms
Dec 24 19:53:49 burnside uvmconsole: [3350544.268s][info][gc] GC(385235) Pause Young (Normal) (G1 Evacuation Pause) 57M->47M(70M) 6.507ms
Dec 24 19:54:14 burnside uvmconsole: [3350568.933s][info][gc] GC(385236) Pause Young (Normal) (G1 Evacuation Pause) 57M->47M(70M) 6.361ms
Dec 24 19:54:48 burnside uvmconsole: [3350603.008s][info][gc] GC(385237) Pause Young (Normal) (G1 Evacuation Pause) 57M->47M(70M) 7.463ms
Dec 24 19:55:09 burnside uvmconsole: [3350624.395s][info][gc] GC(385238) Pause Young (Normal) (G1 Evacuation Pause) 57M->47M(70M) 6.572ms
Dec 24 19:55:52 burnside uvmconsole: [3350667.026s][info][gc] GC(385239) Pause Young (Normal) (G1 Evacuation Pause) 57M->47M(70M) 6.718ms
Dec 24 19:56:19 burnside uvmconsole: [3350694.023s][info][gc] GC(385240) Pause Young (Normal) (G1 Evacuation Pause) 56M->47M(70M) 6.632ms
Dec 24 19:56:51 burnside uvmconsole: [3350725.991s][info][gc] GC(385241) Pause Full (System.gc()) 56M->47M(70M) 312.045ms
Dec 24 19:57:15 burnside uvmconsole: [3350750.127s][info][gc] GC(385242) Pause Young (Normal) (G1 Evacuation Pause) 57M->47M(70M) 5.907ms
Dec 24 19:57:53 burnside uvmconsole: [3350787.777s][info][gc] GC(385243) Pause Young (Normal) (G1 Evacuation Pause) 56M->47M(70M) 5.886ms
Dec 24 19:58:14 burnside uvmconsole: [3350809.704s][info][gc] GC(385244) Pause Young (Normal) (G1 Evacuation Pause) 57M->47M(70M) 6.435ms
Dec 24 19:58:54 burnside uvmconsole: [3350848.829s][info][gc] GC(385245) Pause Young (Normal) (G1 Evacuation Pause) 57M->47M(70M) 6.081ms
Dec 24 19:59:21 burnside uvmconsole: [3350875.945s][info][gc] GC(385246) Pause Young (Normal) (G1 Evacuation Pause) 57M->47M(70M) 6.536ms
Dec 24 19:59:59 burnside uvmconsole: [3350914.185s][info][gc] GC(385247) Pause Young (Normal) (G1 Evacuation Pause) 57M->47M(70M) 5.993ms
Dec 24 20:00:22 burnside uvmconsole: [3350937.342s][info][gc] GC(385248) Pause Young (Normal) (G1 Evacuation Pause) 57M->47M(70M) 6.849ms
Dec 24 20:00:53 burnside uvmconsole: [3350968.638s][info][gc] GC(385249) Pause Young (Normal) (G1 Evacuation Pause) 56M->47M(70M) 6.321ms
Dec 24 20:01:14 burnside uvmconsole: [3350989.571s][info][gc] GC(385250) Pause Young (Normal) (G1 Evacuation Pause) 56M->47M(70M) 6.390ms
Dec 24 20:01:51 burnside uvmconsole: [3351025.989s][info][gc] GC(385251) Pause Full (System.gc()) 54M->47M(70M) 310.850ms
Dec 24 20:02:16 burnside uvmconsole: [3351051.273s][info][gc] GC(385252) Pause Young (Normal) (G1 Evacuation Pause) 58M->47M(70M) 6.044ms
Dec 24 20:02:49 burnside uvmconsole: [3351084.513s][info][gc] GC(385253) Pause Young (Normal) (G1 Evacuation Pause) 57M->47M(70M) 5.465ms
Dec 24 20:03:10 burnside uvmconsole: [3351105.038s][info][gc] GC(385254) Pause Young (Normal) (G1 Evacuation Pause) 57M->47M(70M) 6.164ms
Dec 24 20:03:49 burnside uvmconsole: [3351143.794s][info][gc] GC(385255) Pause Young (Normal) (G1 Evacuation Pause) 57M->47M(70M) 6.111ms
Dec 24 20:04:14 burnside uvmconsole: [3351169.199s][info][gc] GC(385256) Pause Young (Normal) (G1 Evacuation Pause) 57M->47M(70M) 6.118ms
Dec 24 20:04:54 burnside uvmconsole: [3351209.459s][info][gc] GC(385257) Pause Young (Normal) (G1 Evacuation Pause) 57M->47M(70M) 6.349ms
Dec 24 20:05:21 burnside uvmconsole: [3351236.679s][info][gc] GC(385258) Pause Young (Normal) (G1 Evacuation Pause) 57M->47M(70M) 6.321ms
Dec 24 20:05:55 burnside uvmconsole: [3351270.122s][info][gc] GC(385259) Pause Young (Normal) (G1 Evacuation Pause) 57M->47M(70M) 6.662ms
Dec 24 20:06:23 burnside uvmconsole: [3351298.654s][info][gc] GC(385260) Pause Young (Normal) (G1 Evacuation Pause) 57M->47M(70M) 6.556ms
Dec 24 20:06:51 burnside uvmconsole: [3351325.990s][info][gc] GC(385261) Pause Full (System.gc()) 55M->47M(70M) 311.234ms
Dec 24 20:07:11 burnside uvmconsole: [3351346.168s][info][gc] GC(385262) Pause Young (Normal) (G1 Evacuation Pause) 57M->47M(70M) 6.023ms
Dec 24 20:07:47 burnside uvmconsole: [3351381.846s][info][gc] GC(385263) Pause Young (Normal) (G1 Evacuation Pause) 57M->47M(70M) 6.209ms
Dec 24 20:08:09 burnside uvmconsole: [3351404.216s][info][gc] GC(385264) Pause Young (Normal) (G1 Evacuation Pause) 57M->47M(70M) 6.361ms
Dec 24 20:08:49 burnside uvmconsole: [3351444.412s][info][gc] GC(385265) Pause Young (Normal) (G1 Evacuation Pause) 57M->47M(70M) 6.676ms
Dec 24 20:09:09 burnside uvmconsole: [3351464.294s][info][gc] GC(385266) Pause Young (Normal) (G1 Evacuation Pause) 57M->47M(70M) 6.278ms
Dec 24 20:09:48 burnside uvmconsole: [3351503.277s][info][gc] GC(385267) Pause Young (Normal) (G1 Evacuation Pause) 57M->47M(70M) 5.959ms
Dec 24 20:10:13 burnside uvmconsole: [3351528.655s][info][gc] GC(385268) Pause Young (Normal) (G1 Evacuation Pause) 57M->47M(70M) 6.223ms
Dec 24 20:10:52 burnside uvmconsole: [3351566.907s][info][gc] GC(385269) Pause Young (Normal) (G1 Evacuation Pause) 57M->47M(70M) 6.628ms
Dec 24 20:11:09 burnside uvmconsole: [3351583.843s][info][gc] GC(385270) Pause Young (Normal) (G1 Evacuation Pause) 56M->47M(70M) 6.561ms
Dec 24 20:11:48 burnside uvmconsole: [3351623.363s][info][gc] GC(385271) Pause Young (Normal) (G1 Evacuation Pause) 56M->47M(70M) 7.672ms
Dec 24 20:11:51 burnside uvmconsole: [3351626.001s][info][gc] GC(385272) Pause Full (System.gc()) 48M->47M(70M) 322.369ms
Dec 24 20:12:19 burnside uvmconsole: [3351654.529s][info][gc] GC(385273) Pause Young (Normal) (G1 Evacuation Pause) 58M->47M(70M) 5.815ms
Dec 24 20:12:54 burnside uvmconsole: [3351689.394s][info][gc] GC(385274) Pause Young (Normal) (G1 Evacuation Pause) 58M->47M(70M) 6.113ms
Dec 24 20:13:24 burnside uvmconsole: [3351719.177s][info][gc] GC(385275) Pause Young (Normal) (G1 Evacuation Pause) 58M->47M(70M) 6.112ms
Dec 24 20:14:00 burnside uvmconsole: [3351754.789s][info][gc] GC(385276) Pause Young (Normal) (G1 Evacuation Pause) 58M->47M(70M) 6.824ms
Dec 24 20:14:31 burnside uvmconsole: [3351786.561s][info][gc] GC(385277) Pause Young (Normal) (G1 Evacuation Pause) 58M->47M(70M) 10.076ms
Dec 24 20:15:01 burnside uvmconsole: [3351816.258s][info][gc] GC(385278) Pause Young (Normal) (G1 Evacuation Pause) 58M->48M(70M) 7.159ms
Dec 24 20:15:42 burnside uvmconsole: [3351856.786s][info][gc] GC(385279) Pause Young (Normal) (G1 Evacuation Pause) 59M->47M(70M) 6.941ms
Dec 24 20:16:10 burnside uvmconsole: [3351885.092s][info][gc] GC(385280) Pause Young (Normal) (G1 Evacuation Pause) 58M->47M(70M) 6.731ms
Dec 24 20:16:51 burnside uvmconsole: [3351925.994s][info][gc] GC(385281) Pause Full (System.gc()) 55M->47M(70M) 315.952ms
Dec 24 20:17:18 burnside uvmconsole: [3351953.219s][info][gc] GC(385282) Pause Young (Normal) (G1 Evacuation Pause) 58M->47M(70M) 6.414ms
Dec 24 20:17:54 burnside uvmconsole: [3351989.435s][info][gc] GC(385283) Pause Young (Normal) (G1 Evacuation Pause) 57M->47M(70M) 5.599ms
Dec 24 20:18:20 burnside uvmconsole: [3352015.233s][info][gc] GC(385284) Pause Young (Normal) (G1 Evacuation Pause) 57M->47M(70M) 6.118ms
Dec 24 20:18:54 burnside uvmconsole: [3352048.804s][info][gc] GC(385285) Pause Young (Normal) (G1 Evacuation Pause) 57M->47M(70M) 6.765ms
Dec 24 20:19:14 burnside uvmconsole: [3352068.915s][info][gc] GC(385286) Pause Young (Normal) (G1 Evacuation Pause) 57M->47M(70M) 6.859ms
Dec 24 20:19:48 burnside uvmconsole: [3352103.508s][info][gc] GC(385287) Pause Young (Normal) (G1 Evacuation Pause) 57M->47M(70M) 6.022ms
Dec 24 20:20:13 burnside uvmconsole: [3352128.654s][info][gc] GC(385288) Pause Young (Normal) (G1 Evacuation Pause) 57M->47M(70M) 6.837ms
Dec 24 20:20:45 burnside uvmconsole: [3352160.678s][info][gc] GC(385289) Pause Young (Normal) (G1 Evacuation Pause) 57M->47M(70M) 6.767ms
Dec 24 20:21:09 burnside uvmconsole: [3352183.851s][info][gc] GC(385290) Pause Young (Normal) (G1 Evacuation Pause) 57M->47M(70M) 6.519ms
Dec 24 20:21:51 burnside uvmconsole: [3352225.989s][info][gc] GC(385291) Pause Full (System.gc()) 56M->47M(70M) 310.665ms
Dec 24 20:22:16 burnside uvmconsole: [3352251.274s][info][gc] GC(385292) Pause Young (Normal) (G1 Evacuation Pause) 58M->47M(70M) 6.032ms
Dec 24 20:22:55 burnside uvmconsole: [3352290.361s][info][gc] GC(385293) Pause Young (Normal) (G1 Evacuation Pause) 57M->47M(70M) 5.915ms
Dec 24 20:23:15 burnside uvmconsole: [3352309.933s][info][gc] GC(385294) Pause Young (Normal) (G1 Evacuation Pause) 57M->47M(70M) 6.569ms
Dec 24 20:23:47 burnside uvmconsole: [3352342.156s][info][gc] GC(385295) Pause Young (Normal) (G1 Evacuation Pause) 57M->47M(70M) 6.697ms
Dec 24 20:24:12 burnside uvmconsole: [3352367.417s][info][gc] GC(385296) Pause Young (Normal) (G1 Evacuation Pause) 57M->47M(70M) 7.212ms
Dec 24 20:24:39 burnside uvmconsole: [3352394.250s][info][gc] GC(385297) Pause Young (Normal) (G1 Evacuation Pause) 57M->47M(70M) 6.644ms
Dec 24 20:25:08 burnside uvmconsole: [3352423.145s][info][gc] GC(385298) Pause Young (Normal) (G1 Evacuation Pause) 57M->48M(70M) 7.291ms
Dec 24 20:25:46 burnside uvmconsole: [3352461.615s][info][gc] GC(385299) Pause Young (Normal) (G1 Evacuation Pause) 58M->48M(70M) 6.872ms
Dec 24 20:26:09 burnside uvmconsole: [3352483.815s][info][gc] GC(385300) Pause Young (Normal) (G1 Evacuation Pause) 58M->48M(70M) 8.019ms
Dec 24 20:26:40 burnside uvmconsole: [3352515.468s][info][gc] GC(385301) Pause Young (Normal) (G1 Evacuation Pause) 58M->48M(70M) 7.542ms
Dec 24 20:26:51 burnside uvmconsole: [3352525.998s][info][gc] GC(385302) Pause Full (System.gc()) 51M->47M(70M) 318.951ms
Dec 24 20:27:09 burnside uvmconsole: [3352544.533s][info][gc] GC(385303) Pause Young (Normal) (G1 Evacuation Pause) 57M->47M(70M) 6.209ms
Dec 24 20:27:40 burnside uvmconsole: [3352575.163s][info][gc] GC(385304) Pause Young (Normal) (G1 Evacuation Pause) 57M->47M(70M) 6.344ms
Dec 24 20:28:00 burnside uvmconsole: [3352595.249s][info][gc] GC(385305) Pause Young (Normal) (G1 Evacuation Pause) 57M->48M(70M) 7.469ms
Dec 24 20:28:41 burnside uvmconsole: [3352635.813s][info][gc] GC(385306) Pause Young (Normal) (G1 Evacuation Pause) 58M->48M(70M) 6.877ms
Dec 24 20:29:02 burnside uvmconsole: [3352657.207s][info][gc] GC(385307) Pause Young (Normal) (G1 Evacuation Pause) 58M->47M(70M) 6.880ms
Dec 24 20:29:35 burnside uvmconsole: [3352690.515s][info][gc] GC(385308) Pause Young (Normal) (G1 Evacuation Pause) 57M->47M(70M) 5.991ms
Dec 24 20:30:03 burnside uvmconsole: [3352718.654s][info][gc] GC(385309) Pause Young (Normal) (G1 Evacuation Pause) 57M->47M(70M) 6.285ms
Dec 24 20:30:43 burnside uvmconsole: [3352758.366s][info][gc] GC(385310) Pause Young (Normal) (G1 Evacuation Pause) 57M->47M(70M) 6.855ms
Dec 24 20:31:02 burnside uvmconsole: [3352777.304s][info][gc] GC(385311) Pause Young (Normal) (G1 Evacuation Pause) 57M->48M(70M) 7.022ms
Dec 24 20:31:33 burnside uvmconsole: [3352808.656s][info][gc] GC(385312) Pause Young (Normal) (G1 Evacuation Pause) 58M->48M(70M) 7.196ms
Dec 24 20:31:51 burnside uvmconsole: [3352825.993s][info][gc] GC(385313) Pause Full (System.gc()) 51M->47M(70M) 314.361ms
Dec 24 20:32:15 burnside uvmconsole: [3352850.402s][info][gc] GC(385314) Pause Young (Normal) (G1 Evacuation Pause) 58M->47M(70M) 5.963ms
Dec 24 20:32:53 burnside uvmconsole: [3352888.738s][info][gc] GC(385315) Pause Young (Normal) (G1 Evacuation Pause) 58M->47M(70M) 6.156ms
Dec 24 20:33:22 burnside uvmconsole: [3352917.706s][info][gc] GC(385316) Pause Young (Normal) (G1 Evacuation Pause) 58M->47M(70M) 6.845ms
Dec 24 20:33:55 burnside uvmconsole: [3352950.085s][info][gc] GC(385317) Pause Young (Normal) (G1 Evacuation Pause) 58M->47M(70M) 6.959ms
Dec 24 20:34:23 burnside uvmconsole: [3352978.653s][info][gc] GC(385318) Pause Young (Normal) (G1 Evacuation Pause) 58M->47M(70M) 7.254ms
Dec 24 20:34:59 burnside uvmconsole: [3353014.187s][info][gc] GC(385319) Pause Young (Normal) (G1 Evacuation Pause) 58M->47M(70M) 6.775ms
Dec 24 20:35:33 burnside uvmconsole: [3353048.652s][info][gc] GC(385320) Pause Young (Normal) (G1 Evacuation Pause) 58M->47M(70M) 6.352ms
Dec 24 20:36:03 burnside uvmconsole: [3353078.625s][info][gc] GC(385321) Pause Young (Normal) (G1 Evacuation Pause) 58M->47M(70M) 7.040ms
Dec 24 20:36:43 burnside uvmconsole: [3353117.953s][info][gc] GC(385322) Pause Young (Normal) (G1 Evacuation Pause) 58M->47M(70M) 6.677ms
Dec 24 20:36:51 burnside uvmconsole: [3353125.994s][info][gc] GC(385323) Pause Full (System.gc()) 50M->47M(70M) 315.247ms
Dec 24 20:37:23 burnside uvmconsole: [3353158.009s][info][gc] GC(385324) Pause Young (Normal) (G1 Evacuation Pause) 59M->47M(70M) 6.160ms
Dec 24 20:37:58 burnside uvmconsole: [3353193.469s][info][gc] GC(385325) Pause Young (Normal) (G1 Evacuation Pause) 58M->47M(70M) 6.613ms
Dec 24 20:38:27 burnside uvmconsole: [3353222.441s][info][gc] GC(385326) Pause Young (Normal) (G1 Evacuation Pause) 58M->47M(70M) 6.414ms
Dec 24 20:39:00 burnside uvmconsole: [3353254.785s][info][gc] GC(385327) Pause Young (Normal) (G1 Evacuation Pause) 58M->47M(70M) 6.681ms
Dec 24 20:39:28 burnside uvmconsole: [3353283.195s][info][gc] GC(385328) Pause Young (Normal) (G1 Evacuation Pause) 58M->47M(70M) 6.863ms
Dec 24 20:40:03 burnside uvmconsole: [3353318.655s][info][gc] GC(385329) Pause Young (Normal) (G1 Evacuation Pause) 58M->47M(70M) 7.088ms
Dec 24 20:40:32 burnside uvmconsole: [3353346.854s][info][gc] GC(385330) Pause Young (Normal) (G1 Evacuation Pause) 58M->47M(70M) 6.769ms
Dec 24 20:41:06 burnside uvmconsole: [3353380.793s][info][gc] GC(385331) Pause Young (Normal) (G1 Evacuation Pause) 58M->47M(70M) 7.205ms
Dec 24 20:41:39 burnside uvmconsole: [3353414.629s][info][gc] GC(385332) Pause Young (Normal) (G1 Evacuation Pause) 58M->47M(70M) 7.218ms
Dec 24 20:41:51 burnside uvmconsole: [3353425.994s][info][gc] GC(385333) Pause Full (System.gc()) 51M->47M(70M) 315.759ms
Dec 24 20:42:13 burnside uvmconsole: [3353448.652s][info][gc] GC(385334) Pause Young (Normal) (G1 Evacuation Pause) 57M->47M(70M) 6.125ms
Dec 24 20:42:45 burnside uvmconsole: [3353480.393s][info][gc] GC(385335) Pause Young (Normal) (G1 Evacuation Pause) 57M->47M(70M) 5.768ms
Dec 24 20:43:11 burnside uvmconsole: [3353506.170s][info][gc] GC(385336) Pause Young (Normal) (G1 Evacuation Pause) 57M->47M(70M) 6.391ms
Dec 24 20:43:50 burnside uvmconsole: [3353545.624s][info][gc] GC(385337) Pause Young (Normal) (G1 Evacuation Pause) 57M->47M(70M) 6.131ms
Dec 24 20:44:13 burnside uvmconsole: [3353568.639s][info][gc] GC(385338) Pause Young (Normal) (G1 Evacuation Pause) 57M->47M(70M) 6.432ms
Dec 24 20:44:53 burnside uvmconsole: [3353608.656s][info][gc] GC(385339) Pause Young (Normal) (G1 Evacuation Pause) 57M->47M(70M) 6.048ms
Dec 24 20:45:27 burnside uvmconsole: [3353641.921s][info][gc] GC(385340) Pause Young (Normal) (G1 Evacuation Pause) 57M->47M(70M) 6.387ms
Dec 24 20:46:02 burnside uvmconsole: [3353676.948s][info][gc] GC(385341) Pause Young (Normal) (G1 Evacuation Pause) 57M->47M(70M) 6.286ms
Dec 24 20:46:32 burnside uvmconsole: [3353706.837s][info][gc] GC(385342) Pause Young (Normal) (G1 Evacuation Pause) 57M->47M(70M) 6.320ms
Dec 24 20:46:51 burnside uvmconsole: [3353725.997s][info][gc] GC(385343) Pause Full (System.gc()) 52M->47M(70M) 318.556ms
Dec 24 20:47:21 burnside uvmconsole: [3353756.194s][info][gc] GC(385344) Pause Young (Normal) (G1 Evacuation Pause) 59M->47M(70M) 6.255ms
Dec 24 20:47:59 burnside uvmconsole: [3353794.074s][info][gc] GC(385345) Pause Young (Normal) (G1 Evacuation Pause) 58M->47M(70M) 6.317ms
Dec 24 20:48:22 burnside uvmconsole: [3353816.939s][info][gc] GC(385346) Pause Young (Normal) (G1 Evacuation Pause) 58M->47M(70M) 6.202ms
Dec 24 20:48:59 burnside uvmconsole: [3353854.298s][info][gc] GC(385347) Pause Young (Normal) (G1 Evacuation Pause) 58M->47M(70M) 6.172ms
Dec 24 20:49:24 burnside uvmconsole: [3353879.738s][info][gc] GC(385348) Pause Young (Normal) (G1 Evacuation Pause) 58M->47M(70M) 6.699ms
Dec 24 20:50:03 burnside uvmconsole: [3353918.652s][info][gc] GC(385349) Pause Young (Normal) (G1 Evacuation Pause) 58M->47M(70M) 6.804ms
Dec 24 20:50:40 burnside uvmconsole: [3353955.550s][info][gc] GC(385350) Pause Young (Normal) (G1 Evacuation Pause) 58M->47M(70M) 6.392ms
Dec 24 20:51:10 burnside uvmconsole: [3353984.835s][info][gc] GC(385351) Pause Young (Normal) (G1 Evacuation Pause) 58M->47M(70M) 6.403ms
Dec 24 20:51:51 burnside uvmconsole: [3354025.990s][info][gc] GC(385352) Pause Full (System.gc()) 56M->47M(70M) 311.139ms
Dec 24 20:52:14 burnside uvmconsole: [3354049.337s][info][gc] GC(385353) Pause Young (Normal) (G1 Evacuation Pause) 58M->47M(70M) 6.097ms
Dec 24 20:52:53 burnside uvmconsole: [3354087.753s][info][gc] GC(385354) Pause Young (Normal) (G1 Evacuation Pause) 58M->47M(70M) 6.061ms
Dec 24 20:53:11 burnside uvmconsole: [3354106.440s][info][gc] GC(385355) Pause Young (Normal) (G1 Evacuation Pause) 58M->47M(70M) 6.846ms
Dec 24 20:53:51 burnside uvmconsole: [3354146.467s][info][gc] GC(385356) Pause Young (Normal) (G1 Evacuation Pause) 58M->47M(70M) 6.399ms
Dec 24 20:54:12 burnside uvmconsole: [3354166.823s][info][gc] GC(385357) Pause Young (Normal) (G1 Evacuation Pause) 58M->47M(70M) 6.832ms
Dec 24 20:54:51 burnside uvmconsole: [3354205.951s][info][gc] GC(385358) Pause Young (Normal) (G1 Evacuation Pause) 57M->47M(70M) 7.227ms
Dec 24 20:55:18 burnside uvmconsole: [3354233.716s][info][gc] GC(385359) Pause Young (Normal) (G1 Evacuation Pause) 57M->47M(70M) 7.124ms
Dec 24 20:55:56 burnside uvmconsole: [3354271.273s][info][gc] GC(385360) Pause Young (Normal) (G1 Evacuation Pause) 57M->47M(70M) 6.504ms
Dec 24 20:56:19 burnside uvmconsole: [3354294.370s][info][gc] GC(385361) Pause Young (Normal) (G1 Evacuation Pause) 57M->47M(70M) 7.456ms
Dec 24 20:56:51 burnside uvmconsole: [3354325.991s][info][gc] GC(385362) Pause Full (System.gc()) 55M->47M(70M) 312.233ms
Dec 24 20:57:13 burnside uvmconsole: [3354348.655s][info][gc] GC(385363) Pause Young (Normal) (G1 Evacuation Pause) 57M->47M(70M) 6.504ms
Dec 24 20:57:55 burnside uvmconsole: [3354389.893s][info][gc] GC(385364) Pause Young (Normal) (G1 Evacuation Pause) 57M->47M(70M) 5.784ms
Dec 24 20:58:20 burnside uvmconsole: [3354415.006s][info][gc] GC(385365) Pause Young (Normal) (G1 Evacuation Pause) 57M->47M(70M) 5.965ms
Dec 24 20:58:55 burnside uvmconsole: [3354450.014s][info][gc] GC(385366) Pause Young (Normal) (G1 Evacuation Pause) 57M->47M(70M) 5.885ms
Dec 24 20:59:19 burnside uvmconsole: [3354473.996s][info][gc] GC(385367) Pause Young (Normal) (G1 Evacuation Pause) 57M->47M(70M) 5.976ms
Dec 24 20:59:58 burnside uvmconsole: [3354513.388s][info][gc] GC(385368) Pause Young (Normal) (G1 Evacuation Pause) 57M->47M(70M) 6.200ms
Dec 24 21:00:24 burnside uvmconsole: [3354539.177s][info][gc] GC(385369) Pause Young (Normal) (G1 Evacuation Pause) 57M->47M(70M) 6.419ms
Dec 24 21:00:59 burnside uvmconsole: [3354574.645s][info][gc] GC(385370) Pause Young (Normal) (G1 Evacuation Pause) 57M->47M(70M) 6.850ms
Dec 24 21:01:22 burnside uvmconsole: [3354597.604s][info][gc] GC(385371) Pause Young (Normal) (G1 Evacuation Pause) 57M->47M(70M) 8.013ms
Dec 24 21:01:51 burnside uvmconsole: [3354625.995s][info][gc] GC(385372) Pause Full (System.gc()) 54M->47M(70M) 316.124ms
Dec 24 21:02:17 burnside uvmconsole: [3354652.117s][info][gc] GC(385373) Pause Young (Normal) (G1 Evacuation Pause) 58M->47M(70M) 5.843ms
Dec 24 21:02:53 burnside uvmconsole: [3354688.466s][info][gc] GC(385374) Pause Young (Normal) (G1 Evacuation Pause) 57M->47M(70M) 6.110ms
Dec 24 21:03:14 burnside uvmconsole: [3354708.944s][info][gc] GC(385375) Pause Young (Normal) (G1 Evacuation Pause) 57M->47M(70M) 6.344ms
Dec 24 21:03:47 burnside uvmconsole: [3354741.840s][info][gc] GC(385376) Pause Young (Normal) (G1 Evacuation Pause) 57M->47M(70M) 6.134ms
Dec 24 21:04:13 burnside uvmconsole: [3354768.655s][info][gc] GC(385377) Pause Young (Normal) (G1 Evacuation Pause) 57M->47M(70M) 9.299ms
Dec 24 21:04:54 burnside uvmconsole: [3354809.507s][info][gc] GC(385378) Pause Young (Normal) (G1 Evacuation Pause) 57M->47M(70M) 6.439ms
Dec 24 21:05:23 burnside uvmconsole: [3354838.653s][info][gc] GC(385379) Pause Young (Normal) (G1 Evacuation Pause) 57M->47M(70M) 6.162ms
Dec 24 21:05:53 burnside uvmconsole: [3354868.651s][info][gc] GC(385380) Pause Young (Normal) (G1 Evacuation Pause) 57M->47M(70M) 5.994ms
Dec 24 21:06:20 burnside uvmconsole: [3354895.024s][info][gc] GC(385381) Pause Young (Normal) (G1 Evacuation Pause) 57M->47M(70M) 5.889ms
Dec 24 21:06:51 burnside uvmconsole: [3354925.990s][info][gc] GC(385382) Pause Full (System.gc()) 55M->47M(70M) 311.483ms
Dec 24 21:07:16 burnside uvmconsole: [3354951.450s][info][gc] GC(385383) Pause Young (Normal) (G1 Evacuation Pause) 59M->47M(70M) 6.555ms
Dec 24 21:07:57 burnside uvmconsole: [3354992.113s][info][gc] GC(385384) Pause Young (Normal) (G1 Evacuation Pause) 58M->47M(70M) 6.143ms
Dec 24 21:08:26 burnside uvmconsole: [3355021.743s][info][gc] GC(385385) Pause Young (Normal) (G1 Evacuation Pause) 58M->47M(70M) 6.215ms
Dec 24 21:09:02 burnside uvmconsole: [3355057.008s][info][gc] GC(385386) Pause Young (Normal) (G1 Evacuation Pause) 58M->47M(70M) 6.498ms
Dec 24 21:09:33 burnside uvmconsole: [3355088.650s][info][gc] GC(385387) Pause Young (Normal) (G1 Evacuation Pause) 58M->47M(70M) 5.738ms
Dec 24 21:10:08 burnside uvmconsole: [3355123.073s][info][gc] GC(385388) Pause Young (Normal) (G1 Evacuation Pause) 58M->47M(70M) 6.486ms
Dec 24 21:10:46 burnside uvmconsole: [3355161.688s][info][gc] GC(385389) Pause Young (Normal) (G1 Evacuation Pause) 58M->47M(70M) 6.176ms
Dec 24 21:11:09 burnside uvmconsole: [3355184.148s][info][gc] GC(385390) Pause Young (Normal) (G1 Evacuation Pause) 58M->47M(70M) 6.216ms
Dec 24 21:11:51 burnside uvmconsole: [3355225.998s][info][gc] GC(385391) Pause Full (System.gc()) 57M->47M(70M) 318.992ms
Dec 24 21:12:06 burnside uvmconsole: [3355241.151s][info][gc] GC(385392) Pause Young (Normal) (G1 Evacuation Pause) 58M->48M(70M) 7.037ms
Dec 24 21:12:36 burnside uvmconsole: [3355271.229s][info][gc] GC(385393) Pause Young (Normal) (G1 Evacuation Pause) 58M->47M(70M) 6.562ms
Dec 24 21:13:00 burnside uvmconsole: [3355294.982s][info][gc] GC(385394) Pause Young (Normal) (G1 Evacuation Pause) 57M->47M(70M) 6.725ms
Dec 24 21:13:39 burnside uvmconsole: [3355334.711s][info][gc] GC(385395) Pause Young (Normal) (G1 Evacuation Pause) 57M->47M(70M) 6.479ms
Dec 24 21:14:01 burnside uvmconsole: [3355356.040s][info][gc] GC(385396) Pause Young (Normal) (G1 Evacuation Pause) 57M->47M(70M) 6.566ms
Dec 24 21:14:31 burnside uvmconsole: [3355386.098s][info][gc] GC(385397) Pause Young (Normal) (G1 Evacuation Pause) 57M->47M(70M) 12.210ms
Dec 24 21:15:00 burnside uvmconsole: [3355414.786s][info][gc] GC(385398) Pause Young (Normal) (G1 Evacuation Pause) 57M->48M(70M) 7.769ms
Dec 24 21:15:22 burnside uvmconsole: [3355437.226s][info][gc] GC(385399) Pause Young (Normal) (G1 Evacuation Pause) 58M->48M(70M) 7.637ms
Dec 24 21:15:53 burnside uvmconsole: [3355468.638s][info][gc] GC(385400) Pause Young (Normal) (G1 Evacuation Pause) 58M->47M(70M) 6.867ms
Dec 24 21:16:19 burnside uvmconsole: [3355494.197s][info][gc] GC(385401) Pause Young (Normal) (G1 Evacuation Pause) 57M->47M(70M) 9.712ms
Dec 24 21:16:51 burnside uvmconsole: [3355525.987s][info][gc] GC(385402) Pause Full (System.gc()) 54M->47M(70M) 308.553ms
Dec 24 21:17:14 burnside uvmconsole: [3355548.777s][info][gc] GC(385403) Pause Young (Normal) (G1 Evacuation Pause) 57M->47M(70M) 5.597ms
Dec 24 21:17:53 burnside uvmconsole: [3355588.653s][info][gc] GC(385404) Pause Young (Normal) (G1 Evacuation Pause) 56M->47M(70M) 5.403ms
Dec 24 21:18:16 burnside uvmconsole: [3355611.368s][info][gc] GC(385405) Pause Young (Normal) (G1 Evacuation Pause) 56M->47M(70M) 5.469ms
Dec 24 21:18:53 burnside uvmconsole: [3355648.654s][info][gc] GC(385406) Pause Young (Normal) (G1 Evacuation Pause) 56M->47M(70M) 5.819ms
Dec 24 21:19:13 burnside uvmconsole: [3355668.287s][info][gc] GC(385407) Pause Young (Normal) (G1 Evacuation Pause) 56M->47M(70M) 6.230ms
Dec 24 21:19:44 burnside uvmconsole: [3355699.442s][info][gc] GC(385408) Pause Young (Normal) (G1 Evacuation Pause) 56M->47M(70M) 5.816ms
Dec 24 21:20:04 burnside uvmconsole: [3355719.566s][info][gc] GC(385409) Pause Young (Normal) (G1 Evacuation Pause) 56M->47M(70M) 6.547ms
Dec 24 21:20:30 burnside uvmconsole: [3355745.096s][info][gc] GC(385410) Pause Young (Normal) (G1 Evacuation Pause) 56M->47M(70M) 6.425ms
Dec 24 21:21:02 burnside uvmconsole: [3355776.849s][info][gc] GC(385411) Pause Young (Normal) (G1 Evacuation Pause) 56M->47M(70M) 6.987ms
Dec 24 21:21:26 burnside uvmconsole: [3355801.627s][info][gc] GC(385412) Pause Young (Normal) (G1 Evacuation Pause) 56M->47M(70M) 6.335ms
Dec 24 21:21:51 burnside uvmconsole: [3355825.997s][info][gc] GC(385413) Pause Full (System.gc()) 52M->47M(70M) 319.063ms
Dec 24 21:22:13 burnside uvmconsole: [3355848.637s][info][gc] GC(385414) Pause Young (Normal) (G1 Evacuation Pause) 58M->47M(70M) 5.956ms
Dec 24 21:22:53 burnside uvmconsole: [3355888.096s][info][gc] GC(385415) Pause Young (Normal) (G1 Evacuation Pause) 57M->47M(70M) 5.488ms
Dec 24 21:23:15 burnside uvmconsole: [3355909.947s][info][gc] GC(385416) Pause Young (Normal) (G1 Evacuation Pause) 57M->47M(70M) 6.192ms
Dec 24 21:23:55 burnside uvmconsole: [3355950.185s][info][gc] GC(385417) Pause Young (Normal) (G1 Evacuation Pause) 57M->47M(70M) 6.281ms
Dec 24 21:24:18 burnside uvmconsole: [3355973.684s][info][gc] GC(385418) Pause Young (Normal) (G1 Evacuation Pause) 57M->47M(70M) 6.241ms
Dec 24 21:24:51 burnside uvmconsole: [3356006.655s][info][gc] GC(385419) Pause Young (Normal) (G1 Evacuation Pause) 57M->47M(70M) 6.473ms
Dec 24 21:25:18 burnside uvmconsole: [3356033.171s][info][gc] GC(385420) Pause Young (Normal) (G1 Evacuation Pause) 57M->47M(70M) 6.315ms
Dec 24 21:25:57 burnside uvmconsole: [3356072.534s][info][gc] GC(385421) Pause Young (Normal) (G1 Evacuation Pause) 57M->47M(70M) 6.379ms
Dec 24 21:26:19 burnside uvmconsole: [3356093.826s][info][gc] GC(385422) Pause Young (Normal) (G1 Evacuation Pause) 57M->47M(70M) 6.816ms
Dec 24 21:26:51 burnside uvmconsole: [3356125.989s][info][gc] GC(385423) Pause Full (System.gc()) 55M->47M(70M) 310.582ms
Dec 24 21:27:13 burnside uvmconsole: [3356148.651s][info][gc] GC(385424) Pause Young (Normal) (G1 Evacuation Pause) 57M->47M(70M) 5.887ms
Dec 24 21:27:50 burnside uvmconsole: [3356185.271s][info][gc] GC(385425) Pause Young (Normal) (G1 Evacuation Pause) 57M->47M(70M) 6.082ms
Dec 24 21:28:10 burnside uvmconsole: [3356205.208s][info][gc] GC(385426) Pause Young (Normal) (G1 Evacuation Pause) 57M->47M(70M) 6.378ms
Dec 24 21:28:55 burnside uvmconsole: [3356250.606s][info][gc] GC(385427) Pause Young (Normal) (G1 Evacuation Pause) 57M->47M(70M) 5.820ms
Dec 24 21:29:21 burnside uvmconsole: [3356276.139s][info][gc] GC(385428) Pause Young (Normal) (G1 Evacuation Pause) 57M->47M(70M) 6.073ms
Dec 24 21:29:57 burnside uvmconsole: [3356312.670s][info][gc] GC(385429) Pause Young (Normal) (G1 Evacuation Pause) 57M->47M(70M) 6.509ms
Dec 24 21:30:22 burnside uvmconsole: [3356337.419s][info][gc] GC(385430) Pause Young (Normal) (G1 Evacuation Pause) 57M->47M(70M) 6.348ms
Dec 24 21:30:59 burnside uvmconsole: [3356374.186s][info][gc] GC(385431) Pause Young (Normal) (G1 Evacuation Pause) 57M->47M(70M) 6.093ms
Dec 24 21:31:23 burnside uvmconsole: [3356398.651s][info][gc] GC(385432) Pause Young (Normal) (G1 Evacuation Pause) 57M->47M(70M) 6.456ms
Dec 24 21:31:51 burnside uvmconsole: [3356425.991s][info][gc] GC(385433) Pause Full (System.gc()) 53M->47M(70M) 312.188ms
Dec 24 21:32:20 burnside uvmconsole: [3356455.286s][info][gc] GC(385434) Pause Young (Normal) (G1 Evacuation Pause) 59M->47M(70M) 6.486ms
Dec 24 21:33:00 burnside uvmconsole: [3356495.728s][info][gc] GC(385435) Pause Young (Normal) (G1 Evacuation Pause) 58M->47M(70M) 6.572ms
Dec 24 21:33:33 burnside uvmconsole: [3356528.653s][info][gc] GC(385436) Pause Young (Normal) (G1 Evacuation Pause) 58M->47M(70M) 6.167ms
Dec 24 21:34:03 burnside uvmconsole: [3356558.602s][info][gc] GC(385437) Pause Young (Normal) (G1 Evacuation Pause) 58M->47M(70M) 7.725ms
Dec 24 21:34:32 burnside uvmconsole: [3356586.877s][info][gc] GC(385438) Pause Young (Normal) (G1 Evacuation Pause) 58M->47M(70M) 6.241ms
Dec 24 21:35:07 burnside uvmconsole: [3356622.648s][info][gc] GC(385439) Pause Young (Normal) (G1 Evacuation Pause) 58M->47M(70M) 6.347ms
Dec 24 21:35:43 burnside uvmconsole: [3356658.655s][info][gc] GC(385440) Pause Young (Normal) (G1 Evacuation Pause) 58M->47M(70M) 6.703ms
Dec 24 21:36:08 burnside uvmconsole: [3356683.327s][info][gc] GC(385441) Pause Young (Normal) (G1 Evacuation Pause) 58M->47M(70M) 6.737ms
Dec 24 21:36:51 burnside uvmconsole: [3356726.003s][info][gc] GC(385442) Pause Full (System.gc()) 58M->47M(70M) 324.545ms
Dec 24 21:37:14 burnside uvmconsole: [3356748.936s][info][gc] GC(385443) Pause Young (Normal) (G1 Evacuation Pause) 58M->47M(70M) 6.234ms
Dec 24 21:37:53 burnside uvmconsole: [3356788.651s][info][gc] GC(385444) Pause Young (Normal) (G1 Evacuation Pause) 58M->47M(70M) 5.787ms
Dec 24 21:38:21 burnside uvmconsole: [3356816.277s][info][gc] GC(385445) Pause Young (Normal) (G1 Evacuation Pause) 58M->47M(70M) 6.364ms
Dec 24 21:38:59 burnside uvmconsole: [3356854.526s][info][gc] GC(385446) Pause Young (Normal) (G1 Evacuation Pause) 58M->47M(70M) 6.519ms
Dec 24 21:39:23 burnside uvmconsole: [3356878.655s][info][gc] GC(385447) Pause Young (Normal) (G1 Evacuation Pause) 58M->47M(70M) 6.130ms
Dec 24 21:40:02 burnside uvmconsole: [3356917.694s][info][gc] GC(385448) Pause Young (Normal) (G1 Evacuation Pause) 58M->47M(70M) 6.430ms
Dec 24 21:40:31 burnside uvmconsole: [3356946.220s][info][gc] GC(385449) Pause Young (Normal) (G1 Evacuation Pause) 58M->47M(70M) 6.218ms
Dec 24 21:41:04 burnside uvmconsole: [3356979.013s][info][gc] GC(385450) Pause Young (Normal) (G1 Evacuation Pause) 58M->47M(70M) 6.755ms
Dec 24 21:41:32 burnside uvmconsole: [3357007.588s][info][gc] GC(385451) Pause Young (Normal) (G1 Evacuation Pause) 57M->47M(70M) 6.539ms
Dec 24 21:41:51 burnside uvmconsole: [3357025.992s][info][gc] GC(385452) Pause Full (System.gc()) 51M->47M(70M) 314.144ms
Dec 24 21:42:13 burnside uvmconsole: [3357048.750s][info][gc] GC(385453) Pause Young (Normal) (G1 Evacuation Pause) 58M->47M(70M) 6.097ms
Dec 24 21:42:53 burnside uvmconsole: [3357088.303s][info][gc] GC(385454) Pause Young (Normal) (G1 Evacuation Pause) 57M->47M(70M) 5.798ms
Dec 24 21:43:11 burnside uvmconsole: [3357106.252s][info][gc] GC(385455) Pause Young (Normal) (G1 Evacuation Pause) 57M->47M(70M) 6.319ms
Dec 24 21:43:50 burnside uvmconsole: [3357145.732s][info][gc] GC(385456) Pause Young (Normal) (G1 Evacuation Pause) 57M->47M(70M) 6.421ms
Dec 24 21:44:13 burnside uvmconsole: [3357168.273s][info][gc] GC(385457) Pause Young (Normal) (G1 Evacuation Pause) 57M->47M(70M) 9.453ms
Dec 24 21:44:52 burnside uvmconsole: [3357207.233s][info][gc] GC(385458) Pause Young (Normal) (G1 Evacuation Pause) 57M->47M(70M) 6.111ms
Dec 24 21:45:14 burnside uvmconsole: [3357228.860s][info][gc] GC(385459) Pause Young (Normal) (G1 Evacuation Pause) 57M->47M(70M) 6.024ms
Dec 24 21:45:53 burnside uvmconsole: [3357268.655s][info][gc] GC(385460) Pause Young (Normal) (G1 Evacuation Pause) 57M->47M(70M) 6.230ms
Dec 24 21:46:13 burnside uvmconsole: [3357288.590s][info][gc] GC(385461) Pause Young (Normal) (G1 Evacuation Pause) 57M->47M(70M) 6.159ms
Dec 24 21:46:51 burnside uvmconsole: [3357326.016s][info][gc] GC(385462) Pause Full (System.gc()) 55M->47M(70M) 337.453ms
Dec 24 21:47:16 burnside uvmconsole: [3357350.943s][info][gc] GC(385463) Pause Young (Normal) (G1 Evacuation Pause) 58M->47M(70M) 5.873ms
Dec 24 21:47:59 burnside uvmconsole: [3357394.185s][info][gc] GC(385464) Pause Young (Normal) (G1 Evacuation Pause) 57M->47M(70M) 5.953ms
Dec 24 21:48:31 burnside uvmconsole: [3357426.331s][info][gc] GC(385465) Pause Young (Normal) (G1 Evacuation Pause) 58M->47M(70M) 6.134ms
Dec 24 21:49:03 burnside uvmconsole: [3357457.909s][info][gc] GC(385466) Pause Young (Normal) (G1 Evacuation Pause) 58M->47M(70M) 6.424ms
Dec 24 21:49:22 burnside uvmconsole: [3357477.332s][info][gc] GC(385467) Pause Young (Normal) (G1 Evacuation Pause) 58M->47M(70M) 6.863ms
Dec 24 21:49:59 burnside uvmconsole: [3357514.189s][info][gc] GC(385468) Pause Young (Normal) (G1 Evacuation Pause) 58M->47M(70M) 7.089ms
Dec 24 21:50:24 burnside uvmconsole: [3357539.054s][info][gc] GC(385469) Pause Young (Normal) (G1 Evacuation Pause) 57M->47M(70M) 6.580ms
Dec 24 21:50:58 burnside uvmconsole: [3357573.154s][info][gc] GC(385470) Pause Young (Normal) (G1 Evacuation Pause) 57M->47M(70M) 6.750ms
Dec 24 21:51:19 burnside uvmconsole: [3357594.257s][info][gc] GC(385471) Pause Young (Normal) (G1 Evacuation Pause) 57M->47M(70M) 7.023ms
Dec 24 21:51:51 burnside uvmconsole: [3357625.993s][info][gc] GC(385472) Pause Full (System.gc()) 54M->47M(70M) 313.937ms
Dec 24 21:52:16 burnside uvmconsole: [3357650.760s][info][gc] GC(385473) Pause Young (Normal) (G1 Evacuation Pause) 58M->47M(70M) 6.450ms
Dec 24 21:52:52 burnside uvmconsole: [3357687.543s][info][gc] GC(385474) Pause Young (Normal) (G1 Evacuation Pause) 57M->47M(70M) 6.028ms
Dec 24 21:53:13 burnside uvmconsole: [3357707.960s][info][gc] GC(385475) Pause Young (Normal) (G1 Evacuation Pause) 57M->47M(70M) 6.054ms
Dec 24 21:53:46 burnside uvmconsole: [3357741.668s][info][gc] GC(385476) Pause Young (Normal) (G1 Evacuation Pause) 57M->47M(70M) 6.739ms
Dec 24 21:54:07 burnside uvmconsole: [3357761.958s][info][gc] GC(385477) Pause Young (Normal) (G1 Evacuation Pause) 57M->48M(70M) 7.910ms
Dec 24 21:54:37 burnside uvmconsole: [3357792.414s][info][gc] GC(385478) Pause Young (Normal) (G1 Evacuation Pause) 58M->48M(70M) 7.567ms
Dec 24 21:55:07 burnside uvmconsole: [3357822.697s][info][gc] GC(385479) Pause Young (Normal) (G1 Evacuation Pause) 58M->47M(70M) 7.312ms
Dec 24 21:55:38 burnside uvmconsole: [3357853.094s][info][gc] GC(385480) Pause Young (Normal) (G1 Evacuation Pause) 57M->47M(70M) 6.801ms
Dec 24 21:56:08 burnside uvmconsole: [3357883.339s][info][gc] GC(385481) Pause Young (Normal) (G1 Evacuation Pause) 57M->47M(70M) 6.618ms
Dec 24 21:56:43 burnside uvmconsole: [3357918.118s][info][gc] GC(385482) Pause Young (Normal) (G1 Evacuation Pause) 57M->47M(70M) 6.362ms
Dec 24 21:56:51 burnside uvmconsole: [3357925.994s][info][gc] GC(385483) Pause Full (System.gc()) 49M->47M(70M) 315.148ms
Dec 24 21:57:15 burnside uvmconsole: [3357949.843s][info][gc] GC(385484) Pause Young (Normal) (G1 Evacuation Pause) 58M->47M(70M) 5.879ms
Dec 24 21:57:59 burnside uvmconsole: [3357994.532s][info][gc] GC(385485) Pause Young (Normal) (G1 Evacuation Pause) 58M->47M(70M) 5.567ms
Dec 24 21:58:37 burnside uvmconsole: [3358031.919s][info][gc] GC(385486) Pause Young (Normal) (G1 Evacuation Pause) 58M->47M(70M) 6.014ms
Dec 24 21:59:06 burnside uvmconsole: [3358061.013s][info][gc] GC(385487) Pause Young (Normal) (G1 Evacuation Pause) 58M->47M(70M) 6.250ms
Dec 24 21:59:44 burnside uvmconsole: [3358099.057s][info][gc] GC(385488) Pause Young (Normal) (G1 Evacuation Pause) 58M->47M(70M) 6.938ms
Dec 24 22:00:11 burnside uvmconsole: [3358126.612s][info][gc] GC(385489) Pause Young (Normal) (G1 Evacuation Pause) 58M->47M(70M) 6.344ms
Dec 24 22:00:46 burnside uvmconsole: [3358161.403s][info][gc] GC(385490) Pause Young (Normal) (G1 Evacuation Pause) 58M->47M(70M) 6.504ms
Dec 24 22:01:06 burnside uvmconsole: [3358181.222s][info][gc] GC(385491) Pause Young (Normal) (G1 Evacuation Pause) 58M->47M(70M) 7.107ms
Dec 24 22:01:51 burnside uvmconsole: [3358225.989s][info][gc] GC(385492) Pause Full (System.gc()) 57M->47M(70M) 310.757ms
Dec 24 22:02:22 burnside uvmconsole: [3358257.211s][info][gc] GC(385493) Pause Young (Normal) (G1 Evacuation Pause) 58M->47M(70M) 6.113ms
Dec 24 22:02:58 burnside uvmconsole: [3358293.292s][info][gc] GC(385494) Pause Young (Normal) (G1 Evacuation Pause) 57M->47M(70M) 5.974ms
Dec 24 22:03:15 burnside uvmconsole: [3358310.271s][info][gc] GC(385495) Pause Young (Normal) (G1 Evacuation Pause) 58M->47M(70M) 6.220ms
Dec 24 22:03:53 burnside uvmconsole: [3358347.754s][info][gc] GC(385496) Pause Young (Normal) (G1 Evacuation Pause) 58M->47M(70M) 6.334ms
Dec 24 22:04:17 burnside uvmconsole: [3358371.936s][info][gc] GC(385497) Pause Young (Normal) (G1 Evacuation Pause) 58M->47M(70M) 6.439ms
Dec 24 22:05:00 burnside uvmconsole: [3358414.955s][info][gc] GC(385498) Pause Young (Normal) (G1 Evacuation Pause) 58M->47M(70M) 6.394ms
Dec 24 22:05:34 burnside uvmconsole: [3358449.551s][info][gc] GC(385499) Pause Young (Normal) (G1 Evacuation Pause) 58M->47M(70M) 6.135ms
Dec 24 22:06:05 burnside uvmconsole: [3358479.781s][info][gc] GC(385500) Pause Young (Normal) (G1 Evacuation Pause) 58M->47M(70M) 6.693ms
Dec 24 22:06:43 burnside uvmconsole: [3358518.654s][info][gc] GC(385501) Pause Young (Normal) (G1 Evacuation Pause) 57M->47M(70M) 6.137ms
Dec 24 22:06:51 burnside uvmconsole: [3358525.990s][info][gc] GC(385502) Pause Full (System.gc()) 49M->47M(70M) 310.980ms
Dec 24 22:07:13 burnside uvmconsole: [3358548.654s][info][gc] GC(385503) Pause Young (Normal) (G1 Evacuation Pause) 57M->47M(70M) 5.998ms
Dec 24 22:07:56 burnside uvmconsole: [3358590.860s][info][gc] GC(385504) Pause Young (Normal) (G1 Evacuation Pause) 57M->47M(70M) 5.866ms
Dec 24 22:08:17 burnside uvmconsole: [3358612.441s][info][gc] GC(385505) Pause Young (Normal) (G1 Evacuation Pause) 57M->47M(70M) 5.897ms
Dec 24 22:08:53 burnside uvmconsole: [3358648.455s][info][gc] GC(385506) Pause Young (Normal) (G1 Evacuation Pause) 57M->47M(70M) 6.063ms
Dec 24 22:09:12 burnside uvmconsole: [3358667.623s][info][gc] GC(385507) Pause Young (Normal) (G1 Evacuation Pause) 57M->47M(70M) 6.503ms
Dec 24 22:09:47 burnside uvmconsole: [3358702.270s][info][gc] GC(385508) Pause Young (Normal) (G1 Evacuation Pause) 57M->47M(70M) 6.875ms
Dec 24 22:10:09 burnside uvmconsole: [3358724.029s][info][gc] GC(385509) Pause Young (Normal) (G1 Evacuation Pause) 57M->47M(70M) 7.378ms
Dec 24 22:10:42 burnside uvmconsole: [3358757.629s][info][gc] GC(385510) Pause Young (Normal) (G1 Evacuation Pause) 56M->47M(70M) 6.480ms
Dec 24 22:11:08 burnside uvmconsole: [3358783.019s][info][gc] GC(385511) Pause Young (Normal) (G1 Evacuation Pause) 56M->47M(70M) 6.389ms
Dec 24 22:11:47 burnside uvmconsole: [3358822.251s][info][gc] GC(385512) Pause Young (Normal) (G1 Evacuation Pause) 56M->47M(70M) 6.442ms
Dec 24 22:11:51 burnside uvmconsole: [3358825.990s][info][gc] GC(385513) Pause Full (System.gc()) 49M->47M(70M) 311.840ms
Dec 24 22:12:19 burnside uvmconsole: [3358853.896s][info][gc] GC(385514) Pause Young (Normal) (G1 Evacuation Pause) 58M->47M(70M) 6.057ms
Dec 24 22:12:54 burnside uvmconsole: [3358888.894s][info][gc] GC(385515) Pause Young (Normal) (G1 Evacuation Pause) 57M->47M(70M) 5.990ms
Dec 24 22:13:15 burnside uvmconsole: [3358910.532s][info][gc] GC(385516) Pause Young (Normal) (G1 Evacuation Pause) 57M->47M(70M) 6.134ms
Dec 24 22:13:50 burnside uvmconsole: [3358945.660s][info][gc] GC(385517) Pause Young (Normal) (G1 Evacuation Pause) 57M->47M(70M) 6.107ms
Dec 24 22:14:11 burnside uvmconsole: [3358966.023s][info][gc] GC(385518) Pause Young (Normal) (G1 Evacuation Pause) 57M->47M(70M) 6.474ms
Dec 24 22:14:48 burnside uvmconsole: [3359003.305s][info][gc] GC(385519) Pause Young (Normal) (G1 Evacuation Pause) 57M->47M(70M) 6.530ms
Dec 24 22:15:10 burnside uvmconsole: [3359024.996s][info][gc] GC(385520) Pause Young (Normal) (G1 Evacuation Pause) 57M->47M(70M) 7.055ms
Dec 24 22:15:42 burnside uvmconsole: [3359057.078s][info][gc] GC(385521) Pause Young (Normal) (G1 Evacuation Pause) 57M->47M(70M) 6.859ms
Dec 24 22:16:08 burnside uvmconsole: [3359082.889s][info][gc] GC(385522) Pause Young (Normal) (G1 Evacuation Pause) 57M->47M(70M) 6.964ms
Dec 24 22:16:51 burnside uvmconsole: [3359125.996s][info][gc] GC(385523) Pause Full (System.gc()) 56M->47M(70M) 316.996ms
Dec 24 22:17:18 burnside uvmconsole: [3359153.338s][info][gc] GC(385524) Pause Young (Normal) (G1 Evacuation Pause) 57M->47M(70M) 5.793ms
Dec 24 22:17:59 burnside uvmconsole: [3359194.185s][info][gc] GC(385525) Pause Young (Normal) (G1 Evacuation Pause) 56M->47M(70M) 5.607ms
Dec 24 22:18:27 burnside uvmconsole: [3359222.313s][info][gc] GC(385526) Pause Young (Normal) (G1 Evacuation Pause) 57M->47M(70M) 5.548ms
Dec 24 22:18:57 burnside uvmconsole: [3359251.769s][info][gc] GC(385527) Pause Young (Normal) (G1 Evacuation Pause) 57M->47M(70M) 5.892ms
Dec 24 22:19:17 burnside uvmconsole: [3359272.586s][info][gc] GC(385528) Pause Young (Normal) (G1 Evacuation Pause) 57M->47M(70M) 6.486ms
Dec 24 22:19:53 burnside uvmconsole: [3359308.656s][info][gc] GC(385529) Pause Young (Normal) (G1 Evacuation Pause) 57M->47M(70M) 6.621ms
Dec 24 22:20:23 burnside uvmconsole: [3359338.652s][info][gc] GC(385530) Pause Young (Normal) (G1 Evacuation Pause) 57M->47M(70M) 6.386ms
Dec 24 22:20:59 burnside uvmconsole: [3359374.186s][info][gc] GC(385531) Pause Young (Normal) (G1 Evacuation Pause) 57M->47M(70M) 6.451ms
Dec 24 22:21:26 burnside uvmconsole: [3359401.225s][info][gc] GC(385532) Pause Young (Normal) (G1 Evacuation Pause) 57M->47M(70M) 5.928ms
Dec 24 22:21:51 burnside uvmconsole: [3359425.989s][info][gc] GC(385533) Pause Full (System.gc()) 53M->47M(70M) 311.294ms
Dec 24 22:22:13 burnside uvmconsole: [3359448.048s][info][gc] GC(385534) Pause Young (Normal) (G1 Evacuation Pause) 57M->47M(70M) 5.848ms
Dec 24 22:22:51 burnside uvmconsole: [3359486.618s][info][gc] GC(385535) Pause Young (Normal) (G1 Evacuation Pause) 57M->47M(70M) 5.631ms
Dec 24 22:23:13 burnside uvmconsole: [3359508.655s][info][gc] GC(385536) Pause Young (Normal) (G1 Evacuation Pause) 57M->47M(70M) 6.064ms
Dec 24 22:23:46 burnside uvmconsole: [3359541.269s][info][gc] GC(385537) Pause Young (Normal) (G1 Evacuation Pause) 57M->47M(70M) 7.426ms
Dec 24 22:24:09 burnside uvmconsole: [3359564.255s][info][gc] GC(385538) Pause Young (Normal) (G1 Evacuation Pause) 57M->47M(70M) 7.570ms
Dec 24 22:24:33 burnside uvmconsole: [3359588.109s][info][gc] GC(385539) Pause Young (Normal) (G1 Evacuation Pause) 57M->47M(70M) 7.207ms
Dec 24 22:24:59 burnside uvmconsole: [3359614.187s][info][gc] GC(385540) Pause Young (Normal) (G1 Evacuation Pause) 57M->47M(70M) 6.921ms
Dec 24 22:25:22 burnside uvmconsole: [3359637.104s][info][gc] GC(385541) Pause Young (Normal) (G1 Evacuation Pause) 56M->47M(70M) 6.452ms
Dec 24 22:25:59 burnside uvmconsole: [3359674.186s][info][gc] GC(385542) Pause Young (Normal) (G1 Evacuation Pause) 56M->47M(70M) 6.645ms
Dec 24 22:26:19 burnside uvmconsole: [3359694.248s][info][gc] GC(385543) Pause Young (Normal) (G1 Evacuation Pause) 56M->47M(70M) 7.717ms
Dec 24 22:26:48 burnside uvmconsole: [3359723.339s][info][gc] GC(385544) Pause Young (Normal) (G1 Evacuation Pause) 56M->47M(70M) 7.024ms
Dec 24 22:26:51 burnside uvmconsole: [3359725.992s][info][gc] GC(385545) Pause Full (System.gc()) 48M->47M(70M) 313.079ms
Dec 24 22:27:19 burnside uvmconsole: [3359753.894s][info][gc] GC(385546) Pause Young (Normal) (G1 Evacuation Pause) 58M->47M(70M) 6.609ms
Dec 24 22:28:02 burnside uvmconsole: [3359796.830s][info][gc] GC(385547) Pause Young (Normal) (G1 Evacuation Pause) 58M->47M(70M) 6.308ms
Dec 24 22:28:38 burnside uvmconsole: [3359833.618s][info][gc] GC(385548) Pause Young (Normal) (G1 Evacuation Pause) 58M->47M(70M) 5.888ms
Dec 24 22:29:10 burnside uvmconsole: [3359864.753s][info][gc] GC(385549) Pause Young (Normal) (G1 Evacuation Pause) 58M->47M(70M) 6.469ms
Dec 24 22:29:51 burnside uvmconsole: [3359905.979s][info][gc] GC(385550) Pause Young (Normal) (G1 Evacuation Pause) 58M->47M(70M) 6.224ms
Dec 24 22:30:19 burnside uvmconsole: [3359934.266s][info][gc] GC(385551) Pause Young (Normal) (G1 Evacuation Pause) 58M->47M(70M) 6.304ms
Dec 24 22:30:57 burnside uvmconsole: [3359972.455s][info][gc] GC(385552) Pause Young (Normal) (G1 Evacuation Pause) 58M->47M(70M) 6.519ms
Dec 24 22:31:21 burnside uvmconsole: [3359996.394s][info][gc] GC(385553) Pause Young (Normal) (G1 Evacuation Pause) 58M->47M(70M) 7.428ms
Dec 24 22:31:51 burnside uvmconsole: [3360025.994s][info][gc] GC(385554) Pause Full (System.gc()) 55M->47M(70M) 315.692ms
Dec 24 22:32:21 burnside uvmconsole: [3360055.875s][info][gc] GC(385555) Pause Young (Normal) (G1 Evacuation Pause) 58M->47M(70M) 6.154ms
Dec 24 22:32:59 burnside uvmconsole: [3360094.185s][info][gc] GC(385556) Pause Young (Normal) (G1 Evacuation Pause) 57M->47M(70M) 6.012ms
Dec 24 22:33:22 burnside uvmconsole: [3360117.646s][info][gc] GC(385557) Pause Young (Normal) (G1 Evacuation Pause) 57M->47M(70M) 6.294ms
Dec 24 22:33:53 burnside uvmconsole: [3360147.892s][info][gc] GC(385558) Pause Young (Normal) (G1 Evacuation Pause) 57M->47M(70M) 6.322ms
Dec 24 22:34:18 burnside uvmconsole: [3360173.327s][info][gc] GC(385559) Pause Young (Normal) (G1 Evacuation Pause) 57M->47M(70M) 6.235ms
Dec 24 22:34:53 burnside uvmconsole: [3360208.651s][info][gc] GC(385560) Pause Young (Normal) (G1 Evacuation Pause) 57M->47M(70M) 6.807ms
Dec 24 22:35:21 burnside uvmconsole: [3360236.712s][info][gc] GC(385561) Pause Young (Normal) (G1 Evacuation Pause) 57M->47M(70M) 6.450ms
Dec 24 22:35:59 burnside uvmconsole: [3360274.169s][info][gc] GC(385562) Pause Young (Normal) (G1 Evacuation Pause) 57M->47M(70M) 6.285ms
Dec 24 22:36:23 burnside uvmconsole: [3360298.651s][info][gc] GC(385563) Pause Young (Normal) (G1 Evacuation Pause) 57M->47M(70M) 6.295ms
Dec 24 22:36:51 burnside uvmconsole: [3360325.998s][info][gc] GC(385564) Pause Full (System.gc()) 56M->47M(70M) 319.736ms
Dec 24 22:37:25 burnside uvmconsole: [3360359.776s][info][gc] GC(385565) Pause Young (Normal) (G1 Evacuation Pause) 58M->47M(70M) 6.090ms
Dec 24 22:38:04 burnside uvmconsole: [3360399.112s][info][gc] GC(385566) Pause Young (Normal) (G1 Evacuation Pause) 57M->47M(70M) 5.942ms
Dec 24 22:38:26 burnside uvmconsole: [3360421.056s][info][gc] GC(385567) Pause Young (Normal) (G1 Evacuation Pause) 57M->47M(70M) 6.984ms
Dec 24 22:39:06 burnside uvmconsole: [3360460.902s][info][gc] GC(385568) Pause Young (Normal) (G1 Evacuation Pause) 57M->47M(70M) 6.978ms
Dec 24 22:39:26 burnside uvmconsole: [3360481.634s][info][gc] GC(385569) Pause Young (Normal) (G1 Evacuation Pause) 57M->47M(70M) 6.041ms
Dec 24 22:39:57 burnside uvmconsole: [3360511.928s][info][gc] GC(385570) Pause Young (Normal) (G1 Evacuation Pause) 57M->47M(70M) 6.890ms
Dec 24 22:40:17 burnside uvmconsole: [3360532.365s][info][gc] GC(385571) Pause Young (Normal) (G1 Evacuation Pause) 57M->47M(70M) 7.504ms
Dec 24 22:40:47 burnside uvmconsole: [3360562.584s][info][gc] GC(385572) Pause Young (Normal) (G1 Evacuation Pause) 57M->47M(70M) 7.376ms
Dec 24 22:41:11 burnside uvmconsole: [3360586.191s][info][gc] GC(385573) Pause Young (Normal) (G1 Evacuation Pause) 57M->47M(70M) 6.473ms
Dec 24 22:41:46 burnside uvmconsole: [3360621.658s][info][gc] GC(385574) Pause Young (Normal) (G1 Evacuation Pause) 57M->47M(70M) 6.989ms
Dec 24 22:41:51 burnside uvmconsole: [3360625.992s][info][gc] GC(385575) Pause Full (System.gc()) 51M->47M(70M) 312.947ms
Dec 24 22:42:18 burnside uvmconsole: [3360653.706s][info][gc] GC(385576) Pause Young (Normal) (G1 Evacuation Pause) 58M->47M(70M) 6.038ms
Dec 24 22:42:52 burnside uvmconsole: [3360687.420s][info][gc] GC(385577) Pause Young (Normal) (G1 Evacuation Pause) 57M->47M(70M) 6.461ms
Dec 24 22:43:13 burnside uvmconsole: [3360708.655s][info][gc] GC(385578) Pause Young (Normal) (G1 Evacuation Pause) 57M->47M(70M) 6.317ms
Dec 24 22:43:50 burnside uvmconsole: [3360745.050s][info][gc] GC(385579) Pause Young (Normal) (G1 Evacuation Pause) 57M->47M(70M) 6.200ms
Dec 24 22:44:10 burnside uvmconsole: [3360765.164s][info][gc] GC(385580) Pause Young (Normal) (G1 Evacuation Pause) 57M->47M(70M) 7.240ms
Dec 24 22:44:29 burnside uvmconsole: [3360784.404s][info][gc] GC(385581) Pause Young (Normal) (G1 Evacuation Pause) 57M->47M(70M) 6.923ms
Dec 24 22:45:00 burnside uvmconsole: [3360815.533s][info][gc] GC(385582) Pause Young (Normal) (G1 Evacuation Pause) 57M->47M(70M) 6.688ms
Dec 24 22:45:30 burnside uvmconsole: [3360845.474s][info][gc] GC(385583) Pause Young (Normal) (G1 Evacuation Pause) 57M->47M(70M) 6.324ms
Dec 24 22:46:01 burnside uvmconsole: [3360876.222s][info][gc] GC(385584) Pause Young (Normal) (G1 Evacuation Pause) 57M->47M(70M) 6.936ms
Dec 24 22:46:23 burnside uvmconsole: [3360898.655s][info][gc] GC(385585) Pause Young (Normal) (G1 Evacuation Pause) 57M->47M(70M) 6.609ms
Dec 24 22:46:51 burnside uvmconsole: [3360925.994s][info][gc] GC(385586) Pause Full (System.gc()) 55M->47M(70M) 315.353ms
Dec 24 22:47:21 burnside uvmconsole: [3360956.409s][info][gc] GC(385587) Pause Young (Normal) (G1 Evacuation Pause) 58M->47M(70M) 5.914ms
Dec 24 22:47:59 burnside uvmconsole: [3360994.185s][info][gc] GC(385588) Pause Young (Normal) (G1 Evacuation Pause) 57M->47M(70M) 6.221ms
Dec 24 22:48:21 burnside uvmconsole: [3361016.080s][info][gc] GC(385589) Pause Young (Normal) (G1 Evacuation Pause) 57M->47M(70M) 6.055ms
Dec 24 22:48:55 burnside uvmconsole: [3361050.125s][info][gc] GC(385590) Pause Young (Normal) (G1 Evacuation Pause) 57M->47M(70M) 6.229ms
Dec 24 22:49:12 burnside uvmconsole: [3361066.928s][info][gc] GC(385591) Pause Young (Normal) (G1 Evacuation Pause) 57M->47M(70M) 6.273ms
Dec 24 22:49:34 burnside uvmconsole: [3361089.041s][info][gc] GC(385592) Pause Young (Normal) (G1 Evacuation Pause) 57M->47M(70M) 6.076ms
Dec 24 22:50:04 burnside uvmconsole: [3361119.180s][info][gc] GC(385593) Pause Young (Normal) (G1 Evacuation Pause) 57M->47M(70M) 10.936ms
Dec 24 22:50:38 burnside uvmconsole: [3361153.336s][info][gc] GC(385594) Pause Young (Normal) (G1 Evacuation Pause) 57M->47M(70M) 6.689ms
Dec 24 22:51:04 burnside uvmconsole: [3361179.623s][info][gc] GC(385595) Pause Young (Normal) (G1 Evacuation Pause) 57M->48M(70M) 7.289ms
Dec 24 22:51:40 burnside uvmconsole: [3361214.818s][info][gc] GC(385596) Pause Young (Normal) (G1 Evacuation Pause) 58M->47M(70M) 6.625ms
Dec 24 22:51:51 burnside uvmconsole: [3361225.994s][info][gc] GC(385597) Pause Full (System.gc()) 51M->47M(70M) 316.001ms
Dec 24 22:52:23 burnside uvmconsole: [3361258.539s][info][gc] GC(385598) Pause Young (Normal) (G1 Evacuation Pause) 58M->47M(70M) 5.981ms
Dec 24 22:53:03 burnside uvmconsole: [3361298.654s][info][gc] GC(385599) Pause Young (Normal) (G1 Evacuation Pause) 58M->47M(70M) 5.958ms
Dec 24 22:53:33 burnside uvmconsole: [3361328.638s][info][gc] GC(385600) Pause Young (Normal) (G1 Evacuation Pause) 58M->47M(70M) 6.497ms
Dec 24 22:54:03 burnside uvmconsole: [3361358.638s][info][gc] GC(385601) Pause Young (Normal) (G1 Evacuation Pause) 58M->47M(70M) 7.061ms
Dec 24 22:54:21 burnside uvmconsole: [3361376.704s][info][gc] GC(385602) Pause Young (Normal) (G1 Evacuation Pause) 58M->47M(70M) 7.120ms
Dec 24 22:54:33 burnside uvmconsole: 12-24 22:54:33.069208| ERROR:./libnetcap/src/netcap_tcp.c:390:WARNING: TCP: Could not find session for accepted connection :: (192.168.1.126:40451) -> (35.170.100.192:9543 )
Dec 24 22:54:43 burnside uvmconsole: [3361397.790s][info][gc] GC(385603) Pause Young (Normal) (G1 Evacuation Pause) 58M->48M(70M) 8.240ms
Dec 24 22:55:12 burnside uvmconsole: [3361427.650s][info][gc] GC(385604) Pause Young (Normal) (G1 Evacuation Pause) 59M->48M(70M) 7.940ms
Dec 24 22:55:48 burnside uvmconsole: [3361463.014s][info][gc] GC(385605) Pause Young (Normal) (G1 Evacuation Pause) 59M->47M(70M) 7.167ms
Dec 24 22:56:18 burnside uvmconsole: [3361493.468s][info][gc] GC(385606) Pause Young (Normal) (G1 Evacuation Pause) 58M->47M(70M) 6.980ms
Dec 24 22:56:51 burnside uvmconsole: [3361525.990s][info][gc] GC(385607) Pause Full (System.gc()) 56M->47M(70M) 311.161ms
Dec 24 22:57:20 burnside uvmconsole: [3361555.200s][info][gc] GC(385608) Pause Young (Normal) (G1 Evacuation Pause) 58M->47M(70M) 6.200ms
Dec 24 22:58:00 burnside uvmconsole: [3361594.786s][info][gc] GC(385609) Pause Young (Normal) (G1 Evacuation Pause) 57M->47M(70M) 6.340ms
Dec 24 22:58:28 burnside uvmconsole: [3361623.273s][info][gc] GC(385610) Pause Young (Normal) (G1 Evacuation Pause) 57M->47M(70M) 5.952ms
Dec 24 22:59:00 burnside uvmconsole: [3361654.948s][info][gc] GC(385611) Pause Young (Normal) (G1 Evacuation Pause) 57M->47M(70M) 6.310ms
Dec 24 22:59:24 burnside uvmconsole: [3361679.592s][info][gc] GC(385612) Pause Young (Normal) (G1 Evacuation Pause) 57M->47M(70M) 5.874ms
Dec 24 22:59:59 burnside uvmconsole: [3361714.302s][info][gc] GC(385613) Pause Young (Normal) (G1 Evacuation Pause) 57M->47M(70M) 6.435ms
Dec 24 23:00:12 burnside uvmconsole: [3361726.797s][info][gc] GC(385614) Pause Young (Normal) (G1 Evacuation Pause) 57M->47M(70M) 6.332ms
Dec 24 23:00:45 burnside uvmconsole: [3361760.329s][info][gc] GC(385615) Pause Young (Normal) (G1 Evacuation Pause) 57M->47M(70M) 6.253ms
Dec 24 23:01:13 burnside uvmconsole: [3361788.654s][info][gc] GC(385616) Pause Young (Normal) (G1 Evacuation Pause) 57M->47M(70M) 6.359ms
Dec 24 23:01:51 burnside uvmconsole: [3361825.991s][info][gc] GC(385617) Pause Full (System.gc()) 57M->47M(70M) 312.950ms
Dec 24 23:02:23 burnside uvmconsole: [3361858.168s][info][gc] GC(385618) Pause Young (Normal) (G1 Evacuation Pause) 58M->47M(70M) 5.959ms
Dec 24 23:02:59 burnside uvmconsole: [3361894.186s][info][gc] GC(385619) Pause Young (Normal) (G1 Evacuation Pause) 57M->47M(70M) 6.071ms
Dec 24 23:03:18 burnside uvmconsole: [3361913.682s][info][gc] GC(385620) Pause Young (Normal) (G1 Evacuation Pause) 57M->47M(70M) 6.149ms
Dec 24 23:03:53 burnside uvmconsole: [3361948.174s][info][gc] GC(385621) Pause Young (Normal) (G1 Evacuation Pause) 57M->47M(70M) 6.837ms
Dec 24 23:04:18 burnside uvmconsole: [3361973.644s][info][gc] GC(385622) Pause Young (Normal) (G1 Evacuation Pause) 57M->47M(70M) 6.564ms
Dec 24 23:04:59 burnside uvmconsole: [3362014.186s][info][gc] GC(385623) Pause Young (Normal) (G1 Evacuation Pause) 57M->47M(70M) 6.052ms
Dec 24 23:05:19 burnside uvmconsole: [3362034.335s][info][gc] GC(385624) Pause Young (Normal) (G1 Evacuation Pause) 57M->47M(70M) 10.062ms
Dec 24 23:05:48 burnside uvmconsole: [3362063.718s][info][gc] GC(385625) Pause Young (Normal) (G1 Evacuation Pause) 57M->47M(70M) 6.318ms
Dec 24 23:06:14 burnside uvmconsole: [3362089.093s][info][gc] GC(385626) Pause Young (Normal) (G1 Evacuation Pause) 57M->47M(70M) 6.622ms
Dec 24 23:06:45 burnside uvmconsole: [3362120.034s][info][gc] GC(385627) Pause Young (Normal) (G1 Evacuation Pause) 57M->47M(70M) 6.654ms
Dec 24 23:06:51 burnside uvmconsole: [3362125.995s][info][gc] GC(385628) Pause Full (System.gc()) 49M->47M(70M) 316.609ms
Dec 24 23:07:20 burnside uvmconsole: [3362155.413s][info][gc] GC(385629) Pause Young (Normal) (G1 Evacuation Pause) 58M->47M(70M) 6.160ms
Dec 24 23:08:02 burnside uvmconsole: [3362197.081s][info][gc] GC(385630) Pause Young (Normal) (G1 Evacuation Pause) 58M->47M(70M) 6.378ms
Dec 24 23:08:18 burnside uvmconsole: [3362213.743s][info][gc] GC(385631) Pause Young (Normal) (G1 Evacuation Pause) 58M->47M(70M) 5.537ms
Dec 24 23:08:53 burnside uvmconsole: [3362248.278s][info][gc] GC(385632) Pause Young (Normal) (G1 Evacuation Pause) 58M->47M(70M) 6.183ms
Dec 24 23:09:17 burnside uvmconsole: [3362271.892s][info][gc] GC(385633) Pause Young (Normal) (G1 Evacuation Pause) 58M->47M(70M) 6.570ms
Dec 24 23:09:51 burnside uvmconsole: [3362306.213s][info][gc] GC(385634) Pause Young (Normal) (G1 Evacuation Pause) 58M->47M(70M) 6.709ms
Dec 24 23:10:21 burnside uvmconsole: [3362336.076s][info][gc] GC(385635) Pause Young (Normal) (G1 Evacuation Pause) 58M->47M(70M) 6.947ms
Dec 24 23:10:53 burnside uvmconsole: [3362367.937s][info][gc] GC(385636) Pause Young (Normal) (G1 Evacuation Pause) 58M->47M(70M) 5.826ms
Dec 24 23:11:21 burnside uvmconsole: [3362396.022s][info][gc] GC(385637) Pause Young (Normal) (G1 Evacuation Pause) 58M->47M(70M) 6.760ms
Dec 24 23:11:51 burnside uvmconsole: [3362425.995s][info][gc] GC(385638) Pause Full (System.gc()) 56M->47M(70M) 315.844ms
Dec 24 23:12:18 burnside uvmconsole: [3362453.249s][info][gc] GC(385639) Pause Young (Normal) (G1 Evacuation Pause) 58M->47M(70M) 6.549ms
Dec 24 23:12:54 burnside uvmconsole: [3362489.672s][info][gc] GC(385640) Pause Young (Normal) (G1 Evacuation Pause) 57M->47M(70M) 6.303ms
Dec 24 23:13:19 burnside uvmconsole: [3362514.679s][info][gc] GC(385641) Pause Young (Normal) (G1 Evacuation Pause) 58M->47M(70M) 6.292ms
Dec 24 23:13:56 burnside uvmconsole: [3362551.407s][info][gc] GC(385642) Pause Young (Normal) (G1 Evacuation Pause) 58M->47M(70M) 7.314ms
Dec 24 23:14:23 burnside uvmconsole: [3362578.656s][info][gc] GC(385643) Pause Young (Normal) (G1 Evacuation Pause) 58M->47M(70M) 6.370ms
Dec 24 23:15:00 burnside uvmconsole: [3362615.642s][info][gc] GC(385644) Pause Young (Normal) (G1 Evacuation Pause) 58M->47M(70M) 7.414ms
Dec 24 23:15:31 burnside uvmconsole: [3362646.053s][info][gc] GC(385645) Pause Young (Normal) (G1 Evacuation Pause) 57M->47M(70M) 6.812ms
Dec 24 23:16:01 burnside uvmconsole: [3362676.325s][info][gc] GC(385646) Pause Young (Normal) (G1 Evacuation Pause) 57M->47M(70M) 6.530ms
Dec 24 23:16:41 burnside uvmconsole: [3362716.309s][info][gc] GC(385647) Pause Young (Normal) (G1 Evacuation Pause) 57M->47M(70M) 6.155ms
Dec 24 23:16:51 burnside uvmconsole: [3362725.989s][info][gc] GC(385648) Pause Full (System.gc()) 51M->47M(70M) 310.210ms
Dec 24 23:17:16 burnside uvmconsole: [3362751.024s][info][gc] GC(385649) Pause Young (Normal) (G1 Evacuation Pause) 57M->47M(70M) 5.826ms
Dec 24 23:17:59 burnside uvmconsole: [3362794.041s][info][gc] GC(385650) Pause Young (Normal) (G1 Evacuation Pause) 57M->47M(70M) 5.604ms
Dec 24 23:18:19 burnside uvmconsole: [3362814.055s][info][gc] GC(385651) Pause Young (Normal) (G1 Evacuation Pause) 57M->47M(70M) 5.781ms
Dec 24 23:18:53 burnside uvmconsole: [3362848.637s][info][gc] GC(385652) Pause Young (Normal) (G1 Evacuation Pause) 57M->47M(70M) 5.918ms
Dec 24 23:19:16 burnside uvmconsole: [3362870.978s][info][gc] GC(385653) Pause Young (Normal) (G1 Evacuation Pause) 57M->47M(70M) 6.139ms
Dec 24 23:19:50 burnside uvmconsole: [3362905.335s][info][gc] GC(385654) Pause Young (Normal) (G1 Evacuation Pause) 57M->47M(70M) 6.299ms
Dec 24 23:20:14 burnside uvmconsole: [3362929.141s][info][gc] GC(385655) Pause Young (Normal) (G1 Evacuation Pause) 57M->47M(70M) 6.256ms
Dec 24 23:20:33 burnside uvmconsole: [3362948.654s][info][gc] GC(385656) Pause Young (Normal) (G1 Evacuation Pause) 57M->47M(70M) 6.323ms
Dec 24 23:21:04 burnside uvmconsole: [3362979.640s][info][gc] GC(385657) Pause Young (Normal) (G1 Evacuation Pause) 57M->47M(70M) 7.454ms
Dec 24 23:21:33 burnside uvmconsole: [3363008.651s][info][gc] GC(385658) Pause Young (Normal) (G1 Evacuation Pause) 56M->47M(70M) 6.094ms
Dec 24 23:21:51 burnside uvmconsole: [3363025.988s][info][gc] GC(385659) Pause Full (System.gc()) 52M->47M(70M) 310.336ms
Dec 24 23:22:09 burnside uvmconsole: [3363044.004s][info][gc] GC(385660) Pause Young (Normal) (G1 Evacuation Pause) 58M->47M(70M) 5.842ms
Dec 24 23:22:38 burnside uvmconsole: [3363072.911s][info][gc] GC(385661) Pause Young (Normal) (G1 Evacuation Pause) 57M->47M(70M) 5.738ms
Dec 24 23:23:06 burnside uvmconsole: [3363100.984s][info][gc] GC(385662) Pause Young (Normal) (G1 Evacuation Pause) 57M->47M(70M) 6.806ms
Dec 24 23:23:39 burnside uvmconsole: [3363134.074s][info][gc] GC(385663) Pause Young (Normal) (G1 Evacuation Pause) 57M->47M(70M) 6.557ms
Dec 24 23:24:06 burnside uvmconsole: [3363161.748s][info][gc] GC(385664) Pause Young (Normal) (G1 Evacuation Pause) 57M->47M(70M) 6.595ms
Dec 24 23:24:28 burnside uvmconsole: [3363183.242s][info][gc] GC(385665) Pause Young (Normal) (G1 Evacuation Pause) 57M->47M(70M) 6.707ms
Dec 24 23:25:00 burnside uvmconsole: [3363214.786s][info][gc] GC(385666) Pause Young (Normal) (G1 Evacuation Pause) 57M->47M(70M) 6.700ms
Dec 24 23:25:28 burnside uvmconsole: [3363242.908s][info][gc] GC(385667) Pause Young (Normal) (G1 Evacuation Pause) 57M->47M(70M) 7.017ms
Dec 24 23:26:08 burnside uvmconsole: [3363283.105s][info][gc] GC(385668) Pause Young (Normal) (G1 Evacuation Pause) 57M->47M(70M) 6.549ms
Dec 24 23:26:20 burnside uvmconsole: [3363295.107s][info][gc] GC(385669) Pause Young (Normal) (G1 Evacuation Pause) 57M->47M(70M) 6.266ms
Dec 24 23:26:51 burnside uvmconsole: [3363325.998s][info][gc] GC(385670) Pause Full (System.gc()) 56M->47M(70M) 319.073ms
Dec 24 23:27:09 burnside uvmconsole: [3363343.790s][info][gc] GC(385671) Pause Young (Normal) (G1 Evacuation Pause) 57M->47M(70M) 5.975ms
Dec 24 23:27:29 burnside uvmconsole: [3363364.632s][info][gc] GC(385672) Pause Young (Normal) (G1 Evacuation Pause) 56M->47M(70M) 5.959ms
Dec 24 23:28:09 burnside uvmconsole: [3363404.445s][info][gc] GC(385673) Pause Young (Normal) (G1 Evacuation Pause) 57M->47M(70M) 6.562ms
Dec 24 23:28:33 burnside uvmconsole: [3363428.654s][info][gc] GC(385674) Pause Young (Normal) (G1 Evacuation Pause) 57M->47M(70M) 6.300ms
Dec 24 23:29:02 burnside uvmconsole: [3363457.254s][info][gc] GC(385675) Pause Young (Normal) (G1 Evacuation Pause) 57M->47M(70M) 6.116ms
Dec 24 23:29:30 burnside uvmconsole: [3363485.116s][info][gc] GC(385676) Pause Young (Normal) (G1 Evacuation Pause) 57M->47M(70M) 6.278ms
Dec 24 23:29:56 burnside uvmconsole: [3363510.822s][info][gc] GC(385677) Pause Young (Normal) (G1 Evacuation Pause) 57M->47M(70M) 6.835ms
Dec 24 23:30:21 burnside uvmconsole: [3363536.162s][info][gc] GC(385678) Pause Young (Normal) (G1 Evacuation Pause) 57M->47M(70M) 6.444ms
Dec 24 23:30:55 burnside uvmconsole: [3363570.397s][info][gc] GC(385679) Pause Young (Normal) (G1 Evacuation Pause) 57M->47M(70M) 6.034ms
Dec 24 23:31:27 burnside uvmconsole: [3363602.137s][info][gc] GC(385680) Pause Young (Normal) (G1 Evacuation Pause) 57M->47M(70M) 6.517ms
Dec 24 23:31:51 burnside uvmconsole: [3363625.996s][info][gc] GC(385681) Pause Full (System.gc()) 54M->47M(70M) 317.125ms
Dec 24 23:32:20 burnside uvmconsole: [3363654.946s][info][gc] GC(385682) Pause Young (Normal) (G1 Evacuation Pause) 58M->47M(70M) 6.158ms
Dec 24 23:32:59 burnside uvmconsole: [3363694.061s][info][gc] GC(385683) Pause Young (Normal) (G1 Evacuation Pause) 57M->47M(70M) 5.763ms
Dec 24 23:33:23 burnside uvmconsole: [3363718.009s][info][gc] GC(385684) Pause Young (Normal) (G1 Evacuation Pause) 57M->47M(70M) 5.995ms
Dec 24 23:33:53 burnside uvmconsole: [3363747.912s][info][gc] GC(385685) Pause Young (Normal) (G1 Evacuation Pause) 57M->47M(70M) 6.357ms
Dec 24 23:34:13 burnside uvmconsole: [3363768.665s][info][gc] GC(385686) Pause Young (Normal) (G1 Evacuation Pause) 57M->47M(70M) 6.863ms
Dec 24 23:34:49 burnside uvmconsole: [3363804.717s][info][gc] GC(385687) Pause Young (Normal) (G1 Evacuation Pause) 57M->47M(70M) 6.305ms
Dec 24 23:35:17 burnside uvmconsole: [3363832.640s][info][gc] GC(385688) Pause Young (Normal) (G1 Evacuation Pause) 57M->47M(70M) 6.275ms
Dec 24 23:35:43 burnside uvmconsole: [3363858.651s][info][gc] GC(385689) Pause Young (Normal) (G1 Evacuation Pause) 57M->47M(70M) 6.470ms
Dec 24 23:36:03 burnside uvmconsole: [3363878.640s][info][gc] GC(385690) Pause Young (Normal) (G1 Evacuation Pause) 57M->47M(70M) 8.515ms
Dec 24 23:36:30 burnside uvmconsole: [3363905.421s][info][gc] GC(385691) Pause Young (Normal) (G1 Evacuation Pause) 57M->47M(70M) 6.998ms
Dec 24 23:36:49 burnside uvmconsole: [3363924.025s][info][gc] GC(385692) Pause Young (Normal) (G1 Evacuation Pause) 57M->47M(70M) 6.008ms
Dec 24 23:36:51 burnside uvmconsole: [3363925.989s][info][gc] GC(385693) Pause Full (System.gc()) 48M->47M(70M) 310.492ms
Dec 24 23:37:17 burnside uvmconsole: [3363952.326s][info][gc] GC(385694) Pause Young (Normal) (G1 Evacuation Pause) 58M->47M(70M) 5.947ms
Dec 24 23:38:03 burnside uvmconsole: [3363998.637s][info][gc] GC(385695) Pause Young (Normal) (G1 Evacuation Pause) 57M->47M(70M) 5.793ms
Dec 24 23:38:31 burnside uvmconsole: [3364026.042s][info][gc] GC(385696) Pause Young (Normal) (G1 Evacuation Pause) 57M->47M(70M) 5.983ms
Dec 24 23:39:02 burnside uvmconsole: [3364057.044s][info][gc] GC(385697) Pause Young (Normal) (G1 Evacuation Pause) 57M->47M(70M) 6.196ms
Dec 24 23:39:16 burnside uvmconsole: [3364071.073s][info][gc] GC(385698) Pause Young (Normal) (G1 Evacuation Pause) 57M->47M(70M) 6.217ms
Dec 24 23:39:46 burnside uvmconsole: [3364101.612s][info][gc] GC(385699) Pause Young (Normal) (G1 Evacuation Pause) 57M->47M(70M) 6.431ms
Dec 24 23:40:07 burnside uvmconsole: [3364122.565s][info][gc] GC(385700) Pause Young (Normal) (G1 Evacuation Pause) 57M->47M(70M) 7.159ms
Dec 24 23:40:43 burnside uvmconsole: [3364158.652s][info][gc] GC(385701) Pause Young (Normal) (G1 Evacuation Pause) 57M->47M(70M) 6.865ms
Dec 24 23:41:13 burnside uvmconsole: [3364188.656s][info][gc] GC(385702) Pause Young (Normal) (G1 Evacuation Pause) 57M->47M(70M) 6.758ms
Dec 24 23:41:47 burnside uvmconsole: [3364221.759s][info][gc] GC(385703) Pause Young (Normal) (G1 Evacuation Pause) 57M->47M(70M) 7.194ms
Dec 24 23:41:51 burnside uvmconsole: [3364225.990s][info][gc] GC(385704) Pause Full (System.gc()) 49M->47M(70M) 312.147ms
Dec 24 23:42:18 burnside uvmconsole: [3364253.594s][info][gc] GC(385705) Pause Young (Normal) (G1 Evacuation Pause) 58M->47M(70M) 5.921ms
Dec 24 23:42:55 burnside uvmconsole: [3364289.812s][info][gc] GC(385706) Pause Young (Normal) (G1 Evacuation Pause) 58M->47M(70M) 5.639ms
Dec 24 23:43:30 burnside uvmconsole: [3364324.872s][info][gc] GC(385707) Pause Young (Normal) (G1 Evacuation Pause) 58M->47M(70M) 6.245ms
Dec 24 23:44:00 burnside uvmconsole: [3364355.117s][info][gc] GC(385708) Pause Young (Normal) (G1 Evacuation Pause) 58M->47M(70M) 6.804ms
Dec 24 23:44:20 burnside uvmconsole: [3364375.510s][info][gc] GC(385709) Pause Young (Normal) (G1 Evacuation Pause) 58M->47M(70M) 6.308ms
Dec 24 23:44:58 burnside uvmconsole: [3364413.213s][info][gc] GC(385710) Pause Young (Normal) (G1 Evacuation Pause) 58M->47M(70M) 6.374ms
Dec 24 23:45:31 burnside uvmconsole: [3364446.256s][info][gc] GC(385711) Pause Young (Normal) (G1 Evacuation Pause) 58M->47M(70M) 6.383ms
Dec 24 23:46:09 burnside uvmconsole: [3364484.197s][info][gc] GC(385712) Pause Young (Normal) (G1 Evacuation Pause) 58M->47M(70M) 6.165ms
Dec 24 23:46:51 burnside uvmconsole: [3364525.990s][info][gc] GC(385713) Pause Full (System.gc()) 58M->47M(70M) 311.991ms
Dec 24 23:47:19 burnside uvmconsole: [3364554.152s][info][gc] GC(385714) Pause Young (Normal) (G1 Evacuation Pause) 58M->47M(70M) 6.286ms
Dec 24 23:47:59 burnside uvmconsole: [3364593.821s][info][gc] GC(385715) Pause Young (Normal) (G1 Evacuation Pause) 57M->47M(70M) 6.366ms
Dec 24 23:48:20 burnside uvmconsole: [3364615.667s][info][gc] GC(385716) Pause Young (Normal) (G1 Evacuation Pause) 57M->47M(70M) 6.469ms
Dec 24 23:48:55 burnside uvmconsole: [3364649.979s][info][gc] GC(385717) Pause Young (Normal) (G1 Evacuation Pause) 57M->47M(70M) 6.471ms
Dec 24 23:49:09 burnside uvmconsole: [3364664.310s][info][gc] GC(385718) Pause Young (Normal) (G1 Evacuation Pause) 57M->47M(70M) 6.497ms
Dec 24 23:49:34 burnside uvmconsole: [3364688.901s][info][gc] GC(385719) Pause Young (Normal) (G1 Evacuation Pause) 57M->47M(70M) 6.531ms
Dec 24 23:50:04 burnside uvmconsole: [3364719.176s][info][gc] GC(385720) Pause Young (Normal) (G1 Evacuation Pause) 57M->47M(70M) 8.004ms
Dec 24 23:50:36 burnside uvmconsole: [3364751.359s][info][gc] GC(385721) Pause Young (Normal) (G1 Evacuation Pause) 57M->47M(70M) 6.653ms
Dec 24 23:51:05 burnside uvmconsole: [3364779.829s][info][gc] GC(385722) Pause Young (Normal) (G1 Evacuation Pause) 57M->47M(70M) 13.326ms
Dec 24 23:51:43 burnside uvmconsole: [3364818.639s][info][gc] GC(385723) Pause Young (Normal) (G1 Evacuation Pause) 57M->47M(70M) 6.718ms
Dec 24 23:51:51 burnside uvmconsole: [3364825.990s][info][gc] GC(385724) Pause Full (System.gc()) 50M->47M(70M) 311.449ms
Dec 24 23:52:18 burnside uvmconsole: [3364852.993s][info][gc] GC(385725) Pause Young (Normal) (G1 Evacuation Pause) 57M->47M(70M) 5.955ms
Dec 24 23:52:52 burnside uvmconsole: [3364887.707s][info][gc] GC(385726) Pause Young (Normal) (G1 Evacuation Pause) 56M->47M(70M) 5.916ms
Dec 24 23:53:15 burnside uvmconsole: [3364909.768s][info][gc] GC(385727) Pause Young (Normal) (G1 Evacuation Pause) 56M->47M(70M) 6.143ms
Dec 24 23:53:46 burnside uvmconsole: [3364941.456s][info][gc] GC(385728) Pause Young (Normal) (G1 Evacuation Pause) 56M->47M(70M) 6.351ms
Dec 24 23:54:07 burnside uvmconsole: [3364962.010s][info][gc] GC(385729) Pause Young (Normal) (G1 Evacuation Pause) 56M->47M(70M) 6.985ms
Dec 24 23:54:35 burnside uvmconsole: [3364990.234s][info][gc] GC(385730) Pause Young (Normal) (G1 Evacuation Pause) 56M->47M(70M) 6.429ms
Dec 24 23:55:05 burnside uvmconsole: [3365020.566s][info][gc] GC(385731) Pause Young (Normal) (G1 Evacuation Pause) 56M->47M(70M) 6.619ms
Dec 24 23:55:31 burnside uvmconsole: [3365046.497s][info][gc] GC(385732) Pause Young (Normal) (G1 Evacuation Pause) 56M->47M(70M) 5.971ms
Dec 24 23:56:03 burnside uvmconsole: [3365078.638s][info][gc] GC(385733) Pause Young (Normal) (G1 Evacuation Pause) 56M->47M(70M) 6.881ms
Dec 24 23:56:28 burnside uvmconsole: [3365103.439s][info][gc] GC(385734) Pause Young (Normal) (G1 Evacuation Pause) 56M->47M(70M) 7.225ms
Dec 24 23:56:51 burnside uvmconsole: [3365125.990s][info][gc] GC(385735) Pause Full (System.gc()) 54M->47M(70M) 311.574ms
Dec 24 23:57:19 burnside uvmconsole: [3365153.997s][info][gc] GC(385736) Pause Young (Normal) (G1 Evacuation Pause) 57M->47M(70M) 5.931ms
Dec 24 23:57:59 burnside uvmconsole: [3365193.804s][info][gc] GC(385737) Pause Young (Normal) (G1 Evacuation Pause) 56M->47M(70M) 5.782ms
Dec 24 23:58:20 burnside uvmconsole: [3365215.218s][info][gc] GC(385738) Pause Young (Normal) (G1 Evacuation Pause) 56M->47M(70M) 6.059ms
Dec 24 23:58:50 burnside uvmconsole: [3365244.951s][info][gc] GC(385739) Pause Young (Normal) (G1 Evacuation Pause) 56M->47M(70M) 5.751ms
Dec 24 23:59:13 burnside uvmconsole: [3365268.654s][info][gc] GC(385740) Pause Young (Normal) (G1 Evacuation Pause) 56M->47M(70M) 6.283ms
Dec 24 23:59:44 burnside uvmconsole: [3365299.257s][info][gc] GC(385741) Pause Young (Normal) (G1 Evacuation Pause) 56M->47M(70M) 5.951ms
Dec 25 00:00:00 burnside uvmconsole: [3365315.647s][info][gc] GC(385742) Pause Young (Normal) (G1 Evacuation Pause) 56M->47M(70M) 7.777ms
