Dec 25 00:00:24 burnside uvmconsole: [3365339.045s][info][gc] GC(385743) Pause Young (Normal) (G1 Evacuation Pause) 56M->47M(70M) 6.550ms
Dec 25 00:00:59 burnside uvmconsole: [3365374.187s][info][gc] GC(385744) Pause Young (Normal) (G1 Evacuation Pause) 56M->47M(70M) 6.527ms
Dec 25 00:01:23 burnside uvmconsole: [3365398.639s][info][gc] GC(385745) Pause Young (Normal) (G1 Evacuation Pause) 56M->47M(70M) 7.142ms
Dec 25 00:01:51 burnside uvmconsole: [3365425.992s][info][gc] GC(385746) Pause Full (System.gc()) 55M->47M(70M) 313.232ms
Dec 25 00:02:11 burnside uvmconsole: [3365446.676s][info][gc] GC(385747) Pause Young (Normal) (G1 Evacuation Pause) 57M->47M(70M) 6.125ms
Dec 25 00:02:41 burnside uvmconsole: [3365476.111s][info][gc] GC(385748) Pause Young (Normal) (G1 Evacuation Pause) 56M->47M(70M) 5.760ms
Dec 25 00:03:02 burnside uvmconsole: [3365497.696s][info][gc] GC(385749) Pause Young (Normal) (G1 Evacuation Pause) 56M->47M(70M) 6.381ms
Dec 25 00:03:33 burnside uvmconsole: [3365528.186s][info][gc] GC(385750) Pause Young (Normal) (G1 Evacuation Pause) 56M->47M(70M) 6.605ms
Dec 25 00:04:02 burnside uvmconsole: [3365557.532s][info][gc] GC(385751) Pause Young (Normal) (G1 Evacuation Pause) 56M->47M(70M) 6.937ms
Dec 25 00:04:23 burnside uvmconsole: [3365578.652s][info][gc] GC(385752) Pause Young (Normal) (G1 Evacuation Pause) 56M->47M(70M) 6.355ms
Dec 25 00:04:51 burnside uvmconsole: [3365606.328s][info][gc] GC(385753) Pause Young (Normal) (G1 Evacuation Pause) 56M->47M(70M) 6.168ms
Dec 25 00:05:08 burnside uvmconsole: [3365623.200s][info][gc] GC(385754) Pause Young (Normal) (G1 Evacuation Pause) 56M->47M(70M) 6.423ms
Dec 25 00:05:32 burnside uvmconsole: [3365646.958s][info][gc] GC(385755) Pause Young (Normal) (G1 Evacuation Pause) 56M->47M(70M) 6.404ms
Dec 25 00:06:02 burnside uvmconsole: [3365676.908s][info][gc] GC(385756) Pause Young (Normal) (G1 Evacuation Pause) 56M->47M(70M) 6.708ms
Dec 25 00:06:25 burnside uvmconsole: [3365699.966s][info][gc] GC(385757) Pause Young (Normal) (G1 Evacuation Pause) 56M->47M(70M) 6.453ms
Dec 25 00:06:51 burnside uvmconsole: [3365725.996s][info][gc] GC(385758) Pause Full (System.gc()) 56M->47M(70M) 317.826ms
Dec 25 00:07:14 burnside uvmconsole: [3365748.753s][info][gc] GC(385759) Pause Young (Normal) (G1 Evacuation Pause) 57M->47M(70M) 6.137ms
Dec 25 00:07:54 burnside uvmconsole: [3365789.084s][info][gc] GC(385760) Pause Young (Normal) (G1 Evacuation Pause) 57M->47M(70M) 5.955ms
Dec 25 00:08:09 burnside uvmconsole: [3365804.402s][info][gc] GC(385761) Pause Young (Normal) (G1 Evacuation Pause) 57M->47M(70M) 6.148ms
Dec 25 00:08:43 burnside uvmconsole: [3365838.399s][info][gc] GC(385762) Pause Young (Normal) (G1 Evacuation Pause) 57M->47M(70M) 6.129ms
Dec 25 00:09:07 burnside uvmconsole: [3365861.889s][info][gc] GC(385763) Pause Young (Normal) (G1 Evacuation Pause) 57M->47M(70M) 6.655ms
Dec 25 00:09:37 burnside uvmconsole: [3365892.318s][info][gc] GC(385764) Pause Young (Normal) (G1 Evacuation Pause) 57M->47M(70M) 6.375ms
Dec 25 00:10:07 burnside uvmconsole: [3365922.179s][info][gc] GC(385765) Pause Young (Normal) (G1 Evacuation Pause) 57M->47M(70M) 10.077ms
Dec 25 00:10:24 burnside uvmconsole: [3365938.777s][info][gc] GC(385766) Pause Young (Normal) (G1 Evacuation Pause) 57M->47M(70M) 7.451ms
Dec 25 00:10:59 burnside uvmconsole: [3365974.186s][info][gc] GC(385767) Pause Young (Normal) (G1 Evacuation Pause) 57M->47M(70M) 6.322ms
Dec 25 00:11:28 burnside uvmconsole: [3366003.552s][info][gc] GC(385768) Pause Young (Normal) (G1 Evacuation Pause) 57M->47M(70M) 6.960ms
Dec 25 00:11:51 burnside uvmconsole: [3366025.991s][info][gc] GC(385769) Pause Full (System.gc()) 53M->47M(70M) 311.856ms
Dec 25 00:12:17 burnside uvmconsole: [3366052.152s][info][gc] GC(385770) Pause Young (Normal) (G1 Evacuation Pause) 57M->47M(70M) 6.006ms
Dec 25 00:12:52 burnside uvmconsole: [3366087.698s][info][gc] GC(385771) Pause Young (Normal) (G1 Evacuation Pause) 57M->47M(70M) 6.104ms
Dec 25 00:13:02 burnside uvmconsole: [3366096.982s][info][gc] GC(385772) Pause Young (Normal) (G1 Evacuation Pause) 57M->47M(70M) 6.231ms
Dec 25 00:13:34 burnside uvmconsole: [3366129.141s][info][gc] GC(385773) Pause Young (Normal) (G1 Evacuation Pause) 57M->47M(70M) 6.107ms
Dec 25 00:14:00 burnside uvmconsole: [3366155.066s][info][gc] GC(385774) Pause Young (Normal) (G1 Evacuation Pause) 57M->47M(70M) 6.606ms
Dec 25 00:14:30 burnside uvmconsole: [3366185.506s][info][gc] GC(385775) Pause Young (Normal) (G1 Evacuation Pause) 57M->47M(70M) 6.256ms
Dec 25 00:15:01 burnside uvmconsole: [3366216.441s][info][gc] GC(385776) Pause Young (Normal) (G1 Evacuation Pause) 57M->47M(70M) 6.690ms
Dec 25 00:15:32 burnside uvmconsole: [3366246.947s][info][gc] GC(385777) Pause Young (Normal) (G1 Evacuation Pause) 56M->47M(70M) 6.073ms
Dec 25 00:16:00 burnside uvmconsole: [3366274.788s][info][gc] GC(385778) Pause Young (Normal) (G1 Evacuation Pause) 56M->47M(70M) 6.798ms
Dec 25 00:16:23 burnside uvmconsole: [3366298.655s][info][gc] GC(385779) Pause Young (Normal) (G1 Evacuation Pause) 56M->47M(70M) 6.555ms
Dec 25 00:16:51 burnside uvmconsole: [3366325.989s][info][gc] GC(385780) Pause Full (System.gc()) 54M->47M(70M) 310.435ms
Dec 25 00:17:22 burnside uvmconsole: [3366357.275s][info][gc] GC(385781) Pause Young (Normal) (G1 Evacuation Pause) 58M->47M(70M) 6.581ms
Dec 25 00:17:59 burnside uvmconsole: [3366394.108s][info][gc] GC(385782) Pause Young (Normal) (G1 Evacuation Pause) 57M->47M(70M) 6.257ms
Dec 25 00:18:23 burnside uvmconsole: [3366417.878s][info][gc] GC(385783) Pause Young (Normal) (G1 Evacuation Pause) 57M->47M(70M) 7.125ms
Dec 25 00:19:00 burnside uvmconsole: [3366454.786s][info][gc] GC(385784) Pause Young (Normal) (G1 Evacuation Pause) 57M->47M(70M) 6.676ms
Dec 25 00:19:23 burnside uvmconsole: [3366478.652s][info][gc] GC(385785) Pause Young (Normal) (G1 Evacuation Pause) 57M->47M(70M) 6.050ms
Dec 25 00:19:54 burnside uvmconsole: [3366508.780s][info][gc] GC(385786) Pause Young (Normal) (G1 Evacuation Pause) 57M->47M(70M) 6.458ms
Dec 25 00:20:14 burnside uvmconsole: [3366529.219s][info][gc] GC(385787) Pause Young (Normal) (G1 Evacuation Pause) 57M->47M(70M) 6.753ms
Dec 25 00:20:38 burnside uvmconsole: [3366553.121s][info][gc] GC(385788) Pause Young (Normal) (G1 Evacuation Pause) 57M->47M(70M) 6.157ms
Dec 25 00:21:12 burnside uvmconsole: [3366587.035s][info][gc] GC(385789) Pause Young (Normal) (G1 Evacuation Pause) 57M->47M(70M) 6.460ms
Dec 25 00:21:51 burnside uvmconsole: [3366625.990s][info][gc] GC(385790) Pause Full (System.gc()) 56M->47M(70M) 312.114ms
Dec 25 00:22:08 burnside uvmconsole: [3366643.161s][info][gc] GC(385791) Pause Young (Normal) (G1 Evacuation Pause) 58M->47M(70M) 6.103ms
Dec 25 00:22:51 burnside uvmconsole: [3366686.392s][info][gc] GC(385792) Pause Young (Normal) (G1 Evacuation Pause) 57M->47M(70M) 5.729ms
Dec 25 00:23:13 burnside uvmconsole: [3366708.654s][info][gc] GC(385793) Pause Young (Normal) (G1 Evacuation Pause) 57M->47M(70M) 6.392ms
Dec 25 00:23:47 burnside uvmconsole: [3366741.976s][info][gc] GC(385794) Pause Young (Normal) (G1 Evacuation Pause) 57M->47M(70M) 6.535ms
Dec 25 00:24:13 burnside uvmconsole: [3366768.219s][info][gc] GC(385795) Pause Young (Normal) (G1 Evacuation Pause) 57M->47M(70M) 6.366ms
Dec 25 00:24:39 burnside uvmconsole: [3366794.343s][info][gc] GC(385796) Pause Young (Normal) (G1 Evacuation Pause) 57M->47M(70M) 6.971ms
Dec 25 00:25:07 burnside uvmconsole: [3366822.095s][info][gc] GC(385797) Pause Young (Normal) (G1 Evacuation Pause) 57M->47M(70M) 6.897ms
Dec 25 00:25:43 burnside uvmconsole: [3366858.653s][info][gc] GC(385798) Pause Young (Normal) (G1 Evacuation Pause) 57M->47M(70M) 6.875ms
Dec 25 00:26:15 burnside uvmconsole: [3366890.689s][info][gc] GC(385799) Pause Young (Normal) (G1 Evacuation Pause) 57M->47M(70M) 6.772ms
Dec 25 00:26:44 burnside uvmconsole: [3366919.338s][info][gc] GC(385800) Pause Young (Normal) (G1 Evacuation Pause) 57M->47M(70M) 6.691ms
Dec 25 00:26:51 burnside uvmconsole: [3366925.994s][info][gc] GC(385801) Pause Full (System.gc()) 49M->47M(70M) 315.105ms
Dec 25 00:27:23 burnside uvmconsole: [3366958.417s][info][gc] GC(385802) Pause Young (Normal) (G1 Evacuation Pause) 58M->47M(70M) 6.102ms
Dec 25 00:28:02 burnside uvmconsole: [3366997.374s][info][gc] GC(385803) Pause Young (Normal) (G1 Evacuation Pause) 57M->47M(70M) 6.302ms
Dec 25 00:28:30 burnside uvmconsole: [3367025.735s][info][gc] GC(385804) Pause Young (Normal) (G1 Evacuation Pause) 57M->47M(70M) 5.708ms
Dec 25 00:29:03 burnside uvmconsole: [3367058.657s][info][gc] GC(385805) Pause Young (Normal) (G1 Evacuation Pause) 57M->47M(70M) 6.240ms
Dec 25 00:29:33 burnside uvmconsole: [3367088.655s][info][gc] GC(385806) Pause Young (Normal) (G1 Evacuation Pause) 57M->47M(70M) 5.819ms
Dec 25 00:30:03 burnside uvmconsole: [3367118.655s][info][gc] GC(385807) Pause Young (Normal) (G1 Evacuation Pause) 57M->47M(70M) 6.151ms
Dec 25 00:30:41 burnside uvmconsole: [3367155.796s][info][gc] GC(385808) Pause Young (Normal) (G1 Evacuation Pause) 57M->47M(70M) 6.988ms
Dec 25 00:31:09 burnside uvmconsole: [3367183.990s][info][gc] GC(385809) Pause Young (Normal) (G1 Evacuation Pause) 57M->47M(70M) 6.476ms
Dec 25 00:31:40 burnside uvmconsole: [3367214.873s][info][gc] GC(385810) Pause Young (Normal) (G1 Evacuation Pause) 57M->47M(70M) 6.925ms
Dec 25 00:31:51 burnside uvmconsole: [3367225.990s][info][gc] GC(385811) Pause Full (System.gc()) 51M->47M(70M) 311.626ms
Dec 25 00:32:16 burnside uvmconsole: [3367250.795s][info][gc] GC(385812) Pause Young (Normal) (G1 Evacuation Pause) 57M->47M(70M) 6.035ms
Dec 25 00:32:57 burnside uvmconsole: [3367292.164s][info][gc] GC(385813) Pause Young (Normal) (G1 Evacuation Pause) 57M->47M(70M) 6.193ms
Dec 25 00:33:21 burnside uvmconsole: [3367315.962s][info][gc] GC(385814) Pause Young (Normal) (G1 Evacuation Pause) 57M->47M(70M) 6.158ms
Dec 25 00:33:48 burnside uvmconsole: [3367343.568s][info][gc] GC(385815) Pause Young (Normal) (G1 Evacuation Pause) 57M->47M(70M) 6.371ms
Dec 25 00:34:08 burnside uvmconsole: [3367362.965s][info][gc] GC(385816) Pause Young (Normal) (G1 Evacuation Pause) 57M->47M(70M) 6.436ms
Dec 25 00:34:33 burnside uvmconsole: [3367388.579s][info][gc] GC(385817) Pause Young (Normal) (G1 Evacuation Pause) 56M->47M(70M) 7.127ms
Dec 25 00:35:03 burnside uvmconsole: [3367418.381s][info][gc] GC(385818) Pause Young (Normal) (G1 Evacuation Pause) 56M->48M(70M) 6.926ms
Dec 25 00:35:34 burnside uvmconsole: [3367448.829s][info][gc] GC(385819) Pause Young (Normal) (G1 Evacuation Pause) 57M->47M(70M) 6.708ms
Dec 25 00:36:04 burnside uvmconsole: [3367478.998s][info][gc] GC(385820) Pause Young (Normal) (G1 Evacuation Pause) 56M->47M(70M) 6.505ms
Dec 25 00:36:37 burnside uvmconsole: [3367511.949s][info][gc] GC(385821) Pause Young (Normal) (G1 Evacuation Pause) 56M->47M(70M) 6.623ms
Dec 25 00:36:51 burnside uvmconsole: [3367525.989s][info][gc] GC(385822) Pause Full (System.gc()) 52M->47M(70M) 309.740ms
Dec 25 00:37:18 burnside uvmconsole: [3367553.003s][info][gc] GC(385823) Pause Young (Normal) (G1 Evacuation Pause) 57M->47M(70M) 6.375ms
Dec 25 00:37:59 burnside uvmconsole: [3367594.185s][info][gc] GC(385824) Pause Young (Normal) (G1 Evacuation Pause) 57M->47M(70M) 5.708ms
Dec 25 00:38:24 burnside uvmconsole: [3367619.618s][info][gc] GC(385825) Pause Young (Normal) (G1 Evacuation Pause) 57M->47M(70M) 6.457ms
Dec 25 00:39:00 burnside uvmconsole: [3367654.911s][info][gc] GC(385826) Pause Young (Normal) (G1 Evacuation Pause) 57M->47M(70M) 6.436ms
Dec 25 00:39:19 burnside uvmconsole: [3367674.453s][info][gc] GC(385827) Pause Young (Normal) (G1 Evacuation Pause) 57M->47M(70M) 6.323ms
Dec 25 00:39:53 burnside uvmconsole: [3367708.652s][info][gc] GC(385828) Pause Young (Normal) (G1 Evacuation Pause) 57M->47M(70M) 6.504ms
Dec 25 00:40:17 burnside uvmconsole: [3367731.859s][info][gc] GC(385829) Pause Young (Normal) (G1 Evacuation Pause) 57M->47M(70M) 6.670ms
Dec 25 00:41:00 burnside uvmconsole: [3367774.785s][info][gc] GC(385830) Pause Young (Normal) (G1 Evacuation Pause) 57M->47M(70M) 6.771ms
Dec 25 00:41:27 burnside uvmconsole: [3367802.491s][info][gc] GC(385831) Pause Young (Normal) (G1 Evacuation Pause) 57M->47M(70M) 6.507ms
Dec 25 00:41:51 burnside uvmconsole: [3367825.986s][info][gc] GC(385832) Pause Full (System.gc()) 54M->47M(70M) 306.956ms
Dec 25 00:42:18 burnside uvmconsole: [3367853.158s][info][gc] GC(385833) Pause Young (Normal) (G1 Evacuation Pause) 58M->47M(70M) 6.056ms
Dec 25 00:42:58 burnside uvmconsole: [3367893.404s][info][gc] GC(385834) Pause Young (Normal) (G1 Evacuation Pause) 58M->47M(70M) 6.298ms
Dec 25 00:43:31 burnside uvmconsole: [3367926.581s][info][gc] GC(385835) Pause Young (Normal) (G1 Evacuation Pause) 58M->47M(70M) 6.022ms
Dec 25 00:44:09 burnside uvmconsole: [3367964.113s][info][gc] GC(385836) Pause Young (Normal) (G1 Evacuation Pause) 58M->47M(70M) 5.983ms
Dec 25 00:44:43 burnside uvmconsole: [3367998.655s][info][gc] GC(385837) Pause Young (Normal) (G1 Evacuation Pause) 58M->47M(70M) 6.310ms
Dec 25 00:45:13 burnside uvmconsole: [3368028.656s][info][gc] GC(385838) Pause Young (Normal) (G1 Evacuation Pause) 58M->47M(70M) 6.315ms
Dec 25 00:45:50 burnside uvmconsole: [3368065.533s][info][gc] GC(385839) Pause Young (Normal) (G1 Evacuation Pause) 58M->47M(70M) 5.850ms
Dec 25 00:46:21 burnside uvmconsole: [3368096.369s][info][gc] GC(385840) Pause Young (Normal) (G1 Evacuation Pause) 58M->47M(70M) 8.066ms
Dec 25 00:46:51 burnside uvmconsole: [3368125.992s][info][gc] GC(385841) Pause Full (System.gc()) 55M->47M(70M) 313.282ms
Dec 25 00:47:20 burnside uvmconsole: [3368154.948s][info][gc] GC(385842) Pause Young (Normal) (G1 Evacuation Pause) 58M->47M(70M) 6.094ms
Dec 25 00:47:57 burnside uvmconsole: [3368192.105s][info][gc] GC(385843) Pause Young (Normal) (G1 Evacuation Pause) 58M->47M(70M) 6.392ms
Dec 25 00:48:19 burnside uvmconsole: [3368214.124s][info][gc] GC(385844) Pause Young (Normal) (G1 Evacuation Pause) 58M->47M(70M) 6.866ms
Dec 25 00:48:48 burnside uvmconsole: [3368242.918s][info][gc] GC(385845) Pause Young (Normal) (G1 Evacuation Pause) 58M->47M(70M) 6.387ms
Dec 25 00:49:05 burnside uvmconsole: [3368260.347s][info][gc] GC(385846) Pause Young (Normal) (G1 Evacuation Pause) 57M->47M(70M) 6.646ms
Dec 25 00:49:32 burnside uvmconsole: [3368287.498s][info][gc] GC(385847) Pause Young (Normal) (G1 Evacuation Pause) 57M->47M(70M) 6.746ms
Dec 25 00:50:03 burnside uvmconsole: [3368318.278s][info][gc] GC(385848) Pause Young (Normal) (G1 Evacuation Pause) 57M->48M(70M) 7.125ms
Dec 25 00:50:38 burnside uvmconsole: [3368352.851s][info][gc] GC(385849) Pause Young (Normal) (G1 Evacuation Pause) 58M->47M(70M) 6.969ms
Dec 25 00:51:06 burnside uvmconsole: [3368381.146s][info][gc] GC(385850) Pause Young (Normal) (G1 Evacuation Pause) 57M->47M(70M) 7.264ms
Dec 25 00:51:44 burnside uvmconsole: [3368419.415s][info][gc] GC(385851) Pause Young (Normal) (G1 Evacuation Pause) 57M->47M(70M) 6.032ms
Dec 25 00:51:51 burnside uvmconsole: [3368425.988s][info][gc] GC(385852) Pause Full (System.gc()) 48M->47M(70M) 309.163ms
Dec 25 00:52:19 burnside uvmconsole: [3368454.291s][info][gc] GC(385853) Pause Young (Normal) (G1 Evacuation Pause) 58M->47M(70M) 10.360ms
Dec 25 00:52:55 burnside uvmconsole: [3368490.076s][info][gc] GC(385854) Pause Young (Normal) (G1 Evacuation Pause) 58M->47M(70M) 5.995ms
Dec 25 00:53:25 burnside uvmconsole: [3368520.558s][info][gc] GC(385855) Pause Young (Normal) (G1 Evacuation Pause) 58M->47M(70M) 6.141ms
Dec 25 00:54:03 burnside uvmconsole: [3368558.650s][info][gc] GC(385856) Pause Young (Normal) (G1 Evacuation Pause) 58M->47M(70M) 6.343ms
Dec 25 00:54:31 burnside uvmconsole: [3368585.931s][info][gc] GC(385857) Pause Young (Normal) (G1 Evacuation Pause) 58M->47M(70M) 6.388ms
Dec 25 00:55:01 burnside uvmconsole: [3368616.088s][info][gc] GC(385858) Pause Young (Normal) (G1 Evacuation Pause) 58M->47M(70M) 6.769ms
Dec 25 00:55:34 burnside uvmconsole: [3368649.196s][info][gc] GC(385859) Pause Young (Normal) (G1 Evacuation Pause) 58M->47M(70M) 6.510ms
Dec 25 00:56:13 burnside uvmconsole: [3368688.652s][info][gc] GC(385860) Pause Young (Normal) (G1 Evacuation Pause) 58M->47M(70M) 6.816ms
Dec 25 00:56:51 burnside uvmconsole: [3368725.987s][info][gc] GC(385861) Pause Full (System.gc()) 57M->47M(70M) 309.364ms
Dec 25 00:57:23 burnside uvmconsole: [3368758.156s][info][gc] GC(385862) Pause Young (Normal) (G1 Evacuation Pause) 58M->47M(70M) 6.652ms
Dec 25 00:57:58 burnside uvmconsole: [3368793.235s][info][gc] GC(385863) Pause Young (Normal) (G1 Evacuation Pause) 57M->47M(70M) 6.204ms
Dec 25 00:58:27 burnside uvmconsole: [3368821.801s][info][gc] GC(385864) Pause Young (Normal) (G1 Evacuation Pause) 57M->47M(70M) 7.841ms
Dec 25 00:59:01 burnside uvmconsole: [3368856.670s][info][gc] GC(385865) Pause Young (Normal) (G1 Evacuation Pause) 57M->47M(70M) 6.359ms
Dec 25 00:59:27 burnside uvmconsole: [3368881.907s][info][gc] GC(385866) Pause Young (Normal) (G1 Evacuation Pause) 57M->47M(70M) 6.202ms
Dec 25 01:00:01 burnside uvmconsole: [3368916.474s][info][gc] GC(385867) Pause Young (Normal) (G1 Evacuation Pause) 57M->47M(70M) 6.543ms
Dec 25 01:00:32 burnside uvmconsole: [3368946.933s][info][gc] GC(385868) Pause Young (Normal) (G1 Evacuation Pause) 57M->47M(70M) 6.234ms
Dec 25 01:01:00 burnside uvmconsole: [3368975.294s][info][gc] GC(385869) Pause Young (Normal) (G1 Evacuation Pause) 57M->47M(70M) 6.727ms
Dec 25 01:01:39 burnside uvmconsole: [3369013.992s][info][gc] GC(385870) Pause Young (Normal) (G1 Evacuation Pause) 57M->47M(70M) 6.523ms
Dec 25 01:01:51 burnside uvmconsole: [3369025.994s][info][gc] GC(385871) Pause Full (System.gc()) 51M->47M(70M) 314.579ms
Dec 25 01:02:22 burnside uvmconsole: [3369057.162s][info][gc] GC(385872) Pause Young (Normal) (G1 Evacuation Pause) 58M->47M(70M) 6.066ms
Dec 25 01:02:59 burnside uvmconsole: [3369094.170s][info][gc] GC(385873) Pause Young (Normal) (G1 Evacuation Pause) 58M->47M(70M) 5.984ms
Dec 25 01:03:27 burnside uvmconsole: [3369122.349s][info][gc] GC(385874) Pause Young (Normal) (G1 Evacuation Pause) 58M->47M(70M) 6.379ms
Dec 25 01:03:58 burnside uvmconsole: [3369153.336s][info][gc] GC(385875) Pause Young (Normal) (G1 Evacuation Pause) 58M->47M(70M) 6.545ms
Dec 25 01:04:23 burnside uvmconsole: [3369177.853s][info][gc] GC(385876) Pause Young (Normal) (G1 Evacuation Pause) 58M->47M(70M) 6.768ms
Dec 25 01:05:03 burnside uvmconsole: [3369218.131s][info][gc] GC(385877) Pause Young (Normal) (G1 Evacuation Pause) 58M->47M(70M) 6.817ms
Dec 25 01:05:41 burnside uvmconsole: [3369256.683s][info][gc] GC(385878) Pause Young (Normal) (G1 Evacuation Pause) 58M->47M(70M) 6.921ms
Dec 25 01:06:19 burnside uvmconsole: [3369294.011s][info][gc] GC(385879) Pause Young (Normal) (G1 Evacuation Pause) 58M->47M(70M) 6.508ms
Dec 25 01:06:51 burnside uvmconsole: [3369326.000s][info][gc] GC(385880) Pause Full (System.gc()) 58M->47M(70M) 321.173ms
Dec 25 01:07:19 burnside uvmconsole: [3369354.649s][info][gc] GC(385881) Pause Young (Normal) (G1 Evacuation Pause) 58M->47M(70M) 6.072ms
Dec 25 01:07:58 burnside uvmconsole: [3369393.449s][info][gc] GC(385882) Pause Young (Normal) (G1 Evacuation Pause) 57M->47M(70M) 6.264ms
Dec 25 01:08:25 burnside uvmconsole: [3369420.477s][info][gc] GC(385883) Pause Young (Normal) (G1 Evacuation Pause) 58M->47M(70M) 6.974ms
Dec 25 01:09:05 burnside uvmconsole: [3369460.648s][info][gc] GC(385884) Pause Young (Normal) (G1 Evacuation Pause) 58M->47M(70M) 6.522ms
Dec 25 01:09:43 burnside uvmconsole: [3369497.837s][info][gc] GC(385885) Pause Young (Normal) (G1 Evacuation Pause) 57M->47M(70M) 5.992ms
Dec 25 01:10:06 burnside uvmconsole: [3369521.292s][info][gc] GC(385886) Pause Young (Normal) (G1 Evacuation Pause) 57M->47M(70M) 6.830ms
Dec 25 01:10:42 burnside uvmconsole: [3369557.193s][info][gc] GC(385887) Pause Young (Normal) (G1 Evacuation Pause) 57M->47M(70M) 6.865ms
Dec 25 01:11:15 burnside uvmconsole: [3369590.045s][info][gc] GC(385888) Pause Young (Normal) (G1 Evacuation Pause) 57M->47M(70M) 6.678ms
Dec 25 01:11:40 burnside uvmconsole: [3369615.121s][info][gc] GC(385889) Pause Young (Normal) (G1 Evacuation Pause) 57M->47M(70M) 6.205ms
Dec 25 01:11:46 burnside uvmconsole: [3369621.028s][info][gc] GC(385890) Pause Young (Normal) (G1 Evacuation Pause) 58M->48M(70M) 6.022ms
Dec 25 01:11:51 burnside uvmconsole: [3369625.994s][info][gc] GC(385891) Pause Full (System.gc()) 52M->47M(70M) 315.774ms
Dec 25 01:12:07 burnside uvmconsole: [3369642.618s][info][gc] GC(385892) Pause Young (Normal) (G1 Evacuation Pause) 58M->48M(70M) 7.329ms
Dec 25 01:12:44 burnside uvmconsole: [3369679.741s][info][gc] GC(385893) Pause Young (Normal) (G1 Evacuation Pause) 58M->47M(70M) 6.494ms
Dec 25 01:13:08 burnside uvmconsole: [3369703.329s][info][gc] GC(385894) Pause Young (Normal) (G1 Evacuation Pause) 57M->47M(70M) 6.917ms
Dec 25 01:13:33 burnside uvmconsole: [3369728.638s][info][gc] GC(385895) Pause Young (Normal) (G1 Evacuation Pause) 57M->47M(70M) 6.437ms
Dec 25 01:14:09 burnside uvmconsole: [3369764.018s][info][gc] GC(385896) Pause Young (Normal) (G1 Evacuation Pause) 57M->47M(70M) 6.797ms
Dec 25 01:14:44 burnside uvmconsole: [3369799.109s][info][gc] GC(385897) Pause Young (Normal) (G1 Evacuation Pause) 57M->47M(70M) 7.192ms
Dec 25 01:15:09 burnside uvmconsole: [3369824.707s][info][gc] GC(385898) Pause Young (Normal) (G1 Evacuation Pause) 57M->47M(70M) 7.208ms
Dec 25 01:15:48 burnside uvmconsole: [3369863.034s][info][gc] GC(385899) Pause Young (Normal) (G1 Evacuation Pause) 57M->47M(70M) 6.978ms
Dec 25 01:16:21 burnside uvmconsole: [3369896.321s][info][gc] GC(385900) Pause Young (Normal) (G1 Evacuation Pause) 57M->47M(70M) 7.055ms
Dec 25 01:16:51 burnside uvmconsole: [3369925.995s][info][gc] GC(385901) Pause Full (System.gc()) 55M->47M(70M) 315.698ms
Dec 25 01:17:20 burnside uvmconsole: [3369954.885s][info][gc] GC(385902) Pause Young (Normal) (G1 Evacuation Pause) 57M->47M(70M) 5.766ms
Dec 25 01:17:55 burnside uvmconsole: [3369989.816s][info][gc] GC(385903) Pause Young (Normal) (G1 Evacuation Pause) 56M->47M(70M) 5.820ms
Dec 25 01:18:17 burnside uvmconsole: [3370012.106s][info][gc] GC(385904) Pause Young (Normal) (G1 Evacuation Pause) 56M->47M(70M) 6.147ms
Dec 25 01:18:47 burnside uvmconsole: [3370042.549s][info][gc] GC(385905) Pause Young (Normal) (G1 Evacuation Pause) 57M->47M(70M) 5.744ms
Dec 25 01:19:11 burnside uvmconsole: [3370066.087s][info][gc] GC(385906) Pause Young (Normal) (G1 Evacuation Pause) 57M->47M(70M) 6.713ms
Dec 25 01:19:39 burnside uvmconsole: [3370093.914s][info][gc] GC(385907) Pause Young (Normal) (G1 Evacuation Pause) 57M->47M(70M) 6.762ms
Dec 25 01:20:03 burnside uvmconsole: [3370118.131s][info][gc] GC(385908) Pause Young (Normal) (G1 Evacuation Pause) 56M->47M(70M) 6.841ms
Dec 25 01:20:28 burnside uvmconsole: [3370142.928s][info][gc] GC(385909) Pause Young (Normal) (G1 Evacuation Pause) 56M->47M(70M) 6.690ms
Dec 25 01:21:00 burnside uvmconsole: [3370174.781s][info][gc] GC(385910) Pause Young (Normal) (G1 Evacuation Pause) 56M->47M(70M) 6.476ms
Dec 25 01:21:24 burnside uvmconsole: [3370199.045s][info][gc] GC(385911) Pause Young (Normal) (G1 Evacuation Pause) 56M->47M(70M) 6.956ms
Dec 25 01:21:51 burnside uvmconsole: [3370225.995s][info][gc] GC(385912) Pause Full (System.gc()) 55M->47M(70M) 317.069ms
Dec 25 01:22:16 burnside uvmconsole: [3370251.052s][info][gc] GC(385913) Pause Young (Normal) (G1 Evacuation Pause) 58M->47M(70M) 6.261ms
Dec 25 01:22:54 burnside uvmconsole: [3370289.717s][info][gc] GC(385914) Pause Young (Normal) (G1 Evacuation Pause) 58M->47M(70M) 5.918ms
Dec 25 01:23:18 burnside uvmconsole: [3370313.611s][info][gc] GC(385915) Pause Young (Normal) (G1 Evacuation Pause) 58M->47M(70M) 6.631ms
Dec 25 01:23:59 burnside uvmconsole: [3370354.186s][info][gc] GC(385916) Pause Young (Normal) (G1 Evacuation Pause) 58M->47M(70M) 6.403ms
Dec 25 01:24:28 burnside uvmconsole: [3370383.634s][info][gc] GC(385917) Pause Young (Normal) (G1 Evacuation Pause) 58M->47M(70M) 6.429ms
Dec 25 01:25:00 burnside uvmconsole: [3370415.244s][info][gc] GC(385918) Pause Young (Normal) (G1 Evacuation Pause) 58M->47M(70M) 6.889ms
Dec 25 01:25:33 burnside uvmconsole: [3370448.115s][info][gc] GC(385919) Pause Young (Normal) (G1 Evacuation Pause) 58M->47M(70M) 6.443ms
Dec 25 01:26:07 burnside uvmconsole: [3370481.902s][info][gc] GC(385920) Pause Young (Normal) (G1 Evacuation Pause) 58M->47M(70M) 7.077ms
Dec 25 01:26:43 burnside uvmconsole: [3370517.768s][info][gc] GC(385921) Pause Young (Normal) (G1 Evacuation Pause) 58M->47M(70M) 7.090ms
Dec 25 01:26:51 burnside uvmconsole: [3370525.995s][info][gc] GC(385922) Pause Full (System.gc()) 50M->47M(70M) 315.911ms
Dec 25 01:27:18 burnside uvmconsole: [3370553.232s][info][gc] GC(385923) Pause Young (Normal) (G1 Evacuation Pause) 58M->47M(70M) 6.414ms
Dec 25 01:27:51 burnside uvmconsole: [3370585.904s][info][gc] GC(385924) Pause Young (Normal) (G1 Evacuation Pause) 57M->47M(70M) 5.652ms
Dec 25 01:28:20 burnside uvmconsole: [3370615.322s][info][gc] GC(385925) Pause Young (Normal) (G1 Evacuation Pause) 57M->47M(70M) 7.638ms
Dec 25 01:28:59 burnside uvmconsole: [3370654.187s][info][gc] GC(385926) Pause Young (Normal) (G1 Evacuation Pause) 57M->47M(70M) 6.035ms
Dec 25 01:29:23 burnside uvmconsole: [3370678.655s][info][gc] GC(385927) Pause Young (Normal) (G1 Evacuation Pause) 57M->47M(70M) 5.892ms
Dec 25 01:30:00 burnside uvmconsole: [3370714.765s][info][gc] GC(385928) Pause Young (Normal) (G1 Evacuation Pause) 57M->47M(70M) 6.062ms
Dec 25 01:30:30 burnside uvmconsole: [3370745.304s][info][gc] GC(385929) Pause Young (Normal) (G1 Evacuation Pause) 57M->47M(70M) 6.088ms
Dec 25 01:31:00 burnside uvmconsole: [3370774.786s][info][gc] GC(385930) Pause Young (Normal) (G1 Evacuation Pause) 57M->47M(70M) 6.477ms
Dec 25 01:31:30 burnside uvmconsole: [3370805.414s][info][gc] GC(385931) Pause Young (Normal) (G1 Evacuation Pause) 57M->47M(70M) 6.551ms
Dec 25 01:31:51 burnside uvmconsole: [3370825.990s][info][gc] GC(385932) Pause Full (System.gc()) 54M->47M(70M) 311.389ms
Dec 25 01:32:16 burnside uvmconsole: [3370851.089s][info][gc] GC(385933) Pause Young (Normal) (G1 Evacuation Pause) 58M->47M(70M) 6.424ms
Dec 25 01:32:46 burnside uvmconsole: [3370881.157s][info][gc] GC(385934) Pause Young (Normal) (G1 Evacuation Pause) 57M->47M(70M) 6.224ms
Dec 25 01:33:03 burnside uvmconsole: [3370898.652s][info][gc] GC(385935) Pause Young (Normal) (G1 Evacuation Pause) 57M->47M(70M) 6.894ms
Dec 25 01:33:33 burnside uvmconsole: [3370928.638s][info][gc] GC(385936) Pause Young (Normal) (G1 Evacuation Pause) 57M->47M(70M) 6.345ms
Dec 25 01:34:02 burnside uvmconsole: [3370957.053s][info][gc] GC(385937) Pause Young (Normal) (G1 Evacuation Pause) 57M->47M(70M) 6.896ms
Dec 25 01:34:29 burnside uvmconsole: [3370984.142s][info][gc] GC(385938) Pause Young (Normal) (G1 Evacuation Pause) 57M->47M(70M) 6.704ms
Dec 25 01:35:02 burnside uvmconsole: [3371017.705s][info][gc] GC(385939) Pause Young (Normal) (G1 Evacuation Pause) 57M->47M(70M) 6.569ms
Dec 25 01:35:31 burnside uvmconsole: [3371046.483s][info][gc] GC(385940) Pause Young (Normal) (G1 Evacuation Pause) 57M->47M(70M) 7.523ms
Dec 25 01:36:00 burnside uvmconsole: [3371074.788s][info][gc] GC(385941) Pause Young (Normal) (G1 Evacuation Pause) 57M->47M(70M) 7.022ms
Dec 25 01:36:25 burnside uvmconsole: [3371100.446s][info][gc] GC(385942) Pause Young (Normal) (G1 Evacuation Pause) 57M->47M(70M) 6.936ms
Dec 25 01:36:51 burnside uvmconsole: [3371125.993s][info][gc] GC(385943) Pause Full (System.gc()) 55M->47M(70M) 314.426ms
Dec 25 01:37:18 burnside uvmconsole: [3371153.647s][info][gc] GC(385944) Pause Young (Normal) (G1 Evacuation Pause) 58M->47M(70M) 5.745ms
Dec 25 01:37:59 burnside uvmconsole: [3371194.184s][info][gc] GC(385945) Pause Young (Normal) (G1 Evacuation Pause) 58M->47M(70M) 5.545ms
Dec 25 01:38:31 burnside uvmconsole: [3371226.275s][info][gc] GC(385946) Pause Young (Normal) (G1 Evacuation Pause) 58M->47M(70M) 5.942ms
Dec 25 01:39:05 burnside uvmconsole: [3371260.334s][info][gc] GC(385947) Pause Young (Normal) (G1 Evacuation Pause) 58M->47M(70M) 6.450ms
Dec 25 01:39:34 burnside uvmconsole: [3371289.443s][info][gc] GC(385948) Pause Young (Normal) (G1 Evacuation Pause) 58M->47M(70M) 6.178ms
Dec 25 01:40:06 burnside uvmconsole: [3371320.990s][info][gc] GC(385949) Pause Young (Normal) (G1 Evacuation Pause) 58M->47M(70M) 6.932ms
Dec 25 01:40:35 burnside uvmconsole: [3371350.173s][info][gc] GC(385950) Pause Young (Normal) (G1 Evacuation Pause) 58M->47M(70M) 6.730ms
Dec 25 01:41:06 burnside uvmconsole: [3371381.689s][info][gc] GC(385951) Pause Young (Normal) (G1 Evacuation Pause) 58M->48M(70M) 6.946ms
Dec 25 01:41:43 burnside uvmconsole: [3371418.653s][info][gc] GC(385952) Pause Young (Normal) (G1 Evacuation Pause) 59M->47M(70M) 6.798ms
Dec 25 01:41:51 burnside uvmconsole: [3371425.991s][info][gc] GC(385953) Pause Full (System.gc()) 50M->47M(70M) 311.566ms
Dec 25 01:42:19 burnside uvmconsole: [3371454.363s][info][gc] GC(385954) Pause Young (Normal) (G1 Evacuation Pause) 57M->47M(70M) 6.709ms
Dec 25 01:42:53 burnside uvmconsole: [3371488.637s][info][gc] GC(385955) Pause Young (Normal) (G1 Evacuation Pause) 57M->47M(70M) 5.691ms
Dec 25 01:43:21 burnside uvmconsole: [3371516.439s][info][gc] GC(385956) Pause Young (Normal) (G1 Evacuation Pause) 57M->47M(70M) 6.216ms
Dec 25 01:43:56 burnside uvmconsole: [3371551.432s][info][gc] GC(385957) Pause Young (Normal) (G1 Evacuation Pause) 57M->47M(70M) 5.793ms
Dec 25 01:44:19 burnside uvmconsole: [3371573.961s][info][gc] GC(385958) Pause Young (Normal) (G1 Evacuation Pause) 57M->47M(70M) 6.262ms
Dec 25 01:44:53 burnside uvmconsole: [3371608.655s][info][gc] GC(385959) Pause Young (Normal) (G1 Evacuation Pause) 57M->47M(70M) 6.476ms
Dec 25 01:45:09 burnside uvmconsole: [3371624.346s][info][gc] GC(385960) Pause Young (Normal) (G1 Evacuation Pause) 57M->47M(70M) 6.916ms
Dec 25 01:45:38 burnside uvmconsole: [3371653.265s][info][gc] GC(385961) Pause Young (Normal) (G1 Evacuation Pause) 57M->47M(70M) 6.571ms
Dec 25 01:46:02 burnside uvmconsole: [3371677.097s][info][gc] GC(385962) Pause Young (Normal) (G1 Evacuation Pause) 57M->47M(70M) 6.634ms
Dec 25 01:46:32 burnside uvmconsole: [3371707.752s][info][gc] GC(385963) Pause Young (Normal) (G1 Evacuation Pause) 57M->47M(70M) 8.600ms
Dec 25 01:46:37 burnside uvmconsole: [3371712.340s][info][gc] GC(385964) Pause Full (System.gc()) 50M->47M(70M) 341.320ms
Dec 25 01:46:42 burnside uvmconsole: Starting ChromeDriver 83.0.4103.116 (8f0c18b4dca9b6699eb629be0f51810c24fb6428-refs/branch-heads/4103@{#716}) on port 33514
Dec 25 01:46:42 burnside uvmconsole: Only local connections are allowed.
Dec 25 01:46:42 burnside uvmconsole: Please see https://chromedriver.chromium.org/security-considerations for suggestions on keeping ChromeDriver safe.
Dec 25 01:46:42 burnside uvmconsole: ChromeDriver was started successfully.
Dec 25 01:46:47 burnside uvmconsole: Dec 25, 2020 1:46:47 AM org.openqa.selenium.remote.ProtocolHandshake createSession
Dec 25 01:46:47 burnside uvmconsole: INFO: Detected dialect: W3C
Dec 25 01:46:51 burnside uvmconsole: [3371726.244s][info][gc] GC(385965) Pause Full (System.gc()) 56M->47M(70M) 564.840ms
Dec 25 01:46:59 burnside uvmconsole: [3371734.187s][info][gc] GC(385966) Pause Young (Normal) (G1 Evacuation Pause) 58M->48M(70M) 6.125ms
Dec 25 01:47:10 burnside uvmconsole: [3371745.371s][info][gc] GC(385967) Pause Young (Normal) (G1 Evacuation Pause) 58M->48M(70M) 6.637ms
Dec 25 01:47:32 burnside uvmconsole: [3371766.944s][info][gc] GC(385968) Pause Young (Normal) (G1 Evacuation Pause) 58M->48M(70M) 14.763ms
Dec 25 01:47:34 burnside uvmconsole: [3371769.372s][info][gc] GC(385969) Pause Young (Normal) (G1 Evacuation Pause) 57M->48M(70M) 9.289ms
Dec 25 01:47:51 burnside uvmconsole: [3371786.525s][info][gc] GC(385970) Pause Young (Normal) (G1 Evacuation Pause) 58M->48M(70M) 8.946ms
Dec 25 01:47:56 burnside uvmconsole: [3371791.556s][info][gc] GC(385971) Pause Young (Normal) (G1 Evacuation Pause) 59M->48M(70M) 7.709ms
Dec 25 01:48:06 burnside uvmconsole: [3371801.040s][info][gc] GC(385972) Pause Young (Normal) (G1 Evacuation Pause) 59M->48M(70M) 5.935ms
Dec 25 01:48:12 burnside uvmconsole: [3371807.087s][info][gc] GC(385973) Pause Young (Normal) (G1 Evacuation Pause) 58M->49M(70M) 12.272ms
Dec 25 01:48:17 burnside uvmconsole: [3371811.859s][info][gc] GC(385974) Pause Young (Normal) (G1 Evacuation Pause) 58M->48M(70M) 6.222ms
Dec 25 01:48:29 burnside uvmconsole: [3371824.750s][info][gc] GC(385975) Pause Young (Normal) (G1 Evacuation Pause) 57M->48M(70M) 10.315ms
Dec 25 01:48:36 burnside uvmconsole: [3371830.842s][info][gc] GC(385976) Pause Young (Normal) (G1 Evacuation Pause) 57M->48M(70M) 5.226ms
Dec 25 01:48:47 burnside uvmconsole: [3371841.885s][info][gc] GC(385977) Pause Young (Normal) (G1 Evacuation Pause) 58M->49M(70M) 10.395ms
Dec 25 01:48:57 burnside uvmconsole: [3371851.784s][info][gc] GC(385978) Pause Young (Normal) (G1 Evacuation Pause) 57M->48M(70M) 5.443ms
Dec 25 01:49:04 burnside uvmconsole: [3371859.333s][info][gc] GC(385979) Pause Young (Normal) (G1 Evacuation Pause) 57M->48M(70M) 9.389ms
Dec 25 01:49:10 burnside uvmconsole: [3371865.243s][info][gc] GC(385980) Pause Young (Normal) (G1 Evacuation Pause) 57M->48M(70M) 6.419ms
Dec 25 01:49:22 burnside uvmconsole: [3371876.936s][info][gc] GC(385981) Pause Young (Normal) (G1 Evacuation Pause) 57M->48M(70M) 7.196ms
Dec 25 01:49:25 burnside uvmconsole: [3371879.853s][info][gc] GC(385982) Pause Young (Normal) (G1 Evacuation Pause) 57M->48M(70M) 7.496ms
Dec 25 01:49:37 burnside uvmconsole: [3371892.404s][info][gc] GC(385983) Pause Young (Normal) (G1 Evacuation Pause) 57M->48M(70M) 8.920ms
Dec 25 01:49:41 burnside uvmconsole: [3371896.171s][info][gc] GC(385984) Pause Young (Normal) (G1 Evacuation Pause) 57M->49M(70M) 13.411ms
Dec 25 01:49:41 burnside uvmconsole: [3371896.236s][info][gc] GC(385985) Pause Young (Concurrent Start) (G1 Humongous Allocation) 61M->51M(70M) 15.115ms
Dec 25 01:49:41 burnside uvmconsole: [3371896.236s][info][gc] GC(385986) Concurrent Cycle
Dec 25 01:49:41 burnside uvmconsole: [3371896.732s][info][gc] GC(385986) Pause Remark 58M->58M(70M) 86.971ms
Dec 25 01:49:42 burnside uvmconsole: [3371896.961s][info][gc] GC(385986) Pause Cleanup 58M->58M(70M) 0.589ms
Dec 25 01:49:42 burnside uvmconsole: [3371896.963s][info][gc] GC(385986) Concurrent Cycle 726.760ms
Dec 25 01:49:50 burnside uvmconsole: [3371904.947s][info][gc] GC(385987) Pause Young (Normal) (G1 Evacuation Pause) 63M->55M(70M) 11.821ms
Dec 25 01:49:55 burnside uvmconsole: [3371909.784s][info][gc] GC(385988) Pause Young (Concurrent Start) (G1 Evacuation Pause) 58M->55M(70M) 9.104ms
Dec 25 01:49:55 burnside uvmconsole: [3371909.784s][info][gc] GC(385989) Concurrent Cycle
Dec 25 01:49:55 burnside uvmconsole: [3371910.207s][info][gc] GC(385989) Pause Remark 57M->53M(70M) 49.315ms
Dec 25 01:49:55 burnside uvmconsole: [3371910.460s][info][gc] GC(385989) Pause Cleanup 53M->53M(70M) 0.566ms
Dec 25 01:49:55 burnside uvmconsole: [3371910.462s][info][gc] GC(385989) Concurrent Cycle 677.703ms
Dec 25 01:49:59 burnside uvmconsole: [3371913.970s][info][gc] GC(385990) Pause Young (Normal) (G1 Evacuation Pause) 54M->50M(70M) 13.989ms
Dec 25 01:50:02 burnside uvmconsole: [3371917.443s][info][gc] GC(385991) Pause Young (Concurrent Start) (G1 Evacuation Pause) 58M->50M(70M) 15.347ms
Dec 25 01:50:02 burnside uvmconsole: [3371917.444s][info][gc] GC(385992) Concurrent Cycle
Dec 25 01:50:03 burnside uvmconsole: [3371917.908s][info][gc] GC(385992) Pause Remark 55M->55M(70M) 59.638ms
Dec 25 01:50:03 burnside uvmconsole: [3371918.123s][info][gc] GC(385992) Pause Cleanup 55M->55M(70M) 0.638ms
Dec 25 01:50:03 burnside uvmconsole: [3371918.125s][info][gc] GC(385992) Concurrent Cycle 681.125ms
Dec 25 01:50:08 burnside uvmconsole: [3371923.103s][info][gc] GC(385993) Pause Young (Normal) (G1 Evacuation Pause) 58M->49M(70M) 11.923ms
Dec 25 01:50:20 burnside uvmconsole: [3371935.100s][info][gc] GC(385994) Pause Young (Concurrent Start) (G1 Evacuation Pause) 57M->50M(70M) 18.930ms
Dec 25 01:50:20 burnside uvmconsole: [3371935.100s][info][gc] GC(385995) Concurrent Cycle
Dec 25 01:50:20 burnside uvmconsole: [3371935.613s][info][gc] GC(385995) Pause Remark 54M->54M(70M) 62.897ms
Dec 25 01:50:21 burnside uvmconsole: [3371935.823s][info][gc] GC(385995) Pause Cleanup 54M->54M(70M) 0.664ms
Dec 25 01:50:21 burnside uvmconsole: [3371935.825s][info][gc] GC(385995) Concurrent Cycle 724.541ms
Dec 25 01:50:27 burnside uvmconsole: [3371942.368s][info][gc] GC(385996) Pause Young (Normal) (G1 Evacuation Pause) 57M->50M(70M) 11.858ms
Dec 25 01:50:38 burnside uvmconsole: [3371952.900s][info][gc] GC(385997) Pause Young (Concurrent Start) (G1 Evacuation Pause) 58M->51M(70M) 14.580ms
Dec 25 01:50:38 burnside uvmconsole: [3371952.900s][info][gc] GC(385998) Concurrent Cycle
Dec 25 01:50:38 burnside uvmconsole: [3371953.330s][info][gc] GC(385998) Pause Remark 54M->54M(70M) 64.566ms
Dec 25 01:50:38 burnside uvmconsole: [3371953.537s][info][gc] GC(385998) Pause Cleanup 54M->54M(70M) 0.595ms
Dec 25 01:50:38 burnside uvmconsole: [3371953.539s][info][gc] GC(385998) Concurrent Cycle 639.296ms
Dec 25 01:50:45 burnside uvmconsole: [3371960.163s][info][gc] GC(385999) Pause Young (Normal) (G1 Evacuation Pause) 58M->50M(70M) 6.677ms
Dec 25 01:50:59 burnside uvmconsole: [3371974.311s][info][gc] GC(386000) Pause Young (Concurrent Start) (G1 Evacuation Pause) 58M->50M(70M) 11.117ms
Dec 25 01:50:59 burnside uvmconsole: [3371974.312s][info][gc] GC(386001) Concurrent Cycle
Dec 25 01:50:59 burnside uvmconsole: [3371974.746s][info][gc] GC(386001) Pause Remark 50M->50M(70M) 62.061ms
Dec 25 01:51:00 burnside uvmconsole: [3371974.965s][info][gc] GC(386001) Pause Cleanup 50M->50M(70M) 0.599ms
Dec 25 01:51:00 burnside uvmconsole: [3371974.966s][info][gc] GC(386001) Concurrent Cycle 654.867ms
Dec 25 01:51:02 burnside uvmconsole: [3371977.066s][info][gc] GC(386002) Pause Young (Normal) (G1 Evacuation Pause) 58M->51M(70M) 19.450ms
Dec 25 01:51:02 burnside uvmconsole: [3371977.124s][info][gc] GC(386003) Pause Young (Concurrent Start) (G1 Evacuation Pause) 57M->52M(70M) 29.132ms
Dec 25 01:51:02 burnside uvmconsole: [3371977.125s][info][gc] GC(386004) Concurrent Cycle
Dec 25 01:51:02 burnside uvmconsole: [3371977.741s][info][gc] GC(386004) Pause Remark 53M->53M(70M) 129.869ms
Dec 25 01:51:03 burnside uvmconsole: [3371978.036s][info][gc] GC(386004) Pause Cleanup 54M->54M(70M) 0.573ms
Dec 25 01:51:03 burnside uvmconsole: [3371978.037s][info][gc] GC(386004) Concurrent Cycle 912.793ms
Dec 25 01:51:06 burnside uvmconsole: [3371981.251s][info][gc] GC(386005) Pause Young (Normal) (G1 Evacuation Pause) 57M->52M(70M) 12.570ms
Dec 25 01:51:07 burnside uvmconsole: [3371982.533s][info][gc] GC(386006) Pause Young (Concurrent Start) (G1 Evacuation Pause) 56M->52M(70M) 7.115ms
Dec 25 01:51:07 burnside uvmconsole: [3371982.533s][info][gc] GC(386007) Concurrent Cycle
Dec 25 01:51:08 burnside uvmconsole: [3371982.938s][info][gc] GC(386007) Pause Remark 54M->53M(70M) 41.109ms
Dec 25 01:51:08 burnside uvmconsole: [3371983.131s][info][gc] GC(386007) Pause Cleanup 53M->53M(70M) 0.627ms
Dec 25 01:51:08 burnside uvmconsole: [3371983.133s][info][gc] GC(386007) Concurrent Cycle 599.520ms
Dec 25 01:51:13 burnside uvmconsole: [3371988.639s][info][gc] GC(386008) Pause Young (Prepare Mixed) (G1 Evacuation Pause) 55M->51M(70M) 7.264ms
Dec 25 01:51:17 burnside uvmconsole: [3371991.753s][info][gc] GC(386009) Pause Young (Mixed) (G1 Evacuation Pause) 53M->50M(70M) 6.256ms
Dec 25 01:51:23 burnside uvmconsole: [3371998.723s][info][gc] GC(386010) Pause Young (Concurrent Start) (G1 Evacuation Pause) 56M->52M(70M) 23.227ms
Dec 25 01:51:23 burnside uvmconsole: [3371998.723s][info][gc] GC(386011) Concurrent Cycle
Dec 25 01:51:24 burnside uvmconsole: [3371998.771s][info][gc] GC(386012) Pause Young (Normal) (G1 Evacuation Pause) 57M->53M(70M) 12.420ms
Dec 25 01:51:24 burnside uvmconsole: [3371999.177s][info][gc] GC(386011) Pause Remark 53M->53M(70M) 63.855ms
Dec 25 01:51:24 burnside uvmconsole: [3371999.401s][info][gc] GC(386011) Pause Cleanup 53M->53M(70M) 0.558ms
Dec 25 01:51:24 burnside uvmconsole: [3371999.402s][info][gc] GC(386011) Concurrent Cycle 678.668ms
Dec 25 01:51:31 burnside uvmconsole: [3372006.480s][info][gc] GC(386013) Pause Young (Prepare Mixed) (G1 Evacuation Pause) 57M->53M(70M) 11.455ms
Dec 25 01:51:33 burnside uvmconsole: [3372008.654s][info][gc] GC(386014) Pause Young (Mixed) (G1 Evacuation Pause) 55M->52M(70M) 6.012ms
Dec 25 01:51:40 burnside uvmconsole: [3372015.571s][info][gc] GC(386015) Pause Young (Concurrent Start) (G1 Evacuation Pause) 56M->52M(70M) 7.890ms
Dec 25 01:51:40 burnside uvmconsole: [3372015.571s][info][gc] GC(386016) Concurrent Cycle
Dec 25 01:51:41 burnside uvmconsole: [3372016.028s][info][gc] GC(386016) Pause Remark 52M->51M(70M) 57.406ms
Dec 25 01:51:41 burnside uvmconsole: [3372016.236s][info][gc] GC(386016) Pause Cleanup 52M->52M(70M) 0.681ms
Dec 25 01:51:41 burnside uvmconsole: [3372016.238s][info][gc] GC(386016) Concurrent Cycle 667.022ms
Dec 25 01:51:42 burnside uvmconsole: [3372017.570s][info][gc] GC(386017) Pause Young (Prepare Mixed) (G1 Evacuation Pause) 56M->51M(70M) 11.098ms
Dec 25 01:51:42 burnside uvmconsole: [3372017.595s][info][gc] GC(386018) Pause Young (Mixed) (G1 Evacuation Pause) 53M->51M(70M) 10.530ms
Dec 25 01:51:47 burnside uvmconsole: [3372022.115s][info][gc] GC(386019) Pause Young (Concurrent Start) (G1 Evacuation Pause) 56M->52M(70M) 9.143ms
Dec 25 01:51:47 burnside uvmconsole: [3372022.115s][info][gc] GC(386020) Concurrent Cycle
Dec 25 01:51:47 burnside uvmconsole: [3372022.500s][info][gc] GC(386020) Pause Remark 52M->52M(70M) 41.680ms
Dec 25 01:51:47 burnside uvmconsole: [3372022.704s][info][gc] GC(386020) Pause Cleanup 52M->52M(70M) 0.591ms
Dec 25 01:51:47 burnside uvmconsole: [3372022.705s][info][gc] GC(386020) Concurrent Cycle 589.745ms
Dec 25 01:51:51 burnside uvmconsole: [3372025.993s][info][gc] GC(386021) Pause Full (System.gc()) 53M->47M(70M) 313.884ms
Dec 25 01:52:01 burnside uvmconsole: [3372036.672s][info][gc] GC(386022) Pause Young (Concurrent Start) (G1 Evacuation Pause) 55M->48M(70M) 9.372ms
Dec 25 01:52:01 burnside uvmconsole: [3372036.673s][info][gc] GC(386023) Concurrent Cycle
Dec 25 01:52:02 burnside uvmconsole: [3372037.113s][info][gc] GC(386023) Pause Remark 50M->50M(70M) 60.737ms
Dec 25 01:52:02 burnside uvmconsole: [3372037.324s][info][gc] GC(386023) Pause Cleanup 50M->50M(70M) 0.601ms
Dec 25 01:52:02 burnside uvmconsole: [3372037.325s][info][gc] GC(386023) Concurrent Cycle 651.754ms
Dec 25 01:52:04 burnside uvmconsole: [3372039.663s][info][gc] GC(386024) Pause Young (Normal) (G1 Evacuation Pause) 56M->48M(70M) 12.106ms
Dec 25 01:52:11 burnside uvmconsole: [3372046.640s][info][gc] GC(386025) Pause Young (Concurrent Start) (G1 Evacuation Pause) 55M->47M(70M) 6.689ms
Dec 25 01:52:11 burnside uvmconsole: [3372046.641s][info][gc] GC(386026) Concurrent Cycle
Dec 25 01:52:12 burnside uvmconsole: [3372047.030s][info][gc] GC(386026) Pause Remark 48M->48M(70M) 52.879ms
Dec 25 01:52:12 burnside uvmconsole: [3372047.236s][info][gc] GC(386026) Pause Cleanup 48M->48M(70M) 0.578ms
Dec 25 01:52:12 burnside uvmconsole: [3372047.237s][info][gc] GC(386026) Concurrent Cycle 596.592ms
Dec 25 01:52:29 burnside uvmconsole: [3372064.685s][info][gc] GC(386027) Pause Young (Normal) (G1 Evacuation Pause) 54M->48M(70M) 7.683ms
Dec 25 01:52:40 burnside uvmconsole: [3372074.759s][info][gc] GC(386028) Pause Young (Concurrent Start) (G1 Evacuation Pause) 56M->48M(70M) 11.259ms
Dec 25 01:52:40 burnside uvmconsole: [3372074.760s][info][gc] GC(386029) Concurrent Cycle
Dec 25 01:52:40 burnside uvmconsole: [3372075.191s][info][gc] GC(386029) Pause Remark 51M->51M(70M) 59.021ms
Dec 25 01:52:40 burnside uvmconsole: [3372075.406s][info][gc] GC(386029) Pause Cleanup 51M->51M(70M) 0.633ms
Dec 25 01:52:40 burnside uvmconsole: [3372075.409s][info][gc] GC(386029) Concurrent Cycle 649.392ms
Dec 25 01:52:48 burnside uvmconsole: [3372083.734s][info][gc] GC(386030) Pause Young (Normal) (G1 Evacuation Pause) 56M->48M(70M) 8.303ms
Dec 25 01:52:57 burnside uvmconsole: [3372092.470s][info][gc] GC(386031) Pause Young (Concurrent Start) (G1 Evacuation Pause) 56M->49M(70M) 13.823ms
Dec 25 01:52:57 burnside uvmconsole: [3372092.471s][info][gc] GC(386032) Concurrent Cycle
Dec 25 01:52:57 burnside uvmconsole: [3372092.531s][info][gc] GC(386033) Pause Young (Normal) (G1 Evacuation Pause) 56M->49M(70M) 12.541ms
Dec 25 01:52:58 burnside uvmconsole: [3372092.910s][info][gc] GC(386032) Pause Remark 51M->51M(70M) 50.449ms
Dec 25 01:52:58 burnside uvmconsole: [3372093.131s][info][gc] GC(386032) Pause Cleanup 51M->51M(70M) 0.669ms
Dec 25 01:52:58 burnside uvmconsole: [3372093.133s][info][gc] GC(386032) Concurrent Cycle 661.281ms
Dec 25 01:53:02 burnside uvmconsole: [3372097.027s][info][gc] GC(386034) Pause Young (Normal) (G1 Evacuation Pause) 55M->49M(70M) 10.180ms
Dec 25 01:53:08 burnside uvmconsole: [3372103.445s][info][gc] GC(386035) Pause Young (Concurrent Start) (G1 Evacuation Pause) 55M->49M(70M) 7.093ms
Dec 25 01:53:08 burnside uvmconsole: [3372103.446s][info][gc] GC(386036) Concurrent Cycle
Dec 25 01:53:09 burnside uvmconsole: [3372103.823s][info][gc] GC(386036) Pause Remark 49M->48M(70M) 41.125ms
Dec 25 01:53:09 burnside uvmconsole: [3372104.024s][info][gc] GC(386036) Pause Cleanup 49M->49M(70M) 0.570ms
Dec 25 01:53:09 burnside uvmconsole: [3372104.026s][info][gc] GC(386036) Concurrent Cycle 579.486ms
Dec 25 01:53:15 burnside uvmconsole: [3372110.047s][info][gc] GC(386037) Pause Young (Normal) (G1 Evacuation Pause) 55M->49M(70M) 9.525ms
Dec 25 01:53:23 burnside uvmconsole: [3372118.654s][info][gc] GC(386038) Pause Young (Concurrent Start) (G1 Evacuation Pause) 57M->48M(70M) 6.930ms
Dec 25 01:53:23 burnside uvmconsole: [3372118.655s][info][gc] GC(386039) Concurrent Cycle
Dec 25 01:53:24 burnside uvmconsole: [3372119.033s][info][gc] GC(386039) Pause Remark 49M->49M(70M) 41.631ms
Dec 25 01:53:24 burnside uvmconsole: [3372119.228s][info][gc] GC(386039) Pause Cleanup 49M->49M(70M) 0.483ms
Dec 25 01:53:24 burnside uvmconsole: [3372119.229s][info][gc] GC(386039) Concurrent Cycle 574.757ms
Dec 25 01:53:28 burnside uvmconsole: [3372122.779s][info][gc] GC(386040) Pause Young (Normal) (G1 Evacuation Pause) 56M->49M(70M) 7.869ms
Dec 25 01:53:43 burnside uvmconsole: [3372138.654s][info][gc] GC(386041) Pause Young (Concurrent Start) (G1 Evacuation Pause) 57M->48M(70M) 8.080ms
Dec 25 01:53:43 burnside uvmconsole: [3372138.654s][info][gc] GC(386042) Concurrent Cycle
Dec 25 01:53:44 burnside uvmconsole: [3372139.022s][info][gc] GC(386042) Pause Remark 49M->49M(70M) 40.423ms
Dec 25 01:53:44 burnside uvmconsole: [3372139.214s][info][gc] GC(386042) Pause Cleanup 49M->49M(70M) 0.450ms
Dec 25 01:53:44 burnside uvmconsole: [3372139.215s][info][gc] GC(386042) Concurrent Cycle 561.012ms
Dec 25 01:54:02 burnside uvmconsole: [3372157.225s][info][gc] GC(386043) Pause Young (Normal) (G1 Evacuation Pause) 56M->49M(70M) 8.681ms
Dec 25 01:54:17 burnside uvmconsole: [3372172.414s][info][gc] GC(386044) Pause Young (Concurrent Start) (G1 Evacuation Pause) 57M->49M(70M) 7.988ms
Dec 25 01:54:17 burnside uvmconsole: [3372172.414s][info][gc] GC(386045) Concurrent Cycle
Dec 25 01:54:18 burnside uvmconsole: [3372172.793s][info][gc] GC(386045) Pause Remark 49M->49M(70M) 42.117ms
Dec 25 01:54:18 burnside uvmconsole: [3372172.989s][info][gc] GC(386045) Pause Cleanup 49M->49M(70M) 0.480ms
Dec 25 01:54:18 burnside uvmconsole: [3372172.990s][info][gc] GC(386045) Concurrent Cycle 576.140ms
Dec 25 01:54:47 burnside uvmconsole: [3372202.384s][info][gc] GC(386046) Pause Young (Normal) (G1 Evacuation Pause) 57M->49M(70M) 8.571ms
Dec 25 01:55:06 burnside uvmconsole: [3372220.951s][info][gc] GC(386047) Pause Young (Concurrent Start) (G1 Evacuation Pause) 57M->49M(70M) 9.062ms
Dec 25 01:55:06 burnside uvmconsole: [3372220.951s][info][gc] GC(386048) Concurrent Cycle
Dec 25 01:55:06 burnside uvmconsole: [3372221.346s][info][gc] GC(386048) Pause Remark 52M->52M(70M) 41.181ms
Dec 25 01:55:06 burnside uvmconsole: [3372221.545s][info][gc] GC(386048) Pause Cleanup 52M->52M(70M) 0.522ms
Dec 25 01:55:06 burnside uvmconsole: [3372221.546s][info][gc] GC(386048) Concurrent Cycle 595.007ms
Dec 25 01:55:32 burnside uvmconsole: [3372247.078s][info][gc] GC(386049) Pause Young (Normal) (G1 Evacuation Pause) 57M->49M(70M) 8.668ms
Dec 25 01:55:56 burnside uvmconsole: [3372271.436s][info][gc] GC(386050) Pause Young (Concurrent Start) (G1 Evacuation Pause) 57M->49M(70M) 8.220ms
Dec 25 01:55:56 burnside uvmconsole: [3372271.436s][info][gc] GC(386051) Concurrent Cycle
Dec 25 01:55:57 burnside uvmconsole: [3372271.811s][info][gc] GC(386051) Pause Remark 49M->49M(70M) 40.600ms
Dec 25 01:55:57 burnside uvmconsole: [3372272.002s][info][gc] GC(386051) Pause Cleanup 49M->49M(70M) 0.464ms
Dec 25 01:55:57 burnside uvmconsole: [3372272.004s][info][gc] GC(386051) Concurrent Cycle 567.454ms
Dec 25 01:56:17 burnside uvmconsole: [3372291.985s][info][gc] GC(386052) Pause Young (Normal) (G1 Evacuation Pause) 57M->49M(70M) 8.832ms
Dec 25 01:56:47 burnside uvmconsole: [3372322.088s][info][gc] GC(386053) Pause Young (Concurrent Start) (G1 Evacuation Pause) 57M->49M(70M) 8.110ms
Dec 25 01:56:47 burnside uvmconsole: [3372322.088s][info][gc] GC(386054) Concurrent Cycle
Dec 25 01:56:47 burnside uvmconsole: [3372322.471s][info][gc] GC(386054) Pause Remark 49M->49M(70M) 41.636ms
Dec 25 01:56:47 burnside uvmconsole: [3372322.664s][info][gc] GC(386054) Pause Cleanup 49M->49M(70M) 0.498ms
Dec 25 01:56:47 burnside uvmconsole: [3372322.665s][info][gc] GC(386054) Concurrent Cycle 577.165ms
Dec 25 01:56:51 burnside uvmconsole: [3372325.991s][info][gc] GC(386055) Pause Full (System.gc()) 50M->47M(70M) 312.472ms
Dec 25 01:57:25 burnside uvmconsole: [3372359.826s][info][gc] GC(386056) Pause Young (Concurrent Start) (G1 Evacuation Pause) 57M->47M(70M) 7.231ms
Dec 25 01:57:25 burnside uvmconsole: [3372359.826s][info][gc] GC(386057) Concurrent Cycle
Dec 25 01:57:25 burnside uvmconsole: [3372360.202s][info][gc] GC(386057) Pause Remark 48M->48M(70M) 41.331ms
Dec 25 01:57:25 burnside uvmconsole: [3372360.399s][info][gc] GC(386057) Pause Cleanup 48M->48M(70M) 0.462ms
Dec 25 01:57:25 burnside uvmconsole: [3372360.400s][info][gc] GC(386057) Concurrent Cycle 573.929ms
Dec 25 01:57:58 burnside uvmconsole: [3372393.516s][info][gc] GC(386058) Pause Young (Normal) (G1 Evacuation Pause) 57M->47M(70M) 7.822ms
Dec 25 01:58:23 burnside uvmconsole: [3372418.051s][info][gc] GC(386059) Pause Young (Concurrent Start) (G1 Evacuation Pause) 57M->47M(70M) 8.001ms
Dec 25 01:58:23 burnside uvmconsole: [3372418.053s][info][gc] GC(386060) Concurrent Cycle
Dec 25 01:58:23 burnside uvmconsole: [3372418.462s][info][gc] GC(386060) Pause Remark 48M->48M(70M) 55.268ms
Dec 25 01:58:23 burnside uvmconsole: [3372418.662s][info][gc] GC(386060) Pause Cleanup 48M->48M(70M) 0.532ms
Dec 25 01:58:23 burnside uvmconsole: [3372418.663s][info][gc] GC(386060) Concurrent Cycle 610.538ms
Dec 25 01:58:59 burnside uvmconsole: [3372454.187s][info][gc] GC(386061) Pause Young (Normal) (G1 Evacuation Pause) 57M->47M(70M) 7.967ms
Dec 25 01:59:26 burnside uvmconsole: [3372481.268s][info][gc] GC(386062) Pause Young (Concurrent Start) (G1 Evacuation Pause) 57M->47M(70M) 7.949ms
Dec 25 01:59:26 burnside uvmconsole: [3372481.268s][info][gc] GC(386063) Concurrent Cycle
Dec 25 01:59:26 burnside uvmconsole: [3372481.637s][info][gc] GC(386063) Pause Remark 48M->48M(70M) 40.591ms
Dec 25 01:59:27 burnside uvmconsole: [3372481.830s][info][gc] GC(386063) Pause Cleanup 48M->48M(70M) 0.484ms
Dec 25 01:59:27 burnside uvmconsole: [3372481.832s][info][gc] GC(386063) Concurrent Cycle 563.609ms
Dec 25 02:00:03 burnside uvmconsole: [3372518.656s][info][gc] GC(386064) Pause Young (Normal) (G1 Evacuation Pause) 57M->47M(70M) 8.253ms
Dec 25 02:00:35 burnside uvmconsole: [3372550.135s][info][gc] GC(386065) Pause Young (Concurrent Start) (G1 Evacuation Pause) 58M->47M(70M) 8.238ms
Dec 25 02:00:35 burnside uvmconsole: [3372550.135s][info][gc] GC(386066) Concurrent Cycle
Dec 25 02:00:35 burnside uvmconsole: [3372550.502s][info][gc] GC(386066) Pause Remark 48M->48M(70M) 40.285ms
Dec 25 02:00:35 burnside uvmconsole: [3372550.692s][info][gc] GC(386066) Pause Cleanup 48M->48M(70M) 0.437ms
Dec 25 02:00:35 burnside uvmconsole: [3372550.693s][info][gc] GC(386066) Concurrent Cycle 558.161ms
Dec 25 02:01:09 burnside uvmconsole: [3372584.672s][info][gc] GC(386067) Pause Young (Normal) (G1 Evacuation Pause) 58M->48M(70M) 8.295ms
Dec 25 02:01:50 burnside uvmconsole: [3372624.954s][info][gc] GC(386068) Pause Young (Concurrent Start) (G1 Evacuation Pause) 59M->47M(70M) 8.199ms
Dec 25 02:01:50 burnside uvmconsole: [3372624.955s][info][gc] GC(386069) Concurrent Cycle
Dec 25 02:01:50 burnside uvmconsole: [3372625.340s][info][gc] GC(386069) Pause Remark 48M->48M(70M) 43.042ms
Dec 25 02:01:50 burnside uvmconsole: [3372625.534s][info][gc] GC(386069) Pause Cleanup 48M->48M(70M) 0.502ms
Dec 25 02:01:50 burnside uvmconsole: [3372625.536s][info][gc] GC(386069) Concurrent Cycle 581.228ms
Dec 25 02:01:51 burnside uvmconsole: [3372625.993s][info][gc] GC(386070) Pause Full (System.gc()) 48M->47M(70M) 314.746ms
Dec 25 02:02:23 burnside uvmconsole: [3372658.652s][info][gc] GC(386071) Pause Young (Concurrent Start) (G1 Evacuation Pause) 57M->47M(70M) 7.607ms
Dec 25 02:02:23 burnside uvmconsole: [3372658.652s][info][gc] GC(386072) Concurrent Cycle
Dec 25 02:02:24 burnside uvmconsole: [3372659.026s][info][gc] GC(386072) Pause Remark 48M->48M(70M) 40.774ms
Dec 25 02:02:24 burnside uvmconsole: [3372659.217s][info][gc] GC(386072) Pause Cleanup 48M->48M(70M) 0.480ms
Dec 25 02:02:24 burnside uvmconsole: [3372659.219s][info][gc] GC(386072) Concurrent Cycle 566.509ms
Dec 25 02:02:54 burnside uvmconsole: [3372689.437s][info][gc] GC(386073) Pause Young (Normal) (G1 Evacuation Pause) 57M->47M(70M) 7.257ms
Dec 25 02:03:19 burnside uvmconsole: [3372714.612s][info][gc] GC(386074) Pause Young (Concurrent Start) (G1 Evacuation Pause) 57M->47M(70M) 7.930ms
Dec 25 02:03:19 burnside uvmconsole: [3372714.612s][info][gc] GC(386075) Concurrent Cycle
Dec 25 02:03:20 burnside uvmconsole: [3372714.979s][info][gc] GC(386075) Pause Remark 48M->48M(70M) 42.116ms
Dec 25 02:03:20 burnside uvmconsole: [3372715.171s][info][gc] GC(386075) Pause Cleanup 48M->48M(70M) 0.602ms
Dec 25 02:03:20 burnside uvmconsole: [3372715.173s][info][gc] GC(386075) Concurrent Cycle 560.626ms
Dec 25 02:03:50 burnside uvmconsole: [3372745.427s][info][gc] GC(386076) Pause Young (Normal) (G1 Evacuation Pause) 57M->47M(70M) 7.971ms
Dec 25 02:04:15 burnside uvmconsole: [3372770.474s][info][gc] GC(386077) Pause Young (Concurrent Start) (G1 Evacuation Pause) 57M->47M(70M) 8.252ms
Dec 25 02:04:15 burnside uvmconsole: [3372770.474s][info][gc] GC(386078) Concurrent Cycle
Dec 25 02:04:16 burnside uvmconsole: [3372770.848s][info][gc] GC(386078) Pause Remark 48M->48M(70M) 40.839ms
Dec 25 02:04:16 burnside uvmconsole: [3372771.041s][info][gc] GC(386078) Pause Cleanup 48M->48M(70M) 0.449ms
Dec 25 02:04:16 burnside uvmconsole: [3372771.042s][info][gc] GC(386078) Concurrent Cycle 567.735ms
Dec 25 02:04:57 burnside uvmconsole: [3372811.923s][info][gc] GC(386079) Pause Young (Normal) (G1 Evacuation Pause) 57M->47M(70M) 7.455ms
Dec 25 02:05:28 burnside uvmconsole: [3372842.783s][info][gc] GC(386080) Pause Young (Concurrent Start) (G1 Evacuation Pause) 57M->47M(70M) 7.669ms
Dec 25 02:05:28 burnside uvmconsole: [3372842.783s][info][gc] GC(386081) Concurrent Cycle
Dec 25 02:05:28 burnside uvmconsole: [3372843.152s][info][gc] GC(386081) Pause Remark 48M->48M(70M) 41.135ms
Dec 25 02:05:28 burnside uvmconsole: [3372843.345s][info][gc] GC(386081) Pause Cleanup 48M->48M(70M) 0.485ms
Dec 25 02:05:28 burnside uvmconsole: [3372843.346s][info][gc] GC(386081) Concurrent Cycle 562.688ms
Dec 25 02:05:54 burnside uvmconsole: [3372869.105s][info][gc] GC(386082) Pause Young (Normal) (G1 Evacuation Pause) 57M->47M(70M) 8.267ms
Dec 25 02:06:23 burnside uvmconsole: [3372898.640s][info][gc] GC(386083) Pause Young (Concurrent Start) (G1 Evacuation Pause) 57M->47M(70M) 8.404ms
Dec 25 02:06:23 burnside uvmconsole: [3372898.640s][info][gc] GC(386084) Concurrent Cycle
Dec 25 02:06:24 burnside uvmconsole: [3372899.025s][info][gc] GC(386084) Pause Remark 48M->48M(70M) 43.753ms
Dec 25 02:06:24 burnside uvmconsole: [3372899.216s][info][gc] GC(386084) Pause Cleanup 48M->48M(70M) 0.439ms
Dec 25 02:06:24 burnside uvmconsole: [3372899.218s][info][gc] GC(386084) Concurrent Cycle 577.686ms
Dec 25 02:06:51 burnside uvmconsole: [3372926.008s][info][gc] GC(386085) Pause Full (System.gc()) 57M->47M(70M) 328.672ms
Dec 25 02:07:14 burnside uvmconsole: [3372949.321s][info][gc] GC(386086) Pause Young (Concurrent Start) (G1 Evacuation Pause) 58M->48M(70M) 7.965ms
Dec 25 02:07:14 burnside uvmconsole: [3372949.322s][info][gc] GC(386087) Concurrent Cycle
Dec 25 02:07:14 burnside uvmconsole: [3372949.698s][info][gc] GC(386087) Pause Remark 48M->48M(70M) 41.939ms
Dec 25 02:07:15 burnside uvmconsole: [3372949.893s][info][gc] GC(386087) Pause Cleanup 48M->48M(70M) 0.497ms
Dec 25 02:07:15 burnside uvmconsole: [3372949.894s][info][gc] GC(386087) Concurrent Cycle 572.856ms
Dec 25 02:07:49 burnside uvmconsole: [3372983.881s][info][gc] GC(386088) Pause Young (Normal) (G1 Evacuation Pause) 58M->48M(70M) 8.560ms
Dec 25 02:08:14 burnside uvmconsole: [3373009.358s][info][gc] GC(386089) Pause Young (Concurrent Start) (G1 Evacuation Pause) 58M->48M(70M) 8.160ms
Dec 25 02:08:14 burnside uvmconsole: [3373009.358s][info][gc] GC(386090) Concurrent Cycle
Dec 25 02:08:14 burnside uvmconsole: [3373009.744s][info][gc] GC(386090) Pause Remark 48M->48M(70M) 40.395ms
Dec 25 02:08:15 burnside uvmconsole: [3373009.940s][info][gc] GC(386090) Pause Cleanup 48M->48M(70M) 0.427ms
Dec 25 02:08:15 burnside uvmconsole: [3373009.941s][info][gc] GC(386090) Concurrent Cycle 583.270ms
Dec 25 02:08:47 burnside uvmconsole: [3373041.975s][info][gc] GC(386091) Pause Young (Normal) (G1 Evacuation Pause) 58M->48M(70M) 7.961ms
Dec 25 02:09:09 burnside uvmconsole: [3373064.017s][info][gc] GC(386092) Pause Young (Concurrent Start) (G1 Evacuation Pause) 58M->48M(70M) 8.358ms
Dec 25 02:09:09 burnside uvmconsole: [3373064.018s][info][gc] GC(386093) Concurrent Cycle
Dec 25 02:09:09 burnside uvmconsole: [3373064.387s][info][gc] GC(386093) Pause Remark 48M->48M(70M) 40.676ms
Dec 25 02:09:09 burnside uvmconsole: [3373064.583s][info][gc] GC(386093) Pause Cleanup 48M->48M(70M) 0.471ms
Dec 25 02:09:09 burnside uvmconsole: [3373064.584s][info][gc] GC(386093) Concurrent Cycle 566.254ms
Dec 25 02:09:47 burnside uvmconsole: [3373102.032s][info][gc] GC(386094) Pause Young (Normal) (G1 Evacuation Pause) 58M->48M(70M) 8.101ms
Dec 25 02:10:13 burnside uvmconsole: [3373128.639s][info][gc] GC(386095) Pause Young (Concurrent Start) (G1 Evacuation Pause) 58M->48M(70M) 8.297ms
Dec 25 02:10:13 burnside uvmconsole: [3373128.640s][info][gc] GC(386096) Concurrent Cycle
Dec 25 02:10:14 burnside uvmconsole: [3373129.005s][info][gc] GC(386096) Pause Remark 48M->48M(70M) 41.493ms
Dec 25 02:10:14 burnside uvmconsole: [3373129.194s][info][gc] GC(386096) Pause Cleanup 48M->48M(70M) 0.483ms
Dec 25 02:10:14 burnside uvmconsole: [3373129.196s][info][gc] GC(386096) Concurrent Cycle 556.200ms
Dec 25 02:10:46 burnside uvmconsole: [3373160.833s][info][gc] GC(386097) Pause Young (Normal) (G1 Evacuation Pause) 58M->48M(70M) 7.981ms
Dec 25 02:11:16 burnside uvmconsole: [3373191.054s][info][gc] GC(386098) Pause Young (Concurrent Start) (G1 Evacuation Pause) 58M->48M(70M) 10.585ms
Dec 25 02:11:16 burnside uvmconsole: [3373191.054s][info][gc] GC(386099) Concurrent Cycle
Dec 25 02:11:16 burnside uvmconsole: [3373191.428s][info][gc] GC(386099) Pause Remark 48M->48M(70M) 42.482ms
Dec 25 02:11:16 burnside uvmconsole: [3373191.618s][info][gc] GC(386099) Pause Cleanup 48M->48M(70M) 0.520ms
Dec 25 02:11:16 burnside uvmconsole: [3373191.620s][info][gc] GC(386099) Concurrent Cycle 565.466ms
Dec 25 02:11:51 burnside uvmconsole: [3373225.997s][info][gc] GC(386100) Pause Full (System.gc()) 57M->47M(70M) 317.776ms
Dec 25 02:12:23 burnside uvmconsole: [3373258.655s][info][gc] GC(386101) Pause Young (Concurrent Start) (G1 Evacuation Pause) 58M->47M(70M) 7.973ms
Dec 25 02:12:23 burnside uvmconsole: [3373258.656s][info][gc] GC(386102) Concurrent Cycle
Dec 25 02:12:24 burnside uvmconsole: [3373259.028s][info][gc] GC(386102) Pause Remark 48M->48M(70M) 43.209ms
Dec 25 02:12:24 burnside uvmconsole: [3373259.220s][info][gc] GC(386102) Pause Cleanup 48M->48M(70M) 0.485ms
Dec 25 02:12:24 burnside uvmconsole: [3373259.222s][info][gc] GC(386102) Concurrent Cycle 566.082ms
Dec 25 02:12:50 burnside uvmconsole: [3373285.252s][info][gc] GC(386103) Pause Young (Normal) (G1 Evacuation Pause) 57M->47M(70M) 7.423ms
Dec 25 02:13:17 burnside uvmconsole: [3373312.570s][info][gc] GC(386104) Pause Young (Concurrent Start) (G1 Evacuation Pause) 57M->48M(70M) 8.350ms
Dec 25 02:13:17 burnside uvmconsole: [3373312.570s][info][gc] GC(386105) Concurrent Cycle
Dec 25 02:13:18 burnside uvmconsole: [3373312.949s][info][gc] GC(386105) Pause Remark 48M->48M(70M) 40.812ms
Dec 25 02:13:18 burnside uvmconsole: [3373313.140s][info][gc] GC(386105) Pause Cleanup 48M->48M(70M) 0.456ms
Dec 25 02:13:18 burnside uvmconsole: [3373313.141s][info][gc] GC(386105) Concurrent Cycle 571.399ms
Dec 25 02:13:48 burnside uvmconsole: [3373342.812s][info][gc] GC(386106) Pause Young (Normal) (G1 Evacuation Pause) 58M->48M(70M) 7.881ms
Dec 25 02:14:13 burnside uvmconsole: [3373368.640s][info][gc] GC(386107) Pause Young (Concurrent Start) (G1 Evacuation Pause) 58M->48M(70M) 7.969ms
Dec 25 02:14:13 burnside uvmconsole: [3373368.640s][info][gc] GC(386108) Concurrent Cycle
Dec 25 02:14:14 burnside uvmconsole: [3373369.012s][info][gc] GC(386108) Pause Remark 48M->48M(70M) 41.603ms
Dec 25 02:14:14 burnside uvmconsole: [3373369.206s][info][gc] GC(386108) Pause Cleanup 48M->48M(70M) 0.521ms
Dec 25 02:14:14 burnside uvmconsole: [3373369.208s][info][gc] GC(386108) Concurrent Cycle 567.589ms
Dec 25 02:14:48 burnside uvmconsole: [3373403.479s][info][gc] GC(386109) Pause Young (Normal) (G1 Evacuation Pause) 58M->48M(70M) 7.886ms
Dec 25 02:15:19 burnside uvmconsole: [3373433.939s][info][gc] GC(386110) Pause Young (Concurrent Start) (G1 Evacuation Pause) 59M->48M(70M) 8.353ms
Dec 25 02:15:19 burnside uvmconsole: [3373433.939s][info][gc] GC(386111) Concurrent Cycle
Dec 25 02:15:19 burnside uvmconsole: [3373434.339s][info][gc] GC(386111) Pause Remark 48M->48M(70M) 44.865ms
Dec 25 02:15:19 burnside uvmconsole: [3373434.546s][info][gc] GC(386111) Pause Cleanup 49M->49M(70M) 0.605ms
Dec 25 02:15:19 burnside uvmconsole: [3373434.548s][info][gc] GC(386111) Concurrent Cycle 608.814ms
Dec 25 02:15:52 burnside uvmconsole: [3373466.840s][info][gc] GC(386112) Pause Young (Normal) (G1 Evacuation Pause) 59M->47M(70M) 7.892ms
Dec 25 02:16:23 burnside uvmconsole: [3373498.655s][info][gc] GC(386113) Pause Young (Concurrent Start) (G1 Evacuation Pause) 58M->48M(70M) 8.455ms
Dec 25 02:16:23 burnside uvmconsole: [3373498.655s][info][gc] GC(386114) Concurrent Cycle
Dec 25 02:16:24 burnside uvmconsole: [3373499.025s][info][gc] GC(386114) Pause Remark 48M->48M(70M) 42.850ms
Dec 25 02:16:24 burnside uvmconsole: [3373499.215s][info][gc] GC(386114) Pause Cleanup 48M->48M(70M) 0.472ms
Dec 25 02:16:24 burnside uvmconsole: [3373499.217s][info][gc] GC(386114) Concurrent Cycle 561.469ms
Dec 25 02:16:51 burnside uvmconsole: [3373525.994s][info][gc] GC(386115) Pause Full (System.gc()) 56M->47M(70M) 315.966ms
Dec 25 02:17:24 burnside uvmconsole: [3373559.663s][info][gc] GC(386116) Pause Young (Concurrent Start) (G1 Evacuation Pause) 58M->47M(70M) 7.718ms
Dec 25 02:17:24 burnside uvmconsole: [3373559.663s][info][gc] GC(386117) Concurrent Cycle
Dec 25 02:17:25 burnside uvmconsole: [3373560.034s][info][gc] GC(386117) Pause Remark 48M->48M(70M) 40.849ms
Dec 25 02:17:25 burnside uvmconsole: [3373560.226s][info][gc] GC(386117) Pause Cleanup 48M->48M(70M) 0.708ms
Dec 25 02:17:25 burnside uvmconsole: [3373560.228s][info][gc] GC(386117) Concurrent Cycle 564.860ms
Dec 25 02:18:00 burnside uvmconsole: [3373595.446s][info][gc] GC(386118) Pause Young (Normal) (G1 Evacuation Pause) 57M->47M(70M) 7.954ms
Dec 25 02:18:34 burnside uvmconsole: [3373628.939s][info][gc] GC(386119) Pause Young (Concurrent Start) (G1 Evacuation Pause) 57M->47M(70M) 7.083ms
Dec 25 02:18:34 burnside uvmconsole: [3373628.939s][info][gc] GC(386120) Concurrent Cycle
Dec 25 02:18:34 burnside uvmconsole: [3373629.311s][info][gc] GC(386120) Pause Remark 48M->48M(70M) 40.791ms
Dec 25 02:18:34 burnside uvmconsole: [3373629.504s][info][gc] GC(386120) Pause Cleanup 48M->48M(70M) 0.592ms
Dec 25 02:18:34 burnside uvmconsole: [3373629.505s][info][gc] GC(386120) Concurrent Cycle 566.132ms
Dec 25 02:19:03 burnside uvmconsole: [3373658.655s][info][gc] GC(386121) Pause Young (Normal) (G1 Evacuation Pause) 58M->47M(70M) 7.844ms
Dec 25 02:19:43 burnside uvmconsole: [3373698.656s][info][gc] GC(386122) Pause Young (Concurrent Start) (G1 Evacuation Pause) 58M->47M(70M) 8.039ms
Dec 25 02:19:43 burnside uvmconsole: [3373698.656s][info][gc] GC(386123) Concurrent Cycle
Dec 25 02:19:44 burnside uvmconsole: [3373699.027s][info][gc] GC(386123) Pause Remark 48M->48M(70M) 41.416ms
Dec 25 02:19:44 burnside uvmconsole: [3373699.221s][info][gc] GC(386123) Pause Cleanup 48M->48M(70M) 0.501ms
Dec 25 02:19:44 burnside uvmconsole: [3373699.222s][info][gc] GC(386123) Concurrent Cycle 566.323ms
Dec 25 02:20:10 burnside uvmconsole: [3373725.437s][info][gc] GC(386124) Pause Young (Normal) (G1 Evacuation Pause) 58M->48M(70M) 8.560ms
Dec 25 02:20:44 burnside uvmconsole: [3373759.264s][info][gc] GC(386125) Pause Young (Concurrent Start) (G1 Evacuation Pause) 59M->48M(70M) 8.443ms
Dec 25 02:20:44 burnside uvmconsole: [3373759.264s][info][gc] GC(386126) Concurrent Cycle
Dec 25 02:20:44 burnside uvmconsole: [3373759.632s][info][gc] GC(386126) Pause Remark 48M->48M(70M) 41.371ms
Dec 25 02:20:45 burnside uvmconsole: [3373759.821s][info][gc] GC(386126) Pause Cleanup 48M->48M(70M) 0.483ms
Dec 25 02:20:45 burnside uvmconsole: [3373759.823s][info][gc] GC(386126) Concurrent Cycle 558.628ms
Dec 25 02:21:09 burnside uvmconsole: [3373784.078s][info][gc] GC(386127) Pause Young (Normal) (G1 Evacuation Pause) 58M->48M(70M) 8.205ms
Dec 25 02:21:45 burnside uvmconsole: [3373820.496s][info][gc] GC(386128) Pause Young (Concurrent Start) (G1 Evacuation Pause) 58M->48M(70M) 8.227ms
Dec 25 02:21:45 burnside uvmconsole: [3373820.496s][info][gc] GC(386129) Concurrent Cycle
Dec 25 02:21:46 burnside uvmconsole: [3373820.868s][info][gc] GC(386129) Pause Remark 48M->48M(70M) 41.712ms
Dec 25 02:21:46 burnside uvmconsole: [3373821.058s][info][gc] GC(386129) Pause Cleanup 48M->48M(70M) 0.480ms
Dec 25 02:21:46 burnside uvmconsole: [3373821.059s][info][gc] GC(386129) Concurrent Cycle 562.867ms
Dec 25 02:21:51 burnside uvmconsole: [3373825.995s][info][gc] GC(386130) Pause Full (System.gc()) 49M->47M(70M) 315.838ms
Dec 25 02:22:13 burnside uvmconsole: [3373848.656s][info][gc] GC(386131) Pause Young (Concurrent Start) (G1 Evacuation Pause) 57M->47M(70M) 7.364ms
Dec 25 02:22:13 burnside uvmconsole: [3373848.657s][info][gc] GC(386132) Concurrent Cycle
Dec 25 02:22:14 burnside uvmconsole: [3373849.028s][info][gc] GC(386132) Pause Remark 48M->48M(70M) 40.397ms
Dec 25 02:22:14 burnside uvmconsole: [3373849.218s][info][gc] GC(386132) Pause Cleanup 48M->48M(70M) 0.455ms
Dec 25 02:22:14 burnside uvmconsole: [3373849.220s][info][gc] GC(386132) Concurrent Cycle 563.129ms
Dec 25 02:22:44 burnside uvmconsole: [3373879.645s][info][gc] GC(386133) Pause Young (Normal) (G1 Evacuation Pause) 57M->47M(70M) 7.757ms
Dec 25 02:23:01 burnside uvmconsole: [3373896.024s][info][gc] GC(386134) Pause Young (Concurrent Start) (G1 Evacuation Pause) 57M->47M(70M) 8.904ms
Dec 25 02:23:01 burnside uvmconsole: [3373896.025s][info][gc] GC(386135) Concurrent Cycle
Dec 25 02:23:01 burnside uvmconsole: [3373896.450s][info][gc] GC(386135) Pause Remark 51M->51M(70M) 42.126ms
Dec 25 02:23:01 burnside uvmconsole: [3373896.644s][info][gc] GC(386135) Pause Cleanup 51M->51M(70M) 0.466ms
Dec 25 02:23:01 burnside uvmconsole: [3373896.646s][info][gc] GC(386135) Concurrent Cycle 620.532ms
Dec 25 02:23:03 burnside uvmconsole: [3373898.679s][info][gc] GC(386136) Pause Young (Normal) (G1 Evacuation Pause) 57M->47M(70M) 8.408ms
Dec 25 02:23:06 burnside uvmconsole: [3373901.670s][info][gc] GC(386137) Pause Young (Concurrent Start) (G1 Evacuation Pause) 57M->47M(70M) 8.733ms
Dec 25 02:23:06 burnside uvmconsole: [3373901.670s][info][gc] GC(386138) Concurrent Cycle
Dec 25 02:23:07 burnside uvmconsole: [3373902.046s][info][gc] GC(386138) Pause Remark 48M->48M(70M) 42.195ms
Dec 25 02:23:07 burnside uvmconsole: [3373902.239s][info][gc] GC(386138) Pause Cleanup 48M->48M(70M) 0.469ms
Dec 25 02:23:07 burnside uvmconsole: [3373902.240s][info][gc] GC(386138) Concurrent Cycle 570.378ms
Dec 25 02:23:40 burnside uvmconsole: [3373935.658s][info][gc] GC(386139) Pause Young (Normal) (G1 Evacuation Pause) 57M->47M(70M) 8.216ms
Dec 25 02:24:04 burnside uvmconsole: [3373959.743s][info][gc] GC(386140) Pause Young (Concurrent Start) (G1 Evacuation Pause) 57M->48M(70M) 8.924ms
Dec 25 02:24:04 burnside uvmconsole: [3373959.744s][info][gc] GC(386141) Concurrent Cycle
Dec 25 02:24:05 burnside uvmconsole: [3373960.136s][info][gc] GC(386141) Pause Remark 49M->49M(70M) 41.329ms
Dec 25 02:24:05 burnside uvmconsole: [3373960.329s][info][gc] GC(386141) Pause Cleanup 49M->49M(70M) 0.521ms
Dec 25 02:24:05 burnside uvmconsole: [3373960.330s][info][gc] GC(386141) Concurrent Cycle 586.519ms
Dec 25 02:24:40 burnside uvmconsole: [3373995.048s][info][gc] GC(386142) Pause Young (Normal) (G1 Evacuation Pause) 58M->48M(70M) 8.589ms
Dec 25 02:25:05 burnside uvmconsole: [3374020.390s][info][gc] GC(386143) Pause Young (Concurrent Start) (G1 Evacuation Pause) 58M->48M(70M) 10.966ms
Dec 25 02:25:05 burnside uvmconsole: [3374020.390s][info][gc] GC(386144) Concurrent Cycle
Dec 25 02:25:06 burnside uvmconsole: [3374020.794s][info][gc] GC(386144) Pause Remark 50M->50M(70M) 42.011ms
Dec 25 02:25:06 burnside uvmconsole: [3374020.985s][info][gc] GC(386144) Pause Cleanup 50M->50M(70M) 0.460ms
Dec 25 02:25:06 burnside uvmconsole: [3374020.987s][info][gc] GC(386144) Concurrent Cycle 596.828ms
Dec 25 02:25:29 burnside uvmconsole: [3374043.810s][info][gc] GC(386145) Pause Young (Normal) (G1 Evacuation Pause) 58M->48M(70M) 9.243ms
Dec 25 02:26:00 burnside uvmconsole: [3374074.793s][info][gc] GC(386146) Pause Young (Concurrent Start) (G1 Evacuation Pause) 58M->48M(70M) 11.168ms
Dec 25 02:26:00 burnside uvmconsole: [3374074.794s][info][gc] GC(386147) Concurrent Cycle
Dec 25 02:26:00 burnside uvmconsole: [3374075.183s][info][gc] GC(386147) Pause Remark 48M->48M(70M) 60.943ms
Dec 25 02:26:00 burnside uvmconsole: [3374075.374s][info][gc] GC(386147) Pause Cleanup 48M->48M(70M) 0.451ms
Dec 25 02:26:00 burnside uvmconsole: [3374075.375s][info][gc] GC(386147) Concurrent Cycle 581.632ms
Dec 25 02:26:33 burnside uvmconsole: [3374108.641s][info][gc] GC(386148) Pause Young (Normal) (G1 Evacuation Pause) 58M->48M(70M) 8.552ms
Dec 25 02:26:51 burnside uvmconsole: [3374125.991s][info][gc] GC(386149) Pause Full (System.gc()) 55M->47M(70M) 312.719ms
Dec 25 02:27:18 burnside uvmconsole: [3374152.844s][info][gc] GC(386150) Pause Young (Concurrent Start) (G1 Evacuation Pause) 58M->47M(70M) 7.443ms
Dec 25 02:27:18 burnside uvmconsole: [3374152.844s][info][gc] GC(386151) Concurrent Cycle
Dec 25 02:27:18 burnside uvmconsole: [3374153.215s][info][gc] GC(386151) Pause Remark 48M->48M(70M) 41.630ms
Dec 25 02:27:18 burnside uvmconsole: [3374153.406s][info][gc] GC(386151) Pause Cleanup 48M->48M(70M) 0.577ms
Dec 25 02:27:18 burnside uvmconsole: [3374153.407s][info][gc] GC(386151) Concurrent Cycle 562.871ms
Dec 25 02:27:53 burnside uvmconsole: [3374188.655s][info][gc] GC(386152) Pause Young (Normal) (G1 Evacuation Pause) 57M->47M(70M) 7.208ms
Dec 25 02:28:23 burnside uvmconsole: [3374218.658s][info][gc] GC(386153) Pause Young (Concurrent Start) (G1 Evacuation Pause) 58M->47M(70M) 10.232ms
Dec 25 02:28:23 burnside uvmconsole: [3374218.659s][info][gc] GC(386154) Concurrent Cycle
Dec 25 02:28:24 burnside uvmconsole: [3374219.043s][info][gc] GC(386154) Pause Remark 48M->48M(70M) 48.994ms
Dec 25 02:28:24 burnside uvmconsole: [3374219.237s][info][gc] GC(386154) Pause Cleanup 48M->48M(70M) 0.537ms
Dec 25 02:28:24 burnside uvmconsole: [3374219.238s][info][gc] GC(386154) Concurrent Cycle 579.410ms
Dec 25 02:28:59 burnside uvmconsole: [3374254.187s][info][gc] GC(386155) Pause Young (Normal) (G1 Evacuation Pause) 58M->47M(70M) 7.830ms
Dec 25 02:29:30 burnside uvmconsole: [3374285.705s][info][gc] GC(386156) Pause Young (Concurrent Start) (G1 Evacuation Pause) 58M->47M(70M) 8.447ms
Dec 25 02:29:30 burnside uvmconsole: [3374285.705s][info][gc] GC(386157) Concurrent Cycle
Dec 25 02:29:31 burnside uvmconsole: [3374286.074s][info][gc] GC(386157) Pause Remark 48M->48M(70M) 42.351ms
Dec 25 02:29:31 burnside uvmconsole: [3374286.261s][info][gc] GC(386157) Pause Cleanup 48M->48M(70M) 0.495ms
Dec 25 02:29:31 burnside uvmconsole: [3374286.263s][info][gc] GC(386157) Concurrent Cycle 557.812ms
Dec 25 02:30:08 burnside uvmconsole: [3374323.735s][info][gc] GC(386158) Pause Young (Normal) (G1 Evacuation Pause) 58M->47M(70M) 8.198ms
Dec 25 02:30:43 burnside uvmconsole: [3374358.559s][info][gc] GC(386159) Pause Young (Concurrent Start) (G1 Evacuation Pause) 58M->47M(70M) 8.488ms
Dec 25 02:30:43 burnside uvmconsole: [3374358.560s][info][gc] GC(386160) Concurrent Cycle
Dec 25 02:30:44 burnside uvmconsole: [3374358.930s][info][gc] GC(386160) Pause Remark 48M->48M(70M) 40.607ms
Dec 25 02:30:44 burnside uvmconsole: [3374359.120s][info][gc] GC(386160) Pause Cleanup 48M->48M(70M) 0.437ms
Dec 25 02:30:44 burnside uvmconsole: [3374359.121s][info][gc] GC(386160) Concurrent Cycle 561.104ms
Dec 25 02:31:09 burnside uvmconsole: [3374384.468s][info][gc] GC(386161) Pause Young (Normal) (G1 Evacuation Pause) 58M->47M(70M) 8.503ms
Dec 25 02:31:40 burnside uvmconsole: [3374415.734s][info][gc] GC(386162) Pause Young (Concurrent Start) (G1 Evacuation Pause) 58M->47M(70M) 8.426ms
Dec 25 02:31:40 burnside uvmconsole: [3374415.734s][info][gc] GC(386163) Concurrent Cycle
Dec 25 02:31:41 burnside uvmconsole: [3374416.106s][info][gc] GC(386163) Pause Remark 48M->48M(70M) 41.377ms
Dec 25 02:31:41 burnside uvmconsole: [3374416.299s][info][gc] GC(386163) Pause Cleanup 48M->48M(70M) 0.602ms
Dec 25 02:31:41 burnside uvmconsole: [3374416.300s][info][gc] GC(386163) Concurrent Cycle 565.755ms
Dec 25 02:31:51 burnside uvmconsole: [3374426.002s][info][gc] GC(386164) Pause Full (System.gc()) 51M->47M(70M) 323.455ms
Dec 25 02:32:16 burnside uvmconsole: [3374451.573s][info][gc] GC(386165) Pause Young (Concurrent Start) (G1 Evacuation Pause) 57M->47M(70M) 7.957ms
Dec 25 02:32:16 burnside uvmconsole: [3374451.573s][info][gc] GC(386166) Concurrent Cycle
Dec 25 02:32:17 burnside uvmconsole: [3374451.941s][info][gc] GC(386166) Pause Remark 48M->48M(70M) 40.960ms
Dec 25 02:32:17 burnside uvmconsole: [3374452.131s][info][gc] GC(386166) Pause Cleanup 48M->48M(70M) 0.439ms
Dec 25 02:32:17 burnside uvmconsole: [3374452.132s][info][gc] GC(386166) Concurrent Cycle 558.880ms
Dec 25 02:32:53 burnside uvmconsole: [3374488.000s][info][gc] GC(386167) Pause Young (Normal) (G1 Evacuation Pause) 57M->47M(70M) 7.518ms
Dec 25 02:33:19 burnside uvmconsole: [3374514.300s][info][gc] GC(386168) Pause Young (Concurrent Start) (G1 Evacuation Pause) 57M->47M(70M) 8.249ms
Dec 25 02:33:19 burnside uvmconsole: [3374514.300s][info][gc] GC(386169) Concurrent Cycle
Dec 25 02:33:19 burnside uvmconsole: [3374514.683s][info][gc] GC(386169) Pause Remark 48M->48M(70M) 40.553ms
Dec 25 02:33:20 burnside uvmconsole: [3374514.872s][info][gc] GC(386169) Pause Cleanup 48M->48M(70M) 0.436ms
Dec 25 02:33:20 burnside uvmconsole: [3374514.873s][info][gc] GC(386169) Concurrent Cycle 573.399ms
Dec 25 02:33:51 burnside uvmconsole: [3374546.373s][info][gc] GC(386170) Pause Young (Normal) (G1 Evacuation Pause) 57M->47M(70M) 8.651ms
Dec 25 02:34:18 burnside uvmconsole: [3374572.800s][info][gc] GC(386171) Pause Young (Concurrent Start) (G1 Evacuation Pause) 57M->47M(70M) 8.464ms
Dec 25 02:34:18 burnside uvmconsole: [3374572.800s][info][gc] GC(386172) Concurrent Cycle
Dec 25 02:34:18 burnside uvmconsole: [3374573.170s][info][gc] GC(386172) Pause Remark 48M->48M(70M) 41.283ms
Dec 25 02:34:18 burnside uvmconsole: [3374573.361s][info][gc] GC(386172) Pause Cleanup 48M->48M(70M) 0.485ms
Dec 25 02:34:18 burnside uvmconsole: [3374573.362s][info][gc] GC(386172) Concurrent Cycle 562.341ms
Dec 25 02:34:57 burnside uvmconsole: [3374612.177s][info][gc] GC(386173) Pause Young (Normal) (G1 Evacuation Pause) 57M->47M(70M) 8.194ms
Dec 25 02:35:22 burnside uvmconsole: [3374637.456s][info][gc] GC(386174) Pause Young (Concurrent Start) (G1 Evacuation Pause) 57M->47M(70M) 7.962ms
Dec 25 02:35:22 burnside uvmconsole: [3374637.456s][info][gc] GC(386175) Concurrent Cycle
Dec 25 02:35:23 burnside uvmconsole: [3374637.826s][info][gc] GC(386175) Pause Remark 48M->48M(70M) 41.917ms
Dec 25 02:35:23 burnside uvmconsole: [3374638.017s][info][gc] GC(386175) Pause Cleanup 48M->48M(70M) 0.451ms
Dec 25 02:35:23 burnside uvmconsole: [3374638.018s][info][gc] GC(386175) Concurrent Cycle 561.821ms
Dec 25 02:35:54 burnside uvmconsole: [3374669.704s][info][gc] GC(386176) Pause Young (Normal) (G1 Evacuation Pause) 57M->47M(70M) 7.999ms
Dec 25 02:36:21 burnside uvmconsole: [3374696.131s][info][gc] GC(386177) Pause Young (Concurrent Start) (G1 Evacuation Pause) 57M->47M(70M) 7.978ms
Dec 25 02:36:21 burnside uvmconsole: [3374696.131s][info][gc] GC(386178) Concurrent Cycle
Dec 25 02:36:21 burnside uvmconsole: [3374696.515s][info][gc] GC(386178) Pause Remark 48M->48M(70M) 57.060ms
Dec 25 02:36:21 burnside uvmconsole: [3374696.709s][info][gc] GC(386178) Pause Cleanup 48M->48M(70M) 0.487ms
Dec 25 02:36:21 burnside uvmconsole: [3374696.711s][info][gc] GC(386178) Concurrent Cycle 580.117ms
Dec 25 02:36:51 burnside uvmconsole: [3374726.048s][info][gc] GC(386179) Pause Full (System.gc()) 55M->47M(70M) 369.698ms
Dec 25 02:37:24 burnside uvmconsole: [3374759.307s][info][gc] GC(386180) Pause Young (Concurrent Start) (G1 Evacuation Pause) 58M->47M(70M) 7.761ms
Dec 25 02:37:24 burnside uvmconsole: [3374759.309s][info][gc] GC(386181) Concurrent Cycle
Dec 25 02:37:24 burnside uvmconsole: [3374759.687s][info][gc] GC(386181) Pause Remark 48M->48M(70M) 41.351ms
Dec 25 02:37:25 burnside uvmconsole: [3374759.883s][info][gc] GC(386181) Pause Cleanup 48M->48M(70M) 0.533ms
Dec 25 02:37:25 burnside uvmconsole: [3374759.884s][info][gc] GC(386181) Concurrent Cycle 575.264ms
Dec 25 02:37:59 burnside uvmconsole: [3374794.330s][info][gc] GC(386182) Pause Young (Normal) (G1 Evacuation Pause) 57M->47M(70M) 7.596ms
Dec 25 02:38:23 burnside uvmconsole: [3374818.657s][info][gc] GC(386183) Pause Young (Concurrent Start) (G1 Evacuation Pause) 57M->47M(70M) 8.441ms
Dec 25 02:38:23 burnside uvmconsole: [3374818.659s][info][gc] GC(386184) Concurrent Cycle
Dec 25 02:38:24 burnside uvmconsole: [3374819.030s][info][gc] GC(386184) Pause Remark 48M->48M(70M) 41.654ms
Dec 25 02:38:24 burnside uvmconsole: [3374819.227s][info][gc] GC(386184) Pause Cleanup 48M->48M(70M) 0.485ms
Dec 25 02:38:24 burnside uvmconsole: [3374819.229s][info][gc] GC(386184) Concurrent Cycle 570.128ms
Dec 25 02:38:56 burnside uvmconsole: [3374851.208s][info][gc] GC(386185) Pause Young (Normal) (G1 Evacuation Pause) 57M->47M(70M) 7.619ms
Dec 25 02:39:23 burnside uvmconsole: [3374878.134s][info][gc] GC(386186) Pause Young (Concurrent Start) (G1 Evacuation Pause) 57M->47M(70M) 8.205ms
Dec 25 02:39:23 burnside uvmconsole: [3374878.134s][info][gc] GC(386187) Concurrent Cycle
Dec 25 02:39:23 burnside uvmconsole: [3374878.503s][info][gc] GC(386187) Pause Remark 48M->48M(70M) 40.592ms
Dec 25 02:39:23 burnside uvmconsole: [3374878.694s][info][gc] GC(386187) Pause Cleanup 48M->48M(70M) 0.495ms
Dec 25 02:39:23 burnside uvmconsole: [3374878.696s][info][gc] GC(386187) Concurrent Cycle 561.705ms
Dec 25 02:39:54 burnside uvmconsole: [3374909.388s][info][gc] GC(386188) Pause Young (Normal) (G1 Evacuation Pause) 57M->47M(70M) 8.784ms
Dec 25 02:40:17 burnside uvmconsole: [3374932.228s][info][gc] GC(386189) Pause Young (Normal) (G1 Evacuation Pause) 58M->47M(70M) 7.082ms
Dec 25 02:40:56 burnside uvmconsole: [3374970.825s][info][gc] GC(386190) Pause Young (Concurrent Start) (G1 Evacuation Pause) 58M->47M(70M) 8.436ms
Dec 25 02:40:56 burnside uvmconsole: [3374970.825s][info][gc] GC(386191) Concurrent Cycle
Dec 25 02:40:56 burnside uvmconsole: [3374971.198s][info][gc] GC(386191) Pause Remark 48M->48M(70M) 41.084ms
Dec 25 02:40:56 burnside uvmconsole: [3374971.387s][info][gc] GC(386191) Pause Cleanup 48M->48M(70M) 0.504ms
Dec 25 02:40:56 burnside uvmconsole: [3374971.388s][info][gc] GC(386191) Concurrent Cycle 562.771ms
Dec 25 02:41:23 burnside uvmconsole: [3374997.901s][info][gc] GC(386192) Pause Young (Normal) (G1 Evacuation Pause) 58M->47M(70M) 8.642ms
Dec 25 02:41:51 burnside uvmconsole: [3375025.999s][info][gc] GC(386193) Pause Full (System.gc()) 55M->47M(70M) 320.429ms
Dec 25 02:42:23 burnside uvmconsole: [3375058.657s][info][gc] GC(386194) Pause Young (Concurrent Start) (G1 Evacuation Pause) 58M->47M(70M) 8.951ms
Dec 25 02:42:23 burnside uvmconsole: [3375058.657s][info][gc] GC(386195) Concurrent Cycle
Dec 25 02:42:24 burnside uvmconsole: [3375059.021s][info][gc] GC(386195) Pause Remark 48M->48M(70M) 41.338ms
Dec 25 02:42:24 burnside uvmconsole: [3375059.209s][info][gc] GC(386195) Pause Cleanup 48M->48M(70M) 0.499ms
Dec 25 02:42:24 burnside uvmconsole: [3375059.211s][info][gc] GC(386195) Concurrent Cycle 553.393ms
Dec 25 02:42:57 burnside uvmconsole: [3375092.674s][info][gc] GC(386196) Pause Young (Normal) (G1 Evacuation Pause) 57M->47M(70M) 7.329ms
Dec 25 02:43:19 burnside uvmconsole: [3375114.717s][info][gc] GC(386197) Pause Young (Normal) (G1 Evacuation Pause) 57M->47M(70M) 6.025ms
Dec 25 02:43:54 burnside uvmconsole: [3375149.346s][info][gc] GC(386198) Pause Young (Normal) (G1 Evacuation Pause) 57M->47M(70M) 6.381ms
Dec 25 02:44:23 burnside uvmconsole: [3375177.883s][info][gc] GC(386199) Pause Young (Normal) (G1 Evacuation Pause) 57M->47M(70M) 6.586ms
Dec 25 02:44:58 burnside uvmconsole: [3375213.433s][info][gc] GC(386200) Pause Young (Normal) (G1 Evacuation Pause) 57M->47M(70M) 7.022ms
Dec 25 02:45:27 burnside uvmconsole: [3375242.273s][info][gc] GC(386201) Pause Young (Normal) (G1 Evacuation Pause) 57M->47M(70M) 6.525ms
Dec 25 02:46:03 burnside uvmconsole: [3375277.808s][info][gc] GC(386202) Pause Young (Normal) (G1 Evacuation Pause) 57M->47M(70M) 6.337ms
Dec 25 02:46:35 burnside uvmconsole: [3375310.140s][info][gc] GC(386203) Pause Young (Normal) (G1 Evacuation Pause) 57M->47M(70M) 6.074ms
Dec 25 02:46:51 burnside uvmconsole: [3375325.991s][info][gc] GC(386204) Pause Full (System.gc()) 51M->47M(70M) 313.343ms
Dec 25 02:47:32 burnside uvmconsole: [3375367.107s][info][gc] GC(386205) Pause Young (Normal) (G1 Evacuation Pause) 59M->47M(70M) 6.038ms
Dec 25 02:48:04 burnside uvmconsole: [3375399.212s][info][gc] GC(386206) Pause Young (Normal) (G1 Evacuation Pause) 58M->47M(70M) 6.023ms
Dec 25 02:48:42 burnside uvmconsole: [3375437.111s][info][gc] GC(386207) Pause Young (Normal) (G1 Evacuation Pause) 58M->47M(70M) 5.890ms
Dec 25 02:49:04 burnside uvmconsole: [3375459.409s][info][gc] GC(386208) Pause Young (Normal) (G1 Evacuation Pause) 58M->47M(70M) 7.026ms
Dec 25 02:49:36 burnside uvmconsole: [3375491.141s][info][gc] GC(386209) Pause Young (Normal) (G1 Evacuation Pause) 58M->47M(70M) 6.517ms
Dec 25 02:50:08 burnside uvmconsole: [3375522.901s][info][gc] GC(386210) Pause Young (Normal) (G1 Evacuation Pause) 58M->47M(70M) 7.559ms
Dec 25 02:50:42 burnside uvmconsole: [3375556.979s][info][gc] GC(386211) Pause Young (Normal) (G1 Evacuation Pause) 58M->47M(70M) 6.873ms
Dec 25 02:51:12 burnside uvmconsole: [3375587.485s][info][gc] GC(386212) Pause Young (Normal) (G1 Evacuation Pause) 58M->47M(70M) 7.125ms
Dec 25 02:51:51 burnside uvmconsole: [3375625.993s][info][gc] GC(386213) Pause Full (System.gc()) 57M->47M(70M) 314.216ms
Dec 25 02:52:24 burnside uvmconsole: [3375659.501s][info][gc] GC(386214) Pause Young (Normal) (G1 Evacuation Pause) 59M->47M(70M) 6.280ms
Dec 25 02:53:01 burnside uvmconsole: [3375696.584s][info][gc] GC(386215) Pause Young (Normal) (G1 Evacuation Pause) 58M->47M(70M) 6.475ms
Dec 25 02:53:27 burnside uvmconsole: [3375722.708s][info][gc] GC(386216) Pause Young (Normal) (G1 Evacuation Pause) 58M->47M(70M) 6.165ms
Dec 25 02:54:04 burnside uvmconsole: [3375759.073s][info][gc] GC(386217) Pause Young (Normal) (G1 Evacuation Pause) 58M->47M(70M) 6.824ms
Dec 25 02:54:23 burnside uvmconsole: [3375778.656s][info][gc] GC(386218) Pause Young (Normal) (G1 Evacuation Pause) 58M->47M(70M) 7.503ms
Dec 25 02:54:54 burnside uvmconsole: [3375809.194s][info][gc] GC(386219) Pause Young (Normal) (G1 Evacuation Pause) 58M->48M(70M) 7.620ms
Dec 25 02:55:16 burnside uvmconsole: [3375830.957s][info][gc] GC(386220) Pause Young (Normal) (G1 Evacuation Pause) 59M->48M(70M) 8.531ms
Dec 25 02:55:46 burnside uvmconsole: [3375861.312s][info][gc] GC(386221) Pause Young (Normal) (G1 Evacuation Pause) 59M->47M(70M) 6.673ms
Dec 25 02:56:18 burnside uvmconsole: [3375893.340s][info][gc] GC(386222) Pause Young (Normal) (G1 Evacuation Pause) 58M->47M(70M) 6.632ms
Dec 25 02:56:51 burnside uvmconsole: [3375925.990s][info][gc] GC(386223) Pause Full (System.gc()) 58M->47M(70M) 311.555ms
Dec 25 02:57:23 burnside uvmconsole: [3375958.652s][info][gc] GC(386224) Pause Young (Normal) (G1 Evacuation Pause) 58M->47M(70M) 6.112ms
Dec 25 02:57:54 burnside uvmconsole: [3375989.711s][info][gc] GC(386225) Pause Young (Normal) (G1 Evacuation Pause) 57M->47M(70M) 5.844ms
Dec 25 02:58:23 burnside uvmconsole: [3376018.651s][info][gc] GC(386226) Pause Young (Normal) (G1 Evacuation Pause) 57M->47M(70M) 6.624ms
Dec 25 02:58:59 burnside uvmconsole: [3376054.186s][info][gc] GC(386227) Pause Young (Normal) (G1 Evacuation Pause) 57M->47M(70M) 5.720ms
Dec 25 02:59:29 burnside uvmconsole: [3376084.354s][info][gc] GC(386228) Pause Young (Normal) (G1 Evacuation Pause) 57M->47M(70M) 6.061ms
Dec 25 02:59:59 burnside uvmconsole: [3376114.418s][info][gc] GC(386229) Pause Young (Normal) (G1 Evacuation Pause) 57M->47M(70M) 6.748ms
Dec 25 03:00:16 burnside uvmconsole: [3376131.557s][info][gc] GC(386230) Pause Young (Normal) (G1 Evacuation Pause) 57M->47M(70M) 6.102ms
Dec 25 03:00:46 burnside uvmconsole: [3376160.993s][info][gc] GC(386231) Pause Young (Normal) (G1 Evacuation Pause) 57M->47M(70M) 6.298ms
Dec 25 03:01:12 burnside uvmconsole: [3376187.378s][info][gc] GC(386232) Pause Young (Normal) (G1 Evacuation Pause) 57M->47M(70M) 6.818ms
Dec 25 03:01:43 burnside uvmconsole: [3376218.654s][info][gc] GC(386233) Pause Young (Normal) (G1 Evacuation Pause) 57M->47M(70M) 6.611ms
Dec 25 03:01:51 burnside uvmconsole: [3376225.993s][info][gc] GC(386234) Pause Full (System.gc()) 49M->47M(70M) 314.060ms
Dec 25 03:02:19 burnside uvmconsole: [3376254.355s][info][gc] GC(386235) Pause Young (Normal) (G1 Evacuation Pause) 58M->47M(70M) 8.808ms
Dec 25 03:02:59 burnside uvmconsole: [3376294.186s][info][gc] GC(386236) Pause Young (Normal) (G1 Evacuation Pause) 58M->47M(70M) 7.031ms
Dec 25 03:03:21 burnside uvmconsole: [3376316.164s][info][gc] GC(386237) Pause Young (Normal) (G1 Evacuation Pause) 58M->47M(70M) 6.974ms
Dec 25 03:03:55 burnside uvmconsole: [3376350.044s][info][gc] GC(386238) Pause Young (Normal) (G1 Evacuation Pause) 58M->47M(70M) 6.609ms
Dec 25 03:04:22 burnside uvmconsole: [3376377.019s][info][gc] GC(386239) Pause Young (Normal) (G1 Evacuation Pause) 58M->47M(70M) 6.529ms
Dec 25 03:04:59 burnside uvmconsole: [3376413.996s][info][gc] GC(386240) Pause Young (Normal) (G1 Evacuation Pause) 58M->47M(70M) 7.047ms
Dec 25 03:05:18 burnside uvmconsole: [3376433.110s][info][gc] GC(386241) Pause Young (Normal) (G1 Evacuation Pause) 58M->47M(70M) 8.873ms
Dec 25 03:05:44 burnside uvmconsole: [3376458.765s][info][gc] GC(386242) Pause Young (Normal) (G1 Evacuation Pause) 58M->47M(70M) 6.941ms
Dec 25 03:06:12 burnside uvmconsole: [3376486.855s][info][gc] GC(386243) Pause Young (Normal) (G1 Evacuation Pause) 58M->47M(70M) 6.995ms
Dec 25 03:06:48 burnside uvmconsole: [3376523.431s][info][gc] GC(386244) Pause Young (Normal) (G1 Evacuation Pause) 58M->47M(70M) 6.906ms
Dec 25 03:06:51 burnside uvmconsole: [3376525.990s][info][gc] GC(386245) Pause Full (System.gc()) 48M->47M(70M) 311.415ms
Dec 25 03:07:03 burnside uvmconsole: [3376538.107s][info][gc] GC(386246) Pause Young (Normal) (G1 Evacuation Pause) 59M->47M(70M) 9.306ms
Dec 25 03:07:42 burnside uvmconsole: [3376577.570s][info][gc] GC(386247) Pause Young (Normal) (G1 Evacuation Pause) 58M->47M(70M) 7.016ms
Dec 25 03:08:08 burnside uvmconsole: [3376603.620s][info][gc] GC(386248) Pause Young (Normal) (G1 Evacuation Pause) 58M->47M(70M) 7.106ms
Dec 25 03:08:35 burnside uvmconsole: [3376630.384s][info][gc] GC(386249) Pause Young (Normal) (G1 Evacuation Pause) 58M->47M(70M) 6.302ms
Dec 25 03:09:09 burnside uvmconsole: [3376664.438s][info][gc] GC(386250) Pause Young (Normal) (G1 Evacuation Pause) 58M->47M(70M) 6.430ms
Dec 25 03:09:55 burnside uvmconsole: [3376709.810s][info][gc] GC(386251) Pause Young (Normal) (G1 Evacuation Pause) 58M->47M(70M) 6.552ms
Dec 25 03:10:22 burnside uvmconsole: [3376737.725s][info][gc] GC(386252) Pause Young (Normal) (G1 Evacuation Pause) 58M->47M(70M) 6.995ms
Dec 25 03:10:43 burnside uvmconsole: [3376758.637s][info][gc] GC(386253) Pause Young (Normal) (G1 Evacuation Pause) 58M->47M(70M) 5.945ms
Dec 25 03:11:13 burnside uvmconsole: [3376788.654s][info][gc] GC(386254) Pause Young (Normal) (G1 Evacuation Pause) 58M->47M(70M) 6.196ms
Dec 25 03:11:51 burnside uvmconsole: [3376825.990s][info][gc] GC(386255) Pause Full (System.gc()) 57M->47M(70M) 311.529ms
Dec 25 03:12:29 burnside uvmconsole: [3376864.017s][info][gc] GC(386256) Pause Young (Normal) (G1 Evacuation Pause) 58M->47M(70M) 5.762ms
Dec 25 03:12:55 burnside uvmconsole: [3376889.981s][info][gc] GC(386257) Pause Young (Normal) (G1 Evacuation Pause) 58M->47M(70M) 5.627ms
Dec 25 03:13:14 burnside uvmconsole: [3376909.442s][info][gc] GC(386258) Pause Young (Normal) (G1 Evacuation Pause) 58M->47M(70M) 6.421ms
Dec 25 03:13:53 burnside uvmconsole: [3376948.650s][info][gc] GC(386259) Pause Young (Normal) (G1 Evacuation Pause) 58M->47M(70M) 6.148ms
Dec 25 03:14:21 burnside uvmconsole: [3376976.174s][info][gc] GC(386260) Pause Young (Normal) (G1 Evacuation Pause) 58M->47M(70M) 6.530ms
Dec 25 03:14:59 burnside uvmconsole: [3377014.186s][info][gc] GC(386261) Pause Young (Normal) (G1 Evacuation Pause) 58M->47M(70M) 6.307ms
Dec 25 03:15:25 burnside uvmconsole: [3377040.333s][info][gc] GC(386262) Pause Young (Normal) (G1 Evacuation Pause) 58M->47M(70M) 6.321ms
Dec 25 03:15:59 burnside uvmconsole: [3377073.834s][info][gc] GC(386263) Pause Young (Normal) (G1 Evacuation Pause) 58M->47M(70M) 6.989ms
Dec 25 03:16:25 burnside uvmconsole: [3377100.666s][info][gc] GC(386264) Pause Young (Normal) (G1 Evacuation Pause) 57M->47M(70M) 7.003ms
Dec 25 03:16:51 burnside uvmconsole: [3377125.995s][info][gc] GC(386265) Pause Full (System.gc()) 56M->47M(70M) 316.689ms
Dec 25 03:17:22 burnside uvmconsole: [3377157.640s][info][gc] GC(386266) Pause Young (Normal) (G1 Evacuation Pause) 58M->47M(70M) 6.091ms
Dec 25 03:17:39 burnside uvmconsole: 12-25 03:17:39.298320| ERROR:./libnetcap/src/netcap_tcp_srv_complete.c:251:CRITICAL ERROR: connect: Cannot assign requested address : (24.222.11.62:20082 -> 78.108.119.250:443)
Dec 25 03:17:39 burnside uvmconsole: 12-25 03:17:39.298426| ERROR:./libnetcap/src/netcap_tcp_srv_complete.c:119:WARNING: _srv_start_connection
Dec 25 03:17:59 burnside uvmconsole: [3377194.186s][info][gc] GC(386267) Pause Young (Normal) (G1 Evacuation Pause) 58M->47M(70M) 6.014ms
Dec 25 03:18:30 burnside uvmconsole: [3377225.633s][info][gc] GC(386268) Pause Young (Normal) (G1 Evacuation Pause) 58M->47M(70M) 6.115ms
Dec 25 03:19:01 burnside uvmconsole: [3377255.863s][info][gc] GC(386269) Pause Young (Normal) (G1 Evacuation Pause) 58M->47M(70M) 6.354ms
Dec 25 03:19:37 burnside uvmconsole: [3377292.070s][info][gc] GC(386270) Pause Young (Normal) (G1 Evacuation Pause) 58M->47M(70M) 6.738ms
Dec 25 03:20:02 burnside uvmconsole: [3377317.303s][info][gc] GC(386271) Pause Young (Normal) (G1 Evacuation Pause) 58M->47M(70M) 6.923ms
Dec 25 03:20:24 burnside uvmconsole: [3377339.363s][info][gc] GC(386272) Pause Young (Normal) (G1 Evacuation Pause) 58M->47M(70M) 7.695ms
Dec 25 03:21:00 burnside uvmconsole: [3377374.785s][info][gc] GC(386273) Pause Young (Normal) (G1 Evacuation Pause) 58M->47M(70M) 6.323ms
Dec 25 03:21:36 burnside uvmconsole: [3377410.837s][info][gc] GC(386274) Pause Young (Normal) (G1 Evacuation Pause) 58M->47M(70M) 6.542ms
Dec 25 03:21:51 burnside uvmconsole: [3377425.992s][info][gc] GC(386275) Pause Full (System.gc()) 52M->47M(70M) 313.747ms
Dec 25 03:22:13 burnside uvmconsole: [3377448.654s][info][gc] GC(386276) Pause Young (Normal) (G1 Evacuation Pause) 59M->47M(70M) 5.723ms
Dec 25 03:22:51 burnside uvmconsole: [3377485.922s][info][gc] GC(386277) Pause Young (Normal) (G1 Evacuation Pause) 58M->47M(70M) 6.266ms
Dec 25 03:23:16 burnside uvmconsole: [3377511.196s][info][gc] GC(386278) Pause Young (Normal) (G1 Evacuation Pause) 58M->47M(70M) 6.419ms
Dec 25 03:23:47 burnside uvmconsole: [3377542.410s][info][gc] GC(386279) Pause Young (Normal) (G1 Evacuation Pause) 58M->47M(70M) 6.743ms
Dec 25 03:24:16 burnside uvmconsole: [3377571.324s][info][gc] GC(386280) Pause Young (Normal) (G1 Evacuation Pause) 58M->47M(70M) 7.036ms
Dec 25 03:24:59 burnside uvmconsole: [3377614.076s][info][gc] GC(386281) Pause Young (Normal) (G1 Evacuation Pause) 58M->47M(70M) 6.719ms
Dec 25 03:25:31 burnside uvmconsole: [3377646.132s][info][gc] GC(386282) Pause Young (Normal) (G1 Evacuation Pause) 58M->47M(70M) 6.440ms
Dec 25 03:26:05 burnside uvmconsole: [3377680.597s][info][gc] GC(386283) Pause Young (Normal) (G1 Evacuation Pause) 58M->47M(70M) 6.665ms
Dec 25 03:26:29 burnside uvmconsole: [3377703.886s][info][gc] GC(386284) Pause Young (Normal) (G1 Evacuation Pause) 58M->47M(70M) 6.723ms
Dec 25 03:26:51 burnside uvmconsole: [3377725.994s][info][gc] GC(386285) Pause Full (System.gc()) 55M->47M(70M) 314.854ms
Dec 25 03:27:06 burnside uvmconsole: [3377741.331s][info][gc] GC(386286) Pause Young (Normal) (G1 Evacuation Pause) 58M->47M(70M) 6.300ms
Dec 25 03:27:46 burnside uvmconsole: [3377781.224s][info][gc] GC(386287) Pause Young (Normal) (G1 Evacuation Pause) 57M->47M(70M) 6.164ms
Dec 25 03:28:13 burnside uvmconsole: [3377808.652s][info][gc] GC(386288) Pause Young (Normal) (G1 Evacuation Pause) 57M->47M(70M) 6.478ms
Dec 25 03:28:47 burnside uvmconsole: [3377842.471s][info][gc] GC(386289) Pause Young (Normal) (G1 Evacuation Pause) 57M->47M(70M) 6.707ms
Dec 25 03:29:08 burnside uvmconsole: [3377863.299s][info][gc] GC(386290) Pause Young (Normal) (G1 Evacuation Pause) 57M->47M(70M) 6.352ms
Dec 25 03:29:51 burnside uvmconsole: [3377906.436s][info][gc] GC(386291) Pause Young (Normal) (G1 Evacuation Pause) 57M->47M(70M) 6.184ms
Dec 25 03:30:08 burnside uvmconsole: [3377923.181s][info][gc] GC(386292) Pause Young (Normal) (G1 Evacuation Pause) 57M->47M(70M) 6.114ms
Dec 25 03:30:38 burnside uvmconsole: [3377953.636s][info][gc] GC(386293) Pause Young (Normal) (G1 Evacuation Pause) 57M->47M(70M) 6.499ms
Dec 25 03:31:09 burnside uvmconsole: [3377983.852s][info][gc] GC(386294) Pause Young (Normal) (G1 Evacuation Pause) 57M->47M(70M) 7.286ms
Dec 25 03:31:47 burnside uvmconsole: [3378022.751s][info][gc] GC(386295) Pause Young (Normal) (G1 Evacuation Pause) 57M->47M(70M) 6.470ms
Dec 25 03:31:51 burnside uvmconsole: [3378025.989s][info][gc] GC(386296) Pause Full (System.gc()) 48M->47M(70M) 310.445ms
Dec 25 03:32:19 burnside uvmconsole: [3378054.675s][info][gc] GC(386297) Pause Young (Normal) (G1 Evacuation Pause) 57M->47M(70M) 5.970ms
Dec 25 03:32:47 burnside uvmconsole: [3378082.651s][info][gc] GC(386298) Pause Young (Normal) (G1 Evacuation Pause) 56M->47M(70M) 6.331ms
Dec 25 03:33:04 burnside uvmconsole: [3378099.466s][info][gc] GC(386299) Pause Young (Normal) (G1 Evacuation Pause) 56M->47M(70M) 6.725ms
Dec 25 03:33:36 burnside uvmconsole: [3378131.224s][info][gc] GC(386300) Pause Young (Normal) (G1 Evacuation Pause) 56M->47M(70M) 6.614ms
Dec 25 03:34:00 burnside uvmconsole: [3378155.749s][info][gc] GC(386301) Pause Young (Normal) (G1 Evacuation Pause) 56M->47M(70M) 6.512ms
Dec 25 03:34:23 burnside uvmconsole: [3378178.655s][info][gc] GC(386302) Pause Young (Normal) (G1 Evacuation Pause) 56M->47M(70M) 6.745ms
Dec 25 03:35:00 burnside uvmconsole: [3378214.776s][info][gc] GC(386303) Pause Young (Normal) (G1 Evacuation Pause) 56M->47M(70M) 6.460ms
Dec 25 03:35:21 burnside uvmconsole: [3378236.718s][info][gc] GC(386304) Pause Young (Normal) (G1 Evacuation Pause) 56M->47M(70M) 7.048ms
Dec 25 03:35:46 burnside uvmconsole: [3378260.952s][info][gc] GC(386305) Pause Young (Normal) (G1 Evacuation Pause) 56M->47M(70M) 6.349ms
Dec 25 03:36:02 burnside uvmconsole: [3378277.079s][info][gc] GC(386306) Pause Young (Normal) (G1 Evacuation Pause) 56M->47M(70M) 6.524ms
Dec 25 03:36:28 burnside uvmconsole: [3378303.229s][info][gc] GC(386307) Pause Young (Normal) (G1 Evacuation Pause) 56M->47M(70M) 6.333ms
Dec 25 03:36:43 burnside uvmconsole: [3378318.652s][info][gc] GC(386308) Pause Young (Normal) (G1 Evacuation Pause) 56M->47M(70M) 6.523ms
Dec 25 03:36:51 burnside uvmconsole: [3378325.992s][info][gc] GC(386309) Pause Full (System.gc()) 49M->47M(70M) 312.631ms
Dec 25 03:37:10 burnside uvmconsole: [3378345.226s][info][gc] GC(386310) Pause Young (Normal) (G1 Evacuation Pause) 57M->47M(70M) 6.374ms
Dec 25 03:37:46 burnside uvmconsole: [3378381.039s][info][gc] GC(386311) Pause Young (Normal) (G1 Evacuation Pause) 57M->47M(70M) 6.261ms
Dec 25 03:38:18 burnside uvmconsole: [3378412.887s][info][gc] GC(386312) Pause Young (Normal) (G1 Evacuation Pause) 57M->47M(70M) 6.117ms
Dec 25 03:38:43 burnside uvmconsole: [3378437.855s][info][gc] GC(386313) Pause Young (Normal) (G1 Evacuation Pause) 57M->47M(70M) 6.135ms
Dec 25 03:39:04 burnside uvmconsole: [3378459.180s][info][gc] GC(386314) Pause Young (Normal) (G1 Evacuation Pause) 57M->47M(70M) 6.585ms
Dec 25 03:39:45 burnside uvmconsole: [3378500.472s][info][gc] GC(386315) Pause Young (Normal) (G1 Evacuation Pause) 57M->47M(70M) 6.443ms
Dec 25 03:40:13 burnside uvmconsole: [3378528.653s][info][gc] GC(386316) Pause Young (Normal) (G1 Evacuation Pause) 57M->47M(70M) 6.329ms
Dec 25 03:40:43 burnside uvmconsole: [3378558.637s][info][gc] GC(386317) Pause Young (Normal) (G1 Evacuation Pause) 57M->47M(70M) 6.111ms
Dec 25 03:41:07 burnside uvmconsole: [3378581.828s][info][gc] GC(386318) Pause Young (Normal) (G1 Evacuation Pause) 57M->47M(70M) 6.329ms
Dec 25 03:41:46 burnside uvmconsole: [3378620.969s][info][gc] GC(386319) Pause Young (Normal) (G1 Evacuation Pause) 57M->47M(70M) 6.644ms
Dec 25 03:41:51 burnside uvmconsole: [3378625.985s][info][gc] GC(386320) Pause Full (System.gc()) 52M->47M(70M) 306.698ms
Dec 25 03:42:06 burnside uvmconsole: [3378641.167s][info][gc] GC(386321) Pause Young (Normal) (G1 Evacuation Pause) 57M->47M(70M) 6.463ms
Dec 25 03:42:41 burnside uvmconsole: [3378676.132s][info][gc] GC(386322) Pause Young (Normal) (G1 Evacuation Pause) 56M->47M(70M) 6.514ms
Dec 25 03:43:07 burnside uvmconsole: [3378701.798s][info][gc] GC(386323) Pause Young (Normal) (G1 Evacuation Pause) 56M->47M(70M) 6.315ms
Dec 25 03:43:33 burnside uvmconsole: [3378728.653s][info][gc] GC(386324) Pause Young (Normal) (G1 Evacuation Pause) 56M->47M(70M) 6.310ms
Dec 25 03:43:59 burnside uvmconsole: [3378754.186s][info][gc] GC(386325) Pause Young (Normal) (G1 Evacuation Pause) 56M->47M(70M) 5.769ms
Dec 25 03:44:14 burnside uvmconsole: [3378769.498s][info][gc] GC(386326) Pause Young (Normal) (G1 Evacuation Pause) 56M->47M(70M) 7.276ms
Dec 25 03:44:38 burnside uvmconsole: [3378793.078s][info][gc] GC(386327) Pause Young (Normal) (G1 Evacuation Pause) 56M->47M(70M) 6.311ms
Dec 25 03:45:08 burnside uvmconsole: [3378823.199s][info][gc] GC(386328) Pause Young (Normal) (G1 Evacuation Pause) 56M->47M(70M) 23.967ms
Dec 25 03:45:28 burnside uvmconsole: [3378843.676s][info][gc] GC(386329) Pause Young (Normal) (G1 Evacuation Pause) 56M->47M(70M) 6.990ms
Dec 25 03:45:59 burnside uvmconsole: [3378873.899s][info][gc] GC(386330) Pause Young (Normal) (G1 Evacuation Pause) 56M->47M(70M) 6.637ms
Dec 25 03:46:23 burnside uvmconsole: [3378898.654s][info][gc] GC(386331) Pause Young (Normal) (G1 Evacuation Pause) 56M->47M(70M) 6.314ms
Dec 25 03:46:51 burnside uvmconsole: [3378925.990s][info][gc] GC(386332) Pause Full (System.gc()) 56M->47M(70M) 312.228ms
Dec 25 03:47:19 burnside uvmconsole: [3378953.952s][info][gc] GC(386333) Pause Young (Normal) (G1 Evacuation Pause) 57M->47M(70M) 5.822ms
Dec 25 03:47:50 burnside uvmconsole: [3378985.268s][info][gc] GC(386334) Pause Young (Normal) (G1 Evacuation Pause) 57M->47M(70M) 5.974ms
Dec 25 03:48:19 burnside uvmconsole: [3379013.868s][info][gc] GC(386335) Pause Young (Normal) (G1 Evacuation Pause) 57M->47M(70M) 6.824ms
Dec 25 03:48:51 burnside uvmconsole: [3379045.802s][info][gc] GC(386336) Pause Young (Normal) (G1 Evacuation Pause) 57M->47M(70M) 6.649ms
Dec 25 03:49:14 burnside uvmconsole: [3379069.208s][info][gc] GC(386337) Pause Young (Normal) (G1 Evacuation Pause) 57M->47M(70M) 6.645ms
Dec 25 03:49:53 burnside uvmconsole: [3379108.655s][info][gc] GC(386338) Pause Young (Normal) (G1 Evacuation Pause) 57M->47M(70M) 6.458ms
Dec 25 03:50:18 burnside uvmconsole: [3379132.909s][info][gc] GC(386339) Pause Young (Normal) (G1 Evacuation Pause) 57M->47M(70M) 6.229ms
Dec 25 03:50:43 burnside uvmconsole: [3379158.136s][info][gc] GC(386340) Pause Young (Normal) (G1 Evacuation Pause) 57M->47M(70M) 6.918ms
Dec 25 03:51:03 burnside uvmconsole: [3379178.006s][info][gc] GC(386341) Pause Young (Normal) (G1 Evacuation Pause) 57M->47M(70M) 7.395ms
Dec 25 03:51:41 burnside uvmconsole: [3379216.605s][info][gc] GC(386342) Pause Young (Normal) (G1 Evacuation Pause) 57M->47M(70M) 6.523ms
Dec 25 03:51:51 burnside uvmconsole: [3379225.993s][info][gc] GC(386343) Pause Full (System.gc()) 50M->47M(70M) 314.743ms
Dec 25 03:52:13 burnside uvmconsole: [3379248.655s][info][gc] GC(386344) Pause Young (Normal) (G1 Evacuation Pause) 58M->47M(70M) 6.399ms
Dec 25 03:52:49 burnside uvmconsole: [3379283.903s][info][gc] GC(386345) Pause Young (Normal) (G1 Evacuation Pause) 57M->47M(70M) 6.062ms
Dec 25 03:53:09 burnside uvmconsole: [3379304.731s][info][gc] GC(386346) Pause Young (Normal) (G1 Evacuation Pause) 57M->47M(70M) 6.121ms
Dec 25 03:53:43 burnside uvmconsole: [3379338.653s][info][gc] GC(386347) Pause Young (Normal) (G1 Evacuation Pause) 57M->47M(70M) 6.188ms
Dec 25 03:54:08 burnside uvmconsole: [3379363.534s][info][gc] GC(386348) Pause Young (Normal) (G1 Evacuation Pause) 57M->47M(70M) 6.602ms
Dec 25 03:54:47 burnside uvmconsole: [3379402.497s][info][gc] GC(386349) Pause Young (Normal) (G1 Evacuation Pause) 57M->47M(70M) 6.333ms
Dec 25 03:55:13 burnside uvmconsole: [3379428.261s][info][gc] GC(386350) Pause Young (Normal) (G1 Evacuation Pause) 57M->47M(70M) 6.300ms
Dec 25 03:55:46 burnside uvmconsole: [3379460.822s][info][gc] GC(386351) Pause Young (Normal) (G1 Evacuation Pause) 57M->47M(70M) 6.356ms
Dec 25 03:56:18 burnside uvmconsole: [3379493.321s][info][gc] GC(386352) Pause Young (Normal) (G1 Evacuation Pause) 57M->47M(70M) 6.984ms
Dec 25 03:56:51 burnside uvmconsole: [3379526.001s][info][gc] GC(386353) Pause Full (System.gc()) 56M->47M(70M) 322.157ms
Dec 25 03:57:33 burnside uvmconsole: [3379568.637s][info][gc] GC(386354) Pause Young (Normal) (G1 Evacuation Pause) 58M->47M(70M) 5.700ms
Dec 25 03:58:02 burnside uvmconsole: [3379597.119s][info][gc] GC(386355) Pause Young (Normal) (G1 Evacuation Pause) 57M->47M(70M) 5.908ms
Dec 25 03:58:37 burnside uvmconsole: [3379632.637s][info][gc] GC(386356) Pause Young (Normal) (G1 Evacuation Pause) 57M->47M(70M) 6.174ms
Dec 25 03:59:07 burnside uvmconsole: [3379662.293s][info][gc] GC(386357) Pause Young (Normal) (G1 Evacuation Pause) 57M->47M(70M) 6.757ms
Dec 25 03:59:54 burnside uvmconsole: [3379709.412s][info][gc] GC(386358) Pause Young (Normal) (G1 Evacuation Pause) 57M->47M(70M) 6.844ms
Dec 25 04:00:18 burnside uvmconsole: [3379733.123s][info][gc] GC(386359) Pause Young (Normal) (G1 Evacuation Pause) 57M->47M(70M) 6.005ms
Dec 25 04:00:48 burnside uvmconsole: [3379763.378s][info][gc] GC(386360) Pause Young (Normal) (G1 Evacuation Pause) 57M->47M(70M) 5.902ms
Dec 25 04:01:08 burnside uvmconsole: [3379783.607s][info][gc] GC(386361) Pause Young (Normal) (G1 Evacuation Pause) 57M->47M(70M) 7.081ms
Dec 25 04:01:39 burnside uvmconsole: [3379813.778s][info][gc] GC(386362) Pause Young (Normal) (G1 Evacuation Pause) 57M->47M(70M) 6.462ms
Dec 25 04:01:51 burnside uvmconsole: [3379825.991s][info][gc] GC(386363) Pause Full (System.gc()) 53M->47M(70M) 312.118ms
Dec 25 04:02:26 burnside uvmconsole: [3379860.787s][info][gc] GC(386364) Pause Young (Normal) (G1 Evacuation Pause) 58M->47M(70M) 6.073ms
Dec 25 04:02:58 burnside uvmconsole: [3379892.809s][info][gc] GC(386365) Pause Young (Normal) (G1 Evacuation Pause) 57M->47M(70M) 6.133ms
Dec 25 04:03:17 burnside uvmconsole: [3379912.515s][info][gc] GC(386366) Pause Young (Normal) (G1 Evacuation Pause) 57M->47M(70M) 6.200ms
Dec 25 04:03:50 burnside uvmconsole: [3379945.709s][info][gc] GC(386367) Pause Young (Normal) (G1 Evacuation Pause) 57M->47M(70M) 6.666ms
Dec 25 04:04:16 burnside uvmconsole: [3379971.294s][info][gc] GC(386368) Pause Young (Normal) (G1 Evacuation Pause) 57M->47M(70M) 7.358ms
Dec 25 04:04:57 burnside uvmconsole: [3380011.894s][info][gc] GC(386369) Pause Young (Normal) (G1 Evacuation Pause) 57M->47M(70M) 6.365ms
Dec 25 04:05:22 burnside uvmconsole: [3380036.805s][info][gc] GC(386370) Pause Young (Normal) (G1 Evacuation Pause) 57M->47M(70M) 6.746ms
Dec 25 04:05:59 burnside uvmconsole: [3380074.186s][info][gc] GC(386371) Pause Young (Normal) (G1 Evacuation Pause) 57M->47M(70M) 6.549ms
Dec 25 04:06:30 burnside uvmconsole: [3380105.230s][info][gc] GC(386372) Pause Young (Normal) (G1 Evacuation Pause) 57M->47M(70M) 6.263ms
Dec 25 04:06:51 burnside uvmconsole: [3380125.992s][info][gc] GC(386373) Pause Full (System.gc()) 55M->47M(70M) 313.955ms
Dec 25 04:07:18 burnside uvmconsole: [3380153.556s][info][gc] GC(386374) Pause Young (Normal) (G1 Evacuation Pause) 58M->47M(70M) 6.342ms
Dec 25 04:07:51 burnside uvmconsole: [3380186.304s][info][gc] GC(386375) Pause Young (Normal) (G1 Evacuation Pause) 57M->47M(70M) 6.373ms
Dec 25 04:08:19 burnside uvmconsole: [3380214.146s][info][gc] GC(386376) Pause Young (Normal) (G1 Evacuation Pause) 57M->47M(70M) 6.582ms
Dec 25 04:08:59 burnside uvmconsole: [3380254.186s][info][gc] GC(386377) Pause Young (Normal) (G1 Evacuation Pause) 57M->47M(70M) 6.091ms
Dec 25 04:09:32 burnside uvmconsole: [3380287.487s][info][gc] GC(386378) Pause Young (Normal) (G1 Evacuation Pause) 57M->47M(70M) 6.514ms
Dec 25 04:10:04 burnside uvmconsole: [3380319.670s][info][gc] GC(386379) Pause Young (Normal) (G1 Evacuation Pause) 57M->47M(70M) 6.418ms
Dec 25 04:10:35 burnside uvmconsole: [3380350.129s][info][gc] GC(386380) Pause Young (Normal) (G1 Evacuation Pause) 57M->47M(70M) 7.406ms
Dec 25 04:11:05 burnside uvmconsole: [3380380.297s][info][gc] GC(386381) Pause Young (Normal) (G1 Evacuation Pause) 57M->47M(70M) 7.019ms
Dec 25 04:11:38 burnside uvmconsole: [3380413.116s][info][gc] GC(386382) Pause Young (Normal) (G1 Evacuation Pause) 57M->47M(70M) 6.228ms
Dec 25 04:11:51 burnside uvmconsole: [3380425.989s][info][gc] GC(386383) Pause Full (System.gc()) 50M->47M(70M) 310.251ms
Dec 25 04:12:28 burnside uvmconsole: [3380463.065s][info][gc] GC(386384) Pause Young (Normal) (G1 Evacuation Pause) 58M->47M(70M) 5.895ms
Dec 25 04:12:53 burnside uvmconsole: [3380488.652s][info][gc] GC(386385) Pause Young (Normal) (G1 Evacuation Pause) 57M->47M(70M) 6.374ms
Dec 25 04:13:21 burnside uvmconsole: [3380515.824s][info][gc] GC(386386) Pause Young (Normal) (G1 Evacuation Pause) 57M->47M(70M) 6.335ms
Dec 25 04:13:49 burnside uvmconsole: [3380544.534s][info][gc] GC(386387) Pause Young (Normal) (G1 Evacuation Pause) 57M->47M(70M) 6.650ms
Dec 25 04:14:17 burnside uvmconsole: [3380572.525s][info][gc] GC(386388) Pause Young (Normal) (G1 Evacuation Pause) 57M->47M(70M) 6.582ms
Dec 25 04:15:00 burnside uvmconsole: [3380614.780s][info][gc] GC(386389) Pause Young (Normal) (G1 Evacuation Pause) 57M->47M(70M) 6.594ms
Dec 25 04:15:28 burnside uvmconsole: [3380643.096s][info][gc] GC(386390) Pause Young (Normal) (G1 Evacuation Pause) 57M->47M(70M) 7.122ms
Dec 25 04:16:00 burnside uvmconsole: [3380674.784s][info][gc] GC(386391) Pause Young (Normal) (G1 Evacuation Pause) 57M->47M(70M) 6.432ms
Dec 25 04:16:33 burnside uvmconsole: [3380708.116s][info][gc] GC(386392) Pause Young (Normal) (G1 Evacuation Pause) 57M->47M(70M) 6.562ms
Dec 25 04:16:51 burnside uvmconsole: [3380725.992s][info][gc] GC(386393) Pause Full (System.gc()) 54M->47M(70M) 313.394ms
Dec 25 04:17:30 burnside uvmconsole: [3380765.415s][info][gc] GC(386394) Pause Young (Normal) (G1 Evacuation Pause) 58M->47M(70M) 6.167ms
Dec 25 04:18:09 burnside uvmconsole: [3380804.550s][info][gc] GC(386395) Pause Young (Normal) (G1 Evacuation Pause) 57M->47M(70M) 5.836ms
Dec 25 04:18:47 burnside uvmconsole: [3380842.158s][info][gc] GC(386396) Pause Young (Normal) (G1 Evacuation Pause) 57M->47M(70M) 5.727ms
Dec 25 04:19:13 burnside uvmconsole: [3380868.652s][info][gc] GC(386397) Pause Young (Normal) (G1 Evacuation Pause) 57M->47M(70M) 6.320ms
Dec 25 04:19:52 burnside uvmconsole: [3380907.715s][info][gc] GC(386398) Pause Young (Normal) (G1 Evacuation Pause) 57M->47M(70M) 6.094ms
Dec 25 04:20:11 burnside uvmconsole: [3380926.750s][info][gc] GC(386399) Pause Young (Normal) (G1 Evacuation Pause) 57M->47M(70M) 6.766ms
Dec 25 04:20:42 burnside uvmconsole: [3380956.997s][info][gc] GC(386400) Pause Young (Normal) (G1 Evacuation Pause) 57M->47M(70M) 6.246ms
Dec 25 04:21:13 burnside uvmconsole: [3380988.654s][info][gc] GC(386401) Pause Young (Normal) (G1 Evacuation Pause) 57M->47M(70M) 6.399ms
Dec 25 04:21:49 burnside uvmconsole: [3381024.390s][info][gc] GC(386402) Pause Young (Normal) (G1 Evacuation Pause) 57M->47M(70M) 6.565ms
Dec 25 04:21:51 burnside uvmconsole: [3381025.984s][info][gc] GC(386403) Pause Full (System.gc()) 48M->47M(70M) 305.497ms
Dec 25 04:22:14 burnside uvmconsole: [3381049.233s][info][gc] GC(386404) Pause Young (Normal) (G1 Evacuation Pause) 58M->47M(70M) 6.112ms
Dec 25 04:22:51 burnside uvmconsole: [3381086.669s][info][gc] GC(386405) Pause Young (Normal) (G1 Evacuation Pause) 57M->47M(70M) 6.047ms
Dec 25 04:23:17 burnside uvmconsole: [3381112.471s][info][gc] GC(386406) Pause Young (Normal) (G1 Evacuation Pause) 57M->47M(70M) 5.976ms
Dec 25 04:23:51 burnside uvmconsole: [3381146.310s][info][gc] GC(386407) Pause Young (Normal) (G1 Evacuation Pause) 57M->47M(70M) 6.279ms
Dec 25 04:24:23 burnside uvmconsole: [3381178.715s][info][gc] GC(386408) Pause Young (Normal) (G1 Evacuation Pause) 57M->47M(70M) 6.408ms
Dec 25 04:24:57 burnside uvmconsole: [3381211.892s][info][gc] GC(386409) Pause Young (Normal) (G1 Evacuation Pause) 57M->47M(70M) 6.402ms
Dec 25 04:25:24 burnside uvmconsole: [3381239.297s][info][gc] GC(386410) Pause Young (Normal) (G1 Evacuation Pause) 57M->47M(70M) 6.913ms
Dec 25 04:25:54 burnside uvmconsole: [3381269.533s][info][gc] GC(386411) Pause Young (Normal) (G1 Evacuation Pause) 57M->47M(70M) 6.774ms
Dec 25 04:26:25 burnside uvmconsole: [3381299.960s][info][gc] GC(386412) Pause Young (Normal) (G1 Evacuation Pause) 57M->47M(70M) 7.203ms
Dec 25 04:26:51 burnside uvmconsole: [3381325.989s][info][gc] GC(386413) Pause Full (System.gc()) 55M->47M(70M) 310.118ms
Dec 25 04:27:14 burnside uvmconsole: [3381349.128s][info][gc] GC(386414) Pause Young (Normal) (G1 Evacuation Pause) 58M->47M(70M) 6.115ms
Dec 25 04:27:56 burnside uvmconsole: [3381390.834s][info][gc] GC(386415) Pause Young (Normal) (G1 Evacuation Pause) 57M->47M(70M) 5.769ms
Dec 25 04:28:23 burnside uvmconsole: [3381418.654s][info][gc] GC(386416) Pause Young (Normal) (G1 Evacuation Pause) 57M->47M(70M) 6.064ms
Dec 25 04:28:59 burnside uvmconsole: [3381454.187s][info][gc] GC(386417) Pause Young (Normal) (G1 Evacuation Pause) 57M->47M(70M) 6.524ms
Dec 25 04:29:31 burnside uvmconsole: [3381486.136s][info][gc] GC(386418) Pause Young (Normal) (G1 Evacuation Pause) 57M->47M(70M) 6.788ms
Dec 25 04:30:03 burnside uvmconsole: [3381518.114s][info][gc] GC(386419) Pause Young (Normal) (G1 Evacuation Pause) 57M->47M(70M) 6.864ms
Dec 25 04:30:05 burnside uvmconsole: [3381520.692s][info][gc] GC(386420) Pause Young (Normal) (G1 Evacuation Pause) 57M->48M(70M) 7.033ms
Dec 25 04:30:06 burnside uvmconsole: [3381521.722s][info][gc] GC(386421) Pause Young (Normal) (G1 Evacuation Pause) 58M->50M(70M) 9.076ms
Dec 25 04:30:07 burnside uvmconsole: [3381522.022s][info][gc] GC(386422) Pause Young (Normal) (G1 Evacuation Pause) 56M->50M(70M) 8.241ms
Dec 25 04:30:07 burnside uvmconsole: [3381522.131s][info][gc] GC(386423) Pause Young (Normal) (G1 Evacuation Pause) 55M->52M(70M) 8.754ms
Dec 25 04:30:07 burnside uvmconsole: [3381522.287s][info][gc] GC(386424) Pause Young (Normal) (G1 Evacuation Pause) 55M->52M(70M) 13.326ms
Dec 25 04:30:07 burnside uvmconsole: [3381522.498s][info][gc] GC(386425) Pause Young (Normal) (G1 Evacuation Pause) 56M->53M(70M) 10.084ms
Dec 25 04:30:07 burnside uvmconsole: [3381522.671s][info][gc] GC(386426) Pause Young (Normal) (G1 Evacuation Pause) 56M->53M(70M) 9.873ms
Dec 25 04:30:08 burnside uvmconsole: [3381522.834s][info][gc] GC(386427) Pause Young (Normal) (G1 Evacuation Pause) 56M->54M(70M) 15.404ms
Dec 25 04:30:08 burnside uvmconsole: [3381522.923s][info][gc] GC(386428) Pause Young (Normal) (G1 Evacuation Pause) 56M->56M(70M) 8.639ms
Dec 25 04:30:08 burnside uvmconsole: [3381523.086s][info][gc] GC(386429) Pause Young (Normal) (G1 Evacuation Pause) 58M->55M(70M) 6.732ms
Dec 25 04:30:08 burnside uvmconsole: [3381523.178s][info][gc] GC(386430) Pause Young (Concurrent Start) (G1 Evacuation Pause) 57M->56M(70M) 11.708ms
Dec 25 04:30:08 burnside uvmconsole: [3381523.179s][info][gc] GC(386431) Concurrent Cycle
Dec 25 04:30:08 burnside uvmconsole: [3381523.334s][info][gc] GC(386432) Pause Young (Normal) (G1 Evacuation Pause) 58M->57M(70M) 8.052ms
Dec 25 04:30:08 burnside uvmconsole: [3381523.408s][info][gc] GC(386433) Pause Young (Normal) (G1 Evacuation Pause) 59M->58M(70M) 7.418ms
Dec 25 04:30:08 burnside uvmconsole: [3381523.530s][info][gc] GC(386434) Pause Young (Normal) (G1 Evacuation Pause) 60M->59M(93M) 8.093ms
Dec 25 04:30:09 burnside uvmconsole: [3381523.812s][info][gc] GC(386431) Pause Remark 64M->64M(93M) 45.542ms
Dec 25 04:30:09 burnside uvmconsole: [3381524.118s][info][gc] GC(386435) Pause Young (Normal) (G1 Evacuation Pause) 69M->61M(93M) 12.078ms
Dec 25 04:30:09 burnside uvmconsole: [3381524.153s][info][gc] GC(386431) Pause Cleanup 62M->62M(93M) 0.567ms
Dec 25 04:30:09 burnside uvmconsole: [3381524.158s][info][gc] GC(386431) Concurrent Cycle 979.227ms
Dec 25 04:30:12 burnside uvmconsole: [3381526.942s][info][gc] GC(386436) Pause Young (Prepare Mixed) (G1 Evacuation Pause) 71M->62M(93M) 13.776ms
Dec 25 04:30:12 burnside uvmconsole: [3381527.022s][info][gc] GC(386437) Pause Young (Mixed) (G1 Evacuation Pause) 64M->59M(93M) 8.689ms
Dec 25 04:30:19 burnside uvmconsole: [3381534.109s][info][gc] GC(386438) Pause Young (Normal) (G1 Evacuation Pause) 70M->58M(128M) 7.958ms
Dec 25 04:30:55 burnside uvmconsole: [3381570.348s][info][gc] GC(386439) Pause Young (Normal) (G1 Evacuation Pause) 87M->58M(128M) 8.688ms
Dec 25 04:31:10 burnside uvmconsole: [3381585.193s][info][gc] GC(386440) Pause Young (Normal) (G1 Evacuation Pause) 90M->58M(128M) 9.195ms
Dec 25 04:31:13 burnside uvmconsole: [3381588.006s][info][gc] GC(386441) Pause Young (Normal) (G1 Evacuation Pause) 92M->58M(128M) 8.599ms
Dec 25 04:31:14 burnside uvmconsole: [3381589.653s][info][gc] GC(386442) Pause Young (Normal) (G1 Evacuation Pause) 94M->58M(128M) 8.100ms
Dec 25 04:31:16 burnside uvmconsole: [3381591.315s][info][gc] GC(386443) Pause Young (Normal) (G1 Evacuation Pause) 96M->59M(128M) 9.351ms
Dec 25 04:31:35 burnside uvmconsole: [3381610.587s][info][gc] GC(386444) Pause Young (Normal) (G1 Evacuation Pause) 98M->58M(128M) 8.522ms
Dec 25 04:31:51 burnside uvmconsole: [3381626.006s][info][gc] GC(386445) Pause Full (System.gc()) 64M->47M(73M) 327.517ms
Dec 25 04:32:10 burnside uvmconsole: [3381645.730s][info][gc] GC(386446) Pause Young (Concurrent Start) (G1 Evacuation Pause) 58M->48M(73M) 8.247ms
Dec 25 04:32:10 burnside uvmconsole: [3381645.730s][info][gc] GC(386447) Concurrent Cycle
Dec 25 04:32:11 burnside uvmconsole: [3381646.115s][info][gc] GC(386447) Pause Remark 49M->49M(73M) 41.616ms
Dec 25 04:32:11 burnside uvmconsole: [3381646.308s][info][gc] GC(386447) Pause Cleanup 49M->49M(73M) 0.485ms
Dec 25 04:32:11 burnside uvmconsole: [3381646.309s][info][gc] GC(386447) Concurrent Cycle 579.365ms
Dec 25 04:32:42 burnside uvmconsole: [3381677.736s][info][gc] GC(386448) Pause Young (Normal) (G1 Evacuation Pause) 59M->48M(73M) 8.463ms
Dec 25 04:33:03 burnside uvmconsole: [3381698.652s][info][gc] GC(386449) Pause Young (Normal) (G1 Evacuation Pause) 59M->48M(73M) 6.664ms
Dec 25 04:33:39 burnside uvmconsole: [3381733.919s][info][gc] GC(386450) Pause Young (Normal) (G1 Evacuation Pause) 59M->48M(73M) 6.546ms
Dec 25 04:34:02 burnside uvmconsole: [3381757.167s][info][gc] GC(386451) Pause Young (Normal) (G1 Evacuation Pause) 59M->48M(73M) 6.904ms
Dec 25 04:34:46 burnside uvmconsole: [3381801.422s][info][gc] GC(386452) Pause Young (Normal) (G1 Evacuation Pause) 59M->48M(73M) 6.755ms
Dec 25 04:35:15 burnside uvmconsole: [3381830.096s][info][gc] GC(386453) Pause Young (Normal) (G1 Evacuation Pause) 59M->48M(73M) 6.709ms
Dec 25 04:35:53 burnside uvmconsole: [3381868.348s][info][gc] GC(386454) Pause Young (Normal) (G1 Evacuation Pause) 59M->48M(73M) 6.157ms
Dec 25 04:36:05 burnside uvmconsole: [3381880.748s][info][gc] GC(386455) Pause Young (Normal) (G1 Evacuation Pause) 59M->48M(73M) 6.386ms
Dec 25 04:36:33 burnside uvmconsole: [3381908.655s][info][gc] GC(386456) Pause Young (Normal) (G1 Evacuation Pause) 59M->48M(73M) 6.251ms
Dec 25 04:36:51 burnside uvmconsole: [3381925.997s][info][gc] GC(386457) Pause Full (System.gc()) 55M->47M(72M) 318.417ms
Dec 25 04:37:14 burnside uvmconsole: [3381948.856s][info][gc] GC(386458) Pause Young (Normal) (G1 Evacuation Pause) 59M->47M(72M) 6.389ms
Dec 25 04:37:52 burnside uvmconsole: [3381986.966s][info][gc] GC(386459) Pause Young (Normal) (G1 Evacuation Pause) 58M->47M(72M) 6.063ms
Dec 25 04:38:21 burnside uvmconsole: [3382015.822s][info][gc] GC(386460) Pause Young (Normal) (G1 Evacuation Pause) 58M->47M(72M) 6.650ms
Dec 25 04:39:01 burnside uvmconsole: [3382056.261s][info][gc] GC(386461) Pause Young (Normal) (G1 Evacuation Pause) 58M->47M(72M) 6.754ms
Dec 25 04:39:33 burnside uvmconsole: [3382088.638s][info][gc] GC(386462) Pause Young (Normal) (G1 Evacuation Pause) 58M->47M(72M) 6.218ms
Dec 25 04:40:06 burnside uvmconsole: [3382121.186s][info][gc] GC(386463) Pause Young (Normal) (G1 Evacuation Pause) 58M->48M(72M) 6.837ms
Dec 25 04:40:34 burnside uvmconsole: [3382149.623s][info][gc] GC(386464) Pause Young (Normal) (G1 Evacuation Pause) 59M->47M(72M) 6.195ms
Dec 25 04:41:07 burnside uvmconsole: [3382181.912s][info][gc] GC(386465) Pause Young (Normal) (G1 Evacuation Pause) 58M->48M(72M) 6.932ms
Dec 25 04:41:42 burnside uvmconsole: [3382217.468s][info][gc] GC(386466) Pause Young (Normal) (G1 Evacuation Pause) 59M->48M(72M) 6.413ms
Dec 25 04:41:51 burnside uvmconsole: [3382225.992s][info][gc] GC(386467) Pause Full (System.gc()) 54M->47M(72M) 313.954ms
Dec 25 04:42:12 burnside uvmconsole: [3382246.907s][info][gc] GC(386468) Pause Young (Normal) (G1 Evacuation Pause) 59M->47M(72M) 6.395ms
Dec 25 04:42:49 burnside uvmconsole: [3382283.957s][info][gc] GC(386469) Pause Young (Normal) (G1 Evacuation Pause) 58M->47M(72M) 6.293ms
Dec 25 04:43:20 burnside uvmconsole: [3382315.665s][info][gc] GC(386470) Pause Young (Normal) (G1 Evacuation Pause) 58M->47M(72M) 6.316ms
Dec 25 04:44:00 burnside uvmconsole: [3382354.785s][info][gc] GC(386471) Pause Young (Normal) (G1 Evacuation Pause) 58M->47M(72M) 6.477ms
Dec 25 04:44:23 burnside uvmconsole: [3382378.122s][info][gc] GC(386472) Pause Young (Normal) (G1 Evacuation Pause) 58M->47M(72M) 6.657ms
Dec 25 04:45:01 burnside uvmconsole: [3382416.008s][info][gc] GC(386473) Pause Young (Normal) (G1 Evacuation Pause) 58M->47M(72M) 7.002ms
Dec 25 04:45:22 burnside uvmconsole: [3382437.111s][info][gc] GC(386474) Pause Young (Normal) (G1 Evacuation Pause) 58M->47M(72M) 6.732ms
Dec 25 04:45:59 burnside uvmconsole: [3382474.660s][info][gc] GC(386475) Pause Young (Normal) (G1 Evacuation Pause) 58M->47M(72M) 6.375ms
Dec 25 04:46:31 burnside uvmconsole: [3382505.944s][info][gc] GC(386476) Pause Young (Normal) (G1 Evacuation Pause) 58M->47M(72M) 6.671ms
Dec 25 04:46:51 burnside uvmconsole: [3382525.995s][info][gc] GC(386477) Pause Full (System.gc()) 53M->47M(72M) 315.869ms
Dec 25 04:47:15 burnside uvmconsole: [3382550.250s][info][gc] GC(386478) Pause Young (Normal) (G1 Evacuation Pause) 58M->47M(72M) 6.104ms
Dec 25 04:47:51 burnside uvmconsole: [3382586.630s][info][gc] GC(386479) Pause Young (Normal) (G1 Evacuation Pause) 57M->47M(72M) 5.899ms
Dec 25 04:48:21 burnside uvmconsole: [3382616.676s][info][gc] GC(386480) Pause Young (Normal) (G1 Evacuation Pause) 57M->47M(72M) 6.687ms
Dec 25 04:48:59 burnside uvmconsole: [3382654.187s][info][gc] GC(386481) Pause Young (Normal) (G1 Evacuation Pause) 57M->47M(72M) 5.906ms
Dec 25 04:49:14 burnside uvmconsole: [3382669.195s][info][gc] GC(386482) Pause Young (Normal) (G1 Evacuation Pause) 57M->47M(72M) 6.800ms
Dec 25 04:49:53 burnside uvmconsole: [3382708.651s][info][gc] GC(386483) Pause Young (Normal) (G1 Evacuation Pause) 57M->47M(72M) 6.502ms
Dec 25 04:50:18 burnside uvmconsole: [3382733.585s][info][gc] GC(386484) Pause Young (Normal) (G1 Evacuation Pause) 57M->47M(72M) 6.228ms
Dec 25 04:50:54 burnside uvmconsole: [3382769.047s][info][gc] GC(386485) Pause Young (Normal) (G1 Evacuation Pause) 57M->47M(72M) 6.563ms
Dec 25 04:51:23 burnside uvmconsole: [3382798.638s][info][gc] GC(386486) Pause Young (Normal) (G1 Evacuation Pause) 57M->47M(72M) 6.149ms
Dec 25 04:51:47 burnside uvmconsole: [3382822.355s][info][gc] GC(386487) Pause Young (Normal) (G1 Evacuation Pause) 57M->48M(72M) 7.783ms
Dec 25 04:51:51 burnside uvmconsole: [3382825.992s][info][gc] GC(386488) Pause Full (System.gc()) 53M->47M(72M) 314.063ms
Dec 25 04:52:24 burnside uvmconsole: [3382859.473s][info][gc] GC(386489) Pause Young (Normal) (G1 Evacuation Pause) 59M->47M(72M) 6.419ms
Dec 25 04:52:57 burnside uvmconsole: [3382892.244s][info][gc] GC(386490) Pause Young (Normal) (G1 Evacuation Pause) 58M->47M(72M) 6.236ms
Dec 25 04:53:27 burnside uvmconsole: [3382921.898s][info][gc] GC(386491) Pause Young (Normal) (G1 Evacuation Pause) 58M->47M(72M) 6.153ms
Dec 25 04:54:05 burnside uvmconsole: [3382959.857s][info][gc] GC(386492) Pause Young (Normal) (G1 Evacuation Pause) 58M->47M(72M) 6.664ms
Dec 25 04:54:35 burnside uvmconsole: [3382990.343s][info][gc] GC(386493) Pause Young (Normal) (G1 Evacuation Pause) 58M->47M(72M) 6.528ms
Dec 25 04:55:06 burnside uvmconsole: [3383021.230s][info][gc] GC(386494) Pause Young (Normal) (G1 Evacuation Pause) 58M->48M(72M) 6.899ms
Dec 25 04:55:39 burnside uvmconsole: [3383054.686s][info][gc] GC(386495) Pause Young (Normal) (G1 Evacuation Pause) 59M->48M(72M) 6.961ms
Dec 25 04:56:07 burnside uvmconsole: [3383081.940s][info][gc] GC(386496) Pause Young (Normal) (G1 Evacuation Pause) 59M->48M(72M) 7.602ms
Dec 25 04:56:42 burnside uvmconsole: [3383117.610s][info][gc] GC(386497) Pause Young (Normal) (G1 Evacuation Pause) 59M->47M(72M) 6.880ms
Dec 25 04:56:51 burnside uvmconsole: [3383125.991s][info][gc] GC(386498) Pause Full (System.gc()) 50M->47M(70M) 312.777ms
Dec 25 04:57:25 burnside uvmconsole: [3383160.218s][info][gc] GC(386499) Pause Young (Normal) (G1 Evacuation Pause) 58M->47M(70M) 6.159ms
Dec 25 04:58:03 burnside uvmconsole: [3383197.867s][info][gc] GC(386500) Pause Young (Normal) (G1 Evacuation Pause) 58M->47M(70M) 6.270ms
Dec 25 04:58:35 burnside uvmconsole: [3383229.981s][info][gc] GC(386501) Pause Young (Normal) (G1 Evacuation Pause) 58M->47M(70M) 5.855ms
Dec 25 04:59:09 burnside uvmconsole: [3383263.918s][info][gc] GC(386502) Pause Young (Normal) (G1 Evacuation Pause) 58M->47M(70M) 6.168ms
Dec 25 04:59:49 burnside uvmconsole: [3383304.427s][info][gc] GC(386503) Pause Young (Normal) (G1 Evacuation Pause) 58M->47M(70M) 6.284ms
Dec 25 05:00:09 burnside uvmconsole: [3383324.582s][info][gc] GC(386504) Pause Young (Normal) (G1 Evacuation Pause) 58M->47M(70M) 6.185ms
Dec 25 05:00:41 burnside uvmconsole: [3383356.206s][info][gc] GC(386505) Pause Young (Normal) (G1 Evacuation Pause) 58M->48M(70M) 6.657ms
Dec 25 05:01:10 burnside uvmconsole: [3383385.531s][info][gc] GC(386506) Pause Young (Normal) (G1 Evacuation Pause) 59M->48M(70M) 7.527ms
Dec 25 05:01:47 burnside uvmconsole: [3383421.886s][info][gc] GC(386507) Pause Young (Normal) (G1 Evacuation Pause) 59M->48M(70M) 7.254ms
Dec 25 05:01:51 burnside uvmconsole: [3383425.987s][info][gc] GC(386508) Pause Full (System.gc()) 48M->47M(70M) 308.561ms
Dec 25 05:02:31 burnside uvmconsole: [3383466.445s][info][gc] GC(386509) Pause Young (Normal) (G1 Evacuation Pause) 59M->47M(70M) 6.413ms
Dec 25 05:03:01 burnside uvmconsole: [3383496.206s][info][gc] GC(386510) Pause Young (Normal) (G1 Evacuation Pause) 58M->47M(70M) 6.493ms
Dec 25 05:03:33 burnside uvmconsole: [3383528.638s][info][gc] GC(386511) Pause Young (Normal) (G1 Evacuation Pause) 58M->47M(70M) 6.079ms
Dec 25 05:04:05 burnside uvmconsole: [3383560.126s][info][gc] GC(386512) Pause Young (Normal) (G1 Evacuation Pause) 58M->47M(70M) 5.900ms
Dec 25 05:04:52 burnside uvmconsole: [3383607.054s][info][gc] GC(386513) Pause Young (Normal) (G1 Evacuation Pause) 58M->47M(70M) 6.437ms
Dec 25 05:05:18 burnside uvmconsole: [3383633.056s][info][gc] GC(386514) Pause Young (Normal) (G1 Evacuation Pause) 58M->47M(70M) 7.178ms
Dec 25 05:05:50 burnside uvmconsole: [3383665.617s][info][gc] GC(386515) Pause Young (Normal) (G1 Evacuation Pause) 58M->47M(70M) 6.092ms
Dec 25 05:06:23 burnside uvmconsole: [3383698.638s][info][gc] GC(386516) Pause Young (Normal) (G1 Evacuation Pause) 58M->47M(70M) 6.702ms
Dec 25 05:06:51 burnside uvmconsole: [3383725.990s][info][gc] GC(386517) Pause Full (System.gc()) 57M->47M(70M) 311.026ms
Dec 25 05:07:22 burnside uvmconsole: [3383757.464s][info][gc] GC(386518) Pause Young (Normal) (G1 Evacuation Pause) 58M->47M(70M) 6.418ms
Dec 25 05:07:55 burnside uvmconsole: [3383790.398s][info][gc] GC(386519) Pause Young (Normal) (G1 Evacuation Pause) 57M->47M(70M) 5.961ms
Dec 25 05:08:15 burnside uvmconsole: [3383810.204s][info][gc] GC(386520) Pause Young (Normal) (G1 Evacuation Pause) 57M->47M(70M) 6.493ms
Dec 25 05:08:45 burnside uvmconsole: [3383840.491s][info][gc] GC(386521) Pause Young (Normal) (G1 Evacuation Pause) 57M->47M(70M) 6.542ms
Dec 25 05:09:14 burnside uvmconsole: [3383868.811s][info][gc] GC(386522) Pause Young (Normal) (G1 Evacuation Pause) 57M->47M(70M) 6.654ms
Dec 25 05:09:53 burnside uvmconsole: [3383908.654s][info][gc] GC(386523) Pause Young (Normal) (G1 Evacuation Pause) 57M->47M(70M) 6.645ms
Dec 25 05:10:18 burnside uvmconsole: [3383932.845s][info][gc] GC(386524) Pause Young (Normal) (G1 Evacuation Pause) 57M->47M(70M) 6.422ms
Dec 25 05:10:40 burnside uvmconsole: [3383955.215s][info][gc] GC(386525) Pause Young (Normal) (G1 Evacuation Pause) 57M->47M(70M) 6.027ms
Dec 25 05:11:07 burnside uvmconsole: [3383981.877s][info][gc] GC(386526) Pause Young (Normal) (G1 Evacuation Pause) 57M->47M(70M) 6.727ms
Dec 25 05:11:36 burnside uvmconsole: [3384011.422s][info][gc] GC(386527) Pause Young (Normal) (G1 Evacuation Pause) 56M->47M(70M) 6.630ms
Dec 25 05:11:51 burnside uvmconsole: [3384025.992s][info][gc] GC(386528) Pause Full (System.gc()) 52M->47M(70M) 312.723ms
Dec 25 05:12:07 burnside uvmconsole: [3384042.544s][info][gc] GC(386529) Pause Young (Normal) (G1 Evacuation Pause) 57M->48M(70M) 6.908ms
Dec 25 05:12:35 burnside uvmconsole: [3384070.247s][info][gc] GC(386530) Pause Young (Normal) (G1 Evacuation Pause) 57M->47M(70M) 6.400ms
Dec 25 05:13:03 burnside uvmconsole: [3384098.655s][info][gc] GC(386531) Pause Young (Normal) (G1 Evacuation Pause) 56M->47M(70M) 6.692ms
Dec 25 05:13:29 burnside uvmconsole: [3384124.375s][info][gc] GC(386532) Pause Young (Normal) (G1 Evacuation Pause) 56M->47M(70M) 6.248ms
Dec 25 05:14:00 burnside uvmconsole: [3384154.785s][info][gc] GC(386533) Pause Young (Normal) (G1 Evacuation Pause) 56M->47M(70M) 6.352ms
Dec 25 05:14:28 burnside uvmconsole: [3384183.248s][info][gc] GC(386534) Pause Young (Normal) (G1 Evacuation Pause) 56M->47M(70M) 6.537ms
Dec 25 05:14:59 burnside uvmconsole: [3384213.896s][info][gc] GC(386535) Pause Young (Normal) (G1 Evacuation Pause) 56M->47M(70M) 6.459ms
Dec 25 05:15:15 burnside uvmconsole: [3384230.433s][info][gc] GC(386536) Pause Young (Normal) (G1 Evacuation Pause) 56M->47M(70M) 6.777ms
Dec 25 05:15:47 burnside uvmconsole: [3384261.990s][info][gc] GC(386537) Pause Young (Normal) (G1 Evacuation Pause) 56M->47M(70M) 6.666ms
Dec 25 05:16:10 burnside uvmconsole: [3384285.465s][info][gc] GC(386538) Pause Young (Normal) (G1 Evacuation Pause) 56M->47M(70M) 6.439ms
Dec 25 05:16:51 burnside uvmconsole: [3384325.990s][info][gc] GC(386539) Pause Full (System.gc()) 56M->47M(70M) 311.701ms
Dec 25 05:17:16 burnside uvmconsole: [3384351.701s][info][gc] GC(386540) Pause Young (Normal) (G1 Evacuation Pause) 57M->47M(70M) 5.976ms
Dec 25 05:17:51 burnside uvmconsole: [3384386.180s][info][gc] GC(386541) Pause Young (Normal) (G1 Evacuation Pause) 56M->47M(70M) 5.529ms
Dec 25 05:18:21 burnside uvmconsole: [3384415.919s][info][gc] GC(386542) Pause Young (Normal) (G1 Evacuation Pause) 56M->47M(70M) 5.707ms
Dec 25 05:18:53 burnside uvmconsole: [3384448.654s][info][gc] GC(386543) Pause Young (Normal) (G1 Evacuation Pause) 56M->47M(70M) 5.840ms
Dec 25 05:19:17 burnside uvmconsole: [3384471.927s][info][gc] GC(386544) Pause Young (Normal) (G1 Evacuation Pause) 56M->47M(70M) 5.919ms
Dec 25 05:19:53 burnside uvmconsole: [3384508.653s][info][gc] GC(386545) Pause Young (Normal) (G1 Evacuation Pause) 56M->47M(70M) 6.084ms
Dec 25 05:20:12 burnside uvmconsole: [3384526.894s][info][gc] GC(386546) Pause Young (Normal) (G1 Evacuation Pause) 56M->47M(70M) 6.293ms
Dec 25 05:20:25 burnside uvmconsole: [3384539.772s][info][gc] GC(386547) Pause Young (Normal) (G1 Evacuation Pause) 56M->47M(70M) 7.176ms
Dec 25 05:20:53 burnside uvmconsole: [3384568.077s][info][gc] GC(386548) Pause Young (Normal) (G1 Evacuation Pause) 56M->47M(70M) 7.186ms
Dec 25 05:21:13 burnside uvmconsole: [3384588.510s][info][gc] GC(386549) Pause Young (Normal) (G1 Evacuation Pause) 56M->47M(70M) 6.652ms
Dec 25 05:21:45 burnside uvmconsole: [3384620.403s][info][gc] GC(386550) Pause Young (Normal) (G1 Evacuation Pause) 56M->47M(70M) 6.335ms
Dec 25 05:21:51 burnside uvmconsole: [3384625.999s][info][gc] GC(386551) Pause Full (System.gc()) 49M->47M(70M) 320.284ms
Dec 25 05:22:06 burnside uvmconsole: [3384641.318s][info][gc] GC(386552) Pause Young (Normal) (G1 Evacuation Pause) 57M->47M(70M) 6.297ms
Dec 25 05:22:42 burnside uvmconsole: [3384677.312s][info][gc] GC(386553) Pause Young (Normal) (G1 Evacuation Pause) 57M->47M(70M) 5.764ms
Dec 25 05:23:05 burnside uvmconsole: [3384700.384s][info][gc] GC(386554) Pause Young (Normal) (G1 Evacuation Pause) 57M->47M(70M) 5.919ms
Dec 25 05:23:42 burnside uvmconsole: [3384737.373s][info][gc] GC(386555) Pause Young (Normal) (G1 Evacuation Pause) 57M->47M(70M) 5.980ms
Dec 25 05:24:05 burnside uvmconsole: [3384760.255s][info][gc] GC(386556) Pause Young (Normal) (G1 Evacuation Pause) 57M->47M(70M) 6.822ms
Dec 25 05:24:41 burnside uvmconsole: [3384796.640s][info][gc] GC(386557) Pause Young (Normal) (G1 Evacuation Pause) 57M->47M(70M) 6.677ms
Dec 25 05:25:06 burnside uvmconsole: [3384820.891s][info][gc] GC(386558) Pause Young (Normal) (G1 Evacuation Pause) 57M->47M(70M) 7.289ms
Dec 25 05:25:36 burnside uvmconsole: [3384851.358s][info][gc] GC(386559) Pause Young (Normal) (G1 Evacuation Pause) 57M->47M(70M) 7.029ms
Dec 25 05:26:03 burnside uvmconsole: [3384878.652s][info][gc] GC(386560) Pause Young (Normal) (G1 Evacuation Pause) 57M->47M(70M) 6.954ms
Dec 25 05:26:19 burnside uvmconsole: [3384894.533s][info][gc] GC(386561) Pause Young (Normal) (G1 Evacuation Pause) 57M->47M(70M) 7.105ms
Dec 25 05:26:50 burnside uvmconsole: [3384925.277s][info][gc] GC(386562) Pause Young (Normal) (G1 Evacuation Pause) 57M->47M(70M) 6.966ms
Dec 25 05:26:51 burnside uvmconsole: [3384925.998s][info][gc] GC(386563) Pause Full (System.gc()) 48M->47M(70M) 319.302ms
Dec 25 05:27:06 burnside uvmconsole: [3384941.473s][info][gc] GC(386564) Pause Young (Normal) (G1 Evacuation Pause) 57M->47M(70M) 6.804ms
Dec 25 05:27:35 burnside uvmconsole: [3384970.066s][info][gc] GC(386565) Pause Young (Normal) (G1 Evacuation Pause) 57M->47M(70M) 6.190ms
Dec 25 05:28:04 burnside uvmconsole: [3384998.904s][info][gc] GC(386566) Pause Young (Normal) (G1 Evacuation Pause) 57M->47M(70M) 6.433ms
Dec 25 05:28:37 burnside uvmconsole: [3385032.526s][info][gc] GC(386567) Pause Young (Normal) (G1 Evacuation Pause) 57M->47M(70M) 6.212ms
Dec 25 05:29:08 burnside uvmconsole: [3385063.682s][info][gc] GC(386568) Pause Young (Normal) (G1 Evacuation Pause) 57M->47M(70M) 6.687ms
Dec 25 05:29:52 burnside uvmconsole: [3385107.327s][info][gc] GC(386569) Pause Young (Normal) (G1 Evacuation Pause) 57M->47M(70M) 6.002ms
Dec 25 05:30:05 burnside uvmconsole: [3385120.649s][info][gc] GC(386570) Pause Young (Normal) (G1 Evacuation Pause) 57M->47M(70M) 6.201ms
Dec 25 05:30:34 burnside uvmconsole: [3385148.890s][info][gc] GC(386571) Pause Young (Normal) (G1 Evacuation Pause) 57M->47M(70M) 6.603ms
Dec 25 05:30:59 burnside uvmconsole: [3385174.188s][info][gc] GC(386572) Pause Young (Normal) (G1 Evacuation Pause) 57M->47M(70M) 6.680ms
Dec 25 05:31:23 burnside uvmconsole: [3385198.656s][info][gc] GC(386573) Pause Young (Normal) (G1 Evacuation Pause) 57M->48M(70M) 6.800ms
Dec 25 05:31:51 burnside uvmconsole: [3385226.000s][info][gc] GC(386574) Pause Full (System.gc()) 55M->47M(70M) 321.825ms
Dec 25 05:32:11 burnside uvmconsole: [3385245.941s][info][gc] GC(386575) Pause Young (Normal) (G1 Evacuation Pause) 57M->47M(70M) 6.174ms
Dec 25 05:32:41 burnside uvmconsole: [3385276.200s][info][gc] GC(386576) Pause Young (Normal) (G1 Evacuation Pause) 56M->47M(70M) 6.663ms
Dec 25 05:33:03 burnside uvmconsole: [3385298.653s][info][gc] GC(386577) Pause Young (Normal) (G1 Evacuation Pause) 57M->47M(70M) 6.161ms
Dec 25 05:33:47 burnside uvmconsole: [3385341.787s][info][gc] GC(386578) Pause Young (Normal) (G1 Evacuation Pause) 57M->47M(70M) 6.124ms
Dec 25 05:34:11 burnside uvmconsole: [3385366.392s][info][gc] GC(386579) Pause Young (Normal) (G1 Evacuation Pause) 57M->47M(70M) 6.820ms
Dec 25 05:34:43 burnside uvmconsole: [3385398.408s][info][gc] GC(386580) Pause Young (Normal) (G1 Evacuation Pause) 57M->47M(70M) 6.225ms
Dec 25 05:35:15 burnside uvmconsole: [3385429.811s][info][gc] GC(386581) Pause Young (Normal) (G1 Evacuation Pause) 57M->47M(70M) 6.547ms
Dec 25 05:35:46 burnside uvmconsole: [3385461.426s][info][gc] GC(386582) Pause Young (Normal) (G1 Evacuation Pause) 57M->47M(70M) 6.083ms
Dec 25 05:36:13 burnside uvmconsole: [3385488.499s][info][gc] GC(386583) Pause Young (Normal) (G1 Evacuation Pause) 57M->47M(70M) 6.330ms
Dec 25 05:36:43 burnside uvmconsole: [3385518.654s][info][gc] GC(386584) Pause Young (Normal) (G1 Evacuation Pause) 56M->47M(70M) 6.205ms
Dec 25 05:36:51 burnside uvmconsole: [3385525.992s][info][gc] GC(386585) Pause Full (System.gc()) 49M->47M(70M) 312.616ms
Dec 25 05:37:14 burnside uvmconsole: [3385549.222s][info][gc] GC(386586) Pause Young (Normal) (G1 Evacuation Pause) 57M->47M(70M) 6.395ms
Dec 25 05:37:58 burnside uvmconsole: [3385593.297s][info][gc] GC(386587) Pause Young (Normal) (G1 Evacuation Pause) 57M->47M(70M) 7.371ms
Dec 25 05:38:16 burnside uvmconsole: [3385611.654s][info][gc] GC(386588) Pause Young (Normal) (G1 Evacuation Pause) 57M->47M(70M) 6.259ms
Dec 25 05:38:55 burnside uvmconsole: [3385650.592s][info][gc] GC(386589) Pause Young (Normal) (G1 Evacuation Pause) 57M->47M(70M) 6.155ms
Dec 25 05:39:24 burnside uvmconsole: [3385679.006s][info][gc] GC(386590) Pause Young (Normal) (G1 Evacuation Pause) 57M->47M(70M) 6.323ms
Dec 25 05:39:59 burnside uvmconsole: [3385714.186s][info][gc] GC(386591) Pause Young (Normal) (G1 Evacuation Pause) 57M->47M(70M) 6.818ms
Dec 25 05:40:21 burnside uvmconsole: [3385736.383s][info][gc] GC(386592) Pause Young (Normal) (G1 Evacuation Pause) 57M->47M(70M) 6.639ms
Dec 25 05:40:51 burnside uvmconsole: [3385766.705s][info][gc] GC(386593) Pause Young (Normal) (G1 Evacuation Pause) 56M->47M(70M) 6.502ms
Dec 25 05:41:15 burnside uvmconsole: [3385790.299s][info][gc] GC(386594) Pause Young (Normal) (G1 Evacuation Pause) 56M->47M(70M) 7.001ms
Dec 25 05:41:51 burnside uvmconsole: [3385825.989s][info][gc] GC(386595) Pause Full (System.gc()) 56M->47M(70M) 310.339ms
Dec 25 05:42:23 burnside uvmconsole: [3385858.638s][info][gc] GC(386596) Pause Young (Normal) (G1 Evacuation Pause) 57M->47M(70M) 6.021ms
Dec 25 05:42:53 burnside uvmconsole: [3385888.637s][info][gc] GC(386597) Pause Young (Normal) (G1 Evacuation Pause) 56M->47M(70M) 5.566ms
Dec 25 05:43:19 burnside uvmconsole: [3385914.212s][info][gc] GC(386598) Pause Young (Normal) (G1 Evacuation Pause) 56M->47M(70M) 6.073ms
Dec 25 05:43:49 burnside uvmconsole: [3385944.268s][info][gc] GC(386599) Pause Young (Normal) (G1 Evacuation Pause) 56M->47M(70M) 5.756ms
Dec 25 05:44:13 burnside uvmconsole: [3385968.652s][info][gc] GC(386600) Pause Young (Normal) (G1 Evacuation Pause) 56M->47M(70M) 6.053ms
Dec 25 05:44:22 burnside uvmconsole: [3385977.235s][info][gc] GC(386601) Pause Young (Normal) (G1 Evacuation Pause) 56M->47M(70M) 7.569ms
Dec 25 05:44:59 burnside uvmconsole: [3386014.081s][info][gc] GC(386602) Pause Young (Normal) (G1 Evacuation Pause) 56M->47M(70M) 6.288ms
Dec 25 05:45:18 burnside uvmconsole: [3386033.422s][info][gc] GC(386603) Pause Young (Normal) (G1 Evacuation Pause) 56M->47M(70M) 6.538ms
Dec 25 05:45:53 burnside uvmconsole: [3386068.162s][info][gc] GC(386604) Pause Young (Normal) (G1 Evacuation Pause) 56M->47M(70M) 6.639ms
Dec 25 05:46:21 burnside uvmconsole: [3386096.244s][info][gc] GC(386605) Pause Young (Normal) (G1 Evacuation Pause) 56M->47M(70M) 6.412ms
Dec 25 05:46:51 burnside uvmconsole: [3386125.994s][info][gc] GC(386606) Pause Full (System.gc()) 56M->47M(70M) 314.549ms
Dec 25 05:47:22 burnside uvmconsole: [3386157.205s][info][gc] GC(386607) Pause Young (Normal) (G1 Evacuation Pause) 58M->47M(70M) 6.241ms
Dec 25 05:47:59 burnside uvmconsole: [3386194.185s][info][gc] GC(386608) Pause Young (Normal) (G1 Evacuation Pause) 57M->47M(70M) 6.087ms
Dec 25 05:48:23 burnside uvmconsole: [3386218.653s][info][gc] GC(386609) Pause Young (Normal) (G1 Evacuation Pause) 57M->47M(70M) 6.066ms
Dec 25 05:49:00 burnside uvmconsole: [3386254.783s][info][gc] GC(386610) Pause Young (Normal) (G1 Evacuation Pause) 57M->47M(70M) 6.112ms
Dec 25 05:49:30 burnside uvmconsole: [3386285.037s][info][gc] GC(386611) Pause Young (Normal) (G1 Evacuation Pause) 57M->47M(70M) 7.134ms
Dec 25 05:50:02 burnside uvmconsole: [3386317.146s][info][gc] GC(386612) Pause Young (Normal) (G1 Evacuation Pause) 57M->47M(70M) 6.984ms
Dec 25 05:50:31 burnside uvmconsole: [3386345.976s][info][gc] GC(386613) Pause Young (Normal) (G1 Evacuation Pause) 57M->47M(70M) 6.356ms
Dec 25 05:51:00 burnside uvmconsole: [3386374.785s][info][gc] GC(386614) Pause Young (Normal) (G1 Evacuation Pause) 57M->47M(70M) 6.908ms
Dec 25 05:51:31 burnside uvmconsole: [3386406.537s][info][gc] GC(386615) Pause Young (Normal) (G1 Evacuation Pause) 57M->47M(70M) 6.456ms
Dec 25 05:51:51 burnside uvmconsole: [3386425.991s][info][gc] GC(386616) Pause Full (System.gc()) 53M->47M(70M) 312.056ms
Dec 25 05:52:19 burnside uvmconsole: [3386453.837s][info][gc] GC(386617) Pause Young (Normal) (G1 Evacuation Pause) 58M->47M(70M) 6.083ms
Dec 25 05:53:00 burnside uvmconsole: [3386494.786s][info][gc] GC(386618) Pause Young (Normal) (G1 Evacuation Pause) 58M->47M(70M) 6.252ms
Dec 25 05:53:33 burnside uvmconsole: [3386528.638s][info][gc] GC(386619) Pause Young (Normal) (G1 Evacuation Pause) 58M->47M(70M) 6.702ms
Dec 25 05:54:05 burnside uvmconsole: [3386559.756s][info][gc] GC(386620) Pause Young (Normal) (G1 Evacuation Pause) 58M->47M(70M) 6.833ms
Dec 25 05:54:41 burnside uvmconsole: [3386596.198s][info][gc] GC(386621) Pause Young (Normal) (G1 Evacuation Pause) 58M->47M(70M) 6.176ms
Dec 25 05:55:06 burnside uvmconsole: [3386621.427s][info][gc] GC(386622) Pause Young (Normal) (G1 Evacuation Pause) 58M->47M(70M) 6.820ms
Dec 25 05:55:44 burnside uvmconsole: [3386658.775s][info][gc] GC(386623) Pause Young (Normal) (G1 Evacuation Pause) 58M->47M(70M) 6.976ms
Dec 25 05:56:16 burnside uvmconsole: [3386691.373s][info][gc] GC(386624) Pause Young (Normal) (G1 Evacuation Pause) 58M->47M(70M) 7.256ms
Dec 25 05:56:51 burnside uvmconsole: [3386725.997s][info][gc] GC(386625) Pause Full (System.gc()) 57M->47M(70M) 318.069ms
Dec 25 05:57:23 burnside uvmconsole: [3386758.638s][info][gc] GC(386626) Pause Young (Normal) (G1 Evacuation Pause) 59M->47M(70M) 6.214ms
Dec 25 05:58:03 burnside uvmconsole: [3386798.638s][info][gc] GC(386627) Pause Young (Normal) (G1 Evacuation Pause) 58M->47M(70M) 6.192ms
Dec 25 05:58:37 burnside uvmconsole: [3386831.837s][info][gc] GC(386628) Pause Young (Normal) (G1 Evacuation Pause) 58M->47M(70M) 5.908ms
Dec 25 05:59:08 burnside uvmconsole: [3386862.963s][info][gc] GC(386629) Pause Young (Normal) (G1 Evacuation Pause) 58M->47M(70M) 6.218ms
Dec 25 05:59:53 burnside uvmconsole: [3386907.864s][info][gc] GC(386630) Pause Young (Normal) (G1 Evacuation Pause) 58M->47M(70M) 6.243ms
Dec 25 06:00:16 burnside uvmconsole: [3386931.301s][info][gc] GC(386631) Pause Young (Normal) (G1 Evacuation Pause) 58M->47M(70M) 6.355ms
Dec 25 06:00:53 burnside uvmconsole: [3386968.161s][info][gc] GC(386632) Pause Young (Normal) (G1 Evacuation Pause) 58M->47M(70M) 6.077ms
Dec 25 06:01:25 burnside uvmconsole: [3387000.289s][info][gc] GC(386633) Pause Young (Normal) (G1 Evacuation Pause) 58M->47M(70M) 6.460ms
Dec 25 06:01:51 burnside uvmconsole: [3387025.994s][info][gc] GC(386634) Pause Full (System.gc()) 54M->47M(70M) 315.544ms
Dec 25 06:02:20 burnside uvmconsole: [3387055.579s][info][gc] GC(386635) Pause Young (Normal) (G1 Evacuation Pause) 58M->47M(70M) 6.417ms
Dec 25 06:02:44 burnside uvmconsole: [3387079.180s][info][gc] GC(386636) Pause Young (Normal) (G1 Evacuation Pause) 57M->47M(70M) 5.930ms
Dec 25 06:03:08 burnside uvmconsole: [3387103.289s][info][gc] GC(386637) Pause Young (Normal) (G1 Evacuation Pause) 57M->47M(70M) 6.517ms
Dec 25 06:03:49 burnside uvmconsole: [3387144.109s][info][gc] GC(386638) Pause Young (Normal) (G1 Evacuation Pause) 57M->47M(70M) 6.642ms
Dec 25 06:04:23 burnside uvmconsole: [3387178.652s][info][gc] GC(386639) Pause Young (Normal) (G1 Evacuation Pause) 57M->47M(70M) 6.423ms
Dec 25 06:05:01 burnside uvmconsole: [3387216.666s][info][gc] GC(386640) Pause Young (Normal) (G1 Evacuation Pause) 57M->47M(70M) 6.177ms
Dec 25 06:05:22 burnside uvmconsole: [3387236.980s][info][gc] GC(386641) Pause Young (Normal) (G1 Evacuation Pause) 57M->47M(70M) 6.257ms
Dec 25 06:05:51 burnside uvmconsole: [3387266.102s][info][gc] GC(386642) Pause Young (Normal) (G1 Evacuation Pause) 57M->47M(70M) 6.027ms
Dec 25 06:06:15 burnside uvmconsole: [3387290.309s][info][gc] GC(386643) Pause Young (Normal) (G1 Evacuation Pause) 57M->47M(70M) 6.306ms
Dec 25 06:06:51 burnside uvmconsole: [3387325.995s][info][gc] GC(386644) Pause Full (System.gc()) 56M->47M(70M) 316.351ms
Dec 25 06:07:12 burnside uvmconsole: [3387346.762s][info][gc] GC(386645) Pause Young (Normal) (G1 Evacuation Pause) 57M->47M(70M) 6.074ms
Dec 25 06:07:43 burnside uvmconsole: [3387378.656s][info][gc] GC(386646) Pause Young (Normal) (G1 Evacuation Pause) 57M->47M(70M) 5.916ms
Dec 25 06:08:08 burnside uvmconsole: [3387402.870s][info][gc] GC(386647) Pause Young (Normal) (G1 Evacuation Pause) 57M->47M(70M) 6.172ms
Dec 25 06:08:24 burnside uvmconsole: [3387419.116s][info][gc] GC(386648) Pause Young (Normal) (G1 Evacuation Pause) 57M->47M(70M) 6.563ms
Dec 25 06:08:59 burnside uvmconsole: [3387454.186s][info][gc] GC(386649) Pause Young (Normal) (G1 Evacuation Pause) 57M->47M(70M) 6.481ms
Dec 25 06:09:13 burnside uvmconsole: [3387467.757s][info][gc] GC(386650) Pause Young (Normal) (G1 Evacuation Pause) 56M->47M(70M) 7.373ms
Dec 25 06:09:43 burnside uvmconsole: [3387498.656s][info][gc] GC(386651) Pause Young (Normal) (G1 Evacuation Pause) 56M->48M(70M) 7.275ms
Dec 25 06:10:12 burnside uvmconsole: [3387527.157s][info][gc] GC(386652) Pause Young (Normal) (G1 Evacuation Pause) 57M->47M(70M) 7.803ms
Dec 25 06:10:27 burnside uvmconsole: [3387542.156s][info][gc] GC(386653) Pause Young (Normal) (G1 Evacuation Pause) 56M->47M(70M) 6.295ms
Dec 25 06:10:58 burnside uvmconsole: [3387573.181s][info][gc] GC(386654) Pause Young (Normal) (G1 Evacuation Pause) 56M->47M(70M) 6.724ms
Dec 25 06:11:21 burnside uvmconsole: [3387595.827s][info][gc] GC(386655) Pause Young (Normal) (G1 Evacuation Pause) 56M->47M(70M) 6.730ms
Dec 25 06:11:51 burnside uvmconsole: [3387625.993s][info][gc] GC(386656) Pause Full (System.gc()) 55M->47M(70M) 314.615ms
Dec 25 06:12:16 burnside uvmconsole: [3387651.751s][info][gc] GC(386657) Pause Young (Normal) (G1 Evacuation Pause) 58M->47M(70M) 6.220ms
Dec 25 06:12:49 burnside uvmconsole: [3387684.135s][info][gc] GC(386658) Pause Young (Normal) (G1 Evacuation Pause) 57M->47M(70M) 5.824ms
Dec 25 06:13:07 burnside uvmconsole: [3387702.664s][info][gc] GC(386659) Pause Young (Normal) (G1 Evacuation Pause) 57M->47M(70M) 6.762ms
Dec 25 06:13:48 burnside uvmconsole: [3387743.515s][info][gc] GC(386660) Pause Young (Normal) (G1 Evacuation Pause) 57M->47M(70M) 6.640ms
Dec 25 06:14:18 burnside uvmconsole: [3387773.040s][info][gc] GC(386661) Pause Young (Normal) (G1 Evacuation Pause) 57M->47M(70M) 6.927ms
Dec 25 06:14:58 burnside uvmconsole: [3387813.310s][info][gc] GC(386662) Pause Young (Normal) (G1 Evacuation Pause) 57M->47M(70M) 6.710ms
Dec 25 06:15:19 burnside uvmconsole: [3387834.278s][info][gc] GC(386663) Pause Young (Normal) (G1 Evacuation Pause) 57M->48M(70M) 8.455ms
Dec 25 06:15:49 burnside uvmconsole: [3387864.053s][info][gc] GC(386664) Pause Young (Normal) (G1 Evacuation Pause) 58M->47M(70M) 6.798ms
Dec 25 06:16:16 burnside uvmconsole: [3387891.047s][info][gc] GC(386665) Pause Young (Normal) (G1 Evacuation Pause) 57M->47M(70M) 6.743ms
Dec 25 06:16:51 burnside uvmconsole: [3387925.995s][info][gc] GC(386666) Pause Full (System.gc()) 57M->47M(70M) 316.227ms
Dec 25 06:17:23 burnside uvmconsole: [3387958.637s][info][gc] GC(386667) Pause Young (Normal) (G1 Evacuation Pause) 58M->47M(70M) 5.964ms
Dec 25 06:17:57 burnside uvmconsole: [3387992.582s][info][gc] GC(386668) Pause Young (Normal) (G1 Evacuation Pause) 57M->47M(70M) 5.399ms
Dec 25 06:18:33 burnside uvmconsole: [3388028.611s][info][gc] GC(386669) Pause Young (Normal) (G1 Evacuation Pause) 57M->47M(70M) 5.757ms
Dec 25 06:19:03 burnside uvmconsole: [3388058.637s][info][gc] GC(386670) Pause Young (Normal) (G1 Evacuation Pause) 57M->47M(70M) 6.065ms
Dec 25 06:19:42 burnside uvmconsole: [3388097.677s][info][gc] GC(386671) Pause Young (Normal) (G1 Evacuation Pause) 57M->47M(70M) 6.969ms
Dec 25 06:20:11 burnside uvmconsole: [3388126.045s][info][gc] GC(386672) Pause Young (Normal) (G1 Evacuation Pause) 57M->47M(70M) 6.970ms
Dec 25 06:20:31 burnside uvmconsole: [3388146.593s][info][gc] GC(386673) Pause Young (Normal) (G1 Evacuation Pause) 57M->47M(70M) 5.996ms
Dec 25 06:21:01 burnside uvmconsole: [3388176.054s][info][gc] GC(386674) Pause Young (Normal) (G1 Evacuation Pause) 57M->47M(70M) 7.053ms
Dec 25 06:21:33 burnside uvmconsole: [3388207.947s][info][gc] GC(386675) Pause Young (Normal) (G1 Evacuation Pause) 57M->47M(70M) 6.398ms
Dec 25 06:21:51 burnside uvmconsole: [3388226.016s][info][gc] GC(386676) Pause Full (System.gc()) 52M->47M(70M) 338.120ms
Dec 25 06:22:09 burnside uvmconsole: [3388244.745s][info][gc] GC(386677) Pause Young (Normal) (G1 Evacuation Pause) 58M->47M(70M) 5.958ms
Dec 25 06:22:50 burnside uvmconsole: [3388285.474s][info][gc] GC(386678) Pause Young (Normal) (G1 Evacuation Pause) 57M->47M(70M) 5.554ms
Dec 25 06:23:13 burnside uvmconsole: [3388308.710s][info][gc] GC(386679) Pause Young (Normal) (G1 Evacuation Pause) 57M->47M(70M) 6.783ms
Dec 25 06:23:44 burnside uvmconsole: [3388339.660s][info][gc] GC(386680) Pause Young (Normal) (G1 Evacuation Pause) 57M->47M(70M) 6.048ms
Dec 25 06:24:04 burnside uvmconsole: [3388359.186s][info][gc] GC(386681) Pause Young (Normal) (G1 Evacuation Pause) 57M->47M(70M) 6.906ms
Dec 25 06:24:42 burnside uvmconsole: [3388397.338s][info][gc] GC(386682) Pause Young (Normal) (G1 Evacuation Pause) 57M->47M(70M) 6.738ms
Dec 25 06:25:09 burnside uvmconsole: [3388423.984s][info][gc] GC(386683) Pause Young (Normal) (G1 Evacuation Pause) 57M->47M(70M) 6.618ms
Dec 25 06:25:40 burnside uvmconsole: [3388455.056s][info][gc] GC(386684) Pause Young (Normal) (G1 Evacuation Pause) 57M->47M(70M) 7.012ms
Dec 25 06:26:05 burnside uvmconsole: [3388480.391s][info][gc] GC(386685) Pause Young (Normal) (G1 Evacuation Pause) 57M->47M(70M) 7.386ms
Dec 25 06:26:27 burnside uvmconsole: [3388502.308s][info][gc] GC(386686) Pause Young (Normal) (G1 Evacuation Pause) 57M->47M(70M) 6.411ms
Dec 25 06:26:51 burnside uvmconsole: [3388525.997s][info][gc] GC(386687) Pause Full (System.gc()) 55M->47M(70M) 317.678ms
Dec 25 06:27:06 burnside uvmconsole: [3388541.104s][info][gc] GC(386688) Pause Young (Normal) (G1 Evacuation Pause) 57M->47M(70M) 7.017ms
Dec 25 06:27:43 burnside uvmconsole: [3388577.769s][info][gc] GC(386689) Pause Young (Normal) (G1 Evacuation Pause) 57M->47M(70M) 6.171ms
Dec 25 06:28:07 burnside uvmconsole: [3388601.774s][info][gc] GC(386690) Pause Young (Normal) (G1 Evacuation Pause) 57M->47M(70M) 6.435ms
Dec 25 06:28:42 burnside uvmconsole: [3388637.549s][info][gc] GC(386691) Pause Young (Normal) (G1 Evacuation Pause) 57M->47M(70M) 6.162ms
Dec 25 06:29:07 burnside uvmconsole: [3388662.460s][info][gc] GC(386692) Pause Young (Normal) (G1 Evacuation Pause) 57M->47M(70M) 6.573ms
Dec 25 06:29:53 burnside uvmconsole: [3388708.173s][info][gc] GC(386693) Pause Young (Normal) (G1 Evacuation Pause) 57M->47M(70M) 6.862ms
Dec 25 06:30:08 burnside uvmconsole: [3388723.120s][info][gc] GC(386694) Pause Young (Normal) (G1 Evacuation Pause) 57M->47M(70M) 6.427ms
Dec 25 06:30:47 burnside uvmconsole: [3388762.368s][info][gc] GC(386695) Pause Young (Normal) (G1 Evacuation Pause) 57M->47M(70M) 6.178ms
Dec 25 06:31:08 burnside uvmconsole: [3388783.691s][info][gc] GC(386696) Pause Young (Normal) (G1 Evacuation Pause) 57M->47M(70M) 7.016ms
Dec 25 06:31:36 burnside uvmconsole: [3388811.559s][info][gc] GC(386697) Pause Young (Normal) (G1 Evacuation Pause) 57M->47M(70M) 6.711ms
Dec 25 06:31:51 burnside uvmconsole: [3388825.995s][info][gc] GC(386698) Pause Full (System.gc()) 52M->47M(70M) 316.816ms
Dec 25 06:32:19 burnside uvmconsole: [3388854.741s][info][gc] GC(386699) Pause Young (Normal) (G1 Evacuation Pause) 58M->47M(70M) 6.493ms
Dec 25 06:32:53 burnside uvmconsole: [3388888.667s][info][gc] GC(386700) Pause Young (Normal) (G1 Evacuation Pause) 57M->47M(70M) 13.696ms
Dec 25 06:33:18 burnside uvmconsole: [3388913.304s][info][gc] GC(386701) Pause Young (Normal) (G1 Evacuation Pause) 57M->47M(70M) 6.691ms
Dec 25 06:33:50 burnside uvmconsole: [3388944.995s][info][gc] GC(386702) Pause Young (Normal) (G1 Evacuation Pause) 57M->47M(70M) 6.382ms
Dec 25 06:34:13 burnside uvmconsole: [3388968.072s][info][gc] GC(386703) Pause Young (Normal) (G1 Evacuation Pause) 57M->47M(70M) 6.760ms
Dec 25 06:34:49 burnside uvmconsole: [3389003.762s][info][gc] GC(386704) Pause Young (Normal) (G1 Evacuation Pause) 57M->47M(70M) 6.327ms
Dec 25 06:35:13 burnside uvmconsole: [3389028.654s][info][gc] GC(386705) Pause Young (Normal) (G1 Evacuation Pause) 57M->47M(70M) 6.322ms
Dec 25 06:35:45 burnside uvmconsole: [3389060.407s][info][gc] GC(386706) Pause Young (Normal) (G1 Evacuation Pause) 57M->47M(70M) 6.521ms
Dec 25 06:36:02 burnside uvmconsole: [3389077.068s][info][gc] GC(386707) Pause Young (Normal) (G1 Evacuation Pause) 57M->48M(70M) 6.406ms
Dec 25 06:36:30 burnside uvmconsole: [3389105.479s][info][gc] GC(386708) Pause Young (Normal) (G1 Evacuation Pause) 58M->47M(70M) 6.644ms
Dec 25 06:36:51 burnside uvmconsole: [3389125.994s][info][gc] GC(386709) Pause Full (System.gc()) 55M->47M(70M) 315.341ms
Dec 25 06:37:17 burnside uvmconsole: [3389152.527s][info][gc] GC(386710) Pause Young (Normal) (G1 Evacuation Pause) 58M->47M(70M) 5.835ms
Dec 25 06:37:54 burnside uvmconsole: [3389189.005s][info][gc] GC(386711) Pause Young (Normal) (G1 Evacuation Pause) 57M->47M(70M) 5.885ms
Dec 25 06:38:21 burnside uvmconsole: [3389216.045s][info][gc] GC(386712) Pause Young (Normal) (G1 Evacuation Pause) 57M->47M(70M) 5.869ms
Dec 25 06:38:49 burnside uvmconsole: [3389244.016s][info][gc] GC(386713) Pause Young (Normal) (G1 Evacuation Pause) 57M->47M(70M) 5.873ms
Dec 25 06:39:11 burnside uvmconsole: [3389266.112s][info][gc] GC(386714) Pause Young (Normal) (G1 Evacuation Pause) 57M->47M(70M) 6.633ms
Dec 25 06:39:53 burnside uvmconsole: [3389307.929s][info][gc] GC(386715) Pause Young (Normal) (G1 Evacuation Pause) 57M->47M(70M) 6.961ms
Dec 25 06:40:14 burnside uvmconsole: [3389329.456s][info][gc] GC(386716) Pause Young (Normal) (G1 Evacuation Pause) 57M->47M(70M) 7.139ms
Dec 25 06:40:43 burnside uvmconsole: [3389358.652s][info][gc] GC(386717) Pause Young (Normal) (G1 Evacuation Pause) 57M->47M(70M) 6.452ms
Dec 25 06:41:10 burnside uvmconsole: [3389385.093s][info][gc] GC(386718) Pause Young (Normal) (G1 Evacuation Pause) 57M->47M(70M) 6.832ms
Dec 25 06:41:43 burnside uvmconsole: [3389418.708s][info][gc] GC(386719) Pause Young (Normal) (G1 Evacuation Pause) 57M->47M(70M) 7.333ms
Dec 25 06:41:51 burnside uvmconsole: [3389425.997s][info][gc] GC(386720) Pause Full (System.gc()) 53M->47M(70M) 318.289ms
Dec 25 06:42:13 burnside uvmconsole: [3389448.000s][info][gc] GC(386721) Pause Young (Normal) (G1 Evacuation Pause) 58M->47M(70M) 6.033ms
Dec 25 06:42:46 burnside uvmconsole: [3389481.676s][info][gc] GC(386722) Pause Young (Normal) (G1 Evacuation Pause) 57M->47M(70M) 6.528ms
Dec 25 06:43:17 burnside uvmconsole: [3389512.102s][info][gc] GC(386723) Pause Young (Normal) (G1 Evacuation Pause) 57M->47M(70M) 6.229ms
Dec 25 06:43:53 burnside uvmconsole: [3389548.654s][info][gc] GC(386724) Pause Young (Normal) (G1 Evacuation Pause) 57M->47M(70M) 6.315ms
Dec 25 06:44:14 burnside uvmconsole: [3389569.203s][info][gc] GC(386725) Pause Young (Normal) (G1 Evacuation Pause) 57M->47M(70M) 6.781ms
Dec 25 06:44:43 burnside uvmconsole: [3389598.638s][info][gc] GC(386726) Pause Young (Normal) (G1 Evacuation Pause) 57M->47M(70M) 6.229ms
Dec 25 06:45:09 burnside uvmconsole: [3389623.796s][info][gc] GC(386727) Pause Young (Normal) (G1 Evacuation Pause) 57M->47M(70M) 6.358ms
Dec 25 06:45:39 burnside uvmconsole: [3389654.201s][info][gc] GC(386728) Pause Young (Normal) (G1 Evacuation Pause) 57M->47M(70M) 6.235ms
Dec 25 06:46:03 burnside uvmconsole: [3389678.654s][info][gc] GC(386729) Pause Young (Normal) (G1 Evacuation Pause) 57M->47M(70M) 6.447ms
Dec 25 06:46:33 burnside uvmconsole: [3389708.116s][info][gc] GC(386730) Pause Young (Normal) (G1 Evacuation Pause) 57M->47M(70M) 7.182ms
Dec 25 06:46:51 burnside uvmconsole: [3389726.001s][info][gc] GC(386731) Pause Full (System.gc()) 52M->47M(70M) 322.684ms
Dec 25 06:47:15 burnside uvmconsole: [3389749.809s][info][gc] GC(386732) Pause Young (Normal) (G1 Evacuation Pause) 58M->47M(70M) 5.901ms
Dec 25 06:47:46 burnside uvmconsole: [3389781.490s][info][gc] GC(386733) Pause Young (Normal) (G1 Evacuation Pause) 57M->47M(70M) 6.353ms
Dec 25 06:48:03 burnside uvmconsole: [3389798.657s][info][gc] GC(386734) Pause Young (Normal) (G1 Evacuation Pause) 57M->47M(70M) 6.739ms
Dec 25 06:48:31 burnside uvmconsole: [3389826.120s][info][gc] GC(386735) Pause Young (Normal) (G1 Evacuation Pause) 57M->47M(70M) 6.823ms
Dec 25 06:49:01 burnside uvmconsole: [3389855.807s][info][gc] GC(386736) Pause Young (Normal) (G1 Evacuation Pause) 57M->47M(70M) 6.898ms
Dec 25 06:49:12 burnside uvmconsole: [3389867.559s][info][gc] GC(386737) Pause Young (Normal) (G1 Evacuation Pause) 57M->47M(70M) 6.711ms
Dec 25 06:49:52 burnside uvmconsole: [3389907.143s][info][gc] GC(386738) Pause Young (Normal) (G1 Evacuation Pause) 57M->47M(70M) 6.975ms
Dec 25 06:50:14 burnside uvmconsole: [3389929.023s][info][gc] GC(386739) Pause Young (Normal) (G1 Evacuation Pause) 57M->47M(70M) 6.492ms
Dec 25 06:50:42 burnside uvmconsole: [3389957.054s][info][gc] GC(386740) Pause Young (Normal) (G1 Evacuation Pause) 57M->47M(70M) 6.989ms
Dec 25 06:51:02 burnside uvmconsole: [3389977.265s][info][gc] GC(386741) Pause Young (Normal) (G1 Evacuation Pause) 57M->48M(70M) 7.486ms
Dec 25 06:51:38 burnside uvmconsole: [3390012.993s][info][gc] GC(386742) Pause Young (Normal) (G1 Evacuation Pause) 57M->47M(70M) 6.679ms
Dec 25 06:51:51 burnside uvmconsole: [3390025.992s][info][gc] GC(386743) Pause Full (System.gc()) 51M->47M(70M) 313.412ms
Dec 25 06:52:19 burnside uvmconsole: [3390053.997s][info][gc] GC(386744) Pause Young (Normal) (G1 Evacuation Pause) 58M->47M(70M) 6.304ms
Dec 25 06:52:54 burnside uvmconsole: [3390089.190s][info][gc] GC(386745) Pause Young (Normal) (G1 Evacuation Pause) 58M->47M(70M) 6.120ms
Dec 25 06:53:24 burnside uvmconsole: [3390118.959s][info][gc] GC(386746) Pause Young (Normal) (G1 Evacuation Pause) 58M->47M(70M) 6.957ms
Dec 25 06:53:59 burnside uvmconsole: [3390154.283s][info][gc] GC(386747) Pause Young (Normal) (G1 Evacuation Pause) 58M->47M(70M) 6.204ms
Dec 25 06:54:23 burnside uvmconsole: [3390178.244s][info][gc] GC(386748) Pause Young (Normal) (G1 Evacuation Pause) 58M->47M(70M) 7.089ms
Dec 25 06:54:49 burnside uvmconsole: [3390204.163s][info][gc] GC(386749) Pause Young (Normal) (G1 Evacuation Pause) 58M->48M(70M) 7.561ms
Dec 25 06:55:19 burnside uvmconsole: [3390234.088s][info][gc] GC(386750) Pause Young (Normal) (G1 Evacuation Pause) 59M->48M(70M) 7.985ms
Dec 25 06:55:56 burnside uvmconsole: [3390271.479s][info][gc] GC(386751) Pause Young (Normal) (G1 Evacuation Pause) 59M->47M(70M) 6.561ms
Dec 25 06:56:28 burnside uvmconsole: [3390303.551s][info][gc] GC(386752) Pause Young (Normal) (G1 Evacuation Pause) 58M->47M(70M) 6.487ms
Dec 25 06:56:51 burnside uvmconsole: [3390325.994s][info][gc] GC(386753) Pause Full (System.gc()) 53M->47M(70M) 315.319ms
Dec 25 06:57:20 burnside uvmconsole: [3390355.584s][info][gc] GC(386754) Pause Young (Normal) (G1 Evacuation Pause) 58M->47M(70M) 5.907ms
Dec 25 06:58:02 burnside uvmconsole: [3390397.131s][info][gc] GC(386755) Pause Young (Normal) (G1 Evacuation Pause) 57M->47M(70M) 5.717ms
Dec 25 06:58:35 burnside uvmconsole: [3390430.439s][info][gc] GC(386756) Pause Young (Normal) (G1 Evacuation Pause) 57M->47M(70M) 5.745ms
Dec 25 06:59:07 burnside uvmconsole: [3390462.577s][info][gc] GC(386757) Pause Young (Normal) (G1 Evacuation Pause) 57M->47M(70M) 6.109ms
Dec 25 06:59:42 burnside uvmconsole: [3390497.148s][info][gc] GC(386758) Pause Young (Normal) (G1 Evacuation Pause) 57M->47M(70M) 6.174ms
Dec 25 06:59:59 burnside uvmconsole: [3390514.539s][info][gc] GC(386759) Pause Young (Normal) (G1 Evacuation Pause) 57M->47M(70M) 6.234ms
Dec 25 07:00:18 burnside uvmconsole: [3390533.508s][info][gc] GC(386760) Pause Young (Normal) (G1 Evacuation Pause) 57M->47M(70M) 6.429ms
Dec 25 07:00:52 burnside uvmconsole: [3390567.646s][info][gc] GC(386761) Pause Young (Normal) (G1 Evacuation Pause) 57M->47M(70M) 6.221ms
Dec 25 07:01:15 burnside uvmconsole: [3390590.098s][info][gc] GC(386762) Pause Young (Normal) (G1 Evacuation Pause) 57M->47M(70M) 6.457ms
Dec 25 07:01:51 burnside uvmconsole: [3390625.991s][info][gc] GC(386763) Pause Full (System.gc()) 56M->47M(70M) 312.424ms
Dec 25 07:02:23 burnside uvmconsole: [3390658.538s][info][gc] GC(386764) Pause Young (Normal) (G1 Evacuation Pause) 59M->47M(70M) 6.048ms
Dec 25 07:02:42 burnside uvmconsole: [3390677.641s][info][gc] GC(386765) Pause Young (Normal) (G1 Evacuation Pause) 58M->47M(70M) 6.383ms
Dec 25 07:03:03 burnside uvmconsole: [3390698.563s][info][gc] GC(386766) Pause Young (Normal) (G1 Evacuation Pause) 58M->47M(70M) 6.279ms
Dec 25 07:03:41 burnside uvmconsole: [3390735.865s][info][gc] GC(386767) Pause Young (Normal) (G1 Evacuation Pause) 58M->47M(70M) 6.715ms
Dec 25 07:04:12 burnside uvmconsole: [3390767.527s][info][gc] GC(386768) Pause Young (Normal) (G1 Evacuation Pause) 58M->47M(70M) 6.998ms
Dec 25 07:04:54 burnside uvmconsole: [3390809.656s][info][gc] GC(386769) Pause Young (Normal) (G1 Evacuation Pause) 58M->47M(70M) 6.159ms
Dec 25 07:05:18 burnside uvmconsole: [3390833.551s][info][gc] GC(386770) Pause Young (Normal) (G1 Evacuation Pause) 58M->47M(70M) 7.395ms
Dec 25 07:05:40 burnside uvmconsole: [3390854.977s][info][gc] GC(386771) Pause Young (Normal) (G1 Evacuation Pause) 58M->47M(70M) 6.739ms
Dec 25 07:06:02 burnside uvmconsole: [3390877.612s][info][gc] GC(386772) Pause Young (Normal) (G1 Evacuation Pause) 58M->47M(70M) 10.621ms
Dec 25 07:06:43 burnside uvmconsole: [3390918.490s][info][gc] GC(386773) Pause Young (Normal) (G1 Evacuation Pause) 58M->47M(70M) 7.304ms
Dec 25 07:06:51 burnside uvmconsole: [3390925.987s][info][gc] GC(386774) Pause Full (System.gc()) 49M->47M(70M) 309.091ms
Dec 25 07:07:25 burnside uvmconsole: [3390960.513s][info][gc] GC(386775) Pause Young (Normal) (G1 Evacuation Pause) 59M->47M(70M) 6.309ms
Dec 25 07:08:03 burnside uvmconsole: [3390998.676s][info][gc] GC(386776) Pause Young (Normal) (G1 Evacuation Pause) 58M->47M(70M) 6.642ms
Dec 25 07:08:24 burnside uvmconsole: [3391019.008s][info][gc] GC(386777) Pause Young (Normal) (G1 Evacuation Pause) 58M->47M(70M) 5.778ms
Dec 25 07:09:03 burnside uvmconsole: [3391057.866s][info][gc] GC(386778) Pause Young (Normal) (G1 Evacuation Pause) 58M->47M(70M) 6.358ms
Dec 25 07:09:33 burnside uvmconsole: [3391088.655s][info][gc] GC(386779) Pause Young (Normal) (G1 Evacuation Pause) 58M->47M(70M) 6.196ms
Dec 25 07:10:05 burnside uvmconsole: [3391120.488s][info][gc] GC(386780) Pause Young (Normal) (G1 Evacuation Pause) 58M->47M(70M) 6.331ms
Dec 25 07:10:33 burnside uvmconsole: [3391148.554s][info][gc] GC(386781) Pause Young (Normal) (G1 Evacuation Pause) 58M->47M(70M) 6.333ms
Dec 25 07:11:04 burnside uvmconsole: [3391179.292s][info][gc] GC(386782) Pause Young (Normal) (G1 Evacuation Pause) 58M->47M(70M) 6.768ms
Dec 25 07:11:31 burnside uvmconsole: [3391206.630s][info][gc] GC(386783) Pause Young (Normal) (G1 Evacuation Pause) 58M->47M(70M) 6.610ms
Dec 25 07:11:46 burnside uvmconsole: [3391221.025s][info][gc] GC(386784) Pause Young (Normal) (G1 Evacuation Pause) 58M->48M(70M) 8.886ms
Dec 25 07:11:51 burnside uvmconsole: [3391225.990s][info][gc] GC(386785) Pause Full (System.gc()) 55M->47M(70M) 311.140ms
Dec 25 07:12:13 burnside uvmconsole: [3391248.638s][info][gc] GC(386786) Pause Young (Normal) (G1 Evacuation Pause) 57M->47M(70M) 5.871ms
Dec 25 07:12:49 burnside uvmconsole: [3391284.740s][info][gc] GC(386787) Pause Young (Normal) (G1 Evacuation Pause) 56M->47M(70M) 5.656ms
Dec 25 07:13:17 burnside uvmconsole: [3391312.453s][info][gc] GC(386788) Pause Young (Normal) (G1 Evacuation Pause) 56M->47M(70M) 7.483ms
Dec 25 07:13:51 burnside uvmconsole: [3391346.112s][info][gc] GC(386789) Pause Young (Normal) (G1 Evacuation Pause) 56M->47M(70M) 5.842ms
Dec 25 07:14:20 burnside uvmconsole: [3391374.906s][info][gc] GC(386790) Pause Young (Normal) (G1 Evacuation Pause) 56M->47M(70M) 6.237ms
Dec 25 07:14:48 burnside uvmconsole: [3391402.830s][info][gc] GC(386791) Pause Young (Normal) (G1 Evacuation Pause) 56M->47M(70M) 6.222ms
Dec 25 07:15:08 burnside uvmconsole: [3391423.405s][info][gc] GC(386792) Pause Young (Normal) (G1 Evacuation Pause) 56M->47M(70M) 6.685ms
Dec 25 07:15:33 burnside uvmconsole: [3391448.506s][info][gc] GC(386793) Pause Young (Normal) (G1 Evacuation Pause) 56M->47M(70M) 6.017ms
Dec 25 07:16:09 burnside uvmconsole: [3391483.912s][info][gc] GC(386794) Pause Young (Normal) (G1 Evacuation Pause) 56M->47M(70M) 7.325ms
Dec 25 07:16:24 burnside uvmconsole: [3391499.335s][info][gc] GC(386795) Pause Young (Normal) (G1 Evacuation Pause) 56M->47M(70M) 6.773ms
Dec 25 07:16:48 burnside uvmconsole: [3391523.052s][info][gc] GC(386796) Pause Young (Normal) (G1 Evacuation Pause) 56M->47M(70M) 6.708ms
Dec 25 07:16:51 burnside uvmconsole: [3391525.991s][info][gc] GC(386797) Pause Full (System.gc()) 48M->47M(70M) 311.990ms
Dec 25 07:17:30 burnside uvmconsole: [3391565.146s][info][gc] GC(386798) Pause Young (Normal) (G1 Evacuation Pause) 58M->47M(70M) 6.097ms
Dec 25 07:18:03 burnside uvmconsole: [3391598.656s][info][gc] GC(386799) Pause Young (Normal) (G1 Evacuation Pause) 58M->47M(70M) 6.058ms
Dec 25 07:18:48 burnside uvmconsole: [3391643.240s][info][gc] GC(386800) Pause Young (Normal) (G1 Evacuation Pause) 58M->47M(70M) 6.049ms
Dec 25 07:19:12 burnside uvmconsole: [3391667.719s][info][gc] GC(386801) Pause Young (Normal) (G1 Evacuation Pause) 58M->47M(70M) 6.095ms
Dec 25 07:19:57 burnside uvmconsole: [3391712.401s][info][gc] GC(386802) Pause Young (Normal) (G1 Evacuation Pause) 58M->47M(70M) 9.107ms
Dec 25 07:20:20 burnside uvmconsole: [3391735.606s][info][gc] GC(386803) Pause Young (Normal) (G1 Evacuation Pause) 58M->47M(70M) 6.848ms
Dec 25 07:20:42 burnside uvmconsole: [3391757.164s][info][gc] GC(386804) Pause Young (Normal) (G1 Evacuation Pause) 58M->47M(70M) 6.733ms
Dec 25 07:21:13 burnside uvmconsole: [3391788.653s][info][gc] GC(386805) Pause Young (Normal) (G1 Evacuation Pause) 58M->47M(70M) 6.798ms
Dec 25 07:21:51 burnside uvmconsole: [3391825.992s][info][gc] GC(386806) Pause Full (System.gc()) 57M->47M(70M) 314.429ms
Dec 25 07:22:08 burnside uvmconsole: [3391843.284s][info][gc] GC(386807) Pause Young (Normal) (G1 Evacuation Pause) 58M->47M(70M) 5.911ms
Dec 25 07:22:43 burnside uvmconsole: [3391878.653s][info][gc] GC(386808) Pause Young (Normal) (G1 Evacuation Pause) 57M->47M(70M) 5.714ms
Dec 25 07:23:08 burnside uvmconsole: [3391903.712s][info][gc] GC(386809) Pause Young (Normal) (G1 Evacuation Pause) 58M->47M(70M) 6.412ms
Dec 25 07:23:44 burnside uvmconsole: [3391939.314s][info][gc] GC(386810) Pause Young (Normal) (G1 Evacuation Pause) 58M->47M(70M) 11.134ms
Dec 25 07:24:08 burnside uvmconsole: [3391962.795s][info][gc] GC(386811) Pause Young (Normal) (G1 Evacuation Pause) 58M->47M(70M) 7.207ms
Dec 25 07:24:41 burnside uvmconsole: [3391996.369s][info][gc] GC(386812) Pause Young (Normal) (G1 Evacuation Pause) 57M->47M(70M) 6.752ms
Dec 25 07:25:05 burnside uvmconsole: [3392020.142s][info][gc] GC(386813) Pause Young (Normal) (G1 Evacuation Pause) 57M->47M(70M) 7.214ms
Dec 25 07:25:41 burnside uvmconsole: [3392056.445s][info][gc] GC(386814) Pause Young (Normal) (G1 Evacuation Pause) 57M->47M(70M) 7.431ms
Dec 25 07:26:09 burnside uvmconsole: [3392084.470s][info][gc] GC(386815) Pause Young (Normal) (G1 Evacuation Pause) 57M->47M(70M) 6.779ms
Dec 25 07:26:34 burnside uvmconsole: [3392109.604s][info][gc] GC(386816) Pause Young (Normal) (G1 Evacuation Pause) 57M->47M(70M) 6.444ms
Dec 25 07:26:51 burnside uvmconsole: [3392125.997s][info][gc] GC(386817) Pause Full (System.gc()) 52M->47M(70M) 317.969ms
Dec 25 07:27:06 burnside uvmconsole: [3392141.426s][info][gc] GC(386818) Pause Young (Normal) (G1 Evacuation Pause) 58M->47M(70M) 6.015ms
Dec 25 07:27:49 burnside uvmconsole: [3392184.226s][info][gc] GC(386819) Pause Young (Normal) (G1 Evacuation Pause) 58M->47M(70M) 5.882ms
Dec 25 07:28:18 burnside uvmconsole: [3392212.760s][info][gc] GC(386820) Pause Young (Normal) (G1 Evacuation Pause) 58M->47M(70M) 6.102ms
Dec 25 07:28:39 burnside uvmconsole: [3392234.136s][info][gc] GC(386821) Pause Young (Normal) (G1 Evacuation Pause) 58M->47M(70M) 6.232ms
Dec 25 07:28:45 burnside uvmconsole: [3392239.916s][info][gc] GC(386822) Pause Young (Normal) (G1 Evacuation Pause) 58M->47M(70M) 7.423ms
Dec 25 07:28:49 burnside uvmconsole: [3392244.241s][info][gc] GC(386823) Pause Young (Normal) (G1 Evacuation Pause) 58M->47M(70M) 8.365ms
Dec 25 07:28:53 burnside uvmconsole: [3392248.656s][info][gc] GC(386824) Pause Young (Normal) (G1 Evacuation Pause) 58M->47M(70M) 6.930ms
Dec 25 07:28:59 burnside uvmconsole: [3392254.407s][info][gc] GC(386825) Pause Young (Normal) (G1 Evacuation Pause) 58M->47M(70M) 6.598ms
Dec 25 07:29:20 burnside uvmconsole: [3392275.741s][info][gc] GC(386826) Pause Young (Normal) (G1 Evacuation Pause) 58M->47M(70M) 6.598ms
Dec 25 07:29:53 burnside uvmconsole: [3392308.705s][info][gc] GC(386827) Pause Young (Normal) (G1 Evacuation Pause) 58M->47M(70M) 6.867ms
Dec 25 07:30:11 burnside uvmconsole: [3392326.296s][info][gc] GC(386828) Pause Young (Normal) (G1 Evacuation Pause) 58M->47M(70M) 6.701ms
Dec 25 07:30:47 burnside uvmconsole: [3392362.732s][info][gc] GC(386829) Pause Young (Normal) (G1 Evacuation Pause) 58M->47M(70M) 6.616ms
Dec 25 07:31:14 burnside uvmconsole: [3392389.582s][info][gc] GC(386830) Pause Young (Normal) (G1 Evacuation Pause) 58M->47M(70M) 7.162ms
Dec 25 07:31:51 burnside uvmconsole: [3392425.986s][info][gc] GC(386831) Pause Full (System.gc()) 57M->47M(70M) 307.541ms
Dec 25 07:32:18 burnside uvmconsole: [3392452.811s][info][gc] GC(386832) Pause Young (Normal) (G1 Evacuation Pause) 58M->47M(70M) 6.008ms
Dec 25 07:32:52 burnside uvmconsole: [3392487.156s][info][gc] GC(386833) Pause Young (Normal) (G1 Evacuation Pause) 57M->47M(70M) 6.004ms
Dec 25 07:33:16 burnside uvmconsole: [3392510.844s][info][gc] GC(386834) Pause Young (Normal) (G1 Evacuation Pause) 57M->47M(70M) 6.620ms
Dec 25 07:33:50 burnside uvmconsole: [3392544.924s][info][gc] GC(386835) Pause Young (Normal) (G1 Evacuation Pause) 57M->47M(70M) 6.599ms
Dec 25 07:34:13 burnside uvmconsole: [3392568.638s][info][gc] GC(386836) Pause Young (Normal) (G1 Evacuation Pause) 57M->47M(70M) 6.532ms
Dec 25 07:34:50 burnside uvmconsole: [3392605.009s][info][gc] GC(386837) Pause Young (Normal) (G1 Evacuation Pause) 57M->47M(70M) 6.188ms
Dec 25 07:35:15 burnside uvmconsole: [3392629.777s][info][gc] GC(386838) Pause Young (Normal) (G1 Evacuation Pause) 57M->47M(70M) 6.434ms
Dec 25 07:35:46 burnside uvmconsole: [3392660.945s][info][gc] GC(386839) Pause Young (Normal) (G1 Evacuation Pause) 57M->47M(70M) 6.673ms
Dec 25 07:36:02 burnside uvmconsole: [3392677.038s][info][gc] GC(386840) Pause Young (Normal) (G1 Evacuation Pause) 57M->47M(70M) 6.085ms
Dec 25 07:36:30 burnside uvmconsole: [3392704.989s][info][gc] GC(386841) Pause Young (Normal) (G1 Evacuation Pause) 57M->47M(70M) 6.110ms
Dec 25 07:36:49 burnside uvmconsole: [3392724.448s][info][gc] GC(386842) Pause Young (Normal) (G1 Evacuation Pause) 57M->47M(70M) 5.897ms
Dec 25 07:36:51 burnside uvmconsole: [3392725.991s][info][gc] GC(386843) Pause Full (System.gc()) 49M->47M(70M) 312.081ms
Dec 25 07:37:05 burnside uvmconsole: [3392740.270s][info][gc] GC(386844) Pause Young (Normal) (G1 Evacuation Pause) 57M->47M(70M) 6.184ms
Dec 25 07:37:45 burnside uvmconsole: [3392780.571s][info][gc] GC(386845) Pause Young (Normal) (G1 Evacuation Pause) 57M->47M(70M) 6.418ms
Dec 25 07:38:13 burnside uvmconsole: [3392808.651s][info][gc] GC(386846) Pause Young (Normal) (G1 Evacuation Pause) 57M->47M(70M) 5.938ms
Dec 25 07:38:49 burnside uvmconsole: [3392844.394s][info][gc] GC(386847) Pause Young (Normal) (G1 Evacuation Pause) 57M->47M(70M) 6.008ms
Dec 25 07:39:09 burnside uvmconsole: [3392863.758s][info][gc] GC(386848) Pause Young (Normal) (G1 Evacuation Pause) 57M->47M(70M) 6.181ms
Dec 25 07:39:44 burnside uvmconsole: [3392899.154s][info][gc] GC(386849) Pause Young (Normal) (G1 Evacuation Pause) 57M->47M(70M) 6.809ms
Dec 25 07:40:03 burnside uvmconsole: [3392918.116s][info][gc] GC(386850) Pause Young (Normal) (G1 Evacuation Pause) 57M->47M(70M) 7.508ms
Dec 25 07:40:21 burnside uvmconsole: [3392936.119s][info][gc] GC(386851) Pause Young (Normal) (G1 Evacuation Pause) 56M->47M(70M) 6.832ms
Dec 25 07:40:50 burnside uvmconsole: [3392965.644s][info][gc] GC(386852) Pause Young (Normal) (G1 Evacuation Pause) 56M->47M(70M) 6.658ms
Dec 25 07:41:13 burnside uvmconsole: [3392988.654s][info][gc] GC(386853) Pause Young (Normal) (G1 Evacuation Pause) 56M->47M(70M) 7.830ms
Dec 25 07:41:48 burnside uvmconsole: [3393023.090s][info][gc] GC(386854) Pause Young (Normal) (G1 Evacuation Pause) 56M->47M(70M) 6.376ms
Dec 25 07:41:51 burnside uvmconsole: [3393025.991s][info][gc] GC(386855) Pause Full (System.gc()) 53M->47M(70M) 312.428ms
Dec 25 07:42:09 burnside uvmconsole: [3393044.587s][info][gc] GC(386856) Pause Young (Normal) (G1 Evacuation Pause) 58M->47M(70M) 6.155ms
Dec 25 07:42:57 burnside uvmconsole: [3393092.296s][info][gc] GC(386857) Pause Young (Normal) (G1 Evacuation Pause) 58M->47M(70M) 5.837ms
Dec 25 07:43:39 burnside uvmconsole: [3393134.661s][info][gc] GC(386858) Pause Young (Normal) (G1 Evacuation Pause) 58M->47M(70M) 6.226ms
Dec 25 07:44:09 burnside uvmconsole: [3393163.808s][info][gc] GC(386859) Pause Young (Normal) (G1 Evacuation Pause) 58M->47M(70M) 7.446ms
Dec 25 07:44:33 burnside uvmconsole: [3393188.473s][info][gc] GC(386860) Pause Young (Normal) (G1 Evacuation Pause) 58M->47M(70M) 6.074ms
Dec 25 07:45:01 burnside uvmconsole: [3393215.850s][info][gc] GC(386861) Pause Young (Normal) (G1 Evacuation Pause) 58M->47M(70M) 7.327ms
Dec 25 07:45:23 burnside uvmconsole: [3393238.180s][info][gc] GC(386862) Pause Young (Normal) (G1 Evacuation Pause) 58M->47M(70M) 6.044ms
Dec 25 07:46:00 burnside uvmconsole: [3393274.945s][info][gc] GC(386863) Pause Young (Normal) (G1 Evacuation Pause) 58M->47M(70M) 6.769ms
Dec 25 07:46:34 burnside uvmconsole: [3393309.434s][info][gc] GC(386864) Pause Young (Normal) (G1 Evacuation Pause) 58M->47M(70M) 6.426ms
Dec 25 07:46:51 burnside uvmconsole: [3393325.995s][info][gc] GC(386865) Pause Full (System.gc()) 51M->47M(70M) 316.396ms
Dec 25 07:47:21 burnside uvmconsole: [3393355.985s][info][gc] GC(386866) Pause Young (Normal) (G1 Evacuation Pause) 59M->47M(70M) 6.225ms
Dec 25 07:47:59 burnside uvmconsole: [3393394.186s][info][gc] GC(386867) Pause Young (Normal) (G1 Evacuation Pause) 58M->47M(70M) 5.831ms
Dec 25 07:48:40 burnside uvmconsole: [3393434.872s][info][gc] GC(386868) Pause Young (Normal) (G1 Evacuation Pause) 58M->47M(70M) 6.853ms
Dec 25 07:49:04 burnside uvmconsole: [3393459.326s][info][gc] GC(386869) Pause Young (Normal) (G1 Evacuation Pause) 58M->47M(70M) 6.997ms
Dec 25 07:49:35 burnside uvmconsole: [3393489.918s][info][gc] GC(386870) Pause Young (Normal) (G1 Evacuation Pause) 58M->47M(70M) 6.436ms
Dec 25 07:50:02 burnside uvmconsole: [3393517.515s][info][gc] GC(386871) Pause Young (Normal) (G1 Evacuation Pause) 58M->47M(70M) 7.120ms
Dec 25 07:50:25 burnside uvmconsole: [3393540.024s][info][gc] GC(386872) Pause Young (Normal) (G1 Evacuation Pause) 58M->47M(70M) 6.782ms
Dec 25 07:51:03 burnside uvmconsole: [3393578.334s][info][gc] GC(386873) Pause Young (Normal) (G1 Evacuation Pause) 58M->47M(70M) 7.575ms
Dec 25 07:51:31 burnside uvmconsole: [3393606.576s][info][gc] GC(386874) Pause Young (Normal) (G1 Evacuation Pause) 58M->47M(70M) 6.604ms
Dec 25 07:51:51 burnside uvmconsole: [3393625.994s][info][gc] GC(386875) Pause Full (System.gc()) 54M->47M(70M) 315.114ms
Dec 25 07:52:13 burnside uvmconsole: [3393648.653s][info][gc] GC(386876) Pause Young (Normal) (G1 Evacuation Pause) 58M->47M(70M) 6.534ms
Dec 25 07:52:53 burnside uvmconsole: [3393688.652s][info][gc] GC(386877) Pause Young (Normal) (G1 Evacuation Pause) 58M->47M(70M) 6.337ms
Dec 25 07:53:30 burnside uvmconsole: [3393724.933s][info][gc] GC(386878) Pause Young (Normal) (G1 Evacuation Pause) 58M->47M(70M) 6.992ms
Dec 25 07:53:55 burnside uvmconsole: [3393750.258s][info][gc] GC(386879) Pause Young (Normal) (G1 Evacuation Pause) 58M->47M(70M) 6.781ms
Dec 25 07:54:30 burnside uvmconsole: [3393784.970s][info][gc] GC(386880) Pause Young (Normal) (G1 Evacuation Pause) 58M->48M(70M) 6.979ms
Dec 25 07:55:05 burnside uvmconsole: [3393820.611s][info][gc] GC(386881) Pause Young (Normal) (G1 Evacuation Pause) 59M->47M(70M) 6.800ms
Dec 25 07:55:38 burnside uvmconsole: [3393852.766s][info][gc] GC(386882) Pause Young (Normal) (G1 Evacuation Pause) 58M->47M(70M) 6.687ms
Dec 25 07:56:13 burnside uvmconsole: [3393888.652s][info][gc] GC(386883) Pause Young (Normal) (G1 Evacuation Pause) 58M->47M(70M) 6.978ms
Dec 25 07:56:43 burnside uvmconsole: [3393917.786s][info][gc] GC(386884) Pause Young (Normal) (G1 Evacuation Pause) 58M->48M(70M) 7.494ms
Dec 25 07:56:51 burnside uvmconsole: [3393925.990s][info][gc] GC(386885) Pause Full (System.gc()) 52M->47M(70M) 311.460ms
Dec 25 07:57:09 burnside uvmconsole: [3393944.199s][info][gc] GC(386886) Pause Young (Normal) (G1 Evacuation Pause) 57M->47M(70M) 6.397ms
Dec 25 07:57:53 burnside uvmconsole: [3393987.843s][info][gc] GC(386887) Pause Young (Normal) (G1 Evacuation Pause) 57M->47M(70M) 6.454ms
Dec 25 07:58:21 burnside uvmconsole: [3394015.797s][info][gc] GC(386888) Pause Young (Normal) (G1 Evacuation Pause) 57M->47M(70M) 6.114ms
Dec 25 07:59:00 burnside uvmconsole: [3394054.785s][info][gc] GC(386889) Pause Young (Normal) (G1 Evacuation Pause) 57M->47M(70M) 6.136ms
Dec 25 07:59:34 burnside uvmconsole: [3394089.733s][info][gc] GC(386890) Pause Young (Normal) (G1 Evacuation Pause) 57M->47M(70M) 5.926ms
Dec 25 07:59:59 burnside uvmconsole: [3394114.005s][info][gc] GC(386891) Pause Young (Normal) (G1 Evacuation Pause) 57M->47M(70M) 5.740ms
Dec 25 08:00:13 burnside uvmconsole: [3394128.650s][info][gc] GC(386892) Pause Young (Normal) (G1 Evacuation Pause) 57M->47M(70M) 6.349ms
Dec 25 08:00:53 burnside uvmconsole: [3394168.161s][info][gc] GC(386893) Pause Young (Normal) (G1 Evacuation Pause) 57M->47M(70M) 6.270ms
Dec 25 08:01:17 burnside uvmconsole: [3394192.347s][info][gc] GC(386894) Pause Young (Normal) (G1 Evacuation Pause) 57M->47M(70M) 6.369ms
Dec 25 08:01:50 burnside uvmconsole: [3394225.171s][info][gc] GC(386895) Pause Young (Normal) (G1 Evacuation Pause) 56M->47M(70M) 6.261ms
Dec 25 08:01:51 burnside uvmconsole: [3394225.989s][info][gc] GC(386896) Pause Full (System.gc()) 48M->47M(70M) 310.633ms
Dec 25 08:02:27 burnside uvmconsole: [3394262.724s][info][gc] GC(386897) Pause Young (Normal) (G1 Evacuation Pause) 58M->47M(70M) 5.805ms
Dec 25 08:02:44 burnside uvmconsole: [3394279.593s][info][gc] GC(386898) Pause Young (Normal) (G1 Evacuation Pause) 58M->47M(70M) 6.142ms
Dec 25 08:02:46 burnside uvmconsole: [3394280.957s][info][gc] GC(386899) Pause Young (Normal) (G1 Evacuation Pause) 58M->47M(70M) 5.703ms
Dec 25 08:02:46 burnside uvmconsole: [3394281.633s][info][gc] GC(386900) Pause Young (Normal) (G1 Evacuation Pause) 58M->47M(70M) 6.312ms
Dec 25 08:02:47 burnside uvmconsole: [3394282.438s][info][gc] GC(386901) Pause Young (Normal) (G1 Evacuation Pause) 58M->47M(70M) 5.827ms
Dec 25 08:02:48 burnside uvmconsole: [3394283.336s][info][gc] GC(386902) Pause Young (Normal) (G1 Evacuation Pause) 58M->47M(70M) 5.961ms
Dec 25 08:03:01 burnside uvmconsole: [3394296.193s][info][gc] GC(386903) Pause Young (Normal) (G1 Evacuation Pause) 58M->47M(70M) 6.468ms
Dec 25 08:03:38 burnside uvmconsole: [3394333.463s][info][gc] GC(386904) Pause Young (Normal) (G1 Evacuation Pause) 58M->47M(70M) 6.199ms
Dec 25 08:04:12 burnside uvmconsole: [3394367.126s][info][gc] GC(386905) Pause Young (Normal) (G1 Evacuation Pause) 58M->47M(70M) 6.762ms
Dec 25 08:04:59 burnside uvmconsole: [3394414.185s][info][gc] GC(386906) Pause Young (Normal) (G1 Evacuation Pause) 58M->47M(70M) 6.084ms
Dec 25 08:05:17 burnside uvmconsole: [3394432.718s][info][gc] GC(386907) Pause Young (Normal) (G1 Evacuation Pause) 58M->47M(70M) 7.659ms
Dec 25 08:05:44 burnside uvmconsole: [3394458.936s][info][gc] GC(386908) Pause Young (Normal) (G1 Evacuation Pause) 58M->47M(70M) 6.366ms
Dec 25 08:06:11 burnside uvmconsole: [3394486.726s][info][gc] GC(386909) Pause Young (Normal) (G1 Evacuation Pause) 58M->47M(70M) 6.955ms
Dec 25 08:06:42 burnside uvmconsole: [3394517.736s][info][gc] GC(386910) Pause Young (Normal) (G1 Evacuation Pause) 58M->47M(70M) 7.270ms
Dec 25 08:06:51 burnside uvmconsole: [3394525.997s][info][gc] GC(386911) Pause Full (System.gc()) 51M->47M(70M) 317.914ms
Dec 25 08:07:13 burnside uvmconsole: [3394548.651s][info][gc] GC(386912) Pause Young (Normal) (G1 Evacuation Pause) 59M->47M(70M) 6.267ms
Dec 25 08:07:53 burnside uvmconsole: [3394588.059s][info][gc] GC(386913) Pause Young (Normal) (G1 Evacuation Pause) 58M->47M(70M) 6.752ms
Dec 25 08:08:11 burnside uvmconsole: [3394605.794s][info][gc] GC(386914) Pause Young (Normal) (G1 Evacuation Pause) 58M->47M(70M) 6.169ms
Dec 25 08:08:21 burnside uvmconsole: [3394616.480s][info][gc] GC(386915) Pause Young (Normal) (G1 Evacuation Pause) 58M->47M(70M) 6.202ms
Dec 25 08:08:22 burnside uvmconsole: [3394617.298s][info][gc] GC(386916) Pause Young (Normal) (G1 Evacuation Pause) 58M->47M(70M) 5.765ms
Dec 25 08:08:23 burnside uvmconsole: [3394618.008s][info][gc] GC(386917) Pause Young (Normal) (G1 Evacuation Pause) 58M->47M(70M) 6.002ms
Dec 25 08:08:23 burnside uvmconsole: [3394618.679s][info][gc] GC(386918) Pause Young (Normal) (G1 Evacuation Pause) 58M->47M(70M) 5.177ms
Dec 25 08:08:24 burnside uvmconsole: [3394619.357s][info][gc] GC(386919) Pause Young (Normal) (G1 Evacuation Pause) 58M->47M(70M) 5.862ms
Dec 25 08:08:37 burnside uvmconsole: [3394632.069s][info][gc] GC(386920) Pause Young (Normal) (G1 Evacuation Pause) 58M->47M(70M) 6.336ms
Dec 25 08:09:05 burnside uvmconsole: [3394660.327s][info][gc] GC(386921) Pause Young (Normal) (G1 Evacuation Pause) 58M->48M(70M) 7.092ms
Dec 25 08:09:43 burnside uvmconsole: [3394698.638s][info][gc] GC(386922) Pause Young (Normal) (G1 Evacuation Pause) 59M->48M(70M) 6.590ms
Dec 25 08:10:15 burnside uvmconsole: [3394730.402s][info][gc] GC(386923) Pause Young (Normal) (G1 Evacuation Pause) 58M->48M(70M) 6.534ms
Dec 25 08:10:39 burnside uvmconsole: [3394754.482s][info][gc] GC(386924) Pause Young (Normal) (G1 Evacuation Pause) 59M->47M(70M) 6.689ms
Dec 25 08:11:06 burnside uvmconsole: [3394781.676s][info][gc] GC(386925) Pause Young (Normal) (G1 Evacuation Pause) 58M->47M(70M) 6.885ms
Dec 25 08:11:47 burnside uvmconsole: [3394822.622s][info][gc] GC(386926) Pause Young (Normal) (G1 Evacuation Pause) 58M->47M(70M) 6.650ms
Dec 25 08:11:51 burnside uvmconsole: [3394825.998s][info][gc] GC(386927) Pause Full (System.gc()) 49M->47M(70M) 320.155ms
Dec 25 08:12:13 burnside uvmconsole: [3394848.655s][info][gc] GC(386928) Pause Young (Normal) (G1 Evacuation Pause) 58M->47M(70M) 6.316ms
Dec 25 08:12:54 burnside uvmconsole: [3394889.356s][info][gc] GC(386929) Pause Young (Normal) (G1 Evacuation Pause) 57M->47M(70M) 6.056ms
Dec 25 08:13:29 burnside uvmconsole: [3394923.932s][info][gc] GC(386930) Pause Young (Normal) (G1 Evacuation Pause) 57M->47M(70M) 6.370ms
Dec 25 08:13:58 burnside uvmconsole: [3394953.486s][info][gc] GC(386931) Pause Young (Normal) (G1 Evacuation Pause) 57M->47M(70M) 5.934ms
Dec 25 08:14:33 burnside uvmconsole: [3394987.882s][info][gc] GC(386932) Pause Young (Normal) (G1 Evacuation Pause) 57M->47M(70M) 7.218ms
Dec 25 08:15:03 burnside uvmconsole: [3395018.569s][info][gc] GC(386933) Pause Young (Normal) (G1 Evacuation Pause) 57M->47M(70M) 6.633ms
Dec 25 08:15:33 burnside uvmconsole: [3395048.461s][info][gc] GC(386934) Pause Young (Normal) (G1 Evacuation Pause) 57M->47M(70M) 6.384ms
Dec 25 08:15:59 burnside uvmconsole: [3395074.187s][info][gc] GC(386935) Pause Young (Normal) (G1 Evacuation Pause) 57M->47M(70M) 6.655ms
Dec 25 08:16:33 burnside uvmconsole: [3395108.652s][info][gc] GC(386936) Pause Young (Normal) (G1 Evacuation Pause) 57M->47M(70M) 6.882ms
Dec 25 08:16:51 burnside uvmconsole: [3395125.991s][info][gc] GC(386937) Pause Full (System.gc()) 52M->47M(70M) 311.765ms
Dec 25 08:17:13 burnside uvmconsole: [3395148.448s][info][gc] GC(386938) Pause Young (Normal) (G1 Evacuation Pause) 57M->47M(70M) 5.721ms
Dec 25 08:17:59 burnside uvmconsole: [3395194.185s][info][gc] GC(386939) Pause Young (Normal) (G1 Evacuation Pause) 57M->47M(70M) 5.573ms
Dec 25 08:18:34 burnside uvmconsole: [3395229.490s][info][gc] GC(386940) Pause Young (Normal) (G1 Evacuation Pause) 57M->47M(70M) 5.959ms
Dec 25 08:19:01 burnside uvmconsole: [3395256.646s][info][gc] GC(386941) Pause Young (Normal) (G1 Evacuation Pause) 57M->47M(70M) 6.268ms
Dec 25 08:19:35 burnside uvmconsole: [3395290.654s][info][gc] GC(386942) Pause Young (Normal) (G1 Evacuation Pause) 57M->47M(70M) 6.488ms
Dec 25 08:20:02 burnside uvmconsole: [3395317.279s][info][gc] GC(386943) Pause Young (Normal) (G1 Evacuation Pause) 57M->47M(70M) 6.825ms
Dec 25 08:20:24 burnside uvmconsole: [3395339.539s][info][gc] GC(386944) Pause Young (Normal) (G1 Evacuation Pause) 56M->47M(70M) 8.031ms
Dec 25 08:20:43 burnside uvmconsole: [3395357.945s][info][gc] GC(386945) Pause Young (Normal) (G1 Evacuation Pause) 56M->47M(70M) 6.432ms
Dec 25 08:21:03 burnside uvmconsole: [3395378.656s][info][gc] GC(386946) Pause Young (Normal) (G1 Evacuation Pause) 56M->47M(70M) 6.168ms
Dec 25 08:21:42 burnside uvmconsole: [3395417.316s][info][gc] GC(386947) Pause Young (Normal) (G1 Evacuation Pause) 56M->47M(70M) 6.449ms
Dec 25 08:21:51 burnside uvmconsole: [3395425.992s][info][gc] GC(386948) Pause Full (System.gc()) 50M->47M(70M) 313.767ms
Dec 25 08:22:03 burnside uvmconsole: [3395438.702s][info][gc] GC(386949) Pause Young (Normal) (G1 Evacuation Pause) 57M->47M(70M) 6.270ms
Dec 25 08:22:24 burnside uvmconsole: [3395459.225s][info][gc] GC(386950) Pause Young (Normal) (G1 Evacuation Pause) 56M->47M(70M) 5.949ms
Dec 25 08:22:53 burnside uvmconsole: [3395488.652s][info][gc] GC(386951) Pause Young (Normal) (G1 Evacuation Pause) 56M->47M(70M) 6.413ms
Dec 25 08:23:13 burnside uvmconsole: [3395508.651s][info][gc] GC(386952) Pause Young (Normal) (G1 Evacuation Pause) 56M->47M(70M) 6.760ms
Dec 25 08:23:45 burnside uvmconsole: [3395540.011s][info][gc] GC(386953) Pause Young (Normal) (G1 Evacuation Pause) 56M->47M(70M) 7.236ms
Dec 25 08:24:05 burnside uvmconsole: [3395560.261s][info][gc] GC(386954) Pause Young (Normal) (G1 Evacuation Pause) 56M->48M(70M) 8.034ms
Dec 25 08:24:38 burnside uvmconsole: [3395593.483s][info][gc] GC(386955) Pause Young (Normal) (G1 Evacuation Pause) 57M->47M(70M) 7.280ms
Dec 25 08:24:45 burnside uvmconsole: [3395599.825s][info][gc] GC(386956) Pause Young (Normal) (G1 Evacuation Pause) 56M->48M(70M) 11.352ms
Dec 25 08:24:53 burnside uvmconsole: [3395608.324s][info][gc] GC(386957) Pause Young (Normal) (G1 Evacuation Pause) 57M->48M(70M) 8.893ms
Dec 25 08:25:00 burnside uvmconsole: [3395615.141s][info][gc] GC(386958) Pause Young (Normal) (G1 Evacuation Pause) 56M->48M(70M) 8.549ms
Dec 25 08:25:15 burnside uvmconsole: [3395630.192s][info][gc] GC(386959) Pause Young (Normal) (G1 Evacuation Pause) 56M->48M(70M) 8.593ms
Dec 25 08:25:43 burnside uvmconsole: [3395658.317s][info][gc] GC(386960) Pause Young (Normal) (G1 Evacuation Pause) 56M->48M(70M) 8.663ms
Dec 25 08:26:07 burnside uvmconsole: [3395682.025s][info][gc] GC(386961) Pause Young (Normal) (G1 Evacuation Pause) 56M->48M(70M) 8.552ms
Dec 25 08:26:14 burnside uvmconsole: [3395689.512s][info][gc] GC(386962) Pause Young (Normal) (G1 Evacuation Pause) 56M->48M(70M) 8.822ms
Dec 25 08:26:41 burnside uvmconsole: [3395716.128s][info][gc] GC(386963) Pause Young (Normal) (G1 Evacuation Pause) 56M->47M(70M) 6.735ms
Dec 25 08:26:51 burnside uvmconsole: [3395725.986s][info][gc] GC(386964) Pause Full (System.gc()) 51M->47M(70M) 307.044ms
Dec 25 08:27:08 burnside uvmconsole: [3395742.772s][info][gc] GC(386965) Pause Young (Normal) (G1 Evacuation Pause) 58M->47M(70M) 6.102ms
Dec 25 08:27:31 burnside uvmconsole: [3395766.263s][info][gc] GC(386966) Pause Young (Normal) (G1 Evacuation Pause) 57M->47M(70M) 6.115ms
Dec 25 08:27:59 burnside uvmconsole: [3395794.185s][info][gc] GC(386967) Pause Young (Normal) (G1 Evacuation Pause) 57M->47M(70M) 6.074ms
Dec 25 08:28:31 burnside uvmconsole: [3395826.185s][info][gc] GC(386968) Pause Young (Normal) (G1 Evacuation Pause) 57M->47M(70M) 6.383ms
Dec 25 08:29:03 burnside uvmconsole: [3395858.655s][info][gc] GC(386969) Pause Young (Normal) (G1 Evacuation Pause) 57M->47M(70M) 6.247ms
Dec 25 08:29:41 burnside uvmconsole: [3395895.763s][info][gc] GC(386970) Pause Young (Normal) (G1 Evacuation Pause) 57M->47M(70M) 5.872ms
Dec 25 08:30:10 burnside uvmconsole: [3395924.897s][info][gc] GC(386971) Pause Young (Normal) (G1 Evacuation Pause) 57M->47M(70M) 6.048ms
Dec 25 08:30:41 burnside uvmconsole: [3395956.299s][info][gc] GC(386972) Pause Young (Normal) (G1 Evacuation Pause) 57M->47M(70M) 5.976ms
Dec 25 08:31:00 burnside uvmconsole: [3395975.541s][info][gc] GC(386973) Pause Young (Normal) (G1 Evacuation Pause) 57M->48M(70M) 7.039ms
Dec 25 08:31:34 burnside uvmconsole: [3396009.384s][info][gc] GC(386974) Pause Young (Normal) (G1 Evacuation Pause) 58M->47M(70M) 6.531ms
Dec 25 08:31:51 burnside uvmconsole: [3396025.993s][info][gc] GC(386975) Pause Full (System.gc()) 52M->47M(70M) 315.347ms
Dec 25 08:32:14 burnside uvmconsole: [3396049.290s][info][gc] GC(386976) Pause Young (Normal) (G1 Evacuation Pause) 58M->47M(70M) 6.266ms
Dec 25 08:32:57 burnside uvmconsole: [3396092.044s][info][gc] GC(386977) Pause Young (Normal) (G1 Evacuation Pause) 57M->47M(70M) 5.890ms
Dec 25 08:33:20 burnside uvmconsole: [3396115.209s][info][gc] GC(386978) Pause Young (Normal) (G1 Evacuation Pause) 57M->47M(70M) 6.562ms
Dec 25 08:33:54 burnside uvmconsole: [3396149.350s][info][gc] GC(386979) Pause Young (Normal) (G1 Evacuation Pause) 57M->47M(70M) 6.378ms
Dec 25 08:34:23 burnside uvmconsole: [3396178.652s][info][gc] GC(386980) Pause Young (Normal) (G1 Evacuation Pause) 57M->47M(70M) 6.654ms
Dec 25 08:34:55 burnside uvmconsole: [3396210.618s][info][gc] GC(386981) Pause Young (Normal) (G1 Evacuation Pause) 57M->47M(70M) 6.436ms
Dec 25 08:35:15 burnside uvmconsole: [3396230.184s][info][gc] GC(386982) Pause Young (Normal) (G1 Evacuation Pause) 57M->47M(70M) 6.303ms
Dec 25 08:35:54 burnside uvmconsole: [3396269.496s][info][gc] GC(386983) Pause Young (Normal) (G1 Evacuation Pause) 57M->47M(70M) 6.350ms
Dec 25 08:36:14 burnside uvmconsole: [3396289.402s][info][gc] GC(386984) Pause Young (Normal) (G1 Evacuation Pause) 57M->47M(70M) 6.493ms
Dec 25 08:36:51 burnside uvmconsole: [3396325.989s][info][gc] GC(386985) Pause Full (System.gc()) 57M->47M(70M) 310.142ms
Dec 25 08:37:13 burnside uvmconsole: [3396348.652s][info][gc] GC(386986) Pause Young (Normal) (G1 Evacuation Pause) 58M->47M(70M) 6.798ms
Dec 25 08:37:57 burnside uvmconsole: [3396392.629s][info][gc] GC(386987) Pause Young (Normal) (G1 Evacuation Pause) 57M->47M(70M) 5.991ms
Dec 25 08:38:35 burnside uvmconsole: [3396430.016s][info][gc] GC(386988) Pause Young (Normal) (G1 Evacuation Pause) 57M->47M(70M) 7.492ms
Dec 25 08:39:06 burnside uvmconsole: [3396460.884s][info][gc] GC(386989) Pause Young (Normal) (G1 Evacuation Pause) 57M->47M(70M) 6.115ms
Dec 25 08:39:36 burnside uvmconsole: [3396491.431s][info][gc] GC(386990) Pause Young (Normal) (G1 Evacuation Pause) 57M->47M(70M) 6.411ms
Dec 25 08:40:05 burnside uvmconsole: [3396520.384s][info][gc] GC(386991) Pause Young (Normal) (G1 Evacuation Pause) 57M->47M(70M) 6.950ms
Dec 25 08:40:33 burnside uvmconsole: [3396548.654s][info][gc] GC(386992) Pause Young (Normal) (G1 Evacuation Pause) 57M->47M(70M) 6.517ms
Dec 25 08:41:07 burnside uvmconsole: [3396582.239s][info][gc] GC(386993) Pause Young (Normal) (G1 Evacuation Pause) 57M->47M(70M) 6.578ms
Dec 25 08:41:39 burnside uvmconsole: [3396614.180s][info][gc] GC(386994) Pause Young (Normal) (G1 Evacuation Pause) 57M->47M(70M) 6.589ms
Dec 25 08:41:51 burnside uvmconsole: [3396625.994s][info][gc] GC(386995) Pause Full (System.gc()) 52M->47M(70M) 315.546ms
Dec 25 08:42:19 burnside uvmconsole: [3396654.346s][info][gc] GC(386996) Pause Young (Normal) (G1 Evacuation Pause) 58M->47M(70M) 6.167ms
Dec 25 08:42:59 burnside uvmconsole: [3396694.186s][info][gc] GC(386997) Pause Young (Normal) (G1 Evacuation Pause) 57M->47M(70M) 5.872ms
Dec 25 08:43:39 burnside uvmconsole: [3396734.007s][info][gc] GC(386998) Pause Young (Normal) (G1 Evacuation Pause) 57M->47M(70M) 6.019ms
Dec 25 08:44:10 burnside uvmconsole: [3396764.792s][info][gc] GC(386999) Pause Young (Normal) (G1 Evacuation Pause) 57M->47M(70M) 6.494ms
Dec 25 08:44:48 burnside uvmconsole: [3396803.391s][info][gc] GC(387000) Pause Young (Normal) (G1 Evacuation Pause) 57M->47M(70M) 5.824ms
Dec 25 08:45:13 burnside uvmconsole: [3396827.879s][info][gc] GC(387001) Pause Young (Normal) (G1 Evacuation Pause) 57M->47M(70M) 6.226ms
Dec 25 08:45:57 burnside uvmconsole: [3396872.390s][info][gc] GC(387002) Pause Young (Normal) (G1 Evacuation Pause) 57M->47M(70M) 6.005ms
Dec 25 08:46:28 burnside uvmconsole: [3396903.486s][info][gc] GC(387003) Pause Young (Normal) (G1 Evacuation Pause) 57M->47M(70M) 6.663ms
Dec 25 08:46:51 burnside uvmconsole: [3396925.987s][info][gc] GC(387004) Pause Full (System.gc()) 54M->47M(70M) 308.819ms
Dec 25 08:47:22 burnside uvmconsole: [3396956.879s][info][gc] GC(387005) Pause Young (Normal) (G1 Evacuation Pause) 58M->47M(70M) 5.817ms
Dec 25 08:47:59 burnside uvmconsole: [3396994.372s][info][gc] GC(387006) Pause Young (Normal) (G1 Evacuation Pause) 57M->47M(70M) 6.478ms
Dec 25 08:48:43 burnside uvmconsole: [3397038.509s][info][gc] GC(387007) Pause Young (Normal) (G1 Evacuation Pause) 58M->47M(70M) 6.511ms
Dec 25 08:49:12 burnside uvmconsole: [3397067.192s][info][gc] GC(387008) Pause Young (Normal) (G1 Evacuation Pause) 58M->47M(70M) 6.483ms
Dec 25 08:49:53 burnside uvmconsole: [3397108.639s][info][gc] GC(387009) Pause Young (Normal) (G1 Evacuation Pause) 57M->47M(70M) 6.972ms
Dec 25 08:50:18 burnside uvmconsole: [3397133.713s][info][gc] GC(387010) Pause Young (Normal) (G1 Evacuation Pause) 57M->47M(70M) 6.099ms
Dec 25 08:50:52 burnside uvmconsole: [3397166.776s][info][gc] GC(387011) Pause Young (Normal) (G1 Evacuation Pause) 57M->47M(70M) 6.444ms
Dec 25 08:51:17 burnside uvmconsole: [3397192.294s][info][gc] GC(387012) Pause Young (Normal) (G1 Evacuation Pause) 57M->47M(70M) 6.649ms
Dec 25 08:51:51 burnside uvmconsole: [3397225.997s][info][gc] GC(387013) Pause Full (System.gc()) 57M->47M(70M) 318.063ms
Dec 25 08:52:09 burnside uvmconsole: [3397244.394s][info][gc] GC(387014) Pause Young (Normal) (G1 Evacuation Pause) 58M->47M(70M) 6.214ms
Dec 25 08:52:51 burnside uvmconsole: UVM shutdown initiated...
Dec 25 08:52:51 burnside uvmconsole: [3397286.376s][info][gc] GC(387015) Pause Young (Normal) (G1 Evacuation Pause) 57M->47M(70M) 21.249ms
Dec 25 08:52:52 burnside uvmconsole: [3397287.570s][info][gc] GC(387016) Pause Young (Normal) (G1 Evacuation Pause) 57M->48M(70M) 8.981ms
Dec 25 08:52:56 burnside uvmconsole: [3397291.334s][info][gc] GC(387017) Pause Young (Normal) (G1 Evacuation Pause) 59M->47M(70M) 47.985ms
Dec 25 08:53:08 burnside uvmconsole: 12-25 08:53:08.622641| NETCAP: Netcap Cleaning up...
Dec 25 08:53:08 burnside uvmconsole: 12-25 08:53:08.781333| NETCAP: Cleaned.
Dec 25 08:53:09 burnside uvmconsole: UVM shutdown complete.
Jan  5 15:20:26 burnside uvmconsole: [0.192s][info][gc] Using G1
Jan  5 15:20:28 burnside uvmconsole: UVM starting... (java: 11.0.8)
Jan  5 15:20:30 burnside uvmconsole: [4.469s][info][gc] GC(0) Pause Young (Normal) (G1 Evacuation Pause) 15M->5M(34M) 46.361ms
Jan  5 15:20:32 burnside uvmconsole: [5.499s][info][gc] GC(1) Pause Young (Normal) (G1 Evacuation Pause) 11M->5M(34M) 38.429ms
Jan  5 15:20:32 burnside uvmconsole: 01-05 15:20:32.261026| ERROR:./libnetcap/src/netcap_init.c:150:WARNING: Unknown kernel: 4.19.0-11-untangle-amd64
Jan  5 15:20:32 burnside uvmconsole: 01-05 15:20:32.261201| ERROR:./libnetcap/src/netcap_init.c:151:WARNING: Assuming 4.19.0
Jan  5 15:20:32 burnside uvmconsole: 01-05 15:20:32.274463| NETCAP 2.4.0-0 Initialized (kernel: 4.19.0-11-untangle-amd64)
Jan  5 15:20:32 burnside uvmconsole: 01-05 15:20:32.422516| ConntrackD listening for conntrack updates...
Jan  5 15:20:33 burnside uvmconsole: [6.914s][info][gc] GC(2) Pause Young (Concurrent Start) (G1 Humongous Allocation) 17M->9M(34M) 11.303ms
Jan  5 15:20:33 burnside uvmconsole: [6.914s][info][gc] GC(3) Concurrent Cycle
Jan  5 15:20:33 burnside uvmconsole: [6.960s][info][gc] GC(3) Pause Remark 10M->10M(34M) 9.640ms
Jan  5 15:20:33 burnside uvmconsole: [6.975s][info][gc] GC(3) Pause Cleanup 10M->10M(34M) 0.476ms
Jan  5 15:20:33 burnside uvmconsole: [6.977s][info][gc] GC(3) Concurrent Cycle 63.376ms
Jan  5 15:20:34 burnside uvmconsole: [8.174s][info][gc] GC(4) Pause Young (Normal) (G1 Evacuation Pause) 20M->9M(34M) 19.796ms
Jan  5 15:20:35 burnside uvmconsole: WARNING: An illegal reflective access operation has occurred
Jan  5 15:20:35 burnside uvmconsole: WARNING: Illegal reflective access by org.xbill.DNS.ResolverConfig (file:/usr/share/java/uvm/dnsjava-2.1.6.jar) to method sun.net.dns.ResolverConfiguration.open()
Jan  5 15:20:35 burnside uvmconsole: WARNING: Please consider reporting this to the maintainers of org.xbill.DNS.ResolverConfig
Jan  5 15:20:35 burnside uvmconsole: WARNING: Use --illegal-access=warn to enable warnings of further illegal reflective access operations
Jan  5 15:20:35 burnside uvmconsole: WARNING: All illegal access operations will be denied in a future release
Jan  5 15:20:36 burnside uvmconsole: [9.741s][info][gc] GC(5) Pause Young (Concurrent Start) (G1 Evacuation Pause) 20M->10M(34M) 13.263ms
Jan  5 15:20:36 burnside uvmconsole: [9.743s][info][gc] GC(6) Concurrent Cycle
Jan  5 15:20:36 burnside uvmconsole: [9.779s][info][gc] GC(6) Pause Remark 10M->10M(34M) 6.928ms
Jan  5 15:20:36 burnside uvmconsole: [9.794s][info][gc] GC(6) Pause Cleanup 10M->10M(34M) 0.369ms
Jan  5 15:20:36 burnside uvmconsole: [9.796s][info][gc] GC(6) Concurrent Cycle 53.739ms
Jan  5 15:20:36 burnside uvmconsole: Jan 05, 2021 3:20:36 PM org.apache.coyote.AbstractProtocol destroy
Jan  5 15:20:36 burnside uvmconsole: INFO: Destroying ProtocolHandler ["http-nio-8080"]
Jan  5 15:20:37 burnside uvmconsole: [11.038s][info][gc] GC(7) Pause Young (Normal) (G1 Evacuation Pause) 21M->11M(34M) 15.963ms
Jan  5 15:20:38 burnside uvmconsole: [11.540s][info][gc] GC(8) Pause Young (Concurrent Start) (G1 Evacuation Pause) 22M->11M(34M) 21.790ms
Jan  5 15:20:38 burnside uvmconsole: [11.541s][info][gc] GC(9) Concurrent Cycle
Jan  5 15:20:38 burnside uvmconsole: [11.605s][info][gc] GC(9) Pause Remark 13M->13M(34M) 8.539ms
Jan  5 15:20:38 burnside uvmconsole: [11.625s][info][gc] GC(9) Pause Cleanup 13M->13M(34M) 0.396ms
Jan  5 15:20:38 burnside uvmconsole: [11.626s][info][gc] GC(9) Concurrent Cycle 85.346ms
Jan  5 15:20:39 burnside uvmconsole: [12.534s][info][gc] GC(10) Pause Young (Normal) (G1 Evacuation Pause) 22M->12M(41M) 22.047ms
Jan  5 15:20:40 burnside uvmconsole: [13.811s][info][gc] GC(11) Pause Young (Concurrent Start) (G1 Evacuation Pause) 25M->12M(41M) 14.989ms
Jan  5 15:20:40 burnside uvmconsole: [13.811s][info][gc] GC(12) Concurrent Cycle
Jan  5 15:20:40 burnside uvmconsole: [13.894s][info][gc] GC(12) Pause Remark 13M->13M(41M) 17.486ms
Jan  5 15:20:40 burnside uvmconsole: [13.921s][info][gc] GC(12) Pause Cleanup 13M->13M(41M) 0.378ms
Jan  5 15:20:40 burnside uvmconsole: [13.923s][info][gc] GC(12) Concurrent Cycle 112.491ms
Jan  5 15:20:41 burnside uvmconsole: [14.722s][info][gc] GC(13) Pause Young (Normal) (G1 Evacuation Pause) 25M->13M(41M) 23.055ms
Jan  5 15:20:41 burnside uvmconsole: UVM startup complete: "Today vegetables...tomorrow the world!"
Jan  5 15:20:42 burnside uvmconsole: [16.308s][info][gc] GC(14) Pause Young (Concurrent Start) (G1 Evacuation Pause) 27M->14M(41M) 30.471ms
Jan  5 15:20:42 burnside uvmconsole: [16.311s][info][gc] GC(15) Concurrent Cycle
Jan  5 15:20:42 burnside uvmconsole: [16.426s][info][gc] GC(15) Pause Remark 15M->15M(41M) 15.813ms
Jan  5 15:20:42 burnside uvmconsole: [16.471s][info][gc] GC(15) Pause Cleanup 15M->15M(41M) 0.452ms
Jan  5 15:20:42 burnside uvmconsole: [16.473s][info][gc] GC(15) Concurrent Cycle 162.308ms
Jan  5 15:20:43 burnside uvmconsole: [17.289s][info][gc] GC(16) Pause Young (Normal) (G1 Evacuation Pause) 28M->14M(41M) 24.126ms
Jan  5 15:20:44 burnside uvmconsole: [18.019s][info][gc] GC(17) Pause Young (Concurrent Start) (G1 Evacuation Pause) 28M->15M(50M) 25.270ms
Jan  5 15:20:44 burnside uvmconsole: [18.019s][info][gc] GC(18) Concurrent Cycle
Jan  5 15:20:44 burnside uvmconsole: [18.315s][info][gc] GC(18) Pause Remark 20M->20M(50M) 18.881ms
Jan  5 15:20:44 burnside uvmconsole: [18.394s][info][gc] GC(18) Pause Cleanup 21M->21M(50M) 0.601ms
Jan  5 15:20:44 burnside uvmconsole: [18.396s][info][gc] GC(18) Concurrent Cycle 376.297ms
Jan  5 15:20:45 burnside uvmconsole: [19.466s][info][gc] GC(19) Pause Young (Normal) (GCLocker Initiated GC) 33M->17M(50M) 36.903ms
Jan  5 15:20:46 burnside uvmconsole: [19.613s][info][gc] GC(20) Pause Young (Concurrent Start) (G1 Humongous Allocation) 21M->17M(50M) 37.020ms
Jan  5 15:20:46 burnside uvmconsole: [19.614s][info][gc] GC(21) Concurrent Cycle
Jan  5 15:20:46 burnside uvmconsole: [19.828s][info][gc] GC(21) Pause Remark 29M->29M(50M) 20.874ms
Jan  5 15:20:46 burnside uvmconsole: [19.920s][info][gc] GC(21) Pause Cleanup 41M->41M(50M) 0.474ms
Jan  5 15:20:46 burnside uvmconsole: [19.957s][info][gc] GC(21) Concurrent Cycle 343.877ms
Jan  5 15:20:46 burnside uvmconsole: [19.993s][info][gc] GC(22) Pause Young (Concurrent Start) (G1 Humongous Allocation) 42M->23M(50M) 23.315ms
Jan  5 15:20:46 burnside uvmconsole: [19.993s][info][gc] GC(23) Concurrent Cycle
Jan  5 15:20:46 burnside uvmconsole: [20.291s][info][gc] GC(23) Pause Remark 42M->42M(50M) 45.347ms
Jan  5 15:20:46 burnside uvmconsole: [20.430s][info][gc] GC(24) Pause Young (Normal) (G1 Evacuation Pause) 43M->27M(62M) 89.852ms
Jan  5 15:20:47 burnside uvmconsole: [20.554s][info][gc] GC(23) Pause Cleanup 30M->30M(62M) 0.652ms
Jan  5 15:20:47 burnside uvmconsole: [20.576s][info][gc] GC(23) Concurrent Cycle 582.430ms
Jan  5 15:20:47 burnside uvmconsole: [21.139s][info][gc] GC(25) Pause Young (Normal) (G1 Evacuation Pause) 41M->31M(62M) 70.061ms
Jan  5 15:20:48 burnside uvmconsole: [22.037s][info][gc] GC(26) Pause Young (Concurrent Start) (G1 Evacuation Pause) 43M->32M(62M) 55.653ms
Jan  5 15:20:48 burnside uvmconsole: [22.037s][info][gc] GC(27) Concurrent Cycle
Jan  5 15:20:49 burnside uvmconsole: [23.063s][info][gc] GC(27) Pause Remark 42M->42M(62M) 135.223ms
Jan  5 15:20:50 burnside uvmconsole: [23.495s][info][gc] GC(28) Pause Young (Normal) (G1 Evacuation Pause) 44M->35M(62M) 183.898ms
Jan  5 15:20:50 burnside uvmconsole: [24.074s][info][gc] GC(27) Pause Cleanup 38M->38M(62M) 0.630ms
Jan  5 15:20:50 burnside uvmconsole: [24.092s][info][gc] GC(27) Concurrent Cycle 2054.556ms
Jan  5 15:20:52 burnside uvmconsole: [25.591s][info][gc] GC(29) Pause Young (Normal) (G1 Evacuation Pause) 45M->37M(124M) 73.655ms
Jan  5 15:20:52 burnside uvmconsole: [26.414s][info][gc] GC(30) Pause Young (Normal) (G1 Evacuation Pause) 62M->38M(124M) 85.957ms
Jan  5 15:20:54 burnside uvmconsole: [27.770s][info][gc] GC(31) Pause Young (Concurrent Start) (G1 Humongous Allocation) 65M->38M(124M) 83.927ms
Jan  5 15:20:54 burnside uvmconsole: [27.781s][info][gc] GC(32) Concurrent Cycle
Jan  5 15:20:54 burnside uvmconsole: [28.368s][info][gc] GC(32) Pause Remark 47M->41M(124M) 21.075ms
Jan  5 15:20:55 burnside uvmconsole: [28.572s][info][gc] GC(32) Pause Cleanup 45M->45M(124M) 0.773ms
Jan  5 15:20:55 burnside uvmconsole: [28.582s][info][gc] GC(32) Concurrent Cycle 801.430ms
Jan  5 15:20:57 burnside uvmconsole: [30.647s][info][gc] GC(33) Pause Young (Normal) (G1 Evacuation Pause) 83M->32M(124M) 45.187ms
Jan  5 15:20:57 burnside uvmconsole: [30.926s][info][gc] GC(34) Pause Young (Normal) (G1 Evacuation Pause) 38M->32M(227M) 26.051ms
Jan  5 15:20:57 burnside uvmconsole: [31.351s][info][gc] GC(35) Pause Young (Normal) (G1 Evacuation Pause) 49M->32M(227M) 33.051ms
Jan  5 15:21:02 burnside uvmconsole: [36.116s][info][gc] GC(36) Pause Young (Normal) (G1 Evacuation Pause) 45M->33M(227M) 13.881ms
Jan  5 15:21:05 burnside uvmconsole: [38.962s][info][gc] GC(37) Pause Young (Normal) (G1 Evacuation Pause) 47M->33M(227M) 17.461ms
Jan  5 15:21:17 burnside uvmconsole: [51.361s][info][gc] GC(38) Pause Young (Normal) (G1 Evacuation Pause) 50M->33M(227M) 12.665ms
Jan  5 15:21:39 burnside uvmconsole: Jan 05, 2021 3:21:39 PM org.apache.coyote.AbstractProtocol init
Jan  5 15:21:39 burnside uvmconsole: INFO: Initializing ProtocolHandler ["ajp-nio-127.0.0.1-8009"]
Jan  5 15:21:39 burnside uvmconsole: Jan 05, 2021 3:21:39 PM org.apache.tomcat.util.net.NioSelectorPool getSharedSelector
Jan  5 15:21:39 burnside uvmconsole: INFO: Using a shared selector for servlet write/read
Jan  5 15:21:39 burnside uvmconsole: [73.217s][info][gc] GC(39) Pause Young (Normal) (G1 Evacuation Pause) 56M->34M(227M) 19.802ms
Jan  5 15:21:39 burnside uvmconsole: Jan 05, 2021 3:21:39 PM org.apache.catalina.core.StandardService startInternal
Jan  5 15:21:39 burnside uvmconsole: INFO: Starting service [Tomcat]
Jan  5 15:21:39 burnside uvmconsole: Jan 05, 2021 3:21:39 PM org.apache.catalina.core.StandardEngine startInternal
Jan  5 15:21:39 burnside uvmconsole: INFO: Starting Servlet Engine: Apache Tomcat/8.5.53
Jan  5 15:21:40 burnside uvmconsole: Jan 05, 2021 3:21:40 PM org.apache.catalina.startup.ContextConfig getDefaultWebXmlFragment
Jan  5 15:21:40 burnside uvmconsole: INFO: No global web.xml found
Jan  5 15:21:41 burnside uvmconsole: [74.926s][info][gc] GC(40) Pause Young (Normal) (GCLocker Initiated GC) 63M->37M(227M) 35.607ms
Jan  5 15:21:43 burnside uvmconsole: [76.679s][info][gc] GC(41) Pause Young (Normal) (G1 Evacuation Pause) 69M->37M(227M) 31.587ms
Jan  5 15:21:44 burnside uvmconsole: Jan 05, 2021 3:21:44 PM org.apache.jasper.servlet.TldScanner scanJars
Jan  5 15:21:44 burnside uvmconsole: INFO: At least one JAR was scanned for TLDs yet contained no TLDs. Enable debug logging for this logger for a complete list of JARs that were scanned but no TLDs were found in them. Skipping unneeded JARs during scanning can improve startup time and JSP compilation time.
Jan  5 15:21:44 burnside uvmconsole: Jan 05, 2021 3:21:44 PM org.apache.jasper.servlet.TldScanner scanJars
Jan  5 15:21:44 burnside uvmconsole: INFO: At least one JAR was scanned for TLDs yet contained no TLDs. Enable debug logging for this logger for a complete list of JARs that were scanned but no TLDs were found in them. Skipping unneeded JARs during scanning can improve startup time and JSP compilation time.
Jan  5 15:21:44 burnside uvmconsole: Jan 05, 2021 3:21:44 PM org.apache.jasper.servlet.TldScanner scanJars
Jan  5 15:21:44 burnside uvmconsole: INFO: At least one JAR was scanned for TLDs yet contained no TLDs. Enable debug logging for this logger for a complete list of JARs that were scanned but no TLDs were found in them. Skipping unneeded JARs during scanning can improve startup time and JSP compilation time.
Jan  5 15:21:44 burnside uvmconsole: [78.348s][info][gc] GC(42) Pause Young (Normal) (G1 Evacuation Pause) 76M->37M(227M) 16.911ms
Jan  5 15:21:46 burnside uvmconsole: Jan 05, 2021 3:21:46 PM org.apache.jasper.servlet.TldScanner scanJars
Jan  5 15:21:46 burnside uvmconsole: INFO: At least one JAR was scanned for TLDs yet contained no TLDs. Enable debug logging for this logger for a complete list of JARs that were scanned but no TLDs were found in them. Skipping unneeded JARs during scanning can improve startup time and JSP compilation time.
Jan  5 15:21:46 burnside uvmconsole: [80.027s][info][gc] GC(43) Pause Young (Normal) (GCLocker Initiated GC) 86M->38M(227M) 29.453ms
Jan  5 15:21:47 burnside uvmconsole: Jan 05, 2021 3:21:47 PM org.apache.jasper.servlet.TldScanner scanJars
Jan  5 15:21:47 burnside uvmconsole: INFO: At least one JAR was scanned for TLDs yet contained no TLDs. Enable debug logging for this logger for a complete list of JARs that were scanned but no TLDs were found in them. Skipping unneeded JARs during scanning can improve startup time and JSP compilation time.
Jan  5 15:21:48 burnside uvmconsole: Jan 05, 2021 3:21:48 PM org.apache.jasper.servlet.TldScanner scanJars
Jan  5 15:21:48 burnside uvmconsole: INFO: At least one JAR was scanned for TLDs yet contained no TLDs. Enable debug logging for this logger for a complete list of JARs that were scanned but no TLDs were found in them. Skipping unneeded JARs during scanning can improve startup time and JSP compilation time.
Jan  5 15:21:49 burnside uvmconsole: Jan 05, 2021 3:21:49 PM org.apache.jasper.servlet.TldScanner scanJars
Jan  5 15:21:49 burnside uvmconsole: INFO: At least one JAR was scanned for TLDs yet contained no TLDs. Enable debug logging for this logger for a complete list of JARs that were scanned but no TLDs were found in them. Skipping unneeded JARs during scanning can improve startup time and JSP compilation time.
Jan  5 15:21:49 burnside uvmconsole: Jan 05, 2021 3:21:49 PM org.apache.jasper.servlet.TldScanner scanJars
Jan  5 15:21:49 burnside uvmconsole: INFO: At least one JAR was scanned for TLDs yet contained no TLDs. Enable debug logging for this logger for a complete list of JARs that were scanned but no TLDs were found in them. Skipping unneeded JARs during scanning can improve startup time and JSP compilation time.
Jan  5 15:21:49 burnside uvmconsole: Jan 05, 2021 3:21:49 PM org.apache.jasper.servlet.TldScanner scanJars
Jan  5 15:21:49 burnside uvmconsole: INFO: At least one JAR was scanned for TLDs yet contained no TLDs. Enable debug logging for this logger for a complete list of JARs that were scanned but no TLDs were found in them. Skipping unneeded JARs during scanning can improve startup time and JSP compilation time.
Jan  5 15:21:49 burnside uvmconsole: Jan 05, 2021 3:21:49 PM org.apache.coyote.AbstractProtocol start
Jan  5 15:21:49 burnside uvmconsole: INFO: Starting ProtocolHandler ["ajp-nio-127.0.0.1-8009"]
Jan  5 15:21:50 burnside uvmconsole: [84.210s][info][gc] GC(44) Pause Full (System.gc()) 122M->26M(42M) 314.123ms
Jan  5 15:21:51 burnside uvmconsole: [85.043s][info][gc] GC(45) Pause Young (Concurrent Start) (G1 Evacuation Pause) 32M->26M(42M) 9.371ms
Jan  5 15:21:51 burnside uvmconsole: [85.044s][info][gc] GC(46) Concurrent Cycle
Jan  5 15:21:51 burnside uvmconsole: [85.406s][info][gc] GC(47) Pause Young (Normal) (G1 Evacuation Pause) 32M->26M(42M) 15.675ms
Jan  5 15:21:52 burnside uvmconsole: [85.549s][info][gc] GC(46) Pause Remark 27M->27M(42M) 28.999ms
Jan  5 15:21:52 burnside uvmconsole: UVM postInit complete
Jan  5 15:21:52 burnside uvmconsole: [85.823s][info][gc] GC(46) Pause Cleanup 30M->30M(42M) 0.672ms
Jan  5 15:21:52 burnside uvmconsole: [85.827s][info][gc] GC(46) Concurrent Cycle 783.122ms
Jan  5 15:21:52 burnside uvmconsole: [86.368s][info][gc] GC(48) Pause Young (Normal) (G1 Evacuation Pause) 32M->27M(42M) 25.033ms
Jan  5 15:21:53 burnside uvmconsole: [86.757s][info][gc] GC(49) Pause Young (Concurrent Start) (G1 Evacuation Pause) 32M->27M(42M) 30.597ms
Jan  5 15:21:53 burnside uvmconsole: [86.760s][info][gc] GC(50) Concurrent Cycle
Jan  5 15:21:53 burnside uvmconsole: [87.114s][info][gc] GC(51) Pause Young (Normal) (G1 Evacuation Pause) 31M->27M(42M) 18.601ms
Jan  5 15:21:53 burnside uvmconsole: [87.213s][info][gc] GC(50) Pause Remark 28M->28M(42M) 50.231ms
Jan  5 15:21:53 burnside uvmconsole: [87.373s][info][gc] GC(50) Pause Cleanup 28M->28M(42M) 0.586ms
Jan  5 15:21:53 burnside uvmconsole: [87.375s][info][gc] GC(50) Concurrent Cycle 615.322ms
Jan  5 15:21:54 burnside uvmconsole: [87.526s][info][gc] GC(52) Pause Young (Normal) (G1 Evacuation Pause) 31M->27M(42M) 11.157ms
Jan  5 15:21:54 burnside uvmconsole: [88.318s][info][gc] GC(53) Pause Young (Concurrent Start) (G1 Evacuation Pause) 31M->27M(42M) 9.333ms
Jan  5 15:21:54 burnside uvmconsole: [88.318s][info][gc] GC(54) Concurrent Cycle
Jan  5 15:21:55 burnside uvmconsole: [88.534s][info][gc] GC(54) Pause Remark 27M->27M(42M) 30.176ms
Jan  5 15:21:55 burnside uvmconsole: [88.653s][info][gc] GC(54) Pause Cleanup 28M->28M(42M) 0.387ms
Jan  5 15:21:55 burnside uvmconsole: [88.655s][info][gc] GC(54) Concurrent Cycle 336.796ms
Jan  5 15:21:58 burnside uvmconsole: [91.520s][info][gc] GC(55) Pause Young (Normal) (G1 Evacuation Pause) 31M->27M(42M) 11.401ms
Jan  5 15:21:59 burnside uvmconsole: [92.599s][info][gc] GC(56) Pause Young (Concurrent Start) (G1 Evacuation Pause) 31M->28M(42M) 9.728ms
Jan  5 15:21:59 burnside uvmconsole: [92.599s][info][gc] GC(57) Concurrent Cycle
Jan  5 15:21:59 burnside uvmconsole: [92.895s][info][gc] GC(57) Pause Remark 30M->30M(42M) 31.708ms
Jan  5 15:21:59 burnside uvmconsole: [93.059s][info][gc] GC(57) Pause Cleanup 30M->30M(42M) 0.874ms
Jan  5 15:21:59 burnside uvmconsole: [93.061s][info][gc] GC(57) Concurrent Cycle 462.096ms
Jan  5 15:21:59 burnside uvmconsole: [93.213s][info][gc] GC(58) Pause Young (Normal) (G1 Evacuation Pause) 31M->28M(42M) 23.562ms
Jan  5 15:22:00 burnside uvmconsole: [93.674s][info][gc] GC(59) Pause Young (Concurrent Start) (G1 Evacuation Pause) 31M->28M(42M) 11.826ms
Jan  5 15:22:00 burnside uvmconsole: [93.677s][info][gc] GC(60) Concurrent Cycle
Jan  5 15:22:00 burnside uvmconsole: [93.894s][info][gc] GC(61) Pause Young (Normal) (G1 Evacuation Pause) 31M->28M(42M) 11.375ms
Jan  5 15:22:00 burnside uvmconsole: [94.011s][info][gc] GC(60) Pause Remark 28M->28M(42M) 32.964ms
Jan  5 15:22:00 burnside uvmconsole: [94.156s][info][gc] GC(60) Pause Cleanup 30M->30M(42M) 0.557ms
Jan  5 15:22:00 burnside uvmconsole: [94.158s][info][gc] GC(60) Concurrent Cycle 481.100ms
Jan  5 15:22:01 burnside uvmconsole: [94.589s][info][gc] GC(62) Pause Young (Normal) (G1 Evacuation Pause) 31M->28M(51M) 16.654ms
Jan  5 15:22:02 burnside uvmconsole: [95.590s][info][gc] GC(63) Pause Young (Concurrent Start) (G1 Evacuation Pause) 35M->29M(51M) 23.939ms
Jan  5 15:22:02 burnside uvmconsole: [95.591s][info][gc] GC(64) Concurrent Cycle
Jan  5 15:22:02 burnside uvmconsole: [96.082s][info][gc] GC(64) Pause Remark 32M->32M(51M) 63.944ms
Jan  5 15:22:02 burnside uvmconsole: [96.322s][info][gc] GC(65) Pause Young (Normal) (G1 Evacuation Pause) 36M->29M(51M) 20.954ms
Jan  5 15:22:02 burnside uvmconsole: [96.437s][info][gc] GC(64) Pause Cleanup 30M->30M(51M) 0.568ms
Jan  5 15:22:02 burnside uvmconsole: [96.446s][info][gc] GC(64) Concurrent Cycle 854.993ms
Jan  5 15:22:03 burnside uvmconsole: [96.897s][info][gc] GC(66) Pause Young (Normal) (G1 Evacuation Pause) 36M->30M(51M) 18.476ms
Jan  5 15:22:04 burnside uvmconsole: [97.712s][info][gc] GC(67) Pause Young (Concurrent Start) (G1 Evacuation Pause) 36M->31M(62M) 19.249ms
Jan  5 15:22:04 burnside uvmconsole: [97.712s][info][gc] GC(68) Concurrent Cycle
Jan  5 15:22:04 burnside uvmconsole: [98.097s][info][gc] GC(68) Pause Remark 33M->33M(62M) 26.549ms
Jan  5 15:22:04 burnside uvmconsole: [98.284s][info][gc] GC(68) Pause Cleanup 34M->34M(62M) 0.555ms
Jan  5 15:22:04 burnside uvmconsole: [98.298s][info][gc] GC(68) Concurrent Cycle 586.052ms
Jan  5 15:22:08 burnside uvmconsole: [102.316s][info][gc] GC(69) Pause Young (Normal) (G1 Evacuation Pause) 41M->32M(62M) 9.968ms
Jan  5 15:22:10 burnside uvmconsole: [104.460s][info][gc] GC(70) Pause Young (Concurrent Start) (G1 Evacuation Pause) 42M->33M(62M) 27.246ms
Jan  5 15:22:10 burnside uvmconsole: [104.463s][info][gc] GC(71) Concurrent Cycle
Jan  5 15:22:11 burnside uvmconsole: [104.854s][info][gc] GC(71) Pause Remark 34M->34M(62M) 42.102ms
Jan  5 15:22:11 burnside uvmconsole: [105.041s][info][gc] GC(71) Pause Cleanup 34M->34M(62M) 0.714ms
Jan  5 15:22:11 burnside uvmconsole: [105.044s][info][gc] GC(71) Concurrent Cycle 580.446ms
Jan  5 15:22:18 burnside uvmconsole: [112.026s][info][gc] GC(72) Pause Young (Normal) (G1 Evacuation Pause) 43M->32M(62M) 12.449ms
Jan  5 15:22:22 burnside uvmconsole: [116.066s][info][gc] GC(73) Pause Young (Concurrent Start) (G1 Evacuation Pause) 43M->33M(62M) 19.957ms
Jan  5 15:22:22 burnside uvmconsole: [116.069s][info][gc] GC(74) Concurrent Cycle
Jan  5 15:22:22 burnside uvmconsole: [116.433s][info][gc] GC(74) Pause Remark 34M->34M(62M) 27.283ms
Jan  5 15:22:23 burnside uvmconsole: [116.611s][info][gc] GC(74) Pause Cleanup 34M->34M(62M) 0.489ms
Jan  5 15:22:23 burnside uvmconsole: [116.612s][info][gc] GC(74) Concurrent Cycle 543.459ms
Jan  5 15:22:32 burnside uvmconsole: [126.356s][info][gc] GC(75) Pause Young (Normal) (G1 Evacuation Pause) 44M->33M(62M) 9.936ms
Jan  5 15:22:40 burnside uvmconsole: [133.913s][info][gc] GC(76) Pause Young (Concurrent Start) (G1 Evacuation Pause) 45M->33M(62M) 10.544ms
Jan  5 15:22:40 burnside uvmconsole: [133.913s][info][gc] GC(77) Concurrent Cycle
Jan  5 15:22:40 burnside uvmconsole: [134.161s][info][gc] GC(77) Pause Remark 33M->33M(62M) 25.223ms
Jan  5 15:22:40 burnside uvmconsole: [134.287s][info][gc] GC(77) Pause Cleanup 34M->34M(62M) 0.413ms
Jan  5 15:22:40 burnside uvmconsole: [134.289s][info][gc] GC(77) Concurrent Cycle 375.994ms
Jan  5 15:22:47 burnside uvmconsole: [140.587s][info][gc] GC(78) Pause Young (Normal) (G1 Evacuation Pause) 46M->33M(62M) 9.185ms
Jan  5 15:22:55 burnside uvmconsole: [149.072s][info][gc] GC(79) Pause Young (Concurrent Start) (G1 Evacuation Pause) 45M->33M(62M) 10.504ms
Jan  5 15:22:55 burnside uvmconsole: [149.073s][info][gc] GC(80) Concurrent Cycle
Jan  5 15:22:55 burnside uvmconsole: [149.318s][info][gc] GC(80) Pause Remark 33M->33M(62M) 25.739ms
Jan  5 15:22:55 burnside uvmconsole: [149.437s][info][gc] GC(80) Pause Cleanup 33M->33M(62M) 0.399ms
Jan  5 15:22:55 burnside uvmconsole: [149.439s][info][gc] GC(80) Concurrent Cycle 365.553ms
Jan  5 15:23:04 burnside uvmconsole: [157.997s][info][gc] GC(81) Pause Young (Normal) (G1 Evacuation Pause) 46M->34M(62M) 12.194ms
Jan  5 15:23:16 burnside uvmconsole: [170.169s][info][gc] GC(82) Pause Young (Concurrent Start) (G1 Evacuation Pause) 46M->34M(62M) 12.108ms
Jan  5 15:23:16 burnside uvmconsole: [170.169s][info][gc] GC(83) Concurrent Cycle
Jan  5 15:23:16 burnside uvmconsole: [170.408s][info][gc] GC(83) Pause Remark 34M->34M(62M) 25.876ms
Jan  5 15:23:17 burnside uvmconsole: [170.533s][info][gc] GC(83) Pause Cleanup 34M->34M(62M) 0.531ms
Jan  5 15:23:17 burnside uvmconsole: [170.535s][info][gc] GC(83) Concurrent Cycle 365.249ms
Jan  5 15:23:32 burnside uvmconsole: [185.907s][info][gc] GC(84) Pause Young (Normal) (G1 Evacuation Pause) 47M->34M(62M) 9.830ms
Jan  5 15:23:45 burnside uvmconsole: [199.434s][info][gc] GC(85) Pause Young (Concurrent Start) (G1 Evacuation Pause) 47M->34M(62M) 11.649ms
Jan  5 15:23:45 burnside uvmconsole: [199.434s][info][gc] GC(86) Concurrent Cycle
Jan  5 15:23:46 burnside uvmconsole: [199.792s][info][gc] GC(86) Pause Remark 36M->36M(62M) 37.941ms
Jan  5 15:23:46 burnside uvmconsole: [199.936s][info][gc] GC(86) Pause Cleanup 36M->36M(62M) 0.441ms
Jan  5 15:23:46 burnside uvmconsole: [199.937s][info][gc] GC(86) Concurrent Cycle 503.197ms
Jan  5 15:23:59 burnside uvmconsole: [213.333s][info][gc] GC(87) Pause Young (Normal) (G1 Evacuation Pause) 47M->34M(62M) 11.093ms
Jan  5 15:24:09 burnside uvmconsole: UVM shutdown initiated...
Jan  5 15:24:09 burnside uvmconsole: [223.431s][info][gc] GC(88) Pause Young (Concurrent Start) (G1 Evacuation Pause) 47M->34M(62M) 12.963ms
Jan  5 15:24:09 burnside uvmconsole: [223.432s][info][gc] GC(89) Concurrent Cycle
Jan  5 15:24:10 burnside uvmconsole: [223.780s][info][gc] GC(89) Pause Remark 39M->39M(62M) 36.111ms
Jan  5 15:24:10 burnside uvmconsole: [223.957s][info][gc] GC(89) Pause Cleanup 46M->46M(62M) 0.713ms
Jan  5 15:24:10 burnside uvmconsole: [223.959s][info][gc] GC(89) Concurrent Cycle 526.474ms
Jan  5 15:24:11 burnside uvmconsole: [224.889s][info][gc] GC(90) Pause Young (Prepare Mixed) (G1 Evacuation Pause) 49M->34M(62M) 22.156ms
Jan  5 15:24:11 burnside uvmconsole: [225.015s][info][gc] GC(91) Pause Young (Mixed) (G1 Evacuation Pause) 35M->34M(62M) 24.219ms
Jan  5 15:24:19 burnside uvmconsole: 01-05 15:24:19.356548| NETCAP: Netcap Cleaning up...
Jan  5 15:24:19 burnside uvmconsole: 01-05 15:24:19.466272| NETCAP: Cleaned.
Jan  5 15:24:19 burnside uvmconsole: UVM shutdown complete.
Jan  5 15:24:21 burnside uvmconsole: [0.047s][info][gc] Using G1
Jan  5 15:24:22 burnside uvmconsole: UVM starting... (java: 11.0.8)
Jan  5 15:24:24 burnside uvmconsole: [3.202s][info][gc] GC(0) Pause Young (Normal) (G1 Evacuation Pause) 15M->5M(34M) 47.392ms
Jan  5 15:24:25 burnside uvmconsole: [4.049s][info][gc] GC(1) Pause Young (Normal) (G1 Evacuation Pause) 11M->5M(34M) 37.820ms
Jan  5 15:24:25 burnside uvmconsole: 01-05 15:24:25.569699| ERROR:./libnetcap/src/netcap_init.c:150:WARNING: Unknown kernel: 4.19.0-11-untangle-amd64
Jan  5 15:24:25 burnside uvmconsole: 01-05 15:24:25.569808| ERROR:./libnetcap/src/netcap_init.c:151:WARNING: Assuming 4.19.0
Jan  5 15:24:25 burnside uvmconsole: 01-05 15:24:25.584160| NETCAP 2.4.0-0 Initialized (kernel: 4.19.0-11-untangle-amd64)
Jan  5 15:24:25 burnside uvmconsole: 01-05 15:24:25.623473| ConntrackD listening for conntrack updates...
Jan  5 15:24:26 burnside uvmconsole: [5.021s][info][gc] GC(2) Pause Young (Concurrent Start) (G1 Humongous Allocation) 17M->9M(34M) 12.675ms
Jan  5 15:24:26 burnside uvmconsole: [5.022s][info][gc] GC(3) Concurrent Cycle
Jan  5 15:24:26 burnside uvmconsole: [5.068s][info][gc] GC(3) Pause Remark 10M->10M(34M) 9.193ms
Jan  5 15:24:26 burnside uvmconsole: [5.086s][info][gc] GC(3) Pause Cleanup 10M->10M(34M) 0.552ms
Jan  5 15:24:26 burnside uvmconsole: [5.089s][info][gc] GC(3) Concurrent Cycle 66.936ms
Jan  5 15:24:27 burnside uvmconsole: [6.220s][info][gc] GC(4) Pause Young (Normal) (G1 Evacuation Pause) 20M->9M(34M) 10.069ms
Jan  5 15:24:28 burnside uvmconsole: WARNING: An illegal reflective access operation has occurred
Jan  5 15:24:28 burnside uvmconsole: WARNING: Illegal reflective access by org.xbill.DNS.ResolverConfig (file:/usr/share/java/uvm/dnsjava-2.1.6.jar) to method sun.net.dns.ResolverConfiguration.open()
Jan  5 15:24:28 burnside uvmconsole: WARNING: Please consider reporting this to the maintainers of org.xbill.DNS.ResolverConfig
Jan  5 15:24:28 burnside uvmconsole: WARNING: Use --illegal-access=warn to enable warnings of further illegal reflective access operations
Jan  5 15:24:28 burnside uvmconsole: WARNING: All illegal access operations will be denied in a future release
Jan  5 15:24:28 burnside uvmconsole: [7.515s][info][gc] GC(5) Pause Young (Concurrent Start) (G1 Evacuation Pause) 20M->9M(34M) 16.027ms
Jan  5 15:24:28 burnside uvmconsole: [7.515s][info][gc] GC(6) Concurrent Cycle
Jan  5 15:24:28 burnside uvmconsole: [7.561s][info][gc] GC(6) Pause Remark 10M->10M(34M) 7.352ms
Jan  5 15:24:28 burnside uvmconsole: [7.580s][info][gc] GC(6) Pause Cleanup 10M->10M(34M) 0.512ms
Jan  5 15:24:28 burnside uvmconsole: [7.582s][info][gc] GC(6) Concurrent Cycle 66.628ms
Jan  5 15:24:29 burnside uvmconsole: Jan 05, 2021 3:24:29 PM org.apache.coyote.AbstractProtocol destroy
Jan  5 15:24:29 burnside uvmconsole: INFO: Destroying ProtocolHandler ["http-nio-8080"]
Jan  5 15:24:30 burnside uvmconsole: [8.690s][info][gc] GC(7) Pause Young (Normal) (G1 Evacuation Pause) 20M->10M(34M) 21.163ms
Jan  5 15:24:30 burnside uvmconsole: [9.293s][info][gc] GC(8) Pause Young (Concurrent Start) (G1 Evacuation Pause) 21M->11M(41M) 18.586ms
Jan  5 15:24:30 burnside uvmconsole: [9.293s][info][gc] GC(9) Concurrent Cycle
Jan  5 15:24:30 burnside uvmconsole: [9.373s][info][gc] GC(9) Pause Remark 12M->12M(41M) 10.401ms
Jan  5 15:24:30 burnside uvmconsole: [9.393s][info][gc] GC(9) Pause Cleanup 13M->13M(41M) 0.384ms
Jan  5 15:24:30 burnside uvmconsole: [9.395s][info][gc] GC(9) Concurrent Cycle 101.642ms
Jan  5 15:24:31 burnside uvmconsole: [10.295s][info][gc] GC(10) Pause Young (Normal) (G1 Evacuation Pause) 24M->12M(41M) 13.694ms
Jan  5 15:24:32 burnside uvmconsole: [11.317s][info][gc] GC(11) Pause Young (Concurrent Start) (G1 Evacuation Pause) 25M->12M(41M) 17.592ms
Jan  5 15:24:32 burnside uvmconsole: [11.318s][info][gc] GC(12) Concurrent Cycle
Jan  5 15:24:32 burnside uvmconsole: [11.410s][info][gc] GC(12) Pause Remark 13M->13M(41M) 12.988ms
Jan  5 15:24:32 burnside uvmconsole: [11.445s][info][gc] GC(12) Pause Cleanup 14M->14M(41M) 0.468ms
Jan  5 15:24:32 burnside uvmconsole: [11.447s][info][gc] GC(12) Concurrent Cycle 129.397ms
Jan  5 15:24:33 burnside uvmconsole: [12.072s][info][gc] GC(13) Pause Young (Normal) (G1 Evacuation Pause) 26M->13M(41M) 22.888ms
Jan  5 15:24:33 burnside uvmconsole: UVM startup complete: "Today vegetables...tomorrow the world!"
Jan  5 15:24:34 burnside uvmconsole: [13.540s][info][gc] GC(14) Pause Young (Concurrent Start) (G1 Evacuation Pause) 27M->14M(50M) 33.637ms
Jan  5 15:24:34 burnside uvmconsole: [13.541s][info][gc] GC(15) Concurrent Cycle
Jan  5 15:24:35 burnside uvmconsole: [13.715s][info][gc] GC(15) Pause Remark 15M->15M(50M) 22.635ms
Jan  5 15:24:35 burnside uvmconsole: [13.779s][info][gc] GC(15) Pause Cleanup 15M->15M(50M) 0.685ms
Jan  5 15:24:35 burnside uvmconsole: [13.792s][info][gc] GC(15) Concurrent Cycle 251.711ms
Jan  5 15:24:35 burnside uvmconsole: [14.526s][info][gc] GC(16) Pause Young (Normal) (G1 Evacuation Pause) 34M->14M(50M) 23.928ms
Jan  5 15:24:36 burnside uvmconsole: [15.322s][info][gc] GC(17) Pause Young (Concurrent Start) (G1 Humongous Allocation) 35M->18M(50M) 41.985ms
Jan  5 15:24:36 burnside uvmconsole: [15.322s][info][gc] GC(18) Concurrent Cycle
Jan  5 15:24:36 burnside uvmconsole: [15.515s][info][gc] GC(18) Pause Remark 25M->25M(50M) 65.416ms
Jan  5 15:24:37 burnside uvmconsole: [15.707s][info][gc] GC(18) Pause Cleanup 29M->29M(50M) 4.553ms
Jan  5 15:24:37 burnside uvmconsole: [15.710s][info][gc] GC(18) Concurrent Cycle 388.143ms
Jan  5 15:24:37 burnside uvmconsole: [15.843s][info][gc] GC(19) Pause Young (Concurrent Start) (G1 Humongous Allocation) 31M->22M(50M) 72.201ms
Jan  5 15:24:37 burnside uvmconsole: [15.845s][info][gc] GC(20) Concurrent Cycle
Jan  5 15:24:37 burnside uvmconsole: [16.059s][info][gc] GC(20) Pause Remark 38M->38M(50M) 22.115ms
Jan  5 15:24:37 burnside uvmconsole: [16.242s][info][gc] GC(21) Pause Young (Normal) (G1 Evacuation Pause) 43M->28M(74M) 63.623ms
Jan  5 15:24:37 burnside uvmconsole: [16.269s][info][gc] GC(20) Pause Cleanup 29M->29M(74M) 0.601ms
Jan  5 15:24:37 burnside uvmconsole: [16.277s][info][gc] GC(20) Concurrent Cycle 432.399ms
Jan  5 15:24:38 burnside uvmconsole: [17.015s][info][gc] GC(22) Pause Young (Concurrent Start) (G1 Humongous Allocation) 45M->31M(74M) 41.668ms
Jan  5 15:24:38 burnside uvmconsole: [17.015s][info][gc] GC(23) Concurrent Cycle
Jan  5 15:24:38 burnside uvmconsole: [17.602s][info][gc] GC(23) Pause Remark 56M->56M(74M) 24.873ms
Jan  5 15:24:39 burnside uvmconsole: [17.690s][info][gc] GC(24) Pause Young (Normal) (G1 Evacuation Pause) 57M->36M(74M) 38.816ms
Jan  5 15:24:39 burnside uvmconsole: [17.857s][info][gc] GC(23) Pause Cleanup 40M->40M(74M) 1.092ms
Jan  5 15:24:39 burnside uvmconsole: [17.861s][info][gc] GC(23) Concurrent Cycle 845.390ms
Jan  5 15:24:40 burnside uvmconsole: [18.669s][info][gc] GC(25) Pause Young (Normal) (G1 Evacuation Pause) 52M->37M(74M) 60.240ms
Jan  5 15:24:42 burnside uvmconsole: [20.676s][info][gc] GC(26) Pause Young (Concurrent Start) (G1 Evacuation Pause) 53M->40M(121M) 49.815ms
Jan  5 15:24:42 burnside uvmconsole: [20.679s][info][gc] GC(27) Concurrent Cycle
Jan  5 15:24:42 burnside uvmconsole: [21.132s][info][gc] GC(28) Pause Young (Normal) (G1 Evacuation Pause) 44M->41M(121M) 65.139ms
Jan  5 15:24:42 burnside uvmconsole: [21.333s][info][gc] GC(29) Pause Young (Normal) (G1 Evacuation Pause) 46M->41M(121M) 19.157ms
Jan  5 15:24:42 burnside uvmconsole: [21.488s][info][gc] GC(30) Pause Young (Normal) (G1 Evacuation Pause) 46M->42M(121M) 10.638ms
Jan  5 15:24:43 burnside uvmconsole: [21.689s][info][gc] GC(31) Pause Young (Normal) (G1 Evacuation Pause) 50M->42M(168M) 30.667ms
Jan  5 15:24:43 burnside uvmconsole: [22.087s][info][gc] GC(27) Pause Remark 53M->52M(168M) 44.279ms
Jan  5 15:24:43 burnside uvmconsole: [22.138s][info][gc] GC(32) Pause Young (Normal) (G1 Evacuation Pause) 53M->41M(168M) 32.150ms
Jan  5 15:24:43 burnside uvmconsole: [22.607s][info][gc] GC(27) Pause Cleanup 54M->54M(168M) 1.244ms
Jan  5 15:24:44 burnside uvmconsole: [22.622s][info][gc] GC(27) Concurrent Cycle 1942.878ms
Jan  5 15:24:44 burnside uvmconsole: [22.913s][info][gc] GC(33) Pause Young (Normal) (G1 Evacuation Pause) 56M->43M(168M) 40.013ms
Jan  5 15:24:46 burnside uvmconsole: [24.781s][info][gc] GC(34) Pause Young (Normal) (G1 Evacuation Pause) 84M->44M(168M) 24.393ms
Jan  5 15:24:48 burnside uvmconsole: [26.707s][info][gc] GC(35) Pause Young (Concurrent Start) (G1 Humongous Allocation) 102M->47M(240M) 23.197ms
Jan  5 15:24:48 burnside uvmconsole: [26.708s][info][gc] GC(36) Concurrent Cycle
Jan  5 15:24:48 burnside uvmconsole: [26.970s][info][gc] GC(36) Pause Remark 52M->43M(240M) 19.534ms
Jan  5 15:24:48 burnside uvmconsole: [27.087s][info][gc] GC(36) Pause Cleanup 44M->44M(240M) 0.956ms
Jan  5 15:24:48 burnside uvmconsole: [27.100s][info][gc] GC(36) Concurrent Cycle 391.712ms
Jan  5 15:24:56 burnside uvmconsole: [34.991s][info][gc] GC(37) Pause Young (Prepare Mixed) (G1 Evacuation Pause) 58M->39M(240M) 39.583ms
Jan  5 15:24:56 burnside uvmconsole: Jan 05, 2021 3:24:56 PM org.apache.coyote.AbstractProtocol init
Jan  5 15:24:56 burnside uvmconsole: INFO: Initializing ProtocolHandler ["ajp-nio-127.0.0.1-8009"]
Jan  5 15:24:56 burnside uvmconsole: Jan 05, 2021 3:24:56 PM org.apache.tomcat.util.net.NioSelectorPool getSharedSelector
Jan  5 15:24:56 burnside uvmconsole: INFO: Using a shared selector for servlet write/read
Jan  5 15:24:56 burnside uvmconsole: Jan 05, 2021 3:24:56 PM org.apache.catalina.core.StandardService startInternal
Jan  5 15:24:56 burnside uvmconsole: INFO: Starting service [Tomcat]
Jan  5 15:24:56 burnside uvmconsole: Jan 05, 2021 3:24:56 PM org.apache.catalina.core.StandardEngine startInternal
Jan  5 15:24:56 burnside uvmconsole: INFO: Starting Servlet Engine: Apache Tomcat/8.5.53
Jan  5 15:24:57 burnside uvmconsole: [35.894s][info][gc] GC(38) Pause Young (Mixed) (G1 Evacuation Pause) 48M->39M(240M) 30.669ms
Jan  5 15:24:57 burnside uvmconsole: Jan 05, 2021 3:24:57 PM org.apache.catalina.startup.ContextConfig getDefaultWebXmlFragment
Jan  5 15:24:57 burnside uvmconsole: INFO: No global web.xml found
Jan  5 15:25:01 burnside uvmconsole: Jan 05, 2021 3:25:01 PM org.apache.jasper.servlet.TldScanner scanJars
Jan  5 15:25:01 burnside uvmconsole: INFO: At least one JAR was scanned for TLDs yet contained no TLDs. Enable debug logging for this logger for a complete list of JARs that were scanned but no TLDs were found in them. Skipping unneeded JARs during scanning can improve startup time and JSP compilation time.
Jan  5 15:25:01 burnside uvmconsole: Jan 05, 2021 3:25:01 PM org.apache.jasper.servlet.TldScanner scanJars
Jan  5 15:25:01 burnside uvmconsole: INFO: At least one JAR was scanned for TLDs yet contained no TLDs. Enable debug logging for this logger for a complete list of JARs that were scanned but no TLDs were found in them. Skipping unneeded JARs during scanning can improve startup time and JSP compilation time.
Jan  5 15:25:01 burnside uvmconsole: Jan 05, 2021 3:25:01 PM org.apache.jasper.servlet.TldScanner scanJars
Jan  5 15:25:01 burnside uvmconsole: INFO: At least one JAR was scanned for TLDs yet contained no TLDs. Enable debug logging for this logger for a complete list of JARs that were scanned but no TLDs were found in them. Skipping unneeded JARs during scanning can improve startup time and JSP compilation time.
Jan  5 15:25:02 burnside uvmconsole: Jan 05, 2021 3:25:02 PM org.apache.jasper.servlet.TldScanner scanJars
Jan  5 15:25:02 burnside uvmconsole: INFO: At least one JAR was scanned for TLDs yet contained no TLDs. Enable debug logging for this logger for a complete list of JARs that were scanned but no TLDs were found in them. Skipping unneeded JARs during scanning can improve startup time and JSP compilation time.
Jan  5 15:25:03 burnside uvmconsole: [42.248s][info][gc] GC(39) Pause Young (Normal) (G1 Evacuation Pause) 181M->42M(240M) 55.847ms
Jan  5 15:25:04 burnside uvmconsole: Jan 05, 2021 3:25:04 PM org.apache.jasper.servlet.TldScanner scanJars
Jan  5 15:25:04 burnside uvmconsole: INFO: At least one JAR was scanned for TLDs yet contained no TLDs. Enable debug logging for this logger for a complete list of JARs that were scanned but no TLDs were found in them. Skipping unneeded JARs during scanning can improve startup time and JSP compilation time.
Jan  5 15:25:05 burnside uvmconsole: Jan 05, 2021 3:25:05 PM org.apache.jasper.servlet.TldScanner scanJars
Jan  5 15:25:05 burnside uvmconsole: INFO: At least one JAR was scanned for TLDs yet contained no TLDs. Enable debug logging for this logger for a complete list of JARs that were scanned but no TLDs were found in them. Skipping unneeded JARs during scanning can improve startup time and JSP compilation time.
Jan  5 15:25:05 burnside uvmconsole: Jan 05, 2021 3:25:05 PM org.apache.jasper.servlet.TldScanner scanJars
Jan  5 15:25:05 burnside uvmconsole: INFO: At least one JAR was scanned for TLDs yet contained no TLDs. Enable debug logging for this logger for a complete list of JARs that were scanned but no TLDs were found in them. Skipping unneeded JARs during scanning can improve startup time and JSP compilation time.
Jan  5 15:25:05 burnside uvmconsole: Jan 05, 2021 3:25:05 PM org.apache.jasper.servlet.TldScanner scanJars
Jan  5 15:25:05 burnside uvmconsole: INFO: At least one JAR was scanned for TLDs yet contained no TLDs. Enable debug logging for this logger for a complete list of JARs that were scanned but no TLDs were found in them. Skipping unneeded JARs during scanning can improve startup time and JSP compilation time.
Jan  5 15:25:06 burnside uvmconsole: Jan 05, 2021 3:25:06 PM org.apache.jasper.servlet.TldScanner scanJars
Jan  5 15:25:06 burnside uvmconsole: INFO: At least one JAR was scanned for TLDs yet contained no TLDs. Enable debug logging for this logger for a complete list of JARs that were scanned but no TLDs were found in them. Skipping unneeded JARs during scanning can improve startup time and JSP compilation time.
Jan  5 15:25:06 burnside uvmconsole: Jan 05, 2021 3:25:06 PM org.apache.coyote.AbstractProtocol start
Jan  5 15:25:06 burnside uvmconsole: INFO: Starting ProtocolHandler ["ajp-nio-127.0.0.1-8009"]
Jan  5 15:25:07 burnside uvmconsole: [45.705s][info][gc] GC(40) Pause Full (System.gc()) 125M->26M(45M) 295.972ms
Jan  5 15:25:07 burnside uvmconsole: [46.359s][info][gc] GC(41) Pause Young (Concurrent Start) (G1 Evacuation Pause) 32M->27M(54M) 31.355ms
Jan  5 15:25:07 burnside uvmconsole: [46.360s][info][gc] GC(42) Concurrent Cycle
Jan  5 15:25:08 burnside uvmconsole: UVM postInit complete
Jan  5 15:25:08 burnside uvmconsole: [46.798s][info][gc] GC(42) Pause Remark 33M->33M(54M) 24.016ms
Jan  5 15:25:08 burnside uvmconsole: [46.948s][info][gc] GC(42) Pause Cleanup 33M->33M(54M) 0.495ms
Jan  5 15:25:08 burnside uvmconsole: [46.949s][info][gc] GC(42) Concurrent Cycle 589.804ms
Jan  5 15:25:09 burnside uvmconsole: [47.825s][info][gc] GC(43) Pause Young (Prepare Mixed) (G1 Evacuation Pause) 40M->27M(54M) 13.911ms
Jan  5 15:25:09 burnside uvmconsole: [48.132s][info][gc] GC(44) Pause Young (Mixed) (G1 Evacuation Pause) 28M->27M(54M) 13.718ms
Jan  5 15:25:12 burnside uvmconsole: [51.524s][info][gc] GC(45) Pause Young (Concurrent Start) (G1 Evacuation Pause) 39M->27M(54M) 10.999ms
Jan  5 15:25:12 burnside uvmconsole: [51.524s][info][gc] GC(46) Concurrent Cycle
Jan  5 15:25:13 burnside uvmconsole: [51.914s][info][gc] GC(46) Pause Remark 30M->30M(54M) 32.991ms
Jan  5 15:25:13 burnside uvmconsole: [52.129s][info][gc] GC(46) Pause Cleanup 31M->31M(54M) 0.593ms
Jan  5 15:25:13 burnside uvmconsole: [52.131s][info][gc] GC(46) Concurrent Cycle 606.947ms
Jan  5 15:25:15 burnside uvmconsole: [54.525s][info][gc] GC(47) Pause Young (Normal) (G1 Evacuation Pause) 39M->28M(54M) 18.584ms
Jan  5 15:25:17 burnside uvmconsole: [55.685s][info][gc] GC(48) Pause Young (Concurrent Start) (G1 Evacuation Pause) 40M->29M(54M) 26.049ms
Jan  5 15:25:17 burnside uvmconsole: [55.685s][info][gc] GC(49) Concurrent Cycle
Jan  5 15:25:17 burnside uvmconsole: [56.229s][info][gc] GC(49) Pause Remark 36M->36M(54M) 40.909ms
Jan  5 15:25:18 burnside uvmconsole: [56.619s][info][gc] GC(50) Pause Young (Normal) (G1 Evacuation Pause) 40M->30M(54M) 30.958ms
Jan  5 15:25:18 burnside uvmconsole: [56.703s][info][gc] GC(49) Pause Cleanup 31M->31M(54M) 0.542ms
Jan  5 15:25:18 burnside uvmconsole: [56.705s][info][gc] GC(49) Concurrent Cycle 1020.253ms
Jan  5 15:25:19 burnside uvmconsole: [57.662s][info][gc] GC(51) Pause Young (Normal) (G1 Evacuation Pause) 39M->31M(54M) 15.362ms
Jan  5 15:25:20 burnside uvmconsole: [59.077s][info][gc] GC(52) Pause Young (Concurrent Start) (G1 Evacuation Pause) 40M->31M(54M) 21.795ms
Jan  5 15:25:20 burnside uvmconsole: [59.079s][info][gc] GC(53) Concurrent Cycle
Jan  5 15:25:20 burnside uvmconsole: [59.386s][info][gc] GC(53) Pause Remark 31M->31M(54M) 43.964ms
Jan  5 15:25:20 burnside uvmconsole: [59.550s][info][gc] GC(53) Pause Cleanup 32M->32M(54M) 0.526ms
Jan  5 15:25:20 burnside uvmconsole: [59.553s][info][gc] GC(53) Concurrent Cycle 473.555ms
Jan  5 15:25:27 burnside uvmconsole: [65.633s][info][gc] GC(54) Pause Young (Normal) (G1 Evacuation Pause) 40M->31M(54M) 9.322ms
Jan  5 15:25:33 burnside uvmconsole: [71.811s][info][gc] GC(55) Pause Young (Concurrent Start) (G1 Evacuation Pause) 39M->31M(54M) 11.782ms
Jan  5 15:25:33 burnside uvmconsole: [71.811s][info][gc] GC(56) Concurrent Cycle
Jan  5 15:25:33 burnside uvmconsole: [72.056s][info][gc] GC(56) Pause Remark 32M->32M(54M) 26.894ms
Jan  5 15:25:33 burnside uvmconsole: [72.175s][info][gc] GC(56) Pause Cleanup 32M->32M(54M) 0.404ms
Jan  5 15:25:33 burnside uvmconsole: [72.177s][info][gc] GC(56) Concurrent Cycle 365.886ms
Jan  5 15:25:37 burnside uvmconsole: [76.478s][info][gc] GC(57) Pause Young (Prepare Mixed) (G1 Evacuation Pause) 40M->31M(54M) 28.305ms
Jan  5 15:25:37 burnside uvmconsole: [76.566s][info][gc] GC(58) Pause Young (Mixed) (G1 Evacuation Pause) 32M->32M(54M) 23.874ms
Jan  5 15:25:42 burnside uvmconsole: [81.173s][info][gc] GC(59) Pause Young (Concurrent Start) (G1 Evacuation Pause) 41M->32M(54M) 10.641ms
Jan  5 15:25:42 burnside uvmconsole: [81.174s][info][gc] GC(60) Concurrent Cycle
Jan  5 15:25:43 burnside uvmconsole: [81.632s][info][gc] GC(60) Pause Remark 38M->38M(54M) 41.834ms
Jan  5 15:25:43 burnside uvmconsole: [81.851s][info][gc] GC(60) Pause Cleanup 40M->40M(54M) 0.750ms
Jan  5 15:25:43 burnside uvmconsole: [81.855s][info][gc] GC(60) Concurrent Cycle 680.852ms
Jan  5 15:25:43 burnside uvmconsole: [82.071s][info][gc] GC(61) Pause Young (Normal) (G1 Evacuation Pause) 41M->32M(54M) 10.111ms
Jan  5 15:25:45 burnside uvmconsole: [84.102s][info][gc] GC(62) Pause Young (Concurrent Start) (G1 Evacuation Pause) 41M->32M(54M) 10.330ms
Jan  5 15:25:45 burnside uvmconsole: [84.102s][info][gc] GC(63) Concurrent Cycle
Jan  5 15:25:45 burnside uvmconsole: [84.446s][info][gc] GC(63) Pause Remark 33M->33M(54M) 35.236ms
Jan  5 15:25:45 burnside uvmconsole: [84.572s][info][gc] GC(63) Pause Cleanup 33M->33M(54M) 0.425ms
Jan  5 15:25:45 burnside uvmconsole: [84.574s][info][gc] GC(63) Concurrent Cycle 471.239ms
Jan  5 15:25:49 burnside uvmconsole: [88.587s][info][gc] GC(64) Pause Young (Normal) (G1 Evacuation Pause) 41M->33M(54M) 17.783ms
Jan  5 15:25:50 burnside uvmconsole: [89.549s][info][gc] GC(65) Pause Young (Concurrent Start) (G1 Evacuation Pause) 41M->33M(54M) 32.505ms
Jan  5 15:25:50 burnside uvmconsole: [89.551s][info][gc] GC(66) Concurrent Cycle
Jan  5 15:25:51 burnside uvmconsole: [90.017s][info][gc] GC(66) Pause Remark 35M->35M(54M) 36.687ms
Jan  5 15:25:51 burnside uvmconsole: [90.176s][info][gc] GC(66) Pause Cleanup 36M->36M(54M) 0.857ms
Jan  5 15:25:51 burnside uvmconsole: [90.183s][info][gc] GC(66) Concurrent Cycle 632.123ms
Jan  5 15:25:52 burnside uvmconsole: [90.737s][info][gc] GC(67) Pause Young (Normal) (G1 Evacuation Pause) 41M->33M(54M) 30.752ms
Jan  5 15:25:53 burnside uvmconsole: [91.776s][info][gc] GC(68) Pause Young (Concurrent Start) (G1 Evacuation Pause) 41M->35M(54M) 29.071ms
Jan  5 15:25:53 burnside uvmconsole: [91.777s][info][gc] GC(69) Concurrent Cycle
Jan  5 15:25:53 burnside uvmconsole: [92.358s][info][gc] GC(69) Pause Remark 38M->38M(54M) 46.820ms
Jan  5 15:25:54 burnside uvmconsole: [92.628s][info][gc] GC(69) Pause Cleanup 41M->41M(54M) 0.586ms
Jan  5 15:25:54 burnside uvmconsole: [92.631s][info][gc] GC(69) Concurrent Cycle 854.617ms
Jan  5 15:25:54 burnside uvmconsole: [92.889s][info][gc] GC(70) Pause Young (Normal) (G1 Evacuation Pause) 42M->35M(54M) 16.904ms
Jan  5 15:25:55 burnside uvmconsole: [93.796s][info][gc] GC(71) Pause Young (Concurrent Start) (G1 Evacuation Pause) 41M->36M(54M) 23.894ms
Jan  5 15:25:55 burnside uvmconsole: [93.798s][info][gc] GC(72) Concurrent Cycle
Jan  5 15:25:55 burnside uvmconsole: [94.351s][info][gc] GC(73) Pause Young (Normal) (G1 Evacuation Pause) 42M->37M(54M) 15.540ms
Jan  5 15:25:56 burnside uvmconsole: [94.669s][info][gc] GC(74) Pause Young (Normal) (G1 Evacuation Pause) 42M->37M(54M) 15.446ms
Jan  5 15:25:56 burnside uvmconsole: [94.743s][info][gc] GC(72) Pause Remark 38M->38M(54M) 36.068ms
Jan  5 15:25:56 burnside uvmconsole: [94.936s][info][gc] GC(75) Pause Young (Normal) (G1 Evacuation Pause) 41M->38M(54M) 19.803ms
Jan  5 15:25:56 burnside uvmconsole: [95.035s][info][gc] GC(76) Pause Young (Normal) (G1 Evacuation Pause) 41M->38M(65M) 37.643ms
Jan  5 15:25:56 burnside uvmconsole: [95.243s][info][gc] GC(77) Pause Young (Normal) (G1 Evacuation Pause) 48M->42M(65M) 16.466ms
Jan  5 15:25:56 burnside uvmconsole: [95.291s][info][gc] GC(72) Pause Cleanup 44M->44M(65M) 0.553ms
Jan  5 15:25:56 burnside uvmconsole: [95.300s][info][gc] GC(72) Concurrent Cycle 1501.593ms
Jan  5 15:25:56 burnside uvmconsole: [95.471s][info][gc] GC(78) Pause Young (Normal) (G1 Evacuation Pause) 48M->44M(65M) 27.900ms
Jan  5 15:25:56 burnside uvmconsole: [95.570s][info][gc] GC(79) Pause Young (Concurrent Start) (G1 Evacuation Pause) 49M->45M(65M) 28.407ms
Jan  5 15:25:56 burnside uvmconsole: [95.571s][info][gc] GC(80) Concurrent Cycle
Jan  5 15:25:57 burnside uvmconsole: [95.651s][info][gc] GC(81) Pause Young (Normal) (G1 Evacuation Pause) 50M->45M(90M) 14.457ms
Jan  5 15:25:57 burnside uvmconsole: [96.085s][info][gc] GC(80) Pause Remark 58M->56M(90M) 39.784ms
Jan  5 15:25:57 burnside uvmconsole: [96.297s][info][gc] GC(80) Pause Cleanup 56M->56M(90M) 0.549ms
Jan  5 15:25:57 burnside uvmconsole: [96.300s][info][gc] GC(80) Concurrent Cycle 729.527ms
Jan  5 15:25:59 burnside uvmconsole: [97.786s][info][gc] GC(82) Pause Young (Prepare Mixed) (G1 Evacuation Pause) 60M->51M(90M) 20.904ms
Jan  5 15:25:59 burnside uvmconsole: [97.920s][info][gc] GC(83) Pause Young (Mixed) (G1 Evacuation Pause) 53M->46M(90M) 26.849ms
Jan  5 15:25:59 burnside uvmconsole: [98.597s][info][gc] GC(84) Pause Young (Concurrent Start) (G1 Evacuation Pause) 60M->48M(90M) 26.243ms
Jan  5 15:25:59 burnside uvmconsole: [98.598s][info][gc] GC(85) Concurrent Cycle
Jan  5 15:26:00 burnside uvmconsole: [99.229s][info][gc] GC(85) Pause Remark 58M->55M(90M) 30.504ms
Jan  5 15:26:00 burnside uvmconsole: [99.368s][info][gc] GC(86) Pause Young (Normal) (G1 Evacuation Pause) 59M->47M(135M) 25.775ms
Jan  5 15:26:01 burnside uvmconsole: [99.670s][info][gc] GC(85) Pause Cleanup 56M->56M(135M) 0.659ms
Jan  5 15:26:01 burnside uvmconsole: [99.676s][info][gc] GC(85) Concurrent Cycle 1077.517ms
Jan  5 15:26:02 burnside uvmconsole: [100.714s][info][gc] GC(87) Pause Young (Prepare Mixed) (G1 Evacuation Pause) 78M->48M(135M) 33.945ms
Jan  5 15:26:02 burnside uvmconsole: [100.994s][info][gc] GC(88) Pause Young (Mixed) (G1 Evacuation Pause) 51M->45M(135M) 32.529ms
Jan  5 15:26:04 burnside uvmconsole: [103.490s][info][gc] GC(89) Pause Young (Normal) (G1 Evacuation Pause) 80M->46M(135M) 23.674ms
Jan  5 15:26:09 burnside uvmconsole: [107.952s][info][gc] GC(90) Pause Young (Normal) (G1 Evacuation Pause) 86M->46M(198M) 18.698ms
Jan  5 15:26:15 burnside uvmconsole: [114.394s][info][gc] GC(91) Pause Young (Normal) (G1 Evacuation Pause) 124M->49M(198M) 48.422ms
Jan  5 15:26:20 burnside uvmconsole: [119.259s][info][gc] GC(92) Pause Young (Normal) (G1 Evacuation Pause) 127M->46M(198M) 25.672ms
Jan  5 15:26:29 burnside uvmconsole: [127.765s][info][gc] GC(93) Pause Young (Normal) (G1 Evacuation Pause) 135M->47M(198M) 18.318ms
Jan  5 15:26:39 burnside uvmconsole: [138.215s][info][gc] GC(94) Pause Young (Normal) (G1 Evacuation Pause) 141M->47M(198M) 20.045ms
Jan  5 15:26:51 burnside uvmconsole: [149.824s][info][gc] GC(95) Pause Young (Normal) (G1 Evacuation Pause) 146M->47M(198M) 20.391ms
Jan  5 15:27:01 burnside uvmconsole: [160.097s][info][gc] GC(96) Pause Young (Normal) (G1 Evacuation Pause) 151M->48M(198M) 22.672ms
Jan  5 15:27:05 burnside uvmconsole: [164.019s][info][gc] GC(97) Pause Young (Concurrent Start) (G1 Humongous Allocation) 107M->49M(198M) 52.342ms
Jan  5 15:27:05 burnside uvmconsole: [164.020s][info][gc] GC(98) Concurrent Cycle
Jan  5 15:27:05 burnside uvmconsole: [164.356s][info][gc] GC(98) Pause Remark 55M->55M(198M) 37.369ms
Jan  5 15:27:05 burnside uvmconsole: [164.512s][info][gc] GC(98) Pause Cleanup 55M->55M(198M) 0.688ms
Jan  5 15:27:05 burnside uvmconsole: [164.518s][info][gc] GC(98) Concurrent Cycle 498.609ms
Jan  5 15:27:14 burnside uvmconsole: [173.364s][info][gc] GC(99) Pause Young (Concurrent Start) (G1 Humongous Allocation) 122M->49M(198M) 27.782ms
Jan  5 15:27:14 burnside uvmconsole: [173.364s][info][gc] GC(100) Concurrent Cycle
Jan  5 15:27:15 burnside uvmconsole: [173.686s][info][gc] GC(100) Pause Remark 55M->55M(198M) 32.533ms
Jan  5 15:27:15 burnside uvmconsole: [173.828s][info][gc] GC(100) Pause Cleanup 57M->57M(198M) 0.554ms
Jan  5 15:27:15 burnside uvmconsole: [173.832s][info][gc] GC(100) Concurrent Cycle 467.318ms
Jan  5 15:27:15 burnside uvmconsole: [173.952s][info][gc] GC(101) Pause Young (Concurrent Start) (G1 Humongous Allocation) 68M->48M(198M) 23.721ms
Jan  5 15:27:15 burnside uvmconsole: [173.952s][info][gc] GC(102) Concurrent Cycle
Jan  5 15:27:15 burnside uvmconsole: [174.241s][info][gc] GC(102) Pause Remark 52M->52M(198M) 32.218ms
Jan  5 15:27:15 burnside uvmconsole: [174.379s][info][gc] GC(102) Pause Cleanup 52M->52M(198M) 0.608ms
Jan  5 15:27:15 burnside uvmconsole: [174.382s][info][gc] GC(102) Concurrent Cycle 430.462ms
Jan  5 15:27:24 burnside uvmconsole: [183.455s][info][gc] GC(103) Pause Young (Concurrent Start) (G1 Humongous Allocation) 145M->49M(198M) 50.478ms
Jan  5 15:27:24 burnside uvmconsole: [183.455s][info][gc] GC(104) Concurrent Cycle
Jan  5 15:27:25 burnside uvmconsole: [183.859s][info][gc] GC(104) Pause Remark 56M->56M(198M) 33.818ms
Jan  5 15:27:25 burnside uvmconsole: [184.014s][info][gc] GC(104) Pause Cleanup 58M->58M(198M) 0.709ms
Jan  5 15:27:25 burnside uvmconsole: [184.019s][info][gc] GC(104) Concurrent Cycle 563.403ms
Jan  5 15:27:25 burnside uvmconsole: [184.379s][info][gc] GC(105) Pause Young (Concurrent Start) (G1 Humongous Allocation) 71M->49M(198M) 29.700ms
Jan  5 15:27:25 burnside uvmconsole: [184.380s][info][gc] GC(106) Concurrent Cycle
Jan  5 15:27:26 burnside uvmconsole: [184.759s][info][gc] GC(106) Pause Remark 57M->57M(198M) 37.402ms
Jan  5 15:27:26 burnside uvmconsole: [184.938s][info][gc] GC(106) Pause Cleanup 58M->58M(198M) 0.788ms
Jan  5 15:27:26 burnside uvmconsole: [184.942s][info][gc] GC(106) Concurrent Cycle 562.571ms
Jan  5 15:27:34 burnside uvmconsole: [193.366s][info][gc] GC(107) Pause Young (Concurrent Start) (G1 Humongous Allocation) 126M->49M(198M) 27.381ms
Jan  5 15:27:34 burnside uvmconsole: [193.368s][info][gc] GC(108) Concurrent Cycle
Jan  5 15:27:35 burnside uvmconsole: [193.718s][info][gc] GC(108) Pause Remark 57M->57M(198M) 34.444ms
Jan  5 15:27:35 burnside uvmconsole: [193.878s][info][gc] GC(108) Pause Cleanup 60M->60M(198M) 0.608ms
Jan  5 15:27:35 burnside uvmconsole: [193.881s][info][gc] GC(108) Concurrent Cycle 513.059ms
Jan  5 15:27:35 burnside uvmconsole: [194.069s][info][gc] GC(109) Pause Young (Concurrent Start) (G1 Humongous Allocation) 72M->49M(198M) 24.355ms
Jan  5 15:27:35 burnside uvmconsole: [194.070s][info][gc] GC(110) Concurrent Cycle
Jan  5 15:27:35 burnside uvmconsole: [194.398s][info][gc] GC(110) Pause Remark 56M->56M(198M) 43.901ms
Jan  5 15:27:35 burnside uvmconsole: [194.598s][info][gc] GC(110) Pause Cleanup 57M->57M(198M) 0.764ms
Jan  5 15:27:35 burnside uvmconsole: [194.602s][info][gc] GC(110) Concurrent Cycle 532.368ms
Jan  5 15:27:44 burnside uvmconsole: [203.308s][info][gc] GC(111) Pause Young (Concurrent Start) (G1 Humongous Allocation) 112M->49M(198M) 22.172ms
Jan  5 15:27:44 burnside uvmconsole: [203.310s][info][gc] GC(112) Concurrent Cycle
Jan  5 15:27:44 burnside uvmconsole: [203.607s][info][gc] GC(112) Pause Remark 53M->53M(198M) 32.167ms
Jan  5 15:27:45 burnside uvmconsole: [203.779s][info][gc] GC(112) Pause Cleanup 55M->55M(198M) 0.782ms
Jan  5 15:27:45 burnside uvmconsole: [203.783s][info][gc] GC(112) Concurrent Cycle 472.903ms
Jan  5 15:27:45 burnside uvmconsole: [204.007s][info][gc] GC(113) Pause Young (Concurrent Start) (G1 Humongous Allocation) 63M->48M(198M) 26.477ms
Jan  5 15:27:45 burnside uvmconsole: [204.008s][info][gc] GC(114) Concurrent Cycle
Jan  5 15:27:45 burnside uvmconsole: [204.306s][info][gc] GC(114) Pause Remark 54M->54M(198M) 32.950ms
Jan  5 15:27:45 burnside uvmconsole: [204.460s][info][gc] GC(114) Pause Cleanup 54M->54M(198M) 0.579ms
Jan  5 15:27:45 burnside uvmconsole: [204.463s][info][gc] GC(114) Concurrent Cycle 455.112ms
Jan  5 15:27:55 burnside uvmconsole: [214.037s][info][gc] GC(115) Pause Young (Concurrent Start) (G1 Humongous Allocation) 141M->49M(198M) 23.824ms
Jan  5 15:27:55 burnside uvmconsole: [214.037s][info][gc] GC(116) Concurrent Cycle
Jan  5 15:27:55 burnside uvmconsole: [214.342s][info][gc] GC(116) Pause Remark 53M->53M(198M) 32.957ms
Jan  5 15:27:55 burnside uvmconsole: [214.512s][info][gc] GC(116) Pause Cleanup 54M->54M(198M) 0.610ms
Jan  5 15:27:55 burnside uvmconsole: [214.515s][info][gc] GC(116) Concurrent Cycle 477.667ms
Jan  5 15:28:05 burnside uvmconsole: [224.033s][info][gc] GC(117) Pause Young (Concurrent Start) (G1 Humongous Allocation) 116M->49M(198M) 20.998ms
Jan  5 15:28:05 burnside uvmconsole: [224.033s][info][gc] GC(118) Concurrent Cycle
Jan  5 15:28:05 burnside uvmconsole: [224.357s][info][gc] GC(118) Pause Remark 57M->57M(198M) 30.902ms
Jan  5 15:28:05 burnside uvmconsole: [224.505s][info][gc] GC(118) Pause Cleanup 57M->57M(198M) 0.590ms
Jan  5 15:28:05 burnside uvmconsole: [224.508s][info][gc] GC(118) Concurrent Cycle 474.809ms
Jan  5 15:28:15 burnside uvmconsole: [234.027s][info][gc] GC(119) Pause Young (Concurrent Start) (G1 Humongous Allocation) 121M->49M(198M) 23.342ms
Jan  5 15:28:15 burnside uvmconsole: [234.027s][info][gc] GC(120) Concurrent Cycle
Jan  5 15:28:15 burnside uvmconsole: [234.327s][info][gc] GC(120) Pause Remark 55M->55M(198M) 32.266ms
Jan  5 15:28:15 burnside uvmconsole: [234.470s][info][gc] GC(120) Pause Cleanup 56M->56M(198M) 0.540ms
Jan  5 15:28:15 burnside uvmconsole: [234.473s][info][gc] GC(120) Concurrent Cycle 446.235ms
Jan  5 15:28:25 burnside uvmconsole: [244.168s][info][gc] GC(121) Pause Young (Concurrent Start) (G1 Humongous Allocation) 121M->49M(198M) 19.238ms
Jan  5 15:28:25 burnside uvmconsole: [244.168s][info][gc] GC(122) Concurrent Cycle
Jan  5 15:28:25 burnside uvmconsole: [244.493s][info][gc] GC(122) Pause Remark 67M->67M(198M) 34.436ms
Jan  5 15:28:26 burnside uvmconsole: [244.655s][info][gc] GC(122) Pause Cleanup 68M->68M(198M) 0.703ms
Jan  5 15:28:26 burnside uvmconsole: [244.659s][info][gc] GC(122) Concurrent Cycle 491.086ms
Jan  5 15:28:35 burnside uvmconsole: [254.153s][info][gc] GC(123) Pause Young (Concurrent Start) (G1 Humongous Allocation) 118M->49M(198M) 18.414ms
Jan  5 15:28:35 burnside uvmconsole: [254.154s][info][gc] GC(124) Concurrent Cycle
Jan  5 15:28:35 burnside uvmconsole: [254.447s][info][gc] GC(124) Pause Remark 53M->53M(198M) 34.171ms
Jan  5 15:28:35 burnside uvmconsole: [254.590s][info][gc] GC(124) Pause Cleanup 53M->53M(198M) 0.583ms
Jan  5 15:28:35 burnside uvmconsole: [254.594s][info][gc] GC(124) Concurrent Cycle 439.772ms
Jan  5 15:28:45 burnside uvmconsole: [264.060s][info][gc] GC(125) Pause Young (Concurrent Start) (G1 Humongous Allocation) 116M->49M(198M) 20.618ms
Jan  5 15:28:45 burnside uvmconsole: [264.061s][info][gc] GC(126) Concurrent Cycle
Jan  5 15:28:45 burnside uvmconsole: [264.354s][info][gc] GC(126) Pause Remark 54M->54M(198M) 33.665ms
Jan  5 15:28:45 burnside uvmconsole: [264.498s][info][gc] GC(126) Pause Cleanup 54M->54M(198M) 0.645ms
Jan  5 15:28:45 burnside uvmconsole: [264.501s][info][gc] GC(126) Concurrent Cycle 440.244ms
Jan  5 15:29:05 burnside uvmconsole: [283.705s][info][gc] GC(127) Pause Young (Prepare Mixed) (G1 Evacuation Pause) 168M->48M(198M) 15.767ms
Jan  5 15:29:05 burnside uvmconsole: [283.770s][info][gc] GC(128) Pause Young (Mixed) (G1 Evacuation Pause) 54M->48M(198M) 13.979ms
Jan  5 15:29:21 burnside uvmconsole: [300.182s][info][gc] GC(129) Pause Young (Normal) (G1 Evacuation Pause) 169M->49M(198M) 16.727ms
Jan  5 15:29:25 burnside uvmconsole: [304.157s][info][gc] GC(130) Pause Young (Concurrent Start) (G1 Humongous Allocation) 84M->50M(198M) 16.400ms
Jan  5 15:29:25 burnside uvmconsole: [304.157s][info][gc] GC(131) Concurrent Cycle
Jan  5 15:29:25 burnside uvmconsole: [304.487s][info][gc] GC(131) Pause Remark 59M->59M(198M) 33.277ms
Jan  5 15:29:26 burnside uvmconsole: [304.674s][info][gc] GC(131) Pause Cleanup 71M->71M(198M) 0.637ms
Jan  5 15:29:26 burnside uvmconsole: [304.677s][info][gc] GC(131) Concurrent Cycle 520.379ms
Jan  5 15:29:31 burnside uvmconsole: [310.036s][info][gc] GC(132) Pause Full (System.gc()) 104M->38M(60M) 241.717ms
Jan  5 15:29:35 burnside uvmconsole: [313.721s][info][gc] GC(133) Pause Young (Concurrent Start) (G1 Evacuation Pause) 48M->39M(60M) 9.387ms
Jan  5 15:29:35 burnside uvmconsole: [313.721s][info][gc] GC(134) Concurrent Cycle
Jan  5 15:29:35 burnside uvmconsole: [313.837s][info][gc] GC(135) Pause Young (Normal) (G1 Evacuation Pause) 48M->39M(60M) 8.195ms
Jan  5 15:29:35 burnside uvmconsole: [314.054s][info][gc] GC(134) Pause Remark 41M->41M(60M) 31.924ms
Jan  5 15:29:35 burnside uvmconsole: [314.209s][info][gc] GC(134) Pause Cleanup 42M->42M(60M) 0.426ms
Jan  5 15:29:35 burnside uvmconsole: [314.211s][info][gc] GC(134) Concurrent Cycle 489.328ms
Jan  5 15:29:35 burnside uvmconsole: [314.318s][info][gc] GC(136) Pause Young (Normal) (G1 Evacuation Pause) 48M->39M(60M) 14.356ms
Jan  5 15:29:35 burnside uvmconsole: [314.353s][info][gc] GC(137) Pause Young (Concurrent Start) (G1 Humongous Allocation) 44M->40M(60M) 10.168ms
Jan  5 15:29:35 burnside uvmconsole: [314.354s][info][gc] GC(138) Concurrent Cycle
Jan  5 15:29:36 burnside uvmconsole: [314.657s][info][gc] GC(138) Pause Remark 43M->43M(60M) 36.735ms
Jan  5 15:29:36 burnside uvmconsole: [314.814s][info][gc] GC(139) Pause Young (Normal) (G1 Evacuation Pause) 50M->42M(60M) 13.422ms
Jan  5 15:29:36 burnside uvmconsole: [314.866s][info][gc] GC(138) Pause Cleanup 47M->47M(60M) 0.479ms
Jan  5 15:29:36 burnside uvmconsole: [314.868s][info][gc] GC(138) Concurrent Cycle 514.184ms
Jan  5 15:29:36 burnside uvmconsole: [314.879s][info][gc] GC(140) Pause Young (Normal) (G1 Evacuation Pause) 47M->42M(60M) 9.733ms
Jan  5 15:29:36 burnside uvmconsole: [315.457s][info][gc] GC(141) Pause Young (Concurrent Start) (G1 Evacuation Pause) 47M->43M(60M) 10.978ms
Jan  5 15:29:36 burnside uvmconsole: [315.459s][info][gc] GC(142) Concurrent Cycle
Jan  5 15:29:37 burnside uvmconsole: [315.752s][info][gc] GC(142) Pause Remark 43M->41M(60M) 32.955ms
Jan  5 15:29:37 burnside uvmconsole: [315.907s][info][gc] GC(142) Pause Cleanup 41M->41M(60M) 0.455ms
Jan  5 15:29:37 burnside uvmconsole: [315.908s][info][gc] GC(142) Concurrent Cycle 449.427ms
Jan  5 15:29:39 burnside uvmconsole: [317.838s][info][gc] GC(143) Pause Young (Prepare Mixed) (G1 Evacuation Pause) 46M->41M(60M) 8.781ms
Jan  5 15:29:39 burnside uvmconsole: [318.220s][info][gc] GC(144) Pause Young (Mixed) (G1 Evacuation Pause) 43M->40M(60M) 9.016ms
Jan  5 15:29:44 burnside uvmconsole: [323.227s][info][gc] GC(145) Pause Young (Concurrent Start) (G1 Evacuation Pause) 46M->40M(60M) 14.024ms
Jan  5 15:29:44 burnside uvmconsole: [323.227s][info][gc] GC(146) Concurrent Cycle
Jan  5 15:29:45 burnside uvmconsole: [323.677s][info][gc] GC(146) Pause Remark 40M->40M(60M) 72.033ms
Jan  5 15:29:45 burnside uvmconsole: [323.863s][info][gc] GC(146) Pause Cleanup 41M->41M(60M) 0.556ms
Jan  5 15:29:45 burnside uvmconsole: [323.866s][info][gc] GC(146) Concurrent Cycle 638.164ms
Jan  5 15:29:45 burnside uvmconsole: [324.027s][info][gc] GC(147) Pause Young (Prepare Mixed) (G1 Evacuation Pause) 46M->40M(60M) 14.848ms
Jan  5 15:29:45 burnside uvmconsole: [324.067s][info][gc] GC(148) Pause Young (Mixed) (G1 Evacuation Pause) 42M->40M(60M) 14.464ms
Jan  5 15:29:45 burnside uvmconsole: [324.144s][info][gc] GC(149) Pause Young (Concurrent Start) (G1 Evacuation Pause) 46M->40M(60M) 21.971ms
Jan  5 15:29:45 burnside uvmconsole: [324.144s][info][gc] GC(150) Concurrent Cycle
Jan  5 15:29:45 burnside uvmconsole: [324.202s][info][gc] GC(151) Pause Young (Normal) (G1 Evacuation Pause) 46M->41M(60M) 11.817ms
Jan  5 15:29:45 burnside uvmconsole: [324.272s][info][gc] GC(152) Pause Young (Normal) (G1 Evacuation Pause) 46M->41M(72M) 14.758ms
Jan  5 15:29:45 burnside uvmconsole: [324.589s][info][gc] GC(150) Pause Remark 49M->49M(72M) 44.894ms
Jan  5 15:29:46 burnside uvmconsole: [324.757s][info][gc] GC(150) Pause Cleanup 49M->49M(72M) 0.628ms
Jan  5 15:29:46 burnside uvmconsole: [324.759s][info][gc] GC(150) Concurrent Cycle 615.139ms
Jan  5 15:29:46 burnside uvmconsole: [325.118s][info][gc] GC(153) Pause Young (Normal) (G1 Evacuation Pause) 53M->45M(72M) 20.606ms
Jan  5 15:29:46 burnside uvmconsole: [325.234s][info][gc] GC(154) Pause Young (Concurrent Start) (G1 Evacuation Pause) 54M->45M(72M) 18.287ms
Jan  5 15:29:46 burnside uvmconsole: [325.235s][info][gc] GC(155) Concurrent Cycle
Jan  5 15:29:46 burnside uvmconsole: [325.566s][info][gc] GC(155) Pause Remark 47M->45M(72M) 42.898ms
Jan  5 15:29:47 burnside uvmconsole: [325.723s][info][gc] GC(155) Pause Cleanup 45M->45M(72M) 0.447ms
Jan  5 15:29:47 burnside uvmconsole: [325.724s][info][gc] GC(155) Concurrent Cycle 489.229ms
Jan  5 15:29:53 burnside uvmconsole: [332.281s][info][gc] GC(156) Pause Young (Prepare Mixed) (G1 Evacuation Pause) 51M->42M(72M) 12.375ms
Jan  5 15:29:55 burnside uvmconsole: [333.833s][info][gc] GC(157) Pause Young (Mixed) (G1 Evacuation Pause) 44M->41M(72M) 11.525ms
Jan  5 15:29:55 burnside uvmconsole: [334.173s][info][gc] GC(158) Pause Young (Concurrent Start) (G1 Evacuation Pause) 52M->42M(72M) 16.414ms
Jan  5 15:29:55 burnside uvmconsole: [334.174s][info][gc] GC(159) Concurrent Cycle
Jan  5 15:29:55 burnside uvmconsole: [334.481s][info][gc] GC(159) Pause Remark 48M->48M(72M) 32.457ms
Jan  5 15:29:56 burnside uvmconsole: [334.647s][info][gc] GC(160) Pause Young (Normal) (G1 Evacuation Pause) 54M->42M(87M) 13.262ms
Jan  5 15:29:56 burnside uvmconsole: [334.698s][info][gc] GC(159) Pause Cleanup 45M->45M(87M) 0.513ms
Jan  5 15:29:56 burnside uvmconsole: [334.701s][info][gc] GC(159) Concurrent Cycle 527.280ms
Jan  5 15:29:56 burnside uvmconsole: [335.493s][info][gc] GC(161) Pause Young (Prepare Mixed) (G1 Evacuation Pause) 60M->42M(87M) 9.308ms
Jan  5 15:29:56 burnside uvmconsole: [335.534s][info][gc] GC(162) Pause Young (Mixed) (G1 Evacuation Pause) 45M->41M(87M) 10.544ms
Jan  5 15:29:58 burnside uvmconsole: [336.809s][info][gc] GC(163) Pause Young (Concurrent Start) (G1 Evacuation Pause) 60M->41M(87M) 10.600ms
Jan  5 15:29:58 burnside uvmconsole: [336.810s][info][gc] GC(164) Concurrent Cycle
Jan  5 15:29:58 burnside uvmconsole: [337.329s][info][gc] GC(164) Pause Remark 59M->59M(87M) 60.658ms
Jan  5 15:29:58 burnside uvmconsole: [337.543s][info][gc] GC(164) Pause Cleanup 61M->61M(87M) 0.525ms
Jan  5 15:29:58 burnside uvmconsole: [337.545s][info][gc] GC(164) Concurrent Cycle 735.372ms
Jan  5 15:29:59 burnside uvmconsole: [338.324s][info][gc] GC(165) Pause Young (Normal) (G1 Evacuation Pause) 62M->41M(87M) 8.618ms
Jan  5 15:30:08 burnside uvmconsole: [346.858s][info][gc] GC(166) Pause Young (Concurrent Start) (G1 Evacuation Pause) 63M->42M(87M) 13.448ms
Jan  5 15:30:08 burnside uvmconsole: [346.860s][info][gc] GC(167) Concurrent Cycle
Jan  5 15:30:08 burnside uvmconsole: [347.194s][info][gc] GC(167) Pause Remark 57M->57M(87M) 33.708ms
Jan  5 15:30:08 burnside uvmconsole: [347.359s][info][gc] GC(167) Pause Cleanup 58M->58M(87M) 0.537ms
Jan  5 15:30:08 burnside uvmconsole: [347.361s][info][gc] GC(167) Concurrent Cycle 501.205ms
Jan  5 15:30:08 burnside uvmconsole: [347.606s][info][gc] GC(168) Pause Young (Normal) (G1 Evacuation Pause) 64M->42M(87M) 10.607ms
Jan  5 15:30:10 burnside uvmconsole: [348.974s][info][gc] GC(169) Pause Young (Concurrent Start) (G1 Humongous Allocation) 56M->42M(87M) 14.236ms
Jan  5 15:30:10 burnside uvmconsole: [348.975s][info][gc] GC(170) Concurrent Cycle
Jan  5 15:30:10 burnside uvmconsole: [349.279s][info][gc] GC(170) Pause Remark 48M->48M(87M) 33.478ms
Jan  5 15:30:10 burnside uvmconsole: [349.448s][info][gc] GC(170) Pause Cleanup 49M->49M(87M) 0.443ms
Jan  5 15:30:10 burnside uvmconsole: [349.450s][info][gc] GC(170) Concurrent Cycle 475.483ms
Jan  5 15:30:13 burnside uvmconsole: [352.255s][info][gc] GC(171) Pause Young (Normal) (G1 Evacuation Pause) 67M->42M(87M) 13.707ms
Jan  5 15:30:20 burnside uvmconsole: [359.440s][info][gc] GC(172) Pause Young (Concurrent Start) (G1 Humongous Allocation) 63M->42M(87M) 18.311ms
Jan  5 15:30:20 burnside uvmconsole: [359.440s][info][gc] GC(173) Concurrent Cycle
Jan  5 15:30:21 burnside uvmconsole: [359.760s][info][gc] GC(173) Pause Remark 48M->48M(87M) 32.462ms
Jan  5 15:30:21 burnside uvmconsole: [359.915s][info][gc] GC(173) Pause Cleanup 48M->48M(87M) 0.435ms
Jan  5 15:30:21 burnside uvmconsole: [359.917s][info][gc] GC(173) Concurrent Cycle 476.799ms
Jan  5 15:30:26 burnside uvmconsole: [364.776s][info][gc] GC(174) Pause Young (Normal) (G1 Evacuation Pause) 68M->42M(87M) 12.896ms
Jan  5 15:30:32 burnside uvmconsole: [371.390s][info][gc] GC(175) Pause Young (Concurrent Start) (G1 Humongous Allocation) 64M->43M(87M) 16.934ms
Jan  5 15:30:32 burnside uvmconsole: [371.391s][info][gc] GC(176) Concurrent Cycle
Jan  5 15:30:33 burnside uvmconsole: [371.741s][info][gc] GC(176) Pause Remark 62M->62M(87M) 33.601ms
Jan  5 15:30:33 burnside uvmconsole: [371.894s][info][gc] GC(176) Pause Cleanup 62M->62M(87M) 0.475ms
Jan  5 15:30:33 burnside uvmconsole: [371.896s][info][gc] GC(176) Concurrent Cycle 505.138ms
Jan  5 15:30:39 burnside uvmconsole: [377.846s][info][gc] GC(177) Pause Young (Normal) (G1 Evacuation Pause) 70M->42M(87M) 13.232ms
Jan  5 15:30:43 burnside uvmconsole: [382.563s][info][gc] GC(178) Pause Young (Concurrent Start) (G1 Humongous Allocation) 59M->43M(87M) 14.301ms
Jan  5 15:30:43 burnside uvmconsole: [382.564s][info][gc] GC(179) Concurrent Cycle
Jan  5 15:30:44 burnside uvmconsole: [382.903s][info][gc] GC(179) Pause Remark 47M->47M(87M) 43.822ms
Jan  5 15:30:44 burnside uvmconsole: [383.068s][info][gc] GC(179) Pause Cleanup 48M->48M(87M) 0.536ms
Jan  5 15:30:44 burnside uvmconsole: [383.070s][info][gc] GC(179) Concurrent Cycle 506.323ms
Jan  5 15:30:50 burnside uvmconsole: [389.125s][info][gc] GC(180) Pause Young (Normal) (G1 Evacuation Pause) 71M->42M(87M) 12.567ms
Jan  5 15:30:53 burnside uvmconsole: [392.330s][info][gc] GC(181) Pause Young (Concurrent Start) (G1 Humongous Allocation) 66M->43M(87M) 15.544ms
Jan  5 15:30:53 burnside uvmconsole: [392.331s][info][gc] GC(182) Concurrent Cycle
Jan  5 15:30:54 burnside uvmconsole: [392.653s][info][gc] GC(182) Pause Remark 61M->61M(87M) 34.025ms
Jan  5 15:30:54 burnside uvmconsole: [392.803s][info][gc] GC(182) Pause Cleanup 61M->61M(87M) 0.422ms
Jan  5 15:30:54 burnside uvmconsole: [392.805s][info][gc] GC(182) Concurrent Cycle 474.031ms
Jan  5 15:30:58 burnside uvmconsole: [396.629s][info][gc] GC(183) Pause Young (Prepare Mixed) (G1 Evacuation Pause) 72M->42M(87M) 10.163ms
Jan  5 15:30:58 burnside uvmconsole: [396.671s][info][gc] GC(184) Pause Young (Mixed) (G1 Evacuation Pause) 45M->41M(87M) 10.773ms
Jan  5 15:31:05 burnside uvmconsole: [404.007s][info][gc] GC(185) Pause Young (Normal) (G1 Evacuation Pause) 69M->42M(87M) 11.844ms
Jan  5 15:31:05 burnside uvmconsole: [404.056s][info][gc] GC(186) Pause Young (Concurrent Start) (G1 Humongous Allocation) 50M->42M(87M) 11.840ms
Jan  5 15:31:05 burnside uvmconsole: [404.056s][info][gc] GC(187) Concurrent Cycle
Jan  5 15:31:05 burnside uvmconsole: [404.356s][info][gc] GC(187) Pause Remark 46M->46M(87M) 32.675ms
Jan  5 15:31:05 burnside uvmconsole: [404.509s][info][gc] GC(187) Pause Cleanup 46M->46M(87M) 0.487ms
Jan  5 15:31:05 burnside uvmconsole: [404.511s][info][gc] GC(187) Concurrent Cycle 454.456ms
Jan  5 15:31:10 burnside uvmconsole: [409.392s][info][gc] GC(188) Pause Young (Normal) (G1 Evacuation Pause) 67M->41M(87M) 9.692ms
Jan  5 15:31:17 burnside uvmconsole: [416.581s][info][gc] GC(189) Pause Young (Concurrent Start) (G1 Evacuation Pause) 66M->42M(87M) 14.698ms
Jan  5 15:31:17 burnside uvmconsole: [416.582s][info][gc] GC(190) Concurrent Cycle
Jan  5 15:31:18 burnside uvmconsole: [416.908s][info][gc] GC(190) Pause Remark 55M->55M(87M) 34.719ms
Jan  5 15:31:18 burnside uvmconsole: [417.062s][info][gc] GC(190) Pause Cleanup 56M->56M(87M) 0.489ms
Jan  5 15:31:18 burnside uvmconsole: [417.064s][info][gc] GC(190) Concurrent Cycle 482.510ms
Jan  5 15:31:22 burnside uvmconsole: [420.808s][info][gc] GC(191) Pause Young (Normal) (G1 Evacuation Pause) 68M->42M(87M) 11.341ms
Jan  5 15:31:25 burnside uvmconsole: [424.348s][info][gc] GC(192) Pause Young (Concurrent Start) (GCLocker Initiated GC) 67M->42M(87M) 12.877ms
Jan  5 15:31:25 burnside uvmconsole: [424.348s][info][gc] GC(193) Concurrent Cycle
Jan  5 15:31:26 burnside uvmconsole: [424.771s][info][gc] GC(193) Pause Remark 54M->54M(87M) 47.650ms
Jan  5 15:31:26 burnside uvmconsole: [424.946s][info][gc] GC(193) Pause Cleanup 54M->54M(87M) 0.523ms
Jan  5 15:31:26 burnside uvmconsole: [424.948s][info][gc] GC(193) Concurrent Cycle 599.687ms
Jan  5 15:31:28 burnside uvmconsole: [427.188s][info][gc] GC(194) Pause Young (Normal) (G1 Evacuation Pause) 68M->43M(87M) 14.632ms
Jan  5 15:31:28 burnside uvmconsole: [427.251s][info][gc] GC(195) Pause Young (Concurrent Start) (G1 Humongous Allocation) 47M->43M(87M) 26.003ms
Jan  5 15:31:28 burnside uvmconsole: [427.252s][info][gc] GC(196) Concurrent Cycle
Jan  5 15:31:29 burnside uvmconsole: [427.682s][info][gc] GC(196) Pause Remark 63M->63M(87M) 34.077ms
Jan  5 15:31:29 burnside uvmconsole: [427.844s][info][gc] GC(196) Pause Cleanup 64M->64M(87M) 0.477ms
Jan  5 15:31:29 burnside uvmconsole: [427.846s][info][gc] GC(196) Concurrent Cycle 594.004ms
Jan  5 15:31:32 burnside uvmconsole: [431.355s][info][gc] GC(197) Pause Young (Normal) (G1 Evacuation Pause) 70M->42M(87M) 11.524ms
Jan  5 15:31:38 burnside uvmconsole: [436.687s][info][gc] GC(198) Pause Young (Concurrent Start) (G1 Evacuation Pause) 68M->42M(87M) 11.497ms
Jan  5 15:31:38 burnside uvmconsole: [436.687s][info][gc] GC(199) Concurrent Cycle
Jan  5 15:31:38 burnside uvmconsole: [436.989s][info][gc] GC(199) Pause Remark 42M->42M(87M) 34.135ms
Jan  5 15:31:38 burnside uvmconsole: [437.141s][info][gc] GC(199) Pause Cleanup 42M->42M(87M) 0.421ms
Jan  5 15:31:38 burnside uvmconsole: [437.143s][info][gc] GC(199) Concurrent Cycle 455.612ms
Jan  5 15:31:39 burnside uvmconsole: [438.191s][info][gc] GC(200) Pause Young (Prepare Mixed) (G1 Evacuation Pause) 71M->42M(87M) 13.481ms
Jan  5 15:31:39 burnside uvmconsole: [438.226s][info][gc] GC(201) Pause Young (Mixed) (G1 Evacuation Pause) 44M->42M(87M) 12.724ms
Jan  5 15:31:51 burnside uvmconsole: [450.000s][info][gc] GC(202) Pause Young (Normal) (G1 Evacuation Pause) 69M->43M(87M) 16.270ms
Jan  5 15:31:51 burnside uvmconsole: [450.059s][info][gc] GC(203) Pause Young (Concurrent Start) (G1 Humongous Allocation) 49M->43M(87M) 17.828ms
Jan  5 15:31:51 burnside uvmconsole: [450.059s][info][gc] GC(204) Concurrent Cycle
Jan  5 15:31:51 burnside uvmconsole: [450.410s][info][gc] GC(204) Pause Remark 64M->64M(87M) 33.830ms
Jan  5 15:31:51 burnside uvmconsole: [450.573s][info][gc] GC(204) Pause Cleanup 64M->64M(87M) 0.491ms
Jan  5 15:31:51 burnside uvmconsole: [450.575s][info][gc] GC(204) Concurrent Cycle 515.836ms
Jan  5 15:31:51 burnside uvmconsole: [450.617s][info][gc] GC(205) Pause Young (Normal) (G1 Evacuation Pause) 64M->42M(87M) 20.025ms
Jan  5 15:31:58 burnside uvmconsole: [457.427s][info][gc] GC(206) Pause Young (Concurrent Start) (G1 Evacuation Pause) 63M->43M(87M) 12.348ms
Jan  5 15:31:58 burnside uvmconsole: [457.428s][info][gc] GC(207) Concurrent Cycle
Jan  5 15:31:59 burnside uvmconsole: [457.771s][info][gc] GC(207) Pause Remark 48M->48M(87M) 35.044ms
Jan  5 15:31:59 burnside uvmconsole: [457.966s][info][gc] GC(207) Pause Cleanup 48M->48M(87M) 0.613ms
Jan  5 15:31:59 burnside uvmconsole: [457.969s][info][gc] GC(207) Concurrent Cycle 540.870ms
Jan  5 15:32:02 burnside uvmconsole: [461.528s][info][gc] GC(208) Pause Young (Prepare Mixed) (G1 Evacuation Pause) 67M->43M(87M) 9.966ms
Jan  5 15:32:02 burnside uvmconsole: [461.596s][info][gc] GC(209) Pause Young (Mixed) (G1 Evacuation Pause) 46M->42M(87M) 8.252ms
Jan  5 15:32:07 burnside uvmconsole: [465.621s][info][gc] GC(210) Pause Young (Normal) (G1 Evacuation Pause) 65M->43M(87M) 8.608ms
Jan  5 15:32:10 burnside uvmconsole: [468.762s][info][gc] GC(211) Pause Young (Normal) (G1 Evacuation Pause) 67M->43M(87M) 9.046ms
Jan  5 15:32:12 burnside uvmconsole: [470.853s][info][gc] GC(212) Pause Young (Concurrent Start) (G1 Evacuation Pause) 68M->46M(87M) 13.445ms
Jan  5 15:32:12 burnside uvmconsole: [470.854s][info][gc] GC(213) Concurrent Cycle
Jan  5 15:32:12 burnside uvmconsole: [471.164s][info][gc] GC(213) Pause Remark 51M->51M(87M) 33.024ms
Jan  5 15:32:12 burnside uvmconsole: [471.331s][info][gc] GC(213) Pause Cleanup 52M->52M(87M) 0.539ms
Jan  5 15:32:12 burnside uvmconsole: [471.333s][info][gc] GC(213) Concurrent Cycle 479.617ms
Jan  5 15:32:14 burnside uvmconsole: [473.075s][info][gc] GC(214) Pause Young (Prepare Mixed) (G1 Evacuation Pause) 69M->43M(87M) 10.484ms
Jan  5 15:32:14 burnside uvmconsole: [473.127s][info][gc] GC(215) Pause Young (Mixed) (G1 Evacuation Pause) 46M->43M(87M) 17.570ms
Jan  5 15:32:16 burnside uvmconsole: [475.549s][info][gc] GC(216) Pause Young (Normal) (G1 Evacuation Pause) 68M->43M(87M) 6.593ms
Jan  5 15:32:22 burnside uvmconsole: [481.249s][info][gc] GC(217) Pause Young (Normal) (G1 Evacuation Pause) 68M->44M(87M) 13.332ms
Jan  5 15:32:22 burnside uvmconsole: [481.300s][info][gc] GC(218) Pause Young (Concurrent Start) (G1 Humongous Allocation) 51M->45M(87M) 15.065ms
Jan  5 15:32:22 burnside uvmconsole: [481.300s][info][gc] GC(219) Concurrent Cycle
Jan  5 15:32:23 burnside uvmconsole: [481.627s][info][gc] GC(219) Pause Remark 50M->50M(87M) 34.037ms
Jan  5 15:32:23 burnside uvmconsole: [481.788s][info][gc] GC(219) Pause Cleanup 51M->51M(87M) 0.467ms
Jan  5 15:32:23 burnside uvmconsole: [481.790s][info][gc] GC(219) Concurrent Cycle 490.061ms
Jan  5 15:32:26 burnside uvmconsole: [484.941s][info][gc] GC(220) Pause Young (Prepare Mixed) (G1 Evacuation Pause) 70M->44M(87M) 15.954ms
Jan  5 15:32:28 burnside uvmconsole: [486.815s][info][gc] GC(221) Pause Young (Mixed) (G1 Evacuation Pause) 47M->43M(87M) 8.772ms
Jan  5 15:32:33 burnside uvmconsole: [491.924s][info][gc] GC(222) Pause Young (Normal) (G1 Evacuation Pause) 69M->44M(87M) 9.728ms
Jan  5 15:32:33 burnside uvmconsole: [491.955s][info][gc] GC(223) Pause Young (Concurrent Start) (G1 Humongous Allocation) 48M->44M(87M) 10.932ms
Jan  5 15:32:33 burnside uvmconsole: [491.956s][info][gc] GC(224) Concurrent Cycle
Jan  5 15:32:33 burnside uvmconsole: [492.274s][info][gc] GC(224) Pause Remark 48M->48M(87M) 33.137ms
Jan  5 15:32:33 burnside uvmconsole: [492.437s][info][gc] GC(224) Pause Cleanup 48M->48M(87M) 0.453ms
Jan  5 15:32:33 burnside uvmconsole: [492.439s][info][gc] GC(224) Concurrent Cycle 483.155ms
Jan  5 15:32:39 burnside uvmconsole: [497.841s][info][gc] GC(225) Pause Young (Normal) (G1 Evacuation Pause) 72M->44M(87M) 10.650ms
Jan  5 15:32:45 burnside uvmconsole: [504.445s][info][gc] GC(226) Pause Young (Concurrent Start) (G1 Humongous Allocation) 65M->44M(87M) 13.155ms
Jan  5 15:32:45 burnside uvmconsole: [504.446s][info][gc] GC(227) Concurrent Cycle
Jan  5 15:32:46 burnside uvmconsole: [504.767s][info][gc] GC(227) Pause Remark 55M->55M(87M) 32.432ms
Jan  5 15:32:46 burnside uvmconsole: [504.925s][info][gc] GC(227) Pause Cleanup 59M->59M(87M) 0.506ms
Jan  5 15:32:46 burnside uvmconsole: [504.926s][info][gc] GC(227) Concurrent Cycle 480.554ms
Jan  5 15:32:49 burnside uvmconsole: [507.730s][info][gc] GC(228) Pause Young (Normal) (G1 Evacuation Pause) 72M->44M(87M) 11.081ms
Jan  5 15:32:55 burnside uvmconsole: [514.170s][info][gc] GC(229) Pause Young (Concurrent Start) (G1 Evacuation Pause) 71M->44M(87M) 14.104ms
Jan  5 15:32:55 burnside uvmconsole: [514.171s][info][gc] GC(230) Concurrent Cycle
Jan  5 15:32:55 burnside uvmconsole: [514.540s][info][gc] GC(230) Pause Remark 56M->56M(87M) 33.306ms
Jan  5 15:32:56 burnside uvmconsole: [514.696s][info][gc] GC(230) Pause Cleanup 56M->56M(87M) 0.487ms
Jan  5 15:32:56 burnside uvmconsole: [514.698s][info][gc] GC(230) Concurrent Cycle 527.138ms
Jan  5 15:33:02 burnside uvmconsole: [521.139s][info][gc] GC(231) Pause Young (Normal) (G1 Evacuation Pause) 72M->44M(87M) 15.284ms
Jan  5 15:33:07 burnside uvmconsole: [526.233s][info][gc] GC(232) Pause Young (Concurrent Start) (G1 Evacuation Pause) 70M->45M(87M) 19.517ms
Jan  5 15:33:07 burnside uvmconsole: [526.234s][info][gc] GC(233) Concurrent Cycle
Jan  5 15:33:07 burnside uvmconsole: [526.551s][info][gc] GC(233) Pause Remark 53M->53M(87M) 32.681ms
Jan  5 15:33:08 burnside uvmconsole: [526.704s][info][gc] GC(233) Pause Cleanup 53M->53M(87M) 0.482ms
Jan  5 15:33:08 burnside uvmconsole: [526.706s][info][gc] GC(233) Concurrent Cycle 472.266ms
Jan  5 15:33:13 burnside uvmconsole: [531.858s][info][gc] GC(234) Pause Young (Normal) (G1 Evacuation Pause) 72M->46M(87M) 11.405ms
Jan  5 15:33:18 burnside uvmconsole: [537.060s][info][gc] GC(235) Pause Young (Concurrent Start) (GCLocker Initiated GC) 70M->44M(87M) 13.871ms
Jan  5 15:33:18 burnside uvmconsole: [537.060s][info][gc] GC(236) Concurrent Cycle
Jan  5 15:33:18 burnside uvmconsole: [537.375s][info][gc] GC(236) Pause Remark 57M->57M(87M) 33.818ms
Jan  5 15:33:18 burnside uvmconsole: [537.529s][info][gc] GC(236) Pause Cleanup 57M->57M(87M) 0.557ms
Jan  5 15:33:18 burnside uvmconsole: [537.530s][info][gc] GC(236) Concurrent Cycle 470.463ms
Jan  5 15:33:23 burnside uvmconsole: [542.613s][info][gc] GC(237) Pause Young (Prepare Mixed) (G1 Evacuation Pause) 71M->46M(87M) 9.428ms
Jan  5 15:33:24 burnside uvmconsole: [542.629s][info][gc] GC(238) Pause Young (Mixed) (G1 Evacuation Pause) 47M->45M(87M) 9.497ms
Jan  5 15:33:27 burnside uvmconsole: [545.962s][info][gc] GC(239) Pause Young (Normal) (G1 Evacuation Pause) 68M->45M(87M) 7.396ms
Jan  5 15:33:27 burnside uvmconsole: [546.370s][info][gc] GC(240) Pause Young (Concurrent Start) (G1 Humongous Allocation) 55M->47M(87M) 12.830ms
Jan  5 15:33:27 burnside uvmconsole: [546.370s][info][gc] GC(241) Concurrent Cycle
Jan  5 15:33:28 burnside uvmconsole: [546.696s][info][gc] GC(241) Pause Remark 53M->53M(87M) 34.327ms
Jan  5 15:33:28 burnside uvmconsole: [546.864s][info][gc] GC(241) Pause Cleanup 53M->53M(87M) 0.485ms
Jan  5 15:33:28 burnside uvmconsole: [546.866s][info][gc] GC(241) Concurrent Cycle 495.297ms
Jan  5 15:33:30 burnside uvmconsole: [548.913s][info][gc] GC(242) Pause Young (Prepare Mixed) (G1 Evacuation Pause) 68M->45M(87M) 8.170ms
Jan  5 15:33:31 burnside uvmconsole: [550.130s][info][gc] GC(243) Pause Young (Mixed) (G1 Evacuation Pause) 48M->44M(87M) 10.257ms
Jan  5 15:33:37 burnside uvmconsole: [555.756s][info][gc] GC(244) Pause Young (Normal) (G1 Evacuation Pause) 66M->44M(87M) 7.426ms
Jan  5 15:33:40 burnside uvmconsole: [558.780s][info][gc] GC(245) Pause Young (Concurrent Start) (G1 Humongous Allocation) 56M->45M(87M) 15.659ms
Jan  5 15:33:40 burnside uvmconsole: [558.781s][info][gc] GC(246) Concurrent Cycle
Jan  5 15:33:40 burnside uvmconsole: [559.092s][info][gc] GC(246) Pause Remark 50M->50M(87M) 33.879ms
Jan  5 15:33:40 burnside uvmconsole: [559.250s][info][gc] GC(246) Pause Cleanup 51M->51M(87M) 0.448ms
Jan  5 15:33:40 burnside uvmconsole: [559.252s][info][gc] GC(246) Concurrent Cycle 471.318ms
Jan  5 15:33:47 burnside uvmconsole: [566.041s][info][gc] GC(247) Pause Young (Prepare Mixed) (G1 Evacuation Pause) 69M->44M(87M) 8.523ms
Jan  5 15:33:47 burnside uvmconsole: [566.179s][info][gc] GC(248) Pause Young (Mixed) (G1 Evacuation Pause) 47M->43M(87M) 18.359ms
Jan  5 15:33:51 burnside uvmconsole: [569.689s][info][gc] GC(249) Pause Young (Normal) (G1 Evacuation Pause) 69M->44M(87M) 9.898ms
Jan  5 15:33:56 burnside uvmconsole: [574.884s][info][gc] GC(250) Pause Young (Normal) (G1 Evacuation Pause) 69M->44M(87M) 13.472ms
Jan  5 15:33:57 burnside uvmconsole: [576.363s][info][gc] GC(251) Pause Young (Concurrent Start) (G1 Evacuation Pause) 68M->45M(87M) 15.699ms
Jan  5 15:33:57 burnside uvmconsole: [576.363s][info][gc] GC(252) Concurrent Cycle
Jan  5 15:33:58 burnside uvmconsole: [576.773s][info][gc] GC(252) Pause Remark 48M->48M(87M) 47.612ms
Jan  5 15:33:58 burnside uvmconsole: [576.986s][info][gc] GC(252) Pause Cleanup 48M->48M(87M) 0.575ms
Jan  5 15:33:58 burnside uvmconsole: [576.989s][info][gc] GC(252) Concurrent Cycle 625.764ms
Jan  5 15:34:00 burnside uvmconsole: [579.411s][info][gc] GC(253) Pause Young (Prepare Mixed) (G1 Evacuation Pause) 71M->46M(87M) 17.969ms
Jan  5 15:34:01 burnside uvmconsole: [580.431s][info][gc] GC(254) Pause Young (Mixed) (G1 Evacuation Pause) 48M->45M(87M) 11.418ms
Jan  5 15:34:06 burnside uvmconsole: [585.001s][info][gc] GC(255) Pause Young (Normal) (G1 Evacuation Pause) 69M->45M(87M) 10.102ms
Jan  5 15:34:10 burnside uvmconsole: [588.938s][info][gc] GC(256) Pause Young (Normal) (G1 Evacuation Pause) 69M->46M(87M) 12.189ms
Jan  5 15:34:10 burnside uvmconsole: [588.997s][info][gc] GC(257) Pause Young (Concurrent Start) (G1 Humongous Allocation) 54M->46M(87M) 13.727ms
Jan  5 15:34:10 burnside uvmconsole: [588.998s][info][gc] GC(258) Concurrent Cycle
Jan  5 15:34:10 burnside uvmconsole: [589.324s][info][gc] GC(258) Pause Remark 52M->52M(87M) 34.908ms
Jan  5 15:34:10 burnside uvmconsole: [589.495s][info][gc] GC(258) Pause Cleanup 53M->53M(87M) 0.534ms
Jan  5 15:34:10 burnside uvmconsole: [589.497s][info][gc] GC(258) Concurrent Cycle 499.499ms
Jan  5 15:34:16 burnside uvmconsole: [595.370s][info][gc] GC(259) Pause Young (Normal) (G1 Evacuation Pause) 69M->46M(87M) 13.677ms
Jan  5 15:34:21 burnside uvmconsole: [600.584s][info][gc] GC(260) Pause Young (Normal) (G1 Evacuation Pause) 68M->46M(87M) 11.349ms
Jan  5 15:34:22 burnside uvmconsole: [600.668s][info][gc] GC(261) Pause Young (Concurrent Start) (G1 Humongous Allocation) 56M->47M(87M) 14.423ms
Jan  5 15:34:22 burnside uvmconsole: [600.668s][info][gc] GC(262) Concurrent Cycle
Jan  5 15:34:22 burnside uvmconsole: [600.988s][info][gc] GC(262) Pause Remark 50M->50M(87M) 33.991ms
Jan  5 15:34:22 burnside uvmconsole: [601.150s][info][gc] GC(262) Pause Cleanup 50M->50M(87M) 0.499ms
Jan  5 15:34:22 burnside uvmconsole: [601.152s][info][gc] GC(262) Concurrent Cycle 483.766ms
Jan  5 15:34:24 burnside uvmconsole: [603.265s][info][gc] GC(263) Pause Young (Normal) (G1 Evacuation Pause) 66M->46M(87M) 12.209ms
Jan  5 15:34:30 burnside uvmconsole: [609.433s][info][gc] GC(264) Pause Young (Concurrent Start) (G1 Evacuation Pause) 65M->46M(87M) 12.899ms
Jan  5 15:34:30 burnside uvmconsole: [609.434s][info][gc] GC(265) Concurrent Cycle
Jan  5 15:34:31 burnside uvmconsole: [609.772s][info][gc] GC(265) Pause Remark 56M->56M(87M) 33.773ms
Jan  5 15:34:31 burnside uvmconsole: [610.097s][info][gc] GC(266) Pause Full (System.gc()) 56M->41M(65M) 300.722ms
Jan  5 15:34:31 burnside uvmconsole: [610.098s][info][gc] GC(265) Concurrent Cycle 663.872ms
Jan  5 15:34:32 burnside uvmconsole: [611.494s][info][gc] GC(267) Pause Young (Normal) (G1 Evacuation Pause) 51M->43M(65M) 9.559ms
Jan  5 15:34:32 burnside uvmconsole: [611.516s][info][gc] GC(268) Pause Young (Concurrent Start) (G1 Humongous Allocation) 45M->43M(65M) 11.537ms
Jan  5 15:34:32 burnside uvmconsole: [611.516s][info][gc] GC(269) Concurrent Cycle
Jan  5 15:34:33 burnside uvmconsole: [611.848s][info][gc] GC(269) Pause Remark 47M->47M(65M) 33.640ms
Jan  5 15:34:33 burnside uvmconsole: [612.022s][info][gc] GC(269) Pause Cleanup 47M->47M(65M) 0.514ms
Jan  5 15:34:33 burnside uvmconsole: [612.024s][info][gc] GC(269) Concurrent Cycle 507.899ms
Jan  5 15:34:36 burnside uvmconsole: [614.619s][info][gc] GC(270) Pause Young (Normal) (G1 Evacuation Pause) 53M->45M(65M) 8.189ms
Jan  5 15:34:39 burnside uvmconsole: [617.774s][info][gc] GC(271) Pause Young (Concurrent Start) (G1 Evacuation Pause) 51M->45M(65M) 11.800ms
Jan  5 15:34:39 burnside uvmconsole: [617.775s][info][gc] GC(272) Concurrent Cycle
Jan  5 15:34:39 burnside uvmconsole: [617.838s][info][gc] GC(273) Pause Young (Normal) (G1 Evacuation Pause) 50M->46M(65M) 8.114ms
Jan  5 15:34:39 burnside uvmconsole: [617.881s][info][gc] GC(274) Pause Young (Normal) (G1 Evacuation Pause) 51M->46M(65M) 8.511ms
Jan  5 15:34:39 burnside uvmconsole: [618.154s][info][gc] GC(272) Pause Remark 50M->48M(65M) 33.962ms
Jan  5 15:34:39 burnside uvmconsole: [618.326s][info][gc] GC(272) Pause Cleanup 48M->48M(65M) 0.463ms
Jan  5 15:34:39 burnside uvmconsole: [618.328s][info][gc] GC(272) Concurrent Cycle 553.191ms
Jan  5 15:34:40 burnside uvmconsole: [619.054s][info][gc] GC(275) Pause Young (Normal) (G1 Evacuation Pause) 49M->43M(65M) 7.934ms
Jan  5 15:34:42 burnside uvmconsole: [620.853s][info][gc] GC(276) Pause Young (Concurrent Start) (G1 Evacuation Pause) 50M->44M(65M) 13.313ms
Jan  5 15:34:42 burnside uvmconsole: [620.855s][info][gc] GC(277) Concurrent Cycle
Jan  5 15:34:42 burnside uvmconsole: [620.909s][info][gc] GC(278) Pause Young (Normal) (G1 Evacuation Pause) 51M->45M(65M) 10.278ms
Jan  5 15:34:42 burnside uvmconsole: [621.210s][info][gc] GC(277) Pause Remark 49M->49M(65M) 34.134ms
Jan  5 15:34:42 burnside uvmconsole: [621.394s][info][gc] GC(277) Pause Cleanup 50M->50M(65M) 0.423ms
Jan  5 15:34:42 burnside uvmconsole: [621.396s][info][gc] GC(277) Concurrent Cycle 541.188ms
Jan  5 15:34:44 burnside uvmconsole: [622.977s][info][gc] GC(279) Pause Young (Prepare Mixed) (G1 Evacuation Pause) 53M->45M(65M) 10.548ms
Jan  5 15:34:44 burnside uvmconsole: [623.067s][info][gc] GC(280) Pause Young (Mixed) (G1 Evacuation Pause) 47M->44M(65M) 7.102ms
Jan  5 15:34:44 burnside uvmconsole: [623.287s][info][gc] GC(281) Pause Young (Concurrent Start) (G1 Evacuation Pause) 50M->44M(65M) 11.419ms
Jan  5 15:34:44 burnside uvmconsole: [623.288s][info][gc] GC(282) Concurrent Cycle
Jan  5 15:34:45 burnside uvmconsole: [623.638s][info][gc] GC(282) Pause Remark 46M->46M(65M) 31.524ms
Jan  5 15:34:45 burnside uvmconsole: [623.809s][info][gc] GC(282) Pause Cleanup 46M->46M(65M) 0.451ms
Jan  5 15:34:45 burnside uvmconsole: [623.811s][info][gc] GC(282) Concurrent Cycle 523.197ms
Jan  5 15:34:48 burnside uvmconsole: [627.009s][info][gc] GC(283) Pause Young (Prepare Mixed) (G1 Evacuation Pause) 50M->44M(65M) 11.737ms
Jan  5 15:34:48 burnside uvmconsole: [627.049s][info][gc] GC(284) Pause Young (Mixed) (G1 Evacuation Pause) 46M->43M(65M) 11.438ms
Jan  5 15:34:48 burnside uvmconsole: [627.139s][info][gc] GC(285) Pause Young (Concurrent Start) (G1 Evacuation Pause) 50M->43M(65M) 14.251ms
Jan  5 15:34:48 burnside uvmconsole: [627.139s][info][gc] GC(286) Concurrent Cycle
Jan  5 15:34:48 burnside uvmconsole: [627.506s][info][gc] GC(286) Pause Remark 48M->48M(65M) 41.661ms
Jan  5 15:34:49 burnside uvmconsole: [627.675s][info][gc] GC(286) Pause Cleanup 49M->49M(65M) 0.525ms
Jan  5 15:34:49 burnside uvmconsole: [627.677s][info][gc] GC(286) Concurrent Cycle 538.106ms
Jan  5 15:34:50 burnside uvmconsole: [629.493s][info][gc] GC(287) Pause Young (Normal) (G1 Evacuation Pause) 50M->43M(65M) 8.118ms
Jan  5 15:34:51 burnside uvmconsole: [630.499s][info][gc] GC(288) Pause Young (Concurrent Start) (G1 Evacuation Pause) 50M->43M(65M) 10.884ms
Jan  5 15:34:51 burnside uvmconsole: [630.499s][info][gc] GC(289) Concurrent Cycle
Jan  5 15:34:51 burnside uvmconsole: [630.603s][info][gc] GC(290) Pause Young (Normal) (G1 Evacuation Pause) 51M->43M(65M) 11.925ms
Jan  5 15:34:52 burnside uvmconsole: [630.865s][info][gc] GC(289) Pause Remark 48M->48M(65M) 33.291ms
Jan  5 15:34:52 burnside uvmconsole: [631.044s][info][gc] GC(289) Pause Cleanup 48M->48M(65M) 0.486ms
Jan  5 15:34:52 burnside uvmconsole: [631.045s][info][gc] GC(289) Concurrent Cycle 546.560ms
Jan  5 15:34:54 burnside uvmconsole: [633.393s][info][gc] GC(291) Pause Young (Normal) (G1 Evacuation Pause) 51M->43M(65M) 9.015ms
Jan  5 15:34:55 burnside uvmconsole: [633.676s][info][gc] GC(292) Pause Young (Concurrent Start) (G1 Evacuation Pause) 51M->44M(65M) 12.740ms
Jan  5 15:34:55 burnside uvmconsole: [633.677s][info][gc] GC(293) Concurrent Cycle
Jan  5 15:34:55 burnside uvmconsole: [633.993s][info][gc] GC(294) Pause Young (Normal) (G1 Evacuation Pause) 53M->43M(78M) 10.043ms
Jan  5 15:34:55 burnside uvmconsole: [634.077s][info][gc] GC(293) Pause Remark 43M->43M(78M) 31.898ms
Jan  5 15:34:55 burnside uvmconsole: [634.264s][info][gc] GC(293) Pause Cleanup 44M->44M(78M) 0.532ms
Jan  5 15:34:55 burnside uvmconsole: [634.267s][info][gc] GC(293) Concurrent Cycle 590.596ms
Jan  5 15:35:00 burnside uvmconsole: [639.110s][info][gc] GC(295) Pause Young (Normal) (G1 Evacuation Pause) 59M->44M(78M) 10.992ms
Jan  5 15:35:05 burnside uvmconsole: [644.017s][info][gc] GC(296) Pause Young (Concurrent Start) (G1 Evacuation Pause) 61M->44M(78M) 11.329ms
Jan  5 15:35:05 burnside uvmconsole: [644.017s][info][gc] GC(297) Concurrent Cycle
Jan  5 15:35:05 burnside uvmconsole: [644.388s][info][gc] GC(297) Pause Remark 46M->46M(78M) 46.422ms
Jan  5 15:35:05 burnside uvmconsole: [644.602s][info][gc] GC(297) Pause Cleanup 61M->61M(78M) 0.585ms
Jan  5 15:35:05 burnside uvmconsole: [644.605s][info][gc] GC(297) Concurrent Cycle 587.425ms
Jan  5 15:35:06 burnside uvmconsole: [645.514s][info][gc] GC(298) Pause Young (Normal) (G1 Evacuation Pause) 63M->43M(78M) 10.914ms
Jan  5 15:35:08 burnside uvmconsole: [646.666s][info][gc] GC(299) Pause Young (Concurrent Start) (G1 Evacuation Pause) 60M->43M(78M) 10.650ms
Jan  5 15:35:08 burnside uvmconsole: [646.667s][info][gc] GC(300) Concurrent Cycle
Jan  5 15:35:08 burnside uvmconsole: [646.984s][info][gc] GC(300) Pause Remark 44M->44M(78M) 32.342ms
Jan  5 15:35:08 burnside uvmconsole: [647.149s][info][gc] GC(300) Pause Cleanup 44M->44M(78M) 0.714ms
Jan  5 15:35:08 burnside uvmconsole: [647.151s][info][gc] GC(300) Concurrent Cycle 483.123ms
Jan  5 15:35:16 burnside uvmconsole: [655.207s][info][gc] GC(301) Pause Young (Normal) (G1 Evacuation Pause) 61M->44M(78M) 14.259ms
Jan  5 15:35:16 burnside uvmconsole: [655.313s][info][gc] GC(302) Pause Young (Concurrent Start) (G1 Humongous Allocation) 60M->45M(78M) 15.975ms
Jan  5 15:35:16 burnside uvmconsole: [655.314s][info][gc] GC(303) Concurrent Cycle
Jan  5 15:35:17 burnside uvmconsole: [655.640s][info][gc] GC(303) Pause Remark 50M->50M(78M) 33.932ms
Jan  5 15:35:17 burnside uvmconsole: [655.813s][info][gc] GC(303) Pause Cleanup 50M->50M(78M) 0.486ms
Jan  5 15:35:17 burnside uvmconsole: [655.815s][info][gc] GC(303) Concurrent Cycle 500.997ms
Jan  5 15:35:24 burnside uvmconsole: [662.763s][info][gc] GC(304) Pause Young (Normal) (G1 Evacuation Pause) 63M->44M(78M) 11.708ms
Jan  5 15:35:26 burnside uvmconsole: [664.893s][info][gc] GC(305) Pause Young (Concurrent Start) (G1 Evacuation Pause) 62M->44M(78M) 20.114ms
Jan  5 15:35:26 burnside uvmconsole: [664.894s][info][gc] GC(306) Concurrent Cycle
Jan  5 15:35:26 burnside uvmconsole: [665.241s][info][gc] GC(306) Pause Remark 56M->56M(78M) 30.906ms
Jan  5 15:35:26 burnside uvmconsole: [665.411s][info][gc] GC(306) Pause Cleanup 56M->56M(78M) 0.496ms
Jan  5 15:35:26 burnside uvmconsole: [665.413s][info][gc] GC(306) Concurrent Cycle 519.188ms
Jan  5 15:35:28 burnside uvmconsole: [667.177s][info][gc] GC(307) Pause Young (Prepare Mixed) (G1 Evacuation Pause) 63M->44M(78M) 9.069ms
Jan  5 15:35:28 burnside uvmconsole: [667.257s][info][gc] GC(308) Pause Young (Mixed) (G1 Evacuation Pause) 46M->43M(78M) 7.717ms
Jan  5 15:35:32 burnside uvmconsole: [671.212s][info][gc] GC(309) Pause Young (Concurrent Start) (G1 Evacuation Pause) 62M->43M(78M) 11.672ms
Jan  5 15:35:32 burnside uvmconsole: [671.212s][info][gc] GC(310) Concurrent Cycle
Jan  5 15:35:32 burnside uvmconsole: [671.538s][info][gc] GC(310) Pause Remark 47M->47M(78M) 30.496ms
Jan  5 15:35:33 burnside uvmconsole: [671.702s][info][gc] GC(310) Pause Cleanup 47M->47M(78M) 0.540ms
Jan  5 15:35:33 burnside uvmconsole: [671.703s][info][gc] GC(310) Concurrent Cycle 491.112ms
Jan  5 15:35:37 burnside uvmconsole: [676.409s][info][gc] GC(311) Pause Young (Normal) (G1 Evacuation Pause) 62M->44M(78M) 11.266ms
Jan  5 15:35:37 burnside uvmconsole: [676.458s][info][gc] GC(312) Pause Young (Concurrent Start) (G1 Humongous Allocation) 48M->44M(78M) 13.666ms
Jan  5 15:35:37 burnside uvmconsole: [676.458s][info][gc] GC(313) Concurrent Cycle
Jan  5 15:35:38 burnside uvmconsole: [676.782s][info][gc] GC(313) Pause Remark 50M->50M(78M) 31.784ms
Jan  5 15:35:38 burnside uvmconsole: [676.945s][info][gc] GC(313) Pause Cleanup 50M->50M(78M) 0.478ms
Jan  5 15:35:38 burnside uvmconsole: [676.947s][info][gc] GC(313) Concurrent Cycle 488.967ms
Jan  5 15:35:40 burnside uvmconsole: [678.973s][info][gc] GC(314) Pause Young (Normal) (G1 Evacuation Pause) 62M->43M(78M) 16.860ms
Jan  5 15:35:45 burnside uvmconsole: [684.105s][info][gc] GC(315) Pause Young (Concurrent Start) (GCLocker Initiated GC) 60M->43M(78M) 11.677ms
Jan  5 15:35:45 burnside uvmconsole: [684.105s][info][gc] GC(316) Concurrent Cycle
Jan  5 15:35:45 burnside uvmconsole: [684.434s][info][gc] GC(316) Pause Remark 50M->50M(78M) 31.498ms
Jan  5 15:35:45 burnside uvmconsole: [684.606s][info][gc] GC(316) Pause Cleanup 51M->51M(78M) 0.436ms
Jan  5 15:35:45 burnside uvmconsole: [684.609s][info][gc] GC(316) Concurrent Cycle 503.221ms
Jan  5 15:35:48 burnside uvmconsole: [687.268s][info][gc] GC(317) Pause Young (Prepare Mixed) (G1 Evacuation Pause) 60M->44M(78M) 10.955ms
Jan  5 15:35:48 burnside uvmconsole: [687.289s][info][gc] GC(318) Pause Young (Mixed) (G1 Evacuation Pause) 45M->44M(78M) 10.506ms
Jan  5 15:35:48 burnside uvmconsole: [687.313s][info][gc] GC(319) Pause Young (Concurrent Start) (G1 Humongous Allocation) 47M->45M(78M) 8.921ms
Jan  5 15:35:48 burnside uvmconsole: [687.314s][info][gc] GC(320) Concurrent Cycle
Jan  5 15:35:49 burnside uvmconsole: [687.630s][info][gc] GC(320) Pause Remark 49M->49M(78M) 35.702ms
Jan  5 15:35:49 burnside uvmconsole: [687.799s][info][gc] GC(320) Pause Cleanup 50M->50M(78M) 0.604ms
Jan  5 15:35:49 burnside uvmconsole: [687.802s][info][gc] GC(320) Concurrent Cycle 488.196ms
Jan  5 15:35:54 burnside uvmconsole: [693.551s][info][gc] GC(321) Pause Young (Normal) (G1 Evacuation Pause) 64M->47M(78M) 12.530ms
Jan  5 15:36:01 burnside uvmconsole: [699.695s][info][gc] GC(322) Pause Young (Concurrent Start) (G1 Evacuation Pause) 62M->48M(78M) 16.298ms
Jan  5 15:36:01 burnside uvmconsole: [699.696s][info][gc] GC(323) Concurrent Cycle
Jan  5 15:36:01 burnside uvmconsole: [699.803s][info][gc] GC(324) Pause Young (Normal) (G1 Evacuation Pause) 64M->47M(78M) 9.946ms
Jan  5 15:36:01 burnside uvmconsole: [700.063s][info][gc] GC(323) Pause Remark 57M->55M(78M) 31.337ms
Jan  5 15:36:01 burnside uvmconsole: [700.224s][info][gc] GC(323) Pause Cleanup 55M->55M(78M) 0.438ms
Jan  5 15:36:01 burnside uvmconsole: [700.226s][info][gc] GC(323) Concurrent Cycle 529.970ms
Jan  5 15:36:04 burnside uvmconsole: [703.047s][info][gc] GC(325) Pause Young (Prepare Mixed) (G1 Evacuation Pause) 61M->45M(78M) 9.405ms
Jan  5 15:36:04 burnside uvmconsole: [703.077s][info][gc] GC(326) Pause Young (Mixed) (G1 Evacuation Pause) 47M->45M(78M) 9.521ms
Jan  5 15:36:08 burnside uvmconsole: [707.101s][info][gc] GC(327) Pause Young (Concurrent Start) (G1 Evacuation Pause) 62M->45M(78M) 10.006ms
Jan  5 15:36:08 burnside uvmconsole: [707.102s][info][gc] GC(328) Concurrent Cycle
Jan  5 15:36:08 burnside uvmconsole: [707.407s][info][gc] GC(328) Pause Remark 45M->45M(78M) 31.791ms
Jan  5 15:36:08 burnside uvmconsole: [707.574s][info][gc] GC(328) Pause Cleanup 46M->46M(78M) 0.472ms
Jan  5 15:36:08 burnside uvmconsole: [707.576s][info][gc] GC(328) Concurrent Cycle 474.423ms
Jan  5 15:36:09 burnside uvmconsole: [708.443s][info][gc] GC(329) Pause Young (Prepare Mixed) (GCLocker Initiated GC) 65M->45M(78M) 8.187ms
Jan  5 15:36:10 burnside uvmconsole: [708.885s][info][gc] GC(330) Pause Young (Mixed) (G1 Evacuation Pause) 47M->44M(78M) 8.784ms
Jan  5 15:36:11 burnside uvmconsole: [709.976s][info][gc] GC(331) Pause Young (Concurrent Start) (G1 Evacuation Pause) 62M->44M(78M) 10.445ms
Jan  5 15:36:11 burnside uvmconsole: [709.978s][info][gc] GC(332) Concurrent Cycle
Jan  5 15:36:11 burnside uvmconsole: [710.319s][info][gc] GC(332) Pause Remark 46M->46M(78M) 31.175ms
Jan  5 15:36:11 burnside uvmconsole: [710.481s][info][gc] GC(332) Pause Cleanup 47M->47M(78M) 0.459ms
Jan  5 15:36:11 burnside uvmconsole: [710.483s][info][gc] GC(332) Concurrent Cycle 505.672ms
Jan  5 15:36:15 burnside uvmconsole: [713.758s][info][gc] GC(333) Pause Young (Prepare Mixed) (G1 Evacuation Pause) 63M->45M(78M) 11.721ms
Jan  5 15:36:15 burnside uvmconsole: [713.787s][info][gc] GC(334) Pause Young (Mixed) (G1 Evacuation Pause) 46M->45M(78M) 19.110ms
Jan  5 15:36:21 burnside uvmconsole: [720.423s][info][gc] GC(335) Pause Young (Concurrent Start) (G1 Evacuation Pause) 64M->46M(78M) 37.017ms
Jan  5 15:36:21 burnside uvmconsole: [720.423s][info][gc] GC(336) Concurrent Cycle
Jan  5 15:36:21 burnside uvmconsole: [720.613s][info][gc] GC(337) Pause Young (Normal) (G1 Evacuation Pause) 65M->46M(78M) 12.772ms
Jan  5 15:36:22 burnside uvmconsole: [720.796s][info][gc] GC(336) Pause Remark 49M->49M(78M) 35.510ms
Jan  5 15:36:22 burnside uvmconsole: [720.966s][info][gc] GC(336) Pause Cleanup 49M->49M(78M) 0.538ms
Jan  5 15:36:22 burnside uvmconsole: [720.968s][info][gc] GC(336) Concurrent Cycle 544.642ms
Jan  5 15:36:30 burnside uvmconsole: [728.846s][info][gc] GC(338) Pause Young (Prepare Mixed) (G1 Evacuation Pause) 64M->46M(78M) 8.726ms
Jan  5 15:36:30 burnside uvmconsole: [728.880s][info][gc] GC(339) Pause Young (Mixed) (G1 Evacuation Pause) 48M->45M(78M) 9.721ms
Jan  5 15:36:32 burnside uvmconsole: [730.977s][info][gc] GC(340) Pause Young (Concurrent Start) (G1 Humongous Allocation) 62M->46M(78M) 14.038ms
Jan  5 15:36:32 burnside uvmconsole: [730.979s][info][gc] GC(341) Concurrent Cycle
Jan  5 15:36:32 burnside uvmconsole: [731.325s][info][gc] GC(341) Pause Remark 51M->51M(78M) 30.774ms
Jan  5 15:36:32 burnside uvmconsole: [731.485s][info][gc] GC(341) Pause Cleanup 51M->51M(78M) 0.501ms
Jan  5 15:36:32 burnside uvmconsole: [731.487s][info][gc] GC(341) Concurrent Cycle 508.256ms
Jan  5 15:36:37 burnside uvmconsole: [736.290s][info][gc] GC(342) Pause Young (Prepare Mixed) (G1 Evacuation Pause) 66M->45M(78M) 10.508ms
Jan  5 15:36:38 burnside uvmconsole: [736.683s][info][gc] GC(343) Pause Young (Mixed) (G1 Evacuation Pause) 47M->44M(78M) 6.840ms
Jan  5 15:36:42 burnside uvmconsole: [741.608s][info][gc] GC(344) Pause Young (Concurrent Start) (G1 Evacuation Pause) 63M->45M(78M) 17.608ms
Jan  5 15:36:42 burnside uvmconsole: [741.609s][info][gc] GC(345) Concurrent Cycle
Jan  5 15:36:43 burnside uvmconsole: [741.996s][info][gc] GC(345) Pause Remark 53M->53M(78M) 43.947ms
Jan  5 15:36:43 burnside uvmconsole: [742.169s][info][gc] GC(345) Pause Cleanup 53M->53M(78M) 0.445ms
Jan  5 15:36:43 burnside uvmconsole: [742.171s][info][gc] GC(345) Concurrent Cycle 561.898ms
Jan  5 15:36:46 burnside uvmconsole: [745.037s][info][gc] GC(346) Pause Young (Normal) (G1 Evacuation Pause) 65M->45M(78M) 9.955ms
Jan  5 15:36:50 burnside uvmconsole: [749.153s][info][gc] GC(347) Pause Young (Concurrent Start) (G1 Evacuation Pause) 64M->45M(78M) 11.855ms
Jan  5 15:36:50 burnside uvmconsole: [749.153s][info][gc] GC(348) Concurrent Cycle
Jan  5 15:36:50 burnside uvmconsole: [749.492s][info][gc] GC(348) Pause Remark 56M->56M(78M) 31.531ms
Jan  5 15:36:51 burnside uvmconsole: [749.657s][info][gc] GC(348) Pause Cleanup 57M->57M(78M) 0.516ms
Jan  5 15:36:51 burnside uvmconsole: [749.659s][info][gc] GC(348) Concurrent Cycle 506.159ms
Jan  5 15:36:53 burnside uvmconsole: [751.950s][info][gc] GC(349) Pause Young (Normal) (G1 Evacuation Pause) 64M->45M(78M) 14.012ms
Jan  5 15:36:53 burnside uvmconsole: [752.374s][info][gc] GC(350) Pause Young (Concurrent Start) (G1 Humongous Allocation) 57M->46M(78M) 15.324ms
Jan  5 15:36:53 burnside uvmconsole: [752.374s][info][gc] GC(351) Concurrent Cycle
Jan  5 15:36:54 burnside uvmconsole: [752.722s][info][gc] GC(351) Pause Remark 63M->63M(78M) 30.583ms
Jan  5 15:36:54 burnside uvmconsole: [752.885s][info][gc] GC(351) Pause Cleanup 63M->63M(78M) 0.484ms
Jan  5 15:36:54 burnside uvmconsole: [752.886s][info][gc] GC(351) Concurrent Cycle 512.021ms
Jan  5 15:36:57 burnside uvmconsole: [756.519s][info][gc] GC(352) Pause Young (Normal) (G1 Evacuation Pause) 66M->45M(78M) 12.875ms
Jan  5 15:37:01 burnside uvmconsole: [759.832s][info][gc] GC(353) Pause Young (Concurrent Start) (G1 Evacuation Pause) 64M->45M(78M) 12.353ms
Jan  5 15:37:01 burnside uvmconsole: [759.833s][info][gc] GC(354) Concurrent Cycle
Jan  5 15:37:01 burnside uvmconsole: [760.175s][info][gc] GC(354) Pause Remark 60M->60M(78M) 33.410ms
Jan  5 15:37:01 burnside uvmconsole: [760.359s][info][gc] GC(354) Pause Cleanup 61M->61M(78M) 0.482ms
Jan  5 15:37:01 burnside uvmconsole: [760.361s][info][gc] GC(354) Concurrent Cycle 528.577ms
Jan  5 15:37:03 burnside uvmconsole: [762.424s][info][gc] GC(355) Pause Young (Prepare Mixed) (G1 Evacuation Pause) 64M->45M(78M) 9.719ms
Jan  5 15:37:03 burnside uvmconsole: [762.453s][info][gc] GC(356) Pause Young (Mixed) (G1 Evacuation Pause) 47M->44M(78M) 10.206ms
Jan  5 15:37:04 burnside uvmconsole: [763.088s][info][gc] GC(357) Pause Young (Concurrent Start) (G1 Humongous Allocation) 60M->46M(78M) 21.498ms
Jan  5 15:37:04 burnside uvmconsole: [763.089s][info][gc] GC(358) Concurrent Cycle
Jan  5 15:37:04 burnside uvmconsole: [763.514s][info][gc] GC(358) Pause Remark 49M->49M(78M) 41.354ms
Jan  5 15:37:05 burnside uvmconsole: [763.688s][info][gc] GC(358) Pause Cleanup 50M->50M(78M) 0.564ms
Jan  5 15:37:05 burnside uvmconsole: [763.690s][info][gc] GC(358) Concurrent Cycle 601.047ms
Jan  5 15:37:13 burnside uvmconsole: [771.817s][info][gc] GC(359) Pause Young (Normal) (G1 Evacuation Pause) 65M->45M(78M) 10.810ms
Jan  5 15:37:16 burnside uvmconsole: [774.957s][info][gc] GC(360) Pause Young (Concurrent Start) (G1 Evacuation Pause) 63M->45M(78M) 14.427ms
Jan  5 15:37:16 burnside uvmconsole: [774.957s][info][gc] GC(361) Concurrent Cycle
Jan  5 15:37:16 burnside uvmconsole: [775.148s][info][gc] GC(362) Pause Young (Normal) (G1 Evacuation Pause) 64M->45M(78M) 10.037ms
Jan  5 15:37:16 burnside uvmconsole: [775.321s][info][gc] GC(361) Pause Remark 53M->53M(78M) 33.339ms
Jan  5 15:37:16 burnside uvmconsole: [775.482s][info][gc] GC(361) Pause Cleanup 53M->53M(78M) 0.462ms
Jan  5 15:37:16 burnside uvmconsole: [775.484s][info][gc] GC(361) Concurrent Cycle 526.772ms
Jan  5 15:37:23 burnside uvmconsole: [781.883s][info][gc] GC(363) Pause Young (Prepare Mixed) (G1 Evacuation Pause) 63M->45M(78M) 9.140ms
Jan  5 15:37:23 burnside uvmconsole: [782.611s][info][gc] GC(364) Pause Young (Mixed) (G1 Evacuation Pause) 47M->44M(78M) 12.840ms
Jan  5 15:37:27 burnside uvmconsole: [785.981s][info][gc] GC(365) Pause Young (Concurrent Start) (G1 Evacuation Pause) 63M->45M(78M) 19.618ms
Jan  5 15:37:27 burnside uvmconsole: [785.982s][info][gc] GC(366) Concurrent Cycle
Jan  5 15:37:27 burnside uvmconsole: [786.324s][info][gc] GC(366) Pause Remark 49M->49M(78M) 44.442ms
Jan  5 15:37:27 burnside uvmconsole: [786.517s][info][gc] GC(366) Pause Cleanup 49M->49M(78M) 0.583ms
Jan  5 15:37:27 burnside uvmconsole: [786.519s][info][gc] GC(366) Concurrent Cycle 537.476ms
Jan  5 15:37:29 burnside uvmconsole: [788.035s][info][gc] GC(367) Pause Young (Concurrent Start) (G1 Humongous Allocation) 61M->46M(78M) 14.393ms
Jan  5 15:37:29 burnside uvmconsole: [788.035s][info][gc] GC(368) Concurrent Cycle
Jan  5 15:37:29 burnside uvmconsole: [788.357s][info][gc] GC(368) Pause Remark 50M->50M(78M) 32.581ms
Jan  5 15:37:29 burnside uvmconsole: [788.528s][info][gc] GC(368) Pause Cleanup 51M->51M(78M) 0.885ms
Jan  5 15:37:29 burnside uvmconsole: [788.530s][info][gc] GC(368) Concurrent Cycle 495.123ms
Jan  5 15:37:31 burnside uvmconsole: [790.514s][info][gc] GC(369) Pause Young (Normal) (G1 Evacuation Pause) 66M->45M(78M) 19.776ms
Jan  5 15:37:35 burnside uvmconsole: [794.357s][info][gc] GC(370) Pause Young (Concurrent Start) (G1 Evacuation Pause) 63M->45M(78M) 13.315ms
Jan  5 15:37:35 burnside uvmconsole: [794.358s][info][gc] GC(371) Concurrent Cycle
Jan  5 15:37:36 burnside uvmconsole: [794.676s][info][gc] GC(371) Pause Remark 47M->47M(78M) 32.283ms
Jan  5 15:37:36 burnside uvmconsole: [794.843s][info][gc] GC(371) Pause Cleanup 47M->47M(78M) 0.490ms
Jan  5 15:37:36 burnside uvmconsole: [794.845s][info][gc] GC(371) Concurrent Cycle 486.930ms
Jan  5 15:37:38 burnside uvmconsole: [797.397s][info][gc] GC(372) Pause Young (Normal) (G1 Evacuation Pause) 63M->45M(78M) 14.632ms
Jan  5 15:37:40 burnside uvmconsole: [799.444s][info][gc] GC(373) Pause Young (Concurrent Start) (G1 Humongous Allocation) 62M->46M(78M) 13.657ms
Jan  5 15:37:40 burnside uvmconsole: [799.446s][info][gc] GC(374) Concurrent Cycle
Jan  5 15:37:41 burnside uvmconsole: [799.769s][info][gc] GC(374) Pause Remark 51M->51M(78M) 33.614ms
Jan  5 15:37:41 burnside uvmconsole: [799.938s][info][gc] GC(374) Pause Cleanup 52M->52M(78M) 0.527ms
Jan  5 15:37:41 burnside uvmconsole: [799.939s][info][gc] GC(374) Concurrent Cycle 493.412ms
Jan  5 15:37:47 burnside uvmconsole: [805.905s][info][gc] GC(375) Pause Young (Normal) (G1 Evacuation Pause) 65M->45M(78M) 10.909ms
Jan  5 15:37:50 burnside uvmconsole: [809.232s][info][gc] GC(376) Pause Young (Concurrent Start) (G1 Evacuation Pause) 63M->46M(78M) 19.105ms
Jan  5 15:37:50 burnside uvmconsole: [809.233s][info][gc] GC(377) Concurrent Cycle
Jan  5 15:37:50 burnside uvmconsole: [809.589s][info][gc] GC(377) Pause Remark 60M->60M(78M) 42.241ms
Jan  5 15:37:51 burnside uvmconsole: [809.759s][info][gc] GC(377) Pause Cleanup 61M->61M(78M) 0.528ms
Jan  5 15:37:51 burnside uvmconsole: [809.761s][info][gc] GC(377) Concurrent Cycle 528.278ms
Jan  5 15:37:54 burnside uvmconsole: [812.839s][info][gc] GC(378) Pause Young (Prepare Mixed) (G1 Evacuation Pause) 65M->45M(78M) 9.087ms
Jan  5 15:37:55 burnside uvmconsole: [813.672s][info][gc] GC(379) Pause Young (Mixed) (G1 Evacuation Pause) 47M->44M(78M) 9.931ms
Jan  5 15:38:00 burnside uvmconsole: [818.671s][info][gc] GC(380) Pause Young (Normal) (G1 Evacuation Pause) 63M->45M(78M) 14.786ms
Jan  5 15:38:02 burnside uvmconsole: [821.382s][info][gc] GC(381) Pause Young (Normal) (G1 Evacuation Pause) 64M->45M(78M) 13.361ms
Jan  5 15:38:02 burnside uvmconsole: [821.473s][info][gc] GC(382) Pause Young (Concurrent Start) (G1 Humongous Allocation) 62M->46M(78M) 15.640ms
Jan  5 15:38:02 burnside uvmconsole: [821.473s][info][gc] GC(383) Concurrent Cycle
Jan  5 15:38:03 burnside uvmconsole: [821.789s][info][gc] GC(383) Pause Remark 51M->51M(78M) 31.513ms
Jan  5 15:38:03 burnside uvmconsole: [821.951s][info][gc] GC(383) Pause Cleanup 51M->51M(78M) 0.585ms
Jan  5 15:38:03 burnside uvmconsole: [821.953s][info][gc] GC(383) Concurrent Cycle 479.328ms
Jan  5 15:38:09 burnside uvmconsole: [828.321s][info][gc] GC(384) Pause Young (Normal) (G1 Evacuation Pause) 65M->45M(78M) 9.383ms
Jan  5 15:38:11 burnside uvmconsole: [830.304s][info][gc] GC(385) Pause Young (Concurrent Start) (G1 Humongous Allocation) 58M->46M(78M) 13.621ms
Jan  5 15:38:11 burnside uvmconsole: [830.304s][info][gc] GC(386) Concurrent Cycle
Jan  5 15:38:12 burnside uvmconsole: [830.627s][info][gc] GC(386) Pause Remark 51M->51M(78M) 31.735ms
Jan  5 15:38:12 burnside uvmconsole: [830.795s][info][gc] GC(386) Pause Cleanup 52M->52M(78M) 0.499ms
Jan  5 15:38:12 burnside uvmconsole: [830.797s][info][gc] GC(386) Concurrent Cycle 493.136ms
Jan  5 15:38:12 burnside uvmconsole: [831.521s][info][gc] GC(387) Pause Young (Prepare Mixed) (G1 Evacuation Pause) 65M->45M(78M) 10.560ms
Jan  5 15:38:13 burnside uvmconsole: [832.013s][info][gc] GC(388) Pause Young (Mixed) (G1 Evacuation Pause) 47M->44M(78M) 8.736ms
Jan  5 15:38:20 burnside uvmconsole: [838.735s][info][gc] GC(389) Pause Young (Normal) (G1 Evacuation Pause) 63M->44M(78M) 20.392ms
Jan  5 15:38:23 burnside uvmconsole: [842.369s][info][gc] GC(390) Pause Young (Concurrent Start) (G1 Humongous Allocation) 60M->45M(78M) 17.096ms
Jan  5 15:38:23 burnside uvmconsole: [842.370s][info][gc] GC(391) Concurrent Cycle
Jan  5 15:38:24 burnside uvmconsole: [842.717s][info][gc] GC(391) Pause Remark 62M->62M(78M) 35.006ms
Jan  5 15:38:24 burnside uvmconsole: [842.876s][info][gc] GC(391) Pause Cleanup 62M->62M(78M) 0.485ms
Jan  5 15:38:24 burnside uvmconsole: [842.877s][info][gc] GC(391) Concurrent Cycle 507.889ms
Jan  5 15:38:28 burnside uvmconsole: [846.973s][info][gc] GC(392) Pause Young (Normal) (G1 Evacuation Pause) 65M->44M(78M) 7.816ms
Jan  5 15:38:33 burnside uvmconsole: [852.106s][info][gc] GC(393) Pause Young (Concurrent Start) (G1 Evacuation Pause) 64M->45M(78M) 15.125ms
Jan  5 15:38:33 burnside uvmconsole: [852.107s][info][gc] GC(394) Concurrent Cycle
Jan  5 15:38:33 burnside uvmconsole: [852.456s][info][gc] GC(394) Pause Remark 58M->58M(78M) 31.736ms
Jan  5 15:38:33 burnside uvmconsole: [852.613s][info][gc] GC(394) Pause Cleanup 58M->58M(78M) 0.500ms
Jan  5 15:38:33 burnside uvmconsole: [852.615s][info][gc] GC(394) Concurrent Cycle 508.023ms
Jan  5 15:38:38 burnside uvmconsole: [857.391s][info][gc] GC(395) Pause Young (Normal) (G1 Evacuation Pause) 66M->44M(78M) 8.839ms
Jan  5 15:38:43 burnside uvmconsole: [862.415s][info][gc] GC(396) Pause Young (Concurrent Start) (G1 Evacuation Pause) 64M->45M(78M) 12.801ms
Jan  5 15:38:43 burnside uvmconsole: [862.416s][info][gc] GC(397) Concurrent Cycle
Jan  5 15:38:44 burnside uvmconsole: [862.769s][info][gc] GC(397) Pause Remark 60M->60M(78M) 33.405ms
Jan  5 15:38:44 burnside uvmconsole: [862.935s][info][gc] GC(397) Pause Cleanup 61M->61M(78M) 0.533ms
Jan  5 15:38:44 burnside uvmconsole: [862.936s][info][gc] GC(397) Concurrent Cycle 520.556ms
Jan  5 15:38:46 burnside uvmconsole: [865.591s][info][gc] GC(398) Pause Young (Normal) (G1 Evacuation Pause) 67M->45M(78M) 10.285ms
Jan  5 15:38:51 burnside uvmconsole: [869.901s][info][gc] GC(399) Pause Young (Concurrent Start) (G1 Evacuation Pause) 65M->44M(78M) 10.711ms
Jan  5 15:38:51 burnside uvmconsole: [869.901s][info][gc] GC(400) Concurrent Cycle
Jan  5 15:38:51 burnside uvmconsole: [870.237s][info][gc] GC(400) Pause Remark 57M->57M(78M) 32.555ms
Jan  5 15:38:51 burnside uvmconsole: [870.403s][info][gc] GC(400) Pause Cleanup 57M->57M(78M) 0.461ms
Jan  5 15:38:51 burnside uvmconsole: [870.404s][info][gc] GC(400) Concurrent Cycle 503.052ms
Jan  5 15:38:54 burnside uvmconsole: [873.191s][info][gc] GC(401) Pause Young (Prepare Mixed) (G1 Evacuation Pause) 64M->45M(78M) 14.565ms
Jan  5 15:38:54 burnside uvmconsole: [873.217s][info][gc] GC(402) Pause Young (Mixed) (G1 Evacuation Pause) 46M->45M(78M) 12.699ms
Jan  5 15:38:54 burnside uvmconsole: [873.387s][info][gc] GC(403) Pause Young (Normal) (G1 Evacuation Pause) 66M->45M(78M) 10.121ms
Jan  5 15:39:01 burnside uvmconsole: [880.005s][info][gc] GC(404) Pause Young (Normal) (G1 Evacuation Pause) 64M->45M(78M) 13.036ms
Jan  5 15:39:04 burnside uvmconsole: [883.300s][info][gc] GC(405) Pause Young (Concurrent Start) (G1 Evacuation Pause) 63M->46M(78M) 17.516ms
Jan  5 15:39:04 burnside uvmconsole: [883.301s][info][gc] GC(406) Concurrent Cycle
Jan  5 15:39:05 burnside uvmconsole: [883.645s][info][gc] GC(406) Pause Remark 58M->58M(78M) 34.262ms
Jan  5 15:39:05 burnside uvmconsole: [883.827s][info][gc] GC(406) Pause Cleanup 58M->58M(78M) 0.640ms
Jan  5 15:39:05 burnside uvmconsole: [883.829s][info][gc] GC(406) Concurrent Cycle 528.366ms
Jan  5 15:39:09 burnside uvmconsole: [888.527s][info][gc] GC(407) Pause Young (Normal) (G1 Evacuation Pause) 66M->45M(78M) 12.086ms
Jan  5 15:39:16 burnside uvmconsole: [894.745s][info][gc] GC(408) Pause Young (Concurrent Start) (G1 Evacuation Pause) 64M->45M(78M) 9.593ms
Jan  5 15:39:16 burnside uvmconsole: [894.745s][info][gc] GC(409) Concurrent Cycle
Jan  5 15:39:16 burnside uvmconsole: [895.110s][info][gc] GC(409) Pause Remark 54M->54M(78M) 32.585ms
Jan  5 15:39:16 burnside uvmconsole: [895.197s][info][gc] GC(410) Pause Young (Normal) (G1 Evacuation Pause) 64M->47M(78M) 14.438ms
Jan  5 15:39:16 burnside uvmconsole: [895.335s][info][gc] GC(409) Pause Cleanup 56M->56M(78M) 0.452ms
Jan  5 15:39:16 burnside uvmconsole: [895.337s][info][gc] GC(409) Concurrent Cycle 591.935ms
Jan  5 15:39:23 burnside uvmconsole: [901.827s][info][gc] GC(411) Pause Young (Prepare Mixed) (G1 Evacuation Pause) 66M->45M(78M) 9.720ms
Jan  5 15:39:23 burnside uvmconsole: [901.857s][info][gc] GC(412) Pause Young (Mixed) (G1 Evacuation Pause) 47M->45M(78M) 8.747ms
Jan  5 15:39:26 burnside uvmconsole: [905.104s][info][gc] GC(413) Pause Young (Normal) (G1 Evacuation Pause) 64M->45M(78M) 10.767ms
Jan  5 15:39:26 burnside uvmconsole: [905.162s][info][gc] GC(414) Pause Young (Concurrent Start) (G1 Humongous Allocation) 53M->46M(78M) 11.896ms
Jan  5 15:39:26 burnside uvmconsole: [905.163s][info][gc] GC(415) Concurrent Cycle
Jan  5 15:39:26 burnside uvmconsole: [905.499s][info][gc] GC(415) Pause Remark 50M->50M(78M) 32.833ms
Jan  5 15:39:27 burnside uvmconsole: [905.666s][info][gc] GC(415) Pause Cleanup 50M->50M(78M) 0.427ms
Jan  5 15:39:27 burnside uvmconsole: [905.668s][info][gc] GC(415) Concurrent Cycle 505.236ms
Jan  5 15:39:31 burnside uvmconsole: [909.662s][info][gc] GC(416) Pause Young (Prepare Mixed) (G1 Evacuation Pause) 62M->45M(78M) 8.232ms
Jan  5 15:39:31 burnside uvmconsole: [909.730s][info][gc] GC(417) Pause Young (Mixed) (G1 Evacuation Pause) 47M->44M(78M) 8.608ms
Jan  5 15:39:31 burnside uvmconsole: [910.062s][info][gc] GC(418) Pause Full (System.gc()) 47M->40M(62M) 268.266ms
Jan  5 15:39:34 burnside uvmconsole: [912.925s][info][gc] GC(419) Pause Young (Normal) (G1 Evacuation Pause) 49M->41M(62M) 7.569ms
Jan  5 15:39:34 burnside uvmconsole: [913.025s][info][gc] GC(420) Pause Young (Normal) (G1 Evacuation Pause) 49M->40M(62M) 6.995ms
Jan  5 15:39:38 burnside uvmconsole: [917.245s][info][gc] GC(421) Pause Young (Concurrent Start) (G1 Evacuation Pause) 49M->41M(62M) 15.476ms
Jan  5 15:39:38 burnside uvmconsole: [917.245s][info][gc] GC(422) Concurrent Cycle
Jan  5 15:39:38 burnside uvmconsole: [917.323s][info][gc] GC(423) Pause Young (Normal) (GCLocker Initiated GC) 52M->41M(62M) 7.096ms
Jan  5 15:39:38 burnside uvmconsole: [917.434s][info][gc] GC(424) Pause Young (Normal) (G1 Evacuation Pause) 49M->41M(62M) 8.942ms
Jan  5 15:39:39 burnside uvmconsole: [917.640s][info][gc] GC(422) Pause Remark 42M->42M(62M) 42.073ms
Jan  5 15:39:39 burnside uvmconsole: [917.807s][info][gc] GC(422) Pause Cleanup 42M->42M(62M) 0.583ms
Jan  5 15:39:39 burnside uvmconsole: [917.808s][info][gc] GC(422) Concurrent Cycle 563.486ms
Jan  5 15:39:46 burnside uvmconsole: [924.797s][info][gc] GC(425) Pause Young (Normal) (G1 Evacuation Pause) 49M->40M(62M) 6.985ms
Jan  5 15:39:46 burnside uvmconsole: [924.948s][info][gc] GC(426) Pause Young (Concurrent Start) (G1 Evacuation Pause) 48M->41M(62M) 9.869ms
Jan  5 15:39:46 burnside uvmconsole: [924.949s][info][gc] GC(427) Concurrent Cycle
Jan  5 15:39:46 burnside uvmconsole: [925.274s][info][gc] GC(427) Pause Remark 46M->46M(62M) 33.343ms
Jan  5 15:39:46 burnside uvmconsole: [925.436s][info][gc] GC(427) Pause Cleanup 46M->46M(62M) 0.406ms
Jan  5 15:39:46 burnside uvmconsole: [925.437s][info][gc] GC(427) Concurrent Cycle 488.782ms
Jan  5 15:39:49 burnside uvmconsole: [927.938s][info][gc] GC(428) Pause Young (Normal) (G1 Evacuation Pause) 49M->41M(62M) 13.705ms
Jan  5 15:39:49 burnside uvmconsole: [928.031s][info][gc] GC(429) Pause Young (Concurrent Start) (G1 Evacuation Pause) 49M->42M(62M) 13.153ms
Jan  5 15:39:49 burnside uvmconsole: [928.032s][info][gc] GC(430) Concurrent Cycle
Jan  5 15:39:49 burnside uvmconsole: [928.343s][info][gc] GC(430) Pause Remark 48M->48M(62M) 31.920ms
Jan  5 15:39:49 burnside uvmconsole: [928.503s][info][gc] GC(430) Pause Cleanup 48M->48M(62M) 0.413ms
Jan  5 15:39:49 burnside uvmconsole: [928.505s][info][gc] GC(430) Concurrent Cycle 472.536ms
Jan  5 15:39:52 burnside uvmconsole: [931.573s][info][gc] GC(431) Pause Young (Normal) (G1 Evacuation Pause) 51M->41M(62M) 8.326ms
Jan  5 15:39:53 burnside uvmconsole: [932.216s][info][gc] GC(432) Pause Young (Concurrent Start) (G1 Evacuation Pause) 49M->41M(62M) 24.528ms
Jan  5 15:39:53 burnside uvmconsole: [932.217s][info][gc] GC(433) Concurrent Cycle
Jan  5 15:39:53 burnside uvmconsole: [932.578s][info][gc] GC(433) Pause Remark 46M->46M(62M) 43.265ms
Jan  5 15:39:54 burnside uvmconsole: [932.751s][info][gc] GC(433) Pause Cleanup 46M->46M(62M) 0.527ms
Jan  5 15:39:54 burnside uvmconsole: [932.753s][info][gc] GC(433) Concurrent Cycle 536.713ms
Jan  5 15:39:56 burnside uvmconsole: [935.424s][info][gc] GC(434) Pause Young (Normal) (G1 Evacuation Pause) 49M->41M(62M) 8.131ms
Jan  5 15:40:01 burnside uvmconsole: [939.684s][info][gc] GC(435) Pause Young (Concurrent Start) (G1 Evacuation Pause) 49M->42M(62M) 12.988ms
Jan  5 15:40:01 burnside uvmconsole: [939.684s][info][gc] GC(436) Concurrent Cycle
Jan  5 15:40:01 burnside uvmconsole: [939.729s][info][gc] GC(437) Pause Young (Normal) (G1 Evacuation Pause) 50M->41M(62M) 7.320ms
Jan  5 15:40:01 burnside uvmconsole: [939.841s][info][gc] GC(438) Pause Young (Normal) (G1 Evacuation Pause) 49M->41M(62M) 7.401ms
Jan  5 15:40:01 burnside uvmconsole: [940.065s][info][gc] GC(436) Pause Remark 46M->46M(62M) 33.107ms
Jan  5 15:40:01 burnside uvmconsole: [940.232s][info][gc] GC(436) Pause Cleanup 46M->46M(62M) 0.454ms
Jan  5 15:40:01 burnside uvmconsole: [940.234s][info][gc] GC(436) Concurrent Cycle 549.986ms
Jan  5 15:40:03 burnside uvmconsole: [941.813s][info][gc] GC(439) Pause Young (Normal) (G1 Evacuation Pause) 49M->41M(62M) 7.203ms
Jan  5 15:40:08 burnside uvmconsole: [947.044s][info][gc] GC(440) Pause Young (Concurrent Start) (G1 Evacuation Pause) 49M->41M(62M) 9.417ms
Jan  5 15:40:08 burnside uvmconsole: [947.044s][info][gc] GC(441) Concurrent Cycle
Jan  5 15:40:08 burnside uvmconsole: [947.354s][info][gc] GC(441) Pause Remark 41M->41M(62M) 32.081ms
Jan  5 15:40:08 burnside uvmconsole: [947.515s][info][gc] GC(441) Pause Cleanup 41M->41M(62M) 0.497ms
Jan  5 15:40:08 burnside uvmconsole: [947.516s][info][gc] GC(441) Concurrent Cycle 471.748ms
Jan  5 15:40:09 burnside uvmconsole: [948.192s][info][gc] GC(442) Pause Young (Normal) (G1 Evacuation Pause) 49M->41M(62M) 10.847ms
