Sep  8 09:35:42 burnside uvmconsole: [0.090s][info][gc] Using G1
Sep  8 09:35:43 burnside uvmconsole: UVM starting... (java: 11.0.8)
Sep  8 09:35:45 burnside uvmconsole: [2.589s][info][gc] GC(0) Pause Young (Normal) (G1 Evacuation Pause) 15M->5M(34M) 47.726ms
Sep  8 09:35:45 burnside uvmconsole: [3.470s][info][gc] GC(1) Pause Young (Normal) (G1 Evacuation Pause) 11M->5M(34M) 33.327ms
Sep  8 09:35:46 burnside uvmconsole: 09-08 09:35:46.087551| NETCAP 2.4.0-0 Initialized (kernel: 4.19.0-8-untangle-amd64)
Sep  8 09:35:46 burnside uvmconsole: 09-08 09:35:46.141490| ConntrackD listening for conntrack updates...
Sep  8 09:35:47 burnside uvmconsole: [4.563s][info][gc] GC(2) Pause Young (Concurrent Start) (G1 Humongous Allocation) 17M->9M(34M) 13.145ms
Sep  8 09:35:47 burnside uvmconsole: [4.565s][info][gc] GC(3) Concurrent Cycle
Sep  8 09:35:47 burnside uvmconsole: [4.621s][info][gc] GC(3) Pause Remark 11M->11M(34M) 8.918ms
Sep  8 09:35:47 burnside uvmconsole: [4.639s][info][gc] GC(3) Pause Cleanup 12M->12M(34M) 0.482ms
Sep  8 09:35:47 burnside uvmconsole: [4.651s][info][gc] GC(3) Concurrent Cycle 86.097ms
Sep  8 09:35:48 burnside uvmconsole: [5.658s][info][gc] GC(4) Pause Young (Normal) (G1 Evacuation Pause) 20M->9M(34M) 12.831ms
Sep  8 09:35:48 burnside uvmconsole: WARNING: An illegal reflective access operation has occurred
Sep  8 09:35:48 burnside uvmconsole: WARNING: Illegal reflective access by org.xbill.DNS.ResolverConfig (file:/usr/share/java/uvm/dnsjava-2.1.6.jar) to method sun.net.dns.ResolverConfiguration.open()
Sep  8 09:35:48 burnside uvmconsole: WARNING: Please consider reporting this to the maintainers of org.xbill.DNS.ResolverConfig
Sep  8 09:35:48 burnside uvmconsole: WARNING: Use --illegal-access=warn to enable warnings of further illegal reflective access operations
Sep  8 09:35:48 burnside uvmconsole: WARNING: All illegal access operations will be denied in a future release
Sep  8 09:35:49 burnside uvmconsole: [6.975s][info][gc] GC(5) Pause Young (Concurrent Start) (G1 Evacuation Pause) 19M->9M(34M) 19.472ms
Sep  8 09:35:49 burnside uvmconsole: [6.976s][info][gc] GC(6) Concurrent Cycle
Sep  8 09:35:49 burnside uvmconsole: [7.033s][info][gc] GC(6) Pause Remark 10M->10M(34M) 9.685ms
Sep  8 09:35:49 burnside uvmconsole: [7.050s][info][gc] GC(6) Pause Cleanup 10M->10M(34M) 0.405ms
Sep  8 09:35:49 burnside uvmconsole: [7.053s][info][gc] GC(6) Concurrent Cycle 76.983ms
Sep  8 09:35:49 burnside uvmconsole: Sep 08, 2020 9:35:49 AM org.apache.coyote.AbstractProtocol destroy
Sep  8 09:35:49 burnside uvmconsole: INFO: Destroying ProtocolHandler ["http-nio-8080"]
Sep  8 09:35:50 burnside uvmconsole: [7.917s][info][gc] GC(7) Pause Young (Normal) (G1 Evacuation Pause) 20M->10M(41M) 20.082ms
Sep  8 09:35:51 burnside uvmconsole: [8.650s][info][gc] GC(8) Pause Young (Normal) (G1 Evacuation Pause) 24M->11M(41M) 16.194ms
Sep  8 09:35:52 burnside uvmconsole: [9.811s][info][gc] GC(9) Pause Young (Normal) (G1 Evacuation Pause) 25M->12M(41M) 21.787ms
Sep  8 09:35:53 burnside uvmconsole: [10.617s][info][gc] GC(10) Pause Young (Normal) (G1 Evacuation Pause) 26M->12M(41M) 19.617ms
Sep  8 09:35:53 burnside uvmconsole: UVM startup complete: "Today vegetables...tomorrow the world!"
Sep  8 09:35:54 burnside uvmconsole: [11.576s][info][gc] GC(11) Pause Young (Concurrent Start) (G1 Evacuation Pause) 26M->13M(50M) 31.371ms
Sep  8 09:35:54 burnside uvmconsole: [11.577s][info][gc] GC(12) Concurrent Cycle
Sep  8 09:35:54 burnside uvmconsole: [11.802s][info][gc] GC(12) Pause Remark 14M->14M(50M) 21.170ms
Sep  8 09:35:54 burnside uvmconsole: [11.903s][info][gc] GC(12) Pause Cleanup 14M->14M(50M) 0.543ms
Sep  8 09:35:54 burnside uvmconsole: [11.906s][info][gc] GC(12) Concurrent Cycle 329.588ms
Sep  8 09:35:55 burnside uvmconsole: [12.974s][info][gc] GC(13) Pause Young (Normal) (G1 Evacuation Pause) 32M->14M(50M) 18.270ms
Sep  8 09:35:56 burnside uvmconsole: [13.903s][info][gc] GC(14) Pause Young (Normal) (G1 Evacuation Pause) 35M->17M(50M) 22.834ms
Sep  8 09:35:56 burnside uvmconsole: [14.039s][info][gc] GC(15) Pause Young (Concurrent Start) (G1 Humongous Allocation) 22M->18M(50M) 21.116ms
Sep  8 09:35:56 burnside uvmconsole: [14.040s][info][gc] GC(16) Concurrent Cycle
Sep  8 09:35:56 burnside uvmconsole: [14.467s][info][gc] GC(16) Pause Remark 33M->33M(50M) 52.363ms
Sep  8 09:35:57 burnside uvmconsole: [14.712s][info][gc] GC(16) Pause Cleanup 43M->43M(50M) 0.618ms
Sep  8 09:35:57 burnside uvmconsole: [14.720s][info][gc] GC(16) Concurrent Cycle 680.110ms
Sep  8 09:35:57 burnside uvmconsole: [14.941s][info][gc] GC(17) Pause Young (Normal) (G1 Evacuation Pause) 48M->26M(65M) 59.841ms
Sep  8 09:35:58 burnside uvmconsole: [15.489s][info][gc] GC(18) Pause Young (Concurrent Start) (G1 Humongous Allocation) 41M->30M(65M) 96.160ms
Sep  8 09:35:58 burnside uvmconsole: [15.492s][info][gc] GC(19) Concurrent Cycle
Sep  8 09:35:58 burnside uvmconsole: [15.806s][info][gc] GC(19) Pause Remark 50M->50M(65M) 41.389ms
Sep  8 09:35:58 burnside uvmconsole: [15.991s][info][gc] GC(19) Pause Cleanup 54M->54M(65M) 0.504ms
Sep  8 09:35:58 burnside uvmconsole: [16.056s][info][gc] GC(20) Pause Young (Normal) (G1 Evacuation Pause) 55M->35M(65M) 49.551ms
Sep  8 09:35:58 burnside uvmconsole: [16.056s][info][gc] GC(19) Concurrent Cycle 564.113ms
Sep  8 09:35:59 burnside uvmconsole: [16.864s][info][gc] GC(21) Pause Young (Normal) (G1 Evacuation Pause) 48M->36M(65M) 27.699ms
Sep  8 09:36:01 burnside uvmconsole: [18.669s][info][gc] GC(22) Pause Young (Concurrent Start) (G1 Evacuation Pause) 48M->38M(113M) 145.489ms
Sep  8 09:36:01 burnside uvmconsole: [18.671s][info][gc] GC(23) Concurrent Cycle
Sep  8 09:36:02 burnside uvmconsole: [19.949s][info][gc] GC(23) Pause Remark 44M->44M(113M) 51.800ms
Sep  8 09:36:03 burnside uvmconsole: [20.847s][info][gc] GC(23) Pause Cleanup 56M->56M(113M) 0.805ms
Sep  8 09:36:03 burnside uvmconsole: [20.850s][info][gc] GC(23) Concurrent Cycle 2178.900ms
Sep  8 09:36:03 burnside uvmconsole: [21.099s][info][gc] GC(24) Pause Young (Normal) (G1 Evacuation Pause) 61M->39M(113M) 155.600ms
Sep  8 09:36:05 burnside uvmconsole: [22.708s][info][gc] GC(25) Pause Young (Concurrent Start) (G1 Evacuation Pause) 61M->40M(113M) 207.088ms
Sep  8 09:36:05 burnside uvmconsole: [22.709s][info][gc] GC(26) Concurrent Cycle
Sep  8 09:36:06 burnside uvmconsole: [23.789s][info][gc] GC(26) Pause Remark 56M->48M(113M) 45.172ms
Sep  8 09:36:06 burnside uvmconsole: [24.070s][info][gc] GC(26) Pause Cleanup 54M->54M(113M) 0.712ms
Sep  8 09:36:06 burnside uvmconsole: [24.075s][info][gc] GC(26) Concurrent Cycle 1366.038ms
Sep  8 09:36:06 burnside uvmconsole: [24.283s][info][gc] GC(27) Pause Young (Normal) (G1 Evacuation Pause) 57M->31M(113M) 39.539ms
Sep  8 09:36:10 burnside uvmconsole: [27.721s][info][gc] GC(28) Pause Young (Normal) (G1 Evacuation Pause) 75M->32M(231M) 78.135ms
Sep  8 09:36:37 burnside uvmconsole: Sep 08, 2020 9:36:37 AM org.apache.coyote.AbstractProtocol init
Sep  8 09:36:37 burnside uvmconsole: INFO: Initializing ProtocolHandler ["ajp-nio-127.0.0.1-8009"]
Sep  8 09:36:37 burnside uvmconsole: Sep 08, 2020 9:36:37 AM org.apache.tomcat.util.net.NioSelectorPool getSharedSelector
Sep  8 09:36:37 burnside uvmconsole: INFO: Using a shared selector for servlet write/read
Sep  8 09:36:37 burnside uvmconsole: Sep 08, 2020 9:36:37 AM org.apache.catalina.core.StandardService startInternal
Sep  8 09:36:37 burnside uvmconsole: INFO: Starting service [Tomcat]
Sep  8 09:36:37 burnside uvmconsole: Sep 08, 2020 9:36:37 AM org.apache.catalina.core.StandardEngine startInternal
Sep  8 09:36:37 burnside uvmconsole: INFO: Starting Servlet Engine: Apache Tomcat/8.5.53
Sep  8 09:36:37 burnside uvmconsole: [55.181s][info][gc] GC(29) Pause Young (Normal) (G1 Evacuation Pause) 97M->34M(231M) 34.699ms
Sep  8 09:36:38 burnside uvmconsole: Sep 08, 2020 9:36:38 AM org.apache.catalina.startup.ContextConfig getDefaultWebXmlFragment
Sep  8 09:36:38 burnside uvmconsole: INFO: No global web.xml found
Sep  8 09:36:40 burnside uvmconsole: [58.184s][info][gc] GC(30) Pause Young (Normal) (G1 Evacuation Pause) 101M->36M(231M) 42.205ms
Sep  8 09:36:41 burnside uvmconsole: Sep 08, 2020 9:36:41 AM org.apache.jasper.servlet.TldScanner scanJars
Sep  8 09:36:41 burnside uvmconsole: INFO: At least one JAR was scanned for TLDs yet contained no TLDs. Enable debug logging for this logger for a complete list of JARs that were scanned but no TLDs were found in them. Skipping unneeded JARs during scanning can improve startup time and JSP compilation time.
Sep  8 09:36:41 burnside uvmconsole: Sep 08, 2020 9:36:41 AM org.apache.jasper.servlet.TldScanner scanJars
Sep  8 09:36:41 burnside uvmconsole: INFO: At least one JAR was scanned for TLDs yet contained no TLDs. Enable debug logging for this logger for a complete list of JARs that were scanned but no TLDs were found in them. Skipping unneeded JARs during scanning can improve startup time and JSP compilation time.
Sep  8 09:36:41 burnside uvmconsole: Sep 08, 2020 9:36:41 AM org.apache.jasper.servlet.TldScanner scanJars
Sep  8 09:36:41 burnside uvmconsole: INFO: At least one JAR was scanned for TLDs yet contained no TLDs. Enable debug logging for this logger for a complete list of JARs that were scanned but no TLDs were found in them. Skipping unneeded JARs during scanning can improve startup time and JSP compilation time.
Sep  8 09:36:43 burnside uvmconsole: Sep 08, 2020 9:36:43 AM org.apache.jasper.servlet.TldScanner scanJars
Sep  8 09:36:43 burnside uvmconsole: INFO: At least one JAR was scanned for TLDs yet contained no TLDs. Enable debug logging for this logger for a complete list of JARs that were scanned but no TLDs were found in them. Skipping unneeded JARs during scanning can improve startup time and JSP compilation time.
Sep  8 09:36:43 burnside uvmconsole: [60.955s][info][gc] GC(31) Pause Young (Normal) (G1 Evacuation Pause) 112M->37M(231M) 66.406ms
Sep  8 09:36:44 burnside uvmconsole: Sep 08, 2020 9:36:44 AM org.apache.jasper.servlet.TldScanner scanJars
Sep  8 09:36:44 burnside uvmconsole: INFO: At least one JAR was scanned for TLDs yet contained no TLDs. Enable debug logging for this logger for a complete list of JARs that were scanned but no TLDs were found in them. Skipping unneeded JARs during scanning can improve startup time and JSP compilation time.
Sep  8 09:36:45 burnside uvmconsole: Sep 08, 2020 9:36:45 AM org.apache.jasper.servlet.TldScanner scanJars
Sep  8 09:36:45 burnside uvmconsole: INFO: At least one JAR was scanned for TLDs yet contained no TLDs. Enable debug logging for this logger for a complete list of JARs that were scanned but no TLDs were found in them. Skipping unneeded JARs during scanning can improve startup time and JSP compilation time.
Sep  8 09:36:45 burnside uvmconsole: Sep 08, 2020 9:36:45 AM org.apache.jasper.servlet.TldScanner scanJars
Sep  8 09:36:45 burnside uvmconsole: INFO: At least one JAR was scanned for TLDs yet contained no TLDs. Enable debug logging for this logger for a complete list of JARs that were scanned but no TLDs were found in them. Skipping unneeded JARs during scanning can improve startup time and JSP compilation time.
Sep  8 09:36:45 burnside uvmconsole: Sep 08, 2020 9:36:45 AM org.apache.jasper.servlet.TldScanner scanJars
Sep  8 09:36:45 burnside uvmconsole: INFO: At least one JAR was scanned for TLDs yet contained no TLDs. Enable debug logging for this logger for a complete list of JARs that were scanned but no TLDs were found in them. Skipping unneeded JARs during scanning can improve startup time and JSP compilation time.
Sep  8 09:36:46 burnside uvmconsole: Sep 08, 2020 9:36:46 AM org.apache.jasper.servlet.TldScanner scanJars
Sep  8 09:36:46 burnside uvmconsole: INFO: At least one JAR was scanned for TLDs yet contained no TLDs. Enable debug logging for this logger for a complete list of JARs that were scanned but no TLDs were found in them. Skipping unneeded JARs during scanning can improve startup time and JSP compilation time.
Sep  8 09:36:46 burnside uvmconsole: Sep 08, 2020 9:36:46 AM org.apache.coyote.AbstractProtocol start
Sep  8 09:36:46 burnside uvmconsole: INFO: Starting ProtocolHandler ["ajp-nio-127.0.0.1-8009"]
Sep  8 09:36:47 burnside uvmconsole: [64.964s][info][gc] GC(32) Pause Full (System.gc()) 126M->26M(43M) 295.517ms
Sep  8 09:36:48 burnside uvmconsole: [65.573s][info][gc] GC(33) Pause Young (Concurrent Start) (G1 Evacuation Pause) 32M->27M(43M) 12.322ms
Sep  8 09:36:48 burnside uvmconsole: [65.574s][info][gc] GC(34) Concurrent Cycle
Sep  8 09:36:48 burnside uvmconsole: [65.798s][info][gc] GC(35) Pause Young (Normal) (G1 Evacuation Pause) 32M->26M(43M) 16.814ms
Sep  8 09:36:48 burnside uvmconsole: [66.142s][info][gc] GC(36) Pause Young (Normal) (G1 Evacuation Pause) 31M->26M(43M) 15.450ms
Sep  8 09:36:48 burnside uvmconsole: [66.251s][info][gc] GC(34) Pause Remark 27M->27M(43M) 26.731ms
Sep  8 09:36:48 burnside uvmconsole: UVM postInit complete
Sep  8 09:36:49 burnside uvmconsole: [66.498s][info][gc] GC(34) Pause Cleanup 29M->29M(43M) 0.786ms
Sep  8 09:36:49 burnside uvmconsole: [66.502s][info][gc] GC(34) Concurrent Cycle 927.177ms
Sep  8 09:36:49 burnside uvmconsole: [66.909s][info][gc] GC(37) Pause Young (Prepare Mixed) (G1 Evacuation Pause) 31M->27M(43M) 21.241ms
Sep  8 09:36:49 burnside uvmconsole: [67.072s][info][gc] GC(38) Pause Young (Mixed) (G1 Evacuation Pause) 28M->27M(43M) 17.843ms
Sep  8 09:36:50 burnside uvmconsole: [67.485s][info][gc] GC(39) Pause Young (Concurrent Start) (G1 Evacuation Pause) 32M->27M(43M) 22.978ms
Sep  8 09:36:50 burnside uvmconsole: [67.489s][info][gc] GC(40) Concurrent Cycle
Sep  8 09:36:50 burnside uvmconsole: [67.814s][info][gc] GC(41) Pause Young (Normal) (G1 Evacuation Pause) 32M->27M(43M) 18.474ms
Sep  8 09:36:50 burnside uvmconsole: [67.975s][info][gc] GC(42) Pause Young (Normal) (G1 Evacuation Pause) 31M->28M(61M) 16.075ms
Sep  8 09:36:50 burnside uvmconsole: [68.366s][info][gc] GC(40) Pause Remark 33M->33M(61M) 37.732ms
Sep  8 09:36:51 burnside uvmconsole: [68.705s][info][gc] GC(40) Pause Cleanup 38M->38M(61M) 0.554ms
Sep  8 09:36:51 burnside uvmconsole: [68.708s][info][gc] GC(40) Concurrent Cycle 1219.825ms
Sep  8 09:36:51 burnside uvmconsole: [68.843s][info][gc] GC(43) Pause Young (Normal) (G1 Evacuation Pause) 40M->28M(61M) 12.691ms
Sep  8 09:36:55 burnside uvmconsole: [72.648s][info][gc] GC(44) Pause Young (Concurrent Start) (G1 Evacuation Pause) 41M->29M(61M) 18.821ms
Sep  8 09:36:55 burnside uvmconsole: [72.649s][info][gc] GC(45) Concurrent Cycle
Sep  8 09:36:55 burnside uvmconsole: [73.118s][info][gc] GC(45) Pause Remark 33M->33M(61M) 51.222ms
Sep  8 09:36:55 burnside uvmconsole: [73.278s][info][gc] GC(45) Pause Cleanup 34M->34M(61M) 0.526ms
Sep  8 09:36:55 burnside uvmconsole: [73.280s][info][gc] GC(45) Concurrent Cycle 631.008ms
Sep  8 09:36:58 burnside uvmconsole: [75.627s][info][gc] GC(46) Pause Young (Normal) (G1 Evacuation Pause) 42M->29M(61M) 21.085ms
Sep  8 09:36:59 burnside uvmconsole: [76.762s][info][gc] GC(47) Pause Young (Concurrent Start) (G1 Evacuation Pause) 43M->31M(74M) 35.422ms
Sep  8 09:36:59 burnside uvmconsole: [76.762s][info][gc] GC(48) Concurrent Cycle
Sep  8 09:36:59 burnside uvmconsole: [77.319s][info][gc] GC(48) Pause Remark 38M->38M(74M) 38.062ms
Sep  8 09:37:00 burnside uvmconsole: [77.479s][info][gc] GC(48) Pause Cleanup 40M->40M(74M) 0.680ms
Sep  8 09:37:00 burnside uvmconsole: [77.481s][info][gc] GC(48) Concurrent Cycle 719.056ms
Sep  8 09:37:01 burnside uvmconsole: [79.453s][info][gc] GC(49) Pause Young (Normal) (G1 Evacuation Pause) 52M->32M(74M) 16.986ms
Sep  8 09:37:08 burnside uvmconsole: [86.122s][info][gc] GC(50) Pause Young (Concurrent Start) (G1 Evacuation Pause) 52M->33M(74M) 19.088ms
Sep  8 09:37:08 burnside uvmconsole: [86.122s][info][gc] GC(51) Concurrent Cycle
Sep  8 09:37:09 burnside uvmconsole: [86.664s][info][gc] GC(51) Pause Remark 35M->35M(74M) 47.261ms
Sep  8 09:37:09 burnside uvmconsole: [86.805s][info][gc] GC(51) Pause Cleanup 35M->35M(74M) 0.618ms
Sep  8 09:37:09 burnside uvmconsole: [86.808s][info][gc] GC(51) Concurrent Cycle 685.610ms
Sep  8 09:37:11 burnside uvmconsole: [89.460s][info][gc] GC(52) Pause Young (Normal) (G1 Evacuation Pause) 54M->35M(74M) 28.456ms
Sep  8 09:37:12 burnside uvmconsole: [89.490s][info][gc] GC(53) Pause Young (Concurrent Start) (G1 Humongous Allocation) 36M->35M(74M) 19.192ms
Sep  8 09:37:12 burnside uvmconsole: [89.490s][info][gc] GC(54) Concurrent Cycle
Sep  8 09:37:12 burnside uvmconsole: [89.951s][info][gc] GC(54) Pause Remark 42M->42M(74M) 41.781ms
Sep  8 09:37:12 burnside uvmconsole: [90.197s][info][gc] GC(54) Pause Cleanup 53M->53M(74M) 0.612ms
Sep  8 09:37:12 burnside uvmconsole: [90.201s][info][gc] GC(54) Concurrent Cycle 710.746ms
Sep  8 09:37:12 burnside uvmconsole: 09-08 09:37:12.736481| ERROR:./libnetcap/src/netcap_udp.c:187:WARNING: Mailbox Full: Dropping Packet (192.168.1.101:56533 -> 31.13.80.52:443)
Sep  8 09:37:12 burnside uvmconsole: 09-08 09:37:12.736745| ERROR:./libnetcap/src/netcap_udp.c:187:WARNING: Mailbox Full: Dropping Packet (192.168.1.101:56533 -> 31.13.80.52:443)
Sep  8 09:37:12 burnside uvmconsole: 09-08 09:37:12.736902| ERROR:./libnetcap/src/netcap_udp.c:187:WARNING: Mailbox Full: Dropping Packet (192.168.1.101:56533 -> 31.13.80.52:443)
Sep  8 09:37:12 burnside uvmconsole: 09-08 09:37:12.737050| ERROR:./libnetcap/src/netcap_udp.c:187:WARNING: Mailbox Full: Dropping Packet (192.168.1.101:56533 -> 31.13.80.52:443)
Sep  8 09:37:12 burnside uvmconsole: 09-08 09:37:12.737195| ERROR:./libnetcap/src/netcap_udp.c:187:WARNING: Mailbox Full: Dropping Packet (192.168.1.101:56533 -> 31.13.80.52:443)
Sep  8 09:37:12 burnside uvmconsole: 09-08 09:37:12.737425| ERROR:./libnetcap/src/netcap_udp.c:187:WARNING: Mailbox Full: Dropping Packet (192.168.1.101:56533 -> 31.13.80.52:443)
Sep  8 09:37:12 burnside uvmconsole: 09-08 09:37:12.737587| ERROR:./libnetcap/src/netcap_udp.c:187:WARNING: Mailbox Full: Dropping Packet (192.168.1.101:56533 -> 31.13.80.52:443)
Sep  8 09:37:12 burnside uvmconsole: 09-08 09:37:12.737755| ERROR:./libnetcap/src/netcap_udp.c:187:WARNING: Mailbox Full: Dropping Packet (192.168.1.101:56533 -> 31.13.80.52:443)
Sep  8 09:37:12 burnside uvmconsole: 09-08 09:37:12.737914| ERROR:./libnetcap/src/netcap_udp.c:187:WARNING: Mailbox Full: Dropping Packet (192.168.1.101:56533 -> 31.13.80.52:443)
Sep  8 09:37:12 burnside uvmconsole: 09-08 09:37:12.738072| ERROR:./libnetcap/src/netcap_udp.c:187:WARNING: Mailbox Full: Dropping Packet (192.168.1.101:56533 -> 31.13.80.52:443)
Sep  8 09:37:12 burnside uvmconsole: 09-08 09:37:12.738330| ERROR:./libnetcap/src/netcap_udp.c:187:WARNING: Mailbox Full: Dropping Packet (192.168.1.101:56533 -> 31.13.80.52:443)
Sep  8 09:37:12 burnside uvmconsole: 09-08 09:37:12.738543| ERROR:./libnetcap/src/netcap_udp.c:187:WARNING: Mailbox Full: Dropping Packet (192.168.1.101:56533 -> 31.13.80.52:443)
Sep  8 09:37:12 burnside uvmconsole: 09-08 09:37:12.738728| ERROR:./libnetcap/src/netcap_udp.c:187:WARNING: Mailbox Full: Dropping Packet (192.168.1.101:56533 -> 31.13.80.52:443)
Sep  8 09:37:12 burnside uvmconsole: 09-08 09:37:12.738907| ERROR:./libnetcap/src/netcap_udp.c:187:WARNING: Mailbox Full: Dropping Packet (192.168.1.101:56533 -> 31.13.80.52:443)
Sep  8 09:37:12 burnside uvmconsole: 09-08 09:37:12.739089| ERROR:./libnetcap/src/netcap_udp.c:187:WARNING: Mailbox Full: Dropping Packet (192.168.1.101:56533 -> 31.13.80.52:443)
Sep  8 09:37:12 burnside uvmconsole: 09-08 09:37:12.739322| ERROR:./libnetcap/src/netcap_udp.c:187:WARNING: Mailbox Full: Dropping Packet (192.168.1.101:56533 -> 31.13.80.52:443)
Sep  8 09:37:12 burnside uvmconsole: 09-08 09:37:12.739527| ERROR:./libnetcap/src/netcap_udp.c:187:WARNING: Mailbox Full: Dropping Packet (192.168.1.101:56533 -> 31.13.80.52:443)
Sep  8 09:37:12 burnside uvmconsole: 09-08 09:37:12.739712| ERROR:./libnetcap/src/netcap_udp.c:187:WARNING: Mailbox Full: Dropping Packet (192.168.1.101:56533 -> 31.13.80.52:443)
Sep  8 09:37:12 burnside uvmconsole: 09-08 09:37:12.739888| ERROR:./libnetcap/src/netcap_udp.c:187:WARNING: Mailbox Full: Dropping Packet (192.168.1.101:56533 -> 31.13.80.52:443)
Sep  8 09:37:12 burnside uvmconsole: 09-08 09:37:12.740074| ERROR:./libnetcap/src/netcap_udp.c:187:WARNING: Mailbox Full: Dropping Packet (192.168.1.101:56533 -> 31.13.80.52:443)
Sep  8 09:37:12 burnside uvmconsole: 09-08 09:37:12.753965| ERROR:./libnetcap/src/netcap_udp.c:187:WARNING: Mailbox Full: Dropping Packet (192.168.1.101:56533 -> 31.13.80.52:443)
Sep  8 09:37:12 burnside uvmconsole: 09-08 09:37:12.754492| ERROR:./libnetcap/src/netcap_udp.c:187:WARNING: Mailbox Full: Dropping Packet (192.168.1.101:56533 -> 31.13.80.52:443)
Sep  8 09:37:12 burnside uvmconsole: 09-08 09:37:12.771680| ERROR:./libnetcap/src/netcap_udp.c:187:WARNING: Mailbox Full: Dropping Packet (192.168.1.101:56533 -> 31.13.80.52:443)
Sep  8 09:37:12 burnside uvmconsole: [90.249s][info][gc] GC(55) Pause Young (Normal) (GCLocker Initiated GC) 55M->40M(74M) 16.002ms
Sep  8 09:37:12 burnside uvmconsole: [90.368s][info][gc] GC(56) Pause Young (Concurrent Start) (G1 Humongous Allocation) 47M->39M(74M) 21.996ms
Sep  8 09:37:12 burnside uvmconsole: [90.368s][info][gc] GC(57) Concurrent Cycle
Sep  8 09:37:13 burnside uvmconsole: [90.781s][info][gc] GC(57) Pause Remark 45M->43M(74M) 32.416ms
Sep  8 09:37:13 burnside uvmconsole: [90.980s][info][gc] GC(57) Pause Cleanup 43M->43M(74M) 0.478ms
Sep  8 09:37:13 burnside uvmconsole: [90.983s][info][gc] GC(57) Concurrent Cycle 614.555ms
Sep  8 09:37:15 burnside uvmconsole: [92.759s][info][gc] GC(58) Pause Young (Prepare Mixed) (G1 Evacuation Pause) 52M->40M(74M) 20.270ms
Sep  8 09:37:15 burnside uvmconsole: [92.852s][info][gc] GC(59) Pause Young (Mixed) (G1 Evacuation Pause) 41M->39M(74M) 27.358ms
Sep  8 09:37:15 burnside uvmconsole: [93.317s][info][gc] GC(60) Pause Young (Concurrent Start) (G1 Evacuation Pause) 52M->42M(89M) 17.376ms
Sep  8 09:37:15 burnside uvmconsole: [93.317s][info][gc] GC(61) Concurrent Cycle
Sep  8 09:37:16 burnside uvmconsole: [93.851s][info][gc] GC(61) Pause Remark 54M->52M(89M) 30.031ms
Sep  8 09:37:16 burnside uvmconsole: [94.062s][info][gc] GC(61) Pause Cleanup 53M->53M(89M) 0.532ms
Sep  8 09:37:16 burnside uvmconsole: [94.066s][info][gc] GC(61) Concurrent Cycle 749.143ms
Sep  8 09:37:17 burnside uvmconsole: [95.367s][info][gc] GC(62) Pause Young (Prepare Mixed) (G1 Evacuation Pause) 61M->40M(89M) 23.302ms
Sep  8 09:37:18 burnside uvmconsole: [95.510s][info][gc] GC(63) Pause Young (Mixed) (G1 Evacuation Pause) 43M->38M(89M) 16.472ms
Sep  8 09:37:19 burnside uvmconsole: [97.181s][info][gc] GC(64) Pause Young (Concurrent Start) (G1 Evacuation Pause) 61M->39M(89M) 18.128ms
Sep  8 09:37:19 burnside uvmconsole: [97.181s][info][gc] GC(65) Concurrent Cycle
Sep  8 09:37:20 burnside uvmconsole: [97.788s][info][gc] GC(65) Pause Remark 46M->46M(89M) 43.460ms
Sep  8 09:37:20 burnside uvmconsole: [98.022s][info][gc] GC(65) Pause Cleanup 46M->46M(89M) 0.611ms
Sep  8 09:37:20 burnside uvmconsole: [98.025s][info][gc] GC(65) Concurrent Cycle 844.059ms
Sep  8 09:37:22 burnside uvmconsole: [99.567s][info][gc] GC(66) Pause Young (Normal) (G1 Evacuation Pause) 63M->39M(89M) 15.742ms
Sep  8 09:37:22 burnside uvmconsole: [99.615s][info][gc] GC(67) Pause Young (Concurrent Start) (G1 Humongous Allocation) 45M->40M(89M) 14.300ms
Sep  8 09:37:22 burnside uvmconsole: [99.615s][info][gc] GC(68) Concurrent Cycle
Sep  8 09:37:22 burnside uvmconsole: [99.951s][info][gc] GC(68) Pause Remark 44M->44M(89M) 26.552ms
Sep  8 09:37:22 burnside uvmconsole: [100.089s][info][gc] GC(68) Pause Cleanup 44M->44M(89M) 0.457ms
Sep  8 09:37:22 burnside uvmconsole: [100.091s][info][gc] GC(68) Concurrent Cycle 475.501ms
Sep  8 09:37:31 burnside uvmconsole: [108.923s][info][gc] GC(69) Pause Young (Normal) (G1 Evacuation Pause) 68M->41M(107M) 13.688ms
Sep  8 09:37:31 burnside uvmconsole: [108.954s][info][gc] GC(70) Pause Young (Concurrent Start) (G1 Humongous Allocation) 43M->40M(107M) 16.213ms
Sep  8 09:37:31 burnside uvmconsole: [108.954s][info][gc] GC(71) Concurrent Cycle
Sep  8 09:37:31 burnside uvmconsole: [109.228s][info][gc] GC(71) Pause Remark 45M->45M(107M) 25.517ms
Sep  8 09:37:31 burnside uvmconsole: [109.361s][info][gc] GC(71) Pause Cleanup 45M->45M(107M) 0.577ms
Sep  8 09:37:31 burnside uvmconsole: [109.363s][info][gc] GC(71) Concurrent Cycle 408.660ms
Sep  8 09:37:40 burnside uvmconsole: [117.779s][info][gc] GC(72) Pause Young (Normal) (G1 Evacuation Pause) 77M->40M(107M) 14.671ms
Sep  8 09:37:41 burnside uvmconsole: [119.052s][info][gc] GC(73) Pause Young (Concurrent Start) (G1 Humongous Allocation) 60M->41M(107M) 30.915ms
Sep  8 09:37:41 burnside uvmconsole: [119.052s][info][gc] GC(74) Concurrent Cycle
Sep  8 09:37:41 burnside uvmconsole: [119.389s][info][gc] GC(74) Pause Remark 45M->45M(107M) 29.365ms
Sep  8 09:37:42 burnside uvmconsole: [119.529s][info][gc] GC(74) Pause Cleanup 46M->46M(107M) 0.567ms
Sep  8 09:37:42 burnside uvmconsole: [119.533s][info][gc] GC(74) Concurrent Cycle 481.035ms
Sep  8 09:37:45 burnside uvmconsole: [123.082s][info][gc] GC(75) Pause Young (Concurrent Start) (G1 Humongous Allocation) 63M->41M(107M) 26.910ms
Sep  8 09:37:45 burnside uvmconsole: [123.083s][info][gc] GC(76) Concurrent Cycle
Sep  8 09:37:46 burnside uvmconsole: [123.488s][info][gc] GC(76) Pause Remark 48M->48M(107M) 37.556ms
Sep  8 09:37:46 burnside uvmconsole: [123.808s][info][gc] GC(76) Pause Cleanup 76M->76M(107M) 0.683ms
Sep  8 09:37:46 burnside uvmconsole: [123.824s][info][gc] GC(76) Concurrent Cycle 741.669ms
Sep  8 09:37:47 burnside uvmconsole: [124.705s][info][gc] GC(77) Pause Young (Normal) (G1 Evacuation Pause) 83M->40M(107M) 14.276ms
Sep  8 09:37:50 burnside uvmconsole: [128.048s][info][gc] GC(78) Pause Young (Concurrent Start) (G1 Evacuation Pause) 79M->41M(107M) 16.670ms
Sep  8 09:37:50 burnside uvmconsole: [128.049s][info][gc] GC(79) Concurrent Cycle
Sep  8 09:37:50 burnside uvmconsole: [128.459s][info][gc] GC(79) Pause Remark 49M->49M(107M) 36.184ms
Sep  8 09:37:51 burnside uvmconsole: [128.700s][info][gc] GC(79) Pause Cleanup 54M->54M(107M) 0.652ms
Sep  8 09:37:51 burnside uvmconsole: [128.708s][info][gc] GC(79) Concurrent Cycle 659.090ms
Sep  8 09:37:51 burnside uvmconsole: [129.110s][info][gc] GC(80) Pause Young (Concurrent Start) (GCLocker Initiated GC) 72M->42M(107M) 23.680ms
Sep  8 09:37:51 burnside uvmconsole: [129.110s][info][gc] GC(81) Concurrent Cycle
Sep  8 09:37:52 burnside uvmconsole: [129.831s][info][gc] GC(81) Pause Remark 61M->61M(107M) 47.614ms
Sep  8 09:37:52 burnside uvmconsole: [130.316s][info][gc] GC(81) Pause Cleanup 66M->66M(107M) 1.067ms
Sep  8 09:37:52 burnside uvmconsole: [130.331s][info][gc] GC(81) Concurrent Cycle 1220.619ms
Sep  8 09:37:54 burnside uvmconsole: [132.282s][info][gc] GC(82) Pause Young (Normal) (G1 Evacuation Pause) 84M->41M(107M) 24.421ms
Sep  8 09:37:55 burnside uvmconsole: [133.076s][info][gc] GC(83) Pause Young (Concurrent Start) (G1 Humongous Allocation) 54M->42M(107M) 25.694ms
Sep  8 09:37:55 burnside uvmconsole: [133.077s][info][gc] GC(84) Concurrent Cycle
Sep  8 09:37:55 burnside uvmconsole: [133.438s][info][gc] GC(84) Pause Remark 46M->46M(107M) 36.188ms
Sep  8 09:37:56 burnside uvmconsole: [133.574s][info][gc] GC(84) Pause Cleanup 46M->46M(107M) 0.956ms
Sep  8 09:37:56 burnside uvmconsole: [133.577s][info][gc] GC(84) Concurrent Cycle 499.836ms
Sep  8 09:38:01 burnside uvmconsole: [138.734s][info][gc] GC(85) Pause Young (Normal) (G1 Evacuation Pause) 77M->42M(107M) 34.536ms
Sep  8 09:38:01 burnside uvmconsole: [138.890s][info][gc] GC(86) Pause Young (Concurrent Start) (G1 Humongous Allocation) 53M->42M(107M) 27.571ms
Sep  8 09:38:01 burnside uvmconsole: [138.892s][info][gc] GC(87) Concurrent Cycle
Sep  8 09:38:01 burnside uvmconsole: [139.270s][info][gc] GC(87) Pause Remark 46M->46M(107M) 44.274ms
Sep  8 09:38:02 burnside uvmconsole: [139.494s][info][gc] GC(87) Pause Cleanup 47M->47M(107M) 0.692ms
Sep  8 09:38:02 burnside uvmconsole: [139.496s][info][gc] GC(87) Concurrent Cycle 604.013ms
Sep  8 09:38:07 burnside uvmconsole: [144.854s][info][gc] GC(88) Pause Young (Concurrent Start) (G1 Humongous Allocation) 78M->43M(107M) 30.181ms
Sep  8 09:38:07 burnside uvmconsole: [144.855s][info][gc] GC(89) Concurrent Cycle
Sep  8 09:38:07 burnside uvmconsole: [145.318s][info][gc] GC(89) Pause Remark 52M->52M(107M) 39.641ms
Sep  8 09:38:08 burnside uvmconsole: [145.527s][info][gc] GC(89) Pause Cleanup 53M->53M(107M) 0.719ms
Sep  8 09:38:08 burnside uvmconsole: [145.530s][info][gc] GC(89) Concurrent Cycle 674.975ms
Sep  8 09:38:11 burnside uvmconsole: [148.987s][info][gc] GC(90) Pause Young (Concurrent Start) (G1 Humongous Allocation) 74M->42M(107M) 17.778ms
Sep  8 09:38:11 burnside uvmconsole: [148.988s][info][gc] GC(91) Concurrent Cycle
Sep  8 09:38:11 burnside uvmconsole: [149.320s][info][gc] GC(91) Pause Remark 47M->47M(107M) 34.951ms
Sep  8 09:38:12 burnside uvmconsole: [149.479s][info][gc] GC(91) Pause Cleanup 48M->48M(107M) 0.513ms
Sep  8 09:38:12 burnside uvmconsole: [149.482s][info][gc] GC(91) Concurrent Cycle 493.865ms
Sep  8 09:38:17 burnside uvmconsole: [154.728s][info][gc] GC(92) Pause Young (Concurrent Start) (G1 Humongous Allocation) 74M->43M(107M) 19.463ms
Sep  8 09:38:17 burnside uvmconsole: [154.729s][info][gc] GC(93) Concurrent Cycle
Sep  8 09:38:17 burnside uvmconsole: [155.013s][info][gc] GC(93) Pause Remark 47M->47M(107M) 29.074ms
Sep  8 09:38:17 burnside uvmconsole: [155.156s][info][gc] GC(93) Pause Cleanup 48M->48M(107M) 0.461ms
Sep  8 09:38:17 burnside uvmconsole: [155.158s][info][gc] GC(93) Concurrent Cycle 429.492ms
Sep  8 09:38:21 burnside uvmconsole: [158.924s][info][gc] GC(94) Pause Young (Concurrent Start) (G1 Humongous Allocation) 74M->43M(107M) 32.063ms
Sep  8 09:38:21 burnside uvmconsole: [158.924s][info][gc] GC(95) Concurrent Cycle
Sep  8 09:38:21 burnside uvmconsole: [159.347s][info][gc] GC(95) Pause Remark 49M->49M(107M) 44.892ms
Sep  8 09:38:22 burnside uvmconsole: [159.514s][info][gc] GC(95) Pause Cleanup 50M->50M(107M) 0.559ms
Sep  8 09:38:22 burnside uvmconsole: [159.516s][info][gc] GC(95) Concurrent Cycle 592.276ms
Sep  8 09:38:27 burnside uvmconsole: [164.692s][info][gc] GC(96) Pause Young (Concurrent Start) (G1 Humongous Allocation) 71M->43M(107M) 25.470ms
Sep  8 09:38:27 burnside uvmconsole: [164.692s][info][gc] GC(97) Concurrent Cycle
Sep  8 09:38:27 burnside uvmconsole: [164.995s][info][gc] GC(97) Pause Remark 49M->49M(107M) 30.146ms
Sep  8 09:38:27 burnside uvmconsole: [165.143s][info][gc] GC(97) Pause Cleanup 49M->49M(107M) 0.561ms
Sep  8 09:38:27 burnside uvmconsole: [165.145s][info][gc] GC(97) Concurrent Cycle 453.039ms
Sep  8 09:38:31 burnside uvmconsole: [168.913s][info][gc] GC(98) Pause Young (Concurrent Start) (G1 Humongous Allocation) 71M->43M(107M) 26.015ms
Sep  8 09:38:31 burnside uvmconsole: [168.914s][info][gc] GC(99) Concurrent Cycle
Sep  8 09:38:31 burnside uvmconsole: [169.207s][info][gc] GC(99) Pause Remark 47M->47M(107M) 29.745ms
Sep  8 09:38:31 burnside uvmconsole: [169.345s][info][gc] GC(99) Pause Cleanup 47M->47M(107M) 0.537ms
Sep  8 09:38:31 burnside uvmconsole: [169.347s][info][gc] GC(99) Concurrent Cycle 433.559ms
Sep  8 09:38:37 burnside uvmconsole: [174.751s][info][gc] GC(100) Pause Young (Concurrent Start) (G1 Humongous Allocation) 72M->44M(107M) 23.381ms
Sep  8 09:38:37 burnside uvmconsole: [174.752s][info][gc] GC(101) Concurrent Cycle
Sep  8 09:38:37 burnside uvmconsole: [175.040s][info][gc] GC(101) Pause Remark 49M->49M(107M) 29.956ms
Sep  8 09:38:37 burnside uvmconsole: [175.178s][info][gc] GC(101) Pause Cleanup 49M->49M(107M) 0.467ms
Sep  8 09:38:37 burnside uvmconsole: [175.180s][info][gc] GC(101) Concurrent Cycle 428.351ms
Sep  8 09:38:41 burnside uvmconsole: [178.981s][info][gc] GC(102) Pause Young (Concurrent Start) (G1 Humongous Allocation) 67M->44M(107M) 19.519ms
Sep  8 09:38:41 burnside uvmconsole: [178.981s][info][gc] GC(103) Concurrent Cycle
Sep  8 09:38:41 burnside uvmconsole: [179.296s][info][gc] GC(103) Pause Remark 49M->49M(107M) 30.542ms
Sep  8 09:38:41 burnside uvmconsole: [179.435s][info][gc] GC(103) Pause Cleanup 49M->49M(107M) 0.470ms
Sep  8 09:38:41 burnside uvmconsole: [179.437s][info][gc] GC(103) Concurrent Cycle 456.190ms
Sep  8 09:38:54 burnside uvmconsole: [192.438s][info][gc] GC(104) Pause Young (Prepare Mixed) (G1 Evacuation Pause) 90M->43M(107M) 15.430ms
Sep  8 09:38:56 burnside uvmconsole: [194.245s][info][gc] GC(105) Pause Young (Mixed) (G1 Evacuation Pause) 45M->42M(107M) 20.704ms
Sep  8 09:39:05 burnside uvmconsole: [202.621s][info][gc] GC(106) Pause Young (Normal) (G1 Evacuation Pause) 88M->43M(107M) 11.925ms
Sep  8 09:39:07 burnside uvmconsole: [204.746s][info][gc] GC(107) Pause Young (Concurrent Start) (G1 Humongous Allocation) 61M->44M(107M) 15.159ms
Sep  8 09:39:07 burnside uvmconsole: [204.746s][info][gc] GC(108) Concurrent Cycle
Sep  8 09:39:07 burnside uvmconsole: [205.077s][info][gc] GC(108) Pause Remark 50M->50M(107M) 41.996ms
Sep  8 09:39:07 burnside uvmconsole: [205.261s][info][gc] GC(108) Pause Cleanup 50M->50M(107M) 0.515ms
Sep  8 09:39:07 burnside uvmconsole: [205.264s][info][gc] GC(108) Concurrent Cycle 517.914ms
Sep  8 09:39:17 burnside uvmconsole: [214.621s][info][gc] GC(109) Pause Young (Concurrent Start) (G1 Humongous Allocation) 74M->44M(107M) 22.582ms
Sep  8 09:39:17 burnside uvmconsole: [214.621s][info][gc] GC(110) Concurrent Cycle
Sep  8 09:39:17 burnside uvmconsole: [214.938s][info][gc] GC(110) Pause Remark 50M->50M(107M) 30.050ms
Sep  8 09:39:17 burnside uvmconsole: [215.084s][info][gc] GC(110) Pause Cleanup 50M->50M(107M) 0.577ms
Sep  8 09:39:17 burnside uvmconsole: [215.086s][info][gc] GC(110) Concurrent Cycle 464.340ms
Sep  8 09:39:27 burnside uvmconsole: [224.745s][info][gc] GC(111) Pause Young (Concurrent Start) (G1 Humongous Allocation) 76M->44M(107M) 24.413ms
Sep  8 09:39:27 burnside uvmconsole: [224.746s][info][gc] GC(112) Concurrent Cycle
Sep  8 09:39:27 burnside uvmconsole: [225.056s][info][gc] GC(112) Pause Remark 50M->50M(107M) 30.263ms
Sep  8 09:39:27 burnside uvmconsole: [225.203s][info][gc] GC(112) Pause Cleanup 50M->50M(107M) 0.457ms
Sep  8 09:39:27 burnside uvmconsole: [225.205s][info][gc] GC(112) Concurrent Cycle 459.262ms
Sep  8 09:39:38 burnside uvmconsole: [235.983s][info][gc] GC(113) Pause Young (Prepare Mixed) (G1 Evacuation Pause) 84M->43M(107M) 11.559ms
Sep  8 09:39:40 burnside uvmconsole: [237.736s][info][gc] GC(114) Pause Young (Mixed) (G1 Evacuation Pause) 46M->43M(107M) 13.475ms
Sep  8 09:39:54 burnside uvmconsole: [251.867s][info][gc] GC(115) Pause Young (Normal) (G1 Evacuation Pause) 84M->43M(107M) 9.844ms
Sep  8 09:39:57 burnside uvmconsole: [254.695s][info][gc] GC(116) Pause Young (Concurrent Start) (G1 Humongous Allocation) 57M->44M(107M) 15.734ms
Sep  8 09:39:57 burnside uvmconsole: [254.696s][info][gc] GC(117) Concurrent Cycle
Sep  8 09:39:57 burnside uvmconsole: [254.987s][info][gc] GC(117) Pause Remark 49M->49M(107M) 31.381ms
Sep  8 09:39:57 burnside uvmconsole: [255.136s][info][gc] GC(117) Pause Cleanup 49M->49M(107M) 0.524ms
Sep  8 09:39:57 burnside uvmconsole: [255.138s][info][gc] GC(117) Concurrent Cycle 441.671ms
Sep  8 09:40:07 burnside uvmconsole: [264.802s][info][gc] GC(118) Pause Young (Prepare Mixed) (G1 Evacuation Pause) 80M->44M(107M) 25.519ms
Sep  8 09:40:07 burnside uvmconsole: [264.851s][info][gc] GC(119) Pause Young (Mixed) (G1 Evacuation Pause) 47M->44M(107M) 21.885ms
Sep  8 09:40:21 burnside uvmconsole: [278.649s][info][gc] GC(120) Pause Young (Normal) (G1 Evacuation Pause) 83M->47M(107M) 9.366ms
Sep  8 09:40:27 burnside uvmconsole: [284.804s][info][gc] GC(121) Pause Young (Concurrent Start) (G1 Humongous Allocation) 69M->48M(107M) 24.562ms
Sep  8 09:40:27 burnside uvmconsole: [284.804s][info][gc] GC(122) Concurrent Cycle
Sep  8 09:40:27 burnside uvmconsole: [285.138s][info][gc] GC(122) Pause Remark 53M->51M(107M) 41.721ms
Sep  8 09:40:27 burnside uvmconsole: [285.295s][info][gc] GC(122) Pause Cleanup 52M->52M(107M) 0.440ms
Sep  8 09:40:27 burnside uvmconsole: [285.297s][info][gc] GC(122) Concurrent Cycle 493.043ms
Sep  8 09:40:37 burnside uvmconsole: [294.758s][info][gc] GC(123) Pause Young (Prepare Mixed) (G1 Evacuation Pause) 77M->45M(107M) 23.098ms
Sep  8 09:40:37 burnside uvmconsole: [294.823s][info][gc] GC(124) Pause Young (Mixed) (GCLocker Initiated GC) 50M->44M(107M) 23.965ms
Sep  8 09:40:49 burnside uvmconsole: [306.668s][info][gc] GC(125) Pause Young (Normal) (G1 Evacuation Pause) 79M->44M(107M) 10.665ms
Sep  8 09:40:57 burnside uvmconsole: [314.707s][info][gc] GC(126) Pause Young (Concurrent Start) (G1 Humongous Allocation) 59M->45M(107M) 11.949ms
Sep  8 09:40:57 burnside uvmconsole: [314.708s][info][gc] GC(127) Concurrent Cycle
Sep  8 09:40:57 burnside uvmconsole: [315.056s][info][gc] GC(127) Pause Remark 52M->52M(107M) 35.787ms
Sep  8 09:40:57 burnside uvmconsole: [315.207s][info][gc] GC(127) Pause Cleanup 52M->52M(107M) 0.491ms
Sep  8 09:40:57 burnside uvmconsole: [315.210s][info][gc] GC(127) Concurrent Cycle 501.741ms
Sep  8 09:41:07 burnside uvmconsole: [325.252s][info][gc] GC(128) Pause Young (Prepare Mixed) (G1 Evacuation Pause) 82M->44M(107M) 14.875ms
Sep  8 09:41:08 burnside uvmconsole: [326.136s][info][gc] GC(129) Pause Young (Mixed) (G1 Evacuation Pause) 47M->43M(107M) 10.882ms
Sep  8 09:41:27 burnside uvmconsole: [344.842s][info][gc] GC(130) Pause Young (Normal) (G1 Evacuation Pause) 81M->44M(107M) 24.159ms
Sep  8 09:41:27 burnside uvmconsole: [344.890s][info][gc] GC(131) Pause Young (Concurrent Start) (G1 Humongous Allocation) 51M->44M(107M) 12.013ms
Sep  8 09:41:27 burnside uvmconsole: [344.890s][info][gc] GC(132) Concurrent Cycle
Sep  8 09:41:27 burnside uvmconsole: [345.185s][info][gc] GC(132) Pause Remark 49M->49M(107M) 31.050ms
Sep  8 09:41:27 burnside uvmconsole: [345.331s][info][gc] GC(132) Pause Cleanup 49M->49M(107M) 0.522ms
Sep  8 09:41:27 burnside uvmconsole: [345.333s][info][gc] GC(132) Concurrent Cycle 442.171ms
Sep  8 09:41:47 burnside uvmconsole: [364.498s][info][gc] GC(133) Pause Young (Prepare Mixed) (G1 Evacuation Pause) 82M->43M(107M) 9.074ms
Sep  8 09:41:47 burnside uvmconsole: [364.812s][info][gc] GC(134) Pause Young (Mixed) (G1 Evacuation Pause) 47M->43M(107M) 15.222ms
Sep  8 09:41:57 burnside uvmconsole: [375.087s][info][gc] GC(135) Pause Young (Normal) (G1 Evacuation Pause) 84M->43M(107M) 8.642ms
Sep  8 09:42:07 burnside uvmconsole: [384.817s][info][gc] GC(136) Pause Young (Concurrent Start) (G1 Humongous Allocation) 77M->44M(107M) 20.482ms
Sep  8 09:42:07 burnside uvmconsole: [384.819s][info][gc] GC(137) Concurrent Cycle
Sep  8 09:42:07 burnside uvmconsole: [385.105s][info][gc] GC(137) Pause Remark 50M->50M(107M) 31.607ms
Sep  8 09:42:07 burnside uvmconsole: [385.248s][info][gc] GC(137) Pause Cleanup 51M->51M(107M) 0.529ms
Sep  8 09:42:07 burnside uvmconsole: [385.250s][info][gc] GC(137) Concurrent Cycle 431.047ms
Sep  8 09:42:22 burnside uvmconsole: [399.622s][info][gc] GC(138) Pause Young (Prepare Mixed) (G1 Evacuation Pause) 86M->43M(107M) 10.587ms
Sep  8 09:42:26 burnside uvmconsole: [403.506s][info][gc] GC(139) Pause Young (Mixed) (G1 Evacuation Pause) 46M->43M(107M) 11.351ms
Sep  8 09:42:37 burnside uvmconsole: [414.934s][info][gc] GC(140) Pause Young (Normal) (G1 Evacuation Pause) 88M->44M(107M) 17.596ms
Sep  8 09:42:47 burnside uvmconsole: [424.844s][info][gc] GC(141) Pause Young (Concurrent Start) (G1 Humongous Allocation) 66M->44M(107M) 12.578ms
Sep  8 09:42:47 burnside uvmconsole: [424.844s][info][gc] GC(142) Concurrent Cycle
Sep  8 09:42:47 burnside uvmconsole: [425.139s][info][gc] GC(142) Pause Remark 49M->49M(107M) 30.400ms
Sep  8 09:42:47 burnside uvmconsole: [425.281s][info][gc] GC(142) Pause Cleanup 49M->49M(107M) 0.572ms
Sep  8 09:42:47 burnside uvmconsole: [425.283s][info][gc] GC(142) Concurrent Cycle 438.859ms
Sep  8 09:43:02 burnside uvmconsole: [439.672s][info][gc] GC(143) Pause Young (Prepare Mixed) (G1 Evacuation Pause) 89M->44M(107M) 11.961ms
Sep  8 09:43:02 burnside uvmconsole: [439.715s][info][gc] GC(144) Pause Young (Mixed) (G1 Evacuation Pause) 47M->42M(107M) 13.412ms
Sep  8 09:43:17 burnside uvmconsole: [454.943s][info][gc] GC(145) Pause Young (Normal) (G1 Evacuation Pause) 89M->43M(107M) 16.899ms
Sep  8 09:43:27 burnside uvmconsole: [465.045s][info][gc] GC(146) Pause Young (Concurrent Start) (G1 Humongous Allocation) 68M->44M(107M) 12.282ms
Sep  8 09:43:27 burnside uvmconsole: [465.045s][info][gc] GC(147) Concurrent Cycle
Sep  8 09:43:27 burnside uvmconsole: [465.332s][info][gc] GC(147) Pause Remark 49M->49M(107M) 32.470ms
Sep  8 09:43:28 burnside uvmconsole: [465.483s][info][gc] GC(147) Pause Cleanup 49M->49M(107M) 0.454ms
Sep  8 09:43:28 burnside uvmconsole: [465.486s][info][gc] GC(147) Concurrent Cycle 440.284ms
Sep  8 09:43:45 burnside uvmconsole: [482.879s][info][gc] GC(148) Pause Young (Prepare Mixed) (G1 Evacuation Pause) 88M->43M(107M) 9.804ms
Sep  8 09:43:47 burnside uvmconsole: [484.628s][info][gc] GC(149) Pause Young (Mixed) (G1 Evacuation Pause) 47M->42M(107M) 11.110ms
Sep  8 09:43:57 burnside uvmconsole: [494.911s][info][gc] GC(150) Pause Young (Normal) (G1 Evacuation Pause) 88M->44M(107M) 12.624ms
Sep  8 09:44:07 burnside uvmconsole: [504.845s][info][gc] GC(151) Pause Young (Normal) (G1 Evacuation Pause) 85M->44M(107M) 13.612ms
Sep  8 09:44:07 burnside uvmconsole: [504.867s][info][gc] GC(152) Pause Young (Concurrent Start) (G1 Humongous Allocation) 46M->44M(107M) 13.110ms
Sep  8 09:44:07 burnside uvmconsole: [504.868s][info][gc] GC(153) Concurrent Cycle
Sep  8 09:44:07 burnside uvmconsole: [505.155s][info][gc] GC(153) Pause Remark 50M->50M(107M) 31.280ms
Sep  8 09:44:07 burnside uvmconsole: [505.300s][info][gc] GC(153) Pause Cleanup 50M->50M(107M) 0.515ms
Sep  8 09:44:07 burnside uvmconsole: [505.302s][info][gc] GC(153) Concurrent Cycle 434.730ms
Sep  8 09:44:16 burnside uvmconsole: [513.540s][info][gc] GC(154) Pause Young (Normal) (G1 Evacuation Pause) 81M->43M(107M) 19.530ms
Sep  8 09:44:17 burnside uvmconsole: [514.859s][info][gc] GC(155) Pause Young (Concurrent Start) (G1 Humongous Allocation) 58M->44M(107M) 16.221ms
Sep  8 09:44:17 burnside uvmconsole: [514.860s][info][gc] GC(156) Concurrent Cycle
Sep  8 09:44:17 burnside uvmconsole: [515.156s][info][gc] GC(156) Pause Remark 50M->50M(107M) 32.431ms
Sep  8 09:44:17 burnside uvmconsole: [515.305s][info][gc] GC(156) Pause Cleanup 50M->50M(107M) 0.516ms
Sep  8 09:44:17 burnside uvmconsole: [515.307s][info][gc] GC(156) Concurrent Cycle 446.814ms
Sep  8 09:44:27 burnside uvmconsole: [524.618s][info][gc] GC(157) Pause Young (Prepare Mixed) (G1 Evacuation Pause) 83M->44M(107M) 18.542ms
Sep  8 09:44:27 burnside uvmconsole: [524.780s][info][gc] GC(158) Pause Young (Mixed) (G1 Evacuation Pause) 46M->44M(107M) 13.293ms
Sep  8 09:44:37 burnside uvmconsole: [534.886s][info][gc] GC(159) Pause Young (Normal) (G1 Evacuation Pause) 86M->45M(107M) 20.691ms
Sep  8 09:44:37 burnside uvmconsole: [534.969s][info][gc] GC(160) Pause Young (Concurrent Start) (G1 Humongous Allocation) 54M->45M(107M) 19.188ms
Sep  8 09:44:37 burnside uvmconsole: [534.970s][info][gc] GC(161) Concurrent Cycle
Sep  8 09:44:37 burnside uvmconsole: [535.310s][info][gc] GC(161) Pause Remark 49M->49M(107M) 45.703ms
Sep  8 09:44:37 burnside uvmconsole: [535.469s][info][gc] GC(161) Pause Cleanup 49M->49M(107M) 0.515ms
Sep  8 09:44:37 burnside uvmconsole: [535.471s][info][gc] GC(161) Concurrent Cycle 501.186ms
Sep  8 09:44:46 burnside uvmconsole: [544.201s][info][gc] GC(162) Pause Young (Prepare Mixed) (G1 Evacuation Pause) 80M->44M(107M) 15.883ms
Sep  8 09:44:47 burnside uvmconsole: [544.673s][info][gc] GC(163) Pause Young (Mixed) (G1 Evacuation Pause) 48M->44M(107M) 17.250ms
Sep  8 09:44:57 burnside uvmconsole: [554.663s][info][gc] GC(164) Pause Young (Normal) (G1 Evacuation Pause) 81M->44M(107M) 10.611ms
Sep  8 09:44:57 burnside uvmconsole: [554.885s][info][gc] GC(165) Pause Young (Concurrent Start) (G1 Humongous Allocation) 53M->45M(107M) 19.686ms
Sep  8 09:44:57 burnside uvmconsole: [554.885s][info][gc] GC(166) Concurrent Cycle
Sep  8 09:44:57 burnside uvmconsole: [555.187s][info][gc] GC(166) Pause Remark 51M->51M(107M) 31.739ms
Sep  8 09:44:57 burnside uvmconsole: [555.352s][info][gc] GC(166) Pause Cleanup 52M->52M(107M) 0.468ms
Sep  8 09:44:57 burnside uvmconsole: [555.354s][info][gc] GC(166) Concurrent Cycle 468.983ms
Sep  8 09:45:07 burnside uvmconsole: [564.910s][info][gc] GC(167) Pause Young (Prepare Mixed) (G1 Evacuation Pause) 75M->46M(107M) 14.137ms
Sep  8 09:45:07 burnside uvmconsole: [564.934s][info][gc] GC(168) Pause Young (Mixed) (G1 Evacuation Pause) 49M->46M(107M) 14.469ms
Sep  8 09:45:17 burnside uvmconsole: [574.679s][info][gc] GC(169) Pause Young (Normal) (G1 Evacuation Pause) 76M->47M(107M) 10.018ms
Sep  8 09:45:17 burnside uvmconsole: [574.973s][info][gc] GC(170) Pause Young (Concurrent Start) (G1 Humongous Allocation) 61M->49M(107M) 11.609ms
Sep  8 09:45:17 burnside uvmconsole: [574.973s][info][gc] GC(171) Concurrent Cycle
Sep  8 09:45:17 burnside uvmconsole: [575.277s][info][gc] GC(171) Pause Remark 54M->52M(107M) 31.304ms
Sep  8 09:45:17 burnside uvmconsole: [575.427s][info][gc] GC(171) Pause Cleanup 52M->52M(107M) 0.628ms
Sep  8 09:45:17 burnside uvmconsole: [575.429s][info][gc] GC(171) Concurrent Cycle 455.703ms
Sep  8 09:45:26 burnside uvmconsole: [583.719s][info][gc] GC(172) Pause Young (Prepare Mixed) (G1 Evacuation Pause) 73M->45M(107M) 11.464ms
Sep  8 09:45:27 burnside uvmconsole: [584.630s][info][gc] GC(173) Pause Young (Mixed) (G1 Evacuation Pause) 49M->43M(107M) 15.017ms
Sep  8 09:45:32 burnside uvmconsole: [590.068s][info][gc] GC(174) Pause Young (Normal) (G1 Evacuation Pause) 74M->43M(107M) 12.673ms
Sep  8 09:45:37 burnside uvmconsole: [594.935s][info][gc] GC(175) Pause Young (Normal) (G1 Evacuation Pause) 75M->45M(107M) 28.832ms
Sep  8 09:45:37 burnside uvmconsole: [595.014s][info][gc] GC(176) Pause Young (Concurrent Start) (G1 Humongous Allocation) 53M->45M(107M) 20.261ms
Sep  8 09:45:37 burnside uvmconsole: [595.016s][info][gc] GC(177) Concurrent Cycle
Sep  8 09:45:37 burnside uvmconsole: [595.395s][info][gc] GC(177) Pause Remark 53M->53M(107M) 37.321ms
Sep  8 09:45:38 burnside uvmconsole: [595.559s][info][gc] GC(177) Pause Cleanup 54M->54M(107M) 0.459ms
Sep  8 09:45:38 burnside uvmconsole: [595.561s][info][gc] GC(177) Concurrent Cycle 544.819ms
Sep  8 09:45:41 burnside uvmconsole: [599.166s][info][gc] GC(178) Pause Young (Prepare Mixed) (G1 Evacuation Pause) 80M->45M(107M) 15.423ms
Sep  8 09:45:42 burnside uvmconsole: [599.663s][info][gc] GC(179) Pause Young (Mixed) (G1 Evacuation Pause) 48M->44M(107M) 36.530ms
Sep  8 09:45:47 burnside uvmconsole: [604.991s][info][gc] GC(180) Pause Young (Normal) (G1 Evacuation Pause) 81M->46M(107M) 13.569ms
Sep  8 09:45:56 burnside uvmconsole: [613.748s][info][gc] GC(181) Pause Young (Normal) (G1 Evacuation Pause) 81M->45M(107M) 10.545ms
Sep  8 09:45:57 burnside uvmconsole: [614.932s][info][gc] GC(182) Pause Young (Concurrent Start) (G1 Humongous Allocation) 57M->46M(107M) 18.531ms
Sep  8 09:45:57 burnside uvmconsole: [614.932s][info][gc] GC(183) Concurrent Cycle
Sep  8 09:45:57 burnside uvmconsole: [615.242s][info][gc] GC(183) Pause Remark 52M->52M(107M) 32.965ms
Sep  8 09:45:57 burnside uvmconsole: [615.399s][info][gc] GC(183) Pause Cleanup 52M->52M(107M) 0.675ms
Sep  8 09:45:57 burnside uvmconsole: [615.401s][info][gc] GC(183) Concurrent Cycle 468.673ms
Sep  8 09:46:03 burnside uvmconsole: [621.418s][info][gc] GC(184) Pause Young (Prepare Mixed) (G1 Evacuation Pause) 78M->46M(107M) 18.737ms
Sep  8 09:46:04 burnside uvmconsole: [621.530s][info][gc] GC(185) Pause Young (Mixed) (G1 Evacuation Pause) 49M->44M(107M) 19.902ms
Sep  8 09:46:07 burnside uvmconsole: [624.937s][info][gc] GC(186) Pause Young (Normal) (G1 Evacuation Pause) 76M->46M(107M) 10.898ms
Sep  8 09:46:07 burnside uvmconsole: [624.955s][info][gc] GC(187) Pause Young (Concurrent Start) (G1 Humongous Allocation) 47M->46M(107M) 12.462ms
Sep  8 09:46:07 burnside uvmconsole: [624.955s][info][gc] GC(188) Concurrent Cycle
Sep  8 09:46:07 burnside uvmconsole: [625.266s][info][gc] GC(188) Pause Remark 51M->51M(107M) 34.769ms
Sep  8 09:46:07 burnside uvmconsole: [625.417s][info][gc] GC(188) Pause Cleanup 51M->51M(107M) 0.564ms
Sep  8 09:46:07 burnside uvmconsole: [625.419s][info][gc] GC(188) Concurrent Cycle 463.629ms
Sep  8 09:46:15 burnside uvmconsole: [633.014s][info][gc] GC(189) Pause Young (Prepare Mixed) (G1 Evacuation Pause) 77M->45M(107M) 10.104ms
Sep  8 09:46:15 burnside uvmconsole: [633.390s][info][gc] GC(190) Pause Young (Mixed) (G1 Evacuation Pause) 48M->44M(107M) 23.399ms
Sep  8 09:46:21 burnside uvmconsole: [639.299s][info][gc] GC(191) Pause Young (Normal) (G1 Evacuation Pause) 78M->44M(107M) 9.003ms
Sep  8 09:46:27 burnside uvmconsole: [644.965s][info][gc] GC(192) Pause Young (Concurrent Start) (G1 Humongous Allocation) 74M->46M(107M) 15.227ms
Sep  8 09:46:27 burnside uvmconsole: [644.967s][info][gc] GC(193) Concurrent Cycle
Sep  8 09:46:27 burnside uvmconsole: [645.335s][info][gc] GC(193) Pause Remark 53M->53M(107M) 33.472ms
Sep  8 09:46:28 burnside uvmconsole: [645.544s][info][gc] GC(193) Pause Cleanup 55M->55M(107M) 0.515ms
Sep  8 09:46:28 burnside uvmconsole: [645.546s][info][gc] GC(193) Concurrent Cycle 579.446ms
Sep  8 09:46:37 burnside uvmconsole: [654.478s][info][gc] GC(194) Pause Young (Prepare Mixed) (G1 Evacuation Pause) 83M->45M(107M) 18.629ms
Sep  8 09:46:37 burnside uvmconsole: [654.932s][info][gc] GC(195) Pause Young (Mixed) (G1 Evacuation Pause) 49M->44M(107M) 14.289ms
Sep  8 09:46:47 burnside uvmconsole: [664.949s][info][gc] GC(196) Pause Young (Normal) (G1 Evacuation Pause) 84M->44M(107M) 27.415ms
Sep  8 09:46:47 burnside uvmconsole: [665.025s][info][gc] GC(197) Pause Young (Concurrent Start) (G1 Humongous Allocation) 54M->44M(107M) 12.214ms
Sep  8 09:46:47 burnside uvmconsole: [665.025s][info][gc] GC(198) Concurrent Cycle
Sep  8 09:46:47 burnside uvmconsole: [665.349s][info][gc] GC(198) Pause Remark 49M->49M(107M) 31.480ms
Sep  8 09:46:48 burnside uvmconsole: [665.503s][info][gc] GC(198) Pause Cleanup 49M->49M(107M) 0.522ms
Sep  8 09:46:48 burnside uvmconsole: [665.505s][info][gc] GC(198) Concurrent Cycle 479.780ms
Sep  8 09:46:57 burnside uvmconsole: [675.055s][info][gc] GC(199) Pause Young (Concurrent Start) (G1 Humongous Allocation) 79M->45M(107M) 20.621ms
Sep  8 09:46:57 burnside uvmconsole: [675.056s][info][gc] GC(200) Concurrent Cycle
Sep  8 09:46:57 burnside uvmconsole: [675.462s][info][gc] GC(200) Pause Remark 53M->53M(107M) 65.193ms
Sep  8 09:46:58 burnside uvmconsole: [675.639s][info][gc] GC(200) Pause Cleanup 53M->53M(107M) 1.018ms
Sep  8 09:46:58 burnside uvmconsole: [675.644s][info][gc] GC(200) Concurrent Cycle 588.195ms
Sep  8 09:47:07 burnside uvmconsole: [685.027s][info][gc] GC(201) Pause Young (Concurrent Start) (G1 Humongous Allocation) 87M->46M(107M) 29.289ms
Sep  8 09:47:07 burnside uvmconsole: [685.027s][info][gc] GC(202) Concurrent Cycle
Sep  8 09:47:07 burnside uvmconsole: [685.403s][info][gc] GC(202) Pause Remark 53M->53M(107M) 45.821ms
Sep  8 09:47:08 burnside uvmconsole: [685.566s][info][gc] GC(202) Pause Cleanup 54M->54M(107M) 0.641ms
Sep  8 09:47:08 burnside uvmconsole: [685.568s][info][gc] GC(202) Concurrent Cycle 540.511ms
Sep  8 09:47:17 burnside uvmconsole: [694.994s][info][gc] GC(203) Pause Young (Prepare Mixed) (G1 Evacuation Pause) 87M->45M(107M) 20.309ms
Sep  8 09:47:17 burnside uvmconsole: [695.037s][info][gc] GC(204) Pause Young (Mixed) (G1 Evacuation Pause) 47M->45M(107M) 26.488ms
Sep  8 09:47:28 burnside uvmconsole: [705.827s][info][gc] GC(205) Pause Young (Normal) (G1 Evacuation Pause) 90M->48M(107M) 11.452ms
Sep  8 09:47:37 burnside uvmconsole: [715.109s][info][gc] GC(206) Pause Young (Concurrent Start) (G1 Humongous Allocation) 77M->50M(107M) 16.021ms
Sep  8 09:47:37 burnside uvmconsole: [715.111s][info][gc] GC(207) Concurrent Cycle
Sep  8 09:47:37 burnside uvmconsole: [715.429s][info][gc] GC(207) Pause Remark 55M->53M(107M) 32.913ms
Sep  8 09:47:38 burnside uvmconsole: [715.586s][info][gc] GC(207) Pause Cleanup 53M->53M(107M) 0.477ms
Sep  8 09:47:38 burnside uvmconsole: [715.588s][info][gc] GC(207) Concurrent Cycle 477.140ms
Sep  8 09:47:47 burnside uvmconsole: [724.845s][info][gc] GC(208) Pause Young (Prepare Mixed) (G1 Evacuation Pause) 87M->46M(107M) 21.088ms
Sep  8 09:47:47 burnside uvmconsole: [725.108s][info][gc] GC(209) Pause Young (Mixed) (G1 Evacuation Pause) 49M->45M(107M) 30.505ms
Sep  8 09:47:53 burnside uvmconsole: [731.467s][info][gc] GC(210) Pause Young (Normal) (G1 Evacuation Pause) 88M->45M(107M) 17.564ms
Sep  8 09:47:57 burnside uvmconsole: [735.160s][info][gc] GC(211) Pause Young (Normal) (G1 Evacuation Pause) 87M->47M(107M) 23.422ms
Sep  8 09:47:57 burnside uvmconsole: [735.188s][info][gc] GC(212) Pause Young (Concurrent Start) (G1 Humongous Allocation) 49M->47M(107M) 19.179ms
Sep  8 09:47:57 burnside uvmconsole: [735.188s][info][gc] GC(213) Concurrent Cycle
Sep  8 09:47:58 burnside uvmconsole: [735.540s][info][gc] GC(213) Pause Remark 54M->54M(107M) 34.972ms
Sep  8 09:47:58 burnside uvmconsole: [735.726s][info][gc] GC(213) Pause Cleanup 56M->56M(107M) 0.519ms
Sep  8 09:47:58 burnside uvmconsole: [735.728s][info][gc] GC(213) Concurrent Cycle 539.943ms
Sep  8 09:48:01 burnside uvmconsole: [738.867s][info][gc] GC(214) Pause Young (Prepare Mixed) (G1 Evacuation Pause) 81M->47M(107M) 16.162ms
Sep  8 09:48:01 burnside uvmconsole: [738.903s][info][gc] GC(215) Pause Young (Mixed) (G1 Evacuation Pause) 49M->46M(107M) 19.193ms
Sep  8 09:48:10 burnside uvmconsole: [748.058s][info][gc] GC(216) Pause Young (Normal) (G1 Evacuation Pause) 82M->46M(107M) 17.094ms
Sep  8 09:48:14 burnside uvmconsole: 09-08 09:48:14.674924| ERROR:./libnetcap/src/netcap_tcp.c:390:WARNING: TCP: Could not find session for accepted connection :: (192.168.1.175:34526) -> (40.126.7.65:443  )
Sep  8 09:48:15 burnside uvmconsole: [752.665s][info][gc] GC(217) Pause Young (Normal) (G1 Evacuation Pause) 82M->46M(107M) 12.076ms
Sep  8 09:48:21 burnside uvmconsole: 09-08 09:48:21.901775| ERROR:./libnetcap/src/netcap_tcp.c:390:WARNING: TCP: Could not find session for accepted connection :: (192.168.1.175:40530) -> (52.96.88.178:443  )
Sep  8 09:48:22 burnside uvmconsole: 09-08 09:48:22.149529| ERROR:./libnetcap/src/netcap_tcp.c:390:WARNING: TCP: Could not find session for accepted connection :: (192.168.1.175:56714) -> (52.96.88.146:443  )
Sep  8 09:48:22 burnside uvmconsole: 09-08 09:48:22.191476| ERROR:./libnetcap/src/netcap_tcp.c:390:WARNING: TCP: Could not find session for accepted connection :: (192.168.1.175:56716) -> (52.96.88.146:443  )
Sep  8 09:48:22 burnside uvmconsole: 09-08 09:48:22.191772| ERROR:./libnetcap/src/netcap_tcp.c:390:WARNING: TCP: Could not find session for accepted connection :: (192.168.1.175:56718) -> (52.96.88.146:443  )
Sep  8 09:48:23 burnside uvmconsole: [760.806s][info][gc] GC(218) Pause Young (Normal) (G1 Evacuation Pause) 85M->47M(107M) 13.388ms
Sep  8 09:48:27 burnside uvmconsole: [765.190s][info][gc] GC(219) Pause Young (Concurrent Start) (G1 Humongous Allocation) 71M->48M(107M) 16.806ms
Sep  8 09:48:27 burnside uvmconsole: [765.191s][info][gc] GC(220) Concurrent Cycle
Sep  8 09:48:28 burnside uvmconsole: [765.495s][info][gc] GC(220) Pause Remark 52M->52M(107M) 32.943ms
Sep  8 09:48:28 burnside uvmconsole: [765.648s][info][gc] GC(220) Pause Cleanup 52M->52M(107M) 0.467ms
Sep  8 09:48:28 burnside uvmconsole: [765.650s][info][gc] GC(220) Concurrent Cycle 459.704ms
Sep  8 09:48:41 burnside uvmconsole: [779.062s][info][gc] GC(221) Pause Young (Prepare Mixed) (G1 Evacuation Pause) 89M->47M(107M) 13.133ms
Sep  8 09:48:43 burnside uvmconsole: [780.672s][info][gc] GC(222) Pause Young (Mixed) (G1 Evacuation Pause) 50M->45M(107M) 22.280ms
Sep  8 09:48:56 burnside uvmconsole: [794.144s][info][gc] GC(223) Pause Young (Normal) (G1 Evacuation Pause) 88M->45M(107M) 15.174ms
Sep  8 09:48:57 burnside uvmconsole: [795.130s][info][gc] GC(224) Pause Young (Concurrent Start) (G1 Humongous Allocation) 60M->46M(107M) 14.218ms
Sep  8 09:48:57 burnside uvmconsole: [795.130s][info][gc] GC(225) Concurrent Cycle
Sep  8 09:48:58 burnside uvmconsole: [795.475s][info][gc] GC(225) Pause Remark 52M->52M(107M) 41.912ms
Sep  8 09:48:58 burnside uvmconsole: [795.670s][info][gc] GC(225) Pause Cleanup 54M->54M(107M) 0.618ms
Sep  8 09:48:58 burnside uvmconsole: [795.672s][info][gc] GC(225) Concurrent Cycle 542.196ms
Sep  8 09:49:06 burnside uvmconsole: [803.815s][info][gc] GC(226) Pause Young (Prepare Mixed) (G1 Evacuation Pause) 80M->47M(107M) 15.537ms
Sep  8 09:49:06 burnside uvmconsole: [803.849s][info][gc] GC(227) Pause Young (Mixed) (G1 Evacuation Pause) 49M->46M(107M) 14.783ms
Sep  8 09:49:11 burnside uvmconsole: [808.586s][info][gc] GC(228) Pause Young (Normal) (G1 Evacuation Pause) 81M->46M(107M) 10.318ms
Sep  8 09:49:21 burnside uvmconsole: [818.797s][info][gc] GC(229) Pause Young (Normal) (G1 Evacuation Pause) 83M->47M(107M) 11.411ms
Sep  8 09:49:28 burnside uvmconsole: [825.519s][info][gc] GC(230) Pause Young (Normal) (G1 Evacuation Pause) 84M->47M(107M) 12.980ms
Sep  8 09:49:37 burnside uvmconsole: [835.301s][info][gc] GC(231) Pause Young (Normal) (G1 Evacuation Pause) 86M->49M(107M) 21.848ms
Sep  8 09:49:47 burnside uvmconsole: [845.127s][info][gc] GC(232) Pause Young (Normal) (G1 Evacuation Pause) 85M->48M(107M) 15.070ms
Sep  8 09:49:56 burnside uvmconsole: [853.927s][info][gc] GC(233) Pause Young (Normal) (G1 Evacuation Pause) 87M->48M(107M) 15.029ms
Sep  8 09:49:57 burnside uvmconsole: [855.178s][info][gc] GC(234) Pause Young (Concurrent Start) (G1 Humongous Allocation) 62M->49M(107M) 22.492ms
Sep  8 09:49:57 burnside uvmconsole: [855.178s][info][gc] GC(235) Concurrent Cycle
Sep  8 09:49:58 burnside uvmconsole: [855.556s][info][gc] GC(235) Pause Remark 56M->56M(107M) 37.359ms
Sep  8 09:49:58 burnside uvmconsole: [855.732s][info][gc] GC(235) Pause Cleanup 57M->57M(107M) 0.521ms
Sep  8 09:49:58 burnside uvmconsole: [855.735s][info][gc] GC(235) Concurrent Cycle 557.000ms
Sep  8 09:50:07 burnside uvmconsole: [865.233s][info][gc] GC(236) Pause Young (Prepare Mixed) (G1 Evacuation Pause) 87M->50M(107M) 19.936ms
Sep  8 09:50:07 burnside uvmconsole: [865.271s][info][gc] GC(237) Pause Young (Mixed) (GCLocker Initiated GC) 53M->45M(107M) 19.518ms
Sep  8 09:50:12 burnside uvmconsole: [870.056s][info][gc] GC(238) Pause Young (Normal) (G1 Evacuation Pause) 84M->46M(107M) 12.860ms
Sep  8 09:50:17 burnside uvmconsole: [875.202s][info][gc] GC(239) Pause Young (Normal) (G1 Evacuation Pause) 88M->47M(107M) 15.859ms
Sep  8 09:50:26 burnside uvmconsole: [883.530s][info][gc] GC(240) Pause Young (Normal) (G1 Evacuation Pause) 86M->47M(107M) 14.703ms
Sep  8 09:50:37 burnside uvmconsole: [894.912s][info][gc] GC(241) Pause Young (Normal) (G1 Evacuation Pause) 88M->46M(107M) 11.784ms
Sep  8 09:50:37 burnside uvmconsole: [895.334s][info][gc] GC(242) Pause Young (Concurrent Start) (G1 Humongous Allocation) 58M->47M(107M) 15.817ms
Sep  8 09:50:37 burnside uvmconsole: [895.335s][info][gc] GC(243) Concurrent Cycle
Sep  8 09:50:38 burnside uvmconsole: [895.651s][info][gc] GC(243) Pause Remark 51M->51M(107M) 32.726ms
Sep  8 09:50:38 burnside uvmconsole: [895.808s][info][gc] GC(243) Pause Cleanup 51M->51M(107M) 0.500ms
Sep  8 09:50:38 burnside uvmconsole: [895.810s][info][gc] GC(243) Concurrent Cycle 475.349ms
Sep  8 09:50:48 burnside uvmconsole: [905.982s][info][gc] GC(244) Pause Young (Prepare Mixed) (G1 Evacuation Pause) 87M->46M(107M) 12.015ms
Sep  8 09:50:49 burnside uvmconsole: [906.942s][info][gc] GC(245) Pause Young (Mixed) (G1 Evacuation Pause) 49M->45M(107M) 18.448ms
Sep  8 09:50:59 burnside uvmconsole: [916.896s][info][gc] GC(246) Pause Young (Normal) (G1 Evacuation Pause) 87M->45M(107M) 11.950ms
Sep  8 09:51:07 burnside uvmconsole: [925.213s][info][gc] GC(247) Pause Young (Normal) (G1 Evacuation Pause) 86M->47M(107M) 17.354ms
Sep  8 09:51:07 burnside uvmconsole: [925.249s][info][gc] GC(248) Pause Young (Concurrent Start) (G1 Humongous Allocation) 53M->47M(107M) 17.127ms
Sep  8 09:51:07 burnside uvmconsole: [925.250s][info][gc] GC(249) Concurrent Cycle
Sep  8 09:51:08 burnside uvmconsole: [925.581s][info][gc] GC(249) Pause Remark 52M->52M(107M) 33.632ms
Sep  8 09:51:08 burnside uvmconsole: [925.756s][info][gc] GC(249) Pause Cleanup 53M->53M(107M) 0.462ms
Sep  8 09:51:08 burnside uvmconsole: [925.759s][info][gc] GC(249) Concurrent Cycle 509.067ms
Sep  8 09:51:17 burnside uvmconsole: [935.190s][info][gc] GC(250) Pause Young (Prepare Mixed) (G1 Evacuation Pause) 83M->46M(107M) 16.071ms
Sep  8 09:51:17 burnside uvmconsole: [935.227s][info][gc] GC(251) Pause Young (Mixed) (G1 Evacuation Pause) 48M->46M(107M) 20.143ms
Sep  8 09:51:17 burnside uvmconsole: [935.261s][info][gc] GC(252) Pause Young (Concurrent Start) (G1 Humongous Allocation) 51M->47M(107M) 11.977ms
Sep  8 09:51:17 burnside uvmconsole: [935.261s][info][gc] GC(253) Concurrent Cycle
Sep  8 09:51:18 burnside uvmconsole: [935.576s][info][gc] GC(253) Pause Remark 51M->51M(107M) 34.486ms
Sep  8 09:51:18 burnside uvmconsole: [935.741s][info][gc] GC(253) Pause Cleanup 51M->51M(107M) 0.509ms
Sep  8 09:51:18 burnside uvmconsole: [935.744s][info][gc] GC(253) Concurrent Cycle 482.586ms
Sep  8 09:51:27 burnside uvmconsole: [945.230s][info][gc] GC(254) Pause Young (Concurrent Start) (G1 Humongous Allocation) 78M->50M(107M) 29.200ms
Sep  8 09:51:27 burnside uvmconsole: [945.231s][info][gc] GC(255) Concurrent Cycle
Sep  8 09:51:28 burnside uvmconsole: [945.595s][info][gc] GC(255) Pause Remark 57M->55M(107M) 33.911ms
Sep  8 09:51:28 burnside uvmconsole: [945.786s][info][gc] GC(255) Pause Cleanup 55M->55M(107M) 0.503ms
Sep  8 09:51:28 burnside uvmconsole: [945.788s][info][gc] GC(255) Concurrent Cycle 557.430ms
Sep  8 09:51:37 burnside uvmconsole: [954.818s][info][gc] GC(256) Pause Young (Prepare Mixed) (G1 Evacuation Pause) 85M->47M(107M) 18.208ms
Sep  8 09:51:37 burnside uvmconsole: [954.979s][info][gc] GC(257) Pause Young (Mixed) (G1 Evacuation Pause) 50M->46M(107M) 26.210ms
Sep  8 09:51:37 burnside uvmconsole: [955.255s][info][gc] GC(258) Pause Young (Concurrent Start) (G1 Humongous Allocation) 55M->47M(107M) 18.705ms
Sep  8 09:51:37 burnside uvmconsole: [955.255s][info][gc] GC(259) Concurrent Cycle
Sep  8 09:51:38 burnside uvmconsole: [955.660s][info][gc] GC(259) Pause Remark 59M->59M(107M) 44.732ms
Sep  8 09:51:38 burnside uvmconsole: [955.839s][info][gc] GC(259) Pause Cleanup 59M->59M(107M) 0.573ms
Sep  8 09:51:38 burnside uvmconsole: [955.842s][info][gc] GC(259) Concurrent Cycle 586.767ms
Sep  8 09:51:50 burnside uvmconsole: [967.538s][info][gc] GC(260) Pause Young (Prepare Mixed) (G1 Evacuation Pause) 89M->46M(107M) 9.830ms
Sep  8 09:51:52 burnside uvmconsole: [969.793s][info][gc] GC(261) Pause Young (Mixed) (G1 Evacuation Pause) 50M->46M(107M) 11.407ms
Sep  8 09:51:57 burnside uvmconsole: [975.276s][info][gc] GC(262) Pause Young (Concurrent Start) (G1 Humongous Allocation) 61M->47M(107M) 13.867ms
Sep  8 09:51:57 burnside uvmconsole: [975.276s][info][gc] GC(263) Concurrent Cycle
Sep  8 09:51:58 burnside uvmconsole: [975.588s][info][gc] GC(263) Pause Remark 53M->53M(107M) 33.300ms
Sep  8 09:51:58 burnside uvmconsole: [975.746s][info][gc] GC(263) Pause Cleanup 53M->53M(107M) 0.525ms
Sep  8 09:51:58 burnside uvmconsole: [975.748s][info][gc] GC(263) Concurrent Cycle 471.574ms
Sep  8 09:52:10 burnside uvmconsole: [987.789s][info][gc] GC(264) Pause Young (Prepare Mixed) (G1 Evacuation Pause) 90M->47M(107M) 12.391ms
Sep  8 09:52:14 burnside uvmconsole: [991.626s][info][gc] GC(265) Pause Young (Mixed) (G1 Evacuation Pause) 50M->45M(107M) 13.369ms
Sep  8 09:52:17 burnside uvmconsole: [995.247s][info][gc] GC(266) Pause Young (Concurrent Start) (G1 Humongous Allocation) 60M->46M(107M) 13.904ms
Sep  8 09:52:17 burnside uvmconsole: [995.249s][info][gc] GC(267) Concurrent Cycle
Sep  8 09:52:18 burnside uvmconsole: [995.563s][info][gc] GC(267) Pause Remark 52M->52M(107M) 33.658ms
Sep  8 09:52:18 burnside uvmconsole: [995.725s][info][gc] GC(267) Pause Cleanup 52M->52M(107M) 0.485ms
Sep  8 09:52:18 burnside uvmconsole: [995.727s][info][gc] GC(267) Concurrent Cycle 477.661ms
Sep  8 09:52:37 burnside uvmconsole: [1015.246s][info][gc] GC(268) Pause Young (Prepare Mixed) (G1 Evacuation Pause) 91M->47M(107M) 15.342ms
Sep  8 09:52:37 burnside uvmconsole: [1015.315s][info][gc] GC(269) Pause Young (Mixed) (G1 Evacuation Pause) 51M->45M(107M) 18.396ms
Sep  8 09:52:41 burnside uvmconsole: [1018.826s][info][gc] GC(270) Pause Young (Concurrent Start) (G1 Evacuation Pause) 49M->45M(107M) 8.862ms
Sep  8 09:52:41 burnside uvmconsole: [1018.827s][info][gc] GC(271) Concurrent Cycle
Sep  8 09:52:41 burnside uvmconsole: [1019.125s][info][gc] GC(271) Pause Remark 45M->45M(107M) 33.713ms
Sep  8 09:52:41 burnside uvmconsole: [1019.305s][info][gc] GC(271) Pause Cleanup 46M->46M(107M) 0.538ms
Sep  8 09:52:41 burnside uvmconsole: [1019.307s][info][gc] GC(271) Concurrent Cycle 479.942ms
Sep  8 09:52:57 burnside uvmconsole: [1035.461s][info][gc] GC(272) Pause Young (Prepare Mixed) (G1 Evacuation Pause) 92M->46M(107M) 9.965ms
Sep  8 09:53:00 burnside uvmconsole: [1037.526s][info][gc] GC(273) Pause Young (Mixed) (G1 Evacuation Pause) 50M->45M(107M) 13.283ms
Sep  8 09:53:04 burnside uvmconsole: [1042.018s][info][gc] GC(274) Pause Young (Concurrent Start) (G1 Evacuation Pause) 56M->45M(107M) 10.840ms
Sep  8 09:53:04 burnside uvmconsole: [1042.019s][info][gc] GC(275) Concurrent Cycle
Sep  8 09:53:04 burnside uvmconsole: [1042.325s][info][gc] GC(275) Pause Remark 46M->46M(107M) 33.788ms
Sep  8 09:53:05 burnside uvmconsole: [1042.482s][info][gc] GC(275) Pause Cleanup 46M->46M(107M) 0.458ms
Sep  8 09:53:05 burnside uvmconsole: [1042.484s][info][gc] GC(275) Concurrent Cycle 465.295ms
Sep  8 09:53:21 burnside uvmconsole: [1058.694s][info][gc] GC(276) Pause Young (Prepare Mixed) (G1 Evacuation Pause) 89M->45M(107M) 9.056ms
Sep  8 09:53:24 burnside uvmconsole: [1061.521s][info][gc] GC(277) Pause Young (Mixed) (G1 Evacuation Pause) 49M->44M(107M) 20.214ms
Sep  8 09:53:27 burnside uvmconsole: [1065.319s][info][gc] GC(278) Pause Young (Concurrent Start) (G1 Humongous Allocation) 56M->45M(107M) 20.914ms
Sep  8 09:53:27 burnside uvmconsole: [1065.319s][info][gc] GC(279) Concurrent Cycle
Sep  8 09:53:28 burnside uvmconsole: [1065.634s][info][gc] GC(279) Pause Remark 50M->50M(107M) 32.803ms
Sep  8 09:53:28 burnside uvmconsole: [1065.786s][info][gc] GC(279) Pause Cleanup 50M->50M(107M) 0.540ms
Sep  8 09:53:28 burnside uvmconsole: [1065.788s][info][gc] GC(279) Concurrent Cycle 468.792ms
Sep  8 09:53:37 burnside uvmconsole: [1075.071s][info][gc] GC(280) Pause Young (Normal) (G1 Evacuation Pause) 63M->44M(107M) 10.249ms
Sep  8 09:53:37 burnside uvmconsole: [1075.346s][info][gc] GC(281) Pause Young (Concurrent Start) (G1 Humongous Allocation) 54M->45M(107M) 12.765ms
Sep  8 09:53:37 burnside uvmconsole: [1075.346s][info][gc] GC(282) Concurrent Cycle
Sep  8 09:53:38 burnside uvmconsole: [1075.656s][info][gc] GC(282) Pause Remark 50M->50M(107M) 32.937ms
Sep  8 09:53:38 burnside uvmconsole: [1075.808s][info][gc] GC(282) Pause Cleanup 50M->50M(107M) 0.517ms
Sep  8 09:53:38 burnside uvmconsole: [1075.810s][info][gc] GC(282) Concurrent Cycle 464.313ms
Sep  8 09:53:44 burnside uvmconsole: 09-08 09:53:44.637118| ERROR:./libnetcap/src/netcap_tcp.c:390:WARNING: TCP: Could not find session for accepted connection :: (192.168.1.113:52064) -> (17.242.160.23:443  )
Sep  8 09:53:47 burnside uvmconsole: [1085.276s][info][gc] GC(283) Pause Young (Prepare Mixed) (G1 Evacuation Pause) 63M->45M(107M) 24.257ms
Sep  8 09:53:47 burnside uvmconsole: [1085.318s][info][gc] GC(284) Pause Young (Mixed) (G1 Evacuation Pause) 48M->44M(107M) 17.122ms
Sep  8 09:53:47 burnside uvmconsole: [1085.349s][info][gc] GC(285) Pause Young (Concurrent Start) (G1 Humongous Allocation) 51M->45M(107M) 10.117ms
Sep  8 09:53:47 burnside uvmconsole: [1085.350s][info][gc] GC(286) Concurrent Cycle
Sep  8 09:53:48 burnside uvmconsole: [1085.663s][info][gc] GC(286) Pause Remark 49M->49M(107M) 37.329ms
Sep  8 09:53:48 burnside uvmconsole: [1085.823s][info][gc] GC(286) Pause Cleanup 49M->49M(107M) 0.543ms
Sep  8 09:53:48 burnside uvmconsole: [1085.825s][info][gc] GC(286) Concurrent Cycle 475.056ms
Sep  8 09:53:57 burnside uvmconsole: [1095.415s][info][gc] GC(287) Pause Young (Normal) (G1 Evacuation Pause) 72M->46M(107M) 12.901ms
Sep  8 09:53:57 burnside uvmconsole: [1095.438s][info][gc] GC(288) Pause Young (Concurrent Start) (G1 Humongous Allocation) 46M->46M(107M) 18.769ms
Sep  8 09:53:57 burnside uvmconsole: [1095.438s][info][gc] GC(289) Concurrent Cycle
Sep  8 09:53:58 burnside uvmconsole: [1095.756s][info][gc] GC(289) Pause Remark 51M->51M(107M) 33.203ms
Sep  8 09:53:58 burnside uvmconsole: [1095.913s][info][gc] GC(289) Pause Cleanup 51M->51M(107M) 0.549ms
Sep  8 09:53:58 burnside uvmconsole: [1095.914s][info][gc] GC(289) Concurrent Cycle 476.559ms
Sep  8 09:54:07 burnside uvmconsole: [1105.342s][info][gc] GC(290) Pause Young (Normal) (G1 Evacuation Pause) 73M->46M(107M) 14.480ms
Sep  8 09:54:07 burnside uvmconsole: [1105.408s][info][gc] GC(291) Pause Young (Concurrent Start) (G1 Humongous Allocation) 54M->46M(107M) 17.586ms
Sep  8 09:54:07 burnside uvmconsole: [1105.409s][info][gc] GC(292) Concurrent Cycle
Sep  8 09:54:08 burnside uvmconsole: [1105.728s][info][gc] GC(292) Pause Remark 52M->52M(107M) 37.061ms
Sep  8 09:54:08 burnside uvmconsole: [1105.892s][info][gc] GC(292) Pause Cleanup 52M->52M(107M) 0.581ms
Sep  8 09:54:08 burnside uvmconsole: [1105.894s][info][gc] GC(292) Concurrent Cycle 484.985ms
Sep  8 09:54:17 burnside uvmconsole: [1115.351s][info][gc] GC(293) Pause Young (Concurrent Start) (G1 Humongous Allocation) 70M->46M(107M) 17.747ms
Sep  8 09:54:17 burnside uvmconsole: [1115.351s][info][gc] GC(294) Concurrent Cycle
Sep  8 09:54:18 burnside uvmconsole: [1115.693s][info][gc] GC(294) Pause Remark 52M->52M(107M) 49.818ms
Sep  8 09:54:18 burnside uvmconsole: [1115.857s][info][gc] GC(294) Pause Cleanup 52M->52M(107M) 0.546ms
Sep  8 09:54:18 burnside uvmconsole: [1115.861s][info][gc] GC(294) Concurrent Cycle 509.626ms
Sep  8 09:54:27 burnside uvmconsole: [1125.358s][info][gc] GC(295) Pause Young (Concurrent Start) (G1 Humongous Allocation) 73M->47M(107M) 18.020ms
Sep  8 09:54:27 burnside uvmconsole: [1125.359s][info][gc] GC(296) Concurrent Cycle
Sep  8 09:54:28 burnside uvmconsole: [1125.701s][info][gc] GC(296) Pause Remark 52M->52M(107M) 46.442ms
Sep  8 09:54:28 burnside uvmconsole: [1125.862s][info][gc] GC(296) Pause Cleanup 52M->52M(107M) 0.537ms
Sep  8 09:54:28 burnside uvmconsole: [1125.864s][info][gc] GC(296) Concurrent Cycle 505.132ms
Sep  8 09:54:43 burnside uvmconsole: [1140.750s][info][gc] GC(297) Pause Young (Prepare Mixed) (G1 Evacuation Pause) 83M->46M(107M) 15.034ms
Sep  8 09:54:44 burnside uvmconsole: [1142.005s][info][gc] GC(298) Pause Young (Mixed) (G1 Evacuation Pause) 49M->46M(107M) 15.163ms
Sep  8 09:54:57 burnside uvmconsole: [1155.471s][info][gc] GC(299) Pause Young (Normal) (G1 Evacuation Pause) 83M->46M(107M) 16.940ms
Sep  8 09:54:58 burnside uvmconsole: [1155.505s][info][gc] GC(300) Pause Young (Concurrent Start) (G1 Humongous Allocation) 51M->46M(107M) 12.395ms
Sep  8 09:54:58 burnside uvmconsole: [1155.505s][info][gc] GC(301) Concurrent Cycle
Sep  8 09:54:58 burnside uvmconsole: [1155.839s][info][gc] GC(301) Pause Remark 52M->52M(107M) 48.112ms
Sep  8 09:54:58 burnside uvmconsole: [1156.004s][info][gc] GC(301) Pause Cleanup 52M->52M(107M) 0.547ms
Sep  8 09:54:58 burnside uvmconsole: [1156.006s][info][gc] GC(301) Concurrent Cycle 500.298ms
Sep  8 09:55:09 burnside uvmconsole: [1166.491s][info][gc] GC(302) Pause Young (Prepare Mixed) (G1 Evacuation Pause) 84M->46M(107M) 11.701ms
Sep  8 09:55:12 burnside uvmconsole: [1170.400s][info][gc] GC(303) Pause Young (Mixed) (G1 Evacuation Pause) 50M->45M(107M) 14.542ms
Sep  8 09:55:27 burnside uvmconsole: [1185.392s][info][gc] GC(304) Pause Young (Normal) (G1 Evacuation Pause) 86M->45M(107M) 9.013ms
Sep  8 09:55:37 burnside uvmconsole: [1195.365s][info][gc] GC(305) Pause Young (Concurrent Start) (G1 Humongous Allocation) 65M->46M(107M) 12.788ms
Sep  8 09:55:37 burnside uvmconsole: [1195.365s][info][gc] GC(306) Concurrent Cycle
Sep  8 09:55:38 burnside uvmconsole: [1195.680s][info][gc] GC(306) Pause Remark 51M->51M(107M) 33.727ms
Sep  8 09:55:38 burnside uvmconsole: [1195.837s][info][gc] GC(306) Pause Cleanup 51M->51M(107M) 0.496ms
Sep  8 09:55:38 burnside uvmconsole: [1195.839s][info][gc] GC(306) Concurrent Cycle 474.044ms
Sep  8 09:55:57 burnside uvmconsole: [1215.304s][info][gc] GC(307) Pause Young (Prepare Mixed) (G1 Evacuation Pause) 87M->46M(107M) 18.015ms
Sep  8 09:55:57 burnside uvmconsole: [1215.339s][info][gc] GC(308) Pause Young (Mixed) (G1 Evacuation Pause) 49M->45M(107M) 16.402ms
Sep  8 09:56:08 burnside uvmconsole: [1225.483s][info][gc] GC(309) Pause Young (Normal) (G1 Evacuation Pause) 85M->51M(107M) 17.298ms
Sep  8 09:56:08 burnside uvmconsole: [1225.505s][info][gc] GC(310) Pause Young (Concurrent Start) (G1 Humongous Allocation) 52M->50M(107M) 15.317ms
Sep  8 09:56:08 burnside uvmconsole: [1225.505s][info][gc] GC(311) Concurrent Cycle
Sep  8 09:56:08 burnside uvmconsole: [1225.842s][info][gc] GC(311) Pause Remark 57M->55M(107M) 34.027ms
Sep  8 09:56:08 burnside uvmconsole: [1226.005s][info][gc] GC(311) Pause Cleanup 55M->55M(107M) 0.495ms
Sep  8 09:56:08 burnside uvmconsole: [1226.007s][info][gc] GC(311) Concurrent Cycle 501.490ms
Sep  8 09:56:17 burnside uvmconsole: [1235.412s][info][gc] GC(312) Pause Young (Prepare Mixed) (G1 Evacuation Pause) 73M->52M(107M) 16.726ms
Sep  8 09:56:17 burnside uvmconsole: [1235.436s][info][gc] GC(313) Pause Young (Mixed) (G1 Evacuation Pause) 55M->46M(107M) 16.127ms
Sep  8 09:56:17 burnside uvmconsole: [1235.451s][info][gc] GC(314) Pause Young (Concurrent Start) (G1 Humongous Allocation) 47M->47M(107M) 10.247ms
Sep  8 09:56:17 burnside uvmconsole: [1235.451s][info][gc] GC(315) Concurrent Cycle
Sep  8 09:56:18 burnside uvmconsole: [1235.827s][info][gc] GC(315) Pause Remark 52M->51M(107M) 43.868ms
Sep  8 09:56:18 burnside uvmconsole: [1235.996s][info][gc] GC(315) Pause Cleanup 51M->51M(107M) 0.575ms
Sep  8 09:56:18 burnside uvmconsole: [1235.998s][info][gc] GC(315) Concurrent Cycle 546.952ms
Sep  8 09:56:27 burnside uvmconsole: [1245.423s][info][gc] GC(316) Pause Young (Prepare Mixed) (G1 Evacuation Pause) 78M->49M(107M) 26.378ms
Sep  8 09:56:27 burnside uvmconsole: [1245.467s][info][gc] GC(317) Pause Young (Mixed) (GCLocker Initiated GC) 52M->46M(107M) 19.989ms
Sep  8 09:56:38 burnside uvmconsole: [1255.727s][info][gc] GC(318) Pause Young (Concurrent Start) (G1 Humongous Allocation) 71M->48M(107M) 31.287ms
Sep  8 09:56:38 burnside uvmconsole: [1255.727s][info][gc] GC(319) Concurrent Cycle
Sep  8 09:56:38 burnside uvmconsole: [1256.169s][info][gc] GC(319) Pause Remark 53M->53M(107M) 53.846ms
Sep  8 09:56:38 burnside uvmconsole: [1256.361s][info][gc] GC(319) Pause Cleanup 53M->53M(107M) 0.581ms
Sep  8 09:56:38 burnside uvmconsole: [1256.364s][info][gc] GC(319) Concurrent Cycle 636.523ms
Sep  8 09:56:57 burnside uvmconsole: [1275.351s][info][gc] GC(320) Pause Young (Prepare Mixed) (G1 Evacuation Pause) 84M->48M(107M) 20.965ms
Sep  8 09:56:57 burnside uvmconsole: [1275.398s][info][gc] GC(321) Pause Young (Mixed) (G1 Evacuation Pause) 51M->47M(107M) 18.020ms
Sep  8 09:56:57 burnside uvmconsole: [1275.438s][info][gc] GC(322) Pause Young (Concurrent Start) (G1 Humongous Allocation) 53M->47M(107M) 11.903ms
Sep  8 09:56:57 burnside uvmconsole: [1275.439s][info][gc] GC(323) Concurrent Cycle
Sep  8 09:56:58 burnside uvmconsole: [1275.756s][info][gc] GC(323) Pause Remark 50M->50M(107M) 33.413ms
Sep  8 09:56:58 burnside uvmconsole: [1275.918s][info][gc] GC(323) Pause Cleanup 50M->50M(107M) 0.457ms
Sep  8 09:56:58 burnside uvmconsole: [1275.920s][info][gc] GC(323) Concurrent Cycle 481.296ms
Sep  8 09:57:11 burnside uvmconsole: [1288.743s][info][gc] GC(324) Pause Young (Prepare Mixed) (G1 Evacuation Pause) 83M->47M(107M) 11.904ms
Sep  8 09:57:16 burnside uvmconsole: [1293.799s][info][gc] GC(325) Pause Young (Mixed) (G1 Evacuation Pause) 51M->46M(107M) 11.253ms
Sep  8 09:57:18 burnside uvmconsole: [1295.542s][info][gc] GC(326) Pause Young (Concurrent Start) (G1 Humongous Allocation) 57M->47M(107M) 18.837ms
Sep  8 09:57:18 burnside uvmconsole: [1295.542s][info][gc] GC(327) Concurrent Cycle
Sep  8 09:57:18 burnside uvmconsole: [1295.858s][info][gc] GC(327) Pause Remark 53M->53M(107M) 33.589ms
Sep  8 09:57:18 burnside uvmconsole: [1296.020s][info][gc] GC(327) Pause Cleanup 53M->53M(107M) 0.471ms
Sep  8 09:57:18 burnside uvmconsole: [1296.022s][info][gc] GC(327) Concurrent Cycle 480.035ms
Sep  8 09:57:30 burnside uvmconsole: [1307.510s][info][gc] GC(328) Pause Young (Prepare Mixed) (G1 Evacuation Pause) 81M->47M(107M) 11.701ms
Sep  8 09:57:31 burnside uvmconsole: [1308.586s][info][gc] GC(329) Pause Young (Mixed) (G1 Evacuation Pause) 51M->46M(107M) 11.791ms
Sep  8 09:57:37 burnside uvmconsole: [1315.444s][info][gc] GC(330) Pause Young (Concurrent Start) (G1 Humongous Allocation) 61M->47M(107M) 14.469ms
Sep  8 09:57:37 burnside uvmconsole: [1315.445s][info][gc] GC(331) Concurrent Cycle
Sep  8 09:57:38 burnside uvmconsole: [1315.760s][info][gc] GC(331) Pause Remark 53M->53M(107M) 33.563ms
Sep  8 09:57:38 burnside uvmconsole: [1315.918s][info][gc] GC(331) Pause Cleanup 53M->53M(107M) 0.451ms
Sep  8 09:57:38 burnside uvmconsole: [1315.920s][info][gc] GC(331) Concurrent Cycle 475.062ms
Sep  8 09:57:53 burnside uvmconsole: [1331.035s][info][gc] GC(332) Pause Young (Prepare Mixed) (G1 Evacuation Pause) 82M->46M(107M) 9.940ms
Sep  8 09:57:57 burnside uvmconsole: [1335.190s][info][gc] GC(333) Pause Young (Mixed) (G1 Evacuation Pause) 50M->45M(107M) 13.739ms
Sep  8 09:57:57 burnside uvmconsole: [1335.452s][info][gc] GC(334) Pause Young (Concurrent Start) (G1 Humongous Allocation) 55M->46M(107M) 14.928ms
Sep  8 09:57:57 burnside uvmconsole: [1335.453s][info][gc] GC(335) Concurrent Cycle
Sep  8 09:57:58 burnside uvmconsole: [1335.767s][info][gc] GC(335) Pause Remark 52M->52M(107M) 33.029ms
Sep  8 09:57:58 burnside uvmconsole: [1335.924s][info][gc] GC(335) Pause Cleanup 52M->52M(107M) 0.536ms
Sep  8 09:57:58 burnside uvmconsole: [1335.926s][info][gc] GC(335) Concurrent Cycle 472.561ms
Sep  8 09:58:10 burnside uvmconsole: [1347.472s][info][gc] GC(336) Pause Young (Prepare Mixed) (G1 Evacuation Pause) 79M->46M(107M) 10.028ms
Sep  8 09:58:13 burnside uvmconsole: [1351.468s][info][gc] GC(337) Pause Young (Mixed) (G1 Evacuation Pause) 50M->45M(107M) 14.980ms
Sep  8 09:58:18 burnside uvmconsole: [1355.555s][info][gc] GC(338) Pause Young (Concurrent Start) (G1 Humongous Allocation) 60M->46M(107M) 20.780ms
Sep  8 09:58:18 burnside uvmconsole: [1355.557s][info][gc] GC(339) Concurrent Cycle
Sep  8 09:58:18 burnside uvmconsole: [1355.872s][info][gc] GC(339) Pause Remark 52M->52M(107M) 33.424ms
Sep  8 09:58:18 burnside uvmconsole: [1356.031s][info][gc] GC(339) Pause Cleanup 52M->52M(107M) 0.503ms
Sep  8 09:58:18 burnside uvmconsole: [1356.033s][info][gc] GC(339) Concurrent Cycle 476.327ms
Sep  8 09:58:28 burnside uvmconsole: [1365.560s][info][gc] GC(340) Pause Young (Concurrent Start) (G1 Humongous Allocation) 74M->47M(107M) 15.456ms
Sep  8 09:58:28 burnside uvmconsole: [1365.562s][info][gc] GC(341) Concurrent Cycle
Sep  8 09:58:28 burnside uvmconsole: [1365.877s][info][gc] GC(341) Pause Remark 52M->52M(107M) 33.701ms
Sep  8 09:58:28 burnside uvmconsole: [1366.037s][info][gc] GC(341) Pause Cleanup 52M->52M(107M) 0.495ms
Sep  8 09:58:28 burnside uvmconsole: [1366.039s][info][gc] GC(341) Concurrent Cycle 477.050ms
Sep  8 09:58:38 burnside uvmconsole: [1375.481s][info][gc] GC(342) Pause Young (Concurrent Start) (G1 Humongous Allocation) 70M->47M(107M) 19.704ms
Sep  8 09:58:38 burnside uvmconsole: [1375.481s][info][gc] GC(343) Concurrent Cycle
Sep  8 09:58:38 burnside uvmconsole: [1375.791s][info][gc] GC(343) Pause Remark 52M->52M(107M) 33.810ms
Sep  8 09:58:38 burnside uvmconsole: [1375.948s][info][gc] GC(343) Pause Cleanup 52M->52M(107M) 0.608ms
Sep  8 09:58:38 burnside uvmconsole: [1375.951s][info][gc] GC(343) Concurrent Cycle 469.757ms
Sep  8 09:58:48 burnside uvmconsole: [1385.473s][info][gc] GC(344) Pause Young (Concurrent Start) (G1 Humongous Allocation) 69M->47M(107M) 15.861ms
Sep  8 09:58:48 burnside uvmconsole: [1385.474s][info][gc] GC(345) Concurrent Cycle
Sep  8 09:58:48 burnside uvmconsole: [1385.789s][info][gc] GC(345) Pause Remark 52M->52M(107M) 33.440ms
Sep  8 09:58:48 burnside uvmconsole: [1385.954s][info][gc] GC(345) Pause Cleanup 52M->52M(107M) 0.592ms
Sep  8 09:58:48 burnside uvmconsole: [1385.957s][info][gc] GC(345) Concurrent Cycle 483.090ms
Sep  8 09:58:57 burnside uvmconsole: [1395.436s][info][gc] GC(346) Pause Young (Concurrent Start) (G1 Humongous Allocation) 68M->47M(107M) 19.640ms
Sep  8 09:58:57 burnside uvmconsole: [1395.437s][info][gc] GC(347) Concurrent Cycle
Sep  8 09:58:58 burnside uvmconsole: [1395.800s][info][gc] GC(347) Pause Remark 54M->54M(107M) 36.346ms
Sep  8 09:58:58 burnside uvmconsole: [1395.965s][info][gc] GC(347) Pause Cleanup 55M->55M(107M) 0.573ms
Sep  8 09:58:58 burnside uvmconsole: [1395.967s][info][gc] GC(347) Concurrent Cycle 529.502ms
Sep  8 09:59:08 burnside uvmconsole: [1405.728s][info][gc] GC(348) Pause Young (Prepare Mixed) (G1 Evacuation Pause) 85M->48M(107M) 16.494ms
Sep  8 09:59:08 burnside uvmconsole: [1405.754s][info][gc] GC(349) Pause Young (Mixed) (G1 Evacuation Pause) 49M->47M(107M) 17.627ms
Sep  8 09:59:08 burnside uvmconsole: [1405.771s][info][gc] GC(350) Pause Young (Concurrent Start) (G1 Humongous Allocation) 49M->48M(107M) 9.960ms
Sep  8 09:59:08 burnside uvmconsole: [1405.771s][info][gc] GC(351) Concurrent Cycle
Sep  8 09:59:08 burnside uvmconsole: [1406.099s][info][gc] GC(351) Pause Remark 53M->53M(107M) 33.591ms
Sep  8 09:59:08 burnside uvmconsole: [1406.272s][info][gc] GC(351) Pause Cleanup 53M->53M(107M) 0.495ms
Sep  8 09:59:08 burnside uvmconsole: [1406.274s][info][gc] GC(351) Concurrent Cycle 502.955ms
Sep  8 09:59:28 burnside uvmconsole: [1425.593s][info][gc] GC(352) Pause Young (Prepare Mixed) (G1 Evacuation Pause) 90M->51M(107M) 16.165ms
Sep  8 09:59:28 burnside uvmconsole: [1425.624s][info][gc] GC(353) Pause Young (Mixed) (G1 Evacuation Pause) 54M->51M(107M) 13.892ms
Sep  8 09:59:28 burnside uvmconsole: [1425.643s][info][gc] GC(354) Pause Young (Concurrent Start) (G1 Humongous Allocation) 53M->52M(107M) 11.234ms
Sep  8 09:59:28 burnside uvmconsole: [1425.644s][info][gc] GC(355) Concurrent Cycle
Sep  8 09:59:28 burnside uvmconsole: [1425.966s][info][gc] GC(355) Pause Remark 57M->55M(107M) 33.328ms
Sep  8 09:59:28 burnside uvmconsole: [1426.132s][info][gc] GC(355) Pause Cleanup 55M->55M(107M) 0.530ms
Sep  8 09:59:28 burnside uvmconsole: [1426.134s][info][gc] GC(355) Concurrent Cycle 489.887ms
Sep  8 09:59:38 burnside uvmconsole: [1435.559s][info][gc] GC(356) Pause Young (Prepare Mixed) (GCLocker Initiated GC) 79M->52M(107M) 18.151ms
Sep  8 09:59:38 burnside uvmconsole: [1436.329s][info][gc] GC(357) Pause Young (Mixed) (G1 Evacuation Pause) 55M->46M(107M) 16.073ms
Sep  8 09:59:48 burnside uvmconsole: [1445.519s][info][gc] GC(358) Pause Young (Concurrent Start) (G1 Humongous Allocation) 71M->48M(107M) 20.226ms
Sep  8 09:59:48 burnside uvmconsole: [1445.521s][info][gc] GC(359) Concurrent Cycle
Sep  8 09:59:48 burnside uvmconsole: [1445.840s][info][gc] GC(359) Pause Remark 53M->53M(107M) 33.560ms
Sep  8 09:59:48 burnside uvmconsole: [1445.999s][info][gc] GC(359) Pause Cleanup 53M->53M(107M) 0.514ms
Sep  8 09:59:48 burnside uvmconsole: [1446.001s][info][gc] GC(359) Concurrent Cycle 479.870ms
Sep  8 10:00:00 burnside uvmconsole: [1457.919s][info][gc] GC(360) Pause Young (Prepare Mixed) (G1 Evacuation Pause) 83M->47M(107M) 11.167ms
Sep  8 10:00:02 burnside uvmconsole: [1460.130s][info][gc] GC(361) Pause Young (Mixed) (G1 Evacuation Pause) 51M->46M(107M) 16.315ms
Sep  8 10:00:08 burnside uvmconsole: [1465.498s][info][gc] GC(362) Pause Young (Concurrent Start) (G1 Humongous Allocation) 68M->47M(107M) 13.740ms
Sep  8 10:00:08 burnside uvmconsole: [1465.499s][info][gc] GC(363) Concurrent Cycle
Sep  8 10:00:08 burnside uvmconsole: [1465.817s][info][gc] GC(363) Pause Remark 53M->53M(107M) 34.284ms
Sep  8 10:00:08 burnside uvmconsole: [1465.980s][info][gc] GC(363) Pause Cleanup 53M->53M(107M) 0.535ms
Sep  8 10:00:08 burnside uvmconsole: [1465.982s][info][gc] GC(363) Concurrent Cycle 482.066ms
Sep  8 10:00:35 burnside uvmconsole: [1493.159s][info][gc] GC(364) Pause Young (Prepare Mixed) (G1 Evacuation Pause) 83M->47M(107M) 10.239ms
Sep  8 10:00:37 burnside uvmconsole: [1494.590s][info][gc] GC(365) Pause Young (Mixed) (G1 Evacuation Pause) 51M->46M(107M) 11.137ms
Sep  8 10:00:58 burnside uvmconsole: [1515.527s][info][gc] GC(366) Pause Young (Concurrent Start) (G1 Evacuation Pause) 83M->46M(107M) 12.675ms
Sep  8 10:00:58 burnside uvmconsole: [1515.528s][info][gc] GC(367) Concurrent Cycle
Sep  8 10:00:58 burnside uvmconsole: [1515.837s][info][gc] GC(367) Pause Remark 47M->47M(107M) 34.534ms
Sep  8 10:00:58 burnside uvmconsole: [1516.001s][info][gc] GC(367) Pause Cleanup 47M->47M(107M) 0.521ms
Sep  8 10:00:58 burnside uvmconsole: [1516.002s][info][gc] GC(367) Concurrent Cycle 474.776ms
Sep  8 10:01:27 burnside uvmconsole: [1545.187s][info][gc] GC(368) Pause Young (Prepare Mixed) (G1 Evacuation Pause) 84M->47M(107M) 13.067ms
Sep  8 10:01:28 burnside uvmconsole: [1545.722s][info][gc] GC(369) Pause Young (Mixed) (G1 Evacuation Pause) 50M->46M(107M) 11.468ms
Sep  8 10:01:48 burnside uvmconsole: [1565.555s][info][gc] GC(370) Pause Young (Concurrent Start) (G1 Evacuation Pause) 84M->47M(107M) 18.214ms
Sep  8 10:01:48 burnside uvmconsole: [1565.556s][info][gc] GC(371) Concurrent Cycle
Sep  8 10:01:48 burnside uvmconsole: [1565.988s][info][gc] GC(371) Pause Remark 51M->51M(107M) 66.959ms
Sep  8 10:01:48 burnside uvmconsole: [1566.168s][info][gc] GC(371) Pause Cleanup 51M->51M(107M) 2.024ms
Sep  8 10:01:48 burnside uvmconsole: [1566.171s][info][gc] GC(371) Concurrent Cycle 615.585ms
Sep  8 10:02:12 burnside uvmconsole: [1589.905s][info][gc] GC(372) Pause Young (Prepare Mixed) (G1 Evacuation Pause) 86M->48M(107M) 13.572ms
Sep  8 10:02:12 burnside uvmconsole: [1590.402s][info][gc] GC(373) Pause Young (Mixed) (G1 Evacuation Pause) 51M->46M(107M) 19.246ms
Sep  8 10:02:21 burnside uvmconsole: 09-08 10:02:21.293721| ERROR:./libnetcap/src/netcap_tcp.c:390:WARNING: TCP: Could not find session for accepted connection :: (192.168.1.140:53863) -> (104.244.42.3:443  )
Sep  8 10:02:40 burnside uvmconsole: [1618.199s][info][gc] GC(374) Pause Young (Concurrent Start) (G1 Evacuation Pause) 85M->47M(107M) 15.610ms
Sep  8 10:02:40 burnside uvmconsole: [1618.200s][info][gc] GC(375) Concurrent Cycle
Sep  8 10:02:41 burnside uvmconsole: [1618.571s][info][gc] GC(375) Pause Remark 50M->50M(107M) 35.147ms
Sep  8 10:02:41 burnside uvmconsole: [1618.748s][info][gc] GC(375) Pause Cleanup 51M->51M(107M) 0.456ms
Sep  8 10:02:41 burnside uvmconsole: [1618.751s][info][gc] GC(375) Concurrent Cycle 550.623ms
Sep  8 10:03:14 burnside uvmconsole: [1652.132s][info][gc] GC(376) Pause Young (Prepare Mixed) (G1 Evacuation Pause) 87M->47M(107M) 13.226ms
Sep  8 10:03:15 burnside uvmconsole: [1652.846s][info][gc] GC(377) Pause Young (Mixed) (G1 Evacuation Pause) 50M->47M(107M) 15.295ms
Sep  8 10:03:48 burnside uvmconsole: [1685.822s][info][gc] GC(378) Pause Young (Concurrent Start) (G1 Evacuation Pause) 87M->47M(107M) 14.050ms
Sep  8 10:03:48 burnside uvmconsole: [1685.824s][info][gc] GC(379) Concurrent Cycle
Sep  8 10:03:48 burnside uvmconsole: [1686.148s][info][gc] GC(379) Pause Remark 49M->49M(107M) 36.002ms
Sep  8 10:03:48 burnside uvmconsole: [1686.321s][info][gc] GC(379) Pause Cleanup 50M->50M(107M) 0.493ms
Sep  8 10:03:48 burnside uvmconsole: [1686.324s][info][gc] GC(379) Concurrent Cycle 499.690ms
Sep  8 10:04:06 burnside uvmconsole: [1703.626s][info][gc] GC(380) Pause Young (Prepare Mixed) (G1 Evacuation Pause) 87M->48M(107M) 14.326ms
Sep  8 10:04:07 burnside uvmconsole: [1704.712s][info][gc] GC(381) Pause Young (Mixed) (G1 Evacuation Pause) 51M->46M(107M) 16.179ms
Sep  8 10:04:31 burnside uvmconsole: [1728.637s][info][gc] GC(382) Pause Young (Concurrent Start) (G1 Evacuation Pause) 86M->46M(107M) 12.070ms
Sep  8 10:04:31 burnside uvmconsole: [1728.637s][info][gc] GC(383) Concurrent Cycle
Sep  8 10:04:31 burnside uvmconsole: [1728.978s][info][gc] GC(383) Pause Remark 48M->48M(107M) 35.772ms
Sep  8 10:04:31 burnside uvmconsole: [1729.143s][info][gc] GC(383) Pause Cleanup 48M->48M(107M) 0.572ms
Sep  8 10:04:31 burnside uvmconsole: [1729.145s][info][gc] GC(383) Concurrent Cycle 507.157ms
Sep  8 10:04:44 burnside uvmconsole: [1742.469s][info][gc] GC(384) Pause Young (Prepare Mixed) (G1 Evacuation Pause) 87M->46M(107M) 9.237ms
Sep  8 10:04:47 burnside uvmconsole: [1744.486s][info][gc] GC(385) Pause Young (Mixed) (G1 Evacuation Pause) 50M->46M(107M) 18.054ms
Sep  8 10:05:01 burnside uvmconsole: [1759.460s][info][gc] GC(386) Pause Young (Concurrent Start) (G1 Evacuation Pause) 87M->47M(107M) 14.890ms
Sep  8 10:05:01 burnside uvmconsole: [1759.460s][info][gc] GC(387) Concurrent Cycle
Sep  8 10:05:02 burnside uvmconsole: [1759.793s][info][gc] GC(387) Pause Remark 49M->49M(107M) 35.026ms
Sep  8 10:05:02 burnside uvmconsole: [1759.958s][info][gc] GC(387) Pause Cleanup 49M->49M(107M) 0.521ms
Sep  8 10:05:02 burnside uvmconsole: [1759.960s][info][gc] GC(387) Concurrent Cycle 499.972ms
Sep  8 10:05:13 burnside uvmconsole: [1771.054s][info][gc] GC(388) Pause Young (Prepare Mixed) (G1 Evacuation Pause) 88M->47M(107M) 14.209ms
Sep  8 10:05:13 burnside uvmconsole: [1771.357s][info][gc] GC(389) Pause Young (Mixed) (G1 Evacuation Pause) 50M->46M(107M) 31.873ms
Sep  8 10:05:23 burnside uvmconsole: [1781.388s][info][gc] GC(390) Pause Young (Concurrent Start) (G1 Evacuation Pause) 87M->47M(107M) 15.083ms
Sep  8 10:05:23 burnside uvmconsole: [1781.388s][info][gc] GC(391) Concurrent Cycle
Sep  8 10:05:24 burnside uvmconsole: [1781.712s][info][gc] GC(391) Pause Remark 48M->48M(107M) 32.447ms
Sep  8 10:05:24 burnside uvmconsole: [1781.885s][info][gc] GC(391) Pause Cleanup 49M->49M(107M) 0.485ms
Sep  8 10:05:24 burnside uvmconsole: [1781.887s][info][gc] GC(391) Concurrent Cycle 498.813ms
Sep  8 10:05:37 burnside uvmconsole: [1794.627s][info][gc] GC(392) Pause Young (Prepare Mixed) (G1 Evacuation Pause) 88M->47M(107M) 12.258ms
Sep  8 10:05:38 burnside uvmconsole: [1795.627s][info][gc] GC(393) Pause Young (Mixed) (G1 Evacuation Pause) 50M->47M(107M) 13.361ms
Sep  8 10:05:48 burnside uvmconsole: [1806.211s][info][gc] GC(394) Pause Young (Concurrent Start) (G1 Evacuation Pause) 88M->48M(107M) 15.337ms
Sep  8 10:05:48 burnside uvmconsole: [1806.212s][info][gc] GC(395) Concurrent Cycle
Sep  8 10:05:49 burnside uvmconsole: [1806.582s][info][gc] GC(395) Pause Remark 51M->51M(107M) 41.370ms
Sep  8 10:05:49 burnside uvmconsole: [1806.877s][info][gc] GC(395) Pause Cleanup 56M->56M(107M) 1.043ms
Sep  8 10:05:49 burnside uvmconsole: [1806.883s][info][gc] GC(395) Concurrent Cycle 671.240ms
Sep  8 10:05:52 burnside uvmconsole: [1810.342s][info][gc] GC(396) Pause Young (Prepare Mixed) (G1 Evacuation Pause) 88M->50M(107M) 21.336ms
Sep  8 10:05:52 burnside uvmconsole: [1810.428s][info][gc] GC(397) Pause Young (Mixed) (G1 Evacuation Pause) 52M->49M(107M) 23.892ms
Sep  8 10:05:57 burnside uvmconsole: [1815.077s][info][gc] GC(398) Pause Young (Concurrent Start) (G1 Evacuation Pause) 87M->50M(107M) 22.328ms
Sep  8 10:05:57 burnside uvmconsole: [1815.077s][info][gc] GC(399) Concurrent Cycle
Sep  8 10:05:58 burnside uvmconsole: [1815.482s][info][gc] GC(399) Pause Remark 54M->54M(107M) 34.858ms
Sep  8 10:05:58 burnside uvmconsole: [1815.704s][info][gc] GC(399) Pause Cleanup 62M->62M(107M) 0.541ms
Sep  8 10:05:58 burnside uvmconsole: [1815.707s][info][gc] GC(399) Concurrent Cycle 629.783ms
Sep  8 10:06:01 burnside uvmconsole: [1818.837s][info][gc] GC(400) Pause Young (Normal) (G1 Evacuation Pause) 87M->52M(107M) 27.073ms
Sep  8 10:06:06 burnside uvmconsole: [1823.911s][info][gc] GC(401) Pause Young (Concurrent Start) (G1 Evacuation Pause) 87M->53M(107M) 26.910ms
Sep  8 10:06:06 burnside uvmconsole: [1823.912s][info][gc] GC(402) Concurrent Cycle
Sep  8 10:06:06 burnside uvmconsole: [1824.301s][info][gc] GC(402) Pause Remark 55M->55M(107M) 35.279ms
Sep  8 10:06:07 burnside uvmconsole: [1824.488s][info][gc] GC(402) Pause Cleanup 55M->55M(107M) 0.485ms
Sep  8 10:06:07 burnside uvmconsole: [1824.490s][info][gc] GC(402) Concurrent Cycle 578.266ms
Sep  8 10:06:11 burnside uvmconsole: [1828.887s][info][gc] GC(403) Pause Young (Prepare Mixed) (G1 Evacuation Pause) 88M->53M(107M) 29.298ms
Sep  8 10:06:12 burnside uvmconsole: [1829.693s][info][gc] GC(404) Pause Young (Mixed) (G1 Evacuation Pause) 56M->53M(107M) 19.556ms
Sep  8 10:06:22 burnside uvmconsole: [1839.995s][info][gc] GC(405) Pause Young (Concurrent Start) (G1 Evacuation Pause) 87M->53M(107M) 16.134ms
Sep  8 10:06:22 burnside uvmconsole: [1839.995s][info][gc] GC(406) Concurrent Cycle
Sep  8 10:06:23 burnside uvmconsole: [1840.534s][info][gc] GC(406) Pause Remark 61M->61M(107M) 75.898ms
Sep  8 10:06:23 burnside uvmconsole: [1840.952s][info][gc] GC(406) Pause Cleanup 65M->65M(107M) 1.360ms
Sep  8 10:06:23 burnside uvmconsole: [1840.956s][info][gc] GC(406) Concurrent Cycle 960.926ms
Sep  8 10:06:27 burnside uvmconsole: [1845.290s][info][gc] GC(407) Pause Young (Prepare Mixed) (G1 Evacuation Pause) 87M->54M(107M) 14.568ms
Sep  8 10:06:28 burnside uvmconsole: [1845.488s][info][gc] GC(408) Pause Young (Mixed) (G1 Evacuation Pause) 57M->49M(107M) 26.134ms
Sep  8 10:06:36 burnside uvmconsole: [1853.752s][info][gc] GC(409) Pause Young (Concurrent Start) (G1 Evacuation Pause) 86M->49M(107M) 15.506ms
Sep  8 10:06:36 burnside uvmconsole: [1853.753s][info][gc] GC(410) Concurrent Cycle
Sep  8 10:06:36 burnside uvmconsole: [1854.134s][info][gc] GC(410) Pause Remark 51M->51M(107M) 35.373ms
Sep  8 10:06:36 burnside uvmconsole: [1854.324s][info][gc] GC(410) Pause Cleanup 52M->52M(107M) 0.574ms
Sep  8 10:06:36 burnside uvmconsole: [1854.326s][info][gc] GC(410) Concurrent Cycle 573.241ms
Sep  8 10:06:45 burnside uvmconsole: [1862.674s][info][gc] GC(411) Pause Young (Normal) (G1 Evacuation Pause) 86M->50M(107M) 13.050ms
Sep  8 10:06:55 burnside uvmconsole: [1873.233s][info][gc] GC(412) Pause Young (Concurrent Start) (G1 Evacuation Pause) 88M->50M(107M) 23.088ms
Sep  8 10:06:55 burnside uvmconsole: [1873.234s][info][gc] GC(413) Concurrent Cycle
Sep  8 10:06:56 burnside uvmconsole: [1873.585s][info][gc] GC(413) Pause Remark 51M->51M(107M) 35.498ms
Sep  8 10:06:56 burnside uvmconsole: [1873.763s][info][gc] GC(413) Pause Cleanup 51M->51M(107M) 0.499ms
Sep  8 10:06:56 burnside uvmconsole: [1873.766s][info][gc] GC(413) Concurrent Cycle 531.961ms
Sep  8 10:07:05 burnside uvmconsole: [1882.987s][info][gc] GC(414) Pause Young (Prepare Mixed) (G1 Evacuation Pause) 87M->51M(107M) 19.214ms
Sep  8 10:07:05 burnside uvmconsole: [1883.037s][info][gc] GC(415) Pause Young (Mixed) (G1 Evacuation Pause) 53M->50M(107M) 24.458ms
Sep  8 10:07:11 burnside uvmconsole: [1889.063s][info][gc] GC(416) Pause Young (Concurrent Start) (G1 Evacuation Pause) 87M->50M(107M) 13.274ms
Sep  8 10:07:11 burnside uvmconsole: [1889.064s][info][gc] GC(417) Concurrent Cycle
Sep  8 10:07:11 burnside uvmconsole: [1889.421s][info][gc] GC(417) Pause Remark 52M->52M(107M) 34.250ms
Sep  8 10:07:12 burnside uvmconsole: [1889.628s][info][gc] GC(417) Pause Cleanup 52M->52M(107M) 0.491ms
Sep  8 10:07:12 burnside uvmconsole: [1889.630s][info][gc] GC(417) Concurrent Cycle 565.928ms
Sep  8 10:07:18 burnside uvmconsole: [1896.138s][info][gc] GC(418) Pause Young (Prepare Mixed) (G1 Evacuation Pause) 87M->51M(107M) 14.780ms
Sep  8 10:07:18 burnside uvmconsole: [1896.308s][info][gc] GC(419) Pause Young (Mixed) (G1 Evacuation Pause) 55M->50M(107M) 13.040ms
Sep  8 10:07:28 burnside uvmconsole: [1906.032s][info][gc] GC(420) Pause Young (Concurrent Start) (G1 Evacuation Pause) 87M->50M(107M) 13.806ms
Sep  8 10:07:28 burnside uvmconsole: [1906.032s][info][gc] GC(421) Concurrent Cycle
Sep  8 10:07:28 burnside uvmconsole: [1906.414s][info][gc] GC(421) Pause Remark 52M->52M(107M) 34.740ms
Sep  8 10:07:29 burnside uvmconsole: [1906.602s][info][gc] GC(421) Pause Cleanup 53M->53M(107M) 0.504ms
Sep  8 10:07:29 burnside uvmconsole: [1906.604s][info][gc] GC(421) Concurrent Cycle 572.390ms
Sep  8 10:07:38 burnside uvmconsole: [1915.745s][info][gc] GC(422) Pause Young (Prepare Mixed) (G1 Evacuation Pause) 87M->51M(107M) 12.915ms
Sep  8 10:07:38 burnside uvmconsole: [1916.308s][info][gc] GC(423) Pause Young (Mixed) (G1 Evacuation Pause) 54M->50M(107M) 19.400ms
Sep  8 10:07:44 burnside uvmconsole: [1922.372s][info][gc] GC(424) Pause Young (Concurrent Start) (G1 Evacuation Pause) 88M->50M(107M) 17.889ms
Sep  8 10:07:44 burnside uvmconsole: [1922.372s][info][gc] GC(425) Concurrent Cycle
Sep  8 10:07:45 burnside uvmconsole: [1922.855s][info][gc] GC(425) Pause Remark 56M->56M(107M) 33.287ms
Sep  8 10:07:45 burnside uvmconsole: [1923.087s][info][gc] GC(425) Pause Cleanup 58M->58M(107M) 0.685ms
Sep  8 10:07:45 burnside uvmconsole: [1923.090s][info][gc] GC(425) Concurrent Cycle 718.324ms
Sep  8 10:07:48 burnside uvmconsole: [1926.091s][info][gc] GC(426) Pause Young (Prepare Mixed) (G1 Evacuation Pause) 87M->52M(107M) 22.346ms
Sep  8 10:07:48 burnside uvmconsole: [1926.398s][info][gc] GC(427) Pause Young (Mixed) (G1 Evacuation Pause) 54M->52M(107M) 21.947ms
Sep  8 10:07:52 burnside uvmconsole: [1929.480s][info][gc] GC(428) Pause Young (Concurrent Start) (G1 Evacuation Pause) 88M->53M(107M) 21.364ms
Sep  8 10:07:52 burnside uvmconsole: [1929.481s][info][gc] GC(429) Concurrent Cycle
Sep  8 10:07:52 burnside uvmconsole: [1929.965s][info][gc] GC(429) Pause Remark 58M->58M(107M) 35.990ms
Sep  8 10:07:52 burnside uvmconsole: [1930.181s][info][gc] GC(429) Pause Cleanup 60M->60M(107M) 0.617ms
Sep  8 10:07:52 burnside uvmconsole: [1930.186s][info][gc] GC(429) Concurrent Cycle 704.890ms
Sep  8 10:07:57 burnside uvmconsole: [1935.440s][info][gc] GC(430) Pause Young (Prepare Mixed) (G1 Evacuation Pause) 89M->54M(107M) 19.588ms
Sep  8 10:07:58 burnside uvmconsole: [1935.619s][info][gc] GC(431) Pause Young (Mixed) (G1 Evacuation Pause) 56M->53M(107M) 18.686ms
Sep  8 10:08:01 burnside uvmconsole: [1938.498s][info][gc] GC(432) Pause Young (Concurrent Start) (G1 Evacuation Pause) 88M->55M(107M) 20.728ms
Sep  8 10:08:01 burnside uvmconsole: [1938.498s][info][gc] GC(433) Concurrent Cycle
Sep  8 10:08:01 burnside uvmconsole: [1938.940s][info][gc] GC(433) Pause Remark 59M->59M(107M) 44.460ms
Sep  8 10:08:01 burnside uvmconsole: [1939.186s][info][gc] GC(433) Pause Cleanup 61M->61M(107M) 0.655ms
Sep  8 10:08:01 burnside uvmconsole: [1939.189s][info][gc] GC(433) Concurrent Cycle 690.143ms
Sep  8 10:08:08 burnside uvmconsole: [1946.335s][info][gc] GC(434) Pause Young (Prepare Mixed) (G1 Evacuation Pause) 87M->54M(107M) 13.771ms
Sep  8 10:08:09 burnside uvmconsole: [1947.039s][info][gc] GC(435) Pause Young (Mixed) (G1 Evacuation Pause) 57M->54M(107M) 14.722ms
Sep  8 10:08:15 burnside uvmconsole: [1952.815s][info][gc] GC(436) Pause Young (Concurrent Start) (G1 Evacuation Pause) 89M->54M(107M) 14.790ms
Sep  8 10:08:15 burnside uvmconsole: [1952.816s][info][gc] GC(437) Concurrent Cycle
Sep  8 10:08:15 burnside uvmconsole: [1953.210s][info][gc] GC(437) Pause Remark 55M->55M(107M) 48.973ms
Sep  8 10:08:15 burnside uvmconsole: [1953.438s][info][gc] GC(437) Pause Cleanup 56M->56M(107M) 0.505ms
Sep  8 10:08:15 burnside uvmconsole: [1953.440s][info][gc] GC(437) Concurrent Cycle 624.455ms
Sep  8 10:08:23 burnside uvmconsole: [1960.960s][info][gc] GC(438) Pause Young (Prepare Mixed) (G1 Evacuation Pause) 89M->54M(107M) 10.786ms
Sep  8 10:08:24 burnside uvmconsole: [1961.520s][info][gc] GC(439) Pause Young (Mixed) (G1 Evacuation Pause) 58M->53M(107M) 14.954ms
Sep  8 10:08:33 burnside uvmconsole: [1971.182s][info][gc] GC(440) Pause Young (Concurrent Start) (G1 Evacuation Pause) 89M->53M(107M) 13.978ms
Sep  8 10:08:33 burnside uvmconsole: [1971.183s][info][gc] GC(441) Concurrent Cycle
Sep  8 10:08:34 burnside uvmconsole: [1971.578s][info][gc] GC(441) Pause Remark 55M->55M(107M) 51.586ms
Sep  8 10:08:34 burnside uvmconsole: [1971.764s][info][gc] GC(441) Pause Cleanup 55M->55M(107M) 0.530ms
Sep  8 10:08:34 burnside uvmconsole: [1971.767s][info][gc] GC(441) Concurrent Cycle 583.869ms
Sep  8 10:08:45 burnside uvmconsole: [1982.534s][info][gc] GC(442) Pause Young (Prepare Mixed) (G1 Evacuation Pause) 89M->53M(107M) 14.221ms
Sep  8 10:08:46 burnside uvmconsole: [1983.677s][info][gc] GC(443) Pause Young (Mixed) (G1 Evacuation Pause) 57M->49M(107M) 22.495ms
Sep  8 10:08:55 burnside uvmconsole: [1993.323s][info][gc] GC(444) Pause Young (Concurrent Start) (G1 Evacuation Pause) 87M->49M(107M) 14.732ms
Sep  8 10:08:55 burnside uvmconsole: [1993.323s][info][gc] GC(445) Concurrent Cycle
Sep  8 10:08:56 burnside uvmconsole: [1993.694s][info][gc] GC(445) Pause Remark 51M->51M(107M) 47.519ms
Sep  8 10:08:56 burnside uvmconsole: [1993.873s][info][gc] GC(445) Pause Cleanup 51M->51M(107M) 0.488ms
Sep  8 10:08:56 burnside uvmconsole: [1993.875s][info][gc] GC(445) Concurrent Cycle 552.147ms
Sep  8 10:09:05 burnside uvmconsole: [2003.442s][info][gc] GC(446) Pause Young (Prepare Mixed) (G1 Evacuation Pause) 87M->50M(107M) 17.275ms
Sep  8 10:09:06 burnside uvmconsole: [2003.477s][info][gc] GC(447) Pause Young (Mixed) (G1 Evacuation Pause) 53M->49M(107M) 17.043ms
Sep  8 10:09:16 burnside uvmconsole: [2013.611s][info][gc] GC(448) Pause Young (Concurrent Start) (G1 Evacuation Pause) 87M->50M(107M) 15.014ms
Sep  8 10:09:16 burnside uvmconsole: [2013.611s][info][gc] GC(449) Concurrent Cycle
Sep  8 10:09:16 burnside uvmconsole: [2013.966s][info][gc] GC(449) Pause Remark 51M->51M(107M) 49.210ms
Sep  8 10:09:16 burnside uvmconsole: [2014.157s][info][gc] GC(449) Pause Cleanup 51M->51M(107M) 0.510ms
Sep  8 10:09:16 burnside uvmconsole: [2014.159s][info][gc] GC(449) Concurrent Cycle 547.288ms
Sep  8 10:09:26 burnside uvmconsole: [2023.627s][info][gc] GC(450) Pause Young (Prepare Mixed) (G1 Evacuation Pause) 88M->50M(107M) 18.892ms
Sep  8 10:09:26 burnside uvmconsole: [2023.835s][info][gc] GC(451) Pause Young (Mixed) (G1 Evacuation Pause) 53M->49M(107M) 21.517ms
Sep  8 10:09:32 burnside uvmconsole: [2029.574s][info][gc] GC(452) Pause Young (Concurrent Start) (G1 Evacuation Pause) 87M->49M(107M) 15.465ms
Sep  8 10:09:32 burnside uvmconsole: [2029.575s][info][gc] GC(453) Concurrent Cycle
Sep  8 10:09:32 burnside uvmconsole: [2029.928s][info][gc] GC(453) Pause Remark 51M->51M(107M) 56.090ms
Sep  8 10:09:32 burnside uvmconsole: [2030.106s][info][gc] GC(453) Pause Cleanup 51M->51M(107M) 0.450ms
Sep  8 10:09:32 burnside uvmconsole: [2030.108s][info][gc] GC(453) Concurrent Cycle 533.427ms
Sep  8 10:09:40 burnside uvmconsole: [2038.408s][info][gc] GC(454) Pause Young (Prepare Mixed) (G1 Evacuation Pause) 87M->50M(107M) 13.587ms
Sep  8 10:09:41 burnside uvmconsole: [2039.194s][info][gc] GC(455) Pause Young (Mixed) (G1 Evacuation Pause) 53M->48M(107M) 24.700ms
Sep  8 10:09:47 burnside uvmconsole: [2045.223s][info][gc] GC(456) Pause Young (Normal) (G1 Evacuation Pause) 87M->49M(107M) 14.078ms
Sep  8 10:09:51 burnside uvmconsole: [2048.511s][info][gc] GC(457) Pause Young (Normal) (G1 Evacuation Pause) 87M->50M(107M) 17.302ms
Sep  8 10:09:55 burnside uvmconsole: [2052.572s][info][gc] GC(458) Pause Young (Concurrent Start) (G1 Evacuation Pause) 88M->51M(107M) 22.141ms
Sep  8 10:09:55 burnside uvmconsole: [2052.572s][info][gc] GC(459) Concurrent Cycle
Sep  8 10:09:55 burnside uvmconsole: [2052.933s][info][gc] GC(459) Pause Remark 54M->54M(107M) 48.891ms
Sep  8 10:09:55 burnside uvmconsole: [2053.174s][info][gc] GC(459) Pause Cleanup 57M->57M(107M) 0.522ms
Sep  8 10:09:55 burnside uvmconsole: [2053.177s][info][gc] GC(459) Concurrent Cycle 604.324ms
Sep  8 10:09:59 burnside uvmconsole: [2056.756s][info][gc] GC(460) Pause Young (Prepare Mixed) (G1 Evacuation Pause) 88M->52M(107M) 33.377ms
Sep  8 10:09:59 burnside uvmconsole: [2056.802s][info][gc] GC(461) Pause Young (Mixed) (G1 Evacuation Pause) 53M->52M(107M) 26.803ms
Sep  8 10:10:02 burnside uvmconsole: [2059.605s][info][gc] GC(462) Pause Young (Normal) (G1 Evacuation Pause) 88M->54M(107M) 22.500ms
Sep  8 10:10:07 burnside uvmconsole: [2064.784s][info][gc] GC(463) Pause Young (Normal) (G1 Evacuation Pause) 89M->54M(107M) 16.679ms
Sep  8 10:10:12 burnside uvmconsole: [2069.763s][info][gc] GC(464) Pause Young (Concurrent Start) (G1 Evacuation Pause) 88M->55M(107M) 21.051ms
Sep  8 10:10:12 burnside uvmconsole: [2069.764s][info][gc] GC(465) Concurrent Cycle
Sep  8 10:10:12 burnside uvmconsole: [2070.184s][info][gc] GC(465) Pause Remark 68M->68M(107M) 44.168ms
Sep  8 10:10:12 burnside uvmconsole: [2070.400s][info][gc] GC(465) Pause Cleanup 70M->70M(107M) 0.831ms
Sep  8 10:10:12 burnside uvmconsole: [2070.404s][info][gc] GC(465) Concurrent Cycle 639.845ms
Sep  8 10:10:17 burnside uvmconsole: [2074.497s][info][gc] GC(466) Pause Young (Prepare Mixed) (G1 Evacuation Pause) 89M->54M(107M) 20.690ms
Sep  8 10:10:17 burnside uvmconsole: [2075.027s][info][gc] GC(467) Pause Young (Mixed) (G1 Evacuation Pause) 57M->53M(107M) 25.593ms
Sep  8 10:10:24 burnside uvmconsole: [2082.455s][info][gc] GC(468) Pause Young (Normal) (G1 Evacuation Pause) 88M->54M(107M) 17.291ms
Sep  8 10:10:33 burnside uvmconsole: [2090.972s][info][gc] GC(469) Pause Young (Normal) (G1 Evacuation Pause) 89M->54M(107M) 14.425ms
Sep  8 10:10:41 burnside uvmconsole: [2098.846s][info][gc] GC(470) Pause Young (Concurrent Start) (G1 Evacuation Pause) 89M->54M(107M) 15.826ms
Sep  8 10:10:41 burnside uvmconsole: [2098.847s][info][gc] GC(471) Concurrent Cycle
Sep  8 10:10:41 burnside uvmconsole: [2099.213s][info][gc] GC(471) Pause Remark 56M->56M(107M) 49.976ms
Sep  8 10:10:41 burnside uvmconsole: [2099.440s][info][gc] GC(471) Pause Cleanup 58M->58M(107M) 0.583ms
Sep  8 10:10:41 burnside uvmconsole: [2099.444s][info][gc] GC(471) Concurrent Cycle 597.015ms
Sep  8 10:10:49 burnside uvmconsole: [2107.201s][info][gc] GC(472) Pause Young (Prepare Mixed) (G1 Evacuation Pause) 89M->54M(107M) 18.700ms
Sep  8 10:10:50 burnside uvmconsole: [2107.872s][info][gc] GC(473) Pause Young (Mixed) (G1 Evacuation Pause) 57M->52M(107M) 30.282ms
Sep  8 10:10:59 burnside uvmconsole: [2116.679s][info][gc] GC(474) Pause Young (Normal) (G1 Evacuation Pause) 89M->52M(107M) 15.117ms
Sep  8 10:11:07 burnside uvmconsole: [2124.653s][info][gc] GC(475) Pause Young (Normal) (G1 Evacuation Pause) 89M->53M(107M) 16.552ms
Sep  8 10:11:12 burnside uvmconsole: [2130.442s][info][gc] GC(476) Pause Young (Concurrent Start) (G1 Evacuation Pause) 89M->53M(107M) 16.367ms
Sep  8 10:11:12 burnside uvmconsole: [2130.442s][info][gc] GC(477) Concurrent Cycle
Sep  8 10:11:13 burnside uvmconsole: [2130.799s][info][gc] GC(477) Pause Remark 54M->54M(107M) 35.586ms
Sep  8 10:11:13 burnside uvmconsole: [2130.975s][info][gc] GC(477) Pause Cleanup 54M->54M(107M) 0.460ms
Sep  8 10:11:13 burnside uvmconsole: [2130.977s][info][gc] GC(477) Concurrent Cycle 534.742ms
Sep  8 10:11:22 burnside uvmconsole: [2140.363s][info][gc] GC(478) Pause Young (Prepare Mixed) (G1 Evacuation Pause) 89M->54M(107M) 24.387ms
Sep  8 10:11:23 burnside uvmconsole: [2140.499s][info][gc] GC(479) Pause Young (Mixed) (G1 Evacuation Pause) 56M->53M(107M) 33.185ms
Sep  8 10:11:29 burnside uvmconsole: [2146.496s][info][gc] GC(480) Pause Young (Normal) (G1 Evacuation Pause) 89M->54M(107M) 18.202ms
Sep  8 10:11:32 burnside uvmconsole: [2150.229s][info][gc] GC(481) Pause Young (Normal) (G1 Evacuation Pause) 89M->55M(107M) 22.283ms
Sep  8 10:11:40 burnside uvmconsole: [2158.066s][info][gc] GC(482) Pause Young (Concurrent Start) (G1 Evacuation Pause) 89M->56M(107M) 25.763ms
Sep  8 10:11:40 burnside uvmconsole: [2158.066s][info][gc] GC(483) Concurrent Cycle
Sep  8 10:11:40 burnside uvmconsole: [2158.448s][info][gc] GC(483) Pause Remark 58M->58M(107M) 37.039ms
Sep  8 10:11:41 burnside uvmconsole: [2158.634s][info][gc] GC(483) Pause Cleanup 58M->58M(107M) 0.489ms
Sep  8 10:11:41 burnside uvmconsole: [2158.637s][info][gc] GC(483) Concurrent Cycle 570.729ms
Sep  8 10:11:53 burnside uvmconsole: [2170.873s][info][gc] GC(484) Pause Young (Prepare Mixed) (G1 Evacuation Pause) 89M->56M(107M) 24.241ms
Sep  8 10:11:53 burnside uvmconsole: [2171.126s][info][gc] GC(485) Pause Young (Mixed) (G1 Evacuation Pause) 58M->53M(107M) 29.073ms
Sep  8 10:11:59 burnside uvmconsole: [2177.188s][info][gc] GC(486) Pause Young (Normal) (G1 Evacuation Pause) 88M->54M(107M) 17.656ms
Sep  8 10:12:03 burnside uvmconsole: [2180.806s][info][gc] GC(487) Pause Young (Normal) (G1 Evacuation Pause) 88M->56M(107M) 40.365ms
Sep  8 10:12:08 burnside uvmconsole: [2186.204s][info][gc] GC(488) Pause Young (Concurrent Start) (G1 Evacuation Pause) 88M->56M(107M) 29.636ms
Sep  8 10:12:08 burnside uvmconsole: [2186.204s][info][gc] GC(489) Concurrent Cycle
Sep  8 10:12:09 burnside uvmconsole: [2186.685s][info][gc] GC(489) Pause Remark 62M->62M(107M) 35.575ms
Sep  8 10:12:09 burnside uvmconsole: [2186.888s][info][gc] GC(489) Pause Cleanup 63M->63M(107M) 0.497ms
Sep  8 10:12:09 burnside uvmconsole: [2186.891s][info][gc] GC(489) Concurrent Cycle 686.149ms
Sep  8 10:12:15 burnside uvmconsole: [2193.268s][info][gc] GC(490) Pause Young (Prepare Mixed) (G1 Evacuation Pause) 88M->57M(107M) 21.857ms
Sep  8 10:12:15 burnside uvmconsole: [2193.327s][info][gc] GC(491) Pause Young (Mixed) (G1 Evacuation Pause) 59M->56M(107M) 33.918ms
Sep  8 10:12:27 burnside uvmconsole: [2204.935s][info][gc] GC(492) Pause Young (Normal) (G1 Evacuation Pause) 87M->57M(107M) 17.932ms
Sep  8 10:12:34 burnside uvmconsole: [2212.336s][info][gc] GC(493) Pause Young (Normal) (G1 Evacuation Pause) 88M->57M(107M) 22.382ms
Sep  8 10:12:44 burnside uvmconsole: [2221.910s][info][gc] GC(494) Pause Young (Concurrent Start) (G1 Evacuation Pause) 88M->58M(107M) 20.522ms
Sep  8 10:12:44 burnside uvmconsole: [2221.911s][info][gc] GC(495) Concurrent Cycle
Sep  8 10:12:44 burnside uvmconsole: [2222.321s][info][gc] GC(495) Pause Remark 61M->61M(107M) 36.666ms
Sep  8 10:12:45 burnside uvmconsole: [2222.544s][info][gc] GC(495) Pause Cleanup 62M->62M(107M) 0.498ms
Sep  8 10:12:45 burnside uvmconsole: [2222.547s][info][gc] GC(495) Concurrent Cycle 636.075ms
Sep  8 10:12:54 burnside uvmconsole: [2232.397s][info][gc] GC(496) Pause Young (Prepare Mixed) (G1 Evacuation Pause) 89M->58M(107M) 21.257ms
Sep  8 10:12:55 burnside uvmconsole: [2232.862s][info][gc] GC(497) Pause Young (Mixed) (G1 Evacuation Pause) 60M->56M(107M) 41.253ms
Sep  8 10:12:59 burnside uvmconsole: [2237.398s][info][gc] GC(498) Pause Young (Normal) (G1 Evacuation Pause) 88M->57M(107M) 25.191ms
Sep  8 10:13:10 burnside uvmconsole: [2248.430s][info][gc] GC(499) Pause Young (Normal) (G1 Evacuation Pause) 88M->57M(107M) 18.834ms
Sep  8 10:13:23 burnside uvmconsole: [2261.037s][info][gc] GC(500) Pause Young (Concurrent Start) (G1 Evacuation Pause) 87M->57M(107M) 18.377ms
Sep  8 10:13:23 burnside uvmconsole: [2261.037s][info][gc] GC(501) Concurrent Cycle
Sep  8 10:13:23 burnside uvmconsole: [2261.460s][info][gc] GC(501) Pause Remark 60M->60M(107M) 51.388ms
Sep  8 10:13:24 burnside uvmconsole: [2261.687s][info][gc] GC(501) Pause Cleanup 61M->61M(107M) 0.544ms
Sep  8 10:13:24 burnside uvmconsole: [2261.690s][info][gc] GC(501) Concurrent Cycle 652.875ms
Sep  8 10:13:33 burnside uvmconsole: [2271.038s][info][gc] GC(502) Pause Young (Prepare Mixed) (G1 Evacuation Pause) 89M->58M(107M) 23.680ms
Sep  8 10:13:33 burnside uvmconsole: [2271.321s][info][gc] GC(503) Pause Young (Mixed) (G1 Evacuation Pause) 60M->54M(107M) 50.345ms
Sep  8 10:13:54 burnside uvmconsole: [2291.973s][info][gc] GC(504) Pause Young (Normal) (G1 Evacuation Pause) 87M->55M(107M) 15.435ms
Sep  8 10:14:06 burnside uvmconsole: [2303.936s][info][gc] GC(505) Pause Young (Normal) (G1 Evacuation Pause) 88M->55M(107M) 14.942ms
Sep  8 10:14:29 burnside uvmconsole: [2327.333s][info][gc] GC(506) Pause Young (Concurrent Start) (G1 Evacuation Pause) 88M->55M(107M) 16.637ms
Sep  8 10:14:29 burnside uvmconsole: [2327.334s][info][gc] GC(507) Concurrent Cycle
Sep  8 10:14:30 burnside uvmconsole: [2327.670s][info][gc] GC(507) Pause Remark 56M->56M(107M) 37.260ms
Sep  8 10:14:30 burnside uvmconsole: [2327.856s][info][gc] GC(507) Pause Cleanup 57M->57M(107M) 0.543ms
Sep  8 10:14:30 burnside uvmconsole: [2327.859s][info][gc] GC(507) Concurrent Cycle 524.330ms
Sep  8 10:14:59 burnside uvmconsole: [2356.962s][info][gc] GC(508) Pause Young (Prepare Mixed) (G1 Evacuation Pause) 88M->56M(107M) 17.062ms
Sep  8 10:15:00 burnside uvmconsole: [2357.564s][info][gc] GC(509) Pause Young (Mixed) (G1 Evacuation Pause) 58M->51M(107M) 28.577ms
Sep  8 10:15:21 burnside uvmconsole: [2379.283s][info][gc] GC(510) Pause Young (Normal) (G1 Evacuation Pause) 87M->52M(107M) 14.594ms
Sep  8 10:15:46 burnside uvmconsole: [2404.371s][info][gc] GC(511) Pause Young (Normal) (G1 Evacuation Pause) 88M->52M(107M) 12.851ms
Sep  8 10:16:08 burnside uvmconsole: [2426.315s][info][gc] GC(512) Pause Young (Concurrent Start) (G1 Evacuation Pause) 88M->53M(107M) 19.171ms
Sep  8 10:16:08 burnside uvmconsole: [2426.315s][info][gc] GC(513) Concurrent Cycle
Sep  8 10:16:09 burnside uvmconsole: [2426.685s][info][gc] GC(513) Pause Remark 56M->56M(107M) 34.209ms
Sep  8 10:16:09 burnside uvmconsole: [2426.857s][info][gc] GC(513) Pause Cleanup 57M->57M(107M) 0.465ms
Sep  8 10:16:09 burnside uvmconsole: [2426.860s][info][gc] GC(513) Concurrent Cycle 544.251ms
Sep  8 10:16:34 burnside uvmconsole: [2451.771s][info][gc] GC(514) Pause Young (Prepare Mixed) (G1 Evacuation Pause) 88M->53M(107M) 18.025ms
Sep  8 10:16:36 burnside uvmconsole: [2454.106s][info][gc] GC(515) Pause Young (Mixed) (G1 Evacuation Pause) 55M->51M(107M) 30.775ms
Sep  8 10:16:56 burnside uvmconsole: [2473.649s][info][gc] GC(516) Pause Young (Normal) (G1 Evacuation Pause) 88M->51M(107M) 12.472ms
Sep  8 10:17:13 burnside uvmconsole: [2490.660s][info][gc] GC(517) Pause Young (Normal) (G1 Evacuation Pause) 88M->51M(107M) 16.581ms
Sep  8 10:17:37 burnside uvmconsole: [2514.948s][info][gc] GC(518) Pause Young (Concurrent Start) (G1 Evacuation Pause) 88M->51M(107M) 13.416ms
Sep  8 10:17:37 burnside uvmconsole: [2514.948s][info][gc] GC(519) Concurrent Cycle
Sep  8 10:17:37 burnside uvmconsole: [2515.274s][info][gc] GC(519) Pause Remark 52M->52M(107M) 40.578ms
Sep  8 10:17:37 burnside uvmconsole: [2515.441s][info][gc] GC(519) Pause Cleanup 52M->52M(107M) 0.488ms
Sep  8 10:17:37 burnside uvmconsole: [2515.443s][info][gc] GC(519) Concurrent Cycle 495.158ms
Sep  8 10:17:56 burnside uvmconsole: [2534.409s][info][gc] GC(520) Pause Young (Prepare Mixed) (G1 Evacuation Pause) 88M->52M(107M) 15.623ms
Sep  8 10:17:57 burnside uvmconsole: [2534.933s][info][gc] GC(521) Pause Young (Mixed) (G1 Evacuation Pause) 55M->49M(107M) 26.550ms
Sep  8 10:18:03 burnside uvmconsole: [2540.558s][info][gc] GC(522) Pause Young (Normal) (G1 Evacuation Pause) 88M->50M(107M) 21.234ms
Sep  8 10:18:08 burnside uvmconsole: [2545.647s][info][gc] GC(523) Pause Young (Normal) (G1 Evacuation Pause) 88M->51M(107M) 16.462ms
Sep  8 10:18:31 burnside uvmconsole: [2569.361s][info][gc] GC(524) Pause Young (Concurrent Start) (G1 Evacuation Pause) 88M->52M(107M) 20.081ms
Sep  8 10:18:31 burnside uvmconsole: [2569.361s][info][gc] GC(525) Concurrent Cycle
Sep  8 10:18:32 burnside uvmconsole: [2569.686s][info][gc] GC(525) Pause Remark 53M->53M(107M) 33.570ms
Sep  8 10:18:32 burnside uvmconsole: [2569.857s][info][gc] GC(525) Pause Cleanup 53M->53M(107M) 0.519ms
Sep  8 10:18:32 burnside uvmconsole: [2569.859s][info][gc] GC(525) Concurrent Cycle 497.637ms
Sep  8 10:18:46 burnside uvmconsole: [2584.274s][info][gc] GC(526) Pause Young (Prepare Mixed) (G1 Evacuation Pause) 89M->52M(107M) 20.203ms
Sep  8 10:18:46 burnside uvmconsole: [2584.370s][info][gc] GC(527) Pause Young (Mixed) (G1 Evacuation Pause) 54M->52M(107M) 21.792ms
Sep  8 10:18:50 burnside uvmconsole: [2588.151s][info][gc] GC(528) Pause Young (Normal) (G1 Evacuation Pause) 88M->52M(107M) 17.723ms
Sep  8 10:18:58 burnside uvmconsole: [2595.891s][info][gc] GC(529) Pause Young (Normal) (G1 Evacuation Pause) 88M->53M(107M) 13.167ms
Sep  8 10:19:10 burnside uvmconsole: [2607.657s][info][gc] GC(530) Pause Young (Concurrent Start) (G1 Evacuation Pause) 89M->53M(107M) 21.141ms
Sep  8 10:19:10 burnside uvmconsole: [2607.658s][info][gc] GC(531) Concurrent Cycle
Sep  8 10:19:10 burnside uvmconsole: [2608.034s][info][gc] GC(531) Pause Remark 56M->56M(107M) 45.782ms
Sep  8 10:19:10 burnside uvmconsole: [2608.235s][info][gc] GC(531) Pause Cleanup 57M->57M(107M) 0.644ms
Sep  8 10:19:10 burnside uvmconsole: [2608.238s][info][gc] GC(531) Concurrent Cycle 580.130ms
Sep  8 10:19:36 burnside uvmconsole: [2634.408s][info][gc] GC(532) Pause Young (Prepare Mixed) (G1 Evacuation Pause) 89M->53M(107M) 15.642ms
Sep  8 10:19:38 burnside uvmconsole: [2635.709s][info][gc] GC(533) Pause Young (Mixed) (G1 Evacuation Pause) 56M->50M(107M) 28.802ms
Sep  8 10:20:11 burnside uvmconsole: [2668.664s][info][gc] GC(534) Pause Young (Normal) (G1 Evacuation Pause) 87M->51M(107M) 14.176ms
Sep  8 10:20:50 burnside uvmconsole: [2707.738s][info][gc] GC(535) Pause Young (Normal) (G1 Evacuation Pause) 88M->51M(107M) 11.643ms
Sep  8 10:21:12 burnside uvmconsole: [2730.399s][info][gc] GC(536) Pause Young (Concurrent Start) (G1 Evacuation Pause) 88M->52M(107M) 14.840ms
Sep  8 10:21:12 burnside uvmconsole: [2730.399s][info][gc] GC(537) Concurrent Cycle
Sep  8 10:21:13 burnside uvmconsole: [2730.733s][info][gc] GC(537) Pause Remark 54M->54M(107M) 34.969ms
Sep  8 10:21:13 burnside uvmconsole: [2730.897s][info][gc] GC(537) Pause Cleanup 54M->54M(107M) 0.465ms
Sep  8 10:21:13 burnside uvmconsole: [2730.899s][info][gc] GC(537) Concurrent Cycle 500.200ms
Sep  8 10:21:38 burnside uvmconsole: [2755.524s][info][gc] GC(538) Pause Young (Prepare Mixed) (G1 Evacuation Pause) 89M->52M(107M) 14.766ms
Sep  8 10:21:43 burnside uvmconsole: [2761.044s][info][gc] GC(539) Pause Young (Mixed) (G1 Evacuation Pause) 55M->48M(107M) 32.913ms
Sep  8 10:22:16 burnside uvmconsole: [2794.317s][info][gc] GC(540) Pause Young (Normal) (G1 Evacuation Pause) 87M->49M(107M) 20.299ms
Sep  8 10:22:50 burnside uvmconsole: [2828.432s][info][gc] GC(541) Pause Young (Normal) (G1 Evacuation Pause) 88M->49M(107M) 11.649ms
Sep  8 10:23:20 burnside uvmconsole: [2857.991s][info][gc] GC(542) Pause Young (Concurrent Start) (G1 Evacuation Pause) 88M->49M(107M) 16.343ms
Sep  8 10:23:20 burnside uvmconsole: [2857.991s][info][gc] GC(543) Concurrent Cycle
Sep  8 10:23:20 burnside uvmconsole: [2858.314s][info][gc] GC(543) Pause Remark 52M->52M(107M) 49.301ms
Sep  8 10:23:21 burnside uvmconsole: [2858.473s][info][gc] GC(543) Pause Cleanup 52M->52M(107M) 0.638ms
Sep  8 10:23:21 burnside uvmconsole: [2858.475s][info][gc] GC(543) Concurrent Cycle 483.350ms
Sep  8 10:23:49 burnside uvmconsole: [2887.196s][info][gc] GC(544) Pause Young (Prepare Mixed) (G1 Evacuation Pause) 88M->50M(107M) 16.996ms
Sep  8 10:23:50 burnside uvmconsole: [2888.185s][info][gc] GC(545) Pause Young (Mixed) (G1 Evacuation Pause) 52M->48M(107M) 24.429ms
Sep  8 10:24:15 burnside uvmconsole: [2912.607s][info][gc] GC(546) Pause Young (Normal) (G1 Evacuation Pause) 88M->48M(107M) 13.806ms
Sep  8 10:24:55 burnside uvmconsole: [2952.770s][info][gc] GC(547) Pause Young (Normal) (G1 Evacuation Pause) 88M->49M(107M) 11.867ms
Sep  8 10:25:19 burnside uvmconsole: [2976.820s][info][gc] GC(548) Pause Young (Concurrent Start) (G1 Evacuation Pause) 89M->49M(107M) 14.919ms
Sep  8 10:25:19 burnside uvmconsole: [2976.821s][info][gc] GC(549) Concurrent Cycle
Sep  8 10:25:19 burnside uvmconsole: [2977.141s][info][gc] GC(549) Pause Remark 51M->51M(107M) 36.314ms
Sep  8 10:25:19 burnside uvmconsole: [2977.300s][info][gc] GC(549) Pause Cleanup 52M->52M(107M) 0.548ms
Sep  8 10:25:19 burnside uvmconsole: [2977.303s][info][gc] GC(549) Concurrent Cycle 481.951ms
Sep  8 10:25:51 burnside uvmconsole: [3008.518s][info][gc] GC(550) Pause Young (Prepare Mixed) (G1 Evacuation Pause) 89M->49M(107M) 15.435ms
Sep  8 10:25:53 burnside uvmconsole: [3010.727s][info][gc] GC(551) Pause Young (Mixed) (G1 Evacuation Pause) 51M->47M(107M) 22.225ms
Sep  8 10:26:32 burnside uvmconsole: [3049.962s][info][gc] GC(552) Pause Young (Normal) (G1 Evacuation Pause) 88M->48M(107M) 14.048ms
Sep  8 10:27:09 burnside uvmconsole: [3086.944s][info][gc] GC(553) Pause Young (Normal) (G1 Evacuation Pause) 89M->48M(107M) 11.914ms
Sep  8 10:27:27 burnside uvmconsole: [3105.412s][info][gc] GC(554) Pause Young (Concurrent Start) (G1 Evacuation Pause) 88M->49M(107M) 15.453ms
Sep  8 10:27:27 burnside uvmconsole: [3105.414s][info][gc] GC(555) Concurrent Cycle
Sep  8 10:27:28 burnside uvmconsole: [3105.771s][info][gc] GC(555) Pause Remark 53M->53M(107M) 60.805ms
Sep  8 10:27:28 burnside uvmconsole: [3105.930s][info][gc] GC(555) Pause Cleanup 53M->53M(107M) 0.697ms
Sep  8 10:27:28 burnside uvmconsole: [3105.932s][info][gc] GC(555) Concurrent Cycle 518.350ms
Sep  8 10:27:36 burnside uvmconsole: [3113.493s][info][gc] GC(556) Pause Young (Prepare Mixed) (G1 Evacuation Pause) 89M->49M(107M) 16.158ms
Sep  8 10:27:36 burnside uvmconsole: [3113.607s][info][gc] GC(557) Pause Young (Mixed) (G1 Evacuation Pause) 51M->47M(107M) 29.993ms
Sep  8 10:27:45 burnside uvmconsole: [3123.132s][info][gc] GC(558) Pause Young (Normal) (G1 Evacuation Pause) 88M->47M(107M) 28.013ms
Sep  8 10:28:10 burnside uvmconsole: [3147.566s][info][gc] GC(559) Pause Young (Normal) (G1 Evacuation Pause) 89M->48M(107M) 13.261ms
Sep  8 10:28:47 burnside uvmconsole: [3184.789s][info][gc] GC(560) Pause Young (Concurrent Start) (G1 Evacuation Pause) 89M->48M(107M) 14.809ms
Sep  8 10:28:47 burnside uvmconsole: [3184.790s][info][gc] GC(561) Concurrent Cycle
Sep  8 10:28:47 burnside uvmconsole: [3185.094s][info][gc] GC(561) Pause Remark 49M->49M(107M) 35.517ms
Sep  8 10:28:47 burnside uvmconsole: [3185.251s][info][gc] GC(561) Pause Cleanup 50M->50M(107M) 0.496ms
Sep  8 10:28:47 burnside uvmconsole: [3185.253s][info][gc] GC(561) Concurrent Cycle 463.605ms
Sep  8 10:29:17 burnside uvmconsole: [3215.081s][info][gc] GC(562) Pause Young (Prepare Mixed) (G1 Evacuation Pause) 89M->49M(107M) 16.873ms
Sep  8 10:29:17 burnside uvmconsole: [3215.206s][info][gc] GC(563) Pause Young (Mixed) (G1 Evacuation Pause) 51M->48M(107M) 21.099ms
Sep  8 10:29:36 burnside uvmconsole: [3234.116s][info][gc] GC(564) Pause Young (Normal) (G1 Evacuation Pause) 89M->49M(107M) 13.988ms
Sep  8 10:29:50 burnside uvmconsole: [3248.287s][info][gc] GC(565) Pause Young (Normal) (G1 Evacuation Pause) 89M->49M(107M) 13.035ms
Sep  8 10:30:06 burnside uvmconsole: [3263.913s][info][gc] GC(566) Pause Young (Concurrent Start) (G1 Evacuation Pause) 89M->50M(107M) 16.670ms
Sep  8 10:30:06 burnside uvmconsole: [3263.913s][info][gc] GC(567) Concurrent Cycle
Sep  8 10:30:06 burnside uvmconsole: [3264.224s][info][gc] GC(567) Pause Remark 51M->51M(107M) 46.795ms
Sep  8 10:30:06 burnside uvmconsole: [3264.379s][info][gc] GC(567) Pause Cleanup 51M->51M(107M) 0.488ms
Sep  8 10:30:06 burnside uvmconsole: [3264.381s][info][gc] GC(567) Concurrent Cycle 467.986ms
Sep  8 10:30:30 burnside uvmconsole: [3287.736s][info][gc] GC(568) Pause Young (Prepare Mixed) (G1 Evacuation Pause) 89M->50M(107M) 17.492ms
Sep  8 10:30:30 burnside uvmconsole: [3288.120s][info][gc] GC(569) Pause Young (Mixed) (G1 Evacuation Pause) 52M->48M(107M) 26.894ms
Sep  8 10:31:07 burnside uvmconsole: [3324.839s][info][gc] GC(570) Pause Young (Normal) (G1 Evacuation Pause) 89M->49M(107M) 13.530ms
Sep  8 10:31:36 burnside uvmconsole: [3354.306s][info][gc] GC(571) Pause Young (Normal) (G1 Evacuation Pause) 90M->49M(107M) 10.322ms
Sep  8 10:32:09 burnside uvmconsole: [3386.819s][info][gc] GC(572) Pause Young (Normal) (G1 Evacuation Pause) 89M->49M(107M) 13.638ms
Sep  8 10:32:36 burnside uvmconsole: [3414.263s][info][gc] GC(573) Pause Young (Normal) (G1 Evacuation Pause) 89M->50M(107M) 13.638ms
Sep  8 10:33:01 burnside uvmconsole: [3438.756s][info][gc] GC(574) Pause Young (Normal) (G1 Evacuation Pause) 90M->50M(107M) 16.783ms
Sep  8 10:33:33 burnside uvmconsole: [3471.037s][info][gc] GC(575) Pause Young (Normal) (G1 Evacuation Pause) 89M->50M(107M) 14.341ms
Sep  8 10:33:57 burnside uvmconsole: [3494.649s][info][gc] GC(576) Pause Young (Normal) (G1 Evacuation Pause) 89M->51M(107M) 17.364ms
Sep  8 10:34:14 burnside uvmconsole: [3512.191s][info][gc] GC(577) Pause Young (Normal) (G1 Evacuation Pause) 89M->51M(107M) 17.717ms
Sep  8 10:34:43 burnside uvmconsole: [3541.289s][info][gc] GC(578) Pause Young (Normal) (G1 Evacuation Pause) 89M->51M(107M) 19.174ms
Sep  8 10:34:52 burnside uvmconsole: [3549.572s][info][gc] GC(579) Pause Young (Normal) (G1 Evacuation Pause) 88M->52M(107M) 28.644ms
Sep  8 10:34:56 burnside uvmconsole: [3553.597s][info][gc] GC(580) Pause Young (Normal) (G1 Evacuation Pause) 87M->55M(107M) 27.420ms
Sep  8 10:34:59 burnside uvmconsole: [3557.349s][info][gc] GC(581) Pause Young (Normal) (G1 Evacuation Pause) 89M->55M(107M) 22.635ms
Sep  8 10:35:04 burnside uvmconsole: [3562.232s][info][gc] GC(582) Pause Young (Normal) (G1 Evacuation Pause) 88M->57M(107M) 33.733ms
Sep  8 10:35:07 burnside uvmconsole: [3565.209s][info][gc] GC(583) Pause Young (Normal) (G1 Evacuation Pause) 88M->58M(107M) 24.251ms
Sep  8 10:35:11 burnside uvmconsole: [3569.340s][info][gc] GC(584) Pause Young (Normal) (G1 Evacuation Pause) 88M->58M(107M) 23.016ms
Sep  8 10:35:22 burnside uvmconsole: [3580.355s][info][gc] GC(585) Pause Young (Normal) (G1 Evacuation Pause) 88M->58M(107M) 16.914ms
Sep  8 10:35:33 burnside uvmconsole: [3591.032s][info][gc] GC(586) Pause Young (Normal) (G1 Evacuation Pause) 88M->59M(107M) 19.293ms
Sep  8 10:35:37 burnside uvmconsole: [3594.686s][info][gc] GC(587) Pause Young (Normal) (G1 Evacuation Pause) 89M->60M(107M) 21.739ms
Sep  8 10:35:43 burnside uvmconsole: [3601.046s][info][gc] GC(588) Pause Young (Normal) (G1 Evacuation Pause) 89M->61M(107M) 21.611ms
Sep  8 10:35:54 burnside uvmconsole: [3611.942s][info][gc] GC(589) Pause Young (Normal) (G1 Evacuation Pause) 89M->61M(107M) 21.617ms
Sep  8 10:36:03 burnside uvmconsole: [3621.192s][info][gc] GC(590) Pause Young (Concurrent Start) (G1 Evacuation Pause) 89M->62M(107M) 21.949ms
Sep  8 10:36:03 burnside uvmconsole: [3621.194s][info][gc] GC(591) Concurrent Cycle
Sep  8 10:36:04 burnside uvmconsole: [3621.572s][info][gc] GC(591) Pause Remark 66M->66M(107M) 45.971ms
Sep  8 10:36:04 burnside uvmconsole: [3621.771s][info][gc] GC(591) Pause Cleanup 66M->66M(107M) 0.560ms
Sep  8 10:36:04 burnside uvmconsole: [3621.774s][info][gc] GC(591) Concurrent Cycle 579.779ms
Sep  8 10:36:25 burnside uvmconsole: [3643.109s][info][gc] GC(592) Pause Young (Prepare Mixed) (G1 Evacuation Pause) 89M->62M(107M) 19.485ms
Sep  8 10:36:27 burnside uvmconsole: [3644.658s][info][gc] GC(593) Pause Young (Mixed) (G1 Evacuation Pause) 65M->55M(107M) 32.905ms
Sep  8 10:36:30 burnside uvmconsole: [3648.264s][info][gc] GC(594) Pause Young (Mixed) (G1 Evacuation Pause) 59M->54M(107M) 23.391ms
Sep  8 10:36:44 burnside uvmconsole: [3661.960s][info][gc] GC(595) Pause Young (Normal) (G1 Evacuation Pause) 86M->55M(107M) 12.406ms
Sep  8 10:36:57 burnside uvmconsole: [3675.443s][info][gc] GC(596) Pause Young (Normal) (G1 Evacuation Pause) 88M->55M(107M) 12.795ms
Sep  8 10:37:07 burnside uvmconsole: [3684.910s][info][gc] GC(597) Pause Young (Normal) (G1 Evacuation Pause) 88M->56M(107M) 15.639ms
Sep  8 10:37:16 burnside uvmconsole: [3694.285s][info][gc] GC(598) Pause Young (Normal) (G1 Evacuation Pause) 88M->56M(107M) 14.596ms
Sep  8 10:37:23 burnside uvmconsole: [3700.514s][info][gc] GC(599) Pause Young (Normal) (G1 Evacuation Pause) 89M->57M(107M) 16.789ms
Sep  8 10:37:39 burnside uvmconsole: [3717.070s][info][gc] GC(600) Pause Young (Normal) (G1 Evacuation Pause) 90M->57M(107M) 17.363ms
Sep  8 10:37:58 burnside uvmconsole: [3735.778s][info][gc] GC(601) Pause Young (Normal) (G1 Evacuation Pause) 89M->57M(107M) 16.341ms
Sep  8 10:38:06 burnside uvmconsole: [3744.174s][info][gc] GC(602) Pause Young (Normal) (G1 Evacuation Pause) 89M->57M(107M) 19.114ms
Sep  8 10:38:14 burnside uvmconsole: [3751.509s][info][gc] GC(603) Pause Young (Normal) (G1 Evacuation Pause) 88M->58M(107M) 32.016ms
Sep  8 10:38:28 burnside uvmconsole: [3766.012s][info][gc] GC(604) Pause Young (Normal) (G1 Evacuation Pause) 90M->58M(107M) 17.225ms
Sep  8 10:38:46 burnside uvmconsole: [3783.483s][info][gc] GC(605) Pause Young (Normal) (G1 Evacuation Pause) 90M->58M(107M) 18.427ms
Sep  8 10:38:58 burnside uvmconsole: [3796.184s][info][gc] GC(606) Pause Young (Normal) (G1 Evacuation Pause) 90M->58M(107M) 19.129ms
Sep  8 10:39:10 burnside uvmconsole: [3807.517s][info][gc] GC(607) Pause Young (Normal) (G1 Evacuation Pause) 90M->58M(107M) 16.409ms
Sep  8 10:39:26 burnside uvmconsole: [3824.234s][info][gc] GC(608) Pause Young (Normal) (G1 Evacuation Pause) 90M->58M(107M) 15.527ms
Sep  8 10:39:57 burnside uvmconsole: [3854.807s][info][gc] GC(609) Pause Young (Normal) (G1 Evacuation Pause) 90M->58M(107M) 15.221ms
Sep  8 10:40:18 burnside uvmconsole: [3876.298s][info][gc] GC(610) Pause Young (Normal) (G1 Evacuation Pause) 90M->58M(107M) 14.817ms
Sep  8 10:40:47 burnside uvmconsole: [3905.126s][info][gc] GC(611) Pause Young (Normal) (G1 Evacuation Pause) 90M->58M(107M) 15.658ms
Sep  8 10:41:07 burnside uvmconsole: [3924.745s][info][gc] GC(612) Pause Young (Normal) (G1 Evacuation Pause) 90M->59M(107M) 17.224ms
Sep  8 10:41:30 burnside uvmconsole: [3947.503s][info][gc] GC(613) Pause Young (Normal) (G1 Evacuation Pause) 91M->58M(107M) 15.471ms
Sep  8 10:41:45 burnside uvmconsole: [3963.265s][info][gc] GC(614) Pause Young (Normal) (G1 Evacuation Pause) 90M->59M(107M) 16.045ms
Sep  8 10:41:59 burnside uvmconsole: [3976.842s][info][gc] GC(615) Pause Young (Normal) (G1 Evacuation Pause) 90M->59M(107M) 15.800ms
Sep  8 10:42:17 burnside uvmconsole: [3994.800s][info][gc] GC(616) Pause Young (Normal) (G1 Evacuation Pause) 90M->59M(107M) 23.056ms
Sep  8 10:42:42 burnside uvmconsole: [4019.889s][info][gc] GC(617) Pause Young (Normal) (G1 Evacuation Pause) 90M->59M(107M) 15.568ms
Sep  8 10:43:03 burnside uvmconsole: [4041.040s][info][gc] GC(618) Pause Young (Normal) (G1 Evacuation Pause) 90M->59M(107M) 15.806ms
Sep  8 10:43:35 burnside uvmconsole: [4072.792s][info][gc] GC(619) Pause Young (Normal) (G1 Evacuation Pause) 90M->59M(107M) 15.020ms
Sep  8 10:44:00 burnside uvmconsole: [4097.532s][info][gc] GC(620) Pause Young (Normal) (G1 Evacuation Pause) 90M->59M(107M) 19.262ms
Sep  8 10:44:27 burnside uvmconsole: [4124.832s][info][gc] GC(621) Pause Young (Normal) (G1 Evacuation Pause) 90M->59M(107M) 14.597ms
Sep  8 10:44:59 burnside uvmconsole: [4156.677s][info][gc] GC(622) Pause Young (Normal) (G1 Evacuation Pause) 90M->59M(107M) 13.711ms
Sep  8 10:45:30 burnside uvmconsole: [4187.861s][info][gc] GC(623) Pause Young (Normal) (G1 Evacuation Pause) 90M->59M(107M) 14.047ms
Sep  8 10:45:59 burnside uvmconsole: [4217.341s][info][gc] GC(624) Pause Young (Normal) (G1 Evacuation Pause) 90M->58M(107M) 13.702ms
Sep  8 10:46:27 burnside uvmconsole: [4245.347s][info][gc] GC(625) Pause Young (Normal) (G1 Evacuation Pause) 89M->59M(107M) 14.604ms
Sep  8 10:46:59 burnside uvmconsole: [4276.675s][info][gc] GC(626) Pause Young (Normal) (G1 Evacuation Pause) 90M->59M(107M) 13.318ms
Sep  8 10:47:23 burnside uvmconsole: [4301.039s][info][gc] GC(627) Pause Young (Normal) (G1 Evacuation Pause) 90M->59M(107M) 14.310ms
Sep  8 10:47:51 burnside uvmconsole: [4329.009s][info][gc] GC(628) Pause Young (Normal) (G1 Evacuation Pause) 90M->59M(107M) 13.391ms
Sep  8 10:48:19 burnside uvmconsole: 09-08 10:48:19.145449| ERROR:./libnetcap/src/netcap_tcp.c:390:WARNING: TCP: Could not find session for accepted connection :: (192.168.1.140:54098) -> (202.173.30.250:443  )
Sep  8 10:48:21 burnside uvmconsole: 09-08 10:48:21.249804| ERROR:./libnetcap/src/netcap_tcp.c:390:WARNING: TCP: Could not find session for accepted connection :: (192.168.1.140:54100) -> (78.108.119.250:443  )
Sep  8 10:48:21 burnside uvmconsole: [4358.805s][info][gc] GC(629) Pause Young (Normal) (G1 Evacuation Pause) 90M->59M(107M) 14.074ms
Sep  8 10:48:38 burnside uvmconsole: [4376.470s][info][gc] GC(630) Pause Young (Normal) (G1 Evacuation Pause) 90M->59M(107M) 16.026ms
Sep  8 10:48:46 burnside uvmconsole: [4383.670s][info][gc] GC(631) Pause Young (Normal) (G1 Evacuation Pause) 90M->60M(107M) 18.220ms
Sep  8 10:49:04 burnside uvmconsole: [4402.194s][info][gc] GC(632) Pause Young (Normal) (G1 Evacuation Pause) 89M->60M(107M) 18.795ms
Sep  8 10:49:34 burnside uvmconsole: [4431.911s][info][gc] GC(633) Pause Young (Normal) (G1 Evacuation Pause) 90M->61M(107M) 22.307ms
Sep  8 10:49:44 burnside uvmconsole: [4441.693s][info][gc] GC(634) Pause Young (Normal) (G1 Evacuation Pause) 91M->62M(107M) 20.103ms
Sep  8 10:49:59 burnside uvmconsole: [4457.264s][info][gc] GC(635) Pause Young (Normal) (G1 Evacuation Pause) 89M->62M(107M) 16.985ms
Sep  8 10:50:18 burnside uvmconsole: [4476.155s][info][gc] GC(636) Pause Young (Normal) (G1 Evacuation Pause) 90M->62M(107M) 17.124ms
Sep  8 10:50:30 burnside uvmconsole: [4487.719s][info][gc] GC(637) Pause Young (Normal) (G1 Evacuation Pause) 90M->62M(107M) 13.586ms
Sep  8 10:50:54 burnside uvmconsole: [4511.942s][info][gc] GC(638) Pause Young (Normal) (G1 Evacuation Pause) 90M->62M(107M) 12.118ms
Sep  8 10:51:13 burnside uvmconsole: [4530.874s][info][gc] GC(639) Pause Young (Normal) (G1 Evacuation Pause) 90M->63M(107M) 13.504ms
Sep  8 10:51:30 burnside uvmconsole: [4547.942s][info][gc] GC(640) Pause Young (Normal) (G1 Evacuation Pause) 91M->63M(107M) 13.064ms
Sep  8 10:51:46 burnside uvmconsole: [4564.027s][info][gc] GC(641) Pause Young (Normal) (G1 Evacuation Pause) 91M->63M(107M) 13.253ms
Sep  8 10:52:09 burnside uvmconsole: [4587.092s][info][gc] GC(642) Pause Young (Normal) (G1 Evacuation Pause) 90M->63M(107M) 15.947ms
Sep  8 10:52:27 burnside uvmconsole: [4604.853s][info][gc] GC(643) Pause Young (Normal) (G1 Evacuation Pause) 89M->63M(107M) 14.027ms
Sep  8 10:52:59 burnside uvmconsole: [4636.671s][info][gc] GC(644) Pause Young (Normal) (G1 Evacuation Pause) 89M->64M(107M) 13.508ms
Sep  8 10:53:22 burnside uvmconsole: [4660.108s][info][gc] GC(645) Pause Young (Normal) (G1 Evacuation Pause) 90M->64M(107M) 13.774ms
Sep  8 10:53:54 burnside uvmconsole: [4691.779s][info][gc] GC(646) Pause Young (Normal) (G1 Evacuation Pause) 90M->63M(107M) 12.698ms
Sep  8 10:54:16 burnside uvmconsole: [4713.969s][info][gc] GC(647) Pause Young (Normal) (G1 Evacuation Pause) 90M->63M(107M) 12.245ms
Sep  8 10:54:34 burnside uvmconsole: [4732.007s][info][gc] GC(648) Pause Young (Normal) (G1 Evacuation Pause) 90M->64M(107M) 19.252ms
Sep  8 10:55:04 burnside uvmconsole: [4762.080s][info][gc] GC(649) Pause Young (Normal) (G1 Evacuation Pause) 90M->64M(107M) 14.382ms
Sep  8 10:55:29 burnside uvmconsole: [4787.300s][info][gc] GC(650) Pause Young (Normal) (G1 Evacuation Pause) 91M->63M(107M) 12.429ms
Sep  8 10:55:53 burnside uvmconsole: [4810.500s][info][gc] GC(651) Pause Young (Normal) (G1 Evacuation Pause) 90M->64M(107M) 12.383ms
Sep  8 10:56:07 burnside uvmconsole: [4824.972s][info][gc] GC(652) Pause Young (Normal) (G1 Evacuation Pause) 91M->64M(107M) 24.683ms
Sep  8 10:56:18 burnside uvmconsole: [4835.857s][info][gc] GC(653) Pause Young (Normal) (G1 Evacuation Pause) 90M->64M(107M) 16.032ms
Sep  8 10:56:39 burnside uvmconsole: [4856.879s][info][gc] GC(654) Pause Young (Normal) (G1 Evacuation Pause) 90M->65M(107M) 14.737ms
Sep  8 10:57:00 burnside uvmconsole: [4877.552s][info][gc] GC(655) Pause Young (Normal) (G1 Evacuation Pause) 90M->65M(107M) 17.480ms
Sep  8 10:57:24 burnside uvmconsole: [4901.828s][info][gc] GC(656) Pause Young (Normal) (G1 Evacuation Pause) 90M->65M(107M) 14.888ms
Sep  8 10:57:51 burnside uvmconsole: [4928.522s][info][gc] GC(657) Pause Young (Normal) (G1 Evacuation Pause) 90M->65M(107M) 12.909ms
Sep  8 10:58:10 burnside uvmconsole: [4947.523s][info][gc] GC(658) Pause Young (Normal) (G1 Evacuation Pause) 91M->65M(107M) 13.692ms
Sep  8 10:58:34 burnside uvmconsole: [4971.950s][info][gc] GC(659) Pause Young (Normal) (G1 Evacuation Pause) 90M->65M(107M) 12.386ms
Sep  8 10:58:52 burnside uvmconsole: 09-08 10:58:52.223606| ERROR:./libnetcap/src/netcap_tcp.c:390:WARNING: TCP: Could not find session for accepted connection :: (192.168.1.140:54150) -> (216.115.218.197:443  )
Sep  8 10:58:55 burnside uvmconsole: [4993.463s][info][gc] GC(660) Pause Young (Normal) (G1 Evacuation Pause) 90M->65M(107M) 13.520ms
Sep  8 10:59:09 burnside uvmconsole: [5006.997s][info][gc] GC(661) Pause Young (Normal) (G1 Evacuation Pause) 90M->65M(107M) 15.193ms
Sep  8 10:59:27 burnside uvmconsole: [5024.831s][info][gc] GC(662) Pause Young (Normal) (G1 Evacuation Pause) 90M->65M(107M) 13.652ms
Sep  8 10:59:50 burnside uvmconsole: [5048.307s][info][gc] GC(663) Pause Young (Normal) (G1 Evacuation Pause) 89M->65M(107M) 13.267ms
Sep  8 11:00:00 burnside uvmconsole: [5057.919s][info][gc] GC(664) Pause Young (Normal) (G1 Evacuation Pause) 90M->65M(107M) 13.909ms
Sep  8 11:00:15 burnside uvmconsole: [5072.969s][info][gc] GC(665) Pause Young (Normal) (G1 Evacuation Pause) 89M->65M(107M) 15.535ms
Sep  8 11:00:26 burnside uvmconsole: [5083.525s][info][gc] GC(666) Pause Young (Normal) (G1 Evacuation Pause) 90M->65M(107M) 13.435ms
Sep  8 11:00:36 burnside uvmconsole: [5094.065s][info][gc] GC(667) Pause Young (Normal) (G1 Evacuation Pause) 89M->66M(107M) 20.238ms
Sep  8 11:00:47 burnside uvmconsole: [5104.843s][info][gc] GC(668) Pause Young (Normal) (G1 Evacuation Pause) 90M->66M(107M) 21.417ms
Sep  8 11:00:56 burnside uvmconsole: [5114.378s][info][gc] GC(669) Pause Young (Normal) (G1 Evacuation Pause) 90M->66M(107M) 13.994ms
Sep  8 11:01:03 burnside uvmconsole: [5121.470s][info][gc] GC(670) Pause Young (Normal) (G1 Evacuation Pause) 90M->66M(107M) 15.537ms
Sep  8 11:01:16 burnside uvmconsole: [5133.626s][info][gc] GC(671) Pause Young (Normal) (G1 Evacuation Pause) 89M->66M(107M) 12.094ms
Sep  8 11:01:34 burnside uvmconsole: [5152.044s][info][gc] GC(672) Pause Young (Normal) (G1 Evacuation Pause) 91M->66M(107M) 12.865ms
Sep  8 11:01:50 burnside uvmconsole: [5168.300s][info][gc] GC(673) Pause Young (Normal) (G1 Evacuation Pause) 90M->66M(107M) 12.260ms
Sep  8 11:02:05 burnside uvmconsole: [5183.456s][info][gc] GC(674) Pause Young (Normal) (G1 Evacuation Pause) 90M->66M(107M) 14.121ms
Sep  8 11:02:12 burnside uvmconsole: [5189.694s][info][gc] GC(675) Pause Young (Normal) (G1 Evacuation Pause) 89M->66M(107M) 16.009ms
Sep  8 11:02:32 burnside uvmconsole: [5210.328s][info][gc] GC(676) Pause Young (Normal) (G1 Evacuation Pause) 90M->66M(107M) 13.090ms
Sep  8 11:02:51 burnside uvmconsole: [5229.424s][info][gc] GC(677) Pause Young (Normal) (G1 Evacuation Pause) 90M->66M(107M) 13.458ms
Sep  8 11:03:10 burnside uvmconsole: [5248.243s][info][gc] GC(678) Pause Young (Normal) (G1 Evacuation Pause) 89M->66M(107M) 14.489ms
Sep  8 11:03:41 burnside uvmconsole: [5279.448s][info][gc] GC(679) Pause Young (Normal) (G1 Evacuation Pause) 89M->66M(107M) 12.302ms
Sep  8 11:04:08 burnside uvmconsole: [5306.032s][info][gc] GC(680) Pause Young (Normal) (G1 Evacuation Pause) 90M->66M(107M) 12.357ms
Sep  8 11:04:37 burnside uvmconsole: [5334.840s][info][gc] GC(681) Pause Young (Normal) (G1 Evacuation Pause) 90M->66M(107M) 12.888ms
Sep  8 11:05:06 burnside uvmconsole: [5364.392s][info][gc] GC(682) Pause Young (Normal) (G1 Evacuation Pause) 90M->66M(107M) 12.332ms
Sep  8 11:05:36 burnside uvmconsole: [5393.664s][info][gc] GC(683) Pause Young (Normal) (G1 Evacuation Pause) 90M->66M(107M) 20.843ms
Sep  8 11:06:00 burnside uvmconsole: [5417.523s][info][gc] GC(684) Pause Young (Normal) (G1 Evacuation Pause) 90M->66M(107M) 15.656ms
Sep  8 11:06:17 burnside uvmconsole: [5434.956s][info][gc] GC(685) Pause Young (Normal) (G1 Evacuation Pause) 90M->66M(107M) 22.806ms
Sep  8 11:06:30 burnside uvmconsole: [5447.686s][info][gc] GC(686) Pause Young (Normal) (G1 Evacuation Pause) 90M->66M(107M) 12.361ms
Sep  8 11:06:39 burnside uvmconsole: [5457.184s][info][gc] GC(687) Pause Young (Normal) (G1 Evacuation Pause) 90M->67M(107M) 14.140ms
Sep  8 11:06:52 burnside uvmconsole: [5469.867s][info][gc] GC(688) Pause Young (Normal) (G1 Evacuation Pause) 90M->67M(107M) 17.203ms
Sep  8 11:06:59 burnside uvmconsole: [5476.721s][info][gc] GC(689) Pause Young (Normal) (G1 Evacuation Pause) 89M->68M(107M) 21.367ms
Sep  8 11:07:10 burnside uvmconsole: [5487.872s][info][gc] GC(690) Pause Young (Normal) (G1 Evacuation Pause) 90M->68M(107M) 21.243ms
Sep  8 11:07:16 burnside uvmconsole: [5493.920s][info][gc] GC(691) Pause Young (Normal) (G1 Evacuation Pause) 89M->69M(107M) 15.473ms
Sep  8 11:07:26 burnside uvmconsole: [5504.063s][info][gc] GC(692) Pause Young (Normal) (G1 Evacuation Pause) 90M->69M(107M) 20.803ms
Sep  8 11:07:43 burnside uvmconsole: [5520.614s][info][gc] GC(693) Pause Young (Normal) (G1 Evacuation Pause) 90M->69M(107M) 13.358ms
Sep  8 11:07:58 burnside uvmconsole: [5535.787s][info][gc] GC(694) Pause Young (Normal) (G1 Evacuation Pause) 90M->69M(107M) 11.509ms
Sep  8 11:08:13 burnside uvmconsole: [5550.654s][info][gc] GC(695) Pause Young (Normal) (G1 Evacuation Pause) 90M->69M(107M) 13.214ms
Sep  8 11:08:25 burnside uvmconsole: [5562.694s][info][gc] GC(696) Pause Young (Normal) (G1 Evacuation Pause) 90M->70M(107M) 14.104ms
Sep  8 11:08:35 burnside uvmconsole: [5572.970s][info][gc] GC(697) Pause Young (Normal) (G1 Evacuation Pause) 90M->70M(107M) 12.559ms
Sep  8 11:08:54 burnside uvmconsole: [5591.766s][info][gc] GC(698) Pause Young (Normal) (G1 Evacuation Pause) 90M->70M(107M) 12.888ms
Sep  8 11:09:03 burnside uvmconsole: [5601.042s][info][gc] GC(699) Pause Young (Normal) (G1 Evacuation Pause) 90M->71M(107M) 14.121ms
Sep  8 11:09:12 burnside uvmconsole: [5609.925s][info][gc] GC(700) Pause Young (Normal) (G1 Evacuation Pause) 91M->70M(107M) 11.730ms
Sep  8 11:09:26 burnside uvmconsole: [5623.864s][info][gc] GC(701) Pause Young (Normal) (G1 Evacuation Pause) 89M->71M(107M) 10.903ms
Sep  8 11:09:44 burnside uvmconsole: [5641.768s][info][gc] GC(702) Pause Young (Normal) (G1 Evacuation Pause) 90M->71M(107M) 19.998ms
Sep  8 11:09:56 burnside uvmconsole: [5653.856s][info][gc] GC(703) Pause Young (Normal) (G1 Evacuation Pause) 90M->71M(107M) 12.867ms
Sep  8 11:10:06 burnside uvmconsole: [5664.330s][info][gc] GC(704) Pause Young (Normal) (G1 Evacuation Pause) 90M->71M(107M) 12.564ms
Sep  8 11:10:20 burnside uvmconsole: [5678.043s][info][gc] GC(705) Pause Young (Normal) (G1 Evacuation Pause) 90M->71M(107M) 11.573ms
Sep  8 11:10:35 burnside uvmconsole: [5693.049s][info][gc] GC(706) Pause Young (Normal) (G1 Evacuation Pause) 90M->71M(107M) 10.706ms
Sep  8 11:10:56 burnside uvmconsole: [5713.476s][info][gc] GC(707) Pause Young (Normal) (G1 Evacuation Pause) 90M->71M(107M) 10.590ms
Sep  8 11:11:08 burnside uvmconsole: [5726.098s][info][gc] GC(708) Pause Young (Normal) (G1 Evacuation Pause) 90M->71M(107M) 11.600ms
Sep  8 11:11:16 burnside uvmconsole: [5733.762s][info][gc] GC(709) Pause Young (Normal) (G1 Evacuation Pause) 90M->71M(107M) 10.935ms
Sep  8 11:11:20 burnside uvmconsole: [5737.828s][info][gc] GC(710) Pause Young (Normal) (G1 Evacuation Pause) 90M->72M(107M) 15.137ms
Sep  8 11:11:22 burnside uvmconsole: [5740.391s][info][gc] GC(711) Pause Young (Normal) (G1 Evacuation Pause) 90M->73M(107M) 18.076ms
Sep  8 11:11:25 burnside uvmconsole: [5743.392s][info][gc] GC(712) Pause Young (Normal) (G1 Evacuation Pause) 90M->73M(107M) 16.220ms
Sep  8 11:11:29 burnside uvmconsole: [5747.349s][info][gc] GC(713) Pause Young (Normal) (G1 Evacuation Pause) 90M->75M(107M) 22.881ms
Sep  8 11:11:38 burnside uvmconsole: [5755.812s][info][gc] GC(714) Pause Young (Normal) (G1 Evacuation Pause) 90M->74M(107M) 12.766ms
Sep  8 11:11:43 burnside uvmconsole: [5760.970s][info][gc] GC(715) Pause Young (Normal) (G1 Evacuation Pause) 90M->74M(107M) 9.354ms
Sep  8 11:11:47 burnside uvmconsole: [5764.815s][info][gc] GC(716) Pause Young (Normal) (G1 Evacuation Pause) 90M->75M(107M) 11.558ms
Sep  8 11:11:49 burnside uvmconsole: [5766.745s][info][gc] GC(717) Pause Young (Normal) (G1 Evacuation Pause) 90M->76M(107M) 16.483ms
Sep  8 11:11:51 burnside uvmconsole: [5768.786s][info][gc] GC(718) Pause Young (Normal) (G1 Evacuation Pause) 90M->76M(107M) 16.498ms
Sep  8 11:11:52 burnside uvmconsole: [5770.043s][info][gc] GC(719) Pause Young (Normal) (G1 Evacuation Pause) 89M->77M(107M) 20.465ms
Sep  8 11:11:53 burnside uvmconsole: [5771.045s][info][gc] GC(720) Pause Young (Normal) (G1 Evacuation Pause) 91M->77M(107M) 16.404ms
Sep  8 11:11:54 burnside uvmconsole: [5772.467s][info][gc] GC(721) Pause Young (Normal) (G1 Evacuation Pause) 90M->78M(107M) 14.717ms
Sep  8 11:11:56 burnside uvmconsole: [5774.433s][info][gc] GC(722) Pause Young (Normal) (G1 Evacuation Pause) 90M->79M(107M) 16.542ms
Sep  8 11:11:58 burnside uvmconsole: [5776.186s][info][gc] GC(723) Pause Young (Normal) (G1 Evacuation Pause) 91M->79M(107M) 15.709ms
Sep  8 11:12:00 burnside uvmconsole: [5777.525s][info][gc] GC(724) Pause Young (Normal) (G1 Evacuation Pause) 90M->80M(107M) 20.540ms
Sep  8 11:12:02 burnside uvmconsole: #
Sep  8 11:12:02 burnside uvmconsole: # A fatal error has been detected by the Java Runtime Environment:
Sep  8 11:12:02 burnside uvmconsole: #
Sep  8 11:12:02 burnside uvmconsole: #  SIGSEGV (0xb) at pc=0x00007f33786eadcd, pid=27584, tid=73487
Sep  8 11:12:02 burnside uvmconsole: #
Sep  8 11:12:02 burnside uvmconsole: # JRE version: OpenJDK Runtime Environment (11.0.8+10) (build 11.0.8+10-post-Debian-1deb10u1)
Sep  8 11:12:02 burnside uvmconsole: # Java VM: OpenJDK 64-Bit Server VM (11.0.8+10-post-Debian-1deb10u1, mixed mode, sharing, tiered, compressed oops, g1 gc, linux-amd64)
Sep  8 11:12:02 burnside uvmconsole: # Problematic frame:
Sep  8 11:12:02 burnside uvmconsole: # V  [libjvm.so+0xccedcd]
Sep  8 11:12:02 burnside uvmconsole: #
Sep  8 11:12:02 burnside uvmconsole: # Core dump will be written. Default location: /tmp/core
Sep  8 11:12:02 burnside uvmconsole: #
Sep  8 11:12:02 burnside uvmconsole: # An error report file with more information is saved as:
Sep  8 11:12:02 burnside uvmconsole: # /tmp/hs_err_pid27584.log
Sep  8 11:12:02 burnside uvmconsole: #
Sep  8 11:12:02 burnside uvmconsole: # If you would like to submit a bug report, please visit:
Sep  8 11:12:02 burnside uvmconsole: #   https://bugs.debian.org/openjdk-11
Sep  8 11:12:02 burnside uvmconsole: #
