[2020-12-25T00:00:24.284-0400][gc,heap        ] GC(385743) Heap before GC invocations=385718 (full 11257): garbage-first heap   total 71680K, used 57177K [0x0000000083000000, 0x0000000100000000)
[2020-12-25T00:00:24.284-0400][gc,heap        ] GC(385743)   region size 1024K, 10 young (10240K), 1 survivors (1024K)
[2020-12-25T00:00:24.284-0400][gc,heap        ] GC(385743)  Metaspace       used 61020K, capacity 63721K, committed 64768K, reserved 1107968K
[2020-12-25T00:00:24.284-0400][gc,heap        ] GC(385743)   class space    used 5712K, capacity 6559K, committed 6912K, reserved 1048576K
[2020-12-25T00:00:24.284-0400][gc,start       ] GC(385743) Pause Young (Normal) (G1 Evacuation Pause)
[2020-12-25T00:00:24.284-0400][gc,task        ] GC(385743) Using 4 workers of 4 for evacuation
[2020-12-25T00:00:24.290-0400][gc,phases      ] GC(385743)   Pre Evacuate Collection Set: 0.0ms
[2020-12-25T00:00:24.290-0400][gc,phases      ] GC(385743)   Evacuate Collection Set: 3.7ms
[2020-12-25T00:00:24.290-0400][gc,phases      ] GC(385743)   Post Evacuate Collection Set: 1.7ms
[2020-12-25T00:00:24.290-0400][gc,phases      ] GC(385743)   Other: 0.9ms
[2020-12-25T00:00:24.290-0400][gc,heap        ] GC(385743) Eden regions: 9->0(9)
[2020-12-25T00:00:24.290-0400][gc,heap        ] GC(385743) Survivor regions: 1->1(2)
[2020-12-25T00:00:24.290-0400][gc,heap        ] GC(385743) Old regions: 47->47
[2020-12-25T00:00:24.290-0400][gc,heap        ] GC(385743) Humongous regions: 4->4
[2020-12-25T00:00:24.290-0400][gc,metaspace   ] GC(385743) Metaspace: 61020K->61020K(1107968K)
[2020-12-25T00:00:24.290-0400][gc,heap        ] GC(385743) Heap after GC invocations=385719 (full 11257): garbage-first heap   total 71680K, used 48980K [0x0000000083000000, 0x0000000100000000)
[2020-12-25T00:00:24.290-0400][gc,heap        ] GC(385743)   region size 1024K, 1 young (1024K), 1 survivors (1024K)
[2020-12-25T00:00:24.290-0400][gc,heap        ] GC(385743)  Metaspace       used 61020K, capacity 63721K, committed 64768K, reserved 1107968K
[2020-12-25T00:00:24.291-0400][gc,heap        ] GC(385743)   class space    used 5712K, capacity 6559K, committed 6912K, reserved 1048576K
[2020-12-25T00:00:24.291-0400][gc             ] GC(385743) Pause Young (Normal) (G1 Evacuation Pause) 56M->47M(70M) 6.550ms
[2020-12-25T00:00:24.291-0400][gc,cpu         ] GC(385743) User=0.02s Sys=0.00s Real=0.01s
[2020-12-25T00:00:59.426-0400][gc,heap        ] GC(385744) Heap before GC invocations=385719 (full 11257): garbage-first heap   total 71680K, used 57172K [0x0000000083000000, 0x0000000100000000)
[2020-12-25T00:00:59.426-0400][gc,heap        ] GC(385744)   region size 1024K, 10 young (10240K), 1 survivors (1024K)
[2020-12-25T00:00:59.426-0400][gc,heap        ] GC(385744)  Metaspace       used 61020K, capacity 63721K, committed 64768K, reserved 1107968K
[2020-12-25T00:00:59.426-0400][gc,heap        ] GC(385744)   class space    used 5712K, capacity 6559K, committed 6912K, reserved 1048576K
[2020-12-25T00:00:59.426-0400][gc,start       ] GC(385744) Pause Young (Normal) (G1 Evacuation Pause)
[2020-12-25T00:00:59.426-0400][gc,task        ] GC(385744) Using 4 workers of 4 for evacuation
[2020-12-25T00:00:59.432-0400][gc,phases      ] GC(385744)   Pre Evacuate Collection Set: 0.0ms
[2020-12-25T00:00:59.432-0400][gc,phases      ] GC(385744)   Evacuate Collection Set: 3.5ms
[2020-12-25T00:00:59.432-0400][gc,phases      ] GC(385744)   Post Evacuate Collection Set: 1.7ms
[2020-12-25T00:00:59.432-0400][gc,phases      ] GC(385744)   Other: 0.8ms
[2020-12-25T00:00:59.432-0400][gc,heap        ] GC(385744) Eden regions: 9->0(9)
[2020-12-25T00:00:59.432-0400][gc,heap        ] GC(385744) Survivor regions: 1->1(2)
[2020-12-25T00:00:59.432-0400][gc,heap        ] GC(385744) Old regions: 47->47
[2020-12-25T00:00:59.432-0400][gc,heap        ] GC(385744) Humongous regions: 4->4
[2020-12-25T00:00:59.432-0400][gc,metaspace   ] GC(385744) Metaspace: 61020K->61020K(1107968K)
[2020-12-25T00:00:59.432-0400][gc,heap        ] GC(385744) Heap after GC invocations=385720 (full 11257): garbage-first heap   total 71680K, used 48881K [0x0000000083000000, 0x0000000100000000)
[2020-12-25T00:00:59.432-0400][gc,heap        ] GC(385744)   region size 1024K, 1 young (1024K), 1 survivors (1024K)
[2020-12-25T00:00:59.432-0400][gc,heap        ] GC(385744)  Metaspace       used 61020K, capacity 63721K, committed 64768K, reserved 1107968K
[2020-12-25T00:00:59.432-0400][gc,heap        ] GC(385744)   class space    used 5712K, capacity 6559K, committed 6912K, reserved 1048576K
[2020-12-25T00:00:59.432-0400][gc             ] GC(385744) Pause Young (Normal) (G1 Evacuation Pause) 56M->47M(70M) 6.527ms
[2020-12-25T00:00:59.433-0400][gc,cpu         ] GC(385744) User=0.01s Sys=0.00s Real=0.00s
[2020-12-25T00:01:23.877-0400][gc,heap        ] GC(385745) Heap before GC invocations=385720 (full 11257): garbage-first heap   total 71680K, used 57073K [0x0000000083000000, 0x0000000100000000)
[2020-12-25T00:01:23.877-0400][gc,heap        ] GC(385745)   region size 1024K, 10 young (10240K), 1 survivors (1024K)
[2020-12-25T00:01:23.877-0400][gc,heap        ] GC(385745)  Metaspace       used 61020K, capacity 63721K, committed 64768K, reserved 1107968K
[2020-12-25T00:01:23.877-0400][gc,heap        ] GC(385745)   class space    used 5712K, capacity 6559K, committed 6912K, reserved 1048576K
[2020-12-25T00:01:23.877-0400][gc,start       ] GC(385745) Pause Young (Normal) (G1 Evacuation Pause)
[2020-12-25T00:01:23.877-0400][gc,task        ] GC(385745) Using 4 workers of 4 for evacuation
[2020-12-25T00:01:23.883-0400][gc,phases      ] GC(385745)   Pre Evacuate Collection Set: 0.0ms
[2020-12-25T00:01:23.884-0400][gc,phases      ] GC(385745)   Evacuate Collection Set: 3.6ms
[2020-12-25T00:01:23.884-0400][gc,phases      ] GC(385745)   Post Evacuate Collection Set: 2.0ms
[2020-12-25T00:01:23.884-0400][gc,phases      ] GC(385745)   Other: 1.1ms
[2020-12-25T00:01:23.884-0400][gc,heap        ] GC(385745) Eden regions: 9->0(9)
[2020-12-25T00:01:23.884-0400][gc,heap        ] GC(385745) Survivor regions: 1->1(2)
[2020-12-25T00:01:23.884-0400][gc,heap        ] GC(385745) Old regions: 47->47
[2020-12-25T00:01:23.884-0400][gc,heap        ] GC(385745) Humongous regions: 4->4
[2020-12-25T00:01:23.884-0400][gc,metaspace   ] GC(385745) Metaspace: 61020K->61020K(1107968K)
[2020-12-25T00:01:23.884-0400][gc,heap        ] GC(385745) Heap after GC invocations=385721 (full 11257): garbage-first heap   total 71680K, used 48946K [0x0000000083000000, 0x0000000100000000)
[2020-12-25T00:01:23.884-0400][gc,heap        ] GC(385745)   region size 1024K, 1 young (1024K), 1 survivors (1024K)
[2020-12-25T00:01:23.884-0400][gc,heap        ] GC(385745)  Metaspace       used 61020K, capacity 63721K, committed 64768K, reserved 1107968K
[2020-12-25T00:01:23.884-0400][gc,heap        ] GC(385745)   class space    used 5712K, capacity 6559K, committed 6912K, reserved 1048576K
[2020-12-25T00:01:23.884-0400][gc             ] GC(385745) Pause Young (Normal) (G1 Evacuation Pause) 56M->47M(70M) 7.142ms
[2020-12-25T00:01:23.885-0400][gc,cpu         ] GC(385745) User=0.01s Sys=0.01s Real=0.00s
[2020-12-25T00:01:50.924-0400][gc,task        ] GC(385746) Using 3 workers of 4 for full compaction
[2020-12-25T00:01:50.924-0400][gc,start       ] GC(385746) Pause Full (System.gc())
[2020-12-25T00:01:50.924-0400][gc,heap        ] GC(385746) Heap before GC invocations=385721 (full 11257): garbage-first heap   total 71680K, used 56114K [0x0000000083000000, 0x0000000100000000)
[2020-12-25T00:01:50.924-0400][gc,heap        ] GC(385746)   region size 1024K, 9 young (9216K), 1 survivors (1024K)
[2020-12-25T00:01:50.924-0400][gc,heap        ] GC(385746)  Metaspace       used 61020K, capacity 63721K, committed 64768K, reserved 1107968K
[2020-12-25T00:01:50.925-0400][gc,heap        ] GC(385746)   class space    used 5712K, capacity 6559K, committed 6912K, reserved 1048576K
[2020-12-25T00:01:50.927-0400][gc,phases,start] GC(385746) Phase 1: Mark live objects
[2020-12-25T00:01:51.072-0400][gc,stringtable ] GC(385746) Cleaned string and symbol table, strings: 32207 processed, 0 removed, symbols: 131451 processed, 0 removed
[2020-12-25T00:01:51.072-0400][gc,phases      ] GC(385746) Phase 1: Mark live objects 145.465ms
[2020-12-25T00:01:51.073-0400][gc,phases,start] GC(385746) Phase 2: Prepare for compaction
[2020-12-25T00:01:51.102-0400][gc,phases      ] GC(385746) Phase 2: Prepare for compaction 29.535ms
[2020-12-25T00:01:51.102-0400][gc,phases,start] GC(385746) Phase 3: Adjust pointers
[2020-12-25T00:01:51.179-0400][gc,phases      ] GC(385746) Phase 3: Adjust pointers 77.161ms
[2020-12-25T00:01:51.179-0400][gc,phases,start] GC(385746) Phase 4: Compact heap
[2020-12-25T00:01:51.202-0400][gc,phases      ] GC(385746) Phase 4: Compact heap 22.279ms
[2020-12-25T00:01:51.237-0400][gc,heap        ] GC(385746) Eden regions: 8->0(10)
[2020-12-25T00:01:51.237-0400][gc,heap        ] GC(385746) Survivor regions: 1->0(2)
[2020-12-25T00:01:51.237-0400][gc,heap        ] GC(385746) Old regions: 47->47
[2020-12-25T00:01:51.237-0400][gc,heap        ] GC(385746) Humongous regions: 4->4
[2020-12-25T00:01:51.237-0400][gc,metaspace   ] GC(385746) Metaspace: 61020K->61020K(1107968K)
[2020-12-25T00:01:51.237-0400][gc,heap        ] GC(385746) Heap after GC invocations=385722 (full 11258): garbage-first heap   total 71680K, used 48419K [0x0000000083000000, 0x0000000100000000)
[2020-12-25T00:01:51.237-0400][gc,heap        ] GC(385746)   region size 1024K, 0 young (0K), 0 survivors (0K)
[2020-12-25T00:01:51.237-0400][gc,heap        ] GC(385746)  Metaspace       used 61020K, capacity 63721K, committed 64768K, reserved 1107968K
[2020-12-25T00:01:51.237-0400][gc,heap        ] GC(385746)   class space    used 5712K, capacity 6559K, committed 6912K, reserved 1048576K
[2020-12-25T00:01:51.238-0400][gc             ] GC(385746) Pause Full (System.gc()) 55M->47M(70M) 313.232ms
[2020-12-25T00:01:51.238-0400][gc,cpu         ] GC(385746) User=0.84s Sys=0.00s Real=0.32s
[2020-12-25T00:02:11.915-0400][gc,heap        ] GC(385747) Heap before GC invocations=385722 (full 11258): garbage-first heap   total 71680K, used 57635K [0x0000000083000000, 0x0000000100000000)
[2020-12-25T00:02:11.915-0400][gc,heap        ] GC(385747)   region size 1024K, 10 young (10240K), 0 survivors (0K)
[2020-12-25T00:02:11.915-0400][gc,heap        ] GC(385747)  Metaspace       used 61020K, capacity 63721K, committed 64768K, reserved 1107968K
[2020-12-25T00:02:11.915-0400][gc,heap        ] GC(385747)   class space    used 5712K, capacity 6559K, committed 6912K, reserved 1048576K
[2020-12-25T00:02:11.915-0400][gc,start       ] GC(385747) Pause Young (Normal) (G1 Evacuation Pause)
[2020-12-25T00:02:11.915-0400][gc,task        ] GC(385747) Using 4 workers of 4 for evacuation
[2020-12-25T00:02:11.921-0400][gc,phases      ] GC(385747)   Pre Evacuate Collection Set: 0.0ms
[2020-12-25T00:02:11.921-0400][gc,phases      ] GC(385747)   Evacuate Collection Set: 3.1ms
[2020-12-25T00:02:11.921-0400][gc,phases      ] GC(385747)   Post Evacuate Collection Set: 1.8ms
[2020-12-25T00:02:11.921-0400][gc,phases      ] GC(385747)   Other: 0.9ms
[2020-12-25T00:02:11.921-0400][gc,heap        ] GC(385747) Eden regions: 10->0(9)
[2020-12-25T00:02:11.921-0400][gc,heap        ] GC(385747) Survivor regions: 0->1(2)
[2020-12-25T00:02:11.921-0400][gc,heap        ] GC(385747) Old regions: 47->47
[2020-12-25T00:02:11.921-0400][gc,heap        ] GC(385747) Humongous regions: 4->4
[2020-12-25T00:02:11.921-0400][gc,metaspace   ] GC(385747) Metaspace: 61020K->61020K(1107968K)
[2020-12-25T00:02:11.921-0400][gc,heap        ] GC(385747) Heap after GC invocations=385723 (full 11258): garbage-first heap   total 71680K, used 48718K [0x0000000083000000, 0x0000000100000000)
[2020-12-25T00:02:11.921-0400][gc,heap        ] GC(385747)   region size 1024K, 1 young (1024K), 1 survivors (1024K)
[2020-12-25T00:02:11.921-0400][gc,heap        ] GC(385747)  Metaspace       used 61020K, capacity 63721K, committed 64768K, reserved 1107968K
[2020-12-25T00:02:11.921-0400][gc,heap        ] GC(385747)   class space    used 5712K, capacity 6559K, committed 6912K, reserved 1048576K
[2020-12-25T00:02:11.921-0400][gc             ] GC(385747) Pause Young (Normal) (G1 Evacuation Pause) 57M->47M(70M) 6.125ms
[2020-12-25T00:02:11.922-0400][gc,cpu         ] GC(385747) User=0.02s Sys=0.00s Real=0.01s
[2020-12-25T00:02:41.350-0400][gc,heap        ] GC(385748) Heap before GC invocations=385723 (full 11258): garbage-first heap   total 71680K, used 57934K [0x0000000083000000, 0x0000000100000000)
[2020-12-25T00:02:41.350-0400][gc,heap        ] GC(385748)   region size 1024K, 10 young (10240K), 1 survivors (1024K)
[2020-12-25T00:02:41.350-0400][gc,heap        ] GC(385748)  Metaspace       used 61020K, capacity 63721K, committed 64768K, reserved 1107968K
[2020-12-25T00:02:41.350-0400][gc,heap        ] GC(385748)   class space    used 5712K, capacity 6559K, committed 6912K, reserved 1048576K
[2020-12-25T00:02:41.350-0400][gc,start       ] GC(385748) Pause Young (Normal) (G1 Evacuation Pause)
[2020-12-25T00:02:41.350-0400][gc,task        ] GC(385748) Using 4 workers of 4 for evacuation
[2020-12-25T00:02:41.355-0400][gc,phases      ] GC(385748)   Pre Evacuate Collection Set: 0.0ms
[2020-12-25T00:02:41.355-0400][gc,phases      ] GC(385748)   Evacuate Collection Set: 2.8ms
[2020-12-25T00:02:41.355-0400][gc,phases      ] GC(385748)   Post Evacuate Collection Set: 1.7ms
[2020-12-25T00:02:41.355-0400][gc,phases      ] GC(385748)   Other: 0.8ms
[2020-12-25T00:02:41.355-0400][gc,heap        ] GC(385748) Eden regions: 9->0(9)
[2020-12-25T00:02:41.356-0400][gc,heap        ] GC(385748) Survivor regions: 1->1(2)
[2020-12-25T00:02:41.356-0400][gc,heap        ] GC(385748) Old regions: 47->47
[2020-12-25T00:02:41.356-0400][gc,heap        ] GC(385748) Humongous regions: 4->4
[2020-12-25T00:02:41.356-0400][gc,metaspace   ] GC(385748) Metaspace: 61020K->61020K(1107968K)
[2020-12-25T00:02:41.356-0400][gc,heap        ] GC(385748) Heap after GC invocations=385724 (full 11258): garbage-first heap   total 71680K, used 48701K [0x0000000083000000, 0x0000000100000000)
[2020-12-25T00:02:41.356-0400][gc,heap        ] GC(385748)   region size 1024K, 1 young (1024K), 1 survivors (1024K)
[2020-12-25T00:02:41.356-0400][gc,heap        ] GC(385748)  Metaspace       used 61020K, capacity 63721K, committed 64768K, reserved 1107968K
[2020-12-25T00:02:41.356-0400][gc,heap        ] GC(385748)   class space    used 5712K, capacity 6559K, committed 6912K, reserved 1048576K
[2020-12-25T00:02:41.356-0400][gc             ] GC(385748) Pause Young (Normal) (G1 Evacuation Pause) 56M->47M(70M) 5.760ms
[2020-12-25T00:02:41.356-0400][gc,cpu         ] GC(385748) User=0.01s Sys=0.00s Real=0.01s
[2020-12-25T00:03:02.935-0400][gc,heap        ] GC(385749) Heap before GC invocations=385724 (full 11258): garbage-first heap   total 71680K, used 56893K [0x0000000083000000, 0x0000000100000000)
[2020-12-25T00:03:02.935-0400][gc,heap        ] GC(385749)   region size 1024K, 10 young (10240K), 1 survivors (1024K)
[2020-12-25T00:03:02.935-0400][gc,heap        ] GC(385749)  Metaspace       used 61020K, capacity 63721K, committed 64768K, reserved 1107968K
[2020-12-25T00:03:02.935-0400][gc,heap        ] GC(385749)   class space    used 5712K, capacity 6559K, committed 6912K, reserved 1048576K
[2020-12-25T00:03:02.935-0400][gc,start       ] GC(385749) Pause Young (Normal) (G1 Evacuation Pause)
[2020-12-25T00:03:02.935-0400][gc,task        ] GC(385749) Using 4 workers of 4 for evacuation
[2020-12-25T00:03:02.941-0400][gc,phases      ] GC(385749)   Pre Evacuate Collection Set: 0.0ms
[2020-12-25T00:03:02.941-0400][gc,phases      ] GC(385749)   Evacuate Collection Set: 3.6ms
[2020-12-25T00:03:02.941-0400][gc,phases      ] GC(385749)   Post Evacuate Collection Set: 1.5ms
[2020-12-25T00:03:02.941-0400][gc,phases      ] GC(385749)   Other: 0.8ms
[2020-12-25T00:03:02.941-0400][gc,heap        ] GC(385749) Eden regions: 9->0(9)
[2020-12-25T00:03:02.941-0400][gc,heap        ] GC(385749) Survivor regions: 1->1(2)
[2020-12-25T00:03:02.941-0400][gc,heap        ] GC(385749) Old regions: 47->47
[2020-12-25T00:03:02.941-0400][gc,heap        ] GC(385749) Humongous regions: 4->4
[2020-12-25T00:03:02.941-0400][gc,metaspace   ] GC(385749) Metaspace: 61020K->61020K(1107968K)
[2020-12-25T00:03:02.941-0400][gc,heap        ] GC(385749) Heap after GC invocations=385725 (full 11258): garbage-first heap   total 71680K, used 48922K [0x0000000083000000, 0x0000000100000000)
[2020-12-25T00:03:02.941-0400][gc,heap        ] GC(385749)   region size 1024K, 1 young (1024K), 1 survivors (1024K)
[2020-12-25T00:03:02.941-0400][gc,heap        ] GC(385749)  Metaspace       used 61020K, capacity 63721K, committed 64768K, reserved 1107968K
[2020-12-25T00:03:02.941-0400][gc,heap        ] GC(385749)   class space    used 5712K, capacity 6559K, committed 6912K, reserved 1048576K
[2020-12-25T00:03:02.941-0400][gc             ] GC(385749) Pause Young (Normal) (G1 Evacuation Pause) 56M->47M(70M) 6.381ms
[2020-12-25T00:03:02.942-0400][gc,cpu         ] GC(385749) User=0.01s Sys=0.01s Real=0.01s
[2020-12-25T00:03:33.424-0400][gc,heap        ] GC(385750) Heap before GC invocations=385725 (full 11258): garbage-first heap   total 71680K, used 57114K [0x0000000083000000, 0x0000000100000000)
[2020-12-25T00:03:33.424-0400][gc,heap        ] GC(385750)   region size 1024K, 10 young (10240K), 1 survivors (1024K)
[2020-12-25T00:03:33.424-0400][gc,heap        ] GC(385750)  Metaspace       used 61020K, capacity 63721K, committed 64768K, reserved 1107968K
[2020-12-25T00:03:33.424-0400][gc,heap        ] GC(385750)   class space    used 5712K, capacity 6559K, committed 6912K, reserved 1048576K
[2020-12-25T00:03:33.424-0400][gc,start       ] GC(385750) Pause Young (Normal) (G1 Evacuation Pause)
[2020-12-25T00:03:33.424-0400][gc,task        ] GC(385750) Using 4 workers of 4 for evacuation
[2020-12-25T00:03:33.430-0400][gc,phases      ] GC(385750)   Pre Evacuate Collection Set: 0.0ms
[2020-12-25T00:03:33.430-0400][gc,phases      ] GC(385750)   Evacuate Collection Set: 3.3ms
[2020-12-25T00:03:33.430-0400][gc,phases      ] GC(385750)   Post Evacuate Collection Set: 2.0ms
[2020-12-25T00:03:33.431-0400][gc,phases      ] GC(385750)   Other: 0.9ms
[2020-12-25T00:03:33.431-0400][gc,heap        ] GC(385750) Eden regions: 9->0(9)
[2020-12-25T00:03:33.431-0400][gc,heap        ] GC(385750) Survivor regions: 1->1(2)
[2020-12-25T00:03:33.431-0400][gc,heap        ] GC(385750) Old regions: 47->47
[2020-12-25T00:03:33.431-0400][gc,heap        ] GC(385750) Humongous regions: 4->4
[2020-12-25T00:03:33.431-0400][gc,metaspace   ] GC(385750) Metaspace: 61020K->61020K(1107968K)
[2020-12-25T00:03:33.431-0400][gc,heap        ] GC(385750) Heap after GC invocations=385726 (full 11258): garbage-first heap   total 71680K, used 48855K [0x0000000083000000, 0x0000000100000000)
[2020-12-25T00:03:33.431-0400][gc,heap        ] GC(385750)   region size 1024K, 1 young (1024K), 1 survivors (1024K)
[2020-12-25T00:03:33.431-0400][gc,heap        ] GC(385750)  Metaspace       used 61020K, capacity 63721K, committed 64768K, reserved 1107968K
[2020-12-25T00:03:33.431-0400][gc,heap        ] GC(385750)   class space    used 5712K, capacity 6559K, committed 6912K, reserved 1048576K
[2020-12-25T00:03:33.431-0400][gc             ] GC(385750) Pause Young (Normal) (G1 Evacuation Pause) 56M->47M(70M) 6.605ms
[2020-12-25T00:03:33.431-0400][gc,cpu         ] GC(385750) User=0.01s Sys=0.01s Real=0.01s
[2020-12-25T00:04:02.770-0400][gc,heap        ] GC(385751) Heap before GC invocations=385726 (full 11258): garbage-first heap   total 71680K, used 57047K [0x0000000083000000, 0x0000000100000000)
[2020-12-25T00:04:02.770-0400][gc,heap        ] GC(385751)   region size 1024K, 10 young (10240K), 1 survivors (1024K)
[2020-12-25T00:04:02.770-0400][gc,heap        ] GC(385751)  Metaspace       used 61020K, capacity 63721K, committed 64768K, reserved 1107968K
[2020-12-25T00:04:02.770-0400][gc,heap        ] GC(385751)   class space    used 5712K, capacity 6559K, committed 6912K, reserved 1048576K
[2020-12-25T00:04:02.770-0400][gc,start       ] GC(385751) Pause Young (Normal) (G1 Evacuation Pause)
[2020-12-25T00:04:02.770-0400][gc,task        ] GC(385751) Using 4 workers of 4 for evacuation
[2020-12-25T00:04:02.776-0400][gc,phases      ] GC(385751)   Pre Evacuate Collection Set: 0.0ms
[2020-12-25T00:04:02.776-0400][gc,phases      ] GC(385751)   Evacuate Collection Set: 3.9ms
[2020-12-25T00:04:02.776-0400][gc,phases      ] GC(385751)   Post Evacuate Collection Set: 1.7ms
[2020-12-25T00:04:02.776-0400][gc,phases      ] GC(385751)   Other: 0.8ms
[2020-12-25T00:04:02.777-0400][gc,heap        ] GC(385751) Eden regions: 9->0(9)
[2020-12-25T00:04:02.777-0400][gc,heap        ] GC(385751) Survivor regions: 1->1(2)
[2020-12-25T00:04:02.777-0400][gc,heap        ] GC(385751) Old regions: 47->47
[2020-12-25T00:04:02.777-0400][gc,heap        ] GC(385751) Humongous regions: 4->4
[2020-12-25T00:04:02.777-0400][gc,metaspace   ] GC(385751) Metaspace: 61020K->61020K(1107968K)
[2020-12-25T00:04:02.777-0400][gc,heap        ] GC(385751) Heap after GC invocations=385727 (full 11258): garbage-first heap   total 71680K, used 48820K [0x0000000083000000, 0x0000000100000000)
[2020-12-25T00:04:02.777-0400][gc,heap        ] GC(385751)   region size 1024K, 1 young (1024K), 1 survivors (1024K)
[2020-12-25T00:04:02.777-0400][gc,heap        ] GC(385751)  Metaspace       used 61020K, capacity 63721K, committed 64768K, reserved 1107968K
[2020-12-25T00:04:02.777-0400][gc,heap        ] GC(385751)   class space    used 5712K, capacity 6559K, committed 6912K, reserved 1048576K
[2020-12-25T00:04:02.777-0400][gc             ] GC(385751) Pause Young (Normal) (G1 Evacuation Pause) 56M->47M(70M) 6.937ms
[2020-12-25T00:04:02.777-0400][gc,cpu         ] GC(385751) User=0.01s Sys=0.00s Real=0.01s
[2020-12-25T00:04:23.891-0400][gc,heap        ] GC(385752) Heap before GC invocations=385727 (full 11258): garbage-first heap   total 71680K, used 57012K [0x0000000083000000, 0x0000000100000000)
[2020-12-25T00:04:23.891-0400][gc,heap        ] GC(385752)   region size 1024K, 10 young (10240K), 1 survivors (1024K)
[2020-12-25T00:04:23.891-0400][gc,heap        ] GC(385752)  Metaspace       used 61020K, capacity 63721K, committed 64768K, reserved 1107968K
[2020-12-25T00:04:23.891-0400][gc,heap        ] GC(385752)   class space    used 5712K, capacity 6559K, committed 6912K, reserved 1048576K
[2020-12-25T00:04:23.891-0400][gc,start       ] GC(385752) Pause Young (Normal) (G1 Evacuation Pause)
[2020-12-25T00:04:23.891-0400][gc,task        ] GC(385752) Using 4 workers of 4 for evacuation
[2020-12-25T00:04:23.897-0400][gc,phases      ] GC(385752)   Pre Evacuate Collection Set: 0.0ms
[2020-12-25T00:04:23.897-0400][gc,phases      ] GC(385752)   Evacuate Collection Set: 3.5ms
[2020-12-25T00:04:23.897-0400][gc,phases      ] GC(385752)   Post Evacuate Collection Set: 1.7ms
[2020-12-25T00:04:23.897-0400][gc,phases      ] GC(385752)   Other: 0.8ms
[2020-12-25T00:04:23.897-0400][gc,heap        ] GC(385752) Eden regions: 9->0(9)
[2020-12-25T00:04:23.897-0400][gc,heap        ] GC(385752) Survivor regions: 1->1(2)
[2020-12-25T00:04:23.897-0400][gc,heap        ] GC(385752) Old regions: 47->47
[2020-12-25T00:04:23.897-0400][gc,heap        ] GC(385752) Humongous regions: 4->4
[2020-12-25T00:04:23.897-0400][gc,metaspace   ] GC(385752) Metaspace: 61020K->61020K(1107968K)
[2020-12-25T00:04:23.897-0400][gc,heap        ] GC(385752) Heap after GC invocations=385728 (full 11258): garbage-first heap   total 71680K, used 48840K [0x0000000083000000, 0x0000000100000000)
[2020-12-25T00:04:23.897-0400][gc,heap        ] GC(385752)   region size 1024K, 1 young (1024K), 1 survivors (1024K)
[2020-12-25T00:04:23.897-0400][gc,heap        ] GC(385752)  Metaspace       used 61020K, capacity 63721K, committed 64768K, reserved 1107968K
[2020-12-25T00:04:23.897-0400][gc,heap        ] GC(385752)   class space    used 5712K, capacity 6559K, committed 6912K, reserved 1048576K
[2020-12-25T00:04:23.897-0400][gc             ] GC(385752) Pause Young (Normal) (G1 Evacuation Pause) 56M->47M(70M) 6.355ms
[2020-12-25T00:04:23.898-0400][gc,cpu         ] GC(385752) User=0.02s Sys=0.00s Real=0.01s
[2020-12-25T00:04:51.567-0400][gc,heap        ] GC(385753) Heap before GC invocations=385728 (full 11258): garbage-first heap   total 71680K, used 57032K [0x0000000083000000, 0x0000000100000000)
[2020-12-25T00:04:51.567-0400][gc,heap        ] GC(385753)   region size 1024K, 10 young (10240K), 1 survivors (1024K)
[2020-12-25T00:04:51.567-0400][gc,heap        ] GC(385753)  Metaspace       used 61020K, capacity 63721K, committed 64768K, reserved 1107968K
[2020-12-25T00:04:51.567-0400][gc,heap        ] GC(385753)   class space    used 5712K, capacity 6559K, committed 6912K, reserved 1048576K
[2020-12-25T00:04:51.567-0400][gc,start       ] GC(385753) Pause Young (Normal) (G1 Evacuation Pause)
[2020-12-25T00:04:51.567-0400][gc,task        ] GC(385753) Using 4 workers of 4 for evacuation
[2020-12-25T00:04:51.573-0400][gc,phases      ] GC(385753)   Pre Evacuate Collection Set: 0.0ms
[2020-12-25T00:04:51.573-0400][gc,phases      ] GC(385753)   Evacuate Collection Set: 3.5ms
[2020-12-25T00:04:51.573-0400][gc,phases      ] GC(385753)   Post Evacuate Collection Set: 1.4ms
[2020-12-25T00:04:51.573-0400][gc,phases      ] GC(385753)   Other: 0.9ms
[2020-12-25T00:04:51.573-0400][gc,heap        ] GC(385753) Eden regions: 9->0(9)
[2020-12-25T00:04:51.573-0400][gc,heap        ] GC(385753) Survivor regions: 1->1(2)
[2020-12-25T00:04:51.573-0400][gc,heap        ] GC(385753) Old regions: 47->47
[2020-12-25T00:04:51.573-0400][gc,heap        ] GC(385753) Humongous regions: 4->4
[2020-12-25T00:04:51.573-0400][gc,metaspace   ] GC(385753) Metaspace: 61020K->61020K(1107968K)
[2020-12-25T00:04:51.573-0400][gc,heap        ] GC(385753) Heap after GC invocations=385729 (full 11258): garbage-first heap   total 71680K, used 48877K [0x0000000083000000, 0x0000000100000000)
[2020-12-25T00:04:51.573-0400][gc,heap        ] GC(385753)   region size 1024K, 1 young (1024K), 1 survivors (1024K)
[2020-12-25T00:04:51.573-0400][gc,heap        ] GC(385753)  Metaspace       used 61020K, capacity 63721K, committed 64768K, reserved 1107968K
[2020-12-25T00:04:51.573-0400][gc,heap        ] GC(385753)   class space    used 5712K, capacity 6559K, committed 6912K, reserved 1048576K
[2020-12-25T00:04:51.573-0400][gc             ] GC(385753) Pause Young (Normal) (G1 Evacuation Pause) 56M->47M(70M) 6.168ms
[2020-12-25T00:04:51.574-0400][gc,cpu         ] GC(385753) User=0.01s Sys=0.00s Real=0.00s
[2020-12-25T00:05:08.439-0400][gc,heap        ] GC(385754) Heap before GC invocations=385729 (full 11258): garbage-first heap   total 71680K, used 57069K [0x0000000083000000, 0x0000000100000000)
[2020-12-25T00:05:08.439-0400][gc,heap        ] GC(385754)   region size 1024K, 10 young (10240K), 1 survivors (1024K)
[2020-12-25T00:05:08.439-0400][gc,heap        ] GC(385754)  Metaspace       used 61020K, capacity 63721K, committed 64768K, reserved 1107968K
[2020-12-25T00:05:08.439-0400][gc,heap        ] GC(385754)   class space    used 5712K, capacity 6559K, committed 6912K, reserved 1048576K
[2020-12-25T00:05:08.439-0400][gc,start       ] GC(385754) Pause Young (Normal) (G1 Evacuation Pause)
[2020-12-25T00:05:08.439-0400][gc,task        ] GC(385754) Using 4 workers of 4 for evacuation
[2020-12-25T00:05:08.445-0400][gc,phases      ] GC(385754)   Pre Evacuate Collection Set: 0.0ms
[2020-12-25T00:05:08.445-0400][gc,phases      ] GC(385754)   Evacuate Collection Set: 3.5ms
[2020-12-25T00:05:08.445-0400][gc,phases      ] GC(385754)   Post Evacuate Collection Set: 1.6ms
[2020-12-25T00:05:08.445-0400][gc,phases      ] GC(385754)   Other: 0.8ms
[2020-12-25T00:05:08.445-0400][gc,heap        ] GC(385754) Eden regions: 9->0(9)
[2020-12-25T00:05:08.445-0400][gc,heap        ] GC(385754) Survivor regions: 1->1(2)
[2020-12-25T00:05:08.445-0400][gc,heap        ] GC(385754) Old regions: 47->47
[2020-12-25T00:05:08.445-0400][gc,heap        ] GC(385754) Humongous regions: 4->4
[2020-12-25T00:05:08.445-0400][gc,metaspace   ] GC(385754) Metaspace: 61020K->61020K(1107968K)
[2020-12-25T00:05:08.445-0400][gc,heap        ] GC(385754) Heap after GC invocations=385730 (full 11258): garbage-first heap   total 71680K, used 48867K [0x0000000083000000, 0x0000000100000000)
[2020-12-25T00:05:08.445-0400][gc,heap        ] GC(385754)   region size 1024K, 1 young (1024K), 1 survivors (1024K)
[2020-12-25T00:05:08.445-0400][gc,heap        ] GC(385754)  Metaspace       used 61020K, capacity 63721K, committed 64768K, reserved 1107968K
[2020-12-25T00:05:08.445-0400][gc,heap        ] GC(385754)   class space    used 5712K, capacity 6559K, committed 6912K, reserved 1048576K
[2020-12-25T00:05:08.445-0400][gc             ] GC(385754) Pause Young (Normal) (G1 Evacuation Pause) 56M->47M(70M) 6.423ms
[2020-12-25T00:05:08.445-0400][gc,cpu         ] GC(385754) User=0.01s Sys=0.01s Real=0.00s
[2020-12-25T00:05:32.196-0400][gc,heap        ] GC(385755) Heap before GC invocations=385730 (full 11258): garbage-first heap   total 71680K, used 57059K [0x0000000083000000, 0x0000000100000000)
[2020-12-25T00:05:32.196-0400][gc,heap        ] GC(385755)   region size 1024K, 10 young (10240K), 1 survivors (1024K)
[2020-12-25T00:05:32.196-0400][gc,heap        ] GC(385755)  Metaspace       used 61020K, capacity 63721K, committed 64768K, reserved 1107968K
[2020-12-25T00:05:32.196-0400][gc,heap        ] GC(385755)   class space    used 5712K, capacity 6559K, committed 6912K, reserved 1048576K
[2020-12-25T00:05:32.197-0400][gc,start       ] GC(385755) Pause Young (Normal) (G1 Evacuation Pause)
[2020-12-25T00:05:32.197-0400][gc,task        ] GC(385755) Using 4 workers of 4 for evacuation
[2020-12-25T00:05:32.202-0400][gc,phases      ] GC(385755)   Pre Evacuate Collection Set: 0.0ms
[2020-12-25T00:05:32.202-0400][gc,phases      ] GC(385755)   Evacuate Collection Set: 3.5ms
[2020-12-25T00:05:32.202-0400][gc,phases      ] GC(385755)   Post Evacuate Collection Set: 1.5ms
[2020-12-25T00:05:32.202-0400][gc,phases      ] GC(385755)   Other: 0.9ms
[2020-12-25T00:05:32.203-0400][gc,heap        ] GC(385755) Eden regions: 9->0(9)
[2020-12-25T00:05:32.203-0400][gc,heap        ] GC(385755) Survivor regions: 1->1(2)
[2020-12-25T00:05:32.203-0400][gc,heap        ] GC(385755) Old regions: 47->47
[2020-12-25T00:05:32.203-0400][gc,heap        ] GC(385755) Humongous regions: 4->4
[2020-12-25T00:05:32.203-0400][gc,metaspace   ] GC(385755) Metaspace: 61020K->61020K(1107968K)
[2020-12-25T00:05:32.203-0400][gc,heap        ] GC(385755) Heap after GC invocations=385731 (full 11258): garbage-first heap   total 71680K, used 48862K [0x0000000083000000, 0x0000000100000000)
[2020-12-25T00:05:32.203-0400][gc,heap        ] GC(385755)   region size 1024K, 1 young (1024K), 1 survivors (1024K)
[2020-12-25T00:05:32.203-0400][gc,heap        ] GC(385755)  Metaspace       used 61020K, capacity 63721K, committed 64768K, reserved 1107968K
[2020-12-25T00:05:32.203-0400][gc,heap        ] GC(385755)   class space    used 5712K, capacity 6559K, committed 6912K, reserved 1048576K
[2020-12-25T00:05:32.203-0400][gc             ] GC(385755) Pause Young (Normal) (G1 Evacuation Pause) 56M->47M(70M) 6.404ms
[2020-12-25T00:05:32.203-0400][gc,cpu         ] GC(385755) User=0.01s Sys=0.01s Real=0.00s
[2020-12-25T00:06:02.146-0400][gc,heap        ] GC(385756) Heap before GC invocations=385731 (full 11258): garbage-first heap   total 71680K, used 57054K [0x0000000083000000, 0x0000000100000000)
[2020-12-25T00:06:02.146-0400][gc,heap        ] GC(385756)   region size 1024K, 10 young (10240K), 1 survivors (1024K)
[2020-12-25T00:06:02.146-0400][gc,heap        ] GC(385756)  Metaspace       used 61020K, capacity 63721K, committed 64768K, reserved 1107968K
[2020-12-25T00:06:02.146-0400][gc,heap        ] GC(385756)   class space    used 5712K, capacity 6559K, committed 6912K, reserved 1048576K
[2020-12-25T00:06:02.146-0400][gc,start       ] GC(385756) Pause Young (Normal) (G1 Evacuation Pause)
[2020-12-25T00:06:02.146-0400][gc,task        ] GC(385756) Using 4 workers of 4 for evacuation
[2020-12-25T00:06:02.152-0400][gc,phases      ] GC(385756)   Pre Evacuate Collection Set: 0.0ms
[2020-12-25T00:06:02.152-0400][gc,phases      ] GC(385756)   Evacuate Collection Set: 3.7ms
[2020-12-25T00:06:02.152-0400][gc,phases      ] GC(385756)   Post Evacuate Collection Set: 1.7ms
[2020-12-25T00:06:02.152-0400][gc,phases      ] GC(385756)   Other: 0.8ms
[2020-12-25T00:06:02.152-0400][gc,heap        ] GC(385756) Eden regions: 9->0(9)
[2020-12-25T00:06:02.152-0400][gc,heap        ] GC(385756) Survivor regions: 1->1(2)
[2020-12-25T00:06:02.153-0400][gc,heap        ] GC(385756) Old regions: 47->47
[2020-12-25T00:06:02.153-0400][gc,heap        ] GC(385756) Humongous regions: 4->4
[2020-12-25T00:06:02.153-0400][gc,metaspace   ] GC(385756) Metaspace: 61020K->61020K(1107968K)
[2020-12-25T00:06:02.153-0400][gc,heap        ] GC(385756) Heap after GC invocations=385732 (full 11258): garbage-first heap   total 71680K, used 48942K [0x0000000083000000, 0x0000000100000000)
[2020-12-25T00:06:02.153-0400][gc,heap        ] GC(385756)   region size 1024K, 1 young (1024K), 1 survivors (1024K)
[2020-12-25T00:06:02.153-0400][gc,heap        ] GC(385756)  Metaspace       used 61020K, capacity 63721K, committed 64768K, reserved 1107968K
[2020-12-25T00:06:02.153-0400][gc,heap        ] GC(385756)   class space    used 5712K, capacity 6559K, committed 6912K, reserved 1048576K
[2020-12-25T00:06:02.153-0400][gc             ] GC(385756) Pause Young (Normal) (G1 Evacuation Pause) 56M->47M(70M) 6.708ms
[2020-12-25T00:06:02.153-0400][gc,cpu         ] GC(385756) User=0.02s Sys=0.00s Real=0.00s
[2020-12-25T00:06:25.205-0400][gc,heap        ] GC(385757) Heap before GC invocations=385732 (full 11258): garbage-first heap   total 71680K, used 57134K [0x0000000083000000, 0x0000000100000000)
[2020-12-25T00:06:25.205-0400][gc,heap        ] GC(385757)   region size 1024K, 10 young (10240K), 1 survivors (1024K)
[2020-12-25T00:06:25.205-0400][gc,heap        ] GC(385757)  Metaspace       used 61020K, capacity 63721K, committed 64768K, reserved 1107968K
[2020-12-25T00:06:25.205-0400][gc,heap        ] GC(385757)   class space    used 5712K, capacity 6559K, committed 6912K, reserved 1048576K
[2020-12-25T00:06:25.205-0400][gc,start       ] GC(385757) Pause Young (Normal) (G1 Evacuation Pause)
[2020-12-25T00:06:25.205-0400][gc,task        ] GC(385757) Using 4 workers of 4 for evacuation
[2020-12-25T00:06:25.211-0400][gc,phases      ] GC(385757)   Pre Evacuate Collection Set: 0.0ms
[2020-12-25T00:06:25.211-0400][gc,phases      ] GC(385757)   Evacuate Collection Set: 3.4ms
[2020-12-25T00:06:25.211-0400][gc,phases      ] GC(385757)   Post Evacuate Collection Set: 1.7ms
[2020-12-25T00:06:25.211-0400][gc,phases      ] GC(385757)   Other: 0.9ms
[2020-12-25T00:06:25.211-0400][gc,heap        ] GC(385757) Eden regions: 9->0(9)
[2020-12-25T00:06:25.211-0400][gc,heap        ] GC(385757) Survivor regions: 1->1(2)
[2020-12-25T00:06:25.211-0400][gc,heap        ] GC(385757) Old regions: 47->47
[2020-12-25T00:06:25.211-0400][gc,heap        ] GC(385757) Humongous regions: 4->4
[2020-12-25T00:06:25.211-0400][gc,metaspace   ] GC(385757) Metaspace: 61020K->61020K(1107968K)
[2020-12-25T00:06:25.212-0400][gc,heap        ] GC(385757) Heap after GC invocations=385733 (full 11258): garbage-first heap   total 71680K, used 48917K [0x0000000083000000, 0x0000000100000000)
[2020-12-25T00:06:25.212-0400][gc,heap        ] GC(385757)   region size 1024K, 1 young (1024K), 1 survivors (1024K)
[2020-12-25T00:06:25.212-0400][gc,heap        ] GC(385757)  Metaspace       used 61020K, capacity 63721K, committed 64768K, reserved 1107968K
[2020-12-25T00:06:25.212-0400][gc,heap        ] GC(385757)   class space    used 5712K, capacity 6559K, committed 6912K, reserved 1048576K
[2020-12-25T00:06:25.212-0400][gc             ] GC(385757) Pause Young (Normal) (G1 Evacuation Pause) 56M->47M(70M) 6.453ms
[2020-12-25T00:06:25.212-0400][gc,cpu         ] GC(385757) User=0.02s Sys=0.00s Real=0.01s
[2020-12-25T00:06:50.924-0400][gc,task        ] GC(385758) Using 3 workers of 4 for full compaction
[2020-12-25T00:06:50.924-0400][gc,start       ] GC(385758) Pause Full (System.gc())
[2020-12-25T00:06:50.924-0400][gc,heap        ] GC(385758) Heap before GC invocations=385733 (full 11258): garbage-first heap   total 71680K, used 56085K [0x0000000083000000, 0x0000000100000000)
[2020-12-25T00:06:50.924-0400][gc,heap        ] GC(385758)   region size 1024K, 10 young (10240K), 1 survivors (1024K)
[2020-12-25T00:06:50.924-0400][gc,heap        ] GC(385758)  Metaspace       used 61020K, capacity 63721K, committed 64768K, reserved 1107968K
[2020-12-25T00:06:50.925-0400][gc,heap        ] GC(385758)   class space    used 5712K, capacity 6559K, committed 6912K, reserved 1048576K
[2020-12-25T00:06:50.929-0400][gc,phases,start] GC(385758) Phase 1: Mark live objects
[2020-12-25T00:06:51.073-0400][gc,stringtable ] GC(385758) Cleaned string and symbol table, strings: 32207 processed, 0 removed, symbols: 131451 processed, 0 removed
[2020-12-25T00:06:51.073-0400][gc,phases      ] GC(385758) Phase 1: Mark live objects 144.604ms
[2020-12-25T00:06:51.074-0400][gc,phases,start] GC(385758) Phase 2: Prepare for compaction
[2020-12-25T00:06:51.105-0400][gc,phases      ] GC(385758) Phase 2: Prepare for compaction 31.291ms
[2020-12-25T00:06:51.105-0400][gc,phases,start] GC(385758) Phase 3: Adjust pointers
[2020-12-25T00:06:51.182-0400][gc,phases      ] GC(385758) Phase 3: Adjust pointers 77.305ms
[2020-12-25T00:06:51.182-0400][gc,phases,start] GC(385758) Phase 4: Compact heap
[2020-12-25T00:06:51.206-0400][gc,phases      ] GC(385758) Phase 4: Compact heap 23.530ms
[2020-12-25T00:06:51.241-0400][gc,heap        ] GC(385758) Eden regions: 9->0(10)
[2020-12-25T00:06:51.241-0400][gc,heap        ] GC(385758) Survivor regions: 1->0(2)
[2020-12-25T00:06:51.241-0400][gc,heap        ] GC(385758) Old regions: 47->46
[2020-12-25T00:06:51.242-0400][gc,heap        ] GC(385758) Humongous regions: 4->4
[2020-12-25T00:06:51.242-0400][gc,metaspace   ] GC(385758) Metaspace: 61020K->61020K(1107968K)
[2020-12-25T00:06:51.242-0400][gc,heap        ] GC(385758) Heap after GC invocations=385734 (full 11259): garbage-first heap   total 71680K, used 48542K [0x0000000083000000, 0x0000000100000000)
[2020-12-25T00:06:51.242-0400][gc,heap        ] GC(385758)   region size 1024K, 0 young (0K), 0 survivors (0K)
[2020-12-25T00:06:51.242-0400][gc,heap        ] GC(385758)  Metaspace       used 61020K, capacity 63721K, committed 64768K, reserved 1107968K
[2020-12-25T00:06:51.242-0400][gc,heap        ] GC(385758)   class space    used 5712K, capacity 6559K, committed 6912K, reserved 1048576K
[2020-12-25T00:06:51.242-0400][gc             ] GC(385758) Pause Full (System.gc()) 56M->47M(70M) 317.826ms
[2020-12-25T00:06:51.242-0400][gc,cpu         ] GC(385758) User=0.53s Sys=0.32s Real=0.32s
[2020-12-25T00:07:13.992-0400][gc,heap        ] GC(385759) Heap before GC invocations=385734 (full 11259): garbage-first heap   total 71680K, used 57758K [0x0000000083000000, 0x0000000100000000)
[2020-12-25T00:07:13.993-0400][gc,heap        ] GC(385759)   region size 1024K, 10 young (10240K), 0 survivors (0K)
[2020-12-25T00:07:13.993-0400][gc,heap        ] GC(385759)  Metaspace       used 61020K, capacity 63721K, committed 64768K, reserved 1107968K
[2020-12-25T00:07:13.993-0400][gc,heap        ] GC(385759)   class space    used 5712K, capacity 6559K, committed 6912K, reserved 1048576K
[2020-12-25T00:07:13.993-0400][gc,start       ] GC(385759) Pause Young (Normal) (G1 Evacuation Pause)
[2020-12-25T00:07:13.993-0400][gc,task        ] GC(385759) Using 4 workers of 4 for evacuation
[2020-12-25T00:07:13.998-0400][gc,phases      ] GC(385759)   Pre Evacuate Collection Set: 0.0ms
[2020-12-25T00:07:13.998-0400][gc,phases      ] GC(385759)   Evacuate Collection Set: 2.9ms
[2020-12-25T00:07:13.998-0400][gc,phases      ] GC(385759)   Post Evacuate Collection Set: 1.8ms
[2020-12-25T00:07:13.998-0400][gc,phases      ] GC(385759)   Other: 0.9ms
[2020-12-25T00:07:13.998-0400][gc,heap        ] GC(385759) Eden regions: 10->0(10)
[2020-12-25T00:07:13.998-0400][gc,heap        ] GC(385759) Survivor regions: 0->1(2)
[2020-12-25T00:07:13.998-0400][gc,heap        ] GC(385759) Old regions: 46->46
[2020-12-25T00:07:13.998-0400][gc,heap        ] GC(385759) Humongous regions: 4->4
[2020-12-25T00:07:13.998-0400][gc,metaspace   ] GC(385759) Metaspace: 61020K->61020K(1107968K)
[2020-12-25T00:07:13.998-0400][gc,heap        ] GC(385759) Heap after GC invocations=385735 (full 11259): garbage-first heap   total 71680K, used 48818K [0x0000000083000000, 0x0000000100000000)
[2020-12-25T00:07:13.999-0400][gc,heap        ] GC(385759)   region size 1024K, 1 young (1024K), 1 survivors (1024K)
[2020-12-25T00:07:13.999-0400][gc,heap        ] GC(385759)  Metaspace       used 61020K, capacity 63721K, committed 64768K, reserved 1107968K
[2020-12-25T00:07:13.999-0400][gc,heap        ] GC(385759)   class space    used 5712K, capacity 6559K, committed 6912K, reserved 1048576K
[2020-12-25T00:07:13.999-0400][gc             ] GC(385759) Pause Young (Normal) (G1 Evacuation Pause) 57M->47M(70M) 6.137ms
[2020-12-25T00:07:13.999-0400][gc,cpu         ] GC(385759) User=0.00s Sys=0.01s Real=0.01s
[2020-12-25T00:07:54.323-0400][gc,heap        ] GC(385760) Heap before GC invocations=385735 (full 11259): garbage-first heap   total 71680K, used 58034K [0x0000000083000000, 0x0000000100000000)
[2020-12-25T00:07:54.324-0400][gc,heap        ] GC(385760)   region size 1024K, 11 young (11264K), 1 survivors (1024K)
[2020-12-25T00:07:54.324-0400][gc,heap        ] GC(385760)  Metaspace       used 61020K, capacity 63721K, committed 64768K, reserved 1107968K
[2020-12-25T00:07:54.324-0400][gc,heap        ] GC(385760)   class space    used 5712K, capacity 6559K, committed 6912K, reserved 1048576K
[2020-12-25T00:07:54.324-0400][gc,start       ] GC(385760) Pause Young (Normal) (G1 Evacuation Pause)
[2020-12-25T00:07:54.324-0400][gc,task        ] GC(385760) Using 4 workers of 4 for evacuation
[2020-12-25T00:07:54.329-0400][gc,phases      ] GC(385760)   Pre Evacuate Collection Set: 0.0ms
[2020-12-25T00:07:54.329-0400][gc,phases      ] GC(385760)   Evacuate Collection Set: 3.2ms
[2020-12-25T00:07:54.329-0400][gc,phases      ] GC(385760)   Post Evacuate Collection Set: 1.5ms
[2020-12-25T00:07:54.329-0400][gc,phases      ] GC(385760)   Other: 0.9ms
[2020-12-25T00:07:54.329-0400][gc,heap        ] GC(385760) Eden regions: 10->0(10)
[2020-12-25T00:07:54.329-0400][gc,heap        ] GC(385760) Survivor regions: 1->1(2)
[2020-12-25T00:07:54.329-0400][gc,heap        ] GC(385760) Old regions: 46->46
[2020-12-25T00:07:54.329-0400][gc,heap        ] GC(385760) Humongous regions: 4->4
[2020-12-25T00:07:54.330-0400][gc,metaspace   ] GC(385760) Metaspace: 61020K->61020K(1107968K)
[2020-12-25T00:07:54.330-0400][gc,heap        ] GC(385760) Heap after GC invocations=385736 (full 11259): garbage-first heap   total 71680K, used 48823K [0x0000000083000000, 0x0000000100000000)
[2020-12-25T00:07:54.330-0400][gc,heap        ] GC(385760)   region size 1024K, 1 young (1024K), 1 survivors (1024K)
[2020-12-25T00:07:54.330-0400][gc,heap        ] GC(385760)  Metaspace       used 61020K, capacity 63721K, committed 64768K, reserved 1107968K
[2020-12-25T00:07:54.330-0400][gc,heap        ] GC(385760)   class space    used 5712K, capacity 6559K, committed 6912K, reserved 1048576K
[2020-12-25T00:07:54.330-0400][gc             ] GC(385760) Pause Young (Normal) (G1 Evacuation Pause) 57M->47M(70M) 5.955ms
[2020-12-25T00:07:54.330-0400][gc,cpu         ] GC(385760) User=0.02s Sys=0.00s Real=0.01s
[2020-12-25T00:08:09.641-0400][gc,heap        ] GC(385761) Heap before GC invocations=385736 (full 11259): garbage-first heap   total 71680K, used 58039K [0x0000000083000000, 0x0000000100000000)
[2020-12-25T00:08:09.641-0400][gc,heap        ] GC(385761)   region size 1024K, 11 young (11264K), 1 survivors (1024K)
[2020-12-25T00:08:09.641-0400][gc,heap        ] GC(385761)  Metaspace       used 61020K, capacity 63721K, committed 64768K, reserved 1107968K
[2020-12-25T00:08:09.641-0400][gc,heap        ] GC(385761)   class space    used 5712K, capacity 6559K, committed 6912K, reserved 1048576K
[2020-12-25T00:08:09.641-0400][gc,start       ] GC(385761) Pause Young (Normal) (G1 Evacuation Pause)
[2020-12-25T00:08:09.641-0400][gc,task        ] GC(385761) Using 4 workers of 4 for evacuation
[2020-12-25T00:08:09.647-0400][gc,phases      ] GC(385761)   Pre Evacuate Collection Set: 0.0ms
[2020-12-25T00:08:09.647-0400][gc,phases      ] GC(385761)   Evacuate Collection Set: 3.1ms
[2020-12-25T00:08:09.647-0400][gc,phases      ] GC(385761)   Post Evacuate Collection Set: 1.7ms
[2020-12-25T00:08:09.647-0400][gc,phases      ] GC(385761)   Other: 0.9ms
[2020-12-25T00:08:09.647-0400][gc,heap        ] GC(385761) Eden regions: 10->0(10)
[2020-12-25T00:08:09.647-0400][gc,heap        ] GC(385761) Survivor regions: 1->1(2)
[2020-12-25T00:08:09.647-0400][gc,heap        ] GC(385761) Old regions: 46->46
[2020-12-25T00:08:09.647-0400][gc,heap        ] GC(385761) Humongous regions: 4->4
[2020-12-25T00:08:09.647-0400][gc,metaspace   ] GC(385761) Metaspace: 61020K->61020K(1107968K)
[2020-12-25T00:08:09.647-0400][gc,heap        ] GC(385761) Heap after GC invocations=385737 (full 11259): garbage-first heap   total 71680K, used 48851K [0x0000000083000000, 0x0000000100000000)
[2020-12-25T00:08:09.647-0400][gc,heap        ] GC(385761)   region size 1024K, 1 young (1024K), 1 survivors (1024K)
[2020-12-25T00:08:09.647-0400][gc,heap        ] GC(385761)  Metaspace       used 61020K, capacity 63721K, committed 64768K, reserved 1107968K
[2020-12-25T00:08:09.647-0400][gc,heap        ] GC(385761)   class space    used 5712K, capacity 6559K, committed 6912K, reserved 1048576K
[2020-12-25T00:08:09.648-0400][gc             ] GC(385761) Pause Young (Normal) (G1 Evacuation Pause) 57M->47M(70M) 6.148ms
[2020-12-25T00:08:09.648-0400][gc,cpu         ] GC(385761) User=0.02s Sys=0.00s Real=0.01s
[2020-12-25T00:08:43.638-0400][gc,heap        ] GC(385762) Heap before GC invocations=385737 (full 11259): garbage-first heap   total 71680K, used 58067K [0x0000000083000000, 0x0000000100000000)
[2020-12-25T00:08:43.638-0400][gc,heap        ] GC(385762)   region size 1024K, 11 young (11264K), 1 survivors (1024K)
[2020-12-25T00:08:43.638-0400][gc,heap        ] GC(385762)  Metaspace       used 61020K, capacity 63721K, committed 64768K, reserved 1107968K
[2020-12-25T00:08:43.638-0400][gc,heap        ] GC(385762)   class space    used 5712K, capacity 6559K, committed 6912K, reserved 1048576K
[2020-12-25T00:08:43.638-0400][gc,start       ] GC(385762) Pause Young (Normal) (G1 Evacuation Pause)
[2020-12-25T00:08:43.638-0400][gc,task        ] GC(385762) Using 4 workers of 4 for evacuation
[2020-12-25T00:08:43.644-0400][gc,phases      ] GC(385762)   Pre Evacuate Collection Set: 0.1ms
[2020-12-25T00:08:43.644-0400][gc,phases      ] GC(385762)   Evacuate Collection Set: 3.4ms
[2020-12-25T00:08:43.644-0400][gc,phases      ] GC(385762)   Post Evacuate Collection Set: 1.4ms
[2020-12-25T00:08:43.644-0400][gc,phases      ] GC(385762)   Other: 0.8ms
[2020-12-25T00:08:43.644-0400][gc,heap        ] GC(385762) Eden regions: 10->0(10)
[2020-12-25T00:08:43.644-0400][gc,heap        ] GC(385762) Survivor regions: 1->1(2)
[2020-12-25T00:08:43.644-0400][gc,heap        ] GC(385762) Old regions: 46->46
[2020-12-25T00:08:43.644-0400][gc,heap        ] GC(385762) Humongous regions: 4->4
[2020-12-25T00:08:43.644-0400][gc,metaspace   ] GC(385762) Metaspace: 61020K->61020K(1107968K)
[2020-12-25T00:08:43.644-0400][gc,heap        ] GC(385762) Heap after GC invocations=385738 (full 11259): garbage-first heap   total 71680K, used 48858K [0x0000000083000000, 0x0000000100000000)
[2020-12-25T00:08:43.644-0400][gc,heap        ] GC(385762)   region size 1024K, 1 young (1024K), 1 survivors (1024K)
[2020-12-25T00:08:43.644-0400][gc,heap        ] GC(385762)  Metaspace       used 61020K, capacity 63721K, committed 64768K, reserved 1107968K
[2020-12-25T00:08:43.644-0400][gc,heap        ] GC(385762)   class space    used 5712K, capacity 6559K, committed 6912K, reserved 1048576K
[2020-12-25T00:08:43.644-0400][gc             ] GC(385762) Pause Young (Normal) (G1 Evacuation Pause) 57M->47M(70M) 6.129ms
[2020-12-25T00:08:43.645-0400][gc,cpu         ] GC(385762) User=0.00s Sys=0.00s Real=0.00s
[2020-12-25T00:09:07.128-0400][gc,heap        ] GC(385763) Heap before GC invocations=385738 (full 11259): garbage-first heap   total 71680K, used 58074K [0x0000000083000000, 0x0000000100000000)
[2020-12-25T00:09:07.128-0400][gc,heap        ] GC(385763)   region size 1024K, 11 young (11264K), 1 survivors (1024K)
[2020-12-25T00:09:07.128-0400][gc,heap        ] GC(385763)  Metaspace       used 61020K, capacity 63721K, committed 64768K, reserved 1107968K
[2020-12-25T00:09:07.128-0400][gc,heap        ] GC(385763)   class space    used 5712K, capacity 6559K, committed 6912K, reserved 1048576K
[2020-12-25T00:09:07.128-0400][gc,start       ] GC(385763) Pause Young (Normal) (G1 Evacuation Pause)
[2020-12-25T00:09:07.128-0400][gc,task        ] GC(385763) Using 4 workers of 4 for evacuation
[2020-12-25T00:09:07.134-0400][gc,phases      ] GC(385763)   Pre Evacuate Collection Set: 0.0ms
[2020-12-25T00:09:07.134-0400][gc,phases      ] GC(385763)   Evacuate Collection Set: 3.7ms
[2020-12-25T00:09:07.134-0400][gc,phases      ] GC(385763)   Post Evacuate Collection Set: 1.7ms
[2020-12-25T00:09:07.134-0400][gc,phases      ] GC(385763)   Other: 0.9ms
[2020-12-25T00:09:07.134-0400][gc,heap        ] GC(385763) Eden regions: 10->0(10)
[2020-12-25T00:09:07.134-0400][gc,heap        ] GC(385763) Survivor regions: 1->1(2)
[2020-12-25T00:09:07.135-0400][gc,heap        ] GC(385763) Old regions: 46->46
[2020-12-25T00:09:07.135-0400][gc,heap        ] GC(385763) Humongous regions: 4->4
[2020-12-25T00:09:07.135-0400][gc,metaspace   ] GC(385763) Metaspace: 61020K->61020K(1107968K)
[2020-12-25T00:09:07.135-0400][gc,heap        ] GC(385763) Heap after GC invocations=385739 (full 11259): garbage-first heap   total 71680K, used 49024K [0x0000000083000000, 0x0000000100000000)
[2020-12-25T00:09:07.135-0400][gc,heap        ] GC(385763)   region size 1024K, 1 young (1024K), 1 survivors (1024K)
[2020-12-25T00:09:07.135-0400][gc,heap        ] GC(385763)  Metaspace       used 61020K, capacity 63721K, committed 64768K, reserved 1107968K
[2020-12-25T00:09:07.135-0400][gc,heap        ] GC(385763)   class space    used 5712K, capacity 6559K, committed 6912K, reserved 1048576K
[2020-12-25T00:09:07.135-0400][gc             ] GC(385763) Pause Young (Normal) (G1 Evacuation Pause) 57M->47M(70M) 6.655ms
[2020-12-25T00:09:07.135-0400][gc,cpu         ] GC(385763) User=0.01s Sys=0.00s Real=0.00s
[2020-12-25T00:09:37.557-0400][gc,heap        ] GC(385764) Heap before GC invocations=385739 (full 11259): garbage-first heap   total 71680K, used 58240K [0x0000000083000000, 0x0000000100000000)
[2020-12-25T00:09:37.557-0400][gc,heap        ] GC(385764)   region size 1024K, 11 young (11264K), 1 survivors (1024K)
[2020-12-25T00:09:37.557-0400][gc,heap        ] GC(385764)  Metaspace       used 61020K, capacity 63721K, committed 64768K, reserved 1107968K
[2020-12-25T00:09:37.557-0400][gc,heap        ] GC(385764)   class space    used 5712K, capacity 6559K, committed 6912K, reserved 1048576K
[2020-12-25T00:09:37.557-0400][gc,start       ] GC(385764) Pause Young (Normal) (G1 Evacuation Pause)
[2020-12-25T00:09:37.557-0400][gc,task        ] GC(385764) Using 4 workers of 4 for evacuation
[2020-12-25T00:09:37.563-0400][gc,phases      ] GC(385764)   Pre Evacuate Collection Set: 0.1ms
[2020-12-25T00:09:37.563-0400][gc,phases      ] GC(385764)   Evacuate Collection Set: 3.7ms
[2020-12-25T00:09:37.563-0400][gc,phases      ] GC(385764)   Post Evacuate Collection Set: 1.4ms
[2020-12-25T00:09:37.563-0400][gc,phases      ] GC(385764)   Other: 0.8ms
[2020-12-25T00:09:37.563-0400][gc,heap        ] GC(385764) Eden regions: 10->0(10)
[2020-12-25T00:09:37.563-0400][gc,heap        ] GC(385764) Survivor regions: 1->1(2)
[2020-12-25T00:09:37.563-0400][gc,heap        ] GC(385764) Old regions: 46->46
[2020-12-25T00:09:37.563-0400][gc,heap        ] GC(385764) Humongous regions: 4->4
[2020-12-25T00:09:37.563-0400][gc,metaspace   ] GC(385764) Metaspace: 61020K->61020K(1107968K)
[2020-12-25T00:09:37.563-0400][gc,heap        ] GC(385764) Heap after GC invocations=385740 (full 11259): garbage-first heap   total 71680K, used 49023K [0x0000000083000000, 0x0000000100000000)
[2020-12-25T00:09:37.563-0400][gc,heap        ] GC(385764)   region size 1024K, 1 young (1024K), 1 survivors (1024K)
[2020-12-25T00:09:37.564-0400][gc,heap        ] GC(385764)  Metaspace       used 61020K, capacity 63721K, committed 64768K, reserved 1107968K
[2020-12-25T00:09:37.564-0400][gc,heap        ] GC(385764)   class space    used 5712K, capacity 6559K, committed 6912K, reserved 1048576K
[2020-12-25T00:09:37.564-0400][gc             ] GC(385764) Pause Young (Normal) (G1 Evacuation Pause) 57M->47M(70M) 6.375ms
[2020-12-25T00:09:37.564-0400][gc,cpu         ] GC(385764) User=0.01s Sys=0.01s Real=0.00s
[2020-12-25T00:10:07.414-0400][gc,heap        ] GC(385765) Heap before GC invocations=385740 (full 11259): garbage-first heap   total 71680K, used 58239K [0x0000000083000000, 0x0000000100000000)
[2020-12-25T00:10:07.414-0400][gc,heap        ] GC(385765)   region size 1024K, 11 young (11264K), 1 survivors (1024K)
[2020-12-25T00:10:07.414-0400][gc,heap        ] GC(385765)  Metaspace       used 61020K, capacity 63721K, committed 64768K, reserved 1107968K
[2020-12-25T00:10:07.414-0400][gc,heap        ] GC(385765)   class space    used 5712K, capacity 6559K, committed 6912K, reserved 1048576K
[2020-12-25T00:10:07.414-0400][gc,start       ] GC(385765) Pause Young (Normal) (G1 Evacuation Pause)
[2020-12-25T00:10:07.414-0400][gc,task        ] GC(385765) Using 4 workers of 4 for evacuation
[2020-12-25T00:10:07.424-0400][gc,phases      ] GC(385765)   Pre Evacuate Collection Set: 0.1ms
[2020-12-25T00:10:07.424-0400][gc,phases      ] GC(385765)   Evacuate Collection Set: 4.6ms
[2020-12-25T00:10:07.424-0400][gc,phases      ] GC(385765)   Post Evacuate Collection Set: 4.1ms
[2020-12-25T00:10:07.424-0400][gc,phases      ] GC(385765)   Other: 0.9ms
[2020-12-25T00:10:07.424-0400][gc,heap        ] GC(385765) Eden regions: 10->0(10)
[2020-12-25T00:10:07.424-0400][gc,heap        ] GC(385765) Survivor regions: 1->1(2)
[2020-12-25T00:10:07.424-0400][gc,heap        ] GC(385765) Old regions: 46->46
[2020-12-25T00:10:07.424-0400][gc,heap        ] GC(385765) Humongous regions: 4->4
[2020-12-25T00:10:07.424-0400][gc,metaspace   ] GC(385765) Metaspace: 61020K->61020K(1107968K)
[2020-12-25T00:10:07.424-0400][gc,heap        ] GC(385765) Heap after GC invocations=385741 (full 11259): garbage-first heap   total 71680K, used 49047K [0x0000000083000000, 0x0000000100000000)
[2020-12-25T00:10:07.424-0400][gc,heap        ] GC(385765)   region size 1024K, 1 young (1024K), 1 survivors (1024K)
[2020-12-25T00:10:07.424-0400][gc,heap        ] GC(385765)  Metaspace       used 61020K, capacity 63721K, committed 64768K, reserved 1107968K
[2020-12-25T00:10:07.424-0400][gc,heap        ] GC(385765)   class space    used 5712K, capacity 6559K, committed 6912K, reserved 1048576K
[2020-12-25T00:10:07.424-0400][gc             ] GC(385765) Pause Young (Normal) (G1 Evacuation Pause) 57M->47M(70M) 10.077ms
[2020-12-25T00:10:07.425-0400][gc,cpu         ] GC(385765) User=0.03s Sys=0.00s Real=0.01s
[2020-12-25T00:10:24.014-0400][gc,heap        ] GC(385766) Heap before GC invocations=385741 (full 11259): garbage-first heap   total 71680K, used 58263K [0x0000000083000000, 0x0000000100000000)
[2020-12-25T00:10:24.014-0400][gc,heap        ] GC(385766)   region size 1024K, 11 young (11264K), 1 survivors (1024K)
[2020-12-25T00:10:24.014-0400][gc,heap        ] GC(385766)  Metaspace       used 61020K, capacity 63721K, committed 64768K, reserved 1107968K
[2020-12-25T00:10:24.014-0400][gc,heap        ] GC(385766)   class space    used 5712K, capacity 6559K, committed 6912K, reserved 1048576K
[2020-12-25T00:10:24.015-0400][gc,start       ] GC(385766) Pause Young (Normal) (G1 Evacuation Pause)
[2020-12-25T00:10:24.015-0400][gc,task        ] GC(385766) Using 4 workers of 4 for evacuation
[2020-12-25T00:10:24.021-0400][gc,phases      ] GC(385766)   Pre Evacuate Collection Set: 0.0ms
[2020-12-25T00:10:24.021-0400][gc,phases      ] GC(385766)   Evacuate Collection Set: 4.2ms
[2020-12-25T00:10:24.021-0400][gc,phases      ] GC(385766)   Post Evacuate Collection Set: 1.9ms
[2020-12-25T00:10:24.021-0400][gc,phases      ] GC(385766)   Other: 0.9ms
[2020-12-25T00:10:24.021-0400][gc,heap        ] GC(385766) Eden regions: 10->0(10)
[2020-12-25T00:10:24.021-0400][gc,heap        ] GC(385766) Survivor regions: 1->1(2)
[2020-12-25T00:10:24.022-0400][gc,heap        ] GC(385766) Old regions: 46->46
[2020-12-25T00:10:24.022-0400][gc,heap        ] GC(385766) Humongous regions: 4->4
[2020-12-25T00:10:24.022-0400][gc,metaspace   ] GC(385766) Metaspace: 61020K->61020K(1107968K)
[2020-12-25T00:10:24.022-0400][gc,heap        ] GC(385766) Heap after GC invocations=385742 (full 11259): garbage-first heap   total 71680K, used 48964K [0x0000000083000000, 0x0000000100000000)
[2020-12-25T00:10:24.022-0400][gc,heap        ] GC(385766)   region size 1024K, 1 young (1024K), 1 survivors (1024K)
[2020-12-25T00:10:24.022-0400][gc,heap        ] GC(385766)  Metaspace       used 61020K, capacity 63721K, committed 64768K, reserved 1107968K
[2020-12-25T00:10:24.022-0400][gc,heap        ] GC(385766)   class space    used 5712K, capacity 6559K, committed 6912K, reserved 1048576K
[2020-12-25T00:10:24.022-0400][gc             ] GC(385766) Pause Young (Normal) (G1 Evacuation Pause) 57M->47M(70M) 7.451ms
[2020-12-25T00:10:24.022-0400][gc,cpu         ] GC(385766) User=0.02s Sys=0.00s Real=0.01s
[2020-12-25T00:10:59.425-0400][gc,heap        ] GC(385767) Heap before GC invocations=385742 (full 11259): garbage-first heap   total 71680K, used 58180K [0x0000000083000000, 0x0000000100000000)
[2020-12-25T00:10:59.425-0400][gc,heap        ] GC(385767)   region size 1024K, 11 young (11264K), 1 survivors (1024K)
[2020-12-25T00:10:59.425-0400][gc,heap        ] GC(385767)  Metaspace       used 61020K, capacity 63721K, committed 64768K, reserved 1107968K
[2020-12-25T00:10:59.425-0400][gc,heap        ] GC(385767)   class space    used 5712K, capacity 6559K, committed 6912K, reserved 1048576K
[2020-12-25T00:10:59.425-0400][gc,start       ] GC(385767) Pause Young (Normal) (G1 Evacuation Pause)
[2020-12-25T00:10:59.425-0400][gc,task        ] GC(385767) Using 4 workers of 4 for evacuation
[2020-12-25T00:10:59.431-0400][gc,phases      ] GC(385767)   Pre Evacuate Collection Set: 0.0ms
[2020-12-25T00:10:59.431-0400][gc,phases      ] GC(385767)   Evacuate Collection Set: 3.5ms
[2020-12-25T00:10:59.431-0400][gc,phases      ] GC(385767)   Post Evacuate Collection Set: 1.5ms
[2020-12-25T00:10:59.431-0400][gc,phases      ] GC(385767)   Other: 0.9ms
[2020-12-25T00:10:59.431-0400][gc,heap        ] GC(385767) Eden regions: 10->0(10)
[2020-12-25T00:10:59.431-0400][gc,heap        ] GC(385767) Survivor regions: 1->1(2)
[2020-12-25T00:10:59.431-0400][gc,heap        ] GC(385767) Old regions: 46->46
[2020-12-25T00:10:59.431-0400][gc,heap        ] GC(385767) Humongous regions: 4->4
[2020-12-25T00:10:59.431-0400][gc,metaspace   ] GC(385767) Metaspace: 61020K->61020K(1107968K)
[2020-12-25T00:10:59.431-0400][gc,heap        ] GC(385767) Heap after GC invocations=385743 (full 11259): garbage-first heap   total 71680K, used 48981K [0x0000000083000000, 0x0000000100000000)
[2020-12-25T00:10:59.432-0400][gc,heap        ] GC(385767)   region size 1024K, 1 young (1024K), 1 survivors (1024K)
[2020-12-25T00:10:59.432-0400][gc,heap        ] GC(385767)  Metaspace       used 61020K, capacity 63721K, committed 64768K, reserved 1107968K
[2020-12-25T00:10:59.432-0400][gc,heap        ] GC(385767)   class space    used 5712K, capacity 6559K, committed 6912K, reserved 1048576K
[2020-12-25T00:10:59.432-0400][gc             ] GC(385767) Pause Young (Normal) (G1 Evacuation Pause) 57M->47M(70M) 6.322ms
[2020-12-25T00:10:59.432-0400][gc,cpu         ] GC(385767) User=0.01s Sys=0.01s Real=0.01s
[2020-12-25T00:11:28.790-0400][gc,heap        ] GC(385768) Heap before GC invocations=385743 (full 11259): garbage-first heap   total 71680K, used 58197K [0x0000000083000000, 0x0000000100000000)
[2020-12-25T00:11:28.790-0400][gc,heap        ] GC(385768)   region size 1024K, 11 young (11264K), 1 survivors (1024K)
[2020-12-25T00:11:28.790-0400][gc,heap        ] GC(385768)  Metaspace       used 61020K, capacity 63721K, committed 64768K, reserved 1107968K
[2020-12-25T00:11:28.790-0400][gc,heap        ] GC(385768)   class space    used 5712K, capacity 6559K, committed 6912K, reserved 1048576K
[2020-12-25T00:11:28.790-0400][gc,start       ] GC(385768) Pause Young (Normal) (G1 Evacuation Pause)
[2020-12-25T00:11:28.790-0400][gc,task        ] GC(385768) Using 4 workers of 4 for evacuation
[2020-12-25T00:11:28.796-0400][gc,phases      ] GC(385768)   Pre Evacuate Collection Set: 0.0ms
[2020-12-25T00:11:28.796-0400][gc,phases      ] GC(385768)   Evacuate Collection Set: 3.6ms
[2020-12-25T00:11:28.797-0400][gc,phases      ] GC(385768)   Post Evacuate Collection Set: 2.0ms
[2020-12-25T00:11:28.797-0400][gc,phases      ] GC(385768)   Other: 0.8ms
[2020-12-25T00:11:28.797-0400][gc,heap        ] GC(385768) Eden regions: 10->0(10)
[2020-12-25T00:11:28.797-0400][gc,heap        ] GC(385768) Survivor regions: 1->1(2)
[2020-12-25T00:11:28.797-0400][gc,heap        ] GC(385768) Old regions: 46->46
[2020-12-25T00:11:28.797-0400][gc,heap        ] GC(385768) Humongous regions: 4->4
[2020-12-25T00:11:28.797-0400][gc,metaspace   ] GC(385768) Metaspace: 61020K->61020K(1107968K)
[2020-12-25T00:11:28.797-0400][gc,heap        ] GC(385768) Heap after GC invocations=385744 (full 11259): garbage-first heap   total 71680K, used 49032K [0x0000000083000000, 0x0000000100000000)
[2020-12-25T00:11:28.797-0400][gc,heap        ] GC(385768)   region size 1024K, 1 young (1024K), 1 survivors (1024K)
[2020-12-25T00:11:28.797-0400][gc,heap        ] GC(385768)  Metaspace       used 61020K, capacity 63721K, committed 64768K, reserved 1107968K
[2020-12-25T00:11:28.797-0400][gc,heap        ] GC(385768)   class space    used 5712K, capacity 6559K, committed 6912K, reserved 1048576K
[2020-12-25T00:11:28.797-0400][gc             ] GC(385768) Pause Young (Normal) (G1 Evacuation Pause) 57M->47M(70M) 6.960ms
[2020-12-25T00:11:28.797-0400][gc,cpu         ] GC(385768) User=0.01s Sys=0.02s Real=0.01s
[2020-12-25T00:11:50.924-0400][gc,task        ] GC(385769) Using 3 workers of 4 for full compaction
[2020-12-25T00:11:50.924-0400][gc,start       ] GC(385769) Pause Full (System.gc())
[2020-12-25T00:11:50.924-0400][gc,heap        ] GC(385769) Heap before GC invocations=385744 (full 11259): garbage-first heap   total 71680K, used 53128K [0x0000000083000000, 0x0000000100000000)
[2020-12-25T00:11:50.924-0400][gc,heap        ] GC(385769)   region size 1024K, 7 young (7168K), 1 survivors (1024K)
[2020-12-25T00:11:50.924-0400][gc,heap        ] GC(385769)  Metaspace       used 61020K, capacity 63721K, committed 64768K, reserved 1107968K
[2020-12-25T00:11:50.925-0400][gc,heap        ] GC(385769)   class space    used 5712K, capacity 6559K, committed 6912K, reserved 1048576K
[2020-12-25T00:11:50.927-0400][gc,phases,start] GC(385769) Phase 1: Mark live objects
[2020-12-25T00:11:51.068-0400][gc,stringtable ] GC(385769) Cleaned string and symbol table, strings: 32207 processed, 0 removed, symbols: 131451 processed, 0 removed
[2020-12-25T00:11:51.068-0400][gc,phases      ] GC(385769) Phase 1: Mark live objects 141.155ms
[2020-12-25T00:11:51.068-0400][gc,phases,start] GC(385769) Phase 2: Prepare for compaction
[2020-12-25T00:11:51.100-0400][gc,phases      ] GC(385769) Phase 2: Prepare for compaction 31.857ms
[2020-12-25T00:11:51.100-0400][gc,phases,start] GC(385769) Phase 3: Adjust pointers
[2020-12-25T00:11:51.179-0400][gc,phases      ] GC(385769) Phase 3: Adjust pointers 78.450ms
[2020-12-25T00:11:51.179-0400][gc,phases,start] GC(385769) Phase 4: Compact heap
[2020-12-25T00:11:51.201-0400][gc,phases      ] GC(385769) Phase 4: Compact heap 21.917ms
[2020-12-25T00:11:51.236-0400][gc,heap        ] GC(385769) Eden regions: 6->0(10)
[2020-12-25T00:11:51.236-0400][gc,heap        ] GC(385769) Survivor regions: 1->0(2)
[2020-12-25T00:11:51.236-0400][gc,heap        ] GC(385769) Old regions: 46->47
[2020-12-25T00:11:51.236-0400][gc,heap        ] GC(385769) Humongous regions: 4->4
[2020-12-25T00:11:51.236-0400][gc,metaspace   ] GC(385769) Metaspace: 61020K->61020K(1107968K)
[2020-12-25T00:11:51.236-0400][gc,heap        ] GC(385769) Heap after GC invocations=385745 (full 11260): garbage-first heap   total 71680K, used 48418K [0x0000000083000000, 0x0000000100000000)
[2020-12-25T00:11:51.236-0400][gc,heap        ] GC(385769)   region size 1024K, 0 young (0K), 0 survivors (0K)
[2020-12-25T00:11:51.236-0400][gc,heap        ] GC(385769)  Metaspace       used 61020K, capacity 63721K, committed 64768K, reserved 1107968K
[2020-12-25T00:11:51.236-0400][gc,heap        ] GC(385769)   class space    used 5712K, capacity 6559K, committed 6912K, reserved 1048576K
[2020-12-25T00:11:51.236-0400][gc             ] GC(385769) Pause Full (System.gc()) 53M->47M(70M) 311.856ms
[2020-12-25T00:11:51.236-0400][gc,cpu         ] GC(385769) User=0.83s Sys=0.00s Real=0.32s
[2020-12-25T00:12:17.391-0400][gc,heap        ] GC(385770) Heap before GC invocations=385745 (full 11260): garbage-first heap   total 71680K, used 57634K [0x0000000083000000, 0x0000000100000000)
[2020-12-25T00:12:17.391-0400][gc,heap        ] GC(385770)   region size 1024K, 10 young (10240K), 0 survivors (0K)
[2020-12-25T00:12:17.391-0400][gc,heap        ] GC(385770)  Metaspace       used 61020K, capacity 63721K, committed 64768K, reserved 1107968K
[2020-12-25T00:12:17.391-0400][gc,heap        ] GC(385770)   class space    used 5712K, capacity 6559K, committed 6912K, reserved 1048576K
[2020-12-25T00:12:17.391-0400][gc,start       ] GC(385770) Pause Young (Normal) (G1 Evacuation Pause)
[2020-12-25T00:12:17.391-0400][gc,task        ] GC(385770) Using 4 workers of 4 for evacuation
[2020-12-25T00:12:17.397-0400][gc,phases      ] GC(385770)   Pre Evacuate Collection Set: 0.0ms
[2020-12-25T00:12:17.397-0400][gc,phases      ] GC(385770)   Evacuate Collection Set: 2.9ms
[2020-12-25T00:12:17.397-0400][gc,phases      ] GC(385770)   Post Evacuate Collection Set: 1.8ms
[2020-12-25T00:12:17.397-0400][gc,phases      ] GC(385770)   Other: 0.9ms
[2020-12-25T00:12:17.397-0400][gc,heap        ] GC(385770) Eden regions: 10->0(10)
[2020-12-25T00:12:17.397-0400][gc,heap        ] GC(385770) Survivor regions: 0->1(2)
[2020-12-25T00:12:17.397-0400][gc,heap        ] GC(385770) Old regions: 47->47
[2020-12-25T00:12:17.397-0400][gc,heap        ] GC(385770) Humongous regions: 4->4
[2020-12-25T00:12:17.397-0400][gc,metaspace   ] GC(385770) Metaspace: 61020K->61020K(1107968K)
[2020-12-25T00:12:17.397-0400][gc,heap        ] GC(385770) Heap after GC invocations=385746 (full 11260): garbage-first heap   total 71680K, used 48696K [0x0000000083000000, 0x0000000100000000)
[2020-12-25T00:12:17.397-0400][gc,heap        ] GC(385770)   region size 1024K, 1 young (1024K), 1 survivors (1024K)
[2020-12-25T00:12:17.397-0400][gc,heap        ] GC(385770)  Metaspace       used 61020K, capacity 63721K, committed 64768K, reserved 1107968K
[2020-12-25T00:12:17.397-0400][gc,heap        ] GC(385770)   class space    used 5712K, capacity 6559K, committed 6912K, reserved 1048576K
[2020-12-25T00:12:17.397-0400][gc             ] GC(385770) Pause Young (Normal) (G1 Evacuation Pause) 57M->47M(70M) 6.006ms
[2020-12-25T00:12:17.398-0400][gc,cpu         ] GC(385770) User=0.01s Sys=0.00s Real=0.01s
[2020-12-25T00:12:52.937-0400][gc,heap        ] GC(385771) Heap before GC invocations=385746 (full 11260): garbage-first heap   total 71680K, used 58936K [0x0000000083000000, 0x0000000100000000)
[2020-12-25T00:12:52.937-0400][gc,heap        ] GC(385771)   region size 1024K, 11 young (11264K), 1 survivors (1024K)
[2020-12-25T00:12:52.937-0400][gc,heap        ] GC(385771)  Metaspace       used 61020K, capacity 63721K, committed 64768K, reserved 1107968K
[2020-12-25T00:12:52.937-0400][gc,heap        ] GC(385771)   class space    used 5712K, capacity 6559K, committed 6912K, reserved 1048576K
[2020-12-25T00:12:52.937-0400][gc,start       ] GC(385771) Pause Young (Normal) (G1 Evacuation Pause)
[2020-12-25T00:12:52.938-0400][gc,task        ] GC(385771) Using 4 workers of 4 for evacuation
[2020-12-25T00:12:52.943-0400][gc,phases      ] GC(385771)   Pre Evacuate Collection Set: 0.0ms
[2020-12-25T00:12:52.943-0400][gc,phases      ] GC(385771)   Evacuate Collection Set: 3.2ms
[2020-12-25T00:12:52.943-0400][gc,phases      ] GC(385771)   Post Evacuate Collection Set: 1.6ms
[2020-12-25T00:12:52.943-0400][gc,phases      ] GC(385771)   Other: 0.9ms
[2020-12-25T00:12:52.943-0400][gc,heap        ] GC(385771) Eden regions: 10->0(10)
[2020-12-25T00:12:52.943-0400][gc,heap        ] GC(385771) Survivor regions: 1->1(2)
[2020-12-25T00:12:52.943-0400][gc,heap        ] GC(385771) Old regions: 47->47
[2020-12-25T00:12:52.943-0400][gc,heap        ] GC(385771) Humongous regions: 4->4
[2020-12-25T00:12:52.943-0400][gc,metaspace   ] GC(385771) Metaspace: 61020K->61020K(1107968K)
[2020-12-25T00:12:52.943-0400][gc,heap        ] GC(385771) Heap after GC invocations=385747 (full 11260): garbage-first heap   total 71680K, used 48754K [0x0000000083000000, 0x0000000100000000)
[2020-12-25T00:12:52.943-0400][gc,heap        ] GC(385771)   region size 1024K, 1 young (1024K), 1 survivors (1024K)
[2020-12-25T00:12:52.943-0400][gc,heap        ] GC(385771)  Metaspace       used 61020K, capacity 63721K, committed 64768K, reserved 1107968K
[2020-12-25T00:12:52.943-0400][gc,heap        ] GC(385771)   class space    used 5712K, capacity 6559K, committed 6912K, reserved 1048576K
[2020-12-25T00:12:52.944-0400][gc             ] GC(385771) Pause Young (Normal) (G1 Evacuation Pause) 57M->47M(70M) 6.104ms
[2020-12-25T00:12:52.944-0400][gc,cpu         ] GC(385771) User=0.01s Sys=0.01s Real=0.00s
[2020-12-25T00:13:02.221-0400][gc,heap        ] GC(385772) Heap before GC invocations=385747 (full 11260): garbage-first heap   total 71680K, used 57970K [0x0000000083000000, 0x0000000100000000)
[2020-12-25T00:13:02.221-0400][gc,heap        ] GC(385772)   region size 1024K, 11 young (11264K), 1 survivors (1024K)
[2020-12-25T00:13:02.221-0400][gc,heap        ] GC(385772)  Metaspace       used 61020K, capacity 63721K, committed 64768K, reserved 1107968K
[2020-12-25T00:13:02.221-0400][gc,heap        ] GC(385772)   class space    used 5712K, capacity 6559K, committed 6912K, reserved 1048576K
[2020-12-25T00:13:02.221-0400][gc,start       ] GC(385772) Pause Young (Normal) (G1 Evacuation Pause)
[2020-12-25T00:13:02.221-0400][gc,task        ] GC(385772) Using 4 workers of 4 for evacuation
[2020-12-25T00:13:02.227-0400][gc,phases      ] GC(385772)   Pre Evacuate Collection Set: 0.0ms
[2020-12-25T00:13:02.227-0400][gc,phases      ] GC(385772)   Evacuate Collection Set: 3.2ms
[2020-12-25T00:13:02.227-0400][gc,phases      ] GC(385772)   Post Evacuate Collection Set: 1.6ms
[2020-12-25T00:13:02.227-0400][gc,phases      ] GC(385772)   Other: 0.8ms
[2020-12-25T00:13:02.227-0400][gc,heap        ] GC(385772) Eden regions: 10->0(10)
[2020-12-25T00:13:02.227-0400][gc,heap        ] GC(385772) Survivor regions: 1->1(2)
[2020-12-25T00:13:02.227-0400][gc,heap        ] GC(385772) Old regions: 47->47
[2020-12-25T00:13:02.227-0400][gc,heap        ] GC(385772) Humongous regions: 4->4
[2020-12-25T00:13:02.227-0400][gc,metaspace   ] GC(385772) Metaspace: 61020K->61020K(1107968K)
[2020-12-25T00:13:02.227-0400][gc,heap        ] GC(385772) Heap after GC invocations=385748 (full 11260): garbage-first heap   total 71680K, used 48719K [0x0000000083000000, 0x0000000100000000)
[2020-12-25T00:13:02.227-0400][gc,heap        ] GC(385772)   region size 1024K, 1 young (1024K), 1 survivors (1024K)
[2020-12-25T00:13:02.227-0400][gc,heap        ] GC(385772)  Metaspace       used 61020K, capacity 63721K, committed 64768K, reserved 1107968K
[2020-12-25T00:13:02.227-0400][gc,heap        ] GC(385772)   class space    used 5712K, capacity 6559K, committed 6912K, reserved 1048576K
[2020-12-25T00:13:02.227-0400][gc             ] GC(385772) Pause Young (Normal) (G1 Evacuation Pause) 57M->47M(70M) 6.231ms
[2020-12-25T00:13:02.228-0400][gc,cpu         ] GC(385772) User=0.00s Sys=0.01s Real=0.01s
[2020-12-25T00:13:34.379-0400][gc,heap        ] GC(385773) Heap before GC invocations=385748 (full 11260): garbage-first heap   total 71680K, used 57935K [0x0000000083000000, 0x0000000100000000)
[2020-12-25T00:13:34.380-0400][gc,heap        ] GC(385773)   region size 1024K, 11 young (11264K), 1 survivors (1024K)
[2020-12-25T00:13:34.380-0400][gc,heap        ] GC(385773)  Metaspace       used 61020K, capacity 63721K, committed 64768K, reserved 1107968K
[2020-12-25T00:13:34.380-0400][gc,heap        ] GC(385773)   class space    used 5712K, capacity 6559K, committed 6912K, reserved 1048576K
[2020-12-25T00:13:34.380-0400][gc,start       ] GC(385773) Pause Young (Normal) (G1 Evacuation Pause)
[2020-12-25T00:13:34.380-0400][gc,task        ] GC(385773) Using 4 workers of 4 for evacuation
[2020-12-25T00:13:34.385-0400][gc,phases      ] GC(385773)   Pre Evacuate Collection Set: 0.0ms
[2020-12-25T00:13:34.385-0400][gc,phases      ] GC(385773)   Evacuate Collection Set: 3.0ms
[2020-12-25T00:13:34.385-0400][gc,phases      ] GC(385773)   Post Evacuate Collection Set: 1.8ms
[2020-12-25T00:13:34.385-0400][gc,phases      ] GC(385773)   Other: 0.8ms
[2020-12-25T00:13:34.385-0400][gc,heap        ] GC(385773) Eden regions: 10->0(10)
[2020-12-25T00:13:34.385-0400][gc,heap        ] GC(385773) Survivor regions: 1->1(2)
[2020-12-25T00:13:34.386-0400][gc,heap        ] GC(385773) Old regions: 47->47
[2020-12-25T00:13:34.386-0400][gc,heap        ] GC(385773) Humongous regions: 4->4
[2020-12-25T00:13:34.386-0400][gc,metaspace   ] GC(385773) Metaspace: 61020K->61020K(1107968K)
[2020-12-25T00:13:34.386-0400][gc,heap        ] GC(385773) Heap after GC invocations=385749 (full 11260): garbage-first heap   total 71680K, used 48747K [0x0000000083000000, 0x0000000100000000)
[2020-12-25T00:13:34.386-0400][gc,heap        ] GC(385773)   region size 1024K, 1 young (1024K), 1 survivors (1024K)
[2020-12-25T00:13:34.386-0400][gc,heap        ] GC(385773)  Metaspace       used 61020K, capacity 63721K, committed 64768K, reserved 1107968K
[2020-12-25T00:13:34.386-0400][gc,heap        ] GC(385773)   class space    used 5712K, capacity 6559K, committed 6912K, reserved 1048576K
[2020-12-25T00:13:34.386-0400][gc             ] GC(385773) Pause Young (Normal) (G1 Evacuation Pause) 57M->47M(70M) 6.107ms
[2020-12-25T00:13:34.386-0400][gc,cpu         ] GC(385773) User=0.02s Sys=0.00s Real=0.01s
[2020-12-25T00:14:00.304-0400][gc,heap        ] GC(385774) Heap before GC invocations=385749 (full 11260): garbage-first heap   total 71680K, used 58987K [0x0000000083000000, 0x0000000100000000)
[2020-12-25T00:14:00.305-0400][gc,heap        ] GC(385774)   region size 1024K, 11 young (11264K), 1 survivors (1024K)
[2020-12-25T00:14:00.305-0400][gc,heap        ] GC(385774)  Metaspace       used 61020K, capacity 63721K, committed 64768K, reserved 1107968K
[2020-12-25T00:14:00.305-0400][gc,heap        ] GC(385774)   class space    used 5712K, capacity 6559K, committed 6912K, reserved 1048576K
[2020-12-25T00:14:00.305-0400][gc,start       ] GC(385774) Pause Young (Normal) (G1 Evacuation Pause)
[2020-12-25T00:14:00.305-0400][gc,task        ] GC(385774) Using 4 workers of 4 for evacuation
[2020-12-25T00:14:00.311-0400][gc,phases      ] GC(385774)   Pre Evacuate Collection Set: 0.0ms
[2020-12-25T00:14:00.311-0400][gc,phases      ] GC(385774)   Evacuate Collection Set: 3.5ms
[2020-12-25T00:14:00.311-0400][gc,phases      ] GC(385774)   Post Evacuate Collection Set: 1.9ms
[2020-12-25T00:14:00.311-0400][gc,phases      ] GC(385774)   Other: 0.8ms
[2020-12-25T00:14:00.311-0400][gc,heap        ] GC(385774) Eden regions: 10->0(10)
[2020-12-25T00:14:00.311-0400][gc,heap        ] GC(385774) Survivor regions: 1->1(2)
[2020-12-25T00:14:00.311-0400][gc,heap        ] GC(385774) Old regions: 47->47
[2020-12-25T00:14:00.311-0400][gc,heap        ] GC(385774) Humongous regions: 4->4
[2020-12-25T00:14:00.311-0400][gc,metaspace   ] GC(385774) Metaspace: 61020K->61020K(1107968K)
[2020-12-25T00:14:00.311-0400][gc,heap        ] GC(385774) Heap after GC invocations=385750 (full 11260): garbage-first heap   total 71680K, used 48897K [0x0000000083000000, 0x0000000100000000)
[2020-12-25T00:14:00.311-0400][gc,heap        ] GC(385774)   region size 1024K, 1 young (1024K), 1 survivors (1024K)
[2020-12-25T00:14:00.311-0400][gc,heap        ] GC(385774)  Metaspace       used 61020K, capacity 63721K, committed 64768K, reserved 1107968K
[2020-12-25T00:14:00.311-0400][gc,heap        ] GC(385774)   class space    used 5712K, capacity 6559K, committed 6912K, reserved 1048576K
[2020-12-25T00:14:00.311-0400][gc             ] GC(385774) Pause Young (Normal) (G1 Evacuation Pause) 57M->47M(70M) 6.606ms
[2020-12-25T00:14:00.312-0400][gc,cpu         ] GC(385774) User=0.02s Sys=0.00s Real=0.01s
[2020-12-25T00:14:30.745-0400][gc,heap        ] GC(385775) Heap before GC invocations=385750 (full 11260): garbage-first heap   total 71680K, used 59137K [0x0000000083000000, 0x0000000100000000)
[2020-12-25T00:14:30.745-0400][gc,heap        ] GC(385775)   region size 1024K, 11 young (11264K), 1 survivors (1024K)
[2020-12-25T00:14:30.745-0400][gc,heap        ] GC(385775)  Metaspace       used 61020K, capacity 63721K, committed 64768K, reserved 1107968K
[2020-12-25T00:14:30.745-0400][gc,heap        ] GC(385775)   class space    used 5712K, capacity 6559K, committed 6912K, reserved 1048576K
[2020-12-25T00:14:30.745-0400][gc,start       ] GC(385775) Pause Young (Normal) (G1 Evacuation Pause)
[2020-12-25T00:14:30.745-0400][gc,task        ] GC(385775) Using 4 workers of 4 for evacuation
[2020-12-25T00:14:30.751-0400][gc,phases      ] GC(385775)   Pre Evacuate Collection Set: 0.0ms
[2020-12-25T00:14:30.751-0400][gc,phases      ] GC(385775)   Evacuate Collection Set: 3.5ms
[2020-12-25T00:14:30.751-0400][gc,phases      ] GC(385775)   Post Evacuate Collection Set: 1.6ms
[2020-12-25T00:14:30.751-0400][gc,phases      ] GC(385775)   Other: 0.9ms
[2020-12-25T00:14:30.751-0400][gc,heap        ] GC(385775) Eden regions: 10->0(10)
[2020-12-25T00:14:30.751-0400][gc,heap        ] GC(385775) Survivor regions: 1->1(2)
[2020-12-25T00:14:30.751-0400][gc,heap        ] GC(385775) Old regions: 47->47
[2020-12-25T00:14:30.751-0400][gc,heap        ] GC(385775) Humongous regions: 4->4
[2020-12-25T00:14:30.751-0400][gc,metaspace   ] GC(385775) Metaspace: 61020K->61020K(1107968K)
[2020-12-25T00:14:30.751-0400][gc,heap        ] GC(385775) Heap after GC invocations=385751 (full 11260): garbage-first heap   total 71680K, used 48864K [0x0000000083000000, 0x0000000100000000)
[2020-12-25T00:14:30.751-0400][gc,heap        ] GC(385775)   region size 1024K, 1 young (1024K), 1 survivors (1024K)
[2020-12-25T00:14:30.751-0400][gc,heap        ] GC(385775)  Metaspace       used 61020K, capacity 63721K, committed 64768K, reserved 1107968K
[2020-12-25T00:14:30.751-0400][gc,heap        ] GC(385775)   class space    used 5712K, capacity 6559K, committed 6912K, reserved 1048576K
[2020-12-25T00:14:30.752-0400][gc             ] GC(385775) Pause Young (Normal) (G1 Evacuation Pause) 57M->47M(70M) 6.256ms
[2020-12-25T00:14:30.752-0400][gc,cpu         ] GC(385775) User=0.01s Sys=0.01s Real=0.01s
[2020-12-25T00:15:01.680-0400][gc,heap        ] GC(385776) Heap before GC invocations=385751 (full 11260): garbage-first heap   total 71680K, used 58080K [0x0000000083000000, 0x0000000100000000)
[2020-12-25T00:15:01.680-0400][gc,heap        ] GC(385776)   region size 1024K, 11 young (11264K), 1 survivors (1024K)
[2020-12-25T00:15:01.680-0400][gc,heap        ] GC(385776)  Metaspace       used 61020K, capacity 63721K, committed 64768K, reserved 1107968K
[2020-12-25T00:15:01.680-0400][gc,heap        ] GC(385776)   class space    used 5712K, capacity 6559K, committed 6912K, reserved 1048576K
[2020-12-25T00:15:01.680-0400][gc,start       ] GC(385776) Pause Young (Normal) (G1 Evacuation Pause)
[2020-12-25T00:15:01.680-0400][gc,task        ] GC(385776) Using 4 workers of 4 for evacuation
[2020-12-25T00:15:01.686-0400][gc,phases      ] GC(385776)   Pre Evacuate Collection Set: 0.0ms
[2020-12-25T00:15:01.686-0400][gc,phases      ] GC(385776)   Evacuate Collection Set: 3.4ms
[2020-12-25T00:15:01.686-0400][gc,phases      ] GC(385776)   Post Evacuate Collection Set: 1.9ms
[2020-12-25T00:15:01.686-0400][gc,phases      ] GC(385776)   Other: 0.8ms
[2020-12-25T00:15:01.686-0400][gc,heap        ] GC(385776) Eden regions: 10->0(9)
[2020-12-25T00:15:01.686-0400][gc,heap        ] GC(385776) Survivor regions: 1->1(2)
[2020-12-25T00:15:01.686-0400][gc,heap        ] GC(385776) Old regions: 47->47
[2020-12-25T00:15:01.686-0400][gc,heap        ] GC(385776) Humongous regions: 4->4
[2020-12-25T00:15:01.686-0400][gc,metaspace   ] GC(385776) Metaspace: 61020K->61020K(1107968K)
[2020-12-25T00:15:01.686-0400][gc,heap        ] GC(385776) Heap after GC invocations=385752 (full 11260): garbage-first heap   total 71680K, used 48855K [0x0000000083000000, 0x0000000100000000)
[2020-12-25T00:15:01.687-0400][gc,heap        ] GC(385776)   region size 1024K, 1 young (1024K), 1 survivors (1024K)
[2020-12-25T00:15:01.687-0400][gc,heap        ] GC(385776)  Metaspace       used 61020K, capacity 63721K, committed 64768K, reserved 1107968K
[2020-12-25T00:15:01.687-0400][gc,heap        ] GC(385776)   class space    used 5712K, capacity 6559K, committed 6912K, reserved 1048576K
[2020-12-25T00:15:01.687-0400][gc             ] GC(385776) Pause Young (Normal) (G1 Evacuation Pause) 57M->47M(70M) 6.690ms
[2020-12-25T00:15:01.687-0400][gc,cpu         ] GC(385776) User=0.01s Sys=0.00s Real=0.01s
[2020-12-25T00:15:32.186-0400][gc,heap        ] GC(385777) Heap before GC invocations=385752 (full 11260): garbage-first heap   total 71680K, used 57047K [0x0000000083000000, 0x0000000100000000)
[2020-12-25T00:15:32.186-0400][gc,heap        ] GC(385777)   region size 1024K, 10 young (10240K), 1 survivors (1024K)
[2020-12-25T00:15:32.186-0400][gc,heap        ] GC(385777)  Metaspace       used 61020K, capacity 63721K, committed 64768K, reserved 1107968K
[2020-12-25T00:15:32.186-0400][gc,heap        ] GC(385777)   class space    used 5712K, capacity 6559K, committed 6912K, reserved 1048576K
[2020-12-25T00:15:32.186-0400][gc,start       ] GC(385777) Pause Young (Normal) (G1 Evacuation Pause)
[2020-12-25T00:15:32.186-0400][gc,task        ] GC(385777) Using 4 workers of 4 for evacuation
[2020-12-25T00:15:32.192-0400][gc,phases      ] GC(385777)   Pre Evacuate Collection Set: 0.0ms
[2020-12-25T00:15:32.192-0400][gc,phases      ] GC(385777)   Evacuate Collection Set: 3.4ms
[2020-12-25T00:15:32.192-0400][gc,phases      ] GC(385777)   Post Evacuate Collection Set: 1.4ms
[2020-12-25T00:15:32.192-0400][gc,phases      ] GC(385777)   Other: 0.8ms
[2020-12-25T00:15:32.192-0400][gc,heap        ] GC(385777) Eden regions: 9->0(9)
[2020-12-25T00:15:32.192-0400][gc,heap        ] GC(385777) Survivor regions: 1->1(2)
[2020-12-25T00:15:32.192-0400][gc,heap        ] GC(385777) Old regions: 47->47
[2020-12-25T00:15:32.192-0400][gc,heap        ] GC(385777) Humongous regions: 4->4
[2020-12-25T00:15:32.192-0400][gc,metaspace   ] GC(385777) Metaspace: 61020K->61020K(1107968K)
[2020-12-25T00:15:32.192-0400][gc,heap        ] GC(385777) Heap after GC invocations=385753 (full 11260): garbage-first heap   total 71680K, used 48837K [0x0000000083000000, 0x0000000100000000)
[2020-12-25T00:15:32.192-0400][gc,heap        ] GC(385777)   region size 1024K, 1 young (1024K), 1 survivors (1024K)
[2020-12-25T00:15:32.192-0400][gc,heap        ] GC(385777)  Metaspace       used 61020K, capacity 63721K, committed 64768K, reserved 1107968K
[2020-12-25T00:15:32.192-0400][gc,heap        ] GC(385777)   class space    used 5712K, capacity 6559K, committed 6912K, reserved 1048576K
[2020-12-25T00:15:32.193-0400][gc             ] GC(385777) Pause Young (Normal) (G1 Evacuation Pause) 56M->47M(70M) 6.073ms
[2020-12-25T00:15:32.193-0400][gc,cpu         ] GC(385777) User=0.01s Sys=0.01s Real=0.00s
[2020-12-25T00:16:00.026-0400][gc,heap        ] GC(385778) Heap before GC invocations=385753 (full 11260): garbage-first heap   total 71680K, used 58053K [0x0000000083000000, 0x0000000100000000)
[2020-12-25T00:16:00.026-0400][gc,heap        ] GC(385778)   region size 1024K, 10 young (10240K), 1 survivors (1024K)
[2020-12-25T00:16:00.026-0400][gc,heap        ] GC(385778)  Metaspace       used 61020K, capacity 63721K, committed 64768K, reserved 1107968K
[2020-12-25T00:16:00.026-0400][gc,heap        ] GC(385778)   class space    used 5712K, capacity 6559K, committed 6912K, reserved 1048576K
[2020-12-25T00:16:00.026-0400][gc,start       ] GC(385778) Pause Young (Normal) (G1 Evacuation Pause)
[2020-12-25T00:16:00.026-0400][gc,task        ] GC(385778) Using 4 workers of 4 for evacuation
[2020-12-25T00:16:00.032-0400][gc,phases      ] GC(385778)   Pre Evacuate Collection Set: 0.0ms
[2020-12-25T00:16:00.032-0400][gc,phases      ] GC(385778)   Evacuate Collection Set: 3.6ms
[2020-12-25T00:16:00.032-0400][gc,phases      ] GC(385778)   Post Evacuate Collection Set: 1.8ms
[2020-12-25T00:16:00.032-0400][gc,phases      ] GC(385778)   Other: 1.1ms
[2020-12-25T00:16:00.032-0400][gc,heap        ] GC(385778) Eden regions: 9->0(9)
[2020-12-25T00:16:00.032-0400][gc,heap        ] GC(385778) Survivor regions: 1->1(2)
[2020-12-25T00:16:00.032-0400][gc,heap        ] GC(385778) Old regions: 47->47
[2020-12-25T00:16:00.033-0400][gc,heap        ] GC(385778) Humongous regions: 4->4
[2020-12-25T00:16:00.033-0400][gc,metaspace   ] GC(385778) Metaspace: 61020K->61020K(1107968K)
[2020-12-25T00:16:00.033-0400][gc,heap        ] GC(385778) Heap after GC invocations=385754 (full 11260): garbage-first heap   total 71680K, used 48891K [0x0000000083000000, 0x0000000100000000)
[2020-12-25T00:16:00.033-0400][gc,heap        ] GC(385778)   region size 1024K, 1 young (1024K), 1 survivors (1024K)
[2020-12-25T00:16:00.033-0400][gc,heap        ] GC(385778)  Metaspace       used 61020K, capacity 63721K, committed 64768K, reserved 1107968K
[2020-12-25T00:16:00.033-0400][gc,heap        ] GC(385778)   class space    used 5712K, capacity 6559K, committed 6912K, reserved 1048576K
[2020-12-25T00:16:00.033-0400][gc             ] GC(385778) Pause Young (Normal) (G1 Evacuation Pause) 56M->47M(70M) 6.798ms
[2020-12-25T00:16:00.033-0400][gc,cpu         ] GC(385778) User=0.02s Sys=0.00s Real=0.00s
[2020-12-25T00:16:23.894-0400][gc,heap        ] GC(385779) Heap before GC invocations=385754 (full 11260): garbage-first heap   total 71680K, used 58107K [0x0000000083000000, 0x0000000100000000)
[2020-12-25T00:16:23.894-0400][gc,heap        ] GC(385779)   region size 1024K, 10 young (10240K), 1 survivors (1024K)
[2020-12-25T00:16:23.894-0400][gc,heap        ] GC(385779)  Metaspace       used 61020K, capacity 63721K, committed 64768K, reserved 1107968K
[2020-12-25T00:16:23.894-0400][gc,heap        ] GC(385779)   class space    used 5712K, capacity 6559K, committed 6912K, reserved 1048576K
[2020-12-25T00:16:23.894-0400][gc,start       ] GC(385779) Pause Young (Normal) (G1 Evacuation Pause)
[2020-12-25T00:16:23.894-0400][gc,task        ] GC(385779) Using 4 workers of 4 for evacuation
[2020-12-25T00:16:23.900-0400][gc,phases      ] GC(385779)   Pre Evacuate Collection Set: 0.0ms
[2020-12-25T00:16:23.900-0400][gc,phases      ] GC(385779)   Evacuate Collection Set: 3.7ms
[2020-12-25T00:16:23.900-0400][gc,phases      ] GC(385779)   Post Evacuate Collection Set: 1.6ms
[2020-12-25T00:16:23.900-0400][gc,phases      ] GC(385779)   Other: 0.9ms
[2020-12-25T00:16:23.900-0400][gc,heap        ] GC(385779) Eden regions: 9->0(9)
[2020-12-25T00:16:23.900-0400][gc,heap        ] GC(385779) Survivor regions: 1->1(2)
[2020-12-25T00:16:23.901-0400][gc,heap        ] GC(385779) Old regions: 47->47
[2020-12-25T00:16:23.901-0400][gc,heap        ] GC(385779) Humongous regions: 4->4
[2020-12-25T00:16:23.901-0400][gc,metaspace   ] GC(385779) Metaspace: 61020K->61020K(1107968K)
[2020-12-25T00:16:23.901-0400][gc,heap        ] GC(385779) Heap after GC invocations=385755 (full 11260): garbage-first heap   total 71680K, used 48972K [0x0000000083000000, 0x0000000100000000)
[2020-12-25T00:16:23.901-0400][gc,heap        ] GC(385779)   region size 1024K, 1 young (1024K), 1 survivors (1024K)
[2020-12-25T00:16:23.901-0400][gc,heap        ] GC(385779)  Metaspace       used 61020K, capacity 63721K, committed 64768K, reserved 1107968K
[2020-12-25T00:16:23.901-0400][gc,heap        ] GC(385779)   class space    used 5712K, capacity 6559K, committed 6912K, reserved 1048576K
[2020-12-25T00:16:23.901-0400][gc             ] GC(385779) Pause Young (Normal) (G1 Evacuation Pause) 56M->47M(70M) 6.555ms
[2020-12-25T00:16:23.901-0400][gc,cpu         ] GC(385779) User=0.02s Sys=0.00s Real=0.01s
[2020-12-25T00:16:50.924-0400][gc,task        ] GC(385780) Using 3 workers of 4 for full compaction
[2020-12-25T00:16:50.924-0400][gc,start       ] GC(385780) Pause Full (System.gc())
[2020-12-25T00:16:50.924-0400][gc,heap        ] GC(385780) Heap before GC invocations=385755 (full 11260): garbage-first heap   total 71680K, used 55116K [0x0000000083000000, 0x0000000100000000)
[2020-12-25T00:16:50.924-0400][gc,heap        ] GC(385780)   region size 1024K, 9 young (9216K), 1 survivors (1024K)
[2020-12-25T00:16:50.924-0400][gc,heap        ] GC(385780)  Metaspace       used 61020K, capacity 63721K, committed 64768K, reserved 1107968K
[2020-12-25T00:16:50.924-0400][gc,heap        ] GC(385780)   class space    used 5712K, capacity 6559K, committed 6912K, reserved 1048576K
[2020-12-25T00:16:50.926-0400][gc,phases,start] GC(385780) Phase 1: Mark live objects
[2020-12-25T00:16:51.071-0400][gc,stringtable ] GC(385780) Cleaned string and symbol table, strings: 32207 processed, 0 removed, symbols: 131451 processed, 0 removed
[2020-12-25T00:16:51.071-0400][gc,phases      ] GC(385780) Phase 1: Mark live objects 144.291ms
[2020-12-25T00:16:51.071-0400][gc,phases,start] GC(385780) Phase 2: Prepare for compaction
[2020-12-25T00:16:51.101-0400][gc,phases      ] GC(385780) Phase 2: Prepare for compaction 30.676ms
[2020-12-25T00:16:51.102-0400][gc,phases,start] GC(385780) Phase 3: Adjust pointers
[2020-12-25T00:16:51.179-0400][gc,phases      ] GC(385780) Phase 3: Adjust pointers 77.521ms
[2020-12-25T00:16:51.179-0400][gc,phases,start] GC(385780) Phase 4: Compact heap
[2020-12-25T00:16:51.199-0400][gc,phases      ] GC(385780) Phase 4: Compact heap 19.315ms
[2020-12-25T00:16:51.234-0400][gc,heap        ] GC(385780) Eden regions: 8->0(11)
[2020-12-25T00:16:51.234-0400][gc,heap        ] GC(385780) Survivor regions: 1->0(2)
[2020-12-25T00:16:51.234-0400][gc,heap        ] GC(385780) Old regions: 47->46
[2020-12-25T00:16:51.234-0400][gc,heap        ] GC(385780) Humongous regions: 4->4
[2020-12-25T00:16:51.234-0400][gc,metaspace   ] GC(385780) Metaspace: 61020K->61020K(1107968K)
[2020-12-25T00:16:51.234-0400][gc,heap        ] GC(385780) Heap after GC invocations=385756 (full 11261): garbage-first heap   total 71680K, used 48490K [0x0000000083000000, 0x0000000100000000)
[2020-12-25T00:16:51.234-0400][gc,heap        ] GC(385780)   region size 1024K, 0 young (0K), 0 survivors (0K)
[2020-12-25T00:16:51.234-0400][gc,heap        ] GC(385780)  Metaspace       used 61020K, capacity 63721K, committed 64768K, reserved 1107968K
[2020-12-25T00:16:51.234-0400][gc,heap        ] GC(385780)   class space    used 5712K, capacity 6559K, committed 6912K, reserved 1048576K
[2020-12-25T00:16:51.234-0400][gc             ] GC(385780) Pause Full (System.gc()) 54M->47M(70M) 310.435ms
[2020-12-25T00:16:51.234-0400][gc,cpu         ] GC(385780) User=0.54s Sys=0.31s Real=0.31s
[2020-12-25T00:17:22.514-0400][gc,heap        ] GC(385781) Heap before GC invocations=385756 (full 11261): garbage-first heap   total 71680K, used 59754K [0x0000000083000000, 0x0000000100000000)
[2020-12-25T00:17:22.514-0400][gc,heap        ] GC(385781)   region size 1024K, 11 young (11264K), 0 survivors (0K)
[2020-12-25T00:17:22.514-0400][gc,heap        ] GC(385781)  Metaspace       used 61020K, capacity 63721K, committed 64768K, reserved 1107968K
[2020-12-25T00:17:22.514-0400][gc,heap        ] GC(385781)   class space    used 5712K, capacity 6559K, committed 6912K, reserved 1048576K
[2020-12-25T00:17:22.514-0400][gc,start       ] GC(385781) Pause Young (Normal) (G1 Evacuation Pause)
[2020-12-25T00:17:22.514-0400][gc,task        ] GC(385781) Using 4 workers of 4 for evacuation
[2020-12-25T00:17:22.520-0400][gc,phases      ] GC(385781)   Pre Evacuate Collection Set: 0.0ms
[2020-12-25T00:17:22.520-0400][gc,phases      ] GC(385781)   Evacuate Collection Set: 3.2ms
[2020-12-25T00:17:22.520-0400][gc,phases      ] GC(385781)   Post Evacuate Collection Set: 2.0ms
[2020-12-25T00:17:22.520-0400][gc,phases      ] GC(385781)   Other: 0.8ms
[2020-12-25T00:17:22.520-0400][gc,heap        ] GC(385781) Eden regions: 11->0(10)
[2020-12-25T00:17:22.520-0400][gc,heap        ] GC(385781) Survivor regions: 0->1(2)
[2020-12-25T00:17:22.520-0400][gc,heap        ] GC(385781) Old regions: 46->46
[2020-12-25T00:17:22.520-0400][gc,heap        ] GC(385781) Humongous regions: 4->4
[2020-12-25T00:17:22.520-0400][gc,metaspace   ] GC(385781) Metaspace: 61020K->61020K(1107968K)
[2020-12-25T00:17:22.520-0400][gc,heap        ] GC(385781) Heap after GC invocations=385757 (full 11261): garbage-first heap   total 71680K, used 48845K [0x0000000083000000, 0x0000000100000000)
[2020-12-25T00:17:22.520-0400][gc,heap        ] GC(385781)   region size 1024K, 1 young (1024K), 1 survivors (1024K)
[2020-12-25T00:17:22.521-0400][gc,heap        ] GC(385781)  Metaspace       used 61020K, capacity 63721K, committed 64768K, reserved 1107968K
[2020-12-25T00:17:22.521-0400][gc,heap        ] GC(385781)   class space    used 5712K, capacity 6559K, committed 6912K, reserved 1048576K
[2020-12-25T00:17:22.521-0400][gc             ] GC(385781) Pause Young (Normal) (G1 Evacuation Pause) 58M->47M(70M) 6.581ms
[2020-12-25T00:17:22.521-0400][gc,cpu         ] GC(385781) User=0.01s Sys=0.00s Real=0.01s
[2020-12-25T00:17:59.347-0400][gc,heap        ] GC(385782) Heap before GC invocations=385757 (full 11261): garbage-first heap   total 71680K, used 59085K [0x0000000083000000, 0x0000000100000000)
[2020-12-25T00:17:59.347-0400][gc,heap        ] GC(385782)   region size 1024K, 11 young (11264K), 1 survivors (1024K)
[2020-12-25T00:17:59.347-0400][gc,heap        ] GC(385782)  Metaspace       used 61020K, capacity 63721K, committed 64768K, reserved 1107968K
[2020-12-25T00:17:59.347-0400][gc,heap        ] GC(385782)   class space    used 5712K, capacity 6559K, committed 6912K, reserved 1048576K
[2020-12-25T00:17:59.347-0400][gc,start       ] GC(385782) Pause Young (Normal) (G1 Evacuation Pause)
[2020-12-25T00:17:59.347-0400][gc,task        ] GC(385782) Using 4 workers of 4 for evacuation
[2020-12-25T00:17:59.353-0400][gc,phases      ] GC(385782)   Pre Evacuate Collection Set: 0.0ms
[2020-12-25T00:17:59.353-0400][gc,phases      ] GC(385782)   Evacuate Collection Set: 3.5ms
[2020-12-25T00:17:59.353-0400][gc,phases      ] GC(385782)   Post Evacuate Collection Set: 1.5ms
[2020-12-25T00:17:59.353-0400][gc,phases      ] GC(385782)   Other: 0.8ms
[2020-12-25T00:17:59.353-0400][gc,heap        ] GC(385782) Eden regions: 10->0(10)
[2020-12-25T00:17:59.353-0400][gc,heap        ] GC(385782) Survivor regions: 1->1(2)
[2020-12-25T00:17:59.353-0400][gc,heap        ] GC(385782) Old regions: 46->46
[2020-12-25T00:17:59.353-0400][gc,heap        ] GC(385782) Humongous regions: 4->4
[2020-12-25T00:17:59.353-0400][gc,metaspace   ] GC(385782) Metaspace: 61020K->61020K(1107968K)
[2020-12-25T00:17:59.353-0400][gc,heap        ] GC(385782) Heap after GC invocations=385758 (full 11261): garbage-first heap   total 71680K, used 48882K [0x0000000083000000, 0x0000000100000000)
[2020-12-25T00:17:59.353-0400][gc,heap        ] GC(385782)   region size 1024K, 1 young (1024K), 1 survivors (1024K)
[2020-12-25T00:17:59.353-0400][gc,heap        ] GC(385782)  Metaspace       used 61020K, capacity 63721K, committed 64768K, reserved 1107968K
[2020-12-25T00:17:59.353-0400][gc,heap        ] GC(385782)   class space    used 5712K, capacity 6559K, committed 6912K, reserved 1048576K
[2020-12-25T00:17:59.353-0400][gc             ] GC(385782) Pause Young (Normal) (G1 Evacuation Pause) 57M->47M(70M) 6.257ms
[2020-12-25T00:17:59.354-0400][gc,cpu         ] GC(385782) User=0.01s Sys=0.00s Real=0.00s
[2020-12-25T00:18:23.116-0400][gc,heap        ] GC(385783) Heap before GC invocations=385758 (full 11261): garbage-first heap   total 71680K, used 58098K [0x0000000083000000, 0x0000000100000000)
[2020-12-25T00:18:23.116-0400][gc,heap        ] GC(385783)   region size 1024K, 11 young (11264K), 1 survivors (1024K)
[2020-12-25T00:18:23.116-0400][gc,heap        ] GC(385783)  Metaspace       used 61020K, capacity 63721K, committed 64768K, reserved 1107968K
[2020-12-25T00:18:23.116-0400][gc,heap        ] GC(385783)   class space    used 5712K, capacity 6559K, committed 6912K, reserved 1048576K
[2020-12-25T00:18:23.116-0400][gc,start       ] GC(385783) Pause Young (Normal) (G1 Evacuation Pause)
[2020-12-25T00:18:23.116-0400][gc,task        ] GC(385783) Using 4 workers of 4 for evacuation
[2020-12-25T00:18:23.122-0400][gc,phases      ] GC(385783)   Pre Evacuate Collection Set: 0.0ms
[2020-12-25T00:18:23.122-0400][gc,phases      ] GC(385783)   Evacuate Collection Set: 3.8ms
[2020-12-25T00:18:23.122-0400][gc,phases      ] GC(385783)   Post Evacuate Collection Set: 2.0ms
[2020-12-25T00:18:23.123-0400][gc,phases      ] GC(385783)   Other: 1.0ms
[2020-12-25T00:18:23.123-0400][gc,heap        ] GC(385783) Eden regions: 10->0(10)
[2020-12-25T00:18:23.123-0400][gc,heap        ] GC(385783) Survivor regions: 1->1(2)
[2020-12-25T00:18:23.123-0400][gc,heap        ] GC(385783) Old regions: 46->46
[2020-12-25T00:18:23.123-0400][gc,heap        ] GC(385783) Humongous regions: 4->4
[2020-12-25T00:18:23.123-0400][gc,metaspace   ] GC(385783) Metaspace: 61020K->61020K(1107968K)
[2020-12-25T00:18:23.123-0400][gc,heap        ] GC(385783) Heap after GC invocations=385759 (full 11261): garbage-first heap   total 71680K, used 49002K [0x0000000083000000, 0x0000000100000000)
[2020-12-25T00:18:23.123-0400][gc,heap        ] GC(385783)   region size 1024K, 1 young (1024K), 1 survivors (1024K)
[2020-12-25T00:18:23.123-0400][gc,heap        ] GC(385783)  Metaspace       used 61020K, capacity 63721K, committed 64768K, reserved 1107968K
[2020-12-25T00:18:23.123-0400][gc,heap        ] GC(385783)   class space    used 5712K, capacity 6559K, committed 6912K, reserved 1048576K
[2020-12-25T00:18:23.123-0400][gc             ] GC(385783) Pause Young (Normal) (G1 Evacuation Pause) 57M->47M(70M) 7.125ms
[2020-12-25T00:18:23.123-0400][gc,cpu         ] GC(385783) User=0.01s Sys=0.01s Real=0.00s
[2020-12-25T00:19:00.024-0400][gc,heap        ] GC(385784) Heap before GC invocations=385759 (full 11261): garbage-first heap   total 71680K, used 58218K [0x0000000083000000, 0x0000000100000000)
[2020-12-25T00:19:00.024-0400][gc,heap        ] GC(385784)   region size 1024K, 11 young (11264K), 1 survivors (1024K)
[2020-12-25T00:19:00.024-0400][gc,heap        ] GC(385784)  Metaspace       used 61020K, capacity 63721K, committed 64768K, reserved 1107968K
[2020-12-25T00:19:00.024-0400][gc,heap        ] GC(385784)   class space    used 5712K, capacity 6559K, committed 6912K, reserved 1048576K
[2020-12-25T00:19:00.024-0400][gc,start       ] GC(385784) Pause Young (Normal) (G1 Evacuation Pause)
[2020-12-25T00:19:00.024-0400][gc,task        ] GC(385784) Using 4 workers of 4 for evacuation
[2020-12-25T00:19:00.030-0400][gc,phases      ] GC(385784)   Pre Evacuate Collection Set: 0.1ms
[2020-12-25T00:19:00.030-0400][gc,phases      ] GC(385784)   Evacuate Collection Set: 3.4ms
[2020-12-25T00:19:00.030-0400][gc,phases      ] GC(385784)   Post Evacuate Collection Set: 2.0ms
[2020-12-25T00:19:00.031-0400][gc,phases      ] GC(385784)   Other: 0.8ms
[2020-12-25T00:19:00.031-0400][gc,heap        ] GC(385784) Eden regions: 10->0(10)
[2020-12-25T00:19:00.031-0400][gc,heap        ] GC(385784) Survivor regions: 1->1(2)
[2020-12-25T00:19:00.031-0400][gc,heap        ] GC(385784) Old regions: 46->46
[2020-12-25T00:19:00.031-0400][gc,heap        ] GC(385784) Humongous regions: 4->4
[2020-12-25T00:19:00.031-0400][gc,metaspace   ] GC(385784) Metaspace: 61020K->61020K(1107968K)
[2020-12-25T00:19:00.031-0400][gc,heap        ] GC(385784) Heap after GC invocations=385760 (full 11261): garbage-first heap   total 71680K, used 48939K [0x0000000083000000, 0x0000000100000000)
[2020-12-25T00:19:00.031-0400][gc,heap        ] GC(385784)   region size 1024K, 1 young (1024K), 1 survivors (1024K)
[2020-12-25T00:19:00.031-0400][gc,heap        ] GC(385784)  Metaspace       used 61020K, capacity 63721K, committed 64768K, reserved 1107968K
[2020-12-25T00:19:00.031-0400][gc,heap        ] GC(385784)   class space    used 5712K, capacity 6559K, committed 6912K, reserved 1048576K
[2020-12-25T00:19:00.031-0400][gc             ] GC(385784) Pause Young (Normal) (G1 Evacuation Pause) 57M->47M(70M) 6.676ms
[2020-12-25T00:19:00.031-0400][gc,cpu         ] GC(385784) User=0.01s Sys=0.01s Real=0.01s
[2020-12-25T00:19:23.891-0400][gc,heap        ] GC(385785) Heap before GC invocations=385760 (full 11261): garbage-first heap   total 71680K, used 58155K [0x0000000083000000, 0x0000000100000000)
[2020-12-25T00:19:23.891-0400][gc,heap        ] GC(385785)   region size 1024K, 11 young (11264K), 1 survivors (1024K)
[2020-12-25T00:19:23.891-0400][gc,heap        ] GC(385785)  Metaspace       used 61020K, capacity 63721K, committed 64768K, reserved 1107968K
[2020-12-25T00:19:23.891-0400][gc,heap        ] GC(385785)   class space    used 5712K, capacity 6559K, committed 6912K, reserved 1048576K
[2020-12-25T00:19:23.891-0400][gc,start       ] GC(385785) Pause Young (Normal) (G1 Evacuation Pause)
[2020-12-25T00:19:23.891-0400][gc,task        ] GC(385785) Using 4 workers of 4 for evacuation
[2020-12-25T00:19:23.896-0400][gc,phases      ] GC(385785)   Pre Evacuate Collection Set: 0.0ms
[2020-12-25T00:19:23.896-0400][gc,phases      ] GC(385785)   Evacuate Collection Set: 3.2ms
[2020-12-25T00:19:23.896-0400][gc,phases      ] GC(385785)   Post Evacuate Collection Set: 1.6ms
[2020-12-25T00:19:23.897-0400][gc,phases      ] GC(385785)   Other: 0.9ms
[2020-12-25T00:19:23.897-0400][gc,heap        ] GC(385785) Eden regions: 10->0(10)
[2020-12-25T00:19:23.897-0400][gc,heap        ] GC(385785) Survivor regions: 1->1(2)
[2020-12-25T00:19:23.897-0400][gc,heap        ] GC(385785) Old regions: 46->46
[2020-12-25T00:19:23.897-0400][gc,heap        ] GC(385785) Humongous regions: 4->4
[2020-12-25T00:19:23.897-0400][gc,metaspace   ] GC(385785) Metaspace: 61020K->61020K(1107968K)
[2020-12-25T00:19:23.897-0400][gc,heap        ] GC(385785) Heap after GC invocations=385761 (full 11261): garbage-first heap   total 71680K, used 48906K [0x0000000083000000, 0x0000000100000000)
[2020-12-25T00:19:23.897-0400][gc,heap        ] GC(385785)   region size 1024K, 1 young (1024K), 1 survivors (1024K)
[2020-12-25T00:19:23.897-0400][gc,heap        ] GC(385785)  Metaspace       used 61020K, capacity 63721K, committed 64768K, reserved 1107968K
[2020-12-25T00:19:23.897-0400][gc,heap        ] GC(385785)   class space    used 5712K, capacity 6559K, committed 6912K, reserved 1048576K
[2020-12-25T00:19:23.897-0400][gc             ] GC(385785) Pause Young (Normal) (G1 Evacuation Pause) 57M->47M(70M) 6.050ms
[2020-12-25T00:19:23.897-0400][gc,cpu         ] GC(385785) User=0.01s Sys=0.01s Real=0.01s
[2020-12-25T00:19:54.019-0400][gc,heap        ] GC(385786) Heap before GC invocations=385761 (full 11261): garbage-first heap   total 71680K, used 58122K [0x0000000083000000, 0x0000000100000000)
[2020-12-25T00:19:54.019-0400][gc,heap        ] GC(385786)   region size 1024K, 11 young (11264K), 1 survivors (1024K)
[2020-12-25T00:19:54.019-0400][gc,heap        ] GC(385786)  Metaspace       used 61020K, capacity 63721K, committed 64768K, reserved 1107968K
[2020-12-25T00:19:54.019-0400][gc,heap        ] GC(385786)   class space    used 5712K, capacity 6559K, committed 6912K, reserved 1048576K
[2020-12-25T00:19:54.019-0400][gc,start       ] GC(385786) Pause Young (Normal) (G1 Evacuation Pause)
[2020-12-25T00:19:54.019-0400][gc,task        ] GC(385786) Using 4 workers of 4 for evacuation
[2020-12-25T00:19:54.025-0400][gc,phases      ] GC(385786)   Pre Evacuate Collection Set: 0.0ms
[2020-12-25T00:19:54.025-0400][gc,phases      ] GC(385786)   Evacuate Collection Set: 3.7ms
[2020-12-25T00:19:54.025-0400][gc,phases      ] GC(385786)   Post Evacuate Collection Set: 1.5ms
[2020-12-25T00:19:54.025-0400][gc,phases      ] GC(385786)   Other: 0.8ms
[2020-12-25T00:19:54.025-0400][gc,heap        ] GC(385786) Eden regions: 10->0(10)
[2020-12-25T00:19:54.025-0400][gc,heap        ] GC(385786) Survivor regions: 1->1(2)
[2020-12-25T00:19:54.025-0400][gc,heap        ] GC(385786) Old regions: 46->46
[2020-12-25T00:19:54.025-0400][gc,heap        ] GC(385786) Humongous regions: 4->4
[2020-12-25T00:19:54.025-0400][gc,metaspace   ] GC(385786) Metaspace: 61020K->61020K(1107968K)
[2020-12-25T00:19:54.025-0400][gc,heap        ] GC(385786) Heap after GC invocations=385762 (full 11261): garbage-first heap   total 71680K, used 48942K [0x0000000083000000, 0x0000000100000000)
[2020-12-25T00:19:54.025-0400][gc,heap        ] GC(385786)   region size 1024K, 1 young (1024K), 1 survivors (1024K)
[2020-12-25T00:19:54.025-0400][gc,heap        ] GC(385786)  Metaspace       used 61020K, capacity 63721K, committed 64768K, reserved 1107968K
[2020-12-25T00:19:54.025-0400][gc,heap        ] GC(385786)   class space    used 5712K, capacity 6559K, committed 6912K, reserved 1048576K
[2020-12-25T00:19:54.026-0400][gc             ] GC(385786) Pause Young (Normal) (G1 Evacuation Pause) 57M->47M(70M) 6.458ms
[2020-12-25T00:19:54.026-0400][gc,cpu         ] GC(385786) User=0.02s Sys=0.00s Real=0.01s
[2020-12-25T00:20:14.458-0400][gc,heap        ] GC(385787) Heap before GC invocations=385762 (full 11261): garbage-first heap   total 71680K, used 58158K [0x0000000083000000, 0x0000000100000000)
[2020-12-25T00:20:14.458-0400][gc,heap        ] GC(385787)   region size 1024K, 11 young (11264K), 1 survivors (1024K)
[2020-12-25T00:20:14.458-0400][gc,heap        ] GC(385787)  Metaspace       used 61020K, capacity 63721K, committed 64768K, reserved 1107968K
[2020-12-25T00:20:14.458-0400][gc,heap        ] GC(385787)   class space    used 5712K, capacity 6559K, committed 6912K, reserved 1048576K
[2020-12-25T00:20:14.458-0400][gc,start       ] GC(385787) Pause Young (Normal) (G1 Evacuation Pause)
[2020-12-25T00:20:14.458-0400][gc,task        ] GC(385787) Using 4 workers of 4 for evacuation
[2020-12-25T00:20:14.464-0400][gc,phases      ] GC(385787)   Pre Evacuate Collection Set: 0.0ms
[2020-12-25T00:20:14.464-0400][gc,phases      ] GC(385787)   Evacuate Collection Set: 3.9ms
[2020-12-25T00:20:14.464-0400][gc,phases      ] GC(385787)   Post Evacuate Collection Set: 1.6ms
[2020-12-25T00:20:14.464-0400][gc,phases      ] GC(385787)   Other: 1.0ms
[2020-12-25T00:20:14.464-0400][gc,heap        ] GC(385787) Eden regions: 10->0(10)
[2020-12-25T00:20:14.464-0400][gc,heap        ] GC(385787) Survivor regions: 1->1(2)
[2020-12-25T00:20:14.464-0400][gc,heap        ] GC(385787) Old regions: 46->46
[2020-12-25T00:20:14.464-0400][gc,heap        ] GC(385787) Humongous regions: 4->4
[2020-12-25T00:20:14.465-0400][gc,metaspace   ] GC(385787) Metaspace: 61020K->61020K(1107968K)
[2020-12-25T00:20:14.465-0400][gc,heap        ] GC(385787) Heap after GC invocations=385763 (full 11261): garbage-first heap   total 71680K, used 49048K [0x0000000083000000, 0x0000000100000000)
[2020-12-25T00:20:14.465-0400][gc,heap        ] GC(385787)   region size 1024K, 1 young (1024K), 1 survivors (1024K)
[2020-12-25T00:20:14.465-0400][gc,heap        ] GC(385787)  Metaspace       used 61020K, capacity 63721K, committed 64768K, reserved 1107968K
[2020-12-25T00:20:14.465-0400][gc,heap        ] GC(385787)   class space    used 5712K, capacity 6559K, committed 6912K, reserved 1048576K
[2020-12-25T00:20:14.465-0400][gc             ] GC(385787) Pause Young (Normal) (G1 Evacuation Pause) 57M->47M(70M) 6.753ms
[2020-12-25T00:20:14.465-0400][gc,cpu         ] GC(385787) User=0.02s Sys=0.00s Real=0.00s
[2020-12-25T00:20:38.359-0400][gc,heap        ] GC(385788) Heap before GC invocations=385763 (full 11261): garbage-first heap   total 71680K, used 58264K [0x0000000083000000, 0x0000000100000000)
[2020-12-25T00:20:38.360-0400][gc,heap        ] GC(385788)   region size 1024K, 11 young (11264K), 1 survivors (1024K)
[2020-12-25T00:20:38.360-0400][gc,heap        ] GC(385788)  Metaspace       used 61020K, capacity 63721K, committed 64768K, reserved 1107968K
[2020-12-25T00:20:38.360-0400][gc,heap        ] GC(385788)   class space    used 5712K, capacity 6559K, committed 6912K, reserved 1048576K
[2020-12-25T00:20:38.360-0400][gc,start       ] GC(385788) Pause Young (Normal) (G1 Evacuation Pause)
[2020-12-25T00:20:38.360-0400][gc,task        ] GC(385788) Using 4 workers of 4 for evacuation
[2020-12-25T00:20:38.365-0400][gc,phases      ] GC(385788)   Pre Evacuate Collection Set: 0.0ms
[2020-12-25T00:20:38.365-0400][gc,phases      ] GC(385788)   Evacuate Collection Set: 3.4ms
[2020-12-25T00:20:38.365-0400][gc,phases      ] GC(385788)   Post Evacuate Collection Set: 1.4ms
[2020-12-25T00:20:38.365-0400][gc,phases      ] GC(385788)   Other: 0.8ms
[2020-12-25T00:20:38.365-0400][gc,heap        ] GC(385788) Eden regions: 10->0(10)
[2020-12-25T00:20:38.366-0400][gc,heap        ] GC(385788) Survivor regions: 1->1(2)
[2020-12-25T00:20:38.366-0400][gc,heap        ] GC(385788) Old regions: 46->46
[2020-12-25T00:20:38.366-0400][gc,heap        ] GC(385788) Humongous regions: 4->4
[2020-12-25T00:20:38.366-0400][gc,metaspace   ] GC(385788) Metaspace: 61020K->61020K(1107968K)
[2020-12-25T00:20:38.366-0400][gc,heap        ] GC(385788) Heap after GC invocations=385764 (full 11261): garbage-first heap   total 71680K, used 48934K [0x0000000083000000, 0x0000000100000000)
[2020-12-25T00:20:38.366-0400][gc,heap        ] GC(385788)   region size 1024K, 1 young (1024K), 1 survivors (1024K)
[2020-12-25T00:20:38.366-0400][gc,heap        ] GC(385788)  Metaspace       used 61020K, capacity 63721K, committed 64768K, reserved 1107968K
[2020-12-25T00:20:38.366-0400][gc,heap        ] GC(385788)   class space    used 5712K, capacity 6559K, committed 6912K, reserved 1048576K
[2020-12-25T00:20:38.366-0400][gc             ] GC(385788) Pause Young (Normal) (G1 Evacuation Pause) 57M->47M(70M) 6.157ms
[2020-12-25T00:20:38.366-0400][gc,cpu         ] GC(385788) User=0.01s Sys=0.01s Real=0.01s
[2020-12-25T00:21:12.274-0400][gc,heap        ] GC(385789) Heap before GC invocations=385764 (full 11261): garbage-first heap   total 71680K, used 59174K [0x0000000083000000, 0x0000000100000000)
[2020-12-25T00:21:12.274-0400][gc,heap        ] GC(385789)   region size 1024K, 11 young (11264K), 1 survivors (1024K)
[2020-12-25T00:21:12.274-0400][gc,heap        ] GC(385789)  Metaspace       used 61020K, capacity 63721K, committed 64768K, reserved 1107968K
[2020-12-25T00:21:12.274-0400][gc,heap        ] GC(385789)   class space    used 5712K, capacity 6559K, committed 6912K, reserved 1048576K
[2020-12-25T00:21:12.274-0400][gc,start       ] GC(385789) Pause Young (Normal) (G1 Evacuation Pause)
[2020-12-25T00:21:12.274-0400][gc,task        ] GC(385789) Using 4 workers of 4 for evacuation
[2020-12-25T00:21:12.280-0400][gc,phases      ] GC(385789)   Pre Evacuate Collection Set: 0.0ms
[2020-12-25T00:21:12.280-0400][gc,phases      ] GC(385789)   Evacuate Collection Set: 3.6ms
[2020-12-25T00:21:12.280-0400][gc,phases      ] GC(385789)   Post Evacuate Collection Set: 1.6ms
[2020-12-25T00:21:12.280-0400][gc,phases      ] GC(385789)   Other: 0.9ms
[2020-12-25T00:21:12.280-0400][gc,heap        ] GC(385789) Eden regions: 10->0(10)
[2020-12-25T00:21:12.280-0400][gc,heap        ] GC(385789) Survivor regions: 1->1(2)
[2020-12-25T00:21:12.280-0400][gc,heap        ] GC(385789) Old regions: 46->46
[2020-12-25T00:21:12.280-0400][gc,heap        ] GC(385789) Humongous regions: 4->4
[2020-12-25T00:21:12.280-0400][gc,metaspace   ] GC(385789) Metaspace: 61020K->61020K(1107968K)
[2020-12-25T00:21:12.280-0400][gc,heap        ] GC(385789) Heap after GC invocations=385765 (full 11261): garbage-first heap   total 71680K, used 49031K [0x0000000083000000, 0x0000000100000000)
[2020-12-25T00:21:12.280-0400][gc,heap        ] GC(385789)   region size 1024K, 1 young (1024K), 1 survivors (1024K)
[2020-12-25T00:21:12.280-0400][gc,heap        ] GC(385789)  Metaspace       used 61020K, capacity 63721K, committed 64768K, reserved 1107968K
[2020-12-25T00:21:12.280-0400][gc,heap        ] GC(385789)   class space    used 5712K, capacity 6559K, committed 6912K, reserved 1048576K
[2020-12-25T00:21:12.280-0400][gc             ] GC(385789) Pause Young (Normal) (G1 Evacuation Pause) 57M->47M(70M) 6.460ms
[2020-12-25T00:21:12.281-0400][gc,cpu         ] GC(385789) User=0.02s Sys=0.00s Real=0.01s
[2020-12-25T00:21:50.924-0400][gc,task        ] GC(385790) Using 3 workers of 4 for full compaction
[2020-12-25T00:21:50.924-0400][gc,start       ] GC(385790) Pause Full (System.gc())
[2020-12-25T00:21:50.924-0400][gc,heap        ] GC(385790) Heap before GC invocations=385765 (full 11261): garbage-first heap   total 71680K, used 56199K [0x0000000083000000, 0x0000000100000000)
[2020-12-25T00:21:50.924-0400][gc,heap        ] GC(385790)   region size 1024K, 10 young (10240K), 1 survivors (1024K)
[2020-12-25T00:21:50.924-0400][gc,heap        ] GC(385790)  Metaspace       used 61020K, capacity 63721K, committed 64768K, reserved 1107968K
[2020-12-25T00:21:50.924-0400][gc,heap        ] GC(385790)   class space    used 5712K, capacity 6559K, committed 6912K, reserved 1048576K
[2020-12-25T00:21:50.926-0400][gc,phases,start] GC(385790) Phase 1: Mark live objects
[2020-12-25T00:21:51.068-0400][gc,stringtable ] GC(385790) Cleaned string and symbol table, strings: 32207 processed, 0 removed, symbols: 131451 processed, 0 removed
[2020-12-25T00:21:51.068-0400][gc,phases      ] GC(385790) Phase 1: Mark live objects 141.566ms
[2020-12-25T00:21:51.068-0400][gc,phases,start] GC(385790) Phase 2: Prepare for compaction
[2020-12-25T00:21:51.097-0400][gc,phases      ] GC(385790) Phase 2: Prepare for compaction 29.399ms
[2020-12-25T00:21:51.097-0400][gc,phases,start] GC(385790) Phase 3: Adjust pointers
[2020-12-25T00:21:51.175-0400][gc,phases      ] GC(385790) Phase 3: Adjust pointers 77.996ms
[2020-12-25T00:21:51.176-0400][gc,phases,start] GC(385790) Phase 4: Compact heap
[2020-12-25T00:21:51.198-0400][gc,phases      ] GC(385790) Phase 4: Compact heap 22.871ms
[2020-12-25T00:21:51.235-0400][gc,heap        ] GC(385790) Eden regions: 9->0(11)
[2020-12-25T00:21:51.235-0400][gc,heap        ] GC(385790) Survivor regions: 1->0(2)
[2020-12-25T00:21:51.235-0400][gc,heap        ] GC(385790) Old regions: 46->46
[2020-12-25T00:21:51.235-0400][gc,heap        ] GC(385790) Humongous regions: 4->4
[2020-12-25T00:21:51.236-0400][gc,metaspace   ] GC(385790) Metaspace: 61020K->61020K(1107968K)
[2020-12-25T00:21:51.236-0400][gc,heap        ] GC(385790) Heap after GC invocations=385766 (full 11262): garbage-first heap   total 71680K, used 48466K [0x0000000083000000, 0x0000000100000000)
[2020-12-25T00:21:51.236-0400][gc,heap        ] GC(385790)   region size 1024K, 0 young (0K), 0 survivors (0K)
[2020-12-25T00:21:51.236-0400][gc,heap        ] GC(385790)  Metaspace       used 61020K, capacity 63721K, committed 64768K, reserved 1107968K
[2020-12-25T00:21:51.236-0400][gc,heap        ] GC(385790)   class space    used 5712K, capacity 6559K, committed 6912K, reserved 1048576K
[2020-12-25T00:21:51.236-0400][gc             ] GC(385790) Pause Full (System.gc()) 56M->47M(70M) 312.114ms
[2020-12-25T00:21:51.236-0400][gc,cpu         ] GC(385790) User=0.84s Sys=0.00s Real=0.32s
[2020-12-25T00:22:08.400-0400][gc,heap        ] GC(385791) Heap before GC invocations=385766 (full 11262): garbage-first heap   total 71680K, used 58706K [0x0000000083000000, 0x0000000100000000)
[2020-12-25T00:22:08.400-0400][gc,heap        ] GC(385791)   region size 1024K, 11 young (11264K), 0 survivors (0K)
[2020-12-25T00:22:08.400-0400][gc,heap        ] GC(385791)  Metaspace       used 61020K, capacity 63721K, committed 64768K, reserved 1107968K
[2020-12-25T00:22:08.400-0400][gc,heap        ] GC(385791)   class space    used 5712K, capacity 6559K, committed 6912K, reserved 1048576K
[2020-12-25T00:22:08.400-0400][gc,start       ] GC(385791) Pause Young (Normal) (G1 Evacuation Pause)
[2020-12-25T00:22:08.400-0400][gc,task        ] GC(385791) Using 4 workers of 4 for evacuation
[2020-12-25T00:22:08.405-0400][gc,phases      ] GC(385791)   Pre Evacuate Collection Set: 0.0ms
[2020-12-25T00:22:08.405-0400][gc,phases      ] GC(385791)   Evacuate Collection Set: 2.8ms
[2020-12-25T00:22:08.405-0400][gc,phases      ] GC(385791)   Post Evacuate Collection Set: 1.8ms
[2020-12-25T00:22:08.405-0400][gc,phases      ] GC(385791)   Other: 0.8ms
[2020-12-25T00:22:08.405-0400][gc,heap        ] GC(385791) Eden regions: 11->0(10)
[2020-12-25T00:22:08.406-0400][gc,heap        ] GC(385791) Survivor regions: 0->1(2)
[2020-12-25T00:22:08.406-0400][gc,heap        ] GC(385791) Old regions: 46->46
[2020-12-25T00:22:08.406-0400][gc,heap        ] GC(385791) Humongous regions: 4->4
[2020-12-25T00:22:08.406-0400][gc,metaspace   ] GC(385791) Metaspace: 61020K->61020K(1107968K)
[2020-12-25T00:22:08.406-0400][gc,heap        ] GC(385791) Heap after GC invocations=385767 (full 11262): garbage-first heap   total 71680K, used 48672K [0x0000000083000000, 0x0000000100000000)
[2020-12-25T00:22:08.406-0400][gc,heap        ] GC(385791)   region size 1024K, 1 young (1024K), 1 survivors (1024K)
[2020-12-25T00:22:08.406-0400][gc,heap        ] GC(385791)  Metaspace       used 61020K, capacity 63721K, committed 64768K, reserved 1107968K
[2020-12-25T00:22:08.406-0400][gc,heap        ] GC(385791)   class space    used 5712K, capacity 6559K, committed 6912K, reserved 1048576K
[2020-12-25T00:22:08.406-0400][gc             ] GC(385791) Pause Young (Normal) (G1 Evacuation Pause) 58M->47M(70M) 6.103ms
[2020-12-25T00:22:08.406-0400][gc,cpu         ] GC(385791) User=0.02s Sys=0.00s Real=0.01s
[2020-12-25T00:22:51.631-0400][gc,heap        ] GC(385792) Heap before GC invocations=385767 (full 11262): garbage-first heap   total 71680K, used 57888K [0x0000000083000000, 0x0000000100000000)
[2020-12-25T00:22:51.631-0400][gc,heap        ] GC(385792)   region size 1024K, 11 young (11264K), 1 survivors (1024K)
[2020-12-25T00:22:51.631-0400][gc,heap        ] GC(385792)  Metaspace       used 61020K, capacity 63721K, committed 64768K, reserved 1107968K
[2020-12-25T00:22:51.631-0400][gc,heap        ] GC(385792)   class space    used 5712K, capacity 6559K, committed 6912K, reserved 1048576K
[2020-12-25T00:22:51.632-0400][gc,start       ] GC(385792) Pause Young (Normal) (G1 Evacuation Pause)
[2020-12-25T00:22:51.632-0400][gc,task        ] GC(385792) Using 4 workers of 4 for evacuation
[2020-12-25T00:22:51.637-0400][gc,phases      ] GC(385792)   Pre Evacuate Collection Set: 0.0ms
[2020-12-25T00:22:51.637-0400][gc,phases      ] GC(385792)   Evacuate Collection Set: 2.8ms
[2020-12-25T00:22:51.637-0400][gc,phases      ] GC(385792)   Post Evacuate Collection Set: 1.6ms
[2020-12-25T00:22:51.637-0400][gc,phases      ] GC(385792)   Other: 1.0ms
[2020-12-25T00:22:51.637-0400][gc,heap        ] GC(385792) Eden regions: 10->0(10)
[2020-12-25T00:22:51.637-0400][gc,heap        ] GC(385792) Survivor regions: 1->1(2)
[2020-12-25T00:22:51.637-0400][gc,heap        ] GC(385792) Old regions: 46->46
[2020-12-25T00:22:51.637-0400][gc,heap        ] GC(385792) Humongous regions: 4->4
[2020-12-25T00:22:51.637-0400][gc,metaspace   ] GC(385792) Metaspace: 61020K->61020K(1107968K)
[2020-12-25T00:22:51.637-0400][gc,heap        ] GC(385792) Heap after GC invocations=385768 (full 11262): garbage-first heap   total 71680K, used 48720K [0x0000000083000000, 0x0000000100000000)
[2020-12-25T00:22:51.637-0400][gc,heap        ] GC(385792)   region size 1024K, 1 young (1024K), 1 survivors (1024K)
[2020-12-25T00:22:51.637-0400][gc,heap        ] GC(385792)  Metaspace       used 61020K, capacity 63721K, committed 64768K, reserved 1107968K
[2020-12-25T00:22:51.637-0400][gc,heap        ] GC(385792)   class space    used 5712K, capacity 6559K, committed 6912K, reserved 1048576K
[2020-12-25T00:22:51.637-0400][gc             ] GC(385792) Pause Young (Normal) (G1 Evacuation Pause) 57M->47M(70M) 5.729ms
[2020-12-25T00:22:51.638-0400][gc,cpu         ] GC(385792) User=0.01s Sys=0.01s Real=0.01s
[2020-12-25T00:23:13.893-0400][gc,heap        ] GC(385793) Heap before GC invocations=385768 (full 11262): garbage-first heap   total 71680K, used 57936K [0x0000000083000000, 0x0000000100000000)
[2020-12-25T00:23:13.893-0400][gc,heap        ] GC(385793)   region size 1024K, 11 young (11264K), 1 survivors (1024K)
[2020-12-25T00:23:13.893-0400][gc,heap        ] GC(385793)  Metaspace       used 61020K, capacity 63721K, committed 64768K, reserved 1107968K
[2020-12-25T00:23:13.893-0400][gc,heap        ] GC(385793)   class space    used 5712K, capacity 6559K, committed 6912K, reserved 1048576K
[2020-12-25T00:23:13.893-0400][gc,start       ] GC(385793) Pause Young (Normal) (G1 Evacuation Pause)
[2020-12-25T00:23:13.893-0400][gc,task        ] GC(385793) Using 4 workers of 4 for evacuation
[2020-12-25T00:23:13.899-0400][gc,phases      ] GC(385793)   Pre Evacuate Collection Set: 0.0ms
[2020-12-25T00:23:13.899-0400][gc,phases      ] GC(385793)   Evacuate Collection Set: 3.2ms
[2020-12-25T00:23:13.899-0400][gc,phases      ] GC(385793)   Post Evacuate Collection Set: 1.6ms
[2020-12-25T00:23:13.899-0400][gc,phases      ] GC(385793)   Other: 0.9ms
[2020-12-25T00:23:13.899-0400][gc,heap        ] GC(385793) Eden regions: 10->0(10)
[2020-12-25T00:23:13.899-0400][gc,heap        ] GC(385793) Survivor regions: 1->1(2)
[2020-12-25T00:23:13.899-0400][gc,heap        ] GC(385793) Old regions: 46->46
[2020-12-25T00:23:13.899-0400][gc,heap        ] GC(385793) Humongous regions: 4->4
[2020-12-25T00:23:13.899-0400][gc,metaspace   ] GC(385793) Metaspace: 61020K->61020K(1107968K)
[2020-12-25T00:23:13.899-0400][gc,heap        ] GC(385793) Heap after GC invocations=385769 (full 11262): garbage-first heap   total 71680K, used 48794K [0x0000000083000000, 0x0000000100000000)
[2020-12-25T00:23:13.899-0400][gc,heap        ] GC(385793)   region size 1024K, 1 young (1024K), 1 survivors (1024K)
[2020-12-25T00:23:13.899-0400][gc,heap        ] GC(385793)  Metaspace       used 61020K, capacity 63721K, committed 64768K, reserved 1107968K
[2020-12-25T00:23:13.900-0400][gc,heap        ] GC(385793)   class space    used 5712K, capacity 6559K, committed 6912K, reserved 1048576K
[2020-12-25T00:23:13.900-0400][gc             ] GC(385793) Pause Young (Normal) (G1 Evacuation Pause) 57M->47M(70M) 6.392ms
[2020-12-25T00:23:13.900-0400][gc,cpu         ] GC(385793) User=0.00s Sys=0.01s Real=0.01s
[2020-12-25T00:23:47.214-0400][gc,heap        ] GC(385794) Heap before GC invocations=385769 (full 11262): garbage-first heap   total 71680K, used 59034K [0x0000000083000000, 0x0000000100000000)
[2020-12-25T00:23:47.214-0400][gc,heap        ] GC(385794)   region size 1024K, 11 young (11264K), 1 survivors (1024K)
[2020-12-25T00:23:47.214-0400][gc,heap        ] GC(385794)  Metaspace       used 61020K, capacity 63721K, committed 64768K, reserved 1107968K
[2020-12-25T00:23:47.214-0400][gc,heap        ] GC(385794)   class space    used 5712K, capacity 6559K, committed 6912K, reserved 1048576K
[2020-12-25T00:23:47.215-0400][gc,start       ] GC(385794) Pause Young (Normal) (G1 Evacuation Pause)
[2020-12-25T00:23:47.215-0400][gc,task        ] GC(385794) Using 4 workers of 4 for evacuation
[2020-12-25T00:23:47.220-0400][gc,phases      ] GC(385794)   Pre Evacuate Collection Set: 0.0ms
[2020-12-25T00:23:47.221-0400][gc,phases      ] GC(385794)   Evacuate Collection Set: 3.3ms
[2020-12-25T00:23:47.221-0400][gc,phases      ] GC(385794)   Post Evacuate Collection Set: 1.6ms
[2020-12-25T00:23:47.221-0400][gc,phases      ] GC(385794)   Other: 1.4ms
[2020-12-25T00:23:47.221-0400][gc,heap        ] GC(385794) Eden regions: 10->0(10)
[2020-12-25T00:23:47.221-0400][gc,heap        ] GC(385794) Survivor regions: 1->1(2)
[2020-12-25T00:23:47.221-0400][gc,heap        ] GC(385794) Old regions: 46->46
[2020-12-25T00:23:47.221-0400][gc,heap        ] GC(385794) Humongous regions: 4->4
[2020-12-25T00:23:47.221-0400][gc,metaspace   ] GC(385794) Metaspace: 61020K->61020K(1107968K)
[2020-12-25T00:23:47.221-0400][gc,heap        ] GC(385794) Heap after GC invocations=385770 (full 11262): garbage-first heap   total 71680K, used 48836K [0x0000000083000000, 0x0000000100000000)
[2020-12-25T00:23:47.221-0400][gc,heap        ] GC(385794)   region size 1024K, 1 young (1024K), 1 survivors (1024K)
[2020-12-25T00:23:47.221-0400][gc,heap        ] GC(385794)  Metaspace       used 61020K, capacity 63721K, committed 64768K, reserved 1107968K
[2020-12-25T00:23:47.221-0400][gc,heap        ] GC(385794)   class space    used 5712K, capacity 6559K, committed 6912K, reserved 1048576K
[2020-12-25T00:23:47.221-0400][gc             ] GC(385794) Pause Young (Normal) (G1 Evacuation Pause) 57M->47M(70M) 6.535ms
[2020-12-25T00:23:47.221-0400][gc,cpu         ] GC(385794) User=0.01s Sys=0.00s Real=0.01s
[2020-12-25T00:24:13.458-0400][gc,heap        ] GC(385795) Heap before GC invocations=385770 (full 11262): garbage-first heap   total 71680K, used 58052K [0x0000000083000000, 0x0000000100000000)
[2020-12-25T00:24:13.458-0400][gc,heap        ] GC(385795)   region size 1024K, 11 young (11264K), 1 survivors (1024K)
[2020-12-25T00:24:13.458-0400][gc,heap        ] GC(385795)  Metaspace       used 61020K, capacity 63721K, committed 64768K, reserved 1107968K
[2020-12-25T00:24:13.458-0400][gc,heap        ] GC(385795)   class space    used 5712K, capacity 6559K, committed 6912K, reserved 1048576K
[2020-12-25T00:24:13.458-0400][gc,start       ] GC(385795) Pause Young (Normal) (G1 Evacuation Pause)
[2020-12-25T00:24:13.458-0400][gc,task        ] GC(385795) Using 4 workers of 4 for evacuation
[2020-12-25T00:24:13.464-0400][gc,phases      ] GC(385795)   Pre Evacuate Collection Set: 0.0ms
[2020-12-25T00:24:13.464-0400][gc,phases      ] GC(385795)   Evacuate Collection Set: 3.2ms
[2020-12-25T00:24:13.464-0400][gc,phases      ] GC(385795)   Post Evacuate Collection Set: 1.7ms
[2020-12-25T00:24:13.464-0400][gc,phases      ] GC(385795)   Other: 0.9ms
[2020-12-25T00:24:13.464-0400][gc,heap        ] GC(385795) Eden regions: 10->0(10)
[2020-12-25T00:24:13.464-0400][gc,heap        ] GC(385795) Survivor regions: 1->1(2)
[2020-12-25T00:24:13.464-0400][gc,heap        ] GC(385795) Old regions: 46->46
[2020-12-25T00:24:13.464-0400][gc,heap        ] GC(385795) Humongous regions: 4->4
[2020-12-25T00:24:13.464-0400][gc,metaspace   ] GC(385795) Metaspace: 61020K->61020K(1107968K)
[2020-12-25T00:24:13.464-0400][gc,heap        ] GC(385795) Heap after GC invocations=385771 (full 11262): garbage-first heap   total 71680K, used 48874K [0x0000000083000000, 0x0000000100000000)
[2020-12-25T00:24:13.464-0400][gc,heap        ] GC(385795)   region size 1024K, 1 young (1024K), 1 survivors (1024K)
[2020-12-25T00:24:13.465-0400][gc,heap        ] GC(385795)  Metaspace       used 61020K, capacity 63721K, committed 64768K, reserved 1107968K
[2020-12-25T00:24:13.465-0400][gc,heap        ] GC(385795)   class space    used 5712K, capacity 6559K, committed 6912K, reserved 1048576K
[2020-12-25T00:24:13.465-0400][gc             ] GC(385795) Pause Young (Normal) (G1 Evacuation Pause) 57M->47M(70M) 6.366ms
[2020-12-25T00:24:13.465-0400][gc,cpu         ] GC(385795) User=0.02s Sys=0.00s Real=0.00s
[2020-12-25T00:24:39.581-0400][gc,heap        ] GC(385796) Heap before GC invocations=385771 (full 11262): garbage-first heap   total 71680K, used 58090K [0x0000000083000000, 0x0000000100000000)
[2020-12-25T00:24:39.581-0400][gc,heap        ] GC(385796)   region size 1024K, 11 young (11264K), 1 survivors (1024K)
[2020-12-25T00:24:39.581-0400][gc,heap        ] GC(385796)  Metaspace       used 61020K, capacity 63721K, committed 64768K, reserved 1107968K
[2020-12-25T00:24:39.581-0400][gc,heap        ] GC(385796)   class space    used 5712K, capacity 6559K, committed 6912K, reserved 1048576K
[2020-12-25T00:24:39.581-0400][gc,start       ] GC(385796) Pause Young (Normal) (G1 Evacuation Pause)
[2020-12-25T00:24:39.582-0400][gc,task        ] GC(385796) Using 4 workers of 4 for evacuation
[2020-12-25T00:24:39.588-0400][gc,phases      ] GC(385796)   Pre Evacuate Collection Set: 0.2ms
[2020-12-25T00:24:39.588-0400][gc,phases      ] GC(385796)   Evacuate Collection Set: 3.9ms
[2020-12-25T00:24:39.588-0400][gc,phases      ] GC(385796)   Post Evacuate Collection Set: 1.5ms
[2020-12-25T00:24:39.588-0400][gc,phases      ] GC(385796)   Other: 1.1ms
[2020-12-25T00:24:39.588-0400][gc,heap        ] GC(385796) Eden regions: 10->0(10)
[2020-12-25T00:24:39.588-0400][gc,heap        ] GC(385796) Survivor regions: 1->1(2)
[2020-12-25T00:24:39.588-0400][gc,heap        ] GC(385796) Old regions: 46->46
[2020-12-25T00:24:39.588-0400][gc,heap        ] GC(385796) Humongous regions: 4->4
[2020-12-25T00:24:39.588-0400][gc,metaspace   ] GC(385796) Metaspace: 61020K->61020K(1107968K)
[2020-12-25T00:24:39.588-0400][gc,heap        ] GC(385796) Heap after GC invocations=385772 (full 11262): garbage-first heap   total 71680K, used 48893K [0x0000000083000000, 0x0000000100000000)
[2020-12-25T00:24:39.588-0400][gc,heap        ] GC(385796)   region size 1024K, 1 young (1024K), 1 survivors (1024K)
[2020-12-25T00:24:39.588-0400][gc,heap        ] GC(385796)  Metaspace       used 61020K, capacity 63721K, committed 64768K, reserved 1107968K
[2020-12-25T00:24:39.588-0400][gc,heap        ] GC(385796)   class space    used 5712K, capacity 6559K, committed 6912K, reserved 1048576K
[2020-12-25T00:24:39.588-0400][gc             ] GC(385796) Pause Young (Normal) (G1 Evacuation Pause) 57M->47M(70M) 6.971ms
[2020-12-25T00:24:39.589-0400][gc,cpu         ] GC(385796) User=0.01s Sys=0.01s Real=0.01s
[2020-12-25T00:25:07.333-0400][gc,heap        ] GC(385797) Heap before GC invocations=385772 (full 11262): garbage-first heap   total 71680K, used 58109K [0x0000000083000000, 0x0000000100000000)
[2020-12-25T00:25:07.333-0400][gc,heap        ] GC(385797)   region size 1024K, 11 young (11264K), 1 survivors (1024K)
[2020-12-25T00:25:07.333-0400][gc,heap        ] GC(385797)  Metaspace       used 61020K, capacity 63721K, committed 64768K, reserved 1107968K
[2020-12-25T00:25:07.333-0400][gc,heap        ] GC(385797)   class space    used 5712K, capacity 6559K, committed 6912K, reserved 1048576K
[2020-12-25T00:25:07.333-0400][gc,start       ] GC(385797) Pause Young (Normal) (G1 Evacuation Pause)
[2020-12-25T00:25:07.333-0400][gc,task        ] GC(385797) Using 4 workers of 4 for evacuation
[2020-12-25T00:25:07.339-0400][gc,phases      ] GC(385797)   Pre Evacuate Collection Set: 0.0ms
[2020-12-25T00:25:07.340-0400][gc,phases      ] GC(385797)   Evacuate Collection Set: 3.9ms
[2020-12-25T00:25:07.340-0400][gc,phases      ] GC(385797)   Post Evacuate Collection Set: 1.8ms
[2020-12-25T00:25:07.340-0400][gc,phases      ] GC(385797)   Other: 0.8ms
[2020-12-25T00:25:07.340-0400][gc,heap        ] GC(385797) Eden regions: 10->0(10)
[2020-12-25T00:25:07.340-0400][gc,heap        ] GC(385797) Survivor regions: 1->1(2)
[2020-12-25T00:25:07.340-0400][gc,heap        ] GC(385797) Old regions: 46->46
[2020-12-25T00:25:07.340-0400][gc,heap        ] GC(385797) Humongous regions: 4->4
[2020-12-25T00:25:07.340-0400][gc,metaspace   ] GC(385797) Metaspace: 61020K->61020K(1107968K)
[2020-12-25T00:25:07.340-0400][gc,heap        ] GC(385797) Heap after GC invocations=385773 (full 11262): garbage-first heap   total 71680K, used 49038K [0x0000000083000000, 0x0000000100000000)
[2020-12-25T00:25:07.340-0400][gc,heap        ] GC(385797)   region size 1024K, 1 young (1024K), 1 survivors (1024K)
[2020-12-25T00:25:07.340-0400][gc,heap        ] GC(385797)  Metaspace       used 61020K, capacity 63721K, committed 64768K, reserved 1107968K
[2020-12-25T00:25:07.340-0400][gc,heap        ] GC(385797)   class space    used 5712K, capacity 6559K, committed 6912K, reserved 1048576K
[2020-12-25T00:25:07.340-0400][gc             ] GC(385797) Pause Young (Normal) (G1 Evacuation Pause) 57M->47M(70M) 6.897ms
[2020-12-25T00:25:07.340-0400][gc,cpu         ] GC(385797) User=0.02s Sys=0.01s Real=0.01s
[2020-12-25T00:25:43.891-0400][gc,heap        ] GC(385798) Heap before GC invocations=385773 (full 11262): garbage-first heap   total 71680K, used 58254K [0x0000000083000000, 0x0000000100000000)
[2020-12-25T00:25:43.891-0400][gc,heap        ] GC(385798)   region size 1024K, 11 young (11264K), 1 survivors (1024K)
[2020-12-25T00:25:43.891-0400][gc,heap        ] GC(385798)  Metaspace       used 61020K, capacity 63721K, committed 64768K, reserved 1107968K
[2020-12-25T00:25:43.891-0400][gc,heap        ] GC(385798)   class space    used 5712K, capacity 6559K, committed 6912K, reserved 1048576K
[2020-12-25T00:25:43.891-0400][gc,start       ] GC(385798) Pause Young (Normal) (G1 Evacuation Pause)
[2020-12-25T00:25:43.891-0400][gc,task        ] GC(385798) Using 4 workers of 4 for evacuation
[2020-12-25T00:25:43.897-0400][gc,phases      ] GC(385798)   Pre Evacuate Collection Set: 0.0ms
[2020-12-25T00:25:43.897-0400][gc,phases      ] GC(385798)   Evacuate Collection Set: 3.9ms
[2020-12-25T00:25:43.897-0400][gc,phases      ] GC(385798)   Post Evacuate Collection Set: 1.6ms
[2020-12-25T00:25:43.897-0400][gc,phases      ] GC(385798)   Other: 0.8ms
[2020-12-25T00:25:43.897-0400][gc,heap        ] GC(385798) Eden regions: 10->0(10)
[2020-12-25T00:25:43.897-0400][gc,heap        ] GC(385798) Survivor regions: 1->1(2)
[2020-12-25T00:25:43.897-0400][gc,heap        ] GC(385798) Old regions: 46->46
[2020-12-25T00:25:43.898-0400][gc,heap        ] GC(385798) Humongous regions: 4->4
[2020-12-25T00:25:43.898-0400][gc,metaspace   ] GC(385798) Metaspace: 61020K->61020K(1107968K)
[2020-12-25T00:25:43.898-0400][gc,heap        ] GC(385798) Heap after GC invocations=385774 (full 11262): garbage-first heap   total 71680K, used 49044K [0x0000000083000000, 0x0000000100000000)
[2020-12-25T00:25:43.898-0400][gc,heap        ] GC(385798)   region size 1024K, 1 young (1024K), 1 survivors (1024K)
[2020-12-25T00:25:43.898-0400][gc,heap        ] GC(385798)  Metaspace       used 61020K, capacity 63721K, committed 64768K, reserved 1107968K
[2020-12-25T00:25:43.898-0400][gc,heap        ] GC(385798)   class space    used 5712K, capacity 6559K, committed 6912K, reserved 1048576K
[2020-12-25T00:25:43.898-0400][gc             ] GC(385798) Pause Young (Normal) (G1 Evacuation Pause) 57M->47M(70M) 6.875ms
[2020-12-25T00:25:43.898-0400][gc,cpu         ] GC(385798) User=0.02s Sys=0.00s Real=0.01s
[2020-12-25T00:26:15.927-0400][gc,heap        ] GC(385799) Heap before GC invocations=385774 (full 11262): garbage-first heap   total 71680K, used 58260K [0x0000000083000000, 0x0000000100000000)
[2020-12-25T00:26:15.927-0400][gc,heap        ] GC(385799)   region size 1024K, 11 young (11264K), 1 survivors (1024K)
[2020-12-25T00:26:15.927-0400][gc,heap        ] GC(385799)  Metaspace       used 61020K, capacity 63721K, committed 64768K, reserved 1107968K
[2020-12-25T00:26:15.927-0400][gc,heap        ] GC(385799)   class space    used 5712K, capacity 6559K, committed 6912K, reserved 1048576K
[2020-12-25T00:26:15.928-0400][gc,start       ] GC(385799) Pause Young (Normal) (G1 Evacuation Pause)
[2020-12-25T00:26:15.928-0400][gc,task        ] GC(385799) Using 4 workers of 4 for evacuation
[2020-12-25T00:26:15.933-0400][gc,phases      ] GC(385799)   Pre Evacuate Collection Set: 0.0ms
[2020-12-25T00:26:15.933-0400][gc,phases      ] GC(385799)   Evacuate Collection Set: 3.6ms
[2020-12-25T00:26:15.934-0400][gc,phases      ] GC(385799)   Post Evacuate Collection Set: 1.6ms
[2020-12-25T00:26:15.934-0400][gc,phases      ] GC(385799)   Other: 0.9ms
[2020-12-25T00:26:15.934-0400][gc,heap        ] GC(385799) Eden regions: 10->0(10)
[2020-12-25T00:26:15.934-0400][gc,heap        ] GC(385799) Survivor regions: 1->1(2)
[2020-12-25T00:26:15.934-0400][gc,heap        ] GC(385799) Old regions: 46->46
[2020-12-25T00:26:15.934-0400][gc,heap        ] GC(385799) Humongous regions: 4->4
[2020-12-25T00:26:15.934-0400][gc,metaspace   ] GC(385799) Metaspace: 61020K->61020K(1107968K)
[2020-12-25T00:26:15.934-0400][gc,heap        ] GC(385799) Heap after GC invocations=385775 (full 11262): garbage-first heap   total 71680K, used 49003K [0x0000000083000000, 0x0000000100000000)
[2020-12-25T00:26:15.934-0400][gc,heap        ] GC(385799)   region size 1024K, 1 young (1024K), 1 survivors (1024K)
[2020-12-25T00:26:15.934-0400][gc,heap        ] GC(385799)  Metaspace       used 61020K, capacity 63721K, committed 64768K, reserved 1107968K
[2020-12-25T00:26:15.934-0400][gc,heap        ] GC(385799)   class space    used 5712K, capacity 6559K, committed 6912K, reserved 1048576K
[2020-12-25T00:26:15.934-0400][gc             ] GC(385799) Pause Young (Normal) (G1 Evacuation Pause) 57M->47M(70M) 6.772ms
[2020-12-25T00:26:15.934-0400][gc,cpu         ] GC(385799) User=0.02s Sys=0.00s Real=0.00s
[2020-12-25T00:26:44.576-0400][gc,heap        ] GC(385800) Heap before GC invocations=385775 (full 11262): garbage-first heap   total 71680K, used 58219K [0x0000000083000000, 0x0000000100000000)
[2020-12-25T00:26:44.576-0400][gc,heap        ] GC(385800)   region size 1024K, 11 young (11264K), 1 survivors (1024K)
[2020-12-25T00:26:44.577-0400][gc,heap        ] GC(385800)  Metaspace       used 61020K, capacity 63721K, committed 64768K, reserved 1107968K
[2020-12-25T00:26:44.577-0400][gc,heap        ] GC(385800)   class space    used 5712K, capacity 6559K, committed 6912K, reserved 1048576K
[2020-12-25T00:26:44.577-0400][gc,start       ] GC(385800) Pause Young (Normal) (G1 Evacuation Pause)
[2020-12-25T00:26:44.577-0400][gc,task        ] GC(385800) Using 4 workers of 4 for evacuation
[2020-12-25T00:26:44.583-0400][gc,phases      ] GC(385800)   Pre Evacuate Collection Set: 0.0ms
[2020-12-25T00:26:44.583-0400][gc,phases      ] GC(385800)   Evacuate Collection Set: 3.7ms
[2020-12-25T00:26:44.583-0400][gc,phases      ] GC(385800)   Post Evacuate Collection Set: 1.7ms
[2020-12-25T00:26:44.583-0400][gc,phases      ] GC(385800)   Other: 0.9ms
[2020-12-25T00:26:44.583-0400][gc,heap        ] GC(385800) Eden regions: 10->0(10)
[2020-12-25T00:26:44.583-0400][gc,heap        ] GC(385800) Survivor regions: 1->1(2)
[2020-12-25T00:26:44.583-0400][gc,heap        ] GC(385800) Old regions: 46->46
[2020-12-25T00:26:44.583-0400][gc,heap        ] GC(385800) Humongous regions: 4->4
[2020-12-25T00:26:44.583-0400][gc,metaspace   ] GC(385800) Metaspace: 61020K->61020K(1107968K)
[2020-12-25T00:26:44.583-0400][gc,heap        ] GC(385800) Heap after GC invocations=385776 (full 11262): garbage-first heap   total 71680K, used 49000K [0x0000000083000000, 0x0000000100000000)
[2020-12-25T00:26:44.583-0400][gc,heap        ] GC(385800)   region size 1024K, 1 young (1024K), 1 survivors (1024K)
[2020-12-25T00:26:44.583-0400][gc,heap        ] GC(385800)  Metaspace       used 61020K, capacity 63721K, committed 64768K, reserved 1107968K
[2020-12-25T00:26:44.583-0400][gc,heap        ] GC(385800)   class space    used 5712K, capacity 6559K, committed 6912K, reserved 1048576K
[2020-12-25T00:26:44.583-0400][gc             ] GC(385800) Pause Young (Normal) (G1 Evacuation Pause) 57M->47M(70M) 6.691ms
[2020-12-25T00:26:44.584-0400][gc,cpu         ] GC(385800) User=0.01s Sys=0.01s Real=0.00s
[2020-12-25T00:26:50.924-0400][gc,task        ] GC(385801) Using 3 workers of 4 for full compaction
[2020-12-25T00:26:50.924-0400][gc,start       ] GC(385801) Pause Full (System.gc())
[2020-12-25T00:26:50.925-0400][gc,heap        ] GC(385801) Heap before GC invocations=385776 (full 11262): garbage-first heap   total 71680K, used 51048K [0x0000000083000000, 0x0000000100000000)
[2020-12-25T00:26:50.925-0400][gc,heap        ] GC(385801)   region size 1024K, 4 young (4096K), 1 survivors (1024K)
[2020-12-25T00:26:50.925-0400][gc,heap        ] GC(385801)  Metaspace       used 61020K, capacity 63721K, committed 64768K, reserved 1107968K
[2020-12-25T00:26:50.925-0400][gc,heap        ] GC(385801)   class space    used 5712K, capacity 6559K, committed 6912K, reserved 1048576K
[2020-12-25T00:26:50.927-0400][gc,phases,start] GC(385801) Phase 1: Mark live objects
[2020-12-25T00:26:51.072-0400][gc,stringtable ] GC(385801) Cleaned string and symbol table, strings: 32207 processed, 0 removed, symbols: 131451 processed, 0 removed
[2020-12-25T00:26:51.072-0400][gc,phases      ] GC(385801) Phase 1: Mark live objects 144.963ms
[2020-12-25T00:26:51.072-0400][gc,phases,start] GC(385801) Phase 2: Prepare for compaction
[2020-12-25T00:26:51.103-0400][gc,phases      ] GC(385801) Phase 2: Prepare for compaction 31.110ms
[2020-12-25T00:26:51.103-0400][gc,phases,start] GC(385801) Phase 3: Adjust pointers
[2020-12-25T00:26:51.182-0400][gc,phases      ] GC(385801) Phase 3: Adjust pointers 78.623ms
[2020-12-25T00:26:51.182-0400][gc,phases,start] GC(385801) Phase 4: Compact heap
[2020-12-25T00:26:51.204-0400][gc,phases      ] GC(385801) Phase 4: Compact heap 21.739ms
[2020-12-25T00:26:51.239-0400][gc,heap        ] GC(385801) Eden regions: 3->0(11)
[2020-12-25T00:26:51.239-0400][gc,heap        ] GC(385801) Survivor regions: 1->0(2)
[2020-12-25T00:26:51.239-0400][gc,heap        ] GC(385801) Old regions: 46->46
[2020-12-25T00:26:51.239-0400][gc,heap        ] GC(385801) Humongous regions: 4->4
[2020-12-25T00:26:51.239-0400][gc,metaspace   ] GC(385801) Metaspace: 61020K->61020K(1107968K)
[2020-12-25T00:26:51.239-0400][gc,heap        ] GC(385801) Heap after GC invocations=385777 (full 11263): garbage-first heap   total 71680K, used 48425K [0x0000000083000000, 0x0000000100000000)
[2020-12-25T00:26:51.239-0400][gc,heap        ] GC(385801)   region size 1024K, 0 young (0K), 0 survivors (0K)
[2020-12-25T00:26:51.239-0400][gc,heap        ] GC(385801)  Metaspace       used 61020K, capacity 63721K, committed 64768K, reserved 1107968K
[2020-12-25T00:26:51.239-0400][gc,heap        ] GC(385801)   class space    used 5712K, capacity 6559K, committed 6912K, reserved 1048576K
[2020-12-25T00:26:51.240-0400][gc             ] GC(385801) Pause Full (System.gc()) 49M->47M(70M) 315.105ms
[2020-12-25T00:26:51.240-0400][gc,cpu         ] GC(385801) User=0.54s Sys=0.31s Real=0.32s
[2020-12-25T00:27:23.655-0400][gc,heap        ] GC(385802) Heap before GC invocations=385777 (full 11263): garbage-first heap   total 71680K, used 58665K [0x0000000083000000, 0x0000000100000000)
[2020-12-25T00:27:23.656-0400][gc,heap        ] GC(385802)   region size 1024K, 11 young (11264K), 0 survivors (0K)
[2020-12-25T00:27:23.656-0400][gc,heap        ] GC(385802)  Metaspace       used 61020K, capacity 63721K, committed 64768K, reserved 1107968K
[2020-12-25T00:27:23.656-0400][gc,heap        ] GC(385802)   class space    used 5712K, capacity 6559K, committed 6912K, reserved 1048576K
[2020-12-25T00:27:23.656-0400][gc,start       ] GC(385802) Pause Young (Normal) (G1 Evacuation Pause)
[2020-12-25T00:27:23.656-0400][gc,task        ] GC(385802) Using 4 workers of 4 for evacuation
[2020-12-25T00:27:23.661-0400][gc,phases      ] GC(385802)   Pre Evacuate Collection Set: 0.0ms
[2020-12-25T00:27:23.661-0400][gc,phases      ] GC(385802)   Evacuate Collection Set: 2.9ms
[2020-12-25T00:27:23.661-0400][gc,phases      ] GC(385802)   Post Evacuate Collection Set: 1.9ms
[2020-12-25T00:27:23.661-0400][gc,phases      ] GC(385802)   Other: 0.9ms
[2020-12-25T00:27:23.662-0400][gc,heap        ] GC(385802) Eden regions: 11->0(10)
[2020-12-25T00:27:23.662-0400][gc,heap        ] GC(385802) Survivor regions: 0->1(2)
[2020-12-25T00:27:23.662-0400][gc,heap        ] GC(385802) Old regions: 46->46
[2020-12-25T00:27:23.662-0400][gc,heap        ] GC(385802) Humongous regions: 4->4
[2020-12-25T00:27:23.662-0400][gc,metaspace   ] GC(385802) Metaspace: 61020K->61020K(1107968K)
[2020-12-25T00:27:23.662-0400][gc,heap        ] GC(385802) Heap after GC invocations=385778 (full 11263): garbage-first heap   total 71680K, used 48696K [0x0000000083000000, 0x0000000100000000)
[2020-12-25T00:27:23.662-0400][gc,heap        ] GC(385802)   region size 1024K, 1 young (1024K), 1 survivors (1024K)
[2020-12-25T00:27:23.662-0400][gc,heap        ] GC(385802)  Metaspace       used 61020K, capacity 63721K, committed 64768K, reserved 1107968K
[2020-12-25T00:27:23.662-0400][gc,heap        ] GC(385802)   class space    used 5712K, capacity 6559K, committed 6912K, reserved 1048576K
[2020-12-25T00:27:23.662-0400][gc             ] GC(385802) Pause Young (Normal) (G1 Evacuation Pause) 58M->47M(70M) 6.102ms
[2020-12-25T00:27:23.662-0400][gc,cpu         ] GC(385802) User=0.01s Sys=0.00s Real=0.00s
[2020-12-25T00:28:02.613-0400][gc,heap        ] GC(385803) Heap before GC invocations=385778 (full 11263): garbage-first heap   total 71680K, used 57912K [0x0000000083000000, 0x0000000100000000)
[2020-12-25T00:28:02.613-0400][gc,heap        ] GC(385803)   region size 1024K, 11 young (11264K), 1 survivors (1024K)
[2020-12-25T00:28:02.613-0400][gc,heap        ] GC(385803)  Metaspace       used 61020K, capacity 63721K, committed 64768K, reserved 1107968K
[2020-12-25T00:28:02.613-0400][gc,heap        ] GC(385803)   class space    used 5712K, capacity 6559K, committed 6912K, reserved 1048576K
[2020-12-25T00:28:02.613-0400][gc,start       ] GC(385803) Pause Young (Normal) (G1 Evacuation Pause)
[2020-12-25T00:28:02.613-0400][gc,task        ] GC(385803) Using 4 workers of 4 for evacuation
[2020-12-25T00:28:02.619-0400][gc,phases      ] GC(385803)   Pre Evacuate Collection Set: 0.0ms
[2020-12-25T00:28:02.619-0400][gc,phases      ] GC(385803)   Evacuate Collection Set: 3.1ms
[2020-12-25T00:28:02.619-0400][gc,phases      ] GC(385803)   Post Evacuate Collection Set: 1.9ms
[2020-12-25T00:28:02.619-0400][gc,phases      ] GC(385803)   Other: 0.8ms
[2020-12-25T00:28:02.619-0400][gc,heap        ] GC(385803) Eden regions: 10->0(10)
[2020-12-25T00:28:02.619-0400][gc,heap        ] GC(385803) Survivor regions: 1->1(2)
[2020-12-25T00:28:02.619-0400][gc,heap        ] GC(385803) Old regions: 46->46
[2020-12-25T00:28:02.619-0400][gc,heap        ] GC(385803) Humongous regions: 4->4
[2020-12-25T00:28:02.619-0400][gc,metaspace   ] GC(385803) Metaspace: 61020K->61020K(1107968K)
[2020-12-25T00:28:02.619-0400][gc,heap        ] GC(385803) Heap after GC invocations=385779 (full 11263): garbage-first heap   total 71680K, used 48746K [0x0000000083000000, 0x0000000100000000)
[2020-12-25T00:28:02.619-0400][gc,heap        ] GC(385803)   region size 1024K, 1 young (1024K), 1 survivors (1024K)
[2020-12-25T00:28:02.619-0400][gc,heap        ] GC(385803)  Metaspace       used 61020K, capacity 63721K, committed 64768K, reserved 1107968K
[2020-12-25T00:28:02.619-0400][gc,heap        ] GC(385803)   class space    used 5712K, capacity 6559K, committed 6912K, reserved 1048576K
[2020-12-25T00:28:02.619-0400][gc             ] GC(385803) Pause Young (Normal) (G1 Evacuation Pause) 57M->47M(70M) 6.302ms
[2020-12-25T00:28:02.620-0400][gc,cpu         ] GC(385803) User=0.02s Sys=0.00s Real=0.01s
[2020-12-25T00:28:30.974-0400][gc,heap        ] GC(385804) Heap before GC invocations=385779 (full 11263): garbage-first heap   total 71680K, used 57962K [0x0000000083000000, 0x0000000100000000)
[2020-12-25T00:28:30.975-0400][gc,heap        ] GC(385804)   region size 1024K, 11 young (11264K), 1 survivors (1024K)
[2020-12-25T00:28:30.975-0400][gc,heap        ] GC(385804)  Metaspace       used 61020K, capacity 63721K, committed 64768K, reserved 1107968K
[2020-12-25T00:28:30.975-0400][gc,heap        ] GC(385804)   class space    used 5712K, capacity 6559K, committed 6912K, reserved 1048576K
[2020-12-25T00:28:30.975-0400][gc,start       ] GC(385804) Pause Young (Normal) (G1 Evacuation Pause)
[2020-12-25T00:28:30.975-0400][gc,task        ] GC(385804) Using 4 workers of 4 for evacuation
[2020-12-25T00:28:30.980-0400][gc,phases      ] GC(385804)   Pre Evacuate Collection Set: 0.0ms
[2020-12-25T00:28:30.980-0400][gc,phases      ] GC(385804)   Evacuate Collection Set: 2.9ms
[2020-12-25T00:28:30.980-0400][gc,phases      ] GC(385804)   Post Evacuate Collection Set: 1.6ms
[2020-12-25T00:28:30.980-0400][gc,phases      ] GC(385804)   Other: 0.9ms
[2020-12-25T00:28:30.980-0400][gc,heap        ] GC(385804) Eden regions: 10->0(10)
[2020-12-25T00:28:30.980-0400][gc,heap        ] GC(385804) Survivor regions: 1->1(2)
[2020-12-25T00:28:30.980-0400][gc,heap        ] GC(385804) Old regions: 46->46
[2020-12-25T00:28:30.980-0400][gc,heap        ] GC(385804) Humongous regions: 4->4
[2020-12-25T00:28:30.980-0400][gc,metaspace   ] GC(385804) Metaspace: 61020K->61020K(1107968K)
[2020-12-25T00:28:30.980-0400][gc,heap        ] GC(385804) Heap after GC invocations=385780 (full 11263): garbage-first heap   total 71680K, used 48729K [0x0000000083000000, 0x0000000100000000)
[2020-12-25T00:28:30.980-0400][gc,heap        ] GC(385804)   region size 1024K, 1 young (1024K), 1 survivors (1024K)
[2020-12-25T00:28:30.980-0400][gc,heap        ] GC(385804)  Metaspace       used 61020K, capacity 63721K, committed 64768K, reserved 1107968K
[2020-12-25T00:28:30.980-0400][gc,heap        ] GC(385804)   class space    used 5712K, capacity 6559K, committed 6912K, reserved 1048576K
[2020-12-25T00:28:30.980-0400][gc             ] GC(385804) Pause Young (Normal) (G1 Evacuation Pause) 57M->47M(70M) 5.708ms
[2020-12-25T00:28:30.981-0400][gc,cpu         ] GC(385804) User=0.01s Sys=0.01s Real=0.01s
[2020-12-25T00:29:03.895-0400][gc,heap        ] GC(385805) Heap before GC invocations=385780 (full 11263): garbage-first heap   total 71680K, used 58969K [0x0000000083000000, 0x0000000100000000)
[2020-12-25T00:29:03.896-0400][gc,heap        ] GC(385805)   region size 1024K, 11 young (11264K), 1 survivors (1024K)
[2020-12-25T00:29:03.896-0400][gc,heap        ] GC(385805)  Metaspace       used 61020K, capacity 63721K, committed 64768K, reserved 1107968K
[2020-12-25T00:29:03.896-0400][gc,heap        ] GC(385805)   class space    used 5712K, capacity 6559K, committed 6912K, reserved 1048576K
[2020-12-25T00:29:03.896-0400][gc,start       ] GC(385805) Pause Young (Normal) (G1 Evacuation Pause)
[2020-12-25T00:29:03.896-0400][gc,task        ] GC(385805) Using 4 workers of 4 for evacuation
[2020-12-25T00:29:03.901-0400][gc,phases      ] GC(385805)   Pre Evacuate Collection Set: 0.0ms
[2020-12-25T00:29:03.901-0400][gc,phases      ] GC(385805)   Evacuate Collection Set: 3.4ms
[2020-12-25T00:29:03.901-0400][gc,phases      ] GC(385805)   Post Evacuate Collection Set: 1.5ms
[2020-12-25T00:29:03.902-0400][gc,phases      ] GC(385805)   Other: 0.9ms
[2020-12-25T00:29:03.902-0400][gc,heap        ] GC(385805) Eden regions: 10->0(10)
[2020-12-25T00:29:03.902-0400][gc,heap        ] GC(385805) Survivor regions: 1->1(2)
[2020-12-25T00:29:03.902-0400][gc,heap        ] GC(385805) Old regions: 46->46
[2020-12-25T00:29:03.902-0400][gc,heap        ] GC(385805) Humongous regions: 4->4
[2020-12-25T00:29:03.902-0400][gc,metaspace   ] GC(385805) Metaspace: 61020K->61020K(1107968K)
[2020-12-25T00:29:03.902-0400][gc,heap        ] GC(385805) Heap after GC invocations=385781 (full 11263): garbage-first heap   total 71680K, used 48826K [0x0000000083000000, 0x0000000100000000)
[2020-12-25T00:29:03.902-0400][gc,heap        ] GC(385805)   region size 1024K, 1 young (1024K), 1 survivors (1024K)
[2020-12-25T00:29:03.902-0400][gc,heap        ] GC(385805)  Metaspace       used 61020K, capacity 63721K, committed 64768K, reserved 1107968K
[2020-12-25T00:29:03.902-0400][gc,heap        ] GC(385805)   class space    used 5712K, capacity 6559K, committed 6912K, reserved 1048576K
[2020-12-25T00:29:03.902-0400][gc             ] GC(385805) Pause Young (Normal) (G1 Evacuation Pause) 57M->47M(70M) 6.240ms
[2020-12-25T00:29:03.902-0400][gc,cpu         ] GC(385805) User=0.01s Sys=0.01s Real=0.00s
[2020-12-25T00:29:33.894-0400][gc,heap        ] GC(385806) Heap before GC invocations=385781 (full 11263): garbage-first heap   total 71680K, used 58042K [0x0000000083000000, 0x0000000100000000)
[2020-12-25T00:29:33.894-0400][gc,heap        ] GC(385806)   region size 1024K, 11 young (11264K), 1 survivors (1024K)
[2020-12-25T00:29:33.894-0400][gc,heap        ] GC(385806)  Metaspace       used 61020K, capacity 63721K, committed 64768K, reserved 1107968K
[2020-12-25T00:29:33.894-0400][gc,heap        ] GC(385806)   class space    used 5712K, capacity 6559K, committed 6912K, reserved 1048576K
[2020-12-25T00:29:33.894-0400][gc,start       ] GC(385806) Pause Young (Normal) (G1 Evacuation Pause)
[2020-12-25T00:29:33.894-0400][gc,task        ] GC(385806) Using 4 workers of 4 for evacuation
[2020-12-25T00:29:33.899-0400][gc,phases      ] GC(385806)   Pre Evacuate Collection Set: 0.0ms
[2020-12-25T00:29:33.899-0400][gc,phases      ] GC(385806)   Evacuate Collection Set: 3.0ms
[2020-12-25T00:29:33.899-0400][gc,phases      ] GC(385806)   Post Evacuate Collection Set: 1.5ms
[2020-12-25T00:29:33.900-0400][gc,phases      ] GC(385806)   Other: 0.8ms
[2020-12-25T00:29:33.900-0400][gc,heap        ] GC(385806) Eden regions: 10->0(10)
[2020-12-25T00:29:33.900-0400][gc,heap        ] GC(385806) Survivor regions: 1->1(2)
[2020-12-25T00:29:33.900-0400][gc,heap        ] GC(385806) Old regions: 46->46
[2020-12-25T00:29:33.900-0400][gc,heap        ] GC(385806) Humongous regions: 4->4
[2020-12-25T00:29:33.900-0400][gc,metaspace   ] GC(385806) Metaspace: 61020K->61020K(1107968K)
[2020-12-25T00:29:33.900-0400][gc,heap        ] GC(385806) Heap after GC invocations=385782 (full 11263): garbage-first heap   total 71680K, used 48805K [0x0000000083000000, 0x0000000100000000)
[2020-12-25T00:29:33.900-0400][gc,heap        ] GC(385806)   region size 1024K, 1 young (1024K), 1 survivors (1024K)
[2020-12-25T00:29:33.900-0400][gc,heap        ] GC(385806)  Metaspace       used 61020K, capacity 63721K, committed 64768K, reserved 1107968K
[2020-12-25T00:29:33.900-0400][gc,heap        ] GC(385806)   class space    used 5712K, capacity 6559K, committed 6912K, reserved 1048576K
[2020-12-25T00:29:33.900-0400][gc             ] GC(385806) Pause Young (Normal) (G1 Evacuation Pause) 57M->47M(70M) 5.819ms
[2020-12-25T00:29:33.900-0400][gc,cpu         ] GC(385806) User=0.00s Sys=0.01s Real=0.01s
[2020-12-25T00:30:03.893-0400][gc,heap        ] GC(385807) Heap before GC invocations=385782 (full 11263): garbage-first heap   total 71680K, used 58021K [0x0000000083000000, 0x0000000100000000)
[2020-12-25T00:30:03.893-0400][gc,heap        ] GC(385807)   region size 1024K, 11 young (11264K), 1 survivors (1024K)
[2020-12-25T00:30:03.894-0400][gc,heap        ] GC(385807)  Metaspace       used 61020K, capacity 63721K, committed 64768K, reserved 1107968K
[2020-12-25T00:30:03.894-0400][gc,heap        ] GC(385807)   class space    used 5712K, capacity 6559K, committed 6912K, reserved 1048576K
[2020-12-25T00:30:03.894-0400][gc,start       ] GC(385807) Pause Young (Normal) (G1 Evacuation Pause)
[2020-12-25T00:30:03.894-0400][gc,task        ] GC(385807) Using 4 workers of 4 for evacuation
[2020-12-25T00:30:03.899-0400][gc,phases      ] GC(385807)   Pre Evacuate Collection Set: 0.0ms
[2020-12-25T00:30:03.899-0400][gc,phases      ] GC(385807)   Evacuate Collection Set: 3.2ms
[2020-12-25T00:30:03.899-0400][gc,phases      ] GC(385807)   Post Evacuate Collection Set: 1.7ms
[2020-12-25T00:30:03.899-0400][gc,phases      ] GC(385807)   Other: 0.9ms
[2020-12-25T00:30:03.899-0400][gc,heap        ] GC(385807) Eden regions: 10->0(10)
[2020-12-25T00:30:03.900-0400][gc,heap        ] GC(385807) Survivor regions: 1->1(2)
[2020-12-25T00:30:03.900-0400][gc,heap        ] GC(385807) Old regions: 46->46
[2020-12-25T00:30:03.900-0400][gc,heap        ] GC(385807) Humongous regions: 4->4
[2020-12-25T00:30:03.900-0400][gc,metaspace   ] GC(385807) Metaspace: 61020K->61020K(1107968K)
[2020-12-25T00:30:03.900-0400][gc,heap        ] GC(385807) Heap after GC invocations=385783 (full 11263): garbage-first heap   total 71680K, used 48791K [0x0000000083000000, 0x0000000100000000)
[2020-12-25T00:30:03.900-0400][gc,heap        ] GC(385807)   region size 1024K, 1 young (1024K), 1 survivors (1024K)
[2020-12-25T00:30:03.900-0400][gc,heap        ] GC(385807)  Metaspace       used 61020K, capacity 63721K, committed 64768K, reserved 1107968K
[2020-12-25T00:30:03.900-0400][gc,heap        ] GC(385807)   class space    used 5712K, capacity 6559K, committed 6912K, reserved 1048576K
[2020-12-25T00:30:03.900-0400][gc             ] GC(385807) Pause Young (Normal) (G1 Evacuation Pause) 57M->47M(70M) 6.151ms
[2020-12-25T00:30:03.900-0400][gc,cpu         ] GC(385807) User=0.02s Sys=0.00s Real=0.01s
[2020-12-25T00:30:41.034-0400][gc,heap        ] GC(385808) Heap before GC invocations=385783 (full 11263): garbage-first heap   total 71680K, used 58007K [0x0000000083000000, 0x0000000100000000)
[2020-12-25T00:30:41.034-0400][gc,heap        ] GC(385808)   region size 1024K, 11 young (11264K), 1 survivors (1024K)
[2020-12-25T00:30:41.035-0400][gc,heap        ] GC(385808)  Metaspace       used 61020K, capacity 63721K, committed 64768K, reserved 1107968K
[2020-12-25T00:30:41.035-0400][gc,heap        ] GC(385808)   class space    used 5712K, capacity 6559K, committed 6912K, reserved 1048576K
[2020-12-25T00:30:41.035-0400][gc,start       ] GC(385808) Pause Young (Normal) (G1 Evacuation Pause)
[2020-12-25T00:30:41.035-0400][gc,task        ] GC(385808) Using 4 workers of 4 for evacuation
[2020-12-25T00:30:41.041-0400][gc,phases      ] GC(385808)   Pre Evacuate Collection Set: 0.0ms
[2020-12-25T00:30:41.041-0400][gc,phases      ] GC(385808)   Evacuate Collection Set: 4.1ms
[2020-12-25T00:30:41.041-0400][gc,phases      ] GC(385808)   Post Evacuate Collection Set: 1.5ms
[2020-12-25T00:30:41.041-0400][gc,phases      ] GC(385808)   Other: 1.0ms
[2020-12-25T00:30:41.041-0400][gc,heap        ] GC(385808) Eden regions: 10->0(10)
[2020-12-25T00:30:41.041-0400][gc,heap        ] GC(385808) Survivor regions: 1->1(2)
[2020-12-25T00:30:41.041-0400][gc,heap        ] GC(385808) Old regions: 46->46
[2020-12-25T00:30:41.041-0400][gc,heap        ] GC(385808) Humongous regions: 4->4
[2020-12-25T00:30:41.041-0400][gc,metaspace   ] GC(385808) Metaspace: 61020K->61020K(1107968K)
[2020-12-25T00:30:41.041-0400][gc,heap        ] GC(385808) Heap after GC invocations=385784 (full 11263): garbage-first heap   total 71680K, used 48813K [0x0000000083000000, 0x0000000100000000)
[2020-12-25T00:30:41.041-0400][gc,heap        ] GC(385808)   region size 1024K, 1 young (1024K), 1 survivors (1024K)
[2020-12-25T00:30:41.041-0400][gc,heap        ] GC(385808)  Metaspace       used 61020K, capacity 63721K, committed 64768K, reserved 1107968K
[2020-12-25T00:30:41.042-0400][gc,heap        ] GC(385808)   class space    used 5712K, capacity 6559K, committed 6912K, reserved 1048576K
[2020-12-25T00:30:41.042-0400][gc             ] GC(385808) Pause Young (Normal) (G1 Evacuation Pause) 57M->47M(70M) 6.988ms
[2020-12-25T00:30:41.042-0400][gc,cpu         ] GC(385808) User=0.01s Sys=0.00s Real=0.01s
[2020-12-25T00:31:09.228-0400][gc,heap        ] GC(385809) Heap before GC invocations=385784 (full 11263): garbage-first heap   total 71680K, used 58029K [0x0000000083000000, 0x0000000100000000)
[2020-12-25T00:31:09.228-0400][gc,heap        ] GC(385809)   region size 1024K, 11 young (11264K), 1 survivors (1024K)
[2020-12-25T00:31:09.228-0400][gc,heap        ] GC(385809)  Metaspace       used 61020K, capacity 63721K, committed 64768K, reserved 1107968K
[2020-12-25T00:31:09.228-0400][gc,heap        ] GC(385809)   class space    used 5712K, capacity 6559K, committed 6912K, reserved 1048576K
[2020-12-25T00:31:09.229-0400][gc,start       ] GC(385809) Pause Young (Normal) (G1 Evacuation Pause)
[2020-12-25T00:31:09.229-0400][gc,task        ] GC(385809) Using 4 workers of 4 for evacuation
[2020-12-25T00:31:09.234-0400][gc,phases      ] GC(385809)   Pre Evacuate Collection Set: 0.0ms
[2020-12-25T00:31:09.234-0400][gc,phases      ] GC(385809)   Evacuate Collection Set: 3.6ms
[2020-12-25T00:31:09.234-0400][gc,phases      ] GC(385809)   Post Evacuate Collection Set: 1.6ms
[2020-12-25T00:31:09.235-0400][gc,phases      ] GC(385809)   Other: 0.8ms
[2020-12-25T00:31:09.235-0400][gc,heap        ] GC(385809) Eden regions: 10->0(10)
[2020-12-25T00:31:09.235-0400][gc,heap        ] GC(385809) Survivor regions: 1->1(2)
[2020-12-25T00:31:09.235-0400][gc,heap        ] GC(385809) Old regions: 46->46
[2020-12-25T00:31:09.235-0400][gc,heap        ] GC(385809) Humongous regions: 4->4
[2020-12-25T00:31:09.235-0400][gc,metaspace   ] GC(385809) Metaspace: 61020K->61020K(1107968K)
[2020-12-25T00:31:09.235-0400][gc,heap        ] GC(385809) Heap after GC invocations=385785 (full 11263): garbage-first heap   total 71680K, used 48887K [0x0000000083000000, 0x0000000100000000)
[2020-12-25T00:31:09.235-0400][gc,heap        ] GC(385809)   region size 1024K, 1 young (1024K), 1 survivors (1024K)
[2020-12-25T00:31:09.235-0400][gc,heap        ] GC(385809)  Metaspace       used 61020K, capacity 63721K, committed 64768K, reserved 1107968K
[2020-12-25T00:31:09.235-0400][gc,heap        ] GC(385809)   class space    used 5712K, capacity 6559K, committed 6912K, reserved 1048576K
[2020-12-25T00:31:09.235-0400][gc             ] GC(385809) Pause Young (Normal) (G1 Evacuation Pause) 57M->47M(70M) 6.476ms
[2020-12-25T00:31:09.235-0400][gc,cpu         ] GC(385809) User=0.01s Sys=0.00s Real=0.00s
[2020-12-25T00:31:40.112-0400][gc,heap        ] GC(385810) Heap before GC invocations=385785 (full 11263): garbage-first heap   total 71680K, used 58103K [0x0000000083000000, 0x0000000100000000)
[2020-12-25T00:31:40.112-0400][gc,heap        ] GC(385810)   region size 1024K, 11 young (11264K), 1 survivors (1024K)
[2020-12-25T00:31:40.112-0400][gc,heap        ] GC(385810)  Metaspace       used 61020K, capacity 63721K, committed 64768K, reserved 1107968K
[2020-12-25T00:31:40.112-0400][gc,heap        ] GC(385810)   class space    used 5712K, capacity 6559K, committed 6912K, reserved 1048576K
[2020-12-25T00:31:40.112-0400][gc,start       ] GC(385810) Pause Young (Normal) (G1 Evacuation Pause)
[2020-12-25T00:31:40.112-0400][gc,task        ] GC(385810) Using 4 workers of 4 for evacuation
[2020-12-25T00:31:40.118-0400][gc,phases      ] GC(385810)   Pre Evacuate Collection Set: 0.0ms
[2020-12-25T00:31:40.118-0400][gc,phases      ] GC(385810)   Evacuate Collection Set: 4.0ms
[2020-12-25T00:31:40.118-0400][gc,phases      ] GC(385810)   Post Evacuate Collection Set: 1.5ms
[2020-12-25T00:31:40.118-0400][gc,phases      ] GC(385810)   Other: 0.9ms
[2020-12-25T00:31:40.118-0400][gc,heap        ] GC(385810) Eden regions: 10->0(10)
[2020-12-25T00:31:40.118-0400][gc,heap        ] GC(385810) Survivor regions: 1->1(2)
[2020-12-25T00:31:40.118-0400][gc,heap        ] GC(385810) Old regions: 46->46
[2020-12-25T00:31:40.119-0400][gc,heap        ] GC(385810) Humongous regions: 4->4
[2020-12-25T00:31:40.119-0400][gc,metaspace   ] GC(385810) Metaspace: 61020K->61020K(1107968K)
[2020-12-25T00:31:40.119-0400][gc,heap        ] GC(385810) Heap after GC invocations=385786 (full 11263): garbage-first heap   total 71680K, used 48989K [0x0000000083000000, 0x0000000100000000)
[2020-12-25T00:31:40.119-0400][gc,heap        ] GC(385810)   region size 1024K, 1 young (1024K), 1 survivors (1024K)
[2020-12-25T00:31:40.119-0400][gc,heap        ] GC(385810)  Metaspace       used 61020K, capacity 63721K, committed 64768K, reserved 1107968K
[2020-12-25T00:31:40.119-0400][gc,heap        ] GC(385810)   class space    used 5712K, capacity 6559K, committed 6912K, reserved 1048576K
[2020-12-25T00:31:40.119-0400][gc             ] GC(385810) Pause Young (Normal) (G1 Evacuation Pause) 57M->47M(70M) 6.925ms
[2020-12-25T00:31:40.119-0400][gc,cpu         ] GC(385810) User=0.01s Sys=0.01s Real=0.01s
[2020-12-25T00:31:50.924-0400][gc,task        ] GC(385811) Using 3 workers of 4 for full compaction
[2020-12-25T00:31:50.924-0400][gc,start       ] GC(385811) Pause Full (System.gc())
[2020-12-25T00:31:50.924-0400][gc,heap        ] GC(385811) Heap before GC invocations=385786 (full 11263): garbage-first heap   total 71680K, used 52061K [0x0000000083000000, 0x0000000100000000)
[2020-12-25T00:31:50.924-0400][gc,heap        ] GC(385811)   region size 1024K, 5 young (5120K), 1 survivors (1024K)
[2020-12-25T00:31:50.924-0400][gc,heap        ] GC(385811)  Metaspace       used 61020K, capacity 63721K, committed 64768K, reserved 1107968K
[2020-12-25T00:31:50.924-0400][gc,heap        ] GC(385811)   class space    used 5712K, capacity 6559K, committed 6912K, reserved 1048576K
[2020-12-25T00:31:50.927-0400][gc,phases,start] GC(385811) Phase 1: Mark live objects
[2020-12-25T00:31:51.071-0400][gc,stringtable ] GC(385811) Cleaned string and symbol table, strings: 32207 processed, 0 removed, symbols: 131451 processed, 0 removed
[2020-12-25T00:31:51.071-0400][gc,phases      ] GC(385811) Phase 1: Mark live objects 144.307ms
[2020-12-25T00:31:51.071-0400][gc,phases,start] GC(385811) Phase 2: Prepare for compaction
[2020-12-25T00:31:51.101-0400][gc,phases      ] GC(385811) Phase 2: Prepare for compaction 30.177ms
[2020-12-25T00:31:51.102-0400][gc,phases,start] GC(385811) Phase 3: Adjust pointers
[2020-12-25T00:31:51.180-0400][gc,phases      ] GC(385811) Phase 3: Adjust pointers 78.290ms
[2020-12-25T00:31:51.180-0400][gc,phases,start] GC(385811) Phase 4: Compact heap
[2020-12-25T00:31:51.199-0400][gc,phases      ] GC(385811) Phase 4: Compact heap 19.485ms
[2020-12-25T00:31:51.235-0400][gc,heap        ] GC(385811) Eden regions: 4->0(10)
[2020-12-25T00:31:51.235-0400][gc,heap        ] GC(385811) Survivor regions: 1->0(2)
[2020-12-25T00:31:51.235-0400][gc,heap        ] GC(385811) Old regions: 46->47
[2020-12-25T00:31:51.235-0400][gc,heap        ] GC(385811) Humongous regions: 4->4
[2020-12-25T00:31:51.235-0400][gc,metaspace   ] GC(385811) Metaspace: 61020K->61020K(1107968K)
[2020-12-25T00:31:51.236-0400][gc,heap        ] GC(385811) Heap after GC invocations=385787 (full 11264): garbage-first heap   total 71680K, used 48575K [0x0000000083000000, 0x0000000100000000)
[2020-12-25T00:31:51.236-0400][gc,heap        ] GC(385811)   region size 1024K, 0 young (0K), 0 survivors (0K)
[2020-12-25T00:31:51.236-0400][gc,heap        ] GC(385811)  Metaspace       used 61020K, capacity 63721K, committed 64768K, reserved 1107968K
[2020-12-25T00:31:51.236-0400][gc,heap        ] GC(385811)   class space    used 5712K, capacity 6559K, committed 6912K, reserved 1048576K
[2020-12-25T00:31:51.236-0400][gc             ] GC(385811) Pause Full (System.gc()) 51M->47M(70M) 311.626ms
[2020-12-25T00:31:51.236-0400][gc,cpu         ] GC(385811) User=0.84s Sys=0.00s Real=0.32s
[2020-12-25T00:32:16.034-0400][gc,heap        ] GC(385812) Heap before GC invocations=385787 (full 11264): garbage-first heap   total 71680K, used 57791K [0x0000000083000000, 0x0000000100000000)
[2020-12-25T00:32:16.034-0400][gc,heap        ] GC(385812)   region size 1024K, 10 young (10240K), 0 survivors (0K)
[2020-12-25T00:32:16.034-0400][gc,heap        ] GC(385812)  Metaspace       used 61020K, capacity 63721K, committed 64768K, reserved 1107968K
[2020-12-25T00:32:16.034-0400][gc,heap        ] GC(385812)   class space    used 5712K, capacity 6559K, committed 6912K, reserved 1048576K
[2020-12-25T00:32:16.035-0400][gc,start       ] GC(385812) Pause Young (Normal) (G1 Evacuation Pause)
[2020-12-25T00:32:16.035-0400][gc,task        ] GC(385812) Using 4 workers of 4 for evacuation
[2020-12-25T00:32:16.040-0400][gc,phases      ] GC(385812)   Pre Evacuate Collection Set: 0.0ms
[2020-12-25T00:32:16.040-0400][gc,phases      ] GC(385812)   Evacuate Collection Set: 3.0ms
[2020-12-25T00:32:16.040-0400][gc,phases      ] GC(385812)   Post Evacuate Collection Set: 1.8ms
[2020-12-25T00:32:16.040-0400][gc,phases      ] GC(385812)   Other: 0.9ms
[2020-12-25T00:32:16.040-0400][gc,heap        ] GC(385812) Eden regions: 10->0(10)
[2020-12-25T00:32:16.040-0400][gc,heap        ] GC(385812) Survivor regions: 0->1(2)
[2020-12-25T00:32:16.040-0400][gc,heap        ] GC(385812) Old regions: 47->47
[2020-12-25T00:32:16.040-0400][gc,heap        ] GC(385812) Humongous regions: 4->4
[2020-12-25T00:32:16.040-0400][gc,metaspace   ] GC(385812) Metaspace: 61020K->61020K(1107968K)
[2020-12-25T00:32:16.040-0400][gc,heap        ] GC(385812) Heap after GC invocations=385788 (full 11264): garbage-first heap   total 71680K, used 48863K [0x0000000083000000, 0x0000000100000000)
[2020-12-25T00:32:16.040-0400][gc,heap        ] GC(385812)   region size 1024K, 1 young (1024K), 1 survivors (1024K)
[2020-12-25T00:32:16.040-0400][gc,heap        ] GC(385812)  Metaspace       used 61020K, capacity 63721K, committed 64768K, reserved 1107968K
[2020-12-25T00:32:16.040-0400][gc,heap        ] GC(385812)   class space    used 5712K, capacity 6559K, committed 6912K, reserved 1048576K
[2020-12-25T00:32:16.041-0400][gc             ] GC(385812) Pause Young (Normal) (G1 Evacuation Pause) 57M->47M(70M) 6.035ms
[2020-12-25T00:32:16.041-0400][gc,cpu         ] GC(385812) User=0.02s Sys=0.00s Real=0.01s
[2020-12-25T00:32:57.403-0400][gc,heap        ] GC(385813) Heap before GC invocations=385788 (full 11264): garbage-first heap   total 71680K, used 58079K [0x0000000083000000, 0x0000000100000000)
[2020-12-25T00:32:57.403-0400][gc,heap        ] GC(385813)   region size 1024K, 11 young (11264K), 1 survivors (1024K)
[2020-12-25T00:32:57.403-0400][gc,heap        ] GC(385813)  Metaspace       used 61020K, capacity 63721K, committed 64768K, reserved 1107968K
[2020-12-25T00:32:57.403-0400][gc,heap        ] GC(385813)   class space    used 5712K, capacity 6559K, committed 6912K, reserved 1048576K
[2020-12-25T00:32:57.403-0400][gc,start       ] GC(385813) Pause Young (Normal) (G1 Evacuation Pause)
[2020-12-25T00:32:57.403-0400][gc,task        ] GC(385813) Using 4 workers of 4 for evacuation
[2020-12-25T00:32:57.409-0400][gc,phases      ] GC(385813)   Pre Evacuate Collection Set: 0.0ms
[2020-12-25T00:32:57.409-0400][gc,phases      ] GC(385813)   Evacuate Collection Set: 3.2ms
[2020-12-25T00:32:57.409-0400][gc,phases      ] GC(385813)   Post Evacuate Collection Set: 1.6ms
[2020-12-25T00:32:57.409-0400][gc,phases      ] GC(385813)   Other: 0.8ms
[2020-12-25T00:32:57.409-0400][gc,heap        ] GC(385813) Eden regions: 10->0(10)
[2020-12-25T00:32:57.409-0400][gc,heap        ] GC(385813) Survivor regions: 1->1(2)
[2020-12-25T00:32:57.409-0400][gc,heap        ] GC(385813) Old regions: 47->47
[2020-12-25T00:32:57.409-0400][gc,heap        ] GC(385813) Humongous regions: 4->4
[2020-12-25T00:32:57.409-0400][gc,metaspace   ] GC(385813) Metaspace: 61020K->61020K(1107968K)
[2020-12-25T00:32:57.409-0400][gc,heap        ] GC(385813) Heap after GC invocations=385789 (full 11264): garbage-first heap   total 71680K, used 48877K [0x0000000083000000, 0x0000000100000000)
[2020-12-25T00:32:57.409-0400][gc,heap        ] GC(385813)   region size 1024K, 1 young (1024K), 1 survivors (1024K)
[2020-12-25T00:32:57.409-0400][gc,heap        ] GC(385813)  Metaspace       used 61020K, capacity 63721K, committed 64768K, reserved 1107968K
[2020-12-25T00:32:57.409-0400][gc,heap        ] GC(385813)   class space    used 5712K, capacity 6559K, committed 6912K, reserved 1048576K
[2020-12-25T00:32:57.409-0400][gc             ] GC(385813) Pause Young (Normal) (G1 Evacuation Pause) 57M->47M(70M) 6.193ms
[2020-12-25T00:32:57.409-0400][gc,cpu         ] GC(385813) User=0.01s Sys=0.01s Real=0.01s
[2020-12-25T00:33:21.201-0400][gc,heap        ] GC(385814) Heap before GC invocations=385789 (full 11264): garbage-first heap   total 71680K, used 58093K [0x0000000083000000, 0x0000000100000000)
[2020-12-25T00:33:21.201-0400][gc,heap        ] GC(385814)   region size 1024K, 11 young (11264K), 1 survivors (1024K)
[2020-12-25T00:33:21.201-0400][gc,heap        ] GC(385814)  Metaspace       used 61020K, capacity 63721K, committed 64768K, reserved 1107968K
[2020-12-25T00:33:21.201-0400][gc,heap        ] GC(385814)   class space    used 5712K, capacity 6559K, committed 6912K, reserved 1048576K
[2020-12-25T00:33:21.201-0400][gc,start       ] GC(385814) Pause Young (Normal) (G1 Evacuation Pause)
[2020-12-25T00:33:21.201-0400][gc,task        ] GC(385814) Using 4 workers of 4 for evacuation
[2020-12-25T00:33:21.206-0400][gc,phases      ] GC(385814)   Pre Evacuate Collection Set: 0.0ms
[2020-12-25T00:33:21.206-0400][gc,phases      ] GC(385814)   Evacuate Collection Set: 3.4ms
[2020-12-25T00:33:21.206-0400][gc,phases      ] GC(385814)   Post Evacuate Collection Set: 1.5ms
[2020-12-25T00:33:21.207-0400][gc,phases      ] GC(385814)   Other: 0.8ms
[2020-12-25T00:33:21.207-0400][gc,heap        ] GC(385814) Eden regions: 10->0(10)
[2020-12-25T00:33:21.207-0400][gc,heap        ] GC(385814) Survivor regions: 1->1(2)
[2020-12-25T00:33:21.207-0400][gc,heap        ] GC(385814) Old regions: 47->47
[2020-12-25T00:33:21.207-0400][gc,heap        ] GC(385814) Humongous regions: 4->4
[2020-12-25T00:33:21.207-0400][gc,metaspace   ] GC(385814) Metaspace: 61020K->61020K(1107968K)
[2020-12-25T00:33:21.207-0400][gc,heap        ] GC(385814) Heap after GC invocations=385790 (full 11264): garbage-first heap   total 71680K, used 49012K [0x0000000083000000, 0x0000000100000000)
[2020-12-25T00:33:21.207-0400][gc,heap        ] GC(385814)   region size 1024K, 1 young (1024K), 1 survivors (1024K)
[2020-12-25T00:33:21.207-0400][gc,heap        ] GC(385814)  Metaspace       used 61020K, capacity 63721K, committed 64768K, reserved 1107968K
[2020-12-25T00:33:21.207-0400][gc,heap        ] GC(385814)   class space    used 5712K, capacity 6559K, committed 6912K, reserved 1048576K
[2020-12-25T00:33:21.207-0400][gc             ] GC(385814) Pause Young (Normal) (G1 Evacuation Pause) 57M->47M(70M) 6.158ms
[2020-12-25T00:33:21.207-0400][gc,cpu         ] GC(385814) User=0.01s Sys=0.01s Real=0.01s
[2020-12-25T00:33:48.807-0400][gc,heap        ] GC(385815) Heap before GC invocations=385790 (full 11264): garbage-first heap   total 71680K, used 58228K [0x0000000083000000, 0x0000000100000000)
[2020-12-25T00:33:48.807-0400][gc,heap        ] GC(385815)   region size 1024K, 11 young (11264K), 1 survivors (1024K)
[2020-12-25T00:33:48.807-0400][gc,heap        ] GC(385815)  Metaspace       used 61020K, capacity 63721K, committed 64768K, reserved 1107968K
[2020-12-25T00:33:48.807-0400][gc,heap        ] GC(385815)   class space    used 5712K, capacity 6559K, committed 6912K, reserved 1048576K
[2020-12-25T00:33:48.807-0400][gc,start       ] GC(385815) Pause Young (Normal) (G1 Evacuation Pause)
[2020-12-25T00:33:48.808-0400][gc,task        ] GC(385815) Using 4 workers of 4 for evacuation
[2020-12-25T00:33:48.813-0400][gc,phases      ] GC(385815)   Pre Evacuate Collection Set: 0.0ms
[2020-12-25T00:33:48.813-0400][gc,phases      ] GC(385815)   Evacuate Collection Set: 3.5ms
[2020-12-25T00:33:48.813-0400][gc,phases      ] GC(385815)   Post Evacuate Collection Set: 1.5ms
[2020-12-25T00:33:48.813-0400][gc,phases      ] GC(385815)   Other: 0.8ms
[2020-12-25T00:33:48.813-0400][gc,heap        ] GC(385815) Eden regions: 10->0(10)
[2020-12-25T00:33:48.813-0400][gc,heap        ] GC(385815) Survivor regions: 1->1(2)
[2020-12-25T00:33:48.813-0400][gc,heap        ] GC(385815) Old regions: 47->47
[2020-12-25T00:33:48.813-0400][gc,heap        ] GC(385815) Humongous regions: 4->4
[2020-12-25T00:33:48.814-0400][gc,metaspace   ] GC(385815) Metaspace: 61020K->61020K(1107968K)
[2020-12-25T00:33:48.814-0400][gc,heap        ] GC(385815) Heap after GC invocations=385791 (full 11264): garbage-first heap   total 71680K, used 49035K [0x0000000083000000, 0x0000000100000000)
[2020-12-25T00:33:48.814-0400][gc,heap        ] GC(385815)   region size 1024K, 1 young (1024K), 1 survivors (1024K)
[2020-12-25T00:33:48.814-0400][gc,heap        ] GC(385815)  Metaspace       used 61020K, capacity 63721K, committed 64768K, reserved 1107968K
[2020-12-25T00:33:48.814-0400][gc,heap        ] GC(385815)   class space    used 5712K, capacity 6559K, committed 6912K, reserved 1048576K
[2020-12-25T00:33:48.814-0400][gc             ] GC(385815) Pause Young (Normal) (G1 Evacuation Pause) 57M->47M(70M) 6.371ms
[2020-12-25T00:33:48.814-0400][gc,cpu         ] GC(385815) User=0.01s Sys=0.00s Real=0.00s
[2020-12-25T00:34:08.203-0400][gc,heap        ] GC(385816) Heap before GC invocations=385791 (full 11264): garbage-first heap   total 71680K, used 58251K [0x0000000083000000, 0x0000000100000000)
[2020-12-25T00:34:08.203-0400][gc,heap        ] GC(385816)   region size 1024K, 11 young (11264K), 1 survivors (1024K)
[2020-12-25T00:34:08.203-0400][gc,heap        ] GC(385816)  Metaspace       used 61020K, capacity 63721K, committed 64768K, reserved 1107968K
[2020-12-25T00:34:08.203-0400][gc,heap        ] GC(385816)   class space    used 5712K, capacity 6559K, committed 6912K, reserved 1048576K
[2020-12-25T00:34:08.204-0400][gc,start       ] GC(385816) Pause Young (Normal) (G1 Evacuation Pause)
[2020-12-25T00:34:08.204-0400][gc,task        ] GC(385816) Using 4 workers of 4 for evacuation
[2020-12-25T00:34:08.209-0400][gc,phases      ] GC(385816)   Pre Evacuate Collection Set: 0.0ms
[2020-12-25T00:34:08.209-0400][gc,phases      ] GC(385816)   Evacuate Collection Set: 3.6ms
[2020-12-25T00:34:08.209-0400][gc,phases      ] GC(385816)   Post Evacuate Collection Set: 1.6ms
[2020-12-25T00:34:08.210-0400][gc,phases      ] GC(385816)   Other: 0.9ms
[2020-12-25T00:34:08.210-0400][gc,heap        ] GC(385816) Eden regions: 10->0(9)
[2020-12-25T00:34:08.210-0400][gc,heap        ] GC(385816) Survivor regions: 1->1(2)
[2020-12-25T00:34:08.210-0400][gc,heap        ] GC(385816) Old regions: 47->47
[2020-12-25T00:34:08.210-0400][gc,heap        ] GC(385816) Humongous regions: 4->4
[2020-12-25T00:34:08.210-0400][gc,metaspace   ] GC(385816) Metaspace: 61020K->61020K(1107968K)
[2020-12-25T00:34:08.210-0400][gc,heap        ] GC(385816) Heap after GC invocations=385792 (full 11264): garbage-first heap   total 71680K, used 49072K [0x0000000083000000, 0x0000000100000000)
[2020-12-25T00:34:08.210-0400][gc,heap        ] GC(385816)   region size 1024K, 1 young (1024K), 1 survivors (1024K)
[2020-12-25T00:34:08.210-0400][gc,heap        ] GC(385816)  Metaspace       used 61020K, capacity 63721K, committed 64768K, reserved 1107968K
[2020-12-25T00:34:08.210-0400][gc,heap        ] GC(385816)   class space    used 5712K, capacity 6559K, committed 6912K, reserved 1048576K
[2020-12-25T00:34:08.210-0400][gc             ] GC(385816) Pause Young (Normal) (G1 Evacuation Pause) 57M->47M(70M) 6.436ms
[2020-12-25T00:34:08.210-0400][gc,cpu         ] GC(385816) User=0.02s Sys=0.00s Real=0.01s
[2020-12-25T00:34:33.817-0400][gc,heap        ] GC(385817) Heap before GC invocations=385792 (full 11264): garbage-first heap   total 71680K, used 57264K [0x0000000083000000, 0x0000000100000000)
[2020-12-25T00:34:33.817-0400][gc,heap        ] GC(385817)   region size 1024K, 10 young (10240K), 1 survivors (1024K)
[2020-12-25T00:34:33.817-0400][gc,heap        ] GC(385817)  Metaspace       used 61020K, capacity 63721K, committed 64768K, reserved 1107968K
[2020-12-25T00:34:33.817-0400][gc,heap        ] GC(385817)   class space    used 5712K, capacity 6559K, committed 6912K, reserved 1048576K
[2020-12-25T00:34:33.818-0400][gc,start       ] GC(385817) Pause Young (Normal) (G1 Evacuation Pause)
[2020-12-25T00:34:33.818-0400][gc,task        ] GC(385817) Using 4 workers of 4 for evacuation
[2020-12-25T00:34:33.824-0400][gc,phases      ] GC(385817)   Pre Evacuate Collection Set: 0.0ms
[2020-12-25T00:34:33.824-0400][gc,phases      ] GC(385817)   Evacuate Collection Set: 4.4ms
[2020-12-25T00:34:33.824-0400][gc,phases      ] GC(385817)   Post Evacuate Collection Set: 1.4ms
[2020-12-25T00:34:33.824-0400][gc,phases      ] GC(385817)   Other: 0.9ms
[2020-12-25T00:34:33.824-0400][gc,heap        ] GC(385817) Eden regions: 9->0(9)
[2020-12-25T00:34:33.824-0400][gc,heap        ] GC(385817) Survivor regions: 1->1(2)
[2020-12-25T00:34:33.824-0400][gc,heap        ] GC(385817) Old regions: 47->47
[2020-12-25T00:34:33.824-0400][gc,heap        ] GC(385817) Humongous regions: 4->4
[2020-12-25T00:34:33.824-0400][gc,metaspace   ] GC(385817) Metaspace: 61020K->61020K(1107968K)
[2020-12-25T00:34:33.824-0400][gc,heap        ] GC(385817) Heap after GC invocations=385793 (full 11264): garbage-first heap   total 71680K, used 49040K [0x0000000083000000, 0x0000000100000000)
[2020-12-25T00:34:33.824-0400][gc,heap        ] GC(385817)   region size 1024K, 1 young (1024K), 1 survivors (1024K)
[2020-12-25T00:34:33.825-0400][gc,heap        ] GC(385817)  Metaspace       used 61020K, capacity 63721K, committed 64768K, reserved 1107968K
[2020-12-25T00:34:33.825-0400][gc,heap        ] GC(385817)   class space    used 5712K, capacity 6559K, committed 6912K, reserved 1048576K
[2020-12-25T00:34:33.825-0400][gc             ] GC(385817) Pause Young (Normal) (G1 Evacuation Pause) 56M->47M(70M) 7.127ms
[2020-12-25T00:34:33.825-0400][gc,cpu         ] GC(385817) User=0.01s Sys=0.01s Real=0.00s
[2020-12-25T00:35:03.619-0400][gc,heap        ] GC(385818) Heap before GC invocations=385793 (full 11264): garbage-first heap   total 71680K, used 57232K [0x0000000083000000, 0x0000000100000000)
[2020-12-25T00:35:03.620-0400][gc,heap        ] GC(385818)   region size 1024K, 10 young (10240K), 1 survivors (1024K)
[2020-12-25T00:35:03.620-0400][gc,heap        ] GC(385818)  Metaspace       used 61020K, capacity 63721K, committed 64768K, reserved 1107968K
[2020-12-25T00:35:03.620-0400][gc,heap        ] GC(385818)   class space    used 5712K, capacity 6559K, committed 6912K, reserved 1048576K
[2020-12-25T00:35:03.620-0400][gc,start       ] GC(385818) Pause Young (Normal) (G1 Evacuation Pause)
[2020-12-25T00:35:03.620-0400][gc,task        ] GC(385818) Using 4 workers of 4 for evacuation
[2020-12-25T00:35:03.626-0400][gc,phases      ] GC(385818)   Pre Evacuate Collection Set: 0.0ms
[2020-12-25T00:35:03.626-0400][gc,phases      ] GC(385818)   Evacuate Collection Set: 4.0ms
[2020-12-25T00:35:03.626-0400][gc,phases      ] GC(385818)   Post Evacuate Collection Set: 1.7ms
[2020-12-25T00:35:03.626-0400][gc,phases      ] GC(385818)   Other: 0.9ms
[2020-12-25T00:35:03.626-0400][gc,heap        ] GC(385818) Eden regions: 9->0(9)
[2020-12-25T00:35:03.626-0400][gc,heap        ] GC(385818) Survivor regions: 1->1(2)
[2020-12-25T00:35:03.626-0400][gc,heap        ] GC(385818) Old regions: 47->47
[2020-12-25T00:35:03.626-0400][gc,heap        ] GC(385818) Humongous regions: 4->4
[2020-12-25T00:35:03.626-0400][gc,metaspace   ] GC(385818) Metaspace: 61020K->61020K(1107968K)
[2020-12-25T00:35:03.626-0400][gc,heap        ] GC(385818) Heap after GC invocations=385794 (full 11264): garbage-first heap   total 71680K, used 49207K [0x0000000083000000, 0x0000000100000000)
[2020-12-25T00:35:03.627-0400][gc,heap        ] GC(385818)   region size 1024K, 1 young (1024K), 1 survivors (1024K)
[2020-12-25T00:35:03.627-0400][gc,heap        ] GC(385818)  Metaspace       used 61020K, capacity 63721K, committed 64768K, reserved 1107968K
[2020-12-25T00:35:03.627-0400][gc,heap        ] GC(385818)   class space    used 5712K, capacity 6559K, committed 6912K, reserved 1048576K
[2020-12-25T00:35:03.627-0400][gc             ] GC(385818) Pause Young (Normal) (G1 Evacuation Pause) 56M->48M(70M) 6.926ms
[2020-12-25T00:35:03.627-0400][gc,cpu         ] GC(385818) User=0.01s Sys=0.01s Real=0.01s
[2020-12-25T00:35:34.068-0400][gc,heap        ] GC(385819) Heap before GC invocations=385794 (full 11264): garbage-first heap   total 71680K, used 57399K [0x0000000083000000, 0x0000000100000000)
[2020-12-25T00:35:34.068-0400][gc,heap        ] GC(385819)   region size 1024K, 10 young (10240K), 1 survivors (1024K)
[2020-12-25T00:35:34.068-0400][gc,heap        ] GC(385819)  Metaspace       used 61020K, capacity 63721K, committed 64768K, reserved 1107968K
[2020-12-25T00:35:34.068-0400][gc,heap        ] GC(385819)   class space    used 5712K, capacity 6559K, committed 6912K, reserved 1048576K
[2020-12-25T00:35:34.068-0400][gc,start       ] GC(385819) Pause Young (Normal) (G1 Evacuation Pause)
[2020-12-25T00:35:34.068-0400][gc,task        ] GC(385819) Using 4 workers of 4 for evacuation
[2020-12-25T00:35:34.074-0400][gc,phases      ] GC(385819)   Pre Evacuate Collection Set: 0.0ms
[2020-12-25T00:35:34.074-0400][gc,phases      ] GC(385819)   Evacuate Collection Set: 3.8ms
[2020-12-25T00:35:34.074-0400][gc,phases      ] GC(385819)   Post Evacuate Collection Set: 1.5ms
[2020-12-25T00:35:34.074-0400][gc,phases      ] GC(385819)   Other: 1.0ms
[2020-12-25T00:35:34.074-0400][gc,heap        ] GC(385819) Eden regions: 9->0(9)
[2020-12-25T00:35:34.074-0400][gc,heap        ] GC(385819) Survivor regions: 1->1(2)
[2020-12-25T00:35:34.074-0400][gc,heap        ] GC(385819) Old regions: 47->47
[2020-12-25T00:35:34.074-0400][gc,heap        ] GC(385819) Humongous regions: 4->4
[2020-12-25T00:35:34.074-0400][gc,metaspace   ] GC(385819) Metaspace: 61020K->61020K(1107968K)
[2020-12-25T00:35:34.074-0400][gc,heap        ] GC(385819) Heap after GC invocations=385795 (full 11264): garbage-first heap   total 71680K, used 49103K [0x0000000083000000, 0x0000000100000000)
[2020-12-25T00:35:34.074-0400][gc,heap        ] GC(385819)   region size 1024K, 1 young (1024K), 1 survivors (1024K)
[2020-12-25T00:35:34.074-0400][gc,heap        ] GC(385819)  Metaspace       used 61020K, capacity 63721K, committed 64768K, reserved 1107968K
[2020-12-25T00:35:34.074-0400][gc,heap        ] GC(385819)   class space    used 5712K, capacity 6559K, committed 6912K, reserved 1048576K
[2020-12-25T00:35:34.075-0400][gc             ] GC(385819) Pause Young (Normal) (G1 Evacuation Pause) 57M->47M(70M) 6.708ms
[2020-12-25T00:35:34.075-0400][gc,cpu         ] GC(385819) User=0.01s Sys=0.01s Real=0.00s
[2020-12-25T00:36:04.237-0400][gc,heap        ] GC(385820) Heap before GC invocations=385795 (full 11264): garbage-first heap   total 71680K, used 58319K [0x0000000083000000, 0x0000000100000000)
[2020-12-25T00:36:04.237-0400][gc,heap        ] GC(385820)   region size 1024K, 10 young (10240K), 1 survivors (1024K)
[2020-12-25T00:36:04.237-0400][gc,heap        ] GC(385820)  Metaspace       used 61020K, capacity 63721K, committed 64768K, reserved 1107968K
[2020-12-25T00:36:04.237-0400][gc,heap        ] GC(385820)   class space    used 5712K, capacity 6559K, committed 6912K, reserved 1048576K
[2020-12-25T00:36:04.237-0400][gc,start       ] GC(385820) Pause Young (Normal) (G1 Evacuation Pause)
[2020-12-25T00:36:04.237-0400][gc,task        ] GC(385820) Using 4 workers of 4 for evacuation
[2020-12-25T00:36:04.243-0400][gc,phases      ] GC(385820)   Pre Evacuate Collection Set: 0.0ms
[2020-12-25T00:36:04.243-0400][gc,phases      ] GC(385820)   Evacuate Collection Set: 3.7ms
[2020-12-25T00:36:04.243-0400][gc,phases      ] GC(385820)   Post Evacuate Collection Set: 1.5ms
[2020-12-25T00:36:04.243-0400][gc,phases      ] GC(385820)   Other: 0.8ms
[2020-12-25T00:36:04.243-0400][gc,heap        ] GC(385820) Eden regions: 9->0(9)
[2020-12-25T00:36:04.243-0400][gc,heap        ] GC(385820) Survivor regions: 1->1(2)
[2020-12-25T00:36:04.243-0400][gc,heap        ] GC(385820) Old regions: 47->47
[2020-12-25T00:36:04.243-0400][gc,heap        ] GC(385820) Humongous regions: 4->4
[2020-12-25T00:36:04.243-0400][gc,metaspace   ] GC(385820) Metaspace: 61020K->61020K(1107968K)
[2020-12-25T00:36:04.243-0400][gc,heap        ] GC(385820) Heap after GC invocations=385796 (full 11264): garbage-first heap   total 71680K, used 49143K [0x0000000083000000, 0x0000000100000000)
[2020-12-25T00:36:04.243-0400][gc,heap        ] GC(385820)   region size 1024K, 1 young (1024K), 1 survivors (1024K)
[2020-12-25T00:36:04.243-0400][gc,heap        ] GC(385820)  Metaspace       used 61020K, capacity 63721K, committed 64768K, reserved 1107968K
[2020-12-25T00:36:04.244-0400][gc,heap        ] GC(385820)   class space    used 5712K, capacity 6559K, committed 6912K, reserved 1048576K
[2020-12-25T00:36:04.244-0400][gc             ] GC(385820) Pause Young (Normal) (G1 Evacuation Pause) 56M->47M(70M) 6.505ms
[2020-12-25T00:36:04.244-0400][gc,cpu         ] GC(385820) User=0.02s Sys=0.00s Real=0.00s
[2020-12-25T00:36:37.187-0400][gc,heap        ] GC(385821) Heap before GC invocations=385796 (full 11264): garbage-first heap   total 71680K, used 57335K [0x0000000083000000, 0x0000000100000000)
[2020-12-25T00:36:37.187-0400][gc,heap        ] GC(385821)   region size 1024K, 10 young (10240K), 1 survivors (1024K)
[2020-12-25T00:36:37.187-0400][gc,heap        ] GC(385821)  Metaspace       used 61020K, capacity 63721K, committed 64768K, reserved 1107968K
[2020-12-25T00:36:37.187-0400][gc,heap        ] GC(385821)   class space    used 5712K, capacity 6559K, committed 6912K, reserved 1048576K
[2020-12-25T00:36:37.187-0400][gc,start       ] GC(385821) Pause Young (Normal) (G1 Evacuation Pause)
[2020-12-25T00:36:37.187-0400][gc,task        ] GC(385821) Using 4 workers of 4 for evacuation
[2020-12-25T00:36:37.193-0400][gc,phases      ] GC(385821)   Pre Evacuate Collection Set: 0.0ms
[2020-12-25T00:36:37.193-0400][gc,phases      ] GC(385821)   Evacuate Collection Set: 3.3ms
[2020-12-25T00:36:37.193-0400][gc,phases      ] GC(385821)   Post Evacuate Collection Set: 2.0ms
[2020-12-25T00:36:37.194-0400][gc,phases      ] GC(385821)   Other: 0.8ms
[2020-12-25T00:36:37.194-0400][gc,heap        ] GC(385821) Eden regions: 9->0(9)
[2020-12-25T00:36:37.194-0400][gc,heap        ] GC(385821) Survivor regions: 1->1(2)
[2020-12-25T00:36:37.194-0400][gc,heap        ] GC(385821) Old regions: 47->47
[2020-12-25T00:36:37.194-0400][gc,heap        ] GC(385821) Humongous regions: 4->4
[2020-12-25T00:36:37.194-0400][gc,metaspace   ] GC(385821) Metaspace: 61020K->61020K(1107968K)
[2020-12-25T00:36:37.194-0400][gc,heap        ] GC(385821) Heap after GC invocations=385797 (full 11264): garbage-first heap   total 71680K, used 49050K [0x0000000083000000, 0x0000000100000000)
[2020-12-25T00:36:37.194-0400][gc,heap        ] GC(385821)   region size 1024K, 1 young (1024K), 1 survivors (1024K)
[2020-12-25T00:36:37.194-0400][gc,heap        ] GC(385821)  Metaspace       used 61020K, capacity 63721K, committed 64768K, reserved 1107968K
[2020-12-25T00:36:37.194-0400][gc,heap        ] GC(385821)   class space    used 5712K, capacity 6559K, committed 6912K, reserved 1048576K
[2020-12-25T00:36:37.194-0400][gc             ] GC(385821) Pause Young (Normal) (G1 Evacuation Pause) 56M->47M(70M) 6.623ms
[2020-12-25T00:36:37.194-0400][gc,cpu         ] GC(385821) User=0.02s Sys=0.00s Real=0.00s
[2020-12-25T00:36:50.924-0400][gc,task        ] GC(385822) Using 3 workers of 4 for full compaction
[2020-12-25T00:36:50.924-0400][gc,start       ] GC(385822) Pause Full (System.gc())
[2020-12-25T00:36:50.924-0400][gc,heap        ] GC(385822) Heap before GC invocations=385797 (full 11264): garbage-first heap   total 71680K, used 53146K [0x0000000083000000, 0x0000000100000000)
[2020-12-25T00:36:50.924-0400][gc,heap        ] GC(385822)   region size 1024K, 6 young (6144K), 1 survivors (1024K)
[2020-12-25T00:36:50.924-0400][gc,heap        ] GC(385822)  Metaspace       used 61020K, capacity 63721K, committed 64768K, reserved 1107968K
[2020-12-25T00:36:50.924-0400][gc,heap        ] GC(385822)   class space    used 5712K, capacity 6559K, committed 6912K, reserved 1048576K
[2020-12-25T00:36:50.927-0400][gc,phases,start] GC(385822) Phase 1: Mark live objects
[2020-12-25T00:36:51.070-0400][gc,stringtable ] GC(385822) Cleaned string and symbol table, strings: 32207 processed, 0 removed, symbols: 131451 processed, 0 removed
[2020-12-25T00:36:51.070-0400][gc,phases      ] GC(385822) Phase 1: Mark live objects 143.066ms
[2020-12-25T00:36:51.070-0400][gc,phases,start] GC(385822) Phase 2: Prepare for compaction
[2020-12-25T00:36:51.101-0400][gc,phases      ] GC(385822) Phase 2: Prepare for compaction 30.929ms
[2020-12-25T00:36:51.101-0400][gc,phases,start] GC(385822) Phase 3: Adjust pointers
[2020-12-25T00:36:51.177-0400][gc,phases      ] GC(385822) Phase 3: Adjust pointers 75.542ms
[2020-12-25T00:36:51.177-0400][gc,phases,start] GC(385822) Phase 4: Compact heap
[2020-12-25T00:36:51.197-0400][gc,phases      ] GC(385822) Phase 4: Compact heap 20.785ms
[2020-12-25T00:36:51.234-0400][gc,heap        ] GC(385822) Eden regions: 5->0(10)
[2020-12-25T00:36:51.234-0400][gc,heap        ] GC(385822) Survivor regions: 1->0(2)
[2020-12-25T00:36:51.234-0400][gc,heap        ] GC(385822) Old regions: 47->46
[2020-12-25T00:36:51.234-0400][gc,heap        ] GC(385822) Humongous regions: 4->4
[2020-12-25T00:36:51.234-0400][gc,metaspace   ] GC(385822) Metaspace: 61020K->61020K(1107968K)
[2020-12-25T00:36:51.234-0400][gc,heap        ] GC(385822) Heap after GC invocations=385798 (full 11265): garbage-first heap   total 71680K, used 48379K [0x0000000083000000, 0x0000000100000000)
[2020-12-25T00:36:51.234-0400][gc,heap        ] GC(385822)   region size 1024K, 0 young (0K), 0 survivors (0K)
[2020-12-25T00:36:51.234-0400][gc,heap        ] GC(385822)  Metaspace       used 61020K, capacity 63721K, committed 64768K, reserved 1107968K
[2020-12-25T00:36:51.234-0400][gc,heap        ] GC(385822)   class space    used 5712K, capacity 6559K, committed 6912K, reserved 1048576K
[2020-12-25T00:36:51.234-0400][gc             ] GC(385822) Pause Full (System.gc()) 52M->47M(70M) 309.740ms
[2020-12-25T00:36:51.235-0400][gc,cpu         ] GC(385822) User=0.54s Sys=0.29s Real=0.31s
[2020-12-25T00:37:18.242-0400][gc,heap        ] GC(385823) Heap before GC invocations=385798 (full 11265): garbage-first heap   total 71680K, used 57595K [0x0000000083000000, 0x0000000100000000)
[2020-12-25T00:37:18.242-0400][gc,heap        ] GC(385823)   region size 1024K, 10 young (10240K), 0 survivors (0K)
[2020-12-25T00:37:18.242-0400][gc,heap        ] GC(385823)  Metaspace       used 61020K, capacity 63721K, committed 64768K, reserved 1107968K
[2020-12-25T00:37:18.242-0400][gc,heap        ] GC(385823)   class space    used 5712K, capacity 6559K, committed 6912K, reserved 1048576K
[2020-12-25T00:37:18.242-0400][gc,start       ] GC(385823) Pause Young (Normal) (G1 Evacuation Pause)
[2020-12-25T00:37:18.242-0400][gc,task        ] GC(385823) Using 4 workers of 4 for evacuation
[2020-12-25T00:37:18.247-0400][gc,phases      ] GC(385823)   Pre Evacuate Collection Set: 0.0ms
[2020-12-25T00:37:18.248-0400][gc,phases      ] GC(385823)   Evacuate Collection Set: 2.9ms
[2020-12-25T00:37:18.248-0400][gc,phases      ] GC(385823)   Post Evacuate Collection Set: 2.2ms
[2020-12-25T00:37:18.248-0400][gc,phases      ] GC(385823)   Other: 0.8ms
[2020-12-25T00:37:18.248-0400][gc,heap        ] GC(385823) Eden regions: 10->0(10)
[2020-12-25T00:37:18.248-0400][gc,heap        ] GC(385823) Survivor regions: 0->1(2)
[2020-12-25T00:37:18.248-0400][gc,heap        ] GC(385823) Old regions: 46->46
[2020-12-25T00:37:18.248-0400][gc,heap        ] GC(385823) Humongous regions: 4->4
[2020-12-25T00:37:18.248-0400][gc,metaspace   ] GC(385823) Metaspace: 61020K->61020K(1107968K)
[2020-12-25T00:37:18.248-0400][gc,heap        ] GC(385823) Heap after GC invocations=385799 (full 11265): garbage-first heap   total 71680K, used 48649K [0x0000000083000000, 0x0000000100000000)
[2020-12-25T00:37:18.248-0400][gc,heap        ] GC(385823)   region size 1024K, 1 young (1024K), 1 survivors (1024K)
[2020-12-25T00:37:18.248-0400][gc,heap        ] GC(385823)  Metaspace       used 61020K, capacity 63721K, committed 64768K, reserved 1107968K
[2020-12-25T00:37:18.248-0400][gc,heap        ] GC(385823)   class space    used 5712K, capacity 6559K, committed 6912K, reserved 1048576K
[2020-12-25T00:37:18.248-0400][gc             ] GC(385823) Pause Young (Normal) (G1 Evacuation Pause) 57M->47M(70M) 6.375ms
[2020-12-25T00:37:18.248-0400][gc,cpu         ] GC(385823) User=0.01s Sys=0.01s Real=0.01s
[2020-12-25T00:37:59.424-0400][gc,heap        ] GC(385824) Heap before GC invocations=385799 (full 11265): garbage-first heap   total 71680K, used 57865K [0x0000000083000000, 0x0000000100000000)
[2020-12-25T00:37:59.424-0400][gc,heap        ] GC(385824)   region size 1024K, 11 young (11264K), 1 survivors (1024K)
[2020-12-25T00:37:59.424-0400][gc,heap        ] GC(385824)  Metaspace       used 61020K, capacity 63721K, committed 64768K, reserved 1107968K
[2020-12-25T00:37:59.424-0400][gc,heap        ] GC(385824)   class space    used 5712K, capacity 6559K, committed 6912K, reserved 1048576K
[2020-12-25T00:37:59.424-0400][gc,start       ] GC(385824) Pause Young (Normal) (G1 Evacuation Pause)
[2020-12-25T00:37:59.424-0400][gc,task        ] GC(385824) Using 4 workers of 4 for evacuation
[2020-12-25T00:37:59.429-0400][gc,phases      ] GC(385824)   Pre Evacuate Collection Set: 0.0ms
[2020-12-25T00:37:59.429-0400][gc,phases      ] GC(385824)   Evacuate Collection Set: 2.7ms
[2020-12-25T00:37:59.429-0400][gc,phases      ] GC(385824)   Post Evacuate Collection Set: 1.8ms
[2020-12-25T00:37:59.429-0400][gc,phases      ] GC(385824)   Other: 0.8ms
[2020-12-25T00:37:59.429-0400][gc,heap        ] GC(385824) Eden regions: 10->0(10)
[2020-12-25T00:37:59.429-0400][gc,heap        ] GC(385824) Survivor regions: 1->1(2)
[2020-12-25T00:37:59.430-0400][gc,heap        ] GC(385824) Old regions: 46->46
[2020-12-25T00:37:59.430-0400][gc,heap        ] GC(385824) Humongous regions: 4->4
[2020-12-25T00:37:59.430-0400][gc,metaspace   ] GC(385824) Metaspace: 61020K->61020K(1107968K)
[2020-12-25T00:37:59.430-0400][gc,heap        ] GC(385824) Heap after GC invocations=385800 (full 11265): garbage-first heap   total 71680K, used 48588K [0x0000000083000000, 0x0000000100000000)
[2020-12-25T00:37:59.430-0400][gc,heap        ] GC(385824)   region size 1024K, 1 young (1024K), 1 survivors (1024K)
[2020-12-25T00:37:59.430-0400][gc,heap        ] GC(385824)  Metaspace       used 61020K, capacity 63721K, committed 64768K, reserved 1107968K
[2020-12-25T00:37:59.430-0400][gc,heap        ] GC(385824)   class space    used 5712K, capacity 6559K, committed 6912K, reserved 1048576K
[2020-12-25T00:37:59.430-0400][gc             ] GC(385824) Pause Young (Normal) (G1 Evacuation Pause) 57M->47M(70M) 5.708ms
[2020-12-25T00:37:59.430-0400][gc,cpu         ] GC(385824) User=0.01s Sys=0.00s Real=0.01s
[2020-12-25T00:38:24.857-0400][gc,heap        ] GC(385825) Heap before GC invocations=385800 (full 11265): garbage-first heap   total 71680K, used 57804K [0x0000000083000000, 0x0000000100000000)
[2020-12-25T00:38:24.857-0400][gc,heap        ] GC(385825)   region size 1024K, 11 young (11264K), 1 survivors (1024K)
[2020-12-25T00:38:24.857-0400][gc,heap        ] GC(385825)  Metaspace       used 61020K, capacity 63721K, committed 64768K, reserved 1107968K
[2020-12-25T00:38:24.857-0400][gc,heap        ] GC(385825)   class space    used 5712K, capacity 6559K, committed 6912K, reserved 1048576K
[2020-12-25T00:38:24.857-0400][gc,start       ] GC(385825) Pause Young (Normal) (G1 Evacuation Pause)
[2020-12-25T00:38:24.857-0400][gc,task        ] GC(385825) Using 4 workers of 4 for evacuation
[2020-12-25T00:38:24.863-0400][gc,phases      ] GC(385825)   Pre Evacuate Collection Set: 0.0ms
[2020-12-25T00:38:24.863-0400][gc,phases      ] GC(385825)   Evacuate Collection Set: 3.0ms
[2020-12-25T00:38:24.863-0400][gc,phases      ] GC(385825)   Post Evacuate Collection Set: 1.9ms
[2020-12-25T00:38:24.863-0400][gc,phases      ] GC(385825)   Other: 1.1ms
[2020-12-25T00:38:24.863-0400][gc,heap        ] GC(385825) Eden regions: 10->0(10)
[2020-12-25T00:38:24.863-0400][gc,heap        ] GC(385825) Survivor regions: 1->1(2)
[2020-12-25T00:38:24.863-0400][gc,heap        ] GC(385825) Old regions: 46->46
[2020-12-25T00:38:24.863-0400][gc,heap        ] GC(385825) Humongous regions: 4->4
[2020-12-25T00:38:24.864-0400][gc,metaspace   ] GC(385825) Metaspace: 61020K->61020K(1107968K)
[2020-12-25T00:38:24.864-0400][gc,heap        ] GC(385825) Heap after GC invocations=385801 (full 11265): garbage-first heap   total 71680K, used 48660K [0x0000000083000000, 0x0000000100000000)
[2020-12-25T00:38:24.864-0400][gc,heap        ] GC(385825)   region size 1024K, 1 young (1024K), 1 survivors (1024K)
[2020-12-25T00:38:24.864-0400][gc,heap        ] GC(385825)  Metaspace       used 61020K, capacity 63721K, committed 64768K, reserved 1107968K
[2020-12-25T00:38:24.864-0400][gc,heap        ] GC(385825)   class space    used 5712K, capacity 6559K, committed 6912K, reserved 1048576K
[2020-12-25T00:38:24.864-0400][gc             ] GC(385825) Pause Young (Normal) (G1 Evacuation Pause) 57M->47M(70M) 6.457ms
[2020-12-25T00:38:24.864-0400][gc,cpu         ] GC(385825) User=0.01s Sys=0.00s Real=0.00s
[2020-12-25T00:39:00.150-0400][gc,heap        ] GC(385826) Heap before GC invocations=385801 (full 11265): garbage-first heap   total 71680K, used 58900K [0x0000000083000000, 0x0000000100000000)
[2020-12-25T00:39:00.150-0400][gc,heap        ] GC(385826)   region size 1024K, 11 young (11264K), 1 survivors (1024K)
[2020-12-25T00:39:00.150-0400][gc,heap        ] GC(385826)  Metaspace       used 61020K, capacity 63721K, committed 64768K, reserved 1107968K
[2020-12-25T00:39:00.150-0400][gc,heap        ] GC(385826)   class space    used 5712K, capacity 6559K, committed 6912K, reserved 1048576K
[2020-12-25T00:39:00.150-0400][gc,start       ] GC(385826) Pause Young (Normal) (G1 Evacuation Pause)
[2020-12-25T00:39:00.150-0400][gc,task        ] GC(385826) Using 4 workers of 4 for evacuation
[2020-12-25T00:39:00.156-0400][gc,phases      ] GC(385826)   Pre Evacuate Collection Set: 0.0ms
[2020-12-25T00:39:00.156-0400][gc,phases      ] GC(385826)   Evacuate Collection Set: 3.2ms
[2020-12-25T00:39:00.156-0400][gc,phases      ] GC(385826)   Post Evacuate Collection Set: 2.0ms
[2020-12-25T00:39:00.156-0400][gc,phases      ] GC(385826)   Other: 0.9ms
[2020-12-25T00:39:00.156-0400][gc,heap        ] GC(385826) Eden regions: 10->0(10)
[2020-12-25T00:39:00.156-0400][gc,heap        ] GC(385826) Survivor regions: 1->1(2)
[2020-12-25T00:39:00.156-0400][gc,heap        ] GC(385826) Old regions: 46->46
[2020-12-25T00:39:00.156-0400][gc,heap        ] GC(385826) Humongous regions: 4->4
[2020-12-25T00:39:00.156-0400][gc,metaspace   ] GC(385826) Metaspace: 61020K->61020K(1107968K)
[2020-12-25T00:39:00.156-0400][gc,heap        ] GC(385826) Heap after GC invocations=385802 (full 11265): garbage-first heap   total 71680K, used 48695K [0x0000000083000000, 0x0000000100000000)
[2020-12-25T00:39:00.156-0400][gc,heap        ] GC(385826)   region size 1024K, 1 young (1024K), 1 survivors (1024K)
[2020-12-25T00:39:00.156-0400][gc,heap        ] GC(385826)  Metaspace       used 61020K, capacity 63721K, committed 64768K, reserved 1107968K
[2020-12-25T00:39:00.156-0400][gc,heap        ] GC(385826)   class space    used 5712K, capacity 6559K, committed 6912K, reserved 1048576K
[2020-12-25T00:39:00.156-0400][gc             ] GC(385826) Pause Young (Normal) (G1 Evacuation Pause) 57M->47M(70M) 6.436ms
[2020-12-25T00:39:00.157-0400][gc,cpu         ] GC(385826) User=0.01s Sys=0.01s Real=0.01s
[2020-12-25T00:39:19.692-0400][gc,heap        ] GC(385827) Heap before GC invocations=385802 (full 11265): garbage-first heap   total 71680K, used 58935K [0x0000000083000000, 0x0000000100000000)
[2020-12-25T00:39:19.692-0400][gc,heap        ] GC(385827)   region size 1024K, 11 young (11264K), 1 survivors (1024K)
[2020-12-25T00:39:19.692-0400][gc,heap        ] GC(385827)  Metaspace       used 61020K, capacity 63721K, committed 64768K, reserved 1107968K
[2020-12-25T00:39:19.692-0400][gc,heap        ] GC(385827)   class space    used 5712K, capacity 6559K, committed 6912K, reserved 1048576K
[2020-12-25T00:39:19.692-0400][gc,start       ] GC(385827) Pause Young (Normal) (G1 Evacuation Pause)
[2020-12-25T00:39:19.692-0400][gc,task        ] GC(385827) Using 4 workers of 4 for evacuation
[2020-12-25T00:39:19.698-0400][gc,phases      ] GC(385827)   Pre Evacuate Collection Set: 0.0ms
[2020-12-25T00:39:19.698-0400][gc,phases      ] GC(385827)   Evacuate Collection Set: 3.2ms
[2020-12-25T00:39:19.698-0400][gc,phases      ] GC(385827)   Post Evacuate Collection Set: 1.7ms
[2020-12-25T00:39:19.698-0400][gc,phases      ] GC(385827)   Other: 0.9ms
[2020-12-25T00:39:19.698-0400][gc,heap        ] GC(385827) Eden regions: 10->0(10)
[2020-12-25T00:39:19.698-0400][gc,heap        ] GC(385827) Survivor regions: 1->1(2)
[2020-12-25T00:39:19.698-0400][gc,heap        ] GC(385827) Old regions: 46->46
[2020-12-25T00:39:19.698-0400][gc,heap        ] GC(385827) Humongous regions: 4->4
[2020-12-25T00:39:19.698-0400][gc,metaspace   ] GC(385827) Metaspace: 61020K->61020K(1107968K)
[2020-12-25T00:39:19.698-0400][gc,heap        ] GC(385827) Heap after GC invocations=385803 (full 11265): garbage-first heap   total 71680K, used 48754K [0x0000000083000000, 0x0000000100000000)
[2020-12-25T00:39:19.698-0400][gc,heap        ] GC(385827)   region size 1024K, 1 young (1024K), 1 survivors (1024K)
[2020-12-25T00:39:19.698-0400][gc,heap        ] GC(385827)  Metaspace       used 61020K, capacity 63721K, committed 64768K, reserved 1107968K
[2020-12-25T00:39:19.699-0400][gc,heap        ] GC(385827)   class space    used 5712K, capacity 6559K, committed 6912K, reserved 1048576K
[2020-12-25T00:39:19.699-0400][gc             ] GC(385827) Pause Young (Normal) (G1 Evacuation Pause) 57M->47M(70M) 6.323ms
[2020-12-25T00:39:19.699-0400][gc,cpu         ] GC(385827) User=0.01s Sys=0.01s Real=0.01s
[2020-12-25T00:39:53.891-0400][gc,heap        ] GC(385828) Heap before GC invocations=385803 (full 11265): garbage-first heap   total 71680K, used 58994K [0x0000000083000000, 0x0000000100000000)
[2020-12-25T00:39:53.891-0400][gc,heap        ] GC(385828)   region size 1024K, 11 young (11264K), 1 survivors (1024K)
[2020-12-25T00:39:53.891-0400][gc,heap        ] GC(385828)  Metaspace       used 61020K, capacity 63721K, committed 64768K, reserved 1107968K
[2020-12-25T00:39:53.891-0400][gc,heap        ] GC(385828)   class space    used 5712K, capacity 6559K, committed 6912K, reserved 1048576K
[2020-12-25T00:39:53.891-0400][gc,start       ] GC(385828) Pause Young (Normal) (G1 Evacuation Pause)
[2020-12-25T00:39:53.891-0400][gc,task        ] GC(385828) Using 4 workers of 4 for evacuation
[2020-12-25T00:39:53.897-0400][gc,phases      ] GC(385828)   Pre Evacuate Collection Set: 0.0ms
[2020-12-25T00:39:53.897-0400][gc,phases      ] GC(385828)   Evacuate Collection Set: 3.6ms
[2020-12-25T00:39:53.897-0400][gc,phases      ] GC(385828)   Post Evacuate Collection Set: 1.5ms
[2020-12-25T00:39:53.897-0400][gc,phases      ] GC(385828)   Other: 0.9ms
[2020-12-25T00:39:53.897-0400][gc,heap        ] GC(385828) Eden regions: 10->0(10)
[2020-12-25T00:39:53.897-0400][gc,heap        ] GC(385828) Survivor regions: 1->1(2)
[2020-12-25T00:39:53.897-0400][gc,heap        ] GC(385828) Old regions: 46->46
[2020-12-25T00:39:53.897-0400][gc,heap        ] GC(385828) Humongous regions: 4->4
[2020-12-25T00:39:53.897-0400][gc,metaspace   ] GC(385828) Metaspace: 61020K->61020K(1107968K)
[2020-12-25T00:39:53.897-0400][gc,heap        ] GC(385828) Heap after GC invocations=385804 (full 11265): garbage-first heap   total 71680K, used 48827K [0x0000000083000000, 0x0000000100000000)
[2020-12-25T00:39:53.897-0400][gc,heap        ] GC(385828)   region size 1024K, 1 young (1024K), 1 survivors (1024K)
[2020-12-25T00:39:53.897-0400][gc,heap        ] GC(385828)  Metaspace       used 61020K, capacity 63721K, committed 64768K, reserved 1107968K
[2020-12-25T00:39:53.897-0400][gc,heap        ] GC(385828)   class space    used 5712K, capacity 6559K, committed 6912K, reserved 1048576K
[2020-12-25T00:39:53.898-0400][gc             ] GC(385828) Pause Young (Normal) (G1 Evacuation Pause) 57M->47M(70M) 6.504ms
[2020-12-25T00:39:53.898-0400][gc,cpu         ] GC(385828) User=0.02s Sys=0.00s Real=0.01s
[2020-12-25T00:40:17.098-0400][gc,heap        ] GC(385829) Heap before GC invocations=385804 (full 11265): garbage-first heap   total 71680K, used 59067K [0x0000000083000000, 0x0000000100000000)
[2020-12-25T00:40:17.098-0400][gc,heap        ] GC(385829)   region size 1024K, 11 young (11264K), 1 survivors (1024K)
[2020-12-25T00:40:17.098-0400][gc,heap        ] GC(385829)  Metaspace       used 61020K, capacity 63721K, committed 64768K, reserved 1107968K
[2020-12-25T00:40:17.098-0400][gc,heap        ] GC(385829)   class space    used 5712K, capacity 6559K, committed 6912K, reserved 1048576K
[2020-12-25T00:40:17.098-0400][gc,start       ] GC(385829) Pause Young (Normal) (G1 Evacuation Pause)
[2020-12-25T00:40:17.098-0400][gc,task        ] GC(385829) Using 4 workers of 4 for evacuation
[2020-12-25T00:40:17.104-0400][gc,phases      ] GC(385829)   Pre Evacuate Collection Set: 0.0ms
[2020-12-25T00:40:17.104-0400][gc,phases      ] GC(385829)   Evacuate Collection Set: 3.8ms
[2020-12-25T00:40:17.104-0400][gc,phases      ] GC(385829)   Post Evacuate Collection Set: 1.7ms
[2020-12-25T00:40:17.104-0400][gc,phases      ] GC(385829)   Other: 0.9ms
[2020-12-25T00:40:17.104-0400][gc,heap        ] GC(385829) Eden regions: 10->0(10)
[2020-12-25T00:40:17.104-0400][gc,heap        ] GC(385829) Survivor regions: 1->1(2)
[2020-12-25T00:40:17.104-0400][gc,heap        ] GC(385829) Old regions: 46->46
[2020-12-25T00:40:17.104-0400][gc,heap        ] GC(385829) Humongous regions: 4->4
[2020-12-25T00:40:17.104-0400][gc,metaspace   ] GC(385829) Metaspace: 61020K->61020K(1107968K)
[2020-12-25T00:40:17.104-0400][gc,heap        ] GC(385829) Heap after GC invocations=385805 (full 11265): garbage-first heap   total 71680K, used 48890K [0x0000000083000000, 0x0000000100000000)
[2020-12-25T00:40:17.104-0400][gc,heap        ] GC(385829)   region size 1024K, 1 young (1024K), 1 survivors (1024K)
[2020-12-25T00:40:17.105-0400][gc,heap        ] GC(385829)  Metaspace       used 61020K, capacity 63721K, committed 64768K, reserved 1107968K
[2020-12-25T00:40:17.105-0400][gc,heap        ] GC(385829)   class space    used 5712K, capacity 6559K, committed 6912K, reserved 1048576K
[2020-12-25T00:40:17.105-0400][gc             ] GC(385829) Pause Young (Normal) (G1 Evacuation Pause) 57M->47M(70M) 6.670ms
[2020-12-25T00:40:17.105-0400][gc,cpu         ] GC(385829) User=0.02s Sys=0.00s Real=0.00s
[2020-12-25T00:41:00.023-0400][gc,heap        ] GC(385830) Heap before GC invocations=385805 (full 11265): garbage-first heap   total 71680K, used 58106K [0x0000000083000000, 0x0000000100000000)
[2020-12-25T00:41:00.023-0400][gc,heap        ] GC(385830)   region size 1024K, 11 young (11264K), 1 survivors (1024K)
[2020-12-25T00:41:00.023-0400][gc,heap        ] GC(385830)  Metaspace       used 61020K, capacity 63721K, committed 64768K, reserved 1107968K
[2020-12-25T00:41:00.024-0400][gc,heap        ] GC(385830)   class space    used 5712K, capacity 6559K, committed 6912K, reserved 1048576K
[2020-12-25T00:41:00.024-0400][gc,start       ] GC(385830) Pause Young (Normal) (G1 Evacuation Pause)
[2020-12-25T00:41:00.024-0400][gc,task        ] GC(385830) Using 4 workers of 4 for evacuation
[2020-12-25T00:41:00.030-0400][gc,phases      ] GC(385830)   Pre Evacuate Collection Set: 0.0ms
[2020-12-25T00:41:00.030-0400][gc,phases      ] GC(385830)   Evacuate Collection Set: 3.8ms
[2020-12-25T00:41:00.030-0400][gc,phases      ] GC(385830)   Post Evacuate Collection Set: 1.7ms
[2020-12-25T00:41:00.030-0400][gc,phases      ] GC(385830)   Other: 0.9ms
[2020-12-25T00:41:00.030-0400][gc,heap        ] GC(385830) Eden regions: 10->0(10)
[2020-12-25T00:41:00.030-0400][gc,heap        ] GC(385830) Survivor regions: 1->1(2)
[2020-12-25T00:41:00.030-0400][gc,heap        ] GC(385830) Old regions: 46->46
[2020-12-25T00:41:00.030-0400][gc,heap        ] GC(385830) Humongous regions: 4->4
[2020-12-25T00:41:00.030-0400][gc,metaspace   ] GC(385830) Metaspace: 61020K->61020K(1107968K)
[2020-12-25T00:41:00.030-0400][gc,heap        ] GC(385830) Heap after GC invocations=385806 (full 11265): garbage-first heap   total 71680K, used 48866K [0x0000000083000000, 0x0000000100000000)
[2020-12-25T00:41:00.030-0400][gc,heap        ] GC(385830)   region size 1024K, 1 young (1024K), 1 survivors (1024K)
[2020-12-25T00:41:00.030-0400][gc,heap        ] GC(385830)  Metaspace       used 61020K, capacity 63721K, committed 64768K, reserved 1107968K
[2020-12-25T00:41:00.030-0400][gc,heap        ] GC(385830)   class space    used 5712K, capacity 6559K, committed 6912K, reserved 1048576K
[2020-12-25T00:41:00.030-0400][gc             ] GC(385830) Pause Young (Normal) (G1 Evacuation Pause) 57M->47M(70M) 6.771ms
[2020-12-25T00:41:00.031-0400][gc,cpu         ] GC(385830) User=0.02s Sys=0.00s Real=0.01s
[2020-12-25T00:41:27.730-0400][gc,heap        ] GC(385831) Heap before GC invocations=385806 (full 11265): garbage-first heap   total 71680K, used 58082K [0x0000000083000000, 0x0000000100000000)
[2020-12-25T00:41:27.730-0400][gc,heap        ] GC(385831)   region size 1024K, 11 young (11264K), 1 survivors (1024K)
[2020-12-25T00:41:27.730-0400][gc,heap        ] GC(385831)  Metaspace       used 61020K, capacity 63721K, committed 64768K, reserved 1107968K
[2020-12-25T00:41:27.730-0400][gc,heap        ] GC(385831)   class space    used 5712K, capacity 6559K, committed 6912K, reserved 1048576K
[2020-12-25T00:41:27.730-0400][gc,start       ] GC(385831) Pause Young (Normal) (G1 Evacuation Pause)
[2020-12-25T00:41:27.730-0400][gc,task        ] GC(385831) Using 4 workers of 4 for evacuation
[2020-12-25T00:41:27.736-0400][gc,phases      ] GC(385831)   Pre Evacuate Collection Set: 0.0ms
[2020-12-25T00:41:27.736-0400][gc,phases      ] GC(385831)   Evacuate Collection Set: 3.7ms
[2020-12-25T00:41:27.736-0400][gc,phases      ] GC(385831)   Post Evacuate Collection Set: 1.5ms
[2020-12-25T00:41:27.736-0400][gc,phases      ] GC(385831)   Other: 0.8ms
[2020-12-25T00:41:27.736-0400][gc,heap        ] GC(385831) Eden regions: 10->0(10)
[2020-12-25T00:41:27.736-0400][gc,heap        ] GC(385831) Survivor regions: 1->1(2)
[2020-12-25T00:41:27.736-0400][gc,heap        ] GC(385831) Old regions: 46->46
[2020-12-25T00:41:27.736-0400][gc,heap        ] GC(385831) Humongous regions: 4->4
[2020-12-25T00:41:27.736-0400][gc,metaspace   ] GC(385831) Metaspace: 61020K->61020K(1107968K)
[2020-12-25T00:41:27.736-0400][gc,heap        ] GC(385831) Heap after GC invocations=385807 (full 11265): garbage-first heap   total 71680K, used 48923K [0x0000000083000000, 0x0000000100000000)
[2020-12-25T00:41:27.737-0400][gc,heap        ] GC(385831)   region size 1024K, 1 young (1024K), 1 survivors (1024K)
[2020-12-25T00:41:27.737-0400][gc,heap        ] GC(385831)  Metaspace       used 61020K, capacity 63721K, committed 64768K, reserved 1107968K
[2020-12-25T00:41:27.737-0400][gc,heap        ] GC(385831)   class space    used 5712K, capacity 6559K, committed 6912K, reserved 1048576K
[2020-12-25T00:41:27.737-0400][gc             ] GC(385831) Pause Young (Normal) (G1 Evacuation Pause) 57M->47M(70M) 6.507ms
[2020-12-25T00:41:27.737-0400][gc,cpu         ] GC(385831) User=0.01s Sys=0.01s Real=0.01s
[2020-12-25T00:41:50.924-0400][gc,task        ] GC(385832) Using 3 workers of 4 for full compaction
[2020-12-25T00:41:50.924-0400][gc,start       ] GC(385832) Pause Full (System.gc())
[2020-12-25T00:41:50.924-0400][gc,heap        ] GC(385832) Heap before GC invocations=385807 (full 11265): garbage-first heap   total 71680K, used 55067K [0x0000000083000000, 0x0000000100000000)
[2020-12-25T00:41:50.924-0400][gc,heap        ] GC(385832)   region size 1024K, 8 young (8192K), 1 survivors (1024K)
[2020-12-25T00:41:50.925-0400][gc,heap        ] GC(385832)  Metaspace       used 61020K, capacity 63721K, committed 64768K, reserved 1107968K
[2020-12-25T00:41:50.925-0400][gc,heap        ] GC(385832)   class space    used 5712K, capacity 6559K, committed 6912K, reserved 1048576K
[2020-12-25T00:41:50.927-0400][gc,phases,start] GC(385832) Phase 1: Mark live objects
[2020-12-25T00:41:51.069-0400][gc,stringtable ] GC(385832) Cleaned string and symbol table, strings: 32207 processed, 0 removed, symbols: 131451 processed, 0 removed
[2020-12-25T00:41:51.069-0400][gc,phases      ] GC(385832) Phase 1: Mark live objects 141.753ms
[2020-12-25T00:41:51.069-0400][gc,phases,start] GC(385832) Phase 2: Prepare for compaction
[2020-12-25T00:41:51.099-0400][gc,phases      ] GC(385832) Phase 2: Prepare for compaction 29.930ms
[2020-12-25T00:41:51.099-0400][gc,phases,start] GC(385832) Phase 3: Adjust pointers
[2020-12-25T00:41:51.177-0400][gc,phases      ] GC(385832) Phase 3: Adjust pointers 77.852ms
[2020-12-25T00:41:51.177-0400][gc,phases,start] GC(385832) Phase 4: Compact heap
[2020-12-25T00:41:51.196-0400][gc,phases      ] GC(385832) Phase 4: Compact heap 19.178ms
[2020-12-25T00:41:51.231-0400][gc,heap        ] GC(385832) Eden regions: 7->0(11)
[2020-12-25T00:41:51.231-0400][gc,heap        ] GC(385832) Survivor regions: 1->0(2)
[2020-12-25T00:41:51.231-0400][gc,heap        ] GC(385832) Old regions: 46->45
[2020-12-25T00:41:51.231-0400][gc,heap        ] GC(385832) Humongous regions: 4->4
[2020-12-25T00:41:51.231-0400][gc,metaspace   ] GC(385832) Metaspace: 61020K->61020K(1107968K)
[2020-12-25T00:41:51.231-0400][gc,heap        ] GC(385832) Heap after GC invocations=385808 (full 11266): garbage-first heap   total 71680K, used 48432K [0x0000000083000000, 0x0000000100000000)
[2020-12-25T00:41:51.231-0400][gc,heap        ] GC(385832)   region size 1024K, 0 young (0K), 0 survivors (0K)
[2020-12-25T00:41:51.231-0400][gc,heap        ] GC(385832)  Metaspace       used 61020K, capacity 63721K, committed 64768K, reserved 1107968K
[2020-12-25T00:41:51.231-0400][gc,heap        ] GC(385832)   class space    used 5712K, capacity 6559K, committed 6912K, reserved 1048576K
[2020-12-25T00:41:51.231-0400][gc             ] GC(385832) Pause Full (System.gc()) 54M->47M(70M) 306.956ms
[2020-12-25T00:41:51.232-0400][gc,cpu         ] GC(385832) User=0.83s Sys=0.00s Real=0.31s
[2020-12-25T00:42:18.397-0400][gc,heap        ] GC(385833) Heap before GC invocations=385808 (full 11266): garbage-first heap   total 71680K, used 58672K [0x0000000083000000, 0x0000000100000000)
[2020-12-25T00:42:18.397-0400][gc,heap        ] GC(385833)   region size 1024K, 11 young (11264K), 0 survivors (0K)
[2020-12-25T00:42:18.397-0400][gc,heap        ] GC(385833)  Metaspace       used 61020K, capacity 63721K, committed 64768K, reserved 1107968K
[2020-12-25T00:42:18.397-0400][gc,heap        ] GC(385833)   class space    used 5712K, capacity 6559K, committed 6912K, reserved 1048576K
[2020-12-25T00:42:18.397-0400][gc,start       ] GC(385833) Pause Young (Normal) (G1 Evacuation Pause)
[2020-12-25T00:42:18.397-0400][gc,task        ] GC(385833) Using 4 workers of 4 for evacuation
[2020-12-25T00:42:18.402-0400][gc,phases      ] GC(385833)   Pre Evacuate Collection Set: 0.0ms
[2020-12-25T00:42:18.402-0400][gc,phases      ] GC(385833)   Evacuate Collection Set: 3.0ms
[2020-12-25T00:42:18.402-0400][gc,phases      ] GC(385833)   Post Evacuate Collection Set: 1.8ms
[2020-12-25T00:42:18.403-0400][gc,phases      ] GC(385833)   Other: 0.8ms
[2020-12-25T00:42:18.403-0400][gc,heap        ] GC(385833) Eden regions: 11->0(11)
[2020-12-25T00:42:18.403-0400][gc,heap        ] GC(385833) Survivor regions: 0->1(2)
[2020-12-25T00:42:18.403-0400][gc,heap        ] GC(385833) Old regions: 45->45
[2020-12-25T00:42:18.403-0400][gc,heap        ] GC(385833) Humongous regions: 4->4
[2020-12-25T00:42:18.403-0400][gc,metaspace   ] GC(385833) Metaspace: 61020K->61020K(1107968K)
[2020-12-25T00:42:18.403-0400][gc,heap        ] GC(385833) Heap after GC invocations=385809 (full 11266): garbage-first heap   total 71680K, used 48737K [0x0000000083000000, 0x0000000100000000)
[2020-12-25T00:42:18.403-0400][gc,heap        ] GC(385833)   region size 1024K, 1 young (1024K), 1 survivors (1024K)
[2020-12-25T00:42:18.403-0400][gc,heap        ] GC(385833)  Metaspace       used 61020K, capacity 63721K, committed 64768K, reserved 1107968K
[2020-12-25T00:42:18.403-0400][gc,heap        ] GC(385833)   class space    used 5712K, capacity 6559K, committed 6912K, reserved 1048576K
[2020-12-25T00:42:18.403-0400][gc             ] GC(385833) Pause Young (Normal) (G1 Evacuation Pause) 58M->47M(70M) 6.056ms
[2020-12-25T00:42:18.403-0400][gc,cpu         ] GC(385833) User=0.02s Sys=0.00s Real=0.00s
[2020-12-25T00:42:58.643-0400][gc,heap        ] GC(385834) Heap before GC invocations=385809 (full 11266): garbage-first heap   total 71680K, used 58977K [0x0000000083000000, 0x0000000100000000)
[2020-12-25T00:42:58.643-0400][gc,heap        ] GC(385834)   region size 1024K, 12 young (12288K), 1 survivors (1024K)
[2020-12-25T00:42:58.643-0400][gc,heap        ] GC(385834)  Metaspace       used 61020K, capacity 63721K, committed 64768K, reserved 1107968K
[2020-12-25T00:42:58.643-0400][gc,heap        ] GC(385834)   class space    used 5712K, capacity 6559K, committed 6912K, reserved 1048576K
[2020-12-25T00:42:58.643-0400][gc,start       ] GC(385834) Pause Young (Normal) (G1 Evacuation Pause)
[2020-12-25T00:42:58.643-0400][gc,task        ] GC(385834) Using 4 workers of 4 for evacuation
[2020-12-25T00:42:58.649-0400][gc,phases      ] GC(385834)   Pre Evacuate Collection Set: 0.0ms
[2020-12-25T00:42:58.649-0400][gc,phases      ] GC(385834)   Evacuate Collection Set: 3.2ms
[2020-12-25T00:42:58.649-0400][gc,phases      ] GC(385834)   Post Evacuate Collection Set: 1.8ms
[2020-12-25T00:42:58.649-0400][gc,phases      ] GC(385834)   Other: 0.9ms
[2020-12-25T00:42:58.649-0400][gc,heap        ] GC(385834) Eden regions: 11->0(11)
[2020-12-25T00:42:58.649-0400][gc,heap        ] GC(385834) Survivor regions: 1->1(2)
[2020-12-25T00:42:58.649-0400][gc,heap        ] GC(385834) Old regions: 45->45
[2020-12-25T00:42:58.649-0400][gc,heap        ] GC(385834) Humongous regions: 4->4
[2020-12-25T00:42:58.649-0400][gc,metaspace   ] GC(385834) Metaspace: 61020K->61020K(1107968K)
[2020-12-25T00:42:58.649-0400][gc,heap        ] GC(385834) Heap after GC invocations=385810 (full 11266): garbage-first heap   total 71680K, used 48779K [0x0000000083000000, 0x0000000100000000)
[2020-12-25T00:42:58.649-0400][gc,heap        ] GC(385834)   region size 1024K, 1 young (1024K), 1 survivors (1024K)
[2020-12-25T00:42:58.649-0400][gc,heap        ] GC(385834)  Metaspace       used 61020K, capacity 63721K, committed 64768K, reserved 1107968K
[2020-12-25T00:42:58.649-0400][gc,heap        ] GC(385834)   class space    used 5712K, capacity 6559K, committed 6912K, reserved 1048576K
[2020-12-25T00:42:58.649-0400][gc             ] GC(385834) Pause Young (Normal) (G1 Evacuation Pause) 58M->47M(70M) 6.298ms
[2020-12-25T00:42:58.650-0400][gc,cpu         ] GC(385834) User=0.01s Sys=0.01s Real=0.01s
[2020-12-25T00:43:31.820-0400][gc,heap        ] GC(385835) Heap before GC invocations=385810 (full 11266): garbage-first heap   total 71680K, used 59019K [0x0000000083000000, 0x0000000100000000)
[2020-12-25T00:43:31.821-0400][gc,heap        ] GC(385835)   region size 1024K, 12 young (12288K), 1 survivors (1024K)
[2020-12-25T00:43:31.821-0400][gc,heap        ] GC(385835)  Metaspace       used 61020K, capacity 63721K, committed 64768K, reserved 1107968K
[2020-12-25T00:43:31.821-0400][gc,heap        ] GC(385835)   class space    used 5712K, capacity 6559K, committed 6912K, reserved 1048576K
[2020-12-25T00:43:31.821-0400][gc,start       ] GC(385835) Pause Young (Normal) (G1 Evacuation Pause)
[2020-12-25T00:43:31.821-0400][gc,task        ] GC(385835) Using 4 workers of 4 for evacuation
[2020-12-25T00:43:31.826-0400][gc,phases      ] GC(385835)   Pre Evacuate Collection Set: 0.0ms
[2020-12-25T00:43:31.826-0400][gc,phases      ] GC(385835)   Evacuate Collection Set: 3.0ms
[2020-12-25T00:43:31.826-0400][gc,phases      ] GC(385835)   Post Evacuate Collection Set: 1.7ms
[2020-12-25T00:43:31.826-0400][gc,phases      ] GC(385835)   Other: 0.8ms
[2020-12-25T00:43:31.826-0400][gc,heap        ] GC(385835) Eden regions: 11->0(11)
[2020-12-25T00:43:31.826-0400][gc,heap        ] GC(385835) Survivor regions: 1->1(2)
[2020-12-25T00:43:31.826-0400][gc,heap        ] GC(385835) Old regions: 45->45
[2020-12-25T00:43:31.826-0400][gc,heap        ] GC(385835) Humongous regions: 4->4
[2020-12-25T00:43:31.826-0400][gc,metaspace   ] GC(385835) Metaspace: 61020K->61020K(1107968K)
[2020-12-25T00:43:31.826-0400][gc,heap        ] GC(385835) Heap after GC invocations=385811 (full 11266): garbage-first heap   total 71680K, used 48791K [0x0000000083000000, 0x0000000100000000)
[2020-12-25T00:43:31.827-0400][gc,heap        ] GC(385835)   region size 1024K, 1 young (1024K), 1 survivors (1024K)
[2020-12-25T00:43:31.827-0400][gc,heap        ] GC(385835)  Metaspace       used 61020K, capacity 63721K, committed 64768K, reserved 1107968K
[2020-12-25T00:43:31.827-0400][gc,heap        ] GC(385835)   class space    used 5712K, capacity 6559K, committed 6912K, reserved 1048576K
[2020-12-25T00:43:31.827-0400][gc             ] GC(385835) Pause Young (Normal) (G1 Evacuation Pause) 58M->47M(70M) 6.022ms
[2020-12-25T00:43:31.827-0400][gc,cpu         ] GC(385835) User=0.00s Sys=0.01s Real=0.01s
[2020-12-25T00:44:09.352-0400][gc,heap        ] GC(385836) Heap before GC invocations=385811 (full 11266): garbage-first heap   total 71680K, used 60055K [0x0000000083000000, 0x0000000100000000)
[2020-12-25T00:44:09.352-0400][gc,heap        ] GC(385836)   region size 1024K, 12 young (12288K), 1 survivors (1024K)
[2020-12-25T00:44:09.352-0400][gc,heap        ] GC(385836)  Metaspace       used 61020K, capacity 63721K, committed 64768K, reserved 1107968K
[2020-12-25T00:44:09.352-0400][gc,heap        ] GC(385836)   class space    used 5712K, capacity 6559K, committed 6912K, reserved 1048576K
[2020-12-25T00:44:09.352-0400][gc,start       ] GC(385836) Pause Young (Normal) (G1 Evacuation Pause)
[2020-12-25T00:44:09.352-0400][gc,task        ] GC(385836) Using 4 workers of 4 for evacuation
[2020-12-25T00:44:09.357-0400][gc,phases      ] GC(385836)   Pre Evacuate Collection Set: 0.0ms
[2020-12-25T00:44:09.357-0400][gc,phases      ] GC(385836)   Evacuate Collection Set: 3.2ms
[2020-12-25T00:44:09.357-0400][gc,phases      ] GC(385836)   Post Evacuate Collection Set: 1.6ms
[2020-12-25T00:44:09.357-0400][gc,phases      ] GC(385836)   Other: 0.8ms
[2020-12-25T00:44:09.357-0400][gc,heap        ] GC(385836) Eden regions: 11->0(11)
[2020-12-25T00:44:09.358-0400][gc,heap        ] GC(385836) Survivor regions: 1->1(2)
[2020-12-25T00:44:09.358-0400][gc,heap        ] GC(385836) Old regions: 45->45
[2020-12-25T00:44:09.358-0400][gc,heap        ] GC(385836) Humongous regions: 4->4
[2020-12-25T00:44:09.358-0400][gc,metaspace   ] GC(385836) Metaspace: 61020K->61020K(1107968K)
[2020-12-25T00:44:09.358-0400][gc,heap        ] GC(385836) Heap after GC invocations=385812 (full 11266): garbage-first heap   total 71680K, used 48803K [0x0000000083000000, 0x0000000100000000)
[2020-12-25T00:44:09.358-0400][gc,heap        ] GC(385836)   region size 1024K, 1 young (1024K), 1 survivors (1024K)
[2020-12-25T00:44:09.358-0400][gc,heap        ] GC(385836)  Metaspace       used 61020K, capacity 63721K, committed 64768K, reserved 1107968K
[2020-12-25T00:44:09.358-0400][gc,heap        ] GC(385836)   class space    used 5712K, capacity 6559K, committed 6912K, reserved 1048576K
[2020-12-25T00:44:09.358-0400][gc             ] GC(385836) Pause Young (Normal) (G1 Evacuation Pause) 58M->47M(70M) 5.983ms
[2020-12-25T00:44:09.358-0400][gc,cpu         ] GC(385836) User=0.02s Sys=0.00s Real=0.01s
[2020-12-25T00:44:43.893-0400][gc,heap        ] GC(385837) Heap before GC invocations=385812 (full 11266): garbage-first heap   total 71680K, used 59043K [0x0000000083000000, 0x0000000100000000)
[2020-12-25T00:44:43.894-0400][gc,heap        ] GC(385837)   region size 1024K, 12 young (12288K), 1 survivors (1024K)
[2020-12-25T00:44:43.894-0400][gc,heap        ] GC(385837)  Metaspace       used 61020K, capacity 63721K, committed 64768K, reserved 1107968K
[2020-12-25T00:44:43.894-0400][gc,heap        ] GC(385837)   class space    used 5712K, capacity 6559K, committed 6912K, reserved 1048576K
[2020-12-25T00:44:43.894-0400][gc,start       ] GC(385837) Pause Young (Normal) (G1 Evacuation Pause)
[2020-12-25T00:44:43.894-0400][gc,task        ] GC(385837) Using 4 workers of 4 for evacuation
[2020-12-25T00:44:43.899-0400][gc,phases      ] GC(385837)   Pre Evacuate Collection Set: 0.0ms
[2020-12-25T00:44:43.899-0400][gc,phases      ] GC(385837)   Evacuate Collection Set: 3.2ms
[2020-12-25T00:44:43.899-0400][gc,phases      ] GC(385837)   Post Evacuate Collection Set: 1.8ms
[2020-12-25T00:44:43.900-0400][gc,phases      ] GC(385837)   Other: 0.9ms
[2020-12-25T00:44:43.900-0400][gc,heap        ] GC(385837) Eden regions: 11->0(11)
[2020-12-25T00:44:43.900-0400][gc,heap        ] GC(385837) Survivor regions: 1->1(2)
[2020-12-25T00:44:43.900-0400][gc,heap        ] GC(385837) Old regions: 45->45
[2020-12-25T00:44:43.900-0400][gc,heap        ] GC(385837) Humongous regions: 4->4
[2020-12-25T00:44:43.900-0400][gc,metaspace   ] GC(385837) Metaspace: 61020K->61020K(1107968K)
[2020-12-25T00:44:43.900-0400][gc,heap        ] GC(385837) Heap after GC invocations=385813 (full 11266): garbage-first heap   total 71680K, used 48810K [0x0000000083000000, 0x0000000100000000)
[2020-12-25T00:44:43.900-0400][gc,heap        ] GC(385837)   region size 1024K, 1 young (1024K), 1 survivors (1024K)
[2020-12-25T00:44:43.900-0400][gc,heap        ] GC(385837)  Metaspace       used 61020K, capacity 63721K, committed 64768K, reserved 1107968K
[2020-12-25T00:44:43.900-0400][gc,heap        ] GC(385837)   class space    used 5712K, capacity 6559K, committed 6912K, reserved 1048576K
[2020-12-25T00:44:43.900-0400][gc             ] GC(385837) Pause Young (Normal) (G1 Evacuation Pause) 58M->47M(70M) 6.310ms
[2020-12-25T00:44:43.900-0400][gc,cpu         ] GC(385837) User=0.01s Sys=0.00s Real=0.01s
[2020-12-25T00:45:13.895-0400][gc,heap        ] GC(385838) Heap before GC invocations=385813 (full 11266): garbage-first heap   total 71680K, used 60074K [0x0000000083000000, 0x0000000100000000)
[2020-12-25T00:45:13.895-0400][gc,heap        ] GC(385838)   region size 1024K, 12 young (12288K), 1 survivors (1024K)
[2020-12-25T00:45:13.895-0400][gc,heap        ] GC(385838)  Metaspace       used 61020K, capacity 63721K, committed 64768K, reserved 1107968K
[2020-12-25T00:45:13.895-0400][gc,heap        ] GC(385838)   class space    used 5712K, capacity 6559K, committed 6912K, reserved 1048576K
[2020-12-25T00:45:13.895-0400][gc,start       ] GC(385838) Pause Young (Normal) (G1 Evacuation Pause)
[2020-12-25T00:45:13.895-0400][gc,task        ] GC(385838) Using 4 workers of 4 for evacuation
[2020-12-25T00:45:13.901-0400][gc,phases      ] GC(385838)   Pre Evacuate Collection Set: 0.0ms
[2020-12-25T00:45:13.901-0400][gc,phases      ] GC(385838)   Evacuate Collection Set: 3.2ms
[2020-12-25T00:45:13.901-0400][gc,phases      ] GC(385838)   Post Evacuate Collection Set: 1.9ms
[2020-12-25T00:45:13.901-0400][gc,phases      ] GC(385838)   Other: 0.8ms
[2020-12-25T00:45:13.901-0400][gc,heap        ] GC(385838) Eden regions: 11->0(11)
[2020-12-25T00:45:13.901-0400][gc,heap        ] GC(385838) Survivor regions: 1->1(2)
[2020-12-25T00:45:13.901-0400][gc,heap        ] GC(385838) Old regions: 45->45
[2020-12-25T00:45:13.901-0400][gc,heap        ] GC(385838) Humongous regions: 4->4
[2020-12-25T00:45:13.901-0400][gc,metaspace   ] GC(385838) Metaspace: 61020K->61020K(1107968K)
[2020-12-25T00:45:13.901-0400][gc,heap        ] GC(385838) Heap after GC invocations=385814 (full 11266): garbage-first heap   total 71680K, used 48799K [0x0000000083000000, 0x0000000100000000)
[2020-12-25T00:45:13.901-0400][gc,heap        ] GC(385838)   region size 1024K, 1 young (1024K), 1 survivors (1024K)
[2020-12-25T00:45:13.901-0400][gc,heap        ] GC(385838)  Metaspace       used 61020K, capacity 63721K, committed 64768K, reserved 1107968K
[2020-12-25T00:45:13.901-0400][gc,heap        ] GC(385838)   class space    used 5712K, capacity 6559K, committed 6912K, reserved 1048576K
[2020-12-25T00:45:13.901-0400][gc             ] GC(385838) Pause Young (Normal) (G1 Evacuation Pause) 58M->47M(70M) 6.315ms
[2020-12-25T00:45:13.902-0400][gc,cpu         ] GC(385838) User=0.01s Sys=0.01s Real=0.01s
[2020-12-25T00:45:50.773-0400][gc,heap        ] GC(385839) Heap before GC invocations=385814 (full 11266): garbage-first heap   total 71680K, used 59039K [0x0000000083000000, 0x0000000100000000)
[2020-12-25T00:45:50.773-0400][gc,heap        ] GC(385839)   region size 1024K, 12 young (12288K), 1 survivors (1024K)
[2020-12-25T00:45:50.773-0400][gc,heap        ] GC(385839)  Metaspace       used 61020K, capacity 63721K, committed 64768K, reserved 1107968K
[2020-12-25T00:45:50.773-0400][gc,heap        ] GC(385839)   class space    used 5712K, capacity 6559K, committed 6912K, reserved 1048576K
[2020-12-25T00:45:50.773-0400][gc,start       ] GC(385839) Pause Young (Normal) (G1 Evacuation Pause)
[2020-12-25T00:45:50.773-0400][gc,task        ] GC(385839) Using 4 workers of 4 for evacuation
[2020-12-25T00:45:50.778-0400][gc,phases      ] GC(385839)   Pre Evacuate Collection Set: 0.0ms
[2020-12-25T00:45:50.778-0400][gc,phases      ] GC(385839)   Evacuate Collection Set: 3.1ms
[2020-12-25T00:45:50.778-0400][gc,phases      ] GC(385839)   Post Evacuate Collection Set: 1.5ms
[2020-12-25T00:45:50.778-0400][gc,phases      ] GC(385839)   Other: 1.0ms
[2020-12-25T00:45:50.778-0400][gc,heap        ] GC(385839) Eden regions: 11->0(11)
[2020-12-25T00:45:50.778-0400][gc,heap        ] GC(385839) Survivor regions: 1->1(2)
[2020-12-25T00:45:50.778-0400][gc,heap        ] GC(385839) Old regions: 45->45
[2020-12-25T00:45:50.778-0400][gc,heap        ] GC(385839) Humongous regions: 4->4
[2020-12-25T00:45:50.778-0400][gc,metaspace   ] GC(385839) Metaspace: 61020K->61020K(1107968K)
[2020-12-25T00:45:50.779-0400][gc,heap        ] GC(385839) Heap after GC invocations=385815 (full 11266): garbage-first heap   total 71680K, used 48789K [0x0000000083000000, 0x0000000100000000)
[2020-12-25T00:45:50.779-0400][gc,heap        ] GC(385839)   region size 1024K, 1 young (1024K), 1 survivors (1024K)
[2020-12-25T00:45:50.779-0400][gc,heap        ] GC(385839)  Metaspace       used 61020K, capacity 63721K, committed 64768K, reserved 1107968K
[2020-12-25T00:45:50.779-0400][gc,heap        ] GC(385839)   class space    used 5712K, capacity 6559K, committed 6912K, reserved 1048576K
[2020-12-25T00:45:50.779-0400][gc             ] GC(385839) Pause Young (Normal) (G1 Evacuation Pause) 58M->47M(70M) 5.850ms
[2020-12-25T00:45:50.779-0400][gc,cpu         ] GC(385839) User=0.01s Sys=0.01s Real=0.01s
[2020-12-25T00:46:21.606-0400][gc,heap        ] GC(385840) Heap before GC invocations=385815 (full 11266): garbage-first heap   total 71680K, used 59029K [0x0000000083000000, 0x0000000100000000)
[2020-12-25T00:46:21.606-0400][gc,heap        ] GC(385840)   region size 1024K, 12 young (12288K), 1 survivors (1024K)
[2020-12-25T00:46:21.606-0400][gc,heap        ] GC(385840)  Metaspace       used 61020K, capacity 63721K, committed 64768K, reserved 1107968K
[2020-12-25T00:46:21.606-0400][gc,heap        ] GC(385840)   class space    used 5712K, capacity 6559K, committed 6912K, reserved 1048576K
[2020-12-25T00:46:21.606-0400][gc,start       ] GC(385840) Pause Young (Normal) (G1 Evacuation Pause)
[2020-12-25T00:46:21.606-0400][gc,task        ] GC(385840) Using 4 workers of 4 for evacuation
[2020-12-25T00:46:21.613-0400][gc,phases      ] GC(385840)   Pre Evacuate Collection Set: 0.0ms
[2020-12-25T00:46:21.613-0400][gc,phases      ] GC(385840)   Evacuate Collection Set: 3.9ms
[2020-12-25T00:46:21.613-0400][gc,phases      ] GC(385840)   Post Evacuate Collection Set: 2.8ms
[2020-12-25T00:46:21.613-0400][gc,phases      ] GC(385840)   Other: 0.9ms
[2020-12-25T00:46:21.613-0400][gc,heap        ] GC(385840) Eden regions: 11->0(11)
[2020-12-25T00:46:21.613-0400][gc,heap        ] GC(385840) Survivor regions: 1->1(2)
[2020-12-25T00:46:21.614-0400][gc,heap        ] GC(385840) Old regions: 45->45
[2020-12-25T00:46:21.614-0400][gc,heap        ] GC(385840) Humongous regions: 4->4
[2020-12-25T00:46:21.614-0400][gc,metaspace   ] GC(385840) Metaspace: 61020K->61020K(1107968K)
[2020-12-25T00:46:21.614-0400][gc,heap        ] GC(385840) Heap after GC invocations=385816 (full 11266): garbage-first heap   total 71680K, used 48970K [0x0000000083000000, 0x0000000100000000)
[2020-12-25T00:46:21.614-0400][gc,heap        ] GC(385840)   region size 1024K, 1 young (1024K), 1 survivors (1024K)
[2020-12-25T00:46:21.614-0400][gc,heap        ] GC(385840)  Metaspace       used 61020K, capacity 63721K, committed 64768K, reserved 1107968K
[2020-12-25T00:46:21.614-0400][gc,heap        ] GC(385840)   class space    used 5712K, capacity 6559K, committed 6912K, reserved 1048576K
[2020-12-25T00:46:21.614-0400][gc             ] GC(385840) Pause Young (Normal) (G1 Evacuation Pause) 58M->47M(70M) 8.066ms
[2020-12-25T00:46:21.614-0400][gc,cpu         ] GC(385840) User=0.02s Sys=0.00s Real=0.00s
[2020-12-25T00:46:50.924-0400][gc,task        ] GC(385841) Using 3 workers of 4 for full compaction
[2020-12-25T00:46:50.924-0400][gc,start       ] GC(385841) Pause Full (System.gc())
[2020-12-25T00:46:50.924-0400][gc,heap        ] GC(385841) Heap before GC invocations=385816 (full 11266): garbage-first heap   total 71680K, used 55114K [0x0000000083000000, 0x0000000100000000)
[2020-12-25T00:46:50.924-0400][gc,heap        ] GC(385841)   region size 1024K, 9 young (9216K), 1 survivors (1024K)
[2020-12-25T00:46:50.924-0400][gc,heap        ] GC(385841)  Metaspace       used 61020K, capacity 63721K, committed 64768K, reserved 1107968K
[2020-12-25T00:46:50.924-0400][gc,heap        ] GC(385841)   class space    used 5712K, capacity 6559K, committed 6912K, reserved 1048576K
[2020-12-25T00:46:50.926-0400][gc,phases,start] GC(385841) Phase 1: Mark live objects
[2020-12-25T00:46:51.071-0400][gc,stringtable ] GC(385841) Cleaned string and symbol table, strings: 32207 processed, 0 removed, symbols: 131451 processed, 0 removed
[2020-12-25T00:46:51.072-0400][gc,phases      ] GC(385841) Phase 1: Mark live objects 145.273ms
[2020-12-25T00:46:51.072-0400][gc,phases,start] GC(385841) Phase 2: Prepare for compaction
[2020-12-25T00:46:51.102-0400][gc,phases      ] GC(385841) Phase 2: Prepare for compaction 30.770ms
[2020-12-25T00:46:51.103-0400][gc,phases,start] GC(385841) Phase 3: Adjust pointers
[2020-12-25T00:46:51.179-0400][gc,phases      ] GC(385841) Phase 3: Adjust pointers 76.246ms
[2020-12-25T00:46:51.179-0400][gc,phases,start] GC(385841) Phase 4: Compact heap
[2020-12-25T00:46:51.201-0400][gc,phases      ] GC(385841) Phase 4: Compact heap 21.776ms
[2020-12-25T00:46:51.237-0400][gc,heap        ] GC(385841) Eden regions: 8->0(11)
[2020-12-25T00:46:51.237-0400][gc,heap        ] GC(385841) Survivor regions: 1->0(2)
[2020-12-25T00:46:51.237-0400][gc,heap        ] GC(385841) Old regions: 45->46
[2020-12-25T00:46:51.237-0400][gc,heap        ] GC(385841) Humongous regions: 4->4
[2020-12-25T00:46:51.237-0400][gc,metaspace   ] GC(385841) Metaspace: 61020K->61020K(1107968K)
[2020-12-25T00:46:51.237-0400][gc,heap        ] GC(385841) Heap after GC invocations=385817 (full 11267): garbage-first heap   total 71680K, used 48474K [0x0000000083000000, 0x0000000100000000)
[2020-12-25T00:46:51.237-0400][gc,heap        ] GC(385841)   region size 1024K, 0 young (0K), 0 survivors (0K)
[2020-12-25T00:46:51.237-0400][gc,heap        ] GC(385841)  Metaspace       used 61020K, capacity 63721K, committed 64768K, reserved 1107968K
[2020-12-25T00:46:51.237-0400][gc,heap        ] GC(385841)   class space    used 5712K, capacity 6559K, committed 6912K, reserved 1048576K
[2020-12-25T00:46:51.237-0400][gc             ] GC(385841) Pause Full (System.gc()) 55M->47M(70M) 313.282ms
[2020-12-25T00:46:51.237-0400][gc,cpu         ] GC(385841) User=0.69s Sys=0.14s Real=0.32s
[2020-12-25T00:47:20.187-0400][gc,heap        ] GC(385842) Heap before GC invocations=385817 (full 11267): garbage-first heap   total 71680K, used 58714K [0x0000000083000000, 0x0000000100000000)
[2020-12-25T00:47:20.187-0400][gc,heap        ] GC(385842)   region size 1024K, 11 young (11264K), 0 survivors (0K)
[2020-12-25T00:47:20.187-0400][gc,heap        ] GC(385842)  Metaspace       used 61020K, capacity 63721K, committed 64768K, reserved 1107968K
[2020-12-25T00:47:20.187-0400][gc,heap        ] GC(385842)   class space    used 5712K, capacity 6559K, committed 6912K, reserved 1048576K
[2020-12-25T00:47:20.187-0400][gc,start       ] GC(385842) Pause Young (Normal) (G1 Evacuation Pause)
[2020-12-25T00:47:20.187-0400][gc,task        ] GC(385842) Using 4 workers of 4 for evacuation
[2020-12-25T00:47:20.192-0400][gc,phases      ] GC(385842)   Pre Evacuate Collection Set: 0.0ms
[2020-12-25T00:47:20.192-0400][gc,phases      ] GC(385842)   Evacuate Collection Set: 2.9ms
[2020-12-25T00:47:20.192-0400][gc,phases      ] GC(385842)   Post Evacuate Collection Set: 1.8ms
[2020-12-25T00:47:20.192-0400][gc,phases      ] GC(385842)   Other: 0.9ms
[2020-12-25T00:47:20.193-0400][gc,heap        ] GC(385842) Eden regions: 11->0(11)
[2020-12-25T00:47:20.193-0400][gc,heap        ] GC(385842) Survivor regions: 0->1(2)
[2020-12-25T00:47:20.193-0400][gc,heap        ] GC(385842) Old regions: 46->46
[2020-12-25T00:47:20.193-0400][gc,heap        ] GC(385842) Humongous regions: 4->4
[2020-12-25T00:47:20.193-0400][gc,metaspace   ] GC(385842) Metaspace: 61020K->61020K(1107968K)
[2020-12-25T00:47:20.193-0400][gc,heap        ] GC(385842) Heap after GC invocations=385818 (full 11267): garbage-first heap   total 71680K, used 48749K [0x0000000083000000, 0x0000000100000000)
[2020-12-25T00:47:20.193-0400][gc,heap        ] GC(385842)   region size 1024K, 1 young (1024K), 1 survivors (1024K)
[2020-12-25T00:47:20.193-0400][gc,heap        ] GC(385842)  Metaspace       used 61020K, capacity 63721K, committed 64768K, reserved 1107968K
[2020-12-25T00:47:20.193-0400][gc,heap        ] GC(385842)   class space    used 5712K, capacity 6559K, committed 6912K, reserved 1048576K
[2020-12-25T00:47:20.193-0400][gc             ] GC(385842) Pause Young (Normal) (G1 Evacuation Pause) 58M->47M(70M) 6.094ms
[2020-12-25T00:47:20.193-0400][gc,cpu         ] GC(385842) User=0.01s Sys=0.01s Real=0.00s
[2020-12-25T00:47:57.344-0400][gc,heap        ] GC(385843) Heap before GC invocations=385818 (full 11267): garbage-first heap   total 71680K, used 58989K [0x0000000083000000, 0x0000000100000000)
[2020-12-25T00:47:57.344-0400][gc,heap        ] GC(385843)   region size 1024K, 12 young (12288K), 1 survivors (1024K)
[2020-12-25T00:47:57.344-0400][gc,heap        ] GC(385843)  Metaspace       used 61020K, capacity 63721K, committed 64768K, reserved 1107968K
[2020-12-25T00:47:57.344-0400][gc,heap        ] GC(385843)   class space    used 5712K, capacity 6559K, committed 6912K, reserved 1048576K
[2020-12-25T00:47:57.345-0400][gc,start       ] GC(385843) Pause Young (Normal) (G1 Evacuation Pause)
[2020-12-25T00:47:57.345-0400][gc,task        ] GC(385843) Using 4 workers of 4 for evacuation
[2020-12-25T00:47:57.350-0400][gc,phases      ] GC(385843)   Pre Evacuate Collection Set: 0.0ms
[2020-12-25T00:47:57.350-0400][gc,phases      ] GC(385843)   Evacuate Collection Set: 3.2ms
[2020-12-25T00:47:57.350-0400][gc,phases      ] GC(385843)   Post Evacuate Collection Set: 1.7ms
[2020-12-25T00:47:57.350-0400][gc,phases      ] GC(385843)   Other: 1.0ms
[2020-12-25T00:47:57.350-0400][gc,heap        ] GC(385843) Eden regions: 11->0(11)
[2020-12-25T00:47:57.350-0400][gc,heap        ] GC(385843) Survivor regions: 1->1(2)
[2020-12-25T00:47:57.351-0400][gc,heap        ] GC(385843) Old regions: 46->46
[2020-12-25T00:47:57.351-0400][gc,heap        ] GC(385843) Humongous regions: 4->4
[2020-12-25T00:47:57.351-0400][gc,metaspace   ] GC(385843) Metaspace: 61020K->61020K(1107968K)
[2020-12-25T00:47:57.351-0400][gc,heap        ] GC(385843) Heap after GC invocations=385819 (full 11267): garbage-first heap   total 71680K, used 48850K [0x0000000083000000, 0x0000000100000000)
[2020-12-25T00:47:57.351-0400][gc,heap        ] GC(385843)   region size 1024K, 1 young (1024K), 1 survivors (1024K)
[2020-12-25T00:47:57.351-0400][gc,heap        ] GC(385843)  Metaspace       used 61020K, capacity 63721K, committed 64768K, reserved 1107968K
[2020-12-25T00:47:57.351-0400][gc,heap        ] GC(385843)   class space    used 5712K, capacity 6559K, committed 6912K, reserved 1048576K
[2020-12-25T00:47:57.351-0400][gc             ] GC(385843) Pause Young (Normal) (G1 Evacuation Pause) 58M->47M(70M) 6.392ms
[2020-12-25T00:47:57.351-0400][gc,cpu         ] GC(385843) User=0.02s Sys=0.00s Real=0.01s
[2020-12-25T00:48:19.362-0400][gc,heap        ] GC(385844) Heap before GC invocations=385819 (full 11267): garbage-first heap   total 71680K, used 59090K [0x0000000083000000, 0x0000000100000000)
[2020-12-25T00:48:19.362-0400][gc,heap        ] GC(385844)   region size 1024K, 12 young (12288K), 1 survivors (1024K)
[2020-12-25T00:48:19.362-0400][gc,heap        ] GC(385844)  Metaspace       used 61020K, capacity 63721K, committed 64768K, reserved 1107968K
[2020-12-25T00:48:19.362-0400][gc,heap        ] GC(385844)   class space    used 5712K, capacity 6559K, committed 6912K, reserved 1048576K
[2020-12-25T00:48:19.363-0400][gc,start       ] GC(385844) Pause Young (Normal) (G1 Evacuation Pause)
[2020-12-25T00:48:19.363-0400][gc,task        ] GC(385844) Using 4 workers of 4 for evacuation
[2020-12-25T00:48:19.369-0400][gc,phases      ] GC(385844)   Pre Evacuate Collection Set: 0.0ms
[2020-12-25T00:48:19.369-0400][gc,phases      ] GC(385844)   Evacuate Collection Set: 4.0ms
[2020-12-25T00:48:19.369-0400][gc,phases      ] GC(385844)   Post Evacuate Collection Set: 1.6ms
[2020-12-25T00:48:19.369-0400][gc,phases      ] GC(385844)   Other: 1.0ms
[2020-12-25T00:48:19.369-0400][gc,heap        ] GC(385844) Eden regions: 11->0(11)
[2020-12-25T00:48:19.369-0400][gc,heap        ] GC(385844) Survivor regions: 1->1(2)
[2020-12-25T00:48:19.369-0400][gc,heap        ] GC(385844) Old regions: 46->46
[2020-12-25T00:48:19.369-0400][gc,heap        ] GC(385844) Humongous regions: 4->4
[2020-12-25T00:48:19.369-0400][gc,metaspace   ] GC(385844) Metaspace: 61020K->61020K(1107968K)
[2020-12-25T00:48:19.369-0400][gc,heap        ] GC(385844) Heap after GC invocations=385820 (full 11267): garbage-first heap   total 71680K, used 48962K [0x0000000083000000, 0x0000000100000000)
[2020-12-25T00:48:19.369-0400][gc,heap        ] GC(385844)   region size 1024K, 1 young (1024K), 1 survivors (1024K)
[2020-12-25T00:48:19.369-0400][gc,heap        ] GC(385844)  Metaspace       used 61020K, capacity 63721K, committed 64768K, reserved 1107968K
[2020-12-25T00:48:19.369-0400][gc,heap        ] GC(385844)   class space    used 5712K, capacity 6559K, committed 6912K, reserved 1048576K
[2020-12-25T00:48:19.369-0400][gc             ] GC(385844) Pause Young (Normal) (G1 Evacuation Pause) 58M->47M(70M) 6.866ms
[2020-12-25T00:48:19.370-0400][gc,cpu         ] GC(385844) User=0.01s Sys=0.00s Real=0.01s
[2020-12-25T00:48:48.157-0400][gc,heap        ] GC(385845) Heap before GC invocations=385820 (full 11267): garbage-first heap   total 71680K, used 59202K [0x0000000083000000, 0x0000000100000000)
[2020-12-25T00:48:48.157-0400][gc,heap        ] GC(385845)   region size 1024K, 12 young (12288K), 1 survivors (1024K)
[2020-12-25T00:48:48.157-0400][gc,heap        ] GC(385845)  Metaspace       used 61020K, capacity 63721K, committed 64768K, reserved 1107968K
[2020-12-25T00:48:48.157-0400][gc,heap        ] GC(385845)   class space    used 5712K, capacity 6559K, committed 6912K, reserved 1048576K
[2020-12-25T00:48:48.157-0400][gc,start       ] GC(385845) Pause Young (Normal) (G1 Evacuation Pause)
[2020-12-25T00:48:48.157-0400][gc,task        ] GC(385845) Using 4 workers of 4 for evacuation
[2020-12-25T00:48:48.163-0400][gc,phases      ] GC(385845)   Pre Evacuate Collection Set: 0.0ms
[2020-12-25T00:48:48.163-0400][gc,phases      ] GC(385845)   Evacuate Collection Set: 3.6ms
[2020-12-25T00:48:48.163-0400][gc,phases      ] GC(385845)   Post Evacuate Collection Set: 1.5ms
[2020-12-25T00:48:48.163-0400][gc,phases      ] GC(385845)   Other: 0.9ms
[2020-12-25T00:48:48.163-0400][gc,heap        ] GC(385845) Eden regions: 11->0(10)
[2020-12-25T00:48:48.163-0400][gc,heap        ] GC(385845) Survivor regions: 1->1(2)
[2020-12-25T00:48:48.163-0400][gc,heap        ] GC(385845) Old regions: 46->46
[2020-12-25T00:48:48.163-0400][gc,heap        ] GC(385845) Humongous regions: 4->4
[2020-12-25T00:48:48.163-0400][gc,metaspace   ] GC(385845) Metaspace: 61020K->61020K(1107968K)
[2020-12-25T00:48:48.163-0400][gc,heap        ] GC(385845) Heap after GC invocations=385821 (full 11267): garbage-first heap   total 71680K, used 48935K [0x0000000083000000, 0x0000000100000000)
[2020-12-25T00:48:48.163-0400][gc,heap        ] GC(385845)   region size 1024K, 1 young (1024K), 1 survivors (1024K)
[2020-12-25T00:48:48.163-0400][gc,heap        ] GC(385845)  Metaspace       used 61020K, capacity 63721K, committed 64768K, reserved 1107968K
[2020-12-25T00:48:48.163-0400][gc,heap        ] GC(385845)   class space    used 5712K, capacity 6559K, committed 6912K, reserved 1048576K
[2020-12-25T00:48:48.163-0400][gc             ] GC(385845) Pause Young (Normal) (G1 Evacuation Pause) 58M->47M(70M) 6.387ms
[2020-12-25T00:48:48.163-0400][gc,cpu         ] GC(385845) User=0.01s Sys=0.01s Real=0.00s
[2020-12-25T00:49:05.585-0400][gc,heap        ] GC(385846) Heap before GC invocations=385821 (full 11267): garbage-first heap   total 71680K, used 58151K [0x0000000083000000, 0x0000000100000000)
[2020-12-25T00:49:05.585-0400][gc,heap        ] GC(385846)   region size 1024K, 11 young (11264K), 1 survivors (1024K)
[2020-12-25T00:49:05.585-0400][gc,heap        ] GC(385846)  Metaspace       used 61020K, capacity 63721K, committed 64768K, reserved 1107968K
[2020-12-25T00:49:05.585-0400][gc,heap        ] GC(385846)   class space    used 5712K, capacity 6559K, committed 6912K, reserved 1048576K
[2020-12-25T00:49:05.586-0400][gc,start       ] GC(385846) Pause Young (Normal) (G1 Evacuation Pause)
[2020-12-25T00:49:05.586-0400][gc,task        ] GC(385846) Using 4 workers of 4 for evacuation
[2020-12-25T00:49:05.592-0400][gc,phases      ] GC(385846)   Pre Evacuate Collection Set: 0.0ms
[2020-12-25T00:49:05.592-0400][gc,phases      ] GC(385846)   Evacuate Collection Set: 3.8ms
[2020-12-25T00:49:05.592-0400][gc,phases      ] GC(385846)   Post Evacuate Collection Set: 1.6ms
[2020-12-25T00:49:05.592-0400][gc,phases      ] GC(385846)   Other: 0.9ms
[2020-12-25T00:49:05.592-0400][gc,heap        ] GC(385846) Eden regions: 10->0(10)
[2020-12-25T00:49:05.592-0400][gc,heap        ] GC(385846) Survivor regions: 1->1(2)
[2020-12-25T00:49:05.592-0400][gc,heap        ] GC(385846) Old regions: 46->46
[2020-12-25T00:49:05.592-0400][gc,heap        ] GC(385846) Humongous regions: 4->4
[2020-12-25T00:49:05.592-0400][gc,metaspace   ] GC(385846) Metaspace: 61020K->61020K(1107968K)
[2020-12-25T00:49:05.592-0400][gc,heap        ] GC(385846) Heap after GC invocations=385822 (full 11267): garbage-first heap   total 71680K, used 49055K [0x0000000083000000, 0x0000000100000000)
[2020-12-25T00:49:05.592-0400][gc,heap        ] GC(385846)   region size 1024K, 1 young (1024K), 1 survivors (1024K)
[2020-12-25T00:49:05.592-0400][gc,heap        ] GC(385846)  Metaspace       used 61020K, capacity 63721K, committed 64768K, reserved 1107968K
[2020-12-25T00:49:05.592-0400][gc,heap        ] GC(385846)   class space    used 5712K, capacity 6559K, committed 6912K, reserved 1048576K
[2020-12-25T00:49:05.592-0400][gc             ] GC(385846) Pause Young (Normal) (G1 Evacuation Pause) 57M->47M(70M) 6.646ms
[2020-12-25T00:49:05.592-0400][gc,cpu         ] GC(385846) User=0.01s Sys=0.01s Real=0.00s
[2020-12-25T00:49:32.736-0400][gc,heap        ] GC(385847) Heap before GC invocations=385822 (full 11267): garbage-first heap   total 71680K, used 58271K [0x0000000083000000, 0x0000000100000000)
[2020-12-25T00:49:32.736-0400][gc,heap        ] GC(385847)   region size 1024K, 11 young (11264K), 1 survivors (1024K)
[2020-12-25T00:49:32.736-0400][gc,heap        ] GC(385847)  Metaspace       used 61020K, capacity 63721K, committed 64768K, reserved 1107968K
[2020-12-25T00:49:32.736-0400][gc,heap        ] GC(385847)   class space    used 5712K, capacity 6559K, committed 6912K, reserved 1048576K
[2020-12-25T00:49:32.736-0400][gc,start       ] GC(385847) Pause Young (Normal) (G1 Evacuation Pause)
[2020-12-25T00:49:32.737-0400][gc,task        ] GC(385847) Using 4 workers of 4 for evacuation
[2020-12-25T00:49:32.742-0400][gc,phases      ] GC(385847)   Pre Evacuate Collection Set: 0.0ms
[2020-12-25T00:49:32.742-0400][gc,phases      ] GC(385847)   Evacuate Collection Set: 4.0ms
[2020-12-25T00:49:32.743-0400][gc,phases      ] GC(385847)   Post Evacuate Collection Set: 1.3ms
[2020-12-25T00:49:32.743-0400][gc,phases      ] GC(385847)   Other: 1.0ms
[2020-12-25T00:49:32.743-0400][gc,heap        ] GC(385847) Eden regions: 10->0(10)
[2020-12-25T00:49:32.743-0400][gc,heap        ] GC(385847) Survivor regions: 1->1(2)
[2020-12-25T00:49:32.743-0400][gc,heap        ] GC(385847) Old regions: 46->46
[2020-12-25T00:49:32.743-0400][gc,heap        ] GC(385847) Humongous regions: 4->4
[2020-12-25T00:49:32.743-0400][gc,metaspace   ] GC(385847) Metaspace: 61020K->61020K(1107968K)
[2020-12-25T00:49:32.743-0400][gc,heap        ] GC(385847) Heap after GC invocations=385823 (full 11267): garbage-first heap   total 71680K, used 49081K [0x0000000083000000, 0x0000000100000000)
[2020-12-25T00:49:32.743-0400][gc,heap        ] GC(385847)   region size 1024K, 1 young (1024K), 1 survivors (1024K)
[2020-12-25T00:49:32.743-0400][gc,heap        ] GC(385847)  Metaspace       used 61020K, capacity 63721K, committed 64768K, reserved 1107968K
[2020-12-25T00:49:32.743-0400][gc,heap        ] GC(385847)   class space    used 5712K, capacity 6559K, committed 6912K, reserved 1048576K
[2020-12-25T00:49:32.743-0400][gc             ] GC(385847) Pause Young (Normal) (G1 Evacuation Pause) 57M->47M(70M) 6.746ms
[2020-12-25T00:49:32.743-0400][gc,cpu         ] GC(385847) User=0.01s Sys=0.01s Real=0.00s
[2020-12-25T00:50:03.516-0400][gc,heap        ] GC(385848) Heap before GC invocations=385823 (full 11267): garbage-first heap   total 71680K, used 58297K [0x0000000083000000, 0x0000000100000000)
[2020-12-25T00:50:03.516-0400][gc,heap        ] GC(385848)   region size 1024K, 11 young (11264K), 1 survivors (1024K)
[2020-12-25T00:50:03.516-0400][gc,heap        ] GC(385848)  Metaspace       used 61020K, capacity 63721K, committed 64768K, reserved 1107968K
[2020-12-25T00:50:03.516-0400][gc,heap        ] GC(385848)   class space    used 5712K, capacity 6559K, committed 6912K, reserved 1048576K
[2020-12-25T00:50:03.516-0400][gc,start       ] GC(385848) Pause Young (Normal) (G1 Evacuation Pause)
[2020-12-25T00:50:03.516-0400][gc,task        ] GC(385848) Using 4 workers of 4 for evacuation
[2020-12-25T00:50:03.523-0400][gc,phases      ] GC(385848)   Pre Evacuate Collection Set: 0.0ms
[2020-12-25T00:50:03.523-0400][gc,phases      ] GC(385848)   Evacuate Collection Set: 4.3ms
[2020-12-25T00:50:03.523-0400][gc,phases      ] GC(385848)   Post Evacuate Collection Set: 1.6ms
[2020-12-25T00:50:03.523-0400][gc,phases      ] GC(385848)   Other: 0.9ms
[2020-12-25T00:50:03.523-0400][gc,heap        ] GC(385848) Eden regions: 10->0(10)
[2020-12-25T00:50:03.523-0400][gc,heap        ] GC(385848) Survivor regions: 1->1(2)
[2020-12-25T00:50:03.523-0400][gc,heap        ] GC(385848) Old regions: 46->46
[2020-12-25T00:50:03.523-0400][gc,heap        ] GC(385848) Humongous regions: 4->4
[2020-12-25T00:50:03.523-0400][gc,metaspace   ] GC(385848) Metaspace: 61020K->61020K(1107968K)
[2020-12-25T00:50:03.523-0400][gc,heap        ] GC(385848) Heap after GC invocations=385824 (full 11267): garbage-first heap   total 71680K, used 49211K [0x0000000083000000, 0x0000000100000000)
[2020-12-25T00:50:03.523-0400][gc,heap        ] GC(385848)   region size 1024K, 1 young (1024K), 1 survivors (1024K)
[2020-12-25T00:50:03.523-0400][gc,heap        ] GC(385848)  Metaspace       used 61020K, capacity 63721K, committed 64768K, reserved 1107968K
[2020-12-25T00:50:03.523-0400][gc,heap        ] GC(385848)   class space    used 5712K, capacity 6559K, committed 6912K, reserved 1048576K
[2020-12-25T00:50:03.524-0400][gc             ] GC(385848) Pause Young (Normal) (G1 Evacuation Pause) 57M->48M(70M) 7.125ms
[2020-12-25T00:50:03.524-0400][gc,cpu         ] GC(385848) User=0.02s Sys=0.00s Real=0.00s
[2020-12-25T00:50:38.089-0400][gc,heap        ] GC(385849) Heap before GC invocations=385824 (full 11267): garbage-first heap   total 71680K, used 59451K [0x0000000083000000, 0x0000000100000000)
[2020-12-25T00:50:38.089-0400][gc,heap        ] GC(385849)   region size 1024K, 11 young (11264K), 1 survivors (1024K)
[2020-12-25T00:50:38.089-0400][gc,heap        ] GC(385849)  Metaspace       used 61020K, capacity 63721K, committed 64768K, reserved 1107968K
[2020-12-25T00:50:38.089-0400][gc,heap        ] GC(385849)   class space    used 5712K, capacity 6559K, committed 6912K, reserved 1048576K
[2020-12-25T00:50:38.089-0400][gc,start       ] GC(385849) Pause Young (Normal) (G1 Evacuation Pause)
[2020-12-25T00:50:38.090-0400][gc,task        ] GC(385849) Using 4 workers of 4 for evacuation
[2020-12-25T00:50:38.096-0400][gc,phases      ] GC(385849)   Pre Evacuate Collection Set: 0.0ms
[2020-12-25T00:50:38.096-0400][gc,phases      ] GC(385849)   Evacuate Collection Set: 3.7ms
[2020-12-25T00:50:38.096-0400][gc,phases      ] GC(385849)   Post Evacuate Collection Set: 1.9ms
[2020-12-25T00:50:38.096-0400][gc,phases      ] GC(385849)   Other: 1.0ms
[2020-12-25T00:50:38.096-0400][gc,heap        ] GC(385849) Eden regions: 10->0(10)
[2020-12-25T00:50:38.096-0400][gc,heap        ] GC(385849) Survivor regions: 1->1(2)
[2020-12-25T00:50:38.096-0400][gc,heap        ] GC(385849) Old regions: 46->46
[2020-12-25T00:50:38.096-0400][gc,heap        ] GC(385849) Humongous regions: 4->4
[2020-12-25T00:50:38.096-0400][gc,metaspace   ] GC(385849) Metaspace: 61020K->61020K(1107968K)
[2020-12-25T00:50:38.096-0400][gc,heap        ] GC(385849) Heap after GC invocations=385825 (full 11267): garbage-first heap   total 71680K, used 48995K [0x0000000083000000, 0x0000000100000000)
[2020-12-25T00:50:38.096-0400][gc,heap        ] GC(385849)   region size 1024K, 1 young (1024K), 1 survivors (1024K)
[2020-12-25T00:50:38.096-0400][gc,heap        ] GC(385849)  Metaspace       used 61020K, capacity 63721K, committed 64768K, reserved 1107968K
[2020-12-25T00:50:38.096-0400][gc,heap        ] GC(385849)   class space    used 5712K, capacity 6559K, committed 6912K, reserved 1048576K
[2020-12-25T00:50:38.096-0400][gc             ] GC(385849) Pause Young (Normal) (G1 Evacuation Pause) 58M->47M(70M) 6.969ms
[2020-12-25T00:50:38.097-0400][gc,cpu         ] GC(385849) User=0.02s Sys=0.00s Real=0.01s
[2020-12-25T00:51:06.384-0400][gc,heap        ] GC(385850) Heap before GC invocations=385825 (full 11267): garbage-first heap   total 71680K, used 58211K [0x0000000083000000, 0x0000000100000000)
[2020-12-25T00:51:06.384-0400][gc,heap        ] GC(385850)   region size 1024K, 11 young (11264K), 1 survivors (1024K)
[2020-12-25T00:51:06.384-0400][gc,heap        ] GC(385850)  Metaspace       used 61020K, capacity 63721K, committed 64768K, reserved 1107968K
[2020-12-25T00:51:06.384-0400][gc,heap        ] GC(385850)   class space    used 5712K, capacity 6559K, committed 6912K, reserved 1048576K
[2020-12-25T00:51:06.384-0400][gc,start       ] GC(385850) Pause Young (Normal) (G1 Evacuation Pause)
[2020-12-25T00:51:06.384-0400][gc,task        ] GC(385850) Using 4 workers of 4 for evacuation
[2020-12-25T00:51:06.391-0400][gc,phases      ] GC(385850)   Pre Evacuate Collection Set: 0.0ms
[2020-12-25T00:51:06.391-0400][gc,phases      ] GC(385850)   Evacuate Collection Set: 4.4ms
[2020-12-25T00:51:06.391-0400][gc,phases      ] GC(385850)   Post Evacuate Collection Set: 1.6ms
[2020-12-25T00:51:06.391-0400][gc,phases      ] GC(385850)   Other: 0.9ms
[2020-12-25T00:51:06.391-0400][gc,heap        ] GC(385850) Eden regions: 10->0(10)
[2020-12-25T00:51:06.391-0400][gc,heap        ] GC(385850) Survivor regions: 1->1(2)
[2020-12-25T00:51:06.391-0400][gc,heap        ] GC(385850) Old regions: 46->46
[2020-12-25T00:51:06.391-0400][gc,heap        ] GC(385850) Humongous regions: 4->4
[2020-12-25T00:51:06.391-0400][gc,metaspace   ] GC(385850) Metaspace: 61020K->61020K(1107968K)
[2020-12-25T00:51:06.391-0400][gc,heap        ] GC(385850) Heap after GC invocations=385826 (full 11267): garbage-first heap   total 71680K, used 48947K [0x0000000083000000, 0x0000000100000000)
[2020-12-25T00:51:06.391-0400][gc,heap        ] GC(385850)   region size 1024K, 1 young (1024K), 1 survivors (1024K)
[2020-12-25T00:51:06.391-0400][gc,heap        ] GC(385850)  Metaspace       used 61020K, capacity 63721K, committed 64768K, reserved 1107968K
[2020-12-25T00:51:06.391-0400][gc,heap        ] GC(385850)   class space    used 5712K, capacity 6559K, committed 6912K, reserved 1048576K
[2020-12-25T00:51:06.391-0400][gc             ] GC(385850) Pause Young (Normal) (G1 Evacuation Pause) 57M->47M(70M) 7.264ms
[2020-12-25T00:51:06.392-0400][gc,cpu         ] GC(385850) User=0.01s Sys=0.01s Real=0.01s
[2020-12-25T00:51:44.654-0400][gc,heap        ] GC(385851) Heap before GC invocations=385826 (full 11267): garbage-first heap   total 71680K, used 58163K [0x0000000083000000, 0x0000000100000000)
[2020-12-25T00:51:44.654-0400][gc,heap        ] GC(385851)   region size 1024K, 11 young (11264K), 1 survivors (1024K)
[2020-12-25T00:51:44.654-0400][gc,heap        ] GC(385851)  Metaspace       used 61020K, capacity 63721K, committed 64768K, reserved 1107968K
[2020-12-25T00:51:44.655-0400][gc,heap        ] GC(385851)   class space    used 5712K, capacity 6559K, committed 6912K, reserved 1048576K
[2020-12-25T00:51:44.655-0400][gc,start       ] GC(385851) Pause Young (Normal) (G1 Evacuation Pause)
[2020-12-25T00:51:44.655-0400][gc,task        ] GC(385851) Using 4 workers of 4 for evacuation
[2020-12-25T00:51:44.660-0400][gc,phases      ] GC(385851)   Pre Evacuate Collection Set: 0.0ms
[2020-12-25T00:51:44.660-0400][gc,phases      ] GC(385851)   Evacuate Collection Set: 3.4ms
[2020-12-25T00:51:44.660-0400][gc,phases      ] GC(385851)   Post Evacuate Collection Set: 1.4ms
[2020-12-25T00:51:44.660-0400][gc,phases      ] GC(385851)   Other: 1.1ms
[2020-12-25T00:51:44.660-0400][gc,heap        ] GC(385851) Eden regions: 10->0(10)
[2020-12-25T00:51:44.660-0400][gc,heap        ] GC(385851) Survivor regions: 1->1(2)
[2020-12-25T00:51:44.660-0400][gc,heap        ] GC(385851) Old regions: 46->46
[2020-12-25T00:51:44.660-0400][gc,heap        ] GC(385851) Humongous regions: 4->4
[2020-12-25T00:51:44.660-0400][gc,metaspace   ] GC(385851) Metaspace: 61020K->61020K(1107968K)
[2020-12-25T00:51:44.660-0400][gc,heap        ] GC(385851) Heap after GC invocations=385827 (full 11267): garbage-first heap   total 71680K, used 48875K [0x0000000083000000, 0x0000000100000000)
[2020-12-25T00:51:44.660-0400][gc,heap        ] GC(385851)   region size 1024K, 1 young (1024K), 1 survivors (1024K)
[2020-12-25T00:51:44.661-0400][gc,heap        ] GC(385851)  Metaspace       used 61020K, capacity 63721K, committed 64768K, reserved 1107968K
[2020-12-25T00:51:44.661-0400][gc,heap        ] GC(385851)   class space    used 5712K, capacity 6559K, committed 6912K, reserved 1048576K
[2020-12-25T00:51:44.661-0400][gc             ] GC(385851) Pause Young (Normal) (G1 Evacuation Pause) 57M->47M(70M) 6.032ms
[2020-12-25T00:51:44.661-0400][gc,cpu         ] GC(385851) User=0.01s Sys=0.01s Real=0.01s
[2020-12-25T00:51:50.924-0400][gc,task        ] GC(385852) Using 3 workers of 4 for full compaction
[2020-12-25T00:51:50.924-0400][gc,start       ] GC(385852) Pause Full (System.gc())
[2020-12-25T00:51:50.924-0400][gc,heap        ] GC(385852) Heap before GC invocations=385827 (full 11267): garbage-first heap   total 71680K, used 49899K [0x0000000083000000, 0x0000000100000000)
[2020-12-25T00:51:50.924-0400][gc,heap        ] GC(385852)   region size 1024K, 3 young (3072K), 1 survivors (1024K)
[2020-12-25T00:51:50.924-0400][gc,heap        ] GC(385852)  Metaspace       used 61020K, capacity 63721K, committed 64768K, reserved 1107968K
[2020-12-25T00:51:50.924-0400][gc,heap        ] GC(385852)   class space    used 5712K, capacity 6559K, committed 6912K, reserved 1048576K
[2020-12-25T00:51:50.926-0400][gc,phases,start] GC(385852) Phase 1: Mark live objects
[2020-12-25T00:51:51.069-0400][gc,stringtable ] GC(385852) Cleaned string and symbol table, strings: 32207 processed, 0 removed, symbols: 131451 processed, 0 removed
[2020-12-25T00:51:51.070-0400][gc,phases      ] GC(385852) Phase 1: Mark live objects 143.099ms
[2020-12-25T00:51:51.070-0400][gc,phases,start] GC(385852) Phase 2: Prepare for compaction
[2020-12-25T00:51:51.099-0400][gc,phases      ] GC(385852) Phase 2: Prepare for compaction 29.781ms
[2020-12-25T00:51:51.099-0400][gc,phases,start] GC(385852) Phase 3: Adjust pointers
[2020-12-25T00:51:51.178-0400][gc,phases      ] GC(385852) Phase 3: Adjust pointers 78.687ms
[2020-12-25T00:51:51.178-0400][gc,phases,start] GC(385852) Phase 4: Compact heap
[2020-12-25T00:51:51.196-0400][gc,phases      ] GC(385852) Phase 4: Compact heap 18.124ms
[2020-12-25T00:51:51.232-0400][gc,heap        ] GC(385852) Eden regions: 2->0(11)
[2020-12-25T00:51:51.233-0400][gc,heap        ] GC(385852) Survivor regions: 1->0(2)
[2020-12-25T00:51:51.233-0400][gc,heap        ] GC(385852) Old regions: 46->45
[2020-12-25T00:51:51.233-0400][gc,heap        ] GC(385852) Humongous regions: 4->4
[2020-12-25T00:51:51.233-0400][gc,metaspace   ] GC(385852) Metaspace: 61020K->61020K(1107968K)
[2020-12-25T00:51:51.233-0400][gc,heap        ] GC(385852) Heap after GC invocations=385828 (full 11268): garbage-first heap   total 71680K, used 48329K [0x0000000083000000, 0x0000000100000000)
[2020-12-25T00:51:51.233-0400][gc,heap        ] GC(385852)   region size 1024K, 0 young (0K), 0 survivors (0K)
[2020-12-25T00:51:51.233-0400][gc,heap        ] GC(385852)  Metaspace       used 61020K, capacity 63721K, committed 64768K, reserved 1107968K
[2020-12-25T00:51:51.233-0400][gc,heap        ] GC(385852)   class space    used 5712K, capacity 6559K, committed 6912K, reserved 1048576K
[2020-12-25T00:51:51.233-0400][gc             ] GC(385852) Pause Full (System.gc()) 48M->47M(70M) 309.163ms
[2020-12-25T00:51:51.233-0400][gc,cpu         ] GC(385852) User=0.83s Sys=0.00s Real=0.31s
[2020-12-25T00:52:19.526-0400][gc,heap        ] GC(385853) Heap before GC invocations=385828 (full 11268): garbage-first heap   total 71680K, used 59593K [0x0000000083000000, 0x0000000100000000)
[2020-12-25T00:52:19.526-0400][gc,heap        ] GC(385853)   region size 1024K, 11 young (11264K), 0 survivors (0K)
[2020-12-25T00:52:19.526-0400][gc,heap        ] GC(385853)  Metaspace       used 61020K, capacity 63721K, committed 64768K, reserved 1107968K
[2020-12-25T00:52:19.526-0400][gc,heap        ] GC(385853)   class space    used 5712K, capacity 6559K, committed 6912K, reserved 1048576K
[2020-12-25T00:52:19.526-0400][gc,start       ] GC(385853) Pause Young (Normal) (G1 Evacuation Pause)
[2020-12-25T00:52:19.526-0400][gc,task        ] GC(385853) Using 4 workers of 4 for evacuation
[2020-12-25T00:52:19.535-0400][gc,phases      ] GC(385853)   Pre Evacuate Collection Set: 0.0ms
[2020-12-25T00:52:19.535-0400][gc,phases      ] GC(385853)   Evacuate Collection Set: 5.2ms
[2020-12-25T00:52:19.536-0400][gc,phases      ] GC(385853)   Post Evacuate Collection Set: 3.4ms
[2020-12-25T00:52:19.536-0400][gc,phases      ] GC(385853)   Other: 1.1ms
[2020-12-25T00:52:19.536-0400][gc,heap        ] GC(385853) Eden regions: 11->0(11)
[2020-12-25T00:52:19.536-0400][gc,heap        ] GC(385853) Survivor regions: 0->1(2)
[2020-12-25T00:52:19.536-0400][gc,heap        ] GC(385853) Old regions: 45->45
[2020-12-25T00:52:19.536-0400][gc,heap        ] GC(385853) Humongous regions: 4->4
[2020-12-25T00:52:19.536-0400][gc,metaspace   ] GC(385853) Metaspace: 61020K->61020K(1107968K)
[2020-12-25T00:52:19.536-0400][gc,heap        ] GC(385853) Heap after GC invocations=385829 (full 11268): garbage-first heap   total 71680K, used 48636K [0x0000000083000000, 0x0000000100000000)
[2020-12-25T00:52:19.536-0400][gc,heap        ] GC(385853)   region size 1024K, 1 young (1024K), 1 survivors (1024K)
[2020-12-25T00:52:19.536-0400][gc,heap        ] GC(385853)  Metaspace       used 61020K, capacity 63721K, committed 64768K, reserved 1107968K
[2020-12-25T00:52:19.536-0400][gc,heap        ] GC(385853)   class space    used 5712K, capacity 6559K, committed 6912K, reserved 1048576K
[2020-12-25T00:52:19.536-0400][gc             ] GC(385853) Pause Young (Normal) (G1 Evacuation Pause) 58M->47M(70M) 10.360ms
[2020-12-25T00:52:19.538-0400][gc,cpu         ] GC(385853) User=0.02s Sys=0.00s Real=0.01s
[2020-12-25T00:52:55.315-0400][gc,heap        ] GC(385854) Heap before GC invocations=385829 (full 11268): garbage-first heap   total 71680K, used 59900K [0x0000000083000000, 0x0000000100000000)
[2020-12-25T00:52:55.315-0400][gc,heap        ] GC(385854)   region size 1024K, 12 young (12288K), 1 survivors (1024K)
[2020-12-25T00:52:55.315-0400][gc,heap        ] GC(385854)  Metaspace       used 61020K, capacity 63721K, committed 64768K, reserved 1107968K
[2020-12-25T00:52:55.315-0400][gc,heap        ] GC(385854)   class space    used 5712K, capacity 6559K, committed 6912K, reserved 1048576K
[2020-12-25T00:52:55.315-0400][gc,start       ] GC(385854) Pause Young (Normal) (G1 Evacuation Pause)
[2020-12-25T00:52:55.315-0400][gc,task        ] GC(385854) Using 4 workers of 4 for evacuation
[2020-12-25T00:52:55.320-0400][gc,phases      ] GC(385854)   Pre Evacuate Collection Set: 0.0ms
[2020-12-25T00:52:55.320-0400][gc,phases      ] GC(385854)   Evacuate Collection Set: 3.2ms
[2020-12-25T00:52:55.320-0400][gc,phases      ] GC(385854)   Post Evacuate Collection Set: 1.6ms
[2020-12-25T00:52:55.321-0400][gc,phases      ] GC(385854)   Other: 0.9ms
[2020-12-25T00:52:55.321-0400][gc,heap        ] GC(385854) Eden regions: 11->0(11)
[2020-12-25T00:52:55.321-0400][gc,heap        ] GC(385854) Survivor regions: 1->1(2)
[2020-12-25T00:52:55.321-0400][gc,heap        ] GC(385854) Old regions: 45->45
[2020-12-25T00:52:55.321-0400][gc,heap        ] GC(385854) Humongous regions: 4->4
[2020-12-25T00:52:55.321-0400][gc,metaspace   ] GC(385854) Metaspace: 61020K->61020K(1107968K)
[2020-12-25T00:52:55.321-0400][gc,heap        ] GC(385854) Heap after GC invocations=385830 (full 11268): garbage-first heap   total 71680K, used 48659K [0x0000000083000000, 0x0000000100000000)
[2020-12-25T00:52:55.321-0400][gc,heap        ] GC(385854)   region size 1024K, 1 young (1024K), 1 survivors (1024K)
[2020-12-25T00:52:55.321-0400][gc,heap        ] GC(385854)  Metaspace       used 61020K, capacity 63721K, committed 64768K, reserved 1107968K
[2020-12-25T00:52:55.321-0400][gc,heap        ] GC(385854)   class space    used 5712K, capacity 6559K, committed 6912K, reserved 1048576K
[2020-12-25T00:52:55.321-0400][gc             ] GC(385854) Pause Young (Normal) (G1 Evacuation Pause) 58M->47M(70M) 5.995ms
[2020-12-25T00:52:55.321-0400][gc,cpu         ] GC(385854) User=0.01s Sys=0.01s Real=0.01s
[2020-12-25T00:53:25.797-0400][gc,heap        ] GC(385855) Heap before GC invocations=385830 (full 11268): garbage-first heap   total 71680K, used 58899K [0x0000000083000000, 0x0000000100000000)
[2020-12-25T00:53:25.797-0400][gc,heap        ] GC(385855)   region size 1024K, 12 young (12288K), 1 survivors (1024K)
[2020-12-25T00:53:25.797-0400][gc,heap        ] GC(385855)  Metaspace       used 61020K, capacity 63721K, committed 64768K, reserved 1107968K
[2020-12-25T00:53:25.797-0400][gc,heap        ] GC(385855)   class space    used 5712K, capacity 6559K, committed 6912K, reserved 1048576K
[2020-12-25T00:53:25.797-0400][gc,start       ] GC(385855) Pause Young (Normal) (G1 Evacuation Pause)
[2020-12-25T00:53:25.797-0400][gc,task        ] GC(385855) Using 4 workers of 4 for evacuation
[2020-12-25T00:53:25.803-0400][gc,phases      ] GC(385855)   Pre Evacuate Collection Set: 0.0ms
[2020-12-25T00:53:25.803-0400][gc,phases      ] GC(385855)   Evacuate Collection Set: 3.2ms
[2020-12-25T00:53:25.803-0400][gc,phases      ] GC(385855)   Post Evacuate Collection Set: 1.7ms
[2020-12-25T00:53:25.803-0400][gc,phases      ] GC(385855)   Other: 0.9ms
[2020-12-25T00:53:25.803-0400][gc,heap        ] GC(385855) Eden regions: 11->0(11)
[2020-12-25T00:53:25.803-0400][gc,heap        ] GC(385855) Survivor regions: 1->1(2)
[2020-12-25T00:53:25.803-0400][gc,heap        ] GC(385855) Old regions: 45->45
[2020-12-25T00:53:25.803-0400][gc,heap        ] GC(385855) Humongous regions: 4->4
[2020-12-25T00:53:25.803-0400][gc,metaspace   ] GC(385855) Metaspace: 61020K->61020K(1107968K)
[2020-12-25T00:53:25.803-0400][gc,heap        ] GC(385855) Heap after GC invocations=385831 (full 11268): garbage-first heap   total 71680K, used 48701K [0x0000000083000000, 0x0000000100000000)
[2020-12-25T00:53:25.803-0400][gc,heap        ] GC(385855)   region size 1024K, 1 young (1024K), 1 survivors (1024K)
[2020-12-25T00:53:25.803-0400][gc,heap        ] GC(385855)  Metaspace       used 61020K, capacity 63721K, committed 64768K, reserved 1107968K
[2020-12-25T00:53:25.803-0400][gc,heap        ] GC(385855)   class space    used 5712K, capacity 6559K, committed 6912K, reserved 1048576K
[2020-12-25T00:53:25.803-0400][gc             ] GC(385855) Pause Young (Normal) (G1 Evacuation Pause) 58M->47M(70M) 6.141ms
[2020-12-25T00:53:25.804-0400][gc,cpu         ] GC(385855) User=0.01s Sys=0.00s Real=0.00s
[2020-12-25T00:54:03.889-0400][gc,heap        ] GC(385856) Heap before GC invocations=385831 (full 11268): garbage-first heap   total 71680K, used 58941K [0x0000000083000000, 0x0000000100000000)
[2020-12-25T00:54:03.889-0400][gc,heap        ] GC(385856)   region size 1024K, 12 young (12288K), 1 survivors (1024K)
[2020-12-25T00:54:03.889-0400][gc,heap        ] GC(385856)  Metaspace       used 61020K, capacity 63721K, committed 64768K, reserved 1107968K
[2020-12-25T00:54:03.889-0400][gc,heap        ] GC(385856)   class space    used 5712K, capacity 6559K, committed 6912K, reserved 1048576K
[2020-12-25T00:54:03.890-0400][gc,start       ] GC(385856) Pause Young (Normal) (G1 Evacuation Pause)
[2020-12-25T00:54:03.890-0400][gc,task        ] GC(385856) Using 4 workers of 4 for evacuation
[2020-12-25T00:54:03.895-0400][gc,phases      ] GC(385856)   Pre Evacuate Collection Set: 0.0ms
[2020-12-25T00:54:03.895-0400][gc,phases      ] GC(385856)   Evacuate Collection Set: 3.4ms
[2020-12-25T00:54:03.895-0400][gc,phases      ] GC(385856)   Post Evacuate Collection Set: 1.7ms
[2020-12-25T00:54:03.895-0400][gc,phases      ] GC(385856)   Other: 0.8ms
[2020-12-25T00:54:03.895-0400][gc,heap        ] GC(385856) Eden regions: 11->0(11)
[2020-12-25T00:54:03.895-0400][gc,heap        ] GC(385856) Survivor regions: 1->1(2)
[2020-12-25T00:54:03.896-0400][gc,heap        ] GC(385856) Old regions: 45->45
[2020-12-25T00:54:03.896-0400][gc,heap        ] GC(385856) Humongous regions: 4->4
[2020-12-25T00:54:03.896-0400][gc,metaspace   ] GC(385856) Metaspace: 61020K->61020K(1107968K)
[2020-12-25T00:54:03.896-0400][gc,heap        ] GC(385856) Heap after GC invocations=385832 (full 11268): garbage-first heap   total 71680K, used 48699K [0x0000000083000000, 0x0000000100000000)
[2020-12-25T00:54:03.896-0400][gc,heap        ] GC(385856)   region size 1024K, 1 young (1024K), 1 survivors (1024K)
[2020-12-25T00:54:03.896-0400][gc,heap        ] GC(385856)  Metaspace       used 61020K, capacity 63721K, committed 64768K, reserved 1107968K
[2020-12-25T00:54:03.896-0400][gc,heap        ] GC(385856)   class space    used 5712K, capacity 6559K, committed 6912K, reserved 1048576K
[2020-12-25T00:54:03.896-0400][gc             ] GC(385856) Pause Young (Normal) (G1 Evacuation Pause) 58M->47M(70M) 6.343ms
[2020-12-25T00:54:03.896-0400][gc,cpu         ] GC(385856) User=0.01s Sys=0.00s Real=0.01s
[2020-12-25T00:54:31.170-0400][gc,heap        ] GC(385857) Heap before GC invocations=385832 (full 11268): garbage-first heap   total 71680K, used 58939K [0x0000000083000000, 0x0000000100000000)
[2020-12-25T00:54:31.170-0400][gc,heap        ] GC(385857)   region size 1024K, 12 young (12288K), 1 survivors (1024K)
[2020-12-25T00:54:31.170-0400][gc,heap        ] GC(385857)  Metaspace       used 61020K, capacity 63721K, committed 64768K, reserved 1107968K
[2020-12-25T00:54:31.170-0400][gc,heap        ] GC(385857)   class space    used 5712K, capacity 6559K, committed 6912K, reserved 1048576K
[2020-12-25T00:54:31.170-0400][gc,start       ] GC(385857) Pause Young (Normal) (G1 Evacuation Pause)
[2020-12-25T00:54:31.170-0400][gc,task        ] GC(385857) Using 4 workers of 4 for evacuation
[2020-12-25T00:54:31.175-0400][gc,phases      ] GC(385857)   Pre Evacuate Collection Set: 0.0ms
[2020-12-25T00:54:31.176-0400][gc,phases      ] GC(385857)   Evacuate Collection Set: 3.5ms
[2020-12-25T00:54:31.176-0400][gc,phases      ] GC(385857)   Post Evacuate Collection Set: 1.5ms
[2020-12-25T00:54:31.176-0400][gc,phases      ] GC(385857)   Other: 0.9ms
[2020-12-25T00:54:31.176-0400][gc,heap        ] GC(385857) Eden regions: 11->0(11)
[2020-12-25T00:54:31.176-0400][gc,heap        ] GC(385857) Survivor regions: 1->1(2)
[2020-12-25T00:54:31.176-0400][gc,heap        ] GC(385857) Old regions: 45->45
[2020-12-25T00:54:31.176-0400][gc,heap        ] GC(385857) Humongous regions: 4->4
[2020-12-25T00:54:31.176-0400][gc,metaspace   ] GC(385857) Metaspace: 61020K->61020K(1107968K)
[2020-12-25T00:54:31.176-0400][gc,heap        ] GC(385857) Heap after GC invocations=385833 (full 11268): garbage-first heap   total 71680K, used 48804K [0x0000000083000000, 0x0000000100000000)
[2020-12-25T00:54:31.176-0400][gc,heap        ] GC(385857)   region size 1024K, 1 young (1024K), 1 survivors (1024K)
[2020-12-25T00:54:31.176-0400][gc,heap        ] GC(385857)  Metaspace       used 61020K, capacity 63721K, committed 64768K, reserved 1107968K
[2020-12-25T00:54:31.176-0400][gc,heap        ] GC(385857)   class space    used 5712K, capacity 6559K, committed 6912K, reserved 1048576K
[2020-12-25T00:54:31.176-0400][gc             ] GC(385857) Pause Young (Normal) (G1 Evacuation Pause) 58M->47M(70M) 6.388ms
[2020-12-25T00:54:31.176-0400][gc,cpu         ] GC(385857) User=0.02s Sys=0.00s Real=0.01s
[2020-12-25T00:55:01.326-0400][gc,heap        ] GC(385858) Heap before GC invocations=385833 (full 11268): garbage-first heap   total 71680K, used 59044K [0x0000000083000000, 0x0000000100000000)
[2020-12-25T00:55:01.327-0400][gc,heap        ] GC(385858)   region size 1024K, 12 young (12288K), 1 survivors (1024K)
[2020-12-25T00:55:01.327-0400][gc,heap        ] GC(385858)  Metaspace       used 61020K, capacity 63721K, committed 64768K, reserved 1107968K
[2020-12-25T00:55:01.327-0400][gc,heap        ] GC(385858)   class space    used 5712K, capacity 6559K, committed 6912K, reserved 1048576K
[2020-12-25T00:55:01.327-0400][gc,start       ] GC(385858) Pause Young (Normal) (G1 Evacuation Pause)
[2020-12-25T00:55:01.327-0400][gc,task        ] GC(385858) Using 4 workers of 4 for evacuation
[2020-12-25T00:55:01.333-0400][gc,phases      ] GC(385858)   Pre Evacuate Collection Set: 0.0ms
[2020-12-25T00:55:01.333-0400][gc,phases      ] GC(385858)   Evacuate Collection Set: 3.9ms
[2020-12-25T00:55:01.333-0400][gc,phases      ] GC(385858)   Post Evacuate Collection Set: 1.7ms
[2020-12-25T00:55:01.333-0400][gc,phases      ] GC(385858)   Other: 0.9ms
[2020-12-25T00:55:01.333-0400][gc,heap        ] GC(385858) Eden regions: 11->0(11)
[2020-12-25T00:55:01.333-0400][gc,heap        ] GC(385858) Survivor regions: 1->1(2)
[2020-12-25T00:55:01.333-0400][gc,heap        ] GC(385858) Old regions: 45->45
[2020-12-25T00:55:01.333-0400][gc,heap        ] GC(385858) Humongous regions: 4->4
[2020-12-25T00:55:01.333-0400][gc,metaspace   ] GC(385858) Metaspace: 61020K->61020K(1107968K)
[2020-12-25T00:55:01.333-0400][gc,heap        ] GC(385858) Heap after GC invocations=385834 (full 11268): garbage-first heap   total 71680K, used 48889K [0x0000000083000000, 0x0000000100000000)
[2020-12-25T00:55:01.333-0400][gc,heap        ] GC(385858)   region size 1024K, 1 young (1024K), 1 survivors (1024K)
[2020-12-25T00:55:01.333-0400][gc,heap        ] GC(385858)  Metaspace       used 61020K, capacity 63721K, committed 64768K, reserved 1107968K
[2020-12-25T00:55:01.333-0400][gc,heap        ] GC(385858)   class space    used 5712K, capacity 6559K, committed 6912K, reserved 1048576K
[2020-12-25T00:55:01.334-0400][gc             ] GC(385858) Pause Young (Normal) (G1 Evacuation Pause) 58M->47M(70M) 6.769ms
[2020-12-25T00:55:01.334-0400][gc,cpu         ] GC(385858) User=0.01s Sys=0.01s Real=0.00s
[2020-12-25T00:55:34.434-0400][gc,heap        ] GC(385859) Heap before GC invocations=385834 (full 11268): garbage-first heap   total 71680K, used 59129K [0x0000000083000000, 0x0000000100000000)
[2020-12-25T00:55:34.434-0400][gc,heap        ] GC(385859)   region size 1024K, 12 young (12288K), 1 survivors (1024K)
[2020-12-25T00:55:34.435-0400][gc,heap        ] GC(385859)  Metaspace       used 61020K, capacity 63721K, committed 64768K, reserved 1107968K
[2020-12-25T00:55:34.435-0400][gc,heap        ] GC(385859)   class space    used 5712K, capacity 6559K, committed 6912K, reserved 1048576K
[2020-12-25T00:55:34.435-0400][gc,start       ] GC(385859) Pause Young (Normal) (G1 Evacuation Pause)
[2020-12-25T00:55:34.435-0400][gc,task        ] GC(385859) Using 4 workers of 4 for evacuation
[2020-12-25T00:55:34.440-0400][gc,phases      ] GC(385859)   Pre Evacuate Collection Set: 0.0ms
[2020-12-25T00:55:34.441-0400][gc,phases      ] GC(385859)   Evacuate Collection Set: 3.6ms
[2020-12-25T00:55:34.441-0400][gc,phases      ] GC(385859)   Post Evacuate Collection Set: 1.5ms
[2020-12-25T00:55:34.441-0400][gc,phases      ] GC(385859)   Other: 0.9ms
[2020-12-25T00:55:34.441-0400][gc,heap        ] GC(385859) Eden regions: 11->0(11)
[2020-12-25T00:55:34.441-0400][gc,heap        ] GC(385859) Survivor regions: 1->1(2)
[2020-12-25T00:55:34.441-0400][gc,heap        ] GC(385859) Old regions: 45->45
[2020-12-25T00:55:34.441-0400][gc,heap        ] GC(385859) Humongous regions: 4->4
[2020-12-25T00:55:34.441-0400][gc,metaspace   ] GC(385859) Metaspace: 61020K->61020K(1107968K)
[2020-12-25T00:55:34.441-0400][gc,heap        ] GC(385859) Heap after GC invocations=385835 (full 11268): garbage-first heap   total 71680K, used 48897K [0x0000000083000000, 0x0000000100000000)
[2020-12-25T00:55:34.441-0400][gc,heap        ] GC(385859)   region size 1024K, 1 young (1024K), 1 survivors (1024K)
[2020-12-25T00:55:34.441-0400][gc,heap        ] GC(385859)  Metaspace       used 61020K, capacity 63721K, committed 64768K, reserved 1107968K
[2020-12-25T00:55:34.441-0400][gc,heap        ] GC(385859)   class space    used 5712K, capacity 6559K, committed 6912K, reserved 1048576K
[2020-12-25T00:55:34.441-0400][gc             ] GC(385859) Pause Young (Normal) (G1 Evacuation Pause) 58M->47M(70M) 6.510ms
[2020-12-25T00:55:34.441-0400][gc,cpu         ] GC(385859) User=0.01s Sys=0.01s Real=0.01s
[2020-12-25T00:56:13.890-0400][gc,heap        ] GC(385860) Heap before GC invocations=385835 (full 11268): garbage-first heap   total 71680K, used 59137K [0x0000000083000000, 0x0000000100000000)
[2020-12-25T00:56:13.890-0400][gc,heap        ] GC(385860)   region size 1024K, 12 young (12288K), 1 survivors (1024K)
[2020-12-25T00:56:13.890-0400][gc,heap        ] GC(385860)  Metaspace       used 61020K, capacity 63721K, committed 64768K, reserved 1107968K
[2020-12-25T00:56:13.890-0400][gc,heap        ] GC(385860)   class space    used 5712K, capacity 6559K, committed 6912K, reserved 1048576K
[2020-12-25T00:56:13.890-0400][gc,start       ] GC(385860) Pause Young (Normal) (G1 Evacuation Pause)
[2020-12-25T00:56:13.890-0400][gc,task        ] GC(385860) Using 4 workers of 4 for evacuation
[2020-12-25T00:56:13.896-0400][gc,phases      ] GC(385860)   Pre Evacuate Collection Set: 0.0ms
[2020-12-25T00:56:13.896-0400][gc,phases      ] GC(385860)   Evacuate Collection Set: 3.8ms
[2020-12-25T00:56:13.897-0400][gc,phases      ] GC(385860)   Post Evacuate Collection Set: 1.7ms
[2020-12-25T00:56:13.897-0400][gc,phases      ] GC(385860)   Other: 0.9ms
[2020-12-25T00:56:13.897-0400][gc,heap        ] GC(385860) Eden regions: 11->0(11)
[2020-12-25T00:56:13.897-0400][gc,heap        ] GC(385860) Survivor regions: 1->1(2)
[2020-12-25T00:56:13.897-0400][gc,heap        ] GC(385860) Old regions: 45->45
[2020-12-25T00:56:13.897-0400][gc,heap        ] GC(385860) Humongous regions: 4->4
[2020-12-25T00:56:13.897-0400][gc,metaspace   ] GC(385860) Metaspace: 61020K->61020K(1107968K)
[2020-12-25T00:56:13.897-0400][gc,heap        ] GC(385860) Heap after GC invocations=385836 (full 11268): garbage-first heap   total 71680K, used 48952K [0x0000000083000000, 0x0000000100000000)
[2020-12-25T00:56:13.897-0400][gc,heap        ] GC(385860)   region size 1024K, 1 young (1024K), 1 survivors (1024K)
[2020-12-25T00:56:13.897-0400][gc,heap        ] GC(385860)  Metaspace       used 61020K, capacity 63721K, committed 64768K, reserved 1107968K
[2020-12-25T00:56:13.897-0400][gc,heap        ] GC(385860)   class space    used 5712K, capacity 6559K, committed 6912K, reserved 1048576K
[2020-12-25T00:56:13.897-0400][gc             ] GC(385860) Pause Young (Normal) (G1 Evacuation Pause) 58M->47M(70M) 6.816ms
[2020-12-25T00:56:13.897-0400][gc,cpu         ] GC(385860) User=0.02s Sys=0.00s Real=0.01s
[2020-12-25T00:56:50.923-0400][gc,task        ] GC(385861) Using 3 workers of 4 for full compaction
[2020-12-25T00:56:50.923-0400][gc,start       ] GC(385861) Pause Full (System.gc())
[2020-12-25T00:56:50.924-0400][gc,heap        ] GC(385861) Heap before GC invocations=385836 (full 11268): garbage-first heap   total 71680K, used 58168K [0x0000000083000000, 0x0000000100000000)
[2020-12-25T00:56:50.924-0400][gc,heap        ] GC(385861)   region size 1024K, 11 young (11264K), 1 survivors (1024K)
[2020-12-25T00:56:50.924-0400][gc,heap        ] GC(385861)  Metaspace       used 61020K, capacity 63721K, committed 64768K, reserved 1107968K
[2020-12-25T00:56:50.924-0400][gc,heap        ] GC(385861)   class space    used 5712K, capacity 6559K, committed 6912K, reserved 1048576K
[2020-12-25T00:56:50.926-0400][gc,phases,start] GC(385861) Phase 1: Mark live objects
[2020-12-25T00:56:51.067-0400][gc,stringtable ] GC(385861) Cleaned string and symbol table, strings: 32207 processed, 0 removed, symbols: 131451 processed, 0 removed
[2020-12-25T00:56:51.067-0400][gc,phases      ] GC(385861) Phase 1: Mark live objects 141.257ms
[2020-12-25T00:56:51.068-0400][gc,phases,start] GC(385861) Phase 2: Prepare for compaction
[2020-12-25T00:56:51.099-0400][gc,phases      ] GC(385861) Phase 2: Prepare for compaction 31.255ms
[2020-12-25T00:56:51.099-0400][gc,phases,start] GC(385861) Phase 3: Adjust pointers
[2020-12-25T00:56:51.178-0400][gc,phases      ] GC(385861) Phase 3: Adjust pointers 79.174ms
[2020-12-25T00:56:51.178-0400][gc,phases,start] GC(385861) Phase 4: Compact heap
[2020-12-25T00:56:51.197-0400][gc,phases      ] GC(385861) Phase 4: Compact heap 18.745ms
[2020-12-25T00:56:51.232-0400][gc,heap        ] GC(385861) Eden regions: 10->0(11)
[2020-12-25T00:56:51.232-0400][gc,heap        ] GC(385861) Survivor regions: 1->0(2)
[2020-12-25T00:56:51.232-0400][gc,heap        ] GC(385861) Old regions: 45->46
[2020-12-25T00:56:51.233-0400][gc,heap        ] GC(385861) Humongous regions: 4->4
[2020-12-25T00:56:51.233-0400][gc,metaspace   ] GC(385861) Metaspace: 61020K->61020K(1107968K)
[2020-12-25T00:56:51.233-0400][gc,heap        ] GC(385861) Heap after GC invocations=385837 (full 11269): garbage-first heap   total 71680K, used 48453K [0x0000000083000000, 0x0000000100000000)
[2020-12-25T00:56:51.233-0400][gc,heap        ] GC(385861)   region size 1024K, 0 young (0K), 0 survivors (0K)
[2020-12-25T00:56:51.233-0400][gc,heap        ] GC(385861)  Metaspace       used 61020K, capacity 63721K, committed 64768K, reserved 1107968K
[2020-12-25T00:56:51.233-0400][gc,heap        ] GC(385861)   class space    used 5712K, capacity 6559K, committed 6912K, reserved 1048576K
[2020-12-25T00:56:51.233-0400][gc             ] GC(385861) Pause Full (System.gc()) 57M->47M(70M) 309.364ms
[2020-12-25T00:56:51.233-0400][gc,cpu         ] GC(385861) User=0.62s Sys=0.22s Real=0.31s
[2020-12-25T00:57:23.394-0400][gc,heap        ] GC(385862) Heap before GC invocations=385837 (full 11269): garbage-first heap   total 71680K, used 58693K [0x0000000083000000, 0x0000000100000000)
[2020-12-25T00:57:23.394-0400][gc,heap        ] GC(385862)   region size 1024K, 11 young (11264K), 0 survivors (0K)
[2020-12-25T00:57:23.394-0400][gc,heap        ] GC(385862)  Metaspace       used 61020K, capacity 63721K, committed 64768K, reserved 1107968K
[2020-12-25T00:57:23.395-0400][gc,heap        ] GC(385862)   class space    used 5712K, capacity 6559K, committed 6912K, reserved 1048576K
[2020-12-25T00:57:23.395-0400][gc,start       ] GC(385862) Pause Young (Normal) (G1 Evacuation Pause)
[2020-12-25T00:57:23.395-0400][gc,task        ] GC(385862) Using 4 workers of 4 for evacuation
[2020-12-25T00:57:23.401-0400][gc,phases      ] GC(385862)   Pre Evacuate Collection Set: 0.0ms
[2020-12-25T00:57:23.401-0400][gc,phases      ] GC(385862)   Evacuate Collection Set: 3.1ms
[2020-12-25T00:57:23.401-0400][gc,phases      ] GC(385862)   Post Evacuate Collection Set: 2.1ms
[2020-12-25T00:57:23.401-0400][gc,phases      ] GC(385862)   Other: 1.1ms
[2020-12-25T00:57:23.401-0400][gc,heap        ] GC(385862) Eden regions: 11->0(10)
[2020-12-25T00:57:23.401-0400][gc,heap        ] GC(385862) Survivor regions: 0->1(2)
[2020-12-25T00:57:23.401-0400][gc,heap        ] GC(385862) Old regions: 46->46
[2020-12-25T00:57:23.401-0400][gc,heap        ] GC(385862) Humongous regions: 4->4
[2020-12-25T00:57:23.401-0400][gc,metaspace   ] GC(385862) Metaspace: 61020K->61020K(1107968K)
[2020-12-25T00:57:23.401-0400][gc,heap        ] GC(385862) Heap after GC invocations=385838 (full 11269): garbage-first heap   total 71680K, used 48733K [0x0000000083000000, 0x0000000100000000)
[2020-12-25T00:57:23.401-0400][gc,heap        ] GC(385862)   region size 1024K, 1 young (1024K), 1 survivors (1024K)
[2020-12-25T00:57:23.401-0400][gc,heap        ] GC(385862)  Metaspace       used 61020K, capacity 63721K, committed 64768K, reserved 1107968K
[2020-12-25T00:57:23.401-0400][gc,heap        ] GC(385862)   class space    used 5712K, capacity 6559K, committed 6912K, reserved 1048576K
[2020-12-25T00:57:23.401-0400][gc             ] GC(385862) Pause Young (Normal) (G1 Evacuation Pause) 58M->47M(70M) 6.652ms
[2020-12-25T00:57:23.402-0400][gc,cpu         ] GC(385862) User=0.01s Sys=0.01s Real=0.01s
[2020-12-25T00:57:58.474-0400][gc,heap        ] GC(385863) Heap before GC invocations=385838 (full 11269): garbage-first heap   total 71680K, used 57949K [0x0000000083000000, 0x0000000100000000)
[2020-12-25T00:57:58.474-0400][gc,heap        ] GC(385863)   region size 1024K, 11 young (11264K), 1 survivors (1024K)
[2020-12-25T00:57:58.474-0400][gc,heap        ] GC(385863)  Metaspace       used 61020K, capacity 63721K, committed 64768K, reserved 1107968K
[2020-12-25T00:57:58.474-0400][gc,heap        ] GC(385863)   class space    used 5712K, capacity 6559K, committed 6912K, reserved 1048576K
[2020-12-25T00:57:58.475-0400][gc,start       ] GC(385863) Pause Young (Normal) (G1 Evacuation Pause)
[2020-12-25T00:57:58.475-0400][gc,task        ] GC(385863) Using 4 workers of 4 for evacuation
[2020-12-25T00:57:58.480-0400][gc,phases      ] GC(385863)   Pre Evacuate Collection Set: 0.0ms
[2020-12-25T00:57:58.480-0400][gc,phases      ] GC(385863)   Evacuate Collection Set: 3.3ms
[2020-12-25T00:57:58.480-0400][gc,phases      ] GC(385863)   Post Evacuate Collection Set: 1.4ms
[2020-12-25T00:57:58.480-0400][gc,phases      ] GC(385863)   Other: 0.8ms
[2020-12-25T00:57:58.480-0400][gc,heap        ] GC(385863) Eden regions: 10->0(10)
[2020-12-25T00:57:58.480-0400][gc,heap        ] GC(385863) Survivor regions: 1->1(2)
[2020-12-25T00:57:58.480-0400][gc,heap        ] GC(385863) Old regions: 46->46
[2020-12-25T00:57:58.480-0400][gc,heap        ] GC(385863) Humongous regions: 4->4
[2020-12-25T00:57:58.480-0400][gc,metaspace   ] GC(385863) Metaspace: 61020K->61020K(1107968K)
[2020-12-25T00:57:58.480-0400][gc,heap        ] GC(385863) Heap after GC invocations=385839 (full 11269): garbage-first heap   total 71680K, used 48835K [0x0000000083000000, 0x0000000100000000)
[2020-12-25T00:57:58.480-0400][gc,heap        ] GC(385863)   region size 1024K, 1 young (1024K), 1 survivors (1024K)
[2020-12-25T00:57:58.481-0400][gc,heap        ] GC(385863)  Metaspace       used 61020K, capacity 63721K, committed 64768K, reserved 1107968K
[2020-12-25T00:57:58.481-0400][gc,heap        ] GC(385863)   class space    used 5712K, capacity 6559K, committed 6912K, reserved 1048576K
[2020-12-25T00:57:58.481-0400][gc             ] GC(385863) Pause Young (Normal) (G1 Evacuation Pause) 57M->47M(70M) 6.204ms
[2020-12-25T00:57:58.481-0400][gc,cpu         ] GC(385863) User=0.02s Sys=0.00s Real=0.01s
[2020-12-25T00:58:27.038-0400][gc,heap        ] GC(385864) Heap before GC invocations=385839 (full 11269): garbage-first heap   total 71680K, used 58051K [0x0000000083000000, 0x0000000100000000)
[2020-12-25T00:58:27.039-0400][gc,heap        ] GC(385864)   region size 1024K, 11 young (11264K), 1 survivors (1024K)
[2020-12-25T00:58:27.039-0400][gc,heap        ] GC(385864)  Metaspace       used 61020K, capacity 63721K, committed 64768K, reserved 1107968K
[2020-12-25T00:58:27.039-0400][gc,heap        ] GC(385864)   class space    used 5712K, capacity 6559K, committed 6912K, reserved 1048576K
[2020-12-25T00:58:27.039-0400][gc,start       ] GC(385864) Pause Young (Normal) (G1 Evacuation Pause)
[2020-12-25T00:58:27.039-0400][gc,task        ] GC(385864) Using 4 workers of 4 for evacuation
[2020-12-25T00:58:27.046-0400][gc,phases      ] GC(385864)   Pre Evacuate Collection Set: 0.0ms
[2020-12-25T00:58:27.046-0400][gc,phases      ] GC(385864)   Evacuate Collection Set: 4.0ms
[2020-12-25T00:58:27.046-0400][gc,phases      ] GC(385864)   Post Evacuate Collection Set: 2.2ms
[2020-12-25T00:58:27.046-0400][gc,phases      ] GC(385864)   Other: 1.2ms
[2020-12-25T00:58:27.046-0400][gc,heap        ] GC(385864) Eden regions: 10->0(10)
[2020-12-25T00:58:27.046-0400][gc,heap        ] GC(385864) Survivor regions: 1->1(2)
[2020-12-25T00:58:27.046-0400][gc,heap        ] GC(385864) Old regions: 46->46
[2020-12-25T00:58:27.046-0400][gc,heap        ] GC(385864) Humongous regions: 4->4
[2020-12-25T00:58:27.046-0400][gc,metaspace   ] GC(385864) Metaspace: 61020K->61020K(1107968K)
[2020-12-25T00:58:27.046-0400][gc,heap        ] GC(385864) Heap after GC invocations=385840 (full 11269): garbage-first heap   total 71680K, used 48815K [0x0000000083000000, 0x0000000100000000)
[2020-12-25T00:58:27.046-0400][gc,heap        ] GC(385864)   region size 1024K, 1 young (1024K), 1 survivors (1024K)
[2020-12-25T00:58:27.047-0400][gc,heap        ] GC(385864)  Metaspace       used 61020K, capacity 63721K, committed 64768K, reserved 1107968K
[2020-12-25T00:58:27.047-0400][gc,heap        ] GC(385864)   class space    used 5712K, capacity 6559K, committed 6912K, reserved 1048576K
[2020-12-25T00:58:27.047-0400][gc             ] GC(385864) Pause Young (Normal) (G1 Evacuation Pause) 57M->47M(70M) 7.841ms
[2020-12-25T00:58:27.047-0400][gc,cpu         ] GC(385864) User=0.01s Sys=0.00s Real=0.01s
[2020-12-25T00:59:01.909-0400][gc,heap        ] GC(385865) Heap before GC invocations=385840 (full 11269): garbage-first heap   total 71680K, used 58031K [0x0000000083000000, 0x0000000100000000)
[2020-12-25T00:59:01.909-0400][gc,heap        ] GC(385865)   region size 1024K, 11 young (11264K), 1 survivors (1024K)
[2020-12-25T00:59:01.909-0400][gc,heap        ] GC(385865)  Metaspace       used 61020K, capacity 63721K, committed 64768K, reserved 1107968K
[2020-12-25T00:59:01.909-0400][gc,heap        ] GC(385865)   class space    used 5712K, capacity 6559K, committed 6912K, reserved 1048576K
[2020-12-25T00:59:01.910-0400][gc,start       ] GC(385865) Pause Young (Normal) (G1 Evacuation Pause)
[2020-12-25T00:59:01.910-0400][gc,task        ] GC(385865) Using 4 workers of 4 for evacuation
[2020-12-25T00:59:01.915-0400][gc,phases      ] GC(385865)   Pre Evacuate Collection Set: 0.0ms
[2020-12-25T00:59:01.915-0400][gc,phases      ] GC(385865)   Evacuate Collection Set: 3.2ms
[2020-12-25T00:59:01.915-0400][gc,phases      ] GC(385865)   Post Evacuate Collection Set: 1.7ms
[2020-12-25T00:59:01.915-0400][gc,phases      ] GC(385865)   Other: 0.9ms
[2020-12-25T00:59:01.915-0400][gc,heap        ] GC(385865) Eden regions: 10->0(10)
[2020-12-25T00:59:01.915-0400][gc,heap        ] GC(385865) Survivor regions: 1->1(2)
[2020-12-25T00:59:01.915-0400][gc,heap        ] GC(385865) Old regions: 46->46
[2020-12-25T00:59:01.915-0400][gc,heap        ] GC(385865) Humongous regions: 4->4
[2020-12-25T00:59:01.915-0400][gc,metaspace   ] GC(385865) Metaspace: 61020K->61020K(1107968K)
[2020-12-25T00:59:01.916-0400][gc,heap        ] GC(385865) Heap after GC invocations=385841 (full 11269): garbage-first heap   total 71680K, used 48801K [0x0000000083000000, 0x0000000100000000)
[2020-12-25T00:59:01.916-0400][gc,heap        ] GC(385865)   region size 1024K, 1 young (1024K), 1 survivors (1024K)
[2020-12-25T00:59:01.916-0400][gc,heap        ] GC(385865)  Metaspace       used 61020K, capacity 63721K, committed 64768K, reserved 1107968K
[2020-12-25T00:59:01.916-0400][gc,heap        ] GC(385865)   class space    used 5712K, capacity 6559K, committed 6912K, reserved 1048576K
[2020-12-25T00:59:01.916-0400][gc             ] GC(385865) Pause Young (Normal) (G1 Evacuation Pause) 57M->47M(70M) 6.359ms
[2020-12-25T00:59:01.916-0400][gc,cpu         ] GC(385865) User=0.01s Sys=0.01s Real=0.01s
[2020-12-25T00:59:27.146-0400][gc,heap        ] GC(385866) Heap before GC invocations=385841 (full 11269): garbage-first heap   total 71680K, used 58017K [0x0000000083000000, 0x0000000100000000)
[2020-12-25T00:59:27.146-0400][gc,heap        ] GC(385866)   region size 1024K, 11 young (11264K), 1 survivors (1024K)
[2020-12-25T00:59:27.146-0400][gc,heap        ] GC(385866)  Metaspace       used 61020K, capacity 63721K, committed 64768K, reserved 1107968K
[2020-12-25T00:59:27.146-0400][gc,heap        ] GC(385866)   class space    used 5712K, capacity 6559K, committed 6912K, reserved 1048576K
[2020-12-25T00:59:27.146-0400][gc,start       ] GC(385866) Pause Young (Normal) (G1 Evacuation Pause)
[2020-12-25T00:59:27.146-0400][gc,task        ] GC(385866) Using 4 workers of 4 for evacuation
[2020-12-25T00:59:27.152-0400][gc,phases      ] GC(385866)   Pre Evacuate Collection Set: 0.0ms
[2020-12-25T00:59:27.152-0400][gc,phases      ] GC(385866)   Evacuate Collection Set: 3.0ms
[2020-12-25T00:59:27.152-0400][gc,phases      ] GC(385866)   Post Evacuate Collection Set: 1.8ms
[2020-12-25T00:59:27.152-0400][gc,phases      ] GC(385866)   Other: 1.0ms
[2020-12-25T00:59:27.152-0400][gc,heap        ] GC(385866) Eden regions: 10->0(10)
[2020-12-25T00:59:27.152-0400][gc,heap        ] GC(385866) Survivor regions: 1->1(2)
[2020-12-25T00:59:27.152-0400][gc,heap        ] GC(385866) Old regions: 46->46
[2020-12-25T00:59:27.152-0400][gc,heap        ] GC(385866) Humongous regions: 4->4
[2020-12-25T00:59:27.152-0400][gc,metaspace   ] GC(385866) Metaspace: 61020K->61020K(1107968K)
[2020-12-25T00:59:27.152-0400][gc,heap        ] GC(385866) Heap after GC invocations=385842 (full 11269): garbage-first heap   total 71680K, used 48803K [0x0000000083000000, 0x0000000100000000)
[2020-12-25T00:59:27.152-0400][gc,heap        ] GC(385866)   region size 1024K, 1 young (1024K), 1 survivors (1024K)
[2020-12-25T00:59:27.152-0400][gc,heap        ] GC(385866)  Metaspace       used 61020K, capacity 63721K, committed 64768K, reserved 1107968K
[2020-12-25T00:59:27.152-0400][gc,heap        ] GC(385866)   class space    used 5712K, capacity 6559K, committed 6912K, reserved 1048576K
[2020-12-25T00:59:27.152-0400][gc             ] GC(385866) Pause Young (Normal) (G1 Evacuation Pause) 57M->47M(70M) 6.202ms
[2020-12-25T00:59:27.153-0400][gc,cpu         ] GC(385866) User=0.00s Sys=0.01s Real=0.00s
[2020-12-25T01:00:01.713-0400][gc,heap        ] GC(385867) Heap before GC invocations=385842 (full 11269): garbage-first heap   total 71680K, used 59043K [0x0000000083000000, 0x0000000100000000)
[2020-12-25T01:00:01.713-0400][gc,heap        ] GC(385867)   region size 1024K, 11 young (11264K), 1 survivors (1024K)
[2020-12-25T01:00:01.713-0400][gc,heap        ] GC(385867)  Metaspace       used 61020K, capacity 63721K, committed 64768K, reserved 1107968K
[2020-12-25T01:00:01.713-0400][gc,heap        ] GC(385867)   class space    used 5712K, capacity 6559K, committed 6912K, reserved 1048576K
[2020-12-25T01:00:01.713-0400][gc,start       ] GC(385867) Pause Young (Normal) (G1 Evacuation Pause)
[2020-12-25T01:00:01.713-0400][gc,task        ] GC(385867) Using 4 workers of 4 for evacuation
[2020-12-25T01:00:01.719-0400][gc,phases      ] GC(385867)   Pre Evacuate Collection Set: 0.0ms
[2020-12-25T01:00:01.719-0400][gc,phases      ] GC(385867)   Evacuate Collection Set: 3.3ms
[2020-12-25T01:00:01.719-0400][gc,phases      ] GC(385867)   Post Evacuate Collection Set: 1.9ms
[2020-12-25T01:00:01.719-0400][gc,phases      ] GC(385867)   Other: 0.8ms
[2020-12-25T01:00:01.719-0400][gc,heap        ] GC(385867) Eden regions: 10->0(10)
[2020-12-25T01:00:01.719-0400][gc,heap        ] GC(385867) Survivor regions: 1->1(2)
[2020-12-25T01:00:01.719-0400][gc,heap        ] GC(385867) Old regions: 46->46
[2020-12-25T01:00:01.719-0400][gc,heap        ] GC(385867) Humongous regions: 4->4
[2020-12-25T01:00:01.719-0400][gc,metaspace   ] GC(385867) Metaspace: 61020K->61020K(1107968K)
[2020-12-25T01:00:01.719-0400][gc,heap        ] GC(385867) Heap after GC invocations=385843 (full 11269): garbage-first heap   total 71680K, used 48884K [0x0000000083000000, 0x0000000100000000)
[2020-12-25T01:00:01.719-0400][gc,heap        ] GC(385867)   region size 1024K, 1 young (1024K), 1 survivors (1024K)
[2020-12-25T01:00:01.719-0400][gc,heap        ] GC(385867)  Metaspace       used 61020K, capacity 63721K, committed 64768K, reserved 1107968K
[2020-12-25T01:00:01.719-0400][gc,heap        ] GC(385867)   class space    used 5712K, capacity 6559K, committed 6912K, reserved 1048576K
[2020-12-25T01:00:01.720-0400][gc             ] GC(385867) Pause Young (Normal) (G1 Evacuation Pause) 57M->47M(70M) 6.543ms
[2020-12-25T01:00:01.720-0400][gc,cpu         ] GC(385867) User=0.01s Sys=0.00s Real=0.01s
[2020-12-25T01:00:32.172-0400][gc,heap        ] GC(385868) Heap before GC invocations=385843 (full 11269): garbage-first heap   total 71680K, used 58100K [0x0000000083000000, 0x0000000100000000)
[2020-12-25T01:00:32.172-0400][gc,heap        ] GC(385868)   region size 1024K, 11 young (11264K), 1 survivors (1024K)
[2020-12-25T01:00:32.172-0400][gc,heap        ] GC(385868)  Metaspace       used 61020K, capacity 63721K, committed 64768K, reserved 1107968K
[2020-12-25T01:00:32.172-0400][gc,heap        ] GC(385868)   class space    used 5712K, capacity 6559K, committed 6912K, reserved 1048576K
[2020-12-25T01:00:32.172-0400][gc,start       ] GC(385868) Pause Young (Normal) (G1 Evacuation Pause)
[2020-12-25T01:00:32.172-0400][gc,task        ] GC(385868) Using 4 workers of 4 for evacuation
[2020-12-25T01:00:32.178-0400][gc,phases      ] GC(385868)   Pre Evacuate Collection Set: 0.0ms
[2020-12-25T01:00:32.178-0400][gc,phases      ] GC(385868)   Evacuate Collection Set: 3.4ms
[2020-12-25T01:00:32.178-0400][gc,phases      ] GC(385868)   Post Evacuate Collection Set: 1.6ms
[2020-12-25T01:00:32.178-0400][gc,phases      ] GC(385868)   Other: 0.8ms
[2020-12-25T01:00:32.178-0400][gc,heap        ] GC(385868) Eden regions: 10->0(10)
[2020-12-25T01:00:32.178-0400][gc,heap        ] GC(385868) Survivor regions: 1->1(2)
[2020-12-25T01:00:32.178-0400][gc,heap        ] GC(385868) Old regions: 46->46
[2020-12-25T01:00:32.178-0400][gc,heap        ] GC(385868) Humongous regions: 4->4
[2020-12-25T01:00:32.178-0400][gc,metaspace   ] GC(385868) Metaspace: 61020K->61020K(1107968K)
[2020-12-25T01:00:32.178-0400][gc,heap        ] GC(385868) Heap after GC invocations=385844 (full 11269): garbage-first heap   total 71680K, used 48918K [0x0000000083000000, 0x0000000100000000)
[2020-12-25T01:00:32.178-0400][gc,heap        ] GC(385868)   region size 1024K, 1 young (1024K), 1 survivors (1024K)
[2020-12-25T01:00:32.178-0400][gc,heap        ] GC(385868)  Metaspace       used 61020K, capacity 63721K, committed 64768K, reserved 1107968K
[2020-12-25T01:00:32.178-0400][gc,heap        ] GC(385868)   class space    used 5712K, capacity 6559K, committed 6912K, reserved 1048576K
[2020-12-25T01:00:32.178-0400][gc             ] GC(385868) Pause Young (Normal) (G1 Evacuation Pause) 57M->47M(70M) 6.234ms
[2020-12-25T01:00:32.179-0400][gc,cpu         ] GC(385868) User=0.02s Sys=0.00s Real=0.01s
[2020-12-25T01:01:00.532-0400][gc,heap        ] GC(385869) Heap before GC invocations=385844 (full 11269): garbage-first heap   total 71680K, used 58134K [0x0000000083000000, 0x0000000100000000)
[2020-12-25T01:01:00.533-0400][gc,heap        ] GC(385869)   region size 1024K, 11 young (11264K), 1 survivors (1024K)
[2020-12-25T01:01:00.533-0400][gc,heap        ] GC(385869)  Metaspace       used 61020K, capacity 63721K, committed 64768K, reserved 1107968K
[2020-12-25T01:01:00.533-0400][gc,heap        ] GC(385869)   class space    used 5712K, capacity 6559K, committed 6912K, reserved 1048576K
[2020-12-25T01:01:00.533-0400][gc,start       ] GC(385869) Pause Young (Normal) (G1 Evacuation Pause)
[2020-12-25T01:01:00.533-0400][gc,task        ] GC(385869) Using 4 workers of 4 for evacuation
[2020-12-25T01:01:00.539-0400][gc,phases      ] GC(385869)   Pre Evacuate Collection Set: 0.0ms
[2020-12-25T01:01:00.539-0400][gc,phases      ] GC(385869)   Evacuate Collection Set: 3.9ms
[2020-12-25T01:01:00.539-0400][gc,phases      ] GC(385869)   Post Evacuate Collection Set: 1.5ms
[2020-12-25T01:01:00.539-0400][gc,phases      ] GC(385869)   Other: 0.9ms
[2020-12-25T01:01:00.539-0400][gc,heap        ] GC(385869) Eden regions: 10->0(10)
[2020-12-25T01:01:00.539-0400][gc,heap        ] GC(385869) Survivor regions: 1->1(2)
[2020-12-25T01:01:00.539-0400][gc,heap        ] GC(385869) Old regions: 46->46
[2020-12-25T01:01:00.539-0400][gc,heap        ] GC(385869) Humongous regions: 4->4
[2020-12-25T01:01:00.539-0400][gc,metaspace   ] GC(385869) Metaspace: 61020K->61020K(1107968K)
[2020-12-25T01:01:00.539-0400][gc,heap        ] GC(385869) Heap after GC invocations=385845 (full 11269): garbage-first heap   total 71680K, used 49011K [0x0000000083000000, 0x0000000100000000)
[2020-12-25T01:01:00.539-0400][gc,heap        ] GC(385869)   region size 1024K, 1 young (1024K), 1 survivors (1024K)
[2020-12-25T01:01:00.539-0400][gc,heap        ] GC(385869)  Metaspace       used 61020K, capacity 63721K, committed 64768K, reserved 1107968K
[2020-12-25T01:01:00.539-0400][gc,heap        ] GC(385869)   class space    used 5712K, capacity 6559K, committed 6912K, reserved 1048576K
[2020-12-25T01:01:00.540-0400][gc             ] GC(385869) Pause Young (Normal) (G1 Evacuation Pause) 57M->47M(70M) 6.727ms
[2020-12-25T01:01:00.540-0400][gc,cpu         ] GC(385869) User=0.02s Sys=0.00s Real=0.01s
[2020-12-25T01:01:39.231-0400][gc,heap        ] GC(385870) Heap before GC invocations=385845 (full 11269): garbage-first heap   total 71680K, used 59251K [0x0000000083000000, 0x0000000100000000)
[2020-12-25T01:01:39.231-0400][gc,heap        ] GC(385870)   region size 1024K, 11 young (11264K), 1 survivors (1024K)
[2020-12-25T01:01:39.231-0400][gc,heap        ] GC(385870)  Metaspace       used 61020K, capacity 63721K, committed 64768K, reserved 1107968K
[2020-12-25T01:01:39.231-0400][gc,heap        ] GC(385870)   class space    used 5712K, capacity 6559K, committed 6912K, reserved 1048576K
[2020-12-25T01:01:39.231-0400][gc,start       ] GC(385870) Pause Young (Normal) (G1 Evacuation Pause)
[2020-12-25T01:01:39.231-0400][gc,task        ] GC(385870) Using 4 workers of 4 for evacuation
[2020-12-25T01:01:39.237-0400][gc,phases      ] GC(385870)   Pre Evacuate Collection Set: 0.0ms
[2020-12-25T01:01:39.237-0400][gc,phases      ] GC(385870)   Evacuate Collection Set: 3.4ms
[2020-12-25T01:01:39.237-0400][gc,phases      ] GC(385870)   Post Evacuate Collection Set: 1.7ms
[2020-12-25T01:01:39.237-0400][gc,phases      ] GC(385870)   Other: 0.9ms
[2020-12-25T01:01:39.237-0400][gc,heap        ] GC(385870) Eden regions: 10->0(10)
[2020-12-25T01:01:39.237-0400][gc,heap        ] GC(385870) Survivor regions: 1->1(2)
[2020-12-25T01:01:39.238-0400][gc,heap        ] GC(385870) Old regions: 46->46
[2020-12-25T01:01:39.238-0400][gc,heap        ] GC(385870) Humongous regions: 4->4
[2020-12-25T01:01:39.238-0400][gc,metaspace   ] GC(385870) Metaspace: 61020K->61020K(1107968K)
[2020-12-25T01:01:39.238-0400][gc,heap        ] GC(385870) Heap after GC invocations=385846 (full 11269): garbage-first heap   total 71680K, used 48962K [0x0000000083000000, 0x0000000100000000)
[2020-12-25T01:01:39.238-0400][gc,heap        ] GC(385870)   region size 1024K, 1 young (1024K), 1 survivors (1024K)
[2020-12-25T01:01:39.238-0400][gc,heap        ] GC(385870)  Metaspace       used 61020K, capacity 63721K, committed 64768K, reserved 1107968K
[2020-12-25T01:01:39.238-0400][gc,heap        ] GC(385870)   class space    used 5712K, capacity 6559K, committed 6912K, reserved 1048576K
[2020-12-25T01:01:39.238-0400][gc             ] GC(385870) Pause Young (Normal) (G1 Evacuation Pause) 57M->47M(70M) 6.523ms
[2020-12-25T01:01:39.238-0400][gc,cpu         ] GC(385870) User=0.00s Sys=0.00s Real=0.01s
[2020-12-25T01:01:50.924-0400][gc,task        ] GC(385871) Using 3 workers of 4 for full compaction
[2020-12-25T01:01:50.924-0400][gc,start       ] GC(385871) Pause Full (System.gc())
[2020-12-25T01:01:50.924-0400][gc,heap        ] GC(385871) Heap before GC invocations=385846 (full 11269): garbage-first heap   total 71680K, used 51010K [0x0000000083000000, 0x0000000100000000)
[2020-12-25T01:01:50.924-0400][gc,heap        ] GC(385871)   region size 1024K, 5 young (5120K), 1 survivors (1024K)
[2020-12-25T01:01:50.925-0400][gc,heap        ] GC(385871)  Metaspace       used 61020K, capacity 63721K, committed 64768K, reserved 1107968K
[2020-12-25T01:01:50.925-0400][gc,heap        ] GC(385871)   class space    used 5712K, capacity 6559K, committed 6912K, reserved 1048576K
[2020-12-25T01:01:50.927-0400][gc,phases,start] GC(385871) Phase 1: Mark live objects
[2020-12-25T01:01:51.073-0400][gc,stringtable ] GC(385871) Cleaned string and symbol table, strings: 32207 processed, 0 removed, symbols: 131451 processed, 0 removed
[2020-12-25T01:01:51.073-0400][gc,phases      ] GC(385871) Phase 1: Mark live objects 145.814ms
[2020-12-25T01:01:51.073-0400][gc,phases,start] GC(385871) Phase 2: Prepare for compaction
[2020-12-25T01:01:51.103-0400][gc,phases      ] GC(385871) Phase 2: Prepare for compaction 29.989ms
[2020-12-25T01:01:51.103-0400][gc,phases,start] GC(385871) Phase 3: Adjust pointers
[2020-12-25T01:01:51.182-0400][gc,phases      ] GC(385871) Phase 3: Adjust pointers 78.981ms
[2020-12-25T01:01:51.182-0400][gc,phases,start] GC(385871) Phase 4: Compact heap
[2020-12-25T01:01:51.203-0400][gc,phases      ] GC(385871) Phase 4: Compact heap 20.519ms
[2020-12-25T01:01:51.238-0400][gc,heap        ] GC(385871) Eden regions: 4->0(11)
[2020-12-25T01:01:51.239-0400][gc,heap        ] GC(385871) Survivor regions: 1->0(2)
[2020-12-25T01:01:51.239-0400][gc,heap        ] GC(385871) Old regions: 46->45
[2020-12-25T01:01:51.239-0400][gc,heap        ] GC(385871) Humongous regions: 4->4
[2020-12-25T01:01:51.239-0400][gc,metaspace   ] GC(385871) Metaspace: 61020K->61020K(1107968K)
[2020-12-25T01:01:51.239-0400][gc,heap        ] GC(385871) Heap after GC invocations=385847 (full 11270): garbage-first heap   total 71680K, used 48349K [0x0000000083000000, 0x0000000100000000)
[2020-12-25T01:01:51.239-0400][gc,heap        ] GC(385871)   region size 1024K, 0 young (0K), 0 survivors (0K)
[2020-12-25T01:01:51.239-0400][gc,heap        ] GC(385871)  Metaspace       used 61020K, capacity 63721K, committed 64768K, reserved 1107968K
[2020-12-25T01:01:51.239-0400][gc,heap        ] GC(385871)   class space    used 5712K, capacity 6559K, committed 6912K, reserved 1048576K
[2020-12-25T01:01:51.239-0400][gc             ] GC(385871) Pause Full (System.gc()) 51M->47M(70M) 314.579ms
[2020-12-25T01:01:51.239-0400][gc,cpu         ] GC(385871) User=0.52s Sys=0.31s Real=0.32s
[2020-12-25T01:02:22.401-0400][gc,heap        ] GC(385872) Heap before GC invocations=385847 (full 11270): garbage-first heap   total 71680K, used 58589K [0x0000000083000000, 0x0000000100000000)
[2020-12-25T01:02:22.401-0400][gc,heap        ] GC(385872)   region size 1024K, 11 young (11264K), 0 survivors (0K)
[2020-12-25T01:02:22.401-0400][gc,heap        ] GC(385872)  Metaspace       used 61020K, capacity 63721K, committed 64768K, reserved 1107968K
[2020-12-25T01:02:22.401-0400][gc,heap        ] GC(385872)   class space    used 5712K, capacity 6559K, committed 6912K, reserved 1048576K
[2020-12-25T01:02:22.401-0400][gc,start       ] GC(385872) Pause Young (Normal) (G1 Evacuation Pause)
[2020-12-25T01:02:22.401-0400][gc,task        ] GC(385872) Using 4 workers of 4 for evacuation
[2020-12-25T01:02:22.406-0400][gc,phases      ] GC(385872)   Pre Evacuate Collection Set: 0.0ms
[2020-12-25T01:02:22.406-0400][gc,phases      ] GC(385872)   Evacuate Collection Set: 2.8ms
[2020-12-25T01:02:22.406-0400][gc,phases      ] GC(385872)   Post Evacuate Collection Set: 1.9ms
[2020-12-25T01:02:22.406-0400][gc,phases      ] GC(385872)   Other: 0.9ms
[2020-12-25T01:02:22.406-0400][gc,heap        ] GC(385872) Eden regions: 11->0(11)
[2020-12-25T01:02:22.406-0400][gc,heap        ] GC(385872) Survivor regions: 0->1(2)
[2020-12-25T01:02:22.406-0400][gc,heap        ] GC(385872) Old regions: 45->45
[2020-12-25T01:02:22.407-0400][gc,heap        ] GC(385872) Humongous regions: 4->4
[2020-12-25T01:02:22.407-0400][gc,metaspace   ] GC(385872) Metaspace: 61020K->61020K(1107968K)
[2020-12-25T01:02:22.407-0400][gc,heap        ] GC(385872) Heap after GC invocations=385848 (full 11270): garbage-first heap   total 71680K, used 48643K [0x0000000083000000, 0x0000000100000000)
[2020-12-25T01:02:22.407-0400][gc,heap        ] GC(385872)   region size 1024K, 1 young (1024K), 1 survivors (1024K)
[2020-12-25T01:02:22.407-0400][gc,heap        ] GC(385872)  Metaspace       used 61020K, capacity 63721K, committed 64768K, reserved 1107968K
[2020-12-25T01:02:22.407-0400][gc,heap        ] GC(385872)   class space    used 5712K, capacity 6559K, committed 6912K, reserved 1048576K
[2020-12-25T01:02:22.407-0400][gc             ] GC(385872) Pause Young (Normal) (G1 Evacuation Pause) 58M->47M(70M) 6.066ms
[2020-12-25T01:02:22.407-0400][gc,cpu         ] GC(385872) User=0.02s Sys=0.00s Real=0.01s
[2020-12-25T01:02:59.409-0400][gc,heap        ] GC(385873) Heap before GC invocations=385848 (full 11270): garbage-first heap   total 71680K, used 58883K [0x0000000083000000, 0x0000000100000000)
[2020-12-25T01:02:59.409-0400][gc,heap        ] GC(385873)   region size 1024K, 12 young (12288K), 1 survivors (1024K)
[2020-12-25T01:02:59.409-0400][gc,heap        ] GC(385873)  Metaspace       used 61020K, capacity 63721K, committed 64768K, reserved 1107968K
[2020-12-25T01:02:59.409-0400][gc,heap        ] GC(385873)   class space    used 5712K, capacity 6559K, committed 6912K, reserved 1048576K
[2020-12-25T01:02:59.409-0400][gc,start       ] GC(385873) Pause Young (Normal) (G1 Evacuation Pause)
[2020-12-25T01:02:59.409-0400][gc,task        ] GC(385873) Using 4 workers of 4 for evacuation
[2020-12-25T01:02:59.415-0400][gc,phases      ] GC(385873)   Pre Evacuate Collection Set: 0.0ms
[2020-12-25T01:02:59.415-0400][gc,phases      ] GC(385873)   Evacuate Collection Set: 3.1ms
[2020-12-25T01:02:59.415-0400][gc,phases      ] GC(385873)   Post Evacuate Collection Set: 1.6ms
[2020-12-25T01:02:59.415-0400][gc,phases      ] GC(385873)   Other: 0.8ms
[2020-12-25T01:02:59.415-0400][gc,heap        ] GC(385873) Eden regions: 11->0(11)
[2020-12-25T01:02:59.415-0400][gc,heap        ] GC(385873) Survivor regions: 1->1(2)
[2020-12-25T01:02:59.415-0400][gc,heap        ] GC(385873) Old regions: 45->45
[2020-12-25T01:02:59.415-0400][gc,heap        ] GC(385873) Humongous regions: 4->4
[2020-12-25T01:02:59.415-0400][gc,metaspace   ] GC(385873) Metaspace: 61020K->61020K(1107968K)
[2020-12-25T01:02:59.415-0400][gc,heap        ] GC(385873) Heap after GC invocations=385849 (full 11270): garbage-first heap   total 71680K, used 48695K [0x0000000083000000, 0x0000000100000000)
[2020-12-25T01:02:59.415-0400][gc,heap        ] GC(385873)   region size 1024K, 1 young (1024K), 1 survivors (1024K)
[2020-12-25T01:02:59.415-0400][gc,heap        ] GC(385873)  Metaspace       used 61020K, capacity 63721K, committed 64768K, reserved 1107968K
[2020-12-25T01:02:59.415-0400][gc,heap        ] GC(385873)   class space    used 5712K, capacity 6559K, committed 6912K, reserved 1048576K
[2020-12-25T01:02:59.415-0400][gc             ] GC(385873) Pause Young (Normal) (G1 Evacuation Pause) 58M->47M(70M) 5.984ms
[2020-12-25T01:02:59.415-0400][gc,cpu         ] GC(385873) User=0.01s Sys=0.00s Real=0.00s
[2020-12-25T01:03:27.588-0400][gc,heap        ] GC(385874) Heap before GC invocations=385849 (full 11270): garbage-first heap   total 71680K, used 58935K [0x0000000083000000, 0x0000000100000000)
[2020-12-25T01:03:27.588-0400][gc,heap        ] GC(385874)   region size 1024K, 12 young (12288K), 1 survivors (1024K)
[2020-12-25T01:03:27.588-0400][gc,heap        ] GC(385874)  Metaspace       used 61020K, capacity 63721K, committed 64768K, reserved 1107968K
[2020-12-25T01:03:27.588-0400][gc,heap        ] GC(385874)   class space    used 5712K, capacity 6559K, committed 6912K, reserved 1048576K
[2020-12-25T01:03:27.588-0400][gc,start       ] GC(385874) Pause Young (Normal) (G1 Evacuation Pause)
[2020-12-25T01:03:27.588-0400][gc,task        ] GC(385874) Using 4 workers of 4 for evacuation
[2020-12-25T01:03:27.594-0400][gc,phases      ] GC(385874)   Pre Evacuate Collection Set: 0.0ms
[2020-12-25T01:03:27.594-0400][gc,phases      ] GC(385874)   Evacuate Collection Set: 3.3ms
[2020-12-25T01:03:27.594-0400][gc,phases      ] GC(385874)   Post Evacuate Collection Set: 1.7ms
[2020-12-25T01:03:27.594-0400][gc,phases      ] GC(385874)   Other: 0.9ms
[2020-12-25T01:03:27.594-0400][gc,heap        ] GC(385874) Eden regions: 11->0(11)
[2020-12-25T01:03:27.594-0400][gc,heap        ] GC(385874) Survivor regions: 1->1(2)
[2020-12-25T01:03:27.594-0400][gc,heap        ] GC(385874) Old regions: 45->45
[2020-12-25T01:03:27.594-0400][gc,heap        ] GC(385874) Humongous regions: 4->4
[2020-12-25T01:03:27.594-0400][gc,metaspace   ] GC(385874) Metaspace: 61020K->61020K(1107968K)
[2020-12-25T01:03:27.594-0400][gc,heap        ] GC(385874) Heap after GC invocations=385850 (full 11270): garbage-first heap   total 71680K, used 48755K [0x0000000083000000, 0x0000000100000000)
[2020-12-25T01:03:27.594-0400][gc,heap        ] GC(385874)   region size 1024K, 1 young (1024K), 1 survivors (1024K)
[2020-12-25T01:03:27.594-0400][gc,heap        ] GC(385874)  Metaspace       used 61020K, capacity 63721K, committed 64768K, reserved 1107968K
[2020-12-25T01:03:27.594-0400][gc,heap        ] GC(385874)   class space    used 5712K, capacity 6559K, committed 6912K, reserved 1048576K
[2020-12-25T01:03:27.594-0400][gc             ] GC(385874) Pause Young (Normal) (G1 Evacuation Pause) 58M->47M(70M) 6.379ms
[2020-12-25T01:03:27.595-0400][gc,cpu         ] GC(385874) User=0.01s Sys=0.01s Real=0.00s
[2020-12-25T01:03:58.574-0400][gc,heap        ] GC(385875) Heap before GC invocations=385850 (full 11270): garbage-first heap   total 71680K, used 58995K [0x0000000083000000, 0x0000000100000000)
[2020-12-25T01:03:58.574-0400][gc,heap        ] GC(385875)   region size 1024K, 12 young (12288K), 1 survivors (1024K)
[2020-12-25T01:03:58.574-0400][gc,heap        ] GC(385875)  Metaspace       used 61020K, capacity 63721K, committed 64768K, reserved 1107968K
[2020-12-25T01:03:58.575-0400][gc,heap        ] GC(385875)   class space    used 5712K, capacity 6559K, committed 6912K, reserved 1048576K
[2020-12-25T01:03:58.575-0400][gc,start       ] GC(385875) Pause Young (Normal) (G1 Evacuation Pause)
[2020-12-25T01:03:58.575-0400][gc,task        ] GC(385875) Using 4 workers of 4 for evacuation
[2020-12-25T01:03:58.581-0400][gc,phases      ] GC(385875)   Pre Evacuate Collection Set: 0.0ms
[2020-12-25T01:03:58.581-0400][gc,phases      ] GC(385875)   Evacuate Collection Set: 3.6ms
[2020-12-25T01:03:58.581-0400][gc,phases      ] GC(385875)   Post Evacuate Collection Set: 1.7ms
[2020-12-25T01:03:58.581-0400][gc,phases      ] GC(385875)   Other: 0.9ms
[2020-12-25T01:03:58.581-0400][gc,heap        ] GC(385875) Eden regions: 11->0(11)
[2020-12-25T01:03:58.581-0400][gc,heap        ] GC(385875) Survivor regions: 1->1(2)
[2020-12-25T01:03:58.581-0400][gc,heap        ] GC(385875) Old regions: 45->45
[2020-12-25T01:03:58.581-0400][gc,heap        ] GC(385875) Humongous regions: 4->4
[2020-12-25T01:03:58.581-0400][gc,metaspace   ] GC(385875) Metaspace: 61020K->61020K(1107968K)
[2020-12-25T01:03:58.581-0400][gc,heap        ] GC(385875) Heap after GC invocations=385851 (full 11270): garbage-first heap   total 71680K, used 48831K [0x0000000083000000, 0x0000000100000000)
[2020-12-25T01:03:58.581-0400][gc,heap        ] GC(385875)   region size 1024K, 1 young (1024K), 1 survivors (1024K)
[2020-12-25T01:03:58.581-0400][gc,heap        ] GC(385875)  Metaspace       used 61020K, capacity 63721K, committed 64768K, reserved 1107968K
[2020-12-25T01:03:58.581-0400][gc,heap        ] GC(385875)   class space    used 5712K, capacity 6559K, committed 6912K, reserved 1048576K
[2020-12-25T01:03:58.581-0400][gc             ] GC(385875) Pause Young (Normal) (G1 Evacuation Pause) 58M->47M(70M) 6.545ms
[2020-12-25T01:03:58.581-0400][gc,cpu         ] GC(385875) User=0.01s Sys=0.01s Real=0.01s
[2020-12-25T01:04:23.091-0400][gc,heap        ] GC(385876) Heap before GC invocations=385851 (full 11270): garbage-first heap   total 71680K, used 59071K [0x0000000083000000, 0x0000000100000000)
[2020-12-25T01:04:23.091-0400][gc,heap        ] GC(385876)   region size 1024K, 12 young (12288K), 1 survivors (1024K)
[2020-12-25T01:04:23.091-0400][gc,heap        ] GC(385876)  Metaspace       used 61020K, capacity 63721K, committed 64768K, reserved 1107968K
[2020-12-25T01:04:23.091-0400][gc,heap        ] GC(385876)   class space    used 5712K, capacity 6559K, committed 6912K, reserved 1048576K
[2020-12-25T01:04:23.091-0400][gc,start       ] GC(385876) Pause Young (Normal) (G1 Evacuation Pause)
[2020-12-25T01:04:23.091-0400][gc,task        ] GC(385876) Using 4 workers of 4 for evacuation
[2020-12-25T01:04:23.097-0400][gc,phases      ] GC(385876)   Pre Evacuate Collection Set: 0.0ms
[2020-12-25T01:04:23.098-0400][gc,phases      ] GC(385876)   Evacuate Collection Set: 3.9ms
[2020-12-25T01:04:23.098-0400][gc,phases      ] GC(385876)   Post Evacuate Collection Set: 1.6ms
[2020-12-25T01:04:23.098-0400][gc,phases      ] GC(385876)   Other: 0.9ms
[2020-12-25T01:04:23.098-0400][gc,heap        ] GC(385876) Eden regions: 11->0(11)
[2020-12-25T01:04:23.098-0400][gc,heap        ] GC(385876) Survivor regions: 1->1(2)
[2020-12-25T01:04:23.098-0400][gc,heap        ] GC(385876) Old regions: 45->45
[2020-12-25T01:04:23.098-0400][gc,heap        ] GC(385876) Humongous regions: 4->4
[2020-12-25T01:04:23.098-0400][gc,metaspace   ] GC(385876) Metaspace: 61020K->61020K(1107968K)
[2020-12-25T01:04:23.098-0400][gc,heap        ] GC(385876) Heap after GC invocations=385852 (full 11270): garbage-first heap   total 71680K, used 48948K [0x0000000083000000, 0x0000000100000000)
[2020-12-25T01:04:23.098-0400][gc,heap        ] GC(385876)   region size 1024K, 1 young (1024K), 1 survivors (1024K)
[2020-12-25T01:04:23.098-0400][gc,heap        ] GC(385876)  Metaspace       used 61020K, capacity 63721K, committed 64768K, reserved 1107968K
[2020-12-25T01:04:23.098-0400][gc,heap        ] GC(385876)   class space    used 5712K, capacity 6559K, committed 6912K, reserved 1048576K
[2020-12-25T01:04:23.098-0400][gc             ] GC(385876) Pause Young (Normal) (G1 Evacuation Pause) 58M->47M(70M) 6.768ms
[2020-12-25T01:04:23.098-0400][gc,cpu         ] GC(385876) User=0.02s Sys=0.00s Real=0.01s
[2020-12-25T01:05:03.369-0400][gc,heap        ] GC(385877) Heap before GC invocations=385852 (full 11270): garbage-first heap   total 71680K, used 59188K [0x0000000083000000, 0x0000000100000000)
[2020-12-25T01:05:03.369-0400][gc,heap        ] GC(385877)   region size 1024K, 12 young (12288K), 1 survivors (1024K)
[2020-12-25T01:05:03.369-0400][gc,heap        ] GC(385877)  Metaspace       used 61020K, capacity 63721K, committed 64768K, reserved 1107968K
[2020-12-25T01:05:03.369-0400][gc,heap        ] GC(385877)   class space    used 5712K, capacity 6559K, committed 6912K, reserved 1048576K
[2020-12-25T01:05:03.369-0400][gc,start       ] GC(385877) Pause Young (Normal) (G1 Evacuation Pause)
[2020-12-25T01:05:03.370-0400][gc,task        ] GC(385877) Using 4 workers of 4 for evacuation
[2020-12-25T01:05:03.375-0400][gc,phases      ] GC(385877)   Pre Evacuate Collection Set: 0.0ms
[2020-12-25T01:05:03.376-0400][gc,phases      ] GC(385877)   Evacuate Collection Set: 3.8ms
[2020-12-25T01:05:03.376-0400][gc,phases      ] GC(385877)   Post Evacuate Collection Set: 1.7ms
[2020-12-25T01:05:03.376-0400][gc,phases      ] GC(385877)   Other: 0.9ms
[2020-12-25T01:05:03.376-0400][gc,heap        ] GC(385877) Eden regions: 11->0(11)
[2020-12-25T01:05:03.376-0400][gc,heap        ] GC(385877) Survivor regions: 1->1(2)
[2020-12-25T01:05:03.376-0400][gc,heap        ] GC(385877) Old regions: 45->45
[2020-12-25T01:05:03.376-0400][gc,heap        ] GC(385877) Humongous regions: 4->4
[2020-12-25T01:05:03.376-0400][gc,metaspace   ] GC(385877) Metaspace: 61020K->61020K(1107968K)
[2020-12-25T01:05:03.376-0400][gc,heap        ] GC(385877) Heap after GC invocations=385853 (full 11270): garbage-first heap   total 71680K, used 48893K [0x0000000083000000, 0x0000000100000000)
[2020-12-25T01:05:03.376-0400][gc,heap        ] GC(385877)   region size 1024K, 1 young (1024K), 1 survivors (1024K)
[2020-12-25T01:05:03.376-0400][gc,heap        ] GC(385877)  Metaspace       used 61020K, capacity 63721K, committed 64768K, reserved 1107968K
[2020-12-25T01:05:03.376-0400][gc,heap        ] GC(385877)   class space    used 5712K, capacity 6559K, committed 6912K, reserved 1048576K
[2020-12-25T01:05:03.376-0400][gc             ] GC(385877) Pause Young (Normal) (G1 Evacuation Pause) 58M->47M(70M) 6.817ms
[2020-12-25T01:05:03.376-0400][gc,cpu         ] GC(385877) User=0.02s Sys=0.00s Real=0.01s
[2020-12-25T01:05:41.921-0400][gc,heap        ] GC(385878) Heap before GC invocations=385853 (full 11270): garbage-first heap   total 71680K, used 59133K [0x0000000083000000, 0x0000000100000000)
[2020-12-25T01:05:41.921-0400][gc,heap        ] GC(385878)   region size 1024K, 12 young (12288K), 1 survivors (1024K)
[2020-12-25T01:05:41.921-0400][gc,heap        ] GC(385878)  Metaspace       used 61020K, capacity 63721K, committed 64768K, reserved 1107968K
[2020-12-25T01:05:41.921-0400][gc,heap        ] GC(385878)   class space    used 5712K, capacity 6559K, committed 6912K, reserved 1048576K
[2020-12-25T01:05:41.921-0400][gc,start       ] GC(385878) Pause Young (Normal) (G1 Evacuation Pause)
[2020-12-25T01:05:41.921-0400][gc,task        ] GC(385878) Using 4 workers of 4 for evacuation
[2020-12-25T01:05:41.927-0400][gc,phases      ] GC(385878)   Pre Evacuate Collection Set: 0.0ms
[2020-12-25T01:05:41.927-0400][gc,phases      ] GC(385878)   Evacuate Collection Set: 3.6ms
[2020-12-25T01:05:41.928-0400][gc,phases      ] GC(385878)   Post Evacuate Collection Set: 2.0ms
[2020-12-25T01:05:41.928-0400][gc,phases      ] GC(385878)   Other: 0.9ms
[2020-12-25T01:05:41.928-0400][gc,heap        ] GC(385878) Eden regions: 11->0(11)
[2020-12-25T01:05:41.928-0400][gc,heap        ] GC(385878) Survivor regions: 1->1(2)
[2020-12-25T01:05:41.928-0400][gc,heap        ] GC(385878) Old regions: 45->45
[2020-12-25T01:05:41.928-0400][gc,heap        ] GC(385878) Humongous regions: 4->4
[2020-12-25T01:05:41.928-0400][gc,metaspace   ] GC(385878) Metaspace: 61020K->61020K(1107968K)
[2020-12-25T01:05:41.928-0400][gc,heap        ] GC(385878) Heap after GC invocations=385854 (full 11270): garbage-first heap   total 71680K, used 48835K [0x0000000083000000, 0x0000000100000000)
[2020-12-25T01:05:41.928-0400][gc,heap        ] GC(385878)   region size 1024K, 1 young (1024K), 1 survivors (1024K)
[2020-12-25T01:05:41.928-0400][gc,heap        ] GC(385878)  Metaspace       used 61020K, capacity 63721K, committed 64768K, reserved 1107968K
[2020-12-25T01:05:41.928-0400][gc,heap        ] GC(385878)   class space    used 5712K, capacity 6559K, committed 6912K, reserved 1048576K
[2020-12-25T01:05:41.928-0400][gc             ] GC(385878) Pause Young (Normal) (G1 Evacuation Pause) 58M->47M(70M) 6.921ms
[2020-12-25T01:05:41.928-0400][gc,cpu         ] GC(385878) User=0.01s Sys=0.01s Real=0.01s
[2020-12-25T01:06:19.250-0400][gc,heap        ] GC(385879) Heap before GC invocations=385854 (full 11270): garbage-first heap   total 71680K, used 59075K [0x0000000083000000, 0x0000000100000000)
[2020-12-25T01:06:19.250-0400][gc,heap        ] GC(385879)   region size 1024K, 12 young (12288K), 1 survivors (1024K)
[2020-12-25T01:06:19.250-0400][gc,heap        ] GC(385879)  Metaspace       used 61020K, capacity 63721K, committed 64768K, reserved 1107968K
[2020-12-25T01:06:19.250-0400][gc,heap        ] GC(385879)   class space    used 5712K, capacity 6559K, committed 6912K, reserved 1048576K
[2020-12-25T01:06:19.250-0400][gc,start       ] GC(385879) Pause Young (Normal) (G1 Evacuation Pause)
[2020-12-25T01:06:19.250-0400][gc,task        ] GC(385879) Using 4 workers of 4 for evacuation
[2020-12-25T01:06:19.256-0400][gc,phases      ] GC(385879)   Pre Evacuate Collection Set: 0.0ms
[2020-12-25T01:06:19.256-0400][gc,phases      ] GC(385879)   Evacuate Collection Set: 3.4ms
[2020-12-25T01:06:19.256-0400][gc,phases      ] GC(385879)   Post Evacuate Collection Set: 1.7ms
[2020-12-25T01:06:19.256-0400][gc,phases      ] GC(385879)   Other: 0.9ms
[2020-12-25T01:06:19.256-0400][gc,heap        ] GC(385879) Eden regions: 11->0(11)
[2020-12-25T01:06:19.256-0400][gc,heap        ] GC(385879) Survivor regions: 1->1(2)
[2020-12-25T01:06:19.256-0400][gc,heap        ] GC(385879) Old regions: 45->45
[2020-12-25T01:06:19.256-0400][gc,heap        ] GC(385879) Humongous regions: 4->4
[2020-12-25T01:06:19.256-0400][gc,metaspace   ] GC(385879) Metaspace: 61020K->61020K(1107968K)
[2020-12-25T01:06:19.256-0400][gc,heap        ] GC(385879) Heap after GC invocations=385855 (full 11270): garbage-first heap   total 71680K, used 48803K [0x0000000083000000, 0x0000000100000000)
[2020-12-25T01:06:19.257-0400][gc,heap        ] GC(385879)   region size 1024K, 1 young (1024K), 1 survivors (1024K)
[2020-12-25T01:06:19.257-0400][gc,heap        ] GC(385879)  Metaspace       used 61020K, capacity 63721K, committed 64768K, reserved 1107968K
[2020-12-25T01:06:19.257-0400][gc,heap        ] GC(385879)   class space    used 5712K, capacity 6559K, committed 6912K, reserved 1048576K
[2020-12-25T01:06:19.257-0400][gc             ] GC(385879) Pause Young (Normal) (G1 Evacuation Pause) 58M->47M(70M) 6.508ms
[2020-12-25T01:06:19.257-0400][gc,cpu         ] GC(385879) User=0.01s Sys=0.01s Real=0.01s
[2020-12-25T01:06:50.924-0400][gc,task        ] GC(385880) Using 3 workers of 4 for full compaction
[2020-12-25T01:06:50.924-0400][gc,start       ] GC(385880) Pause Full (System.gc())
[2020-12-25T01:06:50.924-0400][gc,heap        ] GC(385880) Heap before GC invocations=385855 (full 11270): garbage-first heap   total 71680K, used 58019K [0x0000000083000000, 0x0000000100000000)
[2020-12-25T01:06:50.924-0400][gc,heap        ] GC(385880)   region size 1024K, 12 young (12288K), 1 survivors (1024K)
[2020-12-25T01:06:50.925-0400][gc,heap        ] GC(385880)  Metaspace       used 61020K, capacity 63721K, committed 64768K, reserved 1107968K
[2020-12-25T01:06:50.925-0400][gc,heap        ] GC(385880)   class space    used 5712K, capacity 6559K, committed 6912K, reserved 1048576K
[2020-12-25T01:06:50.927-0400][gc,phases,start] GC(385880) Phase 1: Mark live objects
[2020-12-25T01:06:51.075-0400][gc,stringtable ] GC(385880) Cleaned string and symbol table, strings: 32207 processed, 0 removed, symbols: 131451 processed, 0 removed
[2020-12-25T01:06:51.075-0400][gc,phases      ] GC(385880) Phase 1: Mark live objects 147.770ms
[2020-12-25T01:06:51.075-0400][gc,phases,start] GC(385880) Phase 2: Prepare for compaction
[2020-12-25T01:06:51.104-0400][gc,phases      ] GC(385880) Phase 2: Prepare for compaction 29.412ms
[2020-12-25T01:06:51.104-0400][gc,phases,start] GC(385880) Phase 3: Adjust pointers
[2020-12-25T01:06:51.186-0400][gc,phases      ] GC(385880) Phase 3: Adjust pointers 81.642ms
[2020-12-25T01:06:51.186-0400][gc,phases,start] GC(385880) Phase 4: Compact heap
[2020-12-25T01:06:51.210-0400][gc,phases      ] GC(385880) Phase 4: Compact heap 24.024ms
[2020-12-25T01:06:51.245-0400][gc,heap        ] GC(385880) Eden regions: 11->0(11)
[2020-12-25T01:06:51.245-0400][gc,heap        ] GC(385880) Survivor regions: 1->0(2)
[2020-12-25T01:06:51.245-0400][gc,heap        ] GC(385880) Old regions: 45->46
[2020-12-25T01:06:51.245-0400][gc,heap        ] GC(385880) Humongous regions: 4->4
[2020-12-25T01:06:51.245-0400][gc,metaspace   ] GC(385880) Metaspace: 61020K->61020K(1107968K)
[2020-12-25T01:06:51.245-0400][gc,heap        ] GC(385880) Heap after GC invocations=385856 (full 11271): garbage-first heap   total 71680K, used 48522K [0x0000000083000000, 0x0000000100000000)
[2020-12-25T01:06:51.245-0400][gc,heap        ] GC(385880)   region size 1024K, 0 young (0K), 0 survivors (0K)
[2020-12-25T01:06:51.245-0400][gc,heap        ] GC(385880)  Metaspace       used 61020K, capacity 63721K, committed 64768K, reserved 1107968K
[2020-12-25T01:06:51.245-0400][gc,heap        ] GC(385880)   class space    used 5712K, capacity 6559K, committed 6912K, reserved 1048576K
[2020-12-25T01:06:51.246-0400][gc             ] GC(385880) Pause Full (System.gc()) 58M->47M(70M) 321.173ms
[2020-12-25T01:06:51.246-0400][gc,cpu         ] GC(385880) User=0.86s Sys=0.00s Real=0.33s
[2020-12-25T01:07:19.888-0400][gc,heap        ] GC(385881) Heap before GC invocations=385856 (full 11271): garbage-first heap   total 71680K, used 59786K [0x0000000083000000, 0x0000000100000000)
[2020-12-25T01:07:19.888-0400][gc,heap        ] GC(385881)   region size 1024K, 11 young (11264K), 0 survivors (0K)
[2020-12-25T01:07:19.888-0400][gc,heap        ] GC(385881)  Metaspace       used 61020K, capacity 63721K, committed 64768K, reserved 1107968K
[2020-12-25T01:07:19.888-0400][gc,heap        ] GC(385881)   class space    used 5712K, capacity 6559K, committed 6912K, reserved 1048576K
[2020-12-25T01:07:19.888-0400][gc,start       ] GC(385881) Pause Young (Normal) (G1 Evacuation Pause)
[2020-12-25T01:07:19.888-0400][gc,task        ] GC(385881) Using 4 workers of 4 for evacuation
[2020-12-25T01:07:19.894-0400][gc,phases      ] GC(385881)   Pre Evacuate Collection Set: 0.0ms
[2020-12-25T01:07:19.894-0400][gc,phases      ] GC(385881)   Evacuate Collection Set: 3.0ms
[2020-12-25T01:07:19.894-0400][gc,phases      ] GC(385881)   Post Evacuate Collection Set: 1.9ms
[2020-12-25T01:07:19.894-0400][gc,phases      ] GC(385881)   Other: 0.9ms
[2020-12-25T01:07:19.894-0400][gc,heap        ] GC(385881) Eden regions: 11->0(10)
[2020-12-25T01:07:19.894-0400][gc,heap        ] GC(385881) Survivor regions: 0->1(2)
[2020-12-25T01:07:19.894-0400][gc,heap        ] GC(385881) Old regions: 46->46
[2020-12-25T01:07:19.894-0400][gc,heap        ] GC(385881) Humongous regions: 4->4
[2020-12-25T01:07:19.894-0400][gc,metaspace   ] GC(385881) Metaspace: 61020K->61020K(1107968K)
[2020-12-25T01:07:19.894-0400][gc,heap        ] GC(385881) Heap after GC invocations=385857 (full 11271): garbage-first heap   total 71680K, used 48845K [0x0000000083000000, 0x0000000100000000)
[2020-12-25T01:07:19.894-0400][gc,heap        ] GC(385881)   region size 1024K, 1 young (1024K), 1 survivors (1024K)
[2020-12-25T01:07:19.894-0400][gc,heap        ] GC(385881)  Metaspace       used 61020K, capacity 63721K, committed 64768K, reserved 1107968K
[2020-12-25T01:07:19.894-0400][gc,heap        ] GC(385881)   class space    used 5712K, capacity 6559K, committed 6912K, reserved 1048576K
[2020-12-25T01:07:19.894-0400][gc             ] GC(385881) Pause Young (Normal) (G1 Evacuation Pause) 58M->47M(70M) 6.072ms
[2020-12-25T01:07:19.894-0400][gc,cpu         ] GC(385881) User=0.02s Sys=0.00s Real=0.00s
[2020-12-25T01:07:58.687-0400][gc,heap        ] GC(385882) Heap before GC invocations=385857 (full 11271): garbage-first heap   total 71680K, used 58061K [0x0000000083000000, 0x0000000100000000)
[2020-12-25T01:07:58.688-0400][gc,heap        ] GC(385882)   region size 1024K, 11 young (11264K), 1 survivors (1024K)
[2020-12-25T01:07:58.688-0400][gc,heap        ] GC(385882)  Metaspace       used 61020K, capacity 63721K, committed 64768K, reserved 1107968K
[2020-12-25T01:07:58.688-0400][gc,heap        ] GC(385882)   class space    used 5712K, capacity 6559K, committed 6912K, reserved 1048576K
[2020-12-25T01:07:58.688-0400][gc,start       ] GC(385882) Pause Young (Normal) (G1 Evacuation Pause)
[2020-12-25T01:07:58.688-0400][gc,task        ] GC(385882) Using 4 workers of 4 for evacuation
[2020-12-25T01:07:58.693-0400][gc,phases      ] GC(385882)   Pre Evacuate Collection Set: 0.0ms
[2020-12-25T01:07:58.693-0400][gc,phases      ] GC(385882)   Evacuate Collection Set: 3.1ms
[2020-12-25T01:07:58.693-0400][gc,phases      ] GC(385882)   Post Evacuate Collection Set: 1.7ms
[2020-12-25T01:07:58.693-0400][gc,phases      ] GC(385882)   Other: 0.8ms
[2020-12-25T01:07:58.693-0400][gc,heap        ] GC(385882) Eden regions: 10->0(11)
[2020-12-25T01:07:58.693-0400][gc,heap        ] GC(385882) Survivor regions: 1->1(2)
[2020-12-25T01:07:58.693-0400][gc,heap        ] GC(385882) Old regions: 46->46
[2020-12-25T01:07:58.693-0400][gc,heap        ] GC(385882) Humongous regions: 4->4
[2020-12-25T01:07:58.694-0400][gc,metaspace   ] GC(385882) Metaspace: 61020K->61020K(1107968K)
[2020-12-25T01:07:58.694-0400][gc,heap        ] GC(385882) Heap after GC invocations=385858 (full 11271): garbage-first heap   total 71680K, used 48817K [0x0000000083000000, 0x0000000100000000)
[2020-12-25T01:07:58.694-0400][gc,heap        ] GC(385882)   region size 1024K, 1 young (1024K), 1 survivors (1024K)
[2020-12-25T01:07:58.694-0400][gc,heap        ] GC(385882)  Metaspace       used 61020K, capacity 63721K, committed 64768K, reserved 1107968K
[2020-12-25T01:07:58.694-0400][gc,heap        ] GC(385882)   class space    used 5712K, capacity 6559K, committed 6912K, reserved 1048576K
[2020-12-25T01:07:58.694-0400][gc             ] GC(385882) Pause Young (Normal) (G1 Evacuation Pause) 57M->47M(70M) 6.264ms
[2020-12-25T01:07:58.694-0400][gc,cpu         ] GC(385882) User=0.01s Sys=0.00s Real=0.00s
[2020-12-25T01:08:25.715-0400][gc,heap        ] GC(385883) Heap before GC invocations=385858 (full 11271): garbage-first heap   total 71680K, used 59057K [0x0000000083000000, 0x0000000100000000)
[2020-12-25T01:08:25.715-0400][gc,heap        ] GC(385883)   region size 1024K, 12 young (12288K), 1 survivors (1024K)
[2020-12-25T01:08:25.715-0400][gc,heap        ] GC(385883)  Metaspace       used 61020K, capacity 63721K, committed 64768K, reserved 1107968K
[2020-12-25T01:08:25.715-0400][gc,heap        ] GC(385883)   class space    used 5712K, capacity 6559K, committed 6912K, reserved 1048576K
[2020-12-25T01:08:25.716-0400][gc,start       ] GC(385883) Pause Young (Normal) (G1 Evacuation Pause)
[2020-12-25T01:08:25.716-0400][gc,task        ] GC(385883) Using 4 workers of 4 for evacuation
[2020-12-25T01:08:25.722-0400][gc,phases      ] GC(385883)   Pre Evacuate Collection Set: 0.0ms
[2020-12-25T01:08:25.722-0400][gc,phases      ] GC(385883)   Evacuate Collection Set: 4.1ms
[2020-12-25T01:08:25.722-0400][gc,phases      ] GC(385883)   Post Evacuate Collection Set: 1.7ms
[2020-12-25T01:08:25.722-0400][gc,phases      ] GC(385883)   Other: 0.9ms
[2020-12-25T01:08:25.722-0400][gc,heap        ] GC(385883) Eden regions: 11->0(11)
[2020-12-25T01:08:25.722-0400][gc,heap        ] GC(385883) Survivor regions: 1->1(2)
[2020-12-25T01:08:25.722-0400][gc,heap        ] GC(385883) Old regions: 46->46
[2020-12-25T01:08:25.722-0400][gc,heap        ] GC(385883) Humongous regions: 4->4
[2020-12-25T01:08:25.722-0400][gc,metaspace   ] GC(385883) Metaspace: 61020K->61020K(1107968K)
[2020-12-25T01:08:25.722-0400][gc,heap        ] GC(385883) Heap after GC invocations=385859 (full 11271): garbage-first heap   total 71680K, used 48895K [0x0000000083000000, 0x0000000100000000)
[2020-12-25T01:08:25.722-0400][gc,heap        ] GC(385883)   region size 1024K, 1 young (1024K), 1 survivors (1024K)
[2020-12-25T01:08:25.722-0400][gc,heap        ] GC(385883)  Metaspace       used 61020K, capacity 63721K, committed 64768K, reserved 1107968K
[2020-12-25T01:08:25.722-0400][gc,heap        ] GC(385883)   class space    used 5712K, capacity 6559K, committed 6912K, reserved 1048576K
[2020-12-25T01:08:25.723-0400][gc             ] GC(385883) Pause Young (Normal) (G1 Evacuation Pause) 58M->47M(70M) 6.974ms
[2020-12-25T01:08:25.723-0400][gc,cpu         ] GC(385883) User=0.01s Sys=0.01s Real=0.01s
[2020-12-25T01:09:05.886-0400][gc,heap        ] GC(385884) Heap before GC invocations=385859 (full 11271): garbage-first heap   total 71680K, used 59135K [0x0000000083000000, 0x0000000100000000)
[2020-12-25T01:09:05.887-0400][gc,heap        ] GC(385884)   region size 1024K, 12 young (12288K), 1 survivors (1024K)
[2020-12-25T01:09:05.887-0400][gc,heap        ] GC(385884)  Metaspace       used 61020K, capacity 63721K, committed 64768K, reserved 1107968K
[2020-12-25T01:09:05.887-0400][gc,heap        ] GC(385884)   class space    used 5712K, capacity 6559K, committed 6912K, reserved 1048576K
[2020-12-25T01:09:05.887-0400][gc,start       ] GC(385884) Pause Young (Normal) (G1 Evacuation Pause)
[2020-12-25T01:09:05.887-0400][gc,task        ] GC(385884) Using 4 workers of 4 for evacuation
[2020-12-25T01:09:05.893-0400][gc,phases      ] GC(385884)   Pre Evacuate Collection Set: 0.0ms
[2020-12-25T01:09:05.893-0400][gc,phases      ] GC(385884)   Evacuate Collection Set: 3.7ms
[2020-12-25T01:09:05.893-0400][gc,phases      ] GC(385884)   Post Evacuate Collection Set: 1.5ms
[2020-12-25T01:09:05.893-0400][gc,phases      ] GC(385884)   Other: 0.9ms
[2020-12-25T01:09:05.893-0400][gc,heap        ] GC(385884) Eden regions: 11->0(10)
[2020-12-25T01:09:05.893-0400][gc,heap        ] GC(385884) Survivor regions: 1->1(2)
[2020-12-25T01:09:05.893-0400][gc,heap        ] GC(385884) Old regions: 46->46
[2020-12-25T01:09:05.893-0400][gc,heap        ] GC(385884) Humongous regions: 4->4
[2020-12-25T01:09:05.893-0400][gc,metaspace   ] GC(385884) Metaspace: 61020K->61020K(1107968K)
[2020-12-25T01:09:05.893-0400][gc,heap        ] GC(385884) Heap after GC invocations=385860 (full 11271): garbage-first heap   total 71680K, used 49025K [0x0000000083000000, 0x0000000100000000)
[2020-12-25T01:09:05.893-0400][gc,heap        ] GC(385884)   region size 1024K, 1 young (1024K), 1 survivors (1024K)
[2020-12-25T01:09:05.893-0400][gc,heap        ] GC(385884)  Metaspace       used 61020K, capacity 63721K, committed 64768K, reserved 1107968K
[2020-12-25T01:09:05.893-0400][gc,heap        ] GC(385884)   class space    used 5712K, capacity 6559K, committed 6912K, reserved 1048576K
[2020-12-25T01:09:05.893-0400][gc             ] GC(385884) Pause Young (Normal) (G1 Evacuation Pause) 58M->47M(70M) 6.522ms
[2020-12-25T01:09:05.894-0400][gc,cpu         ] GC(385884) User=0.02s Sys=0.00s Real=0.00s
[2020-12-25T01:09:43.076-0400][gc,heap        ] GC(385885) Heap before GC invocations=385860 (full 11271): garbage-first heap   total 71680K, used 59265K [0x0000000083000000, 0x0000000100000000)
[2020-12-25T01:09:43.076-0400][gc,heap        ] GC(385885)   region size 1024K, 11 young (11264K), 1 survivors (1024K)
[2020-12-25T01:09:43.076-0400][gc,heap        ] GC(385885)  Metaspace       used 61020K, capacity 63721K, committed 64768K, reserved 1107968K
[2020-12-25T01:09:43.076-0400][gc,heap        ] GC(385885)   class space    used 5712K, capacity 6559K, committed 6912K, reserved 1048576K
[2020-12-25T01:09:43.076-0400][gc,start       ] GC(385885) Pause Young (Normal) (G1 Evacuation Pause)
[2020-12-25T01:09:43.076-0400][gc,task        ] GC(385885) Using 4 workers of 4 for evacuation
[2020-12-25T01:09:43.082-0400][gc,phases      ] GC(385885)   Pre Evacuate Collection Set: 0.0ms
[2020-12-25T01:09:43.082-0400][gc,phases      ] GC(385885)   Evacuate Collection Set: 3.2ms
[2020-12-25T01:09:43.082-0400][gc,phases      ] GC(385885)   Post Evacuate Collection Set: 1.5ms
[2020-12-25T01:09:43.082-0400][gc,phases      ] GC(385885)   Other: 0.8ms
[2020-12-25T01:09:43.082-0400][gc,heap        ] GC(385885) Eden regions: 10->0(10)
[2020-12-25T01:09:43.082-0400][gc,heap        ] GC(385885) Survivor regions: 1->1(2)
[2020-12-25T01:09:43.082-0400][gc,heap        ] GC(385885) Old regions: 46->46
[2020-12-25T01:09:43.082-0400][gc,heap        ] GC(385885) Humongous regions: 4->4
[2020-12-25T01:09:43.082-0400][gc,metaspace   ] GC(385885) Metaspace: 61020K->61020K(1107968K)
[2020-12-25T01:09:43.082-0400][gc,heap        ] GC(385885) Heap after GC invocations=385861 (full 11271): garbage-first heap   total 71680K, used 48939K [0x0000000083000000, 0x0000000100000000)
[2020-12-25T01:09:43.082-0400][gc,heap        ] GC(385885)   region size 1024K, 1 young (1024K), 1 survivors (1024K)
[2020-12-25T01:09:43.082-0400][gc,heap        ] GC(385885)  Metaspace       used 61020K, capacity 63721K, committed 64768K, reserved 1107968K
[2020-12-25T01:09:43.082-0400][gc,heap        ] GC(385885)   class space    used 5712K, capacity 6559K, committed 6912K, reserved 1048576K
[2020-12-25T01:09:43.082-0400][gc             ] GC(385885) Pause Young (Normal) (G1 Evacuation Pause) 57M->47M(70M) 5.992ms
[2020-12-25T01:09:43.082-0400][gc,cpu         ] GC(385885) User=0.02s Sys=0.00s Real=0.00s
[2020-12-25T01:10:06.530-0400][gc,heap        ] GC(385886) Heap before GC invocations=385861 (full 11271): garbage-first heap   total 71680K, used 59179K [0x0000000083000000, 0x0000000100000000)
[2020-12-25T01:10:06.530-0400][gc,heap        ] GC(385886)   region size 1024K, 11 young (11264K), 1 survivors (1024K)
[2020-12-25T01:10:06.530-0400][gc,heap        ] GC(385886)  Metaspace       used 61020K, capacity 63721K, committed 64768K, reserved 1107968K
[2020-12-25T01:10:06.530-0400][gc,heap        ] GC(385886)   class space    used 5712K, capacity 6559K, committed 6912K, reserved 1048576K
[2020-12-25T01:10:06.530-0400][gc,start       ] GC(385886) Pause Young (Normal) (G1 Evacuation Pause)
[2020-12-25T01:10:06.531-0400][gc,task        ] GC(385886) Using 4 workers of 4 for evacuation
[2020-12-25T01:10:06.537-0400][gc,phases      ] GC(385886)   Pre Evacuate Collection Set: 0.0ms
[2020-12-25T01:10:06.537-0400][gc,phases      ] GC(385886)   Evacuate Collection Set: 4.0ms
[2020-12-25T01:10:06.537-0400][gc,phases      ] GC(385886)   Post Evacuate Collection Set: 1.5ms
[2020-12-25T01:10:06.537-0400][gc,phases      ] GC(385886)   Other: 0.9ms
[2020-12-25T01:10:06.537-0400][gc,heap        ] GC(385886) Eden regions: 10->0(10)
[2020-12-25T01:10:06.537-0400][gc,heap        ] GC(385886) Survivor regions: 1->1(2)
[2020-12-25T01:10:06.537-0400][gc,heap        ] GC(385886) Old regions: 46->46
[2020-12-25T01:10:06.537-0400][gc,heap        ] GC(385886) Humongous regions: 4->4
[2020-12-25T01:10:06.537-0400][gc,metaspace   ] GC(385886) Metaspace: 61020K->61020K(1107968K)
[2020-12-25T01:10:06.537-0400][gc,heap        ] GC(385886) Heap after GC invocations=385862 (full 11271): garbage-first heap   total 71680K, used 49094K [0x0000000083000000, 0x0000000100000000)
[2020-12-25T01:10:06.537-0400][gc,heap        ] GC(385886)   region size 1024K, 1 young (1024K), 1 survivors (1024K)
[2020-12-25T01:10:06.537-0400][gc,heap        ] GC(385886)  Metaspace       used 61020K, capacity 63721K, committed 64768K, reserved 1107968K
[2020-12-25T01:10:06.537-0400][gc,heap        ] GC(385886)   class space    used 5712K, capacity 6559K, committed 6912K, reserved 1048576K
[2020-12-25T01:10:06.537-0400][gc             ] GC(385886) Pause Young (Normal) (G1 Evacuation Pause) 57M->47M(70M) 6.830ms
[2020-12-25T01:10:06.537-0400][gc,cpu         ] GC(385886) User=0.01s Sys=0.01s Real=0.01s
[2020-12-25T01:10:42.430-0400][gc,heap        ] GC(385887) Heap before GC invocations=385862 (full 11271): garbage-first heap   total 71680K, used 58310K [0x0000000083000000, 0x0000000100000000)
[2020-12-25T01:10:42.431-0400][gc,heap        ] GC(385887)   region size 1024K, 11 young (11264K), 1 survivors (1024K)
[2020-12-25T01:10:42.431-0400][gc,heap        ] GC(385887)  Metaspace       used 61020K, capacity 63721K, committed 64768K, reserved 1107968K
[2020-12-25T01:10:42.431-0400][gc,heap        ] GC(385887)   class space    used 5712K, capacity 6559K, committed 6912K, reserved 1048576K
[2020-12-25T01:10:42.431-0400][gc,start       ] GC(385887) Pause Young (Normal) (G1 Evacuation Pause)
[2020-12-25T01:10:42.431-0400][gc,task        ] GC(385887) Using 4 workers of 4 for evacuation
[2020-12-25T01:10:42.437-0400][gc,phases      ] GC(385887)   Pre Evacuate Collection Set: 0.0ms
[2020-12-25T01:10:42.437-0400][gc,phases      ] GC(385887)   Evacuate Collection Set: 3.6ms
[2020-12-25T01:10:42.437-0400][gc,phases      ] GC(385887)   Post Evacuate Collection Set: 1.5ms
[2020-12-25T01:10:42.437-0400][gc,phases      ] GC(385887)   Other: 1.6ms
[2020-12-25T01:10:42.438-0400][gc,heap        ] GC(385887) Eden regions: 10->0(10)
[2020-12-25T01:10:42.438-0400][gc,heap        ] GC(385887) Survivor regions: 1->1(2)
[2020-12-25T01:10:42.438-0400][gc,heap        ] GC(385887) Old regions: 46->46
[2020-12-25T01:10:42.438-0400][gc,heap        ] GC(385887) Humongous regions: 4->4
[2020-12-25T01:10:42.438-0400][gc,metaspace   ] GC(385887) Metaspace: 61020K->61020K(1107968K)
[2020-12-25T01:10:42.438-0400][gc,heap        ] GC(385887) Heap after GC invocations=385863 (full 11271): garbage-first heap   total 71680K, used 49016K [0x0000000083000000, 0x0000000100000000)
[2020-12-25T01:10:42.438-0400][gc,heap        ] GC(385887)   region size 1024K, 1 young (1024K), 1 survivors (1024K)
[2020-12-25T01:10:42.438-0400][gc,heap        ] GC(385887)  Metaspace       used 61020K, capacity 63721K, committed 64768K, reserved 1107968K
[2020-12-25T01:10:42.438-0400][gc,heap        ] GC(385887)   class space    used 5712K, capacity 6559K, committed 6912K, reserved 1048576K
[2020-12-25T01:10:42.438-0400][gc             ] GC(385887) Pause Young (Normal) (G1 Evacuation Pause) 57M->47M(70M) 6.865ms
[2020-12-25T01:10:42.438-0400][gc,cpu         ] GC(385887) User=0.01s Sys=0.00s Real=0.01s
[2020-12-25T01:11:15.283-0400][gc,heap        ] GC(385888) Heap before GC invocations=385863 (full 11271): garbage-first heap   total 71680K, used 58232K [0x0000000083000000, 0x0000000100000000)
[2020-12-25T01:11:15.283-0400][gc,heap        ] GC(385888)   region size 1024K, 11 young (11264K), 1 survivors (1024K)
[2020-12-25T01:11:15.283-0400][gc,heap        ] GC(385888)  Metaspace       used 61020K, capacity 63721K, committed 64768K, reserved 1107968K
[2020-12-25T01:11:15.283-0400][gc,heap        ] GC(385888)   class space    used 5712K, capacity 6559K, committed 6912K, reserved 1048576K
[2020-12-25T01:11:15.283-0400][gc,start       ] GC(385888) Pause Young (Normal) (G1 Evacuation Pause)
[2020-12-25T01:11:15.283-0400][gc,task        ] GC(385888) Using 4 workers of 4 for evacuation
[2020-12-25T01:11:15.289-0400][gc,phases      ] GC(385888)   Pre Evacuate Collection Set: 0.1ms
[2020-12-25T01:11:15.289-0400][gc,phases      ] GC(385888)   Evacuate Collection Set: 3.4ms
[2020-12-25T01:11:15.289-0400][gc,phases      ] GC(385888)   Post Evacuate Collection Set: 1.9ms
[2020-12-25T01:11:15.289-0400][gc,phases      ] GC(385888)   Other: 0.8ms
[2020-12-25T01:11:15.289-0400][gc,heap        ] GC(385888) Eden regions: 10->0(10)
[2020-12-25T01:11:15.290-0400][gc,heap        ] GC(385888) Survivor regions: 1->1(2)
[2020-12-25T01:11:15.290-0400][gc,heap        ] GC(385888) Old regions: 46->46
[2020-12-25T01:11:15.290-0400][gc,heap        ] GC(385888) Humongous regions: 4->4
[2020-12-25T01:11:15.290-0400][gc,metaspace   ] GC(385888) Metaspace: 61020K->61020K(1107968K)
[2020-12-25T01:11:15.290-0400][gc,heap        ] GC(385888) Heap after GC invocations=385864 (full 11271): garbage-first heap   total 71680K, used 49003K [0x0000000083000000, 0x0000000100000000)
[2020-12-25T01:11:15.290-0400][gc,heap        ] GC(385888)   region size 1024K, 1 young (1024K), 1 survivors (1024K)
[2020-12-25T01:11:15.290-0400][gc,heap        ] GC(385888)  Metaspace       used 61020K, capacity 63721K, committed 64768K, reserved 1107968K
[2020-12-25T01:11:15.290-0400][gc,heap        ] GC(385888)   class space    used 5712K, capacity 6559K, committed 6912K, reserved 1048576K
[2020-12-25T01:11:15.290-0400][gc             ] GC(385888) Pause Young (Normal) (G1 Evacuation Pause) 57M->47M(70M) 6.678ms
[2020-12-25T01:11:15.290-0400][gc,cpu         ] GC(385888) User=0.02s Sys=0.00s Real=0.01s
[2020-12-25T01:11:40.360-0400][gc,heap        ] GC(385889) Heap before GC invocations=385864 (full 11271): garbage-first heap   total 71680K, used 58219K [0x0000000083000000, 0x0000000100000000)
[2020-12-25T01:11:40.360-0400][gc,heap        ] GC(385889)   region size 1024K, 11 young (11264K), 1 survivors (1024K)
[2020-12-25T01:11:40.360-0400][gc,heap        ] GC(385889)  Metaspace       used 61020K, capacity 63721K, committed 64768K, reserved 1107968K
[2020-12-25T01:11:40.360-0400][gc,heap        ] GC(385889)   class space    used 5712K, capacity 6559K, committed 6912K, reserved 1048576K
[2020-12-25T01:11:40.361-0400][gc,start       ] GC(385889) Pause Young (Normal) (G1 Evacuation Pause)
[2020-12-25T01:11:40.361-0400][gc,task        ] GC(385889) Using 4 workers of 4 for evacuation
[2020-12-25T01:11:40.366-0400][gc,phases      ] GC(385889)   Pre Evacuate Collection Set: 0.0ms
[2020-12-25T01:11:40.366-0400][gc,phases      ] GC(385889)   Evacuate Collection Set: 3.3ms
[2020-12-25T01:11:40.366-0400][gc,phases      ] GC(385889)   Post Evacuate Collection Set: 1.5ms
[2020-12-25T01:11:40.366-0400][gc,phases      ] GC(385889)   Other: 0.8ms
[2020-12-25T01:11:40.366-0400][gc,heap        ] GC(385889) Eden regions: 10->0(10)
[2020-12-25T01:11:40.366-0400][gc,heap        ] GC(385889) Survivor regions: 1->1(2)
[2020-12-25T01:11:40.366-0400][gc,heap        ] GC(385889) Old regions: 46->46
[2020-12-25T01:11:40.366-0400][gc,heap        ] GC(385889) Humongous regions: 4->4
[2020-12-25T01:11:40.366-0400][gc,metaspace   ] GC(385889) Metaspace: 61020K->61020K(1107968K)
[2020-12-25T01:11:40.366-0400][gc,heap        ] GC(385889) Heap after GC invocations=385865 (full 11271): garbage-first heap   total 71680K, used 48948K [0x0000000083000000, 0x0000000100000000)
[2020-12-25T01:11:40.366-0400][gc,heap        ] GC(385889)   region size 1024K, 1 young (1024K), 1 survivors (1024K)
[2020-12-25T01:11:40.367-0400][gc,heap        ] GC(385889)  Metaspace       used 61020K, capacity 63721K, committed 64768K, reserved 1107968K
[2020-12-25T01:11:40.367-0400][gc,heap        ] GC(385889)   class space    used 5712K, capacity 6559K, committed 6912K, reserved 1048576K
[2020-12-25T01:11:40.367-0400][gc             ] GC(385889) Pause Young (Normal) (G1 Evacuation Pause) 57M->47M(70M) 6.205ms
[2020-12-25T01:11:40.367-0400][gc,cpu         ] GC(385889) User=0.02s Sys=0.00s Real=0.01s
[2020-12-25T01:11:46.267-0400][gc,heap        ] GC(385890) Heap before GC invocations=385865 (full 11271): garbage-first heap   total 71680K, used 59188K [0x0000000083000000, 0x0000000100000000)
[2020-12-25T01:11:46.267-0400][gc,heap        ] GC(385890)   region size 1024K, 11 young (11264K), 1 survivors (1024K)
[2020-12-25T01:11:46.267-0400][gc,heap        ] GC(385890)  Metaspace       used 61020K, capacity 63721K, committed 64768K, reserved 1107968K
[2020-12-25T01:11:46.267-0400][gc,heap        ] GC(385890)   class space    used 5712K, capacity 6559K, committed 6912K, reserved 1048576K
[2020-12-25T01:11:46.267-0400][gc,start       ] GC(385890) Pause Young (Normal) (G1 Evacuation Pause)
[2020-12-25T01:11:46.267-0400][gc,task        ] GC(385890) Using 4 workers of 4 for evacuation
[2020-12-25T01:11:46.272-0400][gc,phases      ] GC(385890)   Pre Evacuate Collection Set: 0.0ms
[2020-12-25T01:11:46.273-0400][gc,phases      ] GC(385890)   Evacuate Collection Set: 3.4ms
[2020-12-25T01:11:46.273-0400][gc,phases      ] GC(385890)   Post Evacuate Collection Set: 1.4ms
[2020-12-25T01:11:46.273-0400][gc,phases      ] GC(385890)   Other: 0.8ms
[2020-12-25T01:11:46.273-0400][gc,heap        ] GC(385890) Eden regions: 10->0(10)
[2020-12-25T01:11:46.273-0400][gc,heap        ] GC(385890) Survivor regions: 1->1(2)
[2020-12-25T01:11:46.273-0400][gc,heap        ] GC(385890) Old regions: 46->46
[2020-12-25T01:11:46.273-0400][gc,heap        ] GC(385890) Humongous regions: 5->5
[2020-12-25T01:11:46.273-0400][gc,metaspace   ] GC(385890) Metaspace: 61020K->61020K(1107968K)
[2020-12-25T01:11:46.273-0400][gc,heap        ] GC(385890) Heap after GC invocations=385866 (full 11271): garbage-first heap   total 71680K, used 49897K [0x0000000083000000, 0x0000000100000000)
[2020-12-25T01:11:46.273-0400][gc,heap        ] GC(385890)   region size 1024K, 1 young (1024K), 1 survivors (1024K)
[2020-12-25T01:11:46.273-0400][gc,heap        ] GC(385890)  Metaspace       used 61020K, capacity 63721K, committed 64768K, reserved 1107968K
[2020-12-25T01:11:46.273-0400][gc,heap        ] GC(385890)   class space    used 5712K, capacity 6559K, committed 6912K, reserved 1048576K
[2020-12-25T01:11:46.273-0400][gc             ] GC(385890) Pause Young (Normal) (G1 Evacuation Pause) 58M->48M(70M) 6.022ms
[2020-12-25T01:11:46.273-0400][gc,cpu         ] GC(385890) User=0.01s Sys=0.00s Real=0.00s
[2020-12-25T01:11:50.924-0400][gc,task        ] GC(385891) Using 3 workers of 4 for full compaction
[2020-12-25T01:11:50.924-0400][gc,start       ] GC(385891) Pause Full (System.gc())
[2020-12-25T01:11:50.924-0400][gc,heap        ] GC(385891) Heap before GC invocations=385866 (full 11271): garbage-first heap   total 71680K, used 52969K [0x0000000083000000, 0x0000000100000000)
[2020-12-25T01:11:50.924-0400][gc,heap        ] GC(385891)   region size 1024K, 4 young (4096K), 1 survivors (1024K)
[2020-12-25T01:11:50.924-0400][gc,heap        ] GC(385891)  Metaspace       used 61020K, capacity 63721K, committed 64768K, reserved 1107968K
[2020-12-25T01:11:50.924-0400][gc,heap        ] GC(385891)   class space    used 5712K, capacity 6559K, committed 6912K, reserved 1048576K
[2020-12-25T01:11:50.926-0400][gc,phases,start] GC(385891) Phase 1: Mark live objects
[2020-12-25T01:11:51.073-0400][gc,stringtable ] GC(385891) Cleaned string and symbol table, strings: 32207 processed, 0 removed, symbols: 131451 processed, 0 removed
[2020-12-25T01:11:51.073-0400][gc,phases      ] GC(385891) Phase 1: Mark live objects 146.673ms
[2020-12-25T01:11:51.073-0400][gc,phases,start] GC(385891) Phase 2: Prepare for compaction
[2020-12-25T01:11:51.104-0400][gc,phases      ] GC(385891) Phase 2: Prepare for compaction 30.594ms
[2020-12-25T01:11:51.104-0400][gc,phases,start] GC(385891) Phase 3: Adjust pointers
[2020-12-25T01:11:51.181-0400][gc,phases      ] GC(385891) Phase 3: Adjust pointers 76.906ms
[2020-12-25T01:11:51.181-0400][gc,phases,start] GC(385891) Phase 4: Compact heap
[2020-12-25T01:11:51.203-0400][gc,phases      ] GC(385891) Phase 4: Compact heap 21.797ms
[2020-12-25T01:11:51.239-0400][gc,heap        ] GC(385891) Eden regions: 3->0(11)
[2020-12-25T01:11:51.239-0400][gc,heap        ] GC(385891) Survivor regions: 1->0(2)
[2020-12-25T01:11:51.239-0400][gc,heap        ] GC(385891) Old regions: 46->46
[2020-12-25T01:11:51.239-0400][gc,heap        ] GC(385891) Humongous regions: 6->4
[2020-12-25T01:11:51.239-0400][gc,metaspace   ] GC(385891) Metaspace: 61020K->61020K(1107968K)
[2020-12-25T01:11:51.240-0400][gc,heap        ] GC(385891) Heap after GC invocations=385867 (full 11272): garbage-first heap   total 71680K, used 48333K [0x0000000083000000, 0x0000000100000000)
[2020-12-25T01:11:51.240-0400][gc,heap        ] GC(385891)   region size 1024K, 0 young (0K), 0 survivors (0K)
[2020-12-25T01:11:51.240-0400][gc,heap        ] GC(385891)  Metaspace       used 61020K, capacity 63721K, committed 64768K, reserved 1107968K
[2020-12-25T01:11:51.240-0400][gc,heap        ] GC(385891)   class space    used 5712K, capacity 6559K, committed 6912K, reserved 1048576K
[2020-12-25T01:11:51.240-0400][gc             ] GC(385891) Pause Full (System.gc()) 52M->47M(70M) 315.774ms
[2020-12-25T01:11:51.240-0400][gc,cpu         ] GC(385891) User=0.52s Sys=0.31s Real=0.32s
[2020-12-25T01:12:07.856-0400][gc,heap        ] GC(385892) Heap before GC invocations=385867 (full 11272): garbage-first heap   total 71680K, used 59597K [0x0000000083000000, 0x0000000100000000)
[2020-12-25T01:12:07.856-0400][gc,heap        ] GC(385892)   region size 1024K, 11 young (11264K), 0 survivors (0K)
[2020-12-25T01:12:07.856-0400][gc,heap        ] GC(385892)  Metaspace       used 61028K, capacity 63733K, committed 64768K, reserved 1107968K
[2020-12-25T01:12:07.856-0400][gc,heap        ] GC(385892)   class space    used 5714K, capacity 6561K, committed 6912K, reserved 1048576K
[2020-12-25T01:12:07.856-0400][gc,start       ] GC(385892) Pause Young (Normal) (G1 Evacuation Pause)
[2020-12-25T01:12:07.856-0400][gc,task        ] GC(385892) Using 4 workers of 4 for evacuation
[2020-12-25T01:12:07.863-0400][gc,phases      ] GC(385892)   Pre Evacuate Collection Set: 0.0ms
[2020-12-25T01:12:07.863-0400][gc,phases      ] GC(385892)   Evacuate Collection Set: 3.5ms
[2020-12-25T01:12:07.863-0400][gc,phases      ] GC(385892)   Post Evacuate Collection Set: 2.6ms
[2020-12-25T01:12:07.863-0400][gc,phases      ] GC(385892)   Other: 1.0ms
[2020-12-25T01:12:07.863-0400][gc,heap        ] GC(385892) Eden regions: 11->0(10)
[2020-12-25T01:12:07.863-0400][gc,heap        ] GC(385892) Survivor regions: 0->1(2)
[2020-12-25T01:12:07.863-0400][gc,heap        ] GC(385892) Old regions: 46->46
[2020-12-25T01:12:07.863-0400][gc,heap        ] GC(385892) Humongous regions: 4->4
[2020-12-25T01:12:07.863-0400][gc,metaspace   ] GC(385892) Metaspace: 61028K->61028K(1107968K)
[2020-12-25T01:12:07.863-0400][gc,heap        ] GC(385892) Heap after GC invocations=385868 (full 11272): garbage-first heap   total 71680K, used 49340K [0x0000000083000000, 0x0000000100000000)
[2020-12-25T01:12:07.863-0400][gc,heap        ] GC(385892)   region size 1024K, 1 young (1024K), 1 survivors (1024K)
[2020-12-25T01:12:07.863-0400][gc,heap        ] GC(385892)  Metaspace       used 61028K, capacity 63733K, committed 64768K, reserved 1107968K
[2020-12-25T01:12:07.863-0400][gc,heap        ] GC(385892)   class space    used 5714K, capacity 6561K, committed 6912K, reserved 1048576K
[2020-12-25T01:12:07.863-0400][gc             ] GC(385892) Pause Young (Normal) (G1 Evacuation Pause) 58M->48M(70M) 7.329ms
[2020-12-25T01:12:07.864-0400][gc,cpu         ] GC(385892) User=0.01s Sys=0.01s Real=0.00s
[2020-12-25T01:12:44.979-0400][gc,heap        ] GC(385893) Heap before GC invocations=385868 (full 11272): garbage-first heap   total 71680K, used 59580K [0x0000000083000000, 0x0000000100000000)
[2020-12-25T01:12:44.979-0400][gc,heap        ] GC(385893)   region size 1024K, 11 young (11264K), 1 survivors (1024K)
[2020-12-25T01:12:44.979-0400][gc,heap        ] GC(385893)  Metaspace       used 61028K, capacity 63733K, committed 64768K, reserved 1107968K
[2020-12-25T01:12:44.979-0400][gc,heap        ] GC(385893)   class space    used 5714K, capacity 6561K, committed 6912K, reserved 1048576K
[2020-12-25T01:12:44.980-0400][gc,start       ] GC(385893) Pause Young (Normal) (G1 Evacuation Pause)
[2020-12-25T01:12:44.980-0400][gc,task        ] GC(385893) Using 4 workers of 4 for evacuation
[2020-12-25T01:12:44.985-0400][gc,phases      ] GC(385893)   Pre Evacuate Collection Set: 0.0ms
[2020-12-25T01:12:44.985-0400][gc,phases      ] GC(385893)   Evacuate Collection Set: 3.1ms
[2020-12-25T01:12:44.986-0400][gc,phases      ] GC(385893)   Post Evacuate Collection Set: 2.1ms
[2020-12-25T01:12:44.986-0400][gc,phases      ] GC(385893)   Other: 0.9ms
[2020-12-25T01:12:44.986-0400][gc,heap        ] GC(385893) Eden regions: 10->0(10)
[2020-12-25T01:12:44.986-0400][gc,heap        ] GC(385893) Survivor regions: 1->1(2)
[2020-12-25T01:12:44.986-0400][gc,heap        ] GC(385893) Old regions: 46->46
[2020-12-25T01:12:44.986-0400][gc,heap        ] GC(385893) Humongous regions: 4->4
[2020-12-25T01:12:44.986-0400][gc,metaspace   ] GC(385893) Metaspace: 61028K->61028K(1107968K)
[2020-12-25T01:12:44.986-0400][gc,heap        ] GC(385893) Heap after GC invocations=385869 (full 11272): garbage-first heap   total 71680K, used 48692K [0x0000000083000000, 0x0000000100000000)
[2020-12-25T01:12:44.986-0400][gc,heap        ] GC(385893)   region size 1024K, 1 young (1024K), 1 survivors (1024K)
[2020-12-25T01:12:44.986-0400][gc,heap        ] GC(385893)  Metaspace       used 61028K, capacity 63733K, committed 64768K, reserved 1107968K
[2020-12-25T01:12:44.986-0400][gc,heap        ] GC(385893)   class space    used 5714K, capacity 6561K, committed 6912K, reserved 1048576K
[2020-12-25T01:12:44.986-0400][gc             ] GC(385893) Pause Young (Normal) (G1 Evacuation Pause) 58M->47M(70M) 6.494ms
[2020-12-25T01:12:44.986-0400][gc,cpu         ] GC(385893) User=0.01s Sys=0.00s Real=0.01s
[2020-12-25T01:13:08.567-0400][gc,heap        ] GC(385894) Heap before GC invocations=385869 (full 11272): garbage-first heap   total 71680K, used 57908K [0x0000000083000000, 0x0000000100000000)
[2020-12-25T01:13:08.567-0400][gc,heap        ] GC(385894)   region size 1024K, 11 young (11264K), 1 survivors (1024K)
[2020-12-25T01:13:08.567-0400][gc,heap        ] GC(385894)  Metaspace       used 61028K, capacity 63733K, committed 64768K, reserved 1107968K
[2020-12-25T01:13:08.567-0400][gc,heap        ] GC(385894)   class space    used 5714K, capacity 6561K, committed 6912K, reserved 1048576K
[2020-12-25T01:13:08.567-0400][gc,start       ] GC(385894) Pause Young (Normal) (G1 Evacuation Pause)
[2020-12-25T01:13:08.567-0400][gc,task        ] GC(385894) Using 4 workers of 4 for evacuation
[2020-12-25T01:13:08.573-0400][gc,phases      ] GC(385894)   Pre Evacuate Collection Set: 0.0ms
[2020-12-25T01:13:08.573-0400][gc,phases      ] GC(385894)   Evacuate Collection Set: 3.8ms
[2020-12-25T01:13:08.574-0400][gc,phases      ] GC(385894)   Post Evacuate Collection Set: 1.5ms
[2020-12-25T01:13:08.574-0400][gc,phases      ] GC(385894)   Other: 1.0ms
[2020-12-25T01:13:08.574-0400][gc,heap        ] GC(385894) Eden regions: 10->0(10)
[2020-12-25T01:13:08.574-0400][gc,heap        ] GC(385894) Survivor regions: 1->1(2)
[2020-12-25T01:13:08.574-0400][gc,heap        ] GC(385894) Old regions: 46->46
[2020-12-25T01:13:08.574-0400][gc,heap        ] GC(385894) Humongous regions: 4->4
[2020-12-25T01:13:08.574-0400][gc,metaspace   ] GC(385894) Metaspace: 61028K->61028K(1107968K)
[2020-12-25T01:13:08.574-0400][gc,heap        ] GC(385894) Heap after GC invocations=385870 (full 11272): garbage-first heap   total 71680K, used 48868K [0x0000000083000000, 0x0000000100000000)
[2020-12-25T01:13:08.574-0400][gc,heap        ] GC(385894)   region size 1024K, 1 young (1024K), 1 survivors (1024K)
[2020-12-25T01:13:08.574-0400][gc,heap        ] GC(385894)  Metaspace       used 61028K, capacity 63733K, committed 64768K, reserved 1107968K
[2020-12-25T01:13:08.574-0400][gc,heap        ] GC(385894)   class space    used 5714K, capacity 6561K, committed 6912K, reserved 1048576K
[2020-12-25T01:13:08.574-0400][gc             ] GC(385894) Pause Young (Normal) (G1 Evacuation Pause) 57M->47M(70M) 6.917ms
[2020-12-25T01:13:08.574-0400][gc,cpu         ] GC(385894) User=0.02s Sys=0.00s Real=0.00s
[2020-12-25T01:13:33.877-0400][gc,heap        ] GC(385895) Heap before GC invocations=385870 (full 11272): garbage-first heap   total 71680K, used 58084K [0x0000000083000000, 0x0000000100000000)
[2020-12-25T01:13:33.877-0400][gc,heap        ] GC(385895)   region size 1024K, 11 young (11264K), 1 survivors (1024K)
[2020-12-25T01:13:33.877-0400][gc,heap        ] GC(385895)  Metaspace       used 61028K, capacity 63733K, committed 64768K, reserved 1107968K
[2020-12-25T01:13:33.877-0400][gc,heap        ] GC(385895)   class space    used 5714K, capacity 6561K, committed 6912K, reserved 1048576K
[2020-12-25T01:13:33.877-0400][gc,start       ] GC(385895) Pause Young (Normal) (G1 Evacuation Pause)
[2020-12-25T01:13:33.877-0400][gc,task        ] GC(385895) Using 4 workers of 4 for evacuation
[2020-12-25T01:13:33.883-0400][gc,phases      ] GC(385895)   Pre Evacuate Collection Set: 0.0ms
[2020-12-25T01:13:33.883-0400][gc,phases      ] GC(385895)   Evacuate Collection Set: 3.7ms
[2020-12-25T01:13:33.883-0400][gc,phases      ] GC(385895)   Post Evacuate Collection Set: 1.5ms
[2020-12-25T01:13:33.883-0400][gc,phases      ] GC(385895)   Other: 0.8ms
[2020-12-25T01:13:33.883-0400][gc,heap        ] GC(385895) Eden regions: 10->0(10)
[2020-12-25T01:13:33.883-0400][gc,heap        ] GC(385895) Survivor regions: 1->1(2)
[2020-12-25T01:13:33.883-0400][gc,heap        ] GC(385895) Old regions: 46->46
[2020-12-25T01:13:33.883-0400][gc,heap        ] GC(385895) Humongous regions: 4->4
[2020-12-25T01:13:33.883-0400][gc,metaspace   ] GC(385895) Metaspace: 61028K->61028K(1107968K)
[2020-12-25T01:13:33.883-0400][gc,heap        ] GC(385895) Heap after GC invocations=385871 (full 11272): garbage-first heap   total 71680K, used 48847K [0x0000000083000000, 0x0000000100000000)
[2020-12-25T01:13:33.883-0400][gc,heap        ] GC(385895)   region size 1024K, 1 young (1024K), 1 survivors (1024K)
[2020-12-25T01:13:33.883-0400][gc,heap        ] GC(385895)  Metaspace       used 61028K, capacity 63733K, committed 64768K, reserved 1107968K
[2020-12-25T01:13:33.883-0400][gc,heap        ] GC(385895)   class space    used 5714K, capacity 6561K, committed 6912K, reserved 1048576K
[2020-12-25T01:13:33.883-0400][gc             ] GC(385895) Pause Young (Normal) (G1 Evacuation Pause) 57M->47M(70M) 6.437ms
[2020-12-25T01:13:33.883-0400][gc,cpu         ] GC(385895) User=0.02s Sys=0.00s Real=0.00s
[2020-12-25T01:14:09.256-0400][gc,heap        ] GC(385896) Heap before GC invocations=385871 (full 11272): garbage-first heap   total 71680K, used 59087K [0x0000000083000000, 0x0000000100000000)
[2020-12-25T01:14:09.256-0400][gc,heap        ] GC(385896)   region size 1024K, 11 young (11264K), 1 survivors (1024K)
[2020-12-25T01:14:09.257-0400][gc,heap        ] GC(385896)  Metaspace       used 61028K, capacity 63733K, committed 64768K, reserved 1107968K
[2020-12-25T01:14:09.257-0400][gc,heap        ] GC(385896)   class space    used 5714K, capacity 6561K, committed 6912K, reserved 1048576K
[2020-12-25T01:14:09.257-0400][gc,start       ] GC(385896) Pause Young (Normal) (G1 Evacuation Pause)
[2020-12-25T01:14:09.257-0400][gc,task        ] GC(385896) Using 4 workers of 4 for evacuation
[2020-12-25T01:14:09.263-0400][gc,phases      ] GC(385896)   Pre Evacuate Collection Set: 0.0ms
[2020-12-25T01:14:09.263-0400][gc,phases      ] GC(385896)   Evacuate Collection Set: 3.9ms
[2020-12-25T01:14:09.263-0400][gc,phases      ] GC(385896)   Post Evacuate Collection Set: 1.6ms
[2020-12-25T01:14:09.263-0400][gc,phases      ] GC(385896)   Other: 0.9ms
[2020-12-25T01:14:09.263-0400][gc,heap        ] GC(385896) Eden regions: 10->0(10)
[2020-12-25T01:14:09.263-0400][gc,heap        ] GC(385896) Survivor regions: 1->1(2)
[2020-12-25T01:14:09.263-0400][gc,heap        ] GC(385896) Old regions: 46->46
[2020-12-25T01:14:09.263-0400][gc,heap        ] GC(385896) Humongous regions: 4->4
[2020-12-25T01:14:09.263-0400][gc,metaspace   ] GC(385896) Metaspace: 61028K->61028K(1107968K)
[2020-12-25T01:14:09.263-0400][gc,heap        ] GC(385896) Heap after GC invocations=385872 (full 11272): garbage-first heap   total 71680K, used 48901K [0x0000000083000000, 0x0000000100000000)
[2020-12-25T01:14:09.263-0400][gc,heap        ] GC(385896)   region size 1024K, 1 young (1024K), 1 survivors (1024K)
[2020-12-25T01:14:09.263-0400][gc,heap        ] GC(385896)  Metaspace       used 61028K, capacity 63733K, committed 64768K, reserved 1107968K
[2020-12-25T01:14:09.263-0400][gc,heap        ] GC(385896)   class space    used 5714K, capacity 6561K, committed 6912K, reserved 1048576K
[2020-12-25T01:14:09.264-0400][gc             ] GC(385896) Pause Young (Normal) (G1 Evacuation Pause) 57M->47M(70M) 6.797ms
[2020-12-25T01:14:09.264-0400][gc,cpu         ] GC(385896) User=0.01s Sys=0.01s Real=0.00s
[2020-12-25T01:14:44.347-0400][gc,heap        ] GC(385897) Heap before GC invocations=385872 (full 11272): garbage-first heap   total 71680K, used 59141K [0x0000000083000000, 0x0000000100000000)
[2020-12-25T01:14:44.347-0400][gc,heap        ] GC(385897)   region size 1024K, 11 young (11264K), 1 survivors (1024K)
[2020-12-25T01:14:44.347-0400][gc,heap        ] GC(385897)  Metaspace       used 61028K, capacity 63733K, committed 64768K, reserved 1107968K
[2020-12-25T01:14:44.347-0400][gc,heap        ] GC(385897)   class space    used 5714K, capacity 6561K, committed 6912K, reserved 1048576K
[2020-12-25T01:14:44.348-0400][gc,start       ] GC(385897) Pause Young (Normal) (G1 Evacuation Pause)
[2020-12-25T01:14:44.348-0400][gc,task        ] GC(385897) Using 4 workers of 4 for evacuation
[2020-12-25T01:14:44.354-0400][gc,phases      ] GC(385897)   Pre Evacuate Collection Set: 0.0ms
[2020-12-25T01:14:44.354-0400][gc,phases      ] GC(385897)   Evacuate Collection Set: 3.9ms
[2020-12-25T01:14:44.354-0400][gc,phases      ] GC(385897)   Post Evacuate Collection Set: 2.0ms
[2020-12-25T01:14:44.354-0400][gc,phases      ] GC(385897)   Other: 0.9ms
[2020-12-25T01:14:44.354-0400][gc,heap        ] GC(385897) Eden regions: 10->0(10)
[2020-12-25T01:14:44.354-0400][gc,heap        ] GC(385897) Survivor regions: 1->1(2)
[2020-12-25T01:14:44.354-0400][gc,heap        ] GC(385897) Old regions: 46->46
[2020-12-25T01:14:44.354-0400][gc,heap        ] GC(385897) Humongous regions: 4->4
[2020-12-25T01:14:44.354-0400][gc,metaspace   ] GC(385897) Metaspace: 61028K->61028K(1107968K)
[2020-12-25T01:14:44.355-0400][gc,heap        ] GC(385897) Heap after GC invocations=385873 (full 11272): garbage-first heap   total 71680K, used 48930K [0x0000000083000000, 0x0000000100000000)
[2020-12-25T01:14:44.355-0400][gc,heap        ] GC(385897)   region size 1024K, 1 young (1024K), 1 survivors (1024K)
[2020-12-25T01:14:44.355-0400][gc,heap        ] GC(385897)  Metaspace       used 61028K, capacity 63733K, committed 64768K, reserved 1107968K
[2020-12-25T01:14:44.355-0400][gc,heap        ] GC(385897)   class space    used 5714K, capacity 6561K, committed 6912K, reserved 1048576K
[2020-12-25T01:14:44.355-0400][gc             ] GC(385897) Pause Young (Normal) (G1 Evacuation Pause) 57M->47M(70M) 7.192ms
[2020-12-25T01:14:44.355-0400][gc,cpu         ] GC(385897) User=0.02s Sys=0.00s Real=0.00s
[2020-12-25T01:15:09.945-0400][gc,heap        ] GC(385898) Heap before GC invocations=385873 (full 11272): garbage-first heap   total 71680K, used 58146K [0x0000000083000000, 0x0000000100000000)
[2020-12-25T01:15:09.945-0400][gc,heap        ] GC(385898)   region size 1024K, 11 young (11264K), 1 survivors (1024K)
[2020-12-25T01:15:09.945-0400][gc,heap        ] GC(385898)  Metaspace       used 61028K, capacity 63733K, committed 64768K, reserved 1107968K
[2020-12-25T01:15:09.945-0400][gc,heap        ] GC(385898)   class space    used 5714K, capacity 6561K, committed 6912K, reserved 1048576K
[2020-12-25T01:15:09.945-0400][gc,start       ] GC(385898) Pause Young (Normal) (G1 Evacuation Pause)
[2020-12-25T01:15:09.945-0400][gc,task        ] GC(385898) Using 4 workers of 4 for evacuation
[2020-12-25T01:15:09.952-0400][gc,phases      ] GC(385898)   Pre Evacuate Collection Set: 0.0ms
[2020-12-25T01:15:09.952-0400][gc,phases      ] GC(385898)   Evacuate Collection Set: 4.4ms
[2020-12-25T01:15:09.952-0400][gc,phases      ] GC(385898)   Post Evacuate Collection Set: 1.6ms
[2020-12-25T01:15:09.952-0400][gc,phases      ] GC(385898)   Other: 0.9ms
[2020-12-25T01:15:09.952-0400][gc,heap        ] GC(385898) Eden regions: 10->0(10)
[2020-12-25T01:15:09.952-0400][gc,heap        ] GC(385898) Survivor regions: 1->1(2)
[2020-12-25T01:15:09.952-0400][gc,heap        ] GC(385898) Old regions: 46->46
[2020-12-25T01:15:09.952-0400][gc,heap        ] GC(385898) Humongous regions: 4->4
[2020-12-25T01:15:09.952-0400][gc,metaspace   ] GC(385898) Metaspace: 61028K->61028K(1107968K)
[2020-12-25T01:15:09.952-0400][gc,heap        ] GC(385898) Heap after GC invocations=385874 (full 11272): garbage-first heap   total 71680K, used 48939K [0x0000000083000000, 0x0000000100000000)
[2020-12-25T01:15:09.952-0400][gc,heap        ] GC(385898)   region size 1024K, 1 young (1024K), 1 survivors (1024K)
[2020-12-25T01:15:09.952-0400][gc,heap        ] GC(385898)  Metaspace       used 61028K, capacity 63733K, committed 64768K, reserved 1107968K
[2020-12-25T01:15:09.952-0400][gc,heap        ] GC(385898)   class space    used 5714K, capacity 6561K, committed 6912K, reserved 1048576K
[2020-12-25T01:15:09.952-0400][gc             ] GC(385898) Pause Young (Normal) (G1 Evacuation Pause) 57M->47M(70M) 7.208ms
[2020-12-25T01:15:09.953-0400][gc,cpu         ] GC(385898) User=0.02s Sys=0.00s Real=0.01s
[2020-12-25T01:15:48.272-0400][gc,heap        ] GC(385899) Heap before GC invocations=385874 (full 11272): garbage-first heap   total 71680K, used 58155K [0x0000000083000000, 0x0000000100000000)
[2020-12-25T01:15:48.272-0400][gc,heap        ] GC(385899)   region size 1024K, 11 young (11264K), 1 survivors (1024K)
[2020-12-25T01:15:48.272-0400][gc,heap        ] GC(385899)  Metaspace       used 61028K, capacity 63733K, committed 64768K, reserved 1107968K
[2020-12-25T01:15:48.272-0400][gc,heap        ] GC(385899)   class space    used 5714K, capacity 6561K, committed 6912K, reserved 1048576K
[2020-12-25T01:15:48.272-0400][gc,start       ] GC(385899) Pause Young (Normal) (G1 Evacuation Pause)
[2020-12-25T01:15:48.273-0400][gc,task        ] GC(385899) Using 4 workers of 4 for evacuation
[2020-12-25T01:15:48.279-0400][gc,phases      ] GC(385899)   Pre Evacuate Collection Set: 0.0ms
[2020-12-25T01:15:48.279-0400][gc,phases      ] GC(385899)   Evacuate Collection Set: 3.7ms
[2020-12-25T01:15:48.279-0400][gc,phases      ] GC(385899)   Post Evacuate Collection Set: 2.0ms
[2020-12-25T01:15:48.279-0400][gc,phases      ] GC(385899)   Other: 0.9ms
[2020-12-25T01:15:48.279-0400][gc,heap        ] GC(385899) Eden regions: 10->0(10)
[2020-12-25T01:15:48.279-0400][gc,heap        ] GC(385899) Survivor regions: 1->1(2)
[2020-12-25T01:15:48.279-0400][gc,heap        ] GC(385899) Old regions: 46->46
[2020-12-25T01:15:48.279-0400][gc,heap        ] GC(385899) Humongous regions: 4->4
[2020-12-25T01:15:48.279-0400][gc,metaspace   ] GC(385899) Metaspace: 61028K->61028K(1107968K)
[2020-12-25T01:15:48.279-0400][gc,heap        ] GC(385899) Heap after GC invocations=385875 (full 11272): garbage-first heap   total 71680K, used 48923K [0x0000000083000000, 0x0000000100000000)
[2020-12-25T01:15:48.279-0400][gc,heap        ] GC(385899)   region size 1024K, 1 young (1024K), 1 survivors (1024K)
[2020-12-25T01:15:48.279-0400][gc,heap        ] GC(385899)  Metaspace       used 61028K, capacity 63733K, committed 64768K, reserved 1107968K
[2020-12-25T01:15:48.279-0400][gc,heap        ] GC(385899)   class space    used 5714K, capacity 6561K, committed 6912K, reserved 1048576K
[2020-12-25T01:15:48.279-0400][gc             ] GC(385899) Pause Young (Normal) (G1 Evacuation Pause) 57M->47M(70M) 6.978ms
[2020-12-25T01:15:48.280-0400][gc,cpu         ] GC(385899) User=0.02s Sys=0.01s Real=0.01s
[2020-12-25T01:16:21.559-0400][gc,heap        ] GC(385900) Heap before GC invocations=385875 (full 11272): garbage-first heap   total 71680K, used 59163K [0x0000000083000000, 0x0000000100000000)
[2020-12-25T01:16:21.559-0400][gc,heap        ] GC(385900)   region size 1024K, 11 young (11264K), 1 survivors (1024K)
[2020-12-25T01:16:21.559-0400][gc,heap        ] GC(385900)  Metaspace       used 61028K, capacity 63733K, committed 64768K, reserved 1107968K
[2020-12-25T01:16:21.559-0400][gc,heap        ] GC(385900)   class space    used 5714K, capacity 6561K, committed 6912K, reserved 1048576K
[2020-12-25T01:16:21.559-0400][gc,start       ] GC(385900) Pause Young (Normal) (G1 Evacuation Pause)
[2020-12-25T01:16:21.559-0400][gc,task        ] GC(385900) Using 4 workers of 4 for evacuation
[2020-12-25T01:16:21.566-0400][gc,phases      ] GC(385900)   Pre Evacuate Collection Set: 0.0ms
[2020-12-25T01:16:21.566-0400][gc,phases      ] GC(385900)   Evacuate Collection Set: 3.9ms
[2020-12-25T01:16:21.566-0400][gc,phases      ] GC(385900)   Post Evacuate Collection Set: 1.9ms
[2020-12-25T01:16:21.566-0400][gc,phases      ] GC(385900)   Other: 0.9ms
[2020-12-25T01:16:21.566-0400][gc,heap        ] GC(385900) Eden regions: 10->0(10)
[2020-12-25T01:16:21.566-0400][gc,heap        ] GC(385900) Survivor regions: 1->1(2)
[2020-12-25T01:16:21.566-0400][gc,heap        ] GC(385900) Old regions: 46->46
[2020-12-25T01:16:21.566-0400][gc,heap        ] GC(385900) Humongous regions: 4->4
[2020-12-25T01:16:21.566-0400][gc,metaspace   ] GC(385900) Metaspace: 61028K->61028K(1107968K)
[2020-12-25T01:16:21.566-0400][gc,heap        ] GC(385900) Heap after GC invocations=385876 (full 11272): garbage-first heap   total 71680K, used 48927K [0x0000000083000000, 0x0000000100000000)
[2020-12-25T01:16:21.566-0400][gc,heap        ] GC(385900)   region size 1024K, 1 young (1024K), 1 survivors (1024K)
[2020-12-25T01:16:21.566-0400][gc,heap        ] GC(385900)  Metaspace       used 61028K, capacity 63733K, committed 64768K, reserved 1107968K
[2020-12-25T01:16:21.566-0400][gc,heap        ] GC(385900)   class space    used 5714K, capacity 6561K, committed 6912K, reserved 1048576K
[2020-12-25T01:16:21.567-0400][gc             ] GC(385900) Pause Young (Normal) (G1 Evacuation Pause) 57M->47M(70M) 7.055ms
[2020-12-25T01:16:21.567-0400][gc,cpu         ] GC(385900) User=0.01s Sys=0.01s Real=0.01s
[2020-12-25T01:16:50.924-0400][gc,task        ] GC(385901) Using 3 workers of 4 for full compaction
[2020-12-25T01:16:50.924-0400][gc,start       ] GC(385901) Pause Full (System.gc())
[2020-12-25T01:16:50.924-0400][gc,heap        ] GC(385901) Heap before GC invocations=385876 (full 11272): garbage-first heap   total 71680K, used 55071K [0x0000000083000000, 0x0000000100000000)
[2020-12-25T01:16:50.924-0400][gc,heap        ] GC(385901)   region size 1024K, 9 young (9216K), 1 survivors (1024K)
[2020-12-25T01:16:50.924-0400][gc,heap        ] GC(385901)  Metaspace       used 61028K, capacity 63733K, committed 64768K, reserved 1107968K
[2020-12-25T01:16:50.924-0400][gc,heap        ] GC(385901)   class space    used 5714K, capacity 6561K, committed 6912K, reserved 1048576K
[2020-12-25T01:16:50.927-0400][gc,phases,start] GC(385901) Phase 1: Mark live objects
[2020-12-25T01:16:51.071-0400][gc,stringtable ] GC(385901) Cleaned string and symbol table, strings: 32207 processed, 0 removed, symbols: 131455 processed, 0 removed
[2020-12-25T01:16:51.071-0400][gc,phases      ] GC(385901) Phase 1: Mark live objects 143.987ms
[2020-12-25T01:16:51.071-0400][gc,phases,start] GC(385901) Phase 2: Prepare for compaction
[2020-12-25T01:16:51.101-0400][gc,phases      ] GC(385901) Phase 2: Prepare for compaction 30.449ms
[2020-12-25T01:16:51.101-0400][gc,phases,start] GC(385901) Phase 3: Adjust pointers
[2020-12-25T01:16:51.180-0400][gc,phases      ] GC(385901) Phase 3: Adjust pointers 78.973ms
[2020-12-25T01:16:51.181-0400][gc,phases,start] GC(385901) Phase 4: Compact heap
[2020-12-25T01:16:51.204-0400][gc,phases      ] GC(385901) Phase 4: Compact heap 23.320ms
[2020-12-25T01:16:51.239-0400][gc,heap        ] GC(385901) Eden regions: 8->0(10)
[2020-12-25T01:16:51.240-0400][gc,heap        ] GC(385901) Survivor regions: 1->0(2)
[2020-12-25T01:16:51.240-0400][gc,heap        ] GC(385901) Old regions: 46->47
[2020-12-25T01:16:51.240-0400][gc,heap        ] GC(385901) Humongous regions: 4->4
[2020-12-25T01:16:51.240-0400][gc,metaspace   ] GC(385901) Metaspace: 61028K->61028K(1107968K)
[2020-12-25T01:16:51.240-0400][gc,heap        ] GC(385901) Heap after GC invocations=385877 (full 11273): garbage-first heap   total 71680K, used 48463K [0x0000000083000000, 0x0000000100000000)
[2020-12-25T01:16:51.240-0400][gc,heap        ] GC(385901)   region size 1024K, 0 young (0K), 0 survivors (0K)
[2020-12-25T01:16:51.240-0400][gc,heap        ] GC(385901)  Metaspace       used 61028K, capacity 63733K, committed 64768K, reserved 1107968K
[2020-12-25T01:16:51.240-0400][gc,heap        ] GC(385901)   class space    used 5714K, capacity 6561K, committed 6912K, reserved 1048576K
[2020-12-25T01:16:51.240-0400][gc             ] GC(385901) Pause Full (System.gc()) 55M->47M(70M) 315.698ms
[2020-12-25T01:16:51.240-0400][gc,cpu         ] GC(385901) User=0.84s Sys=0.00s Real=0.32s
[2020-12-25T01:17:20.124-0400][gc,heap        ] GC(385902) Heap before GC invocations=385877 (full 11273): garbage-first heap   total 71680K, used 57679K [0x0000000083000000, 0x0000000100000000)
[2020-12-25T01:17:20.125-0400][gc,heap        ] GC(385902)   region size 1024K, 10 young (10240K), 0 survivors (0K)
[2020-12-25T01:17:20.125-0400][gc,heap        ] GC(385902)  Metaspace       used 61028K, capacity 63733K, committed 64768K, reserved 1107968K
[2020-12-25T01:17:20.125-0400][gc,heap        ] GC(385902)   class space    used 5714K, capacity 6561K, committed 6912K, reserved 1048576K
[2020-12-25T01:17:20.125-0400][gc,start       ] GC(385902) Pause Young (Normal) (G1 Evacuation Pause)
[2020-12-25T01:17:20.125-0400][gc,task        ] GC(385902) Using 4 workers of 4 for evacuation
[2020-12-25T01:17:20.130-0400][gc,phases      ] GC(385902)   Pre Evacuate Collection Set: 0.0ms
[2020-12-25T01:17:20.130-0400][gc,phases      ] GC(385902)   Evacuate Collection Set: 2.8ms
[2020-12-25T01:17:20.130-0400][gc,phases      ] GC(385902)   Post Evacuate Collection Set: 1.7ms
[2020-12-25T01:17:20.130-0400][gc,phases      ] GC(385902)   Other: 1.0ms
[2020-12-25T01:17:20.130-0400][gc,heap        ] GC(385902) Eden regions: 10->0(9)
[2020-12-25T01:17:20.130-0400][gc,heap        ] GC(385902) Survivor regions: 0->1(2)
[2020-12-25T01:17:20.130-0400][gc,heap        ] GC(385902) Old regions: 47->47
[2020-12-25T01:17:20.130-0400][gc,heap        ] GC(385902) Humongous regions: 4->4
[2020-12-25T01:17:20.130-0400][gc,metaspace   ] GC(385902) Metaspace: 61028K->61028K(1107968K)
[2020-12-25T01:17:20.130-0400][gc,heap        ] GC(385902) Heap after GC invocations=385878 (full 11273): garbage-first heap   total 71680K, used 48726K [0x0000000083000000, 0x0000000100000000)
[2020-12-25T01:17:20.131-0400][gc,heap        ] GC(385902)   region size 1024K, 1 young (1024K), 1 survivors (1024K)
[2020-12-25T01:17:20.131-0400][gc,heap        ] GC(385902)  Metaspace       used 61028K, capacity 63733K, committed 64768K, reserved 1107968K
[2020-12-25T01:17:20.131-0400][gc,heap        ] GC(385902)   class space    used 5714K, capacity 6561K, committed 6912K, reserved 1048576K
[2020-12-25T01:17:20.131-0400][gc             ] GC(385902) Pause Young (Normal) (G1 Evacuation Pause) 57M->47M(70M) 5.766ms
[2020-12-25T01:17:20.131-0400][gc,cpu         ] GC(385902) User=0.01s Sys=0.00s Real=0.01s
[2020-12-25T01:17:55.055-0400][gc,heap        ] GC(385903) Heap before GC invocations=385878 (full 11273): garbage-first heap   total 71680K, used 56918K [0x0000000083000000, 0x0000000100000000)
[2020-12-25T01:17:55.055-0400][gc,heap        ] GC(385903)   region size 1024K, 10 young (10240K), 1 survivors (1024K)
[2020-12-25T01:17:55.055-0400][gc,heap        ] GC(385903)  Metaspace       used 61028K, capacity 63733K, committed 64768K, reserved 1107968K
[2020-12-25T01:17:55.055-0400][gc,heap        ] GC(385903)   class space    used 5714K, capacity 6561K, committed 6912K, reserved 1048576K
[2020-12-25T01:17:55.055-0400][gc,start       ] GC(385903) Pause Young (Normal) (G1 Evacuation Pause)
[2020-12-25T01:17:55.055-0400][gc,task        ] GC(385903) Using 4 workers of 4 for evacuation
[2020-12-25T01:17:55.060-0400][gc,phases      ] GC(385903)   Pre Evacuate Collection Set: 0.0ms
[2020-12-25T01:17:55.061-0400][gc,phases      ] GC(385903)   Evacuate Collection Set: 2.7ms
[2020-12-25T01:17:55.061-0400][gc,phases      ] GC(385903)   Post Evacuate Collection Set: 1.8ms
[2020-12-25T01:17:55.061-0400][gc,phases      ] GC(385903)   Other: 0.9ms
[2020-12-25T01:17:55.061-0400][gc,heap        ] GC(385903) Eden regions: 9->0(9)
[2020-12-25T01:17:55.061-0400][gc,heap        ] GC(385903) Survivor regions: 1->1(2)
[2020-12-25T01:17:55.061-0400][gc,heap        ] GC(385903) Old regions: 47->47
[2020-12-25T01:17:55.061-0400][gc,heap        ] GC(385903) Humongous regions: 4->4
[2020-12-25T01:17:55.061-0400][gc,metaspace   ] GC(385903) Metaspace: 61028K->61028K(1107968K)
[2020-12-25T01:17:55.061-0400][gc,heap        ] GC(385903) Heap after GC invocations=385879 (full 11273): garbage-first heap   total 71680K, used 48688K [0x0000000083000000, 0x0000000100000000)
[2020-12-25T01:17:55.061-0400][gc,heap        ] GC(385903)   region size 1024K, 1 young (1024K), 1 survivors (1024K)
[2020-12-25T01:17:55.061-0400][gc,heap        ] GC(385903)  Metaspace       used 61028K, capacity 63733K, committed 64768K, reserved 1107968K
[2020-12-25T01:17:55.061-0400][gc,heap        ] GC(385903)   class space    used 5714K, capacity 6561K, committed 6912K, reserved 1048576K
[2020-12-25T01:17:55.061-0400][gc             ] GC(385903) Pause Young (Normal) (G1 Evacuation Pause) 56M->47M(70M) 5.820ms
[2020-12-25T01:17:55.061-0400][gc,cpu         ] GC(385903) User=0.00s Sys=0.01s Real=0.01s
[2020-12-25T01:18:17.345-0400][gc,heap        ] GC(385904) Heap before GC invocations=385879 (full 11273): garbage-first heap   total 71680K, used 56880K [0x0000000083000000, 0x0000000100000000)
[2020-12-25T01:18:17.345-0400][gc,heap        ] GC(385904)   region size 1024K, 10 young (10240K), 1 survivors (1024K)
[2020-12-25T01:18:17.345-0400][gc,heap        ] GC(385904)  Metaspace       used 61028K, capacity 63733K, committed 64768K, reserved 1107968K
[2020-12-25T01:18:17.345-0400][gc,heap        ] GC(385904)   class space    used 5714K, capacity 6561K, committed 6912K, reserved 1048576K
[2020-12-25T01:18:17.346-0400][gc,start       ] GC(385904) Pause Young (Normal) (G1 Evacuation Pause)
[2020-12-25T01:18:17.346-0400][gc,task        ] GC(385904) Using 4 workers of 4 for evacuation
[2020-12-25T01:18:17.351-0400][gc,phases      ] GC(385904)   Pre Evacuate Collection Set: 0.0ms
[2020-12-25T01:18:17.351-0400][gc,phases      ] GC(385904)   Evacuate Collection Set: 3.2ms
[2020-12-25T01:18:17.351-0400][gc,phases      ] GC(385904)   Post Evacuate Collection Set: 1.6ms
[2020-12-25T01:18:17.351-0400][gc,phases      ] GC(385904)   Other: 0.8ms
[2020-12-25T01:18:17.351-0400][gc,heap        ] GC(385904) Eden regions: 9->0(10)
[2020-12-25T01:18:17.351-0400][gc,heap        ] GC(385904) Survivor regions: 1->1(2)
[2020-12-25T01:18:17.351-0400][gc,heap        ] GC(385904) Old regions: 47->47
[2020-12-25T01:18:17.351-0400][gc,heap        ] GC(385904) Humongous regions: 4->4
[2020-12-25T01:18:17.351-0400][gc,metaspace   ] GC(385904) Metaspace: 61028K->61028K(1107968K)
[2020-12-25T01:18:17.351-0400][gc,heap        ] GC(385904) Heap after GC invocations=385880 (full 11273): garbage-first heap   total 71680K, used 48793K [0x0000000083000000, 0x0000000100000000)
[2020-12-25T01:18:17.351-0400][gc,heap        ] GC(385904)   region size 1024K, 1 young (1024K), 1 survivors (1024K)
[2020-12-25T01:18:17.351-0400][gc,heap        ] GC(385904)  Metaspace       used 61028K, capacity 63733K, committed 64768K, reserved 1107968K
[2020-12-25T01:18:17.352-0400][gc,heap        ] GC(385904)   class space    used 5714K, capacity 6561K, committed 6912K, reserved 1048576K
[2020-12-25T01:18:17.352-0400][gc             ] GC(385904) Pause Young (Normal) (G1 Evacuation Pause) 56M->47M(70M) 6.147ms
[2020-12-25T01:18:17.352-0400][gc,cpu         ] GC(385904) User=0.00s Sys=0.01s Real=0.01s
[2020-12-25T01:18:47.788-0400][gc,heap        ] GC(385905) Heap before GC invocations=385880 (full 11273): garbage-first heap   total 71680K, used 58009K [0x0000000083000000, 0x0000000100000000)
[2020-12-25T01:18:47.789-0400][gc,heap        ] GC(385905)   region size 1024K, 11 young (11264K), 1 survivors (1024K)
[2020-12-25T01:18:47.789-0400][gc,heap        ] GC(385905)  Metaspace       used 61028K, capacity 63733K, committed 64768K, reserved 1107968K
[2020-12-25T01:18:47.789-0400][gc,heap        ] GC(385905)   class space    used 5714K, capacity 6561K, committed 6912K, reserved 1048576K
[2020-12-25T01:18:47.789-0400][gc,start       ] GC(385905) Pause Young (Normal) (G1 Evacuation Pause)
[2020-12-25T01:18:47.789-0400][gc,task        ] GC(385905) Using 4 workers of 4 for evacuation
[2020-12-25T01:18:47.794-0400][gc,phases      ] GC(385905)   Pre Evacuate Collection Set: 0.0ms
[2020-12-25T01:18:47.794-0400][gc,phases      ] GC(385905)   Evacuate Collection Set: 3.0ms
[2020-12-25T01:18:47.794-0400][gc,phases      ] GC(385905)   Post Evacuate Collection Set: 1.5ms
[2020-12-25T01:18:47.794-0400][gc,phases      ] GC(385905)   Other: 0.8ms
[2020-12-25T01:18:47.794-0400][gc,heap        ] GC(385905) Eden regions: 10->0(10)
[2020-12-25T01:18:47.794-0400][gc,heap        ] GC(385905) Survivor regions: 1->1(2)
[2020-12-25T01:18:47.794-0400][gc,heap        ] GC(385905) Old regions: 47->47
[2020-12-25T01:18:47.794-0400][gc,heap        ] GC(385905) Humongous regions: 4->4
[2020-12-25T01:18:47.794-0400][gc,metaspace   ] GC(385905) Metaspace: 61028K->61028K(1107968K)
[2020-12-25T01:18:47.794-0400][gc,heap        ] GC(385905) Heap after GC invocations=385881 (full 11273): garbage-first heap   total 71680K, used 48780K [0x0000000083000000, 0x0000000100000000)
[2020-12-25T01:18:47.794-0400][gc,heap        ] GC(385905)   region size 1024K, 1 young (1024K), 1 survivors (1024K)
[2020-12-25T01:18:47.794-0400][gc,heap        ] GC(385905)  Metaspace       used 61028K, capacity 63733K, committed 64768K, reserved 1107968K
[2020-12-25T01:18:47.794-0400][gc,heap        ] GC(385905)   class space    used 5714K, capacity 6561K, committed 6912K, reserved 1048576K
[2020-12-25T01:18:47.795-0400][gc             ] GC(385905) Pause Young (Normal) (G1 Evacuation Pause) 57M->47M(70M) 5.744ms
[2020-12-25T01:18:47.795-0400][gc,cpu         ] GC(385905) User=0.02s Sys=0.00s Real=0.00s
[2020-12-25T01:19:11.325-0400][gc,heap        ] GC(385906) Heap before GC invocations=385881 (full 11273): garbage-first heap   total 71680K, used 59020K [0x0000000083000000, 0x0000000100000000)
[2020-12-25T01:19:11.325-0400][gc,heap        ] GC(385906)   region size 1024K, 11 young (11264K), 1 survivors (1024K)
[2020-12-25T01:19:11.325-0400][gc,heap        ] GC(385906)  Metaspace       used 61028K, capacity 63733K, committed 64768K, reserved 1107968K
[2020-12-25T01:19:11.325-0400][gc,heap        ] GC(385906)   class space    used 5714K, capacity 6561K, committed 6912K, reserved 1048576K
[2020-12-25T01:19:11.325-0400][gc,start       ] GC(385906) Pause Young (Normal) (G1 Evacuation Pause)
[2020-12-25T01:19:11.325-0400][gc,task        ] GC(385906) Using 4 workers of 4 for evacuation
[2020-12-25T01:19:11.331-0400][gc,phases      ] GC(385906)   Pre Evacuate Collection Set: 0.0ms
[2020-12-25T01:19:11.331-0400][gc,phases      ] GC(385906)   Evacuate Collection Set: 3.8ms
[2020-12-25T01:19:11.331-0400][gc,phases      ] GC(385906)   Post Evacuate Collection Set: 1.6ms
[2020-12-25T01:19:11.331-0400][gc,phases      ] GC(385906)   Other: 0.8ms
[2020-12-25T01:19:11.331-0400][gc,heap        ] GC(385906) Eden regions: 10->0(10)
[2020-12-25T01:19:11.332-0400][gc,heap        ] GC(385906) Survivor regions: 1->1(2)
[2020-12-25T01:19:11.332-0400][gc,heap        ] GC(385906) Old regions: 47->47
[2020-12-25T01:19:11.332-0400][gc,heap        ] GC(385906) Humongous regions: 4->4
[2020-12-25T01:19:11.332-0400][gc,metaspace   ] GC(385906) Metaspace: 61028K->61028K(1107968K)
[2020-12-25T01:19:11.332-0400][gc,heap        ] GC(385906) Heap after GC invocations=385882 (full 11273): garbage-first heap   total 71680K, used 48957K [0x0000000083000000, 0x0000000100000000)
[2020-12-25T01:19:11.332-0400][gc,heap        ] GC(385906)   region size 1024K, 1 young (1024K), 1 survivors (1024K)
[2020-12-25T01:19:11.332-0400][gc,heap        ] GC(385906)  Metaspace       used 61028K, capacity 63733K, committed 64768K, reserved 1107968K
[2020-12-25T01:19:11.332-0400][gc,heap        ] GC(385906)   class space    used 5714K, capacity 6561K, committed 6912K, reserved 1048576K
[2020-12-25T01:19:11.332-0400][gc             ] GC(385906) Pause Young (Normal) (G1 Evacuation Pause) 57M->47M(70M) 6.713ms
[2020-12-25T01:19:11.332-0400][gc,cpu         ] GC(385906) User=0.02s Sys=0.00s Real=0.01s
[2020-12-25T01:19:39.152-0400][gc,heap        ] GC(385907) Heap before GC invocations=385882 (full 11273): garbage-first heap   total 71680K, used 58173K [0x0000000083000000, 0x0000000100000000)
[2020-12-25T01:19:39.152-0400][gc,heap        ] GC(385907)   region size 1024K, 11 young (11264K), 1 survivors (1024K)
[2020-12-25T01:19:39.152-0400][gc,heap        ] GC(385907)  Metaspace       used 61028K, capacity 63733K, committed 64768K, reserved 1107968K
[2020-12-25T01:19:39.152-0400][gc,heap        ] GC(385907)   class space    used 5714K, capacity 6561K, committed 6912K, reserved 1048576K
[2020-12-25T01:19:39.152-0400][gc,start       ] GC(385907) Pause Young (Normal) (G1 Evacuation Pause)
[2020-12-25T01:19:39.152-0400][gc,task        ] GC(385907) Using 4 workers of 4 for evacuation
[2020-12-25T01:19:39.158-0400][gc,phases      ] GC(385907)   Pre Evacuate Collection Set: 0.0ms
[2020-12-25T01:19:39.158-0400][gc,phases      ] GC(385907)   Evacuate Collection Set: 3.6ms
[2020-12-25T01:19:39.159-0400][gc,phases      ] GC(385907)   Post Evacuate Collection Set: 1.8ms
[2020-12-25T01:19:39.159-0400][gc,phases      ] GC(385907)   Other: 0.9ms
[2020-12-25T01:19:39.159-0400][gc,heap        ] GC(385907) Eden regions: 10->0(9)
[2020-12-25T01:19:39.159-0400][gc,heap        ] GC(385907) Survivor regions: 1->1(2)
[2020-12-25T01:19:39.159-0400][gc,heap        ] GC(385907) Old regions: 47->47
[2020-12-25T01:19:39.159-0400][gc,heap        ] GC(385907) Humongous regions: 4->4
[2020-12-25T01:19:39.159-0400][gc,metaspace   ] GC(385907) Metaspace: 61028K->61028K(1107968K)
[2020-12-25T01:19:39.159-0400][gc,heap        ] GC(385907) Heap after GC invocations=385883 (full 11273): garbage-first heap   total 71680K, used 48952K [0x0000000083000000, 0x0000000100000000)
[2020-12-25T01:19:39.159-0400][gc,heap        ] GC(385907)   region size 1024K, 1 young (1024K), 1 survivors (1024K)
[2020-12-25T01:19:39.159-0400][gc,heap        ] GC(385907)  Metaspace       used 61028K, capacity 63733K, committed 64768K, reserved 1107968K
[2020-12-25T01:19:39.159-0400][gc,heap        ] GC(385907)   class space    used 5714K, capacity 6561K, committed 6912K, reserved 1048576K
[2020-12-25T01:19:39.159-0400][gc             ] GC(385907) Pause Young (Normal) (G1 Evacuation Pause) 57M->47M(70M) 6.762ms
[2020-12-25T01:19:39.159-0400][gc,cpu         ] GC(385907) User=0.02s Sys=0.01s Real=0.01s
[2020-12-25T01:20:03.369-0400][gc,heap        ] GC(385908) Heap before GC invocations=385883 (full 11273): garbage-first heap   total 71680K, used 57144K [0x0000000083000000, 0x0000000100000000)
[2020-12-25T01:20:03.369-0400][gc,heap        ] GC(385908)   region size 1024K, 10 young (10240K), 1 survivors (1024K)
[2020-12-25T01:20:03.369-0400][gc,heap        ] GC(385908)  Metaspace       used 61028K, capacity 63733K, committed 64768K, reserved 1107968K
[2020-12-25T01:20:03.369-0400][gc,heap        ] GC(385908)   class space    used 5714K, capacity 6561K, committed 6912K, reserved 1048576K
[2020-12-25T01:20:03.370-0400][gc,start       ] GC(385908) Pause Young (Normal) (G1 Evacuation Pause)
[2020-12-25T01:20:03.370-0400][gc,task        ] GC(385908) Using 4 workers of 4 for evacuation
[2020-12-25T01:20:03.376-0400][gc,phases      ] GC(385908)   Pre Evacuate Collection Set: 0.0ms
[2020-12-25T01:20:03.376-0400][gc,phases      ] GC(385908)   Evacuate Collection Set: 3.7ms
[2020-12-25T01:20:03.376-0400][gc,phases      ] GC(385908)   Post Evacuate Collection Set: 1.8ms
[2020-12-25T01:20:03.376-0400][gc,phases      ] GC(385908)   Other: 1.0ms
[2020-12-25T01:20:03.376-0400][gc,heap        ] GC(385908) Eden regions: 9->0(9)
[2020-12-25T01:20:03.376-0400][gc,heap        ] GC(385908) Survivor regions: 1->1(2)
[2020-12-25T01:20:03.376-0400][gc,heap        ] GC(385908) Old regions: 47->47
[2020-12-25T01:20:03.376-0400][gc,heap        ] GC(385908) Humongous regions: 4->4
[2020-12-25T01:20:03.376-0400][gc,metaspace   ] GC(385908) Metaspace: 61028K->61028K(1107968K)
[2020-12-25T01:20:03.376-0400][gc,heap        ] GC(385908) Heap after GC invocations=385884 (full 11273): garbage-first heap   total 71680K, used 48994K [0x0000000083000000, 0x0000000100000000)
[2020-12-25T01:20:03.376-0400][gc,heap        ] GC(385908)   region size 1024K, 1 young (1024K), 1 survivors (1024K)
[2020-12-25T01:20:03.376-0400][gc,heap        ] GC(385908)  Metaspace       used 61028K, capacity 63733K, committed 64768K, reserved 1107968K
[2020-12-25T01:20:03.376-0400][gc,heap        ] GC(385908)   class space    used 5714K, capacity 6561K, committed 6912K, reserved 1048576K
[2020-12-25T01:20:03.376-0400][gc             ] GC(385908) Pause Young (Normal) (G1 Evacuation Pause) 56M->47M(70M) 6.841ms
[2020-12-25T01:20:03.377-0400][gc,cpu         ] GC(385908) User=0.01s Sys=0.00s Real=0.01s
[2020-12-25T01:20:28.166-0400][gc,heap        ] GC(385909) Heap before GC invocations=385884 (full 11273): garbage-first heap   total 71680K, used 57186K [0x0000000083000000, 0x0000000100000000)
[2020-12-25T01:20:28.166-0400][gc,heap        ] GC(385909)   region size 1024K, 10 young (10240K), 1 survivors (1024K)
[2020-12-25T01:20:28.166-0400][gc,heap        ] GC(385909)  Metaspace       used 61028K, capacity 63733K, committed 64768K, reserved 1107968K
[2020-12-25T01:20:28.166-0400][gc,heap        ] GC(385909)   class space    used 5714K, capacity 6561K, committed 6912K, reserved 1048576K
[2020-12-25T01:20:28.167-0400][gc,start       ] GC(385909) Pause Young (Normal) (G1 Evacuation Pause)
[2020-12-25T01:20:28.167-0400][gc,task        ] GC(385909) Using 4 workers of 4 for evacuation
[2020-12-25T01:20:28.172-0400][gc,phases      ] GC(385909)   Pre Evacuate Collection Set: 0.0ms
[2020-12-25T01:20:28.173-0400][gc,phases      ] GC(385909)   Evacuate Collection Set: 3.8ms
[2020-12-25T01:20:28.173-0400][gc,phases      ] GC(385909)   Post Evacuate Collection Set: 1.6ms
[2020-12-25T01:20:28.173-0400][gc,phases      ] GC(385909)   Other: 0.9ms
[2020-12-25T01:20:28.173-0400][gc,heap        ] GC(385909) Eden regions: 9->0(9)
[2020-12-25T01:20:28.173-0400][gc,heap        ] GC(385909) Survivor regions: 1->1(2)
[2020-12-25T01:20:28.173-0400][gc,heap        ] GC(385909) Old regions: 47->47
[2020-12-25T01:20:28.173-0400][gc,heap        ] GC(385909) Humongous regions: 4->4
[2020-12-25T01:20:28.173-0400][gc,metaspace   ] GC(385909) Metaspace: 61028K->61028K(1107968K)
[2020-12-25T01:20:28.173-0400][gc,heap        ] GC(385909) Heap after GC invocations=385885 (full 11273): garbage-first heap   total 71680K, used 49043K [0x0000000083000000, 0x0000000100000000)
[2020-12-25T01:20:28.173-0400][gc,heap        ] GC(385909)   region size 1024K, 1 young (1024K), 1 survivors (1024K)
[2020-12-25T01:20:28.173-0400][gc,heap        ] GC(385909)  Metaspace       used 61028K, capacity 63733K, committed 64768K, reserved 1107968K
[2020-12-25T01:20:28.173-0400][gc,heap        ] GC(385909)   class space    used 5714K, capacity 6561K, committed 6912K, reserved 1048576K
[2020-12-25T01:20:28.173-0400][gc             ] GC(385909) Pause Young (Normal) (G1 Evacuation Pause) 56M->47M(70M) 6.690ms
[2020-12-25T01:20:28.173-0400][gc,cpu         ] GC(385909) User=0.01s Sys=0.01s Real=0.00s
[2020-12-25T01:21:00.020-0400][gc,heap        ] GC(385910) Heap before GC invocations=385885 (full 11273): garbage-first heap   total 71680K, used 57235K [0x0000000083000000, 0x0000000100000000)
[2020-12-25T01:21:00.020-0400][gc,heap        ] GC(385910)   region size 1024K, 10 young (10240K), 1 survivors (1024K)
[2020-12-25T01:21:00.020-0400][gc,heap        ] GC(385910)  Metaspace       used 61028K, capacity 63733K, committed 64768K, reserved 1107968K
[2020-12-25T01:21:00.020-0400][gc,heap        ] GC(385910)   class space    used 5714K, capacity 6561K, committed 6912K, reserved 1048576K
[2020-12-25T01:21:00.020-0400][gc,start       ] GC(385910) Pause Young (Normal) (G1 Evacuation Pause)
[2020-12-25T01:21:00.020-0400][gc,task        ] GC(385910) Using 4 workers of 4 for evacuation
[2020-12-25T01:21:00.026-0400][gc,phases      ] GC(385910)   Pre Evacuate Collection Set: 0.0ms
[2020-12-25T01:21:00.026-0400][gc,phases      ] GC(385910)   Evacuate Collection Set: 3.7ms
[2020-12-25T01:21:00.026-0400][gc,phases      ] GC(385910)   Post Evacuate Collection Set: 1.4ms
[2020-12-25T01:21:00.026-0400][gc,phases      ] GC(385910)   Other: 0.9ms
[2020-12-25T01:21:00.026-0400][gc,heap        ] GC(385910) Eden regions: 9->0(9)
[2020-12-25T01:21:00.026-0400][gc,heap        ] GC(385910) Survivor regions: 1->1(2)
[2020-12-25T01:21:00.026-0400][gc,heap        ] GC(385910) Old regions: 47->47
[2020-12-25T01:21:00.027-0400][gc,heap        ] GC(385910) Humongous regions: 4->4
[2020-12-25T01:21:00.027-0400][gc,metaspace   ] GC(385910) Metaspace: 61028K->61028K(1107968K)
[2020-12-25T01:21:00.027-0400][gc,heap        ] GC(385910) Heap after GC invocations=385886 (full 11273): garbage-first heap   total 71680K, used 48925K [0x0000000083000000, 0x0000000100000000)
[2020-12-25T01:21:00.027-0400][gc,heap        ] GC(385910)   region size 1024K, 1 young (1024K), 1 survivors (1024K)
[2020-12-25T01:21:00.027-0400][gc,heap        ] GC(385910)  Metaspace       used 61028K, capacity 63733K, committed 64768K, reserved 1107968K
[2020-12-25T01:21:00.027-0400][gc,heap        ] GC(385910)   class space    used 5714K, capacity 6561K, committed 6912K, reserved 1048576K
[2020-12-25T01:21:00.027-0400][gc             ] GC(385910) Pause Young (Normal) (G1 Evacuation Pause) 56M->47M(70M) 6.476ms
[2020-12-25T01:21:00.027-0400][gc,cpu         ] GC(385910) User=0.02s Sys=0.00s Real=0.01s
[2020-12-25T01:21:24.283-0400][gc,heap        ] GC(385911) Heap before GC invocations=385886 (full 11273): garbage-first heap   total 71680K, used 57117K [0x0000000083000000, 0x0000000100000000)
[2020-12-25T01:21:24.283-0400][gc,heap        ] GC(385911)   region size 1024K, 10 young (10240K), 1 survivors (1024K)
[2020-12-25T01:21:24.283-0400][gc,heap        ] GC(385911)  Metaspace       used 61028K, capacity 63733K, committed 64768K, reserved 1107968K
[2020-12-25T01:21:24.284-0400][gc,heap        ] GC(385911)   class space    used 5714K, capacity 6561K, committed 6912K, reserved 1048576K
[2020-12-25T01:21:24.284-0400][gc,start       ] GC(385911) Pause Young (Normal) (G1 Evacuation Pause)
[2020-12-25T01:21:24.284-0400][gc,task        ] GC(385911) Using 4 workers of 4 for evacuation
[2020-12-25T01:21:24.290-0400][gc,phases      ] GC(385911)   Pre Evacuate Collection Set: 0.0ms
[2020-12-25T01:21:24.290-0400][gc,phases      ] GC(385911)   Evacuate Collection Set: 3.8ms
[2020-12-25T01:21:24.290-0400][gc,phases      ] GC(385911)   Post Evacuate Collection Set: 1.8ms
[2020-12-25T01:21:24.290-0400][gc,phases      ] GC(385911)   Other: 0.8ms
[2020-12-25T01:21:24.290-0400][gc,heap        ] GC(385911) Eden regions: 9->0(9)
[2020-12-25T01:21:24.290-0400][gc,heap        ] GC(385911) Survivor regions: 1->1(2)
[2020-12-25T01:21:24.290-0400][gc,heap        ] GC(385911) Old regions: 47->47
[2020-12-25T01:21:24.290-0400][gc,heap        ] GC(385911) Humongous regions: 4->4
[2020-12-25T01:21:24.290-0400][gc,metaspace   ] GC(385911) Metaspace: 61028K->61028K(1107968K)
[2020-12-25T01:21:24.290-0400][gc,heap        ] GC(385911) Heap after GC invocations=385887 (full 11273): garbage-first heap   total 71680K, used 48904K [0x0000000083000000, 0x0000000100000000)
[2020-12-25T01:21:24.290-0400][gc,heap        ] GC(385911)   region size 1024K, 1 young (1024K), 1 survivors (1024K)
[2020-12-25T01:21:24.290-0400][gc,heap        ] GC(385911)  Metaspace       used 61028K, capacity 63733K, committed 64768K, reserved 1107968K
[2020-12-25T01:21:24.290-0400][gc,heap        ] GC(385911)   class space    used 5714K, capacity 6561K, committed 6912K, reserved 1048576K
[2020-12-25T01:21:24.291-0400][gc             ] GC(385911) Pause Young (Normal) (G1 Evacuation Pause) 56M->47M(70M) 6.956ms
[2020-12-25T01:21:24.291-0400][gc,cpu         ] GC(385911) User=0.02s Sys=0.00s Real=0.01s
[2020-12-25T01:21:50.923-0400][gc,task        ] GC(385912) Using 3 workers of 4 for full compaction
[2020-12-25T01:21:50.923-0400][gc,start       ] GC(385912) Pause Full (System.gc())
[2020-12-25T01:21:50.923-0400][gc,heap        ] GC(385912) Heap before GC invocations=385887 (full 11273): garbage-first heap   total 71680K, used 55048K [0x0000000083000000, 0x0000000100000000)
[2020-12-25T01:21:50.924-0400][gc,heap        ] GC(385912)   region size 1024K, 9 young (9216K), 1 survivors (1024K)
[2020-12-25T01:21:50.924-0400][gc,heap        ] GC(385912)  Metaspace       used 61028K, capacity 63733K, committed 64768K, reserved 1107968K
[2020-12-25T01:21:50.924-0400][gc,heap        ] GC(385912)   class space    used 5714K, capacity 6561K, committed 6912K, reserved 1048576K
[2020-12-25T01:21:50.926-0400][gc,phases,start] GC(385912) Phase 1: Mark live objects
[2020-12-25T01:21:51.075-0400][gc,stringtable ] GC(385912) Cleaned string and symbol table, strings: 32207 processed, 0 removed, symbols: 131455 processed, 0 removed
[2020-12-25T01:21:51.075-0400][gc,phases      ] GC(385912) Phase 1: Mark live objects 148.773ms
[2020-12-25T01:21:51.075-0400][gc,phases,start] GC(385912) Phase 2: Prepare for compaction
[2020-12-25T01:21:51.105-0400][gc,phases      ] GC(385912) Phase 2: Prepare for compaction 29.565ms
[2020-12-25T01:21:51.105-0400][gc,phases,start] GC(385912) Phase 3: Adjust pointers
[2020-12-25T01:21:51.182-0400][gc,phases      ] GC(385912) Phase 3: Adjust pointers 77.409ms
[2020-12-25T01:21:51.182-0400][gc,phases,start] GC(385912) Phase 4: Compact heap
[2020-12-25T01:21:51.205-0400][gc,phases      ] GC(385912) Phase 4: Compact heap 23.005ms
[2020-12-25T01:21:51.240-0400][gc,heap        ] GC(385912) Eden regions: 8->0(11)
[2020-12-25T01:21:51.240-0400][gc,heap        ] GC(385912) Survivor regions: 1->0(2)
[2020-12-25T01:21:51.240-0400][gc,heap        ] GC(385912) Old regions: 47->45
[2020-12-25T01:21:51.240-0400][gc,heap        ] GC(385912) Humongous regions: 4->4
[2020-12-25T01:21:51.240-0400][gc,metaspace   ] GC(385912) Metaspace: 61028K->61028K(1107968K)
[2020-12-25T01:21:51.240-0400][gc,heap        ] GC(385912) Heap after GC invocations=385888 (full 11274): garbage-first heap   total 71680K, used 48395K [0x0000000083000000, 0x0000000100000000)
[2020-12-25T01:21:51.240-0400][gc,heap        ] GC(385912)   region size 1024K, 0 young (0K), 0 survivors (0K)
[2020-12-25T01:21:51.240-0400][gc,heap        ] GC(385912)  Metaspace       used 61028K, capacity 63733K, committed 64768K, reserved 1107968K
[2020-12-25T01:21:51.240-0400][gc,heap        ] GC(385912)   class space    used 5714K, capacity 6561K, committed 6912K, reserved 1048576K
[2020-12-25T01:21:51.241-0400][gc             ] GC(385912) Pause Full (System.gc()) 55M->47M(70M) 317.069ms
[2020-12-25T01:21:51.241-0400][gc,cpu         ] GC(385912) User=0.53s Sys=0.31s Real=0.32s
[2020-12-25T01:22:16.291-0400][gc,heap        ] GC(385913) Heap before GC invocations=385888 (full 11274): garbage-first heap   total 71680K, used 58635K [0x0000000083000000, 0x0000000100000000)
[2020-12-25T01:22:16.291-0400][gc,heap        ] GC(385913)   region size 1024K, 11 young (11264K), 0 survivors (0K)
[2020-12-25T01:22:16.291-0400][gc,heap        ] GC(385913)  Metaspace       used 61028K, capacity 63733K, committed 64768K, reserved 1107968K
[2020-12-25T01:22:16.291-0400][gc,heap        ] GC(385913)   class space    used 5714K, capacity 6561K, committed 6912K, reserved 1048576K
[2020-12-25T01:22:16.291-0400][gc,start       ] GC(385913) Pause Young (Normal) (G1 Evacuation Pause)
[2020-12-25T01:22:16.292-0400][gc,task        ] GC(385913) Using 4 workers of 4 for evacuation
[2020-12-25T01:22:16.297-0400][gc,phases      ] GC(385913)   Pre Evacuate Collection Set: 0.0ms
[2020-12-25T01:22:16.297-0400][gc,phases      ] GC(385913)   Evacuate Collection Set: 2.8ms
[2020-12-25T01:22:16.297-0400][gc,phases      ] GC(385913)   Post Evacuate Collection Set: 1.8ms
[2020-12-25T01:22:16.297-0400][gc,phases      ] GC(385913)   Other: 1.6ms
[2020-12-25T01:22:16.297-0400][gc,heap        ] GC(385913) Eden regions: 11->0(11)
[2020-12-25T01:22:16.297-0400][gc,heap        ] GC(385913) Survivor regions: 0->1(2)
[2020-12-25T01:22:16.297-0400][gc,heap        ] GC(385913) Old regions: 45->45
[2020-12-25T01:22:16.297-0400][gc,heap        ] GC(385913) Humongous regions: 4->4
[2020-12-25T01:22:16.297-0400][gc,metaspace   ] GC(385913) Metaspace: 61028K->61028K(1107968K)
[2020-12-25T01:22:16.297-0400][gc,heap        ] GC(385913) Heap after GC invocations=385889 (full 11274): garbage-first heap   total 71680K, used 48669K [0x0000000083000000, 0x0000000100000000)
[2020-12-25T01:22:16.297-0400][gc,heap        ] GC(385913)   region size 1024K, 1 young (1024K), 1 survivors (1024K)
[2020-12-25T01:22:16.297-0400][gc,heap        ] GC(385913)  Metaspace       used 61028K, capacity 63733K, committed 64768K, reserved 1107968K
[2020-12-25T01:22:16.298-0400][gc,heap        ] GC(385913)   class space    used 5714K, capacity 6561K, committed 6912K, reserved 1048576K
[2020-12-25T01:22:16.298-0400][gc             ] GC(385913) Pause Young (Normal) (G1 Evacuation Pause) 58M->47M(70M) 6.261ms
[2020-12-25T01:22:16.298-0400][gc,cpu         ] GC(385913) User=0.02s Sys=0.00s Real=0.01s
[2020-12-25T01:22:54.956-0400][gc,heap        ] GC(385914) Heap before GC invocations=385889 (full 11274): garbage-first heap   total 71680K, used 58909K [0x0000000083000000, 0x0000000100000000)
[2020-12-25T01:22:54.957-0400][gc,heap        ] GC(385914)   region size 1024K, 12 young (12288K), 1 survivors (1024K)
[2020-12-25T01:22:54.957-0400][gc,heap        ] GC(385914)  Metaspace       used 61028K, capacity 63733K, committed 64768K, reserved 1107968K
[2020-12-25T01:22:54.957-0400][gc,heap        ] GC(385914)   class space    used 5714K, capacity 6561K, committed 6912K, reserved 1048576K
[2020-12-25T01:22:54.957-0400][gc,start       ] GC(385914) Pause Young (Normal) (G1 Evacuation Pause)
[2020-12-25T01:22:54.957-0400][gc,task        ] GC(385914) Using 4 workers of 4 for evacuation
[2020-12-25T01:22:54.962-0400][gc,phases      ] GC(385914)   Pre Evacuate Collection Set: 0.0ms
[2020-12-25T01:22:54.962-0400][gc,phases      ] GC(385914)   Evacuate Collection Set: 3.1ms
[2020-12-25T01:22:54.962-0400][gc,phases      ] GC(385914)   Post Evacuate Collection Set: 1.4ms
[2020-12-25T01:22:54.962-0400][gc,phases      ] GC(385914)   Other: 1.0ms
[2020-12-25T01:22:54.962-0400][gc,heap        ] GC(385914) Eden regions: 11->0(11)
[2020-12-25T01:22:54.962-0400][gc,heap        ] GC(385914) Survivor regions: 1->1(2)
[2020-12-25T01:22:54.962-0400][gc,heap        ] GC(385914) Old regions: 45->45
[2020-12-25T01:22:54.962-0400][gc,heap        ] GC(385914) Humongous regions: 4->4
[2020-12-25T01:22:54.962-0400][gc,metaspace   ] GC(385914) Metaspace: 61028K->61028K(1107968K)
[2020-12-25T01:22:54.962-0400][gc,heap        ] GC(385914) Heap after GC invocations=385890 (full 11274): garbage-first heap   total 71680K, used 48699K [0x0000000083000000, 0x0000000100000000)
[2020-12-25T01:22:54.962-0400][gc,heap        ] GC(385914)   region size 1024K, 1 young (1024K), 1 survivors (1024K)
[2020-12-25T01:22:54.962-0400][gc,heap        ] GC(385914)  Metaspace       used 61028K, capacity 63733K, committed 64768K, reserved 1107968K
[2020-12-25T01:22:54.963-0400][gc,heap        ] GC(385914)   class space    used 5714K, capacity 6561K, committed 6912K, reserved 1048576K
[2020-12-25T01:22:54.963-0400][gc             ] GC(385914) Pause Young (Normal) (G1 Evacuation Pause) 58M->47M(70M) 5.918ms
[2020-12-25T01:22:54.963-0400][gc,cpu         ] GC(385914) User=0.02s Sys=0.00s Real=0.00s
[2020-12-25T01:23:18.849-0400][gc,heap        ] GC(385915) Heap before GC invocations=385890 (full 11274): garbage-first heap   total 71680K, used 58939K [0x0000000083000000, 0x0000000100000000)
[2020-12-25T01:23:18.849-0400][gc,heap        ] GC(385915)   region size 1024K, 12 young (12288K), 1 survivors (1024K)
[2020-12-25T01:23:18.849-0400][gc,heap        ] GC(385915)  Metaspace       used 61028K, capacity 63733K, committed 64768K, reserved 1107968K
[2020-12-25T01:23:18.849-0400][gc,heap        ] GC(385915)   class space    used 5714K, capacity 6561K, committed 6912K, reserved 1048576K
[2020-12-25T01:23:18.850-0400][gc,start       ] GC(385915) Pause Young (Normal) (G1 Evacuation Pause)
[2020-12-25T01:23:18.850-0400][gc,task        ] GC(385915) Using 4 workers of 4 for evacuation
[2020-12-25T01:23:18.856-0400][gc,phases      ] GC(385915)   Pre Evacuate Collection Set: 0.0ms
[2020-12-25T01:23:18.856-0400][gc,phases      ] GC(385915)   Evacuate Collection Set: 3.6ms
[2020-12-25T01:23:18.856-0400][gc,phases      ] GC(385915)   Post Evacuate Collection Set: 1.7ms
[2020-12-25T01:23:18.856-0400][gc,phases      ] GC(385915)   Other: 1.1ms
[2020-12-25T01:23:18.856-0400][gc,heap        ] GC(385915) Eden regions: 11->0(11)
[2020-12-25T01:23:18.856-0400][gc,heap        ] GC(385915) Survivor regions: 1->1(2)
[2020-12-25T01:23:18.856-0400][gc,heap        ] GC(385915) Old regions: 45->45
[2020-12-25T01:23:18.856-0400][gc,heap        ] GC(385915) Humongous regions: 4->4
[2020-12-25T01:23:18.856-0400][gc,metaspace   ] GC(385915) Metaspace: 61028K->61028K(1107968K)
[2020-12-25T01:23:18.856-0400][gc,heap        ] GC(385915) Heap after GC invocations=385891 (full 11274): garbage-first heap   total 71680K, used 48808K [0x0000000083000000, 0x0000000100000000)
[2020-12-25T01:23:18.856-0400][gc,heap        ] GC(385915)   region size 1024K, 1 young (1024K), 1 survivors (1024K)
[2020-12-25T01:23:18.856-0400][gc,heap        ] GC(385915)  Metaspace       used 61028K, capacity 63733K, committed 64768K, reserved 1107968K
[2020-12-25T01:23:18.856-0400][gc,heap        ] GC(385915)   class space    used 5714K, capacity 6561K, committed 6912K, reserved 1048576K
[2020-12-25T01:23:18.856-0400][gc             ] GC(385915) Pause Young (Normal) (G1 Evacuation Pause) 58M->47M(70M) 6.631ms
[2020-12-25T01:23:18.856-0400][gc,cpu         ] GC(385915) User=0.01s Sys=0.00s Real=0.01s
[2020-12-25T01:23:59.425-0400][gc,heap        ] GC(385916) Heap before GC invocations=385891 (full 11274): garbage-first heap   total 71680K, used 59048K [0x0000000083000000, 0x0000000100000000)
[2020-12-25T01:23:59.425-0400][gc,heap        ] GC(385916)   region size 1024K, 12 young (12288K), 1 survivors (1024K)
[2020-12-25T01:23:59.425-0400][gc,heap        ] GC(385916)  Metaspace       used 61028K, capacity 63733K, committed 64768K, reserved 1107968K
[2020-12-25T01:23:59.425-0400][gc,heap        ] GC(385916)   class space    used 5714K, capacity 6561K, committed 6912K, reserved 1048576K
[2020-12-25T01:23:59.425-0400][gc,start       ] GC(385916) Pause Young (Normal) (G1 Evacuation Pause)
[2020-12-25T01:23:59.425-0400][gc,task        ] GC(385916) Using 4 workers of 4 for evacuation
[2020-12-25T01:23:59.431-0400][gc,phases      ] GC(385916)   Pre Evacuate Collection Set: 0.0ms
[2020-12-25T01:23:59.431-0400][gc,phases      ] GC(385916)   Evacuate Collection Set: 3.3ms
[2020-12-25T01:23:59.431-0400][gc,phases      ] GC(385916)   Post Evacuate Collection Set: 1.7ms
[2020-12-25T01:23:59.431-0400][gc,phases      ] GC(385916)   Other: 1.0ms
[2020-12-25T01:23:59.431-0400][gc,heap        ] GC(385916) Eden regions: 11->0(11)
[2020-12-25T01:23:59.431-0400][gc,heap        ] GC(385916) Survivor regions: 1->1(2)
[2020-12-25T01:23:59.431-0400][gc,heap        ] GC(385916) Old regions: 45->45
[2020-12-25T01:23:59.431-0400][gc,heap        ] GC(385916) Humongous regions: 4->4
[2020-12-25T01:23:59.431-0400][gc,metaspace   ] GC(385916) Metaspace: 61028K->61028K(1107968K)
[2020-12-25T01:23:59.431-0400][gc,heap        ] GC(385916) Heap after GC invocations=385892 (full 11274): garbage-first heap   total 71680K, used 48741K [0x0000000083000000, 0x0000000100000000)
[2020-12-25T01:23:59.431-0400][gc,heap        ] GC(385916)   region size 1024K, 1 young (1024K), 1 survivors (1024K)
[2020-12-25T01:23:59.431-0400][gc,heap        ] GC(385916)  Metaspace       used 61028K, capacity 63733K, committed 64768K, reserved 1107968K
[2020-12-25T01:23:59.431-0400][gc,heap        ] GC(385916)   class space    used 5714K, capacity 6561K, committed 6912K, reserved 1048576K
[2020-12-25T01:23:59.431-0400][gc             ] GC(385916) Pause Young (Normal) (G1 Evacuation Pause) 58M->47M(70M) 6.403ms
[2020-12-25T01:23:59.432-0400][gc,cpu         ] GC(385916) User=0.01s Sys=0.01s Real=0.01s
[2020-12-25T01:24:28.873-0400][gc,heap        ] GC(385917) Heap before GC invocations=385892 (full 11274): garbage-first heap   total 71680K, used 58981K [0x0000000083000000, 0x0000000100000000)
[2020-12-25T01:24:28.873-0400][gc,heap        ] GC(385917)   region size 1024K, 12 young (12288K), 1 survivors (1024K)
[2020-12-25T01:24:28.873-0400][gc,heap        ] GC(385917)  Metaspace       used 61028K, capacity 63733K, committed 64768K, reserved 1107968K
[2020-12-25T01:24:28.873-0400][gc,heap        ] GC(385917)   class space    used 5714K, capacity 6561K, committed 6912K, reserved 1048576K
[2020-12-25T01:24:28.873-0400][gc,start       ] GC(385917) Pause Young (Normal) (G1 Evacuation Pause)
[2020-12-25T01:24:28.873-0400][gc,task        ] GC(385917) Using 4 workers of 4 for evacuation
[2020-12-25T01:24:28.879-0400][gc,phases      ] GC(385917)   Pre Evacuate Collection Set: 0.0ms
[2020-12-25T01:24:28.879-0400][gc,phases      ] GC(385917)   Evacuate Collection Set: 3.5ms
[2020-12-25T01:24:28.879-0400][gc,phases      ] GC(385917)   Post Evacuate Collection Set: 1.6ms
[2020-12-25T01:24:28.879-0400][gc,phases      ] GC(385917)   Other: 0.9ms
[2020-12-25T01:24:28.879-0400][gc,heap        ] GC(385917) Eden regions: 11->0(11)
[2020-12-25T01:24:28.879-0400][gc,heap        ] GC(385917) Survivor regions: 1->1(2)
[2020-12-25T01:24:28.879-0400][gc,heap        ] GC(385917) Old regions: 45->45
[2020-12-25T01:24:28.879-0400][gc,heap        ] GC(385917) Humongous regions: 4->4
[2020-12-25T01:24:28.879-0400][gc,metaspace   ] GC(385917) Metaspace: 61028K->61028K(1107968K)
[2020-12-25T01:24:28.879-0400][gc,heap        ] GC(385917) Heap after GC invocations=385893 (full 11274): garbage-first heap   total 71680K, used 48845K [0x0000000083000000, 0x0000000100000000)
[2020-12-25T01:24:28.879-0400][gc,heap        ] GC(385917)   region size 1024K, 1 young (1024K), 1 survivors (1024K)
[2020-12-25T01:24:28.879-0400][gc,heap        ] GC(385917)  Metaspace       used 61028K, capacity 63733K, committed 64768K, reserved 1107968K
[2020-12-25T01:24:28.879-0400][gc,heap        ] GC(385917)   class space    used 5714K, capacity 6561K, committed 6912K, reserved 1048576K
[2020-12-25T01:24:28.879-0400][gc             ] GC(385917) Pause Young (Normal) (G1 Evacuation Pause) 58M->47M(70M) 6.429ms
[2020-12-25T01:24:28.880-0400][gc,cpu         ] GC(385917) User=0.01s Sys=0.01s Real=0.01s
[2020-12-25T01:25:00.482-0400][gc,heap        ] GC(385918) Heap before GC invocations=385893 (full 11274): garbage-first heap   total 71680K, used 60109K [0x0000000083000000, 0x0000000100000000)
[2020-12-25T01:25:00.482-0400][gc,heap        ] GC(385918)   region size 1024K, 12 young (12288K), 1 survivors (1024K)
[2020-12-25T01:25:00.482-0400][gc,heap        ] GC(385918)  Metaspace       used 61028K, capacity 63733K, committed 64768K, reserved 1107968K
[2020-12-25T01:25:00.482-0400][gc,heap        ] GC(385918)   class space    used 5714K, capacity 6561K, committed 6912K, reserved 1048576K
[2020-12-25T01:25:00.483-0400][gc,start       ] GC(385918) Pause Young (Normal) (G1 Evacuation Pause)
[2020-12-25T01:25:00.483-0400][gc,task        ] GC(385918) Using 4 workers of 4 for evacuation
[2020-12-25T01:25:00.489-0400][gc,phases      ] GC(385918)   Pre Evacuate Collection Set: 0.0ms
[2020-12-25T01:25:00.489-0400][gc,phases      ] GC(385918)   Evacuate Collection Set: 4.0ms
[2020-12-25T01:25:00.489-0400][gc,phases      ] GC(385918)   Post Evacuate Collection Set: 1.5ms
[2020-12-25T01:25:00.489-0400][gc,phases      ] GC(385918)   Other: 1.0ms
[2020-12-25T01:25:00.489-0400][gc,heap        ] GC(385918) Eden regions: 11->0(11)
[2020-12-25T01:25:00.489-0400][gc,heap        ] GC(385918) Survivor regions: 1->1(2)
[2020-12-25T01:25:00.489-0400][gc,heap        ] GC(385918) Old regions: 45->45
[2020-12-25T01:25:00.489-0400][gc,heap        ] GC(385918) Humongous regions: 4->4
[2020-12-25T01:25:00.489-0400][gc,metaspace   ] GC(385918) Metaspace: 61028K->61028K(1107968K)
[2020-12-25T01:25:00.489-0400][gc,heap        ] GC(385918) Heap after GC invocations=385894 (full 11274): garbage-first heap   total 71680K, used 48968K [0x0000000083000000, 0x0000000100000000)
[2020-12-25T01:25:00.489-0400][gc,heap        ] GC(385918)   region size 1024K, 1 young (1024K), 1 survivors (1024K)
[2020-12-25T01:25:00.489-0400][gc,heap        ] GC(385918)  Metaspace       used 61028K, capacity 63733K, committed 64768K, reserved 1107968K
[2020-12-25T01:25:00.489-0400][gc,heap        ] GC(385918)   class space    used 5714K, capacity 6561K, committed 6912K, reserved 1048576K
[2020-12-25T01:25:00.489-0400][gc             ] GC(385918) Pause Young (Normal) (G1 Evacuation Pause) 58M->47M(70M) 6.889ms
[2020-12-25T01:25:00.490-0400][gc,cpu         ] GC(385918) User=0.02s Sys=0.00s Real=0.01s
[2020-12-25T01:25:33.354-0400][gc,heap        ] GC(385919) Heap before GC invocations=385894 (full 11274): garbage-first heap   total 71680K, used 59208K [0x0000000083000000, 0x0000000100000000)
[2020-12-25T01:25:33.354-0400][gc,heap        ] GC(385919)   region size 1024K, 12 young (12288K), 1 survivors (1024K)
[2020-12-25T01:25:33.354-0400][gc,heap        ] GC(385919)  Metaspace       used 61028K, capacity 63733K, committed 64768K, reserved 1107968K
[2020-12-25T01:25:33.354-0400][gc,heap        ] GC(385919)   class space    used 5714K, capacity 6561K, committed 6912K, reserved 1048576K
[2020-12-25T01:25:33.354-0400][gc,start       ] GC(385919) Pause Young (Normal) (G1 Evacuation Pause)
[2020-12-25T01:25:33.354-0400][gc,task        ] GC(385919) Using 4 workers of 4 for evacuation
[2020-12-25T01:25:33.360-0400][gc,phases      ] GC(385919)   Pre Evacuate Collection Set: 0.0ms
[2020-12-25T01:25:33.360-0400][gc,phases      ] GC(385919)   Evacuate Collection Set: 3.7ms
[2020-12-25T01:25:33.360-0400][gc,phases      ] GC(385919)   Post Evacuate Collection Set: 1.5ms
[2020-12-25T01:25:33.360-0400][gc,phases      ] GC(385919)   Other: 0.9ms
[2020-12-25T01:25:33.360-0400][gc,heap        ] GC(385919) Eden regions: 11->0(11)
[2020-12-25T01:25:33.360-0400][gc,heap        ] GC(385919) Survivor regions: 1->1(2)
[2020-12-25T01:25:33.360-0400][gc,heap        ] GC(385919) Old regions: 45->45
[2020-12-25T01:25:33.360-0400][gc,heap        ] GC(385919) Humongous regions: 4->4
[2020-12-25T01:25:33.360-0400][gc,metaspace   ] GC(385919) Metaspace: 61028K->61028K(1107968K)
[2020-12-25T01:25:33.360-0400][gc,heap        ] GC(385919) Heap after GC invocations=385895 (full 11274): garbage-first heap   total 71680K, used 48915K [0x0000000083000000, 0x0000000100000000)
[2020-12-25T01:25:33.360-0400][gc,heap        ] GC(385919)   region size 1024K, 1 young (1024K), 1 survivors (1024K)
[2020-12-25T01:25:33.360-0400][gc,heap        ] GC(385919)  Metaspace       used 61028K, capacity 63733K, committed 64768K, reserved 1107968K
[2020-12-25T01:25:33.360-0400][gc,heap        ] GC(385919)   class space    used 5714K, capacity 6561K, committed 6912K, reserved 1048576K
[2020-12-25T01:25:33.360-0400][gc             ] GC(385919) Pause Young (Normal) (G1 Evacuation Pause) 58M->47M(70M) 6.443ms
[2020-12-25T01:25:33.361-0400][gc,cpu         ] GC(385919) User=0.02s Sys=0.00s Real=0.01s
[2020-12-25T01:26:07.140-0400][gc,heap        ] GC(385920) Heap before GC invocations=385895 (full 11274): garbage-first heap   total 71680K, used 59155K [0x0000000083000000, 0x0000000100000000)
[2020-12-25T01:26:07.140-0400][gc,heap        ] GC(385920)   region size 1024K, 12 young (12288K), 1 survivors (1024K)
[2020-12-25T01:26:07.140-0400][gc,heap        ] GC(385920)  Metaspace       used 61028K, capacity 63733K, committed 64768K, reserved 1107968K
[2020-12-25T01:26:07.140-0400][gc,heap        ] GC(385920)   class space    used 5714K, capacity 6561K, committed 6912K, reserved 1048576K
[2020-12-25T01:26:07.140-0400][gc,start       ] GC(385920) Pause Young (Normal) (G1 Evacuation Pause)
[2020-12-25T01:26:07.140-0400][gc,task        ] GC(385920) Using 4 workers of 4 for evacuation
[2020-12-25T01:26:07.147-0400][gc,phases      ] GC(385920)   Pre Evacuate Collection Set: 0.0ms
[2020-12-25T01:26:07.147-0400][gc,phases      ] GC(385920)   Evacuate Collection Set: 4.2ms
[2020-12-25T01:26:07.147-0400][gc,phases      ] GC(385920)   Post Evacuate Collection Set: 1.6ms
[2020-12-25T01:26:07.147-0400][gc,phases      ] GC(385920)   Other: 0.9ms
[2020-12-25T01:26:07.147-0400][gc,heap        ] GC(385920) Eden regions: 11->0(11)
[2020-12-25T01:26:07.147-0400][gc,heap        ] GC(385920) Survivor regions: 1->1(2)
[2020-12-25T01:26:07.147-0400][gc,heap        ] GC(385920) Old regions: 45->45
[2020-12-25T01:26:07.147-0400][gc,heap        ] GC(385920) Humongous regions: 4->4
[2020-12-25T01:26:07.147-0400][gc,metaspace   ] GC(385920) Metaspace: 61028K->61028K(1107968K)
[2020-12-25T01:26:07.147-0400][gc,heap        ] GC(385920) Heap after GC invocations=385896 (full 11274): garbage-first heap   total 71680K, used 49039K [0x0000000083000000, 0x0000000100000000)
[2020-12-25T01:26:07.147-0400][gc,heap        ] GC(385920)   region size 1024K, 1 young (1024K), 1 survivors (1024K)
[2020-12-25T01:26:07.147-0400][gc,heap        ] GC(385920)  Metaspace       used 61028K, capacity 63733K, committed 64768K, reserved 1107968K
[2020-12-25T01:26:07.147-0400][gc,heap        ] GC(385920)   class space    used 5714K, capacity 6561K, committed 6912K, reserved 1048576K
[2020-12-25T01:26:07.147-0400][gc             ] GC(385920) Pause Young (Normal) (G1 Evacuation Pause) 58M->47M(70M) 7.077ms
[2020-12-25T01:26:07.148-0400][gc,cpu         ] GC(385920) User=0.01s Sys=0.01s Real=0.01s
[2020-12-25T01:26:43.006-0400][gc,heap        ] GC(385921) Heap before GC invocations=385896 (full 11274): garbage-first heap   total 71680K, used 59279K [0x0000000083000000, 0x0000000100000000)
[2020-12-25T01:26:43.006-0400][gc,heap        ] GC(385921)   region size 1024K, 12 young (12288K), 1 survivors (1024K)
[2020-12-25T01:26:43.006-0400][gc,heap        ] GC(385921)  Metaspace       used 61028K, capacity 63733K, committed 64768K, reserved 1107968K
[2020-12-25T01:26:43.006-0400][gc,heap        ] GC(385921)   class space    used 5714K, capacity 6561K, committed 6912K, reserved 1048576K
[2020-12-25T01:26:43.006-0400][gc,start       ] GC(385921) Pause Young (Normal) (G1 Evacuation Pause)
[2020-12-25T01:26:43.006-0400][gc,task        ] GC(385921) Using 4 workers of 4 for evacuation
[2020-12-25T01:26:43.013-0400][gc,phases      ] GC(385921)   Pre Evacuate Collection Set: 0.1ms
[2020-12-25T01:26:43.013-0400][gc,phases      ] GC(385921)   Evacuate Collection Set: 3.8ms
[2020-12-25T01:26:43.013-0400][gc,phases      ] GC(385921)   Post Evacuate Collection Set: 1.9ms
[2020-12-25T01:26:43.013-0400][gc,phases      ] GC(385921)   Other: 0.9ms
[2020-12-25T01:26:43.013-0400][gc,heap        ] GC(385921) Eden regions: 11->0(11)
[2020-12-25T01:26:43.013-0400][gc,heap        ] GC(385921) Survivor regions: 1->1(2)
[2020-12-25T01:26:43.013-0400][gc,heap        ] GC(385921) Old regions: 45->45
[2020-12-25T01:26:43.013-0400][gc,heap        ] GC(385921) Humongous regions: 4->4
[2020-12-25T01:26:43.013-0400][gc,metaspace   ] GC(385921) Metaspace: 61028K->61028K(1107968K)
[2020-12-25T01:26:43.013-0400][gc,heap        ] GC(385921) Heap after GC invocations=385897 (full 11274): garbage-first heap   total 71680K, used 48997K [0x0000000083000000, 0x0000000100000000)
[2020-12-25T01:26:43.013-0400][gc,heap        ] GC(385921)   region size 1024K, 1 young (1024K), 1 survivors (1024K)
[2020-12-25T01:26:43.013-0400][gc,heap        ] GC(385921)  Metaspace       used 61028K, capacity 63733K, committed 64768K, reserved 1107968K
[2020-12-25T01:26:43.013-0400][gc,heap        ] GC(385921)   class space    used 5714K, capacity 6561K, committed 6912K, reserved 1048576K
[2020-12-25T01:26:43.013-0400][gc             ] GC(385921) Pause Young (Normal) (G1 Evacuation Pause) 58M->47M(70M) 7.090ms
[2020-12-25T01:26:43.014-0400][gc,cpu         ] GC(385921) User=0.01s Sys=0.01s Real=0.00s
[2020-12-25T01:26:50.924-0400][gc,task        ] GC(385922) Using 3 workers of 4 for full compaction
[2020-12-25T01:26:50.924-0400][gc,start       ] GC(385922) Pause Full (System.gc())
[2020-12-25T01:26:50.924-0400][gc,heap        ] GC(385922) Heap before GC invocations=385897 (full 11274): garbage-first heap   total 71680K, used 51045K [0x0000000083000000, 0x0000000100000000)
[2020-12-25T01:26:50.924-0400][gc,heap        ] GC(385922)   region size 1024K, 4 young (4096K), 1 survivors (1024K)
[2020-12-25T01:26:50.924-0400][gc,heap        ] GC(385922)  Metaspace       used 61028K, capacity 63733K, committed 64768K, reserved 1107968K
[2020-12-25T01:26:50.924-0400][gc,heap        ] GC(385922)   class space    used 5714K, capacity 6561K, committed 6912K, reserved 1048576K
[2020-12-25T01:26:50.927-0400][gc,phases,start] GC(385922) Phase 1: Mark live objects
[2020-12-25T01:26:51.072-0400][gc,stringtable ] GC(385922) Cleaned string and symbol table, strings: 32207 processed, 0 removed, symbols: 131455 processed, 0 removed
[2020-12-25T01:26:51.072-0400][gc,phases      ] GC(385922) Phase 1: Mark live objects 145.446ms
[2020-12-25T01:26:51.073-0400][gc,phases,start] GC(385922) Phase 2: Prepare for compaction
[2020-12-25T01:26:51.104-0400][gc,phases      ] GC(385922) Phase 2: Prepare for compaction 31.397ms
[2020-12-25T01:26:51.104-0400][gc,phases,start] GC(385922) Phase 3: Adjust pointers
[2020-12-25T01:26:51.182-0400][gc,phases      ] GC(385922) Phase 3: Adjust pointers 77.949ms
[2020-12-25T01:26:51.182-0400][gc,phases,start] GC(385922) Phase 4: Compact heap
[2020-12-25T01:26:51.204-0400][gc,phases      ] GC(385922) Phase 4: Compact heap 21.534ms
[2020-12-25T01:26:51.240-0400][gc,heap        ] GC(385922) Eden regions: 3->0(11)
[2020-12-25T01:26:51.240-0400][gc,heap        ] GC(385922) Survivor regions: 1->0(2)
[2020-12-25T01:26:51.240-0400][gc,heap        ] GC(385922) Old regions: 45->46
[2020-12-25T01:26:51.240-0400][gc,heap        ] GC(385922) Humongous regions: 4->4
[2020-12-25T01:26:51.240-0400][gc,metaspace   ] GC(385922) Metaspace: 61028K->61028K(1107968K)
[2020-12-25T01:26:51.240-0400][gc,heap        ] GC(385922) Heap after GC invocations=385898 (full 11275): garbage-first heap   total 71680K, used 48472K [0x0000000083000000, 0x0000000100000000)
[2020-12-25T01:26:51.240-0400][gc,heap        ] GC(385922)   region size 1024K, 0 young (0K), 0 survivors (0K)
[2020-12-25T01:26:51.240-0400][gc,heap        ] GC(385922)  Metaspace       used 61028K, capacity 63733K, committed 64768K, reserved 1107968K
[2020-12-25T01:26:51.240-0400][gc,heap        ] GC(385922)   class space    used 5714K, capacity 6561K, committed 6912K, reserved 1048576K
[2020-12-25T01:26:51.240-0400][gc             ] GC(385922) Pause Full (System.gc()) 50M->47M(70M) 315.911ms
[2020-12-25T01:26:51.240-0400][gc,cpu         ] GC(385922) User=0.85s Sys=0.00s Real=0.32s
[2020-12-25T01:27:18.471-0400][gc,heap        ] GC(385923) Heap before GC invocations=385898 (full 11275): garbage-first heap   total 71680K, used 59736K [0x0000000083000000, 0x0000000100000000)
[2020-12-25T01:27:18.471-0400][gc,heap        ] GC(385923)   region size 1024K, 11 young (11264K), 0 survivors (0K)
[2020-12-25T01:27:18.471-0400][gc,heap        ] GC(385923)  Metaspace       used 61028K, capacity 63733K, committed 64768K, reserved 1107968K
[2020-12-25T01:27:18.471-0400][gc,heap        ] GC(385923)   class space    used 5714K, capacity 6561K, committed 6912K, reserved 1048576K
[2020-12-25T01:27:18.471-0400][gc,start       ] GC(385923) Pause Young (Normal) (G1 Evacuation Pause)
[2020-12-25T01:27:18.472-0400][gc,task        ] GC(385923) Using 4 workers of 4 for evacuation
[2020-12-25T01:27:18.477-0400][gc,phases      ] GC(385923)   Pre Evacuate Collection Set: 0.0ms
[2020-12-25T01:27:18.477-0400][gc,phases      ] GC(385923)   Evacuate Collection Set: 3.0ms
[2020-12-25T01:27:18.477-0400][gc,phases      ] GC(385923)   Post Evacuate Collection Set: 2.1ms
[2020-12-25T01:27:18.477-0400][gc,phases      ] GC(385923)   Other: 0.9ms
[2020-12-25T01:27:18.477-0400][gc,heap        ] GC(385923) Eden regions: 11->0(10)
[2020-12-25T01:27:18.477-0400][gc,heap        ] GC(385923) Survivor regions: 0->1(2)
[2020-12-25T01:27:18.477-0400][gc,heap        ] GC(385923) Old regions: 46->46
[2020-12-25T01:27:18.477-0400][gc,heap        ] GC(385923) Humongous regions: 4->4
[2020-12-25T01:27:18.478-0400][gc,metaspace   ] GC(385923) Metaspace: 61028K->61028K(1107968K)
[2020-12-25T01:27:18.478-0400][gc,heap        ] GC(385923) Heap after GC invocations=385899 (full 11275): garbage-first heap   total 71680K, used 48769K [0x0000000083000000, 0x0000000100000000)
[2020-12-25T01:27:18.478-0400][gc,heap        ] GC(385923)   region size 1024K, 1 young (1024K), 1 survivors (1024K)
[2020-12-25T01:27:18.478-0400][gc,heap        ] GC(385923)  Metaspace       used 61028K, capacity 63733K, committed 64768K, reserved 1107968K
[2020-12-25T01:27:18.478-0400][gc,heap        ] GC(385923)   class space    used 5714K, capacity 6561K, committed 6912K, reserved 1048576K
[2020-12-25T01:27:18.478-0400][gc             ] GC(385923) Pause Young (Normal) (G1 Evacuation Pause) 58M->47M(70M) 6.414ms
[2020-12-25T01:27:18.478-0400][gc,cpu         ] GC(385923) User=0.02s Sys=0.00s Real=0.01s
[2020-12-25T01:27:51.144-0400][gc,heap        ] GC(385924) Heap before GC invocations=385899 (full 11275): garbage-first heap   total 71680K, used 57985K [0x0000000083000000, 0x0000000100000000)
[2020-12-25T01:27:51.144-0400][gc,heap        ] GC(385924)   region size 1024K, 11 young (11264K), 1 survivors (1024K)
[2020-12-25T01:27:51.144-0400][gc,heap        ] GC(385924)  Metaspace       used 61028K, capacity 63733K, committed 64768K, reserved 1107968K
[2020-12-25T01:27:51.144-0400][gc,heap        ] GC(385924)   class space    used 5714K, capacity 6561K, committed 6912K, reserved 1048576K
[2020-12-25T01:27:51.144-0400][gc,start       ] GC(385924) Pause Young (Normal) (G1 Evacuation Pause)
[2020-12-25T01:27:51.144-0400][gc,task        ] GC(385924) Using 4 workers of 4 for evacuation
[2020-12-25T01:27:51.149-0400][gc,phases      ] GC(385924)   Pre Evacuate Collection Set: 0.0ms
[2020-12-25T01:27:51.149-0400][gc,phases      ] GC(385924)   Evacuate Collection Set: 2.9ms
[2020-12-25T01:27:51.149-0400][gc,phases      ] GC(385924)   Post Evacuate Collection Set: 1.5ms
[2020-12-25T01:27:51.149-0400][gc,phases      ] GC(385924)   Other: 0.8ms
[2020-12-25T01:27:51.149-0400][gc,heap        ] GC(385924) Eden regions: 10->0(10)
[2020-12-25T01:27:51.149-0400][gc,heap        ] GC(385924) Survivor regions: 1->1(2)
[2020-12-25T01:27:51.149-0400][gc,heap        ] GC(385924) Old regions: 46->46
[2020-12-25T01:27:51.150-0400][gc,heap        ] GC(385924) Humongous regions: 4->4
[2020-12-25T01:27:51.150-0400][gc,metaspace   ] GC(385924) Metaspace: 61028K->61028K(1107968K)
[2020-12-25T01:27:51.150-0400][gc,heap        ] GC(385924) Heap after GC invocations=385900 (full 11275): garbage-first heap   total 71680K, used 48740K [0x0000000083000000, 0x0000000100000000)
[2020-12-25T01:27:51.150-0400][gc,heap        ] GC(385924)   region size 1024K, 1 young (1024K), 1 survivors (1024K)
[2020-12-25T01:27:51.150-0400][gc,heap        ] GC(385924)  Metaspace       used 61028K, capacity 63733K, committed 64768K, reserved 1107968K
[2020-12-25T01:27:51.150-0400][gc,heap        ] GC(385924)   class space    used 5714K, capacity 6561K, committed 6912K, reserved 1048576K
[2020-12-25T01:27:51.150-0400][gc             ] GC(385924) Pause Young (Normal) (G1 Evacuation Pause) 57M->47M(70M) 5.652ms
[2020-12-25T01:27:51.150-0400][gc,cpu         ] GC(385924) User=0.00s Sys=0.01s Real=0.01s
[2020-12-25T01:28:20.559-0400][gc,heap        ] GC(385925) Heap before GC invocations=385900 (full 11275): garbage-first heap   total 71680K, used 57956K [0x0000000083000000, 0x0000000100000000)
[2020-12-25T01:28:20.559-0400][gc,heap        ] GC(385925)   region size 1024K, 11 young (11264K), 1 survivors (1024K)
[2020-12-25T01:28:20.559-0400][gc,heap        ] GC(385925)  Metaspace       used 61028K, capacity 63733K, committed 64768K, reserved 1107968K
[2020-12-25T01:28:20.559-0400][gc,heap        ] GC(385925)   class space    used 5714K, capacity 6561K, committed 6912K, reserved 1048576K
[2020-12-25T01:28:20.559-0400][gc,start       ] GC(385925) Pause Young (Normal) (G1 Evacuation Pause)
[2020-12-25T01:28:20.559-0400][gc,task        ] GC(385925) Using 4 workers of 4 for evacuation
[2020-12-25T01:28:20.566-0400][gc,phases      ] GC(385925)   Pre Evacuate Collection Set: 0.0ms
[2020-12-25T01:28:20.566-0400][gc,phases      ] GC(385925)   Evacuate Collection Set: 4.2ms
[2020-12-25T01:28:20.566-0400][gc,phases      ] GC(385925)   Post Evacuate Collection Set: 2.1ms
[2020-12-25T01:28:20.567-0400][gc,phases      ] GC(385925)   Other: 0.9ms
[2020-12-25T01:28:20.567-0400][gc,heap        ] GC(385925) Eden regions: 10->0(10)
[2020-12-25T01:28:20.567-0400][gc,heap        ] GC(385925) Survivor regions: 1->1(2)
[2020-12-25T01:28:20.567-0400][gc,heap        ] GC(385925) Old regions: 46->46
[2020-12-25T01:28:20.567-0400][gc,heap        ] GC(385925) Humongous regions: 4->4
[2020-12-25T01:28:20.567-0400][gc,metaspace   ] GC(385925) Metaspace: 61028K->61028K(1107968K)
[2020-12-25T01:28:20.567-0400][gc,heap        ] GC(385925) Heap after GC invocations=385901 (full 11275): garbage-first heap   total 71680K, used 48809K [0x0000000083000000, 0x0000000100000000)
[2020-12-25T01:28:20.567-0400][gc,heap        ] GC(385925)   region size 1024K, 1 young (1024K), 1 survivors (1024K)
[2020-12-25T01:28:20.567-0400][gc,heap        ] GC(385925)  Metaspace       used 61028K, capacity 63733K, committed 64768K, reserved 1107968K
[2020-12-25T01:28:20.567-0400][gc,heap        ] GC(385925)   class space    used 5714K, capacity 6561K, committed 6912K, reserved 1048576K
[2020-12-25T01:28:20.567-0400][gc             ] GC(385925) Pause Young (Normal) (G1 Evacuation Pause) 57M->47M(70M) 7.638ms
[2020-12-25T01:28:20.567-0400][gc,cpu         ] GC(385925) User=0.01s Sys=0.00s Real=0.01s
[2020-12-25T01:28:59.426-0400][gc,heap        ] GC(385926) Heap before GC invocations=385901 (full 11275): garbage-first heap   total 71680K, used 58025K [0x0000000083000000, 0x0000000100000000)
[2020-12-25T01:28:59.426-0400][gc,heap        ] GC(385926)   region size 1024K, 11 young (11264K), 1 survivors (1024K)
[2020-12-25T01:28:59.426-0400][gc,heap        ] GC(385926)  Metaspace       used 61028K, capacity 63733K, committed 64768K, reserved 1107968K
[2020-12-25T01:28:59.426-0400][gc,heap        ] GC(385926)   class space    used 5714K, capacity 6561K, committed 6912K, reserved 1048576K
[2020-12-25T01:28:59.426-0400][gc,start       ] GC(385926) Pause Young (Normal) (G1 Evacuation Pause)
[2020-12-25T01:28:59.426-0400][gc,task        ] GC(385926) Using 4 workers of 4 for evacuation
[2020-12-25T01:28:59.431-0400][gc,phases      ] GC(385926)   Pre Evacuate Collection Set: 0.0ms
[2020-12-25T01:28:59.431-0400][gc,phases      ] GC(385926)   Evacuate Collection Set: 3.2ms
[2020-12-25T01:28:59.431-0400][gc,phases      ] GC(385926)   Post Evacuate Collection Set: 1.5ms
[2020-12-25T01:28:59.431-0400][gc,phases      ] GC(385926)   Other: 0.8ms
[2020-12-25T01:28:59.431-0400][gc,heap        ] GC(385926) Eden regions: 10->0(10)
[2020-12-25T01:28:59.431-0400][gc,heap        ] GC(385926) Survivor regions: 1->1(2)
[2020-12-25T01:28:59.431-0400][gc,heap        ] GC(385926) Old regions: 46->46
[2020-12-25T01:28:59.432-0400][gc,heap        ] GC(385926) Humongous regions: 4->4
[2020-12-25T01:28:59.432-0400][gc,metaspace   ] GC(385926) Metaspace: 61028K->61028K(1107968K)
[2020-12-25T01:28:59.432-0400][gc,heap        ] GC(385926) Heap after GC invocations=385902 (full 11275): garbage-first heap   total 71680K, used 48803K [0x0000000083000000, 0x0000000100000000)
[2020-12-25T01:28:59.432-0400][gc,heap        ] GC(385926)   region size 1024K, 1 young (1024K), 1 survivors (1024K)
[2020-12-25T01:28:59.432-0400][gc,heap        ] GC(385926)  Metaspace       used 61028K, capacity 63733K, committed 64768K, reserved 1107968K
[2020-12-25T01:28:59.432-0400][gc,heap        ] GC(385926)   class space    used 5714K, capacity 6561K, committed 6912K, reserved 1048576K
[2020-12-25T01:28:59.432-0400][gc             ] GC(385926) Pause Young (Normal) (G1 Evacuation Pause) 57M->47M(70M) 6.035ms
[2020-12-25T01:28:59.432-0400][gc,cpu         ] GC(385926) User=0.01s Sys=0.00s Real=0.00s
[2020-12-25T01:29:23.894-0400][gc,heap        ] GC(385927) Heap before GC invocations=385902 (full 11275): garbage-first heap   total 71680K, used 58019K [0x0000000083000000, 0x0000000100000000)
[2020-12-25T01:29:23.895-0400][gc,heap        ] GC(385927)   region size 1024K, 11 young (11264K), 1 survivors (1024K)
[2020-12-25T01:29:23.895-0400][gc,heap        ] GC(385927)  Metaspace       used 61028K, capacity 63733K, committed 64768K, reserved 1107968K
[2020-12-25T01:29:23.895-0400][gc,heap        ] GC(385927)   class space    used 5714K, capacity 6561K, committed 6912K, reserved 1048576K
[2020-12-25T01:29:23.895-0400][gc,start       ] GC(385927) Pause Young (Normal) (G1 Evacuation Pause)
[2020-12-25T01:29:23.895-0400][gc,task        ] GC(385927) Using 4 workers of 4 for evacuation
[2020-12-25T01:29:23.900-0400][gc,phases      ] GC(385927)   Pre Evacuate Collection Set: 0.0ms
[2020-12-25T01:29:23.900-0400][gc,phases      ] GC(385927)   Evacuate Collection Set: 3.2ms
[2020-12-25T01:29:23.900-0400][gc,phases      ] GC(385927)   Post Evacuate Collection Set: 1.5ms
[2020-12-25T01:29:23.900-0400][gc,phases      ] GC(385927)   Other: 0.8ms
[2020-12-25T01:29:23.900-0400][gc,heap        ] GC(385927) Eden regions: 10->0(10)
[2020-12-25T01:29:23.900-0400][gc,heap        ] GC(385927) Survivor regions: 1->1(2)
[2020-12-25T01:29:23.900-0400][gc,heap        ] GC(385927) Old regions: 46->46
[2020-12-25T01:29:23.900-0400][gc,heap        ] GC(385927) Humongous regions: 4->4
[2020-12-25T01:29:23.900-0400][gc,metaspace   ] GC(385927) Metaspace: 61028K->61028K(1107968K)
[2020-12-25T01:29:23.900-0400][gc,heap        ] GC(385927) Heap after GC invocations=385903 (full 11275): garbage-first heap   total 71680K, used 48840K [0x0000000083000000, 0x0000000100000000)
[2020-12-25T01:29:23.901-0400][gc,heap        ] GC(385927)   region size 1024K, 1 young (1024K), 1 survivors (1024K)
[2020-12-25T01:29:23.901-0400][gc,heap        ] GC(385927)  Metaspace       used 61028K, capacity 63733K, committed 64768K, reserved 1107968K
[2020-12-25T01:29:23.901-0400][gc,heap        ] GC(385927)   class space    used 5714K, capacity 6561K, committed 6912K, reserved 1048576K
[2020-12-25T01:29:23.901-0400][gc             ] GC(385927) Pause Young (Normal) (G1 Evacuation Pause) 57M->47M(70M) 5.892ms
[2020-12-25T01:29:23.901-0400][gc,cpu         ] GC(385927) User=0.01s Sys=0.00s Real=0.01s
[2020-12-25T01:30:00.004-0400][gc,heap        ] GC(385928) Heap before GC invocations=385903 (full 11275): garbage-first heap   total 71680K, used 59080K [0x0000000083000000, 0x0000000100000000)
[2020-12-25T01:30:00.004-0400][gc,heap        ] GC(385928)   region size 1024K, 11 young (11264K), 1 survivors (1024K)
[2020-12-25T01:30:00.004-0400][gc,heap        ] GC(385928)  Metaspace       used 61028K, capacity 63733K, committed 64768K, reserved 1107968K
[2020-12-25T01:30:00.004-0400][gc,heap        ] GC(385928)   class space    used 5714K, capacity 6561K, committed 6912K, reserved 1048576K
[2020-12-25T01:30:00.004-0400][gc,start       ] GC(385928) Pause Young (Normal) (G1 Evacuation Pause)
[2020-12-25T01:30:00.004-0400][gc,task        ] GC(385928) Using 4 workers of 4 for evacuation
[2020-12-25T01:30:00.010-0400][gc,phases      ] GC(385928)   Pre Evacuate Collection Set: 0.0ms
[2020-12-25T01:30:00.010-0400][gc,phases      ] GC(385928)   Evacuate Collection Set: 3.3ms
[2020-12-25T01:30:00.010-0400][gc,phases      ] GC(385928)   Post Evacuate Collection Set: 1.4ms
[2020-12-25T01:30:00.010-0400][gc,phases      ] GC(385928)   Other: 0.8ms
[2020-12-25T01:30:00.010-0400][gc,heap        ] GC(385928) Eden regions: 10->0(10)
[2020-12-25T01:30:00.010-0400][gc,heap        ] GC(385928) Survivor regions: 1->1(2)
[2020-12-25T01:30:00.010-0400][gc,heap        ] GC(385928) Old regions: 46->46
[2020-12-25T01:30:00.010-0400][gc,heap        ] GC(385928) Humongous regions: 4->4
[2020-12-25T01:30:00.010-0400][gc,metaspace   ] GC(385928) Metaspace: 61028K->61028K(1107968K)
[2020-12-25T01:30:00.010-0400][gc,heap        ] GC(385928) Heap after GC invocations=385904 (full 11275): garbage-first heap   total 71680K, used 48824K [0x0000000083000000, 0x0000000100000000)
[2020-12-25T01:30:00.010-0400][gc,heap        ] GC(385928)   region size 1024K, 1 young (1024K), 1 survivors (1024K)
[2020-12-25T01:30:00.010-0400][gc,heap        ] GC(385928)  Metaspace       used 61028K, capacity 63733K, committed 64768K, reserved 1107968K
[2020-12-25T01:30:00.010-0400][gc,heap        ] GC(385928)   class space    used 5714K, capacity 6561K, committed 6912K, reserved 1048576K
[2020-12-25T01:30:00.010-0400][gc             ] GC(385928) Pause Young (Normal) (G1 Evacuation Pause) 57M->47M(70M) 6.062ms
[2020-12-25T01:30:00.011-0400][gc,cpu         ] GC(385928) User=0.01s Sys=0.00s Real=0.01s
[2020-12-25T01:30:30.543-0400][gc,heap        ] GC(385929) Heap before GC invocations=385904 (full 11275): garbage-first heap   total 71680K, used 58040K [0x0000000083000000, 0x0000000100000000)
[2020-12-25T01:30:30.543-0400][gc,heap        ] GC(385929)   region size 1024K, 11 young (11264K), 1 survivors (1024K)
[2020-12-25T01:30:30.543-0400][gc,heap        ] GC(385929)  Metaspace       used 61028K, capacity 63733K, committed 64768K, reserved 1107968K
[2020-12-25T01:30:30.543-0400][gc,heap        ] GC(385929)   class space    used 5714K, capacity 6561K, committed 6912K, reserved 1048576K
[2020-12-25T01:30:30.543-0400][gc,start       ] GC(385929) Pause Young (Normal) (G1 Evacuation Pause)
[2020-12-25T01:30:30.543-0400][gc,task        ] GC(385929) Using 4 workers of 4 for evacuation
[2020-12-25T01:30:30.549-0400][gc,phases      ] GC(385929)   Pre Evacuate Collection Set: 0.0ms
[2020-12-25T01:30:30.549-0400][gc,phases      ] GC(385929)   Evacuate Collection Set: 3.2ms
[2020-12-25T01:30:30.549-0400][gc,phases      ] GC(385929)   Post Evacuate Collection Set: 1.6ms
[2020-12-25T01:30:30.549-0400][gc,phases      ] GC(385929)   Other: 0.9ms
[2020-12-25T01:30:30.549-0400][gc,heap        ] GC(385929) Eden regions: 10->0(10)
[2020-12-25T01:30:30.549-0400][gc,heap        ] GC(385929) Survivor regions: 1->1(2)
[2020-12-25T01:30:30.549-0400][gc,heap        ] GC(385929) Old regions: 46->46
[2020-12-25T01:30:30.549-0400][gc,heap        ] GC(385929) Humongous regions: 4->4
[2020-12-25T01:30:30.549-0400][gc,metaspace   ] GC(385929) Metaspace: 61028K->61028K(1107968K)
[2020-12-25T01:30:30.549-0400][gc,heap        ] GC(385929) Heap after GC invocations=385905 (full 11275): garbage-first heap   total 71680K, used 48858K [0x0000000083000000, 0x0000000100000000)
[2020-12-25T01:30:30.549-0400][gc,heap        ] GC(385929)   region size 1024K, 1 young (1024K), 1 survivors (1024K)
[2020-12-25T01:30:30.549-0400][gc,heap        ] GC(385929)  Metaspace       used 61028K, capacity 63733K, committed 64768K, reserved 1107968K
[2020-12-25T01:30:30.549-0400][gc,heap        ] GC(385929)   class space    used 5714K, capacity 6561K, committed 6912K, reserved 1048576K
[2020-12-25T01:30:30.550-0400][gc             ] GC(385929) Pause Young (Normal) (G1 Evacuation Pause) 57M->47M(70M) 6.088ms
[2020-12-25T01:30:30.550-0400][gc,cpu         ] GC(385929) User=0.01s Sys=0.01s Real=0.01s
[2020-12-25T01:31:00.025-0400][gc,heap        ] GC(385930) Heap before GC invocations=385905 (full 11275): garbage-first heap   total 71680K, used 58074K [0x0000000083000000, 0x0000000100000000)
[2020-12-25T01:31:00.025-0400][gc,heap        ] GC(385930)   region size 1024K, 11 young (11264K), 1 survivors (1024K)
[2020-12-25T01:31:00.025-0400][gc,heap        ] GC(385930)  Metaspace       used 61028K, capacity 63733K, committed 64768K, reserved 1107968K
[2020-12-25T01:31:00.025-0400][gc,heap        ] GC(385930)   class space    used 5714K, capacity 6561K, committed 6912K, reserved 1048576K
[2020-12-25T01:31:00.025-0400][gc,start       ] GC(385930) Pause Young (Normal) (G1 Evacuation Pause)
[2020-12-25T01:31:00.025-0400][gc,task        ] GC(385930) Using 4 workers of 4 for evacuation
[2020-12-25T01:31:00.031-0400][gc,phases      ] GC(385930)   Pre Evacuate Collection Set: 0.0ms
[2020-12-25T01:31:00.031-0400][gc,phases      ] GC(385930)   Evacuate Collection Set: 3.6ms
[2020-12-25T01:31:00.031-0400][gc,phases      ] GC(385930)   Post Evacuate Collection Set: 1.6ms
[2020-12-25T01:31:00.031-0400][gc,phases      ] GC(385930)   Other: 0.9ms
[2020-12-25T01:31:00.031-0400][gc,heap        ] GC(385930) Eden regions: 10->0(10)
[2020-12-25T01:31:00.031-0400][gc,heap        ] GC(385930) Survivor regions: 1->1(2)
[2020-12-25T01:31:00.031-0400][gc,heap        ] GC(385930) Old regions: 46->46
[2020-12-25T01:31:00.031-0400][gc,heap        ] GC(385930) Humongous regions: 4->4
[2020-12-25T01:31:00.031-0400][gc,metaspace   ] GC(385930) Metaspace: 61028K->61028K(1107968K)
[2020-12-25T01:31:00.031-0400][gc,heap        ] GC(385930) Heap after GC invocations=385906 (full 11275): garbage-first heap   total 71680K, used 48924K [0x0000000083000000, 0x0000000100000000)
[2020-12-25T01:31:00.031-0400][gc,heap        ] GC(385930)   region size 1024K, 1 young (1024K), 1 survivors (1024K)
[2020-12-25T01:31:00.032-0400][gc,heap        ] GC(385930)  Metaspace       used 61028K, capacity 63733K, committed 64768K, reserved 1107968K
[2020-12-25T01:31:00.032-0400][gc,heap        ] GC(385930)   class space    used 5714K, capacity 6561K, committed 6912K, reserved 1048576K
[2020-12-25T01:31:00.032-0400][gc             ] GC(385930) Pause Young (Normal) (G1 Evacuation Pause) 57M->47M(70M) 6.477ms
[2020-12-25T01:31:00.032-0400][gc,cpu         ] GC(385930) User=0.02s Sys=0.00s Real=0.01s
[2020-12-25T01:31:30.653-0400][gc,heap        ] GC(385931) Heap before GC invocations=385906 (full 11275): garbage-first heap   total 71680K, used 58140K [0x0000000083000000, 0x0000000100000000)
[2020-12-25T01:31:30.653-0400][gc,heap        ] GC(385931)   region size 1024K, 11 young (11264K), 1 survivors (1024K)
[2020-12-25T01:31:30.653-0400][gc,heap        ] GC(385931)  Metaspace       used 61028K, capacity 63733K, committed 64768K, reserved 1107968K
[2020-12-25T01:31:30.653-0400][gc,heap        ] GC(385931)   class space    used 5714K, capacity 6561K, committed 6912K, reserved 1048576K
[2020-12-25T01:31:30.653-0400][gc,start       ] GC(385931) Pause Young (Normal) (G1 Evacuation Pause)
[2020-12-25T01:31:30.653-0400][gc,task        ] GC(385931) Using 4 workers of 4 for evacuation
[2020-12-25T01:31:30.659-0400][gc,phases      ] GC(385931)   Pre Evacuate Collection Set: 0.1ms
[2020-12-25T01:31:30.659-0400][gc,phases      ] GC(385931)   Evacuate Collection Set: 3.4ms
[2020-12-25T01:31:30.659-0400][gc,phases      ] GC(385931)   Post Evacuate Collection Set: 1.7ms
[2020-12-25T01:31:30.659-0400][gc,phases      ] GC(385931)   Other: 0.8ms
[2020-12-25T01:31:30.659-0400][gc,heap        ] GC(385931) Eden regions: 10->0(10)
[2020-12-25T01:31:30.659-0400][gc,heap        ] GC(385931) Survivor regions: 1->1(2)
[2020-12-25T01:31:30.659-0400][gc,heap        ] GC(385931) Old regions: 46->46
[2020-12-25T01:31:30.659-0400][gc,heap        ] GC(385931) Humongous regions: 4->4
[2020-12-25T01:31:30.659-0400][gc,metaspace   ] GC(385931) Metaspace: 61028K->61028K(1107968K)
[2020-12-25T01:31:30.660-0400][gc,heap        ] GC(385931) Heap after GC invocations=385907 (full 11275): garbage-first heap   total 71680K, used 48946K [0x0000000083000000, 0x0000000100000000)
[2020-12-25T01:31:30.660-0400][gc,heap        ] GC(385931)   region size 1024K, 1 young (1024K), 1 survivors (1024K)
[2020-12-25T01:31:30.660-0400][gc,heap        ] GC(385931)  Metaspace       used 61028K, capacity 63733K, committed 64768K, reserved 1107968K
[2020-12-25T01:31:30.660-0400][gc,heap        ] GC(385931)   class space    used 5714K, capacity 6561K, committed 6912K, reserved 1048576K
[2020-12-25T01:31:30.660-0400][gc             ] GC(385931) Pause Young (Normal) (G1 Evacuation Pause) 57M->47M(70M) 6.551ms
[2020-12-25T01:31:30.660-0400][gc,cpu         ] GC(385931) User=0.02s Sys=0.00s Real=0.01s
[2020-12-25T01:31:50.923-0400][gc,task        ] GC(385932) Using 3 workers of 4 for full compaction
[2020-12-25T01:31:50.924-0400][gc,start       ] GC(385932) Pause Full (System.gc())
[2020-12-25T01:31:50.924-0400][gc,heap        ] GC(385932) Heap before GC invocations=385907 (full 11275): garbage-first heap   total 71680K, used 55090K [0x0000000083000000, 0x0000000100000000)
[2020-12-25T01:31:50.924-0400][gc,heap        ] GC(385932)   region size 1024K, 8 young (8192K), 1 survivors (1024K)
[2020-12-25T01:31:50.924-0400][gc,heap        ] GC(385932)  Metaspace       used 61028K, capacity 63733K, committed 64768K, reserved 1107968K
[2020-12-25T01:31:50.924-0400][gc,heap        ] GC(385932)   class space    used 5714K, capacity 6561K, committed 6912K, reserved 1048576K
[2020-12-25T01:31:50.926-0400][gc,phases,start] GC(385932) Phase 1: Mark live objects
[2020-12-25T01:31:51.070-0400][gc,stringtable ] GC(385932) Cleaned string and symbol table, strings: 32207 processed, 0 removed, symbols: 131455 processed, 0 removed
[2020-12-25T01:31:51.070-0400][gc,phases      ] GC(385932) Phase 1: Mark live objects 144.108ms
[2020-12-25T01:31:51.070-0400][gc,phases,start] GC(385932) Phase 2: Prepare for compaction
[2020-12-25T01:31:51.100-0400][gc,phases      ] GC(385932) Phase 2: Prepare for compaction 30.075ms
[2020-12-25T01:31:51.101-0400][gc,phases,start] GC(385932) Phase 3: Adjust pointers
[2020-12-25T01:31:51.179-0400][gc,phases      ] GC(385932) Phase 3: Adjust pointers 78.691ms
[2020-12-25T01:31:51.179-0400][gc,phases,start] GC(385932) Phase 4: Compact heap
[2020-12-25T01:31:51.198-0400][gc,phases      ] GC(385932) Phase 4: Compact heap 19.057ms
[2020-12-25T01:31:51.234-0400][gc,heap        ] GC(385932) Eden regions: 7->0(11)
[2020-12-25T01:31:51.235-0400][gc,heap        ] GC(385932) Survivor regions: 1->0(2)
[2020-12-25T01:31:51.235-0400][gc,heap        ] GC(385932) Old regions: 46->46
[2020-12-25T01:31:51.235-0400][gc,heap        ] GC(385932) Humongous regions: 4->4
[2020-12-25T01:31:51.235-0400][gc,metaspace   ] GC(385932) Metaspace: 61028K->61028K(1107968K)
[2020-12-25T01:31:51.235-0400][gc,heap        ] GC(385932) Heap after GC invocations=385908 (full 11276): garbage-first heap   total 71680K, used 48498K [0x0000000083000000, 0x0000000100000000)
[2020-12-25T01:31:51.235-0400][gc,heap        ] GC(385932)   region size 1024K, 0 young (0K), 0 survivors (0K)
[2020-12-25T01:31:51.235-0400][gc,heap        ] GC(385932)  Metaspace       used 61028K, capacity 63733K, committed 64768K, reserved 1107968K
[2020-12-25T01:31:51.235-0400][gc,heap        ] GC(385932)   class space    used 5714K, capacity 6561K, committed 6912K, reserved 1048576K
[2020-12-25T01:31:51.235-0400][gc             ] GC(385932) Pause Full (System.gc()) 54M->47M(70M) 311.389ms
[2020-12-25T01:31:51.235-0400][gc,cpu         ] GC(385932) User=0.51s Sys=0.31s Real=0.31s
[2020-12-25T01:32:16.327-0400][gc,heap        ] GC(385933) Heap before GC invocations=385908 (full 11276): garbage-first heap   total 71680K, used 58738K [0x0000000083000000, 0x0000000100000000)
[2020-12-25T01:32:16.327-0400][gc,heap        ] GC(385933)   region size 1024K, 11 young (11264K), 0 survivors (0K)
[2020-12-25T01:32:16.327-0400][gc,heap        ] GC(385933)  Metaspace       used 61028K, capacity 63733K, committed 64768K, reserved 1107968K
[2020-12-25T01:32:16.327-0400][gc,heap        ] GC(385933)   class space    used 5714K, capacity 6561K, committed 6912K, reserved 1048576K
[2020-12-25T01:32:16.328-0400][gc,start       ] GC(385933) Pause Young (Normal) (G1 Evacuation Pause)
[2020-12-25T01:32:16.328-0400][gc,task        ] GC(385933) Using 4 workers of 4 for evacuation
[2020-12-25T01:32:16.333-0400][gc,phases      ] GC(385933)   Pre Evacuate Collection Set: 0.0ms
[2020-12-25T01:32:16.333-0400][gc,phases      ] GC(385933)   Evacuate Collection Set: 3.2ms
[2020-12-25T01:32:16.333-0400][gc,phases      ] GC(385933)   Post Evacuate Collection Set: 1.8ms
[2020-12-25T01:32:16.333-0400][gc,phases      ] GC(385933)   Other: 0.9ms
[2020-12-25T01:32:16.333-0400][gc,heap        ] GC(385933) Eden regions: 11->0(10)
[2020-12-25T01:32:16.334-0400][gc,heap        ] GC(385933) Survivor regions: 0->1(2)
[2020-12-25T01:32:16.334-0400][gc,heap        ] GC(385933) Old regions: 46->46
[2020-12-25T01:32:16.334-0400][gc,heap        ] GC(385933) Humongous regions: 4->4
[2020-12-25T01:32:16.334-0400][gc,metaspace   ] GC(385933) Metaspace: 61028K->61028K(1107968K)
[2020-12-25T01:32:16.334-0400][gc,heap        ] GC(385933) Heap after GC invocations=385909 (full 11276): garbage-first heap   total 71680K, used 48838K [0x0000000083000000, 0x0000000100000000)
[2020-12-25T01:32:16.334-0400][gc,heap        ] GC(385933)   region size 1024K, 1 young (1024K), 1 survivors (1024K)
[2020-12-25T01:32:16.334-0400][gc,heap        ] GC(385933)  Metaspace       used 61028K, capacity 63733K, committed 64768K, reserved 1107968K
[2020-12-25T01:32:16.334-0400][gc,heap        ] GC(385933)   class space    used 5714K, capacity 6561K, committed 6912K, reserved 1048576K
[2020-12-25T01:32:16.334-0400][gc             ] GC(385933) Pause Young (Normal) (G1 Evacuation Pause) 58M->47M(70M) 6.424ms
[2020-12-25T01:32:16.334-0400][gc,cpu         ] GC(385933) User=0.01s Sys=0.00s Real=0.00s
[2020-12-25T01:32:46.396-0400][gc,heap        ] GC(385934) Heap before GC invocations=385909 (full 11276): garbage-first heap   total 71680K, used 58054K [0x0000000083000000, 0x0000000100000000)
[2020-12-25T01:32:46.396-0400][gc,heap        ] GC(385934)   region size 1024K, 11 young (11264K), 1 survivors (1024K)
[2020-12-25T01:32:46.396-0400][gc,heap        ] GC(385934)  Metaspace       used 61028K, capacity 63733K, committed 64768K, reserved 1107968K
[2020-12-25T01:32:46.396-0400][gc,heap        ] GC(385934)   class space    used 5714K, capacity 6561K, committed 6912K, reserved 1048576K
[2020-12-25T01:32:46.396-0400][gc,start       ] GC(385934) Pause Young (Normal) (G1 Evacuation Pause)
[2020-12-25T01:32:46.396-0400][gc,task        ] GC(385934) Using 4 workers of 4 for evacuation
[2020-12-25T01:32:46.401-0400][gc,phases      ] GC(385934)   Pre Evacuate Collection Set: 0.0ms
[2020-12-25T01:32:46.401-0400][gc,phases      ] GC(385934)   Evacuate Collection Set: 3.2ms
[2020-12-25T01:32:46.402-0400][gc,phases      ] GC(385934)   Post Evacuate Collection Set: 1.8ms
[2020-12-25T01:32:46.402-0400][gc,phases      ] GC(385934)   Other: 0.9ms
[2020-12-25T01:32:46.402-0400][gc,heap        ] GC(385934) Eden regions: 10->0(10)
[2020-12-25T01:32:46.402-0400][gc,heap        ] GC(385934) Survivor regions: 1->1(2)
[2020-12-25T01:32:46.402-0400][gc,heap        ] GC(385934) Old regions: 46->46
[2020-12-25T01:32:46.402-0400][gc,heap        ] GC(385934) Humongous regions: 4->4
[2020-12-25T01:32:46.402-0400][gc,metaspace   ] GC(385934) Metaspace: 61028K->61028K(1107968K)
[2020-12-25T01:32:46.402-0400][gc,heap        ] GC(385934) Heap after GC invocations=385910 (full 11276): garbage-first heap   total 71680K, used 48826K [0x0000000083000000, 0x0000000100000000)
[2020-12-25T01:32:46.402-0400][gc,heap        ] GC(385934)   region size 1024K, 1 young (1024K), 1 survivors (1024K)
[2020-12-25T01:32:46.402-0400][gc,heap        ] GC(385934)  Metaspace       used 61028K, capacity 63733K, committed 64768K, reserved 1107968K
[2020-12-25T01:32:46.402-0400][gc,heap        ] GC(385934)   class space    used 5714K, capacity 6561K, committed 6912K, reserved 1048576K
[2020-12-25T01:32:46.402-0400][gc             ] GC(385934) Pause Young (Normal) (G1 Evacuation Pause) 57M->47M(70M) 6.224ms
[2020-12-25T01:32:46.402-0400][gc,cpu         ] GC(385934) User=0.02s Sys=0.00s Real=0.00s
[2020-12-25T01:33:03.890-0400][gc,heap        ] GC(385935) Heap before GC invocations=385910 (full 11276): garbage-first heap   total 71680K, used 59066K [0x0000000083000000, 0x0000000100000000)
[2020-12-25T01:33:03.890-0400][gc,heap        ] GC(385935)   region size 1024K, 11 young (11264K), 1 survivors (1024K)
[2020-12-25T01:33:03.890-0400][gc,heap        ] GC(385935)  Metaspace       used 61028K, capacity 63733K, committed 64768K, reserved 1107968K
[2020-12-25T01:33:03.890-0400][gc,heap        ] GC(385935)   class space    used 5714K, capacity 6561K, committed 6912K, reserved 1048576K
[2020-12-25T01:33:03.890-0400][gc,start       ] GC(385935) Pause Young (Normal) (G1 Evacuation Pause)
[2020-12-25T01:33:03.890-0400][gc,task        ] GC(385935) Using 4 workers of 4 for evacuation
[2020-12-25T01:33:03.896-0400][gc,phases      ] GC(385935)   Pre Evacuate Collection Set: 0.0ms
[2020-12-25T01:33:03.897-0400][gc,phases      ] GC(385935)   Evacuate Collection Set: 3.9ms
[2020-12-25T01:33:03.897-0400][gc,phases      ] GC(385935)   Post Evacuate Collection Set: 1.6ms
[2020-12-25T01:33:03.897-0400][gc,phases      ] GC(385935)   Other: 0.9ms
[2020-12-25T01:33:03.897-0400][gc,heap        ] GC(385935) Eden regions: 10->0(10)
[2020-12-25T01:33:03.897-0400][gc,heap        ] GC(385935) Survivor regions: 1->1(2)
[2020-12-25T01:33:03.897-0400][gc,heap        ] GC(385935) Old regions: 46->46
[2020-12-25T01:33:03.897-0400][gc,heap        ] GC(385935) Humongous regions: 4->4
[2020-12-25T01:33:03.897-0400][gc,metaspace   ] GC(385935) Metaspace: 61028K->61028K(1107968K)
[2020-12-25T01:33:03.897-0400][gc,heap        ] GC(385935) Heap after GC invocations=385911 (full 11276): garbage-first heap   total 71680K, used 49015K [0x0000000083000000, 0x0000000100000000)
[2020-12-25T01:33:03.897-0400][gc,heap        ] GC(385935)   region size 1024K, 1 young (1024K), 1 survivors (1024K)
[2020-12-25T01:33:03.897-0400][gc,heap        ] GC(385935)  Metaspace       used 61028K, capacity 63733K, committed 64768K, reserved 1107968K
[2020-12-25T01:33:03.897-0400][gc,heap        ] GC(385935)   class space    used 5714K, capacity 6561K, committed 6912K, reserved 1048576K
[2020-12-25T01:33:03.897-0400][gc             ] GC(385935) Pause Young (Normal) (G1 Evacuation Pause) 57M->47M(70M) 6.894ms
[2020-12-25T01:33:03.897-0400][gc,cpu         ] GC(385935) User=0.01s Sys=0.01s Real=0.01s
[2020-12-25T01:33:33.877-0400][gc,heap        ] GC(385936) Heap before GC invocations=385911 (full 11276): garbage-first heap   total 71680K, used 58231K [0x0000000083000000, 0x0000000100000000)
[2020-12-25T01:33:33.877-0400][gc,heap        ] GC(385936)   region size 1024K, 11 young (11264K), 1 survivors (1024K)
[2020-12-25T01:33:33.877-0400][gc,heap        ] GC(385936)  Metaspace       used 61028K, capacity 63733K, committed 64768K, reserved 1107968K
[2020-12-25T01:33:33.877-0400][gc,heap        ] GC(385936)   class space    used 5714K, capacity 6561K, committed 6912K, reserved 1048576K
[2020-12-25T01:33:33.878-0400][gc,start       ] GC(385936) Pause Young (Normal) (G1 Evacuation Pause)
[2020-12-25T01:33:33.878-0400][gc,task        ] GC(385936) Using 4 workers of 4 for evacuation
[2020-12-25T01:33:33.883-0400][gc,phases      ] GC(385936)   Pre Evacuate Collection Set: 0.0ms
[2020-12-25T01:33:33.883-0400][gc,phases      ] GC(385936)   Evacuate Collection Set: 3.5ms
[2020-12-25T01:33:33.883-0400][gc,phases      ] GC(385936)   Post Evacuate Collection Set: 1.5ms
[2020-12-25T01:33:33.883-0400][gc,phases      ] GC(385936)   Other: 0.9ms
[2020-12-25T01:33:33.883-0400][gc,heap        ] GC(385936) Eden regions: 10->0(10)
[2020-12-25T01:33:33.883-0400][gc,heap        ] GC(385936) Survivor regions: 1->1(2)
[2020-12-25T01:33:33.883-0400][gc,heap        ] GC(385936) Old regions: 46->46
[2020-12-25T01:33:33.883-0400][gc,heap        ] GC(385936) Humongous regions: 4->4
[2020-12-25T01:33:33.884-0400][gc,metaspace   ] GC(385936) Metaspace: 61028K->61028K(1107968K)
[2020-12-25T01:33:33.884-0400][gc,heap        ] GC(385936) Heap after GC invocations=385912 (full 11276): garbage-first heap   total 71680K, used 48954K [0x0000000083000000, 0x0000000100000000)
[2020-12-25T01:33:33.884-0400][gc,heap        ] GC(385936)   region size 1024K, 1 young (1024K), 1 survivors (1024K)
[2020-12-25T01:33:33.884-0400][gc,heap        ] GC(385936)  Metaspace       used 61028K, capacity 63733K, committed 64768K, reserved 1107968K
[2020-12-25T01:33:33.884-0400][gc,heap        ] GC(385936)   class space    used 5714K, capacity 6561K, committed 6912K, reserved 1048576K
[2020-12-25T01:33:33.884-0400][gc             ] GC(385936) Pause Young (Normal) (G1 Evacuation Pause) 57M->47M(70M) 6.345ms
[2020-12-25T01:33:33.884-0400][gc,cpu         ] GC(385936) User=0.01s Sys=0.01s Real=0.00s
[2020-12-25T01:34:02.291-0400][gc,heap        ] GC(385937) Heap before GC invocations=385912 (full 11276): garbage-first heap   total 71680K, used 59194K [0x0000000083000000, 0x0000000100000000)
[2020-12-25T01:34:02.291-0400][gc,heap        ] GC(385937)   region size 1024K, 11 young (11264K), 1 survivors (1024K)
[2020-12-25T01:34:02.291-0400][gc,heap        ] GC(385937)  Metaspace       used 61028K, capacity 63733K, committed 64768K, reserved 1107968K
[2020-12-25T01:34:02.291-0400][gc,heap        ] GC(385937)   class space    used 5714K, capacity 6561K, committed 6912K, reserved 1048576K
[2020-12-25T01:34:02.291-0400][gc,start       ] GC(385937) Pause Young (Normal) (G1 Evacuation Pause)
[2020-12-25T01:34:02.292-0400][gc,task        ] GC(385937) Using 4 workers of 4 for evacuation
[2020-12-25T01:34:02.298-0400][gc,phases      ] GC(385937)   Pre Evacuate Collection Set: 0.0ms
[2020-12-25T01:34:02.298-0400][gc,phases      ] GC(385937)   Evacuate Collection Set: 3.9ms
[2020-12-25T01:34:02.298-0400][gc,phases      ] GC(385937)   Post Evacuate Collection Set: 1.7ms
[2020-12-25T01:34:02.298-0400][gc,phases      ] GC(385937)   Other: 1.1ms
[2020-12-25T01:34:02.298-0400][gc,heap        ] GC(385937) Eden regions: 10->0(10)
[2020-12-25T01:34:02.298-0400][gc,heap        ] GC(385937) Survivor regions: 1->1(2)
[2020-12-25T01:34:02.298-0400][gc,heap        ] GC(385937) Old regions: 46->46
[2020-12-25T01:34:02.298-0400][gc,heap        ] GC(385937) Humongous regions: 4->4
[2020-12-25T01:34:02.298-0400][gc,metaspace   ] GC(385937) Metaspace: 61028K->61028K(1107968K)
[2020-12-25T01:34:02.298-0400][gc,heap        ] GC(385937) Heap after GC invocations=385913 (full 11276): garbage-first heap   total 71680K, used 49076K [0x0000000083000000, 0x0000000100000000)
[2020-12-25T01:34:02.298-0400][gc,heap        ] GC(385937)   region size 1024K, 1 young (1024K), 1 survivors (1024K)
[2020-12-25T01:34:02.298-0400][gc,heap        ] GC(385937)  Metaspace       used 61028K, capacity 63733K, committed 64768K, reserved 1107968K
[2020-12-25T01:34:02.298-0400][gc,heap        ] GC(385937)   class space    used 5714K, capacity 6561K, committed 6912K, reserved 1048576K
[2020-12-25T01:34:02.298-0400][gc             ] GC(385937) Pause Young (Normal) (G1 Evacuation Pause) 57M->47M(70M) 6.896ms
[2020-12-25T01:34:02.299-0400][gc,cpu         ] GC(385937) User=0.01s Sys=0.01s Real=0.01s
[2020-12-25T01:34:29.380-0400][gc,heap        ] GC(385938) Heap before GC invocations=385913 (full 11276): garbage-first heap   total 71680K, used 58292K [0x0000000083000000, 0x0000000100000000)
[2020-12-25T01:34:29.381-0400][gc,heap        ] GC(385938)   region size 1024K, 11 young (11264K), 1 survivors (1024K)
[2020-12-25T01:34:29.381-0400][gc,heap        ] GC(385938)  Metaspace       used 61028K, capacity 63733K, committed 64768K, reserved 1107968K
[2020-12-25T01:34:29.381-0400][gc,heap        ] GC(385938)   class space    used 5714K, capacity 6561K, committed 6912K, reserved 1048576K
[2020-12-25T01:34:29.381-0400][gc,start       ] GC(385938) Pause Young (Normal) (G1 Evacuation Pause)
[2020-12-25T01:34:29.381-0400][gc,task        ] GC(385938) Using 4 workers of 4 for evacuation
[2020-12-25T01:34:29.387-0400][gc,phases      ] GC(385938)   Pre Evacuate Collection Set: 0.0ms
[2020-12-25T01:34:29.387-0400][gc,phases      ] GC(385938)   Evacuate Collection Set: 3.7ms
[2020-12-25T01:34:29.387-0400][gc,phases      ] GC(385938)   Post Evacuate Collection Set: 1.6ms
[2020-12-25T01:34:29.387-0400][gc,phases      ] GC(385938)   Other: 0.9ms
[2020-12-25T01:34:29.387-0400][gc,heap        ] GC(385938) Eden regions: 10->0(10)
[2020-12-25T01:34:29.387-0400][gc,heap        ] GC(385938) Survivor regions: 1->1(2)
[2020-12-25T01:34:29.387-0400][gc,heap        ] GC(385938) Old regions: 46->46
[2020-12-25T01:34:29.387-0400][gc,heap        ] GC(385938) Humongous regions: 4->4
[2020-12-25T01:34:29.387-0400][gc,metaspace   ] GC(385938) Metaspace: 61028K->61028K(1107968K)
[2020-12-25T01:34:29.387-0400][gc,heap        ] GC(385938) Heap after GC invocations=385914 (full 11276): garbage-first heap   total 71680K, used 49028K [0x0000000083000000, 0x0000000100000000)
[2020-12-25T01:34:29.387-0400][gc,heap        ] GC(385938)   region size 1024K, 1 young (1024K), 1 survivors (1024K)
[2020-12-25T01:34:29.387-0400][gc,heap        ] GC(385938)  Metaspace       used 61028K, capacity 63733K, committed 64768K, reserved 1107968K
[2020-12-25T01:34:29.387-0400][gc,heap        ] GC(385938)   class space    used 5714K, capacity 6561K, committed 6912K, reserved 1048576K
[2020-12-25T01:34:29.387-0400][gc             ] GC(385938) Pause Young (Normal) (G1 Evacuation Pause) 57M->47M(70M) 6.704ms
[2020-12-25T01:34:29.388-0400][gc,cpu         ] GC(385938) User=0.02s Sys=0.00s Real=0.01s
[2020-12-25T01:35:02.944-0400][gc,heap        ] GC(385939) Heap before GC invocations=385914 (full 11276): garbage-first heap   total 71680K, used 58244K [0x0000000083000000, 0x0000000100000000)
[2020-12-25T01:35:02.944-0400][gc,heap        ] GC(385939)   region size 1024K, 11 young (11264K), 1 survivors (1024K)
[2020-12-25T01:35:02.944-0400][gc,heap        ] GC(385939)  Metaspace       used 61028K, capacity 63733K, committed 64768K, reserved 1107968K
[2020-12-25T01:35:02.944-0400][gc,heap        ] GC(385939)   class space    used 5714K, capacity 6561K, committed 6912K, reserved 1048576K
[2020-12-25T01:35:02.944-0400][gc,start       ] GC(385939) Pause Young (Normal) (G1 Evacuation Pause)
[2020-12-25T01:35:02.944-0400][gc,task        ] GC(385939) Using 4 workers of 4 for evacuation
[2020-12-25T01:35:02.950-0400][gc,phases      ] GC(385939)   Pre Evacuate Collection Set: 0.0ms
[2020-12-25T01:35:02.950-0400][gc,phases      ] GC(385939)   Evacuate Collection Set: 3.7ms
[2020-12-25T01:35:02.950-0400][gc,phases      ] GC(385939)   Post Evacuate Collection Set: 1.6ms
[2020-12-25T01:35:02.950-0400][gc,phases      ] GC(385939)   Other: 0.8ms
[2020-12-25T01:35:02.950-0400][gc,heap        ] GC(385939) Eden regions: 10->0(10)
[2020-12-25T01:35:02.950-0400][gc,heap        ] GC(385939) Survivor regions: 1->1(2)
[2020-12-25T01:35:02.950-0400][gc,heap        ] GC(385939) Old regions: 46->46
[2020-12-25T01:35:02.950-0400][gc,heap        ] GC(385939) Humongous regions: 4->4
[2020-12-25T01:35:02.950-0400][gc,metaspace   ] GC(385939) Metaspace: 61028K->61028K(1107968K)
[2020-12-25T01:35:02.950-0400][gc,heap        ] GC(385939) Heap after GC invocations=385915 (full 11276): garbage-first heap   total 71680K, used 49067K [0x0000000083000000, 0x0000000100000000)
[2020-12-25T01:35:02.950-0400][gc,heap        ] GC(385939)   region size 1024K, 1 young (1024K), 1 survivors (1024K)
[2020-12-25T01:35:02.951-0400][gc,heap        ] GC(385939)  Metaspace       used 61028K, capacity 63733K, committed 64768K, reserved 1107968K
[2020-12-25T01:35:02.951-0400][gc,heap        ] GC(385939)   class space    used 5714K, capacity 6561K, committed 6912K, reserved 1048576K
[2020-12-25T01:35:02.951-0400][gc             ] GC(385939) Pause Young (Normal) (G1 Evacuation Pause) 57M->47M(70M) 6.569ms
[2020-12-25T01:35:02.951-0400][gc,cpu         ] GC(385939) User=0.02s Sys=0.00s Real=0.01s
[2020-12-25T01:35:31.720-0400][gc,heap        ] GC(385940) Heap before GC invocations=385915 (full 11276): garbage-first heap   total 71680K, used 58283K [0x0000000083000000, 0x0000000100000000)
[2020-12-25T01:35:31.720-0400][gc,heap        ] GC(385940)   region size 1024K, 11 young (11264K), 1 survivors (1024K)
[2020-12-25T01:35:31.720-0400][gc,heap        ] GC(385940)  Metaspace       used 61028K, capacity 63733K, committed 64768K, reserved 1107968K
[2020-12-25T01:35:31.720-0400][gc,heap        ] GC(385940)   class space    used 5714K, capacity 6561K, committed 6912K, reserved 1048576K
[2020-12-25T01:35:31.720-0400][gc,start       ] GC(385940) Pause Young (Normal) (G1 Evacuation Pause)
[2020-12-25T01:35:31.720-0400][gc,task        ] GC(385940) Using 4 workers of 4 for evacuation
[2020-12-25T01:35:31.727-0400][gc,phases      ] GC(385940)   Pre Evacuate Collection Set: 0.0ms
[2020-12-25T01:35:31.727-0400][gc,phases      ] GC(385940)   Evacuate Collection Set: 4.6ms
[2020-12-25T01:35:31.727-0400][gc,phases      ] GC(385940)   Post Evacuate Collection Set: 1.5ms
[2020-12-25T01:35:31.727-0400][gc,phases      ] GC(385940)   Other: 1.1ms
[2020-12-25T01:35:31.727-0400][gc,heap        ] GC(385940) Eden regions: 10->0(10)
[2020-12-25T01:35:31.728-0400][gc,heap        ] GC(385940) Survivor regions: 1->1(2)
[2020-12-25T01:35:31.728-0400][gc,heap        ] GC(385940) Old regions: 46->46
[2020-12-25T01:35:31.728-0400][gc,heap        ] GC(385940) Humongous regions: 4->4
[2020-12-25T01:35:31.728-0400][gc,metaspace   ] GC(385940) Metaspace: 61028K->61028K(1107968K)
[2020-12-25T01:35:31.728-0400][gc,heap        ] GC(385940) Heap after GC invocations=385916 (full 11276): garbage-first heap   total 71680K, used 49011K [0x0000000083000000, 0x0000000100000000)
[2020-12-25T01:35:31.728-0400][gc,heap        ] GC(385940)   region size 1024K, 1 young (1024K), 1 survivors (1024K)
[2020-12-25T01:35:31.728-0400][gc,heap        ] GC(385940)  Metaspace       used 61028K, capacity 63733K, committed 64768K, reserved 1107968K
[2020-12-25T01:35:31.728-0400][gc,heap        ] GC(385940)   class space    used 5714K, capacity 6561K, committed 6912K, reserved 1048576K
[2020-12-25T01:35:31.728-0400][gc             ] GC(385940) Pause Young (Normal) (G1 Evacuation Pause) 57M->47M(70M) 7.523ms
[2020-12-25T01:35:31.728-0400][gc,cpu         ] GC(385940) User=0.01s Sys=0.01s Real=0.01s
[2020-12-25T01:36:00.026-0400][gc,heap        ] GC(385941) Heap before GC invocations=385916 (full 11276): garbage-first heap   total 71680K, used 58227K [0x0000000083000000, 0x0000000100000000)
[2020-12-25T01:36:00.026-0400][gc,heap        ] GC(385941)   region size 1024K, 11 young (11264K), 1 survivors (1024K)
[2020-12-25T01:36:00.026-0400][gc,heap        ] GC(385941)  Metaspace       used 61028K, capacity 63733K, committed 64768K, reserved 1107968K
[2020-12-25T01:36:00.026-0400][gc,heap        ] GC(385941)   class space    used 5714K, capacity 6561K, committed 6912K, reserved 1048576K
[2020-12-25T01:36:00.026-0400][gc,start       ] GC(385941) Pause Young (Normal) (G1 Evacuation Pause)
[2020-12-25T01:36:00.026-0400][gc,task        ] GC(385941) Using 4 workers of 4 for evacuation
[2020-12-25T01:36:00.033-0400][gc,phases      ] GC(385941)   Pre Evacuate Collection Set: 0.0ms
[2020-12-25T01:36:00.033-0400][gc,phases      ] GC(385941)   Evacuate Collection Set: 4.1ms
[2020-12-25T01:36:00.033-0400][gc,phases      ] GC(385941)   Post Evacuate Collection Set: 1.6ms
[2020-12-25T01:36:00.033-0400][gc,phases      ] GC(385941)   Other: 0.9ms
[2020-12-25T01:36:00.033-0400][gc,heap        ] GC(385941) Eden regions: 10->0(10)
[2020-12-25T01:36:00.033-0400][gc,heap        ] GC(385941) Survivor regions: 1->1(2)
[2020-12-25T01:36:00.033-0400][gc,heap        ] GC(385941) Old regions: 46->46
[2020-12-25T01:36:00.033-0400][gc,heap        ] GC(385941) Humongous regions: 4->4
[2020-12-25T01:36:00.033-0400][gc,metaspace   ] GC(385941) Metaspace: 61028K->61028K(1107968K)
[2020-12-25T01:36:00.033-0400][gc,heap        ] GC(385941) Heap after GC invocations=385917 (full 11276): garbage-first heap   total 71680K, used 49072K [0x0000000083000000, 0x0000000100000000)
[2020-12-25T01:36:00.033-0400][gc,heap        ] GC(385941)   region size 1024K, 1 young (1024K), 1 survivors (1024K)
[2020-12-25T01:36:00.033-0400][gc,heap        ] GC(385941)  Metaspace       used 61028K, capacity 63733K, committed 64768K, reserved 1107968K
[2020-12-25T01:36:00.033-0400][gc,heap        ] GC(385941)   class space    used 5714K, capacity 6561K, committed 6912K, reserved 1048576K
[2020-12-25T01:36:00.033-0400][gc             ] GC(385941) Pause Young (Normal) (G1 Evacuation Pause) 57M->47M(70M) 7.022ms
[2020-12-25T01:36:00.034-0400][gc,cpu         ] GC(385941) User=0.01s Sys=0.01s Real=0.00s
[2020-12-25T01:36:25.684-0400][gc,heap        ] GC(385942) Heap before GC invocations=385917 (full 11276): garbage-first heap   total 71680K, used 59312K [0x0000000083000000, 0x0000000100000000)
[2020-12-25T01:36:25.684-0400][gc,heap        ] GC(385942)   region size 1024K, 11 young (11264K), 1 survivors (1024K)
[2020-12-25T01:36:25.684-0400][gc,heap        ] GC(385942)  Metaspace       used 61028K, capacity 63733K, committed 64768K, reserved 1107968K
[2020-12-25T01:36:25.684-0400][gc,heap        ] GC(385942)   class space    used 5714K, capacity 6561K, committed 6912K, reserved 1048576K
[2020-12-25T01:36:25.684-0400][gc,start       ] GC(385942) Pause Young (Normal) (G1 Evacuation Pause)
[2020-12-25T01:36:25.684-0400][gc,task        ] GC(385942) Using 4 workers of 4 for evacuation
[2020-12-25T01:36:25.691-0400][gc,phases      ] GC(385942)   Pre Evacuate Collection Set: 0.0ms
[2020-12-25T01:36:25.691-0400][gc,phases      ] GC(385942)   Evacuate Collection Set: 3.6ms
[2020-12-25T01:36:25.691-0400][gc,phases      ] GC(385942)   Post Evacuate Collection Set: 2.0ms
[2020-12-25T01:36:25.691-0400][gc,phases      ] GC(385942)   Other: 0.8ms
[2020-12-25T01:36:25.691-0400][gc,heap        ] GC(385942) Eden regions: 10->0(10)
[2020-12-25T01:36:25.691-0400][gc,heap        ] GC(385942) Survivor regions: 1->1(2)
[2020-12-25T01:36:25.691-0400][gc,heap        ] GC(385942) Old regions: 46->46
[2020-12-25T01:36:25.691-0400][gc,heap        ] GC(385942) Humongous regions: 4->4
[2020-12-25T01:36:25.691-0400][gc,metaspace   ] GC(385942) Metaspace: 61028K->61028K(1107968K)
[2020-12-25T01:36:25.691-0400][gc,heap        ] GC(385942) Heap after GC invocations=385918 (full 11276): garbage-first heap   total 71680K, used 49022K [0x0000000083000000, 0x0000000100000000)
[2020-12-25T01:36:25.691-0400][gc,heap        ] GC(385942)   region size 1024K, 1 young (1024K), 1 survivors (1024K)
[2020-12-25T01:36:25.691-0400][gc,heap        ] GC(385942)  Metaspace       used 61028K, capacity 63733K, committed 64768K, reserved 1107968K
[2020-12-25T01:36:25.691-0400][gc,heap        ] GC(385942)   class space    used 5714K, capacity 6561K, committed 6912K, reserved 1048576K
[2020-12-25T01:36:25.691-0400][gc             ] GC(385942) Pause Young (Normal) (G1 Evacuation Pause) 57M->47M(70M) 6.936ms
[2020-12-25T01:36:25.691-0400][gc,cpu         ] GC(385942) User=0.02s Sys=0.00s Real=0.01s
[2020-12-25T01:36:50.923-0400][gc,task        ] GC(385943) Using 3 workers of 4 for full compaction
[2020-12-25T01:36:50.924-0400][gc,start       ] GC(385943) Pause Full (System.gc())
[2020-12-25T01:36:50.924-0400][gc,heap        ] GC(385943) Heap before GC invocations=385918 (full 11276): garbage-first heap   total 71680K, used 56190K [0x0000000083000000, 0x0000000100000000)
[2020-12-25T01:36:50.924-0400][gc,heap        ] GC(385943)   region size 1024K, 9 young (9216K), 1 survivors (1024K)
[2020-12-25T01:36:50.924-0400][gc,heap        ] GC(385943)  Metaspace       used 61028K, capacity 63733K, committed 64768K, reserved 1107968K
[2020-12-25T01:36:50.924-0400][gc,heap        ] GC(385943)   class space    used 5714K, capacity 6561K, committed 6912K, reserved 1048576K
[2020-12-25T01:36:50.926-0400][gc,phases,start] GC(385943) Phase 1: Mark live objects
[2020-12-25T01:36:51.070-0400][gc,stringtable ] GC(385943) Cleaned string and symbol table, strings: 32207 processed, 0 removed, symbols: 131455 processed, 0 removed
[2020-12-25T01:36:51.070-0400][gc,phases      ] GC(385943) Phase 1: Mark live objects 143.620ms
[2020-12-25T01:36:51.070-0400][gc,phases,start] GC(385943) Phase 2: Prepare for compaction
[2020-12-25T01:36:51.100-0400][gc,phases      ] GC(385943) Phase 2: Prepare for compaction 29.769ms
[2020-12-25T01:36:51.100-0400][gc,phases,start] GC(385943) Phase 3: Adjust pointers
[2020-12-25T01:36:51.178-0400][gc,phases      ] GC(385943) Phase 3: Adjust pointers 78.546ms
[2020-12-25T01:36:51.178-0400][gc,phases,start] GC(385943) Phase 4: Compact heap
[2020-12-25T01:36:51.202-0400][gc,phases      ] GC(385943) Phase 4: Compact heap 23.927ms
[2020-12-25T01:36:51.237-0400][gc,heap        ] GC(385943) Eden regions: 8->0(11)
[2020-12-25T01:36:51.238-0400][gc,heap        ] GC(385943) Survivor regions: 1->0(2)
[2020-12-25T01:36:51.238-0400][gc,heap        ] GC(385943) Old regions: 46->45
[2020-12-25T01:36:51.238-0400][gc,heap        ] GC(385943) Humongous regions: 4->4
[2020-12-25T01:36:51.238-0400][gc,metaspace   ] GC(385943) Metaspace: 61028K->61028K(1107968K)
[2020-12-25T01:36:51.238-0400][gc,heap        ] GC(385943) Heap after GC invocations=385919 (full 11277): garbage-first heap   total 71680K, used 48530K [0x0000000083000000, 0x0000000100000000)
[2020-12-25T01:36:51.238-0400][gc,heap        ] GC(385943)   region size 1024K, 0 young (0K), 0 survivors (0K)
[2020-12-25T01:36:51.238-0400][gc,heap        ] GC(385943)  Metaspace       used 61028K, capacity 63733K, committed 64768K, reserved 1107968K
[2020-12-25T01:36:51.238-0400][gc,heap        ] GC(385943)   class space    used 5714K, capacity 6561K, committed 6912K, reserved 1048576K
[2020-12-25T01:36:51.238-0400][gc             ] GC(385943) Pause Full (System.gc()) 55M->47M(70M) 314.426ms
[2020-12-25T01:36:51.238-0400][gc,cpu         ] GC(385943) User=0.71s Sys=0.14s Real=0.32s
[2020-12-25T01:37:18.886-0400][gc,heap        ] GC(385944) Heap before GC invocations=385919 (full 11277): garbage-first heap   total 71680K, used 58770K [0x0000000083000000, 0x0000000100000000)
[2020-12-25T01:37:18.886-0400][gc,heap        ] GC(385944)   region size 1024K, 11 young (11264K), 0 survivors (0K)
[2020-12-25T01:37:18.887-0400][gc,heap        ] GC(385944)  Metaspace       used 61028K, capacity 63733K, committed 64768K, reserved 1107968K
[2020-12-25T01:37:18.887-0400][gc,heap        ] GC(385944)   class space    used 5714K, capacity 6561K, committed 6912K, reserved 1048576K
[2020-12-25T01:37:18.887-0400][gc,start       ] GC(385944) Pause Young (Normal) (G1 Evacuation Pause)
[2020-12-25T01:37:18.887-0400][gc,task        ] GC(385944) Using 4 workers of 4 for evacuation
[2020-12-25T01:37:18.892-0400][gc,phases      ] GC(385944)   Pre Evacuate Collection Set: 0.0ms
[2020-12-25T01:37:18.892-0400][gc,phases      ] GC(385944)   Evacuate Collection Set: 2.7ms
[2020-12-25T01:37:18.892-0400][gc,phases      ] GC(385944)   Post Evacuate Collection Set: 1.8ms
[2020-12-25T01:37:18.892-0400][gc,phases      ] GC(385944)   Other: 0.8ms
[2020-12-25T01:37:18.892-0400][gc,heap        ] GC(385944) Eden regions: 11->0(11)
[2020-12-25T01:37:18.892-0400][gc,heap        ] GC(385944) Survivor regions: 0->1(2)
[2020-12-25T01:37:18.892-0400][gc,heap        ] GC(385944) Old regions: 45->45
[2020-12-25T01:37:18.892-0400][gc,heap        ] GC(385944) Humongous regions: 4->4
[2020-12-25T01:37:18.892-0400][gc,metaspace   ] GC(385944) Metaspace: 61028K->61028K(1107968K)
[2020-12-25T01:37:18.892-0400][gc,heap        ] GC(385944) Heap after GC invocations=385920 (full 11277): garbage-first heap   total 71680K, used 48768K [0x0000000083000000, 0x0000000100000000)
[2020-12-25T01:37:18.892-0400][gc,heap        ] GC(385944)   region size 1024K, 1 young (1024K), 1 survivors (1024K)
[2020-12-25T01:37:18.892-0400][gc,heap        ] GC(385944)  Metaspace       used 61028K, capacity 63733K, committed 64768K, reserved 1107968K
[2020-12-25T01:37:18.892-0400][gc,heap        ] GC(385944)   class space    used 5714K, capacity 6561K, committed 6912K, reserved 1048576K
[2020-12-25T01:37:18.892-0400][gc             ] GC(385944) Pause Young (Normal) (G1 Evacuation Pause) 58M->47M(70M) 5.745ms
[2020-12-25T01:37:18.893-0400][gc,cpu         ] GC(385944) User=0.01s Sys=0.00s Real=0.00s
[2020-12-25T01:37:59.424-0400][gc,heap        ] GC(385945) Heap before GC invocations=385920 (full 11277): garbage-first heap   total 71680K, used 59008K [0x0000000083000000, 0x0000000100000000)
[2020-12-25T01:37:59.424-0400][gc,heap        ] GC(385945)   region size 1024K, 12 young (12288K), 1 survivors (1024K)
[2020-12-25T01:37:59.424-0400][gc,heap        ] GC(385945)  Metaspace       used 61028K, capacity 63733K, committed 64768K, reserved 1107968K
[2020-12-25T01:37:59.424-0400][gc,heap        ] GC(385945)   class space    used 5714K, capacity 6561K, committed 6912K, reserved 1048576K
[2020-12-25T01:37:59.424-0400][gc,start       ] GC(385945) Pause Young (Normal) (G1 Evacuation Pause)
[2020-12-25T01:37:59.424-0400][gc,task        ] GC(385945) Using 4 workers of 4 for evacuation
[2020-12-25T01:37:59.429-0400][gc,phases      ] GC(385945)   Pre Evacuate Collection Set: 0.0ms
[2020-12-25T01:37:59.429-0400][gc,phases      ] GC(385945)   Evacuate Collection Set: 2.7ms
[2020-12-25T01:37:59.429-0400][gc,phases      ] GC(385945)   Post Evacuate Collection Set: 1.6ms
[2020-12-25T01:37:59.429-0400][gc,phases      ] GC(385945)   Other: 0.9ms
[2020-12-25T01:37:59.429-0400][gc,heap        ] GC(385945) Eden regions: 11->0(11)
[2020-12-25T01:37:59.429-0400][gc,heap        ] GC(385945) Survivor regions: 1->1(2)
[2020-12-25T01:37:59.429-0400][gc,heap        ] GC(385945) Old regions: 45->45
[2020-12-25T01:37:59.429-0400][gc,heap        ] GC(385945) Humongous regions: 4->4
[2020-12-25T01:37:59.429-0400][gc,metaspace   ] GC(385945) Metaspace: 61028K->61028K(1107968K)
[2020-12-25T01:37:59.429-0400][gc,heap        ] GC(385945) Heap after GC invocations=385921 (full 11277): garbage-first heap   total 71680K, used 48744K [0x0000000083000000, 0x0000000100000000)
[2020-12-25T01:37:59.430-0400][gc,heap        ] GC(385945)   region size 1024K, 1 young (1024K), 1 survivors (1024K)
[2020-12-25T01:37:59.430-0400][gc,heap        ] GC(385945)  Metaspace       used 61028K, capacity 63733K, committed 64768K, reserved 1107968K
[2020-12-25T01:37:59.430-0400][gc,heap        ] GC(385945)   class space    used 5714K, capacity 6561K, committed 6912K, reserved 1048576K
[2020-12-25T01:37:59.430-0400][gc             ] GC(385945) Pause Young (Normal) (G1 Evacuation Pause) 58M->47M(70M) 5.545ms
[2020-12-25T01:37:59.430-0400][gc,cpu         ] GC(385945) User=0.01s Sys=0.00s Real=0.01s
[2020-12-25T01:38:31.514-0400][gc,heap        ] GC(385946) Heap before GC invocations=385921 (full 11277): garbage-first heap   total 71680K, used 58984K [0x0000000083000000, 0x0000000100000000)
[2020-12-25T01:38:31.514-0400][gc,heap        ] GC(385946)   region size 1024K, 12 young (12288K), 1 survivors (1024K)
[2020-12-25T01:38:31.515-0400][gc,heap        ] GC(385946)  Metaspace       used 61028K, capacity 63733K, committed 64768K, reserved 1107968K
[2020-12-25T01:38:31.515-0400][gc,heap        ] GC(385946)   class space    used 5714K, capacity 6561K, committed 6912K, reserved 1048576K
[2020-12-25T01:38:31.515-0400][gc,start       ] GC(385946) Pause Young (Normal) (G1 Evacuation Pause)
[2020-12-25T01:38:31.515-0400][gc,task        ] GC(385946) Using 4 workers of 4 for evacuation
[2020-12-25T01:38:31.520-0400][gc,phases      ] GC(385946)   Pre Evacuate Collection Set: 0.0ms
[2020-12-25T01:38:31.520-0400][gc,phases      ] GC(385946)   Evacuate Collection Set: 3.1ms
[2020-12-25T01:38:31.520-0400][gc,phases      ] GC(385946)   Post Evacuate Collection Set: 1.6ms
[2020-12-25T01:38:31.520-0400][gc,phases      ] GC(385946)   Other: 0.9ms
[2020-12-25T01:38:31.520-0400][gc,heap        ] GC(385946) Eden regions: 11->0(11)
[2020-12-25T01:38:31.520-0400][gc,heap        ] GC(385946) Survivor regions: 1->1(2)
[2020-12-25T01:38:31.520-0400][gc,heap        ] GC(385946) Old regions: 45->45
[2020-12-25T01:38:31.520-0400][gc,heap        ] GC(385946) Humongous regions: 4->4
[2020-12-25T01:38:31.520-0400][gc,metaspace   ] GC(385946) Metaspace: 61028K->61028K(1107968K)
[2020-12-25T01:38:31.520-0400][gc,heap        ] GC(385946) Heap after GC invocations=385922 (full 11277): garbage-first heap   total 71680K, used 48825K [0x0000000083000000, 0x0000000100000000)
[2020-12-25T01:38:31.520-0400][gc,heap        ] GC(385946)   region size 1024K, 1 young (1024K), 1 survivors (1024K)
[2020-12-25T01:38:31.521-0400][gc,heap        ] GC(385946)  Metaspace       used 61028K, capacity 63733K, committed 64768K, reserved 1107968K
[2020-12-25T01:38:31.521-0400][gc,heap        ] GC(385946)   class space    used 5714K, capacity 6561K, committed 6912K, reserved 1048576K
[2020-12-25T01:38:31.521-0400][gc             ] GC(385946) Pause Young (Normal) (G1 Evacuation Pause) 58M->47M(70M) 5.942ms
[2020-12-25T01:38:31.521-0400][gc,cpu         ] GC(385946) User=0.01s Sys=0.01s Real=0.01s
[2020-12-25T01:39:05.573-0400][gc,heap        ] GC(385947) Heap before GC invocations=385922 (full 11277): garbage-first heap   total 71680K, used 60089K [0x0000000083000000, 0x0000000100000000)
[2020-12-25T01:39:05.573-0400][gc,heap        ] GC(385947)   region size 1024K, 12 young (12288K), 1 survivors (1024K)
[2020-12-25T01:39:05.573-0400][gc,heap        ] GC(385947)  Metaspace       used 61028K, capacity 63733K, committed 64768K, reserved 1107968K
[2020-12-25T01:39:05.573-0400][gc,heap        ] GC(385947)   class space    used 5714K, capacity 6561K, committed 6912K, reserved 1048576K
[2020-12-25T01:39:05.573-0400][gc,start       ] GC(385947) Pause Young (Normal) (G1 Evacuation Pause)
[2020-12-25T01:39:05.573-0400][gc,task        ] GC(385947) Using 4 workers of 4 for evacuation
[2020-12-25T01:39:05.579-0400][gc,phases      ] GC(385947)   Pre Evacuate Collection Set: 0.0ms
[2020-12-25T01:39:05.579-0400][gc,phases      ] GC(385947)   Evacuate Collection Set: 3.5ms
[2020-12-25T01:39:05.579-0400][gc,phases      ] GC(385947)   Post Evacuate Collection Set: 1.6ms
[2020-12-25T01:39:05.579-0400][gc,phases      ] GC(385947)   Other: 1.0ms
[2020-12-25T01:39:05.579-0400][gc,heap        ] GC(385947) Eden regions: 11->0(11)
[2020-12-25T01:39:05.579-0400][gc,heap        ] GC(385947) Survivor regions: 1->1(2)
[2020-12-25T01:39:05.579-0400][gc,heap        ] GC(385947) Old regions: 45->45
[2020-12-25T01:39:05.579-0400][gc,heap        ] GC(385947) Humongous regions: 4->4
[2020-12-25T01:39:05.579-0400][gc,metaspace   ] GC(385947) Metaspace: 61028K->61028K(1107968K)
[2020-12-25T01:39:05.579-0400][gc,heap        ] GC(385947) Heap after GC invocations=385923 (full 11277): garbage-first heap   total 71680K, used 48978K [0x0000000083000000, 0x0000000100000000)
[2020-12-25T01:39:05.579-0400][gc,heap        ] GC(385947)   region size 1024K, 1 young (1024K), 1 survivors (1024K)
[2020-12-25T01:39:05.579-0400][gc,heap        ] GC(385947)  Metaspace       used 61028K, capacity 63733K, committed 64768K, reserved 1107968K
[2020-12-25T01:39:05.579-0400][gc,heap        ] GC(385947)   class space    used 5714K, capacity 6561K, committed 6912K, reserved 1048576K
[2020-12-25T01:39:05.579-0400][gc             ] GC(385947) Pause Young (Normal) (G1 Evacuation Pause) 58M->47M(70M) 6.450ms
[2020-12-25T01:39:05.580-0400][gc,cpu         ] GC(385947) User=0.01s Sys=0.01s Real=0.01s
[2020-12-25T01:39:34.682-0400][gc,heap        ] GC(385948) Heap before GC invocations=385923 (full 11277): garbage-first heap   total 71680K, used 59218K [0x0000000083000000, 0x0000000100000000)
[2020-12-25T01:39:34.682-0400][gc,heap        ] GC(385948)   region size 1024K, 12 young (12288K), 1 survivors (1024K)
[2020-12-25T01:39:34.682-0400][gc,heap        ] GC(385948)  Metaspace       used 61028K, capacity 63733K, committed 64768K, reserved 1107968K
[2020-12-25T01:39:34.682-0400][gc,heap        ] GC(385948)   class space    used 5714K, capacity 6561K, committed 6912K, reserved 1048576K
[2020-12-25T01:39:34.682-0400][gc,start       ] GC(385948) Pause Young (Normal) (G1 Evacuation Pause)
[2020-12-25T01:39:34.682-0400][gc,task        ] GC(385948) Using 4 workers of 4 for evacuation
[2020-12-25T01:39:34.687-0400][gc,phases      ] GC(385948)   Pre Evacuate Collection Set: 0.0ms
[2020-12-25T01:39:34.687-0400][gc,phases      ] GC(385948)   Evacuate Collection Set: 3.2ms
[2020-12-25T01:39:34.687-0400][gc,phases      ] GC(385948)   Post Evacuate Collection Set: 1.7ms
[2020-12-25T01:39:34.687-0400][gc,phases      ] GC(385948)   Other: 0.8ms
[2020-12-25T01:39:34.688-0400][gc,heap        ] GC(385948) Eden regions: 11->0(11)
[2020-12-25T01:39:34.688-0400][gc,heap        ] GC(385948) Survivor regions: 1->1(2)
[2020-12-25T01:39:34.688-0400][gc,heap        ] GC(385948) Old regions: 45->45
[2020-12-25T01:39:34.688-0400][gc,heap        ] GC(385948) Humongous regions: 4->4
[2020-12-25T01:39:34.688-0400][gc,metaspace   ] GC(385948) Metaspace: 61028K->61028K(1107968K)
[2020-12-25T01:39:34.688-0400][gc,heap        ] GC(385948) Heap after GC invocations=385924 (full 11277): garbage-first heap   total 71680K, used 48927K [0x0000000083000000, 0x0000000100000000)
[2020-12-25T01:39:34.688-0400][gc,heap        ] GC(385948)   region size 1024K, 1 young (1024K), 1 survivors (1024K)
[2020-12-25T01:39:34.688-0400][gc,heap        ] GC(385948)  Metaspace       used 61028K, capacity 63733K, committed 64768K, reserved 1107968K
[2020-12-25T01:39:34.688-0400][gc,heap        ] GC(385948)   class space    used 5714K, capacity 6561K, committed 6912K, reserved 1048576K
[2020-12-25T01:39:34.688-0400][gc             ] GC(385948) Pause Young (Normal) (G1 Evacuation Pause) 58M->47M(70M) 6.178ms
[2020-12-25T01:39:34.688-0400][gc,cpu         ] GC(385948) User=0.01s Sys=0.01s Real=0.01s
[2020-12-25T01:40:06.228-0400][gc,heap        ] GC(385949) Heap before GC invocations=385924 (full 11277): garbage-first heap   total 71680K, used 59167K [0x0000000083000000, 0x0000000100000000)
[2020-12-25T01:40:06.228-0400][gc,heap        ] GC(385949)   region size 1024K, 12 young (12288K), 1 survivors (1024K)
[2020-12-25T01:40:06.228-0400][gc,heap        ] GC(385949)  Metaspace       used 61028K, capacity 63733K, committed 64768K, reserved 1107968K
[2020-12-25T01:40:06.228-0400][gc,heap        ] GC(385949)   class space    used 5714K, capacity 6561K, committed 6912K, reserved 1048576K
[2020-12-25T01:40:06.228-0400][gc,start       ] GC(385949) Pause Young (Normal) (G1 Evacuation Pause)
[2020-12-25T01:40:06.228-0400][gc,task        ] GC(385949) Using 4 workers of 4 for evacuation
[2020-12-25T01:40:06.234-0400][gc,phases      ] GC(385949)   Pre Evacuate Collection Set: 0.0ms
[2020-12-25T01:40:06.234-0400][gc,phases      ] GC(385949)   Evacuate Collection Set: 3.9ms
[2020-12-25T01:40:06.234-0400][gc,phases      ] GC(385949)   Post Evacuate Collection Set: 1.7ms
[2020-12-25T01:40:06.235-0400][gc,phases      ] GC(385949)   Other: 0.9ms
[2020-12-25T01:40:06.235-0400][gc,heap        ] GC(385949) Eden regions: 11->0(11)
[2020-12-25T01:40:06.235-0400][gc,heap        ] GC(385949) Survivor regions: 1->1(2)
[2020-12-25T01:40:06.235-0400][gc,heap        ] GC(385949) Old regions: 45->45
[2020-12-25T01:40:06.235-0400][gc,heap        ] GC(385949) Humongous regions: 4->4
[2020-12-25T01:40:06.235-0400][gc,metaspace   ] GC(385949) Metaspace: 61028K->61028K(1107968K)
[2020-12-25T01:40:06.235-0400][gc,heap        ] GC(385949) Heap after GC invocations=385925 (full 11277): garbage-first heap   total 71680K, used 49118K [0x0000000083000000, 0x0000000100000000)
[2020-12-25T01:40:06.235-0400][gc,heap        ] GC(385949)   region size 1024K, 1 young (1024K), 1 survivors (1024K)
[2020-12-25T01:40:06.235-0400][gc,heap        ] GC(385949)  Metaspace       used 61028K, capacity 63733K, committed 64768K, reserved 1107968K
[2020-12-25T01:40:06.235-0400][gc,heap        ] GC(385949)   class space    used 5714K, capacity 6561K, committed 6912K, reserved 1048576K
[2020-12-25T01:40:06.235-0400][gc             ] GC(385949) Pause Young (Normal) (G1 Evacuation Pause) 58M->47M(70M) 6.932ms
[2020-12-25T01:40:06.235-0400][gc,cpu         ] GC(385949) User=0.01s Sys=0.01s Real=0.00s
[2020-12-25T01:40:35.411-0400][gc,heap        ] GC(385950) Heap before GC invocations=385925 (full 11277): garbage-first heap   total 71680K, used 59358K [0x0000000083000000, 0x0000000100000000)
[2020-12-25T01:40:35.411-0400][gc,heap        ] GC(385950)   region size 1024K, 12 young (12288K), 1 survivors (1024K)
[2020-12-25T01:40:35.411-0400][gc,heap        ] GC(385950)  Metaspace       used 61028K, capacity 63733K, committed 64768K, reserved 1107968K
[2020-12-25T01:40:35.411-0400][gc,heap        ] GC(385950)   class space    used 5714K, capacity 6561K, committed 6912K, reserved 1048576K
[2020-12-25T01:40:35.411-0400][gc,start       ] GC(385950) Pause Young (Normal) (G1 Evacuation Pause)
[2020-12-25T01:40:35.412-0400][gc,task        ] GC(385950) Using 4 workers of 4 for evacuation
[2020-12-25T01:40:35.417-0400][gc,phases      ] GC(385950)   Pre Evacuate Collection Set: 0.0ms
[2020-12-25T01:40:35.417-0400][gc,phases      ] GC(385950)   Evacuate Collection Set: 3.5ms
[2020-12-25T01:40:35.417-0400][gc,phases      ] GC(385950)   Post Evacuate Collection Set: 1.6ms
[2020-12-25T01:40:35.418-0400][gc,phases      ] GC(385950)   Other: 1.0ms
[2020-12-25T01:40:35.418-0400][gc,heap        ] GC(385950) Eden regions: 11->0(11)
[2020-12-25T01:40:35.418-0400][gc,heap        ] GC(385950) Survivor regions: 1->1(2)
[2020-12-25T01:40:35.418-0400][gc,heap        ] GC(385950) Old regions: 45->45
[2020-12-25T01:40:35.418-0400][gc,heap        ] GC(385950) Humongous regions: 4->4
[2020-12-25T01:40:35.418-0400][gc,metaspace   ] GC(385950) Metaspace: 61028K->61028K(1107968K)
[2020-12-25T01:40:35.418-0400][gc,heap        ] GC(385950) Heap after GC invocations=385926 (full 11277): garbage-first heap   total 71680K, used 49001K [0x0000000083000000, 0x0000000100000000)
[2020-12-25T01:40:35.418-0400][gc,heap        ] GC(385950)   region size 1024K, 1 young (1024K), 1 survivors (1024K)
[2020-12-25T01:40:35.418-0400][gc,heap        ] GC(385950)  Metaspace       used 61028K, capacity 63733K, committed 64768K, reserved 1107968K
[2020-12-25T01:40:35.418-0400][gc,heap        ] GC(385950)   class space    used 5714K, capacity 6561K, committed 6912K, reserved 1048576K
[2020-12-25T01:40:35.418-0400][gc             ] GC(385950) Pause Young (Normal) (G1 Evacuation Pause) 58M->47M(70M) 6.730ms
[2020-12-25T01:40:35.418-0400][gc,cpu         ] GC(385950) User=0.02s Sys=0.00s Real=0.01s
[2020-12-25T01:41:06.927-0400][gc,heap        ] GC(385951) Heap before GC invocations=385926 (full 11277): garbage-first heap   total 71680K, used 59241K [0x0000000083000000, 0x0000000100000000)
[2020-12-25T01:41:06.927-0400][gc,heap        ] GC(385951)   region size 1024K, 12 young (12288K), 1 survivors (1024K)
[2020-12-25T01:41:06.927-0400][gc,heap        ] GC(385951)  Metaspace       used 61028K, capacity 63733K, committed 64768K, reserved 1107968K
[2020-12-25T01:41:06.927-0400][gc,heap        ] GC(385951)   class space    used 5714K, capacity 6561K, committed 6912K, reserved 1048576K
[2020-12-25T01:41:06.927-0400][gc,start       ] GC(385951) Pause Young (Normal) (G1 Evacuation Pause)
[2020-12-25T01:41:06.927-0400][gc,task        ] GC(385951) Using 4 workers of 4 for evacuation
[2020-12-25T01:41:06.933-0400][gc,phases      ] GC(385951)   Pre Evacuate Collection Set: 0.0ms
[2020-12-25T01:41:06.933-0400][gc,phases      ] GC(385951)   Evacuate Collection Set: 4.0ms
[2020-12-25T01:41:06.933-0400][gc,phases      ] GC(385951)   Post Evacuate Collection Set: 1.7ms
[2020-12-25T01:41:06.934-0400][gc,phases      ] GC(385951)   Other: 0.8ms
[2020-12-25T01:41:06.934-0400][gc,heap        ] GC(385951) Eden regions: 11->0(11)
[2020-12-25T01:41:06.934-0400][gc,heap        ] GC(385951) Survivor regions: 1->1(2)
[2020-12-25T01:41:06.934-0400][gc,heap        ] GC(385951) Old regions: 45->45
[2020-12-25T01:41:06.934-0400][gc,heap        ] GC(385951) Humongous regions: 4->4
[2020-12-25T01:41:06.934-0400][gc,metaspace   ] GC(385951) Metaspace: 61028K->61028K(1107968K)
[2020-12-25T01:41:06.934-0400][gc,heap        ] GC(385951) Heap after GC invocations=385927 (full 11277): garbage-first heap   total 71680K, used 49162K [0x0000000083000000, 0x0000000100000000)
[2020-12-25T01:41:06.934-0400][gc,heap        ] GC(385951)   region size 1024K, 1 young (1024K), 1 survivors (1024K)
[2020-12-25T01:41:06.934-0400][gc,heap        ] GC(385951)  Metaspace       used 61028K, capacity 63733K, committed 64768K, reserved 1107968K
[2020-12-25T01:41:06.934-0400][gc,heap        ] GC(385951)   class space    used 5714K, capacity 6561K, committed 6912K, reserved 1048576K
[2020-12-25T01:41:06.934-0400][gc             ] GC(385951) Pause Young (Normal) (G1 Evacuation Pause) 58M->48M(70M) 6.946ms
[2020-12-25T01:41:06.934-0400][gc,cpu         ] GC(385951) User=0.02s Sys=0.00s Real=0.00s
[2020-12-25T01:41:43.891-0400][gc,heap        ] GC(385952) Heap before GC invocations=385927 (full 11277): garbage-first heap   total 71680K, used 60426K [0x0000000083000000, 0x0000000100000000)
[2020-12-25T01:41:43.891-0400][gc,heap        ] GC(385952)   region size 1024K, 12 young (12288K), 1 survivors (1024K)
[2020-12-25T01:41:43.891-0400][gc,heap        ] GC(385952)  Metaspace       used 61028K, capacity 63733K, committed 64768K, reserved 1107968K
[2020-12-25T01:41:43.891-0400][gc,heap        ] GC(385952)   class space    used 5714K, capacity 6561K, committed 6912K, reserved 1048576K
[2020-12-25T01:41:43.891-0400][gc,start       ] GC(385952) Pause Young (Normal) (G1 Evacuation Pause)
[2020-12-25T01:41:43.891-0400][gc,task        ] GC(385952) Using 4 workers of 4 for evacuation
[2020-12-25T01:41:43.897-0400][gc,phases      ] GC(385952)   Pre Evacuate Collection Set: 0.0ms
[2020-12-25T01:41:43.897-0400][gc,phases      ] GC(385952)   Evacuate Collection Set: 3.7ms
[2020-12-25T01:41:43.897-0400][gc,phases      ] GC(385952)   Post Evacuate Collection Set: 1.7ms
[2020-12-25T01:41:43.897-0400][gc,phases      ] GC(385952)   Other: 1.1ms
[2020-12-25T01:41:43.897-0400][gc,heap        ] GC(385952) Eden regions: 11->0(11)
[2020-12-25T01:41:43.898-0400][gc,heap        ] GC(385952) Survivor regions: 1->1(2)
[2020-12-25T01:41:43.898-0400][gc,heap        ] GC(385952) Old regions: 45->45
[2020-12-25T01:41:43.898-0400][gc,heap        ] GC(385952) Humongous regions: 4->4
[2020-12-25T01:41:43.898-0400][gc,metaspace   ] GC(385952) Metaspace: 61028K->61028K(1107968K)
[2020-12-25T01:41:43.898-0400][gc,heap        ] GC(385952) Heap after GC invocations=385928 (full 11277): garbage-first heap   total 71680K, used 49047K [0x0000000083000000, 0x0000000100000000)
[2020-12-25T01:41:43.898-0400][gc,heap        ] GC(385952)   region size 1024K, 1 young (1024K), 1 survivors (1024K)
[2020-12-25T01:41:43.898-0400][gc,heap        ] GC(385952)  Metaspace       used 61028K, capacity 63733K, committed 64768K, reserved 1107968K
[2020-12-25T01:41:43.898-0400][gc,heap        ] GC(385952)   class space    used 5714K, capacity 6561K, committed 6912K, reserved 1048576K
[2020-12-25T01:41:43.898-0400][gc             ] GC(385952) Pause Young (Normal) (G1 Evacuation Pause) 59M->47M(70M) 6.798ms
[2020-12-25T01:41:43.898-0400][gc,cpu         ] GC(385952) User=0.01s Sys=0.01s Real=0.01s
[2020-12-25T01:41:50.924-0400][gc,task        ] GC(385953) Using 3 workers of 4 for full compaction
[2020-12-25T01:41:50.924-0400][gc,start       ] GC(385953) Pause Full (System.gc())
[2020-12-25T01:41:50.924-0400][gc,heap        ] GC(385953) Heap before GC invocations=385928 (full 11277): garbage-first heap   total 71680K, used 51095K [0x0000000083000000, 0x0000000100000000)
[2020-12-25T01:41:50.924-0400][gc,heap        ] GC(385953)   region size 1024K, 4 young (4096K), 1 survivors (1024K)
[2020-12-25T01:41:50.925-0400][gc,heap        ] GC(385953)  Metaspace       used 61028K, capacity 63733K, committed 64768K, reserved 1107968K
[2020-12-25T01:41:50.925-0400][gc,heap        ] GC(385953)   class space    used 5714K, capacity 6561K, committed 6912K, reserved 1048576K
[2020-12-25T01:41:50.927-0400][gc,phases,start] GC(385953) Phase 1: Mark live objects
[2020-12-25T01:41:51.071-0400][gc,stringtable ] GC(385953) Cleaned string and symbol table, strings: 32207 processed, 0 removed, symbols: 131455 processed, 0 removed
[2020-12-25T01:41:51.071-0400][gc,phases      ] GC(385953) Phase 1: Mark live objects 144.493ms
[2020-12-25T01:41:51.071-0400][gc,phases,start] GC(385953) Phase 2: Prepare for compaction
[2020-12-25T01:41:51.101-0400][gc,phases      ] GC(385953) Phase 2: Prepare for compaction 29.378ms
[2020-12-25T01:41:51.101-0400][gc,phases,start] GC(385953) Phase 3: Adjust pointers
[2020-12-25T01:41:51.178-0400][gc,phases      ] GC(385953) Phase 3: Adjust pointers 77.467ms
[2020-12-25T01:41:51.179-0400][gc,phases,start] GC(385953) Phase 4: Compact heap
[2020-12-25T01:41:51.199-0400][gc,phases      ] GC(385953) Phase 4: Compact heap 20.791ms
[2020-12-25T01:41:51.235-0400][gc,heap        ] GC(385953) Eden regions: 3->0(10)
[2020-12-25T01:41:51.235-0400][gc,heap        ] GC(385953) Survivor regions: 1->0(2)
[2020-12-25T01:41:51.235-0400][gc,heap        ] GC(385953) Old regions: 45->47
[2020-12-25T01:41:51.236-0400][gc,heap        ] GC(385953) Humongous regions: 4->4
[2020-12-25T01:41:51.236-0400][gc,metaspace   ] GC(385953) Metaspace: 61028K->61028K(1107968K)
[2020-12-25T01:41:51.236-0400][gc,heap        ] GC(385953) Heap after GC invocations=385929 (full 11278): garbage-first heap   total 71680K, used 48436K [0x0000000083000000, 0x0000000100000000)
[2020-12-25T01:41:51.236-0400][gc,heap        ] GC(385953)   region size 1024K, 0 young (0K), 0 survivors (0K)
[2020-12-25T01:41:51.236-0400][gc,heap        ] GC(385953)  Metaspace       used 61028K, capacity 63733K, committed 64768K, reserved 1107968K
[2020-12-25T01:41:51.236-0400][gc,heap        ] GC(385953)   class space    used 5714K, capacity 6561K, committed 6912K, reserved 1048576K
[2020-12-25T01:41:51.236-0400][gc             ] GC(385953) Pause Full (System.gc()) 50M->47M(70M) 311.566ms
[2020-12-25T01:41:51.236-0400][gc,cpu         ] GC(385953) User=0.83s Sys=0.00s Real=0.32s
[2020-12-25T01:42:19.602-0400][gc,heap        ] GC(385954) Heap before GC invocations=385929 (full 11278): garbage-first heap   total 71680K, used 57652K [0x0000000083000000, 0x0000000100000000)
[2020-12-25T01:42:19.602-0400][gc,heap        ] GC(385954)   region size 1024K, 10 young (10240K), 0 survivors (0K)
[2020-12-25T01:42:19.602-0400][gc,heap        ] GC(385954)  Metaspace       used 61028K, capacity 63733K, committed 64768K, reserved 1107968K
[2020-12-25T01:42:19.602-0400][gc,heap        ] GC(385954)   class space    used 5714K, capacity 6561K, committed 6912K, reserved 1048576K
[2020-12-25T01:42:19.602-0400][gc,start       ] GC(385954) Pause Young (Normal) (G1 Evacuation Pause)
[2020-12-25T01:42:19.602-0400][gc,task        ] GC(385954) Using 4 workers of 4 for evacuation
[2020-12-25T01:42:19.608-0400][gc,phases      ] GC(385954)   Pre Evacuate Collection Set: 0.0ms
[2020-12-25T01:42:19.608-0400][gc,phases      ] GC(385954)   Evacuate Collection Set: 2.8ms
[2020-12-25T01:42:19.608-0400][gc,phases      ] GC(385954)   Post Evacuate Collection Set: 2.4ms
[2020-12-25T01:42:19.608-0400][gc,phases      ] GC(385954)   Other: 1.2ms
[2020-12-25T01:42:19.608-0400][gc,heap        ] GC(385954) Eden regions: 10->0(10)
[2020-12-25T01:42:19.608-0400][gc,heap        ] GC(385954) Survivor regions: 0->1(2)
[2020-12-25T01:42:19.608-0400][gc,heap        ] GC(385954) Old regions: 47->47
[2020-12-25T01:42:19.609-0400][gc,heap        ] GC(385954) Humongous regions: 4->4
[2020-12-25T01:42:19.609-0400][gc,metaspace   ] GC(385954) Metaspace: 61028K->61028K(1107968K)
[2020-12-25T01:42:19.609-0400][gc,heap        ] GC(385954) Heap after GC invocations=385930 (full 11278): garbage-first heap   total 71680K, used 48726K [0x0000000083000000, 0x0000000100000000)
[2020-12-25T01:42:19.609-0400][gc,heap        ] GC(385954)   region size 1024K, 1 young (1024K), 1 survivors (1024K)
[2020-12-25T01:42:19.609-0400][gc,heap        ] GC(385954)  Metaspace       used 61028K, capacity 63733K, committed 64768K, reserved 1107968K
[2020-12-25T01:42:19.609-0400][gc,heap        ] GC(385954)   class space    used 5714K, capacity 6561K, committed 6912K, reserved 1048576K
[2020-12-25T01:42:19.609-0400][gc             ] GC(385954) Pause Young (Normal) (G1 Evacuation Pause) 57M->47M(70M) 6.709ms
[2020-12-25T01:42:19.609-0400][gc,cpu         ] GC(385954) User=0.02s Sys=0.00s Real=0.01s
[2020-12-25T01:42:53.876-0400][gc,heap        ] GC(385955) Heap before GC invocations=385930 (full 11278): garbage-first heap   total 71680K, used 57942K [0x0000000083000000, 0x0000000100000000)
[2020-12-25T01:42:53.876-0400][gc,heap        ] GC(385955)   region size 1024K, 11 young (11264K), 1 survivors (1024K)
[2020-12-25T01:42:53.876-0400][gc,heap        ] GC(385955)  Metaspace       used 61028K, capacity 63733K, committed 64768K, reserved 1107968K
[2020-12-25T01:42:53.876-0400][gc,heap        ] GC(385955)   class space    used 5714K, capacity 6561K, committed 6912K, reserved 1048576K
[2020-12-25T01:42:53.876-0400][gc,start       ] GC(385955) Pause Young (Normal) (G1 Evacuation Pause)
[2020-12-25T01:42:53.876-0400][gc,task        ] GC(385955) Using 4 workers of 4 for evacuation
[2020-12-25T01:42:53.881-0400][gc,phases      ] GC(385955)   Pre Evacuate Collection Set: 0.1ms
[2020-12-25T01:42:53.881-0400][gc,phases      ] GC(385955)   Evacuate Collection Set: 2.8ms
[2020-12-25T01:42:53.881-0400][gc,phases      ] GC(385955)   Post Evacuate Collection Set: 1.6ms
[2020-12-25T01:42:53.881-0400][gc,phases      ] GC(385955)   Other: 0.9ms
[2020-12-25T01:42:53.882-0400][gc,heap        ] GC(385955) Eden regions: 10->0(10)
[2020-12-25T01:42:53.882-0400][gc,heap        ] GC(385955) Survivor regions: 1->1(2)
[2020-12-25T01:42:53.882-0400][gc,heap        ] GC(385955) Old regions: 47->47
[2020-12-25T01:42:53.882-0400][gc,heap        ] GC(385955) Humongous regions: 4->4
[2020-12-25T01:42:53.882-0400][gc,metaspace   ] GC(385955) Metaspace: 61028K->61028K(1107968K)
[2020-12-25T01:42:53.882-0400][gc,heap        ] GC(385955) Heap after GC invocations=385931 (full 11278): garbage-first heap   total 71680K, used 48644K [0x0000000083000000, 0x0000000100000000)
[2020-12-25T01:42:53.882-0400][gc,heap        ] GC(385955)   region size 1024K, 1 young (1024K), 1 survivors (1024K)
[2020-12-25T01:42:53.882-0400][gc,heap        ] GC(385955)  Metaspace       used 61028K, capacity 63733K, committed 64768K, reserved 1107968K
[2020-12-25T01:42:53.882-0400][gc,heap        ] GC(385955)   class space    used 5714K, capacity 6561K, committed 6912K, reserved 1048576K
[2020-12-25T01:42:53.882-0400][gc             ] GC(385955) Pause Young (Normal) (G1 Evacuation Pause) 57M->47M(70M) 5.691ms
[2020-12-25T01:42:53.882-0400][gc,cpu         ] GC(385955) User=0.01s Sys=0.00s Real=0.00s
[2020-12-25T01:43:21.678-0400][gc,heap        ] GC(385956) Heap before GC invocations=385931 (full 11278): garbage-first heap   total 71680K, used 57860K [0x0000000083000000, 0x0000000100000000)
[2020-12-25T01:43:21.678-0400][gc,heap        ] GC(385956)   region size 1024K, 11 young (11264K), 1 survivors (1024K)
[2020-12-25T01:43:21.678-0400][gc,heap        ] GC(385956)  Metaspace       used 61028K, capacity 63733K, committed 64768K, reserved 1107968K
[2020-12-25T01:43:21.678-0400][gc,heap        ] GC(385956)   class space    used 5714K, capacity 6561K, committed 6912K, reserved 1048576K
[2020-12-25T01:43:21.679-0400][gc,start       ] GC(385956) Pause Young (Normal) (G1 Evacuation Pause)
[2020-12-25T01:43:21.679-0400][gc,task        ] GC(385956) Using 4 workers of 4 for evacuation
[2020-12-25T01:43:21.684-0400][gc,phases      ] GC(385956)   Pre Evacuate Collection Set: 0.0ms
[2020-12-25T01:43:21.684-0400][gc,phases      ] GC(385956)   Evacuate Collection Set: 3.2ms
[2020-12-25T01:43:21.684-0400][gc,phases      ] GC(385956)   Post Evacuate Collection Set: 1.6ms
[2020-12-25T01:43:21.684-0400][gc,phases      ] GC(385956)   Other: 0.8ms
[2020-12-25T01:43:21.684-0400][gc,heap        ] GC(385956) Eden regions: 10->0(10)
[2020-12-25T01:43:21.684-0400][gc,heap        ] GC(385956) Survivor regions: 1->1(2)
[2020-12-25T01:43:21.684-0400][gc,heap        ] GC(385956) Old regions: 47->47
[2020-12-25T01:43:21.684-0400][gc,heap        ] GC(385956) Humongous regions: 4->4
[2020-12-25T01:43:21.684-0400][gc,metaspace   ] GC(385956) Metaspace: 61028K->61028K(1107968K)
[2020-12-25T01:43:21.684-0400][gc,heap        ] GC(385956) Heap after GC invocations=385932 (full 11278): garbage-first heap   total 71680K, used 48761K [0x0000000083000000, 0x0000000100000000)
[2020-12-25T01:43:21.685-0400][gc,heap        ] GC(385956)   region size 1024K, 1 young (1024K), 1 survivors (1024K)
[2020-12-25T01:43:21.685-0400][gc,heap        ] GC(385956)  Metaspace       used 61028K, capacity 63733K, committed 64768K, reserved 1107968K
[2020-12-25T01:43:21.685-0400][gc,heap        ] GC(385956)   class space    used 5714K, capacity 6561K, committed 6912K, reserved 1048576K
[2020-12-25T01:43:21.685-0400][gc             ] GC(385956) Pause Young (Normal) (G1 Evacuation Pause) 57M->47M(70M) 6.216ms
[2020-12-25T01:43:21.685-0400][gc,cpu         ] GC(385956) User=0.00s Sys=0.01s Real=0.00s
[2020-12-25T01:43:56.671-0400][gc,heap        ] GC(385957) Heap before GC invocations=385932 (full 11278): garbage-first heap   total 71680K, used 57977K [0x0000000083000000, 0x0000000100000000)
[2020-12-25T01:43:56.671-0400][gc,heap        ] GC(385957)   region size 1024K, 11 young (11264K), 1 survivors (1024K)
[2020-12-25T01:43:56.671-0400][gc,heap        ] GC(385957)  Metaspace       used 61028K, capacity 63733K, committed 64768K, reserved 1107968K
[2020-12-25T01:43:56.672-0400][gc,heap        ] GC(385957)   class space    used 5714K, capacity 6561K, committed 6912K, reserved 1048576K
[2020-12-25T01:43:56.672-0400][gc,start       ] GC(385957) Pause Young (Normal) (G1 Evacuation Pause)
[2020-12-25T01:43:56.672-0400][gc,task        ] GC(385957) Using 4 workers of 4 for evacuation
[2020-12-25T01:43:56.677-0400][gc,phases      ] GC(385957)   Pre Evacuate Collection Set: 0.0ms
[2020-12-25T01:43:56.677-0400][gc,phases      ] GC(385957)   Evacuate Collection Set: 3.0ms
[2020-12-25T01:43:56.677-0400][gc,phases      ] GC(385957)   Post Evacuate Collection Set: 1.5ms
[2020-12-25T01:43:56.677-0400][gc,phases      ] GC(385957)   Other: 0.9ms
[2020-12-25T01:43:56.677-0400][gc,heap        ] GC(385957) Eden regions: 10->0(10)
[2020-12-25T01:43:56.677-0400][gc,heap        ] GC(385957) Survivor regions: 1->1(2)
[2020-12-25T01:43:56.677-0400][gc,heap        ] GC(385957) Old regions: 47->47
[2020-12-25T01:43:56.677-0400][gc,heap        ] GC(385957) Humongous regions: 4->4
[2020-12-25T01:43:56.677-0400][gc,metaspace   ] GC(385957) Metaspace: 61028K->61028K(1107968K)
[2020-12-25T01:43:56.677-0400][gc,heap        ] GC(385957) Heap after GC invocations=385933 (full 11278): garbage-first heap   total 71680K, used 48737K [0x0000000083000000, 0x0000000100000000)
[2020-12-25T01:43:56.677-0400][gc,heap        ] GC(385957)   region size 1024K, 1 young (1024K), 1 survivors (1024K)
[2020-12-25T01:43:56.677-0400][gc,heap        ] GC(385957)  Metaspace       used 61028K, capacity 63733K, committed 64768K, reserved 1107968K
[2020-12-25T01:43:56.677-0400][gc,heap        ] GC(385957)   class space    used 5714K, capacity 6561K, committed 6912K, reserved 1048576K
[2020-12-25T01:43:56.677-0400][gc             ] GC(385957) Pause Young (Normal) (G1 Evacuation Pause) 57M->47M(70M) 5.793ms
[2020-12-25T01:43:56.678-0400][gc,cpu         ] GC(385957) User=0.01s Sys=0.01s Real=0.01s
[2020-12-25T01:44:19.200-0400][gc,heap        ] GC(385958) Heap before GC invocations=385933 (full 11278): garbage-first heap   total 71680K, used 57953K [0x0000000083000000, 0x0000000100000000)
[2020-12-25T01:44:19.200-0400][gc,heap        ] GC(385958)   region size 1024K, 11 young (11264K), 1 survivors (1024K)
[2020-12-25T01:44:19.200-0400][gc,heap        ] GC(385958)  Metaspace       used 61028K, capacity 63733K, committed 64768K, reserved 1107968K
[2020-12-25T01:44:19.200-0400][gc,heap        ] GC(385958)   class space    used 5714K, capacity 6561K, committed 6912K, reserved 1048576K
[2020-12-25T01:44:19.201-0400][gc,start       ] GC(385958) Pause Young (Normal) (G1 Evacuation Pause)
[2020-12-25T01:44:19.201-0400][gc,task        ] GC(385958) Using 4 workers of 4 for evacuation
[2020-12-25T01:44:19.206-0400][gc,phases      ] GC(385958)   Pre Evacuate Collection Set: 0.0ms
[2020-12-25T01:44:19.206-0400][gc,phases      ] GC(385958)   Evacuate Collection Set: 3.3ms
[2020-12-25T01:44:19.206-0400][gc,phases      ] GC(385958)   Post Evacuate Collection Set: 1.6ms
[2020-12-25T01:44:19.206-0400][gc,phases      ] GC(385958)   Other: 0.8ms
[2020-12-25T01:44:19.206-0400][gc,heap        ] GC(385958) Eden regions: 10->0(10)
[2020-12-25T01:44:19.206-0400][gc,heap        ] GC(385958) Survivor regions: 1->1(2)
[2020-12-25T01:44:19.206-0400][gc,heap        ] GC(385958) Old regions: 47->47
[2020-12-25T01:44:19.206-0400][gc,heap        ] GC(385958) Humongous regions: 4->4
[2020-12-25T01:44:19.206-0400][gc,metaspace   ] GC(385958) Metaspace: 61028K->61028K(1107968K)
[2020-12-25T01:44:19.206-0400][gc,heap        ] GC(385958) Heap after GC invocations=385934 (full 11278): garbage-first heap   total 71680K, used 48834K [0x0000000083000000, 0x0000000100000000)
[2020-12-25T01:44:19.207-0400][gc,heap        ] GC(385958)   region size 1024K, 1 young (1024K), 1 survivors (1024K)
[2020-12-25T01:44:19.207-0400][gc,heap        ] GC(385958)  Metaspace       used 61028K, capacity 63733K, committed 64768K, reserved 1107968K
[2020-12-25T01:44:19.207-0400][gc,heap        ] GC(385958)   class space    used 5714K, capacity 6561K, committed 6912K, reserved 1048576K
[2020-12-25T01:44:19.207-0400][gc             ] GC(385958) Pause Young (Normal) (G1 Evacuation Pause) 57M->47M(70M) 6.262ms
[2020-12-25T01:44:19.207-0400][gc,cpu         ] GC(385958) User=0.01s Sys=0.00s Real=0.01s
[2020-12-25T01:44:53.894-0400][gc,heap        ] GC(385959) Heap before GC invocations=385934 (full 11278): garbage-first heap   total 71680K, used 59074K [0x0000000083000000, 0x0000000100000000)
[2020-12-25T01:44:53.894-0400][gc,heap        ] GC(385959)   region size 1024K, 11 young (11264K), 1 survivors (1024K)
[2020-12-25T01:44:53.894-0400][gc,heap        ] GC(385959)  Metaspace       used 61028K, capacity 63733K, committed 64768K, reserved 1107968K
[2020-12-25T01:44:53.894-0400][gc,heap        ] GC(385959)   class space    used 5714K, capacity 6561K, committed 6912K, reserved 1048576K
[2020-12-25T01:44:53.894-0400][gc,start       ] GC(385959) Pause Young (Normal) (G1 Evacuation Pause)
[2020-12-25T01:44:53.894-0400][gc,task        ] GC(385959) Using 4 workers of 4 for evacuation
[2020-12-25T01:44:53.900-0400][gc,phases      ] GC(385959)   Pre Evacuate Collection Set: 0.0ms
[2020-12-25T01:44:53.900-0400][gc,phases      ] GC(385959)   Evacuate Collection Set: 3.8ms
[2020-12-25T01:44:53.900-0400][gc,phases      ] GC(385959)   Post Evacuate Collection Set: 1.5ms
[2020-12-25T01:44:53.900-0400][gc,phases      ] GC(385959)   Other: 0.9ms
[2020-12-25T01:44:53.900-0400][gc,heap        ] GC(385959) Eden regions: 10->0(10)
[2020-12-25T01:44:53.900-0400][gc,heap        ] GC(385959) Survivor regions: 1->1(2)
[2020-12-25T01:44:53.900-0400][gc,heap        ] GC(385959) Old regions: 47->47
[2020-12-25T01:44:53.900-0400][gc,heap        ] GC(385959) Humongous regions: 4->4
[2020-12-25T01:44:53.900-0400][gc,metaspace   ] GC(385959) Metaspace: 61028K->61028K(1107968K)
[2020-12-25T01:44:53.900-0400][gc,heap        ] GC(385959) Heap after GC invocations=385935 (full 11278): garbage-first heap   total 71680K, used 48867K [0x0000000083000000, 0x0000000100000000)
[2020-12-25T01:44:53.900-0400][gc,heap        ] GC(385959)   region size 1024K, 1 young (1024K), 1 survivors (1024K)
[2020-12-25T01:44:53.900-0400][gc,heap        ] GC(385959)  Metaspace       used 61028K, capacity 63733K, committed 64768K, reserved 1107968K
[2020-12-25T01:44:53.900-0400][gc,heap        ] GC(385959)   class space    used 5714K, capacity 6561K, committed 6912K, reserved 1048576K
[2020-12-25T01:44:53.900-0400][gc             ] GC(385959) Pause Young (Normal) (G1 Evacuation Pause) 57M->47M(70M) 6.476ms
[2020-12-25T01:44:53.901-0400][gc,cpu         ] GC(385959) User=0.01s Sys=0.00s Real=0.01s
[2020-12-25T01:45:09.584-0400][gc,heap        ] GC(385960) Heap before GC invocations=385935 (full 11278): garbage-first heap   total 71680K, used 58083K [0x0000000083000000, 0x0000000100000000)
[2020-12-25T01:45:09.584-0400][gc,heap        ] GC(385960)   region size 1024K, 11 young (11264K), 1 survivors (1024K)
[2020-12-25T01:45:09.584-0400][gc,heap        ] GC(385960)  Metaspace       used 61028K, capacity 63733K, committed 64768K, reserved 1107968K
[2020-12-25T01:45:09.584-0400][gc,heap        ] GC(385960)   class space    used 5714K, capacity 6561K, committed 6912K, reserved 1048576K
[2020-12-25T01:45:09.584-0400][gc,start       ] GC(385960) Pause Young (Normal) (G1 Evacuation Pause)
[2020-12-25T01:45:09.584-0400][gc,task        ] GC(385960) Using 4 workers of 4 for evacuation
[2020-12-25T01:45:09.590-0400][gc,phases      ] GC(385960)   Pre Evacuate Collection Set: 0.0ms
[2020-12-25T01:45:09.590-0400][gc,phases      ] GC(385960)   Evacuate Collection Set: 3.6ms
[2020-12-25T01:45:09.590-0400][gc,phases      ] GC(385960)   Post Evacuate Collection Set: 1.7ms
[2020-12-25T01:45:09.590-0400][gc,phases      ] GC(385960)   Other: 0.8ms
[2020-12-25T01:45:09.591-0400][gc,heap        ] GC(385960) Eden regions: 10->0(10)
[2020-12-25T01:45:09.591-0400][gc,heap        ] GC(385960) Survivor regions: 1->1(2)
[2020-12-25T01:45:09.591-0400][gc,heap        ] GC(385960) Old regions: 47->47
[2020-12-25T01:45:09.591-0400][gc,heap        ] GC(385960) Humongous regions: 4->4
[2020-12-25T01:45:09.591-0400][gc,metaspace   ] GC(385960) Metaspace: 61028K->61028K(1107968K)
[2020-12-25T01:45:09.591-0400][gc,heap        ] GC(385960) Heap after GC invocations=385936 (full 11278): garbage-first heap   total 71680K, used 48870K [0x0000000083000000, 0x0000000100000000)
[2020-12-25T01:45:09.591-0400][gc,heap        ] GC(385960)   region size 1024K, 1 young (1024K), 1 survivors (1024K)
[2020-12-25T01:45:09.591-0400][gc,heap        ] GC(385960)  Metaspace       used 61028K, capacity 63733K, committed 64768K, reserved 1107968K
[2020-12-25T01:45:09.591-0400][gc,heap        ] GC(385960)   class space    used 5714K, capacity 6561K, committed 6912K, reserved 1048576K
[2020-12-25T01:45:09.591-0400][gc             ] GC(385960) Pause Young (Normal) (G1 Evacuation Pause) 57M->47M(70M) 6.916ms
[2020-12-25T01:45:09.591-0400][gc,cpu         ] GC(385960) User=0.01s Sys=0.01s Real=0.01s
[2020-12-25T01:45:38.503-0400][gc,heap        ] GC(385961) Heap before GC invocations=385936 (full 11278): garbage-first heap   total 71680K, used 58086K [0x0000000083000000, 0x0000000100000000)
[2020-12-25T01:45:38.503-0400][gc,heap        ] GC(385961)   region size 1024K, 11 young (11264K), 1 survivors (1024K)
[2020-12-25T01:45:38.503-0400][gc,heap        ] GC(385961)  Metaspace       used 61028K, capacity 63733K, committed 64768K, reserved 1107968K
[2020-12-25T01:45:38.503-0400][gc,heap        ] GC(385961)   class space    used 5714K, capacity 6561K, committed 6912K, reserved 1048576K
[2020-12-25T01:45:38.503-0400][gc,start       ] GC(385961) Pause Young (Normal) (G1 Evacuation Pause)
[2020-12-25T01:45:38.504-0400][gc,task        ] GC(385961) Using 4 workers of 4 for evacuation
[2020-12-25T01:45:38.509-0400][gc,phases      ] GC(385961)   Pre Evacuate Collection Set: 0.0ms
[2020-12-25T01:45:38.509-0400][gc,phases      ] GC(385961)   Evacuate Collection Set: 3.4ms
[2020-12-25T01:45:38.509-0400][gc,phases      ] GC(385961)   Post Evacuate Collection Set: 1.8ms
[2020-12-25T01:45:38.510-0400][gc,phases      ] GC(385961)   Other: 0.9ms
[2020-12-25T01:45:38.510-0400][gc,heap        ] GC(385961) Eden regions: 10->0(10)
[2020-12-25T01:45:38.510-0400][gc,heap        ] GC(385961) Survivor regions: 1->1(2)
[2020-12-25T01:45:38.510-0400][gc,heap        ] GC(385961) Old regions: 47->47
[2020-12-25T01:45:38.510-0400][gc,heap        ] GC(385961) Humongous regions: 4->4
[2020-12-25T01:45:38.510-0400][gc,metaspace   ] GC(385961) Metaspace: 61028K->61028K(1107968K)
[2020-12-25T01:45:38.510-0400][gc,heap        ] GC(385961) Heap after GC invocations=385937 (full 11278): garbage-first heap   total 71680K, used 48882K [0x0000000083000000, 0x0000000100000000)
[2020-12-25T01:45:38.510-0400][gc,heap        ] GC(385961)   region size 1024K, 1 young (1024K), 1 survivors (1024K)
[2020-12-25T01:45:38.510-0400][gc,heap        ] GC(385961)  Metaspace       used 61028K, capacity 63733K, committed 64768K, reserved 1107968K
[2020-12-25T01:45:38.510-0400][gc,heap        ] GC(385961)   class space    used 5714K, capacity 6561K, committed 6912K, reserved 1048576K
[2020-12-25T01:45:38.510-0400][gc             ] GC(385961) Pause Young (Normal) (G1 Evacuation Pause) 57M->47M(70M) 6.571ms
[2020-12-25T01:45:38.510-0400][gc,cpu         ] GC(385961) User=0.01s Sys=0.01s Real=0.01s
[2020-12-25T01:46:02.335-0400][gc,heap        ] GC(385962) Heap before GC invocations=385937 (full 11278): garbage-first heap   total 71680K, used 58098K [0x0000000083000000, 0x0000000100000000)
[2020-12-25T01:46:02.336-0400][gc,heap        ] GC(385962)   region size 1024K, 11 young (11264K), 1 survivors (1024K)
[2020-12-25T01:46:02.336-0400][gc,heap        ] GC(385962)  Metaspace       used 61028K, capacity 63733K, committed 64768K, reserved 1107968K
[2020-12-25T01:46:02.336-0400][gc,heap        ] GC(385962)   class space    used 5714K, capacity 6561K, committed 6912K, reserved 1048576K
[2020-12-25T01:46:02.336-0400][gc,start       ] GC(385962) Pause Young (Normal) (G1 Evacuation Pause)
[2020-12-25T01:46:02.336-0400][gc,task        ] GC(385962) Using 4 workers of 4 for evacuation
[2020-12-25T01:46:02.342-0400][gc,phases      ] GC(385962)   Pre Evacuate Collection Set: 0.0ms
[2020-12-25T01:46:02.342-0400][gc,phases      ] GC(385962)   Evacuate Collection Set: 3.5ms
[2020-12-25T01:46:02.342-0400][gc,phases      ] GC(385962)   Post Evacuate Collection Set: 1.9ms
[2020-12-25T01:46:02.342-0400][gc,phases      ] GC(385962)   Other: 1.0ms
[2020-12-25T01:46:02.342-0400][gc,heap        ] GC(385962) Eden regions: 10->0(10)
[2020-12-25T01:46:02.342-0400][gc,heap        ] GC(385962) Survivor regions: 1->1(2)
[2020-12-25T01:46:02.342-0400][gc,heap        ] GC(385962) Old regions: 47->47
[2020-12-25T01:46:02.342-0400][gc,heap        ] GC(385962) Humongous regions: 4->4
[2020-12-25T01:46:02.342-0400][gc,metaspace   ] GC(385962) Metaspace: 61028K->61028K(1107968K)
[2020-12-25T01:46:02.342-0400][gc,heap        ] GC(385962) Heap after GC invocations=385938 (full 11278): garbage-first heap   total 71680K, used 48909K [0x0000000083000000, 0x0000000100000000)
[2020-12-25T01:46:02.342-0400][gc,heap        ] GC(385962)   region size 1024K, 1 young (1024K), 1 survivors (1024K)
[2020-12-25T01:46:02.342-0400][gc,heap        ] GC(385962)  Metaspace       used 61028K, capacity 63733K, committed 64768K, reserved 1107968K
[2020-12-25T01:46:02.342-0400][gc,heap        ] GC(385962)   class space    used 5714K, capacity 6561K, committed 6912K, reserved 1048576K
[2020-12-25T01:46:02.343-0400][gc             ] GC(385962) Pause Young (Normal) (G1 Evacuation Pause) 57M->47M(70M) 6.634ms
[2020-12-25T01:46:02.343-0400][gc,cpu         ] GC(385962) User=0.02s Sys=0.00s Real=0.00s
[2020-12-25T01:46:32.988-0400][gc,heap        ] GC(385963) Heap before GC invocations=385938 (full 11278): garbage-first heap   total 71680K, used 58125K [0x0000000083000000, 0x0000000100000000)
[2020-12-25T01:46:32.988-0400][gc,heap        ] GC(385963)   region size 1024K, 11 young (11264K), 1 survivors (1024K)
[2020-12-25T01:46:32.988-0400][gc,heap        ] GC(385963)  Metaspace       used 61028K, capacity 63733K, committed 64768K, reserved 1107968K
[2020-12-25T01:46:32.988-0400][gc,heap        ] GC(385963)   class space    used 5714K, capacity 6561K, committed 6912K, reserved 1048576K
[2020-12-25T01:46:32.989-0400][gc,start       ] GC(385963) Pause Young (Normal) (G1 Evacuation Pause)
[2020-12-25T01:46:32.989-0400][gc,task        ] GC(385963) Using 4 workers of 4 for evacuation
[2020-12-25T01:46:32.996-0400][gc,phases      ] GC(385963)   Pre Evacuate Collection Set: 0.0ms
[2020-12-25T01:46:32.997-0400][gc,phases      ] GC(385963)   Evacuate Collection Set: 5.2ms
[2020-12-25T01:46:32.997-0400][gc,phases      ] GC(385963)   Post Evacuate Collection Set: 2.0ms
[2020-12-25T01:46:32.997-0400][gc,phases      ] GC(385963)   Other: 1.0ms
[2020-12-25T01:46:32.997-0400][gc,heap        ] GC(385963) Eden regions: 10->0(9)
[2020-12-25T01:46:32.997-0400][gc,heap        ] GC(385963) Survivor regions: 1->1(2)
[2020-12-25T01:46:32.997-0400][gc,heap        ] GC(385963) Old regions: 47->47
[2020-12-25T01:46:32.997-0400][gc,heap        ] GC(385963) Humongous regions: 4->4
[2020-12-25T01:46:32.997-0400][gc,metaspace   ] GC(385963) Metaspace: 61028K->61028K(1107968K)
[2020-12-25T01:46:32.997-0400][gc,heap        ] GC(385963) Heap after GC invocations=385939 (full 11278): garbage-first heap   total 71680K, used 48970K [0x0000000083000000, 0x0000000100000000)
[2020-12-25T01:46:32.997-0400][gc,heap        ] GC(385963)   region size 1024K, 1 young (1024K), 1 survivors (1024K)
[2020-12-25T01:46:32.997-0400][gc,heap        ] GC(385963)  Metaspace       used 61028K, capacity 63733K, committed 64768K, reserved 1107968K
[2020-12-25T01:46:32.997-0400][gc,heap        ] GC(385963)   class space    used 5714K, capacity 6561K, committed 6912K, reserved 1048576K
[2020-12-25T01:46:32.997-0400][gc             ] GC(385963) Pause Young (Normal) (G1 Evacuation Pause) 57M->47M(70M) 8.600ms
[2020-12-25T01:46:32.997-0400][gc,cpu         ] GC(385963) User=0.02s Sys=0.00s Real=0.01s
[2020-12-25T01:46:37.244-0400][gc,task        ] GC(385964) Using 3 workers of 4 for full compaction
[2020-12-25T01:46:37.244-0400][gc,start       ] GC(385964) Pause Full (System.gc())
[2020-12-25T01:46:37.244-0400][gc,heap        ] GC(385964) Heap before GC invocations=385939 (full 11278): garbage-first heap   total 71680K, used 51018K [0x0000000083000000, 0x0000000100000000)
[2020-12-25T01:46:37.244-0400][gc,heap        ] GC(385964)   region size 1024K, 4 young (4096K), 1 survivors (1024K)
[2020-12-25T01:46:37.244-0400][gc,heap        ] GC(385964)  Metaspace       used 61028K, capacity 63733K, committed 64768K, reserved 1107968K
[2020-12-25T01:46:37.244-0400][gc,heap        ] GC(385964)   class space    used 5714K, capacity 6561K, committed 6912K, reserved 1048576K
[2020-12-25T01:46:37.247-0400][gc,phases,start] GC(385964) Phase 1: Mark live objects
[2020-12-25T01:46:37.417-0400][gc,stringtable ] GC(385964) Cleaned string and symbol table, strings: 32207 processed, 0 removed, symbols: 131455 processed, 0 removed
[2020-12-25T01:46:37.417-0400][gc,phases      ] GC(385964) Phase 1: Mark live objects 170.934ms
[2020-12-25T01:46:37.418-0400][gc,phases,start] GC(385964) Phase 2: Prepare for compaction
[2020-12-25T01:46:37.448-0400][gc,phases      ] GC(385964) Phase 2: Prepare for compaction 30.008ms
[2020-12-25T01:46:37.448-0400][gc,phases,start] GC(385964) Phase 3: Adjust pointers
[2020-12-25T01:46:37.527-0400][gc,phases      ] GC(385964) Phase 3: Adjust pointers 79.578ms
[2020-12-25T01:46:37.527-0400][gc,phases,start] GC(385964) Phase 4: Compact heap
[2020-12-25T01:46:37.548-0400][gc,phases      ] GC(385964) Phase 4: Compact heap 20.822ms
[2020-12-25T01:46:37.585-0400][gc,heap        ] GC(385964) Eden regions: 3->0(11)
[2020-12-25T01:46:37.585-0400][gc,heap        ] GC(385964) Survivor regions: 1->0(2)
[2020-12-25T01:46:37.585-0400][gc,heap        ] GC(385964) Old regions: 47->46
[2020-12-25T01:46:37.585-0400][gc,heap        ] GC(385964) Humongous regions: 4->4
[2020-12-25T01:46:37.585-0400][gc,metaspace   ] GC(385964) Metaspace: 61028K->61020K(1107968K)
[2020-12-25T01:46:37.585-0400][gc,heap        ] GC(385964) Heap after GC invocations=385940 (full 11279): garbage-first heap   total 71680K, used 48488K [0x0000000083000000, 0x0000000100000000)
[2020-12-25T01:46:37.585-0400][gc,heap        ] GC(385964)   region size 1024K, 0 young (0K), 0 survivors (0K)
[2020-12-25T01:46:37.585-0400][gc,heap        ] GC(385964)  Metaspace       used 61020K, capacity 63721K, committed 64768K, reserved 1107968K
[2020-12-25T01:46:37.585-0400][gc,heap        ] GC(385964)   class space    used 5712K, capacity 6559K, committed 6912K, reserved 1048576K
[2020-12-25T01:46:37.585-0400][gc             ] GC(385964) Pause Full (System.gc()) 50M->47M(70M) 341.320ms
[2020-12-25T01:46:37.585-0400][gc,cpu         ] GC(385964) User=0.59s Sys=0.34s Real=0.34s
[2020-12-25T01:46:50.925-0400][gc,task        ] GC(385965) Using 2 workers of 4 for full compaction
[2020-12-25T01:46:50.925-0400][gc,start       ] GC(385965) Pause Full (System.gc())
[2020-12-25T01:46:50.925-0400][gc,heap        ] GC(385965) Heap before GC invocations=385940 (full 11279): garbage-first heap   total 71680K, used 55656K [0x0000000083000000, 0x0000000100000000)
[2020-12-25T01:46:50.925-0400][gc,heap        ] GC(385965)   region size 1024K, 9 young (9216K), 0 survivors (0K)
[2020-12-25T01:46:50.925-0400][gc,heap        ] GC(385965)  Metaspace       used 61027K, capacity 63731K, committed 64768K, reserved 1107968K
[2020-12-25T01:46:50.925-0400][gc,heap        ] GC(385965)   class space    used 5714K, capacity 6562K, committed 6912K, reserved 1048576K
[2020-12-25T01:46:50.930-0400][gc,phases,start] GC(385965) Phase 1: Mark live objects
[2020-12-25T01:46:51.210-0400][gc,stringtable ] GC(385965) Cleaned string and symbol table, strings: 32387 processed, 0 removed, symbols: 131461 processed, 4 removed
[2020-12-25T01:46:51.210-0400][gc,phases      ] GC(385965) Phase 1: Mark live objects 279.591ms
[2020-12-25T01:46:51.210-0400][gc,phases,start] GC(385965) Phase 2: Prepare for compaction
[2020-12-25T01:46:51.260-0400][gc,phases      ] GC(385965) Phase 2: Prepare for compaction 50.341ms
[2020-12-25T01:46:51.260-0400][gc,phases,start] GC(385965) Phase 3: Adjust pointers
[2020-12-25T01:46:51.406-0400][gc,phases      ] GC(385965) Phase 3: Adjust pointers 146.057ms
[2020-12-25T01:46:51.407-0400][gc,phases,start] GC(385965) Phase 4: Compact heap
[2020-12-25T01:46:51.445-0400][gc,phases      ] GC(385965) Phase 4: Compact heap 38.533ms
[2020-12-25T01:46:51.489-0400][gc,heap        ] GC(385965) Eden regions: 9->0(11)
[2020-12-25T01:46:51.489-0400][gc,heap        ] GC(385965) Survivor regions: 0->0(2)
[2020-12-25T01:46:51.489-0400][gc,heap        ] GC(385965) Old regions: 46->46
[2020-12-25T01:46:51.489-0400][gc,heap        ] GC(385965) Humongous regions: 4->4
[2020-12-25T01:46:51.489-0400][gc,metaspace   ] GC(385965) Metaspace: 61027K->61027K(1107968K)
[2020-12-25T01:46:51.489-0400][gc,heap        ] GC(385965) Heap after GC invocations=385941 (full 11280): garbage-first heap   total 71680K, used 48985K [0x0000000083000000, 0x0000000100000000)
[2020-12-25T01:46:51.490-0400][gc,heap        ] GC(385965)   region size 1024K, 0 young (0K), 0 survivors (0K)
[2020-12-25T01:46:51.490-0400][gc,heap        ] GC(385965)  Metaspace       used 61027K, capacity 63731K, committed 64768K, reserved 1107968K
[2020-12-25T01:46:51.490-0400][gc,heap        ] GC(385965)   class space    used 5714K, capacity 6562K, committed 6912K, reserved 1048576K
[2020-12-25T01:46:51.490-0400][gc             ] GC(385965) Pause Full (System.gc()) 56M->47M(70M) 564.840ms
[2020-12-25T01:46:51.490-0400][gc,cpu         ] GC(385965) User=0.94s Sys=0.00s Real=0.57s
[2020-12-25T01:46:59.426-0400][gc,heap        ] GC(385966) Heap before GC invocations=385941 (full 11280): garbage-first heap   total 71680K, used 59225K [0x0000000083000000, 0x0000000100000000)
[2020-12-25T01:46:59.426-0400][gc,heap        ] GC(385966)   region size 1024K, 11 young (11264K), 0 survivors (0K)
[2020-12-25T01:46:59.426-0400][gc,heap        ] GC(385966)  Metaspace       used 61027K, capacity 63731K, committed 64768K, reserved 1107968K
[2020-12-25T01:46:59.426-0400][gc,heap        ] GC(385966)   class space    used 5714K, capacity 6562K, committed 6912K, reserved 1048576K
[2020-12-25T01:46:59.426-0400][gc,start       ] GC(385966) Pause Young (Normal) (G1 Evacuation Pause)
[2020-12-25T01:46:59.426-0400][gc,task        ] GC(385966) Using 4 workers of 4 for evacuation
[2020-12-25T01:46:59.431-0400][gc,phases      ] GC(385966)   Pre Evacuate Collection Set: 0.0ms
[2020-12-25T01:46:59.431-0400][gc,phases      ] GC(385966)   Evacuate Collection Set: 3.1ms
[2020-12-25T01:46:59.431-0400][gc,phases      ] GC(385966)   Post Evacuate Collection Set: 1.8ms
[2020-12-25T01:46:59.432-0400][gc,phases      ] GC(385966)   Other: 0.8ms
[2020-12-25T01:46:59.432-0400][gc,heap        ] GC(385966) Eden regions: 11->0(10)
[2020-12-25T01:46:59.432-0400][gc,heap        ] GC(385966) Survivor regions: 0->1(2)
[2020-12-25T01:46:59.432-0400][gc,heap        ] GC(385966) Old regions: 46->46
[2020-12-25T01:46:59.432-0400][gc,heap        ] GC(385966) Humongous regions: 4->4
[2020-12-25T01:46:59.432-0400][gc,metaspace   ] GC(385966) Metaspace: 61027K->61027K(1107968K)
[2020-12-25T01:46:59.432-0400][gc,heap        ] GC(385966) Heap after GC invocations=385942 (full 11280): garbage-first heap   total 71680K, used 49173K [0x0000000083000000, 0x0000000100000000)
[2020-12-25T01:46:59.432-0400][gc,heap        ] GC(385966)   region size 1024K, 1 young (1024K), 1 survivors (1024K)
[2020-12-25T01:46:59.432-0400][gc,heap        ] GC(385966)  Metaspace       used 61027K, capacity 63731K, committed 64768K, reserved 1107968K
[2020-12-25T01:46:59.432-0400][gc,heap        ] GC(385966)   class space    used 5714K, capacity 6562K, committed 6912K, reserved 1048576K
[2020-12-25T01:46:59.432-0400][gc             ] GC(385966) Pause Young (Normal) (G1 Evacuation Pause) 58M->48M(70M) 6.125ms
[2020-12-25T01:46:59.432-0400][gc,cpu         ] GC(385966) User=0.01s Sys=0.01s Real=0.00s
[2020-12-25T01:47:10.609-0400][gc,heap        ] GC(385967) Heap before GC invocations=385942 (full 11280): garbage-first heap   total 71680K, used 58389K [0x0000000083000000, 0x0000000100000000)
[2020-12-25T01:47:10.609-0400][gc,heap        ] GC(385967)   region size 1024K, 11 young (11264K), 1 survivors (1024K)
[2020-12-25T01:47:10.609-0400][gc,heap        ] GC(385967)  Metaspace       used 61031K, capacity 63737K, committed 64768K, reserved 1107968K
[2020-12-25T01:47:10.609-0400][gc,heap        ] GC(385967)   class space    used 5715K, capacity 6563K, committed 6912K, reserved 1048576K
[2020-12-25T01:47:10.609-0400][gc,start       ] GC(385967) Pause Young (Normal) (G1 Evacuation Pause)
[2020-12-25T01:47:10.609-0400][gc,task        ] GC(385967) Using 4 workers of 4 for evacuation
[2020-12-25T01:47:10.615-0400][gc,phases      ] GC(385967)   Pre Evacuate Collection Set: 0.0ms
[2020-12-25T01:47:10.615-0400][gc,phases      ] GC(385967)   Evacuate Collection Set: 3.5ms
[2020-12-25T01:47:10.615-0400][gc,phases      ] GC(385967)   Post Evacuate Collection Set: 1.8ms
[2020-12-25T01:47:10.616-0400][gc,phases      ] GC(385967)   Other: 0.9ms
[2020-12-25T01:47:10.616-0400][gc,heap        ] GC(385967) Eden regions: 10->0(10)
[2020-12-25T01:47:10.616-0400][gc,heap        ] GC(385967) Survivor regions: 1->1(2)
[2020-12-25T01:47:10.616-0400][gc,heap        ] GC(385967) Old regions: 46->46
[2020-12-25T01:47:10.616-0400][gc,heap        ] GC(385967) Humongous regions: 4->4
[2020-12-25T01:47:10.616-0400][gc,metaspace   ] GC(385967) Metaspace: 61031K->61031K(1107968K)
[2020-12-25T01:47:10.616-0400][gc,heap        ] GC(385967) Heap after GC invocations=385943 (full 11280): garbage-first heap   total 71680K, used 49221K [0x0000000083000000, 0x0000000100000000)
[2020-12-25T01:47:10.616-0400][gc,heap        ] GC(385967)   region size 1024K, 1 young (1024K), 1 survivors (1024K)
[2020-12-25T01:47:10.616-0400][gc,heap        ] GC(385967)  Metaspace       used 61031K, capacity 63737K, committed 64768K, reserved 1107968K
[2020-12-25T01:47:10.616-0400][gc,heap        ] GC(385967)   class space    used 5715K, capacity 6563K, committed 6912K, reserved 1048576K
[2020-12-25T01:47:10.616-0400][gc             ] GC(385967) Pause Young (Normal) (G1 Evacuation Pause) 58M->48M(70M) 6.637ms
[2020-12-25T01:47:10.616-0400][gc,cpu         ] GC(385967) User=0.01s Sys=0.01s Real=0.01s
[2020-12-25T01:47:32.174-0400][gc,heap        ] GC(385968) Heap before GC invocations=385943 (full 11280): garbage-first heap   total 71680K, used 59461K [0x0000000083000000, 0x0000000100000000)
[2020-12-25T01:47:32.174-0400][gc,heap        ] GC(385968)   region size 1024K, 11 young (11264K), 1 survivors (1024K)
[2020-12-25T01:47:32.174-0400][gc,heap        ] GC(385968)  Metaspace       used 61031K, capacity 63737K, committed 64768K, reserved 1107968K
[2020-12-25T01:47:32.174-0400][gc,heap        ] GC(385968)   class space    used 5715K, capacity 6563K, committed 6912K, reserved 1048576K
[2020-12-25T01:47:32.174-0400][gc,start       ] GC(385968) Pause Young (Normal) (G1 Evacuation Pause)
[2020-12-25T01:47:32.174-0400][gc,task        ] GC(385968) Using 4 workers of 4 for evacuation
[2020-12-25T01:47:32.188-0400][gc,phases      ] GC(385968)   Pre Evacuate Collection Set: 0.0ms
[2020-12-25T01:47:32.188-0400][gc,phases      ] GC(385968)   Evacuate Collection Set: 8.1ms
[2020-12-25T01:47:32.188-0400][gc,phases      ] GC(385968)   Post Evacuate Collection Set: 4.4ms
[2020-12-25T01:47:32.188-0400][gc,phases      ] GC(385968)   Other: 1.1ms
[2020-12-25T01:47:32.188-0400][gc,heap        ] GC(385968) Eden regions: 10->0(10)
[2020-12-25T01:47:32.188-0400][gc,heap        ] GC(385968) Survivor regions: 1->1(2)
[2020-12-25T01:47:32.188-0400][gc,heap        ] GC(385968) Old regions: 46->46
[2020-12-25T01:47:32.188-0400][gc,heap        ] GC(385968) Humongous regions: 4->4
[2020-12-25T01:47:32.188-0400][gc,metaspace   ] GC(385968) Metaspace: 61031K->61031K(1107968K)
[2020-12-25T01:47:32.189-0400][gc,heap        ] GC(385968) Heap after GC invocations=385944 (full 11280): garbage-first heap   total 71680K, used 49213K [0x0000000083000000, 0x0000000100000000)
[2020-12-25T01:47:32.189-0400][gc,heap        ] GC(385968)   region size 1024K, 1 young (1024K), 1 survivors (1024K)
[2020-12-25T01:47:32.189-0400][gc,heap        ] GC(385968)  Metaspace       used 61031K, capacity 63737K, committed 64768K, reserved 1107968K
[2020-12-25T01:47:32.189-0400][gc,heap        ] GC(385968)   class space    used 5715K, capacity 6563K, committed 6912K, reserved 1048576K
[2020-12-25T01:47:32.189-0400][gc             ] GC(385968) Pause Young (Normal) (G1 Evacuation Pause) 58M->48M(70M) 14.763ms
[2020-12-25T01:47:32.189-0400][gc,cpu         ] GC(385968) User=0.02s Sys=0.00s Real=0.02s
[2020-12-25T01:47:34.607-0400][gc,heap        ] GC(385969) Heap before GC invocations=385944 (full 11280): garbage-first heap   total 71680K, used 58429K [0x0000000083000000, 0x0000000100000000)
[2020-12-25T01:47:34.607-0400][gc,heap        ] GC(385969)   region size 1024K, 11 young (11264K), 1 survivors (1024K)
[2020-12-25T01:47:34.607-0400][gc,heap        ] GC(385969)  Metaspace       used 61031K, capacity 63737K, committed 64768K, reserved 1107968K
[2020-12-25T01:47:34.608-0400][gc,heap        ] GC(385969)   class space    used 5715K, capacity 6563K, committed 6912K, reserved 1048576K
[2020-12-25T01:47:34.608-0400][gc,start       ] GC(385969) Pause Young (Normal) (G1 Evacuation Pause)
[2020-12-25T01:47:34.608-0400][gc,task        ] GC(385969) Using 4 workers of 4 for evacuation
[2020-12-25T01:47:34.616-0400][gc,phases      ] GC(385969)   Pre Evacuate Collection Set: 0.0ms
[2020-12-25T01:47:34.616-0400][gc,phases      ] GC(385969)   Evacuate Collection Set: 4.8ms
[2020-12-25T01:47:34.616-0400][gc,phases      ] GC(385969)   Post Evacuate Collection Set: 2.9ms
[2020-12-25T01:47:34.616-0400][gc,phases      ] GC(385969)   Other: 0.9ms
[2020-12-25T01:47:34.616-0400][gc,heap        ] GC(385969) Eden regions: 10->0(10)
[2020-12-25T01:47:34.616-0400][gc,heap        ] GC(385969) Survivor regions: 1->1(2)
[2020-12-25T01:47:34.616-0400][gc,heap        ] GC(385969) Old regions: 46->46
[2020-12-25T01:47:34.617-0400][gc,heap        ] GC(385969) Humongous regions: 4->4
[2020-12-25T01:47:34.617-0400][gc,metaspace   ] GC(385969) Metaspace: 61031K->61031K(1107968K)
[2020-12-25T01:47:34.617-0400][gc,heap        ] GC(385969) Heap after GC invocations=385945 (full 11280): garbage-first heap   total 71680K, used 49354K [0x0000000083000000, 0x0000000100000000)
[2020-12-25T01:47:34.617-0400][gc,heap        ] GC(385969)   region size 1024K, 1 young (1024K), 1 survivors (1024K)
[2020-12-25T01:47:34.617-0400][gc,heap        ] GC(385969)  Metaspace       used 61031K, capacity 63737K, committed 64768K, reserved 1107968K
[2020-12-25T01:47:34.617-0400][gc,heap        ] GC(385969)   class space    used 5715K, capacity 6563K, committed 6912K, reserved 1048576K
[2020-12-25T01:47:34.617-0400][gc             ] GC(385969) Pause Young (Normal) (G1 Evacuation Pause) 57M->48M(70M) 9.289ms
[2020-12-25T01:47:34.617-0400][gc,cpu         ] GC(385969) User=0.02s Sys=0.00s Real=0.01s
[2020-12-25T01:47:51.761-0400][gc,heap        ] GC(385970) Heap before GC invocations=385945 (full 11280): garbage-first heap   total 71680K, used 59594K [0x0000000083000000, 0x0000000100000000)
[2020-12-25T01:47:51.761-0400][gc,heap        ] GC(385970)   region size 1024K, 11 young (11264K), 1 survivors (1024K)
[2020-12-25T01:47:51.761-0400][gc,heap        ] GC(385970)  Metaspace       used 61031K, capacity 63737K, committed 64768K, reserved 1107968K
[2020-12-25T01:47:51.761-0400][gc,heap        ] GC(385970)   class space    used 5715K, capacity 6563K, committed 6912K, reserved 1048576K
[2020-12-25T01:47:51.761-0400][gc,start       ] GC(385970) Pause Young (Normal) (G1 Evacuation Pause)
[2020-12-25T01:47:51.761-0400][gc,task        ] GC(385970) Using 4 workers of 4 for evacuation
[2020-12-25T01:47:51.769-0400][gc,phases      ] GC(385970)   Pre Evacuate Collection Set: 0.0ms
[2020-12-25T01:47:51.769-0400][gc,phases      ] GC(385970)   Evacuate Collection Set: 4.8ms
[2020-12-25T01:47:51.769-0400][gc,phases      ] GC(385970)   Post Evacuate Collection Set: 2.6ms
[2020-12-25T01:47:51.769-0400][gc,phases      ] GC(385970)   Other: 0.9ms
[2020-12-25T01:47:51.769-0400][gc,heap        ] GC(385970) Eden regions: 10->0(11)
[2020-12-25T01:47:51.769-0400][gc,heap        ] GC(385970) Survivor regions: 1->1(2)
[2020-12-25T01:47:51.770-0400][gc,heap        ] GC(385970) Old regions: 46->46
[2020-12-25T01:47:51.770-0400][gc,heap        ] GC(385970) Humongous regions: 4->4
[2020-12-25T01:47:51.770-0400][gc,metaspace   ] GC(385970) Metaspace: 61031K->61031K(1107968K)
[2020-12-25T01:47:51.770-0400][gc,heap        ] GC(385970) Heap after GC invocations=385946 (full 11280): garbage-first heap   total 71680K, used 49219K [0x0000000083000000, 0x0000000100000000)
[2020-12-25T01:47:51.770-0400][gc,heap        ] GC(385970)   region size 1024K, 1 young (1024K), 1 survivors (1024K)
[2020-12-25T01:47:51.770-0400][gc,heap        ] GC(385970)  Metaspace       used 61031K, capacity 63737K, committed 64768K, reserved 1107968K
[2020-12-25T01:47:51.770-0400][gc,heap        ] GC(385970)   class space    used 5715K, capacity 6563K, committed 6912K, reserved 1048576K
[2020-12-25T01:47:51.770-0400][gc             ] GC(385970) Pause Young (Normal) (G1 Evacuation Pause) 58M->48M(70M) 8.946ms
[2020-12-25T01:47:51.771-0400][gc,cpu         ] GC(385970) User=0.02s Sys=0.00s Real=0.01s
[2020-12-25T01:47:56.793-0400][gc,heap        ] GC(385971) Heap before GC invocations=385946 (full 11280): garbage-first heap   total 71680K, used 59459K [0x0000000083000000, 0x0000000100000000)
[2020-12-25T01:47:56.793-0400][gc,heap        ] GC(385971)   region size 1024K, 12 young (12288K), 1 survivors (1024K)
[2020-12-25T01:47:56.793-0400][gc,heap        ] GC(385971)  Metaspace       used 61031K, capacity 63737K, committed 64768K, reserved 1107968K
[2020-12-25T01:47:56.793-0400][gc,heap        ] GC(385971)   class space    used 5715K, capacity 6563K, committed 6912K, reserved 1048576K
[2020-12-25T01:47:56.794-0400][gc,start       ] GC(385971) Pause Young (Normal) (G1 Evacuation Pause)
[2020-12-25T01:47:56.794-0400][gc,task        ] GC(385971) Using 4 workers of 4 for evacuation
[2020-12-25T01:47:56.801-0400][gc,phases      ] GC(385971)   Pre Evacuate Collection Set: 0.0ms
[2020-12-25T01:47:56.801-0400][gc,phases      ] GC(385971)   Evacuate Collection Set: 4.6ms
[2020-12-25T01:47:56.801-0400][gc,phases      ] GC(385971)   Post Evacuate Collection Set: 1.7ms
[2020-12-25T01:47:56.801-0400][gc,phases      ] GC(385971)   Other: 0.9ms
[2020-12-25T01:47:56.801-0400][gc,heap        ] GC(385971) Eden regions: 11->0(11)
[2020-12-25T01:47:56.801-0400][gc,heap        ] GC(385971) Survivor regions: 1->1(2)
[2020-12-25T01:47:56.801-0400][gc,heap        ] GC(385971) Old regions: 46->46
[2020-12-25T01:47:56.801-0400][gc,heap        ] GC(385971) Humongous regions: 4->4
[2020-12-25T01:47:56.801-0400][gc,metaspace   ] GC(385971) Metaspace: 61031K->61031K(1107968K)
[2020-12-25T01:47:56.801-0400][gc,heap        ] GC(385971) Heap after GC invocations=385947 (full 11280): garbage-first heap   total 71680K, used 49243K [0x0000000083000000, 0x0000000100000000)
[2020-12-25T01:47:56.801-0400][gc,heap        ] GC(385971)   region size 1024K, 1 young (1024K), 1 survivors (1024K)
[2020-12-25T01:47:56.801-0400][gc,heap        ] GC(385971)  Metaspace       used 61031K, capacity 63737K, committed 64768K, reserved 1107968K
[2020-12-25T01:47:56.801-0400][gc,heap        ] GC(385971)   class space    used 5715K, capacity 6563K, committed 6912K, reserved 1048576K
[2020-12-25T01:47:56.801-0400][gc             ] GC(385971) Pause Young (Normal) (G1 Evacuation Pause) 59M->48M(70M) 7.709ms
[2020-12-25T01:47:56.802-0400][gc,cpu         ] GC(385971) User=0.01s Sys=0.02s Real=0.01s
[2020-12-25T01:48:06.279-0400][gc,heap        ] GC(385972) Heap before GC invocations=385947 (full 11280): garbage-first heap   total 71680K, used 60507K [0x0000000083000000, 0x0000000100000000)
[2020-12-25T01:48:06.279-0400][gc,heap        ] GC(385972)   region size 1024K, 12 young (12288K), 1 survivors (1024K)
[2020-12-25T01:48:06.279-0400][gc,heap        ] GC(385972)  Metaspace       used 61031K, capacity 63737K, committed 64768K, reserved 1107968K
[2020-12-25T01:48:06.279-0400][gc,heap        ] GC(385972)   class space    used 5715K, capacity 6563K, committed 6912K, reserved 1048576K
[2020-12-25T01:48:06.279-0400][gc,start       ] GC(385972) Pause Young (Normal) (G1 Evacuation Pause)
[2020-12-25T01:48:06.279-0400][gc,task        ] GC(385972) Using 4 workers of 4 for evacuation
[2020-12-25T01:48:06.284-0400][gc,phases      ] GC(385972)   Pre Evacuate Collection Set: 0.0ms
[2020-12-25T01:48:06.285-0400][gc,phases      ] GC(385972)   Evacuate Collection Set: 3.3ms
[2020-12-25T01:48:06.285-0400][gc,phases      ] GC(385972)   Post Evacuate Collection Set: 1.4ms
[2020-12-25T01:48:06.285-0400][gc,phases      ] GC(385972)   Other: 0.9ms
[2020-12-25T01:48:06.285-0400][gc,heap        ] GC(385972) Eden regions: 11->0(11)
[2020-12-25T01:48:06.285-0400][gc,heap        ] GC(385972) Survivor regions: 1->1(2)
[2020-12-25T01:48:06.285-0400][gc,heap        ] GC(385972) Old regions: 46->46
[2020-12-25T01:48:06.285-0400][gc,heap        ] GC(385972) Humongous regions: 4->4
[2020-12-25T01:48:06.285-0400][gc,metaspace   ] GC(385972) Metaspace: 61031K->61031K(1107968K)
[2020-12-25T01:48:06.285-0400][gc,heap        ] GC(385972) Heap after GC invocations=385948 (full 11280): garbage-first heap   total 71680K, used 49271K [0x0000000083000000, 0x0000000100000000)
[2020-12-25T01:48:06.285-0400][gc,heap        ] GC(385972)   region size 1024K, 1 young (1024K), 1 survivors (1024K)
[2020-12-25T01:48:06.285-0400][gc,heap        ] GC(385972)  Metaspace       used 61031K, capacity 63737K, committed 64768K, reserved 1107968K
[2020-12-25T01:48:06.285-0400][gc,heap        ] GC(385972)   class space    used 5715K, capacity 6563K, committed 6912K, reserved 1048576K
[2020-12-25T01:48:06.285-0400][gc             ] GC(385972) Pause Young (Normal) (G1 Evacuation Pause) 59M->48M(70M) 5.935ms
[2020-12-25T01:48:06.285-0400][gc,cpu         ] GC(385972) User=0.01s Sys=0.01s Real=0.00s
[2020-12-25T01:48:12.320-0400][gc,heap        ] GC(385973) Heap before GC invocations=385948 (full 11280): garbage-first heap   total 71680K, used 59511K [0x0000000083000000, 0x0000000100000000)
[2020-12-25T01:48:12.320-0400][gc,heap        ] GC(385973)   region size 1024K, 12 young (12288K), 1 survivors (1024K)
[2020-12-25T01:48:12.320-0400][gc,heap        ] GC(385973)  Metaspace       used 61031K, capacity 63737K, committed 64768K, reserved 1107968K
[2020-12-25T01:48:12.320-0400][gc,heap        ] GC(385973)   class space    used 5715K, capacity 6563K, committed 6912K, reserved 1048576K
[2020-12-25T01:48:12.320-0400][gc,start       ] GC(385973) Pause Young (Normal) (G1 Evacuation Pause)
[2020-12-25T01:48:12.320-0400][gc,task        ] GC(385973) Using 4 workers of 4 for evacuation
[2020-12-25T01:48:12.332-0400][gc,phases      ] GC(385973)   Pre Evacuate Collection Set: 0.0ms
[2020-12-25T01:48:12.332-0400][gc,phases      ] GC(385973)   Evacuate Collection Set: 8.1ms
[2020-12-25T01:48:12.332-0400][gc,phases      ] GC(385973)   Post Evacuate Collection Set: 2.7ms
[2020-12-25T01:48:12.332-0400][gc,phases      ] GC(385973)   Other: 1.0ms
[2020-12-25T01:48:12.332-0400][gc,heap        ] GC(385973) Eden regions: 11->0(9)
[2020-12-25T01:48:12.332-0400][gc,heap        ] GC(385973) Survivor regions: 1->2(2)
[2020-12-25T01:48:12.332-0400][gc,heap        ] GC(385973) Old regions: 46->46
[2020-12-25T01:48:12.332-0400][gc,heap        ] GC(385973) Humongous regions: 4->4
[2020-12-25T01:48:12.332-0400][gc,metaspace   ] GC(385973) Metaspace: 61031K->61031K(1107968K)
[2020-12-25T01:48:12.332-0400][gc,heap        ] GC(385973) Heap after GC invocations=385949 (full 11280): garbage-first heap   total 71680K, used 50592K [0x0000000083000000, 0x0000000100000000)
[2020-12-25T01:48:12.332-0400][gc,heap        ] GC(385973)   region size 1024K, 2 young (2048K), 2 survivors (2048K)
[2020-12-25T01:48:12.332-0400][gc,heap        ] GC(385973)  Metaspace       used 61031K, capacity 63737K, committed 64768K, reserved 1107968K
[2020-12-25T01:48:12.333-0400][gc,heap        ] GC(385973)   class space    used 5715K, capacity 6563K, committed 6912K, reserved 1048576K
[2020-12-25T01:48:12.333-0400][gc             ] GC(385973) Pause Young (Normal) (G1 Evacuation Pause) 58M->49M(70M) 12.272ms
[2020-12-25T01:48:12.333-0400][gc,cpu         ] GC(385973) User=0.03s Sys=0.02s Real=0.01s
[2020-12-25T01:48:17.098-0400][gc,heap        ] GC(385974) Heap before GC invocations=385949 (full 11280): garbage-first heap   total 71680K, used 58784K [0x0000000083000000, 0x0000000100000000)
[2020-12-25T01:48:17.098-0400][gc,heap        ] GC(385974)   region size 1024K, 11 young (11264K), 2 survivors (2048K)
[2020-12-25T01:48:17.098-0400][gc,heap        ] GC(385974)  Metaspace       used 61031K, capacity 63737K, committed 64768K, reserved 1107968K
[2020-12-25T01:48:17.098-0400][gc,heap        ] GC(385974)   class space    used 5715K, capacity 6563K, committed 6912K, reserved 1048576K
[2020-12-25T01:48:17.098-0400][gc,start       ] GC(385974) Pause Young (Normal) (G1 Evacuation Pause)
[2020-12-25T01:48:17.098-0400][gc,task        ] GC(385974) Using 4 workers of 4 for evacuation
[2020-12-25T01:48:17.104-0400][gc,phases      ] GC(385974)   Pre Evacuate Collection Set: 0.0ms
[2020-12-25T01:48:17.104-0400][gc,phases      ] GC(385974)   Evacuate Collection Set: 3.6ms
[2020-12-25T01:48:17.104-0400][gc,phases      ] GC(385974)   Post Evacuate Collection Set: 1.4ms
[2020-12-25T01:48:17.104-0400][gc,phases      ] GC(385974)   Other: 0.8ms
[2020-12-25T01:48:17.104-0400][gc,heap        ] GC(385974) Eden regions: 9->0(9)
[2020-12-25T01:48:17.104-0400][gc,heap        ] GC(385974) Survivor regions: 2->1(2)
[2020-12-25T01:48:17.104-0400][gc,heap        ] GC(385974) Old regions: 46->47
[2020-12-25T01:48:17.104-0400][gc,heap        ] GC(385974) Humongous regions: 4->4
[2020-12-25T01:48:17.104-0400][gc,metaspace   ] GC(385974) Metaspace: 61031K->61031K(1107968K)
[2020-12-25T01:48:17.104-0400][gc,heap        ] GC(385974) Heap after GC invocations=385950 (full 11280): garbage-first heap   total 71680K, used 49410K [0x0000000083000000, 0x0000000100000000)
[2020-12-25T01:48:17.104-0400][gc,heap        ] GC(385974)   region size 1024K, 1 young (1024K), 1 survivors (1024K)
[2020-12-25T01:48:17.104-0400][gc,heap        ] GC(385974)  Metaspace       used 61031K, capacity 63737K, committed 64768K, reserved 1107968K
[2020-12-25T01:48:17.104-0400][gc,heap        ] GC(385974)   class space    used 5715K, capacity 6563K, committed 6912K, reserved 1048576K
[2020-12-25T01:48:17.104-0400][gc             ] GC(385974) Pause Young (Normal) (G1 Evacuation Pause) 58M->48M(70M) 6.222ms
[2020-12-25T01:48:17.105-0400][gc,cpu         ] GC(385974) User=0.00s Sys=0.00s Real=0.00s
[2020-12-25T01:48:29.985-0400][gc,heap        ] GC(385975) Heap before GC invocations=385950 (full 11280): garbage-first heap   total 71680K, used 58626K [0x0000000083000000, 0x0000000100000000)
[2020-12-25T01:48:29.985-0400][gc,heap        ] GC(385975)   region size 1024K, 10 young (10240K), 1 survivors (1024K)
[2020-12-25T01:48:29.985-0400][gc,heap        ] GC(385975)  Metaspace       used 61033K, capacity 63740K, committed 64768K, reserved 1107968K
[2020-12-25T01:48:29.985-0400][gc,heap        ] GC(385975)   class space    used 5715K, capacity 6564K, committed 6912K, reserved 1048576K
[2020-12-25T01:48:29.985-0400][gc,start       ] GC(385975) Pause Young (Normal) (G1 Evacuation Pause)
[2020-12-25T01:48:29.985-0400][gc,task        ] GC(385975) Using 4 workers of 4 for evacuation
[2020-12-25T01:48:29.995-0400][gc,phases      ] GC(385975)   Pre Evacuate Collection Set: 0.0ms
[2020-12-25T01:48:29.995-0400][gc,phases      ] GC(385975)   Evacuate Collection Set: 5.0ms
[2020-12-25T01:48:29.995-0400][gc,phases      ] GC(385975)   Post Evacuate Collection Set: 3.5ms
[2020-12-25T01:48:29.995-0400][gc,phases      ] GC(385975)   Other: 1.1ms
[2020-12-25T01:48:29.995-0400][gc,heap        ] GC(385975) Eden regions: 9->0(9)
[2020-12-25T01:48:29.995-0400][gc,heap        ] GC(385975) Survivor regions: 1->1(2)
[2020-12-25T01:48:29.995-0400][gc,heap        ] GC(385975) Old regions: 47->47
[2020-12-25T01:48:29.995-0400][gc,heap        ] GC(385975) Humongous regions: 4->4
[2020-12-25T01:48:29.995-0400][gc,metaspace   ] GC(385975) Metaspace: 61033K->61033K(1107968K)
[2020-12-25T01:48:29.995-0400][gc,heap        ] GC(385975) Heap after GC invocations=385951 (full 11280): garbage-first heap   total 71680K, used 49912K [0x0000000083000000, 0x0000000100000000)
[2020-12-25T01:48:29.995-0400][gc,heap        ] GC(385975)   region size 1024K, 1 young (1024K), 1 survivors (1024K)
[2020-12-25T01:48:29.996-0400][gc,heap        ] GC(385975)  Metaspace       used 61033K, capacity 63740K, committed 64768K, reserved 1107968K
[2020-12-25T01:48:29.996-0400][gc,heap        ] GC(385975)   class space    used 5715K, capacity 6564K, committed 6912K, reserved 1048576K
[2020-12-25T01:48:29.996-0400][gc             ] GC(385975) Pause Young (Normal) (G1 Evacuation Pause) 57M->48M(70M) 10.315ms
[2020-12-25T01:48:29.996-0400][gc,cpu         ] GC(385975) User=0.03s Sys=0.00s Real=0.02s
[2020-12-25T01:48:36.081-0400][gc,heap        ] GC(385976) Heap before GC invocations=385951 (full 11280): garbage-first heap   total 71680K, used 58104K [0x0000000083000000, 0x0000000100000000)
[2020-12-25T01:48:36.082-0400][gc,heap        ] GC(385976)   region size 1024K, 10 young (10240K), 1 survivors (1024K)
[2020-12-25T01:48:36.082-0400][gc,heap        ] GC(385976)  Metaspace       used 61033K, capacity 63740K, committed 64768K, reserved 1107968K
[2020-12-25T01:48:36.082-0400][gc,heap        ] GC(385976)   class space    used 5715K, capacity 6564K, committed 6912K, reserved 1048576K
[2020-12-25T01:48:36.082-0400][gc,start       ] GC(385976) Pause Young (Normal) (G1 Evacuation Pause)
[2020-12-25T01:48:36.082-0400][gc,task        ] GC(385976) Using 4 workers of 4 for evacuation
[2020-12-25T01:48:36.086-0400][gc,phases      ] GC(385976)   Pre Evacuate Collection Set: 0.0ms
[2020-12-25T01:48:36.086-0400][gc,phases      ] GC(385976)   Evacuate Collection Set: 2.7ms
[2020-12-25T01:48:36.086-0400][gc,phases      ] GC(385976)   Post Evacuate Collection Set: 1.2ms
[2020-12-25T01:48:36.086-0400][gc,phases      ] GC(385976)   Other: 0.9ms
[2020-12-25T01:48:36.086-0400][gc,heap        ] GC(385976) Eden regions: 9->0(10)
[2020-12-25T01:48:36.086-0400][gc,heap        ] GC(385976) Survivor regions: 1->1(2)
[2020-12-25T01:48:36.087-0400][gc,heap        ] GC(385976) Old regions: 47->47
[2020-12-25T01:48:36.087-0400][gc,heap        ] GC(385976) Humongous regions: 4->4
[2020-12-25T01:48:36.087-0400][gc,metaspace   ] GC(385976) Metaspace: 61033K->61033K(1107968K)
[2020-12-25T01:48:36.087-0400][gc,heap        ] GC(385976) Heap after GC invocations=385952 (full 11280): garbage-first heap   total 71680K, used 49301K [0x0000000083000000, 0x0000000100000000)
[2020-12-25T01:48:36.087-0400][gc,heap        ] GC(385976)   region size 1024K, 1 young (1024K), 1 survivors (1024K)
[2020-12-25T01:48:36.087-0400][gc,heap        ] GC(385976)  Metaspace       used 61033K, capacity 63740K, committed 64768K, reserved 1107968K
[2020-12-25T01:48:36.087-0400][gc,heap        ] GC(385976)   class space    used 5715K, capacity 6564K, committed 6912K, reserved 1048576K
[2020-12-25T01:48:36.087-0400][gc             ] GC(385976) Pause Young (Normal) (G1 Evacuation Pause) 57M->48M(70M) 5.226ms
[2020-12-25T01:48:36.087-0400][gc,cpu         ] GC(385976) User=0.01s Sys=0.00s Real=0.01s
[2020-12-25T01:48:47.120-0400][gc,heap        ] GC(385977) Heap before GC invocations=385952 (full 11280): garbage-first heap   total 71680K, used 58517K [0x0000000083000000, 0x0000000100000000)
[2020-12-25T01:48:47.120-0400][gc,heap        ] GC(385977)   region size 1024K, 11 young (11264K), 1 survivors (1024K)
[2020-12-25T01:48:47.120-0400][gc,heap        ] GC(385977)  Metaspace       used 61035K, capacity 63743K, committed 64768K, reserved 1107968K
[2020-12-25T01:48:47.120-0400][gc,heap        ] GC(385977)   class space    used 5716K, capacity 6565K, committed 6912K, reserved 1048576K
[2020-12-25T01:48:47.120-0400][gc,start       ] GC(385977) Pause Young (Normal) (G1 Evacuation Pause)
[2020-12-25T01:48:47.120-0400][gc,task        ] GC(385977) Using 4 workers of 4 for evacuation
[2020-12-25T01:48:47.130-0400][gc,phases      ] GC(385977)   Pre Evacuate Collection Set: 0.1ms
[2020-12-25T01:48:47.130-0400][gc,phases      ] GC(385977)   Evacuate Collection Set: 6.4ms
[2020-12-25T01:48:47.130-0400][gc,phases      ] GC(385977)   Post Evacuate Collection Set: 2.4ms
[2020-12-25T01:48:47.130-0400][gc,phases      ] GC(385977)   Other: 1.1ms
[2020-12-25T01:48:47.130-0400][gc,heap        ] GC(385977) Eden regions: 10->0(8)
[2020-12-25T01:48:47.130-0400][gc,heap        ] GC(385977) Survivor regions: 1->2(2)
[2020-12-25T01:48:47.130-0400][gc,heap        ] GC(385977) Old regions: 47->47
[2020-12-25T01:48:47.130-0400][gc,heap        ] GC(385977) Humongous regions: 4->4
[2020-12-25T01:48:47.130-0400][gc,metaspace   ] GC(385977) Metaspace: 61035K->61035K(1107968K)
[2020-12-25T01:48:47.130-0400][gc,heap        ] GC(385977) Heap after GC invocations=385953 (full 11280): garbage-first heap   total 71680K, used 50232K [0x0000000083000000, 0x0000000100000000)
[2020-12-25T01:48:47.131-0400][gc,heap        ] GC(385977)   region size 1024K, 2 young (2048K), 2 survivors (2048K)
[2020-12-25T01:48:47.131-0400][gc,heap        ] GC(385977)  Metaspace       used 61035K, capacity 63743K, committed 64768K, reserved 1107968K
[2020-12-25T01:48:47.131-0400][gc,heap        ] GC(385977)   class space    used 5716K, capacity 6565K, committed 6912K, reserved 1048576K
[2020-12-25T01:48:47.131-0400][gc             ] GC(385977) Pause Young (Normal) (G1 Evacuation Pause) 58M->49M(70M) 10.395ms
[2020-12-25T01:48:47.131-0400][gc,cpu         ] GC(385977) User=0.03s Sys=0.00s Real=0.01s
[2020-12-25T01:48:57.023-0400][gc,heap        ] GC(385978) Heap before GC invocations=385953 (full 11280): garbage-first heap   total 71680K, used 57400K [0x0000000083000000, 0x0000000100000000)
[2020-12-25T01:48:57.023-0400][gc,heap        ] GC(385978)   region size 1024K, 10 young (10240K), 2 survivors (2048K)
[2020-12-25T01:48:57.023-0400][gc,heap        ] GC(385978)  Metaspace       used 61035K, capacity 63743K, committed 64768K, reserved 1107968K
[2020-12-25T01:48:57.024-0400][gc,heap        ] GC(385978)   class space    used 5716K, capacity 6565K, committed 6912K, reserved 1048576K
[2020-12-25T01:48:57.024-0400][gc,start       ] GC(385978) Pause Young (Normal) (G1 Evacuation Pause)
[2020-12-25T01:48:57.024-0400][gc,task        ] GC(385978) Using 4 workers of 4 for evacuation
[2020-12-25T01:48:57.028-0400][gc,phases      ] GC(385978)   Pre Evacuate Collection Set: 0.0ms
[2020-12-25T01:48:57.028-0400][gc,phases      ] GC(385978)   Evacuate Collection Set: 3.0ms
[2020-12-25T01:48:57.029-0400][gc,phases      ] GC(385978)   Post Evacuate Collection Set: 1.2ms
[2020-12-25T01:48:57.029-0400][gc,phases      ] GC(385978)   Other: 0.8ms
[2020-12-25T01:48:57.029-0400][gc,heap        ] GC(385978) Eden regions: 8->0(9)
[2020-12-25T01:48:57.029-0400][gc,heap        ] GC(385978) Survivor regions: 2->1(2)
[2020-12-25T01:48:57.029-0400][gc,heap        ] GC(385978) Old regions: 47->47
[2020-12-25T01:48:57.029-0400][gc,heap        ] GC(385978) Humongous regions: 4->4
[2020-12-25T01:48:57.029-0400][gc,metaspace   ] GC(385978) Metaspace: 61035K->61035K(1107968K)
[2020-12-25T01:48:57.029-0400][gc,heap        ] GC(385978) Heap after GC invocations=385954 (full 11280): garbage-first heap   total 71680K, used 49366K [0x0000000083000000, 0x0000000100000000)
[2020-12-25T01:48:57.029-0400][gc,heap        ] GC(385978)   region size 1024K, 1 young (1024K), 1 survivors (1024K)
[2020-12-25T01:48:57.029-0400][gc,heap        ] GC(385978)  Metaspace       used 61035K, capacity 63743K, committed 64768K, reserved 1107968K
[2020-12-25T01:48:57.029-0400][gc,heap        ] GC(385978)   class space    used 5716K, capacity 6565K, committed 6912K, reserved 1048576K
[2020-12-25T01:48:57.029-0400][gc             ] GC(385978) Pause Young (Normal) (G1 Evacuation Pause) 57M->48M(70M) 5.443ms
[2020-12-25T01:48:57.029-0400][gc,cpu         ] GC(385978) User=0.02s Sys=0.00s Real=0.01s
[2020-12-25T01:49:04.569-0400][gc,heap        ] GC(385979) Heap before GC invocations=385954 (full 11280): garbage-first heap   total 71680K, used 57558K [0x0000000083000000, 0x0000000100000000)
[2020-12-25T01:49:04.569-0400][gc,heap        ] GC(385979)   region size 1024K, 10 young (10240K), 1 survivors (1024K)
[2020-12-25T01:49:04.569-0400][gc,heap        ] GC(385979)  Metaspace       used 61039K, capacity 63749K, committed 64768K, reserved 1107968K
[2020-12-25T01:49:04.569-0400][gc,heap        ] GC(385979)   class space    used 5716K, capacity 6566K, committed 6912K, reserved 1048576K
[2020-12-25T01:49:04.569-0400][gc,start       ] GC(385979) Pause Young (Normal) (G1 Evacuation Pause)
[2020-12-25T01:49:04.569-0400][gc,task        ] GC(385979) Using 4 workers of 4 for evacuation
[2020-12-25T01:49:04.578-0400][gc,phases      ] GC(385979)   Pre Evacuate Collection Set: 0.0ms
[2020-12-25T01:49:04.578-0400][gc,phases      ] GC(385979)   Evacuate Collection Set: 5.1ms
[2020-12-25T01:49:04.578-0400][gc,phases      ] GC(385979)   Post Evacuate Collection Set: 3.1ms
[2020-12-25T01:49:04.578-0400][gc,phases      ] GC(385979)   Other: 0.8ms
[2020-12-25T01:49:04.578-0400][gc,heap        ] GC(385979) Eden regions: 9->0(9)
[2020-12-25T01:49:04.578-0400][gc,heap        ] GC(385979) Survivor regions: 1->1(2)
[2020-12-25T01:49:04.578-0400][gc,heap        ] GC(385979) Old regions: 47->47
[2020-12-25T01:49:04.578-0400][gc,heap        ] GC(385979) Humongous regions: 4->4
[2020-12-25T01:49:04.578-0400][gc,metaspace   ] GC(385979) Metaspace: 61039K->61039K(1107968K)
[2020-12-25T01:49:04.578-0400][gc,heap        ] GC(385979) Heap after GC invocations=385955 (full 11280): garbage-first heap   total 71680K, used 49885K [0x0000000083000000, 0x0000000100000000)
[2020-12-25T01:49:04.578-0400][gc,heap        ] GC(385979)   region size 1024K, 1 young (1024K), 1 survivors (1024K)
[2020-12-25T01:49:04.578-0400][gc,heap        ] GC(385979)  Metaspace       used 61039K, capacity 63749K, committed 64768K, reserved 1107968K
[2020-12-25T01:49:04.578-0400][gc,heap        ] GC(385979)   class space    used 5716K, capacity 6566K, committed 6912K, reserved 1048576K
[2020-12-25T01:49:04.579-0400][gc             ] GC(385979) Pause Young (Normal) (G1 Evacuation Pause) 57M->48M(70M) 9.389ms
[2020-12-25T01:49:04.579-0400][gc,cpu         ] GC(385979) User=0.02s Sys=0.01s Real=0.01s
[2020-12-25T01:49:10.482-0400][gc,heap        ] GC(385980) Heap before GC invocations=385955 (full 11280): garbage-first heap   total 71680K, used 58077K [0x0000000083000000, 0x0000000100000000)
[2020-12-25T01:49:10.482-0400][gc,heap        ] GC(385980)   region size 1024K, 10 young (10240K), 1 survivors (1024K)
[2020-12-25T01:49:10.482-0400][gc,heap        ] GC(385980)  Metaspace       used 61039K, capacity 63749K, committed 64768K, reserved 1107968K
[2020-12-25T01:49:10.482-0400][gc,heap        ] GC(385980)   class space    used 5716K, capacity 6566K, committed 6912K, reserved 1048576K
[2020-12-25T01:49:10.482-0400][gc,start       ] GC(385980) Pause Young (Normal) (G1 Evacuation Pause)
[2020-12-25T01:49:10.482-0400][gc,task        ] GC(385980) Using 4 workers of 4 for evacuation
[2020-12-25T01:49:10.488-0400][gc,phases      ] GC(385980)   Pre Evacuate Collection Set: 0.0ms
[2020-12-25T01:49:10.488-0400][gc,phases      ] GC(385980)   Evacuate Collection Set: 3.4ms
[2020-12-25T01:49:10.488-0400][gc,phases      ] GC(385980)   Post Evacuate Collection Set: 1.5ms
[2020-12-25T01:49:10.488-0400][gc,phases      ] GC(385980)   Other: 0.9ms
[2020-12-25T01:49:10.488-0400][gc,heap        ] GC(385980) Eden regions: 9->0(9)
[2020-12-25T01:49:10.488-0400][gc,heap        ] GC(385980) Survivor regions: 1->1(2)
[2020-12-25T01:49:10.488-0400][gc,heap        ] GC(385980) Old regions: 47->47
[2020-12-25T01:49:10.488-0400][gc,heap        ] GC(385980) Humongous regions: 4->4
[2020-12-25T01:49:10.488-0400][gc,metaspace   ] GC(385980) Metaspace: 61039K->61039K(1107968K)
[2020-12-25T01:49:10.488-0400][gc,heap        ] GC(385980) Heap after GC invocations=385956 (full 11280): garbage-first heap   total 71680K, used 49492K [0x0000000083000000, 0x0000000100000000)
[2020-12-25T01:49:10.489-0400][gc,heap        ] GC(385980)   region size 1024K, 1 young (1024K), 1 survivors (1024K)
[2020-12-25T01:49:10.489-0400][gc,heap        ] GC(385980)  Metaspace       used 61039K, capacity 63749K, committed 64768K, reserved 1107968K
[2020-12-25T01:49:10.489-0400][gc,heap        ] GC(385980)   class space    used 5716K, capacity 6566K, committed 6912K, reserved 1048576K
[2020-12-25T01:49:10.489-0400][gc             ] GC(385980) Pause Young (Normal) (G1 Evacuation Pause) 57M->48M(70M) 6.419ms
[2020-12-25T01:49:10.489-0400][gc,cpu         ] GC(385980) User=0.00s Sys=0.00s Real=0.01s
[2020-12-25T01:49:22.174-0400][gc,heap        ] GC(385981) Heap before GC invocations=385956 (full 11280): garbage-first heap   total 71680K, used 57684K [0x0000000083000000, 0x0000000100000000)
[2020-12-25T01:49:22.174-0400][gc,heap        ] GC(385981)   region size 1024K, 10 young (10240K), 1 survivors (1024K)
[2020-12-25T01:49:22.174-0400][gc,heap        ] GC(385981)  Metaspace       used 61043K, capacity 63755K, committed 64768K, reserved 1107968K
[2020-12-25T01:49:22.175-0400][gc,heap        ] GC(385981)   class space    used 5717K, capacity 6568K, committed 6912K, reserved 1048576K
[2020-12-25T01:49:22.175-0400][gc,start       ] GC(385981) Pause Young (Normal) (G1 Evacuation Pause)
[2020-12-25T01:49:22.175-0400][gc,task        ] GC(385981) Using 4 workers of 4 for evacuation
[2020-12-25T01:49:22.181-0400][gc,phases      ] GC(385981)   Pre Evacuate Collection Set: 0.0ms
[2020-12-25T01:49:22.181-0400][gc,phases      ] GC(385981)   Evacuate Collection Set: 4.1ms
[2020-12-25T01:49:22.181-0400][gc,phases      ] GC(385981)   Post Evacuate Collection Set: 1.6ms
[2020-12-25T01:49:22.181-0400][gc,phases      ] GC(385981)   Other: 1.0ms
[2020-12-25T01:49:22.181-0400][gc,heap        ] GC(385981) Eden regions: 9->0(9)
[2020-12-25T01:49:22.181-0400][gc,heap        ] GC(385981) Survivor regions: 1->1(2)
[2020-12-25T01:49:22.181-0400][gc,heap        ] GC(385981) Old regions: 47->47
[2020-12-25T01:49:22.181-0400][gc,heap        ] GC(385981) Humongous regions: 4->4
[2020-12-25T01:49:22.182-0400][gc,metaspace   ] GC(385981) Metaspace: 61043K->61043K(1107968K)
[2020-12-25T01:49:22.182-0400][gc,heap        ] GC(385981) Heap after GC invocations=385957 (full 11280): garbage-first heap   total 71680K, used 49684K [0x0000000083000000, 0x0000000100000000)
[2020-12-25T01:49:22.182-0400][gc,heap        ] GC(385981)   region size 1024K, 1 young (1024K), 1 survivors (1024K)
[2020-12-25T01:49:22.182-0400][gc,heap        ] GC(385981)  Metaspace       used 61043K, capacity 63755K, committed 64768K, reserved 1107968K
[2020-12-25T01:49:22.182-0400][gc,heap        ] GC(385981)   class space    used 5717K, capacity 6568K, committed 6912K, reserved 1048576K
[2020-12-25T01:49:22.182-0400][gc             ] GC(385981) Pause Young (Normal) (G1 Evacuation Pause) 57M->48M(70M) 7.196ms
[2020-12-25T01:49:22.182-0400][gc,cpu         ] GC(385981) User=0.01s Sys=0.01s Real=0.01s
[2020-12-25T01:49:25.090-0400][gc,heap        ] GC(385982) Heap before GC invocations=385957 (full 11280): garbage-first heap   total 71680K, used 57876K [0x0000000083000000, 0x0000000100000000)
[2020-12-25T01:49:25.090-0400][gc,heap        ] GC(385982)   region size 1024K, 10 young (10240K), 1 survivors (1024K)
[2020-12-25T01:49:25.090-0400][gc,heap        ] GC(385982)  Metaspace       used 61043K, capacity 63755K, committed 64768K, reserved 1107968K
[2020-12-25T01:49:25.090-0400][gc,heap        ] GC(385982)   class space    used 5717K, capacity 6568K, committed 6912K, reserved 1048576K
[2020-12-25T01:49:25.091-0400][gc,start       ] GC(385982) Pause Young (Normal) (G1 Evacuation Pause)
[2020-12-25T01:49:25.091-0400][gc,task        ] GC(385982) Using 4 workers of 4 for evacuation
[2020-12-25T01:49:25.097-0400][gc,phases      ] GC(385982)   Pre Evacuate Collection Set: 0.0ms
[2020-12-25T01:49:25.097-0400][gc,phases      ] GC(385982)   Evacuate Collection Set: 4.5ms
[2020-12-25T01:49:25.097-0400][gc,phases      ] GC(385982)   Post Evacuate Collection Set: 1.7ms
[2020-12-25T01:49:25.098-0400][gc,phases      ] GC(385982)   Other: 0.8ms
[2020-12-25T01:49:25.098-0400][gc,heap        ] GC(385982) Eden regions: 9->0(9)
[2020-12-25T01:49:25.098-0400][gc,heap        ] GC(385982) Survivor regions: 1->1(2)
[2020-12-25T01:49:25.098-0400][gc,heap        ] GC(385982) Old regions: 47->47
[2020-12-25T01:49:25.098-0400][gc,heap        ] GC(385982) Humongous regions: 4->4
[2020-12-25T01:49:25.098-0400][gc,metaspace   ] GC(385982) Metaspace: 61043K->61043K(1107968K)
[2020-12-25T01:49:25.098-0400][gc,heap        ] GC(385982) Heap after GC invocations=385958 (full 11280): garbage-first heap   total 71680K, used 49660K [0x0000000083000000, 0x0000000100000000)
[2020-12-25T01:49:25.098-0400][gc,heap        ] GC(385982)   region size 1024K, 1 young (1024K), 1 survivors (1024K)
[2020-12-25T01:49:25.098-0400][gc,heap        ] GC(385982)  Metaspace       used 61043K, capacity 63755K, committed 64768K, reserved 1107968K
[2020-12-25T01:49:25.098-0400][gc,heap        ] GC(385982)   class space    used 5717K, capacity 6568K, committed 6912K, reserved 1048576K
[2020-12-25T01:49:25.098-0400][gc             ] GC(385982) Pause Young (Normal) (G1 Evacuation Pause) 57M->48M(70M) 7.496ms
[2020-12-25T01:49:25.098-0400][gc,cpu         ] GC(385982) User=0.01s Sys=0.01s Real=0.01s
[2020-12-25T01:49:37.640-0400][gc,heap        ] GC(385983) Heap before GC invocations=385958 (full 11280): garbage-first heap   total 71680K, used 57852K [0x0000000083000000, 0x0000000100000000)
[2020-12-25T01:49:37.640-0400][gc,heap        ] GC(385983)   region size 1024K, 10 young (10240K), 1 survivors (1024K)
[2020-12-25T01:49:37.640-0400][gc,heap        ] GC(385983)  Metaspace       used 61043K, capacity 63755K, committed 64768K, reserved 1107968K
[2020-12-25T01:49:37.640-0400][gc,heap        ] GC(385983)   class space    used 5717K, capacity 6568K, committed 6912K, reserved 1048576K
[2020-12-25T01:49:37.640-0400][gc,start       ] GC(385983) Pause Young (Normal) (G1 Evacuation Pause)
[2020-12-25T01:49:37.640-0400][gc,task        ] GC(385983) Using 4 workers of 4 for evacuation
[2020-12-25T01:49:37.648-0400][gc,phases      ] GC(385983)   Pre Evacuate Collection Set: 0.0ms
[2020-12-25T01:49:37.648-0400][gc,phases      ] GC(385983)   Evacuate Collection Set: 5.5ms
[2020-12-25T01:49:37.649-0400][gc,phases      ] GC(385983)   Post Evacuate Collection Set: 2.1ms
[2020-12-25T01:49:37.649-0400][gc,phases      ] GC(385983)   Other: 0.9ms
[2020-12-25T01:49:37.649-0400][gc,heap        ] GC(385983) Eden regions: 9->0(9)
[2020-12-25T01:49:37.649-0400][gc,heap        ] GC(385983) Survivor regions: 1->1(2)
[2020-12-25T01:49:37.649-0400][gc,heap        ] GC(385983) Old regions: 47->47
[2020-12-25T01:49:37.649-0400][gc,heap        ] GC(385983) Humongous regions: 4->4
[2020-12-25T01:49:37.649-0400][gc,metaspace   ] GC(385983) Metaspace: 61043K->61043K(1107968K)
[2020-12-25T01:49:37.649-0400][gc,heap        ] GC(385983) Heap after GC invocations=385959 (full 11280): garbage-first heap   total 71680K, used 49585K [0x0000000083000000, 0x0000000100000000)
[2020-12-25T01:49:37.649-0400][gc,heap        ] GC(385983)   region size 1024K, 1 young (1024K), 1 survivors (1024K)
[2020-12-25T01:49:37.649-0400][gc,heap        ] GC(385983)  Metaspace       used 61043K, capacity 63755K, committed 64768K, reserved 1107968K
[2020-12-25T01:49:37.649-0400][gc,heap        ] GC(385983)   class space    used 5717K, capacity 6568K, committed 6912K, reserved 1048576K
[2020-12-25T01:49:37.649-0400][gc             ] GC(385983) Pause Young (Normal) (G1 Evacuation Pause) 57M->48M(70M) 8.920ms
[2020-12-25T01:49:37.649-0400][gc,cpu         ] GC(385983) User=0.01s Sys=0.01s Real=0.01s
[2020-12-25T01:49:41.403-0400][gc,heap        ] GC(385984) Heap before GC invocations=385959 (full 11280): garbage-first heap   total 71680K, used 57777K [0x0000000083000000, 0x0000000100000000)
[2020-12-25T01:49:41.403-0400][gc,heap        ] GC(385984)   region size 1024K, 10 young (10240K), 1 survivors (1024K)
[2020-12-25T01:49:41.403-0400][gc,heap        ] GC(385984)  Metaspace       used 61043K, capacity 63755K, committed 64768K, reserved 1107968K
[2020-12-25T01:49:41.403-0400][gc,heap        ] GC(385984)   class space    used 5717K, capacity 6568K, committed 6912K, reserved 1048576K
[2020-12-25T01:49:41.403-0400][gc,start       ] GC(385984) Pause Young (Normal) (G1 Evacuation Pause)
[2020-12-25T01:49:41.403-0400][gc,task        ] GC(385984) Using 4 workers of 4 for evacuation
[2020-12-25T01:49:41.416-0400][gc,phases      ] GC(385984)   Pre Evacuate Collection Set: 0.0ms
[2020-12-25T01:49:41.416-0400][gc,phases      ] GC(385984)   Evacuate Collection Set: 10.6ms
[2020-12-25T01:49:41.416-0400][gc,phases      ] GC(385984)   Post Evacuate Collection Set: 1.4ms
[2020-12-25T01:49:41.416-0400][gc,phases      ] GC(385984)   Other: 1.0ms
[2020-12-25T01:49:41.416-0400][gc,heap        ] GC(385984) Eden regions: 9->0(8)
[2020-12-25T01:49:41.416-0400][gc,heap        ] GC(385984) Survivor regions: 1->2(2)
[2020-12-25T01:49:41.416-0400][gc,heap        ] GC(385984) Old regions: 47->47
[2020-12-25T01:49:41.416-0400][gc,heap        ] GC(385984) Humongous regions: 4->4
[2020-12-25T01:49:41.416-0400][gc,metaspace   ] GC(385984) Metaspace: 61043K->61043K(1107968K)
[2020-12-25T01:49:41.417-0400][gc,heap        ] GC(385984) Heap after GC invocations=385960 (full 11280): garbage-first heap   total 71680K, used 51071K [0x0000000083000000, 0x0000000100000000)
[2020-12-25T01:49:41.417-0400][gc,heap        ] GC(385984)   region size 1024K, 2 young (2048K), 2 survivors (2048K)
[2020-12-25T01:49:41.417-0400][gc,heap        ] GC(385984)  Metaspace       used 61043K, capacity 63755K, committed 64768K, reserved 1107968K
[2020-12-25T01:49:41.417-0400][gc,heap        ] GC(385984)   class space    used 5717K, capacity 6568K, committed 6912K, reserved 1048576K
[2020-12-25T01:49:41.417-0400][gc             ] GC(385984) Pause Young (Normal) (G1 Evacuation Pause) 57M->49M(70M) 13.411ms
[2020-12-25T01:49:41.417-0400][gc,cpu         ] GC(385984) User=0.04s Sys=0.00s Real=0.02s
[2020-12-25T01:49:41.466-0400][gc,heap        ] GC(385985) Heap before GC invocations=385960 (full 11280): garbage-first heap   total 71680K, used 63359K [0x0000000083000000, 0x0000000100000000)
[2020-12-25T01:49:41.466-0400][gc,heap        ] GC(385985)   region size 1024K, 9 young (9216K), 2 survivors (2048K)
[2020-12-25T01:49:41.466-0400][gc,heap        ] GC(385985)  Metaspace       used 61043K, capacity 63755K, committed 64768K, reserved 1107968K
[2020-12-25T01:49:41.466-0400][gc,heap        ] GC(385985)   class space    used 5717K, capacity 6568K, committed 6912K, reserved 1048576K
[2020-12-25T01:49:41.466-0400][gc,start       ] GC(385985) Pause Young (Concurrent Start) (G1 Humongous Allocation)
[2020-12-25T01:49:41.466-0400][gc,task        ] GC(385985) Using 4 workers of 4 for evacuation
[2020-12-25T01:49:41.481-0400][gc,phases      ] GC(385985)   Pre Evacuate Collection Set: 0.2ms
[2020-12-25T01:49:41.481-0400][gc,phases      ] GC(385985)   Evacuate Collection Set: 12.0ms
[2020-12-25T01:49:41.481-0400][gc,phases      ] GC(385985)   Post Evacuate Collection Set: 1.5ms
[2020-12-25T01:49:41.481-0400][gc,phases      ] GC(385985)   Other: 1.0ms
[2020-12-25T01:49:41.481-0400][gc,heap        ] GC(385985) Eden regions: 7->0(6)
[2020-12-25T01:49:41.481-0400][gc,heap        ] GC(385985) Survivor regions: 2->1(2)
[2020-12-25T01:49:41.481-0400][gc,heap        ] GC(385985) Old regions: 47->48
[2020-12-25T01:49:41.481-0400][gc,heap        ] GC(385985) Humongous regions: 10->6
[2020-12-25T01:49:41.481-0400][gc,metaspace   ] GC(385985) Metaspace: 61043K->61043K(1107968K)
[2020-12-25T01:49:41.481-0400][gc,heap        ] GC(385985) Heap after GC invocations=385961 (full 11280): garbage-first heap   total 71680K, used 53234K [0x0000000083000000, 0x0000000100000000)
[2020-12-25T01:49:41.481-0400][gc,heap        ] GC(385985)   region size 1024K, 1 young (1024K), 1 survivors (1024K)
[2020-12-25T01:49:41.481-0400][gc,heap        ] GC(385985)  Metaspace       used 61043K, capacity 63755K, committed 64768K, reserved 1107968K
[2020-12-25T01:49:41.481-0400][gc,heap        ] GC(385985)   class space    used 5717K, capacity 6568K, committed 6912K, reserved 1048576K
[2020-12-25T01:49:41.481-0400][gc             ] GC(385985) Pause Young (Concurrent Start) (G1 Humongous Allocation) 61M->51M(70M) 15.115ms
[2020-12-25T01:49:41.482-0400][gc,cpu         ] GC(385985) User=0.05s Sys=0.00s Real=0.01s
[2020-12-25T01:49:41.482-0400][gc             ] GC(385986) Concurrent Cycle
[2020-12-25T01:49:41.482-0400][gc,marking     ] GC(385986) Concurrent Clear Claimed Marks
[2020-12-25T01:49:41.482-0400][gc,marking     ] GC(385986) Concurrent Clear Claimed Marks 0.423ms
[2020-12-25T01:49:41.482-0400][gc,marking     ] GC(385986) Concurrent Scan Root Regions
[2020-12-25T01:49:41.484-0400][gc,marking     ] GC(385986) Concurrent Scan Root Regions 1.826ms
[2020-12-25T01:49:41.485-0400][gc,marking     ] GC(385986) Concurrent Mark (3371896.239s)
[2020-12-25T01:49:41.485-0400][gc,marking     ] GC(385986) Concurrent Mark From Roots
[2020-12-25T01:49:41.485-0400][gc,task        ] GC(385986) Using 1 workers of 1 for marking
[2020-12-25T01:49:41.889-0400][gc,marking     ] GC(385986) Concurrent Mark From Roots 403.869ms
[2020-12-25T01:49:41.889-0400][gc,marking     ] GC(385986) Concurrent Preclean
[2020-12-25T01:49:41.890-0400][gc,marking     ] GC(385986) Concurrent Preclean 0.732ms
[2020-12-25T01:49:41.890-0400][gc,marking     ] GC(385986) Concurrent Mark (3371896.239s, 3371896.644s) 405.191ms
[2020-12-25T01:49:41.891-0400][gc,start       ] GC(385986) Pause Remark
[2020-12-25T01:49:41.977-0400][gc,stringtable ] GC(385986) Cleaned string and symbol table, strings: 32392 processed, 0 removed, symbols: 131469 processed, 0 removed
[2020-12-25T01:49:41.978-0400][gc             ] GC(385986) Pause Remark 58M->58M(70M) 86.971ms
[2020-12-25T01:49:41.978-0400][gc,cpu         ] GC(385986) User=0.17s Sys=0.00s Real=0.09s
[2020-12-25T01:49:41.978-0400][gc,marking     ] GC(385986) Concurrent Rebuild Remembered Sets
[2020-12-25T01:49:42.205-0400][gc,marking     ] GC(385986) Concurrent Rebuild Remembered Sets 227.119ms
[2020-12-25T01:49:42.206-0400][gc,start       ] GC(385986) Pause Cleanup
[2020-12-25T01:49:42.207-0400][gc             ] GC(385986) Pause Cleanup 58M->58M(70M) 0.589ms
[2020-12-25T01:49:42.207-0400][gc,cpu         ] GC(385986) User=0.00s Sys=0.00s Real=0.00s
[2020-12-25T01:49:42.207-0400][gc,marking     ] GC(385986) Concurrent Cleanup for Next Mark
[2020-12-25T01:49:42.208-0400][gc,marking     ] GC(385986) Concurrent Cleanup for Next Mark 1.100ms
[2020-12-25T01:49:42.209-0400][gc             ] GC(385986) Concurrent Cycle 726.760ms
[2020-12-25T01:49:50.180-0400][gc,heap        ] GC(385987) Heap before GC invocations=385962 (full 11280): garbage-first heap   total 71680K, used 64498K [0x0000000083000000, 0x0000000100000000)
[2020-12-25T01:49:50.180-0400][gc,heap        ] GC(385987)   region size 1024K, 7 young (7168K), 1 survivors (1024K)
[2020-12-25T01:49:50.180-0400][gc,heap        ] GC(385987)  Metaspace       used 61043K, capacity 63755K, committed 64768K, reserved 1107968K
[2020-12-25T01:49:50.180-0400][gc,heap        ] GC(385987)   class space    used 5717K, capacity 6568K, committed 6912K, reserved 1048576K
[2020-12-25T01:49:50.180-0400][gc,start       ] GC(385987) Pause Young (Normal) (G1 Evacuation Pause)
[2020-12-25T01:49:50.180-0400][gc,task        ] GC(385987) Using 4 workers of 4 for evacuation
[2020-12-25T01:49:50.191-0400][gc,phases      ] GC(385987)   Pre Evacuate Collection Set: 0.1ms
[2020-12-25T01:49:50.191-0400][gc,phases      ] GC(385987)   Evacuate Collection Set: 9.2ms
[2020-12-25T01:49:50.191-0400][gc,phases      ] GC(385987)   Post Evacuate Collection Set: 1.2ms
[2020-12-25T01:49:50.191-0400][gc,phases      ] GC(385987)   Other: 0.8ms
[2020-12-25T01:49:50.191-0400][gc,heap        ] GC(385987) Eden regions: 6->0(3)
[2020-12-25T01:49:50.192-0400][gc,heap        ] GC(385987) Survivor regions: 1->1(1)
[2020-12-25T01:49:50.192-0400][gc,heap        ] GC(385987) Old regions: 48->48
[2020-12-25T01:49:50.192-0400][gc,heap        ] GC(385987) Humongous regions: 12->10
[2020-12-25T01:49:50.192-0400][gc,metaspace   ] GC(385987) Metaspace: 61043K->61043K(1107968K)
[2020-12-25T01:49:50.192-0400][gc,heap        ] GC(385987) Heap after GC invocations=385963 (full 11280): garbage-first heap   total 71680K, used 57148K [0x0000000083000000, 0x0000000100000000)
[2020-12-25T01:49:50.192-0400][gc,heap        ] GC(385987)   region size 1024K, 1 young (1024K), 1 survivors (1024K)
[2020-12-25T01:49:50.192-0400][gc,heap        ] GC(385987)  Metaspace       used 61043K, capacity 63755K, committed 64768K, reserved 1107968K
[2020-12-25T01:49:50.192-0400][gc,heap        ] GC(385987)   class space    used 5717K, capacity 6568K, committed 6912K, reserved 1048576K
[2020-12-25T01:49:50.192-0400][gc             ] GC(385987) Pause Young (Normal) (G1 Evacuation Pause) 63M->55M(70M) 11.821ms
[2020-12-25T01:49:50.192-0400][gc,cpu         ] GC(385987) User=0.04s Sys=0.00s Real=0.01s
[2020-12-25T01:49:55.020-0400][gc,heap        ] GC(385988) Heap before GC invocations=385963 (full 11280): garbage-first heap   total 71680K, used 59196K [0x0000000083000000, 0x0000000100000000)
[2020-12-25T01:49:55.020-0400][gc,heap        ] GC(385988)   region size 1024K, 4 young (4096K), 1 survivors (1024K)
[2020-12-25T01:49:55.020-0400][gc,heap        ] GC(385988)  Metaspace       used 61043K, capacity 63755K, committed 64768K, reserved 1107968K
[2020-12-25T01:49:55.020-0400][gc,heap        ] GC(385988)   class space    used 5717K, capacity 6568K, committed 6912K, reserved 1048576K
[2020-12-25T01:49:55.020-0400][gc,start       ] GC(385988) Pause Young (Concurrent Start) (G1 Evacuation Pause)
[2020-12-25T01:49:55.020-0400][gc,task        ] GC(385988) Using 4 workers of 4 for evacuation
[2020-12-25T01:49:55.029-0400][gc,phases      ] GC(385988)   Pre Evacuate Collection Set: 0.2ms
[2020-12-25T01:49:55.029-0400][gc,phases      ] GC(385988)   Evacuate Collection Set: 6.5ms
[2020-12-25T01:49:55.029-0400][gc,phases      ] GC(385988)   Post Evacuate Collection Set: 1.0ms
[2020-12-25T01:49:55.029-0400][gc,phases      ] GC(385988)   Other: 1.0ms
[2020-12-25T01:49:55.029-0400][gc,heap        ] GC(385988) Eden regions: 3->0(3)
[2020-12-25T01:49:55.029-0400][gc,heap        ] GC(385988) Survivor regions: 1->1(1)
[2020-12-25T01:49:55.029-0400][gc,heap        ] GC(385988) Old regions: 48->48
[2020-12-25T01:49:55.029-0400][gc,heap        ] GC(385988) Humongous regions: 10->10
[2020-12-25T01:49:55.029-0400][gc,metaspace   ] GC(385988) Metaspace: 61043K->61043K(1107968K)
[2020-12-25T01:49:55.029-0400][gc,heap        ] GC(385988) Heap after GC invocations=385964 (full 11280): garbage-first heap   total 71680K, used 57142K [0x0000000083000000, 0x0000000100000000)
[2020-12-25T01:49:55.029-0400][gc,heap        ] GC(385988)   region size 1024K, 1 young (1024K), 1 survivors (1024K)
[2020-12-25T01:49:55.029-0400][gc,heap        ] GC(385988)  Metaspace       used 61043K, capacity 63755K, committed 64768K, reserved 1107968K
[2020-12-25T01:49:55.029-0400][gc,heap        ] GC(385988)   class space    used 5717K, capacity 6568K, committed 6912K, reserved 1048576K
[2020-12-25T01:49:55.029-0400][gc             ] GC(385988) Pause Young (Concurrent Start) (G1 Evacuation Pause) 58M->55M(70M) 9.104ms
[2020-12-25T01:49:55.030-0400][gc,cpu         ] GC(385988) User=0.03s Sys=0.00s Real=0.01s
[2020-12-25T01:49:55.030-0400][gc             ] GC(385989) Concurrent Cycle
[2020-12-25T01:49:55.030-0400][gc,marking     ] GC(385989) Concurrent Clear Claimed Marks
[2020-12-25T01:49:55.030-0400][gc,marking     ] GC(385989) Concurrent Clear Claimed Marks 0.361ms
[2020-12-25T01:49:55.030-0400][gc,marking     ] GC(385989) Concurrent Scan Root Regions
[2020-12-25T01:49:55.033-0400][gc,marking     ] GC(385989) Concurrent Scan Root Regions 2.596ms
[2020-12-25T01:49:55.033-0400][gc,marking     ] GC(385989) Concurrent Mark (3371909.788s)
[2020-12-25T01:49:55.033-0400][gc,marking     ] GC(385989) Concurrent Mark From Roots
[2020-12-25T01:49:55.033-0400][gc,task        ] GC(385989) Using 1 workers of 1 for marking
[2020-12-25T01:49:55.401-0400][gc,marking     ] GC(385989) Concurrent Mark From Roots 368.302ms
[2020-12-25T01:49:55.402-0400][gc,marking     ] GC(385989) Concurrent Preclean
[2020-12-25T01:49:55.402-0400][gc,marking     ] GC(385989) Concurrent Preclean 0.731ms
[2020-12-25T01:49:55.403-0400][gc,marking     ] GC(385989) Concurrent Mark (3371909.788s, 3371910.157s) 369.474ms
[2020-12-25T01:49:55.403-0400][gc,start       ] GC(385989) Pause Remark
[2020-12-25T01:49:55.452-0400][gc,stringtable ] GC(385989) Cleaned string and symbol table, strings: 32392 processed, 0 removed, symbols: 131469 processed, 0 removed
[2020-12-25T01:49:55.453-0400][gc             ] GC(385989) Pause Remark 57M->53M(70M) 49.315ms
[2020-12-25T01:49:55.453-0400][gc,cpu         ] GC(385989) User=0.09s Sys=0.06s Real=0.05s
[2020-12-25T01:49:55.453-0400][gc,marking     ] GC(385989) Concurrent Rebuild Remembered Sets
[2020-12-25T01:49:55.675-0400][gc,marking     ] GC(385989) Concurrent Rebuild Remembered Sets 222.123ms
[2020-12-25T01:49:55.705-0400][gc,start       ] GC(385989) Pause Cleanup
[2020-12-25T01:49:55.705-0400][gc             ] GC(385989) Pause Cleanup 53M->53M(70M) 0.566ms
[2020-12-25T01:49:55.706-0400][gc,cpu         ] GC(385989) User=0.00s Sys=0.00s Real=0.00s
[2020-12-25T01:49:55.706-0400][gc,marking     ] GC(385989) Concurrent Cleanup for Next Mark
[2020-12-25T01:49:55.707-0400][gc,marking     ] GC(385989) Concurrent Cleanup for Next Mark 1.394ms
[2020-12-25T01:49:55.707-0400][gc             ] GC(385989) Concurrent Cycle 677.703ms
[2020-12-25T01:49:59.201-0400][gc,heap        ] GC(385990) Heap before GC invocations=385965 (full 11280): garbage-first heap   total 71680K, used 56118K [0x0000000083000000, 0x0000000100000000)
[2020-12-25T01:49:59.201-0400][gc,heap        ] GC(385990)   region size 1024K, 4 young (4096K), 1 survivors (1024K)
[2020-12-25T01:49:59.201-0400][gc,heap        ] GC(385990)  Metaspace       used 61047K, capacity 63761K, committed 64768K, reserved 1107968K
[2020-12-25T01:49:59.201-0400][gc,heap        ] GC(385990)   class space    used 5718K, capacity 6570K, committed 6912K, reserved 1048576K
[2020-12-25T01:49:59.201-0400][gc,start       ] GC(385990) Pause Young (Normal) (G1 Evacuation Pause)
[2020-12-25T01:49:59.201-0400][gc,task        ] GC(385990) Using 4 workers of 4 for evacuation
[2020-12-25T01:49:59.214-0400][gc,phases      ] GC(385990)   Pre Evacuate Collection Set: 0.1ms
[2020-12-25T01:49:59.214-0400][gc,phases      ] GC(385990)   Evacuate Collection Set: 9.0ms
[2020-12-25T01:49:59.214-0400][gc,phases      ] GC(385990)   Post Evacuate Collection Set: 3.1ms
[2020-12-25T01:49:59.215-0400][gc,phases      ] GC(385990)   Other: 1.2ms
[2020-12-25T01:49:59.215-0400][gc,heap        ] GC(385990) Eden regions: 3->0(8)
[2020-12-25T01:49:59.215-0400][gc,heap        ] GC(385990) Survivor regions: 1->1(1)
[2020-12-25T01:49:59.215-0400][gc,heap        ] GC(385990) Old regions: 48->48
[2020-12-25T01:49:59.215-0400][gc,heap        ] GC(385990) Humongous regions: 6->4
[2020-12-25T01:49:59.215-0400][gc,metaspace   ] GC(385990) Metaspace: 61047K->61047K(1107968K)
[2020-12-25T01:49:59.215-0400][gc,heap        ] GC(385990) Heap after GC invocations=385966 (full 11280): garbage-first heap   total 71680K, used 51253K [0x0000000083000000, 0x0000000100000000)
[2020-12-25T01:49:59.215-0400][gc,heap        ] GC(385990)   region size 1024K, 1 young (1024K), 1 survivors (1024K)
[2020-12-25T01:49:59.215-0400][gc,heap        ] GC(385990)  Metaspace       used 61047K, capacity 63761K, committed 64768K, reserved 1107968K
[2020-12-25T01:49:59.215-0400][gc,heap        ] GC(385990)   class space    used 5718K, capacity 6570K, committed 6912K, reserved 1048576K
[2020-12-25T01:49:59.215-0400][gc             ] GC(385990) Pause Young (Normal) (G1 Evacuation Pause) 54M->50M(70M) 13.989ms
[2020-12-25T01:49:59.216-0400][gc,cpu         ] GC(385990) User=0.04s Sys=0.00s Real=0.02s
[2020-12-25T01:50:02.673-0400][gc,heap        ] GC(385991) Heap before GC invocations=385966 (full 11280): garbage-first heap   total 71680K, used 59445K [0x0000000083000000, 0x0000000100000000)
[2020-12-25T01:50:02.673-0400][gc,heap        ] GC(385991)   region size 1024K, 9 young (9216K), 1 survivors (1024K)
[2020-12-25T01:50:02.673-0400][gc,heap        ] GC(385991)  Metaspace       used 61047K, capacity 63761K, committed 64768K, reserved 1107968K
[2020-12-25T01:50:02.673-0400][gc,heap        ] GC(385991)   class space    used 5718K, capacity 6570K, committed 6912K, reserved 1048576K
[2020-12-25T01:50:02.673-0400][gc,start       ] GC(385991) Pause Young (Concurrent Start) (G1 Evacuation Pause)
[2020-12-25T01:50:02.673-0400][gc,task        ] GC(385991) Using 4 workers of 4 for evacuation
[2020-12-25T01:50:02.687-0400][gc,phases      ] GC(385991)   Pre Evacuate Collection Set: 0.3ms
[2020-12-25T01:50:02.688-0400][gc,phases      ] GC(385991)   Evacuate Collection Set: 11.4ms
[2020-12-25T01:50:02.688-0400][gc,phases      ] GC(385991)   Post Evacuate Collection Set: 2.0ms
[2020-12-25T01:50:02.688-0400][gc,phases      ] GC(385991)   Other: 1.1ms
[2020-12-25T01:50:02.688-0400][gc,heap        ] GC(385991) Eden regions: 8->0(8)
[2020-12-25T01:50:02.688-0400][gc,heap        ] GC(385991) Survivor regions: 1->1(2)
[2020-12-25T01:50:02.688-0400][gc,heap        ] GC(385991) Old regions: 48->48
[2020-12-25T01:50:02.688-0400][gc,heap        ] GC(385991) Humongous regions: 4->4
[2020-12-25T01:50:02.688-0400][gc,metaspace   ] GC(385991) Metaspace: 61047K->61047K(1107968K)
[2020-12-25T01:50:02.688-0400][gc,heap        ] GC(385991) Heap after GC invocations=385967 (full 11280): garbage-first heap   total 71680K, used 51906K [0x0000000083000000, 0x0000000100000000)
[2020-12-25T01:50:02.688-0400][gc,heap        ] GC(385991)   region size 1024K, 1 young (1024K), 1 survivors (1024K)
[2020-12-25T01:50:02.688-0400][gc,heap        ] GC(385991)  Metaspace       used 61047K, capacity 63761K, committed 64768K, reserved 1107968K
[2020-12-25T01:50:02.688-0400][gc,heap        ] GC(385991)   class space    used 5718K, capacity 6570K, committed 6912K, reserved 1048576K
[2020-12-25T01:50:02.689-0400][gc             ] GC(385991) Pause Young (Concurrent Start) (G1 Evacuation Pause) 58M->50M(70M) 15.347ms
[2020-12-25T01:50:02.689-0400][gc,cpu         ] GC(385991) User=0.04s Sys=0.00s Real=0.02s
[2020-12-25T01:50:02.689-0400][gc             ] GC(385992) Concurrent Cycle
[2020-12-25T01:50:02.689-0400][gc,marking     ] GC(385992) Concurrent Clear Claimed Marks
[2020-12-25T01:50:02.690-0400][gc,marking     ] GC(385992) Concurrent Clear Claimed Marks 0.355ms
[2020-12-25T01:50:02.690-0400][gc,marking     ] GC(385992) Concurrent Scan Root Regions
[2020-12-25T01:50:02.696-0400][gc,marking     ] GC(385992) Concurrent Scan Root Regions 6.262ms
[2020-12-25T01:50:02.696-0400][gc,marking     ] GC(385992) Concurrent Mark (3371917.451s)
[2020-12-25T01:50:02.696-0400][gc,marking     ] GC(385992) Concurrent Mark From Roots
[2020-12-25T01:50:02.696-0400][gc,task        ] GC(385992) Using 1 workers of 1 for marking
[2020-12-25T01:50:03.091-0400][gc,marking     ] GC(385992) Concurrent Mark From Roots 394.971ms
[2020-12-25T01:50:03.091-0400][gc,marking     ] GC(385992) Concurrent Preclean
[2020-12-25T01:50:03.092-0400][gc,marking     ] GC(385992) Concurrent Preclean 0.816ms
[2020-12-25T01:50:03.092-0400][gc,marking     ] GC(385992) Concurrent Mark (3371917.451s, 3371917.847s) 396.103ms
[2020-12-25T01:50:03.093-0400][gc,start       ] GC(385992) Pause Remark
[2020-12-25T01:50:03.151-0400][gc,stringtable ] GC(385992) Cleaned string and symbol table, strings: 32394 processed, 0 removed, symbols: 131473 processed, 0 removed
[2020-12-25T01:50:03.153-0400][gc             ] GC(385992) Pause Remark 55M->55M(70M) 59.638ms
[2020-12-25T01:50:03.153-0400][gc,cpu         ] GC(385992) User=0.16s Sys=0.00s Real=0.06s
[2020-12-25T01:50:03.153-0400][gc,marking     ] GC(385992) Concurrent Rebuild Remembered Sets
[2020-12-25T01:50:03.367-0400][gc,marking     ] GC(385992) Concurrent Rebuild Remembered Sets 213.054ms
[2020-12-25T01:50:03.368-0400][gc,start       ] GC(385992) Pause Cleanup
[2020-12-25T01:50:03.368-0400][gc             ] GC(385992) Pause Cleanup 55M->55M(70M) 0.638ms
[2020-12-25T01:50:03.368-0400][gc,cpu         ] GC(385992) User=0.01s Sys=0.00s Real=0.00s
[2020-12-25T01:50:03.369-0400][gc,marking     ] GC(385992) Concurrent Cleanup for Next Mark
[2020-12-25T01:50:03.370-0400][gc,marking     ] GC(385992) Concurrent Cleanup for Next Mark 1.154ms
[2020-12-25T01:50:03.370-0400][gc             ] GC(385992) Concurrent Cycle 681.125ms
[2020-12-25T01:50:08.336-0400][gc,heap        ] GC(385993) Heap before GC invocations=385968 (full 11280): garbage-first heap   total 71680K, used 59074K [0x0000000083000000, 0x0000000100000000)
[2020-12-25T01:50:08.336-0400][gc,heap        ] GC(385993)   region size 1024K, 9 young (9216K), 1 survivors (1024K)
[2020-12-25T01:50:08.336-0400][gc,heap        ] GC(385993)  Metaspace       used 61047K, capacity 63761K, committed 64768K, reserved 1107968K
[2020-12-25T01:50:08.336-0400][gc,heap        ] GC(385993)   class space    used 5718K, capacity 6570K, committed 6912K, reserved 1048576K
[2020-12-25T01:50:08.337-0400][gc,start       ] GC(385993) Pause Young (Normal) (G1 Evacuation Pause)
[2020-12-25T01:50:08.337-0400][gc,task        ] GC(385993) Using 4 workers of 4 for evacuation
[2020-12-25T01:50:08.348-0400][gc,phases      ] GC(385993)   Pre Evacuate Collection Set: 0.0ms
[2020-12-25T01:50:08.348-0400][gc,phases      ] GC(385993)   Evacuate Collection Set: 9.5ms
[2020-12-25T01:50:08.348-0400][gc,phases      ] GC(385993)   Post Evacuate Collection Set: 1.2ms
[2020-12-25T01:50:08.348-0400][gc,phases      ] GC(385993)   Other: 0.9ms
[2020-12-25T01:50:08.348-0400][gc,heap        ] GC(385993) Eden regions: 8->0(8)
[2020-12-25T01:50:08.348-0400][gc,heap        ] GC(385993) Survivor regions: 1->1(2)
[2020-12-25T01:50:08.348-0400][gc,heap        ] GC(385993) Old regions: 48->48
[2020-12-25T01:50:08.348-0400][gc,heap        ] GC(385993) Humongous regions: 4->4
[2020-12-25T01:50:08.348-0400][gc,metaspace   ] GC(385993) Metaspace: 61047K->61047K(1107968K)
[2020-12-25T01:50:08.348-0400][gc,heap        ] GC(385993) Heap after GC invocations=385969 (full 11280): garbage-first heap   total 71680K, used 51134K [0x0000000083000000, 0x0000000100000000)
[2020-12-25T01:50:08.348-0400][gc,heap        ] GC(385993)   region size 1024K, 1 young (1024K), 1 survivors (1024K)
[2020-12-25T01:50:08.348-0400][gc,heap        ] GC(385993)  Metaspace       used 61047K, capacity 63761K, committed 64768K, reserved 1107968K
[2020-12-25T01:50:08.348-0400][gc,heap        ] GC(385993)   class space    used 5718K, capacity 6570K, committed 6912K, reserved 1048576K
[2020-12-25T01:50:08.349-0400][gc             ] GC(385993) Pause Young (Normal) (G1 Evacuation Pause) 58M->49M(70M) 11.923ms
[2020-12-25T01:50:08.349-0400][gc,cpu         ] GC(385993) User=0.04s Sys=0.00s Real=0.01s
[2020-12-25T01:50:20.326-0400][gc,heap        ] GC(385994) Heap before GC invocations=385969 (full 11280): garbage-first heap   total 71680K, used 58302K [0x0000000083000000, 0x0000000100000000)
[2020-12-25T01:50:20.326-0400][gc,heap        ] GC(385994)   region size 1024K, 9 young (9216K), 1 survivors (1024K)
[2020-12-25T01:50:20.326-0400][gc,heap        ] GC(385994)  Metaspace       used 61047K, capacity 63761K, committed 64768K, reserved 1107968K
[2020-12-25T01:50:20.326-0400][gc,heap        ] GC(385994)   class space    used 5718K, capacity 6570K, committed 6912K, reserved 1048576K
[2020-12-25T01:50:20.326-0400][gc,start       ] GC(385994) Pause Young (Concurrent Start) (G1 Evacuation Pause)
[2020-12-25T01:50:20.326-0400][gc,task        ] GC(385994) Using 4 workers of 4 for evacuation
[2020-12-25T01:50:20.344-0400][gc,phases      ] GC(385994)   Pre Evacuate Collection Set: 0.4ms
[2020-12-25T01:50:20.344-0400][gc,phases      ] GC(385994)   Evacuate Collection Set: 13.8ms
[2020-12-25T01:50:20.344-0400][gc,phases      ] GC(385994)   Post Evacuate Collection Set: 3.4ms
[2020-12-25T01:50:20.345-0400][gc,phases      ] GC(385994)   Other: 0.9ms
[2020-12-25T01:50:20.345-0400][gc,heap        ] GC(385994) Eden regions: 8->0(7)
[2020-12-25T01:50:20.345-0400][gc,heap        ] GC(385994) Survivor regions: 1->2(2)
[2020-12-25T01:50:20.345-0400][gc,heap        ] GC(385994) Old regions: 48->48
[2020-12-25T01:50:20.345-0400][gc,heap        ] GC(385994) Humongous regions: 4->4
[2020-12-25T01:50:20.345-0400][gc,metaspace   ] GC(385994) Metaspace: 61047K->61047K(1107968K)
[2020-12-25T01:50:20.345-0400][gc,heap        ] GC(385994) Heap after GC invocations=385970 (full 11280): garbage-first heap   total 71680K, used 52176K [0x0000000083000000, 0x0000000100000000)
[2020-12-25T01:50:20.345-0400][gc,heap        ] GC(385994)   region size 1024K, 2 young (2048K), 2 survivors (2048K)
[2020-12-25T01:50:20.345-0400][gc,heap        ] GC(385994)  Metaspace       used 61047K, capacity 63761K, committed 64768K, reserved 1107968K
[2020-12-25T01:50:20.345-0400][gc,heap        ] GC(385994)   class space    used 5718K, capacity 6570K, committed 6912K, reserved 1048576K
[2020-12-25T01:50:20.345-0400][gc             ] GC(385994) Pause Young (Concurrent Start) (G1 Evacuation Pause) 57M->50M(70M) 18.930ms
[2020-12-25T01:50:20.345-0400][gc,cpu         ] GC(385994) User=0.04s Sys=0.02s Real=0.01s
[2020-12-25T01:50:20.346-0400][gc             ] GC(385995) Concurrent Cycle
[2020-12-25T01:50:20.346-0400][gc,marking     ] GC(385995) Concurrent Clear Claimed Marks
[2020-12-25T01:50:20.346-0400][gc,marking     ] GC(385995) Concurrent Clear Claimed Marks 0.373ms
[2020-12-25T01:50:20.346-0400][gc,marking     ] GC(385995) Concurrent Scan Root Regions
[2020-12-25T01:50:20.353-0400][gc,marking     ] GC(385995) Concurrent Scan Root Regions 7.180ms
[2020-12-25T01:50:20.354-0400][gc,marking     ] GC(385995) Concurrent Mark (3371935.108s)
[2020-12-25T01:50:20.354-0400][gc,marking     ] GC(385995) Concurrent Mark From Roots
[2020-12-25T01:50:20.354-0400][gc,task        ] GC(385995) Using 1 workers of 1 for marking
[2020-12-25T01:50:20.793-0400][gc,marking     ] GC(385995) Concurrent Mark From Roots 439.658ms
[2020-12-25T01:50:20.794-0400][gc,marking     ] GC(385995) Concurrent Preclean
[2020-12-25T01:50:20.794-0400][gc,marking     ] GC(385995) Concurrent Preclean 0.924ms
[2020-12-25T01:50:20.795-0400][gc,marking     ] GC(385995) Concurrent Mark (3371935.108s, 3371935.549s) 440.987ms
[2020-12-25T01:50:20.796-0400][gc,start       ] GC(385995) Pause Remark
[2020-12-25T01:50:20.858-0400][gc,stringtable ] GC(385995) Cleaned string and symbol table, strings: 32394 processed, 0 removed, symbols: 131473 processed, 0 removed
[2020-12-25T01:50:20.858-0400][gc             ] GC(385995) Pause Remark 54M->54M(70M) 62.897ms
[2020-12-25T01:50:20.859-0400][gc,cpu         ] GC(385995) User=0.16s Sys=0.00s Real=0.07s
[2020-12-25T01:50:20.859-0400][gc,marking     ] GC(385995) Concurrent Rebuild Remembered Sets
[2020-12-25T01:50:21.067-0400][gc,marking     ] GC(385995) Concurrent Rebuild Remembered Sets 207.595ms
[2020-12-25T01:50:21.068-0400][gc,start       ] GC(385995) Pause Cleanup
[2020-12-25T01:50:21.068-0400][gc             ] GC(385995) Pause Cleanup 54M->54M(70M) 0.664ms
[2020-12-25T01:50:21.068-0400][gc,cpu         ] GC(385995) User=0.00s Sys=0.00s Real=0.00s
[2020-12-25T01:50:21.069-0400][gc,marking     ] GC(385995) Concurrent Cleanup for Next Mark
[2020-12-25T01:50:21.070-0400][gc,marking     ] GC(385995) Concurrent Cleanup for Next Mark 1.168ms
[2020-12-25T01:50:21.070-0400][gc             ] GC(385995) Concurrent Cycle 724.541ms
[2020-12-25T01:50:27.601-0400][gc,heap        ] GC(385996) Heap before GC invocations=385971 (full 11280): garbage-first heap   total 71680K, used 58320K [0x0000000083000000, 0x0000000100000000)
[2020-12-25T01:50:27.602-0400][gc,heap        ] GC(385996)   region size 1024K, 9 young (9216K), 2 survivors (2048K)
[2020-12-25T01:50:27.602-0400][gc,heap        ] GC(385996)  Metaspace       used 61047K, capacity 63761K, committed 64768K, reserved 1107968K
[2020-12-25T01:50:27.602-0400][gc,heap        ] GC(385996)   class space    used 5718K, capacity 6570K, committed 6912K, reserved 1048576K
[2020-12-25T01:50:27.602-0400][gc,start       ] GC(385996) Pause Young (Normal) (G1 Evacuation Pause)
[2020-12-25T01:50:27.602-0400][gc,task        ] GC(385996) Using 4 workers of 4 for evacuation
[2020-12-25T01:50:27.613-0400][gc,phases      ] GC(385996)   Pre Evacuate Collection Set: 0.0ms
[2020-12-25T01:50:27.613-0400][gc,phases      ] GC(385996)   Evacuate Collection Set: 9.1ms
[2020-12-25T01:50:27.613-0400][gc,phases      ] GC(385996)   Post Evacuate Collection Set: 1.4ms
[2020-12-25T01:50:27.613-0400][gc,phases      ] GC(385996)   Other: 0.9ms
[2020-12-25T01:50:27.613-0400][gc,heap        ] GC(385996) Eden regions: 7->0(8)
[2020-12-25T01:50:27.613-0400][gc,heap        ] GC(385996) Survivor regions: 2->1(2)
[2020-12-25T01:50:27.613-0400][gc,heap        ] GC(385996) Old regions: 48->48
[2020-12-25T01:50:27.613-0400][gc,heap        ] GC(385996) Humongous regions: 4->4
[2020-12-25T01:50:27.613-0400][gc,metaspace   ] GC(385996) Metaspace: 61047K->61047K(1107968K)
[2020-12-25T01:50:27.613-0400][gc,heap        ] GC(385996) Heap after GC invocations=385972 (full 11280): garbage-first heap   total 71680K, used 51222K [0x0000000083000000, 0x0000000100000000)
[2020-12-25T01:50:27.613-0400][gc,heap        ] GC(385996)   region size 1024K, 1 young (1024K), 1 survivors (1024K)
[2020-12-25T01:50:27.614-0400][gc,heap        ] GC(385996)  Metaspace       used 61047K, capacity 63761K, committed 64768K, reserved 1107968K
[2020-12-25T01:50:27.614-0400][gc,heap        ] GC(385996)   class space    used 5718K, capacity 6570K, committed 6912K, reserved 1048576K
[2020-12-25T01:50:27.614-0400][gc             ] GC(385996) Pause Young (Normal) (G1 Evacuation Pause) 57M->50M(70M) 11.858ms
[2020-12-25T01:50:27.614-0400][gc,cpu         ] GC(385996) User=0.03s Sys=0.00s Real=0.01s
[2020-12-25T01:50:38.130-0400][gc,heap        ] GC(385997) Heap before GC invocations=385972 (full 11280): garbage-first heap   total 71680K, used 59414K [0x0000000083000000, 0x0000000100000000)
[2020-12-25T01:50:38.130-0400][gc,heap        ] GC(385997)   region size 1024K, 9 young (9216K), 1 survivors (1024K)
[2020-12-25T01:50:38.130-0400][gc,heap        ] GC(385997)  Metaspace       used 61048K, capacity 63761K, committed 64768K, reserved 1107968K
[2020-12-25T01:50:38.130-0400][gc,heap        ] GC(385997)   class space    used 5718K, capacity 6570K, committed 6912K, reserved 1048576K
[2020-12-25T01:50:38.131-0400][gc,start       ] GC(385997) Pause Young (Concurrent Start) (G1 Evacuation Pause)
[2020-12-25T01:50:38.131-0400][gc,task        ] GC(385997) Using 4 workers of 4 for evacuation
[2020-12-25T01:50:38.144-0400][gc,phases      ] GC(385997)   Pre Evacuate Collection Set: 0.3ms
[2020-12-25T01:50:38.144-0400][gc,phases      ] GC(385997)   Evacuate Collection Set: 10.2ms
[2020-12-25T01:50:38.144-0400][gc,phases      ] GC(385997)   Post Evacuate Collection Set: 2.4ms
[2020-12-25T01:50:38.145-0400][gc,phases      ] GC(385997)   Other: 1.2ms
[2020-12-25T01:50:38.145-0400][gc,heap        ] GC(385997) Eden regions: 8->0(7)
[2020-12-25T01:50:38.145-0400][gc,heap        ] GC(385997) Survivor regions: 1->2(2)
[2020-12-25T01:50:38.145-0400][gc,heap        ] GC(385997) Old regions: 48->48
[2020-12-25T01:50:38.145-0400][gc,heap        ] GC(385997) Humongous regions: 4->4
[2020-12-25T01:50:38.145-0400][gc,metaspace   ] GC(385997) Metaspace: 61048K->61048K(1107968K)
[2020-12-25T01:50:38.145-0400][gc,heap        ] GC(385997) Heap after GC invocations=385973 (full 11280): garbage-first heap   total 71680K, used 52275K [0x0000000083000000, 0x0000000100000000)
[2020-12-25T01:50:38.145-0400][gc,heap        ] GC(385997)   region size 1024K, 2 young (2048K), 2 survivors (2048K)
[2020-12-25T01:50:38.145-0400][gc,heap        ] GC(385997)  Metaspace       used 61048K, capacity 63761K, committed 64768K, reserved 1107968K
[2020-12-25T01:50:38.145-0400][gc,heap        ] GC(385997)   class space    used 5718K, capacity 6570K, committed 6912K, reserved 1048576K
[2020-12-25T01:50:38.145-0400][gc             ] GC(385997) Pause Young (Concurrent Start) (G1 Evacuation Pause) 58M->51M(70M) 14.580ms
[2020-12-25T01:50:38.145-0400][gc,cpu         ] GC(385997) User=0.03s Sys=0.00s Real=0.01s
[2020-12-25T01:50:38.146-0400][gc             ] GC(385998) Concurrent Cycle
[2020-12-25T01:50:38.146-0400][gc,marking     ] GC(385998) Concurrent Clear Claimed Marks
[2020-12-25T01:50:38.146-0400][gc,marking     ] GC(385998) Concurrent Clear Claimed Marks 0.434ms
[2020-12-25T01:50:38.146-0400][gc,marking     ] GC(385998) Concurrent Scan Root Regions
[2020-12-25T01:50:38.152-0400][gc,marking     ] GC(385998) Concurrent Scan Root Regions 5.932ms
[2020-12-25T01:50:38.152-0400][gc,marking     ] GC(385998) Concurrent Mark (3371952.907s)
[2020-12-25T01:50:38.152-0400][gc,marking     ] GC(385998) Concurrent Mark From Roots
[2020-12-25T01:50:38.152-0400][gc,task        ] GC(385998) Using 1 workers of 1 for marking
[2020-12-25T01:50:38.509-0400][gc,marking     ] GC(385998) Concurrent Mark From Roots 356.187ms
[2020-12-25T01:50:38.509-0400][gc,marking     ] GC(385998) Concurrent Preclean
[2020-12-25T01:50:38.510-0400][gc,marking     ] GC(385998) Concurrent Preclean 0.855ms
[2020-12-25T01:50:38.510-0400][gc,marking     ] GC(385998) Concurrent Mark (3371952.907s, 3371953.264s) 357.500ms
[2020-12-25T01:50:38.511-0400][gc,start       ] GC(385998) Pause Remark
[2020-12-25T01:50:38.575-0400][gc,stringtable ] GC(385998) Cleaned string and symbol table, strings: 32394 processed, 0 removed, symbols: 131473 processed, 0 removed
[2020-12-25T01:50:38.575-0400][gc             ] GC(385998) Pause Remark 54M->54M(70M) 64.566ms
[2020-12-25T01:50:38.576-0400][gc,cpu         ] GC(385998) User=0.10s Sys=0.06s Real=0.07s
[2020-12-25T01:50:38.576-0400][gc,marking     ] GC(385998) Concurrent Rebuild Remembered Sets
[2020-12-25T01:50:38.781-0400][gc,marking     ] GC(385998) Concurrent Rebuild Remembered Sets 204.597ms
[2020-12-25T01:50:38.782-0400][gc,start       ] GC(385998) Pause Cleanup
[2020-12-25T01:50:38.782-0400][gc             ] GC(385998) Pause Cleanup 54M->54M(70M) 0.595ms
[2020-12-25T01:50:38.783-0400][gc,cpu         ] GC(385998) User=0.01s Sys=0.00s Real=0.00s
[2020-12-25T01:50:38.783-0400][gc,marking     ] GC(385998) Concurrent Cleanup for Next Mark
[2020-12-25T01:50:38.785-0400][gc,marking     ] GC(385998) Concurrent Cleanup for Next Mark 1.552ms
[2020-12-25T01:50:38.785-0400][gc             ] GC(385998) Concurrent Cycle 639.296ms
[2020-12-25T01:50:45.401-0400][gc,heap        ] GC(385999) Heap before GC invocations=385974 (full 11280): garbage-first heap   total 71680K, used 59443K [0x0000000083000000, 0x0000000100000000)
[2020-12-25T01:50:45.401-0400][gc,heap        ] GC(385999)   region size 1024K, 9 young (9216K), 2 survivors (2048K)
[2020-12-25T01:50:45.401-0400][gc,heap        ] GC(385999)  Metaspace       used 61048K, capacity 63761K, committed 64768K, reserved 1107968K
[2020-12-25T01:50:45.401-0400][gc,heap        ] GC(385999)   class space    used 5718K, capacity 6570K, committed 6912K, reserved 1048576K
[2020-12-25T01:50:45.402-0400][gc,start       ] GC(385999) Pause Young (Normal) (G1 Evacuation Pause)
[2020-12-25T01:50:45.402-0400][gc,task        ] GC(385999) Using 4 workers of 4 for evacuation
[2020-12-25T01:50:45.407-0400][gc,phases      ] GC(385999)   Pre Evacuate Collection Set: 0.0ms
[2020-12-25T01:50:45.408-0400][gc,phases      ] GC(385999)   Evacuate Collection Set: 4.1ms
[2020-12-25T01:50:45.408-0400][gc,phases      ] GC(385999)   Post Evacuate Collection Set: 1.2ms
[2020-12-25T01:50:45.408-0400][gc,phases      ] GC(385999)   Other: 0.8ms
[2020-12-25T01:50:45.408-0400][gc,heap        ] GC(385999) Eden regions: 7->0(8)
[2020-12-25T01:50:45.408-0400][gc,heap        ] GC(385999) Survivor regions: 2->1(2)
[2020-12-25T01:50:45.408-0400][gc,heap        ] GC(385999) Old regions: 48->49
[2020-12-25T01:50:45.408-0400][gc,heap        ] GC(385999) Humongous regions: 4->4
[2020-12-25T01:50:45.408-0400][gc,metaspace   ] GC(385999) Metaspace: 61048K->61048K(1107968K)
[2020-12-25T01:50:45.408-0400][gc,heap        ] GC(385999) Heap after GC invocations=385975 (full 11280): garbage-first heap   total 71680K, used 51265K [0x0000000083000000, 0x0000000100000000)
[2020-12-25T01:50:45.408-0400][gc,heap        ] GC(385999)   region size 1024K, 1 young (1024K), 1 survivors (1024K)
[2020-12-25T01:50:45.408-0400][gc,heap        ] GC(385999)  Metaspace       used 61048K, capacity 63761K, committed 64768K, reserved 1107968K
[2020-12-25T01:50:45.408-0400][gc,heap        ] GC(385999)   class space    used 5718K, capacity 6570K, committed 6912K, reserved 1048576K
[2020-12-25T01:50:45.408-0400][gc             ] GC(385999) Pause Young (Normal) (G1 Evacuation Pause) 58M->50M(70M) 6.677ms
[2020-12-25T01:50:45.408-0400][gc,cpu         ] GC(385999) User=0.01s Sys=0.00s Real=0.01s
[2020-12-25T01:50:59.545-0400][gc,heap        ] GC(386000) Heap before GC invocations=385975 (full 11280): garbage-first heap   total 71680K, used 58433K [0x0000000083000000, 0x0000000100000000)
[2020-12-25T01:50:59.545-0400][gc,heap        ] GC(386000)   region size 1024K, 9 young (9216K), 1 survivors (1024K)
[2020-12-25T01:50:59.545-0400][gc,heap        ] GC(386000)  Metaspace       used 61050K, capacity 63764K, committed 64768K, reserved 1107968K
[2020-12-25T01:50:59.545-0400][gc,heap        ] GC(386000)   class space    used 5719K, capacity 6571K, committed 6912K, reserved 1048576K
[2020-12-25T01:50:59.546-0400][gc,start       ] GC(386000) Pause Young (Concurrent Start) (G1 Evacuation Pause)
[2020-12-25T01:50:59.546-0400][gc,task        ] GC(386000) Using 4 workers of 4 for evacuation
[2020-12-25T01:50:59.556-0400][gc,phases      ] GC(386000)   Pre Evacuate Collection Set: 0.2ms
[2020-12-25T01:50:59.556-0400][gc,phases      ] GC(386000)   Evacuate Collection Set: 6.8ms
[2020-12-25T01:50:59.556-0400][gc,phases      ] GC(386000)   Post Evacuate Collection Set: 2.5ms
[2020-12-25T01:50:59.556-0400][gc,phases      ] GC(386000)   Other: 1.2ms
[2020-12-25T01:50:59.556-0400][gc,heap        ] GC(386000) Eden regions: 8->0(8)
[2020-12-25T01:50:59.556-0400][gc,heap        ] GC(386000) Survivor regions: 1->1(2)
[2020-12-25T01:50:59.556-0400][gc,heap        ] GC(386000) Old regions: 49->49
[2020-12-25T01:50:59.556-0400][gc,heap        ] GC(386000) Humongous regions: 4->4
[2020-12-25T01:50:59.556-0400][gc,metaspace   ] GC(386000) Metaspace: 61050K->61050K(1107968K)
[2020-12-25T01:50:59.556-0400][gc,heap        ] GC(386000) Heap after GC invocations=385976 (full 11280): garbage-first heap   total 71680K, used 51327K [0x0000000083000000, 0x0000000100000000)
[2020-12-25T01:50:59.556-0400][gc,heap        ] GC(386000)   region size 1024K, 1 young (1024K), 1 survivors (1024K)
[2020-12-25T01:50:59.556-0400][gc,heap        ] GC(386000)  Metaspace       used 61050K, capacity 63764K, committed 64768K, reserved 1107968K
[2020-12-25T01:50:59.557-0400][gc,heap        ] GC(386000)   class space    used 5719K, capacity 6571K, committed 6912K, reserved 1048576K
[2020-12-25T01:50:59.557-0400][gc             ] GC(386000) Pause Young (Concurrent Start) (G1 Evacuation Pause) 58M->50M(70M) 11.117ms
[2020-12-25T01:50:59.557-0400][gc,cpu         ] GC(386000) User=0.03s Sys=0.00s Real=0.02s
[2020-12-25T01:50:59.557-0400][gc             ] GC(386001) Concurrent Cycle
[2020-12-25T01:50:59.557-0400][gc,marking     ] GC(386001) Concurrent Clear Claimed Marks
[2020-12-25T01:50:59.557-0400][gc,marking     ] GC(386001) Concurrent Clear Claimed Marks 0.280ms
[2020-12-25T01:50:59.557-0400][gc,marking     ] GC(386001) Concurrent Scan Root Regions
[2020-12-25T01:50:59.563-0400][gc,marking     ] GC(386001) Concurrent Scan Root Regions 5.085ms
[2020-12-25T01:50:59.563-0400][gc,marking     ] GC(386001) Concurrent Mark (3371974.317s)
[2020-12-25T01:50:59.563-0400][gc,marking     ] GC(386001) Concurrent Mark From Roots
[2020-12-25T01:50:59.563-0400][gc,task        ] GC(386001) Using 1 workers of 1 for marking
[2020-12-25T01:50:59.928-0400][gc,marking     ] GC(386001) Concurrent Mark From Roots 364.738ms
[2020-12-25T01:50:59.928-0400][gc,marking     ] GC(386001) Concurrent Preclean
[2020-12-25T01:50:59.928-0400][gc,marking     ] GC(386001) Concurrent Preclean 0.639ms
[2020-12-25T01:50:59.928-0400][gc,marking     ] GC(386001) Concurrent Mark (3371974.317s, 3371974.683s) 365.725ms
[2020-12-25T01:50:59.929-0400][gc,start       ] GC(386001) Pause Remark
[2020-12-25T01:50:59.991-0400][gc,stringtable ] GC(386001) Cleaned string and symbol table, strings: 32395 processed, 0 removed, symbols: 131475 processed, 0 removed
[2020-12-25T01:50:59.991-0400][gc             ] GC(386001) Pause Remark 50M->50M(70M) 62.061ms
[2020-12-25T01:50:59.992-0400][gc,cpu         ] GC(386001) User=0.16s Sys=0.00s Real=0.06s
[2020-12-25T01:50:59.992-0400][gc,marking     ] GC(386001) Concurrent Rebuild Remembered Sets
[2020-12-25T01:51:00.209-0400][gc,marking     ] GC(386001) Concurrent Rebuild Remembered Sets 216.676ms
[2020-12-25T01:51:00.210-0400][gc,start       ] GC(386001) Pause Cleanup
[2020-12-25T01:51:00.210-0400][gc             ] GC(386001) Pause Cleanup 50M->50M(70M) 0.599ms
[2020-12-25T01:51:00.210-0400][gc,cpu         ] GC(386001) User=0.00s Sys=0.00s Real=0.00s
[2020-12-25T01:51:00.211-0400][gc,marking     ] GC(386001) Concurrent Cleanup for Next Mark
[2020-12-25T01:51:00.212-0400][gc,marking     ] GC(386001) Concurrent Cleanup for Next Mark 1.108ms
[2020-12-25T01:51:00.212-0400][gc             ] GC(386001) Concurrent Cycle 654.867ms
[2020-12-25T01:51:02.292-0400][gc,heap        ] GC(386002) Heap before GC invocations=385977 (full 11280): garbage-first heap   total 71680K, used 59519K [0x0000000083000000, 0x0000000100000000)
[2020-12-25T01:51:02.292-0400][gc,heap        ] GC(386002)   region size 1024K, 9 young (9216K), 1 survivors (1024K)
[2020-12-25T01:51:02.292-0400][gc,heap        ] GC(386002)  Metaspace       used 61050K, capacity 63764K, committed 64768K, reserved 1107968K
[2020-12-25T01:51:02.292-0400][gc,heap        ] GC(386002)   class space    used 5719K, capacity 6571K, committed 6912K, reserved 1048576K
[2020-12-25T01:51:02.292-0400][gc,start       ] GC(386002) Pause Young (Normal) (G1 Evacuation Pause)
[2020-12-25T01:51:02.292-0400][gc,task        ] GC(386002) Using 4 workers of 4 for evacuation
[2020-12-25T01:51:02.311-0400][gc,phases      ] GC(386002)   Pre Evacuate Collection Set: 0.0ms
[2020-12-25T01:51:02.311-0400][gc,phases      ] GC(386002)   Evacuate Collection Set: 16.3ms
[2020-12-25T01:51:02.311-0400][gc,phases      ] GC(386002)   Post Evacuate Collection Set: 1.9ms
[2020-12-25T01:51:02.311-0400][gc,phases      ] GC(386002)   Other: 0.8ms
[2020-12-25T01:51:02.311-0400][gc,heap        ] GC(386002) Eden regions: 8->0(6)
[2020-12-25T01:51:02.311-0400][gc,heap        ] GC(386002) Survivor regions: 1->2(2)
[2020-12-25T01:51:02.311-0400][gc,heap        ] GC(386002) Old regions: 49->49
[2020-12-25T01:51:02.311-0400][gc,heap        ] GC(386002) Humongous regions: 4->4
[2020-12-25T01:51:02.311-0400][gc,metaspace   ] GC(386002) Metaspace: 61050K->61050K(1107968K)
[2020-12-25T01:51:02.311-0400][gc,heap        ] GC(386002) Heap after GC invocations=385978 (full 11280): garbage-first heap   total 71680K, used 52899K [0x0000000083000000, 0x0000000100000000)
[2020-12-25T01:51:02.311-0400][gc,heap        ] GC(386002)   region size 1024K, 2 young (2048K), 2 survivors (2048K)
[2020-12-25T01:51:02.311-0400][gc,heap        ] GC(386002)  Metaspace       used 61050K, capacity 63764K, committed 64768K, reserved 1107968K
[2020-12-25T01:51:02.311-0400][gc,heap        ] GC(386002)   class space    used 5719K, capacity 6571K, committed 6912K, reserved 1048576K
[2020-12-25T01:51:02.312-0400][gc             ] GC(386002) Pause Young (Normal) (G1 Evacuation Pause) 58M->51M(70M) 19.450ms
[2020-12-25T01:51:02.312-0400][gc,cpu         ] GC(386002) User=0.05s Sys=0.00s Real=0.02s
[2020-12-25T01:51:02.340-0400][gc,heap        ] GC(386003) Heap before GC invocations=385978 (full 11280): garbage-first heap   total 71680K, used 58019K [0x0000000083000000, 0x0000000100000000)
[2020-12-25T01:51:02.340-0400][gc,heap        ] GC(386003)   region size 1024K, 8 young (8192K), 2 survivors (2048K)
[2020-12-25T01:51:02.340-0400][gc,heap        ] GC(386003)  Metaspace       used 61050K, capacity 63764K, committed 64768K, reserved 1107968K
[2020-12-25T01:51:02.340-0400][gc,heap        ] GC(386003)   class space    used 5719K, capacity 6571K, committed 6912K, reserved 1048576K
[2020-12-25T01:51:02.341-0400][gc,start       ] GC(386003) Pause Young (Concurrent Start) (G1 Evacuation Pause)
[2020-12-25T01:51:02.341-0400][gc,task        ] GC(386003) Using 4 workers of 4 for evacuation
[2020-12-25T01:51:02.369-0400][gc,phases      ] GC(386003)   Pre Evacuate Collection Set: 0.2ms
[2020-12-25T01:51:02.369-0400][gc,phases      ] GC(386003)   Evacuate Collection Set: 26.2ms
[2020-12-25T01:51:02.369-0400][gc,phases      ] GC(386003)   Post Evacuate Collection Set: 0.8ms
[2020-12-25T01:51:02.369-0400][gc,phases      ] GC(386003)   Other: 1.2ms
[2020-12-25T01:51:02.369-0400][gc,heap        ] GC(386003) Eden regions: 6->0(5)
[2020-12-25T01:51:02.369-0400][gc,heap        ] GC(386003) Survivor regions: 2->1(1)
[2020-12-25T01:51:02.369-0400][gc,heap        ] GC(386003) Old regions: 49->50
[2020-12-25T01:51:02.369-0400][gc,heap        ] GC(386003) Humongous regions: 4->4
[2020-12-25T01:51:02.369-0400][gc,metaspace   ] GC(386003) Metaspace: 61050K->61050K(1107968K)
[2020-12-25T01:51:02.369-0400][gc,heap        ] GC(386003) Heap after GC invocations=385979 (full 11280): garbage-first heap   total 71680K, used 53716K [0x0000000083000000, 0x0000000100000000)
[2020-12-25T01:51:02.369-0400][gc,heap        ] GC(386003)   region size 1024K, 1 young (1024K), 1 survivors (1024K)
[2020-12-25T01:51:02.369-0400][gc,heap        ] GC(386003)  Metaspace       used 61050K, capacity 63764K, committed 64768K, reserved 1107968K
[2020-12-25T01:51:02.369-0400][gc,heap        ] GC(386003)   class space    used 5719K, capacity 6571K, committed 6912K, reserved 1048576K
[2020-12-25T01:51:02.370-0400][gc             ] GC(386003) Pause Young (Concurrent Start) (G1 Evacuation Pause) 57M->52M(70M) 29.132ms
[2020-12-25T01:51:02.370-0400][gc,cpu         ] GC(386003) User=0.06s Sys=0.00s Real=0.03s
[2020-12-25T01:51:02.370-0400][gc             ] GC(386004) Concurrent Cycle
[2020-12-25T01:51:02.370-0400][gc,marking     ] GC(386004) Concurrent Clear Claimed Marks
[2020-12-25T01:51:02.371-0400][gc,marking     ] GC(386004) Concurrent Clear Claimed Marks 0.331ms
[2020-12-25T01:51:02.371-0400][gc,marking     ] GC(386004) Concurrent Scan Root Regions
[2020-12-25T01:51:02.374-0400][gc,marking     ] GC(386004) Concurrent Scan Root Regions 3.255ms
[2020-12-25T01:51:02.374-0400][gc,marking     ] GC(386004) Concurrent Mark (3371977.129s)
[2020-12-25T01:51:02.374-0400][gc,marking     ] GC(386004) Concurrent Mark From Roots
[2020-12-25T01:51:02.374-0400][gc,task        ] GC(386004) Using 1 workers of 1 for marking
[2020-12-25T01:51:02.854-0400][gc,marking     ] GC(386004) Concurrent Mark From Roots 479.853ms
[2020-12-25T01:51:02.854-0400][gc,marking     ] GC(386004) Concurrent Preclean
[2020-12-25T01:51:02.855-0400][gc,marking     ] GC(386004) Concurrent Preclean 1.057ms
[2020-12-25T01:51:02.855-0400][gc,marking     ] GC(386004) Concurrent Mark (3371977.129s, 3371977.610s) 481.266ms
[2020-12-25T01:51:02.857-0400][gc,start       ] GC(386004) Pause Remark
[2020-12-25T01:51:02.986-0400][gc,stringtable ] GC(386004) Cleaned string and symbol table, strings: 32395 processed, 0 removed, symbols: 131475 processed, 0 removed
[2020-12-25T01:51:02.987-0400][gc             ] GC(386004) Pause Remark 53M->53M(70M) 129.869ms
[2020-12-25T01:51:02.987-0400][gc,cpu         ] GC(386004) User=0.09s Sys=0.07s Real=0.13s
[2020-12-25T01:51:02.988-0400][gc,marking     ] GC(386004) Concurrent Rebuild Remembered Sets
[2020-12-25T01:51:03.280-0400][gc,marking     ] GC(386004) Concurrent Rebuild Remembered Sets 291.945ms
[2020-12-25T01:51:03.281-0400][gc,start       ] GC(386004) Pause Cleanup
[2020-12-25T01:51:03.281-0400][gc             ] GC(386004) Pause Cleanup 54M->54M(70M) 0.573ms
[2020-12-25T01:51:03.281-0400][gc,cpu         ] GC(386004) User=0.00s Sys=0.00s Real=0.00s
[2020-12-25T01:51:03.282-0400][gc,marking     ] GC(386004) Concurrent Cleanup for Next Mark
[2020-12-25T01:51:03.283-0400][gc,marking     ] GC(386004) Concurrent Cleanup for Next Mark 1.089ms
[2020-12-25T01:51:03.283-0400][gc             ] GC(386004) Concurrent Cycle 912.793ms
[2020-12-25T01:51:06.483-0400][gc,heap        ] GC(386005) Heap before GC invocations=385980 (full 11280): garbage-first heap   total 71680K, used 57812K [0x0000000083000000, 0x0000000100000000)
[2020-12-25T01:51:06.483-0400][gc,heap        ] GC(386005)   region size 1024K, 6 young (6144K), 1 survivors (1024K)
[2020-12-25T01:51:06.483-0400][gc,heap        ] GC(386005)  Metaspace       used 61050K, capacity 63764K, committed 64768K, reserved 1107968K
[2020-12-25T01:51:06.483-0400][gc,heap        ] GC(386005)   class space    used 5719K, capacity 6571K, committed 6912K, reserved 1048576K
[2020-12-25T01:51:06.483-0400][gc,start       ] GC(386005) Pause Young (Normal) (G1 Evacuation Pause)
[2020-12-25T01:51:06.483-0400][gc,task        ] GC(386005) Using 4 workers of 4 for evacuation
[2020-12-25T01:51:06.495-0400][gc,phases      ] GC(386005)   Pre Evacuate Collection Set: 0.0ms
[2020-12-25T01:51:06.495-0400][gc,phases      ] GC(386005)   Evacuate Collection Set: 9.5ms
[2020-12-25T01:51:06.495-0400][gc,phases      ] GC(386005)   Post Evacuate Collection Set: 1.5ms
[2020-12-25T01:51:06.495-0400][gc,phases      ] GC(386005)   Other: 0.9ms
[2020-12-25T01:51:06.496-0400][gc,heap        ] GC(386005) Eden regions: 5->0(4)
[2020-12-25T01:51:06.496-0400][gc,heap        ] GC(386005) Survivor regions: 1->1(1)
[2020-12-25T01:51:06.496-0400][gc,heap        ] GC(386005) Old regions: 50->51
[2020-12-25T01:51:06.496-0400][gc,heap        ] GC(386005) Humongous regions: 4->4
[2020-12-25T01:51:06.496-0400][gc,metaspace   ] GC(386005) Metaspace: 61050K->61050K(1107968K)
[2020-12-25T01:51:06.496-0400][gc,heap        ] GC(386005) Heap after GC invocations=385981 (full 11280): garbage-first heap   total 71680K, used 54240K [0x0000000083000000, 0x0000000100000000)
[2020-12-25T01:51:06.496-0400][gc,heap        ] GC(386005)   region size 1024K, 1 young (1024K), 1 survivors (1024K)
[2020-12-25T01:51:06.496-0400][gc,heap        ] GC(386005)  Metaspace       used 61050K, capacity 63764K, committed 64768K, reserved 1107968K
[2020-12-25T01:51:06.496-0400][gc,heap        ] GC(386005)   class space    used 5719K, capacity 6571K, committed 6912K, reserved 1048576K
[2020-12-25T01:51:06.496-0400][gc             ] GC(386005) Pause Young (Normal) (G1 Evacuation Pause) 57M->52M(70M) 12.570ms
[2020-12-25T01:51:06.496-0400][gc,cpu         ] GC(386005) User=0.04s Sys=0.00s Real=0.02s
[2020-12-25T01:51:07.771-0400][gc,heap        ] GC(386006) Heap before GC invocations=385981 (full 11280): garbage-first heap   total 71680K, used 58336K [0x0000000083000000, 0x0000000100000000)
[2020-12-25T01:51:07.771-0400][gc,heap        ] GC(386006)   region size 1024K, 5 young (5120K), 1 survivors (1024K)
[2020-12-25T01:51:07.771-0400][gc,heap        ] GC(386006)  Metaspace       used 61050K, capacity 63764K, committed 64768K, reserved 1107968K
[2020-12-25T01:51:07.771-0400][gc,heap        ] GC(386006)   class space    used 5719K, capacity 6571K, committed 6912K, reserved 1048576K
[2020-12-25T01:51:07.771-0400][gc,start       ] GC(386006) Pause Young (Concurrent Start) (G1 Evacuation Pause)
[2020-12-25T01:51:07.771-0400][gc,task        ] GC(386006) Using 4 workers of 4 for evacuation
[2020-12-25T01:51:07.777-0400][gc,phases      ] GC(386006)   Pre Evacuate Collection Set: 0.3ms
[2020-12-25T01:51:07.778-0400][gc,phases      ] GC(386006)   Evacuate Collection Set: 4.3ms
[2020-12-25T01:51:07.778-0400][gc,phases      ] GC(386006)   Post Evacuate Collection Set: 1.2ms
[2020-12-25T01:51:07.778-0400][gc,phases      ] GC(386006)   Other: 0.9ms
[2020-12-25T01:51:07.778-0400][gc,heap        ] GC(386006) Eden regions: 4->0(4)
[2020-12-25T01:51:07.778-0400][gc,heap        ] GC(386006) Survivor regions: 1->1(1)
[2020-12-25T01:51:07.778-0400][gc,heap        ] GC(386006) Old regions: 51->51
[2020-12-25T01:51:07.778-0400][gc,heap        ] GC(386006) Humongous regions: 4->4
[2020-12-25T01:51:07.778-0400][gc,metaspace   ] GC(386006) Metaspace: 61050K->61050K(1107968K)
[2020-12-25T01:51:07.778-0400][gc,heap        ] GC(386006) Heap after GC invocations=385982 (full 11280): garbage-first heap   total 71680K, used 54170K [0x0000000083000000, 0x0000000100000000)
[2020-12-25T01:51:07.778-0400][gc,heap        ] GC(386006)   region size 1024K, 1 young (1024K), 1 survivors (1024K)
[2020-12-25T01:51:07.778-0400][gc,heap        ] GC(386006)  Metaspace       used 61050K, capacity 63764K, committed 64768K, reserved 1107968K
[2020-12-25T01:51:07.778-0400][gc,heap        ] GC(386006)   class space    used 5719K, capacity 6571K, committed 6912K, reserved 1048576K
[2020-12-25T01:51:07.778-0400][gc             ] GC(386006) Pause Young (Concurrent Start) (G1 Evacuation Pause) 56M->52M(70M) 7.115ms
[2020-12-25T01:51:07.778-0400][gc,cpu         ] GC(386006) User=0.02s Sys=0.00s Real=0.01s
[2020-12-25T01:51:07.779-0400][gc             ] GC(386007) Concurrent Cycle
[2020-12-25T01:51:07.779-0400][gc,marking     ] GC(386007) Concurrent Clear Claimed Marks
[2020-12-25T01:51:07.779-0400][gc,marking     ] GC(386007) Concurrent Clear Claimed Marks 0.298ms
[2020-12-25T01:51:07.779-0400][gc,marking     ] GC(386007) Concurrent Scan Root Regions
[2020-12-25T01:51:07.782-0400][gc,marking     ] GC(386007) Concurrent Scan Root Regions 2.525ms
[2020-12-25T01:51:07.782-0400][gc,marking     ] GC(386007) Concurrent Mark (3371982.537s)
[2020-12-25T01:51:07.782-0400][gc,marking     ] GC(386007) Concurrent Mark From Roots
[2020-12-25T01:51:07.782-0400][gc,task        ] GC(386007) Using 1 workers of 1 for marking
[2020-12-25T01:51:08.140-0400][gc,marking     ] GC(386007) Concurrent Mark From Roots 357.493ms
[2020-12-25T01:51:08.140-0400][gc,marking     ] GC(386007) Concurrent Preclean
[2020-12-25T01:51:08.141-0400][gc,marking     ] GC(386007) Concurrent Preclean 0.993ms
[2020-12-25T01:51:08.141-0400][gc,marking     ] GC(386007) Concurrent Mark (3371982.537s, 3371982.895s) 358.892ms
[2020-12-25T01:51:08.142-0400][gc,start       ] GC(386007) Pause Remark
[2020-12-25T01:51:08.182-0400][gc,stringtable ] GC(386007) Cleaned string and symbol table, strings: 32395 processed, 0 removed, symbols: 131475 processed, 0 removed
[2020-12-25T01:51:08.183-0400][gc             ] GC(386007) Pause Remark 54M->53M(70M) 41.109ms
[2020-12-25T01:51:08.183-0400][gc,cpu         ] GC(386007) User=0.16s Sys=0.00s Real=0.04s
[2020-12-25T01:51:08.184-0400][gc,marking     ] GC(386007) Concurrent Rebuild Remembered Sets
[2020-12-25T01:51:08.375-0400][gc,marking     ] GC(386007) Concurrent Rebuild Remembered Sets 191.259ms
[2020-12-25T01:51:08.376-0400][gc,start       ] GC(386007) Pause Cleanup
[2020-12-25T01:51:08.377-0400][gc             ] GC(386007) Pause Cleanup 53M->53M(70M) 0.627ms
[2020-12-25T01:51:08.377-0400][gc,cpu         ] GC(386007) User=0.00s Sys=0.00s Real=0.00s
[2020-12-25T01:51:08.377-0400][gc,marking     ] GC(386007) Concurrent Cleanup for Next Mark
[2020-12-25T01:51:08.378-0400][gc,marking     ] GC(386007) Concurrent Cleanup for Next Mark 0.967ms
[2020-12-25T01:51:08.378-0400][gc             ] GC(386007) Concurrent Cycle 599.520ms
[2020-12-25T01:51:13.877-0400][gc,heap        ] GC(386008) Heap before GC invocations=385983 (full 11280): garbage-first heap   total 71680K, used 56218K [0x0000000083000000, 0x0000000100000000)
[2020-12-25T01:51:13.877-0400][gc,heap        ] GC(386008)   region size 1024K, 5 young (5120K), 1 survivors (1024K)
[2020-12-25T01:51:13.877-0400][gc,heap        ] GC(386008)  Metaspace       used 61050K, capacity 63764K, committed 64768K, reserved 1107968K
[2020-12-25T01:51:13.877-0400][gc,heap        ] GC(386008)   class space    used 5719K, capacity 6571K, committed 6912K, reserved 1048576K
[2020-12-25T01:51:13.877-0400][gc,start       ] GC(386008) Pause Young (Prepare Mixed) (G1 Evacuation Pause)
[2020-12-25T01:51:13.877-0400][gc,task        ] GC(386008) Using 4 workers of 4 for evacuation
[2020-12-25T01:51:13.884-0400][gc,phases      ] GC(386008)   Pre Evacuate Collection Set: 0.0ms
[2020-12-25T01:51:13.884-0400][gc,phases      ] GC(386008)   Evacuate Collection Set: 4.4ms
[2020-12-25T01:51:13.884-0400][gc,phases      ] GC(386008)   Post Evacuate Collection Set: 1.5ms
[2020-12-25T01:51:13.884-0400][gc,phases      ] GC(386008)   Other: 1.1ms
[2020-12-25T01:51:13.884-0400][gc,heap        ] GC(386008) Eden regions: 4->0(2)
[2020-12-25T01:51:13.884-0400][gc,heap        ] GC(386008) Survivor regions: 1->1(1)
[2020-12-25T01:51:13.884-0400][gc,heap        ] GC(386008) Old regions: 50->50
[2020-12-25T01:51:13.884-0400][gc,heap        ] GC(386008) Humongous regions: 4->4
[2020-12-25T01:51:13.884-0400][gc,metaspace   ] GC(386008) Metaspace: 61050K->61050K(1107968K)
[2020-12-25T01:51:13.884-0400][gc,heap        ] GC(386008) Heap after GC invocations=385984 (full 11280): garbage-first heap   total 71680K, used 53101K [0x0000000083000000, 0x0000000100000000)
[2020-12-25T01:51:13.884-0400][gc,heap        ] GC(386008)   region size 1024K, 1 young (1024K), 1 survivors (1024K)
[2020-12-25T01:51:13.884-0400][gc,heap        ] GC(386008)  Metaspace       used 61050K, capacity 63764K, committed 64768K, reserved 1107968K
[2020-12-25T01:51:13.884-0400][gc,heap        ] GC(386008)   class space    used 5719K, capacity 6571K, committed 6912K, reserved 1048576K
[2020-12-25T01:51:13.884-0400][gc             ] GC(386008) Pause Young (Prepare Mixed) (G1 Evacuation Pause) 55M->51M(70M) 7.264ms
[2020-12-25T01:51:13.885-0400][gc,cpu         ] GC(386008) User=0.02s Sys=0.00s Real=0.00s
[2020-12-25T01:51:16.992-0400][gc,heap        ] GC(386009) Heap before GC invocations=385984 (full 11280): garbage-first heap   total 71680K, used 55149K [0x0000000083000000, 0x0000000100000000)
[2020-12-25T01:51:16.992-0400][gc,heap        ] GC(386009)   region size 1024K, 3 young (3072K), 1 survivors (1024K)
[2020-12-25T01:51:16.992-0400][gc,heap        ] GC(386009)  Metaspace       used 61050K, capacity 63764K, committed 64768K, reserved 1107968K
[2020-12-25T01:51:16.992-0400][gc,heap        ] GC(386009)   class space    used 5719K, capacity 6571K, committed 6912K, reserved 1048576K
[2020-12-25T01:51:16.992-0400][gc,start       ] GC(386009) Pause Young (Mixed) (G1 Evacuation Pause)
[2020-12-25T01:51:16.992-0400][gc,task        ] GC(386009) Using 4 workers of 4 for evacuation
[2020-12-25T01:51:16.998-0400][gc,phases      ] GC(386009)   Pre Evacuate Collection Set: 0.0ms
[2020-12-25T01:51:16.998-0400][gc,phases      ] GC(386009)   Evacuate Collection Set: 3.6ms
[2020-12-25T01:51:16.998-0400][gc,phases      ] GC(386009)   Post Evacuate Collection Set: 1.4ms
[2020-12-25T01:51:16.998-0400][gc,phases      ] GC(386009)   Other: 0.9ms
[2020-12-25T01:51:16.998-0400][gc,heap        ] GC(386009) Eden regions: 2->0(6)
[2020-12-25T01:51:16.998-0400][gc,heap        ] GC(386009) Survivor regions: 1->1(1)
[2020-12-25T01:51:16.998-0400][gc,heap        ] GC(386009) Old regions: 50->49
[2020-12-25T01:51:16.998-0400][gc,heap        ] GC(386009) Humongous regions: 4->4
[2020-12-25T01:51:16.998-0400][gc,metaspace   ] GC(386009) Metaspace: 61050K->61050K(1107968K)
[2020-12-25T01:51:16.998-0400][gc,heap        ] GC(386009) Heap after GC invocations=385985 (full 11280): garbage-first heap   total 71680K, used 52100K [0x0000000083000000, 0x0000000100000000)
[2020-12-25T01:51:16.998-0400][gc,heap        ] GC(386009)   region size 1024K, 1 young (1024K), 1 survivors (1024K)
[2020-12-25T01:51:16.998-0400][gc,heap        ] GC(386009)  Metaspace       used 61050K, capacity 63764K, committed 64768K, reserved 1107968K
[2020-12-25T01:51:16.998-0400][gc,heap        ] GC(386009)   class space    used 5719K, capacity 6571K, committed 6912K, reserved 1048576K
[2020-12-25T01:51:16.998-0400][gc             ] GC(386009) Pause Young (Mixed) (G1 Evacuation Pause) 53M->50M(70M) 6.256ms
[2020-12-25T01:51:16.999-0400][gc,cpu         ] GC(386009) User=0.02s Sys=0.00s Real=0.01s
[2020-12-25T01:51:23.945-0400][gc,heap        ] GC(386010) Heap before GC invocations=385985 (full 11280): garbage-first heap   total 71680K, used 58244K [0x0000000083000000, 0x0000000100000000)
[2020-12-25T01:51:23.945-0400][gc,heap        ] GC(386010)   region size 1024K, 7 young (7168K), 1 survivors (1024K)
[2020-12-25T01:51:23.945-0400][gc,heap        ] GC(386010)  Metaspace       used 61054K, capacity 63770K, committed 64768K, reserved 1107968K
[2020-12-25T01:51:23.945-0400][gc,heap        ] GC(386010)   class space    used 5720K, capacity 6573K, committed 6912K, reserved 1048576K
[2020-12-25T01:51:23.945-0400][gc,start       ] GC(386010) Pause Young (Concurrent Start) (G1 Evacuation Pause)
[2020-12-25T01:51:23.945-0400][gc,task        ] GC(386010) Using 4 workers of 4 for evacuation
[2020-12-25T01:51:23.968-0400][gc,phases      ] GC(386010)   Pre Evacuate Collection Set: 0.3ms
[2020-12-25T01:51:23.968-0400][gc,phases      ] GC(386010)   Evacuate Collection Set: 20.8ms
[2020-12-25T01:51:23.968-0400][gc,phases      ] GC(386010)   Post Evacuate Collection Set: 0.6ms
[2020-12-25T01:51:23.968-0400][gc,phases      ] GC(386010)   Other: 1.0ms
[2020-12-25T01:51:23.968-0400][gc,heap        ] GC(386010) Eden regions: 6->0(5)
[2020-12-25T01:51:23.968-0400][gc,heap        ] GC(386010) Survivor regions: 1->1(1)
[2020-12-25T01:51:23.968-0400][gc,heap        ] GC(386010) Old regions: 49->50
[2020-12-25T01:51:23.968-0400][gc,heap        ] GC(386010) Humongous regions: 4->4
[2020-12-25T01:51:23.968-0400][gc,metaspace   ] GC(386010) Metaspace: 61054K->61054K(1107968K)
[2020-12-25T01:51:23.968-0400][gc,heap        ] GC(386010) Heap after GC invocations=385986 (full 11280): garbage-first heap   total 71680K, used 53581K [0x0000000083000000, 0x0000000100000000)
[2020-12-25T01:51:23.968-0400][gc,heap        ] GC(386010)   region size 1024K, 1 young (1024K), 1 survivors (1024K)
[2020-12-25T01:51:23.968-0400][gc,heap        ] GC(386010)  Metaspace       used 61054K, capacity 63770K, committed 64768K, reserved 1107968K
[2020-12-25T01:51:23.968-0400][gc,heap        ] GC(386010)   class space    used 5720K, capacity 6573K, committed 6912K, reserved 1048576K
[2020-12-25T01:51:23.968-0400][gc             ] GC(386010) Pause Young (Concurrent Start) (G1 Evacuation Pause) 56M->52M(70M) 23.227ms
[2020-12-25T01:51:23.969-0400][gc,cpu         ] GC(386010) User=0.02s Sys=0.01s Real=0.03s
[2020-12-25T01:51:23.969-0400][gc             ] GC(386011) Concurrent Cycle
[2020-12-25T01:51:23.969-0400][gc,marking     ] GC(386011) Concurrent Clear Claimed Marks
[2020-12-25T01:51:23.969-0400][gc,marking     ] GC(386011) Concurrent Clear Claimed Marks 0.337ms
[2020-12-25T01:51:23.970-0400][gc,marking     ] GC(386011) Concurrent Scan Root Regions
[2020-12-25T01:51:23.975-0400][gc,marking     ] GC(386011) Concurrent Scan Root Regions 5.885ms
[2020-12-25T01:51:23.976-0400][gc,marking     ] GC(386011) Concurrent Mark (3371998.730s)
[2020-12-25T01:51:23.976-0400][gc,marking     ] GC(386011) Concurrent Mark From Roots
[2020-12-25T01:51:23.976-0400][gc,task        ] GC(386011) Using 1 workers of 1 for marking
[2020-12-25T01:51:24.003-0400][gc,heap        ] GC(386012) Heap before GC invocations=385986 (full 11280): garbage-first heap   total 71680K, used 57677K [0x0000000083000000, 0x0000000100000000)
[2020-12-25T01:51:24.003-0400][gc,heap        ] GC(386012)   region size 1024K, 6 young (6144K), 1 survivors (1024K)
[2020-12-25T01:51:24.003-0400][gc,heap        ] GC(386012)  Metaspace       used 61054K, capacity 63770K, committed 64768K, reserved 1107968K
[2020-12-25T01:51:24.003-0400][gc,heap        ] GC(386012)   class space    used 5720K, capacity 6573K, committed 6912K, reserved 1048576K
[2020-12-25T01:51:24.004-0400][gc,start       ] GC(386012) Pause Young (Normal) (G1 Evacuation Pause)
[2020-12-25T01:51:24.004-0400][gc,task        ] GC(386012) Using 4 workers of 4 for evacuation
[2020-12-25T01:51:24.015-0400][gc,phases      ] GC(386012)   Pre Evacuate Collection Set: 0.0ms
[2020-12-25T01:51:24.015-0400][gc,phases      ] GC(386012)   Evacuate Collection Set: 10.3ms
[2020-12-25T01:51:24.015-0400][gc,phases      ] GC(386012)   Post Evacuate Collection Set: 0.6ms
[2020-12-25T01:51:24.015-0400][gc,phases      ] GC(386012)   Other: 0.8ms
[2020-12-25T01:51:24.015-0400][gc,heap        ] GC(386012) Eden regions: 5->0(4)
[2020-12-25T01:51:24.015-0400][gc,heap        ] GC(386012) Survivor regions: 1->1(1)
[2020-12-25T01:51:24.015-0400][gc,heap        ] GC(386012) Old regions: 50->51
[2020-12-25T01:51:24.015-0400][gc,heap        ] GC(386012) Humongous regions: 4->4
[2020-12-25T01:51:24.016-0400][gc,metaspace   ] GC(386012) Metaspace: 61054K->61054K(1107968K)
[2020-12-25T01:51:24.016-0400][gc,heap        ] GC(386012) Heap after GC invocations=385987 (full 11280): garbage-first heap   total 71680K, used 54308K [0x0000000083000000, 0x0000000100000000)
[2020-12-25T01:51:24.016-0400][gc,heap        ] GC(386012)   region size 1024K, 1 young (1024K), 1 survivors (1024K)
[2020-12-25T01:51:24.016-0400][gc,heap        ] GC(386012)  Metaspace       used 61054K, capacity 63770K, committed 64768K, reserved 1107968K
[2020-12-25T01:51:24.016-0400][gc,heap        ] GC(386012)   class space    used 5720K, capacity 6573K, committed 6912K, reserved 1048576K
[2020-12-25T01:51:24.016-0400][gc             ] GC(386012) Pause Young (Normal) (G1 Evacuation Pause) 57M->53M(70M) 12.420ms
[2020-12-25T01:51:24.016-0400][gc,cpu         ] GC(386012) User=0.02s Sys=0.02s Real=0.02s
[2020-12-25T01:51:24.357-0400][gc,marking     ] GC(386011) Concurrent Mark From Roots 381.416ms
[2020-12-25T01:51:24.357-0400][gc,marking     ] GC(386011) Concurrent Preclean
[2020-12-25T01:51:24.358-0400][gc,marking     ] GC(386011) Concurrent Preclean 0.842ms
[2020-12-25T01:51:24.358-0400][gc,marking     ] GC(386011) Concurrent Mark (3371998.730s, 3371999.113s) 382.537ms
[2020-12-25T01:51:24.359-0400][gc,start       ] GC(386011) Pause Remark
[2020-12-25T01:51:24.422-0400][gc,stringtable ] GC(386011) Cleaned string and symbol table, strings: 32397 processed, 0 removed, symbols: 131479 processed, 0 removed
[2020-12-25T01:51:24.423-0400][gc             ] GC(386011) Pause Remark 53M->53M(70M) 63.855ms
[2020-12-25T01:51:24.423-0400][gc,cpu         ] GC(386011) User=0.17s Sys=0.00s Real=0.06s
[2020-12-25T01:51:24.424-0400][gc,marking     ] GC(386011) Concurrent Rebuild Remembered Sets
[2020-12-25T01:51:24.644-0400][gc,marking     ] GC(386011) Concurrent Rebuild Remembered Sets 220.396ms
[2020-12-25T01:51:24.645-0400][gc,start       ] GC(386011) Pause Cleanup
[2020-12-25T01:51:24.646-0400][gc             ] GC(386011) Pause Cleanup 53M->53M(70M) 0.558ms
[2020-12-25T01:51:24.646-0400][gc,cpu         ] GC(386011) User=0.00s Sys=0.00s Real=0.01s
[2020-12-25T01:51:24.646-0400][gc,marking     ] GC(386011) Concurrent Cleanup for Next Mark
[2020-12-25T01:51:24.647-0400][gc,marking     ] GC(386011) Concurrent Cleanup for Next Mark 1.036ms
[2020-12-25T01:51:24.648-0400][gc             ] GC(386011) Concurrent Cycle 678.668ms
[2020-12-25T01:51:31.713-0400][gc,heap        ] GC(386013) Heap before GC invocations=385988 (full 11280): garbage-first heap   total 71680K, used 57380K [0x0000000083000000, 0x0000000100000000)
[2020-12-25T01:51:31.713-0400][gc,heap        ] GC(386013)   region size 1024K, 5 young (5120K), 1 survivors (1024K)
[2020-12-25T01:51:31.713-0400][gc,heap        ] GC(386013)  Metaspace       used 61054K, capacity 63770K, committed 64768K, reserved 1107968K
[2020-12-25T01:51:31.713-0400][gc,heap        ] GC(386013)   class space    used 5720K, capacity 6573K, committed 6912K, reserved 1048576K
[2020-12-25T01:51:31.714-0400][gc,start       ] GC(386013) Pause Young (Prepare Mixed) (G1 Evacuation Pause)
[2020-12-25T01:51:31.714-0400][gc,task        ] GC(386013) Using 4 workers of 4 for evacuation
[2020-12-25T01:51:31.724-0400][gc,phases      ] GC(386013)   Pre Evacuate Collection Set: 0.1ms
[2020-12-25T01:51:31.724-0400][gc,phases      ] GC(386013)   Evacuate Collection Set: 8.6ms
[2020-12-25T01:51:31.724-0400][gc,phases      ] GC(386013)   Post Evacuate Collection Set: 1.2ms
[2020-12-25T01:51:31.724-0400][gc,phases      ] GC(386013)   Other: 0.9ms
[2020-12-25T01:51:31.724-0400][gc,heap        ] GC(386013) Eden regions: 4->0(2)
[2020-12-25T01:51:31.725-0400][gc,heap        ] GC(386013) Survivor regions: 1->1(1)
[2020-12-25T01:51:31.725-0400][gc,heap        ] GC(386013) Old regions: 51->52
[2020-12-25T01:51:31.725-0400][gc,heap        ] GC(386013) Humongous regions: 4->4
[2020-12-25T01:51:31.725-0400][gc,metaspace   ] GC(386013) Metaspace: 61054K->61054K(1107968K)
[2020-12-25T01:51:31.725-0400][gc,heap        ] GC(386013) Heap after GC invocations=385989 (full 11280): garbage-first heap   total 71680K, used 54324K [0x0000000083000000, 0x0000000100000000)
[2020-12-25T01:51:31.725-0400][gc,heap        ] GC(386013)   region size 1024K, 1 young (1024K), 1 survivors (1024K)
[2020-12-25T01:51:31.725-0400][gc,heap        ] GC(386013)  Metaspace       used 61054K, capacity 63770K, committed 64768K, reserved 1107968K
[2020-12-25T01:51:31.725-0400][gc,heap        ] GC(386013)   class space    used 5720K, capacity 6573K, committed 6912K, reserved 1048576K
[2020-12-25T01:51:31.725-0400][gc             ] GC(386013) Pause Young (Prepare Mixed) (G1 Evacuation Pause) 57M->53M(70M) 11.455ms
[2020-12-25T01:51:31.725-0400][gc,cpu         ] GC(386013) User=0.03s Sys=0.00s Real=0.01s
[2020-12-25T01:51:33.893-0400][gc,heap        ] GC(386014) Heap before GC invocations=385989 (full 11280): garbage-first heap   total 71680K, used 56372K [0x0000000083000000, 0x0000000100000000)
[2020-12-25T01:51:33.893-0400][gc,heap        ] GC(386014)   region size 1024K, 3 young (3072K), 1 survivors (1024K)
[2020-12-25T01:51:33.893-0400][gc,heap        ] GC(386014)  Metaspace       used 61054K, capacity 63770K, committed 64768K, reserved 1107968K
[2020-12-25T01:51:33.893-0400][gc,heap        ] GC(386014)   class space    used 5720K, capacity 6573K, committed 6912K, reserved 1048576K
[2020-12-25T01:51:33.893-0400][gc,start       ] GC(386014) Pause Young (Mixed) (G1 Evacuation Pause)
[2020-12-25T01:51:33.893-0400][gc,task        ] GC(386014) Using 4 workers of 4 for evacuation
[2020-12-25T01:51:33.898-0400][gc,phases      ] GC(386014)   Pre Evacuate Collection Set: 0.0ms
[2020-12-25T01:51:33.898-0400][gc,phases      ] GC(386014)   Evacuate Collection Set: 3.3ms
[2020-12-25T01:51:33.899-0400][gc,phases      ] GC(386014)   Post Evacuate Collection Set: 1.5ms
[2020-12-25T01:51:33.899-0400][gc,phases      ] GC(386014)   Other: 0.8ms
[2020-12-25T01:51:33.899-0400][gc,heap        ] GC(386014) Eden regions: 2->0(4)
[2020-12-25T01:51:33.899-0400][gc,heap        ] GC(386014) Survivor regions: 1->1(1)
[2020-12-25T01:51:33.899-0400][gc,heap        ] GC(386014) Old regions: 52->51
[2020-12-25T01:51:33.899-0400][gc,heap        ] GC(386014) Humongous regions: 4->4
[2020-12-25T01:51:33.899-0400][gc,metaspace   ] GC(386014) Metaspace: 61054K->61054K(1107968K)
[2020-12-25T01:51:33.899-0400][gc,heap        ] GC(386014) Heap after GC invocations=385990 (full 11280): garbage-first heap   total 71680K, used 53409K [0x0000000083000000, 0x0000000100000000)
[2020-12-25T01:51:33.899-0400][gc,heap        ] GC(386014)   region size 1024K, 1 young (1024K), 1 survivors (1024K)
[2020-12-25T01:51:33.899-0400][gc,heap        ] GC(386014)  Metaspace       used 61054K, capacity 63770K, committed 64768K, reserved 1107968K
[2020-12-25T01:51:33.899-0400][gc,heap        ] GC(386014)   class space    used 5720K, capacity 6573K, committed 6912K, reserved 1048576K
[2020-12-25T01:51:33.899-0400][gc             ] GC(386014) Pause Young (Mixed) (G1 Evacuation Pause) 55M->52M(70M) 6.012ms
[2020-12-25T01:51:33.899-0400][gc,cpu         ] GC(386014) User=0.02s Sys=0.00s Real=0.01s
[2020-12-25T01:51:40.808-0400][gc,heap        ] GC(386015) Heap before GC invocations=385990 (full 11280): garbage-first heap   total 71680K, used 56481K [0x0000000083000000, 0x0000000100000000)
[2020-12-25T01:51:40.808-0400][gc,heap        ] GC(386015)   region size 1024K, 5 young (5120K), 1 survivors (1024K)
[2020-12-25T01:51:40.808-0400][gc,heap        ] GC(386015)  Metaspace       used 61054K, capacity 63770K, committed 64768K, reserved 1107968K
[2020-12-25T01:51:40.808-0400][gc,heap        ] GC(386015)   class space    used 5720K, capacity 6573K, committed 6912K, reserved 1048576K
[2020-12-25T01:51:40.809-0400][gc,start       ] GC(386015) Pause Young (Concurrent Start) (G1 Evacuation Pause)
[2020-12-25T01:51:40.809-0400][gc,task        ] GC(386015) Using 4 workers of 4 for evacuation
[2020-12-25T01:51:40.815-0400][gc,phases      ] GC(386015)   Pre Evacuate Collection Set: 0.3ms
[2020-12-25T01:51:40.815-0400][gc,phases      ] GC(386015)   Evacuate Collection Set: 4.2ms
[2020-12-25T01:51:40.815-0400][gc,phases      ] GC(386015)   Post Evacuate Collection Set: 1.5ms
[2020-12-25T01:51:40.816-0400][gc,phases      ] GC(386015)   Other: 1.2ms
[2020-12-25T01:51:40.816-0400][gc,heap        ] GC(386015) Eden regions: 4->0(5)
[2020-12-25T01:51:40.816-0400][gc,heap        ] GC(386015) Survivor regions: 1->1(1)
[2020-12-25T01:51:40.816-0400][gc,heap        ] GC(386015) Old regions: 51->51
[2020-12-25T01:51:40.816-0400][gc,heap        ] GC(386015) Humongous regions: 4->4
[2020-12-25T01:51:40.816-0400][gc,metaspace   ] GC(386015) Metaspace: 61054K->61054K(1107968K)
[2020-12-25T01:51:40.816-0400][gc,heap        ] GC(386015) Heap after GC invocations=385991 (full 11280): garbage-first heap   total 71680K, used 53458K [0x0000000083000000, 0x0000000100000000)
[2020-12-25T01:51:40.816-0400][gc,heap        ] GC(386015)   region size 1024K, 1 young (1024K), 1 survivors (1024K)
[2020-12-25T01:51:40.816-0400][gc,heap        ] GC(386015)  Metaspace       used 61054K, capacity 63770K, committed 64768K, reserved 1107968K
[2020-12-25T01:51:40.816-0400][gc,heap        ] GC(386015)   class space    used 5720K, capacity 6573K, committed 6912K, reserved 1048576K
[2020-12-25T01:51:40.816-0400][gc             ] GC(386015) Pause Young (Concurrent Start) (G1 Evacuation Pause) 56M->52M(70M) 7.890ms
[2020-12-25T01:51:40.817-0400][gc,cpu         ] GC(386015) User=0.02s Sys=0.00s Real=0.01s
[2020-12-25T01:51:40.817-0400][gc             ] GC(386016) Concurrent Cycle
[2020-12-25T01:51:40.817-0400][gc,marking     ] GC(386016) Concurrent Clear Claimed Marks
[2020-12-25T01:51:40.817-0400][gc,marking     ] GC(386016) Concurrent Clear Claimed Marks 0.332ms
[2020-12-25T01:51:40.817-0400][gc,marking     ] GC(386016) Concurrent Scan Root Regions
[2020-12-25T01:51:40.820-0400][gc,marking     ] GC(386016) Concurrent Scan Root Regions 2.602ms
[2020-12-25T01:51:40.820-0400][gc,marking     ] GC(386016) Concurrent Mark (3372015.575s)
[2020-12-25T01:51:40.820-0400][gc,marking     ] GC(386016) Concurrent Mark From Roots
[2020-12-25T01:51:40.820-0400][gc,task        ] GC(386016) Using 1 workers of 1 for marking
[2020-12-25T01:51:41.214-0400][gc,marking     ] GC(386016) Concurrent Mark From Roots 393.419ms
[2020-12-25T01:51:41.214-0400][gc,marking     ] GC(386016) Concurrent Preclean
[2020-12-25T01:51:41.215-0400][gc,marking     ] GC(386016) Concurrent Preclean 0.905ms
[2020-12-25T01:51:41.215-0400][gc,marking     ] GC(386016) Concurrent Mark (3372015.575s, 3372015.969s) 394.653ms
[2020-12-25T01:51:41.216-0400][gc,start       ] GC(386016) Pause Remark
[2020-12-25T01:51:41.272-0400][gc,stringtable ] GC(386016) Cleaned string and symbol table, strings: 32397 processed, 0 removed, symbols: 131479 processed, 0 removed
[2020-12-25T01:51:41.273-0400][gc             ] GC(386016) Pause Remark 52M->51M(70M) 57.406ms
[2020-12-25T01:51:41.273-0400][gc,cpu         ] GC(386016) User=0.17s Sys=0.00s Real=0.05s
[2020-12-25T01:51:41.274-0400][gc,marking     ] GC(386016) Concurrent Rebuild Remembered Sets
[2020-12-25T01:51:41.480-0400][gc,marking     ] GC(386016) Concurrent Rebuild Remembered Sets 205.210ms
[2020-12-25T01:51:41.481-0400][gc,start       ] GC(386016) Pause Cleanup
[2020-12-25T01:51:41.481-0400][gc             ] GC(386016) Pause Cleanup 52M->52M(70M) 0.681ms
[2020-12-25T01:51:41.482-0400][gc,cpu         ] GC(386016) User=0.00s Sys=0.00s Real=0.00s
[2020-12-25T01:51:41.483-0400][gc,marking     ] GC(386016) Concurrent Cleanup for Next Mark
[2020-12-25T01:51:41.484-0400][gc,marking     ] GC(386016) Concurrent Cleanup for Next Mark 1.141ms
[2020-12-25T01:51:41.484-0400][gc             ] GC(386016) Concurrent Cycle 667.022ms
[2020-12-25T01:51:42.804-0400][gc,heap        ] GC(386017) Heap before GC invocations=385992 (full 11280): garbage-first heap   total 71680K, used 57554K [0x0000000083000000, 0x0000000100000000)
[2020-12-25T01:51:42.804-0400][gc,heap        ] GC(386017)   region size 1024K, 6 young (6144K), 1 survivors (1024K)
[2020-12-25T01:51:42.804-0400][gc,heap        ] GC(386017)  Metaspace       used 61054K, capacity 63770K, committed 64768K, reserved 1107968K
[2020-12-25T01:51:42.804-0400][gc,heap        ] GC(386017)   class space    used 5720K, capacity 6573K, committed 6912K, reserved 1048576K
[2020-12-25T01:51:42.804-0400][gc,start       ] GC(386017) Pause Young (Prepare Mixed) (G1 Evacuation Pause)
[2020-12-25T01:51:42.805-0400][gc,task        ] GC(386017) Using 4 workers of 4 for evacuation
[2020-12-25T01:51:42.815-0400][gc,phases      ] GC(386017)   Pre Evacuate Collection Set: 0.0ms
[2020-12-25T01:51:42.815-0400][gc,phases      ] GC(386017)   Evacuate Collection Set: 7.5ms
[2020-12-25T01:51:42.815-0400][gc,phases      ] GC(386017)   Post Evacuate Collection Set: 1.9ms
[2020-12-25T01:51:42.815-0400][gc,phases      ] GC(386017)   Other: 1.0ms
[2020-12-25T01:51:42.815-0400][gc,heap        ] GC(386017) Eden regions: 5->0(2)
[2020-12-25T01:51:42.815-0400][gc,heap        ] GC(386017) Survivor regions: 1->1(1)
[2020-12-25T01:51:42.815-0400][gc,heap        ] GC(386017) Old regions: 50->50
[2020-12-25T01:51:42.815-0400][gc,heap        ] GC(386017) Humongous regions: 4->4
[2020-12-25T01:51:42.815-0400][gc,metaspace   ] GC(386017) Metaspace: 61054K->61054K(1107968K)
[2020-12-25T01:51:42.815-0400][gc,heap        ] GC(386017) Heap after GC invocations=385993 (full 11280): garbage-first heap   total 71680K, used 53233K [0x0000000083000000, 0x0000000100000000)
[2020-12-25T01:51:42.815-0400][gc,heap        ] GC(386017)   region size 1024K, 1 young (1024K), 1 survivors (1024K)
[2020-12-25T01:51:42.815-0400][gc,heap        ] GC(386017)  Metaspace       used 61054K, capacity 63770K, committed 64768K, reserved 1107968K
[2020-12-25T01:51:42.815-0400][gc,heap        ] GC(386017)   class space    used 5720K, capacity 6573K, committed 6912K, reserved 1048576K
[2020-12-25T01:51:42.816-0400][gc             ] GC(386017) Pause Young (Prepare Mixed) (G1 Evacuation Pause) 56M->51M(70M) 11.098ms
[2020-12-25T01:51:42.816-0400][gc,cpu         ] GC(386017) User=0.02s Sys=0.02s Real=0.02s
[2020-12-25T01:51:42.829-0400][gc,heap        ] GC(386018) Heap before GC invocations=385993 (full 11280): garbage-first heap   total 71680K, used 55281K [0x0000000083000000, 0x0000000100000000)
[2020-12-25T01:51:42.829-0400][gc,heap        ] GC(386018)   region size 1024K, 3 young (3072K), 1 survivors (1024K)
[2020-12-25T01:51:42.830-0400][gc,heap        ] GC(386018)  Metaspace       used 61054K, capacity 63770K, committed 64768K, reserved 1107968K
[2020-12-25T01:51:42.830-0400][gc,heap        ] GC(386018)   class space    used 5720K, capacity 6573K, committed 6912K, reserved 1048576K
[2020-12-25T01:51:42.830-0400][gc,start       ] GC(386018) Pause Young (Mixed) (G1 Evacuation Pause)
[2020-12-25T01:51:42.830-0400][gc,task        ] GC(386018) Using 4 workers of 4 for evacuation
[2020-12-25T01:51:42.839-0400][gc,phases      ] GC(386018)   Pre Evacuate Collection Set: 0.0ms
[2020-12-25T01:51:42.840-0400][gc,phases      ] GC(386018)   Evacuate Collection Set: 8.7ms
[2020-12-25T01:51:42.840-0400][gc,phases      ] GC(386018)   Post Evacuate Collection Set: 0.5ms
[2020-12-25T01:51:42.840-0400][gc,phases      ] GC(386018)   Other: 0.8ms
[2020-12-25T01:51:42.840-0400][gc,heap        ] GC(386018) Eden regions: 2->0(5)
[2020-12-25T01:51:42.840-0400][gc,heap        ] GC(386018) Survivor regions: 1->1(1)
[2020-12-25T01:51:42.840-0400][gc,heap        ] GC(386018) Old regions: 50->50
[2020-12-25T01:51:42.840-0400][gc,heap        ] GC(386018) Humongous regions: 4->4
[2020-12-25T01:51:42.840-0400][gc,metaspace   ] GC(386018) Metaspace: 61054K->61054K(1107968K)
[2020-12-25T01:51:42.840-0400][gc,heap        ] GC(386018) Heap after GC invocations=385994 (full 11280): garbage-first heap   total 71680K, used 52500K [0x0000000083000000, 0x0000000100000000)
[2020-12-25T01:51:42.840-0400][gc,heap        ] GC(386018)   region size 1024K, 1 young (1024K), 1 survivors (1024K)
[2020-12-25T01:51:42.840-0400][gc,heap        ] GC(386018)  Metaspace       used 61054K, capacity 63770K, committed 64768K, reserved 1107968K
[2020-12-25T01:51:42.840-0400][gc,heap        ] GC(386018)   class space    used 5720K, capacity 6573K, committed 6912K, reserved 1048576K
[2020-12-25T01:51:42.840-0400][gc             ] GC(386018) Pause Young (Mixed) (G1 Evacuation Pause) 53M->51M(70M) 10.530ms
[2020-12-25T01:51:42.840-0400][gc,cpu         ] GC(386018) User=0.02s Sys=0.01s Real=0.01s
[2020-12-25T01:51:47.351-0400][gc,heap        ] GC(386019) Heap before GC invocations=385994 (full 11280): garbage-first heap   total 71680K, used 56596K [0x0000000083000000, 0x0000000100000000)
[2020-12-25T01:51:47.351-0400][gc,heap        ] GC(386019)   region size 1024K, 6 young (6144K), 1 survivors (1024K)
[2020-12-25T01:51:47.351-0400][gc,heap        ] GC(386019)  Metaspace       used 61054K, capacity 63770K, committed 64768K, reserved 1107968K
[2020-12-25T01:51:47.351-0400][gc,heap        ] GC(386019)   class space    used 5720K, capacity 6573K, committed 6912K, reserved 1048576K
[2020-12-25T01:51:47.351-0400][gc,start       ] GC(386019) Pause Young (Concurrent Start) (G1 Evacuation Pause)
[2020-12-25T01:51:47.351-0400][gc,task        ] GC(386019) Using 4 workers of 4 for evacuation
[2020-12-25T01:51:47.360-0400][gc,phases      ] GC(386019)   Pre Evacuate Collection Set: 0.2ms
[2020-12-25T01:51:47.360-0400][gc,phases      ] GC(386019)   Evacuate Collection Set: 6.2ms
[2020-12-25T01:51:47.360-0400][gc,phases      ] GC(386019)   Post Evacuate Collection Set: 1.4ms
[2020-12-25T01:51:47.360-0400][gc,phases      ] GC(386019)   Other: 0.9ms
[2020-12-25T01:51:47.360-0400][gc,heap        ] GC(386019) Eden regions: 5->0(5)
[2020-12-25T01:51:47.360-0400][gc,heap        ] GC(386019) Survivor regions: 1->1(1)
[2020-12-25T01:51:47.360-0400][gc,heap        ] GC(386019) Old regions: 50->50
[2020-12-25T01:51:47.360-0400][gc,heap        ] GC(386019) Humongous regions: 4->4
[2020-12-25T01:51:47.360-0400][gc,metaspace   ] GC(386019) Metaspace: 61054K->61054K(1107968K)
[2020-12-25T01:51:47.360-0400][gc,heap        ] GC(386019) Heap after GC invocations=385995 (full 11280): garbage-first heap   total 71680K, used 53624K [0x0000000083000000, 0x0000000100000000)
[2020-12-25T01:51:47.360-0400][gc,heap        ] GC(386019)   region size 1024K, 1 young (1024K), 1 survivors (1024K)
[2020-12-25T01:51:47.360-0400][gc,heap        ] GC(386019)  Metaspace       used 61054K, capacity 63770K, committed 64768K, reserved 1107968K
[2020-12-25T01:51:47.360-0400][gc,heap        ] GC(386019)   class space    used 5720K, capacity 6573K, committed 6912K, reserved 1048576K
[2020-12-25T01:51:47.360-0400][gc             ] GC(386019) Pause Young (Concurrent Start) (G1 Evacuation Pause) 56M->52M(70M) 9.143ms
[2020-12-25T01:51:47.361-0400][gc,cpu         ] GC(386019) User=0.02s Sys=0.01s Real=0.01s
[2020-12-25T01:51:47.361-0400][gc             ] GC(386020) Concurrent Cycle
[2020-12-25T01:51:47.361-0400][gc,marking     ] GC(386020) Concurrent Clear Claimed Marks
[2020-12-25T01:51:47.361-0400][gc,marking     ] GC(386020) Concurrent Clear Claimed Marks 0.273ms
[2020-12-25T01:51:47.361-0400][gc,marking     ] GC(386020) Concurrent Scan Root Regions
[2020-12-25T01:51:47.364-0400][gc,marking     ] GC(386020) Concurrent Scan Root Regions 3.185ms
[2020-12-25T01:51:47.365-0400][gc,marking     ] GC(386020) Concurrent Mark (3372022.119s)
[2020-12-25T01:51:47.365-0400][gc,marking     ] GC(386020) Concurrent Mark From Roots
[2020-12-25T01:51:47.365-0400][gc,task        ] GC(386020) Using 1 workers of 1 for marking
[2020-12-25T01:51:47.702-0400][gc,marking     ] GC(386020) Concurrent Mark From Roots 337.118ms
[2020-12-25T01:51:47.702-0400][gc,marking     ] GC(386020) Concurrent Preclean
[2020-12-25T01:51:47.703-0400][gc,marking     ] GC(386020) Concurrent Preclean 0.614ms
[2020-12-25T01:51:47.703-0400][gc,marking     ] GC(386020) Concurrent Mark (3372022.119s, 3372022.457s) 338.110ms
[2020-12-25T01:51:47.703-0400][gc,start       ] GC(386020) Pause Remark
[2020-12-25T01:51:47.744-0400][gc,stringtable ] GC(386020) Cleaned string and symbol table, strings: 32397 processed, 0 removed, symbols: 131479 processed, 0 removed
[2020-12-25T01:51:47.745-0400][gc             ] GC(386020) Pause Remark 52M->52M(70M) 41.680ms
[2020-12-25T01:51:47.745-0400][gc,cpu         ] GC(386020) User=0.16s Sys=0.00s Real=0.04s
[2020-12-25T01:51:47.746-0400][gc,marking     ] GC(386020) Concurrent Rebuild Remembered Sets
[2020-12-25T01:51:47.948-0400][gc,marking     ] GC(386020) Concurrent Rebuild Remembered Sets 202.182ms
[2020-12-25T01:51:47.948-0400][gc,start       ] GC(386020) Pause Cleanup
[2020-12-25T01:51:47.949-0400][gc             ] GC(386020) Pause Cleanup 52M->52M(70M) 0.591ms
[2020-12-25T01:51:47.949-0400][gc,cpu         ] GC(386020) User=0.00s Sys=0.00s Real=0.00s
[2020-12-25T01:51:47.950-0400][gc,marking     ] GC(386020) Concurrent Cleanup for Next Mark
[2020-12-25T01:51:47.950-0400][gc,marking     ] GC(386020) Concurrent Cleanup for Next Mark 0.916ms
[2020-12-25T01:51:47.951-0400][gc             ] GC(386020) Concurrent Cycle 589.745ms
[2020-12-25T01:51:50.924-0400][gc,task        ] GC(386021) Using 3 workers of 4 for full compaction
[2020-12-25T01:51:50.924-0400][gc,start       ] GC(386021) Pause Full (System.gc())
[2020-12-25T01:51:50.924-0400][gc,heap        ] GC(386021) Heap before GC invocations=385996 (full 11280): garbage-first heap   total 71680K, used 54648K [0x0000000083000000, 0x0000000100000000)
[2020-12-25T01:51:50.925-0400][gc,heap        ] GC(386021)   region size 1024K, 3 young (3072K), 1 survivors (1024K)
[2020-12-25T01:51:50.925-0400][gc,heap        ] GC(386021)  Metaspace       used 61054K, capacity 63770K, committed 64768K, reserved 1107968K
[2020-12-25T01:51:50.925-0400][gc,heap        ] GC(386021)   class space    used 5720K, capacity 6573K, committed 6912K, reserved 1048576K
[2020-12-25T01:51:50.927-0400][gc,phases,start] GC(386021) Phase 1: Mark live objects
[2020-12-25T01:51:51.069-0400][gc,stringtable ] GC(386021) Cleaned string and symbol table, strings: 32397 processed, 0 removed, symbols: 131479 processed, 0 removed
[2020-12-25T01:51:51.070-0400][gc,phases      ] GC(386021) Phase 1: Mark live objects 142.344ms
[2020-12-25T01:51:51.070-0400][gc,phases,start] GC(386021) Phase 2: Prepare for compaction
[2020-12-25T01:51:51.100-0400][gc,phases      ] GC(386021) Phase 2: Prepare for compaction 30.418ms
[2020-12-25T01:51:51.100-0400][gc,phases,start] GC(386021) Phase 3: Adjust pointers
[2020-12-25T01:51:51.178-0400][gc,phases      ] GC(386021) Phase 3: Adjust pointers 78.234ms
[2020-12-25T01:51:51.179-0400][gc,phases,start] GC(386021) Phase 4: Compact heap
[2020-12-25T01:51:51.202-0400][gc,phases      ] GC(386021) Phase 4: Compact heap 23.801ms
[2020-12-25T01:51:51.238-0400][gc,heap        ] GC(386021) Eden regions: 2->0(8)
[2020-12-25T01:51:51.238-0400][gc,heap        ] GC(386021) Survivor regions: 1->0(1)
[2020-12-25T01:51:51.238-0400][gc,heap        ] GC(386021) Old regions: 50->47
[2020-12-25T01:51:51.238-0400][gc,heap        ] GC(386021) Humongous regions: 4->4
[2020-12-25T01:51:51.238-0400][gc,metaspace   ] GC(386021) Metaspace: 61054K->61054K(1107968K)
[2020-12-25T01:51:51.238-0400][gc,heap        ] GC(386021) Heap after GC invocations=385997 (full 11281): garbage-first heap   total 71680K, used 48859K [0x0000000083000000, 0x0000000100000000)
[2020-12-25T01:51:51.238-0400][gc,heap        ] GC(386021)   region size 1024K, 0 young (0K), 0 survivors (0K)
[2020-12-25T01:51:51.238-0400][gc,heap        ] GC(386021)  Metaspace       used 61054K, capacity 63770K, committed 64768K, reserved 1107968K
[2020-12-25T01:51:51.238-0400][gc,heap        ] GC(386021)   class space    used 5720K, capacity 6573K, committed 6912K, reserved 1048576K
[2020-12-25T01:51:51.238-0400][gc             ] GC(386021) Pause Full (System.gc()) 53M->47M(70M) 313.884ms
[2020-12-25T01:51:51.239-0400][gc,cpu         ] GC(386021) User=0.84s Sys=0.00s Real=0.32s
[2020-12-25T01:52:01.908-0400][gc,heap        ] GC(386022) Heap before GC invocations=385997 (full 11281): garbage-first heap   total 71680K, used 56027K [0x0000000083000000, 0x0000000100000000)
[2020-12-25T01:52:01.908-0400][gc,heap        ] GC(386022)   region size 1024K, 8 young (8192K), 0 survivors (0K)
[2020-12-25T01:52:01.908-0400][gc,heap        ] GC(386022)  Metaspace       used 61054K, capacity 63770K, committed 64768K, reserved 1107968K
[2020-12-25T01:52:01.908-0400][gc,heap        ] GC(386022)   class space    used 5720K, capacity 6573K, committed 6912K, reserved 1048576K
[2020-12-25T01:52:01.908-0400][gc,start       ] GC(386022) Pause Young (Concurrent Start) (G1 Evacuation Pause)
[2020-12-25T01:52:01.908-0400][gc,task        ] GC(386022) Using 4 workers of 4 for evacuation
[2020-12-25T01:52:01.917-0400][gc,phases      ] GC(386022)   Pre Evacuate Collection Set: 0.3ms
[2020-12-25T01:52:01.917-0400][gc,phases      ] GC(386022)   Evacuate Collection Set: 5.0ms
[2020-12-25T01:52:01.917-0400][gc,phases      ] GC(386022)   Post Evacuate Collection Set: 2.4ms
[2020-12-25T01:52:01.917-0400][gc,phases      ] GC(386022)   Other: 1.2ms
[2020-12-25T01:52:01.917-0400][gc,heap        ] GC(386022) Eden regions: 8->0(8)
[2020-12-25T01:52:01.917-0400][gc,heap        ] GC(386022) Survivor regions: 0->1(1)
[2020-12-25T01:52:01.917-0400][gc,heap        ] GC(386022) Old regions: 47->47
[2020-12-25T01:52:01.917-0400][gc,heap        ] GC(386022) Humongous regions: 4->4
[2020-12-25T01:52:01.917-0400][gc,metaspace   ] GC(386022) Metaspace: 61054K->61054K(1107968K)
[2020-12-25T01:52:01.917-0400][gc,heap        ] GC(386022) Heap after GC invocations=385998 (full 11281): garbage-first heap   total 71680K, used 49206K [0x0000000083000000, 0x0000000100000000)
[2020-12-25T01:52:01.917-0400][gc,heap        ] GC(386022)   region size 1024K, 1 young (1024K), 1 survivors (1024K)
[2020-12-25T01:52:01.917-0400][gc,heap        ] GC(386022)  Metaspace       used 61054K, capacity 63770K, committed 64768K, reserved 1107968K
[2020-12-25T01:52:01.917-0400][gc,heap        ] GC(386022)   class space    used 5720K, capacity 6573K, committed 6912K, reserved 1048576K
[2020-12-25T01:52:01.917-0400][gc             ] GC(386022) Pause Young (Concurrent Start) (G1 Evacuation Pause) 55M->48M(70M) 9.372ms
[2020-12-25T01:52:01.918-0400][gc,cpu         ] GC(386022) User=0.01s Sys=0.01s Real=0.01s
[2020-12-25T01:52:01.919-0400][gc             ] GC(386023) Concurrent Cycle
[2020-12-25T01:52:01.919-0400][gc,marking     ] GC(386023) Concurrent Clear Claimed Marks
[2020-12-25T01:52:01.919-0400][gc,marking     ] GC(386023) Concurrent Clear Claimed Marks 0.343ms
[2020-12-25T01:52:01.919-0400][gc,marking     ] GC(386023) Concurrent Scan Root Regions
[2020-12-25T01:52:01.922-0400][gc,marking     ] GC(386023) Concurrent Scan Root Regions 2.981ms
[2020-12-25T01:52:01.922-0400][gc,marking     ] GC(386023) Concurrent Mark (3372036.677s)
[2020-12-25T01:52:01.923-0400][gc,marking     ] GC(386023) Concurrent Mark From Roots
[2020-12-25T01:52:01.923-0400][gc,task        ] GC(386023) Using 1 workers of 1 for marking
[2020-12-25T01:52:02.295-0400][gc,marking     ] GC(386023) Concurrent Mark From Roots 372.696ms
[2020-12-25T01:52:02.295-0400][gc,marking     ] GC(386023) Concurrent Preclean
[2020-12-25T01:52:02.296-0400][gc,marking     ] GC(386023) Concurrent Preclean 0.948ms
[2020-12-25T01:52:02.296-0400][gc,marking     ] GC(386023) Concurrent Mark (3372036.677s, 3372037.051s) 373.984ms
[2020-12-25T01:52:02.297-0400][gc,start       ] GC(386023) Pause Remark
[2020-12-25T01:52:02.357-0400][gc,stringtable ] GC(386023) Cleaned string and symbol table, strings: 32397 processed, 0 removed, symbols: 131479 processed, 0 removed
[2020-12-25T01:52:02.358-0400][gc             ] GC(386023) Pause Remark 50M->50M(70M) 60.737ms
[2020-12-25T01:52:02.358-0400][gc,cpu         ] GC(386023) User=0.16s Sys=0.00s Real=0.06s
[2020-12-25T01:52:02.358-0400][gc,marking     ] GC(386023) Concurrent Rebuild Remembered Sets
[2020-12-25T01:52:02.568-0400][gc,marking     ] GC(386023) Concurrent Rebuild Remembered Sets 209.004ms
[2020-12-25T01:52:02.568-0400][gc,start       ] GC(386023) Pause Cleanup
[2020-12-25T01:52:02.569-0400][gc             ] GC(386023) Pause Cleanup 50M->50M(70M) 0.601ms
[2020-12-25T01:52:02.569-0400][gc,cpu         ] GC(386023) User=0.00s Sys=0.00s Real=0.00s
[2020-12-25T01:52:02.569-0400][gc,marking     ] GC(386023) Concurrent Cleanup for Next Mark
[2020-12-25T01:52:02.570-0400][gc,marking     ] GC(386023) Concurrent Cleanup for Next Mark 0.942ms
[2020-12-25T01:52:02.570-0400][gc             ] GC(386023) Concurrent Cycle 651.754ms
[2020-12-25T01:52:04.896-0400][gc,heap        ] GC(386024) Heap before GC invocations=385999 (full 11281): garbage-first heap   total 71680K, used 56374K [0x0000000083000000, 0x0000000100000000)
[2020-12-25T01:52:04.896-0400][gc,heap        ] GC(386024)   region size 1024K, 9 young (9216K), 1 survivors (1024K)
[2020-12-25T01:52:04.896-0400][gc,heap        ] GC(386024)  Metaspace       used 61054K, capacity 63770K, committed 64768K, reserved 1107968K
[2020-12-25T01:52:04.896-0400][gc,heap        ] GC(386024)   class space    used 5720K, capacity 6573K, committed 6912K, reserved 1048576K
[2020-12-25T01:52:04.896-0400][gc,start       ] GC(386024) Pause Young (Normal) (G1 Evacuation Pause)
[2020-12-25T01:52:04.896-0400][gc,task        ] GC(386024) Using 4 workers of 4 for evacuation
[2020-12-25T01:52:04.908-0400][gc,phases      ] GC(386024)   Pre Evacuate Collection Set: 0.0ms
[2020-12-25T01:52:04.908-0400][gc,phases      ] GC(386024)   Evacuate Collection Set: 8.1ms
[2020-12-25T01:52:04.908-0400][gc,phases      ] GC(386024)   Post Evacuate Collection Set: 2.7ms
[2020-12-25T01:52:04.908-0400][gc,phases      ] GC(386024)   Other: 0.9ms
[2020-12-25T01:52:04.908-0400][gc,heap        ] GC(386024) Eden regions: 8->0(7)
[2020-12-25T01:52:04.908-0400][gc,heap        ] GC(386024) Survivor regions: 1->2(2)
[2020-12-25T01:52:04.908-0400][gc,heap        ] GC(386024) Old regions: 47->47
[2020-12-25T01:52:04.908-0400][gc,heap        ] GC(386024) Humongous regions: 4->4
[2020-12-25T01:52:04.908-0400][gc,metaspace   ] GC(386024) Metaspace: 61054K->61054K(1107968K)
[2020-12-25T01:52:04.908-0400][gc,heap        ] GC(386024) Heap after GC invocations=386000 (full 11281): garbage-first heap   total 71680K, used 50084K [0x0000000083000000, 0x0000000100000000)
[2020-12-25T01:52:04.908-0400][gc,heap        ] GC(386024)   region size 1024K, 2 young (2048K), 2 survivors (2048K)
[2020-12-25T01:52:04.908-0400][gc,heap        ] GC(386024)  Metaspace       used 61054K, capacity 63770K, committed 64768K, reserved 1107968K
[2020-12-25T01:52:04.908-0400][gc,heap        ] GC(386024)   class space    used 5720K, capacity 6573K, committed 6912K, reserved 1048576K
[2020-12-25T01:52:04.908-0400][gc             ] GC(386024) Pause Young (Normal) (G1 Evacuation Pause) 56M->48M(70M) 12.106ms
[2020-12-25T01:52:04.908-0400][gc,cpu         ] GC(386024) User=0.04s Sys=0.00s Real=0.01s
[2020-12-25T01:52:11.879-0400][gc,heap        ] GC(386025) Heap before GC invocations=386000 (full 11281): garbage-first heap   total 71680K, used 56228K [0x0000000083000000, 0x0000000100000000)
[2020-12-25T01:52:11.879-0400][gc,heap        ] GC(386025)   region size 1024K, 9 young (9216K), 2 survivors (2048K)
[2020-12-25T01:52:11.879-0400][gc,heap        ] GC(386025)  Metaspace       used 61054K, capacity 63770K, committed 64768K, reserved 1107968K
[2020-12-25T01:52:11.879-0400][gc,heap        ] GC(386025)   class space    used 5720K, capacity 6573K, committed 6912K, reserved 1048576K
[2020-12-25T01:52:11.879-0400][gc,start       ] GC(386025) Pause Young (Concurrent Start) (G1 Evacuation Pause)
[2020-12-25T01:52:11.879-0400][gc,task        ] GC(386025) Using 4 workers of 4 for evacuation
[2020-12-25T01:52:11.885-0400][gc,phases      ] GC(386025)   Pre Evacuate Collection Set: 0.3ms
[2020-12-25T01:52:11.885-0400][gc,phases      ] GC(386025)   Evacuate Collection Set: 4.2ms
[2020-12-25T01:52:11.885-0400][gc,phases      ] GC(386025)   Post Evacuate Collection Set: 0.9ms
[2020-12-25T01:52:11.885-0400][gc,phases      ] GC(386025)   Other: 0.9ms
[2020-12-25T01:52:11.885-0400][gc,heap        ] GC(386025) Eden regions: 7->0(7)
[2020-12-25T01:52:11.885-0400][gc,heap        ] GC(386025) Survivor regions: 2->1(2)
[2020-12-25T01:52:11.885-0400][gc,heap        ] GC(386025) Old regions: 47->48
[2020-12-25T01:52:11.885-0400][gc,heap        ] GC(386025) Humongous regions: 4->4
[2020-12-25T01:52:11.885-0400][gc,metaspace   ] GC(386025) Metaspace: 61054K->61054K(1107968K)
[2020-12-25T01:52:11.885-0400][gc,heap        ] GC(386025) Heap after GC invocations=386001 (full 11281): garbage-first heap   total 71680K, used 49118K [0x0000000083000000, 0x0000000100000000)
[2020-12-25T01:52:11.885-0400][gc,heap        ] GC(386025)   region size 1024K, 1 young (1024K), 1 survivors (1024K)
[2020-12-25T01:52:11.886-0400][gc,heap        ] GC(386025)  Metaspace       used 61054K, capacity 63770K, committed 64768K, reserved 1107968K
[2020-12-25T01:52:11.886-0400][gc,heap        ] GC(386025)   class space    used 5720K, capacity 6573K, committed 6912K, reserved 1048576K
[2020-12-25T01:52:11.886-0400][gc             ] GC(386025) Pause Young (Concurrent Start) (G1 Evacuation Pause) 55M->47M(70M) 6.689ms
[2020-12-25T01:52:11.886-0400][gc,cpu         ] GC(386025) User=0.02s Sys=0.00s Real=0.01s
[2020-12-25T01:52:11.886-0400][gc             ] GC(386026) Concurrent Cycle
[2020-12-25T01:52:11.886-0400][gc,marking     ] GC(386026) Concurrent Clear Claimed Marks
[2020-12-25T01:52:11.887-0400][gc,marking     ] GC(386026) Concurrent Clear Claimed Marks 0.416ms
[2020-12-25T01:52:11.887-0400][gc,marking     ] GC(386026) Concurrent Scan Root Regions
[2020-12-25T01:52:11.889-0400][gc,marking     ] GC(386026) Concurrent Scan Root Regions 1.911ms
[2020-12-25T01:52:11.889-0400][gc,marking     ] GC(386026) Concurrent Mark (3372046.643s)
[2020-12-25T01:52:11.889-0400][gc,marking     ] GC(386026) Concurrent Mark From Roots
[2020-12-25T01:52:11.889-0400][gc,task        ] GC(386026) Using 1 workers of 1 for marking
[2020-12-25T01:52:12.220-0400][gc,marking     ] GC(386026) Concurrent Mark From Roots 331.380ms
[2020-12-25T01:52:12.220-0400][gc,marking     ] GC(386026) Concurrent Preclean
[2020-12-25T01:52:12.221-0400][gc,marking     ] GC(386026) Concurrent Preclean 0.992ms
[2020-12-25T01:52:12.222-0400][gc,marking     ] GC(386026) Concurrent Mark (3372046.643s, 3372046.976s) 332.653ms
[2020-12-25T01:52:12.223-0400][gc,start       ] GC(386026) Pause Remark
[2020-12-25T01:52:12.275-0400][gc,stringtable ] GC(386026) Cleaned string and symbol table, strings: 32397 processed, 0 removed, symbols: 131479 processed, 0 removed
[2020-12-25T01:52:12.276-0400][gc             ] GC(386026) Pause Remark 48M->48M(70M) 52.879ms
[2020-12-25T01:52:12.276-0400][gc,cpu         ] GC(386026) User=0.16s Sys=0.00s Real=0.06s
[2020-12-25T01:52:12.276-0400][gc,marking     ] GC(386026) Concurrent Rebuild Remembered Sets
[2020-12-25T01:52:12.480-0400][gc,marking     ] GC(386026) Concurrent Rebuild Remembered Sets 203.585ms
[2020-12-25T01:52:12.481-0400][gc,start       ] GC(386026) Pause Cleanup
[2020-12-25T01:52:12.481-0400][gc             ] GC(386026) Pause Cleanup 48M->48M(70M) 0.578ms
[2020-12-25T01:52:12.481-0400][gc,cpu         ] GC(386026) User=0.00s Sys=0.00s Real=0.00s
[2020-12-25T01:52:12.482-0400][gc,marking     ] GC(386026) Concurrent Cleanup for Next Mark
[2020-12-25T01:52:12.483-0400][gc,marking     ] GC(386026) Concurrent Cleanup for Next Mark 0.803ms
[2020-12-25T01:52:12.483-0400][gc             ] GC(386026) Concurrent Cycle 596.592ms
[2020-12-25T01:52:29.922-0400][gc,heap        ] GC(386027) Heap before GC invocations=386002 (full 11281): garbage-first heap   total 71680K, used 55262K [0x0000000083000000, 0x0000000100000000)
[2020-12-25T01:52:29.922-0400][gc,heap        ] GC(386027)   region size 1024K, 8 young (8192K), 1 survivors (1024K)
[2020-12-25T01:52:29.922-0400][gc,heap        ] GC(386027)  Metaspace       used 61056K, capacity 63773K, committed 64768K, reserved 1107968K
[2020-12-25T01:52:29.922-0400][gc,heap        ] GC(386027)   class space    used 5721K, capacity 6574K, committed 6912K, reserved 1048576K
[2020-12-25T01:52:29.923-0400][gc,start       ] GC(386027) Pause Young (Normal) (G1 Evacuation Pause)
[2020-12-25T01:52:29.923-0400][gc,task        ] GC(386027) Using 4 workers of 4 for evacuation
[2020-12-25T01:52:29.929-0400][gc,phases      ] GC(386027)   Pre Evacuate Collection Set: 0.0ms
[2020-12-25T01:52:29.930-0400][gc,phases      ] GC(386027)   Evacuate Collection Set: 4.6ms
[2020-12-25T01:52:29.930-0400][gc,phases      ] GC(386027)   Post Evacuate Collection Set: 1.7ms
[2020-12-25T01:52:29.930-0400][gc,phases      ] GC(386027)   Other: 0.9ms
[2020-12-25T01:52:29.930-0400][gc,heap        ] GC(386027) Eden regions: 7->0(8)
[2020-12-25T01:52:29.930-0400][gc,heap        ] GC(386027) Survivor regions: 1->1(1)
[2020-12-25T01:52:29.930-0400][gc,heap        ] GC(386027) Old regions: 48->48
[2020-12-25T01:52:29.930-0400][gc,heap        ] GC(386027) Humongous regions: 4->4
[2020-12-25T01:52:29.930-0400][gc,metaspace   ] GC(386027) Metaspace: 61056K->61056K(1107968K)
[2020-12-25T01:52:29.930-0400][gc,heap        ] GC(386027) Heap after GC invocations=386003 (full 11281): garbage-first heap   total 71680K, used 49181K [0x0000000083000000, 0x0000000100000000)
[2020-12-25T01:52:29.930-0400][gc,heap        ] GC(386027)   region size 1024K, 1 young (1024K), 1 survivors (1024K)
[2020-12-25T01:52:29.930-0400][gc,heap        ] GC(386027)  Metaspace       used 61056K, capacity 63773K, committed 64768K, reserved 1107968K
[2020-12-25T01:52:29.930-0400][gc,heap        ] GC(386027)   class space    used 5721K, capacity 6574K, committed 6912K, reserved 1048576K
[2020-12-25T01:52:29.930-0400][gc             ] GC(386027) Pause Young (Normal) (G1 Evacuation Pause) 54M->48M(70M) 7.683ms
[2020-12-25T01:52:29.930-0400][gc,cpu         ] GC(386027) User=0.02s Sys=0.00s Real=0.01s
[2020-12-25T01:52:39.993-0400][gc,heap        ] GC(386028) Heap before GC invocations=386003 (full 11281): garbage-first heap   total 71680K, used 57373K [0x0000000083000000, 0x0000000100000000)
[2020-12-25T01:52:39.993-0400][gc,heap        ] GC(386028)   region size 1024K, 9 young (9216K), 1 survivors (1024K)
[2020-12-25T01:52:39.993-0400][gc,heap        ] GC(386028)  Metaspace       used 61056K, capacity 63773K, committed 64768K, reserved 1107968K
[2020-12-25T01:52:39.993-0400][gc,heap        ] GC(386028)   class space    used 5721K, capacity 6574K, committed 6912K, reserved 1048576K
[2020-12-25T01:52:39.994-0400][gc,start       ] GC(386028) Pause Young (Concurrent Start) (G1 Evacuation Pause)
[2020-12-25T01:52:39.994-0400][gc,task        ] GC(386028) Using 4 workers of 4 for evacuation
[2020-12-25T01:52:40.004-0400][gc,phases      ] GC(386028)   Pre Evacuate Collection Set: 0.2ms
[2020-12-25T01:52:40.004-0400][gc,phases      ] GC(386028)   Evacuate Collection Set: 7.1ms
[2020-12-25T01:52:40.004-0400][gc,phases      ] GC(386028)   Post Evacuate Collection Set: 2.6ms
[2020-12-25T01:52:40.004-0400][gc,phases      ] GC(386028)   Other: 1.0ms
[2020-12-25T01:52:40.004-0400][gc,heap        ] GC(386028) Eden regions: 8->0(8)
[2020-12-25T01:52:40.004-0400][gc,heap        ] GC(386028) Survivor regions: 1->1(2)
[2020-12-25T01:52:40.004-0400][gc,heap        ] GC(386028) Old regions: 48->48
[2020-12-25T01:52:40.004-0400][gc,heap        ] GC(386028) Humongous regions: 4->4
[2020-12-25T01:52:40.004-0400][gc,metaspace   ] GC(386028) Metaspace: 61056K->61056K(1107968K)
[2020-12-25T01:52:40.005-0400][gc,heap        ] GC(386028) Heap after GC invocations=386004 (full 11281): garbage-first heap   total 71680K, used 49906K [0x0000000083000000, 0x0000000100000000)
[2020-12-25T01:52:40.005-0400][gc,heap        ] GC(386028)   region size 1024K, 1 young (1024K), 1 survivors (1024K)
[2020-12-25T01:52:40.005-0400][gc,heap        ] GC(386028)  Metaspace       used 61056K, capacity 63773K, committed 64768K, reserved 1107968K
[2020-12-25T01:52:40.005-0400][gc,heap        ] GC(386028)   class space    used 5721K, capacity 6574K, committed 6912K, reserved 1048576K
[2020-12-25T01:52:40.005-0400][gc             ] GC(386028) Pause Young (Concurrent Start) (G1 Evacuation Pause) 56M->48M(70M) 11.259ms
[2020-12-25T01:52:40.005-0400][gc,cpu         ] GC(386028) User=0.02s Sys=0.02s Real=0.01s
[2020-12-25T01:52:40.005-0400][gc             ] GC(386029) Concurrent Cycle
[2020-12-25T01:52:40.005-0400][gc,marking     ] GC(386029) Concurrent Clear Claimed Marks
[2020-12-25T01:52:40.006-0400][gc,marking     ] GC(386029) Concurrent Clear Claimed Marks 0.367ms
[2020-12-25T01:52:40.006-0400][gc,marking     ] GC(386029) Concurrent Scan Root Regions
[2020-12-25T01:52:40.012-0400][gc,marking     ] GC(386029) Concurrent Scan Root Regions 5.698ms
[2020-12-25T01:52:40.012-0400][gc,marking     ] GC(386029) Concurrent Mark (3372074.766s)
[2020-12-25T01:52:40.012-0400][gc,marking     ] GC(386029) Concurrent Mark From Roots
[2020-12-25T01:52:40.012-0400][gc,task        ] GC(386029) Using 1 workers of 1 for marking
[2020-12-25T01:52:40.375-0400][gc,marking     ] GC(386029) Concurrent Mark From Roots 363.468ms
[2020-12-25T01:52:40.375-0400][gc,marking     ] GC(386029) Concurrent Preclean
[2020-12-25T01:52:40.376-0400][gc,marking     ] GC(386029) Concurrent Preclean 0.941ms
[2020-12-25T01:52:40.376-0400][gc,marking     ] GC(386029) Concurrent Mark (3372074.766s, 3372075.131s) 364.762ms
[2020-12-25T01:52:40.377-0400][gc,start       ] GC(386029) Pause Remark
[2020-12-25T01:52:40.436-0400][gc,stringtable ] GC(386029) Cleaned string and symbol table, strings: 32398 processed, 0 removed, symbols: 131481 processed, 0 removed
[2020-12-25T01:52:40.436-0400][gc             ] GC(386029) Pause Remark 51M->51M(70M) 59.021ms
[2020-12-25T01:52:40.437-0400][gc,cpu         ] GC(386029) User=0.17s Sys=0.00s Real=0.06s
[2020-12-25T01:52:40.437-0400][gc,marking     ] GC(386029) Concurrent Rebuild Remembered Sets
[2020-12-25T01:52:40.650-0400][gc,marking     ] GC(386029) Concurrent Rebuild Remembered Sets 213.015ms
[2020-12-25T01:52:40.651-0400][gc,start       ] GC(386029) Pause Cleanup
[2020-12-25T01:52:40.652-0400][gc             ] GC(386029) Pause Cleanup 51M->51M(70M) 0.633ms
[2020-12-25T01:52:40.652-0400][gc,cpu         ] GC(386029) User=0.00s Sys=0.00s Real=0.00s
[2020-12-25T01:52:40.653-0400][gc,marking     ] GC(386029) Concurrent Cleanup for Next Mark
[2020-12-25T01:52:40.654-0400][gc,marking     ] GC(386029) Concurrent Cleanup for Next Mark 0.896ms
[2020-12-25T01:52:40.654-0400][gc             ] GC(386029) Concurrent Cycle 649.392ms
[2020-12-25T01:52:48.970-0400][gc,heap        ] GC(386030) Heap before GC invocations=386005 (full 11281): garbage-first heap   total 71680K, used 57074K [0x0000000083000000, 0x0000000100000000)
[2020-12-25T01:52:48.971-0400][gc,heap        ] GC(386030)   region size 1024K, 9 young (9216K), 1 survivors (1024K)
[2020-12-25T01:52:48.971-0400][gc,heap        ] GC(386030)  Metaspace       used 61056K, capacity 63773K, committed 64768K, reserved 1107968K
[2020-12-25T01:52:48.971-0400][gc,heap        ] GC(386030)   class space    used 5721K, capacity 6574K, committed 6912K, reserved 1048576K
[2020-12-25T01:52:48.971-0400][gc,start       ] GC(386030) Pause Young (Normal) (G1 Evacuation Pause)
[2020-12-25T01:52:48.971-0400][gc,task        ] GC(386030) Using 4 workers of 4 for evacuation
[2020-12-25T01:52:48.978-0400][gc,phases      ] GC(386030)   Pre Evacuate Collection Set: 0.0ms
[2020-12-25T01:52:48.978-0400][gc,phases      ] GC(386030)   Evacuate Collection Set: 5.5ms
[2020-12-25T01:52:48.978-0400][gc,phases      ] GC(386030)   Post Evacuate Collection Set: 1.5ms
[2020-12-25T01:52:48.979-0400][gc,phases      ] GC(386030)   Other: 0.8ms
[2020-12-25T01:52:48.979-0400][gc,heap        ] GC(386030) Eden regions: 8->0(8)
[2020-12-25T01:52:48.979-0400][gc,heap        ] GC(386030) Survivor regions: 1->1(2)
[2020-12-25T01:52:48.979-0400][gc,heap        ] GC(386030) Old regions: 48->48
[2020-12-25T01:52:48.979-0400][gc,heap        ] GC(386030) Humongous regions: 4->4
[2020-12-25T01:52:48.979-0400][gc,metaspace   ] GC(386030) Metaspace: 61056K->61056K(1107968K)
[2020-12-25T01:52:48.979-0400][gc,heap        ] GC(386030) Heap after GC invocations=386006 (full 11281): garbage-first heap   total 71680K, used 49174K [0x0000000083000000, 0x0000000100000000)
[2020-12-25T01:52:48.979-0400][gc,heap        ] GC(386030)   region size 1024K, 1 young (1024K), 1 survivors (1024K)
[2020-12-25T01:52:48.979-0400][gc,heap        ] GC(386030)  Metaspace       used 61056K, capacity 63773K, committed 64768K, reserved 1107968K
[2020-12-25T01:52:48.979-0400][gc,heap        ] GC(386030)   class space    used 5721K, capacity 6574K, committed 6912K, reserved 1048576K
[2020-12-25T01:52:48.979-0400][gc             ] GC(386030) Pause Young (Normal) (G1 Evacuation Pause) 56M->48M(70M) 8.303ms
[2020-12-25T01:52:48.979-0400][gc,cpu         ] GC(386030) User=0.02s Sys=0.00s Real=0.01s
[2020-12-25T01:52:57.701-0400][gc,heap        ] GC(386031) Heap before GC invocations=386006 (full 11281): garbage-first heap   total 71680K, used 57366K [0x0000000083000000, 0x0000000100000000)
[2020-12-25T01:52:57.701-0400][gc,heap        ] GC(386031)   region size 1024K, 9 young (9216K), 1 survivors (1024K)
[2020-12-25T01:52:57.701-0400][gc,heap        ] GC(386031)  Metaspace       used 61058K, capacity 63776K, committed 64768K, reserved 1107968K
[2020-12-25T01:52:57.701-0400][gc,heap        ] GC(386031)   class space    used 5721K, capacity 6575K, committed 6912K, reserved 1048576K
[2020-12-25T01:52:57.701-0400][gc,start       ] GC(386031) Pause Young (Concurrent Start) (G1 Evacuation Pause)
[2020-12-25T01:52:57.701-0400][gc,task        ] GC(386031) Using 4 workers of 4 for evacuation
[2020-12-25T01:52:57.714-0400][gc,phases      ] GC(386031)   Pre Evacuate Collection Set: 0.2ms
[2020-12-25T01:52:57.714-0400][gc,phases      ] GC(386031)   Evacuate Collection Set: 8.9ms
[2020-12-25T01:52:57.714-0400][gc,phases      ] GC(386031)   Post Evacuate Collection Set: 3.0ms
[2020-12-25T01:52:57.715-0400][gc,phases      ] GC(386031)   Other: 1.2ms
[2020-12-25T01:52:57.715-0400][gc,heap        ] GC(386031) Eden regions: 8->0(7)
[2020-12-25T01:52:57.715-0400][gc,heap        ] GC(386031) Survivor regions: 1->2(2)
[2020-12-25T01:52:57.715-0400][gc,heap        ] GC(386031) Old regions: 48->48
[2020-12-25T01:52:57.715-0400][gc,heap        ] GC(386031) Humongous regions: 4->4
[2020-12-25T01:52:57.715-0400][gc,metaspace   ] GC(386031) Metaspace: 61058K->61058K(1107968K)
[2020-12-25T01:52:57.715-0400][gc,heap        ] GC(386031) Heap after GC invocations=386007 (full 11281): garbage-first heap   total 71680K, used 50250K [0x0000000083000000, 0x0000000100000000)
[2020-12-25T01:52:57.715-0400][gc,heap        ] GC(386031)   region size 1024K, 2 young (2048K), 2 survivors (2048K)
[2020-12-25T01:52:57.715-0400][gc,heap        ] GC(386031)  Metaspace       used 61058K, capacity 63776K, committed 64768K, reserved 1107968K
[2020-12-25T01:52:57.715-0400][gc,heap        ] GC(386031)   class space    used 5721K, capacity 6575K, committed 6912K, reserved 1048576K
[2020-12-25T01:52:57.715-0400][gc             ] GC(386031) Pause Young (Concurrent Start) (G1 Evacuation Pause) 56M->49M(70M) 13.823ms
[2020-12-25T01:52:57.715-0400][gc,cpu         ] GC(386031) User=0.04s Sys=0.00s Real=0.01s
[2020-12-25T01:52:57.717-0400][gc             ] GC(386032) Concurrent Cycle
[2020-12-25T01:52:57.717-0400][gc,marking     ] GC(386032) Concurrent Clear Claimed Marks
[2020-12-25T01:52:57.717-0400][gc,marking     ] GC(386032) Concurrent Clear Claimed Marks 0.261ms
[2020-12-25T01:52:57.717-0400][gc,marking     ] GC(386032) Concurrent Scan Root Regions
[2020-12-25T01:52:57.723-0400][gc,marking     ] GC(386032) Concurrent Scan Root Regions 6.175ms
[2020-12-25T01:52:57.724-0400][gc,marking     ] GC(386032) Concurrent Mark (3372092.478s)
[2020-12-25T01:52:57.724-0400][gc,marking     ] GC(386032) Concurrent Mark From Roots
[2020-12-25T01:52:57.724-0400][gc,task        ] GC(386032) Using 1 workers of 1 for marking
[2020-12-25T01:52:57.763-0400][gc,heap        ] GC(386033) Heap before GC invocations=386007 (full 11281): garbage-first heap   total 71680K, used 56394K [0x0000000083000000, 0x0000000100000000)
[2020-12-25T01:52:57.763-0400][gc,heap        ] GC(386033)   region size 1024K, 9 young (9216K), 2 survivors (2048K)
[2020-12-25T01:52:57.763-0400][gc,heap        ] GC(386033)  Metaspace       used 61058K, capacity 63776K, committed 64768K, reserved 1107968K
[2020-12-25T01:52:57.763-0400][gc,heap        ] GC(386033)   class space    used 5721K, capacity 6575K, committed 6912K, reserved 1048576K
[2020-12-25T01:52:57.764-0400][gc,start       ] GC(386033) Pause Young (Normal) (G1 Evacuation Pause)
[2020-12-25T01:52:57.764-0400][gc,task        ] GC(386033) Using 4 workers of 4 for evacuation
[2020-12-25T01:52:57.775-0400][gc,phases      ] GC(386033)   Pre Evacuate Collection Set: 0.1ms
[2020-12-25T01:52:57.776-0400][gc,phases      ] GC(386033)   Evacuate Collection Set: 10.4ms
[2020-12-25T01:52:57.776-0400][gc,phases      ] GC(386033)   Post Evacuate Collection Set: 0.7ms
[2020-12-25T01:52:57.776-0400][gc,phases      ] GC(386033)   Other: 1.2ms
[2020-12-25T01:52:57.776-0400][gc,heap        ] GC(386033) Eden regions: 7->0(6)
[2020-12-25T01:52:57.776-0400][gc,heap        ] GC(386033) Survivor regions: 2->2(2)
[2020-12-25T01:52:57.776-0400][gc,heap        ] GC(386033) Old regions: 48->48
[2020-12-25T01:52:57.776-0400][gc,heap        ] GC(386033) Humongous regions: 4->4
[2020-12-25T01:52:57.776-0400][gc,metaspace   ] GC(386033) Metaspace: 61058K->61058K(1107968K)
[2020-12-25T01:52:57.776-0400][gc,heap        ] GC(386033) Heap after GC invocations=386008 (full 11281): garbage-first heap   total 71680K, used 50793K [0x0000000083000000, 0x0000000100000000)
[2020-12-25T01:52:57.776-0400][gc,heap        ] GC(386033)   region size 1024K, 2 young (2048K), 2 survivors (2048K)
[2020-12-25T01:52:57.776-0400][gc,heap        ] GC(386033)  Metaspace       used 61058K, capacity 63776K, committed 64768K, reserved 1107968K
[2020-12-25T01:52:57.776-0400][gc,heap        ] GC(386033)   class space    used 5721K, capacity 6575K, committed 6912K, reserved 1048576K
[2020-12-25T01:52:57.776-0400][gc             ] GC(386033) Pause Young (Normal) (G1 Evacuation Pause) 56M->49M(70M) 12.541ms
[2020-12-25T01:52:57.776-0400][gc,cpu         ] GC(386033) User=0.04s Sys=0.00s Real=0.02s
[2020-12-25T01:52:58.103-0400][gc,marking     ] GC(386032) Concurrent Mark From Roots 379.611ms
[2020-12-25T01:52:58.103-0400][gc,marking     ] GC(386032) Concurrent Preclean
[2020-12-25T01:52:58.104-0400][gc,marking     ] GC(386032) Concurrent Preclean 0.737ms
[2020-12-25T01:52:58.104-0400][gc,marking     ] GC(386032) Concurrent Mark (3372092.478s, 3372092.859s) 380.715ms
[2020-12-25T01:52:58.105-0400][gc,start       ] GC(386032) Pause Remark
[2020-12-25T01:52:58.155-0400][gc,stringtable ] GC(386032) Cleaned string and symbol table, strings: 32399 processed, 0 removed, symbols: 131483 processed, 0 removed
[2020-12-25T01:52:58.156-0400][gc             ] GC(386032) Pause Remark 51M->51M(70M) 50.449ms
[2020-12-25T01:52:58.156-0400][gc,cpu         ] GC(386032) User=0.09s Sys=0.07s Real=0.06s
[2020-12-25T01:52:58.156-0400][gc,marking     ] GC(386032) Concurrent Rebuild Remembered Sets
[2020-12-25T01:52:58.374-0400][gc,marking     ] GC(386032) Concurrent Rebuild Remembered Sets 218.341ms
[2020-12-25T01:52:58.376-0400][gc,start       ] GC(386032) Pause Cleanup
[2020-12-25T01:52:58.376-0400][gc             ] GC(386032) Pause Cleanup 51M->51M(70M) 0.669ms
[2020-12-25T01:52:58.376-0400][gc,cpu         ] GC(386032) User=0.00s Sys=0.00s Real=0.01s
[2020-12-25T01:52:58.377-0400][gc,marking     ] GC(386032) Concurrent Cleanup for Next Mark
[2020-12-25T01:52:58.378-0400][gc,marking     ] GC(386032) Concurrent Cleanup for Next Mark 1.107ms
[2020-12-25T01:52:58.378-0400][gc             ] GC(386032) Concurrent Cycle 661.281ms
[2020-12-25T01:53:02.261-0400][gc,heap        ] GC(386034) Heap before GC invocations=386009 (full 11281): garbage-first heap   total 71680K, used 56937K [0x0000000083000000, 0x0000000100000000)
[2020-12-25T01:53:02.262-0400][gc,heap        ] GC(386034)   region size 1024K, 8 young (8192K), 2 survivors (2048K)
[2020-12-25T01:53:02.262-0400][gc,heap        ] GC(386034)  Metaspace       used 61058K, capacity 63776K, committed 64768K, reserved 1107968K
[2020-12-25T01:53:02.262-0400][gc,heap        ] GC(386034)   class space    used 5721K, capacity 6575K, committed 6912K, reserved 1048576K
[2020-12-25T01:53:02.262-0400][gc,start       ] GC(386034) Pause Young (Normal) (G1 Evacuation Pause)
[2020-12-25T01:53:02.262-0400][gc,task        ] GC(386034) Using 4 workers of 4 for evacuation
[2020-12-25T01:53:02.271-0400][gc,phases      ] GC(386034)   Pre Evacuate Collection Set: 0.0ms
[2020-12-25T01:53:02.271-0400][gc,phases      ] GC(386034)   Evacuate Collection Set: 7.5ms
[2020-12-25T01:53:02.271-0400][gc,phases      ] GC(386034)   Post Evacuate Collection Set: 1.3ms
[2020-12-25T01:53:02.271-0400][gc,phases      ] GC(386034)   Other: 0.8ms
[2020-12-25T01:53:02.271-0400][gc,heap        ] GC(386034) Eden regions: 6->0(6)
[2020-12-25T01:53:02.272-0400][gc,heap        ] GC(386034) Survivor regions: 2->1(1)
[2020-12-25T01:53:02.272-0400][gc,heap        ] GC(386034) Old regions: 48->49
[2020-12-25T01:53:02.272-0400][gc,heap        ] GC(386034) Humongous regions: 4->4
[2020-12-25T01:53:02.272-0400][gc,metaspace   ] GC(386034) Metaspace: 61058K->61058K(1107968K)
[2020-12-25T01:53:02.272-0400][gc,heap        ] GC(386034) Heap after GC invocations=386010 (full 11281): garbage-first heap   total 71680K, used 50262K [0x0000000083000000, 0x0000000100000000)
[2020-12-25T01:53:02.272-0400][gc,heap        ] GC(386034)   region size 1024K, 1 young (1024K), 1 survivors (1024K)
[2020-12-25T01:53:02.272-0400][gc,heap        ] GC(386034)  Metaspace       used 61058K, capacity 63776K, committed 64768K, reserved 1107968K
[2020-12-25T01:53:02.272-0400][gc,heap        ] GC(386034)   class space    used 5721K, capacity 6575K, committed 6912K, reserved 1048576K
[2020-12-25T01:53:02.272-0400][gc             ] GC(386034) Pause Young (Normal) (G1 Evacuation Pause) 55M->49M(70M) 10.180ms
[2020-12-25T01:53:02.272-0400][gc,cpu         ] GC(386034) User=0.02s Sys=0.01s Real=0.01s
[2020-12-25T01:53:08.683-0400][gc,heap        ] GC(386035) Heap before GC invocations=386010 (full 11281): garbage-first heap   total 71680K, used 56406K [0x0000000083000000, 0x0000000100000000)
[2020-12-25T01:53:08.683-0400][gc,heap        ] GC(386035)   region size 1024K, 7 young (7168K), 1 survivors (1024K)
[2020-12-25T01:53:08.683-0400][gc,heap        ] GC(386035)  Metaspace       used 61058K, capacity 63776K, committed 64768K, reserved 1107968K
[2020-12-25T01:53:08.683-0400][gc,heap        ] GC(386035)   class space    used 5721K, capacity 6575K, committed 6912K, reserved 1048576K
[2020-12-25T01:53:08.683-0400][gc,start       ] GC(386035) Pause Young (Concurrent Start) (G1 Evacuation Pause)
[2020-12-25T01:53:08.683-0400][gc,task        ] GC(386035) Using 4 workers of 4 for evacuation
[2020-12-25T01:53:08.690-0400][gc,phases      ] GC(386035)   Pre Evacuate Collection Set: 0.2ms
[2020-12-25T01:53:08.690-0400][gc,phases      ] GC(386035)   Evacuate Collection Set: 4.1ms
[2020-12-25T01:53:08.690-0400][gc,phases      ] GC(386035)   Post Evacuate Collection Set: 1.4ms
[2020-12-25T01:53:08.690-0400][gc,phases      ] GC(386035)   Other: 0.9ms
[2020-12-25T01:53:08.690-0400][gc,heap        ] GC(386035) Eden regions: 6->0(7)
[2020-12-25T01:53:08.690-0400][gc,heap        ] GC(386035) Survivor regions: 1->1(1)
[2020-12-25T01:53:08.690-0400][gc,heap        ] GC(386035) Old regions: 49->49
[2020-12-25T01:53:08.690-0400][gc,heap        ] GC(386035) Humongous regions: 4->4
[2020-12-25T01:53:08.690-0400][gc,metaspace   ] GC(386035) Metaspace: 61058K->61058K(1107968K)
[2020-12-25T01:53:08.690-0400][gc,heap        ] GC(386035) Heap after GC invocations=386011 (full 11281): garbage-first heap   total 71680K, used 50219K [0x0000000083000000, 0x0000000100000000)
[2020-12-25T01:53:08.690-0400][gc,heap        ] GC(386035)   region size 1024K, 1 young (1024K), 1 survivors (1024K)
[2020-12-25T01:53:08.690-0400][gc,heap        ] GC(386035)  Metaspace       used 61058K, capacity 63776K, committed 64768K, reserved 1107968K
[2020-12-25T01:53:08.690-0400][gc,heap        ] GC(386035)   class space    used 5721K, capacity 6575K, committed 6912K, reserved 1048576K
[2020-12-25T01:53:08.690-0400][gc             ] GC(386035) Pause Young (Concurrent Start) (G1 Evacuation Pause) 55M->49M(70M) 7.093ms
[2020-12-25T01:53:08.690-0400][gc,cpu         ] GC(386035) User=0.02s Sys=0.00s Real=0.01s
[2020-12-25T01:53:08.692-0400][gc             ] GC(386036) Concurrent Cycle
[2020-12-25T01:53:08.692-0400][gc,marking     ] GC(386036) Concurrent Clear Claimed Marks
[2020-12-25T01:53:08.692-0400][gc,marking     ] GC(386036) Concurrent Clear Claimed Marks 0.317ms
[2020-12-25T01:53:08.692-0400][gc,marking     ] GC(386036) Concurrent Scan Root Regions
[2020-12-25T01:53:08.694-0400][gc,marking     ] GC(386036) Concurrent Scan Root Regions 1.985ms
[2020-12-25T01:53:08.695-0400][gc,marking     ] GC(386036) Concurrent Mark (3372103.449s)
[2020-12-25T01:53:08.695-0400][gc,marking     ] GC(386036) Concurrent Mark From Roots
[2020-12-25T01:53:08.695-0400][gc,task        ] GC(386036) Using 1 workers of 1 for marking
[2020-12-25T01:53:09.025-0400][gc,marking     ] GC(386036) Concurrent Mark From Roots 330.765ms
[2020-12-25T01:53:09.026-0400][gc,marking     ] GC(386036) Concurrent Preclean
[2020-12-25T01:53:09.026-0400][gc,marking     ] GC(386036) Concurrent Preclean 0.654ms
[2020-12-25T01:53:09.026-0400][gc,marking     ] GC(386036) Concurrent Mark (3372103.449s, 3372103.781s) 331.783ms
[2020-12-25T01:53:09.027-0400][gc,start       ] GC(386036) Pause Remark
[2020-12-25T01:53:09.068-0400][gc,stringtable ] GC(386036) Cleaned string and symbol table, strings: 32399 processed, 0 removed, symbols: 131483 processed, 0 removed
[2020-12-25T01:53:09.068-0400][gc             ] GC(386036) Pause Remark 49M->48M(70M) 41.125ms
[2020-12-25T01:53:09.068-0400][gc,cpu         ] GC(386036) User=0.16s Sys=0.00s Real=0.04s
[2020-12-25T01:53:09.069-0400][gc,marking     ] GC(386036) Concurrent Rebuild Remembered Sets
[2020-12-25T01:53:09.268-0400][gc,marking     ] GC(386036) Concurrent Rebuild Remembered Sets 199.540ms
[2020-12-25T01:53:09.269-0400][gc,start       ] GC(386036) Pause Cleanup
[2020-12-25T01:53:09.269-0400][gc             ] GC(386036) Pause Cleanup 49M->49M(70M) 0.570ms
[2020-12-25T01:53:09.270-0400][gc,cpu         ] GC(386036) User=0.00s Sys=0.00s Real=0.00s
[2020-12-25T01:53:09.270-0400][gc,marking     ] GC(386036) Concurrent Cleanup for Next Mark
[2020-12-25T01:53:09.271-0400][gc,marking     ] GC(386036) Concurrent Cleanup for Next Mark 1.069ms
[2020-12-25T01:53:09.271-0400][gc             ] GC(386036) Concurrent Cycle 579.486ms
[2020-12-25T01:53:15.283-0400][gc,heap        ] GC(386037) Heap before GC invocations=386012 (full 11281): garbage-first heap   total 71680K, used 56178K [0x0000000083000000, 0x0000000100000000)
[2020-12-25T01:53:15.283-0400][gc,heap        ] GC(386037)   region size 1024K, 8 young (8192K), 1 survivors (1024K)
[2020-12-25T01:53:15.283-0400][gc,heap        ] GC(386037)  Metaspace       used 61058K, capacity 63776K, committed 64768K, reserved 1107968K
[2020-12-25T01:53:15.283-0400][gc,heap        ] GC(386037)   class space    used 5721K, capacity 6575K, committed 6912K, reserved 1048576K
[2020-12-25T01:53:15.283-0400][gc,start       ] GC(386037) Pause Young (Normal) (G1 Evacuation Pause)
[2020-12-25T01:53:15.283-0400][gc,task        ] GC(386037) Using 4 workers of 4 for evacuation
[2020-12-25T01:53:15.292-0400][gc,phases      ] GC(386037)   Pre Evacuate Collection Set: 0.0ms
[2020-12-25T01:53:15.292-0400][gc,phases      ] GC(386037)   Evacuate Collection Set: 6.8ms
[2020-12-25T01:53:15.292-0400][gc,phases      ] GC(386037)   Post Evacuate Collection Set: 1.5ms
[2020-12-25T01:53:15.292-0400][gc,phases      ] GC(386037)   Other: 0.8ms
[2020-12-25T01:53:15.292-0400][gc,heap        ] GC(386037) Eden regions: 7->0(8)
[2020-12-25T01:53:15.292-0400][gc,heap        ] GC(386037) Survivor regions: 1->1(1)
[2020-12-25T01:53:15.292-0400][gc,heap        ] GC(386037) Old regions: 48->48
[2020-12-25T01:53:15.292-0400][gc,heap        ] GC(386037) Humongous regions: 4->4
[2020-12-25T01:53:15.292-0400][gc,metaspace   ] GC(386037) Metaspace: 61058K->61058K(1107968K)
[2020-12-25T01:53:15.292-0400][gc,heap        ] GC(386037) Heap after GC invocations=386013 (full 11281): garbage-first heap   total 71680K, used 50762K [0x0000000083000000, 0x0000000100000000)
[2020-12-25T01:53:15.292-0400][gc,heap        ] GC(386037)   region size 1024K, 1 young (1024K), 1 survivors (1024K)
[2020-12-25T01:53:15.292-0400][gc,heap        ] GC(386037)  Metaspace       used 61058K, capacity 63776K, committed 64768K, reserved 1107968K
[2020-12-25T01:53:15.292-0400][gc,heap        ] GC(386037)   class space    used 5721K, capacity 6575K, committed 6912K, reserved 1048576K
[2020-12-25T01:53:15.293-0400][gc             ] GC(386037) Pause Young (Normal) (G1 Evacuation Pause) 55M->49M(70M) 9.525ms
[2020-12-25T01:53:15.293-0400][gc,cpu         ] GC(386037) User=0.03s Sys=0.00s Real=0.01s
[2020-12-25T01:53:23.892-0400][gc,heap        ] GC(386038) Heap before GC invocations=386013 (full 11281): garbage-first heap   total 71680K, used 57930K [0x0000000083000000, 0x0000000100000000)
[2020-12-25T01:53:23.893-0400][gc,heap        ] GC(386038)   region size 1024K, 9 young (9216K), 1 survivors (1024K)
[2020-12-25T01:53:23.893-0400][gc,heap        ] GC(386038)  Metaspace       used 61058K, capacity 63776K, committed 64768K, reserved 1107968K
[2020-12-25T01:53:23.893-0400][gc,heap        ] GC(386038)   class space    used 5721K, capacity 6575K, committed 6912K, reserved 1048576K
[2020-12-25T01:53:23.893-0400][gc,start       ] GC(386038) Pause Young (Concurrent Start) (G1 Evacuation Pause)
[2020-12-25T01:53:23.893-0400][gc,task        ] GC(386038) Using 4 workers of 4 for evacuation
[2020-12-25T01:53:23.899-0400][gc,phases      ] GC(386038)   Pre Evacuate Collection Set: 0.2ms
[2020-12-25T01:53:23.899-0400][gc,phases      ] GC(386038)   Evacuate Collection Set: 4.2ms
[2020-12-25T01:53:23.899-0400][gc,phases      ] GC(386038)   Post Evacuate Collection Set: 1.2ms
[2020-12-25T01:53:23.899-0400][gc,phases      ] GC(386038)   Other: 0.9ms
[2020-12-25T01:53:23.899-0400][gc,heap        ] GC(386038) Eden regions: 8->0(8)
[2020-12-25T01:53:23.899-0400][gc,heap        ] GC(386038) Survivor regions: 1->1(2)
[2020-12-25T01:53:23.899-0400][gc,heap        ] GC(386038) Old regions: 48->48
[2020-12-25T01:53:23.899-0400][gc,heap        ] GC(386038) Humongous regions: 4->4
[2020-12-25T01:53:23.899-0400][gc,metaspace   ] GC(386038) Metaspace: 61058K->61058K(1107968K)
[2020-12-25T01:53:23.899-0400][gc,heap        ] GC(386038) Heap after GC invocations=386014 (full 11281): garbage-first heap   total 71680K, used 50096K [0x0000000083000000, 0x0000000100000000)
[2020-12-25T01:53:23.899-0400][gc,heap        ] GC(386038)   region size 1024K, 1 young (1024K), 1 survivors (1024K)
[2020-12-25T01:53:23.900-0400][gc,heap        ] GC(386038)  Metaspace       used 61058K, capacity 63776K, committed 64768K, reserved 1107968K
[2020-12-25T01:53:23.900-0400][gc,heap        ] GC(386038)   class space    used 5721K, capacity 6575K, committed 6912K, reserved 1048576K
[2020-12-25T01:53:23.900-0400][gc             ] GC(386038) Pause Young (Concurrent Start) (G1 Evacuation Pause) 57M->48M(70M) 6.930ms
[2020-12-25T01:53:23.900-0400][gc,cpu         ] GC(386038) User=0.02s Sys=0.00s Real=0.01s
[2020-12-25T01:53:23.900-0400][gc             ] GC(386039) Concurrent Cycle
[2020-12-25T01:53:23.900-0400][gc,marking     ] GC(386039) Concurrent Clear Claimed Marks
[2020-12-25T01:53:23.900-0400][gc,marking     ] GC(386039) Concurrent Clear Claimed Marks 0.342ms
[2020-12-25T01:53:23.901-0400][gc,marking     ] GC(386039) Concurrent Scan Root Regions
[2020-12-25T01:53:23.904-0400][gc,marking     ] GC(386039) Concurrent Scan Root Regions 2.989ms
[2020-12-25T01:53:23.904-0400][gc,marking     ] GC(386039) Concurrent Mark (3372118.658s)
[2020-12-25T01:53:23.904-0400][gc,marking     ] GC(386039) Concurrent Mark From Roots
[2020-12-25T01:53:23.904-0400][gc,task        ] GC(386039) Using 1 workers of 1 for marking
[2020-12-25T01:53:24.235-0400][gc,marking     ] GC(386039) Concurrent Mark From Roots 331.306ms
[2020-12-25T01:53:24.235-0400][gc,marking     ] GC(386039) Concurrent Preclean
[2020-12-25T01:53:24.236-0400][gc,marking     ] GC(386039) Concurrent Preclean 0.688ms
[2020-12-25T01:53:24.236-0400][gc,marking     ] GC(386039) Concurrent Mark (3372118.658s, 3372118.991s) 332.259ms
[2020-12-25T01:53:24.237-0400][gc,start       ] GC(386039) Pause Remark
[2020-12-25T01:53:24.278-0400][gc,stringtable ] GC(386039) Cleaned string and symbol table, strings: 32399 processed, 0 removed, symbols: 131483 processed, 0 removed
[2020-12-25T01:53:24.278-0400][gc             ] GC(386039) Pause Remark 49M->49M(70M) 41.631ms
[2020-12-25T01:53:24.279-0400][gc,cpu         ] GC(386039) User=0.10s Sys=0.06s Real=0.04s
[2020-12-25T01:53:24.279-0400][gc,marking     ] GC(386039) Concurrent Rebuild Remembered Sets
[2020-12-25T01:53:24.472-0400][gc,marking     ] GC(386039) Concurrent Rebuild Remembered Sets 193.108ms
[2020-12-25T01:53:24.473-0400][gc,start       ] GC(386039) Pause Cleanup
[2020-12-25T01:53:24.473-0400][gc             ] GC(386039) Pause Cleanup 49M->49M(70M) 0.483ms
[2020-12-25T01:53:24.473-0400][gc,cpu         ] GC(386039) User=0.00s Sys=0.00s Real=0.00s
[2020-12-25T01:53:24.474-0400][gc,marking     ] GC(386039) Concurrent Cleanup for Next Mark
[2020-12-25T01:53:24.475-0400][gc,marking     ] GC(386039) Concurrent Cleanup for Next Mark 0.850ms
[2020-12-25T01:53:24.475-0400][gc             ] GC(386039) Concurrent Cycle 574.757ms
[2020-12-25T01:53:28.016-0400][gc,heap        ] GC(386040) Heap before GC invocations=386015 (full 11281): garbage-first heap   total 71680K, used 58288K [0x0000000083000000, 0x0000000100000000)
[2020-12-25T01:53:28.016-0400][gc,heap        ] GC(386040)   region size 1024K, 9 young (9216K), 1 survivors (1024K)
[2020-12-25T01:53:28.016-0400][gc,heap        ] GC(386040)  Metaspace       used 61064K, capacity 63785K, committed 64768K, reserved 1107968K
[2020-12-25T01:53:28.016-0400][gc,heap        ] GC(386040)   class space    used 5722K, capacity 6577K, committed 6912K, reserved 1048576K
[2020-12-25T01:53:28.016-0400][gc,start       ] GC(386040) Pause Young (Normal) (G1 Evacuation Pause)
[2020-12-25T01:53:28.016-0400][gc,task        ] GC(386040) Using 4 workers of 4 for evacuation
[2020-12-25T01:53:28.023-0400][gc,phases      ] GC(386040)   Pre Evacuate Collection Set: 0.0ms
[2020-12-25T01:53:28.023-0400][gc,phases      ] GC(386040)   Evacuate Collection Set: 5.2ms
[2020-12-25T01:53:28.023-0400][gc,phases      ] GC(386040)   Post Evacuate Collection Set: 1.4ms
[2020-12-25T01:53:28.024-0400][gc,phases      ] GC(386040)   Other: 0.8ms
[2020-12-25T01:53:28.024-0400][gc,heap        ] GC(386040) Eden regions: 8->0(8)
[2020-12-25T01:53:28.024-0400][gc,heap        ] GC(386040) Survivor regions: 1->1(2)
[2020-12-25T01:53:28.024-0400][gc,heap        ] GC(386040) Old regions: 48->48
[2020-12-25T01:53:28.024-0400][gc,heap        ] GC(386040) Humongous regions: 4->4
[2020-12-25T01:53:28.024-0400][gc,metaspace   ] GC(386040) Metaspace: 61064K->61064K(1107968K)
[2020-12-25T01:53:28.024-0400][gc,heap        ] GC(386040) Heap after GC invocations=386016 (full 11281): garbage-first heap   total 71680K, used 50204K [0x0000000083000000, 0x0000000100000000)
[2020-12-25T01:53:28.024-0400][gc,heap        ] GC(386040)   region size 1024K, 1 young (1024K), 1 survivors (1024K)
[2020-12-25T01:53:28.024-0400][gc,heap        ] GC(386040)  Metaspace       used 61064K, capacity 63785K, committed 64768K, reserved 1107968K
[2020-12-25T01:53:28.024-0400][gc,heap        ] GC(386040)   class space    used 5722K, capacity 6577K, committed 6912K, reserved 1048576K
[2020-12-25T01:53:28.024-0400][gc             ] GC(386040) Pause Young (Normal) (G1 Evacuation Pause) 56M->49M(70M) 7.869ms
[2020-12-25T01:53:28.024-0400][gc,cpu         ] GC(386040) User=0.02s Sys=0.00s Real=0.00s
[2020-12-25T01:53:43.891-0400][gc,heap        ] GC(386041) Heap before GC invocations=386016 (full 11281): garbage-first heap   total 71680K, used 57372K [0x0000000083000000, 0x0000000100000000)
[2020-12-25T01:53:43.891-0400][gc,heap        ] GC(386041)   region size 1024K, 9 young (9216K), 1 survivors (1024K)
[2020-12-25T01:53:43.891-0400][gc,heap        ] GC(386041)  Metaspace       used 61064K, capacity 63785K, committed 64768K, reserved 1107968K
[2020-12-25T01:53:43.891-0400][gc,heap        ] GC(386041)   class space    used 5722K, capacity 6577K, committed 6912K, reserved 1048576K
[2020-12-25T01:53:43.891-0400][gc,start       ] GC(386041) Pause Young (Concurrent Start) (G1 Evacuation Pause)
[2020-12-25T01:53:43.891-0400][gc,task        ] GC(386041) Using 4 workers of 4 for evacuation
[2020-12-25T01:53:43.899-0400][gc,phases      ] GC(386041)   Pre Evacuate Collection Set: 0.3ms
[2020-12-25T01:53:43.899-0400][gc,phases      ] GC(386041)   Evacuate Collection Set: 4.8ms
[2020-12-25T01:53:43.899-0400][gc,phases      ] GC(386041)   Post Evacuate Collection Set: 1.6ms
[2020-12-25T01:53:43.899-0400][gc,phases      ] GC(386041)   Other: 0.9ms
[2020-12-25T01:53:43.899-0400][gc,heap        ] GC(386041) Eden regions: 8->0(8)
[2020-12-25T01:53:43.899-0400][gc,heap        ] GC(386041) Survivor regions: 1->1(2)
[2020-12-25T01:53:43.899-0400][gc,heap        ] GC(386041) Old regions: 48->48
[2020-12-25T01:53:43.899-0400][gc,heap        ] GC(386041) Humongous regions: 4->4
[2020-12-25T01:53:43.899-0400][gc,metaspace   ] GC(386041) Metaspace: 61064K->61064K(1107968K)
[2020-12-25T01:53:43.899-0400][gc,heap        ] GC(386041) Heap after GC invocations=386017 (full 11281): garbage-first heap   total 71680K, used 50113K [0x0000000083000000, 0x0000000100000000)
[2020-12-25T01:53:43.899-0400][gc,heap        ] GC(386041)   region size 1024K, 1 young (1024K), 1 survivors (1024K)
[2020-12-25T01:53:43.899-0400][gc,heap        ] GC(386041)  Metaspace       used 61064K, capacity 63785K, committed 64768K, reserved 1107968K
[2020-12-25T01:53:43.899-0400][gc,heap        ] GC(386041)   class space    used 5722K, capacity 6577K, committed 6912K, reserved 1048576K
[2020-12-25T01:53:43.899-0400][gc             ] GC(386041) Pause Young (Concurrent Start) (G1 Evacuation Pause) 57M->48M(70M) 8.080ms
[2020-12-25T01:53:43.900-0400][gc,cpu         ] GC(386041) User=0.02s Sys=0.00s Real=0.01s
[2020-12-25T01:53:43.900-0400][gc             ] GC(386042) Concurrent Cycle
[2020-12-25T01:53:43.900-0400][gc,marking     ] GC(386042) Concurrent Clear Claimed Marks
[2020-12-25T01:53:43.900-0400][gc,marking     ] GC(386042) Concurrent Clear Claimed Marks 0.411ms
[2020-12-25T01:53:43.900-0400][gc,marking     ] GC(386042) Concurrent Scan Root Regions
[2020-12-25T01:53:43.903-0400][gc,marking     ] GC(386042) Concurrent Scan Root Regions 2.959ms
[2020-12-25T01:53:43.903-0400][gc,marking     ] GC(386042) Concurrent Mark (3372138.658s)
[2020-12-25T01:53:43.903-0400][gc,marking     ] GC(386042) Concurrent Mark From Roots
[2020-12-25T01:53:43.903-0400][gc,task        ] GC(386042) Using 1 workers of 1 for marking
[2020-12-25T01:53:44.225-0400][gc,marking     ] GC(386042) Concurrent Mark From Roots 321.908ms
[2020-12-25T01:53:44.225-0400][gc,marking     ] GC(386042) Concurrent Preclean
[2020-12-25T01:53:44.226-0400][gc,marking     ] GC(386042) Concurrent Preclean 0.656ms
[2020-12-25T01:53:44.226-0400][gc,marking     ] GC(386042) Concurrent Mark (3372138.658s, 3372138.981s) 322.818ms
[2020-12-25T01:53:44.227-0400][gc,start       ] GC(386042) Pause Remark
[2020-12-25T01:53:44.267-0400][gc,stringtable ] GC(386042) Cleaned string and symbol table, strings: 32400 processed, 0 removed, symbols: 131487 processed, 0 removed
[2020-12-25T01:53:44.267-0400][gc             ] GC(386042) Pause Remark 49M->49M(70M) 40.423ms
[2020-12-25T01:53:44.267-0400][gc,cpu         ] GC(386042) User=0.15s Sys=0.00s Real=0.04s
[2020-12-25T01:53:44.268-0400][gc,marking     ] GC(386042) Concurrent Rebuild Remembered Sets
[2020-12-25T01:53:44.458-0400][gc,marking     ] GC(386042) Concurrent Rebuild Remembered Sets 190.299ms
[2020-12-25T01:53:44.459-0400][gc,start       ] GC(386042) Pause Cleanup
[2020-12-25T01:53:44.459-0400][gc             ] GC(386042) Pause Cleanup 49M->49M(70M) 0.450ms
[2020-12-25T01:53:44.459-0400][gc,cpu         ] GC(386042) User=0.01s Sys=0.00s Real=0.00s
[2020-12-25T01:53:44.460-0400][gc,marking     ] GC(386042) Concurrent Cleanup for Next Mark
[2020-12-25T01:53:44.460-0400][gc,marking     ] GC(386042) Concurrent Cleanup for Next Mark 0.847ms
[2020-12-25T01:53:44.461-0400][gc             ] GC(386042) Concurrent Cycle 561.012ms
[2020-12-25T01:54:02.461-0400][gc,heap        ] GC(386043) Heap before GC invocations=386018 (full 11281): garbage-first heap   total 71680K, used 57281K [0x0000000083000000, 0x0000000100000000)
[2020-12-25T01:54:02.461-0400][gc,heap        ] GC(386043)   region size 1024K, 9 young (9216K), 1 survivors (1024K)
[2020-12-25T01:54:02.461-0400][gc,heap        ] GC(386043)  Metaspace       used 61064K, capacity 63785K, committed 64768K, reserved 1107968K
[2020-12-25T01:54:02.461-0400][gc,heap        ] GC(386043)   class space    used 5722K, capacity 6577K, committed 6912K, reserved 1048576K
[2020-12-25T01:54:02.461-0400][gc,start       ] GC(386043) Pause Young (Normal) (G1 Evacuation Pause)
[2020-12-25T01:54:02.462-0400][gc,task        ] GC(386043) Using 4 workers of 4 for evacuation
[2020-12-25T01:54:02.469-0400][gc,phases      ] GC(386043)   Pre Evacuate Collection Set: 0.0ms
[2020-12-25T01:54:02.469-0400][gc,phases      ] GC(386043)   Evacuate Collection Set: 5.6ms
[2020-12-25T01:54:02.469-0400][gc,phases      ] GC(386043)   Post Evacuate Collection Set: 1.5ms
[2020-12-25T01:54:02.470-0400][gc,phases      ] GC(386043)   Other: 0.9ms
[2020-12-25T01:54:02.470-0400][gc,heap        ] GC(386043) Eden regions: 8->0(8)
[2020-12-25T01:54:02.470-0400][gc,heap        ] GC(386043) Survivor regions: 1->1(2)
[2020-12-25T01:54:02.470-0400][gc,heap        ] GC(386043) Old regions: 48->48
[2020-12-25T01:54:02.470-0400][gc,heap        ] GC(386043) Humongous regions: 4->4
[2020-12-25T01:54:02.470-0400][gc,metaspace   ] GC(386043) Metaspace: 61064K->61064K(1107968K)
[2020-12-25T01:54:02.470-0400][gc,heap        ] GC(386043) Heap after GC invocations=386019 (full 11281): garbage-first heap   total 71680K, used 50332K [0x0000000083000000, 0x0000000100000000)
[2020-12-25T01:54:02.470-0400][gc,heap        ] GC(386043)   region size 1024K, 1 young (1024K), 1 survivors (1024K)
[2020-12-25T01:54:02.470-0400][gc,heap        ] GC(386043)  Metaspace       used 61064K, capacity 63785K, committed 64768K, reserved 1107968K
[2020-12-25T01:54:02.470-0400][gc,heap        ] GC(386043)   class space    used 5722K, capacity 6577K, committed 6912K, reserved 1048576K
[2020-12-25T01:54:02.470-0400][gc             ] GC(386043) Pause Young (Normal) (G1 Evacuation Pause) 56M->49M(70M) 8.681ms
[2020-12-25T01:54:02.470-0400][gc,cpu         ] GC(386043) User=0.02s Sys=0.01s Real=0.01s
[2020-12-25T01:54:17.651-0400][gc,heap        ] GC(386044) Heap before GC invocations=386019 (full 11281): garbage-first heap   total 71680K, used 57500K [0x0000000083000000, 0x0000000100000000)
[2020-12-25T01:54:17.651-0400][gc,heap        ] GC(386044)   region size 1024K, 9 young (9216K), 1 survivors (1024K)
[2020-12-25T01:54:17.651-0400][gc,heap        ] GC(386044)  Metaspace       used 61064K, capacity 63785K, committed 64768K, reserved 1107968K
[2020-12-25T01:54:17.651-0400][gc,heap        ] GC(386044)   class space    used 5722K, capacity 6577K, committed 6912K, reserved 1048576K
[2020-12-25T01:54:17.651-0400][gc,start       ] GC(386044) Pause Young (Concurrent Start) (G1 Evacuation Pause)
[2020-12-25T01:54:17.651-0400][gc,task        ] GC(386044) Using 4 workers of 4 for evacuation
[2020-12-25T01:54:17.659-0400][gc,phases      ] GC(386044)   Pre Evacuate Collection Set: 0.2ms
[2020-12-25T01:54:17.659-0400][gc,phases      ] GC(386044)   Evacuate Collection Set: 4.7ms
[2020-12-25T01:54:17.659-0400][gc,phases      ] GC(386044)   Post Evacuate Collection Set: 1.7ms
[2020-12-25T01:54:17.659-0400][gc,phases      ] GC(386044)   Other: 1.0ms
[2020-12-25T01:54:17.659-0400][gc,heap        ] GC(386044) Eden regions: 8->0(8)
[2020-12-25T01:54:17.659-0400][gc,heap        ] GC(386044) Survivor regions: 1->1(2)
[2020-12-25T01:54:17.659-0400][gc,heap        ] GC(386044) Old regions: 48->48
[2020-12-25T01:54:17.659-0400][gc,heap        ] GC(386044) Humongous regions: 4->4
[2020-12-25T01:54:17.659-0400][gc,metaspace   ] GC(386044) Metaspace: 61064K->61064K(1107968K)
[2020-12-25T01:54:17.659-0400][gc,heap        ] GC(386044) Heap after GC invocations=386020 (full 11281): garbage-first heap   total 71680K, used 50286K [0x0000000083000000, 0x0000000100000000)
[2020-12-25T01:54:17.659-0400][gc,heap        ] GC(386044)   region size 1024K, 1 young (1024K), 1 survivors (1024K)
[2020-12-25T01:54:17.659-0400][gc,heap        ] GC(386044)  Metaspace       used 61064K, capacity 63785K, committed 64768K, reserved 1107968K
[2020-12-25T01:54:17.659-0400][gc,heap        ] GC(386044)   class space    used 5722K, capacity 6577K, committed 6912K, reserved 1048576K
[2020-12-25T01:54:17.659-0400][gc             ] GC(386044) Pause Young (Concurrent Start) (G1 Evacuation Pause) 57M->49M(70M) 7.988ms
[2020-12-25T01:54:17.660-0400][gc,cpu         ] GC(386044) User=0.01s Sys=0.00s Real=0.01s
[2020-12-25T01:54:17.660-0400][gc             ] GC(386045) Concurrent Cycle
[2020-12-25T01:54:17.660-0400][gc,marking     ] GC(386045) Concurrent Clear Claimed Marks
[2020-12-25T01:54:17.660-0400][gc,marking     ] GC(386045) Concurrent Clear Claimed Marks 0.335ms
[2020-12-25T01:54:17.660-0400][gc,marking     ] GC(386045) Concurrent Scan Root Regions
[2020-12-25T01:54:17.664-0400][gc,marking     ] GC(386045) Concurrent Scan Root Regions 3.733ms
[2020-12-25T01:54:17.664-0400][gc,marking     ] GC(386045) Concurrent Mark (3372172.419s)
[2020-12-25T01:54:17.664-0400][gc,marking     ] GC(386045) Concurrent Mark From Roots
[2020-12-25T01:54:17.664-0400][gc,task        ] GC(386045) Using 1 workers of 1 for marking
[2020-12-25T01:54:17.994-0400][gc,marking     ] GC(386045) Concurrent Mark From Roots 330.106ms
[2020-12-25T01:54:17.994-0400][gc,marking     ] GC(386045) Concurrent Preclean
[2020-12-25T01:54:17.995-0400][gc,marking     ] GC(386045) Concurrent Preclean 0.727ms
[2020-12-25T01:54:17.995-0400][gc,marking     ] GC(386045) Concurrent Mark (3372172.419s, 3372172.750s) 331.107ms
[2020-12-25T01:54:17.996-0400][gc,start       ] GC(386045) Pause Remark
[2020-12-25T01:54:18.038-0400][gc,stringtable ] GC(386045) Cleaned string and symbol table, strings: 32400 processed, 0 removed, symbols: 131487 processed, 0 removed
[2020-12-25T01:54:18.038-0400][gc             ] GC(386045) Pause Remark 49M->49M(70M) 42.117ms
[2020-12-25T01:54:18.038-0400][gc,cpu         ] GC(386045) User=0.15s Sys=0.00s Real=0.04s
[2020-12-25T01:54:18.039-0400][gc,marking     ] GC(386045) Concurrent Rebuild Remembered Sets
[2020-12-25T01:54:18.233-0400][gc,marking     ] GC(386045) Concurrent Rebuild Remembered Sets 194.686ms
[2020-12-25T01:54:18.234-0400][gc,start       ] GC(386045) Pause Cleanup
[2020-12-25T01:54:18.235-0400][gc             ] GC(386045) Pause Cleanup 49M->49M(70M) 0.480ms
[2020-12-25T01:54:18.235-0400][gc,cpu         ] GC(386045) User=0.00s Sys=0.00s Real=0.00s
[2020-12-25T01:54:18.235-0400][gc,marking     ] GC(386045) Concurrent Cleanup for Next Mark
[2020-12-25T01:54:18.236-0400][gc,marking     ] GC(386045) Concurrent Cleanup for Next Mark 0.873ms
[2020-12-25T01:54:18.236-0400][gc             ] GC(386045) Concurrent Cycle 576.140ms
[2020-12-25T01:54:47.620-0400][gc,heap        ] GC(386046) Heap before GC invocations=386021 (full 11281): garbage-first heap   total 71680K, used 57454K [0x0000000083000000, 0x0000000100000000)
[2020-12-25T01:54:47.620-0400][gc,heap        ] GC(386046)   region size 1024K, 9 young (9216K), 1 survivors (1024K)
[2020-12-25T01:54:47.621-0400][gc,heap        ] GC(386046)  Metaspace       used 61064K, capacity 63785K, committed 64768K, reserved 1107968K
[2020-12-25T01:54:47.621-0400][gc,heap        ] GC(386046)   class space    used 5722K, capacity 6577K, committed 6912K, reserved 1048576K
[2020-12-25T01:54:47.621-0400][gc,start       ] GC(386046) Pause Young (Normal) (G1 Evacuation Pause)
[2020-12-25T01:54:47.621-0400][gc,task        ] GC(386046) Using 4 workers of 4 for evacuation
[2020-12-25T01:54:47.629-0400][gc,phases      ] GC(386046)   Pre Evacuate Collection Set: 0.0ms
[2020-12-25T01:54:47.629-0400][gc,phases      ] GC(386046)   Evacuate Collection Set: 5.7ms
[2020-12-25T01:54:47.629-0400][gc,phases      ] GC(386046)   Post Evacuate Collection Set: 1.5ms
[2020-12-25T01:54:47.629-0400][gc,phases      ] GC(386046)   Other: 0.9ms
[2020-12-25T01:54:47.629-0400][gc,heap        ] GC(386046) Eden regions: 8->0(8)
[2020-12-25T01:54:47.629-0400][gc,heap        ] GC(386046) Survivor regions: 1->1(2)
[2020-12-25T01:54:47.629-0400][gc,heap        ] GC(386046) Old regions: 48->48
[2020-12-25T01:54:47.629-0400][gc,heap        ] GC(386046) Humongous regions: 4->4
[2020-12-25T01:54:47.629-0400][gc,metaspace   ] GC(386046) Metaspace: 61064K->61064K(1107968K)
[2020-12-25T01:54:47.629-0400][gc,heap        ] GC(386046) Heap after GC invocations=386022 (full 11281): garbage-first heap   total 71680K, used 50307K [0x0000000083000000, 0x0000000100000000)
[2020-12-25T01:54:47.629-0400][gc,heap        ] GC(386046)   region size 1024K, 1 young (1024K), 1 survivors (1024K)
[2020-12-25T01:54:47.629-0400][gc,heap        ] GC(386046)  Metaspace       used 61064K, capacity 63785K, committed 64768K, reserved 1107968K
[2020-12-25T01:54:47.629-0400][gc,heap        ] GC(386046)   class space    used 5722K, capacity 6577K, committed 6912K, reserved 1048576K
[2020-12-25T01:54:47.629-0400][gc             ] GC(386046) Pause Young (Normal) (G1 Evacuation Pause) 57M->49M(70M) 8.571ms
[2020-12-25T01:54:47.630-0400][gc,cpu         ] GC(386046) User=0.03s Sys=0.00s Real=0.01s
[2020-12-25T01:55:06.187-0400][gc,heap        ] GC(386047) Heap before GC invocations=386022 (full 11281): garbage-first heap   total 71680K, used 57475K [0x0000000083000000, 0x0000000100000000)
[2020-12-25T01:55:06.187-0400][gc,heap        ] GC(386047)   region size 1024K, 9 young (9216K), 1 survivors (1024K)
[2020-12-25T01:55:06.187-0400][gc,heap        ] GC(386047)  Metaspace       used 61064K, capacity 63785K, committed 64768K, reserved 1107968K
[2020-12-25T01:55:06.187-0400][gc,heap        ] GC(386047)   class space    used 5722K, capacity 6577K, committed 6912K, reserved 1048576K
[2020-12-25T01:55:06.187-0400][gc,start       ] GC(386047) Pause Young (Concurrent Start) (G1 Evacuation Pause)
[2020-12-25T01:55:06.187-0400][gc,task        ] GC(386047) Using 4 workers of 4 for evacuation
[2020-12-25T01:55:06.196-0400][gc,phases      ] GC(386047)   Pre Evacuate Collection Set: 0.2ms
[2020-12-25T01:55:06.196-0400][gc,phases      ] GC(386047)   Evacuate Collection Set: 6.0ms
[2020-12-25T01:55:06.196-0400][gc,phases      ] GC(386047)   Post Evacuate Collection Set: 1.4ms
[2020-12-25T01:55:06.196-0400][gc,phases      ] GC(386047)   Other: 1.0ms
[2020-12-25T01:55:06.196-0400][gc,heap        ] GC(386047) Eden regions: 8->0(8)
[2020-12-25T01:55:06.196-0400][gc,heap        ] GC(386047) Survivor regions: 1->1(2)
[2020-12-25T01:55:06.196-0400][gc,heap        ] GC(386047) Old regions: 48->48
[2020-12-25T01:55:06.196-0400][gc,heap        ] GC(386047) Humongous regions: 4->4
[2020-12-25T01:55:06.196-0400][gc,metaspace   ] GC(386047) Metaspace: 61064K->61064K(1107968K)
[2020-12-25T01:55:06.196-0400][gc,heap        ] GC(386047) Heap after GC invocations=386023 (full 11281): garbage-first heap   total 71680K, used 50457K [0x0000000083000000, 0x0000000100000000)
[2020-12-25T01:55:06.196-0400][gc,heap        ] GC(386047)   region size 1024K, 1 young (1024K), 1 survivors (1024K)
[2020-12-25T01:55:06.196-0400][gc,heap        ] GC(386047)  Metaspace       used 61064K, capacity 63785K, committed 64768K, reserved 1107968K
[2020-12-25T01:55:06.196-0400][gc,heap        ] GC(386047)   class space    used 5722K, capacity 6577K, committed 6912K, reserved 1048576K
[2020-12-25T01:55:06.196-0400][gc             ] GC(386047) Pause Young (Concurrent Start) (G1 Evacuation Pause) 57M->49M(70M) 9.062ms
[2020-12-25T01:55:06.197-0400][gc,cpu         ] GC(386047) User=0.02s Sys=0.01s Real=0.01s
[2020-12-25T01:55:06.197-0400][gc             ] GC(386048) Concurrent Cycle
[2020-12-25T01:55:06.197-0400][gc,marking     ] GC(386048) Concurrent Clear Claimed Marks
[2020-12-25T01:55:06.197-0400][gc,marking     ] GC(386048) Concurrent Clear Claimed Marks 0.314ms
[2020-12-25T01:55:06.197-0400][gc,marking     ] GC(386048) Concurrent Scan Root Regions
[2020-12-25T01:55:06.202-0400][gc,marking     ] GC(386048) Concurrent Scan Root Regions 4.400ms
[2020-12-25T01:55:06.202-0400][gc,marking     ] GC(386048) Concurrent Mark (3372220.956s)
[2020-12-25T01:55:06.202-0400][gc,marking     ] GC(386048) Concurrent Mark From Roots
[2020-12-25T01:55:06.202-0400][gc,task        ] GC(386048) Using 1 workers of 1 for marking
[2020-12-25T01:55:06.548-0400][gc,marking     ] GC(386048) Concurrent Mark From Roots 345.785ms
[2020-12-25T01:55:06.548-0400][gc,marking     ] GC(386048) Concurrent Preclean
[2020-12-25T01:55:06.549-0400][gc,marking     ] GC(386048) Concurrent Preclean 0.872ms
[2020-12-25T01:55:06.549-0400][gc,marking     ] GC(386048) Concurrent Mark (3372220.956s, 3372221.303s) 346.983ms
[2020-12-25T01:55:06.550-0400][gc,start       ] GC(386048) Pause Remark
[2020-12-25T01:55:06.590-0400][gc,stringtable ] GC(386048) Cleaned string and symbol table, strings: 32400 processed, 0 removed, symbols: 131487 processed, 0 removed
[2020-12-25T01:55:06.591-0400][gc             ] GC(386048) Pause Remark 52M->52M(70M) 41.181ms
[2020-12-25T01:55:06.591-0400][gc,cpu         ] GC(386048) User=0.10s Sys=0.05s Real=0.04s
[2020-12-25T01:55:06.592-0400][gc,marking     ] GC(386048) Concurrent Rebuild Remembered Sets
[2020-12-25T01:55:06.789-0400][gc,marking     ] GC(386048) Concurrent Rebuild Remembered Sets 197.396ms
[2020-12-25T01:55:06.790-0400][gc,start       ] GC(386048) Pause Cleanup
[2020-12-25T01:55:06.790-0400][gc             ] GC(386048) Pause Cleanup 52M->52M(70M) 0.522ms
[2020-12-25T01:55:06.790-0400][gc,cpu         ] GC(386048) User=0.00s Sys=0.01s Real=0.00s
[2020-12-25T01:55:06.791-0400][gc,marking     ] GC(386048) Concurrent Cleanup for Next Mark
[2020-12-25T01:55:06.792-0400][gc,marking     ] GC(386048) Concurrent Cleanup for Next Mark 0.915ms
[2020-12-25T01:55:06.792-0400][gc             ] GC(386048) Concurrent Cycle 595.007ms
[2020-12-25T01:55:32.315-0400][gc,heap        ] GC(386049) Heap before GC invocations=386024 (full 11281): garbage-first heap   total 71680K, used 57625K [0x0000000083000000, 0x0000000100000000)
[2020-12-25T01:55:32.315-0400][gc,heap        ] GC(386049)   region size 1024K, 9 young (9216K), 1 survivors (1024K)
[2020-12-25T01:55:32.315-0400][gc,heap        ] GC(386049)  Metaspace       used 61064K, capacity 63785K, committed 64768K, reserved 1107968K
[2020-12-25T01:55:32.315-0400][gc,heap        ] GC(386049)   class space    used 5722K, capacity 6577K, committed 6912K, reserved 1048576K
[2020-12-25T01:55:32.315-0400][gc,start       ] GC(386049) Pause Young (Normal) (G1 Evacuation Pause)
[2020-12-25T01:55:32.315-0400][gc,task        ] GC(386049) Using 4 workers of 4 for evacuation
[2020-12-25T01:55:32.323-0400][gc,phases      ] GC(386049)   Pre Evacuate Collection Set: 0.0ms
[2020-12-25T01:55:32.323-0400][gc,phases      ] GC(386049)   Evacuate Collection Set: 5.6ms
[2020-12-25T01:55:32.323-0400][gc,phases      ] GC(386049)   Post Evacuate Collection Set: 1.7ms
[2020-12-25T01:55:32.323-0400][gc,phases      ] GC(386049)   Other: 0.9ms
[2020-12-25T01:55:32.323-0400][gc,heap        ] GC(386049) Eden regions: 8->0(8)
[2020-12-25T01:55:32.323-0400][gc,heap        ] GC(386049) Survivor regions: 1->1(2)
[2020-12-25T01:55:32.324-0400][gc,heap        ] GC(386049) Old regions: 48->48
[2020-12-25T01:55:32.324-0400][gc,heap        ] GC(386049) Humongous regions: 4->4
[2020-12-25T01:55:32.324-0400][gc,metaspace   ] GC(386049) Metaspace: 61064K->61064K(1107968K)
[2020-12-25T01:55:32.324-0400][gc,heap        ] GC(386049) Heap after GC invocations=386025 (full 11281): garbage-first heap   total 71680K, used 50434K [0x0000000083000000, 0x0000000100000000)
[2020-12-25T01:55:32.324-0400][gc,heap        ] GC(386049)   region size 1024K, 1 young (1024K), 1 survivors (1024K)
[2020-12-25T01:55:32.324-0400][gc,heap        ] GC(386049)  Metaspace       used 61064K, capacity 63785K, committed 64768K, reserved 1107968K
[2020-12-25T01:55:32.324-0400][gc,heap        ] GC(386049)   class space    used 5722K, capacity 6577K, committed 6912K, reserved 1048576K
[2020-12-25T01:55:32.324-0400][gc             ] GC(386049) Pause Young (Normal) (G1 Evacuation Pause) 57M->49M(70M) 8.668ms
[2020-12-25T01:55:32.324-0400][gc,cpu         ] GC(386049) User=0.03s Sys=0.00s Real=0.01s
[2020-12-25T01:55:56.673-0400][gc,heap        ] GC(386050) Heap before GC invocations=386025 (full 11281): garbage-first heap   total 71680K, used 57602K [0x0000000083000000, 0x0000000100000000)
[2020-12-25T01:55:56.673-0400][gc,heap        ] GC(386050)   region size 1024K, 9 young (9216K), 1 survivors (1024K)
[2020-12-25T01:55:56.673-0400][gc,heap        ] GC(386050)  Metaspace       used 61064K, capacity 63785K, committed 64768K, reserved 1107968K
[2020-12-25T01:55:56.673-0400][gc,heap        ] GC(386050)   class space    used 5722K, capacity 6577K, committed 6912K, reserved 1048576K
[2020-12-25T01:55:56.673-0400][gc,start       ] GC(386050) Pause Young (Concurrent Start) (G1 Evacuation Pause)
[2020-12-25T01:55:56.673-0400][gc,task        ] GC(386050) Using 4 workers of 4 for evacuation
[2020-12-25T01:55:56.680-0400][gc,phases      ] GC(386050)   Pre Evacuate Collection Set: 0.3ms
[2020-12-25T01:55:56.681-0400][gc,phases      ] GC(386050)   Evacuate Collection Set: 5.3ms
[2020-12-25T01:55:56.681-0400][gc,phases      ] GC(386050)   Post Evacuate Collection Set: 1.4ms
[2020-12-25T01:55:56.681-0400][gc,phases      ] GC(386050)   Other: 1.0ms
[2020-12-25T01:55:56.681-0400][gc,heap        ] GC(386050) Eden regions: 8->0(8)
[2020-12-25T01:55:56.681-0400][gc,heap        ] GC(386050) Survivor regions: 1->1(2)
[2020-12-25T01:55:56.681-0400][gc,heap        ] GC(386050) Old regions: 48->48
[2020-12-25T01:55:56.681-0400][gc,heap        ] GC(386050) Humongous regions: 4->4
[2020-12-25T01:55:56.681-0400][gc,metaspace   ] GC(386050) Metaspace: 61064K->61064K(1107968K)
[2020-12-25T01:55:56.681-0400][gc,heap        ] GC(386050) Heap after GC invocations=386026 (full 11281): garbage-first heap   total 71680K, used 50379K [0x0000000083000000, 0x0000000100000000)
[2020-12-25T01:55:56.681-0400][gc,heap        ] GC(386050)   region size 1024K, 1 young (1024K), 1 survivors (1024K)
[2020-12-25T01:55:56.681-0400][gc,heap        ] GC(386050)  Metaspace       used 61064K, capacity 63785K, committed 64768K, reserved 1107968K
[2020-12-25T01:55:56.681-0400][gc,heap        ] GC(386050)   class space    used 5722K, capacity 6577K, committed 6912K, reserved 1048576K
[2020-12-25T01:55:56.681-0400][gc             ] GC(386050) Pause Young (Concurrent Start) (G1 Evacuation Pause) 57M->49M(70M) 8.220ms
[2020-12-25T01:55:56.681-0400][gc,cpu         ] GC(386050) User=0.02s Sys=0.00s Real=0.01s
[2020-12-25T01:55:56.682-0400][gc             ] GC(386051) Concurrent Cycle
[2020-12-25T01:55:56.682-0400][gc,marking     ] GC(386051) Concurrent Clear Claimed Marks
[2020-12-25T01:55:56.682-0400][gc,marking     ] GC(386051) Concurrent Clear Claimed Marks 0.307ms
[2020-12-25T01:55:56.682-0400][gc,marking     ] GC(386051) Concurrent Scan Root Regions
[2020-12-25T01:55:56.686-0400][gc,marking     ] GC(386051) Concurrent Scan Root Regions 3.519ms
[2020-12-25T01:55:56.686-0400][gc,marking     ] GC(386051) Concurrent Mark (3372271.440s)
[2020-12-25T01:55:56.686-0400][gc,marking     ] GC(386051) Concurrent Mark From Roots
[2020-12-25T01:55:56.686-0400][gc,task        ] GC(386051) Using 1 workers of 1 for marking
[2020-12-25T01:55:57.014-0400][gc,marking     ] GC(386051) Concurrent Mark From Roots 327.987ms
[2020-12-25T01:55:57.014-0400][gc,marking     ] GC(386051) Concurrent Preclean
[2020-12-25T01:55:57.015-0400][gc,marking     ] GC(386051) Concurrent Preclean 0.616ms
[2020-12-25T01:55:57.015-0400][gc,marking     ] GC(386051) Concurrent Mark (3372271.440s, 3372271.769s) 328.846ms
[2020-12-25T01:55:57.015-0400][gc,start       ] GC(386051) Pause Remark
[2020-12-25T01:55:57.055-0400][gc,stringtable ] GC(386051) Cleaned string and symbol table, strings: 32400 processed, 0 removed, symbols: 131487 processed, 0 removed
[2020-12-25T01:55:57.056-0400][gc             ] GC(386051) Pause Remark 49M->49M(70M) 40.600ms
[2020-12-25T01:55:57.056-0400][gc,cpu         ] GC(386051) User=0.16s Sys=0.00s Real=0.05s
[2020-12-25T01:55:57.057-0400][gc,marking     ] GC(386051) Concurrent Rebuild Remembered Sets
[2020-12-25T01:55:57.246-0400][gc,marking     ] GC(386051) Concurrent Rebuild Remembered Sets 189.662ms
[2020-12-25T01:55:57.247-0400][gc,start       ] GC(386051) Pause Cleanup
[2020-12-25T01:55:57.248-0400][gc             ] GC(386051) Pause Cleanup 49M->49M(70M) 0.464ms
[2020-12-25T01:55:57.248-0400][gc,cpu         ] GC(386051) User=0.00s Sys=0.00s Real=0.00s
[2020-12-25T01:55:57.248-0400][gc,marking     ] GC(386051) Concurrent Cleanup for Next Mark
[2020-12-25T01:55:57.249-0400][gc,marking     ] GC(386051) Concurrent Cleanup for Next Mark 0.882ms
[2020-12-25T01:55:57.249-0400][gc             ] GC(386051) Concurrent Cycle 567.454ms
[2020-12-25T01:56:17.221-0400][gc,heap        ] GC(386052) Heap before GC invocations=386027 (full 11281): garbage-first heap   total 71680K, used 58571K [0x0000000083000000, 0x0000000100000000)
[2020-12-25T01:56:17.221-0400][gc,heap        ] GC(386052)   region size 1024K, 9 young (9216K), 1 survivors (1024K)
[2020-12-25T01:56:17.221-0400][gc,heap        ] GC(386052)  Metaspace       used 61064K, capacity 63785K, committed 64768K, reserved 1107968K
[2020-12-25T01:56:17.221-0400][gc,heap        ] GC(386052)   class space    used 5722K, capacity 6577K, committed 6912K, reserved 1048576K
[2020-12-25T01:56:17.221-0400][gc,start       ] GC(386052) Pause Young (Normal) (G1 Evacuation Pause)
[2020-12-25T01:56:17.221-0400][gc,task        ] GC(386052) Using 4 workers of 4 for evacuation
[2020-12-25T01:56:17.230-0400][gc,phases      ] GC(386052)   Pre Evacuate Collection Set: 0.0ms
[2020-12-25T01:56:17.230-0400][gc,phases      ] GC(386052)   Evacuate Collection Set: 5.4ms
[2020-12-25T01:56:17.230-0400][gc,phases      ] GC(386052)   Post Evacuate Collection Set: 2.1ms
[2020-12-25T01:56:17.230-0400][gc,phases      ] GC(386052)   Other: 0.8ms
[2020-12-25T01:56:17.230-0400][gc,heap        ] GC(386052) Eden regions: 8->0(8)
[2020-12-25T01:56:17.230-0400][gc,heap        ] GC(386052) Survivor regions: 1->1(2)
[2020-12-25T01:56:17.230-0400][gc,heap        ] GC(386052) Old regions: 48->48
[2020-12-25T01:56:17.230-0400][gc,heap        ] GC(386052) Humongous regions: 4->4
[2020-12-25T01:56:17.230-0400][gc,metaspace   ] GC(386052) Metaspace: 61064K->61064K(1107968K)
[2020-12-25T01:56:17.230-0400][gc,heap        ] GC(386052) Heap after GC invocations=386028 (full 11281): garbage-first heap   total 71680K, used 50379K [0x0000000083000000, 0x0000000100000000)
[2020-12-25T01:56:17.230-0400][gc,heap        ] GC(386052)   region size 1024K, 1 young (1024K), 1 survivors (1024K)
[2020-12-25T01:56:17.230-0400][gc,heap        ] GC(386052)  Metaspace       used 61064K, capacity 63785K, committed 64768K, reserved 1107968K
[2020-12-25T01:56:17.230-0400][gc,heap        ] GC(386052)   class space    used 5722K, capacity 6577K, committed 6912K, reserved 1048576K
[2020-12-25T01:56:17.230-0400][gc             ] GC(386052) Pause Young (Normal) (G1 Evacuation Pause) 57M->49M(70M) 8.832ms
[2020-12-25T01:56:17.230-0400][gc,cpu         ] GC(386052) User=0.01s Sys=0.02s Real=0.01s
[2020-12-25T01:56:47.324-0400][gc,heap        ] GC(386053) Heap before GC invocations=386028 (full 11281): garbage-first heap   total 71680K, used 57547K [0x0000000083000000, 0x0000000100000000)
[2020-12-25T01:56:47.325-0400][gc,heap        ] GC(386053)   region size 1024K, 9 young (9216K), 1 survivors (1024K)
[2020-12-25T01:56:47.325-0400][gc,heap        ] GC(386053)  Metaspace       used 61064K, capacity 63785K, committed 64768K, reserved 1107968K
[2020-12-25T01:56:47.325-0400][gc,heap        ] GC(386053)   class space    used 5722K, capacity 6577K, committed 6912K, reserved 1048576K
[2020-12-25T01:56:47.325-0400][gc,start       ] GC(386053) Pause Young (Concurrent Start) (G1 Evacuation Pause)
[2020-12-25T01:56:47.325-0400][gc,task        ] GC(386053) Using 4 workers of 4 for evacuation
[2020-12-25T01:56:47.332-0400][gc,phases      ] GC(386053)   Pre Evacuate Collection Set: 0.2ms
[2020-12-25T01:56:47.332-0400][gc,phases      ] GC(386053)   Evacuate Collection Set: 5.1ms
[2020-12-25T01:56:47.332-0400][gc,phases      ] GC(386053)   Post Evacuate Collection Set: 1.5ms
[2020-12-25T01:56:47.332-0400][gc,phases      ] GC(386053)   Other: 1.0ms
[2020-12-25T01:56:47.332-0400][gc,heap        ] GC(386053) Eden regions: 8->0(8)
[2020-12-25T01:56:47.332-0400][gc,heap        ] GC(386053) Survivor regions: 1->1(2)
[2020-12-25T01:56:47.332-0400][gc,heap        ] GC(386053) Old regions: 48->48
[2020-12-25T01:56:47.333-0400][gc,heap        ] GC(386053) Humongous regions: 4->4
[2020-12-25T01:56:47.333-0400][gc,metaspace   ] GC(386053) Metaspace: 61064K->61064K(1107968K)
[2020-12-25T01:56:47.333-0400][gc,heap        ] GC(386053) Heap after GC invocations=386029 (full 11281): garbage-first heap   total 71680K, used 50317K [0x0000000083000000, 0x0000000100000000)
[2020-12-25T01:56:47.333-0400][gc,heap        ] GC(386053)   region size 1024K, 1 young (1024K), 1 survivors (1024K)
[2020-12-25T01:56:47.333-0400][gc,heap        ] GC(386053)  Metaspace       used 61064K, capacity 63785K, committed 64768K, reserved 1107968K
[2020-12-25T01:56:47.333-0400][gc,heap        ] GC(386053)   class space    used 5722K, capacity 6577K, committed 6912K, reserved 1048576K
[2020-12-25T01:56:47.333-0400][gc             ] GC(386053) Pause Young (Concurrent Start) (G1 Evacuation Pause) 57M->49M(70M) 8.110ms
[2020-12-25T01:56:47.333-0400][gc,cpu         ] GC(386053) User=0.01s Sys=0.02s Real=0.01s
[2020-12-25T01:56:47.333-0400][gc             ] GC(386054) Concurrent Cycle
[2020-12-25T01:56:47.333-0400][gc,marking     ] GC(386054) Concurrent Clear Claimed Marks
[2020-12-25T01:56:47.334-0400][gc,marking     ] GC(386054) Concurrent Clear Claimed Marks 0.392ms
[2020-12-25T01:56:47.334-0400][gc,marking     ] GC(386054) Concurrent Scan Root Regions
[2020-12-25T01:56:47.337-0400][gc,marking     ] GC(386054) Concurrent Scan Root Regions 3.279ms
[2020-12-25T01:56:47.337-0400][gc,marking     ] GC(386054) Concurrent Mark (3372322.092s)
[2020-12-25T01:56:47.337-0400][gc,marking     ] GC(386054) Concurrent Mark From Roots
[2020-12-25T01:56:47.337-0400][gc,task        ] GC(386054) Using 1 workers of 1 for marking
[2020-12-25T01:56:47.673-0400][gc,marking     ] GC(386054) Concurrent Mark From Roots 335.713ms
[2020-12-25T01:56:47.673-0400][gc,marking     ] GC(386054) Concurrent Preclean
[2020-12-25T01:56:47.674-0400][gc,marking     ] GC(386054) Concurrent Preclean 0.688ms
[2020-12-25T01:56:47.674-0400][gc,marking     ] GC(386054) Concurrent Mark (3372322.092s, 3372322.428s) 336.649ms
[2020-12-25T01:56:47.675-0400][gc,start       ] GC(386054) Pause Remark
[2020-12-25T01:56:47.716-0400][gc,stringtable ] GC(386054) Cleaned string and symbol table, strings: 32400 processed, 0 removed, symbols: 131487 processed, 0 removed
[2020-12-25T01:56:47.716-0400][gc             ] GC(386054) Pause Remark 49M->49M(70M) 41.636ms
[2020-12-25T01:56:47.717-0400][gc,cpu         ] GC(386054) User=0.15s Sys=0.00s Real=0.05s
[2020-12-25T01:56:47.717-0400][gc,marking     ] GC(386054) Concurrent Rebuild Remembered Sets
[2020-12-25T01:56:47.908-0400][gc,marking     ] GC(386054) Concurrent Rebuild Remembered Sets 190.821ms
[2020-12-25T01:56:47.908-0400][gc,start       ] GC(386054) Pause Cleanup
[2020-12-25T01:56:47.909-0400][gc             ] GC(386054) Pause Cleanup 49M->49M(70M) 0.498ms
[2020-12-25T01:56:47.909-0400][gc,cpu         ] GC(386054) User=0.00s Sys=0.00s Real=0.00s
[2020-12-25T01:56:47.909-0400][gc,marking     ] GC(386054) Concurrent Cleanup for Next Mark
[2020-12-25T01:56:47.910-0400][gc,marking     ] GC(386054) Concurrent Cleanup for Next Mark 0.944ms
[2020-12-25T01:56:47.910-0400][gc             ] GC(386054) Concurrent Cycle 577.165ms
[2020-12-25T01:56:50.924-0400][gc,task        ] GC(386055) Using 3 workers of 4 for full compaction
[2020-12-25T01:56:50.924-0400][gc,start       ] GC(386055) Pause Full (System.gc())
[2020-12-25T01:56:50.924-0400][gc,heap        ] GC(386055) Heap before GC invocations=386030 (full 11281): garbage-first heap   total 71680K, used 50317K [0x0000000083000000, 0x0000000100000000)
[2020-12-25T01:56:50.924-0400][gc,heap        ] GC(386055)   region size 1024K, 3 young (3072K), 1 survivors (1024K)
[2020-12-25T01:56:50.924-0400][gc,heap        ] GC(386055)  Metaspace       used 61064K, capacity 63785K, committed 64768K, reserved 1107968K
[2020-12-25T01:56:50.924-0400][gc,heap        ] GC(386055)   class space    used 5722K, capacity 6577K, committed 6912K, reserved 1048576K
[2020-12-25T01:56:50.927-0400][gc,phases,start] GC(386055) Phase 1: Mark live objects
[2020-12-25T01:56:51.071-0400][gc,stringtable ] GC(386055) Cleaned string and symbol table, strings: 32400 processed, 0 removed, symbols: 131487 processed, 0 removed
[2020-12-25T01:56:51.071-0400][gc,phases      ] GC(386055) Phase 1: Mark live objects 144.146ms
[2020-12-25T01:56:51.071-0400][gc,phases,start] GC(386055) Phase 2: Prepare for compaction
[2020-12-25T01:56:51.102-0400][gc,phases      ] GC(386055) Phase 2: Prepare for compaction 30.485ms
[2020-12-25T01:56:51.102-0400][gc,phases,start] GC(386055) Phase 3: Adjust pointers
[2020-12-25T01:56:51.179-0400][gc,phases      ] GC(386055) Phase 3: Adjust pointers 77.352ms
[2020-12-25T01:56:51.179-0400][gc,phases,start] GC(386055) Phase 4: Compact heap
[2020-12-25T01:56:51.200-0400][gc,phases      ] GC(386055) Phase 4: Compact heap 21.035ms
[2020-12-25T01:56:51.236-0400][gc,heap        ] GC(386055) Eden regions: 2->0(10)
[2020-12-25T01:56:51.236-0400][gc,heap        ] GC(386055) Survivor regions: 1->0(2)
[2020-12-25T01:56:51.236-0400][gc,heap        ] GC(386055) Old regions: 48->46
[2020-12-25T01:56:51.236-0400][gc,heap        ] GC(386055) Humongous regions: 4->4
[2020-12-25T01:56:51.236-0400][gc,metaspace   ] GC(386055) Metaspace: 61064K->61064K(1107968K)
[2020-12-25T01:56:51.236-0400][gc,heap        ] GC(386055) Heap after GC invocations=386031 (full 11282): garbage-first heap   total 71680K, used 48706K [0x0000000083000000, 0x0000000100000000)
[2020-12-25T01:56:51.236-0400][gc,heap        ] GC(386055)   region size 1024K, 0 young (0K), 0 survivors (0K)
[2020-12-25T01:56:51.237-0400][gc,heap        ] GC(386055)  Metaspace       used 61064K, capacity 63785K, committed 64768K, reserved 1107968K
[2020-12-25T01:56:51.237-0400][gc,heap        ] GC(386055)   class space    used 5722K, capacity 6577K, committed 6912K, reserved 1048576K
[2020-12-25T01:56:51.237-0400][gc             ] GC(386055) Pause Full (System.gc()) 50M->47M(70M) 312.472ms
[2020-12-25T01:56:51.237-0400][gc,cpu         ] GC(386055) User=0.84s Sys=0.00s Real=0.32s
[2020-12-25T01:57:25.064-0400][gc,heap        ] GC(386056) Heap before GC invocations=386031 (full 11282): garbage-first heap   total 71680K, used 57922K [0x0000000083000000, 0x0000000100000000)
[2020-12-25T01:57:25.064-0400][gc,heap        ] GC(386056)   region size 1024K, 10 young (10240K), 0 survivors (0K)
[2020-12-25T01:57:25.064-0400][gc,heap        ] GC(386056)  Metaspace       used 61064K, capacity 63785K, committed 64768K, reserved 1107968K
[2020-12-25T01:57:25.064-0400][gc,heap        ] GC(386056)   class space    used 5722K, capacity 6577K, committed 6912K, reserved 1048576K
[2020-12-25T01:57:25.064-0400][gc,start       ] GC(386056) Pause Young (Concurrent Start) (G1 Evacuation Pause)
[2020-12-25T01:57:25.064-0400][gc,task        ] GC(386056) Using 4 workers of 4 for evacuation
[2020-12-25T01:57:25.070-0400][gc,phases      ] GC(386056)   Pre Evacuate Collection Set: 0.2ms
[2020-12-25T01:57:25.071-0400][gc,phases      ] GC(386056)   Evacuate Collection Set: 4.0ms
[2020-12-25T01:57:25.071-0400][gc,phases      ] GC(386056)   Post Evacuate Collection Set: 1.7ms
[2020-12-25T01:57:25.071-0400][gc,phases      ] GC(386056)   Other: 0.9ms
[2020-12-25T01:57:25.071-0400][gc,heap        ] GC(386056) Eden regions: 10->0(10)
[2020-12-25T01:57:25.071-0400][gc,heap        ] GC(386056) Survivor regions: 0->1(2)
[2020-12-25T01:57:25.071-0400][gc,heap        ] GC(386056) Old regions: 46->46
[2020-12-25T01:57:25.071-0400][gc,heap        ] GC(386056) Humongous regions: 4->4
[2020-12-25T01:57:25.071-0400][gc,metaspace   ] GC(386056) Metaspace: 61064K->61064K(1107968K)
[2020-12-25T01:57:25.071-0400][gc,heap        ] GC(386056) Heap after GC invocations=386032 (full 11282): garbage-first heap   total 71680K, used 48939K [0x0000000083000000, 0x0000000100000000)
[2020-12-25T01:57:25.071-0400][gc,heap        ] GC(386056)   region size 1024K, 1 young (1024K), 1 survivors (1024K)
[2020-12-25T01:57:25.071-0400][gc,heap        ] GC(386056)  Metaspace       used 61064K, capacity 63785K, committed 64768K, reserved 1107968K
[2020-12-25T01:57:25.071-0400][gc,heap        ] GC(386056)   class space    used 5722K, capacity 6577K, committed 6912K, reserved 1048576K
[2020-12-25T01:57:25.071-0400][gc             ] GC(386056) Pause Young (Concurrent Start) (G1 Evacuation Pause) 57M->47M(70M) 7.231ms
[2020-12-25T01:57:25.071-0400][gc,cpu         ] GC(386056) User=0.01s Sys=0.01s Real=0.01s
[2020-12-25T01:57:25.072-0400][gc             ] GC(386057) Concurrent Cycle
[2020-12-25T01:57:25.072-0400][gc,marking     ] GC(386057) Concurrent Clear Claimed Marks
[2020-12-25T01:57:25.072-0400][gc,marking     ] GC(386057) Concurrent Clear Claimed Marks 0.384ms
[2020-12-25T01:57:25.073-0400][gc,marking     ] GC(386057) Concurrent Scan Root Regions
[2020-12-25T01:57:25.076-0400][gc,marking     ] GC(386057) Concurrent Scan Root Regions 2.628ms
[2020-12-25T01:57:25.076-0400][gc,marking     ] GC(386057) Concurrent Mark (3372359.830s)
[2020-12-25T01:57:25.076-0400][gc,marking     ] GC(386057) Concurrent Mark From Roots
[2020-12-25T01:57:25.076-0400][gc,task        ] GC(386057) Using 1 workers of 1 for marking
[2020-12-25T01:57:25.405-0400][gc,marking     ] GC(386057) Concurrent Mark From Roots 328.742ms
[2020-12-25T01:57:25.405-0400][gc,marking     ] GC(386057) Concurrent Preclean
[2020-12-25T01:57:25.405-0400][gc,marking     ] GC(386057) Concurrent Preclean 0.617ms
[2020-12-25T01:57:25.405-0400][gc,marking     ] GC(386057) Concurrent Mark (3372359.830s, 3372360.160s) 329.652ms
[2020-12-25T01:57:25.406-0400][gc,start       ] GC(386057) Pause Remark
[2020-12-25T01:57:25.447-0400][gc,stringtable ] GC(386057) Cleaned string and symbol table, strings: 32400 processed, 0 removed, symbols: 131487 processed, 0 removed
[2020-12-25T01:57:25.447-0400][gc             ] GC(386057) Pause Remark 48M->48M(70M) 41.331ms
[2020-12-25T01:57:25.448-0400][gc,cpu         ] GC(386057) User=0.15s Sys=0.00s Real=0.04s
[2020-12-25T01:57:25.448-0400][gc,marking     ] GC(386057) Concurrent Rebuild Remembered Sets
[2020-12-25T01:57:25.643-0400][gc,marking     ] GC(386057) Concurrent Rebuild Remembered Sets 194.629ms
[2020-12-25T01:57:25.643-0400][gc,start       ] GC(386057) Pause Cleanup
[2020-12-25T01:57:25.644-0400][gc             ] GC(386057) Pause Cleanup 48M->48M(70M) 0.462ms
[2020-12-25T01:57:25.644-0400][gc,cpu         ] GC(386057) User=0.00s Sys=0.00s Real=0.00s
[2020-12-25T01:57:25.645-0400][gc,marking     ] GC(386057) Concurrent Cleanup for Next Mark
[2020-12-25T01:57:25.645-0400][gc,marking     ] GC(386057) Concurrent Cleanup for Next Mark 0.820ms
[2020-12-25T01:57:25.645-0400][gc             ] GC(386057) Concurrent Cycle 573.929ms
[2020-12-25T01:57:58.754-0400][gc,heap        ] GC(386058) Heap before GC invocations=386033 (full 11282): garbage-first heap   total 71680K, used 58155K [0x0000000083000000, 0x0000000100000000)
[2020-12-25T01:57:58.754-0400][gc,heap        ] GC(386058)   region size 1024K, 11 young (11264K), 1 survivors (1024K)
[2020-12-25T01:57:58.754-0400][gc,heap        ] GC(386058)  Metaspace       used 61064K, capacity 63785K, committed 64768K, reserved 1107968K
[2020-12-25T01:57:58.754-0400][gc,heap        ] GC(386058)   class space    used 5722K, capacity 6577K, committed 6912K, reserved 1048576K
[2020-12-25T01:57:58.754-0400][gc,start       ] GC(386058) Pause Young (Normal) (G1 Evacuation Pause)
[2020-12-25T01:57:58.754-0400][gc,task        ] GC(386058) Using 4 workers of 4 for evacuation
[2020-12-25T01:57:58.761-0400][gc,phases      ] GC(386058)   Pre Evacuate Collection Set: 0.0ms
[2020-12-25T01:57:58.761-0400][gc,phases      ] GC(386058)   Evacuate Collection Set: 4.5ms
[2020-12-25T01:57:58.761-0400][gc,phases      ] GC(386058)   Post Evacuate Collection Set: 2.0ms
[2020-12-25T01:57:58.761-0400][gc,phases      ] GC(386058)   Other: 0.8ms
[2020-12-25T01:57:58.761-0400][gc,heap        ] GC(386058) Eden regions: 10->0(10)
[2020-12-25T01:57:58.761-0400][gc,heap        ] GC(386058) Survivor regions: 1->1(2)
[2020-12-25T01:57:58.761-0400][gc,heap        ] GC(386058) Old regions: 46->46
[2020-12-25T01:57:58.761-0400][gc,heap        ] GC(386058) Humongous regions: 4->4
[2020-12-25T01:57:58.761-0400][gc,metaspace   ] GC(386058) Metaspace: 61064K->61064K(1107968K)
[2020-12-25T01:57:58.761-0400][gc,heap        ] GC(386058) Heap after GC invocations=386034 (full 11282): garbage-first heap   total 71680K, used 48988K [0x0000000083000000, 0x0000000100000000)
[2020-12-25T01:57:58.761-0400][gc,heap        ] GC(386058)   region size 1024K, 1 young (1024K), 1 survivors (1024K)
[2020-12-25T01:57:58.762-0400][gc,heap        ] GC(386058)  Metaspace       used 61064K, capacity 63785K, committed 64768K, reserved 1107968K
[2020-12-25T01:57:58.762-0400][gc,heap        ] GC(386058)   class space    used 5722K, capacity 6577K, committed 6912K, reserved 1048576K
[2020-12-25T01:57:58.762-0400][gc             ] GC(386058) Pause Young (Normal) (G1 Evacuation Pause) 57M->47M(70M) 7.822ms
[2020-12-25T01:57:58.762-0400][gc,cpu         ] GC(386058) User=0.02s Sys=0.00s Real=0.01s
[2020-12-25T01:58:23.288-0400][gc,heap        ] GC(386059) Heap before GC invocations=386034 (full 11282): garbage-first heap   total 71680K, used 59228K [0x0000000083000000, 0x0000000100000000)
[2020-12-25T01:58:23.288-0400][gc,heap        ] GC(386059)   region size 1024K, 11 young (11264K), 1 survivors (1024K)
[2020-12-25T01:58:23.288-0400][gc,heap        ] GC(386059)  Metaspace       used 61064K, capacity 63785K, committed 64768K, reserved 1107968K
[2020-12-25T01:58:23.288-0400][gc,heap        ] GC(386059)   class space    used 5722K, capacity 6577K, committed 6912K, reserved 1048576K
[2020-12-25T01:58:23.288-0400][gc,start       ] GC(386059) Pause Young (Concurrent Start) (G1 Evacuation Pause)
[2020-12-25T01:58:23.288-0400][gc,task        ] GC(386059) Using 4 workers of 4 for evacuation
[2020-12-25T01:58:23.296-0400][gc,phases      ] GC(386059)   Pre Evacuate Collection Set: 0.2ms
[2020-12-25T01:58:23.296-0400][gc,phases      ] GC(386059)   Evacuate Collection Set: 5.0ms
[2020-12-25T01:58:23.296-0400][gc,phases      ] GC(386059)   Post Evacuate Collection Set: 1.5ms
[2020-12-25T01:58:23.296-0400][gc,phases      ] GC(386059)   Other: 0.9ms
[2020-12-25T01:58:23.296-0400][gc,heap        ] GC(386059) Eden regions: 10->0(10)
[2020-12-25T01:58:23.296-0400][gc,heap        ] GC(386059) Survivor regions: 1->1(2)
[2020-12-25T01:58:23.296-0400][gc,heap        ] GC(386059) Old regions: 46->46
[2020-12-25T01:58:23.296-0400][gc,heap        ] GC(386059) Humongous regions: 4->4
[2020-12-25T01:58:23.296-0400][gc,metaspace   ] GC(386059) Metaspace: 61064K->61064K(1107968K)
[2020-12-25T01:58:23.296-0400][gc,heap        ] GC(386059) Heap after GC invocations=386035 (full 11282): garbage-first heap   total 71680K, used 49064K [0x0000000083000000, 0x0000000100000000)
[2020-12-25T01:58:23.296-0400][gc,heap        ] GC(386059)   region size 1024K, 1 young (1024K), 1 survivors (1024K)
[2020-12-25T01:58:23.296-0400][gc,heap        ] GC(386059)  Metaspace       used 61064K, capacity 63785K, committed 64768K, reserved 1107968K
[2020-12-25T01:58:23.296-0400][gc,heap        ] GC(386059)   class space    used 5722K, capacity 6577K, committed 6912K, reserved 1048576K
[2020-12-25T01:58:23.296-0400][gc             ] GC(386059) Pause Young (Concurrent Start) (G1 Evacuation Pause) 57M->47M(70M) 8.001ms
[2020-12-25T01:58:23.296-0400][gc,cpu         ] GC(386059) User=0.02s Sys=0.01s Real=0.01s
[2020-12-25T01:58:23.298-0400][gc             ] GC(386060) Concurrent Cycle
[2020-12-25T01:58:23.298-0400][gc,marking     ] GC(386060) Concurrent Clear Claimed Marks
[2020-12-25T01:58:23.298-0400][gc,marking     ] GC(386060) Concurrent Clear Claimed Marks 0.241ms
[2020-12-25T01:58:23.298-0400][gc,marking     ] GC(386060) Concurrent Scan Root Regions
[2020-12-25T01:58:23.302-0400][gc,marking     ] GC(386060) Concurrent Scan Root Regions 3.322ms
[2020-12-25T01:58:23.302-0400][gc,marking     ] GC(386060) Concurrent Mark (3372418.056s)
[2020-12-25T01:58:23.302-0400][gc,marking     ] GC(386060) Concurrent Mark From Roots
[2020-12-25T01:58:23.302-0400][gc,task        ] GC(386060) Using 1 workers of 1 for marking
[2020-12-25T01:58:23.650-0400][gc,marking     ] GC(386060) Concurrent Mark From Roots 348.336ms
[2020-12-25T01:58:23.650-0400][gc,marking     ] GC(386060) Concurrent Preclean
[2020-12-25T01:58:23.651-0400][gc,marking     ] GC(386060) Concurrent Preclean 0.783ms
[2020-12-25T01:58:23.651-0400][gc,marking     ] GC(386060) Concurrent Mark (3372418.056s, 3372418.406s) 349.411ms
[2020-12-25T01:58:23.652-0400][gc,start       ] GC(386060) Pause Remark
[2020-12-25T01:58:23.707-0400][gc,stringtable ] GC(386060) Cleaned string and symbol table, strings: 32400 processed, 0 removed, symbols: 131487 processed, 0 removed
[2020-12-25T01:58:23.707-0400][gc             ] GC(386060) Pause Remark 48M->48M(70M) 55.268ms
[2020-12-25T01:58:23.708-0400][gc,cpu         ] GC(386060) User=0.10s Sys=0.06s Real=0.06s
[2020-12-25T01:58:23.708-0400][gc,marking     ] GC(386060) Concurrent Rebuild Remembered Sets
[2020-12-25T01:58:23.906-0400][gc,marking     ] GC(386060) Concurrent Rebuild Remembered Sets 197.642ms
[2020-12-25T01:58:23.906-0400][gc,start       ] GC(386060) Pause Cleanup
[2020-12-25T01:58:23.907-0400][gc             ] GC(386060) Pause Cleanup 48M->48M(70M) 0.532ms
[2020-12-25T01:58:23.907-0400][gc,cpu         ] GC(386060) User=0.00s Sys=0.00s Real=0.00s
[2020-12-25T01:58:23.907-0400][gc,marking     ] GC(386060) Concurrent Cleanup for Next Mark
[2020-12-25T01:58:23.908-0400][gc,marking     ] GC(386060) Concurrent Cleanup for Next Mark 0.921ms
[2020-12-25T01:58:23.908-0400][gc             ] GC(386060) Concurrent Cycle 610.538ms
[2020-12-25T01:58:59.424-0400][gc,heap        ] GC(386061) Heap before GC invocations=386036 (full 11282): garbage-first heap   total 71680K, used 58280K [0x0000000083000000, 0x0000000100000000)
[2020-12-25T01:58:59.424-0400][gc,heap        ] GC(386061)   region size 1024K, 11 young (11264K), 1 survivors (1024K)
[2020-12-25T01:58:59.424-0400][gc,heap        ] GC(386061)  Metaspace       used 61064K, capacity 63785K, committed 64768K, reserved 1107968K
[2020-12-25T01:58:59.424-0400][gc,heap        ] GC(386061)   class space    used 5722K, capacity 6577K, committed 6912K, reserved 1048576K
[2020-12-25T01:58:59.424-0400][gc,start       ] GC(386061) Pause Young (Normal) (G1 Evacuation Pause)
[2020-12-25T01:58:59.424-0400][gc,task        ] GC(386061) Using 4 workers of 4 for evacuation
[2020-12-25T01:58:59.432-0400][gc,phases      ] GC(386061)   Pre Evacuate Collection Set: 0.0ms
[2020-12-25T01:58:59.432-0400][gc,phases      ] GC(386061)   Evacuate Collection Set: 5.0ms
[2020-12-25T01:58:59.432-0400][gc,phases      ] GC(386061)   Post Evacuate Collection Set: 1.6ms
[2020-12-25T01:58:59.432-0400][gc,phases      ] GC(386061)   Other: 1.0ms
[2020-12-25T01:58:59.432-0400][gc,heap        ] GC(386061) Eden regions: 10->0(10)
[2020-12-25T01:58:59.432-0400][gc,heap        ] GC(386061) Survivor regions: 1->1(2)
[2020-12-25T01:58:59.432-0400][gc,heap        ] GC(386061) Old regions: 46->46
[2020-12-25T01:58:59.432-0400][gc,heap        ] GC(386061) Humongous regions: 4->4
[2020-12-25T01:58:59.432-0400][gc,metaspace   ] GC(386061) Metaspace: 61064K->61064K(1107968K)
[2020-12-25T01:58:59.432-0400][gc,heap        ] GC(386061) Heap after GC invocations=386037 (full 11282): garbage-first heap   total 71680K, used 49008K [0x0000000083000000, 0x0000000100000000)
[2020-12-25T01:58:59.432-0400][gc,heap        ] GC(386061)   region size 1024K, 1 young (1024K), 1 survivors (1024K)
[2020-12-25T01:58:59.432-0400][gc,heap        ] GC(386061)  Metaspace       used 61064K, capacity 63785K, committed 64768K, reserved 1107968K
[2020-12-25T01:58:59.432-0400][gc,heap        ] GC(386061)   class space    used 5722K, capacity 6577K, committed 6912K, reserved 1048576K
[2020-12-25T01:58:59.432-0400][gc             ] GC(386061) Pause Young (Normal) (G1 Evacuation Pause) 57M->47M(70M) 7.967ms
[2020-12-25T01:58:59.433-0400][gc,cpu         ] GC(386061) User=0.02s Sys=0.00s Real=0.01s
[2020-12-25T01:59:26.482-0400][gc,heap        ] GC(386062) Heap before GC invocations=386037 (full 11282): garbage-first heap   total 71680K, used 59248K [0x0000000083000000, 0x0000000100000000)
[2020-12-25T01:59:26.482-0400][gc,heap        ] GC(386062)   region size 1024K, 11 young (11264K), 1 survivors (1024K)
[2020-12-25T01:59:26.482-0400][gc,heap        ] GC(386062)  Metaspace       used 61064K, capacity 63785K, committed 64768K, reserved 1107968K
[2020-12-25T01:59:26.482-0400][gc,heap        ] GC(386062)   class space    used 5722K, capacity 6577K, committed 6912K, reserved 1048576K
[2020-12-25T01:59:26.505-0400][gc,start       ] GC(386062) Pause Young (Concurrent Start) (G1 Evacuation Pause)
[2020-12-25T01:59:26.505-0400][gc,task        ] GC(386062) Using 4 workers of 4 for evacuation
[2020-12-25T01:59:26.513-0400][gc,phases      ] GC(386062)   Pre Evacuate Collection Set: 0.2ms
[2020-12-25T01:59:26.513-0400][gc,phases      ] GC(386062)   Evacuate Collection Set: 4.5ms
[2020-12-25T01:59:26.513-0400][gc,phases      ] GC(386062)   Post Evacuate Collection Set: 1.8ms
[2020-12-25T01:59:26.513-0400][gc,phases      ] GC(386062)   Other: 24.0ms
[2020-12-25T01:59:26.513-0400][gc,heap        ] GC(386062) Eden regions: 10->0(10)
[2020-12-25T01:59:26.513-0400][gc,heap        ] GC(386062) Survivor regions: 1->1(2)
[2020-12-25T01:59:26.513-0400][gc,heap        ] GC(386062) Old regions: 46->46
[2020-12-25T01:59:26.513-0400][gc,heap        ] GC(386062) Humongous regions: 4->4
[2020-12-25T01:59:26.513-0400][gc,metaspace   ] GC(386062) Metaspace: 61064K->61064K(1107968K)
[2020-12-25T01:59:26.513-0400][gc,heap        ] GC(386062) Heap after GC invocations=386038 (full 11282): garbage-first heap   total 71680K, used 49065K [0x0000000083000000, 0x0000000100000000)
[2020-12-25T01:59:26.513-0400][gc,heap        ] GC(386062)   region size 1024K, 1 young (1024K), 1 survivors (1024K)
[2020-12-25T01:59:26.513-0400][gc,heap        ] GC(386062)  Metaspace       used 61064K, capacity 63785K, committed 64768K, reserved 1107968K
[2020-12-25T01:59:26.513-0400][gc,heap        ] GC(386062)   class space    used 5722K, capacity 6577K, committed 6912K, reserved 1048576K
[2020-12-25T01:59:26.513-0400][gc             ] GC(386062) Pause Young (Concurrent Start) (G1 Evacuation Pause) 57M->47M(70M) 7.949ms
[2020-12-25T01:59:26.513-0400][gc,cpu         ] GC(386062) User=0.02s Sys=0.00s Real=0.01s
[2020-12-25T01:59:26.514-0400][gc             ] GC(386063) Concurrent Cycle
[2020-12-25T01:59:26.514-0400][gc,marking     ] GC(386063) Concurrent Clear Claimed Marks
[2020-12-25T01:59:26.514-0400][gc,marking     ] GC(386063) Concurrent Clear Claimed Marks 0.327ms
[2020-12-25T01:59:26.514-0400][gc,marking     ] GC(386063) Concurrent Scan Root Regions
[2020-12-25T01:59:26.517-0400][gc,marking     ] GC(386063) Concurrent Scan Root Regions 2.835ms
[2020-12-25T01:59:26.517-0400][gc,marking     ] GC(386063) Concurrent Mark (3372481.272s)
[2020-12-25T01:59:26.517-0400][gc,marking     ] GC(386063) Concurrent Mark From Roots
[2020-12-25T01:59:26.517-0400][gc,task        ] GC(386063) Using 1 workers of 1 for marking
[2020-12-25T01:59:26.840-0400][gc,marking     ] GC(386063) Concurrent Mark From Roots 322.735ms
[2020-12-25T01:59:26.840-0400][gc,marking     ] GC(386063) Concurrent Preclean
[2020-12-25T01:59:26.841-0400][gc,marking     ] GC(386063) Concurrent Preclean 0.620ms
[2020-12-25T01:59:26.841-0400][gc,marking     ] GC(386063) Concurrent Mark (3372481.272s, 3372481.595s) 323.661ms
[2020-12-25T01:59:26.841-0400][gc,start       ] GC(386063) Pause Remark
[2020-12-25T01:59:26.881-0400][gc,stringtable ] GC(386063) Cleaned string and symbol table, strings: 32400 processed, 0 removed, symbols: 131487 processed, 0 removed
[2020-12-25T01:59:26.882-0400][gc             ] GC(386063) Pause Remark 48M->48M(70M) 40.591ms
[2020-12-25T01:59:26.882-0400][gc,cpu         ] GC(386063) User=0.10s Sys=0.06s Real=0.04s
[2020-12-25T01:59:26.882-0400][gc,marking     ] GC(386063) Concurrent Rebuild Remembered Sets
[2020-12-25T01:59:27.075-0400][gc,marking     ] GC(386063) Concurrent Rebuild Remembered Sets 192.137ms
[2020-12-25T01:59:27.075-0400][gc,start       ] GC(386063) Pause Cleanup
[2020-12-25T01:59:27.076-0400][gc             ] GC(386063) Pause Cleanup 48M->48M(70M) 0.484ms
[2020-12-25T01:59:27.076-0400][gc,cpu         ] GC(386063) User=0.00s Sys=0.00s Real=0.01s
[2020-12-25T01:59:27.076-0400][gc,marking     ] GC(386063) Concurrent Cleanup for Next Mark
[2020-12-25T01:59:27.077-0400][gc,marking     ] GC(386063) Concurrent Cleanup for Next Mark 0.871ms
[2020-12-25T01:59:27.077-0400][gc             ] GC(386063) Concurrent Cycle 563.609ms
[2020-12-25T02:00:03.893-0400][gc,heap        ] GC(386064) Heap before GC invocations=386039 (full 11282): garbage-first heap   total 71680K, used 58265K [0x0000000083000000, 0x0000000100000000)
[2020-12-25T02:00:03.893-0400][gc,heap        ] GC(386064)   region size 1024K, 11 young (11264K), 1 survivors (1024K)
[2020-12-25T02:00:03.893-0400][gc,heap        ] GC(386064)  Metaspace       used 61064K, capacity 63785K, committed 64768K, reserved 1107968K
[2020-12-25T02:00:03.893-0400][gc,heap        ] GC(386064)   class space    used 5722K, capacity 6577K, committed 6912K, reserved 1048576K
[2020-12-25T02:00:03.893-0400][gc,start       ] GC(386064) Pause Young (Normal) (G1 Evacuation Pause)
[2020-12-25T02:00:03.893-0400][gc,task        ] GC(386064) Using 4 workers of 4 for evacuation
[2020-12-25T02:00:03.900-0400][gc,phases      ] GC(386064)   Pre Evacuate Collection Set: 0.0ms
[2020-12-25T02:00:03.901-0400][gc,phases      ] GC(386064)   Evacuate Collection Set: 5.1ms
[2020-12-25T02:00:03.901-0400][gc,phases      ] GC(386064)   Post Evacuate Collection Set: 1.8ms
[2020-12-25T02:00:03.901-0400][gc,phases      ] GC(386064)   Other: 0.8ms
[2020-12-25T02:00:03.901-0400][gc,heap        ] GC(386064) Eden regions: 10->0(11)
[2020-12-25T02:00:03.901-0400][gc,heap        ] GC(386064) Survivor regions: 1->1(2)
[2020-12-25T02:00:03.901-0400][gc,heap        ] GC(386064) Old regions: 45->45
[2020-12-25T02:00:03.901-0400][gc,heap        ] GC(386064) Humongous regions: 4->4
[2020-12-25T02:00:03.901-0400][gc,metaspace   ] GC(386064) Metaspace: 61064K->61064K(1107968K)
[2020-12-25T02:00:03.901-0400][gc,heap        ] GC(386064) Heap after GC invocations=386040 (full 11282): garbage-first heap   total 71680K, used 49071K [0x0000000083000000, 0x0000000100000000)
[2020-12-25T02:00:03.901-0400][gc,heap        ] GC(386064)   region size 1024K, 1 young (1024K), 1 survivors (1024K)
[2020-12-25T02:00:03.901-0400][gc,heap        ] GC(386064)  Metaspace       used 61064K, capacity 63785K, committed 64768K, reserved 1107968K
[2020-12-25T02:00:03.901-0400][gc,heap        ] GC(386064)   class space    used 5722K, capacity 6577K, committed 6912K, reserved 1048576K
[2020-12-25T02:00:03.901-0400][gc             ] GC(386064) Pause Young (Normal) (G1 Evacuation Pause) 57M->47M(70M) 8.253ms
[2020-12-25T02:00:03.902-0400][gc,cpu         ] GC(386064) User=0.01s Sys=0.01s Real=0.01s
[2020-12-25T02:00:35.372-0400][gc,heap        ] GC(386065) Heap before GC invocations=386040 (full 11282): garbage-first heap   total 71680K, used 59311K [0x0000000083000000, 0x0000000100000000)
[2020-12-25T02:00:35.372-0400][gc,heap        ] GC(386065)   region size 1024K, 12 young (12288K), 1 survivors (1024K)
[2020-12-25T02:00:35.372-0400][gc,heap        ] GC(386065)  Metaspace       used 61064K, capacity 63785K, committed 64768K, reserved 1107968K
[2020-12-25T02:00:35.372-0400][gc,heap        ] GC(386065)   class space    used 5722K, capacity 6577K, committed 6912K, reserved 1048576K
[2020-12-25T02:00:35.372-0400][gc,start       ] GC(386065) Pause Young (Concurrent Start) (G1 Evacuation Pause)
[2020-12-25T02:00:35.372-0400][gc,task        ] GC(386065) Using 4 workers of 4 for evacuation
[2020-12-25T02:00:35.380-0400][gc,phases      ] GC(386065)   Pre Evacuate Collection Set: 0.3ms
[2020-12-25T02:00:35.380-0400][gc,phases      ] GC(386065)   Evacuate Collection Set: 4.6ms
[2020-12-25T02:00:35.380-0400][gc,phases      ] GC(386065)   Post Evacuate Collection Set: 2.0ms
[2020-12-25T02:00:35.380-0400][gc,phases      ] GC(386065)   Other: 0.9ms
[2020-12-25T02:00:35.380-0400][gc,heap        ] GC(386065) Eden regions: 11->0(11)
[2020-12-25T02:00:35.380-0400][gc,heap        ] GC(386065) Survivor regions: 1->1(2)
[2020-12-25T02:00:35.380-0400][gc,heap        ] GC(386065) Old regions: 45->45
[2020-12-25T02:00:35.380-0400][gc,heap        ] GC(386065) Humongous regions: 4->4
[2020-12-25T02:00:35.380-0400][gc,metaspace   ] GC(386065) Metaspace: 61064K->61064K(1107968K)
[2020-12-25T02:00:35.380-0400][gc,heap        ] GC(386065) Heap after GC invocations=386041 (full 11282): garbage-first heap   total 71680K, used 49095K [0x0000000083000000, 0x0000000100000000)
[2020-12-25T02:00:35.380-0400][gc,heap        ] GC(386065)   region size 1024K, 1 young (1024K), 1 survivors (1024K)
[2020-12-25T02:00:35.380-0400][gc,heap        ] GC(386065)  Metaspace       used 61064K, capacity 63785K, committed 64768K, reserved 1107968K
[2020-12-25T02:00:35.380-0400][gc,heap        ] GC(386065)   class space    used 5722K, capacity 6577K, committed 6912K, reserved 1048576K
[2020-12-25T02:00:35.380-0400][gc             ] GC(386065) Pause Young (Concurrent Start) (G1 Evacuation Pause) 58M->47M(70M) 8.238ms
[2020-12-25T02:00:35.381-0400][gc,cpu         ] GC(386065) User=0.02s Sys=0.00s Real=0.01s
[2020-12-25T02:00:35.381-0400][gc             ] GC(386066) Concurrent Cycle
[2020-12-25T02:00:35.381-0400][gc,marking     ] GC(386066) Concurrent Clear Claimed Marks
[2020-12-25T02:00:35.381-0400][gc,marking     ] GC(386066) Concurrent Clear Claimed Marks 0.299ms
[2020-12-25T02:00:35.381-0400][gc,marking     ] GC(386066) Concurrent Scan Root Regions
[2020-12-25T02:00:35.384-0400][gc,marking     ] GC(386066) Concurrent Scan Root Regions 3.136ms
[2020-12-25T02:00:35.384-0400][gc,marking     ] GC(386066) Concurrent Mark (3372550.139s)
[2020-12-25T02:00:35.384-0400][gc,marking     ] GC(386066) Concurrent Mark From Roots
[2020-12-25T02:00:35.385-0400][gc,task        ] GC(386066) Using 1 workers of 1 for marking
[2020-12-25T02:00:35.705-0400][gc,marking     ] GC(386066) Concurrent Mark From Roots 320.793ms
[2020-12-25T02:00:35.705-0400][gc,marking     ] GC(386066) Concurrent Preclean
[2020-12-25T02:00:35.706-0400][gc,marking     ] GC(386066) Concurrent Preclean 0.676ms
[2020-12-25T02:00:35.706-0400][gc,marking     ] GC(386066) Concurrent Mark (3372550.139s, 3372550.461s) 321.721ms
[2020-12-25T02:00:35.707-0400][gc,start       ] GC(386066) Pause Remark
[2020-12-25T02:00:35.746-0400][gc,stringtable ] GC(386066) Cleaned string and symbol table, strings: 32400 processed, 0 removed, symbols: 131487 processed, 0 removed
[2020-12-25T02:00:35.747-0400][gc             ] GC(386066) Pause Remark 48M->48M(70M) 40.285ms
[2020-12-25T02:00:35.747-0400][gc,cpu         ] GC(386066) User=0.16s Sys=0.00s Real=0.04s
[2020-12-25T02:00:35.748-0400][gc,marking     ] GC(386066) Concurrent Rebuild Remembered Sets
[2020-12-25T02:00:35.936-0400][gc,marking     ] GC(386066) Concurrent Rebuild Remembered Sets 188.654ms
[2020-12-25T02:00:35.937-0400][gc,start       ] GC(386066) Pause Cleanup
[2020-12-25T02:00:35.937-0400][gc             ] GC(386066) Pause Cleanup 48M->48M(70M) 0.437ms
[2020-12-25T02:00:35.938-0400][gc,cpu         ] GC(386066) User=0.00s Sys=0.00s Real=0.00s
[2020-12-25T02:00:35.938-0400][gc,marking     ] GC(386066) Concurrent Cleanup for Next Mark
[2020-12-25T02:00:35.939-0400][gc,marking     ] GC(386066) Concurrent Cleanup for Next Mark 0.921ms
[2020-12-25T02:00:35.939-0400][gc             ] GC(386066) Concurrent Cycle 558.161ms
[2020-12-25T02:01:09.909-0400][gc,heap        ] GC(386067) Heap before GC invocations=386042 (full 11282): garbage-first heap   total 71680K, used 59335K [0x0000000083000000, 0x0000000100000000)
[2020-12-25T02:01:09.909-0400][gc,heap        ] GC(386067)   region size 1024K, 12 young (12288K), 1 survivors (1024K)
[2020-12-25T02:01:09.909-0400][gc,heap        ] GC(386067)  Metaspace       used 61064K, capacity 63785K, committed 64768K, reserved 1107968K
[2020-12-25T02:01:09.909-0400][gc,heap        ] GC(386067)   class space    used 5722K, capacity 6577K, committed 6912K, reserved 1048576K
[2020-12-25T02:01:09.909-0400][gc,start       ] GC(386067) Pause Young (Normal) (G1 Evacuation Pause)
[2020-12-25T02:01:09.909-0400][gc,task        ] GC(386067) Using 4 workers of 4 for evacuation
[2020-12-25T02:01:09.916-0400][gc,phases      ] GC(386067)   Pre Evacuate Collection Set: 0.0ms
[2020-12-25T02:01:09.916-0400][gc,phases      ] GC(386067)   Evacuate Collection Set: 5.2ms
[2020-12-25T02:01:09.917-0400][gc,phases      ] GC(386067)   Post Evacuate Collection Set: 1.7ms
[2020-12-25T02:01:09.917-0400][gc,phases      ] GC(386067)   Other: 0.9ms
[2020-12-25T02:01:09.917-0400][gc,heap        ] GC(386067) Eden regions: 11->0(11)
[2020-12-25T02:01:09.917-0400][gc,heap        ] GC(386067) Survivor regions: 1->1(2)
[2020-12-25T02:01:09.917-0400][gc,heap        ] GC(386067) Old regions: 45->45
[2020-12-25T02:01:09.917-0400][gc,heap        ] GC(386067) Humongous regions: 4->4
[2020-12-25T02:01:09.917-0400][gc,metaspace   ] GC(386067) Metaspace: 61064K->61064K(1107968K)
[2020-12-25T02:01:09.917-0400][gc,heap        ] GC(386067) Heap after GC invocations=386043 (full 11282): garbage-first heap   total 71680K, used 49217K [0x0000000083000000, 0x0000000100000000)
[2020-12-25T02:01:09.917-0400][gc,heap        ] GC(386067)   region size 1024K, 1 young (1024K), 1 survivors (1024K)
[2020-12-25T02:01:09.917-0400][gc,heap        ] GC(386067)  Metaspace       used 61064K, capacity 63785K, committed 64768K, reserved 1107968K
[2020-12-25T02:01:09.917-0400][gc,heap        ] GC(386067)   class space    used 5722K, capacity 6577K, committed 6912K, reserved 1048576K
[2020-12-25T02:01:09.917-0400][gc             ] GC(386067) Pause Young (Normal) (G1 Evacuation Pause) 58M->48M(70M) 8.295ms
[2020-12-25T02:01:09.917-0400][gc,cpu         ] GC(386067) User=0.02s Sys=0.01s Real=0.01s
[2020-12-25T02:01:50.191-0400][gc,heap        ] GC(386068) Heap before GC invocations=386043 (full 11282): garbage-first heap   total 71680K, used 59457K [0x0000000083000000, 0x0000000100000000)
[2020-12-25T02:01:50.191-0400][gc,heap        ] GC(386068)   region size 1024K, 12 young (12288K), 1 survivors (1024K)
[2020-12-25T02:01:50.191-0400][gc,heap        ] GC(386068)  Metaspace       used 61064K, capacity 63785K, committed 64768K, reserved 1107968K
[2020-12-25T02:01:50.191-0400][gc,heap        ] GC(386068)   class space    used 5722K, capacity 6577K, committed 6912K, reserved 1048576K
[2020-12-25T02:01:50.192-0400][gc,start       ] GC(386068) Pause Young (Concurrent Start) (G1 Evacuation Pause)
[2020-12-25T02:01:50.192-0400][gc,task        ] GC(386068) Using 4 workers of 4 for evacuation
[2020-12-25T02:01:50.199-0400][gc,phases      ] GC(386068)   Pre Evacuate Collection Set: 0.2ms
[2020-12-25T02:01:50.199-0400][gc,phases      ] GC(386068)   Evacuate Collection Set: 4.6ms
[2020-12-25T02:01:50.199-0400][gc,phases      ] GC(386068)   Post Evacuate Collection Set: 1.9ms
[2020-12-25T02:01:50.199-0400][gc,phases      ] GC(386068)   Other: 1.0ms
[2020-12-25T02:01:50.199-0400][gc,heap        ] GC(386068) Eden regions: 11->0(11)
[2020-12-25T02:01:50.199-0400][gc,heap        ] GC(386068) Survivor regions: 1->1(2)
[2020-12-25T02:01:50.199-0400][gc,heap        ] GC(386068) Old regions: 45->45
[2020-12-25T02:01:50.199-0400][gc,heap        ] GC(386068) Humongous regions: 4->4
[2020-12-25T02:01:50.199-0400][gc,metaspace   ] GC(386068) Metaspace: 61064K->61064K(1107968K)
[2020-12-25T02:01:50.199-0400][gc,heap        ] GC(386068) Heap after GC invocations=386044 (full 11282): garbage-first heap   total 71680K, used 49126K [0x0000000083000000, 0x0000000100000000)
[2020-12-25T02:01:50.199-0400][gc,heap        ] GC(386068)   region size 1024K, 1 young (1024K), 1 survivors (1024K)
[2020-12-25T02:01:50.199-0400][gc,heap        ] GC(386068)  Metaspace       used 61064K, capacity 63785K, committed 64768K, reserved 1107968K
[2020-12-25T02:01:50.200-0400][gc,heap        ] GC(386068)   class space    used 5722K, capacity 6577K, committed 6912K, reserved 1048576K
[2020-12-25T02:01:50.200-0400][gc             ] GC(386068) Pause Young (Concurrent Start) (G1 Evacuation Pause) 59M->47M(70M) 8.199ms
[2020-12-25T02:01:50.200-0400][gc,cpu         ] GC(386068) User=0.01s Sys=0.01s Real=0.01s
[2020-12-25T02:01:50.200-0400][gc             ] GC(386069) Concurrent Cycle
[2020-12-25T02:01:50.200-0400][gc,marking     ] GC(386069) Concurrent Clear Claimed Marks
[2020-12-25T02:01:50.200-0400][gc,marking     ] GC(386069) Concurrent Clear Claimed Marks 0.338ms
[2020-12-25T02:01:50.201-0400][gc,marking     ] GC(386069) Concurrent Scan Root Regions
[2020-12-25T02:01:50.205-0400][gc,marking     ] GC(386069) Concurrent Scan Root Regions 3.927ms
[2020-12-25T02:01:50.205-0400][gc,marking     ] GC(386069) Concurrent Mark (3372624.960s)
[2020-12-25T02:01:50.206-0400][gc,marking     ] GC(386069) Concurrent Mark From Roots
[2020-12-25T02:01:50.206-0400][gc,task        ] GC(386069) Using 1 workers of 1 for marking
[2020-12-25T02:01:50.540-0400][gc,marking     ] GC(386069) Concurrent Mark From Roots 334.891ms
[2020-12-25T02:01:50.541-0400][gc,marking     ] GC(386069) Concurrent Preclean
[2020-12-25T02:01:50.541-0400][gc,marking     ] GC(386069) Concurrent Preclean 0.668ms
[2020-12-25T02:01:50.541-0400][gc,marking     ] GC(386069) Concurrent Mark (3372624.960s, 3372625.296s) 335.878ms
[2020-12-25T02:01:50.542-0400][gc,start       ] GC(386069) Pause Remark
[2020-12-25T02:01:50.584-0400][gc,stringtable ] GC(386069) Cleaned string and symbol table, strings: 32400 processed, 0 removed, symbols: 131487 processed, 0 removed
[2020-12-25T02:01:50.585-0400][gc             ] GC(386069) Pause Remark 48M->48M(70M) 43.042ms
[2020-12-25T02:01:50.585-0400][gc,cpu         ] GC(386069) User=0.16s Sys=0.00s Real=0.04s
[2020-12-25T02:01:50.586-0400][gc,marking     ] GC(386069) Concurrent Rebuild Remembered Sets
[2020-12-25T02:01:50.779-0400][gc,marking     ] GC(386069) Concurrent Rebuild Remembered Sets 192.860ms
[2020-12-25T02:01:50.779-0400][gc,start       ] GC(386069) Pause Cleanup
[2020-12-25T02:01:50.780-0400][gc             ] GC(386069) Pause Cleanup 48M->48M(70M) 0.502ms
[2020-12-25T02:01:50.780-0400][gc,cpu         ] GC(386069) User=0.00s Sys=0.00s Real=0.00s
[2020-12-25T02:01:50.780-0400][gc,marking     ] GC(386069) Concurrent Cleanup for Next Mark
[2020-12-25T02:01:50.781-0400][gc,marking     ] GC(386069) Concurrent Cleanup for Next Mark 0.874ms
[2020-12-25T02:01:50.781-0400][gc             ] GC(386069) Concurrent Cycle 581.228ms
[2020-12-25T02:01:50.924-0400][gc,task        ] GC(386070) Using 3 workers of 4 for full compaction
[2020-12-25T02:01:50.924-0400][gc,start       ] GC(386070) Pause Full (System.gc())
[2020-12-25T02:01:50.924-0400][gc,heap        ] GC(386070) Heap before GC invocations=386045 (full 11282): garbage-first heap   total 71680K, used 49126K [0x0000000083000000, 0x0000000100000000)
[2020-12-25T02:01:50.924-0400][gc,heap        ] GC(386070)   region size 1024K, 2 young (2048K), 1 survivors (1024K)
[2020-12-25T02:01:50.924-0400][gc,heap        ] GC(386070)  Metaspace       used 61064K, capacity 63785K, committed 64768K, reserved 1107968K
[2020-12-25T02:01:50.924-0400][gc,heap        ] GC(386070)   class space    used 5722K, capacity 6577K, committed 6912K, reserved 1048576K
[2020-12-25T02:01:50.927-0400][gc,phases,start] GC(386070) Phase 1: Mark live objects
[2020-12-25T02:01:51.072-0400][gc,stringtable ] GC(386070) Cleaned string and symbol table, strings: 32400 processed, 0 removed, symbols: 131487 processed, 0 removed
[2020-12-25T02:01:51.072-0400][gc,phases      ] GC(386070) Phase 1: Mark live objects 145.766ms
[2020-12-25T02:01:51.072-0400][gc,phases,start] GC(386070) Phase 2: Prepare for compaction
[2020-12-25T02:01:51.102-0400][gc,phases      ] GC(386070) Phase 2: Prepare for compaction 29.823ms
[2020-12-25T02:01:51.102-0400][gc,phases,start] GC(386070) Phase 3: Adjust pointers
[2020-12-25T02:01:51.182-0400][gc,phases      ] GC(386070) Phase 3: Adjust pointers 79.771ms
[2020-12-25T02:01:51.182-0400][gc,phases,start] GC(386070) Phase 4: Compact heap
[2020-12-25T02:01:51.203-0400][gc,phases      ] GC(386070) Phase 4: Compact heap 21.196ms
[2020-12-25T02:01:51.238-0400][gc,heap        ] GC(386070) Eden regions: 1->0(10)
[2020-12-25T02:01:51.238-0400][gc,heap        ] GC(386070) Survivor regions: 1->0(2)
[2020-12-25T02:01:51.238-0400][gc,heap        ] GC(386070) Old regions: 45->47
[2020-12-25T02:01:51.238-0400][gc,heap        ] GC(386070) Humongous regions: 4->4
[2020-12-25T02:01:51.238-0400][gc,metaspace   ] GC(386070) Metaspace: 61064K->61064K(1107968K)
[2020-12-25T02:01:51.239-0400][gc,heap        ] GC(386070) Heap after GC invocations=386046 (full 11283): garbage-first heap   total 71680K, used 48675K [0x0000000083000000, 0x0000000100000000)
[2020-12-25T02:01:51.239-0400][gc,heap        ] GC(386070)   region size 1024K, 0 young (0K), 0 survivors (0K)
[2020-12-25T02:01:51.239-0400][gc,heap        ] GC(386070)  Metaspace       used 61064K, capacity 63785K, committed 64768K, reserved 1107968K
[2020-12-25T02:01:51.239-0400][gc,heap        ] GC(386070)   class space    used 5722K, capacity 6577K, committed 6912K, reserved 1048576K
[2020-12-25T02:01:51.239-0400][gc             ] GC(386070) Pause Full (System.gc()) 48M->47M(70M) 314.746ms
[2020-12-25T02:01:51.239-0400][gc,cpu         ] GC(386070) User=0.84s Sys=0.00s Real=0.32s
[2020-12-25T02:02:23.889-0400][gc,heap        ] GC(386071) Heap before GC invocations=386046 (full 11283): garbage-first heap   total 71680K, used 57891K [0x0000000083000000, 0x0000000100000000)
[2020-12-25T02:02:23.889-0400][gc,heap        ] GC(386071)   region size 1024K, 10 young (10240K), 0 survivors (0K)
[2020-12-25T02:02:23.889-0400][gc,heap        ] GC(386071)  Metaspace       used 61064K, capacity 63785K, committed 64768K, reserved 1107968K
[2020-12-25T02:02:23.889-0400][gc,heap        ] GC(386071)   class space    used 5722K, capacity 6577K, committed 6912K, reserved 1048576K
[2020-12-25T02:02:23.890-0400][gc,start       ] GC(386071) Pause Young (Concurrent Start) (G1 Evacuation Pause)
[2020-12-25T02:02:23.890-0400][gc,task        ] GC(386071) Using 4 workers of 4 for evacuation
[2020-12-25T02:02:23.897-0400][gc,phases      ] GC(386071)   Pre Evacuate Collection Set: 0.2ms
[2020-12-25T02:02:23.897-0400][gc,phases      ] GC(386071)   Evacuate Collection Set: 4.1ms
[2020-12-25T02:02:23.897-0400][gc,phases      ] GC(386071)   Post Evacuate Collection Set: 2.0ms
[2020-12-25T02:02:23.897-0400][gc,phases      ] GC(386071)   Other: 0.9ms
[2020-12-25T02:02:23.897-0400][gc,heap        ] GC(386071) Eden regions: 10->0(10)
[2020-12-25T02:02:23.897-0400][gc,heap        ] GC(386071) Survivor regions: 0->1(2)
[2020-12-25T02:02:23.897-0400][gc,heap        ] GC(386071) Old regions: 47->47
[2020-12-25T02:02:23.897-0400][gc,heap        ] GC(386071) Humongous regions: 4->4
[2020-12-25T02:02:23.897-0400][gc,metaspace   ] GC(386071) Metaspace: 61064K->61064K(1107968K)
[2020-12-25T02:02:23.897-0400][gc,heap        ] GC(386071) Heap after GC invocations=386047 (full 11283): garbage-first heap   total 71680K, used 48940K [0x0000000083000000, 0x0000000100000000)
[2020-12-25T02:02:23.897-0400][gc,heap        ] GC(386071)   region size 1024K, 1 young (1024K), 1 survivors (1024K)
[2020-12-25T02:02:23.897-0400][gc,heap        ] GC(386071)  Metaspace       used 61064K, capacity 63785K, committed 64768K, reserved 1107968K
[2020-12-25T02:02:23.897-0400][gc,heap        ] GC(386071)   class space    used 5722K, capacity 6577K, committed 6912K, reserved 1048576K
[2020-12-25T02:02:23.897-0400][gc             ] GC(386071) Pause Young (Concurrent Start) (G1 Evacuation Pause) 57M->47M(70M) 7.607ms
[2020-12-25T02:02:23.897-0400][gc,cpu         ] GC(386071) User=0.00s Sys=0.01s Real=0.01s
[2020-12-25T02:02:23.898-0400][gc             ] GC(386072) Concurrent Cycle
[2020-12-25T02:02:23.898-0400][gc,marking     ] GC(386072) Concurrent Clear Claimed Marks
[2020-12-25T02:02:23.898-0400][gc,marking     ] GC(386072) Concurrent Clear Claimed Marks 0.319ms
[2020-12-25T02:02:23.898-0400][gc,marking     ] GC(386072) Concurrent Scan Root Regions
[2020-12-25T02:02:23.901-0400][gc,marking     ] GC(386072) Concurrent Scan Root Regions 2.984ms
[2020-12-25T02:02:23.901-0400][gc,marking     ] GC(386072) Concurrent Mark (3372658.656s)
[2020-12-25T02:02:23.901-0400][gc,marking     ] GC(386072) Concurrent Mark From Roots
[2020-12-25T02:02:23.901-0400][gc,task        ] GC(386072) Using 1 workers of 1 for marking
[2020-12-25T02:02:24.229-0400][gc,marking     ] GC(386072) Concurrent Mark From Roots 328.059ms
[2020-12-25T02:02:24.229-0400][gc,marking     ] GC(386072) Concurrent Preclean
[2020-12-25T02:02:24.230-0400][gc,marking     ] GC(386072) Concurrent Preclean 0.674ms
[2020-12-25T02:02:24.230-0400][gc,marking     ] GC(386072) Concurrent Mark (3372658.656s, 3372658.985s) 328.999ms
[2020-12-25T02:02:24.231-0400][gc,start       ] GC(386072) Pause Remark
[2020-12-25T02:02:24.271-0400][gc,stringtable ] GC(386072) Cleaned string and symbol table, strings: 32400 processed, 0 removed, symbols: 131487 processed, 0 removed
[2020-12-25T02:02:24.272-0400][gc             ] GC(386072) Pause Remark 48M->48M(70M) 40.774ms
[2020-12-25T02:02:24.272-0400][gc,cpu         ] GC(386072) User=0.16s Sys=0.00s Real=0.04s
[2020-12-25T02:02:24.272-0400][gc,marking     ] GC(386072) Concurrent Rebuild Remembered Sets
[2020-12-25T02:02:24.461-0400][gc,marking     ] GC(386072) Concurrent Rebuild Remembered Sets 189.251ms
[2020-12-25T02:02:24.462-0400][gc,start       ] GC(386072) Pause Cleanup
[2020-12-25T02:02:24.463-0400][gc             ] GC(386072) Pause Cleanup 48M->48M(70M) 0.480ms
[2020-12-25T02:02:24.463-0400][gc,cpu         ] GC(386072) User=0.00s Sys=0.00s Real=0.00s
[2020-12-25T02:02:24.463-0400][gc,marking     ] GC(386072) Concurrent Cleanup for Next Mark
[2020-12-25T02:02:24.464-0400][gc,marking     ] GC(386072) Concurrent Cleanup for Next Mark 0.908ms
[2020-12-25T02:02:24.464-0400][gc             ] GC(386072) Concurrent Cycle 566.509ms
[2020-12-25T02:02:54.675-0400][gc,heap        ] GC(386073) Heap before GC invocations=386048 (full 11283): garbage-first heap   total 71680K, used 58147K [0x0000000083000000, 0x0000000100000000)
[2020-12-25T02:02:54.675-0400][gc,heap        ] GC(386073)   region size 1024K, 11 young (11264K), 1 survivors (1024K)
[2020-12-25T02:02:54.675-0400][gc,heap        ] GC(386073)  Metaspace       used 61064K, capacity 63785K, committed 64768K, reserved 1107968K
[2020-12-25T02:02:54.675-0400][gc,heap        ] GC(386073)   class space    used 5722K, capacity 6577K, committed 6912K, reserved 1048576K
[2020-12-25T02:02:54.675-0400][gc,start       ] GC(386073) Pause Young (Normal) (G1 Evacuation Pause)
[2020-12-25T02:02:54.675-0400][gc,task        ] GC(386073) Using 4 workers of 4 for evacuation
[2020-12-25T02:02:54.682-0400][gc,phases      ] GC(386073)   Pre Evacuate Collection Set: 0.0ms
[2020-12-25T02:02:54.682-0400][gc,phases      ] GC(386073)   Evacuate Collection Set: 4.5ms
[2020-12-25T02:02:54.682-0400][gc,phases      ] GC(386073)   Post Evacuate Collection Set: 1.5ms
[2020-12-25T02:02:54.682-0400][gc,phases      ] GC(386073)   Other: 0.9ms
[2020-12-25T02:02:54.682-0400][gc,heap        ] GC(386073) Eden regions: 10->0(10)
[2020-12-25T02:02:54.682-0400][gc,heap        ] GC(386073) Survivor regions: 1->1(2)
[2020-12-25T02:02:54.682-0400][gc,heap        ] GC(386073) Old regions: 46->46
[2020-12-25T02:02:54.682-0400][gc,heap        ] GC(386073) Humongous regions: 4->4
[2020-12-25T02:02:54.682-0400][gc,metaspace   ] GC(386073) Metaspace: 61064K->61064K(1107968K)
[2020-12-25T02:02:54.682-0400][gc,heap        ] GC(386073) Heap after GC invocations=386049 (full 11283): garbage-first heap   total 71680K, used 48939K [0x0000000083000000, 0x0000000100000000)
[2020-12-25T02:02:54.682-0400][gc,heap        ] GC(386073)   region size 1024K, 1 young (1024K), 1 survivors (1024K)
[2020-12-25T02:02:54.682-0400][gc,heap        ] GC(386073)  Metaspace       used 61064K, capacity 63785K, committed 64768K, reserved 1107968K
[2020-12-25T02:02:54.682-0400][gc,heap        ] GC(386073)   class space    used 5722K, capacity 6577K, committed 6912K, reserved 1048576K
[2020-12-25T02:02:54.683-0400][gc             ] GC(386073) Pause Young (Normal) (G1 Evacuation Pause) 57M->47M(70M) 7.257ms
[2020-12-25T02:02:54.683-0400][gc,cpu         ] GC(386073) User=0.02s Sys=0.00s Real=0.01s
[2020-12-25T02:03:19.849-0400][gc,heap        ] GC(386074) Heap before GC invocations=386049 (full 11283): garbage-first heap   total 71680K, used 58155K [0x0000000083000000, 0x0000000100000000)
[2020-12-25T02:03:19.849-0400][gc,heap        ] GC(386074)   region size 1024K, 11 young (11264K), 1 survivors (1024K)
[2020-12-25T02:03:19.849-0400][gc,heap        ] GC(386074)  Metaspace       used 61064K, capacity 63785K, committed 64768K, reserved 1107968K
[2020-12-25T02:03:19.849-0400][gc,heap        ] GC(386074)   class space    used 5722K, capacity 6577K, committed 6912K, reserved 1048576K
[2020-12-25T02:03:19.849-0400][gc,start       ] GC(386074) Pause Young (Concurrent Start) (G1 Evacuation Pause)
[2020-12-25T02:03:19.849-0400][gc,task        ] GC(386074) Using 4 workers of 4 for evacuation
[2020-12-25T02:03:19.857-0400][gc,phases      ] GC(386074)   Pre Evacuate Collection Set: 0.2ms
[2020-12-25T02:03:19.857-0400][gc,phases      ] GC(386074)   Evacuate Collection Set: 4.8ms
[2020-12-25T02:03:19.857-0400][gc,phases      ] GC(386074)   Post Evacuate Collection Set: 1.6ms
[2020-12-25T02:03:19.857-0400][gc,phases      ] GC(386074)   Other: 1.0ms
[2020-12-25T02:03:19.857-0400][gc,heap        ] GC(386074) Eden regions: 10->0(10)
[2020-12-25T02:03:19.857-0400][gc,heap        ] GC(386074) Survivor regions: 1->1(2)
[2020-12-25T02:03:19.857-0400][gc,heap        ] GC(386074) Old regions: 46->46
[2020-12-25T02:03:19.857-0400][gc,heap        ] GC(386074) Humongous regions: 4->4
[2020-12-25T02:03:19.857-0400][gc,metaspace   ] GC(386074) Metaspace: 61064K->61064K(1107968K)
[2020-12-25T02:03:19.857-0400][gc,heap        ] GC(386074) Heap after GC invocations=386050 (full 11283): garbage-first heap   total 71680K, used 49068K [0x0000000083000000, 0x0000000100000000)
[2020-12-25T02:03:19.857-0400][gc,heap        ] GC(386074)   region size 1024K, 1 young (1024K), 1 survivors (1024K)
[2020-12-25T02:03:19.857-0400][gc,heap        ] GC(386074)  Metaspace       used 61064K, capacity 63785K, committed 64768K, reserved 1107968K
[2020-12-25T02:03:19.857-0400][gc,heap        ] GC(386074)   class space    used 5722K, capacity 6577K, committed 6912K, reserved 1048576K
[2020-12-25T02:03:19.857-0400][gc             ] GC(386074) Pause Young (Concurrent Start) (G1 Evacuation Pause) 57M->47M(70M) 7.930ms
[2020-12-25T02:03:19.857-0400][gc,cpu         ] GC(386074) User=0.01s Sys=0.01s Real=0.01s
[2020-12-25T02:03:19.858-0400][gc             ] GC(386075) Concurrent Cycle
[2020-12-25T02:03:19.858-0400][gc,marking     ] GC(386075) Concurrent Clear Claimed Marks
[2020-12-25T02:03:19.858-0400][gc,marking     ] GC(386075) Concurrent Clear Claimed Marks 0.286ms
[2020-12-25T02:03:19.858-0400][gc,marking     ] GC(386075) Concurrent Scan Root Regions
[2020-12-25T02:03:19.861-0400][gc,marking     ] GC(386075) Concurrent Scan Root Regions 2.946ms
[2020-12-25T02:03:19.861-0400][gc,marking     ] GC(386075) Concurrent Mark (3372714.616s)
[2020-12-25T02:03:19.861-0400][gc,marking     ] GC(386075) Concurrent Mark From Roots
[2020-12-25T02:03:19.861-0400][gc,task        ] GC(386075) Using 1 workers of 1 for marking
[2020-12-25T02:03:20.181-0400][gc,marking     ] GC(386075) Concurrent Mark From Roots 319.304ms
[2020-12-25T02:03:20.181-0400][gc,marking     ] GC(386075) Concurrent Preclean
[2020-12-25T02:03:20.181-0400][gc,marking     ] GC(386075) Concurrent Preclean 0.624ms
[2020-12-25T02:03:20.181-0400][gc,marking     ] GC(386075) Concurrent Mark (3372714.616s, 3372714.936s) 320.209ms
[2020-12-25T02:03:20.182-0400][gc,start       ] GC(386075) Pause Remark
[2020-12-25T02:03:20.224-0400][gc,stringtable ] GC(386075) Cleaned string and symbol table, strings: 32400 processed, 0 removed, symbols: 131487 processed, 0 removed
[2020-12-25T02:03:20.224-0400][gc             ] GC(386075) Pause Remark 48M->48M(70M) 42.116ms
[2020-12-25T02:03:20.224-0400][gc,cpu         ] GC(386075) User=0.10s Sys=0.06s Real=0.04s
[2020-12-25T02:03:20.225-0400][gc,marking     ] GC(386075) Concurrent Rebuild Remembered Sets
[2020-12-25T02:03:20.415-0400][gc,marking     ] GC(386075) Concurrent Rebuild Remembered Sets 190.610ms
[2020-12-25T02:03:20.416-0400][gc,start       ] GC(386075) Pause Cleanup
[2020-12-25T02:03:20.417-0400][gc             ] GC(386075) Pause Cleanup 48M->48M(70M) 0.602ms
[2020-12-25T02:03:20.417-0400][gc,cpu         ] GC(386075) User=0.00s Sys=0.00s Real=0.00s
[2020-12-25T02:03:20.417-0400][gc,marking     ] GC(386075) Concurrent Cleanup for Next Mark
[2020-12-25T02:03:20.418-0400][gc,marking     ] GC(386075) Concurrent Cleanup for Next Mark 1.046ms
[2020-12-25T02:03:20.418-0400][gc             ] GC(386075) Concurrent Cycle 560.626ms
[2020-12-25T02:03:50.664-0400][gc,heap        ] GC(386076) Heap before GC invocations=386051 (full 11283): garbage-first heap   total 71680K, used 58284K [0x0000000083000000, 0x0000000100000000)
[2020-12-25T02:03:50.664-0400][gc,heap        ] GC(386076)   region size 1024K, 11 young (11264K), 1 survivors (1024K)
[2020-12-25T02:03:50.664-0400][gc,heap        ] GC(386076)  Metaspace       used 61064K, capacity 63785K, committed 64768K, reserved 1107968K
[2020-12-25T02:03:50.664-0400][gc,heap        ] GC(386076)   class space    used 5722K, capacity 6577K, committed 6912K, reserved 1048576K
[2020-12-25T02:03:50.664-0400][gc,start       ] GC(386076) Pause Young (Normal) (G1 Evacuation Pause)
[2020-12-25T02:03:50.664-0400][gc,task        ] GC(386076) Using 4 workers of 4 for evacuation
[2020-12-25T02:03:50.671-0400][gc,phases      ] GC(386076)   Pre Evacuate Collection Set: 0.0ms
[2020-12-25T02:03:50.671-0400][gc,phases      ] GC(386076)   Evacuate Collection Set: 4.9ms
[2020-12-25T02:03:50.671-0400][gc,phases      ] GC(386076)   Post Evacuate Collection Set: 1.7ms
[2020-12-25T02:03:50.671-0400][gc,phases      ] GC(386076)   Other: 1.0ms
[2020-12-25T02:03:50.671-0400][gc,heap        ] GC(386076) Eden regions: 10->0(10)
[2020-12-25T02:03:50.672-0400][gc,heap        ] GC(386076) Survivor regions: 1->1(2)
[2020-12-25T02:03:50.672-0400][gc,heap        ] GC(386076) Old regions: 46->46
[2020-12-25T02:03:50.672-0400][gc,heap        ] GC(386076) Humongous regions: 4->4
[2020-12-25T02:03:50.672-0400][gc,metaspace   ] GC(386076) Metaspace: 61064K->61064K(1107968K)
[2020-12-25T02:03:50.672-0400][gc,heap        ] GC(386076) Heap after GC invocations=386052 (full 11283): garbage-first heap   total 71680K, used 48971K [0x0000000083000000, 0x0000000100000000)
[2020-12-25T02:03:50.672-0400][gc,heap        ] GC(386076)   region size 1024K, 1 young (1024K), 1 survivors (1024K)
[2020-12-25T02:03:50.672-0400][gc,heap        ] GC(386076)  Metaspace       used 61064K, capacity 63785K, committed 64768K, reserved 1107968K
[2020-12-25T02:03:50.672-0400][gc,heap        ] GC(386076)   class space    used 5722K, capacity 6577K, committed 6912K, reserved 1048576K
[2020-12-25T02:03:50.672-0400][gc             ] GC(386076) Pause Young (Normal) (G1 Evacuation Pause) 57M->47M(70M) 7.971ms
[2020-12-25T02:03:50.672-0400][gc,cpu         ] GC(386076) User=0.02s Sys=0.00s Real=0.01s
[2020-12-25T02:04:15.711-0400][gc,heap        ] GC(386077) Heap before GC invocations=386052 (full 11283): garbage-first heap   total 71680K, used 58187K [0x0000000083000000, 0x0000000100000000)
[2020-12-25T02:04:15.711-0400][gc,heap        ] GC(386077)   region size 1024K, 11 young (11264K), 1 survivors (1024K)
[2020-12-25T02:04:15.711-0400][gc,heap        ] GC(386077)  Metaspace       used 61064K, capacity 63785K, committed 64768K, reserved 1107968K
[2020-12-25T02:04:15.711-0400][gc,heap        ] GC(386077)   class space    used 5722K, capacity 6577K, committed 6912K, reserved 1048576K
[2020-12-25T02:04:15.711-0400][gc,start       ] GC(386077) Pause Young (Concurrent Start) (G1 Evacuation Pause)
[2020-12-25T02:04:15.711-0400][gc,task        ] GC(386077) Using 4 workers of 4 for evacuation
[2020-12-25T02:04:15.719-0400][gc,phases      ] GC(386077)   Pre Evacuate Collection Set: 0.3ms
[2020-12-25T02:04:15.719-0400][gc,phases      ] GC(386077)   Evacuate Collection Set: 4.6ms
[2020-12-25T02:04:15.719-0400][gc,phases      ] GC(386077)   Post Evacuate Collection Set: 1.9ms
[2020-12-25T02:04:15.719-0400][gc,phases      ] GC(386077)   Other: 0.9ms
[2020-12-25T02:04:15.719-0400][gc,heap        ] GC(386077) Eden regions: 10->0(10)
[2020-12-25T02:04:15.719-0400][gc,heap        ] GC(386077) Survivor regions: 1->1(2)
[2020-12-25T02:04:15.719-0400][gc,heap        ] GC(386077) Old regions: 46->46
[2020-12-25T02:04:15.719-0400][gc,heap        ] GC(386077) Humongous regions: 4->4
[2020-12-25T02:04:15.719-0400][gc,metaspace   ] GC(386077) Metaspace: 61064K->61064K(1107968K)
[2020-12-25T02:04:15.719-0400][gc,heap        ] GC(386077) Heap after GC invocations=386053 (full 11283): garbage-first heap   total 71680K, used 49076K [0x0000000083000000, 0x0000000100000000)
[2020-12-25T02:04:15.719-0400][gc,heap        ] GC(386077)   region size 1024K, 1 young (1024K), 1 survivors (1024K)
[2020-12-25T02:04:15.719-0400][gc,heap        ] GC(386077)  Metaspace       used 61064K, capacity 63785K, committed 64768K, reserved 1107968K
[2020-12-25T02:04:15.719-0400][gc,heap        ] GC(386077)   class space    used 5722K, capacity 6577K, committed 6912K, reserved 1048576K
[2020-12-25T02:04:15.719-0400][gc             ] GC(386077) Pause Young (Concurrent Start) (G1 Evacuation Pause) 57M->47M(70M) 8.252ms
[2020-12-25T02:04:15.720-0400][gc,cpu         ] GC(386077) User=0.02s Sys=0.00s Real=0.01s
[2020-12-25T02:04:15.720-0400][gc             ] GC(386078) Concurrent Cycle
[2020-12-25T02:04:15.720-0400][gc,marking     ] GC(386078) Concurrent Clear Claimed Marks
[2020-12-25T02:04:15.720-0400][gc,marking     ] GC(386078) Concurrent Clear Claimed Marks 0.276ms
[2020-12-25T02:04:15.720-0400][gc,marking     ] GC(386078) Concurrent Scan Root Regions
[2020-12-25T02:04:15.725-0400][gc,marking     ] GC(386078) Concurrent Scan Root Regions 4.138ms
[2020-12-25T02:04:15.725-0400][gc,marking     ] GC(386078) Concurrent Mark (3372770.479s)
[2020-12-25T02:04:15.725-0400][gc,marking     ] GC(386078) Concurrent Mark From Roots
[2020-12-25T02:04:15.725-0400][gc,task        ] GC(386078) Using 1 workers of 1 for marking
[2020-12-25T02:04:16.051-0400][gc,marking     ] GC(386078) Concurrent Mark From Roots 326.532ms
[2020-12-25T02:04:16.052-0400][gc,marking     ] GC(386078) Concurrent Preclean
[2020-12-25T02:04:16.052-0400][gc,marking     ] GC(386078) Concurrent Preclean 0.662ms
[2020-12-25T02:04:16.052-0400][gc,marking     ] GC(386078) Concurrent Mark (3372770.479s, 3372770.807s) 327.462ms
[2020-12-25T02:04:16.053-0400][gc,start       ] GC(386078) Pause Remark
[2020-12-25T02:04:16.093-0400][gc,stringtable ] GC(386078) Cleaned string and symbol table, strings: 32400 processed, 0 removed, symbols: 131487 processed, 0 removed
[2020-12-25T02:04:16.094-0400][gc             ] GC(386078) Pause Remark 48M->48M(70M) 40.839ms
[2020-12-25T02:04:16.094-0400][gc,cpu         ] GC(386078) User=0.09s Sys=0.06s Real=0.04s
[2020-12-25T02:04:16.094-0400][gc,marking     ] GC(386078) Concurrent Rebuild Remembered Sets
[2020-12-25T02:04:16.285-0400][gc,marking     ] GC(386078) Concurrent Rebuild Remembered Sets 190.796ms
[2020-12-25T02:04:16.286-0400][gc,start       ] GC(386078) Pause Cleanup
[2020-12-25T02:04:16.286-0400][gc             ] GC(386078) Pause Cleanup 48M->48M(70M) 0.449ms
[2020-12-25T02:04:16.286-0400][gc,cpu         ] GC(386078) User=0.00s Sys=0.00s Real=0.00s
[2020-12-25T02:04:16.286-0400][gc,marking     ] GC(386078) Concurrent Cleanup for Next Mark
[2020-12-25T02:04:16.288-0400][gc,marking     ] GC(386078) Concurrent Cleanup for Next Mark 1.002ms
[2020-12-25T02:04:16.288-0400][gc             ] GC(386078) Concurrent Cycle 567.735ms
[2020-12-25T02:04:57.160-0400][gc,heap        ] GC(386079) Heap before GC invocations=386054 (full 11283): garbage-first heap   total 71680K, used 58292K [0x0000000083000000, 0x0000000100000000)
[2020-12-25T02:04:57.160-0400][gc,heap        ] GC(386079)   region size 1024K, 11 young (11264K), 1 survivors (1024K)
[2020-12-25T02:04:57.160-0400][gc,heap        ] GC(386079)  Metaspace       used 61064K, capacity 63785K, committed 64768K, reserved 1107968K
[2020-12-25T02:04:57.160-0400][gc,heap        ] GC(386079)   class space    used 5722K, capacity 6577K, committed 6912K, reserved 1048576K
[2020-12-25T02:04:57.161-0400][gc,start       ] GC(386079) Pause Young (Normal) (G1 Evacuation Pause)
[2020-12-25T02:04:57.161-0400][gc,task        ] GC(386079) Using 4 workers of 4 for evacuation
[2020-12-25T02:04:57.167-0400][gc,phases      ] GC(386079)   Pre Evacuate Collection Set: 0.0ms
[2020-12-25T02:04:57.167-0400][gc,phases      ] GC(386079)   Evacuate Collection Set: 4.5ms
[2020-12-25T02:04:57.167-0400][gc,phases      ] GC(386079)   Post Evacuate Collection Set: 1.6ms
[2020-12-25T02:04:57.168-0400][gc,phases      ] GC(386079)   Other: 0.9ms
[2020-12-25T02:04:57.168-0400][gc,heap        ] GC(386079) Eden regions: 10->0(10)
[2020-12-25T02:04:57.168-0400][gc,heap        ] GC(386079) Survivor regions: 1->1(2)
[2020-12-25T02:04:57.168-0400][gc,heap        ] GC(386079) Old regions: 46->46
[2020-12-25T02:04:57.168-0400][gc,heap        ] GC(386079) Humongous regions: 4->4
[2020-12-25T02:04:57.168-0400][gc,metaspace   ] GC(386079) Metaspace: 61064K->61064K(1107968K)
[2020-12-25T02:04:57.168-0400][gc,heap        ] GC(386079) Heap after GC invocations=386055 (full 11283): garbage-first heap   total 71680K, used 49008K [0x0000000083000000, 0x0000000100000000)
[2020-12-25T02:04:57.168-0400][gc,heap        ] GC(386079)   region size 1024K, 1 young (1024K), 1 survivors (1024K)
[2020-12-25T02:04:57.168-0400][gc,heap        ] GC(386079)  Metaspace       used 61064K, capacity 63785K, committed 64768K, reserved 1107968K
[2020-12-25T02:04:57.168-0400][gc,heap        ] GC(386079)   class space    used 5722K, capacity 6577K, committed 6912K, reserved 1048576K
[2020-12-25T02:04:57.168-0400][gc             ] GC(386079) Pause Young (Normal) (G1 Evacuation Pause) 57M->47M(70M) 7.455ms
[2020-12-25T02:04:57.168-0400][gc,cpu         ] GC(386079) User=0.01s Sys=0.01s Real=0.01s
[2020-12-25T02:05:28.020-0400][gc,heap        ] GC(386080) Heap before GC invocations=386055 (full 11283): garbage-first heap   total 71680K, used 58224K [0x0000000083000000, 0x0000000100000000)
[2020-12-25T02:05:28.020-0400][gc,heap        ] GC(386080)   region size 1024K, 11 young (11264K), 1 survivors (1024K)
[2020-12-25T02:05:28.020-0400][gc,heap        ] GC(386080)  Metaspace       used 61064K, capacity 63785K, committed 64768K, reserved 1107968K
[2020-12-25T02:05:28.021-0400][gc,heap        ] GC(386080)   class space    used 5722K, capacity 6577K, committed 6912K, reserved 1048576K
[2020-12-25T02:05:28.021-0400][gc,start       ] GC(386080) Pause Young (Concurrent Start) (G1 Evacuation Pause)
[2020-12-25T02:05:28.021-0400][gc,task        ] GC(386080) Using 4 workers of 4 for evacuation
[2020-12-25T02:05:28.028-0400][gc,phases      ] GC(386080)   Pre Evacuate Collection Set: 0.2ms
[2020-12-25T02:05:28.028-0400][gc,phases      ] GC(386080)   Evacuate Collection Set: 4.5ms
[2020-12-25T02:05:28.028-0400][gc,phases      ] GC(386080)   Post Evacuate Collection Set: 1.6ms
[2020-12-25T02:05:28.028-0400][gc,phases      ] GC(386080)   Other: 1.0ms
[2020-12-25T02:05:28.028-0400][gc,heap        ] GC(386080) Eden regions: 10->0(10)
[2020-12-25T02:05:28.028-0400][gc,heap        ] GC(386080) Survivor regions: 1->1(2)
[2020-12-25T02:05:28.028-0400][gc,heap        ] GC(386080) Old regions: 46->46
[2020-12-25T02:05:28.028-0400][gc,heap        ] GC(386080) Humongous regions: 4->4
[2020-12-25T02:05:28.028-0400][gc,metaspace   ] GC(386080) Metaspace: 61064K->61064K(1107968K)
[2020-12-25T02:05:28.028-0400][gc,heap        ] GC(386080) Heap after GC invocations=386056 (full 11283): garbage-first heap   total 71680K, used 49048K [0x0000000083000000, 0x0000000100000000)
[2020-12-25T02:05:28.028-0400][gc,heap        ] GC(386080)   region size 1024K, 1 young (1024K), 1 survivors (1024K)
[2020-12-25T02:05:28.028-0400][gc,heap        ] GC(386080)  Metaspace       used 61064K, capacity 63785K, committed 64768K, reserved 1107968K
[2020-12-25T02:05:28.028-0400][gc,heap        ] GC(386080)   class space    used 5722K, capacity 6577K, committed 6912K, reserved 1048576K
[2020-12-25T02:05:28.028-0400][gc             ] GC(386080) Pause Young (Concurrent Start) (G1 Evacuation Pause) 57M->47M(70M) 7.669ms
[2020-12-25T02:05:28.029-0400][gc,cpu         ] GC(386080) User=0.02s Sys=0.00s Real=0.01s
[2020-12-25T02:05:28.029-0400][gc             ] GC(386081) Concurrent Cycle
[2020-12-25T02:05:28.029-0400][gc,marking     ] GC(386081) Concurrent Clear Claimed Marks
[2020-12-25T02:05:28.029-0400][gc,marking     ] GC(386081) Concurrent Clear Claimed Marks 0.301ms
[2020-12-25T02:05:28.029-0400][gc,marking     ] GC(386081) Concurrent Scan Root Regions
[2020-12-25T02:05:28.032-0400][gc,marking     ] GC(386081) Concurrent Scan Root Regions 2.853ms
[2020-12-25T02:05:28.032-0400][gc,marking     ] GC(386081) Concurrent Mark (3372842.787s)
[2020-12-25T02:05:28.032-0400][gc,marking     ] GC(386081) Concurrent Mark From Roots
[2020-12-25T02:05:28.032-0400][gc,task        ] GC(386081) Using 1 workers of 1 for marking
[2020-12-25T02:05:28.355-0400][gc,marking     ] GC(386081) Concurrent Mark From Roots 322.182ms
[2020-12-25T02:05:28.355-0400][gc,marking     ] GC(386081) Concurrent Preclean
[2020-12-25T02:05:28.355-0400][gc,marking     ] GC(386081) Concurrent Preclean 0.669ms
[2020-12-25T02:05:28.356-0400][gc,marking     ] GC(386081) Concurrent Mark (3372842.787s, 3372843.110s) 323.340ms
[2020-12-25T02:05:28.356-0400][gc,start       ] GC(386081) Pause Remark
[2020-12-25T02:05:28.397-0400][gc,stringtable ] GC(386081) Cleaned string and symbol table, strings: 32400 processed, 0 removed, symbols: 131487 processed, 0 removed
[2020-12-25T02:05:28.397-0400][gc             ] GC(386081) Pause Remark 48M->48M(70M) 41.135ms
[2020-12-25T02:05:28.398-0400][gc,cpu         ] GC(386081) User=0.16s Sys=0.00s Real=0.04s
[2020-12-25T02:05:28.398-0400][gc,marking     ] GC(386081) Concurrent Rebuild Remembered Sets
[2020-12-25T02:05:28.589-0400][gc,marking     ] GC(386081) Concurrent Rebuild Remembered Sets 190.789ms
[2020-12-25T02:05:28.589-0400][gc,start       ] GC(386081) Pause Cleanup
[2020-12-25T02:05:28.590-0400][gc             ] GC(386081) Pause Cleanup 48M->48M(70M) 0.485ms
[2020-12-25T02:05:28.590-0400][gc,cpu         ] GC(386081) User=0.00s Sys=0.00s Real=0.00s
[2020-12-25T02:05:28.590-0400][gc,marking     ] GC(386081) Concurrent Cleanup for Next Mark
[2020-12-25T02:05:28.591-0400][gc,marking     ] GC(386081) Concurrent Cleanup for Next Mark 0.961ms
[2020-12-25T02:05:28.591-0400][gc             ] GC(386081) Concurrent Cycle 562.688ms
[2020-12-25T02:05:54.342-0400][gc,heap        ] GC(386082) Heap before GC invocations=386057 (full 11283): garbage-first heap   total 71680K, used 59288K [0x0000000083000000, 0x0000000100000000)
[2020-12-25T02:05:54.342-0400][gc,heap        ] GC(386082)   region size 1024K, 11 young (11264K), 1 survivors (1024K)
[2020-12-25T02:05:54.342-0400][gc,heap        ] GC(386082)  Metaspace       used 61064K, capacity 63785K, committed 64768K, reserved 1107968K
[2020-12-25T02:05:54.342-0400][gc,heap        ] GC(386082)   class space    used 5722K, capacity 6577K, committed 6912K, reserved 1048576K
[2020-12-25T02:05:54.342-0400][gc,start       ] GC(386082) Pause Young (Normal) (G1 Evacuation Pause)
[2020-12-25T02:05:54.342-0400][gc,task        ] GC(386082) Using 4 workers of 4 for evacuation
[2020-12-25T02:05:54.349-0400][gc,phases      ] GC(386082)   Pre Evacuate Collection Set: 0.0ms
[2020-12-25T02:05:54.349-0400][gc,phases      ] GC(386082)   Evacuate Collection Set: 5.1ms
[2020-12-25T02:05:54.350-0400][gc,phases      ] GC(386082)   Post Evacuate Collection Set: 1.8ms
[2020-12-25T02:05:54.350-0400][gc,phases      ] GC(386082)   Other: 0.8ms
[2020-12-25T02:05:54.350-0400][gc,heap        ] GC(386082) Eden regions: 10->0(10)
[2020-12-25T02:05:54.350-0400][gc,heap        ] GC(386082) Survivor regions: 1->1(2)
[2020-12-25T02:05:54.350-0400][gc,heap        ] GC(386082) Old regions: 46->46
[2020-12-25T02:05:54.350-0400][gc,heap        ] GC(386082) Humongous regions: 4->4
[2020-12-25T02:05:54.350-0400][gc,metaspace   ] GC(386082) Metaspace: 61064K->61064K(1107968K)
[2020-12-25T02:05:54.350-0400][gc,heap        ] GC(386082) Heap after GC invocations=386058 (full 11283): garbage-first heap   total 71680K, used 49062K [0x0000000083000000, 0x0000000100000000)
[2020-12-25T02:05:54.350-0400][gc,heap        ] GC(386082)   region size 1024K, 1 young (1024K), 1 survivors (1024K)
[2020-12-25T02:05:54.350-0400][gc,heap        ] GC(386082)  Metaspace       used 61064K, capacity 63785K, committed 64768K, reserved 1107968K
[2020-12-25T02:05:54.350-0400][gc,heap        ] GC(386082)   class space    used 5722K, capacity 6577K, committed 6912K, reserved 1048576K
[2020-12-25T02:05:54.350-0400][gc             ] GC(386082) Pause Young (Normal) (G1 Evacuation Pause) 57M->47M(70M) 8.267ms
[2020-12-25T02:05:54.350-0400][gc,cpu         ] GC(386082) User=0.01s Sys=0.01s Real=0.01s
[2020-12-25T02:06:23.876-0400][gc,heap        ] GC(386083) Heap before GC invocations=386058 (full 11283): garbage-first heap   total 71680K, used 58278K [0x0000000083000000, 0x0000000100000000)
[2020-12-25T02:06:23.876-0400][gc,heap        ] GC(386083)   region size 1024K, 11 young (11264K), 1 survivors (1024K)
[2020-12-25T02:06:23.876-0400][gc,heap        ] GC(386083)  Metaspace       used 61064K, capacity 63785K, committed 64768K, reserved 1107968K
[2020-12-25T02:06:23.876-0400][gc,heap        ] GC(386083)   class space    used 5722K, capacity 6577K, committed 6912K, reserved 1048576K
[2020-12-25T02:06:23.877-0400][gc,start       ] GC(386083) Pause Young (Concurrent Start) (G1 Evacuation Pause)
[2020-12-25T02:06:23.877-0400][gc,task        ] GC(386083) Using 4 workers of 4 for evacuation
[2020-12-25T02:06:23.884-0400][gc,phases      ] GC(386083)   Pre Evacuate Collection Set: 0.2ms
[2020-12-25T02:06:23.884-0400][gc,phases      ] GC(386083)   Evacuate Collection Set: 4.9ms
[2020-12-25T02:06:23.884-0400][gc,phases      ] GC(386083)   Post Evacuate Collection Set: 1.8ms
[2020-12-25T02:06:23.884-0400][gc,phases      ] GC(386083)   Other: 1.0ms
[2020-12-25T02:06:23.884-0400][gc,heap        ] GC(386083) Eden regions: 10->0(10)
[2020-12-25T02:06:23.884-0400][gc,heap        ] GC(386083) Survivor regions: 1->1(2)
[2020-12-25T02:06:23.884-0400][gc,heap        ] GC(386083) Old regions: 46->46
[2020-12-25T02:06:23.885-0400][gc,heap        ] GC(386083) Humongous regions: 4->4
[2020-12-25T02:06:23.885-0400][gc,metaspace   ] GC(386083) Metaspace: 61064K->61064K(1107968K)
[2020-12-25T02:06:23.885-0400][gc,heap        ] GC(386083) Heap after GC invocations=386059 (full 11283): garbage-first heap   total 71680K, used 49141K [0x0000000083000000, 0x0000000100000000)
[2020-12-25T02:06:23.885-0400][gc,heap        ] GC(386083)   region size 1024K, 1 young (1024K), 1 survivors (1024K)
[2020-12-25T02:06:23.885-0400][gc,heap        ] GC(386083)  Metaspace       used 61064K, capacity 63785K, committed 64768K, reserved 1107968K
[2020-12-25T02:06:23.885-0400][gc,heap        ] GC(386083)   class space    used 5722K, capacity 6577K, committed 6912K, reserved 1048576K
[2020-12-25T02:06:23.885-0400][gc             ] GC(386083) Pause Young (Concurrent Start) (G1 Evacuation Pause) 57M->47M(70M) 8.404ms
[2020-12-25T02:06:23.885-0400][gc,cpu         ] GC(386083) User=0.01s Sys=0.01s Real=0.00s
[2020-12-25T02:06:23.885-0400][gc             ] GC(386084) Concurrent Cycle
[2020-12-25T02:06:23.886-0400][gc,marking     ] GC(386084) Concurrent Clear Claimed Marks
[2020-12-25T02:06:23.886-0400][gc,marking     ] GC(386084) Concurrent Clear Claimed Marks 0.388ms
[2020-12-25T02:06:23.886-0400][gc,marking     ] GC(386084) Concurrent Scan Root Regions
[2020-12-25T02:06:23.889-0400][gc,marking     ] GC(386084) Concurrent Scan Root Regions 3.012ms
[2020-12-25T02:06:23.889-0400][gc,marking     ] GC(386084) Concurrent Mark (3372898.644s)
[2020-12-25T02:06:23.889-0400][gc,marking     ] GC(386084) Concurrent Mark From Roots
[2020-12-25T02:06:23.889-0400][gc,task        ] GC(386084) Using 1 workers of 1 for marking
[2020-12-25T02:06:24.225-0400][gc,marking     ] GC(386084) Concurrent Mark From Roots 335.919ms
[2020-12-25T02:06:24.225-0400][gc,marking     ] GC(386084) Concurrent Preclean
[2020-12-25T02:06:24.226-0400][gc,marking     ] GC(386084) Concurrent Preclean 0.667ms
[2020-12-25T02:06:24.226-0400][gc,marking     ] GC(386084) Concurrent Mark (3372898.644s, 3372898.981s) 336.859ms
[2020-12-25T02:06:24.227-0400][gc,start       ] GC(386084) Pause Remark
[2020-12-25T02:06:24.270-0400][gc,stringtable ] GC(386084) Cleaned string and symbol table, strings: 32400 processed, 0 removed, symbols: 131487 processed, 0 removed
[2020-12-25T02:06:24.271-0400][gc             ] GC(386084) Pause Remark 48M->48M(70M) 43.753ms
[2020-12-25T02:06:24.271-0400][gc,cpu         ] GC(386084) User=0.15s Sys=0.00s Real=0.04s
[2020-12-25T02:06:24.271-0400][gc,marking     ] GC(386084) Concurrent Rebuild Remembered Sets
[2020-12-25T02:06:24.460-0400][gc,marking     ] GC(386084) Concurrent Rebuild Remembered Sets 189.103ms
[2020-12-25T02:06:24.461-0400][gc,start       ] GC(386084) Pause Cleanup
[2020-12-25T02:06:24.462-0400][gc             ] GC(386084) Pause Cleanup 48M->48M(70M) 0.439ms
[2020-12-25T02:06:24.462-0400][gc,cpu         ] GC(386084) User=0.00s Sys=0.00s Real=0.00s
[2020-12-25T02:06:24.462-0400][gc,marking     ] GC(386084) Concurrent Cleanup for Next Mark
[2020-12-25T02:06:24.463-0400][gc,marking     ] GC(386084) Concurrent Cleanup for Next Mark 0.944ms
[2020-12-25T02:06:24.463-0400][gc             ] GC(386084) Concurrent Cycle 577.686ms
[2020-12-25T02:06:50.924-0400][gc,task        ] GC(386085) Using 3 workers of 4 for full compaction
[2020-12-25T02:06:50.924-0400][gc,start       ] GC(386085) Pause Full (System.gc())
[2020-12-25T02:06:50.924-0400][gc,heap        ] GC(386085) Heap before GC invocations=386060 (full 11283): garbage-first heap   total 71680K, used 57333K [0x0000000083000000, 0x0000000100000000)
[2020-12-25T02:06:50.924-0400][gc,heap        ] GC(386085)   region size 1024K, 11 young (11264K), 1 survivors (1024K)
[2020-12-25T02:06:50.924-0400][gc,heap        ] GC(386085)  Metaspace       used 61064K, capacity 63785K, committed 64768K, reserved 1107968K
[2020-12-25T02:06:50.924-0400][gc,heap        ] GC(386085)   class space    used 5722K, capacity 6577K, committed 6912K, reserved 1048576K
[2020-12-25T02:06:50.927-0400][gc,phases,start] GC(386085) Phase 1: Mark live objects
[2020-12-25T02:06:51.077-0400][gc,stringtable ] GC(386085) Cleaned string and symbol table, strings: 32400 processed, 0 removed, symbols: 131487 processed, 0 removed
[2020-12-25T02:06:51.077-0400][gc,phases      ] GC(386085) Phase 1: Mark live objects 150.509ms
[2020-12-25T02:06:51.077-0400][gc,phases,start] GC(386085) Phase 2: Prepare for compaction
[2020-12-25T02:06:51.110-0400][gc,phases      ] GC(386085) Phase 2: Prepare for compaction 32.246ms
[2020-12-25T02:06:51.110-0400][gc,phases,start] GC(386085) Phase 3: Adjust pointers
[2020-12-25T02:06:51.191-0400][gc,phases      ] GC(386085) Phase 3: Adjust pointers 80.960ms
[2020-12-25T02:06:51.191-0400][gc,phases,start] GC(386085) Phase 4: Compact heap
[2020-12-25T02:06:51.214-0400][gc,phases      ] GC(386085) Phase 4: Compact heap 23.463ms
[2020-12-25T02:06:51.252-0400][gc,heap        ] GC(386085) Eden regions: 10->0(11)
[2020-12-25T02:06:51.253-0400][gc,heap        ] GC(386085) Survivor regions: 1->0(2)
[2020-12-25T02:06:51.253-0400][gc,heap        ] GC(386085) Old regions: 46->46
[2020-12-25T02:06:51.253-0400][gc,heap        ] GC(386085) Humongous regions: 4->4
[2020-12-25T02:06:51.253-0400][gc,metaspace   ] GC(386085) Metaspace: 61064K->61064K(1107968K)
[2020-12-25T02:06:51.253-0400][gc,heap        ] GC(386085) Heap after GC invocations=386061 (full 11284): garbage-first heap   total 71680K, used 48840K [0x0000000083000000, 0x0000000100000000)
[2020-12-25T02:06:51.253-0400][gc,heap        ] GC(386085)   region size 1024K, 0 young (0K), 0 survivors (0K)
[2020-12-25T02:06:51.253-0400][gc,heap        ] GC(386085)  Metaspace       used 61064K, capacity 63785K, committed 64768K, reserved 1107968K
[2020-12-25T02:06:51.253-0400][gc,heap        ] GC(386085)   class space    used 5722K, capacity 6577K, committed 6912K, reserved 1048576K
[2020-12-25T02:06:51.253-0400][gc             ] GC(386085) Pause Full (System.gc()) 57M->47M(70M) 328.672ms
[2020-12-25T02:06:51.253-0400][gc,cpu         ] GC(386085) User=0.73s Sys=0.14s Real=0.33s
[2020-12-25T02:07:14.558-0400][gc,heap        ] GC(386086) Heap before GC invocations=386061 (full 11284): garbage-first heap   total 71680K, used 59080K [0x0000000083000000, 0x0000000100000000)
[2020-12-25T02:07:14.559-0400][gc,heap        ] GC(386086)   region size 1024K, 11 young (11264K), 0 survivors (0K)
[2020-12-25T02:07:14.559-0400][gc,heap        ] GC(386086)  Metaspace       used 61064K, capacity 63785K, committed 64768K, reserved 1107968K
[2020-12-25T02:07:14.559-0400][gc,heap        ] GC(386086)   class space    used 5722K, capacity 6577K, committed 6912K, reserved 1048576K
[2020-12-25T02:07:14.559-0400][gc,start       ] GC(386086) Pause Young (Concurrent Start) (G1 Evacuation Pause)
[2020-12-25T02:07:14.559-0400][gc,task        ] GC(386086) Using 4 workers of 4 for evacuation
[2020-12-25T02:07:14.566-0400][gc,phases      ] GC(386086)   Pre Evacuate Collection Set: 0.2ms
[2020-12-25T02:07:14.566-0400][gc,phases      ] GC(386086)   Evacuate Collection Set: 4.4ms
[2020-12-25T02:07:14.566-0400][gc,phases      ] GC(386086)   Post Evacuate Collection Set: 1.9ms
[2020-12-25T02:07:14.566-0400][gc,phases      ] GC(386086)   Other: 1.0ms
[2020-12-25T02:07:14.566-0400][gc,heap        ] GC(386086) Eden regions: 11->0(10)
[2020-12-25T02:07:14.566-0400][gc,heap        ] GC(386086) Survivor regions: 0->1(2)
[2020-12-25T02:07:14.566-0400][gc,heap        ] GC(386086) Old regions: 46->46
[2020-12-25T02:07:14.566-0400][gc,heap        ] GC(386086) Humongous regions: 4->4
[2020-12-25T02:07:14.566-0400][gc,metaspace   ] GC(386086) Metaspace: 61064K->61064K(1107968K)
[2020-12-25T02:07:14.566-0400][gc,heap        ] GC(386086) Heap after GC invocations=386062 (full 11284): garbage-first heap   total 71680K, used 49173K [0x0000000083000000, 0x0000000100000000)
[2020-12-25T02:07:14.567-0400][gc,heap        ] GC(386086)   region size 1024K, 1 young (1024K), 1 survivors (1024K)
[2020-12-25T02:07:14.567-0400][gc,heap        ] GC(386086)  Metaspace       used 61064K, capacity 63785K, committed 64768K, reserved 1107968K
[2020-12-25T02:07:14.567-0400][gc,heap        ] GC(386086)   class space    used 5722K, capacity 6577K, committed 6912K, reserved 1048576K
[2020-12-25T02:07:14.567-0400][gc             ] GC(386086) Pause Young (Concurrent Start) (G1 Evacuation Pause) 58M->48M(70M) 7.965ms
[2020-12-25T02:07:14.567-0400][gc,cpu         ] GC(386086) User=0.03s Sys=0.00s Real=0.01s
[2020-12-25T02:07:14.567-0400][gc             ] GC(386087) Concurrent Cycle
[2020-12-25T02:07:14.567-0400][gc,marking     ] GC(386087) Concurrent Clear Claimed Marks
[2020-12-25T02:07:14.568-0400][gc,marking     ] GC(386087) Concurrent Clear Claimed Marks 0.373ms
[2020-12-25T02:07:14.568-0400][gc,marking     ] GC(386087) Concurrent Scan Root Regions
[2020-12-25T02:07:14.571-0400][gc,marking     ] GC(386087) Concurrent Scan Root Regions 3.055ms
[2020-12-25T02:07:14.571-0400][gc,marking     ] GC(386087) Concurrent Mark (3372949.326s)
[2020-12-25T02:07:14.571-0400][gc,marking     ] GC(386087) Concurrent Mark From Roots
[2020-12-25T02:07:14.571-0400][gc,task        ] GC(386087) Using 1 workers of 1 for marking
[2020-12-25T02:07:14.900-0400][gc,marking     ] GC(386087) Concurrent Mark From Roots 328.799ms
[2020-12-25T02:07:14.900-0400][gc,marking     ] GC(386087) Concurrent Preclean
[2020-12-25T02:07:14.901-0400][gc,marking     ] GC(386087) Concurrent Preclean 0.671ms
[2020-12-25T02:07:14.901-0400][gc,marking     ] GC(386087) Concurrent Mark (3372949.326s, 3372949.655s) 329.734ms
[2020-12-25T02:07:14.902-0400][gc,start       ] GC(386087) Pause Remark
[2020-12-25T02:07:14.943-0400][gc,stringtable ] GC(386087) Cleaned string and symbol table, strings: 32400 processed, 0 removed, symbols: 131487 processed, 0 removed
[2020-12-25T02:07:14.944-0400][gc             ] GC(386087) Pause Remark 48M->48M(70M) 41.939ms
[2020-12-25T02:07:14.944-0400][gc,cpu         ] GC(386087) User=0.16s Sys=0.00s Real=0.04s
[2020-12-25T02:07:14.944-0400][gc,marking     ] GC(386087) Concurrent Rebuild Remembered Sets
[2020-12-25T02:07:15.137-0400][gc,marking     ] GC(386087) Concurrent Rebuild Remembered Sets 193.154ms
[2020-12-25T02:07:15.138-0400][gc,start       ] GC(386087) Pause Cleanup
[2020-12-25T02:07:15.138-0400][gc             ] GC(386087) Pause Cleanup 48M->48M(70M) 0.497ms
[2020-12-25T02:07:15.139-0400][gc,cpu         ] GC(386087) User=0.00s Sys=0.00s Real=0.00s
[2020-12-25T02:07:15.139-0400][gc,marking     ] GC(386087) Concurrent Cleanup for Next Mark
[2020-12-25T02:07:15.140-0400][gc,marking     ] GC(386087) Concurrent Cleanup for Next Mark 0.909ms
[2020-12-25T02:07:15.140-0400][gc             ] GC(386087) Concurrent Cycle 572.856ms
[2020-12-25T02:07:49.117-0400][gc,heap        ] GC(386088) Heap before GC invocations=386063 (full 11284): garbage-first heap   total 71680K, used 58389K [0x0000000083000000, 0x0000000100000000)
[2020-12-25T02:07:49.118-0400][gc,heap        ] GC(386088)   region size 1024K, 11 young (11264K), 1 survivors (1024K)
[2020-12-25T02:07:49.118-0400][gc,heap        ] GC(386088)  Metaspace       used 61064K, capacity 63785K, committed 64768K, reserved 1107968K
[2020-12-25T02:07:49.118-0400][gc,heap        ] GC(386088)   class space    used 5722K, capacity 6577K, committed 6912K, reserved 1048576K
[2020-12-25T02:07:49.118-0400][gc,start       ] GC(386088) Pause Young (Normal) (G1 Evacuation Pause)
[2020-12-25T02:07:49.118-0400][gc,task        ] GC(386088) Using 4 workers of 4 for evacuation
[2020-12-25T02:07:49.126-0400][gc,phases      ] GC(386088)   Pre Evacuate Collection Set: 0.0ms
[2020-12-25T02:07:49.126-0400][gc,phases      ] GC(386088)   Evacuate Collection Set: 5.8ms
[2020-12-25T02:07:49.126-0400][gc,phases      ] GC(386088)   Post Evacuate Collection Set: 1.6ms
[2020-12-25T02:07:49.126-0400][gc,phases      ] GC(386088)   Other: 0.9ms
[2020-12-25T02:07:49.126-0400][gc,heap        ] GC(386088) Eden regions: 10->0(10)
[2020-12-25T02:07:49.126-0400][gc,heap        ] GC(386088) Survivor regions: 1->1(2)
[2020-12-25T02:07:49.126-0400][gc,heap        ] GC(386088) Old regions: 46->46
[2020-12-25T02:07:49.126-0400][gc,heap        ] GC(386088) Humongous regions: 4->4
[2020-12-25T02:07:49.126-0400][gc,metaspace   ] GC(386088) Metaspace: 61064K->61064K(1107968K)
[2020-12-25T02:07:49.126-0400][gc,heap        ] GC(386088) Heap after GC invocations=386064 (full 11284): garbage-first heap   total 71680K, used 49161K [0x0000000083000000, 0x0000000100000000)
[2020-12-25T02:07:49.126-0400][gc,heap        ] GC(386088)   region size 1024K, 1 young (1024K), 1 survivors (1024K)
[2020-12-25T02:07:49.126-0400][gc,heap        ] GC(386088)  Metaspace       used 61064K, capacity 63785K, committed 64768K, reserved 1107968K
[2020-12-25T02:07:49.126-0400][gc,heap        ] GC(386088)   class space    used 5722K, capacity 6577K, committed 6912K, reserved 1048576K
[2020-12-25T02:07:49.126-0400][gc             ] GC(386088) Pause Young (Normal) (G1 Evacuation Pause) 58M->48M(70M) 8.560ms
[2020-12-25T02:07:49.127-0400][gc,cpu         ] GC(386088) User=0.01s Sys=0.01s Real=0.01s
[2020-12-25T02:08:14.595-0400][gc,heap        ] GC(386089) Heap before GC invocations=386064 (full 11284): garbage-first heap   total 71680K, used 58377K [0x0000000083000000, 0x0000000100000000)
[2020-12-25T02:08:14.595-0400][gc,heap        ] GC(386089)   region size 1024K, 11 young (11264K), 1 survivors (1024K)
[2020-12-25T02:08:14.595-0400][gc,heap        ] GC(386089)  Metaspace       used 61064K, capacity 63785K, committed 64768K, reserved 1107968K
[2020-12-25T02:08:14.595-0400][gc,heap        ] GC(386089)   class space    used 5722K, capacity 6577K, committed 6912K, reserved 1048576K
[2020-12-25T02:08:14.595-0400][gc,start       ] GC(386089) Pause Young (Concurrent Start) (G1 Evacuation Pause)
[2020-12-25T02:08:14.595-0400][gc,task        ] GC(386089) Using 4 workers of 4 for evacuation
[2020-12-25T02:08:14.602-0400][gc,phases      ] GC(386089)   Pre Evacuate Collection Set: 0.2ms
[2020-12-25T02:08:14.603-0400][gc,phases      ] GC(386089)   Evacuate Collection Set: 4.8ms
[2020-12-25T02:08:14.603-0400][gc,phases      ] GC(386089)   Post Evacuate Collection Set: 1.6ms
[2020-12-25T02:08:14.603-0400][gc,phases      ] GC(386089)   Other: 1.1ms
[2020-12-25T02:08:14.603-0400][gc,heap        ] GC(386089) Eden regions: 10->0(10)
[2020-12-25T02:08:14.603-0400][gc,heap        ] GC(386089) Survivor regions: 1->1(2)
[2020-12-25T02:08:14.603-0400][gc,heap        ] GC(386089) Old regions: 46->46
[2020-12-25T02:08:14.603-0400][gc,heap        ] GC(386089) Humongous regions: 4->4
[2020-12-25T02:08:14.603-0400][gc,metaspace   ] GC(386089) Metaspace: 61064K->61064K(1107968K)
[2020-12-25T02:08:14.603-0400][gc,heap        ] GC(386089) Heap after GC invocations=386065 (full 11284): garbage-first heap   total 71680K, used 49262K [0x0000000083000000, 0x0000000100000000)
[2020-12-25T02:08:14.603-0400][gc,heap        ] GC(386089)   region size 1024K, 1 young (1024K), 1 survivors (1024K)
[2020-12-25T02:08:14.603-0400][gc,heap        ] GC(386089)  Metaspace       used 61064K, capacity 63785K, committed 64768K, reserved 1107968K
[2020-12-25T02:08:14.603-0400][gc,heap        ] GC(386089)   class space    used 5722K, capacity 6577K, committed 6912K, reserved 1048576K
[2020-12-25T02:08:14.603-0400][gc             ] GC(386089) Pause Young (Concurrent Start) (G1 Evacuation Pause) 58M->48M(70M) 8.160ms
[2020-12-25T02:08:14.603-0400][gc,cpu         ] GC(386089) User=0.02s Sys=0.01s Real=0.01s
[2020-12-25T02:08:14.604-0400][gc             ] GC(386090) Concurrent Cycle
[2020-12-25T02:08:14.604-0400][gc,marking     ] GC(386090) Concurrent Clear Claimed Marks
[2020-12-25T02:08:14.604-0400][gc,marking     ] GC(386090) Concurrent Clear Claimed Marks 0.381ms
[2020-12-25T02:08:14.604-0400][gc,marking     ] GC(386090) Concurrent Scan Root Regions
[2020-12-25T02:08:14.608-0400][gc,marking     ] GC(386090) Concurrent Scan Root Regions 4.229ms
[2020-12-25T02:08:14.609-0400][gc,marking     ] GC(386090) Concurrent Mark (3373009.363s)
[2020-12-25T02:08:14.609-0400][gc,marking     ] GC(386090) Concurrent Mark From Roots
[2020-12-25T02:08:14.609-0400][gc,task        ] GC(386090) Using 1 workers of 1 for marking
[2020-12-25T02:08:14.947-0400][gc,marking     ] GC(386090) Concurrent Mark From Roots 338.582ms
[2020-12-25T02:08:14.947-0400][gc,marking     ] GC(386090) Concurrent Preclean
[2020-12-25T02:08:14.948-0400][gc,marking     ] GC(386090) Concurrent Preclean 0.661ms
[2020-12-25T02:08:14.948-0400][gc,marking     ] GC(386090) Concurrent Mark (3373009.363s, 3373009.703s) 339.531ms
[2020-12-25T02:08:14.949-0400][gc,start       ] GC(386090) Pause Remark
[2020-12-25T02:08:14.989-0400][gc,stringtable ] GC(386090) Cleaned string and symbol table, strings: 32400 processed, 0 removed, symbols: 131487 processed, 0 removed
[2020-12-25T02:08:14.989-0400][gc             ] GC(386090) Pause Remark 48M->48M(70M) 40.395ms
[2020-12-25T02:08:14.990-0400][gc,cpu         ] GC(386090) User=0.16s Sys=0.00s Real=0.04s
[2020-12-25T02:08:14.990-0400][gc,marking     ] GC(386090) Concurrent Rebuild Remembered Sets
[2020-12-25T02:08:15.184-0400][gc,marking     ] GC(386090) Concurrent Rebuild Remembered Sets 194.449ms
[2020-12-25T02:08:15.185-0400][gc,start       ] GC(386090) Pause Cleanup
[2020-12-25T02:08:15.185-0400][gc             ] GC(386090) Pause Cleanup 48M->48M(70M) 0.427ms
[2020-12-25T02:08:15.186-0400][gc,cpu         ] GC(386090) User=0.01s Sys=0.00s Real=0.00s
[2020-12-25T02:08:15.186-0400][gc,marking     ] GC(386090) Concurrent Cleanup for Next Mark
[2020-12-25T02:08:15.187-0400][gc,marking     ] GC(386090) Concurrent Cleanup for Next Mark 0.927ms
[2020-12-25T02:08:15.187-0400][gc             ] GC(386090) Concurrent Cycle 583.270ms
[2020-12-25T02:08:47.212-0400][gc,heap        ] GC(386091) Heap before GC invocations=386066 (full 11284): garbage-first heap   total 71680K, used 58478K [0x0000000083000000, 0x0000000100000000)
[2020-12-25T02:08:47.212-0400][gc,heap        ] GC(386091)   region size 1024K, 11 young (11264K), 1 survivors (1024K)
[2020-12-25T02:08:47.212-0400][gc,heap        ] GC(386091)  Metaspace       used 61064K, capacity 63785K, committed 64768K, reserved 1107968K
[2020-12-25T02:08:47.212-0400][gc,heap        ] GC(386091)   class space    used 5722K, capacity 6577K, committed 6912K, reserved 1048576K
[2020-12-25T02:08:47.212-0400][gc,start       ] GC(386091) Pause Young (Normal) (G1 Evacuation Pause)
[2020-12-25T02:08:47.212-0400][gc,task        ] GC(386091) Using 4 workers of 4 for evacuation
[2020-12-25T02:08:47.219-0400][gc,phases      ] GC(386091)   Pre Evacuate Collection Set: 0.0ms
[2020-12-25T02:08:47.220-0400][gc,phases      ] GC(386091)   Evacuate Collection Set: 4.9ms
[2020-12-25T02:08:47.220-0400][gc,phases      ] GC(386091)   Post Evacuate Collection Set: 1.7ms
[2020-12-25T02:08:47.220-0400][gc,phases      ] GC(386091)   Other: 0.9ms
[2020-12-25T02:08:47.220-0400][gc,heap        ] GC(386091) Eden regions: 10->0(10)
[2020-12-25T02:08:47.220-0400][gc,heap        ] GC(386091) Survivor regions: 1->1(2)
[2020-12-25T02:08:47.220-0400][gc,heap        ] GC(386091) Old regions: 46->46
[2020-12-25T02:08:47.220-0400][gc,heap        ] GC(386091) Humongous regions: 4->4
[2020-12-25T02:08:47.220-0400][gc,metaspace   ] GC(386091) Metaspace: 61064K->61064K(1107968K)
[2020-12-25T02:08:47.220-0400][gc,heap        ] GC(386091) Heap after GC invocations=386067 (full 11284): garbage-first heap   total 71680K, used 49231K [0x0000000083000000, 0x0000000100000000)
[2020-12-25T02:08:47.220-0400][gc,heap        ] GC(386091)   region size 1024K, 1 young (1024K), 1 survivors (1024K)
[2020-12-25T02:08:47.220-0400][gc,heap        ] GC(386091)  Metaspace       used 61064K, capacity 63785K, committed 64768K, reserved 1107968K
[2020-12-25T02:08:47.220-0400][gc,heap        ] GC(386091)   class space    used 5722K, capacity 6577K, committed 6912K, reserved 1048576K
[2020-12-25T02:08:47.220-0400][gc             ] GC(386091) Pause Young (Normal) (G1 Evacuation Pause) 58M->48M(70M) 7.961ms
[2020-12-25T02:08:47.220-0400][gc,cpu         ] GC(386091) User=0.03s Sys=0.00s Real=0.01s
[2020-12-25T02:09:09.254-0400][gc,heap        ] GC(386092) Heap before GC invocations=386067 (full 11284): garbage-first heap   total 71680K, used 58447K [0x0000000083000000, 0x0000000100000000)
[2020-12-25T02:09:09.254-0400][gc,heap        ] GC(386092)   region size 1024K, 11 young (11264K), 1 survivors (1024K)
[2020-12-25T02:09:09.254-0400][gc,heap        ] GC(386092)  Metaspace       used 61064K, capacity 63785K, committed 64768K, reserved 1107968K
[2020-12-25T02:09:09.254-0400][gc,heap        ] GC(386092)   class space    used 5722K, capacity 6577K, committed 6912K, reserved 1048576K
[2020-12-25T02:09:09.254-0400][gc,start       ] GC(386092) Pause Young (Concurrent Start) (G1 Evacuation Pause)
[2020-12-25T02:09:09.254-0400][gc,task        ] GC(386092) Using 4 workers of 4 for evacuation
[2020-12-25T02:09:09.262-0400][gc,phases      ] GC(386092)   Pre Evacuate Collection Set: 0.2ms
[2020-12-25T02:09:09.262-0400][gc,phases      ] GC(386092)   Evacuate Collection Set: 4.9ms
[2020-12-25T02:09:09.262-0400][gc,phases      ] GC(386092)   Post Evacuate Collection Set: 1.9ms
[2020-12-25T02:09:09.262-0400][gc,phases      ] GC(386092)   Other: 0.9ms
[2020-12-25T02:09:09.262-0400][gc,heap        ] GC(386092) Eden regions: 10->0(10)
[2020-12-25T02:09:09.262-0400][gc,heap        ] GC(386092) Survivor regions: 1->1(2)
[2020-12-25T02:09:09.262-0400][gc,heap        ] GC(386092) Old regions: 46->46
[2020-12-25T02:09:09.262-0400][gc,heap        ] GC(386092) Humongous regions: 4->4
[2020-12-25T02:09:09.262-0400][gc,metaspace   ] GC(386092) Metaspace: 61064K->61064K(1107968K)
[2020-12-25T02:09:09.262-0400][gc,heap        ] GC(386092) Heap after GC invocations=386068 (full 11284): garbage-first heap   total 71680K, used 49243K [0x0000000083000000, 0x0000000100000000)
[2020-12-25T02:09:09.263-0400][gc,heap        ] GC(386092)   region size 1024K, 1 young (1024K), 1 survivors (1024K)
[2020-12-25T02:09:09.263-0400][gc,heap        ] GC(386092)  Metaspace       used 61064K, capacity 63785K, committed 64768K, reserved 1107968K
[2020-12-25T02:09:09.263-0400][gc,heap        ] GC(386092)   class space    used 5722K, capacity 6577K, committed 6912K, reserved 1048576K
[2020-12-25T02:09:09.263-0400][gc             ] GC(386092) Pause Young (Concurrent Start) (G1 Evacuation Pause) 58M->48M(70M) 8.358ms
[2020-12-25T02:09:09.263-0400][gc,cpu         ] GC(386092) User=0.02s Sys=0.01s Real=0.01s
[2020-12-25T02:09:09.263-0400][gc             ] GC(386093) Concurrent Cycle
[2020-12-25T02:09:09.263-0400][gc,marking     ] GC(386093) Concurrent Clear Claimed Marks
[2020-12-25T02:09:09.264-0400][gc,marking     ] GC(386093) Concurrent Clear Claimed Marks 0.357ms
[2020-12-25T02:09:09.264-0400][gc,marking     ] GC(386093) Concurrent Scan Root Regions
[2020-12-25T02:09:09.267-0400][gc,marking     ] GC(386093) Concurrent Scan Root Regions 3.162ms
[2020-12-25T02:09:09.267-0400][gc,marking     ] GC(386093) Concurrent Mark (3373064.022s)
[2020-12-25T02:09:09.267-0400][gc,marking     ] GC(386093) Concurrent Mark From Roots
[2020-12-25T02:09:09.267-0400][gc,task        ] GC(386093) Using 1 workers of 1 for marking
[2020-12-25T02:09:09.591-0400][gc,marking     ] GC(386093) Concurrent Mark From Roots 323.289ms
[2020-12-25T02:09:09.591-0400][gc,marking     ] GC(386093) Concurrent Preclean
[2020-12-25T02:09:09.591-0400][gc,marking     ] GC(386093) Concurrent Preclean 0.636ms
[2020-12-25T02:09:09.591-0400][gc,marking     ] GC(386093) Concurrent Mark (3373064.022s, 3373064.346s) 324.284ms
[2020-12-25T02:09:09.592-0400][gc,start       ] GC(386093) Pause Remark
[2020-12-25T02:09:09.632-0400][gc,stringtable ] GC(386093) Cleaned string and symbol table, strings: 32400 processed, 0 removed, symbols: 131487 processed, 0 removed
[2020-12-25T02:09:09.633-0400][gc             ] GC(386093) Pause Remark 48M->48M(70M) 40.676ms
[2020-12-25T02:09:09.633-0400][gc,cpu         ] GC(386093) User=0.10s Sys=0.05s Real=0.04s
[2020-12-25T02:09:09.633-0400][gc,marking     ] GC(386093) Concurrent Rebuild Remembered Sets
[2020-12-25T02:09:09.827-0400][gc,marking     ] GC(386093) Concurrent Rebuild Remembered Sets 193.288ms
[2020-12-25T02:09:09.827-0400][gc,start       ] GC(386093) Pause Cleanup
[2020-12-25T02:09:09.828-0400][gc             ] GC(386093) Pause Cleanup 48M->48M(70M) 0.471ms
[2020-12-25T02:09:09.828-0400][gc,cpu         ] GC(386093) User=0.00s Sys=0.00s Real=0.00s
[2020-12-25T02:09:09.828-0400][gc,marking     ] GC(386093) Concurrent Cleanup for Next Mark
[2020-12-25T02:09:09.829-0400][gc,marking     ] GC(386093) Concurrent Cleanup for Next Mark 0.932ms
[2020-12-25T02:09:09.830-0400][gc             ] GC(386093) Concurrent Cycle 566.254ms
[2020-12-25T02:09:47.268-0400][gc,heap        ] GC(386094) Heap before GC invocations=386069 (full 11284): garbage-first heap   total 71680K, used 58459K [0x0000000083000000, 0x0000000100000000)
[2020-12-25T02:09:47.269-0400][gc,heap        ] GC(386094)   region size 1024K, 11 young (11264K), 1 survivors (1024K)
[2020-12-25T02:09:47.269-0400][gc,heap        ] GC(386094)  Metaspace       used 61064K, capacity 63785K, committed 64768K, reserved 1107968K
[2020-12-25T02:09:47.269-0400][gc,heap        ] GC(386094)   class space    used 5722K, capacity 6577K, committed 6912K, reserved 1048576K
[2020-12-25T02:09:47.269-0400][gc,start       ] GC(386094) Pause Young (Normal) (G1 Evacuation Pause)
[2020-12-25T02:09:47.269-0400][gc,task        ] GC(386094) Using 4 workers of 4 for evacuation
[2020-12-25T02:09:47.276-0400][gc,phases      ] GC(386094)   Pre Evacuate Collection Set: 0.0ms
[2020-12-25T02:09:47.276-0400][gc,phases      ] GC(386094)   Evacuate Collection Set: 4.9ms
[2020-12-25T02:09:47.276-0400][gc,phases      ] GC(386094)   Post Evacuate Collection Set: 1.9ms
[2020-12-25T02:09:47.276-0400][gc,phases      ] GC(386094)   Other: 0.9ms
[2020-12-25T02:09:47.276-0400][gc,heap        ] GC(386094) Eden regions: 10->0(10)
[2020-12-25T02:09:47.276-0400][gc,heap        ] GC(386094) Survivor regions: 1->1(2)
[2020-12-25T02:09:47.277-0400][gc,heap        ] GC(386094) Old regions: 46->46
[2020-12-25T02:09:47.277-0400][gc,heap        ] GC(386094) Humongous regions: 4->4
[2020-12-25T02:09:47.277-0400][gc,metaspace   ] GC(386094) Metaspace: 61064K->61064K(1107968K)
[2020-12-25T02:09:47.277-0400][gc,heap        ] GC(386094) Heap after GC invocations=386070 (full 11284): garbage-first heap   total 71680K, used 49195K [0x0000000083000000, 0x0000000100000000)
[2020-12-25T02:09:47.277-0400][gc,heap        ] GC(386094)   region size 1024K, 1 young (1024K), 1 survivors (1024K)
[2020-12-25T02:09:47.277-0400][gc,heap        ] GC(386094)  Metaspace       used 61064K, capacity 63785K, committed 64768K, reserved 1107968K
[2020-12-25T02:09:47.277-0400][gc,heap        ] GC(386094)   class space    used 5722K, capacity 6577K, committed 6912K, reserved 1048576K
[2020-12-25T02:09:47.277-0400][gc             ] GC(386094) Pause Young (Normal) (G1 Evacuation Pause) 58M->48M(70M) 8.101ms
[2020-12-25T02:09:47.277-0400][gc,cpu         ] GC(386094) User=0.02s Sys=0.00s Real=0.01s
[2020-12-25T02:10:13.876-0400][gc,heap        ] GC(386095) Heap before GC invocations=386070 (full 11284): garbage-first heap   total 71680K, used 58411K [0x0000000083000000, 0x0000000100000000)
[2020-12-25T02:10:13.876-0400][gc,heap        ] GC(386095)   region size 1024K, 11 young (11264K), 1 survivors (1024K)
[2020-12-25T02:10:13.876-0400][gc,heap        ] GC(386095)  Metaspace       used 61064K, capacity 63785K, committed 64768K, reserved 1107968K
[2020-12-25T02:10:13.876-0400][gc,heap        ] GC(386095)   class space    used 5722K, capacity 6577K, committed 6912K, reserved 1048576K
[2020-12-25T02:10:13.876-0400][gc,start       ] GC(386095) Pause Young (Concurrent Start) (G1 Evacuation Pause)
[2020-12-25T02:10:13.876-0400][gc,task        ] GC(386095) Using 4 workers of 4 for evacuation
[2020-12-25T02:10:13.884-0400][gc,phases      ] GC(386095)   Pre Evacuate Collection Set: 0.2ms
[2020-12-25T02:10:13.884-0400][gc,phases      ] GC(386095)   Evacuate Collection Set: 5.0ms
[2020-12-25T02:10:13.884-0400][gc,phases      ] GC(386095)   Post Evacuate Collection Set: 1.7ms
[2020-12-25T02:10:13.884-0400][gc,phases      ] GC(386095)   Other: 0.9ms
[2020-12-25T02:10:13.884-0400][gc,heap        ] GC(386095) Eden regions: 10->0(10)
[2020-12-25T02:10:13.884-0400][gc,heap        ] GC(386095) Survivor regions: 1->1(2)
[2020-12-25T02:10:13.884-0400][gc,heap        ] GC(386095) Old regions: 46->46
[2020-12-25T02:10:13.884-0400][gc,heap        ] GC(386095) Humongous regions: 4->4
[2020-12-25T02:10:13.884-0400][gc,metaspace   ] GC(386095) Metaspace: 61064K->61064K(1107968K)
[2020-12-25T02:10:13.884-0400][gc,heap        ] GC(386095) Heap after GC invocations=386071 (full 11284): garbage-first heap   total 71680K, used 49319K [0x0000000083000000, 0x0000000100000000)
[2020-12-25T02:10:13.885-0400][gc,heap        ] GC(386095)   region size 1024K, 1 young (1024K), 1 survivors (1024K)
[2020-12-25T02:10:13.885-0400][gc,heap        ] GC(386095)  Metaspace       used 61064K, capacity 63785K, committed 64768K, reserved 1107968K
[2020-12-25T02:10:13.885-0400][gc,heap        ] GC(386095)   class space    used 5722K, capacity 6577K, committed 6912K, reserved 1048576K
[2020-12-25T02:10:13.885-0400][gc             ] GC(386095) Pause Young (Concurrent Start) (G1 Evacuation Pause) 58M->48M(70M) 8.297ms
[2020-12-25T02:10:13.885-0400][gc,cpu         ] GC(386095) User=0.02s Sys=0.00s Real=0.00s
[2020-12-25T02:10:13.885-0400][gc             ] GC(386096) Concurrent Cycle
[2020-12-25T02:10:13.885-0400][gc,marking     ] GC(386096) Concurrent Clear Claimed Marks
[2020-12-25T02:10:13.886-0400][gc,marking     ] GC(386096) Concurrent Clear Claimed Marks 0.351ms
[2020-12-25T02:10:13.886-0400][gc,marking     ] GC(386096) Concurrent Scan Root Regions
[2020-12-25T02:10:13.889-0400][gc,marking     ] GC(386096) Concurrent Scan Root Regions 3.513ms
[2020-12-25T02:10:13.889-0400][gc,marking     ] GC(386096) Concurrent Mark (3373128.644s)
[2020-12-25T02:10:13.889-0400][gc,marking     ] GC(386096) Concurrent Mark From Roots
[2020-12-25T02:10:13.889-0400][gc,task        ] GC(386096) Using 1 workers of 1 for marking
[2020-12-25T02:10:14.208-0400][gc,marking     ] GC(386096) Concurrent Mark From Roots 318.297ms
[2020-12-25T02:10:14.208-0400][gc,marking     ] GC(386096) Concurrent Preclean
[2020-12-25T02:10:14.208-0400][gc,marking     ] GC(386096) Concurrent Preclean 0.610ms
[2020-12-25T02:10:14.209-0400][gc,marking     ] GC(386096) Concurrent Mark (3373128.644s, 3373128.963s) 319.149ms
[2020-12-25T02:10:14.209-0400][gc,start       ] GC(386096) Pause Remark
[2020-12-25T02:10:14.250-0400][gc,stringtable ] GC(386096) Cleaned string and symbol table, strings: 32400 processed, 0 removed, symbols: 131487 processed, 0 removed
[2020-12-25T02:10:14.251-0400][gc             ] GC(386096) Pause Remark 48M->48M(70M) 41.493ms
[2020-12-25T02:10:14.251-0400][gc,cpu         ] GC(386096) User=0.09s Sys=0.06s Real=0.04s
[2020-12-25T02:10:14.251-0400][gc,marking     ] GC(386096) Concurrent Rebuild Remembered Sets
[2020-12-25T02:10:14.439-0400][gc,marking     ] GC(386096) Concurrent Rebuild Remembered Sets 187.276ms
[2020-12-25T02:10:14.439-0400][gc,start       ] GC(386096) Pause Cleanup
[2020-12-25T02:10:14.440-0400][gc             ] GC(386096) Pause Cleanup 48M->48M(70M) 0.483ms
[2020-12-25T02:10:14.440-0400][gc,cpu         ] GC(386096) User=0.00s Sys=0.00s Real=0.00s
[2020-12-25T02:10:14.440-0400][gc,marking     ] GC(386096) Concurrent Cleanup for Next Mark
[2020-12-25T02:10:14.441-0400][gc,marking     ] GC(386096) Concurrent Cleanup for Next Mark 0.905ms
[2020-12-25T02:10:14.441-0400][gc             ] GC(386096) Concurrent Cycle 556.200ms
[2020-12-25T02:10:46.070-0400][gc,heap        ] GC(386097) Heap before GC invocations=386072 (full 11284): garbage-first heap   total 71680K, used 59559K [0x0000000083000000, 0x0000000100000000)
[2020-12-25T02:10:46.071-0400][gc,heap        ] GC(386097)   region size 1024K, 11 young (11264K), 1 survivors (1024K)
[2020-12-25T02:10:46.071-0400][gc,heap        ] GC(386097)  Metaspace       used 61064K, capacity 63785K, committed 64768K, reserved 1107968K
[2020-12-25T02:10:46.071-0400][gc,heap        ] GC(386097)   class space    used 5722K, capacity 6577K, committed 6912K, reserved 1048576K
[2020-12-25T02:10:46.071-0400][gc,start       ] GC(386097) Pause Young (Normal) (G1 Evacuation Pause)
[2020-12-25T02:10:46.071-0400][gc,task        ] GC(386097) Using 4 workers of 4 for evacuation
[2020-12-25T02:10:46.078-0400][gc,phases      ] GC(386097)   Pre Evacuate Collection Set: 0.0ms
[2020-12-25T02:10:46.078-0400][gc,phases      ] GC(386097)   Evacuate Collection Set: 5.1ms
[2020-12-25T02:10:46.078-0400][gc,phases      ] GC(386097)   Post Evacuate Collection Set: 1.6ms
[2020-12-25T02:10:46.078-0400][gc,phases      ] GC(386097)   Other: 0.9ms
[2020-12-25T02:10:46.078-0400][gc,heap        ] GC(386097) Eden regions: 10->0(10)
[2020-12-25T02:10:46.078-0400][gc,heap        ] GC(386097) Survivor regions: 1->1(2)
[2020-12-25T02:10:46.078-0400][gc,heap        ] GC(386097) Old regions: 46->46
[2020-12-25T02:10:46.078-0400][gc,heap        ] GC(386097) Humongous regions: 4->4
[2020-12-25T02:10:46.078-0400][gc,metaspace   ] GC(386097) Metaspace: 61064K->61064K(1107968K)
[2020-12-25T02:10:46.079-0400][gc,heap        ] GC(386097) Heap after GC invocations=386073 (full 11284): garbage-first heap   total 71680K, used 49313K [0x0000000083000000, 0x0000000100000000)
[2020-12-25T02:10:46.079-0400][gc,heap        ] GC(386097)   region size 1024K, 1 young (1024K), 1 survivors (1024K)
[2020-12-25T02:10:46.079-0400][gc,heap        ] GC(386097)  Metaspace       used 61064K, capacity 63785K, committed 64768K, reserved 1107968K
[2020-12-25T02:10:46.079-0400][gc,heap        ] GC(386097)   class space    used 5722K, capacity 6577K, committed 6912K, reserved 1048576K
[2020-12-25T02:10:46.079-0400][gc             ] GC(386097) Pause Young (Normal) (G1 Evacuation Pause) 58M->48M(70M) 7.981ms
[2020-12-25T02:10:46.079-0400][gc,cpu         ] GC(386097) User=0.01s Sys=0.01s Real=0.01s
[2020-12-25T02:11:16.288-0400][gc,heap        ] GC(386098) Heap before GC invocations=386073 (full 11284): garbage-first heap   total 71680K, used 58529K [0x0000000083000000, 0x0000000100000000)
[2020-12-25T02:11:16.288-0400][gc,heap        ] GC(386098)   region size 1024K, 11 young (11264K), 1 survivors (1024K)
[2020-12-25T02:11:16.288-0400][gc,heap        ] GC(386098)  Metaspace       used 61064K, capacity 63785K, committed 64768K, reserved 1107968K
[2020-12-25T02:11:16.288-0400][gc,heap        ] GC(386098)   class space    used 5722K, capacity 6577K, committed 6912K, reserved 1048576K
[2020-12-25T02:11:16.289-0400][gc,start       ] GC(386098) Pause Young (Concurrent Start) (G1 Evacuation Pause)
[2020-12-25T02:11:16.289-0400][gc,task        ] GC(386098) Using 4 workers of 4 for evacuation
[2020-12-25T02:11:16.298-0400][gc,phases      ] GC(386098)   Pre Evacuate Collection Set: 0.3ms
[2020-12-25T02:11:16.298-0400][gc,phases      ] GC(386098)   Evacuate Collection Set: 6.2ms
[2020-12-25T02:11:16.298-0400][gc,phases      ] GC(386098)   Post Evacuate Collection Set: 2.0ms
[2020-12-25T02:11:16.298-0400][gc,phases      ] GC(386098)   Other: 1.3ms
[2020-12-25T02:11:16.298-0400][gc,heap        ] GC(386098) Eden regions: 10->0(10)
[2020-12-25T02:11:16.299-0400][gc,heap        ] GC(386098) Survivor regions: 1->1(2)
[2020-12-25T02:11:16.299-0400][gc,heap        ] GC(386098) Old regions: 46->46
[2020-12-25T02:11:16.299-0400][gc,heap        ] GC(386098) Humongous regions: 4->4
[2020-12-25T02:11:16.299-0400][gc,metaspace   ] GC(386098) Metaspace: 61064K->61064K(1107968K)
[2020-12-25T02:11:16.299-0400][gc,heap        ] GC(386098) Heap after GC invocations=386074 (full 11284): garbage-first heap   total 71680K, used 49281K [0x0000000083000000, 0x0000000100000000)
[2020-12-25T02:11:16.299-0400][gc,heap        ] GC(386098)   region size 1024K, 1 young (1024K), 1 survivors (1024K)
[2020-12-25T02:11:16.299-0400][gc,heap        ] GC(386098)  Metaspace       used 61064K, capacity 63785K, committed 64768K, reserved 1107968K
[2020-12-25T02:11:16.299-0400][gc,heap        ] GC(386098)   class space    used 5722K, capacity 6577K, committed 6912K, reserved 1048576K
[2020-12-25T02:11:16.299-0400][gc             ] GC(386098) Pause Young (Concurrent Start) (G1 Evacuation Pause) 58M->48M(70M) 10.585ms
[2020-12-25T02:11:16.299-0400][gc,cpu         ] GC(386098) User=0.03s Sys=0.00s Real=0.01s
[2020-12-25T02:11:16.300-0400][gc             ] GC(386099) Concurrent Cycle
[2020-12-25T02:11:16.300-0400][gc,marking     ] GC(386099) Concurrent Clear Claimed Marks
[2020-12-25T02:11:16.300-0400][gc,marking     ] GC(386099) Concurrent Clear Claimed Marks 0.342ms
[2020-12-25T02:11:16.300-0400][gc,marking     ] GC(386099) Concurrent Scan Root Regions
[2020-12-25T02:11:16.304-0400][gc,marking     ] GC(386099) Concurrent Scan Root Regions 3.512ms
[2020-12-25T02:11:16.304-0400][gc,marking     ] GC(386099) Concurrent Mark (3373191.059s)
[2020-12-25T02:11:16.304-0400][gc,marking     ] GC(386099) Concurrent Mark From Roots
[2020-12-25T02:11:16.304-0400][gc,task        ] GC(386099) Using 1 workers of 1 for marking
[2020-12-25T02:11:16.629-0400][gc,marking     ] GC(386099) Concurrent Mark From Roots 325.466ms
[2020-12-25T02:11:16.630-0400][gc,marking     ] GC(386099) Concurrent Preclean
[2020-12-25T02:11:16.630-0400][gc,marking     ] GC(386099) Concurrent Preclean 0.680ms
[2020-12-25T02:11:16.630-0400][gc,marking     ] GC(386099) Concurrent Mark (3373191.059s, 3373191.385s) 326.396ms
[2020-12-25T02:11:16.631-0400][gc,start       ] GC(386099) Pause Remark
[2020-12-25T02:11:16.673-0400][gc,stringtable ] GC(386099) Cleaned string and symbol table, strings: 32400 processed, 0 removed, symbols: 131487 processed, 0 removed
[2020-12-25T02:11:16.674-0400][gc             ] GC(386099) Pause Remark 48M->48M(70M) 42.482ms
[2020-12-25T02:11:16.674-0400][gc,cpu         ] GC(386099) User=0.15s Sys=0.00s Real=0.04s
[2020-12-25T02:11:16.674-0400][gc,marking     ] GC(386099) Concurrent Rebuild Remembered Sets
[2020-12-25T02:11:16.862-0400][gc,marking     ] GC(386099) Concurrent Rebuild Remembered Sets 188.470ms
[2020-12-25T02:11:16.863-0400][gc,start       ] GC(386099) Pause Cleanup
[2020-12-25T02:11:16.864-0400][gc             ] GC(386099) Pause Cleanup 48M->48M(70M) 0.520ms
[2020-12-25T02:11:16.864-0400][gc,cpu         ] GC(386099) User=0.00s Sys=0.00s Real=0.00s
[2020-12-25T02:11:16.864-0400][gc,marking     ] GC(386099) Concurrent Cleanup for Next Mark
[2020-12-25T02:11:16.865-0400][gc,marking     ] GC(386099) Concurrent Cleanup for Next Mark 0.863ms
[2020-12-25T02:11:16.865-0400][gc             ] GC(386099) Concurrent Cycle 565.466ms
[2020-12-25T02:11:50.924-0400][gc,task        ] GC(386100) Using 3 workers of 4 for full compaction
[2020-12-25T02:11:50.924-0400][gc,start       ] GC(386100) Pause Full (System.gc())
[2020-12-25T02:11:50.924-0400][gc,heap        ] GC(386100) Heap before GC invocations=386075 (full 11284): garbage-first heap   total 71680K, used 57473K [0x0000000083000000, 0x0000000100000000)
[2020-12-25T02:11:50.925-0400][gc,heap        ] GC(386100)   region size 1024K, 11 young (11264K), 1 survivors (1024K)
[2020-12-25T02:11:50.925-0400][gc,heap        ] GC(386100)  Metaspace       used 61064K, capacity 63785K, committed 64768K, reserved 1107968K
[2020-12-25T02:11:50.925-0400][gc,heap        ] GC(386100)   class space    used 5722K, capacity 6577K, committed 6912K, reserved 1048576K
[2020-12-25T02:11:50.927-0400][gc,phases,start] GC(386100) Phase 1: Mark live objects
[2020-12-25T02:11:51.076-0400][gc,stringtable ] GC(386100) Cleaned string and symbol table, strings: 32400 processed, 0 removed, symbols: 131487 processed, 0 removed
[2020-12-25T02:11:51.076-0400][gc,phases      ] GC(386100) Phase 1: Mark live objects 148.737ms
[2020-12-25T02:11:51.076-0400][gc,phases,start] GC(386100) Phase 2: Prepare for compaction
[2020-12-25T02:11:51.106-0400][gc,phases      ] GC(386100) Phase 2: Prepare for compaction 30.413ms
[2020-12-25T02:11:51.106-0400][gc,phases,start] GC(386100) Phase 3: Adjust pointers
[2020-12-25T02:11:51.184-0400][gc,phases      ] GC(386100) Phase 3: Adjust pointers 78.108ms
[2020-12-25T02:11:51.185-0400][gc,phases,start] GC(386100) Phase 4: Compact heap
[2020-12-25T02:11:51.207-0400][gc,phases      ] GC(386100) Phase 4: Compact heap 22.285ms
[2020-12-25T02:11:51.242-0400][gc,heap        ] GC(386100) Eden regions: 10->0(11)
[2020-12-25T02:11:51.242-0400][gc,heap        ] GC(386100) Survivor regions: 1->0(2)
[2020-12-25T02:11:51.242-0400][gc,heap        ] GC(386100) Old regions: 46->46
[2020-12-25T02:11:51.242-0400][gc,heap        ] GC(386100) Humongous regions: 4->4
[2020-12-25T02:11:51.242-0400][gc,metaspace   ] GC(386100) Metaspace: 61064K->61064K(1107968K)
[2020-12-25T02:11:51.242-0400][gc,heap        ] GC(386100) Heap after GC invocations=386076 (full 11285): garbage-first heap   total 71680K, used 48763K [0x0000000083000000, 0x0000000100000000)
[2020-12-25T02:11:51.242-0400][gc,heap        ] GC(386100)   region size 1024K, 0 young (0K), 0 survivors (0K)
[2020-12-25T02:11:51.242-0400][gc,heap        ] GC(386100)  Metaspace       used 61064K, capacity 63785K, committed 64768K, reserved 1107968K
[2020-12-25T02:11:51.242-0400][gc,heap        ] GC(386100)   class space    used 5722K, capacity 6577K, committed 6912K, reserved 1048576K
[2020-12-25T02:11:51.242-0400][gc             ] GC(386100) Pause Full (System.gc()) 57M->47M(70M) 317.776ms
[2020-12-25T02:11:51.242-0400][gc,cpu         ] GC(386100) User=0.84s Sys=0.00s Real=0.32s
[2020-12-25T02:12:23.893-0400][gc,heap        ] GC(386101) Heap before GC invocations=386076 (full 11285): garbage-first heap   total 71680K, used 59003K [0x0000000083000000, 0x0000000100000000)
[2020-12-25T02:12:23.893-0400][gc,heap        ] GC(386101)   region size 1024K, 11 young (11264K), 0 survivors (0K)
[2020-12-25T02:12:23.893-0400][gc,heap        ] GC(386101)  Metaspace       used 61064K, capacity 63785K, committed 64768K, reserved 1107968K
[2020-12-25T02:12:23.893-0400][gc,heap        ] GC(386101)   class space    used 5722K, capacity 6577K, committed 6912K, reserved 1048576K
[2020-12-25T02:12:23.893-0400][gc,start       ] GC(386101) Pause Young (Concurrent Start) (G1 Evacuation Pause)
[2020-12-25T02:12:23.893-0400][gc,task        ] GC(386101) Using 4 workers of 4 for evacuation
[2020-12-25T02:12:23.900-0400][gc,phases      ] GC(386101)   Pre Evacuate Collection Set: 0.2ms
[2020-12-25T02:12:23.900-0400][gc,phases      ] GC(386101)   Evacuate Collection Set: 4.4ms
[2020-12-25T02:12:23.900-0400][gc,phases      ] GC(386101)   Post Evacuate Collection Set: 2.0ms
[2020-12-25T02:12:23.900-0400][gc,phases      ] GC(386101)   Other: 0.9ms
[2020-12-25T02:12:23.900-0400][gc,heap        ] GC(386101) Eden regions: 11->0(10)
[2020-12-25T02:12:23.900-0400][gc,heap        ] GC(386101) Survivor regions: 0->1(2)
[2020-12-25T02:12:23.900-0400][gc,heap        ] GC(386101) Old regions: 46->46
[2020-12-25T02:12:23.900-0400][gc,heap        ] GC(386101) Humongous regions: 4->4
[2020-12-25T02:12:23.901-0400][gc,metaspace   ] GC(386101) Metaspace: 61064K->61064K(1107968K)
[2020-12-25T02:12:23.901-0400][gc,heap        ] GC(386101) Heap after GC invocations=386077 (full 11285): garbage-first heap   total 71680K, used 49064K [0x0000000083000000, 0x0000000100000000)
[2020-12-25T02:12:23.901-0400][gc,heap        ] GC(386101)   region size 1024K, 1 young (1024K), 1 survivors (1024K)
[2020-12-25T02:12:23.901-0400][gc,heap        ] GC(386101)  Metaspace       used 61064K, capacity 63785K, committed 64768K, reserved 1107968K
[2020-12-25T02:12:23.901-0400][gc,heap        ] GC(386101)   class space    used 5722K, capacity 6577K, committed 6912K, reserved 1048576K
[2020-12-25T02:12:23.901-0400][gc             ] GC(386101) Pause Young (Concurrent Start) (G1 Evacuation Pause) 58M->47M(70M) 7.973ms
[2020-12-25T02:12:23.901-0400][gc,cpu         ] GC(386101) User=0.02s Sys=0.00s Real=0.01s
[2020-12-25T02:12:23.901-0400][gc             ] GC(386102) Concurrent Cycle
[2020-12-25T02:12:23.901-0400][gc,marking     ] GC(386102) Concurrent Clear Claimed Marks
[2020-12-25T02:12:23.902-0400][gc,marking     ] GC(386102) Concurrent Clear Claimed Marks 0.453ms
[2020-12-25T02:12:23.902-0400][gc,marking     ] GC(386102) Concurrent Scan Root Regions
[2020-12-25T02:12:23.906-0400][gc,marking     ] GC(386102) Concurrent Scan Root Regions 3.634ms
[2020-12-25T02:12:23.906-0400][gc,marking     ] GC(386102) Concurrent Mark (3373258.660s)
[2020-12-25T02:12:23.906-0400][gc,marking     ] GC(386102) Concurrent Mark From Roots
[2020-12-25T02:12:23.906-0400][gc,task        ] GC(386102) Using 1 workers of 1 for marking
[2020-12-25T02:12:24.229-0400][gc,marking     ] GC(386102) Concurrent Mark From Roots 322.832ms
[2020-12-25T02:12:24.229-0400][gc,marking     ] GC(386102) Concurrent Preclean
[2020-12-25T02:12:24.229-0400][gc,marking     ] GC(386102) Concurrent Preclean 0.635ms
[2020-12-25T02:12:24.229-0400][gc,marking     ] GC(386102) Concurrent Mark (3373258.660s, 3373258.984s) 323.776ms
[2020-12-25T02:12:24.230-0400][gc,start       ] GC(386102) Pause Remark
[2020-12-25T02:12:24.273-0400][gc,stringtable ] GC(386102) Cleaned string and symbol table, strings: 32400 processed, 0 removed, symbols: 131487 processed, 0 removed
[2020-12-25T02:12:24.273-0400][gc             ] GC(386102) Pause Remark 48M->48M(70M) 43.209ms
[2020-12-25T02:12:24.274-0400][gc,cpu         ] GC(386102) User=0.10s Sys=0.06s Real=0.04s
[2020-12-25T02:12:24.274-0400][gc,marking     ] GC(386102) Concurrent Rebuild Remembered Sets
[2020-12-25T02:12:24.465-0400][gc,marking     ] GC(386102) Concurrent Rebuild Remembered Sets 190.761ms
[2020-12-25T02:12:24.465-0400][gc,start       ] GC(386102) Pause Cleanup
[2020-12-25T02:12:24.466-0400][gc             ] GC(386102) Pause Cleanup 48M->48M(70M) 0.485ms
[2020-12-25T02:12:24.466-0400][gc,cpu         ] GC(386102) User=0.00s Sys=0.00s Real=0.01s
[2020-12-25T02:12:24.466-0400][gc,marking     ] GC(386102) Concurrent Cleanup for Next Mark
[2020-12-25T02:12:24.467-0400][gc,marking     ] GC(386102) Concurrent Cleanup for Next Mark 0.904ms
[2020-12-25T02:12:24.467-0400][gc             ] GC(386102) Concurrent Cycle 566.082ms
[2020-12-25T02:12:50.490-0400][gc,heap        ] GC(386103) Heap before GC invocations=386078 (full 11285): garbage-first heap   total 71680K, used 58280K [0x0000000083000000, 0x0000000100000000)
[2020-12-25T02:12:50.490-0400][gc,heap        ] GC(386103)   region size 1024K, 11 young (11264K), 1 survivors (1024K)
[2020-12-25T02:12:50.490-0400][gc,heap        ] GC(386103)  Metaspace       used 61064K, capacity 63785K, committed 64768K, reserved 1107968K
[2020-12-25T02:12:50.490-0400][gc,heap        ] GC(386103)   class space    used 5722K, capacity 6577K, committed 6912K, reserved 1048576K
[2020-12-25T02:12:50.490-0400][gc,start       ] GC(386103) Pause Young (Normal) (G1 Evacuation Pause)
[2020-12-25T02:12:50.490-0400][gc,task        ] GC(386103) Using 4 workers of 4 for evacuation
[2020-12-25T02:12:50.497-0400][gc,phases      ] GC(386103)   Pre Evacuate Collection Set: 0.0ms
[2020-12-25T02:12:50.497-0400][gc,phases      ] GC(386103)   Evacuate Collection Set: 4.6ms
[2020-12-25T02:12:50.497-0400][gc,phases      ] GC(386103)   Post Evacuate Collection Set: 1.5ms
[2020-12-25T02:12:50.497-0400][gc,phases      ] GC(386103)   Other: 0.8ms
[2020-12-25T02:12:50.497-0400][gc,heap        ] GC(386103) Eden regions: 10->0(10)
[2020-12-25T02:12:50.497-0400][gc,heap        ] GC(386103) Survivor regions: 1->1(2)
[2020-12-25T02:12:50.497-0400][gc,heap        ] GC(386103) Old regions: 46->46
[2020-12-25T02:12:50.497-0400][gc,heap        ] GC(386103) Humongous regions: 4->4
[2020-12-25T02:12:50.497-0400][gc,metaspace   ] GC(386103) Metaspace: 61064K->61064K(1107968K)
[2020-12-25T02:12:50.497-0400][gc,heap        ] GC(386103) Heap after GC invocations=386079 (full 11285): garbage-first heap   total 71680K, used 49069K [0x0000000083000000, 0x0000000100000000)
[2020-12-25T02:12:50.497-0400][gc,heap        ] GC(386103)   region size 1024K, 1 young (1024K), 1 survivors (1024K)
[2020-12-25T02:12:50.497-0400][gc,heap        ] GC(386103)  Metaspace       used 61064K, capacity 63785K, committed 64768K, reserved 1107968K
[2020-12-25T02:12:50.497-0400][gc,heap        ] GC(386103)   class space    used 5722K, capacity 6577K, committed 6912K, reserved 1048576K
[2020-12-25T02:12:50.497-0400][gc             ] GC(386103) Pause Young (Normal) (G1 Evacuation Pause) 57M->47M(70M) 7.423ms
[2020-12-25T02:12:50.498-0400][gc,cpu         ] GC(386103) User=0.01s Sys=0.01s Real=0.01s
[2020-12-25T02:13:17.806-0400][gc,heap        ] GC(386104) Heap before GC invocations=386079 (full 11285): garbage-first heap   total 71680K, used 58285K [0x0000000083000000, 0x0000000100000000)
[2020-12-25T02:13:17.807-0400][gc,heap        ] GC(386104)   region size 1024K, 11 young (11264K), 1 survivors (1024K)
[2020-12-25T02:13:17.807-0400][gc,heap        ] GC(386104)  Metaspace       used 61064K, capacity 63785K, committed 64768K, reserved 1107968K
[2020-12-25T02:13:17.807-0400][gc,heap        ] GC(386104)   class space    used 5722K, capacity 6577K, committed 6912K, reserved 1048576K
[2020-12-25T02:13:17.807-0400][gc,start       ] GC(386104) Pause Young (Concurrent Start) (G1 Evacuation Pause)
[2020-12-25T02:13:17.807-0400][gc,task        ] GC(386104) Using 4 workers of 4 for evacuation
[2020-12-25T02:13:17.814-0400][gc,phases      ] GC(386104)   Pre Evacuate Collection Set: 0.2ms
[2020-12-25T02:13:17.814-0400][gc,phases      ] GC(386104)   Evacuate Collection Set: 4.9ms
[2020-12-25T02:13:17.814-0400][gc,phases      ] GC(386104)   Post Evacuate Collection Set: 1.9ms
[2020-12-25T02:13:17.815-0400][gc,phases      ] GC(386104)   Other: 0.9ms
[2020-12-25T02:13:17.815-0400][gc,heap        ] GC(386104) Eden regions: 10->0(10)
[2020-12-25T02:13:17.815-0400][gc,heap        ] GC(386104) Survivor regions: 1->1(2)
[2020-12-25T02:13:17.815-0400][gc,heap        ] GC(386104) Old regions: 46->46
[2020-12-25T02:13:17.815-0400][gc,heap        ] GC(386104) Humongous regions: 4->4
[2020-12-25T02:13:17.815-0400][gc,metaspace   ] GC(386104) Metaspace: 61064K->61064K(1107968K)
[2020-12-25T02:13:17.815-0400][gc,heap        ] GC(386104) Heap after GC invocations=386080 (full 11285): garbage-first heap   total 71680K, used 49230K [0x0000000083000000, 0x0000000100000000)
[2020-12-25T02:13:17.815-0400][gc,heap        ] GC(386104)   region size 1024K, 1 young (1024K), 1 survivors (1024K)
[2020-12-25T02:13:17.815-0400][gc,heap        ] GC(386104)  Metaspace       used 61064K, capacity 63785K, committed 64768K, reserved 1107968K
[2020-12-25T02:13:17.815-0400][gc,heap        ] GC(386104)   class space    used 5722K, capacity 6577K, committed 6912K, reserved 1048576K
[2020-12-25T02:13:17.815-0400][gc             ] GC(386104) Pause Young (Concurrent Start) (G1 Evacuation Pause) 57M->48M(70M) 8.350ms
[2020-12-25T02:13:17.815-0400][gc,cpu         ] GC(386104) User=0.03s Sys=0.00s Real=0.00s
[2020-12-25T02:13:17.815-0400][gc             ] GC(386105) Concurrent Cycle
[2020-12-25T02:13:17.816-0400][gc,marking     ] GC(386105) Concurrent Clear Claimed Marks
[2020-12-25T02:13:17.816-0400][gc,marking     ] GC(386105) Concurrent Clear Claimed Marks 0.361ms
[2020-12-25T02:13:17.816-0400][gc,marking     ] GC(386105) Concurrent Scan Root Regions
[2020-12-25T02:13:17.821-0400][gc,marking     ] GC(386105) Concurrent Scan Root Regions 4.538ms
[2020-12-25T02:13:17.821-0400][gc,marking     ] GC(386105) Concurrent Mark (3373312.575s)
[2020-12-25T02:13:17.821-0400][gc,marking     ] GC(386105) Concurrent Mark From Roots
[2020-12-25T02:13:17.821-0400][gc,task        ] GC(386105) Using 1 workers of 1 for marking
[2020-12-25T02:13:18.152-0400][gc,marking     ] GC(386105) Concurrent Mark From Roots 331.073ms
[2020-12-25T02:13:18.152-0400][gc,marking     ] GC(386105) Concurrent Preclean
[2020-12-25T02:13:18.153-0400][gc,marking     ] GC(386105) Concurrent Preclean 0.683ms
[2020-12-25T02:13:18.153-0400][gc,marking     ] GC(386105) Concurrent Mark (3373312.575s, 3373312.907s) 332.028ms
[2020-12-25T02:13:18.154-0400][gc,start       ] GC(386105) Pause Remark
[2020-12-25T02:13:18.194-0400][gc,stringtable ] GC(386105) Cleaned string and symbol table, strings: 32400 processed, 0 removed, symbols: 131487 processed, 0 removed
[2020-12-25T02:13:18.194-0400][gc             ] GC(386105) Pause Remark 48M->48M(70M) 40.812ms
[2020-12-25T02:13:18.195-0400][gc,cpu         ] GC(386105) User=0.16s Sys=0.00s Real=0.04s
[2020-12-25T02:13:18.195-0400][gc,marking     ] GC(386105) Concurrent Rebuild Remembered Sets
[2020-12-25T02:13:18.384-0400][gc,marking     ] GC(386105) Concurrent Rebuild Remembered Sets 189.322ms
[2020-12-25T02:13:18.385-0400][gc,start       ] GC(386105) Pause Cleanup
[2020-12-25T02:13:18.385-0400][gc             ] GC(386105) Pause Cleanup 48M->48M(70M) 0.456ms
[2020-12-25T02:13:18.385-0400][gc,cpu         ] GC(386105) User=0.00s Sys=0.00s Real=0.00s
[2020-12-25T02:13:18.386-0400][gc,marking     ] GC(386105) Concurrent Cleanup for Next Mark
[2020-12-25T02:13:18.387-0400][gc,marking     ] GC(386105) Concurrent Cleanup for Next Mark 0.845ms
[2020-12-25T02:13:18.387-0400][gc             ] GC(386105) Concurrent Cycle 571.399ms
[2020-12-25T02:13:48.049-0400][gc,heap        ] GC(386106) Heap before GC invocations=386081 (full 11285): garbage-first heap   total 71680K, used 58446K [0x0000000083000000, 0x0000000100000000)
[2020-12-25T02:13:48.049-0400][gc,heap        ] GC(386106)   region size 1024K, 11 young (11264K), 1 survivors (1024K)
[2020-12-25T02:13:48.049-0400][gc,heap        ] GC(386106)  Metaspace       used 61064K, capacity 63785K, committed 64768K, reserved 1107968K
[2020-12-25T02:13:48.049-0400][gc,heap        ] GC(386106)   class space    used 5722K, capacity 6577K, committed 6912K, reserved 1048576K
[2020-12-25T02:13:48.049-0400][gc,start       ] GC(386106) Pause Young (Normal) (G1 Evacuation Pause)
[2020-12-25T02:13:48.049-0400][gc,task        ] GC(386106) Using 4 workers of 4 for evacuation
[2020-12-25T02:13:48.056-0400][gc,phases      ] GC(386106)   Pre Evacuate Collection Set: 0.0ms
[2020-12-25T02:13:48.057-0400][gc,phases      ] GC(386106)   Evacuate Collection Set: 5.1ms
[2020-12-25T02:13:48.057-0400][gc,phases      ] GC(386106)   Post Evacuate Collection Set: 1.5ms
[2020-12-25T02:13:48.057-0400][gc,phases      ] GC(386106)   Other: 0.9ms
[2020-12-25T02:13:48.057-0400][gc,heap        ] GC(386106) Eden regions: 10->0(10)
[2020-12-25T02:13:48.057-0400][gc,heap        ] GC(386106) Survivor regions: 1->1(2)
[2020-12-25T02:13:48.057-0400][gc,heap        ] GC(386106) Old regions: 46->46
[2020-12-25T02:13:48.057-0400][gc,heap        ] GC(386106) Humongous regions: 4->4
[2020-12-25T02:13:48.057-0400][gc,metaspace   ] GC(386106) Metaspace: 61064K->61064K(1107968K)
[2020-12-25T02:13:48.057-0400][gc,heap        ] GC(386106) Heap after GC invocations=386082 (full 11285): garbage-first heap   total 71680K, used 49232K [0x0000000083000000, 0x0000000100000000)
[2020-12-25T02:13:48.057-0400][gc,heap        ] GC(386106)   region size 1024K, 1 young (1024K), 1 survivors (1024K)
[2020-12-25T02:13:48.057-0400][gc,heap        ] GC(386106)  Metaspace       used 61064K, capacity 63785K, committed 64768K, reserved 1107968K
[2020-12-25T02:13:48.057-0400][gc,heap        ] GC(386106)   class space    used 5722K, capacity 6577K, committed 6912K, reserved 1048576K
[2020-12-25T02:13:48.057-0400][gc             ] GC(386106) Pause Young (Normal) (G1 Evacuation Pause) 58M->48M(70M) 7.881ms
[2020-12-25T02:13:48.057-0400][gc,cpu         ] GC(386106) User=0.01s Sys=0.01s Real=0.01s
[2020-12-25T02:14:13.877-0400][gc,heap        ] GC(386107) Heap before GC invocations=386082 (full 11285): garbage-first heap   total 71680K, used 58448K [0x0000000083000000, 0x0000000100000000)
[2020-12-25T02:14:13.877-0400][gc,heap        ] GC(386107)   region size 1024K, 11 young (11264K), 1 survivors (1024K)
[2020-12-25T02:14:13.877-0400][gc,heap        ] GC(386107)  Metaspace       used 61064K, capacity 63785K, committed 64768K, reserved 1107968K
[2020-12-25T02:14:13.877-0400][gc,heap        ] GC(386107)   class space    used 5722K, capacity 6577K, committed 6912K, reserved 1048576K
[2020-12-25T02:14:13.877-0400][gc,start       ] GC(386107) Pause Young (Concurrent Start) (G1 Evacuation Pause)
[2020-12-25T02:14:13.877-0400][gc,task        ] GC(386107) Using 4 workers of 4 for evacuation
[2020-12-25T02:14:13.885-0400][gc,phases      ] GC(386107)   Pre Evacuate Collection Set: 0.2ms
[2020-12-25T02:14:13.885-0400][gc,phases      ] GC(386107)   Evacuate Collection Set: 4.7ms
[2020-12-25T02:14:13.885-0400][gc,phases      ] GC(386107)   Post Evacuate Collection Set: 1.7ms
[2020-12-25T02:14:13.885-0400][gc,phases      ] GC(386107)   Other: 1.0ms
[2020-12-25T02:14:13.885-0400][gc,heap        ] GC(386107) Eden regions: 10->0(10)
[2020-12-25T02:14:13.885-0400][gc,heap        ] GC(386107) Survivor regions: 1->1(2)
[2020-12-25T02:14:13.885-0400][gc,heap        ] GC(386107) Old regions: 46->46
[2020-12-25T02:14:13.885-0400][gc,heap        ] GC(386107) Humongous regions: 4->4
[2020-12-25T02:14:13.885-0400][gc,metaspace   ] GC(386107) Metaspace: 61064K->61064K(1107968K)
[2020-12-25T02:14:13.885-0400][gc,heap        ] GC(386107) Heap after GC invocations=386083 (full 11285): garbage-first heap   total 71680K, used 49223K [0x0000000083000000, 0x0000000100000000)
[2020-12-25T02:14:13.885-0400][gc,heap        ] GC(386107)   region size 1024K, 1 young (1024K), 1 survivors (1024K)
[2020-12-25T02:14:13.885-0400][gc,heap        ] GC(386107)  Metaspace       used 61064K, capacity 63785K, committed 64768K, reserved 1107968K
[2020-12-25T02:14:13.885-0400][gc,heap        ] GC(386107)   class space    used 5722K, capacity 6577K, committed 6912K, reserved 1048576K
[2020-12-25T02:14:13.885-0400][gc             ] GC(386107) Pause Young (Concurrent Start) (G1 Evacuation Pause) 58M->48M(70M) 7.969ms
[2020-12-25T02:14:13.886-0400][gc,cpu         ] GC(386107) User=0.01s Sys=0.01s Real=0.00s
[2020-12-25T02:14:13.886-0400][gc             ] GC(386108) Concurrent Cycle
[2020-12-25T02:14:13.886-0400][gc,marking     ] GC(386108) Concurrent Clear Claimed Marks
[2020-12-25T02:14:13.886-0400][gc,marking     ] GC(386108) Concurrent Clear Claimed Marks 0.294ms
[2020-12-25T02:14:13.886-0400][gc,marking     ] GC(386108) Concurrent Scan Root Regions
[2020-12-25T02:14:13.890-0400][gc,marking     ] GC(386108) Concurrent Scan Root Regions 3.345ms
[2020-12-25T02:14:13.890-0400][gc,marking     ] GC(386108) Concurrent Mark (3373368.644s)
[2020-12-25T02:14:13.890-0400][gc,marking     ] GC(386108) Concurrent Mark From Roots
[2020-12-25T02:14:13.890-0400][gc,task        ] GC(386108) Using 1 workers of 1 for marking
[2020-12-25T02:14:14.214-0400][gc,marking     ] GC(386108) Concurrent Mark From Roots 324.211ms
[2020-12-25T02:14:14.214-0400][gc,marking     ] GC(386108) Concurrent Preclean
[2020-12-25T02:14:14.215-0400][gc,marking     ] GC(386108) Concurrent Preclean 0.681ms
[2020-12-25T02:14:14.215-0400][gc,marking     ] GC(386108) Concurrent Mark (3373368.644s, 3373368.970s) 325.143ms
[2020-12-25T02:14:14.216-0400][gc,start       ] GC(386108) Pause Remark
[2020-12-25T02:14:14.257-0400][gc,stringtable ] GC(386108) Cleaned string and symbol table, strings: 32400 processed, 0 removed, symbols: 131487 processed, 0 removed
[2020-12-25T02:14:14.257-0400][gc             ] GC(386108) Pause Remark 48M->48M(70M) 41.603ms
[2020-12-25T02:14:14.258-0400][gc,cpu         ] GC(386108) User=0.15s Sys=0.00s Real=0.04s
[2020-12-25T02:14:14.258-0400][gc,marking     ] GC(386108) Concurrent Rebuild Remembered Sets
[2020-12-25T02:14:14.451-0400][gc,marking     ] GC(386108) Concurrent Rebuild Remembered Sets 192.726ms
[2020-12-25T02:14:14.451-0400][gc,start       ] GC(386108) Pause Cleanup
[2020-12-25T02:14:14.452-0400][gc             ] GC(386108) Pause Cleanup 48M->48M(70M) 0.521ms
[2020-12-25T02:14:14.452-0400][gc,cpu         ] GC(386108) User=0.00s Sys=0.00s Real=0.00s
[2020-12-25T02:14:14.452-0400][gc,marking     ] GC(386108) Concurrent Cleanup for Next Mark
[2020-12-25T02:14:14.453-0400][gc,marking     ] GC(386108) Concurrent Cleanup for Next Mark 0.974ms
[2020-12-25T02:14:14.453-0400][gc             ] GC(386108) Concurrent Cycle 567.589ms
[2020-12-25T02:14:48.717-0400][gc,heap        ] GC(386109) Heap before GC invocations=386084 (full 11285): garbage-first heap   total 71680K, used 58416K [0x0000000083000000, 0x0000000100000000)
[2020-12-25T02:14:48.717-0400][gc,heap        ] GC(386109)   region size 1024K, 11 young (11264K), 1 survivors (1024K)
[2020-12-25T02:14:48.717-0400][gc,heap        ] GC(386109)  Metaspace       used 61064K, capacity 63785K, committed 64768K, reserved 1107968K
[2020-12-25T02:14:48.717-0400][gc,heap        ] GC(386109)   class space    used 5722K, capacity 6577K, committed 6912K, reserved 1048576K
[2020-12-25T02:14:48.717-0400][gc,start       ] GC(386109) Pause Young (Normal) (G1 Evacuation Pause)
[2020-12-25T02:14:48.717-0400][gc,task        ] GC(386109) Using 4 workers of 4 for evacuation
[2020-12-25T02:14:48.724-0400][gc,phases      ] GC(386109)   Pre Evacuate Collection Set: 0.0ms
[2020-12-25T02:14:48.724-0400][gc,phases      ] GC(386109)   Evacuate Collection Set: 5.1ms
[2020-12-25T02:14:48.724-0400][gc,phases      ] GC(386109)   Post Evacuate Collection Set: 1.6ms
[2020-12-25T02:14:48.724-0400][gc,phases      ] GC(386109)   Other: 0.9ms
[2020-12-25T02:14:48.724-0400][gc,heap        ] GC(386109) Eden regions: 10->0(11)
[2020-12-25T02:14:48.724-0400][gc,heap        ] GC(386109) Survivor regions: 1->1(2)
[2020-12-25T02:14:48.724-0400][gc,heap        ] GC(386109) Old regions: 45->45
[2020-12-25T02:14:48.724-0400][gc,heap        ] GC(386109) Humongous regions: 4->4
[2020-12-25T02:14:48.724-0400][gc,metaspace   ] GC(386109) Metaspace: 61064K->61064K(1107968K)
[2020-12-25T02:14:48.725-0400][gc,heap        ] GC(386109) Heap after GC invocations=386085 (full 11285): garbage-first heap   total 71680K, used 49173K [0x0000000083000000, 0x0000000100000000)
[2020-12-25T02:14:48.725-0400][gc,heap        ] GC(386109)   region size 1024K, 1 young (1024K), 1 survivors (1024K)
[2020-12-25T02:14:48.725-0400][gc,heap        ] GC(386109)  Metaspace       used 61064K, capacity 63785K, committed 64768K, reserved 1107968K
[2020-12-25T02:14:48.725-0400][gc,heap        ] GC(386109)   class space    used 5722K, capacity 6577K, committed 6912K, reserved 1048576K
[2020-12-25T02:14:48.725-0400][gc             ] GC(386109) Pause Young (Normal) (G1 Evacuation Pause) 58M->48M(70M) 7.886ms
[2020-12-25T02:14:48.725-0400][gc,cpu         ] GC(386109) User=0.02s Sys=0.00s Real=0.00s
[2020-12-25T02:15:19.175-0400][gc,heap        ] GC(386110) Heap before GC invocations=386085 (full 11285): garbage-first heap   total 71680K, used 59413K [0x0000000083000000, 0x0000000100000000)
[2020-12-25T02:15:19.176-0400][gc,heap        ] GC(386110)   region size 1024K, 12 young (12288K), 1 survivors (1024K)
[2020-12-25T02:15:19.176-0400][gc,heap        ] GC(386110)  Metaspace       used 61064K, capacity 63785K, committed 64768K, reserved 1107968K
[2020-12-25T02:15:19.176-0400][gc,heap        ] GC(386110)   class space    used 5722K, capacity 6577K, committed 6912K, reserved 1048576K
[2020-12-25T02:15:19.176-0400][gc,start       ] GC(386110) Pause Young (Concurrent Start) (G1 Evacuation Pause)
[2020-12-25T02:15:19.176-0400][gc,task        ] GC(386110) Using 4 workers of 4 for evacuation
[2020-12-25T02:15:19.183-0400][gc,phases      ] GC(386110)   Pre Evacuate Collection Set: 0.3ms
[2020-12-25T02:15:19.183-0400][gc,phases      ] GC(386110)   Evacuate Collection Set: 4.8ms
[2020-12-25T02:15:19.183-0400][gc,phases      ] GC(386110)   Post Evacuate Collection Set: 1.9ms
[2020-12-25T02:15:19.184-0400][gc,phases      ] GC(386110)   Other: 1.0ms
[2020-12-25T02:15:19.184-0400][gc,heap        ] GC(386110) Eden regions: 11->0(11)
[2020-12-25T02:15:19.184-0400][gc,heap        ] GC(386110) Survivor regions: 1->1(2)
[2020-12-25T02:15:19.184-0400][gc,heap        ] GC(386110) Old regions: 45->45
[2020-12-25T02:15:19.184-0400][gc,heap        ] GC(386110) Humongous regions: 4->4
[2020-12-25T02:15:19.184-0400][gc,metaspace   ] GC(386110) Metaspace: 61064K->61064K(1107968K)
[2020-12-25T02:15:19.184-0400][gc,heap        ] GC(386110) Heap after GC invocations=386086 (full 11285): garbage-first heap   total 71680K, used 49192K [0x0000000083000000, 0x0000000100000000)
[2020-12-25T02:15:19.184-0400][gc,heap        ] GC(386110)   region size 1024K, 1 young (1024K), 1 survivors (1024K)
[2020-12-25T02:15:19.184-0400][gc,heap        ] GC(386110)  Metaspace       used 61064K, capacity 63785K, committed 64768K, reserved 1107968K
[2020-12-25T02:15:19.184-0400][gc,heap        ] GC(386110)   class space    used 5722K, capacity 6577K, committed 6912K, reserved 1048576K
[2020-12-25T02:15:19.184-0400][gc             ] GC(386110) Pause Young (Concurrent Start) (G1 Evacuation Pause) 59M->48M(70M) 8.353ms
[2020-12-25T02:15:19.184-0400][gc,cpu         ] GC(386110) User=0.01s Sys=0.01s Real=0.00s
[2020-12-25T02:15:19.184-0400][gc             ] GC(386111) Concurrent Cycle
[2020-12-25T02:15:19.185-0400][gc,marking     ] GC(386111) Concurrent Clear Claimed Marks
[2020-12-25T02:15:19.185-0400][gc,marking     ] GC(386111) Concurrent Clear Claimed Marks 0.495ms
[2020-12-25T02:15:19.185-0400][gc,marking     ] GC(386111) Concurrent Scan Root Regions
[2020-12-25T02:15:19.189-0400][gc,marking     ] GC(386111) Concurrent Scan Root Regions 3.824ms
[2020-12-25T02:15:19.189-0400][gc,marking     ] GC(386111) Concurrent Mark (3373433.944s)
[2020-12-25T02:15:19.189-0400][gc,marking     ] GC(386111) Concurrent Mark From Roots
[2020-12-25T02:15:19.189-0400][gc,task        ] GC(386111) Using 1 workers of 1 for marking
[2020-12-25T02:15:19.537-0400][gc,marking     ] GC(386111) Concurrent Mark From Roots 347.871ms
[2020-12-25T02:15:19.537-0400][gc,marking     ] GC(386111) Concurrent Preclean
[2020-12-25T02:15:19.538-0400][gc,marking     ] GC(386111) Concurrent Preclean 0.852ms
[2020-12-25T02:15:19.538-0400][gc,marking     ] GC(386111) Concurrent Mark (3373433.944s, 3373434.293s) 349.064ms
[2020-12-25T02:15:19.539-0400][gc,start       ] GC(386111) Pause Remark
[2020-12-25T02:15:19.583-0400][gc,stringtable ] GC(386111) Cleaned string and symbol table, strings: 32400 processed, 0 removed, symbols: 131487 processed, 0 removed
[2020-12-25T02:15:19.584-0400][gc             ] GC(386111) Pause Remark 48M->48M(70M) 44.865ms
[2020-12-25T02:15:19.584-0400][gc,cpu         ] GC(386111) User=0.10s Sys=0.06s Real=0.04s
[2020-12-25T02:15:19.585-0400][gc,marking     ] GC(386111) Concurrent Rebuild Remembered Sets
[2020-12-25T02:15:19.790-0400][gc,marking     ] GC(386111) Concurrent Rebuild Remembered Sets 205.873ms
[2020-12-25T02:15:19.791-0400][gc,start       ] GC(386111) Pause Cleanup
[2020-12-25T02:15:19.792-0400][gc             ] GC(386111) Pause Cleanup 49M->49M(70M) 0.605ms
[2020-12-25T02:15:19.792-0400][gc,cpu         ] GC(386111) User=0.00s Sys=0.00s Real=0.00s
[2020-12-25T02:15:19.792-0400][gc,marking     ] GC(386111) Concurrent Cleanup for Next Mark
[2020-12-25T02:15:19.793-0400][gc,marking     ] GC(386111) Concurrent Cleanup for Next Mark 0.934ms
[2020-12-25T02:15:19.793-0400][gc             ] GC(386111) Concurrent Cycle 608.814ms
[2020-12-25T02:15:52.077-0400][gc,heap        ] GC(386112) Heap before GC invocations=386087 (full 11285): garbage-first heap   total 71680K, used 59432K [0x0000000083000000, 0x0000000100000000)
[2020-12-25T02:15:52.077-0400][gc,heap        ] GC(386112)   region size 1024K, 12 young (12288K), 1 survivors (1024K)
[2020-12-25T02:15:52.077-0400][gc,heap        ] GC(386112)  Metaspace       used 61064K, capacity 63785K, committed 64768K, reserved 1107968K
[2020-12-25T02:15:52.078-0400][gc,heap        ] GC(386112)   class space    used 5722K, capacity 6577K, committed 6912K, reserved 1048576K
[2020-12-25T02:15:52.078-0400][gc,start       ] GC(386112) Pause Young (Normal) (G1 Evacuation Pause)
[2020-12-25T02:15:52.078-0400][gc,task        ] GC(386112) Using 4 workers of 4 for evacuation
[2020-12-25T02:15:52.085-0400][gc,phases      ] GC(386112)   Pre Evacuate Collection Set: 0.0ms
[2020-12-25T02:15:52.085-0400][gc,phases      ] GC(386112)   Evacuate Collection Set: 5.0ms
[2020-12-25T02:15:52.085-0400][gc,phases      ] GC(386112)   Post Evacuate Collection Set: 1.6ms
[2020-12-25T02:15:52.085-0400][gc,phases      ] GC(386112)   Other: 0.9ms
[2020-12-25T02:15:52.085-0400][gc,heap        ] GC(386112) Eden regions: 11->0(11)
[2020-12-25T02:15:52.085-0400][gc,heap        ] GC(386112) Survivor regions: 1->1(2)
[2020-12-25T02:15:52.085-0400][gc,heap        ] GC(386112) Old regions: 45->45
[2020-12-25T02:15:52.085-0400][gc,heap        ] GC(386112) Humongous regions: 4->4
[2020-12-25T02:15:52.085-0400][gc,metaspace   ] GC(386112) Metaspace: 61064K->61064K(1107968K)
[2020-12-25T02:15:52.085-0400][gc,heap        ] GC(386112) Heap after GC invocations=386088 (full 11285): garbage-first heap   total 71680K, used 49143K [0x0000000083000000, 0x0000000100000000)
[2020-12-25T02:15:52.085-0400][gc,heap        ] GC(386112)   region size 1024K, 1 young (1024K), 1 survivors (1024K)
[2020-12-25T02:15:52.085-0400][gc,heap        ] GC(386112)  Metaspace       used 61064K, capacity 63785K, committed 64768K, reserved 1107968K
[2020-12-25T02:15:52.085-0400][gc,heap        ] GC(386112)   class space    used 5722K, capacity 6577K, committed 6912K, reserved 1048576K
[2020-12-25T02:15:52.086-0400][gc             ] GC(386112) Pause Young (Normal) (G1 Evacuation Pause) 59M->47M(70M) 7.892ms
[2020-12-25T02:15:52.086-0400][gc,cpu         ] GC(386112) User=0.03s Sys=0.00s Real=0.01s
[2020-12-25T02:16:23.892-0400][gc,heap        ] GC(386113) Heap before GC invocations=386088 (full 11285): garbage-first heap   total 71680K, used 59383K [0x0000000083000000, 0x0000000100000000)
[2020-12-25T02:16:23.892-0400][gc,heap        ] GC(386113)   region size 1024K, 12 young (12288K), 1 survivors (1024K)
[2020-12-25T02:16:23.892-0400][gc,heap        ] GC(386113)  Metaspace       used 61064K, capacity 63785K, committed 64768K, reserved 1107968K
[2020-12-25T02:16:23.892-0400][gc,heap        ] GC(386113)   class space    used 5722K, capacity 6577K, committed 6912K, reserved 1048576K
[2020-12-25T02:16:23.892-0400][gc,start       ] GC(386113) Pause Young (Concurrent Start) (G1 Evacuation Pause)
[2020-12-25T02:16:23.892-0400][gc,task        ] GC(386113) Using 4 workers of 4 for evacuation
[2020-12-25T02:16:23.900-0400][gc,phases      ] GC(386113)   Pre Evacuate Collection Set: 0.2ms
[2020-12-25T02:16:23.900-0400][gc,phases      ] GC(386113)   Evacuate Collection Set: 5.1ms
[2020-12-25T02:16:23.900-0400][gc,phases      ] GC(386113)   Post Evacuate Collection Set: 1.8ms
[2020-12-25T02:16:23.900-0400][gc,phases      ] GC(386113)   Other: 1.1ms
[2020-12-25T02:16:23.900-0400][gc,heap        ] GC(386113) Eden regions: 11->0(11)
[2020-12-25T02:16:23.900-0400][gc,heap        ] GC(386113) Survivor regions: 1->1(2)
[2020-12-25T02:16:23.900-0400][gc,heap        ] GC(386113) Old regions: 45->45
[2020-12-25T02:16:23.900-0400][gc,heap        ] GC(386113) Humongous regions: 4->4
[2020-12-25T02:16:23.900-0400][gc,metaspace   ] GC(386113) Metaspace: 61064K->61064K(1107968K)
[2020-12-25T02:16:23.900-0400][gc,heap        ] GC(386113) Heap after GC invocations=386089 (full 11285): garbage-first heap   total 71680K, used 49195K [0x0000000083000000, 0x0000000100000000)
[2020-12-25T02:16:23.900-0400][gc,heap        ] GC(386113)   region size 1024K, 1 young (1024K), 1 survivors (1024K)
[2020-12-25T02:16:23.900-0400][gc,heap        ] GC(386113)  Metaspace       used 61064K, capacity 63785K, committed 64768K, reserved 1107968K
[2020-12-25T02:16:23.900-0400][gc,heap        ] GC(386113)   class space    used 5722K, capacity 6577K, committed 6912K, reserved 1048576K
[2020-12-25T02:16:23.900-0400][gc             ] GC(386113) Pause Young (Concurrent Start) (G1 Evacuation Pause) 58M->48M(70M) 8.455ms
[2020-12-25T02:16:23.901-0400][gc,cpu         ] GC(386113) User=0.02s Sys=0.00s Real=0.01s
[2020-12-25T02:16:23.901-0400][gc             ] GC(386114) Concurrent Cycle
[2020-12-25T02:16:23.901-0400][gc,marking     ] GC(386114) Concurrent Clear Claimed Marks
[2020-12-25T02:16:23.901-0400][gc,marking     ] GC(386114) Concurrent Clear Claimed Marks 0.298ms
[2020-12-25T02:16:23.901-0400][gc,marking     ] GC(386114) Concurrent Scan Root Regions
[2020-12-25T02:16:23.905-0400][gc,marking     ] GC(386114) Concurrent Scan Root Regions 3.519ms
[2020-12-25T02:16:23.905-0400][gc,marking     ] GC(386114) Concurrent Mark (3373498.660s)
[2020-12-25T02:16:23.905-0400][gc,marking     ] GC(386114) Concurrent Mark From Roots
[2020-12-25T02:16:23.905-0400][gc,task        ] GC(386114) Using 1 workers of 1 for marking
[2020-12-25T02:16:24.226-0400][gc,marking     ] GC(386114) Concurrent Mark From Roots 320.757ms
[2020-12-25T02:16:24.226-0400][gc,marking     ] GC(386114) Concurrent Preclean
[2020-12-25T02:16:24.227-0400][gc,marking     ] GC(386114) Concurrent Preclean 0.663ms
[2020-12-25T02:16:24.227-0400][gc,marking     ] GC(386114) Concurrent Mark (3373498.660s, 3373498.981s) 321.686ms
[2020-12-25T02:16:24.227-0400][gc,start       ] GC(386114) Pause Remark
[2020-12-25T02:16:24.270-0400][gc,stringtable ] GC(386114) Cleaned string and symbol table, strings: 32400 processed, 0 removed, symbols: 131487 processed, 0 removed
[2020-12-25T02:16:24.270-0400][gc             ] GC(386114) Pause Remark 48M->48M(70M) 42.850ms
[2020-12-25T02:16:24.270-0400][gc,cpu         ] GC(386114) User=0.11s Sys=0.06s Real=0.04s
[2020-12-25T02:16:24.271-0400][gc,marking     ] GC(386114) Concurrent Rebuild Remembered Sets
[2020-12-25T02:16:24.460-0400][gc,marking     ] GC(386114) Concurrent Rebuild Remembered Sets 188.918ms
[2020-12-25T02:16:24.460-0400][gc,start       ] GC(386114) Pause Cleanup
[2020-12-25T02:16:24.461-0400][gc             ] GC(386114) Pause Cleanup 48M->48M(70M) 0.472ms
[2020-12-25T02:16:24.461-0400][gc,cpu         ] GC(386114) User=0.00s Sys=0.00s Real=0.00s
[2020-12-25T02:16:24.461-0400][gc,marking     ] GC(386114) Concurrent Cleanup for Next Mark
[2020-12-25T02:16:24.462-0400][gc,marking     ] GC(386114) Concurrent Cleanup for Next Mark 0.946ms
[2020-12-25T02:16:24.462-0400][gc             ] GC(386114) Concurrent Cycle 561.469ms
[2020-12-25T02:16:50.924-0400][gc,task        ] GC(386115) Using 3 workers of 4 for full compaction
[2020-12-25T02:16:50.924-0400][gc,start       ] GC(386115) Pause Full (System.gc())
[2020-12-25T02:16:50.924-0400][gc,heap        ] GC(386115) Heap before GC invocations=386090 (full 11285): garbage-first heap   total 71680K, used 56363K [0x0000000083000000, 0x0000000100000000)
[2020-12-25T02:16:50.924-0400][gc,heap        ] GC(386115)   region size 1024K, 10 young (10240K), 1 survivors (1024K)
[2020-12-25T02:16:50.924-0400][gc,heap        ] GC(386115)  Metaspace       used 61064K, capacity 63785K, committed 64768K, reserved 1107968K
[2020-12-25T02:16:50.924-0400][gc,heap        ] GC(386115)   class space    used 5722K, capacity 6577K, committed 6912K, reserved 1048576K
[2020-12-25T02:16:50.926-0400][gc,phases,start] GC(386115) Phase 1: Mark live objects
[2020-12-25T02:16:51.070-0400][gc,stringtable ] GC(386115) Cleaned string and symbol table, strings: 32400 processed, 0 removed, symbols: 131487 processed, 0 removed
[2020-12-25T02:16:51.070-0400][gc,phases      ] GC(386115) Phase 1: Mark live objects 144.148ms
[2020-12-25T02:16:51.070-0400][gc,phases,start] GC(386115) Phase 2: Prepare for compaction
[2020-12-25T02:16:51.103-0400][gc,phases      ] GC(386115) Phase 2: Prepare for compaction 32.469ms
[2020-12-25T02:16:51.103-0400][gc,phases,start] GC(386115) Phase 3: Adjust pointers
[2020-12-25T02:16:51.183-0400][gc,phases      ] GC(386115) Phase 3: Adjust pointers 79.985ms
[2020-12-25T02:16:51.183-0400][gc,phases,start] GC(386115) Phase 4: Compact heap
[2020-12-25T02:16:51.203-0400][gc,phases      ] GC(386115) Phase 4: Compact heap 20.312ms
[2020-12-25T02:16:51.239-0400][gc,heap        ] GC(386115) Eden regions: 9->0(11)
[2020-12-25T02:16:51.239-0400][gc,heap        ] GC(386115) Survivor regions: 1->0(2)
[2020-12-25T02:16:51.239-0400][gc,heap        ] GC(386115) Old regions: 45->46
[2020-12-25T02:16:51.239-0400][gc,heap        ] GC(386115) Humongous regions: 4->4
[2020-12-25T02:16:51.239-0400][gc,metaspace   ] GC(386115) Metaspace: 61064K->61064K(1107968K)
[2020-12-25T02:16:51.239-0400][gc,heap        ] GC(386115) Heap after GC invocations=386091 (full 11286): garbage-first heap   total 71680K, used 48741K [0x0000000083000000, 0x0000000100000000)
[2020-12-25T02:16:51.239-0400][gc,heap        ] GC(386115)   region size 1024K, 0 young (0K), 0 survivors (0K)
[2020-12-25T02:16:51.240-0400][gc,heap        ] GC(386115)  Metaspace       used 61064K, capacity 63785K, committed 64768K, reserved 1107968K
[2020-12-25T02:16:51.240-0400][gc,heap        ] GC(386115)   class space    used 5722K, capacity 6577K, committed 6912K, reserved 1048576K
[2020-12-25T02:16:51.240-0400][gc             ] GC(386115) Pause Full (System.gc()) 56M->47M(70M) 315.966ms
[2020-12-25T02:16:51.240-0400][gc,cpu         ] GC(386115) User=0.85s Sys=0.00s Real=0.32s
[2020-12-25T02:17:24.900-0400][gc,heap        ] GC(386116) Heap before GC invocations=386091 (full 11286): garbage-first heap   total 71680K, used 58981K [0x0000000083000000, 0x0000000100000000)
[2020-12-25T02:17:24.900-0400][gc,heap        ] GC(386116)   region size 1024K, 11 young (11264K), 0 survivors (0K)
[2020-12-25T02:17:24.900-0400][gc,heap        ] GC(386116)  Metaspace       used 61064K, capacity 63785K, committed 64768K, reserved 1107968K
[2020-12-25T02:17:24.900-0400][gc,heap        ] GC(386116)   class space    used 5722K, capacity 6577K, committed 6912K, reserved 1048576K
[2020-12-25T02:17:24.900-0400][gc,start       ] GC(386116) Pause Young (Concurrent Start) (G1 Evacuation Pause)
[2020-12-25T02:17:24.900-0400][gc,task        ] GC(386116) Using 4 workers of 4 for evacuation
[2020-12-25T02:17:24.907-0400][gc,phases      ] GC(386116)   Pre Evacuate Collection Set: 0.2ms
[2020-12-25T02:17:24.907-0400][gc,phases      ] GC(386116)   Evacuate Collection Set: 4.3ms
[2020-12-25T02:17:24.907-0400][gc,phases      ] GC(386116)   Post Evacuate Collection Set: 1.9ms
[2020-12-25T02:17:24.907-0400][gc,phases      ] GC(386116)   Other: 0.9ms
[2020-12-25T02:17:24.907-0400][gc,heap        ] GC(386116) Eden regions: 11->0(10)
[2020-12-25T02:17:24.908-0400][gc,heap        ] GC(386116) Survivor regions: 0->1(2)
[2020-12-25T02:17:24.908-0400][gc,heap        ] GC(386116) Old regions: 46->46
[2020-12-25T02:17:24.908-0400][gc,heap        ] GC(386116) Humongous regions: 4->4
[2020-12-25T02:17:24.908-0400][gc,metaspace   ] GC(386116) Metaspace: 61064K->61064K(1107968K)
[2020-12-25T02:17:24.908-0400][gc,heap        ] GC(386116) Heap after GC invocations=386092 (full 11286): garbage-first heap   total 71680K, used 48985K [0x0000000083000000, 0x0000000100000000)
[2020-12-25T02:17:24.908-0400][gc,heap        ] GC(386116)   region size 1024K, 1 young (1024K), 1 survivors (1024K)
[2020-12-25T02:17:24.908-0400][gc,heap        ] GC(386116)  Metaspace       used 61064K, capacity 63785K, committed 64768K, reserved 1107968K
[2020-12-25T02:17:24.908-0400][gc,heap        ] GC(386116)   class space    used 5722K, capacity 6577K, committed 6912K, reserved 1048576K
[2020-12-25T02:17:24.908-0400][gc             ] GC(386116) Pause Young (Concurrent Start) (G1 Evacuation Pause) 58M->47M(70M) 7.718ms
[2020-12-25T02:17:24.908-0400][gc,cpu         ] GC(386116) User=0.02s Sys=0.00s Real=0.01s
[2020-12-25T02:17:24.908-0400][gc             ] GC(386117) Concurrent Cycle
[2020-12-25T02:17:24.908-0400][gc,marking     ] GC(386117) Concurrent Clear Claimed Marks
[2020-12-25T02:17:24.909-0400][gc,marking     ] GC(386117) Concurrent Clear Claimed Marks 0.368ms
[2020-12-25T02:17:24.909-0400][gc,marking     ] GC(386117) Concurrent Scan Root Regions
[2020-12-25T02:17:24.912-0400][gc,marking     ] GC(386117) Concurrent Scan Root Regions 2.811ms
[2020-12-25T02:17:24.912-0400][gc,marking     ] GC(386117) Concurrent Mark (3373559.666s)
[2020-12-25T02:17:24.912-0400][gc,marking     ] GC(386117) Concurrent Mark From Roots
[2020-12-25T02:17:24.912-0400][gc,task        ] GC(386117) Using 1 workers of 1 for marking
[2020-12-25T02:17:25.237-0400][gc,marking     ] GC(386117) Concurrent Mark From Roots 324.600ms
[2020-12-25T02:17:25.237-0400][gc,marking     ] GC(386117) Concurrent Preclean
[2020-12-25T02:17:25.237-0400][gc,marking     ] GC(386117) Concurrent Preclean 0.611ms
[2020-12-25T02:17:25.237-0400][gc,marking     ] GC(386117) Concurrent Mark (3373559.666s, 3373559.992s) 325.481ms
[2020-12-25T02:17:25.238-0400][gc,start       ] GC(386117) Pause Remark
[2020-12-25T02:17:25.278-0400][gc,stringtable ] GC(386117) Cleaned string and symbol table, strings: 32400 processed, 0 removed, symbols: 131487 processed, 0 removed
[2020-12-25T02:17:25.279-0400][gc             ] GC(386117) Pause Remark 48M->48M(70M) 40.849ms
[2020-12-25T02:17:25.279-0400][gc,cpu         ] GC(386117) User=0.12s Sys=0.04s Real=0.04s
[2020-12-25T02:17:25.279-0400][gc,marking     ] GC(386117) Concurrent Rebuild Remembered Sets
[2020-12-25T02:17:25.470-0400][gc,marking     ] GC(386117) Concurrent Rebuild Remembered Sets 190.890ms
[2020-12-25T02:17:25.471-0400][gc,start       ] GC(386117) Pause Cleanup
[2020-12-25T02:17:25.472-0400][gc             ] GC(386117) Pause Cleanup 48M->48M(70M) 0.708ms
[2020-12-25T02:17:25.472-0400][gc,cpu         ] GC(386117) User=0.00s Sys=0.00s Real=0.00s
[2020-12-25T02:17:25.472-0400][gc,marking     ] GC(386117) Concurrent Cleanup for Next Mark
[2020-12-25T02:17:25.473-0400][gc,marking     ] GC(386117) Concurrent Cleanup for Next Mark 0.904ms
[2020-12-25T02:17:25.473-0400][gc             ] GC(386117) Concurrent Cycle 564.860ms
[2020-12-25T02:18:00.683-0400][gc,heap        ] GC(386118) Heap before GC invocations=386093 (full 11286): garbage-first heap   total 71680K, used 58201K [0x0000000083000000, 0x0000000100000000)
[2020-12-25T02:18:00.683-0400][gc,heap        ] GC(386118)   region size 1024K, 11 young (11264K), 1 survivors (1024K)
[2020-12-25T02:18:00.683-0400][gc,heap        ] GC(386118)  Metaspace       used 61064K, capacity 63785K, committed 64768K, reserved 1107968K
[2020-12-25T02:18:00.683-0400][gc,heap        ] GC(386118)   class space    used 5722K, capacity 6577K, committed 6912K, reserved 1048576K
[2020-12-25T02:18:00.683-0400][gc,start       ] GC(386118) Pause Young (Normal) (G1 Evacuation Pause)
[2020-12-25T02:18:00.683-0400][gc,task        ] GC(386118) Using 4 workers of 4 for evacuation
[2020-12-25T02:18:00.691-0400][gc,phases      ] GC(386118)   Pre Evacuate Collection Set: 0.0ms
[2020-12-25T02:18:00.691-0400][gc,phases      ] GC(386118)   Evacuate Collection Set: 4.5ms
[2020-12-25T02:18:00.691-0400][gc,phases      ] GC(386118)   Post Evacuate Collection Set: 2.1ms
[2020-12-25T02:18:00.691-0400][gc,phases      ] GC(386118)   Other: 0.9ms
[2020-12-25T02:18:00.691-0400][gc,heap        ] GC(386118) Eden regions: 10->0(10)
[2020-12-25T02:18:00.691-0400][gc,heap        ] GC(386118) Survivor regions: 1->1(2)
[2020-12-25T02:18:00.691-0400][gc,heap        ] GC(386118) Old regions: 46->46
[2020-12-25T02:18:00.691-0400][gc,heap        ] GC(386118) Humongous regions: 4->4
[2020-12-25T02:18:00.691-0400][gc,metaspace   ] GC(386118) Metaspace: 61064K->61064K(1107968K)
[2020-12-25T02:18:00.691-0400][gc,heap        ] GC(386118) Heap after GC invocations=386094 (full 11286): garbage-first heap   total 71680K, used 49033K [0x0000000083000000, 0x0000000100000000)
[2020-12-25T02:18:00.691-0400][gc,heap        ] GC(386118)   region size 1024K, 1 young (1024K), 1 survivors (1024K)
[2020-12-25T02:18:00.691-0400][gc,heap        ] GC(386118)  Metaspace       used 61064K, capacity 63785K, committed 64768K, reserved 1107968K
[2020-12-25T02:18:00.691-0400][gc,heap        ] GC(386118)   class space    used 5722K, capacity 6577K, committed 6912K, reserved 1048576K
[2020-12-25T02:18:00.691-0400][gc             ] GC(386118) Pause Young (Normal) (G1 Evacuation Pause) 57M->47M(70M) 7.954ms
[2020-12-25T02:18:00.691-0400][gc,cpu         ] GC(386118) User=0.02s Sys=0.00s Real=0.01s
[2020-12-25T02:18:34.177-0400][gc,heap        ] GC(386119) Heap before GC invocations=386094 (full 11286): garbage-first heap   total 71680K, used 58249K [0x0000000083000000, 0x0000000100000000)
[2020-12-25T02:18:34.177-0400][gc,heap        ] GC(386119)   region size 1024K, 11 young (11264K), 1 survivors (1024K)
[2020-12-25T02:18:34.177-0400][gc,heap        ] GC(386119)  Metaspace       used 61064K, capacity 63785K, committed 64768K, reserved 1107968K
[2020-12-25T02:18:34.177-0400][gc,heap        ] GC(386119)   class space    used 5722K, capacity 6577K, committed 6912K, reserved 1048576K
[2020-12-25T02:18:34.177-0400][gc,start       ] GC(386119) Pause Young (Concurrent Start) (G1 Evacuation Pause)
[2020-12-25T02:18:34.177-0400][gc,task        ] GC(386119) Using 4 workers of 4 for evacuation
[2020-12-25T02:18:34.183-0400][gc,phases      ] GC(386119)   Pre Evacuate Collection Set: 0.2ms
[2020-12-25T02:18:34.183-0400][gc,phases      ] GC(386119)   Evacuate Collection Set: 3.9ms
[2020-12-25T02:18:34.183-0400][gc,phases      ] GC(386119)   Post Evacuate Collection Set: 1.6ms
[2020-12-25T02:18:34.183-0400][gc,phases      ] GC(386119)   Other: 1.0ms
[2020-12-25T02:18:34.184-0400][gc,heap        ] GC(386119) Eden regions: 10->0(11)
[2020-12-25T02:18:34.184-0400][gc,heap        ] GC(386119) Survivor regions: 1->1(2)
[2020-12-25T02:18:34.184-0400][gc,heap        ] GC(386119) Old regions: 46->46
[2020-12-25T02:18:34.184-0400][gc,heap        ] GC(386119) Humongous regions: 4->4
[2020-12-25T02:18:34.184-0400][gc,metaspace   ] GC(386119) Metaspace: 61064K->61064K(1107968K)
[2020-12-25T02:18:34.184-0400][gc,heap        ] GC(386119) Heap after GC invocations=386095 (full 11286): garbage-first heap   total 71680K, used 48985K [0x0000000083000000, 0x0000000100000000)
[2020-12-25T02:18:34.184-0400][gc,heap        ] GC(386119)   region size 1024K, 1 young (1024K), 1 survivors (1024K)
[2020-12-25T02:18:34.184-0400][gc,heap        ] GC(386119)  Metaspace       used 61064K, capacity 63785K, committed 64768K, reserved 1107968K
[2020-12-25T02:18:34.184-0400][gc,heap        ] GC(386119)   class space    used 5722K, capacity 6577K, committed 6912K, reserved 1048576K
[2020-12-25T02:18:34.184-0400][gc             ] GC(386119) Pause Young (Concurrent Start) (G1 Evacuation Pause) 57M->47M(70M) 7.083ms
[2020-12-25T02:18:34.184-0400][gc,cpu         ] GC(386119) User=0.02s Sys=0.00s Real=0.00s
[2020-12-25T02:18:34.184-0400][gc             ] GC(386120) Concurrent Cycle
[2020-12-25T02:18:34.185-0400][gc,marking     ] GC(386120) Concurrent Clear Claimed Marks
[2020-12-25T02:18:34.185-0400][gc,marking     ] GC(386120) Concurrent Clear Claimed Marks 0.430ms
[2020-12-25T02:18:34.185-0400][gc,marking     ] GC(386120) Concurrent Scan Root Regions
[2020-12-25T02:18:34.188-0400][gc,marking     ] GC(386120) Concurrent Scan Root Regions 2.777ms
[2020-12-25T02:18:34.188-0400][gc,marking     ] GC(386120) Concurrent Mark (3373628.943s)
[2020-12-25T02:18:34.188-0400][gc,marking     ] GC(386120) Concurrent Mark From Roots
[2020-12-25T02:18:34.188-0400][gc,task        ] GC(386120) Using 1 workers of 1 for marking
[2020-12-25T02:18:34.514-0400][gc,marking     ] GC(386120) Concurrent Mark From Roots 326.315ms
[2020-12-25T02:18:34.514-0400][gc,marking     ] GC(386120) Concurrent Preclean
[2020-12-25T02:18:34.515-0400][gc,marking     ] GC(386120) Concurrent Preclean 0.662ms
[2020-12-25T02:18:34.515-0400][gc,marking     ] GC(386120) Concurrent Mark (3373628.943s, 3373629.270s) 327.231ms
[2020-12-25T02:18:34.516-0400][gc,start       ] GC(386120) Pause Remark
[2020-12-25T02:18:34.556-0400][gc,stringtable ] GC(386120) Cleaned string and symbol table, strings: 32400 processed, 0 removed, symbols: 131487 processed, 0 removed
[2020-12-25T02:18:34.557-0400][gc             ] GC(386120) Pause Remark 48M->48M(70M) 40.791ms
[2020-12-25T02:18:34.557-0400][gc,cpu         ] GC(386120) User=0.10s Sys=0.06s Real=0.04s
[2020-12-25T02:18:34.557-0400][gc,marking     ] GC(386120) Concurrent Rebuild Remembered Sets
[2020-12-25T02:18:34.748-0400][gc,marking     ] GC(386120) Concurrent Rebuild Remembered Sets 190.491ms
[2020-12-25T02:18:34.748-0400][gc,start       ] GC(386120) Pause Cleanup
[2020-12-25T02:18:34.749-0400][gc             ] GC(386120) Pause Cleanup 48M->48M(70M) 0.592ms
[2020-12-25T02:18:34.749-0400][gc,cpu         ] GC(386120) User=0.00s Sys=0.00s Real=0.00s
[2020-12-25T02:18:34.749-0400][gc,marking     ] GC(386120) Concurrent Cleanup for Next Mark
[2020-12-25T02:18:34.750-0400][gc,marking     ] GC(386120) Concurrent Cleanup for Next Mark 0.930ms
[2020-12-25T02:18:34.750-0400][gc             ] GC(386120) Concurrent Cycle 566.132ms
[2020-12-25T02:19:03.892-0400][gc,heap        ] GC(386121) Heap before GC invocations=386096 (full 11286): garbage-first heap   total 71680K, used 59225K [0x0000000083000000, 0x0000000100000000)
[2020-12-25T02:19:03.892-0400][gc,heap        ] GC(386121)   region size 1024K, 12 young (12288K), 1 survivors (1024K)
[2020-12-25T02:19:03.892-0400][gc,heap        ] GC(386121)  Metaspace       used 61064K, capacity 63785K, committed 64768K, reserved 1107968K
[2020-12-25T02:19:03.892-0400][gc,heap        ] GC(386121)   class space    used 5722K, capacity 6577K, committed 6912K, reserved 1048576K
[2020-12-25T02:19:03.892-0400][gc,start       ] GC(386121) Pause Young (Normal) (G1 Evacuation Pause)
[2020-12-25T02:19:03.892-0400][gc,task        ] GC(386121) Using 4 workers of 4 for evacuation
[2020-12-25T02:19:03.900-0400][gc,phases      ] GC(386121)   Pre Evacuate Collection Set: 0.0ms
[2020-12-25T02:19:03.900-0400][gc,phases      ] GC(386121)   Evacuate Collection Set: 4.9ms
[2020-12-25T02:19:03.900-0400][gc,phases      ] GC(386121)   Post Evacuate Collection Set: 1.6ms
[2020-12-25T02:19:03.900-0400][gc,phases      ] GC(386121)   Other: 0.9ms
[2020-12-25T02:19:03.900-0400][gc,heap        ] GC(386121) Eden regions: 11->0(11)
[2020-12-25T02:19:03.900-0400][gc,heap        ] GC(386121) Survivor regions: 1->1(2)
[2020-12-25T02:19:03.900-0400][gc,heap        ] GC(386121) Old regions: 46->46
[2020-12-25T02:19:03.900-0400][gc,heap        ] GC(386121) Humongous regions: 4->4
[2020-12-25T02:19:03.900-0400][gc,metaspace   ] GC(386121) Metaspace: 61064K->61064K(1107968K)
[2020-12-25T02:19:03.900-0400][gc,heap        ] GC(386121) Heap after GC invocations=386097 (full 11286): garbage-first heap   total 71680K, used 49082K [0x0000000083000000, 0x0000000100000000)
[2020-12-25T02:19:03.900-0400][gc,heap        ] GC(386121)   region size 1024K, 1 young (1024K), 1 survivors (1024K)
[2020-12-25T02:19:03.900-0400][gc,heap        ] GC(386121)  Metaspace       used 61064K, capacity 63785K, committed 64768K, reserved 1107968K
[2020-12-25T02:19:03.900-0400][gc,heap        ] GC(386121)   class space    used 5722K, capacity 6577K, committed 6912K, reserved 1048576K
[2020-12-25T02:19:03.900-0400][gc             ] GC(386121) Pause Young (Normal) (G1 Evacuation Pause) 58M->47M(70M) 7.844ms
[2020-12-25T02:19:03.900-0400][gc,cpu         ] GC(386121) User=0.01s Sys=0.02s Real=0.01s
[2020-12-25T02:19:43.893-0400][gc,heap        ] GC(386122) Heap before GC invocations=386097 (full 11286): garbage-first heap   total 71680K, used 59322K [0x0000000083000000, 0x0000000100000000)
[2020-12-25T02:19:43.893-0400][gc,heap        ] GC(386122)   region size 1024K, 12 young (12288K), 1 survivors (1024K)
[2020-12-25T02:19:43.893-0400][gc,heap        ] GC(386122)  Metaspace       used 61064K, capacity 63785K, committed 64768K, reserved 1107968K
[2020-12-25T02:19:43.893-0400][gc,heap        ] GC(386122)   class space    used 5722K, capacity 6577K, committed 6912K, reserved 1048576K
[2020-12-25T02:19:43.893-0400][gc,start       ] GC(386122) Pause Young (Concurrent Start) (G1 Evacuation Pause)
[2020-12-25T02:19:43.893-0400][gc,task        ] GC(386122) Using 4 workers of 4 for evacuation
[2020-12-25T02:19:43.900-0400][gc,phases      ] GC(386122)   Pre Evacuate Collection Set: 0.3ms
[2020-12-25T02:19:43.900-0400][gc,phases      ] GC(386122)   Evacuate Collection Set: 4.8ms
[2020-12-25T02:19:43.900-0400][gc,phases      ] GC(386122)   Post Evacuate Collection Set: 1.6ms
[2020-12-25T02:19:43.900-0400][gc,phases      ] GC(386122)   Other: 0.9ms
[2020-12-25T02:19:43.901-0400][gc,heap        ] GC(386122) Eden regions: 11->0(11)
[2020-12-25T02:19:43.901-0400][gc,heap        ] GC(386122) Survivor regions: 1->1(2)
[2020-12-25T02:19:43.901-0400][gc,heap        ] GC(386122) Old regions: 46->46
[2020-12-25T02:19:43.901-0400][gc,heap        ] GC(386122) Humongous regions: 4->4
[2020-12-25T02:19:43.901-0400][gc,metaspace   ] GC(386122) Metaspace: 61064K->61064K(1107968K)
[2020-12-25T02:19:43.901-0400][gc,heap        ] GC(386122) Heap after GC invocations=386098 (full 11286): garbage-first heap   total 71680K, used 49123K [0x0000000083000000, 0x0000000100000000)
[2020-12-25T02:19:43.901-0400][gc,heap        ] GC(386122)   region size 1024K, 1 young (1024K), 1 survivors (1024K)
[2020-12-25T02:19:43.901-0400][gc,heap        ] GC(386122)  Metaspace       used 61064K, capacity 63785K, committed 64768K, reserved 1107968K
[2020-12-25T02:19:43.901-0400][gc,heap        ] GC(386122)   class space    used 5722K, capacity 6577K, committed 6912K, reserved 1048576K
[2020-12-25T02:19:43.901-0400][gc             ] GC(386122) Pause Young (Concurrent Start) (G1 Evacuation Pause) 58M->47M(70M) 8.039ms
[2020-12-25T02:19:43.901-0400][gc,cpu         ] GC(386122) User=0.02s Sys=0.00s Real=0.01s
[2020-12-25T02:19:43.901-0400][gc             ] GC(386123) Concurrent Cycle
[2020-12-25T02:19:43.902-0400][gc,marking     ] GC(386123) Concurrent Clear Claimed Marks
[2020-12-25T02:19:43.902-0400][gc,marking     ] GC(386123) Concurrent Clear Claimed Marks 0.526ms
[2020-12-25T02:19:43.902-0400][gc,marking     ] GC(386123) Concurrent Scan Root Regions
[2020-12-25T02:19:43.906-0400][gc,marking     ] GC(386123) Concurrent Scan Root Regions 3.393ms
[2020-12-25T02:19:43.906-0400][gc,marking     ] GC(386123) Concurrent Mark (3373698.660s)
[2020-12-25T02:19:43.906-0400][gc,marking     ] GC(386123) Concurrent Mark From Roots
[2020-12-25T02:19:43.906-0400][gc,task        ] GC(386123) Using 1 workers of 1 for marking
[2020-12-25T02:19:44.230-0400][gc,marking     ] GC(386123) Concurrent Mark From Roots 323.917ms
[2020-12-25T02:19:44.230-0400][gc,marking     ] GC(386123) Concurrent Preclean
[2020-12-25T02:19:44.231-0400][gc,marking     ] GC(386123) Concurrent Preclean 0.681ms
[2020-12-25T02:19:44.231-0400][gc,marking     ] GC(386123) Concurrent Mark (3373698.660s, 3373698.985s) 324.853ms
[2020-12-25T02:19:44.231-0400][gc,start       ] GC(386123) Pause Remark
[2020-12-25T02:19:44.272-0400][gc,stringtable ] GC(386123) Cleaned string and symbol table, strings: 32400 processed, 73 removed, symbols: 131487 processed, 0 removed
[2020-12-25T02:19:44.273-0400][gc             ] GC(386123) Pause Remark 48M->48M(70M) 41.416ms
[2020-12-25T02:19:44.273-0400][gc,cpu         ] GC(386123) User=0.16s Sys=0.00s Real=0.04s
[2020-12-25T02:19:44.273-0400][gc,marking     ] GC(386123) Concurrent Rebuild Remembered Sets
[2020-12-25T02:19:44.465-0400][gc,marking     ] GC(386123) Concurrent Rebuild Remembered Sets 191.630ms
[2020-12-25T02:19:44.466-0400][gc,start       ] GC(386123) Pause Cleanup
[2020-12-25T02:19:44.466-0400][gc             ] GC(386123) Pause Cleanup 48M->48M(70M) 0.501ms
[2020-12-25T02:19:44.466-0400][gc,cpu         ] GC(386123) User=0.00s Sys=0.00s Real=0.00s
[2020-12-25T02:19:44.467-0400][gc,marking     ] GC(386123) Concurrent Cleanup for Next Mark
[2020-12-25T02:19:44.467-0400][gc,marking     ] GC(386123) Concurrent Cleanup for Next Mark 0.891ms
[2020-12-25T02:19:44.468-0400][gc             ] GC(386123) Concurrent Cycle 566.323ms
[2020-12-25T02:20:10.673-0400][gc,heap        ] GC(386124) Heap before GC invocations=386099 (full 11286): garbage-first heap   total 71680K, used 60387K [0x0000000083000000, 0x0000000100000000)
[2020-12-25T02:20:10.674-0400][gc,heap        ] GC(386124)   region size 1024K, 12 young (12288K), 1 survivors (1024K)
[2020-12-25T02:20:10.674-0400][gc,heap        ] GC(386124)  Metaspace       used 61064K, capacity 63785K, committed 64768K, reserved 1107968K
[2020-12-25T02:20:10.674-0400][gc,heap        ] GC(386124)   class space    used 5722K, capacity 6577K, committed 6912K, reserved 1048576K
[2020-12-25T02:20:10.674-0400][gc,start       ] GC(386124) Pause Young (Normal) (G1 Evacuation Pause)
[2020-12-25T02:20:10.674-0400][gc,task        ] GC(386124) Using 4 workers of 4 for evacuation
[2020-12-25T02:20:10.682-0400][gc,phases      ] GC(386124)   Pre Evacuate Collection Set: 0.0ms
[2020-12-25T02:20:10.682-0400][gc,phases      ] GC(386124)   Evacuate Collection Set: 5.3ms
[2020-12-25T02:20:10.682-0400][gc,phases      ] GC(386124)   Post Evacuate Collection Set: 1.8ms
[2020-12-25T02:20:10.682-0400][gc,phases      ] GC(386124)   Other: 0.9ms
[2020-12-25T02:20:10.682-0400][gc,heap        ] GC(386124) Eden regions: 11->0(11)
[2020-12-25T02:20:10.682-0400][gc,heap        ] GC(386124) Survivor regions: 1->1(2)
[2020-12-25T02:20:10.682-0400][gc,heap        ] GC(386124) Old regions: 46->46
[2020-12-25T02:20:10.682-0400][gc,heap        ] GC(386124) Humongous regions: 4->4
[2020-12-25T02:20:10.682-0400][gc,metaspace   ] GC(386124) Metaspace: 61064K->61064K(1107968K)
[2020-12-25T02:20:10.682-0400][gc,heap        ] GC(386124) Heap after GC invocations=386100 (full 11286): garbage-first heap   total 71680K, used 49247K [0x0000000083000000, 0x0000000100000000)
[2020-12-25T02:20:10.682-0400][gc,heap        ] GC(386124)   region size 1024K, 1 young (1024K), 1 survivors (1024K)
[2020-12-25T02:20:10.682-0400][gc,heap        ] GC(386124)  Metaspace       used 61064K, capacity 63785K, committed 64768K, reserved 1107968K
[2020-12-25T02:20:10.682-0400][gc,heap        ] GC(386124)   class space    used 5722K, capacity 6577K, committed 6912K, reserved 1048576K
[2020-12-25T02:20:10.682-0400][gc             ] GC(386124) Pause Young (Normal) (G1 Evacuation Pause) 58M->48M(70M) 8.560ms
[2020-12-25T02:20:10.683-0400][gc,cpu         ] GC(386124) User=0.01s Sys=0.01s Real=0.01s
[2020-12-25T02:20:44.500-0400][gc,heap        ] GC(386125) Heap before GC invocations=386100 (full 11286): garbage-first heap   total 71680K, used 59487K [0x0000000083000000, 0x0000000100000000)
[2020-12-25T02:20:44.501-0400][gc,heap        ] GC(386125)   region size 1024K, 12 young (12288K), 1 survivors (1024K)
[2020-12-25T02:20:44.501-0400][gc,heap        ] GC(386125)  Metaspace       used 61064K, capacity 63785K, committed 64768K, reserved 1107968K
[2020-12-25T02:20:44.501-0400][gc,heap        ] GC(386125)   class space    used 5722K, capacity 6577K, committed 6912K, reserved 1048576K
[2020-12-25T02:20:44.501-0400][gc,start       ] GC(386125) Pause Young (Concurrent Start) (G1 Evacuation Pause)
[2020-12-25T02:20:44.501-0400][gc,task        ] GC(386125) Using 4 workers of 4 for evacuation
[2020-12-25T02:20:44.509-0400][gc,phases      ] GC(386125)   Pre Evacuate Collection Set: 0.3ms
[2020-12-25T02:20:44.509-0400][gc,phases      ] GC(386125)   Evacuate Collection Set: 4.8ms
[2020-12-25T02:20:44.509-0400][gc,phases      ] GC(386125)   Post Evacuate Collection Set: 1.9ms
[2020-12-25T02:20:44.509-0400][gc,phases      ] GC(386125)   Other: 1.2ms
[2020-12-25T02:20:44.509-0400][gc,heap        ] GC(386125) Eden regions: 11->0(10)
[2020-12-25T02:20:44.509-0400][gc,heap        ] GC(386125) Survivor regions: 1->1(2)
[2020-12-25T02:20:44.509-0400][gc,heap        ] GC(386125) Old regions: 46->46
[2020-12-25T02:20:44.509-0400][gc,heap        ] GC(386125) Humongous regions: 4->4
[2020-12-25T02:20:44.509-0400][gc,metaspace   ] GC(386125) Metaspace: 61064K->61064K(1107968K)
[2020-12-25T02:20:44.509-0400][gc,heap        ] GC(386125) Heap after GC invocations=386101 (full 11286): garbage-first heap   total 71680K, used 49185K [0x0000000083000000, 0x0000000100000000)
[2020-12-25T02:20:44.509-0400][gc,heap        ] GC(386125)   region size 1024K, 1 young (1024K), 1 survivors (1024K)
[2020-12-25T02:20:44.509-0400][gc,heap        ] GC(386125)  Metaspace       used 61064K, capacity 63785K, committed 64768K, reserved 1107968K
[2020-12-25T02:20:44.509-0400][gc,heap        ] GC(386125)   class space    used 5722K, capacity 6577K, committed 6912K, reserved 1048576K
[2020-12-25T02:20:44.509-0400][gc             ] GC(386125) Pause Young (Concurrent Start) (G1 Evacuation Pause) 59M->48M(70M) 8.443ms
[2020-12-25T02:20:44.509-0400][gc,cpu         ] GC(386125) User=0.01s Sys=0.01s Real=0.01s
[2020-12-25T02:20:44.510-0400][gc             ] GC(386126) Concurrent Cycle
[2020-12-25T02:20:44.510-0400][gc,marking     ] GC(386126) Concurrent Clear Claimed Marks
[2020-12-25T02:20:44.510-0400][gc,marking     ] GC(386126) Concurrent Clear Claimed Marks 0.297ms
[2020-12-25T02:20:44.510-0400][gc,marking     ] GC(386126) Concurrent Scan Root Regions
[2020-12-25T02:20:44.514-0400][gc,marking     ] GC(386126) Concurrent Scan Root Regions 3.580ms
[2020-12-25T02:20:44.514-0400][gc,marking     ] GC(386126) Concurrent Mark (3373759.269s)
[2020-12-25T02:20:44.514-0400][gc,marking     ] GC(386126) Concurrent Mark From Roots
[2020-12-25T02:20:44.514-0400][gc,task        ] GC(386126) Using 1 workers of 1 for marking
[2020-12-25T02:20:44.834-0400][gc,marking     ] GC(386126) Concurrent Mark From Roots 320.140ms
[2020-12-25T02:20:44.834-0400][gc,marking     ] GC(386126) Concurrent Preclean
[2020-12-25T02:20:44.835-0400][gc,marking     ] GC(386126) Concurrent Preclean 0.680ms
[2020-12-25T02:20:44.835-0400][gc,marking     ] GC(386126) Concurrent Mark (3373759.269s, 3373759.590s) 321.071ms
[2020-12-25T02:20:44.836-0400][gc,start       ] GC(386126) Pause Remark
[2020-12-25T02:20:44.876-0400][gc,stringtable ] GC(386126) Cleaned string and symbol table, strings: 32327 processed, 0 removed, symbols: 131487 processed, 0 removed
[2020-12-25T02:20:44.877-0400][gc             ] GC(386126) Pause Remark 48M->48M(70M) 41.371ms
[2020-12-25T02:20:44.877-0400][gc,cpu         ] GC(386126) User=0.15s Sys=0.00s Real=0.04s
[2020-12-25T02:20:44.878-0400][gc,marking     ] GC(386126) Concurrent Rebuild Remembered Sets
[2020-12-25T02:20:45.066-0400][gc,marking     ] GC(386126) Concurrent Rebuild Remembered Sets 187.804ms
[2020-12-25T02:20:45.066-0400][gc,start       ] GC(386126) Pause Cleanup
[2020-12-25T02:20:45.067-0400][gc             ] GC(386126) Pause Cleanup 48M->48M(70M) 0.483ms
[2020-12-25T02:20:45.067-0400][gc,cpu         ] GC(386126) User=0.00s Sys=0.00s Real=0.00s
[2020-12-25T02:20:45.067-0400][gc,marking     ] GC(386126) Concurrent Cleanup for Next Mark
[2020-12-25T02:20:45.068-0400][gc,marking     ] GC(386126) Concurrent Cleanup for Next Mark 1.006ms
[2020-12-25T02:20:45.068-0400][gc             ] GC(386126) Concurrent Cycle 558.628ms
[2020-12-25T02:21:09.315-0400][gc,heap        ] GC(386127) Heap before GC invocations=386102 (full 11286): garbage-first heap   total 71680K, used 59425K [0x0000000083000000, 0x0000000100000000)
[2020-12-25T02:21:09.315-0400][gc,heap        ] GC(386127)   region size 1024K, 11 young (11264K), 1 survivors (1024K)
[2020-12-25T02:21:09.315-0400][gc,heap        ] GC(386127)  Metaspace       used 61064K, capacity 63785K, committed 64768K, reserved 1107968K
[2020-12-25T02:21:09.315-0400][gc,heap        ] GC(386127)   class space    used 5722K, capacity 6577K, committed 6912K, reserved 1048576K
[2020-12-25T02:21:09.315-0400][gc,start       ] GC(386127) Pause Young (Normal) (G1 Evacuation Pause)
[2020-12-25T02:21:09.316-0400][gc,task        ] GC(386127) Using 4 workers of 4 for evacuation
[2020-12-25T02:21:09.323-0400][gc,phases      ] GC(386127)   Pre Evacuate Collection Set: 0.0ms
[2020-12-25T02:21:09.323-0400][gc,phases      ] GC(386127)   Evacuate Collection Set: 5.1ms
[2020-12-25T02:21:09.323-0400][gc,phases      ] GC(386127)   Post Evacuate Collection Set: 1.7ms
[2020-12-25T02:21:09.323-0400][gc,phases      ] GC(386127)   Other: 0.9ms
[2020-12-25T02:21:09.323-0400][gc,heap        ] GC(386127) Eden regions: 10->0(10)
[2020-12-25T02:21:09.323-0400][gc,heap        ] GC(386127) Survivor regions: 1->1(2)
[2020-12-25T02:21:09.323-0400][gc,heap        ] GC(386127) Old regions: 46->46
[2020-12-25T02:21:09.323-0400][gc,heap        ] GC(386127) Humongous regions: 4->4
[2020-12-25T02:21:09.323-0400][gc,metaspace   ] GC(386127) Metaspace: 61064K->61064K(1107968K)
[2020-12-25T02:21:09.323-0400][gc,heap        ] GC(386127) Heap after GC invocations=386103 (full 11286): garbage-first heap   total 71680K, used 49203K [0x0000000083000000, 0x0000000100000000)
[2020-12-25T02:21:09.323-0400][gc,heap        ] GC(386127)   region size 1024K, 1 young (1024K), 1 survivors (1024K)
[2020-12-25T02:21:09.324-0400][gc,heap        ] GC(386127)  Metaspace       used 61064K, capacity 63785K, committed 64768K, reserved 1107968K
[2020-12-25T02:21:09.324-0400][gc,heap        ] GC(386127)   class space    used 5722K, capacity 6577K, committed 6912K, reserved 1048576K
[2020-12-25T02:21:09.324-0400][gc             ] GC(386127) Pause Young (Normal) (G1 Evacuation Pause) 58M->48M(70M) 8.205ms
[2020-12-25T02:21:09.324-0400][gc,cpu         ] GC(386127) User=0.02s Sys=0.00s Real=0.01s
[2020-12-25T02:21:45.733-0400][gc,heap        ] GC(386128) Heap before GC invocations=386103 (full 11286): garbage-first heap   total 71680K, used 58419K [0x0000000083000000, 0x0000000100000000)
[2020-12-25T02:21:45.733-0400][gc,heap        ] GC(386128)   region size 1024K, 11 young (11264K), 1 survivors (1024K)
[2020-12-25T02:21:45.733-0400][gc,heap        ] GC(386128)  Metaspace       used 61064K, capacity 63785K, committed 64768K, reserved 1107968K
[2020-12-25T02:21:45.733-0400][gc,heap        ] GC(386128)   class space    used 5722K, capacity 6577K, committed 6912K, reserved 1048576K
[2020-12-25T02:21:45.733-0400][gc,start       ] GC(386128) Pause Young (Concurrent Start) (G1 Evacuation Pause)
[2020-12-25T02:21:45.733-0400][gc,task        ] GC(386128) Using 4 workers of 4 for evacuation
[2020-12-25T02:21:45.741-0400][gc,phases      ] GC(386128)   Pre Evacuate Collection Set: 0.3ms
[2020-12-25T02:21:45.741-0400][gc,phases      ] GC(386128)   Evacuate Collection Set: 4.8ms
[2020-12-25T02:21:45.741-0400][gc,phases      ] GC(386128)   Post Evacuate Collection Set: 1.9ms
[2020-12-25T02:21:45.741-0400][gc,phases      ] GC(386128)   Other: 0.9ms
[2020-12-25T02:21:45.741-0400][gc,heap        ] GC(386128) Eden regions: 10->0(10)
[2020-12-25T02:21:45.741-0400][gc,heap        ] GC(386128) Survivor regions: 1->1(2)
[2020-12-25T02:21:45.741-0400][gc,heap        ] GC(386128) Old regions: 46->46
[2020-12-25T02:21:45.741-0400][gc,heap        ] GC(386128) Humongous regions: 4->4
[2020-12-25T02:21:45.741-0400][gc,metaspace   ] GC(386128) Metaspace: 61064K->61064K(1107968K)
[2020-12-25T02:21:45.741-0400][gc,heap        ] GC(386128) Heap after GC invocations=386104 (full 11286): garbage-first heap   total 71680K, used 49158K [0x0000000083000000, 0x0000000100000000)
[2020-12-25T02:21:45.741-0400][gc,heap        ] GC(386128)   region size 1024K, 1 young (1024K), 1 survivors (1024K)
[2020-12-25T02:21:45.741-0400][gc,heap        ] GC(386128)  Metaspace       used 61064K, capacity 63785K, committed 64768K, reserved 1107968K
[2020-12-25T02:21:45.741-0400][gc,heap        ] GC(386128)   class space    used 5722K, capacity 6577K, committed 6912K, reserved 1048576K
[2020-12-25T02:21:45.741-0400][gc             ] GC(386128) Pause Young (Concurrent Start) (G1 Evacuation Pause) 58M->48M(70M) 8.227ms
[2020-12-25T02:21:45.741-0400][gc,cpu         ] GC(386128) User=0.02s Sys=0.01s Real=0.01s
[2020-12-25T02:21:45.742-0400][gc             ] GC(386129) Concurrent Cycle
[2020-12-25T02:21:45.742-0400][gc,marking     ] GC(386129) Concurrent Clear Claimed Marks
[2020-12-25T02:21:45.742-0400][gc,marking     ] GC(386129) Concurrent Clear Claimed Marks 0.302ms
[2020-12-25T02:21:45.742-0400][gc,marking     ] GC(386129) Concurrent Scan Root Regions
[2020-12-25T02:21:45.745-0400][gc,marking     ] GC(386129) Concurrent Scan Root Regions 3.130ms
[2020-12-25T02:21:45.745-0400][gc,marking     ] GC(386129) Concurrent Mark (3373820.500s)
[2020-12-25T02:21:45.745-0400][gc,marking     ] GC(386129) Concurrent Mark From Roots
[2020-12-25T02:21:45.746-0400][gc,task        ] GC(386129) Using 1 workers of 1 for marking
[2020-12-25T02:21:46.070-0400][gc,marking     ] GC(386129) Concurrent Mark From Roots 324.864ms
[2020-12-25T02:21:46.070-0400][gc,marking     ] GC(386129) Concurrent Preclean
[2020-12-25T02:21:46.071-0400][gc,marking     ] GC(386129) Concurrent Preclean 0.674ms
[2020-12-25T02:21:46.071-0400][gc,marking     ] GC(386129) Concurrent Mark (3373820.500s, 3373820.826s) 325.790ms
[2020-12-25T02:21:46.072-0400][gc,start       ] GC(386129) Pause Remark
[2020-12-25T02:21:46.113-0400][gc,stringtable ] GC(386129) Cleaned string and symbol table, strings: 32327 processed, 0 removed, symbols: 131487 processed, 0 removed
[2020-12-25T02:21:46.114-0400][gc             ] GC(386129) Pause Remark 48M->48M(70M) 41.712ms
[2020-12-25T02:21:46.114-0400][gc,cpu         ] GC(386129) User=0.10s Sys=0.06s Real=0.04s
[2020-12-25T02:21:46.114-0400][gc,marking     ] GC(386129) Concurrent Rebuild Remembered Sets
[2020-12-25T02:21:46.302-0400][gc,marking     ] GC(386129) Concurrent Rebuild Remembered Sets 187.719ms
[2020-12-25T02:21:46.303-0400][gc,start       ] GC(386129) Pause Cleanup
[2020-12-25T02:21:46.303-0400][gc             ] GC(386129) Pause Cleanup 48M->48M(70M) 0.480ms
[2020-12-25T02:21:46.303-0400][gc,cpu         ] GC(386129) User=0.00s Sys=0.01s Real=0.00s
[2020-12-25T02:21:46.304-0400][gc,marking     ] GC(386129) Concurrent Cleanup for Next Mark
[2020-12-25T02:21:46.304-0400][gc,marking     ] GC(386129) Concurrent Cleanup for Next Mark 0.926ms
[2020-12-25T02:21:46.305-0400][gc             ] GC(386129) Concurrent Cycle 562.867ms
[2020-12-25T02:21:50.924-0400][gc,task        ] GC(386130) Using 3 workers of 4 for full compaction
[2020-12-25T02:21:50.924-0400][gc,start       ] GC(386130) Pause Full (System.gc())
[2020-12-25T02:21:50.924-0400][gc,heap        ] GC(386130) Heap before GC invocations=386105 (full 11286): garbage-first heap   total 71680K, used 50182K [0x0000000083000000, 0x0000000100000000)
[2020-12-25T02:21:50.924-0400][gc,heap        ] GC(386130)   region size 1024K, 3 young (3072K), 1 survivors (1024K)
[2020-12-25T02:21:50.924-0400][gc,heap        ] GC(386130)  Metaspace       used 61064K, capacity 63785K, committed 64768K, reserved 1107968K
[2020-12-25T02:21:50.924-0400][gc,heap        ] GC(386130)   class space    used 5722K, capacity 6577K, committed 6912K, reserved 1048576K
[2020-12-25T02:21:50.927-0400][gc,phases,start] GC(386130) Phase 1: Mark live objects
[2020-12-25T02:21:51.070-0400][gc,stringtable ] GC(386130) Cleaned string and symbol table, strings: 32327 processed, 0 removed, symbols: 131487 processed, 0 removed
[2020-12-25T02:21:51.070-0400][gc,phases      ] GC(386130) Phase 1: Mark live objects 143.694ms
[2020-12-25T02:21:51.070-0400][gc,phases,start] GC(386130) Phase 2: Prepare for compaction
[2020-12-25T02:21:51.100-0400][gc,phases      ] GC(386130) Phase 2: Prepare for compaction 29.728ms
[2020-12-25T02:21:51.100-0400][gc,phases,start] GC(386130) Phase 3: Adjust pointers
[2020-12-25T02:21:51.180-0400][gc,phases      ] GC(386130) Phase 3: Adjust pointers 79.952ms
[2020-12-25T02:21:51.180-0400][gc,phases,start] GC(386130) Phase 4: Compact heap
[2020-12-25T02:21:51.204-0400][gc,phases      ] GC(386130) Phase 4: Compact heap 23.399ms
[2020-12-25T02:21:51.239-0400][gc,heap        ] GC(386130) Eden regions: 2->0(10)
[2020-12-25T02:21:51.240-0400][gc,heap        ] GC(386130) Survivor regions: 1->0(2)
[2020-12-25T02:21:51.240-0400][gc,heap        ] GC(386130) Old regions: 46->47
[2020-12-25T02:21:51.240-0400][gc,heap        ] GC(386130) Humongous regions: 4->4
[2020-12-25T02:21:51.240-0400][gc,metaspace   ] GC(386130) Metaspace: 61064K->61064K(1107968K)
[2020-12-25T02:21:51.240-0400][gc,heap        ] GC(386130) Heap after GC invocations=386106 (full 11287): garbage-first heap   total 71680K, used 48550K [0x0000000083000000, 0x0000000100000000)
[2020-12-25T02:21:51.240-0400][gc,heap        ] GC(386130)   region size 1024K, 0 young (0K), 0 survivors (0K)
[2020-12-25T02:21:51.240-0400][gc,heap        ] GC(386130)  Metaspace       used 61064K, capacity 63785K, committed 64768K, reserved 1107968K
[2020-12-25T02:21:51.240-0400][gc,heap        ] GC(386130)   class space    used 5722K, capacity 6577K, committed 6912K, reserved 1048576K
[2020-12-25T02:21:51.240-0400][gc             ] GC(386130) Pause Full (System.gc()) 49M->47M(70M) 315.838ms
[2020-12-25T02:21:51.240-0400][gc,cpu         ] GC(386130) User=0.85s Sys=0.00s Real=0.32s
[2020-12-25T02:22:13.894-0400][gc,heap        ] GC(386131) Heap before GC invocations=386106 (full 11287): garbage-first heap   total 71680K, used 57766K [0x0000000083000000, 0x0000000100000000)
[2020-12-25T02:22:13.894-0400][gc,heap        ] GC(386131)   region size 1024K, 10 young (10240K), 0 survivors (0K)
[2020-12-25T02:22:13.894-0400][gc,heap        ] GC(386131)  Metaspace       used 61064K, capacity 63785K, committed 64768K, reserved 1107968K
[2020-12-25T02:22:13.894-0400][gc,heap        ] GC(386131)   class space    used 5722K, capacity 6577K, committed 6912K, reserved 1048576K
[2020-12-25T02:22:13.894-0400][gc,start       ] GC(386131) Pause Young (Concurrent Start) (G1 Evacuation Pause)
[2020-12-25T02:22:13.894-0400][gc,task        ] GC(386131) Using 4 workers of 4 for evacuation
[2020-12-25T02:22:13.901-0400][gc,phases      ] GC(386131)   Pre Evacuate Collection Set: 0.2ms
[2020-12-25T02:22:13.901-0400][gc,phases      ] GC(386131)   Evacuate Collection Set: 4.0ms
[2020-12-25T02:22:13.901-0400][gc,phases      ] GC(386131)   Post Evacuate Collection Set: 1.8ms
[2020-12-25T02:22:13.901-0400][gc,phases      ] GC(386131)   Other: 1.0ms
[2020-12-25T02:22:13.901-0400][gc,heap        ] GC(386131) Eden regions: 10->0(10)
[2020-12-25T02:22:13.901-0400][gc,heap        ] GC(386131) Survivor regions: 0->1(2)
[2020-12-25T02:22:13.901-0400][gc,heap        ] GC(386131) Old regions: 47->47
[2020-12-25T02:22:13.901-0400][gc,heap        ] GC(386131) Humongous regions: 4->4
[2020-12-25T02:22:13.901-0400][gc,metaspace   ] GC(386131) Metaspace: 61064K->61064K(1107968K)
[2020-12-25T02:22:13.901-0400][gc,heap        ] GC(386131) Heap after GC invocations=386107 (full 11287): garbage-first heap   total 71680K, used 48800K [0x0000000083000000, 0x0000000100000000)
[2020-12-25T02:22:13.901-0400][gc,heap        ] GC(386131)   region size 1024K, 1 young (1024K), 1 survivors (1024K)
[2020-12-25T02:22:13.902-0400][gc,heap        ] GC(386131)  Metaspace       used 61064K, capacity 63785K, committed 64768K, reserved 1107968K
[2020-12-25T02:22:13.902-0400][gc,heap        ] GC(386131)   class space    used 5722K, capacity 6577K, committed 6912K, reserved 1048576K
[2020-12-25T02:22:13.902-0400][gc             ] GC(386131) Pause Young (Concurrent Start) (G1 Evacuation Pause) 57M->47M(70M) 7.364ms
[2020-12-25T02:22:13.902-0400][gc,cpu         ] GC(386131) User=0.02s Sys=0.00s Real=0.01s
[2020-12-25T02:22:13.902-0400][gc             ] GC(386132) Concurrent Cycle
[2020-12-25T02:22:13.902-0400][gc,marking     ] GC(386132) Concurrent Clear Claimed Marks
[2020-12-25T02:22:13.902-0400][gc,marking     ] GC(386132) Concurrent Clear Claimed Marks 0.316ms
[2020-12-25T02:22:13.903-0400][gc,marking     ] GC(386132) Concurrent Scan Root Regions
[2020-12-25T02:22:13.906-0400][gc,marking     ] GC(386132) Concurrent Scan Root Regions 3.175ms
[2020-12-25T02:22:13.906-0400][gc,marking     ] GC(386132) Concurrent Mark (3373848.661s)
[2020-12-25T02:22:13.906-0400][gc,marking     ] GC(386132) Concurrent Mark From Roots
[2020-12-25T02:22:13.906-0400][gc,task        ] GC(386132) Using 1 workers of 1 for marking
[2020-12-25T02:22:14.231-0400][gc,marking     ] GC(386132) Concurrent Mark From Roots 325.069ms
[2020-12-25T02:22:14.231-0400][gc,marking     ] GC(386132) Concurrent Preclean
[2020-12-25T02:22:14.232-0400][gc,marking     ] GC(386132) Concurrent Preclean 0.694ms
[2020-12-25T02:22:14.232-0400][gc,marking     ] GC(386132) Concurrent Mark (3373848.661s, 3373848.987s) 326.041ms
[2020-12-25T02:22:14.233-0400][gc,start       ] GC(386132) Pause Remark
[2020-12-25T02:22:14.272-0400][gc,stringtable ] GC(386132) Cleaned string and symbol table, strings: 32327 processed, 0 removed, symbols: 131487 processed, 0 removed
[2020-12-25T02:22:14.273-0400][gc             ] GC(386132) Pause Remark 48M->48M(70M) 40.397ms
[2020-12-25T02:22:14.273-0400][gc,cpu         ] GC(386132) User=0.15s Sys=0.01s Real=0.04s
[2020-12-25T02:22:14.274-0400][gc,marking     ] GC(386132) Concurrent Rebuild Remembered Sets
[2020-12-25T02:22:14.462-0400][gc,marking     ] GC(386132) Concurrent Rebuild Remembered Sets 188.109ms
[2020-12-25T02:22:14.463-0400][gc,start       ] GC(386132) Pause Cleanup
[2020-12-25T02:22:14.464-0400][gc             ] GC(386132) Pause Cleanup 48M->48M(70M) 0.455ms
[2020-12-25T02:22:14.464-0400][gc,cpu         ] GC(386132) User=0.00s Sys=0.00s Real=0.00s
[2020-12-25T02:22:14.464-0400][gc,marking     ] GC(386132) Concurrent Cleanup for Next Mark
[2020-12-25T02:22:14.465-0400][gc,marking     ] GC(386132) Concurrent Cleanup for Next Mark 0.995ms
[2020-12-25T02:22:14.465-0400][gc             ] GC(386132) Concurrent Cycle 563.129ms
[2020-12-25T02:22:44.883-0400][gc,heap        ] GC(386133) Heap before GC invocations=386108 (full 11287): garbage-first heap   total 71680K, used 58016K [0x0000000083000000, 0x0000000100000000)
[2020-12-25T02:22:44.883-0400][gc,heap        ] GC(386133)   region size 1024K, 11 young (11264K), 1 survivors (1024K)
[2020-12-25T02:22:44.883-0400][gc,heap        ] GC(386133)  Metaspace       used 61064K, capacity 63785K, committed 64768K, reserved 1107968K
[2020-12-25T02:22:44.883-0400][gc,heap        ] GC(386133)   class space    used 5722K, capacity 6577K, committed 6912K, reserved 1048576K
[2020-12-25T02:22:44.883-0400][gc,start       ] GC(386133) Pause Young (Normal) (G1 Evacuation Pause)
[2020-12-25T02:22:44.883-0400][gc,task        ] GC(386133) Using 4 workers of 4 for evacuation
[2020-12-25T02:22:44.890-0400][gc,phases      ] GC(386133)   Pre Evacuate Collection Set: 0.0ms
[2020-12-25T02:22:44.890-0400][gc,phases      ] GC(386133)   Evacuate Collection Set: 4.6ms
[2020-12-25T02:22:44.890-0400][gc,phases      ] GC(386133)   Post Evacuate Collection Set: 1.7ms
[2020-12-25T02:22:44.890-0400][gc,phases      ] GC(386133)   Other: 0.9ms
[2020-12-25T02:22:44.890-0400][gc,heap        ] GC(386133) Eden regions: 10->0(10)
[2020-12-25T02:22:44.890-0400][gc,heap        ] GC(386133) Survivor regions: 1->1(2)
[2020-12-25T02:22:44.891-0400][gc,heap        ] GC(386133) Old regions: 47->47
[2020-12-25T02:22:44.891-0400][gc,heap        ] GC(386133) Humongous regions: 4->4
[2020-12-25T02:22:44.891-0400][gc,metaspace   ] GC(386133) Metaspace: 61064K->61064K(1107968K)
[2020-12-25T02:22:44.891-0400][gc,heap        ] GC(386133) Heap after GC invocations=386109 (full 11287): garbage-first heap   total 71680K, used 48798K [0x0000000083000000, 0x0000000100000000)
[2020-12-25T02:22:44.891-0400][gc,heap        ] GC(386133)   region size 1024K, 1 young (1024K), 1 survivors (1024K)
[2020-12-25T02:22:44.891-0400][gc,heap        ] GC(386133)  Metaspace       used 61064K, capacity 63785K, committed 64768K, reserved 1107968K
[2020-12-25T02:22:44.891-0400][gc,heap        ] GC(386133)   class space    used 5722K, capacity 6577K, committed 6912K, reserved 1048576K
[2020-12-25T02:22:44.891-0400][gc             ] GC(386133) Pause Young (Normal) (G1 Evacuation Pause) 57M->47M(70M) 7.757ms
[2020-12-25T02:22:44.891-0400][gc,cpu         ] GC(386133) User=0.02s Sys=0.00s Real=0.01s
[2020-12-25T02:23:01.260-0400][gc,heap        ] GC(386134) Heap before GC invocations=386109 (full 11287): garbage-first heap   total 71680K, used 58014K [0x0000000083000000, 0x0000000100000000)
[2020-12-25T02:23:01.260-0400][gc,heap        ] GC(386134)   region size 1024K, 11 young (11264K), 1 survivors (1024K)
[2020-12-25T02:23:01.260-0400][gc,heap        ] GC(386134)  Metaspace       used 61064K, capacity 63785K, committed 64768K, reserved 1107968K
[2020-12-25T02:23:01.260-0400][gc,heap        ] GC(386134)   class space    used 5722K, capacity 6577K, committed 6912K, reserved 1048576K
[2020-12-25T02:23:01.261-0400][gc,start       ] GC(386134) Pause Young (Concurrent Start) (G1 Evacuation Pause)
[2020-12-25T02:23:01.261-0400][gc,task        ] GC(386134) Using 4 workers of 4 for evacuation
[2020-12-25T02:23:01.269-0400][gc,phases      ] GC(386134)   Pre Evacuate Collection Set: 0.2ms
[2020-12-25T02:23:01.269-0400][gc,phases      ] GC(386134)   Evacuate Collection Set: 5.6ms
[2020-12-25T02:23:01.269-0400][gc,phases      ] GC(386134)   Post Evacuate Collection Set: 1.6ms
[2020-12-25T02:23:01.269-0400][gc,phases      ] GC(386134)   Other: 1.1ms
[2020-12-25T02:23:01.269-0400][gc,heap        ] GC(386134) Eden regions: 10->0(10)
[2020-12-25T02:23:01.269-0400][gc,heap        ] GC(386134) Survivor regions: 1->1(2)
[2020-12-25T02:23:01.269-0400][gc,heap        ] GC(386134) Old regions: 47->47
[2020-12-25T02:23:01.269-0400][gc,heap        ] GC(386134) Humongous regions: 4->4
[2020-12-25T02:23:01.269-0400][gc,metaspace   ] GC(386134) Metaspace: 61064K->61064K(1107968K)
[2020-12-25T02:23:01.269-0400][gc,heap        ] GC(386134) Heap after GC invocations=386110 (full 11287): garbage-first heap   total 71680K, used 49032K [0x0000000083000000, 0x0000000100000000)
[2020-12-25T02:23:01.269-0400][gc,heap        ] GC(386134)   region size 1024K, 1 young (1024K), 1 survivors (1024K)
[2020-12-25T02:23:01.269-0400][gc,heap        ] GC(386134)  Metaspace       used 61064K, capacity 63785K, committed 64768K, reserved 1107968K
[2020-12-25T02:23:01.269-0400][gc,heap        ] GC(386134)   class space    used 5722K, capacity 6577K, committed 6912K, reserved 1048576K
[2020-12-25T02:23:01.270-0400][gc             ] GC(386134) Pause Young (Concurrent Start) (G1 Evacuation Pause) 57M->47M(70M) 8.904ms
[2020-12-25T02:23:01.270-0400][gc,cpu         ] GC(386134) User=0.01s Sys=0.02s Real=0.01s
[2020-12-25T02:23:01.271-0400][gc             ] GC(386135) Concurrent Cycle
[2020-12-25T02:23:01.271-0400][gc,marking     ] GC(386135) Concurrent Clear Claimed Marks
[2020-12-25T02:23:01.271-0400][gc,marking     ] GC(386135) Concurrent Clear Claimed Marks 0.383ms
[2020-12-25T02:23:01.271-0400][gc,marking     ] GC(386135) Concurrent Scan Root Regions
[2020-12-25T02:23:01.276-0400][gc,marking     ] GC(386135) Concurrent Scan Root Regions 4.294ms
[2020-12-25T02:23:01.276-0400][gc,marking     ] GC(386135) Concurrent Mark (3373896.030s)
[2020-12-25T02:23:01.276-0400][gc,marking     ] GC(386135) Concurrent Mark From Roots
[2020-12-25T02:23:01.276-0400][gc,task        ] GC(386135) Using 1 workers of 1 for marking
[2020-12-25T02:23:01.651-0400][gc,marking     ] GC(386135) Concurrent Mark From Roots 375.413ms
[2020-12-25T02:23:01.651-0400][gc,marking     ] GC(386135) Concurrent Preclean
[2020-12-25T02:23:01.652-0400][gc,marking     ] GC(386135) Concurrent Preclean 0.824ms
[2020-12-25T02:23:01.652-0400][gc,marking     ] GC(386135) Concurrent Mark (3373896.030s, 3373896.407s) 376.552ms
[2020-12-25T02:23:01.653-0400][gc,start       ] GC(386135) Pause Remark
[2020-12-25T02:23:01.694-0400][gc,stringtable ] GC(386135) Cleaned string and symbol table, strings: 32327 processed, 0 removed, symbols: 131487 processed, 0 removed
[2020-12-25T02:23:01.695-0400][gc             ] GC(386135) Pause Remark 51M->51M(70M) 42.126ms
[2020-12-25T02:23:01.695-0400][gc,cpu         ] GC(386135) User=0.10s Sys=0.06s Real=0.04s
[2020-12-25T02:23:01.696-0400][gc,marking     ] GC(386135) Concurrent Rebuild Remembered Sets
[2020-12-25T02:23:01.888-0400][gc,marking     ] GC(386135) Concurrent Rebuild Remembered Sets 192.777ms
[2020-12-25T02:23:01.889-0400][gc,start       ] GC(386135) Pause Cleanup
[2020-12-25T02:23:01.890-0400][gc             ] GC(386135) Pause Cleanup 51M->51M(70M) 0.466ms
[2020-12-25T02:23:01.890-0400][gc,cpu         ] GC(386135) User=0.00s Sys=0.00s Real=0.00s
[2020-12-25T02:23:01.890-0400][gc,marking     ] GC(386135) Concurrent Cleanup for Next Mark
[2020-12-25T02:23:01.891-0400][gc,marking     ] GC(386135) Concurrent Cleanup for Next Mark 0.924ms
[2020-12-25T02:23:01.891-0400][gc             ] GC(386135) Concurrent Cycle 620.532ms
[2020-12-25T02:23:03.916-0400][gc,heap        ] GC(386136) Heap before GC invocations=386111 (full 11287): garbage-first heap   total 71680K, used 58244K [0x0000000083000000, 0x0000000100000000)
[2020-12-25T02:23:03.916-0400][gc,heap        ] GC(386136)   region size 1024K, 11 young (11264K), 1 survivors (1024K)
[2020-12-25T02:23:03.916-0400][gc,heap        ] GC(386136)  Metaspace       used 61064K, capacity 63785K, committed 64768K, reserved 1107968K
[2020-12-25T02:23:03.916-0400][gc,heap        ] GC(386136)   class space    used 5722K, capacity 6577K, committed 6912K, reserved 1048576K
[2020-12-25T02:23:03.916-0400][gc,start       ] GC(386136) Pause Young (Normal) (G1 Evacuation Pause)
[2020-12-25T02:23:03.916-0400][gc,task        ] GC(386136) Using 4 workers of 4 for evacuation
[2020-12-25T02:23:03.924-0400][gc,phases      ] GC(386136)   Pre Evacuate Collection Set: 0.0ms
[2020-12-25T02:23:03.924-0400][gc,phases      ] GC(386136)   Evacuate Collection Set: 5.8ms
[2020-12-25T02:23:03.924-0400][gc,phases      ] GC(386136)   Post Evacuate Collection Set: 1.3ms
[2020-12-25T02:23:03.924-0400][gc,phases      ] GC(386136)   Other: 0.9ms
[2020-12-25T02:23:03.924-0400][gc,heap        ] GC(386136) Eden regions: 10->0(10)
[2020-12-25T02:23:03.924-0400][gc,heap        ] GC(386136) Survivor regions: 1->1(2)
[2020-12-25T02:23:03.924-0400][gc,heap        ] GC(386136) Old regions: 46->46
[2020-12-25T02:23:03.924-0400][gc,heap        ] GC(386136) Humongous regions: 4->4
[2020-12-25T02:23:03.924-0400][gc,metaspace   ] GC(386136) Metaspace: 61064K->61064K(1107968K)
[2020-12-25T02:23:03.924-0400][gc,heap        ] GC(386136) Heap after GC invocations=386112 (full 11287): garbage-first heap   total 71680K, used 49093K [0x0000000083000000, 0x0000000100000000)
[2020-12-25T02:23:03.924-0400][gc,heap        ] GC(386136)   region size 1024K, 1 young (1024K), 1 survivors (1024K)
[2020-12-25T02:23:03.924-0400][gc,heap        ] GC(386136)  Metaspace       used 61064K, capacity 63785K, committed 64768K, reserved 1107968K
[2020-12-25T02:23:03.924-0400][gc,heap        ] GC(386136)   class space    used 5722K, capacity 6577K, committed 6912K, reserved 1048576K
[2020-12-25T02:23:03.924-0400][gc             ] GC(386136) Pause Young (Normal) (G1 Evacuation Pause) 57M->47M(70M) 8.408ms
[2020-12-25T02:23:03.925-0400][gc,cpu         ] GC(386136) User=0.03s Sys=0.00s Real=0.00s
[2020-12-25T02:23:06.906-0400][gc,heap        ] GC(386137) Heap before GC invocations=386112 (full 11287): garbage-first heap   total 71680K, used 58309K [0x0000000083000000, 0x0000000100000000)
[2020-12-25T02:23:06.906-0400][gc,heap        ] GC(386137)   region size 1024K, 11 young (11264K), 1 survivors (1024K)
[2020-12-25T02:23:06.906-0400][gc,heap        ] GC(386137)  Metaspace       used 61064K, capacity 63785K, committed 64768K, reserved 1107968K
[2020-12-25T02:23:06.906-0400][gc,heap        ] GC(386137)   class space    used 5722K, capacity 6577K, committed 6912K, reserved 1048576K
[2020-12-25T02:23:06.906-0400][gc,start       ] GC(386137) Pause Young (Concurrent Start) (G1 Evacuation Pause)
[2020-12-25T02:23:06.906-0400][gc,task        ] GC(386137) Using 4 workers of 4 for evacuation
[2020-12-25T02:23:06.914-0400][gc,phases      ] GC(386137)   Pre Evacuate Collection Set: 0.2ms
[2020-12-25T02:23:06.914-0400][gc,phases      ] GC(386137)   Evacuate Collection Set: 5.5ms
[2020-12-25T02:23:06.915-0400][gc,phases      ] GC(386137)   Post Evacuate Collection Set: 1.7ms
[2020-12-25T02:23:06.915-0400][gc,phases      ] GC(386137)   Other: 0.9ms
[2020-12-25T02:23:06.915-0400][gc,heap        ] GC(386137) Eden regions: 10->0(10)
[2020-12-25T02:23:06.915-0400][gc,heap        ] GC(386137) Survivor regions: 1->1(2)
[2020-12-25T02:23:06.915-0400][gc,heap        ] GC(386137) Old regions: 46->46
[2020-12-25T02:23:06.915-0400][gc,heap        ] GC(386137) Humongous regions: 4->4
[2020-12-25T02:23:06.915-0400][gc,metaspace   ] GC(386137) Metaspace: 61064K->61064K(1107968K)
[2020-12-25T02:23:06.915-0400][gc,heap        ] GC(386137) Heap after GC invocations=386113 (full 11287): garbage-first heap   total 71680K, used 49121K [0x0000000083000000, 0x0000000100000000)
[2020-12-25T02:23:06.915-0400][gc,heap        ] GC(386137)   region size 1024K, 1 young (1024K), 1 survivors (1024K)
[2020-12-25T02:23:06.915-0400][gc,heap        ] GC(386137)  Metaspace       used 61064K, capacity 63785K, committed 64768K, reserved 1107968K
[2020-12-25T02:23:06.915-0400][gc,heap        ] GC(386137)   class space    used 5722K, capacity 6577K, committed 6912K, reserved 1048576K
[2020-12-25T02:23:06.915-0400][gc             ] GC(386137) Pause Young (Concurrent Start) (G1 Evacuation Pause) 57M->47M(70M) 8.733ms
[2020-12-25T02:23:06.915-0400][gc,cpu         ] GC(386137) User=0.02s Sys=0.00s Real=0.00s
[2020-12-25T02:23:06.915-0400][gc             ] GC(386138) Concurrent Cycle
[2020-12-25T02:23:06.916-0400][gc,marking     ] GC(386138) Concurrent Clear Claimed Marks
[2020-12-25T02:23:06.916-0400][gc,marking     ] GC(386138) Concurrent Clear Claimed Marks 0.361ms
[2020-12-25T02:23:06.916-0400][gc,marking     ] GC(386138) Concurrent Scan Root Regions
[2020-12-25T02:23:06.920-0400][gc,marking     ] GC(386138) Concurrent Scan Root Regions 3.773ms
[2020-12-25T02:23:06.920-0400][gc,marking     ] GC(386138) Concurrent Mark (3373901.675s)
[2020-12-25T02:23:06.920-0400][gc,marking     ] GC(386138) Concurrent Mark From Roots
[2020-12-25T02:23:06.920-0400][gc,task        ] GC(386138) Using 1 workers of 1 for marking
[2020-12-25T02:23:07.247-0400][gc,marking     ] GC(386138) Concurrent Mark From Roots 327.314ms
[2020-12-25T02:23:07.248-0400][gc,marking     ] GC(386138) Concurrent Preclean
[2020-12-25T02:23:07.248-0400][gc,marking     ] GC(386138) Concurrent Preclean 0.668ms
[2020-12-25T02:23:07.248-0400][gc,marking     ] GC(386138) Concurrent Mark (3373901.675s, 3373902.003s) 328.239ms
[2020-12-25T02:23:07.249-0400][gc,start       ] GC(386138) Pause Remark
[2020-12-25T02:23:07.291-0400][gc,stringtable ] GC(386138) Cleaned string and symbol table, strings: 32327 processed, 0 removed, symbols: 131487 processed, 0 removed
[2020-12-25T02:23:07.291-0400][gc             ] GC(386138) Pause Remark 48M->48M(70M) 42.195ms
[2020-12-25T02:23:07.291-0400][gc,cpu         ] GC(386138) User=0.16s Sys=0.00s Real=0.04s
[2020-12-25T02:23:07.292-0400][gc,marking     ] GC(386138) Concurrent Rebuild Remembered Sets
[2020-12-25T02:23:07.483-0400][gc,marking     ] GC(386138) Concurrent Rebuild Remembered Sets 191.291ms
[2020-12-25T02:23:07.484-0400][gc,start       ] GC(386138) Pause Cleanup
[2020-12-25T02:23:07.484-0400][gc             ] GC(386138) Pause Cleanup 48M->48M(70M) 0.469ms
[2020-12-25T02:23:07.484-0400][gc,cpu         ] GC(386138) User=0.00s Sys=0.00s Real=0.00s
[2020-12-25T02:23:07.485-0400][gc,marking     ] GC(386138) Concurrent Cleanup for Next Mark
[2020-12-25T02:23:07.486-0400][gc,marking     ] GC(386138) Concurrent Cleanup for Next Mark 0.857ms
[2020-12-25T02:23:07.486-0400][gc             ] GC(386138) Concurrent Cycle 570.378ms
[2020-12-25T02:23:40.895-0400][gc,heap        ] GC(386139) Heap before GC invocations=386114 (full 11287): garbage-first heap   total 71680K, used 58337K [0x0000000083000000, 0x0000000100000000)
[2020-12-25T02:23:40.895-0400][gc,heap        ] GC(386139)   region size 1024K, 11 young (11264K), 1 survivors (1024K)
[2020-12-25T02:23:40.895-0400][gc,heap        ] GC(386139)  Metaspace       used 61064K, capacity 63785K, committed 64768K, reserved 1107968K
[2020-12-25T02:23:40.895-0400][gc,heap        ] GC(386139)   class space    used 5722K, capacity 6577K, committed 6912K, reserved 1048576K
[2020-12-25T02:23:40.895-0400][gc,start       ] GC(386139) Pause Young (Normal) (G1 Evacuation Pause)
[2020-12-25T02:23:40.895-0400][gc,task        ] GC(386139) Using 4 workers of 4 for evacuation
[2020-12-25T02:23:40.903-0400][gc,phases      ] GC(386139)   Pre Evacuate Collection Set: 0.0ms
[2020-12-25T02:23:40.903-0400][gc,phases      ] GC(386139)   Evacuate Collection Set: 5.4ms
[2020-12-25T02:23:40.903-0400][gc,phases      ] GC(386139)   Post Evacuate Collection Set: 1.5ms
[2020-12-25T02:23:40.903-0400][gc,phases      ] GC(386139)   Other: 0.9ms
[2020-12-25T02:23:40.903-0400][gc,heap        ] GC(386139) Eden regions: 10->0(10)
[2020-12-25T02:23:40.903-0400][gc,heap        ] GC(386139) Survivor regions: 1->1(2)
[2020-12-25T02:23:40.903-0400][gc,heap        ] GC(386139) Old regions: 46->46
[2020-12-25T02:23:40.903-0400][gc,heap        ] GC(386139) Humongous regions: 4->4
[2020-12-25T02:23:40.903-0400][gc,metaspace   ] GC(386139) Metaspace: 61064K->61064K(1107968K)
[2020-12-25T02:23:40.903-0400][gc,heap        ] GC(386139) Heap after GC invocations=386115 (full 11287): garbage-first heap   total 71680K, used 49102K [0x0000000083000000, 0x0000000100000000)
[2020-12-25T02:23:40.903-0400][gc,heap        ] GC(386139)   region size 1024K, 1 young (1024K), 1 survivors (1024K)
[2020-12-25T02:23:40.903-0400][gc,heap        ] GC(386139)  Metaspace       used 61064K, capacity 63785K, committed 64768K, reserved 1107968K
[2020-12-25T02:23:40.903-0400][gc,heap        ] GC(386139)   class space    used 5722K, capacity 6577K, committed 6912K, reserved 1048576K
[2020-12-25T02:23:40.903-0400][gc             ] GC(386139) Pause Young (Normal) (G1 Evacuation Pause) 57M->47M(70M) 8.216ms
[2020-12-25T02:23:40.904-0400][gc,cpu         ] GC(386139) User=0.02s Sys=0.01s Real=0.01s
[2020-12-25T02:24:04.979-0400][gc,heap        ] GC(386140) Heap before GC invocations=386115 (full 11287): garbage-first heap   total 71680K, used 59342K [0x0000000083000000, 0x0000000100000000)
[2020-12-25T02:24:04.980-0400][gc,heap        ] GC(386140)   region size 1024K, 11 young (11264K), 1 survivors (1024K)
[2020-12-25T02:24:04.980-0400][gc,heap        ] GC(386140)  Metaspace       used 61064K, capacity 63785K, committed 64768K, reserved 1107968K
[2020-12-25T02:24:04.980-0400][gc,heap        ] GC(386140)   class space    used 5722K, capacity 6577K, committed 6912K, reserved 1048576K
[2020-12-25T02:24:04.980-0400][gc,start       ] GC(386140) Pause Young (Concurrent Start) (G1 Evacuation Pause)
[2020-12-25T02:24:04.980-0400][gc,task        ] GC(386140) Using 4 workers of 4 for evacuation
[2020-12-25T02:24:04.988-0400][gc,phases      ] GC(386140)   Pre Evacuate Collection Set: 0.2ms
[2020-12-25T02:24:04.988-0400][gc,phases      ] GC(386140)   Evacuate Collection Set: 5.8ms
[2020-12-25T02:24:04.988-0400][gc,phases      ] GC(386140)   Post Evacuate Collection Set: 1.6ms
[2020-12-25T02:24:04.988-0400][gc,phases      ] GC(386140)   Other: 0.9ms
[2020-12-25T02:24:04.988-0400][gc,heap        ] GC(386140) Eden regions: 10->0(10)
[2020-12-25T02:24:04.988-0400][gc,heap        ] GC(386140) Survivor regions: 1->1(2)
[2020-12-25T02:24:04.988-0400][gc,heap        ] GC(386140) Old regions: 46->46
[2020-12-25T02:24:04.988-0400][gc,heap        ] GC(386140) Humongous regions: 4->4
[2020-12-25T02:24:04.988-0400][gc,metaspace   ] GC(386140) Metaspace: 61064K->61064K(1107968K)
[2020-12-25T02:24:04.989-0400][gc,heap        ] GC(386140) Heap after GC invocations=386116 (full 11287): garbage-first heap   total 71680K, used 49306K [0x0000000083000000, 0x0000000100000000)
[2020-12-25T02:24:04.989-0400][gc,heap        ] GC(386140)   region size 1024K, 1 young (1024K), 1 survivors (1024K)
[2020-12-25T02:24:04.989-0400][gc,heap        ] GC(386140)  Metaspace       used 61064K, capacity 63785K, committed 64768K, reserved 1107968K
[2020-12-25T02:24:04.989-0400][gc,heap        ] GC(386140)   class space    used 5722K, capacity 6577K, committed 6912K, reserved 1048576K
[2020-12-25T02:24:04.989-0400][gc             ] GC(386140) Pause Young (Concurrent Start) (G1 Evacuation Pause) 57M->48M(70M) 8.924ms
[2020-12-25T02:24:04.989-0400][gc,cpu         ] GC(386140) User=0.03s Sys=0.00s Real=0.01s
[2020-12-25T02:24:04.989-0400][gc             ] GC(386141) Concurrent Cycle
[2020-12-25T02:24:04.989-0400][gc,marking     ] GC(386141) Concurrent Clear Claimed Marks
[2020-12-25T02:24:04.990-0400][gc,marking     ] GC(386141) Concurrent Clear Claimed Marks 0.300ms
[2020-12-25T02:24:04.990-0400][gc,marking     ] GC(386141) Concurrent Scan Root Regions
[2020-12-25T02:24:04.994-0400][gc,marking     ] GC(386141) Concurrent Scan Root Regions 4.628ms
[2020-12-25T02:24:04.995-0400][gc,marking     ] GC(386141) Concurrent Mark (3373959.749s)
[2020-12-25T02:24:04.995-0400][gc,marking     ] GC(386141) Concurrent Mark From Roots
[2020-12-25T02:24:04.995-0400][gc,task        ] GC(386141) Using 1 workers of 1 for marking
[2020-12-25T02:24:05.339-0400][gc,marking     ] GC(386141) Concurrent Mark From Roots 344.085ms
[2020-12-25T02:24:05.339-0400][gc,marking     ] GC(386141) Concurrent Preclean
[2020-12-25T02:24:05.339-0400][gc,marking     ] GC(386141) Concurrent Preclean 0.639ms
[2020-12-25T02:24:05.340-0400][gc,marking     ] GC(386141) Concurrent Mark (3373959.749s, 3373960.094s) 345.041ms
[2020-12-25T02:24:05.340-0400][gc,start       ] GC(386141) Pause Remark
[2020-12-25T02:24:05.381-0400][gc,stringtable ] GC(386141) Cleaned string and symbol table, strings: 32327 processed, 0 removed, symbols: 131487 processed, 0 removed
[2020-12-25T02:24:05.382-0400][gc             ] GC(386141) Pause Remark 49M->49M(70M) 41.329ms
[2020-12-25T02:24:05.382-0400][gc,cpu         ] GC(386141) User=0.16s Sys=0.00s Real=0.04s
[2020-12-25T02:24:05.382-0400][gc,marking     ] GC(386141) Concurrent Rebuild Remembered Sets
[2020-12-25T02:24:05.573-0400][gc,marking     ] GC(386141) Concurrent Rebuild Remembered Sets 190.615ms
[2020-12-25T02:24:05.574-0400][gc,start       ] GC(386141) Pause Cleanup
[2020-12-25T02:24:05.574-0400][gc             ] GC(386141) Pause Cleanup 49M->49M(70M) 0.521ms
[2020-12-25T02:24:05.574-0400][gc,cpu         ] GC(386141) User=0.00s Sys=0.00s Real=0.00s
[2020-12-25T02:24:05.575-0400][gc,marking     ] GC(386141) Concurrent Cleanup for Next Mark
[2020-12-25T02:24:05.575-0400][gc,marking     ] GC(386141) Concurrent Cleanup for Next Mark 0.942ms
[2020-12-25T02:24:05.576-0400][gc             ] GC(386141) Concurrent Cycle 586.519ms
[2020-12-25T02:24:40.285-0400][gc,heap        ] GC(386142) Heap before GC invocations=386117 (full 11287): garbage-first heap   total 71680K, used 58522K [0x0000000083000000, 0x0000000100000000)
[2020-12-25T02:24:40.285-0400][gc,heap        ] GC(386142)   region size 1024K, 11 young (11264K), 1 survivors (1024K)
[2020-12-25T02:24:40.285-0400][gc,heap        ] GC(386142)  Metaspace       used 61064K, capacity 63785K, committed 64768K, reserved 1107968K
[2020-12-25T02:24:40.285-0400][gc,heap        ] GC(386142)   class space    used 5722K, capacity 6577K, committed 6912K, reserved 1048576K
[2020-12-25T02:24:40.285-0400][gc,start       ] GC(386142) Pause Young (Normal) (G1 Evacuation Pause)
[2020-12-25T02:24:40.285-0400][gc,task        ] GC(386142) Using 4 workers of 4 for evacuation
[2020-12-25T02:24:40.293-0400][gc,phases      ] GC(386142)   Pre Evacuate Collection Set: 0.0ms
[2020-12-25T02:24:40.293-0400][gc,phases      ] GC(386142)   Evacuate Collection Set: 5.6ms
[2020-12-25T02:24:40.293-0400][gc,phases      ] GC(386142)   Post Evacuate Collection Set: 1.7ms
[2020-12-25T02:24:40.293-0400][gc,phases      ] GC(386142)   Other: 0.8ms
[2020-12-25T02:24:40.293-0400][gc,heap        ] GC(386142) Eden regions: 10->0(10)
[2020-12-25T02:24:40.293-0400][gc,heap        ] GC(386142) Survivor regions: 1->1(2)
[2020-12-25T02:24:40.293-0400][gc,heap        ] GC(386142) Old regions: 46->46
[2020-12-25T02:24:40.293-0400][gc,heap        ] GC(386142) Humongous regions: 4->4
[2020-12-25T02:24:40.293-0400][gc,metaspace   ] GC(386142) Metaspace: 61064K->61064K(1107968K)
[2020-12-25T02:24:40.293-0400][gc,heap        ] GC(386142) Heap after GC invocations=386118 (full 11287): garbage-first heap   total 71680K, used 49237K [0x0000000083000000, 0x0000000100000000)
[2020-12-25T02:24:40.294-0400][gc,heap        ] GC(386142)   region size 1024K, 1 young (1024K), 1 survivors (1024K)
[2020-12-25T02:24:40.294-0400][gc,heap        ] GC(386142)  Metaspace       used 61064K, capacity 63785K, committed 64768K, reserved 1107968K
[2020-12-25T02:24:40.294-0400][gc,heap        ] GC(386142)   class space    used 5722K, capacity 6577K, committed 6912K, reserved 1048576K
[2020-12-25T02:24:40.294-0400][gc             ] GC(386142) Pause Young (Normal) (G1 Evacuation Pause) 58M->48M(70M) 8.589ms
[2020-12-25T02:24:40.294-0400][gc,cpu         ] GC(386142) User=0.01s Sys=0.02s Real=0.01s
[2020-12-25T02:25:05.624-0400][gc,heap        ] GC(386143) Heap before GC invocations=386118 (full 11287): garbage-first heap   total 71680K, used 59477K [0x0000000083000000, 0x0000000100000000)
[2020-12-25T02:25:05.624-0400][gc,heap        ] GC(386143)   region size 1024K, 11 young (11264K), 1 survivors (1024K)
[2020-12-25T02:25:05.624-0400][gc,heap        ] GC(386143)  Metaspace       used 61064K, capacity 63785K, committed 64768K, reserved 1107968K
[2020-12-25T02:25:05.624-0400][gc,heap        ] GC(386143)   class space    used 5722K, capacity 6577K, committed 6912K, reserved 1048576K
[2020-12-25T02:25:05.624-0400][gc,start       ] GC(386143) Pause Young (Concurrent Start) (G1 Evacuation Pause)
[2020-12-25T02:25:05.624-0400][gc,task        ] GC(386143) Using 4 workers of 4 for evacuation
[2020-12-25T02:25:05.634-0400][gc,phases      ] GC(386143)   Pre Evacuate Collection Set: 0.3ms
[2020-12-25T02:25:05.634-0400][gc,phases      ] GC(386143)   Evacuate Collection Set: 6.4ms
[2020-12-25T02:25:05.634-0400][gc,phases      ] GC(386143)   Post Evacuate Collection Set: 2.8ms
[2020-12-25T02:25:05.635-0400][gc,phases      ] GC(386143)   Other: 1.0ms
[2020-12-25T02:25:05.635-0400][gc,heap        ] GC(386143) Eden regions: 10->0(10)
[2020-12-25T02:25:05.635-0400][gc,heap        ] GC(386143) Survivor regions: 1->1(2)
[2020-12-25T02:25:05.635-0400][gc,heap        ] GC(386143) Old regions: 46->46
[2020-12-25T02:25:05.635-0400][gc,heap        ] GC(386143) Humongous regions: 4->4
[2020-12-25T02:25:05.635-0400][gc,metaspace   ] GC(386143) Metaspace: 61064K->61064K(1107968K)
[2020-12-25T02:25:05.635-0400][gc,heap        ] GC(386143) Heap after GC invocations=386119 (full 11287): garbage-first heap   total 71680K, used 49330K [0x0000000083000000, 0x0000000100000000)
[2020-12-25T02:25:05.635-0400][gc,heap        ] GC(386143)   region size 1024K, 1 young (1024K), 1 survivors (1024K)
[2020-12-25T02:25:05.635-0400][gc,heap        ] GC(386143)  Metaspace       used 61064K, capacity 63785K, committed 64768K, reserved 1107968K
[2020-12-25T02:25:05.635-0400][gc,heap        ] GC(386143)   class space    used 5722K, capacity 6577K, committed 6912K, reserved 1048576K
[2020-12-25T02:25:05.635-0400][gc             ] GC(386143) Pause Young (Concurrent Start) (G1 Evacuation Pause) 58M->48M(70M) 10.966ms
[2020-12-25T02:25:05.635-0400][gc,cpu         ] GC(386143) User=0.02s Sys=0.01s Real=0.01s
[2020-12-25T02:25:05.635-0400][gc             ] GC(386144) Concurrent Cycle
[2020-12-25T02:25:05.636-0400][gc,marking     ] GC(386144) Concurrent Clear Claimed Marks
[2020-12-25T02:25:05.636-0400][gc,marking     ] GC(386144) Concurrent Clear Claimed Marks 0.429ms
[2020-12-25T02:25:05.636-0400][gc,marking     ] GC(386144) Concurrent Scan Root Regions
[2020-12-25T02:25:05.642-0400][gc,marking     ] GC(386144) Concurrent Scan Root Regions 6.143ms
[2020-12-25T02:25:05.642-0400][gc,marking     ] GC(386144) Concurrent Mark (3374020.397s)
[2020-12-25T02:25:05.642-0400][gc,marking     ] GC(386144) Concurrent Mark From Roots
[2020-12-25T02:25:05.643-0400][gc,task        ] GC(386144) Using 1 workers of 1 for marking
[2020-12-25T02:25:05.995-0400][gc,marking     ] GC(386144) Concurrent Mark From Roots 352.994ms
[2020-12-25T02:25:05.996-0400][gc,marking     ] GC(386144) Concurrent Preclean
[2020-12-25T02:25:05.996-0400][gc,marking     ] GC(386144) Concurrent Preclean 0.764ms
[2020-12-25T02:25:05.996-0400][gc,marking     ] GC(386144) Concurrent Mark (3374020.397s, 3374020.751s) 354.075ms
[2020-12-25T02:25:05.997-0400][gc,start       ] GC(386144) Pause Remark
[2020-12-25T02:25:06.039-0400][gc,stringtable ] GC(386144) Cleaned string and symbol table, strings: 32327 processed, 0 removed, symbols: 131487 processed, 0 removed
[2020-12-25T02:25:06.039-0400][gc             ] GC(386144) Pause Remark 50M->50M(70M) 42.011ms
[2020-12-25T02:25:06.039-0400][gc,cpu         ] GC(386144) User=0.16s Sys=0.00s Real=0.04s
[2020-12-25T02:25:06.040-0400][gc,marking     ] GC(386144) Concurrent Rebuild Remembered Sets
[2020-12-25T02:25:06.229-0400][gc,marking     ] GC(386144) Concurrent Rebuild Remembered Sets 189.410ms
[2020-12-25T02:25:06.230-0400][gc,start       ] GC(386144) Pause Cleanup
[2020-12-25T02:25:06.231-0400][gc             ] GC(386144) Pause Cleanup 50M->50M(70M) 0.460ms
[2020-12-25T02:25:06.231-0400][gc,cpu         ] GC(386144) User=0.01s Sys=0.00s Real=0.00s
[2020-12-25T02:25:06.231-0400][gc,marking     ] GC(386144) Concurrent Cleanup for Next Mark
[2020-12-25T02:25:06.232-0400][gc,marking     ] GC(386144) Concurrent Cleanup for Next Mark 1.079ms
[2020-12-25T02:25:06.232-0400][gc             ] GC(386144) Concurrent Cycle 596.828ms
[2020-12-25T02:25:29.045-0400][gc,heap        ] GC(386145) Heap before GC invocations=386120 (full 11287): garbage-first heap   total 71680K, used 58546K [0x0000000083000000, 0x0000000100000000)
[2020-12-25T02:25:29.045-0400][gc,heap        ] GC(386145)   region size 1024K, 11 young (11264K), 1 survivors (1024K)
[2020-12-25T02:25:29.045-0400][gc,heap        ] GC(386145)  Metaspace       used 61064K, capacity 63785K, committed 64768K, reserved 1107968K
[2020-12-25T02:25:29.046-0400][gc,heap        ] GC(386145)   class space    used 5722K, capacity 6577K, committed 6912K, reserved 1048576K
[2020-12-25T02:25:29.046-0400][gc,start       ] GC(386145) Pause Young (Normal) (G1 Evacuation Pause)
[2020-12-25T02:25:29.046-0400][gc,task        ] GC(386145) Using 4 workers of 4 for evacuation
[2020-12-25T02:25:29.054-0400][gc,phases      ] GC(386145)   Pre Evacuate Collection Set: 0.0ms
[2020-12-25T02:25:29.054-0400][gc,phases      ] GC(386145)   Evacuate Collection Set: 6.0ms
[2020-12-25T02:25:29.054-0400][gc,phases      ] GC(386145)   Post Evacuate Collection Set: 1.9ms
[2020-12-25T02:25:29.054-0400][gc,phases      ] GC(386145)   Other: 1.0ms
[2020-12-25T02:25:29.054-0400][gc,heap        ] GC(386145) Eden regions: 10->0(10)
[2020-12-25T02:25:29.055-0400][gc,heap        ] GC(386145) Survivor regions: 1->1(2)
[2020-12-25T02:25:29.055-0400][gc,heap        ] GC(386145) Old regions: 46->46
[2020-12-25T02:25:29.055-0400][gc,heap        ] GC(386145) Humongous regions: 4->4
[2020-12-25T02:25:29.055-0400][gc,metaspace   ] GC(386145) Metaspace: 61064K->61064K(1107968K)
[2020-12-25T02:25:29.055-0400][gc,heap        ] GC(386145) Heap after GC invocations=386121 (full 11287): garbage-first heap   total 71680K, used 49330K [0x0000000083000000, 0x0000000100000000)
[2020-12-25T02:25:29.055-0400][gc,heap        ] GC(386145)   region size 1024K, 1 young (1024K), 1 survivors (1024K)
[2020-12-25T02:25:29.055-0400][gc,heap        ] GC(386145)  Metaspace       used 61064K, capacity 63785K, committed 64768K, reserved 1107968K
[2020-12-25T02:25:29.055-0400][gc,heap        ] GC(386145)   class space    used 5722K, capacity 6577K, committed 6912K, reserved 1048576K
[2020-12-25T02:25:29.055-0400][gc             ] GC(386145) Pause Young (Normal) (G1 Evacuation Pause) 58M->48M(70M) 9.243ms
[2020-12-25T02:25:29.055-0400][gc,cpu         ] GC(386145) User=0.03s Sys=0.00s Real=0.00s
[2020-12-25T02:26:00.027-0400][gc,heap        ] GC(386146) Heap before GC invocations=386121 (full 11287): garbage-first heap   total 71680K, used 58546K [0x0000000083000000, 0x0000000100000000)
[2020-12-25T02:26:00.027-0400][gc,heap        ] GC(386146)   region size 1024K, 11 young (11264K), 1 survivors (1024K)
[2020-12-25T02:26:00.027-0400][gc,heap        ] GC(386146)  Metaspace       used 61064K, capacity 63785K, committed 64768K, reserved 1107968K
[2020-12-25T02:26:00.027-0400][gc,heap        ] GC(386146)   class space    used 5722K, capacity 6577K, committed 6912K, reserved 1048576K
[2020-12-25T02:26:00.028-0400][gc,start       ] GC(386146) Pause Young (Concurrent Start) (G1 Evacuation Pause)
[2020-12-25T02:26:00.028-0400][gc,task        ] GC(386146) Using 4 workers of 4 for evacuation
[2020-12-25T02:26:00.038-0400][gc,phases      ] GC(386146)   Pre Evacuate Collection Set: 0.2ms
[2020-12-25T02:26:00.038-0400][gc,phases      ] GC(386146)   Evacuate Collection Set: 6.9ms
[2020-12-25T02:26:00.038-0400][gc,phases      ] GC(386146)   Post Evacuate Collection Set: 2.6ms
[2020-12-25T02:26:00.038-0400][gc,phases      ] GC(386146)   Other: 1.0ms
[2020-12-25T02:26:00.038-0400][gc,heap        ] GC(386146) Eden regions: 10->0(10)
[2020-12-25T02:26:00.038-0400][gc,heap        ] GC(386146) Survivor regions: 1->1(2)
[2020-12-25T02:26:00.038-0400][gc,heap        ] GC(386146) Old regions: 46->46
[2020-12-25T02:26:00.038-0400][gc,heap        ] GC(386146) Humongous regions: 4->4
[2020-12-25T02:26:00.038-0400][gc,metaspace   ] GC(386146) Metaspace: 61064K->61064K(1107968K)
[2020-12-25T02:26:00.038-0400][gc,heap        ] GC(386146) Heap after GC invocations=386122 (full 11287): garbage-first heap   total 71680K, used 49328K [0x0000000083000000, 0x0000000100000000)
[2020-12-25T02:26:00.039-0400][gc,heap        ] GC(386146)   region size 1024K, 1 young (1024K), 1 survivors (1024K)
[2020-12-25T02:26:00.039-0400][gc,heap        ] GC(386146)  Metaspace       used 61064K, capacity 63785K, committed 64768K, reserved 1107968K
[2020-12-25T02:26:00.039-0400][gc,heap        ] GC(386146)   class space    used 5722K, capacity 6577K, committed 6912K, reserved 1048576K
[2020-12-25T02:26:00.039-0400][gc             ] GC(386146) Pause Young (Concurrent Start) (G1 Evacuation Pause) 58M->48M(70M) 11.168ms
[2020-12-25T02:26:00.039-0400][gc,cpu         ] GC(386146) User=0.02s Sys=0.01s Real=0.01s
[2020-12-25T02:26:00.039-0400][gc             ] GC(386147) Concurrent Cycle
[2020-12-25T02:26:00.039-0400][gc,marking     ] GC(386147) Concurrent Clear Claimed Marks
[2020-12-25T02:26:00.040-0400][gc,marking     ] GC(386147) Concurrent Clear Claimed Marks 0.484ms
[2020-12-25T02:26:00.040-0400][gc,marking     ] GC(386147) Concurrent Scan Root Regions
[2020-12-25T02:26:00.044-0400][gc,marking     ] GC(386147) Concurrent Scan Root Regions 4.025ms
[2020-12-25T02:26:00.044-0400][gc,marking     ] GC(386147) Concurrent Mark (3374074.799s)
[2020-12-25T02:26:00.044-0400][gc,marking     ] GC(386147) Concurrent Mark From Roots
[2020-12-25T02:26:00.044-0400][gc,task        ] GC(386147) Using 1 workers of 1 for marking
[2020-12-25T02:26:00.366-0400][gc,marking     ] GC(386147) Concurrent Mark From Roots 322.009ms
[2020-12-25T02:26:00.366-0400][gc,marking     ] GC(386147) Concurrent Preclean
[2020-12-25T02:26:00.367-0400][gc,marking     ] GC(386147) Concurrent Preclean 0.707ms
[2020-12-25T02:26:00.367-0400][gc,marking     ] GC(386147) Concurrent Mark (3374074.799s, 3374075.122s) 322.966ms
[2020-12-25T02:26:00.368-0400][gc,start       ] GC(386147) Pause Remark
[2020-12-25T02:26:00.428-0400][gc,stringtable ] GC(386147) Cleaned string and symbol table, strings: 32327 processed, 120 removed, symbols: 131487 processed, 0 removed
[2020-12-25T02:26:00.429-0400][gc             ] GC(386147) Pause Remark 48M->48M(70M) 60.943ms
[2020-12-25T02:26:00.429-0400][gc,cpu         ] GC(386147) User=0.14s Sys=0.09s Real=0.06s
[2020-12-25T02:26:00.429-0400][gc,marking     ] GC(386147) Concurrent Rebuild Remembered Sets
[2020-12-25T02:26:00.618-0400][gc,marking     ] GC(386147) Concurrent Rebuild Remembered Sets 188.805ms
[2020-12-25T02:26:00.619-0400][gc,start       ] GC(386147) Pause Cleanup
[2020-12-25T02:26:00.619-0400][gc             ] GC(386147) Pause Cleanup 48M->48M(70M) 0.451ms
[2020-12-25T02:26:00.619-0400][gc,cpu         ] GC(386147) User=0.00s Sys=0.00s Real=0.00s
[2020-12-25T02:26:00.620-0400][gc,marking     ] GC(386147) Concurrent Cleanup for Next Mark
[2020-12-25T02:26:00.621-0400][gc,marking     ] GC(386147) Concurrent Cleanup for Next Mark 0.946ms
[2020-12-25T02:26:00.621-0400][gc             ] GC(386147) Concurrent Cycle 581.632ms
[2020-12-25T02:26:33.877-0400][gc,heap        ] GC(386148) Heap before GC invocations=386123 (full 11287): garbage-first heap   total 71680K, used 58544K [0x0000000083000000, 0x0000000100000000)
[2020-12-25T02:26:33.877-0400][gc,heap        ] GC(386148)   region size 1024K, 11 young (11264K), 1 survivors (1024K)
[2020-12-25T02:26:33.877-0400][gc,heap        ] GC(386148)  Metaspace       used 61021K, capacity 63721K, committed 64768K, reserved 1107968K
[2020-12-25T02:26:33.877-0400][gc,heap        ] GC(386148)   class space    used 5712K, capacity 6559K, committed 6912K, reserved 1048576K
[2020-12-25T02:26:33.878-0400][gc,start       ] GC(386148) Pause Young (Normal) (G1 Evacuation Pause)
[2020-12-25T02:26:33.878-0400][gc,task        ] GC(386148) Using 4 workers of 4 for evacuation
[2020-12-25T02:26:33.885-0400][gc,phases      ] GC(386148)   Pre Evacuate Collection Set: 0.0ms
[2020-12-25T02:26:33.885-0400][gc,phases      ] GC(386148)   Evacuate Collection Set: 5.5ms
[2020-12-25T02:26:33.885-0400][gc,phases      ] GC(386148)   Post Evacuate Collection Set: 1.7ms
[2020-12-25T02:26:33.885-0400][gc,phases      ] GC(386148)   Other: 0.9ms
[2020-12-25T02:26:33.885-0400][gc,heap        ] GC(386148) Eden regions: 10->0(10)
[2020-12-25T02:26:33.886-0400][gc,heap        ] GC(386148) Survivor regions: 1->1(2)
[2020-12-25T02:26:33.886-0400][gc,heap        ] GC(386148) Old regions: 46->46
[2020-12-25T02:26:33.886-0400][gc,heap        ] GC(386148) Humongous regions: 4->4
[2020-12-25T02:26:33.886-0400][gc,metaspace   ] GC(386148) Metaspace: 61021K->61021K(1107968K)
[2020-12-25T02:26:33.886-0400][gc,heap        ] GC(386148) Heap after GC invocations=386124 (full 11287): garbage-first heap   total 71680K, used 49180K [0x0000000083000000, 0x0000000100000000)
[2020-12-25T02:26:33.886-0400][gc,heap        ] GC(386148)   region size 1024K, 1 young (1024K), 1 survivors (1024K)
[2020-12-25T02:26:33.886-0400][gc,heap        ] GC(386148)  Metaspace       used 61021K, capacity 63721K, committed 64768K, reserved 1107968K
[2020-12-25T02:26:33.886-0400][gc,heap        ] GC(386148)   class space    used 5712K, capacity 6559K, committed 6912K, reserved 1048576K
[2020-12-25T02:26:33.886-0400][gc             ] GC(386148) Pause Young (Normal) (G1 Evacuation Pause) 58M->48M(70M) 8.552ms
[2020-12-25T02:26:33.886-0400][gc,cpu         ] GC(386148) User=0.03s Sys=0.00s Real=0.01s
[2020-12-25T02:26:50.924-0400][gc,task        ] GC(386149) Using 3 workers of 4 for full compaction
[2020-12-25T02:26:50.924-0400][gc,start       ] GC(386149) Pause Full (System.gc())
[2020-12-25T02:26:50.924-0400][gc,heap        ] GC(386149) Heap before GC invocations=386124 (full 11287): garbage-first heap   total 71680K, used 55324K [0x0000000083000000, 0x0000000100000000)
[2020-12-25T02:26:50.924-0400][gc,heap        ] GC(386149)   region size 1024K, 9 young (9216K), 1 survivors (1024K)
[2020-12-25T02:26:50.924-0400][gc,heap        ] GC(386149)  Metaspace       used 61021K, capacity 63721K, committed 64768K, reserved 1107968K
[2020-12-25T02:26:50.924-0400][gc,heap        ] GC(386149)   class space    used 5712K, capacity 6559K, committed 6912K, reserved 1048576K
[2020-12-25T02:26:50.926-0400][gc,phases,start] GC(386149) Phase 1: Mark live objects
[2020-12-25T02:26:51.070-0400][gc,stringtable ] GC(386149) Cleaned string and symbol table, strings: 32207 processed, 0 removed, symbols: 131487 processed, 36 removed
[2020-12-25T02:26:51.070-0400][gc,phases      ] GC(386149) Phase 1: Mark live objects 143.632ms
[2020-12-25T02:26:51.070-0400][gc,phases,start] GC(386149) Phase 2: Prepare for compaction
[2020-12-25T02:26:51.100-0400][gc,phases      ] GC(386149) Phase 2: Prepare for compaction 29.705ms
[2020-12-25T02:26:51.100-0400][gc,phases,start] GC(386149) Phase 3: Adjust pointers
[2020-12-25T02:26:51.180-0400][gc,phases      ] GC(386149) Phase 3: Adjust pointers 79.772ms
[2020-12-25T02:26:51.180-0400][gc,phases,start] GC(386149) Phase 4: Compact heap
[2020-12-25T02:26:51.200-0400][gc,phases      ] GC(386149) Phase 4: Compact heap 20.148ms
[2020-12-25T02:26:51.236-0400][gc,heap        ] GC(386149) Eden regions: 8->0(11)
[2020-12-25T02:26:51.236-0400][gc,heap        ] GC(386149) Survivor regions: 1->0(2)
[2020-12-25T02:26:51.236-0400][gc,heap        ] GC(386149) Old regions: 46->45
[2020-12-25T02:26:51.236-0400][gc,heap        ] GC(386149) Humongous regions: 4->4
[2020-12-25T02:26:51.236-0400][gc,metaspace   ] GC(386149) Metaspace: 61021K->61021K(1107968K)
[2020-12-25T02:26:51.236-0400][gc,heap        ] GC(386149) Heap after GC invocations=386125 (full 11288): garbage-first heap   total 71680K, used 48502K [0x0000000083000000, 0x0000000100000000)
[2020-12-25T02:26:51.236-0400][gc,heap        ] GC(386149)   region size 1024K, 0 young (0K), 0 survivors (0K)
[2020-12-25T02:26:51.236-0400][gc,heap        ] GC(386149)  Metaspace       used 61021K, capacity 63721K, committed 64768K, reserved 1107968K
[2020-12-25T02:26:51.236-0400][gc,heap        ] GC(386149)   class space    used 5712K, capacity 6559K, committed 6912K, reserved 1048576K
[2020-12-25T02:26:51.237-0400][gc             ] GC(386149) Pause Full (System.gc()) 55M->47M(70M) 312.719ms
[2020-12-25T02:26:51.237-0400][gc,cpu         ] GC(386149) User=0.75s Sys=0.09s Real=0.32s
[2020-12-25T02:27:18.082-0400][gc,heap        ] GC(386150) Heap before GC invocations=386125 (full 11288): garbage-first heap   total 71680K, used 58742K [0x0000000083000000, 0x0000000100000000)
[2020-12-25T02:27:18.082-0400][gc,heap        ] GC(386150)   region size 1024K, 11 young (11264K), 0 survivors (0K)
[2020-12-25T02:27:18.082-0400][gc,heap        ] GC(386150)  Metaspace       used 61021K, capacity 63721K, committed 64768K, reserved 1107968K
[2020-12-25T02:27:18.082-0400][gc,heap        ] GC(386150)   class space    used 5712K, capacity 6559K, committed 6912K, reserved 1048576K
[2020-12-25T02:27:18.082-0400][gc,start       ] GC(386150) Pause Young (Concurrent Start) (G1 Evacuation Pause)
[2020-12-25T02:27:18.082-0400][gc,task        ] GC(386150) Using 4 workers of 4 for evacuation
[2020-12-25T02:27:18.089-0400][gc,phases      ] GC(386150)   Pre Evacuate Collection Set: 0.2ms
[2020-12-25T02:27:18.089-0400][gc,phases      ] GC(386150)   Evacuate Collection Set: 4.1ms
[2020-12-25T02:27:18.089-0400][gc,phases      ] GC(386150)   Post Evacuate Collection Set: 1.8ms
[2020-12-25T02:27:18.089-0400][gc,phases      ] GC(386150)   Other: 1.0ms
[2020-12-25T02:27:18.089-0400][gc,heap        ] GC(386150) Eden regions: 11->0(10)
[2020-12-25T02:27:18.089-0400][gc,heap        ] GC(386150) Survivor regions: 0->1(2)
[2020-12-25T02:27:18.089-0400][gc,heap        ] GC(386150) Old regions: 45->45
[2020-12-25T02:27:18.089-0400][gc,heap        ] GC(386150) Humongous regions: 4->4
[2020-12-25T02:27:18.089-0400][gc,metaspace   ] GC(386150) Metaspace: 61021K->61021K(1107968K)
[2020-12-25T02:27:18.089-0400][gc,heap        ] GC(386150) Heap after GC invocations=386126 (full 11288): garbage-first heap   total 71680K, used 48791K [0x0000000083000000, 0x0000000100000000)
[2020-12-25T02:27:18.089-0400][gc,heap        ] GC(386150)   region size 1024K, 1 young (1024K), 1 survivors (1024K)
[2020-12-25T02:27:18.089-0400][gc,heap        ] GC(386150)  Metaspace       used 61021K, capacity 63721K, committed 64768K, reserved 1107968K
[2020-12-25T02:27:18.089-0400][gc,heap        ] GC(386150)   class space    used 5712K, capacity 6559K, committed 6912K, reserved 1048576K
[2020-12-25T02:27:18.089-0400][gc             ] GC(386150) Pause Young (Concurrent Start) (G1 Evacuation Pause) 58M->47M(70M) 7.443ms
[2020-12-25T02:27:18.090-0400][gc,cpu         ] GC(386150) User=0.01s Sys=0.01s Real=0.01s
[2020-12-25T02:27:18.090-0400][gc             ] GC(386151) Concurrent Cycle
[2020-12-25T02:27:18.090-0400][gc,marking     ] GC(386151) Concurrent Clear Claimed Marks
[2020-12-25T02:27:18.090-0400][gc,marking     ] GC(386151) Concurrent Clear Claimed Marks 0.335ms
[2020-12-25T02:27:18.090-0400][gc,marking     ] GC(386151) Concurrent Scan Root Regions
[2020-12-25T02:27:18.093-0400][gc,marking     ] GC(386151) Concurrent Scan Root Regions 2.873ms
[2020-12-25T02:27:18.093-0400][gc,marking     ] GC(386151) Concurrent Mark (3374152.848s)
[2020-12-25T02:27:18.094-0400][gc,marking     ] GC(386151) Concurrent Mark From Roots
[2020-12-25T02:27:18.094-0400][gc,task        ] GC(386151) Using 1 workers of 1 for marking
[2020-12-25T02:27:18.417-0400][gc,marking     ] GC(386151) Concurrent Mark From Roots 323.373ms
[2020-12-25T02:27:18.417-0400][gc,marking     ] GC(386151) Concurrent Preclean
[2020-12-25T02:27:18.418-0400][gc,marking     ] GC(386151) Concurrent Preclean 0.689ms
[2020-12-25T02:27:18.418-0400][gc,marking     ] GC(386151) Concurrent Mark (3374152.848s, 3374153.172s) 324.391ms
[2020-12-25T02:27:18.419-0400][gc,start       ] GC(386151) Pause Remark
[2020-12-25T02:27:18.459-0400][gc,stringtable ] GC(386151) Cleaned string and symbol table, strings: 32207 processed, 0 removed, symbols: 131451 processed, 0 removed
[2020-12-25T02:27:18.460-0400][gc             ] GC(386151) Pause Remark 48M->48M(70M) 41.630ms
[2020-12-25T02:27:18.460-0400][gc,cpu         ] GC(386151) User=0.16s Sys=0.00s Real=0.04s
[2020-12-25T02:27:18.461-0400][gc,marking     ] GC(386151) Concurrent Rebuild Remembered Sets
[2020-12-25T02:27:18.650-0400][gc,marking     ] GC(386151) Concurrent Rebuild Remembered Sets 189.226ms
[2020-12-25T02:27:18.651-0400][gc,start       ] GC(386151) Pause Cleanup
[2020-12-25T02:27:18.651-0400][gc             ] GC(386151) Pause Cleanup 48M->48M(70M) 0.577ms
[2020-12-25T02:27:18.651-0400][gc,cpu         ] GC(386151) User=0.00s Sys=0.00s Real=0.00s
[2020-12-25T02:27:18.652-0400][gc,marking     ] GC(386151) Concurrent Cleanup for Next Mark
[2020-12-25T02:27:18.653-0400][gc,marking     ] GC(386151) Concurrent Cleanup for Next Mark 0.843ms
[2020-12-25T02:27:18.653-0400][gc             ] GC(386151) Concurrent Cycle 562.871ms
[2020-12-25T02:27:53.893-0400][gc,heap        ] GC(386152) Heap before GC invocations=386127 (full 11288): garbage-first heap   total 71680K, used 58007K [0x0000000083000000, 0x0000000100000000)
[2020-12-25T02:27:53.893-0400][gc,heap        ] GC(386152)   region size 1024K, 11 young (11264K), 1 survivors (1024K)
[2020-12-25T02:27:53.893-0400][gc,heap        ] GC(386152)  Metaspace       used 61021K, capacity 63721K, committed 64768K, reserved 1107968K
[2020-12-25T02:27:53.893-0400][gc,heap        ] GC(386152)   class space    used 5712K, capacity 6559K, committed 6912K, reserved 1048576K
[2020-12-25T02:27:53.893-0400][gc,start       ] GC(386152) Pause Young (Normal) (G1 Evacuation Pause)
[2020-12-25T02:27:53.893-0400][gc,task        ] GC(386152) Using 4 workers of 4 for evacuation
[2020-12-25T02:27:53.900-0400][gc,phases      ] GC(386152)   Pre Evacuate Collection Set: 0.0ms
[2020-12-25T02:27:53.900-0400][gc,phases      ] GC(386152)   Evacuate Collection Set: 4.5ms
[2020-12-25T02:27:53.900-0400][gc,phases      ] GC(386152)   Post Evacuate Collection Set: 1.5ms
[2020-12-25T02:27:53.900-0400][gc,phases      ] GC(386152)   Other: 0.9ms
[2020-12-25T02:27:53.900-0400][gc,heap        ] GC(386152) Eden regions: 10->0(11)
[2020-12-25T02:27:53.900-0400][gc,heap        ] GC(386152) Survivor regions: 1->1(2)
[2020-12-25T02:27:53.900-0400][gc,heap        ] GC(386152) Old regions: 45->45
[2020-12-25T02:27:53.900-0400][gc,heap        ] GC(386152) Humongous regions: 4->4
[2020-12-25T02:27:53.900-0400][gc,metaspace   ] GC(386152) Metaspace: 61021K->61021K(1107968K)
[2020-12-25T02:27:53.900-0400][gc,heap        ] GC(386152) Heap after GC invocations=386128 (full 11288): garbage-first heap   total 71680K, used 48734K [0x0000000083000000, 0x0000000100000000)
[2020-12-25T02:27:53.900-0400][gc,heap        ] GC(386152)   region size 1024K, 1 young (1024K), 1 survivors (1024K)
[2020-12-25T02:27:53.900-0400][gc,heap        ] GC(386152)  Metaspace       used 61021K, capacity 63721K, committed 64768K, reserved 1107968K
[2020-12-25T02:27:53.900-0400][gc,heap        ] GC(386152)   class space    used 5712K, capacity 6559K, committed 6912K, reserved 1048576K
[2020-12-25T02:27:53.900-0400][gc             ] GC(386152) Pause Young (Normal) (G1 Evacuation Pause) 57M->47M(70M) 7.208ms
[2020-12-25T02:27:53.901-0400][gc,cpu         ] GC(386152) User=0.02s Sys=0.00s Real=0.01s
[2020-12-25T02:28:23.893-0400][gc,heap        ] GC(386153) Heap before GC invocations=386128 (full 11288): garbage-first heap   total 71680K, used 59998K [0x0000000083000000, 0x0000000100000000)
[2020-12-25T02:28:23.893-0400][gc,heap        ] GC(386153)   region size 1024K, 12 young (12288K), 1 survivors (1024K)
[2020-12-25T02:28:23.893-0400][gc,heap        ] GC(386153)  Metaspace       used 61021K, capacity 63721K, committed 64768K, reserved 1107968K
[2020-12-25T02:28:23.893-0400][gc,heap        ] GC(386153)   class space    used 5712K, capacity 6559K, committed 6912K, reserved 1048576K
[2020-12-25T02:28:23.894-0400][gc,start       ] GC(386153) Pause Young (Concurrent Start) (G1 Evacuation Pause)
[2020-12-25T02:28:23.894-0400][gc,task        ] GC(386153) Using 4 workers of 4 for evacuation
[2020-12-25T02:28:23.903-0400][gc,phases      ] GC(386153)   Pre Evacuate Collection Set: 0.2ms
[2020-12-25T02:28:23.903-0400][gc,phases      ] GC(386153)   Evacuate Collection Set: 6.2ms
[2020-12-25T02:28:23.903-0400][gc,phases      ] GC(386153)   Post Evacuate Collection Set: 2.2ms
[2020-12-25T02:28:23.903-0400][gc,phases      ] GC(386153)   Other: 1.0ms
[2020-12-25T02:28:23.903-0400][gc,heap        ] GC(386153) Eden regions: 11->0(11)
[2020-12-25T02:28:23.903-0400][gc,heap        ] GC(386153) Survivor regions: 1->1(2)
[2020-12-25T02:28:23.903-0400][gc,heap        ] GC(386153) Old regions: 45->45
[2020-12-25T02:28:23.903-0400][gc,heap        ] GC(386153) Humongous regions: 4->4
[2020-12-25T02:28:23.903-0400][gc,metaspace   ] GC(386153) Metaspace: 61021K->61021K(1107968K)
[2020-12-25T02:28:23.904-0400][gc,heap        ] GC(386153) Heap after GC invocations=386129 (full 11288): garbage-first heap   total 71680K, used 48818K [0x0000000083000000, 0x0000000100000000)
[2020-12-25T02:28:23.904-0400][gc,heap        ] GC(386153)   region size 1024K, 1 young (1024K), 1 survivors (1024K)
[2020-12-25T02:28:23.904-0400][gc,heap        ] GC(386153)  Metaspace       used 61021K, capacity 63721K, committed 64768K, reserved 1107968K
[2020-12-25T02:28:23.904-0400][gc,heap        ] GC(386153)   class space    used 5712K, capacity 6559K, committed 6912K, reserved 1048576K
[2020-12-25T02:28:23.904-0400][gc             ] GC(386153) Pause Young (Concurrent Start) (G1 Evacuation Pause) 58M->47M(70M) 10.232ms
[2020-12-25T02:28:23.904-0400][gc,cpu         ] GC(386153) User=0.01s Sys=0.01s Real=0.01s
[2020-12-25T02:28:23.904-0400][gc             ] GC(386154) Concurrent Cycle
[2020-12-25T02:28:23.904-0400][gc,marking     ] GC(386154) Concurrent Clear Claimed Marks
[2020-12-25T02:28:23.905-0400][gc,marking     ] GC(386154) Concurrent Clear Claimed Marks 0.282ms
[2020-12-25T02:28:23.905-0400][gc,marking     ] GC(386154) Concurrent Scan Root Regions
[2020-12-25T02:28:23.908-0400][gc,marking     ] GC(386154) Concurrent Scan Root Regions 3.181ms
[2020-12-25T02:28:23.908-0400][gc,marking     ] GC(386154) Concurrent Mark (3374218.663s)
[2020-12-25T02:28:23.908-0400][gc,marking     ] GC(386154) Concurrent Mark From Roots
[2020-12-25T02:28:23.908-0400][gc,task        ] GC(386154) Using 1 workers of 1 for marking
[2020-12-25T02:28:24.237-0400][gc,marking     ] GC(386154) Concurrent Mark From Roots 329.036ms
[2020-12-25T02:28:24.237-0400][gc,marking     ] GC(386154) Concurrent Preclean
[2020-12-25T02:28:24.238-0400][gc,marking     ] GC(386154) Concurrent Preclean 0.880ms
[2020-12-25T02:28:24.238-0400][gc,marking     ] GC(386154) Concurrent Mark (3374218.663s, 3374218.993s) 330.243ms
[2020-12-25T02:28:24.239-0400][gc,start       ] GC(386154) Pause Remark
[2020-12-25T02:28:24.287-0400][gc,stringtable ] GC(386154) Cleaned string and symbol table, strings: 32207 processed, 0 removed, symbols: 131451 processed, 0 removed
[2020-12-25T02:28:24.288-0400][gc             ] GC(386154) Pause Remark 48M->48M(70M) 48.994ms
[2020-12-25T02:28:24.288-0400][gc,cpu         ] GC(386154) User=0.10s Sys=0.06s Real=0.05s
[2020-12-25T02:28:24.289-0400][gc,marking     ] GC(386154) Concurrent Rebuild Remembered Sets
[2020-12-25T02:28:24.480-0400][gc,marking     ] GC(386154) Concurrent Rebuild Remembered Sets 191.762ms
[2020-12-25T02:28:24.481-0400][gc,start       ] GC(386154) Pause Cleanup
[2020-12-25T02:28:24.482-0400][gc             ] GC(386154) Pause Cleanup 48M->48M(70M) 0.537ms
[2020-12-25T02:28:24.482-0400][gc,cpu         ] GC(386154) User=0.00s Sys=0.00s Real=0.00s
[2020-12-25T02:28:24.482-0400][gc,marking     ] GC(386154) Concurrent Cleanup for Next Mark
[2020-12-25T02:28:24.483-0400][gc,marking     ] GC(386154) Concurrent Cleanup for Next Mark 1.107ms
[2020-12-25T02:28:24.484-0400][gc             ] GC(386154) Concurrent Cycle 579.410ms
[2020-12-25T02:28:59.424-0400][gc,heap        ] GC(386155) Heap before GC invocations=386130 (full 11288): garbage-first heap   total 71680K, used 59058K [0x0000000083000000, 0x0000000100000000)
[2020-12-25T02:28:59.424-0400][gc,heap        ] GC(386155)   region size 1024K, 12 young (12288K), 1 survivors (1024K)
[2020-12-25T02:28:59.424-0400][gc,heap        ] GC(386155)  Metaspace       used 61021K, capacity 63721K, committed 64768K, reserved 1107968K
[2020-12-25T02:28:59.424-0400][gc,heap        ] GC(386155)   class space    used 5712K, capacity 6559K, committed 6912K, reserved 1048576K
[2020-12-25T02:28:59.424-0400][gc,start       ] GC(386155) Pause Young (Normal) (G1 Evacuation Pause)
[2020-12-25T02:28:59.424-0400][gc,task        ] GC(386155) Using 4 workers of 4 for evacuation
[2020-12-25T02:28:59.431-0400][gc,phases      ] GC(386155)   Pre Evacuate Collection Set: 0.1ms
[2020-12-25T02:28:59.431-0400][gc,phases      ] GC(386155)   Evacuate Collection Set: 4.9ms
[2020-12-25T02:28:59.431-0400][gc,phases      ] GC(386155)   Post Evacuate Collection Set: 1.5ms
[2020-12-25T02:28:59.432-0400][gc,phases      ] GC(386155)   Other: 0.9ms
[2020-12-25T02:28:59.432-0400][gc,heap        ] GC(386155) Eden regions: 11->0(11)
[2020-12-25T02:28:59.432-0400][gc,heap        ] GC(386155) Survivor regions: 1->1(2)
[2020-12-25T02:28:59.432-0400][gc,heap        ] GC(386155) Old regions: 45->45
[2020-12-25T02:28:59.432-0400][gc,heap        ] GC(386155) Humongous regions: 4->4
[2020-12-25T02:28:59.432-0400][gc,metaspace   ] GC(386155) Metaspace: 61021K->61021K(1107968K)
[2020-12-25T02:28:59.432-0400][gc,heap        ] GC(386155) Heap after GC invocations=386131 (full 11288): garbage-first heap   total 71680K, used 48882K [0x0000000083000000, 0x0000000100000000)
[2020-12-25T02:28:59.432-0400][gc,heap        ] GC(386155)   region size 1024K, 1 young (1024K), 1 survivors (1024K)
[2020-12-25T02:28:59.432-0400][gc,heap        ] GC(386155)  Metaspace       used 61021K, capacity 63721K, committed 64768K, reserved 1107968K
[2020-12-25T02:28:59.432-0400][gc,heap        ] GC(386155)   class space    used 5712K, capacity 6559K, committed 6912K, reserved 1048576K
[2020-12-25T02:28:59.432-0400][gc             ] GC(386155) Pause Young (Normal) (G1 Evacuation Pause) 58M->47M(70M) 7.830ms
[2020-12-25T02:28:59.432-0400][gc,cpu         ] GC(386155) User=0.02s Sys=0.00s Real=0.01s
[2020-12-25T02:29:30.941-0400][gc,heap        ] GC(386156) Heap before GC invocations=386131 (full 11288): garbage-first heap   total 71680K, used 60146K [0x0000000083000000, 0x0000000100000000)
[2020-12-25T02:29:30.941-0400][gc,heap        ] GC(386156)   region size 1024K, 12 young (12288K), 1 survivors (1024K)
[2020-12-25T02:29:30.941-0400][gc,heap        ] GC(386156)  Metaspace       used 61021K, capacity 63721K, committed 64768K, reserved 1107968K
[2020-12-25T02:29:30.941-0400][gc,heap        ] GC(386156)   class space    used 5712K, capacity 6559K, committed 6912K, reserved 1048576K
[2020-12-25T02:29:30.942-0400][gc,start       ] GC(386156) Pause Young (Concurrent Start) (G1 Evacuation Pause)
[2020-12-25T02:29:30.942-0400][gc,task        ] GC(386156) Using 4 workers of 4 for evacuation
[2020-12-25T02:29:30.949-0400][gc,phases      ] GC(386156)   Pre Evacuate Collection Set: 0.2ms
[2020-12-25T02:29:30.949-0400][gc,phases      ] GC(386156)   Evacuate Collection Set: 5.0ms
[2020-12-25T02:29:30.949-0400][gc,phases      ] GC(386156)   Post Evacuate Collection Set: 1.8ms
[2020-12-25T02:29:30.950-0400][gc,phases      ] GC(386156)   Other: 1.0ms
[2020-12-25T02:29:30.950-0400][gc,heap        ] GC(386156) Eden regions: 11->0(11)
[2020-12-25T02:29:30.950-0400][gc,heap        ] GC(386156) Survivor regions: 1->1(2)
[2020-12-25T02:29:30.950-0400][gc,heap        ] GC(386156) Old regions: 45->45
[2020-12-25T02:29:30.950-0400][gc,heap        ] GC(386156) Humongous regions: 4->4
[2020-12-25T02:29:30.950-0400][gc,metaspace   ] GC(386156) Metaspace: 61021K->61021K(1107968K)
[2020-12-25T02:29:30.950-0400][gc,heap        ] GC(386156) Heap after GC invocations=386132 (full 11288): garbage-first heap   total 71680K, used 48985K [0x0000000083000000, 0x0000000100000000)
[2020-12-25T02:29:30.950-0400][gc,heap        ] GC(386156)   region size 1024K, 1 young (1024K), 1 survivors (1024K)
[2020-12-25T02:29:30.950-0400][gc,heap        ] GC(386156)  Metaspace       used 61021K, capacity 63721K, committed 64768K, reserved 1107968K
[2020-12-25T02:29:30.950-0400][gc,heap        ] GC(386156)   class space    used 5712K, capacity 6559K, committed 6912K, reserved 1048576K
[2020-12-25T02:29:30.950-0400][gc             ] GC(386156) Pause Young (Concurrent Start) (G1 Evacuation Pause) 58M->47M(70M) 8.447ms
[2020-12-25T02:29:30.950-0400][gc,cpu         ] GC(386156) User=0.02s Sys=0.00s Real=0.01s
[2020-12-25T02:29:30.950-0400][gc             ] GC(386157) Concurrent Cycle
[2020-12-25T02:29:30.951-0400][gc,marking     ] GC(386157) Concurrent Clear Claimed Marks
[2020-12-25T02:29:30.951-0400][gc,marking     ] GC(386157) Concurrent Clear Claimed Marks 0.420ms
[2020-12-25T02:29:30.951-0400][gc,marking     ] GC(386157) Concurrent Scan Root Regions
[2020-12-25T02:29:30.955-0400][gc,marking     ] GC(386157) Concurrent Scan Root Regions 3.445ms
[2020-12-25T02:29:30.955-0400][gc,marking     ] GC(386157) Concurrent Mark (3374285.709s)
[2020-12-25T02:29:30.955-0400][gc,marking     ] GC(386157) Concurrent Mark From Roots
[2020-12-25T02:29:30.955-0400][gc,task        ] GC(386157) Using 1 workers of 1 for marking
[2020-12-25T02:29:31.275-0400][gc,marking     ] GC(386157) Concurrent Mark From Roots 320.532ms
[2020-12-25T02:29:31.275-0400][gc,marking     ] GC(386157) Concurrent Preclean
[2020-12-25T02:29:31.276-0400][gc,marking     ] GC(386157) Concurrent Preclean 0.657ms
[2020-12-25T02:29:31.276-0400][gc,marking     ] GC(386157) Concurrent Mark (3374285.709s, 3374286.031s) 321.436ms
[2020-12-25T02:29:31.277-0400][gc,start       ] GC(386157) Pause Remark
[2020-12-25T02:29:31.318-0400][gc,stringtable ] GC(386157) Cleaned string and symbol table, strings: 32207 processed, 0 removed, symbols: 131451 processed, 0 removed
[2020-12-25T02:29:31.319-0400][gc             ] GC(386157) Pause Remark 48M->48M(70M) 42.351ms
[2020-12-25T02:29:31.319-0400][gc,cpu         ] GC(386157) User=0.10s Sys=0.06s Real=0.04s
[2020-12-25T02:29:31.320-0400][gc,marking     ] GC(386157) Concurrent Rebuild Remembered Sets
[2020-12-25T02:29:31.506-0400][gc,marking     ] GC(386157) Concurrent Rebuild Remembered Sets 185.770ms
[2020-12-25T02:29:31.506-0400][gc,start       ] GC(386157) Pause Cleanup
[2020-12-25T02:29:31.507-0400][gc             ] GC(386157) Pause Cleanup 48M->48M(70M) 0.495ms
[2020-12-25T02:29:31.507-0400][gc,cpu         ] GC(386157) User=0.01s Sys=0.00s Real=0.00s
[2020-12-25T02:29:31.507-0400][gc,marking     ] GC(386157) Concurrent Cleanup for Next Mark
[2020-12-25T02:29:31.508-0400][gc,marking     ] GC(386157) Concurrent Cleanup for Next Mark 0.951ms
[2020-12-25T02:29:31.508-0400][gc             ] GC(386157) Concurrent Cycle 557.812ms
[2020-12-25T02:30:08.972-0400][gc,heap        ] GC(386158) Heap before GC invocations=386133 (full 11288): garbage-first heap   total 71680K, used 59225K [0x0000000083000000, 0x0000000100000000)
[2020-12-25T02:30:08.972-0400][gc,heap        ] GC(386158)   region size 1024K, 12 young (12288K), 1 survivors (1024K)
[2020-12-25T02:30:08.972-0400][gc,heap        ] GC(386158)  Metaspace       used 61021K, capacity 63721K, committed 64768K, reserved 1107968K
[2020-12-25T02:30:08.972-0400][gc,heap        ] GC(386158)   class space    used 5712K, capacity 6559K, committed 6912K, reserved 1048576K
[2020-12-25T02:30:08.972-0400][gc,start       ] GC(386158) Pause Young (Normal) (G1 Evacuation Pause)
[2020-12-25T02:30:08.972-0400][gc,task        ] GC(386158) Using 4 workers of 4 for evacuation
[2020-12-25T02:30:08.980-0400][gc,phases      ] GC(386158)   Pre Evacuate Collection Set: 0.0ms
[2020-12-25T02:30:08.980-0400][gc,phases      ] GC(386158)   Evacuate Collection Set: 5.2ms
[2020-12-25T02:30:08.980-0400][gc,phases      ] GC(386158)   Post Evacuate Collection Set: 1.6ms
[2020-12-25T02:30:08.980-0400][gc,phases      ] GC(386158)   Other: 1.0ms
[2020-12-25T02:30:08.980-0400][gc,heap        ] GC(386158) Eden regions: 11->0(11)
[2020-12-25T02:30:08.980-0400][gc,heap        ] GC(386158) Survivor regions: 1->1(2)
[2020-12-25T02:30:08.980-0400][gc,heap        ] GC(386158) Old regions: 45->45
[2020-12-25T02:30:08.980-0400][gc,heap        ] GC(386158) Humongous regions: 4->4
[2020-12-25T02:30:08.980-0400][gc,metaspace   ] GC(386158) Metaspace: 61021K->61021K(1107968K)
[2020-12-25T02:30:08.980-0400][gc,heap        ] GC(386158) Heap after GC invocations=386134 (full 11288): garbage-first heap   total 71680K, used 49035K [0x0000000083000000, 0x0000000100000000)
[2020-12-25T02:30:08.980-0400][gc,heap        ] GC(386158)   region size 1024K, 1 young (1024K), 1 survivors (1024K)
[2020-12-25T02:30:08.980-0400][gc,heap        ] GC(386158)  Metaspace       used 61021K, capacity 63721K, committed 64768K, reserved 1107968K
[2020-12-25T02:30:08.980-0400][gc,heap        ] GC(386158)   class space    used 5712K, capacity 6559K, committed 6912K, reserved 1048576K
[2020-12-25T02:30:08.981-0400][gc             ] GC(386158) Pause Young (Normal) (G1 Evacuation Pause) 58M->47M(70M) 8.198ms
[2020-12-25T02:30:08.981-0400][gc,cpu         ] GC(386158) User=0.02s Sys=0.01s Real=0.01s
[2020-12-25T02:30:43.795-0400][gc,heap        ] GC(386159) Heap before GC invocations=386134 (full 11288): garbage-first heap   total 71680K, used 59275K [0x0000000083000000, 0x0000000100000000)
[2020-12-25T02:30:43.795-0400][gc,heap        ] GC(386159)   region size 1024K, 12 young (12288K), 1 survivors (1024K)
[2020-12-25T02:30:43.795-0400][gc,heap        ] GC(386159)  Metaspace       used 61021K, capacity 63721K, committed 64768K, reserved 1107968K
[2020-12-25T02:30:43.796-0400][gc,heap        ] GC(386159)   class space    used 5712K, capacity 6559K, committed 6912K, reserved 1048576K
[2020-12-25T02:30:43.796-0400][gc,start       ] GC(386159) Pause Young (Concurrent Start) (G1 Evacuation Pause)
[2020-12-25T02:30:43.796-0400][gc,task        ] GC(386159) Using 4 workers of 4 for evacuation
[2020-12-25T02:30:43.803-0400][gc,phases      ] GC(386159)   Pre Evacuate Collection Set: 0.2ms
[2020-12-25T02:30:43.803-0400][gc,phases      ] GC(386159)   Evacuate Collection Set: 4.6ms
[2020-12-25T02:30:43.803-0400][gc,phases      ] GC(386159)   Post Evacuate Collection Set: 1.9ms
[2020-12-25T02:30:43.804-0400][gc,phases      ] GC(386159)   Other: 1.1ms
[2020-12-25T02:30:43.804-0400][gc,heap        ] GC(386159) Eden regions: 11->0(11)
[2020-12-25T02:30:43.804-0400][gc,heap        ] GC(386159) Survivor regions: 1->1(2)
[2020-12-25T02:30:43.804-0400][gc,heap        ] GC(386159) Old regions: 45->45
[2020-12-25T02:30:43.804-0400][gc,heap        ] GC(386159) Humongous regions: 4->4
[2020-12-25T02:30:43.804-0400][gc,metaspace   ] GC(386159) Metaspace: 61021K->61021K(1107968K)
[2020-12-25T02:30:43.804-0400][gc,heap        ] GC(386159) Heap after GC invocations=386135 (full 11288): garbage-first heap   total 71680K, used 48885K [0x0000000083000000, 0x0000000100000000)
[2020-12-25T02:30:43.804-0400][gc,heap        ] GC(386159)   region size 1024K, 1 young (1024K), 1 survivors (1024K)
[2020-12-25T02:30:43.804-0400][gc,heap        ] GC(386159)  Metaspace       used 61021K, capacity 63721K, committed 64768K, reserved 1107968K
[2020-12-25T02:30:43.804-0400][gc,heap        ] GC(386159)   class space    used 5712K, capacity 6559K, committed 6912K, reserved 1048576K
[2020-12-25T02:30:43.804-0400][gc             ] GC(386159) Pause Young (Concurrent Start) (G1 Evacuation Pause) 58M->47M(70M) 8.488ms
[2020-12-25T02:30:43.804-0400][gc,cpu         ] GC(386159) User=0.03s Sys=0.00s Real=0.00s
[2020-12-25T02:30:43.806-0400][gc             ] GC(386160) Concurrent Cycle
[2020-12-25T02:30:43.806-0400][gc,marking     ] GC(386160) Concurrent Clear Claimed Marks
[2020-12-25T02:30:43.806-0400][gc,marking     ] GC(386160) Concurrent Clear Claimed Marks 0.283ms
[2020-12-25T02:30:43.806-0400][gc,marking     ] GC(386160) Concurrent Scan Root Regions
[2020-12-25T02:30:43.810-0400][gc,marking     ] GC(386160) Concurrent Scan Root Regions 3.884ms
[2020-12-25T02:30:43.810-0400][gc,marking     ] GC(386160) Concurrent Mark (3374358.565s)
[2020-12-25T02:30:43.810-0400][gc,marking     ] GC(386160) Concurrent Mark From Roots
[2020-12-25T02:30:43.810-0400][gc,task        ] GC(386160) Using 1 workers of 1 for marking
[2020-12-25T02:30:44.133-0400][gc,marking     ] GC(386160) Concurrent Mark From Roots 322.986ms
[2020-12-25T02:30:44.133-0400][gc,marking     ] GC(386160) Concurrent Preclean
[2020-12-25T02:30:44.134-0400][gc,marking     ] GC(386160) Concurrent Preclean 0.666ms
[2020-12-25T02:30:44.134-0400][gc,marking     ] GC(386160) Concurrent Mark (3374358.565s, 3374358.889s) 323.909ms
[2020-12-25T02:30:44.135-0400][gc,start       ] GC(386160) Pause Remark
[2020-12-25T02:30:44.175-0400][gc,stringtable ] GC(386160) Cleaned string and symbol table, strings: 32207 processed, 0 removed, symbols: 131451 processed, 0 removed
[2020-12-25T02:30:44.175-0400][gc             ] GC(386160) Pause Remark 48M->48M(70M) 40.607ms
[2020-12-25T02:30:44.176-0400][gc,cpu         ] GC(386160) User=0.16s Sys=0.00s Real=0.05s
[2020-12-25T02:30:44.176-0400][gc,marking     ] GC(386160) Concurrent Rebuild Remembered Sets
[2020-12-25T02:30:44.364-0400][gc,marking     ] GC(386160) Concurrent Rebuild Remembered Sets 188.021ms
[2020-12-25T02:30:44.365-0400][gc,start       ] GC(386160) Pause Cleanup
[2020-12-25T02:30:44.365-0400][gc             ] GC(386160) Pause Cleanup 48M->48M(70M) 0.437ms
[2020-12-25T02:30:44.365-0400][gc,cpu         ] GC(386160) User=0.00s Sys=0.00s Real=0.00s
[2020-12-25T02:30:44.366-0400][gc,marking     ] GC(386160) Concurrent Cleanup for Next Mark
[2020-12-25T02:30:44.367-0400][gc,marking     ] GC(386160) Concurrent Cleanup for Next Mark 0.995ms
[2020-12-25T02:30:44.367-0400][gc             ] GC(386160) Concurrent Cycle 561.104ms
[2020-12-25T02:31:09.705-0400][gc,heap        ] GC(386161) Heap before GC invocations=386136 (full 11288): garbage-first heap   total 71680K, used 59125K [0x0000000083000000, 0x0000000100000000)
[2020-12-25T02:31:09.705-0400][gc,heap        ] GC(386161)   region size 1024K, 12 young (12288K), 1 survivors (1024K)
[2020-12-25T02:31:09.705-0400][gc,heap        ] GC(386161)  Metaspace       used 61021K, capacity 63721K, committed 64768K, reserved 1107968K
[2020-12-25T02:31:09.705-0400][gc,heap        ] GC(386161)   class space    used 5712K, capacity 6559K, committed 6912K, reserved 1048576K
[2020-12-25T02:31:09.705-0400][gc,start       ] GC(386161) Pause Young (Normal) (G1 Evacuation Pause)
[2020-12-25T02:31:09.705-0400][gc,task        ] GC(386161) Using 4 workers of 4 for evacuation
[2020-12-25T02:31:09.713-0400][gc,phases      ] GC(386161)   Pre Evacuate Collection Set: 0.0ms
[2020-12-25T02:31:09.713-0400][gc,phases      ] GC(386161)   Evacuate Collection Set: 5.4ms
[2020-12-25T02:31:09.713-0400][gc,phases      ] GC(386161)   Post Evacuate Collection Set: 1.7ms
[2020-12-25T02:31:09.713-0400][gc,phases      ] GC(386161)   Other: 1.0ms
[2020-12-25T02:31:09.713-0400][gc,heap        ] GC(386161) Eden regions: 11->0(11)
[2020-12-25T02:31:09.713-0400][gc,heap        ] GC(386161) Survivor regions: 1->1(2)
[2020-12-25T02:31:09.714-0400][gc,heap        ] GC(386161) Old regions: 45->45
[2020-12-25T02:31:09.714-0400][gc,heap        ] GC(386161) Humongous regions: 4->4
[2020-12-25T02:31:09.714-0400][gc,metaspace   ] GC(386161) Metaspace: 61021K->61021K(1107968K)
[2020-12-25T02:31:09.714-0400][gc,heap        ] GC(386161) Heap after GC invocations=386137 (full 11288): garbage-first heap   total 71680K, used 49034K [0x0000000083000000, 0x0000000100000000)
[2020-12-25T02:31:09.714-0400][gc,heap        ] GC(386161)   region size 1024K, 1 young (1024K), 1 survivors (1024K)
[2020-12-25T02:31:09.714-0400][gc,heap        ] GC(386161)  Metaspace       used 61021K, capacity 63721K, committed 64768K, reserved 1107968K
[2020-12-25T02:31:09.714-0400][gc,heap        ] GC(386161)   class space    used 5712K, capacity 6559K, committed 6912K, reserved 1048576K
[2020-12-25T02:31:09.714-0400][gc             ] GC(386161) Pause Young (Normal) (G1 Evacuation Pause) 58M->47M(70M) 8.503ms
[2020-12-25T02:31:09.714-0400][gc,cpu         ] GC(386161) User=0.01s Sys=0.01s Real=0.01s
[2020-12-25T02:31:40.971-0400][gc,heap        ] GC(386162) Heap before GC invocations=386137 (full 11288): garbage-first heap   total 71680K, used 59274K [0x0000000083000000, 0x0000000100000000)
[2020-12-25T02:31:40.971-0400][gc,heap        ] GC(386162)   region size 1024K, 12 young (12288K), 1 survivors (1024K)
[2020-12-25T02:31:40.971-0400][gc,heap        ] GC(386162)  Metaspace       used 61021K, capacity 63721K, committed 64768K, reserved 1107968K
[2020-12-25T02:31:40.971-0400][gc,heap        ] GC(386162)   class space    used 5712K, capacity 6559K, committed 6912K, reserved 1048576K
[2020-12-25T02:31:40.971-0400][gc,start       ] GC(386162) Pause Young (Concurrent Start) (G1 Evacuation Pause)
[2020-12-25T02:31:40.971-0400][gc,task        ] GC(386162) Using 4 workers of 4 for evacuation
[2020-12-25T02:31:40.979-0400][gc,phases      ] GC(386162)   Pre Evacuate Collection Set: 0.3ms
[2020-12-25T02:31:40.979-0400][gc,phases      ] GC(386162)   Evacuate Collection Set: 5.0ms
[2020-12-25T02:31:40.979-0400][gc,phases      ] GC(386162)   Post Evacuate Collection Set: 1.8ms
[2020-12-25T02:31:40.979-0400][gc,phases      ] GC(386162)   Other: 1.0ms
[2020-12-25T02:31:40.979-0400][gc,heap        ] GC(386162) Eden regions: 11->0(11)
[2020-12-25T02:31:40.979-0400][gc,heap        ] GC(386162) Survivor regions: 1->1(2)
[2020-12-25T02:31:40.979-0400][gc,heap        ] GC(386162) Old regions: 45->45
[2020-12-25T02:31:40.979-0400][gc,heap        ] GC(386162) Humongous regions: 4->4
[2020-12-25T02:31:40.979-0400][gc,metaspace   ] GC(386162) Metaspace: 61021K->61021K(1107968K)
[2020-12-25T02:31:40.979-0400][gc,heap        ] GC(386162) Heap after GC invocations=386138 (full 11288): garbage-first heap   total 71680K, used 48979K [0x0000000083000000, 0x0000000100000000)
[2020-12-25T02:31:40.979-0400][gc,heap        ] GC(386162)   region size 1024K, 1 young (1024K), 1 survivors (1024K)
[2020-12-25T02:31:40.979-0400][gc,heap        ] GC(386162)  Metaspace       used 61021K, capacity 63721K, committed 64768K, reserved 1107968K
[2020-12-25T02:31:40.979-0400][gc,heap        ] GC(386162)   class space    used 5712K, capacity 6559K, committed 6912K, reserved 1048576K
[2020-12-25T02:31:40.980-0400][gc             ] GC(386162) Pause Young (Concurrent Start) (G1 Evacuation Pause) 58M->47M(70M) 8.426ms
[2020-12-25T02:31:40.980-0400][gc,cpu         ] GC(386162) User=0.03s Sys=0.00s Real=0.01s
[2020-12-25T02:31:40.980-0400][gc             ] GC(386163) Concurrent Cycle
[2020-12-25T02:31:40.980-0400][gc,marking     ] GC(386163) Concurrent Clear Claimed Marks
[2020-12-25T02:31:40.980-0400][gc,marking     ] GC(386163) Concurrent Clear Claimed Marks 0.342ms
[2020-12-25T02:31:40.980-0400][gc,marking     ] GC(386163) Concurrent Scan Root Regions
[2020-12-25T02:31:40.984-0400][gc,marking     ] GC(386163) Concurrent Scan Root Regions 3.667ms
[2020-12-25T02:31:40.984-0400][gc,marking     ] GC(386163) Concurrent Mark (3374415.739s)
[2020-12-25T02:31:40.984-0400][gc,marking     ] GC(386163) Concurrent Mark From Roots
[2020-12-25T02:31:40.984-0400][gc,task        ] GC(386163) Using 1 workers of 1 for marking
[2020-12-25T02:31:41.308-0400][gc,marking     ] GC(386163) Concurrent Mark From Roots 323.927ms
[2020-12-25T02:31:41.308-0400][gc,marking     ] GC(386163) Concurrent Preclean
[2020-12-25T02:31:41.309-0400][gc,marking     ] GC(386163) Concurrent Preclean 0.676ms
[2020-12-25T02:31:41.309-0400][gc,marking     ] GC(386163) Concurrent Mark (3374415.739s, 3374416.064s) 324.854ms
[2020-12-25T02:31:41.310-0400][gc,start       ] GC(386163) Pause Remark
[2020-12-25T02:31:41.351-0400][gc,stringtable ] GC(386163) Cleaned string and symbol table, strings: 32207 processed, 0 removed, symbols: 131451 processed, 0 removed
[2020-12-25T02:31:41.351-0400][gc             ] GC(386163) Pause Remark 48M->48M(70M) 41.377ms
[2020-12-25T02:31:41.351-0400][gc,cpu         ] GC(386163) User=0.16s Sys=0.00s Real=0.04s
[2020-12-25T02:31:41.352-0400][gc,marking     ] GC(386163) Concurrent Rebuild Remembered Sets
[2020-12-25T02:31:41.543-0400][gc,marking     ] GC(386163) Concurrent Rebuild Remembered Sets 191.165ms
[2020-12-25T02:31:41.543-0400][gc,start       ] GC(386163) Pause Cleanup
[2020-12-25T02:31:41.544-0400][gc             ] GC(386163) Pause Cleanup 48M->48M(70M) 0.602ms
[2020-12-25T02:31:41.544-0400][gc,cpu         ] GC(386163) User=0.01s Sys=0.00s Real=0.00s
[2020-12-25T02:31:41.544-0400][gc,marking     ] GC(386163) Concurrent Cleanup for Next Mark
[2020-12-25T02:31:41.545-0400][gc,marking     ] GC(386163) Concurrent Cleanup for Next Mark 0.986ms
[2020-12-25T02:31:41.546-0400][gc             ] GC(386163) Concurrent Cycle 565.755ms
[2020-12-25T02:31:50.924-0400][gc,task        ] GC(386164) Using 3 workers of 4 for full compaction
[2020-12-25T02:31:50.924-0400][gc,start       ] GC(386164) Pause Full (System.gc())
[2020-12-25T02:31:50.924-0400][gc,heap        ] GC(386164) Heap before GC invocations=386139 (full 11288): garbage-first heap   total 71680K, used 52051K [0x0000000083000000, 0x0000000100000000)
[2020-12-25T02:31:50.924-0400][gc,heap        ] GC(386164)   region size 1024K, 5 young (5120K), 1 survivors (1024K)
[2020-12-25T02:31:50.924-0400][gc,heap        ] GC(386164)  Metaspace       used 61021K, capacity 63721K, committed 64768K, reserved 1107968K
[2020-12-25T02:31:50.924-0400][gc,heap        ] GC(386164)   class space    used 5712K, capacity 6559K, committed 6912K, reserved 1048576K
[2020-12-25T02:31:50.927-0400][gc,phases,start] GC(386164) Phase 1: Mark live objects
[2020-12-25T02:31:51.075-0400][gc,stringtable ] GC(386164) Cleaned string and symbol table, strings: 32207 processed, 0 removed, symbols: 131451 processed, 0 removed
[2020-12-25T02:31:51.075-0400][gc,phases      ] GC(386164) Phase 1: Mark live objects 148.269ms
[2020-12-25T02:31:51.075-0400][gc,phases,start] GC(386164) Phase 2: Prepare for compaction
[2020-12-25T02:31:51.107-0400][gc,phases      ] GC(386164) Phase 2: Prepare for compaction 31.729ms
[2020-12-25T02:31:51.107-0400][gc,phases,start] GC(386164) Phase 3: Adjust pointers
[2020-12-25T02:31:51.190-0400][gc,phases      ] GC(386164) Phase 3: Adjust pointers 82.856ms
[2020-12-25T02:31:51.190-0400][gc,phases,start] GC(386164) Phase 4: Compact heap
[2020-12-25T02:31:51.212-0400][gc,phases      ] GC(386164) Phase 4: Compact heap 21.475ms
[2020-12-25T02:31:51.247-0400][gc,heap        ] GC(386164) Eden regions: 4->0(10)
[2020-12-25T02:31:51.247-0400][gc,heap        ] GC(386164) Survivor regions: 1->0(2)
[2020-12-25T02:31:51.247-0400][gc,heap        ] GC(386164) Old regions: 45->47
[2020-12-25T02:31:51.247-0400][gc,heap        ] GC(386164) Humongous regions: 4->4
[2020-12-25T02:31:51.247-0400][gc,metaspace   ] GC(386164) Metaspace: 61021K->61021K(1107968K)
[2020-12-25T02:31:51.247-0400][gc,heap        ] GC(386164) Heap after GC invocations=386140 (full 11289): garbage-first heap   total 71680K, used 48414K [0x0000000083000000, 0x0000000100000000)
[2020-12-25T02:31:51.247-0400][gc,heap        ] GC(386164)   region size 1024K, 0 young (0K), 0 survivors (0K)
[2020-12-25T02:31:51.247-0400][gc,heap        ] GC(386164)  Metaspace       used 61021K, capacity 63721K, committed 64768K, reserved 1107968K
[2020-12-25T02:31:51.247-0400][gc,heap        ] GC(386164)   class space    used 5712K, capacity 6559K, committed 6912K, reserved 1048576K
[2020-12-25T02:31:51.248-0400][gc             ] GC(386164) Pause Full (System.gc()) 51M->47M(70M) 323.455ms
[2020-12-25T02:31:51.248-0400][gc,cpu         ] GC(386164) User=0.54s Sys=0.32s Real=0.33s
[2020-12-25T02:32:16.810-0400][gc,heap        ] GC(386165) Heap before GC invocations=386140 (full 11289): garbage-first heap   total 71680K, used 58654K [0x0000000083000000, 0x0000000100000000)
[2020-12-25T02:32:16.810-0400][gc,heap        ] GC(386165)   region size 1024K, 10 young (10240K), 0 survivors (0K)
[2020-12-25T02:32:16.810-0400][gc,heap        ] GC(386165)  Metaspace       used 61021K, capacity 63721K, committed 64768K, reserved 1107968K
[2020-12-25T02:32:16.810-0400][gc,heap        ] GC(386165)   class space    used 5712K, capacity 6559K, committed 6912K, reserved 1048576K
[2020-12-25T02:32:16.811-0400][gc,start       ] GC(386165) Pause Young (Concurrent Start) (G1 Evacuation Pause)
[2020-12-25T02:32:16.811-0400][gc,task        ] GC(386165) Using 4 workers of 4 for evacuation
[2020-12-25T02:32:16.817-0400][gc,phases      ] GC(386165)   Pre Evacuate Collection Set: 0.2ms
[2020-12-25T02:32:16.818-0400][gc,phases      ] GC(386165)   Evacuate Collection Set: 4.2ms
[2020-12-25T02:32:16.818-0400][gc,phases      ] GC(386165)   Post Evacuate Collection Set: 1.8ms
[2020-12-25T02:32:16.818-0400][gc,phases      ] GC(386165)   Other: 1.0ms
[2020-12-25T02:32:16.818-0400][gc,heap        ] GC(386165) Eden regions: 10->0(10)
[2020-12-25T02:32:16.818-0400][gc,heap        ] GC(386165) Survivor regions: 0->1(2)
[2020-12-25T02:32:16.818-0400][gc,heap        ] GC(386165) Old regions: 47->47
[2020-12-25T02:32:16.818-0400][gc,heap        ] GC(386165) Humongous regions: 4->4
[2020-12-25T02:32:16.818-0400][gc,metaspace   ] GC(386165) Metaspace: 61021K->61021K(1107968K)
[2020-12-25T02:32:16.818-0400][gc,heap        ] GC(386165) Heap after GC invocations=386141 (full 11289): garbage-first heap   total 71680K, used 48698K [0x0000000083000000, 0x0000000100000000)
[2020-12-25T02:32:16.818-0400][gc,heap        ] GC(386165)   region size 1024K, 1 young (1024K), 1 survivors (1024K)
[2020-12-25T02:32:16.818-0400][gc,heap        ] GC(386165)  Metaspace       used 61021K, capacity 63721K, committed 64768K, reserved 1107968K
[2020-12-25T02:32:16.818-0400][gc,heap        ] GC(386165)   class space    used 5712K, capacity 6559K, committed 6912K, reserved 1048576K
[2020-12-25T02:32:16.819-0400][gc             ] GC(386165) Pause Young (Concurrent Start) (G1 Evacuation Pause) 57M->47M(70M) 7.957ms
[2020-12-25T02:32:16.819-0400][gc,cpu         ] GC(386165) User=0.02s Sys=0.00s Real=0.01s
[2020-12-25T02:32:16.819-0400][gc             ] GC(386166) Concurrent Cycle
[2020-12-25T02:32:16.819-0400][gc,marking     ] GC(386166) Concurrent Clear Claimed Marks
[2020-12-25T02:32:16.819-0400][gc,marking     ] GC(386166) Concurrent Clear Claimed Marks 0.314ms
[2020-12-25T02:32:16.819-0400][gc,marking     ] GC(386166) Concurrent Scan Root Regions
[2020-12-25T02:32:16.823-0400][gc,marking     ] GC(386166) Concurrent Scan Root Regions 3.459ms
[2020-12-25T02:32:16.823-0400][gc,marking     ] GC(386166) Concurrent Mark (3374451.578s)
[2020-12-25T02:32:16.823-0400][gc,marking     ] GC(386166) Concurrent Mark From Roots
[2020-12-25T02:32:16.823-0400][gc,task        ] GC(386166) Using 1 workers of 1 for marking
[2020-12-25T02:32:17.144-0400][gc,marking     ] GC(386166) Concurrent Mark From Roots 320.801ms
[2020-12-25T02:32:17.144-0400][gc,marking     ] GC(386166) Concurrent Preclean
[2020-12-25T02:32:17.145-0400][gc,marking     ] GC(386166) Concurrent Preclean 0.735ms
[2020-12-25T02:32:17.145-0400][gc,marking     ] GC(386166) Concurrent Mark (3374451.578s, 3374451.899s) 321.788ms
[2020-12-25T02:32:17.146-0400][gc,start       ] GC(386166) Pause Remark
[2020-12-25T02:32:17.186-0400][gc,stringtable ] GC(386166) Cleaned string and symbol table, strings: 32207 processed, 0 removed, symbols: 131451 processed, 0 removed
[2020-12-25T02:32:17.187-0400][gc             ] GC(386166) Pause Remark 48M->48M(70M) 40.960ms
[2020-12-25T02:32:17.187-0400][gc,cpu         ] GC(386166) User=0.16s Sys=0.00s Real=0.05s
[2020-12-25T02:32:17.187-0400][gc,marking     ] GC(386166) Concurrent Rebuild Remembered Sets
[2020-12-25T02:32:17.375-0400][gc,marking     ] GC(386166) Concurrent Rebuild Remembered Sets 187.983ms
[2020-12-25T02:32:17.376-0400][gc,start       ] GC(386166) Pause Cleanup
[2020-12-25T02:32:17.376-0400][gc             ] GC(386166) Pause Cleanup 48M->48M(70M) 0.439ms
[2020-12-25T02:32:17.376-0400][gc,cpu         ] GC(386166) User=0.00s Sys=0.00s Real=0.00s
[2020-12-25T02:32:17.377-0400][gc,marking     ] GC(386166) Concurrent Cleanup for Next Mark
[2020-12-25T02:32:17.378-0400][gc,marking     ] GC(386166) Concurrent Cleanup for Next Mark 0.981ms
[2020-12-25T02:32:17.378-0400][gc             ] GC(386166) Concurrent Cycle 558.880ms
[2020-12-25T02:32:53.238-0400][gc,heap        ] GC(386167) Heap before GC invocations=386142 (full 11289): garbage-first heap   total 71680K, used 58938K [0x0000000083000000, 0x0000000100000000)
[2020-12-25T02:32:53.238-0400][gc,heap        ] GC(386167)   region size 1024K, 11 young (11264K), 1 survivors (1024K)
[2020-12-25T02:32:53.238-0400][gc,heap        ] GC(386167)  Metaspace       used 61021K, capacity 63721K, committed 64768K, reserved 1107968K
[2020-12-25T02:32:53.238-0400][gc,heap        ] GC(386167)   class space    used 5712K, capacity 6559K, committed 6912K, reserved 1048576K
[2020-12-25T02:32:53.238-0400][gc,start       ] GC(386167) Pause Young (Normal) (G1 Evacuation Pause)
[2020-12-25T02:32:53.238-0400][gc,task        ] GC(386167) Using 4 workers of 4 for evacuation
[2020-12-25T02:32:53.245-0400][gc,phases      ] GC(386167)   Pre Evacuate Collection Set: 0.0ms
[2020-12-25T02:32:53.245-0400][gc,phases      ] GC(386167)   Evacuate Collection Set: 4.4ms
[2020-12-25T02:32:53.245-0400][gc,phases      ] GC(386167)   Post Evacuate Collection Set: 1.8ms
[2020-12-25T02:32:53.245-0400][gc,phases      ] GC(386167)   Other: 0.9ms
[2020-12-25T02:32:53.245-0400][gc,heap        ] GC(386167) Eden regions: 10->0(10)
[2020-12-25T02:32:53.245-0400][gc,heap        ] GC(386167) Survivor regions: 1->1(2)
[2020-12-25T02:32:53.245-0400][gc,heap        ] GC(386167) Old regions: 47->47
[2020-12-25T02:32:53.245-0400][gc,heap        ] GC(386167) Humongous regions: 4->4
[2020-12-25T02:32:53.245-0400][gc,metaspace   ] GC(386167) Metaspace: 61021K->61021K(1107968K)
[2020-12-25T02:32:53.245-0400][gc,heap        ] GC(386167) Heap after GC invocations=386143 (full 11289): garbage-first heap   total 71680K, used 48702K [0x0000000083000000, 0x0000000100000000)
[2020-12-25T02:32:53.245-0400][gc,heap        ] GC(386167)   region size 1024K, 1 young (1024K), 1 survivors (1024K)
[2020-12-25T02:32:53.245-0400][gc,heap        ] GC(386167)  Metaspace       used 61021K, capacity 63721K, committed 64768K, reserved 1107968K
[2020-12-25T02:32:53.245-0400][gc,heap        ] GC(386167)   class space    used 5712K, capacity 6559K, committed 6912K, reserved 1048576K
[2020-12-25T02:32:53.245-0400][gc             ] GC(386167) Pause Young (Normal) (G1 Evacuation Pause) 57M->47M(70M) 7.518ms
[2020-12-25T02:32:53.246-0400][gc,cpu         ] GC(386167) User=0.01s Sys=0.01s Real=0.00s
[2020-12-25T02:33:19.536-0400][gc,heap        ] GC(386168) Heap before GC invocations=386143 (full 11289): garbage-first heap   total 71680K, used 58942K [0x0000000083000000, 0x0000000100000000)
[2020-12-25T02:33:19.537-0400][gc,heap        ] GC(386168)   region size 1024K, 11 young (11264K), 1 survivors (1024K)
[2020-12-25T02:33:19.537-0400][gc,heap        ] GC(386168)  Metaspace       used 61021K, capacity 63721K, committed 64768K, reserved 1107968K
[2020-12-25T02:33:19.537-0400][gc,heap        ] GC(386168)   class space    used 5712K, capacity 6559K, committed 6912K, reserved 1048576K
[2020-12-25T02:33:19.537-0400][gc,start       ] GC(386168) Pause Young (Concurrent Start) (G1 Evacuation Pause)
[2020-12-25T02:33:19.537-0400][gc,task        ] GC(386168) Using 4 workers of 4 for evacuation
[2020-12-25T02:33:19.544-0400][gc,phases      ] GC(386168)   Pre Evacuate Collection Set: 0.2ms
[2020-12-25T02:33:19.544-0400][gc,phases      ] GC(386168)   Evacuate Collection Set: 4.7ms
[2020-12-25T02:33:19.544-0400][gc,phases      ] GC(386168)   Post Evacuate Collection Set: 2.0ms
[2020-12-25T02:33:19.545-0400][gc,phases      ] GC(386168)   Other: 0.9ms
[2020-12-25T02:33:19.545-0400][gc,heap        ] GC(386168) Eden regions: 10->0(10)
[2020-12-25T02:33:19.545-0400][gc,heap        ] GC(386168) Survivor regions: 1->1(2)
[2020-12-25T02:33:19.545-0400][gc,heap        ] GC(386168) Old regions: 47->47
[2020-12-25T02:33:19.545-0400][gc,heap        ] GC(386168) Humongous regions: 4->4
[2020-12-25T02:33:19.545-0400][gc,metaspace   ] GC(386168) Metaspace: 61021K->61021K(1107968K)
[2020-12-25T02:33:19.545-0400][gc,heap        ] GC(386168) Heap after GC invocations=386144 (full 11289): garbage-first heap   total 71680K, used 48782K [0x0000000083000000, 0x0000000100000000)
[2020-12-25T02:33:19.545-0400][gc,heap        ] GC(386168)   region size 1024K, 1 young (1024K), 1 survivors (1024K)
[2020-12-25T02:33:19.545-0400][gc,heap        ] GC(386168)  Metaspace       used 61021K, capacity 63721K, committed 64768K, reserved 1107968K
[2020-12-25T02:33:19.545-0400][gc,heap        ] GC(386168)   class space    used 5712K, capacity 6559K, committed 6912K, reserved 1048576K
[2020-12-25T02:33:19.545-0400][gc             ] GC(386168) Pause Young (Concurrent Start) (G1 Evacuation Pause) 57M->47M(70M) 8.249ms
[2020-12-25T02:33:19.545-0400][gc,cpu         ] GC(386168) User=0.01s Sys=0.01s Real=0.00s
[2020-12-25T02:33:19.545-0400][gc             ] GC(386169) Concurrent Cycle
[2020-12-25T02:33:19.546-0400][gc,marking     ] GC(386169) Concurrent Clear Claimed Marks
[2020-12-25T02:33:19.546-0400][gc,marking     ] GC(386169) Concurrent Clear Claimed Marks 0.435ms
[2020-12-25T02:33:19.546-0400][gc,marking     ] GC(386169) Concurrent Scan Root Regions
[2020-12-25T02:33:19.549-0400][gc,marking     ] GC(386169) Concurrent Scan Root Regions 3.086ms
[2020-12-25T02:33:19.549-0400][gc,marking     ] GC(386169) Concurrent Mark (3374514.304s)
[2020-12-25T02:33:19.549-0400][gc,marking     ] GC(386169) Concurrent Mark From Roots
[2020-12-25T02:33:19.549-0400][gc,task        ] GC(386169) Using 1 workers of 1 for marking
[2020-12-25T02:33:19.886-0400][gc,marking     ] GC(386169) Concurrent Mark From Roots 336.603ms
[2020-12-25T02:33:19.886-0400][gc,marking     ] GC(386169) Concurrent Preclean
[2020-12-25T02:33:19.887-0400][gc,marking     ] GC(386169) Concurrent Preclean 0.667ms
[2020-12-25T02:33:19.887-0400][gc,marking     ] GC(386169) Concurrent Mark (3374514.304s, 3374514.641s) 337.534ms
[2020-12-25T02:33:19.888-0400][gc,start       ] GC(386169) Pause Remark
[2020-12-25T02:33:19.928-0400][gc,stringtable ] GC(386169) Cleaned string and symbol table, strings: 32207 processed, 0 removed, symbols: 131451 processed, 0 removed
[2020-12-25T02:33:19.928-0400][gc             ] GC(386169) Pause Remark 48M->48M(70M) 40.553ms
[2020-12-25T02:33:19.928-0400][gc,cpu         ] GC(386169) User=0.16s Sys=0.00s Real=0.04s
[2020-12-25T02:33:19.929-0400][gc,marking     ] GC(386169) Concurrent Rebuild Remembered Sets
[2020-12-25T02:33:20.116-0400][gc,marking     ] GC(386169) Concurrent Rebuild Remembered Sets 187.398ms
[2020-12-25T02:33:20.117-0400][gc,start       ] GC(386169) Pause Cleanup
[2020-12-25T02:33:20.117-0400][gc             ] GC(386169) Pause Cleanup 48M->48M(70M) 0.436ms
[2020-12-25T02:33:20.118-0400][gc,cpu         ] GC(386169) User=0.00s Sys=0.00s Real=0.00s
[2020-12-25T02:33:20.118-0400][gc,marking     ] GC(386169) Concurrent Cleanup for Next Mark
[2020-12-25T02:33:20.119-0400][gc,marking     ] GC(386169) Concurrent Cleanup for Next Mark 0.879ms
[2020-12-25T02:33:20.119-0400][gc             ] GC(386169) Concurrent Cycle 573.399ms
[2020-12-25T02:33:51.610-0400][gc,heap        ] GC(386170) Heap before GC invocations=386145 (full 11289): garbage-first heap   total 71680K, used 57998K [0x0000000083000000, 0x0000000100000000)
[2020-12-25T02:33:51.610-0400][gc,heap        ] GC(386170)   region size 1024K, 11 young (11264K), 1 survivors (1024K)
[2020-12-25T02:33:51.610-0400][gc,heap        ] GC(386170)  Metaspace       used 61021K, capacity 63721K, committed 64768K, reserved 1107968K
[2020-12-25T02:33:51.610-0400][gc,heap        ] GC(386170)   class space    used 5712K, capacity 6559K, committed 6912K, reserved 1048576K
[2020-12-25T02:33:51.610-0400][gc,start       ] GC(386170) Pause Young (Normal) (G1 Evacuation Pause)
[2020-12-25T02:33:51.610-0400][gc,task        ] GC(386170) Using 4 workers of 4 for evacuation
[2020-12-25T02:33:51.618-0400][gc,phases      ] GC(386170)   Pre Evacuate Collection Set: 0.0ms
[2020-12-25T02:33:51.618-0400][gc,phases      ] GC(386170)   Evacuate Collection Set: 5.7ms
[2020-12-25T02:33:51.618-0400][gc,phases      ] GC(386170)   Post Evacuate Collection Set: 1.6ms
[2020-12-25T02:33:51.618-0400][gc,phases      ] GC(386170)   Other: 0.9ms
[2020-12-25T02:33:51.618-0400][gc,heap        ] GC(386170) Eden regions: 10->0(10)
[2020-12-25T02:33:51.618-0400][gc,heap        ] GC(386170) Survivor regions: 1->1(2)
[2020-12-25T02:33:51.618-0400][gc,heap        ] GC(386170) Old regions: 47->47
[2020-12-25T02:33:51.618-0400][gc,heap        ] GC(386170) Humongous regions: 4->4
[2020-12-25T02:33:51.618-0400][gc,metaspace   ] GC(386170) Metaspace: 61021K->61021K(1107968K)
[2020-12-25T02:33:51.618-0400][gc,heap        ] GC(386170) Heap after GC invocations=386146 (full 11289): garbage-first heap   total 71680K, used 48837K [0x0000000083000000, 0x0000000100000000)
[2020-12-25T02:33:51.618-0400][gc,heap        ] GC(386170)   region size 1024K, 1 young (1024K), 1 survivors (1024K)
[2020-12-25T02:33:51.619-0400][gc,heap        ] GC(386170)  Metaspace       used 61021K, capacity 63721K, committed 64768K, reserved 1107968K
[2020-12-25T02:33:51.619-0400][gc,heap        ] GC(386170)   class space    used 5712K, capacity 6559K, committed 6912K, reserved 1048576K
[2020-12-25T02:33:51.619-0400][gc             ] GC(386170) Pause Young (Normal) (G1 Evacuation Pause) 57M->47M(70M) 8.651ms
[2020-12-25T02:33:51.619-0400][gc,cpu         ] GC(386170) User=0.02s Sys=0.00s Real=0.01s
[2020-12-25T02:34:18.036-0400][gc,heap        ] GC(386171) Heap before GC invocations=386146 (full 11289): garbage-first heap   total 71680K, used 59077K [0x0000000083000000, 0x0000000100000000)
[2020-12-25T02:34:18.036-0400][gc,heap        ] GC(386171)   region size 1024K, 11 young (11264K), 1 survivors (1024K)
[2020-12-25T02:34:18.036-0400][gc,heap        ] GC(386171)  Metaspace       used 61021K, capacity 63721K, committed 64768K, reserved 1107968K
[2020-12-25T02:34:18.036-0400][gc,heap        ] GC(386171)   class space    used 5712K, capacity 6559K, committed 6912K, reserved 1048576K
[2020-12-25T02:34:18.036-0400][gc,start       ] GC(386171) Pause Young (Concurrent Start) (G1 Evacuation Pause)
[2020-12-25T02:34:18.037-0400][gc,task        ] GC(386171) Using 4 workers of 4 for evacuation
[2020-12-25T02:34:18.044-0400][gc,phases      ] GC(386171)   Pre Evacuate Collection Set: 0.2ms
[2020-12-25T02:34:18.044-0400][gc,phases      ] GC(386171)   Evacuate Collection Set: 5.2ms
[2020-12-25T02:34:18.044-0400][gc,phases      ] GC(386171)   Post Evacuate Collection Set: 1.6ms
[2020-12-25T02:34:18.044-0400][gc,phases      ] GC(386171)   Other: 0.9ms
[2020-12-25T02:34:18.044-0400][gc,heap        ] GC(386171) Eden regions: 10->0(10)
[2020-12-25T02:34:18.045-0400][gc,heap        ] GC(386171) Survivor regions: 1->1(2)
[2020-12-25T02:34:18.045-0400][gc,heap        ] GC(386171) Old regions: 47->47
[2020-12-25T02:34:18.045-0400][gc,heap        ] GC(386171) Humongous regions: 4->4
[2020-12-25T02:34:18.045-0400][gc,metaspace   ] GC(386171) Metaspace: 61021K->61021K(1107968K)
[2020-12-25T02:34:18.045-0400][gc,heap        ] GC(386171) Heap after GC invocations=386147 (full 11289): garbage-first heap   total 71680K, used 48892K [0x0000000083000000, 0x0000000100000000)
[2020-12-25T02:34:18.045-0400][gc,heap        ] GC(386171)   region size 1024K, 1 young (1024K), 1 survivors (1024K)
[2020-12-25T02:34:18.045-0400][gc,heap        ] GC(386171)  Metaspace       used 61021K, capacity 63721K, committed 64768K, reserved 1107968K
[2020-12-25T02:34:18.045-0400][gc,heap        ] GC(386171)   class space    used 5712K, capacity 6559K, committed 6912K, reserved 1048576K
[2020-12-25T02:34:18.045-0400][gc             ] GC(386171) Pause Young (Concurrent Start) (G1 Evacuation Pause) 57M->47M(70M) 8.464ms
[2020-12-25T02:34:18.045-0400][gc,cpu         ] GC(386171) User=0.01s Sys=0.01s Real=0.00s
[2020-12-25T02:34:18.045-0400][gc             ] GC(386172) Concurrent Cycle
[2020-12-25T02:34:18.045-0400][gc,marking     ] GC(386172) Concurrent Clear Claimed Marks
[2020-12-25T02:34:18.046-0400][gc,marking     ] GC(386172) Concurrent Clear Claimed Marks 0.378ms
[2020-12-25T02:34:18.046-0400][gc,marking     ] GC(386172) Concurrent Scan Root Regions
[2020-12-25T02:34:18.049-0400][gc,marking     ] GC(386172) Concurrent Scan Root Regions 3.501ms
[2020-12-25T02:34:18.049-0400][gc,marking     ] GC(386172) Concurrent Mark (3374572.804s)
[2020-12-25T02:34:18.049-0400][gc,marking     ] GC(386172) Concurrent Mark From Roots
[2020-12-25T02:34:18.050-0400][gc,task        ] GC(386172) Using 1 workers of 1 for marking
[2020-12-25T02:34:18.372-0400][gc,marking     ] GC(386172) Concurrent Mark From Roots 322.567ms
[2020-12-25T02:34:18.372-0400][gc,marking     ] GC(386172) Concurrent Preclean
[2020-12-25T02:34:18.373-0400][gc,marking     ] GC(386172) Concurrent Preclean 0.692ms
[2020-12-25T02:34:18.373-0400][gc,marking     ] GC(386172) Concurrent Mark (3374572.804s, 3374573.128s) 323.553ms
[2020-12-25T02:34:18.374-0400][gc,start       ] GC(386172) Pause Remark
[2020-12-25T02:34:18.414-0400][gc,stringtable ] GC(386172) Cleaned string and symbol table, strings: 32207 processed, 0 removed, symbols: 131451 processed, 0 removed
[2020-12-25T02:34:18.415-0400][gc             ] GC(386172) Pause Remark 48M->48M(70M) 41.283ms
[2020-12-25T02:34:18.415-0400][gc,cpu         ] GC(386172) User=0.10s Sys=0.05s Real=0.04s
[2020-12-25T02:34:18.415-0400][gc,marking     ] GC(386172) Concurrent Rebuild Remembered Sets
[2020-12-25T02:34:18.605-0400][gc,marking     ] GC(386172) Concurrent Rebuild Remembered Sets 189.263ms
[2020-12-25T02:34:18.606-0400][gc,start       ] GC(386172) Pause Cleanup
[2020-12-25T02:34:18.606-0400][gc             ] GC(386172) Pause Cleanup 48M->48M(70M) 0.485ms
[2020-12-25T02:34:18.606-0400][gc,cpu         ] GC(386172) User=0.00s Sys=0.00s Real=0.01s
[2020-12-25T02:34:18.606-0400][gc,marking     ] GC(386172) Concurrent Cleanup for Next Mark
[2020-12-25T02:34:18.607-0400][gc,marking     ] GC(386172) Concurrent Cleanup for Next Mark 0.932ms
[2020-12-25T02:34:18.608-0400][gc             ] GC(386172) Concurrent Cycle 562.341ms
[2020-12-25T02:34:57.414-0400][gc,heap        ] GC(386173) Heap before GC invocations=386148 (full 11289): garbage-first heap   total 71680K, used 58092K [0x0000000083000000, 0x0000000100000000)
[2020-12-25T02:34:57.414-0400][gc,heap        ] GC(386173)   region size 1024K, 11 young (11264K), 1 survivors (1024K)
[2020-12-25T02:34:57.414-0400][gc,heap        ] GC(386173)  Metaspace       used 61021K, capacity 63721K, committed 64768K, reserved 1107968K
[2020-12-25T02:34:57.415-0400][gc,heap        ] GC(386173)   class space    used 5712K, capacity 6559K, committed 6912K, reserved 1048576K
[2020-12-25T02:34:57.415-0400][gc,start       ] GC(386173) Pause Young (Normal) (G1 Evacuation Pause)
[2020-12-25T02:34:57.415-0400][gc,task        ] GC(386173) Using 4 workers of 4 for evacuation
[2020-12-25T02:34:57.422-0400][gc,phases      ] GC(386173)   Pre Evacuate Collection Set: 0.0ms
[2020-12-25T02:34:57.422-0400][gc,phases      ] GC(386173)   Evacuate Collection Set: 5.1ms
[2020-12-25T02:34:57.422-0400][gc,phases      ] GC(386173)   Post Evacuate Collection Set: 1.8ms
[2020-12-25T02:34:57.422-0400][gc,phases      ] GC(386173)   Other: 0.9ms
[2020-12-25T02:34:57.422-0400][gc,heap        ] GC(386173) Eden regions: 10->0(10)
[2020-12-25T02:34:57.422-0400][gc,heap        ] GC(386173) Survivor regions: 1->1(2)
[2020-12-25T02:34:57.423-0400][gc,heap        ] GC(386173) Old regions: 46->46
[2020-12-25T02:34:57.423-0400][gc,heap        ] GC(386173) Humongous regions: 4->4
[2020-12-25T02:34:57.423-0400][gc,metaspace   ] GC(386173) Metaspace: 61021K->61021K(1107968K)
[2020-12-25T02:34:57.423-0400][gc,heap        ] GC(386173) Heap after GC invocations=386149 (full 11289): garbage-first heap   total 71680K, used 48867K [0x0000000083000000, 0x0000000100000000)
[2020-12-25T02:34:57.423-0400][gc,heap        ] GC(386173)   region size 1024K, 1 young (1024K), 1 survivors (1024K)
[2020-12-25T02:34:57.423-0400][gc,heap        ] GC(386173)  Metaspace       used 61021K, capacity 63721K, committed 64768K, reserved 1107968K
[2020-12-25T02:34:57.423-0400][gc,heap        ] GC(386173)   class space    used 5712K, capacity 6559K, committed 6912K, reserved 1048576K
[2020-12-25T02:34:57.423-0400][gc             ] GC(386173) Pause Young (Normal) (G1 Evacuation Pause) 57M->47M(70M) 8.194ms
[2020-12-25T02:34:57.423-0400][gc,cpu         ] GC(386173) User=0.02s Sys=0.00s Real=0.01s
[2020-12-25T02:35:22.693-0400][gc,heap        ] GC(386174) Heap before GC invocations=386149 (full 11289): garbage-first heap   total 71680K, used 58083K [0x0000000083000000, 0x0000000100000000)
[2020-12-25T02:35:22.693-0400][gc,heap        ] GC(386174)   region size 1024K, 11 young (11264K), 1 survivors (1024K)
[2020-12-25T02:35:22.693-0400][gc,heap        ] GC(386174)  Metaspace       used 61021K, capacity 63721K, committed 64768K, reserved 1107968K
[2020-12-25T02:35:22.693-0400][gc,heap        ] GC(386174)   class space    used 5712K, capacity 6559K, committed 6912K, reserved 1048576K
[2020-12-25T02:35:22.694-0400][gc,start       ] GC(386174) Pause Young (Concurrent Start) (G1 Evacuation Pause)
[2020-12-25T02:35:22.694-0400][gc,task        ] GC(386174) Using 4 workers of 4 for evacuation
[2020-12-25T02:35:22.701-0400][gc,phases      ] GC(386174)   Pre Evacuate Collection Set: 0.2ms
[2020-12-25T02:35:22.701-0400][gc,phases      ] GC(386174)   Evacuate Collection Set: 4.7ms
[2020-12-25T02:35:22.701-0400][gc,phases      ] GC(386174)   Post Evacuate Collection Set: 1.6ms
[2020-12-25T02:35:22.701-0400][gc,phases      ] GC(386174)   Other: 1.0ms
[2020-12-25T02:35:22.701-0400][gc,heap        ] GC(386174) Eden regions: 10->0(10)
[2020-12-25T02:35:22.701-0400][gc,heap        ] GC(386174) Survivor regions: 1->1(2)
[2020-12-25T02:35:22.701-0400][gc,heap        ] GC(386174) Old regions: 46->46
[2020-12-25T02:35:22.701-0400][gc,heap        ] GC(386174) Humongous regions: 4->4
[2020-12-25T02:35:22.701-0400][gc,metaspace   ] GC(386174) Metaspace: 61021K->61021K(1107968K)
[2020-12-25T02:35:22.701-0400][gc,heap        ] GC(386174) Heap after GC invocations=386150 (full 11289): garbage-first heap   total 71680K, used 48868K [0x0000000083000000, 0x0000000100000000)
[2020-12-25T02:35:22.701-0400][gc,heap        ] GC(386174)   region size 1024K, 1 young (1024K), 1 survivors (1024K)
[2020-12-25T02:35:22.701-0400][gc,heap        ] GC(386174)  Metaspace       used 61021K, capacity 63721K, committed 64768K, reserved 1107968K
[2020-12-25T02:35:22.701-0400][gc,heap        ] GC(386174)   class space    used 5712K, capacity 6559K, committed 6912K, reserved 1048576K
[2020-12-25T02:35:22.702-0400][gc             ] GC(386174) Pause Young (Concurrent Start) (G1 Evacuation Pause) 57M->47M(70M) 7.962ms
[2020-12-25T02:35:22.702-0400][gc,cpu         ] GC(386174) User=0.02s Sys=0.00s Real=0.01s
[2020-12-25T02:35:22.702-0400][gc             ] GC(386175) Concurrent Cycle
[2020-12-25T02:35:22.702-0400][gc,marking     ] GC(386175) Concurrent Clear Claimed Marks
[2020-12-25T02:35:22.702-0400][gc,marking     ] GC(386175) Concurrent Clear Claimed Marks 0.315ms
[2020-12-25T02:35:22.702-0400][gc,marking     ] GC(386175) Concurrent Scan Root Regions
[2020-12-25T02:35:22.706-0400][gc,marking     ] GC(386175) Concurrent Scan Root Regions 3.588ms
[2020-12-25T02:35:22.706-0400][gc,marking     ] GC(386175) Concurrent Mark (3374637.461s)
[2020-12-25T02:35:22.706-0400][gc,marking     ] GC(386175) Concurrent Mark From Roots
[2020-12-25T02:35:22.706-0400][gc,task        ] GC(386175) Using 1 workers of 1 for marking
[2020-12-25T02:35:23.027-0400][gc,marking     ] GC(386175) Concurrent Mark From Roots 321.193ms
[2020-12-25T02:35:23.027-0400][gc,marking     ] GC(386175) Concurrent Preclean
[2020-12-25T02:35:23.028-0400][gc,marking     ] GC(386175) Concurrent Preclean 0.673ms
[2020-12-25T02:35:23.028-0400][gc,marking     ] GC(386175) Concurrent Mark (3374637.461s, 3374637.783s) 322.129ms
[2020-12-25T02:35:23.029-0400][gc,start       ] GC(386175) Pause Remark
[2020-12-25T02:35:23.070-0400][gc,stringtable ] GC(386175) Cleaned string and symbol table, strings: 32207 processed, 0 removed, symbols: 131451 processed, 0 removed
[2020-12-25T02:35:23.071-0400][gc             ] GC(386175) Pause Remark 48M->48M(70M) 41.917ms
[2020-12-25T02:35:23.071-0400][gc,cpu         ] GC(386175) User=0.10s Sys=0.06s Real=0.04s
[2020-12-25T02:35:23.071-0400][gc,marking     ] GC(386175) Concurrent Rebuild Remembered Sets
[2020-12-25T02:35:23.261-0400][gc,marking     ] GC(386175) Concurrent Rebuild Remembered Sets 189.627ms
[2020-12-25T02:35:23.262-0400][gc,start       ] GC(386175) Pause Cleanup
[2020-12-25T02:35:23.262-0400][gc             ] GC(386175) Pause Cleanup 48M->48M(70M) 0.451ms
[2020-12-25T02:35:23.262-0400][gc,cpu         ] GC(386175) User=0.00s Sys=0.00s Real=0.00s
[2020-12-25T02:35:23.263-0400][gc,marking     ] GC(386175) Concurrent Cleanup for Next Mark
[2020-12-25T02:35:23.264-0400][gc,marking     ] GC(386175) Concurrent Cleanup for Next Mark 0.843ms
[2020-12-25T02:35:23.264-0400][gc             ] GC(386175) Concurrent Cycle 561.821ms
[2020-12-25T02:35:54.941-0400][gc,heap        ] GC(386176) Heap before GC invocations=386151 (full 11289): garbage-first heap   total 71680K, used 58084K [0x0000000083000000, 0x0000000100000000)
[2020-12-25T02:35:54.942-0400][gc,heap        ] GC(386176)   region size 1024K, 11 young (11264K), 1 survivors (1024K)
[2020-12-25T02:35:54.942-0400][gc,heap        ] GC(386176)  Metaspace       used 61021K, capacity 63721K, committed 64768K, reserved 1107968K
[2020-12-25T02:35:54.942-0400][gc,heap        ] GC(386176)   class space    used 5712K, capacity 6559K, committed 6912K, reserved 1048576K
[2020-12-25T02:35:54.942-0400][gc,start       ] GC(386176) Pause Young (Normal) (G1 Evacuation Pause)
[2020-12-25T02:35:54.942-0400][gc,task        ] GC(386176) Using 4 workers of 4 for evacuation
[2020-12-25T02:35:54.949-0400][gc,phases      ] GC(386176)   Pre Evacuate Collection Set: 0.0ms
[2020-12-25T02:35:54.949-0400][gc,phases      ] GC(386176)   Evacuate Collection Set: 4.9ms
[2020-12-25T02:35:54.949-0400][gc,phases      ] GC(386176)   Post Evacuate Collection Set: 1.8ms
[2020-12-25T02:35:54.949-0400][gc,phases      ] GC(386176)   Other: 0.9ms
[2020-12-25T02:35:54.949-0400][gc,heap        ] GC(386176) Eden regions: 10->0(10)
[2020-12-25T02:35:54.949-0400][gc,heap        ] GC(386176) Survivor regions: 1->1(2)
[2020-12-25T02:35:54.949-0400][gc,heap        ] GC(386176) Old regions: 46->46
[2020-12-25T02:35:54.950-0400][gc,heap        ] GC(386176) Humongous regions: 4->4
[2020-12-25T02:35:54.950-0400][gc,metaspace   ] GC(386176) Metaspace: 61021K->61021K(1107968K)
[2020-12-25T02:35:54.950-0400][gc,heap        ] GC(386176) Heap after GC invocations=386152 (full 11289): garbage-first heap   total 71680K, used 48838K [0x0000000083000000, 0x0000000100000000)
[2020-12-25T02:35:54.950-0400][gc,heap        ] GC(386176)   region size 1024K, 1 young (1024K), 1 survivors (1024K)
[2020-12-25T02:35:54.950-0400][gc,heap        ] GC(386176)  Metaspace       used 61021K, capacity 63721K, committed 64768K, reserved 1107968K
[2020-12-25T02:35:54.950-0400][gc,heap        ] GC(386176)   class space    used 5712K, capacity 6559K, committed 6912K, reserved 1048576K
[2020-12-25T02:35:54.950-0400][gc             ] GC(386176) Pause Young (Normal) (G1 Evacuation Pause) 57M->47M(70M) 7.999ms
[2020-12-25T02:35:54.950-0400][gc,cpu         ] GC(386176) User=0.01s Sys=0.01s Real=0.01s
[2020-12-25T02:36:21.368-0400][gc,heap        ] GC(386177) Heap before GC invocations=386152 (full 11289): garbage-first heap   total 71680K, used 58054K [0x0000000083000000, 0x0000000100000000)
[2020-12-25T02:36:21.368-0400][gc,heap        ] GC(386177)   region size 1024K, 11 young (11264K), 1 survivors (1024K)
[2020-12-25T02:36:21.368-0400][gc,heap        ] GC(386177)  Metaspace       used 61021K, capacity 63721K, committed 64768K, reserved 1107968K
[2020-12-25T02:36:21.368-0400][gc,heap        ] GC(386177)   class space    used 5712K, capacity 6559K, committed 6912K, reserved 1048576K
[2020-12-25T02:36:21.368-0400][gc,start       ] GC(386177) Pause Young (Concurrent Start) (G1 Evacuation Pause)
[2020-12-25T02:36:21.368-0400][gc,task        ] GC(386177) Using 4 workers of 4 for evacuation
[2020-12-25T02:36:21.375-0400][gc,phases      ] GC(386177)   Pre Evacuate Collection Set: 0.3ms
[2020-12-25T02:36:21.375-0400][gc,phases      ] GC(386177)   Evacuate Collection Set: 4.6ms
[2020-12-25T02:36:21.375-0400][gc,phases      ] GC(386177)   Post Evacuate Collection Set: 1.7ms
[2020-12-25T02:36:21.376-0400][gc,phases      ] GC(386177)   Other: 0.9ms
[2020-12-25T02:36:21.376-0400][gc,heap        ] GC(386177) Eden regions: 10->0(10)
[2020-12-25T02:36:21.376-0400][gc,heap        ] GC(386177) Survivor regions: 1->1(2)
[2020-12-25T02:36:21.376-0400][gc,heap        ] GC(386177) Old regions: 46->46
[2020-12-25T02:36:21.376-0400][gc,heap        ] GC(386177) Humongous regions: 4->4
[2020-12-25T02:36:21.376-0400][gc,metaspace   ] GC(386177) Metaspace: 61021K->61021K(1107968K)
[2020-12-25T02:36:21.376-0400][gc,heap        ] GC(386177) Heap after GC invocations=386153 (full 11289): garbage-first heap   total 71680K, used 48880K [0x0000000083000000, 0x0000000100000000)
[2020-12-25T02:36:21.376-0400][gc,heap        ] GC(386177)   region size 1024K, 1 young (1024K), 1 survivors (1024K)
[2020-12-25T02:36:21.376-0400][gc,heap        ] GC(386177)  Metaspace       used 61021K, capacity 63721K, committed 64768K, reserved 1107968K
[2020-12-25T02:36:21.376-0400][gc,heap        ] GC(386177)   class space    used 5712K, capacity 6559K, committed 6912K, reserved 1048576K
[2020-12-25T02:36:21.376-0400][gc             ] GC(386177) Pause Young (Concurrent Start) (G1 Evacuation Pause) 57M->47M(70M) 7.978ms
[2020-12-25T02:36:21.376-0400][gc,cpu         ] GC(386177) User=0.02s Sys=0.00s Real=0.01s
[2020-12-25T02:36:21.376-0400][gc             ] GC(386178) Concurrent Cycle
[2020-12-25T02:36:21.377-0400][gc,marking     ] GC(386178) Concurrent Clear Claimed Marks
[2020-12-25T02:36:21.377-0400][gc,marking     ] GC(386178) Concurrent Clear Claimed Marks 0.429ms
[2020-12-25T02:36:21.377-0400][gc,marking     ] GC(386178) Concurrent Scan Root Regions
[2020-12-25T02:36:21.380-0400][gc,marking     ] GC(386178) Concurrent Scan Root Regions 3.149ms
[2020-12-25T02:36:21.380-0400][gc,marking     ] GC(386178) Concurrent Mark (3374696.135s)
[2020-12-25T02:36:21.380-0400][gc,marking     ] GC(386178) Concurrent Mark From Roots
[2020-12-25T02:36:21.380-0400][gc,task        ] GC(386178) Using 1 workers of 1 for marking
[2020-12-25T02:36:21.701-0400][gc,marking     ] GC(386178) Concurrent Mark From Roots 320.643ms
[2020-12-25T02:36:21.701-0400][gc,marking     ] GC(386178) Concurrent Preclean
[2020-12-25T02:36:21.702-0400][gc,marking     ] GC(386178) Concurrent Preclean 0.735ms
[2020-12-25T02:36:21.702-0400][gc,marking     ] GC(386178) Concurrent Mark (3374696.135s, 3374696.457s) 321.653ms
[2020-12-25T02:36:21.703-0400][gc,start       ] GC(386178) Pause Remark
[2020-12-25T02:36:21.759-0400][gc,stringtable ] GC(386178) Cleaned string and symbol table, strings: 32207 processed, 0 removed, symbols: 131451 processed, 0 removed
[2020-12-25T02:36:21.760-0400][gc             ] GC(386178) Pause Remark 48M->48M(70M) 57.060ms
[2020-12-25T02:36:21.760-0400][gc,cpu         ] GC(386178) User=0.16s Sys=0.00s Real=0.06s
[2020-12-25T02:36:21.761-0400][gc,marking     ] GC(386178) Concurrent Rebuild Remembered Sets
[2020-12-25T02:36:21.953-0400][gc,marking     ] GC(386178) Concurrent Rebuild Remembered Sets 192.839ms
[2020-12-25T02:36:21.954-0400][gc,start       ] GC(386178) Pause Cleanup
[2020-12-25T02:36:21.955-0400][gc             ] GC(386178) Pause Cleanup 48M->48M(70M) 0.487ms
[2020-12-25T02:36:21.955-0400][gc,cpu         ] GC(386178) User=0.00s Sys=0.00s Real=0.00s
[2020-12-25T02:36:21.956-0400][gc,marking     ] GC(386178) Concurrent Cleanup for Next Mark
[2020-12-25T02:36:21.956-0400][gc,marking     ] GC(386178) Concurrent Cleanup for Next Mark 0.756ms
[2020-12-25T02:36:21.957-0400][gc             ] GC(386178) Concurrent Cycle 580.117ms
[2020-12-25T02:36:50.924-0400][gc,task        ] GC(386179) Using 3 workers of 4 for full compaction
[2020-12-25T02:36:50.924-0400][gc,start       ] GC(386179) Pause Full (System.gc())
[2020-12-25T02:36:50.924-0400][gc,heap        ] GC(386179) Heap before GC invocations=386154 (full 11289): garbage-first heap   total 71680K, used 55024K [0x0000000083000000, 0x0000000100000000)
[2020-12-25T02:36:50.924-0400][gc,heap        ] GC(386179)   region size 1024K, 9 young (9216K), 1 survivors (1024K)
[2020-12-25T02:36:50.924-0400][gc,heap        ] GC(386179)  Metaspace       used 61021K, capacity 63721K, committed 64768K, reserved 1107968K
[2020-12-25T02:36:50.924-0400][gc,heap        ] GC(386179)   class space    used 5712K, capacity 6559K, committed 6912K, reserved 1048576K
[2020-12-25T02:36:50.927-0400][gc,phases,start] GC(386179) Phase 1: Mark live objects
[2020-12-25T02:36:51.075-0400][gc,stringtable ] GC(386179) Cleaned string and symbol table, strings: 32207 processed, 0 removed, symbols: 131451 processed, 0 removed
[2020-12-25T02:36:51.075-0400][gc,phases      ] GC(386179) Phase 1: Mark live objects 148.247ms
[2020-12-25T02:36:51.075-0400][gc,phases,start] GC(386179) Phase 2: Prepare for compaction
[2020-12-25T02:36:51.156-0400][gc,phases      ] GC(386179) Phase 2: Prepare for compaction 81.593ms
[2020-12-25T02:36:51.157-0400][gc,phases,start] GC(386179) Phase 3: Adjust pointers
[2020-12-25T02:36:51.233-0400][gc,phases      ] GC(386179) Phase 3: Adjust pointers 76.709ms
[2020-12-25T02:36:51.233-0400][gc,phases,start] GC(386179) Phase 4: Compact heap
[2020-12-25T02:36:51.257-0400][gc,phases      ] GC(386179) Phase 4: Compact heap 23.176ms
[2020-12-25T02:36:51.293-0400][gc,heap        ] GC(386179) Eden regions: 8->0(11)
[2020-12-25T02:36:51.293-0400][gc,heap        ] GC(386179) Survivor regions: 1->0(2)
[2020-12-25T02:36:51.293-0400][gc,heap        ] GC(386179) Old regions: 46->46
[2020-12-25T02:36:51.293-0400][gc,heap        ] GC(386179) Humongous regions: 4->4
[2020-12-25T02:36:51.293-0400][gc,metaspace   ] GC(386179) Metaspace: 61021K->61021K(1107968K)
[2020-12-25T02:36:51.294-0400][gc,heap        ] GC(386179) Heap after GC invocations=386155 (full 11290): garbage-first heap   total 71680K, used 48396K [0x0000000083000000, 0x0000000100000000)
[2020-12-25T02:36:51.294-0400][gc,heap        ] GC(386179)   region size 1024K, 0 young (0K), 0 survivors (0K)
[2020-12-25T02:36:51.294-0400][gc,heap        ] GC(386179)  Metaspace       used 61021K, capacity 63721K, committed 64768K, reserved 1107968K
[2020-12-25T02:36:51.294-0400][gc,heap        ] GC(386179)   class space    used 5712K, capacity 6559K, committed 6912K, reserved 1048576K
[2020-12-25T02:36:51.294-0400][gc             ] GC(386179) Pause Full (System.gc()) 55M->47M(70M) 369.698ms
[2020-12-25T02:36:51.294-0400][gc,cpu         ] GC(386179) User=0.84s Sys=0.00s Real=0.37s
[2020-12-25T02:37:24.545-0400][gc,heap        ] GC(386180) Heap before GC invocations=386155 (full 11290): garbage-first heap   total 71680K, used 59660K [0x0000000083000000, 0x0000000100000000)
[2020-12-25T02:37:24.545-0400][gc,heap        ] GC(386180)   region size 1024K, 11 young (11264K), 0 survivors (0K)
[2020-12-25T02:37:24.545-0400][gc,heap        ] GC(386180)  Metaspace       used 61021K, capacity 63721K, committed 64768K, reserved 1107968K
[2020-12-25T02:37:24.545-0400][gc,heap        ] GC(386180)   class space    used 5712K, capacity 6559K, committed 6912K, reserved 1048576K
[2020-12-25T02:37:24.545-0400][gc,start       ] GC(386180) Pause Young (Concurrent Start) (G1 Evacuation Pause)
[2020-12-25T02:37:24.545-0400][gc,task        ] GC(386180) Using 4 workers of 4 for evacuation
[2020-12-25T02:37:24.552-0400][gc,phases      ] GC(386180)   Pre Evacuate Collection Set: 0.3ms
[2020-12-25T02:37:24.552-0400][gc,phases      ] GC(386180)   Evacuate Collection Set: 4.1ms
[2020-12-25T02:37:24.552-0400][gc,phases      ] GC(386180)   Post Evacuate Collection Set: 1.9ms
[2020-12-25T02:37:24.552-0400][gc,phases      ] GC(386180)   Other: 0.9ms
[2020-12-25T02:37:24.552-0400][gc,heap        ] GC(386180) Eden regions: 11->0(10)
[2020-12-25T02:37:24.552-0400][gc,heap        ] GC(386180) Survivor regions: 0->1(2)
[2020-12-25T02:37:24.552-0400][gc,heap        ] GC(386180) Old regions: 46->46
[2020-12-25T02:37:24.553-0400][gc,heap        ] GC(386180) Humongous regions: 4->4
[2020-12-25T02:37:24.553-0400][gc,metaspace   ] GC(386180) Metaspace: 61021K->61021K(1107968K)
[2020-12-25T02:37:24.553-0400][gc,heap        ] GC(386180) Heap after GC invocations=386156 (full 11290): garbage-first heap   total 71680K, used 48678K [0x0000000083000000, 0x0000000100000000)
[2020-12-25T02:37:24.553-0400][gc,heap        ] GC(386180)   region size 1024K, 1 young (1024K), 1 survivors (1024K)
[2020-12-25T02:37:24.553-0400][gc,heap        ] GC(386180)  Metaspace       used 61021K, capacity 63721K, committed 64768K, reserved 1107968K
[2020-12-25T02:37:24.553-0400][gc,heap        ] GC(386180)   class space    used 5712K, capacity 6559K, committed 6912K, reserved 1048576K
[2020-12-25T02:37:24.553-0400][gc             ] GC(386180) Pause Young (Concurrent Start) (G1 Evacuation Pause) 58M->47M(70M) 7.761ms
[2020-12-25T02:37:24.553-0400][gc,cpu         ] GC(386180) User=0.02s Sys=0.00s Real=0.01s
[2020-12-25T02:37:24.554-0400][gc             ] GC(386181) Concurrent Cycle
[2020-12-25T02:37:24.555-0400][gc,marking     ] GC(386181) Concurrent Clear Claimed Marks
[2020-12-25T02:37:24.555-0400][gc,marking     ] GC(386181) Concurrent Clear Claimed Marks 0.384ms
[2020-12-25T02:37:24.555-0400][gc,marking     ] GC(386181) Concurrent Scan Root Regions
[2020-12-25T02:37:24.558-0400][gc,marking     ] GC(386181) Concurrent Scan Root Regions 3.037ms
[2020-12-25T02:37:24.558-0400][gc,marking     ] GC(386181) Concurrent Mark (3374759.313s)
[2020-12-25T02:37:24.558-0400][gc,marking     ] GC(386181) Concurrent Mark From Roots
[2020-12-25T02:37:24.558-0400][gc,task        ] GC(386181) Using 1 workers of 1 for marking
[2020-12-25T02:37:24.890-0400][gc,marking     ] GC(386181) Concurrent Mark From Roots 331.404ms
[2020-12-25T02:37:24.890-0400][gc,marking     ] GC(386181) Concurrent Preclean
[2020-12-25T02:37:24.891-0400][gc,marking     ] GC(386181) Concurrent Preclean 0.714ms
[2020-12-25T02:37:24.891-0400][gc,marking     ] GC(386181) Concurrent Mark (3374759.313s, 3374759.645s) 332.448ms
[2020-12-25T02:37:24.891-0400][gc,start       ] GC(386181) Pause Remark
[2020-12-25T02:37:24.932-0400][gc,stringtable ] GC(386181) Cleaned string and symbol table, strings: 32207 processed, 0 removed, symbols: 131451 processed, 0 removed
[2020-12-25T02:37:24.933-0400][gc             ] GC(386181) Pause Remark 48M->48M(70M) 41.351ms
[2020-12-25T02:37:24.933-0400][gc,cpu         ] GC(386181) User=0.11s Sys=0.05s Real=0.04s
[2020-12-25T02:37:24.933-0400][gc,marking     ] GC(386181) Concurrent Rebuild Remembered Sets
[2020-12-25T02:37:25.127-0400][gc,marking     ] GC(386181) Concurrent Rebuild Remembered Sets 193.724ms
[2020-12-25T02:37:25.128-0400][gc,start       ] GC(386181) Pause Cleanup
[2020-12-25T02:37:25.128-0400][gc             ] GC(386181) Pause Cleanup 48M->48M(70M) 0.533ms
[2020-12-25T02:37:25.128-0400][gc,cpu         ] GC(386181) User=0.00s Sys=0.00s Real=0.00s
[2020-12-25T02:37:25.128-0400][gc,marking     ] GC(386181) Concurrent Cleanup for Next Mark
[2020-12-25T02:37:25.129-0400][gc,marking     ] GC(386181) Concurrent Cleanup for Next Mark 0.947ms
[2020-12-25T02:37:25.130-0400][gc             ] GC(386181) Concurrent Cycle 575.264ms
[2020-12-25T02:37:59.567-0400][gc,heap        ] GC(386182) Heap before GC invocations=386157 (full 11290): garbage-first heap   total 71680K, used 57894K [0x0000000083000000, 0x0000000100000000)
[2020-12-25T02:37:59.567-0400][gc,heap        ] GC(386182)   region size 1024K, 11 young (11264K), 1 survivors (1024K)
[2020-12-25T02:37:59.567-0400][gc,heap        ] GC(386182)  Metaspace       used 61021K, capacity 63721K, committed 64768K, reserved 1107968K
[2020-12-25T02:37:59.567-0400][gc,heap        ] GC(386182)   class space    used 5712K, capacity 6559K, committed 6912K, reserved 1048576K
[2020-12-25T02:37:59.568-0400][gc,start       ] GC(386182) Pause Young (Normal) (G1 Evacuation Pause)
[2020-12-25T02:37:59.568-0400][gc,task        ] GC(386182) Using 4 workers of 4 for evacuation
[2020-12-25T02:37:59.574-0400][gc,phases      ] GC(386182)   Pre Evacuate Collection Set: 0.0ms
[2020-12-25T02:37:59.574-0400][gc,phases      ] GC(386182)   Evacuate Collection Set: 4.5ms
[2020-12-25T02:37:59.574-0400][gc,phases      ] GC(386182)   Post Evacuate Collection Set: 1.7ms
[2020-12-25T02:37:59.575-0400][gc,phases      ] GC(386182)   Other: 0.8ms
[2020-12-25T02:37:59.575-0400][gc,heap        ] GC(386182) Eden regions: 10->0(10)
[2020-12-25T02:37:59.575-0400][gc,heap        ] GC(386182) Survivor regions: 1->1(2)
[2020-12-25T02:37:59.575-0400][gc,heap        ] GC(386182) Old regions: 46->46
[2020-12-25T02:37:59.575-0400][gc,heap        ] GC(386182) Humongous regions: 4->4
[2020-12-25T02:37:59.575-0400][gc,metaspace   ] GC(386182) Metaspace: 61021K->61021K(1107968K)
[2020-12-25T02:37:59.575-0400][gc,heap        ] GC(386182) Heap after GC invocations=386158 (full 11290): garbage-first heap   total 71680K, used 48644K [0x0000000083000000, 0x0000000100000000)
[2020-12-25T02:37:59.575-0400][gc,heap        ] GC(386182)   region size 1024K, 1 young (1024K), 1 survivors (1024K)
[2020-12-25T02:37:59.575-0400][gc,heap        ] GC(386182)  Metaspace       used 61021K, capacity 63721K, committed 64768K, reserved 1107968K
[2020-12-25T02:37:59.575-0400][gc,heap        ] GC(386182)   class space    used 5712K, capacity 6559K, committed 6912K, reserved 1048576K
[2020-12-25T02:37:59.575-0400][gc             ] GC(386182) Pause Young (Normal) (G1 Evacuation Pause) 57M->47M(70M) 7.596ms
[2020-12-25T02:37:59.575-0400][gc,cpu         ] GC(386182) User=0.02s Sys=0.01s Real=0.00s
[2020-12-25T02:38:23.894-0400][gc,heap        ] GC(386183) Heap before GC invocations=386158 (full 11290): garbage-first heap   total 71680K, used 57860K [0x0000000083000000, 0x0000000100000000)
[2020-12-25T02:38:23.894-0400][gc,heap        ] GC(386183)   region size 1024K, 11 young (11264K), 1 survivors (1024K)
[2020-12-25T02:38:23.894-0400][gc,heap        ] GC(386183)  Metaspace       used 61021K, capacity 63721K, committed 64768K, reserved 1107968K
[2020-12-25T02:38:23.894-0400][gc,heap        ] GC(386183)   class space    used 5712K, capacity 6559K, committed 6912K, reserved 1048576K
[2020-12-25T02:38:23.894-0400][gc,start       ] GC(386183) Pause Young (Concurrent Start) (G1 Evacuation Pause)
[2020-12-25T02:38:23.894-0400][gc,task        ] GC(386183) Using 4 workers of 4 for evacuation
[2020-12-25T02:38:23.902-0400][gc,phases      ] GC(386183)   Pre Evacuate Collection Set: 0.2ms
[2020-12-25T02:38:23.902-0400][gc,phases      ] GC(386183)   Evacuate Collection Set: 4.9ms
[2020-12-25T02:38:23.902-0400][gc,phases      ] GC(386183)   Post Evacuate Collection Set: 2.0ms
[2020-12-25T02:38:23.902-0400][gc,phases      ] GC(386183)   Other: 0.9ms
[2020-12-25T02:38:23.902-0400][gc,heap        ] GC(386183) Eden regions: 10->0(10)
[2020-12-25T02:38:23.902-0400][gc,heap        ] GC(386183) Survivor regions: 1->1(2)
[2020-12-25T02:38:23.902-0400][gc,heap        ] GC(386183) Old regions: 46->46
[2020-12-25T02:38:23.902-0400][gc,heap        ] GC(386183) Humongous regions: 4->4
[2020-12-25T02:38:23.902-0400][gc,metaspace   ] GC(386183) Metaspace: 61021K->61021K(1107968K)
[2020-12-25T02:38:23.902-0400][gc,heap        ] GC(386183) Heap after GC invocations=386159 (full 11290): garbage-first heap   total 71680K, used 48778K [0x0000000083000000, 0x0000000100000000)
[2020-12-25T02:38:23.902-0400][gc,heap        ] GC(386183)   region size 1024K, 1 young (1024K), 1 survivors (1024K)
[2020-12-25T02:38:23.902-0400][gc,heap        ] GC(386183)  Metaspace       used 61021K, capacity 63721K, committed 64768K, reserved 1107968K
[2020-12-25T02:38:23.902-0400][gc,heap        ] GC(386183)   class space    used 5712K, capacity 6559K, committed 6912K, reserved 1048576K
[2020-12-25T02:38:23.902-0400][gc             ] GC(386183) Pause Young (Concurrent Start) (G1 Evacuation Pause) 57M->47M(70M) 8.441ms
[2020-12-25T02:38:23.903-0400][gc,cpu         ] GC(386183) User=0.02s Sys=0.01s Real=0.01s
[2020-12-25T02:38:23.904-0400][gc             ] GC(386184) Concurrent Cycle
[2020-12-25T02:38:23.904-0400][gc,marking     ] GC(386184) Concurrent Clear Claimed Marks
[2020-12-25T02:38:23.904-0400][gc,marking     ] GC(386184) Concurrent Clear Claimed Marks 0.279ms
[2020-12-25T02:38:23.905-0400][gc,marking     ] GC(386184) Concurrent Scan Root Regions
[2020-12-25T02:38:23.909-0400][gc,marking     ] GC(386184) Concurrent Scan Root Regions 4.553ms
[2020-12-25T02:38:23.909-0400][gc,marking     ] GC(386184) Concurrent Mark (3374818.664s)
[2020-12-25T02:38:23.909-0400][gc,marking     ] GC(386184) Concurrent Mark From Roots
[2020-12-25T02:38:23.909-0400][gc,task        ] GC(386184) Using 1 workers of 1 for marking
[2020-12-25T02:38:24.233-0400][gc,marking     ] GC(386184) Concurrent Mark From Roots 323.253ms
[2020-12-25T02:38:24.233-0400][gc,marking     ] GC(386184) Concurrent Preclean
[2020-12-25T02:38:24.233-0400][gc,marking     ] GC(386184) Concurrent Preclean 0.612ms
[2020-12-25T02:38:24.233-0400][gc,marking     ] GC(386184) Concurrent Mark (3374818.664s, 3374818.988s) 324.163ms
[2020-12-25T02:38:24.234-0400][gc,start       ] GC(386184) Pause Remark
[2020-12-25T02:38:24.275-0400][gc,stringtable ] GC(386184) Cleaned string and symbol table, strings: 32207 processed, 0 removed, symbols: 131451 processed, 0 removed
[2020-12-25T02:38:24.276-0400][gc             ] GC(386184) Pause Remark 48M->48M(70M) 41.654ms
[2020-12-25T02:38:24.276-0400][gc,cpu         ] GC(386184) User=0.16s Sys=0.00s Real=0.05s
[2020-12-25T02:38:24.276-0400][gc,marking     ] GC(386184) Concurrent Rebuild Remembered Sets
[2020-12-25T02:38:24.471-0400][gc,marking     ] GC(386184) Concurrent Rebuild Remembered Sets 194.871ms
[2020-12-25T02:38:24.472-0400][gc,start       ] GC(386184) Pause Cleanup
[2020-12-25T02:38:24.472-0400][gc             ] GC(386184) Pause Cleanup 48M->48M(70M) 0.485ms
[2020-12-25T02:38:24.473-0400][gc,cpu         ] GC(386184) User=0.00s Sys=0.00s Real=0.00s
[2020-12-25T02:38:24.473-0400][gc,marking     ] GC(386184) Concurrent Cleanup for Next Mark
[2020-12-25T02:38:24.474-0400][gc,marking     ] GC(386184) Concurrent Cleanup for Next Mark 1.062ms
[2020-12-25T02:38:24.474-0400][gc             ] GC(386184) Concurrent Cycle 570.128ms
[2020-12-25T02:38:56.445-0400][gc,heap        ] GC(386185) Heap before GC invocations=386160 (full 11290): garbage-first heap   total 71680K, used 57994K [0x0000000083000000, 0x0000000100000000)
[2020-12-25T02:38:56.446-0400][gc,heap        ] GC(386185)   region size 1024K, 11 young (11264K), 1 survivors (1024K)
[2020-12-25T02:38:56.446-0400][gc,heap        ] GC(386185)  Metaspace       used 61021K, capacity 63721K, committed 64768K, reserved 1107968K
[2020-12-25T02:38:56.446-0400][gc,heap        ] GC(386185)   class space    used 5712K, capacity 6559K, committed 6912K, reserved 1048576K
[2020-12-25T02:38:56.446-0400][gc,start       ] GC(386185) Pause Young (Normal) (G1 Evacuation Pause)
[2020-12-25T02:38:56.446-0400][gc,task        ] GC(386185) Using 4 workers of 4 for evacuation
[2020-12-25T02:38:56.453-0400][gc,phases      ] GC(386185)   Pre Evacuate Collection Set: 0.0ms
[2020-12-25T02:38:56.453-0400][gc,phases      ] GC(386185)   Evacuate Collection Set: 4.9ms
[2020-12-25T02:38:56.453-0400][gc,phases      ] GC(386185)   Post Evacuate Collection Set: 1.5ms
[2020-12-25T02:38:56.453-0400][gc,phases      ] GC(386185)   Other: 0.9ms
[2020-12-25T02:38:56.453-0400][gc,heap        ] GC(386185) Eden regions: 10->0(10)
[2020-12-25T02:38:56.453-0400][gc,heap        ] GC(386185) Survivor regions: 1->1(2)
[2020-12-25T02:38:56.453-0400][gc,heap        ] GC(386185) Old regions: 46->46
[2020-12-25T02:38:56.453-0400][gc,heap        ] GC(386185) Humongous regions: 4->4
[2020-12-25T02:38:56.453-0400][gc,metaspace   ] GC(386185) Metaspace: 61021K->61021K(1107968K)
[2020-12-25T02:38:56.453-0400][gc,heap        ] GC(386185) Heap after GC invocations=386161 (full 11290): garbage-first heap   total 71680K, used 48805K [0x0000000083000000, 0x0000000100000000)
[2020-12-25T02:38:56.453-0400][gc,heap        ] GC(386185)   region size 1024K, 1 young (1024K), 1 survivors (1024K)
[2020-12-25T02:38:56.453-0400][gc,heap        ] GC(386185)  Metaspace       used 61021K, capacity 63721K, committed 64768K, reserved 1107968K
[2020-12-25T02:38:56.453-0400][gc,heap        ] GC(386185)   class space    used 5712K, capacity 6559K, committed 6912K, reserved 1048576K
[2020-12-25T02:38:56.453-0400][gc             ] GC(386185) Pause Young (Normal) (G1 Evacuation Pause) 57M->47M(70M) 7.619ms
[2020-12-25T02:38:56.454-0400][gc,cpu         ] GC(386185) User=0.03s Sys=0.00s Real=0.00s
[2020-12-25T02:39:23.370-0400][gc,heap        ] GC(386186) Heap before GC invocations=386161 (full 11290): garbage-first heap   total 71680K, used 58021K [0x0000000083000000, 0x0000000100000000)
[2020-12-25T02:39:23.371-0400][gc,heap        ] GC(386186)   region size 1024K, 11 young (11264K), 1 survivors (1024K)
[2020-12-25T02:39:23.371-0400][gc,heap        ] GC(386186)  Metaspace       used 61021K, capacity 63721K, committed 64768K, reserved 1107968K
[2020-12-25T02:39:23.371-0400][gc,heap        ] GC(386186)   class space    used 5712K, capacity 6559K, committed 6912K, reserved 1048576K
[2020-12-25T02:39:23.371-0400][gc,start       ] GC(386186) Pause Young (Concurrent Start) (G1 Evacuation Pause)
[2020-12-25T02:39:23.371-0400][gc,task        ] GC(386186) Using 4 workers of 4 for evacuation
[2020-12-25T02:39:23.378-0400][gc,phases      ] GC(386186)   Pre Evacuate Collection Set: 0.2ms
[2020-12-25T02:39:23.378-0400][gc,phases      ] GC(386186)   Evacuate Collection Set: 5.0ms
[2020-12-25T02:39:23.378-0400][gc,phases      ] GC(386186)   Post Evacuate Collection Set: 1.6ms
[2020-12-25T02:39:23.379-0400][gc,phases      ] GC(386186)   Other: 1.0ms
[2020-12-25T02:39:23.379-0400][gc,heap        ] GC(386186) Eden regions: 10->0(10)
[2020-12-25T02:39:23.379-0400][gc,heap        ] GC(386186) Survivor regions: 1->1(2)
[2020-12-25T02:39:23.379-0400][gc,heap        ] GC(386186) Old regions: 46->46
[2020-12-25T02:39:23.379-0400][gc,heap        ] GC(386186) Humongous regions: 4->4
[2020-12-25T02:39:23.379-0400][gc,metaspace   ] GC(386186) Metaspace: 61021K->61021K(1107968K)
[2020-12-25T02:39:23.379-0400][gc,heap        ] GC(386186) Heap after GC invocations=386162 (full 11290): garbage-first heap   total 71680K, used 48866K [0x0000000083000000, 0x0000000100000000)
[2020-12-25T02:39:23.379-0400][gc,heap        ] GC(386186)   region size 1024K, 1 young (1024K), 1 survivors (1024K)
[2020-12-25T02:39:23.379-0400][gc,heap        ] GC(386186)  Metaspace       used 61021K, capacity 63721K, committed 64768K, reserved 1107968K
[2020-12-25T02:39:23.379-0400][gc,heap        ] GC(386186)   class space    used 5712K, capacity 6559K, committed 6912K, reserved 1048576K
[2020-12-25T02:39:23.379-0400][gc             ] GC(386186) Pause Young (Concurrent Start) (G1 Evacuation Pause) 57M->47M(70M) 8.205ms
[2020-12-25T02:39:23.379-0400][gc,cpu         ] GC(386186) User=0.01s Sys=0.01s Real=0.01s
[2020-12-25T02:39:23.379-0400][gc             ] GC(386187) Concurrent Cycle
[2020-12-25T02:39:23.380-0400][gc,marking     ] GC(386187) Concurrent Clear Claimed Marks
[2020-12-25T02:39:23.380-0400][gc,marking     ] GC(386187) Concurrent Clear Claimed Marks 0.561ms
[2020-12-25T02:39:23.380-0400][gc,marking     ] GC(386187) Concurrent Scan Root Regions
[2020-12-25T02:39:23.384-0400][gc,marking     ] GC(386187) Concurrent Scan Root Regions 4.139ms
[2020-12-25T02:39:23.384-0400][gc,marking     ] GC(386187) Concurrent Mark (3374878.139s)
[2020-12-25T02:39:23.385-0400][gc,marking     ] GC(386187) Concurrent Mark From Roots
[2020-12-25T02:39:23.385-0400][gc,task        ] GC(386187) Using 1 workers of 1 for marking
[2020-12-25T02:39:23.707-0400][gc,marking     ] GC(386187) Concurrent Mark From Roots 321.966ms
[2020-12-25T02:39:23.707-0400][gc,marking     ] GC(386187) Concurrent Preclean
[2020-12-25T02:39:23.707-0400][gc,marking     ] GC(386187) Concurrent Preclean 0.637ms
[2020-12-25T02:39:23.707-0400][gc,marking     ] GC(386187) Concurrent Mark (3374878.139s, 3374878.462s) 322.925ms
[2020-12-25T02:39:23.708-0400][gc,start       ] GC(386187) Pause Remark
[2020-12-25T02:39:23.748-0400][gc,stringtable ] GC(386187) Cleaned string and symbol table, strings: 32207 processed, 0 removed, symbols: 131451 processed, 0 removed
[2020-12-25T02:39:23.749-0400][gc             ] GC(386187) Pause Remark 48M->48M(70M) 40.592ms
[2020-12-25T02:39:23.749-0400][gc,cpu         ] GC(386187) User=0.10s Sys=0.05s Real=0.04s
[2020-12-25T02:39:23.749-0400][gc,marking     ] GC(386187) Concurrent Rebuild Remembered Sets
[2020-12-25T02:39:23.938-0400][gc,marking     ] GC(386187) Concurrent Rebuild Remembered Sets 189.053ms
[2020-12-25T02:39:23.939-0400][gc,start       ] GC(386187) Pause Cleanup
[2020-12-25T02:39:23.939-0400][gc             ] GC(386187) Pause Cleanup 48M->48M(70M) 0.495ms
[2020-12-25T02:39:23.940-0400][gc,cpu         ] GC(386187) User=0.00s Sys=0.00s Real=0.00s
[2020-12-25T02:39:23.940-0400][gc,marking     ] GC(386187) Concurrent Cleanup for Next Mark
[2020-12-25T02:39:23.941-0400][gc,marking     ] GC(386187) Concurrent Cleanup for Next Mark 0.951ms
[2020-12-25T02:39:23.941-0400][gc             ] GC(386187) Concurrent Cycle 561.705ms
[2020-12-25T02:39:54.624-0400][gc,heap        ] GC(386188) Heap before GC invocations=386163 (full 11290): garbage-first heap   total 71680K, used 59077K [0x0000000083000000, 0x0000000100000000)
[2020-12-25T02:39:54.624-0400][gc,heap        ] GC(386188)   region size 1024K, 11 young (11264K), 1 survivors (1024K)
[2020-12-25T02:39:54.624-0400][gc,heap        ] GC(386188)  Metaspace       used 61021K, capacity 63721K, committed 64768K, reserved 1107968K
[2020-12-25T02:39:54.624-0400][gc,heap        ] GC(386188)   class space    used 5712K, capacity 6559K, committed 6912K, reserved 1048576K
[2020-12-25T02:39:54.624-0400][gc,start       ] GC(386188) Pause Young (Normal) (G1 Evacuation Pause)
[2020-12-25T02:39:54.625-0400][gc,task        ] GC(386188) Using 4 workers of 4 for evacuation
[2020-12-25T02:39:54.633-0400][gc,phases      ] GC(386188)   Pre Evacuate Collection Set: 0.0ms
[2020-12-25T02:39:54.633-0400][gc,phases      ] GC(386188)   Evacuate Collection Set: 5.9ms
[2020-12-25T02:39:54.633-0400][gc,phases      ] GC(386188)   Post Evacuate Collection Set: 1.6ms
[2020-12-25T02:39:54.633-0400][gc,phases      ] GC(386188)   Other: 1.0ms
[2020-12-25T02:39:54.633-0400][gc,heap        ] GC(386188) Eden regions: 10->0(11)
[2020-12-25T02:39:54.633-0400][gc,heap        ] GC(386188) Survivor regions: 1->1(2)
[2020-12-25T02:39:54.633-0400][gc,heap        ] GC(386188) Old regions: 45->45
[2020-12-25T02:39:54.633-0400][gc,heap        ] GC(386188) Humongous regions: 4->4
[2020-12-25T02:39:54.633-0400][gc,metaspace   ] GC(386188) Metaspace: 61021K->61021K(1107968K)
[2020-12-25T02:39:54.633-0400][gc,heap        ] GC(386188) Heap after GC invocations=386164 (full 11290): garbage-first heap   total 71680K, used 48872K [0x0000000083000000, 0x0000000100000000)
[2020-12-25T02:39:54.633-0400][gc,heap        ] GC(386188)   region size 1024K, 1 young (1024K), 1 survivors (1024K)
[2020-12-25T02:39:54.633-0400][gc,heap        ] GC(386188)  Metaspace       used 61021K, capacity 63721K, committed 64768K, reserved 1107968K
[2020-12-25T02:39:54.633-0400][gc,heap        ] GC(386188)   class space    used 5712K, capacity 6559K, committed 6912K, reserved 1048576K
[2020-12-25T02:39:54.633-0400][gc             ] GC(386188) Pause Young (Normal) (G1 Evacuation Pause) 57M->47M(70M) 8.784ms
[2020-12-25T02:39:54.633-0400][gc,cpu         ] GC(386188) User=0.02s Sys=0.00s Real=0.01s
[2020-12-25T02:40:17.466-0400][gc,heap        ] GC(386189) Heap before GC invocations=386164 (full 11290): garbage-first heap   total 71680K, used 60136K [0x0000000083000000, 0x0000000100000000)
[2020-12-25T02:40:17.466-0400][gc,heap        ] GC(386189)   region size 1024K, 12 young (12288K), 1 survivors (1024K)
[2020-12-25T02:40:17.466-0400][gc,heap        ] GC(386189)  Metaspace       used 61021K, capacity 63721K, committed 64768K, reserved 1107968K
[2020-12-25T02:40:17.466-0400][gc,heap        ] GC(386189)   class space    used 5712K, capacity 6559K, committed 6912K, reserved 1048576K
[2020-12-25T02:40:17.466-0400][gc,start       ] GC(386189) Pause Young (Normal) (G1 Evacuation Pause)
[2020-12-25T02:40:17.466-0400][gc,task        ] GC(386189) Using 4 workers of 4 for evacuation
[2020-12-25T02:40:17.472-0400][gc,phases      ] GC(386189)   Pre Evacuate Collection Set: 0.0ms
[2020-12-25T02:40:17.472-0400][gc,phases      ] GC(386189)   Evacuate Collection Set: 3.6ms
[2020-12-25T02:40:17.472-0400][gc,phases      ] GC(386189)   Post Evacuate Collection Set: 2.0ms
[2020-12-25T02:40:17.472-0400][gc,phases      ] GC(386189)   Other: 0.8ms
[2020-12-25T02:40:17.472-0400][gc,heap        ] GC(386189) Eden regions: 11->0(11)
[2020-12-25T02:40:17.473-0400][gc,heap        ] GC(386189) Survivor regions: 1->1(2)
[2020-12-25T02:40:17.473-0400][gc,heap        ] GC(386189) Old regions: 45->45
[2020-12-25T02:40:17.473-0400][gc,heap        ] GC(386189) Humongous regions: 4->4
[2020-12-25T02:40:17.473-0400][gc,metaspace   ] GC(386189) Metaspace: 61021K->61021K(1107968K)
[2020-12-25T02:40:17.473-0400][gc,heap        ] GC(386189) Heap after GC invocations=386165 (full 11290): garbage-first heap   total 71680K, used 48874K [0x0000000083000000, 0x0000000100000000)
[2020-12-25T02:40:17.473-0400][gc,heap        ] GC(386189)   region size 1024K, 1 young (1024K), 1 survivors (1024K)
[2020-12-25T02:40:17.473-0400][gc,heap        ] GC(386189)  Metaspace       used 61021K, capacity 63721K, committed 64768K, reserved 1107968K
[2020-12-25T02:40:17.473-0400][gc,heap        ] GC(386189)   class space    used 5712K, capacity 6559K, committed 6912K, reserved 1048576K
[2020-12-25T02:40:17.473-0400][gc             ] GC(386189) Pause Young (Normal) (G1 Evacuation Pause) 58M->47M(70M) 7.082ms
[2020-12-25T02:40:17.473-0400][gc,cpu         ] GC(386189) User=0.01s Sys=0.01s Real=0.00s
[2020-12-25T02:40:56.062-0400][gc,heap        ] GC(386190) Heap before GC invocations=386165 (full 11290): garbage-first heap   total 71680K, used 59114K [0x0000000083000000, 0x0000000100000000)
[2020-12-25T02:40:56.062-0400][gc,heap        ] GC(386190)   region size 1024K, 12 young (12288K), 1 survivors (1024K)
[2020-12-25T02:40:56.062-0400][gc,heap        ] GC(386190)  Metaspace       used 61021K, capacity 63721K, committed 64768K, reserved 1107968K
[2020-12-25T02:40:56.062-0400][gc,heap        ] GC(386190)   class space    used 5712K, capacity 6559K, committed 6912K, reserved 1048576K
[2020-12-25T02:40:56.062-0400][gc,start       ] GC(386190) Pause Young (Concurrent Start) (G1 Evacuation Pause)
[2020-12-25T02:40:56.062-0400][gc,task        ] GC(386190) Using 4 workers of 4 for evacuation
[2020-12-25T02:40:56.070-0400][gc,phases      ] GC(386190)   Pre Evacuate Collection Set: 0.2ms
[2020-12-25T02:40:56.070-0400][gc,phases      ] GC(386190)   Evacuate Collection Set: 5.2ms
[2020-12-25T02:40:56.070-0400][gc,phases      ] GC(386190)   Post Evacuate Collection Set: 1.7ms
[2020-12-25T02:40:56.070-0400][gc,phases      ] GC(386190)   Other: 1.0ms
[2020-12-25T02:40:56.070-0400][gc,heap        ] GC(386190) Eden regions: 11->0(11)
[2020-12-25T02:40:56.070-0400][gc,heap        ] GC(386190) Survivor regions: 1->1(2)
[2020-12-25T02:40:56.070-0400][gc,heap        ] GC(386190) Old regions: 45->45
[2020-12-25T02:40:56.070-0400][gc,heap        ] GC(386190) Humongous regions: 4->4
[2020-12-25T02:40:56.070-0400][gc,metaspace   ] GC(386190) Metaspace: 61021K->61021K(1107968K)
[2020-12-25T02:40:56.070-0400][gc,heap        ] GC(386190) Heap after GC invocations=386166 (full 11290): garbage-first heap   total 71680K, used 48933K [0x0000000083000000, 0x0000000100000000)
[2020-12-25T02:40:56.070-0400][gc,heap        ] GC(386190)   region size 1024K, 1 young (1024K), 1 survivors (1024K)
[2020-12-25T02:40:56.070-0400][gc,heap        ] GC(386190)  Metaspace       used 61021K, capacity 63721K, committed 64768K, reserved 1107968K
[2020-12-25T02:40:56.070-0400][gc,heap        ] GC(386190)   class space    used 5712K, capacity 6559K, committed 6912K, reserved 1048576K
[2020-12-25T02:40:56.070-0400][gc             ] GC(386190) Pause Young (Concurrent Start) (G1 Evacuation Pause) 58M->47M(70M) 8.436ms
[2020-12-25T02:40:56.071-0400][gc,cpu         ] GC(386190) User=0.02s Sys=0.01s Real=0.01s
[2020-12-25T02:40:56.071-0400][gc             ] GC(386191) Concurrent Cycle
[2020-12-25T02:40:56.071-0400][gc,marking     ] GC(386191) Concurrent Clear Claimed Marks
[2020-12-25T02:40:56.071-0400][gc,marking     ] GC(386191) Concurrent Clear Claimed Marks 0.305ms
[2020-12-25T02:40:56.071-0400][gc,marking     ] GC(386191) Concurrent Scan Root Regions
[2020-12-25T02:40:56.075-0400][gc,marking     ] GC(386191) Concurrent Scan Root Regions 4.158ms
[2020-12-25T02:40:56.076-0400][gc,marking     ] GC(386191) Concurrent Mark (3374970.830s)
[2020-12-25T02:40:56.076-0400][gc,marking     ] GC(386191) Concurrent Mark From Roots
[2020-12-25T02:40:56.076-0400][gc,task        ] GC(386191) Using 1 workers of 1 for marking
[2020-12-25T02:40:56.401-0400][gc,marking     ] GC(386191) Concurrent Mark From Roots 325.488ms
[2020-12-25T02:40:56.401-0400][gc,marking     ] GC(386191) Concurrent Preclean
[2020-12-25T02:40:56.402-0400][gc,marking     ] GC(386191) Concurrent Preclean 0.684ms
[2020-12-25T02:40:56.402-0400][gc,marking     ] GC(386191) Concurrent Mark (3374970.830s, 3374971.157s) 326.500ms
[2020-12-25T02:40:56.403-0400][gc,start       ] GC(386191) Pause Remark
[2020-12-25T02:40:56.443-0400][gc,stringtable ] GC(386191) Cleaned string and symbol table, strings: 32207 processed, 0 removed, symbols: 131451 processed, 0 removed
[2020-12-25T02:40:56.444-0400][gc             ] GC(386191) Pause Remark 48M->48M(70M) 41.084ms
[2020-12-25T02:40:56.444-0400][gc,cpu         ] GC(386191) User=0.15s Sys=0.00s Real=0.04s
[2020-12-25T02:40:56.444-0400][gc,marking     ] GC(386191) Concurrent Rebuild Remembered Sets
[2020-12-25T02:40:56.631-0400][gc,marking     ] GC(386191) Concurrent Rebuild Remembered Sets 186.503ms
[2020-12-25T02:40:56.632-0400][gc,start       ] GC(386191) Pause Cleanup
[2020-12-25T02:40:56.632-0400][gc             ] GC(386191) Pause Cleanup 48M->48M(70M) 0.504ms
[2020-12-25T02:40:56.632-0400][gc,cpu         ] GC(386191) User=0.00s Sys=0.00s Real=0.00s
[2020-12-25T02:40:56.632-0400][gc,marking     ] GC(386191) Concurrent Cleanup for Next Mark
[2020-12-25T02:40:56.633-0400][gc,marking     ] GC(386191) Concurrent Cleanup for Next Mark 0.932ms
[2020-12-25T02:40:56.633-0400][gc             ] GC(386191) Concurrent Cycle 562.771ms
[2020-12-25T02:41:23.137-0400][gc,heap        ] GC(386192) Heap before GC invocations=386167 (full 11290): garbage-first heap   total 71680K, used 59173K [0x0000000083000000, 0x0000000100000000)
[2020-12-25T02:41:23.138-0400][gc,heap        ] GC(386192)   region size 1024K, 12 young (12288K), 1 survivors (1024K)
[2020-12-25T02:41:23.138-0400][gc,heap        ] GC(386192)  Metaspace       used 61021K, capacity 63721K, committed 64768K, reserved 1107968K
[2020-12-25T02:41:23.138-0400][gc,heap        ] GC(386192)   class space    used 5712K, capacity 6559K, committed 6912K, reserved 1048576K
[2020-12-25T02:41:23.138-0400][gc,start       ] GC(386192) Pause Young (Normal) (G1 Evacuation Pause)
[2020-12-25T02:41:23.138-0400][gc,task        ] GC(386192) Using 4 workers of 4 for evacuation
[2020-12-25T02:41:23.146-0400][gc,phases      ] GC(386192)   Pre Evacuate Collection Set: 0.0ms
[2020-12-25T02:41:23.146-0400][gc,phases      ] GC(386192)   Evacuate Collection Set: 5.7ms
[2020-12-25T02:41:23.146-0400][gc,phases      ] GC(386192)   Post Evacuate Collection Set: 1.7ms
[2020-12-25T02:41:23.146-0400][gc,phases      ] GC(386192)   Other: 0.9ms
[2020-12-25T02:41:23.146-0400][gc,heap        ] GC(386192) Eden regions: 11->0(11)
[2020-12-25T02:41:23.146-0400][gc,heap        ] GC(386192) Survivor regions: 1->1(2)
[2020-12-25T02:41:23.146-0400][gc,heap        ] GC(386192) Old regions: 45->45
[2020-12-25T02:41:23.146-0400][gc,heap        ] GC(386192) Humongous regions: 4->4
[2020-12-25T02:41:23.146-0400][gc,metaspace   ] GC(386192) Metaspace: 61021K->61021K(1107968K)
[2020-12-25T02:41:23.146-0400][gc,heap        ] GC(386192) Heap after GC invocations=386168 (full 11290): garbage-first heap   total 71680K, used 49002K [0x0000000083000000, 0x0000000100000000)
[2020-12-25T02:41:23.146-0400][gc,heap        ] GC(386192)   region size 1024K, 1 young (1024K), 1 survivors (1024K)
[2020-12-25T02:41:23.146-0400][gc,heap        ] GC(386192)  Metaspace       used 61021K, capacity 63721K, committed 64768K, reserved 1107968K
[2020-12-25T02:41:23.146-0400][gc,heap        ] GC(386192)   class space    used 5712K, capacity 6559K, committed 6912K, reserved 1048576K
[2020-12-25T02:41:23.146-0400][gc             ] GC(386192) Pause Young (Normal) (G1 Evacuation Pause) 58M->47M(70M) 8.642ms
[2020-12-25T02:41:23.147-0400][gc,cpu         ] GC(386192) User=0.03s Sys=0.00s Real=0.01s
[2020-12-25T02:41:50.923-0400][gc,task        ] GC(386193) Using 3 workers of 4 for full compaction
[2020-12-25T02:41:50.924-0400][gc,start       ] GC(386193) Pause Full (System.gc())
[2020-12-25T02:41:50.924-0400][gc,heap        ] GC(386193) Heap before GC invocations=386168 (full 11290): garbage-first heap   total 71680K, used 56170K [0x0000000083000000, 0x0000000100000000)
[2020-12-25T02:41:50.924-0400][gc,heap        ] GC(386193)   region size 1024K, 9 young (9216K), 1 survivors (1024K)
[2020-12-25T02:41:50.924-0400][gc,heap        ] GC(386193)  Metaspace       used 61021K, capacity 63721K, committed 64768K, reserved 1107968K
[2020-12-25T02:41:50.924-0400][gc,heap        ] GC(386193)   class space    used 5712K, capacity 6559K, committed 6912K, reserved 1048576K
[2020-12-25T02:41:50.927-0400][gc,phases,start] GC(386193) Phase 1: Mark live objects
[2020-12-25T02:41:51.069-0400][gc,stringtable ] GC(386193) Cleaned string and symbol table, strings: 32207 processed, 0 removed, symbols: 131451 processed, 0 removed
[2020-12-25T02:41:51.069-0400][gc,phases      ] GC(386193) Phase 1: Mark live objects 142.753ms
[2020-12-25T02:41:51.069-0400][gc,phases,start] GC(386193) Phase 2: Prepare for compaction
[2020-12-25T02:41:51.100-0400][gc,phases      ] GC(386193) Phase 2: Prepare for compaction 31.072ms
[2020-12-25T02:41:51.101-0400][gc,phases,start] GC(386193) Phase 3: Adjust pointers
[2020-12-25T02:41:51.184-0400][gc,phases      ] GC(386193) Phase 3: Adjust pointers 82.830ms
[2020-12-25T02:41:51.184-0400][gc,phases,start] GC(386193) Phase 4: Compact heap
[2020-12-25T02:41:51.208-0400][gc,phases      ] GC(386193) Phase 4: Compact heap 24.387ms
[2020-12-25T02:41:51.244-0400][gc,heap        ] GC(386193) Eden regions: 8->0(11)
[2020-12-25T02:41:51.244-0400][gc,heap        ] GC(386193) Survivor regions: 1->0(2)
[2020-12-25T02:41:51.244-0400][gc,heap        ] GC(386193) Old regions: 45->46
[2020-12-25T02:41:51.244-0400][gc,heap        ] GC(386193) Humongous regions: 4->4
[2020-12-25T02:41:51.244-0400][gc,metaspace   ] GC(386193) Metaspace: 61021K->61021K(1107968K)
[2020-12-25T02:41:51.244-0400][gc,heap        ] GC(386193) Heap after GC invocations=386169 (full 11291): garbage-first heap   total 71680K, used 48492K [0x0000000083000000, 0x0000000100000000)
[2020-12-25T02:41:51.244-0400][gc,heap        ] GC(386193)   region size 1024K, 0 young (0K), 0 survivors (0K)
[2020-12-25T02:41:51.244-0400][gc,heap        ] GC(386193)  Metaspace       used 61021K, capacity 63721K, committed 64768K, reserved 1107968K
[2020-12-25T02:41:51.244-0400][gc,heap        ] GC(386193)   class space    used 5712K, capacity 6559K, committed 6912K, reserved 1048576K
[2020-12-25T02:41:51.244-0400][gc             ] GC(386193) Pause Full (System.gc()) 55M->47M(70M) 320.429ms
[2020-12-25T02:41:51.244-0400][gc,cpu         ] GC(386193) User=0.54s Sys=0.31s Real=0.32s
[2020-12-25T02:42:23.893-0400][gc,heap        ] GC(386194) Heap before GC invocations=386169 (full 11291): garbage-first heap   total 71680K, used 58732K [0x0000000083000000, 0x0000000100000000)
[2020-12-25T02:42:23.893-0400][gc,heap        ] GC(386194)   region size 1024K, 11 young (11264K), 0 survivors (0K)
[2020-12-25T02:42:23.893-0400][gc,heap        ] GC(386194)  Metaspace       used 61021K, capacity 63721K, committed 64768K, reserved 1107968K
[2020-12-25T02:42:23.893-0400][gc,heap        ] GC(386194)   class space    used 5712K, capacity 6559K, committed 6912K, reserved 1048576K
[2020-12-25T02:42:23.893-0400][gc,start       ] GC(386194) Pause Young (Concurrent Start) (G1 Evacuation Pause)
[2020-12-25T02:42:23.893-0400][gc,task        ] GC(386194) Using 4 workers of 4 for evacuation
[2020-12-25T02:42:23.902-0400][gc,phases      ] GC(386194)   Pre Evacuate Collection Set: 0.2ms
[2020-12-25T02:42:23.902-0400][gc,phases      ] GC(386194)   Evacuate Collection Set: 5.2ms
[2020-12-25T02:42:23.902-0400][gc,phases      ] GC(386194)   Post Evacuate Collection Set: 2.1ms
[2020-12-25T02:42:23.902-0400][gc,phases      ] GC(386194)   Other: 0.9ms
[2020-12-25T02:42:23.902-0400][gc,heap        ] GC(386194) Eden regions: 11->0(10)
[2020-12-25T02:42:23.902-0400][gc,heap        ] GC(386194) Survivor regions: 0->1(2)
[2020-12-25T02:42:23.902-0400][gc,heap        ] GC(386194) Old regions: 46->46
[2020-12-25T02:42:23.902-0400][gc,heap        ] GC(386194) Humongous regions: 4->4
[2020-12-25T02:42:23.902-0400][gc,metaspace   ] GC(386194) Metaspace: 61021K->61021K(1107968K)
[2020-12-25T02:42:23.902-0400][gc,heap        ] GC(386194) Heap after GC invocations=386170 (full 11291): garbage-first heap   total 71680K, used 48766K [0x0000000083000000, 0x0000000100000000)
[2020-12-25T02:42:23.902-0400][gc,heap        ] GC(386194)   region size 1024K, 1 young (1024K), 1 survivors (1024K)
[2020-12-25T02:42:23.902-0400][gc,heap        ] GC(386194)  Metaspace       used 61021K, capacity 63721K, committed 64768K, reserved 1107968K
[2020-12-25T02:42:23.902-0400][gc,heap        ] GC(386194)   class space    used 5712K, capacity 6559K, committed 6912K, reserved 1048576K
[2020-12-25T02:42:23.902-0400][gc             ] GC(386194) Pause Young (Concurrent Start) (G1 Evacuation Pause) 58M->47M(70M) 8.951ms
[2020-12-25T02:42:23.903-0400][gc,cpu         ] GC(386194) User=0.02s Sys=0.00s Real=0.01s
[2020-12-25T02:42:23.903-0400][gc             ] GC(386195) Concurrent Cycle
[2020-12-25T02:42:23.903-0400][gc,marking     ] GC(386195) Concurrent Clear Claimed Marks
[2020-12-25T02:42:23.903-0400][gc,marking     ] GC(386195) Concurrent Clear Claimed Marks 0.314ms
[2020-12-25T02:42:23.903-0400][gc,marking     ] GC(386195) Concurrent Scan Root Regions
[2020-12-25T02:42:23.906-0400][gc,marking     ] GC(386195) Concurrent Scan Root Regions 2.916ms
[2020-12-25T02:42:23.906-0400][gc,marking     ] GC(386195) Concurrent Mark (3375058.661s)
[2020-12-25T02:42:23.906-0400][gc,marking     ] GC(386195) Concurrent Mark From Roots
[2020-12-25T02:42:23.906-0400][gc,task        ] GC(386195) Using 1 workers of 1 for marking
[2020-12-25T02:42:24.223-0400][gc,marking     ] GC(386195) Concurrent Mark From Roots 316.966ms
[2020-12-25T02:42:24.224-0400][gc,marking     ] GC(386195) Concurrent Preclean
[2020-12-25T02:42:24.224-0400][gc,marking     ] GC(386195) Concurrent Preclean 0.690ms
[2020-12-25T02:42:24.224-0400][gc,marking     ] GC(386195) Concurrent Mark (3375058.661s, 3375058.979s) 317.941ms
[2020-12-25T02:42:24.225-0400][gc,start       ] GC(386195) Pause Remark
[2020-12-25T02:42:24.266-0400][gc,stringtable ] GC(386195) Cleaned string and symbol table, strings: 32207 processed, 0 removed, symbols: 131451 processed, 0 removed
[2020-12-25T02:42:24.267-0400][gc             ] GC(386195) Pause Remark 48M->48M(70M) 41.338ms
[2020-12-25T02:42:24.267-0400][gc,cpu         ] GC(386195) User=0.16s Sys=0.00s Real=0.05s
[2020-12-25T02:42:24.267-0400][gc,marking     ] GC(386195) Concurrent Rebuild Remembered Sets
[2020-12-25T02:42:24.453-0400][gc,marking     ] GC(386195) Concurrent Rebuild Remembered Sets 186.217ms
[2020-12-25T02:42:24.454-0400][gc,start       ] GC(386195) Pause Cleanup
[2020-12-25T02:42:24.455-0400][gc             ] GC(386195) Pause Cleanup 48M->48M(70M) 0.499ms
[2020-12-25T02:42:24.455-0400][gc,cpu         ] GC(386195) User=0.00s Sys=0.00s Real=0.00s
[2020-12-25T02:42:24.455-0400][gc,marking     ] GC(386195) Concurrent Cleanup for Next Mark
[2020-12-25T02:42:24.456-0400][gc,marking     ] GC(386195) Concurrent Cleanup for Next Mark 0.927ms
[2020-12-25T02:42:24.456-0400][gc             ] GC(386195) Concurrent Cycle 553.393ms
[2020-12-25T02:42:57.912-0400][gc,heap        ] GC(386196) Heap before GC invocations=386171 (full 11291): garbage-first heap   total 71680K, used 59006K [0x0000000083000000, 0x0000000100000000)
[2020-12-25T02:42:57.912-0400][gc,heap        ] GC(386196)   region size 1024K, 11 young (11264K), 1 survivors (1024K)
[2020-12-25T02:42:57.912-0400][gc,heap        ] GC(386196)  Metaspace       used 61021K, capacity 63721K, committed 64768K, reserved 1107968K
[2020-12-25T02:42:57.912-0400][gc,heap        ] GC(386196)   class space    used 5712K, capacity 6559K, committed 6912K, reserved 1048576K
[2020-12-25T02:42:57.913-0400][gc,start       ] GC(386196) Pause Young (Normal) (G1 Evacuation Pause)
[2020-12-25T02:42:57.913-0400][gc,task        ] GC(386196) Using 4 workers of 4 for evacuation
[2020-12-25T02:42:57.919-0400][gc,phases      ] GC(386196)   Pre Evacuate Collection Set: 0.0ms
[2020-12-25T02:42:57.919-0400][gc,phases      ] GC(386196)   Evacuate Collection Set: 4.3ms
[2020-12-25T02:42:57.919-0400][gc,phases      ] GC(386196)   Post Evacuate Collection Set: 1.5ms
[2020-12-25T02:42:57.919-0400][gc,phases      ] GC(386196)   Other: 0.9ms
[2020-12-25T02:42:57.919-0400][gc,heap        ] GC(386196) Eden regions: 10->0(10)
[2020-12-25T02:42:57.919-0400][gc,heap        ] GC(386196) Survivor regions: 1->1(2)
[2020-12-25T02:42:57.919-0400][gc,heap        ] GC(386196) Old regions: 46->46
[2020-12-25T02:42:57.920-0400][gc,heap        ] GC(386196) Humongous regions: 4->4
[2020-12-25T02:42:57.920-0400][gc,metaspace   ] GC(386196) Metaspace: 61021K->61021K(1107968K)
[2020-12-25T02:42:57.920-0400][gc,heap        ] GC(386196) Heap after GC invocations=386172 (full 11291): garbage-first heap   total 71680K, used 48765K [0x0000000083000000, 0x0000000100000000)
[2020-12-25T02:42:57.920-0400][gc,heap        ] GC(386196)   region size 1024K, 1 young (1024K), 1 survivors (1024K)
[2020-12-25T02:42:57.920-0400][gc,heap        ] GC(386196)  Metaspace       used 61021K, capacity 63721K, committed 64768K, reserved 1107968K
[2020-12-25T02:42:57.920-0400][gc,heap        ] GC(386196)   class space    used 5712K, capacity 6559K, committed 6912K, reserved 1048576K
[2020-12-25T02:42:57.920-0400][gc             ] GC(386196) Pause Young (Normal) (G1 Evacuation Pause) 57M->47M(70M) 7.329ms
[2020-12-25T02:42:57.920-0400][gc,cpu         ] GC(386196) User=0.01s Sys=0.02s Real=0.01s
[2020-12-25T02:43:19.956-0400][gc,heap        ] GC(386197) Heap before GC invocations=386172 (full 11291): garbage-first heap   total 71680K, used 57981K [0x0000000083000000, 0x0000000100000000)
[2020-12-25T02:43:19.956-0400][gc,heap        ] GC(386197)   region size 1024K, 11 young (11264K), 1 survivors (1024K)
[2020-12-25T02:43:19.956-0400][gc,heap        ] GC(386197)  Metaspace       used 61021K, capacity 63721K, committed 64768K, reserved 1107968K
[2020-12-25T02:43:19.956-0400][gc,heap        ] GC(386197)   class space    used 5712K, capacity 6559K, committed 6912K, reserved 1048576K
[2020-12-25T02:43:19.956-0400][gc,start       ] GC(386197) Pause Young (Normal) (G1 Evacuation Pause)
[2020-12-25T02:43:19.957-0400][gc,task        ] GC(386197) Using 4 workers of 4 for evacuation
[2020-12-25T02:43:19.962-0400][gc,phases      ] GC(386197)   Pre Evacuate Collection Set: 0.0ms
[2020-12-25T02:43:19.962-0400][gc,phases      ] GC(386197)   Evacuate Collection Set: 3.2ms
[2020-12-25T02:43:19.962-0400][gc,phases      ] GC(386197)   Post Evacuate Collection Set: 1.6ms
[2020-12-25T02:43:19.962-0400][gc,phases      ] GC(386197)   Other: 0.9ms
[2020-12-25T02:43:19.962-0400][gc,heap        ] GC(386197) Eden regions: 10->0(10)
[2020-12-25T02:43:19.962-0400][gc,heap        ] GC(386197) Survivor regions: 1->1(2)
[2020-12-25T02:43:19.962-0400][gc,heap        ] GC(386197) Old regions: 46->46
[2020-12-25T02:43:19.962-0400][gc,heap        ] GC(386197) Humongous regions: 4->4
[2020-12-25T02:43:19.962-0400][gc,metaspace   ] GC(386197) Metaspace: 61021K->61021K(1107968K)
[2020-12-25T02:43:19.962-0400][gc,heap        ] GC(386197) Heap after GC invocations=386173 (full 11291): garbage-first heap   total 71680K, used 48846K [0x0000000083000000, 0x0000000100000000)
[2020-12-25T02:43:19.962-0400][gc,heap        ] GC(386197)   region size 1024K, 1 young (1024K), 1 survivors (1024K)
[2020-12-25T02:43:19.962-0400][gc,heap        ] GC(386197)  Metaspace       used 61021K, capacity 63721K, committed 64768K, reserved 1107968K
[2020-12-25T02:43:19.962-0400][gc,heap        ] GC(386197)   class space    used 5712K, capacity 6559K, committed 6912K, reserved 1048576K
[2020-12-25T02:43:19.963-0400][gc             ] GC(386197) Pause Young (Normal) (G1 Evacuation Pause) 57M->47M(70M) 6.025ms
[2020-12-25T02:43:19.963-0400][gc,cpu         ] GC(386197) User=0.01s Sys=0.01s Real=0.00s
[2020-12-25T02:43:54.584-0400][gc,heap        ] GC(386198) Heap before GC invocations=386173 (full 11291): garbage-first heap   total 71680K, used 58062K [0x0000000083000000, 0x0000000100000000)
[2020-12-25T02:43:54.585-0400][gc,heap        ] GC(386198)   region size 1024K, 11 young (11264K), 1 survivors (1024K)
[2020-12-25T02:43:54.585-0400][gc,heap        ] GC(386198)  Metaspace       used 61021K, capacity 63721K, committed 64768K, reserved 1107968K
[2020-12-25T02:43:54.585-0400][gc,heap        ] GC(386198)   class space    used 5712K, capacity 6559K, committed 6912K, reserved 1048576K
[2020-12-25T02:43:54.585-0400][gc,start       ] GC(386198) Pause Young (Normal) (G1 Evacuation Pause)
[2020-12-25T02:43:54.585-0400][gc,task        ] GC(386198) Using 4 workers of 4 for evacuation
[2020-12-25T02:43:54.591-0400][gc,phases      ] GC(386198)   Pre Evacuate Collection Set: 0.0ms
[2020-12-25T02:43:54.591-0400][gc,phases      ] GC(386198)   Evacuate Collection Set: 3.4ms
[2020-12-25T02:43:54.591-0400][gc,phases      ] GC(386198)   Post Evacuate Collection Set: 1.7ms
[2020-12-25T02:43:54.591-0400][gc,phases      ] GC(386198)   Other: 1.0ms
[2020-12-25T02:43:54.591-0400][gc,heap        ] GC(386198) Eden regions: 10->0(10)
[2020-12-25T02:43:54.591-0400][gc,heap        ] GC(386198) Survivor regions: 1->1(2)
[2020-12-25T02:43:54.591-0400][gc,heap        ] GC(386198) Old regions: 46->46
[2020-12-25T02:43:54.591-0400][gc,heap        ] GC(386198) Humongous regions: 4->4
[2020-12-25T02:43:54.591-0400][gc,metaspace   ] GC(386198) Metaspace: 61021K->61021K(1107968K)
[2020-12-25T02:43:54.591-0400][gc,heap        ] GC(386198) Heap after GC invocations=386174 (full 11291): garbage-first heap   total 71680K, used 48827K [0x0000000083000000, 0x0000000100000000)
[2020-12-25T02:43:54.591-0400][gc,heap        ] GC(386198)   region size 1024K, 1 young (1024K), 1 survivors (1024K)
[2020-12-25T02:43:54.591-0400][gc,heap        ] GC(386198)  Metaspace       used 61021K, capacity 63721K, committed 64768K, reserved 1107968K
[2020-12-25T02:43:54.591-0400][gc,heap        ] GC(386198)   class space    used 5712K, capacity 6559K, committed 6912K, reserved 1048576K
[2020-12-25T02:43:54.591-0400][gc             ] GC(386198) Pause Young (Normal) (G1 Evacuation Pause) 57M->47M(70M) 6.381ms
[2020-12-25T02:43:54.592-0400][gc,cpu         ] GC(386198) User=0.02s Sys=0.00s Real=0.01s
[2020-12-25T02:44:23.121-0400][gc,heap        ] GC(386199) Heap before GC invocations=386174 (full 11291): garbage-first heap   total 71680K, used 58043K [0x0000000083000000, 0x0000000100000000)
[2020-12-25T02:44:23.122-0400][gc,heap        ] GC(386199)   region size 1024K, 11 young (11264K), 1 survivors (1024K)
[2020-12-25T02:44:23.122-0400][gc,heap        ] GC(386199)  Metaspace       used 61021K, capacity 63721K, committed 64768K, reserved 1107968K
[2020-12-25T02:44:23.122-0400][gc,heap        ] GC(386199)   class space    used 5712K, capacity 6559K, committed 6912K, reserved 1048576K
[2020-12-25T02:44:23.122-0400][gc,start       ] GC(386199) Pause Young (Normal) (G1 Evacuation Pause)
[2020-12-25T02:44:23.122-0400][gc,task        ] GC(386199) Using 4 workers of 4 for evacuation
[2020-12-25T02:44:23.128-0400][gc,phases      ] GC(386199)   Pre Evacuate Collection Set: 0.0ms
[2020-12-25T02:44:23.128-0400][gc,phases      ] GC(386199)   Evacuate Collection Set: 3.7ms
[2020-12-25T02:44:23.128-0400][gc,phases      ] GC(386199)   Post Evacuate Collection Set: 1.6ms
[2020-12-25T02:44:23.128-0400][gc,phases      ] GC(386199)   Other: 0.9ms
[2020-12-25T02:44:23.128-0400][gc,heap        ] GC(386199) Eden regions: 10->0(10)
[2020-12-25T02:44:23.128-0400][gc,heap        ] GC(386199) Survivor regions: 1->1(2)
[2020-12-25T02:44:23.128-0400][gc,heap        ] GC(386199) Old regions: 46->46
[2020-12-25T02:44:23.128-0400][gc,heap        ] GC(386199) Humongous regions: 4->4
[2020-12-25T02:44:23.128-0400][gc,metaspace   ] GC(386199) Metaspace: 61021K->61021K(1107968K)
[2020-12-25T02:44:23.128-0400][gc,heap        ] GC(386199) Heap after GC invocations=386175 (full 11291): garbage-first heap   total 71680K, used 48955K [0x0000000083000000, 0x0000000100000000)
[2020-12-25T02:44:23.128-0400][gc,heap        ] GC(386199)   region size 1024K, 1 young (1024K), 1 survivors (1024K)
[2020-12-25T02:44:23.128-0400][gc,heap        ] GC(386199)  Metaspace       used 61021K, capacity 63721K, committed 64768K, reserved 1107968K
[2020-12-25T02:44:23.128-0400][gc,heap        ] GC(386199)   class space    used 5712K, capacity 6559K, committed 6912K, reserved 1048576K
[2020-12-25T02:44:23.128-0400][gc             ] GC(386199) Pause Young (Normal) (G1 Evacuation Pause) 57M->47M(70M) 6.586ms
[2020-12-25T02:44:23.129-0400][gc,cpu         ] GC(386199) User=0.02s Sys=0.00s Real=0.01s
[2020-12-25T02:44:58.671-0400][gc,heap        ] GC(386200) Heap before GC invocations=386175 (full 11291): garbage-first heap   total 71680K, used 58171K [0x0000000083000000, 0x0000000100000000)
[2020-12-25T02:44:58.671-0400][gc,heap        ] GC(386200)   region size 1024K, 11 young (11264K), 1 survivors (1024K)
[2020-12-25T02:44:58.671-0400][gc,heap        ] GC(386200)  Metaspace       used 61021K, capacity 63721K, committed 64768K, reserved 1107968K
[2020-12-25T02:44:58.671-0400][gc,heap        ] GC(386200)   class space    used 5712K, capacity 6559K, committed 6912K, reserved 1048576K
[2020-12-25T02:44:58.671-0400][gc,start       ] GC(386200) Pause Young (Normal) (G1 Evacuation Pause)
[2020-12-25T02:44:58.671-0400][gc,task        ] GC(386200) Using 4 workers of 4 for evacuation
[2020-12-25T02:44:58.677-0400][gc,phases      ] GC(386200)   Pre Evacuate Collection Set: 0.0ms
[2020-12-25T02:44:58.677-0400][gc,phases      ] GC(386200)   Evacuate Collection Set: 3.9ms
[2020-12-25T02:44:58.678-0400][gc,phases      ] GC(386200)   Post Evacuate Collection Set: 1.6ms
[2020-12-25T02:44:58.678-0400][gc,phases      ] GC(386200)   Other: 0.9ms
[2020-12-25T02:44:58.678-0400][gc,heap        ] GC(386200) Eden regions: 10->0(10)
[2020-12-25T02:44:58.678-0400][gc,heap        ] GC(386200) Survivor regions: 1->1(2)
[2020-12-25T02:44:58.678-0400][gc,heap        ] GC(386200) Old regions: 46->46
[2020-12-25T02:44:58.678-0400][gc,heap        ] GC(386200) Humongous regions: 4->4
[2020-12-25T02:44:58.678-0400][gc,metaspace   ] GC(386200) Metaspace: 61021K->61021K(1107968K)
[2020-12-25T02:44:58.678-0400][gc,heap        ] GC(386200) Heap after GC invocations=386176 (full 11291): garbage-first heap   total 71680K, used 49019K [0x0000000083000000, 0x0000000100000000)
[2020-12-25T02:44:58.678-0400][gc,heap        ] GC(386200)   region size 1024K, 1 young (1024K), 1 survivors (1024K)
[2020-12-25T02:44:58.678-0400][gc,heap        ] GC(386200)  Metaspace       used 61021K, capacity 63721K, committed 64768K, reserved 1107968K
[2020-12-25T02:44:58.678-0400][gc,heap        ] GC(386200)   class space    used 5712K, capacity 6559K, committed 6912K, reserved 1048576K
[2020-12-25T02:44:58.678-0400][gc             ] GC(386200) Pause Young (Normal) (G1 Evacuation Pause) 57M->47M(70M) 7.022ms
[2020-12-25T02:44:58.678-0400][gc,cpu         ] GC(386200) User=0.00s Sys=0.01s Real=0.01s
[2020-12-25T02:45:27.511-0400][gc,heap        ] GC(386201) Heap before GC invocations=386176 (full 11291): garbage-first heap   total 71680K, used 58235K [0x0000000083000000, 0x0000000100000000)
[2020-12-25T02:45:27.511-0400][gc,heap        ] GC(386201)   region size 1024K, 11 young (11264K), 1 survivors (1024K)
[2020-12-25T02:45:27.512-0400][gc,heap        ] GC(386201)  Metaspace       used 61021K, capacity 63721K, committed 64768K, reserved 1107968K
[2020-12-25T02:45:27.512-0400][gc,heap        ] GC(386201)   class space    used 5712K, capacity 6559K, committed 6912K, reserved 1048576K
[2020-12-25T02:45:27.512-0400][gc,start       ] GC(386201) Pause Young (Normal) (G1 Evacuation Pause)
[2020-12-25T02:45:27.512-0400][gc,task        ] GC(386201) Using 4 workers of 4 for evacuation
[2020-12-25T02:45:27.517-0400][gc,phases      ] GC(386201)   Pre Evacuate Collection Set: 0.0ms
[2020-12-25T02:45:27.517-0400][gc,phases      ] GC(386201)   Evacuate Collection Set: 3.4ms
[2020-12-25T02:45:27.518-0400][gc,phases      ] GC(386201)   Post Evacuate Collection Set: 1.7ms
[2020-12-25T02:45:27.518-0400][gc,phases      ] GC(386201)   Other: 0.9ms
[2020-12-25T02:45:27.518-0400][gc,heap        ] GC(386201) Eden regions: 10->0(10)
[2020-12-25T02:45:27.518-0400][gc,heap        ] GC(386201) Survivor regions: 1->1(2)
[2020-12-25T02:45:27.518-0400][gc,heap        ] GC(386201) Old regions: 46->46
[2020-12-25T02:45:27.518-0400][gc,heap        ] GC(386201) Humongous regions: 4->4
[2020-12-25T02:45:27.518-0400][gc,metaspace   ] GC(386201) Metaspace: 61021K->61021K(1107968K)
[2020-12-25T02:45:27.518-0400][gc,heap        ] GC(386201) Heap after GC invocations=386177 (full 11291): garbage-first heap   total 71680K, used 48916K [0x0000000083000000, 0x0000000100000000)
[2020-12-25T02:45:27.518-0400][gc,heap        ] GC(386201)   region size 1024K, 1 young (1024K), 1 survivors (1024K)
[2020-12-25T02:45:27.518-0400][gc,heap        ] GC(386201)  Metaspace       used 61021K, capacity 63721K, committed 64768K, reserved 1107968K
[2020-12-25T02:45:27.518-0400][gc,heap        ] GC(386201)   class space    used 5712K, capacity 6559K, committed 6912K, reserved 1048576K
[2020-12-25T02:45:27.518-0400][gc             ] GC(386201) Pause Young (Normal) (G1 Evacuation Pause) 57M->47M(70M) 6.525ms
[2020-12-25T02:45:27.518-0400][gc,cpu         ] GC(386201) User=0.01s Sys=0.01s Real=0.01s
[2020-12-25T02:46:03.047-0400][gc,heap        ] GC(386202) Heap before GC invocations=386177 (full 11291): garbage-first heap   total 71680K, used 58132K [0x0000000083000000, 0x0000000100000000)
[2020-12-25T02:46:03.047-0400][gc,heap        ] GC(386202)   region size 1024K, 11 young (11264K), 1 survivors (1024K)
[2020-12-25T02:46:03.047-0400][gc,heap        ] GC(386202)  Metaspace       used 61021K, capacity 63721K, committed 64768K, reserved 1107968K
[2020-12-25T02:46:03.047-0400][gc,heap        ] GC(386202)   class space    used 5712K, capacity 6559K, committed 6912K, reserved 1048576K
[2020-12-25T02:46:03.047-0400][gc,start       ] GC(386202) Pause Young (Normal) (G1 Evacuation Pause)
[2020-12-25T02:46:03.047-0400][gc,task        ] GC(386202) Using 4 workers of 4 for evacuation
[2020-12-25T02:46:03.053-0400][gc,phases      ] GC(386202)   Pre Evacuate Collection Set: 0.0ms
[2020-12-25T02:46:03.053-0400][gc,phases      ] GC(386202)   Evacuate Collection Set: 3.3ms
[2020-12-25T02:46:03.053-0400][gc,phases      ] GC(386202)   Post Evacuate Collection Set: 1.6ms
[2020-12-25T02:46:03.053-0400][gc,phases      ] GC(386202)   Other: 1.0ms
[2020-12-25T02:46:03.053-0400][gc,heap        ] GC(386202) Eden regions: 10->0(10)
[2020-12-25T02:46:03.053-0400][gc,heap        ] GC(386202) Survivor regions: 1->1(2)
[2020-12-25T02:46:03.053-0400][gc,heap        ] GC(386202) Old regions: 46->46
[2020-12-25T02:46:03.053-0400][gc,heap        ] GC(386202) Humongous regions: 4->4
[2020-12-25T02:46:03.053-0400][gc,metaspace   ] GC(386202) Metaspace: 61021K->61021K(1107968K)
[2020-12-25T02:46:03.053-0400][gc,heap        ] GC(386202) Heap after GC invocations=386178 (full 11291): garbage-first heap   total 71680K, used 48859K [0x0000000083000000, 0x0000000100000000)
[2020-12-25T02:46:03.053-0400][gc,heap        ] GC(386202)   region size 1024K, 1 young (1024K), 1 survivors (1024K)
[2020-12-25T02:46:03.053-0400][gc,heap        ] GC(386202)  Metaspace       used 61021K, capacity 63721K, committed 64768K, reserved 1107968K
[2020-12-25T02:46:03.053-0400][gc,heap        ] GC(386202)   class space    used 5712K, capacity 6559K, committed 6912K, reserved 1048576K
[2020-12-25T02:46:03.053-0400][gc             ] GC(386202) Pause Young (Normal) (G1 Evacuation Pause) 57M->47M(70M) 6.337ms
[2020-12-25T02:46:03.054-0400][gc,cpu         ] GC(386202) User=0.01s Sys=0.01s Real=0.00s
[2020-12-25T02:46:35.378-0400][gc,heap        ] GC(386203) Heap before GC invocations=386178 (full 11291): garbage-first heap   total 71680K, used 59099K [0x0000000083000000, 0x0000000100000000)
[2020-12-25T02:46:35.379-0400][gc,heap        ] GC(386203)   region size 1024K, 11 young (11264K), 1 survivors (1024K)
[2020-12-25T02:46:35.379-0400][gc,heap        ] GC(386203)  Metaspace       used 61021K, capacity 63721K, committed 64768K, reserved 1107968K
[2020-12-25T02:46:35.379-0400][gc,heap        ] GC(386203)   class space    used 5712K, capacity 6559K, committed 6912K, reserved 1048576K
[2020-12-25T02:46:35.379-0400][gc,start       ] GC(386203) Pause Young (Normal) (G1 Evacuation Pause)
[2020-12-25T02:46:35.379-0400][gc,task        ] GC(386203) Using 4 workers of 4 for evacuation
[2020-12-25T02:46:35.384-0400][gc,phases      ] GC(386203)   Pre Evacuate Collection Set: 0.1ms
[2020-12-25T02:46:35.384-0400][gc,phases      ] GC(386203)   Evacuate Collection Set: 3.1ms
[2020-12-25T02:46:35.384-0400][gc,phases      ] GC(386203)   Post Evacuate Collection Set: 1.5ms
[2020-12-25T02:46:35.385-0400][gc,phases      ] GC(386203)   Other: 1.0ms
[2020-12-25T02:46:35.385-0400][gc,heap        ] GC(386203) Eden regions: 10->0(10)
[2020-12-25T02:46:35.385-0400][gc,heap        ] GC(386203) Survivor regions: 1->1(2)
[2020-12-25T02:46:35.385-0400][gc,heap        ] GC(386203) Old regions: 46->46
[2020-12-25T02:46:35.385-0400][gc,heap        ] GC(386203) Humongous regions: 4->4
[2020-12-25T02:46:35.385-0400][gc,metaspace   ] GC(386203) Metaspace: 61021K->61021K(1107968K)
[2020-12-25T02:46:35.385-0400][gc,heap        ] GC(386203) Heap after GC invocations=386179 (full 11291): garbage-first heap   total 71680K, used 48841K [0x0000000083000000, 0x0000000100000000)
[2020-12-25T02:46:35.385-0400][gc,heap        ] GC(386203)   region size 1024K, 1 young (1024K), 1 survivors (1024K)
[2020-12-25T02:46:35.385-0400][gc,heap        ] GC(386203)  Metaspace       used 61021K, capacity 63721K, committed 64768K, reserved 1107968K
[2020-12-25T02:46:35.385-0400][gc,heap        ] GC(386203)   class space    used 5712K, capacity 6559K, committed 6912K, reserved 1048576K
[2020-12-25T02:46:35.385-0400][gc             ] GC(386203) Pause Young (Normal) (G1 Evacuation Pause) 57M->47M(70M) 6.074ms
[2020-12-25T02:46:35.385-0400][gc,cpu         ] GC(386203) User=0.01s Sys=0.00s Real=0.00s
[2020-12-25T02:46:50.923-0400][gc,task        ] GC(386204) Using 3 workers of 4 for full compaction
[2020-12-25T02:46:50.924-0400][gc,start       ] GC(386204) Pause Full (System.gc())
[2020-12-25T02:46:50.924-0400][gc,heap        ] GC(386204) Heap before GC invocations=386179 (full 11291): garbage-first heap   total 71680K, used 50889K [0x0000000083000000, 0x0000000100000000)
[2020-12-25T02:46:50.924-0400][gc,heap        ] GC(386204)   region size 1024K, 5 young (5120K), 1 survivors (1024K)
[2020-12-25T02:46:50.924-0400][gc,heap        ] GC(386204)  Metaspace       used 61021K, capacity 63721K, committed 64768K, reserved 1107968K
[2020-12-25T02:46:50.924-0400][gc,heap        ] GC(386204)   class space    used 5712K, capacity 6559K, committed 6912K, reserved 1048576K
[2020-12-25T02:46:50.926-0400][gc,phases,start] GC(386204) Phase 1: Mark live objects
[2020-12-25T02:46:51.072-0400][gc,stringtable ] GC(386204) Cleaned string and symbol table, strings: 32207 processed, 0 removed, symbols: 131451 processed, 0 removed
[2020-12-25T02:46:51.072-0400][gc,phases      ] GC(386204) Phase 1: Mark live objects 145.761ms
[2020-12-25T02:46:51.072-0400][gc,phases,start] GC(386204) Phase 2: Prepare for compaction
[2020-12-25T02:46:51.103-0400][gc,phases      ] GC(386204) Phase 2: Prepare for compaction 30.711ms
[2020-12-25T02:46:51.103-0400][gc,phases,start] GC(386204) Phase 3: Adjust pointers
[2020-12-25T02:46:51.181-0400][gc,phases      ] GC(386204) Phase 3: Adjust pointers 78.351ms
[2020-12-25T02:46:51.181-0400][gc,phases,start] GC(386204) Phase 4: Compact heap
[2020-12-25T02:46:51.201-0400][gc,phases      ] GC(386204) Phase 4: Compact heap 19.987ms
[2020-12-25T02:46:51.236-0400][gc,heap        ] GC(386204) Eden regions: 4->0(12)
[2020-12-25T02:46:51.236-0400][gc,heap        ] GC(386204) Survivor regions: 1->0(2)
[2020-12-25T02:46:51.236-0400][gc,heap        ] GC(386204) Old regions: 46->45
[2020-12-25T02:46:51.237-0400][gc,heap        ] GC(386204) Humongous regions: 4->4
[2020-12-25T02:46:51.237-0400][gc,metaspace   ] GC(386204) Metaspace: 61021K->61021K(1107968K)
[2020-12-25T02:46:51.237-0400][gc,heap        ] GC(386204) Heap after GC invocations=386180 (full 11292): garbage-first heap   total 71680K, used 48318K [0x0000000083000000, 0x0000000100000000)
[2020-12-25T02:46:51.237-0400][gc,heap        ] GC(386204)   region size 1024K, 0 young (0K), 0 survivors (0K)
[2020-12-25T02:46:51.237-0400][gc,heap        ] GC(386204)  Metaspace       used 61021K, capacity 63721K, committed 64768K, reserved 1107968K
[2020-12-25T02:46:51.237-0400][gc,heap        ] GC(386204)   class space    used 5712K, capacity 6559K, committed 6912K, reserved 1048576K
[2020-12-25T02:46:51.237-0400][gc             ] GC(386204) Pause Full (System.gc()) 51M->47M(70M) 313.343ms
[2020-12-25T02:46:51.237-0400][gc,cpu         ] GC(386204) User=0.84s Sys=0.00s Real=0.32s
[2020-12-25T02:47:32.346-0400][gc,heap        ] GC(386205) Heap before GC invocations=386180 (full 11292): garbage-first heap   total 71680K, used 59582K [0x0000000083000000, 0x0000000100000000)
[2020-12-25T02:47:32.346-0400][gc,heap        ] GC(386205)   region size 1024K, 12 young (12288K), 0 survivors (0K)
[2020-12-25T02:47:32.347-0400][gc,heap        ] GC(386205)  Metaspace       used 61021K, capacity 63721K, committed 64768K, reserved 1107968K
[2020-12-25T02:47:32.347-0400][gc,heap        ] GC(386205)   class space    used 5712K, capacity 6559K, committed 6912K, reserved 1048576K
[2020-12-25T02:47:32.347-0400][gc,start       ] GC(386205) Pause Young (Normal) (G1 Evacuation Pause)
[2020-12-25T02:47:32.347-0400][gc,task        ] GC(386205) Using 4 workers of 4 for evacuation
[2020-12-25T02:47:32.352-0400][gc,phases      ] GC(386205)   Pre Evacuate Collection Set: 0.0ms
[2020-12-25T02:47:32.352-0400][gc,phases      ] GC(386205)   Evacuate Collection Set: 2.8ms
[2020-12-25T02:47:32.352-0400][gc,phases      ] GC(386205)   Post Evacuate Collection Set: 1.9ms
[2020-12-25T02:47:32.352-0400][gc,phases      ] GC(386205)   Other: 0.9ms
[2020-12-25T02:47:32.352-0400][gc,heap        ] GC(386205) Eden regions: 12->0(11)
[2020-12-25T02:47:32.352-0400][gc,heap        ] GC(386205) Survivor regions: 0->1(2)
[2020-12-25T02:47:32.352-0400][gc,heap        ] GC(386205) Old regions: 45->45
[2020-12-25T02:47:32.352-0400][gc,heap        ] GC(386205) Humongous regions: 4->4
[2020-12-25T02:47:32.352-0400][gc,metaspace   ] GC(386205) Metaspace: 61021K->61021K(1107968K)
[2020-12-25T02:47:32.353-0400][gc,heap        ] GC(386205) Heap after GC invocations=386181 (full 11292): garbage-first heap   total 71680K, used 48590K [0x0000000083000000, 0x0000000100000000)
[2020-12-25T02:47:32.353-0400][gc,heap        ] GC(386205)   region size 1024K, 1 young (1024K), 1 survivors (1024K)
[2020-12-25T02:47:32.353-0400][gc,heap        ] GC(386205)  Metaspace       used 61021K, capacity 63721K, committed 64768K, reserved 1107968K
[2020-12-25T02:47:32.353-0400][gc,heap        ] GC(386205)   class space    used 5712K, capacity 6559K, committed 6912K, reserved 1048576K
[2020-12-25T02:47:32.353-0400][gc             ] GC(386205) Pause Young (Normal) (G1 Evacuation Pause) 59M->47M(70M) 6.038ms
[2020-12-25T02:47:32.353-0400][gc,cpu         ] GC(386205) User=0.01s Sys=0.01s Real=0.00s
[2020-12-25T02:48:04.451-0400][gc,heap        ] GC(386206) Heap before GC invocations=386181 (full 11292): garbage-first heap   total 71680K, used 59854K [0x0000000083000000, 0x0000000100000000)
[2020-12-25T02:48:04.451-0400][gc,heap        ] GC(386206)   region size 1024K, 12 young (12288K), 1 survivors (1024K)
[2020-12-25T02:48:04.451-0400][gc,heap        ] GC(386206)  Metaspace       used 61021K, capacity 63721K, committed 64768K, reserved 1107968K
[2020-12-25T02:48:04.451-0400][gc,heap        ] GC(386206)   class space    used 5712K, capacity 6559K, committed 6912K, reserved 1048576K
[2020-12-25T02:48:04.451-0400][gc,start       ] GC(386206) Pause Young (Normal) (G1 Evacuation Pause)
[2020-12-25T02:48:04.451-0400][gc,task        ] GC(386206) Using 4 workers of 4 for evacuation
[2020-12-25T02:48:04.456-0400][gc,phases      ] GC(386206)   Pre Evacuate Collection Set: 0.0ms
[2020-12-25T02:48:04.456-0400][gc,phases      ] GC(386206)   Evacuate Collection Set: 2.8ms
[2020-12-25T02:48:04.456-0400][gc,phases      ] GC(386206)   Post Evacuate Collection Set: 1.8ms
[2020-12-25T02:48:04.456-0400][gc,phases      ] GC(386206)   Other: 0.8ms
[2020-12-25T02:48:04.456-0400][gc,heap        ] GC(386206) Eden regions: 11->0(11)
[2020-12-25T02:48:04.457-0400][gc,heap        ] GC(386206) Survivor regions: 1->1(2)
[2020-12-25T02:48:04.457-0400][gc,heap        ] GC(386206) Old regions: 45->45
[2020-12-25T02:48:04.457-0400][gc,heap        ] GC(386206) Humongous regions: 4->4
[2020-12-25T02:48:04.457-0400][gc,metaspace   ] GC(386206) Metaspace: 61021K->61021K(1107968K)
[2020-12-25T02:48:04.457-0400][gc,heap        ] GC(386206) Heap after GC invocations=386182 (full 11292): garbage-first heap   total 71680K, used 48604K [0x0000000083000000, 0x0000000100000000)
[2020-12-25T02:48:04.457-0400][gc,heap        ] GC(386206)   region size 1024K, 1 young (1024K), 1 survivors (1024K)
[2020-12-25T02:48:04.457-0400][gc,heap        ] GC(386206)  Metaspace       used 61021K, capacity 63721K, committed 64768K, reserved 1107968K
[2020-12-25T02:48:04.457-0400][gc,heap        ] GC(386206)   class space    used 5712K, capacity 6559K, committed 6912K, reserved 1048576K
[2020-12-25T02:48:04.457-0400][gc             ] GC(386206) Pause Young (Normal) (G1 Evacuation Pause) 58M->47M(70M) 6.023ms
[2020-12-25T02:48:04.457-0400][gc,cpu         ] GC(386206) User=0.01s Sys=0.00s Real=0.01s
[2020-12-25T02:48:42.350-0400][gc,heap        ] GC(386207) Heap before GC invocations=386182 (full 11292): garbage-first heap   total 71680K, used 58844K [0x0000000083000000, 0x0000000100000000)
[2020-12-25T02:48:42.350-0400][gc,heap        ] GC(386207)   region size 1024K, 12 young (12288K), 1 survivors (1024K)
[2020-12-25T02:48:42.350-0400][gc,heap        ] GC(386207)  Metaspace       used 61021K, capacity 63721K, committed 64768K, reserved 1107968K
[2020-12-25T02:48:42.350-0400][gc,heap        ] GC(386207)   class space    used 5712K, capacity 6559K, committed 6912K, reserved 1048576K
[2020-12-25T02:48:42.351-0400][gc,start       ] GC(386207) Pause Young (Normal) (G1 Evacuation Pause)
[2020-12-25T02:48:42.351-0400][gc,task        ] GC(386207) Using 4 workers of 4 for evacuation
[2020-12-25T02:48:42.356-0400][gc,phases      ] GC(386207)   Pre Evacuate Collection Set: 0.0ms
[2020-12-25T02:48:42.356-0400][gc,phases      ] GC(386207)   Evacuate Collection Set: 3.1ms
[2020-12-25T02:48:42.356-0400][gc,phases      ] GC(386207)   Post Evacuate Collection Set: 1.6ms
[2020-12-25T02:48:42.356-0400][gc,phases      ] GC(386207)   Other: 0.9ms
[2020-12-25T02:48:42.356-0400][gc,heap        ] GC(386207) Eden regions: 11->0(11)
[2020-12-25T02:48:42.356-0400][gc,heap        ] GC(386207) Survivor regions: 1->1(2)
[2020-12-25T02:48:42.356-0400][gc,heap        ] GC(386207) Old regions: 45->45
[2020-12-25T02:48:42.356-0400][gc,heap        ] GC(386207) Humongous regions: 4->4
[2020-12-25T02:48:42.356-0400][gc,metaspace   ] GC(386207) Metaspace: 61021K->61021K(1107968K)
[2020-12-25T02:48:42.356-0400][gc,heap        ] GC(386207) Heap after GC invocations=386183 (full 11292): garbage-first heap   total 71680K, used 48657K [0x0000000083000000, 0x0000000100000000)
[2020-12-25T02:48:42.356-0400][gc,heap        ] GC(386207)   region size 1024K, 1 young (1024K), 1 survivors (1024K)
[2020-12-25T02:48:42.356-0400][gc,heap        ] GC(386207)  Metaspace       used 61021K, capacity 63721K, committed 64768K, reserved 1107968K
[2020-12-25T02:48:42.356-0400][gc,heap        ] GC(386207)   class space    used 5712K, capacity 6559K, committed 6912K, reserved 1048576K
[2020-12-25T02:48:42.356-0400][gc             ] GC(386207) Pause Young (Normal) (G1 Evacuation Pause) 58M->47M(70M) 5.890ms
[2020-12-25T02:48:42.357-0400][gc,cpu         ] GC(386207) User=0.01s Sys=0.01s Real=0.01s
[2020-12-25T02:49:04.647-0400][gc,heap        ] GC(386208) Heap before GC invocations=386183 (full 11292): garbage-first heap   total 71680K, used 58897K [0x0000000083000000, 0x0000000100000000)
[2020-12-25T02:49:04.647-0400][gc,heap        ] GC(386208)   region size 1024K, 12 young (12288K), 1 survivors (1024K)
[2020-12-25T02:49:04.647-0400][gc,heap        ] GC(386208)  Metaspace       used 61021K, capacity 63721K, committed 64768K, reserved 1107968K
[2020-12-25T02:49:04.647-0400][gc,heap        ] GC(386208)   class space    used 5712K, capacity 6559K, committed 6912K, reserved 1048576K
[2020-12-25T02:49:04.647-0400][gc,start       ] GC(386208) Pause Young (Normal) (G1 Evacuation Pause)
[2020-12-25T02:49:04.647-0400][gc,task        ] GC(386208) Using 4 workers of 4 for evacuation
[2020-12-25T02:49:04.654-0400][gc,phases      ] GC(386208)   Pre Evacuate Collection Set: 0.0ms
[2020-12-25T02:49:04.654-0400][gc,phases      ] GC(386208)   Evacuate Collection Set: 3.6ms
[2020-12-25T02:49:04.654-0400][gc,phases      ] GC(386208)   Post Evacuate Collection Set: 1.9ms
[2020-12-25T02:49:04.654-0400][gc,phases      ] GC(386208)   Other: 0.9ms
[2020-12-25T02:49:04.654-0400][gc,heap        ] GC(386208) Eden regions: 11->0(11)
[2020-12-25T02:49:04.654-0400][gc,heap        ] GC(386208) Survivor regions: 1->1(2)
[2020-12-25T02:49:04.654-0400][gc,heap        ] GC(386208) Old regions: 45->45
[2020-12-25T02:49:04.654-0400][gc,heap        ] GC(386208) Humongous regions: 4->4
[2020-12-25T02:49:04.654-0400][gc,metaspace   ] GC(386208) Metaspace: 61021K->61021K(1107968K)
[2020-12-25T02:49:04.654-0400][gc,heap        ] GC(386208) Heap after GC invocations=386184 (full 11292): garbage-first heap   total 71680K, used 48787K [0x0000000083000000, 0x0000000100000000)
[2020-12-25T02:49:04.654-0400][gc,heap        ] GC(386208)   region size 1024K, 1 young (1024K), 1 survivors (1024K)
[2020-12-25T02:49:04.654-0400][gc,heap        ] GC(386208)  Metaspace       used 61021K, capacity 63721K, committed 64768K, reserved 1107968K
[2020-12-25T02:49:04.654-0400][gc,heap        ] GC(386208)   class space    used 5712K, capacity 6559K, committed 6912K, reserved 1048576K
[2020-12-25T02:49:04.654-0400][gc             ] GC(386208) Pause Young (Normal) (G1 Evacuation Pause) 58M->47M(70M) 7.026ms
[2020-12-25T02:49:04.655-0400][gc,cpu         ] GC(386208) User=0.01s Sys=0.01s Real=0.00s
[2020-12-25T02:49:36.380-0400][gc,heap        ] GC(386209) Heap before GC invocations=386184 (full 11292): garbage-first heap   total 71680K, used 59027K [0x0000000083000000, 0x0000000100000000)
[2020-12-25T02:49:36.380-0400][gc,heap        ] GC(386209)   region size 1024K, 12 young (12288K), 1 survivors (1024K)
[2020-12-25T02:49:36.380-0400][gc,heap        ] GC(386209)  Metaspace       used 61021K, capacity 63721K, committed 64768K, reserved 1107968K
[2020-12-25T02:49:36.380-0400][gc,heap        ] GC(386209)   class space    used 5712K, capacity 6559K, committed 6912K, reserved 1048576K
[2020-12-25T02:49:36.380-0400][gc,start       ] GC(386209) Pause Young (Normal) (G1 Evacuation Pause)
[2020-12-25T02:49:36.380-0400][gc,task        ] GC(386209) Using 4 workers of 4 for evacuation
[2020-12-25T02:49:36.386-0400][gc,phases      ] GC(386209)   Pre Evacuate Collection Set: 0.0ms
[2020-12-25T02:49:36.386-0400][gc,phases      ] GC(386209)   Evacuate Collection Set: 3.5ms
[2020-12-25T02:49:36.386-0400][gc,phases      ] GC(386209)   Post Evacuate Collection Set: 1.8ms
[2020-12-25T02:49:36.386-0400][gc,phases      ] GC(386209)   Other: 0.8ms
[2020-12-25T02:49:36.386-0400][gc,heap        ] GC(386209) Eden regions: 11->0(11)
[2020-12-25T02:49:36.386-0400][gc,heap        ] GC(386209) Survivor regions: 1->1(2)
[2020-12-25T02:49:36.386-0400][gc,heap        ] GC(386209) Old regions: 45->45
[2020-12-25T02:49:36.386-0400][gc,heap        ] GC(386209) Humongous regions: 4->4
[2020-12-25T02:49:36.386-0400][gc,metaspace   ] GC(386209) Metaspace: 61021K->61021K(1107968K)
[2020-12-25T02:49:36.386-0400][gc,heap        ] GC(386209) Heap after GC invocations=386185 (full 11292): garbage-first heap   total 71680K, used 48757K [0x0000000083000000, 0x0000000100000000)
[2020-12-25T02:49:36.386-0400][gc,heap        ] GC(386209)   region size 1024K, 1 young (1024K), 1 survivors (1024K)
[2020-12-25T02:49:36.386-0400][gc,heap        ] GC(386209)  Metaspace       used 61021K, capacity 63721K, committed 64768K, reserved 1107968K
[2020-12-25T02:49:36.386-0400][gc,heap        ] GC(386209)   class space    used 5712K, capacity 6559K, committed 6912K, reserved 1048576K
[2020-12-25T02:49:36.387-0400][gc             ] GC(386209) Pause Young (Normal) (G1 Evacuation Pause) 58M->47M(70M) 6.517ms
[2020-12-25T02:49:36.387-0400][gc,cpu         ] GC(386209) User=0.01s Sys=0.01s Real=0.01s
[2020-12-25T02:50:08.139-0400][gc,heap        ] GC(386210) Heap before GC invocations=386185 (full 11292): garbage-first heap   total 71680K, used 58997K [0x0000000083000000, 0x0000000100000000)
[2020-12-25T02:50:08.139-0400][gc,heap        ] GC(386210)   region size 1024K, 12 young (12288K), 1 survivors (1024K)
[2020-12-25T02:50:08.139-0400][gc,heap        ] GC(386210)  Metaspace       used 61021K, capacity 63721K, committed 64768K, reserved 1107968K
[2020-12-25T02:50:08.139-0400][gc,heap        ] GC(386210)   class space    used 5712K, capacity 6559K, committed 6912K, reserved 1048576K
[2020-12-25T02:50:08.139-0400][gc,start       ] GC(386210) Pause Young (Normal) (G1 Evacuation Pause)
[2020-12-25T02:50:08.139-0400][gc,task        ] GC(386210) Using 4 workers of 4 for evacuation
[2020-12-25T02:50:08.145-0400][gc,phases      ] GC(386210)   Pre Evacuate Collection Set: 0.0ms
[2020-12-25T02:50:08.146-0400][gc,phases      ] GC(386210)   Evacuate Collection Set: 3.8ms
[2020-12-25T02:50:08.146-0400][gc,phases      ] GC(386210)   Post Evacuate Collection Set: 2.1ms
[2020-12-25T02:50:08.146-0400][gc,phases      ] GC(386210)   Other: 0.9ms
[2020-12-25T02:50:08.146-0400][gc,heap        ] GC(386210) Eden regions: 11->0(11)
[2020-12-25T02:50:08.146-0400][gc,heap        ] GC(386210) Survivor regions: 1->1(2)
[2020-12-25T02:50:08.146-0400][gc,heap        ] GC(386210) Old regions: 45->45
[2020-12-25T02:50:08.146-0400][gc,heap        ] GC(386210) Humongous regions: 4->4
[2020-12-25T02:50:08.146-0400][gc,metaspace   ] GC(386210) Metaspace: 61021K->61021K(1107968K)
[2020-12-25T02:50:08.146-0400][gc,heap        ] GC(386210) Heap after GC invocations=386186 (full 11292): garbage-first heap   total 71680K, used 48887K [0x0000000083000000, 0x0000000100000000)
[2020-12-25T02:50:08.146-0400][gc,heap        ] GC(386210)   region size 1024K, 1 young (1024K), 1 survivors (1024K)
[2020-12-25T02:50:08.146-0400][gc,heap        ] GC(386210)  Metaspace       used 61021K, capacity 63721K, committed 64768K, reserved 1107968K
[2020-12-25T02:50:08.146-0400][gc,heap        ] GC(386210)   class space    used 5712K, capacity 6559K, committed 6912K, reserved 1048576K
[2020-12-25T02:50:08.147-0400][gc             ] GC(386210) Pause Young (Normal) (G1 Evacuation Pause) 58M->47M(70M) 7.559ms
[2020-12-25T02:50:08.147-0400][gc,cpu         ] GC(386210) User=0.02s Sys=0.00s Real=0.01s
[2020-12-25T02:50:42.217-0400][gc,heap        ] GC(386211) Heap before GC invocations=386186 (full 11292): garbage-first heap   total 71680K, used 59127K [0x0000000083000000, 0x0000000100000000)
[2020-12-25T02:50:42.217-0400][gc,heap        ] GC(386211)   region size 1024K, 12 young (12288K), 1 survivors (1024K)
[2020-12-25T02:50:42.217-0400][gc,heap        ] GC(386211)  Metaspace       used 61021K, capacity 63721K, committed 64768K, reserved 1107968K
[2020-12-25T02:50:42.217-0400][gc,heap        ] GC(386211)   class space    used 5712K, capacity 6559K, committed 6912K, reserved 1048576K
[2020-12-25T02:50:42.217-0400][gc,start       ] GC(386211) Pause Young (Normal) (G1 Evacuation Pause)
[2020-12-25T02:50:42.217-0400][gc,task        ] GC(386211) Using 4 workers of 4 for evacuation
[2020-12-25T02:50:42.223-0400][gc,phases      ] GC(386211)   Pre Evacuate Collection Set: 0.0ms
[2020-12-25T02:50:42.224-0400][gc,phases      ] GC(386211)   Evacuate Collection Set: 4.0ms
[2020-12-25T02:50:42.224-0400][gc,phases      ] GC(386211)   Post Evacuate Collection Set: 1.5ms
[2020-12-25T02:50:42.224-0400][gc,phases      ] GC(386211)   Other: 0.9ms
[2020-12-25T02:50:42.224-0400][gc,heap        ] GC(386211) Eden regions: 11->0(11)
[2020-12-25T02:50:42.224-0400][gc,heap        ] GC(386211) Survivor regions: 1->1(2)
[2020-12-25T02:50:42.224-0400][gc,heap        ] GC(386211) Old regions: 45->45
[2020-12-25T02:50:42.224-0400][gc,heap        ] GC(386211) Humongous regions: 4->4
[2020-12-25T02:50:42.224-0400][gc,metaspace   ] GC(386211) Metaspace: 61021K->61021K(1107968K)
[2020-12-25T02:50:42.224-0400][gc,heap        ] GC(386211) Heap after GC invocations=386187 (full 11292): garbage-first heap   total 71680K, used 48910K [0x0000000083000000, 0x0000000100000000)
[2020-12-25T02:50:42.224-0400][gc,heap        ] GC(386211)   region size 1024K, 1 young (1024K), 1 survivors (1024K)
[2020-12-25T02:50:42.224-0400][gc,heap        ] GC(386211)  Metaspace       used 61021K, capacity 63721K, committed 64768K, reserved 1107968K
[2020-12-25T02:50:42.224-0400][gc,heap        ] GC(386211)   class space    used 5712K, capacity 6559K, committed 6912K, reserved 1048576K
[2020-12-25T02:50:42.224-0400][gc             ] GC(386211) Pause Young (Normal) (G1 Evacuation Pause) 58M->47M(70M) 6.873ms
[2020-12-25T02:50:42.224-0400][gc,cpu         ] GC(386211) User=0.01s Sys=0.01s Real=0.00s
[2020-12-25T02:51:12.723-0400][gc,heap        ] GC(386212) Heap before GC invocations=386187 (full 11292): garbage-first heap   total 71680K, used 59150K [0x0000000083000000, 0x0000000100000000)
[2020-12-25T02:51:12.723-0400][gc,heap        ] GC(386212)   region size 1024K, 12 young (12288K), 1 survivors (1024K)
[2020-12-25T02:51:12.723-0400][gc,heap        ] GC(386212)  Metaspace       used 61021K, capacity 63721K, committed 64768K, reserved 1107968K
[2020-12-25T02:51:12.723-0400][gc,heap        ] GC(386212)   class space    used 5712K, capacity 6559K, committed 6912K, reserved 1048576K
[2020-12-25T02:51:12.723-0400][gc,start       ] GC(386212) Pause Young (Normal) (G1 Evacuation Pause)
[2020-12-25T02:51:12.723-0400][gc,task        ] GC(386212) Using 4 workers of 4 for evacuation
[2020-12-25T02:51:12.729-0400][gc,phases      ] GC(386212)   Pre Evacuate Collection Set: 0.0ms
[2020-12-25T02:51:12.729-0400][gc,phases      ] GC(386212)   Evacuate Collection Set: 4.0ms
[2020-12-25T02:51:12.729-0400][gc,phases      ] GC(386212)   Post Evacuate Collection Set: 1.8ms
[2020-12-25T02:51:12.730-0400][gc,phases      ] GC(386212)   Other: 0.8ms
[2020-12-25T02:51:12.730-0400][gc,heap        ] GC(386212) Eden regions: 11->0(11)
[2020-12-25T02:51:12.730-0400][gc,heap        ] GC(386212) Survivor regions: 1->1(2)
[2020-12-25T02:51:12.730-0400][gc,heap        ] GC(386212) Old regions: 45->45
[2020-12-25T02:51:12.730-0400][gc,heap        ] GC(386212) Humongous regions: 4->4
[2020-12-25T02:51:12.730-0400][gc,metaspace   ] GC(386212) Metaspace: 61021K->61021K(1107968K)
[2020-12-25T02:51:12.730-0400][gc,heap        ] GC(386212) Heap after GC invocations=386188 (full 11292): garbage-first heap   total 71680K, used 48948K [0x0000000083000000, 0x0000000100000000)
[2020-12-25T02:51:12.730-0400][gc,heap        ] GC(386212)   region size 1024K, 1 young (1024K), 1 survivors (1024K)
[2020-12-25T02:51:12.730-0400][gc,heap        ] GC(386212)  Metaspace       used 61021K, capacity 63721K, committed 64768K, reserved 1107968K
[2020-12-25T02:51:12.730-0400][gc,heap        ] GC(386212)   class space    used 5712K, capacity 6559K, committed 6912K, reserved 1048576K
[2020-12-25T02:51:12.730-0400][gc             ] GC(386212) Pause Young (Normal) (G1 Evacuation Pause) 58M->47M(70M) 7.125ms
[2020-12-25T02:51:12.730-0400][gc,cpu         ] GC(386212) User=0.01s Sys=0.01s Real=0.01s
[2020-12-25T02:51:50.924-0400][gc,task        ] GC(386213) Using 3 workers of 4 for full compaction
[2020-12-25T02:51:50.924-0400][gc,start       ] GC(386213) Pause Full (System.gc())
[2020-12-25T02:51:50.924-0400][gc,heap        ] GC(386213) Heap before GC invocations=386188 (full 11292): garbage-first heap   total 71680K, used 58164K [0x0000000083000000, 0x0000000100000000)
[2020-12-25T02:51:50.924-0400][gc,heap        ] GC(386213)   region size 1024K, 12 young (12288K), 1 survivors (1024K)
[2020-12-25T02:51:50.925-0400][gc,heap        ] GC(386213)  Metaspace       used 61021K, capacity 63721K, committed 64768K, reserved 1107968K
[2020-12-25T02:51:50.925-0400][gc,heap        ] GC(386213)   class space    used 5712K, capacity 6559K, committed 6912K, reserved 1048576K
[2020-12-25T02:51:50.927-0400][gc,phases,start] GC(386213) Phase 1: Mark live objects
[2020-12-25T02:51:51.072-0400][gc,stringtable ] GC(386213) Cleaned string and symbol table, strings: 32207 processed, 0 removed, symbols: 131451 processed, 0 removed
[2020-12-25T02:51:51.073-0400][gc,phases      ] GC(386213) Phase 1: Mark live objects 145.651ms
[2020-12-25T02:51:51.073-0400][gc,phases,start] GC(386213) Phase 2: Prepare for compaction
[2020-12-25T02:51:51.102-0400][gc,phases      ] GC(386213) Phase 2: Prepare for compaction 29.794ms
[2020-12-25T02:51:51.103-0400][gc,phases,start] GC(386213) Phase 3: Adjust pointers
[2020-12-25T02:51:51.180-0400][gc,phases      ] GC(386213) Phase 3: Adjust pointers 76.965ms
[2020-12-25T02:51:51.180-0400][gc,phases,start] GC(386213) Phase 4: Compact heap
[2020-12-25T02:51:51.202-0400][gc,phases      ] GC(386213) Phase 4: Compact heap 22.368ms
[2020-12-25T02:51:51.238-0400][gc,heap        ] GC(386213) Eden regions: 11->0(12)
[2020-12-25T02:51:51.238-0400][gc,heap        ] GC(386213) Survivor regions: 1->0(2)
[2020-12-25T02:51:51.238-0400][gc,heap        ] GC(386213) Old regions: 45->45
[2020-12-25T02:51:51.238-0400][gc,heap        ] GC(386213) Humongous regions: 4->4
[2020-12-25T02:51:51.238-0400][gc,metaspace   ] GC(386213) Metaspace: 61021K->61021K(1107968K)
[2020-12-25T02:51:51.238-0400][gc,heap        ] GC(386213) Heap after GC invocations=386189 (full 11293): garbage-first heap   total 71680K, used 48438K [0x0000000083000000, 0x0000000100000000)
[2020-12-25T02:51:51.238-0400][gc,heap        ] GC(386213)   region size 1024K, 0 young (0K), 0 survivors (0K)
[2020-12-25T02:51:51.238-0400][gc,heap        ] GC(386213)  Metaspace       used 61021K, capacity 63721K, committed 64768K, reserved 1107968K
[2020-12-25T02:51:51.239-0400][gc,heap        ] GC(386213)   class space    used 5712K, capacity 6559K, committed 6912K, reserved 1048576K
[2020-12-25T02:51:51.239-0400][gc             ] GC(386213) Pause Full (System.gc()) 57M->47M(70M) 314.216ms
[2020-12-25T02:51:51.239-0400][gc,cpu         ] GC(386213) User=0.84s Sys=0.00s Real=0.32s
[2020-12-25T02:52:24.740-0400][gc,heap        ] GC(386214) Heap before GC invocations=386189 (full 11293): garbage-first heap   total 71680K, used 59702K [0x0000000083000000, 0x0000000100000000)
[2020-12-25T02:52:24.740-0400][gc,heap        ] GC(386214)   region size 1024K, 12 young (12288K), 0 survivors (0K)
[2020-12-25T02:52:24.740-0400][gc,heap        ] GC(386214)  Metaspace       used 61021K, capacity 63721K, committed 64768K, reserved 1107968K
[2020-12-25T02:52:24.740-0400][gc,heap        ] GC(386214)   class space    used 5712K, capacity 6559K, committed 6912K, reserved 1048576K
[2020-12-25T02:52:24.740-0400][gc,start       ] GC(386214) Pause Young (Normal) (G1 Evacuation Pause)
[2020-12-25T02:52:24.740-0400][gc,task        ] GC(386214) Using 4 workers of 4 for evacuation
[2020-12-25T02:52:24.746-0400][gc,phases      ] GC(386214)   Pre Evacuate Collection Set: 0.0ms
[2020-12-25T02:52:24.746-0400][gc,phases      ] GC(386214)   Evacuate Collection Set: 3.1ms
[2020-12-25T02:52:24.746-0400][gc,phases      ] GC(386214)   Post Evacuate Collection Set: 1.9ms
[2020-12-25T02:52:24.746-0400][gc,phases      ] GC(386214)   Other: 0.9ms
[2020-12-25T02:52:24.746-0400][gc,heap        ] GC(386214) Eden regions: 12->0(11)
[2020-12-25T02:52:24.746-0400][gc,heap        ] GC(386214) Survivor regions: 0->1(2)
[2020-12-25T02:52:24.746-0400][gc,heap        ] GC(386214) Old regions: 45->45
[2020-12-25T02:52:24.746-0400][gc,heap        ] GC(386214) Humongous regions: 4->4
[2020-12-25T02:52:24.746-0400][gc,metaspace   ] GC(386214) Metaspace: 61021K->61021K(1107968K)
[2020-12-25T02:52:24.746-0400][gc,heap        ] GC(386214) Heap after GC invocations=386190 (full 11293): garbage-first heap   total 71680K, used 48753K [0x0000000083000000, 0x0000000100000000)
[2020-12-25T02:52:24.746-0400][gc,heap        ] GC(386214)   region size 1024K, 1 young (1024K), 1 survivors (1024K)
[2020-12-25T02:52:24.746-0400][gc,heap        ] GC(386214)  Metaspace       used 61021K, capacity 63721K, committed 64768K, reserved 1107968K
[2020-12-25T02:52:24.746-0400][gc,heap        ] GC(386214)   class space    used 5712K, capacity 6559K, committed 6912K, reserved 1048576K
[2020-12-25T02:52:24.747-0400][gc             ] GC(386214) Pause Young (Normal) (G1 Evacuation Pause) 59M->47M(70M) 6.280ms
[2020-12-25T02:52:24.747-0400][gc,cpu         ] GC(386214) User=0.02s Sys=0.00s Real=0.01s
[2020-12-25T02:53:01.822-0400][gc,heap        ] GC(386215) Heap before GC invocations=386190 (full 11293): garbage-first heap   total 71680K, used 58993K [0x0000000083000000, 0x0000000100000000)
[2020-12-25T02:53:01.822-0400][gc,heap        ] GC(386215)   region size 1024K, 12 young (12288K), 1 survivors (1024K)
[2020-12-25T02:53:01.822-0400][gc,heap        ] GC(386215)  Metaspace       used 61021K, capacity 63721K, committed 64768K, reserved 1107968K
[2020-12-25T02:53:01.822-0400][gc,heap        ] GC(386215)   class space    used 5712K, capacity 6559K, committed 6912K, reserved 1048576K
[2020-12-25T02:53:01.823-0400][gc,start       ] GC(386215) Pause Young (Normal) (G1 Evacuation Pause)
[2020-12-25T02:53:01.823-0400][gc,task        ] GC(386215) Using 4 workers of 4 for evacuation
[2020-12-25T02:53:01.828-0400][gc,phases      ] GC(386215)   Pre Evacuate Collection Set: 0.0ms
[2020-12-25T02:53:01.828-0400][gc,phases      ] GC(386215)   Evacuate Collection Set: 3.2ms
[2020-12-25T02:53:01.828-0400][gc,phases      ] GC(386215)   Post Evacuate Collection Set: 1.9ms
[2020-12-25T02:53:01.829-0400][gc,phases      ] GC(386215)   Other: 0.9ms
[2020-12-25T02:53:01.829-0400][gc,heap        ] GC(386215) Eden regions: 11->0(11)
[2020-12-25T02:53:01.829-0400][gc,heap        ] GC(386215) Survivor regions: 1->1(2)
[2020-12-25T02:53:01.829-0400][gc,heap        ] GC(386215) Old regions: 45->45
[2020-12-25T02:53:01.829-0400][gc,heap        ] GC(386215) Humongous regions: 4->4
[2020-12-25T02:53:01.829-0400][gc,metaspace   ] GC(386215) Metaspace: 61021K->61021K(1107968K)
[2020-12-25T02:53:01.829-0400][gc,heap        ] GC(386215) Heap after GC invocations=386191 (full 11293): garbage-first heap   total 71680K, used 48784K [0x0000000083000000, 0x0000000100000000)
[2020-12-25T02:53:01.829-0400][gc,heap        ] GC(386215)   region size 1024K, 1 young (1024K), 1 survivors (1024K)
[2020-12-25T02:53:01.829-0400][gc,heap        ] GC(386215)  Metaspace       used 61021K, capacity 63721K, committed 64768K, reserved 1107968K
[2020-12-25T02:53:01.829-0400][gc,heap        ] GC(386215)   class space    used 5712K, capacity 6559K, committed 6912K, reserved 1048576K
[2020-12-25T02:53:01.829-0400][gc             ] GC(386215) Pause Young (Normal) (G1 Evacuation Pause) 58M->47M(70M) 6.475ms
[2020-12-25T02:53:01.829-0400][gc,cpu         ] GC(386215) User=0.01s Sys=0.01s Real=0.01s
[2020-12-25T02:53:27.946-0400][gc,heap        ] GC(386216) Heap before GC invocations=386191 (full 11293): garbage-first heap   total 71680K, used 59024K [0x0000000083000000, 0x0000000100000000)
[2020-12-25T02:53:27.947-0400][gc,heap        ] GC(386216)   region size 1024K, 12 young (12288K), 1 survivors (1024K)
[2020-12-25T02:53:27.947-0400][gc,heap        ] GC(386216)  Metaspace       used 61021K, capacity 63721K, committed 64768K, reserved 1107968K
[2020-12-25T02:53:27.947-0400][gc,heap        ] GC(386216)   class space    used 5712K, capacity 6559K, committed 6912K, reserved 1048576K
[2020-12-25T02:53:27.947-0400][gc,start       ] GC(386216) Pause Young (Normal) (G1 Evacuation Pause)
[2020-12-25T02:53:27.947-0400][gc,task        ] GC(386216) Using 4 workers of 4 for evacuation
[2020-12-25T02:53:27.952-0400][gc,phases      ] GC(386216)   Pre Evacuate Collection Set: 0.0ms
[2020-12-25T02:53:27.952-0400][gc,phases      ] GC(386216)   Evacuate Collection Set: 3.0ms
[2020-12-25T02:53:27.952-0400][gc,phases      ] GC(386216)   Post Evacuate Collection Set: 1.8ms
[2020-12-25T02:53:27.952-0400][gc,phases      ] GC(386216)   Other: 0.8ms
[2020-12-25T02:53:27.952-0400][gc,heap        ] GC(386216) Eden regions: 11->0(11)
[2020-12-25T02:53:27.953-0400][gc,heap        ] GC(386216) Survivor regions: 1->1(2)
[2020-12-25T02:53:27.953-0400][gc,heap        ] GC(386216) Old regions: 45->45
[2020-12-25T02:53:27.953-0400][gc,heap        ] GC(386216) Humongous regions: 4->4
[2020-12-25T02:53:27.953-0400][gc,metaspace   ] GC(386216) Metaspace: 61021K->61021K(1107968K)
[2020-12-25T02:53:27.953-0400][gc,heap        ] GC(386216) Heap after GC invocations=386192 (full 11293): garbage-first heap   total 71680K, used 48757K [0x0000000083000000, 0x0000000100000000)
[2020-12-25T02:53:27.953-0400][gc,heap        ] GC(386216)   region size 1024K, 1 young (1024K), 1 survivors (1024K)
[2020-12-25T02:53:27.953-0400][gc,heap        ] GC(386216)  Metaspace       used 61021K, capacity 63721K, committed 64768K, reserved 1107968K
[2020-12-25T02:53:27.953-0400][gc,heap        ] GC(386216)   class space    used 5712K, capacity 6559K, committed 6912K, reserved 1048576K
[2020-12-25T02:53:27.953-0400][gc             ] GC(386216) Pause Young (Normal) (G1 Evacuation Pause) 58M->47M(70M) 6.165ms
[2020-12-25T02:53:27.953-0400][gc,cpu         ] GC(386216) User=0.01s Sys=0.01s Real=0.00s
[2020-12-25T02:54:04.311-0400][gc,heap        ] GC(386217) Heap before GC invocations=386192 (full 11293): garbage-first heap   total 71680K, used 60021K [0x0000000083000000, 0x0000000100000000)
[2020-12-25T02:54:04.311-0400][gc,heap        ] GC(386217)   region size 1024K, 12 young (12288K), 1 survivors (1024K)
[2020-12-25T02:54:04.311-0400][gc,heap        ] GC(386217)  Metaspace       used 61021K, capacity 63721K, committed 64768K, reserved 1107968K
[2020-12-25T02:54:04.311-0400][gc,heap        ] GC(386217)   class space    used 5712K, capacity 6559K, committed 6912K, reserved 1048576K
[2020-12-25T02:54:04.311-0400][gc,start       ] GC(386217) Pause Young (Normal) (G1 Evacuation Pause)
[2020-12-25T02:54:04.312-0400][gc,task        ] GC(386217) Using 4 workers of 4 for evacuation
[2020-12-25T02:54:04.318-0400][gc,phases      ] GC(386217)   Pre Evacuate Collection Set: 0.0ms
[2020-12-25T02:54:04.318-0400][gc,phases      ] GC(386217)   Evacuate Collection Set: 3.6ms
[2020-12-25T02:54:04.318-0400][gc,phases      ] GC(386217)   Post Evacuate Collection Set: 1.9ms
[2020-12-25T02:54:04.318-0400][gc,phases      ] GC(386217)   Other: 0.9ms
[2020-12-25T02:54:04.318-0400][gc,heap        ] GC(386217) Eden regions: 11->0(11)
[2020-12-25T02:54:04.318-0400][gc,heap        ] GC(386217) Survivor regions: 1->1(2)
[2020-12-25T02:54:04.318-0400][gc,heap        ] GC(386217) Old regions: 45->45
[2020-12-25T02:54:04.318-0400][gc,heap        ] GC(386217) Humongous regions: 4->4
[2020-12-25T02:54:04.318-0400][gc,metaspace   ] GC(386217) Metaspace: 61021K->61021K(1107968K)
[2020-12-25T02:54:04.318-0400][gc,heap        ] GC(386217) Heap after GC invocations=386193 (full 11293): garbage-first heap   total 71680K, used 48872K [0x0000000083000000, 0x0000000100000000)
[2020-12-25T02:54:04.318-0400][gc,heap        ] GC(386217)   region size 1024K, 1 young (1024K), 1 survivors (1024K)
[2020-12-25T02:54:04.318-0400][gc,heap        ] GC(386217)  Metaspace       used 61021K, capacity 63721K, committed 64768K, reserved 1107968K
[2020-12-25T02:54:04.318-0400][gc,heap        ] GC(386217)   class space    used 5712K, capacity 6559K, committed 6912K, reserved 1048576K
[2020-12-25T02:54:04.318-0400][gc             ] GC(386217) Pause Young (Normal) (G1 Evacuation Pause) 58M->47M(70M) 6.824ms
[2020-12-25T02:54:04.318-0400][gc,cpu         ] GC(386217) User=0.02s Sys=0.00s Real=0.01s
[2020-12-25T02:54:23.894-0400][gc,heap        ] GC(386218) Heap before GC invocations=386193 (full 11293): garbage-first heap   total 71680K, used 59112K [0x0000000083000000, 0x0000000100000000)
[2020-12-25T02:54:23.894-0400][gc,heap        ] GC(386218)   region size 1024K, 12 young (12288K), 1 survivors (1024K)
[2020-12-25T02:54:23.894-0400][gc,heap        ] GC(386218)  Metaspace       used 61021K, capacity 63721K, committed 64768K, reserved 1107968K
[2020-12-25T02:54:23.894-0400][gc,heap        ] GC(386218)   class space    used 5712K, capacity 6559K, committed 6912K, reserved 1048576K
[2020-12-25T02:54:23.894-0400][gc,start       ] GC(386218) Pause Young (Normal) (G1 Evacuation Pause)
[2020-12-25T02:54:23.894-0400][gc,task        ] GC(386218) Using 4 workers of 4 for evacuation
[2020-12-25T02:54:23.901-0400][gc,phases      ] GC(386218)   Pre Evacuate Collection Set: 0.0ms
[2020-12-25T02:54:23.901-0400][gc,phases      ] GC(386218)   Evacuate Collection Set: 4.4ms
[2020-12-25T02:54:23.901-0400][gc,phases      ] GC(386218)   Post Evacuate Collection Set: 1.7ms
[2020-12-25T02:54:23.901-0400][gc,phases      ] GC(386218)   Other: 0.9ms
[2020-12-25T02:54:23.901-0400][gc,heap        ] GC(386218) Eden regions: 11->0(11)
[2020-12-25T02:54:23.901-0400][gc,heap        ] GC(386218) Survivor regions: 1->1(2)
[2020-12-25T02:54:23.901-0400][gc,heap        ] GC(386218) Old regions: 45->45
[2020-12-25T02:54:23.901-0400][gc,heap        ] GC(386218) Humongous regions: 4->4
[2020-12-25T02:54:23.901-0400][gc,metaspace   ] GC(386218) Metaspace: 61021K->61021K(1107968K)
[2020-12-25T02:54:23.901-0400][gc,heap        ] GC(386218) Heap after GC invocations=386194 (full 11293): garbage-first heap   total 71680K, used 49124K [0x0000000083000000, 0x0000000100000000)
[2020-12-25T02:54:23.901-0400][gc,heap        ] GC(386218)   region size 1024K, 1 young (1024K), 1 survivors (1024K)
[2020-12-25T02:54:23.901-0400][gc,heap        ] GC(386218)  Metaspace       used 61021K, capacity 63721K, committed 64768K, reserved 1107968K
[2020-12-25T02:54:23.901-0400][gc,heap        ] GC(386218)   class space    used 5712K, capacity 6559K, committed 6912K, reserved 1048576K
[2020-12-25T02:54:23.901-0400][gc             ] GC(386218) Pause Young (Normal) (G1 Evacuation Pause) 58M->47M(70M) 7.503ms
[2020-12-25T02:54:23.902-0400][gc,cpu         ] GC(386218) User=0.02s Sys=0.01s Real=0.01s
[2020-12-25T02:54:54.431-0400][gc,heap        ] GC(386219) Heap before GC invocations=386194 (full 11293): garbage-first heap   total 71680K, used 59364K [0x0000000083000000, 0x0000000100000000)
[2020-12-25T02:54:54.431-0400][gc,heap        ] GC(386219)   region size 1024K, 12 young (12288K), 1 survivors (1024K)
[2020-12-25T02:54:54.431-0400][gc,heap        ] GC(386219)  Metaspace       used 61021K, capacity 63721K, committed 64768K, reserved 1107968K
[2020-12-25T02:54:54.431-0400][gc,heap        ] GC(386219)   class space    used 5712K, capacity 6559K, committed 6912K, reserved 1048576K
[2020-12-25T02:54:54.431-0400][gc,start       ] GC(386219) Pause Young (Normal) (G1 Evacuation Pause)
[2020-12-25T02:54:54.431-0400][gc,task        ] GC(386219) Using 4 workers of 4 for evacuation
[2020-12-25T02:54:54.438-0400][gc,phases      ] GC(386219)   Pre Evacuate Collection Set: 0.0ms
[2020-12-25T02:54:54.438-0400][gc,phases      ] GC(386219)   Evacuate Collection Set: 4.6ms
[2020-12-25T02:54:54.438-0400][gc,phases      ] GC(386219)   Post Evacuate Collection Set: 1.7ms
[2020-12-25T02:54:54.438-0400][gc,phases      ] GC(386219)   Other: 1.0ms
[2020-12-25T02:54:54.438-0400][gc,heap        ] GC(386219) Eden regions: 11->0(11)
[2020-12-25T02:54:54.439-0400][gc,heap        ] GC(386219) Survivor regions: 1->1(2)
[2020-12-25T02:54:54.439-0400][gc,heap        ] GC(386219) Old regions: 45->45
[2020-12-25T02:54:54.439-0400][gc,heap        ] GC(386219) Humongous regions: 4->4
[2020-12-25T02:54:54.439-0400][gc,metaspace   ] GC(386219) Metaspace: 61021K->61021K(1107968K)
[2020-12-25T02:54:54.439-0400][gc,heap        ] GC(386219) Heap after GC invocations=386195 (full 11293): garbage-first heap   total 71680K, used 49281K [0x0000000083000000, 0x0000000100000000)
[2020-12-25T02:54:54.439-0400][gc,heap        ] GC(386219)   region size 1024K, 1 young (1024K), 1 survivors (1024K)
[2020-12-25T02:54:54.439-0400][gc,heap        ] GC(386219)  Metaspace       used 61021K, capacity 63721K, committed 64768K, reserved 1107968K
[2020-12-25T02:54:54.439-0400][gc,heap        ] GC(386219)   class space    used 5712K, capacity 6559K, committed 6912K, reserved 1048576K
[2020-12-25T02:54:54.439-0400][gc             ] GC(386219) Pause Young (Normal) (G1 Evacuation Pause) 58M->48M(70M) 7.620ms
[2020-12-25T02:54:54.439-0400][gc,cpu         ] GC(386219) User=0.01s Sys=0.01s Real=0.01s
[2020-12-25T02:55:16.193-0400][gc,heap        ] GC(386220) Heap before GC invocations=386195 (full 11293): garbage-first heap   total 71680K, used 59521K [0x0000000083000000, 0x0000000100000000)
[2020-12-25T02:55:16.194-0400][gc,heap        ] GC(386220)   region size 1024K, 12 young (12288K), 1 survivors (1024K)
[2020-12-25T02:55:16.194-0400][gc,heap        ] GC(386220)  Metaspace       used 61021K, capacity 63721K, committed 64768K, reserved 1107968K
[2020-12-25T02:55:16.194-0400][gc,heap        ] GC(386220)   class space    used 5712K, capacity 6559K, committed 6912K, reserved 1048576K
[2020-12-25T02:55:16.194-0400][gc,start       ] GC(386220) Pause Young (Normal) (G1 Evacuation Pause)
[2020-12-25T02:55:16.194-0400][gc,task        ] GC(386220) Using 4 workers of 4 for evacuation
[2020-12-25T02:55:16.202-0400][gc,phases      ] GC(386220)   Pre Evacuate Collection Set: 0.0ms
[2020-12-25T02:55:16.202-0400][gc,phases      ] GC(386220)   Evacuate Collection Set: 5.1ms
[2020-12-25T02:55:16.202-0400][gc,phases      ] GC(386220)   Post Evacuate Collection Set: 2.1ms
[2020-12-25T02:55:16.202-0400][gc,phases      ] GC(386220)   Other: 1.0ms
[2020-12-25T02:55:16.202-0400][gc,heap        ] GC(386220) Eden regions: 11->0(11)
[2020-12-25T02:55:16.202-0400][gc,heap        ] GC(386220) Survivor regions: 1->1(2)
[2020-12-25T02:55:16.202-0400][gc,heap        ] GC(386220) Old regions: 45->45
[2020-12-25T02:55:16.202-0400][gc,heap        ] GC(386220) Humongous regions: 4->4
[2020-12-25T02:55:16.202-0400][gc,metaspace   ] GC(386220) Metaspace: 61021K->61021K(1107968K)
[2020-12-25T02:55:16.202-0400][gc,heap        ] GC(386220) Heap after GC invocations=386196 (full 11293): garbage-first heap   total 71680K, used 49392K [0x0000000083000000, 0x0000000100000000)
[2020-12-25T02:55:16.202-0400][gc,heap        ] GC(386220)   region size 1024K, 1 young (1024K), 1 survivors (1024K)
[2020-12-25T02:55:16.202-0400][gc,heap        ] GC(386220)  Metaspace       used 61021K, capacity 63721K, committed 64768K, reserved 1107968K
[2020-12-25T02:55:16.202-0400][gc,heap        ] GC(386220)   class space    used 5712K, capacity 6559K, committed 6912K, reserved 1048576K
[2020-12-25T02:55:16.202-0400][gc             ] GC(386220) Pause Young (Normal) (G1 Evacuation Pause) 59M->48M(70M) 8.531ms
[2020-12-25T02:55:16.203-0400][gc,cpu         ] GC(386220) User=0.01s Sys=0.02s Real=0.01s
[2020-12-25T02:55:46.551-0400][gc,heap        ] GC(386221) Heap before GC invocations=386196 (full 11293): garbage-first heap   total 71680K, used 59632K [0x0000000083000000, 0x0000000100000000)
[2020-12-25T02:55:46.551-0400][gc,heap        ] GC(386221)   region size 1024K, 12 young (12288K), 1 survivors (1024K)
[2020-12-25T02:55:46.551-0400][gc,heap        ] GC(386221)  Metaspace       used 61021K, capacity 63721K, committed 64768K, reserved 1107968K
[2020-12-25T02:55:46.551-0400][gc,heap        ] GC(386221)   class space    used 5712K, capacity 6559K, committed 6912K, reserved 1048576K
[2020-12-25T02:55:46.551-0400][gc,start       ] GC(386221) Pause Young (Normal) (G1 Evacuation Pause)
[2020-12-25T02:55:46.551-0400][gc,task        ] GC(386221) Using 4 workers of 4 for evacuation
[2020-12-25T02:55:46.557-0400][gc,phases      ] GC(386221)   Pre Evacuate Collection Set: 0.0ms
[2020-12-25T02:55:46.557-0400][gc,phases      ] GC(386221)   Evacuate Collection Set: 3.7ms
[2020-12-25T02:55:46.557-0400][gc,phases      ] GC(386221)   Post Evacuate Collection Set: 1.6ms
[2020-12-25T02:55:46.557-0400][gc,phases      ] GC(386221)   Other: 0.9ms
[2020-12-25T02:55:46.557-0400][gc,heap        ] GC(386221) Eden regions: 11->0(11)
[2020-12-25T02:55:46.557-0400][gc,heap        ] GC(386221) Survivor regions: 1->1(2)
[2020-12-25T02:55:46.557-0400][gc,heap        ] GC(386221) Old regions: 45->45
[2020-12-25T02:55:46.557-0400][gc,heap        ] GC(386221) Humongous regions: 4->4
[2020-12-25T02:55:46.558-0400][gc,metaspace   ] GC(386221) Metaspace: 61021K->61021K(1107968K)
[2020-12-25T02:55:46.558-0400][gc,heap        ] GC(386221) Heap after GC invocations=386197 (full 11293): garbage-first heap   total 71680K, used 49011K [0x0000000083000000, 0x0000000100000000)
[2020-12-25T02:55:46.558-0400][gc,heap        ] GC(386221)   region size 1024K, 1 young (1024K), 1 survivors (1024K)
[2020-12-25T02:55:46.558-0400][gc,heap        ] GC(386221)  Metaspace       used 61021K, capacity 63721K, committed 64768K, reserved 1107968K
[2020-12-25T02:55:46.558-0400][gc,heap        ] GC(386221)   class space    used 5712K, capacity 6559K, committed 6912K, reserved 1048576K
[2020-12-25T02:55:46.558-0400][gc             ] GC(386221) Pause Young (Normal) (G1 Evacuation Pause) 59M->47M(70M) 6.673ms
[2020-12-25T02:55:46.558-0400][gc,cpu         ] GC(386221) User=0.02s Sys=0.00s Real=0.01s
[2020-12-25T02:56:18.578-0400][gc,heap        ] GC(386222) Heap before GC invocations=386197 (full 11293): garbage-first heap   total 71680K, used 59251K [0x0000000083000000, 0x0000000100000000)
[2020-12-25T02:56:18.578-0400][gc,heap        ] GC(386222)   region size 1024K, 12 young (12288K), 1 survivors (1024K)
[2020-12-25T02:56:18.578-0400][gc,heap        ] GC(386222)  Metaspace       used 61021K, capacity 63721K, committed 64768K, reserved 1107968K
[2020-12-25T02:56:18.578-0400][gc,heap        ] GC(386222)   class space    used 5712K, capacity 6559K, committed 6912K, reserved 1048576K
[2020-12-25T02:56:18.578-0400][gc,start       ] GC(386222) Pause Young (Normal) (G1 Evacuation Pause)
[2020-12-25T02:56:18.579-0400][gc,task        ] GC(386222) Using 4 workers of 4 for evacuation
[2020-12-25T02:56:18.584-0400][gc,phases      ] GC(386222)   Pre Evacuate Collection Set: 0.0ms
[2020-12-25T02:56:18.584-0400][gc,phases      ] GC(386222)   Evacuate Collection Set: 3.6ms
[2020-12-25T02:56:18.584-0400][gc,phases      ] GC(386222)   Post Evacuate Collection Set: 1.7ms
[2020-12-25T02:56:18.585-0400][gc,phases      ] GC(386222)   Other: 0.9ms
[2020-12-25T02:56:18.585-0400][gc,heap        ] GC(386222) Eden regions: 11->0(11)
[2020-12-25T02:56:18.585-0400][gc,heap        ] GC(386222) Survivor regions: 1->1(2)
[2020-12-25T02:56:18.585-0400][gc,heap        ] GC(386222) Old regions: 45->45
[2020-12-25T02:56:18.585-0400][gc,heap        ] GC(386222) Humongous regions: 4->4
[2020-12-25T02:56:18.585-0400][gc,metaspace   ] GC(386222) Metaspace: 61021K->61021K(1107968K)
[2020-12-25T02:56:18.585-0400][gc,heap        ] GC(386222) Heap after GC invocations=386198 (full 11293): garbage-first heap   total 71680K, used 48962K [0x0000000083000000, 0x0000000100000000)
[2020-12-25T02:56:18.585-0400][gc,heap        ] GC(386222)   region size 1024K, 1 young (1024K), 1 survivors (1024K)
[2020-12-25T02:56:18.585-0400][gc,heap        ] GC(386222)  Metaspace       used 61021K, capacity 63721K, committed 64768K, reserved 1107968K
[2020-12-25T02:56:18.585-0400][gc,heap        ] GC(386222)   class space    used 5712K, capacity 6559K, committed 6912K, reserved 1048576K
[2020-12-25T02:56:18.585-0400][gc             ] GC(386222) Pause Young (Normal) (G1 Evacuation Pause) 58M->47M(70M) 6.632ms
[2020-12-25T02:56:18.585-0400][gc,cpu         ] GC(386222) User=0.01s Sys=0.01s Real=0.00s
[2020-12-25T02:56:50.924-0400][gc,task        ] GC(386223) Using 3 workers of 4 for full compaction
[2020-12-25T02:56:50.924-0400][gc,start       ] GC(386223) Pause Full (System.gc())
[2020-12-25T02:56:50.924-0400][gc,heap        ] GC(386223) Heap before GC invocations=386198 (full 11293): garbage-first heap   total 71680K, used 58178K [0x0000000083000000, 0x0000000100000000)
[2020-12-25T02:56:50.924-0400][gc,heap        ] GC(386223)   region size 1024K, 12 young (12288K), 1 survivors (1024K)
[2020-12-25T02:56:50.924-0400][gc,heap        ] GC(386223)  Metaspace       used 61021K, capacity 63721K, committed 64768K, reserved 1107968K
[2020-12-25T02:56:50.924-0400][gc,heap        ] GC(386223)   class space    used 5712K, capacity 6559K, committed 6912K, reserved 1048576K
[2020-12-25T02:56:50.927-0400][gc,phases,start] GC(386223) Phase 1: Mark live objects
[2020-12-25T02:56:51.068-0400][gc,stringtable ] GC(386223) Cleaned string and symbol table, strings: 32207 processed, 0 removed, symbols: 131451 processed, 0 removed
[2020-12-25T02:56:51.068-0400][gc,phases      ] GC(386223) Phase 1: Mark live objects 141.108ms
[2020-12-25T02:56:51.068-0400][gc,phases,start] GC(386223) Phase 2: Prepare for compaction
[2020-12-25T02:56:51.098-0400][gc,phases      ] GC(386223) Phase 2: Prepare for compaction 29.697ms
[2020-12-25T02:56:51.098-0400][gc,phases,start] GC(386223) Phase 3: Adjust pointers
[2020-12-25T02:56:51.176-0400][gc,phases      ] GC(386223) Phase 3: Adjust pointers 77.757ms
[2020-12-25T02:56:51.176-0400][gc,phases,start] GC(386223) Phase 4: Compact heap
[2020-12-25T02:56:51.198-0400][gc,phases      ] GC(386223) Phase 4: Compact heap 22.483ms
[2020-12-25T02:56:51.235-0400][gc,heap        ] GC(386223) Eden regions: 11->0(11)
[2020-12-25T02:56:51.235-0400][gc,heap        ] GC(386223) Survivor regions: 1->0(2)
[2020-12-25T02:56:51.235-0400][gc,heap        ] GC(386223) Old regions: 45->46
[2020-12-25T02:56:51.235-0400][gc,heap        ] GC(386223) Humongous regions: 4->4
[2020-12-25T02:56:51.235-0400][gc,metaspace   ] GC(386223) Metaspace: 61021K->61021K(1107968K)
[2020-12-25T02:56:51.235-0400][gc,heap        ] GC(386223) Heap after GC invocations=386199 (full 11294): garbage-first heap   total 71680K, used 48445K [0x0000000083000000, 0x0000000100000000)
[2020-12-25T02:56:51.235-0400][gc,heap        ] GC(386223)   region size 1024K, 0 young (0K), 0 survivors (0K)
[2020-12-25T02:56:51.236-0400][gc,heap        ] GC(386223)  Metaspace       used 61021K, capacity 63721K, committed 64768K, reserved 1107968K
[2020-12-25T02:56:51.236-0400][gc,heap        ] GC(386223)   class space    used 5712K, capacity 6559K, committed 6912K, reserved 1048576K
[2020-12-25T02:56:51.236-0400][gc             ] GC(386223) Pause Full (System.gc()) 58M->47M(70M) 311.555ms
[2020-12-25T02:56:51.236-0400][gc,cpu         ] GC(386223) User=0.53s Sys=0.30s Real=0.32s
[2020-12-25T02:57:23.891-0400][gc,heap        ] GC(386224) Heap before GC invocations=386199 (full 11294): garbage-first heap   total 71680K, used 58685K [0x0000000083000000, 0x0000000100000000)
[2020-12-25T02:57:23.891-0400][gc,heap        ] GC(386224)   region size 1024K, 11 young (11264K), 0 survivors (0K)
[2020-12-25T02:57:23.891-0400][gc,heap        ] GC(386224)  Metaspace       used 61021K, capacity 63721K, committed 64768K, reserved 1107968K
[2020-12-25T02:57:23.891-0400][gc,heap        ] GC(386224)   class space    used 5712K, capacity 6559K, committed 6912K, reserved 1048576K
[2020-12-25T02:57:23.891-0400][gc,start       ] GC(386224) Pause Young (Normal) (G1 Evacuation Pause)
[2020-12-25T02:57:23.891-0400][gc,task        ] GC(386224) Using 4 workers of 4 for evacuation
[2020-12-25T02:57:23.896-0400][gc,phases      ] GC(386224)   Pre Evacuate Collection Set: 0.0ms
[2020-12-25T02:57:23.897-0400][gc,phases      ] GC(386224)   Evacuate Collection Set: 2.8ms
[2020-12-25T02:57:23.897-0400][gc,phases      ] GC(386224)   Post Evacuate Collection Set: 2.1ms
[2020-12-25T02:57:23.897-0400][gc,phases      ] GC(386224)   Other: 0.8ms
[2020-12-25T02:57:23.897-0400][gc,heap        ] GC(386224) Eden regions: 11->0(10)
[2020-12-25T02:57:23.897-0400][gc,heap        ] GC(386224) Survivor regions: 0->1(2)
[2020-12-25T02:57:23.897-0400][gc,heap        ] GC(386224) Old regions: 46->46
[2020-12-25T02:57:23.897-0400][gc,heap        ] GC(386224) Humongous regions: 4->4
[2020-12-25T02:57:23.897-0400][gc,metaspace   ] GC(386224) Metaspace: 61021K->61021K(1107968K)
[2020-12-25T02:57:23.897-0400][gc,heap        ] GC(386224) Heap after GC invocations=386200 (full 11294): garbage-first heap   total 71680K, used 48711K [0x0000000083000000, 0x0000000100000000)
[2020-12-25T02:57:23.897-0400][gc,heap        ] GC(386224)   region size 1024K, 1 young (1024K), 1 survivors (1024K)
[2020-12-25T02:57:23.897-0400][gc,heap        ] GC(386224)  Metaspace       used 61021K, capacity 63721K, committed 64768K, reserved 1107968K
[2020-12-25T02:57:23.897-0400][gc,heap        ] GC(386224)   class space    used 5712K, capacity 6559K, committed 6912K, reserved 1048576K
[2020-12-25T02:57:23.897-0400][gc             ] GC(386224) Pause Young (Normal) (G1 Evacuation Pause) 58M->47M(70M) 6.112ms
[2020-12-25T02:57:23.897-0400][gc,cpu         ] GC(386224) User=0.02s Sys=0.00s Real=0.01s
[2020-12-25T02:57:54.950-0400][gc,heap        ] GC(386225) Heap before GC invocations=386200 (full 11294): garbage-first heap   total 71680K, used 57927K [0x0000000083000000, 0x0000000100000000)
[2020-12-25T02:57:54.950-0400][gc,heap        ] GC(386225)   region size 1024K, 11 young (11264K), 1 survivors (1024K)
[2020-12-25T02:57:54.950-0400][gc,heap        ] GC(386225)  Metaspace       used 61021K, capacity 63721K, committed 64768K, reserved 1107968K
[2020-12-25T02:57:54.950-0400][gc,heap        ] GC(386225)   class space    used 5712K, capacity 6559K, committed 6912K, reserved 1048576K
[2020-12-25T02:57:54.950-0400][gc,start       ] GC(386225) Pause Young (Normal) (G1 Evacuation Pause)
[2020-12-25T02:57:54.950-0400][gc,task        ] GC(386225) Using 4 workers of 4 for evacuation
[2020-12-25T02:57:54.955-0400][gc,phases      ] GC(386225)   Pre Evacuate Collection Set: 0.0ms
[2020-12-25T02:57:54.955-0400][gc,phases      ] GC(386225)   Evacuate Collection Set: 3.1ms
[2020-12-25T02:57:54.955-0400][gc,phases      ] GC(386225)   Post Evacuate Collection Set: 1.4ms
[2020-12-25T02:57:54.955-0400][gc,phases      ] GC(386225)   Other: 0.9ms
[2020-12-25T02:57:54.956-0400][gc,heap        ] GC(386225) Eden regions: 10->0(10)
[2020-12-25T02:57:54.956-0400][gc,heap        ] GC(386225) Survivor regions: 1->1(2)
[2020-12-25T02:57:54.956-0400][gc,heap        ] GC(386225) Old regions: 46->46
[2020-12-25T02:57:54.956-0400][gc,heap        ] GC(386225) Humongous regions: 4->4
[2020-12-25T02:57:54.956-0400][gc,metaspace   ] GC(386225) Metaspace: 61021K->61021K(1107968K)
[2020-12-25T02:57:54.956-0400][gc,heap        ] GC(386225) Heap after GC invocations=386201 (full 11294): garbage-first heap   total 71680K, used 48766K [0x0000000083000000, 0x0000000100000000)
[2020-12-25T02:57:54.956-0400][gc,heap        ] GC(386225)   region size 1024K, 1 young (1024K), 1 survivors (1024K)
[2020-12-25T02:57:54.956-0400][gc,heap        ] GC(386225)  Metaspace       used 61021K, capacity 63721K, committed 64768K, reserved 1107968K
[2020-12-25T02:57:54.956-0400][gc,heap        ] GC(386225)   class space    used 5712K, capacity 6559K, committed 6912K, reserved 1048576K
[2020-12-25T02:57:54.956-0400][gc             ] GC(386225) Pause Young (Normal) (G1 Evacuation Pause) 57M->47M(70M) 5.844ms
[2020-12-25T02:57:54.956-0400][gc,cpu         ] GC(386225) User=0.01s Sys=0.00s Real=0.01s
[2020-12-25T02:58:23.889-0400][gc,heap        ] GC(386226) Heap before GC invocations=386201 (full 11294): garbage-first heap   total 71680K, used 59006K [0x0000000083000000, 0x0000000100000000)
[2020-12-25T02:58:23.889-0400][gc,heap        ] GC(386226)   region size 1024K, 11 young (11264K), 1 survivors (1024K)
[2020-12-25T02:58:23.889-0400][gc,heap        ] GC(386226)  Metaspace       used 61021K, capacity 63721K, committed 64768K, reserved 1107968K
[2020-12-25T02:58:23.889-0400][gc,heap        ] GC(386226)   class space    used 5712K, capacity 6559K, committed 6912K, reserved 1048576K
[2020-12-25T02:58:23.889-0400][gc,start       ] GC(386226) Pause Young (Normal) (G1 Evacuation Pause)
[2020-12-25T02:58:23.889-0400][gc,task        ] GC(386226) Using 4 workers of 4 for evacuation
[2020-12-25T02:58:23.895-0400][gc,phases      ] GC(386226)   Pre Evacuate Collection Set: 0.0ms
[2020-12-25T02:58:23.895-0400][gc,phases      ] GC(386226)   Evacuate Collection Set: 3.4ms
[2020-12-25T02:58:23.895-0400][gc,phases      ] GC(386226)   Post Evacuate Collection Set: 1.8ms
[2020-12-25T02:58:23.895-0400][gc,phases      ] GC(386226)   Other: 0.9ms
[2020-12-25T02:58:23.895-0400][gc,heap        ] GC(386226) Eden regions: 10->0(10)
[2020-12-25T02:58:23.895-0400][gc,heap        ] GC(386226) Survivor regions: 1->1(2)
[2020-12-25T02:58:23.895-0400][gc,heap        ] GC(386226) Old regions: 46->46
[2020-12-25T02:58:23.896-0400][gc,heap        ] GC(386226) Humongous regions: 4->4
[2020-12-25T02:58:23.896-0400][gc,metaspace   ] GC(386226) Metaspace: 61021K->61021K(1107968K)
[2020-12-25T02:58:23.896-0400][gc,heap        ] GC(386226) Heap after GC invocations=386202 (full 11294): garbage-first heap   total 71680K, used 48824K [0x0000000083000000, 0x0000000100000000)
[2020-12-25T02:58:23.896-0400][gc,heap        ] GC(386226)   region size 1024K, 1 young (1024K), 1 survivors (1024K)
[2020-12-25T02:58:23.896-0400][gc,heap        ] GC(386226)  Metaspace       used 61021K, capacity 63721K, committed 64768K, reserved 1107968K
[2020-12-25T02:58:23.896-0400][gc,heap        ] GC(386226)   class space    used 5712K, capacity 6559K, committed 6912K, reserved 1048576K
[2020-12-25T02:58:23.896-0400][gc             ] GC(386226) Pause Young (Normal) (G1 Evacuation Pause) 57M->47M(70M) 6.624ms
[2020-12-25T02:58:23.896-0400][gc,cpu         ] GC(386226) User=0.01s Sys=0.01s Real=0.01s
[2020-12-25T02:58:59.425-0400][gc,heap        ] GC(386227) Heap before GC invocations=386202 (full 11294): garbage-first heap   total 71680K, used 58040K [0x0000000083000000, 0x0000000100000000)
[2020-12-25T02:58:59.425-0400][gc,heap        ] GC(386227)   region size 1024K, 11 young (11264K), 1 survivors (1024K)
[2020-12-25T02:58:59.426-0400][gc,heap        ] GC(386227)  Metaspace       used 61021K, capacity 63721K, committed 64768K, reserved 1107968K
[2020-12-25T02:58:59.426-0400][gc,heap        ] GC(386227)   class space    used 5712K, capacity 6559K, committed 6912K, reserved 1048576K
[2020-12-25T02:58:59.426-0400][gc,start       ] GC(386227) Pause Young (Normal) (G1 Evacuation Pause)
[2020-12-25T02:58:59.426-0400][gc,task        ] GC(386227) Using 4 workers of 4 for evacuation
[2020-12-25T02:58:59.431-0400][gc,phases      ] GC(386227)   Pre Evacuate Collection Set: 0.0ms
[2020-12-25T02:58:59.431-0400][gc,phases      ] GC(386227)   Evacuate Collection Set: 2.9ms
[2020-12-25T02:58:59.431-0400][gc,phases      ] GC(386227)   Post Evacuate Collection Set: 1.5ms
[2020-12-25T02:58:59.431-0400][gc,phases      ] GC(386227)   Other: 0.9ms
[2020-12-25T02:58:59.431-0400][gc,heap        ] GC(386227) Eden regions: 10->0(10)
[2020-12-25T02:58:59.431-0400][gc,heap        ] GC(386227) Survivor regions: 1->1(2)
[2020-12-25T02:58:59.431-0400][gc,heap        ] GC(386227) Old regions: 46->46
[2020-12-25T02:58:59.431-0400][gc,heap        ] GC(386227) Humongous regions: 4->4
[2020-12-25T02:58:59.431-0400][gc,metaspace   ] GC(386227) Metaspace: 61021K->61021K(1107968K)
[2020-12-25T02:58:59.431-0400][gc,heap        ] GC(386227) Heap after GC invocations=386203 (full 11294): garbage-first heap   total 71680K, used 48747K [0x0000000083000000, 0x0000000100000000)
[2020-12-25T02:58:59.431-0400][gc,heap        ] GC(386227)   region size 1024K, 1 young (1024K), 1 survivors (1024K)
[2020-12-25T02:58:59.431-0400][gc,heap        ] GC(386227)  Metaspace       used 61021K, capacity 63721K, committed 64768K, reserved 1107968K
[2020-12-25T02:58:59.431-0400][gc,heap        ] GC(386227)   class space    used 5712K, capacity 6559K, committed 6912K, reserved 1048576K
[2020-12-25T02:58:59.431-0400][gc             ] GC(386227) Pause Young (Normal) (G1 Evacuation Pause) 57M->47M(70M) 5.720ms
[2020-12-25T02:58:59.432-0400][gc,cpu         ] GC(386227) User=0.01s Sys=0.01s Real=0.00s
[2020-12-25T02:59:29.593-0400][gc,heap        ] GC(386228) Heap before GC invocations=386203 (full 11294): garbage-first heap   total 71680K, used 57963K [0x0000000083000000, 0x0000000100000000)
[2020-12-25T02:59:29.593-0400][gc,heap        ] GC(386228)   region size 1024K, 11 young (11264K), 1 survivors (1024K)
[2020-12-25T02:59:29.593-0400][gc,heap        ] GC(386228)  Metaspace       used 61021K, capacity 63721K, committed 64768K, reserved 1107968K
[2020-12-25T02:59:29.593-0400][gc,heap        ] GC(386228)   class space    used 5712K, capacity 6559K, committed 6912K, reserved 1048576K
[2020-12-25T02:59:29.593-0400][gc,start       ] GC(386228) Pause Young (Normal) (G1 Evacuation Pause)
[2020-12-25T02:59:29.593-0400][gc,task        ] GC(386228) Using 4 workers of 4 for evacuation
[2020-12-25T02:59:29.598-0400][gc,phases      ] GC(386228)   Pre Evacuate Collection Set: 0.0ms
[2020-12-25T02:59:29.598-0400][gc,phases      ] GC(386228)   Evacuate Collection Set: 3.1ms
[2020-12-25T02:59:29.598-0400][gc,phases      ] GC(386228)   Post Evacuate Collection Set: 1.6ms
[2020-12-25T02:59:29.598-0400][gc,phases      ] GC(386228)   Other: 0.8ms
[2020-12-25T02:59:29.599-0400][gc,heap        ] GC(386228) Eden regions: 10->0(10)
[2020-12-25T02:59:29.599-0400][gc,heap        ] GC(386228) Survivor regions: 1->1(2)
[2020-12-25T02:59:29.599-0400][gc,heap        ] GC(386228) Old regions: 46->46
[2020-12-25T02:59:29.599-0400][gc,heap        ] GC(386228) Humongous regions: 4->4
[2020-12-25T02:59:29.599-0400][gc,metaspace   ] GC(386228) Metaspace: 61021K->61021K(1107968K)
[2020-12-25T02:59:29.599-0400][gc,heap        ] GC(386228) Heap after GC invocations=386204 (full 11294): garbage-first heap   total 71680K, used 48778K [0x0000000083000000, 0x0000000100000000)
[2020-12-25T02:59:29.599-0400][gc,heap        ] GC(386228)   region size 1024K, 1 young (1024K), 1 survivors (1024K)
[2020-12-25T02:59:29.599-0400][gc,heap        ] GC(386228)  Metaspace       used 61021K, capacity 63721K, committed 64768K, reserved 1107968K
[2020-12-25T02:59:29.599-0400][gc,heap        ] GC(386228)   class space    used 5712K, capacity 6559K, committed 6912K, reserved 1048576K
[2020-12-25T02:59:29.599-0400][gc             ] GC(386228) Pause Young (Normal) (G1 Evacuation Pause) 57M->47M(70M) 6.061ms
[2020-12-25T02:59:29.599-0400][gc,cpu         ] GC(386228) User=0.01s Sys=0.01s Real=0.01s
[2020-12-25T02:59:59.656-0400][gc,heap        ] GC(386229) Heap before GC invocations=386204 (full 11294): garbage-first heap   total 71680K, used 57994K [0x0000000083000000, 0x0000000100000000)
[2020-12-25T02:59:59.656-0400][gc,heap        ] GC(386229)   region size 1024K, 11 young (11264K), 1 survivors (1024K)
[2020-12-25T02:59:59.656-0400][gc,heap        ] GC(386229)  Metaspace       used 61021K, capacity 63721K, committed 64768K, reserved 1107968K
[2020-12-25T02:59:59.656-0400][gc,heap        ] GC(386229)   class space    used 5712K, capacity 6559K, committed 6912K, reserved 1048576K
[2020-12-25T02:59:59.657-0400][gc,start       ] GC(386229) Pause Young (Normal) (G1 Evacuation Pause)
[2020-12-25T02:59:59.657-0400][gc,task        ] GC(386229) Using 4 workers of 4 for evacuation
[2020-12-25T02:59:59.662-0400][gc,phases      ] GC(386229)   Pre Evacuate Collection Set: 0.0ms
[2020-12-25T02:59:59.663-0400][gc,phases      ] GC(386229)   Evacuate Collection Set: 3.4ms
[2020-12-25T02:59:59.663-0400][gc,phases      ] GC(386229)   Post Evacuate Collection Set: 1.8ms
[2020-12-25T02:59:59.663-0400][gc,phases      ] GC(386229)   Other: 0.9ms
[2020-12-25T02:59:59.663-0400][gc,heap        ] GC(386229) Eden regions: 10->0(10)
[2020-12-25T02:59:59.663-0400][gc,heap        ] GC(386229) Survivor regions: 1->1(2)
[2020-12-25T02:59:59.663-0400][gc,heap        ] GC(386229) Old regions: 46->46
[2020-12-25T02:59:59.663-0400][gc,heap        ] GC(386229) Humongous regions: 4->4
[2020-12-25T02:59:59.663-0400][gc,metaspace   ] GC(386229) Metaspace: 61021K->61021K(1107968K)
[2020-12-25T02:59:59.663-0400][gc,heap        ] GC(386229) Heap after GC invocations=386205 (full 11294): garbage-first heap   total 71680K, used 48809K [0x0000000083000000, 0x0000000100000000)
[2020-12-25T02:59:59.663-0400][gc,heap        ] GC(386229)   region size 1024K, 1 young (1024K), 1 survivors (1024K)
[2020-12-25T02:59:59.663-0400][gc,heap        ] GC(386229)  Metaspace       used 61021K, capacity 63721K, committed 64768K, reserved 1107968K
[2020-12-25T02:59:59.663-0400][gc,heap        ] GC(386229)   class space    used 5712K, capacity 6559K, committed 6912K, reserved 1048576K
[2020-12-25T02:59:59.663-0400][gc             ] GC(386229) Pause Young (Normal) (G1 Evacuation Pause) 57M->47M(70M) 6.748ms
[2020-12-25T02:59:59.663-0400][gc,cpu         ] GC(386229) User=0.02s Sys=0.00s Real=0.00s
[2020-12-25T03:00:16.796-0400][gc,heap        ] GC(386230) Heap before GC invocations=386205 (full 11294): garbage-first heap   total 71680K, used 58025K [0x0000000083000000, 0x0000000100000000)
[2020-12-25T03:00:16.796-0400][gc,heap        ] GC(386230)   region size 1024K, 11 young (11264K), 1 survivors (1024K)
[2020-12-25T03:00:16.796-0400][gc,heap        ] GC(386230)  Metaspace       used 61021K, capacity 63721K, committed 64768K, reserved 1107968K
[2020-12-25T03:00:16.796-0400][gc,heap        ] GC(386230)   class space    used 5712K, capacity 6559K, committed 6912K, reserved 1048576K
[2020-12-25T03:00:16.797-0400][gc,start       ] GC(386230) Pause Young (Normal) (G1 Evacuation Pause)
[2020-12-25T03:00:16.797-0400][gc,task        ] GC(386230) Using 4 workers of 4 for evacuation
[2020-12-25T03:00:16.802-0400][gc,phases      ] GC(386230)   Pre Evacuate Collection Set: 0.0ms
[2020-12-25T03:00:16.802-0400][gc,phases      ] GC(386230)   Evacuate Collection Set: 3.2ms
[2020-12-25T03:00:16.802-0400][gc,phases      ] GC(386230)   Post Evacuate Collection Set: 1.5ms
[2020-12-25T03:00:16.802-0400][gc,phases      ] GC(386230)   Other: 0.9ms
[2020-12-25T03:00:16.802-0400][gc,heap        ] GC(386230) Eden regions: 10->0(10)
[2020-12-25T03:00:16.802-0400][gc,heap        ] GC(386230) Survivor regions: 1->1(2)
[2020-12-25T03:00:16.802-0400][gc,heap        ] GC(386230) Old regions: 46->46
[2020-12-25T03:00:16.802-0400][gc,heap        ] GC(386230) Humongous regions: 4->4
[2020-12-25T03:00:16.802-0400][gc,metaspace   ] GC(386230) Metaspace: 61021K->61021K(1107968K)
[2020-12-25T03:00:16.802-0400][gc,heap        ] GC(386230) Heap after GC invocations=386206 (full 11294): garbage-first heap   total 71680K, used 48840K [0x0000000083000000, 0x0000000100000000)
[2020-12-25T03:00:16.802-0400][gc,heap        ] GC(386230)   region size 1024K, 1 young (1024K), 1 survivors (1024K)
[2020-12-25T03:00:16.803-0400][gc,heap        ] GC(386230)  Metaspace       used 61021K, capacity 63721K, committed 64768K, reserved 1107968K
[2020-12-25T03:00:16.803-0400][gc,heap        ] GC(386230)   class space    used 5712K, capacity 6559K, committed 6912K, reserved 1048576K
[2020-12-25T03:00:16.803-0400][gc             ] GC(386230) Pause Young (Normal) (G1 Evacuation Pause) 57M->47M(70M) 6.102ms
[2020-12-25T03:00:16.803-0400][gc,cpu         ] GC(386230) User=0.01s Sys=0.00s Real=0.00s
[2020-12-25T03:00:46.232-0400][gc,heap        ] GC(386231) Heap before GC invocations=386206 (full 11294): garbage-first heap   total 71680K, used 58056K [0x0000000083000000, 0x0000000100000000)
[2020-12-25T03:00:46.232-0400][gc,heap        ] GC(386231)   region size 1024K, 11 young (11264K), 1 survivors (1024K)
[2020-12-25T03:00:46.232-0400][gc,heap        ] GC(386231)  Metaspace       used 61021K, capacity 63721K, committed 64768K, reserved 1107968K
[2020-12-25T03:00:46.232-0400][gc,heap        ] GC(386231)   class space    used 5712K, capacity 6559K, committed 6912K, reserved 1048576K
[2020-12-25T03:00:46.233-0400][gc,start       ] GC(386231) Pause Young (Normal) (G1 Evacuation Pause)
[2020-12-25T03:00:46.233-0400][gc,task        ] GC(386231) Using 4 workers of 4 for evacuation
[2020-12-25T03:00:46.238-0400][gc,phases      ] GC(386231)   Pre Evacuate Collection Set: 0.0ms
[2020-12-25T03:00:46.238-0400][gc,phases      ] GC(386231)   Evacuate Collection Set: 3.4ms
[2020-12-25T03:00:46.238-0400][gc,phases      ] GC(386231)   Post Evacuate Collection Set: 1.5ms
[2020-12-25T03:00:46.238-0400][gc,phases      ] GC(386231)   Other: 0.9ms
[2020-12-25T03:00:46.238-0400][gc,heap        ] GC(386231) Eden regions: 10->0(10)
[2020-12-25T03:00:46.238-0400][gc,heap        ] GC(386231) Survivor regions: 1->1(2)
[2020-12-25T03:00:46.238-0400][gc,heap        ] GC(386231) Old regions: 46->46
[2020-12-25T03:00:46.239-0400][gc,heap        ] GC(386231) Humongous regions: 4->4
[2020-12-25T03:00:46.239-0400][gc,metaspace   ] GC(386231) Metaspace: 61021K->61021K(1107968K)
[2020-12-25T03:00:46.239-0400][gc,heap        ] GC(386231) Heap after GC invocations=386207 (full 11294): garbage-first heap   total 71680K, used 48857K [0x0000000083000000, 0x0000000100000000)
[2020-12-25T03:00:46.239-0400][gc,heap        ] GC(386231)   region size 1024K, 1 young (1024K), 1 survivors (1024K)
[2020-12-25T03:00:46.239-0400][gc,heap        ] GC(386231)  Metaspace       used 61021K, capacity 63721K, committed 64768K, reserved 1107968K
[2020-12-25T03:00:46.239-0400][gc,heap        ] GC(386231)   class space    used 5712K, capacity 6559K, committed 6912K, reserved 1048576K
[2020-12-25T03:00:46.239-0400][gc             ] GC(386231) Pause Young (Normal) (G1 Evacuation Pause) 57M->47M(70M) 6.298ms
[2020-12-25T03:00:46.239-0400][gc,cpu         ] GC(386231) User=0.01s Sys=0.01s Real=0.01s
[2020-12-25T03:01:12.616-0400][gc,heap        ] GC(386232) Heap before GC invocations=386207 (full 11294): garbage-first heap   total 71680K, used 58073K [0x0000000083000000, 0x0000000100000000)
[2020-12-25T03:01:12.616-0400][gc,heap        ] GC(386232)   region size 1024K, 11 young (11264K), 1 survivors (1024K)
[2020-12-25T03:01:12.616-0400][gc,heap        ] GC(386232)  Metaspace       used 61021K, capacity 63721K, committed 64768K, reserved 1107968K
[2020-12-25T03:01:12.617-0400][gc,heap        ] GC(386232)   class space    used 5712K, capacity 6559K, committed 6912K, reserved 1048576K
[2020-12-25T03:01:12.617-0400][gc,start       ] GC(386232) Pause Young (Normal) (G1 Evacuation Pause)
[2020-12-25T03:01:12.617-0400][gc,task        ] GC(386232) Using 4 workers of 4 for evacuation
[2020-12-25T03:01:12.623-0400][gc,phases      ] GC(386232)   Pre Evacuate Collection Set: 0.0ms
[2020-12-25T03:01:12.623-0400][gc,phases      ] GC(386232)   Evacuate Collection Set: 3.6ms
[2020-12-25T03:01:12.623-0400][gc,phases      ] GC(386232)   Post Evacuate Collection Set: 2.0ms
[2020-12-25T03:01:12.623-0400][gc,phases      ] GC(386232)   Other: 0.9ms
[2020-12-25T03:01:12.623-0400][gc,heap        ] GC(386232) Eden regions: 10->0(10)
[2020-12-25T03:01:12.623-0400][gc,heap        ] GC(386232) Survivor regions: 1->1(2)
[2020-12-25T03:01:12.623-0400][gc,heap        ] GC(386232) Old regions: 46->46
[2020-12-25T03:01:12.623-0400][gc,heap        ] GC(386232) Humongous regions: 4->4
[2020-12-25T03:01:12.623-0400][gc,metaspace   ] GC(386232) Metaspace: 61021K->61021K(1107968K)
[2020-12-25T03:01:12.623-0400][gc,heap        ] GC(386232) Heap after GC invocations=386208 (full 11294): garbage-first heap   total 71680K, used 48937K [0x0000000083000000, 0x0000000100000000)
[2020-12-25T03:01:12.623-0400][gc,heap        ] GC(386232)   region size 1024K, 1 young (1024K), 1 survivors (1024K)
[2020-12-25T03:01:12.623-0400][gc,heap        ] GC(386232)  Metaspace       used 61021K, capacity 63721K, committed 64768K, reserved 1107968K
[2020-12-25T03:01:12.623-0400][gc,heap        ] GC(386232)   class space    used 5712K, capacity 6559K, committed 6912K, reserved 1048576K
[2020-12-25T03:01:12.624-0400][gc             ] GC(386232) Pause Young (Normal) (G1 Evacuation Pause) 57M->47M(70M) 6.818ms
[2020-12-25T03:01:12.624-0400][gc,cpu         ] GC(386232) User=0.01s Sys=0.01s Real=0.00s
[2020-12-25T03:01:43.893-0400][gc,heap        ] GC(386233) Heap before GC invocations=386208 (full 11294): garbage-first heap   total 71680K, used 58153K [0x0000000083000000, 0x0000000100000000)
[2020-12-25T03:01:43.893-0400][gc,heap        ] GC(386233)   region size 1024K, 11 young (11264K), 1 survivors (1024K)
[2020-12-25T03:01:43.893-0400][gc,heap        ] GC(386233)  Metaspace       used 61021K, capacity 63721K, committed 64768K, reserved 1107968K
[2020-12-25T03:01:43.893-0400][gc,heap        ] GC(386233)   class space    used 5712K, capacity 6559K, committed 6912K, reserved 1048576K
[2020-12-25T03:01:43.893-0400][gc,start       ] GC(386233) Pause Young (Normal) (G1 Evacuation Pause)
[2020-12-25T03:01:43.893-0400][gc,task        ] GC(386233) Using 4 workers of 4 for evacuation
[2020-12-25T03:01:43.899-0400][gc,phases      ] GC(386233)   Pre Evacuate Collection Set: 0.0ms
[2020-12-25T03:01:43.899-0400][gc,phases      ] GC(386233)   Evacuate Collection Set: 3.9ms
[2020-12-25T03:01:43.899-0400][gc,phases      ] GC(386233)   Post Evacuate Collection Set: 1.4ms
[2020-12-25T03:01:43.899-0400][gc,phases      ] GC(386233)   Other: 1.0ms
[2020-12-25T03:01:43.899-0400][gc,heap        ] GC(386233) Eden regions: 10->0(10)
[2020-12-25T03:01:43.899-0400][gc,heap        ] GC(386233) Survivor regions: 1->1(2)
[2020-12-25T03:01:43.899-0400][gc,heap        ] GC(386233) Old regions: 46->46
[2020-12-25T03:01:43.899-0400][gc,heap        ] GC(386233) Humongous regions: 4->4
[2020-12-25T03:01:43.899-0400][gc,metaspace   ] GC(386233) Metaspace: 61021K->61021K(1107968K)
[2020-12-25T03:01:43.899-0400][gc,heap        ] GC(386233) Heap after GC invocations=386209 (full 11294): garbage-first heap   total 71680K, used 49015K [0x0000000083000000, 0x0000000100000000)
[2020-12-25T03:01:43.899-0400][gc,heap        ] GC(386233)   region size 1024K, 1 young (1024K), 1 survivors (1024K)
[2020-12-25T03:01:43.899-0400][gc,heap        ] GC(386233)  Metaspace       used 61021K, capacity 63721K, committed 64768K, reserved 1107968K
[2020-12-25T03:01:43.899-0400][gc,heap        ] GC(386233)   class space    used 5712K, capacity 6559K, committed 6912K, reserved 1048576K
[2020-12-25T03:01:43.900-0400][gc             ] GC(386233) Pause Young (Normal) (G1 Evacuation Pause) 57M->47M(70M) 6.611ms
[2020-12-25T03:01:43.900-0400][gc,cpu         ] GC(386233) User=0.02s Sys=0.00s Real=0.01s
[2020-12-25T03:01:50.924-0400][gc,task        ] GC(386234) Using 3 workers of 4 for full compaction
[2020-12-25T03:01:50.924-0400][gc,start       ] GC(386234) Pause Full (System.gc())
[2020-12-25T03:01:50.924-0400][gc,heap        ] GC(386234) Heap before GC invocations=386209 (full 11294): garbage-first heap   total 71680K, used 50039K [0x0000000083000000, 0x0000000100000000)
[2020-12-25T03:01:50.924-0400][gc,heap        ] GC(386234)   region size 1024K, 3 young (3072K), 1 survivors (1024K)
[2020-12-25T03:01:50.924-0400][gc,heap        ] GC(386234)  Metaspace       used 61021K, capacity 63721K, committed 64768K, reserved 1107968K
[2020-12-25T03:01:50.924-0400][gc,heap        ] GC(386234)   class space    used 5712K, capacity 6559K, committed 6912K, reserved 1048576K
[2020-12-25T03:01:50.927-0400][gc,phases,start] GC(386234) Phase 1: Mark live objects
[2020-12-25T03:01:51.073-0400][gc,stringtable ] GC(386234) Cleaned string and symbol table, strings: 32207 processed, 0 removed, symbols: 131451 processed, 0 removed
[2020-12-25T03:01:51.073-0400][gc,phases      ] GC(386234) Phase 1: Mark live objects 145.901ms
[2020-12-25T03:01:51.073-0400][gc,phases,start] GC(386234) Phase 2: Prepare for compaction
[2020-12-25T03:01:51.102-0400][gc,phases      ] GC(386234) Phase 2: Prepare for compaction 29.599ms
[2020-12-25T03:01:51.102-0400][gc,phases,start] GC(386234) Phase 3: Adjust pointers
[2020-12-25T03:01:51.182-0400][gc,phases      ] GC(386234) Phase 3: Adjust pointers 79.404ms
[2020-12-25T03:01:51.182-0400][gc,phases,start] GC(386234) Phase 4: Compact heap
[2020-12-25T03:01:51.202-0400][gc,phases      ] GC(386234) Phase 4: Compact heap 19.511ms
[2020-12-25T03:01:51.238-0400][gc,heap        ] GC(386234) Eden regions: 2->0(11)
[2020-12-25T03:01:51.238-0400][gc,heap        ] GC(386234) Survivor regions: 1->0(2)
[2020-12-25T03:01:51.238-0400][gc,heap        ] GC(386234) Old regions: 46->45
[2020-12-25T03:01:51.238-0400][gc,heap        ] GC(386234) Humongous regions: 4->4
[2020-12-25T03:01:51.238-0400][gc,metaspace   ] GC(386234) Metaspace: 61021K->61021K(1107968K)
[2020-12-25T03:01:51.238-0400][gc,heap        ] GC(386234) Heap after GC invocations=386210 (full 11295): garbage-first heap   total 71680K, used 48435K [0x0000000083000000, 0x0000000100000000)
[2020-12-25T03:01:51.238-0400][gc,heap        ] GC(386234)   region size 1024K, 0 young (0K), 0 survivors (0K)
[2020-12-25T03:01:51.238-0400][gc,heap        ] GC(386234)  Metaspace       used 61021K, capacity 63721K, committed 64768K, reserved 1107968K
[2020-12-25T03:01:51.238-0400][gc,heap        ] GC(386234)   class space    used 5712K, capacity 6559K, committed 6912K, reserved 1048576K
[2020-12-25T03:01:51.238-0400][gc             ] GC(386234) Pause Full (System.gc()) 49M->47M(70M) 314.060ms
[2020-12-25T03:01:51.238-0400][gc,cpu         ] GC(386234) User=0.81s Sys=0.03s Real=0.32s
[2020-12-25T03:02:19.591-0400][gc,heap        ] GC(386235) Heap before GC invocations=386210 (full 11295): garbage-first heap   total 71680K, used 58675K [0x0000000083000000, 0x0000000100000000)
[2020-12-25T03:02:19.591-0400][gc,heap        ] GC(386235)   region size 1024K, 11 young (11264K), 0 survivors (0K)
[2020-12-25T03:02:19.591-0400][gc,heap        ] GC(386235)  Metaspace       used 61021K, capacity 63721K, committed 64768K, reserved 1107968K
[2020-12-25T03:02:19.591-0400][gc,heap        ] GC(386235)   class space    used 5712K, capacity 6559K, committed 6912K, reserved 1048576K
[2020-12-25T03:02:19.592-0400][gc,start       ] GC(386235) Pause Young (Normal) (G1 Evacuation Pause)
[2020-12-25T03:02:19.592-0400][gc,task        ] GC(386235) Using 4 workers of 4 for evacuation
[2020-12-25T03:02:19.599-0400][gc,phases      ] GC(386235)   Pre Evacuate Collection Set: 0.0ms
[2020-12-25T03:02:19.599-0400][gc,phases      ] GC(386235)   Evacuate Collection Set: 4.7ms
[2020-12-25T03:02:19.600-0400][gc,phases      ] GC(386235)   Post Evacuate Collection Set: 2.4ms
[2020-12-25T03:02:19.600-0400][gc,phases      ] GC(386235)   Other: 1.1ms
[2020-12-25T03:02:19.600-0400][gc,heap        ] GC(386235) Eden regions: 11->0(11)
[2020-12-25T03:02:19.600-0400][gc,heap        ] GC(386235) Survivor regions: 0->1(2)
[2020-12-25T03:02:19.600-0400][gc,heap        ] GC(386235) Old regions: 45->45
[2020-12-25T03:02:19.600-0400][gc,heap        ] GC(386235) Humongous regions: 4->4
[2020-12-25T03:02:19.600-0400][gc,metaspace   ] GC(386235) Metaspace: 61021K->61021K(1107968K)
[2020-12-25T03:02:19.600-0400][gc,heap        ] GC(386235) Heap after GC invocations=386211 (full 11295): garbage-first heap   total 71680K, used 48741K [0x0000000083000000, 0x0000000100000000)
[2020-12-25T03:02:19.600-0400][gc,heap        ] GC(386235)   region size 1024K, 1 young (1024K), 1 survivors (1024K)
[2020-12-25T03:02:19.600-0400][gc,heap        ] GC(386235)  Metaspace       used 61021K, capacity 63721K, committed 64768K, reserved 1107968K
[2020-12-25T03:02:19.600-0400][gc,heap        ] GC(386235)   class space    used 5712K, capacity 6559K, committed 6912K, reserved 1048576K
[2020-12-25T03:02:19.600-0400][gc             ] GC(386235) Pause Young (Normal) (G1 Evacuation Pause) 58M->47M(70M) 8.808ms
[2020-12-25T03:02:19.601-0400][gc,cpu         ] GC(386235) User=0.01s Sys=0.01s Real=0.01s
[2020-12-25T03:02:59.424-0400][gc,heap        ] GC(386236) Heap before GC invocations=386211 (full 11295): garbage-first heap   total 71680K, used 58981K [0x0000000083000000, 0x0000000100000000)
[2020-12-25T03:02:59.425-0400][gc,heap        ] GC(386236)   region size 1024K, 12 young (12288K), 1 survivors (1024K)
[2020-12-25T03:02:59.425-0400][gc,heap        ] GC(386236)  Metaspace       used 61021K, capacity 63721K, committed 64768K, reserved 1107968K
[2020-12-25T03:02:59.425-0400][gc,heap        ] GC(386236)   class space    used 5712K, capacity 6559K, committed 6912K, reserved 1048576K
[2020-12-25T03:02:59.425-0400][gc,start       ] GC(386236) Pause Young (Normal) (G1 Evacuation Pause)
[2020-12-25T03:02:59.425-0400][gc,task        ] GC(386236) Using 4 workers of 4 for evacuation
[2020-12-25T03:02:59.431-0400][gc,phases      ] GC(386236)   Pre Evacuate Collection Set: 0.0ms
[2020-12-25T03:02:59.431-0400][gc,phases      ] GC(386236)   Evacuate Collection Set: 3.8ms
[2020-12-25T03:02:59.431-0400][gc,phases      ] GC(386236)   Post Evacuate Collection Set: 2.0ms
[2020-12-25T03:02:59.431-0400][gc,phases      ] GC(386236)   Other: 0.8ms
[2020-12-25T03:02:59.431-0400][gc,heap        ] GC(386236) Eden regions: 11->0(11)
[2020-12-25T03:02:59.431-0400][gc,heap        ] GC(386236) Survivor regions: 1->1(2)
[2020-12-25T03:02:59.431-0400][gc,heap        ] GC(386236) Old regions: 45->45
[2020-12-25T03:02:59.432-0400][gc,heap        ] GC(386236) Humongous regions: 4->4
[2020-12-25T03:02:59.432-0400][gc,metaspace   ] GC(386236) Metaspace: 61021K->61021K(1107968K)
[2020-12-25T03:02:59.432-0400][gc,heap        ] GC(386236) Heap after GC invocations=386212 (full 11295): garbage-first heap   total 71680K, used 48673K [0x0000000083000000, 0x0000000100000000)
[2020-12-25T03:02:59.432-0400][gc,heap        ] GC(386236)   region size 1024K, 1 young (1024K), 1 survivors (1024K)
[2020-12-25T03:02:59.432-0400][gc,heap        ] GC(386236)  Metaspace       used 61021K, capacity 63721K, committed 64768K, reserved 1107968K
[2020-12-25T03:02:59.432-0400][gc,heap        ] GC(386236)   class space    used 5712K, capacity 6559K, committed 6912K, reserved 1048576K
[2020-12-25T03:02:59.432-0400][gc             ] GC(386236) Pause Young (Normal) (G1 Evacuation Pause) 58M->47M(70M) 7.031ms
[2020-12-25T03:02:59.432-0400][gc,cpu         ] GC(386236) User=0.01s Sys=0.01s Real=0.01s
[2020-12-25T03:03:21.402-0400][gc,heap        ] GC(386237) Heap before GC invocations=386212 (full 11295): garbage-first heap   total 71680K, used 59937K [0x0000000083000000, 0x0000000100000000)
[2020-12-25T03:03:21.403-0400][gc,heap        ] GC(386237)   region size 1024K, 12 young (12288K), 1 survivors (1024K)
[2020-12-25T03:03:21.403-0400][gc,heap        ] GC(386237)  Metaspace       used 61021K, capacity 63721K, committed 64768K, reserved 1107968K
[2020-12-25T03:03:21.403-0400][gc,heap        ] GC(386237)   class space    used 5712K, capacity 6559K, committed 6912K, reserved 1048576K
[2020-12-25T03:03:21.403-0400][gc,start       ] GC(386237) Pause Young (Normal) (G1 Evacuation Pause)
[2020-12-25T03:03:21.403-0400][gc,task        ] GC(386237) Using 4 workers of 4 for evacuation
[2020-12-25T03:03:21.409-0400][gc,phases      ] GC(386237)   Pre Evacuate Collection Set: 0.0ms
[2020-12-25T03:03:21.409-0400][gc,phases      ] GC(386237)   Evacuate Collection Set: 3.8ms
[2020-12-25T03:03:21.409-0400][gc,phases      ] GC(386237)   Post Evacuate Collection Set: 1.9ms
[2020-12-25T03:03:21.409-0400][gc,phases      ] GC(386237)   Other: 0.9ms
[2020-12-25T03:03:21.409-0400][gc,heap        ] GC(386237) Eden regions: 11->0(11)
[2020-12-25T03:03:21.409-0400][gc,heap        ] GC(386237) Survivor regions: 1->1(2)
[2020-12-25T03:03:21.409-0400][gc,heap        ] GC(386237) Old regions: 45->45
[2020-12-25T03:03:21.409-0400][gc,heap        ] GC(386237) Humongous regions: 4->4
[2020-12-25T03:03:21.409-0400][gc,metaspace   ] GC(386237) Metaspace: 61021K->61021K(1107968K)
[2020-12-25T03:03:21.410-0400][gc,heap        ] GC(386237) Heap after GC invocations=386213 (full 11295): garbage-first heap   total 71680K, used 48912K [0x0000000083000000, 0x0000000100000000)
[2020-12-25T03:03:21.410-0400][gc,heap        ] GC(386237)   region size 1024K, 1 young (1024K), 1 survivors (1024K)
[2020-12-25T03:03:21.410-0400][gc,heap        ] GC(386237)  Metaspace       used 61021K, capacity 63721K, committed 64768K, reserved 1107968K
[2020-12-25T03:03:21.410-0400][gc,heap        ] GC(386237)   class space    used 5712K, capacity 6559K, committed 6912K, reserved 1048576K
[2020-12-25T03:03:21.410-0400][gc             ] GC(386237) Pause Young (Normal) (G1 Evacuation Pause) 58M->47M(70M) 6.974ms
[2020-12-25T03:03:21.410-0400][gc,cpu         ] GC(386237) User=0.01s Sys=0.00s Real=0.01s
[2020-12-25T03:03:55.283-0400][gc,heap        ] GC(386238) Heap before GC invocations=386213 (full 11295): garbage-first heap   total 71680K, used 59152K [0x0000000083000000, 0x0000000100000000)
[2020-12-25T03:03:55.283-0400][gc,heap        ] GC(386238)   region size 1024K, 12 young (12288K), 1 survivors (1024K)
[2020-12-25T03:03:55.283-0400][gc,heap        ] GC(386238)  Metaspace       used 61021K, capacity 63721K, committed 64768K, reserved 1107968K
[2020-12-25T03:03:55.283-0400][gc,heap        ] GC(386238)   class space    used 5712K, capacity 6559K, committed 6912K, reserved 1048576K
[2020-12-25T03:03:55.283-0400][gc,start       ] GC(386238) Pause Young (Normal) (G1 Evacuation Pause)
[2020-12-25T03:03:55.283-0400][gc,task        ] GC(386238) Using 4 workers of 4 for evacuation
[2020-12-25T03:03:55.289-0400][gc,phases      ] GC(386238)   Pre Evacuate Collection Set: 0.0ms
[2020-12-25T03:03:55.289-0400][gc,phases      ] GC(386238)   Evacuate Collection Set: 3.5ms
[2020-12-25T03:03:55.289-0400][gc,phases      ] GC(386238)   Post Evacuate Collection Set: 1.8ms
[2020-12-25T03:03:55.289-0400][gc,phases      ] GC(386238)   Other: 0.9ms
[2020-12-25T03:03:55.289-0400][gc,heap        ] GC(386238) Eden regions: 11->0(11)
[2020-12-25T03:03:55.289-0400][gc,heap        ] GC(386238) Survivor regions: 1->1(2)
[2020-12-25T03:03:55.289-0400][gc,heap        ] GC(386238) Old regions: 45->45
[2020-12-25T03:03:55.289-0400][gc,heap        ] GC(386238) Humongous regions: 4->4
[2020-12-25T03:03:55.289-0400][gc,metaspace   ] GC(386238) Metaspace: 61021K->61021K(1107968K)
[2020-12-25T03:03:55.289-0400][gc,heap        ] GC(386238) Heap after GC invocations=386214 (full 11295): garbage-first heap   total 71680K, used 48857K [0x0000000083000000, 0x0000000100000000)
[2020-12-25T03:03:55.289-0400][gc,heap        ] GC(386238)   region size 1024K, 1 young (1024K), 1 survivors (1024K)
[2020-12-25T03:03:55.289-0400][gc,heap        ] GC(386238)  Metaspace       used 61021K, capacity 63721K, committed 64768K, reserved 1107968K
[2020-12-25T03:03:55.289-0400][gc,heap        ] GC(386238)   class space    used 5712K, capacity 6559K, committed 6912K, reserved 1048576K
[2020-12-25T03:03:55.289-0400][gc             ] GC(386238) Pause Young (Normal) (G1 Evacuation Pause) 58M->47M(70M) 6.609ms
[2020-12-25T03:03:55.290-0400][gc,cpu         ] GC(386238) User=0.01s Sys=0.01s Real=0.01s
[2020-12-25T03:04:22.257-0400][gc,heap        ] GC(386239) Heap before GC invocations=386214 (full 11295): garbage-first heap   total 71680K, used 59097K [0x0000000083000000, 0x0000000100000000)
[2020-12-25T03:04:22.257-0400][gc,heap        ] GC(386239)   region size 1024K, 12 young (12288K), 1 survivors (1024K)
[2020-12-25T03:04:22.257-0400][gc,heap        ] GC(386239)  Metaspace       used 61021K, capacity 63721K, committed 64768K, reserved 1107968K
[2020-12-25T03:04:22.257-0400][gc,heap        ] GC(386239)   class space    used 5712K, capacity 6559K, committed 6912K, reserved 1048576K
[2020-12-25T03:04:22.257-0400][gc,start       ] GC(386239) Pause Young (Normal) (G1 Evacuation Pause)
[2020-12-25T03:04:22.258-0400][gc,task        ] GC(386239) Using 4 workers of 4 for evacuation
[2020-12-25T03:04:22.263-0400][gc,phases      ] GC(386239)   Pre Evacuate Collection Set: 0.0ms
[2020-12-25T03:04:22.263-0400][gc,phases      ] GC(386239)   Evacuate Collection Set: 3.5ms
[2020-12-25T03:04:22.263-0400][gc,phases      ] GC(386239)   Post Evacuate Collection Set: 1.7ms
[2020-12-25T03:04:22.263-0400][gc,phases      ] GC(386239)   Other: 0.9ms
[2020-12-25T03:04:22.264-0400][gc,heap        ] GC(386239) Eden regions: 11->0(11)
[2020-12-25T03:04:22.264-0400][gc,heap        ] GC(386239) Survivor regions: 1->1(2)
[2020-12-25T03:04:22.264-0400][gc,heap        ] GC(386239) Old regions: 45->45
[2020-12-25T03:04:22.264-0400][gc,heap        ] GC(386239) Humongous regions: 4->4
[2020-12-25T03:04:22.264-0400][gc,metaspace   ] GC(386239) Metaspace: 61021K->61021K(1107968K)
[2020-12-25T03:04:22.264-0400][gc,heap        ] GC(386239) Heap after GC invocations=386215 (full 11295): garbage-first heap   total 71680K, used 48913K [0x0000000083000000, 0x0000000100000000)
[2020-12-25T03:04:22.264-0400][gc,heap        ] GC(386239)   region size 1024K, 1 young (1024K), 1 survivors (1024K)
[2020-12-25T03:04:22.264-0400][gc,heap        ] GC(386239)  Metaspace       used 61021K, capacity 63721K, committed 64768K, reserved 1107968K
[2020-12-25T03:04:22.264-0400][gc,heap        ] GC(386239)   class space    used 5712K, capacity 6559K, committed 6912K, reserved 1048576K
[2020-12-25T03:04:22.264-0400][gc             ] GC(386239) Pause Young (Normal) (G1 Evacuation Pause) 58M->47M(70M) 6.529ms
[2020-12-25T03:04:22.264-0400][gc,cpu         ] GC(386239) User=0.01s Sys=0.01s Real=0.00s
[2020-12-25T03:04:59.234-0400][gc,heap        ] GC(386240) Heap before GC invocations=386215 (full 11295): garbage-first heap   total 71680K, used 59153K [0x0000000083000000, 0x0000000100000000)
[2020-12-25T03:04:59.234-0400][gc,heap        ] GC(386240)   region size 1024K, 12 young (12288K), 1 survivors (1024K)
[2020-12-25T03:04:59.234-0400][gc,heap        ] GC(386240)  Metaspace       used 61021K, capacity 63721K, committed 64768K, reserved 1107968K
[2020-12-25T03:04:59.234-0400][gc,heap        ] GC(386240)   class space    used 5712K, capacity 6559K, committed 6912K, reserved 1048576K
[2020-12-25T03:04:59.234-0400][gc,start       ] GC(386240) Pause Young (Normal) (G1 Evacuation Pause)
[2020-12-25T03:04:59.234-0400][gc,task        ] GC(386240) Using 4 workers of 4 for evacuation
[2020-12-25T03:04:59.241-0400][gc,phases      ] GC(386240)   Pre Evacuate Collection Set: 0.1ms
[2020-12-25T03:04:59.241-0400][gc,phases      ] GC(386240)   Evacuate Collection Set: 4.1ms
[2020-12-25T03:04:59.241-0400][gc,phases      ] GC(386240)   Post Evacuate Collection Set: 1.6ms
[2020-12-25T03:04:59.241-0400][gc,phases      ] GC(386240)   Other: 0.8ms
[2020-12-25T03:04:59.241-0400][gc,heap        ] GC(386240) Eden regions: 11->0(11)
[2020-12-25T03:04:59.241-0400][gc,heap        ] GC(386240) Survivor regions: 1->1(2)
[2020-12-25T03:04:59.241-0400][gc,heap        ] GC(386240) Old regions: 45->45
[2020-12-25T03:04:59.241-0400][gc,heap        ] GC(386240) Humongous regions: 4->4
[2020-12-25T03:04:59.241-0400][gc,metaspace   ] GC(386240) Metaspace: 61021K->61021K(1107968K)
[2020-12-25T03:04:59.241-0400][gc,heap        ] GC(386240) Heap after GC invocations=386216 (full 11295): garbage-first heap   total 71680K, used 49016K [0x0000000083000000, 0x0000000100000000)
[2020-12-25T03:04:59.241-0400][gc,heap        ] GC(386240)   region size 1024K, 1 young (1024K), 1 survivors (1024K)
[2020-12-25T03:04:59.241-0400][gc,heap        ] GC(386240)  Metaspace       used 61021K, capacity 63721K, committed 64768K, reserved 1107968K
[2020-12-25T03:04:59.241-0400][gc,heap        ] GC(386240)   class space    used 5712K, capacity 6559K, committed 6912K, reserved 1048576K
[2020-12-25T03:04:59.241-0400][gc             ] GC(386240) Pause Young (Normal) (G1 Evacuation Pause) 58M->47M(70M) 7.047ms
[2020-12-25T03:04:59.242-0400][gc,cpu         ] GC(386240) User=0.01s Sys=0.01s Real=0.01s
[2020-12-25T03:05:18.346-0400][gc,heap        ] GC(386241) Heap before GC invocations=386216 (full 11295): garbage-first heap   total 71680K, used 59256K [0x0000000083000000, 0x0000000100000000)
[2020-12-25T03:05:18.346-0400][gc,heap        ] GC(386241)   region size 1024K, 12 young (12288K), 1 survivors (1024K)
[2020-12-25T03:05:18.346-0400][gc,heap        ] GC(386241)  Metaspace       used 61021K, capacity 63721K, committed 64768K, reserved 1107968K
[2020-12-25T03:05:18.346-0400][gc,heap        ] GC(386241)   class space    used 5712K, capacity 6559K, committed 6912K, reserved 1048576K
[2020-12-25T03:05:18.346-0400][gc,start       ] GC(386241) Pause Young (Normal) (G1 Evacuation Pause)
[2020-12-25T03:05:18.346-0400][gc,task        ] GC(386241) Using 4 workers of 4 for evacuation
[2020-12-25T03:05:18.354-0400][gc,phases      ] GC(386241)   Pre Evacuate Collection Set: 0.0ms
[2020-12-25T03:05:18.354-0400][gc,phases      ] GC(386241)   Evacuate Collection Set: 5.0ms
[2020-12-25T03:05:18.354-0400][gc,phases      ] GC(386241)   Post Evacuate Collection Set: 1.9ms
[2020-12-25T03:05:18.354-0400][gc,phases      ] GC(386241)   Other: 1.1ms
[2020-12-25T03:05:18.354-0400][gc,heap        ] GC(386241) Eden regions: 11->0(11)
[2020-12-25T03:05:18.354-0400][gc,heap        ] GC(386241) Survivor regions: 1->1(2)
[2020-12-25T03:05:18.355-0400][gc,heap        ] GC(386241) Old regions: 45->45
[2020-12-25T03:05:18.355-0400][gc,heap        ] GC(386241) Humongous regions: 4->4
[2020-12-25T03:05:18.355-0400][gc,metaspace   ] GC(386241) Metaspace: 61021K->61021K(1107968K)
[2020-12-25T03:05:18.355-0400][gc,heap        ] GC(386241) Heap after GC invocations=386217 (full 11295): garbage-first heap   total 71680K, used 49064K [0x0000000083000000, 0x0000000100000000)
[2020-12-25T03:05:18.355-0400][gc,heap        ] GC(386241)   region size 1024K, 1 young (1024K), 1 survivors (1024K)
[2020-12-25T03:05:18.355-0400][gc,heap        ] GC(386241)  Metaspace       used 61021K, capacity 63721K, committed 64768K, reserved 1107968K
[2020-12-25T03:05:18.355-0400][gc,heap        ] GC(386241)   class space    used 5712K, capacity 6559K, committed 6912K, reserved 1048576K
[2020-12-25T03:05:18.355-0400][gc             ] GC(386241) Pause Young (Normal) (G1 Evacuation Pause) 58M->47M(70M) 8.873ms
[2020-12-25T03:05:18.356-0400][gc,cpu         ] GC(386241) User=0.03s Sys=0.00s Real=0.00s
[2020-12-25T03:05:44.003-0400][gc,heap        ] GC(386242) Heap before GC invocations=386217 (full 11295): garbage-first heap   total 71680K, used 59304K [0x0000000083000000, 0x0000000100000000)
[2020-12-25T03:05:44.003-0400][gc,heap        ] GC(386242)   region size 1024K, 12 young (12288K), 1 survivors (1024K)
[2020-12-25T03:05:44.003-0400][gc,heap        ] GC(386242)  Metaspace       used 61021K, capacity 63721K, committed 64768K, reserved 1107968K
[2020-12-25T03:05:44.003-0400][gc,heap        ] GC(386242)   class space    used 5712K, capacity 6559K, committed 6912K, reserved 1048576K
[2020-12-25T03:05:44.003-0400][gc,start       ] GC(386242) Pause Young (Normal) (G1 Evacuation Pause)
[2020-12-25T03:05:44.003-0400][gc,task        ] GC(386242) Using 4 workers of 4 for evacuation
[2020-12-25T03:05:44.009-0400][gc,phases      ] GC(386242)   Pre Evacuate Collection Set: 0.0ms
[2020-12-25T03:05:44.009-0400][gc,phases      ] GC(386242)   Evacuate Collection Set: 3.9ms
[2020-12-25T03:05:44.009-0400][gc,phases      ] GC(386242)   Post Evacuate Collection Set: 1.8ms
[2020-12-25T03:05:44.009-0400][gc,phases      ] GC(386242)   Other: 0.9ms
[2020-12-25T03:05:44.009-0400][gc,heap        ] GC(386242) Eden regions: 11->0(11)
[2020-12-25T03:05:44.010-0400][gc,heap        ] GC(386242) Survivor regions: 1->1(2)
[2020-12-25T03:05:44.010-0400][gc,heap        ] GC(386242) Old regions: 45->45
[2020-12-25T03:05:44.010-0400][gc,heap        ] GC(386242) Humongous regions: 4->4
[2020-12-25T03:05:44.010-0400][gc,metaspace   ] GC(386242) Metaspace: 61021K->61021K(1107968K)
[2020-12-25T03:05:44.010-0400][gc,heap        ] GC(386242) Heap after GC invocations=386218 (full 11295): garbage-first heap   total 71680K, used 48947K [0x0000000083000000, 0x0000000100000000)
[2020-12-25T03:05:44.010-0400][gc,heap        ] GC(386242)   region size 1024K, 1 young (1024K), 1 survivors (1024K)
[2020-12-25T03:05:44.010-0400][gc,heap        ] GC(386242)  Metaspace       used 61021K, capacity 63721K, committed 64768K, reserved 1107968K
[2020-12-25T03:05:44.010-0400][gc,heap        ] GC(386242)   class space    used 5712K, capacity 6559K, committed 6912K, reserved 1048576K
[2020-12-25T03:05:44.010-0400][gc             ] GC(386242) Pause Young (Normal) (G1 Evacuation Pause) 58M->47M(70M) 6.941ms
[2020-12-25T03:05:44.010-0400][gc,cpu         ] GC(386242) User=0.01s Sys=0.01s Real=0.01s
[2020-12-25T03:06:12.093-0400][gc,heap        ] GC(386243) Heap before GC invocations=386218 (full 11295): garbage-first heap   total 71680K, used 60211K [0x0000000083000000, 0x0000000100000000)
[2020-12-25T03:06:12.093-0400][gc,heap        ] GC(386243)   region size 1024K, 12 young (12288K), 1 survivors (1024K)
[2020-12-25T03:06:12.093-0400][gc,heap        ] GC(386243)  Metaspace       used 61021K, capacity 63721K, committed 64768K, reserved 1107968K
[2020-12-25T03:06:12.093-0400][gc,heap        ] GC(386243)   class space    used 5712K, capacity 6559K, committed 6912K, reserved 1048576K
[2020-12-25T03:06:12.093-0400][gc,start       ] GC(386243) Pause Young (Normal) (G1 Evacuation Pause)
[2020-12-25T03:06:12.093-0400][gc,task        ] GC(386243) Using 4 workers of 4 for evacuation
[2020-12-25T03:06:12.099-0400][gc,phases      ] GC(386243)   Pre Evacuate Collection Set: 0.0ms
[2020-12-25T03:06:12.099-0400][gc,phases      ] GC(386243)   Evacuate Collection Set: 3.7ms
[2020-12-25T03:06:12.099-0400][gc,phases      ] GC(386243)   Post Evacuate Collection Set: 2.0ms
[2020-12-25T03:06:12.100-0400][gc,phases      ] GC(386243)   Other: 0.8ms
[2020-12-25T03:06:12.100-0400][gc,heap        ] GC(386243) Eden regions: 11->0(11)
[2020-12-25T03:06:12.100-0400][gc,heap        ] GC(386243) Survivor regions: 1->1(2)
[2020-12-25T03:06:12.100-0400][gc,heap        ] GC(386243) Old regions: 45->45
[2020-12-25T03:06:12.100-0400][gc,heap        ] GC(386243) Humongous regions: 4->4
[2020-12-25T03:06:12.100-0400][gc,metaspace   ] GC(386243) Metaspace: 61021K->61021K(1107968K)
[2020-12-25T03:06:12.100-0400][gc,heap        ] GC(386243) Heap after GC invocations=386219 (full 11295): garbage-first heap   total 71680K, used 48975K [0x0000000083000000, 0x0000000100000000)
[2020-12-25T03:06:12.100-0400][gc,heap        ] GC(386243)   region size 1024K, 1 young (1024K), 1 survivors (1024K)
[2020-12-25T03:06:12.100-0400][gc,heap        ] GC(386243)  Metaspace       used 61021K, capacity 63721K, committed 64768K, reserved 1107968K
[2020-12-25T03:06:12.100-0400][gc,heap        ] GC(386243)   class space    used 5712K, capacity 6559K, committed 6912K, reserved 1048576K
[2020-12-25T03:06:12.100-0400][gc             ] GC(386243) Pause Young (Normal) (G1 Evacuation Pause) 58M->47M(70M) 6.995ms
[2020-12-25T03:06:12.100-0400][gc,cpu         ] GC(386243) User=0.01s Sys=0.01s Real=0.01s
[2020-12-25T03:06:48.669-0400][gc,heap        ] GC(386244) Heap before GC invocations=386219 (full 11295): garbage-first heap   total 71680K, used 59215K [0x0000000083000000, 0x0000000100000000)
[2020-12-25T03:06:48.669-0400][gc,heap        ] GC(386244)   region size 1024K, 12 young (12288K), 1 survivors (1024K)
[2020-12-25T03:06:48.669-0400][gc,heap        ] GC(386244)  Metaspace       used 61021K, capacity 63721K, committed 64768K, reserved 1107968K
[2020-12-25T03:06:48.669-0400][gc,heap        ] GC(386244)   class space    used 5712K, capacity 6559K, committed 6912K, reserved 1048576K
[2020-12-25T03:06:48.669-0400][gc,start       ] GC(386244) Pause Young (Normal) (G1 Evacuation Pause)
[2020-12-25T03:06:48.669-0400][gc,task        ] GC(386244) Using 4 workers of 4 for evacuation
[2020-12-25T03:06:48.676-0400][gc,phases      ] GC(386244)   Pre Evacuate Collection Set: 0.0ms
[2020-12-25T03:06:48.676-0400][gc,phases      ] GC(386244)   Evacuate Collection Set: 3.8ms
[2020-12-25T03:06:48.676-0400][gc,phases      ] GC(386244)   Post Evacuate Collection Set: 1.8ms
[2020-12-25T03:06:48.676-0400][gc,phases      ] GC(386244)   Other: 0.9ms
[2020-12-25T03:06:48.676-0400][gc,heap        ] GC(386244) Eden regions: 11->0(11)
[2020-12-25T03:06:48.676-0400][gc,heap        ] GC(386244) Survivor regions: 1->1(2)
[2020-12-25T03:06:48.676-0400][gc,heap        ] GC(386244) Old regions: 45->45
[2020-12-25T03:06:48.676-0400][gc,heap        ] GC(386244) Humongous regions: 4->4
[2020-12-25T03:06:48.676-0400][gc,metaspace   ] GC(386244) Metaspace: 61021K->61021K(1107968K)
[2020-12-25T03:06:48.676-0400][gc,heap        ] GC(386244) Heap after GC invocations=386220 (full 11295): garbage-first heap   total 71680K, used 48987K [0x0000000083000000, 0x0000000100000000)
[2020-12-25T03:06:48.676-0400][gc,heap        ] GC(386244)   region size 1024K, 1 young (1024K), 1 survivors (1024K)
[2020-12-25T03:06:48.676-0400][gc,heap        ] GC(386244)  Metaspace       used 61021K, capacity 63721K, committed 64768K, reserved 1107968K
[2020-12-25T03:06:48.676-0400][gc,heap        ] GC(386244)   class space    used 5712K, capacity 6559K, committed 6912K, reserved 1048576K
[2020-12-25T03:06:48.676-0400][gc             ] GC(386244) Pause Young (Normal) (G1 Evacuation Pause) 58M->47M(70M) 6.906ms
[2020-12-25T03:06:48.676-0400][gc,cpu         ] GC(386244) User=0.02s Sys=0.01s Real=0.01s
[2020-12-25T03:06:50.924-0400][gc,task        ] GC(386245) Using 3 workers of 4 for full compaction
[2020-12-25T03:06:50.924-0400][gc,start       ] GC(386245) Pause Full (System.gc())
[2020-12-25T03:06:50.924-0400][gc,heap        ] GC(386245) Heap before GC invocations=386220 (full 11295): garbage-first heap   total 71680K, used 50011K [0x0000000083000000, 0x0000000100000000)
[2020-12-25T03:06:50.924-0400][gc,heap        ] GC(386245)   region size 1024K, 3 young (3072K), 1 survivors (1024K)
[2020-12-25T03:06:50.924-0400][gc,heap        ] GC(386245)  Metaspace       used 61021K, capacity 63721K, committed 64768K, reserved 1107968K
[2020-12-25T03:06:50.924-0400][gc,heap        ] GC(386245)   class space    used 5712K, capacity 6559K, committed 6912K, reserved 1048576K
[2020-12-25T03:06:50.927-0400][gc,phases,start] GC(386245) Phase 1: Mark live objects
[2020-12-25T03:06:51.072-0400][gc,stringtable ] GC(386245) Cleaned string and symbol table, strings: 32207 processed, 0 removed, symbols: 131451 processed, 0 removed
[2020-12-25T03:06:51.072-0400][gc,phases      ] GC(386245) Phase 1: Mark live objects 145.253ms
[2020-12-25T03:06:51.072-0400][gc,phases,start] GC(386245) Phase 2: Prepare for compaction
[2020-12-25T03:06:51.102-0400][gc,phases      ] GC(386245) Phase 2: Prepare for compaction 29.884ms
[2020-12-25T03:06:51.102-0400][gc,phases,start] GC(386245) Phase 3: Adjust pointers
[2020-12-25T03:06:51.180-0400][gc,phases      ] GC(386245) Phase 3: Adjust pointers 77.713ms
[2020-12-25T03:06:51.180-0400][gc,phases,start] GC(386245) Phase 4: Compact heap
[2020-12-25T03:06:51.199-0400][gc,phases      ] GC(386245) Phase 4: Compact heap 19.138ms
[2020-12-25T03:06:51.235-0400][gc,heap        ] GC(386245) Eden regions: 2->0(12)
[2020-12-25T03:06:51.235-0400][gc,heap        ] GC(386245) Survivor regions: 1->0(2)
[2020-12-25T03:06:51.235-0400][gc,heap        ] GC(386245) Old regions: 45->45
[2020-12-25T03:06:51.235-0400][gc,heap        ] GC(386245) Humongous regions: 4->4
[2020-12-25T03:06:51.235-0400][gc,metaspace   ] GC(386245) Metaspace: 61021K->61021K(1107968K)
[2020-12-25T03:06:51.235-0400][gc,heap        ] GC(386245) Heap after GC invocations=386221 (full 11296): garbage-first heap   total 71680K, used 48464K [0x0000000083000000, 0x0000000100000000)
[2020-12-25T03:06:51.235-0400][gc,heap        ] GC(386245)   region size 1024K, 0 young (0K), 0 survivors (0K)
[2020-12-25T03:06:51.235-0400][gc,heap        ] GC(386245)  Metaspace       used 61021K, capacity 63721K, committed 64768K, reserved 1107968K
[2020-12-25T03:06:51.235-0400][gc,heap        ] GC(386245)   class space    used 5712K, capacity 6559K, committed 6912K, reserved 1048576K
[2020-12-25T03:06:51.235-0400][gc             ] GC(386245) Pause Full (System.gc()) 48M->47M(70M) 311.415ms
[2020-12-25T03:06:51.235-0400][gc,cpu         ] GC(386245) User=0.84s Sys=0.00s Real=0.31s
[2020-12-25T03:07:03.343-0400][gc,heap        ] GC(386246) Heap before GC invocations=386221 (full 11296): garbage-first heap   total 71680K, used 59728K [0x0000000083000000, 0x0000000100000000)
[2020-12-25T03:07:03.343-0400][gc,heap        ] GC(386246)   region size 1024K, 12 young (12288K), 0 survivors (0K)
[2020-12-25T03:07:03.343-0400][gc,heap        ] GC(386246)  Metaspace       used 61021K, capacity 63721K, committed 64768K, reserved 1107968K
[2020-12-25T03:07:03.343-0400][gc,heap        ] GC(386246)   class space    used 5712K, capacity 6559K, committed 6912K, reserved 1048576K
[2020-12-25T03:07:03.343-0400][gc,start       ] GC(386246) Pause Young (Normal) (G1 Evacuation Pause)
[2020-12-25T03:07:03.343-0400][gc,task        ] GC(386246) Using 4 workers of 4 for evacuation
[2020-12-25T03:07:03.351-0400][gc,phases      ] GC(386246)   Pre Evacuate Collection Set: 0.0ms
[2020-12-25T03:07:03.351-0400][gc,phases      ] GC(386246)   Evacuate Collection Set: 4.7ms
[2020-12-25T03:07:03.352-0400][gc,phases      ] GC(386246)   Post Evacuate Collection Set: 2.8ms
[2020-12-25T03:07:03.352-0400][gc,phases      ] GC(386246)   Other: 1.1ms
[2020-12-25T03:07:03.352-0400][gc,heap        ] GC(386246) Eden regions: 12->0(11)
[2020-12-25T03:07:03.352-0400][gc,heap        ] GC(386246) Survivor regions: 0->1(2)
[2020-12-25T03:07:03.352-0400][gc,heap        ] GC(386246) Old regions: 45->45
[2020-12-25T03:07:03.352-0400][gc,heap        ] GC(386246) Humongous regions: 4->4
[2020-12-25T03:07:03.352-0400][gc,metaspace   ] GC(386246) Metaspace: 61021K->61021K(1107968K)
[2020-12-25T03:07:03.352-0400][gc,heap        ] GC(386246) Heap after GC invocations=386222 (full 11296): garbage-first heap   total 71680K, used 48834K [0x0000000083000000, 0x0000000100000000)
[2020-12-25T03:07:03.352-0400][gc,heap        ] GC(386246)   region size 1024K, 1 young (1024K), 1 survivors (1024K)
[2020-12-25T03:07:03.352-0400][gc,heap        ] GC(386246)  Metaspace       used 61021K, capacity 63721K, committed 64768K, reserved 1107968K
[2020-12-25T03:07:03.352-0400][gc,heap        ] GC(386246)   class space    used 5712K, capacity 6559K, committed 6912K, reserved 1048576K
[2020-12-25T03:07:03.353-0400][gc             ] GC(386246) Pause Young (Normal) (G1 Evacuation Pause) 59M->47M(70M) 9.306ms
[2020-12-25T03:07:03.353-0400][gc,cpu         ] GC(386246) User=0.02s Sys=0.00s Real=0.01s
[2020-12-25T03:07:42.808-0400][gc,heap        ] GC(386247) Heap before GC invocations=386222 (full 11296): garbage-first heap   total 71680K, used 59074K [0x0000000083000000, 0x0000000100000000)
[2020-12-25T03:07:42.808-0400][gc,heap        ] GC(386247)   region size 1024K, 12 young (12288K), 1 survivors (1024K)
[2020-12-25T03:07:42.808-0400][gc,heap        ] GC(386247)  Metaspace       used 61021K, capacity 63721K, committed 64768K, reserved 1107968K
[2020-12-25T03:07:42.808-0400][gc,heap        ] GC(386247)   class space    used 5712K, capacity 6559K, committed 6912K, reserved 1048576K
[2020-12-25T03:07:42.808-0400][gc,start       ] GC(386247) Pause Young (Normal) (G1 Evacuation Pause)
[2020-12-25T03:07:42.808-0400][gc,task        ] GC(386247) Using 4 workers of 4 for evacuation
[2020-12-25T03:07:42.814-0400][gc,phases      ] GC(386247)   Pre Evacuate Collection Set: 0.0ms
[2020-12-25T03:07:42.814-0400][gc,phases      ] GC(386247)   Evacuate Collection Set: 4.2ms
[2020-12-25T03:07:42.814-0400][gc,phases      ] GC(386247)   Post Evacuate Collection Set: 1.6ms
[2020-12-25T03:07:42.814-0400][gc,phases      ] GC(386247)   Other: 0.9ms
[2020-12-25T03:07:42.814-0400][gc,heap        ] GC(386247) Eden regions: 11->0(11)
[2020-12-25T03:07:42.815-0400][gc,heap        ] GC(386247) Survivor regions: 1->1(2)
[2020-12-25T03:07:42.815-0400][gc,heap        ] GC(386247) Old regions: 45->45
[2020-12-25T03:07:42.815-0400][gc,heap        ] GC(386247) Humongous regions: 4->4
[2020-12-25T03:07:42.815-0400][gc,metaspace   ] GC(386247) Metaspace: 61021K->61021K(1107968K)
[2020-12-25T03:07:42.815-0400][gc,heap        ] GC(386247) Heap after GC invocations=386223 (full 11296): garbage-first heap   total 71680K, used 48867K [0x0000000083000000, 0x0000000100000000)
[2020-12-25T03:07:42.815-0400][gc,heap        ] GC(386247)   region size 1024K, 1 young (1024K), 1 survivors (1024K)
[2020-12-25T03:07:42.815-0400][gc,heap        ] GC(386247)  Metaspace       used 61021K, capacity 63721K, committed 64768K, reserved 1107968K
[2020-12-25T03:07:42.815-0400][gc,heap        ] GC(386247)   class space    used 5712K, capacity 6559K, committed 6912K, reserved 1048576K
[2020-12-25T03:07:42.815-0400][gc             ] GC(386247) Pause Young (Normal) (G1 Evacuation Pause) 58M->47M(70M) 7.016ms
[2020-12-25T03:07:42.815-0400][gc,cpu         ] GC(386247) User=0.01s Sys=0.01s Real=0.00s
[2020-12-25T03:08:08.858-0400][gc,heap        ] GC(386248) Heap before GC invocations=386223 (full 11296): garbage-first heap   total 71680K, used 60131K [0x0000000083000000, 0x0000000100000000)
[2020-12-25T03:08:08.858-0400][gc,heap        ] GC(386248)   region size 1024K, 12 young (12288K), 1 survivors (1024K)
[2020-12-25T03:08:08.858-0400][gc,heap        ] GC(386248)  Metaspace       used 61021K, capacity 63721K, committed 64768K, reserved 1107968K
[2020-12-25T03:08:08.858-0400][gc,heap        ] GC(386248)   class space    used 5712K, capacity 6559K, committed 6912K, reserved 1048576K
[2020-12-25T03:08:08.859-0400][gc,start       ] GC(386248) Pause Young (Normal) (G1 Evacuation Pause)
[2020-12-25T03:08:08.859-0400][gc,task        ] GC(386248) Using 4 workers of 4 for evacuation
[2020-12-25T03:08:08.865-0400][gc,phases      ] GC(386248)   Pre Evacuate Collection Set: 0.0ms
[2020-12-25T03:08:08.865-0400][gc,phases      ] GC(386248)   Evacuate Collection Set: 3.9ms
[2020-12-25T03:08:08.865-0400][gc,phases      ] GC(386248)   Post Evacuate Collection Set: 1.8ms
[2020-12-25T03:08:08.865-0400][gc,phases      ] GC(386248)   Other: 1.1ms
[2020-12-25T03:08:08.865-0400][gc,heap        ] GC(386248) Eden regions: 11->0(11)
[2020-12-25T03:08:08.865-0400][gc,heap        ] GC(386248) Survivor regions: 1->1(2)
[2020-12-25T03:08:08.865-0400][gc,heap        ] GC(386248) Old regions: 45->45
[2020-12-25T03:08:08.865-0400][gc,heap        ] GC(386248) Humongous regions: 4->4
[2020-12-25T03:08:08.865-0400][gc,metaspace   ] GC(386248) Metaspace: 61021K->61021K(1107968K)
[2020-12-25T03:08:08.865-0400][gc,heap        ] GC(386248) Heap after GC invocations=386224 (full 11296): garbage-first heap   total 71680K, used 48898K [0x0000000083000000, 0x0000000100000000)
[2020-12-25T03:08:08.865-0400][gc,heap        ] GC(386248)   region size 1024K, 1 young (1024K), 1 survivors (1024K)
[2020-12-25T03:08:08.866-0400][gc,heap        ] GC(386248)  Metaspace       used 61021K, capacity 63721K, committed 64768K, reserved 1107968K
[2020-12-25T03:08:08.866-0400][gc,heap        ] GC(386248)   class space    used 5712K, capacity 6559K, committed 6912K, reserved 1048576K
[2020-12-25T03:08:08.866-0400][gc             ] GC(386248) Pause Young (Normal) (G1 Evacuation Pause) 58M->47M(70M) 7.106ms
[2020-12-25T03:08:08.866-0400][gc,cpu         ] GC(386248) User=0.02s Sys=0.00s Real=0.01s
[2020-12-25T03:08:35.622-0400][gc,heap        ] GC(386249) Heap before GC invocations=386224 (full 11296): garbage-first heap   total 71680K, used 59138K [0x0000000083000000, 0x0000000100000000)
[2020-12-25T03:08:35.622-0400][gc,heap        ] GC(386249)   region size 1024K, 12 young (12288K), 1 survivors (1024K)
[2020-12-25T03:08:35.622-0400][gc,heap        ] GC(386249)  Metaspace       used 61021K, capacity 63721K, committed 64768K, reserved 1107968K
[2020-12-25T03:08:35.622-0400][gc,heap        ] GC(386249)   class space    used 5712K, capacity 6559K, committed 6912K, reserved 1048576K
[2020-12-25T03:08:35.623-0400][gc,start       ] GC(386249) Pause Young (Normal) (G1 Evacuation Pause)
[2020-12-25T03:08:35.623-0400][gc,task        ] GC(386249) Using 4 workers of 4 for evacuation
[2020-12-25T03:08:35.628-0400][gc,phases      ] GC(386249)   Pre Evacuate Collection Set: 0.0ms
[2020-12-25T03:08:35.628-0400][gc,phases      ] GC(386249)   Evacuate Collection Set: 3.5ms
[2020-12-25T03:08:35.628-0400][gc,phases      ] GC(386249)   Post Evacuate Collection Set: 1.5ms
[2020-12-25T03:08:35.628-0400][gc,phases      ] GC(386249)   Other: 0.9ms
[2020-12-25T03:08:35.629-0400][gc,heap        ] GC(386249) Eden regions: 11->0(11)
[2020-12-25T03:08:35.629-0400][gc,heap        ] GC(386249) Survivor regions: 1->1(2)
[2020-12-25T03:08:35.629-0400][gc,heap        ] GC(386249) Old regions: 45->45
[2020-12-25T03:08:35.629-0400][gc,heap        ] GC(386249) Humongous regions: 4->4
[2020-12-25T03:08:35.629-0400][gc,metaspace   ] GC(386249) Metaspace: 61021K->61021K(1107968K)
[2020-12-25T03:08:35.629-0400][gc,heap        ] GC(386249) Heap after GC invocations=386225 (full 11296): garbage-first heap   total 71680K, used 48844K [0x0000000083000000, 0x0000000100000000)
[2020-12-25T03:08:35.629-0400][gc,heap        ] GC(386249)   region size 1024K, 1 young (1024K), 1 survivors (1024K)
[2020-12-25T03:08:35.629-0400][gc,heap        ] GC(386249)  Metaspace       used 61021K, capacity 63721K, committed 64768K, reserved 1107968K
[2020-12-25T03:08:35.629-0400][gc,heap        ] GC(386249)   class space    used 5712K, capacity 6559K, committed 6912K, reserved 1048576K
[2020-12-25T03:08:35.629-0400][gc             ] GC(386249) Pause Young (Normal) (G1 Evacuation Pause) 58M->47M(70M) 6.302ms
[2020-12-25T03:08:35.629-0400][gc,cpu         ] GC(386249) User=0.01s Sys=0.00s Real=0.01s
[2020-12-25T03:09:09.677-0400][gc,heap        ] GC(386250) Heap before GC invocations=386225 (full 11296): garbage-first heap   total 71680K, used 59084K [0x0000000083000000, 0x0000000100000000)
[2020-12-25T03:09:09.677-0400][gc,heap        ] GC(386250)   region size 1024K, 12 young (12288K), 1 survivors (1024K)
[2020-12-25T03:09:09.677-0400][gc,heap        ] GC(386250)  Metaspace       used 61021K, capacity 63721K, committed 64768K, reserved 1107968K
[2020-12-25T03:09:09.677-0400][gc,heap        ] GC(386250)   class space    used 5712K, capacity 6559K, committed 6912K, reserved 1048576K
[2020-12-25T03:09:09.677-0400][gc,start       ] GC(386250) Pause Young (Normal) (G1 Evacuation Pause)
[2020-12-25T03:09:09.677-0400][gc,task        ] GC(386250) Using 4 workers of 4 for evacuation
[2020-12-25T03:09:09.683-0400][gc,phases      ] GC(386250)   Pre Evacuate Collection Set: 0.0ms
[2020-12-25T03:09:09.683-0400][gc,phases      ] GC(386250)   Evacuate Collection Set: 3.5ms
[2020-12-25T03:09:09.683-0400][gc,phases      ] GC(386250)   Post Evacuate Collection Set: 1.7ms
[2020-12-25T03:09:09.683-0400][gc,phases      ] GC(386250)   Other: 0.8ms
[2020-12-25T03:09:09.683-0400][gc,heap        ] GC(386250) Eden regions: 11->0(11)
[2020-12-25T03:09:09.683-0400][gc,heap        ] GC(386250) Survivor regions: 1->1(2)
[2020-12-25T03:09:09.683-0400][gc,heap        ] GC(386250) Old regions: 45->45
[2020-12-25T03:09:09.683-0400][gc,heap        ] GC(386250) Humongous regions: 4->4
[2020-12-25T03:09:09.683-0400][gc,metaspace   ] GC(386250) Metaspace: 61021K->61021K(1107968K)
[2020-12-25T03:09:09.683-0400][gc,heap        ] GC(386250) Heap after GC invocations=386226 (full 11296): garbage-first heap   total 71680K, used 48885K [0x0000000083000000, 0x0000000100000000)
[2020-12-25T03:09:09.683-0400][gc,heap        ] GC(386250)   region size 1024K, 1 young (1024K), 1 survivors (1024K)
[2020-12-25T03:09:09.683-0400][gc,heap        ] GC(386250)  Metaspace       used 61021K, capacity 63721K, committed 64768K, reserved 1107968K
[2020-12-25T03:09:09.684-0400][gc,heap        ] GC(386250)   class space    used 5712K, capacity 6559K, committed 6912K, reserved 1048576K
[2020-12-25T03:09:09.684-0400][gc             ] GC(386250) Pause Young (Normal) (G1 Evacuation Pause) 58M->47M(70M) 6.430ms
[2020-12-25T03:09:09.684-0400][gc,cpu         ] GC(386250) User=0.01s Sys=0.01s Real=0.00s
[2020-12-25T03:09:55.049-0400][gc,heap        ] GC(386251) Heap before GC invocations=386226 (full 11296): garbage-first heap   total 71680K, used 59125K [0x0000000083000000, 0x0000000100000000)
[2020-12-25T03:09:55.049-0400][gc,heap        ] GC(386251)   region size 1024K, 12 young (12288K), 1 survivors (1024K)
[2020-12-25T03:09:55.049-0400][gc,heap        ] GC(386251)  Metaspace       used 61021K, capacity 63721K, committed 64768K, reserved 1107968K
[2020-12-25T03:09:55.049-0400][gc,heap        ] GC(386251)   class space    used 5712K, capacity 6559K, committed 6912K, reserved 1048576K
[2020-12-25T03:09:55.049-0400][gc,start       ] GC(386251) Pause Young (Normal) (G1 Evacuation Pause)
[2020-12-25T03:09:55.049-0400][gc,task        ] GC(386251) Using 4 workers of 4 for evacuation
[2020-12-25T03:09:55.055-0400][gc,phases      ] GC(386251)   Pre Evacuate Collection Set: 0.0ms
[2020-12-25T03:09:55.055-0400][gc,phases      ] GC(386251)   Evacuate Collection Set: 3.4ms
[2020-12-25T03:09:55.055-0400][gc,phases      ] GC(386251)   Post Evacuate Collection Set: 1.9ms
[2020-12-25T03:09:55.055-0400][gc,phases      ] GC(386251)   Other: 0.9ms
[2020-12-25T03:09:55.055-0400][gc,heap        ] GC(386251) Eden regions: 11->0(11)
[2020-12-25T03:09:55.055-0400][gc,heap        ] GC(386251) Survivor regions: 1->1(2)
[2020-12-25T03:09:55.055-0400][gc,heap        ] GC(386251) Old regions: 45->45
[2020-12-25T03:09:55.055-0400][gc,heap        ] GC(386251) Humongous regions: 4->4
[2020-12-25T03:09:55.055-0400][gc,metaspace   ] GC(386251) Metaspace: 61021K->61021K(1107968K)
[2020-12-25T03:09:55.055-0400][gc,heap        ] GC(386251) Heap after GC invocations=386227 (full 11296): garbage-first heap   total 71680K, used 48904K [0x0000000083000000, 0x0000000100000000)
[2020-12-25T03:09:55.055-0400][gc,heap        ] GC(386251)   region size 1024K, 1 young (1024K), 1 survivors (1024K)
[2020-12-25T03:09:55.055-0400][gc,heap        ] GC(386251)  Metaspace       used 61021K, capacity 63721K, committed 64768K, reserved 1107968K
[2020-12-25T03:09:55.055-0400][gc,heap        ] GC(386251)   class space    used 5712K, capacity 6559K, committed 6912K, reserved 1048576K
[2020-12-25T03:09:55.055-0400][gc             ] GC(386251) Pause Young (Normal) (G1 Evacuation Pause) 58M->47M(70M) 6.552ms
[2020-12-25T03:09:55.056-0400][gc,cpu         ] GC(386251) User=0.01s Sys=0.01s Real=0.00s
[2020-12-25T03:10:22.963-0400][gc,heap        ] GC(386252) Heap before GC invocations=386227 (full 11296): garbage-first heap   total 71680K, used 59144K [0x0000000083000000, 0x0000000100000000)
[2020-12-25T03:10:22.963-0400][gc,heap        ] GC(386252)   region size 1024K, 12 young (12288K), 1 survivors (1024K)
[2020-12-25T03:10:22.963-0400][gc,heap        ] GC(386252)  Metaspace       used 61021K, capacity 63721K, committed 64768K, reserved 1107968K
[2020-12-25T03:10:22.963-0400][gc,heap        ] GC(386252)   class space    used 5712K, capacity 6559K, committed 6912K, reserved 1048576K
[2020-12-25T03:10:22.964-0400][gc,start       ] GC(386252) Pause Young (Normal) (G1 Evacuation Pause)
[2020-12-25T03:10:22.964-0400][gc,task        ] GC(386252) Using 4 workers of 4 for evacuation
[2020-12-25T03:10:22.970-0400][gc,phases      ] GC(386252)   Pre Evacuate Collection Set: 0.0ms
[2020-12-25T03:10:22.970-0400][gc,phases      ] GC(386252)   Evacuate Collection Set: 3.4ms
[2020-12-25T03:10:22.970-0400][gc,phases      ] GC(386252)   Post Evacuate Collection Set: 2.1ms
[2020-12-25T03:10:22.970-0400][gc,phases      ] GC(386252)   Other: 1.0ms
[2020-12-25T03:10:22.970-0400][gc,heap        ] GC(386252) Eden regions: 11->0(11)
[2020-12-25T03:10:22.970-0400][gc,heap        ] GC(386252) Survivor regions: 1->1(2)
[2020-12-25T03:10:22.970-0400][gc,heap        ] GC(386252) Old regions: 45->45
[2020-12-25T03:10:22.970-0400][gc,heap        ] GC(386252) Humongous regions: 4->4
[2020-12-25T03:10:22.970-0400][gc,metaspace   ] GC(386252) Metaspace: 61021K->61021K(1107968K)
[2020-12-25T03:10:22.970-0400][gc,heap        ] GC(386252) Heap after GC invocations=386228 (full 11296): garbage-first heap   total 71680K, used 48906K [0x0000000083000000, 0x0000000100000000)
[2020-12-25T03:10:22.970-0400][gc,heap        ] GC(386252)   region size 1024K, 1 young (1024K), 1 survivors (1024K)
[2020-12-25T03:10:22.970-0400][gc,heap        ] GC(386252)  Metaspace       used 61021K, capacity 63721K, committed 64768K, reserved 1107968K
[2020-12-25T03:10:22.970-0400][gc,heap        ] GC(386252)   class space    used 5712K, capacity 6559K, committed 6912K, reserved 1048576K
[2020-12-25T03:10:22.971-0400][gc             ] GC(386252) Pause Young (Normal) (G1 Evacuation Pause) 58M->47M(70M) 6.995ms
[2020-12-25T03:10:22.971-0400][gc,cpu         ] GC(386252) User=0.02s Sys=0.00s Real=0.01s
[2020-12-25T03:10:43.877-0400][gc,heap        ] GC(386253) Heap before GC invocations=386228 (full 11296): garbage-first heap   total 71680K, used 59146K [0x0000000083000000, 0x0000000100000000)
[2020-12-25T03:10:43.877-0400][gc,heap        ] GC(386253)   region size 1024K, 12 young (12288K), 1 survivors (1024K)
[2020-12-25T03:10:43.877-0400][gc,heap        ] GC(386253)  Metaspace       used 61021K, capacity 63721K, committed 64768K, reserved 1107968K
[2020-12-25T03:10:43.877-0400][gc,heap        ] GC(386253)   class space    used 5712K, capacity 6559K, committed 6912K, reserved 1048576K
[2020-12-25T03:10:43.877-0400][gc,start       ] GC(386253) Pause Young (Normal) (G1 Evacuation Pause)
[2020-12-25T03:10:43.877-0400][gc,task        ] GC(386253) Using 4 workers of 4 for evacuation
[2020-12-25T03:10:43.882-0400][gc,phases      ] GC(386253)   Pre Evacuate Collection Set: 0.0ms
[2020-12-25T03:10:43.882-0400][gc,phases      ] GC(386253)   Evacuate Collection Set: 3.4ms
[2020-12-25T03:10:43.882-0400][gc,phases      ] GC(386253)   Post Evacuate Collection Set: 1.3ms
[2020-12-25T03:10:43.882-0400][gc,phases      ] GC(386253)   Other: 0.8ms
[2020-12-25T03:10:43.882-0400][gc,heap        ] GC(386253) Eden regions: 11->0(11)
[2020-12-25T03:10:43.882-0400][gc,heap        ] GC(386253) Survivor regions: 1->1(2)
[2020-12-25T03:10:43.882-0400][gc,heap        ] GC(386253) Old regions: 45->45
[2020-12-25T03:10:43.882-0400][gc,heap        ] GC(386253) Humongous regions: 4->4
[2020-12-25T03:10:43.883-0400][gc,metaspace   ] GC(386253) Metaspace: 61021K->61021K(1107968K)
[2020-12-25T03:10:43.883-0400][gc,heap        ] GC(386253) Heap after GC invocations=386229 (full 11296): garbage-first heap   total 71680K, used 48855K [0x0000000083000000, 0x0000000100000000)
[2020-12-25T03:10:43.883-0400][gc,heap        ] GC(386253)   region size 1024K, 1 young (1024K), 1 survivors (1024K)
[2020-12-25T03:10:43.883-0400][gc,heap        ] GC(386253)  Metaspace       used 61021K, capacity 63721K, committed 64768K, reserved 1107968K
[2020-12-25T03:10:43.883-0400][gc,heap        ] GC(386253)   class space    used 5712K, capacity 6559K, committed 6912K, reserved 1048576K
[2020-12-25T03:10:43.883-0400][gc             ] GC(386253) Pause Young (Normal) (G1 Evacuation Pause) 58M->47M(70M) 5.945ms
[2020-12-25T03:10:43.883-0400][gc,cpu         ] GC(386253) User=0.02s Sys=0.00s Real=0.00s
[2020-12-25T03:11:13.893-0400][gc,heap        ] GC(386254) Heap before GC invocations=386229 (full 11296): garbage-first heap   total 71680K, used 59095K [0x0000000083000000, 0x0000000100000000)
[2020-12-25T03:11:13.893-0400][gc,heap        ] GC(386254)   region size 1024K, 12 young (12288K), 1 survivors (1024K)
[2020-12-25T03:11:13.893-0400][gc,heap        ] GC(386254)  Metaspace       used 61021K, capacity 63721K, committed 64768K, reserved 1107968K
[2020-12-25T03:11:13.893-0400][gc,heap        ] GC(386254)   class space    used 5712K, capacity 6559K, committed 6912K, reserved 1048576K
[2020-12-25T03:11:13.893-0400][gc,start       ] GC(386254) Pause Young (Normal) (G1 Evacuation Pause)
[2020-12-25T03:11:13.893-0400][gc,task        ] GC(386254) Using 4 workers of 4 for evacuation
[2020-12-25T03:11:13.899-0400][gc,phases      ] GC(386254)   Pre Evacuate Collection Set: 0.0ms
[2020-12-25T03:11:13.899-0400][gc,phases      ] GC(386254)   Evacuate Collection Set: 3.3ms
[2020-12-25T03:11:13.899-0400][gc,phases      ] GC(386254)   Post Evacuate Collection Set: 1.6ms
[2020-12-25T03:11:13.899-0400][gc,phases      ] GC(386254)   Other: 0.8ms
[2020-12-25T03:11:13.899-0400][gc,heap        ] GC(386254) Eden regions: 11->0(11)
[2020-12-25T03:11:13.899-0400][gc,heap        ] GC(386254) Survivor regions: 1->1(2)
[2020-12-25T03:11:13.899-0400][gc,heap        ] GC(386254) Old regions: 45->45
[2020-12-25T03:11:13.899-0400][gc,heap        ] GC(386254) Humongous regions: 4->4
[2020-12-25T03:11:13.899-0400][gc,metaspace   ] GC(386254) Metaspace: 61021K->61021K(1107968K)
[2020-12-25T03:11:13.899-0400][gc,heap        ] GC(386254) Heap after GC invocations=386230 (full 11296): garbage-first heap   total 71680K, used 48903K [0x0000000083000000, 0x0000000100000000)
[2020-12-25T03:11:13.899-0400][gc,heap        ] GC(386254)   region size 1024K, 1 young (1024K), 1 survivors (1024K)
[2020-12-25T03:11:13.899-0400][gc,heap        ] GC(386254)  Metaspace       used 61021K, capacity 63721K, committed 64768K, reserved 1107968K
[2020-12-25T03:11:13.900-0400][gc,heap        ] GC(386254)   class space    used 5712K, capacity 6559K, committed 6912K, reserved 1048576K
[2020-12-25T03:11:13.900-0400][gc             ] GC(386254) Pause Young (Normal) (G1 Evacuation Pause) 58M->47M(70M) 6.196ms
[2020-12-25T03:11:13.900-0400][gc,cpu         ] GC(386254) User=0.01s Sys=0.00s Real=0.01s
[2020-12-25T03:11:50.923-0400][gc,task        ] GC(386255) Using 3 workers of 4 for full compaction
[2020-12-25T03:11:50.924-0400][gc,start       ] GC(386255) Pause Full (System.gc())
[2020-12-25T03:11:50.924-0400][gc,heap        ] GC(386255) Heap before GC invocations=386230 (full 11296): garbage-first heap   total 71680K, used 59143K [0x0000000083000000, 0x0000000100000000)
[2020-12-25T03:11:50.924-0400][gc,heap        ] GC(386255)   region size 1024K, 12 young (12288K), 1 survivors (1024K)
[2020-12-25T03:11:50.924-0400][gc,heap        ] GC(386255)  Metaspace       used 61021K, capacity 63721K, committed 64768K, reserved 1107968K
[2020-12-25T03:11:50.924-0400][gc,heap        ] GC(386255)   class space    used 5712K, capacity 6559K, committed 6912K, reserved 1048576K
[2020-12-25T03:11:50.926-0400][gc,phases,start] GC(386255) Phase 1: Mark live objects
[2020-12-25T03:11:51.069-0400][gc,stringtable ] GC(386255) Cleaned string and symbol table, strings: 32207 processed, 0 removed, symbols: 131451 processed, 0 removed
[2020-12-25T03:11:51.069-0400][gc,phases      ] GC(386255) Phase 1: Mark live objects 143.141ms
[2020-12-25T03:11:51.069-0400][gc,phases,start] GC(386255) Phase 2: Prepare for compaction
[2020-12-25T03:11:51.100-0400][gc,phases      ] GC(386255) Phase 2: Prepare for compaction 30.539ms
[2020-12-25T03:11:51.100-0400][gc,phases,start] GC(386255) Phase 3: Adjust pointers
[2020-12-25T03:11:51.178-0400][gc,phases      ] GC(386255) Phase 3: Adjust pointers 77.592ms
[2020-12-25T03:11:51.178-0400][gc,phases,start] GC(386255) Phase 4: Compact heap
[2020-12-25T03:11:51.199-0400][gc,phases      ] GC(386255) Phase 4: Compact heap 21.274ms
[2020-12-25T03:11:51.235-0400][gc,heap        ] GC(386255) Eden regions: 11->0(11)
[2020-12-25T03:11:51.235-0400][gc,heap        ] GC(386255) Survivor regions: 1->0(2)
[2020-12-25T03:11:51.235-0400][gc,heap        ] GC(386255) Old regions: 45->46
[2020-12-25T03:11:51.235-0400][gc,heap        ] GC(386255) Humongous regions: 4->4
[2020-12-25T03:11:51.235-0400][gc,metaspace   ] GC(386255) Metaspace: 61021K->61021K(1107968K)
[2020-12-25T03:11:51.235-0400][gc,heap        ] GC(386255) Heap after GC invocations=386231 (full 11297): garbage-first heap   total 71680K, used 48447K [0x0000000083000000, 0x0000000100000000)
[2020-12-25T03:11:51.235-0400][gc,heap        ] GC(386255)   region size 1024K, 0 young (0K), 0 survivors (0K)
[2020-12-25T03:11:51.235-0400][gc,heap        ] GC(386255)  Metaspace       used 61021K, capacity 63721K, committed 64768K, reserved 1107968K
[2020-12-25T03:11:51.235-0400][gc,heap        ] GC(386255)   class space    used 5712K, capacity 6559K, committed 6912K, reserved 1048576K
[2020-12-25T03:11:51.235-0400][gc             ] GC(386255) Pause Full (System.gc()) 57M->47M(70M) 311.529ms
[2020-12-25T03:11:51.235-0400][gc,cpu         ] GC(386255) User=0.84s Sys=0.00s Real=0.31s
[2020-12-25T03:12:29.257-0400][gc,heap        ] GC(386256) Heap before GC invocations=386231 (full 11297): garbage-first heap   total 71680K, used 59711K [0x0000000083000000, 0x0000000100000000)
[2020-12-25T03:12:29.257-0400][gc,heap        ] GC(386256)   region size 1024K, 11 young (11264K), 0 survivors (0K)
[2020-12-25T03:12:29.257-0400][gc,heap        ] GC(386256)  Metaspace       used 61021K, capacity 63721K, committed 64768K, reserved 1107968K
[2020-12-25T03:12:29.257-0400][gc,heap        ] GC(386256)   class space    used 5712K, capacity 6559K, committed 6912K, reserved 1048576K
[2020-12-25T03:12:29.257-0400][gc,start       ] GC(386256) Pause Young (Normal) (G1 Evacuation Pause)
[2020-12-25T03:12:29.257-0400][gc,task        ] GC(386256) Using 4 workers of 4 for evacuation
[2020-12-25T03:12:29.262-0400][gc,phases      ] GC(386256)   Pre Evacuate Collection Set: 0.0ms
[2020-12-25T03:12:29.262-0400][gc,phases      ] GC(386256)   Evacuate Collection Set: 2.7ms
[2020-12-25T03:12:29.262-0400][gc,phases      ] GC(386256)   Post Evacuate Collection Set: 1.8ms
[2020-12-25T03:12:29.262-0400][gc,phases      ] GC(386256)   Other: 0.9ms
[2020-12-25T03:12:29.262-0400][gc,heap        ] GC(386256) Eden regions: 11->0(11)
[2020-12-25T03:12:29.262-0400][gc,heap        ] GC(386256) Survivor regions: 0->1(2)
[2020-12-25T03:12:29.262-0400][gc,heap        ] GC(386256) Old regions: 46->46
[2020-12-25T03:12:29.262-0400][gc,heap        ] GC(386256) Humongous regions: 4->4
[2020-12-25T03:12:29.262-0400][gc,metaspace   ] GC(386256) Metaspace: 61021K->61021K(1107968K)
[2020-12-25T03:12:29.262-0400][gc,heap        ] GC(386256) Heap after GC invocations=386232 (full 11297): garbage-first heap   total 71680K, used 48705K [0x0000000083000000, 0x0000000100000000)
[2020-12-25T03:12:29.262-0400][gc,heap        ] GC(386256)   region size 1024K, 1 young (1024K), 1 survivors (1024K)
[2020-12-25T03:12:29.263-0400][gc,heap        ] GC(386256)  Metaspace       used 61021K, capacity 63721K, committed 64768K, reserved 1107968K
[2020-12-25T03:12:29.263-0400][gc,heap        ] GC(386256)   class space    used 5712K, capacity 6559K, committed 6912K, reserved 1048576K
[2020-12-25T03:12:29.263-0400][gc             ] GC(386256) Pause Young (Normal) (G1 Evacuation Pause) 58M->47M(70M) 5.762ms
[2020-12-25T03:12:29.263-0400][gc,cpu         ] GC(386256) User=0.02s Sys=0.00s Real=0.00s
[2020-12-25T03:12:55.220-0400][gc,heap        ] GC(386257) Heap before GC invocations=386232 (full 11297): garbage-first heap   total 71680K, used 58945K [0x0000000083000000, 0x0000000100000000)
[2020-12-25T03:12:55.220-0400][gc,heap        ] GC(386257)   region size 1024K, 12 young (12288K), 1 survivors (1024K)
[2020-12-25T03:12:55.220-0400][gc,heap        ] GC(386257)  Metaspace       used 61021K, capacity 63721K, committed 64768K, reserved 1107968K
[2020-12-25T03:12:55.220-0400][gc,heap        ] GC(386257)   class space    used 5712K, capacity 6559K, committed 6912K, reserved 1048576K
[2020-12-25T03:12:55.220-0400][gc,start       ] GC(386257) Pause Young (Normal) (G1 Evacuation Pause)
[2020-12-25T03:12:55.221-0400][gc,task        ] GC(386257) Using 4 workers of 4 for evacuation
[2020-12-25T03:12:55.225-0400][gc,phases      ] GC(386257)   Pre Evacuate Collection Set: 0.0ms
[2020-12-25T03:12:55.225-0400][gc,phases      ] GC(386257)   Evacuate Collection Set: 2.9ms
[2020-12-25T03:12:55.225-0400][gc,phases      ] GC(386257)   Post Evacuate Collection Set: 1.4ms
[2020-12-25T03:12:55.226-0400][gc,phases      ] GC(386257)   Other: 1.0ms
[2020-12-25T03:12:55.226-0400][gc,heap        ] GC(386257) Eden regions: 11->0(11)
[2020-12-25T03:12:55.226-0400][gc,heap        ] GC(386257) Survivor regions: 1->1(2)
[2020-12-25T03:12:55.226-0400][gc,heap        ] GC(386257) Old regions: 46->46
[2020-12-25T03:12:55.226-0400][gc,heap        ] GC(386257) Humongous regions: 4->4
[2020-12-25T03:12:55.226-0400][gc,metaspace   ] GC(386257) Metaspace: 61021K->61021K(1107968K)
[2020-12-25T03:12:55.226-0400][gc,heap        ] GC(386257) Heap after GC invocations=386233 (full 11297): garbage-first heap   total 71680K, used 48691K [0x0000000083000000, 0x0000000100000000)
[2020-12-25T03:12:55.226-0400][gc,heap        ] GC(386257)   region size 1024K, 1 young (1024K), 1 survivors (1024K)
[2020-12-25T03:12:55.226-0400][gc,heap        ] GC(386257)  Metaspace       used 61021K, capacity 63721K, committed 64768K, reserved 1107968K
[2020-12-25T03:12:55.226-0400][gc,heap        ] GC(386257)   class space    used 5712K, capacity 6559K, committed 6912K, reserved 1048576K
[2020-12-25T03:12:55.226-0400][gc             ] GC(386257) Pause Young (Normal) (G1 Evacuation Pause) 58M->47M(70M) 5.627ms
[2020-12-25T03:12:55.226-0400][gc,cpu         ] GC(386257) User=0.01s Sys=0.00s Real=0.01s
[2020-12-25T03:13:14.680-0400][gc,heap        ] GC(386258) Heap before GC invocations=386233 (full 11297): garbage-first heap   total 71680K, used 58931K [0x0000000083000000, 0x0000000100000000)
[2020-12-25T03:13:14.680-0400][gc,heap        ] GC(386258)   region size 1024K, 12 young (12288K), 1 survivors (1024K)
[2020-12-25T03:13:14.680-0400][gc,heap        ] GC(386258)  Metaspace       used 61021K, capacity 63721K, committed 64768K, reserved 1107968K
[2020-12-25T03:13:14.681-0400][gc,heap        ] GC(386258)   class space    used 5712K, capacity 6559K, committed 6912K, reserved 1048576K
[2020-12-25T03:13:14.681-0400][gc,start       ] GC(386258) Pause Young (Normal) (G1 Evacuation Pause)
[2020-12-25T03:13:14.681-0400][gc,task        ] GC(386258) Using 4 workers of 4 for evacuation
[2020-12-25T03:13:14.686-0400][gc,phases      ] GC(386258)   Pre Evacuate Collection Set: 0.0ms
[2020-12-25T03:13:14.686-0400][gc,phases      ] GC(386258)   Evacuate Collection Set: 3.1ms
[2020-12-25T03:13:14.686-0400][gc,phases      ] GC(386258)   Post Evacuate Collection Set: 1.9ms
[2020-12-25T03:13:14.687-0400][gc,phases      ] GC(386258)   Other: 0.9ms
[2020-12-25T03:13:14.687-0400][gc,heap        ] GC(386258) Eden regions: 11->0(11)
[2020-12-25T03:13:14.687-0400][gc,heap        ] GC(386258) Survivor regions: 1->1(2)
[2020-12-25T03:13:14.687-0400][gc,heap        ] GC(386258) Old regions: 46->46
[2020-12-25T03:13:14.687-0400][gc,heap        ] GC(386258) Humongous regions: 4->4
[2020-12-25T03:13:14.687-0400][gc,metaspace   ] GC(386258) Metaspace: 61021K->61021K(1107968K)
[2020-12-25T03:13:14.687-0400][gc,heap        ] GC(386258) Heap after GC invocations=386234 (full 11297): garbage-first heap   total 71680K, used 48804K [0x0000000083000000, 0x0000000100000000)
[2020-12-25T03:13:14.687-0400][gc,heap        ] GC(386258)   region size 1024K, 1 young (1024K), 1 survivors (1024K)
[2020-12-25T03:13:14.687-0400][gc,heap        ] GC(386258)  Metaspace       used 61021K, capacity 63721K, committed 64768K, reserved 1107968K
[2020-12-25T03:13:14.687-0400][gc,heap        ] GC(386258)   class space    used 5712K, capacity 6559K, committed 6912K, reserved 1048576K
[2020-12-25T03:13:14.687-0400][gc             ] GC(386258) Pause Young (Normal) (G1 Evacuation Pause) 58M->47M(70M) 6.421ms
[2020-12-25T03:13:14.687-0400][gc,cpu         ] GC(386258) User=0.01s Sys=0.00s Real=0.01s
[2020-12-25T03:13:53.889-0400][gc,heap        ] GC(386259) Heap before GC invocations=386234 (full 11297): garbage-first heap   total 71680K, used 59044K [0x0000000083000000, 0x0000000100000000)
[2020-12-25T03:13:53.889-0400][gc,heap        ] GC(386259)   region size 1024K, 12 young (12288K), 1 survivors (1024K)
[2020-12-25T03:13:53.889-0400][gc,heap        ] GC(386259)  Metaspace       used 61021K, capacity 63721K, committed 64768K, reserved 1107968K
[2020-12-25T03:13:53.889-0400][gc,heap        ] GC(386259)   class space    used 5712K, capacity 6559K, committed 6912K, reserved 1048576K
[2020-12-25T03:13:53.890-0400][gc,start       ] GC(386259) Pause Young (Normal) (G1 Evacuation Pause)
[2020-12-25T03:13:53.890-0400][gc,task        ] GC(386259) Using 4 workers of 4 for evacuation
[2020-12-25T03:13:53.895-0400][gc,phases      ] GC(386259)   Pre Evacuate Collection Set: 0.0ms
[2020-12-25T03:13:53.895-0400][gc,phases      ] GC(386259)   Evacuate Collection Set: 3.2ms
[2020-12-25T03:13:53.895-0400][gc,phases      ] GC(386259)   Post Evacuate Collection Set: 1.7ms
[2020-12-25T03:13:53.895-0400][gc,phases      ] GC(386259)   Other: 0.9ms
[2020-12-25T03:13:53.895-0400][gc,heap        ] GC(386259) Eden regions: 11->0(11)
[2020-12-25T03:13:53.895-0400][gc,heap        ] GC(386259) Survivor regions: 1->1(2)
[2020-12-25T03:13:53.895-0400][gc,heap        ] GC(386259) Old regions: 46->46
[2020-12-25T03:13:53.895-0400][gc,heap        ] GC(386259) Humongous regions: 4->4
[2020-12-25T03:13:53.895-0400][gc,metaspace   ] GC(386259) Metaspace: 61021K->61021K(1107968K)
[2020-12-25T03:13:53.895-0400][gc,heap        ] GC(386259) Heap after GC invocations=386235 (full 11297): garbage-first heap   total 71680K, used 48817K [0x0000000083000000, 0x0000000100000000)
[2020-12-25T03:13:53.896-0400][gc,heap        ] GC(386259)   region size 1024K, 1 young (1024K), 1 survivors (1024K)
[2020-12-25T03:13:53.896-0400][gc,heap        ] GC(386259)  Metaspace       used 61021K, capacity 63721K, committed 64768K, reserved 1107968K
[2020-12-25T03:13:53.896-0400][gc,heap        ] GC(386259)   class space    used 5712K, capacity 6559K, committed 6912K, reserved 1048576K
[2020-12-25T03:13:53.896-0400][gc             ] GC(386259) Pause Young (Normal) (G1 Evacuation Pause) 58M->47M(70M) 6.148ms
[2020-12-25T03:13:53.896-0400][gc,cpu         ] GC(386259) User=0.02s Sys=0.00s Real=0.01s
[2020-12-25T03:14:21.413-0400][gc,heap        ] GC(386260) Heap before GC invocations=386235 (full 11297): garbage-first heap   total 71680K, used 59057K [0x0000000083000000, 0x0000000100000000)
[2020-12-25T03:14:21.413-0400][gc,heap        ] GC(386260)   region size 1024K, 12 young (12288K), 1 survivors (1024K)
[2020-12-25T03:14:21.413-0400][gc,heap        ] GC(386260)  Metaspace       used 61021K, capacity 63721K, committed 64768K, reserved 1107968K
[2020-12-25T03:14:21.413-0400][gc,heap        ] GC(386260)   class space    used 5712K, capacity 6559K, committed 6912K, reserved 1048576K
[2020-12-25T03:14:21.413-0400][gc,start       ] GC(386260) Pause Young (Normal) (G1 Evacuation Pause)
[2020-12-25T03:14:21.413-0400][gc,task        ] GC(386260) Using 4 workers of 4 for evacuation
[2020-12-25T03:14:21.419-0400][gc,phases      ] GC(386260)   Pre Evacuate Collection Set: 0.0ms
[2020-12-25T03:14:21.419-0400][gc,phases      ] GC(386260)   Evacuate Collection Set: 3.5ms
[2020-12-25T03:14:21.419-0400][gc,phases      ] GC(386260)   Post Evacuate Collection Set: 1.8ms
[2020-12-25T03:14:21.419-0400][gc,phases      ] GC(386260)   Other: 0.9ms
[2020-12-25T03:14:21.419-0400][gc,heap        ] GC(386260) Eden regions: 11->0(11)
[2020-12-25T03:14:21.419-0400][gc,heap        ] GC(386260) Survivor regions: 1->1(2)
[2020-12-25T03:14:21.419-0400][gc,heap        ] GC(386260) Old regions: 46->46
[2020-12-25T03:14:21.419-0400][gc,heap        ] GC(386260) Humongous regions: 4->4
[2020-12-25T03:14:21.419-0400][gc,metaspace   ] GC(386260) Metaspace: 61021K->61021K(1107968K)
[2020-12-25T03:14:21.419-0400][gc,heap        ] GC(386260) Heap after GC invocations=386236 (full 11297): garbage-first heap   total 71680K, used 48942K [0x0000000083000000, 0x0000000100000000)
[2020-12-25T03:14:21.419-0400][gc,heap        ] GC(386260)   region size 1024K, 1 young (1024K), 1 survivors (1024K)
[2020-12-25T03:14:21.419-0400][gc,heap        ] GC(386260)  Metaspace       used 61021K, capacity 63721K, committed 64768K, reserved 1107968K
[2020-12-25T03:14:21.419-0400][gc,heap        ] GC(386260)   class space    used 5712K, capacity 6559K, committed 6912K, reserved 1048576K
[2020-12-25T03:14:21.419-0400][gc             ] GC(386260) Pause Young (Normal) (G1 Evacuation Pause) 58M->47M(70M) 6.530ms
[2020-12-25T03:14:21.420-0400][gc,cpu         ] GC(386260) User=0.02s Sys=0.00s Real=0.01s
[2020-12-25T03:14:59.424-0400][gc,heap        ] GC(386261) Heap before GC invocations=386236 (full 11297): garbage-first heap   total 71680K, used 59182K [0x0000000083000000, 0x0000000100000000)
[2020-12-25T03:14:59.425-0400][gc,heap        ] GC(386261)   region size 1024K, 12 young (12288K), 1 survivors (1024K)
[2020-12-25T03:14:59.425-0400][gc,heap        ] GC(386261)  Metaspace       used 61021K, capacity 63721K, committed 64768K, reserved 1107968K
[2020-12-25T03:14:59.425-0400][gc,heap        ] GC(386261)   class space    used 5712K, capacity 6559K, committed 6912K, reserved 1048576K
[2020-12-25T03:14:59.425-0400][gc,start       ] GC(386261) Pause Young (Normal) (G1 Evacuation Pause)
[2020-12-25T03:14:59.425-0400][gc,task        ] GC(386261) Using 4 workers of 4 for evacuation
[2020-12-25T03:14:59.430-0400][gc,phases      ] GC(386261)   Pre Evacuate Collection Set: 0.0ms
[2020-12-25T03:14:59.430-0400][gc,phases      ] GC(386261)   Evacuate Collection Set: 3.5ms
[2020-12-25T03:14:59.431-0400][gc,phases      ] GC(386261)   Post Evacuate Collection Set: 1.5ms
[2020-12-25T03:14:59.431-0400][gc,phases      ] GC(386261)   Other: 0.9ms
[2020-12-25T03:14:59.431-0400][gc,heap        ] GC(386261) Eden regions: 11->0(11)
[2020-12-25T03:14:59.431-0400][gc,heap        ] GC(386261) Survivor regions: 1->1(2)
[2020-12-25T03:14:59.431-0400][gc,heap        ] GC(386261) Old regions: 46->46
[2020-12-25T03:14:59.431-0400][gc,heap        ] GC(386261) Humongous regions: 4->4
[2020-12-25T03:14:59.431-0400][gc,metaspace   ] GC(386261) Metaspace: 61021K->61021K(1107968K)
[2020-12-25T03:14:59.431-0400][gc,heap        ] GC(386261) Heap after GC invocations=386237 (full 11297): garbage-first heap   total 71680K, used 48968K [0x0000000083000000, 0x0000000100000000)
[2020-12-25T03:14:59.431-0400][gc,heap        ] GC(386261)   region size 1024K, 1 young (1024K), 1 survivors (1024K)
[2020-12-25T03:14:59.431-0400][gc,heap        ] GC(386261)  Metaspace       used 61021K, capacity 63721K, committed 64768K, reserved 1107968K
[2020-12-25T03:14:59.431-0400][gc,heap        ] GC(386261)   class space    used 5712K, capacity 6559K, committed 6912K, reserved 1048576K
[2020-12-25T03:14:59.431-0400][gc             ] GC(386261) Pause Young (Normal) (G1 Evacuation Pause) 58M->47M(70M) 6.307ms
[2020-12-25T03:14:59.431-0400][gc,cpu         ] GC(386261) User=0.01s Sys=0.01s Real=0.01s
[2020-12-25T03:15:25.572-0400][gc,heap        ] GC(386262) Heap before GC invocations=386237 (full 11297): garbage-first heap   total 71680K, used 59208K [0x0000000083000000, 0x0000000100000000)
[2020-12-25T03:15:25.572-0400][gc,heap        ] GC(386262)   region size 1024K, 12 young (12288K), 1 survivors (1024K)
[2020-12-25T03:15:25.572-0400][gc,heap        ] GC(386262)  Metaspace       used 61021K, capacity 63721K, committed 64768K, reserved 1107968K
[2020-12-25T03:15:25.572-0400][gc,heap        ] GC(386262)   class space    used 5712K, capacity 6559K, committed 6912K, reserved 1048576K
[2020-12-25T03:15:25.572-0400][gc,start       ] GC(386262) Pause Young (Normal) (G1 Evacuation Pause)
[2020-12-25T03:15:25.572-0400][gc,task        ] GC(386262) Using 4 workers of 4 for evacuation
[2020-12-25T03:15:25.578-0400][gc,phases      ] GC(386262)   Pre Evacuate Collection Set: 0.0ms
[2020-12-25T03:15:25.578-0400][gc,phases      ] GC(386262)   Evacuate Collection Set: 3.5ms
[2020-12-25T03:15:25.578-0400][gc,phases      ] GC(386262)   Post Evacuate Collection Set: 1.5ms
[2020-12-25T03:15:25.578-0400][gc,phases      ] GC(386262)   Other: 0.9ms
[2020-12-25T03:15:25.578-0400][gc,heap        ] GC(386262) Eden regions: 11->0(11)
[2020-12-25T03:15:25.578-0400][gc,heap        ] GC(386262) Survivor regions: 1->1(2)
[2020-12-25T03:15:25.578-0400][gc,heap        ] GC(386262) Old regions: 46->46
[2020-12-25T03:15:25.578-0400][gc,heap        ] GC(386262) Humongous regions: 4->4
[2020-12-25T03:15:25.578-0400][gc,metaspace   ] GC(386262) Metaspace: 61021K->61021K(1107968K)
[2020-12-25T03:15:25.578-0400][gc,heap        ] GC(386262) Heap after GC invocations=386238 (full 11297): garbage-first heap   total 71680K, used 48931K [0x0000000083000000, 0x0000000100000000)
[2020-12-25T03:15:25.578-0400][gc,heap        ] GC(386262)   region size 1024K, 1 young (1024K), 1 survivors (1024K)
[2020-12-25T03:15:25.578-0400][gc,heap        ] GC(386262)  Metaspace       used 61021K, capacity 63721K, committed 64768K, reserved 1107968K
[2020-12-25T03:15:25.578-0400][gc,heap        ] GC(386262)   class space    used 5712K, capacity 6559K, committed 6912K, reserved 1048576K
[2020-12-25T03:15:25.578-0400][gc             ] GC(386262) Pause Young (Normal) (G1 Evacuation Pause) 58M->47M(70M) 6.321ms
[2020-12-25T03:15:25.578-0400][gc,cpu         ] GC(386262) User=0.01s Sys=0.01s Real=0.01s
[2020-12-25T03:15:59.072-0400][gc,heap        ] GC(386263) Heap before GC invocations=386238 (full 11297): garbage-first heap   total 71680K, used 60195K [0x0000000083000000, 0x0000000100000000)
[2020-12-25T03:15:59.072-0400][gc,heap        ] GC(386263)   region size 1024K, 12 young (12288K), 1 survivors (1024K)
[2020-12-25T03:15:59.072-0400][gc,heap        ] GC(386263)  Metaspace       used 61021K, capacity 63721K, committed 64768K, reserved 1107968K
[2020-12-25T03:15:59.073-0400][gc,heap        ] GC(386263)   class space    used 5712K, capacity 6559K, committed 6912K, reserved 1048576K
[2020-12-25T03:15:59.073-0400][gc,start       ] GC(386263) Pause Young (Normal) (G1 Evacuation Pause)
[2020-12-25T03:15:59.073-0400][gc,task        ] GC(386263) Using 4 workers of 4 for evacuation
[2020-12-25T03:15:59.079-0400][gc,phases      ] GC(386263)   Pre Evacuate Collection Set: 0.0ms
[2020-12-25T03:15:59.079-0400][gc,phases      ] GC(386263)   Evacuate Collection Set: 4.0ms
[2020-12-25T03:15:59.079-0400][gc,phases      ] GC(386263)   Post Evacuate Collection Set: 1.7ms
[2020-12-25T03:15:59.079-0400][gc,phases      ] GC(386263)   Other: 0.9ms
[2020-12-25T03:15:59.079-0400][gc,heap        ] GC(386263) Eden regions: 11->0(10)
[2020-12-25T03:15:59.079-0400][gc,heap        ] GC(386263) Survivor regions: 1->1(2)
[2020-12-25T03:15:59.079-0400][gc,heap        ] GC(386263) Old regions: 46->46
[2020-12-25T03:15:59.079-0400][gc,heap        ] GC(386263) Humongous regions: 4->4
[2020-12-25T03:15:59.079-0400][gc,metaspace   ] GC(386263) Metaspace: 61021K->61021K(1107968K)
[2020-12-25T03:15:59.079-0400][gc,heap        ] GC(386263) Heap after GC invocations=386239 (full 11297): garbage-first heap   total 71680K, used 49023K [0x0000000083000000, 0x0000000100000000)
[2020-12-25T03:15:59.079-0400][gc,heap        ] GC(386263)   region size 1024K, 1 young (1024K), 1 survivors (1024K)
[2020-12-25T03:15:59.079-0400][gc,heap        ] GC(386263)  Metaspace       used 61021K, capacity 63721K, committed 64768K, reserved 1107968K
[2020-12-25T03:15:59.080-0400][gc,heap        ] GC(386263)   class space    used 5712K, capacity 6559K, committed 6912K, reserved 1048576K
[2020-12-25T03:15:59.080-0400][gc             ] GC(386263) Pause Young (Normal) (G1 Evacuation Pause) 58M->47M(70M) 6.989ms
[2020-12-25T03:15:59.080-0400][gc,cpu         ] GC(386263) User=0.02s Sys=0.01s Real=0.01s
[2020-12-25T03:16:25.904-0400][gc,heap        ] GC(386264) Heap before GC invocations=386239 (full 11297): garbage-first heap   total 71680K, used 58239K [0x0000000083000000, 0x0000000100000000)
[2020-12-25T03:16:25.905-0400][gc,heap        ] GC(386264)   region size 1024K, 11 young (11264K), 1 survivors (1024K)
[2020-12-25T03:16:25.905-0400][gc,heap        ] GC(386264)  Metaspace       used 61021K, capacity 63721K, committed 64768K, reserved 1107968K
[2020-12-25T03:16:25.905-0400][gc,heap        ] GC(386264)   class space    used 5712K, capacity 6559K, committed 6912K, reserved 1048576K
[2020-12-25T03:16:25.905-0400][gc,start       ] GC(386264) Pause Young (Normal) (G1 Evacuation Pause)
[2020-12-25T03:16:25.905-0400][gc,task        ] GC(386264) Using 4 workers of 4 for evacuation
[2020-12-25T03:16:25.911-0400][gc,phases      ] GC(386264)   Pre Evacuate Collection Set: 0.0ms
[2020-12-25T03:16:25.911-0400][gc,phases      ] GC(386264)   Evacuate Collection Set: 4.0ms
[2020-12-25T03:16:25.911-0400][gc,phases      ] GC(386264)   Post Evacuate Collection Set: 1.7ms
[2020-12-25T03:16:25.911-0400][gc,phases      ] GC(386264)   Other: 1.2ms
[2020-12-25T03:16:25.911-0400][gc,heap        ] GC(386264) Eden regions: 10->0(10)
[2020-12-25T03:16:25.911-0400][gc,heap        ] GC(386264) Survivor regions: 1->1(2)
[2020-12-25T03:16:25.912-0400][gc,heap        ] GC(386264) Old regions: 46->46
[2020-12-25T03:16:25.912-0400][gc,heap        ] GC(386264) Humongous regions: 4->4
[2020-12-25T03:16:25.912-0400][gc,metaspace   ] GC(386264) Metaspace: 61021K->61021K(1107968K)
[2020-12-25T03:16:25.912-0400][gc,heap        ] GC(386264) Heap after GC invocations=386240 (full 11297): garbage-first heap   total 71680K, used 49035K [0x0000000083000000, 0x0000000100000000)
[2020-12-25T03:16:25.912-0400][gc,heap        ] GC(386264)   region size 1024K, 1 young (1024K), 1 survivors (1024K)
[2020-12-25T03:16:25.912-0400][gc,heap        ] GC(386264)  Metaspace       used 61021K, capacity 63721K, committed 64768K, reserved 1107968K
[2020-12-25T03:16:25.912-0400][gc,heap        ] GC(386264)   class space    used 5712K, capacity 6559K, committed 6912K, reserved 1048576K
[2020-12-25T03:16:25.912-0400][gc             ] GC(386264) Pause Young (Normal) (G1 Evacuation Pause) 57M->47M(70M) 7.003ms
[2020-12-25T03:16:25.912-0400][gc,cpu         ] GC(386264) User=0.02s Sys=0.00s Real=0.01s
[2020-12-25T03:16:50.923-0400][gc,task        ] GC(386265) Using 3 workers of 4 for full compaction
[2020-12-25T03:16:50.923-0400][gc,start       ] GC(386265) Pause Full (System.gc())
[2020-12-25T03:16:50.924-0400][gc,heap        ] GC(386265) Heap before GC invocations=386240 (full 11297): garbage-first heap   total 71680K, used 57227K [0x0000000083000000, 0x0000000100000000)
[2020-12-25T03:16:50.924-0400][gc,heap        ] GC(386265)   region size 1024K, 11 young (11264K), 1 survivors (1024K)
[2020-12-25T03:16:50.924-0400][gc,heap        ] GC(386265)  Metaspace       used 61021K, capacity 63721K, committed 64768K, reserved 1107968K
[2020-12-25T03:16:50.924-0400][gc,heap        ] GC(386265)   class space    used 5712K, capacity 6559K, committed 6912K, reserved 1048576K
[2020-12-25T03:16:50.926-0400][gc,phases,start] GC(386265) Phase 1: Mark live objects
[2020-12-25T03:16:51.073-0400][gc,stringtable ] GC(386265) Cleaned string and symbol table, strings: 32207 processed, 0 removed, symbols: 131451 processed, 0 removed
[2020-12-25T03:16:51.073-0400][gc,phases      ] GC(386265) Phase 1: Mark live objects 146.499ms
[2020-12-25T03:16:51.073-0400][gc,phases,start] GC(386265) Phase 2: Prepare for compaction
[2020-12-25T03:16:51.103-0400][gc,phases      ] GC(386265) Phase 2: Prepare for compaction 30.095ms
[2020-12-25T03:16:51.103-0400][gc,phases,start] GC(386265) Phase 3: Adjust pointers
[2020-12-25T03:16:51.183-0400][gc,phases      ] GC(386265) Phase 3: Adjust pointers 80.189ms
[2020-12-25T03:16:51.183-0400][gc,phases,start] GC(386265) Phase 4: Compact heap
[2020-12-25T03:16:51.204-0400][gc,phases      ] GC(386265) Phase 4: Compact heap 20.891ms
[2020-12-25T03:16:51.240-0400][gc,heap        ] GC(386265) Eden regions: 10->0(11)
[2020-12-25T03:16:51.240-0400][gc,heap        ] GC(386265) Survivor regions: 1->0(2)
[2020-12-25T03:16:51.240-0400][gc,heap        ] GC(386265) Old regions: 46->45
[2020-12-25T03:16:51.240-0400][gc,heap        ] GC(386265) Humongous regions: 4->4
[2020-12-25T03:16:51.240-0400][gc,metaspace   ] GC(386265) Metaspace: 61021K->61021K(1107968K)
[2020-12-25T03:16:51.240-0400][gc,heap        ] GC(386265) Heap after GC invocations=386241 (full 11298): garbage-first heap   total 71680K, used 48500K [0x0000000083000000, 0x0000000100000000)
[2020-12-25T03:16:51.240-0400][gc,heap        ] GC(386265)   region size 1024K, 0 young (0K), 0 survivors (0K)
[2020-12-25T03:16:51.240-0400][gc,heap        ] GC(386265)  Metaspace       used 61021K, capacity 63721K, committed 64768K, reserved 1107968K
[2020-12-25T03:16:51.240-0400][gc,heap        ] GC(386265)   class space    used 5712K, capacity 6559K, committed 6912K, reserved 1048576K
[2020-12-25T03:16:51.240-0400][gc             ] GC(386265) Pause Full (System.gc()) 56M->47M(70M) 316.689ms
[2020-12-25T03:16:51.240-0400][gc,cpu         ] GC(386265) User=0.68s Sys=0.16s Real=0.32s
[2020-12-25T03:17:22.879-0400][gc,heap        ] GC(386266) Heap before GC invocations=386241 (full 11298): garbage-first heap   total 71680K, used 59764K [0x0000000083000000, 0x0000000100000000)
[2020-12-25T03:17:22.879-0400][gc,heap        ] GC(386266)   region size 1024K, 11 young (11264K), 0 survivors (0K)
[2020-12-25T03:17:22.879-0400][gc,heap        ] GC(386266)  Metaspace       used 61021K, capacity 63721K, committed 64768K, reserved 1107968K
[2020-12-25T03:17:22.879-0400][gc,heap        ] GC(386266)   class space    used 5712K, capacity 6559K, committed 6912K, reserved 1048576K
[2020-12-25T03:17:22.879-0400][gc,start       ] GC(386266) Pause Young (Normal) (G1 Evacuation Pause)
[2020-12-25T03:17:22.879-0400][gc,task        ] GC(386266) Using 4 workers of 4 for evacuation
[2020-12-25T03:17:22.885-0400][gc,phases      ] GC(386266)   Pre Evacuate Collection Set: 0.0ms
[2020-12-25T03:17:22.885-0400][gc,phases      ] GC(386266)   Evacuate Collection Set: 3.0ms
[2020-12-25T03:17:22.885-0400][gc,phases      ] GC(386266)   Post Evacuate Collection Set: 1.8ms
[2020-12-25T03:17:22.885-0400][gc,phases      ] GC(386266)   Other: 0.9ms
[2020-12-25T03:17:22.885-0400][gc,heap        ] GC(386266) Eden regions: 11->0(11)
[2020-12-25T03:17:22.885-0400][gc,heap        ] GC(386266) Survivor regions: 0->1(2)
[2020-12-25T03:17:22.885-0400][gc,heap        ] GC(386266) Old regions: 45->45
[2020-12-25T03:17:22.885-0400][gc,heap        ] GC(386266) Humongous regions: 4->4
[2020-12-25T03:17:22.885-0400][gc,metaspace   ] GC(386266) Metaspace: 61021K->61021K(1107968K)
[2020-12-25T03:17:22.885-0400][gc,heap        ] GC(386266) Heap after GC invocations=386242 (full 11298): garbage-first heap   total 71680K, used 48822K [0x0000000083000000, 0x0000000100000000)
[2020-12-25T03:17:22.885-0400][gc,heap        ] GC(386266)   region size 1024K, 1 young (1024K), 1 survivors (1024K)
[2020-12-25T03:17:22.885-0400][gc,heap        ] GC(386266)  Metaspace       used 61021K, capacity 63721K, committed 64768K, reserved 1107968K
[2020-12-25T03:17:22.885-0400][gc,heap        ] GC(386266)   class space    used 5712K, capacity 6559K, committed 6912K, reserved 1048576K
[2020-12-25T03:17:22.886-0400][gc             ] GC(386266) Pause Young (Normal) (G1 Evacuation Pause) 58M->47M(70M) 6.091ms
[2020-12-25T03:17:22.886-0400][gc,cpu         ] GC(386266) User=0.00s Sys=0.01s Real=0.01s
[2020-12-25T03:17:59.425-0400][gc,heap        ] GC(386267) Heap before GC invocations=386242 (full 11298): garbage-first heap   total 71680K, used 59062K [0x0000000083000000, 0x0000000100000000)
[2020-12-25T03:17:59.425-0400][gc,heap        ] GC(386267)   region size 1024K, 12 young (12288K), 1 survivors (1024K)
[2020-12-25T03:17:59.425-0400][gc,heap        ] GC(386267)  Metaspace       used 61021K, capacity 63721K, committed 64768K, reserved 1107968K
[2020-12-25T03:17:59.425-0400][gc,heap        ] GC(386267)   class space    used 5712K, capacity 6559K, committed 6912K, reserved 1048576K
[2020-12-25T03:17:59.425-0400][gc,start       ] GC(386267) Pause Young (Normal) (G1 Evacuation Pause)
[2020-12-25T03:17:59.426-0400][gc,task        ] GC(386267) Using 4 workers of 4 for evacuation
[2020-12-25T03:17:59.431-0400][gc,phases      ] GC(386267)   Pre Evacuate Collection Set: 0.0ms
[2020-12-25T03:17:59.431-0400][gc,phases      ] GC(386267)   Evacuate Collection Set: 3.3ms
[2020-12-25T03:17:59.431-0400][gc,phases      ] GC(386267)   Post Evacuate Collection Set: 1.4ms
[2020-12-25T03:17:59.431-0400][gc,phases      ] GC(386267)   Other: 1.0ms
[2020-12-25T03:17:59.431-0400][gc,heap        ] GC(386267) Eden regions: 11->0(11)
[2020-12-25T03:17:59.431-0400][gc,heap        ] GC(386267) Survivor regions: 1->1(2)
[2020-12-25T03:17:59.431-0400][gc,heap        ] GC(386267) Old regions: 45->45
[2020-12-25T03:17:59.431-0400][gc,heap        ] GC(386267) Humongous regions: 4->4
[2020-12-25T03:17:59.431-0400][gc,metaspace   ] GC(386267) Metaspace: 61021K->61021K(1107968K)
[2020-12-25T03:17:59.431-0400][gc,heap        ] GC(386267) Heap after GC invocations=386243 (full 11298): garbage-first heap   total 71680K, used 48764K [0x0000000083000000, 0x0000000100000000)
[2020-12-25T03:17:59.431-0400][gc,heap        ] GC(386267)   region size 1024K, 1 young (1024K), 1 survivors (1024K)
[2020-12-25T03:17:59.431-0400][gc,heap        ] GC(386267)  Metaspace       used 61021K, capacity 63721K, committed 64768K, reserved 1107968K
[2020-12-25T03:17:59.431-0400][gc,heap        ] GC(386267)   class space    used 5712K, capacity 6559K, committed 6912K, reserved 1048576K
[2020-12-25T03:17:59.431-0400][gc             ] GC(386267) Pause Young (Normal) (G1 Evacuation Pause) 58M->47M(70M) 6.014ms
[2020-12-25T03:17:59.432-0400][gc,cpu         ] GC(386267) User=0.02s Sys=0.00s Real=0.01s
[2020-12-25T03:18:30.872-0400][gc,heap        ] GC(386268) Heap before GC invocations=386243 (full 11298): garbage-first heap   total 71680K, used 59004K [0x0000000083000000, 0x0000000100000000)
[2020-12-25T03:18:30.872-0400][gc,heap        ] GC(386268)   region size 1024K, 12 young (12288K), 1 survivors (1024K)
[2020-12-25T03:18:30.872-0400][gc,heap        ] GC(386268)  Metaspace       used 61021K, capacity 63721K, committed 64768K, reserved 1107968K
[2020-12-25T03:18:30.872-0400][gc,heap        ] GC(386268)   class space    used 5712K, capacity 6559K, committed 6912K, reserved 1048576K
[2020-12-25T03:18:30.873-0400][gc,start       ] GC(386268) Pause Young (Normal) (G1 Evacuation Pause)
[2020-12-25T03:18:30.873-0400][gc,task        ] GC(386268) Using 4 workers of 4 for evacuation
[2020-12-25T03:18:30.878-0400][gc,phases      ] GC(386268)   Pre Evacuate Collection Set: 0.0ms
[2020-12-25T03:18:30.878-0400][gc,phases      ] GC(386268)   Evacuate Collection Set: 3.2ms
[2020-12-25T03:18:30.878-0400][gc,phases      ] GC(386268)   Post Evacuate Collection Set: 1.7ms
[2020-12-25T03:18:30.878-0400][gc,phases      ] GC(386268)   Other: 0.9ms
[2020-12-25T03:18:30.878-0400][gc,heap        ] GC(386268) Eden regions: 11->0(11)
[2020-12-25T03:18:30.878-0400][gc,heap        ] GC(386268) Survivor regions: 1->1(2)
[2020-12-25T03:18:30.878-0400][gc,heap        ] GC(386268) Old regions: 45->45
[2020-12-25T03:18:30.878-0400][gc,heap        ] GC(386268) Humongous regions: 4->4
[2020-12-25T03:18:30.878-0400][gc,metaspace   ] GC(386268) Metaspace: 61021K->61021K(1107968K)
[2020-12-25T03:18:30.878-0400][gc,heap        ] GC(386268) Heap after GC invocations=386244 (full 11298): garbage-first heap   total 71680K, used 48872K [0x0000000083000000, 0x0000000100000000)
[2020-12-25T03:18:30.879-0400][gc,heap        ] GC(386268)   region size 1024K, 1 young (1024K), 1 survivors (1024K)
[2020-12-25T03:18:30.879-0400][gc,heap        ] GC(386268)  Metaspace       used 61021K, capacity 63721K, committed 64768K, reserved 1107968K
[2020-12-25T03:18:30.879-0400][gc,heap        ] GC(386268)   class space    used 5712K, capacity 6559K, committed 6912K, reserved 1048576K
[2020-12-25T03:18:30.879-0400][gc             ] GC(386268) Pause Young (Normal) (G1 Evacuation Pause) 58M->47M(70M) 6.115ms
[2020-12-25T03:18:30.879-0400][gc,cpu         ] GC(386268) User=0.02s Sys=0.00s Real=0.01s
[2020-12-25T03:19:01.102-0400][gc,heap        ] GC(386269) Heap before GC invocations=386244 (full 11298): garbage-first heap   total 71680K, used 60136K [0x0000000083000000, 0x0000000100000000)
[2020-12-25T03:19:01.102-0400][gc,heap        ] GC(386269)   region size 1024K, 12 young (12288K), 1 survivors (1024K)
[2020-12-25T03:19:01.102-0400][gc,heap        ] GC(386269)  Metaspace       used 61021K, capacity 63721K, committed 64768K, reserved 1107968K
[2020-12-25T03:19:01.102-0400][gc,heap        ] GC(386269)   class space    used 5712K, capacity 6559K, committed 6912K, reserved 1048576K
[2020-12-25T03:19:01.102-0400][gc,start       ] GC(386269) Pause Young (Normal) (G1 Evacuation Pause)
[2020-12-25T03:19:01.102-0400][gc,task        ] GC(386269) Using 4 workers of 4 for evacuation
[2020-12-25T03:19:01.108-0400][gc,phases      ] GC(386269)   Pre Evacuate Collection Set: 0.0ms
[2020-12-25T03:19:01.108-0400][gc,phases      ] GC(386269)   Evacuate Collection Set: 3.6ms
[2020-12-25T03:19:01.108-0400][gc,phases      ] GC(386269)   Post Evacuate Collection Set: 1.6ms
[2020-12-25T03:19:01.108-0400][gc,phases      ] GC(386269)   Other: 0.8ms
[2020-12-25T03:19:01.108-0400][gc,heap        ] GC(386269) Eden regions: 11->0(11)
[2020-12-25T03:19:01.108-0400][gc,heap        ] GC(386269) Survivor regions: 1->1(2)
[2020-12-25T03:19:01.108-0400][gc,heap        ] GC(386269) Old regions: 45->45
[2020-12-25T03:19:01.108-0400][gc,heap        ] GC(386269) Humongous regions: 4->4
[2020-12-25T03:19:01.108-0400][gc,metaspace   ] GC(386269) Metaspace: 61021K->61021K(1107968K)
[2020-12-25T03:19:01.108-0400][gc,heap        ] GC(386269) Heap after GC invocations=386245 (full 11298): garbage-first heap   total 71680K, used 49003K [0x0000000083000000, 0x0000000100000000)
[2020-12-25T03:19:01.108-0400][gc,heap        ] GC(386269)   region size 1024K, 1 young (1024K), 1 survivors (1024K)
[2020-12-25T03:19:01.108-0400][gc,heap        ] GC(386269)  Metaspace       used 61021K, capacity 63721K, committed 64768K, reserved 1107968K
[2020-12-25T03:19:01.108-0400][gc,heap        ] GC(386269)   class space    used 5712K, capacity 6559K, committed 6912K, reserved 1048576K
[2020-12-25T03:19:01.108-0400][gc             ] GC(386269) Pause Young (Normal) (G1 Evacuation Pause) 58M->47M(70M) 6.354ms
[2020-12-25T03:19:01.108-0400][gc,cpu         ] GC(386269) User=0.01s Sys=0.01s Real=0.01s
[2020-12-25T03:19:37.308-0400][gc,heap        ] GC(386270) Heap before GC invocations=386245 (full 11298): garbage-first heap   total 71680K, used 60267K [0x0000000083000000, 0x0000000100000000)
[2020-12-25T03:19:37.308-0400][gc,heap        ] GC(386270)   region size 1024K, 12 young (12288K), 1 survivors (1024K)
[2020-12-25T03:19:37.308-0400][gc,heap        ] GC(386270)  Metaspace       used 61021K, capacity 63721K, committed 64768K, reserved 1107968K
[2020-12-25T03:19:37.308-0400][gc,heap        ] GC(386270)   class space    used 5712K, capacity 6559K, committed 6912K, reserved 1048576K
[2020-12-25T03:19:37.308-0400][gc,start       ] GC(386270) Pause Young (Normal) (G1 Evacuation Pause)
[2020-12-25T03:19:37.308-0400][gc,task        ] GC(386270) Using 4 workers of 4 for evacuation
[2020-12-25T03:19:37.314-0400][gc,phases      ] GC(386270)   Pre Evacuate Collection Set: 0.1ms
[2020-12-25T03:19:37.314-0400][gc,phases      ] GC(386270)   Evacuate Collection Set: 3.4ms
[2020-12-25T03:19:37.314-0400][gc,phases      ] GC(386270)   Post Evacuate Collection Set: 1.9ms
[2020-12-25T03:19:37.314-0400][gc,phases      ] GC(386270)   Other: 0.8ms
[2020-12-25T03:19:37.314-0400][gc,heap        ] GC(386270) Eden regions: 11->0(11)
[2020-12-25T03:19:37.315-0400][gc,heap        ] GC(386270) Survivor regions: 1->1(2)
[2020-12-25T03:19:37.315-0400][gc,heap        ] GC(386270) Old regions: 45->45
[2020-12-25T03:19:37.315-0400][gc,heap        ] GC(386270) Humongous regions: 4->4
[2020-12-25T03:19:37.315-0400][gc,metaspace   ] GC(386270) Metaspace: 61021K->61021K(1107968K)
[2020-12-25T03:19:37.315-0400][gc,heap        ] GC(386270) Heap after GC invocations=386246 (full 11298): garbage-first heap   total 71680K, used 48988K [0x0000000083000000, 0x0000000100000000)
[2020-12-25T03:19:37.315-0400][gc,heap        ] GC(386270)   region size 1024K, 1 young (1024K), 1 survivors (1024K)
[2020-12-25T03:19:37.315-0400][gc,heap        ] GC(386270)  Metaspace       used 61021K, capacity 63721K, committed 64768K, reserved 1107968K
[2020-12-25T03:19:37.315-0400][gc,heap        ] GC(386270)   class space    used 5712K, capacity 6559K, committed 6912K, reserved 1048576K
[2020-12-25T03:19:37.315-0400][gc             ] GC(386270) Pause Young (Normal) (G1 Evacuation Pause) 58M->47M(70M) 6.738ms
[2020-12-25T03:19:37.315-0400][gc,cpu         ] GC(386270) User=0.00s Sys=0.01s Real=0.00s
[2020-12-25T03:20:02.541-0400][gc,heap        ] GC(386271) Heap before GC invocations=386246 (full 11298): garbage-first heap   total 71680K, used 59228K [0x0000000083000000, 0x0000000100000000)
[2020-12-25T03:20:02.541-0400][gc,heap        ] GC(386271)   region size 1024K, 12 young (12288K), 1 survivors (1024K)
[2020-12-25T03:20:02.541-0400][gc,heap        ] GC(386271)  Metaspace       used 61021K, capacity 63721K, committed 64768K, reserved 1107968K
[2020-12-25T03:20:02.541-0400][gc,heap        ] GC(386271)   class space    used 5712K, capacity 6559K, committed 6912K, reserved 1048576K
[2020-12-25T03:20:02.541-0400][gc,start       ] GC(386271) Pause Young (Normal) (G1 Evacuation Pause)
[2020-12-25T03:20:02.541-0400][gc,task        ] GC(386271) Using 4 workers of 4 for evacuation
[2020-12-25T03:20:02.547-0400][gc,phases      ] GC(386271)   Pre Evacuate Collection Set: 0.0ms
[2020-12-25T03:20:02.548-0400][gc,phases      ] GC(386271)   Evacuate Collection Set: 3.7ms
[2020-12-25T03:20:02.548-0400][gc,phases      ] GC(386271)   Post Evacuate Collection Set: 2.0ms
[2020-12-25T03:20:02.548-0400][gc,phases      ] GC(386271)   Other: 0.8ms
[2020-12-25T03:20:02.548-0400][gc,heap        ] GC(386271) Eden regions: 11->0(11)
[2020-12-25T03:20:02.548-0400][gc,heap        ] GC(386271) Survivor regions: 1->1(2)
[2020-12-25T03:20:02.548-0400][gc,heap        ] GC(386271) Old regions: 45->45
[2020-12-25T03:20:02.548-0400][gc,heap        ] GC(386271) Humongous regions: 4->4
[2020-12-25T03:20:02.548-0400][gc,metaspace   ] GC(386271) Metaspace: 61021K->61021K(1107968K)
[2020-12-25T03:20:02.548-0400][gc,heap        ] GC(386271) Heap after GC invocations=386247 (full 11298): garbage-first heap   total 71680K, used 49055K [0x0000000083000000, 0x0000000100000000)
[2020-12-25T03:20:02.548-0400][gc,heap        ] GC(386271)   region size 1024K, 1 young (1024K), 1 survivors (1024K)
[2020-12-25T03:20:02.548-0400][gc,heap        ] GC(386271)  Metaspace       used 61021K, capacity 63721K, committed 64768K, reserved 1107968K
[2020-12-25T03:20:02.548-0400][gc,heap        ] GC(386271)   class space    used 5712K, capacity 6559K, committed 6912K, reserved 1048576K
[2020-12-25T03:20:02.548-0400][gc             ] GC(386271) Pause Young (Normal) (G1 Evacuation Pause) 58M->47M(70M) 6.923ms
[2020-12-25T03:20:02.548-0400][gc,cpu         ] GC(386271) User=0.02s Sys=0.00s Real=0.01s
[2020-12-25T03:20:24.600-0400][gc,heap        ] GC(386272) Heap before GC invocations=386247 (full 11298): garbage-first heap   total 71680K, used 59295K [0x0000000083000000, 0x0000000100000000)
[2020-12-25T03:20:24.600-0400][gc,heap        ] GC(386272)   region size 1024K, 12 young (12288K), 1 survivors (1024K)
[2020-12-25T03:20:24.600-0400][gc,heap        ] GC(386272)  Metaspace       used 61021K, capacity 63721K, committed 64768K, reserved 1107968K
[2020-12-25T03:20:24.600-0400][gc,heap        ] GC(386272)   class space    used 5712K, capacity 6559K, committed 6912K, reserved 1048576K
[2020-12-25T03:20:24.601-0400][gc,start       ] GC(386272) Pause Young (Normal) (G1 Evacuation Pause)
[2020-12-25T03:20:24.601-0400][gc,task        ] GC(386272) Using 4 workers of 4 for evacuation
[2020-12-25T03:20:24.607-0400][gc,phases      ] GC(386272)   Pre Evacuate Collection Set: 0.0ms
[2020-12-25T03:20:24.607-0400][gc,phases      ] GC(386272)   Evacuate Collection Set: 4.4ms
[2020-12-25T03:20:24.607-0400][gc,phases      ] GC(386272)   Post Evacuate Collection Set: 1.7ms
[2020-12-25T03:20:24.608-0400][gc,phases      ] GC(386272)   Other: 0.9ms
[2020-12-25T03:20:24.608-0400][gc,heap        ] GC(386272) Eden regions: 11->0(11)
[2020-12-25T03:20:24.608-0400][gc,heap        ] GC(386272) Survivor regions: 1->1(2)
[2020-12-25T03:20:24.608-0400][gc,heap        ] GC(386272) Old regions: 45->45
[2020-12-25T03:20:24.608-0400][gc,heap        ] GC(386272) Humongous regions: 4->4
[2020-12-25T03:20:24.608-0400][gc,metaspace   ] GC(386272) Metaspace: 61021K->61021K(1107968K)
[2020-12-25T03:20:24.608-0400][gc,heap        ] GC(386272) Heap after GC invocations=386248 (full 11298): garbage-first heap   total 71680K, used 49009K [0x0000000083000000, 0x0000000100000000)
[2020-12-25T03:20:24.608-0400][gc,heap        ] GC(386272)   region size 1024K, 1 young (1024K), 1 survivors (1024K)
[2020-12-25T03:20:24.608-0400][gc,heap        ] GC(386272)  Metaspace       used 61021K, capacity 63721K, committed 64768K, reserved 1107968K
[2020-12-25T03:20:24.608-0400][gc,heap        ] GC(386272)   class space    used 5712K, capacity 6559K, committed 6912K, reserved 1048576K
[2020-12-25T03:20:24.608-0400][gc             ] GC(386272) Pause Young (Normal) (G1 Evacuation Pause) 58M->47M(70M) 7.695ms
[2020-12-25T03:20:24.608-0400][gc,cpu         ] GC(386272) User=0.00s Sys=0.01s Real=0.01s
[2020-12-25T03:21:00.024-0400][gc,heap        ] GC(386273) Heap before GC invocations=386248 (full 11298): garbage-first heap   total 71680K, used 60273K [0x0000000083000000, 0x0000000100000000)
[2020-12-25T03:21:00.024-0400][gc,heap        ] GC(386273)   region size 1024K, 12 young (12288K), 1 survivors (1024K)
[2020-12-25T03:21:00.024-0400][gc,heap        ] GC(386273)  Metaspace       used 61021K, capacity 63721K, committed 64768K, reserved 1107968K
[2020-12-25T03:21:00.024-0400][gc,heap        ] GC(386273)   class space    used 5712K, capacity 6559K, committed 6912K, reserved 1048576K
[2020-12-25T03:21:00.024-0400][gc,start       ] GC(386273) Pause Young (Normal) (G1 Evacuation Pause)
[2020-12-25T03:21:00.024-0400][gc,task        ] GC(386273) Using 4 workers of 4 for evacuation
[2020-12-25T03:21:00.030-0400][gc,phases      ] GC(386273)   Pre Evacuate Collection Set: 0.1ms
[2020-12-25T03:21:00.030-0400][gc,phases      ] GC(386273)   Evacuate Collection Set: 3.5ms
[2020-12-25T03:21:00.030-0400][gc,phases      ] GC(386273)   Post Evacuate Collection Set: 1.5ms
[2020-12-25T03:21:00.030-0400][gc,phases      ] GC(386273)   Other: 0.8ms
[2020-12-25T03:21:00.030-0400][gc,heap        ] GC(386273) Eden regions: 11->0(11)
[2020-12-25T03:21:00.030-0400][gc,heap        ] GC(386273) Survivor regions: 1->1(2)
[2020-12-25T03:21:00.030-0400][gc,heap        ] GC(386273) Old regions: 45->45
[2020-12-25T03:21:00.030-0400][gc,heap        ] GC(386273) Humongous regions: 4->4
[2020-12-25T03:21:00.030-0400][gc,metaspace   ] GC(386273) Metaspace: 61021K->61021K(1107968K)
[2020-12-25T03:21:00.030-0400][gc,heap        ] GC(386273) Heap after GC invocations=386249 (full 11298): garbage-first heap   total 71680K, used 48950K [0x0000000083000000, 0x0000000100000000)
[2020-12-25T03:21:00.030-0400][gc,heap        ] GC(386273)   region size 1024K, 1 young (1024K), 1 survivors (1024K)
[2020-12-25T03:21:00.030-0400][gc,heap        ] GC(386273)  Metaspace       used 61021K, capacity 63721K, committed 64768K, reserved 1107968K
[2020-12-25T03:21:00.031-0400][gc,heap        ] GC(386273)   class space    used 5712K, capacity 6559K, committed 6912K, reserved 1048576K
[2020-12-25T03:21:00.031-0400][gc             ] GC(386273) Pause Young (Normal) (G1 Evacuation Pause) 58M->47M(70M) 6.323ms
[2020-12-25T03:21:00.031-0400][gc,cpu         ] GC(386273) User=0.01s Sys=0.01s Real=0.01s
[2020-12-25T03:21:36.076-0400][gc,heap        ] GC(386274) Heap before GC invocations=386249 (full 11298): garbage-first heap   total 71680K, used 59190K [0x0000000083000000, 0x0000000100000000)
[2020-12-25T03:21:36.076-0400][gc,heap        ] GC(386274)   region size 1024K, 12 young (12288K), 1 survivors (1024K)
[2020-12-25T03:21:36.076-0400][gc,heap        ] GC(386274)  Metaspace       used 61021K, capacity 63721K, committed 64768K, reserved 1107968K
[2020-12-25T03:21:36.076-0400][gc,heap        ] GC(386274)   class space    used 5712K, capacity 6559K, committed 6912K, reserved 1048576K
[2020-12-25T03:21:36.076-0400][gc,start       ] GC(386274) Pause Young (Normal) (G1 Evacuation Pause)
[2020-12-25T03:21:36.076-0400][gc,task        ] GC(386274) Using 4 workers of 4 for evacuation
[2020-12-25T03:21:36.082-0400][gc,phases      ] GC(386274)   Pre Evacuate Collection Set: 0.0ms
[2020-12-25T03:21:36.082-0400][gc,phases      ] GC(386274)   Evacuate Collection Set: 3.6ms
[2020-12-25T03:21:36.082-0400][gc,phases      ] GC(386274)   Post Evacuate Collection Set: 1.6ms
[2020-12-25T03:21:36.082-0400][gc,phases      ] GC(386274)   Other: 0.9ms
[2020-12-25T03:21:36.082-0400][gc,heap        ] GC(386274) Eden regions: 11->0(11)
[2020-12-25T03:21:36.082-0400][gc,heap        ] GC(386274) Survivor regions: 1->1(2)
[2020-12-25T03:21:36.082-0400][gc,heap        ] GC(386274) Old regions: 45->45
[2020-12-25T03:21:36.083-0400][gc,heap        ] GC(386274) Humongous regions: 4->4
[2020-12-25T03:21:36.083-0400][gc,metaspace   ] GC(386274) Metaspace: 61021K->61021K(1107968K)
[2020-12-25T03:21:36.083-0400][gc,heap        ] GC(386274) Heap after GC invocations=386250 (full 11298): garbage-first heap   total 71680K, used 49028K [0x0000000083000000, 0x0000000100000000)
[2020-12-25T03:21:36.083-0400][gc,heap        ] GC(386274)   region size 1024K, 1 young (1024K), 1 survivors (1024K)
[2020-12-25T03:21:36.083-0400][gc,heap        ] GC(386274)  Metaspace       used 61021K, capacity 63721K, committed 64768K, reserved 1107968K
[2020-12-25T03:21:36.083-0400][gc,heap        ] GC(386274)   class space    used 5712K, capacity 6559K, committed 6912K, reserved 1048576K
[2020-12-25T03:21:36.083-0400][gc             ] GC(386274) Pause Young (Normal) (G1 Evacuation Pause) 58M->47M(70M) 6.542ms
[2020-12-25T03:21:36.083-0400][gc,cpu         ] GC(386274) User=0.01s Sys=0.01s Real=0.00s
[2020-12-25T03:21:50.924-0400][gc,task        ] GC(386275) Using 3 workers of 4 for full compaction
[2020-12-25T03:21:50.924-0400][gc,start       ] GC(386275) Pause Full (System.gc())
[2020-12-25T03:21:50.924-0400][gc,heap        ] GC(386275) Heap before GC invocations=386250 (full 11298): garbage-first heap   total 71680K, used 52100K [0x0000000083000000, 0x0000000100000000)
[2020-12-25T03:21:50.924-0400][gc,heap        ] GC(386275)   region size 1024K, 6 young (6144K), 1 survivors (1024K)
[2020-12-25T03:21:50.924-0400][gc,heap        ] GC(386275)  Metaspace       used 61021K, capacity 63721K, committed 64768K, reserved 1107968K
[2020-12-25T03:21:50.924-0400][gc,heap        ] GC(386275)   class space    used 5712K, capacity 6559K, committed 6912K, reserved 1048576K
[2020-12-25T03:21:50.926-0400][gc,phases,start] GC(386275) Phase 1: Mark live objects
[2020-12-25T03:21:51.071-0400][gc,stringtable ] GC(386275) Cleaned string and symbol table, strings: 32207 processed, 0 removed, symbols: 131451 processed, 0 removed
[2020-12-25T03:21:51.071-0400][gc,phases      ] GC(386275) Phase 1: Mark live objects 145.163ms
[2020-12-25T03:21:51.071-0400][gc,phases,start] GC(386275) Phase 2: Prepare for compaction
[2020-12-25T03:21:51.101-0400][gc,phases      ] GC(386275) Phase 2: Prepare for compaction 29.894ms
[2020-12-25T03:21:51.101-0400][gc,phases,start] GC(386275) Phase 3: Adjust pointers
[2020-12-25T03:21:51.181-0400][gc,phases      ] GC(386275) Phase 3: Adjust pointers 79.659ms
[2020-12-25T03:21:51.181-0400][gc,phases,start] GC(386275) Phase 4: Compact heap
[2020-12-25T03:21:51.201-0400][gc,phases      ] GC(386275) Phase 4: Compact heap 19.536ms
[2020-12-25T03:21:51.237-0400][gc,heap        ] GC(386275) Eden regions: 5->0(12)
[2020-12-25T03:21:51.237-0400][gc,heap        ] GC(386275) Survivor regions: 1->0(2)
[2020-12-25T03:21:51.237-0400][gc,heap        ] GC(386275) Old regions: 45->45
[2020-12-25T03:21:51.237-0400][gc,heap        ] GC(386275) Humongous regions: 4->4
[2020-12-25T03:21:51.237-0400][gc,metaspace   ] GC(386275) Metaspace: 61021K->61021K(1107968K)
[2020-12-25T03:21:51.237-0400][gc,heap        ] GC(386275) Heap after GC invocations=386251 (full 11299): garbage-first heap   total 71680K, used 48465K [0x0000000083000000, 0x0000000100000000)
[2020-12-25T03:21:51.237-0400][gc,heap        ] GC(386275)   region size 1024K, 0 young (0K), 0 survivors (0K)
[2020-12-25T03:21:51.237-0400][gc,heap        ] GC(386275)  Metaspace       used 61021K, capacity 63721K, committed 64768K, reserved 1107968K
[2020-12-25T03:21:51.237-0400][gc,heap        ] GC(386275)   class space    used 5712K, capacity 6559K, committed 6912K, reserved 1048576K
[2020-12-25T03:21:51.237-0400][gc             ] GC(386275) Pause Full (System.gc()) 52M->47M(70M) 313.747ms
[2020-12-25T03:21:51.238-0400][gc,cpu         ] GC(386275) User=0.84s Sys=0.00s Real=0.32s
[2020-12-25T03:22:13.893-0400][gc,heap        ] GC(386276) Heap before GC invocations=386251 (full 11299): garbage-first heap   total 71680K, used 59729K [0x0000000083000000, 0x0000000100000000)
[2020-12-25T03:22:13.893-0400][gc,heap        ] GC(386276)   region size 1024K, 12 young (12288K), 0 survivors (0K)
[2020-12-25T03:22:13.893-0400][gc,heap        ] GC(386276)  Metaspace       used 61021K, capacity 63721K, committed 64768K, reserved 1107968K
[2020-12-25T03:22:13.893-0400][gc,heap        ] GC(386276)   class space    used 5712K, capacity 6559K, committed 6912K, reserved 1048576K
[2020-12-25T03:22:13.893-0400][gc,start       ] GC(386276) Pause Young (Normal) (G1 Evacuation Pause)
[2020-12-25T03:22:13.893-0400][gc,task        ] GC(386276) Using 4 workers of 4 for evacuation
[2020-12-25T03:22:13.898-0400][gc,phases      ] GC(386276)   Pre Evacuate Collection Set: 0.0ms
[2020-12-25T03:22:13.898-0400][gc,phases      ] GC(386276)   Evacuate Collection Set: 2.6ms
[2020-12-25T03:22:13.898-0400][gc,phases      ] GC(386276)   Post Evacuate Collection Set: 1.8ms
[2020-12-25T03:22:13.899-0400][gc,phases      ] GC(386276)   Other: 0.9ms
[2020-12-25T03:22:13.899-0400][gc,heap        ] GC(386276) Eden regions: 12->0(11)
[2020-12-25T03:22:13.899-0400][gc,heap        ] GC(386276) Survivor regions: 0->1(2)
[2020-12-25T03:22:13.899-0400][gc,heap        ] GC(386276) Old regions: 45->45
[2020-12-25T03:22:13.899-0400][gc,heap        ] GC(386276) Humongous regions: 4->4
[2020-12-25T03:22:13.899-0400][gc,metaspace   ] GC(386276) Metaspace: 61021K->61021K(1107968K)
[2020-12-25T03:22:13.899-0400][gc,heap        ] GC(386276) Heap after GC invocations=386252 (full 11299): garbage-first heap   total 71680K, used 48738K [0x0000000083000000, 0x0000000100000000)
[2020-12-25T03:22:13.899-0400][gc,heap        ] GC(386276)   region size 1024K, 1 young (1024K), 1 survivors (1024K)
[2020-12-25T03:22:13.899-0400][gc,heap        ] GC(386276)  Metaspace       used 61021K, capacity 63721K, committed 64768K, reserved 1107968K
[2020-12-25T03:22:13.899-0400][gc,heap        ] GC(386276)   class space    used 5712K, capacity 6559K, committed 6912K, reserved 1048576K
[2020-12-25T03:22:13.899-0400][gc             ] GC(386276) Pause Young (Normal) (G1 Evacuation Pause) 59M->47M(70M) 5.723ms
[2020-12-25T03:22:13.899-0400][gc,cpu         ] GC(386276) User=0.01s Sys=0.00s Real=0.01s
[2020-12-25T03:22:51.161-0400][gc,heap        ] GC(386277) Heap before GC invocations=386252 (full 11299): garbage-first heap   total 71680K, used 58978K [0x0000000083000000, 0x0000000100000000)
[2020-12-25T03:22:51.161-0400][gc,heap        ] GC(386277)   region size 1024K, 12 young (12288K), 1 survivors (1024K)
[2020-12-25T03:22:51.161-0400][gc,heap        ] GC(386277)  Metaspace       used 61021K, capacity 63721K, committed 64768K, reserved 1107968K
[2020-12-25T03:22:51.161-0400][gc,heap        ] GC(386277)   class space    used 5712K, capacity 6559K, committed 6912K, reserved 1048576K
[2020-12-25T03:22:51.161-0400][gc,start       ] GC(386277) Pause Young (Normal) (G1 Evacuation Pause)
[2020-12-25T03:22:51.161-0400][gc,task        ] GC(386277) Using 4 workers of 4 for evacuation
[2020-12-25T03:22:51.166-0400][gc,phases      ] GC(386277)   Pre Evacuate Collection Set: 0.0ms
[2020-12-25T03:22:51.166-0400][gc,phases      ] GC(386277)   Evacuate Collection Set: 3.1ms
[2020-12-25T03:22:51.167-0400][gc,phases      ] GC(386277)   Post Evacuate Collection Set: 1.8ms
[2020-12-25T03:22:51.167-0400][gc,phases      ] GC(386277)   Other: 0.8ms
[2020-12-25T03:22:51.167-0400][gc,heap        ] GC(386277) Eden regions: 11->0(11)
[2020-12-25T03:22:51.167-0400][gc,heap        ] GC(386277) Survivor regions: 1->1(2)
[2020-12-25T03:22:51.167-0400][gc,heap        ] GC(386277) Old regions: 45->45
[2020-12-25T03:22:51.167-0400][gc,heap        ] GC(386277) Humongous regions: 4->4
[2020-12-25T03:22:51.167-0400][gc,metaspace   ] GC(386277) Metaspace: 61021K->61021K(1107968K)
[2020-12-25T03:22:51.167-0400][gc,heap        ] GC(386277) Heap after GC invocations=386253 (full 11299): garbage-first heap   total 71680K, used 48779K [0x0000000083000000, 0x0000000100000000)
[2020-12-25T03:22:51.167-0400][gc,heap        ] GC(386277)   region size 1024K, 1 young (1024K), 1 survivors (1024K)
[2020-12-25T03:22:51.167-0400][gc,heap        ] GC(386277)  Metaspace       used 61021K, capacity 63721K, committed 64768K, reserved 1107968K
[2020-12-25T03:22:51.167-0400][gc,heap        ] GC(386277)   class space    used 5712K, capacity 6559K, committed 6912K, reserved 1048576K
[2020-12-25T03:22:51.167-0400][gc             ] GC(386277) Pause Young (Normal) (G1 Evacuation Pause) 58M->47M(70M) 6.266ms
[2020-12-25T03:22:51.167-0400][gc,cpu         ] GC(386277) User=0.01s Sys=0.01s Real=0.01s
[2020-12-25T03:23:16.435-0400][gc,heap        ] GC(386278) Heap before GC invocations=386253 (full 11299): garbage-first heap   total 71680K, used 59019K [0x0000000083000000, 0x0000000100000000)
[2020-12-25T03:23:16.435-0400][gc,heap        ] GC(386278)   region size 1024K, 12 young (12288K), 1 survivors (1024K)
[2020-12-25T03:23:16.435-0400][gc,heap        ] GC(386278)  Metaspace       used 61021K, capacity 63721K, committed 64768K, reserved 1107968K
[2020-12-25T03:23:16.435-0400][gc,heap        ] GC(386278)   class space    used 5712K, capacity 6559K, committed 6912K, reserved 1048576K
[2020-12-25T03:23:16.435-0400][gc,start       ] GC(386278) Pause Young (Normal) (G1 Evacuation Pause)
[2020-12-25T03:23:16.435-0400][gc,task        ] GC(386278) Using 4 workers of 4 for evacuation
[2020-12-25T03:23:16.441-0400][gc,phases      ] GC(386278)   Pre Evacuate Collection Set: 0.0ms
[2020-12-25T03:23:16.441-0400][gc,phases      ] GC(386278)   Evacuate Collection Set: 3.6ms
[2020-12-25T03:23:16.441-0400][gc,phases      ] GC(386278)   Post Evacuate Collection Set: 1.6ms
[2020-12-25T03:23:16.441-0400][gc,phases      ] GC(386278)   Other: 0.8ms
[2020-12-25T03:23:16.441-0400][gc,heap        ] GC(386278) Eden regions: 11->0(11)
[2020-12-25T03:23:16.441-0400][gc,heap        ] GC(386278) Survivor regions: 1->1(2)
[2020-12-25T03:23:16.441-0400][gc,heap        ] GC(386278) Old regions: 45->45
[2020-12-25T03:23:16.441-0400][gc,heap        ] GC(386278) Humongous regions: 4->4
[2020-12-25T03:23:16.441-0400][gc,metaspace   ] GC(386278) Metaspace: 61021K->61021K(1107968K)
[2020-12-25T03:23:16.441-0400][gc,heap        ] GC(386278) Heap after GC invocations=386254 (full 11299): garbage-first heap   total 71680K, used 48944K [0x0000000083000000, 0x0000000100000000)
[2020-12-25T03:23:16.441-0400][gc,heap        ] GC(386278)   region size 1024K, 1 young (1024K), 1 survivors (1024K)
[2020-12-25T03:23:16.441-0400][gc,heap        ] GC(386278)  Metaspace       used 61021K, capacity 63721K, committed 64768K, reserved 1107968K
[2020-12-25T03:23:16.441-0400][gc,heap        ] GC(386278)   class space    used 5712K, capacity 6559K, committed 6912K, reserved 1048576K
[2020-12-25T03:23:16.441-0400][gc             ] GC(386278) Pause Young (Normal) (G1 Evacuation Pause) 58M->47M(70M) 6.419ms
[2020-12-25T03:23:16.442-0400][gc,cpu         ] GC(386278) User=0.01s Sys=0.00s Real=0.01s
[2020-12-25T03:23:47.648-0400][gc,heap        ] GC(386279) Heap before GC invocations=386254 (full 11299): garbage-first heap   total 71680K, used 59184K [0x0000000083000000, 0x0000000100000000)
[2020-12-25T03:23:47.648-0400][gc,heap        ] GC(386279)   region size 1024K, 12 young (12288K), 1 survivors (1024K)
[2020-12-25T03:23:47.648-0400][gc,heap        ] GC(386279)  Metaspace       used 61021K, capacity 63721K, committed 64768K, reserved 1107968K
[2020-12-25T03:23:47.648-0400][gc,heap        ] GC(386279)   class space    used 5712K, capacity 6559K, committed 6912K, reserved 1048576K
[2020-12-25T03:23:47.648-0400][gc,start       ] GC(386279) Pause Young (Normal) (G1 Evacuation Pause)
[2020-12-25T03:23:47.649-0400][gc,task        ] GC(386279) Using 4 workers of 4 for evacuation
[2020-12-25T03:23:47.654-0400][gc,phases      ] GC(386279)   Pre Evacuate Collection Set: 0.0ms
[2020-12-25T03:23:47.655-0400][gc,phases      ] GC(386279)   Evacuate Collection Set: 3.5ms
[2020-12-25T03:23:47.655-0400][gc,phases      ] GC(386279)   Post Evacuate Collection Set: 1.9ms
[2020-12-25T03:23:47.655-0400][gc,phases      ] GC(386279)   Other: 0.9ms
[2020-12-25T03:23:47.655-0400][gc,heap        ] GC(386279) Eden regions: 11->0(11)
[2020-12-25T03:23:47.655-0400][gc,heap        ] GC(386279) Survivor regions: 1->1(2)
[2020-12-25T03:23:47.655-0400][gc,heap        ] GC(386279) Old regions: 45->45
[2020-12-25T03:23:47.655-0400][gc,heap        ] GC(386279) Humongous regions: 4->4
[2020-12-25T03:23:47.655-0400][gc,metaspace   ] GC(386279) Metaspace: 61021K->61021K(1107968K)
[2020-12-25T03:23:47.655-0400][gc,heap        ] GC(386279) Heap after GC invocations=386255 (full 11299): garbage-first heap   total 71680K, used 48942K [0x0000000083000000, 0x0000000100000000)
[2020-12-25T03:23:47.655-0400][gc,heap        ] GC(386279)   region size 1024K, 1 young (1024K), 1 survivors (1024K)
[2020-12-25T03:23:47.655-0400][gc,heap        ] GC(386279)  Metaspace       used 61021K, capacity 63721K, committed 64768K, reserved 1107968K
[2020-12-25T03:23:47.655-0400][gc,heap        ] GC(386279)   class space    used 5712K, capacity 6559K, committed 6912K, reserved 1048576K
[2020-12-25T03:23:47.655-0400][gc             ] GC(386279) Pause Young (Normal) (G1 Evacuation Pause) 58M->47M(70M) 6.743ms
[2020-12-25T03:23:47.655-0400][gc,cpu         ] GC(386279) User=0.01s Sys=0.01s Real=0.00s
[2020-12-25T03:24:16.562-0400][gc,heap        ] GC(386280) Heap before GC invocations=386255 (full 11299): garbage-first heap   total 71680K, used 59182K [0x0000000083000000, 0x0000000100000000)
[2020-12-25T03:24:16.562-0400][gc,heap        ] GC(386280)   region size 1024K, 12 young (12288K), 1 survivors (1024K)
[2020-12-25T03:24:16.562-0400][gc,heap        ] GC(386280)  Metaspace       used 61021K, capacity 63721K, committed 64768K, reserved 1107968K
[2020-12-25T03:24:16.562-0400][gc,heap        ] GC(386280)   class space    used 5712K, capacity 6559K, committed 6912K, reserved 1048576K
[2020-12-25T03:24:16.562-0400][gc,start       ] GC(386280) Pause Young (Normal) (G1 Evacuation Pause)
[2020-12-25T03:24:16.562-0400][gc,task        ] GC(386280) Using 4 workers of 4 for evacuation
[2020-12-25T03:24:16.568-0400][gc,phases      ] GC(386280)   Pre Evacuate Collection Set: 0.0ms
[2020-12-25T03:24:16.568-0400][gc,phases      ] GC(386280)   Evacuate Collection Set: 3.7ms
[2020-12-25T03:24:16.568-0400][gc,phases      ] GC(386280)   Post Evacuate Collection Set: 2.0ms
[2020-12-25T03:24:16.568-0400][gc,phases      ] GC(386280)   Other: 0.8ms
[2020-12-25T03:24:16.568-0400][gc,heap        ] GC(386280) Eden regions: 11->0(11)
[2020-12-25T03:24:16.569-0400][gc,heap        ] GC(386280) Survivor regions: 1->1(2)
[2020-12-25T03:24:16.569-0400][gc,heap        ] GC(386280) Old regions: 45->45
[2020-12-25T03:24:16.569-0400][gc,heap        ] GC(386280) Humongous regions: 4->4
[2020-12-25T03:24:16.569-0400][gc,metaspace   ] GC(386280) Metaspace: 61021K->61021K(1107968K)
[2020-12-25T03:24:16.569-0400][gc,heap        ] GC(386280) Heap after GC invocations=386256 (full 11299): garbage-first heap   total 71680K, used 49009K [0x0000000083000000, 0x0000000100000000)
[2020-12-25T03:24:16.569-0400][gc,heap        ] GC(386280)   region size 1024K, 1 young (1024K), 1 survivors (1024K)
[2020-12-25T03:24:16.569-0400][gc,heap        ] GC(386280)  Metaspace       used 61021K, capacity 63721K, committed 64768K, reserved 1107968K
[2020-12-25T03:24:16.569-0400][gc,heap        ] GC(386280)   class space    used 5712K, capacity 6559K, committed 6912K, reserved 1048576K
[2020-12-25T03:24:16.569-0400][gc             ] GC(386280) Pause Young (Normal) (G1 Evacuation Pause) 58M->47M(70M) 7.036ms
[2020-12-25T03:24:16.569-0400][gc,cpu         ] GC(386280) User=0.01s Sys=0.01s Real=0.01s
[2020-12-25T03:24:59.314-0400][gc,heap        ] GC(386281) Heap before GC invocations=386256 (full 11299): garbage-first heap   total 71680K, used 59249K [0x0000000083000000, 0x0000000100000000)
[2020-12-25T03:24:59.314-0400][gc,heap        ] GC(386281)   region size 1024K, 12 young (12288K), 1 survivors (1024K)
[2020-12-25T03:24:59.314-0400][gc,heap        ] GC(386281)  Metaspace       used 61021K, capacity 63721K, committed 64768K, reserved 1107968K
[2020-12-25T03:24:59.314-0400][gc,heap        ] GC(386281)   class space    used 5712K, capacity 6559K, committed 6912K, reserved 1048576K
[2020-12-25T03:24:59.314-0400][gc,start       ] GC(386281) Pause Young (Normal) (G1 Evacuation Pause)
[2020-12-25T03:24:59.314-0400][gc,task        ] GC(386281) Using 4 workers of 4 for evacuation
[2020-12-25T03:24:59.320-0400][gc,phases      ] GC(386281)   Pre Evacuate Collection Set: 0.0ms
[2020-12-25T03:24:59.320-0400][gc,phases      ] GC(386281)   Evacuate Collection Set: 3.9ms
[2020-12-25T03:24:59.320-0400][gc,phases      ] GC(386281)   Post Evacuate Collection Set: 1.5ms
[2020-12-25T03:24:59.321-0400][gc,phases      ] GC(386281)   Other: 0.9ms
[2020-12-25T03:24:59.321-0400][gc,heap        ] GC(386281) Eden regions: 11->0(11)
[2020-12-25T03:24:59.321-0400][gc,heap        ] GC(386281) Survivor regions: 1->1(2)
[2020-12-25T03:24:59.321-0400][gc,heap        ] GC(386281) Old regions: 45->45
[2020-12-25T03:24:59.321-0400][gc,heap        ] GC(386281) Humongous regions: 4->4
[2020-12-25T03:24:59.321-0400][gc,metaspace   ] GC(386281) Metaspace: 61021K->61021K(1107968K)
[2020-12-25T03:24:59.321-0400][gc,heap        ] GC(386281) Heap after GC invocations=386257 (full 11299): garbage-first heap   total 71680K, used 49035K [0x0000000083000000, 0x0000000100000000)
[2020-12-25T03:24:59.321-0400][gc,heap        ] GC(386281)   region size 1024K, 1 young (1024K), 1 survivors (1024K)
[2020-12-25T03:24:59.321-0400][gc,heap        ] GC(386281)  Metaspace       used 61021K, capacity 63721K, committed 64768K, reserved 1107968K
[2020-12-25T03:24:59.321-0400][gc,heap        ] GC(386281)   class space    used 5712K, capacity 6559K, committed 6912K, reserved 1048576K
[2020-12-25T03:24:59.321-0400][gc             ] GC(386281) Pause Young (Normal) (G1 Evacuation Pause) 58M->47M(70M) 6.719ms
[2020-12-25T03:24:59.321-0400][gc,cpu         ] GC(386281) User=0.01s Sys=0.01s Real=0.01s
[2020-12-25T03:25:31.370-0400][gc,heap        ] GC(386282) Heap before GC invocations=386257 (full 11299): garbage-first heap   total 71680K, used 60299K [0x0000000083000000, 0x0000000100000000)
[2020-12-25T03:25:31.371-0400][gc,heap        ] GC(386282)   region size 1024K, 12 young (12288K), 1 survivors (1024K)
[2020-12-25T03:25:31.371-0400][gc,heap        ] GC(386282)  Metaspace       used 61021K, capacity 63721K, committed 64768K, reserved 1107968K
[2020-12-25T03:25:31.371-0400][gc,heap        ] GC(386282)   class space    used 5712K, capacity 6559K, committed 6912K, reserved 1048576K
[2020-12-25T03:25:31.371-0400][gc,start       ] GC(386282) Pause Young (Normal) (G1 Evacuation Pause)
[2020-12-25T03:25:31.371-0400][gc,task        ] GC(386282) Using 4 workers of 4 for evacuation
[2020-12-25T03:25:31.376-0400][gc,phases      ] GC(386282)   Pre Evacuate Collection Set: 0.0ms
[2020-12-25T03:25:31.377-0400][gc,phases      ] GC(386282)   Evacuate Collection Set: 3.5ms
[2020-12-25T03:25:31.377-0400][gc,phases      ] GC(386282)   Post Evacuate Collection Set: 1.6ms
[2020-12-25T03:25:31.377-0400][gc,phases      ] GC(386282)   Other: 0.9ms
[2020-12-25T03:25:31.377-0400][gc,heap        ] GC(386282) Eden regions: 11->0(11)
[2020-12-25T03:25:31.377-0400][gc,heap        ] GC(386282) Survivor regions: 1->1(2)
[2020-12-25T03:25:31.377-0400][gc,heap        ] GC(386282) Old regions: 45->45
[2020-12-25T03:25:31.377-0400][gc,heap        ] GC(386282) Humongous regions: 4->4
[2020-12-25T03:25:31.377-0400][gc,metaspace   ] GC(386282) Metaspace: 61021K->61021K(1107968K)
[2020-12-25T03:25:31.377-0400][gc,heap        ] GC(386282) Heap after GC invocations=386258 (full 11299): garbage-first heap   total 71680K, used 48927K [0x0000000083000000, 0x0000000100000000)
[2020-12-25T03:25:31.377-0400][gc,heap        ] GC(386282)   region size 1024K, 1 young (1024K), 1 survivors (1024K)
[2020-12-25T03:25:31.377-0400][gc,heap        ] GC(386282)  Metaspace       used 61021K, capacity 63721K, committed 64768K, reserved 1107968K
[2020-12-25T03:25:31.377-0400][gc,heap        ] GC(386282)   class space    used 5712K, capacity 6559K, committed 6912K, reserved 1048576K
[2020-12-25T03:25:31.377-0400][gc             ] GC(386282) Pause Young (Normal) (G1 Evacuation Pause) 58M->47M(70M) 6.440ms
[2020-12-25T03:25:31.377-0400][gc,cpu         ] GC(386282) User=0.02s Sys=0.00s Real=0.01s
[2020-12-25T03:26:05.835-0400][gc,heap        ] GC(386283) Heap before GC invocations=386258 (full 11299): garbage-first heap   total 71680K, used 59167K [0x0000000083000000, 0x0000000100000000)
[2020-12-25T03:26:05.836-0400][gc,heap        ] GC(386283)   region size 1024K, 12 young (12288K), 1 survivors (1024K)
[2020-12-25T03:26:05.836-0400][gc,heap        ] GC(386283)  Metaspace       used 61021K, capacity 63721K, committed 64768K, reserved 1107968K
[2020-12-25T03:26:05.836-0400][gc,heap        ] GC(386283)   class space    used 5712K, capacity 6559K, committed 6912K, reserved 1048576K
[2020-12-25T03:26:05.836-0400][gc,start       ] GC(386283) Pause Young (Normal) (G1 Evacuation Pause)
[2020-12-25T03:26:05.836-0400][gc,task        ] GC(386283) Using 4 workers of 4 for evacuation
[2020-12-25T03:26:05.842-0400][gc,phases      ] GC(386283)   Pre Evacuate Collection Set: 0.0ms
[2020-12-25T03:26:05.842-0400][gc,phases      ] GC(386283)   Evacuate Collection Set: 3.9ms
[2020-12-25T03:26:05.842-0400][gc,phases      ] GC(386283)   Post Evacuate Collection Set: 1.6ms
[2020-12-25T03:26:05.842-0400][gc,phases      ] GC(386283)   Other: 0.8ms
[2020-12-25T03:26:05.842-0400][gc,heap        ] GC(386283) Eden regions: 11->0(11)
[2020-12-25T03:26:05.842-0400][gc,heap        ] GC(386283) Survivor regions: 1->1(2)
[2020-12-25T03:26:05.842-0400][gc,heap        ] GC(386283) Old regions: 45->45
[2020-12-25T03:26:05.842-0400][gc,heap        ] GC(386283) Humongous regions: 4->4
[2020-12-25T03:26:05.842-0400][gc,metaspace   ] GC(386283) Metaspace: 61021K->61021K(1107968K)
[2020-12-25T03:26:05.842-0400][gc,heap        ] GC(386283) Heap after GC invocations=386259 (full 11299): garbage-first heap   total 71680K, used 49050K [0x0000000083000000, 0x0000000100000000)
[2020-12-25T03:26:05.842-0400][gc,heap        ] GC(386283)   region size 1024K, 1 young (1024K), 1 survivors (1024K)
[2020-12-25T03:26:05.842-0400][gc,heap        ] GC(386283)  Metaspace       used 61021K, capacity 63721K, committed 64768K, reserved 1107968K
[2020-12-25T03:26:05.842-0400][gc,heap        ] GC(386283)   class space    used 5712K, capacity 6559K, committed 6912K, reserved 1048576K
[2020-12-25T03:26:05.843-0400][gc             ] GC(386283) Pause Young (Normal) (G1 Evacuation Pause) 58M->47M(70M) 6.665ms
[2020-12-25T03:26:05.843-0400][gc,cpu         ] GC(386283) User=0.02s Sys=0.00s Real=0.00s
[2020-12-25T03:26:29.124-0400][gc,heap        ] GC(386284) Heap before GC invocations=386259 (full 11299): garbage-first heap   total 71680K, used 59290K [0x0000000083000000, 0x0000000100000000)
[2020-12-25T03:26:29.124-0400][gc,heap        ] GC(386284)   region size 1024K, 12 young (12288K), 1 survivors (1024K)
[2020-12-25T03:26:29.124-0400][gc,heap        ] GC(386284)  Metaspace       used 61021K, capacity 63721K, committed 64768K, reserved 1107968K
[2020-12-25T03:26:29.124-0400][gc,heap        ] GC(386284)   class space    used 5712K, capacity 6559K, committed 6912K, reserved 1048576K
[2020-12-25T03:26:29.125-0400][gc,start       ] GC(386284) Pause Young (Normal) (G1 Evacuation Pause)
[2020-12-25T03:26:29.125-0400][gc,task        ] GC(386284) Using 4 workers of 4 for evacuation
[2020-12-25T03:26:29.131-0400][gc,phases      ] GC(386284)   Pre Evacuate Collection Set: 0.0ms
[2020-12-25T03:26:29.131-0400][gc,phases      ] GC(386284)   Evacuate Collection Set: 3.5ms
[2020-12-25T03:26:29.131-0400][gc,phases      ] GC(386284)   Post Evacuate Collection Set: 1.9ms
[2020-12-25T03:26:29.131-0400][gc,phases      ] GC(386284)   Other: 0.9ms
[2020-12-25T03:26:29.131-0400][gc,heap        ] GC(386284) Eden regions: 11->0(11)
[2020-12-25T03:26:29.131-0400][gc,heap        ] GC(386284) Survivor regions: 1->1(2)
[2020-12-25T03:26:29.131-0400][gc,heap        ] GC(386284) Old regions: 45->45
[2020-12-25T03:26:29.131-0400][gc,heap        ] GC(386284) Humongous regions: 4->4
[2020-12-25T03:26:29.131-0400][gc,metaspace   ] GC(386284) Metaspace: 61021K->61021K(1107968K)
[2020-12-25T03:26:29.131-0400][gc,heap        ] GC(386284) Heap after GC invocations=386260 (full 11299): garbage-first heap   total 71680K, used 48989K [0x0000000083000000, 0x0000000100000000)
[2020-12-25T03:26:29.131-0400][gc,heap        ] GC(386284)   region size 1024K, 1 young (1024K), 1 survivors (1024K)
[2020-12-25T03:26:29.131-0400][gc,heap        ] GC(386284)  Metaspace       used 61021K, capacity 63721K, committed 64768K, reserved 1107968K
[2020-12-25T03:26:29.131-0400][gc,heap        ] GC(386284)   class space    used 5712K, capacity 6559K, committed 6912K, reserved 1048576K
[2020-12-25T03:26:29.131-0400][gc             ] GC(386284) Pause Young (Normal) (G1 Evacuation Pause) 58M->47M(70M) 6.723ms
[2020-12-25T03:26:29.131-0400][gc,cpu         ] GC(386284) User=0.01s Sys=0.01s Real=0.01s
[2020-12-25T03:26:50.924-0400][gc,task        ] GC(386285) Using 3 workers of 4 for full compaction
[2020-12-25T03:26:50.924-0400][gc,start       ] GC(386285) Pause Full (System.gc())
[2020-12-25T03:26:50.924-0400][gc,heap        ] GC(386285) Heap before GC invocations=386260 (full 11299): garbage-first heap   total 71680K, used 57181K [0x0000000083000000, 0x0000000100000000)
[2020-12-25T03:26:50.924-0400][gc,heap        ] GC(386285)   region size 1024K, 10 young (10240K), 1 survivors (1024K)
[2020-12-25T03:26:50.924-0400][gc,heap        ] GC(386285)  Metaspace       used 61021K, capacity 63721K, committed 64768K, reserved 1107968K
[2020-12-25T03:26:50.924-0400][gc,heap        ] GC(386285)   class space    used 5712K, capacity 6559K, committed 6912K, reserved 1048576K
[2020-12-25T03:26:50.927-0400][gc,phases,start] GC(386285) Phase 1: Mark live objects
[2020-12-25T03:26:51.072-0400][gc,stringtable ] GC(386285) Cleaned string and symbol table, strings: 32207 processed, 0 removed, symbols: 131451 processed, 0 removed
[2020-12-25T03:26:51.072-0400][gc,phases      ] GC(386285) Phase 1: Mark live objects 145.214ms
[2020-12-25T03:26:51.072-0400][gc,phases,start] GC(386285) Phase 2: Prepare for compaction
[2020-12-25T03:26:51.103-0400][gc,phases      ] GC(386285) Phase 2: Prepare for compaction 31.138ms
[2020-12-25T03:26:51.103-0400][gc,phases,start] GC(386285) Phase 3: Adjust pointers
[2020-12-25T03:26:51.180-0400][gc,phases      ] GC(386285) Phase 3: Adjust pointers 76.269ms
[2020-12-25T03:26:51.180-0400][gc,phases,start] GC(386285) Phase 4: Compact heap
[2020-12-25T03:26:51.201-0400][gc,phases      ] GC(386285) Phase 4: Compact heap 21.679ms
[2020-12-25T03:26:51.238-0400][gc,heap        ] GC(386285) Eden regions: 9->0(11)
[2020-12-25T03:26:51.238-0400][gc,heap        ] GC(386285) Survivor regions: 1->0(2)
[2020-12-25T03:26:51.239-0400][gc,heap        ] GC(386285) Old regions: 45->46
[2020-12-25T03:26:51.239-0400][gc,heap        ] GC(386285) Humongous regions: 4->4
[2020-12-25T03:26:51.239-0400][gc,metaspace   ] GC(386285) Metaspace: 61021K->61021K(1107968K)
[2020-12-25T03:26:51.239-0400][gc,heap        ] GC(386285) Heap after GC invocations=386261 (full 11300): garbage-first heap   total 71680K, used 48469K [0x0000000083000000, 0x0000000100000000)
[2020-12-25T03:26:51.239-0400][gc,heap        ] GC(386285)   region size 1024K, 0 young (0K), 0 survivors (0K)
[2020-12-25T03:26:51.239-0400][gc,heap        ] GC(386285)  Metaspace       used 61021K, capacity 63721K, committed 64768K, reserved 1107968K
[2020-12-25T03:26:51.239-0400][gc,heap        ] GC(386285)   class space    used 5712K, capacity 6559K, committed 6912K, reserved 1048576K
[2020-12-25T03:26:51.239-0400][gc             ] GC(386285) Pause Full (System.gc()) 55M->47M(70M) 314.854ms
[2020-12-25T03:26:51.239-0400][gc,cpu         ] GC(386285) User=0.83s Sys=0.00s Real=0.32s
[2020-12-25T03:27:06.570-0400][gc,heap        ] GC(386286) Heap before GC invocations=386261 (full 11300): garbage-first heap   total 71680K, used 58709K [0x0000000083000000, 0x0000000100000000)
[2020-12-25T03:27:06.570-0400][gc,heap        ] GC(386286)   region size 1024K, 11 young (11264K), 0 survivors (0K)
[2020-12-25T03:27:06.570-0400][gc,heap        ] GC(386286)  Metaspace       used 61021K, capacity 63721K, committed 64768K, reserved 1107968K
[2020-12-25T03:27:06.570-0400][gc,heap        ] GC(386286)   class space    used 5712K, capacity 6559K, committed 6912K, reserved 1048576K
[2020-12-25T03:27:06.570-0400][gc,start       ] GC(386286) Pause Young (Normal) (G1 Evacuation Pause)
[2020-12-25T03:27:06.570-0400][gc,task        ] GC(386286) Using 4 workers of 4 for evacuation
[2020-12-25T03:27:06.575-0400][gc,phases      ] GC(386286)   Pre Evacuate Collection Set: 0.0ms
[2020-12-25T03:27:06.576-0400][gc,phases      ] GC(386286)   Evacuate Collection Set: 3.1ms
[2020-12-25T03:27:06.576-0400][gc,phases      ] GC(386286)   Post Evacuate Collection Set: 1.9ms
[2020-12-25T03:27:06.576-0400][gc,phases      ] GC(386286)   Other: 0.8ms
[2020-12-25T03:27:06.576-0400][gc,heap        ] GC(386286) Eden regions: 11->0(10)
[2020-12-25T03:27:06.576-0400][gc,heap        ] GC(386286) Survivor regions: 0->1(2)
[2020-12-25T03:27:06.576-0400][gc,heap        ] GC(386286) Old regions: 46->46
[2020-12-25T03:27:06.576-0400][gc,heap        ] GC(386286) Humongous regions: 4->4
[2020-12-25T03:27:06.576-0400][gc,metaspace   ] GC(386286) Metaspace: 61021K->61021K(1107968K)
[2020-12-25T03:27:06.576-0400][gc,heap        ] GC(386286) Heap after GC invocations=386262 (full 11300): garbage-first heap   total 71680K, used 48820K [0x0000000083000000, 0x0000000100000000)
[2020-12-25T03:27:06.576-0400][gc,heap        ] GC(386286)   region size 1024K, 1 young (1024K), 1 survivors (1024K)
[2020-12-25T03:27:06.576-0400][gc,heap        ] GC(386286)  Metaspace       used 61021K, capacity 63721K, committed 64768K, reserved 1107968K
[2020-12-25T03:27:06.576-0400][gc,heap        ] GC(386286)   class space    used 5712K, capacity 6559K, committed 6912K, reserved 1048576K
[2020-12-25T03:27:06.576-0400][gc             ] GC(386286) Pause Young (Normal) (G1 Evacuation Pause) 58M->47M(70M) 6.300ms
[2020-12-25T03:27:06.576-0400][gc,cpu         ] GC(386286) User=0.01s Sys=0.00s Real=0.01s
[2020-12-25T03:27:46.463-0400][gc,heap        ] GC(386287) Heap before GC invocations=386262 (full 11300): garbage-first heap   total 71680K, used 58036K [0x0000000083000000, 0x0000000100000000)
[2020-12-25T03:27:46.463-0400][gc,heap        ] GC(386287)   region size 1024K, 11 young (11264K), 1 survivors (1024K)
[2020-12-25T03:27:46.463-0400][gc,heap        ] GC(386287)  Metaspace       used 61021K, capacity 63721K, committed 64768K, reserved 1107968K
[2020-12-25T03:27:46.463-0400][gc,heap        ] GC(386287)   class space    used 5712K, capacity 6559K, committed 6912K, reserved 1048576K
[2020-12-25T03:27:46.463-0400][gc,start       ] GC(386287) Pause Young (Normal) (G1 Evacuation Pause)
[2020-12-25T03:27:46.463-0400][gc,task        ] GC(386287) Using 4 workers of 4 for evacuation
[2020-12-25T03:27:46.469-0400][gc,phases      ] GC(386287)   Pre Evacuate Collection Set: 0.0ms
[2020-12-25T03:27:46.469-0400][gc,phases      ] GC(386287)   Evacuate Collection Set: 3.0ms
[2020-12-25T03:27:46.469-0400][gc,phases      ] GC(386287)   Post Evacuate Collection Set: 1.8ms
[2020-12-25T03:27:46.469-0400][gc,phases      ] GC(386287)   Other: 0.9ms
[2020-12-25T03:27:46.469-0400][gc,heap        ] GC(386287) Eden regions: 10->0(10)
[2020-12-25T03:27:46.469-0400][gc,heap        ] GC(386287) Survivor regions: 1->1(2)
[2020-12-25T03:27:46.469-0400][gc,heap        ] GC(386287) Old regions: 46->46
[2020-12-25T03:27:46.469-0400][gc,heap        ] GC(386287) Humongous regions: 4->4
[2020-12-25T03:27:46.469-0400][gc,metaspace   ] GC(386287) Metaspace: 61021K->61021K(1107968K)
[2020-12-25T03:27:46.469-0400][gc,heap        ] GC(386287) Heap after GC invocations=386263 (full 11300): garbage-first heap   total 71680K, used 48779K [0x0000000083000000, 0x0000000100000000)
[2020-12-25T03:27:46.469-0400][gc,heap        ] GC(386287)   region size 1024K, 1 young (1024K), 1 survivors (1024K)
[2020-12-25T03:27:46.469-0400][gc,heap        ] GC(386287)  Metaspace       used 61021K, capacity 63721K, committed 64768K, reserved 1107968K
[2020-12-25T03:27:46.469-0400][gc,heap        ] GC(386287)   class space    used 5712K, capacity 6559K, committed 6912K, reserved 1048576K
[2020-12-25T03:27:46.469-0400][gc             ] GC(386287) Pause Young (Normal) (G1 Evacuation Pause) 57M->47M(70M) 6.164ms
[2020-12-25T03:27:46.470-0400][gc,cpu         ] GC(386287) User=0.01s Sys=0.01s Real=0.01s
[2020-12-25T03:28:13.891-0400][gc,heap        ] GC(386288) Heap before GC invocations=386263 (full 11300): garbage-first heap   total 71680K, used 57995K [0x0000000083000000, 0x0000000100000000)
[2020-12-25T03:28:13.891-0400][gc,heap        ] GC(386288)   region size 1024K, 11 young (11264K), 1 survivors (1024K)
[2020-12-25T03:28:13.891-0400][gc,heap        ] GC(386288)  Metaspace       used 61021K, capacity 63721K, committed 64768K, reserved 1107968K
[2020-12-25T03:28:13.891-0400][gc,heap        ] GC(386288)   class space    used 5712K, capacity 6559K, committed 6912K, reserved 1048576K
[2020-12-25T03:28:13.891-0400][gc,start       ] GC(386288) Pause Young (Normal) (G1 Evacuation Pause)
[2020-12-25T03:28:13.891-0400][gc,task        ] GC(386288) Using 4 workers of 4 for evacuation
[2020-12-25T03:28:13.897-0400][gc,phases      ] GC(386288)   Pre Evacuate Collection Set: 0.0ms
[2020-12-25T03:28:13.897-0400][gc,phases      ] GC(386288)   Evacuate Collection Set: 3.2ms
[2020-12-25T03:28:13.897-0400][gc,phases      ] GC(386288)   Post Evacuate Collection Set: 2.0ms
[2020-12-25T03:28:13.897-0400][gc,phases      ] GC(386288)   Other: 0.9ms
[2020-12-25T03:28:13.897-0400][gc,heap        ] GC(386288) Eden regions: 10->0(10)
[2020-12-25T03:28:13.897-0400][gc,heap        ] GC(386288) Survivor regions: 1->1(2)
[2020-12-25T03:28:13.897-0400][gc,heap        ] GC(386288) Old regions: 46->46
[2020-12-25T03:28:13.897-0400][gc,heap        ] GC(386288) Humongous regions: 4->4
[2020-12-25T03:28:13.897-0400][gc,metaspace   ] GC(386288) Metaspace: 61021K->61021K(1107968K)
[2020-12-25T03:28:13.897-0400][gc,heap        ] GC(386288) Heap after GC invocations=386264 (full 11300): garbage-first heap   total 71680K, used 48795K [0x0000000083000000, 0x0000000100000000)
[2020-12-25T03:28:13.897-0400][gc,heap        ] GC(386288)   region size 1024K, 1 young (1024K), 1 survivors (1024K)
[2020-12-25T03:28:13.897-0400][gc,heap        ] GC(386288)  Metaspace       used 61021K, capacity 63721K, committed 64768K, reserved 1107968K
[2020-12-25T03:28:13.897-0400][gc,heap        ] GC(386288)   class space    used 5712K, capacity 6559K, committed 6912K, reserved 1048576K
[2020-12-25T03:28:13.897-0400][gc             ] GC(386288) Pause Young (Normal) (G1 Evacuation Pause) 57M->47M(70M) 6.478ms
[2020-12-25T03:28:13.898-0400][gc,cpu         ] GC(386288) User=0.01s Sys=0.01s Real=0.01s
[2020-12-25T03:28:47.710-0400][gc,heap        ] GC(386289) Heap before GC invocations=386264 (full 11300): garbage-first heap   total 71680K, used 58011K [0x0000000083000000, 0x0000000100000000)
[2020-12-25T03:28:47.710-0400][gc,heap        ] GC(386289)   region size 1024K, 11 young (11264K), 1 survivors (1024K)
[2020-12-25T03:28:47.710-0400][gc,heap        ] GC(386289)  Metaspace       used 61021K, capacity 63721K, committed 64768K, reserved 1107968K
[2020-12-25T03:28:47.710-0400][gc,heap        ] GC(386289)   class space    used 5712K, capacity 6559K, committed 6912K, reserved 1048576K
[2020-12-25T03:28:47.710-0400][gc,start       ] GC(386289) Pause Young (Normal) (G1 Evacuation Pause)
[2020-12-25T03:28:47.710-0400][gc,task        ] GC(386289) Using 4 workers of 4 for evacuation
[2020-12-25T03:28:47.716-0400][gc,phases      ] GC(386289)   Pre Evacuate Collection Set: 0.0ms
[2020-12-25T03:28:47.716-0400][gc,phases      ] GC(386289)   Evacuate Collection Set: 3.7ms
[2020-12-25T03:28:47.716-0400][gc,phases      ] GC(386289)   Post Evacuate Collection Set: 1.8ms
[2020-12-25T03:28:47.716-0400][gc,phases      ] GC(386289)   Other: 0.9ms
[2020-12-25T03:28:47.716-0400][gc,heap        ] GC(386289) Eden regions: 10->0(10)
[2020-12-25T03:28:47.716-0400][gc,heap        ] GC(386289) Survivor regions: 1->1(2)
[2020-12-25T03:28:47.716-0400][gc,heap        ] GC(386289) Old regions: 46->46
[2020-12-25T03:28:47.716-0400][gc,heap        ] GC(386289) Humongous regions: 4->4
[2020-12-25T03:28:47.716-0400][gc,metaspace   ] GC(386289) Metaspace: 61021K->61021K(1107968K)
[2020-12-25T03:28:47.716-0400][gc,heap        ] GC(386289) Heap after GC invocations=386265 (full 11300): garbage-first heap   total 71680K, used 48756K [0x0000000083000000, 0x0000000100000000)
[2020-12-25T03:28:47.716-0400][gc,heap        ] GC(386289)   region size 1024K, 1 young (1024K), 1 survivors (1024K)
[2020-12-25T03:28:47.716-0400][gc,heap        ] GC(386289)  Metaspace       used 61021K, capacity 63721K, committed 64768K, reserved 1107968K
[2020-12-25T03:28:47.717-0400][gc,heap        ] GC(386289)   class space    used 5712K, capacity 6559K, committed 6912K, reserved 1048576K
[2020-12-25T03:28:47.717-0400][gc             ] GC(386289) Pause Young (Normal) (G1 Evacuation Pause) 57M->47M(70M) 6.707ms
[2020-12-25T03:28:47.717-0400][gc,cpu         ] GC(386289) User=0.01s Sys=0.00s Real=0.01s
[2020-12-25T03:29:08.537-0400][gc,heap        ] GC(386290) Heap before GC invocations=386265 (full 11300): garbage-first heap   total 71680K, used 57972K [0x0000000083000000, 0x0000000100000000)
[2020-12-25T03:29:08.538-0400][gc,heap        ] GC(386290)   region size 1024K, 11 young (11264K), 1 survivors (1024K)
[2020-12-25T03:29:08.538-0400][gc,heap        ] GC(386290)  Metaspace       used 61021K, capacity 63721K, committed 64768K, reserved 1107968K
[2020-12-25T03:29:08.538-0400][gc,heap        ] GC(386290)   class space    used 5712K, capacity 6559K, committed 6912K, reserved 1048576K
[2020-12-25T03:29:08.538-0400][gc,start       ] GC(386290) Pause Young (Normal) (G1 Evacuation Pause)
[2020-12-25T03:29:08.538-0400][gc,task        ] GC(386290) Using 4 workers of 4 for evacuation
[2020-12-25T03:29:08.543-0400][gc,phases      ] GC(386290)   Pre Evacuate Collection Set: 0.0ms
[2020-12-25T03:29:08.544-0400][gc,phases      ] GC(386290)   Evacuate Collection Set: 3.0ms
[2020-12-25T03:29:08.544-0400][gc,phases      ] GC(386290)   Post Evacuate Collection Set: 2.0ms
[2020-12-25T03:29:08.544-0400][gc,phases      ] GC(386290)   Other: 0.9ms
[2020-12-25T03:29:08.544-0400][gc,heap        ] GC(386290) Eden regions: 10->0(10)
[2020-12-25T03:29:08.544-0400][gc,heap        ] GC(386290) Survivor regions: 1->1(2)
[2020-12-25T03:29:08.544-0400][gc,heap        ] GC(386290) Old regions: 46->46
[2020-12-25T03:29:08.544-0400][gc,heap        ] GC(386290) Humongous regions: 4->4
[2020-12-25T03:29:08.544-0400][gc,metaspace   ] GC(386290) Metaspace: 61021K->61021K(1107968K)
[2020-12-25T03:29:08.544-0400][gc,heap        ] GC(386290) Heap after GC invocations=386266 (full 11300): garbage-first heap   total 71680K, used 48779K [0x0000000083000000, 0x0000000100000000)
[2020-12-25T03:29:08.544-0400][gc,heap        ] GC(386290)   region size 1024K, 1 young (1024K), 1 survivors (1024K)
[2020-12-25T03:29:08.544-0400][gc,heap        ] GC(386290)  Metaspace       used 61021K, capacity 63721K, committed 64768K, reserved 1107968K
[2020-12-25T03:29:08.544-0400][gc,heap        ] GC(386290)   class space    used 5712K, capacity 6559K, committed 6912K, reserved 1048576K
[2020-12-25T03:29:08.544-0400][gc             ] GC(386290) Pause Young (Normal) (G1 Evacuation Pause) 57M->47M(70M) 6.352ms
[2020-12-25T03:29:08.544-0400][gc,cpu         ] GC(386290) User=0.01s Sys=0.00s Real=0.00s
[2020-12-25T03:29:51.675-0400][gc,heap        ] GC(386291) Heap before GC invocations=386266 (full 11300): garbage-first heap   total 71680K, used 57995K [0x0000000083000000, 0x0000000100000000)
[2020-12-25T03:29:51.675-0400][gc,heap        ] GC(386291)   region size 1024K, 11 young (11264K), 1 survivors (1024K)
[2020-12-25T03:29:51.675-0400][gc,heap        ] GC(386291)  Metaspace       used 61021K, capacity 63721K, committed 64768K, reserved 1107968K
[2020-12-25T03:29:51.675-0400][gc,heap        ] GC(386291)   class space    used 5712K, capacity 6559K, committed 6912K, reserved 1048576K
[2020-12-25T03:29:51.675-0400][gc,start       ] GC(386291) Pause Young (Normal) (G1 Evacuation Pause)
[2020-12-25T03:29:51.675-0400][gc,task        ] GC(386291) Using 4 workers of 4 for evacuation
[2020-12-25T03:29:51.680-0400][gc,phases      ] GC(386291)   Pre Evacuate Collection Set: 0.0ms
[2020-12-25T03:29:51.681-0400][gc,phases      ] GC(386291)   Evacuate Collection Set: 3.2ms
[2020-12-25T03:29:51.681-0400][gc,phases      ] GC(386291)   Post Evacuate Collection Set: 1.7ms
[2020-12-25T03:29:51.681-0400][gc,phases      ] GC(386291)   Other: 0.8ms
[2020-12-25T03:29:51.681-0400][gc,heap        ] GC(386291) Eden regions: 10->0(10)
[2020-12-25T03:29:51.681-0400][gc,heap        ] GC(386291) Survivor regions: 1->1(2)
[2020-12-25T03:29:51.681-0400][gc,heap        ] GC(386291) Old regions: 46->46
[2020-12-25T03:29:51.681-0400][gc,heap        ] GC(386291) Humongous regions: 4->4
[2020-12-25T03:29:51.681-0400][gc,metaspace   ] GC(386291) Metaspace: 61021K->61021K(1107968K)
[2020-12-25T03:29:51.681-0400][gc,heap        ] GC(386291) Heap after GC invocations=386267 (full 11300): garbage-first heap   total 71680K, used 48807K [0x0000000083000000, 0x0000000100000000)
[2020-12-25T03:29:51.681-0400][gc,heap        ] GC(386291)   region size 1024K, 1 young (1024K), 1 survivors (1024K)
[2020-12-25T03:29:51.681-0400][gc,heap        ] GC(386291)  Metaspace       used 61021K, capacity 63721K, committed 64768K, reserved 1107968K
[2020-12-25T03:29:51.681-0400][gc,heap        ] GC(386291)   class space    used 5712K, capacity 6559K, committed 6912K, reserved 1048576K
[2020-12-25T03:29:51.681-0400][gc             ] GC(386291) Pause Young (Normal) (G1 Evacuation Pause) 57M->47M(70M) 6.184ms
[2020-12-25T03:29:51.681-0400][gc,cpu         ] GC(386291) User=0.01s Sys=0.00s Real=0.01s
[2020-12-25T03:30:08.420-0400][gc,heap        ] GC(386292) Heap before GC invocations=386267 (full 11300): garbage-first heap   total 71680K, used 58023K [0x0000000083000000, 0x0000000100000000)
[2020-12-25T03:30:08.420-0400][gc,heap        ] GC(386292)   region size 1024K, 11 young (11264K), 1 survivors (1024K)
[2020-12-25T03:30:08.420-0400][gc,heap        ] GC(386292)  Metaspace       used 61021K, capacity 63721K, committed 64768K, reserved 1107968K
[2020-12-25T03:30:08.420-0400][gc,heap        ] GC(386292)   class space    used 5712K, capacity 6559K, committed 6912K, reserved 1048576K
[2020-12-25T03:30:08.420-0400][gc,start       ] GC(386292) Pause Young (Normal) (G1 Evacuation Pause)
[2020-12-25T03:30:08.421-0400][gc,task        ] GC(386292) Using 4 workers of 4 for evacuation
[2020-12-25T03:30:08.426-0400][gc,phases      ] GC(386292)   Pre Evacuate Collection Set: 0.0ms
[2020-12-25T03:30:08.426-0400][gc,phases      ] GC(386292)   Evacuate Collection Set: 3.4ms
[2020-12-25T03:30:08.426-0400][gc,phases      ] GC(386292)   Post Evacuate Collection Set: 1.4ms
[2020-12-25T03:30:08.426-0400][gc,phases      ] GC(386292)   Other: 0.8ms
[2020-12-25T03:30:08.426-0400][gc,heap        ] GC(386292) Eden regions: 10->0(10)
[2020-12-25T03:30:08.426-0400][gc,heap        ] GC(386292) Survivor regions: 1->1(2)
[2020-12-25T03:30:08.426-0400][gc,heap        ] GC(386292) Old regions: 46->46
[2020-12-25T03:30:08.426-0400][gc,heap        ] GC(386292) Humongous regions: 4->4
[2020-12-25T03:30:08.426-0400][gc,metaspace   ] GC(386292) Metaspace: 61021K->61021K(1107968K)
[2020-12-25T03:30:08.426-0400][gc,heap        ] GC(386292) Heap after GC invocations=386268 (full 11300): garbage-first heap   total 71680K, used 48875K [0x0000000083000000, 0x0000000100000000)
[2020-12-25T03:30:08.426-0400][gc,heap        ] GC(386292)   region size 1024K, 1 young (1024K), 1 survivors (1024K)
[2020-12-25T03:30:08.426-0400][gc,heap        ] GC(386292)  Metaspace       used 61021K, capacity 63721K, committed 64768K, reserved 1107968K
[2020-12-25T03:30:08.426-0400][gc,heap        ] GC(386292)   class space    used 5712K, capacity 6559K, committed 6912K, reserved 1048576K
[2020-12-25T03:30:08.427-0400][gc             ] GC(386292) Pause Young (Normal) (G1 Evacuation Pause) 57M->47M(70M) 6.114ms
[2020-12-25T03:30:08.427-0400][gc,cpu         ] GC(386292) User=0.01s Sys=0.00s Real=0.01s
[2020-12-25T03:30:38.874-0400][gc,heap        ] GC(386293) Heap before GC invocations=386268 (full 11300): garbage-first heap   total 71680K, used 58091K [0x0000000083000000, 0x0000000100000000)
[2020-12-25T03:30:38.874-0400][gc,heap        ] GC(386293)   region size 1024K, 11 young (11264K), 1 survivors (1024K)
[2020-12-25T03:30:38.874-0400][gc,heap        ] GC(386293)  Metaspace       used 61021K, capacity 63721K, committed 64768K, reserved 1107968K
[2020-12-25T03:30:38.874-0400][gc,heap        ] GC(386293)   class space    used 5712K, capacity 6559K, committed 6912K, reserved 1048576K
[2020-12-25T03:30:38.875-0400][gc,start       ] GC(386293) Pause Young (Normal) (G1 Evacuation Pause)
[2020-12-25T03:30:38.875-0400][gc,task        ] GC(386293) Using 4 workers of 4 for evacuation
[2020-12-25T03:30:38.880-0400][gc,phases      ] GC(386293)   Pre Evacuate Collection Set: 0.0ms
[2020-12-25T03:30:38.880-0400][gc,phases      ] GC(386293)   Evacuate Collection Set: 3.3ms
[2020-12-25T03:30:38.880-0400][gc,phases      ] GC(386293)   Post Evacuate Collection Set: 1.8ms
[2020-12-25T03:30:38.881-0400][gc,phases      ] GC(386293)   Other: 1.0ms
[2020-12-25T03:30:38.881-0400][gc,heap        ] GC(386293) Eden regions: 10->0(10)
[2020-12-25T03:30:38.881-0400][gc,heap        ] GC(386293) Survivor regions: 1->1(2)
[2020-12-25T03:30:38.881-0400][gc,heap        ] GC(386293) Old regions: 46->46
[2020-12-25T03:30:38.881-0400][gc,heap        ] GC(386293) Humongous regions: 4->4
[2020-12-25T03:30:38.881-0400][gc,metaspace   ] GC(386293) Metaspace: 61021K->61021K(1107968K)
[2020-12-25T03:30:38.881-0400][gc,heap        ] GC(386293) Heap after GC invocations=386269 (full 11300): garbage-first heap   total 71680K, used 48864K [0x0000000083000000, 0x0000000100000000)
[2020-12-25T03:30:38.881-0400][gc,heap        ] GC(386293)   region size 1024K, 1 young (1024K), 1 survivors (1024K)
[2020-12-25T03:30:38.881-0400][gc,heap        ] GC(386293)  Metaspace       used 61021K, capacity 63721K, committed 64768K, reserved 1107968K
[2020-12-25T03:30:38.881-0400][gc,heap        ] GC(386293)   class space    used 5712K, capacity 6559K, committed 6912K, reserved 1048576K
[2020-12-25T03:30:38.881-0400][gc             ] GC(386293) Pause Young (Normal) (G1 Evacuation Pause) 57M->47M(70M) 6.499ms
[2020-12-25T03:30:38.881-0400][gc,cpu         ] GC(386293) User=0.01s Sys=0.00s Real=0.01s
[2020-12-25T03:31:09.090-0400][gc,heap        ] GC(386294) Heap before GC invocations=386269 (full 11300): garbage-first heap   total 71680K, used 58080K [0x0000000083000000, 0x0000000100000000)
[2020-12-25T03:31:09.090-0400][gc,heap        ] GC(386294)   region size 1024K, 11 young (11264K), 1 survivors (1024K)
[2020-12-25T03:31:09.090-0400][gc,heap        ] GC(386294)  Metaspace       used 61021K, capacity 63721K, committed 64768K, reserved 1107968K
[2020-12-25T03:31:09.090-0400][gc,heap        ] GC(386294)   class space    used 5712K, capacity 6559K, committed 6912K, reserved 1048576K
[2020-12-25T03:31:09.090-0400][gc,start       ] GC(386294) Pause Young (Normal) (G1 Evacuation Pause)
[2020-12-25T03:31:09.090-0400][gc,task        ] GC(386294) Using 4 workers of 4 for evacuation
[2020-12-25T03:31:09.096-0400][gc,phases      ] GC(386294)   Pre Evacuate Collection Set: 0.0ms
[2020-12-25T03:31:09.097-0400][gc,phases      ] GC(386294)   Evacuate Collection Set: 3.9ms
[2020-12-25T03:31:09.097-0400][gc,phases      ] GC(386294)   Post Evacuate Collection Set: 2.0ms
[2020-12-25T03:31:09.097-0400][gc,phases      ] GC(386294)   Other: 0.9ms
[2020-12-25T03:31:09.097-0400][gc,heap        ] GC(386294) Eden regions: 10->0(10)
[2020-12-25T03:31:09.097-0400][gc,heap        ] GC(386294) Survivor regions: 1->1(2)
[2020-12-25T03:31:09.097-0400][gc,heap        ] GC(386294) Old regions: 46->46
[2020-12-25T03:31:09.097-0400][gc,heap        ] GC(386294) Humongous regions: 4->4
[2020-12-25T03:31:09.097-0400][gc,metaspace   ] GC(386294) Metaspace: 61021K->61021K(1107968K)
[2020-12-25T03:31:09.097-0400][gc,heap        ] GC(386294) Heap after GC invocations=386270 (full 11300): garbage-first heap   total 71680K, used 49017K [0x0000000083000000, 0x0000000100000000)
[2020-12-25T03:31:09.097-0400][gc,heap        ] GC(386294)   region size 1024K, 1 young (1024K), 1 survivors (1024K)
[2020-12-25T03:31:09.097-0400][gc,heap        ] GC(386294)  Metaspace       used 61021K, capacity 63721K, committed 64768K, reserved 1107968K
[2020-12-25T03:31:09.097-0400][gc,heap        ] GC(386294)   class space    used 5712K, capacity 6559K, committed 6912K, reserved 1048576K
[2020-12-25T03:31:09.097-0400][gc             ] GC(386294) Pause Young (Normal) (G1 Evacuation Pause) 57M->47M(70M) 7.286ms
[2020-12-25T03:31:09.097-0400][gc,cpu         ] GC(386294) User=0.01s Sys=0.01s Real=0.01s
[2020-12-25T03:31:47.990-0400][gc,heap        ] GC(386295) Heap before GC invocations=386270 (full 11300): garbage-first heap   total 71680K, used 59257K [0x0000000083000000, 0x0000000100000000)
[2020-12-25T03:31:47.990-0400][gc,heap        ] GC(386295)   region size 1024K, 11 young (11264K), 1 survivors (1024K)
[2020-12-25T03:31:47.990-0400][gc,heap        ] GC(386295)  Metaspace       used 61021K, capacity 63721K, committed 64768K, reserved 1107968K
[2020-12-25T03:31:47.990-0400][gc,heap        ] GC(386295)   class space    used 5712K, capacity 6559K, committed 6912K, reserved 1048576K
[2020-12-25T03:31:47.990-0400][gc,start       ] GC(386295) Pause Young (Normal) (G1 Evacuation Pause)
[2020-12-25T03:31:47.990-0400][gc,task        ] GC(386295) Using 4 workers of 4 for evacuation
[2020-12-25T03:31:47.996-0400][gc,phases      ] GC(386295)   Pre Evacuate Collection Set: 0.0ms
[2020-12-25T03:31:47.996-0400][gc,phases      ] GC(386295)   Evacuate Collection Set: 3.4ms
[2020-12-25T03:31:47.996-0400][gc,phases      ] GC(386295)   Post Evacuate Collection Set: 1.8ms
[2020-12-25T03:31:47.996-0400][gc,phases      ] GC(386295)   Other: 0.8ms
[2020-12-25T03:31:47.996-0400][gc,heap        ] GC(386295) Eden regions: 10->0(10)
[2020-12-25T03:31:47.996-0400][gc,heap        ] GC(386295) Survivor regions: 1->1(2)
[2020-12-25T03:31:47.996-0400][gc,heap        ] GC(386295) Old regions: 46->46
[2020-12-25T03:31:47.996-0400][gc,heap        ] GC(386295) Humongous regions: 4->4
[2020-12-25T03:31:47.997-0400][gc,metaspace   ] GC(386295) Metaspace: 61021K->61021K(1107968K)
[2020-12-25T03:31:47.997-0400][gc,heap        ] GC(386295) Heap after GC invocations=386271 (full 11300): garbage-first heap   total 71680K, used 48934K [0x0000000083000000, 0x0000000100000000)
[2020-12-25T03:31:47.997-0400][gc,heap        ] GC(386295)   region size 1024K, 1 young (1024K), 1 survivors (1024K)
[2020-12-25T03:31:47.997-0400][gc,heap        ] GC(386295)  Metaspace       used 61021K, capacity 63721K, committed 64768K, reserved 1107968K
[2020-12-25T03:31:47.997-0400][gc,heap        ] GC(386295)   class space    used 5712K, capacity 6559K, committed 6912K, reserved 1048576K
[2020-12-25T03:31:47.997-0400][gc             ] GC(386295) Pause Young (Normal) (G1 Evacuation Pause) 57M->47M(70M) 6.470ms
[2020-12-25T03:31:47.997-0400][gc,cpu         ] GC(386295) User=0.02s Sys=0.00s Real=0.01s
[2020-12-25T03:31:50.923-0400][gc,task        ] GC(386296) Using 3 workers of 4 for full compaction
[2020-12-25T03:31:50.924-0400][gc,start       ] GC(386296) Pause Full (System.gc())
[2020-12-25T03:31:50.924-0400][gc,heap        ] GC(386296) Heap before GC invocations=386271 (full 11300): garbage-first heap   total 71680K, used 48934K [0x0000000083000000, 0x0000000100000000)
[2020-12-25T03:31:50.924-0400][gc,heap        ] GC(386296)   region size 1024K, 2 young (2048K), 1 survivors (1024K)
[2020-12-25T03:31:50.924-0400][gc,heap        ] GC(386296)  Metaspace       used 61021K, capacity 63721K, committed 64768K, reserved 1107968K
[2020-12-25T03:31:50.924-0400][gc,heap        ] GC(386296)   class space    used 5712K, capacity 6559K, committed 6912K, reserved 1048576K
[2020-12-25T03:31:50.926-0400][gc,phases,start] GC(386296) Phase 1: Mark live objects
[2020-12-25T03:31:51.067-0400][gc,stringtable ] GC(386296) Cleaned string and symbol table, strings: 32207 processed, 0 removed, symbols: 131451 processed, 0 removed
[2020-12-25T03:31:51.068-0400][gc,phases      ] GC(386296) Phase 1: Mark live objects 141.465ms
[2020-12-25T03:31:51.068-0400][gc,phases,start] GC(386296) Phase 2: Prepare for compaction
[2020-12-25T03:31:51.098-0400][gc,phases      ] GC(386296) Phase 2: Prepare for compaction 29.892ms
[2020-12-25T03:31:51.098-0400][gc,phases,start] GC(386296) Phase 3: Adjust pointers
[2020-12-25T03:31:51.176-0400][gc,phases      ] GC(386296) Phase 3: Adjust pointers 78.083ms
[2020-12-25T03:31:51.176-0400][gc,phases,start] GC(386296) Phase 4: Compact heap
[2020-12-25T03:31:51.197-0400][gc,phases      ] GC(386296) Phase 4: Compact heap 21.435ms
[2020-12-25T03:31:51.233-0400][gc,heap        ] GC(386296) Eden regions: 1->0(10)
[2020-12-25T03:31:51.234-0400][gc,heap        ] GC(386296) Survivor regions: 1->0(2)
[2020-12-25T03:31:51.234-0400][gc,heap        ] GC(386296) Old regions: 46->47
[2020-12-25T03:31:51.234-0400][gc,heap        ] GC(386296) Humongous regions: 4->4
[2020-12-25T03:31:51.234-0400][gc,metaspace   ] GC(386296) Metaspace: 61021K->61021K(1107968K)
[2020-12-25T03:31:51.234-0400][gc,heap        ] GC(386296) Heap after GC invocations=386272 (full 11301): garbage-first heap   total 71680K, used 48314K [0x0000000083000000, 0x0000000100000000)
[2020-12-25T03:31:51.234-0400][gc,heap        ] GC(386296)   region size 1024K, 0 young (0K), 0 survivors (0K)
[2020-12-25T03:31:51.234-0400][gc,heap        ] GC(386296)  Metaspace       used 61021K, capacity 63721K, committed 64768K, reserved 1107968K
[2020-12-25T03:31:51.234-0400][gc,heap        ] GC(386296)   class space    used 5712K, capacity 6559K, committed 6912K, reserved 1048576K
[2020-12-25T03:31:51.234-0400][gc             ] GC(386296) Pause Full (System.gc()) 48M->47M(70M) 310.445ms
[2020-12-25T03:31:51.234-0400][gc,cpu         ] GC(386296) User=0.83s Sys=0.00s Real=0.31s
[2020-12-25T03:32:19.914-0400][gc,heap        ] GC(386297) Heap before GC invocations=386272 (full 11301): garbage-first heap   total 71680K, used 57530K [0x0000000083000000, 0x0000000100000000)
[2020-12-25T03:32:19.914-0400][gc,heap        ] GC(386297)   region size 1024K, 10 young (10240K), 0 survivors (0K)
[2020-12-25T03:32:19.914-0400][gc,heap        ] GC(386297)  Metaspace       used 61021K, capacity 63721K, committed 64768K, reserved 1107968K
[2020-12-25T03:32:19.914-0400][gc,heap        ] GC(386297)   class space    used 5712K, capacity 6559K, committed 6912K, reserved 1048576K
[2020-12-25T03:32:19.914-0400][gc,start       ] GC(386297) Pause Young (Normal) (G1 Evacuation Pause)
[2020-12-25T03:32:19.914-0400][gc,task        ] GC(386297) Using 4 workers of 4 for evacuation
[2020-12-25T03:32:19.919-0400][gc,phases      ] GC(386297)   Pre Evacuate Collection Set: 0.0ms
[2020-12-25T03:32:19.919-0400][gc,phases      ] GC(386297)   Evacuate Collection Set: 2.9ms
[2020-12-25T03:32:19.919-0400][gc,phases      ] GC(386297)   Post Evacuate Collection Set: 1.8ms
[2020-12-25T03:32:19.920-0400][gc,phases      ] GC(386297)   Other: 0.8ms
[2020-12-25T03:32:19.920-0400][gc,heap        ] GC(386297) Eden regions: 10->0(9)
[2020-12-25T03:32:19.920-0400][gc,heap        ] GC(386297) Survivor regions: 0->1(2)
[2020-12-25T03:32:19.920-0400][gc,heap        ] GC(386297) Old regions: 47->47
[2020-12-25T03:32:19.920-0400][gc,heap        ] GC(386297) Humongous regions: 4->4
[2020-12-25T03:32:19.920-0400][gc,metaspace   ] GC(386297) Metaspace: 61021K->61021K(1107968K)
[2020-12-25T03:32:19.920-0400][gc,heap        ] GC(386297) Heap after GC invocations=386273 (full 11301): garbage-first heap   total 71680K, used 48642K [0x0000000083000000, 0x0000000100000000)
[2020-12-25T03:32:19.920-0400][gc,heap        ] GC(386297)   region size 1024K, 1 young (1024K), 1 survivors (1024K)
[2020-12-25T03:32:19.920-0400][gc,heap        ] GC(386297)  Metaspace       used 61021K, capacity 63721K, committed 64768K, reserved 1107968K
[2020-12-25T03:32:19.920-0400][gc,heap        ] GC(386297)   class space    used 5712K, capacity 6559K, committed 6912K, reserved 1048576K
[2020-12-25T03:32:19.920-0400][gc             ] GC(386297) Pause Young (Normal) (G1 Evacuation Pause) 57M->47M(70M) 5.970ms
[2020-12-25T03:32:19.920-0400][gc,cpu         ] GC(386297) User=0.01s Sys=0.01s Real=0.01s
[2020-12-25T03:32:47.890-0400][gc,heap        ] GC(386298) Heap before GC invocations=386273 (full 11301): garbage-first heap   total 71680K, used 56834K [0x0000000083000000, 0x0000000100000000)
[2020-12-25T03:32:47.890-0400][gc,heap        ] GC(386298)   region size 1024K, 10 young (10240K), 1 survivors (1024K)
[2020-12-25T03:32:47.890-0400][gc,heap        ] GC(386298)  Metaspace       used 61021K, capacity 63721K, committed 64768K, reserved 1107968K
[2020-12-25T03:32:47.890-0400][gc,heap        ] GC(386298)   class space    used 5712K, capacity 6559K, committed 6912K, reserved 1048576K
[2020-12-25T03:32:47.890-0400][gc,start       ] GC(386298) Pause Young (Normal) (G1 Evacuation Pause)
[2020-12-25T03:32:47.890-0400][gc,task        ] GC(386298) Using 4 workers of 4 for evacuation
[2020-12-25T03:32:47.896-0400][gc,phases      ] GC(386298)   Pre Evacuate Collection Set: 0.0ms
[2020-12-25T03:32:47.896-0400][gc,phases      ] GC(386298)   Evacuate Collection Set: 3.3ms
[2020-12-25T03:32:47.896-0400][gc,phases      ] GC(386298)   Post Evacuate Collection Set: 1.8ms
[2020-12-25T03:32:47.896-0400][gc,phases      ] GC(386298)   Other: 0.8ms
[2020-12-25T03:32:47.896-0400][gc,heap        ] GC(386298) Eden regions: 9->0(9)
[2020-12-25T03:32:47.896-0400][gc,heap        ] GC(386298) Survivor regions: 1->1(2)
[2020-12-25T03:32:47.896-0400][gc,heap        ] GC(386298) Old regions: 47->47
[2020-12-25T03:32:47.896-0400][gc,heap        ] GC(386298) Humongous regions: 4->4
[2020-12-25T03:32:47.896-0400][gc,metaspace   ] GC(386298) Metaspace: 61021K->61021K(1107968K)
[2020-12-25T03:32:47.896-0400][gc,heap        ] GC(386298) Heap after GC invocations=386274 (full 11301): garbage-first heap   total 71680K, used 48687K [0x0000000083000000, 0x0000000100000000)
[2020-12-25T03:32:47.896-0400][gc,heap        ] GC(386298)   region size 1024K, 1 young (1024K), 1 survivors (1024K)
[2020-12-25T03:32:47.896-0400][gc,heap        ] GC(386298)  Metaspace       used 61021K, capacity 63721K, committed 64768K, reserved 1107968K
[2020-12-25T03:32:47.896-0400][gc,heap        ] GC(386298)   class space    used 5712K, capacity 6559K, committed 6912K, reserved 1048576K
[2020-12-25T03:32:47.897-0400][gc             ] GC(386298) Pause Young (Normal) (G1 Evacuation Pause) 56M->47M(70M) 6.331ms
[2020-12-25T03:32:47.897-0400][gc,cpu         ] GC(386298) User=0.00s Sys=0.01s Real=0.01s
[2020-12-25T03:33:04.705-0400][gc,heap        ] GC(386299) Heap before GC invocations=386274 (full 11301): garbage-first heap   total 71680K, used 56879K [0x0000000083000000, 0x0000000100000000)
[2020-12-25T03:33:04.705-0400][gc,heap        ] GC(386299)   region size 1024K, 10 young (10240K), 1 survivors (1024K)
[2020-12-25T03:33:04.705-0400][gc,heap        ] GC(386299)  Metaspace       used 61021K, capacity 63721K, committed 64768K, reserved 1107968K
[2020-12-25T03:33:04.705-0400][gc,heap        ] GC(386299)   class space    used 5712K, capacity 6559K, committed 6912K, reserved 1048576K
[2020-12-25T03:33:04.705-0400][gc,start       ] GC(386299) Pause Young (Normal) (G1 Evacuation Pause)
[2020-12-25T03:33:04.705-0400][gc,task        ] GC(386299) Using 4 workers of 4 for evacuation
[2020-12-25T03:33:04.711-0400][gc,phases      ] GC(386299)   Pre Evacuate Collection Set: 0.0ms
[2020-12-25T03:33:04.711-0400][gc,phases      ] GC(386299)   Evacuate Collection Set: 3.6ms
[2020-12-25T03:33:04.711-0400][gc,phases      ] GC(386299)   Post Evacuate Collection Set: 1.8ms
[2020-12-25T03:33:04.711-0400][gc,phases      ] GC(386299)   Other: 0.9ms
[2020-12-25T03:33:04.711-0400][gc,heap        ] GC(386299) Eden regions: 9->0(9)
[2020-12-25T03:33:04.711-0400][gc,heap        ] GC(386299) Survivor regions: 1->1(2)
[2020-12-25T03:33:04.711-0400][gc,heap        ] GC(386299) Old regions: 47->47
[2020-12-25T03:33:04.711-0400][gc,heap        ] GC(386299) Humongous regions: 4->4
[2020-12-25T03:33:04.712-0400][gc,metaspace   ] GC(386299) Metaspace: 61021K->61021K(1107968K)
[2020-12-25T03:33:04.712-0400][gc,heap        ] GC(386299) Heap after GC invocations=386275 (full 11301): garbage-first heap   total 71680K, used 48798K [0x0000000083000000, 0x0000000100000000)
[2020-12-25T03:33:04.712-0400][gc,heap        ] GC(386299)   region size 1024K, 1 young (1024K), 1 survivors (1024K)
[2020-12-25T03:33:04.712-0400][gc,heap        ] GC(386299)  Metaspace       used 61021K, capacity 63721K, committed 64768K, reserved 1107968K
[2020-12-25T03:33:04.712-0400][gc,heap        ] GC(386299)   class space    used 5712K, capacity 6559K, committed 6912K, reserved 1048576K
[2020-12-25T03:33:04.712-0400][gc             ] GC(386299) Pause Young (Normal) (G1 Evacuation Pause) 56M->47M(70M) 6.725ms
[2020-12-25T03:33:04.712-0400][gc,cpu         ] GC(386299) User=0.02s Sys=0.00s Real=0.01s
[2020-12-25T03:33:36.462-0400][gc,heap        ] GC(386300) Heap before GC invocations=386275 (full 11301): garbage-first heap   total 71680K, used 56990K [0x0000000083000000, 0x0000000100000000)
[2020-12-25T03:33:36.462-0400][gc,heap        ] GC(386300)   region size 1024K, 10 young (10240K), 1 survivors (1024K)
[2020-12-25T03:33:36.462-0400][gc,heap        ] GC(386300)  Metaspace       used 61021K, capacity 63721K, committed 64768K, reserved 1107968K
[2020-12-25T03:33:36.462-0400][gc,heap        ] GC(386300)   class space    used 5712K, capacity 6559K, committed 6912K, reserved 1048576K
[2020-12-25T03:33:36.462-0400][gc,start       ] GC(386300) Pause Young (Normal) (G1 Evacuation Pause)
[2020-12-25T03:33:36.463-0400][gc,task        ] GC(386300) Using 4 workers of 4 for evacuation
[2020-12-25T03:33:36.468-0400][gc,phases      ] GC(386300)   Pre Evacuate Collection Set: 0.0ms
[2020-12-25T03:33:36.468-0400][gc,phases      ] GC(386300)   Evacuate Collection Set: 3.3ms
[2020-12-25T03:33:36.468-0400][gc,phases      ] GC(386300)   Post Evacuate Collection Set: 1.9ms
[2020-12-25T03:33:36.469-0400][gc,phases      ] GC(386300)   Other: 0.8ms
[2020-12-25T03:33:36.469-0400][gc,heap        ] GC(386300) Eden regions: 9->0(9)
[2020-12-25T03:33:36.469-0400][gc,heap        ] GC(386300) Survivor regions: 1->1(2)
[2020-12-25T03:33:36.469-0400][gc,heap        ] GC(386300) Old regions: 47->47
[2020-12-25T03:33:36.469-0400][gc,heap        ] GC(386300) Humongous regions: 4->4
[2020-12-25T03:33:36.469-0400][gc,metaspace   ] GC(386300) Metaspace: 61021K->61021K(1107968K)
[2020-12-25T03:33:36.469-0400][gc,heap        ] GC(386300) Heap after GC invocations=386276 (full 11301): garbage-first heap   total 71680K, used 48710K [0x0000000083000000, 0x0000000100000000)
[2020-12-25T03:33:36.469-0400][gc,heap        ] GC(386300)   region size 1024K, 1 young (1024K), 1 survivors (1024K)
[2020-12-25T03:33:36.469-0400][gc,heap        ] GC(386300)  Metaspace       used 61021K, capacity 63721K, committed 64768K, reserved 1107968K
[2020-12-25T03:33:36.469-0400][gc,heap        ] GC(386300)   class space    used 5712K, capacity 6559K, committed 6912K, reserved 1048576K
[2020-12-25T03:33:36.469-0400][gc             ] GC(386300) Pause Young (Normal) (G1 Evacuation Pause) 56M->47M(70M) 6.614ms
[2020-12-25T03:33:36.469-0400][gc,cpu         ] GC(386300) User=0.01s Sys=0.00s Real=0.01s
[2020-12-25T03:34:00.988-0400][gc,heap        ] GC(386301) Heap before GC invocations=386276 (full 11301): garbage-first heap   total 71680K, used 56902K [0x0000000083000000, 0x0000000100000000)
[2020-12-25T03:34:00.988-0400][gc,heap        ] GC(386301)   region size 1024K, 10 young (10240K), 1 survivors (1024K)
[2020-12-25T03:34:00.988-0400][gc,heap        ] GC(386301)  Metaspace       used 61021K, capacity 63721K, committed 64768K, reserved 1107968K
[2020-12-25T03:34:00.988-0400][gc,heap        ] GC(386301)   class space    used 5712K, capacity 6559K, committed 6912K, reserved 1048576K
[2020-12-25T03:34:00.988-0400][gc,start       ] GC(386301) Pause Young (Normal) (G1 Evacuation Pause)
[2020-12-25T03:34:00.988-0400][gc,task        ] GC(386301) Using 4 workers of 4 for evacuation
[2020-12-25T03:34:00.994-0400][gc,phases      ] GC(386301)   Pre Evacuate Collection Set: 0.0ms
[2020-12-25T03:34:00.994-0400][gc,phases      ] GC(386301)   Evacuate Collection Set: 3.6ms
[2020-12-25T03:34:00.994-0400][gc,phases      ] GC(386301)   Post Evacuate Collection Set: 1.7ms
[2020-12-25T03:34:00.994-0400][gc,phases      ] GC(386301)   Other: 0.9ms
[2020-12-25T03:34:00.994-0400][gc,heap        ] GC(386301) Eden regions: 9->0(9)
[2020-12-25T03:34:00.994-0400][gc,heap        ] GC(386301) Survivor regions: 1->1(2)
[2020-12-25T03:34:00.994-0400][gc,heap        ] GC(386301) Old regions: 47->47
[2020-12-25T03:34:00.994-0400][gc,heap        ] GC(386301) Humongous regions: 4->4
[2020-12-25T03:34:00.994-0400][gc,metaspace   ] GC(386301) Metaspace: 61021K->61021K(1107968K)
[2020-12-25T03:34:00.994-0400][gc,heap        ] GC(386301) Heap after GC invocations=386277 (full 11301): garbage-first heap   total 71680K, used 48781K [0x0000000083000000, 0x0000000100000000)
[2020-12-25T03:34:00.994-0400][gc,heap        ] GC(386301)   region size 1024K, 1 young (1024K), 1 survivors (1024K)
[2020-12-25T03:34:00.995-0400][gc,heap        ] GC(386301)  Metaspace       used 61021K, capacity 63721K, committed 64768K, reserved 1107968K
[2020-12-25T03:34:00.995-0400][gc,heap        ] GC(386301)   class space    used 5712K, capacity 6559K, committed 6912K, reserved 1048576K
[2020-12-25T03:34:00.995-0400][gc             ] GC(386301) Pause Young (Normal) (G1 Evacuation Pause) 56M->47M(70M) 6.512ms
[2020-12-25T03:34:00.995-0400][gc,cpu         ] GC(386301) User=0.01s Sys=0.01s Real=0.00s
[2020-12-25T03:34:23.893-0400][gc,heap        ] GC(386302) Heap before GC invocations=386277 (full 11301): garbage-first heap   total 71680K, used 56973K [0x0000000083000000, 0x0000000100000000)
[2020-12-25T03:34:23.893-0400][gc,heap        ] GC(386302)   region size 1024K, 10 young (10240K), 1 survivors (1024K)
[2020-12-25T03:34:23.893-0400][gc,heap        ] GC(386302)  Metaspace       used 61021K, capacity 63721K, committed 64768K, reserved 1107968K
[2020-12-25T03:34:23.893-0400][gc,heap        ] GC(386302)   class space    used 5712K, capacity 6559K, committed 6912K, reserved 1048576K
[2020-12-25T03:34:23.893-0400][gc,start       ] GC(386302) Pause Young (Normal) (G1 Evacuation Pause)
[2020-12-25T03:34:23.893-0400][gc,task        ] GC(386302) Using 4 workers of 4 for evacuation
[2020-12-25T03:34:23.899-0400][gc,phases      ] GC(386302)   Pre Evacuate Collection Set: 0.0ms
[2020-12-25T03:34:23.899-0400][gc,phases      ] GC(386302)   Evacuate Collection Set: 3.5ms
[2020-12-25T03:34:23.899-0400][gc,phases      ] GC(386302)   Post Evacuate Collection Set: 1.8ms
[2020-12-25T03:34:23.900-0400][gc,phases      ] GC(386302)   Other: 0.9ms
[2020-12-25T03:34:23.900-0400][gc,heap        ] GC(386302) Eden regions: 9->0(9)
[2020-12-25T03:34:23.900-0400][gc,heap        ] GC(386302) Survivor regions: 1->1(2)
[2020-12-25T03:34:23.900-0400][gc,heap        ] GC(386302) Old regions: 47->47
[2020-12-25T03:34:23.900-0400][gc,heap        ] GC(386302) Humongous regions: 4->4
[2020-12-25T03:34:23.900-0400][gc,metaspace   ] GC(386302) Metaspace: 61021K->61021K(1107968K)
[2020-12-25T03:34:23.900-0400][gc,heap        ] GC(386302) Heap after GC invocations=386278 (full 11301): garbage-first heap   total 71680K, used 48754K [0x0000000083000000, 0x0000000100000000)
[2020-12-25T03:34:23.900-0400][gc,heap        ] GC(386302)   region size 1024K, 1 young (1024K), 1 survivors (1024K)
[2020-12-25T03:34:23.900-0400][gc,heap        ] GC(386302)  Metaspace       used 61021K, capacity 63721K, committed 64768K, reserved 1107968K
[2020-12-25T03:34:23.900-0400][gc,heap        ] GC(386302)   class space    used 5712K, capacity 6559K, committed 6912K, reserved 1048576K
[2020-12-25T03:34:23.900-0400][gc             ] GC(386302) Pause Young (Normal) (G1 Evacuation Pause) 56M->47M(70M) 6.745ms
[2020-12-25T03:34:23.900-0400][gc,cpu         ] GC(386302) User=0.01s Sys=0.01s Real=0.01s
[2020-12-25T03:35:00.015-0400][gc,heap        ] GC(386303) Heap before GC invocations=386278 (full 11301): garbage-first heap   total 71680K, used 56946K [0x0000000083000000, 0x0000000100000000)
[2020-12-25T03:35:00.015-0400][gc,heap        ] GC(386303)   region size 1024K, 10 young (10240K), 1 survivors (1024K)
[2020-12-25T03:35:00.015-0400][gc,heap        ] GC(386303)  Metaspace       used 61021K, capacity 63721K, committed 64768K, reserved 1107968K
[2020-12-25T03:35:00.015-0400][gc,heap        ] GC(386303)   class space    used 5712K, capacity 6559K, committed 6912K, reserved 1048576K
[2020-12-25T03:35:00.015-0400][gc,start       ] GC(386303) Pause Young (Normal) (G1 Evacuation Pause)
[2020-12-25T03:35:00.015-0400][gc,task        ] GC(386303) Using 4 workers of 4 for evacuation
[2020-12-25T03:35:00.021-0400][gc,phases      ] GC(386303)   Pre Evacuate Collection Set: 0.0ms
[2020-12-25T03:35:00.021-0400][gc,phases      ] GC(386303)   Evacuate Collection Set: 3.4ms
[2020-12-25T03:35:00.021-0400][gc,phases      ] GC(386303)   Post Evacuate Collection Set: 1.8ms
[2020-12-25T03:35:00.021-0400][gc,phases      ] GC(386303)   Other: 0.9ms
[2020-12-25T03:35:00.021-0400][gc,heap        ] GC(386303) Eden regions: 9->0(9)
[2020-12-25T03:35:00.021-0400][gc,heap        ] GC(386303) Survivor regions: 1->1(2)
[2020-12-25T03:35:00.021-0400][gc,heap        ] GC(386303) Old regions: 47->47
[2020-12-25T03:35:00.021-0400][gc,heap        ] GC(386303) Humongous regions: 4->4
[2020-12-25T03:35:00.021-0400][gc,metaspace   ] GC(386303) Metaspace: 61021K->61021K(1107968K)
[2020-12-25T03:35:00.021-0400][gc,heap        ] GC(386303) Heap after GC invocations=386279 (full 11301): garbage-first heap   total 71680K, used 48687K [0x0000000083000000, 0x0000000100000000)
[2020-12-25T03:35:00.021-0400][gc,heap        ] GC(386303)   region size 1024K, 1 young (1024K), 1 survivors (1024K)
[2020-12-25T03:35:00.021-0400][gc,heap        ] GC(386303)  Metaspace       used 61021K, capacity 63721K, committed 64768K, reserved 1107968K
[2020-12-25T03:35:00.021-0400][gc,heap        ] GC(386303)   class space    used 5712K, capacity 6559K, committed 6912K, reserved 1048576K
[2020-12-25T03:35:00.022-0400][gc             ] GC(386303) Pause Young (Normal) (G1 Evacuation Pause) 56M->47M(70M) 6.460ms
[2020-12-25T03:35:00.022-0400][gc,cpu         ] GC(386303) User=0.01s Sys=0.00s Real=0.01s
[2020-12-25T03:35:21.956-0400][gc,heap        ] GC(386304) Heap before GC invocations=386279 (full 11301): garbage-first heap   total 71680K, used 56879K [0x0000000083000000, 0x0000000100000000)
[2020-12-25T03:35:21.956-0400][gc,heap        ] GC(386304)   region size 1024K, 10 young (10240K), 1 survivors (1024K)
[2020-12-25T03:35:21.956-0400][gc,heap        ] GC(386304)  Metaspace       used 61021K, capacity 63721K, committed 64768K, reserved 1107968K
[2020-12-25T03:35:21.956-0400][gc,heap        ] GC(386304)   class space    used 5712K, capacity 6559K, committed 6912K, reserved 1048576K
[2020-12-25T03:35:21.956-0400][gc,start       ] GC(386304) Pause Young (Normal) (G1 Evacuation Pause)
[2020-12-25T03:35:21.956-0400][gc,task        ] GC(386304) Using 4 workers of 4 for evacuation
[2020-12-25T03:35:21.963-0400][gc,phases      ] GC(386304)   Pre Evacuate Collection Set: 0.0ms
[2020-12-25T03:35:21.963-0400][gc,phases      ] GC(386304)   Evacuate Collection Set: 4.0ms
[2020-12-25T03:35:21.963-0400][gc,phases      ] GC(386304)   Post Evacuate Collection Set: 1.7ms
[2020-12-25T03:35:21.963-0400][gc,phases      ] GC(386304)   Other: 0.8ms
[2020-12-25T03:35:21.963-0400][gc,heap        ] GC(386304) Eden regions: 9->0(9)
[2020-12-25T03:35:21.963-0400][gc,heap        ] GC(386304) Survivor regions: 1->1(2)
[2020-12-25T03:35:21.963-0400][gc,heap        ] GC(386304) Old regions: 47->47
[2020-12-25T03:35:21.963-0400][gc,heap        ] GC(386304) Humongous regions: 4->4
[2020-12-25T03:35:21.963-0400][gc,metaspace   ] GC(386304) Metaspace: 61021K->61021K(1107968K)
[2020-12-25T03:35:21.963-0400][gc,heap        ] GC(386304) Heap after GC invocations=386280 (full 11301): garbage-first heap   total 71680K, used 48814K [0x0000000083000000, 0x0000000100000000)
[2020-12-25T03:35:21.963-0400][gc,heap        ] GC(386304)   region size 1024K, 1 young (1024K), 1 survivors (1024K)
[2020-12-25T03:35:21.963-0400][gc,heap        ] GC(386304)  Metaspace       used 61021K, capacity 63721K, committed 64768K, reserved 1107968K
[2020-12-25T03:35:21.963-0400][gc,heap        ] GC(386304)   class space    used 5712K, capacity 6559K, committed 6912K, reserved 1048576K
[2020-12-25T03:35:21.963-0400][gc             ] GC(386304) Pause Young (Normal) (G1 Evacuation Pause) 56M->47M(70M) 7.048ms
[2020-12-25T03:35:21.964-0400][gc,cpu         ] GC(386304) User=0.02s Sys=0.00s Real=0.00s
[2020-12-25T03:35:46.190-0400][gc,heap        ] GC(386305) Heap before GC invocations=386280 (full 11301): garbage-first heap   total 71680K, used 58030K [0x0000000083000000, 0x0000000100000000)
[2020-12-25T03:35:46.191-0400][gc,heap        ] GC(386305)   region size 1024K, 10 young (10240K), 1 survivors (1024K)
[2020-12-25T03:35:46.191-0400][gc,heap        ] GC(386305)  Metaspace       used 61021K, capacity 63721K, committed 64768K, reserved 1107968K
[2020-12-25T03:35:46.191-0400][gc,heap        ] GC(386305)   class space    used 5712K, capacity 6559K, committed 6912K, reserved 1048576K
[2020-12-25T03:35:46.191-0400][gc,start       ] GC(386305) Pause Young (Normal) (G1 Evacuation Pause)
[2020-12-25T03:35:46.191-0400][gc,task        ] GC(386305) Using 4 workers of 4 for evacuation
[2020-12-25T03:35:46.196-0400][gc,phases      ] GC(386305)   Pre Evacuate Collection Set: 0.0ms
[2020-12-25T03:35:46.197-0400][gc,phases      ] GC(386305)   Evacuate Collection Set: 3.6ms
[2020-12-25T03:35:46.197-0400][gc,phases      ] GC(386305)   Post Evacuate Collection Set: 1.5ms
[2020-12-25T03:35:46.197-0400][gc,phases      ] GC(386305)   Other: 0.8ms
[2020-12-25T03:35:46.197-0400][gc,heap        ] GC(386305) Eden regions: 9->0(9)
[2020-12-25T03:35:46.197-0400][gc,heap        ] GC(386305) Survivor regions: 1->1(2)
[2020-12-25T03:35:46.197-0400][gc,heap        ] GC(386305) Old regions: 47->47
[2020-12-25T03:35:46.197-0400][gc,heap        ] GC(386305) Humongous regions: 4->4
[2020-12-25T03:35:46.197-0400][gc,metaspace   ] GC(386305) Metaspace: 61021K->61021K(1107968K)
[2020-12-25T03:35:46.197-0400][gc,heap        ] GC(386305) Heap after GC invocations=386281 (full 11301): garbage-first heap   total 71680K, used 48821K [0x0000000083000000, 0x0000000100000000)
[2020-12-25T03:35:46.197-0400][gc,heap        ] GC(386305)   region size 1024K, 1 young (1024K), 1 survivors (1024K)
[2020-12-25T03:35:46.197-0400][gc,heap        ] GC(386305)  Metaspace       used 61021K, capacity 63721K, committed 64768K, reserved 1107968K
[2020-12-25T03:35:46.197-0400][gc,heap        ] GC(386305)   class space    used 5712K, capacity 6559K, committed 6912K, reserved 1048576K
[2020-12-25T03:35:46.197-0400][gc             ] GC(386305) Pause Young (Normal) (G1 Evacuation Pause) 56M->47M(70M) 6.349ms
[2020-12-25T03:35:46.197-0400][gc,cpu         ] GC(386305) User=0.01s Sys=0.00s Real=0.01s
[2020-12-25T03:36:02.317-0400][gc,heap        ] GC(386306) Heap before GC invocations=386281 (full 11301): garbage-first heap   total 71680K, used 57013K [0x0000000083000000, 0x0000000100000000)
[2020-12-25T03:36:02.317-0400][gc,heap        ] GC(386306)   region size 1024K, 10 young (10240K), 1 survivors (1024K)
[2020-12-25T03:36:02.318-0400][gc,heap        ] GC(386306)  Metaspace       used 61021K, capacity 63721K, committed 64768K, reserved 1107968K
[2020-12-25T03:36:02.318-0400][gc,heap        ] GC(386306)   class space    used 5712K, capacity 6559K, committed 6912K, reserved 1048576K
[2020-12-25T03:36:02.318-0400][gc,start       ] GC(386306) Pause Young (Normal) (G1 Evacuation Pause)
[2020-12-25T03:36:02.318-0400][gc,task        ] GC(386306) Using 4 workers of 4 for evacuation
[2020-12-25T03:36:02.324-0400][gc,phases      ] GC(386306)   Pre Evacuate Collection Set: 0.0ms
[2020-12-25T03:36:02.324-0400][gc,phases      ] GC(386306)   Evacuate Collection Set: 3.9ms
[2020-12-25T03:36:02.324-0400][gc,phases      ] GC(386306)   Post Evacuate Collection Set: 1.4ms
[2020-12-25T03:36:02.324-0400][gc,phases      ] GC(386306)   Other: 0.9ms
[2020-12-25T03:36:02.324-0400][gc,heap        ] GC(386306) Eden regions: 9->0(9)
[2020-12-25T03:36:02.324-0400][gc,heap        ] GC(386306) Survivor regions: 1->1(2)
[2020-12-25T03:36:02.324-0400][gc,heap        ] GC(386306) Old regions: 47->47
[2020-12-25T03:36:02.324-0400][gc,heap        ] GC(386306) Humongous regions: 4->4
[2020-12-25T03:36:02.324-0400][gc,metaspace   ] GC(386306) Metaspace: 61021K->61021K(1107968K)
[2020-12-25T03:36:02.324-0400][gc,heap        ] GC(386306) Heap after GC invocations=386282 (full 11301): garbage-first heap   total 71680K, used 48896K [0x0000000083000000, 0x0000000100000000)
[2020-12-25T03:36:02.324-0400][gc,heap        ] GC(386306)   region size 1024K, 1 young (1024K), 1 survivors (1024K)
[2020-12-25T03:36:02.324-0400][gc,heap        ] GC(386306)  Metaspace       used 61021K, capacity 63721K, committed 64768K, reserved 1107968K
[2020-12-25T03:36:02.324-0400][gc,heap        ] GC(386306)   class space    used 5712K, capacity 6559K, committed 6912K, reserved 1048576K
[2020-12-25T03:36:02.324-0400][gc             ] GC(386306) Pause Young (Normal) (G1 Evacuation Pause) 56M->47M(70M) 6.524ms
[2020-12-25T03:36:02.324-0400][gc,cpu         ] GC(386306) User=0.01s Sys=0.00s Real=0.00s
[2020-12-25T03:36:28.467-0400][gc,heap        ] GC(386307) Heap before GC invocations=386282 (full 11301): garbage-first heap   total 71680K, used 57088K [0x0000000083000000, 0x0000000100000000)
[2020-12-25T03:36:28.467-0400][gc,heap        ] GC(386307)   region size 1024K, 10 young (10240K), 1 survivors (1024K)
[2020-12-25T03:36:28.467-0400][gc,heap        ] GC(386307)  Metaspace       used 61021K, capacity 63721K, committed 64768K, reserved 1107968K
[2020-12-25T03:36:28.468-0400][gc,heap        ] GC(386307)   class space    used 5712K, capacity 6559K, committed 6912K, reserved 1048576K
[2020-12-25T03:36:28.468-0400][gc,start       ] GC(386307) Pause Young (Normal) (G1 Evacuation Pause)
[2020-12-25T03:36:28.468-0400][gc,task        ] GC(386307) Using 4 workers of 4 for evacuation
[2020-12-25T03:36:28.473-0400][gc,phases      ] GC(386307)   Pre Evacuate Collection Set: 0.0ms
[2020-12-25T03:36:28.473-0400][gc,phases      ] GC(386307)   Evacuate Collection Set: 3.4ms
[2020-12-25T03:36:28.473-0400][gc,phases      ] GC(386307)   Post Evacuate Collection Set: 1.7ms
[2020-12-25T03:36:28.474-0400][gc,phases      ] GC(386307)   Other: 0.9ms
[2020-12-25T03:36:28.474-0400][gc,heap        ] GC(386307) Eden regions: 9->0(9)
[2020-12-25T03:36:28.474-0400][gc,heap        ] GC(386307) Survivor regions: 1->1(2)
[2020-12-25T03:36:28.474-0400][gc,heap        ] GC(386307) Old regions: 47->47
[2020-12-25T03:36:28.474-0400][gc,heap        ] GC(386307) Humongous regions: 4->4
[2020-12-25T03:36:28.474-0400][gc,metaspace   ] GC(386307) Metaspace: 61021K->61021K(1107968K)
[2020-12-25T03:36:28.474-0400][gc,heap        ] GC(386307) Heap after GC invocations=386283 (full 11301): garbage-first heap   total 71680K, used 48773K [0x0000000083000000, 0x0000000100000000)
[2020-12-25T03:36:28.474-0400][gc,heap        ] GC(386307)   region size 1024K, 1 young (1024K), 1 survivors (1024K)
[2020-12-25T03:36:28.474-0400][gc,heap        ] GC(386307)  Metaspace       used 61021K, capacity 63721K, committed 64768K, reserved 1107968K
[2020-12-25T03:36:28.474-0400][gc,heap        ] GC(386307)   class space    used 5712K, capacity 6559K, committed 6912K, reserved 1048576K
[2020-12-25T03:36:28.474-0400][gc             ] GC(386307) Pause Young (Normal) (G1 Evacuation Pause) 56M->47M(70M) 6.333ms
[2020-12-25T03:36:28.474-0400][gc,cpu         ] GC(386307) User=0.01s Sys=0.01s Real=0.00s
[2020-12-25T03:36:43.890-0400][gc,heap        ] GC(386308) Heap before GC invocations=386283 (full 11301): garbage-first heap   total 71680K, used 56965K [0x0000000083000000, 0x0000000100000000)
[2020-12-25T03:36:43.890-0400][gc,heap        ] GC(386308)   region size 1024K, 10 young (10240K), 1 survivors (1024K)
[2020-12-25T03:36:43.891-0400][gc,heap        ] GC(386308)  Metaspace       used 61021K, capacity 63721K, committed 64768K, reserved 1107968K
[2020-12-25T03:36:43.891-0400][gc,heap        ] GC(386308)   class space    used 5712K, capacity 6559K, committed 6912K, reserved 1048576K
[2020-12-25T03:36:43.891-0400][gc,start       ] GC(386308) Pause Young (Normal) (G1 Evacuation Pause)
[2020-12-25T03:36:43.891-0400][gc,task        ] GC(386308) Using 4 workers of 4 for evacuation
[2020-12-25T03:36:43.897-0400][gc,phases      ] GC(386308)   Pre Evacuate Collection Set: 0.0ms
[2020-12-25T03:36:43.897-0400][gc,phases      ] GC(386308)   Evacuate Collection Set: 3.7ms
[2020-12-25T03:36:43.897-0400][gc,phases      ] GC(386308)   Post Evacuate Collection Set: 1.6ms
[2020-12-25T03:36:43.897-0400][gc,phases      ] GC(386308)   Other: 0.9ms
[2020-12-25T03:36:43.897-0400][gc,heap        ] GC(386308) Eden regions: 9->0(9)
[2020-12-25T03:36:43.897-0400][gc,heap        ] GC(386308) Survivor regions: 1->1(2)
[2020-12-25T03:36:43.897-0400][gc,heap        ] GC(386308) Old regions: 47->47
[2020-12-25T03:36:43.897-0400][gc,heap        ] GC(386308) Humongous regions: 4->4
[2020-12-25T03:36:43.897-0400][gc,metaspace   ] GC(386308) Metaspace: 61021K->61021K(1107968K)
[2020-12-25T03:36:43.897-0400][gc,heap        ] GC(386308) Heap after GC invocations=386284 (full 11301): garbage-first heap   total 71680K, used 48750K [0x0000000083000000, 0x0000000100000000)
[2020-12-25T03:36:43.897-0400][gc,heap        ] GC(386308)   region size 1024K, 1 young (1024K), 1 survivors (1024K)
[2020-12-25T03:36:43.897-0400][gc,heap        ] GC(386308)  Metaspace       used 61021K, capacity 63721K, committed 64768K, reserved 1107968K
[2020-12-25T03:36:43.897-0400][gc,heap        ] GC(386308)   class space    used 5712K, capacity 6559K, committed 6912K, reserved 1048576K
[2020-12-25T03:36:43.897-0400][gc             ] GC(386308) Pause Young (Normal) (G1 Evacuation Pause) 56M->47M(70M) 6.523ms
[2020-12-25T03:36:43.897-0400][gc,cpu         ] GC(386308) User=0.01s Sys=0.01s Real=0.01s
[2020-12-25T03:36:50.924-0400][gc,task        ] GC(386309) Using 3 workers of 4 for full compaction
[2020-12-25T03:36:50.924-0400][gc,start       ] GC(386309) Pause Full (System.gc())
[2020-12-25T03:36:50.924-0400][gc,heap        ] GC(386309) Heap before GC invocations=386284 (full 11301): garbage-first heap   total 71680K, used 49774K [0x0000000083000000, 0x0000000100000000)
[2020-12-25T03:36:50.925-0400][gc,heap        ] GC(386309)   region size 1024K, 3 young (3072K), 1 survivors (1024K)
[2020-12-25T03:36:50.925-0400][gc,heap        ] GC(386309)  Metaspace       used 61021K, capacity 63721K, committed 64768K, reserved 1107968K
[2020-12-25T03:36:50.925-0400][gc,heap        ] GC(386309)   class space    used 5712K, capacity 6559K, committed 6912K, reserved 1048576K
[2020-12-25T03:36:50.927-0400][gc,phases,start] GC(386309) Phase 1: Mark live objects
[2020-12-25T03:36:51.071-0400][gc,stringtable ] GC(386309) Cleaned string and symbol table, strings: 32207 processed, 0 removed, symbols: 131451 processed, 0 removed
[2020-12-25T03:36:51.071-0400][gc,phases      ] GC(386309) Phase 1: Mark live objects 143.677ms
[2020-12-25T03:36:51.071-0400][gc,phases,start] GC(386309) Phase 2: Prepare for compaction
[2020-12-25T03:36:51.102-0400][gc,phases      ] GC(386309) Phase 2: Prepare for compaction 31.205ms
[2020-12-25T03:36:51.102-0400][gc,phases,start] GC(386309) Phase 3: Adjust pointers
[2020-12-25T03:36:51.180-0400][gc,phases      ] GC(386309) Phase 3: Adjust pointers 77.599ms
[2020-12-25T03:36:51.180-0400][gc,phases,start] GC(386309) Phase 4: Compact heap
[2020-12-25T03:36:51.201-0400][gc,phases      ] GC(386309) Phase 4: Compact heap 20.899ms
[2020-12-25T03:36:51.237-0400][gc,heap        ] GC(386309) Eden regions: 2->0(10)
[2020-12-25T03:36:51.237-0400][gc,heap        ] GC(386309) Survivor regions: 1->0(2)
[2020-12-25T03:36:51.237-0400][gc,heap        ] GC(386309) Old regions: 47->46
[2020-12-25T03:36:51.237-0400][gc,heap        ] GC(386309) Humongous regions: 4->4
[2020-12-25T03:36:51.237-0400][gc,metaspace   ] GC(386309) Metaspace: 61021K->61021K(1107968K)
[2020-12-25T03:36:51.237-0400][gc,heap        ] GC(386309) Heap after GC invocations=386285 (full 11302): garbage-first heap   total 71680K, used 48381K [0x0000000083000000, 0x0000000100000000)
[2020-12-25T03:36:51.237-0400][gc,heap        ] GC(386309)   region size 1024K, 0 young (0K), 0 survivors (0K)
[2020-12-25T03:36:51.237-0400][gc,heap        ] GC(386309)  Metaspace       used 61021K, capacity 63721K, committed 64768K, reserved 1107968K
[2020-12-25T03:36:51.237-0400][gc,heap        ] GC(386309)   class space    used 5712K, capacity 6559K, committed 6912K, reserved 1048576K
[2020-12-25T03:36:51.237-0400][gc             ] GC(386309) Pause Full (System.gc()) 49M->47M(70M) 312.631ms
[2020-12-25T03:36:51.237-0400][gc,cpu         ] GC(386309) User=0.83s Sys=0.00s Real=0.32s
[2020-12-25T03:37:10.465-0400][gc,heap        ] GC(386310) Heap before GC invocations=386285 (full 11302): garbage-first heap   total 71680K, used 57597K [0x0000000083000000, 0x0000000100000000)
[2020-12-25T03:37:10.465-0400][gc,heap        ] GC(386310)   region size 1024K, 10 young (10240K), 0 survivors (0K)
[2020-12-25T03:37:10.465-0400][gc,heap        ] GC(386310)  Metaspace       used 61021K, capacity 63721K, committed 64768K, reserved 1107968K
[2020-12-25T03:37:10.465-0400][gc,heap        ] GC(386310)   class space    used 5712K, capacity 6559K, committed 6912K, reserved 1048576K
[2020-12-25T03:37:10.465-0400][gc,start       ] GC(386310) Pause Young (Normal) (G1 Evacuation Pause)
[2020-12-25T03:37:10.465-0400][gc,task        ] GC(386310) Using 4 workers of 4 for evacuation
[2020-12-25T03:37:10.471-0400][gc,phases      ] GC(386310)   Pre Evacuate Collection Set: 0.0ms
[2020-12-25T03:37:10.471-0400][gc,phases      ] GC(386310)   Evacuate Collection Set: 3.4ms
[2020-12-25T03:37:10.471-0400][gc,phases      ] GC(386310)   Post Evacuate Collection Set: 1.8ms
[2020-12-25T03:37:10.471-0400][gc,phases      ] GC(386310)   Other: 0.8ms
[2020-12-25T03:37:10.471-0400][gc,heap        ] GC(386310) Eden regions: 10->0(10)
[2020-12-25T03:37:10.471-0400][gc,heap        ] GC(386310) Survivor regions: 0->1(2)
[2020-12-25T03:37:10.471-0400][gc,heap        ] GC(386310) Old regions: 46->46
[2020-12-25T03:37:10.471-0400][gc,heap        ] GC(386310) Humongous regions: 4->4
[2020-12-25T03:37:10.471-0400][gc,metaspace   ] GC(386310) Metaspace: 61021K->61021K(1107968K)
[2020-12-25T03:37:10.471-0400][gc,heap        ] GC(386310) Heap after GC invocations=386286 (full 11302): garbage-first heap   total 71680K, used 48653K [0x0000000083000000, 0x0000000100000000)
[2020-12-25T03:37:10.471-0400][gc,heap        ] GC(386310)   region size 1024K, 1 young (1024K), 1 survivors (1024K)
[2020-12-25T03:37:10.471-0400][gc,heap        ] GC(386310)  Metaspace       used 61021K, capacity 63721K, committed 64768K, reserved 1107968K
[2020-12-25T03:37:10.471-0400][gc,heap        ] GC(386310)   class space    used 5712K, capacity 6559K, committed 6912K, reserved 1048576K
[2020-12-25T03:37:10.472-0400][gc             ] GC(386310) Pause Young (Normal) (G1 Evacuation Pause) 57M->47M(70M) 6.374ms
[2020-12-25T03:37:10.472-0400][gc,cpu         ] GC(386310) User=0.01s Sys=0.00s Real=0.01s
[2020-12-25T03:37:46.278-0400][gc,heap        ] GC(386311) Heap before GC invocations=386286 (full 11302): garbage-first heap   total 71680K, used 57869K [0x0000000083000000, 0x0000000100000000)
[2020-12-25T03:37:46.278-0400][gc,heap        ] GC(386311)   region size 1024K, 11 young (11264K), 1 survivors (1024K)
[2020-12-25T03:37:46.278-0400][gc,heap        ] GC(386311)  Metaspace       used 61021K, capacity 63721K, committed 64768K, reserved 1107968K
[2020-12-25T03:37:46.278-0400][gc,heap        ] GC(386311)   class space    used 5712K, capacity 6559K, committed 6912K, reserved 1048576K
[2020-12-25T03:37:46.278-0400][gc,start       ] GC(386311) Pause Young (Normal) (G1 Evacuation Pause)
[2020-12-25T03:37:46.278-0400][gc,task        ] GC(386311) Using 4 workers of 4 for evacuation
[2020-12-25T03:37:46.284-0400][gc,phases      ] GC(386311)   Pre Evacuate Collection Set: 0.0ms
[2020-12-25T03:37:46.284-0400][gc,phases      ] GC(386311)   Evacuate Collection Set: 3.1ms
[2020-12-25T03:37:46.284-0400][gc,phases      ] GC(386311)   Post Evacuate Collection Set: 1.9ms
[2020-12-25T03:37:46.284-0400][gc,phases      ] GC(386311)   Other: 0.9ms
[2020-12-25T03:37:46.284-0400][gc,heap        ] GC(386311) Eden regions: 10->0(10)
[2020-12-25T03:37:46.284-0400][gc,heap        ] GC(386311) Survivor regions: 1->1(2)
[2020-12-25T03:37:46.284-0400][gc,heap        ] GC(386311) Old regions: 46->46
[2020-12-25T03:37:46.284-0400][gc,heap        ] GC(386311) Humongous regions: 4->4
[2020-12-25T03:37:46.284-0400][gc,metaspace   ] GC(386311) Metaspace: 61021K->61021K(1107968K)
[2020-12-25T03:37:46.284-0400][gc,heap        ] GC(386311) Heap after GC invocations=386287 (full 11302): garbage-first heap   total 71680K, used 48680K [0x0000000083000000, 0x0000000100000000)
[2020-12-25T03:37:46.284-0400][gc,heap        ] GC(386311)   region size 1024K, 1 young (1024K), 1 survivors (1024K)
[2020-12-25T03:37:46.284-0400][gc,heap        ] GC(386311)  Metaspace       used 61021K, capacity 63721K, committed 64768K, reserved 1107968K
[2020-12-25T03:37:46.284-0400][gc,heap        ] GC(386311)   class space    used 5712K, capacity 6559K, committed 6912K, reserved 1048576K
[2020-12-25T03:37:46.284-0400][gc             ] GC(386311) Pause Young (Normal) (G1 Evacuation Pause) 57M->47M(70M) 6.261ms
[2020-12-25T03:37:46.284-0400][gc,cpu         ] GC(386311) User=0.01s Sys=0.01s Real=0.00s
[2020-12-25T03:38:18.126-0400][gc,heap        ] GC(386312) Heap before GC invocations=386287 (full 11302): garbage-first heap   total 71680K, used 57896K [0x0000000083000000, 0x0000000100000000)
[2020-12-25T03:38:18.126-0400][gc,heap        ] GC(386312)   region size 1024K, 11 young (11264K), 1 survivors (1024K)
[2020-12-25T03:38:18.126-0400][gc,heap        ] GC(386312)  Metaspace       used 61021K, capacity 63721K, committed 64768K, reserved 1107968K
[2020-12-25T03:38:18.126-0400][gc,heap        ] GC(386312)   class space    used 5712K, capacity 6559K, committed 6912K, reserved 1048576K
[2020-12-25T03:38:18.126-0400][gc,start       ] GC(386312) Pause Young (Normal) (G1 Evacuation Pause)
[2020-12-25T03:38:18.126-0400][gc,task        ] GC(386312) Using 4 workers of 4 for evacuation
[2020-12-25T03:38:18.131-0400][gc,phases      ] GC(386312)   Pre Evacuate Collection Set: 0.0ms
[2020-12-25T03:38:18.131-0400][gc,phases      ] GC(386312)   Evacuate Collection Set: 3.3ms
[2020-12-25T03:38:18.131-0400][gc,phases      ] GC(386312)   Post Evacuate Collection Set: 1.5ms
[2020-12-25T03:38:18.131-0400][gc,phases      ] GC(386312)   Other: 0.8ms
[2020-12-25T03:38:18.132-0400][gc,heap        ] GC(386312) Eden regions: 10->0(10)
[2020-12-25T03:38:18.132-0400][gc,heap        ] GC(386312) Survivor regions: 1->1(2)
[2020-12-25T03:38:18.132-0400][gc,heap        ] GC(386312) Old regions: 46->46
[2020-12-25T03:38:18.132-0400][gc,heap        ] GC(386312) Humongous regions: 4->4
[2020-12-25T03:38:18.132-0400][gc,metaspace   ] GC(386312) Metaspace: 61021K->61021K(1107968K)
[2020-12-25T03:38:18.132-0400][gc,heap        ] GC(386312) Heap after GC invocations=386288 (full 11302): garbage-first heap   total 71680K, used 48714K [0x0000000083000000, 0x0000000100000000)
[2020-12-25T03:38:18.132-0400][gc,heap        ] GC(386312)   region size 1024K, 1 young (1024K), 1 survivors (1024K)
[2020-12-25T03:38:18.132-0400][gc,heap        ] GC(386312)  Metaspace       used 61021K, capacity 63721K, committed 64768K, reserved 1107968K
[2020-12-25T03:38:18.132-0400][gc,heap        ] GC(386312)   class space    used 5712K, capacity 6559K, committed 6912K, reserved 1048576K
[2020-12-25T03:38:18.132-0400][gc             ] GC(386312) Pause Young (Normal) (G1 Evacuation Pause) 57M->47M(70M) 6.117ms
[2020-12-25T03:38:18.132-0400][gc,cpu         ] GC(386312) User=0.01s Sys=0.01s Real=0.00s
[2020-12-25T03:38:43.094-0400][gc,heap        ] GC(386313) Heap before GC invocations=386288 (full 11302): garbage-first heap   total 71680K, used 57930K [0x0000000083000000, 0x0000000100000000)
[2020-12-25T03:38:43.094-0400][gc,heap        ] GC(386313)   region size 1024K, 11 young (11264K), 1 survivors (1024K)
[2020-12-25T03:38:43.094-0400][gc,heap        ] GC(386313)  Metaspace       used 61021K, capacity 63721K, committed 64768K, reserved 1107968K
[2020-12-25T03:38:43.094-0400][gc,heap        ] GC(386313)   class space    used 5712K, capacity 6559K, committed 6912K, reserved 1048576K
[2020-12-25T03:38:43.094-0400][gc,start       ] GC(386313) Pause Young (Normal) (G1 Evacuation Pause)
[2020-12-25T03:38:43.094-0400][gc,task        ] GC(386313) Using 4 workers of 4 for evacuation
[2020-12-25T03:38:43.100-0400][gc,phases      ] GC(386313)   Pre Evacuate Collection Set: 0.0ms
[2020-12-25T03:38:43.100-0400][gc,phases      ] GC(386313)   Evacuate Collection Set: 3.4ms
[2020-12-25T03:38:43.100-0400][gc,phases      ] GC(386313)   Post Evacuate Collection Set: 1.5ms
[2020-12-25T03:38:43.100-0400][gc,phases      ] GC(386313)   Other: 0.9ms
[2020-12-25T03:38:43.100-0400][gc,heap        ] GC(386313) Eden regions: 10->0(10)
[2020-12-25T03:38:43.100-0400][gc,heap        ] GC(386313) Survivor regions: 1->1(2)
[2020-12-25T03:38:43.100-0400][gc,heap        ] GC(386313) Old regions: 46->46
[2020-12-25T03:38:43.100-0400][gc,heap        ] GC(386313) Humongous regions: 4->4
[2020-12-25T03:38:43.100-0400][gc,metaspace   ] GC(386313) Metaspace: 61021K->61021K(1107968K)
[2020-12-25T03:38:43.100-0400][gc,heap        ] GC(386313) Heap after GC invocations=386289 (full 11302): garbage-first heap   total 71680K, used 48702K [0x0000000083000000, 0x0000000100000000)
[2020-12-25T03:38:43.100-0400][gc,heap        ] GC(386313)   region size 1024K, 1 young (1024K), 1 survivors (1024K)
[2020-12-25T03:38:43.100-0400][gc,heap        ] GC(386313)  Metaspace       used 61021K, capacity 63721K, committed 64768K, reserved 1107968K
[2020-12-25T03:38:43.100-0400][gc,heap        ] GC(386313)   class space    used 5712K, capacity 6559K, committed 6912K, reserved 1048576K
[2020-12-25T03:38:43.101-0400][gc             ] GC(386313) Pause Young (Normal) (G1 Evacuation Pause) 57M->47M(70M) 6.135ms
[2020-12-25T03:38:43.101-0400][gc,cpu         ] GC(386313) User=0.02s Sys=0.00s Real=0.01s
[2020-12-25T03:39:04.419-0400][gc,heap        ] GC(386314) Heap before GC invocations=386289 (full 11302): garbage-first heap   total 71680K, used 57918K [0x0000000083000000, 0x0000000100000000)
[2020-12-25T03:39:04.419-0400][gc,heap        ] GC(386314)   region size 1024K, 11 young (11264K), 1 survivors (1024K)
[2020-12-25T03:39:04.419-0400][gc,heap        ] GC(386314)  Metaspace       used 61021K, capacity 63721K, committed 64768K, reserved 1107968K
[2020-12-25T03:39:04.419-0400][gc,heap        ] GC(386314)   class space    used 5712K, capacity 6559K, committed 6912K, reserved 1048576K
[2020-12-25T03:39:04.419-0400][gc,start       ] GC(386314) Pause Young (Normal) (G1 Evacuation Pause)
[2020-12-25T03:39:04.419-0400][gc,task        ] GC(386314) Using 4 workers of 4 for evacuation
[2020-12-25T03:39:04.425-0400][gc,phases      ] GC(386314)   Pre Evacuate Collection Set: 0.0ms
[2020-12-25T03:39:04.425-0400][gc,phases      ] GC(386314)   Evacuate Collection Set: 3.8ms
[2020-12-25T03:39:04.425-0400][gc,phases      ] GC(386314)   Post Evacuate Collection Set: 1.5ms
[2020-12-25T03:39:04.425-0400][gc,phases      ] GC(386314)   Other: 0.8ms
[2020-12-25T03:39:04.425-0400][gc,heap        ] GC(386314) Eden regions: 10->0(10)
[2020-12-25T03:39:04.425-0400][gc,heap        ] GC(386314) Survivor regions: 1->1(2)
[2020-12-25T03:39:04.425-0400][gc,heap        ] GC(386314) Old regions: 46->46
[2020-12-25T03:39:04.425-0400][gc,heap        ] GC(386314) Humongous regions: 4->4
[2020-12-25T03:39:04.425-0400][gc,metaspace   ] GC(386314) Metaspace: 61021K->61021K(1107968K)
[2020-12-25T03:39:04.425-0400][gc,heap        ] GC(386314) Heap after GC invocations=386290 (full 11302): garbage-first heap   total 71680K, used 48926K [0x0000000083000000, 0x0000000100000000)
[2020-12-25T03:39:04.425-0400][gc,heap        ] GC(386314)   region size 1024K, 1 young (1024K), 1 survivors (1024K)
[2020-12-25T03:39:04.425-0400][gc,heap        ] GC(386314)  Metaspace       used 61021K, capacity 63721K, committed 64768K, reserved 1107968K
[2020-12-25T03:39:04.425-0400][gc,heap        ] GC(386314)   class space    used 5712K, capacity 6559K, committed 6912K, reserved 1048576K
[2020-12-25T03:39:04.426-0400][gc             ] GC(386314) Pause Young (Normal) (G1 Evacuation Pause) 57M->47M(70M) 6.585ms
[2020-12-25T03:39:04.426-0400][gc,cpu         ] GC(386314) User=0.01s Sys=0.00s Real=0.01s
[2020-12-25T03:39:45.711-0400][gc,heap        ] GC(386315) Heap before GC invocations=386290 (full 11302): garbage-first heap   total 71680K, used 58142K [0x0000000083000000, 0x0000000100000000)
[2020-12-25T03:39:45.711-0400][gc,heap        ] GC(386315)   region size 1024K, 11 young (11264K), 1 survivors (1024K)
[2020-12-25T03:39:45.711-0400][gc,heap        ] GC(386315)  Metaspace       used 61021K, capacity 63721K, committed 64768K, reserved 1107968K
[2020-12-25T03:39:45.711-0400][gc,heap        ] GC(386315)   class space    used 5712K, capacity 6559K, committed 6912K, reserved 1048576K
[2020-12-25T03:39:45.711-0400][gc,start       ] GC(386315) Pause Young (Normal) (G1 Evacuation Pause)
[2020-12-25T03:39:45.711-0400][gc,task        ] GC(386315) Using 4 workers of 4 for evacuation
[2020-12-25T03:39:45.717-0400][gc,phases      ] GC(386315)   Pre Evacuate Collection Set: 0.0ms
[2020-12-25T03:39:45.717-0400][gc,phases      ] GC(386315)   Evacuate Collection Set: 3.5ms
[2020-12-25T03:39:45.717-0400][gc,phases      ] GC(386315)   Post Evacuate Collection Set: 1.6ms
[2020-12-25T03:39:45.717-0400][gc,phases      ] GC(386315)   Other: 0.9ms
[2020-12-25T03:39:45.717-0400][gc,heap        ] GC(386315) Eden regions: 10->0(10)
[2020-12-25T03:39:45.717-0400][gc,heap        ] GC(386315) Survivor regions: 1->1(2)
[2020-12-25T03:39:45.717-0400][gc,heap        ] GC(386315) Old regions: 46->46
[2020-12-25T03:39:45.717-0400][gc,heap        ] GC(386315) Humongous regions: 4->4
[2020-12-25T03:39:45.717-0400][gc,metaspace   ] GC(386315) Metaspace: 61021K->61021K(1107968K)
[2020-12-25T03:39:45.717-0400][gc,heap        ] GC(386315) Heap after GC invocations=386291 (full 11302): garbage-first heap   total 71680K, used 48838K [0x0000000083000000, 0x0000000100000000)
[2020-12-25T03:39:45.717-0400][gc,heap        ] GC(386315)   region size 1024K, 1 young (1024K), 1 survivors (1024K)
[2020-12-25T03:39:45.717-0400][gc,heap        ] GC(386315)  Metaspace       used 61021K, capacity 63721K, committed 64768K, reserved 1107968K
[2020-12-25T03:39:45.718-0400][gc,heap        ] GC(386315)   class space    used 5712K, capacity 6559K, committed 6912K, reserved 1048576K
[2020-12-25T03:39:45.718-0400][gc             ] GC(386315) Pause Young (Normal) (G1 Evacuation Pause) 57M->47M(70M) 6.443ms
[2020-12-25T03:39:45.718-0400][gc,cpu         ] GC(386315) User=0.01s Sys=0.01s Real=0.01s
[2020-12-25T03:40:13.892-0400][gc,heap        ] GC(386316) Heap before GC invocations=386291 (full 11302): garbage-first heap   total 71680K, used 58054K [0x0000000083000000, 0x0000000100000000)
[2020-12-25T03:40:13.892-0400][gc,heap        ] GC(386316)   region size 1024K, 11 young (11264K), 1 survivors (1024K)
[2020-12-25T03:40:13.892-0400][gc,heap        ] GC(386316)  Metaspace       used 61021K, capacity 63721K, committed 64768K, reserved 1107968K
[2020-12-25T03:40:13.892-0400][gc,heap        ] GC(386316)   class space    used 5712K, capacity 6559K, committed 6912K, reserved 1048576K
[2020-12-25T03:40:13.892-0400][gc,start       ] GC(386316) Pause Young (Normal) (G1 Evacuation Pause)
[2020-12-25T03:40:13.892-0400][gc,task        ] GC(386316) Using 4 workers of 4 for evacuation
[2020-12-25T03:40:13.898-0400][gc,phases      ] GC(386316)   Pre Evacuate Collection Set: 0.0ms
[2020-12-25T03:40:13.898-0400][gc,phases      ] GC(386316)   Evacuate Collection Set: 3.5ms
[2020-12-25T03:40:13.898-0400][gc,phases      ] GC(386316)   Post Evacuate Collection Set: 1.5ms
[2020-12-25T03:40:13.898-0400][gc,phases      ] GC(386316)   Other: 1.0ms
[2020-12-25T03:40:13.898-0400][gc,heap        ] GC(386316) Eden regions: 10->0(10)
[2020-12-25T03:40:13.898-0400][gc,heap        ] GC(386316) Survivor regions: 1->1(2)
[2020-12-25T03:40:13.898-0400][gc,heap        ] GC(386316) Old regions: 46->46
[2020-12-25T03:40:13.898-0400][gc,heap        ] GC(386316) Humongous regions: 4->4
[2020-12-25T03:40:13.898-0400][gc,metaspace   ] GC(386316) Metaspace: 61021K->61021K(1107968K)
[2020-12-25T03:40:13.898-0400][gc,heap        ] GC(386316) Heap after GC invocations=386292 (full 11302): garbage-first heap   total 71680K, used 48798K [0x0000000083000000, 0x0000000100000000)
[2020-12-25T03:40:13.898-0400][gc,heap        ] GC(386316)   region size 1024K, 1 young (1024K), 1 survivors (1024K)
[2020-12-25T03:40:13.898-0400][gc,heap        ] GC(386316)  Metaspace       used 61021K, capacity 63721K, committed 64768K, reserved 1107968K
[2020-12-25T03:40:13.898-0400][gc,heap        ] GC(386316)   class space    used 5712K, capacity 6559K, committed 6912K, reserved 1048576K
[2020-12-25T03:40:13.898-0400][gc             ] GC(386316) Pause Young (Normal) (G1 Evacuation Pause) 57M->47M(70M) 6.329ms
[2020-12-25T03:40:13.898-0400][gc,cpu         ] GC(386316) User=0.01s Sys=0.01s Real=0.01s
[2020-12-25T03:40:43.876-0400][gc,heap        ] GC(386317) Heap before GC invocations=386292 (full 11302): garbage-first heap   total 71680K, used 58014K [0x0000000083000000, 0x0000000100000000)
[2020-12-25T03:40:43.876-0400][gc,heap        ] GC(386317)   region size 1024K, 11 young (11264K), 1 survivors (1024K)
[2020-12-25T03:40:43.876-0400][gc,heap        ] GC(386317)  Metaspace       used 61021K, capacity 63721K, committed 64768K, reserved 1107968K
[2020-12-25T03:40:43.876-0400][gc,heap        ] GC(386317)   class space    used 5712K, capacity 6559K, committed 6912K, reserved 1048576K
[2020-12-25T03:40:43.876-0400][gc,start       ] GC(386317) Pause Young (Normal) (G1 Evacuation Pause)
[2020-12-25T03:40:43.876-0400][gc,task        ] GC(386317) Using 4 workers of 4 for evacuation
[2020-12-25T03:40:43.882-0400][gc,phases      ] GC(386317)   Pre Evacuate Collection Set: 0.1ms
[2020-12-25T03:40:43.882-0400][gc,phases      ] GC(386317)   Evacuate Collection Set: 3.4ms
[2020-12-25T03:40:43.882-0400][gc,phases      ] GC(386317)   Post Evacuate Collection Set: 1.5ms
[2020-12-25T03:40:43.882-0400][gc,phases      ] GC(386317)   Other: 0.9ms
[2020-12-25T03:40:43.882-0400][gc,heap        ] GC(386317) Eden regions: 10->0(10)
[2020-12-25T03:40:43.882-0400][gc,heap        ] GC(386317) Survivor regions: 1->1(2)
[2020-12-25T03:40:43.882-0400][gc,heap        ] GC(386317) Old regions: 46->46
[2020-12-25T03:40:43.882-0400][gc,heap        ] GC(386317) Humongous regions: 4->4
[2020-12-25T03:40:43.882-0400][gc,metaspace   ] GC(386317) Metaspace: 61021K->61021K(1107968K)
[2020-12-25T03:40:43.882-0400][gc,heap        ] GC(386317) Heap after GC invocations=386293 (full 11302): garbage-first heap   total 71680K, used 48789K [0x0000000083000000, 0x0000000100000000)
[2020-12-25T03:40:43.882-0400][gc,heap        ] GC(386317)   region size 1024K, 1 young (1024K), 1 survivors (1024K)
[2020-12-25T03:40:43.882-0400][gc,heap        ] GC(386317)  Metaspace       used 61021K, capacity 63721K, committed 64768K, reserved 1107968K
[2020-12-25T03:40:43.882-0400][gc,heap        ] GC(386317)   class space    used 5712K, capacity 6559K, committed 6912K, reserved 1048576K
[2020-12-25T03:40:43.882-0400][gc             ] GC(386317) Pause Young (Normal) (G1 Evacuation Pause) 57M->47M(70M) 6.111ms
[2020-12-25T03:40:43.883-0400][gc,cpu         ] GC(386317) User=0.02s Sys=0.00s Real=0.00s
[2020-12-25T03:41:07.067-0400][gc,heap        ] GC(386318) Heap before GC invocations=386293 (full 11302): garbage-first heap   total 71680K, used 59029K [0x0000000083000000, 0x0000000100000000)
[2020-12-25T03:41:07.067-0400][gc,heap        ] GC(386318)   region size 1024K, 11 young (11264K), 1 survivors (1024K)
[2020-12-25T03:41:07.067-0400][gc,heap        ] GC(386318)  Metaspace       used 61021K, capacity 63721K, committed 64768K, reserved 1107968K
[2020-12-25T03:41:07.067-0400][gc,heap        ] GC(386318)   class space    used 5712K, capacity 6559K, committed 6912K, reserved 1048576K
[2020-12-25T03:41:07.067-0400][gc,start       ] GC(386318) Pause Young (Normal) (G1 Evacuation Pause)
[2020-12-25T03:41:07.067-0400][gc,task        ] GC(386318) Using 4 workers of 4 for evacuation
[2020-12-25T03:41:07.073-0400][gc,phases      ] GC(386318)   Pre Evacuate Collection Set: 0.0ms
[2020-12-25T03:41:07.073-0400][gc,phases      ] GC(386318)   Evacuate Collection Set: 3.4ms
[2020-12-25T03:41:07.073-0400][gc,phases      ] GC(386318)   Post Evacuate Collection Set: 1.6ms
[2020-12-25T03:41:07.073-0400][gc,phases      ] GC(386318)   Other: 1.0ms
[2020-12-25T03:41:07.073-0400][gc,heap        ] GC(386318) Eden regions: 10->0(10)
[2020-12-25T03:41:07.073-0400][gc,heap        ] GC(386318) Survivor regions: 1->1(2)
[2020-12-25T03:41:07.073-0400][gc,heap        ] GC(386318) Old regions: 46->46
[2020-12-25T03:41:07.073-0400][gc,heap        ] GC(386318) Humongous regions: 4->4
[2020-12-25T03:41:07.073-0400][gc,metaspace   ] GC(386318) Metaspace: 61021K->61021K(1107968K)
[2020-12-25T03:41:07.073-0400][gc,heap        ] GC(386318) Heap after GC invocations=386294 (full 11302): garbage-first heap   total 71680K, used 48877K [0x0000000083000000, 0x0000000100000000)
[2020-12-25T03:41:07.074-0400][gc,heap        ] GC(386318)   region size 1024K, 1 young (1024K), 1 survivors (1024K)
[2020-12-25T03:41:07.074-0400][gc,heap        ] GC(386318)  Metaspace       used 61021K, capacity 63721K, committed 64768K, reserved 1107968K
[2020-12-25T03:41:07.074-0400][gc,heap        ] GC(386318)   class space    used 5712K, capacity 6559K, committed 6912K, reserved 1048576K
[2020-12-25T03:41:07.074-0400][gc             ] GC(386318) Pause Young (Normal) (G1 Evacuation Pause) 57M->47M(70M) 6.329ms
[2020-12-25T03:41:07.074-0400][gc,cpu         ] GC(386318) User=0.02s Sys=0.00s Real=0.00s
[2020-12-25T03:41:46.207-0400][gc,heap        ] GC(386319) Heap before GC invocations=386294 (full 11302): garbage-first heap   total 71680K, used 58093K [0x0000000083000000, 0x0000000100000000)
[2020-12-25T03:41:46.207-0400][gc,heap        ] GC(386319)   region size 1024K, 11 young (11264K), 1 survivors (1024K)
[2020-12-25T03:41:46.207-0400][gc,heap        ] GC(386319)  Metaspace       used 61021K, capacity 63721K, committed 64768K, reserved 1107968K
[2020-12-25T03:41:46.207-0400][gc,heap        ] GC(386319)   class space    used 5712K, capacity 6559K, committed 6912K, reserved 1048576K
[2020-12-25T03:41:46.207-0400][gc,start       ] GC(386319) Pause Young (Normal) (G1 Evacuation Pause)
[2020-12-25T03:41:46.207-0400][gc,task        ] GC(386319) Using 4 workers of 4 for evacuation
[2020-12-25T03:41:46.213-0400][gc,phases      ] GC(386319)   Pre Evacuate Collection Set: 0.0ms
[2020-12-25T03:41:46.213-0400][gc,phases      ] GC(386319)   Evacuate Collection Set: 3.4ms
[2020-12-25T03:41:46.213-0400][gc,phases      ] GC(386319)   Post Evacuate Collection Set: 1.9ms
[2020-12-25T03:41:46.213-0400][gc,phases      ] GC(386319)   Other: 0.8ms
[2020-12-25T03:41:46.213-0400][gc,heap        ] GC(386319) Eden regions: 10->0(10)
[2020-12-25T03:41:46.214-0400][gc,heap        ] GC(386319) Survivor regions: 1->1(2)
[2020-12-25T03:41:46.214-0400][gc,heap        ] GC(386319) Old regions: 46->46
[2020-12-25T03:41:46.214-0400][gc,heap        ] GC(386319) Humongous regions: 4->4
[2020-12-25T03:41:46.214-0400][gc,metaspace   ] GC(386319) Metaspace: 61021K->61021K(1107968K)
[2020-12-25T03:41:46.214-0400][gc,heap        ] GC(386319) Heap after GC invocations=386295 (full 11302): garbage-first heap   total 71680K, used 48808K [0x0000000083000000, 0x0000000100000000)
[2020-12-25T03:41:46.214-0400][gc,heap        ] GC(386319)   region size 1024K, 1 young (1024K), 1 survivors (1024K)
[2020-12-25T03:41:46.214-0400][gc,heap        ] GC(386319)  Metaspace       used 61021K, capacity 63721K, committed 64768K, reserved 1107968K
[2020-12-25T03:41:46.214-0400][gc,heap        ] GC(386319)   class space    used 5712K, capacity 6559K, committed 6912K, reserved 1048576K
[2020-12-25T03:41:46.214-0400][gc             ] GC(386319) Pause Young (Normal) (G1 Evacuation Pause) 57M->47M(70M) 6.644ms
[2020-12-25T03:41:46.214-0400][gc,cpu         ] GC(386319) User=0.01s Sys=0.01s Real=0.00s
[2020-12-25T03:41:50.923-0400][gc,task        ] GC(386320) Using 3 workers of 4 for full compaction
[2020-12-25T03:41:50.923-0400][gc,start       ] GC(386320) Pause Full (System.gc())
[2020-12-25T03:41:50.924-0400][gc,heap        ] GC(386320) Heap before GC invocations=386295 (full 11302): garbage-first heap   total 71680K, used 51880K [0x0000000083000000, 0x0000000100000000)
[2020-12-25T03:41:50.924-0400][gc,heap        ] GC(386320)   region size 1024K, 6 young (6144K), 1 survivors (1024K)
[2020-12-25T03:41:50.924-0400][gc,heap        ] GC(386320)  Metaspace       used 61021K, capacity 63721K, committed 64768K, reserved 1107968K
[2020-12-25T03:41:50.924-0400][gc,heap        ] GC(386320)   class space    used 5712K, capacity 6559K, committed 6912K, reserved 1048576K
[2020-12-25T03:41:50.926-0400][gc,phases,start] GC(386320) Phase 1: Mark live objects
[2020-12-25T03:41:51.068-0400][gc,stringtable ] GC(386320) Cleaned string and symbol table, strings: 32207 processed, 0 removed, symbols: 131451 processed, 0 removed
[2020-12-25T03:41:51.068-0400][gc,phases      ] GC(386320) Phase 1: Mark live objects 142.366ms
[2020-12-25T03:41:51.068-0400][gc,phases,start] GC(386320) Phase 2: Prepare for compaction
[2020-12-25T03:41:51.098-0400][gc,phases      ] GC(386320) Phase 2: Prepare for compaction 29.920ms
[2020-12-25T03:41:51.099-0400][gc,phases,start] GC(386320) Phase 3: Adjust pointers
[2020-12-25T03:41:51.175-0400][gc,phases      ] GC(386320) Phase 3: Adjust pointers 76.652ms
[2020-12-25T03:41:51.175-0400][gc,phases,start] GC(386320) Phase 4: Compact heap
[2020-12-25T03:41:51.194-0400][gc,phases      ] GC(386320) Phase 4: Compact heap 18.740ms
[2020-12-25T03:41:51.230-0400][gc,heap        ] GC(386320) Eden regions: 5->0(10)
[2020-12-25T03:41:51.230-0400][gc,heap        ] GC(386320) Survivor regions: 1->0(2)
[2020-12-25T03:41:51.230-0400][gc,heap        ] GC(386320) Old regions: 46->47
[2020-12-25T03:41:51.230-0400][gc,heap        ] GC(386320) Humongous regions: 4->4
[2020-12-25T03:41:51.230-0400][gc,metaspace   ] GC(386320) Metaspace: 61021K->61021K(1107968K)
[2020-12-25T03:41:51.230-0400][gc,heap        ] GC(386320) Heap after GC invocations=386296 (full 11303): garbage-first heap   total 71680K, used 48381K [0x0000000083000000, 0x0000000100000000)
[2020-12-25T03:41:51.230-0400][gc,heap        ] GC(386320)   region size 1024K, 0 young (0K), 0 survivors (0K)
[2020-12-25T03:41:51.230-0400][gc,heap        ] GC(386320)  Metaspace       used 61021K, capacity 63721K, committed 64768K, reserved 1107968K
[2020-12-25T03:41:51.230-0400][gc,heap        ] GC(386320)   class space    used 5712K, capacity 6559K, committed 6912K, reserved 1048576K
[2020-12-25T03:41:51.230-0400][gc             ] GC(386320) Pause Full (System.gc()) 52M->47M(70M) 306.698ms
[2020-12-25T03:41:51.230-0400][gc,cpu         ] GC(386320) User=0.52s Sys=0.31s Real=0.31s
[2020-12-25T03:42:06.405-0400][gc,heap        ] GC(386321) Heap before GC invocations=386296 (full 11303): garbage-first heap   total 71680K, used 58621K [0x0000000083000000, 0x0000000100000000)
[2020-12-25T03:42:06.405-0400][gc,heap        ] GC(386321)   region size 1024K, 10 young (10240K), 0 survivors (0K)
[2020-12-25T03:42:06.405-0400][gc,heap        ] GC(386321)  Metaspace       used 61021K, capacity 63721K, committed 64768K, reserved 1107968K
[2020-12-25T03:42:06.406-0400][gc,heap        ] GC(386321)   class space    used 5712K, capacity 6559K, committed 6912K, reserved 1048576K
[2020-12-25T03:42:06.406-0400][gc,start       ] GC(386321) Pause Young (Normal) (G1 Evacuation Pause)
[2020-12-25T03:42:06.406-0400][gc,task        ] GC(386321) Using 4 workers of 4 for evacuation
[2020-12-25T03:42:06.411-0400][gc,phases      ] GC(386321)   Pre Evacuate Collection Set: 0.0ms
[2020-12-25T03:42:06.411-0400][gc,phases      ] GC(386321)   Evacuate Collection Set: 3.5ms
[2020-12-25T03:42:06.412-0400][gc,phases      ] GC(386321)   Post Evacuate Collection Set: 1.7ms
[2020-12-25T03:42:06.412-0400][gc,phases      ] GC(386321)   Other: 0.9ms
[2020-12-25T03:42:06.412-0400][gc,heap        ] GC(386321) Eden regions: 10->0(9)
[2020-12-25T03:42:06.412-0400][gc,heap        ] GC(386321) Survivor regions: 0->1(2)
[2020-12-25T03:42:06.412-0400][gc,heap        ] GC(386321) Old regions: 47->47
[2020-12-25T03:42:06.412-0400][gc,heap        ] GC(386321) Humongous regions: 4->4
[2020-12-25T03:42:06.412-0400][gc,metaspace   ] GC(386321) Metaspace: 61021K->61021K(1107968K)
[2020-12-25T03:42:06.412-0400][gc,heap        ] GC(386321) Heap after GC invocations=386297 (full 11303): garbage-first heap   total 71680K, used 48788K [0x0000000083000000, 0x0000000100000000)
[2020-12-25T03:42:06.412-0400][gc,heap        ] GC(386321)   region size 1024K, 1 young (1024K), 1 survivors (1024K)
[2020-12-25T03:42:06.412-0400][gc,heap        ] GC(386321)  Metaspace       used 61021K, capacity 63721K, committed 64768K, reserved 1107968K
[2020-12-25T03:42:06.412-0400][gc,heap        ] GC(386321)   class space    used 5712K, capacity 6559K, committed 6912K, reserved 1048576K
[2020-12-25T03:42:06.412-0400][gc             ] GC(386321) Pause Young (Normal) (G1 Evacuation Pause) 57M->47M(70M) 6.463ms
[2020-12-25T03:42:06.412-0400][gc,cpu         ] GC(386321) User=0.01s Sys=0.00s Real=0.00s
[2020-12-25T03:42:41.371-0400][gc,heap        ] GC(386322) Heap before GC invocations=386297 (full 11303): garbage-first heap   total 71680K, used 58004K [0x0000000083000000, 0x0000000100000000)
[2020-12-25T03:42:41.371-0400][gc,heap        ] GC(386322)   region size 1024K, 10 young (10240K), 1 survivors (1024K)
[2020-12-25T03:42:41.371-0400][gc,heap        ] GC(386322)  Metaspace       used 61021K, capacity 63721K, committed 64768K, reserved 1107968K
[2020-12-25T03:42:41.371-0400][gc,heap        ] GC(386322)   class space    used 5712K, capacity 6559K, committed 6912K, reserved 1048576K
[2020-12-25T03:42:41.371-0400][gc,start       ] GC(386322) Pause Young (Normal) (G1 Evacuation Pause)
[2020-12-25T03:42:41.371-0400][gc,task        ] GC(386322) Using 4 workers of 4 for evacuation
[2020-12-25T03:42:41.377-0400][gc,phases      ] GC(386322)   Pre Evacuate Collection Set: 0.0ms
[2020-12-25T03:42:41.377-0400][gc,phases      ] GC(386322)   Evacuate Collection Set: 3.8ms
[2020-12-25T03:42:41.377-0400][gc,phases      ] GC(386322)   Post Evacuate Collection Set: 1.5ms
[2020-12-25T03:42:41.377-0400][gc,phases      ] GC(386322)   Other: 0.9ms
[2020-12-25T03:42:41.377-0400][gc,heap        ] GC(386322) Eden regions: 9->0(9)
[2020-12-25T03:42:41.377-0400][gc,heap        ] GC(386322) Survivor regions: 1->1(2)
[2020-12-25T03:42:41.377-0400][gc,heap        ] GC(386322) Old regions: 47->47
[2020-12-25T03:42:41.377-0400][gc,heap        ] GC(386322) Humongous regions: 4->4
[2020-12-25T03:42:41.377-0400][gc,metaspace   ] GC(386322) Metaspace: 61021K->61021K(1107968K)
[2020-12-25T03:42:41.377-0400][gc,heap        ] GC(386322) Heap after GC invocations=386298 (full 11303): garbage-first heap   total 71680K, used 48766K [0x0000000083000000, 0x0000000100000000)
[2020-12-25T03:42:41.377-0400][gc,heap        ] GC(386322)   region size 1024K, 1 young (1024K), 1 survivors (1024K)
[2020-12-25T03:42:41.377-0400][gc,heap        ] GC(386322)  Metaspace       used 61021K, capacity 63721K, committed 64768K, reserved 1107968K
[2020-12-25T03:42:41.377-0400][gc,heap        ] GC(386322)   class space    used 5712K, capacity 6559K, committed 6912K, reserved 1048576K
[2020-12-25T03:42:41.378-0400][gc             ] GC(386322) Pause Young (Normal) (G1 Evacuation Pause) 56M->47M(70M) 6.514ms
[2020-12-25T03:42:41.378-0400][gc,cpu         ] GC(386322) User=0.02s Sys=0.00s Real=0.01s
[2020-12-25T03:43:07.037-0400][gc,heap        ] GC(386323) Heap before GC invocations=386298 (full 11303): garbage-first heap   total 71680K, used 56958K [0x0000000083000000, 0x0000000100000000)
[2020-12-25T03:43:07.037-0400][gc,heap        ] GC(386323)   region size 1024K, 10 young (10240K), 1 survivors (1024K)
[2020-12-25T03:43:07.037-0400][gc,heap        ] GC(386323)  Metaspace       used 61021K, capacity 63721K, committed 64768K, reserved 1107968K
[2020-12-25T03:43:07.037-0400][gc,heap        ] GC(386323)   class space    used 5712K, capacity 6559K, committed 6912K, reserved 1048576K
[2020-12-25T03:43:07.037-0400][gc,start       ] GC(386323) Pause Young (Normal) (G1 Evacuation Pause)
[2020-12-25T03:43:07.037-0400][gc,task        ] GC(386323) Using 4 workers of 4 for evacuation
[2020-12-25T03:43:07.043-0400][gc,phases      ] GC(386323)   Pre Evacuate Collection Set: 0.0ms
[2020-12-25T03:43:07.043-0400][gc,phases      ] GC(386323)   Evacuate Collection Set: 3.5ms
[2020-12-25T03:43:07.043-0400][gc,phases      ] GC(386323)   Post Evacuate Collection Set: 1.6ms
[2020-12-25T03:43:07.043-0400][gc,phases      ] GC(386323)   Other: 0.8ms
[2020-12-25T03:43:07.043-0400][gc,heap        ] GC(386323) Eden regions: 9->0(9)
[2020-12-25T03:43:07.043-0400][gc,heap        ] GC(386323) Survivor regions: 1->1(2)
[2020-12-25T03:43:07.043-0400][gc,heap        ] GC(386323) Old regions: 47->47
[2020-12-25T03:43:07.043-0400][gc,heap        ] GC(386323) Humongous regions: 4->4
[2020-12-25T03:43:07.043-0400][gc,metaspace   ] GC(386323) Metaspace: 61021K->61021K(1107968K)
[2020-12-25T03:43:07.043-0400][gc,heap        ] GC(386323) Heap after GC invocations=386299 (full 11303): garbage-first heap   total 71680K, used 48849K [0x0000000083000000, 0x0000000100000000)
[2020-12-25T03:43:07.043-0400][gc,heap        ] GC(386323)   region size 1024K, 1 young (1024K), 1 survivors (1024K)
[2020-12-25T03:43:07.043-0400][gc,heap        ] GC(386323)  Metaspace       used 61021K, capacity 63721K, committed 64768K, reserved 1107968K
[2020-12-25T03:43:07.043-0400][gc,heap        ] GC(386323)   class space    used 5712K, capacity 6559K, committed 6912K, reserved 1048576K
[2020-12-25T03:43:07.043-0400][gc             ] GC(386323) Pause Young (Normal) (G1 Evacuation Pause) 56M->47M(70M) 6.315ms
[2020-12-25T03:43:07.044-0400][gc,cpu         ] GC(386323) User=0.01s Sys=0.01s Real=0.00s
[2020-12-25T03:43:33.892-0400][gc,heap        ] GC(386324) Heap before GC invocations=386299 (full 11303): garbage-first heap   total 71680K, used 57041K [0x0000000083000000, 0x0000000100000000)
[2020-12-25T03:43:33.892-0400][gc,heap        ] GC(386324)   region size 1024K, 10 young (10240K), 1 survivors (1024K)
[2020-12-25T03:43:33.892-0400][gc,heap        ] GC(386324)  Metaspace       used 61021K, capacity 63721K, committed 64768K, reserved 1107968K
[2020-12-25T03:43:33.892-0400][gc,heap        ] GC(386324)   class space    used 5712K, capacity 6559K, committed 6912K, reserved 1048576K
[2020-12-25T03:43:33.893-0400][gc,start       ] GC(386324) Pause Young (Normal) (G1 Evacuation Pause)
[2020-12-25T03:43:33.893-0400][gc,task        ] GC(386324) Using 4 workers of 4 for evacuation
[2020-12-25T03:43:33.898-0400][gc,phases      ] GC(386324)   Pre Evacuate Collection Set: 0.0ms
[2020-12-25T03:43:33.898-0400][gc,phases      ] GC(386324)   Evacuate Collection Set: 3.1ms
[2020-12-25T03:43:33.898-0400][gc,phases      ] GC(386324)   Post Evacuate Collection Set: 1.8ms
[2020-12-25T03:43:33.898-0400][gc,phases      ] GC(386324)   Other: 0.8ms
[2020-12-25T03:43:33.898-0400][gc,heap        ] GC(386324) Eden regions: 9->0(9)
[2020-12-25T03:43:33.898-0400][gc,heap        ] GC(386324) Survivor regions: 1->1(2)
[2020-12-25T03:43:33.898-0400][gc,heap        ] GC(386324) Old regions: 47->47
[2020-12-25T03:43:33.898-0400][gc,heap        ] GC(386324) Humongous regions: 4->4
[2020-12-25T03:43:33.898-0400][gc,metaspace   ] GC(386324) Metaspace: 61021K->61021K(1107968K)
[2020-12-25T03:43:33.899-0400][gc,heap        ] GC(386324) Heap after GC invocations=386300 (full 11303): garbage-first heap   total 71680K, used 48720K [0x0000000083000000, 0x0000000100000000)
[2020-12-25T03:43:33.899-0400][gc,heap        ] GC(386324)   region size 1024K, 1 young (1024K), 1 survivors (1024K)
[2020-12-25T03:43:33.899-0400][gc,heap        ] GC(386324)  Metaspace       used 61021K, capacity 63721K, committed 64768K, reserved 1107968K
[2020-12-25T03:43:33.899-0400][gc,heap        ] GC(386324)   class space    used 5712K, capacity 6559K, committed 6912K, reserved 1048576K
[2020-12-25T03:43:33.899-0400][gc             ] GC(386324) Pause Young (Normal) (G1 Evacuation Pause) 56M->47M(70M) 6.310ms
[2020-12-25T03:43:33.899-0400][gc,cpu         ] GC(386324) User=0.01s Sys=0.01s Real=0.01s
[2020-12-25T03:43:59.425-0400][gc,heap        ] GC(386325) Heap before GC invocations=386300 (full 11303): garbage-first heap   total 71680K, used 57936K [0x0000000083000000, 0x0000000100000000)
[2020-12-25T03:43:59.425-0400][gc,heap        ] GC(386325)   region size 1024K, 10 young (10240K), 1 survivors (1024K)
[2020-12-25T03:43:59.425-0400][gc,heap        ] GC(386325)  Metaspace       used 61021K, capacity 63721K, committed 64768K, reserved 1107968K
[2020-12-25T03:43:59.425-0400][gc,heap        ] GC(386325)   class space    used 5712K, capacity 6559K, committed 6912K, reserved 1048576K
[2020-12-25T03:43:59.425-0400][gc,start       ] GC(386325) Pause Young (Normal) (G1 Evacuation Pause)
[2020-12-25T03:43:59.426-0400][gc,task        ] GC(386325) Using 4 workers of 4 for evacuation
[2020-12-25T03:43:59.431-0400][gc,phases      ] GC(386325)   Pre Evacuate Collection Set: 0.0ms
[2020-12-25T03:43:59.431-0400][gc,phases      ] GC(386325)   Evacuate Collection Set: 3.1ms
[2020-12-25T03:43:59.431-0400][gc,phases      ] GC(386325)   Post Evacuate Collection Set: 1.4ms
[2020-12-25T03:43:59.431-0400][gc,phases      ] GC(386325)   Other: 0.8ms
[2020-12-25T03:43:59.431-0400][gc,heap        ] GC(386325) Eden regions: 9->0(9)
[2020-12-25T03:43:59.431-0400][gc,heap        ] GC(386325) Survivor regions: 1->1(2)
[2020-12-25T03:43:59.431-0400][gc,heap        ] GC(386325) Old regions: 47->47
[2020-12-25T03:43:59.431-0400][gc,heap        ] GC(386325) Humongous regions: 4->4
[2020-12-25T03:43:59.431-0400][gc,metaspace   ] GC(386325) Metaspace: 61021K->61021K(1107968K)
[2020-12-25T03:43:59.431-0400][gc,heap        ] GC(386325) Heap after GC invocations=386301 (full 11303): garbage-first heap   total 71680K, used 48688K [0x0000000083000000, 0x0000000100000000)
[2020-12-25T03:43:59.431-0400][gc,heap        ] GC(386325)   region size 1024K, 1 young (1024K), 1 survivors (1024K)
[2020-12-25T03:43:59.431-0400][gc,heap        ] GC(386325)  Metaspace       used 61021K, capacity 63721K, committed 64768K, reserved 1107968K
[2020-12-25T03:43:59.431-0400][gc,heap        ] GC(386325)   class space    used 5712K, capacity 6559K, committed 6912K, reserved 1048576K
[2020-12-25T03:43:59.431-0400][gc             ] GC(386325) Pause Young (Normal) (G1 Evacuation Pause) 56M->47M(70M) 5.769ms
[2020-12-25T03:43:59.431-0400][gc,cpu         ] GC(386325) User=0.01s Sys=0.01s Real=0.01s
[2020-12-25T03:44:14.736-0400][gc,heap        ] GC(386326) Heap before GC invocations=386301 (full 11303): garbage-first heap   total 71680K, used 56880K [0x0000000083000000, 0x0000000100000000)
[2020-12-25T03:44:14.736-0400][gc,heap        ] GC(386326)   region size 1024K, 10 young (10240K), 1 survivors (1024K)
[2020-12-25T03:44:14.736-0400][gc,heap        ] GC(386326)  Metaspace       used 61021K, capacity 63721K, committed 64768K, reserved 1107968K
[2020-12-25T03:44:14.736-0400][gc,heap        ] GC(386326)   class space    used 5712K, capacity 6559K, committed 6912K, reserved 1048576K
[2020-12-25T03:44:14.736-0400][gc,start       ] GC(386326) Pause Young (Normal) (G1 Evacuation Pause)
[2020-12-25T03:44:14.736-0400][gc,task        ] GC(386326) Using 4 workers of 4 for evacuation
[2020-12-25T03:44:14.743-0400][gc,phases      ] GC(386326)   Pre Evacuate Collection Set: 0.0ms
[2020-12-25T03:44:14.743-0400][gc,phases      ] GC(386326)   Evacuate Collection Set: 3.9ms
[2020-12-25T03:44:14.743-0400][gc,phases      ] GC(386326)   Post Evacuate Collection Set: 2.1ms
[2020-12-25T03:44:14.743-0400][gc,phases      ] GC(386326)   Other: 0.8ms
[2020-12-25T03:44:14.743-0400][gc,heap        ] GC(386326) Eden regions: 9->0(9)
[2020-12-25T03:44:14.743-0400][gc,heap        ] GC(386326) Survivor regions: 1->1(2)
[2020-12-25T03:44:14.743-0400][gc,heap        ] GC(386326) Old regions: 47->47
[2020-12-25T03:44:14.743-0400][gc,heap        ] GC(386326) Humongous regions: 4->4
[2020-12-25T03:44:14.743-0400][gc,metaspace   ] GC(386326) Metaspace: 61021K->61021K(1107968K)
[2020-12-25T03:44:14.743-0400][gc,heap        ] GC(386326) Heap after GC invocations=386302 (full 11303): garbage-first heap   total 71680K, used 48750K [0x0000000083000000, 0x0000000100000000)
[2020-12-25T03:44:14.743-0400][gc,heap        ] GC(386326)   region size 1024K, 1 young (1024K), 1 survivors (1024K)
[2020-12-25T03:44:14.743-0400][gc,heap        ] GC(386326)  Metaspace       used 61021K, capacity 63721K, committed 64768K, reserved 1107968K
[2020-12-25T03:44:14.743-0400][gc,heap        ] GC(386326)   class space    used 5712K, capacity 6559K, committed 6912K, reserved 1048576K
[2020-12-25T03:44:14.743-0400][gc             ] GC(386326) Pause Young (Normal) (G1 Evacuation Pause) 56M->47M(70M) 7.276ms
[2020-12-25T03:44:14.744-0400][gc,cpu         ] GC(386326) User=0.02s Sys=0.00s Real=0.00s
[2020-12-25T03:44:38.317-0400][gc,heap        ] GC(386327) Heap before GC invocations=386302 (full 11303): garbage-first heap   total 71680K, used 56942K [0x0000000083000000, 0x0000000100000000)
[2020-12-25T03:44:38.317-0400][gc,heap        ] GC(386327)   region size 1024K, 10 young (10240K), 1 survivors (1024K)
[2020-12-25T03:44:38.317-0400][gc,heap        ] GC(386327)  Metaspace       used 61021K, capacity 63721K, committed 64768K, reserved 1107968K
[2020-12-25T03:44:38.317-0400][gc,heap        ] GC(386327)   class space    used 5712K, capacity 6559K, committed 6912K, reserved 1048576K
[2020-12-25T03:44:38.317-0400][gc,start       ] GC(386327) Pause Young (Normal) (G1 Evacuation Pause)
[2020-12-25T03:44:38.317-0400][gc,task        ] GC(386327) Using 4 workers of 4 for evacuation
[2020-12-25T03:44:38.322-0400][gc,phases      ] GC(386327)   Pre Evacuate Collection Set: 0.0ms
[2020-12-25T03:44:38.323-0400][gc,phases      ] GC(386327)   Evacuate Collection Set: 3.6ms
[2020-12-25T03:44:38.323-0400][gc,phases      ] GC(386327)   Post Evacuate Collection Set: 1.4ms
[2020-12-25T03:44:38.323-0400][gc,phases      ] GC(386327)   Other: 0.8ms
[2020-12-25T03:44:38.323-0400][gc,heap        ] GC(386327) Eden regions: 9->0(9)
[2020-12-25T03:44:38.323-0400][gc,heap        ] GC(386327) Survivor regions: 1->1(2)
[2020-12-25T03:44:38.323-0400][gc,heap        ] GC(386327) Old regions: 47->47
[2020-12-25T03:44:38.323-0400][gc,heap        ] GC(386327) Humongous regions: 4->4
[2020-12-25T03:44:38.323-0400][gc,metaspace   ] GC(386327) Metaspace: 61021K->61021K(1107968K)
[2020-12-25T03:44:38.323-0400][gc,heap        ] GC(386327) Heap after GC invocations=386303 (full 11303): garbage-first heap   total 71680K, used 48774K [0x0000000083000000, 0x0000000100000000)
[2020-12-25T03:44:38.323-0400][gc,heap        ] GC(386327)   region size 1024K, 1 young (1024K), 1 survivors (1024K)
[2020-12-25T03:44:38.323-0400][gc,heap        ] GC(386327)  Metaspace       used 61021K, capacity 63721K, committed 64768K, reserved 1107968K
[2020-12-25T03:44:38.323-0400][gc,heap        ] GC(386327)   class space    used 5712K, capacity 6559K, committed 6912K, reserved 1048576K
[2020-12-25T03:44:38.323-0400][gc             ] GC(386327) Pause Young (Normal) (G1 Evacuation Pause) 56M->47M(70M) 6.311ms
[2020-12-25T03:44:38.323-0400][gc,cpu         ] GC(386327) User=0.02s Sys=0.00s Real=0.00s
[2020-12-25T03:45:08.420-0400][gc,heap        ] GC(386328) Heap before GC invocations=386303 (full 11303): garbage-first heap   total 71680K, used 56966K [0x0000000083000000, 0x0000000100000000)
[2020-12-25T03:45:08.420-0400][gc,heap        ] GC(386328)   region size 1024K, 10 young (10240K), 1 survivors (1024K)
[2020-12-25T03:45:08.420-0400][gc,heap        ] GC(386328)  Metaspace       used 61021K, capacity 63721K, committed 64768K, reserved 1107968K
[2020-12-25T03:45:08.420-0400][gc,heap        ] GC(386328)   class space    used 5712K, capacity 6559K, committed 6912K, reserved 1048576K
[2020-12-25T03:45:08.420-0400][gc,start       ] GC(386328) Pause Young (Normal) (G1 Evacuation Pause)
[2020-12-25T03:45:08.420-0400][gc,task        ] GC(386328) Using 4 workers of 4 for evacuation
[2020-12-25T03:45:08.444-0400][gc,phases      ] GC(386328)   Pre Evacuate Collection Set: 0.0ms
[2020-12-25T03:45:08.444-0400][gc,phases      ] GC(386328)   Evacuate Collection Set: 17.2ms
[2020-12-25T03:45:08.444-0400][gc,phases      ] GC(386328)   Post Evacuate Collection Set: 5.1ms
[2020-12-25T03:45:08.444-0400][gc,phases      ] GC(386328)   Other: 2.6ms
[2020-12-25T03:45:08.444-0400][gc,heap        ] GC(386328) Eden regions: 9->0(9)
[2020-12-25T03:45:08.444-0400][gc,heap        ] GC(386328) Survivor regions: 1->1(2)
[2020-12-25T03:45:08.444-0400][gc,heap        ] GC(386328) Old regions: 47->47
[2020-12-25T03:45:08.444-0400][gc,heap        ] GC(386328) Humongous regions: 4->4
[2020-12-25T03:45:08.444-0400][gc,metaspace   ] GC(386328) Metaspace: 61021K->61021K(1107968K)
[2020-12-25T03:45:08.444-0400][gc,heap        ] GC(386328) Heap after GC invocations=386304 (full 11303): garbage-first heap   total 71680K, used 48936K [0x0000000083000000, 0x0000000100000000)
[2020-12-25T03:45:08.444-0400][gc,heap        ] GC(386328)   region size 1024K, 1 young (1024K), 1 survivors (1024K)
[2020-12-25T03:45:08.444-0400][gc,heap        ] GC(386328)  Metaspace       used 61021K, capacity 63721K, committed 64768K, reserved 1107968K
[2020-12-25T03:45:08.444-0400][gc,heap        ] GC(386328)   class space    used 5712K, capacity 6559K, committed 6912K, reserved 1048576K
[2020-12-25T03:45:08.444-0400][gc             ] GC(386328) Pause Young (Normal) (G1 Evacuation Pause) 56M->47M(70M) 23.967ms
[2020-12-25T03:45:08.445-0400][gc,cpu         ] GC(386328) User=0.02s Sys=0.01s Real=0.02s
[2020-12-25T03:45:28.914-0400][gc,heap        ] GC(386329) Heap before GC invocations=386304 (full 11303): garbage-first heap   total 71680K, used 58152K [0x0000000083000000, 0x0000000100000000)
[2020-12-25T03:45:28.914-0400][gc,heap        ] GC(386329)   region size 1024K, 10 young (10240K), 1 survivors (1024K)
[2020-12-25T03:45:28.914-0400][gc,heap        ] GC(386329)  Metaspace       used 61021K, capacity 63721K, committed 64768K, reserved 1107968K
[2020-12-25T03:45:28.914-0400][gc,heap        ] GC(386329)   class space    used 5712K, capacity 6559K, committed 6912K, reserved 1048576K
[2020-12-25T03:45:28.914-0400][gc,start       ] GC(386329) Pause Young (Normal) (G1 Evacuation Pause)
[2020-12-25T03:45:28.914-0400][gc,task        ] GC(386329) Using 4 workers of 4 for evacuation
[2020-12-25T03:45:28.921-0400][gc,phases      ] GC(386329)   Pre Evacuate Collection Set: 0.0ms
[2020-12-25T03:45:28.921-0400][gc,phases      ] GC(386329)   Evacuate Collection Set: 4.2ms
[2020-12-25T03:45:28.921-0400][gc,phases      ] GC(386329)   Post Evacuate Collection Set: 1.4ms
[2020-12-25T03:45:28.921-0400][gc,phases      ] GC(386329)   Other: 1.0ms
[2020-12-25T03:45:28.921-0400][gc,heap        ] GC(386329) Eden regions: 9->0(9)
[2020-12-25T03:45:28.921-0400][gc,heap        ] GC(386329) Survivor regions: 1->1(2)
[2020-12-25T03:45:28.921-0400][gc,heap        ] GC(386329) Old regions: 47->47
[2020-12-25T03:45:28.921-0400][gc,heap        ] GC(386329) Humongous regions: 4->4
[2020-12-25T03:45:28.921-0400][gc,metaspace   ] GC(386329) Metaspace: 61021K->61021K(1107968K)
[2020-12-25T03:45:28.921-0400][gc,heap        ] GC(386329) Heap after GC invocations=386305 (full 11303): garbage-first heap   total 71680K, used 48971K [0x0000000083000000, 0x0000000100000000)
[2020-12-25T03:45:28.921-0400][gc,heap        ] GC(386329)   region size 1024K, 1 young (1024K), 1 survivors (1024K)
[2020-12-25T03:45:28.921-0400][gc,heap        ] GC(386329)  Metaspace       used 61021K, capacity 63721K, committed 64768K, reserved 1107968K
[2020-12-25T03:45:28.921-0400][gc,heap        ] GC(386329)   class space    used 5712K, capacity 6559K, committed 6912K, reserved 1048576K
[2020-12-25T03:45:28.921-0400][gc             ] GC(386329) Pause Young (Normal) (G1 Evacuation Pause) 56M->47M(70M) 6.990ms
[2020-12-25T03:45:28.922-0400][gc,cpu         ] GC(386329) User=0.00s Sys=0.02s Real=0.01s
[2020-12-25T03:45:59.138-0400][gc,heap        ] GC(386330) Heap before GC invocations=386305 (full 11303): garbage-first heap   total 71680K, used 57163K [0x0000000083000000, 0x0000000100000000)
[2020-12-25T03:45:59.138-0400][gc,heap        ] GC(386330)   region size 1024K, 10 young (10240K), 1 survivors (1024K)
[2020-12-25T03:45:59.138-0400][gc,heap        ] GC(386330)  Metaspace       used 61021K, capacity 63721K, committed 64768K, reserved 1107968K
[2020-12-25T03:45:59.138-0400][gc,heap        ] GC(386330)   class space    used 5712K, capacity 6559K, committed 6912K, reserved 1048576K
[2020-12-25T03:45:59.138-0400][gc,start       ] GC(386330) Pause Young (Normal) (G1 Evacuation Pause)
[2020-12-25T03:45:59.138-0400][gc,task        ] GC(386330) Using 4 workers of 4 for evacuation
[2020-12-25T03:45:59.144-0400][gc,phases      ] GC(386330)   Pre Evacuate Collection Set: 0.0ms
[2020-12-25T03:45:59.144-0400][gc,phases      ] GC(386330)   Evacuate Collection Set: 3.9ms
[2020-12-25T03:45:59.144-0400][gc,phases      ] GC(386330)   Post Evacuate Collection Set: 1.5ms
[2020-12-25T03:45:59.144-0400][gc,phases      ] GC(386330)   Other: 0.9ms
[2020-12-25T03:45:59.144-0400][gc,heap        ] GC(386330) Eden regions: 9->0(9)
[2020-12-25T03:45:59.144-0400][gc,heap        ] GC(386330) Survivor regions: 1->1(2)
[2020-12-25T03:45:59.145-0400][gc,heap        ] GC(386330) Old regions: 47->47
[2020-12-25T03:45:59.145-0400][gc,heap        ] GC(386330) Humongous regions: 4->4
[2020-12-25T03:45:59.145-0400][gc,metaspace   ] GC(386330) Metaspace: 61021K->61021K(1107968K)
[2020-12-25T03:45:59.145-0400][gc,heap        ] GC(386330) Heap after GC invocations=386306 (full 11303): garbage-first heap   total 71680K, used 48968K [0x0000000083000000, 0x0000000100000000)
[2020-12-25T03:45:59.145-0400][gc,heap        ] GC(386330)   region size 1024K, 1 young (1024K), 1 survivors (1024K)
[2020-12-25T03:45:59.145-0400][gc,heap        ] GC(386330)  Metaspace       used 61021K, capacity 63721K, committed 64768K, reserved 1107968K
[2020-12-25T03:45:59.145-0400][gc,heap        ] GC(386330)   class space    used 5712K, capacity 6559K, committed 6912K, reserved 1048576K
[2020-12-25T03:45:59.145-0400][gc             ] GC(386330) Pause Young (Normal) (G1 Evacuation Pause) 56M->47M(70M) 6.637ms
[2020-12-25T03:45:59.145-0400][gc,cpu         ] GC(386330) User=0.01s Sys=0.01s Real=0.00s
[2020-12-25T03:46:23.893-0400][gc,heap        ] GC(386331) Heap before GC invocations=386306 (full 11303): garbage-first heap   total 71680K, used 58184K [0x0000000083000000, 0x0000000100000000)
[2020-12-25T03:46:23.893-0400][gc,heap        ] GC(386331)   region size 1024K, 10 young (10240K), 1 survivors (1024K)
[2020-12-25T03:46:23.893-0400][gc,heap        ] GC(386331)  Metaspace       used 61021K, capacity 63721K, committed 64768K, reserved 1107968K
[2020-12-25T03:46:23.893-0400][gc,heap        ] GC(386331)   class space    used 5712K, capacity 6559K, committed 6912K, reserved 1048576K
[2020-12-25T03:46:23.893-0400][gc,start       ] GC(386331) Pause Young (Normal) (G1 Evacuation Pause)
[2020-12-25T03:46:23.893-0400][gc,task        ] GC(386331) Using 4 workers of 4 for evacuation
[2020-12-25T03:46:23.899-0400][gc,phases      ] GC(386331)   Pre Evacuate Collection Set: 0.0ms
[2020-12-25T03:46:23.899-0400][gc,phases      ] GC(386331)   Evacuate Collection Set: 3.4ms
[2020-12-25T03:46:23.899-0400][gc,phases      ] GC(386331)   Post Evacuate Collection Set: 1.6ms
[2020-12-25T03:46:23.899-0400][gc,phases      ] GC(386331)   Other: 0.8ms
[2020-12-25T03:46:23.899-0400][gc,heap        ] GC(386331) Eden regions: 9->0(9)
[2020-12-25T03:46:23.899-0400][gc,heap        ] GC(386331) Survivor regions: 1->1(2)
[2020-12-25T03:46:23.899-0400][gc,heap        ] GC(386331) Old regions: 47->47
[2020-12-25T03:46:23.899-0400][gc,heap        ] GC(386331) Humongous regions: 4->4
[2020-12-25T03:46:23.899-0400][gc,metaspace   ] GC(386331) Metaspace: 61021K->61021K(1107968K)
[2020-12-25T03:46:23.899-0400][gc,heap        ] GC(386331) Heap after GC invocations=386307 (full 11303): garbage-first heap   total 71680K, used 48831K [0x0000000083000000, 0x0000000100000000)
[2020-12-25T03:46:23.899-0400][gc,heap        ] GC(386331)   region size 1024K, 1 young (1024K), 1 survivors (1024K)
[2020-12-25T03:46:23.899-0400][gc,heap        ] GC(386331)  Metaspace       used 61021K, capacity 63721K, committed 64768K, reserved 1107968K
[2020-12-25T03:46:23.899-0400][gc,heap        ] GC(386331)   class space    used 5712K, capacity 6559K, committed 6912K, reserved 1048576K
[2020-12-25T03:46:23.899-0400][gc             ] GC(386331) Pause Young (Normal) (G1 Evacuation Pause) 56M->47M(70M) 6.314ms
[2020-12-25T03:46:23.900-0400][gc,cpu         ] GC(386331) User=0.02s Sys=0.00s Real=0.01s
[2020-12-25T03:46:50.923-0400][gc,task        ] GC(386332) Using 3 workers of 4 for full compaction
[2020-12-25T03:46:50.924-0400][gc,start       ] GC(386332) Pause Full (System.gc())
[2020-12-25T03:46:50.924-0400][gc,heap        ] GC(386332) Heap before GC invocations=386307 (full 11303): garbage-first heap   total 71680K, used 55999K [0x0000000083000000, 0x0000000100000000)
[2020-12-25T03:46:50.924-0400][gc,heap        ] GC(386332)   region size 1024K, 10 young (10240K), 1 survivors (1024K)
[2020-12-25T03:46:50.924-0400][gc,heap        ] GC(386332)  Metaspace       used 61021K, capacity 63721K, committed 64768K, reserved 1107968K
[2020-12-25T03:46:50.924-0400][gc,heap        ] GC(386332)   class space    used 5712K, capacity 6559K, committed 6912K, reserved 1048576K
[2020-12-25T03:46:50.927-0400][gc,phases,start] GC(386332) Phase 1: Mark live objects
[2020-12-25T03:46:51.071-0400][gc,stringtable ] GC(386332) Cleaned string and symbol table, strings: 32207 processed, 0 removed, symbols: 131451 processed, 0 removed
[2020-12-25T03:46:51.072-0400][gc,phases      ] GC(386332) Phase 1: Mark live objects 144.716ms
[2020-12-25T03:46:51.072-0400][gc,phases,start] GC(386332) Phase 2: Prepare for compaction
[2020-12-25T03:46:51.102-0400][gc,phases      ] GC(386332) Phase 2: Prepare for compaction 30.366ms
[2020-12-25T03:46:51.102-0400][gc,phases,start] GC(386332) Phase 3: Adjust pointers
[2020-12-25T03:46:51.181-0400][gc,phases      ] GC(386332) Phase 3: Adjust pointers 78.771ms
[2020-12-25T03:46:51.181-0400][gc,phases,start] GC(386332) Phase 4: Compact heap
[2020-12-25T03:46:51.200-0400][gc,phases      ] GC(386332) Phase 4: Compact heap 18.965ms
[2020-12-25T03:46:51.235-0400][gc,heap        ] GC(386332) Eden regions: 9->0(10)
[2020-12-25T03:46:51.235-0400][gc,heap        ] GC(386332) Survivor regions: 1->0(2)
[2020-12-25T03:46:51.235-0400][gc,heap        ] GC(386332) Old regions: 47->46
[2020-12-25T03:46:51.235-0400][gc,heap        ] GC(386332) Humongous regions: 4->4
[2020-12-25T03:46:51.236-0400][gc,metaspace   ] GC(386332) Metaspace: 61021K->61021K(1107968K)
[2020-12-25T03:46:51.236-0400][gc,heap        ] GC(386332) Heap after GC invocations=386308 (full 11304): garbage-first heap   total 71680K, used 48407K [0x0000000083000000, 0x0000000100000000)
[2020-12-25T03:46:51.236-0400][gc,heap        ] GC(386332)   region size 1024K, 0 young (0K), 0 survivors (0K)
[2020-12-25T03:46:51.236-0400][gc,heap        ] GC(386332)  Metaspace       used 61021K, capacity 63721K, committed 64768K, reserved 1107968K
[2020-12-25T03:46:51.236-0400][gc,heap        ] GC(386332)   class space    used 5712K, capacity 6559K, committed 6912K, reserved 1048576K
[2020-12-25T03:46:51.236-0400][gc             ] GC(386332) Pause Full (System.gc()) 56M->47M(70M) 312.228ms
[2020-12-25T03:46:51.236-0400][gc,cpu         ] GC(386332) User=0.70s Sys=0.13s Real=0.32s
[2020-12-25T03:47:19.191-0400][gc,heap        ] GC(386333) Heap before GC invocations=386308 (full 11304): garbage-first heap   total 71680K, used 58647K [0x0000000083000000, 0x0000000100000000)
[2020-12-25T03:47:19.191-0400][gc,heap        ] GC(386333)   region size 1024K, 10 young (10240K), 0 survivors (0K)
[2020-12-25T03:47:19.192-0400][gc,heap        ] GC(386333)  Metaspace       used 61021K, capacity 63721K, committed 64768K, reserved 1107968K
[2020-12-25T03:47:19.192-0400][gc,heap        ] GC(386333)   class space    used 5712K, capacity 6559K, committed 6912K, reserved 1048576K
[2020-12-25T03:47:19.192-0400][gc,start       ] GC(386333) Pause Young (Normal) (G1 Evacuation Pause)
[2020-12-25T03:47:19.192-0400][gc,task        ] GC(386333) Using 4 workers of 4 for evacuation
[2020-12-25T03:47:19.197-0400][gc,phases      ] GC(386333)   Pre Evacuate Collection Set: 0.0ms
[2020-12-25T03:47:19.197-0400][gc,phases      ] GC(386333)   Evacuate Collection Set: 2.8ms
[2020-12-25T03:47:19.197-0400][gc,phases      ] GC(386333)   Post Evacuate Collection Set: 1.7ms
[2020-12-25T03:47:19.197-0400][gc,phases      ] GC(386333)   Other: 1.0ms
[2020-12-25T03:47:19.197-0400][gc,heap        ] GC(386333) Eden regions: 10->0(10)
[2020-12-25T03:47:19.197-0400][gc,heap        ] GC(386333) Survivor regions: 0->1(2)
[2020-12-25T03:47:19.197-0400][gc,heap        ] GC(386333) Old regions: 46->46
[2020-12-25T03:47:19.197-0400][gc,heap        ] GC(386333) Humongous regions: 4->4
[2020-12-25T03:47:19.197-0400][gc,metaspace   ] GC(386333) Metaspace: 61021K->61021K(1107968K)
[2020-12-25T03:47:19.197-0400][gc,heap        ] GC(386333) Heap after GC invocations=386309 (full 11304): garbage-first heap   total 71680K, used 48674K [0x0000000083000000, 0x0000000100000000)
[2020-12-25T03:47:19.197-0400][gc,heap        ] GC(386333)   region size 1024K, 1 young (1024K), 1 survivors (1024K)
[2020-12-25T03:47:19.197-0400][gc,heap        ] GC(386333)  Metaspace       used 61021K, capacity 63721K, committed 64768K, reserved 1107968K
[2020-12-25T03:47:19.198-0400][gc,heap        ] GC(386333)   class space    used 5712K, capacity 6559K, committed 6912K, reserved 1048576K
[2020-12-25T03:47:19.198-0400][gc             ] GC(386333) Pause Young (Normal) (G1 Evacuation Pause) 57M->47M(70M) 5.822ms
[2020-12-25T03:47:19.198-0400][gc,cpu         ] GC(386333) User=0.01s Sys=0.01s Real=0.01s
[2020-12-25T03:47:50.507-0400][gc,heap        ] GC(386334) Heap before GC invocations=386309 (full 11304): garbage-first heap   total 71680K, used 57890K [0x0000000083000000, 0x0000000100000000)
[2020-12-25T03:47:50.508-0400][gc,heap        ] GC(386334)   region size 1024K, 11 young (11264K), 1 survivors (1024K)
[2020-12-25T03:47:50.508-0400][gc,heap        ] GC(386334)  Metaspace       used 61021K, capacity 63721K, committed 64768K, reserved 1107968K
[2020-12-25T03:47:50.508-0400][gc,heap        ] GC(386334)   class space    used 5712K, capacity 6559K, committed 6912K, reserved 1048576K
[2020-12-25T03:47:50.508-0400][gc,start       ] GC(386334) Pause Young (Normal) (G1 Evacuation Pause)
[2020-12-25T03:47:50.508-0400][gc,task        ] GC(386334) Using 4 workers of 4 for evacuation
[2020-12-25T03:47:50.513-0400][gc,phases      ] GC(386334)   Pre Evacuate Collection Set: 0.0ms
[2020-12-25T03:47:50.513-0400][gc,phases      ] GC(386334)   Evacuate Collection Set: 3.0ms
[2020-12-25T03:47:50.513-0400][gc,phases      ] GC(386334)   Post Evacuate Collection Set: 1.5ms
[2020-12-25T03:47:50.513-0400][gc,phases      ] GC(386334)   Other: 0.9ms
[2020-12-25T03:47:50.513-0400][gc,heap        ] GC(386334) Eden regions: 10->0(10)
[2020-12-25T03:47:50.513-0400][gc,heap        ] GC(386334) Survivor regions: 1->1(2)
[2020-12-25T03:47:50.513-0400][gc,heap        ] GC(386334) Old regions: 46->46
[2020-12-25T03:47:50.513-0400][gc,heap        ] GC(386334) Humongous regions: 4->4
[2020-12-25T03:47:50.513-0400][gc,metaspace   ] GC(386334) Metaspace: 61021K->61021K(1107968K)
[2020-12-25T03:47:50.513-0400][gc,heap        ] GC(386334) Heap after GC invocations=386310 (full 11304): garbage-first heap   total 71680K, used 48692K [0x0000000083000000, 0x0000000100000000)
[2020-12-25T03:47:50.513-0400][gc,heap        ] GC(386334)   region size 1024K, 1 young (1024K), 1 survivors (1024K)
[2020-12-25T03:47:50.514-0400][gc,heap        ] GC(386334)  Metaspace       used 61021K, capacity 63721K, committed 64768K, reserved 1107968K
[2020-12-25T03:47:50.514-0400][gc,heap        ] GC(386334)   class space    used 5712K, capacity 6559K, committed 6912K, reserved 1048576K
[2020-12-25T03:47:50.514-0400][gc             ] GC(386334) Pause Young (Normal) (G1 Evacuation Pause) 57M->47M(70M) 5.974ms
[2020-12-25T03:47:50.514-0400][gc,cpu         ] GC(386334) User=0.02s Sys=0.00s Real=0.00s
[2020-12-25T03:48:19.106-0400][gc,heap        ] GC(386335) Heap before GC invocations=386310 (full 11304): garbage-first heap   total 71680K, used 58932K [0x0000000083000000, 0x0000000100000000)
[2020-12-25T03:48:19.106-0400][gc,heap        ] GC(386335)   region size 1024K, 11 young (11264K), 1 survivors (1024K)
[2020-12-25T03:48:19.106-0400][gc,heap        ] GC(386335)  Metaspace       used 61021K, capacity 63721K, committed 64768K, reserved 1107968K
[2020-12-25T03:48:19.106-0400][gc,heap        ] GC(386335)   class space    used 5712K, capacity 6559K, committed 6912K, reserved 1048576K
[2020-12-25T03:48:19.106-0400][gc,start       ] GC(386335) Pause Young (Normal) (G1 Evacuation Pause)
[2020-12-25T03:48:19.106-0400][gc,task        ] GC(386335) Using 4 workers of 4 for evacuation
[2020-12-25T03:48:19.112-0400][gc,phases      ] GC(386335)   Pre Evacuate Collection Set: 0.0ms
[2020-12-25T03:48:19.112-0400][gc,phases      ] GC(386335)   Evacuate Collection Set: 3.3ms
[2020-12-25T03:48:19.112-0400][gc,phases      ] GC(386335)   Post Evacuate Collection Set: 1.8ms
[2020-12-25T03:48:19.112-0400][gc,phases      ] GC(386335)   Other: 0.8ms
[2020-12-25T03:48:19.112-0400][gc,heap        ] GC(386335) Eden regions: 10->0(10)
[2020-12-25T03:48:19.112-0400][gc,heap        ] GC(386335) Survivor regions: 1->1(2)
[2020-12-25T03:48:19.112-0400][gc,heap        ] GC(386335) Old regions: 46->46
[2020-12-25T03:48:19.112-0400][gc,heap        ] GC(386335) Humongous regions: 4->4
[2020-12-25T03:48:19.112-0400][gc,metaspace   ] GC(386335) Metaspace: 61021K->61021K(1107968K)
[2020-12-25T03:48:19.113-0400][gc,heap        ] GC(386335) Heap after GC invocations=386311 (full 11304): garbage-first heap   total 71680K, used 48770K [0x0000000083000000, 0x0000000100000000)
[2020-12-25T03:48:19.113-0400][gc,heap        ] GC(386335)   region size 1024K, 1 young (1024K), 1 survivors (1024K)
[2020-12-25T03:48:19.113-0400][gc,heap        ] GC(386335)  Metaspace       used 61021K, capacity 63721K, committed 64768K, reserved 1107968K
[2020-12-25T03:48:19.113-0400][gc,heap        ] GC(386335)   class space    used 5712K, capacity 6559K, committed 6912K, reserved 1048576K
[2020-12-25T03:48:19.113-0400][gc             ] GC(386335) Pause Young (Normal) (G1 Evacuation Pause) 57M->47M(70M) 6.824ms
[2020-12-25T03:48:19.113-0400][gc,cpu         ] GC(386335) User=0.02s Sys=0.00s Real=0.00s
[2020-12-25T03:48:51.040-0400][gc,heap        ] GC(386336) Heap before GC invocations=386311 (full 11304): garbage-first heap   total 71680K, used 57986K [0x0000000083000000, 0x0000000100000000)
[2020-12-25T03:48:51.040-0400][gc,heap        ] GC(386336)   region size 1024K, 11 young (11264K), 1 survivors (1024K)
[2020-12-25T03:48:51.041-0400][gc,heap        ] GC(386336)  Metaspace       used 61021K, capacity 63721K, committed 64768K, reserved 1107968K
[2020-12-25T03:48:51.041-0400][gc,heap        ] GC(386336)   class space    used 5712K, capacity 6559K, committed 6912K, reserved 1048576K
[2020-12-25T03:48:51.041-0400][gc,start       ] GC(386336) Pause Young (Normal) (G1 Evacuation Pause)
[2020-12-25T03:48:51.041-0400][gc,task        ] GC(386336) Using 4 workers of 4 for evacuation
[2020-12-25T03:48:51.046-0400][gc,phases      ] GC(386336)   Pre Evacuate Collection Set: 0.0ms
[2020-12-25T03:48:51.046-0400][gc,phases      ] GC(386336)   Evacuate Collection Set: 3.3ms
[2020-12-25T03:48:51.046-0400][gc,phases      ] GC(386336)   Post Evacuate Collection Set: 1.8ms
[2020-12-25T03:48:51.047-0400][gc,phases      ] GC(386336)   Other: 0.9ms
[2020-12-25T03:48:51.047-0400][gc,heap        ] GC(386336) Eden regions: 10->0(10)
[2020-12-25T03:48:51.047-0400][gc,heap        ] GC(386336) Survivor regions: 1->1(2)
[2020-12-25T03:48:51.047-0400][gc,heap        ] GC(386336) Old regions: 46->46
[2020-12-25T03:48:51.047-0400][gc,heap        ] GC(386336) Humongous regions: 4->4
[2020-12-25T03:48:51.047-0400][gc,metaspace   ] GC(386336) Metaspace: 61021K->61021K(1107968K)
[2020-12-25T03:48:51.047-0400][gc,heap        ] GC(386336) Heap after GC invocations=386312 (full 11304): garbage-first heap   total 71680K, used 48800K [0x0000000083000000, 0x0000000100000000)
[2020-12-25T03:48:51.047-0400][gc,heap        ] GC(386336)   region size 1024K, 1 young (1024K), 1 survivors (1024K)
[2020-12-25T03:48:51.047-0400][gc,heap        ] GC(386336)  Metaspace       used 61021K, capacity 63721K, committed 64768K, reserved 1107968K
[2020-12-25T03:48:51.047-0400][gc,heap        ] GC(386336)   class space    used 5712K, capacity 6559K, committed 6912K, reserved 1048576K
[2020-12-25T03:48:51.047-0400][gc             ] GC(386336) Pause Young (Normal) (G1 Evacuation Pause) 57M->47M(70M) 6.649ms
[2020-12-25T03:48:51.048-0400][gc,cpu         ] GC(386336) User=0.01s Sys=0.01s Real=0.01s
[2020-12-25T03:49:14.447-0400][gc,heap        ] GC(386337) Heap before GC invocations=386312 (full 11304): garbage-first heap   total 71680K, used 58016K [0x0000000083000000, 0x0000000100000000)
[2020-12-25T03:49:14.447-0400][gc,heap        ] GC(386337)   region size 1024K, 11 young (11264K), 1 survivors (1024K)
[2020-12-25T03:49:14.447-0400][gc,heap        ] GC(386337)  Metaspace       used 61021K, capacity 63721K, committed 64768K, reserved 1107968K
[2020-12-25T03:49:14.447-0400][gc,heap        ] GC(386337)   class space    used 5712K, capacity 6559K, committed 6912K, reserved 1048576K
[2020-12-25T03:49:14.447-0400][gc,start       ] GC(386337) Pause Young (Normal) (G1 Evacuation Pause)
[2020-12-25T03:49:14.447-0400][gc,task        ] GC(386337) Using 4 workers of 4 for evacuation
[2020-12-25T03:49:14.453-0400][gc,phases      ] GC(386337)   Pre Evacuate Collection Set: 0.0ms
[2020-12-25T03:49:14.453-0400][gc,phases      ] GC(386337)   Evacuate Collection Set: 3.4ms
[2020-12-25T03:49:14.453-0400][gc,phases      ] GC(386337)   Post Evacuate Collection Set: 2.0ms
[2020-12-25T03:49:14.453-0400][gc,phases      ] GC(386337)   Other: 0.8ms
[2020-12-25T03:49:14.453-0400][gc,heap        ] GC(386337) Eden regions: 10->0(10)
[2020-12-25T03:49:14.453-0400][gc,heap        ] GC(386337) Survivor regions: 1->1(2)
[2020-12-25T03:49:14.453-0400][gc,heap        ] GC(386337) Old regions: 46->46
[2020-12-25T03:49:14.453-0400][gc,heap        ] GC(386337) Humongous regions: 4->4
[2020-12-25T03:49:14.453-0400][gc,metaspace   ] GC(386337) Metaspace: 61021K->61021K(1107968K)
[2020-12-25T03:49:14.453-0400][gc,heap        ] GC(386337) Heap after GC invocations=386313 (full 11304): garbage-first heap   total 71680K, used 48848K [0x0000000083000000, 0x0000000100000000)
[2020-12-25T03:49:14.453-0400][gc,heap        ] GC(386337)   region size 1024K, 1 young (1024K), 1 survivors (1024K)
[2020-12-25T03:49:14.453-0400][gc,heap        ] GC(386337)  Metaspace       used 61021K, capacity 63721K, committed 64768K, reserved 1107968K
[2020-12-25T03:49:14.454-0400][gc,heap        ] GC(386337)   class space    used 5712K, capacity 6559K, committed 6912K, reserved 1048576K
[2020-12-25T03:49:14.454-0400][gc             ] GC(386337) Pause Young (Normal) (G1 Evacuation Pause) 57M->47M(70M) 6.645ms
[2020-12-25T03:49:14.454-0400][gc,cpu         ] GC(386337) User=0.01s Sys=0.01s Real=0.00s
[2020-12-25T03:49:53.893-0400][gc,heap        ] GC(386338) Heap before GC invocations=386313 (full 11304): garbage-first heap   total 71680K, used 58064K [0x0000000083000000, 0x0000000100000000)
[2020-12-25T03:49:53.894-0400][gc,heap        ] GC(386338)   region size 1024K, 11 young (11264K), 1 survivors (1024K)
[2020-12-25T03:49:53.894-0400][gc,heap        ] GC(386338)  Metaspace       used 61021K, capacity 63721K, committed 64768K, reserved 1107968K
[2020-12-25T03:49:53.894-0400][gc,heap        ] GC(386338)   class space    used 5712K, capacity 6559K, committed 6912K, reserved 1048576K
[2020-12-25T03:49:53.894-0400][gc,start       ] GC(386338) Pause Young (Normal) (G1 Evacuation Pause)
[2020-12-25T03:49:53.894-0400][gc,task        ] GC(386338) Using 4 workers of 4 for evacuation
[2020-12-25T03:49:53.900-0400][gc,phases      ] GC(386338)   Pre Evacuate Collection Set: 0.0ms
[2020-12-25T03:49:53.900-0400][gc,phases      ] GC(386338)   Evacuate Collection Set: 3.4ms
[2020-12-25T03:49:53.900-0400][gc,phases      ] GC(386338)   Post Evacuate Collection Set: 1.7ms
[2020-12-25T03:49:53.900-0400][gc,phases      ] GC(386338)   Other: 0.9ms
[2020-12-25T03:49:53.900-0400][gc,heap        ] GC(386338) Eden regions: 10->0(10)
[2020-12-25T03:49:53.900-0400][gc,heap        ] GC(386338) Survivor regions: 1->1(2)
[2020-12-25T03:49:53.900-0400][gc,heap        ] GC(386338) Old regions: 46->46
[2020-12-25T03:49:53.900-0400][gc,heap        ] GC(386338) Humongous regions: 4->4
[2020-12-25T03:49:53.900-0400][gc,metaspace   ] GC(386338) Metaspace: 61021K->61021K(1107968K)
[2020-12-25T03:49:53.900-0400][gc,heap        ] GC(386338) Heap after GC invocations=386314 (full 11304): garbage-first heap   total 71680K, used 48867K [0x0000000083000000, 0x0000000100000000)
[2020-12-25T03:49:53.900-0400][gc,heap        ] GC(386338)   region size 1024K, 1 young (1024K), 1 survivors (1024K)
[2020-12-25T03:49:53.900-0400][gc,heap        ] GC(386338)  Metaspace       used 61021K, capacity 63721K, committed 64768K, reserved 1107968K
[2020-12-25T03:49:53.900-0400][gc,heap        ] GC(386338)   class space    used 5712K, capacity 6559K, committed 6912K, reserved 1048576K
[2020-12-25T03:49:53.900-0400][gc             ] GC(386338) Pause Young (Normal) (G1 Evacuation Pause) 57M->47M(70M) 6.458ms
[2020-12-25T03:49:53.900-0400][gc,cpu         ] GC(386338) User=0.02s Sys=0.00s Real=0.01s
[2020-12-25T03:50:18.147-0400][gc,heap        ] GC(386339) Heap before GC invocations=386314 (full 11304): garbage-first heap   total 71680K, used 58083K [0x0000000083000000, 0x0000000100000000)
[2020-12-25T03:50:18.147-0400][gc,heap        ] GC(386339)   region size 1024K, 11 young (11264K), 1 survivors (1024K)
[2020-12-25T03:50:18.147-0400][gc,heap        ] GC(386339)  Metaspace       used 61021K, capacity 63721K, committed 64768K, reserved 1107968K
[2020-12-25T03:50:18.148-0400][gc,heap        ] GC(386339)   class space    used 5712K, capacity 6559K, committed 6912K, reserved 1048576K
[2020-12-25T03:50:18.148-0400][gc,start       ] GC(386339) Pause Young (Normal) (G1 Evacuation Pause)
[2020-12-25T03:50:18.148-0400][gc,task        ] GC(386339) Using 4 workers of 4 for evacuation
[2020-12-25T03:50:18.153-0400][gc,phases      ] GC(386339)   Pre Evacuate Collection Set: 0.0ms
[2020-12-25T03:50:18.153-0400][gc,phases      ] GC(386339)   Evacuate Collection Set: 3.4ms
[2020-12-25T03:50:18.153-0400][gc,phases      ] GC(386339)   Post Evacuate Collection Set: 1.5ms
[2020-12-25T03:50:18.153-0400][gc,phases      ] GC(386339)   Other: 0.9ms
[2020-12-25T03:50:18.153-0400][gc,heap        ] GC(386339) Eden regions: 10->0(10)
[2020-12-25T03:50:18.154-0400][gc,heap        ] GC(386339) Survivor regions: 1->1(2)
[2020-12-25T03:50:18.154-0400][gc,heap        ] GC(386339) Old regions: 46->46
[2020-12-25T03:50:18.154-0400][gc,heap        ] GC(386339) Humongous regions: 4->4
[2020-12-25T03:50:18.154-0400][gc,metaspace   ] GC(386339) Metaspace: 61021K->61021K(1107968K)
[2020-12-25T03:50:18.154-0400][gc,heap        ] GC(386339) Heap after GC invocations=386315 (full 11304): garbage-first heap   total 71680K, used 48909K [0x0000000083000000, 0x0000000100000000)
[2020-12-25T03:50:18.154-0400][gc,heap        ] GC(386339)   region size 1024K, 1 young (1024K), 1 survivors (1024K)
[2020-12-25T03:50:18.154-0400][gc,heap        ] GC(386339)  Metaspace       used 61021K, capacity 63721K, committed 64768K, reserved 1107968K
[2020-12-25T03:50:18.154-0400][gc,heap        ] GC(386339)   class space    used 5712K, capacity 6559K, committed 6912K, reserved 1048576K
[2020-12-25T03:50:18.154-0400][gc             ] GC(386339) Pause Young (Normal) (G1 Evacuation Pause) 57M->47M(70M) 6.229ms
[2020-12-25T03:50:18.154-0400][gc,cpu         ] GC(386339) User=0.02s Sys=0.00s Real=0.00s
[2020-12-25T03:50:43.374-0400][gc,heap        ] GC(386340) Heap before GC invocations=386315 (full 11304): garbage-first heap   total 71680K, used 58125K [0x0000000083000000, 0x0000000100000000)
[2020-12-25T03:50:43.374-0400][gc,heap        ] GC(386340)   region size 1024K, 11 young (11264K), 1 survivors (1024K)
[2020-12-25T03:50:43.374-0400][gc,heap        ] GC(386340)  Metaspace       used 61021K, capacity 63721K, committed 64768K, reserved 1107968K
[2020-12-25T03:50:43.374-0400][gc,heap        ] GC(386340)   class space    used 5712K, capacity 6559K, committed 6912K, reserved 1048576K
[2020-12-25T03:50:43.374-0400][gc,start       ] GC(386340) Pause Young (Normal) (G1 Evacuation Pause)
[2020-12-25T03:50:43.375-0400][gc,task        ] GC(386340) Using 4 workers of 4 for evacuation
[2020-12-25T03:50:43.381-0400][gc,phases      ] GC(386340)   Pre Evacuate Collection Set: 0.0ms
[2020-12-25T03:50:43.381-0400][gc,phases      ] GC(386340)   Evacuate Collection Set: 3.7ms
[2020-12-25T03:50:43.381-0400][gc,phases      ] GC(386340)   Post Evacuate Collection Set: 1.9ms
[2020-12-25T03:50:43.381-0400][gc,phases      ] GC(386340)   Other: 0.9ms
[2020-12-25T03:50:43.381-0400][gc,heap        ] GC(386340) Eden regions: 10->0(10)
[2020-12-25T03:50:43.381-0400][gc,heap        ] GC(386340) Survivor regions: 1->1(2)
[2020-12-25T03:50:43.381-0400][gc,heap        ] GC(386340) Old regions: 46->46
[2020-12-25T03:50:43.381-0400][gc,heap        ] GC(386340) Humongous regions: 4->4
[2020-12-25T03:50:43.381-0400][gc,metaspace   ] GC(386340) Metaspace: 61021K->61021K(1107968K)
[2020-12-25T03:50:43.381-0400][gc,heap        ] GC(386340) Heap after GC invocations=386316 (full 11304): garbage-first heap   total 71680K, used 48953K [0x0000000083000000, 0x0000000100000000)
[2020-12-25T03:50:43.381-0400][gc,heap        ] GC(386340)   region size 1024K, 1 young (1024K), 1 survivors (1024K)
[2020-12-25T03:50:43.381-0400][gc,heap        ] GC(386340)  Metaspace       used 61021K, capacity 63721K, committed 64768K, reserved 1107968K
[2020-12-25T03:50:43.381-0400][gc,heap        ] GC(386340)   class space    used 5712K, capacity 6559K, committed 6912K, reserved 1048576K
[2020-12-25T03:50:43.381-0400][gc             ] GC(386340) Pause Young (Normal) (G1 Evacuation Pause) 57M->47M(70M) 6.918ms
[2020-12-25T03:50:43.382-0400][gc,cpu         ] GC(386340) User=0.02s Sys=0.00s Real=0.01s
[2020-12-25T03:51:03.243-0400][gc,heap        ] GC(386341) Heap before GC invocations=386316 (full 11304): garbage-first heap   total 71680K, used 58169K [0x0000000083000000, 0x0000000100000000)
[2020-12-25T03:51:03.244-0400][gc,heap        ] GC(386341)   region size 1024K, 11 young (11264K), 1 survivors (1024K)
[2020-12-25T03:51:03.244-0400][gc,heap        ] GC(386341)  Metaspace       used 61021K, capacity 63721K, committed 64768K, reserved 1107968K
[2020-12-25T03:51:03.244-0400][gc,heap        ] GC(386341)   class space    used 5712K, capacity 6559K, committed 6912K, reserved 1048576K
[2020-12-25T03:51:03.244-0400][gc,start       ] GC(386341) Pause Young (Normal) (G1 Evacuation Pause)
[2020-12-25T03:51:03.244-0400][gc,task        ] GC(386341) Using 4 workers of 4 for evacuation
[2020-12-25T03:51:03.250-0400][gc,phases      ] GC(386341)   Pre Evacuate Collection Set: 0.0ms
[2020-12-25T03:51:03.250-0400][gc,phases      ] GC(386341)   Evacuate Collection Set: 4.1ms
[2020-12-25T03:51:03.251-0400][gc,phases      ] GC(386341)   Post Evacuate Collection Set: 2.0ms
[2020-12-25T03:51:03.251-0400][gc,phases      ] GC(386341)   Other: 0.9ms
[2020-12-25T03:51:03.251-0400][gc,heap        ] GC(386341) Eden regions: 10->0(10)
[2020-12-25T03:51:03.251-0400][gc,heap        ] GC(386341) Survivor regions: 1->1(2)
[2020-12-25T03:51:03.251-0400][gc,heap        ] GC(386341) Old regions: 46->46
[2020-12-25T03:51:03.251-0400][gc,heap        ] GC(386341) Humongous regions: 4->4
[2020-12-25T03:51:03.251-0400][gc,metaspace   ] GC(386341) Metaspace: 61021K->61021K(1107968K)
[2020-12-25T03:51:03.251-0400][gc,heap        ] GC(386341) Heap after GC invocations=386317 (full 11304): garbage-first heap   total 71680K, used 48981K [0x0000000083000000, 0x0000000100000000)
[2020-12-25T03:51:03.251-0400][gc,heap        ] GC(386341)   region size 1024K, 1 young (1024K), 1 survivors (1024K)
[2020-12-25T03:51:03.251-0400][gc,heap        ] GC(386341)  Metaspace       used 61021K, capacity 63721K, committed 64768K, reserved 1107968K
[2020-12-25T03:51:03.251-0400][gc,heap        ] GC(386341)   class space    used 5712K, capacity 6559K, committed 6912K, reserved 1048576K
[2020-12-25T03:51:03.251-0400][gc             ] GC(386341) Pause Young (Normal) (G1 Evacuation Pause) 57M->47M(70M) 7.395ms
[2020-12-25T03:51:03.251-0400][gc,cpu         ] GC(386341) User=0.01s Sys=0.01s Real=0.01s
[2020-12-25T03:51:41.844-0400][gc,heap        ] GC(386342) Heap before GC invocations=386317 (full 11304): garbage-first heap   total 71680K, used 58197K [0x0000000083000000, 0x0000000100000000)
[2020-12-25T03:51:41.844-0400][gc,heap        ] GC(386342)   region size 1024K, 11 young (11264K), 1 survivors (1024K)
[2020-12-25T03:51:41.844-0400][gc,heap        ] GC(386342)  Metaspace       used 61021K, capacity 63721K, committed 64768K, reserved 1107968K
[2020-12-25T03:51:41.844-0400][gc,heap        ] GC(386342)   class space    used 5712K, capacity 6559K, committed 6912K, reserved 1048576K
[2020-12-25T03:51:41.844-0400][gc,start       ] GC(386342) Pause Young (Normal) (G1 Evacuation Pause)
[2020-12-25T03:51:41.844-0400][gc,task        ] GC(386342) Using 4 workers of 4 for evacuation
[2020-12-25T03:51:41.850-0400][gc,phases      ] GC(386342)   Pre Evacuate Collection Set: 0.0ms
[2020-12-25T03:51:41.850-0400][gc,phases      ] GC(386342)   Evacuate Collection Set: 3.7ms
[2020-12-25T03:51:41.850-0400][gc,phases      ] GC(386342)   Post Evacuate Collection Set: 1.5ms
[2020-12-25T03:51:41.850-0400][gc,phases      ] GC(386342)   Other: 0.9ms
[2020-12-25T03:51:41.850-0400][gc,heap        ] GC(386342) Eden regions: 10->0(10)
[2020-12-25T03:51:41.850-0400][gc,heap        ] GC(386342) Survivor regions: 1->1(2)
[2020-12-25T03:51:41.850-0400][gc,heap        ] GC(386342) Old regions: 46->46
[2020-12-25T03:51:41.850-0400][gc,heap        ] GC(386342) Humongous regions: 4->4
[2020-12-25T03:51:41.850-0400][gc,metaspace   ] GC(386342) Metaspace: 61021K->61021K(1107968K)
[2020-12-25T03:51:41.850-0400][gc,heap        ] GC(386342) Heap after GC invocations=386318 (full 11304): garbage-first heap   total 71680K, used 48927K [0x0000000083000000, 0x0000000100000000)
[2020-12-25T03:51:41.851-0400][gc,heap        ] GC(386342)   region size 1024K, 1 young (1024K), 1 survivors (1024K)
[2020-12-25T03:51:41.851-0400][gc,heap        ] GC(386342)  Metaspace       used 61021K, capacity 63721K, committed 64768K, reserved 1107968K
[2020-12-25T03:51:41.851-0400][gc,heap        ] GC(386342)   class space    used 5712K, capacity 6559K, committed 6912K, reserved 1048576K
[2020-12-25T03:51:41.851-0400][gc             ] GC(386342) Pause Young (Normal) (G1 Evacuation Pause) 57M->47M(70M) 6.523ms
[2020-12-25T03:51:41.851-0400][gc,cpu         ] GC(386342) User=0.00s Sys=0.01s Real=0.01s
[2020-12-25T03:51:50.924-0400][gc,task        ] GC(386343) Using 3 workers of 4 for full compaction
[2020-12-25T03:51:50.924-0400][gc,start       ] GC(386343) Pause Full (System.gc())
[2020-12-25T03:51:50.924-0400][gc,heap        ] GC(386343) Heap before GC invocations=386318 (full 11304): garbage-first heap   total 71680K, used 51999K [0x0000000083000000, 0x0000000100000000)
[2020-12-25T03:51:50.924-0400][gc,heap        ] GC(386343)   region size 1024K, 5 young (5120K), 1 survivors (1024K)
[2020-12-25T03:51:50.924-0400][gc,heap        ] GC(386343)  Metaspace       used 61021K, capacity 63721K, committed 64768K, reserved 1107968K
[2020-12-25T03:51:50.924-0400][gc,heap        ] GC(386343)   class space    used 5712K, capacity 6559K, committed 6912K, reserved 1048576K
[2020-12-25T03:51:50.927-0400][gc,phases,start] GC(386343) Phase 1: Mark live objects
[2020-12-25T03:51:51.072-0400][gc,stringtable ] GC(386343) Cleaned string and symbol table, strings: 32207 processed, 0 removed, symbols: 131451 processed, 0 removed
[2020-12-25T03:51:51.072-0400][gc,phases      ] GC(386343) Phase 1: Mark live objects 145.184ms
[2020-12-25T03:51:51.072-0400][gc,phases,start] GC(386343) Phase 2: Prepare for compaction
[2020-12-25T03:51:51.102-0400][gc,phases      ] GC(386343) Phase 2: Prepare for compaction 29.951ms
[2020-12-25T03:51:51.102-0400][gc,phases,start] GC(386343) Phase 3: Adjust pointers
[2020-12-25T03:51:51.181-0400][gc,phases      ] GC(386343) Phase 3: Adjust pointers 78.987ms
[2020-12-25T03:51:51.181-0400][gc,phases,start] GC(386343) Phase 4: Compact heap
[2020-12-25T03:51:51.203-0400][gc,phases      ] GC(386343) Phase 4: Compact heap 22.120ms
[2020-12-25T03:51:51.238-0400][gc,heap        ] GC(386343) Eden regions: 4->0(11)
[2020-12-25T03:51:51.238-0400][gc,heap        ] GC(386343) Survivor regions: 1->0(2)
[2020-12-25T03:51:51.238-0400][gc,heap        ] GC(386343) Old regions: 46->46
[2020-12-25T03:51:51.238-0400][gc,heap        ] GC(386343) Humongous regions: 4->4
[2020-12-25T03:51:51.238-0400][gc,metaspace   ] GC(386343) Metaspace: 61021K->61021K(1107968K)
[2020-12-25T03:51:51.239-0400][gc,heap        ] GC(386343) Heap after GC invocations=386319 (full 11305): garbage-first heap   total 71680K, used 48480K [0x0000000083000000, 0x0000000100000000)
[2020-12-25T03:51:51.239-0400][gc,heap        ] GC(386343)   region size 1024K, 0 young (0K), 0 survivors (0K)
[2020-12-25T03:51:51.239-0400][gc,heap        ] GC(386343)  Metaspace       used 61021K, capacity 63721K, committed 64768K, reserved 1107968K
[2020-12-25T03:51:51.239-0400][gc,heap        ] GC(386343)   class space    used 5712K, capacity 6559K, committed 6912K, reserved 1048576K
[2020-12-25T03:51:51.239-0400][gc             ] GC(386343) Pause Full (System.gc()) 50M->47M(70M) 314.743ms
[2020-12-25T03:51:51.239-0400][gc,cpu         ] GC(386343) User=0.84s Sys=0.00s Real=0.32s
[2020-12-25T03:52:13.894-0400][gc,heap        ] GC(386344) Heap before GC invocations=386319 (full 11305): garbage-first heap   total 71680K, used 58720K [0x0000000083000000, 0x0000000100000000)
[2020-12-25T03:52:13.894-0400][gc,heap        ] GC(386344)   region size 1024K, 11 young (11264K), 0 survivors (0K)
[2020-12-25T03:52:13.894-0400][gc,heap        ] GC(386344)  Metaspace       used 61021K, capacity 63721K, committed 64768K, reserved 1107968K
[2020-12-25T03:52:13.894-0400][gc,heap        ] GC(386344)   class space    used 5712K, capacity 6559K, committed 6912K, reserved 1048576K
[2020-12-25T03:52:13.894-0400][gc,start       ] GC(386344) Pause Young (Normal) (G1 Evacuation Pause)
[2020-12-25T03:52:13.895-0400][gc,task        ] GC(386344) Using 4 workers of 4 for evacuation
[2020-12-25T03:52:13.900-0400][gc,phases      ] GC(386344)   Pre Evacuate Collection Set: 0.0ms
[2020-12-25T03:52:13.900-0400][gc,phases      ] GC(386344)   Evacuate Collection Set: 3.1ms
[2020-12-25T03:52:13.900-0400][gc,phases      ] GC(386344)   Post Evacuate Collection Set: 1.9ms
[2020-12-25T03:52:13.900-0400][gc,phases      ] GC(386344)   Other: 0.9ms
[2020-12-25T03:52:13.900-0400][gc,heap        ] GC(386344) Eden regions: 11->0(10)
[2020-12-25T03:52:13.900-0400][gc,heap        ] GC(386344) Survivor regions: 0->1(2)
[2020-12-25T03:52:13.900-0400][gc,heap        ] GC(386344) Old regions: 46->46
[2020-12-25T03:52:13.900-0400][gc,heap        ] GC(386344) Humongous regions: 4->4
[2020-12-25T03:52:13.900-0400][gc,metaspace   ] GC(386344) Metaspace: 61021K->61021K(1107968K)
[2020-12-25T03:52:13.901-0400][gc,heap        ] GC(386344) Heap after GC invocations=386320 (full 11305): garbage-first heap   total 71680K, used 48796K [0x0000000083000000, 0x0000000100000000)
[2020-12-25T03:52:13.901-0400][gc,heap        ] GC(386344)   region size 1024K, 1 young (1024K), 1 survivors (1024K)
[2020-12-25T03:52:13.901-0400][gc,heap        ] GC(386344)  Metaspace       used 61021K, capacity 63721K, committed 64768K, reserved 1107968K
[2020-12-25T03:52:13.901-0400][gc,heap        ] GC(386344)   class space    used 5712K, capacity 6559K, committed 6912K, reserved 1048576K
[2020-12-25T03:52:13.901-0400][gc             ] GC(386344) Pause Young (Normal) (G1 Evacuation Pause) 58M->47M(70M) 6.399ms
[2020-12-25T03:52:13.901-0400][gc,cpu         ] GC(386344) User=0.02s Sys=0.00s Real=0.01s
[2020-12-25T03:52:49.142-0400][gc,heap        ] GC(386345) Heap before GC invocations=386320 (full 11305): garbage-first heap   total 71680K, used 59036K [0x0000000083000000, 0x0000000100000000)
[2020-12-25T03:52:49.142-0400][gc,heap        ] GC(386345)   region size 1024K, 11 young (11264K), 1 survivors (1024K)
[2020-12-25T03:52:49.142-0400][gc,heap        ] GC(386345)  Metaspace       used 61021K, capacity 63721K, committed 64768K, reserved 1107968K
[2020-12-25T03:52:49.142-0400][gc,heap        ] GC(386345)   class space    used 5712K, capacity 6559K, committed 6912K, reserved 1048576K
[2020-12-25T03:52:49.142-0400][gc,start       ] GC(386345) Pause Young (Normal) (G1 Evacuation Pause)
[2020-12-25T03:52:49.143-0400][gc,task        ] GC(386345) Using 4 workers of 4 for evacuation
[2020-12-25T03:52:49.148-0400][gc,phases      ] GC(386345)   Pre Evacuate Collection Set: 0.0ms
[2020-12-25T03:52:49.148-0400][gc,phases      ] GC(386345)   Evacuate Collection Set: 3.0ms
[2020-12-25T03:52:49.148-0400][gc,phases      ] GC(386345)   Post Evacuate Collection Set: 1.8ms
[2020-12-25T03:52:49.148-0400][gc,phases      ] GC(386345)   Other: 0.9ms
[2020-12-25T03:52:49.148-0400][gc,heap        ] GC(386345) Eden regions: 10->0(10)
[2020-12-25T03:52:49.148-0400][gc,heap        ] GC(386345) Survivor regions: 1->1(2)
[2020-12-25T03:52:49.148-0400][gc,heap        ] GC(386345) Old regions: 46->46
[2020-12-25T03:52:49.148-0400][gc,heap        ] GC(386345) Humongous regions: 4->4
[2020-12-25T03:52:49.148-0400][gc,metaspace   ] GC(386345) Metaspace: 61021K->61021K(1107968K)
[2020-12-25T03:52:49.148-0400][gc,heap        ] GC(386345) Heap after GC invocations=386321 (full 11305): garbage-first heap   total 71680K, used 48761K [0x0000000083000000, 0x0000000100000000)
[2020-12-25T03:52:49.148-0400][gc,heap        ] GC(386345)   region size 1024K, 1 young (1024K), 1 survivors (1024K)
[2020-12-25T03:52:49.148-0400][gc,heap        ] GC(386345)  Metaspace       used 61021K, capacity 63721K, committed 64768K, reserved 1107968K
[2020-12-25T03:52:49.148-0400][gc,heap        ] GC(386345)   class space    used 5712K, capacity 6559K, committed 6912K, reserved 1048576K
[2020-12-25T03:52:49.149-0400][gc             ] GC(386345) Pause Young (Normal) (G1 Evacuation Pause) 57M->47M(70M) 6.062ms
[2020-12-25T03:52:49.149-0400][gc,cpu         ] GC(386345) User=0.01s Sys=0.01s Real=0.01s
[2020-12-25T03:53:09.970-0400][gc,heap        ] GC(386346) Heap before GC invocations=386321 (full 11305): garbage-first heap   total 71680K, used 57977K [0x0000000083000000, 0x0000000100000000)
[2020-12-25T03:53:09.970-0400][gc,heap        ] GC(386346)   region size 1024K, 11 young (11264K), 1 survivors (1024K)
[2020-12-25T03:53:09.970-0400][gc,heap        ] GC(386346)  Metaspace       used 61021K, capacity 63721K, committed 64768K, reserved 1107968K
[2020-12-25T03:53:09.970-0400][gc,heap        ] GC(386346)   class space    used 5712K, capacity 6559K, committed 6912K, reserved 1048576K
[2020-12-25T03:53:09.971-0400][gc,start       ] GC(386346) Pause Young (Normal) (G1 Evacuation Pause)
[2020-12-25T03:53:09.971-0400][gc,task        ] GC(386346) Using 4 workers of 4 for evacuation
[2020-12-25T03:53:09.976-0400][gc,phases      ] GC(386346)   Pre Evacuate Collection Set: 0.0ms
[2020-12-25T03:53:09.976-0400][gc,phases      ] GC(386346)   Evacuate Collection Set: 3.2ms
[2020-12-25T03:53:09.976-0400][gc,phases      ] GC(386346)   Post Evacuate Collection Set: 1.6ms
[2020-12-25T03:53:09.976-0400][gc,phases      ] GC(386346)   Other: 0.9ms
[2020-12-25T03:53:09.976-0400][gc,heap        ] GC(386346) Eden regions: 10->0(10)
[2020-12-25T03:53:09.976-0400][gc,heap        ] GC(386346) Survivor regions: 1->1(2)
[2020-12-25T03:53:09.976-0400][gc,heap        ] GC(386346) Old regions: 46->46
[2020-12-25T03:53:09.976-0400][gc,heap        ] GC(386346) Humongous regions: 4->4
[2020-12-25T03:53:09.976-0400][gc,metaspace   ] GC(386346) Metaspace: 61021K->61021K(1107968K)
[2020-12-25T03:53:09.976-0400][gc,heap        ] GC(386346) Heap after GC invocations=386322 (full 11305): garbage-first heap   total 71680K, used 48841K [0x0000000083000000, 0x0000000100000000)
[2020-12-25T03:53:09.977-0400][gc,heap        ] GC(386346)   region size 1024K, 1 young (1024K), 1 survivors (1024K)
[2020-12-25T03:53:09.977-0400][gc,heap        ] GC(386346)  Metaspace       used 61021K, capacity 63721K, committed 64768K, reserved 1107968K
[2020-12-25T03:53:09.977-0400][gc,heap        ] GC(386346)   class space    used 5712K, capacity 6559K, committed 6912K, reserved 1048576K
[2020-12-25T03:53:09.977-0400][gc             ] GC(386346) Pause Young (Normal) (G1 Evacuation Pause) 57M->47M(70M) 6.121ms
[2020-12-25T03:53:09.977-0400][gc,cpu         ] GC(386346) User=0.01s Sys=0.01s Real=0.01s
[2020-12-25T03:53:43.892-0400][gc,heap        ] GC(386347) Heap before GC invocations=386322 (full 11305): garbage-first heap   total 71680K, used 58057K [0x0000000083000000, 0x0000000100000000)
[2020-12-25T03:53:43.892-0400][gc,heap        ] GC(386347)   region size 1024K, 11 young (11264K), 1 survivors (1024K)
[2020-12-25T03:53:43.892-0400][gc,heap        ] GC(386347)  Metaspace       used 61021K, capacity 63721K, committed 64768K, reserved 1107968K
[2020-12-25T03:53:43.892-0400][gc,heap        ] GC(386347)   class space    used 5712K, capacity 6559K, committed 6912K, reserved 1048576K
[2020-12-25T03:53:43.893-0400][gc,start       ] GC(386347) Pause Young (Normal) (G1 Evacuation Pause)
[2020-12-25T03:53:43.893-0400][gc,task        ] GC(386347) Using 4 workers of 4 for evacuation
[2020-12-25T03:53:43.898-0400][gc,phases      ] GC(386347)   Pre Evacuate Collection Set: 0.0ms
[2020-12-25T03:53:43.898-0400][gc,phases      ] GC(386347)   Evacuate Collection Set: 3.4ms
[2020-12-25T03:53:43.898-0400][gc,phases      ] GC(386347)   Post Evacuate Collection Set: 1.4ms
[2020-12-25T03:53:43.898-0400][gc,phases      ] GC(386347)   Other: 0.9ms
[2020-12-25T03:53:43.898-0400][gc,heap        ] GC(386347) Eden regions: 10->0(10)
[2020-12-25T03:53:43.898-0400][gc,heap        ] GC(386347) Survivor regions: 1->1(2)
[2020-12-25T03:53:43.898-0400][gc,heap        ] GC(386347) Old regions: 46->46
[2020-12-25T03:53:43.898-0400][gc,heap        ] GC(386347) Humongous regions: 4->4
[2020-12-25T03:53:43.898-0400][gc,metaspace   ] GC(386347) Metaspace: 61021K->61021K(1107968K)
[2020-12-25T03:53:43.898-0400][gc,heap        ] GC(386347) Heap after GC invocations=386323 (full 11305): garbage-first heap   total 71680K, used 48823K [0x0000000083000000, 0x0000000100000000)
[2020-12-25T03:53:43.899-0400][gc,heap        ] GC(386347)   region size 1024K, 1 young (1024K), 1 survivors (1024K)
[2020-12-25T03:53:43.899-0400][gc,heap        ] GC(386347)  Metaspace       used 61021K, capacity 63721K, committed 64768K, reserved 1107968K
[2020-12-25T03:53:43.899-0400][gc,heap        ] GC(386347)   class space    used 5712K, capacity 6559K, committed 6912K, reserved 1048576K
[2020-12-25T03:53:43.899-0400][gc             ] GC(386347) Pause Young (Normal) (G1 Evacuation Pause) 57M->47M(70M) 6.188ms
[2020-12-25T03:53:43.899-0400][gc,cpu         ] GC(386347) User=0.02s Sys=0.00s Real=0.01s
[2020-12-25T03:54:08.772-0400][gc,heap        ] GC(386348) Heap before GC invocations=386323 (full 11305): garbage-first heap   total 71680K, used 58039K [0x0000000083000000, 0x0000000100000000)
[2020-12-25T03:54:08.772-0400][gc,heap        ] GC(386348)   region size 1024K, 11 young (11264K), 1 survivors (1024K)
[2020-12-25T03:54:08.773-0400][gc,heap        ] GC(386348)  Metaspace       used 61021K, capacity 63721K, committed 64768K, reserved 1107968K
[2020-12-25T03:54:08.773-0400][gc,heap        ] GC(386348)   class space    used 5712K, capacity 6559K, committed 6912K, reserved 1048576K
[2020-12-25T03:54:08.773-0400][gc,start       ] GC(386348) Pause Young (Normal) (G1 Evacuation Pause)
[2020-12-25T03:54:08.773-0400][gc,task        ] GC(386348) Using 4 workers of 4 for evacuation
[2020-12-25T03:54:08.779-0400][gc,phases      ] GC(386348)   Pre Evacuate Collection Set: 0.0ms
[2020-12-25T03:54:08.779-0400][gc,phases      ] GC(386348)   Evacuate Collection Set: 3.3ms
[2020-12-25T03:54:08.779-0400][gc,phases      ] GC(386348)   Post Evacuate Collection Set: 2.0ms
[2020-12-25T03:54:08.779-0400][gc,phases      ] GC(386348)   Other: 0.8ms
[2020-12-25T03:54:08.779-0400][gc,heap        ] GC(386348) Eden regions: 10->0(10)
[2020-12-25T03:54:08.779-0400][gc,heap        ] GC(386348) Survivor regions: 1->1(2)
[2020-12-25T03:54:08.779-0400][gc,heap        ] GC(386348) Old regions: 46->46
[2020-12-25T03:54:08.779-0400][gc,heap        ] GC(386348) Humongous regions: 4->4
[2020-12-25T03:54:08.779-0400][gc,metaspace   ] GC(386348) Metaspace: 61021K->61021K(1107968K)
[2020-12-25T03:54:08.779-0400][gc,heap        ] GC(386348) Heap after GC invocations=386324 (full 11305): garbage-first heap   total 71680K, used 48887K [0x0000000083000000, 0x0000000100000000)
[2020-12-25T03:54:08.779-0400][gc,heap        ] GC(386348)   region size 1024K, 1 young (1024K), 1 survivors (1024K)
[2020-12-25T03:54:08.779-0400][gc,heap        ] GC(386348)  Metaspace       used 61021K, capacity 63721K, committed 64768K, reserved 1107968K
[2020-12-25T03:54:08.779-0400][gc,heap        ] GC(386348)   class space    used 5712K, capacity 6559K, committed 6912K, reserved 1048576K
[2020-12-25T03:54:08.779-0400][gc             ] GC(386348) Pause Young (Normal) (G1 Evacuation Pause) 57M->47M(70M) 6.602ms
[2020-12-25T03:54:08.779-0400][gc,cpu         ] GC(386348) User=0.02s Sys=0.00s Real=0.01s
[2020-12-25T03:54:47.736-0400][gc,heap        ] GC(386349) Heap before GC invocations=386324 (full 11305): garbage-first heap   total 71680K, used 58103K [0x0000000083000000, 0x0000000100000000)
[2020-12-25T03:54:47.736-0400][gc,heap        ] GC(386349)   region size 1024K, 11 young (11264K), 1 survivors (1024K)
[2020-12-25T03:54:47.736-0400][gc,heap        ] GC(386349)  Metaspace       used 61021K, capacity 63721K, committed 64768K, reserved 1107968K
[2020-12-25T03:54:47.736-0400][gc,heap        ] GC(386349)   class space    used 5712K, capacity 6559K, committed 6912K, reserved 1048576K
[2020-12-25T03:54:47.736-0400][gc,start       ] GC(386349) Pause Young (Normal) (G1 Evacuation Pause)
[2020-12-25T03:54:47.736-0400][gc,task        ] GC(386349) Using 4 workers of 4 for evacuation
[2020-12-25T03:54:47.742-0400][gc,phases      ] GC(386349)   Pre Evacuate Collection Set: 0.0ms
[2020-12-25T03:54:47.742-0400][gc,phases      ] GC(386349)   Evacuate Collection Set: 3.6ms
[2020-12-25T03:54:47.742-0400][gc,phases      ] GC(386349)   Post Evacuate Collection Set: 1.5ms
[2020-12-25T03:54:47.742-0400][gc,phases      ] GC(386349)   Other: 0.8ms
[2020-12-25T03:54:47.742-0400][gc,heap        ] GC(386349) Eden regions: 10->0(10)
[2020-12-25T03:54:47.742-0400][gc,heap        ] GC(386349) Survivor regions: 1->1(2)
[2020-12-25T03:54:47.742-0400][gc,heap        ] GC(386349) Old regions: 46->46
[2020-12-25T03:54:47.742-0400][gc,heap        ] GC(386349) Humongous regions: 4->4
[2020-12-25T03:54:47.742-0400][gc,metaspace   ] GC(386349) Metaspace: 61021K->61021K(1107968K)
[2020-12-25T03:54:47.742-0400][gc,heap        ] GC(386349) Heap after GC invocations=386325 (full 11305): garbage-first heap   total 71680K, used 48984K [0x0000000083000000, 0x0000000100000000)
[2020-12-25T03:54:47.742-0400][gc,heap        ] GC(386349)   region size 1024K, 1 young (1024K), 1 survivors (1024K)
[2020-12-25T03:54:47.742-0400][gc,heap        ] GC(386349)  Metaspace       used 61021K, capacity 63721K, committed 64768K, reserved 1107968K
[2020-12-25T03:54:47.742-0400][gc,heap        ] GC(386349)   class space    used 5712K, capacity 6559K, committed 6912K, reserved 1048576K
[2020-12-25T03:54:47.742-0400][gc             ] GC(386349) Pause Young (Normal) (G1 Evacuation Pause) 57M->47M(70M) 6.333ms
[2020-12-25T03:54:47.743-0400][gc,cpu         ] GC(386349) User=0.01s Sys=0.00s Real=0.00s
[2020-12-25T03:55:13.500-0400][gc,heap        ] GC(386350) Heap before GC invocations=386325 (full 11305): garbage-first heap   total 71680K, used 58200K [0x0000000083000000, 0x0000000100000000)
[2020-12-25T03:55:13.500-0400][gc,heap        ] GC(386350)   region size 1024K, 11 young (11264K), 1 survivors (1024K)
[2020-12-25T03:55:13.500-0400][gc,heap        ] GC(386350)  Metaspace       used 61021K, capacity 63721K, committed 64768K, reserved 1107968K
[2020-12-25T03:55:13.500-0400][gc,heap        ] GC(386350)   class space    used 5712K, capacity 6559K, committed 6912K, reserved 1048576K
[2020-12-25T03:55:13.500-0400][gc,start       ] GC(386350) Pause Young (Normal) (G1 Evacuation Pause)
[2020-12-25T03:55:13.500-0400][gc,task        ] GC(386350) Using 4 workers of 4 for evacuation
[2020-12-25T03:55:13.506-0400][gc,phases      ] GC(386350)   Pre Evacuate Collection Set: 0.0ms
[2020-12-25T03:55:13.506-0400][gc,phases      ] GC(386350)   Evacuate Collection Set: 3.5ms
[2020-12-25T03:55:13.506-0400][gc,phases      ] GC(386350)   Post Evacuate Collection Set: 1.5ms
[2020-12-25T03:55:13.506-0400][gc,phases      ] GC(386350)   Other: 0.9ms
[2020-12-25T03:55:13.506-0400][gc,heap        ] GC(386350) Eden regions: 10->0(10)
[2020-12-25T03:55:13.506-0400][gc,heap        ] GC(386350) Survivor regions: 1->1(2)
[2020-12-25T03:55:13.506-0400][gc,heap        ] GC(386350) Old regions: 46->46
[2020-12-25T03:55:13.506-0400][gc,heap        ] GC(386350) Humongous regions: 4->4
[2020-12-25T03:55:13.506-0400][gc,metaspace   ] GC(386350) Metaspace: 61021K->61021K(1107968K)
[2020-12-25T03:55:13.506-0400][gc,heap        ] GC(386350) Heap after GC invocations=386326 (full 11305): garbage-first heap   total 71680K, used 48983K [0x0000000083000000, 0x0000000100000000)
[2020-12-25T03:55:13.506-0400][gc,heap        ] GC(386350)   region size 1024K, 1 young (1024K), 1 survivors (1024K)
[2020-12-25T03:55:13.506-0400][gc,heap        ] GC(386350)  Metaspace       used 61021K, capacity 63721K, committed 64768K, reserved 1107968K
[2020-12-25T03:55:13.506-0400][gc,heap        ] GC(386350)   class space    used 5712K, capacity 6559K, committed 6912K, reserved 1048576K
[2020-12-25T03:55:13.506-0400][gc             ] GC(386350) Pause Young (Normal) (G1 Evacuation Pause) 57M->47M(70M) 6.300ms
[2020-12-25T03:55:13.506-0400][gc,cpu         ] GC(386350) User=0.01s Sys=0.01s Real=0.01s
[2020-12-25T03:55:46.061-0400][gc,heap        ] GC(386351) Heap before GC invocations=386326 (full 11305): garbage-first heap   total 71680K, used 58199K [0x0000000083000000, 0x0000000100000000)
[2020-12-25T03:55:46.061-0400][gc,heap        ] GC(386351)   region size 1024K, 11 young (11264K), 1 survivors (1024K)
[2020-12-25T03:55:46.061-0400][gc,heap        ] GC(386351)  Metaspace       used 61021K, capacity 63721K, committed 64768K, reserved 1107968K
[2020-12-25T03:55:46.061-0400][gc,heap        ] GC(386351)   class space    used 5712K, capacity 6559K, committed 6912K, reserved 1048576K
[2020-12-25T03:55:46.061-0400][gc,start       ] GC(386351) Pause Young (Normal) (G1 Evacuation Pause)
[2020-12-25T03:55:46.061-0400][gc,task        ] GC(386351) Using 4 workers of 4 for evacuation
[2020-12-25T03:55:46.067-0400][gc,phases      ] GC(386351)   Pre Evacuate Collection Set: 0.0ms
[2020-12-25T03:55:46.067-0400][gc,phases      ] GC(386351)   Evacuate Collection Set: 3.5ms
[2020-12-25T03:55:46.067-0400][gc,phases      ] GC(386351)   Post Evacuate Collection Set: 1.6ms
[2020-12-25T03:55:46.067-0400][gc,phases      ] GC(386351)   Other: 0.8ms
[2020-12-25T03:55:46.067-0400][gc,heap        ] GC(386351) Eden regions: 10->0(10)
[2020-12-25T03:55:46.067-0400][gc,heap        ] GC(386351) Survivor regions: 1->1(2)
[2020-12-25T03:55:46.067-0400][gc,heap        ] GC(386351) Old regions: 46->46
[2020-12-25T03:55:46.067-0400][gc,heap        ] GC(386351) Humongous regions: 4->4
[2020-12-25T03:55:46.067-0400][gc,metaspace   ] GC(386351) Metaspace: 61021K->61021K(1107968K)
[2020-12-25T03:55:46.067-0400][gc,heap        ] GC(386351) Heap after GC invocations=386327 (full 11305): garbage-first heap   total 71680K, used 48990K [0x0000000083000000, 0x0000000100000000)
[2020-12-25T03:55:46.067-0400][gc,heap        ] GC(386351)   region size 1024K, 1 young (1024K), 1 survivors (1024K)
[2020-12-25T03:55:46.067-0400][gc,heap        ] GC(386351)  Metaspace       used 61021K, capacity 63721K, committed 64768K, reserved 1107968K
[2020-12-25T03:55:46.067-0400][gc,heap        ] GC(386351)   class space    used 5712K, capacity 6559K, committed 6912K, reserved 1048576K
[2020-12-25T03:55:46.068-0400][gc             ] GC(386351) Pause Young (Normal) (G1 Evacuation Pause) 57M->47M(70M) 6.356ms
[2020-12-25T03:55:46.068-0400][gc,cpu         ] GC(386351) User=0.02s Sys=0.00s Real=0.01s
[2020-12-25T03:56:18.559-0400][gc,heap        ] GC(386352) Heap before GC invocations=386327 (full 11305): garbage-first heap   total 71680K, used 58206K [0x0000000083000000, 0x0000000100000000)
[2020-12-25T03:56:18.559-0400][gc,heap        ] GC(386352)   region size 1024K, 11 young (11264K), 1 survivors (1024K)
[2020-12-25T03:56:18.559-0400][gc,heap        ] GC(386352)  Metaspace       used 61021K, capacity 63721K, committed 64768K, reserved 1107968K
[2020-12-25T03:56:18.559-0400][gc,heap        ] GC(386352)   class space    used 5712K, capacity 6559K, committed 6912K, reserved 1048576K
[2020-12-25T03:56:18.559-0400][gc,start       ] GC(386352) Pause Young (Normal) (G1 Evacuation Pause)
[2020-12-25T03:56:18.559-0400][gc,task        ] GC(386352) Using 4 workers of 4 for evacuation
[2020-12-25T03:56:18.566-0400][gc,phases      ] GC(386352)   Pre Evacuate Collection Set: 0.0ms
[2020-12-25T03:56:18.566-0400][gc,phases      ] GC(386352)   Evacuate Collection Set: 3.7ms
[2020-12-25T03:56:18.566-0400][gc,phases      ] GC(386352)   Post Evacuate Collection Set: 2.0ms
[2020-12-25T03:56:18.566-0400][gc,phases      ] GC(386352)   Other: 0.9ms
[2020-12-25T03:56:18.566-0400][gc,heap        ] GC(386352) Eden regions: 10->0(10)
[2020-12-25T03:56:18.566-0400][gc,heap        ] GC(386352) Survivor regions: 1->1(2)
[2020-12-25T03:56:18.566-0400][gc,heap        ] GC(386352) Old regions: 46->46
[2020-12-25T03:56:18.566-0400][gc,heap        ] GC(386352) Humongous regions: 4->4
[2020-12-25T03:56:18.566-0400][gc,metaspace   ] GC(386352) Metaspace: 61021K->61021K(1107968K)
[2020-12-25T03:56:18.566-0400][gc,heap        ] GC(386352) Heap after GC invocations=386328 (full 11305): garbage-first heap   total 71680K, used 49023K [0x0000000083000000, 0x0000000100000000)
[2020-12-25T03:56:18.566-0400][gc,heap        ] GC(386352)   region size 1024K, 1 young (1024K), 1 survivors (1024K)
[2020-12-25T03:56:18.566-0400][gc,heap        ] GC(386352)  Metaspace       used 61021K, capacity 63721K, committed 64768K, reserved 1107968K
[2020-12-25T03:56:18.566-0400][gc,heap        ] GC(386352)   class space    used 5712K, capacity 6559K, committed 6912K, reserved 1048576K
[2020-12-25T03:56:18.566-0400][gc             ] GC(386352) Pause Young (Normal) (G1 Evacuation Pause) 57M->47M(70M) 6.984ms
[2020-12-25T03:56:18.566-0400][gc,cpu         ] GC(386352) User=0.02s Sys=0.00s Real=0.01s
[2020-12-25T03:56:50.924-0400][gc,task        ] GC(386353) Using 3 workers of 4 for full compaction
[2020-12-25T03:56:50.924-0400][gc,start       ] GC(386353) Pause Full (System.gc())
[2020-12-25T03:56:50.924-0400][gc,heap        ] GC(386353) Heap before GC invocations=386328 (full 11305): garbage-first heap   total 71680K, used 57215K [0x0000000083000000, 0x0000000100000000)
[2020-12-25T03:56:50.924-0400][gc,heap        ] GC(386353)   region size 1024K, 11 young (11264K), 1 survivors (1024K)
[2020-12-25T03:56:50.924-0400][gc,heap        ] GC(386353)  Metaspace       used 61021K, capacity 63721K, committed 64768K, reserved 1107968K
[2020-12-25T03:56:50.925-0400][gc,heap        ] GC(386353)   class space    used 5712K, capacity 6559K, committed 6912K, reserved 1048576K
[2020-12-25T03:56:50.927-0400][gc,phases,start] GC(386353) Phase 1: Mark live objects
[2020-12-25T03:56:51.077-0400][gc,stringtable ] GC(386353) Cleaned string and symbol table, strings: 32207 processed, 0 removed, symbols: 131451 processed, 0 removed
[2020-12-25T03:56:51.077-0400][gc,phases      ] GC(386353) Phase 1: Mark live objects 149.874ms
[2020-12-25T03:56:51.077-0400][gc,phases,start] GC(386353) Phase 2: Prepare for compaction
[2020-12-25T03:56:51.111-0400][gc,phases      ] GC(386353) Phase 2: Prepare for compaction 33.708ms
[2020-12-25T03:56:51.111-0400][gc,phases,start] GC(386353) Phase 3: Adjust pointers
[2020-12-25T03:56:51.189-0400][gc,phases      ] GC(386353) Phase 3: Adjust pointers 78.597ms
[2020-12-25T03:56:51.189-0400][gc,phases,start] GC(386353) Phase 4: Compact heap
[2020-12-25T03:56:51.210-0400][gc,phases      ] GC(386353) Phase 4: Compact heap 20.493ms
[2020-12-25T03:56:51.246-0400][gc,heap        ] GC(386353) Eden regions: 10->0(11)
[2020-12-25T03:56:51.246-0400][gc,heap        ] GC(386353) Survivor regions: 1->0(2)
[2020-12-25T03:56:51.246-0400][gc,heap        ] GC(386353) Old regions: 46->46
[2020-12-25T03:56:51.246-0400][gc,heap        ] GC(386353) Humongous regions: 4->4
[2020-12-25T03:56:51.246-0400][gc,metaspace   ] GC(386353) Metaspace: 61021K->61021K(1107968K)
[2020-12-25T03:56:51.246-0400][gc,heap        ] GC(386353) Heap after GC invocations=386329 (full 11306): garbage-first heap   total 71680K, used 48465K [0x0000000083000000, 0x0000000100000000)
[2020-12-25T03:56:51.246-0400][gc,heap        ] GC(386353)   region size 1024K, 0 young (0K), 0 survivors (0K)
[2020-12-25T03:56:51.246-0400][gc,heap        ] GC(386353)  Metaspace       used 61021K, capacity 63721K, committed 64768K, reserved 1107968K
[2020-12-25T03:56:51.246-0400][gc,heap        ] GC(386353)   class space    used 5712K, capacity 6559K, committed 6912K, reserved 1048576K
[2020-12-25T03:56:51.246-0400][gc             ] GC(386353) Pause Full (System.gc()) 56M->47M(70M) 322.157ms
[2020-12-25T03:56:51.247-0400][gc,cpu         ] GC(386353) User=0.55s Sys=0.32s Real=0.33s
[2020-12-25T03:57:33.876-0400][gc,heap        ] GC(386354) Heap before GC invocations=386329 (full 11306): garbage-first heap   total 71680K, used 58705K [0x0000000083000000, 0x0000000100000000)
[2020-12-25T03:57:33.876-0400][gc,heap        ] GC(386354)   region size 1024K, 11 young (11264K), 0 survivors (0K)
[2020-12-25T03:57:33.876-0400][gc,heap        ] GC(386354)  Metaspace       used 61021K, capacity 63721K, committed 64768K, reserved 1107968K
[2020-12-25T03:57:33.876-0400][gc,heap        ] GC(386354)   class space    used 5712K, capacity 6559K, committed 6912K, reserved 1048576K
[2020-12-25T03:57:33.876-0400][gc,start       ] GC(386354) Pause Young (Normal) (G1 Evacuation Pause)
[2020-12-25T03:57:33.877-0400][gc,task        ] GC(386354) Using 4 workers of 4 for evacuation
[2020-12-25T03:57:33.881-0400][gc,phases      ] GC(386354)   Pre Evacuate Collection Set: 0.0ms
[2020-12-25T03:57:33.882-0400][gc,phases      ] GC(386354)   Evacuate Collection Set: 2.6ms
[2020-12-25T03:57:33.882-0400][gc,phases      ] GC(386354)   Post Evacuate Collection Set: 1.8ms
[2020-12-25T03:57:33.882-0400][gc,phases      ] GC(386354)   Other: 0.8ms
[2020-12-25T03:57:33.882-0400][gc,heap        ] GC(386354) Eden regions: 11->0(10)
[2020-12-25T03:57:33.882-0400][gc,heap        ] GC(386354) Survivor regions: 0->1(2)
[2020-12-25T03:57:33.882-0400][gc,heap        ] GC(386354) Old regions: 46->46
[2020-12-25T03:57:33.882-0400][gc,heap        ] GC(386354) Humongous regions: 4->4
[2020-12-25T03:57:33.882-0400][gc,metaspace   ] GC(386354) Metaspace: 61021K->61021K(1107968K)
[2020-12-25T03:57:33.882-0400][gc,heap        ] GC(386354) Heap after GC invocations=386330 (full 11306): garbage-first heap   total 71680K, used 48716K [0x0000000083000000, 0x0000000100000000)
[2020-12-25T03:57:33.882-0400][gc,heap        ] GC(386354)   region size 1024K, 1 young (1024K), 1 survivors (1024K)
[2020-12-25T03:57:33.882-0400][gc,heap        ] GC(386354)  Metaspace       used 61021K, capacity 63721K, committed 64768K, reserved 1107968K
[2020-12-25T03:57:33.882-0400][gc,heap        ] GC(386354)   class space    used 5712K, capacity 6559K, committed 6912K, reserved 1048576K
[2020-12-25T03:57:33.882-0400][gc             ] GC(386354) Pause Young (Normal) (G1 Evacuation Pause) 58M->47M(70M) 5.700ms
[2020-12-25T03:57:33.882-0400][gc,cpu         ] GC(386354) User=0.01s Sys=0.00s Real=0.00s
[2020-12-25T03:58:02.358-0400][gc,heap        ] GC(386355) Heap before GC invocations=386330 (full 11306): garbage-first heap   total 71680K, used 57932K [0x0000000083000000, 0x0000000100000000)
[2020-12-25T03:58:02.358-0400][gc,heap        ] GC(386355)   region size 1024K, 11 young (11264K), 1 survivors (1024K)
[2020-12-25T03:58:02.359-0400][gc,heap        ] GC(386355)  Metaspace       used 61021K, capacity 63721K, committed 64768K, reserved 1107968K
[2020-12-25T03:58:02.359-0400][gc,heap        ] GC(386355)   class space    used 5712K, capacity 6559K, committed 6912K, reserved 1048576K
[2020-12-25T03:58:02.359-0400][gc,start       ] GC(386355) Pause Young (Normal) (G1 Evacuation Pause)
[2020-12-25T03:58:02.359-0400][gc,task        ] GC(386355) Using 4 workers of 4 for evacuation
[2020-12-25T03:58:02.364-0400][gc,phases      ] GC(386355)   Pre Evacuate Collection Set: 0.0ms
[2020-12-25T03:58:02.364-0400][gc,phases      ] GC(386355)   Evacuate Collection Set: 3.1ms
[2020-12-25T03:58:02.364-0400][gc,phases      ] GC(386355)   Post Evacuate Collection Set: 1.5ms
[2020-12-25T03:58:02.364-0400][gc,phases      ] GC(386355)   Other: 0.9ms
[2020-12-25T03:58:02.364-0400][gc,heap        ] GC(386355) Eden regions: 10->0(10)
[2020-12-25T03:58:02.364-0400][gc,heap        ] GC(386355) Survivor regions: 1->1(2)
[2020-12-25T03:58:02.364-0400][gc,heap        ] GC(386355) Old regions: 46->46
[2020-12-25T03:58:02.364-0400][gc,heap        ] GC(386355) Humongous regions: 4->4
[2020-12-25T03:58:02.364-0400][gc,metaspace   ] GC(386355) Metaspace: 61021K->61021K(1107968K)
[2020-12-25T03:58:02.364-0400][gc,heap        ] GC(386355) Heap after GC invocations=386331 (full 11306): garbage-first heap   total 71680K, used 48719K [0x0000000083000000, 0x0000000100000000)
[2020-12-25T03:58:02.364-0400][gc,heap        ] GC(386355)   region size 1024K, 1 young (1024K), 1 survivors (1024K)
[2020-12-25T03:58:02.364-0400][gc,heap        ] GC(386355)  Metaspace       used 61021K, capacity 63721K, committed 64768K, reserved 1107968K
[2020-12-25T03:58:02.365-0400][gc,heap        ] GC(386355)   class space    used 5712K, capacity 6559K, committed 6912K, reserved 1048576K
[2020-12-25T03:58:02.365-0400][gc             ] GC(386355) Pause Young (Normal) (G1 Evacuation Pause) 57M->47M(70M) 5.908ms
[2020-12-25T03:58:02.365-0400][gc,cpu         ] GC(386355) User=0.02s Sys=0.00s Real=0.00s
[2020-12-25T03:58:37.876-0400][gc,heap        ] GC(386356) Heap before GC invocations=386331 (full 11306): garbage-first heap   total 71680K, used 58959K [0x0000000083000000, 0x0000000100000000)
[2020-12-25T03:58:37.876-0400][gc,heap        ] GC(386356)   region size 1024K, 11 young (11264K), 1 survivors (1024K)
[2020-12-25T03:58:37.876-0400][gc,heap        ] GC(386356)  Metaspace       used 61021K, capacity 63721K, committed 64768K, reserved 1107968K
[2020-12-25T03:58:37.876-0400][gc,heap        ] GC(386356)   class space    used 5712K, capacity 6559K, committed 6912K, reserved 1048576K
[2020-12-25T03:58:37.876-0400][gc,start       ] GC(386356) Pause Young (Normal) (G1 Evacuation Pause)
[2020-12-25T03:58:37.876-0400][gc,task        ] GC(386356) Using 4 workers of 4 for evacuation
[2020-12-25T03:58:37.881-0400][gc,phases      ] GC(386356)   Pre Evacuate Collection Set: 0.0ms
[2020-12-25T03:58:37.882-0400][gc,phases      ] GC(386356)   Evacuate Collection Set: 2.9ms
[2020-12-25T03:58:37.882-0400][gc,phases      ] GC(386356)   Post Evacuate Collection Set: 2.0ms
[2020-12-25T03:58:37.882-0400][gc,phases      ] GC(386356)   Other: 0.8ms
[2020-12-25T03:58:37.882-0400][gc,heap        ] GC(386356) Eden regions: 10->0(10)
[2020-12-25T03:58:37.882-0400][gc,heap        ] GC(386356) Survivor regions: 1->1(2)
[2020-12-25T03:58:37.882-0400][gc,heap        ] GC(386356) Old regions: 46->46
[2020-12-25T03:58:37.882-0400][gc,heap        ] GC(386356) Humongous regions: 4->4
[2020-12-25T03:58:37.882-0400][gc,metaspace   ] GC(386356) Metaspace: 61021K->61021K(1107968K)
[2020-12-25T03:58:37.882-0400][gc,heap        ] GC(386356) Heap after GC invocations=386332 (full 11306): garbage-first heap   total 71680K, used 48777K [0x0000000083000000, 0x0000000100000000)
[2020-12-25T03:58:37.882-0400][gc,heap        ] GC(386356)   region size 1024K, 1 young (1024K), 1 survivors (1024K)
[2020-12-25T03:58:37.882-0400][gc,heap        ] GC(386356)  Metaspace       used 61021K, capacity 63721K, committed 64768K, reserved 1107968K
[2020-12-25T03:58:37.882-0400][gc,heap        ] GC(386356)   class space    used 5712K, capacity 6559K, committed 6912K, reserved 1048576K
[2020-12-25T03:58:37.882-0400][gc             ] GC(386356) Pause Young (Normal) (G1 Evacuation Pause) 57M->47M(70M) 6.174ms
[2020-12-25T03:58:37.882-0400][gc,cpu         ] GC(386356) User=0.01s Sys=0.01s Real=0.00s
[2020-12-25T03:59:07.531-0400][gc,heap        ] GC(386357) Heap before GC invocations=386332 (full 11306): garbage-first heap   total 71680K, used 57993K [0x0000000083000000, 0x0000000100000000)
[2020-12-25T03:59:07.531-0400][gc,heap        ] GC(386357)   region size 1024K, 11 young (11264K), 1 survivors (1024K)
[2020-12-25T03:59:07.531-0400][gc,heap        ] GC(386357)  Metaspace       used 61021K, capacity 63721K, committed 64768K, reserved 1107968K
[2020-12-25T03:59:07.531-0400][gc,heap        ] GC(386357)   class space    used 5712K, capacity 6559K, committed 6912K, reserved 1048576K
[2020-12-25T03:59:07.531-0400][gc,start       ] GC(386357) Pause Young (Normal) (G1 Evacuation Pause)
[2020-12-25T03:59:07.531-0400][gc,task        ] GC(386357) Using 4 workers of 4 for evacuation
[2020-12-25T03:59:07.537-0400][gc,phases      ] GC(386357)   Pre Evacuate Collection Set: 0.1ms
[2020-12-25T03:59:07.537-0400][gc,phases      ] GC(386357)   Evacuate Collection Set: 3.4ms
[2020-12-25T03:59:07.537-0400][gc,phases      ] GC(386357)   Post Evacuate Collection Set: 2.1ms
[2020-12-25T03:59:07.538-0400][gc,phases      ] GC(386357)   Other: 0.8ms
[2020-12-25T03:59:07.538-0400][gc,heap        ] GC(386357) Eden regions: 10->0(10)
[2020-12-25T03:59:07.538-0400][gc,heap        ] GC(386357) Survivor regions: 1->1(2)
[2020-12-25T03:59:07.538-0400][gc,heap        ] GC(386357) Old regions: 46->46
[2020-12-25T03:59:07.538-0400][gc,heap        ] GC(386357) Humongous regions: 4->4
[2020-12-25T03:59:07.538-0400][gc,metaspace   ] GC(386357) Metaspace: 61021K->61021K(1107968K)
[2020-12-25T03:59:07.538-0400][gc,heap        ] GC(386357) Heap after GC invocations=386333 (full 11306): garbage-first heap   total 71680K, used 48923K [0x0000000083000000, 0x0000000100000000)
[2020-12-25T03:59:07.538-0400][gc,heap        ] GC(386357)   region size 1024K, 1 young (1024K), 1 survivors (1024K)
[2020-12-25T03:59:07.538-0400][gc,heap        ] GC(386357)  Metaspace       used 61021K, capacity 63721K, committed 64768K, reserved 1107968K
[2020-12-25T03:59:07.538-0400][gc,heap        ] GC(386357)   class space    used 5712K, capacity 6559K, committed 6912K, reserved 1048576K
[2020-12-25T03:59:07.538-0400][gc             ] GC(386357) Pause Young (Normal) (G1 Evacuation Pause) 57M->47M(70M) 6.757ms
[2020-12-25T03:59:07.538-0400][gc,cpu         ] GC(386357) User=0.01s Sys=0.01s Real=0.01s
[2020-12-25T03:59:54.650-0400][gc,heap        ] GC(386358) Heap before GC invocations=386333 (full 11306): garbage-first heap   total 71680K, used 58139K [0x0000000083000000, 0x0000000100000000)
[2020-12-25T03:59:54.650-0400][gc,heap        ] GC(386358)   region size 1024K, 11 young (11264K), 1 survivors (1024K)
[2020-12-25T03:59:54.650-0400][gc,heap        ] GC(386358)  Metaspace       used 61021K, capacity 63721K, committed 64768K, reserved 1107968K
[2020-12-25T03:59:54.650-0400][gc,heap        ] GC(386358)   class space    used 5712K, capacity 6559K, committed 6912K, reserved 1048576K
[2020-12-25T03:59:54.651-0400][gc,start       ] GC(386358) Pause Young (Normal) (G1 Evacuation Pause)
[2020-12-25T03:59:54.651-0400][gc,task        ] GC(386358) Using 4 workers of 4 for evacuation
[2020-12-25T03:59:54.657-0400][gc,phases      ] GC(386358)   Pre Evacuate Collection Set: 0.0ms
[2020-12-25T03:59:54.657-0400][gc,phases      ] GC(386358)   Evacuate Collection Set: 3.3ms
[2020-12-25T03:59:54.657-0400][gc,phases      ] GC(386358)   Post Evacuate Collection Set: 2.0ms
[2020-12-25T03:59:54.657-0400][gc,phases      ] GC(386358)   Other: 1.0ms
[2020-12-25T03:59:54.657-0400][gc,heap        ] GC(386358) Eden regions: 10->0(10)
[2020-12-25T03:59:54.657-0400][gc,heap        ] GC(386358) Survivor regions: 1->1(2)
[2020-12-25T03:59:54.657-0400][gc,heap        ] GC(386358) Old regions: 46->46
[2020-12-25T03:59:54.657-0400][gc,heap        ] GC(386358) Humongous regions: 4->4
[2020-12-25T03:59:54.657-0400][gc,metaspace   ] GC(386358) Metaspace: 61021K->61021K(1107968K)
[2020-12-25T03:59:54.657-0400][gc,heap        ] GC(386358) Heap after GC invocations=386334 (full 11306): garbage-first heap   total 71680K, used 48879K [0x0000000083000000, 0x0000000100000000)
[2020-12-25T03:59:54.657-0400][gc,heap        ] GC(386358)   region size 1024K, 1 young (1024K), 1 survivors (1024K)
[2020-12-25T03:59:54.657-0400][gc,heap        ] GC(386358)  Metaspace       used 61021K, capacity 63721K, committed 64768K, reserved 1107968K
[2020-12-25T03:59:54.657-0400][gc,heap        ] GC(386358)   class space    used 5712K, capacity 6559K, committed 6912K, reserved 1048576K
[2020-12-25T03:59:54.657-0400][gc             ] GC(386358) Pause Young (Normal) (G1 Evacuation Pause) 57M->47M(70M) 6.844ms
[2020-12-25T03:59:54.658-0400][gc,cpu         ] GC(386358) User=0.01s Sys=0.01s Real=0.01s
[2020-12-25T04:00:18.362-0400][gc,heap        ] GC(386359) Heap before GC invocations=386334 (full 11306): garbage-first heap   total 71680K, used 58095K [0x0000000083000000, 0x0000000100000000)
[2020-12-25T04:00:18.362-0400][gc,heap        ] GC(386359)   region size 1024K, 11 young (11264K), 1 survivors (1024K)
[2020-12-25T04:00:18.362-0400][gc,heap        ] GC(386359)  Metaspace       used 61021K, capacity 63721K, committed 64768K, reserved 1107968K
[2020-12-25T04:00:18.362-0400][gc,heap        ] GC(386359)   class space    used 5712K, capacity 6559K, committed 6912K, reserved 1048576K
[2020-12-25T04:00:18.362-0400][gc,start       ] GC(386359) Pause Young (Normal) (G1 Evacuation Pause)
[2020-12-25T04:00:18.362-0400][gc,task        ] GC(386359) Using 4 workers of 4 for evacuation
[2020-12-25T04:00:18.367-0400][gc,phases      ] GC(386359)   Pre Evacuate Collection Set: 0.0ms
[2020-12-25T04:00:18.368-0400][gc,phases      ] GC(386359)   Evacuate Collection Set: 3.2ms
[2020-12-25T04:00:18.368-0400][gc,phases      ] GC(386359)   Post Evacuate Collection Set: 1.5ms
[2020-12-25T04:00:18.368-0400][gc,phases      ] GC(386359)   Other: 0.8ms
[2020-12-25T04:00:18.368-0400][gc,heap        ] GC(386359) Eden regions: 10->0(10)
[2020-12-25T04:00:18.368-0400][gc,heap        ] GC(386359) Survivor regions: 1->1(2)
[2020-12-25T04:00:18.368-0400][gc,heap        ] GC(386359) Old regions: 46->46
[2020-12-25T04:00:18.368-0400][gc,heap        ] GC(386359) Humongous regions: 4->4
[2020-12-25T04:00:18.368-0400][gc,metaspace   ] GC(386359) Metaspace: 61021K->61021K(1107968K)
[2020-12-25T04:00:18.368-0400][gc,heap        ] GC(386359) Heap after GC invocations=386335 (full 11306): garbage-first heap   total 71680K, used 48847K [0x0000000083000000, 0x0000000100000000)
[2020-12-25T04:00:18.368-0400][gc,heap        ] GC(386359)   region size 1024K, 1 young (1024K), 1 survivors (1024K)
[2020-12-25T04:00:18.368-0400][gc,heap        ] GC(386359)  Metaspace       used 61021K, capacity 63721K, committed 64768K, reserved 1107968K
[2020-12-25T04:00:18.368-0400][gc,heap        ] GC(386359)   class space    used 5712K, capacity 6559K, committed 6912K, reserved 1048576K
[2020-12-25T04:00:18.368-0400][gc             ] GC(386359) Pause Young (Normal) (G1 Evacuation Pause) 57M->47M(70M) 6.005ms
[2020-12-25T04:00:18.368-0400][gc,cpu         ] GC(386359) User=0.02s Sys=0.00s Real=0.01s
[2020-12-25T04:00:48.617-0400][gc,heap        ] GC(386360) Heap before GC invocations=386335 (full 11306): garbage-first heap   total 71680K, used 58063K [0x0000000083000000, 0x0000000100000000)
[2020-12-25T04:00:48.617-0400][gc,heap        ] GC(386360)   region size 1024K, 11 young (11264K), 1 survivors (1024K)
[2020-12-25T04:00:48.617-0400][gc,heap        ] GC(386360)  Metaspace       used 61021K, capacity 63721K, committed 64768K, reserved 1107968K
[2020-12-25T04:00:48.617-0400][gc,heap        ] GC(386360)   class space    used 5712K, capacity 6559K, committed 6912K, reserved 1048576K
[2020-12-25T04:00:48.617-0400][gc,start       ] GC(386360) Pause Young (Normal) (G1 Evacuation Pause)
[2020-12-25T04:00:48.618-0400][gc,task        ] GC(386360) Using 4 workers of 4 for evacuation
[2020-12-25T04:00:48.623-0400][gc,phases      ] GC(386360)   Pre Evacuate Collection Set: 0.0ms
[2020-12-25T04:00:48.623-0400][gc,phases      ] GC(386360)   Evacuate Collection Set: 3.2ms
[2020-12-25T04:00:48.623-0400][gc,phases      ] GC(386360)   Post Evacuate Collection Set: 1.4ms
[2020-12-25T04:00:48.623-0400][gc,phases      ] GC(386360)   Other: 1.0ms
[2020-12-25T04:00:48.623-0400][gc,heap        ] GC(386360) Eden regions: 10->0(10)
[2020-12-25T04:00:48.623-0400][gc,heap        ] GC(386360) Survivor regions: 1->1(2)
[2020-12-25T04:00:48.623-0400][gc,heap        ] GC(386360) Old regions: 46->46
[2020-12-25T04:00:48.623-0400][gc,heap        ] GC(386360) Humongous regions: 4->4
[2020-12-25T04:00:48.623-0400][gc,metaspace   ] GC(386360) Metaspace: 61021K->61021K(1107968K)
[2020-12-25T04:00:48.623-0400][gc,heap        ] GC(386360) Heap after GC invocations=386336 (full 11306): garbage-first heap   total 71680K, used 48841K [0x0000000083000000, 0x0000000100000000)
[2020-12-25T04:00:48.623-0400][gc,heap        ] GC(386360)   region size 1024K, 1 young (1024K), 1 survivors (1024K)
[2020-12-25T04:00:48.623-0400][gc,heap        ] GC(386360)  Metaspace       used 61021K, capacity 63721K, committed 64768K, reserved 1107968K
[2020-12-25T04:00:48.623-0400][gc,heap        ] GC(386360)   class space    used 5712K, capacity 6559K, committed 6912K, reserved 1048576K
[2020-12-25T04:00:48.623-0400][gc             ] GC(386360) Pause Young (Normal) (G1 Evacuation Pause) 57M->47M(70M) 5.902ms
[2020-12-25T04:00:48.624-0400][gc,cpu         ] GC(386360) User=0.02s Sys=0.00s Real=0.00s
[2020-12-25T04:01:08.845-0400][gc,heap        ] GC(386361) Heap before GC invocations=386336 (full 11306): garbage-first heap   total 71680K, used 58057K [0x0000000083000000, 0x0000000100000000)
[2020-12-25T04:01:08.845-0400][gc,heap        ] GC(386361)   region size 1024K, 11 young (11264K), 1 survivors (1024K)
[2020-12-25T04:01:08.845-0400][gc,heap        ] GC(386361)  Metaspace       used 61021K, capacity 63721K, committed 64768K, reserved 1107968K
[2020-12-25T04:01:08.845-0400][gc,heap        ] GC(386361)   class space    used 5712K, capacity 6559K, committed 6912K, reserved 1048576K
[2020-12-25T04:01:08.845-0400][gc,start       ] GC(386361) Pause Young (Normal) (G1 Evacuation Pause)
[2020-12-25T04:01:08.845-0400][gc,task        ] GC(386361) Using 4 workers of 4 for evacuation
[2020-12-25T04:01:08.851-0400][gc,phases      ] GC(386361)   Pre Evacuate Collection Set: 0.0ms
[2020-12-25T04:01:08.851-0400][gc,phases      ] GC(386361)   Evacuate Collection Set: 4.3ms
[2020-12-25T04:01:08.852-0400][gc,phases      ] GC(386361)   Post Evacuate Collection Set: 1.5ms
[2020-12-25T04:01:08.852-0400][gc,phases      ] GC(386361)   Other: 0.8ms
[2020-12-25T04:01:08.852-0400][gc,heap        ] GC(386361) Eden regions: 10->0(10)
[2020-12-25T04:01:08.852-0400][gc,heap        ] GC(386361) Survivor regions: 1->1(2)
[2020-12-25T04:01:08.852-0400][gc,heap        ] GC(386361) Old regions: 46->46
[2020-12-25T04:01:08.852-0400][gc,heap        ] GC(386361) Humongous regions: 4->4
[2020-12-25T04:01:08.852-0400][gc,metaspace   ] GC(386361) Metaspace: 61021K->61021K(1107968K)
[2020-12-25T04:01:08.852-0400][gc,heap        ] GC(386361) Heap after GC invocations=386337 (full 11306): garbage-first heap   total 71680K, used 49008K [0x0000000083000000, 0x0000000100000000)
[2020-12-25T04:01:08.852-0400][gc,heap        ] GC(386361)   region size 1024K, 1 young (1024K), 1 survivors (1024K)
[2020-12-25T04:01:08.852-0400][gc,heap        ] GC(386361)  Metaspace       used 61021K, capacity 63721K, committed 64768K, reserved 1107968K
[2020-12-25T04:01:08.852-0400][gc,heap        ] GC(386361)   class space    used 5712K, capacity 6559K, committed 6912K, reserved 1048576K
[2020-12-25T04:01:08.852-0400][gc             ] GC(386361) Pause Young (Normal) (G1 Evacuation Pause) 57M->47M(70M) 7.081ms
[2020-12-25T04:01:08.852-0400][gc,cpu         ] GC(386361) User=0.01s Sys=0.01s Real=0.01s
[2020-12-25T04:01:39.016-0400][gc,heap        ] GC(386362) Heap before GC invocations=386337 (full 11306): garbage-first heap   total 71680K, used 59248K [0x0000000083000000, 0x0000000100000000)
[2020-12-25T04:01:39.016-0400][gc,heap        ] GC(386362)   region size 1024K, 11 young (11264K), 1 survivors (1024K)
[2020-12-25T04:01:39.016-0400][gc,heap        ] GC(386362)  Metaspace       used 61021K, capacity 63721K, committed 64768K, reserved 1107968K
[2020-12-25T04:01:39.016-0400][gc,heap        ] GC(386362)   class space    used 5712K, capacity 6559K, committed 6912K, reserved 1048576K
[2020-12-25T04:01:39.017-0400][gc,start       ] GC(386362) Pause Young (Normal) (G1 Evacuation Pause)
[2020-12-25T04:01:39.017-0400][gc,task        ] GC(386362) Using 4 workers of 4 for evacuation
[2020-12-25T04:01:39.022-0400][gc,phases      ] GC(386362)   Pre Evacuate Collection Set: 0.0ms
[2020-12-25T04:01:39.022-0400][gc,phases      ] GC(386362)   Evacuate Collection Set: 3.7ms
[2020-12-25T04:01:39.022-0400][gc,phases      ] GC(386362)   Post Evacuate Collection Set: 1.5ms
[2020-12-25T04:01:39.023-0400][gc,phases      ] GC(386362)   Other: 0.8ms
[2020-12-25T04:01:39.023-0400][gc,heap        ] GC(386362) Eden regions: 10->0(10)
[2020-12-25T04:01:39.023-0400][gc,heap        ] GC(386362) Survivor regions: 1->1(2)
[2020-12-25T04:01:39.023-0400][gc,heap        ] GC(386362) Old regions: 46->46
[2020-12-25T04:01:39.023-0400][gc,heap        ] GC(386362) Humongous regions: 4->4
[2020-12-25T04:01:39.023-0400][gc,metaspace   ] GC(386362) Metaspace: 61021K->61021K(1107968K)
[2020-12-25T04:01:39.023-0400][gc,heap        ] GC(386362) Heap after GC invocations=386338 (full 11306): garbage-first heap   total 71680K, used 48990K [0x0000000083000000, 0x0000000100000000)
[2020-12-25T04:01:39.023-0400][gc,heap        ] GC(386362)   region size 1024K, 1 young (1024K), 1 survivors (1024K)
[2020-12-25T04:01:39.023-0400][gc,heap        ] GC(386362)  Metaspace       used 61021K, capacity 63721K, committed 64768K, reserved 1107968K
[2020-12-25T04:01:39.023-0400][gc,heap        ] GC(386362)   class space    used 5712K, capacity 6559K, committed 6912K, reserved 1048576K
[2020-12-25T04:01:39.023-0400][gc             ] GC(386362) Pause Young (Normal) (G1 Evacuation Pause) 57M->47M(70M) 6.462ms
[2020-12-25T04:01:39.023-0400][gc,cpu         ] GC(386362) User=0.01s Sys=0.01s Real=0.00s
[2020-12-25T04:01:50.924-0400][gc,task        ] GC(386363) Using 3 workers of 4 for full compaction
[2020-12-25T04:01:50.924-0400][gc,start       ] GC(386363) Pause Full (System.gc())
[2020-12-25T04:01:50.924-0400][gc,heap        ] GC(386363) Heap before GC invocations=386338 (full 11306): garbage-first heap   total 71680K, used 54110K [0x0000000083000000, 0x0000000100000000)
[2020-12-25T04:01:50.924-0400][gc,heap        ] GC(386363)   region size 1024K, 8 young (8192K), 1 survivors (1024K)
[2020-12-25T04:01:50.924-0400][gc,heap        ] GC(386363)  Metaspace       used 61021K, capacity 63721K, committed 64768K, reserved 1107968K
[2020-12-25T04:01:50.924-0400][gc,heap        ] GC(386363)   class space    used 5712K, capacity 6559K, committed 6912K, reserved 1048576K
[2020-12-25T04:01:50.927-0400][gc,phases,start] GC(386363) Phase 1: Mark live objects
[2020-12-25T04:01:51.070-0400][gc,stringtable ] GC(386363) Cleaned string and symbol table, strings: 32207 processed, 0 removed, symbols: 131451 processed, 0 removed
[2020-12-25T04:01:51.070-0400][gc,phases      ] GC(386363) Phase 1: Mark live objects 143.714ms
[2020-12-25T04:01:51.070-0400][gc,phases,start] GC(386363) Phase 2: Prepare for compaction
[2020-12-25T04:01:51.101-0400][gc,phases      ] GC(386363) Phase 2: Prepare for compaction 30.513ms
[2020-12-25T04:01:51.101-0400][gc,phases,start] GC(386363) Phase 3: Adjust pointers
[2020-12-25T04:01:51.178-0400][gc,phases      ] GC(386363) Phase 3: Adjust pointers 76.723ms
[2020-12-25T04:01:51.178-0400][gc,phases,start] GC(386363) Phase 4: Compact heap
[2020-12-25T04:01:51.199-0400][gc,phases      ] GC(386363) Phase 4: Compact heap 20.968ms
[2020-12-25T04:01:51.236-0400][gc,heap        ] GC(386363) Eden regions: 7->0(11)
[2020-12-25T04:01:51.236-0400][gc,heap        ] GC(386363) Survivor regions: 1->0(2)
[2020-12-25T04:01:51.236-0400][gc,heap        ] GC(386363) Old regions: 46->46
[2020-12-25T04:01:51.236-0400][gc,heap        ] GC(386363) Humongous regions: 4->4
[2020-12-25T04:01:51.236-0400][gc,metaspace   ] GC(386363) Metaspace: 61021K->61021K(1107968K)
[2020-12-25T04:01:51.236-0400][gc,heap        ] GC(386363) Heap after GC invocations=386339 (full 11307): garbage-first heap   total 71680K, used 48572K [0x0000000083000000, 0x0000000100000000)
[2020-12-25T04:01:51.236-0400][gc,heap        ] GC(386363)   region size 1024K, 0 young (0K), 0 survivors (0K)
[2020-12-25T04:01:51.236-0400][gc,heap        ] GC(386363)  Metaspace       used 61021K, capacity 63721K, committed 64768K, reserved 1107968K
[2020-12-25T04:01:51.236-0400][gc,heap        ] GC(386363)   class space    used 5712K, capacity 6559K, committed 6912K, reserved 1048576K
[2020-12-25T04:01:51.236-0400][gc             ] GC(386363) Pause Full (System.gc()) 53M->47M(70M) 312.118ms
[2020-12-25T04:01:51.236-0400][gc,cpu         ] GC(386363) User=0.84s Sys=0.00s Real=0.32s
[2020-12-25T04:02:26.026-0400][gc,heap        ] GC(386364) Heap before GC invocations=386339 (full 11307): garbage-first heap   total 71680K, used 58812K [0x0000000083000000, 0x0000000100000000)
[2020-12-25T04:02:26.026-0400][gc,heap        ] GC(386364)   region size 1024K, 11 young (11264K), 0 survivors (0K)
[2020-12-25T04:02:26.026-0400][gc,heap        ] GC(386364)  Metaspace       used 61021K, capacity 63721K, committed 64768K, reserved 1107968K
[2020-12-25T04:02:26.026-0400][gc,heap        ] GC(386364)   class space    used 5712K, capacity 6559K, committed 6912K, reserved 1048576K
[2020-12-25T04:02:26.026-0400][gc,start       ] GC(386364) Pause Young (Normal) (G1 Evacuation Pause)
[2020-12-25T04:02:26.026-0400][gc,task        ] GC(386364) Using 4 workers of 4 for evacuation
[2020-12-25T04:02:26.031-0400][gc,phases      ] GC(386364)   Pre Evacuate Collection Set: 0.0ms
[2020-12-25T04:02:26.032-0400][gc,phases      ] GC(386364)   Evacuate Collection Set: 2.9ms
[2020-12-25T04:02:26.032-0400][gc,phases      ] GC(386364)   Post Evacuate Collection Set: 1.9ms
[2020-12-25T04:02:26.032-0400][gc,phases      ] GC(386364)   Other: 0.8ms
[2020-12-25T04:02:26.032-0400][gc,heap        ] GC(386364) Eden regions: 11->0(10)
[2020-12-25T04:02:26.032-0400][gc,heap        ] GC(386364) Survivor regions: 0->1(2)
[2020-12-25T04:02:26.032-0400][gc,heap        ] GC(386364) Old regions: 46->46
[2020-12-25T04:02:26.032-0400][gc,heap        ] GC(386364) Humongous regions: 4->4
[2020-12-25T04:02:26.032-0400][gc,metaspace   ] GC(386364) Metaspace: 61021K->61021K(1107968K)
[2020-12-25T04:02:26.032-0400][gc,heap        ] GC(386364) Heap after GC invocations=386340 (full 11307): garbage-first heap   total 71680K, used 48870K [0x0000000083000000, 0x0000000100000000)
[2020-12-25T04:02:26.032-0400][gc,heap        ] GC(386364)   region size 1024K, 1 young (1024K), 1 survivors (1024K)
[2020-12-25T04:02:26.032-0400][gc,heap        ] GC(386364)  Metaspace       used 61021K, capacity 63721K, committed 64768K, reserved 1107968K
[2020-12-25T04:02:26.032-0400][gc,heap        ] GC(386364)   class space    used 5712K, capacity 6559K, committed 6912K, reserved 1048576K
[2020-12-25T04:02:26.032-0400][gc             ] GC(386364) Pause Young (Normal) (G1 Evacuation Pause) 58M->47M(70M) 6.073ms
[2020-12-25T04:02:26.032-0400][gc,cpu         ] GC(386364) User=0.01s Sys=0.00s Real=0.00s
[2020-12-25T04:02:58.047-0400][gc,heap        ] GC(386365) Heap before GC invocations=386340 (full 11307): garbage-first heap   total 71680K, used 58086K [0x0000000083000000, 0x0000000100000000)
[2020-12-25T04:02:58.048-0400][gc,heap        ] GC(386365)   region size 1024K, 11 young (11264K), 1 survivors (1024K)
[2020-12-25T04:02:58.048-0400][gc,heap        ] GC(386365)  Metaspace       used 61021K, capacity 63721K, committed 64768K, reserved 1107968K
[2020-12-25T04:02:58.048-0400][gc,heap        ] GC(386365)   class space    used 5712K, capacity 6559K, committed 6912K, reserved 1048576K
[2020-12-25T04:02:58.048-0400][gc,start       ] GC(386365) Pause Young (Normal) (G1 Evacuation Pause)
[2020-12-25T04:02:58.048-0400][gc,task        ] GC(386365) Using 4 workers of 4 for evacuation
[2020-12-25T04:02:58.053-0400][gc,phases      ] GC(386365)   Pre Evacuate Collection Set: 0.0ms
[2020-12-25T04:02:58.053-0400][gc,phases      ] GC(386365)   Evacuate Collection Set: 3.1ms
[2020-12-25T04:02:58.053-0400][gc,phases      ] GC(386365)   Post Evacuate Collection Set: 1.8ms
[2020-12-25T04:02:58.053-0400][gc,phases      ] GC(386365)   Other: 0.9ms
[2020-12-25T04:02:58.054-0400][gc,heap        ] GC(386365) Eden regions: 10->0(10)
[2020-12-25T04:02:58.054-0400][gc,heap        ] GC(386365) Survivor regions: 1->1(2)
[2020-12-25T04:02:58.054-0400][gc,heap        ] GC(386365) Old regions: 46->46
[2020-12-25T04:02:58.054-0400][gc,heap        ] GC(386365) Humongous regions: 4->4
[2020-12-25T04:02:58.054-0400][gc,metaspace   ] GC(386365) Metaspace: 61021K->61021K(1107968K)
[2020-12-25T04:02:58.054-0400][gc,heap        ] GC(386365) Heap after GC invocations=386341 (full 11307): garbage-first heap   total 71680K, used 48835K [0x0000000083000000, 0x0000000100000000)
[2020-12-25T04:02:58.054-0400][gc,heap        ] GC(386365)   region size 1024K, 1 young (1024K), 1 survivors (1024K)
[2020-12-25T04:02:58.054-0400][gc,heap        ] GC(386365)  Metaspace       used 61021K, capacity 63721K, committed 64768K, reserved 1107968K
[2020-12-25T04:02:58.054-0400][gc,heap        ] GC(386365)   class space    used 5712K, capacity 6559K, committed 6912K, reserved 1048576K
[2020-12-25T04:02:58.054-0400][gc             ] GC(386365) Pause Young (Normal) (G1 Evacuation Pause) 57M->47M(70M) 6.133ms
[2020-12-25T04:02:58.054-0400][gc,cpu         ] GC(386365) User=0.02s Sys=0.00s Real=0.00s
[2020-12-25T04:03:17.754-0400][gc,heap        ] GC(386366) Heap before GC invocations=386341 (full 11307): garbage-first heap   total 71680K, used 59075K [0x0000000083000000, 0x0000000100000000)
[2020-12-25T04:03:17.754-0400][gc,heap        ] GC(386366)   region size 1024K, 11 young (11264K), 1 survivors (1024K)
[2020-12-25T04:03:17.754-0400][gc,heap        ] GC(386366)  Metaspace       used 61021K, capacity 63721K, committed 64768K, reserved 1107968K
[2020-12-25T04:03:17.754-0400][gc,heap        ] GC(386366)   class space    used 5712K, capacity 6559K, committed 6912K, reserved 1048576K
[2020-12-25T04:03:17.754-0400][gc,start       ] GC(386366) Pause Young (Normal) (G1 Evacuation Pause)
[2020-12-25T04:03:17.754-0400][gc,task        ] GC(386366) Using 4 workers of 4 for evacuation
[2020-12-25T04:03:17.760-0400][gc,phases      ] GC(386366)   Pre Evacuate Collection Set: 0.0ms
[2020-12-25T04:03:17.760-0400][gc,phases      ] GC(386366)   Evacuate Collection Set: 3.2ms
[2020-12-25T04:03:17.760-0400][gc,phases      ] GC(386366)   Post Evacuate Collection Set: 1.6ms
[2020-12-25T04:03:17.760-0400][gc,phases      ] GC(386366)   Other: 0.9ms
[2020-12-25T04:03:17.760-0400][gc,heap        ] GC(386366) Eden regions: 10->0(10)
[2020-12-25T04:03:17.760-0400][gc,heap        ] GC(386366) Survivor regions: 1->1(2)
[2020-12-25T04:03:17.760-0400][gc,heap        ] GC(386366) Old regions: 46->46
[2020-12-25T04:03:17.760-0400][gc,heap        ] GC(386366) Humongous regions: 4->4
[2020-12-25T04:03:17.760-0400][gc,metaspace   ] GC(386366) Metaspace: 61021K->61021K(1107968K)
[2020-12-25T04:03:17.760-0400][gc,heap        ] GC(386366) Heap after GC invocations=386342 (full 11307): garbage-first heap   total 71680K, used 48934K [0x0000000083000000, 0x0000000100000000)
[2020-12-25T04:03:17.760-0400][gc,heap        ] GC(386366)   region size 1024K, 1 young (1024K), 1 survivors (1024K)
[2020-12-25T04:03:17.760-0400][gc,heap        ] GC(386366)  Metaspace       used 61021K, capacity 63721K, committed 64768K, reserved 1107968K
[2020-12-25T04:03:17.760-0400][gc,heap        ] GC(386366)   class space    used 5712K, capacity 6559K, committed 6912K, reserved 1048576K
[2020-12-25T04:03:17.760-0400][gc             ] GC(386366) Pause Young (Normal) (G1 Evacuation Pause) 57M->47M(70M) 6.200ms
[2020-12-25T04:03:17.761-0400][gc,cpu         ] GC(386366) User=0.01s Sys=0.01s Real=0.01s
[2020-12-25T04:03:50.947-0400][gc,heap        ] GC(386367) Heap before GC invocations=386342 (full 11307): garbage-first heap   total 71680K, used 59174K [0x0000000083000000, 0x0000000100000000)
[2020-12-25T04:03:50.947-0400][gc,heap        ] GC(386367)   region size 1024K, 11 young (11264K), 1 survivors (1024K)
[2020-12-25T04:03:50.947-0400][gc,heap        ] GC(386367)  Metaspace       used 61021K, capacity 63721K, committed 64768K, reserved 1107968K
[2020-12-25T04:03:50.947-0400][gc,heap        ] GC(386367)   class space    used 5712K, capacity 6559K, committed 6912K, reserved 1048576K
[2020-12-25T04:03:50.948-0400][gc,start       ] GC(386367) Pause Young (Normal) (G1 Evacuation Pause)
[2020-12-25T04:03:50.948-0400][gc,task        ] GC(386367) Using 4 workers of 4 for evacuation
[2020-12-25T04:03:50.953-0400][gc,phases      ] GC(386367)   Pre Evacuate Collection Set: 0.0ms
[2020-12-25T04:03:50.954-0400][gc,phases      ] GC(386367)   Evacuate Collection Set: 3.6ms
[2020-12-25T04:03:50.954-0400][gc,phases      ] GC(386367)   Post Evacuate Collection Set: 1.8ms
[2020-12-25T04:03:50.954-0400][gc,phases      ] GC(386367)   Other: 0.8ms
[2020-12-25T04:03:50.954-0400][gc,heap        ] GC(386367) Eden regions: 10->0(10)
[2020-12-25T04:03:50.954-0400][gc,heap        ] GC(386367) Survivor regions: 1->1(2)
[2020-12-25T04:03:50.954-0400][gc,heap        ] GC(386367) Old regions: 46->46
[2020-12-25T04:03:50.954-0400][gc,heap        ] GC(386367) Humongous regions: 4->4
[2020-12-25T04:03:50.954-0400][gc,metaspace   ] GC(386367) Metaspace: 61021K->61021K(1107968K)
[2020-12-25T04:03:50.954-0400][gc,heap        ] GC(386367) Heap after GC invocations=386343 (full 11307): garbage-first heap   total 71680K, used 49029K [0x0000000083000000, 0x0000000100000000)
[2020-12-25T04:03:50.954-0400][gc,heap        ] GC(386367)   region size 1024K, 1 young (1024K), 1 survivors (1024K)
[2020-12-25T04:03:50.954-0400][gc,heap        ] GC(386367)  Metaspace       used 61021K, capacity 63721K, committed 64768K, reserved 1107968K
[2020-12-25T04:03:50.954-0400][gc,heap        ] GC(386367)   class space    used 5712K, capacity 6559K, committed 6912K, reserved 1048576K
[2020-12-25T04:03:50.954-0400][gc             ] GC(386367) Pause Young (Normal) (G1 Evacuation Pause) 57M->47M(70M) 6.666ms
[2020-12-25T04:03:50.954-0400][gc,cpu         ] GC(386367) User=0.02s Sys=0.00s Real=0.00s
[2020-12-25T04:04:16.532-0400][gc,heap        ] GC(386368) Heap before GC invocations=386343 (full 11307): garbage-first heap   total 71680K, used 58245K [0x0000000083000000, 0x0000000100000000)
[2020-12-25T04:04:16.532-0400][gc,heap        ] GC(386368)   region size 1024K, 11 young (11264K), 1 survivors (1024K)
[2020-12-25T04:04:16.532-0400][gc,heap        ] GC(386368)  Metaspace       used 61021K, capacity 63721K, committed 64768K, reserved 1107968K
[2020-12-25T04:04:16.532-0400][gc,heap        ] GC(386368)   class space    used 5712K, capacity 6559K, committed 6912K, reserved 1048576K
[2020-12-25T04:04:16.532-0400][gc,start       ] GC(386368) Pause Young (Normal) (G1 Evacuation Pause)
[2020-12-25T04:04:16.532-0400][gc,task        ] GC(386368) Using 4 workers of 4 for evacuation
[2020-12-25T04:04:16.539-0400][gc,phases      ] GC(386368)   Pre Evacuate Collection Set: 0.0ms
[2020-12-25T04:04:16.539-0400][gc,phases      ] GC(386368)   Evacuate Collection Set: 3.9ms
[2020-12-25T04:04:16.539-0400][gc,phases      ] GC(386368)   Post Evacuate Collection Set: 2.1ms
[2020-12-25T04:04:16.539-0400][gc,phases      ] GC(386368)   Other: 1.0ms
[2020-12-25T04:04:16.539-0400][gc,heap        ] GC(386368) Eden regions: 10->0(10)
[2020-12-25T04:04:16.539-0400][gc,heap        ] GC(386368) Survivor regions: 1->1(2)
[2020-12-25T04:04:16.539-0400][gc,heap        ] GC(386368) Old regions: 46->46
[2020-12-25T04:04:16.539-0400][gc,heap        ] GC(386368) Humongous regions: 4->4
[2020-12-25T04:04:16.539-0400][gc,metaspace   ] GC(386368) Metaspace: 61021K->61021K(1107968K)
[2020-12-25T04:04:16.539-0400][gc,heap        ] GC(386368) Heap after GC invocations=386344 (full 11307): garbage-first heap   total 71680K, used 49079K [0x0000000083000000, 0x0000000100000000)
[2020-12-25T04:04:16.539-0400][gc,heap        ] GC(386368)   region size 1024K, 1 young (1024K), 1 survivors (1024K)
[2020-12-25T04:04:16.539-0400][gc,heap        ] GC(386368)  Metaspace       used 61021K, capacity 63721K, committed 64768K, reserved 1107968K
[2020-12-25T04:04:16.539-0400][gc,heap        ] GC(386368)   class space    used 5712K, capacity 6559K, committed 6912K, reserved 1048576K
[2020-12-25T04:04:16.539-0400][gc             ] GC(386368) Pause Young (Normal) (G1 Evacuation Pause) 57M->47M(70M) 7.358ms
[2020-12-25T04:04:16.540-0400][gc,cpu         ] GC(386368) User=0.02s Sys=0.00s Real=0.01s
[2020-12-25T04:04:57.133-0400][gc,heap        ] GC(386369) Heap before GC invocations=386344 (full 11307): garbage-first heap   total 71680K, used 58295K [0x0000000083000000, 0x0000000100000000)
[2020-12-25T04:04:57.133-0400][gc,heap        ] GC(386369)   region size 1024K, 11 young (11264K), 1 survivors (1024K)
[2020-12-25T04:04:57.133-0400][gc,heap        ] GC(386369)  Metaspace       used 61021K, capacity 63721K, committed 64768K, reserved 1107968K
[2020-12-25T04:04:57.133-0400][gc,heap        ] GC(386369)   class space    used 5712K, capacity 6559K, committed 6912K, reserved 1048576K
[2020-12-25T04:04:57.133-0400][gc,start       ] GC(386369) Pause Young (Normal) (G1 Evacuation Pause)
[2020-12-25T04:04:57.133-0400][gc,task        ] GC(386369) Using 4 workers of 4 for evacuation
[2020-12-25T04:04:57.139-0400][gc,phases      ] GC(386369)   Pre Evacuate Collection Set: 0.0ms
[2020-12-25T04:04:57.139-0400][gc,phases      ] GC(386369)   Evacuate Collection Set: 3.6ms
[2020-12-25T04:04:57.139-0400][gc,phases      ] GC(386369)   Post Evacuate Collection Set: 1.4ms
[2020-12-25T04:04:57.139-0400][gc,phases      ] GC(386369)   Other: 0.9ms
[2020-12-25T04:04:57.139-0400][gc,heap        ] GC(386369) Eden regions: 10->0(10)
[2020-12-25T04:04:57.139-0400][gc,heap        ] GC(386369) Survivor regions: 1->1(2)
[2020-12-25T04:04:57.139-0400][gc,heap        ] GC(386369) Old regions: 46->46
[2020-12-25T04:04:57.139-0400][gc,heap        ] GC(386369) Humongous regions: 4->4
[2020-12-25T04:04:57.140-0400][gc,metaspace   ] GC(386369) Metaspace: 61021K->61021K(1107968K)
[2020-12-25T04:04:57.140-0400][gc,heap        ] GC(386369) Heap after GC invocations=386345 (full 11307): garbage-first heap   total 71680K, used 49090K [0x0000000083000000, 0x0000000100000000)
[2020-12-25T04:04:57.140-0400][gc,heap        ] GC(386369)   region size 1024K, 1 young (1024K), 1 survivors (1024K)
[2020-12-25T04:04:57.140-0400][gc,heap        ] GC(386369)  Metaspace       used 61021K, capacity 63721K, committed 64768K, reserved 1107968K
[2020-12-25T04:04:57.140-0400][gc,heap        ] GC(386369)   class space    used 5712K, capacity 6559K, committed 6912K, reserved 1048576K
[2020-12-25T04:04:57.140-0400][gc             ] GC(386369) Pause Young (Normal) (G1 Evacuation Pause) 57M->47M(70M) 6.365ms
[2020-12-25T04:04:57.140-0400][gc,cpu         ] GC(386369) User=0.01s Sys=0.01s Real=0.01s
[2020-12-25T04:05:22.044-0400][gc,heap        ] GC(386370) Heap before GC invocations=386345 (full 11307): garbage-first heap   total 71680K, used 58306K [0x0000000083000000, 0x0000000100000000)
[2020-12-25T04:05:22.044-0400][gc,heap        ] GC(386370)   region size 1024K, 11 young (11264K), 1 survivors (1024K)
[2020-12-25T04:05:22.044-0400][gc,heap        ] GC(386370)  Metaspace       used 61021K, capacity 63721K, committed 64768K, reserved 1107968K
[2020-12-25T04:05:22.044-0400][gc,heap        ] GC(386370)   class space    used 5712K, capacity 6559K, committed 6912K, reserved 1048576K
[2020-12-25T04:05:22.044-0400][gc,start       ] GC(386370) Pause Young (Normal) (G1 Evacuation Pause)
[2020-12-25T04:05:22.044-0400][gc,task        ] GC(386370) Using 4 workers of 4 for evacuation
[2020-12-25T04:05:22.050-0400][gc,phases      ] GC(386370)   Pre Evacuate Collection Set: 0.0ms
[2020-12-25T04:05:22.050-0400][gc,phases      ] GC(386370)   Evacuate Collection Set: 3.8ms
[2020-12-25T04:05:22.050-0400][gc,phases      ] GC(386370)   Post Evacuate Collection Set: 1.6ms
[2020-12-25T04:05:22.050-0400][gc,phases      ] GC(386370)   Other: 0.9ms
[2020-12-25T04:05:22.050-0400][gc,heap        ] GC(386370) Eden regions: 10->0(10)
[2020-12-25T04:05:22.050-0400][gc,heap        ] GC(386370) Survivor regions: 1->1(2)
[2020-12-25T04:05:22.050-0400][gc,heap        ] GC(386370) Old regions: 46->46
[2020-12-25T04:05:22.050-0400][gc,heap        ] GC(386370) Humongous regions: 4->4
[2020-12-25T04:05:22.050-0400][gc,metaspace   ] GC(386370) Metaspace: 61021K->61021K(1107968K)
[2020-12-25T04:05:22.050-0400][gc,heap        ] GC(386370) Heap after GC invocations=386346 (full 11307): garbage-first heap   total 71680K, used 49108K [0x0000000083000000, 0x0000000100000000)
[2020-12-25T04:05:22.051-0400][gc,heap        ] GC(386370)   region size 1024K, 1 young (1024K), 1 survivors (1024K)
[2020-12-25T04:05:22.051-0400][gc,heap        ] GC(386370)  Metaspace       used 61021K, capacity 63721K, committed 64768K, reserved 1107968K
[2020-12-25T04:05:22.051-0400][gc,heap        ] GC(386370)   class space    used 5712K, capacity 6559K, committed 6912K, reserved 1048576K
[2020-12-25T04:05:22.051-0400][gc             ] GC(386370) Pause Young (Normal) (G1 Evacuation Pause) 57M->47M(70M) 6.746ms
[2020-12-25T04:05:22.051-0400][gc,cpu         ] GC(386370) User=0.01s Sys=0.00s Real=0.01s
[2020-12-25T04:05:59.424-0400][gc,heap        ] GC(386371) Heap before GC invocations=386346 (full 11307): garbage-first heap   total 71680K, used 58324K [0x0000000083000000, 0x0000000100000000)
[2020-12-25T04:05:59.424-0400][gc,heap        ] GC(386371)   region size 1024K, 11 young (11264K), 1 survivors (1024K)
[2020-12-25T04:05:59.424-0400][gc,heap        ] GC(386371)  Metaspace       used 61021K, capacity 63721K, committed 64768K, reserved 1107968K
[2020-12-25T04:05:59.424-0400][gc,heap        ] GC(386371)   class space    used 5712K, capacity 6559K, committed 6912K, reserved 1048576K
[2020-12-25T04:05:59.424-0400][gc,start       ] GC(386371) Pause Young (Normal) (G1 Evacuation Pause)
[2020-12-25T04:05:59.425-0400][gc,task        ] GC(386371) Using 4 workers of 4 for evacuation
[2020-12-25T04:05:59.430-0400][gc,phases      ] GC(386371)   Pre Evacuate Collection Set: 0.0ms
[2020-12-25T04:05:59.430-0400][gc,phases      ] GC(386371)   Evacuate Collection Set: 3.7ms
[2020-12-25T04:05:59.430-0400][gc,phases      ] GC(386371)   Post Evacuate Collection Set: 1.5ms
[2020-12-25T04:05:59.431-0400][gc,phases      ] GC(386371)   Other: 0.9ms
[2020-12-25T04:05:59.431-0400][gc,heap        ] GC(386371) Eden regions: 10->0(10)
[2020-12-25T04:05:59.431-0400][gc,heap        ] GC(386371) Survivor regions: 1->1(2)
[2020-12-25T04:05:59.431-0400][gc,heap        ] GC(386371) Old regions: 46->46
[2020-12-25T04:05:59.431-0400][gc,heap        ] GC(386371) Humongous regions: 4->4
[2020-12-25T04:05:59.431-0400][gc,metaspace   ] GC(386371) Metaspace: 61021K->61021K(1107968K)
[2020-12-25T04:05:59.431-0400][gc,heap        ] GC(386371) Heap after GC invocations=386347 (full 11307): garbage-first heap   total 71680K, used 49103K [0x0000000083000000, 0x0000000100000000)
[2020-12-25T04:05:59.431-0400][gc,heap        ] GC(386371)   region size 1024K, 1 young (1024K), 1 survivors (1024K)
[2020-12-25T04:05:59.431-0400][gc,heap        ] GC(386371)  Metaspace       used 61021K, capacity 63721K, committed 64768K, reserved 1107968K
[2020-12-25T04:05:59.431-0400][gc,heap        ] GC(386371)   class space    used 5712K, capacity 6559K, committed 6912K, reserved 1048576K
[2020-12-25T04:05:59.431-0400][gc             ] GC(386371) Pause Young (Normal) (G1 Evacuation Pause) 57M->47M(70M) 6.549ms
[2020-12-25T04:05:59.431-0400][gc,cpu         ] GC(386371) User=0.01s Sys=0.01s Real=0.01s
[2020-12-25T04:06:30.469-0400][gc,heap        ] GC(386372) Heap before GC invocations=386347 (full 11307): garbage-first heap   total 71680K, used 58319K [0x0000000083000000, 0x0000000100000000)
[2020-12-25T04:06:30.469-0400][gc,heap        ] GC(386372)   region size 1024K, 11 young (11264K), 1 survivors (1024K)
[2020-12-25T04:06:30.469-0400][gc,heap        ] GC(386372)  Metaspace       used 61021K, capacity 63721K, committed 64768K, reserved 1107968K
[2020-12-25T04:06:30.469-0400][gc,heap        ] GC(386372)   class space    used 5712K, capacity 6559K, committed 6912K, reserved 1048576K
[2020-12-25T04:06:30.469-0400][gc,start       ] GC(386372) Pause Young (Normal) (G1 Evacuation Pause)
[2020-12-25T04:06:30.470-0400][gc,task        ] GC(386372) Using 4 workers of 4 for evacuation
[2020-12-25T04:06:30.475-0400][gc,phases      ] GC(386372)   Pre Evacuate Collection Set: 0.0ms
[2020-12-25T04:06:30.475-0400][gc,phases      ] GC(386372)   Evacuate Collection Set: 3.4ms
[2020-12-25T04:06:30.475-0400][gc,phases      ] GC(386372)   Post Evacuate Collection Set: 1.6ms
[2020-12-25T04:06:30.475-0400][gc,phases      ] GC(386372)   Other: 0.9ms
[2020-12-25T04:06:30.475-0400][gc,heap        ] GC(386372) Eden regions: 10->0(10)
[2020-12-25T04:06:30.475-0400][gc,heap        ] GC(386372) Survivor regions: 1->1(2)
[2020-12-25T04:06:30.475-0400][gc,heap        ] GC(386372) Old regions: 46->46
[2020-12-25T04:06:30.475-0400][gc,heap        ] GC(386372) Humongous regions: 4->4
[2020-12-25T04:06:30.475-0400][gc,metaspace   ] GC(386372) Metaspace: 61021K->61021K(1107968K)
[2020-12-25T04:06:30.475-0400][gc,heap        ] GC(386372) Heap after GC invocations=386348 (full 11307): garbage-first heap   total 71680K, used 49046K [0x0000000083000000, 0x0000000100000000)
[2020-12-25T04:06:30.476-0400][gc,heap        ] GC(386372)   region size 1024K, 1 young (1024K), 1 survivors (1024K)
[2020-12-25T04:06:30.476-0400][gc,heap        ] GC(386372)  Metaspace       used 61021K, capacity 63721K, committed 64768K, reserved 1107968K
[2020-12-25T04:06:30.476-0400][gc,heap        ] GC(386372)   class space    used 5712K, capacity 6559K, committed 6912K, reserved 1048576K
[2020-12-25T04:06:30.476-0400][gc             ] GC(386372) Pause Young (Normal) (G1 Evacuation Pause) 57M->47M(70M) 6.263ms
[2020-12-25T04:06:30.476-0400][gc,cpu         ] GC(386372) User=0.01s Sys=0.00s Real=0.01s
[2020-12-25T04:06:50.923-0400][gc,task        ] GC(386373) Using 3 workers of 4 for full compaction
[2020-12-25T04:06:50.924-0400][gc,start       ] GC(386373) Pause Full (System.gc())
[2020-12-25T04:06:50.924-0400][gc,heap        ] GC(386373) Heap before GC invocations=386348 (full 11307): garbage-first heap   total 71680K, used 55190K [0x0000000083000000, 0x0000000100000000)
[2020-12-25T04:06:50.924-0400][gc,heap        ] GC(386373)   region size 1024K, 9 young (9216K), 1 survivors (1024K)
[2020-12-25T04:06:50.924-0400][gc,heap        ] GC(386373)  Metaspace       used 61021K, capacity 63721K, committed 64768K, reserved 1107968K
[2020-12-25T04:06:50.924-0400][gc,heap        ] GC(386373)   class space    used 5712K, capacity 6559K, committed 6912K, reserved 1048576K
[2020-12-25T04:06:50.926-0400][gc,phases,start] GC(386373) Phase 1: Mark live objects
[2020-12-25T04:06:51.070-0400][gc,stringtable ] GC(386373) Cleaned string and symbol table, strings: 32207 processed, 0 removed, symbols: 131451 processed, 0 removed
[2020-12-25T04:06:51.070-0400][gc,phases      ] GC(386373) Phase 1: Mark live objects 143.981ms
[2020-12-25T04:06:51.070-0400][gc,phases,start] GC(386373) Phase 2: Prepare for compaction
[2020-12-25T04:06:51.100-0400][gc,phases      ] GC(386373) Phase 2: Prepare for compaction 29.777ms
[2020-12-25T04:06:51.100-0400][gc,phases,start] GC(386373) Phase 3: Adjust pointers
[2020-12-25T04:06:51.180-0400][gc,phases      ] GC(386373) Phase 3: Adjust pointers 80.243ms
[2020-12-25T04:06:51.180-0400][gc,phases,start] GC(386373) Phase 4: Compact heap
[2020-12-25T04:06:51.201-0400][gc,phases      ] GC(386373) Phase 4: Compact heap 21.067ms
[2020-12-25T04:06:51.237-0400][gc,heap        ] GC(386373) Eden regions: 8->0(11)
[2020-12-25T04:06:51.237-0400][gc,heap        ] GC(386373) Survivor regions: 1->0(2)
[2020-12-25T04:06:51.237-0400][gc,heap        ] GC(386373) Old regions: 46->46
[2020-12-25T04:06:51.237-0400][gc,heap        ] GC(386373) Humongous regions: 4->4
[2020-12-25T04:06:51.237-0400][gc,metaspace   ] GC(386373) Metaspace: 61021K->61021K(1107968K)
[2020-12-25T04:06:51.237-0400][gc,heap        ] GC(386373) Heap after GC invocations=386349 (full 11308): garbage-first heap   total 71680K, used 48380K [0x0000000083000000, 0x0000000100000000)
[2020-12-25T04:06:51.237-0400][gc,heap        ] GC(386373)   region size 1024K, 0 young (0K), 0 survivors (0K)
[2020-12-25T04:06:51.237-0400][gc,heap        ] GC(386373)  Metaspace       used 61021K, capacity 63721K, committed 64768K, reserved 1107968K
[2020-12-25T04:06:51.237-0400][gc,heap        ] GC(386373)   class space    used 5712K, capacity 6559K, committed 6912K, reserved 1048576K
[2020-12-25T04:06:51.237-0400][gc             ] GC(386373) Pause Full (System.gc()) 55M->47M(70M) 313.955ms
[2020-12-25T04:06:51.238-0400][gc,cpu         ] GC(386373) User=0.72s Sys=0.11s Real=0.32s
[2020-12-25T04:07:18.795-0400][gc,heap        ] GC(386374) Heap before GC invocations=386349 (full 11308): garbage-first heap   total 71680K, used 58620K [0x0000000083000000, 0x0000000100000000)
[2020-12-25T04:07:18.795-0400][gc,heap        ] GC(386374)   region size 1024K, 11 young (11264K), 0 survivors (0K)
[2020-12-25T04:07:18.795-0400][gc,heap        ] GC(386374)  Metaspace       used 61021K, capacity 63721K, committed 64768K, reserved 1107968K
[2020-12-25T04:07:18.795-0400][gc,heap        ] GC(386374)   class space    used 5712K, capacity 6559K, committed 6912K, reserved 1048576K
[2020-12-25T04:07:18.795-0400][gc,start       ] GC(386374) Pause Young (Normal) (G1 Evacuation Pause)
[2020-12-25T04:07:18.795-0400][gc,task        ] GC(386374) Using 4 workers of 4 for evacuation
[2020-12-25T04:07:18.801-0400][gc,phases      ] GC(386374)   Pre Evacuate Collection Set: 0.0ms
[2020-12-25T04:07:18.801-0400][gc,phases      ] GC(386374)   Evacuate Collection Set: 2.9ms
[2020-12-25T04:07:18.801-0400][gc,phases      ] GC(386374)   Post Evacuate Collection Set: 2.1ms
[2020-12-25T04:07:18.801-0400][gc,phases      ] GC(386374)   Other: 0.9ms
[2020-12-25T04:07:18.801-0400][gc,heap        ] GC(386374) Eden regions: 11->0(10)
[2020-12-25T04:07:18.801-0400][gc,heap        ] GC(386374) Survivor regions: 0->1(2)
[2020-12-25T04:07:18.801-0400][gc,heap        ] GC(386374) Old regions: 46->46
[2020-12-25T04:07:18.801-0400][gc,heap        ] GC(386374) Humongous regions: 4->4
[2020-12-25T04:07:18.801-0400][gc,metaspace   ] GC(386374) Metaspace: 61021K->61021K(1107968K)
[2020-12-25T04:07:18.801-0400][gc,heap        ] GC(386374) Heap after GC invocations=386350 (full 11308): garbage-first heap   total 71680K, used 48681K [0x0000000083000000, 0x0000000100000000)
[2020-12-25T04:07:18.801-0400][gc,heap        ] GC(386374)   region size 1024K, 1 young (1024K), 1 survivors (1024K)
[2020-12-25T04:07:18.801-0400][gc,heap        ] GC(386374)  Metaspace       used 61021K, capacity 63721K, committed 64768K, reserved 1107968K
[2020-12-25T04:07:18.801-0400][gc,heap        ] GC(386374)   class space    used 5712K, capacity 6559K, committed 6912K, reserved 1048576K
[2020-12-25T04:07:18.801-0400][gc             ] GC(386374) Pause Young (Normal) (G1 Evacuation Pause) 58M->47M(70M) 6.342ms
[2020-12-25T04:07:18.801-0400][gc,cpu         ] GC(386374) User=0.01s Sys=0.01s Real=0.01s
[2020-12-25T04:07:51.543-0400][gc,heap        ] GC(386375) Heap before GC invocations=386350 (full 11308): garbage-first heap   total 71680K, used 58921K [0x0000000083000000, 0x0000000100000000)
[2020-12-25T04:07:51.543-0400][gc,heap        ] GC(386375)   region size 1024K, 11 young (11264K), 1 survivors (1024K)
[2020-12-25T04:07:51.543-0400][gc,heap        ] GC(386375)  Metaspace       used 61021K, capacity 63721K, committed 64768K, reserved 1107968K
[2020-12-25T04:07:51.543-0400][gc,heap        ] GC(386375)   class space    used 5712K, capacity 6559K, committed 6912K, reserved 1048576K
[2020-12-25T04:07:51.543-0400][gc,start       ] GC(386375) Pause Young (Normal) (G1 Evacuation Pause)
[2020-12-25T04:07:51.543-0400][gc,task        ] GC(386375) Using 4 workers of 4 for evacuation
[2020-12-25T04:07:51.549-0400][gc,phases      ] GC(386375)   Pre Evacuate Collection Set: 0.0ms
[2020-12-25T04:07:51.549-0400][gc,phases      ] GC(386375)   Evacuate Collection Set: 3.5ms
[2020-12-25T04:07:51.549-0400][gc,phases      ] GC(386375)   Post Evacuate Collection Set: 1.5ms
[2020-12-25T04:07:51.549-0400][gc,phases      ] GC(386375)   Other: 1.0ms
[2020-12-25T04:07:51.549-0400][gc,heap        ] GC(386375) Eden regions: 10->0(10)
[2020-12-25T04:07:51.549-0400][gc,heap        ] GC(386375) Survivor regions: 1->1(2)
[2020-12-25T04:07:51.549-0400][gc,heap        ] GC(386375) Old regions: 46->46
[2020-12-25T04:07:51.549-0400][gc,heap        ] GC(386375) Humongous regions: 4->4
[2020-12-25T04:07:51.549-0400][gc,metaspace   ] GC(386375) Metaspace: 61021K->61021K(1107968K)
[2020-12-25T04:07:51.549-0400][gc,heap        ] GC(386375) Heap after GC invocations=386351 (full 11308): garbage-first heap   total 71680K, used 48792K [0x0000000083000000, 0x0000000100000000)
[2020-12-25T04:07:51.549-0400][gc,heap        ] GC(386375)   region size 1024K, 1 young (1024K), 1 survivors (1024K)
[2020-12-25T04:07:51.549-0400][gc,heap        ] GC(386375)  Metaspace       used 61021K, capacity 63721K, committed 64768K, reserved 1107968K
[2020-12-25T04:07:51.549-0400][gc,heap        ] GC(386375)   class space    used 5712K, capacity 6559K, committed 6912K, reserved 1048576K
[2020-12-25T04:07:51.549-0400][gc             ] GC(386375) Pause Young (Normal) (G1 Evacuation Pause) 57M->47M(70M) 6.373ms
[2020-12-25T04:07:51.550-0400][gc,cpu         ] GC(386375) User=0.02s Sys=0.00s Real=0.01s
[2020-12-25T04:08:19.385-0400][gc,heap        ] GC(386376) Heap before GC invocations=386351 (full 11308): garbage-first heap   total 71680K, used 58008K [0x0000000083000000, 0x0000000100000000)
[2020-12-25T04:08:19.385-0400][gc,heap        ] GC(386376)   region size 1024K, 11 young (11264K), 1 survivors (1024K)
[2020-12-25T04:08:19.385-0400][gc,heap        ] GC(386376)  Metaspace       used 61021K, capacity 63721K, committed 64768K, reserved 1107968K
[2020-12-25T04:08:19.385-0400][gc,heap        ] GC(386376)   class space    used 5712K, capacity 6559K, committed 6912K, reserved 1048576K
[2020-12-25T04:08:19.385-0400][gc,start       ] GC(386376) Pause Young (Normal) (G1 Evacuation Pause)
[2020-12-25T04:08:19.385-0400][gc,task        ] GC(386376) Using 4 workers of 4 for evacuation
[2020-12-25T04:08:19.391-0400][gc,phases      ] GC(386376)   Pre Evacuate Collection Set: 0.0ms
[2020-12-25T04:08:19.391-0400][gc,phases      ] GC(386376)   Evacuate Collection Set: 3.5ms
[2020-12-25T04:08:19.391-0400][gc,phases      ] GC(386376)   Post Evacuate Collection Set: 1.7ms
[2020-12-25T04:08:19.391-0400][gc,phases      ] GC(386376)   Other: 0.8ms
[2020-12-25T04:08:19.391-0400][gc,heap        ] GC(386376) Eden regions: 10->0(10)
[2020-12-25T04:08:19.391-0400][gc,heap        ] GC(386376) Survivor regions: 1->1(2)
[2020-12-25T04:08:19.391-0400][gc,heap        ] GC(386376) Old regions: 46->46
[2020-12-25T04:08:19.391-0400][gc,heap        ] GC(386376) Humongous regions: 4->4
[2020-12-25T04:08:19.391-0400][gc,metaspace   ] GC(386376) Metaspace: 61021K->61021K(1107968K)
[2020-12-25T04:08:19.391-0400][gc,heap        ] GC(386376) Heap after GC invocations=386352 (full 11308): garbage-first heap   total 71680K, used 48849K [0x0000000083000000, 0x0000000100000000)
[2020-12-25T04:08:19.391-0400][gc,heap        ] GC(386376)   region size 1024K, 1 young (1024K), 1 survivors (1024K)
[2020-12-25T04:08:19.391-0400][gc,heap        ] GC(386376)  Metaspace       used 61021K, capacity 63721K, committed 64768K, reserved 1107968K
[2020-12-25T04:08:19.392-0400][gc,heap        ] GC(386376)   class space    used 5712K, capacity 6559K, committed 6912K, reserved 1048576K
[2020-12-25T04:08:19.392-0400][gc             ] GC(386376) Pause Young (Normal) (G1 Evacuation Pause) 57M->47M(70M) 6.582ms
[2020-12-25T04:08:19.392-0400][gc,cpu         ] GC(386376) User=0.02s Sys=0.00s Real=0.01s
[2020-12-25T04:08:59.425-0400][gc,heap        ] GC(386377) Heap before GC invocations=386352 (full 11308): garbage-first heap   total 71680K, used 59089K [0x0000000083000000, 0x0000000100000000)
[2020-12-25T04:08:59.426-0400][gc,heap        ] GC(386377)   region size 1024K, 11 young (11264K), 1 survivors (1024K)
[2020-12-25T04:08:59.426-0400][gc,heap        ] GC(386377)  Metaspace       used 61021K, capacity 63721K, committed 64768K, reserved 1107968K
[2020-12-25T04:08:59.426-0400][gc,heap        ] GC(386377)   class space    used 5712K, capacity 6559K, committed 6912K, reserved 1048576K
[2020-12-25T04:08:59.426-0400][gc,start       ] GC(386377) Pause Young (Normal) (G1 Evacuation Pause)
[2020-12-25T04:08:59.426-0400][gc,task        ] GC(386377) Using 4 workers of 4 for evacuation
[2020-12-25T04:08:59.431-0400][gc,phases      ] GC(386377)   Pre Evacuate Collection Set: 0.0ms
[2020-12-25T04:08:59.431-0400][gc,phases      ] GC(386377)   Evacuate Collection Set: 3.3ms
[2020-12-25T04:08:59.431-0400][gc,phases      ] GC(386377)   Post Evacuate Collection Set: 1.5ms
[2020-12-25T04:08:59.431-0400][gc,phases      ] GC(386377)   Other: 0.9ms
[2020-12-25T04:08:59.431-0400][gc,heap        ] GC(386377) Eden regions: 10->0(10)
[2020-12-25T04:08:59.431-0400][gc,heap        ] GC(386377) Survivor regions: 1->1(2)
[2020-12-25T04:08:59.432-0400][gc,heap        ] GC(386377) Old regions: 46->46
[2020-12-25T04:08:59.432-0400][gc,heap        ] GC(386377) Humongous regions: 4->4
[2020-12-25T04:08:59.432-0400][gc,metaspace   ] GC(386377) Metaspace: 61021K->61021K(1107968K)
[2020-12-25T04:08:59.432-0400][gc,heap        ] GC(386377) Heap after GC invocations=386353 (full 11308): garbage-first heap   total 71680K, used 48795K [0x0000000083000000, 0x0000000100000000)
[2020-12-25T04:08:59.432-0400][gc,heap        ] GC(386377)   region size 1024K, 1 young (1024K), 1 survivors (1024K)
[2020-12-25T04:08:59.432-0400][gc,heap        ] GC(386377)  Metaspace       used 61021K, capacity 63721K, committed 64768K, reserved 1107968K
[2020-12-25T04:08:59.432-0400][gc,heap        ] GC(386377)   class space    used 5712K, capacity 6559K, committed 6912K, reserved 1048576K
[2020-12-25T04:08:59.432-0400][gc             ] GC(386377) Pause Young (Normal) (G1 Evacuation Pause) 57M->47M(70M) 6.091ms
[2020-12-25T04:08:59.432-0400][gc,cpu         ] GC(386377) User=0.01s Sys=0.01s Real=0.00s
[2020-12-25T04:09:32.725-0400][gc,heap        ] GC(386378) Heap before GC invocations=386353 (full 11308): garbage-first heap   total 71680K, used 59035K [0x0000000083000000, 0x0000000100000000)
[2020-12-25T04:09:32.726-0400][gc,heap        ] GC(386378)   region size 1024K, 11 young (11264K), 1 survivors (1024K)
[2020-12-25T04:09:32.726-0400][gc,heap        ] GC(386378)  Metaspace       used 61021K, capacity 63721K, committed 64768K, reserved 1107968K
[2020-12-25T04:09:32.726-0400][gc,heap        ] GC(386378)   class space    used 5712K, capacity 6559K, committed 6912K, reserved 1048576K
[2020-12-25T04:09:32.726-0400][gc,start       ] GC(386378) Pause Young (Normal) (G1 Evacuation Pause)
[2020-12-25T04:09:32.726-0400][gc,task        ] GC(386378) Using 4 workers of 4 for evacuation
[2020-12-25T04:09:32.731-0400][gc,phases      ] GC(386378)   Pre Evacuate Collection Set: 0.0ms
[2020-12-25T04:09:32.732-0400][gc,phases      ] GC(386378)   Evacuate Collection Set: 3.3ms
[2020-12-25T04:09:32.732-0400][gc,phases      ] GC(386378)   Post Evacuate Collection Set: 1.9ms
[2020-12-25T04:09:32.732-0400][gc,phases      ] GC(386378)   Other: 0.9ms
[2020-12-25T04:09:32.732-0400][gc,heap        ] GC(386378) Eden regions: 10->0(10)
[2020-12-25T04:09:32.732-0400][gc,heap        ] GC(386378) Survivor regions: 1->1(2)
[2020-12-25T04:09:32.732-0400][gc,heap        ] GC(386378) Old regions: 46->46
[2020-12-25T04:09:32.732-0400][gc,heap        ] GC(386378) Humongous regions: 4->4
[2020-12-25T04:09:32.732-0400][gc,metaspace   ] GC(386378) Metaspace: 61021K->61021K(1107968K)
[2020-12-25T04:09:32.732-0400][gc,heap        ] GC(386378) Heap after GC invocations=386354 (full 11308): garbage-first heap   total 71680K, used 48849K [0x0000000083000000, 0x0000000100000000)
[2020-12-25T04:09:32.732-0400][gc,heap        ] GC(386378)   region size 1024K, 1 young (1024K), 1 survivors (1024K)
[2020-12-25T04:09:32.732-0400][gc,heap        ] GC(386378)  Metaspace       used 61021K, capacity 63721K, committed 64768K, reserved 1107968K
[2020-12-25T04:09:32.732-0400][gc,heap        ] GC(386378)   class space    used 5712K, capacity 6559K, committed 6912K, reserved 1048576K
[2020-12-25T04:09:32.732-0400][gc             ] GC(386378) Pause Young (Normal) (G1 Evacuation Pause) 57M->47M(70M) 6.514ms
[2020-12-25T04:09:32.732-0400][gc,cpu         ] GC(386378) User=0.01s Sys=0.01s Real=0.00s
[2020-12-25T04:10:04.908-0400][gc,heap        ] GC(386379) Heap before GC invocations=386354 (full 11308): garbage-first heap   total 71680K, used 59089K [0x0000000083000000, 0x0000000100000000)
[2020-12-25T04:10:04.908-0400][gc,heap        ] GC(386379)   region size 1024K, 11 young (11264K), 1 survivors (1024K)
[2020-12-25T04:10:04.908-0400][gc,heap        ] GC(386379)  Metaspace       used 61021K, capacity 63721K, committed 64768K, reserved 1107968K
[2020-12-25T04:10:04.908-0400][gc,heap        ] GC(386379)   class space    used 5712K, capacity 6559K, committed 6912K, reserved 1048576K
[2020-12-25T04:10:04.909-0400][gc,start       ] GC(386379) Pause Young (Normal) (G1 Evacuation Pause)
[2020-12-25T04:10:04.909-0400][gc,task        ] GC(386379) Using 4 workers of 4 for evacuation
[2020-12-25T04:10:04.914-0400][gc,phases      ] GC(386379)   Pre Evacuate Collection Set: 0.0ms
[2020-12-25T04:10:04.914-0400][gc,phases      ] GC(386379)   Evacuate Collection Set: 3.5ms
[2020-12-25T04:10:04.914-0400][gc,phases      ] GC(386379)   Post Evacuate Collection Set: 1.6ms
[2020-12-25T04:10:04.914-0400][gc,phases      ] GC(386379)   Other: 0.8ms
[2020-12-25T04:10:04.914-0400][gc,heap        ] GC(386379) Eden regions: 10->0(10)
[2020-12-25T04:10:04.915-0400][gc,heap        ] GC(386379) Survivor regions: 1->1(2)
[2020-12-25T04:10:04.915-0400][gc,heap        ] GC(386379) Old regions: 46->46
[2020-12-25T04:10:04.915-0400][gc,heap        ] GC(386379) Humongous regions: 4->4
[2020-12-25T04:10:04.915-0400][gc,metaspace   ] GC(386379) Metaspace: 61021K->61021K(1107968K)
[2020-12-25T04:10:04.915-0400][gc,heap        ] GC(386379) Heap after GC invocations=386355 (full 11308): garbage-first heap   total 71680K, used 48830K [0x0000000083000000, 0x0000000100000000)
[2020-12-25T04:10:04.915-0400][gc,heap        ] GC(386379)   region size 1024K, 1 young (1024K), 1 survivors (1024K)
[2020-12-25T04:10:04.915-0400][gc,heap        ] GC(386379)  Metaspace       used 61021K, capacity 63721K, committed 64768K, reserved 1107968K
[2020-12-25T04:10:04.915-0400][gc,heap        ] GC(386379)   class space    used 5712K, capacity 6559K, committed 6912K, reserved 1048576K
[2020-12-25T04:10:04.915-0400][gc             ] GC(386379) Pause Young (Normal) (G1 Evacuation Pause) 57M->47M(70M) 6.418ms
[2020-12-25T04:10:04.915-0400][gc,cpu         ] GC(386379) User=0.01s Sys=0.01s Real=0.00s
[2020-12-25T04:10:35.367-0400][gc,heap        ] GC(386380) Heap before GC invocations=386355 (full 11308): garbage-first heap   total 71680K, used 58046K [0x0000000083000000, 0x0000000100000000)
[2020-12-25T04:10:35.367-0400][gc,heap        ] GC(386380)   region size 1024K, 11 young (11264K), 1 survivors (1024K)
[2020-12-25T04:10:35.367-0400][gc,heap        ] GC(386380)  Metaspace       used 61021K, capacity 63721K, committed 64768K, reserved 1107968K
[2020-12-25T04:10:35.367-0400][gc,heap        ] GC(386380)   class space    used 5712K, capacity 6559K, committed 6912K, reserved 1048576K
[2020-12-25T04:10:35.367-0400][gc,start       ] GC(386380) Pause Young (Normal) (G1 Evacuation Pause)
[2020-12-25T04:10:35.367-0400][gc,task        ] GC(386380) Using 4 workers of 4 for evacuation
[2020-12-25T04:10:35.373-0400][gc,phases      ] GC(386380)   Pre Evacuate Collection Set: 0.0ms
[2020-12-25T04:10:35.374-0400][gc,phases      ] GC(386380)   Evacuate Collection Set: 4.1ms
[2020-12-25T04:10:35.374-0400][gc,phases      ] GC(386380)   Post Evacuate Collection Set: 1.9ms
[2020-12-25T04:10:35.374-0400][gc,phases      ] GC(386380)   Other: 0.9ms
[2020-12-25T04:10:35.374-0400][gc,heap        ] GC(386380) Eden regions: 10->0(10)
[2020-12-25T04:10:35.374-0400][gc,heap        ] GC(386380) Survivor regions: 1->1(2)
[2020-12-25T04:10:35.374-0400][gc,heap        ] GC(386380) Old regions: 46->46
[2020-12-25T04:10:35.374-0400][gc,heap        ] GC(386380) Humongous regions: 4->4
[2020-12-25T04:10:35.374-0400][gc,metaspace   ] GC(386380) Metaspace: 61021K->61021K(1107968K)
[2020-12-25T04:10:35.374-0400][gc,heap        ] GC(386380) Heap after GC invocations=386356 (full 11308): garbage-first heap   total 71680K, used 48793K [0x0000000083000000, 0x0000000100000000)
[2020-12-25T04:10:35.374-0400][gc,heap        ] GC(386380)   region size 1024K, 1 young (1024K), 1 survivors (1024K)
[2020-12-25T04:10:35.374-0400][gc,heap        ] GC(386380)  Metaspace       used 61021K, capacity 63721K, committed 64768K, reserved 1107968K
[2020-12-25T04:10:35.374-0400][gc,heap        ] GC(386380)   class space    used 5712K, capacity 6559K, committed 6912K, reserved 1048576K
[2020-12-25T04:10:35.374-0400][gc             ] GC(386380) Pause Young (Normal) (G1 Evacuation Pause) 57M->47M(70M) 7.406ms
[2020-12-25T04:10:35.374-0400][gc,cpu         ] GC(386380) User=0.02s Sys=0.00s Real=0.00s
[2020-12-25T04:11:05.535-0400][gc,heap        ] GC(386381) Heap before GC invocations=386356 (full 11308): garbage-first heap   total 71680K, used 58009K [0x0000000083000000, 0x0000000100000000)
[2020-12-25T04:11:05.535-0400][gc,heap        ] GC(386381)   region size 1024K, 11 young (11264K), 1 survivors (1024K)
[2020-12-25T04:11:05.535-0400][gc,heap        ] GC(386381)  Metaspace       used 61021K, capacity 63721K, committed 64768K, reserved 1107968K
[2020-12-25T04:11:05.536-0400][gc,heap        ] GC(386381)   class space    used 5712K, capacity 6559K, committed 6912K, reserved 1048576K
[2020-12-25T04:11:05.536-0400][gc,start       ] GC(386381) Pause Young (Normal) (G1 Evacuation Pause)
[2020-12-25T04:11:05.536-0400][gc,task        ] GC(386381) Using 4 workers of 4 for evacuation
[2020-12-25T04:11:05.542-0400][gc,phases      ] GC(386381)   Pre Evacuate Collection Set: 0.0ms
[2020-12-25T04:11:05.542-0400][gc,phases      ] GC(386381)   Evacuate Collection Set: 4.2ms
[2020-12-25T04:11:05.542-0400][gc,phases      ] GC(386381)   Post Evacuate Collection Set: 1.6ms
[2020-12-25T04:11:05.542-0400][gc,phases      ] GC(386381)   Other: 0.8ms
[2020-12-25T04:11:05.542-0400][gc,heap        ] GC(386381) Eden regions: 10->0(10)
[2020-12-25T04:11:05.542-0400][gc,heap        ] GC(386381) Survivor regions: 1->1(2)
[2020-12-25T04:11:05.542-0400][gc,heap        ] GC(386381) Old regions: 46->46
[2020-12-25T04:11:05.542-0400][gc,heap        ] GC(386381) Humongous regions: 4->4
[2020-12-25T04:11:05.542-0400][gc,metaspace   ] GC(386381) Metaspace: 61021K->61021K(1107968K)
[2020-12-25T04:11:05.542-0400][gc,heap        ] GC(386381) Heap after GC invocations=386357 (full 11308): garbage-first heap   total 71680K, used 48896K [0x0000000083000000, 0x0000000100000000)
[2020-12-25T04:11:05.542-0400][gc,heap        ] GC(386381)   region size 1024K, 1 young (1024K), 1 survivors (1024K)
[2020-12-25T04:11:05.543-0400][gc,heap        ] GC(386381)  Metaspace       used 61021K, capacity 63721K, committed 64768K, reserved 1107968K
[2020-12-25T04:11:05.543-0400][gc,heap        ] GC(386381)   class space    used 5712K, capacity 6559K, committed 6912K, reserved 1048576K
[2020-12-25T04:11:05.543-0400][gc             ] GC(386381) Pause Young (Normal) (G1 Evacuation Pause) 57M->47M(70M) 7.019ms
[2020-12-25T04:11:05.543-0400][gc,cpu         ] GC(386381) User=0.02s Sys=0.00s Real=0.00s
[2020-12-25T04:11:38.355-0400][gc,heap        ] GC(386382) Heap before GC invocations=386357 (full 11308): garbage-first heap   total 71680K, used 58112K [0x0000000083000000, 0x0000000100000000)
[2020-12-25T04:11:38.355-0400][gc,heap        ] GC(386382)   region size 1024K, 11 young (11264K), 1 survivors (1024K)
[2020-12-25T04:11:38.355-0400][gc,heap        ] GC(386382)  Metaspace       used 61021K, capacity 63721K, committed 64768K, reserved 1107968K
[2020-12-25T04:11:38.355-0400][gc,heap        ] GC(386382)   class space    used 5712K, capacity 6559K, committed 6912K, reserved 1048576K
[2020-12-25T04:11:38.355-0400][gc,start       ] GC(386382) Pause Young (Normal) (G1 Evacuation Pause)
[2020-12-25T04:11:38.355-0400][gc,task        ] GC(386382) Using 4 workers of 4 for evacuation
[2020-12-25T04:11:38.361-0400][gc,phases      ] GC(386382)   Pre Evacuate Collection Set: 0.0ms
[2020-12-25T04:11:38.361-0400][gc,phases      ] GC(386382)   Evacuate Collection Set: 3.3ms
[2020-12-25T04:11:38.361-0400][gc,phases      ] GC(386382)   Post Evacuate Collection Set: 1.6ms
[2020-12-25T04:11:38.361-0400][gc,phases      ] GC(386382)   Other: 1.0ms
[2020-12-25T04:11:38.361-0400][gc,heap        ] GC(386382) Eden regions: 10->0(10)
[2020-12-25T04:11:38.361-0400][gc,heap        ] GC(386382) Survivor regions: 1->1(2)
[2020-12-25T04:11:38.361-0400][gc,heap        ] GC(386382) Old regions: 46->46
[2020-12-25T04:11:38.361-0400][gc,heap        ] GC(386382) Humongous regions: 4->4
[2020-12-25T04:11:38.361-0400][gc,metaspace   ] GC(386382) Metaspace: 61021K->61021K(1107968K)
[2020-12-25T04:11:38.361-0400][gc,heap        ] GC(386382) Heap after GC invocations=386358 (full 11308): garbage-first heap   total 71680K, used 48805K [0x0000000083000000, 0x0000000100000000)
[2020-12-25T04:11:38.361-0400][gc,heap        ] GC(386382)   region size 1024K, 1 young (1024K), 1 survivors (1024K)
[2020-12-25T04:11:38.361-0400][gc,heap        ] GC(386382)  Metaspace       used 61021K, capacity 63721K, committed 64768K, reserved 1107968K
[2020-12-25T04:11:38.361-0400][gc,heap        ] GC(386382)   class space    used 5712K, capacity 6559K, committed 6912K, reserved 1048576K
[2020-12-25T04:11:38.361-0400][gc             ] GC(386382) Pause Young (Normal) (G1 Evacuation Pause) 57M->47M(70M) 6.228ms
[2020-12-25T04:11:38.361-0400][gc,cpu         ] GC(386382) User=0.01s Sys=0.00s Real=0.01s
[2020-12-25T04:11:50.924-0400][gc,task        ] GC(386383) Using 3 workers of 4 for full compaction
[2020-12-25T04:11:50.924-0400][gc,start       ] GC(386383) Pause Full (System.gc())
[2020-12-25T04:11:50.924-0400][gc,heap        ] GC(386383) Heap before GC invocations=386358 (full 11308): garbage-first heap   total 71680K, used 51877K [0x0000000083000000, 0x0000000100000000)
[2020-12-25T04:11:50.924-0400][gc,heap        ] GC(386383)   region size 1024K, 5 young (5120K), 1 survivors (1024K)
[2020-12-25T04:11:50.924-0400][gc,heap        ] GC(386383)  Metaspace       used 61021K, capacity 63721K, committed 64768K, reserved 1107968K
[2020-12-25T04:11:50.924-0400][gc,heap        ] GC(386383)   class space    used 5712K, capacity 6559K, committed 6912K, reserved 1048576K
[2020-12-25T04:11:50.926-0400][gc,phases,start] GC(386383) Phase 1: Mark live objects
[2020-12-25T04:11:51.069-0400][gc,stringtable ] GC(386383) Cleaned string and symbol table, strings: 32207 processed, 0 removed, symbols: 131451 processed, 0 removed
[2020-12-25T04:11:51.069-0400][gc,phases      ] GC(386383) Phase 1: Mark live objects 142.953ms
[2020-12-25T04:11:51.069-0400][gc,phases,start] GC(386383) Phase 2: Prepare for compaction
[2020-12-25T04:11:51.099-0400][gc,phases      ] GC(386383) Phase 2: Prepare for compaction 29.734ms
[2020-12-25T04:11:51.099-0400][gc,phases,start] GC(386383) Phase 3: Adjust pointers
[2020-12-25T04:11:51.177-0400][gc,phases      ] GC(386383) Phase 3: Adjust pointers 77.575ms
[2020-12-25T04:11:51.177-0400][gc,phases,start] GC(386383) Phase 4: Compact heap
[2020-12-25T04:11:51.198-0400][gc,phases      ] GC(386383) Phase 4: Compact heap 21.004ms
[2020-12-25T04:11:51.234-0400][gc,heap        ] GC(386383) Eden regions: 4->0(11)
[2020-12-25T04:11:51.234-0400][gc,heap        ] GC(386383) Survivor regions: 1->0(2)
[2020-12-25T04:11:51.234-0400][gc,heap        ] GC(386383) Old regions: 46->46
[2020-12-25T04:11:51.234-0400][gc,heap        ] GC(386383) Humongous regions: 4->4
[2020-12-25T04:11:51.234-0400][gc,metaspace   ] GC(386383) Metaspace: 61021K->61021K(1107968K)
[2020-12-25T04:11:51.234-0400][gc,heap        ] GC(386383) Heap after GC invocations=386359 (full 11309): garbage-first heap   total 71680K, used 48286K [0x0000000083000000, 0x0000000100000000)
[2020-12-25T04:11:51.234-0400][gc,heap        ] GC(386383)   region size 1024K, 0 young (0K), 0 survivors (0K)
[2020-12-25T04:11:51.234-0400][gc,heap        ] GC(386383)  Metaspace       used 61021K, capacity 63721K, committed 64768K, reserved 1107968K
[2020-12-25T04:11:51.234-0400][gc,heap        ] GC(386383)   class space    used 5712K, capacity 6559K, committed 6912K, reserved 1048576K
[2020-12-25T04:11:51.234-0400][gc             ] GC(386383) Pause Full (System.gc()) 50M->47M(70M) 310.251ms
[2020-12-25T04:11:51.234-0400][gc,cpu         ] GC(386383) User=0.52s Sys=0.30s Real=0.31s
[2020-12-25T04:12:28.304-0400][gc,heap        ] GC(386384) Heap before GC invocations=386359 (full 11309): garbage-first heap   total 71680K, used 58526K [0x0000000083000000, 0x0000000100000000)
[2020-12-25T04:12:28.304-0400][gc,heap        ] GC(386384)   region size 1024K, 11 young (11264K), 0 survivors (0K)
[2020-12-25T04:12:28.304-0400][gc,heap        ] GC(386384)  Metaspace       used 61021K, capacity 63721K, committed 64768K, reserved 1107968K
[2020-12-25T04:12:28.304-0400][gc,heap        ] GC(386384)   class space    used 5712K, capacity 6559K, committed 6912K, reserved 1048576K
[2020-12-25T04:12:28.304-0400][gc,start       ] GC(386384) Pause Young (Normal) (G1 Evacuation Pause)
[2020-12-25T04:12:28.305-0400][gc,task        ] GC(386384) Using 4 workers of 4 for evacuation
[2020-12-25T04:12:28.310-0400][gc,phases      ] GC(386384)   Pre Evacuate Collection Set: 0.0ms
[2020-12-25T04:12:28.310-0400][gc,phases      ] GC(386384)   Evacuate Collection Set: 2.8ms
[2020-12-25T04:12:28.310-0400][gc,phases      ] GC(386384)   Post Evacuate Collection Set: 1.9ms
[2020-12-25T04:12:28.310-0400][gc,phases      ] GC(386384)   Other: 0.9ms
[2020-12-25T04:12:28.310-0400][gc,heap        ] GC(386384) Eden regions: 11->0(10)
[2020-12-25T04:12:28.310-0400][gc,heap        ] GC(386384) Survivor regions: 0->1(2)
[2020-12-25T04:12:28.310-0400][gc,heap        ] GC(386384) Old regions: 46->46
[2020-12-25T04:12:28.310-0400][gc,heap        ] GC(386384) Humongous regions: 4->4
[2020-12-25T04:12:28.310-0400][gc,metaspace   ] GC(386384) Metaspace: 61021K->61021K(1107968K)
[2020-12-25T04:12:28.310-0400][gc,heap        ] GC(386384) Heap after GC invocations=386360 (full 11309): garbage-first heap   total 71680K, used 48564K [0x0000000083000000, 0x0000000100000000)
[2020-12-25T04:12:28.310-0400][gc,heap        ] GC(386384)   region size 1024K, 1 young (1024K), 1 survivors (1024K)
[2020-12-25T04:12:28.310-0400][gc,heap        ] GC(386384)  Metaspace       used 61021K, capacity 63721K, committed 64768K, reserved 1107968K
[2020-12-25T04:12:28.310-0400][gc,heap        ] GC(386384)   class space    used 5712K, capacity 6559K, committed 6912K, reserved 1048576K
[2020-12-25T04:12:28.310-0400][gc             ] GC(386384) Pause Young (Normal) (G1 Evacuation Pause) 58M->47M(70M) 5.895ms
[2020-12-25T04:12:28.311-0400][gc,cpu         ] GC(386384) User=0.02s Sys=0.00s Real=0.01s
[2020-12-25T04:12:53.891-0400][gc,heap        ] GC(386385) Heap before GC invocations=386360 (full 11309): garbage-first heap   total 71680K, used 57779K [0x0000000083000000, 0x0000000100000000)
[2020-12-25T04:12:53.891-0400][gc,heap        ] GC(386385)   region size 1024K, 11 young (11264K), 1 survivors (1024K)
[2020-12-25T04:12:53.891-0400][gc,heap        ] GC(386385)  Metaspace       used 61021K, capacity 63721K, committed 64768K, reserved 1107968K
[2020-12-25T04:12:53.891-0400][gc,heap        ] GC(386385)   class space    used 5712K, capacity 6559K, committed 6912K, reserved 1048576K
[2020-12-25T04:12:53.891-0400][gc,start       ] GC(386385) Pause Young (Normal) (G1 Evacuation Pause)
[2020-12-25T04:12:53.891-0400][gc,task        ] GC(386385) Using 4 workers of 4 for evacuation
[2020-12-25T04:12:53.897-0400][gc,phases      ] GC(386385)   Pre Evacuate Collection Set: 0.0ms
[2020-12-25T04:12:53.897-0400][gc,phases      ] GC(386385)   Evacuate Collection Set: 3.3ms
[2020-12-25T04:12:53.897-0400][gc,phases      ] GC(386385)   Post Evacuate Collection Set: 1.8ms
[2020-12-25T04:12:53.897-0400][gc,phases      ] GC(386385)   Other: 0.9ms
[2020-12-25T04:12:53.897-0400][gc,heap        ] GC(386385) Eden regions: 10->0(10)
[2020-12-25T04:12:53.897-0400][gc,heap        ] GC(386385) Survivor regions: 1->1(2)
[2020-12-25T04:12:53.897-0400][gc,heap        ] GC(386385) Old regions: 46->46
[2020-12-25T04:12:53.897-0400][gc,heap        ] GC(386385) Humongous regions: 4->4
[2020-12-25T04:12:53.897-0400][gc,metaspace   ] GC(386385) Metaspace: 61021K->61021K(1107968K)
[2020-12-25T04:12:53.897-0400][gc,heap        ] GC(386385) Heap after GC invocations=386361 (full 11309): garbage-first heap   total 71680K, used 48616K [0x0000000083000000, 0x0000000100000000)
[2020-12-25T04:12:53.897-0400][gc,heap        ] GC(386385)   region size 1024K, 1 young (1024K), 1 survivors (1024K)
[2020-12-25T04:12:53.897-0400][gc,heap        ] GC(386385)  Metaspace       used 61021K, capacity 63721K, committed 64768K, reserved 1107968K
[2020-12-25T04:12:53.897-0400][gc,heap        ] GC(386385)   class space    used 5712K, capacity 6559K, committed 6912K, reserved 1048576K
[2020-12-25T04:12:53.897-0400][gc             ] GC(386385) Pause Young (Normal) (G1 Evacuation Pause) 57M->47M(70M) 6.374ms
[2020-12-25T04:12:53.898-0400][gc,cpu         ] GC(386385) User=0.00s Sys=0.01s Real=0.01s
[2020-12-25T04:13:21.063-0400][gc,heap        ] GC(386386) Heap before GC invocations=386361 (full 11309): garbage-first heap   total 71680K, used 57832K [0x0000000083000000, 0x0000000100000000)
[2020-12-25T04:13:21.063-0400][gc,heap        ] GC(386386)   region size 1024K, 11 young (11264K), 1 survivors (1024K)
[2020-12-25T04:13:21.063-0400][gc,heap        ] GC(386386)  Metaspace       used 61021K, capacity 63721K, committed 64768K, reserved 1107968K
[2020-12-25T04:13:21.063-0400][gc,heap        ] GC(386386)   class space    used 5712K, capacity 6559K, committed 6912K, reserved 1048576K
[2020-12-25T04:13:21.063-0400][gc,start       ] GC(386386) Pause Young (Normal) (G1 Evacuation Pause)
[2020-12-25T04:13:21.063-0400][gc,task        ] GC(386386) Using 4 workers of 4 for evacuation
[2020-12-25T04:13:21.069-0400][gc,phases      ] GC(386386)   Pre Evacuate Collection Set: 0.0ms
[2020-12-25T04:13:21.069-0400][gc,phases      ] GC(386386)   Evacuate Collection Set: 3.3ms
[2020-12-25T04:13:21.069-0400][gc,phases      ] GC(386386)   Post Evacuate Collection Set: 1.8ms
[2020-12-25T04:13:21.069-0400][gc,phases      ] GC(386386)   Other: 0.8ms
[2020-12-25T04:13:21.069-0400][gc,heap        ] GC(386386) Eden regions: 10->0(10)
[2020-12-25T04:13:21.069-0400][gc,heap        ] GC(386386) Survivor regions: 1->1(2)
[2020-12-25T04:13:21.069-0400][gc,heap        ] GC(386386) Old regions: 46->46
[2020-12-25T04:13:21.069-0400][gc,heap        ] GC(386386) Humongous regions: 4->4
[2020-12-25T04:13:21.069-0400][gc,metaspace   ] GC(386386) Metaspace: 61021K->61021K(1107968K)
[2020-12-25T04:13:21.069-0400][gc,heap        ] GC(386386) Heap after GC invocations=386362 (full 11309): garbage-first heap   total 71680K, used 48736K [0x0000000083000000, 0x0000000100000000)
[2020-12-25T04:13:21.069-0400][gc,heap        ] GC(386386)   region size 1024K, 1 young (1024K), 1 survivors (1024K)
[2020-12-25T04:13:21.069-0400][gc,heap        ] GC(386386)  Metaspace       used 61021K, capacity 63721K, committed 64768K, reserved 1107968K
[2020-12-25T04:13:21.069-0400][gc,heap        ] GC(386386)   class space    used 5712K, capacity 6559K, committed 6912K, reserved 1048576K
[2020-12-25T04:13:21.069-0400][gc             ] GC(386386) Pause Young (Normal) (G1 Evacuation Pause) 57M->47M(70M) 6.335ms
[2020-12-25T04:13:21.070-0400][gc,cpu         ] GC(386386) User=0.01s Sys=0.00s Real=0.01s
[2020-12-25T04:13:49.772-0400][gc,heap        ] GC(386387) Heap before GC invocations=386362 (full 11309): garbage-first heap   total 71680K, used 57952K [0x0000000083000000, 0x0000000100000000)
[2020-12-25T04:13:49.772-0400][gc,heap        ] GC(386387)   region size 1024K, 11 young (11264K), 1 survivors (1024K)
[2020-12-25T04:13:49.772-0400][gc,heap        ] GC(386387)  Metaspace       used 61021K, capacity 63721K, committed 64768K, reserved 1107968K
[2020-12-25T04:13:49.773-0400][gc,heap        ] GC(386387)   class space    used 5712K, capacity 6559K, committed 6912K, reserved 1048576K
[2020-12-25T04:13:49.773-0400][gc,start       ] GC(386387) Pause Young (Normal) (G1 Evacuation Pause)
[2020-12-25T04:13:49.773-0400][gc,task        ] GC(386387) Using 4 workers of 4 for evacuation
[2020-12-25T04:13:49.779-0400][gc,phases      ] GC(386387)   Pre Evacuate Collection Set: 0.0ms
[2020-12-25T04:13:49.779-0400][gc,phases      ] GC(386387)   Evacuate Collection Set: 3.6ms
[2020-12-25T04:13:49.779-0400][gc,phases      ] GC(386387)   Post Evacuate Collection Set: 1.7ms
[2020-12-25T04:13:49.779-0400][gc,phases      ] GC(386387)   Other: 0.9ms
[2020-12-25T04:13:49.779-0400][gc,heap        ] GC(386387) Eden regions: 10->0(10)
[2020-12-25T04:13:49.779-0400][gc,heap        ] GC(386387) Survivor regions: 1->1(2)
[2020-12-25T04:13:49.779-0400][gc,heap        ] GC(386387) Old regions: 46->46
[2020-12-25T04:13:49.779-0400][gc,heap        ] GC(386387) Humongous regions: 4->4
[2020-12-25T04:13:49.779-0400][gc,metaspace   ] GC(386387) Metaspace: 61021K->61021K(1107968K)
[2020-12-25T04:13:49.779-0400][gc,heap        ] GC(386387) Heap after GC invocations=386363 (full 11309): garbage-first heap   total 71680K, used 48757K [0x0000000083000000, 0x0000000100000000)
[2020-12-25T04:13:49.779-0400][gc,heap        ] GC(386387)   region size 1024K, 1 young (1024K), 1 survivors (1024K)
[2020-12-25T04:13:49.779-0400][gc,heap        ] GC(386387)  Metaspace       used 61021K, capacity 63721K, committed 64768K, reserved 1107968K
[2020-12-25T04:13:49.779-0400][gc,heap        ] GC(386387)   class space    used 5712K, capacity 6559K, committed 6912K, reserved 1048576K
[2020-12-25T04:13:49.779-0400][gc             ] GC(386387) Pause Young (Normal) (G1 Evacuation Pause) 57M->47M(70M) 6.650ms
[2020-12-25T04:13:49.780-0400][gc,cpu         ] GC(386387) User=0.01s Sys=0.01s Real=0.01s
[2020-12-25T04:14:17.764-0400][gc,heap        ] GC(386388) Heap before GC invocations=386363 (full 11309): garbage-first heap   total 71680K, used 58997K [0x0000000083000000, 0x0000000100000000)
[2020-12-25T04:14:17.764-0400][gc,heap        ] GC(386388)   region size 1024K, 11 young (11264K), 1 survivors (1024K)
[2020-12-25T04:14:17.764-0400][gc,heap        ] GC(386388)  Metaspace       used 61021K, capacity 63721K, committed 64768K, reserved 1107968K
[2020-12-25T04:14:17.764-0400][gc,heap        ] GC(386388)   class space    used 5712K, capacity 6559K, committed 6912K, reserved 1048576K
[2020-12-25T04:14:17.764-0400][gc,start       ] GC(386388) Pause Young (Normal) (G1 Evacuation Pause)
[2020-12-25T04:14:17.764-0400][gc,task        ] GC(386388) Using 4 workers of 4 for evacuation
[2020-12-25T04:14:17.770-0400][gc,phases      ] GC(386388)   Pre Evacuate Collection Set: 0.0ms
[2020-12-25T04:14:17.770-0400][gc,phases      ] GC(386388)   Evacuate Collection Set: 3.4ms
[2020-12-25T04:14:17.770-0400][gc,phases      ] GC(386388)   Post Evacuate Collection Set: 1.8ms
[2020-12-25T04:14:17.770-0400][gc,phases      ] GC(386388)   Other: 0.9ms
[2020-12-25T04:14:17.770-0400][gc,heap        ] GC(386388) Eden regions: 10->0(10)
[2020-12-25T04:14:17.770-0400][gc,heap        ] GC(386388) Survivor regions: 1->1(2)
[2020-12-25T04:14:17.770-0400][gc,heap        ] GC(386388) Old regions: 46->46
[2020-12-25T04:14:17.770-0400][gc,heap        ] GC(386388) Humongous regions: 4->4
[2020-12-25T04:14:17.770-0400][gc,metaspace   ] GC(386388) Metaspace: 61021K->61021K(1107968K)
[2020-12-25T04:14:17.771-0400][gc,heap        ] GC(386388) Heap after GC invocations=386364 (full 11309): garbage-first heap   total 71680K, used 48734K [0x0000000083000000, 0x0000000100000000)
[2020-12-25T04:14:17.771-0400][gc,heap        ] GC(386388)   region size 1024K, 1 young (1024K), 1 survivors (1024K)
[2020-12-25T04:14:17.771-0400][gc,heap        ] GC(386388)  Metaspace       used 61021K, capacity 63721K, committed 64768K, reserved 1107968K
[2020-12-25T04:14:17.771-0400][gc,heap        ] GC(386388)   class space    used 5712K, capacity 6559K, committed 6912K, reserved 1048576K
[2020-12-25T04:14:17.771-0400][gc             ] GC(386388) Pause Young (Normal) (G1 Evacuation Pause) 57M->47M(70M) 6.582ms
[2020-12-25T04:14:17.771-0400][gc,cpu         ] GC(386388) User=0.01s Sys=0.00s Real=0.01s
[2020-12-25T04:15:00.019-0400][gc,heap        ] GC(386389) Heap before GC invocations=386364 (full 11309): garbage-first heap   total 71680K, used 58974K [0x0000000083000000, 0x0000000100000000)
[2020-12-25T04:15:00.019-0400][gc,heap        ] GC(386389)   region size 1024K, 11 young (11264K), 1 survivors (1024K)
[2020-12-25T04:15:00.019-0400][gc,heap        ] GC(386389)  Metaspace       used 61021K, capacity 63721K, committed 64768K, reserved 1107968K
[2020-12-25T04:15:00.019-0400][gc,heap        ] GC(386389)   class space    used 5712K, capacity 6559K, committed 6912K, reserved 1048576K
[2020-12-25T04:15:00.019-0400][gc,start       ] GC(386389) Pause Young (Normal) (G1 Evacuation Pause)
[2020-12-25T04:15:00.019-0400][gc,task        ] GC(386389) Using 4 workers of 4 for evacuation
[2020-12-25T04:15:00.025-0400][gc,phases      ] GC(386389)   Pre Evacuate Collection Set: 0.0ms
[2020-12-25T04:15:00.025-0400][gc,phases      ] GC(386389)   Evacuate Collection Set: 3.8ms
[2020-12-25T04:15:00.025-0400][gc,phases      ] GC(386389)   Post Evacuate Collection Set: 1.5ms
[2020-12-25T04:15:00.025-0400][gc,phases      ] GC(386389)   Other: 0.8ms
[2020-12-25T04:15:00.025-0400][gc,heap        ] GC(386389) Eden regions: 10->0(10)
[2020-12-25T04:15:00.025-0400][gc,heap        ] GC(386389) Survivor regions: 1->1(2)
[2020-12-25T04:15:00.025-0400][gc,heap        ] GC(386389) Old regions: 46->46
[2020-12-25T04:15:00.025-0400][gc,heap        ] GC(386389) Humongous regions: 4->4
[2020-12-25T04:15:00.025-0400][gc,metaspace   ] GC(386389) Metaspace: 61021K->61021K(1107968K)
[2020-12-25T04:15:00.025-0400][gc,heap        ] GC(386389) Heap after GC invocations=386365 (full 11309): garbage-first heap   total 71680K, used 48683K [0x0000000083000000, 0x0000000100000000)
[2020-12-25T04:15:00.025-0400][gc,heap        ] GC(386389)   region size 1024K, 1 young (1024K), 1 survivors (1024K)
[2020-12-25T04:15:00.026-0400][gc,heap        ] GC(386389)  Metaspace       used 61021K, capacity 63721K, committed 64768K, reserved 1107968K
[2020-12-25T04:15:00.026-0400][gc,heap        ] GC(386389)   class space    used 5712K, capacity 6559K, committed 6912K, reserved 1048576K
[2020-12-25T04:15:00.026-0400][gc             ] GC(386389) Pause Young (Normal) (G1 Evacuation Pause) 57M->47M(70M) 6.594ms
[2020-12-25T04:15:00.026-0400][gc,cpu         ] GC(386389) User=0.02s Sys=0.00s Real=0.01s
[2020-12-25T04:15:28.334-0400][gc,heap        ] GC(386390) Heap before GC invocations=386365 (full 11309): garbage-first heap   total 71680K, used 57899K [0x0000000083000000, 0x0000000100000000)
[2020-12-25T04:15:28.334-0400][gc,heap        ] GC(386390)   region size 1024K, 11 young (11264K), 1 survivors (1024K)
[2020-12-25T04:15:28.334-0400][gc,heap        ] GC(386390)  Metaspace       used 61021K, capacity 63721K, committed 64768K, reserved 1107968K
[2020-12-25T04:15:28.334-0400][gc,heap        ] GC(386390)   class space    used 5712K, capacity 6559K, committed 6912K, reserved 1048576K
[2020-12-25T04:15:28.334-0400][gc,start       ] GC(386390) Pause Young (Normal) (G1 Evacuation Pause)
[2020-12-25T04:15:28.334-0400][gc,task        ] GC(386390) Using 4 workers of 4 for evacuation
[2020-12-25T04:15:28.341-0400][gc,phases      ] GC(386390)   Pre Evacuate Collection Set: 0.0ms
[2020-12-25T04:15:28.341-0400][gc,phases      ] GC(386390)   Evacuate Collection Set: 3.6ms
[2020-12-25T04:15:28.341-0400][gc,phases      ] GC(386390)   Post Evacuate Collection Set: 2.2ms
[2020-12-25T04:15:28.341-0400][gc,phases      ] GC(386390)   Other: 0.9ms
[2020-12-25T04:15:28.341-0400][gc,heap        ] GC(386390) Eden regions: 10->0(10)
[2020-12-25T04:15:28.341-0400][gc,heap        ] GC(386390) Survivor regions: 1->1(2)
[2020-12-25T04:15:28.341-0400][gc,heap        ] GC(386390) Old regions: 46->46
[2020-12-25T04:15:28.341-0400][gc,heap        ] GC(386390) Humongous regions: 4->4
[2020-12-25T04:15:28.341-0400][gc,metaspace   ] GC(386390) Metaspace: 61021K->61021K(1107968K)
[2020-12-25T04:15:28.341-0400][gc,heap        ] GC(386390) Heap after GC invocations=386366 (full 11309): garbage-first heap   total 71680K, used 48763K [0x0000000083000000, 0x0000000100000000)
[2020-12-25T04:15:28.341-0400][gc,heap        ] GC(386390)   region size 1024K, 1 young (1024K), 1 survivors (1024K)
[2020-12-25T04:15:28.341-0400][gc,heap        ] GC(386390)  Metaspace       used 61021K, capacity 63721K, committed 64768K, reserved 1107968K
[2020-12-25T04:15:28.341-0400][gc,heap        ] GC(386390)   class space    used 5712K, capacity 6559K, committed 6912K, reserved 1048576K
[2020-12-25T04:15:28.342-0400][gc             ] GC(386390) Pause Young (Normal) (G1 Evacuation Pause) 57M->47M(70M) 7.122ms
[2020-12-25T04:15:28.342-0400][gc,cpu         ] GC(386390) User=0.01s Sys=0.01s Real=0.01s
[2020-12-25T04:16:00.023-0400][gc,heap        ] GC(386391) Heap before GC invocations=386366 (full 11309): garbage-first heap   total 71680K, used 57979K [0x0000000083000000, 0x0000000100000000)
[2020-12-25T04:16:00.023-0400][gc,heap        ] GC(386391)   region size 1024K, 11 young (11264K), 1 survivors (1024K)
[2020-12-25T04:16:00.023-0400][gc,heap        ] GC(386391)  Metaspace       used 61021K, capacity 63721K, committed 64768K, reserved 1107968K
[2020-12-25T04:16:00.023-0400][gc,heap        ] GC(386391)   class space    used 5712K, capacity 6559K, committed 6912K, reserved 1048576K
[2020-12-25T04:16:00.023-0400][gc,start       ] GC(386391) Pause Young (Normal) (G1 Evacuation Pause)
[2020-12-25T04:16:00.023-0400][gc,task        ] GC(386391) Using 4 workers of 4 for evacuation
[2020-12-25T04:16:00.029-0400][gc,phases      ] GC(386391)   Pre Evacuate Collection Set: 0.0ms
[2020-12-25T04:16:00.029-0400][gc,phases      ] GC(386391)   Evacuate Collection Set: 3.7ms
[2020-12-25T04:16:00.029-0400][gc,phases      ] GC(386391)   Post Evacuate Collection Set: 1.5ms
[2020-12-25T04:16:00.029-0400][gc,phases      ] GC(386391)   Other: 0.8ms
[2020-12-25T04:16:00.029-0400][gc,heap        ] GC(386391) Eden regions: 10->0(10)
[2020-12-25T04:16:00.029-0400][gc,heap        ] GC(386391) Survivor regions: 1->1(2)
[2020-12-25T04:16:00.029-0400][gc,heap        ] GC(386391) Old regions: 46->46
[2020-12-25T04:16:00.029-0400][gc,heap        ] GC(386391) Humongous regions: 4->4
[2020-12-25T04:16:00.029-0400][gc,metaspace   ] GC(386391) Metaspace: 61021K->61021K(1107968K)
[2020-12-25T04:16:00.029-0400][gc,heap        ] GC(386391) Heap after GC invocations=386367 (full 11309): garbage-first heap   total 71680K, used 48734K [0x0000000083000000, 0x0000000100000000)
[2020-12-25T04:16:00.029-0400][gc,heap        ] GC(386391)   region size 1024K, 1 young (1024K), 1 survivors (1024K)
[2020-12-25T04:16:00.029-0400][gc,heap        ] GC(386391)  Metaspace       used 61021K, capacity 63721K, committed 64768K, reserved 1107968K
[2020-12-25T04:16:00.029-0400][gc,heap        ] GC(386391)   class space    used 5712K, capacity 6559K, committed 6912K, reserved 1048576K
[2020-12-25T04:16:00.030-0400][gc             ] GC(386391) Pause Young (Normal) (G1 Evacuation Pause) 57M->47M(70M) 6.432ms
[2020-12-25T04:16:00.030-0400][gc,cpu         ] GC(386391) User=0.01s Sys=0.01s Real=0.01s
[2020-12-25T04:16:33.354-0400][gc,heap        ] GC(386392) Heap before GC invocations=386367 (full 11309): garbage-first heap   total 71680K, used 58974K [0x0000000083000000, 0x0000000100000000)
[2020-12-25T04:16:33.354-0400][gc,heap        ] GC(386392)   region size 1024K, 11 young (11264K), 1 survivors (1024K)
[2020-12-25T04:16:33.354-0400][gc,heap        ] GC(386392)  Metaspace       used 61021K, capacity 63721K, committed 64768K, reserved 1107968K
[2020-12-25T04:16:33.354-0400][gc,heap        ] GC(386392)   class space    used 5712K, capacity 6559K, committed 6912K, reserved 1048576K
[2020-12-25T04:16:33.354-0400][gc,start       ] GC(386392) Pause Young (Normal) (G1 Evacuation Pause)
[2020-12-25T04:16:33.354-0400][gc,task        ] GC(386392) Using 4 workers of 4 for evacuation
[2020-12-25T04:16:33.360-0400][gc,phases      ] GC(386392)   Pre Evacuate Collection Set: 0.0ms
[2020-12-25T04:16:33.360-0400][gc,phases      ] GC(386392)   Evacuate Collection Set: 3.5ms
[2020-12-25T04:16:33.360-0400][gc,phases      ] GC(386392)   Post Evacuate Collection Set: 1.7ms
[2020-12-25T04:16:33.360-0400][gc,phases      ] GC(386392)   Other: 1.1ms
[2020-12-25T04:16:33.360-0400][gc,heap        ] GC(386392) Eden regions: 10->0(10)
[2020-12-25T04:16:33.361-0400][gc,heap        ] GC(386392) Survivor regions: 1->1(2)
[2020-12-25T04:16:33.361-0400][gc,heap        ] GC(386392) Old regions: 46->46
[2020-12-25T04:16:33.361-0400][gc,heap        ] GC(386392) Humongous regions: 4->4
[2020-12-25T04:16:33.361-0400][gc,metaspace   ] GC(386392) Metaspace: 61021K->61021K(1107968K)
[2020-12-25T04:16:33.361-0400][gc,heap        ] GC(386392) Heap after GC invocations=386368 (full 11309): garbage-first heap   total 71680K, used 48744K [0x0000000083000000, 0x0000000100000000)
[2020-12-25T04:16:33.361-0400][gc,heap        ] GC(386392)   region size 1024K, 1 young (1024K), 1 survivors (1024K)
[2020-12-25T04:16:33.361-0400][gc,heap        ] GC(386392)  Metaspace       used 61021K, capacity 63721K, committed 64768K, reserved 1107968K
[2020-12-25T04:16:33.361-0400][gc,heap        ] GC(386392)   class space    used 5712K, capacity 6559K, committed 6912K, reserved 1048576K
[2020-12-25T04:16:33.361-0400][gc             ] GC(386392) Pause Young (Normal) (G1 Evacuation Pause) 57M->47M(70M) 6.562ms
[2020-12-25T04:16:33.361-0400][gc,cpu         ] GC(386392) User=0.01s Sys=0.00s Real=0.01s
[2020-12-25T04:16:50.923-0400][gc,task        ] GC(386393) Using 3 workers of 4 for full compaction
[2020-12-25T04:16:50.924-0400][gc,start       ] GC(386393) Pause Full (System.gc())
[2020-12-25T04:16:50.924-0400][gc,heap        ] GC(386393) Heap before GC invocations=386368 (full 11309): garbage-first heap   total 71680K, used 53864K [0x0000000083000000, 0x0000000100000000)
[2020-12-25T04:16:50.924-0400][gc,heap        ] GC(386393)   region size 1024K, 8 young (8192K), 1 survivors (1024K)
[2020-12-25T04:16:50.924-0400][gc,heap        ] GC(386393)  Metaspace       used 61021K, capacity 63721K, committed 64768K, reserved 1107968K
[2020-12-25T04:16:50.924-0400][gc,heap        ] GC(386393)   class space    used 5712K, capacity 6559K, committed 6912K, reserved 1048576K
[2020-12-25T04:16:50.926-0400][gc,phases,start] GC(386393) Phase 1: Mark live objects
[2020-12-25T04:16:51.072-0400][gc,stringtable ] GC(386393) Cleaned string and symbol table, strings: 32207 processed, 0 removed, symbols: 131451 processed, 0 removed
[2020-12-25T04:16:51.072-0400][gc,phases      ] GC(386393) Phase 1: Mark live objects 145.502ms
[2020-12-25T04:16:51.072-0400][gc,phases,start] GC(386393) Phase 2: Prepare for compaction
[2020-12-25T04:16:51.101-0400][gc,phases      ] GC(386393) Phase 2: Prepare for compaction 29.707ms
[2020-12-25T04:16:51.102-0400][gc,phases,start] GC(386393) Phase 3: Adjust pointers
[2020-12-25T04:16:51.180-0400][gc,phases      ] GC(386393) Phase 3: Adjust pointers 78.559ms
[2020-12-25T04:16:51.180-0400][gc,phases,start] GC(386393) Phase 4: Compact heap
[2020-12-25T04:16:51.200-0400][gc,phases      ] GC(386393) Phase 4: Compact heap 19.715ms
[2020-12-25T04:16:51.236-0400][gc,heap        ] GC(386393) Eden regions: 7->0(11)
[2020-12-25T04:16:51.236-0400][gc,heap        ] GC(386393) Survivor regions: 1->0(2)
[2020-12-25T04:16:51.237-0400][gc,heap        ] GC(386393) Old regions: 46->46
[2020-12-25T04:16:51.237-0400][gc,heap        ] GC(386393) Humongous regions: 4->4
[2020-12-25T04:16:51.237-0400][gc,metaspace   ] GC(386393) Metaspace: 61021K->61021K(1107968K)
[2020-12-25T04:16:51.237-0400][gc,heap        ] GC(386393) Heap after GC invocations=386369 (full 11310): garbage-first heap   total 71680K, used 48395K [0x0000000083000000, 0x0000000100000000)
[2020-12-25T04:16:51.237-0400][gc,heap        ] GC(386393)   region size 1024K, 0 young (0K), 0 survivors (0K)
[2020-12-25T04:16:51.237-0400][gc,heap        ] GC(386393)  Metaspace       used 61021K, capacity 63721K, committed 64768K, reserved 1107968K
[2020-12-25T04:16:51.237-0400][gc,heap        ] GC(386393)   class space    used 5712K, capacity 6559K, committed 6912K, reserved 1048576K
[2020-12-25T04:16:51.237-0400][gc             ] GC(386393) Pause Full (System.gc()) 54M->47M(70M) 313.394ms
[2020-12-25T04:16:51.237-0400][gc,cpu         ] GC(386393) User=0.84s Sys=0.00s Real=0.32s
[2020-12-25T04:17:30.654-0400][gc,heap        ] GC(386394) Heap before GC invocations=386369 (full 11310): garbage-first heap   total 71680K, used 58635K [0x0000000083000000, 0x0000000100000000)
[2020-12-25T04:17:30.654-0400][gc,heap        ] GC(386394)   region size 1024K, 11 young (11264K), 0 survivors (0K)
[2020-12-25T04:17:30.654-0400][gc,heap        ] GC(386394)  Metaspace       used 61021K, capacity 63721K, committed 64768K, reserved 1107968K
[2020-12-25T04:17:30.654-0400][gc,heap        ] GC(386394)   class space    used 5712K, capacity 6559K, committed 6912K, reserved 1048576K
[2020-12-25T04:17:30.654-0400][gc,start       ] GC(386394) Pause Young (Normal) (G1 Evacuation Pause)
[2020-12-25T04:17:30.654-0400][gc,task        ] GC(386394) Using 4 workers of 4 for evacuation
[2020-12-25T04:17:30.660-0400][gc,phases      ] GC(386394)   Pre Evacuate Collection Set: 0.0ms
[2020-12-25T04:17:30.660-0400][gc,phases      ] GC(386394)   Evacuate Collection Set: 2.7ms
[2020-12-25T04:17:30.660-0400][gc,phases      ] GC(386394)   Post Evacuate Collection Set: 2.0ms
[2020-12-25T04:17:30.660-0400][gc,phases      ] GC(386394)   Other: 0.9ms
[2020-12-25T04:17:30.660-0400][gc,heap        ] GC(386394) Eden regions: 11->0(10)
[2020-12-25T04:17:30.660-0400][gc,heap        ] GC(386394) Survivor regions: 0->1(2)
[2020-12-25T04:17:30.660-0400][gc,heap        ] GC(386394) Old regions: 46->46
[2020-12-25T04:17:30.660-0400][gc,heap        ] GC(386394) Humongous regions: 4->4
[2020-12-25T04:17:30.660-0400][gc,metaspace   ] GC(386394) Metaspace: 61021K->61021K(1107968K)
[2020-12-25T04:17:30.660-0400][gc,heap        ] GC(386394) Heap after GC invocations=386370 (full 11310): garbage-first heap   total 71680K, used 48668K [0x0000000083000000, 0x0000000100000000)
[2020-12-25T04:17:30.660-0400][gc,heap        ] GC(386394)   region size 1024K, 1 young (1024K), 1 survivors (1024K)
[2020-12-25T04:17:30.660-0400][gc,heap        ] GC(386394)  Metaspace       used 61021K, capacity 63721K, committed 64768K, reserved 1107968K
[2020-12-25T04:17:30.660-0400][gc,heap        ] GC(386394)   class space    used 5712K, capacity 6559K, committed 6912K, reserved 1048576K
[2020-12-25T04:17:30.660-0400][gc             ] GC(386394) Pause Young (Normal) (G1 Evacuation Pause) 58M->47M(70M) 6.167ms
[2020-12-25T04:17:30.661-0400][gc,cpu         ] GC(386394) User=0.00s Sys=0.01s Real=0.01s
[2020-12-25T04:18:09.789-0400][gc,heap        ] GC(386395) Heap before GC invocations=386370 (full 11310): garbage-first heap   total 71680K, used 58908K [0x0000000083000000, 0x0000000100000000)
[2020-12-25T04:18:09.789-0400][gc,heap        ] GC(386395)   region size 1024K, 11 young (11264K), 1 survivors (1024K)
[2020-12-25T04:18:09.789-0400][gc,heap        ] GC(386395)  Metaspace       used 61021K, capacity 63721K, committed 64768K, reserved 1107968K
[2020-12-25T04:18:09.789-0400][gc,heap        ] GC(386395)   class space    used 5712K, capacity 6559K, committed 6912K, reserved 1048576K
[2020-12-25T04:18:09.790-0400][gc,start       ] GC(386395) Pause Young (Normal) (G1 Evacuation Pause)
[2020-12-25T04:18:09.790-0400][gc,task        ] GC(386395) Using 4 workers of 4 for evacuation
[2020-12-25T04:18:09.795-0400][gc,phases      ] GC(386395)   Pre Evacuate Collection Set: 0.0ms
[2020-12-25T04:18:09.795-0400][gc,phases      ] GC(386395)   Evacuate Collection Set: 3.0ms
[2020-12-25T04:18:09.795-0400][gc,phases      ] GC(386395)   Post Evacuate Collection Set: 1.6ms
[2020-12-25T04:18:09.795-0400][gc,phases      ] GC(386395)   Other: 0.9ms
[2020-12-25T04:18:09.795-0400][gc,heap        ] GC(386395) Eden regions: 10->0(10)
[2020-12-25T04:18:09.795-0400][gc,heap        ] GC(386395) Survivor regions: 1->1(2)
[2020-12-25T04:18:09.795-0400][gc,heap        ] GC(386395) Old regions: 46->46
[2020-12-25T04:18:09.795-0400][gc,heap        ] GC(386395) Humongous regions: 4->4
[2020-12-25T04:18:09.795-0400][gc,metaspace   ] GC(386395) Metaspace: 61021K->61021K(1107968K)
[2020-12-25T04:18:09.795-0400][gc,heap        ] GC(386395) Heap after GC invocations=386371 (full 11310): garbage-first heap   total 71680K, used 48688K [0x0000000083000000, 0x0000000100000000)
[2020-12-25T04:18:09.795-0400][gc,heap        ] GC(386395)   region size 1024K, 1 young (1024K), 1 survivors (1024K)
[2020-12-25T04:18:09.795-0400][gc,heap        ] GC(386395)  Metaspace       used 61021K, capacity 63721K, committed 64768K, reserved 1107968K
[2020-12-25T04:18:09.795-0400][gc,heap        ] GC(386395)   class space    used 5712K, capacity 6559K, committed 6912K, reserved 1048576K
[2020-12-25T04:18:09.795-0400][gc             ] GC(386395) Pause Young (Normal) (G1 Evacuation Pause) 57M->47M(70M) 5.836ms
[2020-12-25T04:18:09.796-0400][gc,cpu         ] GC(386395) User=0.01s Sys=0.00s Real=0.01s
[2020-12-25T04:18:47.397-0400][gc,heap        ] GC(386396) Heap before GC invocations=386371 (full 11310): garbage-first heap   total 71680K, used 57904K [0x0000000083000000, 0x0000000100000000)
[2020-12-25T04:18:47.397-0400][gc,heap        ] GC(386396)   region size 1024K, 11 young (11264K), 1 survivors (1024K)
[2020-12-25T04:18:47.398-0400][gc,heap        ] GC(386396)  Metaspace       used 61021K, capacity 63721K, committed 64768K, reserved 1107968K
[2020-12-25T04:18:47.398-0400][gc,heap        ] GC(386396)   class space    used 5712K, capacity 6559K, committed 6912K, reserved 1048576K
[2020-12-25T04:18:47.398-0400][gc,start       ] GC(386396) Pause Young (Normal) (G1 Evacuation Pause)
[2020-12-25T04:18:47.398-0400][gc,task        ] GC(386396) Using 4 workers of 4 for evacuation
[2020-12-25T04:18:47.403-0400][gc,phases      ] GC(386396)   Pre Evacuate Collection Set: 0.0ms
[2020-12-25T04:18:47.403-0400][gc,phases      ] GC(386396)   Evacuate Collection Set: 2.8ms
[2020-12-25T04:18:47.403-0400][gc,phases      ] GC(386396)   Post Evacuate Collection Set: 1.7ms
[2020-12-25T04:18:47.403-0400][gc,phases      ] GC(386396)   Other: 1.0ms
[2020-12-25T04:18:47.403-0400][gc,heap        ] GC(386396) Eden regions: 10->0(10)
[2020-12-25T04:18:47.403-0400][gc,heap        ] GC(386396) Survivor regions: 1->1(2)
[2020-12-25T04:18:47.403-0400][gc,heap        ] GC(386396) Old regions: 46->46
[2020-12-25T04:18:47.403-0400][gc,heap        ] GC(386396) Humongous regions: 4->4
[2020-12-25T04:18:47.403-0400][gc,metaspace   ] GC(386396) Metaspace: 61021K->61021K(1107968K)
[2020-12-25T04:18:47.403-0400][gc,heap        ] GC(386396) Heap after GC invocations=386372 (full 11310): garbage-first heap   total 71680K, used 48660K [0x0000000083000000, 0x0000000100000000)
[2020-12-25T04:18:47.403-0400][gc,heap        ] GC(386396)   region size 1024K, 1 young (1024K), 1 survivors (1024K)
[2020-12-25T04:18:47.403-0400][gc,heap        ] GC(386396)  Metaspace       used 61021K, capacity 63721K, committed 64768K, reserved 1107968K
[2020-12-25T04:18:47.403-0400][gc,heap        ] GC(386396)   class space    used 5712K, capacity 6559K, committed 6912K, reserved 1048576K
[2020-12-25T04:18:47.403-0400][gc             ] GC(386396) Pause Young (Normal) (G1 Evacuation Pause) 57M->47M(70M) 5.727ms
[2020-12-25T04:18:47.404-0400][gc,cpu         ] GC(386396) User=0.02s Sys=0.00s Real=0.00s
[2020-12-25T04:19:13.891-0400][gc,heap        ] GC(386397) Heap before GC invocations=386372 (full 11310): garbage-first heap   total 71680K, used 57876K [0x0000000083000000, 0x0000000100000000)
[2020-12-25T04:19:13.891-0400][gc,heap        ] GC(386397)   region size 1024K, 11 young (11264K), 1 survivors (1024K)
[2020-12-25T04:19:13.891-0400][gc,heap        ] GC(386397)  Metaspace       used 61021K, capacity 63721K, committed 64768K, reserved 1107968K
[2020-12-25T04:19:13.891-0400][gc,heap        ] GC(386397)   class space    used 5712K, capacity 6559K, committed 6912K, reserved 1048576K
[2020-12-25T04:19:13.891-0400][gc,start       ] GC(386397) Pause Young (Normal) (G1 Evacuation Pause)
[2020-12-25T04:19:13.891-0400][gc,task        ] GC(386397) Using 4 workers of 4 for evacuation
[2020-12-25T04:19:13.897-0400][gc,phases      ] GC(386397)   Pre Evacuate Collection Set: 0.0ms
[2020-12-25T04:19:13.897-0400][gc,phases      ] GC(386397)   Evacuate Collection Set: 3.1ms
[2020-12-25T04:19:13.897-0400][gc,phases      ] GC(386397)   Post Evacuate Collection Set: 2.0ms
[2020-12-25T04:19:13.897-0400][gc,phases      ] GC(386397)   Other: 1.1ms
[2020-12-25T04:19:13.897-0400][gc,heap        ] GC(386397) Eden regions: 10->0(10)
[2020-12-25T04:19:13.897-0400][gc,heap        ] GC(386397) Survivor regions: 1->1(2)
[2020-12-25T04:19:13.897-0400][gc,heap        ] GC(386397) Old regions: 46->46
[2020-12-25T04:19:13.897-0400][gc,heap        ] GC(386397) Humongous regions: 4->4
[2020-12-25T04:19:13.897-0400][gc,metaspace   ] GC(386397) Metaspace: 61021K->61021K(1107968K)
[2020-12-25T04:19:13.897-0400][gc,heap        ] GC(386397) Heap after GC invocations=386373 (full 11310): garbage-first heap   total 71680K, used 48714K [0x0000000083000000, 0x0000000100000000)
[2020-12-25T04:19:13.897-0400][gc,heap        ] GC(386397)   region size 1024K, 1 young (1024K), 1 survivors (1024K)
[2020-12-25T04:19:13.897-0400][gc,heap        ] GC(386397)  Metaspace       used 61021K, capacity 63721K, committed 64768K, reserved 1107968K
[2020-12-25T04:19:13.897-0400][gc,heap        ] GC(386397)   class space    used 5712K, capacity 6559K, committed 6912K, reserved 1048576K
[2020-12-25T04:19:13.897-0400][gc             ] GC(386397) Pause Young (Normal) (G1 Evacuation Pause) 57M->47M(70M) 6.320ms
[2020-12-25T04:19:13.898-0400][gc,cpu         ] GC(386397) User=0.02s Sys=0.00s Real=0.01s
[2020-12-25T04:19:52.954-0400][gc,heap        ] GC(386398) Heap before GC invocations=386373 (full 11310): garbage-first heap   total 71680K, used 57930K [0x0000000083000000, 0x0000000100000000)
[2020-12-25T04:19:52.954-0400][gc,heap        ] GC(386398)   region size 1024K, 11 young (11264K), 1 survivors (1024K)
[2020-12-25T04:19:52.954-0400][gc,heap        ] GC(386398)  Metaspace       used 61021K, capacity 63721K, committed 64768K, reserved 1107968K
[2020-12-25T04:19:52.955-0400][gc,heap        ] GC(386398)   class space    used 5712K, capacity 6559K, committed 6912K, reserved 1048576K
[2020-12-25T04:19:52.955-0400][gc,start       ] GC(386398) Pause Young (Normal) (G1 Evacuation Pause)
[2020-12-25T04:19:52.955-0400][gc,task        ] GC(386398) Using 4 workers of 4 for evacuation
[2020-12-25T04:19:52.960-0400][gc,phases      ] GC(386398)   Pre Evacuate Collection Set: 0.0ms
[2020-12-25T04:19:52.960-0400][gc,phases      ] GC(386398)   Evacuate Collection Set: 3.3ms
[2020-12-25T04:19:52.960-0400][gc,phases      ] GC(386398)   Post Evacuate Collection Set: 1.6ms
[2020-12-25T04:19:52.960-0400][gc,phases      ] GC(386398)   Other: 0.9ms
[2020-12-25T04:19:52.960-0400][gc,heap        ] GC(386398) Eden regions: 10->0(10)
[2020-12-25T04:19:52.960-0400][gc,heap        ] GC(386398) Survivor regions: 1->1(2)
[2020-12-25T04:19:52.960-0400][gc,heap        ] GC(386398) Old regions: 46->46
[2020-12-25T04:19:52.960-0400][gc,heap        ] GC(386398) Humongous regions: 4->4
[2020-12-25T04:19:52.961-0400][gc,metaspace   ] GC(386398) Metaspace: 61021K->61021K(1107968K)
[2020-12-25T04:19:52.961-0400][gc,heap        ] GC(386398) Heap after GC invocations=386374 (full 11310): garbage-first heap   total 71680K, used 48778K [0x0000000083000000, 0x0000000100000000)
[2020-12-25T04:19:52.961-0400][gc,heap        ] GC(386398)   region size 1024K, 1 young (1024K), 1 survivors (1024K)
[2020-12-25T04:19:52.961-0400][gc,heap        ] GC(386398)  Metaspace       used 61021K, capacity 63721K, committed 64768K, reserved 1107968K
[2020-12-25T04:19:52.961-0400][gc,heap        ] GC(386398)   class space    used 5712K, capacity 6559K, committed 6912K, reserved 1048576K
[2020-12-25T04:19:52.961-0400][gc             ] GC(386398) Pause Young (Normal) (G1 Evacuation Pause) 57M->47M(70M) 6.094ms
[2020-12-25T04:19:52.961-0400][gc,cpu         ] GC(386398) User=0.01s Sys=0.00s Real=0.01s
[2020-12-25T04:20:11.988-0400][gc,heap        ] GC(386399) Heap before GC invocations=386374 (full 11310): garbage-first heap   total 71680K, used 59018K [0x0000000083000000, 0x0000000100000000)
[2020-12-25T04:20:11.988-0400][gc,heap        ] GC(386399)   region size 1024K, 11 young (11264K), 1 survivors (1024K)
[2020-12-25T04:20:11.988-0400][gc,heap        ] GC(386399)  Metaspace       used 61021K, capacity 63721K, committed 64768K, reserved 1107968K
[2020-12-25T04:20:11.988-0400][gc,heap        ] GC(386399)   class space    used 5712K, capacity 6559K, committed 6912K, reserved 1048576K
[2020-12-25T04:20:11.988-0400][gc,start       ] GC(386399) Pause Young (Normal) (G1 Evacuation Pause)
[2020-12-25T04:20:11.988-0400][gc,task        ] GC(386399) Using 4 workers of 4 for evacuation
[2020-12-25T04:20:11.994-0400][gc,phases      ] GC(386399)   Pre Evacuate Collection Set: 0.1ms
[2020-12-25T04:20:11.994-0400][gc,phases      ] GC(386399)   Evacuate Collection Set: 3.5ms
[2020-12-25T04:20:11.994-0400][gc,phases      ] GC(386399)   Post Evacuate Collection Set: 1.9ms
[2020-12-25T04:20:11.995-0400][gc,phases      ] GC(386399)   Other: 0.8ms
[2020-12-25T04:20:11.995-0400][gc,heap        ] GC(386399) Eden regions: 10->0(10)
[2020-12-25T04:20:11.995-0400][gc,heap        ] GC(386399) Survivor regions: 1->1(2)
[2020-12-25T04:20:11.995-0400][gc,heap        ] GC(386399) Old regions: 46->46
[2020-12-25T04:20:11.995-0400][gc,heap        ] GC(386399) Humongous regions: 4->4
[2020-12-25T04:20:11.995-0400][gc,metaspace   ] GC(386399) Metaspace: 61021K->61021K(1107968K)
[2020-12-25T04:20:11.995-0400][gc,heap        ] GC(386399) Heap after GC invocations=386375 (full 11310): garbage-first heap   total 71680K, used 48864K [0x0000000083000000, 0x0000000100000000)
[2020-12-25T04:20:11.995-0400][gc,heap        ] GC(386399)   region size 1024K, 1 young (1024K), 1 survivors (1024K)
[2020-12-25T04:20:11.995-0400][gc,heap        ] GC(386399)  Metaspace       used 61021K, capacity 63721K, committed 64768K, reserved 1107968K
[2020-12-25T04:20:11.995-0400][gc,heap        ] GC(386399)   class space    used 5712K, capacity 6559K, committed 6912K, reserved 1048576K
[2020-12-25T04:20:11.995-0400][gc             ] GC(386399) Pause Young (Normal) (G1 Evacuation Pause) 57M->47M(70M) 6.766ms
[2020-12-25T04:20:11.995-0400][gc,cpu         ] GC(386399) User=0.01s Sys=0.01s Real=0.00s
[2020-12-25T04:20:42.236-0400][gc,heap        ] GC(386400) Heap before GC invocations=386375 (full 11310): garbage-first heap   total 71680K, used 58080K [0x0000000083000000, 0x0000000100000000)
[2020-12-25T04:20:42.236-0400][gc,heap        ] GC(386400)   region size 1024K, 11 young (11264K), 1 survivors (1024K)
[2020-12-25T04:20:42.236-0400][gc,heap        ] GC(386400)  Metaspace       used 61021K, capacity 63721K, committed 64768K, reserved 1107968K
[2020-12-25T04:20:42.236-0400][gc,heap        ] GC(386400)   class space    used 5712K, capacity 6559K, committed 6912K, reserved 1048576K
[2020-12-25T04:20:42.236-0400][gc,start       ] GC(386400) Pause Young (Normal) (G1 Evacuation Pause)
[2020-12-25T04:20:42.236-0400][gc,task        ] GC(386400) Using 4 workers of 4 for evacuation
[2020-12-25T04:20:42.241-0400][gc,phases      ] GC(386400)   Pre Evacuate Collection Set: 0.0ms
[2020-12-25T04:20:42.242-0400][gc,phases      ] GC(386400)   Evacuate Collection Set: 3.5ms
[2020-12-25T04:20:42.242-0400][gc,phases      ] GC(386400)   Post Evacuate Collection Set: 1.4ms
[2020-12-25T04:20:42.242-0400][gc,phases      ] GC(386400)   Other: 0.8ms
[2020-12-25T04:20:42.242-0400][gc,heap        ] GC(386400) Eden regions: 10->0(10)
[2020-12-25T04:20:42.242-0400][gc,heap        ] GC(386400) Survivor regions: 1->1(2)
[2020-12-25T04:20:42.242-0400][gc,heap        ] GC(386400) Old regions: 46->46
[2020-12-25T04:20:42.242-0400][gc,heap        ] GC(386400) Humongous regions: 4->4
[2020-12-25T04:20:42.242-0400][gc,metaspace   ] GC(386400) Metaspace: 61021K->61021K(1107968K)
[2020-12-25T04:20:42.242-0400][gc,heap        ] GC(386400) Heap after GC invocations=386376 (full 11310): garbage-first heap   total 71680K, used 48845K [0x0000000083000000, 0x0000000100000000)
[2020-12-25T04:20:42.242-0400][gc,heap        ] GC(386400)   region size 1024K, 1 young (1024K), 1 survivors (1024K)
[2020-12-25T04:20:42.242-0400][gc,heap        ] GC(386400)  Metaspace       used 61021K, capacity 63721K, committed 64768K, reserved 1107968K
[2020-12-25T04:20:42.242-0400][gc,heap        ] GC(386400)   class space    used 5712K, capacity 6559K, committed 6912K, reserved 1048576K
[2020-12-25T04:20:42.242-0400][gc             ] GC(386400) Pause Young (Normal) (G1 Evacuation Pause) 57M->47M(70M) 6.246ms
[2020-12-25T04:20:42.242-0400][gc,cpu         ] GC(386400) User=0.01s Sys=0.01s Real=0.00s
[2020-12-25T04:21:13.893-0400][gc,heap        ] GC(386401) Heap before GC invocations=386376 (full 11310): garbage-first heap   total 71680K, used 58061K [0x0000000083000000, 0x0000000100000000)
[2020-12-25T04:21:13.893-0400][gc,heap        ] GC(386401)   region size 1024K, 11 young (11264K), 1 survivors (1024K)
[2020-12-25T04:21:13.893-0400][gc,heap        ] GC(386401)  Metaspace       used 61021K, capacity 63721K, committed 64768K, reserved 1107968K
[2020-12-25T04:21:13.893-0400][gc,heap        ] GC(386401)   class space    used 5712K, capacity 6559K, committed 6912K, reserved 1048576K
[2020-12-25T04:21:13.893-0400][gc,start       ] GC(386401) Pause Young (Normal) (G1 Evacuation Pause)
[2020-12-25T04:21:13.893-0400][gc,task        ] GC(386401) Using 4 workers of 4 for evacuation
[2020-12-25T04:21:13.899-0400][gc,phases      ] GC(386401)   Pre Evacuate Collection Set: 0.0ms
[2020-12-25T04:21:13.899-0400][gc,phases      ] GC(386401)   Evacuate Collection Set: 3.5ms
[2020-12-25T04:21:13.899-0400][gc,phases      ] GC(386401)   Post Evacuate Collection Set: 1.5ms
[2020-12-25T04:21:13.899-0400][gc,phases      ] GC(386401)   Other: 1.0ms
[2020-12-25T04:21:13.899-0400][gc,heap        ] GC(386401) Eden regions: 10->0(10)
[2020-12-25T04:21:13.899-0400][gc,heap        ] GC(386401) Survivor regions: 1->1(2)
[2020-12-25T04:21:13.899-0400][gc,heap        ] GC(386401) Old regions: 46->46
[2020-12-25T04:21:13.899-0400][gc,heap        ] GC(386401) Humongous regions: 4->4
[2020-12-25T04:21:13.899-0400][gc,metaspace   ] GC(386401) Metaspace: 61021K->61021K(1107968K)
[2020-12-25T04:21:13.899-0400][gc,heap        ] GC(386401) Heap after GC invocations=386377 (full 11310): garbage-first heap   total 71680K, used 48878K [0x0000000083000000, 0x0000000100000000)
[2020-12-25T04:21:13.899-0400][gc,heap        ] GC(386401)   region size 1024K, 1 young (1024K), 1 survivors (1024K)
[2020-12-25T04:21:13.899-0400][gc,heap        ] GC(386401)  Metaspace       used 61021K, capacity 63721K, committed 64768K, reserved 1107968K
[2020-12-25T04:21:13.899-0400][gc,heap        ] GC(386401)   class space    used 5712K, capacity 6559K, committed 6912K, reserved 1048576K
[2020-12-25T04:21:13.900-0400][gc             ] GC(386401) Pause Young (Normal) (G1 Evacuation Pause) 57M->47M(70M) 6.399ms
[2020-12-25T04:21:13.900-0400][gc,cpu         ] GC(386401) User=0.02s Sys=0.00s Real=0.01s
[2020-12-25T04:21:49.628-0400][gc,heap        ] GC(386402) Heap before GC invocations=386377 (full 11310): garbage-first heap   total 71680K, used 58094K [0x0000000083000000, 0x0000000100000000)
[2020-12-25T04:21:49.628-0400][gc,heap        ] GC(386402)   region size 1024K, 11 young (11264K), 1 survivors (1024K)
[2020-12-25T04:21:49.628-0400][gc,heap        ] GC(386402)  Metaspace       used 61021K, capacity 63721K, committed 64768K, reserved 1107968K
[2020-12-25T04:21:49.628-0400][gc,heap        ] GC(386402)   class space    used 5712K, capacity 6559K, committed 6912K, reserved 1048576K
[2020-12-25T04:21:49.628-0400][gc,start       ] GC(386402) Pause Young (Normal) (G1 Evacuation Pause)
[2020-12-25T04:21:49.628-0400][gc,task        ] GC(386402) Using 4 workers of 4 for evacuation
[2020-12-25T04:21:49.634-0400][gc,phases      ] GC(386402)   Pre Evacuate Collection Set: 0.0ms
[2020-12-25T04:21:49.634-0400][gc,phases      ] GC(386402)   Evacuate Collection Set: 3.5ms
[2020-12-25T04:21:49.634-0400][gc,phases      ] GC(386402)   Post Evacuate Collection Set: 1.5ms
[2020-12-25T04:21:49.634-0400][gc,phases      ] GC(386402)   Other: 1.1ms
[2020-12-25T04:21:49.635-0400][gc,heap        ] GC(386402) Eden regions: 10->0(10)
[2020-12-25T04:21:49.635-0400][gc,heap        ] GC(386402) Survivor regions: 1->1(2)
[2020-12-25T04:21:49.635-0400][gc,heap        ] GC(386402) Old regions: 46->46
[2020-12-25T04:21:49.635-0400][gc,heap        ] GC(386402) Humongous regions: 4->4
[2020-12-25T04:21:49.635-0400][gc,metaspace   ] GC(386402) Metaspace: 61021K->61021K(1107968K)
[2020-12-25T04:21:49.635-0400][gc,heap        ] GC(386402) Heap after GC invocations=386378 (full 11310): garbage-first heap   total 71680K, used 48810K [0x0000000083000000, 0x0000000100000000)
[2020-12-25T04:21:49.635-0400][gc,heap        ] GC(386402)   region size 1024K, 1 young (1024K), 1 survivors (1024K)
[2020-12-25T04:21:49.635-0400][gc,heap        ] GC(386402)  Metaspace       used 61021K, capacity 63721K, committed 64768K, reserved 1107968K
[2020-12-25T04:21:49.635-0400][gc,heap        ] GC(386402)   class space    used 5712K, capacity 6559K, committed 6912K, reserved 1048576K
[2020-12-25T04:21:49.635-0400][gc             ] GC(386402) Pause Young (Normal) (G1 Evacuation Pause) 57M->47M(70M) 6.565ms
[2020-12-25T04:21:49.635-0400][gc,cpu         ] GC(386402) User=0.02s Sys=0.00s Real=0.00s
[2020-12-25T04:21:50.924-0400][gc,task        ] GC(386403) Using 3 workers of 4 for full compaction
[2020-12-25T04:21:50.924-0400][gc,start       ] GC(386403) Pause Full (System.gc())
[2020-12-25T04:21:50.924-0400][gc,heap        ] GC(386403) Heap before GC invocations=386378 (full 11310): garbage-first heap   total 71680K, used 48810K [0x0000000083000000, 0x0000000100000000)
[2020-12-25T04:21:50.924-0400][gc,heap        ] GC(386403)   region size 1024K, 2 young (2048K), 1 survivors (1024K)
[2020-12-25T04:21:50.925-0400][gc,heap        ] GC(386403)  Metaspace       used 61021K, capacity 63721K, committed 64768K, reserved 1107968K
[2020-12-25T04:21:50.925-0400][gc,heap        ] GC(386403)   class space    used 5712K, capacity 6559K, committed 6912K, reserved 1048576K
[2020-12-25T04:21:50.927-0400][gc,phases,start] GC(386403) Phase 1: Mark live objects
[2020-12-25T04:21:51.069-0400][gc,stringtable ] GC(386403) Cleaned string and symbol table, strings: 32207 processed, 0 removed, symbols: 131451 processed, 0 removed
[2020-12-25T04:21:51.070-0400][gc,phases      ] GC(386403) Phase 1: Mark live objects 142.576ms
[2020-12-25T04:21:51.070-0400][gc,phases,start] GC(386403) Phase 2: Prepare for compaction
[2020-12-25T04:21:51.099-0400][gc,phases      ] GC(386403) Phase 2: Prepare for compaction 29.638ms
[2020-12-25T04:21:51.099-0400][gc,phases,start] GC(386403) Phase 3: Adjust pointers
[2020-12-25T04:21:51.176-0400][gc,phases      ] GC(386403) Phase 3: Adjust pointers 76.212ms
[2020-12-25T04:21:51.176-0400][gc,phases,start] GC(386403) Phase 4: Compact heap
[2020-12-25T04:21:51.194-0400][gc,phases      ] GC(386403) Phase 4: Compact heap 18.369ms
[2020-12-25T04:21:51.229-0400][gc,heap        ] GC(386403) Eden regions: 1->0(11)
[2020-12-25T04:21:51.229-0400][gc,heap        ] GC(386403) Survivor regions: 1->0(2)
[2020-12-25T04:21:51.229-0400][gc,heap        ] GC(386403) Old regions: 46->46
[2020-12-25T04:21:51.229-0400][gc,heap        ] GC(386403) Humongous regions: 4->4
[2020-12-25T04:21:51.230-0400][gc,metaspace   ] GC(386403) Metaspace: 61021K->61021K(1107968K)
[2020-12-25T04:21:51.230-0400][gc,heap        ] GC(386403) Heap after GC invocations=386379 (full 11311): garbage-first heap   total 71680K, used 48374K [0x0000000083000000, 0x0000000100000000)
[2020-12-25T04:21:51.230-0400][gc,heap        ] GC(386403)   region size 1024K, 0 young (0K), 0 survivors (0K)
[2020-12-25T04:21:51.230-0400][gc,heap        ] GC(386403)  Metaspace       used 61021K, capacity 63721K, committed 64768K, reserved 1107968K
[2020-12-25T04:21:51.230-0400][gc,heap        ] GC(386403)   class space    used 5712K, capacity 6559K, committed 6912K, reserved 1048576K
[2020-12-25T04:21:51.230-0400][gc             ] GC(386403) Pause Full (System.gc()) 48M->47M(70M) 305.497ms
[2020-12-25T04:21:51.230-0400][gc,cpu         ] GC(386403) User=0.53s Sys=0.29s Real=0.31s
[2020-12-25T04:22:14.472-0400][gc,heap        ] GC(386404) Heap before GC invocations=386379 (full 11311): garbage-first heap   total 71680K, used 59638K [0x0000000083000000, 0x0000000100000000)
[2020-12-25T04:22:14.473-0400][gc,heap        ] GC(386404)   region size 1024K, 11 young (11264K), 0 survivors (0K)
[2020-12-25T04:22:14.473-0400][gc,heap        ] GC(386404)  Metaspace       used 61021K, capacity 63721K, committed 64768K, reserved 1107968K
[2020-12-25T04:22:14.473-0400][gc,heap        ] GC(386404)   class space    used 5712K, capacity 6559K, committed 6912K, reserved 1048576K
[2020-12-25T04:22:14.473-0400][gc,start       ] GC(386404) Pause Young (Normal) (G1 Evacuation Pause)
[2020-12-25T04:22:14.473-0400][gc,task        ] GC(386404) Using 4 workers of 4 for evacuation
[2020-12-25T04:22:14.478-0400][gc,phases      ] GC(386404)   Pre Evacuate Collection Set: 0.0ms
[2020-12-25T04:22:14.478-0400][gc,phases      ] GC(386404)   Evacuate Collection Set: 2.9ms
[2020-12-25T04:22:14.478-0400][gc,phases      ] GC(386404)   Post Evacuate Collection Set: 1.9ms
[2020-12-25T04:22:14.478-0400][gc,phases      ] GC(386404)   Other: 0.8ms
[2020-12-25T04:22:14.478-0400][gc,heap        ] GC(386404) Eden regions: 11->0(10)
[2020-12-25T04:22:14.478-0400][gc,heap        ] GC(386404) Survivor regions: 0->1(2)
[2020-12-25T04:22:14.478-0400][gc,heap        ] GC(386404) Old regions: 46->46
[2020-12-25T04:22:14.478-0400][gc,heap        ] GC(386404) Humongous regions: 4->4
[2020-12-25T04:22:14.479-0400][gc,metaspace   ] GC(386404) Metaspace: 61021K->61021K(1107968K)
[2020-12-25T04:22:14.479-0400][gc,heap        ] GC(386404) Heap after GC invocations=386380 (full 11311): garbage-first heap   total 71680K, used 48649K [0x0000000083000000, 0x0000000100000000)
[2020-12-25T04:22:14.479-0400][gc,heap        ] GC(386404)   region size 1024K, 1 young (1024K), 1 survivors (1024K)
[2020-12-25T04:22:14.479-0400][gc,heap        ] GC(386404)  Metaspace       used 61021K, capacity 63721K, committed 64768K, reserved 1107968K
[2020-12-25T04:22:14.479-0400][gc,heap        ] GC(386404)   class space    used 5712K, capacity 6559K, committed 6912K, reserved 1048576K
[2020-12-25T04:22:14.479-0400][gc             ] GC(386404) Pause Young (Normal) (G1 Evacuation Pause) 58M->47M(70M) 6.112ms
[2020-12-25T04:22:14.479-0400][gc,cpu         ] GC(386404) User=0.02s Sys=0.00s Real=0.01s
[2020-12-25T04:22:51.908-0400][gc,heap        ] GC(386405) Heap before GC invocations=386380 (full 11311): garbage-first heap   total 71680K, used 57865K [0x0000000083000000, 0x0000000100000000)
[2020-12-25T04:22:51.908-0400][gc,heap        ] GC(386405)   region size 1024K, 11 young (11264K), 1 survivors (1024K)
[2020-12-25T04:22:51.908-0400][gc,heap        ] GC(386405)  Metaspace       used 61021K, capacity 63721K, committed 64768K, reserved 1107968K
[2020-12-25T04:22:51.908-0400][gc,heap        ] GC(386405)   class space    used 5712K, capacity 6559K, committed 6912K, reserved 1048576K
[2020-12-25T04:22:51.908-0400][gc,start       ] GC(386405) Pause Young (Normal) (G1 Evacuation Pause)
[2020-12-25T04:22:51.909-0400][gc,task        ] GC(386405) Using 4 workers of 4 for evacuation
[2020-12-25T04:22:51.914-0400][gc,phases      ] GC(386405)   Pre Evacuate Collection Set: 0.0ms
[2020-12-25T04:22:51.914-0400][gc,phases      ] GC(386405)   Evacuate Collection Set: 3.3ms
[2020-12-25T04:22:51.914-0400][gc,phases      ] GC(386405)   Post Evacuate Collection Set: 1.4ms
[2020-12-25T04:22:51.914-0400][gc,phases      ] GC(386405)   Other: 0.9ms
[2020-12-25T04:22:51.914-0400][gc,heap        ] GC(386405) Eden regions: 10->0(10)
[2020-12-25T04:22:51.914-0400][gc,heap        ] GC(386405) Survivor regions: 1->1(2)
[2020-12-25T04:22:51.914-0400][gc,heap        ] GC(386405) Old regions: 46->46
[2020-12-25T04:22:51.914-0400][gc,heap        ] GC(386405) Humongous regions: 4->4
[2020-12-25T04:22:51.914-0400][gc,metaspace   ] GC(386405) Metaspace: 61021K->61021K(1107968K)
[2020-12-25T04:22:51.914-0400][gc,heap        ] GC(386405) Heap after GC invocations=386381 (full 11311): garbage-first heap   total 71680K, used 48673K [0x0000000083000000, 0x0000000100000000)
[2020-12-25T04:22:51.914-0400][gc,heap        ] GC(386405)   region size 1024K, 1 young (1024K), 1 survivors (1024K)
[2020-12-25T04:22:51.914-0400][gc,heap        ] GC(386405)  Metaspace       used 61021K, capacity 63721K, committed 64768K, reserved 1107968K
[2020-12-25T04:22:51.914-0400][gc,heap        ] GC(386405)   class space    used 5712K, capacity 6559K, committed 6912K, reserved 1048576K
[2020-12-25T04:22:51.915-0400][gc             ] GC(386405) Pause Young (Normal) (G1 Evacuation Pause) 57M->47M(70M) 6.047ms
[2020-12-25T04:22:51.915-0400][gc,cpu         ] GC(386405) User=0.01s Sys=0.00s Real=0.00s
[2020-12-25T04:23:17.710-0400][gc,heap        ] GC(386406) Heap before GC invocations=386381 (full 11311): garbage-first heap   total 71680K, used 57889K [0x0000000083000000, 0x0000000100000000)
[2020-12-25T04:23:17.710-0400][gc,heap        ] GC(386406)   region size 1024K, 11 young (11264K), 1 survivors (1024K)
[2020-12-25T04:23:17.710-0400][gc,heap        ] GC(386406)  Metaspace       used 61021K, capacity 63721K, committed 64768K, reserved 1107968K
[2020-12-25T04:23:17.710-0400][gc,heap        ] GC(386406)   class space    used 5712K, capacity 6559K, committed 6912K, reserved 1048576K
[2020-12-25T04:23:17.710-0400][gc,start       ] GC(386406) Pause Young (Normal) (G1 Evacuation Pause)
[2020-12-25T04:23:17.710-0400][gc,task        ] GC(386406) Using 4 workers of 4 for evacuation
[2020-12-25T04:23:17.715-0400][gc,phases      ] GC(386406)   Pre Evacuate Collection Set: 0.0ms
[2020-12-25T04:23:17.715-0400][gc,phases      ] GC(386406)   Evacuate Collection Set: 3.2ms
[2020-12-25T04:23:17.715-0400][gc,phases      ] GC(386406)   Post Evacuate Collection Set: 1.5ms
[2020-12-25T04:23:17.715-0400][gc,phases      ] GC(386406)   Other: 0.8ms
[2020-12-25T04:23:17.716-0400][gc,heap        ] GC(386406) Eden regions: 10->0(10)
[2020-12-25T04:23:17.716-0400][gc,heap        ] GC(386406) Survivor regions: 1->1(2)
[2020-12-25T04:23:17.716-0400][gc,heap        ] GC(386406) Old regions: 46->46
[2020-12-25T04:23:17.716-0400][gc,heap        ] GC(386406) Humongous regions: 4->4
[2020-12-25T04:23:17.716-0400][gc,metaspace   ] GC(386406) Metaspace: 61021K->61021K(1107968K)
[2020-12-25T04:23:17.716-0400][gc,heap        ] GC(386406) Heap after GC invocations=386382 (full 11311): garbage-first heap   total 71680K, used 48733K [0x0000000083000000, 0x0000000100000000)
[2020-12-25T04:23:17.716-0400][gc,heap        ] GC(386406)   region size 1024K, 1 young (1024K), 1 survivors (1024K)
[2020-12-25T04:23:17.716-0400][gc,heap        ] GC(386406)  Metaspace       used 61021K, capacity 63721K, committed 64768K, reserved 1107968K
[2020-12-25T04:23:17.716-0400][gc,heap        ] GC(386406)   class space    used 5712K, capacity 6559K, committed 6912K, reserved 1048576K
[2020-12-25T04:23:17.716-0400][gc             ] GC(386406) Pause Young (Normal) (G1 Evacuation Pause) 57M->47M(70M) 5.976ms
[2020-12-25T04:23:17.716-0400][gc,cpu         ] GC(386406) User=0.01s Sys=0.01s Real=0.01s
[2020-12-25T04:23:51.548-0400][gc,heap        ] GC(386407) Heap before GC invocations=386382 (full 11311): garbage-first heap   total 71680K, used 57949K [0x0000000083000000, 0x0000000100000000)
[2020-12-25T04:23:51.548-0400][gc,heap        ] GC(386407)   region size 1024K, 11 young (11264K), 1 survivors (1024K)
[2020-12-25T04:23:51.549-0400][gc,heap        ] GC(386407)  Metaspace       used 61021K, capacity 63721K, committed 64768K, reserved 1107968K
[2020-12-25T04:23:51.549-0400][gc,heap        ] GC(386407)   class space    used 5712K, capacity 6559K, committed 6912K, reserved 1048576K
[2020-12-25T04:23:51.549-0400][gc,start       ] GC(386407) Pause Young (Normal) (G1 Evacuation Pause)
[2020-12-25T04:23:51.549-0400][gc,task        ] GC(386407) Using 4 workers of 4 for evacuation
[2020-12-25T04:23:51.554-0400][gc,phases      ] GC(386407)   Pre Evacuate Collection Set: 0.0ms
[2020-12-25T04:23:51.554-0400][gc,phases      ] GC(386407)   Evacuate Collection Set: 3.4ms
[2020-12-25T04:23:51.554-0400][gc,phases      ] GC(386407)   Post Evacuate Collection Set: 1.5ms
[2020-12-25T04:23:51.555-0400][gc,phases      ] GC(386407)   Other: 0.9ms
[2020-12-25T04:23:51.555-0400][gc,heap        ] GC(386407) Eden regions: 10->0(10)
[2020-12-25T04:23:51.555-0400][gc,heap        ] GC(386407) Survivor regions: 1->1(2)
[2020-12-25T04:23:51.555-0400][gc,heap        ] GC(386407) Old regions: 46->46
[2020-12-25T04:23:51.555-0400][gc,heap        ] GC(386407) Humongous regions: 4->4
[2020-12-25T04:23:51.555-0400][gc,metaspace   ] GC(386407) Metaspace: 61021K->61021K(1107968K)
[2020-12-25T04:23:51.555-0400][gc,heap        ] GC(386407) Heap after GC invocations=386383 (full 11311): garbage-first heap   total 71680K, used 48774K [0x0000000083000000, 0x0000000100000000)
[2020-12-25T04:23:51.555-0400][gc,heap        ] GC(386407)   region size 1024K, 1 young (1024K), 1 survivors (1024K)
[2020-12-25T04:23:51.555-0400][gc,heap        ] GC(386407)  Metaspace       used 61021K, capacity 63721K, committed 64768K, reserved 1107968K
[2020-12-25T04:23:51.555-0400][gc,heap        ] GC(386407)   class space    used 5712K, capacity 6559K, committed 6912K, reserved 1048576K
[2020-12-25T04:23:51.555-0400][gc             ] GC(386407) Pause Young (Normal) (G1 Evacuation Pause) 57M->47M(70M) 6.279ms
[2020-12-25T04:23:51.555-0400][gc,cpu         ] GC(386407) User=0.01s Sys=0.01s Real=0.00s
[2020-12-25T04:24:23.954-0400][gc,heap        ] GC(386408) Heap before GC invocations=386383 (full 11311): garbage-first heap   total 71680K, used 57990K [0x0000000083000000, 0x0000000100000000)
[2020-12-25T04:24:23.954-0400][gc,heap        ] GC(386408)   region size 1024K, 11 young (11264K), 1 survivors (1024K)
[2020-12-25T04:24:23.954-0400][gc,heap        ] GC(386408)  Metaspace       used 61021K, capacity 63721K, committed 64768K, reserved 1107968K
[2020-12-25T04:24:23.954-0400][gc,heap        ] GC(386408)   class space    used 5712K, capacity 6559K, committed 6912K, reserved 1048576K
[2020-12-25T04:24:23.954-0400][gc,start       ] GC(386408) Pause Young (Normal) (G1 Evacuation Pause)
[2020-12-25T04:24:23.954-0400][gc,task        ] GC(386408) Using 4 workers of 4 for evacuation
[2020-12-25T04:24:23.960-0400][gc,phases      ] GC(386408)   Pre Evacuate Collection Set: 0.0ms
[2020-12-25T04:24:23.960-0400][gc,phases      ] GC(386408)   Evacuate Collection Set: 3.4ms
[2020-12-25T04:24:23.960-0400][gc,phases      ] GC(386408)   Post Evacuate Collection Set: 1.6ms
[2020-12-25T04:24:23.960-0400][gc,phases      ] GC(386408)   Other: 0.8ms
[2020-12-25T04:24:23.960-0400][gc,heap        ] GC(386408) Eden regions: 10->0(10)
[2020-12-25T04:24:23.960-0400][gc,heap        ] GC(386408) Survivor regions: 1->1(2)
[2020-12-25T04:24:23.960-0400][gc,heap        ] GC(386408) Old regions: 46->46
[2020-12-25T04:24:23.960-0400][gc,heap        ] GC(386408) Humongous regions: 4->4
[2020-12-25T04:24:23.960-0400][gc,metaspace   ] GC(386408) Metaspace: 61021K->61021K(1107968K)
[2020-12-25T04:24:23.960-0400][gc,heap        ] GC(386408) Heap after GC invocations=386384 (full 11311): garbage-first heap   total 71680K, used 48798K [0x0000000083000000, 0x0000000100000000)
[2020-12-25T04:24:23.960-0400][gc,heap        ] GC(386408)   region size 1024K, 1 young (1024K), 1 survivors (1024K)
[2020-12-25T04:24:23.960-0400][gc,heap        ] GC(386408)  Metaspace       used 61021K, capacity 63721K, committed 64768K, reserved 1107968K
[2020-12-25T04:24:23.961-0400][gc,heap        ] GC(386408)   class space    used 5712K, capacity 6559K, committed 6912K, reserved 1048576K
[2020-12-25T04:24:23.961-0400][gc             ] GC(386408) Pause Young (Normal) (G1 Evacuation Pause) 57M->47M(70M) 6.408ms
[2020-12-25T04:24:23.961-0400][gc,cpu         ] GC(386408) User=0.01s Sys=0.01s Real=0.01s
[2020-12-25T04:24:57.131-0400][gc,heap        ] GC(386409) Heap before GC invocations=386384 (full 11311): garbage-first heap   total 71680K, used 58014K [0x0000000083000000, 0x0000000100000000)
[2020-12-25T04:24:57.131-0400][gc,heap        ] GC(386409)   region size 1024K, 11 young (11264K), 1 survivors (1024K)
[2020-12-25T04:24:57.131-0400][gc,heap        ] GC(386409)  Metaspace       used 61021K, capacity 63721K, committed 64768K, reserved 1107968K
[2020-12-25T04:24:57.131-0400][gc,heap        ] GC(386409)   class space    used 5712K, capacity 6559K, committed 6912K, reserved 1048576K
[2020-12-25T04:24:57.131-0400][gc,start       ] GC(386409) Pause Young (Normal) (G1 Evacuation Pause)
[2020-12-25T04:24:57.131-0400][gc,task        ] GC(386409) Using 4 workers of 4 for evacuation
[2020-12-25T04:24:57.137-0400][gc,phases      ] GC(386409)   Pre Evacuate Collection Set: 0.0ms
[2020-12-25T04:24:57.137-0400][gc,phases      ] GC(386409)   Evacuate Collection Set: 3.7ms
[2020-12-25T04:24:57.137-0400][gc,phases      ] GC(386409)   Post Evacuate Collection Set: 1.5ms
[2020-12-25T04:24:57.137-0400][gc,phases      ] GC(386409)   Other: 1.0ms
[2020-12-25T04:24:57.137-0400][gc,heap        ] GC(386409) Eden regions: 10->0(10)
[2020-12-25T04:24:57.137-0400][gc,heap        ] GC(386409) Survivor regions: 1->1(2)
[2020-12-25T04:24:57.137-0400][gc,heap        ] GC(386409) Old regions: 46->46
[2020-12-25T04:24:57.137-0400][gc,heap        ] GC(386409) Humongous regions: 4->4
[2020-12-25T04:24:57.137-0400][gc,metaspace   ] GC(386409) Metaspace: 61021K->61021K(1107968K)
[2020-12-25T04:24:57.137-0400][gc,heap        ] GC(386409) Heap after GC invocations=386385 (full 11311): garbage-first heap   total 71680K, used 48841K [0x0000000083000000, 0x0000000100000000)
[2020-12-25T04:24:57.137-0400][gc,heap        ] GC(386409)   region size 1024K, 1 young (1024K), 1 survivors (1024K)
[2020-12-25T04:24:57.137-0400][gc,heap        ] GC(386409)  Metaspace       used 61021K, capacity 63721K, committed 64768K, reserved 1107968K
[2020-12-25T04:24:57.137-0400][gc,heap        ] GC(386409)   class space    used 5712K, capacity 6559K, committed 6912K, reserved 1048576K
[2020-12-25T04:24:57.137-0400][gc             ] GC(386409) Pause Young (Normal) (G1 Evacuation Pause) 57M->47M(70M) 6.402ms
[2020-12-25T04:24:57.138-0400][gc,cpu         ] GC(386409) User=0.02s Sys=0.00s Real=0.01s
[2020-12-25T04:25:24.536-0400][gc,heap        ] GC(386410) Heap before GC invocations=386385 (full 11311): garbage-first heap   total 71680K, used 58057K [0x0000000083000000, 0x0000000100000000)
[2020-12-25T04:25:24.536-0400][gc,heap        ] GC(386410)   region size 1024K, 11 young (11264K), 1 survivors (1024K)
[2020-12-25T04:25:24.536-0400][gc,heap        ] GC(386410)  Metaspace       used 61021K, capacity 63721K, committed 64768K, reserved 1107968K
[2020-12-25T04:25:24.536-0400][gc,heap        ] GC(386410)   class space    used 5712K, capacity 6559K, committed 6912K, reserved 1048576K
[2020-12-25T04:25:24.536-0400][gc,start       ] GC(386410) Pause Young (Normal) (G1 Evacuation Pause)
[2020-12-25T04:25:24.536-0400][gc,task        ] GC(386410) Using 4 workers of 4 for evacuation
[2020-12-25T04:25:24.542-0400][gc,phases      ] GC(386410)   Pre Evacuate Collection Set: 0.0ms
[2020-12-25T04:25:24.542-0400][gc,phases      ] GC(386410)   Evacuate Collection Set: 3.7ms
[2020-12-25T04:25:24.542-0400][gc,phases      ] GC(386410)   Post Evacuate Collection Set: 1.6ms
[2020-12-25T04:25:24.542-0400][gc,phases      ] GC(386410)   Other: 0.9ms
[2020-12-25T04:25:24.542-0400][gc,heap        ] GC(386410) Eden regions: 10->0(10)
[2020-12-25T04:25:24.542-0400][gc,heap        ] GC(386410) Survivor regions: 1->1(2)
[2020-12-25T04:25:24.542-0400][gc,heap        ] GC(386410) Old regions: 46->46
[2020-12-25T04:25:24.542-0400][gc,heap        ] GC(386410) Humongous regions: 4->4
[2020-12-25T04:25:24.542-0400][gc,metaspace   ] GC(386410) Metaspace: 61021K->61021K(1107968K)
[2020-12-25T04:25:24.543-0400][gc,heap        ] GC(386410) Heap after GC invocations=386386 (full 11311): garbage-first heap   total 71680K, used 48871K [0x0000000083000000, 0x0000000100000000)
[2020-12-25T04:25:24.543-0400][gc,heap        ] GC(386410)   region size 1024K, 1 young (1024K), 1 survivors (1024K)
[2020-12-25T04:25:24.543-0400][gc,heap        ] GC(386410)  Metaspace       used 61021K, capacity 63721K, committed 64768K, reserved 1107968K
[2020-12-25T04:25:24.543-0400][gc,heap        ] GC(386410)   class space    used 5712K, capacity 6559K, committed 6912K, reserved 1048576K
[2020-12-25T04:25:24.543-0400][gc             ] GC(386410) Pause Young (Normal) (G1 Evacuation Pause) 57M->47M(70M) 6.913ms
[2020-12-25T04:25:24.543-0400][gc,cpu         ] GC(386410) User=0.02s Sys=0.00s Real=0.00s
[2020-12-25T04:25:54.771-0400][gc,heap        ] GC(386411) Heap before GC invocations=386386 (full 11311): garbage-first heap   total 71680K, used 58087K [0x0000000083000000, 0x0000000100000000)
[2020-12-25T04:25:54.771-0400][gc,heap        ] GC(386411)   region size 1024K, 11 young (11264K), 1 survivors (1024K)
[2020-12-25T04:25:54.771-0400][gc,heap        ] GC(386411)  Metaspace       used 61021K, capacity 63721K, committed 64768K, reserved 1107968K
[2020-12-25T04:25:54.771-0400][gc,heap        ] GC(386411)   class space    used 5712K, capacity 6559K, committed 6912K, reserved 1048576K
[2020-12-25T04:25:54.771-0400][gc,start       ] GC(386411) Pause Young (Normal) (G1 Evacuation Pause)
[2020-12-25T04:25:54.771-0400][gc,task        ] GC(386411) Using 4 workers of 4 for evacuation
[2020-12-25T04:25:54.777-0400][gc,phases      ] GC(386411)   Pre Evacuate Collection Set: 0.0ms
[2020-12-25T04:25:54.777-0400][gc,phases      ] GC(386411)   Evacuate Collection Set: 3.7ms
[2020-12-25T04:25:54.777-0400][gc,phases      ] GC(386411)   Post Evacuate Collection Set: 1.6ms
[2020-12-25T04:25:54.777-0400][gc,phases      ] GC(386411)   Other: 0.9ms
[2020-12-25T04:25:54.777-0400][gc,heap        ] GC(386411) Eden regions: 10->0(10)
[2020-12-25T04:25:54.777-0400][gc,heap        ] GC(386411) Survivor regions: 1->1(2)
[2020-12-25T04:25:54.778-0400][gc,heap        ] GC(386411) Old regions: 46->46
[2020-12-25T04:25:54.778-0400][gc,heap        ] GC(386411) Humongous regions: 4->4
[2020-12-25T04:25:54.778-0400][gc,metaspace   ] GC(386411) Metaspace: 61021K->61021K(1107968K)
[2020-12-25T04:25:54.778-0400][gc,heap        ] GC(386411) Heap after GC invocations=386387 (full 11311): garbage-first heap   total 71680K, used 48893K [0x0000000083000000, 0x0000000100000000)
[2020-12-25T04:25:54.778-0400][gc,heap        ] GC(386411)   region size 1024K, 1 young (1024K), 1 survivors (1024K)
[2020-12-25T04:25:54.778-0400][gc,heap        ] GC(386411)  Metaspace       used 61021K, capacity 63721K, committed 64768K, reserved 1107968K
[2020-12-25T04:25:54.778-0400][gc,heap        ] GC(386411)   class space    used 5712K, capacity 6559K, committed 6912K, reserved 1048576K
[2020-12-25T04:25:54.778-0400][gc             ] GC(386411) Pause Young (Normal) (G1 Evacuation Pause) 57M->47M(70M) 6.774ms
[2020-12-25T04:25:54.778-0400][gc,cpu         ] GC(386411) User=0.01s Sys=0.01s Real=0.01s
[2020-12-25T04:26:25.198-0400][gc,heap        ] GC(386412) Heap before GC invocations=386387 (full 11311): garbage-first heap   total 71680K, used 58109K [0x0000000083000000, 0x0000000100000000)
[2020-12-25T04:26:25.198-0400][gc,heap        ] GC(386412)   region size 1024K, 11 young (11264K), 1 survivors (1024K)
[2020-12-25T04:26:25.198-0400][gc,heap        ] GC(386412)  Metaspace       used 61021K, capacity 63721K, committed 64768K, reserved 1107968K
[2020-12-25T04:26:25.198-0400][gc,heap        ] GC(386412)   class space    used 5712K, capacity 6559K, committed 6912K, reserved 1048576K
[2020-12-25T04:26:25.198-0400][gc,start       ] GC(386412) Pause Young (Normal) (G1 Evacuation Pause)
[2020-12-25T04:26:25.198-0400][gc,task        ] GC(386412) Using 4 workers of 4 for evacuation
[2020-12-25T04:26:25.204-0400][gc,phases      ] GC(386412)   Pre Evacuate Collection Set: 0.0ms
[2020-12-25T04:26:25.205-0400][gc,phases      ] GC(386412)   Evacuate Collection Set: 3.9ms
[2020-12-25T04:26:25.205-0400][gc,phases      ] GC(386412)   Post Evacuate Collection Set: 2.0ms
[2020-12-25T04:26:25.205-0400][gc,phases      ] GC(386412)   Other: 0.8ms
[2020-12-25T04:26:25.205-0400][gc,heap        ] GC(386412) Eden regions: 10->0(10)
[2020-12-25T04:26:25.205-0400][gc,heap        ] GC(386412) Survivor regions: 1->1(2)
[2020-12-25T04:26:25.205-0400][gc,heap        ] GC(386412) Old regions: 46->46
[2020-12-25T04:26:25.205-0400][gc,heap        ] GC(386412) Humongous regions: 4->4
[2020-12-25T04:26:25.205-0400][gc,metaspace   ] GC(386412) Metaspace: 61021K->61021K(1107968K)
[2020-12-25T04:26:25.205-0400][gc,heap        ] GC(386412) Heap after GC invocations=386388 (full 11311): garbage-first heap   total 71680K, used 48950K [0x0000000083000000, 0x0000000100000000)
[2020-12-25T04:26:25.205-0400][gc,heap        ] GC(386412)   region size 1024K, 1 young (1024K), 1 survivors (1024K)
[2020-12-25T04:26:25.205-0400][gc,heap        ] GC(386412)  Metaspace       used 61021K, capacity 63721K, committed 64768K, reserved 1107968K
[2020-12-25T04:26:25.205-0400][gc,heap        ] GC(386412)   class space    used 5712K, capacity 6559K, committed 6912K, reserved 1048576K
[2020-12-25T04:26:25.205-0400][gc             ] GC(386412) Pause Young (Normal) (G1 Evacuation Pause) 57M->47M(70M) 7.203ms
[2020-12-25T04:26:25.205-0400][gc,cpu         ] GC(386412) User=0.01s Sys=0.00s Real=0.00s
[2020-12-25T04:26:50.924-0400][gc,task        ] GC(386413) Using 3 workers of 4 for full compaction
[2020-12-25T04:26:50.924-0400][gc,start       ] GC(386413) Pause Full (System.gc())
[2020-12-25T04:26:50.924-0400][gc,heap        ] GC(386413) Heap before GC invocations=386388 (full 11311): garbage-first heap   total 71680K, used 56118K [0x0000000083000000, 0x0000000100000000)
[2020-12-25T04:26:50.924-0400][gc,heap        ] GC(386413)   region size 1024K, 9 young (9216K), 1 survivors (1024K)
[2020-12-25T04:26:50.924-0400][gc,heap        ] GC(386413)  Metaspace       used 61021K, capacity 63721K, committed 64768K, reserved 1107968K
[2020-12-25T04:26:50.924-0400][gc,heap        ] GC(386413)   class space    used 5712K, capacity 6559K, committed 6912K, reserved 1048576K
[2020-12-25T04:26:50.927-0400][gc,phases,start] GC(386413) Phase 1: Mark live objects
[2020-12-25T04:26:51.069-0400][gc,stringtable ] GC(386413) Cleaned string and symbol table, strings: 32207 processed, 0 removed, symbols: 131451 processed, 0 removed
[2020-12-25T04:26:51.069-0400][gc,phases      ] GC(386413) Phase 1: Mark live objects 142.107ms
[2020-12-25T04:26:51.069-0400][gc,phases,start] GC(386413) Phase 2: Prepare for compaction
[2020-12-25T04:26:51.099-0400][gc,phases      ] GC(386413) Phase 2: Prepare for compaction 30.719ms
[2020-12-25T04:26:51.100-0400][gc,phases,start] GC(386413) Phase 3: Adjust pointers
[2020-12-25T04:26:51.177-0400][gc,phases      ] GC(386413) Phase 3: Adjust pointers 77.796ms
[2020-12-25T04:26:51.177-0400][gc,phases,start] GC(386413) Phase 4: Compact heap
[2020-12-25T04:26:51.198-0400][gc,phases      ] GC(386413) Phase 4: Compact heap 20.370ms
[2020-12-25T04:26:51.234-0400][gc,heap        ] GC(386413) Eden regions: 8->0(11)
[2020-12-25T04:26:51.234-0400][gc,heap        ] GC(386413) Survivor regions: 1->0(2)
[2020-12-25T04:26:51.234-0400][gc,heap        ] GC(386413) Old regions: 46->46
[2020-12-25T04:26:51.234-0400][gc,heap        ] GC(386413) Humongous regions: 4->4
[2020-12-25T04:26:51.234-0400][gc,metaspace   ] GC(386413) Metaspace: 61021K->61021K(1107968K)
[2020-12-25T04:26:51.234-0400][gc,heap        ] GC(386413) Heap after GC invocations=386389 (full 11312): garbage-first heap   total 71680K, used 48499K [0x0000000083000000, 0x0000000100000000)
[2020-12-25T04:26:51.234-0400][gc,heap        ] GC(386413)   region size 1024K, 0 young (0K), 0 survivors (0K)
[2020-12-25T04:26:51.234-0400][gc,heap        ] GC(386413)  Metaspace       used 61021K, capacity 63721K, committed 64768K, reserved 1107968K
[2020-12-25T04:26:51.234-0400][gc,heap        ] GC(386413)   class space    used 5712K, capacity 6559K, committed 6912K, reserved 1048576K
[2020-12-25T04:26:51.234-0400][gc             ] GC(386413) Pause Full (System.gc()) 55M->47M(70M) 310.118ms
[2020-12-25T04:26:51.234-0400][gc,cpu         ] GC(386413) User=0.83s Sys=0.00s Real=0.31s
[2020-12-25T04:27:14.367-0400][gc,heap        ] GC(386414) Heap before GC invocations=386389 (full 11312): garbage-first heap   total 71680K, used 58739K [0x0000000083000000, 0x0000000100000000)
[2020-12-25T04:27:14.367-0400][gc,heap        ] GC(386414)   region size 1024K, 11 young (11264K), 0 survivors (0K)
[2020-12-25T04:27:14.367-0400][gc,heap        ] GC(386414)  Metaspace       used 61021K, capacity 63721K, committed 64768K, reserved 1107968K
[2020-12-25T04:27:14.367-0400][gc,heap        ] GC(386414)   class space    used 5712K, capacity 6559K, committed 6912K, reserved 1048576K
[2020-12-25T04:27:14.367-0400][gc,start       ] GC(386414) Pause Young (Normal) (G1 Evacuation Pause)
[2020-12-25T04:27:14.367-0400][gc,task        ] GC(386414) Using 4 workers of 4 for evacuation
[2020-12-25T04:27:14.373-0400][gc,phases      ] GC(386414)   Pre Evacuate Collection Set: 0.0ms
[2020-12-25T04:27:14.373-0400][gc,phases      ] GC(386414)   Evacuate Collection Set: 2.8ms
[2020-12-25T04:27:14.373-0400][gc,phases      ] GC(386414)   Post Evacuate Collection Set: 2.1ms
[2020-12-25T04:27:14.373-0400][gc,phases      ] GC(386414)   Other: 0.9ms
[2020-12-25T04:27:14.373-0400][gc,heap        ] GC(386414) Eden regions: 11->0(10)
[2020-12-25T04:27:14.373-0400][gc,heap        ] GC(386414) Survivor regions: 0->1(2)
[2020-12-25T04:27:14.373-0400][gc,heap        ] GC(386414) Old regions: 46->46
[2020-12-25T04:27:14.373-0400][gc,heap        ] GC(386414) Humongous regions: 4->4
[2020-12-25T04:27:14.373-0400][gc,metaspace   ] GC(386414) Metaspace: 61021K->61021K(1107968K)
[2020-12-25T04:27:14.373-0400][gc,heap        ] GC(386414) Heap after GC invocations=386390 (full 11312): garbage-first heap   total 71680K, used 48752K [0x0000000083000000, 0x0000000100000000)
[2020-12-25T04:27:14.373-0400][gc,heap        ] GC(386414)   region size 1024K, 1 young (1024K), 1 survivors (1024K)
[2020-12-25T04:27:14.373-0400][gc,heap        ] GC(386414)  Metaspace       used 61021K, capacity 63721K, committed 64768K, reserved 1107968K
[2020-12-25T04:27:14.373-0400][gc,heap        ] GC(386414)   class space    used 5712K, capacity 6559K, committed 6912K, reserved 1048576K
[2020-12-25T04:27:14.373-0400][gc             ] GC(386414) Pause Young (Normal) (G1 Evacuation Pause) 58M->47M(70M) 6.115ms
[2020-12-25T04:27:14.374-0400][gc,cpu         ] GC(386414) User=0.01s Sys=0.00s Real=0.00s
[2020-12-25T04:27:56.073-0400][gc,heap        ] GC(386415) Heap before GC invocations=386390 (full 11312): garbage-first heap   total 71680K, used 57968K [0x0000000083000000, 0x0000000100000000)
[2020-12-25T04:27:56.073-0400][gc,heap        ] GC(386415)   region size 1024K, 11 young (11264K), 1 survivors (1024K)
[2020-12-25T04:27:56.073-0400][gc,heap        ] GC(386415)  Metaspace       used 61021K, capacity 63721K, committed 64768K, reserved 1107968K
[2020-12-25T04:27:56.073-0400][gc,heap        ] GC(386415)   class space    used 5712K, capacity 6559K, committed 6912K, reserved 1048576K
[2020-12-25T04:27:56.073-0400][gc,start       ] GC(386415) Pause Young (Normal) (G1 Evacuation Pause)
[2020-12-25T04:27:56.073-0400][gc,task        ] GC(386415) Using 4 workers of 4 for evacuation
[2020-12-25T04:27:56.078-0400][gc,phases      ] GC(386415)   Pre Evacuate Collection Set: 0.0ms
[2020-12-25T04:27:56.078-0400][gc,phases      ] GC(386415)   Evacuate Collection Set: 2.9ms
[2020-12-25T04:27:56.078-0400][gc,phases      ] GC(386415)   Post Evacuate Collection Set: 1.5ms
[2020-12-25T04:27:56.078-0400][gc,phases      ] GC(386415)   Other: 0.9ms
[2020-12-25T04:27:56.079-0400][gc,heap        ] GC(386415) Eden regions: 10->0(10)
[2020-12-25T04:27:56.079-0400][gc,heap        ] GC(386415) Survivor regions: 1->1(2)
[2020-12-25T04:27:56.079-0400][gc,heap        ] GC(386415) Old regions: 46->46
[2020-12-25T04:27:56.079-0400][gc,heap        ] GC(386415) Humongous regions: 4->4
[2020-12-25T04:27:56.079-0400][gc,metaspace   ] GC(386415) Metaspace: 61021K->61021K(1107968K)
[2020-12-25T04:27:56.079-0400][gc,heap        ] GC(386415) Heap after GC invocations=386391 (full 11312): garbage-first heap   total 71680K, used 48766K [0x0000000083000000, 0x0000000100000000)
[2020-12-25T04:27:56.079-0400][gc,heap        ] GC(386415)   region size 1024K, 1 young (1024K), 1 survivors (1024K)
[2020-12-25T04:27:56.079-0400][gc,heap        ] GC(386415)  Metaspace       used 61021K, capacity 63721K, committed 64768K, reserved 1107968K
[2020-12-25T04:27:56.079-0400][gc,heap        ] GC(386415)   class space    used 5712K, capacity 6559K, committed 6912K, reserved 1048576K
[2020-12-25T04:27:56.079-0400][gc             ] GC(386415) Pause Young (Normal) (G1 Evacuation Pause) 57M->47M(70M) 5.769ms
[2020-12-25T04:27:56.079-0400][gc,cpu         ] GC(386415) User=0.01s Sys=0.01s Real=0.01s
[2020-12-25T04:28:23.893-0400][gc,heap        ] GC(386416) Heap before GC invocations=386391 (full 11312): garbage-first heap   total 71680K, used 59006K [0x0000000083000000, 0x0000000100000000)
[2020-12-25T04:28:23.893-0400][gc,heap        ] GC(386416)   region size 1024K, 11 young (11264K), 1 survivors (1024K)
[2020-12-25T04:28:23.893-0400][gc,heap        ] GC(386416)  Metaspace       used 61021K, capacity 63721K, committed 64768K, reserved 1107968K
[2020-12-25T04:28:23.893-0400][gc,heap        ] GC(386416)   class space    used 5712K, capacity 6559K, committed 6912K, reserved 1048576K
[2020-12-25T04:28:23.893-0400][gc,start       ] GC(386416) Pause Young (Normal) (G1 Evacuation Pause)
[2020-12-25T04:28:23.893-0400][gc,task        ] GC(386416) Using 4 workers of 4 for evacuation
[2020-12-25T04:28:23.898-0400][gc,phases      ] GC(386416)   Pre Evacuate Collection Set: 0.0ms
[2020-12-25T04:28:23.898-0400][gc,phases      ] GC(386416)   Evacuate Collection Set: 3.1ms
[2020-12-25T04:28:23.898-0400][gc,phases      ] GC(386416)   Post Evacuate Collection Set: 1.7ms
[2020-12-25T04:28:23.899-0400][gc,phases      ] GC(386416)   Other: 0.8ms
[2020-12-25T04:28:23.899-0400][gc,heap        ] GC(386416) Eden regions: 10->0(10)
[2020-12-25T04:28:23.899-0400][gc,heap        ] GC(386416) Survivor regions: 1->1(2)
[2020-12-25T04:28:23.899-0400][gc,heap        ] GC(386416) Old regions: 46->46
[2020-12-25T04:28:23.899-0400][gc,heap        ] GC(386416) Humongous regions: 4->4
[2020-12-25T04:28:23.899-0400][gc,metaspace   ] GC(386416) Metaspace: 61021K->61021K(1107968K)
[2020-12-25T04:28:23.899-0400][gc,heap        ] GC(386416) Heap after GC invocations=386392 (full 11312): garbage-first heap   total 71680K, used 48813K [0x0000000083000000, 0x0000000100000000)
[2020-12-25T04:28:23.899-0400][gc,heap        ] GC(386416)   region size 1024K, 1 young (1024K), 1 survivors (1024K)
[2020-12-25T04:28:23.899-0400][gc,heap        ] GC(386416)  Metaspace       used 61021K, capacity 63721K, committed 64768K, reserved 1107968K
[2020-12-25T04:28:23.899-0400][gc,heap        ] GC(386416)   class space    used 5712K, capacity 6559K, committed 6912K, reserved 1048576K
[2020-12-25T04:28:23.899-0400][gc             ] GC(386416) Pause Young (Normal) (G1 Evacuation Pause) 57M->47M(70M) 6.064ms
[2020-12-25T04:28:23.899-0400][gc,cpu         ] GC(386416) User=0.01s Sys=0.01s Real=0.01s
[2020-12-25T04:28:59.425-0400][gc,heap        ] GC(386417) Heap before GC invocations=386392 (full 11312): garbage-first heap   total 71680K, used 58029K [0x0000000083000000, 0x0000000100000000)
[2020-12-25T04:28:59.425-0400][gc,heap        ] GC(386417)   region size 1024K, 11 young (11264K), 1 survivors (1024K)
[2020-12-25T04:28:59.425-0400][gc,heap        ] GC(386417)  Metaspace       used 61021K, capacity 63721K, committed 64768K, reserved 1107968K
[2020-12-25T04:28:59.425-0400][gc,heap        ] GC(386417)   class space    used 5712K, capacity 6559K, committed 6912K, reserved 1048576K
[2020-12-25T04:28:59.426-0400][gc,start       ] GC(386417) Pause Young (Normal) (G1 Evacuation Pause)
[2020-12-25T04:28:59.426-0400][gc,task        ] GC(386417) Using 4 workers of 4 for evacuation
[2020-12-25T04:28:59.431-0400][gc,phases      ] GC(386417)   Pre Evacuate Collection Set: 0.0ms
[2020-12-25T04:28:59.431-0400][gc,phases      ] GC(386417)   Evacuate Collection Set: 3.5ms
[2020-12-25T04:28:59.432-0400][gc,phases      ] GC(386417)   Post Evacuate Collection Set: 1.7ms
[2020-12-25T04:28:59.432-0400][gc,phases      ] GC(386417)   Other: 1.0ms
[2020-12-25T04:28:59.432-0400][gc,heap        ] GC(386417) Eden regions: 10->0(10)
[2020-12-25T04:28:59.432-0400][gc,heap        ] GC(386417) Survivor regions: 1->1(2)
[2020-12-25T04:28:59.432-0400][gc,heap        ] GC(386417) Old regions: 46->46
[2020-12-25T04:28:59.432-0400][gc,heap        ] GC(386417) Humongous regions: 4->4
[2020-12-25T04:28:59.432-0400][gc,metaspace   ] GC(386417) Metaspace: 61021K->61021K(1107968K)
[2020-12-25T04:28:59.432-0400][gc,heap        ] GC(386417) Heap after GC invocations=386393 (full 11312): garbage-first heap   total 71680K, used 48789K [0x0000000083000000, 0x0000000100000000)
[2020-12-25T04:28:59.432-0400][gc,heap        ] GC(386417)   region size 1024K, 1 young (1024K), 1 survivors (1024K)
[2020-12-25T04:28:59.432-0400][gc,heap        ] GC(386417)  Metaspace       used 61021K, capacity 63721K, committed 64768K, reserved 1107968K
[2020-12-25T04:28:59.432-0400][gc,heap        ] GC(386417)   class space    used 5712K, capacity 6559K, committed 6912K, reserved 1048576K
[2020-12-25T04:28:59.432-0400][gc             ] GC(386417) Pause Young (Normal) (G1 Evacuation Pause) 57M->47M(70M) 6.524ms
[2020-12-25T04:28:59.432-0400][gc,cpu         ] GC(386417) User=0.02s Sys=0.00s Real=0.00s
[2020-12-25T04:29:31.374-0400][gc,heap        ] GC(386418) Heap before GC invocations=386393 (full 11312): garbage-first heap   total 71680K, used 58005K [0x0000000083000000, 0x0000000100000000)
[2020-12-25T04:29:31.374-0400][gc,heap        ] GC(386418)   region size 1024K, 11 young (11264K), 1 survivors (1024K)
[2020-12-25T04:29:31.374-0400][gc,heap        ] GC(386418)  Metaspace       used 61021K, capacity 63721K, committed 64768K, reserved 1107968K
[2020-12-25T04:29:31.374-0400][gc,heap        ] GC(386418)   class space    used 5712K, capacity 6559K, committed 6912K, reserved 1048576K
[2020-12-25T04:29:31.374-0400][gc,start       ] GC(386418) Pause Young (Normal) (G1 Evacuation Pause)
[2020-12-25T04:29:31.375-0400][gc,task        ] GC(386418) Using 4 workers of 4 for evacuation
[2020-12-25T04:29:31.381-0400][gc,phases      ] GC(386418)   Pre Evacuate Collection Set: 0.0ms
[2020-12-25T04:29:31.381-0400][gc,phases      ] GC(386418)   Evacuate Collection Set: 3.4ms
[2020-12-25T04:29:31.381-0400][gc,phases      ] GC(386418)   Post Evacuate Collection Set: 2.0ms
[2020-12-25T04:29:31.381-0400][gc,phases      ] GC(386418)   Other: 0.8ms
[2020-12-25T04:29:31.381-0400][gc,heap        ] GC(386418) Eden regions: 10->0(10)
[2020-12-25T04:29:31.381-0400][gc,heap        ] GC(386418) Survivor regions: 1->1(2)
[2020-12-25T04:29:31.381-0400][gc,heap        ] GC(386418) Old regions: 46->46
[2020-12-25T04:29:31.381-0400][gc,heap        ] GC(386418) Humongous regions: 4->4
[2020-12-25T04:29:31.381-0400][gc,metaspace   ] GC(386418) Metaspace: 61021K->61021K(1107968K)
[2020-12-25T04:29:31.381-0400][gc,heap        ] GC(386418) Heap after GC invocations=386394 (full 11312): garbage-first heap   total 71680K, used 48924K [0x0000000083000000, 0x0000000100000000)
[2020-12-25T04:29:31.381-0400][gc,heap        ] GC(386418)   region size 1024K, 1 young (1024K), 1 survivors (1024K)
[2020-12-25T04:29:31.381-0400][gc,heap        ] GC(386418)  Metaspace       used 61021K, capacity 63721K, committed 64768K, reserved 1107968K
[2020-12-25T04:29:31.381-0400][gc,heap        ] GC(386418)   class space    used 5712K, capacity 6559K, committed 6912K, reserved 1048576K
[2020-12-25T04:29:31.381-0400][gc             ] GC(386418) Pause Young (Normal) (G1 Evacuation Pause) 57M->47M(70M) 6.788ms
[2020-12-25T04:29:31.381-0400][gc,cpu         ] GC(386418) User=0.02s Sys=0.00s Real=0.01s
[2020-12-25T04:30:03.352-0400][gc,heap        ] GC(386419) Heap before GC invocations=386394 (full 11312): garbage-first heap   total 71680K, used 59164K [0x0000000083000000, 0x0000000100000000)
[2020-12-25T04:30:03.352-0400][gc,heap        ] GC(386419)   region size 1024K, 11 young (11264K), 1 survivors (1024K)
[2020-12-25T04:30:03.352-0400][gc,heap        ] GC(386419)  Metaspace       used 61021K, capacity 63721K, committed 64768K, reserved 1107968K
[2020-12-25T04:30:03.352-0400][gc,heap        ] GC(386419)   class space    used 5712K, capacity 6559K, committed 6912K, reserved 1048576K
[2020-12-25T04:30:03.352-0400][gc,start       ] GC(386419) Pause Young (Normal) (G1 Evacuation Pause)
[2020-12-25T04:30:03.352-0400][gc,task        ] GC(386419) Using 4 workers of 4 for evacuation
[2020-12-25T04:30:03.359-0400][gc,phases      ] GC(386419)   Pre Evacuate Collection Set: 0.0ms
[2020-12-25T04:30:03.359-0400][gc,phases      ] GC(386419)   Evacuate Collection Set: 3.5ms
[2020-12-25T04:30:03.359-0400][gc,phases      ] GC(386419)   Post Evacuate Collection Set: 2.0ms
[2020-12-25T04:30:03.359-0400][gc,phases      ] GC(386419)   Other: 1.2ms
[2020-12-25T04:30:03.359-0400][gc,heap        ] GC(386419) Eden regions: 10->0(10)
[2020-12-25T04:30:03.359-0400][gc,heap        ] GC(386419) Survivor regions: 1->1(2)
[2020-12-25T04:30:03.359-0400][gc,heap        ] GC(386419) Old regions: 46->46
[2020-12-25T04:30:03.359-0400][gc,heap        ] GC(386419) Humongous regions: 4->4
[2020-12-25T04:30:03.359-0400][gc,metaspace   ] GC(386419) Metaspace: 61021K->61021K(1107968K)
[2020-12-25T04:30:03.359-0400][gc,heap        ] GC(386419) Heap after GC invocations=386395 (full 11312): garbage-first heap   total 71680K, used 48931K [0x0000000083000000, 0x0000000100000000)
[2020-12-25T04:30:03.359-0400][gc,heap        ] GC(386419)   region size 1024K, 1 young (1024K), 1 survivors (1024K)
[2020-12-25T04:30:03.359-0400][gc,heap        ] GC(386419)  Metaspace       used 61021K, capacity 63721K, committed 64768K, reserved 1107968K
[2020-12-25T04:30:03.359-0400][gc,heap        ] GC(386419)   class space    used 5712K, capacity 6559K, committed 6912K, reserved 1048576K
[2020-12-25T04:30:03.359-0400][gc             ] GC(386419) Pause Young (Normal) (G1 Evacuation Pause) 57M->47M(70M) 6.864ms
[2020-12-25T04:30:03.359-0400][gc,cpu         ] GC(386419) User=0.01s Sys=0.01s Real=0.01s
[2020-12-25T04:30:05.930-0400][gc,heap        ] GC(386420) Heap before GC invocations=386395 (full 11312): garbage-first heap   total 71680K, used 58147K [0x0000000083000000, 0x0000000100000000)
[2020-12-25T04:30:05.930-0400][gc,heap        ] GC(386420)   region size 1024K, 11 young (11264K), 1 survivors (1024K)
[2020-12-25T04:30:05.930-0400][gc,heap        ] GC(386420)  Metaspace       used 61024K, capacity 63727K, committed 64768K, reserved 1107968K
[2020-12-25T04:30:05.930-0400][gc,heap        ] GC(386420)   class space    used 5713K, capacity 6560K, committed 6912K, reserved 1048576K
[2020-12-25T04:30:05.930-0400][gc,start       ] GC(386420) Pause Young (Normal) (G1 Evacuation Pause)
[2020-12-25T04:30:05.930-0400][gc,task        ] GC(386420) Using 4 workers of 4 for evacuation
[2020-12-25T04:30:05.937-0400][gc,phases      ] GC(386420)   Pre Evacuate Collection Set: 0.0ms
[2020-12-25T04:30:05.937-0400][gc,phases      ] GC(386420)   Evacuate Collection Set: 4.2ms
[2020-12-25T04:30:05.937-0400][gc,phases      ] GC(386420)   Post Evacuate Collection Set: 1.5ms
[2020-12-25T04:30:05.937-0400][gc,phases      ] GC(386420)   Other: 0.8ms
[2020-12-25T04:30:05.937-0400][gc,heap        ] GC(386420) Eden regions: 10->0(10)
[2020-12-25T04:30:05.937-0400][gc,heap        ] GC(386420) Survivor regions: 1->1(2)
[2020-12-25T04:30:05.937-0400][gc,heap        ] GC(386420) Old regions: 46->46
[2020-12-25T04:30:05.937-0400][gc,heap        ] GC(386420) Humongous regions: 4->4
[2020-12-25T04:30:05.937-0400][gc,metaspace   ] GC(386420) Metaspace: 61024K->61024K(1107968K)
[2020-12-25T04:30:05.937-0400][gc,heap        ] GC(386420) Heap after GC invocations=386396 (full 11312): garbage-first heap   total 71680K, used 49229K [0x0000000083000000, 0x0000000100000000)
[2020-12-25T04:30:05.937-0400][gc,heap        ] GC(386420)   region size 1024K, 1 young (1024K), 1 survivors (1024K)
[2020-12-25T04:30:05.937-0400][gc,heap        ] GC(386420)  Metaspace       used 61024K, capacity 63727K, committed 64768K, reserved 1107968K
[2020-12-25T04:30:05.937-0400][gc,heap        ] GC(386420)   class space    used 5713K, capacity 6560K, committed 6912K, reserved 1048576K
[2020-12-25T04:30:05.937-0400][gc             ] GC(386420) Pause Young (Normal) (G1 Evacuation Pause) 57M->48M(70M) 7.033ms
[2020-12-25T04:30:05.938-0400][gc,cpu         ] GC(386420) User=0.02s Sys=0.01s Real=0.01s
[2020-12-25T04:30:06.958-0400][gc,heap        ] GC(386421) Heap before GC invocations=386396 (full 11312): garbage-first heap   total 71680K, used 58445K [0x0000000083000000, 0x0000000100000000)
[2020-12-25T04:30:06.958-0400][gc,heap        ] GC(386421)   region size 1024K, 11 young (11264K), 1 survivors (1024K)
[2020-12-25T04:30:06.958-0400][gc,heap        ] GC(386421)  Metaspace       used 61028K, capacity 63733K, committed 64768K, reserved 1107968K
[2020-12-25T04:30:06.959-0400][gc,heap        ] GC(386421)   class space    used 5714K, capacity 6561K, committed 6912K, reserved 1048576K
[2020-12-25T04:30:06.959-0400][gc,start       ] GC(386421) Pause Young (Normal) (G1 Evacuation Pause)
[2020-12-25T04:30:06.959-0400][gc,task        ] GC(386421) Using 4 workers of 4 for evacuation
[2020-12-25T04:30:06.967-0400][gc,phases      ] GC(386421)   Pre Evacuate Collection Set: 0.0ms
[2020-12-25T04:30:06.967-0400][gc,phases      ] GC(386421)   Evacuate Collection Set: 7.0ms
[2020-12-25T04:30:06.967-0400][gc,phases      ] GC(386421)   Post Evacuate Collection Set: 0.8ms
[2020-12-25T04:30:06.967-0400][gc,phases      ] GC(386421)   Other: 0.9ms
[2020-12-25T04:30:06.967-0400][gc,heap        ] GC(386421) Eden regions: 10->0(6)
[2020-12-25T04:30:06.967-0400][gc,heap        ] GC(386421) Survivor regions: 1->2(2)
[2020-12-25T04:30:06.967-0400][gc,heap        ] GC(386421) Old regions: 46->48
[2020-12-25T04:30:06.967-0400][gc,heap        ] GC(386421) Humongous regions: 4->4
[2020-12-25T04:30:06.967-0400][gc,metaspace   ] GC(386421) Metaspace: 61028K->61028K(1107968K)
[2020-12-25T04:30:06.968-0400][gc,heap        ] GC(386421) Heap after GC invocations=386397 (full 11312): garbage-first heap   total 71680K, used 52032K [0x0000000083000000, 0x0000000100000000)
[2020-12-25T04:30:06.968-0400][gc,heap        ] GC(386421)   region size 1024K, 2 young (2048K), 2 survivors (2048K)
[2020-12-25T04:30:06.968-0400][gc,heap        ] GC(386421)  Metaspace       used 61028K, capacity 63733K, committed 64768K, reserved 1107968K
[2020-12-25T04:30:06.968-0400][gc,heap        ] GC(386421)   class space    used 5714K, capacity 6561K, committed 6912K, reserved 1048576K
[2020-12-25T04:30:06.968-0400][gc             ] GC(386421) Pause Young (Normal) (G1 Evacuation Pause) 58M->50M(70M) 9.076ms
[2020-12-25T04:30:06.968-0400][gc,cpu         ] GC(386421) User=0.03s Sys=0.00s Real=0.01s
[2020-12-25T04:30:07.259-0400][gc,heap        ] GC(386422) Heap before GC invocations=386397 (full 11312): garbage-first heap   total 71680K, used 57152K [0x0000000083000000, 0x0000000100000000)
[2020-12-25T04:30:07.259-0400][gc,heap        ] GC(386422)   region size 1024K, 8 young (8192K), 2 survivors (2048K)
[2020-12-25T04:30:07.259-0400][gc,heap        ] GC(386422)  Metaspace       used 61028K, capacity 63733K, committed 64768K, reserved 1107968K
[2020-12-25T04:30:07.259-0400][gc,heap        ] GC(386422)   class space    used 5714K, capacity 6561K, committed 6912K, reserved 1048576K
[2020-12-25T04:30:07.259-0400][gc,start       ] GC(386422) Pause Young (Normal) (G1 Evacuation Pause)
[2020-12-25T04:30:07.259-0400][gc,task        ] GC(386422) Using 4 workers of 4 for evacuation
[2020-12-25T04:30:07.267-0400][gc,phases      ] GC(386422)   Pre Evacuate Collection Set: 0.0ms
[2020-12-25T04:30:07.267-0400][gc,phases      ] GC(386422)   Evacuate Collection Set: 5.6ms
[2020-12-25T04:30:07.267-0400][gc,phases      ] GC(386422)   Post Evacuate Collection Set: 1.1ms
[2020-12-25T04:30:07.267-0400][gc,phases      ] GC(386422)   Other: 1.2ms
[2020-12-25T04:30:07.267-0400][gc,heap        ] GC(386422) Eden regions: 6->0(5)
[2020-12-25T04:30:07.267-0400][gc,heap        ] GC(386422) Survivor regions: 2->1(1)
[2020-12-25T04:30:07.267-0400][gc,heap        ] GC(386422) Old regions: 48->49
[2020-12-25T04:30:07.267-0400][gc,heap        ] GC(386422) Humongous regions: 4->4
[2020-12-25T04:30:07.267-0400][gc,metaspace   ] GC(386422) Metaspace: 61028K->61028K(1107968K)
[2020-12-25T04:30:07.267-0400][gc,heap        ] GC(386422) Heap after GC invocations=386398 (full 11312): garbage-first heap   total 71680K, used 51984K [0x0000000083000000, 0x0000000100000000)
[2020-12-25T04:30:07.267-0400][gc,heap        ] GC(386422)   region size 1024K, 1 young (1024K), 1 survivors (1024K)
[2020-12-25T04:30:07.267-0400][gc,heap        ] GC(386422)  Metaspace       used 61028K, capacity 63733K, committed 64768K, reserved 1107968K
[2020-12-25T04:30:07.267-0400][gc,heap        ] GC(386422)   class space    used 5714K, capacity 6561K, committed 6912K, reserved 1048576K
[2020-12-25T04:30:07.267-0400][gc             ] GC(386422) Pause Young (Normal) (G1 Evacuation Pause) 56M->50M(70M) 8.241ms
[2020-12-25T04:30:07.268-0400][gc,cpu         ] GC(386422) User=0.01s Sys=0.01s Real=0.01s
[2020-12-25T04:30:07.367-0400][gc,heap        ] GC(386423) Heap before GC invocations=386398 (full 11312): garbage-first heap   total 71680K, used 57104K [0x0000000083000000, 0x0000000100000000)
[2020-12-25T04:30:07.367-0400][gc,heap        ] GC(386423)   region size 1024K, 6 young (6144K), 1 survivors (1024K)
[2020-12-25T04:30:07.367-0400][gc,heap        ] GC(386423)  Metaspace       used 61028K, capacity 63733K, committed 64768K, reserved 1107968K
[2020-12-25T04:30:07.367-0400][gc,heap        ] GC(386423)   class space    used 5714K, capacity 6561K, committed 6912K, reserved 1048576K
[2020-12-25T04:30:07.368-0400][gc,start       ] GC(386423) Pause Young (Normal) (G1 Evacuation Pause)
[2020-12-25T04:30:07.368-0400][gc,task        ] GC(386423) Using 4 workers of 4 for evacuation
[2020-12-25T04:30:07.376-0400][gc,phases      ] GC(386423)   Pre Evacuate Collection Set: 0.0ms
[2020-12-25T04:30:07.376-0400][gc,phases      ] GC(386423)   Evacuate Collection Set: 6.0ms
[2020-12-25T04:30:07.376-0400][gc,phases      ] GC(386423)   Post Evacuate Collection Set: 1.4ms
[2020-12-25T04:30:07.376-0400][gc,phases      ] GC(386423)   Other: 0.8ms
[2020-12-25T04:30:07.376-0400][gc,heap        ] GC(386423) Eden regions: 5->0(3)
[2020-12-25T04:30:07.376-0400][gc,heap        ] GC(386423) Survivor regions: 1->1(1)
[2020-12-25T04:30:07.376-0400][gc,heap        ] GC(386423) Old regions: 49->51
[2020-12-25T04:30:07.376-0400][gc,heap        ] GC(386423) Humongous regions: 4->4
[2020-12-25T04:30:07.376-0400][gc,metaspace   ] GC(386423) Metaspace: 61028K->61028K(1107968K)
[2020-12-25T04:30:07.376-0400][gc,heap        ] GC(386423) Heap after GC invocations=386399 (full 11312): garbage-first heap   total 71680K, used 53800K [0x0000000083000000, 0x0000000100000000)
[2020-12-25T04:30:07.376-0400][gc,heap        ] GC(386423)   region size 1024K, 1 young (1024K), 1 survivors (1024K)
[2020-12-25T04:30:07.376-0400][gc,heap        ] GC(386423)  Metaspace       used 61028K, capacity 63733K, committed 64768K, reserved 1107968K
[2020-12-25T04:30:07.376-0400][gc,heap        ] GC(386423)   class space    used 5714K, capacity 6561K, committed 6912K, reserved 1048576K
[2020-12-25T04:30:07.376-0400][gc             ] GC(386423) Pause Young (Normal) (G1 Evacuation Pause) 55M->52M(70M) 8.754ms
[2020-12-25T04:30:07.377-0400][gc,cpu         ] GC(386423) User=0.01s Sys=0.02s Real=0.01s
[2020-12-25T04:30:07.519-0400][gc,heap        ] GC(386424) Heap before GC invocations=386399 (full 11312): garbage-first heap   total 71680K, used 55848K [0x0000000083000000, 0x0000000100000000)
[2020-12-25T04:30:07.519-0400][gc,heap        ] GC(386424)   region size 1024K, 4 young (4096K), 1 survivors (1024K)
[2020-12-25T04:30:07.519-0400][gc,heap        ] GC(386424)  Metaspace       used 61028K, capacity 63733K, committed 64768K, reserved 1107968K
[2020-12-25T04:30:07.519-0400][gc,heap        ] GC(386424)   class space    used 5714K, capacity 6561K, committed 6912K, reserved 1048576K
[2020-12-25T04:30:07.519-0400][gc,start       ] GC(386424) Pause Young (Normal) (G1 Evacuation Pause)
[2020-12-25T04:30:07.520-0400][gc,task        ] GC(386424) Using 4 workers of 4 for evacuation
[2020-12-25T04:30:07.531-0400][gc,phases      ] GC(386424)   Pre Evacuate Collection Set: 0.0ms
[2020-12-25T04:30:07.531-0400][gc,phases      ] GC(386424)   Evacuate Collection Set: 6.7ms
[2020-12-25T04:30:07.532-0400][gc,phases      ] GC(386424)   Post Evacuate Collection Set: 4.5ms
[2020-12-25T04:30:07.532-0400][gc,phases      ] GC(386424)   Other: 1.5ms
[2020-12-25T04:30:07.532-0400][gc,heap        ] GC(386424) Eden regions: 3->0(4)
[2020-12-25T04:30:07.532-0400][gc,heap        ] GC(386424) Survivor regions: 1->1(1)
[2020-12-25T04:30:07.532-0400][gc,heap        ] GC(386424) Old regions: 51->51
[2020-12-25T04:30:07.532-0400][gc,heap        ] GC(386424) Humongous regions: 4->4
[2020-12-25T04:30:07.532-0400][gc,metaspace   ] GC(386424) Metaspace: 61028K->61028K(1107968K)
[2020-12-25T04:30:07.532-0400][gc,heap        ] GC(386424) Heap after GC invocations=386400 (full 11312): garbage-first heap   total 71680K, used 53401K [0x0000000083000000, 0x0000000100000000)
[2020-12-25T04:30:07.532-0400][gc,heap        ] GC(386424)   region size 1024K, 1 young (1024K), 1 survivors (1024K)
[2020-12-25T04:30:07.532-0400][gc,heap        ] GC(386424)  Metaspace       used 61028K, capacity 63733K, committed 64768K, reserved 1107968K
[2020-12-25T04:30:07.532-0400][gc,heap        ] GC(386424)   class space    used 5714K, capacity 6561K, committed 6912K, reserved 1048576K
[2020-12-25T04:30:07.533-0400][gc             ] GC(386424) Pause Young (Normal) (G1 Evacuation Pause) 55M->52M(70M) 13.326ms
[2020-12-25T04:30:07.533-0400][gc,cpu         ] GC(386424) User=0.03s Sys=0.00s Real=0.01s
[2020-12-25T04:30:07.733-0400][gc,heap        ] GC(386425) Heap before GC invocations=386400 (full 11312): garbage-first heap   total 71680K, used 56473K [0x0000000083000000, 0x0000000100000000)
[2020-12-25T04:30:07.733-0400][gc,heap        ] GC(386425)   region size 1024K, 5 young (5120K), 1 survivors (1024K)
[2020-12-25T04:30:07.733-0400][gc,heap        ] GC(386425)  Metaspace       used 61028K, capacity 63733K, committed 64768K, reserved 1107968K
[2020-12-25T04:30:07.733-0400][gc,heap        ] GC(386425)   class space    used 5714K, capacity 6561K, committed 6912K, reserved 1048576K
[2020-12-25T04:30:07.733-0400][gc,start       ] GC(386425) Pause Young (Normal) (G1 Evacuation Pause)
[2020-12-25T04:30:07.733-0400][gc,task        ] GC(386425) Using 4 workers of 4 for evacuation
[2020-12-25T04:30:07.742-0400][gc,phases      ] GC(386425)   Pre Evacuate Collection Set: 0.0ms
[2020-12-25T04:30:07.742-0400][gc,phases      ] GC(386425)   Evacuate Collection Set: 6.4ms
[2020-12-25T04:30:07.742-0400][gc,phases      ] GC(386425)   Post Evacuate Collection Set: 1.8ms
[2020-12-25T04:30:07.743-0400][gc,phases      ] GC(386425)   Other: 1.2ms
[2020-12-25T04:30:07.743-0400][gc,heap        ] GC(386425) Eden regions: 4->0(3)
[2020-12-25T04:30:07.743-0400][gc,heap        ] GC(386425) Survivor regions: 1->1(1)
[2020-12-25T04:30:07.743-0400][gc,heap        ] GC(386425) Old regions: 51->52
[2020-12-25T04:30:07.743-0400][gc,heap        ] GC(386425) Humongous regions: 4->4
[2020-12-25T04:30:07.743-0400][gc,metaspace   ] GC(386425) Metaspace: 61028K->61028K(1107968K)
[2020-12-25T04:30:07.743-0400][gc,heap        ] GC(386425) Heap after GC invocations=386401 (full 11312): garbage-first heap   total 71680K, used 55031K [0x0000000083000000, 0x0000000100000000)
[2020-12-25T04:30:07.743-0400][gc,heap        ] GC(386425)   region size 1024K, 1 young (1024K), 1 survivors (1024K)
[2020-12-25T04:30:07.743-0400][gc,heap        ] GC(386425)  Metaspace       used 61028K, capacity 63733K, committed 64768K, reserved 1107968K
[2020-12-25T04:30:07.743-0400][gc,heap        ] GC(386425)   class space    used 5714K, capacity 6561K, committed 6912K, reserved 1048576K
[2020-12-25T04:30:07.743-0400][gc             ] GC(386425) Pause Young (Normal) (G1 Evacuation Pause) 56M->53M(70M) 10.084ms
[2020-12-25T04:30:07.744-0400][gc,cpu         ] GC(386425) User=0.02s Sys=0.00s Real=0.01s
[2020-12-25T04:30:07.906-0400][gc,heap        ] GC(386426) Heap before GC invocations=386401 (full 11312): garbage-first heap   total 71680K, used 58103K [0x0000000083000000, 0x0000000100000000)
[2020-12-25T04:30:07.906-0400][gc,heap        ] GC(386426)   region size 1024K, 4 young (4096K), 1 survivors (1024K)
[2020-12-25T04:30:07.906-0400][gc,heap        ] GC(386426)  Metaspace       used 61028K, capacity 63733K, committed 64768K, reserved 1107968K
[2020-12-25T04:30:07.906-0400][gc,heap        ] GC(386426)   class space    used 5714K, capacity 6561K, committed 6912K, reserved 1048576K
[2020-12-25T04:30:07.906-0400][gc,start       ] GC(386426) Pause Young (Normal) (G1 Evacuation Pause)
[2020-12-25T04:30:07.906-0400][gc,task        ] GC(386426) Using 4 workers of 4 for evacuation
[2020-12-25T04:30:07.915-0400][gc,phases      ] GC(386426)   Pre Evacuate Collection Set: 0.0ms
[2020-12-25T04:30:07.916-0400][gc,phases      ] GC(386426)   Evacuate Collection Set: 6.0ms
[2020-12-25T04:30:07.916-0400][gc,phases      ] GC(386426)   Post Evacuate Collection Set: 2.3ms
[2020-12-25T04:30:07.916-0400][gc,phases      ] GC(386426)   Other: 1.5ms
[2020-12-25T04:30:07.916-0400][gc,heap        ] GC(386426) Eden regions: 3->0(3)
[2020-12-25T04:30:07.916-0400][gc,heap        ] GC(386426) Survivor regions: 1->1(1)
[2020-12-25T04:30:07.916-0400][gc,heap        ] GC(386426) Old regions: 52->52
[2020-12-25T04:30:07.916-0400][gc,heap        ] GC(386426) Humongous regions: 4->4
[2020-12-25T04:30:07.916-0400][gc,metaspace   ] GC(386426) Metaspace: 61028K->61028K(1107968K)
[2020-12-25T04:30:07.916-0400][gc,heap        ] GC(386426) Heap after GC invocations=386402 (full 11312): garbage-first heap   total 71680K, used 54884K [0x0000000083000000, 0x0000000100000000)
[2020-12-25T04:30:07.916-0400][gc,heap        ] GC(386426)   region size 1024K, 1 young (1024K), 1 survivors (1024K)
[2020-12-25T04:30:07.916-0400][gc,heap        ] GC(386426)  Metaspace       used 61028K, capacity 63733K, committed 64768K, reserved 1107968K
[2020-12-25T04:30:07.916-0400][gc,heap        ] GC(386426)   class space    used 5714K, capacity 6561K, committed 6912K, reserved 1048576K
[2020-12-25T04:30:07.916-0400][gc             ] GC(386426) Pause Young (Normal) (G1 Evacuation Pause) 56M->53M(70M) 9.873ms
[2020-12-25T04:30:07.916-0400][gc,cpu         ] GC(386426) User=0.01s Sys=0.01s Real=0.01s
[2020-12-25T04:30:08.064-0400][gc,heap        ] GC(386427) Heap before GC invocations=386402 (full 11312): garbage-first heap   total 71680K, used 56932K [0x0000000083000000, 0x0000000100000000)
[2020-12-25T04:30:08.064-0400][gc,heap        ] GC(386427)   region size 1024K, 4 young (4096K), 1 survivors (1024K)
[2020-12-25T04:30:08.064-0400][gc,heap        ] GC(386427)  Metaspace       used 61028K, capacity 63733K, committed 64768K, reserved 1107968K
[2020-12-25T04:30:08.064-0400][gc,heap        ] GC(386427)   class space    used 5714K, capacity 6561K, committed 6912K, reserved 1048576K
[2020-12-25T04:30:08.064-0400][gc,start       ] GC(386427) Pause Young (Normal) (G1 Evacuation Pause)
[2020-12-25T04:30:08.064-0400][gc,task        ] GC(386427) Using 4 workers of 4 for evacuation
[2020-12-25T04:30:08.079-0400][gc,phases      ] GC(386427)   Pre Evacuate Collection Set: 0.0ms
[2020-12-25T04:30:08.079-0400][gc,phases      ] GC(386427)   Evacuate Collection Set: 8.2ms
[2020-12-25T04:30:08.079-0400][gc,phases      ] GC(386427)   Post Evacuate Collection Set: 5.4ms
[2020-12-25T04:30:08.079-0400][gc,phases      ] GC(386427)   Other: 1.2ms
[2020-12-25T04:30:08.079-0400][gc,heap        ] GC(386427) Eden regions: 3->0(2)
[2020-12-25T04:30:08.079-0400][gc,heap        ] GC(386427) Survivor regions: 1->1(1)
[2020-12-25T04:30:08.079-0400][gc,heap        ] GC(386427) Old regions: 52->53
[2020-12-25T04:30:08.079-0400][gc,heap        ] GC(386427) Humongous regions: 4->4
[2020-12-25T04:30:08.079-0400][gc,metaspace   ] GC(386427) Metaspace: 61028K->61028K(1107968K)
[2020-12-25T04:30:08.079-0400][gc,heap        ] GC(386427) Heap after GC invocations=386403 (full 11312): garbage-first heap   total 71680K, used 56219K [0x0000000083000000, 0x0000000100000000)
[2020-12-25T04:30:08.079-0400][gc,heap        ] GC(386427)   region size 1024K, 1 young (1024K), 1 survivors (1024K)
[2020-12-25T04:30:08.079-0400][gc,heap        ] GC(386427)  Metaspace       used 61028K, capacity 63733K, committed 64768K, reserved 1107968K
[2020-12-25T04:30:08.079-0400][gc,heap        ] GC(386427)   class space    used 5714K, capacity 6561K, committed 6912K, reserved 1048576K
[2020-12-25T04:30:08.080-0400][gc             ] GC(386427) Pause Young (Normal) (G1 Evacuation Pause) 56M->54M(70M) 15.404ms
[2020-12-25T04:30:08.080-0400][gc,cpu         ] GC(386427) User=0.01s Sys=0.03s Real=0.02s
[2020-12-25T04:30:08.159-0400][gc,heap        ] GC(386428) Heap before GC invocations=386403 (full 11312): garbage-first heap   total 71680K, used 57243K [0x0000000083000000, 0x0000000100000000)
[2020-12-25T04:30:08.159-0400][gc,heap        ] GC(386428)   region size 1024K, 3 young (3072K), 1 survivors (1024K)
[2020-12-25T04:30:08.159-0400][gc,heap        ] GC(386428)  Metaspace       used 61028K, capacity 63733K, committed 64768K, reserved 1107968K
[2020-12-25T04:30:08.160-0400][gc,heap        ] GC(386428)   class space    used 5714K, capacity 6561K, committed 6912K, reserved 1048576K
[2020-12-25T04:30:08.160-0400][gc,start       ] GC(386428) Pause Young (Normal) (G1 Evacuation Pause)
[2020-12-25T04:30:08.160-0400][gc,task        ] GC(386428) Using 4 workers of 4 for evacuation
[2020-12-25T04:30:08.168-0400][gc,phases      ] GC(386428)   Pre Evacuate Collection Set: 0.0ms
[2020-12-25T04:30:08.168-0400][gc,phases      ] GC(386428)   Evacuate Collection Set: 6.7ms
[2020-12-25T04:30:08.168-0400][gc,phases      ] GC(386428)   Post Evacuate Collection Set: 0.6ms
[2020-12-25T04:30:08.168-0400][gc,phases      ] GC(386428)   Other: 0.9ms
[2020-12-25T04:30:08.168-0400][gc,heap        ] GC(386428) Eden regions: 2->0(2)
[2020-12-25T04:30:08.168-0400][gc,heap        ] GC(386428) Survivor regions: 1->1(1)
[2020-12-25T04:30:08.168-0400][gc,heap        ] GC(386428) Old regions: 53->54
[2020-12-25T04:30:08.168-0400][gc,heap        ] GC(386428) Humongous regions: 4->4
[2020-12-25T04:30:08.168-0400][gc,metaspace   ] GC(386428) Metaspace: 61028K->61028K(1107968K)
[2020-12-25T04:30:08.168-0400][gc,heap        ] GC(386428) Heap after GC invocations=386404 (full 11312): garbage-first heap   total 71680K, used 57637K [0x0000000083000000, 0x0000000100000000)
[2020-12-25T04:30:08.168-0400][gc,heap        ] GC(386428)   region size 1024K, 1 young (1024K), 1 survivors (1024K)
[2020-12-25T04:30:08.168-0400][gc,heap        ] GC(386428)  Metaspace       used 61028K, capacity 63733K, committed 64768K, reserved 1107968K
[2020-12-25T04:30:08.168-0400][gc,heap        ] GC(386428)   class space    used 5714K, capacity 6561K, committed 6912K, reserved 1048576K
[2020-12-25T04:30:08.168-0400][gc             ] GC(386428) Pause Young (Normal) (G1 Evacuation Pause) 56M->56M(70M) 8.639ms
[2020-12-25T04:30:08.169-0400][gc,cpu         ] GC(386428) User=0.01s Sys=0.01s Real=0.01s
[2020-12-25T04:30:08.324-0400][gc,heap        ] GC(386429) Heap before GC invocations=386404 (full 11312): garbage-first heap   total 71680K, used 58661K [0x0000000083000000, 0x0000000100000000)
[2020-12-25T04:30:08.324-0400][gc,heap        ] GC(386429)   region size 1024K, 3 young (3072K), 1 survivors (1024K)
[2020-12-25T04:30:08.324-0400][gc,heap        ] GC(386429)  Metaspace       used 61028K, capacity 63733K, committed 64768K, reserved 1107968K
[2020-12-25T04:30:08.324-0400][gc,heap        ] GC(386429)   class space    used 5714K, capacity 6561K, committed 6912K, reserved 1048576K
[2020-12-25T04:30:08.325-0400][gc,start       ] GC(386429) Pause Young (Normal) (G1 Evacuation Pause)
[2020-12-25T04:30:08.325-0400][gc,task        ] GC(386429) Using 4 workers of 4 for evacuation
[2020-12-25T04:30:08.330-0400][gc,phases      ] GC(386429)   Pre Evacuate Collection Set: 0.0ms
[2020-12-25T04:30:08.330-0400][gc,phases      ] GC(386429)   Evacuate Collection Set: 3.8ms
[2020-12-25T04:30:08.330-0400][gc,phases      ] GC(386429)   Post Evacuate Collection Set: 1.4ms
[2020-12-25T04:30:08.331-0400][gc,phases      ] GC(386429)   Other: 0.9ms
[2020-12-25T04:30:08.331-0400][gc,heap        ] GC(386429) Eden regions: 2->0(2)
[2020-12-25T04:30:08.331-0400][gc,heap        ] GC(386429) Survivor regions: 1->1(1)
[2020-12-25T04:30:08.331-0400][gc,heap        ] GC(386429) Old regions: 54->55
[2020-12-25T04:30:08.331-0400][gc,heap        ] GC(386429) Humongous regions: 4->4
[2020-12-25T04:30:08.331-0400][gc,metaspace   ] GC(386429) Metaspace: 61028K->61028K(1107968K)
[2020-12-25T04:30:08.331-0400][gc,heap        ] GC(386429) Heap after GC invocations=386405 (full 11312): garbage-first heap   total 71680K, used 57149K [0x0000000083000000, 0x0000000100000000)
[2020-12-25T04:30:08.331-0400][gc,heap        ] GC(386429)   region size 1024K, 1 young (1024K), 1 survivors (1024K)
[2020-12-25T04:30:08.331-0400][gc,heap        ] GC(386429)  Metaspace       used 61028K, capacity 63733K, committed 64768K, reserved 1107968K
[2020-12-25T04:30:08.331-0400][gc,heap        ] GC(386429)   class space    used 5714K, capacity 6561K, committed 6912K, reserved 1048576K
[2020-12-25T04:30:08.331-0400][gc             ] GC(386429) Pause Young (Normal) (G1 Evacuation Pause) 58M->55M(70M) 6.732ms
[2020-12-25T04:30:08.331-0400][gc,cpu         ] GC(386429) User=0.01s Sys=0.00s Real=0.01s
[2020-12-25T04:30:08.412-0400][gc,heap        ] GC(386430) Heap before GC invocations=386405 (full 11312): garbage-first heap   total 71680K, used 58173K [0x0000000083000000, 0x0000000100000000)
[2020-12-25T04:30:08.412-0400][gc,heap        ] GC(386430)   region size 1024K, 3 young (3072K), 1 survivors (1024K)
[2020-12-25T04:30:08.412-0400][gc,heap        ] GC(386430)  Metaspace       used 61028K, capacity 63733K, committed 64768K, reserved 1107968K
[2020-12-25T04:30:08.412-0400][gc,heap        ] GC(386430)   class space    used 5714K, capacity 6561K, committed 6912K, reserved 1048576K
[2020-12-25T04:30:08.412-0400][gc,start       ] GC(386430) Pause Young (Concurrent Start) (G1 Evacuation Pause)
[2020-12-25T04:30:08.412-0400][gc,task        ] GC(386430) Using 4 workers of 4 for evacuation
[2020-12-25T04:30:08.423-0400][gc,phases      ] GC(386430)   Pre Evacuate Collection Set: 0.3ms
[2020-12-25T04:30:08.423-0400][gc,phases      ] GC(386430)   Evacuate Collection Set: 8.0ms
[2020-12-25T04:30:08.423-0400][gc,phases      ] GC(386430)   Post Evacuate Collection Set: 1.5ms
[2020-12-25T04:30:08.423-0400][gc,phases      ] GC(386430)   Other: 1.3ms
[2020-12-25T04:30:08.423-0400][gc,heap        ] GC(386430) Eden regions: 2->0(2)
[2020-12-25T04:30:08.423-0400][gc,heap        ] GC(386430) Survivor regions: 1->1(1)
[2020-12-25T04:30:08.423-0400][gc,heap        ] GC(386430) Old regions: 55->55
[2020-12-25T04:30:08.423-0400][gc,heap        ] GC(386430) Humongous regions: 4->4
[2020-12-25T04:30:08.423-0400][gc,metaspace   ] GC(386430) Metaspace: 61028K->61028K(1107968K)
[2020-12-25T04:30:08.424-0400][gc,heap        ] GC(386430) Heap after GC invocations=386406 (full 11312): garbage-first heap   total 71680K, used 58006K [0x0000000083000000, 0x0000000100000000)
[2020-12-25T04:30:08.424-0400][gc,heap        ] GC(386430)   region size 1024K, 1 young (1024K), 1 survivors (1024K)
[2020-12-25T04:30:08.424-0400][gc,heap        ] GC(386430)  Metaspace       used 61028K, capacity 63733K, committed 64768K, reserved 1107968K
[2020-12-25T04:30:08.424-0400][gc,heap        ] GC(386430)   class space    used 5714K, capacity 6561K, committed 6912K, reserved 1048576K
[2020-12-25T04:30:08.424-0400][gc             ] GC(386430) Pause Young (Concurrent Start) (G1 Evacuation Pause) 57M->56M(70M) 11.708ms
[2020-12-25T04:30:08.424-0400][gc,cpu         ] GC(386430) User=0.03s Sys=0.00s Real=0.01s
[2020-12-25T04:30:08.424-0400][gc             ] GC(386431) Concurrent Cycle
[2020-12-25T04:30:08.424-0400][gc,marking     ] GC(386431) Concurrent Clear Claimed Marks
[2020-12-25T04:30:08.425-0400][gc,marking     ] GC(386431) Concurrent Clear Claimed Marks 0.393ms
[2020-12-25T04:30:08.425-0400][gc,marking     ] GC(386431) Concurrent Scan Root Regions
[2020-12-25T04:30:08.426-0400][gc,marking     ] GC(386431) Concurrent Scan Root Regions 1.147ms
[2020-12-25T04:30:08.426-0400][gc,marking     ] GC(386431) Concurrent Mark (3381523.181s)
[2020-12-25T04:30:08.426-0400][gc,marking     ] GC(386431) Concurrent Mark From Roots
[2020-12-25T04:30:08.426-0400][gc,task        ] GC(386431) Using 1 workers of 1 for marking
[2020-12-25T04:30:08.571-0400][gc,heap        ] GC(386432) Heap before GC invocations=386406 (full 11312): garbage-first heap   total 71680K, used 59030K [0x0000000083000000, 0x0000000100000000)
[2020-12-25T04:30:08.571-0400][gc,heap        ] GC(386432)   region size 1024K, 3 young (3072K), 1 survivors (1024K)
[2020-12-25T04:30:08.571-0400][gc,heap        ] GC(386432)  Metaspace       used 61028K, capacity 63733K, committed 64768K, reserved 1107968K
[2020-12-25T04:30:08.571-0400][gc,heap        ] GC(386432)   class space    used 5714K, capacity 6561K, committed 6912K, reserved 1048576K
[2020-12-25T04:30:08.571-0400][gc,start       ] GC(386432) Pause Young (Normal) (G1 Evacuation Pause)
[2020-12-25T04:30:08.571-0400][gc,task        ] GC(386432) Using 4 workers of 4 for evacuation
[2020-12-25T04:30:08.578-0400][gc,phases      ] GC(386432)   Pre Evacuate Collection Set: 0.0ms
[2020-12-25T04:30:08.578-0400][gc,phases      ] GC(386432)   Evacuate Collection Set: 5.1ms
[2020-12-25T04:30:08.578-0400][gc,phases      ] GC(386432)   Post Evacuate Collection Set: 1.5ms
[2020-12-25T04:30:08.579-0400][gc,phases      ] GC(386432)   Other: 1.0ms
[2020-12-25T04:30:08.579-0400][gc,heap        ] GC(386432) Eden regions: 2->0(2)
[2020-12-25T04:30:08.579-0400][gc,heap        ] GC(386432) Survivor regions: 1->1(1)
[2020-12-25T04:30:08.579-0400][gc,heap        ] GC(386432) Old regions: 55->55
[2020-12-25T04:30:08.579-0400][gc,heap        ] GC(386432) Humongous regions: 4->4
[2020-12-25T04:30:08.579-0400][gc,metaspace   ] GC(386432) Metaspace: 61028K->61028K(1107968K)
[2020-12-25T04:30:08.579-0400][gc,heap        ] GC(386432) Heap after GC invocations=386407 (full 11312): garbage-first heap   total 71680K, used 58475K [0x0000000083000000, 0x0000000100000000)
[2020-12-25T04:30:08.579-0400][gc,heap        ] GC(386432)   region size 1024K, 1 young (1024K), 1 survivors (1024K)
[2020-12-25T04:30:08.579-0400][gc,heap        ] GC(386432)  Metaspace       used 61028K, capacity 63733K, committed 64768K, reserved 1107968K
[2020-12-25T04:30:08.579-0400][gc,heap        ] GC(386432)   class space    used 5714K, capacity 6561K, committed 6912K, reserved 1048576K
[2020-12-25T04:30:08.579-0400][gc             ] GC(386432) Pause Young (Normal) (G1 Evacuation Pause) 58M->57M(70M) 8.052ms
[2020-12-25T04:30:08.579-0400][gc,cpu         ] GC(386432) User=0.01s Sys=0.01s Real=0.01s
[2020-12-25T04:30:08.646-0400][gc,heap        ] GC(386433) Heap before GC invocations=386407 (full 11312): garbage-first heap   total 71680K, used 59499K [0x0000000083000000, 0x0000000100000000)
[2020-12-25T04:30:08.646-0400][gc,heap        ] GC(386433)   region size 1024K, 3 young (3072K), 1 survivors (1024K)
[2020-12-25T04:30:08.646-0400][gc,heap        ] GC(386433)  Metaspace       used 61028K, capacity 63733K, committed 64768K, reserved 1107968K
[2020-12-25T04:30:08.646-0400][gc,heap        ] GC(386433)   class space    used 5714K, capacity 6561K, committed 6912K, reserved 1048576K
[2020-12-25T04:30:08.646-0400][gc,start       ] GC(386433) Pause Young (Normal) (G1 Evacuation Pause)
[2020-12-25T04:30:08.646-0400][gc,task        ] GC(386433) Using 4 workers of 4 for evacuation
[2020-12-25T04:30:08.653-0400][gc,phases      ] GC(386433)   Pre Evacuate Collection Set: 0.0ms
[2020-12-25T04:30:08.653-0400][gc,phases      ] GC(386433)   Evacuate Collection Set: 5.3ms
[2020-12-25T04:30:08.653-0400][gc,phases      ] GC(386433)   Post Evacuate Collection Set: 0.7ms
[2020-12-25T04:30:08.653-0400][gc,phases      ] GC(386433)   Other: 0.8ms
[2020-12-25T04:30:08.653-0400][gc,heap        ] GC(386433) Eden regions: 2->0(2)
[2020-12-25T04:30:08.653-0400][gc,heap        ] GC(386433) Survivor regions: 1->1(1)
[2020-12-25T04:30:08.653-0400][gc,heap        ] GC(386433) Old regions: 55->57
[2020-12-25T04:30:08.653-0400][gc,heap        ] GC(386433) Humongous regions: 4->4
[2020-12-25T04:30:08.653-0400][gc,metaspace   ] GC(386433) Metaspace: 61028K->61028K(1107968K)
[2020-12-25T04:30:08.653-0400][gc,heap        ] GC(386433) Heap after GC invocations=386408 (full 11312): garbage-first heap   total 71680K, used 60100K [0x0000000083000000, 0x0000000100000000)
[2020-12-25T04:30:08.653-0400][gc,heap        ] GC(386433)   region size 1024K, 1 young (1024K), 1 survivors (1024K)
[2020-12-25T04:30:08.653-0400][gc,heap        ] GC(386433)  Metaspace       used 61028K, capacity 63733K, committed 64768K, reserved 1107968K
[2020-12-25T04:30:08.654-0400][gc,heap        ] GC(386433)   class space    used 5714K, capacity 6561K, committed 6912K, reserved 1048576K
[2020-12-25T04:30:08.654-0400][gc             ] GC(386433) Pause Young (Normal) (G1 Evacuation Pause) 59M->58M(70M) 7.418ms
[2020-12-25T04:30:08.654-0400][gc,cpu         ] GC(386433) User=0.00s Sys=0.01s Real=0.00s
[2020-12-25T04:30:08.767-0400][gc,heap        ] GC(386434) Heap before GC invocations=386408 (full 11312): garbage-first heap   total 71680K, used 62148K [0x0000000083000000, 0x0000000100000000)
[2020-12-25T04:30:08.767-0400][gc,heap        ] GC(386434)   region size 1024K, 3 young (3072K), 1 survivors (1024K)
[2020-12-25T04:30:08.767-0400][gc,heap        ] GC(386434)  Metaspace       used 61028K, capacity 63733K, committed 64768K, reserved 1107968K
[2020-12-25T04:30:08.767-0400][gc,heap        ] GC(386434)   class space    used 5714K, capacity 6561K, committed 6912K, reserved 1048576K
[2020-12-25T04:30:08.767-0400][gc,start       ] GC(386434) Pause Young (Normal) (G1 Evacuation Pause)
[2020-12-25T04:30:08.767-0400][gc,task        ] GC(386434) Using 4 workers of 4 for evacuation
[2020-12-25T04:30:08.774-0400][gc,phases      ] GC(386434)   Pre Evacuate Collection Set: 0.0ms
[2020-12-25T04:30:08.774-0400][gc,phases      ] GC(386434)   Evacuate Collection Set: 4.5ms
[2020-12-25T04:30:08.775-0400][gc,phases      ] GC(386434)   Post Evacuate Collection Set: 2.3ms
[2020-12-25T04:30:08.775-0400][gc,phases      ] GC(386434)   Other: 0.9ms
[2020-12-25T04:30:08.775-0400][gc,heap        ] GC(386434) Eden regions: 2->0(10)
[2020-12-25T04:30:08.775-0400][gc,heap        ] GC(386434) Survivor regions: 1->1(1)
[2020-12-25T04:30:08.775-0400][gc,heap        ] GC(386434) Old regions: 57->58
[2020-12-25T04:30:08.775-0400][gc,heap        ] GC(386434) Humongous regions: 4->4
[2020-12-25T04:30:08.775-0400][gc,metaspace   ] GC(386434) Metaspace: 61028K->61028K(1107968K)
[2020-12-25T04:30:08.775-0400][gc,heap        ] GC(386434) Heap after GC invocations=386409 (full 11312): garbage-first heap   total 95232K, used 60845K [0x0000000083000000, 0x0000000100000000)
[2020-12-25T04:30:08.775-0400][gc,heap        ] GC(386434)   region size 1024K, 1 young (1024K), 1 survivors (1024K)
[2020-12-25T04:30:08.775-0400][gc,heap        ] GC(386434)  Metaspace       used 61028K, capacity 63733K, committed 64768K, reserved 1107968K
[2020-12-25T04:30:08.775-0400][gc,heap        ] GC(386434)   class space    used 5714K, capacity 6561K, committed 6912K, reserved 1048576K
[2020-12-25T04:30:08.775-0400][gc             ] GC(386434) Pause Young (Normal) (G1 Evacuation Pause) 60M->59M(93M) 8.093ms
[2020-12-25T04:30:08.775-0400][gc,cpu         ] GC(386434) User=0.01s Sys=0.00s Real=0.00s
[2020-12-25T04:30:09.009-0400][gc,marking     ] GC(386431) Concurrent Mark From Roots 582.553ms
[2020-12-25T04:30:09.009-0400][gc,marking     ] GC(386431) Concurrent Preclean
[2020-12-25T04:30:09.010-0400][gc,marking     ] GC(386431) Concurrent Preclean 1.052ms
[2020-12-25T04:30:09.010-0400][gc,marking     ] GC(386431) Concurrent Mark (3381523.181s, 3381523.765s) 584.099ms
[2020-12-25T04:30:09.011-0400][gc,start       ] GC(386431) Pause Remark
[2020-12-25T04:30:09.056-0400][gc,stringtable ] GC(386431) Cleaned string and symbol table, strings: 32208 processed, 0 removed, symbols: 131455 processed, 0 removed
[2020-12-25T04:30:09.057-0400][gc             ] GC(386431) Pause Remark 64M->64M(93M) 45.542ms
[2020-12-25T04:30:09.057-0400][gc,cpu         ] GC(386431) User=0.17s Sys=0.00s Real=0.05s
[2020-12-25T04:30:09.058-0400][gc,marking     ] GC(386431) Concurrent Rebuild Remembered Sets
[2020-12-25T04:30:09.351-0400][gc,heap        ] GC(386435) Heap before GC invocations=386409 (full 11312): garbage-first heap   total 95232K, used 70061K [0x0000000083000000, 0x0000000100000000)
[2020-12-25T04:30:09.351-0400][gc,heap        ] GC(386435)   region size 1024K, 11 young (11264K), 1 survivors (1024K)
[2020-12-25T04:30:09.351-0400][gc,heap        ] GC(386435)  Metaspace       used 61028K, capacity 63733K, committed 64768K, reserved 1107968K
[2020-12-25T04:30:09.351-0400][gc,heap        ] GC(386435)   class space    used 5714K, capacity 6561K, committed 6912K, reserved 1048576K
[2020-12-25T04:30:09.351-0400][gc,start       ] GC(386435) Pause Young (Normal) (G1 Evacuation Pause)
[2020-12-25T04:30:09.351-0400][gc,task        ] GC(386435) Using 4 workers of 4 for evacuation
[2020-12-25T04:30:09.362-0400][gc,phases      ] GC(386435)   Pre Evacuate Collection Set: 0.0ms
[2020-12-25T04:30:09.363-0400][gc,phases      ] GC(386435)   Evacuate Collection Set: 8.8ms
[2020-12-25T04:30:09.363-0400][gc,phases      ] GC(386435)   Post Evacuate Collection Set: 1.8ms
[2020-12-25T04:30:09.363-0400][gc,phases      ] GC(386435)   Other: 0.9ms
[2020-12-25T04:30:09.363-0400][gc,heap        ] GC(386435) Eden regions: 10->0(10)
[2020-12-25T04:30:09.363-0400][gc,heap        ] GC(386435) Survivor regions: 1->2(2)
[2020-12-25T04:30:09.363-0400][gc,heap        ] GC(386435) Old regions: 58->58
[2020-12-25T04:30:09.363-0400][gc,heap        ] GC(386435) Humongous regions: 4->4
[2020-12-25T04:30:09.363-0400][gc,metaspace   ] GC(386435) Metaspace: 61028K->61028K(1107968K)
[2020-12-25T04:30:09.363-0400][gc,heap        ] GC(386435) Heap after GC invocations=386410 (full 11312): garbage-first heap   total 95232K, used 62605K [0x0000000083000000, 0x0000000100000000)
[2020-12-25T04:30:09.363-0400][gc,heap        ] GC(386435)   region size 1024K, 2 young (2048K), 2 survivors (2048K)
[2020-12-25T04:30:09.363-0400][gc,heap        ] GC(386435)  Metaspace       used 61028K, capacity 63733K, committed 64768K, reserved 1107968K
[2020-12-25T04:30:09.363-0400][gc,heap        ] GC(386435)   class space    used 5714K, capacity 6561K, committed 6912K, reserved 1048576K
[2020-12-25T04:30:09.363-0400][gc             ] GC(386435) Pause Young (Normal) (G1 Evacuation Pause) 69M->61M(93M) 12.078ms
[2020-12-25T04:30:09.363-0400][gc,cpu         ] GC(386435) User=0.01s Sys=0.03s Real=0.01s
[2020-12-25T04:30:09.397-0400][gc,marking     ] GC(386431) Concurrent Rebuild Remembered Sets 338.410ms
[2020-12-25T04:30:09.398-0400][gc,start       ] GC(386431) Pause Cleanup
[2020-12-25T04:30:09.399-0400][gc             ] GC(386431) Pause Cleanup 62M->62M(93M) 0.567ms
[2020-12-25T04:30:09.399-0400][gc,cpu         ] GC(386431) User=0.00s Sys=0.00s Real=0.00s
[2020-12-25T04:30:09.400-0400][gc,marking     ] GC(386431) Concurrent Cleanup for Next Mark
[2020-12-25T04:30:09.403-0400][gc,marking     ] GC(386431) Concurrent Cleanup for Next Mark 3.165ms
[2020-12-25T04:30:09.403-0400][gc             ] GC(386431) Concurrent Cycle 979.227ms
[2020-12-25T04:30:12.173-0400][gc,heap        ] GC(386436) Heap before GC invocations=386411 (full 11312): garbage-first heap   total 95232K, used 71821K [0x0000000083000000, 0x0000000100000000)
[2020-12-25T04:30:12.173-0400][gc,heap        ] GC(386436)   region size 1024K, 12 young (12288K), 2 survivors (2048K)
[2020-12-25T04:30:12.173-0400][gc,heap        ] GC(386436)  Metaspace       used 61028K, capacity 63733K, committed 64768K, reserved 1107968K
[2020-12-25T04:30:12.173-0400][gc,heap        ] GC(386436)   class space    used 5714K, capacity 6561K, committed 6912K, reserved 1048576K
[2020-12-25T04:30:12.174-0400][gc,start       ] GC(386436) Pause Young (Prepare Mixed) (G1 Evacuation Pause)
[2020-12-25T04:30:12.174-0400][gc,task        ] GC(386436) Using 4 workers of 4 for evacuation
[2020-12-25T04:30:12.186-0400][gc,phases      ] GC(386436)   Pre Evacuate Collection Set: 0.0ms
[2020-12-25T04:30:12.187-0400][gc,phases      ] GC(386436)   Evacuate Collection Set: 10.6ms
[2020-12-25T04:30:12.187-0400][gc,phases      ] GC(386436)   Post Evacuate Collection Set: 1.5ms
[2020-12-25T04:30:12.187-0400][gc,phases      ] GC(386436)   Other: 1.1ms
[2020-12-25T04:30:12.187-0400][gc,heap        ] GC(386436) Eden regions: 10->0(2)
[2020-12-25T04:30:12.187-0400][gc,heap        ] GC(386436) Survivor regions: 2->2(2)
[2020-12-25T04:30:12.187-0400][gc,heap        ] GC(386436) Old regions: 58->60
[2020-12-25T04:30:12.187-0400][gc,heap        ] GC(386436) Humongous regions: 4->4
[2020-12-25T04:30:12.187-0400][gc,metaspace   ] GC(386436) Metaspace: 61028K->61028K(1107968K)
[2020-12-25T04:30:12.187-0400][gc,heap        ] GC(386436) Heap after GC invocations=386412 (full 11312): garbage-first heap   total 95232K, used 64112K [0x0000000083000000, 0x0000000100000000)
[2020-12-25T04:30:12.187-0400][gc,heap        ] GC(386436)   region size 1024K, 2 young (2048K), 2 survivors (2048K)
[2020-12-25T04:30:12.187-0400][gc,heap        ] GC(386436)  Metaspace       used 61028K, capacity 63733K, committed 64768K, reserved 1107968K
[2020-12-25T04:30:12.187-0400][gc,heap        ] GC(386436)   class space    used 5714K, capacity 6561K, committed 6912K, reserved 1048576K
[2020-12-25T04:30:12.187-0400][gc             ] GC(386436) Pause Young (Prepare Mixed) (G1 Evacuation Pause) 71M->62M(93M) 13.776ms
[2020-12-25T04:30:12.188-0400][gc,cpu         ] GC(386436) User=0.04s Sys=0.00s Real=0.02s
[2020-12-25T04:30:12.259-0400][gc,heap        ] GC(386437) Heap before GC invocations=386412 (full 11312): garbage-first heap   total 95232K, used 65136K [0x0000000083000000, 0x0000000100000000)
[2020-12-25T04:30:12.259-0400][gc,heap        ] GC(386437)   region size 1024K, 4 young (4096K), 2 survivors (2048K)
[2020-12-25T04:30:12.259-0400][gc,heap        ] GC(386437)  Metaspace       used 61028K, capacity 63733K, committed 64768K, reserved 1107968K
[2020-12-25T04:30:12.259-0400][gc,heap        ] GC(386437)   class space    used 5714K, capacity 6561K, committed 6912K, reserved 1048576K
[2020-12-25T04:30:12.259-0400][gc,start       ] GC(386437) Pause Young (Mixed) (G1 Evacuation Pause)
[2020-12-25T04:30:12.259-0400][gc,task        ] GC(386437) Using 4 workers of 4 for evacuation
[2020-12-25T04:30:12.267-0400][gc,phases      ] GC(386437)   Pre Evacuate Collection Set: 0.1ms
[2020-12-25T04:30:12.267-0400][gc,phases      ] GC(386437)   Evacuate Collection Set: 6.4ms
[2020-12-25T04:30:12.267-0400][gc,phases      ] GC(386437)   Post Evacuate Collection Set: 0.8ms
[2020-12-25T04:30:12.267-0400][gc,phases      ] GC(386437)   Other: 1.1ms
[2020-12-25T04:30:12.267-0400][gc,heap        ] GC(386437) Eden regions: 2->0(11)
[2020-12-25T04:30:12.267-0400][gc,heap        ] GC(386437) Survivor regions: 2->1(1)
[2020-12-25T04:30:12.267-0400][gc,heap        ] GC(386437) Old regions: 60->56
[2020-12-25T04:30:12.268-0400][gc,heap        ] GC(386437) Humongous regions: 4->4
[2020-12-25T04:30:12.268-0400][gc,metaspace   ] GC(386437) Metaspace: 61028K->61028K(1107968K)
[2020-12-25T04:30:12.268-0400][gc,heap        ] GC(386437) Heap after GC invocations=386413 (full 11312): garbage-first heap   total 95232K, used 60530K [0x0000000083000000, 0x0000000100000000)
[2020-12-25T04:30:12.268-0400][gc,heap        ] GC(386437)   region size 1024K, 1 young (1024K), 1 survivors (1024K)
[2020-12-25T04:30:12.268-0400][gc,heap        ] GC(386437)  Metaspace       used 61028K, capacity 63733K, committed 64768K, reserved 1107968K
[2020-12-25T04:30:12.268-0400][gc,heap        ] GC(386437)   class space    used 5714K, capacity 6561K, committed 6912K, reserved 1048576K
[2020-12-25T04:30:12.268-0400][gc             ] GC(386437) Pause Young (Mixed) (G1 Evacuation Pause) 64M->59M(93M) 8.689ms
[2020-12-25T04:30:12.268-0400][gc,cpu         ] GC(386437) User=0.01s Sys=0.01s Real=0.01s
[2020-12-25T04:30:19.346-0400][gc,heap        ] GC(386438) Heap before GC invocations=386413 (full 11312): garbage-first heap   total 95232K, used 70770K [0x0000000083000000, 0x0000000100000000)
[2020-12-25T04:30:19.346-0400][gc,heap        ] GC(386438)   region size 1024K, 12 young (12288K), 1 survivors (1024K)
[2020-12-25T04:30:19.346-0400][gc,heap        ] GC(386438)  Metaspace       used 61028K, capacity 63733K, committed 64768K, reserved 1107968K
[2020-12-25T04:30:19.346-0400][gc,heap        ] GC(386438)   class space    used 5714K, capacity 6561K, committed 6912K, reserved 1048576K
[2020-12-25T04:30:19.346-0400][gc,start       ] GC(386438) Pause Young (Normal) (G1 Evacuation Pause)
[2020-12-25T04:30:19.346-0400][gc,task        ] GC(386438) Using 4 workers of 4 for evacuation
[2020-12-25T04:30:19.353-0400][gc,phases      ] GC(386438)   Pre Evacuate Collection Set: 0.0ms
[2020-12-25T04:30:19.353-0400][gc,phases      ] GC(386438)   Evacuate Collection Set: 3.9ms
[2020-12-25T04:30:19.353-0400][gc,phases      ] GC(386438)   Post Evacuate Collection Set: 2.7ms
[2020-12-25T04:30:19.354-0400][gc,phases      ] GC(386438)   Other: 1.0ms
[2020-12-25T04:30:19.354-0400][gc,heap        ] GC(386438) Eden regions: 11->0(29)
[2020-12-25T04:30:19.354-0400][gc,heap        ] GC(386438) Survivor regions: 1->1(2)
[2020-12-25T04:30:19.354-0400][gc,heap        ] GC(386438) Old regions: 56->56
[2020-12-25T04:30:19.354-0400][gc,heap        ] GC(386438) Humongous regions: 4->4
[2020-12-25T04:30:19.354-0400][gc,metaspace   ] GC(386438) Metaspace: 61028K->61028K(1107968K)
[2020-12-25T04:30:19.354-0400][gc,heap        ] GC(386438) Heap after GC invocations=386414 (full 11312): garbage-first heap   total 131072K, used 59804K [0x0000000083000000, 0x0000000100000000)
[2020-12-25T04:30:19.354-0400][gc,heap        ] GC(386438)   region size 1024K, 1 young (1024K), 1 survivors (1024K)
[2020-12-25T04:30:19.354-0400][gc,heap        ] GC(386438)  Metaspace       used 61028K, capacity 63733K, committed 64768K, reserved 1107968K
[2020-12-25T04:30:19.354-0400][gc,heap        ] GC(386438)   class space    used 5714K, capacity 6561K, committed 6912K, reserved 1048576K
[2020-12-25T04:30:19.354-0400][gc             ] GC(386438) Pause Young (Normal) (G1 Evacuation Pause) 70M->58M(128M) 7.958ms
[2020-12-25T04:30:19.354-0400][gc,cpu         ] GC(386438) User=0.01s Sys=0.01s Real=0.00s
[2020-12-25T04:30:55.585-0400][gc,heap        ] GC(386439) Heap before GC invocations=386414 (full 11312): garbage-first heap   total 131072K, used 88476K [0x0000000083000000, 0x0000000100000000)
[2020-12-25T04:30:55.585-0400][gc,heap        ] GC(386439)   region size 1024K, 30 young (30720K), 1 survivors (1024K)
[2020-12-25T04:30:55.585-0400][gc,heap        ] GC(386439)  Metaspace       used 61036K, capacity 63745K, committed 64768K, reserved 1107968K
[2020-12-25T04:30:55.585-0400][gc,heap        ] GC(386439)   class space    used 5715K, capacity 6563K, committed 6912K, reserved 1048576K
[2020-12-25T04:30:55.585-0400][gc,start       ] GC(386439) Pause Young (Normal) (G1 Evacuation Pause)
[2020-12-25T04:30:55.585-0400][gc,task        ] GC(386439) Using 4 workers of 4 for evacuation
[2020-12-25T04:30:55.593-0400][gc,phases      ] GC(386439)   Pre Evacuate Collection Set: 0.1ms
[2020-12-25T04:30:55.593-0400][gc,phases      ] GC(386439)   Evacuate Collection Set: 4.6ms
[2020-12-25T04:30:55.593-0400][gc,phases      ] GC(386439)   Post Evacuate Collection Set: 2.6ms
[2020-12-25T04:30:55.593-0400][gc,phases      ] GC(386439)   Other: 0.9ms
[2020-12-25T04:30:55.593-0400][gc,heap        ] GC(386439) Eden regions: 29->0(32)
[2020-12-25T04:30:55.593-0400][gc,heap        ] GC(386439) Survivor regions: 1->1(4)
[2020-12-25T04:30:55.593-0400][gc,heap        ] GC(386439) Old regions: 56->56
[2020-12-25T04:30:55.593-0400][gc,heap        ] GC(386439) Humongous regions: 4->4
[2020-12-25T04:30:55.593-0400][gc,metaspace   ] GC(386439) Metaspace: 61036K->61036K(1107968K)
[2020-12-25T04:30:55.593-0400][gc,heap        ] GC(386439) Heap after GC invocations=386415 (full 11312): garbage-first heap   total 131072K, used 60183K [0x0000000083000000, 0x0000000100000000)
[2020-12-25T04:30:55.593-0400][gc,heap        ] GC(386439)   region size 1024K, 1 young (1024K), 1 survivors (1024K)
[2020-12-25T04:30:55.594-0400][gc,heap        ] GC(386439)  Metaspace       used 61036K, capacity 63745K, committed 64768K, reserved 1107968K
[2020-12-25T04:30:55.594-0400][gc,heap        ] GC(386439)   class space    used 5715K, capacity 6563K, committed 6912K, reserved 1048576K
[2020-12-25T04:30:55.594-0400][gc             ] GC(386439) Pause Young (Normal) (G1 Evacuation Pause) 87M->58M(128M) 8.688ms
[2020-12-25T04:30:55.594-0400][gc,cpu         ] GC(386439) User=0.01s Sys=0.02s Real=0.01s
[2020-12-25T04:31:10.428-0400][gc,heap        ] GC(386440) Heap before GC invocations=386415 (full 11312): garbage-first heap   total 131072K, used 91927K [0x0000000083000000, 0x0000000100000000)
[2020-12-25T04:31:10.429-0400][gc,heap        ] GC(386440)   region size 1024K, 33 young (33792K), 1 survivors (1024K)
[2020-12-25T04:31:10.429-0400][gc,heap        ] GC(386440)  Metaspace       used 61036K, capacity 63745K, committed 64768K, reserved 1107968K
[2020-12-25T04:31:10.429-0400][gc,heap        ] GC(386440)   class space    used 5715K, capacity 6563K, committed 6912K, reserved 1048576K
[2020-12-25T04:31:10.429-0400][gc,start       ] GC(386440) Pause Young (Normal) (G1 Evacuation Pause)
[2020-12-25T04:31:10.429-0400][gc,task        ] GC(386440) Using 4 workers of 4 for evacuation
[2020-12-25T04:31:10.437-0400][gc,phases      ] GC(386440)   Pre Evacuate Collection Set: 0.0ms
[2020-12-25T04:31:10.437-0400][gc,phases      ] GC(386440)   Evacuate Collection Set: 5.9ms
[2020-12-25T04:31:10.437-0400][gc,phases      ] GC(386440)   Post Evacuate Collection Set: 1.9ms
[2020-12-25T04:31:10.438-0400][gc,phases      ] GC(386440)   Other: 0.9ms
[2020-12-25T04:31:10.438-0400][gc,heap        ] GC(386440) Eden regions: 32->0(34)
[2020-12-25T04:31:10.438-0400][gc,heap        ] GC(386440) Survivor regions: 1->1(5)
[2020-12-25T04:31:10.438-0400][gc,heap        ] GC(386440) Old regions: 56->56
[2020-12-25T04:31:10.438-0400][gc,heap        ] GC(386440) Humongous regions: 4->4
[2020-12-25T04:31:10.438-0400][gc,metaspace   ] GC(386440) Metaspace: 61036K->61036K(1107968K)
[2020-12-25T04:31:10.438-0400][gc,heap        ] GC(386440) Heap after GC invocations=386416 (full 11312): garbage-first heap   total 131072K, used 60298K [0x0000000083000000, 0x0000000100000000)
[2020-12-25T04:31:10.438-0400][gc,heap        ] GC(386440)   region size 1024K, 1 young (1024K), 1 survivors (1024K)
[2020-12-25T04:31:10.438-0400][gc,heap        ] GC(386440)  Metaspace       used 61036K, capacity 63745K, committed 64768K, reserved 1107968K
[2020-12-25T04:31:10.438-0400][gc,heap        ] GC(386440)   class space    used 5715K, capacity 6563K, committed 6912K, reserved 1048576K
[2020-12-25T04:31:10.438-0400][gc             ] GC(386440) Pause Young (Normal) (G1 Evacuation Pause) 90M->58M(128M) 9.195ms
[2020-12-25T04:31:10.438-0400][gc,cpu         ] GC(386440) User=0.01s Sys=0.02s Real=0.01s
[2020-12-25T04:31:13.242-0400][gc,heap        ] GC(386441) Heap before GC invocations=386416 (full 11312): garbage-first heap   total 131072K, used 94090K [0x0000000083000000, 0x0000000100000000)
[2020-12-25T04:31:13.242-0400][gc,heap        ] GC(386441)   region size 1024K, 35 young (35840K), 1 survivors (1024K)
[2020-12-25T04:31:13.242-0400][gc,heap        ] GC(386441)  Metaspace       used 61036K, capacity 63745K, committed 64768K, reserved 1107968K
[2020-12-25T04:31:13.242-0400][gc,heap        ] GC(386441)   class space    used 5715K, capacity 6563K, committed 6912K, reserved 1048576K
[2020-12-25T04:31:13.242-0400][gc,start       ] GC(386441) Pause Young (Normal) (G1 Evacuation Pause)
[2020-12-25T04:31:13.242-0400][gc,task        ] GC(386441) Using 4 workers of 4 for evacuation
[2020-12-25T04:31:13.250-0400][gc,phases      ] GC(386441)   Pre Evacuate Collection Set: 0.0ms
[2020-12-25T04:31:13.250-0400][gc,phases      ] GC(386441)   Evacuate Collection Set: 5.6ms
[2020-12-25T04:31:13.250-0400][gc,phases      ] GC(386441)   Post Evacuate Collection Set: 1.6ms
[2020-12-25T04:31:13.250-0400][gc,phases      ] GC(386441)   Other: 0.9ms
[2020-12-25T04:31:13.250-0400][gc,heap        ] GC(386441) Eden regions: 34->0(36)
[2020-12-25T04:31:13.251-0400][gc,heap        ] GC(386441) Survivor regions: 1->1(5)
[2020-12-25T04:31:13.251-0400][gc,heap        ] GC(386441) Old regions: 56->56
[2020-12-25T04:31:13.251-0400][gc,heap        ] GC(386441) Humongous regions: 4->4
[2020-12-25T04:31:13.251-0400][gc,metaspace   ] GC(386441) Metaspace: 61036K->61036K(1107968K)
[2020-12-25T04:31:13.251-0400][gc,heap        ] GC(386441) Heap after GC invocations=386417 (full 11312): garbage-first heap   total 131072K, used 60353K [0x0000000083000000, 0x0000000100000000)
[2020-12-25T04:31:13.251-0400][gc,heap        ] GC(386441)   region size 1024K, 1 young (1024K), 1 survivors (1024K)
[2020-12-25T04:31:13.251-0400][gc,heap        ] GC(386441)  Metaspace       used 61036K, capacity 63745K, committed 64768K, reserved 1107968K
[2020-12-25T04:31:13.251-0400][gc,heap        ] GC(386441)   class space    used 5715K, capacity 6563K, committed 6912K, reserved 1048576K
[2020-12-25T04:31:13.251-0400][gc             ] GC(386441) Pause Young (Normal) (G1 Evacuation Pause) 92M->58M(128M) 8.599ms
[2020-12-25T04:31:13.251-0400][gc,cpu         ] GC(386441) User=0.01s Sys=0.01s Real=0.01s
[2020-12-25T04:31:14.890-0400][gc,heap        ] GC(386442) Heap before GC invocations=386417 (full 11312): garbage-first heap   total 131072K, used 96193K [0x0000000083000000, 0x0000000100000000)
[2020-12-25T04:31:14.890-0400][gc,heap        ] GC(386442)   region size 1024K, 37 young (37888K), 1 survivors (1024K)
[2020-12-25T04:31:14.890-0400][gc,heap        ] GC(386442)  Metaspace       used 61036K, capacity 63745K, committed 64768K, reserved 1107968K
[2020-12-25T04:31:14.890-0400][gc,heap        ] GC(386442)   class space    used 5715K, capacity 6563K, committed 6912K, reserved 1048576K
[2020-12-25T04:31:14.891-0400][gc,start       ] GC(386442) Pause Young (Normal) (G1 Evacuation Pause)
[2020-12-25T04:31:14.891-0400][gc,task        ] GC(386442) Using 4 workers of 4 for evacuation
[2020-12-25T04:31:14.898-0400][gc,phases      ] GC(386442)   Pre Evacuate Collection Set: 0.0ms
[2020-12-25T04:31:14.898-0400][gc,phases      ] GC(386442)   Evacuate Collection Set: 5.5ms
[2020-12-25T04:31:14.898-0400][gc,phases      ] GC(386442)   Post Evacuate Collection Set: 1.3ms
[2020-12-25T04:31:14.898-0400][gc,phases      ] GC(386442)   Other: 0.9ms
[2020-12-25T04:31:14.898-0400][gc,heap        ] GC(386442) Eden regions: 36->0(38)
[2020-12-25T04:31:14.898-0400][gc,heap        ] GC(386442) Survivor regions: 1->1(5)
[2020-12-25T04:31:14.898-0400][gc,heap        ] GC(386442) Old regions: 56->56
[2020-12-25T04:31:14.898-0400][gc,heap        ] GC(386442) Humongous regions: 4->4
[2020-12-25T04:31:14.898-0400][gc,metaspace   ] GC(386442) Metaspace: 61036K->61036K(1107968K)
[2020-12-25T04:31:14.898-0400][gc,heap        ] GC(386442) Heap after GC invocations=386418 (full 11312): garbage-first heap   total 131072K, used 60395K [0x0000000083000000, 0x0000000100000000)
[2020-12-25T04:31:14.898-0400][gc,heap        ] GC(386442)   region size 1024K, 1 young (1024K), 1 survivors (1024K)
[2020-12-25T04:31:14.899-0400][gc,heap        ] GC(386442)  Metaspace       used 61036K, capacity 63745K, committed 64768K, reserved 1107968K
[2020-12-25T04:31:14.899-0400][gc,heap        ] GC(386442)   class space    used 5715K, capacity 6563K, committed 6912K, reserved 1048576K
[2020-12-25T04:31:14.899-0400][gc             ] GC(386442) Pause Young (Normal) (G1 Evacuation Pause) 94M->58M(128M) 8.100ms
[2020-12-25T04:31:14.899-0400][gc,cpu         ] GC(386442) User=0.01s Sys=0.01s Real=0.01s
[2020-12-25T04:31:16.551-0400][gc,heap        ] GC(386443) Heap before GC invocations=386418 (full 11312): garbage-first heap   total 131072K, used 98283K [0x0000000083000000, 0x0000000100000000)
[2020-12-25T04:31:16.551-0400][gc,heap        ] GC(386443)   region size 1024K, 39 young (39936K), 1 survivors (1024K)
[2020-12-25T04:31:16.551-0400][gc,heap        ] GC(386443)  Metaspace       used 61036K, capacity 63745K, committed 64768K, reserved 1107968K
[2020-12-25T04:31:16.551-0400][gc,heap        ] GC(386443)   class space    used 5715K, capacity 6563K, committed 6912K, reserved 1048576K
[2020-12-25T04:31:16.551-0400][gc,start       ] GC(386443) Pause Young (Normal) (G1 Evacuation Pause)
[2020-12-25T04:31:16.551-0400][gc,task        ] GC(386443) Using 4 workers of 4 for evacuation
[2020-12-25T04:31:16.560-0400][gc,phases      ] GC(386443)   Pre Evacuate Collection Set: 0.1ms
[2020-12-25T04:31:16.560-0400][gc,phases      ] GC(386443)   Evacuate Collection Set: 6.3ms
[2020-12-25T04:31:16.560-0400][gc,phases      ] GC(386443)   Post Evacuate Collection Set: 1.7ms
[2020-12-25T04:31:16.560-0400][gc,phases      ] GC(386443)   Other: 1.0ms
[2020-12-25T04:31:16.560-0400][gc,heap        ] GC(386443) Eden regions: 38->0(39)
[2020-12-25T04:31:16.560-0400][gc,heap        ] GC(386443) Survivor regions: 1->1(5)
[2020-12-25T04:31:16.560-0400][gc,heap        ] GC(386443) Old regions: 56->56
[2020-12-25T04:31:16.560-0400][gc,heap        ] GC(386443) Humongous regions: 4->4
[2020-12-25T04:31:16.560-0400][gc,metaspace   ] GC(386443) Metaspace: 61036K->61036K(1107968K)
[2020-12-25T04:31:16.560-0400][gc,heap        ] GC(386443) Heap after GC invocations=386419 (full 11312): garbage-first heap   total 131072K, used 60450K [0x0000000083000000, 0x0000000100000000)
[2020-12-25T04:31:16.560-0400][gc,heap        ] GC(386443)   region size 1024K, 1 young (1024K), 1 survivors (1024K)
[2020-12-25T04:31:16.560-0400][gc,heap        ] GC(386443)  Metaspace       used 61036K, capacity 63745K, committed 64768K, reserved 1107968K
[2020-12-25T04:31:16.560-0400][gc,heap        ] GC(386443)   class space    used 5715K, capacity 6563K, committed 6912K, reserved 1048576K
[2020-12-25T04:31:16.560-0400][gc             ] GC(386443) Pause Young (Normal) (G1 Evacuation Pause) 96M->59M(128M) 9.351ms
[2020-12-25T04:31:16.561-0400][gc,cpu         ] GC(386443) User=0.01s Sys=0.01s Real=0.01s
[2020-12-25T04:31:35.824-0400][gc,heap        ] GC(386444) Heap before GC invocations=386419 (full 11312): garbage-first heap   total 131072K, used 100386K [0x0000000083000000, 0x0000000100000000)
[2020-12-25T04:31:35.824-0400][gc,heap        ] GC(386444)   region size 1024K, 40 young (40960K), 1 survivors (1024K)
[2020-12-25T04:31:35.824-0400][gc,heap        ] GC(386444)  Metaspace       used 61036K, capacity 63745K, committed 64768K, reserved 1107968K
[2020-12-25T04:31:35.824-0400][gc,heap        ] GC(386444)   class space    used 5715K, capacity 6563K, committed 6912K, reserved 1048576K
[2020-12-25T04:31:35.824-0400][gc,start       ] GC(386444) Pause Young (Normal) (G1 Evacuation Pause)
[2020-12-25T04:31:35.824-0400][gc,task        ] GC(386444) Using 4 workers of 4 for evacuation
[2020-12-25T04:31:35.832-0400][gc,phases      ] GC(386444)   Pre Evacuate Collection Set: 0.1ms
[2020-12-25T04:31:35.832-0400][gc,phases      ] GC(386444)   Evacuate Collection Set: 5.3ms
[2020-12-25T04:31:35.832-0400][gc,phases      ] GC(386444)   Post Evacuate Collection Set: 1.7ms
[2020-12-25T04:31:35.832-0400][gc,phases      ] GC(386444)   Other: 1.3ms
[2020-12-25T04:31:35.832-0400][gc,heap        ] GC(386444) Eden regions: 39->0(40)
[2020-12-25T04:31:35.832-0400][gc,heap        ] GC(386444) Survivor regions: 1->1(5)
[2020-12-25T04:31:35.832-0400][gc,heap        ] GC(386444) Old regions: 56->56
[2020-12-25T04:31:35.832-0400][gc,heap        ] GC(386444) Humongous regions: 4->4
[2020-12-25T04:31:35.832-0400][gc,metaspace   ] GC(386444) Metaspace: 61036K->61036K(1107968K)
[2020-12-25T04:31:35.833-0400][gc,heap        ] GC(386444) Heap after GC invocations=386420 (full 11312): garbage-first heap   total 131072K, used 60406K [0x0000000083000000, 0x0000000100000000)
[2020-12-25T04:31:35.833-0400][gc,heap        ] GC(386444)   region size 1024K, 1 young (1024K), 1 survivors (1024K)
[2020-12-25T04:31:35.833-0400][gc,heap        ] GC(386444)  Metaspace       used 61036K, capacity 63745K, committed 64768K, reserved 1107968K
[2020-12-25T04:31:35.833-0400][gc,heap        ] GC(386444)   class space    used 5715K, capacity 6563K, committed 6912K, reserved 1048576K
[2020-12-25T04:31:35.833-0400][gc             ] GC(386444) Pause Young (Normal) (G1 Evacuation Pause) 98M->58M(128M) 8.522ms
[2020-12-25T04:31:35.833-0400][gc,cpu         ] GC(386444) User=0.02s Sys=0.01s Real=0.01s
[2020-12-25T04:31:50.924-0400][gc,task        ] GC(386445) Using 3 workers of 4 for full compaction
[2020-12-25T04:31:50.924-0400][gc,start       ] GC(386445) Pause Full (System.gc())
[2020-12-25T04:31:50.924-0400][gc,heap        ] GC(386445) Heap before GC invocations=386420 (full 11312): garbage-first heap   total 131072K, used 64502K [0x0000000083000000, 0x0000000100000000)
[2020-12-25T04:31:50.924-0400][gc,heap        ] GC(386445)   region size 1024K, 7 young (7168K), 1 survivors (1024K)
[2020-12-25T04:31:50.924-0400][gc,heap        ] GC(386445)  Metaspace       used 61036K, capacity 63745K, committed 64768K, reserved 1107968K
[2020-12-25T04:31:50.924-0400][gc,heap        ] GC(386445)   class space    used 5715K, capacity 6563K, committed 6912K, reserved 1048576K
[2020-12-25T04:31:50.927-0400][gc,phases,start] GC(386445) Phase 1: Mark live objects
[2020-12-25T04:31:51.071-0400][gc,stringtable ] GC(386445) Cleaned string and symbol table, strings: 32208 processed, 1 removed, symbols: 131459 processed, 0 removed
[2020-12-25T04:31:51.071-0400][gc,phases      ] GC(386445) Phase 1: Mark live objects 144.439ms
[2020-12-25T04:31:51.071-0400][gc,phases,start] GC(386445) Phase 2: Prepare for compaction
[2020-12-25T04:31:51.101-0400][gc,phases      ] GC(386445) Phase 2: Prepare for compaction 30.185ms
[2020-12-25T04:31:51.101-0400][gc,phases,start] GC(386445) Phase 3: Adjust pointers
[2020-12-25T04:31:51.182-0400][gc,phases      ] GC(386445) Phase 3: Adjust pointers 80.885ms
[2020-12-25T04:31:51.182-0400][gc,phases,start] GC(386445) Phase 4: Compact heap
[2020-12-25T04:31:51.204-0400][gc,phases      ] GC(386445) Phase 4: Compact heap 21.946ms
[2020-12-25T04:31:51.251-0400][gc,heap        ] GC(386445) Eden regions: 6->0(11)
[2020-12-25T04:31:51.251-0400][gc,heap        ] GC(386445) Survivor regions: 1->0(5)
[2020-12-25T04:31:51.251-0400][gc,heap        ] GC(386445) Old regions: 56->47
[2020-12-25T04:31:51.251-0400][gc,heap        ] GC(386445) Humongous regions: 4->4
[2020-12-25T04:31:51.251-0400][gc,metaspace   ] GC(386445) Metaspace: 61036K->61036K(1107968K)
[2020-12-25T04:31:51.251-0400][gc,heap        ] GC(386445) Heap after GC invocations=386421 (full 11313): garbage-first heap   total 74752K, used 49081K [0x0000000083000000, 0x0000000100000000)
[2020-12-25T04:31:51.251-0400][gc,heap        ] GC(386445)   region size 1024K, 0 young (0K), 0 survivors (0K)
[2020-12-25T04:31:51.251-0400][gc,heap        ] GC(386445)  Metaspace       used 61036K, capacity 63745K, committed 64768K, reserved 1107968K
[2020-12-25T04:31:51.251-0400][gc,heap        ] GC(386445)   class space    used 5715K, capacity 6563K, committed 6912K, reserved 1048576K
[2020-12-25T04:31:51.251-0400][gc             ] GC(386445) Pause Full (System.gc()) 64M->47M(73M) 327.517ms
[2020-12-25T04:31:51.251-0400][gc,cpu         ] GC(386445) User=0.86s Sys=0.00s Real=0.33s
[2020-12-25T04:32:10.966-0400][gc,heap        ] GC(386446) Heap before GC invocations=386421 (full 11313): garbage-first heap   total 74752K, used 59321K [0x0000000083000000, 0x0000000100000000)
[2020-12-25T04:32:10.967-0400][gc,heap        ] GC(386446)   region size 1024K, 11 young (11264K), 0 survivors (0K)
[2020-12-25T04:32:10.967-0400][gc,heap        ] GC(386446)  Metaspace       used 61036K, capacity 63745K, committed 64768K, reserved 1107968K
[2020-12-25T04:32:10.967-0400][gc,heap        ] GC(386446)   class space    used 5715K, capacity 6563K, committed 6912K, reserved 1048576K
[2020-12-25T04:32:10.967-0400][gc,start       ] GC(386446) Pause Young (Concurrent Start) (G1 Evacuation Pause)
[2020-12-25T04:32:10.967-0400][gc,task        ] GC(386446) Using 4 workers of 4 for evacuation
[2020-12-25T04:32:10.974-0400][gc,phases      ] GC(386446)   Pre Evacuate Collection Set: 0.2ms
[2020-12-25T04:32:10.974-0400][gc,phases      ] GC(386446)   Evacuate Collection Set: 4.8ms
[2020-12-25T04:32:10.974-0400][gc,phases      ] GC(386446)   Post Evacuate Collection Set: 1.8ms
[2020-12-25T04:32:10.974-0400][gc,phases      ] GC(386446)   Other: 1.0ms
[2020-12-25T04:32:10.975-0400][gc,heap        ] GC(386446) Eden regions: 11->0(11)
[2020-12-25T04:32:10.975-0400][gc,heap        ] GC(386446) Survivor regions: 0->1(2)
[2020-12-25T04:32:10.975-0400][gc,heap        ] GC(386446) Old regions: 47->47
[2020-12-25T04:32:10.975-0400][gc,heap        ] GC(386446) Humongous regions: 4->4
[2020-12-25T04:32:10.975-0400][gc,metaspace   ] GC(386446) Metaspace: 61036K->61036K(1107968K)
[2020-12-25T04:32:10.975-0400][gc,heap        ] GC(386446) Heap after GC invocations=386422 (full 11313): garbage-first heap   total 74752K, used 49485K [0x0000000083000000, 0x0000000100000000)
[2020-12-25T04:32:10.975-0400][gc,heap        ] GC(386446)   region size 1024K, 1 young (1024K), 1 survivors (1024K)
[2020-12-25T04:32:10.975-0400][gc,heap        ] GC(386446)  Metaspace       used 61036K, capacity 63745K, committed 64768K, reserved 1107968K
[2020-12-25T04:32:10.975-0400][gc,heap        ] GC(386446)   class space    used 5715K, capacity 6563K, committed 6912K, reserved 1048576K
[2020-12-25T04:32:10.975-0400][gc             ] GC(386446) Pause Young (Concurrent Start) (G1 Evacuation Pause) 58M->48M(73M) 8.247ms
[2020-12-25T04:32:10.975-0400][gc,cpu         ] GC(386446) User=0.01s Sys=0.01s Real=0.00s
[2020-12-25T04:32:10.975-0400][gc             ] GC(386447) Concurrent Cycle
[2020-12-25T04:32:10.975-0400][gc,marking     ] GC(386447) Concurrent Clear Claimed Marks
[2020-12-25T04:32:10.976-0400][gc,marking     ] GC(386447) Concurrent Clear Claimed Marks 0.321ms
[2020-12-25T04:32:10.976-0400][gc,marking     ] GC(386447) Concurrent Scan Root Regions
[2020-12-25T04:32:10.979-0400][gc,marking     ] GC(386447) Concurrent Scan Root Regions 3.097ms
[2020-12-25T04:32:10.979-0400][gc,marking     ] GC(386447) Concurrent Mark (3381645.734s)
[2020-12-25T04:32:10.979-0400][gc,marking     ] GC(386447) Concurrent Mark From Roots
[2020-12-25T04:32:10.979-0400][gc,task        ] GC(386447) Using 1 workers of 1 for marking
[2020-12-25T04:32:11.317-0400][gc,marking     ] GC(386447) Concurrent Mark From Roots 337.811ms
[2020-12-25T04:32:11.317-0400][gc,marking     ] GC(386447) Concurrent Preclean
[2020-12-25T04:32:11.318-0400][gc,marking     ] GC(386447) Concurrent Preclean 0.682ms
[2020-12-25T04:32:11.318-0400][gc,marking     ] GC(386447) Concurrent Mark (3381645.734s, 3381646.072s) 338.766ms
[2020-12-25T04:32:11.319-0400][gc,start       ] GC(386447) Pause Remark
[2020-12-25T04:32:11.359-0400][gc,stringtable ] GC(386447) Cleaned string and symbol table, strings: 32207 processed, 0 removed, symbols: 131459 processed, 0 removed
[2020-12-25T04:32:11.360-0400][gc             ] GC(386447) Pause Remark 49M->49M(73M) 41.616ms
[2020-12-25T04:32:11.360-0400][gc,cpu         ] GC(386447) User=0.10s Sys=0.06s Real=0.04s
[2020-12-25T04:32:11.361-0400][gc,marking     ] GC(386447) Concurrent Rebuild Remembered Sets
[2020-12-25T04:32:11.552-0400][gc,marking     ] GC(386447) Concurrent Rebuild Remembered Sets 190.964ms
[2020-12-25T04:32:11.553-0400][gc,start       ] GC(386447) Pause Cleanup
[2020-12-25T04:32:11.553-0400][gc             ] GC(386447) Pause Cleanup 49M->49M(73M) 0.485ms
[2020-12-25T04:32:11.553-0400][gc,cpu         ] GC(386447) User=0.00s Sys=0.00s Real=0.00s
[2020-12-25T04:32:11.553-0400][gc,marking     ] GC(386447) Concurrent Cleanup for Next Mark
[2020-12-25T04:32:11.554-0400][gc,marking     ] GC(386447) Concurrent Cleanup for Next Mark 1.071ms
[2020-12-25T04:32:11.555-0400][gc             ] GC(386447) Concurrent Cycle 579.365ms
[2020-12-25T04:32:42.972-0400][gc,heap        ] GC(386448) Heap before GC invocations=386423 (full 11313): garbage-first heap   total 74752K, used 59725K [0x0000000083000000, 0x0000000100000000)
[2020-12-25T04:32:42.973-0400][gc,heap        ] GC(386448)   region size 1024K, 12 young (12288K), 1 survivors (1024K)
[2020-12-25T04:32:42.973-0400][gc,heap        ] GC(386448)  Metaspace       used 61036K, capacity 63745K, committed 64768K, reserved 1107968K
[2020-12-25T04:32:42.973-0400][gc,heap        ] GC(386448)   class space    used 5715K, capacity 6563K, committed 6912K, reserved 1048576K
[2020-12-25T04:32:42.973-0400][gc,start       ] GC(386448) Pause Young (Normal) (G1 Evacuation Pause)
[2020-12-25T04:32:42.973-0400][gc,task        ] GC(386448) Using 4 workers of 4 for evacuation
[2020-12-25T04:32:42.981-0400][gc,phases      ] GC(386448)   Pre Evacuate Collection Set: 0.0ms
[2020-12-25T04:32:42.981-0400][gc,phases      ] GC(386448)   Evacuate Collection Set: 5.7ms
[2020-12-25T04:32:42.981-0400][gc,phases      ] GC(386448)   Post Evacuate Collection Set: 1.5ms
[2020-12-25T04:32:42.981-0400][gc,phases      ] GC(386448)   Other: 0.9ms
[2020-12-25T04:32:42.981-0400][gc,heap        ] GC(386448) Eden regions: 11->0(11)
[2020-12-25T04:32:42.981-0400][gc,heap        ] GC(386448) Survivor regions: 1->1(2)
[2020-12-25T04:32:42.981-0400][gc,heap        ] GC(386448) Old regions: 47->47
[2020-12-25T04:32:42.981-0400][gc,heap        ] GC(386448) Humongous regions: 4->4
[2020-12-25T04:32:42.981-0400][gc,metaspace   ] GC(386448) Metaspace: 61036K->61036K(1107968K)
[2020-12-25T04:32:42.981-0400][gc,heap        ] GC(386448) Heap after GC invocations=386424 (full 11313): garbage-first heap   total 74752K, used 49497K [0x0000000083000000, 0x0000000100000000)
[2020-12-25T04:32:42.981-0400][gc,heap        ] GC(386448)   region size 1024K, 1 young (1024K), 1 survivors (1024K)
[2020-12-25T04:32:42.981-0400][gc,heap        ] GC(386448)  Metaspace       used 61036K, capacity 63745K, committed 64768K, reserved 1107968K
[2020-12-25T04:32:42.981-0400][gc,heap        ] GC(386448)   class space    used 5715K, capacity 6563K, committed 6912K, reserved 1048576K
[2020-12-25T04:32:42.981-0400][gc             ] GC(386448) Pause Young (Normal) (G1 Evacuation Pause) 59M->48M(73M) 8.463ms
[2020-12-25T04:32:42.981-0400][gc,cpu         ] GC(386448) User=0.03s Sys=0.00s Real=0.01s
[2020-12-25T04:33:03.891-0400][gc,heap        ] GC(386449) Heap before GC invocations=386424 (full 11313): garbage-first heap   total 74752K, used 59737K [0x0000000083000000, 0x0000000100000000)
[2020-12-25T04:33:03.891-0400][gc,heap        ] GC(386449)   region size 1024K, 12 young (12288K), 1 survivors (1024K)
[2020-12-25T04:33:03.891-0400][gc,heap        ] GC(386449)  Metaspace       used 61036K, capacity 63745K, committed 64768K, reserved 1107968K
[2020-12-25T04:33:03.891-0400][gc,heap        ] GC(386449)   class space    used 5715K, capacity 6563K, committed 6912K, reserved 1048576K
[2020-12-25T04:33:03.891-0400][gc,start       ] GC(386449) Pause Young (Normal) (G1 Evacuation Pause)
[2020-12-25T04:33:03.891-0400][gc,task        ] GC(386449) Using 4 workers of 4 for evacuation
[2020-12-25T04:33:03.897-0400][gc,phases      ] GC(386449)   Pre Evacuate Collection Set: 0.0ms
[2020-12-25T04:33:03.897-0400][gc,phases      ] GC(386449)   Evacuate Collection Set: 3.7ms
[2020-12-25T04:33:03.897-0400][gc,phases      ] GC(386449)   Post Evacuate Collection Set: 1.7ms
[2020-12-25T04:33:03.897-0400][gc,phases      ] GC(386449)   Other: 0.9ms
[2020-12-25T04:33:03.897-0400][gc,heap        ] GC(386449) Eden regions: 11->0(11)
[2020-12-25T04:33:03.897-0400][gc,heap        ] GC(386449) Survivor regions: 1->1(2)
[2020-12-25T04:33:03.897-0400][gc,heap        ] GC(386449) Old regions: 47->47
[2020-12-25T04:33:03.897-0400][gc,heap        ] GC(386449) Humongous regions: 4->4
[2020-12-25T04:33:03.897-0400][gc,metaspace   ] GC(386449) Metaspace: 61036K->61036K(1107968K)
[2020-12-25T04:33:03.897-0400][gc,heap        ] GC(386449) Heap after GC invocations=386425 (full 11313): garbage-first heap   total 74752K, used 49595K [0x0000000083000000, 0x0000000100000000)
[2020-12-25T04:33:03.897-0400][gc,heap        ] GC(386449)   region size 1024K, 1 young (1024K), 1 survivors (1024K)
[2020-12-25T04:33:03.897-0400][gc,heap        ] GC(386449)  Metaspace       used 61036K, capacity 63745K, committed 64768K, reserved 1107968K
[2020-12-25T04:33:03.897-0400][gc,heap        ] GC(386449)   class space    used 5715K, capacity 6563K, committed 6912K, reserved 1048576K
[2020-12-25T04:33:03.898-0400][gc             ] GC(386449) Pause Young (Normal) (G1 Evacuation Pause) 59M->48M(73M) 6.664ms
[2020-12-25T04:33:03.898-0400][gc,cpu         ] GC(386449) User=0.01s Sys=0.00s Real=0.01s
[2020-12-25T04:33:39.157-0400][gc,heap        ] GC(386450) Heap before GC invocations=386425 (full 11313): garbage-first heap   total 74752K, used 59835K [0x0000000083000000, 0x0000000100000000)
[2020-12-25T04:33:39.158-0400][gc,heap        ] GC(386450)   region size 1024K, 12 young (12288K), 1 survivors (1024K)
[2020-12-25T04:33:39.158-0400][gc,heap        ] GC(386450)  Metaspace       used 61036K, capacity 63745K, committed 64768K, reserved 1107968K
[2020-12-25T04:33:39.158-0400][gc,heap        ] GC(386450)   class space    used 5715K, capacity 6563K, committed 6912K, reserved 1048576K
[2020-12-25T04:33:39.158-0400][gc,start       ] GC(386450) Pause Young (Normal) (G1 Evacuation Pause)
[2020-12-25T04:33:39.158-0400][gc,task        ] GC(386450) Using 4 workers of 4 for evacuation
[2020-12-25T04:33:39.164-0400][gc,phases      ] GC(386450)   Pre Evacuate Collection Set: 0.0ms
[2020-12-25T04:33:39.164-0400][gc,phases      ] GC(386450)   Evacuate Collection Set: 3.6ms
[2020-12-25T04:33:39.164-0400][gc,phases      ] GC(386450)   Post Evacuate Collection Set: 1.7ms
[2020-12-25T04:33:39.164-0400][gc,phases      ] GC(386450)   Other: 0.9ms
[2020-12-25T04:33:39.164-0400][gc,heap        ] GC(386450) Eden regions: 11->0(11)
[2020-12-25T04:33:39.164-0400][gc,heap        ] GC(386450) Survivor regions: 1->1(2)
[2020-12-25T04:33:39.164-0400][gc,heap        ] GC(386450) Old regions: 47->47
[2020-12-25T04:33:39.164-0400][gc,heap        ] GC(386450) Humongous regions: 4->4
[2020-12-25T04:33:39.164-0400][gc,metaspace   ] GC(386450) Metaspace: 61036K->61036K(1107968K)
[2020-12-25T04:33:39.164-0400][gc,heap        ] GC(386450) Heap after GC invocations=386426 (full 11313): garbage-first heap   total 74752K, used 49534K [0x0000000083000000, 0x0000000100000000)
[2020-12-25T04:33:39.164-0400][gc,heap        ] GC(386450)   region size 1024K, 1 young (1024K), 1 survivors (1024K)
[2020-12-25T04:33:39.164-0400][gc,heap        ] GC(386450)  Metaspace       used 61036K, capacity 63745K, committed 64768K, reserved 1107968K
[2020-12-25T04:33:39.164-0400][gc,heap        ] GC(386450)   class space    used 5715K, capacity 6563K, committed 6912K, reserved 1048576K
[2020-12-25T04:33:39.164-0400][gc             ] GC(386450) Pause Young (Normal) (G1 Evacuation Pause) 59M->48M(73M) 6.546ms
[2020-12-25T04:33:39.165-0400][gc,cpu         ] GC(386450) User=0.01s Sys=0.01s Real=0.00s
[2020-12-25T04:34:02.405-0400][gc,heap        ] GC(386451) Heap before GC invocations=386426 (full 11313): garbage-first heap   total 74752K, used 59774K [0x0000000083000000, 0x0000000100000000)
[2020-12-25T04:34:02.405-0400][gc,heap        ] GC(386451)   region size 1024K, 12 young (12288K), 1 survivors (1024K)
[2020-12-25T04:34:02.405-0400][gc,heap        ] GC(386451)  Metaspace       used 61036K, capacity 63745K, committed 64768K, reserved 1107968K
[2020-12-25T04:34:02.405-0400][gc,heap        ] GC(386451)   class space    used 5715K, capacity 6563K, committed 6912K, reserved 1048576K
[2020-12-25T04:34:02.405-0400][gc,start       ] GC(386451) Pause Young (Normal) (G1 Evacuation Pause)
[2020-12-25T04:34:02.405-0400][gc,task        ] GC(386451) Using 4 workers of 4 for evacuation
[2020-12-25T04:34:02.411-0400][gc,phases      ] GC(386451)   Pre Evacuate Collection Set: 0.0ms
[2020-12-25T04:34:02.411-0400][gc,phases      ] GC(386451)   Evacuate Collection Set: 3.9ms
[2020-12-25T04:34:02.411-0400][gc,phases      ] GC(386451)   Post Evacuate Collection Set: 1.7ms
[2020-12-25T04:34:02.412-0400][gc,phases      ] GC(386451)   Other: 0.8ms
[2020-12-25T04:34:02.412-0400][gc,heap        ] GC(386451) Eden regions: 11->0(11)
[2020-12-25T04:34:02.412-0400][gc,heap        ] GC(386451) Survivor regions: 1->1(2)
[2020-12-25T04:34:02.412-0400][gc,heap        ] GC(386451) Old regions: 47->47
[2020-12-25T04:34:02.412-0400][gc,heap        ] GC(386451) Humongous regions: 4->4
[2020-12-25T04:34:02.412-0400][gc,metaspace   ] GC(386451) Metaspace: 61036K->61036K(1107968K)
[2020-12-25T04:34:02.412-0400][gc,heap        ] GC(386451) Heap after GC invocations=386427 (full 11313): garbage-first heap   total 74752K, used 49666K [0x0000000083000000, 0x0000000100000000)
[2020-12-25T04:34:02.412-0400][gc,heap        ] GC(386451)   region size 1024K, 1 young (1024K), 1 survivors (1024K)
[2020-12-25T04:34:02.412-0400][gc,heap        ] GC(386451)  Metaspace       used 61036K, capacity 63745K, committed 64768K, reserved 1107968K
[2020-12-25T04:34:02.412-0400][gc,heap        ] GC(386451)   class space    used 5715K, capacity 6563K, committed 6912K, reserved 1048576K
[2020-12-25T04:34:02.412-0400][gc             ] GC(386451) Pause Young (Normal) (G1 Evacuation Pause) 59M->48M(73M) 6.904ms
[2020-12-25T04:34:02.412-0400][gc,cpu         ] GC(386451) User=0.01s Sys=0.01s Real=0.01s
[2020-12-25T04:34:46.660-0400][gc,heap        ] GC(386452) Heap before GC invocations=386427 (full 11313): garbage-first heap   total 74752K, used 60930K [0x0000000083000000, 0x0000000100000000)
[2020-12-25T04:34:46.660-0400][gc,heap        ] GC(386452)   region size 1024K, 12 young (12288K), 1 survivors (1024K)
[2020-12-25T04:34:46.660-0400][gc,heap        ] GC(386452)  Metaspace       used 61036K, capacity 63745K, committed 64768K, reserved 1107968K
[2020-12-25T04:34:46.660-0400][gc,heap        ] GC(386452)   class space    used 5715K, capacity 6563K, committed 6912K, reserved 1048576K
[2020-12-25T04:34:46.661-0400][gc,start       ] GC(386452) Pause Young (Normal) (G1 Evacuation Pause)
[2020-12-25T04:34:46.661-0400][gc,task        ] GC(386452) Using 4 workers of 4 for evacuation
[2020-12-25T04:34:46.667-0400][gc,phases      ] GC(386452)   Pre Evacuate Collection Set: 0.0ms
[2020-12-25T04:34:46.667-0400][gc,phases      ] GC(386452)   Evacuate Collection Set: 3.5ms
[2020-12-25T04:34:46.667-0400][gc,phases      ] GC(386452)   Post Evacuate Collection Set: 2.0ms
[2020-12-25T04:34:46.667-0400][gc,phases      ] GC(386452)   Other: 0.9ms
[2020-12-25T04:34:46.667-0400][gc,heap        ] GC(386452) Eden regions: 11->0(11)
[2020-12-25T04:34:46.667-0400][gc,heap        ] GC(386452) Survivor regions: 1->1(2)
[2020-12-25T04:34:46.667-0400][gc,heap        ] GC(386452) Old regions: 47->47
[2020-12-25T04:34:46.667-0400][gc,heap        ] GC(386452) Humongous regions: 4->4
[2020-12-25T04:34:46.667-0400][gc,metaspace   ] GC(386452) Metaspace: 61036K->61036K(1107968K)
[2020-12-25T04:34:46.667-0400][gc,heap        ] GC(386452) Heap after GC invocations=386428 (full 11313): garbage-first heap   total 74752K, used 49588K [0x0000000083000000, 0x0000000100000000)
[2020-12-25T04:34:46.667-0400][gc,heap        ] GC(386452)   region size 1024K, 1 young (1024K), 1 survivors (1024K)
[2020-12-25T04:34:46.667-0400][gc,heap        ] GC(386452)  Metaspace       used 61036K, capacity 63745K, committed 64768K, reserved 1107968K
[2020-12-25T04:34:46.667-0400][gc,heap        ] GC(386452)   class space    used 5715K, capacity 6563K, committed 6912K, reserved 1048576K
[2020-12-25T04:34:46.667-0400][gc             ] GC(386452) Pause Young (Normal) (G1 Evacuation Pause) 59M->48M(73M) 6.755ms
[2020-12-25T04:34:46.668-0400][gc,cpu         ] GC(386452) User=0.02s Sys=0.00s Real=0.01s
[2020-12-25T04:35:15.334-0400][gc,heap        ] GC(386453) Heap before GC invocations=386428 (full 11313): garbage-first heap   total 74752K, used 59828K [0x0000000083000000, 0x0000000100000000)
[2020-12-25T04:35:15.334-0400][gc,heap        ] GC(386453)   region size 1024K, 12 young (12288K), 1 survivors (1024K)
[2020-12-25T04:35:15.334-0400][gc,heap        ] GC(386453)  Metaspace       used 61036K, capacity 63745K, committed 64768K, reserved 1107968K
[2020-12-25T04:35:15.334-0400][gc,heap        ] GC(386453)   class space    used 5715K, capacity 6563K, committed 6912K, reserved 1048576K
[2020-12-25T04:35:15.334-0400][gc,start       ] GC(386453) Pause Young (Normal) (G1 Evacuation Pause)
[2020-12-25T04:35:15.334-0400][gc,task        ] GC(386453) Using 4 workers of 4 for evacuation
[2020-12-25T04:35:15.340-0400][gc,phases      ] GC(386453)   Pre Evacuate Collection Set: 0.0ms
[2020-12-25T04:35:15.340-0400][gc,phases      ] GC(386453)   Evacuate Collection Set: 3.7ms
[2020-12-25T04:35:15.340-0400][gc,phases      ] GC(386453)   Post Evacuate Collection Set: 1.6ms
[2020-12-25T04:35:15.341-0400][gc,phases      ] GC(386453)   Other: 0.9ms
[2020-12-25T04:35:15.341-0400][gc,heap        ] GC(386453) Eden regions: 11->0(11)
[2020-12-25T04:35:15.341-0400][gc,heap        ] GC(386453) Survivor regions: 1->1(2)
[2020-12-25T04:35:15.341-0400][gc,heap        ] GC(386453) Old regions: 47->47
[2020-12-25T04:35:15.341-0400][gc,heap        ] GC(386453) Humongous regions: 4->4
[2020-12-25T04:35:15.341-0400][gc,metaspace   ] GC(386453) Metaspace: 61036K->61036K(1107968K)
[2020-12-25T04:35:15.341-0400][gc,heap        ] GC(386453) Heap after GC invocations=386429 (full 11313): garbage-first heap   total 74752K, used 49605K [0x0000000083000000, 0x0000000100000000)
[2020-12-25T04:35:15.341-0400][gc,heap        ] GC(386453)   region size 1024K, 1 young (1024K), 1 survivors (1024K)
[2020-12-25T04:35:15.341-0400][gc,heap        ] GC(386453)  Metaspace       used 61036K, capacity 63745K, committed 64768K, reserved 1107968K
[2020-12-25T04:35:15.341-0400][gc,heap        ] GC(386453)   class space    used 5715K, capacity 6563K, committed 6912K, reserved 1048576K
[2020-12-25T04:35:15.341-0400][gc             ] GC(386453) Pause Young (Normal) (G1 Evacuation Pause) 59M->48M(73M) 6.709ms
[2020-12-25T04:35:15.341-0400][gc,cpu         ] GC(386453) User=0.02s Sys=0.00s Real=0.01s
[2020-12-25T04:35:53.587-0400][gc,heap        ] GC(386454) Heap before GC invocations=386429 (full 11313): garbage-first heap   total 74752K, used 59845K [0x0000000083000000, 0x0000000100000000)
[2020-12-25T04:35:53.587-0400][gc,heap        ] GC(386454)   region size 1024K, 12 young (12288K), 1 survivors (1024K)
[2020-12-25T04:35:53.587-0400][gc,heap        ] GC(386454)  Metaspace       used 61036K, capacity 63745K, committed 64768K, reserved 1107968K
[2020-12-25T04:35:53.587-0400][gc,heap        ] GC(386454)   class space    used 5715K, capacity 6563K, committed 6912K, reserved 1048576K
[2020-12-25T04:35:53.587-0400][gc,start       ] GC(386454) Pause Young (Normal) (G1 Evacuation Pause)
[2020-12-25T04:35:53.587-0400][gc,task        ] GC(386454) Using 4 workers of 4 for evacuation
[2020-12-25T04:35:53.593-0400][gc,phases      ] GC(386454)   Pre Evacuate Collection Set: 0.0ms
[2020-12-25T04:35:53.593-0400][gc,phases      ] GC(386454)   Evacuate Collection Set: 3.4ms
[2020-12-25T04:35:53.593-0400][gc,phases      ] GC(386454)   Post Evacuate Collection Set: 1.5ms
[2020-12-25T04:35:53.593-0400][gc,phases      ] GC(386454)   Other: 0.9ms
[2020-12-25T04:35:53.593-0400][gc,heap        ] GC(386454) Eden regions: 11->0(11)
[2020-12-25T04:35:53.593-0400][gc,heap        ] GC(386454) Survivor regions: 1->1(2)
[2020-12-25T04:35:53.593-0400][gc,heap        ] GC(386454) Old regions: 47->47
[2020-12-25T04:35:53.593-0400][gc,heap        ] GC(386454) Humongous regions: 4->4
[2020-12-25T04:35:53.593-0400][gc,metaspace   ] GC(386454) Metaspace: 61036K->61036K(1107968K)
[2020-12-25T04:35:53.593-0400][gc,heap        ] GC(386454) Heap after GC invocations=386430 (full 11313): garbage-first heap   total 74752K, used 49520K [0x0000000083000000, 0x0000000100000000)
[2020-12-25T04:35:53.593-0400][gc,heap        ] GC(386454)   region size 1024K, 1 young (1024K), 1 survivors (1024K)
[2020-12-25T04:35:53.593-0400][gc,heap        ] GC(386454)  Metaspace       used 61036K, capacity 63745K, committed 64768K, reserved 1107968K
[2020-12-25T04:35:53.593-0400][gc,heap        ] GC(386454)   class space    used 5715K, capacity 6563K, committed 6912K, reserved 1048576K
[2020-12-25T04:35:53.593-0400][gc             ] GC(386454) Pause Young (Normal) (G1 Evacuation Pause) 59M->48M(73M) 6.157ms
[2020-12-25T04:35:53.594-0400][gc,cpu         ] GC(386454) User=0.01s Sys=0.01s Real=0.00s
[2020-12-25T04:36:05.987-0400][gc,heap        ] GC(386455) Heap before GC invocations=386430 (full 11313): garbage-first heap   total 74752K, used 59760K [0x0000000083000000, 0x0000000100000000)
[2020-12-25T04:36:05.987-0400][gc,heap        ] GC(386455)   region size 1024K, 12 young (12288K), 1 survivors (1024K)
[2020-12-25T04:36:05.987-0400][gc,heap        ] GC(386455)  Metaspace       used 61036K, capacity 63745K, committed 64768K, reserved 1107968K
[2020-12-25T04:36:05.987-0400][gc,heap        ] GC(386455)   class space    used 5715K, capacity 6563K, committed 6912K, reserved 1048576K
[2020-12-25T04:36:05.987-0400][gc,start       ] GC(386455) Pause Young (Normal) (G1 Evacuation Pause)
[2020-12-25T04:36:05.987-0400][gc,task        ] GC(386455) Using 4 workers of 4 for evacuation
[2020-12-25T04:36:05.993-0400][gc,phases      ] GC(386455)   Pre Evacuate Collection Set: 0.0ms
[2020-12-25T04:36:05.993-0400][gc,phases      ] GC(386455)   Evacuate Collection Set: 3.5ms
[2020-12-25T04:36:05.993-0400][gc,phases      ] GC(386455)   Post Evacuate Collection Set: 1.6ms
[2020-12-25T04:36:05.993-0400][gc,phases      ] GC(386455)   Other: 1.0ms
[2020-12-25T04:36:05.993-0400][gc,heap        ] GC(386455) Eden regions: 11->0(11)
[2020-12-25T04:36:05.993-0400][gc,heap        ] GC(386455) Survivor regions: 1->1(2)
[2020-12-25T04:36:05.993-0400][gc,heap        ] GC(386455) Old regions: 47->47
[2020-12-25T04:36:05.993-0400][gc,heap        ] GC(386455) Humongous regions: 4->4
[2020-12-25T04:36:05.993-0400][gc,metaspace   ] GC(386455) Metaspace: 61036K->61036K(1107968K)
[2020-12-25T04:36:05.993-0400][gc,heap        ] GC(386455) Heap after GC invocations=386431 (full 11313): garbage-first heap   total 74752K, used 49487K [0x0000000083000000, 0x0000000100000000)
[2020-12-25T04:36:05.993-0400][gc,heap        ] GC(386455)   region size 1024K, 1 young (1024K), 1 survivors (1024K)
[2020-12-25T04:36:05.993-0400][gc,heap        ] GC(386455)  Metaspace       used 61036K, capacity 63745K, committed 64768K, reserved 1107968K
[2020-12-25T04:36:05.993-0400][gc,heap        ] GC(386455)   class space    used 5715K, capacity 6563K, committed 6912K, reserved 1048576K
[2020-12-25T04:36:05.993-0400][gc             ] GC(386455) Pause Young (Normal) (G1 Evacuation Pause) 59M->48M(73M) 6.386ms
[2020-12-25T04:36:05.994-0400][gc,cpu         ] GC(386455) User=0.01s Sys=0.01s Real=0.00s
[2020-12-25T04:36:33.894-0400][gc,heap        ] GC(386456) Heap before GC invocations=386431 (full 11313): garbage-first heap   total 74752K, used 59727K [0x0000000083000000, 0x0000000100000000)
[2020-12-25T04:36:33.894-0400][gc,heap        ] GC(386456)   region size 1024K, 12 young (12288K), 1 survivors (1024K)
[2020-12-25T04:36:33.894-0400][gc,heap        ] GC(386456)  Metaspace       used 61036K, capacity 63745K, committed 64768K, reserved 1107968K
[2020-12-25T04:36:33.894-0400][gc,heap        ] GC(386456)   class space    used 5715K, capacity 6563K, committed 6912K, reserved 1048576K
[2020-12-25T04:36:33.894-0400][gc,start       ] GC(386456) Pause Young (Normal) (G1 Evacuation Pause)
[2020-12-25T04:36:33.894-0400][gc,task        ] GC(386456) Using 4 workers of 4 for evacuation
[2020-12-25T04:36:33.899-0400][gc,phases      ] GC(386456)   Pre Evacuate Collection Set: 0.0ms
[2020-12-25T04:36:33.899-0400][gc,phases      ] GC(386456)   Evacuate Collection Set: 3.5ms
[2020-12-25T04:36:33.899-0400][gc,phases      ] GC(386456)   Post Evacuate Collection Set: 1.3ms
[2020-12-25T04:36:33.900-0400][gc,phases      ] GC(386456)   Other: 0.9ms
[2020-12-25T04:36:33.900-0400][gc,heap        ] GC(386456) Eden regions: 11->0(11)
[2020-12-25T04:36:33.900-0400][gc,heap        ] GC(386456) Survivor regions: 1->1(2)
[2020-12-25T04:36:33.900-0400][gc,heap        ] GC(386456) Old regions: 47->47
[2020-12-25T04:36:33.900-0400][gc,heap        ] GC(386456) Humongous regions: 4->4
[2020-12-25T04:36:33.900-0400][gc,metaspace   ] GC(386456) Metaspace: 61036K->61036K(1107968K)
[2020-12-25T04:36:33.900-0400][gc,heap        ] GC(386456) Heap after GC invocations=386432 (full 11313): garbage-first heap   total 74752K, used 49496K [0x0000000083000000, 0x0000000100000000)
[2020-12-25T04:36:33.900-0400][gc,heap        ] GC(386456)   region size 1024K, 1 young (1024K), 1 survivors (1024K)
[2020-12-25T04:36:33.900-0400][gc,heap        ] GC(386456)  Metaspace       used 61036K, capacity 63745K, committed 64768K, reserved 1107968K
[2020-12-25T04:36:33.900-0400][gc,heap        ] GC(386456)   class space    used 5715K, capacity 6563K, committed 6912K, reserved 1048576K
[2020-12-25T04:36:33.900-0400][gc             ] GC(386456) Pause Young (Normal) (G1 Evacuation Pause) 59M->48M(73M) 6.251ms
[2020-12-25T04:36:33.900-0400][gc,cpu         ] GC(386456) User=0.02s Sys=0.00s Real=0.01s
[2020-12-25T04:36:50.924-0400][gc,task        ] GC(386457) Using 3 workers of 4 for full compaction
[2020-12-25T04:36:50.924-0400][gc,start       ] GC(386457) Pause Full (System.gc())
[2020-12-25T04:36:50.924-0400][gc,heap        ] GC(386457) Heap before GC invocations=386432 (full 11313): garbage-first heap   total 74752K, used 56664K [0x0000000083000000, 0x0000000100000000)
[2020-12-25T04:36:50.924-0400][gc,heap        ] GC(386457)   region size 1024K, 9 young (9216K), 1 survivors (1024K)
[2020-12-25T04:36:50.924-0400][gc,heap        ] GC(386457)  Metaspace       used 61036K, capacity 63745K, committed 64768K, reserved 1107968K
[2020-12-25T04:36:50.924-0400][gc,heap        ] GC(386457)   class space    used 5715K, capacity 6563K, committed 6912K, reserved 1048576K
[2020-12-25T04:36:50.926-0400][gc,phases,start] GC(386457) Phase 1: Mark live objects
[2020-12-25T04:36:51.070-0400][gc,stringtable ] GC(386457) Cleaned string and symbol table, strings: 32207 processed, 0 removed, symbols: 131459 processed, 0 removed
[2020-12-25T04:36:51.070-0400][gc,phases      ] GC(386457) Phase 1: Mark live objects 143.467ms
[2020-12-25T04:36:51.070-0400][gc,phases,start] GC(386457) Phase 2: Prepare for compaction
[2020-12-25T04:36:51.100-0400][gc,phases      ] GC(386457) Phase 2: Prepare for compaction 29.618ms
[2020-12-25T04:36:51.100-0400][gc,phases,start] GC(386457) Phase 3: Adjust pointers
[2020-12-25T04:36:51.181-0400][gc,phases      ] GC(386457) Phase 3: Adjust pointers 81.528ms
[2020-12-25T04:36:51.181-0400][gc,phases,start] GC(386457) Phase 4: Compact heap
[2020-12-25T04:36:51.206-0400][gc,phases      ] GC(386457) Phase 4: Compact heap 24.178ms
[2020-12-25T04:36:51.242-0400][gc,heap        ] GC(386457) Eden regions: 8->0(12)
[2020-12-25T04:36:51.242-0400][gc,heap        ] GC(386457) Survivor regions: 1->0(2)
[2020-12-25T04:36:51.242-0400][gc,heap        ] GC(386457) Old regions: 47->46
[2020-12-25T04:36:51.242-0400][gc,heap        ] GC(386457) Humongous regions: 4->4
[2020-12-25T04:36:51.242-0400][gc,metaspace   ] GC(386457) Metaspace: 61036K->61036K(1107968K)
[2020-12-25T04:36:51.242-0400][gc,heap        ] GC(386457) Heap after GC invocations=386433 (full 11314): garbage-first heap   total 73728K, used 48615K [0x0000000083000000, 0x0000000100000000)
[2020-12-25T04:36:51.242-0400][gc,heap        ] GC(386457)   region size 1024K, 0 young (0K), 0 survivors (0K)
[2020-12-25T04:36:51.242-0400][gc,heap        ] GC(386457)  Metaspace       used 61036K, capacity 63745K, committed 64768K, reserved 1107968K
[2020-12-25T04:36:51.242-0400][gc,heap        ] GC(386457)   class space    used 5715K, capacity 6563K, committed 6912K, reserved 1048576K
[2020-12-25T04:36:51.242-0400][gc             ] GC(386457) Pause Full (System.gc()) 55M->47M(72M) 318.417ms
[2020-12-25T04:36:51.242-0400][gc,cpu         ] GC(386457) User=0.57s Sys=0.27s Real=0.32s
[2020-12-25T04:37:14.095-0400][gc,heap        ] GC(386458) Heap before GC invocations=386433 (full 11314): garbage-first heap   total 73728K, used 59879K [0x0000000083000000, 0x0000000100000000)
[2020-12-25T04:37:14.095-0400][gc,heap        ] GC(386458)   region size 1024K, 12 young (12288K), 0 survivors (0K)
[2020-12-25T04:37:14.095-0400][gc,heap        ] GC(386458)  Metaspace       used 61036K, capacity 63745K, committed 64768K, reserved 1107968K
[2020-12-25T04:37:14.095-0400][gc,heap        ] GC(386458)   class space    used 5715K, capacity 6563K, committed 6912K, reserved 1048576K
[2020-12-25T04:37:14.095-0400][gc,start       ] GC(386458) Pause Young (Normal) (G1 Evacuation Pause)
[2020-12-25T04:37:14.095-0400][gc,task        ] GC(386458) Using 4 workers of 4 for evacuation
[2020-12-25T04:37:14.101-0400][gc,phases      ] GC(386458)   Pre Evacuate Collection Set: 0.0ms
[2020-12-25T04:37:14.101-0400][gc,phases      ] GC(386458)   Evacuate Collection Set: 3.2ms
[2020-12-25T04:37:14.101-0400][gc,phases      ] GC(386458)   Post Evacuate Collection Set: 1.9ms
[2020-12-25T04:37:14.101-0400][gc,phases      ] GC(386458)   Other: 0.9ms
[2020-12-25T04:37:14.101-0400][gc,heap        ] GC(386458) Eden regions: 12->0(11)
[2020-12-25T04:37:14.101-0400][gc,heap        ] GC(386458) Survivor regions: 0->1(2)
[2020-12-25T04:37:14.101-0400][gc,heap        ] GC(386458) Old regions: 46->46
[2020-12-25T04:37:14.101-0400][gc,heap        ] GC(386458) Humongous regions: 4->4
[2020-12-25T04:37:14.101-0400][gc,metaspace   ] GC(386458) Metaspace: 61036K->61036K(1107968K)
[2020-12-25T04:37:14.102-0400][gc,heap        ] GC(386458) Heap after GC invocations=386434 (full 11314): garbage-first heap   total 73728K, used 48895K [0x0000000083000000, 0x0000000100000000)
[2020-12-25T04:37:14.102-0400][gc,heap        ] GC(386458)   region size 1024K, 1 young (1024K), 1 survivors (1024K)
[2020-12-25T04:37:14.102-0400][gc,heap        ] GC(386458)  Metaspace       used 61036K, capacity 63745K, committed 64768K, reserved 1107968K
[2020-12-25T04:37:14.102-0400][gc,heap        ] GC(386458)   class space    used 5715K, capacity 6563K, committed 6912K, reserved 1048576K
[2020-12-25T04:37:14.102-0400][gc             ] GC(386458) Pause Young (Normal) (G1 Evacuation Pause) 59M->47M(72M) 6.389ms
[2020-12-25T04:37:14.102-0400][gc,cpu         ] GC(386458) User=0.01s Sys=0.01s Real=0.01s
[2020-12-25T04:37:52.205-0400][gc,heap        ] GC(386459) Heap before GC invocations=386434 (full 11314): garbage-first heap   total 73728K, used 60159K [0x0000000083000000, 0x0000000100000000)
[2020-12-25T04:37:52.205-0400][gc,heap        ] GC(386459)   region size 1024K, 12 young (12288K), 1 survivors (1024K)
[2020-12-25T04:37:52.205-0400][gc,heap        ] GC(386459)  Metaspace       used 61036K, capacity 63745K, committed 64768K, reserved 1107968K
[2020-12-25T04:37:52.205-0400][gc,heap        ] GC(386459)   class space    used 5715K, capacity 6563K, committed 6912K, reserved 1048576K
[2020-12-25T04:37:52.205-0400][gc,start       ] GC(386459) Pause Young (Normal) (G1 Evacuation Pause)
[2020-12-25T04:37:52.205-0400][gc,task        ] GC(386459) Using 4 workers of 4 for evacuation
[2020-12-25T04:37:52.211-0400][gc,phases      ] GC(386459)   Pre Evacuate Collection Set: 0.1ms
[2020-12-25T04:37:52.211-0400][gc,phases      ] GC(386459)   Evacuate Collection Set: 3.2ms
[2020-12-25T04:37:52.211-0400][gc,phases      ] GC(386459)   Post Evacuate Collection Set: 1.6ms
[2020-12-25T04:37:52.211-0400][gc,phases      ] GC(386459)   Other: 0.8ms
[2020-12-25T04:37:52.211-0400][gc,heap        ] GC(386459) Eden regions: 11->0(11)
[2020-12-25T04:37:52.211-0400][gc,heap        ] GC(386459) Survivor regions: 1->1(2)
[2020-12-25T04:37:52.211-0400][gc,heap        ] GC(386459) Old regions: 46->46
[2020-12-25T04:37:52.211-0400][gc,heap        ] GC(386459) Humongous regions: 4->4
[2020-12-25T04:37:52.211-0400][gc,metaspace   ] GC(386459) Metaspace: 61036K->61036K(1107968K)
[2020-12-25T04:37:52.211-0400][gc,heap        ] GC(386459) Heap after GC invocations=386435 (full 11314): garbage-first heap   total 73728K, used 48950K [0x0000000083000000, 0x0000000100000000)
[2020-12-25T04:37:52.211-0400][gc,heap        ] GC(386459)   region size 1024K, 1 young (1024K), 1 survivors (1024K)
[2020-12-25T04:37:52.211-0400][gc,heap        ] GC(386459)  Metaspace       used 61036K, capacity 63745K, committed 64768K, reserved 1107968K
[2020-12-25T04:37:52.211-0400][gc,heap        ] GC(386459)   class space    used 5715K, capacity 6563K, committed 6912K, reserved 1048576K
[2020-12-25T04:37:52.211-0400][gc             ] GC(386459) Pause Young (Normal) (G1 Evacuation Pause) 58M->47M(72M) 6.063ms
[2020-12-25T04:37:52.212-0400][gc,cpu         ] GC(386459) User=0.01s Sys=0.00s Real=0.01s
[2020-12-25T04:38:21.060-0400][gc,heap        ] GC(386460) Heap before GC invocations=386435 (full 11314): garbage-first heap   total 73728K, used 60214K [0x0000000083000000, 0x0000000100000000)
[2020-12-25T04:38:21.060-0400][gc,heap        ] GC(386460)   region size 1024K, 12 young (12288K), 1 survivors (1024K)
[2020-12-25T04:38:21.060-0400][gc,heap        ] GC(386460)  Metaspace       used 61036K, capacity 63745K, committed 64768K, reserved 1107968K
[2020-12-25T04:38:21.060-0400][gc,heap        ] GC(386460)   class space    used 5715K, capacity 6563K, committed 6912K, reserved 1048576K
[2020-12-25T04:38:21.060-0400][gc,start       ] GC(386460) Pause Young (Normal) (G1 Evacuation Pause)
[2020-12-25T04:38:21.060-0400][gc,task        ] GC(386460) Using 4 workers of 4 for evacuation
[2020-12-25T04:38:21.066-0400][gc,phases      ] GC(386460)   Pre Evacuate Collection Set: 0.1ms
[2020-12-25T04:38:21.066-0400][gc,phases      ] GC(386460)   Evacuate Collection Set: 3.6ms
[2020-12-25T04:38:21.066-0400][gc,phases      ] GC(386460)   Post Evacuate Collection Set: 1.8ms
[2020-12-25T04:38:21.066-0400][gc,phases      ] GC(386460)   Other: 0.9ms
[2020-12-25T04:38:21.067-0400][gc,heap        ] GC(386460) Eden regions: 11->0(11)
[2020-12-25T04:38:21.067-0400][gc,heap        ] GC(386460) Survivor regions: 1->1(2)
[2020-12-25T04:38:21.067-0400][gc,heap        ] GC(386460) Old regions: 46->46
[2020-12-25T04:38:21.067-0400][gc,heap        ] GC(386460) Humongous regions: 4->4
[2020-12-25T04:38:21.067-0400][gc,metaspace   ] GC(386460) Metaspace: 61036K->61036K(1107968K)
[2020-12-25T04:38:21.067-0400][gc,heap        ] GC(386460) Heap after GC invocations=386436 (full 11314): garbage-first heap   total 73728K, used 49056K [0x0000000083000000, 0x0000000100000000)
[2020-12-25T04:38:21.067-0400][gc,heap        ] GC(386460)   region size 1024K, 1 young (1024K), 1 survivors (1024K)
[2020-12-25T04:38:21.067-0400][gc,heap        ] GC(386460)  Metaspace       used 61036K, capacity 63745K, committed 64768K, reserved 1107968K
[2020-12-25T04:38:21.067-0400][gc,heap        ] GC(386460)   class space    used 5715K, capacity 6563K, committed 6912K, reserved 1048576K
[2020-12-25T04:38:21.067-0400][gc             ] GC(386460) Pause Young (Normal) (G1 Evacuation Pause) 58M->47M(72M) 6.650ms
[2020-12-25T04:38:21.067-0400][gc,cpu         ] GC(386460) User=0.02s Sys=0.00s Real=0.01s
[2020-12-25T04:39:01.499-0400][gc,heap        ] GC(386461) Heap before GC invocations=386436 (full 11314): garbage-first heap   total 73728K, used 59296K [0x0000000083000000, 0x0000000100000000)
[2020-12-25T04:39:01.499-0400][gc,heap        ] GC(386461)   region size 1024K, 12 young (12288K), 1 survivors (1024K)
[2020-12-25T04:39:01.499-0400][gc,heap        ] GC(386461)  Metaspace       used 61036K, capacity 63745K, committed 64768K, reserved 1107968K
[2020-12-25T04:39:01.500-0400][gc,heap        ] GC(386461)   class space    used 5715K, capacity 6563K, committed 6912K, reserved 1048576K
[2020-12-25T04:39:01.500-0400][gc,start       ] GC(386461) Pause Young (Normal) (G1 Evacuation Pause)
[2020-12-25T04:39:01.500-0400][gc,task        ] GC(386461) Using 4 workers of 4 for evacuation
[2020-12-25T04:39:01.506-0400][gc,phases      ] GC(386461)   Pre Evacuate Collection Set: 0.0ms
[2020-12-25T04:39:01.506-0400][gc,phases      ] GC(386461)   Evacuate Collection Set: 3.5ms
[2020-12-25T04:39:01.506-0400][gc,phases      ] GC(386461)   Post Evacuate Collection Set: 2.0ms
[2020-12-25T04:39:01.506-0400][gc,phases      ] GC(386461)   Other: 1.0ms
[2020-12-25T04:39:01.506-0400][gc,heap        ] GC(386461) Eden regions: 11->0(11)
[2020-12-25T04:39:01.506-0400][gc,heap        ] GC(386461) Survivor regions: 1->1(2)
[2020-12-25T04:39:01.506-0400][gc,heap        ] GC(386461) Old regions: 46->46
[2020-12-25T04:39:01.506-0400][gc,heap        ] GC(386461) Humongous regions: 4->4
[2020-12-25T04:39:01.506-0400][gc,metaspace   ] GC(386461) Metaspace: 61036K->61036K(1107968K)
[2020-12-25T04:39:01.506-0400][gc,heap        ] GC(386461) Heap after GC invocations=386437 (full 11314): garbage-first heap   total 73728K, used 49018K [0x0000000083000000, 0x0000000100000000)
[2020-12-25T04:39:01.506-0400][gc,heap        ] GC(386461)   region size 1024K, 1 young (1024K), 1 survivors (1024K)
[2020-12-25T04:39:01.506-0400][gc,heap        ] GC(386461)  Metaspace       used 61036K, capacity 63745K, committed 64768K, reserved 1107968K
[2020-12-25T04:39:01.506-0400][gc,heap        ] GC(386461)   class space    used 5715K, capacity 6563K, committed 6912K, reserved 1048576K
[2020-12-25T04:39:01.506-0400][gc             ] GC(386461) Pause Young (Normal) (G1 Evacuation Pause) 58M->47M(72M) 6.754ms
[2020-12-25T04:39:01.507-0400][gc,cpu         ] GC(386461) User=0.01s Sys=0.00s Real=0.01s
[2020-12-25T04:39:33.877-0400][gc,heap        ] GC(386462) Heap before GC invocations=386437 (full 11314): garbage-first heap   total 73728K, used 59258K [0x0000000083000000, 0x0000000100000000)
[2020-12-25T04:39:33.877-0400][gc,heap        ] GC(386462)   region size 1024K, 12 young (12288K), 1 survivors (1024K)
[2020-12-25T04:39:33.877-0400][gc,heap        ] GC(386462)  Metaspace       used 61036K, capacity 63745K, committed 64768K, reserved 1107968K
[2020-12-25T04:39:33.877-0400][gc,heap        ] GC(386462)   class space    used 5715K, capacity 6563K, committed 6912K, reserved 1048576K
[2020-12-25T04:39:33.878-0400][gc,start       ] GC(386462) Pause Young (Normal) (G1 Evacuation Pause)
[2020-12-25T04:39:33.878-0400][gc,task        ] GC(386462) Using 4 workers of 4 for evacuation
[2020-12-25T04:39:33.883-0400][gc,phases      ] GC(386462)   Pre Evacuate Collection Set: 0.0ms
[2020-12-25T04:39:33.883-0400][gc,phases      ] GC(386462)   Evacuate Collection Set: 3.4ms
[2020-12-25T04:39:33.883-0400][gc,phases      ] GC(386462)   Post Evacuate Collection Set: 1.6ms
[2020-12-25T04:39:33.883-0400][gc,phases      ] GC(386462)   Other: 0.9ms
[2020-12-25T04:39:33.883-0400][gc,heap        ] GC(386462) Eden regions: 11->0(11)
[2020-12-25T04:39:33.883-0400][gc,heap        ] GC(386462) Survivor regions: 1->1(2)
[2020-12-25T04:39:33.883-0400][gc,heap        ] GC(386462) Old regions: 46->46
[2020-12-25T04:39:33.884-0400][gc,heap        ] GC(386462) Humongous regions: 4->4
[2020-12-25T04:39:33.884-0400][gc,metaspace   ] GC(386462) Metaspace: 61036K->61036K(1107968K)
[2020-12-25T04:39:33.884-0400][gc,heap        ] GC(386462) Heap after GC invocations=386438 (full 11314): garbage-first heap   total 73728K, used 49082K [0x0000000083000000, 0x0000000100000000)
[2020-12-25T04:39:33.884-0400][gc,heap        ] GC(386462)   region size 1024K, 1 young (1024K), 1 survivors (1024K)
[2020-12-25T04:39:33.884-0400][gc,heap        ] GC(386462)  Metaspace       used 61036K, capacity 63745K, committed 64768K, reserved 1107968K
[2020-12-25T04:39:33.884-0400][gc,heap        ] GC(386462)   class space    used 5715K, capacity 6563K, committed 6912K, reserved 1048576K
[2020-12-25T04:39:33.884-0400][gc             ] GC(386462) Pause Young (Normal) (G1 Evacuation Pause) 58M->47M(72M) 6.218ms
[2020-12-25T04:39:33.884-0400][gc,cpu         ] GC(386462) User=0.01s Sys=0.01s Real=0.00s
[2020-12-25T04:40:06.425-0400][gc,heap        ] GC(386463) Heap before GC invocations=386438 (full 11314): garbage-first heap   total 73728K, used 59322K [0x0000000083000000, 0x0000000100000000)
[2020-12-25T04:40:06.425-0400][gc,heap        ] GC(386463)   region size 1024K, 12 young (12288K), 1 survivors (1024K)
[2020-12-25T04:40:06.425-0400][gc,heap        ] GC(386463)  Metaspace       used 61036K, capacity 63745K, committed 64768K, reserved 1107968K
[2020-12-25T04:40:06.425-0400][gc,heap        ] GC(386463)   class space    used 5715K, capacity 6563K, committed 6912K, reserved 1048576K
[2020-12-25T04:40:06.425-0400][gc,start       ] GC(386463) Pause Young (Normal) (G1 Evacuation Pause)
[2020-12-25T04:40:06.425-0400][gc,task        ] GC(386463) Using 4 workers of 4 for evacuation
[2020-12-25T04:40:06.431-0400][gc,phases      ] GC(386463)   Pre Evacuate Collection Set: 0.0ms
[2020-12-25T04:40:06.431-0400][gc,phases      ] GC(386463)   Evacuate Collection Set: 3.8ms
[2020-12-25T04:40:06.431-0400][gc,phases      ] GC(386463)   Post Evacuate Collection Set: 1.6ms
[2020-12-25T04:40:06.431-0400][gc,phases      ] GC(386463)   Other: 0.8ms
[2020-12-25T04:40:06.431-0400][gc,heap        ] GC(386463) Eden regions: 11->0(11)
[2020-12-25T04:40:06.431-0400][gc,heap        ] GC(386463) Survivor regions: 1->1(2)
[2020-12-25T04:40:06.431-0400][gc,heap        ] GC(386463) Old regions: 46->46
[2020-12-25T04:40:06.432-0400][gc,heap        ] GC(386463) Humongous regions: 4->4
[2020-12-25T04:40:06.432-0400][gc,metaspace   ] GC(386463) Metaspace: 61036K->61036K(1107968K)
[2020-12-25T04:40:06.432-0400][gc,heap        ] GC(386463) Heap after GC invocations=386439 (full 11314): garbage-first heap   total 73728K, used 49159K [0x0000000083000000, 0x0000000100000000)
[2020-12-25T04:40:06.432-0400][gc,heap        ] GC(386463)   region size 1024K, 1 young (1024K), 1 survivors (1024K)
[2020-12-25T04:40:06.432-0400][gc,heap        ] GC(386463)  Metaspace       used 61036K, capacity 63745K, committed 64768K, reserved 1107968K
[2020-12-25T04:40:06.432-0400][gc,heap        ] GC(386463)   class space    used 5715K, capacity 6563K, committed 6912K, reserved 1048576K
[2020-12-25T04:40:06.432-0400][gc             ] GC(386463) Pause Young (Normal) (G1 Evacuation Pause) 58M->48M(72M) 6.837ms
[2020-12-25T04:40:06.432-0400][gc,cpu         ] GC(386463) User=0.02s Sys=0.00s Real=0.01s
[2020-12-25T04:40:34.862-0400][gc,heap        ] GC(386464) Heap before GC invocations=386439 (full 11314): garbage-first heap   total 73728K, used 59399K [0x0000000083000000, 0x0000000100000000)
[2020-12-25T04:40:34.862-0400][gc,heap        ] GC(386464)   region size 1024K, 12 young (12288K), 1 survivors (1024K)
[2020-12-25T04:40:34.862-0400][gc,heap        ] GC(386464)  Metaspace       used 61036K, capacity 63745K, committed 64768K, reserved 1107968K
[2020-12-25T04:40:34.862-0400][gc,heap        ] GC(386464)   class space    used 5715K, capacity 6563K, committed 6912K, reserved 1048576K
[2020-12-25T04:40:34.863-0400][gc,start       ] GC(386464) Pause Young (Normal) (G1 Evacuation Pause)
[2020-12-25T04:40:34.863-0400][gc,task        ] GC(386464) Using 4 workers of 4 for evacuation
[2020-12-25T04:40:34.868-0400][gc,phases      ] GC(386464)   Pre Evacuate Collection Set: 0.0ms
[2020-12-25T04:40:34.868-0400][gc,phases      ] GC(386464)   Evacuate Collection Set: 3.3ms
[2020-12-25T04:40:34.868-0400][gc,phases      ] GC(386464)   Post Evacuate Collection Set: 1.5ms
[2020-12-25T04:40:34.868-0400][gc,phases      ] GC(386464)   Other: 0.9ms
[2020-12-25T04:40:34.868-0400][gc,heap        ] GC(386464) Eden regions: 11->0(11)
[2020-12-25T04:40:34.868-0400][gc,heap        ] GC(386464) Survivor regions: 1->1(2)
[2020-12-25T04:40:34.868-0400][gc,heap        ] GC(386464) Old regions: 46->46
[2020-12-25T04:40:34.869-0400][gc,heap        ] GC(386464) Humongous regions: 4->4
[2020-12-25T04:40:34.869-0400][gc,metaspace   ] GC(386464) Metaspace: 61036K->61036K(1107968K)
[2020-12-25T04:40:34.869-0400][gc,heap        ] GC(386464) Heap after GC invocations=386440 (full 11314): garbage-first heap   total 73728K, used 49079K [0x0000000083000000, 0x0000000100000000)
[2020-12-25T04:40:34.869-0400][gc,heap        ] GC(386464)   region size 1024K, 1 young (1024K), 1 survivors (1024K)
[2020-12-25T04:40:34.869-0400][gc,heap        ] GC(386464)  Metaspace       used 61036K, capacity 63745K, committed 64768K, reserved 1107968K
[2020-12-25T04:40:34.869-0400][gc,heap        ] GC(386464)   class space    used 5715K, capacity 6563K, committed 6912K, reserved 1048576K
[2020-12-25T04:40:34.869-0400][gc             ] GC(386464) Pause Young (Normal) (G1 Evacuation Pause) 59M->47M(72M) 6.195ms
[2020-12-25T04:40:34.869-0400][gc,cpu         ] GC(386464) User=0.01s Sys=0.00s Real=0.01s
[2020-12-25T04:41:07.150-0400][gc,heap        ] GC(386465) Heap before GC invocations=386440 (full 11314): garbage-first heap   total 73728K, used 59319K [0x0000000083000000, 0x0000000100000000)
[2020-12-25T04:41:07.150-0400][gc,heap        ] GC(386465)   region size 1024K, 12 young (12288K), 1 survivors (1024K)
[2020-12-25T04:41:07.150-0400][gc,heap        ] GC(386465)  Metaspace       used 61036K, capacity 63745K, committed 64768K, reserved 1107968K
[2020-12-25T04:41:07.150-0400][gc,heap        ] GC(386465)   class space    used 5715K, capacity 6563K, committed 6912K, reserved 1048576K
[2020-12-25T04:41:07.150-0400][gc,start       ] GC(386465) Pause Young (Normal) (G1 Evacuation Pause)
[2020-12-25T04:41:07.150-0400][gc,task        ] GC(386465) Using 4 workers of 4 for evacuation
[2020-12-25T04:41:07.156-0400][gc,phases      ] GC(386465)   Pre Evacuate Collection Set: 0.0ms
[2020-12-25T04:41:07.156-0400][gc,phases      ] GC(386465)   Evacuate Collection Set: 3.9ms
[2020-12-25T04:41:07.156-0400][gc,phases      ] GC(386465)   Post Evacuate Collection Set: 1.8ms
[2020-12-25T04:41:07.157-0400][gc,phases      ] GC(386465)   Other: 0.9ms
[2020-12-25T04:41:07.157-0400][gc,heap        ] GC(386465) Eden regions: 11->0(11)
[2020-12-25T04:41:07.157-0400][gc,heap        ] GC(386465) Survivor regions: 1->1(2)
[2020-12-25T04:41:07.157-0400][gc,heap        ] GC(386465) Old regions: 46->46
[2020-12-25T04:41:07.157-0400][gc,heap        ] GC(386465) Humongous regions: 4->4
[2020-12-25T04:41:07.157-0400][gc,metaspace   ] GC(386465) Metaspace: 61036K->61036K(1107968K)
[2020-12-25T04:41:07.157-0400][gc,heap        ] GC(386465) Heap after GC invocations=386441 (full 11314): garbage-first heap   total 73728K, used 49163K [0x0000000083000000, 0x0000000100000000)
[2020-12-25T04:41:07.157-0400][gc,heap        ] GC(386465)   region size 1024K, 1 young (1024K), 1 survivors (1024K)
[2020-12-25T04:41:07.157-0400][gc,heap        ] GC(386465)  Metaspace       used 61036K, capacity 63745K, committed 64768K, reserved 1107968K
[2020-12-25T04:41:07.157-0400][gc,heap        ] GC(386465)   class space    used 5715K, capacity 6563K, committed 6912K, reserved 1048576K
[2020-12-25T04:41:07.157-0400][gc             ] GC(386465) Pause Young (Normal) (G1 Evacuation Pause) 58M->48M(72M) 6.932ms
[2020-12-25T04:41:07.157-0400][gc,cpu         ] GC(386465) User=0.02s Sys=0.01s Real=0.01s
[2020-12-25T04:41:42.707-0400][gc,heap        ] GC(386466) Heap before GC invocations=386441 (full 11314): garbage-first heap   total 73728K, used 59403K [0x0000000083000000, 0x0000000100000000)
[2020-12-25T04:41:42.707-0400][gc,heap        ] GC(386466)   region size 1024K, 12 young (12288K), 1 survivors (1024K)
[2020-12-25T04:41:42.707-0400][gc,heap        ] GC(386466)  Metaspace       used 61036K, capacity 63745K, committed 64768K, reserved 1107968K
[2020-12-25T04:41:42.707-0400][gc,heap        ] GC(386466)   class space    used 5715K, capacity 6563K, committed 6912K, reserved 1048576K
[2020-12-25T04:41:42.707-0400][gc,start       ] GC(386466) Pause Young (Normal) (G1 Evacuation Pause)
[2020-12-25T04:41:42.707-0400][gc,task        ] GC(386466) Using 4 workers of 4 for evacuation
[2020-12-25T04:41:42.713-0400][gc,phases      ] GC(386466)   Pre Evacuate Collection Set: 0.1ms
[2020-12-25T04:41:42.713-0400][gc,phases      ] GC(386466)   Evacuate Collection Set: 3.5ms
[2020-12-25T04:41:42.713-0400][gc,phases      ] GC(386466)   Post Evacuate Collection Set: 1.6ms
[2020-12-25T04:41:42.713-0400][gc,phases      ] GC(386466)   Other: 0.8ms
[2020-12-25T04:41:42.713-0400][gc,heap        ] GC(386466) Eden regions: 11->0(11)
[2020-12-25T04:41:42.713-0400][gc,heap        ] GC(386466) Survivor regions: 1->1(2)
[2020-12-25T04:41:42.713-0400][gc,heap        ] GC(386466) Old regions: 46->46
[2020-12-25T04:41:42.713-0400][gc,heap        ] GC(386466) Humongous regions: 4->4
[2020-12-25T04:41:42.713-0400][gc,metaspace   ] GC(386466) Metaspace: 61036K->61036K(1107968K)
[2020-12-25T04:41:42.713-0400][gc,heap        ] GC(386466) Heap after GC invocations=386442 (full 11314): garbage-first heap   total 73728K, used 49162K [0x0000000083000000, 0x0000000100000000)
[2020-12-25T04:41:42.714-0400][gc,heap        ] GC(386466)   region size 1024K, 1 young (1024K), 1 survivors (1024K)
[2020-12-25T04:41:42.714-0400][gc,heap        ] GC(386466)  Metaspace       used 61036K, capacity 63745K, committed 64768K, reserved 1107968K
[2020-12-25T04:41:42.714-0400][gc,heap        ] GC(386466)   class space    used 5715K, capacity 6563K, committed 6912K, reserved 1048576K
[2020-12-25T04:41:42.714-0400][gc             ] GC(386466) Pause Young (Normal) (G1 Evacuation Pause) 59M->48M(72M) 6.413ms
[2020-12-25T04:41:42.714-0400][gc,cpu         ] GC(386466) User=0.01s Sys=0.01s Real=0.00s
[2020-12-25T04:41:50.924-0400][gc,task        ] GC(386467) Using 3 workers of 4 for full compaction
[2020-12-25T04:41:50.924-0400][gc,start       ] GC(386467) Pause Full (System.gc())
[2020-12-25T04:41:50.924-0400][gc,heap        ] GC(386467) Heap before GC invocations=386442 (full 11314): garbage-first heap   total 73728K, used 54282K [0x0000000083000000, 0x0000000100000000)
[2020-12-25T04:41:50.924-0400][gc,heap        ] GC(386467)   region size 1024K, 8 young (8192K), 1 survivors (1024K)
[2020-12-25T04:41:50.924-0400][gc,heap        ] GC(386467)  Metaspace       used 61036K, capacity 63745K, committed 64768K, reserved 1107968K
[2020-12-25T04:41:50.924-0400][gc,heap        ] GC(386467)   class space    used 5715K, capacity 6563K, committed 6912K, reserved 1048576K
[2020-12-25T04:41:50.926-0400][gc,phases,start] GC(386467) Phase 1: Mark live objects
[2020-12-25T04:41:51.072-0400][gc,stringtable ] GC(386467) Cleaned string and symbol table, strings: 32207 processed, 0 removed, symbols: 131459 processed, 0 removed
[2020-12-25T04:41:51.072-0400][gc,phases      ] GC(386467) Phase 1: Mark live objects 145.654ms
[2020-12-25T04:41:51.072-0400][gc,phases,start] GC(386467) Phase 2: Prepare for compaction
[2020-12-25T04:41:51.102-0400][gc,phases      ] GC(386467) Phase 2: Prepare for compaction 30.266ms
[2020-12-25T04:41:51.103-0400][gc,phases,start] GC(386467) Phase 3: Adjust pointers
[2020-12-25T04:41:51.182-0400][gc,phases      ] GC(386467) Phase 3: Adjust pointers 79.837ms
[2020-12-25T04:41:51.182-0400][gc,phases,start] GC(386467) Phase 4: Compact heap
[2020-12-25T04:41:51.202-0400][gc,phases      ] GC(386467) Phase 4: Compact heap 19.709ms
[2020-12-25T04:41:51.237-0400][gc,heap        ] GC(386467) Eden regions: 7->0(12)
[2020-12-25T04:41:51.237-0400][gc,heap        ] GC(386467) Survivor regions: 1->0(2)
[2020-12-25T04:41:51.237-0400][gc,heap        ] GC(386467) Old regions: 46->46
[2020-12-25T04:41:51.238-0400][gc,heap        ] GC(386467) Humongous regions: 4->4
[2020-12-25T04:41:51.238-0400][gc,metaspace   ] GC(386467) Metaspace: 61036K->61036K(1107968K)
[2020-12-25T04:41:51.238-0400][gc,heap        ] GC(386467) Heap after GC invocations=386443 (full 11315): garbage-first heap   total 73728K, used 48530K [0x0000000083000000, 0x0000000100000000)
[2020-12-25T04:41:51.238-0400][gc,heap        ] GC(386467)   region size 1024K, 0 young (0K), 0 survivors (0K)
[2020-12-25T04:41:51.238-0400][gc,heap        ] GC(386467)  Metaspace       used 61036K, capacity 63745K, committed 64768K, reserved 1107968K
[2020-12-25T04:41:51.238-0400][gc,heap        ] GC(386467)   class space    used 5715K, capacity 6563K, committed 6912K, reserved 1048576K
[2020-12-25T04:41:51.238-0400][gc             ] GC(386467) Pause Full (System.gc()) 54M->47M(72M) 313.954ms
[2020-12-25T04:41:51.238-0400][gc,cpu         ] GC(386467) User=0.84s Sys=0.00s Real=0.32s
[2020-12-25T04:42:12.146-0400][gc,heap        ] GC(386468) Heap before GC invocations=386443 (full 11315): garbage-first heap   total 73728K, used 59794K [0x0000000083000000, 0x0000000100000000)
[2020-12-25T04:42:12.146-0400][gc,heap        ] GC(386468)   region size 1024K, 12 young (12288K), 0 survivors (0K)
[2020-12-25T04:42:12.146-0400][gc,heap        ] GC(386468)  Metaspace       used 61036K, capacity 63745K, committed 64768K, reserved 1107968K
[2020-12-25T04:42:12.146-0400][gc,heap        ] GC(386468)   class space    used 5715K, capacity 6563K, committed 6912K, reserved 1048576K
[2020-12-25T04:42:12.146-0400][gc,start       ] GC(386468) Pause Young (Normal) (G1 Evacuation Pause)
[2020-12-25T04:42:12.146-0400][gc,task        ] GC(386468) Using 4 workers of 4 for evacuation
[2020-12-25T04:42:12.151-0400][gc,phases      ] GC(386468)   Pre Evacuate Collection Set: 0.0ms
[2020-12-25T04:42:12.152-0400][gc,phases      ] GC(386468)   Evacuate Collection Set: 3.3ms
[2020-12-25T04:42:12.152-0400][gc,phases      ] GC(386468)   Post Evacuate Collection Set: 1.8ms
[2020-12-25T04:42:12.152-0400][gc,phases      ] GC(386468)   Other: 0.9ms
[2020-12-25T04:42:12.152-0400][gc,heap        ] GC(386468) Eden regions: 12->0(11)
[2020-12-25T04:42:12.152-0400][gc,heap        ] GC(386468) Survivor regions: 0->1(2)
[2020-12-25T04:42:12.152-0400][gc,heap        ] GC(386468) Old regions: 46->46
[2020-12-25T04:42:12.152-0400][gc,heap        ] GC(386468) Humongous regions: 4->4
[2020-12-25T04:42:12.152-0400][gc,metaspace   ] GC(386468) Metaspace: 61036K->61036K(1107968K)
[2020-12-25T04:42:12.152-0400][gc,heap        ] GC(386468) Heap after GC invocations=386444 (full 11315): garbage-first heap   total 73728K, used 48850K [0x0000000083000000, 0x0000000100000000)
[2020-12-25T04:42:12.152-0400][gc,heap        ] GC(386468)   region size 1024K, 1 young (1024K), 1 survivors (1024K)
[2020-12-25T04:42:12.152-0400][gc,heap        ] GC(386468)  Metaspace       used 61036K, capacity 63745K, committed 64768K, reserved 1107968K
[2020-12-25T04:42:12.152-0400][gc,heap        ] GC(386468)   class space    used 5715K, capacity 6563K, committed 6912K, reserved 1048576K
[2020-12-25T04:42:12.152-0400][gc             ] GC(386468) Pause Young (Normal) (G1 Evacuation Pause) 59M->47M(72M) 6.395ms
[2020-12-25T04:42:12.152-0400][gc,cpu         ] GC(386468) User=0.01s Sys=0.00s Real=0.00s
[2020-12-25T04:42:49.196-0400][gc,heap        ] GC(386469) Heap before GC invocations=386444 (full 11315): garbage-first heap   total 73728K, used 59090K [0x0000000083000000, 0x0000000100000000)
[2020-12-25T04:42:49.196-0400][gc,heap        ] GC(386469)   region size 1024K, 12 young (12288K), 1 survivors (1024K)
[2020-12-25T04:42:49.196-0400][gc,heap        ] GC(386469)  Metaspace       used 61036K, capacity 63745K, committed 64768K, reserved 1107968K
[2020-12-25T04:42:49.196-0400][gc,heap        ] GC(386469)   class space    used 5715K, capacity 6563K, committed 6912K, reserved 1048576K
[2020-12-25T04:42:49.196-0400][gc,start       ] GC(386469) Pause Young (Normal) (G1 Evacuation Pause)
[2020-12-25T04:42:49.196-0400][gc,task        ] GC(386469) Using 4 workers of 4 for evacuation
[2020-12-25T04:42:49.202-0400][gc,phases      ] GC(386469)   Pre Evacuate Collection Set: 0.0ms
[2020-12-25T04:42:49.202-0400][gc,phases      ] GC(386469)   Evacuate Collection Set: 3.1ms
[2020-12-25T04:42:49.202-0400][gc,phases      ] GC(386469)   Post Evacuate Collection Set: 1.9ms
[2020-12-25T04:42:49.202-0400][gc,phases      ] GC(386469)   Other: 0.9ms
[2020-12-25T04:42:49.202-0400][gc,heap        ] GC(386469) Eden regions: 11->0(11)
[2020-12-25T04:42:49.202-0400][gc,heap        ] GC(386469) Survivor regions: 1->1(2)
[2020-12-25T04:42:49.202-0400][gc,heap        ] GC(386469) Old regions: 46->46
[2020-12-25T04:42:49.202-0400][gc,heap        ] GC(386469) Humongous regions: 4->4
[2020-12-25T04:42:49.202-0400][gc,metaspace   ] GC(386469) Metaspace: 61036K->61036K(1107968K)
[2020-12-25T04:42:49.202-0400][gc,heap        ] GC(386469) Heap after GC invocations=386445 (full 11315): garbage-first heap   total 73728K, used 48893K [0x0000000083000000, 0x0000000100000000)
[2020-12-25T04:42:49.202-0400][gc,heap        ] GC(386469)   region size 1024K, 1 young (1024K), 1 survivors (1024K)
[2020-12-25T04:42:49.202-0400][gc,heap        ] GC(386469)  Metaspace       used 61036K, capacity 63745K, committed 64768K, reserved 1107968K
[2020-12-25T04:42:49.202-0400][gc,heap        ] GC(386469)   class space    used 5715K, capacity 6563K, committed 6912K, reserved 1048576K
[2020-12-25T04:42:49.202-0400][gc             ] GC(386469) Pause Young (Normal) (G1 Evacuation Pause) 58M->47M(72M) 6.293ms
[2020-12-25T04:42:49.203-0400][gc,cpu         ] GC(386469) User=0.01s Sys=0.01s Real=0.00s
[2020-12-25T04:43:20.904-0400][gc,heap        ] GC(386470) Heap before GC invocations=386445 (full 11315): garbage-first heap   total 73728K, used 59133K [0x0000000083000000, 0x0000000100000000)
[2020-12-25T04:43:20.904-0400][gc,heap        ] GC(386470)   region size 1024K, 12 young (12288K), 1 survivors (1024K)
[2020-12-25T04:43:20.904-0400][gc,heap        ] GC(386470)  Metaspace       used 61036K, capacity 63745K, committed 64768K, reserved 1107968K
[2020-12-25T04:43:20.904-0400][gc,heap        ] GC(386470)   class space    used 5715K, capacity 6563K, committed 6912K, reserved 1048576K
[2020-12-25T04:43:20.904-0400][gc,start       ] GC(386470) Pause Young (Normal) (G1 Evacuation Pause)
[2020-12-25T04:43:20.904-0400][gc,task        ] GC(386470) Using 4 workers of 4 for evacuation
[2020-12-25T04:43:20.910-0400][gc,phases      ] GC(386470)   Pre Evacuate Collection Set: 0.0ms
[2020-12-25T04:43:20.910-0400][gc,phases      ] GC(386470)   Evacuate Collection Set: 3.4ms
[2020-12-25T04:43:20.910-0400][gc,phases      ] GC(386470)   Post Evacuate Collection Set: 1.6ms
[2020-12-25T04:43:20.910-0400][gc,phases      ] GC(386470)   Other: 0.9ms
[2020-12-25T04:43:20.910-0400][gc,heap        ] GC(386470) Eden regions: 11->0(11)
[2020-12-25T04:43:20.910-0400][gc,heap        ] GC(386470) Survivor regions: 1->1(2)
[2020-12-25T04:43:20.910-0400][gc,heap        ] GC(386470) Old regions: 46->46
[2020-12-25T04:43:20.910-0400][gc,heap        ] GC(386470) Humongous regions: 4->4
[2020-12-25T04:43:20.910-0400][gc,metaspace   ] GC(386470) Metaspace: 61036K->61036K(1107968K)
[2020-12-25T04:43:20.910-0400][gc,heap        ] GC(386470) Heap after GC invocations=386446 (full 11315): garbage-first heap   total 73728K, used 48940K [0x0000000083000000, 0x0000000100000000)
[2020-12-25T04:43:20.910-0400][gc,heap        ] GC(386470)   region size 1024K, 1 young (1024K), 1 survivors (1024K)
[2020-12-25T04:43:20.910-0400][gc,heap        ] GC(386470)  Metaspace       used 61036K, capacity 63745K, committed 64768K, reserved 1107968K
[2020-12-25T04:43:20.910-0400][gc,heap        ] GC(386470)   class space    used 5715K, capacity 6563K, committed 6912K, reserved 1048576K
[2020-12-25T04:43:20.910-0400][gc             ] GC(386470) Pause Young (Normal) (G1 Evacuation Pause) 58M->47M(72M) 6.316ms
[2020-12-25T04:43:20.910-0400][gc,cpu         ] GC(386470) User=0.01s Sys=0.00s Real=0.01s
[2020-12-25T04:44:00.024-0400][gc,heap        ] GC(386471) Heap before GC invocations=386446 (full 11315): garbage-first heap   total 73728K, used 59180K [0x0000000083000000, 0x0000000100000000)
[2020-12-25T04:44:00.024-0400][gc,heap        ] GC(386471)   region size 1024K, 12 young (12288K), 1 survivors (1024K)
[2020-12-25T04:44:00.024-0400][gc,heap        ] GC(386471)  Metaspace       used 61036K, capacity 63745K, committed 64768K, reserved 1107968K
[2020-12-25T04:44:00.024-0400][gc,heap        ] GC(386471)   class space    used 5715K, capacity 6563K, committed 6912K, reserved 1048576K
[2020-12-25T04:44:00.024-0400][gc,start       ] GC(386471) Pause Young (Normal) (G1 Evacuation Pause)
[2020-12-25T04:44:00.024-0400][gc,task        ] GC(386471) Using 4 workers of 4 for evacuation
[2020-12-25T04:44:00.030-0400][gc,phases      ] GC(386471)   Pre Evacuate Collection Set: 0.0ms
[2020-12-25T04:44:00.030-0400][gc,phases      ] GC(386471)   Evacuate Collection Set: 3.4ms
[2020-12-25T04:44:00.030-0400][gc,phases      ] GC(386471)   Post Evacuate Collection Set: 1.7ms
[2020-12-25T04:44:00.030-0400][gc,phases      ] GC(386471)   Other: 0.9ms
[2020-12-25T04:44:00.030-0400][gc,heap        ] GC(386471) Eden regions: 11->0(11)
[2020-12-25T04:44:00.030-0400][gc,heap        ] GC(386471) Survivor regions: 1->1(2)
[2020-12-25T04:44:00.030-0400][gc,heap        ] GC(386471) Old regions: 46->46
[2020-12-25T04:44:00.030-0400][gc,heap        ] GC(386471) Humongous regions: 4->4
[2020-12-25T04:44:00.030-0400][gc,metaspace   ] GC(386471) Metaspace: 61036K->61036K(1107968K)
[2020-12-25T04:44:00.030-0400][gc,heap        ] GC(386471) Heap after GC invocations=386447 (full 11315): garbage-first heap   total 73728K, used 48956K [0x0000000083000000, 0x0000000100000000)
[2020-12-25T04:44:00.030-0400][gc,heap        ] GC(386471)   region size 1024K, 1 young (1024K), 1 survivors (1024K)
[2020-12-25T04:44:00.030-0400][gc,heap        ] GC(386471)  Metaspace       used 61036K, capacity 63745K, committed 64768K, reserved 1107968K
[2020-12-25T04:44:00.030-0400][gc,heap        ] GC(386471)   class space    used 5715K, capacity 6563K, committed 6912K, reserved 1048576K
[2020-12-25T04:44:00.030-0400][gc             ] GC(386471) Pause Young (Normal) (G1 Evacuation Pause) 58M->47M(72M) 6.477ms
[2020-12-25T04:44:00.031-0400][gc,cpu         ] GC(386471) User=0.02s Sys=0.00s Real=0.01s
[2020-12-25T04:44:23.361-0400][gc,heap        ] GC(386472) Heap before GC invocations=386447 (full 11315): garbage-first heap   total 73728K, used 59196K [0x0000000083000000, 0x0000000100000000)
[2020-12-25T04:44:23.361-0400][gc,heap        ] GC(386472)   region size 1024K, 12 young (12288K), 1 survivors (1024K)
[2020-12-25T04:44:23.361-0400][gc,heap        ] GC(386472)  Metaspace       used 61036K, capacity 63745K, committed 64768K, reserved 1107968K
[2020-12-25T04:44:23.361-0400][gc,heap        ] GC(386472)   class space    used 5715K, capacity 6563K, committed 6912K, reserved 1048576K
[2020-12-25T04:44:23.361-0400][gc,start       ] GC(386472) Pause Young (Normal) (G1 Evacuation Pause)
[2020-12-25T04:44:23.361-0400][gc,task        ] GC(386472) Using 4 workers of 4 for evacuation
[2020-12-25T04:44:23.367-0400][gc,phases      ] GC(386472)   Pre Evacuate Collection Set: 0.0ms
[2020-12-25T04:44:23.367-0400][gc,phases      ] GC(386472)   Evacuate Collection Set: 3.6ms
[2020-12-25T04:44:23.367-0400][gc,phases      ] GC(386472)   Post Evacuate Collection Set: 1.8ms
[2020-12-25T04:44:23.367-0400][gc,phases      ] GC(386472)   Other: 0.8ms
[2020-12-25T04:44:23.367-0400][gc,heap        ] GC(386472) Eden regions: 11->0(11)
[2020-12-25T04:44:23.367-0400][gc,heap        ] GC(386472) Survivor regions: 1->1(2)
[2020-12-25T04:44:23.367-0400][gc,heap        ] GC(386472) Old regions: 46->46
[2020-12-25T04:44:23.368-0400][gc,heap        ] GC(386472) Humongous regions: 4->4
[2020-12-25T04:44:23.368-0400][gc,metaspace   ] GC(386472) Metaspace: 61036K->61036K(1107968K)
[2020-12-25T04:44:23.368-0400][gc,heap        ] GC(386472) Heap after GC invocations=386448 (full 11315): garbage-first heap   total 73728K, used 49024K [0x0000000083000000, 0x0000000100000000)
[2020-12-25T04:44:23.368-0400][gc,heap        ] GC(386472)   region size 1024K, 1 young (1024K), 1 survivors (1024K)
[2020-12-25T04:44:23.368-0400][gc,heap        ] GC(386472)  Metaspace       used 61036K, capacity 63745K, committed 64768K, reserved 1107968K
[2020-12-25T04:44:23.368-0400][gc,heap        ] GC(386472)   class space    used 5715K, capacity 6563K, committed 6912K, reserved 1048576K
[2020-12-25T04:44:23.368-0400][gc             ] GC(386472) Pause Young (Normal) (G1 Evacuation Pause) 58M->47M(72M) 6.657ms
[2020-12-25T04:44:23.368-0400][gc,cpu         ] GC(386472) User=0.01s Sys=0.01s Real=0.01s
[2020-12-25T04:45:01.246-0400][gc,heap        ] GC(386473) Heap before GC invocations=386448 (full 11315): garbage-first heap   total 73728K, used 59264K [0x0000000083000000, 0x0000000100000000)
[2020-12-25T04:45:01.246-0400][gc,heap        ] GC(386473)   region size 1024K, 12 young (12288K), 1 survivors (1024K)
[2020-12-25T04:45:01.246-0400][gc,heap        ] GC(386473)  Metaspace       used 61036K, capacity 63745K, committed 64768K, reserved 1107968K
[2020-12-25T04:45:01.246-0400][gc,heap        ] GC(386473)   class space    used 5715K, capacity 6563K, committed 6912K, reserved 1048576K
[2020-12-25T04:45:01.246-0400][gc,start       ] GC(386473) Pause Young (Normal) (G1 Evacuation Pause)
[2020-12-25T04:45:01.246-0400][gc,task        ] GC(386473) Using 4 workers of 4 for evacuation
[2020-12-25T04:45:01.252-0400][gc,phases      ] GC(386473)   Pre Evacuate Collection Set: 0.0ms
[2020-12-25T04:45:01.252-0400][gc,phases      ] GC(386473)   Evacuate Collection Set: 3.7ms
[2020-12-25T04:45:01.252-0400][gc,phases      ] GC(386473)   Post Evacuate Collection Set: 1.9ms
[2020-12-25T04:45:01.252-0400][gc,phases      ] GC(386473)   Other: 0.8ms
[2020-12-25T04:45:01.253-0400][gc,heap        ] GC(386473) Eden regions: 11->0(11)
[2020-12-25T04:45:01.253-0400][gc,heap        ] GC(386473) Survivor regions: 1->1(2)
[2020-12-25T04:45:01.253-0400][gc,heap        ] GC(386473) Old regions: 46->46
[2020-12-25T04:45:01.253-0400][gc,heap        ] GC(386473) Humongous regions: 4->4
[2020-12-25T04:45:01.253-0400][gc,metaspace   ] GC(386473) Metaspace: 61036K->61036K(1107968K)
[2020-12-25T04:45:01.253-0400][gc,heap        ] GC(386473) Heap after GC invocations=386449 (full 11315): garbage-first heap   total 73728K, used 48991K [0x0000000083000000, 0x0000000100000000)
[2020-12-25T04:45:01.253-0400][gc,heap        ] GC(386473)   region size 1024K, 1 young (1024K), 1 survivors (1024K)
[2020-12-25T04:45:01.253-0400][gc,heap        ] GC(386473)  Metaspace       used 61036K, capacity 63745K, committed 64768K, reserved 1107968K
[2020-12-25T04:45:01.253-0400][gc,heap        ] GC(386473)   class space    used 5715K, capacity 6563K, committed 6912K, reserved 1048576K
[2020-12-25T04:45:01.253-0400][gc             ] GC(386473) Pause Young (Normal) (G1 Evacuation Pause) 58M->47M(72M) 7.002ms
[2020-12-25T04:45:01.253-0400][gc,cpu         ] GC(386473) User=0.01s Sys=0.01s Real=0.00s
[2020-12-25T04:45:22.350-0400][gc,heap        ] GC(386474) Heap before GC invocations=386449 (full 11315): garbage-first heap   total 73728K, used 59231K [0x0000000083000000, 0x0000000100000000)
[2020-12-25T04:45:22.350-0400][gc,heap        ] GC(386474)   region size 1024K, 12 young (12288K), 1 survivors (1024K)
[2020-12-25T04:45:22.350-0400][gc,heap        ] GC(386474)  Metaspace       used 61036K, capacity 63745K, committed 64768K, reserved 1107968K
[2020-12-25T04:45:22.350-0400][gc,heap        ] GC(386474)   class space    used 5715K, capacity 6563K, committed 6912K, reserved 1048576K
[2020-12-25T04:45:22.350-0400][gc,start       ] GC(386474) Pause Young (Normal) (G1 Evacuation Pause)
[2020-12-25T04:45:22.350-0400][gc,task        ] GC(386474) Using 4 workers of 4 for evacuation
[2020-12-25T04:45:22.356-0400][gc,phases      ] GC(386474)   Pre Evacuate Collection Set: 0.0ms
[2020-12-25T04:45:22.356-0400][gc,phases      ] GC(386474)   Evacuate Collection Set: 3.8ms
[2020-12-25T04:45:22.356-0400][gc,phases      ] GC(386474)   Post Evacuate Collection Set: 1.8ms
[2020-12-25T04:45:22.356-0400][gc,phases      ] GC(386474)   Other: 0.8ms
[2020-12-25T04:45:22.356-0400][gc,heap        ] GC(386474) Eden regions: 11->0(11)
[2020-12-25T04:45:22.356-0400][gc,heap        ] GC(386474) Survivor regions: 1->1(2)
[2020-12-25T04:45:22.356-0400][gc,heap        ] GC(386474) Old regions: 46->46
[2020-12-25T04:45:22.356-0400][gc,heap        ] GC(386474) Humongous regions: 4->4
[2020-12-25T04:45:22.356-0400][gc,metaspace   ] GC(386474) Metaspace: 61036K->61036K(1107968K)
[2020-12-25T04:45:22.356-0400][gc,heap        ] GC(386474) Heap after GC invocations=386450 (full 11315): garbage-first heap   total 73728K, used 49041K [0x0000000083000000, 0x0000000100000000)
[2020-12-25T04:45:22.356-0400][gc,heap        ] GC(386474)   region size 1024K, 1 young (1024K), 1 survivors (1024K)
[2020-12-25T04:45:22.356-0400][gc,heap        ] GC(386474)  Metaspace       used 61036K, capacity 63745K, committed 64768K, reserved 1107968K
[2020-12-25T04:45:22.357-0400][gc,heap        ] GC(386474)   class space    used 5715K, capacity 6563K, committed 6912K, reserved 1048576K
[2020-12-25T04:45:22.357-0400][gc             ] GC(386474) Pause Young (Normal) (G1 Evacuation Pause) 58M->47M(72M) 6.732ms
[2020-12-25T04:45:22.357-0400][gc,cpu         ] GC(386474) User=0.02s Sys=0.01s Real=0.01s
[2020-12-25T04:45:59.899-0400][gc,heap        ] GC(386475) Heap before GC invocations=386450 (full 11315): garbage-first heap   total 73728K, used 59281K [0x0000000083000000, 0x0000000100000000)
[2020-12-25T04:45:59.899-0400][gc,heap        ] GC(386475)   region size 1024K, 12 young (12288K), 1 survivors (1024K)
[2020-12-25T04:45:59.899-0400][gc,heap        ] GC(386475)  Metaspace       used 61036K, capacity 63745K, committed 64768K, reserved 1107968K
[2020-12-25T04:45:59.899-0400][gc,heap        ] GC(386475)   class space    used 5715K, capacity 6563K, committed 6912K, reserved 1048576K
[2020-12-25T04:45:59.899-0400][gc,start       ] GC(386475) Pause Young (Normal) (G1 Evacuation Pause)
[2020-12-25T04:45:59.899-0400][gc,task        ] GC(386475) Using 4 workers of 4 for evacuation
[2020-12-25T04:45:59.905-0400][gc,phases      ] GC(386475)   Pre Evacuate Collection Set: 0.0ms
[2020-12-25T04:45:59.905-0400][gc,phases      ] GC(386475)   Evacuate Collection Set: 3.6ms
[2020-12-25T04:45:59.905-0400][gc,phases      ] GC(386475)   Post Evacuate Collection Set: 1.4ms
[2020-12-25T04:45:59.905-0400][gc,phases      ] GC(386475)   Other: 0.9ms
[2020-12-25T04:45:59.905-0400][gc,heap        ] GC(386475) Eden regions: 11->0(11)
[2020-12-25T04:45:59.905-0400][gc,heap        ] GC(386475) Survivor regions: 1->1(2)
[2020-12-25T04:45:59.905-0400][gc,heap        ] GC(386475) Old regions: 46->46
[2020-12-25T04:45:59.905-0400][gc,heap        ] GC(386475) Humongous regions: 4->4
[2020-12-25T04:45:59.905-0400][gc,metaspace   ] GC(386475) Metaspace: 61036K->61036K(1107968K)
[2020-12-25T04:45:59.905-0400][gc,heap        ] GC(386475) Heap after GC invocations=386451 (full 11315): garbage-first heap   total 73728K, used 48946K [0x0000000083000000, 0x0000000100000000)
[2020-12-25T04:45:59.905-0400][gc,heap        ] GC(386475)   region size 1024K, 1 young (1024K), 1 survivors (1024K)
[2020-12-25T04:45:59.905-0400][gc,heap        ] GC(386475)  Metaspace       used 61036K, capacity 63745K, committed 64768K, reserved 1107968K
[2020-12-25T04:45:59.905-0400][gc,heap        ] GC(386475)   class space    used 5715K, capacity 6563K, committed 6912K, reserved 1048576K
[2020-12-25T04:45:59.906-0400][gc             ] GC(386475) Pause Young (Normal) (G1 Evacuation Pause) 58M->47M(72M) 6.375ms
[2020-12-25T04:45:59.906-0400][gc,cpu         ] GC(386475) User=0.01s Sys=0.00s Real=0.01s
[2020-12-25T04:46:31.182-0400][gc,heap        ] GC(386476) Heap before GC invocations=386451 (full 11315): garbage-first heap   total 73728K, used 59186K [0x0000000083000000, 0x0000000100000000)
[2020-12-25T04:46:31.182-0400][gc,heap        ] GC(386476)   region size 1024K, 12 young (12288K), 1 survivors (1024K)
[2020-12-25T04:46:31.182-0400][gc,heap        ] GC(386476)  Metaspace       used 61036K, capacity 63745K, committed 64768K, reserved 1107968K
[2020-12-25T04:46:31.182-0400][gc,heap        ] GC(386476)   class space    used 5715K, capacity 6563K, committed 6912K, reserved 1048576K
[2020-12-25T04:46:31.182-0400][gc,start       ] GC(386476) Pause Young (Normal) (G1 Evacuation Pause)
[2020-12-25T04:46:31.182-0400][gc,task        ] GC(386476) Using 4 workers of 4 for evacuation
[2020-12-25T04:46:31.188-0400][gc,phases      ] GC(386476)   Pre Evacuate Collection Set: 0.0ms
[2020-12-25T04:46:31.188-0400][gc,phases      ] GC(386476)   Evacuate Collection Set: 3.7ms
[2020-12-25T04:46:31.188-0400][gc,phases      ] GC(386476)   Post Evacuate Collection Set: 1.7ms
[2020-12-25T04:46:31.188-0400][gc,phases      ] GC(386476)   Other: 0.8ms
[2020-12-25T04:46:31.188-0400][gc,heap        ] GC(386476) Eden regions: 11->0(11)
[2020-12-25T04:46:31.189-0400][gc,heap        ] GC(386476) Survivor regions: 1->1(2)
[2020-12-25T04:46:31.189-0400][gc,heap        ] GC(386476) Old regions: 46->46
[2020-12-25T04:46:31.189-0400][gc,heap        ] GC(386476) Humongous regions: 4->4
[2020-12-25T04:46:31.189-0400][gc,metaspace   ] GC(386476) Metaspace: 61036K->61036K(1107968K)
[2020-12-25T04:46:31.189-0400][gc,heap        ] GC(386476) Heap after GC invocations=386452 (full 11315): garbage-first heap   total 73728K, used 49103K [0x0000000083000000, 0x0000000100000000)
[2020-12-25T04:46:31.189-0400][gc,heap        ] GC(386476)   region size 1024K, 1 young (1024K), 1 survivors (1024K)
[2020-12-25T04:46:31.189-0400][gc,heap        ] GC(386476)  Metaspace       used 61036K, capacity 63745K, committed 64768K, reserved 1107968K
[2020-12-25T04:46:31.189-0400][gc,heap        ] GC(386476)   class space    used 5715K, capacity 6563K, committed 6912K, reserved 1048576K
[2020-12-25T04:46:31.189-0400][gc             ] GC(386476) Pause Young (Normal) (G1 Evacuation Pause) 58M->47M(72M) 6.671ms
[2020-12-25T04:46:31.189-0400][gc,cpu         ] GC(386476) User=0.01s Sys=0.00s Real=0.01s
[2020-12-25T04:46:50.924-0400][gc,task        ] GC(386477) Using 3 workers of 4 for full compaction
[2020-12-25T04:46:50.924-0400][gc,start       ] GC(386477) Pause Full (System.gc())
[2020-12-25T04:46:50.924-0400][gc,heap        ] GC(386477) Heap before GC invocations=386452 (full 11315): garbage-first heap   total 73728K, used 54223K [0x0000000083000000, 0x0000000100000000)
[2020-12-25T04:46:50.924-0400][gc,heap        ] GC(386477)   region size 1024K, 8 young (8192K), 1 survivors (1024K)
[2020-12-25T04:46:50.924-0400][gc,heap        ] GC(386477)  Metaspace       used 61036K, capacity 63745K, committed 64768K, reserved 1107968K
[2020-12-25T04:46:50.925-0400][gc,heap        ] GC(386477)   class space    used 5715K, capacity 6563K, committed 6912K, reserved 1048576K
[2020-12-25T04:46:50.927-0400][gc,phases,start] GC(386477) Phase 1: Mark live objects
[2020-12-25T04:46:51.073-0400][gc,stringtable ] GC(386477) Cleaned string and symbol table, strings: 32207 processed, 0 removed, symbols: 131459 processed, 0 removed
[2020-12-25T04:46:51.073-0400][gc,phases      ] GC(386477) Phase 1: Mark live objects 145.798ms
[2020-12-25T04:46:51.073-0400][gc,phases,start] GC(386477) Phase 2: Prepare for compaction
[2020-12-25T04:46:51.103-0400][gc,phases      ] GC(386477) Phase 2: Prepare for compaction 30.148ms
[2020-12-25T04:46:51.103-0400][gc,phases,start] GC(386477) Phase 3: Adjust pointers
[2020-12-25T04:46:51.182-0400][gc,phases      ] GC(386477) Phase 3: Adjust pointers 79.229ms
[2020-12-25T04:46:51.182-0400][gc,phases,start] GC(386477) Phase 4: Compact heap
[2020-12-25T04:46:51.204-0400][gc,phases      ] GC(386477) Phase 4: Compact heap 21.984ms
[2020-12-25T04:46:51.240-0400][gc,heap        ] GC(386477) Eden regions: 7->0(11)
[2020-12-25T04:46:51.240-0400][gc,heap        ] GC(386477) Survivor regions: 1->0(2)
[2020-12-25T04:46:51.240-0400][gc,heap        ] GC(386477) Old regions: 46->47
[2020-12-25T04:46:51.240-0400][gc,heap        ] GC(386477) Humongous regions: 4->4
[2020-12-25T04:46:51.240-0400][gc,metaspace   ] GC(386477) Metaspace: 61036K->61036K(1107968K)
[2020-12-25T04:46:51.240-0400][gc,heap        ] GC(386477) Heap after GC invocations=386453 (full 11316): garbage-first heap   total 73728K, used 48504K [0x0000000083000000, 0x0000000100000000)
[2020-12-25T04:46:51.240-0400][gc,heap        ] GC(386477)   region size 1024K, 0 young (0K), 0 survivors (0K)
[2020-12-25T04:46:51.240-0400][gc,heap        ] GC(386477)  Metaspace       used 61036K, capacity 63745K, committed 64768K, reserved 1107968K
[2020-12-25T04:46:51.240-0400][gc,heap        ] GC(386477)   class space    used 5715K, capacity 6563K, committed 6912K, reserved 1048576K
[2020-12-25T04:46:51.240-0400][gc             ] GC(386477) Pause Full (System.gc()) 53M->47M(72M) 315.869ms
[2020-12-25T04:46:51.240-0400][gc,cpu         ] GC(386477) User=0.85s Sys=0.00s Real=0.32s
[2020-12-25T04:47:15.489-0400][gc,heap        ] GC(386478) Heap before GC invocations=386453 (full 11316): garbage-first heap   total 73728K, used 58744K [0x0000000083000000, 0x0000000100000000)
[2020-12-25T04:47:15.489-0400][gc,heap        ] GC(386478)   region size 1024K, 11 young (11264K), 0 survivors (0K)
[2020-12-25T04:47:15.489-0400][gc,heap        ] GC(386478)  Metaspace       used 61036K, capacity 63745K, committed 64768K, reserved 1107968K
[2020-12-25T04:47:15.489-0400][gc,heap        ] GC(386478)   class space    used 5715K, capacity 6563K, committed 6912K, reserved 1048576K
[2020-12-25T04:47:15.489-0400][gc,start       ] GC(386478) Pause Young (Normal) (G1 Evacuation Pause)
[2020-12-25T04:47:15.489-0400][gc,task        ] GC(386478) Using 4 workers of 4 for evacuation
[2020-12-25T04:47:15.495-0400][gc,phases      ] GC(386478)   Pre Evacuate Collection Set: 0.0ms
[2020-12-25T04:47:15.495-0400][gc,phases      ] GC(386478)   Evacuate Collection Set: 2.9ms
[2020-12-25T04:47:15.495-0400][gc,phases      ] GC(386478)   Post Evacuate Collection Set: 1.9ms
[2020-12-25T04:47:15.495-0400][gc,phases      ] GC(386478)   Other: 0.9ms
[2020-12-25T04:47:15.495-0400][gc,heap        ] GC(386478) Eden regions: 11->0(10)
[2020-12-25T04:47:15.495-0400][gc,heap        ] GC(386478) Survivor regions: 0->1(2)
[2020-12-25T04:47:15.495-0400][gc,heap        ] GC(386478) Old regions: 47->47
[2020-12-25T04:47:15.495-0400][gc,heap        ] GC(386478) Humongous regions: 4->4
[2020-12-25T04:47:15.495-0400][gc,metaspace   ] GC(386478) Metaspace: 61036K->61036K(1107968K)
[2020-12-25T04:47:15.495-0400][gc,heap        ] GC(386478) Heap after GC invocations=386454 (full 11316): garbage-first heap   total 73728K, used 48765K [0x0000000083000000, 0x0000000100000000)
[2020-12-25T04:47:15.495-0400][gc,heap        ] GC(386478)   region size 1024K, 1 young (1024K), 1 survivors (1024K)
[2020-12-25T04:47:15.495-0400][gc,heap        ] GC(386478)  Metaspace       used 61036K, capacity 63745K, committed 64768K, reserved 1107968K
[2020-12-25T04:47:15.495-0400][gc,heap        ] GC(386478)   class space    used 5715K, capacity 6563K, committed 6912K, reserved 1048576K
[2020-12-25T04:47:15.495-0400][gc             ] GC(386478) Pause Young (Normal) (G1 Evacuation Pause) 58M->47M(72M) 6.104ms
[2020-12-25T04:47:15.496-0400][gc,cpu         ] GC(386478) User=0.01s Sys=0.00s Real=0.01s
[2020-12-25T04:47:51.869-0400][gc,heap        ] GC(386479) Heap before GC invocations=386454 (full 11316): garbage-first heap   total 73728K, used 57981K [0x0000000083000000, 0x0000000100000000)
[2020-12-25T04:47:51.869-0400][gc,heap        ] GC(386479)   region size 1024K, 11 young (11264K), 1 survivors (1024K)
[2020-12-25T04:47:51.869-0400][gc,heap        ] GC(386479)  Metaspace       used 61036K, capacity 63745K, committed 64768K, reserved 1107968K
[2020-12-25T04:47:51.869-0400][gc,heap        ] GC(386479)   class space    used 5715K, capacity 6563K, committed 6912K, reserved 1048576K
[2020-12-25T04:47:51.869-0400][gc,start       ] GC(386479) Pause Young (Normal) (G1 Evacuation Pause)
[2020-12-25T04:47:51.869-0400][gc,task        ] GC(386479) Using 4 workers of 4 for evacuation
[2020-12-25T04:47:51.875-0400][gc,phases      ] GC(386479)   Pre Evacuate Collection Set: 0.0ms
[2020-12-25T04:47:51.875-0400][gc,phases      ] GC(386479)   Evacuate Collection Set: 3.2ms
[2020-12-25T04:47:51.875-0400][gc,phases      ] GC(386479)   Post Evacuate Collection Set: 1.4ms
[2020-12-25T04:47:51.875-0400][gc,phases      ] GC(386479)   Other: 0.9ms
[2020-12-25T04:47:51.875-0400][gc,heap        ] GC(386479) Eden regions: 10->0(10)
[2020-12-25T04:47:51.875-0400][gc,heap        ] GC(386479) Survivor regions: 1->1(2)
[2020-12-25T04:47:51.875-0400][gc,heap        ] GC(386479) Old regions: 47->47
[2020-12-25T04:47:51.875-0400][gc,heap        ] GC(386479) Humongous regions: 4->4
[2020-12-25T04:47:51.875-0400][gc,metaspace   ] GC(386479) Metaspace: 61036K->61036K(1107968K)
[2020-12-25T04:47:51.875-0400][gc,heap        ] GC(386479) Heap after GC invocations=386455 (full 11316): garbage-first heap   total 73728K, used 48845K [0x0000000083000000, 0x0000000100000000)
[2020-12-25T04:47:51.875-0400][gc,heap        ] GC(386479)   region size 1024K, 1 young (1024K), 1 survivors (1024K)
[2020-12-25T04:47:51.875-0400][gc,heap        ] GC(386479)  Metaspace       used 61036K, capacity 63745K, committed 64768K, reserved 1107968K
[2020-12-25T04:47:51.875-0400][gc,heap        ] GC(386479)   class space    used 5715K, capacity 6563K, committed 6912K, reserved 1048576K
[2020-12-25T04:47:51.875-0400][gc             ] GC(386479) Pause Young (Normal) (G1 Evacuation Pause) 57M->47M(72M) 5.899ms
[2020-12-25T04:47:51.875-0400][gc,cpu         ] GC(386479) User=0.01s Sys=0.01s Real=0.00s
[2020-12-25T04:48:21.914-0400][gc,heap        ] GC(386480) Heap before GC invocations=386455 (full 11316): garbage-first heap   total 73728K, used 59085K [0x0000000083000000, 0x0000000100000000)
[2020-12-25T04:48:21.915-0400][gc,heap        ] GC(386480)   region size 1024K, 11 young (11264K), 1 survivors (1024K)
[2020-12-25T04:48:21.915-0400][gc,heap        ] GC(386480)  Metaspace       used 61036K, capacity 63745K, committed 64768K, reserved 1107968K
[2020-12-25T04:48:21.915-0400][gc,heap        ] GC(386480)   class space    used 5715K, capacity 6563K, committed 6912K, reserved 1048576K
[2020-12-25T04:48:21.915-0400][gc,start       ] GC(386480) Pause Young (Normal) (G1 Evacuation Pause)
[2020-12-25T04:48:21.915-0400][gc,task        ] GC(386480) Using 4 workers of 4 for evacuation
[2020-12-25T04:48:21.921-0400][gc,phases      ] GC(386480)   Pre Evacuate Collection Set: 0.0ms
[2020-12-25T04:48:21.921-0400][gc,phases      ] GC(386480)   Evacuate Collection Set: 3.4ms
[2020-12-25T04:48:21.921-0400][gc,phases      ] GC(386480)   Post Evacuate Collection Set: 2.0ms
[2020-12-25T04:48:21.921-0400][gc,phases      ] GC(386480)   Other: 0.9ms
[2020-12-25T04:48:21.921-0400][gc,heap        ] GC(386480) Eden regions: 10->0(10)
[2020-12-25T04:48:21.921-0400][gc,heap        ] GC(386480) Survivor regions: 1->1(2)
[2020-12-25T04:48:21.921-0400][gc,heap        ] GC(386480) Old regions: 47->47
[2020-12-25T04:48:21.921-0400][gc,heap        ] GC(386480) Humongous regions: 4->4
[2020-12-25T04:48:21.921-0400][gc,metaspace   ] GC(386480) Metaspace: 61036K->61036K(1107968K)
[2020-12-25T04:48:21.921-0400][gc,heap        ] GC(386480) Heap after GC invocations=386456 (full 11316): garbage-first heap   total 73728K, used 48875K [0x0000000083000000, 0x0000000100000000)
[2020-12-25T04:48:21.921-0400][gc,heap        ] GC(386480)   region size 1024K, 1 young (1024K), 1 survivors (1024K)
[2020-12-25T04:48:21.921-0400][gc,heap        ] GC(386480)  Metaspace       used 61036K, capacity 63745K, committed 64768K, reserved 1107968K
[2020-12-25T04:48:21.921-0400][gc,heap        ] GC(386480)   class space    used 5715K, capacity 6563K, committed 6912K, reserved 1048576K
[2020-12-25T04:48:21.922-0400][gc             ] GC(386480) Pause Young (Normal) (G1 Evacuation Pause) 57M->47M(72M) 6.687ms
[2020-12-25T04:48:21.922-0400][gc,cpu         ] GC(386480) User=0.01s Sys=0.01s Real=0.01s
[2020-12-25T04:48:59.426-0400][gc,heap        ] GC(386481) Heap before GC invocations=386456 (full 11316): garbage-first heap   total 73728K, used 59115K [0x0000000083000000, 0x0000000100000000)
[2020-12-25T04:48:59.426-0400][gc,heap        ] GC(386481)   region size 1024K, 11 young (11264K), 1 survivors (1024K)
[2020-12-25T04:48:59.426-0400][gc,heap        ] GC(386481)  Metaspace       used 61036K, capacity 63745K, committed 64768K, reserved 1107968K
[2020-12-25T04:48:59.426-0400][gc,heap        ] GC(386481)   class space    used 5715K, capacity 6563K, committed 6912K, reserved 1048576K
[2020-12-25T04:48:59.426-0400][gc,start       ] GC(386481) Pause Young (Normal) (G1 Evacuation Pause)
[2020-12-25T04:48:59.426-0400][gc,task        ] GC(386481) Using 4 workers of 4 for evacuation
[2020-12-25T04:48:59.431-0400][gc,phases      ] GC(386481)   Pre Evacuate Collection Set: 0.0ms
[2020-12-25T04:48:59.431-0400][gc,phases      ] GC(386481)   Evacuate Collection Set: 3.1ms
[2020-12-25T04:48:59.431-0400][gc,phases      ] GC(386481)   Post Evacuate Collection Set: 1.5ms
[2020-12-25T04:48:59.431-0400][gc,phases      ] GC(386481)   Other: 0.8ms
[2020-12-25T04:48:59.432-0400][gc,heap        ] GC(386481) Eden regions: 10->0(10)
[2020-12-25T04:48:59.432-0400][gc,heap        ] GC(386481) Survivor regions: 1->1(2)
[2020-12-25T04:48:59.432-0400][gc,heap        ] GC(386481) Old regions: 47->47
[2020-12-25T04:48:59.432-0400][gc,heap        ] GC(386481) Humongous regions: 4->4
[2020-12-25T04:48:59.432-0400][gc,metaspace   ] GC(386481) Metaspace: 61036K->61036K(1107968K)
[2020-12-25T04:48:59.432-0400][gc,heap        ] GC(386481) Heap after GC invocations=386457 (full 11316): garbage-first heap   total 73728K, used 48863K [0x0000000083000000, 0x0000000100000000)
[2020-12-25T04:48:59.432-0400][gc,heap        ] GC(386481)   region size 1024K, 1 young (1024K), 1 survivors (1024K)
[2020-12-25T04:48:59.432-0400][gc,heap        ] GC(386481)  Metaspace       used 61036K, capacity 63745K, committed 64768K, reserved 1107968K
[2020-12-25T04:48:59.432-0400][gc,heap        ] GC(386481)   class space    used 5715K, capacity 6563K, committed 6912K, reserved 1048576K
[2020-12-25T04:48:59.432-0400][gc             ] GC(386481) Pause Young (Normal) (G1 Evacuation Pause) 57M->47M(72M) 5.906ms
[2020-12-25T04:48:59.432-0400][gc,cpu         ] GC(386481) User=0.01s Sys=0.00s Real=0.00s
[2020-12-25T04:49:14.433-0400][gc,heap        ] GC(386482) Heap before GC invocations=386457 (full 11316): garbage-first heap   total 73728K, used 58079K [0x0000000083000000, 0x0000000100000000)
[2020-12-25T04:49:14.433-0400][gc,heap        ] GC(386482)   region size 1024K, 11 young (11264K), 1 survivors (1024K)
[2020-12-25T04:49:14.433-0400][gc,heap        ] GC(386482)  Metaspace       used 61036K, capacity 63745K, committed 64768K, reserved 1107968K
[2020-12-25T04:49:14.433-0400][gc,heap        ] GC(386482)   class space    used 5715K, capacity 6563K, committed 6912K, reserved 1048576K
[2020-12-25T04:49:14.434-0400][gc,start       ] GC(386482) Pause Young (Normal) (G1 Evacuation Pause)
[2020-12-25T04:49:14.434-0400][gc,task        ] GC(386482) Using 4 workers of 4 for evacuation
[2020-12-25T04:49:14.440-0400][gc,phases      ] GC(386482)   Pre Evacuate Collection Set: 0.1ms
[2020-12-25T04:49:14.440-0400][gc,phases      ] GC(386482)   Evacuate Collection Set: 3.5ms
[2020-12-25T04:49:14.440-0400][gc,phases      ] GC(386482)   Post Evacuate Collection Set: 1.9ms
[2020-12-25T04:49:14.440-0400][gc,phases      ] GC(386482)   Other: 1.0ms
[2020-12-25T04:49:14.440-0400][gc,heap        ] GC(386482) Eden regions: 10->0(10)
[2020-12-25T04:49:14.440-0400][gc,heap        ] GC(386482) Survivor regions: 1->1(2)
[2020-12-25T04:49:14.440-0400][gc,heap        ] GC(386482) Old regions: 47->47
[2020-12-25T04:49:14.440-0400][gc,heap        ] GC(386482) Humongous regions: 4->4
[2020-12-25T04:49:14.440-0400][gc,metaspace   ] GC(386482) Metaspace: 61036K->61036K(1107968K)
[2020-12-25T04:49:14.440-0400][gc,heap        ] GC(386482) Heap after GC invocations=386458 (full 11316): garbage-first heap   total 73728K, used 48945K [0x0000000083000000, 0x0000000100000000)
[2020-12-25T04:49:14.440-0400][gc,heap        ] GC(386482)   region size 1024K, 1 young (1024K), 1 survivors (1024K)
[2020-12-25T04:49:14.440-0400][gc,heap        ] GC(386482)  Metaspace       used 61036K, capacity 63745K, committed 64768K, reserved 1107968K
[2020-12-25T04:49:14.440-0400][gc,heap        ] GC(386482)   class space    used 5715K, capacity 6563K, committed 6912K, reserved 1048576K
[2020-12-25T04:49:14.440-0400][gc             ] GC(386482) Pause Young (Normal) (G1 Evacuation Pause) 57M->47M(72M) 6.800ms
[2020-12-25T04:49:14.441-0400][gc,cpu         ] GC(386482) User=0.02s Sys=0.00s Real=0.01s
[2020-12-25T04:49:53.889-0400][gc,heap        ] GC(386483) Heap before GC invocations=386458 (full 11316): garbage-first heap   total 73728K, used 58161K [0x0000000083000000, 0x0000000100000000)
[2020-12-25T04:49:53.889-0400][gc,heap        ] GC(386483)   region size 1024K, 11 young (11264K), 1 survivors (1024K)
[2020-12-25T04:49:53.889-0400][gc,heap        ] GC(386483)  Metaspace       used 61036K, capacity 63745K, committed 64768K, reserved 1107968K
[2020-12-25T04:49:53.889-0400][gc,heap        ] GC(386483)   class space    used 5715K, capacity 6563K, committed 6912K, reserved 1048576K
[2020-12-25T04:49:53.890-0400][gc,start       ] GC(386483) Pause Young (Normal) (G1 Evacuation Pause)
[2020-12-25T04:49:53.890-0400][gc,task        ] GC(386483) Using 4 workers of 4 for evacuation
[2020-12-25T04:49:53.895-0400][gc,phases      ] GC(386483)   Pre Evacuate Collection Set: 0.0ms
[2020-12-25T04:49:53.895-0400][gc,phases      ] GC(386483)   Evacuate Collection Set: 3.6ms
[2020-12-25T04:49:53.895-0400][gc,phases      ] GC(386483)   Post Evacuate Collection Set: 1.5ms
[2020-12-25T04:49:53.896-0400][gc,phases      ] GC(386483)   Other: 0.9ms
[2020-12-25T04:49:53.896-0400][gc,heap        ] GC(386483) Eden regions: 10->0(10)
[2020-12-25T04:49:53.896-0400][gc,heap        ] GC(386483) Survivor regions: 1->1(2)
[2020-12-25T04:49:53.896-0400][gc,heap        ] GC(386483) Old regions: 47->47
[2020-12-25T04:49:53.896-0400][gc,heap        ] GC(386483) Humongous regions: 4->4
[2020-12-25T04:49:53.896-0400][gc,metaspace   ] GC(386483) Metaspace: 61036K->61036K(1107968K)
[2020-12-25T04:49:53.896-0400][gc,heap        ] GC(386483) Heap after GC invocations=386459 (full 11316): garbage-first heap   total 73728K, used 48920K [0x0000000083000000, 0x0000000100000000)
[2020-12-25T04:49:53.896-0400][gc,heap        ] GC(386483)   region size 1024K, 1 young (1024K), 1 survivors (1024K)
[2020-12-25T04:49:53.896-0400][gc,heap        ] GC(386483)  Metaspace       used 61036K, capacity 63745K, committed 64768K, reserved 1107968K
[2020-12-25T04:49:53.896-0400][gc,heap        ] GC(386483)   class space    used 5715K, capacity 6563K, committed 6912K, reserved 1048576K
[2020-12-25T04:49:53.896-0400][gc             ] GC(386483) Pause Young (Normal) (G1 Evacuation Pause) 57M->47M(72M) 6.502ms
[2020-12-25T04:49:53.896-0400][gc,cpu         ] GC(386483) User=0.01s Sys=0.00s Real=0.01s
[2020-12-25T04:50:18.824-0400][gc,heap        ] GC(386484) Heap before GC invocations=386459 (full 11316): garbage-first heap   total 73728K, used 58136K [0x0000000083000000, 0x0000000100000000)
[2020-12-25T04:50:18.824-0400][gc,heap        ] GC(386484)   region size 1024K, 11 young (11264K), 1 survivors (1024K)
[2020-12-25T04:50:18.824-0400][gc,heap        ] GC(386484)  Metaspace       used 61036K, capacity 63745K, committed 64768K, reserved 1107968K
[2020-12-25T04:50:18.824-0400][gc,heap        ] GC(386484)   class space    used 5715K, capacity 6563K, committed 6912K, reserved 1048576K
[2020-12-25T04:50:18.824-0400][gc,start       ] GC(386484) Pause Young (Normal) (G1 Evacuation Pause)
[2020-12-25T04:50:18.824-0400][gc,task        ] GC(386484) Using 4 workers of 4 for evacuation
[2020-12-25T04:50:18.830-0400][gc,phases      ] GC(386484)   Pre Evacuate Collection Set: 0.0ms
[2020-12-25T04:50:18.830-0400][gc,phases      ] GC(386484)   Evacuate Collection Set: 3.4ms
[2020-12-25T04:50:18.830-0400][gc,phases      ] GC(386484)   Post Evacuate Collection Set: 1.5ms
[2020-12-25T04:50:18.830-0400][gc,phases      ] GC(386484)   Other: 0.8ms
[2020-12-25T04:50:18.830-0400][gc,heap        ] GC(386484) Eden regions: 10->0(10)
[2020-12-25T04:50:18.830-0400][gc,heap        ] GC(386484) Survivor regions: 1->1(2)
[2020-12-25T04:50:18.830-0400][gc,heap        ] GC(386484) Old regions: 47->47
[2020-12-25T04:50:18.830-0400][gc,heap        ] GC(386484) Humongous regions: 4->4
[2020-12-25T04:50:18.830-0400][gc,metaspace   ] GC(386484) Metaspace: 61036K->61036K(1107968K)
[2020-12-25T04:50:18.830-0400][gc,heap        ] GC(386484) Heap after GC invocations=386460 (full 11316): garbage-first heap   total 73728K, used 48917K [0x0000000083000000, 0x0000000100000000)
[2020-12-25T04:50:18.830-0400][gc,heap        ] GC(386484)   region size 1024K, 1 young (1024K), 1 survivors (1024K)
[2020-12-25T04:50:18.830-0400][gc,heap        ] GC(386484)  Metaspace       used 61036K, capacity 63745K, committed 64768K, reserved 1107968K
[2020-12-25T04:50:18.830-0400][gc,heap        ] GC(386484)   class space    used 5715K, capacity 6563K, committed 6912K, reserved 1048576K
[2020-12-25T04:50:18.830-0400][gc             ] GC(386484) Pause Young (Normal) (G1 Evacuation Pause) 57M->47M(72M) 6.228ms
[2020-12-25T04:50:18.831-0400][gc,cpu         ] GC(386484) User=0.01s Sys=0.01s Real=0.01s
[2020-12-25T04:50:54.286-0400][gc,heap        ] GC(386485) Heap before GC invocations=386460 (full 11316): garbage-first heap   total 73728K, used 58133K [0x0000000083000000, 0x0000000100000000)
[2020-12-25T04:50:54.286-0400][gc,heap        ] GC(386485)   region size 1024K, 11 young (11264K), 1 survivors (1024K)
[2020-12-25T04:50:54.286-0400][gc,heap        ] GC(386485)  Metaspace       used 61036K, capacity 63745K, committed 64768K, reserved 1107968K
[2020-12-25T04:50:54.286-0400][gc,heap        ] GC(386485)   class space    used 5715K, capacity 6563K, committed 6912K, reserved 1048576K
[2020-12-25T04:50:54.286-0400][gc,start       ] GC(386485) Pause Young (Normal) (G1 Evacuation Pause)
[2020-12-25T04:50:54.286-0400][gc,task        ] GC(386485) Using 4 workers of 4 for evacuation
[2020-12-25T04:50:54.292-0400][gc,phases      ] GC(386485)   Pre Evacuate Collection Set: 0.0ms
[2020-12-25T04:50:54.292-0400][gc,phases      ] GC(386485)   Evacuate Collection Set: 3.5ms
[2020-12-25T04:50:54.292-0400][gc,phases      ] GC(386485)   Post Evacuate Collection Set: 1.7ms
[2020-12-25T04:50:54.292-0400][gc,phases      ] GC(386485)   Other: 0.9ms
[2020-12-25T04:50:54.292-0400][gc,heap        ] GC(386485) Eden regions: 10->0(10)
[2020-12-25T04:50:54.292-0400][gc,heap        ] GC(386485) Survivor regions: 1->1(2)
[2020-12-25T04:50:54.292-0400][gc,heap        ] GC(386485) Old regions: 47->47
[2020-12-25T04:50:54.292-0400][gc,heap        ] GC(386485) Humongous regions: 4->4
[2020-12-25T04:50:54.292-0400][gc,metaspace   ] GC(386485) Metaspace: 61036K->61036K(1107968K)
[2020-12-25T04:50:54.292-0400][gc,heap        ] GC(386485) Heap after GC invocations=386461 (full 11316): garbage-first heap   total 73728K, used 48900K [0x0000000083000000, 0x0000000100000000)
[2020-12-25T04:50:54.292-0400][gc,heap        ] GC(386485)   region size 1024K, 1 young (1024K), 1 survivors (1024K)
[2020-12-25T04:50:54.292-0400][gc,heap        ] GC(386485)  Metaspace       used 61036K, capacity 63745K, committed 64768K, reserved 1107968K
[2020-12-25T04:50:54.292-0400][gc,heap        ] GC(386485)   class space    used 5715K, capacity 6563K, committed 6912K, reserved 1048576K
[2020-12-25T04:50:54.293-0400][gc             ] GC(386485) Pause Young (Normal) (G1 Evacuation Pause) 57M->47M(72M) 6.563ms
[2020-12-25T04:50:54.293-0400][gc,cpu         ] GC(386485) User=0.01s Sys=0.01s Real=0.00s
[2020-12-25T04:51:23.877-0400][gc,heap        ] GC(386486) Heap before GC invocations=386461 (full 11316): garbage-first heap   total 73728K, used 58116K [0x0000000083000000, 0x0000000100000000)
[2020-12-25T04:51:23.877-0400][gc,heap        ] GC(386486)   region size 1024K, 11 young (11264K), 1 survivors (1024K)
[2020-12-25T04:51:23.877-0400][gc,heap        ] GC(386486)  Metaspace       used 61036K, capacity 63745K, committed 64768K, reserved 1107968K
[2020-12-25T04:51:23.877-0400][gc,heap        ] GC(386486)   class space    used 5715K, capacity 6563K, committed 6912K, reserved 1048576K
[2020-12-25T04:51:23.877-0400][gc,start       ] GC(386486) Pause Young (Normal) (G1 Evacuation Pause)
[2020-12-25T04:51:23.877-0400][gc,task        ] GC(386486) Using 4 workers of 4 for evacuation
[2020-12-25T04:51:23.883-0400][gc,phases      ] GC(386486)   Pre Evacuate Collection Set: 0.0ms
[2020-12-25T04:51:23.883-0400][gc,phases      ] GC(386486)   Evacuate Collection Set: 3.3ms
[2020-12-25T04:51:23.883-0400][gc,phases      ] GC(386486)   Post Evacuate Collection Set: 1.6ms
[2020-12-25T04:51:23.883-0400][gc,phases      ] GC(386486)   Other: 0.9ms
[2020-12-25T04:51:23.883-0400][gc,heap        ] GC(386486) Eden regions: 10->0(10)
[2020-12-25T04:51:23.883-0400][gc,heap        ] GC(386486) Survivor regions: 1->1(2)
[2020-12-25T04:51:23.883-0400][gc,heap        ] GC(386486) Old regions: 47->47
[2020-12-25T04:51:23.883-0400][gc,heap        ] GC(386486) Humongous regions: 4->4
[2020-12-25T04:51:23.883-0400][gc,metaspace   ] GC(386486) Metaspace: 61036K->61036K(1107968K)
[2020-12-25T04:51:23.883-0400][gc,heap        ] GC(386486) Heap after GC invocations=386462 (full 11316): garbage-first heap   total 73728K, used 48940K [0x0000000083000000, 0x0000000100000000)
[2020-12-25T04:51:23.883-0400][gc,heap        ] GC(386486)   region size 1024K, 1 young (1024K), 1 survivors (1024K)
[2020-12-25T04:51:23.883-0400][gc,heap        ] GC(386486)  Metaspace       used 61036K, capacity 63745K, committed 64768K, reserved 1107968K
[2020-12-25T04:51:23.883-0400][gc,heap        ] GC(386486)   class space    used 5715K, capacity 6563K, committed 6912K, reserved 1048576K
[2020-12-25T04:51:23.883-0400][gc             ] GC(386486) Pause Young (Normal) (G1 Evacuation Pause) 57M->47M(72M) 6.149ms
[2020-12-25T04:51:23.884-0400][gc,cpu         ] GC(386486) User=0.01s Sys=0.00s Real=0.00s
[2020-12-25T04:51:47.592-0400][gc,heap        ] GC(386487) Heap before GC invocations=386462 (full 11316): garbage-first heap   total 73728K, used 58156K [0x0000000083000000, 0x0000000100000000)
[2020-12-25T04:51:47.592-0400][gc,heap        ] GC(386487)   region size 1024K, 11 young (11264K), 1 survivors (1024K)
[2020-12-25T04:51:47.592-0400][gc,heap        ] GC(386487)  Metaspace       used 61036K, capacity 63745K, committed 64768K, reserved 1107968K
[2020-12-25T04:51:47.592-0400][gc,heap        ] GC(386487)   class space    used 5715K, capacity 6563K, committed 6912K, reserved 1048576K
[2020-12-25T04:51:47.592-0400][gc,start       ] GC(386487) Pause Young (Normal) (G1 Evacuation Pause)
[2020-12-25T04:51:47.592-0400][gc,task        ] GC(386487) Using 4 workers of 4 for evacuation
[2020-12-25T04:51:47.599-0400][gc,phases      ] GC(386487)   Pre Evacuate Collection Set: 0.0ms
[2020-12-25T04:51:47.599-0400][gc,phases      ] GC(386487)   Evacuate Collection Set: 4.4ms
[2020-12-25T04:51:47.600-0400][gc,phases      ] GC(386487)   Post Evacuate Collection Set: 1.9ms
[2020-12-25T04:51:47.600-0400][gc,phases      ] GC(386487)   Other: 1.1ms
[2020-12-25T04:51:47.600-0400][gc,heap        ] GC(386487) Eden regions: 10->0(10)
[2020-12-25T04:51:47.600-0400][gc,heap        ] GC(386487) Survivor regions: 1->1(2)
[2020-12-25T04:51:47.600-0400][gc,heap        ] GC(386487) Old regions: 47->47
[2020-12-25T04:51:47.600-0400][gc,heap        ] GC(386487) Humongous regions: 4->4
[2020-12-25T04:51:47.600-0400][gc,metaspace   ] GC(386487) Metaspace: 61036K->61036K(1107968K)
[2020-12-25T04:51:47.600-0400][gc,heap        ] GC(386487) Heap after GC invocations=386463 (full 11316): garbage-first heap   total 73728K, used 49407K [0x0000000083000000, 0x0000000100000000)
[2020-12-25T04:51:47.600-0400][gc,heap        ] GC(386487)   region size 1024K, 1 young (1024K), 1 survivors (1024K)
[2020-12-25T04:51:47.600-0400][gc,heap        ] GC(386487)  Metaspace       used 61036K, capacity 63745K, committed 64768K, reserved 1107968K
[2020-12-25T04:51:47.600-0400][gc,heap        ] GC(386487)   class space    used 5715K, capacity 6563K, committed 6912K, reserved 1048576K
[2020-12-25T04:51:47.600-0400][gc             ] GC(386487) Pause Young (Normal) (G1 Evacuation Pause) 57M->48M(72M) 7.783ms
[2020-12-25T04:51:47.600-0400][gc,cpu         ] GC(386487) User=0.02s Sys=0.00s Real=0.01s
[2020-12-25T04:51:50.924-0400][gc,task        ] GC(386488) Using 3 workers of 4 for full compaction
[2020-12-25T04:51:50.924-0400][gc,start       ] GC(386488) Pause Full (System.gc())
[2020-12-25T04:51:50.924-0400][gc,heap        ] GC(386488) Heap before GC invocations=386463 (full 11316): garbage-first heap   total 73728K, used 53503K [0x0000000083000000, 0x0000000100000000)
[2020-12-25T04:51:50.924-0400][gc,heap        ] GC(386488)   region size 1024K, 7 young (7168K), 1 survivors (1024K)
[2020-12-25T04:51:50.924-0400][gc,heap        ] GC(386488)  Metaspace       used 61036K, capacity 63745K, committed 64768K, reserved 1107968K
[2020-12-25T04:51:50.924-0400][gc,heap        ] GC(386488)   class space    used 5715K, capacity 6563K, committed 6912K, reserved 1048576K
[2020-12-25T04:51:50.926-0400][gc,phases,start] GC(386488) Phase 1: Mark live objects
[2020-12-25T04:51:51.070-0400][gc,stringtable ] GC(386488) Cleaned string and symbol table, strings: 32208 processed, 1 removed, symbols: 131459 processed, 0 removed
[2020-12-25T04:51:51.070-0400][gc,phases      ] GC(386488) Phase 1: Mark live objects 143.752ms
[2020-12-25T04:51:51.070-0400][gc,phases,start] GC(386488) Phase 2: Prepare for compaction
[2020-12-25T04:51:51.100-0400][gc,phases      ] GC(386488) Phase 2: Prepare for compaction 29.810ms
[2020-12-25T04:51:51.100-0400][gc,phases,start] GC(386488) Phase 3: Adjust pointers
[2020-12-25T04:51:51.176-0400][gc,phases      ] GC(386488) Phase 3: Adjust pointers 76.236ms
[2020-12-25T04:51:51.176-0400][gc,phases,start] GC(386488) Phase 4: Compact heap
[2020-12-25T04:51:51.202-0400][gc,phases      ] GC(386488) Phase 4: Compact heap 25.543ms
[2020-12-25T04:51:51.237-0400][gc,heap        ] GC(386488) Eden regions: 6->0(12)
[2020-12-25T04:51:51.237-0400][gc,heap        ] GC(386488) Survivor regions: 1->0(2)
[2020-12-25T04:51:51.237-0400][gc,heap        ] GC(386488) Old regions: 47->46
[2020-12-25T04:51:51.237-0400][gc,heap        ] GC(386488) Humongous regions: 4->4
[2020-12-25T04:51:51.237-0400][gc,metaspace   ] GC(386488) Metaspace: 61036K->61036K(1107968K)
[2020-12-25T04:51:51.237-0400][gc,heap        ] GC(386488) Heap after GC invocations=386464 (full 11317): garbage-first heap   total 73728K, used 48514K [0x0000000083000000, 0x0000000100000000)
[2020-12-25T04:51:51.238-0400][gc,heap        ] GC(386488)   region size 1024K, 0 young (0K), 0 survivors (0K)
[2020-12-25T04:51:51.238-0400][gc,heap        ] GC(386488)  Metaspace       used 61036K, capacity 63745K, committed 64768K, reserved 1107968K
[2020-12-25T04:51:51.238-0400][gc,heap        ] GC(386488)   class space    used 5715K, capacity 6563K, committed 6912K, reserved 1048576K
[2020-12-25T04:51:51.238-0400][gc             ] GC(386488) Pause Full (System.gc()) 53M->47M(72M) 314.063ms
[2020-12-25T04:51:51.238-0400][gc,cpu         ] GC(386488) User=0.66s Sys=0.17s Real=0.32s
[2020-12-25T04:52:24.711-0400][gc,heap        ] GC(386489) Heap before GC invocations=386464 (full 11317): garbage-first heap   total 73728K, used 59778K [0x0000000083000000, 0x0000000100000000)
[2020-12-25T04:52:24.711-0400][gc,heap        ] GC(386489)   region size 1024K, 12 young (12288K), 0 survivors (0K)
[2020-12-25T04:52:24.711-0400][gc,heap        ] GC(386489)  Metaspace       used 61036K, capacity 63745K, committed 64768K, reserved 1107968K
[2020-12-25T04:52:24.712-0400][gc,heap        ] GC(386489)   class space    used 5715K, capacity 6563K, committed 6912K, reserved 1048576K
[2020-12-25T04:52:24.712-0400][gc,start       ] GC(386489) Pause Young (Normal) (G1 Evacuation Pause)
[2020-12-25T04:52:24.712-0400][gc,task        ] GC(386489) Using 4 workers of 4 for evacuation
[2020-12-25T04:52:24.717-0400][gc,phases      ] GC(386489)   Pre Evacuate Collection Set: 0.0ms
[2020-12-25T04:52:24.717-0400][gc,phases      ] GC(386489)   Evacuate Collection Set: 3.2ms
[2020-12-25T04:52:24.717-0400][gc,phases      ] GC(386489)   Post Evacuate Collection Set: 1.9ms
[2020-12-25T04:52:24.718-0400][gc,phases      ] GC(386489)   Other: 0.9ms
[2020-12-25T04:52:24.718-0400][gc,heap        ] GC(386489) Eden regions: 12->0(11)
[2020-12-25T04:52:24.718-0400][gc,heap        ] GC(386489) Survivor regions: 0->1(2)
[2020-12-25T04:52:24.718-0400][gc,heap        ] GC(386489) Old regions: 46->46
[2020-12-25T04:52:24.718-0400][gc,heap        ] GC(386489) Humongous regions: 4->4
[2020-12-25T04:52:24.718-0400][gc,metaspace   ] GC(386489) Metaspace: 61036K->61036K(1107968K)
[2020-12-25T04:52:24.718-0400][gc,heap        ] GC(386489) Heap after GC invocations=386465 (full 11317): garbage-first heap   total 73728K, used 48855K [0x0000000083000000, 0x0000000100000000)
[2020-12-25T04:52:24.718-0400][gc,heap        ] GC(386489)   region size 1024K, 1 young (1024K), 1 survivors (1024K)
[2020-12-25T04:52:24.718-0400][gc,heap        ] GC(386489)  Metaspace       used 61036K, capacity 63745K, committed 64768K, reserved 1107968K
[2020-12-25T04:52:24.718-0400][gc,heap        ] GC(386489)   class space    used 5715K, capacity 6563K, committed 6912K, reserved 1048576K
[2020-12-25T04:52:24.718-0400][gc             ] GC(386489) Pause Young (Normal) (G1 Evacuation Pause) 59M->47M(72M) 6.419ms
[2020-12-25T04:52:24.718-0400][gc,cpu         ] GC(386489) User=0.01s Sys=0.00s Real=0.01s
[2020-12-25T04:52:57.483-0400][gc,heap        ] GC(386490) Heap before GC invocations=386465 (full 11317): garbage-first heap   total 73728K, used 59095K [0x0000000083000000, 0x0000000100000000)
[2020-12-25T04:52:57.483-0400][gc,heap        ] GC(386490)   region size 1024K, 12 young (12288K), 1 survivors (1024K)
[2020-12-25T04:52:57.483-0400][gc,heap        ] GC(386490)  Metaspace       used 61036K, capacity 63745K, committed 64768K, reserved 1107968K
[2020-12-25T04:52:57.483-0400][gc,heap        ] GC(386490)   class space    used 5715K, capacity 6563K, committed 6912K, reserved 1048576K
[2020-12-25T04:52:57.483-0400][gc,start       ] GC(386490) Pause Young (Normal) (G1 Evacuation Pause)
[2020-12-25T04:52:57.483-0400][gc,task        ] GC(386490) Using 4 workers of 4 for evacuation
[2020-12-25T04:52:57.489-0400][gc,phases      ] GC(386490)   Pre Evacuate Collection Set: 0.0ms
[2020-12-25T04:52:57.489-0400][gc,phases      ] GC(386490)   Evacuate Collection Set: 3.1ms
[2020-12-25T04:52:57.489-0400][gc,phases      ] GC(386490)   Post Evacuate Collection Set: 1.9ms
[2020-12-25T04:52:57.489-0400][gc,phases      ] GC(386490)   Other: 0.8ms
[2020-12-25T04:52:57.489-0400][gc,heap        ] GC(386490) Eden regions: 11->0(11)
[2020-12-25T04:52:57.489-0400][gc,heap        ] GC(386490) Survivor regions: 1->1(2)
[2020-12-25T04:52:57.489-0400][gc,heap        ] GC(386490) Old regions: 46->46
[2020-12-25T04:52:57.489-0400][gc,heap        ] GC(386490) Humongous regions: 4->4
[2020-12-25T04:52:57.489-0400][gc,metaspace   ] GC(386490) Metaspace: 61036K->61036K(1107968K)
[2020-12-25T04:52:57.489-0400][gc,heap        ] GC(386490) Heap after GC invocations=386466 (full 11317): garbage-first heap   total 73728K, used 48839K [0x0000000083000000, 0x0000000100000000)
[2020-12-25T04:52:57.489-0400][gc,heap        ] GC(386490)   region size 1024K, 1 young (1024K), 1 survivors (1024K)
[2020-12-25T04:52:57.489-0400][gc,heap        ] GC(386490)  Metaspace       used 61036K, capacity 63745K, committed 64768K, reserved 1107968K
[2020-12-25T04:52:57.489-0400][gc,heap        ] GC(386490)   class space    used 5715K, capacity 6563K, committed 6912K, reserved 1048576K
[2020-12-25T04:52:57.489-0400][gc             ] GC(386490) Pause Young (Normal) (G1 Evacuation Pause) 58M->47M(72M) 6.236ms
[2020-12-25T04:52:57.490-0400][gc,cpu         ] GC(386490) User=0.01s Sys=0.00s Real=0.01s
[2020-12-25T04:53:27.137-0400][gc,heap        ] GC(386491) Heap before GC invocations=386466 (full 11317): garbage-first heap   total 73728K, used 59079K [0x0000000083000000, 0x0000000100000000)
[2020-12-25T04:53:27.137-0400][gc,heap        ] GC(386491)   region size 1024K, 12 young (12288K), 1 survivors (1024K)
[2020-12-25T04:53:27.137-0400][gc,heap        ] GC(386491)  Metaspace       used 61036K, capacity 63745K, committed 64768K, reserved 1107968K
[2020-12-25T04:53:27.138-0400][gc,heap        ] GC(386491)   class space    used 5715K, capacity 6563K, committed 6912K, reserved 1048576K
[2020-12-25T04:53:27.138-0400][gc,start       ] GC(386491) Pause Young (Normal) (G1 Evacuation Pause)
[2020-12-25T04:53:27.138-0400][gc,task        ] GC(386491) Using 4 workers of 4 for evacuation
[2020-12-25T04:53:27.143-0400][gc,phases      ] GC(386491)   Pre Evacuate Collection Set: 0.0ms
[2020-12-25T04:53:27.143-0400][gc,phases      ] GC(386491)   Evacuate Collection Set: 3.2ms
[2020-12-25T04:53:27.143-0400][gc,phases      ] GC(386491)   Post Evacuate Collection Set: 1.7ms
[2020-12-25T04:53:27.143-0400][gc,phases      ] GC(386491)   Other: 0.9ms
[2020-12-25T04:53:27.143-0400][gc,heap        ] GC(386491) Eden regions: 11->0(11)
[2020-12-25T04:53:27.143-0400][gc,heap        ] GC(386491) Survivor regions: 1->1(2)
[2020-12-25T04:53:27.143-0400][gc,heap        ] GC(386491) Old regions: 46->46
[2020-12-25T04:53:27.143-0400][gc,heap        ] GC(386491) Humongous regions: 4->4
[2020-12-25T04:53:27.144-0400][gc,metaspace   ] GC(386491) Metaspace: 61036K->61036K(1107968K)
[2020-12-25T04:53:27.144-0400][gc,heap        ] GC(386491) Heap after GC invocations=386467 (full 11317): garbage-first heap   total 73728K, used 48892K [0x0000000083000000, 0x0000000100000000)
[2020-12-25T04:53:27.144-0400][gc,heap        ] GC(386491)   region size 1024K, 1 young (1024K), 1 survivors (1024K)
[2020-12-25T04:53:27.144-0400][gc,heap        ] GC(386491)  Metaspace       used 61036K, capacity 63745K, committed 64768K, reserved 1107968K
[2020-12-25T04:53:27.144-0400][gc,heap        ] GC(386491)   class space    used 5715K, capacity 6563K, committed 6912K, reserved 1048576K
[2020-12-25T04:53:27.144-0400][gc             ] GC(386491) Pause Young (Normal) (G1 Evacuation Pause) 58M->47M(72M) 6.153ms
[2020-12-25T04:53:27.144-0400][gc,cpu         ] GC(386491) User=0.01s Sys=0.01s Real=0.00s
[2020-12-25T04:54:05.095-0400][gc,heap        ] GC(386492) Heap before GC invocations=386467 (full 11317): garbage-first heap   total 73728K, used 59132K [0x0000000083000000, 0x0000000100000000)
[2020-12-25T04:54:05.095-0400][gc,heap        ] GC(386492)   region size 1024K, 12 young (12288K), 1 survivors (1024K)
[2020-12-25T04:54:05.095-0400][gc,heap        ] GC(386492)  Metaspace       used 61036K, capacity 63745K, committed 64768K, reserved 1107968K
[2020-12-25T04:54:05.095-0400][gc,heap        ] GC(386492)   class space    used 5715K, capacity 6563K, committed 6912K, reserved 1048576K
[2020-12-25T04:54:05.096-0400][gc,start       ] GC(386492) Pause Young (Normal) (G1 Evacuation Pause)
[2020-12-25T04:54:05.096-0400][gc,task        ] GC(386492) Using 4 workers of 4 for evacuation
[2020-12-25T04:54:05.101-0400][gc,phases      ] GC(386492)   Pre Evacuate Collection Set: 0.0ms
[2020-12-25T04:54:05.102-0400][gc,phases      ] GC(386492)   Evacuate Collection Set: 3.9ms
[2020-12-25T04:54:05.102-0400][gc,phases      ] GC(386492)   Post Evacuate Collection Set: 1.5ms
[2020-12-25T04:54:05.102-0400][gc,phases      ] GC(386492)   Other: 0.9ms
[2020-12-25T04:54:05.102-0400][gc,heap        ] GC(386492) Eden regions: 11->0(11)
[2020-12-25T04:54:05.102-0400][gc,heap        ] GC(386492) Survivor regions: 1->1(2)
[2020-12-25T04:54:05.102-0400][gc,heap        ] GC(386492) Old regions: 46->46
[2020-12-25T04:54:05.102-0400][gc,heap        ] GC(386492) Humongous regions: 4->4
[2020-12-25T04:54:05.102-0400][gc,metaspace   ] GC(386492) Metaspace: 61036K->61036K(1107968K)
[2020-12-25T04:54:05.102-0400][gc,heap        ] GC(386492) Heap after GC invocations=386468 (full 11317): garbage-first heap   total 73728K, used 48947K [0x0000000083000000, 0x0000000100000000)
[2020-12-25T04:54:05.102-0400][gc,heap        ] GC(386492)   region size 1024K, 1 young (1024K), 1 survivors (1024K)
[2020-12-25T04:54:05.102-0400][gc,heap        ] GC(386492)  Metaspace       used 61036K, capacity 63745K, committed 64768K, reserved 1107968K
[2020-12-25T04:54:05.102-0400][gc,heap        ] GC(386492)   class space    used 5715K, capacity 6563K, committed 6912K, reserved 1048576K
[2020-12-25T04:54:05.102-0400][gc             ] GC(386492) Pause Young (Normal) (G1 Evacuation Pause) 58M->47M(72M) 6.664ms
[2020-12-25T04:54:05.102-0400][gc,cpu         ] GC(386492) User=0.00s Sys=0.02s Real=0.01s
[2020-12-25T04:54:35.581-0400][gc,heap        ] GC(386493) Heap before GC invocations=386468 (full 11317): garbage-first heap   total 73728K, used 60211K [0x0000000083000000, 0x0000000100000000)
[2020-12-25T04:54:35.582-0400][gc,heap        ] GC(386493)   region size 1024K, 12 young (12288K), 1 survivors (1024K)
[2020-12-25T04:54:35.582-0400][gc,heap        ] GC(386493)  Metaspace       used 61036K, capacity 63745K, committed 64768K, reserved 1107968K
[2020-12-25T04:54:35.582-0400][gc,heap        ] GC(386493)   class space    used 5715K, capacity 6563K, committed 6912K, reserved 1048576K
[2020-12-25T04:54:35.582-0400][gc,start       ] GC(386493) Pause Young (Normal) (G1 Evacuation Pause)
[2020-12-25T04:54:35.582-0400][gc,task        ] GC(386493) Using 4 workers of 4 for evacuation
[2020-12-25T04:54:35.587-0400][gc,phases      ] GC(386493)   Pre Evacuate Collection Set: 0.0ms
[2020-12-25T04:54:35.588-0400][gc,phases      ] GC(386493)   Evacuate Collection Set: 3.7ms
[2020-12-25T04:54:35.588-0400][gc,phases      ] GC(386493)   Post Evacuate Collection Set: 1.5ms
[2020-12-25T04:54:35.588-0400][gc,phases      ] GC(386493)   Other: 0.9ms
[2020-12-25T04:54:35.588-0400][gc,heap        ] GC(386493) Eden regions: 11->0(11)
[2020-12-25T04:54:35.588-0400][gc,heap        ] GC(386493) Survivor regions: 1->1(2)
[2020-12-25T04:54:35.588-0400][gc,heap        ] GC(386493) Old regions: 46->46
[2020-12-25T04:54:35.588-0400][gc,heap        ] GC(386493) Humongous regions: 4->4
[2020-12-25T04:54:35.588-0400][gc,metaspace   ] GC(386493) Metaspace: 61036K->61036K(1107968K)
[2020-12-25T04:54:35.588-0400][gc,heap        ] GC(386493) Heap after GC invocations=386469 (full 11317): garbage-first heap   total 73728K, used 49090K [0x0000000083000000, 0x0000000100000000)
[2020-12-25T04:54:35.588-0400][gc,heap        ] GC(386493)   region size 1024K, 1 young (1024K), 1 survivors (1024K)
[2020-12-25T04:54:35.588-0400][gc,heap        ] GC(386493)  Metaspace       used 61036K, capacity 63745K, committed 64768K, reserved 1107968K
[2020-12-25T04:54:35.588-0400][gc,heap        ] GC(386493)   class space    used 5715K, capacity 6563K, committed 6912K, reserved 1048576K
[2020-12-25T04:54:35.588-0400][gc             ] GC(386493) Pause Young (Normal) (G1 Evacuation Pause) 58M->47M(72M) 6.528ms
[2020-12-25T04:54:35.588-0400][gc,cpu         ] GC(386493) User=0.01s Sys=0.00s Real=0.01s
[2020-12-25T04:55:06.468-0400][gc,heap        ] GC(386494) Heap before GC invocations=386469 (full 11317): garbage-first heap   total 73728K, used 59330K [0x0000000083000000, 0x0000000100000000)
[2020-12-25T04:55:06.468-0400][gc,heap        ] GC(386494)   region size 1024K, 12 young (12288K), 1 survivors (1024K)
[2020-12-25T04:55:06.468-0400][gc,heap        ] GC(386494)  Metaspace       used 61036K, capacity 63745K, committed 64768K, reserved 1107968K
[2020-12-25T04:55:06.468-0400][gc,heap        ] GC(386494)   class space    used 5715K, capacity 6563K, committed 6912K, reserved 1048576K
[2020-12-25T04:55:06.469-0400][gc,start       ] GC(386494) Pause Young (Normal) (G1 Evacuation Pause)
[2020-12-25T04:55:06.469-0400][gc,task        ] GC(386494) Using 4 workers of 4 for evacuation
[2020-12-25T04:55:06.475-0400][gc,phases      ] GC(386494)   Pre Evacuate Collection Set: 0.0ms
[2020-12-25T04:55:06.475-0400][gc,phases      ] GC(386494)   Evacuate Collection Set: 4.0ms
[2020-12-25T04:55:06.475-0400][gc,phases      ] GC(386494)   Post Evacuate Collection Set: 1.6ms
[2020-12-25T04:55:06.475-0400][gc,phases      ] GC(386494)   Other: 0.9ms
[2020-12-25T04:55:06.475-0400][gc,heap        ] GC(386494) Eden regions: 11->0(11)
[2020-12-25T04:55:06.475-0400][gc,heap        ] GC(386494) Survivor regions: 1->1(2)
[2020-12-25T04:55:06.475-0400][gc,heap        ] GC(386494) Old regions: 46->46
[2020-12-25T04:55:06.475-0400][gc,heap        ] GC(386494) Humongous regions: 4->4
[2020-12-25T04:55:06.475-0400][gc,metaspace   ] GC(386494) Metaspace: 61036K->61036K(1107968K)
[2020-12-25T04:55:06.475-0400][gc,heap        ] GC(386494) Heap after GC invocations=386470 (full 11317): garbage-first heap   total 73728K, used 49167K [0x0000000083000000, 0x0000000100000000)
[2020-12-25T04:55:06.475-0400][gc,heap        ] GC(386494)   region size 1024K, 1 young (1024K), 1 survivors (1024K)
[2020-12-25T04:55:06.475-0400][gc,heap        ] GC(386494)  Metaspace       used 61036K, capacity 63745K, committed 64768K, reserved 1107968K
[2020-12-25T04:55:06.475-0400][gc,heap        ] GC(386494)   class space    used 5715K, capacity 6563K, committed 6912K, reserved 1048576K
[2020-12-25T04:55:06.475-0400][gc             ] GC(386494) Pause Young (Normal) (G1 Evacuation Pause) 58M->48M(72M) 6.899ms
[2020-12-25T04:55:06.476-0400][gc,cpu         ] GC(386494) User=0.02s Sys=0.00s Real=0.00s
[2020-12-25T04:55:39.924-0400][gc,heap        ] GC(386495) Heap before GC invocations=386470 (full 11317): garbage-first heap   total 73728K, used 59407K [0x0000000083000000, 0x0000000100000000)
[2020-12-25T04:55:39.924-0400][gc,heap        ] GC(386495)   region size 1024K, 12 young (12288K), 1 survivors (1024K)
[2020-12-25T04:55:39.924-0400][gc,heap        ] GC(386495)  Metaspace       used 61036K, capacity 63745K, committed 64768K, reserved 1107968K
[2020-12-25T04:55:39.924-0400][gc,heap        ] GC(386495)   class space    used 5715K, capacity 6563K, committed 6912K, reserved 1048576K
[2020-12-25T04:55:39.924-0400][gc,start       ] GC(386495) Pause Young (Normal) (G1 Evacuation Pause)
[2020-12-25T04:55:39.924-0400][gc,task        ] GC(386495) Using 4 workers of 4 for evacuation
[2020-12-25T04:55:39.930-0400][gc,phases      ] GC(386495)   Pre Evacuate Collection Set: 0.0ms
[2020-12-25T04:55:39.930-0400][gc,phases      ] GC(386495)   Evacuate Collection Set: 4.0ms
[2020-12-25T04:55:39.930-0400][gc,phases      ] GC(386495)   Post Evacuate Collection Set: 1.6ms
[2020-12-25T04:55:39.930-0400][gc,phases      ] GC(386495)   Other: 1.0ms
[2020-12-25T04:55:39.930-0400][gc,heap        ] GC(386495) Eden regions: 11->0(11)
[2020-12-25T04:55:39.930-0400][gc,heap        ] GC(386495) Survivor regions: 1->1(2)
[2020-12-25T04:55:39.931-0400][gc,heap        ] GC(386495) Old regions: 46->46
[2020-12-25T04:55:39.931-0400][gc,heap        ] GC(386495) Humongous regions: 4->4
[2020-12-25T04:55:39.931-0400][gc,metaspace   ] GC(386495) Metaspace: 61036K->61036K(1107968K)
[2020-12-25T04:55:39.931-0400][gc,heap        ] GC(386495) Heap after GC invocations=386471 (full 11317): garbage-first heap   total 73728K, used 49181K [0x0000000083000000, 0x0000000100000000)
[2020-12-25T04:55:39.931-0400][gc,heap        ] GC(386495)   region size 1024K, 1 young (1024K), 1 survivors (1024K)
[2020-12-25T04:55:39.931-0400][gc,heap        ] GC(386495)  Metaspace       used 61036K, capacity 63745K, committed 64768K, reserved 1107968K
[2020-12-25T04:55:39.931-0400][gc,heap        ] GC(386495)   class space    used 5715K, capacity 6563K, committed 6912K, reserved 1048576K
[2020-12-25T04:55:39.931-0400][gc             ] GC(386495) Pause Young (Normal) (G1 Evacuation Pause) 59M->48M(72M) 6.961ms
[2020-12-25T04:55:39.931-0400][gc,cpu         ] GC(386495) User=0.02s Sys=0.00s Real=0.01s
[2020-12-25T04:56:07.178-0400][gc,heap        ] GC(386496) Heap before GC invocations=386471 (full 11317): garbage-first heap   total 73728K, used 59421K [0x0000000083000000, 0x0000000100000000)
[2020-12-25T04:56:07.178-0400][gc,heap        ] GC(386496)   region size 1024K, 12 young (12288K), 1 survivors (1024K)
[2020-12-25T04:56:07.178-0400][gc,heap        ] GC(386496)  Metaspace       used 61036K, capacity 63745K, committed 64768K, reserved 1107968K
[2020-12-25T04:56:07.178-0400][gc,heap        ] GC(386496)   class space    used 5715K, capacity 6563K, committed 6912K, reserved 1048576K
[2020-12-25T04:56:07.178-0400][gc,start       ] GC(386496) Pause Young (Normal) (G1 Evacuation Pause)
[2020-12-25T04:56:07.178-0400][gc,task        ] GC(386496) Using 4 workers of 4 for evacuation
[2020-12-25T04:56:07.185-0400][gc,phases      ] GC(386496)   Pre Evacuate Collection Set: 0.0ms
[2020-12-25T04:56:07.185-0400][gc,phases      ] GC(386496)   Evacuate Collection Set: 4.6ms
[2020-12-25T04:56:07.185-0400][gc,phases      ] GC(386496)   Post Evacuate Collection Set: 1.6ms
[2020-12-25T04:56:07.185-0400][gc,phases      ] GC(386496)   Other: 1.0ms
[2020-12-25T04:56:07.185-0400][gc,heap        ] GC(386496) Eden regions: 11->0(11)
[2020-12-25T04:56:07.185-0400][gc,heap        ] GC(386496) Survivor regions: 1->1(2)
[2020-12-25T04:56:07.186-0400][gc,heap        ] GC(386496) Old regions: 46->46
[2020-12-25T04:56:07.186-0400][gc,heap        ] GC(386496) Humongous regions: 4->4
[2020-12-25T04:56:07.186-0400][gc,metaspace   ] GC(386496) Metaspace: 61036K->61036K(1107968K)
[2020-12-25T04:56:07.186-0400][gc,heap        ] GC(386496) Heap after GC invocations=386472 (full 11317): garbage-first heap   total 73728K, used 49332K [0x0000000083000000, 0x0000000100000000)
[2020-12-25T04:56:07.186-0400][gc,heap        ] GC(386496)   region size 1024K, 1 young (1024K), 1 survivors (1024K)
[2020-12-25T04:56:07.186-0400][gc,heap        ] GC(386496)  Metaspace       used 61036K, capacity 63745K, committed 64768K, reserved 1107968K
[2020-12-25T04:56:07.186-0400][gc,heap        ] GC(386496)   class space    used 5715K, capacity 6563K, committed 6912K, reserved 1048576K
[2020-12-25T04:56:07.186-0400][gc             ] GC(386496) Pause Young (Normal) (G1 Evacuation Pause) 59M->48M(72M) 7.602ms
[2020-12-25T04:56:07.186-0400][gc,cpu         ] GC(386496) User=0.01s Sys=0.01s Real=0.01s
[2020-12-25T04:56:42.848-0400][gc,heap        ] GC(386497) Heap before GC invocations=386472 (full 11317): garbage-first heap   total 73728K, used 59572K [0x0000000083000000, 0x0000000100000000)
[2020-12-25T04:56:42.848-0400][gc,heap        ] GC(386497)   region size 1024K, 12 young (12288K), 1 survivors (1024K)
[2020-12-25T04:56:42.848-0400][gc,heap        ] GC(386497)  Metaspace       used 61036K, capacity 63745K, committed 64768K, reserved 1107968K
[2020-12-25T04:56:42.848-0400][gc,heap        ] GC(386497)   class space    used 5715K, capacity 6563K, committed 6912K, reserved 1048576K
[2020-12-25T04:56:42.849-0400][gc,start       ] GC(386497) Pause Young (Normal) (G1 Evacuation Pause)
[2020-12-25T04:56:42.849-0400][gc,task        ] GC(386497) Using 4 workers of 4 for evacuation
[2020-12-25T04:56:42.855-0400][gc,phases      ] GC(386497)   Pre Evacuate Collection Set: 0.0ms
[2020-12-25T04:56:42.855-0400][gc,phases      ] GC(386497)   Evacuate Collection Set: 3.7ms
[2020-12-25T04:56:42.855-0400][gc,phases      ] GC(386497)   Post Evacuate Collection Set: 1.7ms
[2020-12-25T04:56:42.855-0400][gc,phases      ] GC(386497)   Other: 0.9ms
[2020-12-25T04:56:42.855-0400][gc,heap        ] GC(386497) Eden regions: 11->0(11)
[2020-12-25T04:56:42.855-0400][gc,heap        ] GC(386497) Survivor regions: 1->1(2)
[2020-12-25T04:56:42.855-0400][gc,heap        ] GC(386497) Old regions: 46->46
[2020-12-25T04:56:42.855-0400][gc,heap        ] GC(386497) Humongous regions: 4->4
[2020-12-25T04:56:42.855-0400][gc,metaspace   ] GC(386497) Metaspace: 61036K->61036K(1107968K)
[2020-12-25T04:56:42.855-0400][gc,heap        ] GC(386497) Heap after GC invocations=386473 (full 11317): garbage-first heap   total 73728K, used 49118K [0x0000000083000000, 0x0000000100000000)
[2020-12-25T04:56:42.855-0400][gc,heap        ] GC(386497)   region size 1024K, 1 young (1024K), 1 survivors (1024K)
[2020-12-25T04:56:42.855-0400][gc,heap        ] GC(386497)  Metaspace       used 61036K, capacity 63745K, committed 64768K, reserved 1107968K
[2020-12-25T04:56:42.855-0400][gc,heap        ] GC(386497)   class space    used 5715K, capacity 6563K, committed 6912K, reserved 1048576K
[2020-12-25T04:56:42.855-0400][gc             ] GC(386497) Pause Young (Normal) (G1 Evacuation Pause) 59M->47M(72M) 6.880ms
[2020-12-25T04:56:42.856-0400][gc,cpu         ] GC(386497) User=0.01s Sys=0.01s Real=0.00s
[2020-12-25T04:56:50.924-0400][gc,task        ] GC(386498) Using 3 workers of 4 for full compaction
[2020-12-25T04:56:50.924-0400][gc,start       ] GC(386498) Pause Full (System.gc())
[2020-12-25T04:56:50.924-0400][gc,heap        ] GC(386498) Heap before GC invocations=386473 (full 11317): garbage-first heap   total 73728K, used 51166K [0x0000000083000000, 0x0000000100000000)
[2020-12-25T04:56:50.924-0400][gc,heap        ] GC(386498)   region size 1024K, 4 young (4096K), 1 survivors (1024K)
[2020-12-25T04:56:50.924-0400][gc,heap        ] GC(386498)  Metaspace       used 61036K, capacity 63745K, committed 64768K, reserved 1107968K
[2020-12-25T04:56:50.924-0400][gc,heap        ] GC(386498)   class space    used 5715K, capacity 6563K, committed 6912K, reserved 1048576K
[2020-12-25T04:56:50.927-0400][gc,phases,start] GC(386498) Phase 1: Mark live objects
[2020-12-25T04:56:51.069-0400][gc,stringtable ] GC(386498) Cleaned string and symbol table, strings: 32207 processed, 0 removed, symbols: 131459 processed, 0 removed
[2020-12-25T04:56:51.069-0400][gc,phases      ] GC(386498) Phase 1: Mark live objects 142.454ms
[2020-12-25T04:56:51.069-0400][gc,phases,start] GC(386498) Phase 2: Prepare for compaction
[2020-12-25T04:56:51.099-0400][gc,phases      ] GC(386498) Phase 2: Prepare for compaction 29.815ms
[2020-12-25T04:56:51.099-0400][gc,phases,start] GC(386498) Phase 3: Adjust pointers
[2020-12-25T04:56:51.178-0400][gc,phases      ] GC(386498) Phase 3: Adjust pointers 78.867ms
[2020-12-25T04:56:51.178-0400][gc,phases,start] GC(386498) Phase 4: Compact heap
[2020-12-25T04:56:51.201-0400][gc,phases      ] GC(386498) Phase 4: Compact heap 22.841ms
[2020-12-25T04:56:51.236-0400][gc,heap        ] GC(386498) Eden regions: 3->0(11)
[2020-12-25T04:56:51.236-0400][gc,heap        ] GC(386498) Survivor regions: 1->0(2)
[2020-12-25T04:56:51.236-0400][gc,heap        ] GC(386498) Old regions: 46->45
[2020-12-25T04:56:51.237-0400][gc,heap        ] GC(386498) Humongous regions: 4->4
[2020-12-25T04:56:51.237-0400][gc,metaspace   ] GC(386498) Metaspace: 61036K->61036K(1107968K)
[2020-12-25T04:56:51.237-0400][gc,heap        ] GC(386498) Heap after GC invocations=386474 (full 11318): garbage-first heap   total 71680K, used 48578K [0x0000000083000000, 0x0000000100000000)
[2020-12-25T04:56:51.237-0400][gc,heap        ] GC(386498)   region size 1024K, 0 young (0K), 0 survivors (0K)
[2020-12-25T04:56:51.237-0400][gc,heap        ] GC(386498)  Metaspace       used 61036K, capacity 63745K, committed 64768K, reserved 1107968K
[2020-12-25T04:56:51.237-0400][gc,heap        ] GC(386498)   class space    used 5715K, capacity 6563K, committed 6912K, reserved 1048576K
[2020-12-25T04:56:51.237-0400][gc             ] GC(386498) Pause Full (System.gc()) 50M->47M(70M) 312.777ms
[2020-12-25T04:56:51.237-0400][gc,cpu         ] GC(386498) User=0.84s Sys=0.00s Real=0.32s
[2020-12-25T04:57:25.457-0400][gc,heap        ] GC(386499) Heap before GC invocations=386474 (full 11318): garbage-first heap   total 71680K, used 58818K [0x0000000083000000, 0x0000000100000000)
[2020-12-25T04:57:25.457-0400][gc,heap        ] GC(386499)   region size 1024K, 11 young (11264K), 0 survivors (0K)
[2020-12-25T04:57:25.457-0400][gc,heap        ] GC(386499)  Metaspace       used 61036K, capacity 63745K, committed 64768K, reserved 1107968K
[2020-12-25T04:57:25.457-0400][gc,heap        ] GC(386499)   class space    used 5715K, capacity 6563K, committed 6912K, reserved 1048576K
[2020-12-25T04:57:25.457-0400][gc,start       ] GC(386499) Pause Young (Normal) (G1 Evacuation Pause)
[2020-12-25T04:57:25.457-0400][gc,task        ] GC(386499) Using 4 workers of 4 for evacuation
[2020-12-25T04:57:25.462-0400][gc,phases      ] GC(386499)   Pre Evacuate Collection Set: 0.0ms
[2020-12-25T04:57:25.462-0400][gc,phases      ] GC(386499)   Evacuate Collection Set: 2.8ms
[2020-12-25T04:57:25.462-0400][gc,phases      ] GC(386499)   Post Evacuate Collection Set: 2.1ms
[2020-12-25T04:57:25.463-0400][gc,phases      ] GC(386499)   Other: 0.8ms
[2020-12-25T04:57:25.463-0400][gc,heap        ] GC(386499) Eden regions: 11->0(11)
[2020-12-25T04:57:25.463-0400][gc,heap        ] GC(386499) Survivor regions: 0->1(2)
[2020-12-25T04:57:25.463-0400][gc,heap        ] GC(386499) Old regions: 45->45
[2020-12-25T04:57:25.463-0400][gc,heap        ] GC(386499) Humongous regions: 4->4
[2020-12-25T04:57:25.463-0400][gc,metaspace   ] GC(386499) Metaspace: 61036K->61036K(1107968K)
[2020-12-25T04:57:25.463-0400][gc,heap        ] GC(386499) Heap after GC invocations=386475 (full 11318): garbage-first heap   total 71680K, used 48876K [0x0000000083000000, 0x0000000100000000)
[2020-12-25T04:57:25.463-0400][gc,heap        ] GC(386499)   region size 1024K, 1 young (1024K), 1 survivors (1024K)
[2020-12-25T04:57:25.463-0400][gc,heap        ] GC(386499)  Metaspace       used 61036K, capacity 63745K, committed 64768K, reserved 1107968K
[2020-12-25T04:57:25.463-0400][gc,heap        ] GC(386499)   class space    used 5715K, capacity 6563K, committed 6912K, reserved 1048576K
[2020-12-25T04:57:25.463-0400][gc             ] GC(386499) Pause Young (Normal) (G1 Evacuation Pause) 58M->47M(70M) 6.159ms
[2020-12-25T04:57:25.463-0400][gc,cpu         ] GC(386499) User=0.01s Sys=0.00s Real=0.00s
[2020-12-25T04:58:03.105-0400][gc,heap        ] GC(386500) Heap before GC invocations=386475 (full 11318): garbage-first heap   total 71680K, used 60140K [0x0000000083000000, 0x0000000100000000)
[2020-12-25T04:58:03.106-0400][gc,heap        ] GC(386500)   region size 1024K, 12 young (12288K), 1 survivors (1024K)
[2020-12-25T04:58:03.106-0400][gc,heap        ] GC(386500)  Metaspace       used 61036K, capacity 63745K, committed 64768K, reserved 1107968K
[2020-12-25T04:58:03.106-0400][gc,heap        ] GC(386500)   class space    used 5715K, capacity 6563K, committed 6912K, reserved 1048576K
[2020-12-25T04:58:03.106-0400][gc,start       ] GC(386500) Pause Young (Normal) (G1 Evacuation Pause)
[2020-12-25T04:58:03.106-0400][gc,task        ] GC(386500) Using 4 workers of 4 for evacuation
[2020-12-25T04:58:03.111-0400][gc,phases      ] GC(386500)   Pre Evacuate Collection Set: 0.0ms
[2020-12-25T04:58:03.111-0400][gc,phases      ] GC(386500)   Evacuate Collection Set: 3.0ms
[2020-12-25T04:58:03.111-0400][gc,phases      ] GC(386500)   Post Evacuate Collection Set: 2.0ms
[2020-12-25T04:58:03.112-0400][gc,phases      ] GC(386500)   Other: 0.8ms
[2020-12-25T04:58:03.112-0400][gc,heap        ] GC(386500) Eden regions: 11->0(11)
[2020-12-25T04:58:03.112-0400][gc,heap        ] GC(386500) Survivor regions: 1->1(2)
[2020-12-25T04:58:03.112-0400][gc,heap        ] GC(386500) Old regions: 45->45
[2020-12-25T04:58:03.112-0400][gc,heap        ] GC(386500) Humongous regions: 4->4
[2020-12-25T04:58:03.112-0400][gc,metaspace   ] GC(386500) Metaspace: 61036K->61036K(1107968K)
[2020-12-25T04:58:03.112-0400][gc,heap        ] GC(386500) Heap after GC invocations=386476 (full 11318): garbage-first heap   total 71680K, used 48888K [0x0000000083000000, 0x0000000100000000)
[2020-12-25T04:58:03.112-0400][gc,heap        ] GC(386500)   region size 1024K, 1 young (1024K), 1 survivors (1024K)
[2020-12-25T04:58:03.112-0400][gc,heap        ] GC(386500)  Metaspace       used 61036K, capacity 63745K, committed 64768K, reserved 1107968K
[2020-12-25T04:58:03.112-0400][gc,heap        ] GC(386500)   class space    used 5715K, capacity 6563K, committed 6912K, reserved 1048576K
[2020-12-25T04:58:03.112-0400][gc             ] GC(386500) Pause Young (Normal) (G1 Evacuation Pause) 58M->47M(70M) 6.270ms
[2020-12-25T04:58:03.112-0400][gc,cpu         ] GC(386500) User=0.01s Sys=0.01s Real=0.00s
[2020-12-25T04:58:35.220-0400][gc,heap        ] GC(386501) Heap before GC invocations=386476 (full 11318): garbage-first heap   total 71680K, used 59128K [0x0000000083000000, 0x0000000100000000)
[2020-12-25T04:58:35.220-0400][gc,heap        ] GC(386501)   region size 1024K, 12 young (12288K), 1 survivors (1024K)
[2020-12-25T04:58:35.220-0400][gc,heap        ] GC(386501)  Metaspace       used 61036K, capacity 63745K, committed 64768K, reserved 1107968K
[2020-12-25T04:58:35.220-0400][gc,heap        ] GC(386501)   class space    used 5715K, capacity 6563K, committed 6912K, reserved 1048576K
[2020-12-25T04:58:35.221-0400][gc,start       ] GC(386501) Pause Young (Normal) (G1 Evacuation Pause)
[2020-12-25T04:58:35.221-0400][gc,task        ] GC(386501) Using 4 workers of 4 for evacuation
[2020-12-25T04:58:35.226-0400][gc,phases      ] GC(386501)   Pre Evacuate Collection Set: 0.0ms
[2020-12-25T04:58:35.226-0400][gc,phases      ] GC(386501)   Evacuate Collection Set: 3.1ms
[2020-12-25T04:58:35.226-0400][gc,phases      ] GC(386501)   Post Evacuate Collection Set: 1.6ms
[2020-12-25T04:58:35.226-0400][gc,phases      ] GC(386501)   Other: 0.8ms
[2020-12-25T04:58:35.226-0400][gc,heap        ] GC(386501) Eden regions: 11->0(11)
[2020-12-25T04:58:35.226-0400][gc,heap        ] GC(386501) Survivor regions: 1->1(2)
[2020-12-25T04:58:35.226-0400][gc,heap        ] GC(386501) Old regions: 45->45
[2020-12-25T04:58:35.226-0400][gc,heap        ] GC(386501) Humongous regions: 4->4
[2020-12-25T04:58:35.226-0400][gc,metaspace   ] GC(386501) Metaspace: 61036K->61036K(1107968K)
[2020-12-25T04:58:35.226-0400][gc,heap        ] GC(386501) Heap after GC invocations=386477 (full 11318): garbage-first heap   total 71680K, used 48908K [0x0000000083000000, 0x0000000100000000)
[2020-12-25T04:58:35.226-0400][gc,heap        ] GC(386501)   region size 1024K, 1 young (1024K), 1 survivors (1024K)
[2020-12-25T04:58:35.226-0400][gc,heap        ] GC(386501)  Metaspace       used 61036K, capacity 63745K, committed 64768K, reserved 1107968K
[2020-12-25T04:58:35.226-0400][gc,heap        ] GC(386501)   class space    used 5715K, capacity 6563K, committed 6912K, reserved 1048576K
[2020-12-25T04:58:35.227-0400][gc             ] GC(386501) Pause Young (Normal) (G1 Evacuation Pause) 58M->47M(70M) 5.855ms
[2020-12-25T04:58:35.227-0400][gc,cpu         ] GC(386501) User=0.01s Sys=0.00s Real=0.01s
[2020-12-25T04:59:09.157-0400][gc,heap        ] GC(386502) Heap before GC invocations=386477 (full 11318): garbage-first heap   total 71680K, used 59148K [0x0000000083000000, 0x0000000100000000)
[2020-12-25T04:59:09.157-0400][gc,heap        ] GC(386502)   region size 1024K, 12 young (12288K), 1 survivors (1024K)
[2020-12-25T04:59:09.157-0400][gc,heap        ] GC(386502)  Metaspace       used 61036K, capacity 63745K, committed 64768K, reserved 1107968K
[2020-12-25T04:59:09.157-0400][gc,heap        ] GC(386502)   class space    used 5715K, capacity 6563K, committed 6912K, reserved 1048576K
[2020-12-25T04:59:09.157-0400][gc,start       ] GC(386502) Pause Young (Normal) (G1 Evacuation Pause)
[2020-12-25T04:59:09.157-0400][gc,task        ] GC(386502) Using 4 workers of 4 for evacuation
[2020-12-25T04:59:09.163-0400][gc,phases      ] GC(386502)   Pre Evacuate Collection Set: 0.0ms
[2020-12-25T04:59:09.163-0400][gc,phases      ] GC(386502)   Evacuate Collection Set: 3.4ms
[2020-12-25T04:59:09.163-0400][gc,phases      ] GC(386502)   Post Evacuate Collection Set: 1.6ms
[2020-12-25T04:59:09.163-0400][gc,phases      ] GC(386502)   Other: 0.9ms
[2020-12-25T04:59:09.163-0400][gc,heap        ] GC(386502) Eden regions: 11->0(11)
[2020-12-25T04:59:09.163-0400][gc,heap        ] GC(386502) Survivor regions: 1->1(2)
[2020-12-25T04:59:09.163-0400][gc,heap        ] GC(386502) Old regions: 45->45
[2020-12-25T04:59:09.163-0400][gc,heap        ] GC(386502) Humongous regions: 4->4
[2020-12-25T04:59:09.163-0400][gc,metaspace   ] GC(386502) Metaspace: 61036K->61036K(1107968K)
[2020-12-25T04:59:09.163-0400][gc,heap        ] GC(386502) Heap after GC invocations=386478 (full 11318): garbage-first heap   total 71680K, used 49008K [0x0000000083000000, 0x0000000100000000)
[2020-12-25T04:59:09.163-0400][gc,heap        ] GC(386502)   region size 1024K, 1 young (1024K), 1 survivors (1024K)
[2020-12-25T04:59:09.163-0400][gc,heap        ] GC(386502)  Metaspace       used 61036K, capacity 63745K, committed 64768K, reserved 1107968K
[2020-12-25T04:59:09.163-0400][gc,heap        ] GC(386502)   class space    used 5715K, capacity 6563K, committed 6912K, reserved 1048576K
[2020-12-25T04:59:09.163-0400][gc             ] GC(386502) Pause Young (Normal) (G1 Evacuation Pause) 58M->47M(70M) 6.168ms
[2020-12-25T04:59:09.164-0400][gc,cpu         ] GC(386502) User=0.02s Sys=0.00s Real=0.00s
[2020-12-25T04:59:49.665-0400][gc,heap        ] GC(386503) Heap before GC invocations=386478 (full 11318): garbage-first heap   total 71680K, used 59248K [0x0000000083000000, 0x0000000100000000)
[2020-12-25T04:59:49.665-0400][gc,heap        ] GC(386503)   region size 1024K, 12 young (12288K), 1 survivors (1024K)
[2020-12-25T04:59:49.665-0400][gc,heap        ] GC(386503)  Metaspace       used 61036K, capacity 63745K, committed 64768K, reserved 1107968K
[2020-12-25T04:59:49.665-0400][gc,heap        ] GC(386503)   class space    used 5715K, capacity 6563K, committed 6912K, reserved 1048576K
[2020-12-25T04:59:49.666-0400][gc,start       ] GC(386503) Pause Young (Normal) (G1 Evacuation Pause)
[2020-12-25T04:59:49.666-0400][gc,task        ] GC(386503) Using 4 workers of 4 for evacuation
[2020-12-25T04:59:49.671-0400][gc,phases      ] GC(386503)   Pre Evacuate Collection Set: 0.0ms
[2020-12-25T04:59:49.671-0400][gc,phases      ] GC(386503)   Evacuate Collection Set: 3.2ms
[2020-12-25T04:59:49.671-0400][gc,phases      ] GC(386503)   Post Evacuate Collection Set: 1.7ms
[2020-12-25T04:59:49.671-0400][gc,phases      ] GC(386503)   Other: 0.8ms
[2020-12-25T04:59:49.671-0400][gc,heap        ] GC(386503) Eden regions: 11->0(11)
[2020-12-25T04:59:49.671-0400][gc,heap        ] GC(386503) Survivor regions: 1->1(2)
[2020-12-25T04:59:49.671-0400][gc,heap        ] GC(386503) Old regions: 45->45
[2020-12-25T04:59:49.671-0400][gc,heap        ] GC(386503) Humongous regions: 4->4
[2020-12-25T04:59:49.671-0400][gc,metaspace   ] GC(386503) Metaspace: 61036K->61036K(1107968K)
[2020-12-25T04:59:49.672-0400][gc,heap        ] GC(386503) Heap after GC invocations=386479 (full 11318): garbage-first heap   total 71680K, used 48958K [0x0000000083000000, 0x0000000100000000)
[2020-12-25T04:59:49.672-0400][gc,heap        ] GC(386503)   region size 1024K, 1 young (1024K), 1 survivors (1024K)
[2020-12-25T04:59:49.672-0400][gc,heap        ] GC(386503)  Metaspace       used 61036K, capacity 63745K, committed 64768K, reserved 1107968K
[2020-12-25T04:59:49.672-0400][gc,heap        ] GC(386503)   class space    used 5715K, capacity 6563K, committed 6912K, reserved 1048576K
[2020-12-25T04:59:49.672-0400][gc             ] GC(386503) Pause Young (Normal) (G1 Evacuation Pause) 58M->47M(70M) 6.284ms
[2020-12-25T04:59:49.672-0400][gc,cpu         ] GC(386503) User=0.02s Sys=0.00s Real=0.01s
[2020-12-25T05:00:09.821-0400][gc,heap        ] GC(386504) Heap before GC invocations=386479 (full 11318): garbage-first heap   total 71680K, used 59198K [0x0000000083000000, 0x0000000100000000)
[2020-12-25T05:00:09.821-0400][gc,heap        ] GC(386504)   region size 1024K, 12 young (12288K), 1 survivors (1024K)
[2020-12-25T05:00:09.821-0400][gc,heap        ] GC(386504)  Metaspace       used 61036K, capacity 63745K, committed 64768K, reserved 1107968K
[2020-12-25T05:00:09.821-0400][gc,heap        ] GC(386504)   class space    used 5715K, capacity 6563K, committed 6912K, reserved 1048576K
[2020-12-25T05:00:09.821-0400][gc,start       ] GC(386504) Pause Young (Normal) (G1 Evacuation Pause)
[2020-12-25T05:00:09.821-0400][gc,task        ] GC(386504) Using 4 workers of 4 for evacuation
[2020-12-25T05:00:09.826-0400][gc,phases      ] GC(386504)   Pre Evacuate Collection Set: 0.0ms
[2020-12-25T05:00:09.826-0400][gc,phases      ] GC(386504)   Evacuate Collection Set: 3.5ms
[2020-12-25T05:00:09.826-0400][gc,phases      ] GC(386504)   Post Evacuate Collection Set: 1.4ms
[2020-12-25T05:00:09.827-0400][gc,phases      ] GC(386504)   Other: 0.8ms
[2020-12-25T05:00:09.827-0400][gc,heap        ] GC(386504) Eden regions: 11->0(11)
[2020-12-25T05:00:09.827-0400][gc,heap        ] GC(386504) Survivor regions: 1->1(2)
[2020-12-25T05:00:09.827-0400][gc,heap        ] GC(386504) Old regions: 45->45
[2020-12-25T05:00:09.827-0400][gc,heap        ] GC(386504) Humongous regions: 4->4
[2020-12-25T05:00:09.827-0400][gc,metaspace   ] GC(386504) Metaspace: 61036K->61036K(1107968K)
[2020-12-25T05:00:09.827-0400][gc,heap        ] GC(386504) Heap after GC invocations=386480 (full 11318): garbage-first heap   total 71680K, used 49084K [0x0000000083000000, 0x0000000100000000)
[2020-12-25T05:00:09.827-0400][gc,heap        ] GC(386504)   region size 1024K, 1 young (1024K), 1 survivors (1024K)
[2020-12-25T05:00:09.827-0400][gc,heap        ] GC(386504)  Metaspace       used 61036K, capacity 63745K, committed 64768K, reserved 1107968K
[2020-12-25T05:00:09.827-0400][gc,heap        ] GC(386504)   class space    used 5715K, capacity 6563K, committed 6912K, reserved 1048576K
[2020-12-25T05:00:09.827-0400][gc             ] GC(386504) Pause Young (Normal) (G1 Evacuation Pause) 58M->47M(70M) 6.185ms
[2020-12-25T05:00:09.827-0400][gc,cpu         ] GC(386504) User=0.00s Sys=0.01s Real=0.01s
[2020-12-25T05:00:41.444-0400][gc,heap        ] GC(386505) Heap before GC invocations=386480 (full 11318): garbage-first heap   total 71680K, used 59324K [0x0000000083000000, 0x0000000100000000)
[2020-12-25T05:00:41.444-0400][gc,heap        ] GC(386505)   region size 1024K, 12 young (12288K), 1 survivors (1024K)
[2020-12-25T05:00:41.444-0400][gc,heap        ] GC(386505)  Metaspace       used 61036K, capacity 63745K, committed 64768K, reserved 1107968K
[2020-12-25T05:00:41.444-0400][gc,heap        ] GC(386505)   class space    used 5715K, capacity 6563K, committed 6912K, reserved 1048576K
[2020-12-25T05:00:41.445-0400][gc,start       ] GC(386505) Pause Young (Normal) (G1 Evacuation Pause)
[2020-12-25T05:00:41.445-0400][gc,task        ] GC(386505) Using 4 workers of 4 for evacuation
[2020-12-25T05:00:41.450-0400][gc,phases      ] GC(386505)   Pre Evacuate Collection Set: 0.0ms
[2020-12-25T05:00:41.450-0400][gc,phases      ] GC(386505)   Evacuate Collection Set: 3.6ms
[2020-12-25T05:00:41.450-0400][gc,phases      ] GC(386505)   Post Evacuate Collection Set: 1.6ms
[2020-12-25T05:00:41.451-0400][gc,phases      ] GC(386505)   Other: 1.1ms
[2020-12-25T05:00:41.451-0400][gc,heap        ] GC(386505) Eden regions: 11->0(11)
[2020-12-25T05:00:41.451-0400][gc,heap        ] GC(386505) Survivor regions: 1->1(2)
[2020-12-25T05:00:41.451-0400][gc,heap        ] GC(386505) Old regions: 45->45
[2020-12-25T05:00:41.451-0400][gc,heap        ] GC(386505) Humongous regions: 4->4
[2020-12-25T05:00:41.451-0400][gc,metaspace   ] GC(386505) Metaspace: 61036K->61036K(1107968K)
[2020-12-25T05:00:41.451-0400][gc,heap        ] GC(386505) Heap after GC invocations=386481 (full 11318): garbage-first heap   total 71680K, used 49152K [0x0000000083000000, 0x0000000100000000)
[2020-12-25T05:00:41.451-0400][gc,heap        ] GC(386505)   region size 1024K, 1 young (1024K), 1 survivors (1024K)
[2020-12-25T05:00:41.451-0400][gc,heap        ] GC(386505)  Metaspace       used 61036K, capacity 63745K, committed 64768K, reserved 1107968K
[2020-12-25T05:00:41.451-0400][gc,heap        ] GC(386505)   class space    used 5715K, capacity 6563K, committed 6912K, reserved 1048576K
[2020-12-25T05:00:41.451-0400][gc             ] GC(386505) Pause Young (Normal) (G1 Evacuation Pause) 58M->48M(70M) 6.657ms
[2020-12-25T05:00:41.451-0400][gc,cpu         ] GC(386505) User=0.01s Sys=0.01s Real=0.01s
[2020-12-25T05:01:10.768-0400][gc,heap        ] GC(386506) Heap before GC invocations=386481 (full 11318): garbage-first heap   total 71680K, used 59392K [0x0000000083000000, 0x0000000100000000)
[2020-12-25T05:01:10.768-0400][gc,heap        ] GC(386506)   region size 1024K, 12 young (12288K), 1 survivors (1024K)
[2020-12-25T05:01:10.768-0400][gc,heap        ] GC(386506)  Metaspace       used 61036K, capacity 63745K, committed 64768K, reserved 1107968K
[2020-12-25T05:01:10.769-0400][gc,heap        ] GC(386506)   class space    used 5715K, capacity 6563K, committed 6912K, reserved 1048576K
[2020-12-25T05:01:10.769-0400][gc,start       ] GC(386506) Pause Young (Normal) (G1 Evacuation Pause)
[2020-12-25T05:01:10.769-0400][gc,task        ] GC(386506) Using 4 workers of 4 for evacuation
[2020-12-25T05:01:10.776-0400][gc,phases      ] GC(386506)   Pre Evacuate Collection Set: 0.0ms
[2020-12-25T05:01:10.776-0400][gc,phases      ] GC(386506)   Evacuate Collection Set: 4.1ms
[2020-12-25T05:01:10.776-0400][gc,phases      ] GC(386506)   Post Evacuate Collection Set: 2.0ms
[2020-12-25T05:01:10.776-0400][gc,phases      ] GC(386506)   Other: 1.1ms
[2020-12-25T05:01:10.776-0400][gc,heap        ] GC(386506) Eden regions: 11->0(11)
[2020-12-25T05:01:10.776-0400][gc,heap        ] GC(386506) Survivor regions: 1->1(2)
[2020-12-25T05:01:10.776-0400][gc,heap        ] GC(386506) Old regions: 45->45
[2020-12-25T05:01:10.776-0400][gc,heap        ] GC(386506) Humongous regions: 4->4
[2020-12-25T05:01:10.776-0400][gc,metaspace   ] GC(386506) Metaspace: 61036K->61036K(1107968K)
[2020-12-25T05:01:10.776-0400][gc,heap        ] GC(386506) Heap after GC invocations=386482 (full 11318): garbage-first heap   total 71680K, used 49160K [0x0000000083000000, 0x0000000100000000)
[2020-12-25T05:01:10.776-0400][gc,heap        ] GC(386506)   region size 1024K, 1 young (1024K), 1 survivors (1024K)
[2020-12-25T05:01:10.776-0400][gc,heap        ] GC(386506)  Metaspace       used 61036K, capacity 63745K, committed 64768K, reserved 1107968K
[2020-12-25T05:01:10.776-0400][gc,heap        ] GC(386506)   class space    used 5715K, capacity 6563K, committed 6912K, reserved 1048576K
[2020-12-25T05:01:10.776-0400][gc             ] GC(386506) Pause Young (Normal) (G1 Evacuation Pause) 59M->48M(70M) 7.527ms
[2020-12-25T05:01:10.776-0400][gc,cpu         ] GC(386506) User=0.02s Sys=0.00s Real=0.01s
[2020-12-25T05:01:47.124-0400][gc,heap        ] GC(386507) Heap before GC invocations=386482 (full 11318): garbage-first heap   total 71680K, used 59400K [0x0000000083000000, 0x0000000100000000)
[2020-12-25T05:01:47.124-0400][gc,heap        ] GC(386507)   region size 1024K, 12 young (12288K), 1 survivors (1024K)
[2020-12-25T05:01:47.124-0400][gc,heap        ] GC(386507)  Metaspace       used 61036K, capacity 63745K, committed 64768K, reserved 1107968K
[2020-12-25T05:01:47.124-0400][gc,heap        ] GC(386507)   class space    used 5715K, capacity 6563K, committed 6912K, reserved 1048576K
[2020-12-25T05:01:47.124-0400][gc,start       ] GC(386507) Pause Young (Normal) (G1 Evacuation Pause)
[2020-12-25T05:01:47.125-0400][gc,task        ] GC(386507) Using 4 workers of 4 for evacuation
[2020-12-25T05:01:47.131-0400][gc,phases      ] GC(386507)   Pre Evacuate Collection Set: 0.0ms
[2020-12-25T05:01:47.131-0400][gc,phases      ] GC(386507)   Evacuate Collection Set: 3.9ms
[2020-12-25T05:01:47.131-0400][gc,phases      ] GC(386507)   Post Evacuate Collection Set: 1.9ms
[2020-12-25T05:01:47.131-0400][gc,phases      ] GC(386507)   Other: 0.9ms
[2020-12-25T05:01:47.131-0400][gc,heap        ] GC(386507) Eden regions: 11->0(11)
[2020-12-25T05:01:47.131-0400][gc,heap        ] GC(386507) Survivor regions: 1->1(2)
[2020-12-25T05:01:47.131-0400][gc,heap        ] GC(386507) Old regions: 45->45
[2020-12-25T05:01:47.131-0400][gc,heap        ] GC(386507) Humongous regions: 4->4
[2020-12-25T05:01:47.131-0400][gc,metaspace   ] GC(386507) Metaspace: 61036K->61036K(1107968K)
[2020-12-25T05:01:47.131-0400][gc,heap        ] GC(386507) Heap after GC invocations=386483 (full 11318): garbage-first heap   total 71680K, used 49164K [0x0000000083000000, 0x0000000100000000)
[2020-12-25T05:01:47.132-0400][gc,heap        ] GC(386507)   region size 1024K, 1 young (1024K), 1 survivors (1024K)
[2020-12-25T05:01:47.132-0400][gc,heap        ] GC(386507)  Metaspace       used 61036K, capacity 63745K, committed 64768K, reserved 1107968K
[2020-12-25T05:01:47.132-0400][gc,heap        ] GC(386507)   class space    used 5715K, capacity 6563K, committed 6912K, reserved 1048576K
[2020-12-25T05:01:47.132-0400][gc             ] GC(386507) Pause Young (Normal) (G1 Evacuation Pause) 59M->48M(70M) 7.254ms
[2020-12-25T05:01:47.132-0400][gc,cpu         ] GC(386507) User=0.02s Sys=0.00s Real=0.01s
[2020-12-25T05:01:50.924-0400][gc,task        ] GC(386508) Using 3 workers of 4 for full compaction
[2020-12-25T05:01:50.924-0400][gc,start       ] GC(386508) Pause Full (System.gc())
[2020-12-25T05:01:50.924-0400][gc,heap        ] GC(386508) Heap before GC invocations=386483 (full 11318): garbage-first heap   total 71680K, used 49164K [0x0000000083000000, 0x0000000100000000)
[2020-12-25T05:01:50.924-0400][gc,heap        ] GC(386508)   region size 1024K, 2 young (2048K), 1 survivors (1024K)
[2020-12-25T05:01:50.924-0400][gc,heap        ] GC(386508)  Metaspace       used 61036K, capacity 63745K, committed 64768K, reserved 1107968K
[2020-12-25T05:01:50.924-0400][gc,heap        ] GC(386508)   class space    used 5715K, capacity 6563K, committed 6912K, reserved 1048576K
[2020-12-25T05:01:50.927-0400][gc,phases,start] GC(386508) Phase 1: Mark live objects
[2020-12-25T05:01:51.070-0400][gc,stringtable ] GC(386508) Cleaned string and symbol table, strings: 32207 processed, 0 removed, symbols: 131459 processed, 0 removed
[2020-12-25T05:01:51.070-0400][gc,phases      ] GC(386508) Phase 1: Mark live objects 143.294ms
[2020-12-25T05:01:51.070-0400][gc,phases,start] GC(386508) Phase 2: Prepare for compaction
[2020-12-25T05:01:51.101-0400][gc,phases      ] GC(386508) Phase 2: Prepare for compaction 30.522ms
[2020-12-25T05:01:51.101-0400][gc,phases,start] GC(386508) Phase 3: Adjust pointers
[2020-12-25T05:01:51.177-0400][gc,phases      ] GC(386508) Phase 3: Adjust pointers 76.589ms
[2020-12-25T05:01:51.177-0400][gc,phases,start] GC(386508) Phase 4: Compact heap
[2020-12-25T05:01:51.196-0400][gc,phases      ] GC(386508) Phase 4: Compact heap 19.017ms
[2020-12-25T05:01:51.232-0400][gc,heap        ] GC(386508) Eden regions: 1->0(12)
[2020-12-25T05:01:51.232-0400][gc,heap        ] GC(386508) Survivor regions: 1->0(2)
[2020-12-25T05:01:51.232-0400][gc,heap        ] GC(386508) Old regions: 45->45
[2020-12-25T05:01:51.232-0400][gc,heap        ] GC(386508) Humongous regions: 4->4
[2020-12-25T05:01:51.232-0400][gc,metaspace   ] GC(386508) Metaspace: 61036K->61036K(1107968K)
[2020-12-25T05:01:51.232-0400][gc,heap        ] GC(386508) Heap after GC invocations=386484 (full 11319): garbage-first heap   total 71680K, used 48516K [0x0000000083000000, 0x0000000100000000)
[2020-12-25T05:01:51.232-0400][gc,heap        ] GC(386508)   region size 1024K, 0 young (0K), 0 survivors (0K)
[2020-12-25T05:01:51.232-0400][gc,heap        ] GC(386508)  Metaspace       used 61036K, capacity 63745K, committed 64768K, reserved 1107968K
[2020-12-25T05:01:51.232-0400][gc,heap        ] GC(386508)   class space    used 5715K, capacity 6563K, committed 6912K, reserved 1048576K
[2020-12-25T05:01:51.232-0400][gc             ] GC(386508) Pause Full (System.gc()) 48M->47M(70M) 308.561ms
[2020-12-25T05:01:51.233-0400][gc,cpu         ] GC(386508) User=0.51s Sys=0.32s Real=0.31s
[2020-12-25T05:02:31.684-0400][gc,heap        ] GC(386509) Heap before GC invocations=386484 (full 11319): garbage-first heap   total 71680K, used 59780K [0x0000000083000000, 0x0000000100000000)
[2020-12-25T05:02:31.684-0400][gc,heap        ] GC(386509)   region size 1024K, 12 young (12288K), 0 survivors (0K)
[2020-12-25T05:02:31.684-0400][gc,heap        ] GC(386509)  Metaspace       used 61036K, capacity 63745K, committed 64768K, reserved 1107968K
[2020-12-25T05:02:31.684-0400][gc,heap        ] GC(386509)   class space    used 5715K, capacity 6563K, committed 6912K, reserved 1048576K
[2020-12-25T05:02:31.684-0400][gc,start       ] GC(386509) Pause Young (Normal) (G1 Evacuation Pause)
[2020-12-25T05:02:31.684-0400][gc,task        ] GC(386509) Using 4 workers of 4 for evacuation
[2020-12-25T05:02:31.690-0400][gc,phases      ] GC(386509)   Pre Evacuate Collection Set: 0.0ms
[2020-12-25T05:02:31.690-0400][gc,phases      ] GC(386509)   Evacuate Collection Set: 3.0ms
[2020-12-25T05:02:31.690-0400][gc,phases      ] GC(386509)   Post Evacuate Collection Set: 2.2ms
[2020-12-25T05:02:31.690-0400][gc,phases      ] GC(386509)   Other: 0.8ms
[2020-12-25T05:02:31.690-0400][gc,heap        ] GC(386509) Eden regions: 12->0(11)
[2020-12-25T05:02:31.690-0400][gc,heap        ] GC(386509) Survivor regions: 0->1(2)
[2020-12-25T05:02:31.690-0400][gc,heap        ] GC(386509) Old regions: 45->45
[2020-12-25T05:02:31.690-0400][gc,heap        ] GC(386509) Humongous regions: 4->4
[2020-12-25T05:02:31.690-0400][gc,metaspace   ] GC(386509) Metaspace: 61036K->61036K(1107968K)
[2020-12-25T05:02:31.690-0400][gc,heap        ] GC(386509) Heap after GC invocations=386485 (full 11319): garbage-first heap   total 71680K, used 48850K [0x0000000083000000, 0x0000000100000000)
[2020-12-25T05:02:31.690-0400][gc,heap        ] GC(386509)   region size 1024K, 1 young (1024K), 1 survivors (1024K)
[2020-12-25T05:02:31.690-0400][gc,heap        ] GC(386509)  Metaspace       used 61036K, capacity 63745K, committed 64768K, reserved 1107968K
[2020-12-25T05:02:31.690-0400][gc,heap        ] GC(386509)   class space    used 5715K, capacity 6563K, committed 6912K, reserved 1048576K
[2020-12-25T05:02:31.691-0400][gc             ] GC(386509) Pause Young (Normal) (G1 Evacuation Pause) 59M->47M(70M) 6.413ms
[2020-12-25T05:02:31.691-0400][gc,cpu         ] GC(386509) User=0.00s Sys=0.01s Real=0.01s
[2020-12-25T05:03:01.445-0400][gc,heap        ] GC(386510) Heap before GC invocations=386485 (full 11319): garbage-first heap   total 71680K, used 59090K [0x0000000083000000, 0x0000000100000000)
[2020-12-25T05:03:01.445-0400][gc,heap        ] GC(386510)   region size 1024K, 12 young (12288K), 1 survivors (1024K)
[2020-12-25T05:03:01.445-0400][gc,heap        ] GC(386510)  Metaspace       used 61036K, capacity 63745K, committed 64768K, reserved 1107968K
[2020-12-25T05:03:01.445-0400][gc,heap        ] GC(386510)   class space    used 5715K, capacity 6563K, committed 6912K, reserved 1048576K
[2020-12-25T05:03:01.445-0400][gc,start       ] GC(386510) Pause Young (Normal) (G1 Evacuation Pause)
[2020-12-25T05:03:01.445-0400][gc,task        ] GC(386510) Using 4 workers of 4 for evacuation
[2020-12-25T05:03:01.451-0400][gc,phases      ] GC(386510)   Pre Evacuate Collection Set: 0.0ms
[2020-12-25T05:03:01.451-0400][gc,phases      ] GC(386510)   Evacuate Collection Set: 3.4ms
[2020-12-25T05:03:01.451-0400][gc,phases      ] GC(386510)   Post Evacuate Collection Set: 1.7ms
[2020-12-25T05:03:01.451-0400][gc,phases      ] GC(386510)   Other: 0.9ms
[2020-12-25T05:03:01.451-0400][gc,heap        ] GC(386510) Eden regions: 11->0(11)
[2020-12-25T05:03:01.451-0400][gc,heap        ] GC(386510) Survivor regions: 1->1(2)
[2020-12-25T05:03:01.451-0400][gc,heap        ] GC(386510) Old regions: 45->45
[2020-12-25T05:03:01.451-0400][gc,heap        ] GC(386510) Humongous regions: 4->4
[2020-12-25T05:03:01.451-0400][gc,metaspace   ] GC(386510) Metaspace: 61036K->61036K(1107968K)
[2020-12-25T05:03:01.452-0400][gc,heap        ] GC(386510) Heap after GC invocations=386486 (full 11319): garbage-first heap   total 71680K, used 48909K [0x0000000083000000, 0x0000000100000000)
[2020-12-25T05:03:01.452-0400][gc,heap        ] GC(386510)   region size 1024K, 1 young (1024K), 1 survivors (1024K)
[2020-12-25T05:03:01.452-0400][gc,heap        ] GC(386510)  Metaspace       used 61036K, capacity 63745K, committed 64768K, reserved 1107968K
[2020-12-25T05:03:01.452-0400][gc,heap        ] GC(386510)   class space    used 5715K, capacity 6563K, committed 6912K, reserved 1048576K
[2020-12-25T05:03:01.452-0400][gc             ] GC(386510) Pause Young (Normal) (G1 Evacuation Pause) 58M->47M(70M) 6.493ms
[2020-12-25T05:03:01.452-0400][gc,cpu         ] GC(386510) User=0.02s Sys=0.00s Real=0.01s
[2020-12-25T05:03:33.877-0400][gc,heap        ] GC(386511) Heap before GC invocations=386486 (full 11319): garbage-first heap   total 71680K, used 59149K [0x0000000083000000, 0x0000000100000000)
[2020-12-25T05:03:33.877-0400][gc,heap        ] GC(386511)   region size 1024K, 12 young (12288K), 1 survivors (1024K)
[2020-12-25T05:03:33.877-0400][gc,heap        ] GC(386511)  Metaspace       used 61036K, capacity 63745K, committed 64768K, reserved 1107968K
[2020-12-25T05:03:33.877-0400][gc,heap        ] GC(386511)   class space    used 5715K, capacity 6563K, committed 6912K, reserved 1048576K
[2020-12-25T05:03:33.877-0400][gc,start       ] GC(386511) Pause Young (Normal) (G1 Evacuation Pause)
[2020-12-25T05:03:33.877-0400][gc,task        ] GC(386511) Using 4 workers of 4 for evacuation
[2020-12-25T05:03:33.883-0400][gc,phases      ] GC(386511)   Pre Evacuate Collection Set: 0.1ms
[2020-12-25T05:03:33.883-0400][gc,phases      ] GC(386511)   Evacuate Collection Set: 3.2ms
[2020-12-25T05:03:33.883-0400][gc,phases      ] GC(386511)   Post Evacuate Collection Set: 1.6ms
[2020-12-25T05:03:33.883-0400][gc,phases      ] GC(386511)   Other: 0.9ms
[2020-12-25T05:03:33.883-0400][gc,heap        ] GC(386511) Eden regions: 11->0(11)
[2020-12-25T05:03:33.883-0400][gc,heap        ] GC(386511) Survivor regions: 1->1(2)
[2020-12-25T05:03:33.883-0400][gc,heap        ] GC(386511) Old regions: 45->45
[2020-12-25T05:03:33.883-0400][gc,heap        ] GC(386511) Humongous regions: 4->4
[2020-12-25T05:03:33.883-0400][gc,metaspace   ] GC(386511) Metaspace: 61036K->61036K(1107968K)
[2020-12-25T05:03:33.883-0400][gc,heap        ] GC(386511) Heap after GC invocations=386487 (full 11319): garbage-first heap   total 71680K, used 48946K [0x0000000083000000, 0x0000000100000000)
[2020-12-25T05:03:33.883-0400][gc,heap        ] GC(386511)   region size 1024K, 1 young (1024K), 1 survivors (1024K)
[2020-12-25T05:03:33.883-0400][gc,heap        ] GC(386511)  Metaspace       used 61036K, capacity 63745K, committed 64768K, reserved 1107968K
[2020-12-25T05:03:33.883-0400][gc,heap        ] GC(386511)   class space    used 5715K, capacity 6563K, committed 6912K, reserved 1048576K
[2020-12-25T05:03:33.883-0400][gc             ] GC(386511) Pause Young (Normal) (G1 Evacuation Pause) 58M->47M(70M) 6.079ms
[2020-12-25T05:03:33.884-0400][gc,cpu         ] GC(386511) User=0.02s Sys=0.00s Real=0.00s
[2020-12-25T05:04:05.365-0400][gc,heap        ] GC(386512) Heap before GC invocations=386487 (full 11319): garbage-first heap   total 71680K, used 60210K [0x0000000083000000, 0x0000000100000000)
[2020-12-25T05:04:05.365-0400][gc,heap        ] GC(386512)   region size 1024K, 12 young (12288K), 1 survivors (1024K)
[2020-12-25T05:04:05.365-0400][gc,heap        ] GC(386512)  Metaspace       used 61036K, capacity 63745K, committed 64768K, reserved 1107968K
[2020-12-25T05:04:05.365-0400][gc,heap        ] GC(386512)   class space    used 5715K, capacity 6563K, committed 6912K, reserved 1048576K
[2020-12-25T05:04:05.365-0400][gc,start       ] GC(386512) Pause Young (Normal) (G1 Evacuation Pause)
[2020-12-25T05:04:05.365-0400][gc,task        ] GC(386512) Using 4 workers of 4 for evacuation
[2020-12-25T05:04:05.370-0400][gc,phases      ] GC(386512)   Pre Evacuate Collection Set: 0.0ms
[2020-12-25T05:04:05.370-0400][gc,phases      ] GC(386512)   Evacuate Collection Set: 2.9ms
[2020-12-25T05:04:05.370-0400][gc,phases      ] GC(386512)   Post Evacuate Collection Set: 1.6ms
[2020-12-25T05:04:05.371-0400][gc,phases      ] GC(386512)   Other: 0.8ms
[2020-12-25T05:04:05.371-0400][gc,heap        ] GC(386512) Eden regions: 11->0(11)
[2020-12-25T05:04:05.371-0400][gc,heap        ] GC(386512) Survivor regions: 1->1(2)
[2020-12-25T05:04:05.371-0400][gc,heap        ] GC(386512) Old regions: 45->45
[2020-12-25T05:04:05.371-0400][gc,heap        ] GC(386512) Humongous regions: 4->4
[2020-12-25T05:04:05.371-0400][gc,metaspace   ] GC(386512) Metaspace: 61036K->61036K(1107968K)
[2020-12-25T05:04:05.371-0400][gc,heap        ] GC(386512) Heap after GC invocations=386488 (full 11319): garbage-first heap   total 71680K, used 48861K [0x0000000083000000, 0x0000000100000000)
[2020-12-25T05:04:05.371-0400][gc,heap        ] GC(386512)   region size 1024K, 1 young (1024K), 1 survivors (1024K)
[2020-12-25T05:04:05.371-0400][gc,heap        ] GC(386512)  Metaspace       used 61036K, capacity 63745K, committed 64768K, reserved 1107968K
[2020-12-25T05:04:05.371-0400][gc,heap        ] GC(386512)   class space    used 5715K, capacity 6563K, committed 6912K, reserved 1048576K
[2020-12-25T05:04:05.371-0400][gc             ] GC(386512) Pause Young (Normal) (G1 Evacuation Pause) 58M->47M(70M) 5.900ms
[2020-12-25T05:04:05.371-0400][gc,cpu         ] GC(386512) User=0.01s Sys=0.01s Real=0.01s
[2020-12-25T05:04:52.292-0400][gc,heap        ] GC(386513) Heap before GC invocations=386488 (full 11319): garbage-first heap   total 71680K, used 59101K [0x0000000083000000, 0x0000000100000000)
[2020-12-25T05:04:52.293-0400][gc,heap        ] GC(386513)   region size 1024K, 12 young (12288K), 1 survivors (1024K)
[2020-12-25T05:04:52.293-0400][gc,heap        ] GC(386513)  Metaspace       used 61036K, capacity 63745K, committed 64768K, reserved 1107968K
[2020-12-25T05:04:52.293-0400][gc,heap        ] GC(386513)   class space    used 5715K, capacity 6563K, committed 6912K, reserved 1048576K
[2020-12-25T05:04:52.293-0400][gc,start       ] GC(386513) Pause Young (Normal) (G1 Evacuation Pause)
[2020-12-25T05:04:52.293-0400][gc,task        ] GC(386513) Using 4 workers of 4 for evacuation
[2020-12-25T05:04:52.299-0400][gc,phases      ] GC(386513)   Pre Evacuate Collection Set: 0.0ms
[2020-12-25T05:04:52.299-0400][gc,phases      ] GC(386513)   Evacuate Collection Set: 3.3ms
[2020-12-25T05:04:52.299-0400][gc,phases      ] GC(386513)   Post Evacuate Collection Set: 1.8ms
[2020-12-25T05:04:52.299-0400][gc,phases      ] GC(386513)   Other: 0.9ms
[2020-12-25T05:04:52.299-0400][gc,heap        ] GC(386513) Eden regions: 11->0(11)
[2020-12-25T05:04:52.299-0400][gc,heap        ] GC(386513) Survivor regions: 1->1(2)
[2020-12-25T05:04:52.299-0400][gc,heap        ] GC(386513) Old regions: 45->45
[2020-12-25T05:04:52.299-0400][gc,heap        ] GC(386513) Humongous regions: 4->4
[2020-12-25T05:04:52.299-0400][gc,metaspace   ] GC(386513) Metaspace: 61036K->61036K(1107968K)
[2020-12-25T05:04:52.299-0400][gc,heap        ] GC(386513) Heap after GC invocations=386489 (full 11319): garbage-first heap   total 71680K, used 48949K [0x0000000083000000, 0x0000000100000000)
[2020-12-25T05:04:52.299-0400][gc,heap        ] GC(386513)   region size 1024K, 1 young (1024K), 1 survivors (1024K)
[2020-12-25T05:04:52.299-0400][gc,heap        ] GC(386513)  Metaspace       used 61036K, capacity 63745K, committed 64768K, reserved 1107968K
[2020-12-25T05:04:52.299-0400][gc,heap        ] GC(386513)   class space    used 5715K, capacity 6563K, committed 6912K, reserved 1048576K
[2020-12-25T05:04:52.299-0400][gc             ] GC(386513) Pause Young (Normal) (G1 Evacuation Pause) 58M->47M(70M) 6.437ms
[2020-12-25T05:04:52.299-0400][gc,cpu         ] GC(386513) User=0.00s Sys=0.01s Real=0.01s
[2020-12-25T05:05:18.293-0400][gc,heap        ] GC(386514) Heap before GC invocations=386489 (full 11319): garbage-first heap   total 71680K, used 59189K [0x0000000083000000, 0x0000000100000000)
[2020-12-25T05:05:18.293-0400][gc,heap        ] GC(386514)   region size 1024K, 12 young (12288K), 1 survivors (1024K)
[2020-12-25T05:05:18.293-0400][gc,heap        ] GC(386514)  Metaspace       used 61036K, capacity 63745K, committed 64768K, reserved 1107968K
[2020-12-25T05:05:18.294-0400][gc,heap        ] GC(386514)   class space    used 5715K, capacity 6563K, committed 6912K, reserved 1048576K
[2020-12-25T05:05:18.294-0400][gc,start       ] GC(386514) Pause Young (Normal) (G1 Evacuation Pause)
[2020-12-25T05:05:18.294-0400][gc,task        ] GC(386514) Using 4 workers of 4 for evacuation
[2020-12-25T05:05:18.300-0400][gc,phases      ] GC(386514)   Pre Evacuate Collection Set: 0.0ms
[2020-12-25T05:05:18.300-0400][gc,phases      ] GC(386514)   Evacuate Collection Set: 3.9ms
[2020-12-25T05:05:18.300-0400][gc,phases      ] GC(386514)   Post Evacuate Collection Set: 1.8ms
[2020-12-25T05:05:18.300-0400][gc,phases      ] GC(386514)   Other: 1.1ms
[2020-12-25T05:05:18.300-0400][gc,heap        ] GC(386514) Eden regions: 11->0(11)
[2020-12-25T05:05:18.300-0400][gc,heap        ] GC(386514) Survivor regions: 1->1(2)
[2020-12-25T05:05:18.300-0400][gc,heap        ] GC(386514) Old regions: 45->45
[2020-12-25T05:05:18.300-0400][gc,heap        ] GC(386514) Humongous regions: 4->4
[2020-12-25T05:05:18.301-0400][gc,metaspace   ] GC(386514) Metaspace: 61036K->61036K(1107968K)
[2020-12-25T05:05:18.301-0400][gc,heap        ] GC(386514) Heap after GC invocations=386490 (full 11319): garbage-first heap   total 71680K, used 48957K [0x0000000083000000, 0x0000000100000000)
[2020-12-25T05:05:18.301-0400][gc,heap        ] GC(386514)   region size 1024K, 1 young (1024K), 1 survivors (1024K)
[2020-12-25T05:05:18.301-0400][gc,heap        ] GC(386514)  Metaspace       used 61036K, capacity 63745K, committed 64768K, reserved 1107968K
[2020-12-25T05:05:18.301-0400][gc,heap        ] GC(386514)   class space    used 5715K, capacity 6563K, committed 6912K, reserved 1048576K
[2020-12-25T05:05:18.301-0400][gc             ] GC(386514) Pause Young (Normal) (G1 Evacuation Pause) 58M->47M(70M) 7.178ms
[2020-12-25T05:05:18.301-0400][gc,cpu         ] GC(386514) User=0.02s Sys=0.00s Real=0.01s
[2020-12-25T05:05:50.856-0400][gc,heap        ] GC(386515) Heap before GC invocations=386490 (full 11319): garbage-first heap   total 71680K, used 59197K [0x0000000083000000, 0x0000000100000000)
[2020-12-25T05:05:50.856-0400][gc,heap        ] GC(386515)   region size 1024K, 12 young (12288K), 1 survivors (1024K)
[2020-12-25T05:05:50.856-0400][gc,heap        ] GC(386515)  Metaspace       used 61036K, capacity 63745K, committed 64768K, reserved 1107968K
[2020-12-25T05:05:50.856-0400][gc,heap        ] GC(386515)   class space    used 5715K, capacity 6563K, committed 6912K, reserved 1048576K
[2020-12-25T05:05:50.857-0400][gc,start       ] GC(386515) Pause Young (Normal) (G1 Evacuation Pause)
[2020-12-25T05:05:50.857-0400][gc,task        ] GC(386515) Using 4 workers of 4 for evacuation
[2020-12-25T05:05:50.862-0400][gc,phases      ] GC(386515)   Pre Evacuate Collection Set: 0.0ms
[2020-12-25T05:05:50.862-0400][gc,phases      ] GC(386515)   Evacuate Collection Set: 3.1ms
[2020-12-25T05:05:50.862-0400][gc,phases      ] GC(386515)   Post Evacuate Collection Set: 1.6ms
[2020-12-25T05:05:50.862-0400][gc,phases      ] GC(386515)   Other: 0.9ms
[2020-12-25T05:05:50.862-0400][gc,heap        ] GC(386515) Eden regions: 11->0(11)
[2020-12-25T05:05:50.862-0400][gc,heap        ] GC(386515) Survivor regions: 1->1(2)
[2020-12-25T05:05:50.862-0400][gc,heap        ] GC(386515) Old regions: 45->45
[2020-12-25T05:05:50.862-0400][gc,heap        ] GC(386515) Humongous regions: 4->4
[2020-12-25T05:05:50.862-0400][gc,metaspace   ] GC(386515) Metaspace: 61036K->61036K(1107968K)
[2020-12-25T05:05:50.862-0400][gc,heap        ] GC(386515) Heap after GC invocations=386491 (full 11319): garbage-first heap   total 71680K, used 48857K [0x0000000083000000, 0x0000000100000000)
[2020-12-25T05:05:50.862-0400][gc,heap        ] GC(386515)   region size 1024K, 1 young (1024K), 1 survivors (1024K)
[2020-12-25T05:05:50.863-0400][gc,heap        ] GC(386515)  Metaspace       used 61036K, capacity 63745K, committed 64768K, reserved 1107968K
[2020-12-25T05:05:50.863-0400][gc,heap        ] GC(386515)   class space    used 5715K, capacity 6563K, committed 6912K, reserved 1048576K
[2020-12-25T05:05:50.863-0400][gc             ] GC(386515) Pause Young (Normal) (G1 Evacuation Pause) 58M->47M(70M) 6.092ms
[2020-12-25T05:05:50.863-0400][gc,cpu         ] GC(386515) User=0.01s Sys=0.00s Real=0.00s
[2020-12-25T05:06:23.876-0400][gc,heap        ] GC(386516) Heap before GC invocations=386491 (full 11319): garbage-first heap   total 71680K, used 59097K [0x0000000083000000, 0x0000000100000000)
[2020-12-25T05:06:23.876-0400][gc,heap        ] GC(386516)   region size 1024K, 12 young (12288K), 1 survivors (1024K)
[2020-12-25T05:06:23.876-0400][gc,heap        ] GC(386516)  Metaspace       used 61036K, capacity 63745K, committed 64768K, reserved 1107968K
[2020-12-25T05:06:23.876-0400][gc,heap        ] GC(386516)   class space    used 5715K, capacity 6563K, committed 6912K, reserved 1048576K
[2020-12-25T05:06:23.876-0400][gc,start       ] GC(386516) Pause Young (Normal) (G1 Evacuation Pause)
[2020-12-25T05:06:23.876-0400][gc,task        ] GC(386516) Using 4 workers of 4 for evacuation
[2020-12-25T05:06:23.882-0400][gc,phases      ] GC(386516)   Pre Evacuate Collection Set: 0.0ms
[2020-12-25T05:06:23.882-0400][gc,phases      ] GC(386516)   Evacuate Collection Set: 3.8ms
[2020-12-25T05:06:23.882-0400][gc,phases      ] GC(386516)   Post Evacuate Collection Set: 1.6ms
[2020-12-25T05:06:23.883-0400][gc,phases      ] GC(386516)   Other: 0.9ms
[2020-12-25T05:06:23.883-0400][gc,heap        ] GC(386516) Eden regions: 11->0(11)
[2020-12-25T05:06:23.883-0400][gc,heap        ] GC(386516) Survivor regions: 1->1(2)
[2020-12-25T05:06:23.883-0400][gc,heap        ] GC(386516) Old regions: 45->45
[2020-12-25T05:06:23.883-0400][gc,heap        ] GC(386516) Humongous regions: 4->4
[2020-12-25T05:06:23.883-0400][gc,metaspace   ] GC(386516) Metaspace: 61036K->61036K(1107968K)
[2020-12-25T05:06:23.883-0400][gc,heap        ] GC(386516) Heap after GC invocations=386492 (full 11319): garbage-first heap   total 71680K, used 49002K [0x0000000083000000, 0x0000000100000000)
[2020-12-25T05:06:23.883-0400][gc,heap        ] GC(386516)   region size 1024K, 1 young (1024K), 1 survivors (1024K)
[2020-12-25T05:06:23.883-0400][gc,heap        ] GC(386516)  Metaspace       used 61036K, capacity 63745K, committed 64768K, reserved 1107968K
[2020-12-25T05:06:23.883-0400][gc,heap        ] GC(386516)   class space    used 5715K, capacity 6563K, committed 6912K, reserved 1048576K
[2020-12-25T05:06:23.883-0400][gc             ] GC(386516) Pause Young (Normal) (G1 Evacuation Pause) 58M->47M(70M) 6.702ms
[2020-12-25T05:06:23.883-0400][gc,cpu         ] GC(386516) User=0.01s Sys=0.01s Real=0.00s
[2020-12-25T05:06:50.924-0400][gc,task        ] GC(386517) Using 3 workers of 4 for full compaction
[2020-12-25T05:06:50.924-0400][gc,start       ] GC(386517) Pause Full (System.gc())
[2020-12-25T05:06:50.924-0400][gc,heap        ] GC(386517) Heap before GC invocations=386492 (full 11319): garbage-first heap   total 71680K, used 57194K [0x0000000083000000, 0x0000000100000000)
[2020-12-25T05:06:50.924-0400][gc,heap        ] GC(386517)   region size 1024K, 11 young (11264K), 1 survivors (1024K)
[2020-12-25T05:06:50.924-0400][gc,heap        ] GC(386517)  Metaspace       used 61036K, capacity 63745K, committed 64768K, reserved 1107968K
[2020-12-25T05:06:50.924-0400][gc,heap        ] GC(386517)   class space    used 5715K, capacity 6563K, committed 6912K, reserved 1048576K
[2020-12-25T05:06:50.926-0400][gc,phases,start] GC(386517) Phase 1: Mark live objects
[2020-12-25T05:06:51.070-0400][gc,stringtable ] GC(386517) Cleaned string and symbol table, strings: 32207 processed, 0 removed, symbols: 131459 processed, 0 removed
[2020-12-25T05:06:51.070-0400][gc,phases      ] GC(386517) Phase 1: Mark live objects 143.476ms
[2020-12-25T05:06:51.070-0400][gc,phases,start] GC(386517) Phase 2: Prepare for compaction
[2020-12-25T05:06:51.100-0400][gc,phases      ] GC(386517) Phase 2: Prepare for compaction 30.262ms
[2020-12-25T05:06:51.100-0400][gc,phases,start] GC(386517) Phase 3: Adjust pointers
[2020-12-25T05:06:51.178-0400][gc,phases      ] GC(386517) Phase 3: Adjust pointers 77.155ms
[2020-12-25T05:06:51.178-0400][gc,phases,start] GC(386517) Phase 4: Compact heap
[2020-12-25T05:06:51.198-0400][gc,phases      ] GC(386517) Phase 4: Compact heap 20.744ms
[2020-12-25T05:06:51.234-0400][gc,heap        ] GC(386517) Eden regions: 10->0(11)
[2020-12-25T05:06:51.235-0400][gc,heap        ] GC(386517) Survivor regions: 1->0(2)
[2020-12-25T05:06:51.235-0400][gc,heap        ] GC(386517) Old regions: 45->47
[2020-12-25T05:06:51.235-0400][gc,heap        ] GC(386517) Humongous regions: 4->4
[2020-12-25T05:06:51.235-0400][gc,metaspace   ] GC(386517) Metaspace: 61036K->61036K(1107968K)
[2020-12-25T05:06:51.235-0400][gc,heap        ] GC(386517) Heap after GC invocations=386493 (full 11320): garbage-first heap   total 71680K, used 48533K [0x0000000083000000, 0x0000000100000000)
[2020-12-25T05:06:51.235-0400][gc,heap        ] GC(386517)   region size 1024K, 0 young (0K), 0 survivors (0K)
[2020-12-25T05:06:51.235-0400][gc,heap        ] GC(386517)  Metaspace       used 61036K, capacity 63745K, committed 64768K, reserved 1107968K
[2020-12-25T05:06:51.235-0400][gc,heap        ] GC(386517)   class space    used 5715K, capacity 6563K, committed 6912K, reserved 1048576K
[2020-12-25T05:06:51.235-0400][gc             ] GC(386517) Pause Full (System.gc()) 57M->47M(70M) 311.026ms
[2020-12-25T05:06:51.235-0400][gc,cpu         ] GC(386517) User=0.84s Sys=0.00s Real=0.31s
[2020-12-25T05:07:22.703-0400][gc,heap        ] GC(386518) Heap before GC invocations=386493 (full 11320): garbage-first heap   total 71680K, used 58773K [0x0000000083000000, 0x0000000100000000)
[2020-12-25T05:07:22.703-0400][gc,heap        ] GC(386518)   region size 1024K, 11 young (11264K), 0 survivors (0K)
[2020-12-25T05:07:22.703-0400][gc,heap        ] GC(386518)  Metaspace       used 61036K, capacity 63745K, committed 64768K, reserved 1107968K
[2020-12-25T05:07:22.703-0400][gc,heap        ] GC(386518)   class space    used 5715K, capacity 6563K, committed 6912K, reserved 1048576K
[2020-12-25T05:07:22.703-0400][gc,start       ] GC(386518) Pause Young (Normal) (G1 Evacuation Pause)
[2020-12-25T05:07:22.703-0400][gc,task        ] GC(386518) Using 4 workers of 4 for evacuation
[2020-12-25T05:07:22.709-0400][gc,phases      ] GC(386518)   Pre Evacuate Collection Set: 0.0ms
[2020-12-25T05:07:22.709-0400][gc,phases      ] GC(386518)   Evacuate Collection Set: 3.1ms
[2020-12-25T05:07:22.709-0400][gc,phases      ] GC(386518)   Post Evacuate Collection Set: 2.0ms
[2020-12-25T05:07:22.709-0400][gc,phases      ] GC(386518)   Other: 0.9ms
[2020-12-25T05:07:22.709-0400][gc,heap        ] GC(386518) Eden regions: 11->0(10)
[2020-12-25T05:07:22.709-0400][gc,heap        ] GC(386518) Survivor regions: 0->1(2)
[2020-12-25T05:07:22.709-0400][gc,heap        ] GC(386518) Old regions: 47->47
[2020-12-25T05:07:22.709-0400][gc,heap        ] GC(386518) Humongous regions: 4->4
[2020-12-25T05:07:22.710-0400][gc,metaspace   ] GC(386518) Metaspace: 61036K->61036K(1107968K)
[2020-12-25T05:07:22.710-0400][gc,heap        ] GC(386518) Heap after GC invocations=386494 (full 11320): garbage-first heap   total 71680K, used 48846K [0x0000000083000000, 0x0000000100000000)
[2020-12-25T05:07:22.710-0400][gc,heap        ] GC(386518)   region size 1024K, 1 young (1024K), 1 survivors (1024K)
[2020-12-25T05:07:22.710-0400][gc,heap        ] GC(386518)  Metaspace       used 61036K, capacity 63745K, committed 64768K, reserved 1107968K
[2020-12-25T05:07:22.710-0400][gc,heap        ] GC(386518)   class space    used 5715K, capacity 6563K, committed 6912K, reserved 1048576K
[2020-12-25T05:07:22.710-0400][gc             ] GC(386518) Pause Young (Normal) (G1 Evacuation Pause) 58M->47M(70M) 6.418ms
[2020-12-25T05:07:22.710-0400][gc,cpu         ] GC(386518) User=0.02s Sys=0.00s Real=0.01s
[2020-12-25T05:07:55.637-0400][gc,heap        ] GC(386519) Heap before GC invocations=386494 (full 11320): garbage-first heap   total 71680K, used 58062K [0x0000000083000000, 0x0000000100000000)
[2020-12-25T05:07:55.637-0400][gc,heap        ] GC(386519)   region size 1024K, 11 young (11264K), 1 survivors (1024K)
[2020-12-25T05:07:55.637-0400][gc,heap        ] GC(386519)  Metaspace       used 61036K, capacity 63745K, committed 64768K, reserved 1107968K
[2020-12-25T05:07:55.637-0400][gc,heap        ] GC(386519)   class space    used 5715K, capacity 6563K, committed 6912K, reserved 1048576K
[2020-12-25T05:07:55.637-0400][gc,start       ] GC(386519) Pause Young (Normal) (G1 Evacuation Pause)
[2020-12-25T05:07:55.637-0400][gc,task        ] GC(386519) Using 4 workers of 4 for evacuation
[2020-12-25T05:07:55.643-0400][gc,phases      ] GC(386519)   Pre Evacuate Collection Set: 0.0ms
[2020-12-25T05:07:55.643-0400][gc,phases      ] GC(386519)   Evacuate Collection Set: 3.1ms
[2020-12-25T05:07:55.643-0400][gc,phases      ] GC(386519)   Post Evacuate Collection Set: 1.6ms
[2020-12-25T05:07:55.643-0400][gc,phases      ] GC(386519)   Other: 1.0ms
[2020-12-25T05:07:55.643-0400][gc,heap        ] GC(386519) Eden regions: 10->0(10)
[2020-12-25T05:07:55.643-0400][gc,heap        ] GC(386519) Survivor regions: 1->1(2)
[2020-12-25T05:07:55.643-0400][gc,heap        ] GC(386519) Old regions: 47->47
[2020-12-25T05:07:55.643-0400][gc,heap        ] GC(386519) Humongous regions: 4->4
[2020-12-25T05:07:55.643-0400][gc,metaspace   ] GC(386519) Metaspace: 61036K->61036K(1107968K)
[2020-12-25T05:07:55.643-0400][gc,heap        ] GC(386519) Heap after GC invocations=386495 (full 11320): garbage-first heap   total 71680K, used 48842K [0x0000000083000000, 0x0000000100000000)
[2020-12-25T05:07:55.643-0400][gc,heap        ] GC(386519)   region size 1024K, 1 young (1024K), 1 survivors (1024K)
[2020-12-25T05:07:55.643-0400][gc,heap        ] GC(386519)  Metaspace       used 61036K, capacity 63745K, committed 64768K, reserved 1107968K
[2020-12-25T05:07:55.643-0400][gc,heap        ] GC(386519)   class space    used 5715K, capacity 6563K, committed 6912K, reserved 1048576K
[2020-12-25T05:07:55.643-0400][gc             ] GC(386519) Pause Young (Normal) (G1 Evacuation Pause) 57M->47M(70M) 5.961ms
[2020-12-25T05:07:55.644-0400][gc,cpu         ] GC(386519) User=0.01s Sys=0.01s Real=0.00s
[2020-12-25T05:08:15.442-0400][gc,heap        ] GC(386520) Heap before GC invocations=386495 (full 11320): garbage-first heap   total 71680K, used 58058K [0x0000000083000000, 0x0000000100000000)
[2020-12-25T05:08:15.443-0400][gc,heap        ] GC(386520)   region size 1024K, 11 young (11264K), 1 survivors (1024K)
[2020-12-25T05:08:15.443-0400][gc,heap        ] GC(386520)  Metaspace       used 61036K, capacity 63745K, committed 64768K, reserved 1107968K
[2020-12-25T05:08:15.443-0400][gc,heap        ] GC(386520)   class space    used 5715K, capacity 6563K, committed 6912K, reserved 1048576K
[2020-12-25T05:08:15.443-0400][gc,start       ] GC(386520) Pause Young (Normal) (G1 Evacuation Pause)
[2020-12-25T05:08:15.443-0400][gc,task        ] GC(386520) Using 4 workers of 4 for evacuation
[2020-12-25T05:08:15.448-0400][gc,phases      ] GC(386520)   Pre Evacuate Collection Set: 0.0ms
[2020-12-25T05:08:15.449-0400][gc,phases      ] GC(386520)   Evacuate Collection Set: 3.5ms
[2020-12-25T05:08:15.449-0400][gc,phases      ] GC(386520)   Post Evacuate Collection Set: 1.6ms
[2020-12-25T05:08:15.449-0400][gc,phases      ] GC(386520)   Other: 0.9ms
[2020-12-25T05:08:15.449-0400][gc,heap        ] GC(386520) Eden regions: 10->0(10)
[2020-12-25T05:08:15.449-0400][gc,heap        ] GC(386520) Survivor regions: 1->1(2)
[2020-12-25T05:08:15.449-0400][gc,heap        ] GC(386520) Old regions: 47->47
[2020-12-25T05:08:15.449-0400][gc,heap        ] GC(386520) Humongous regions: 4->4
[2020-12-25T05:08:15.449-0400][gc,metaspace   ] GC(386520) Metaspace: 61036K->61036K(1107968K)
[2020-12-25T05:08:15.449-0400][gc,heap        ] GC(386520) Heap after GC invocations=386496 (full 11320): garbage-first heap   total 71680K, used 48901K [0x0000000083000000, 0x0000000100000000)
[2020-12-25T05:08:15.449-0400][gc,heap        ] GC(386520)   region size 1024K, 1 young (1024K), 1 survivors (1024K)
[2020-12-25T05:08:15.449-0400][gc,heap        ] GC(386520)  Metaspace       used 61036K, capacity 63745K, committed 64768K, reserved 1107968K
[2020-12-25T05:08:15.449-0400][gc,heap        ] GC(386520)   class space    used 5715K, capacity 6563K, committed 6912K, reserved 1048576K
[2020-12-25T05:08:15.449-0400][gc             ] GC(386520) Pause Young (Normal) (G1 Evacuation Pause) 57M->47M(70M) 6.493ms
[2020-12-25T05:08:15.449-0400][gc,cpu         ] GC(386520) User=0.01s Sys=0.01s Real=0.01s
[2020-12-25T05:08:45.729-0400][gc,heap        ] GC(386521) Heap before GC invocations=386496 (full 11320): garbage-first heap   total 71680K, used 58117K [0x0000000083000000, 0x0000000100000000)
[2020-12-25T05:08:45.729-0400][gc,heap        ] GC(386521)   region size 1024K, 11 young (11264K), 1 survivors (1024K)
[2020-12-25T05:08:45.729-0400][gc,heap        ] GC(386521)  Metaspace       used 61036K, capacity 63745K, committed 64768K, reserved 1107968K
[2020-12-25T05:08:45.729-0400][gc,heap        ] GC(386521)   class space    used 5715K, capacity 6563K, committed 6912K, reserved 1048576K
[2020-12-25T05:08:45.730-0400][gc,start       ] GC(386521) Pause Young (Normal) (G1 Evacuation Pause)
[2020-12-25T05:08:45.730-0400][gc,task        ] GC(386521) Using 4 workers of 4 for evacuation
[2020-12-25T05:08:45.735-0400][gc,phases      ] GC(386521)   Pre Evacuate Collection Set: 0.0ms
[2020-12-25T05:08:45.735-0400][gc,phases      ] GC(386521)   Evacuate Collection Set: 3.4ms
[2020-12-25T05:08:45.735-0400][gc,phases      ] GC(386521)   Post Evacuate Collection Set: 1.8ms
[2020-12-25T05:08:45.736-0400][gc,phases      ] GC(386521)   Other: 1.1ms
[2020-12-25T05:08:45.736-0400][gc,heap        ] GC(386521) Eden regions: 10->0(10)
[2020-12-25T05:08:45.736-0400][gc,heap        ] GC(386521) Survivor regions: 1->1(2)
[2020-12-25T05:08:45.736-0400][gc,heap        ] GC(386521) Old regions: 47->47
[2020-12-25T05:08:45.736-0400][gc,heap        ] GC(386521) Humongous regions: 4->4
[2020-12-25T05:08:45.736-0400][gc,metaspace   ] GC(386521) Metaspace: 61036K->61036K(1107968K)
[2020-12-25T05:08:45.736-0400][gc,heap        ] GC(386521) Heap after GC invocations=386497 (full 11320): garbage-first heap   total 71680K, used 48938K [0x0000000083000000, 0x0000000100000000)
[2020-12-25T05:08:45.736-0400][gc,heap        ] GC(386521)   region size 1024K, 1 young (1024K), 1 survivors (1024K)
[2020-12-25T05:08:45.736-0400][gc,heap        ] GC(386521)  Metaspace       used 61036K, capacity 63745K, committed 64768K, reserved 1107968K
[2020-12-25T05:08:45.736-0400][gc,heap        ] GC(386521)   class space    used 5715K, capacity 6563K, committed 6912K, reserved 1048576K
[2020-12-25T05:08:45.736-0400][gc             ] GC(386521) Pause Young (Normal) (G1 Evacuation Pause) 57M->47M(70M) 6.542ms
[2020-12-25T05:08:45.736-0400][gc,cpu         ] GC(386521) User=0.02s Sys=0.00s Real=0.01s
[2020-12-25T05:09:14.049-0400][gc,heap        ] GC(386522) Heap before GC invocations=386497 (full 11320): garbage-first heap   total 71680K, used 58154K [0x0000000083000000, 0x0000000100000000)
[2020-12-25T05:09:14.049-0400][gc,heap        ] GC(386522)   region size 1024K, 11 young (11264K), 1 survivors (1024K)
[2020-12-25T05:09:14.049-0400][gc,heap        ] GC(386522)  Metaspace       used 61036K, capacity 63745K, committed 64768K, reserved 1107968K
[2020-12-25T05:09:14.049-0400][gc,heap        ] GC(386522)   class space    used 5715K, capacity 6563K, committed 6912K, reserved 1048576K
[2020-12-25T05:09:14.050-0400][gc,start       ] GC(386522) Pause Young (Normal) (G1 Evacuation Pause)
[2020-12-25T05:09:14.050-0400][gc,task        ] GC(386522) Using 4 workers of 4 for evacuation
[2020-12-25T05:09:14.055-0400][gc,phases      ] GC(386522)   Pre Evacuate Collection Set: 0.0ms
[2020-12-25T05:09:14.055-0400][gc,phases      ] GC(386522)   Evacuate Collection Set: 3.6ms
[2020-12-25T05:09:14.055-0400][gc,phases      ] GC(386522)   Post Evacuate Collection Set: 1.6ms
[2020-12-25T05:09:14.056-0400][gc,phases      ] GC(386522)   Other: 1.0ms
[2020-12-25T05:09:14.056-0400][gc,heap        ] GC(386522) Eden regions: 10->0(10)
[2020-12-25T05:09:14.056-0400][gc,heap        ] GC(386522) Survivor regions: 1->1(2)
[2020-12-25T05:09:14.056-0400][gc,heap        ] GC(386522) Old regions: 47->47
[2020-12-25T05:09:14.056-0400][gc,heap        ] GC(386522) Humongous regions: 4->4
[2020-12-25T05:09:14.056-0400][gc,metaspace   ] GC(386522) Metaspace: 61036K->61036K(1107968K)
[2020-12-25T05:09:14.056-0400][gc,heap        ] GC(386522) Heap after GC invocations=386498 (full 11320): garbage-first heap   total 71680K, used 48990K [0x0000000083000000, 0x0000000100000000)
[2020-12-25T05:09:14.056-0400][gc,heap        ] GC(386522)   region size 1024K, 1 young (1024K), 1 survivors (1024K)
[2020-12-25T05:09:14.056-0400][gc,heap        ] GC(386522)  Metaspace       used 61036K, capacity 63745K, committed 64768K, reserved 1107968K
[2020-12-25T05:09:14.056-0400][gc,heap        ] GC(386522)   class space    used 5715K, capacity 6563K, committed 6912K, reserved 1048576K
[2020-12-25T05:09:14.056-0400][gc             ] GC(386522) Pause Young (Normal) (G1 Evacuation Pause) 57M->47M(70M) 6.654ms
[2020-12-25T05:09:14.056-0400][gc,cpu         ] GC(386522) User=0.02s Sys=0.00s Real=0.01s
[2020-12-25T05:09:53.892-0400][gc,heap        ] GC(386523) Heap before GC invocations=386498 (full 11320): garbage-first heap   total 71680K, used 59230K [0x0000000083000000, 0x0000000100000000)
[2020-12-25T05:09:53.893-0400][gc,heap        ] GC(386523)   region size 1024K, 11 young (11264K), 1 survivors (1024K)
[2020-12-25T05:09:53.893-0400][gc,heap        ] GC(386523)  Metaspace       used 61036K, capacity 63745K, committed 64768K, reserved 1107968K
[2020-12-25T05:09:53.893-0400][gc,heap        ] GC(386523)   class space    used 5715K, capacity 6563K, committed 6912K, reserved 1048576K
[2020-12-25T05:09:53.893-0400][gc,start       ] GC(386523) Pause Young (Normal) (G1 Evacuation Pause)
[2020-12-25T05:09:53.893-0400][gc,task        ] GC(386523) Using 4 workers of 4 for evacuation
[2020-12-25T05:09:53.899-0400][gc,phases      ] GC(386523)   Pre Evacuate Collection Set: 0.0ms
[2020-12-25T05:09:53.899-0400][gc,phases      ] GC(386523)   Evacuate Collection Set: 3.6ms
[2020-12-25T05:09:53.899-0400][gc,phases      ] GC(386523)   Post Evacuate Collection Set: 1.8ms
[2020-12-25T05:09:53.899-0400][gc,phases      ] GC(386523)   Other: 0.9ms
[2020-12-25T05:09:53.899-0400][gc,heap        ] GC(386523) Eden regions: 10->0(10)
[2020-12-25T05:09:53.899-0400][gc,heap        ] GC(386523) Survivor regions: 1->1(2)
[2020-12-25T05:09:53.899-0400][gc,heap        ] GC(386523) Old regions: 47->47
[2020-12-25T05:09:53.899-0400][gc,heap        ] GC(386523) Humongous regions: 4->4
[2020-12-25T05:09:53.899-0400][gc,metaspace   ] GC(386523) Metaspace: 61036K->61036K(1107968K)
[2020-12-25T05:09:53.899-0400][gc,heap        ] GC(386523) Heap after GC invocations=386499 (full 11320): garbage-first heap   total 71680K, used 49014K [0x0000000083000000, 0x0000000100000000)
[2020-12-25T05:09:53.899-0400][gc,heap        ] GC(386523)   region size 1024K, 1 young (1024K), 1 survivors (1024K)
[2020-12-25T05:09:53.899-0400][gc,heap        ] GC(386523)  Metaspace       used 61036K, capacity 63745K, committed 64768K, reserved 1107968K
[2020-12-25T05:09:53.899-0400][gc,heap        ] GC(386523)   class space    used 5715K, capacity 6563K, committed 6912K, reserved 1048576K
[2020-12-25T05:09:53.899-0400][gc             ] GC(386523) Pause Young (Normal) (G1 Evacuation Pause) 57M->47M(70M) 6.645ms
[2020-12-25T05:09:53.900-0400][gc,cpu         ] GC(386523) User=0.01s Sys=0.01s Real=0.01s
[2020-12-25T05:10:18.083-0400][gc,heap        ] GC(386524) Heap before GC invocations=386499 (full 11320): garbage-first heap   total 71680K, used 58230K [0x0000000083000000, 0x0000000100000000)
[2020-12-25T05:10:18.084-0400][gc,heap        ] GC(386524)   region size 1024K, 11 young (11264K), 1 survivors (1024K)
[2020-12-25T05:10:18.084-0400][gc,heap        ] GC(386524)  Metaspace       used 61036K, capacity 63745K, committed 64768K, reserved 1107968K
[2020-12-25T05:10:18.084-0400][gc,heap        ] GC(386524)   class space    used 5715K, capacity 6563K, committed 6912K, reserved 1048576K
[2020-12-25T05:10:18.084-0400][gc,start       ] GC(386524) Pause Young (Normal) (G1 Evacuation Pause)
[2020-12-25T05:10:18.084-0400][gc,task        ] GC(386524) Using 4 workers of 4 for evacuation
[2020-12-25T05:10:18.090-0400][gc,phases      ] GC(386524)   Pre Evacuate Collection Set: 0.0ms
[2020-12-25T05:10:18.090-0400][gc,phases      ] GC(386524)   Evacuate Collection Set: 3.6ms
[2020-12-25T05:10:18.090-0400][gc,phases      ] GC(386524)   Post Evacuate Collection Set: 1.6ms
[2020-12-25T05:10:18.090-0400][gc,phases      ] GC(386524)   Other: 0.9ms
[2020-12-25T05:10:18.090-0400][gc,heap        ] GC(386524) Eden regions: 10->0(10)
[2020-12-25T05:10:18.090-0400][gc,heap        ] GC(386524) Survivor regions: 1->1(2)
[2020-12-25T05:10:18.090-0400][gc,heap        ] GC(386524) Old regions: 47->47
[2020-12-25T05:10:18.090-0400][gc,heap        ] GC(386524) Humongous regions: 4->4
[2020-12-25T05:10:18.090-0400][gc,metaspace   ] GC(386524) Metaspace: 61036K->61036K(1107968K)
[2020-12-25T05:10:18.090-0400][gc,heap        ] GC(386524) Heap after GC invocations=386500 (full 11320): garbage-first heap   total 71680K, used 49023K [0x0000000083000000, 0x0000000100000000)
[2020-12-25T05:10:18.090-0400][gc,heap        ] GC(386524)   region size 1024K, 1 young (1024K), 1 survivors (1024K)
[2020-12-25T05:10:18.090-0400][gc,heap        ] GC(386524)  Metaspace       used 61036K, capacity 63745K, committed 64768K, reserved 1107968K
[2020-12-25T05:10:18.090-0400][gc,heap        ] GC(386524)   class space    used 5715K, capacity 6563K, committed 6912K, reserved 1048576K
[2020-12-25T05:10:18.090-0400][gc             ] GC(386524) Pause Young (Normal) (G1 Evacuation Pause) 57M->47M(70M) 6.422ms
[2020-12-25T05:10:18.090-0400][gc,cpu         ] GC(386524) User=0.01s Sys=0.01s Real=0.01s
[2020-12-25T05:10:40.454-0400][gc,heap        ] GC(386525) Heap before GC invocations=386500 (full 11320): garbage-first heap   total 71680K, used 58239K [0x0000000083000000, 0x0000000100000000)
[2020-12-25T05:10:40.454-0400][gc,heap        ] GC(386525)   region size 1024K, 11 young (11264K), 1 survivors (1024K)
[2020-12-25T05:10:40.454-0400][gc,heap        ] GC(386525)  Metaspace       used 61036K, capacity 63745K, committed 64768K, reserved 1107968K
[2020-12-25T05:10:40.454-0400][gc,heap        ] GC(386525)   class space    used 5715K, capacity 6563K, committed 6912K, reserved 1048576K
[2020-12-25T05:10:40.454-0400][gc,start       ] GC(386525) Pause Young (Normal) (G1 Evacuation Pause)
[2020-12-25T05:10:40.454-0400][gc,task        ] GC(386525) Using 4 workers of 4 for evacuation
[2020-12-25T05:10:40.459-0400][gc,phases      ] GC(386525)   Pre Evacuate Collection Set: 0.0ms
[2020-12-25T05:10:40.459-0400][gc,phases      ] GC(386525)   Evacuate Collection Set: 3.3ms
[2020-12-25T05:10:40.459-0400][gc,phases      ] GC(386525)   Post Evacuate Collection Set: 1.3ms
[2020-12-25T05:10:40.459-0400][gc,phases      ] GC(386525)   Other: 0.8ms
[2020-12-25T05:10:40.459-0400][gc,heap        ] GC(386525) Eden regions: 10->0(10)
[2020-12-25T05:10:40.459-0400][gc,heap        ] GC(386525) Survivor regions: 1->1(2)
[2020-12-25T05:10:40.460-0400][gc,heap        ] GC(386525) Old regions: 47->47
[2020-12-25T05:10:40.460-0400][gc,heap        ] GC(386525) Humongous regions: 4->4
[2020-12-25T05:10:40.460-0400][gc,metaspace   ] GC(386525) Metaspace: 61036K->61036K(1107968K)
[2020-12-25T05:10:40.460-0400][gc,heap        ] GC(386525) Heap after GC invocations=386501 (full 11320): garbage-first heap   total 71680K, used 48924K [0x0000000083000000, 0x0000000100000000)
[2020-12-25T05:10:40.460-0400][gc,heap        ] GC(386525)   region size 1024K, 1 young (1024K), 1 survivors (1024K)
[2020-12-25T05:10:40.460-0400][gc,heap        ] GC(386525)  Metaspace       used 61036K, capacity 63745K, committed 64768K, reserved 1107968K
[2020-12-25T05:10:40.460-0400][gc,heap        ] GC(386525)   class space    used 5715K, capacity 6563K, committed 6912K, reserved 1048576K
[2020-12-25T05:10:40.460-0400][gc             ] GC(386525) Pause Young (Normal) (G1 Evacuation Pause) 57M->47M(70M) 6.027ms
[2020-12-25T05:10:40.460-0400][gc,cpu         ] GC(386525) User=0.01s Sys=0.01s Real=0.01s
[2020-12-25T05:11:07.115-0400][gc,heap        ] GC(386526) Heap before GC invocations=386501 (full 11320): garbage-first heap   total 71680K, used 58140K [0x0000000083000000, 0x0000000100000000)
[2020-12-25T05:11:07.115-0400][gc,heap        ] GC(386526)   region size 1024K, 11 young (11264K), 1 survivors (1024K)
[2020-12-25T05:11:07.115-0400][gc,heap        ] GC(386526)  Metaspace       used 61036K, capacity 63745K, committed 64768K, reserved 1107968K
[2020-12-25T05:11:07.115-0400][gc,heap        ] GC(386526)   class space    used 5715K, capacity 6563K, committed 6912K, reserved 1048576K
[2020-12-25T05:11:07.115-0400][gc,start       ] GC(386526) Pause Young (Normal) (G1 Evacuation Pause)
[2020-12-25T05:11:07.115-0400][gc,task        ] GC(386526) Using 4 workers of 4 for evacuation
[2020-12-25T05:11:07.121-0400][gc,phases      ] GC(386526)   Pre Evacuate Collection Set: 0.0ms
[2020-12-25T05:11:07.121-0400][gc,phases      ] GC(386526)   Evacuate Collection Set: 3.6ms
[2020-12-25T05:11:07.121-0400][gc,phases      ] GC(386526)   Post Evacuate Collection Set: 1.8ms
[2020-12-25T05:11:07.122-0400][gc,phases      ] GC(386526)   Other: 0.8ms
[2020-12-25T05:11:07.122-0400][gc,heap        ] GC(386526) Eden regions: 10->0(9)
[2020-12-25T05:11:07.122-0400][gc,heap        ] GC(386526) Survivor regions: 1->1(2)
[2020-12-25T05:11:07.122-0400][gc,heap        ] GC(386526) Old regions: 47->47
[2020-12-25T05:11:07.122-0400][gc,heap        ] GC(386526) Humongous regions: 4->4
[2020-12-25T05:11:07.122-0400][gc,metaspace   ] GC(386526) Metaspace: 61036K->61036K(1107968K)
[2020-12-25T05:11:07.122-0400][gc,heap        ] GC(386526) Heap after GC invocations=386502 (full 11320): garbage-first heap   total 71680K, used 49068K [0x0000000083000000, 0x0000000100000000)
[2020-12-25T05:11:07.122-0400][gc,heap        ] GC(386526)   region size 1024K, 1 young (1024K), 1 survivors (1024K)
[2020-12-25T05:11:07.122-0400][gc,heap        ] GC(386526)  Metaspace       used 61036K, capacity 63745K, committed 64768K, reserved 1107968K
[2020-12-25T05:11:07.122-0400][gc,heap        ] GC(386526)   class space    used 5715K, capacity 6563K, committed 6912K, reserved 1048576K
[2020-12-25T05:11:07.122-0400][gc             ] GC(386526) Pause Young (Normal) (G1 Evacuation Pause) 57M->47M(70M) 6.727ms
[2020-12-25T05:11:07.122-0400][gc,cpu         ] GC(386526) User=0.02s Sys=0.00s Real=0.01s
[2020-12-25T05:11:36.660-0400][gc,heap        ] GC(386527) Heap before GC invocations=386502 (full 11320): garbage-first heap   total 71680K, used 57260K [0x0000000083000000, 0x0000000100000000)
[2020-12-25T05:11:36.661-0400][gc,heap        ] GC(386527)   region size 1024K, 10 young (10240K), 1 survivors (1024K)
[2020-12-25T05:11:36.661-0400][gc,heap        ] GC(386527)  Metaspace       used 61036K, capacity 63745K, committed 64768K, reserved 1107968K
[2020-12-25T05:11:36.661-0400][gc,heap        ] GC(386527)   class space    used 5715K, capacity 6563K, committed 6912K, reserved 1048576K
[2020-12-25T05:11:36.661-0400][gc,start       ] GC(386527) Pause Young (Normal) (G1 Evacuation Pause)
[2020-12-25T05:11:36.661-0400][gc,task        ] GC(386527) Using 4 workers of 4 for evacuation
[2020-12-25T05:11:36.667-0400][gc,phases      ] GC(386527)   Pre Evacuate Collection Set: 0.0ms
[2020-12-25T05:11:36.667-0400][gc,phases      ] GC(386527)   Evacuate Collection Set: 3.6ms
[2020-12-25T05:11:36.667-0400][gc,phases      ] GC(386527)   Post Evacuate Collection Set: 1.8ms
[2020-12-25T05:11:36.667-0400][gc,phases      ] GC(386527)   Other: 0.9ms
[2020-12-25T05:11:36.667-0400][gc,heap        ] GC(386527) Eden regions: 9->0(9)
[2020-12-25T05:11:36.667-0400][gc,heap        ] GC(386527) Survivor regions: 1->1(2)
[2020-12-25T05:11:36.667-0400][gc,heap        ] GC(386527) Old regions: 47->47
[2020-12-25T05:11:36.667-0400][gc,heap        ] GC(386527) Humongous regions: 4->4
[2020-12-25T05:11:36.667-0400][gc,metaspace   ] GC(386527) Metaspace: 61036K->61036K(1107968K)
[2020-12-25T05:11:36.667-0400][gc,heap        ] GC(386527) Heap after GC invocations=386503 (full 11320): garbage-first heap   total 71680K, used 49063K [0x0000000083000000, 0x0000000100000000)
[2020-12-25T05:11:36.667-0400][gc,heap        ] GC(386527)   region size 1024K, 1 young (1024K), 1 survivors (1024K)
[2020-12-25T05:11:36.667-0400][gc,heap        ] GC(386527)  Metaspace       used 61036K, capacity 63745K, committed 64768K, reserved 1107968K
[2020-12-25T05:11:36.667-0400][gc,heap        ] GC(386527)   class space    used 5715K, capacity 6563K, committed 6912K, reserved 1048576K
[2020-12-25T05:11:36.667-0400][gc             ] GC(386527) Pause Young (Normal) (G1 Evacuation Pause) 56M->47M(70M) 6.630ms
[2020-12-25T05:11:36.668-0400][gc,cpu         ] GC(386527) User=0.02s Sys=0.00s Real=0.01s
[2020-12-25T05:11:50.924-0400][gc,task        ] GC(386528) Using 3 workers of 4 for full compaction
[2020-12-25T05:11:50.924-0400][gc,start       ] GC(386528) Pause Full (System.gc())
[2020-12-25T05:11:50.924-0400][gc,heap        ] GC(386528) Heap before GC invocations=386503 (full 11320): garbage-first heap   total 71680K, used 53159K [0x0000000083000000, 0x0000000100000000)
[2020-12-25T05:11:50.924-0400][gc,heap        ] GC(386528)   region size 1024K, 6 young (6144K), 1 survivors (1024K)
[2020-12-25T05:11:50.925-0400][gc,heap        ] GC(386528)  Metaspace       used 61036K, capacity 63745K, committed 64768K, reserved 1107968K
[2020-12-25T05:11:50.925-0400][gc,heap        ] GC(386528)   class space    used 5715K, capacity 6563K, committed 6912K, reserved 1048576K
[2020-12-25T05:11:50.927-0400][gc,phases,start] GC(386528) Phase 1: Mark live objects
[2020-12-25T05:11:51.069-0400][gc,stringtable ] GC(386528) Cleaned string and symbol table, strings: 32207 processed, 0 removed, symbols: 131459 processed, 0 removed
[2020-12-25T05:11:51.069-0400][gc,phases      ] GC(386528) Phase 1: Mark live objects 141.978ms
[2020-12-25T05:11:51.069-0400][gc,phases,start] GC(386528) Phase 2: Prepare for compaction
[2020-12-25T05:11:51.100-0400][gc,phases      ] GC(386528) Phase 2: Prepare for compaction 30.914ms
[2020-12-25T05:11:51.100-0400][gc,phases,start] GC(386528) Phase 3: Adjust pointers
[2020-12-25T05:11:51.179-0400][gc,phases      ] GC(386528) Phase 3: Adjust pointers 79.229ms
[2020-12-25T05:11:51.179-0400][gc,phases,start] GC(386528) Phase 4: Compact heap
[2020-12-25T05:11:51.200-0400][gc,phases      ] GC(386528) Phase 4: Compact heap 20.297ms
[2020-12-25T05:11:51.236-0400][gc,heap        ] GC(386528) Eden regions: 5->0(10)
[2020-12-25T05:11:51.237-0400][gc,heap        ] GC(386528) Survivor regions: 1->0(2)
[2020-12-25T05:11:51.237-0400][gc,heap        ] GC(386528) Old regions: 47->47
[2020-12-25T05:11:51.237-0400][gc,heap        ] GC(386528) Humongous regions: 4->4
[2020-12-25T05:11:51.237-0400][gc,metaspace   ] GC(386528) Metaspace: 61036K->61036K(1107968K)
[2020-12-25T05:11:51.237-0400][gc,heap        ] GC(386528) Heap after GC invocations=386504 (full 11321): garbage-first heap   total 71680K, used 48516K [0x0000000083000000, 0x0000000100000000)
[2020-12-25T05:11:51.237-0400][gc,heap        ] GC(386528)   region size 1024K, 0 young (0K), 0 survivors (0K)
[2020-12-25T05:11:51.237-0400][gc,heap        ] GC(386528)  Metaspace       used 61036K, capacity 63745K, committed 64768K, reserved 1107968K
[2020-12-25T05:11:51.237-0400][gc,heap        ] GC(386528)   class space    used 5715K, capacity 6563K, committed 6912K, reserved 1048576K
[2020-12-25T05:11:51.237-0400][gc             ] GC(386528) Pause Full (System.gc()) 52M->47M(70M) 312.723ms
[2020-12-25T05:11:51.237-0400][gc,cpu         ] GC(386528) User=0.55s Sys=0.29s Real=0.32s
[2020-12-25T05:12:07.782-0400][gc,heap        ] GC(386529) Heap before GC invocations=386504 (full 11321): garbage-first heap   total 71680K, used 57732K [0x0000000083000000, 0x0000000100000000)
[2020-12-25T05:12:07.782-0400][gc,heap        ] GC(386529)   region size 1024K, 10 young (10240K), 0 survivors (0K)
[2020-12-25T05:12:07.782-0400][gc,heap        ] GC(386529)  Metaspace       used 61036K, capacity 63745K, committed 64768K, reserved 1107968K
[2020-12-25T05:12:07.782-0400][gc,heap        ] GC(386529)   class space    used 5715K, capacity 6563K, committed 6912K, reserved 1048576K
[2020-12-25T05:12:07.782-0400][gc,start       ] GC(386529) Pause Young (Normal) (G1 Evacuation Pause)
[2020-12-25T05:12:07.782-0400][gc,task        ] GC(386529) Using 4 workers of 4 for evacuation
[2020-12-25T05:12:07.788-0400][gc,phases      ] GC(386529)   Pre Evacuate Collection Set: 0.0ms
[2020-12-25T05:12:07.788-0400][gc,phases      ] GC(386529)   Evacuate Collection Set: 3.1ms
[2020-12-25T05:12:07.788-0400][gc,phases      ] GC(386529)   Post Evacuate Collection Set: 2.5ms
[2020-12-25T05:12:07.789-0400][gc,phases      ] GC(386529)   Other: 0.9ms
[2020-12-25T05:12:07.789-0400][gc,heap        ] GC(386529) Eden regions: 10->0(9)
[2020-12-25T05:12:07.789-0400][gc,heap        ] GC(386529) Survivor regions: 0->1(2)
[2020-12-25T05:12:07.789-0400][gc,heap        ] GC(386529) Old regions: 47->47
[2020-12-25T05:12:07.789-0400][gc,heap        ] GC(386529) Humongous regions: 4->4
[2020-12-25T05:12:07.789-0400][gc,metaspace   ] GC(386529) Metaspace: 61036K->61036K(1107968K)
[2020-12-25T05:12:07.789-0400][gc,heap        ] GC(386529) Heap after GC invocations=386505 (full 11321): garbage-first heap   total 71680K, used 49379K [0x0000000083000000, 0x0000000100000000)
[2020-12-25T05:12:07.789-0400][gc,heap        ] GC(386529)   region size 1024K, 1 young (1024K), 1 survivors (1024K)
[2020-12-25T05:12:07.789-0400][gc,heap        ] GC(386529)  Metaspace       used 61036K, capacity 63745K, committed 64768K, reserved 1107968K
[2020-12-25T05:12:07.789-0400][gc,heap        ] GC(386529)   class space    used 5715K, capacity 6563K, committed 6912K, reserved 1048576K
[2020-12-25T05:12:07.789-0400][gc             ] GC(386529) Pause Young (Normal) (G1 Evacuation Pause) 57M->48M(70M) 6.908ms
[2020-12-25T05:12:07.789-0400][gc,cpu         ] GC(386529) User=0.01s Sys=0.01s Real=0.01s
[2020-12-25T05:12:35.486-0400][gc,heap        ] GC(386530) Heap before GC invocations=386505 (full 11321): garbage-first heap   total 71680K, used 57571K [0x0000000083000000, 0x0000000100000000)
[2020-12-25T05:12:35.486-0400][gc,heap        ] GC(386530)   region size 1024K, 10 young (10240K), 1 survivors (1024K)
[2020-12-25T05:12:35.486-0400][gc,heap        ] GC(386530)  Metaspace       used 61036K, capacity 63745K, committed 64768K, reserved 1107968K
[2020-12-25T05:12:35.486-0400][gc,heap        ] GC(386530)   class space    used 5715K, capacity 6563K, committed 6912K, reserved 1048576K
[2020-12-25T05:12:35.486-0400][gc,start       ] GC(386530) Pause Young (Normal) (G1 Evacuation Pause)
[2020-12-25T05:12:35.486-0400][gc,task        ] GC(386530) Using 4 workers of 4 for evacuation
[2020-12-25T05:12:35.492-0400][gc,phases      ] GC(386530)   Pre Evacuate Collection Set: 0.0ms
[2020-12-25T05:12:35.492-0400][gc,phases      ] GC(386530)   Evacuate Collection Set: 3.3ms
[2020-12-25T05:12:35.492-0400][gc,phases      ] GC(386530)   Post Evacuate Collection Set: 1.7ms
[2020-12-25T05:12:35.492-0400][gc,phases      ] GC(386530)   Other: 0.8ms
[2020-12-25T05:12:35.492-0400][gc,heap        ] GC(386530) Eden regions: 9->0(9)
[2020-12-25T05:12:35.492-0400][gc,heap        ] GC(386530) Survivor regions: 1->1(2)
[2020-12-25T05:12:35.492-0400][gc,heap        ] GC(386530) Old regions: 47->47
[2020-12-25T05:12:35.492-0400][gc,heap        ] GC(386530) Humongous regions: 4->4
[2020-12-25T05:12:35.492-0400][gc,metaspace   ] GC(386530) Metaspace: 61036K->61036K(1107968K)
[2020-12-25T05:12:35.492-0400][gc,heap        ] GC(386530) Heap after GC invocations=386506 (full 11321): garbage-first heap   total 71680K, used 48864K [0x0000000083000000, 0x0000000100000000)
[2020-12-25T05:12:35.492-0400][gc,heap        ] GC(386530)   region size 1024K, 1 young (1024K), 1 survivors (1024K)
[2020-12-25T05:12:35.492-0400][gc,heap        ] GC(386530)  Metaspace       used 61036K, capacity 63745K, committed 64768K, reserved 1107968K
[2020-12-25T05:12:35.493-0400][gc,heap        ] GC(386530)   class space    used 5715K, capacity 6563K, committed 6912K, reserved 1048576K
[2020-12-25T05:12:35.493-0400][gc             ] GC(386530) Pause Young (Normal) (G1 Evacuation Pause) 57M->47M(70M) 6.400ms
[2020-12-25T05:12:35.493-0400][gc,cpu         ] GC(386530) User=0.02s Sys=0.00s Real=0.00s
[2020-12-25T05:13:03.893-0400][gc,heap        ] GC(386531) Heap before GC invocations=386506 (full 11321): garbage-first heap   total 71680K, used 57056K [0x0000000083000000, 0x0000000100000000)
[2020-12-25T05:13:03.894-0400][gc,heap        ] GC(386531)   region size 1024K, 10 young (10240K), 1 survivors (1024K)
[2020-12-25T05:13:03.894-0400][gc,heap        ] GC(386531)  Metaspace       used 61036K, capacity 63745K, committed 64768K, reserved 1107968K
[2020-12-25T05:13:03.894-0400][gc,heap        ] GC(386531)   class space    used 5715K, capacity 6563K, committed 6912K, reserved 1048576K
[2020-12-25T05:13:03.894-0400][gc,start       ] GC(386531) Pause Young (Normal) (G1 Evacuation Pause)
[2020-12-25T05:13:03.894-0400][gc,task        ] GC(386531) Using 4 workers of 4 for evacuation
[2020-12-25T05:13:03.900-0400][gc,phases      ] GC(386531)   Pre Evacuate Collection Set: 0.0ms
[2020-12-25T05:13:03.900-0400][gc,phases      ] GC(386531)   Evacuate Collection Set: 3.6ms
[2020-12-25T05:13:03.900-0400][gc,phases      ] GC(386531)   Post Evacuate Collection Set: 1.8ms
[2020-12-25T05:13:03.900-0400][gc,phases      ] GC(386531)   Other: 0.9ms
[2020-12-25T05:13:03.900-0400][gc,heap        ] GC(386531) Eden regions: 9->0(9)
[2020-12-25T05:13:03.900-0400][gc,heap        ] GC(386531) Survivor regions: 1->1(2)
[2020-12-25T05:13:03.900-0400][gc,heap        ] GC(386531) Old regions: 47->47
[2020-12-25T05:13:03.900-0400][gc,heap        ] GC(386531) Humongous regions: 4->4
[2020-12-25T05:13:03.900-0400][gc,metaspace   ] GC(386531) Metaspace: 61036K->61036K(1107968K)
[2020-12-25T05:13:03.900-0400][gc,heap        ] GC(386531) Heap after GC invocations=386507 (full 11321): garbage-first heap   total 71680K, used 48894K [0x0000000083000000, 0x0000000100000000)
[2020-12-25T05:13:03.900-0400][gc,heap        ] GC(386531)   region size 1024K, 1 young (1024K), 1 survivors (1024K)
[2020-12-25T05:13:03.900-0400][gc,heap        ] GC(386531)  Metaspace       used 61036K, capacity 63745K, committed 64768K, reserved 1107968K
[2020-12-25T05:13:03.900-0400][gc,heap        ] GC(386531)   class space    used 5715K, capacity 6563K, committed 6912K, reserved 1048576K
[2020-12-25T05:13:03.901-0400][gc             ] GC(386531) Pause Young (Normal) (G1 Evacuation Pause) 56M->47M(70M) 6.692ms
[2020-12-25T05:13:03.901-0400][gc,cpu         ] GC(386531) User=0.02s Sys=0.00s Real=0.01s
[2020-12-25T05:13:29.613-0400][gc,heap        ] GC(386532) Heap before GC invocations=386507 (full 11321): garbage-first heap   total 71680K, used 58110K [0x0000000083000000, 0x0000000100000000)
[2020-12-25T05:13:29.614-0400][gc,heap        ] GC(386532)   region size 1024K, 10 young (10240K), 1 survivors (1024K)
[2020-12-25T05:13:29.614-0400][gc,heap        ] GC(386532)  Metaspace       used 61036K, capacity 63745K, committed 64768K, reserved 1107968K
[2020-12-25T05:13:29.614-0400][gc,heap        ] GC(386532)   class space    used 5715K, capacity 6563K, committed 6912K, reserved 1048576K
[2020-12-25T05:13:29.614-0400][gc,start       ] GC(386532) Pause Young (Normal) (G1 Evacuation Pause)
[2020-12-25T05:13:29.614-0400][gc,task        ] GC(386532) Using 4 workers of 4 for evacuation
[2020-12-25T05:13:29.619-0400][gc,phases      ] GC(386532)   Pre Evacuate Collection Set: 0.0ms
[2020-12-25T05:13:29.619-0400][gc,phases      ] GC(386532)   Evacuate Collection Set: 3.3ms
[2020-12-25T05:13:29.619-0400][gc,phases      ] GC(386532)   Post Evacuate Collection Set: 1.6ms
[2020-12-25T05:13:29.619-0400][gc,phases      ] GC(386532)   Other: 0.8ms
[2020-12-25T05:13:29.619-0400][gc,heap        ] GC(386532) Eden regions: 9->0(9)
[2020-12-25T05:13:29.620-0400][gc,heap        ] GC(386532) Survivor regions: 1->1(2)
[2020-12-25T05:13:29.620-0400][gc,heap        ] GC(386532) Old regions: 47->47
[2020-12-25T05:13:29.620-0400][gc,heap        ] GC(386532) Humongous regions: 4->4
[2020-12-25T05:13:29.620-0400][gc,metaspace   ] GC(386532) Metaspace: 61036K->61036K(1107968K)
[2020-12-25T05:13:29.620-0400][gc,heap        ] GC(386532) Heap after GC invocations=386508 (full 11321): garbage-first heap   total 71680K, used 48902K [0x0000000083000000, 0x0000000100000000)
[2020-12-25T05:13:29.620-0400][gc,heap        ] GC(386532)   region size 1024K, 1 young (1024K), 1 survivors (1024K)
[2020-12-25T05:13:29.620-0400][gc,heap        ] GC(386532)  Metaspace       used 61036K, capacity 63745K, committed 64768K, reserved 1107968K
[2020-12-25T05:13:29.620-0400][gc,heap        ] GC(386532)   class space    used 5715K, capacity 6563K, committed 6912K, reserved 1048576K
[2020-12-25T05:13:29.620-0400][gc             ] GC(386532) Pause Young (Normal) (G1 Evacuation Pause) 56M->47M(70M) 6.248ms
[2020-12-25T05:13:29.620-0400][gc,cpu         ] GC(386532) User=0.01s Sys=0.01s Real=0.01s
[2020-12-25T05:14:00.024-0400][gc,heap        ] GC(386533) Heap before GC invocations=386508 (full 11321): garbage-first heap   total 71680K, used 57094K [0x0000000083000000, 0x0000000100000000)
[2020-12-25T05:14:00.024-0400][gc,heap        ] GC(386533)   region size 1024K, 10 young (10240K), 1 survivors (1024K)
[2020-12-25T05:14:00.024-0400][gc,heap        ] GC(386533)  Metaspace       used 61036K, capacity 63745K, committed 64768K, reserved 1107968K
[2020-12-25T05:14:00.024-0400][gc,heap        ] GC(386533)   class space    used 5715K, capacity 6563K, committed 6912K, reserved 1048576K
[2020-12-25T05:14:00.024-0400][gc,start       ] GC(386533) Pause Young (Normal) (G1 Evacuation Pause)
[2020-12-25T05:14:00.025-0400][gc,task        ] GC(386533) Using 4 workers of 4 for evacuation
[2020-12-25T05:14:00.030-0400][gc,phases      ] GC(386533)   Pre Evacuate Collection Set: 0.0ms
[2020-12-25T05:14:00.030-0400][gc,phases      ] GC(386533)   Evacuate Collection Set: 3.5ms
[2020-12-25T05:14:00.030-0400][gc,phases      ] GC(386533)   Post Evacuate Collection Set: 1.5ms
[2020-12-25T05:14:00.030-0400][gc,phases      ] GC(386533)   Other: 0.8ms
[2020-12-25T05:14:00.030-0400][gc,heap        ] GC(386533) Eden regions: 9->0(9)
[2020-12-25T05:14:00.030-0400][gc,heap        ] GC(386533) Survivor regions: 1->1(2)
[2020-12-25T05:14:00.030-0400][gc,heap        ] GC(386533) Old regions: 47->47
[2020-12-25T05:14:00.030-0400][gc,heap        ] GC(386533) Humongous regions: 4->4
[2020-12-25T05:14:00.031-0400][gc,metaspace   ] GC(386533) Metaspace: 61036K->61036K(1107968K)
[2020-12-25T05:14:00.031-0400][gc,heap        ] GC(386533) Heap after GC invocations=386509 (full 11321): garbage-first heap   total 71680K, used 48885K [0x0000000083000000, 0x0000000100000000)
[2020-12-25T05:14:00.031-0400][gc,heap        ] GC(386533)   region size 1024K, 1 young (1024K), 1 survivors (1024K)
[2020-12-25T05:14:00.031-0400][gc,heap        ] GC(386533)  Metaspace       used 61036K, capacity 63745K, committed 64768K, reserved 1107968K
[2020-12-25T05:14:00.031-0400][gc,heap        ] GC(386533)   class space    used 5715K, capacity 6563K, committed 6912K, reserved 1048576K
[2020-12-25T05:14:00.031-0400][gc             ] GC(386533) Pause Young (Normal) (G1 Evacuation Pause) 56M->47M(70M) 6.352ms
[2020-12-25T05:14:00.031-0400][gc,cpu         ] GC(386533) User=0.01s Sys=0.01s Real=0.01s
[2020-12-25T05:14:28.487-0400][gc,heap        ] GC(386534) Heap before GC invocations=386509 (full 11321): garbage-first heap   total 71680K, used 57077K [0x0000000083000000, 0x0000000100000000)
[2020-12-25T05:14:28.487-0400][gc,heap        ] GC(386534)   region size 1024K, 10 young (10240K), 1 survivors (1024K)
[2020-12-25T05:14:28.487-0400][gc,heap        ] GC(386534)  Metaspace       used 61036K, capacity 63745K, committed 64768K, reserved 1107968K
[2020-12-25T05:14:28.487-0400][gc,heap        ] GC(386534)   class space    used 5715K, capacity 6563K, committed 6912K, reserved 1048576K
[2020-12-25T05:14:28.487-0400][gc,start       ] GC(386534) Pause Young (Normal) (G1 Evacuation Pause)
[2020-12-25T05:14:28.487-0400][gc,task        ] GC(386534) Using 4 workers of 4 for evacuation
[2020-12-25T05:14:28.493-0400][gc,phases      ] GC(386534)   Pre Evacuate Collection Set: 0.0ms
[2020-12-25T05:14:28.493-0400][gc,phases      ] GC(386534)   Evacuate Collection Set: 3.6ms
[2020-12-25T05:14:28.493-0400][gc,phases      ] GC(386534)   Post Evacuate Collection Set: 1.7ms
[2020-12-25T05:14:28.493-0400][gc,phases      ] GC(386534)   Other: 1.0ms
[2020-12-25T05:14:28.493-0400][gc,heap        ] GC(386534) Eden regions: 9->0(9)
[2020-12-25T05:14:28.493-0400][gc,heap        ] GC(386534) Survivor regions: 1->1(2)
[2020-12-25T05:14:28.493-0400][gc,heap        ] GC(386534) Old regions: 47->47
[2020-12-25T05:14:28.493-0400][gc,heap        ] GC(386534) Humongous regions: 4->4
[2020-12-25T05:14:28.493-0400][gc,metaspace   ] GC(386534) Metaspace: 61036K->61036K(1107968K)
[2020-12-25T05:14:28.493-0400][gc,heap        ] GC(386534) Heap after GC invocations=386510 (full 11321): garbage-first heap   total 71680K, used 48960K [0x0000000083000000, 0x0000000100000000)
[2020-12-25T05:14:28.493-0400][gc,heap        ] GC(386534)   region size 1024K, 1 young (1024K), 1 survivors (1024K)
[2020-12-25T05:14:28.493-0400][gc,heap        ] GC(386534)  Metaspace       used 61036K, capacity 63745K, committed 64768K, reserved 1107968K
[2020-12-25T05:14:28.493-0400][gc,heap        ] GC(386534)   class space    used 5715K, capacity 6563K, committed 6912K, reserved 1048576K
[2020-12-25T05:14:28.493-0400][gc             ] GC(386534) Pause Young (Normal) (G1 Evacuation Pause) 56M->47M(70M) 6.537ms
[2020-12-25T05:14:28.494-0400][gc,cpu         ] GC(386534) User=0.01s Sys=0.00s Real=0.00s
[2020-12-25T05:14:59.135-0400][gc,heap        ] GC(386535) Heap before GC invocations=386510 (full 11321): garbage-first heap   total 71680K, used 58176K [0x0000000083000000, 0x0000000100000000)
[2020-12-25T05:14:59.135-0400][gc,heap        ] GC(386535)   region size 1024K, 10 young (10240K), 1 survivors (1024K)
[2020-12-25T05:14:59.135-0400][gc,heap        ] GC(386535)  Metaspace       used 61036K, capacity 63745K, committed 64768K, reserved 1107968K
[2020-12-25T05:14:59.135-0400][gc,heap        ] GC(386535)   class space    used 5715K, capacity 6563K, committed 6912K, reserved 1048576K
[2020-12-25T05:14:59.135-0400][gc,start       ] GC(386535) Pause Young (Normal) (G1 Evacuation Pause)
[2020-12-25T05:14:59.135-0400][gc,task        ] GC(386535) Using 4 workers of 4 for evacuation
[2020-12-25T05:14:59.141-0400][gc,phases      ] GC(386535)   Pre Evacuate Collection Set: 0.0ms
[2020-12-25T05:14:59.141-0400][gc,phases      ] GC(386535)   Evacuate Collection Set: 3.8ms
[2020-12-25T05:14:59.141-0400][gc,phases      ] GC(386535)   Post Evacuate Collection Set: 1.4ms
[2020-12-25T05:14:59.141-0400][gc,phases      ] GC(386535)   Other: 0.8ms
[2020-12-25T05:14:59.141-0400][gc,heap        ] GC(386535) Eden regions: 9->0(9)
[2020-12-25T05:14:59.141-0400][gc,heap        ] GC(386535) Survivor regions: 1->1(2)
[2020-12-25T05:14:59.141-0400][gc,heap        ] GC(386535) Old regions: 47->47
[2020-12-25T05:14:59.141-0400][gc,heap        ] GC(386535) Humongous regions: 4->4
[2020-12-25T05:14:59.141-0400][gc,metaspace   ] GC(386535) Metaspace: 61036K->61036K(1107968K)
[2020-12-25T05:14:59.141-0400][gc,heap        ] GC(386535) Heap after GC invocations=386511 (full 11321): garbage-first heap   total 71680K, used 49067K [0x0000000083000000, 0x0000000100000000)
[2020-12-25T05:14:59.141-0400][gc,heap        ] GC(386535)   region size 1024K, 1 young (1024K), 1 survivors (1024K)
[2020-12-25T05:14:59.141-0400][gc,heap        ] GC(386535)  Metaspace       used 61036K, capacity 63745K, committed 64768K, reserved 1107968K
[2020-12-25T05:14:59.141-0400][gc,heap        ] GC(386535)   class space    used 5715K, capacity 6563K, committed 6912K, reserved 1048576K
[2020-12-25T05:14:59.142-0400][gc             ] GC(386535) Pause Young (Normal) (G1 Evacuation Pause) 56M->47M(70M) 6.459ms
[2020-12-25T05:14:59.142-0400][gc,cpu         ] GC(386535) User=0.02s Sys=0.00s Real=0.01s
[2020-12-25T05:15:15.671-0400][gc,heap        ] GC(386536) Heap before GC invocations=386511 (full 11321): garbage-first heap   total 71680K, used 57259K [0x0000000083000000, 0x0000000100000000)
[2020-12-25T05:15:15.671-0400][gc,heap        ] GC(386536)   region size 1024K, 10 young (10240K), 1 survivors (1024K)
[2020-12-25T05:15:15.671-0400][gc,heap        ] GC(386536)  Metaspace       used 61036K, capacity 63745K, committed 64768K, reserved 1107968K
[2020-12-25T05:15:15.671-0400][gc,heap        ] GC(386536)   class space    used 5715K, capacity 6563K, committed 6912K, reserved 1048576K
[2020-12-25T05:15:15.671-0400][gc,start       ] GC(386536) Pause Young (Normal) (G1 Evacuation Pause)
[2020-12-25T05:15:15.671-0400][gc,task        ] GC(386536) Using 4 workers of 4 for evacuation
[2020-12-25T05:15:15.677-0400][gc,phases      ] GC(386536)   Pre Evacuate Collection Set: 0.0ms
[2020-12-25T05:15:15.677-0400][gc,phases      ] GC(386536)   Evacuate Collection Set: 4.0ms
[2020-12-25T05:15:15.677-0400][gc,phases      ] GC(386536)   Post Evacuate Collection Set: 1.6ms
[2020-12-25T05:15:15.677-0400][gc,phases      ] GC(386536)   Other: 0.8ms
[2020-12-25T05:15:15.677-0400][gc,heap        ] GC(386536) Eden regions: 9->0(9)
[2020-12-25T05:15:15.678-0400][gc,heap        ] GC(386536) Survivor regions: 1->1(2)
[2020-12-25T05:15:15.678-0400][gc,heap        ] GC(386536) Old regions: 47->47
[2020-12-25T05:15:15.678-0400][gc,heap        ] GC(386536) Humongous regions: 4->4
[2020-12-25T05:15:15.678-0400][gc,metaspace   ] GC(386536) Metaspace: 61036K->61036K(1107968K)
[2020-12-25T05:15:15.678-0400][gc,heap        ] GC(386536) Heap after GC invocations=386512 (full 11321): garbage-first heap   total 71680K, used 49130K [0x0000000083000000, 0x0000000100000000)
[2020-12-25T05:15:15.678-0400][gc,heap        ] GC(386536)   region size 1024K, 1 young (1024K), 1 survivors (1024K)
[2020-12-25T05:15:15.678-0400][gc,heap        ] GC(386536)  Metaspace       used 61036K, capacity 63745K, committed 64768K, reserved 1107968K
[2020-12-25T05:15:15.678-0400][gc,heap        ] GC(386536)   class space    used 5715K, capacity 6563K, committed 6912K, reserved 1048576K
[2020-12-25T05:15:15.678-0400][gc             ] GC(386536) Pause Young (Normal) (G1 Evacuation Pause) 56M->47M(70M) 6.777ms
[2020-12-25T05:15:15.678-0400][gc,cpu         ] GC(386536) User=0.02s Sys=0.00s Real=0.01s
[2020-12-25T05:15:47.229-0400][gc,heap        ] GC(386537) Heap before GC invocations=386512 (full 11321): garbage-first heap   total 71680K, used 57322K [0x0000000083000000, 0x0000000100000000)
[2020-12-25T05:15:47.229-0400][gc,heap        ] GC(386537)   region size 1024K, 10 young (10240K), 1 survivors (1024K)
[2020-12-25T05:15:47.229-0400][gc,heap        ] GC(386537)  Metaspace       used 61036K, capacity 63745K, committed 64768K, reserved 1107968K
[2020-12-25T05:15:47.229-0400][gc,heap        ] GC(386537)   class space    used 5715K, capacity 6563K, committed 6912K, reserved 1048576K
[2020-12-25T05:15:47.229-0400][gc,start       ] GC(386537) Pause Young (Normal) (G1 Evacuation Pause)
[2020-12-25T05:15:47.229-0400][gc,task        ] GC(386537) Using 4 workers of 4 for evacuation
[2020-12-25T05:15:47.235-0400][gc,phases      ] GC(386537)   Pre Evacuate Collection Set: 0.0ms
[2020-12-25T05:15:47.235-0400][gc,phases      ] GC(386537)   Evacuate Collection Set: 3.8ms
[2020-12-25T05:15:47.235-0400][gc,phases      ] GC(386537)   Post Evacuate Collection Set: 1.5ms
[2020-12-25T05:15:47.235-0400][gc,phases      ] GC(386537)   Other: 0.8ms
[2020-12-25T05:15:47.235-0400][gc,heap        ] GC(386537) Eden regions: 9->0(9)
[2020-12-25T05:15:47.235-0400][gc,heap        ] GC(386537) Survivor regions: 1->1(2)
[2020-12-25T05:15:47.235-0400][gc,heap        ] GC(386537) Old regions: 47->47
[2020-12-25T05:15:47.235-0400][gc,heap        ] GC(386537) Humongous regions: 4->4
[2020-12-25T05:15:47.235-0400][gc,metaspace   ] GC(386537) Metaspace: 61036K->61036K(1107968K)
[2020-12-25T05:15:47.235-0400][gc,heap        ] GC(386537) Heap after GC invocations=386513 (full 11321): garbage-first heap   total 71680K, used 49029K [0x0000000083000000, 0x0000000100000000)
[2020-12-25T05:15:47.236-0400][gc,heap        ] GC(386537)   region size 1024K, 1 young (1024K), 1 survivors (1024K)
[2020-12-25T05:15:47.236-0400][gc,heap        ] GC(386537)  Metaspace       used 61036K, capacity 63745K, committed 64768K, reserved 1107968K
[2020-12-25T05:15:47.236-0400][gc,heap        ] GC(386537)   class space    used 5715K, capacity 6563K, committed 6912K, reserved 1048576K
[2020-12-25T05:15:47.236-0400][gc             ] GC(386537) Pause Young (Normal) (G1 Evacuation Pause) 56M->47M(70M) 6.666ms
[2020-12-25T05:15:47.236-0400][gc,cpu         ] GC(386537) User=0.01s Sys=0.01s Real=0.01s
[2020-12-25T05:16:10.703-0400][gc,heap        ] GC(386538) Heap before GC invocations=386513 (full 11321): garbage-first heap   total 71680K, used 58245K [0x0000000083000000, 0x0000000100000000)
[2020-12-25T05:16:10.703-0400][gc,heap        ] GC(386538)   region size 1024K, 10 young (10240K), 1 survivors (1024K)
[2020-12-25T05:16:10.703-0400][gc,heap        ] GC(386538)  Metaspace       used 61036K, capacity 63745K, committed 64768K, reserved 1107968K
[2020-12-25T05:16:10.703-0400][gc,heap        ] GC(386538)   class space    used 5715K, capacity 6563K, committed 6912K, reserved 1048576K
[2020-12-25T05:16:10.704-0400][gc,start       ] GC(386538) Pause Young (Normal) (G1 Evacuation Pause)
[2020-12-25T05:16:10.704-0400][gc,task        ] GC(386538) Using 4 workers of 4 for evacuation
[2020-12-25T05:16:10.709-0400][gc,phases      ] GC(386538)   Pre Evacuate Collection Set: 0.0ms
[2020-12-25T05:16:10.709-0400][gc,phases      ] GC(386538)   Evacuate Collection Set: 3.6ms
[2020-12-25T05:16:10.710-0400][gc,phases      ] GC(386538)   Post Evacuate Collection Set: 1.6ms
[2020-12-25T05:16:10.710-0400][gc,phases      ] GC(386538)   Other: 0.9ms
[2020-12-25T05:16:10.710-0400][gc,heap        ] GC(386538) Eden regions: 9->0(9)
[2020-12-25T05:16:10.710-0400][gc,heap        ] GC(386538) Survivor regions: 1->1(2)
[2020-12-25T05:16:10.710-0400][gc,heap        ] GC(386538) Old regions: 47->47
[2020-12-25T05:16:10.710-0400][gc,heap        ] GC(386538) Humongous regions: 4->4
[2020-12-25T05:16:10.710-0400][gc,metaspace   ] GC(386538) Metaspace: 61036K->61036K(1107968K)
[2020-12-25T05:16:10.710-0400][gc,heap        ] GC(386538) Heap after GC invocations=386514 (full 11321): garbage-first heap   total 71680K, used 48988K [0x0000000083000000, 0x0000000100000000)
[2020-12-25T05:16:10.710-0400][gc,heap        ] GC(386538)   region size 1024K, 1 young (1024K), 1 survivors (1024K)
[2020-12-25T05:16:10.710-0400][gc,heap        ] GC(386538)  Metaspace       used 61036K, capacity 63745K, committed 64768K, reserved 1107968K
[2020-12-25T05:16:10.710-0400][gc,heap        ] GC(386538)   class space    used 5715K, capacity 6563K, committed 6912K, reserved 1048576K
[2020-12-25T05:16:10.710-0400][gc             ] GC(386538) Pause Young (Normal) (G1 Evacuation Pause) 56M->47M(70M) 6.439ms
[2020-12-25T05:16:10.710-0400][gc,cpu         ] GC(386538) User=0.01s Sys=0.01s Real=0.01s
[2020-12-25T05:16:50.924-0400][gc,task        ] GC(386539) Using 3 workers of 4 for full compaction
[2020-12-25T05:16:50.924-0400][gc,start       ] GC(386539) Pause Full (System.gc())
[2020-12-25T05:16:50.924-0400][gc,heap        ] GC(386539) Heap before GC invocations=386514 (full 11321): garbage-first heap   total 71680K, used 56156K [0x0000000083000000, 0x0000000100000000)
[2020-12-25T05:16:50.924-0400][gc,heap        ] GC(386539)   region size 1024K, 10 young (10240K), 1 survivors (1024K)
[2020-12-25T05:16:50.924-0400][gc,heap        ] GC(386539)  Metaspace       used 61036K, capacity 63745K, committed 64768K, reserved 1107968K
[2020-12-25T05:16:50.924-0400][gc,heap        ] GC(386539)   class space    used 5715K, capacity 6563K, committed 6912K, reserved 1048576K
[2020-12-25T05:16:50.926-0400][gc,phases,start] GC(386539) Phase 1: Mark live objects
[2020-12-25T05:16:51.071-0400][gc,stringtable ] GC(386539) Cleaned string and symbol table, strings: 32272 processed, 0 removed, symbols: 131459 processed, 0 removed
[2020-12-25T05:16:51.072-0400][gc,phases      ] GC(386539) Phase 1: Mark live objects 145.235ms
[2020-12-25T05:16:51.072-0400][gc,phases,start] GC(386539) Phase 2: Prepare for compaction
[2020-12-25T05:16:51.102-0400][gc,phases      ] GC(386539) Phase 2: Prepare for compaction 29.900ms
[2020-12-25T05:16:51.102-0400][gc,phases,start] GC(386539) Phase 3: Adjust pointers
[2020-12-25T05:16:51.180-0400][gc,phases      ] GC(386539) Phase 3: Adjust pointers 78.124ms
[2020-12-25T05:16:51.180-0400][gc,phases,start] GC(386539) Phase 4: Compact heap
[2020-12-25T05:16:51.199-0400][gc,phases      ] GC(386539) Phase 4: Compact heap 19.123ms
[2020-12-25T05:16:51.235-0400][gc,heap        ] GC(386539) Eden regions: 9->0(10)
[2020-12-25T05:16:51.235-0400][gc,heap        ] GC(386539) Survivor regions: 1->0(2)
[2020-12-25T05:16:51.235-0400][gc,heap        ] GC(386539) Old regions: 47->47
[2020-12-25T05:16:51.235-0400][gc,heap        ] GC(386539) Humongous regions: 4->4
[2020-12-25T05:16:51.235-0400][gc,metaspace   ] GC(386539) Metaspace: 61036K->61036K(1107968K)
[2020-12-25T05:16:51.235-0400][gc,heap        ] GC(386539) Heap after GC invocations=386515 (full 11322): garbage-first heap   total 71680K, used 48471K [0x0000000083000000, 0x0000000100000000)
[2020-12-25T05:16:51.235-0400][gc,heap        ] GC(386539)   region size 1024K, 0 young (0K), 0 survivors (0K)
[2020-12-25T05:16:51.235-0400][gc,heap        ] GC(386539)  Metaspace       used 61036K, capacity 63745K, committed 64768K, reserved 1107968K
[2020-12-25T05:16:51.235-0400][gc,heap        ] GC(386539)   class space    used 5715K, capacity 6563K, committed 6912K, reserved 1048576K
[2020-12-25T05:16:51.235-0400][gc             ] GC(386539) Pause Full (System.gc()) 56M->47M(70M) 311.701ms
[2020-12-25T05:16:51.236-0400][gc,cpu         ] GC(386539) User=0.84s Sys=0.00s Real=0.32s
[2020-12-25T05:17:16.940-0400][gc,heap        ] GC(386540) Heap before GC invocations=386515 (full 11322): garbage-first heap   total 71680K, used 57687K [0x0000000083000000, 0x0000000100000000)
[2020-12-25T05:17:16.940-0400][gc,heap        ] GC(386540)   region size 1024K, 10 young (10240K), 0 survivors (0K)
[2020-12-25T05:17:16.941-0400][gc,heap        ] GC(386540)  Metaspace       used 61036K, capacity 63745K, committed 64768K, reserved 1107968K
[2020-12-25T05:17:16.941-0400][gc,heap        ] GC(386540)   class space    used 5715K, capacity 6563K, committed 6912K, reserved 1048576K
[2020-12-25T05:17:16.941-0400][gc,start       ] GC(386540) Pause Young (Normal) (G1 Evacuation Pause)
[2020-12-25T05:17:16.941-0400][gc,task        ] GC(386540) Using 4 workers of 4 for evacuation
[2020-12-25T05:17:16.946-0400][gc,phases      ] GC(386540)   Pre Evacuate Collection Set: 0.0ms
[2020-12-25T05:17:16.946-0400][gc,phases      ] GC(386540)   Evacuate Collection Set: 2.6ms
[2020-12-25T05:17:16.946-0400][gc,phases      ] GC(386540)   Post Evacuate Collection Set: 2.1ms
[2020-12-25T05:17:16.946-0400][gc,phases      ] GC(386540)   Other: 0.9ms
[2020-12-25T05:17:16.946-0400][gc,heap        ] GC(386540) Eden regions: 10->0(9)
[2020-12-25T05:17:16.946-0400][gc,heap        ] GC(386540) Survivor regions: 0->1(2)
[2020-12-25T05:17:16.946-0400][gc,heap        ] GC(386540) Old regions: 47->47
[2020-12-25T05:17:16.946-0400][gc,heap        ] GC(386540) Humongous regions: 4->4
[2020-12-25T05:17:16.946-0400][gc,metaspace   ] GC(386540) Metaspace: 61036K->61036K(1107968K)
[2020-12-25T05:17:16.946-0400][gc,heap        ] GC(386540) Heap after GC invocations=386516 (full 11322): garbage-first heap   total 71680K, used 48689K [0x0000000083000000, 0x0000000100000000)
[2020-12-25T05:17:16.947-0400][gc,heap        ] GC(386540)   region size 1024K, 1 young (1024K), 1 survivors (1024K)
[2020-12-25T05:17:16.947-0400][gc,heap        ] GC(386540)  Metaspace       used 61036K, capacity 63745K, committed 64768K, reserved 1107968K
[2020-12-25T05:17:16.947-0400][gc,heap        ] GC(386540)   class space    used 5715K, capacity 6563K, committed 6912K, reserved 1048576K
[2020-12-25T05:17:16.947-0400][gc             ] GC(386540) Pause Young (Normal) (G1 Evacuation Pause) 57M->47M(70M) 5.976ms
[2020-12-25T05:17:16.947-0400][gc,cpu         ] GC(386540) User=0.02s Sys=0.00s Real=0.01s
[2020-12-25T05:17:51.419-0400][gc,heap        ] GC(386541) Heap before GC invocations=386516 (full 11322): garbage-first heap   total 71680K, used 56881K [0x0000000083000000, 0x0000000100000000)
[2020-12-25T05:17:51.419-0400][gc,heap        ] GC(386541)   region size 1024K, 10 young (10240K), 1 survivors (1024K)
[2020-12-25T05:17:51.419-0400][gc,heap        ] GC(386541)  Metaspace       used 61036K, capacity 63745K, committed 64768K, reserved 1107968K
[2020-12-25T05:17:51.419-0400][gc,heap        ] GC(386541)   class space    used 5715K, capacity 6563K, committed 6912K, reserved 1048576K
[2020-12-25T05:17:51.419-0400][gc,start       ] GC(386541) Pause Young (Normal) (G1 Evacuation Pause)
[2020-12-25T05:17:51.419-0400][gc,task        ] GC(386541) Using 4 workers of 4 for evacuation
[2020-12-25T05:17:51.424-0400][gc,phases      ] GC(386541)   Pre Evacuate Collection Set: 0.0ms
[2020-12-25T05:17:51.424-0400][gc,phases      ] GC(386541)   Evacuate Collection Set: 2.6ms
[2020-12-25T05:17:51.424-0400][gc,phases      ] GC(386541)   Post Evacuate Collection Set: 1.7ms
[2020-12-25T05:17:51.424-0400][gc,phases      ] GC(386541)   Other: 0.8ms
[2020-12-25T05:17:51.424-0400][gc,heap        ] GC(386541) Eden regions: 9->0(9)
[2020-12-25T05:17:51.424-0400][gc,heap        ] GC(386541) Survivor regions: 1->1(2)
[2020-12-25T05:17:51.425-0400][gc,heap        ] GC(386541) Old regions: 47->47
[2020-12-25T05:17:51.425-0400][gc,heap        ] GC(386541) Humongous regions: 4->4
[2020-12-25T05:17:51.425-0400][gc,metaspace   ] GC(386541) Metaspace: 61036K->61036K(1107968K)
[2020-12-25T05:17:51.425-0400][gc,heap        ] GC(386541) Heap after GC invocations=386517 (full 11322): garbage-first heap   total 71680K, used 48646K [0x0000000083000000, 0x0000000100000000)
[2020-12-25T05:17:51.425-0400][gc,heap        ] GC(386541)   region size 1024K, 1 young (1024K), 1 survivors (1024K)
[2020-12-25T05:17:51.425-0400][gc,heap        ] GC(386541)  Metaspace       used 61036K, capacity 63745K, committed 64768K, reserved 1107968K
[2020-12-25T05:17:51.425-0400][gc,heap        ] GC(386541)   class space    used 5715K, capacity 6563K, committed 6912K, reserved 1048576K
[2020-12-25T05:17:51.425-0400][gc             ] GC(386541) Pause Young (Normal) (G1 Evacuation Pause) 56M->47M(70M) 5.529ms
[2020-12-25T05:17:51.425-0400][gc,cpu         ] GC(386541) User=0.01s Sys=0.01s Real=0.00s
[2020-12-25T05:18:21.159-0400][gc,heap        ] GC(386542) Heap before GC invocations=386517 (full 11322): garbage-first heap   total 71680K, used 57862K [0x0000000083000000, 0x0000000100000000)
[2020-12-25T05:18:21.159-0400][gc,heap        ] GC(386542)   region size 1024K, 10 young (10240K), 1 survivors (1024K)
[2020-12-25T05:18:21.159-0400][gc,heap        ] GC(386542)  Metaspace       used 61036K, capacity 63745K, committed 64768K, reserved 1107968K
[2020-12-25T05:18:21.159-0400][gc,heap        ] GC(386542)   class space    used 5715K, capacity 6563K, committed 6912K, reserved 1048576K
[2020-12-25T05:18:21.159-0400][gc,start       ] GC(386542) Pause Young (Normal) (G1 Evacuation Pause)
[2020-12-25T05:18:21.159-0400][gc,task        ] GC(386542) Using 4 workers of 4 for evacuation
[2020-12-25T05:18:21.164-0400][gc,phases      ] GC(386542)   Pre Evacuate Collection Set: 0.0ms
[2020-12-25T05:18:21.164-0400][gc,phases      ] GC(386542)   Evacuate Collection Set: 2.9ms
[2020-12-25T05:18:21.164-0400][gc,phases      ] GC(386542)   Post Evacuate Collection Set: 1.5ms
[2020-12-25T05:18:21.164-0400][gc,phases      ] GC(386542)   Other: 0.8ms
[2020-12-25T05:18:21.164-0400][gc,heap        ] GC(386542) Eden regions: 9->0(9)
[2020-12-25T05:18:21.164-0400][gc,heap        ] GC(386542) Survivor regions: 1->1(2)
[2020-12-25T05:18:21.164-0400][gc,heap        ] GC(386542) Old regions: 47->47
[2020-12-25T05:18:21.164-0400][gc,heap        ] GC(386542) Humongous regions: 4->4
[2020-12-25T05:18:21.165-0400][gc,metaspace   ] GC(386542) Metaspace: 61036K->61036K(1107968K)
[2020-12-25T05:18:21.165-0400][gc,heap        ] GC(386542) Heap after GC invocations=386518 (full 11322): garbage-first heap   total 71680K, used 48756K [0x0000000083000000, 0x0000000100000000)
[2020-12-25T05:18:21.165-0400][gc,heap        ] GC(386542)   region size 1024K, 1 young (1024K), 1 survivors (1024K)
[2020-12-25T05:18:21.165-0400][gc,heap        ] GC(386542)  Metaspace       used 61036K, capacity 63745K, committed 64768K, reserved 1107968K
[2020-12-25T05:18:21.165-0400][gc,heap        ] GC(386542)   class space    used 5715K, capacity 6563K, committed 6912K, reserved 1048576K
[2020-12-25T05:18:21.165-0400][gc             ] GC(386542) Pause Young (Normal) (G1 Evacuation Pause) 56M->47M(70M) 5.707ms
[2020-12-25T05:18:21.165-0400][gc,cpu         ] GC(386542) User=0.01s Sys=0.00s Real=0.00s
[2020-12-25T05:18:53.893-0400][gc,heap        ] GC(386543) Heap before GC invocations=386518 (full 11322): garbage-first heap   total 71680K, used 56948K [0x0000000083000000, 0x0000000100000000)
[2020-12-25T05:18:53.893-0400][gc,heap        ] GC(386543)   region size 1024K, 10 young (10240K), 1 survivors (1024K)
[2020-12-25T05:18:53.893-0400][gc,heap        ] GC(386543)  Metaspace       used 61036K, capacity 63745K, committed 64768K, reserved 1107968K
[2020-12-25T05:18:53.893-0400][gc,heap        ] GC(386543)   class space    used 5715K, capacity 6563K, committed 6912K, reserved 1048576K
[2020-12-25T05:18:53.893-0400][gc,start       ] GC(386543) Pause Young (Normal) (G1 Evacuation Pause)
[2020-12-25T05:18:53.894-0400][gc,task        ] GC(386543) Using 4 workers of 4 for evacuation
[2020-12-25T05:18:53.899-0400][gc,phases      ] GC(386543)   Pre Evacuate Collection Set: 0.0ms
[2020-12-25T05:18:53.899-0400][gc,phases      ] GC(386543)   Evacuate Collection Set: 2.9ms
[2020-12-25T05:18:53.899-0400][gc,phases      ] GC(386543)   Post Evacuate Collection Set: 1.6ms
[2020-12-25T05:18:53.899-0400][gc,phases      ] GC(386543)   Other: 0.9ms
[2020-12-25T05:18:53.899-0400][gc,heap        ] GC(386543) Eden regions: 9->0(9)
[2020-12-25T05:18:53.899-0400][gc,heap        ] GC(386543) Survivor regions: 1->1(2)
[2020-12-25T05:18:53.899-0400][gc,heap        ] GC(386543) Old regions: 47->47
[2020-12-25T05:18:53.899-0400][gc,heap        ] GC(386543) Humongous regions: 4->4
[2020-12-25T05:18:53.899-0400][gc,metaspace   ] GC(386543) Metaspace: 61036K->61036K(1107968K)
[2020-12-25T05:18:53.899-0400][gc,heap        ] GC(386543) Heap after GC invocations=386519 (full 11322): garbage-first heap   total 71680K, used 48741K [0x0000000083000000, 0x0000000100000000)
[2020-12-25T05:18:53.899-0400][gc,heap        ] GC(386543)   region size 1024K, 1 young (1024K), 1 survivors (1024K)
[2020-12-25T05:18:53.899-0400][gc,heap        ] GC(386543)  Metaspace       used 61036K, capacity 63745K, committed 64768K, reserved 1107968K
[2020-12-25T05:18:53.899-0400][gc,heap        ] GC(386543)   class space    used 5715K, capacity 6563K, committed 6912K, reserved 1048576K
[2020-12-25T05:18:53.899-0400][gc             ] GC(386543) Pause Young (Normal) (G1 Evacuation Pause) 56M->47M(70M) 5.840ms
[2020-12-25T05:18:53.899-0400][gc,cpu         ] GC(386543) User=0.02s Sys=0.00s Real=0.01s
[2020-12-25T05:19:17.166-0400][gc,heap        ] GC(386544) Heap before GC invocations=386519 (full 11322): garbage-first heap   total 71680K, used 57957K [0x0000000083000000, 0x0000000100000000)
[2020-12-25T05:19:17.166-0400][gc,heap        ] GC(386544)   region size 1024K, 10 young (10240K), 1 survivors (1024K)
[2020-12-25T05:19:17.166-0400][gc,heap        ] GC(386544)  Metaspace       used 61036K, capacity 63745K, committed 64768K, reserved 1107968K
[2020-12-25T05:19:17.166-0400][gc,heap        ] GC(386544)   class space    used 5715K, capacity 6563K, committed 6912K, reserved 1048576K
[2020-12-25T05:19:17.166-0400][gc,start       ] GC(386544) Pause Young (Normal) (G1 Evacuation Pause)
[2020-12-25T05:19:17.166-0400][gc,task        ] GC(386544) Using 4 workers of 4 for evacuation
[2020-12-25T05:19:17.172-0400][gc,phases      ] GC(386544)   Pre Evacuate Collection Set: 0.0ms
[2020-12-25T05:19:17.172-0400][gc,phases      ] GC(386544)   Evacuate Collection Set: 3.0ms
[2020-12-25T05:19:17.172-0400][gc,phases      ] GC(386544)   Post Evacuate Collection Set: 1.5ms
[2020-12-25T05:19:17.172-0400][gc,phases      ] GC(386544)   Other: 0.8ms
[2020-12-25T05:19:17.172-0400][gc,heap        ] GC(386544) Eden regions: 9->0(9)
[2020-12-25T05:19:17.172-0400][gc,heap        ] GC(386544) Survivor regions: 1->1(2)
[2020-12-25T05:19:17.172-0400][gc,heap        ] GC(386544) Old regions: 47->47
[2020-12-25T05:19:17.172-0400][gc,heap        ] GC(386544) Humongous regions: 4->4
[2020-12-25T05:19:17.172-0400][gc,metaspace   ] GC(386544) Metaspace: 61036K->61036K(1107968K)
[2020-12-25T05:19:17.172-0400][gc,heap        ] GC(386544) Heap after GC invocations=386520 (full 11322): garbage-first heap   total 71680K, used 48810K [0x0000000083000000, 0x0000000100000000)
[2020-12-25T05:19:17.172-0400][gc,heap        ] GC(386544)   region size 1024K, 1 young (1024K), 1 survivors (1024K)
[2020-12-25T05:19:17.172-0400][gc,heap        ] GC(386544)  Metaspace       used 61036K, capacity 63745K, committed 64768K, reserved 1107968K
[2020-12-25T05:19:17.172-0400][gc,heap        ] GC(386544)   class space    used 5715K, capacity 6563K, committed 6912K, reserved 1048576K
[2020-12-25T05:19:17.172-0400][gc             ] GC(386544) Pause Young (Normal) (G1 Evacuation Pause) 56M->47M(70M) 5.919ms
[2020-12-25T05:19:17.173-0400][gc,cpu         ] GC(386544) User=0.02s Sys=0.00s Real=0.00s
[2020-12-25T05:19:53.892-0400][gc,heap        ] GC(386545) Heap before GC invocations=386520 (full 11322): garbage-first heap   total 71680K, used 57002K [0x0000000083000000, 0x0000000100000000)
[2020-12-25T05:19:53.892-0400][gc,heap        ] GC(386545)   region size 1024K, 10 young (10240K), 1 survivors (1024K)
[2020-12-25T05:19:53.892-0400][gc,heap        ] GC(386545)  Metaspace       used 61036K, capacity 63745K, committed 64768K, reserved 1107968K
[2020-12-25T05:19:53.892-0400][gc,heap        ] GC(386545)   class space    used 5715K, capacity 6563K, committed 6912K, reserved 1048576K
[2020-12-25T05:19:53.892-0400][gc,start       ] GC(386545) Pause Young (Normal) (G1 Evacuation Pause)
[2020-12-25T05:19:53.892-0400][gc,task        ] GC(386545) Using 4 workers of 4 for evacuation
[2020-12-25T05:19:53.898-0400][gc,phases      ] GC(386545)   Pre Evacuate Collection Set: 0.0ms
[2020-12-25T05:19:53.898-0400][gc,phases      ] GC(386545)   Evacuate Collection Set: 3.3ms
[2020-12-25T05:19:53.898-0400][gc,phases      ] GC(386545)   Post Evacuate Collection Set: 1.5ms
[2020-12-25T05:19:53.898-0400][gc,phases      ] GC(386545)   Other: 0.9ms
[2020-12-25T05:19:53.898-0400][gc,heap        ] GC(386545) Eden regions: 9->0(9)
[2020-12-25T05:19:53.898-0400][gc,heap        ] GC(386545) Survivor regions: 1->1(2)
[2020-12-25T05:19:53.898-0400][gc,heap        ] GC(386545) Old regions: 47->47
[2020-12-25T05:19:53.898-0400][gc,heap        ] GC(386545) Humongous regions: 4->4
[2020-12-25T05:19:53.898-0400][gc,metaspace   ] GC(386545) Metaspace: 61036K->61036K(1107968K)
[2020-12-25T05:19:53.898-0400][gc,heap        ] GC(386545) Heap after GC invocations=386521 (full 11322): garbage-first heap   total 71680K, used 48853K [0x0000000083000000, 0x0000000100000000)
[2020-12-25T05:19:53.898-0400][gc,heap        ] GC(386545)   region size 1024K, 1 young (1024K), 1 survivors (1024K)
[2020-12-25T05:19:53.898-0400][gc,heap        ] GC(386545)  Metaspace       used 61036K, capacity 63745K, committed 64768K, reserved 1107968K
[2020-12-25T05:19:53.898-0400][gc,heap        ] GC(386545)   class space    used 5715K, capacity 6563K, committed 6912K, reserved 1048576K
[2020-12-25T05:19:53.898-0400][gc             ] GC(386545) Pause Young (Normal) (G1 Evacuation Pause) 56M->47M(70M) 6.084ms
[2020-12-25T05:19:53.899-0400][gc,cpu         ] GC(386545) User=0.00s Sys=0.01s Real=0.01s
[2020-12-25T05:20:12.133-0400][gc,heap        ] GC(386546) Heap before GC invocations=386521 (full 11322): garbage-first heap   total 71680K, used 57045K [0x0000000083000000, 0x0000000100000000)
[2020-12-25T05:20:12.133-0400][gc,heap        ] GC(386546)   region size 1024K, 10 young (10240K), 1 survivors (1024K)
[2020-12-25T05:20:12.133-0400][gc,heap        ] GC(386546)  Metaspace       used 61036K, capacity 63745K, committed 64768K, reserved 1107968K
[2020-12-25T05:20:12.133-0400][gc,heap        ] GC(386546)   class space    used 5715K, capacity 6563K, committed 6912K, reserved 1048576K
[2020-12-25T05:20:12.134-0400][gc,start       ] GC(386546) Pause Young (Normal) (G1 Evacuation Pause)
[2020-12-25T05:20:12.134-0400][gc,task        ] GC(386546) Using 4 workers of 4 for evacuation
[2020-12-25T05:20:12.139-0400][gc,phases      ] GC(386546)   Pre Evacuate Collection Set: 0.0ms
[2020-12-25T05:20:12.139-0400][gc,phases      ] GC(386546)   Evacuate Collection Set: 3.3ms
[2020-12-25T05:20:12.139-0400][gc,phases      ] GC(386546)   Post Evacuate Collection Set: 1.6ms
[2020-12-25T05:20:12.139-0400][gc,phases      ] GC(386546)   Other: 0.9ms
[2020-12-25T05:20:12.139-0400][gc,heap        ] GC(386546) Eden regions: 9->0(9)
[2020-12-25T05:20:12.139-0400][gc,heap        ] GC(386546) Survivor regions: 1->1(2)
[2020-12-25T05:20:12.139-0400][gc,heap        ] GC(386546) Old regions: 47->47
[2020-12-25T05:20:12.139-0400][gc,heap        ] GC(386546) Humongous regions: 4->4
[2020-12-25T05:20:12.139-0400][gc,metaspace   ] GC(386546) Metaspace: 61036K->61036K(1107968K)
[2020-12-25T05:20:12.140-0400][gc,heap        ] GC(386546) Heap after GC invocations=386522 (full 11322): garbage-first heap   total 71680K, used 48875K [0x0000000083000000, 0x0000000100000000)
[2020-12-25T05:20:12.140-0400][gc,heap        ] GC(386546)   region size 1024K, 1 young (1024K), 1 survivors (1024K)
[2020-12-25T05:20:12.140-0400][gc,heap        ] GC(386546)  Metaspace       used 61036K, capacity 63745K, committed 64768K, reserved 1107968K
[2020-12-25T05:20:12.140-0400][gc,heap        ] GC(386546)   class space    used 5715K, capacity 6563K, committed 6912K, reserved 1048576K
[2020-12-25T05:20:12.140-0400][gc             ] GC(386546) Pause Young (Normal) (G1 Evacuation Pause) 56M->47M(70M) 6.293ms
[2020-12-25T05:20:12.140-0400][gc,cpu         ] GC(386546) User=0.00s Sys=0.01s Real=0.01s
[2020-12-25T05:20:25.010-0400][gc,heap        ] GC(386547) Heap before GC invocations=386522 (full 11322): garbage-first heap   total 71680K, used 57067K [0x0000000083000000, 0x0000000100000000)
[2020-12-25T05:20:25.010-0400][gc,heap        ] GC(386547)   region size 1024K, 10 young (10240K), 1 survivors (1024K)
[2020-12-25T05:20:25.011-0400][gc,heap        ] GC(386547)  Metaspace       used 61036K, capacity 63745K, committed 64768K, reserved 1107968K
[2020-12-25T05:20:25.011-0400][gc,heap        ] GC(386547)   class space    used 5715K, capacity 6563K, committed 6912K, reserved 1048576K
[2020-12-25T05:20:25.011-0400][gc,start       ] GC(386547) Pause Young (Normal) (G1 Evacuation Pause)
[2020-12-25T05:20:25.011-0400][gc,task        ] GC(386547) Using 4 workers of 4 for evacuation
[2020-12-25T05:20:25.017-0400][gc,phases      ] GC(386547)   Pre Evacuate Collection Set: 0.0ms
[2020-12-25T05:20:25.017-0400][gc,phases      ] GC(386547)   Evacuate Collection Set: 4.1ms
[2020-12-25T05:20:25.017-0400][gc,phases      ] GC(386547)   Post Evacuate Collection Set: 1.7ms
[2020-12-25T05:20:25.017-0400][gc,phases      ] GC(386547)   Other: 0.9ms
[2020-12-25T05:20:25.017-0400][gc,heap        ] GC(386547) Eden regions: 9->0(9)
[2020-12-25T05:20:25.017-0400][gc,heap        ] GC(386547) Survivor regions: 1->1(2)
[2020-12-25T05:20:25.017-0400][gc,heap        ] GC(386547) Old regions: 47->47
[2020-12-25T05:20:25.017-0400][gc,heap        ] GC(386547) Humongous regions: 4->4
[2020-12-25T05:20:25.018-0400][gc,metaspace   ] GC(386547) Metaspace: 61036K->61036K(1107968K)
[2020-12-25T05:20:25.018-0400][gc,heap        ] GC(386547) Heap after GC invocations=386523 (full 11322): garbage-first heap   total 71680K, used 48947K [0x0000000083000000, 0x0000000100000000)
[2020-12-25T05:20:25.018-0400][gc,heap        ] GC(386547)   region size 1024K, 1 young (1024K), 1 survivors (1024K)
[2020-12-25T05:20:25.018-0400][gc,heap        ] GC(386547)  Metaspace       used 61036K, capacity 63745K, committed 64768K, reserved 1107968K
[2020-12-25T05:20:25.018-0400][gc,heap        ] GC(386547)   class space    used 5715K, capacity 6563K, committed 6912K, reserved 1048576K
[2020-12-25T05:20:25.018-0400][gc             ] GC(386547) Pause Young (Normal) (G1 Evacuation Pause) 56M->47M(70M) 7.176ms
[2020-12-25T05:20:25.018-0400][gc,cpu         ] GC(386547) User=0.00s Sys=0.01s Real=0.01s
[2020-12-25T05:20:53.315-0400][gc,heap        ] GC(386548) Heap before GC invocations=386523 (full 11322): garbage-first heap   total 71680K, used 57139K [0x0000000083000000, 0x0000000100000000)
[2020-12-25T05:20:53.315-0400][gc,heap        ] GC(386548)   region size 1024K, 10 young (10240K), 1 survivors (1024K)
[2020-12-25T05:20:53.315-0400][gc,heap        ] GC(386548)  Metaspace       used 61036K, capacity 63745K, committed 64768K, reserved 1107968K
[2020-12-25T05:20:53.315-0400][gc,heap        ] GC(386548)   class space    used 5715K, capacity 6563K, committed 6912K, reserved 1048576K
[2020-12-25T05:20:53.315-0400][gc,start       ] GC(386548) Pause Young (Normal) (G1 Evacuation Pause)
[2020-12-25T05:20:53.315-0400][gc,task        ] GC(386548) Using 4 workers of 4 for evacuation
[2020-12-25T05:20:53.321-0400][gc,phases      ] GC(386548)   Pre Evacuate Collection Set: 0.0ms
[2020-12-25T05:20:53.321-0400][gc,phases      ] GC(386548)   Evacuate Collection Set: 3.9ms
[2020-12-25T05:20:53.322-0400][gc,phases      ] GC(386548)   Post Evacuate Collection Set: 1.9ms
[2020-12-25T05:20:53.322-0400][gc,phases      ] GC(386548)   Other: 1.0ms
[2020-12-25T05:20:53.322-0400][gc,heap        ] GC(386548) Eden regions: 9->0(9)
[2020-12-25T05:20:53.322-0400][gc,heap        ] GC(386548) Survivor regions: 1->1(2)
[2020-12-25T05:20:53.322-0400][gc,heap        ] GC(386548) Old regions: 47->47
[2020-12-25T05:20:53.322-0400][gc,heap        ] GC(386548) Humongous regions: 4->4
[2020-12-25T05:20:53.322-0400][gc,metaspace   ] GC(386548) Metaspace: 61036K->61036K(1107968K)
[2020-12-25T05:20:53.322-0400][gc,heap        ] GC(386548) Heap after GC invocations=386524 (full 11322): garbage-first heap   total 71680K, used 48997K [0x0000000083000000, 0x0000000100000000)
[2020-12-25T05:20:53.322-0400][gc,heap        ] GC(386548)   region size 1024K, 1 young (1024K), 1 survivors (1024K)
[2020-12-25T05:20:53.322-0400][gc,heap        ] GC(386548)  Metaspace       used 61036K, capacity 63745K, committed 64768K, reserved 1107968K
[2020-12-25T05:20:53.322-0400][gc,heap        ] GC(386548)   class space    used 5715K, capacity 6563K, committed 6912K, reserved 1048576K
[2020-12-25T05:20:53.322-0400][gc             ] GC(386548) Pause Young (Normal) (G1 Evacuation Pause) 56M->47M(70M) 7.186ms
[2020-12-25T05:20:53.322-0400][gc,cpu         ] GC(386548) User=0.02s Sys=0.00s Real=0.01s
[2020-12-25T05:21:13.748-0400][gc,heap        ] GC(386549) Heap before GC invocations=386524 (full 11322): garbage-first heap   total 71680K, used 57189K [0x0000000083000000, 0x0000000100000000)
[2020-12-25T05:21:13.748-0400][gc,heap        ] GC(386549)   region size 1024K, 10 young (10240K), 1 survivors (1024K)
[2020-12-25T05:21:13.748-0400][gc,heap        ] GC(386549)  Metaspace       used 61036K, capacity 63745K, committed 64768K, reserved 1107968K
[2020-12-25T05:21:13.748-0400][gc,heap        ] GC(386549)   class space    used 5715K, capacity 6563K, committed 6912K, reserved 1048576K
[2020-12-25T05:21:13.748-0400][gc,start       ] GC(386549) Pause Young (Normal) (G1 Evacuation Pause)
[2020-12-25T05:21:13.748-0400][gc,task        ] GC(386549) Using 4 workers of 4 for evacuation
[2020-12-25T05:21:13.754-0400][gc,phases      ] GC(386549)   Pre Evacuate Collection Set: 0.0ms
[2020-12-25T05:21:13.754-0400][gc,phases      ] GC(386549)   Evacuate Collection Set: 3.7ms
[2020-12-25T05:21:13.754-0400][gc,phases      ] GC(386549)   Post Evacuate Collection Set: 1.6ms
[2020-12-25T05:21:13.754-0400][gc,phases      ] GC(386549)   Other: 0.8ms
[2020-12-25T05:21:13.754-0400][gc,heap        ] GC(386549) Eden regions: 9->0(9)
[2020-12-25T05:21:13.754-0400][gc,heap        ] GC(386549) Survivor regions: 1->1(2)
[2020-12-25T05:21:13.755-0400][gc,heap        ] GC(386549) Old regions: 47->47
[2020-12-25T05:21:13.755-0400][gc,heap        ] GC(386549) Humongous regions: 4->4
[2020-12-25T05:21:13.755-0400][gc,metaspace   ] GC(386549) Metaspace: 61036K->61036K(1107968K)
[2020-12-25T05:21:13.755-0400][gc,heap        ] GC(386549) Heap after GC invocations=386525 (full 11322): garbage-first heap   total 71680K, used 49044K [0x0000000083000000, 0x0000000100000000)
[2020-12-25T05:21:13.755-0400][gc,heap        ] GC(386549)   region size 1024K, 1 young (1024K), 1 survivors (1024K)
[2020-12-25T05:21:13.755-0400][gc,heap        ] GC(386549)  Metaspace       used 61036K, capacity 63745K, committed 64768K, reserved 1107968K
[2020-12-25T05:21:13.755-0400][gc,heap        ] GC(386549)   class space    used 5715K, capacity 6563K, committed 6912K, reserved 1048576K
[2020-12-25T05:21:13.755-0400][gc             ] GC(386549) Pause Young (Normal) (G1 Evacuation Pause) 56M->47M(70M) 6.652ms
[2020-12-25T05:21:13.755-0400][gc,cpu         ] GC(386549) User=0.02s Sys=0.00s Real=0.00s
[2020-12-25T05:21:45.642-0400][gc,heap        ] GC(386550) Heap before GC invocations=386525 (full 11322): garbage-first heap   total 71680K, used 57236K [0x0000000083000000, 0x0000000100000000)
[2020-12-25T05:21:45.642-0400][gc,heap        ] GC(386550)   region size 1024K, 10 young (10240K), 1 survivors (1024K)
[2020-12-25T05:21:45.642-0400][gc,heap        ] GC(386550)  Metaspace       used 61036K, capacity 63745K, committed 64768K, reserved 1107968K
[2020-12-25T05:21:45.642-0400][gc,heap        ] GC(386550)   class space    used 5715K, capacity 6563K, committed 6912K, reserved 1048576K
[2020-12-25T05:21:45.642-0400][gc,start       ] GC(386550) Pause Young (Normal) (G1 Evacuation Pause)
[2020-12-25T05:21:45.642-0400][gc,task        ] GC(386550) Using 4 workers of 4 for evacuation
[2020-12-25T05:21:45.648-0400][gc,phases      ] GC(386550)   Pre Evacuate Collection Set: 0.0ms
[2020-12-25T05:21:45.648-0400][gc,phases      ] GC(386550)   Evacuate Collection Set: 3.3ms
[2020-12-25T05:21:45.648-0400][gc,phases      ] GC(386550)   Post Evacuate Collection Set: 1.8ms
[2020-12-25T05:21:45.648-0400][gc,phases      ] GC(386550)   Other: 0.8ms
[2020-12-25T05:21:45.648-0400][gc,heap        ] GC(386550) Eden regions: 9->0(9)
[2020-12-25T05:21:45.648-0400][gc,heap        ] GC(386550) Survivor regions: 1->1(2)
[2020-12-25T05:21:45.648-0400][gc,heap        ] GC(386550) Old regions: 47->47
[2020-12-25T05:21:45.648-0400][gc,heap        ] GC(386550) Humongous regions: 4->4
[2020-12-25T05:21:45.648-0400][gc,metaspace   ] GC(386550) Metaspace: 61036K->61036K(1107968K)
[2020-12-25T05:21:45.648-0400][gc,heap        ] GC(386550) Heap after GC invocations=386526 (full 11322): garbage-first heap   total 71680K, used 48869K [0x0000000083000000, 0x0000000100000000)
[2020-12-25T05:21:45.648-0400][gc,heap        ] GC(386550)   region size 1024K, 1 young (1024K), 1 survivors (1024K)
[2020-12-25T05:21:45.648-0400][gc,heap        ] GC(386550)  Metaspace       used 61036K, capacity 63745K, committed 64768K, reserved 1107968K
[2020-12-25T05:21:45.648-0400][gc,heap        ] GC(386550)   class space    used 5715K, capacity 6563K, committed 6912K, reserved 1048576K
[2020-12-25T05:21:45.648-0400][gc             ] GC(386550) Pause Young (Normal) (G1 Evacuation Pause) 56M->47M(70M) 6.335ms
[2020-12-25T05:21:45.648-0400][gc,cpu         ] GC(386550) User=0.01s Sys=0.01s Real=0.01s
[2020-12-25T05:21:50.924-0400][gc,task        ] GC(386551) Using 3 workers of 4 for full compaction
[2020-12-25T05:21:50.924-0400][gc,start       ] GC(386551) Pause Full (System.gc())
[2020-12-25T05:21:50.924-0400][gc,heap        ] GC(386551) Heap before GC invocations=386526 (full 11322): garbage-first heap   total 71680K, used 49893K [0x0000000083000000, 0x0000000100000000)
[2020-12-25T05:21:50.924-0400][gc,heap        ] GC(386551)   region size 1024K, 3 young (3072K), 1 survivors (1024K)
[2020-12-25T05:21:50.924-0400][gc,heap        ] GC(386551)  Metaspace       used 61036K, capacity 63745K, committed 64768K, reserved 1107968K
[2020-12-25T05:21:50.924-0400][gc,heap        ] GC(386551)   class space    used 5715K, capacity 6563K, committed 6912K, reserved 1048576K
[2020-12-25T05:21:50.927-0400][gc,phases,start] GC(386551) Phase 1: Mark live objects
[2020-12-25T05:21:51.075-0400][gc,stringtable ] GC(386551) Cleaned string and symbol table, strings: 32272 processed, 0 removed, symbols: 131459 processed, 0 removed
[2020-12-25T05:21:51.075-0400][gc,phases      ] GC(386551) Phase 1: Mark live objects 148.628ms
[2020-12-25T05:21:51.075-0400][gc,phases,start] GC(386551) Phase 2: Prepare for compaction
[2020-12-25T05:21:51.108-0400][gc,phases      ] GC(386551) Phase 2: Prepare for compaction 33.112ms
[2020-12-25T05:21:51.108-0400][gc,phases,start] GC(386551) Phase 3: Adjust pointers
[2020-12-25T05:21:51.187-0400][gc,phases      ] GC(386551) Phase 3: Adjust pointers 78.723ms
[2020-12-25T05:21:51.187-0400][gc,phases,start] GC(386551) Phase 4: Compact heap
[2020-12-25T05:21:51.208-0400][gc,phases      ] GC(386551) Phase 4: Compact heap 20.750ms
[2020-12-25T05:21:51.244-0400][gc,heap        ] GC(386551) Eden regions: 2->0(10)
[2020-12-25T05:21:51.244-0400][gc,heap        ] GC(386551) Survivor regions: 1->0(2)
[2020-12-25T05:21:51.244-0400][gc,heap        ] GC(386551) Old regions: 47->46
[2020-12-25T05:21:51.244-0400][gc,heap        ] GC(386551) Humongous regions: 4->4
[2020-12-25T05:21:51.244-0400][gc,metaspace   ] GC(386551) Metaspace: 61036K->61036K(1107968K)
[2020-12-25T05:21:51.244-0400][gc,heap        ] GC(386551) Heap after GC invocations=386527 (full 11323): garbage-first heap   total 71680K, used 48431K [0x0000000083000000, 0x0000000100000000)
[2020-12-25T05:21:51.244-0400][gc,heap        ] GC(386551)   region size 1024K, 0 young (0K), 0 survivors (0K)
[2020-12-25T05:21:51.244-0400][gc,heap        ] GC(386551)  Metaspace       used 61036K, capacity 63745K, committed 64768K, reserved 1107968K
[2020-12-25T05:21:51.244-0400][gc,heap        ] GC(386551)   class space    used 5715K, capacity 6563K, committed 6912K, reserved 1048576K
[2020-12-25T05:21:51.244-0400][gc             ] GC(386551) Pause Full (System.gc()) 49M->47M(70M) 320.284ms
[2020-12-25T05:21:51.244-0400][gc,cpu         ] GC(386551) User=0.53s Sys=0.32s Real=0.32s
[2020-12-25T05:22:06.557-0400][gc,heap        ] GC(386552) Heap before GC invocations=386527 (full 11323): garbage-first heap   total 71680K, used 58671K [0x0000000083000000, 0x0000000100000000)
[2020-12-25T05:22:06.557-0400][gc,heap        ] GC(386552)   region size 1024K, 10 young (10240K), 0 survivors (0K)
[2020-12-25T05:22:06.557-0400][gc,heap        ] GC(386552)  Metaspace       used 61036K, capacity 63745K, committed 64768K, reserved 1107968K
[2020-12-25T05:22:06.557-0400][gc,heap        ] GC(386552)   class space    used 5715K, capacity 6563K, committed 6912K, reserved 1048576K
[2020-12-25T05:22:06.557-0400][gc,start       ] GC(386552) Pause Young (Normal) (G1 Evacuation Pause)
[2020-12-25T05:22:06.557-0400][gc,task        ] GC(386552) Using 4 workers of 4 for evacuation
[2020-12-25T05:22:06.562-0400][gc,phases      ] GC(386552)   Pre Evacuate Collection Set: 0.0ms
[2020-12-25T05:22:06.563-0400][gc,phases      ] GC(386552)   Evacuate Collection Set: 2.8ms
[2020-12-25T05:22:06.563-0400][gc,phases      ] GC(386552)   Post Evacuate Collection Set: 2.0ms
[2020-12-25T05:22:06.563-0400][gc,phases      ] GC(386552)   Other: 0.9ms
[2020-12-25T05:22:06.563-0400][gc,heap        ] GC(386552) Eden regions: 10->0(10)
[2020-12-25T05:22:06.563-0400][gc,heap        ] GC(386552) Survivor regions: 0->1(2)
[2020-12-25T05:22:06.563-0400][gc,heap        ] GC(386552) Old regions: 46->46
[2020-12-25T05:22:06.563-0400][gc,heap        ] GC(386552) Humongous regions: 4->4
[2020-12-25T05:22:06.563-0400][gc,metaspace   ] GC(386552) Metaspace: 61036K->61036K(1107968K)
[2020-12-25T05:22:06.563-0400][gc,heap        ] GC(386552) Heap after GC invocations=386528 (full 11323): garbage-first heap   total 71680K, used 48706K [0x0000000083000000, 0x0000000100000000)
[2020-12-25T05:22:06.563-0400][gc,heap        ] GC(386552)   region size 1024K, 1 young (1024K), 1 survivors (1024K)
[2020-12-25T05:22:06.563-0400][gc,heap        ] GC(386552)  Metaspace       used 61036K, capacity 63745K, committed 64768K, reserved 1107968K
[2020-12-25T05:22:06.563-0400][gc,heap        ] GC(386552)   class space    used 5715K, capacity 6563K, committed 6912K, reserved 1048576K
[2020-12-25T05:22:06.563-0400][gc             ] GC(386552) Pause Young (Normal) (G1 Evacuation Pause) 57M->47M(70M) 6.297ms
[2020-12-25T05:22:06.564-0400][gc,cpu         ] GC(386552) User=0.02s Sys=0.00s Real=0.00s
[2020-12-25T05:22:42.552-0400][gc,heap        ] GC(386553) Heap before GC invocations=386528 (full 11323): garbage-first heap   total 71680K, used 57922K [0x0000000083000000, 0x0000000100000000)
[2020-12-25T05:22:42.552-0400][gc,heap        ] GC(386553)   region size 1024K, 11 young (11264K), 1 survivors (1024K)
[2020-12-25T05:22:42.552-0400][gc,heap        ] GC(386553)  Metaspace       used 61036K, capacity 63745K, committed 64768K, reserved 1107968K
[2020-12-25T05:22:42.552-0400][gc,heap        ] GC(386553)   class space    used 5715K, capacity 6563K, committed 6912K, reserved 1048576K
[2020-12-25T05:22:42.552-0400][gc,start       ] GC(386553) Pause Young (Normal) (G1 Evacuation Pause)
[2020-12-25T05:22:42.552-0400][gc,task        ] GC(386553) Using 4 workers of 4 for evacuation
[2020-12-25T05:22:42.557-0400][gc,phases      ] GC(386553)   Pre Evacuate Collection Set: 0.0ms
[2020-12-25T05:22:42.557-0400][gc,phases      ] GC(386553)   Evacuate Collection Set: 2.9ms
[2020-12-25T05:22:42.557-0400][gc,phases      ] GC(386553)   Post Evacuate Collection Set: 1.5ms
[2020-12-25T05:22:42.557-0400][gc,phases      ] GC(386553)   Other: 1.0ms
[2020-12-25T05:22:42.557-0400][gc,heap        ] GC(386553) Eden regions: 10->0(10)
[2020-12-25T05:22:42.557-0400][gc,heap        ] GC(386553) Survivor regions: 1->1(2)
[2020-12-25T05:22:42.557-0400][gc,heap        ] GC(386553) Old regions: 46->46
[2020-12-25T05:22:42.557-0400][gc,heap        ] GC(386553) Humongous regions: 4->4
[2020-12-25T05:22:42.558-0400][gc,metaspace   ] GC(386553) Metaspace: 61036K->61036K(1107968K)
[2020-12-25T05:22:42.558-0400][gc,heap        ] GC(386553) Heap after GC invocations=386529 (full 11323): garbage-first heap   total 71680K, used 48677K [0x0000000083000000, 0x0000000100000000)
[2020-12-25T05:22:42.558-0400][gc,heap        ] GC(386553)   region size 1024K, 1 young (1024K), 1 survivors (1024K)
[2020-12-25T05:22:42.558-0400][gc,heap        ] GC(386553)  Metaspace       used 61036K, capacity 63745K, committed 64768K, reserved 1107968K
[2020-12-25T05:22:42.558-0400][gc,heap        ] GC(386553)   class space    used 5715K, capacity 6563K, committed 6912K, reserved 1048576K
[2020-12-25T05:22:42.558-0400][gc             ] GC(386553) Pause Young (Normal) (G1 Evacuation Pause) 57M->47M(70M) 5.764ms
[2020-12-25T05:22:42.558-0400][gc,cpu         ] GC(386553) User=0.02s Sys=0.00s Real=0.01s
[2020-12-25T05:23:05.623-0400][gc,heap        ] GC(386554) Heap before GC invocations=386529 (full 11323): garbage-first heap   total 71680K, used 57893K [0x0000000083000000, 0x0000000100000000)
[2020-12-25T05:23:05.623-0400][gc,heap        ] GC(386554)   region size 1024K, 11 young (11264K), 1 survivors (1024K)
[2020-12-25T05:23:05.623-0400][gc,heap        ] GC(386554)  Metaspace       used 61036K, capacity 63745K, committed 64768K, reserved 1107968K
[2020-12-25T05:23:05.623-0400][gc,heap        ] GC(386554)   class space    used 5715K, capacity 6563K, committed 6912K, reserved 1048576K
[2020-12-25T05:23:05.624-0400][gc,start       ] GC(386554) Pause Young (Normal) (G1 Evacuation Pause)
[2020-12-25T05:23:05.624-0400][gc,task        ] GC(386554) Using 4 workers of 4 for evacuation
[2020-12-25T05:23:05.629-0400][gc,phases      ] GC(386554)   Pre Evacuate Collection Set: 0.0ms
[2020-12-25T05:23:05.629-0400][gc,phases      ] GC(386554)   Evacuate Collection Set: 3.0ms
[2020-12-25T05:23:05.629-0400][gc,phases      ] GC(386554)   Post Evacuate Collection Set: 1.6ms
[2020-12-25T05:23:05.629-0400][gc,phases      ] GC(386554)   Other: 0.8ms
[2020-12-25T05:23:05.629-0400][gc,heap        ] GC(386554) Eden regions: 10->0(10)
[2020-12-25T05:23:05.629-0400][gc,heap        ] GC(386554) Survivor regions: 1->1(2)
[2020-12-25T05:23:05.629-0400][gc,heap        ] GC(386554) Old regions: 46->46
[2020-12-25T05:23:05.629-0400][gc,heap        ] GC(386554) Humongous regions: 4->4
[2020-12-25T05:23:05.629-0400][gc,metaspace   ] GC(386554) Metaspace: 61036K->61036K(1107968K)
[2020-12-25T05:23:05.629-0400][gc,heap        ] GC(386554) Heap after GC invocations=386530 (full 11323): garbage-first heap   total 71680K, used 48729K [0x0000000083000000, 0x0000000100000000)
[2020-12-25T05:23:05.629-0400][gc,heap        ] GC(386554)   region size 1024K, 1 young (1024K), 1 survivors (1024K)
[2020-12-25T05:23:05.629-0400][gc,heap        ] GC(386554)  Metaspace       used 61036K, capacity 63745K, committed 64768K, reserved 1107968K
[2020-12-25T05:23:05.629-0400][gc,heap        ] GC(386554)   class space    used 5715K, capacity 6563K, committed 6912K, reserved 1048576K
[2020-12-25T05:23:05.629-0400][gc             ] GC(386554) Pause Young (Normal) (G1 Evacuation Pause) 57M->47M(70M) 5.919ms
[2020-12-25T05:23:05.630-0400][gc,cpu         ] GC(386554) User=0.01s Sys=0.01s Real=0.01s
[2020-12-25T05:23:42.612-0400][gc,heap        ] GC(386555) Heap before GC invocations=386530 (full 11323): garbage-first heap   total 71680K, used 57945K [0x0000000083000000, 0x0000000100000000)
[2020-12-25T05:23:42.612-0400][gc,heap        ] GC(386555)   region size 1024K, 11 young (11264K), 1 survivors (1024K)
[2020-12-25T05:23:42.612-0400][gc,heap        ] GC(386555)  Metaspace       used 61036K, capacity 63745K, committed 64768K, reserved 1107968K
[2020-12-25T05:23:42.613-0400][gc,heap        ] GC(386555)   class space    used 5715K, capacity 6563K, committed 6912K, reserved 1048576K
[2020-12-25T05:23:42.613-0400][gc,start       ] GC(386555) Pause Young (Normal) (G1 Evacuation Pause)
[2020-12-25T05:23:42.613-0400][gc,task        ] GC(386555) Using 4 workers of 4 for evacuation
[2020-12-25T05:23:42.618-0400][gc,phases      ] GC(386555)   Pre Evacuate Collection Set: 0.0ms
[2020-12-25T05:23:42.618-0400][gc,phases      ] GC(386555)   Evacuate Collection Set: 3.3ms
[2020-12-25T05:23:42.618-0400][gc,phases      ] GC(386555)   Post Evacuate Collection Set: 1.4ms
[2020-12-25T05:23:42.618-0400][gc,phases      ] GC(386555)   Other: 0.9ms
[2020-12-25T05:23:42.618-0400][gc,heap        ] GC(386555) Eden regions: 10->0(10)
[2020-12-25T05:23:42.618-0400][gc,heap        ] GC(386555) Survivor regions: 1->1(2)
[2020-12-25T05:23:42.618-0400][gc,heap        ] GC(386555) Old regions: 46->46
[2020-12-25T05:23:42.618-0400][gc,heap        ] GC(386555) Humongous regions: 4->4
[2020-12-25T05:23:42.618-0400][gc,metaspace   ] GC(386555) Metaspace: 61036K->61036K(1107968K)
[2020-12-25T05:23:42.618-0400][gc,heap        ] GC(386555) Heap after GC invocations=386531 (full 11323): garbage-first heap   total 71680K, used 48769K [0x0000000083000000, 0x0000000100000000)
[2020-12-25T05:23:42.618-0400][gc,heap        ] GC(386555)   region size 1024K, 1 young (1024K), 1 survivors (1024K)
[2020-12-25T05:23:42.618-0400][gc,heap        ] GC(386555)  Metaspace       used 61036K, capacity 63745K, committed 64768K, reserved 1107968K
[2020-12-25T05:23:42.619-0400][gc,heap        ] GC(386555)   class space    used 5715K, capacity 6563K, committed 6912K, reserved 1048576K
[2020-12-25T05:23:42.619-0400][gc             ] GC(386555) Pause Young (Normal) (G1 Evacuation Pause) 57M->47M(70M) 5.980ms
[2020-12-25T05:23:42.619-0400][gc,cpu         ] GC(386555) User=0.01s Sys=0.00s Real=0.01s
[2020-12-25T05:24:05.493-0400][gc,heap        ] GC(386556) Heap before GC invocations=386531 (full 11323): garbage-first heap   total 71680K, used 59009K [0x0000000083000000, 0x0000000100000000)
[2020-12-25T05:24:05.493-0400][gc,heap        ] GC(386556)   region size 1024K, 11 young (11264K), 1 survivors (1024K)
[2020-12-25T05:24:05.493-0400][gc,heap        ] GC(386556)  Metaspace       used 61036K, capacity 63745K, committed 64768K, reserved 1107968K
[2020-12-25T05:24:05.493-0400][gc,heap        ] GC(386556)   class space    used 5715K, capacity 6563K, committed 6912K, reserved 1048576K
[2020-12-25T05:24:05.494-0400][gc,start       ] GC(386556) Pause Young (Normal) (G1 Evacuation Pause)
[2020-12-25T05:24:05.494-0400][gc,task        ] GC(386556) Using 4 workers of 4 for evacuation
[2020-12-25T05:24:05.500-0400][gc,phases      ] GC(386556)   Pre Evacuate Collection Set: 0.0ms
[2020-12-25T05:24:05.500-0400][gc,phases      ] GC(386556)   Evacuate Collection Set: 4.1ms
[2020-12-25T05:24:05.500-0400][gc,phases      ] GC(386556)   Post Evacuate Collection Set: 1.5ms
[2020-12-25T05:24:05.500-0400][gc,phases      ] GC(386556)   Other: 0.9ms
[2020-12-25T05:24:05.500-0400][gc,heap        ] GC(386556) Eden regions: 10->0(10)
[2020-12-25T05:24:05.500-0400][gc,heap        ] GC(386556) Survivor regions: 1->1(2)
[2020-12-25T05:24:05.500-0400][gc,heap        ] GC(386556) Old regions: 46->46
[2020-12-25T05:24:05.500-0400][gc,heap        ] GC(386556) Humongous regions: 4->4
[2020-12-25T05:24:05.500-0400][gc,metaspace   ] GC(386556) Metaspace: 61036K->61036K(1107968K)
[2020-12-25T05:24:05.500-0400][gc,heap        ] GC(386556) Heap after GC invocations=386532 (full 11323): garbage-first heap   total 71680K, used 49046K [0x0000000083000000, 0x0000000100000000)
[2020-12-25T05:24:05.500-0400][gc,heap        ] GC(386556)   region size 1024K, 1 young (1024K), 1 survivors (1024K)
[2020-12-25T05:24:05.500-0400][gc,heap        ] GC(386556)  Metaspace       used 61036K, capacity 63745K, committed 64768K, reserved 1107968K
[2020-12-25T05:24:05.500-0400][gc,heap        ] GC(386556)   class space    used 5715K, capacity 6563K, committed 6912K, reserved 1048576K
[2020-12-25T05:24:05.501-0400][gc             ] GC(386556) Pause Young (Normal) (G1 Evacuation Pause) 57M->47M(70M) 6.822ms
[2020-12-25T05:24:05.501-0400][gc,cpu         ] GC(386556) User=0.01s Sys=0.01s Real=0.01s
[2020-12-25T05:24:41.878-0400][gc,heap        ] GC(386557) Heap before GC invocations=386532 (full 11323): garbage-first heap   total 71680K, used 59286K [0x0000000083000000, 0x0000000100000000)
[2020-12-25T05:24:41.879-0400][gc,heap        ] GC(386557)   region size 1024K, 11 young (11264K), 1 survivors (1024K)
[2020-12-25T05:24:41.879-0400][gc,heap        ] GC(386557)  Metaspace       used 61036K, capacity 63745K, committed 64768K, reserved 1107968K
[2020-12-25T05:24:41.879-0400][gc,heap        ] GC(386557)   class space    used 5715K, capacity 6563K, committed 6912K, reserved 1048576K
[2020-12-25T05:24:41.879-0400][gc,start       ] GC(386557) Pause Young (Normal) (G1 Evacuation Pause)
[2020-12-25T05:24:41.879-0400][gc,task        ] GC(386557) Using 4 workers of 4 for evacuation
[2020-12-25T05:24:41.885-0400][gc,phases      ] GC(386557)   Pre Evacuate Collection Set: 0.0ms
[2020-12-25T05:24:41.885-0400][gc,phases      ] GC(386557)   Evacuate Collection Set: 3.9ms
[2020-12-25T05:24:41.885-0400][gc,phases      ] GC(386557)   Post Evacuate Collection Set: 1.6ms
[2020-12-25T05:24:41.885-0400][gc,phases      ] GC(386557)   Other: 0.9ms
[2020-12-25T05:24:41.885-0400][gc,heap        ] GC(386557) Eden regions: 10->0(10)
[2020-12-25T05:24:41.885-0400][gc,heap        ] GC(386557) Survivor regions: 1->1(2)
[2020-12-25T05:24:41.885-0400][gc,heap        ] GC(386557) Old regions: 46->46
[2020-12-25T05:24:41.885-0400][gc,heap        ] GC(386557) Humongous regions: 4->4
[2020-12-25T05:24:41.885-0400][gc,metaspace   ] GC(386557) Metaspace: 61036K->61036K(1107968K)
[2020-12-25T05:24:41.885-0400][gc,heap        ] GC(386557) Heap after GC invocations=386533 (full 11323): garbage-first heap   total 71680K, used 49015K [0x0000000083000000, 0x0000000100000000)
[2020-12-25T05:24:41.885-0400][gc,heap        ] GC(386557)   region size 1024K, 1 young (1024K), 1 survivors (1024K)
[2020-12-25T05:24:41.885-0400][gc,heap        ] GC(386557)  Metaspace       used 61036K, capacity 63745K, committed 64768K, reserved 1107968K
[2020-12-25T05:24:41.885-0400][gc,heap        ] GC(386557)   class space    used 5715K, capacity 6563K, committed 6912K, reserved 1048576K
[2020-12-25T05:24:41.885-0400][gc             ] GC(386557) Pause Young (Normal) (G1 Evacuation Pause) 57M->47M(70M) 6.677ms
[2020-12-25T05:24:41.886-0400][gc,cpu         ] GC(386557) User=0.02s Sys=0.00s Real=0.01s
[2020-12-25T05:25:06.128-0400][gc,heap        ] GC(386558) Heap before GC invocations=386533 (full 11323): garbage-first heap   total 71680K, used 58231K [0x0000000083000000, 0x0000000100000000)
[2020-12-25T05:25:06.128-0400][gc,heap        ] GC(386558)   region size 1024K, 11 young (11264K), 1 survivors (1024K)
[2020-12-25T05:25:06.128-0400][gc,heap        ] GC(386558)  Metaspace       used 61036K, capacity 63745K, committed 64768K, reserved 1107968K
[2020-12-25T05:25:06.128-0400][gc,heap        ] GC(386558)   class space    used 5715K, capacity 6563K, committed 6912K, reserved 1048576K
[2020-12-25T05:25:06.129-0400][gc,start       ] GC(386558) Pause Young (Normal) (G1 Evacuation Pause)
[2020-12-25T05:25:06.129-0400][gc,task        ] GC(386558) Using 4 workers of 4 for evacuation
[2020-12-25T05:25:06.135-0400][gc,phases      ] GC(386558)   Pre Evacuate Collection Set: 0.0ms
[2020-12-25T05:25:06.135-0400][gc,phases      ] GC(386558)   Evacuate Collection Set: 4.2ms
[2020-12-25T05:25:06.135-0400][gc,phases      ] GC(386558)   Post Evacuate Collection Set: 1.8ms
[2020-12-25T05:25:06.135-0400][gc,phases      ] GC(386558)   Other: 1.0ms
[2020-12-25T05:25:06.135-0400][gc,heap        ] GC(386558) Eden regions: 10->0(10)
[2020-12-25T05:25:06.136-0400][gc,heap        ] GC(386558) Survivor regions: 1->1(2)
[2020-12-25T05:25:06.136-0400][gc,heap        ] GC(386558) Old regions: 46->46
[2020-12-25T05:25:06.136-0400][gc,heap        ] GC(386558) Humongous regions: 4->4
[2020-12-25T05:25:06.136-0400][gc,metaspace   ] GC(386558) Metaspace: 61036K->61036K(1107968K)
[2020-12-25T05:25:06.136-0400][gc,heap        ] GC(386558) Heap after GC invocations=386534 (full 11323): garbage-first heap   total 71680K, used 49084K [0x0000000083000000, 0x0000000100000000)
[2020-12-25T05:25:06.136-0400][gc,heap        ] GC(386558)   region size 1024K, 1 young (1024K), 1 survivors (1024K)
[2020-12-25T05:25:06.136-0400][gc,heap        ] GC(386558)  Metaspace       used 61036K, capacity 63745K, committed 64768K, reserved 1107968K
[2020-12-25T05:25:06.136-0400][gc,heap        ] GC(386558)   class space    used 5715K, capacity 6563K, committed 6912K, reserved 1048576K
[2020-12-25T05:25:06.136-0400][gc             ] GC(386558) Pause Young (Normal) (G1 Evacuation Pause) 57M->47M(70M) 7.289ms
[2020-12-25T05:25:06.136-0400][gc,cpu         ] GC(386558) User=0.02s Sys=0.00s Real=0.01s
[2020-12-25T05:25:36.596-0400][gc,heap        ] GC(386559) Heap before GC invocations=386534 (full 11323): garbage-first heap   total 71680K, used 58300K [0x0000000083000000, 0x0000000100000000)
[2020-12-25T05:25:36.596-0400][gc,heap        ] GC(386559)   region size 1024K, 11 young (11264K), 1 survivors (1024K)
[2020-12-25T05:25:36.596-0400][gc,heap        ] GC(386559)  Metaspace       used 61036K, capacity 63745K, committed 64768K, reserved 1107968K
[2020-12-25T05:25:36.597-0400][gc,heap        ] GC(386559)   class space    used 5715K, capacity 6563K, committed 6912K, reserved 1048576K
[2020-12-25T05:25:36.597-0400][gc,start       ] GC(386559) Pause Young (Normal) (G1 Evacuation Pause)
[2020-12-25T05:25:36.597-0400][gc,task        ] GC(386559) Using 4 workers of 4 for evacuation
[2020-12-25T05:25:36.603-0400][gc,phases      ] GC(386559)   Pre Evacuate Collection Set: 0.0ms
[2020-12-25T05:25:36.603-0400][gc,phases      ] GC(386559)   Evacuate Collection Set: 3.8ms
[2020-12-25T05:25:36.603-0400][gc,phases      ] GC(386559)   Post Evacuate Collection Set: 1.8ms
[2020-12-25T05:25:36.603-0400][gc,phases      ] GC(386559)   Other: 0.8ms
[2020-12-25T05:25:36.603-0400][gc,heap        ] GC(386559) Eden regions: 10->0(10)
[2020-12-25T05:25:36.603-0400][gc,heap        ] GC(386559) Survivor regions: 1->1(2)
[2020-12-25T05:25:36.603-0400][gc,heap        ] GC(386559) Old regions: 46->46
[2020-12-25T05:25:36.603-0400][gc,heap        ] GC(386559) Humongous regions: 4->4
[2020-12-25T05:25:36.603-0400][gc,metaspace   ] GC(386559) Metaspace: 61036K->61036K(1107968K)
[2020-12-25T05:25:36.603-0400][gc,heap        ] GC(386559) Heap after GC invocations=386535 (full 11323): garbage-first heap   total 71680K, used 49035K [0x0000000083000000, 0x0000000100000000)
[2020-12-25T05:25:36.603-0400][gc,heap        ] GC(386559)   region size 1024K, 1 young (1024K), 1 survivors (1024K)
[2020-12-25T05:25:36.603-0400][gc,heap        ] GC(386559)  Metaspace       used 61036K, capacity 63745K, committed 64768K, reserved 1107968K
[2020-12-25T05:25:36.604-0400][gc,heap        ] GC(386559)   class space    used 5715K, capacity 6563K, committed 6912K, reserved 1048576K
[2020-12-25T05:25:36.604-0400][gc             ] GC(386559) Pause Young (Normal) (G1 Evacuation Pause) 57M->47M(70M) 7.029ms
[2020-12-25T05:25:36.604-0400][gc,cpu         ] GC(386559) User=0.01s Sys=0.01s Real=0.00s
[2020-12-25T05:26:03.890-0400][gc,heap        ] GC(386560) Heap before GC invocations=386535 (full 11323): garbage-first heap   total 71680K, used 58251K [0x0000000083000000, 0x0000000100000000)
[2020-12-25T05:26:03.891-0400][gc,heap        ] GC(386560)   region size 1024K, 11 young (11264K), 1 survivors (1024K)
[2020-12-25T05:26:03.891-0400][gc,heap        ] GC(386560)  Metaspace       used 61036K, capacity 63745K, committed 64768K, reserved 1107968K
[2020-12-25T05:26:03.891-0400][gc,heap        ] GC(386560)   class space    used 5715K, capacity 6563K, committed 6912K, reserved 1048576K
[2020-12-25T05:26:03.891-0400][gc,start       ] GC(386560) Pause Young (Normal) (G1 Evacuation Pause)
[2020-12-25T05:26:03.891-0400][gc,task        ] GC(386560) Using 4 workers of 4 for evacuation
[2020-12-25T05:26:03.897-0400][gc,phases      ] GC(386560)   Pre Evacuate Collection Set: 0.0ms
[2020-12-25T05:26:03.897-0400][gc,phases      ] GC(386560)   Evacuate Collection Set: 4.2ms
[2020-12-25T05:26:03.897-0400][gc,phases      ] GC(386560)   Post Evacuate Collection Set: 1.5ms
[2020-12-25T05:26:03.897-0400][gc,phases      ] GC(386560)   Other: 0.9ms
[2020-12-25T05:26:03.897-0400][gc,heap        ] GC(386560) Eden regions: 10->0(10)
[2020-12-25T05:26:03.897-0400][gc,heap        ] GC(386560) Survivor regions: 1->1(2)
[2020-12-25T05:26:03.897-0400][gc,heap        ] GC(386560) Old regions: 46->46
[2020-12-25T05:26:03.897-0400][gc,heap        ] GC(386560) Humongous regions: 4->4
[2020-12-25T05:26:03.897-0400][gc,metaspace   ] GC(386560) Metaspace: 61036K->61036K(1107968K)
[2020-12-25T05:26:03.897-0400][gc,heap        ] GC(386560) Heap after GC invocations=386536 (full 11323): garbage-first heap   total 71680K, used 49060K [0x0000000083000000, 0x0000000100000000)
[2020-12-25T05:26:03.898-0400][gc,heap        ] GC(386560)   region size 1024K, 1 young (1024K), 1 survivors (1024K)
[2020-12-25T05:26:03.898-0400][gc,heap        ] GC(386560)  Metaspace       used 61036K, capacity 63745K, committed 64768K, reserved 1107968K
[2020-12-25T05:26:03.898-0400][gc,heap        ] GC(386560)   class space    used 5715K, capacity 6563K, committed 6912K, reserved 1048576K
[2020-12-25T05:26:03.898-0400][gc             ] GC(386560) Pause Young (Normal) (G1 Evacuation Pause) 57M->47M(70M) 6.954ms
[2020-12-25T05:26:03.898-0400][gc,cpu         ] GC(386560) User=0.01s Sys=0.01s Real=0.01s
[2020-12-25T05:26:19.770-0400][gc,heap        ] GC(386561) Heap before GC invocations=386536 (full 11323): garbage-first heap   total 71680K, used 58276K [0x0000000083000000, 0x0000000100000000)
[2020-12-25T05:26:19.771-0400][gc,heap        ] GC(386561)   region size 1024K, 11 young (11264K), 1 survivors (1024K)
[2020-12-25T05:26:19.771-0400][gc,heap        ] GC(386561)  Metaspace       used 61036K, capacity 63745K, committed 64768K, reserved 1107968K
[2020-12-25T05:26:19.771-0400][gc,heap        ] GC(386561)   class space    used 5715K, capacity 6563K, committed 6912K, reserved 1048576K
[2020-12-25T05:26:19.771-0400][gc,start       ] GC(386561) Pause Young (Normal) (G1 Evacuation Pause)
[2020-12-25T05:26:19.771-0400][gc,task        ] GC(386561) Using 4 workers of 4 for evacuation
[2020-12-25T05:26:19.777-0400][gc,phases      ] GC(386561)   Pre Evacuate Collection Set: 0.0ms
[2020-12-25T05:26:19.777-0400][gc,phases      ] GC(386561)   Evacuate Collection Set: 4.0ms
[2020-12-25T05:26:19.777-0400][gc,phases      ] GC(386561)   Post Evacuate Collection Set: 1.7ms
[2020-12-25T05:26:19.777-0400][gc,phases      ] GC(386561)   Other: 0.9ms
[2020-12-25T05:26:19.778-0400][gc,heap        ] GC(386561) Eden regions: 10->0(10)
[2020-12-25T05:26:19.778-0400][gc,heap        ] GC(386561) Survivor regions: 1->1(2)
[2020-12-25T05:26:19.778-0400][gc,heap        ] GC(386561) Old regions: 46->46
[2020-12-25T05:26:19.778-0400][gc,heap        ] GC(386561) Humongous regions: 4->4
[2020-12-25T05:26:19.778-0400][gc,metaspace   ] GC(386561) Metaspace: 61036K->61036K(1107968K)
[2020-12-25T05:26:19.778-0400][gc,heap        ] GC(386561) Heap after GC invocations=386537 (full 11323): garbage-first heap   total 71680K, used 49110K [0x0000000083000000, 0x0000000100000000)
[2020-12-25T05:26:19.778-0400][gc,heap        ] GC(386561)   region size 1024K, 1 young (1024K), 1 survivors (1024K)
[2020-12-25T05:26:19.778-0400][gc,heap        ] GC(386561)  Metaspace       used 61036K, capacity 63745K, committed 64768K, reserved 1107968K
[2020-12-25T05:26:19.778-0400][gc,heap        ] GC(386561)   class space    used 5715K, capacity 6563K, committed 6912K, reserved 1048576K
[2020-12-25T05:26:19.778-0400][gc             ] GC(386561) Pause Young (Normal) (G1 Evacuation Pause) 57M->47M(70M) 7.105ms
[2020-12-25T05:26:19.778-0400][gc,cpu         ] GC(386561) User=0.01s Sys=0.01s Real=0.01s
[2020-12-25T05:26:50.515-0400][gc,heap        ] GC(386562) Heap before GC invocations=386537 (full 11323): garbage-first heap   total 71680K, used 58326K [0x0000000083000000, 0x0000000100000000)
[2020-12-25T05:26:50.515-0400][gc,heap        ] GC(386562)   region size 1024K, 11 young (11264K), 1 survivors (1024K)
[2020-12-25T05:26:50.515-0400][gc,heap        ] GC(386562)  Metaspace       used 61036K, capacity 63745K, committed 64768K, reserved 1107968K
[2020-12-25T05:26:50.515-0400][gc,heap        ] GC(386562)   class space    used 5715K, capacity 6563K, committed 6912K, reserved 1048576K
[2020-12-25T05:26:50.515-0400][gc,start       ] GC(386562) Pause Young (Normal) (G1 Evacuation Pause)
[2020-12-25T05:26:50.515-0400][gc,task        ] GC(386562) Using 4 workers of 4 for evacuation
[2020-12-25T05:26:50.521-0400][gc,phases      ] GC(386562)   Pre Evacuate Collection Set: 0.0ms
[2020-12-25T05:26:50.521-0400][gc,phases      ] GC(386562)   Evacuate Collection Set: 4.3ms
[2020-12-25T05:26:50.521-0400][gc,phases      ] GC(386562)   Post Evacuate Collection Set: 1.4ms
[2020-12-25T05:26:50.522-0400][gc,phases      ] GC(386562)   Other: 0.8ms
[2020-12-25T05:26:50.522-0400][gc,heap        ] GC(386562) Eden regions: 10->0(10)
[2020-12-25T05:26:50.522-0400][gc,heap        ] GC(386562) Survivor regions: 1->1(2)
[2020-12-25T05:26:50.522-0400][gc,heap        ] GC(386562) Old regions: 46->46
[2020-12-25T05:26:50.522-0400][gc,heap        ] GC(386562) Humongous regions: 4->4
[2020-12-25T05:26:50.522-0400][gc,metaspace   ] GC(386562) Metaspace: 61036K->61036K(1107968K)
[2020-12-25T05:26:50.522-0400][gc,heap        ] GC(386562) Heap after GC invocations=386538 (full 11323): garbage-first heap   total 71680K, used 49111K [0x0000000083000000, 0x0000000100000000)
[2020-12-25T05:26:50.522-0400][gc,heap        ] GC(386562)   region size 1024K, 1 young (1024K), 1 survivors (1024K)
[2020-12-25T05:26:50.522-0400][gc,heap        ] GC(386562)  Metaspace       used 61036K, capacity 63745K, committed 64768K, reserved 1107968K
[2020-12-25T05:26:50.522-0400][gc,heap        ] GC(386562)   class space    used 5715K, capacity 6563K, committed 6912K, reserved 1048576K
[2020-12-25T05:26:50.522-0400][gc             ] GC(386562) Pause Young (Normal) (G1 Evacuation Pause) 57M->47M(70M) 6.966ms
[2020-12-25T05:26:50.522-0400][gc,cpu         ] GC(386562) User=0.02s Sys=0.00s Real=0.01s
[2020-12-25T05:26:50.924-0400][gc,task        ] GC(386563) Using 3 workers of 4 for full compaction
[2020-12-25T05:26:50.924-0400][gc,start       ] GC(386563) Pause Full (System.gc())
[2020-12-25T05:26:50.924-0400][gc,heap        ] GC(386563) Heap before GC invocations=386538 (full 11323): garbage-first heap   total 71680K, used 49111K [0x0000000083000000, 0x0000000100000000)
[2020-12-25T05:26:50.924-0400][gc,heap        ] GC(386563)   region size 1024K, 2 young (2048K), 1 survivors (1024K)
[2020-12-25T05:26:50.924-0400][gc,heap        ] GC(386563)  Metaspace       used 61036K, capacity 63745K, committed 64768K, reserved 1107968K
[2020-12-25T05:26:50.924-0400][gc,heap        ] GC(386563)   class space    used 5715K, capacity 6563K, committed 6912K, reserved 1048576K
[2020-12-25T05:26:50.927-0400][gc,phases,start] GC(386563) Phase 1: Mark live objects
[2020-12-25T05:26:51.073-0400][gc,stringtable ] GC(386563) Cleaned string and symbol table, strings: 32272 processed, 0 removed, symbols: 131459 processed, 0 removed
[2020-12-25T05:26:51.073-0400][gc,phases      ] GC(386563) Phase 1: Mark live objects 146.558ms
[2020-12-25T05:26:51.073-0400][gc,phases,start] GC(386563) Phase 2: Prepare for compaction
[2020-12-25T05:26:51.104-0400][gc,phases      ] GC(386563) Phase 2: Prepare for compaction 30.124ms
[2020-12-25T05:26:51.104-0400][gc,phases,start] GC(386563) Phase 3: Adjust pointers
[2020-12-25T05:26:51.184-0400][gc,phases      ] GC(386563) Phase 3: Adjust pointers 80.499ms
[2020-12-25T05:26:51.184-0400][gc,phases,start] GC(386563) Phase 4: Compact heap
[2020-12-25T05:26:51.206-0400][gc,phases      ] GC(386563) Phase 4: Compact heap 22.083ms
[2020-12-25T05:26:51.243-0400][gc,heap        ] GC(386563) Eden regions: 1->0(10)
[2020-12-25T05:26:51.243-0400][gc,heap        ] GC(386563) Survivor regions: 1->0(2)
[2020-12-25T05:26:51.243-0400][gc,heap        ] GC(386563) Old regions: 46->46
[2020-12-25T05:26:51.243-0400][gc,heap        ] GC(386563) Humongous regions: 4->4
[2020-12-25T05:26:51.243-0400][gc,metaspace   ] GC(386563) Metaspace: 61036K->61036K(1107968K)
[2020-12-25T05:26:51.243-0400][gc,heap        ] GC(386563) Heap after GC invocations=386539 (full 11324): garbage-first heap   total 71680K, used 48583K [0x0000000083000000, 0x0000000100000000)
[2020-12-25T05:26:51.243-0400][gc,heap        ] GC(386563)   region size 1024K, 0 young (0K), 0 survivors (0K)
[2020-12-25T05:26:51.243-0400][gc,heap        ] GC(386563)  Metaspace       used 61036K, capacity 63745K, committed 64768K, reserved 1107968K
[2020-12-25T05:26:51.243-0400][gc,heap        ] GC(386563)   class space    used 5715K, capacity 6563K, committed 6912K, reserved 1048576K
[2020-12-25T05:26:51.243-0400][gc             ] GC(386563) Pause Full (System.gc()) 48M->47M(70M) 319.302ms
[2020-12-25T05:26:51.244-0400][gc,cpu         ] GC(386563) User=0.85s Sys=0.00s Real=0.32s
[2020-12-25T05:27:06.711-0400][gc,heap        ] GC(386564) Heap before GC invocations=386539 (full 11324): garbage-first heap   total 71680K, used 57799K [0x0000000083000000, 0x0000000100000000)
[2020-12-25T05:27:06.711-0400][gc,heap        ] GC(386564)   region size 1024K, 10 young (10240K), 0 survivors (0K)
[2020-12-25T05:27:06.711-0400][gc,heap        ] GC(386564)  Metaspace       used 61036K, capacity 63745K, committed 64768K, reserved 1107968K
[2020-12-25T05:27:06.711-0400][gc,heap        ] GC(386564)   class space    used 5715K, capacity 6563K, committed 6912K, reserved 1048576K
[2020-12-25T05:27:06.712-0400][gc,start       ] GC(386564) Pause Young (Normal) (G1 Evacuation Pause)
[2020-12-25T05:27:06.712-0400][gc,task        ] GC(386564) Using 4 workers of 4 for evacuation
[2020-12-25T05:27:06.717-0400][gc,phases      ] GC(386564)   Pre Evacuate Collection Set: 0.0ms
[2020-12-25T05:27:06.718-0400][gc,phases      ] GC(386564)   Evacuate Collection Set: 3.5ms
[2020-12-25T05:27:06.718-0400][gc,phases      ] GC(386564)   Post Evacuate Collection Set: 1.7ms
[2020-12-25T05:27:06.718-0400][gc,phases      ] GC(386564)   Other: 0.9ms
[2020-12-25T05:27:06.718-0400][gc,heap        ] GC(386564) Eden regions: 10->0(10)
[2020-12-25T05:27:06.718-0400][gc,heap        ] GC(386564) Survivor regions: 0->1(2)
[2020-12-25T05:27:06.718-0400][gc,heap        ] GC(386564) Old regions: 46->46
[2020-12-25T05:27:06.718-0400][gc,heap        ] GC(386564) Humongous regions: 4->4
[2020-12-25T05:27:06.718-0400][gc,metaspace   ] GC(386564) Metaspace: 61036K->61036K(1107968K)
[2020-12-25T05:27:06.718-0400][gc,heap        ] GC(386564) Heap after GC invocations=386540 (full 11324): garbage-first heap   total 71680K, used 48858K [0x0000000083000000, 0x0000000100000000)
[2020-12-25T05:27:06.718-0400][gc,heap        ] GC(386564)   region size 1024K, 1 young (1024K), 1 survivors (1024K)
[2020-12-25T05:27:06.718-0400][gc,heap        ] GC(386564)  Metaspace       used 61036K, capacity 63745K, committed 64768K, reserved 1107968K
[2020-12-25T05:27:06.718-0400][gc,heap        ] GC(386564)   class space    used 5715K, capacity 6563K, committed 6912K, reserved 1048576K
[2020-12-25T05:27:06.718-0400][gc             ] GC(386564) Pause Young (Normal) (G1 Evacuation Pause) 57M->47M(70M) 6.804ms
[2020-12-25T05:27:06.719-0400][gc,cpu         ] GC(386564) User=0.01s Sys=0.01s Real=0.01s
[2020-12-25T05:27:35.304-0400][gc,heap        ] GC(386565) Heap before GC invocations=386540 (full 11324): garbage-first heap   total 71680K, used 59098K [0x0000000083000000, 0x0000000100000000)
[2020-12-25T05:27:35.304-0400][gc,heap        ] GC(386565)   region size 1024K, 11 young (11264K), 1 survivors (1024K)
[2020-12-25T05:27:35.305-0400][gc,heap        ] GC(386565)  Metaspace       used 61036K, capacity 63745K, committed 64768K, reserved 1107968K
[2020-12-25T05:27:35.305-0400][gc,heap        ] GC(386565)   class space    used 5715K, capacity 6563K, committed 6912K, reserved 1048576K
[2020-12-25T05:27:35.305-0400][gc,start       ] GC(386565) Pause Young (Normal) (G1 Evacuation Pause)
[2020-12-25T05:27:35.305-0400][gc,task        ] GC(386565) Using 4 workers of 4 for evacuation
[2020-12-25T05:27:35.310-0400][gc,phases      ] GC(386565)   Pre Evacuate Collection Set: 0.0ms
[2020-12-25T05:27:35.310-0400][gc,phases      ] GC(386565)   Evacuate Collection Set: 3.1ms
[2020-12-25T05:27:35.310-0400][gc,phases      ] GC(386565)   Post Evacuate Collection Set: 1.8ms
[2020-12-25T05:27:35.310-0400][gc,phases      ] GC(386565)   Other: 1.2ms
[2020-12-25T05:27:35.311-0400][gc,heap        ] GC(386565) Eden regions: 10->0(10)
[2020-12-25T05:27:35.311-0400][gc,heap        ] GC(386565) Survivor regions: 1->1(2)
[2020-12-25T05:27:35.311-0400][gc,heap        ] GC(386565) Old regions: 46->46
[2020-12-25T05:27:35.311-0400][gc,heap        ] GC(386565) Humongous regions: 4->4
[2020-12-25T05:27:35.311-0400][gc,metaspace   ] GC(386565) Metaspace: 61036K->61036K(1107968K)
[2020-12-25T05:27:35.311-0400][gc,heap        ] GC(386565) Heap after GC invocations=386541 (full 11324): garbage-first heap   total 71680K, used 48894K [0x0000000083000000, 0x0000000100000000)
[2020-12-25T05:27:35.311-0400][gc,heap        ] GC(386565)   region size 1024K, 1 young (1024K), 1 survivors (1024K)
[2020-12-25T05:27:35.311-0400][gc,heap        ] GC(386565)  Metaspace       used 61036K, capacity 63745K, committed 64768K, reserved 1107968K
[2020-12-25T05:27:35.311-0400][gc,heap        ] GC(386565)   class space    used 5715K, capacity 6563K, committed 6912K, reserved 1048576K
[2020-12-25T05:27:35.311-0400][gc             ] GC(386565) Pause Young (Normal) (G1 Evacuation Pause) 57M->47M(70M) 6.190ms
[2020-12-25T05:27:35.311-0400][gc,cpu         ] GC(386565) User=0.02s Sys=0.00s Real=0.01s
[2020-12-25T05:28:04.143-0400][gc,heap        ] GC(386566) Heap before GC invocations=386541 (full 11324): garbage-first heap   total 71680K, used 59134K [0x0000000083000000, 0x0000000100000000)
[2020-12-25T05:28:04.143-0400][gc,heap        ] GC(386566)   region size 1024K, 11 young (11264K), 1 survivors (1024K)
[2020-12-25T05:28:04.143-0400][gc,heap        ] GC(386566)  Metaspace       used 61036K, capacity 63745K, committed 64768K, reserved 1107968K
[2020-12-25T05:28:04.143-0400][gc,heap        ] GC(386566)   class space    used 5715K, capacity 6563K, committed 6912K, reserved 1048576K
[2020-12-25T05:28:04.143-0400][gc,start       ] GC(386566) Pause Young (Normal) (G1 Evacuation Pause)
[2020-12-25T05:28:04.143-0400][gc,task        ] GC(386566) Using 4 workers of 4 for evacuation
[2020-12-25T05:28:04.149-0400][gc,phases      ] GC(386566)   Pre Evacuate Collection Set: 0.0ms
[2020-12-25T05:28:04.149-0400][gc,phases      ] GC(386566)   Evacuate Collection Set: 3.2ms
[2020-12-25T05:28:04.149-0400][gc,phases      ] GC(386566)   Post Evacuate Collection Set: 1.9ms
[2020-12-25T05:28:04.149-0400][gc,phases      ] GC(386566)   Other: 0.9ms
[2020-12-25T05:28:04.149-0400][gc,heap        ] GC(386566) Eden regions: 10->0(10)
[2020-12-25T05:28:04.149-0400][gc,heap        ] GC(386566) Survivor regions: 1->1(2)
[2020-12-25T05:28:04.149-0400][gc,heap        ] GC(386566) Old regions: 46->46
[2020-12-25T05:28:04.150-0400][gc,heap        ] GC(386566) Humongous regions: 4->4
[2020-12-25T05:28:04.150-0400][gc,metaspace   ] GC(386566) Metaspace: 61036K->61036K(1107968K)
[2020-12-25T05:28:04.150-0400][gc,heap        ] GC(386566) Heap after GC invocations=386542 (full 11324): garbage-first heap   total 71680K, used 48941K [0x0000000083000000, 0x0000000100000000)
[2020-12-25T05:28:04.150-0400][gc,heap        ] GC(386566)   region size 1024K, 1 young (1024K), 1 survivors (1024K)
[2020-12-25T05:28:04.150-0400][gc,heap        ] GC(386566)  Metaspace       used 61036K, capacity 63745K, committed 64768K, reserved 1107968K
[2020-12-25T05:28:04.150-0400][gc,heap        ] GC(386566)   class space    used 5715K, capacity 6563K, committed 6912K, reserved 1048576K
[2020-12-25T05:28:04.150-0400][gc             ] GC(386566) Pause Young (Normal) (G1 Evacuation Pause) 57M->47M(70M) 6.433ms
[2020-12-25T05:28:04.150-0400][gc,cpu         ] GC(386566) User=0.02s Sys=0.00s Real=0.01s
[2020-12-25T05:28:37.765-0400][gc,heap        ] GC(386567) Heap before GC invocations=386542 (full 11324): garbage-first heap   total 71680K, used 58157K [0x0000000083000000, 0x0000000100000000)
[2020-12-25T05:28:37.765-0400][gc,heap        ] GC(386567)   region size 1024K, 11 young (11264K), 1 survivors (1024K)
[2020-12-25T05:28:37.765-0400][gc,heap        ] GC(386567)  Metaspace       used 61036K, capacity 63745K, committed 64768K, reserved 1107968K
[2020-12-25T05:28:37.765-0400][gc,heap        ] GC(386567)   class space    used 5715K, capacity 6563K, committed 6912K, reserved 1048576K
[2020-12-25T05:28:37.765-0400][gc,start       ] GC(386567) Pause Young (Normal) (G1 Evacuation Pause)
[2020-12-25T05:28:37.765-0400][gc,task        ] GC(386567) Using 4 workers of 4 for evacuation
[2020-12-25T05:28:37.771-0400][gc,phases      ] GC(386567)   Pre Evacuate Collection Set: 0.0ms
[2020-12-25T05:28:37.771-0400][gc,phases      ] GC(386567)   Evacuate Collection Set: 3.2ms
[2020-12-25T05:28:37.771-0400][gc,phases      ] GC(386567)   Post Evacuate Collection Set: 1.8ms
[2020-12-25T05:28:37.771-0400][gc,phases      ] GC(386567)   Other: 0.8ms
[2020-12-25T05:28:37.771-0400][gc,heap        ] GC(386567) Eden regions: 10->0(10)
[2020-12-25T05:28:37.771-0400][gc,heap        ] GC(386567) Survivor regions: 1->1(2)
[2020-12-25T05:28:37.771-0400][gc,heap        ] GC(386567) Old regions: 46->46
[2020-12-25T05:28:37.771-0400][gc,heap        ] GC(386567) Humongous regions: 4->4
[2020-12-25T05:28:37.771-0400][gc,metaspace   ] GC(386567) Metaspace: 61036K->61036K(1107968K)
[2020-12-25T05:28:37.771-0400][gc,heap        ] GC(386567) Heap after GC invocations=386543 (full 11324): garbage-first heap   total 71680K, used 48975K [0x0000000083000000, 0x0000000100000000)
[2020-12-25T05:28:37.771-0400][gc,heap        ] GC(386567)   region size 1024K, 1 young (1024K), 1 survivors (1024K)
[2020-12-25T05:28:37.771-0400][gc,heap        ] GC(386567)  Metaspace       used 61036K, capacity 63745K, committed 64768K, reserved 1107968K
[2020-12-25T05:28:37.771-0400][gc,heap        ] GC(386567)   class space    used 5715K, capacity 6563K, committed 6912K, reserved 1048576K
[2020-12-25T05:28:37.771-0400][gc             ] GC(386567) Pause Young (Normal) (G1 Evacuation Pause) 57M->47M(70M) 6.212ms
[2020-12-25T05:28:37.771-0400][gc,cpu         ] GC(386567) User=0.01s Sys=0.01s Real=0.01s
[2020-12-25T05:29:08.920-0400][gc,heap        ] GC(386568) Heap before GC invocations=386543 (full 11324): garbage-first heap   total 71680K, used 58191K [0x0000000083000000, 0x0000000100000000)
[2020-12-25T05:29:08.920-0400][gc,heap        ] GC(386568)   region size 1024K, 11 young (11264K), 1 survivors (1024K)
[2020-12-25T05:29:08.920-0400][gc,heap        ] GC(386568)  Metaspace       used 61036K, capacity 63745K, committed 64768K, reserved 1107968K
[2020-12-25T05:29:08.920-0400][gc,heap        ] GC(386568)   class space    used 5715K, capacity 6563K, committed 6912K, reserved 1048576K
[2020-12-25T05:29:08.920-0400][gc,start       ] GC(386568) Pause Young (Normal) (G1 Evacuation Pause)
[2020-12-25T05:29:08.920-0400][gc,task        ] GC(386568) Using 4 workers of 4 for evacuation
[2020-12-25T05:29:08.926-0400][gc,phases      ] GC(386568)   Pre Evacuate Collection Set: 0.0ms
[2020-12-25T05:29:08.926-0400][gc,phases      ] GC(386568)   Evacuate Collection Set: 3.4ms
[2020-12-25T05:29:08.926-0400][gc,phases      ] GC(386568)   Post Evacuate Collection Set: 2.0ms
[2020-12-25T05:29:08.927-0400][gc,phases      ] GC(386568)   Other: 0.9ms
[2020-12-25T05:29:08.927-0400][gc,heap        ] GC(386568) Eden regions: 10->0(10)
[2020-12-25T05:29:08.927-0400][gc,heap        ] GC(386568) Survivor regions: 1->1(2)
[2020-12-25T05:29:08.927-0400][gc,heap        ] GC(386568) Old regions: 46->46
[2020-12-25T05:29:08.927-0400][gc,heap        ] GC(386568) Humongous regions: 4->4
[2020-12-25T05:29:08.927-0400][gc,metaspace   ] GC(386568) Metaspace: 61036K->61036K(1107968K)
[2020-12-25T05:29:08.927-0400][gc,heap        ] GC(386568) Heap after GC invocations=386544 (full 11324): garbage-first heap   total 71680K, used 49028K [0x0000000083000000, 0x0000000100000000)
[2020-12-25T05:29:08.927-0400][gc,heap        ] GC(386568)   region size 1024K, 1 young (1024K), 1 survivors (1024K)
[2020-12-25T05:29:08.927-0400][gc,heap        ] GC(386568)  Metaspace       used 61036K, capacity 63745K, committed 64768K, reserved 1107968K
[2020-12-25T05:29:08.927-0400][gc,heap        ] GC(386568)   class space    used 5715K, capacity 6563K, committed 6912K, reserved 1048576K
[2020-12-25T05:29:08.927-0400][gc             ] GC(386568) Pause Young (Normal) (G1 Evacuation Pause) 57M->47M(70M) 6.687ms
[2020-12-25T05:29:08.927-0400][gc,cpu         ] GC(386568) User=0.01s Sys=0.01s Real=0.01s
[2020-12-25T05:29:52.566-0400][gc,heap        ] GC(386569) Heap before GC invocations=386544 (full 11324): garbage-first heap   total 71680K, used 58244K [0x0000000083000000, 0x0000000100000000)
[2020-12-25T05:29:52.566-0400][gc,heap        ] GC(386569)   region size 1024K, 11 young (11264K), 1 survivors (1024K)
[2020-12-25T05:29:52.566-0400][gc,heap        ] GC(386569)  Metaspace       used 61036K, capacity 63745K, committed 64768K, reserved 1107968K
[2020-12-25T05:29:52.566-0400][gc,heap        ] GC(386569)   class space    used 5715K, capacity 6563K, committed 6912K, reserved 1048576K
[2020-12-25T05:29:52.567-0400][gc,start       ] GC(386569) Pause Young (Normal) (G1 Evacuation Pause)
[2020-12-25T05:29:52.567-0400][gc,task        ] GC(386569) Using 4 workers of 4 for evacuation
[2020-12-25T05:29:52.572-0400][gc,phases      ] GC(386569)   Pre Evacuate Collection Set: 0.0ms
[2020-12-25T05:29:52.572-0400][gc,phases      ] GC(386569)   Evacuate Collection Set: 3.0ms
[2020-12-25T05:29:52.572-0400][gc,phases      ] GC(386569)   Post Evacuate Collection Set: 1.7ms
[2020-12-25T05:29:52.572-0400][gc,phases      ] GC(386569)   Other: 1.0ms
[2020-12-25T05:29:52.572-0400][gc,heap        ] GC(386569) Eden regions: 10->0(10)
[2020-12-25T05:29:52.572-0400][gc,heap        ] GC(386569) Survivor regions: 1->1(2)
[2020-12-25T05:29:52.572-0400][gc,heap        ] GC(386569) Old regions: 46->46
[2020-12-25T05:29:52.572-0400][gc,heap        ] GC(386569) Humongous regions: 4->4
[2020-12-25T05:29:52.572-0400][gc,metaspace   ] GC(386569) Metaspace: 61036K->61036K(1107968K)
[2020-12-25T05:29:52.572-0400][gc,heap        ] GC(386569) Heap after GC invocations=386545 (full 11324): garbage-first heap   total 71680K, used 48947K [0x0000000083000000, 0x0000000100000000)
[2020-12-25T05:29:52.572-0400][gc,heap        ] GC(386569)   region size 1024K, 1 young (1024K), 1 survivors (1024K)
[2020-12-25T05:29:52.572-0400][gc,heap        ] GC(386569)  Metaspace       used 61036K, capacity 63745K, committed 64768K, reserved 1107968K
[2020-12-25T05:29:52.572-0400][gc,heap        ] GC(386569)   class space    used 5715K, capacity 6563K, committed 6912K, reserved 1048576K
[2020-12-25T05:29:52.573-0400][gc             ] GC(386569) Pause Young (Normal) (G1 Evacuation Pause) 57M->47M(70M) 6.002ms
[2020-12-25T05:29:52.573-0400][gc,cpu         ] GC(386569) User=0.01s Sys=0.01s Real=0.00s
[2020-12-25T05:30:05.888-0400][gc,heap        ] GC(386570) Heap before GC invocations=386545 (full 11324): garbage-first heap   total 71680K, used 58163K [0x0000000083000000, 0x0000000100000000)
[2020-12-25T05:30:05.888-0400][gc,heap        ] GC(386570)   region size 1024K, 11 young (11264K), 1 survivors (1024K)
[2020-12-25T05:30:05.888-0400][gc,heap        ] GC(386570)  Metaspace       used 61036K, capacity 63745K, committed 64768K, reserved 1107968K
[2020-12-25T05:30:05.888-0400][gc,heap        ] GC(386570)   class space    used 5715K, capacity 6563K, committed 6912K, reserved 1048576K
[2020-12-25T05:30:05.888-0400][gc,start       ] GC(386570) Pause Young (Normal) (G1 Evacuation Pause)
[2020-12-25T05:30:05.888-0400][gc,task        ] GC(386570) Using 4 workers of 4 for evacuation
[2020-12-25T05:30:05.894-0400][gc,phases      ] GC(386570)   Pre Evacuate Collection Set: 0.0ms
[2020-12-25T05:30:05.894-0400][gc,phases      ] GC(386570)   Evacuate Collection Set: 3.3ms
[2020-12-25T05:30:05.894-0400][gc,phases      ] GC(386570)   Post Evacuate Collection Set: 1.6ms
[2020-12-25T05:30:05.894-0400][gc,phases      ] GC(386570)   Other: 0.8ms
[2020-12-25T05:30:05.894-0400][gc,heap        ] GC(386570) Eden regions: 10->0(10)
[2020-12-25T05:30:05.894-0400][gc,heap        ] GC(386570) Survivor regions: 1->1(2)
[2020-12-25T05:30:05.894-0400][gc,heap        ] GC(386570) Old regions: 46->46
[2020-12-25T05:30:05.894-0400][gc,heap        ] GC(386570) Humongous regions: 4->4
[2020-12-25T05:30:05.894-0400][gc,metaspace   ] GC(386570) Metaspace: 61036K->61036K(1107968K)
[2020-12-25T05:30:05.894-0400][gc,heap        ] GC(386570) Heap after GC invocations=386546 (full 11324): garbage-first heap   total 71680K, used 48945K [0x0000000083000000, 0x0000000100000000)
[2020-12-25T05:30:05.894-0400][gc,heap        ] GC(386570)   region size 1024K, 1 young (1024K), 1 survivors (1024K)
[2020-12-25T05:30:05.894-0400][gc,heap        ] GC(386570)  Metaspace       used 61036K, capacity 63745K, committed 64768K, reserved 1107968K
[2020-12-25T05:30:05.894-0400][gc,heap        ] GC(386570)   class space    used 5715K, capacity 6563K, committed 6912K, reserved 1048576K
[2020-12-25T05:30:05.894-0400][gc             ] GC(386570) Pause Young (Normal) (G1 Evacuation Pause) 57M->47M(70M) 6.201ms
[2020-12-25T05:30:05.894-0400][gc,cpu         ] GC(386570) User=0.02s Sys=0.00s Real=0.00s
[2020-12-25T05:30:34.128-0400][gc,heap        ] GC(386571) Heap before GC invocations=386546 (full 11324): garbage-first heap   total 71680K, used 58161K [0x0000000083000000, 0x0000000100000000)
[2020-12-25T05:30:34.129-0400][gc,heap        ] GC(386571)   region size 1024K, 11 young (11264K), 1 survivors (1024K)
[2020-12-25T05:30:34.129-0400][gc,heap        ] GC(386571)  Metaspace       used 61036K, capacity 63745K, committed 64768K, reserved 1107968K
[2020-12-25T05:30:34.129-0400][gc,heap        ] GC(386571)   class space    used 5715K, capacity 6563K, committed 6912K, reserved 1048576K
[2020-12-25T05:30:34.129-0400][gc,start       ] GC(386571) Pause Young (Normal) (G1 Evacuation Pause)
[2020-12-25T05:30:34.129-0400][gc,task        ] GC(386571) Using 4 workers of 4 for evacuation
[2020-12-25T05:30:34.135-0400][gc,phases      ] GC(386571)   Pre Evacuate Collection Set: 0.0ms
[2020-12-25T05:30:34.135-0400][gc,phases      ] GC(386571)   Evacuate Collection Set: 3.6ms
[2020-12-25T05:30:34.135-0400][gc,phases      ] GC(386571)   Post Evacuate Collection Set: 1.7ms
[2020-12-25T05:30:34.135-0400][gc,phases      ] GC(386571)   Other: 0.9ms
[2020-12-25T05:30:34.135-0400][gc,heap        ] GC(386571) Eden regions: 10->0(10)
[2020-12-25T05:30:34.135-0400][gc,heap        ] GC(386571) Survivor regions: 1->1(2)
[2020-12-25T05:30:34.135-0400][gc,heap        ] GC(386571) Old regions: 46->46
[2020-12-25T05:30:34.135-0400][gc,heap        ] GC(386571) Humongous regions: 4->4
[2020-12-25T05:30:34.135-0400][gc,metaspace   ] GC(386571) Metaspace: 61036K->61036K(1107968K)
[2020-12-25T05:30:34.135-0400][gc,heap        ] GC(386571) Heap after GC invocations=386547 (full 11324): garbage-first heap   total 71680K, used 49043K [0x0000000083000000, 0x0000000100000000)
[2020-12-25T05:30:34.135-0400][gc,heap        ] GC(386571)   region size 1024K, 1 young (1024K), 1 survivors (1024K)
[2020-12-25T05:30:34.135-0400][gc,heap        ] GC(386571)  Metaspace       used 61036K, capacity 63745K, committed 64768K, reserved 1107968K
[2020-12-25T05:30:34.135-0400][gc,heap        ] GC(386571)   class space    used 5715K, capacity 6563K, committed 6912K, reserved 1048576K
[2020-12-25T05:30:34.135-0400][gc             ] GC(386571) Pause Young (Normal) (G1 Evacuation Pause) 57M->47M(70M) 6.603ms
