[2021-01-05T15:24:21.423-0400][gc,heap] Heap region size: 1M
[2021-01-05T15:24:21.423-0400][gc,heap] Minimum heap 33554432  Initial heap 33554432  Maximum heap 2097152000
[2021-01-05T15:24:21.428-0400][gc     ] Using G1
[2021-01-05T15:24:21.428-0400][gc,heap,coops] Heap address: 0x0000000083000000, size: 2000 MB, Compressed Oops mode: 32-bit
[2021-01-05T15:24:21.446-0400][gc,cds       ] Mark closed archive regions in map: [0x00000000fff00000, 0x00000000fff69ff8]
[2021-01-05T15:24:21.446-0400][gc,cds       ] Mark open archive regions in map: [0x00000000ffe00000, 0x00000000ffe46ff8]
[2021-01-05T15:24:24.536-0400][gc,heap      ] GC(0) Heap before GC invocations=0 (full 0): garbage-first heap   total 34816K, used 15044K [0x0000000083000000, 0x0000000100000000)
[2021-01-05T15:24:24.536-0400][gc,heap      ] GC(0)   region size 1024K, 14 young (14336K), 0 survivors (0K)
[2021-01-05T15:24:24.536-0400][gc,heap      ] GC(0)  Metaspace       used 4509K, capacity 5333K, committed 5504K, reserved 1056768K
[2021-01-05T15:24:24.536-0400][gc,heap      ] GC(0)   class space    used 506K, capacity 570K, committed 640K, reserved 1048576K
[2021-01-05T15:24:24.536-0400][gc,start     ] GC(0) Pause Young (Normal) (G1 Evacuation Pause)
[2021-01-05T15:24:24.537-0400][gc,task      ] GC(0) Using 2 workers of 4 for evacuation
[2021-01-05T15:24:24.583-0400][gc,phases    ] GC(0)   Pre Evacuate Collection Set: 0.0ms
[2021-01-05T15:24:24.583-0400][gc,phases    ] GC(0)   Evacuate Collection Set: 44.4ms
[2021-01-05T15:24:24.583-0400][gc,phases    ] GC(0)   Post Evacuate Collection Set: 1.3ms
[2021-01-05T15:24:24.583-0400][gc,phases    ] GC(0)   Other: 1.4ms
[2021-01-05T15:24:24.583-0400][gc,heap      ] GC(0) Eden regions: 14->0(12)
[2021-01-05T15:24:24.583-0400][gc,heap      ] GC(0) Survivor regions: 0->2(2)
[2021-01-05T15:24:24.583-0400][gc,heap      ] GC(0) Old regions: 2->4
[2021-01-05T15:24:24.583-0400][gc,heap      ] GC(0) Humongous regions: 1->1
[2021-01-05T15:24:24.583-0400][gc,metaspace ] GC(0) Metaspace: 4509K->4509K(1056768K)
[2021-01-05T15:24:24.583-0400][gc,heap      ] GC(0) Heap after GC invocations=1 (full 0): garbage-first heap   total 34816K, used 5178K [0x0000000083000000, 0x0000000100000000)
[2021-01-05T15:24:24.583-0400][gc,heap      ] GC(0)   region size 1024K, 2 young (2048K), 2 survivors (2048K)
[2021-01-05T15:24:24.583-0400][gc,heap      ] GC(0)  Metaspace       used 4509K, capacity 5333K, committed 5504K, reserved 1056768K
[2021-01-05T15:24:24.583-0400][gc,heap      ] GC(0)   class space    used 506K, capacity 570K, committed 640K, reserved 1048576K
[2021-01-05T15:24:24.584-0400][gc           ] GC(0) Pause Young (Normal) (G1 Evacuation Pause) 15M->5M(34M) 47.392ms
[2021-01-05T15:24:24.584-0400][gc,cpu       ] GC(0) User=0.13s Sys=0.02s Real=0.04s
[2021-01-05T15:24:25.392-0400][gc,heap      ] GC(1) Heap before GC invocations=1 (full 0): garbage-first heap   total 34816K, used 11322K [0x0000000083000000, 0x0000000100000000)
[2021-01-05T15:24:25.393-0400][gc,heap      ] GC(1)   region size 1024K, 8 young (8192K), 2 survivors (2048K)
[2021-01-05T15:24:25.393-0400][gc,heap      ] GC(1)  Metaspace       used 5614K, capacity 5982K, committed 6144K, reserved 1056768K
[2021-01-05T15:24:25.393-0400][gc,heap      ] GC(1)   class space    used 612K, capacity 728K, committed 768K, reserved 1048576K
[2021-01-05T15:24:25.393-0400][gc,start     ] GC(1) Pause Young (Normal) (G1 Evacuation Pause)
[2021-01-05T15:24:25.394-0400][gc,task      ] GC(1) Using 4 workers of 4 for evacuation
[2021-01-05T15:24:25.430-0400][gc,phases    ] GC(1)   Pre Evacuate Collection Set: 0.0ms
[2021-01-05T15:24:25.430-0400][gc,phases    ] GC(1)   Evacuate Collection Set: 34.7ms
[2021-01-05T15:24:25.430-0400][gc,phases    ] GC(1)   Post Evacuate Collection Set: 0.9ms
[2021-01-05T15:24:25.430-0400][gc,phases    ] GC(1)   Other: 1.8ms
[2021-01-05T15:24:25.430-0400][gc,heap      ] GC(1) Eden regions: 6->0(10)
[2021-01-05T15:24:25.430-0400][gc,heap      ] GC(1) Survivor regions: 2->1(1)
[2021-01-05T15:24:25.430-0400][gc,heap      ] GC(1) Old regions: 4->6
[2021-01-05T15:24:25.430-0400][gc,heap      ] GC(1) Humongous regions: 1->1
[2021-01-05T15:24:25.430-0400][gc,metaspace ] GC(1) Metaspace: 5614K->5614K(1056768K)
[2021-01-05T15:24:25.430-0400][gc,heap      ] GC(1) Heap after GC invocations=2 (full 0): garbage-first heap   total 34816K, used 5618K [0x0000000083000000, 0x0000000100000000)
[2021-01-05T15:24:25.431-0400][gc,heap      ] GC(1)   region size 1024K, 1 young (1024K), 1 survivors (1024K)
[2021-01-05T15:24:25.431-0400][gc,heap      ] GC(1)  Metaspace       used 5614K, capacity 5982K, committed 6144K, reserved 1056768K
[2021-01-05T15:24:25.431-0400][gc,heap      ] GC(1)   class space    used 612K, capacity 728K, committed 768K, reserved 1048576K
[2021-01-05T15:24:25.431-0400][gc           ] GC(1) Pause Young (Normal) (G1 Evacuation Pause) 11M->5M(34M) 37.820ms
[2021-01-05T15:24:25.431-0400][gc,cpu       ] GC(1) User=0.10s Sys=0.01s Real=0.04s
[2021-01-05T15:24:26.390-0400][gc,heap      ] GC(2) Heap before GC invocations=2 (full 0): garbage-first heap   total 34816K, used 17906K [0x0000000083000000, 0x0000000100000000)
[2021-01-05T15:24:26.390-0400][gc,heap      ] GC(2)   region size 1024K, 11 young (11264K), 1 survivors (1024K)
[2021-01-05T15:24:26.390-0400][gc,heap      ] GC(2)  Metaspace       used 6330K, capacity 6769K, committed 7040K, reserved 1056768K
[2021-01-05T15:24:26.390-0400][gc,heap      ] GC(2)   class space    used 698K, capacity 857K, committed 896K, reserved 1048576K
[2021-01-05T15:24:26.390-0400][gc,start     ] GC(2) Pause Young (Concurrent Start) (G1 Humongous Allocation)
[2021-01-05T15:24:26.390-0400][gc,task      ] GC(2) Using 4 workers of 4 for evacuation
[2021-01-05T15:24:26.402-0400][gc,phases    ] GC(2)   Pre Evacuate Collection Set: 0.1ms
[2021-01-05T15:24:26.402-0400][gc,phases    ] GC(2)   Evacuate Collection Set: 10.3ms
[2021-01-05T15:24:26.402-0400][gc,phases    ] GC(2)   Post Evacuate Collection Set: 1.0ms
[2021-01-05T15:24:26.402-0400][gc,phases    ] GC(2)   Other: 1.0ms
[2021-01-05T15:24:26.402-0400][gc,heap      ] GC(2) Eden regions: 10->0(10)
[2021-01-05T15:24:26.402-0400][gc,heap      ] GC(2) Survivor regions: 1->1(2)
[2021-01-05T15:24:26.402-0400][gc,heap      ] GC(2) Old regions: 6->6
[2021-01-05T15:24:26.402-0400][gc,heap      ] GC(2) Humongous regions: 4->4
[2021-01-05T15:24:26.402-0400][gc,metaspace ] GC(2) Metaspace: 6330K->6330K(1056768K)
[2021-01-05T15:24:26.402-0400][gc,heap      ] GC(2) Heap after GC invocations=3 (full 0): garbage-first heap   total 34816K, used 9296K [0x0000000083000000, 0x0000000100000000)
[2021-01-05T15:24:26.402-0400][gc,heap      ] GC(2)   region size 1024K, 1 young (1024K), 1 survivors (1024K)
[2021-01-05T15:24:26.402-0400][gc,heap      ] GC(2)  Metaspace       used 6330K, capacity 6769K, committed 7040K, reserved 1056768K
[2021-01-05T15:24:26.403-0400][gc,heap      ] GC(2)   class space    used 698K, capacity 857K, committed 896K, reserved 1048576K
[2021-01-05T15:24:26.403-0400][gc           ] GC(2) Pause Young (Concurrent Start) (G1 Humongous Allocation) 17M->9M(34M) 12.675ms
[2021-01-05T15:24:26.403-0400][gc,cpu       ] GC(2) User=0.04s Sys=0.01s Real=0.01s
[2021-01-05T15:24:26.403-0400][gc           ] GC(3) Concurrent Cycle
[2021-01-05T15:24:26.403-0400][gc,marking   ] GC(3) Concurrent Clear Claimed Marks
[2021-01-05T15:24:26.403-0400][gc,marking   ] GC(3) Concurrent Clear Claimed Marks 0.137ms
[2021-01-05T15:24:26.403-0400][gc,marking   ] GC(3) Concurrent Scan Root Regions
[2021-01-05T15:24:26.408-0400][gc,marking   ] GC(3) Concurrent Scan Root Regions 4.588ms
[2021-01-05T15:24:26.408-0400][gc,marking   ] GC(3) Concurrent Mark (5.027s)
[2021-01-05T15:24:26.408-0400][gc,marking   ] GC(3) Concurrent Mark From Roots
[2021-01-05T15:24:26.408-0400][gc,task      ] GC(3) Using 1 workers of 1 for marking
[2021-01-05T15:24:26.439-0400][gc,marking   ] GC(3) Concurrent Mark From Roots 30.861ms
[2021-01-05T15:24:26.439-0400][gc,marking   ] GC(3) Concurrent Preclean
[2021-01-05T15:24:26.440-0400][gc,marking   ] GC(3) Concurrent Preclean 0.347ms
[2021-01-05T15:24:26.440-0400][gc,marking   ] GC(3) Concurrent Mark (5.027s, 5.058s) 31.547ms
[2021-01-05T15:24:26.440-0400][gc,start     ] GC(3) Pause Remark
[2021-01-05T15:24:26.449-0400][gc,stringtable] GC(3) Cleaned string and symbol table, strings: 2000 processed, 29 removed, symbols: 15641 processed, 21 removed
[2021-01-05T15:24:26.450-0400][gc            ] GC(3) Pause Remark 10M->10M(34M) 9.193ms
[2021-01-05T15:24:26.450-0400][gc,cpu        ] GC(3) User=0.04s Sys=0.00s Real=0.01s
[2021-01-05T15:24:26.450-0400][gc,marking    ] GC(3) Concurrent Rebuild Remembered Sets
[2021-01-05T15:24:26.467-0400][gc,marking    ] GC(3) Concurrent Rebuild Remembered Sets 16.602ms
[2021-01-05T15:24:26.467-0400][gc,start      ] GC(3) Pause Cleanup
[2021-01-05T15:24:26.468-0400][gc            ] GC(3) Pause Cleanup 10M->10M(34M) 0.552ms
[2021-01-05T15:24:26.468-0400][gc,cpu        ] GC(3) User=0.00s Sys=0.00s Real=0.00s
[2021-01-05T15:24:26.468-0400][gc,marking    ] GC(3) Concurrent Cleanup for Next Mark
[2021-01-05T15:24:26.470-0400][gc,marking    ] GC(3) Concurrent Cleanup for Next Mark 1.653ms
[2021-01-05T15:24:26.470-0400][gc            ] GC(3) Concurrent Cycle 66.936ms
[2021-01-05T15:24:27.590-0400][gc,heap       ] GC(4) Heap before GC invocations=4 (full 0): garbage-first heap   total 34816K, used 19536K [0x0000000083000000, 0x0000000100000000)
[2021-01-05T15:24:27.591-0400][gc,heap       ] GC(4)   region size 1024K, 11 young (11264K), 1 survivors (1024K)
[2021-01-05T15:24:27.591-0400][gc,heap       ] GC(4)  Metaspace       used 6756K, capacity 7200K, committed 7296K, reserved 1056768K
[2021-01-05T15:24:27.591-0400][gc,heap       ] GC(4)   class space    used 724K, capacity 884K, committed 896K, reserved 1048576K
[2021-01-05T15:24:27.591-0400][gc,start      ] GC(4) Pause Young (Normal) (G1 Evacuation Pause)
[2021-01-05T15:24:27.591-0400][gc,task       ] GC(4) Using 4 workers of 4 for evacuation
[2021-01-05T15:24:27.600-0400][gc,phases     ] GC(4)   Pre Evacuate Collection Set: 0.0ms
[2021-01-05T15:24:27.600-0400][gc,phases     ] GC(4)   Evacuate Collection Set: 8.2ms
[2021-01-05T15:24:27.600-0400][gc,phases     ] GC(4)   Post Evacuate Collection Set: 0.9ms
[2021-01-05T15:24:27.601-0400][gc,phases     ] GC(4)   Other: 0.8ms
[2021-01-05T15:24:27.601-0400][gc,heap       ] GC(4) Eden regions: 10->0(11)
[2021-01-05T15:24:27.601-0400][gc,heap       ] GC(4) Survivor regions: 1->2(2)
[2021-01-05T15:24:27.601-0400][gc,heap       ] GC(4) Old regions: 6->6
[2021-01-05T15:24:27.601-0400][gc,heap       ] GC(4) Humongous regions: 5->4
[2021-01-05T15:24:27.601-0400][gc,metaspace  ] GC(4) Metaspace: 6756K->6756K(1056768K)
[2021-01-05T15:24:27.601-0400][gc,heap       ] GC(4) Heap after GC invocations=5 (full 0): garbage-first heap   total 34816K, used 9448K [0x0000000083000000, 0x0000000100000000)
[2021-01-05T15:24:27.601-0400][gc,heap       ] GC(4)   region size 1024K, 2 young (2048K), 2 survivors (2048K)
[2021-01-05T15:24:27.601-0400][gc,heap       ] GC(4)  Metaspace       used 6756K, capacity 7200K, committed 7296K, reserved 1056768K
[2021-01-05T15:24:27.601-0400][gc,heap       ] GC(4)   class space    used 724K, capacity 884K, committed 896K, reserved 1048576K
[2021-01-05T15:24:27.601-0400][gc            ] GC(4) Pause Young (Normal) (G1 Evacuation Pause) 20M->9M(34M) 10.069ms
[2021-01-05T15:24:27.601-0400][gc,cpu        ] GC(4) User=0.04s Sys=0.00s Real=0.01s
[2021-01-05T15:24:28.880-0400][gc,heap       ] GC(5) Heap before GC invocations=5 (full 0): garbage-first heap   total 34816K, used 20712K [0x0000000083000000, 0x0000000100000000)
[2021-01-05T15:24:28.880-0400][gc,heap       ] GC(5)   region size 1024K, 13 young (13312K), 2 survivors (2048K)
[2021-01-05T15:24:28.880-0400][gc,heap       ] GC(5)  Metaspace       used 8296K, capacity 8821K, committed 9088K, reserved 1056768K
[2021-01-05T15:24:28.880-0400][gc,heap       ] GC(5)   class space    used 907K, capacity 1110K, committed 1152K, reserved 1048576K
[2021-01-05T15:24:28.880-0400][gc,start      ] GC(5) Pause Young (Concurrent Start) (G1 Evacuation Pause)
[2021-01-05T15:24:28.880-0400][gc,task       ] GC(5) Using 4 workers of 4 for evacuation
[2021-01-05T15:24:28.895-0400][gc,phases     ] GC(5)   Pre Evacuate Collection Set: 0.1ms
[2021-01-05T15:24:28.896-0400][gc,phases     ] GC(5)   Evacuate Collection Set: 13.7ms
[2021-01-05T15:24:28.896-0400][gc,phases     ] GC(5)   Post Evacuate Collection Set: 1.0ms
[2021-01-05T15:24:28.896-0400][gc,phases     ] GC(5)   Other: 0.7ms
[2021-01-05T15:24:28.896-0400][gc,heap       ] GC(5) Eden regions: 11->0(11)
[2021-01-05T15:24:28.896-0400][gc,heap       ] GC(5) Survivor regions: 2->2(2)
[2021-01-05T15:24:28.896-0400][gc,heap       ] GC(5) Old regions: 6->6
[2021-01-05T15:24:28.896-0400][gc,heap       ] GC(5) Humongous regions: 4->4
[2021-01-05T15:24:28.896-0400][gc,metaspace  ] GC(5) Metaspace: 8296K->8296K(1056768K)
[2021-01-05T15:24:28.896-0400][gc,heap       ] GC(5) Heap after GC invocations=6 (full 0): garbage-first heap   total 34816K, used 10214K [0x0000000083000000, 0x0000000100000000)
[2021-01-05T15:24:28.896-0400][gc,heap       ] GC(5)   region size 1024K, 2 young (2048K), 2 survivors (2048K)
[2021-01-05T15:24:28.896-0400][gc,heap       ] GC(5)  Metaspace       used 8296K, capacity 8821K, committed 9088K, reserved 1056768K
[2021-01-05T15:24:28.896-0400][gc,heap       ] GC(5)   class space    used 907K, capacity 1110K, committed 1152K, reserved 1048576K
[2021-01-05T15:24:28.896-0400][gc            ] GC(5) Pause Young (Concurrent Start) (G1 Evacuation Pause) 20M->9M(34M) 16.027ms
[2021-01-05T15:24:28.896-0400][gc,cpu        ] GC(5) User=0.05s Sys=0.00s Real=0.02s
[2021-01-05T15:24:28.896-0400][gc            ] GC(6) Concurrent Cycle
[2021-01-05T15:24:28.897-0400][gc,marking    ] GC(6) Concurrent Clear Claimed Marks
[2021-01-05T15:24:28.897-0400][gc,marking    ] GC(6) Concurrent Clear Claimed Marks 0.176ms
[2021-01-05T15:24:28.897-0400][gc,marking    ] GC(6) Concurrent Scan Root Regions
[2021-01-05T15:24:28.905-0400][gc,marking    ] GC(6) Concurrent Scan Root Regions 7.697ms
[2021-01-05T15:24:28.905-0400][gc,marking    ] GC(6) Concurrent Mark (7.523s)
[2021-01-05T15:24:28.905-0400][gc,marking    ] GC(6) Concurrent Mark From Roots
[2021-01-05T15:24:28.905-0400][gc,task       ] GC(6) Using 1 workers of 1 for marking
[2021-01-05T15:24:28.932-0400][gc,marking    ] GC(6) Concurrent Mark From Roots 26.748ms
[2021-01-05T15:24:28.932-0400][gc,marking    ] GC(6) Concurrent Preclean
[2021-01-05T15:24:28.932-0400][gc,marking    ] GC(6) Concurrent Preclean 0.298ms
[2021-01-05T15:24:28.932-0400][gc,marking    ] GC(6) Concurrent Mark (7.523s, 7.551s) 27.421ms
[2021-01-05T15:24:28.935-0400][gc,start      ] GC(6) Pause Remark
[2021-01-05T15:24:28.942-0400][gc,stringtable] GC(6) Cleaned string and symbol table, strings: 2449 processed, 0 removed, symbols: 19614 processed, 21 removed
[2021-01-05T15:24:28.942-0400][gc            ] GC(6) Pause Remark 10M->10M(34M) 7.352ms
[2021-01-05T15:24:28.943-0400][gc,cpu        ] GC(6) User=0.02s Sys=0.00s Real=0.01s
[2021-01-05T15:24:28.943-0400][gc,marking    ] GC(6) Concurrent Rebuild Remembered Sets
[2021-01-05T15:24:28.956-0400][gc,marking    ] GC(6) Concurrent Rebuild Remembered Sets 13.235ms
[2021-01-05T15:24:28.960-0400][gc,start      ] GC(6) Pause Cleanup
[2021-01-05T15:24:28.961-0400][gc            ] GC(6) Pause Cleanup 10M->10M(34M) 0.512ms
[2021-01-05T15:24:28.961-0400][gc,cpu        ] GC(6) User=0.00s Sys=0.00s Real=0.00s
[2021-01-05T15:24:28.961-0400][gc,marking    ] GC(6) Concurrent Cleanup for Next Mark
[2021-01-05T15:24:28.963-0400][gc,marking    ] GC(6) Concurrent Cleanup for Next Mark 1.706ms
[2021-01-05T15:24:28.963-0400][gc            ] GC(6) Concurrent Cycle 66.628ms
[2021-01-05T15:24:30.050-0400][gc,heap       ] GC(7) Heap before GC invocations=7 (full 0): garbage-first heap   total 34816K, used 21478K [0x0000000083000000, 0x0000000100000000)
[2021-01-05T15:24:30.050-0400][gc,heap       ] GC(7)   region size 1024K, 13 young (13312K), 2 survivors (2048K)
[2021-01-05T15:24:30.050-0400][gc,heap       ] GC(7)  Metaspace       used 10288K, capacity 10976K, committed 11136K, reserved 1058816K
[2021-01-05T15:24:30.050-0400][gc,heap       ] GC(7)   class space    used 1114K, capacity 1364K, committed 1408K, reserved 1048576K
[2021-01-05T15:24:30.050-0400][gc,start      ] GC(7) Pause Young (Normal) (G1 Evacuation Pause)
[2021-01-05T15:24:30.050-0400][gc,task       ] GC(7) Using 4 workers of 4 for evacuation
[2021-01-05T15:24:30.071-0400][gc,phases     ] GC(7)   Pre Evacuate Collection Set: 0.1ms
[2021-01-05T15:24:30.071-0400][gc,phases     ] GC(7)   Evacuate Collection Set: 19.0ms
[2021-01-05T15:24:30.071-0400][gc,phases     ] GC(7)   Post Evacuate Collection Set: 1.0ms
[2021-01-05T15:24:30.071-0400][gc,phases     ] GC(7)   Other: 0.9ms
[2021-01-05T15:24:30.071-0400][gc,heap       ] GC(7) Eden regions: 11->0(11)
[2021-01-05T15:24:30.071-0400][gc,heap       ] GC(7) Survivor regions: 2->2(2)
[2021-01-05T15:24:30.071-0400][gc,heap       ] GC(7) Old regions: 6->7
[2021-01-05T15:24:30.071-0400][gc,heap       ] GC(7) Humongous regions: 4->4
[2021-01-05T15:24:30.071-0400][gc,metaspace  ] GC(7) Metaspace: 10288K->10288K(1058816K)
[2021-01-05T15:24:30.071-0400][gc,heap       ] GC(7) Heap after GC invocations=8 (full 0): garbage-first heap   total 34816K, used 11193K [0x0000000083000000, 0x0000000100000000)
[2021-01-05T15:24:30.071-0400][gc,heap       ] GC(7)   region size 1024K, 2 young (2048K), 2 survivors (2048K)
[2021-01-05T15:24:30.071-0400][gc,heap       ] GC(7)  Metaspace       used 10288K, capacity 10976K, committed 11136K, reserved 1058816K
[2021-01-05T15:24:30.071-0400][gc,heap       ] GC(7)   class space    used 1114K, capacity 1364K, committed 1408K, reserved 1048576K
[2021-01-05T15:24:30.071-0400][gc            ] GC(7) Pause Young (Normal) (G1 Evacuation Pause) 20M->10M(34M) 21.163ms
[2021-01-05T15:24:30.071-0400][gc,cpu        ] GC(7) User=0.07s Sys=0.01s Real=0.02s
[2021-01-05T15:24:30.655-0400][gc,heap       ] GC(8) Heap before GC invocations=8 (full 0): garbage-first heap   total 34816K, used 22457K [0x0000000083000000, 0x0000000100000000)
[2021-01-05T15:24:30.655-0400][gc,heap       ] GC(8)   region size 1024K, 13 young (13312K), 2 survivors (2048K)
[2021-01-05T15:24:30.655-0400][gc,heap       ] GC(8)  Metaspace       used 10695K, capacity 11389K, committed 11648K, reserved 1058816K
[2021-01-05T15:24:30.655-0400][gc,heap       ] GC(8)   class space    used 1147K, capacity 1406K, committed 1408K, reserved 1048576K
[2021-01-05T15:24:30.655-0400][gc,start      ] GC(8) Pause Young (Concurrent Start) (G1 Evacuation Pause)
[2021-01-05T15:24:30.655-0400][gc,task       ] GC(8) Using 4 workers of 4 for evacuation
[2021-01-05T15:24:30.673-0400][gc,phases     ] GC(8)   Pre Evacuate Collection Set: 0.1ms
[2021-01-05T15:24:30.673-0400][gc,phases     ] GC(8)   Evacuate Collection Set: 15.7ms
[2021-01-05T15:24:30.673-0400][gc,phases     ] GC(8)   Post Evacuate Collection Set: 1.5ms
[2021-01-05T15:24:30.673-0400][gc,phases     ] GC(8)   Other: 0.9ms
[2021-01-05T15:24:30.673-0400][gc,heap       ] GC(8) Eden regions: 11->0(13)
[2021-01-05T15:24:30.674-0400][gc,heap       ] GC(8) Survivor regions: 2->2(2)
[2021-01-05T15:24:30.674-0400][gc,heap       ] GC(8) Old regions: 7->8
[2021-01-05T15:24:30.674-0400][gc,heap       ] GC(8) Humongous regions: 4->4
[2021-01-05T15:24:30.674-0400][gc,metaspace  ] GC(8) Metaspace: 10695K->10695K(1058816K)
[2021-01-05T15:24:30.674-0400][gc,heap       ] GC(8) Heap after GC invocations=9 (full 0): garbage-first heap   total 41984K, used 12021K [0x0000000083000000, 0x0000000100000000)
[2021-01-05T15:24:30.674-0400][gc,heap       ] GC(8)   region size 1024K, 2 young (2048K), 2 survivors (2048K)
[2021-01-05T15:24:30.674-0400][gc,heap       ] GC(8)  Metaspace       used 10695K, capacity 11389K, committed 11648K, reserved 1058816K
[2021-01-05T15:24:30.674-0400][gc,heap       ] GC(8)   class space    used 1147K, capacity 1406K, committed 1408K, reserved 1048576K
[2021-01-05T15:24:30.674-0400][gc            ] GC(8) Pause Young (Concurrent Start) (G1 Evacuation Pause) 21M->11M(41M) 18.586ms
[2021-01-05T15:24:30.674-0400][gc,cpu        ] GC(8) User=0.07s Sys=0.00s Real=0.02s
[2021-01-05T15:24:30.674-0400][gc            ] GC(9) Concurrent Cycle
[2021-01-05T15:24:30.674-0400][gc,marking    ] GC(9) Concurrent Clear Claimed Marks
[2021-01-05T15:24:30.675-0400][gc,marking    ] GC(9) Concurrent Clear Claimed Marks 0.304ms
[2021-01-05T15:24:30.675-0400][gc,marking    ] GC(9) Concurrent Scan Root Regions
[2021-01-05T15:24:30.684-0400][gc,marking    ] GC(9) Concurrent Scan Root Regions 9.370ms
[2021-01-05T15:24:30.684-0400][gc,marking    ] GC(9) Concurrent Mark (9.303s)
[2021-01-05T15:24:30.684-0400][gc,marking    ] GC(9) Concurrent Mark From Roots
[2021-01-05T15:24:30.684-0400][gc,task       ] GC(9) Using 1 workers of 1 for marking
[2021-01-05T15:24:30.743-0400][gc,marking    ] GC(9) Concurrent Mark From Roots 58.542ms
[2021-01-05T15:24:30.743-0400][gc,marking    ] GC(9) Concurrent Preclean
[2021-01-05T15:24:30.743-0400][gc,marking    ] GC(9) Concurrent Preclean 0.193ms
[2021-01-05T15:24:30.743-0400][gc,marking    ] GC(9) Concurrent Mark (9.303s, 9.362s) 58.968ms
[2021-01-05T15:24:30.744-0400][gc,start      ] GC(9) Pause Remark
[2021-01-05T15:24:30.753-0400][gc,stringtable] GC(9) Cleaned string and symbol table, strings: 3919 processed, 2 removed, symbols: 27170 processed, 54 removed
[2021-01-05T15:24:30.754-0400][gc            ] GC(9) Pause Remark 12M->12M(41M) 10.401ms
[2021-01-05T15:24:30.754-0400][gc,cpu        ] GC(9) User=0.04s Sys=0.00s Real=0.01s
[2021-01-05T15:24:30.755-0400][gc,marking    ] GC(9) Concurrent Rebuild Remembered Sets
[2021-01-05T15:24:30.774-0400][gc,marking    ] GC(9) Concurrent Rebuild Remembered Sets 18.679ms
[2021-01-05T15:24:30.774-0400][gc,start      ] GC(9) Pause Cleanup
[2021-01-05T15:24:30.774-0400][gc            ] GC(9) Pause Cleanup 13M->13M(41M) 0.384ms
[2021-01-05T15:24:30.775-0400][gc,cpu        ] GC(9) User=0.00s Sys=0.00s Real=0.00s
[2021-01-05T15:24:30.775-0400][gc,marking    ] GC(9) Concurrent Cleanup for Next Mark
[2021-01-05T15:24:30.776-0400][gc,marking    ] GC(9) Concurrent Cleanup for Next Mark 0.818ms
[2021-01-05T15:24:30.776-0400][gc            ] GC(9) Concurrent Cycle 101.642ms
[2021-01-05T15:24:31.662-0400][gc,heap       ] GC(10) Heap before GC invocations=10 (full 0): garbage-first heap   total 41984K, used 25333K [0x0000000083000000, 0x0000000100000000)
[2021-01-05T15:24:31.662-0400][gc,heap       ] GC(10)   region size 1024K, 15 young (15360K), 2 survivors (2048K)
[2021-01-05T15:24:31.662-0400][gc,heap       ] GC(10)  Metaspace       used 12360K, capacity 13148K, committed 13440K, reserved 1060864K
[2021-01-05T15:24:31.662-0400][gc,heap       ] GC(10)   class space    used 1316K, capacity 1617K, committed 1664K, reserved 1048576K
[2021-01-05T15:24:31.662-0400][gc,start      ] GC(10) Pause Young (Normal) (G1 Evacuation Pause)
[2021-01-05T15:24:31.662-0400][gc,task       ] GC(10) Using 4 workers of 4 for evacuation
[2021-01-05T15:24:31.675-0400][gc,phases     ] GC(10)   Pre Evacuate Collection Set: 0.0ms
[2021-01-05T15:24:31.675-0400][gc,phases     ] GC(10)   Evacuate Collection Set: 11.7ms
[2021-01-05T15:24:31.675-0400][gc,phases     ] GC(10)   Post Evacuate Collection Set: 0.9ms
[2021-01-05T15:24:31.675-0400][gc,phases     ] GC(10)   Other: 0.6ms
[2021-01-05T15:24:31.675-0400][gc,heap       ] GC(10) Eden regions: 13->0(13)
[2021-01-05T15:24:31.675-0400][gc,heap       ] GC(10) Survivor regions: 2->2(2)
[2021-01-05T15:24:31.675-0400][gc,heap       ] GC(10) Old regions: 8->9
[2021-01-05T15:24:31.675-0400][gc,heap       ] GC(10) Humongous regions: 4->4
[2021-01-05T15:24:31.675-0400][gc,metaspace  ] GC(10) Metaspace: 12360K->12360K(1060864K)
[2021-01-05T15:24:31.676-0400][gc,heap       ] GC(10) Heap after GC invocations=11 (full 0): garbage-first heap   total 41984K, used 12444K [0x0000000083000000, 0x0000000100000000)
[2021-01-05T15:24:31.676-0400][gc,heap       ] GC(10)   region size 1024K, 2 young (2048K), 2 survivors (2048K)
[2021-01-05T15:24:31.676-0400][gc,heap       ] GC(10)  Metaspace       used 12360K, capacity 13148K, committed 13440K, reserved 1060864K
[2021-01-05T15:24:31.676-0400][gc,heap       ] GC(10)   class space    used 1316K, capacity 1617K, committed 1664K, reserved 1048576K
[2021-01-05T15:24:31.676-0400][gc            ] GC(10) Pause Young (Normal) (G1 Evacuation Pause) 24M->12M(41M) 13.694ms
[2021-01-05T15:24:31.676-0400][gc,cpu        ] GC(10) User=0.05s Sys=0.00s Real=0.02s
[2021-01-05T15:24:32.680-0400][gc,heap       ] GC(11) Heap before GC invocations=11 (full 0): garbage-first heap   total 41984K, used 25756K [0x0000000083000000, 0x0000000100000000)
[2021-01-05T15:24:32.680-0400][gc,heap       ] GC(11)   region size 1024K, 15 young (15360K), 2 survivors (2048K)
[2021-01-05T15:24:32.681-0400][gc,heap       ] GC(11)  Metaspace       used 14340K, capacity 15118K, committed 15488K, reserved 1062912K
[2021-01-05T15:24:32.681-0400][gc,heap       ] GC(11)   class space    used 1515K, capacity 1803K, committed 1920K, reserved 1048576K
[2021-01-05T15:24:32.681-0400][gc,start      ] GC(11) Pause Young (Concurrent Start) (G1 Evacuation Pause)
[2021-01-05T15:24:32.681-0400][gc,task       ] GC(11) Using 4 workers of 4 for evacuation
[2021-01-05T15:24:32.697-0400][gc,phases     ] GC(11)   Pre Evacuate Collection Set: 0.2ms
[2021-01-05T15:24:32.697-0400][gc,phases     ] GC(11)   Evacuate Collection Set: 14.7ms
[2021-01-05T15:24:32.698-0400][gc,phases     ] GC(11)   Post Evacuate Collection Set: 1.2ms
[2021-01-05T15:24:32.698-0400][gc,phases     ] GC(11)   Other: 1.0ms
[2021-01-05T15:24:32.698-0400][gc,heap       ] GC(11) Eden regions: 13->0(14)
[2021-01-05T15:24:32.698-0400][gc,heap       ] GC(11) Survivor regions: 2->2(2)
[2021-01-05T15:24:32.698-0400][gc,heap       ] GC(11) Old regions: 9->9
[2021-01-05T15:24:32.698-0400][gc,heap       ] GC(11) Humongous regions: 4->4
[2021-01-05T15:24:32.698-0400][gc,metaspace  ] GC(11) Metaspace: 14340K->14340K(1062912K)
[2021-01-05T15:24:32.698-0400][gc,heap       ] GC(11) Heap after GC invocations=12 (full 0): garbage-first heap   total 41984K, used 12875K [0x0000000083000000, 0x0000000100000000)
[2021-01-05T15:24:32.698-0400][gc,heap       ] GC(11)   region size 1024K, 2 young (2048K), 2 survivors (2048K)
[2021-01-05T15:24:32.698-0400][gc,heap       ] GC(11)  Metaspace       used 14340K, capacity 15118K, committed 15488K, reserved 1062912K
[2021-01-05T15:24:32.698-0400][gc,heap       ] GC(11)   class space    used 1515K, capacity 1803K, committed 1920K, reserved 1048576K
[2021-01-05T15:24:32.698-0400][gc            ] GC(11) Pause Young (Concurrent Start) (G1 Evacuation Pause) 25M->12M(41M) 17.592ms
[2021-01-05T15:24:32.699-0400][gc,cpu        ] GC(11) User=0.05s Sys=0.00s Real=0.02s
[2021-01-05T15:24:32.699-0400][gc            ] GC(12) Concurrent Cycle
[2021-01-05T15:24:32.699-0400][gc,marking    ] GC(12) Concurrent Clear Claimed Marks
[2021-01-05T15:24:32.699-0400][gc,marking    ] GC(12) Concurrent Clear Claimed Marks 0.203ms
[2021-01-05T15:24:32.699-0400][gc,marking    ] GC(12) Concurrent Scan Root Regions
[2021-01-05T15:24:32.710-0400][gc,marking    ] GC(12) Concurrent Scan Root Regions 10.367ms
[2021-01-05T15:24:32.710-0400][gc,marking    ] GC(12) Concurrent Mark (11.329s)
[2021-01-05T15:24:32.710-0400][gc,marking    ] GC(12) Concurrent Mark From Roots
[2021-01-05T15:24:32.710-0400][gc,task       ] GC(12) Using 1 workers of 1 for marking
[2021-01-05T15:24:32.777-0400][gc,marking    ] GC(12) Concurrent Mark From Roots 67.286ms
[2021-01-05T15:24:32.777-0400][gc,marking    ] GC(12) Concurrent Preclean
[2021-01-05T15:24:32.778-0400][gc,marking    ] GC(12) Concurrent Preclean 0.424ms
[2021-01-05T15:24:32.778-0400][gc,marking    ] GC(12) Concurrent Mark (11.329s, 11.397s) 68.014ms
[2021-01-05T15:24:32.778-0400][gc,start      ] GC(12) Pause Remark
[2021-01-05T15:24:32.791-0400][gc,stringtable] GC(12) Cleaned string and symbol table, strings: 4873 processed, 4 removed, symbols: 39524 processed, 39 removed
[2021-01-05T15:24:32.791-0400][gc            ] GC(12) Pause Remark 13M->13M(41M) 12.988ms
[2021-01-05T15:24:32.792-0400][gc,cpu        ] GC(12) User=0.04s Sys=0.00s Real=0.01s
[2021-01-05T15:24:32.792-0400][gc,marking    ] GC(12) Concurrent Rebuild Remembered Sets
[2021-01-05T15:24:32.825-0400][gc,marking    ] GC(12) Concurrent Rebuild Remembered Sets 33.509ms
[2021-01-05T15:24:32.826-0400][gc,start      ] GC(12) Pause Cleanup
[2021-01-05T15:24:32.827-0400][gc            ] GC(12) Pause Cleanup 14M->14M(41M) 0.468ms
[2021-01-05T15:24:32.827-0400][gc,cpu        ] GC(12) User=0.00s Sys=0.00s Real=0.00s
[2021-01-05T15:24:32.827-0400][gc,marking    ] GC(12) Concurrent Cleanup for Next Mark
[2021-01-05T15:24:32.828-0400][gc,marking    ] GC(12) Concurrent Cleanup for Next Mark 0.900ms
[2021-01-05T15:24:32.828-0400][gc            ] GC(12) Concurrent Cycle 129.397ms
[2021-01-05T15:24:33.430-0400][gc,heap       ] GC(13) Heap before GC invocations=13 (full 0): garbage-first heap   total 41984K, used 27211K [0x0000000083000000, 0x0000000100000000)
[2021-01-05T15:24:33.430-0400][gc,heap       ] GC(13)   region size 1024K, 16 young (16384K), 2 survivors (2048K)
[2021-01-05T15:24:33.430-0400][gc,heap       ] GC(13)  Metaspace       used 16175K, capacity 17023K, committed 17280K, reserved 1064960K
[2021-01-05T15:24:33.430-0400][gc,heap       ] GC(13)   class space    used 1742K, capacity 2074K, committed 2176K, reserved 1048576K
[2021-01-05T15:24:33.430-0400][gc,start      ] GC(13) Pause Young (Normal) (G1 Evacuation Pause)
[2021-01-05T15:24:33.430-0400][gc,task       ] GC(13) Using 4 workers of 4 for evacuation
[2021-01-05T15:24:33.452-0400][gc,phases     ] GC(13)   Pre Evacuate Collection Set: 0.1ms
[2021-01-05T15:24:33.452-0400][gc,phases     ] GC(13)   Evacuate Collection Set: 20.2ms
[2021-01-05T15:24:33.452-0400][gc,phases     ] GC(13)   Post Evacuate Collection Set: 1.2ms
[2021-01-05T15:24:33.453-0400][gc,phases     ] GC(13)   Other: 0.8ms
[2021-01-05T15:24:33.453-0400][gc,heap       ] GC(13) Eden regions: 14->0(14)
[2021-01-05T15:24:33.453-0400][gc,heap       ] GC(13) Survivor regions: 2->2(2)
[2021-01-05T15:24:33.453-0400][gc,heap       ] GC(13) Old regions: 9->10
[2021-01-05T15:24:33.453-0400][gc,heap       ] GC(13) Humongous regions: 4->4
[2021-01-05T15:24:33.453-0400][gc,metaspace  ] GC(13) Metaspace: 16175K->16175K(1064960K)
[2021-01-05T15:24:33.453-0400][gc,heap       ] GC(13) Heap after GC invocations=14 (full 0): garbage-first heap   total 41984K, used 13585K [0x0000000083000000, 0x0000000100000000)
[2021-01-05T15:24:33.453-0400][gc,heap       ] GC(13)   region size 1024K, 2 young (2048K), 2 survivors (2048K)
[2021-01-05T15:24:33.453-0400][gc,heap       ] GC(13)  Metaspace       used 16175K, capacity 17023K, committed 17280K, reserved 1064960K
[2021-01-05T15:24:33.453-0400][gc,heap       ] GC(13)   class space    used 1742K, capacity 2074K, committed 2176K, reserved 1048576K
[2021-01-05T15:24:33.453-0400][gc            ] GC(13) Pause Young (Normal) (G1 Evacuation Pause) 26M->13M(41M) 22.888ms
[2021-01-05T15:24:33.453-0400][gc,cpu        ] GC(13) User=0.09s Sys=0.00s Real=0.02s
[2021-01-05T15:24:34.887-0400][gc,heap       ] GC(14) Heap before GC invocations=14 (full 0): garbage-first heap   total 41984K, used 27921K [0x0000000083000000, 0x0000000100000000)
[2021-01-05T15:24:34.888-0400][gc,heap       ] GC(14)   region size 1024K, 16 young (16384K), 2 survivors (2048K)
[2021-01-05T15:24:34.888-0400][gc,heap       ] GC(14)  Metaspace       used 17109K, capacity 18183K, committed 18432K, reserved 1064960K
[2021-01-05T15:24:34.888-0400][gc,heap       ] GC(14)   class space    used 1843K, capacity 2234K, committed 2304K, reserved 1048576K
[2021-01-05T15:24:34.888-0400][gc,start      ] GC(14) Pause Young (Concurrent Start) (G1 Evacuation Pause)
[2021-01-05T15:24:34.888-0400][gc,task       ] GC(14) Using 4 workers of 4 for evacuation
[2021-01-05T15:24:34.921-0400][gc,phases     ] GC(14)   Pre Evacuate Collection Set: 0.2ms
[2021-01-05T15:24:34.921-0400][gc,phases     ] GC(14)   Evacuate Collection Set: 22.2ms
[2021-01-05T15:24:34.921-0400][gc,phases     ] GC(14)   Post Evacuate Collection Set: 9.9ms
[2021-01-05T15:24:34.921-0400][gc,phases     ] GC(14)   Other: 1.1ms
[2021-01-05T15:24:34.921-0400][gc,heap       ] GC(14) Eden regions: 14->0(20)
[2021-01-05T15:24:34.921-0400][gc,heap       ] GC(14) Survivor regions: 2->2(2)
[2021-01-05T15:24:34.921-0400][gc,heap       ] GC(14) Old regions: 10->10
[2021-01-05T15:24:34.921-0400][gc,heap       ] GC(14) Humongous regions: 4->4
[2021-01-05T15:24:34.921-0400][gc,metaspace  ] GC(14) Metaspace: 17109K->17109K(1064960K)
[2021-01-05T15:24:34.921-0400][gc,heap       ] GC(14) Heap after GC invocations=15 (full 0): garbage-first heap   total 51200K, used 14427K [0x0000000083000000, 0x0000000100000000)
[2021-01-05T15:24:34.921-0400][gc,heap       ] GC(14)   region size 1024K, 2 young (2048K), 2 survivors (2048K)
[2021-01-05T15:24:34.921-0400][gc,heap       ] GC(14)  Metaspace       used 17109K, capacity 18183K, committed 18432K, reserved 1064960K
[2021-01-05T15:24:34.921-0400][gc,heap       ] GC(14)   class space    used 1843K, capacity 2234K, committed 2304K, reserved 1048576K
[2021-01-05T15:24:34.922-0400][gc            ] GC(14) Pause Young (Concurrent Start) (G1 Evacuation Pause) 27M->14M(50M) 33.637ms
[2021-01-05T15:24:34.922-0400][gc,cpu        ] GC(14) User=0.13s Sys=0.00s Real=0.03s
[2021-01-05T15:24:34.922-0400][gc            ] GC(15) Concurrent Cycle
[2021-01-05T15:24:34.922-0400][gc,marking    ] GC(15) Concurrent Clear Claimed Marks
[2021-01-05T15:24:34.922-0400][gc,marking    ] GC(15) Concurrent Clear Claimed Marks 0.255ms
[2021-01-05T15:24:34.922-0400][gc,marking    ] GC(15) Concurrent Scan Root Regions
[2021-01-05T15:24:34.932-0400][gc,marking    ] GC(15) Concurrent Scan Root Regions 9.076ms
[2021-01-05T15:24:34.932-0400][gc,marking    ] GC(15) Concurrent Mark (13.550s)
[2021-01-05T15:24:34.932-0400][gc,marking    ] GC(15) Concurrent Mark From Roots
[2021-01-05T15:24:34.932-0400][gc,task       ] GC(15) Using 1 workers of 1 for marking
[2021-01-05T15:24:35.071-0400][gc,marking    ] GC(15) Concurrent Mark From Roots 138.732ms
[2021-01-05T15:24:35.071-0400][gc,marking    ] GC(15) Concurrent Preclean
[2021-01-05T15:24:35.071-0400][gc,marking    ] GC(15) Concurrent Preclean 0.385ms
[2021-01-05T15:24:35.072-0400][gc,marking    ] GC(15) Concurrent Mark (13.550s, 13.690s) 139.737ms
[2021-01-05T15:24:35.074-0400][gc,start      ] GC(15) Pause Remark
[2021-01-05T15:24:35.096-0400][gc,stringtable] GC(15) Cleaned string and symbol table, strings: 7455 processed, 3 removed, symbols: 46437 processed, 25 removed
[2021-01-05T15:24:35.096-0400][gc            ] GC(15) Pause Remark 15M->15M(50M) 22.635ms
[2021-01-05T15:24:35.097-0400][gc,cpu        ] GC(15) User=0.07s Sys=0.00s Real=0.03s
[2021-01-05T15:24:35.097-0400][gc,marking    ] GC(15) Concurrent Rebuild Remembered Sets
[2021-01-05T15:24:35.158-0400][gc,marking    ] GC(15) Concurrent Rebuild Remembered Sets 60.660ms
[2021-01-05T15:24:35.159-0400][gc,start      ] GC(15) Pause Cleanup
[2021-01-05T15:24:35.160-0400][gc            ] GC(15) Pause Cleanup 15M->15M(50M) 0.685ms
[2021-01-05T15:24:35.160-0400][gc,cpu        ] GC(15) User=0.00s Sys=0.00s Real=0.00s
[2021-01-05T15:24:35.160-0400][gc,marking    ] GC(15) Concurrent Cleanup for Next Mark
[2021-01-05T15:24:35.173-0400][gc,marking    ] GC(15) Concurrent Cleanup for Next Mark 13.214ms
[2021-01-05T15:24:35.174-0400][gc            ] GC(15) Concurrent Cycle 251.711ms
[2021-01-05T15:24:35.883-0400][gc,heap       ] GC(16) Heap before GC invocations=16 (full 0): garbage-first heap   total 51200K, used 34907K [0x0000000083000000, 0x0000000100000000)
[2021-01-05T15:24:35.883-0400][gc,heap       ] GC(16)   region size 1024K, 22 young (22528K), 2 survivors (2048K)
[2021-01-05T15:24:35.883-0400][gc,heap       ] GC(16)  Metaspace       used 18373K, capacity 19594K, committed 19712K, reserved 1067008K
[2021-01-05T15:24:35.883-0400][gc,heap       ] GC(16)   class space    used 2003K, capacity 2517K, committed 2560K, reserved 1048576K
[2021-01-05T15:24:35.883-0400][gc,start      ] GC(16) Pause Young (Normal) (G1 Evacuation Pause)
[2021-01-05T15:24:35.883-0400][gc,task       ] GC(16) Using 4 workers of 4 for evacuation
[2021-01-05T15:24:35.906-0400][gc,phases     ] GC(16)   Pre Evacuate Collection Set: 0.1ms
[2021-01-05T15:24:35.906-0400][gc,phases     ] GC(16)   Evacuate Collection Set: 20.3ms
[2021-01-05T15:24:35.906-0400][gc,phases     ] GC(16)   Post Evacuate Collection Set: 1.9ms
[2021-01-05T15:24:35.907-0400][gc,phases     ] GC(16)   Other: 1.0ms
[2021-01-05T15:24:35.907-0400][gc,heap       ] GC(16) Eden regions: 20->0(20)
[2021-01-05T15:24:35.907-0400][gc,heap       ] GC(16) Survivor regions: 2->3(3)
[2021-01-05T15:24:35.907-0400][gc,heap       ] GC(16) Old regions: 10->10
[2021-01-05T15:24:35.907-0400][gc,heap       ] GC(16) Humongous regions: 4->4
[2021-01-05T15:24:35.907-0400][gc,metaspace  ] GC(16) Metaspace: 18373K->18373K(1067008K)
[2021-01-05T15:24:35.907-0400][gc,heap       ] GC(16) Heap after GC invocations=17 (full 0): garbage-first heap   total 51200K, used 15096K [0x0000000083000000, 0x0000000100000000)
[2021-01-05T15:24:35.907-0400][gc,heap       ] GC(16)   region size 1024K, 3 young (3072K), 3 survivors (3072K)
[2021-01-05T15:24:35.907-0400][gc,heap       ] GC(16)  Metaspace       used 18373K, capacity 19594K, committed 19712K, reserved 1067008K
[2021-01-05T15:24:35.907-0400][gc,heap       ] GC(16)   class space    used 2003K, capacity 2517K, committed 2560K, reserved 1048576K
[2021-01-05T15:24:35.907-0400][gc            ] GC(16) Pause Young (Normal) (G1 Evacuation Pause) 34M->14M(50M) 23.928ms
[2021-01-05T15:24:35.908-0400][gc,cpu        ] GC(16) User=0.09s Sys=0.00s Real=0.03s
[2021-01-05T15:24:36.660-0400][gc,heap       ] GC(17) Heap before GC invocations=17 (full 0): garbage-first heap   total 51200K, used 34552K [0x0000000083000000, 0x0000000100000000)
[2021-01-05T15:24:36.660-0400][gc,heap       ] GC(17)   region size 1024K, 23 young (23552K), 3 survivors (3072K)
[2021-01-05T15:24:36.661-0400][gc,heap       ] GC(17)  Metaspace       used 19341K, capacity 20572K, committed 20864K, reserved 1067008K
[2021-01-05T15:24:36.661-0400][gc,heap       ] GC(17)   class space    used 2090K, capacity 2597K, committed 2688K, reserved 1048576K
[2021-01-05T15:24:36.661-0400][gc,start      ] GC(17) Pause Young (Concurrent Start) (G1 Humongous Allocation)
[2021-01-05T15:24:36.661-0400][gc,task       ] GC(17) Using 4 workers of 4 for evacuation
[2021-01-05T15:24:36.702-0400][gc,phases     ] GC(17)   Pre Evacuate Collection Set: 0.2ms
[2021-01-05T15:24:36.702-0400][gc,phases     ] GC(17)   Evacuate Collection Set: 38.6ms
[2021-01-05T15:24:36.702-0400][gc,phases     ] GC(17)   Post Evacuate Collection Set: 1.5ms
[2021-01-05T15:24:36.702-0400][gc,phases     ] GC(17)   Other: 1.1ms
[2021-01-05T15:24:36.702-0400][gc,heap       ] GC(17) Eden regions: 20->0(19)
[2021-01-05T15:24:36.702-0400][gc,heap       ] GC(17) Survivor regions: 3->3(3)
[2021-01-05T15:24:36.702-0400][gc,heap       ] GC(17) Old regions: 10->12
[2021-01-05T15:24:36.702-0400][gc,heap       ] GC(17) Humongous regions: 5->5
[2021-01-05T15:24:36.702-0400][gc,metaspace  ] GC(17) Metaspace: 19341K->19341K(1067008K)
[2021-01-05T15:24:36.702-0400][gc,heap       ] GC(17) Heap after GC invocations=18 (full 0): garbage-first heap   total 51200K, used 18494K [0x0000000083000000, 0x0000000100000000)
[2021-01-05T15:24:36.702-0400][gc,heap       ] GC(17)   region size 1024K, 3 young (3072K), 3 survivors (3072K)
[2021-01-05T15:24:36.703-0400][gc,heap       ] GC(17)  Metaspace       used 19341K, capacity 20572K, committed 20864K, reserved 1067008K
[2021-01-05T15:24:36.703-0400][gc,heap       ] GC(17)   class space    used 2090K, capacity 2597K, committed 2688K, reserved 1048576K
[2021-01-05T15:24:36.703-0400][gc            ] GC(17) Pause Young (Concurrent Start) (G1 Humongous Allocation) 35M->18M(50M) 41.985ms
[2021-01-05T15:24:36.703-0400][gc,cpu        ] GC(17) User=0.14s Sys=0.00s Real=0.04s
[2021-01-05T15:24:36.703-0400][gc            ] GC(18) Concurrent Cycle
[2021-01-05T15:24:36.703-0400][gc,marking    ] GC(18) Concurrent Clear Claimed Marks
[2021-01-05T15:24:36.704-0400][gc,marking    ] GC(18) Concurrent Clear Claimed Marks 0.204ms
[2021-01-05T15:24:36.704-0400][gc,marking    ] GC(18) Concurrent Scan Root Regions
[2021-01-05T15:24:36.707-0400][gc,marking    ] GC(18) Concurrent Scan Root Regions 3.657ms
[2021-01-05T15:24:36.707-0400][gc,marking    ] GC(18) Concurrent Mark (15.326s)
[2021-01-05T15:24:36.708-0400][gc,marking    ] GC(18) Concurrent Mark From Roots
[2021-01-05T15:24:36.708-0400][gc,task       ] GC(18) Using 1 workers of 1 for marking
[2021-01-05T15:24:36.829-0400][gc,marking    ] GC(18) Concurrent Mark From Roots 121.012ms
[2021-01-05T15:24:36.829-0400][gc,marking    ] GC(18) Concurrent Preclean
[2021-01-05T15:24:36.829-0400][gc,marking    ] GC(18) Concurrent Preclean 0.417ms
[2021-01-05T15:24:36.829-0400][gc,marking    ] GC(18) Concurrent Mark (15.326s, 15.448s) 121.803ms
[2021-01-05T15:24:36.830-0400][gc,start      ] GC(18) Pause Remark
[2021-01-05T15:24:36.895-0400][gc,stringtable] GC(18) Cleaned string and symbol table, strings: 8399 processed, 0 removed, symbols: 52882 processed, 35 removed
[2021-01-05T15:24:36.896-0400][gc            ] GC(18) Pause Remark 25M->25M(50M) 65.416ms
[2021-01-05T15:24:36.896-0400][gc,cpu        ] GC(18) User=0.11s Sys=0.01s Real=0.07s
[2021-01-05T15:24:36.897-0400][gc,marking    ] GC(18) Concurrent Rebuild Remembered Sets
[2021-01-05T15:24:37.068-0400][gc,marking    ] GC(18) Concurrent Rebuild Remembered Sets 170.525ms
[2021-01-05T15:24:37.084-0400][gc,start      ] GC(18) Pause Cleanup
[2021-01-05T15:24:37.089-0400][gc            ] GC(18) Pause Cleanup 29M->29M(50M) 4.553ms
[2021-01-05T15:24:37.090-0400][gc,cpu        ] GC(18) User=0.00s Sys=0.00s Real=0.01s
[2021-01-05T15:24:37.090-0400][gc,marking    ] GC(18) Concurrent Cleanup for Next Mark
[2021-01-05T15:24:37.091-0400][gc,marking    ] GC(18) Concurrent Cleanup for Next Mark 0.957ms
[2021-01-05T15:24:37.091-0400][gc            ] GC(18) Concurrent Cycle 388.143ms
[2021-01-05T15:24:37.152-0400][gc,heap       ] GC(19) Heap before GC invocations=19 (full 0): garbage-first heap   total 51200K, used 30782K [0x0000000083000000, 0x0000000100000000)
[2021-01-05T15:24:37.152-0400][gc,heap       ] GC(19)   region size 1024K, 14 young (14336K), 3 survivors (3072K)
[2021-01-05T15:24:37.152-0400][gc,heap       ] GC(19)  Metaspace       used 19363K, capacity 20581K, committed 20864K, reserved 1067008K
[2021-01-05T15:24:37.152-0400][gc,heap       ] GC(19)   class space    used 2091K, capacity 2597K, committed 2688K, reserved 1048576K
[2021-01-05T15:24:37.153-0400][gc,start      ] GC(19) Pause Young (Concurrent Start) (G1 Humongous Allocation)
[2021-01-05T15:24:37.153-0400][gc,task       ] GC(19) Using 4 workers of 4 for evacuation
[2021-01-05T15:24:37.224-0400][gc,phases     ] GC(19)   Pre Evacuate Collection Set: 0.2ms
[2021-01-05T15:24:37.224-0400][gc,phases     ] GC(19)   Evacuate Collection Set: 68.5ms
[2021-01-05T15:24:37.224-0400][gc,phases     ] GC(19)   Post Evacuate Collection Set: 2.1ms
[2021-01-05T15:24:37.224-0400][gc,phases     ] GC(19)   Other: 1.0ms
[2021-01-05T15:24:37.224-0400][gc,heap       ] GC(19) Eden regions: 11->0(12)
[2021-01-05T15:24:37.224-0400][gc,heap       ] GC(19) Survivor regions: 3->3(3)
[2021-01-05T15:24:37.224-0400][gc,heap       ] GC(19) Old regions: 12->14
[2021-01-05T15:24:37.224-0400][gc,heap       ] GC(19) Humongous regions: 8->7
[2021-01-05T15:24:37.224-0400][gc,metaspace  ] GC(19) Metaspace: 19363K->19363K(1067008K)
[2021-01-05T15:24:37.224-0400][gc,heap       ] GC(19) Heap after GC invocations=20 (full 0): garbage-first heap   total 51200K, used 22642K [0x0000000083000000, 0x0000000100000000)
[2021-01-05T15:24:37.224-0400][gc,heap       ] GC(19)   region size 1024K, 3 young (3072K), 3 survivors (3072K)
[2021-01-05T15:24:37.225-0400][gc,heap       ] GC(19)  Metaspace       used 19363K, capacity 20581K, committed 20864K, reserved 1067008K
[2021-01-05T15:24:37.225-0400][gc,heap       ] GC(19)   class space    used 2091K, capacity 2597K, committed 2688K, reserved 1048576K
[2021-01-05T15:24:37.225-0400][gc            ] GC(19) Pause Young (Concurrent Start) (G1 Humongous Allocation) 31M->22M(50M) 72.201ms
[2021-01-05T15:24:37.225-0400][gc,cpu        ] GC(19) User=0.12s Sys=0.00s Real=0.07s
[2021-01-05T15:24:37.226-0400][gc            ] GC(20) Concurrent Cycle
[2021-01-05T15:24:37.226-0400][gc,marking    ] GC(20) Concurrent Clear Claimed Marks
[2021-01-05T15:24:37.227-0400][gc,marking    ] GC(20) Concurrent Clear Claimed Marks 0.339ms
[2021-01-05T15:24:37.227-0400][gc,marking    ] GC(20) Concurrent Scan Root Regions
[2021-01-05T15:24:37.261-0400][gc,marking    ] GC(20) Concurrent Scan Root Regions 34.044ms
[2021-01-05T15:24:37.261-0400][gc,marking    ] GC(20) Concurrent Mark (15.880s)
[2021-01-05T15:24:37.261-0400][gc,marking    ] GC(20) Concurrent Mark From Roots
[2021-01-05T15:24:37.261-0400][gc,task       ] GC(20) Using 1 workers of 1 for marking
[2021-01-05T15:24:37.417-0400][gc,marking    ] GC(20) Concurrent Mark From Roots 155.625ms
[2021-01-05T15:24:37.417-0400][gc,marking    ] GC(20) Concurrent Preclean
[2021-01-05T15:24:37.417-0400][gc,marking    ] GC(20) Concurrent Preclean 0.390ms
[2021-01-05T15:24:37.417-0400][gc,marking    ] GC(20) Concurrent Mark (15.880s, 16.036s) 156.318ms
[2021-01-05T15:24:37.418-0400][gc,start      ] GC(20) Pause Remark
[2021-01-05T15:24:37.440-0400][gc,stringtable] GC(20) Cleaned string and symbol table, strings: 8445 processed, 0 removed, symbols: 53069 processed, 2 removed
[2021-01-05T15:24:37.440-0400][gc            ] GC(20) Pause Remark 38M->38M(50M) 22.115ms
[2021-01-05T15:24:37.441-0400][gc,cpu        ] GC(20) User=0.06s Sys=0.00s Real=0.02s
[2021-01-05T15:24:37.442-0400][gc,marking    ] GC(20) Concurrent Rebuild Remembered Sets
[2021-01-05T15:24:37.559-0400][gc,heap       ] GC(21) Heap before GC invocations=20 (full 0): garbage-first heap   total 51200K, used 44146K [0x0000000083000000, 0x0000000100000000)
[2021-01-05T15:24:37.559-0400][gc,heap       ] GC(21)   region size 1024K, 15 young (15360K), 3 survivors (3072K)
[2021-01-05T15:24:37.559-0400][gc,heap       ] GC(21)  Metaspace       used 19452K, capacity 20651K, committed 20864K, reserved 1067008K
[2021-01-05T15:24:37.559-0400][gc,heap       ] GC(21)   class space    used 2099K, capacity 2598K, committed 2688K, reserved 1048576K
[2021-01-05T15:24:37.560-0400][gc,start      ] GC(21) Pause Young (Normal) (G1 Evacuation Pause)
[2021-01-05T15:24:37.560-0400][gc,task       ] GC(21) Using 4 workers of 4 for evacuation
[2021-01-05T15:24:37.622-0400][gc,phases     ] GC(21)   Pre Evacuate Collection Set: 0.1ms
[2021-01-05T15:24:37.622-0400][gc,phases     ] GC(21)   Evacuate Collection Set: 58.7ms
[2021-01-05T15:24:37.622-0400][gc,phases     ] GC(21)   Post Evacuate Collection Set: 3.2ms
[2021-01-05T15:24:37.622-0400][gc,phases     ] GC(21)   Other: 1.0ms
[2021-01-05T15:24:37.623-0400][gc,heap       ] GC(21) Eden regions: 12->0(19)
[2021-01-05T15:24:37.623-0400][gc,heap       ] GC(21) Survivor regions: 3->2(2)
[2021-01-05T15:24:37.623-0400][gc,heap       ] GC(21) Old regions: 14->19
[2021-01-05T15:24:37.623-0400][gc,heap       ] GC(21) Humongous regions: 16->10
[2021-01-05T15:24:37.623-0400][gc,metaspace  ] GC(21) Metaspace: 19452K->19452K(1067008K)
[2021-01-05T15:24:37.623-0400][gc,heap       ] GC(21) Heap after GC invocations=21 (full 0): garbage-first heap   total 75776K, used 29638K [0x0000000083000000, 0x0000000100000000)
[2021-01-05T15:24:37.623-0400][gc,heap       ] GC(21)   region size 1024K, 2 young (2048K), 2 survivors (2048K)
[2021-01-05T15:24:37.623-0400][gc,heap       ] GC(21)  Metaspace       used 19452K, capacity 20651K, committed 20864K, reserved 1067008K
[2021-01-05T15:24:37.623-0400][gc,heap       ] GC(21)   class space    used 2099K, capacity 2598K, committed 2688K, reserved 1048576K
[2021-01-05T15:24:37.623-0400][gc            ] GC(21) Pause Young (Normal) (G1 Evacuation Pause) 43M->28M(74M) 63.623ms
[2021-01-05T15:24:37.623-0400][gc,cpu        ] GC(21) User=0.10s Sys=0.01s Real=0.06s
[2021-01-05T15:24:37.629-0400][gc,marking    ] GC(20) Concurrent Rebuild Remembered Sets 186.886ms
[2021-01-05T15:24:37.650-0400][gc,start      ] GC(20) Pause Cleanup
[2021-01-05T15:24:37.650-0400][gc            ] GC(20) Pause Cleanup 29M->29M(74M) 0.601ms
[2021-01-05T15:24:37.650-0400][gc,cpu        ] GC(20) User=0.00s Sys=0.00s Real=0.00s
[2021-01-05T15:24:37.652-0400][gc,marking    ] GC(20) Concurrent Cleanup for Next Mark
[2021-01-05T15:24:37.658-0400][gc,marking    ] GC(20) Concurrent Cleanup for Next Mark 6.441ms
[2021-01-05T15:24:37.658-0400][gc            ] GC(20) Concurrent Cycle 432.399ms
[2021-01-05T15:24:38.354-0400][gc,heap       ] GC(22) Heap before GC invocations=22 (full 0): garbage-first heap   total 75776K, used 46022K [0x0000000083000000, 0x0000000100000000)
[2021-01-05T15:24:38.354-0400][gc,heap       ] GC(22)   region size 1024K, 19 young (19456K), 2 survivors (2048K)
[2021-01-05T15:24:38.354-0400][gc,heap       ] GC(22)  Metaspace       used 19871K, capacity 21071K, committed 21120K, reserved 1067008K
[2021-01-05T15:24:38.354-0400][gc,heap       ] GC(22)   class space    used 2137K, capacity 2646K, committed 2688K, reserved 1048576K
[2021-01-05T15:24:38.355-0400][gc,start      ] GC(22) Pause Young (Concurrent Start) (G1 Humongous Allocation)
[2021-01-05T15:24:38.355-0400][gc,task       ] GC(22) Using 4 workers of 4 for evacuation
[2021-01-05T15:24:38.395-0400][gc,phases     ] GC(22)   Pre Evacuate Collection Set: 0.3ms
[2021-01-05T15:24:38.395-0400][gc,phases     ] GC(22)   Evacuate Collection Set: 38.0ms
[2021-01-05T15:24:38.395-0400][gc,phases     ] GC(22)   Post Evacuate Collection Set: 1.6ms
[2021-01-05T15:24:38.396-0400][gc,phases     ] GC(22)   Other: 1.3ms
[2021-01-05T15:24:38.396-0400][gc,heap       ] GC(22) Eden regions: 17->0(17)
[2021-01-05T15:24:38.396-0400][gc,heap       ] GC(22) Survivor regions: 2->3(3)
[2021-01-05T15:24:38.396-0400][gc,heap       ] GC(22) Old regions: 19->21
[2021-01-05T15:24:38.396-0400][gc,heap       ] GC(22) Humongous regions: 10->10
[2021-01-05T15:24:38.396-0400][gc,metaspace  ] GC(22) Metaspace: 19871K->19871K(1067008K)
[2021-01-05T15:24:38.396-0400][gc,heap       ] GC(22) Heap after GC invocations=23 (full 0): garbage-first heap   total 75776K, used 32696K [0x0000000083000000, 0x0000000100000000)
[2021-01-05T15:24:38.396-0400][gc,heap       ] GC(22)   region size 1024K, 3 young (3072K), 3 survivors (3072K)
[2021-01-05T15:24:38.396-0400][gc,heap       ] GC(22)  Metaspace       used 19871K, capacity 21071K, committed 21120K, reserved 1067008K
[2021-01-05T15:24:38.396-0400][gc,heap       ] GC(22)   class space    used 2137K, capacity 2646K, committed 2688K, reserved 1048576K
[2021-01-05T15:24:38.396-0400][gc            ] GC(22) Pause Young (Concurrent Start) (G1 Humongous Allocation) 45M->31M(74M) 41.668ms
[2021-01-05T15:24:38.396-0400][gc,cpu        ] GC(22) User=0.13s Sys=0.01s Real=0.05s
[2021-01-05T15:24:38.397-0400][gc            ] GC(23) Concurrent Cycle
[2021-01-05T15:24:38.397-0400][gc,marking    ] GC(23) Concurrent Clear Claimed Marks
[2021-01-05T15:24:38.397-0400][gc,marking    ] GC(23) Concurrent Clear Claimed Marks 0.271ms
[2021-01-05T15:24:38.397-0400][gc,marking    ] GC(23) Concurrent Scan Root Regions
[2021-01-05T15:24:38.424-0400][gc,marking    ] GC(23) Concurrent Scan Root Regions 26.436ms
[2021-01-05T15:24:38.424-0400][gc,marking    ] GC(23) Concurrent Mark (17.042s)
[2021-01-05T15:24:38.424-0400][gc,marking    ] GC(23) Concurrent Mark From Roots
[2021-01-05T15:24:38.424-0400][gc,task       ] GC(23) Using 1 workers of 1 for marking
[2021-01-05T15:24:38.954-0400][gc,marking    ] GC(23) Concurrent Mark From Roots 529.807ms
[2021-01-05T15:24:38.954-0400][gc,marking    ] GC(23) Concurrent Preclean
[2021-01-05T15:24:38.954-0400][gc,marking    ] GC(23) Concurrent Preclean 0.299ms
[2021-01-05T15:24:38.954-0400][gc,marking    ] GC(23) Concurrent Mark (17.042s, 17.573s) 530.494ms
[2021-01-05T15:24:38.958-0400][gc,start      ] GC(23) Pause Remark
[2021-01-05T15:24:38.982-0400][gc,stringtable] GC(23) Cleaned string and symbol table, strings: 8923 processed, 25 removed, symbols: 54391 processed, 31 removed
[2021-01-05T15:24:38.983-0400][gc            ] GC(23) Pause Remark 56M->56M(74M) 24.873ms
[2021-01-05T15:24:38.983-0400][gc,cpu        ] GC(23) User=0.07s Sys=0.01s Real=0.02s
[2021-01-05T15:24:38.987-0400][gc,marking    ] GC(23) Concurrent Rebuild Remembered Sets
[2021-01-05T15:24:39.032-0400][gc,heap       ] GC(24) Heap before GC invocations=23 (full 0): garbage-first heap   total 75776K, used 59320K [0x0000000083000000, 0x0000000100000000)
[2021-01-05T15:24:39.032-0400][gc,heap       ] GC(24)   region size 1024K, 20 young (20480K), 3 survivors (3072K)
[2021-01-05T15:24:39.032-0400][gc,heap       ] GC(24)  Metaspace       used 20042K, capacity 21257K, committed 21376K, reserved 1069056K
[2021-01-05T15:24:39.032-0400][gc,heap       ] GC(24)   class space    used 2159K, capacity 2665K, committed 2688K, reserved 1048576K
[2021-01-05T15:24:39.033-0400][gc,start      ] GC(24) Pause Young (Normal) (G1 Evacuation Pause)
[2021-01-05T15:24:39.033-0400][gc,task       ] GC(24) Using 4 workers of 4 for evacuation
[2021-01-05T15:24:39.070-0400][gc,phases     ] GC(24)   Pre Evacuate Collection Set: 0.1ms
[2021-01-05T15:24:39.070-0400][gc,phases     ] GC(24)   Evacuate Collection Set: 34.8ms
[2021-01-05T15:24:39.070-0400][gc,phases     ] GC(24)   Post Evacuate Collection Set: 2.3ms
[2021-01-05T15:24:39.071-0400][gc,phases     ] GC(24)   Other: 1.1ms
[2021-01-05T15:24:39.071-0400][gc,heap       ] GC(24) Eden regions: 17->0(16)
[2021-01-05T15:24:39.071-0400][gc,heap       ] GC(24) Survivor regions: 3->3(3)
[2021-01-05T15:24:39.071-0400][gc,heap       ] GC(24) Old regions: 21->23
[2021-01-05T15:24:39.071-0400][gc,heap       ] GC(24) Humongous regions: 19->12
[2021-01-05T15:24:39.071-0400][gc,metaspace  ] GC(24) Metaspace: 20042K->20042K(1069056K)
[2021-01-05T15:24:39.071-0400][gc,heap       ] GC(24) Heap after GC invocations=24 (full 0): garbage-first heap   total 75776K, used 37480K [0x0000000083000000, 0x0000000100000000)
[2021-01-05T15:24:39.071-0400][gc,heap       ] GC(24)   region size 1024K, 3 young (3072K), 3 survivors (3072K)
[2021-01-05T15:24:39.071-0400][gc,heap       ] GC(24)  Metaspace       used 20042K, capacity 21257K, committed 21376K, reserved 1069056K
[2021-01-05T15:24:39.071-0400][gc,heap       ] GC(24)   class space    used 2159K, capacity 2665K, committed 2688K, reserved 1048576K
[2021-01-05T15:24:39.071-0400][gc            ] GC(24) Pause Young (Normal) (G1 Evacuation Pause) 57M->36M(74M) 38.816ms
[2021-01-05T15:24:39.072-0400][gc,cpu        ] GC(24) User=0.12s Sys=0.01s Real=0.04s
[2021-01-05T15:24:39.221-0400][gc,marking    ] GC(23) Concurrent Rebuild Remembered Sets 234.870ms
[2021-01-05T15:24:39.237-0400][gc,start      ] GC(23) Pause Cleanup
[2021-01-05T15:24:39.238-0400][gc            ] GC(23) Pause Cleanup 40M->40M(74M) 1.092ms
[2021-01-05T15:24:39.239-0400][gc,cpu        ] GC(23) User=0.01s Sys=0.00s Real=0.00s
[2021-01-05T15:24:39.240-0400][gc,marking    ] GC(23) Concurrent Cleanup for Next Mark
[2021-01-05T15:24:39.242-0400][gc,marking    ] GC(23) Concurrent Cleanup for Next Mark 2.007ms
[2021-01-05T15:24:39.242-0400][gc            ] GC(23) Concurrent Cycle 845.390ms
[2021-01-05T15:24:39.990-0400][gc,heap       ] GC(25) Heap before GC invocations=25 (full 0): garbage-first heap   total 75776K, used 52840K [0x0000000083000000, 0x0000000100000000)
[2021-01-05T15:24:39.990-0400][gc,heap       ] GC(25)   region size 1024K, 19 young (19456K), 3 survivors (3072K)
[2021-01-05T15:24:39.990-0400][gc,heap       ] GC(25)  Metaspace       used 20539K, capacity 21870K, committed 22016K, reserved 1069056K
[2021-01-05T15:24:39.990-0400][gc,heap       ] GC(25)   class space    used 2215K, capacity 2745K, committed 2816K, reserved 1048576K
[2021-01-05T15:24:39.990-0400][gc,start      ] GC(25) Pause Young (Normal) (G1 Evacuation Pause)
[2021-01-05T15:24:39.991-0400][gc,task       ] GC(25) Using 4 workers of 4 for evacuation
[2021-01-05T15:24:40.049-0400][gc,phases     ] GC(25)   Pre Evacuate Collection Set: 0.1ms
[2021-01-05T15:24:40.050-0400][gc,phases     ] GC(25)   Evacuate Collection Set: 49.1ms
[2021-01-05T15:24:40.050-0400][gc,phases     ] GC(25)   Post Evacuate Collection Set: 8.8ms
[2021-01-05T15:24:40.050-0400][gc,phases     ] GC(25)   Other: 1.5ms
[2021-01-05T15:24:40.050-0400][gc,heap       ] GC(25) Eden regions: 16->0(16)
[2021-01-05T15:24:40.050-0400][gc,heap       ] GC(25) Survivor regions: 3->2(3)
[2021-01-05T15:24:40.050-0400][gc,heap       ] GC(25) Old regions: 23->26
[2021-01-05T15:24:40.050-0400][gc,heap       ] GC(25) Humongous regions: 12->12
[2021-01-05T15:24:40.050-0400][gc,metaspace  ] GC(25) Metaspace: 20539K->20539K(1069056K)
[2021-01-05T15:24:40.050-0400][gc,heap       ] GC(25) Heap after GC invocations=26 (full 0): garbage-first heap   total 75776K, used 38832K [0x0000000083000000, 0x0000000100000000)
[2021-01-05T15:24:40.050-0400][gc,heap       ] GC(25)   region size 1024K, 2 young (2048K), 2 survivors (2048K)
[2021-01-05T15:24:40.050-0400][gc,heap       ] GC(25)  Metaspace       used 20539K, capacity 21870K, committed 22016K, reserved 1069056K
[2021-01-05T15:24:40.051-0400][gc,heap       ] GC(25)   class space    used 2215K, capacity 2745K, committed 2816K, reserved 1048576K
[2021-01-05T15:24:40.051-0400][gc            ] GC(25) Pause Young (Normal) (G1 Evacuation Pause) 52M->37M(74M) 60.240ms
[2021-01-05T15:24:40.051-0400][gc,cpu        ] GC(25) User=0.15s Sys=0.01s Real=0.06s
[2021-01-05T15:24:42.007-0400][gc,heap       ] GC(26) Heap before GC invocations=26 (full 0): garbage-first heap   total 75776K, used 55216K [0x0000000083000000, 0x0000000100000000)
[2021-01-05T15:24:42.007-0400][gc,heap       ] GC(26)   region size 1024K, 18 young (18432K), 2 survivors (2048K)
[2021-01-05T15:24:42.007-0400][gc,heap       ] GC(26)  Metaspace       used 20797K, capacity 22255K, committed 22528K, reserved 1069056K
[2021-01-05T15:24:42.007-0400][gc,heap       ] GC(26)   class space    used 2243K, capacity 2791K, committed 2816K, reserved 1048576K
[2021-01-05T15:24:42.007-0400][gc,start      ] GC(26) Pause Young (Concurrent Start) (G1 Evacuation Pause)
[2021-01-05T15:24:42.007-0400][gc,task       ] GC(26) Using 4 workers of 4 for evacuation
[2021-01-05T15:24:42.056-0400][gc,phases     ] GC(26)   Pre Evacuate Collection Set: 0.2ms
[2021-01-05T15:24:42.056-0400][gc,phases     ] GC(26)   Evacuate Collection Set: 40.8ms
[2021-01-05T15:24:42.056-0400][gc,phases     ] GC(26)   Post Evacuate Collection Set: 6.9ms
[2021-01-05T15:24:42.056-0400][gc,phases     ] GC(26)   Other: 1.2ms
[2021-01-05T15:24:42.056-0400][gc,heap       ] GC(26) Eden regions: 16->0(30)
[2021-01-05T15:24:42.056-0400][gc,heap       ] GC(26) Survivor regions: 2->3(3)
[2021-01-05T15:24:42.056-0400][gc,heap       ] GC(26) Old regions: 26->28
[2021-01-05T15:24:42.057-0400][gc,heap       ] GC(26) Humongous regions: 12->12
[2021-01-05T15:24:42.057-0400][gc,metaspace  ] GC(26) Metaspace: 20797K->20797K(1069056K)
[2021-01-05T15:24:42.057-0400][gc,heap       ] GC(26) Heap after GC invocations=27 (full 0): garbage-first heap   total 123904K, used 41934K [0x0000000083000000, 0x0000000100000000)
[2021-01-05T15:24:42.057-0400][gc,heap       ] GC(26)   region size 1024K, 3 young (3072K), 3 survivors (3072K)
[2021-01-05T15:24:42.057-0400][gc,heap       ] GC(26)  Metaspace       used 20797K, capacity 22255K, committed 22528K, reserved 1069056K
[2021-01-05T15:24:42.057-0400][gc,heap       ] GC(26)   class space    used 2243K, capacity 2791K, committed 2816K, reserved 1048576K
[2021-01-05T15:24:42.057-0400][gc            ] GC(26) Pause Young (Concurrent Start) (G1 Evacuation Pause) 53M->40M(121M) 49.815ms
[2021-01-05T15:24:42.060-0400][gc,cpu        ] GC(26) User=0.13s Sys=0.01s Real=0.05s
[2021-01-05T15:24:42.060-0400][gc            ] GC(27) Concurrent Cycle
[2021-01-05T15:24:42.060-0400][gc,marking    ] GC(27) Concurrent Clear Claimed Marks
[2021-01-05T15:24:42.061-0400][gc,marking    ] GC(27) Concurrent Clear Claimed Marks 0.291ms
[2021-01-05T15:24:42.061-0400][gc,marking    ] GC(27) Concurrent Scan Root Regions
[2021-01-05T15:24:42.171-0400][gc,marking    ] GC(27) Concurrent Scan Root Regions 110.033ms
[2021-01-05T15:24:42.171-0400][gc,marking    ] GC(27) Concurrent Mark (20.790s)
[2021-01-05T15:24:42.171-0400][gc,marking    ] GC(27) Concurrent Mark From Roots
[2021-01-05T15:24:42.171-0400][gc,task       ] GC(27) Using 1 workers of 1 for marking
[2021-01-05T15:24:42.447-0400][gc,heap       ] GC(28) Heap before GC invocations=27 (full 0): garbage-first heap   total 123904K, used 46030K [0x0000000083000000, 0x0000000100000000)
[2021-01-05T15:24:42.447-0400][gc,heap       ] GC(28)   region size 1024K, 7 young (7168K), 3 survivors (3072K)
[2021-01-05T15:24:42.447-0400][gc,heap       ] GC(28)  Metaspace       used 20828K, capacity 22255K, committed 22528K, reserved 1069056K
[2021-01-05T15:24:42.447-0400][gc,heap       ] GC(28)   class space    used 2243K, capacity 2791K, committed 2816K, reserved 1048576K
[2021-01-05T15:24:42.448-0400][gc,start      ] GC(28) Pause Young (Normal) (G1 Evacuation Pause)
[2021-01-05T15:24:42.448-0400][gc,task       ] GC(28) Using 4 workers of 4 for evacuation
[2021-01-05T15:24:42.512-0400][gc,phases     ] GC(28)   Pre Evacuate Collection Set: 0.1ms
[2021-01-05T15:24:42.512-0400][gc,phases     ] GC(28)   Evacuate Collection Set: 59.6ms
[2021-01-05T15:24:42.512-0400][gc,phases     ] GC(28)   Post Evacuate Collection Set: 4.2ms
[2021-01-05T15:24:42.512-0400][gc,phases     ] GC(28)   Other: 1.0ms
[2021-01-05T15:24:42.512-0400][gc,heap       ] GC(28) Eden regions: 4->0(5)
[2021-01-05T15:24:42.512-0400][gc,heap       ] GC(28) Survivor regions: 3->1(1)
[2021-01-05T15:24:42.512-0400][gc,heap       ] GC(28) Old regions: 28->30
[2021-01-05T15:24:42.512-0400][gc,heap       ] GC(28) Humongous regions: 12->12
[2021-01-05T15:24:42.512-0400][gc,metaspace  ] GC(28) Metaspace: 20828K->20828K(1069056K)
[2021-01-05T15:24:42.513-0400][gc,heap       ] GC(28) Heap after GC invocations=28 (full 0): garbage-first heap   total 123904K, used 42489K [0x0000000083000000, 0x0000000100000000)
[2021-01-05T15:24:42.513-0400][gc,heap       ] GC(28)   region size 1024K, 1 young (1024K), 1 survivors (1024K)
[2021-01-05T15:24:42.513-0400][gc,heap       ] GC(28)  Metaspace       used 20828K, capacity 22255K, committed 22528K, reserved 1069056K
[2021-01-05T15:24:42.513-0400][gc,heap       ] GC(28)   class space    used 2243K, capacity 2791K, committed 2816K, reserved 1048576K
[2021-01-05T15:24:42.513-0400][gc            ] GC(28) Pause Young (Normal) (G1 Evacuation Pause) 44M->41M(121M) 65.139ms
[2021-01-05T15:24:42.513-0400][gc,cpu        ] GC(28) User=0.11s Sys=0.01s Real=0.06s
[2021-01-05T15:24:42.695-0400][gc,heap       ] GC(29) Heap before GC invocations=28 (full 0): garbage-first heap   total 123904K, used 47609K [0x0000000083000000, 0x0000000100000000)
[2021-01-05T15:24:42.695-0400][gc,heap       ] GC(29)   region size 1024K, 6 young (6144K), 1 survivors (1024K)
[2021-01-05T15:24:42.695-0400][gc,heap       ] GC(29)  Metaspace       used 20829K, capacity 22255K, committed 22528K, reserved 1069056K
[2021-01-05T15:24:42.695-0400][gc,heap       ] GC(29)   class space    used 2243K, capacity 2791K, committed 2816K, reserved 1048576K
[2021-01-05T15:24:42.695-0400][gc,start      ] GC(29) Pause Young (Normal) (G1 Evacuation Pause)
[2021-01-05T15:24:42.695-0400][gc,task       ] GC(29) Using 4 workers of 4 for evacuation
[2021-01-05T15:24:42.713-0400][gc,phases     ] GC(29)   Pre Evacuate Collection Set: 0.1ms
[2021-01-05T15:24:42.714-0400][gc,phases     ] GC(29)   Evacuate Collection Set: 16.0ms
[2021-01-05T15:24:42.714-0400][gc,phases     ] GC(29)   Post Evacuate Collection Set: 1.4ms
[2021-01-05T15:24:42.714-0400][gc,phases     ] GC(29)   Other: 0.9ms
[2021-01-05T15:24:42.714-0400][gc,heap       ] GC(29) Eden regions: 5->0(5)
[2021-01-05T15:24:42.714-0400][gc,heap       ] GC(29) Survivor regions: 1->1(1)
[2021-01-05T15:24:42.714-0400][gc,heap       ] GC(29) Old regions: 30->31
[2021-01-05T15:24:42.714-0400][gc,heap       ] GC(29) Humongous regions: 12->12
[2021-01-05T15:24:42.714-0400][gc,metaspace  ] GC(29) Metaspace: 20829K->20829K(1069056K)
[2021-01-05T15:24:42.714-0400][gc,heap       ] GC(29) Heap after GC invocations=29 (full 0): garbage-first heap   total 123904K, used 42999K [0x0000000083000000, 0x0000000100000000)
[2021-01-05T15:24:42.714-0400][gc,heap       ] GC(29)   region size 1024K, 1 young (1024K), 1 survivors (1024K)
[2021-01-05T15:24:42.714-0400][gc,heap       ] GC(29)  Metaspace       used 20829K, capacity 22255K, committed 22528K, reserved 1069056K
[2021-01-05T15:24:42.714-0400][gc,heap       ] GC(29)   class space    used 2243K, capacity 2791K, committed 2816K, reserved 1048576K
[2021-01-05T15:24:42.715-0400][gc            ] GC(29) Pause Young (Normal) (G1 Evacuation Pause) 46M->41M(121M) 19.157ms
[2021-01-05T15:24:42.715-0400][gc,cpu        ] GC(29) User=0.04s Sys=0.01s Real=0.02s
[2021-01-05T15:24:42.858-0400][gc,heap       ] GC(30) Heap before GC invocations=29 (full 0): garbage-first heap   total 123904K, used 48119K [0x0000000083000000, 0x0000000100000000)
[2021-01-05T15:24:42.858-0400][gc,heap       ] GC(30)   region size 1024K, 6 young (6144K), 1 survivors (1024K)
[2021-01-05T15:24:42.858-0400][gc,heap       ] GC(30)  Metaspace       used 20862K, capacity 22319K, committed 22528K, reserved 1069056K
[2021-01-05T15:24:42.858-0400][gc,heap       ] GC(30)   class space    used 2245K, capacity 2791K, committed 2816K, reserved 1048576K
[2021-01-05T15:24:42.858-0400][gc,start      ] GC(30) Pause Young (Normal) (G1 Evacuation Pause)
[2021-01-05T15:24:42.858-0400][gc,task       ] GC(30) Using 4 workers of 4 for evacuation
[2021-01-05T15:24:42.868-0400][gc,phases     ] GC(30)   Pre Evacuate Collection Set: 0.1ms
[2021-01-05T15:24:42.868-0400][gc,phases     ] GC(30)   Evacuate Collection Set: 7.6ms
[2021-01-05T15:24:42.868-0400][gc,phases     ] GC(30)   Post Evacuate Collection Set: 1.4ms
[2021-01-05T15:24:42.868-0400][gc,phases     ] GC(30)   Other: 1.0ms
[2021-01-05T15:24:42.868-0400][gc,heap       ] GC(30) Eden regions: 5->0(8)
[2021-01-05T15:24:42.868-0400][gc,heap       ] GC(30) Survivor regions: 1->1(1)
[2021-01-05T15:24:42.868-0400][gc,heap       ] GC(30) Old regions: 31->31
[2021-01-05T15:24:42.869-0400][gc,heap       ] GC(30) Humongous regions: 12->12
[2021-01-05T15:24:42.869-0400][gc,metaspace  ] GC(30) Metaspace: 20862K->20862K(1069056K)
[2021-01-05T15:24:42.869-0400][gc,heap       ] GC(30) Heap after GC invocations=30 (full 0): garbage-first heap   total 123904K, used 43019K [0x0000000083000000, 0x0000000100000000)
[2021-01-05T15:24:42.869-0400][gc,heap       ] GC(30)   region size 1024K, 1 young (1024K), 1 survivors (1024K)
[2021-01-05T15:24:42.869-0400][gc,heap       ] GC(30)  Metaspace       used 20862K, capacity 22319K, committed 22528K, reserved 1069056K
[2021-01-05T15:24:42.869-0400][gc,heap       ] GC(30)   class space    used 2245K, capacity 2791K, committed 2816K, reserved 1048576K
[2021-01-05T15:24:42.869-0400][gc            ] GC(30) Pause Young (Normal) (G1 Evacuation Pause) 46M->42M(121M) 10.638ms
[2021-01-05T15:24:42.869-0400][gc,cpu        ] GC(30) User=0.02s Sys=0.01s Real=0.01s
[2021-01-05T15:24:43.039-0400][gc,heap       ] GC(31) Heap before GC invocations=30 (full 0): garbage-first heap   total 123904K, used 51211K [0x0000000083000000, 0x0000000100000000)
[2021-01-05T15:24:43.039-0400][gc,heap       ] GC(31)   region size 1024K, 9 young (9216K), 1 survivors (1024K)
[2021-01-05T15:24:43.039-0400][gc,heap       ] GC(31)  Metaspace       used 20871K, capacity 22319K, committed 22528K, reserved 1069056K
[2021-01-05T15:24:43.039-0400][gc,heap       ] GC(31)   class space    used 2246K, capacity 2791K, committed 2816K, reserved 1048576K
[2021-01-05T15:24:43.040-0400][gc,start      ] GC(31) Pause Young (Normal) (G1 Evacuation Pause)
[2021-01-05T15:24:43.040-0400][gc,task       ] GC(31) Using 4 workers of 4 for evacuation
[2021-01-05T15:24:43.069-0400][gc,phases     ] GC(31)   Pre Evacuate Collection Set: 0.1ms
[2021-01-05T15:24:43.069-0400][gc,phases     ] GC(31)   Evacuate Collection Set: 14.5ms
[2021-01-05T15:24:43.069-0400][gc,phases     ] GC(31)   Post Evacuate Collection Set: 14.4ms
[2021-01-05T15:24:43.069-0400][gc,phases     ] GC(31)   Other: 0.9ms
[2021-01-05T15:24:43.070-0400][gc,heap       ] GC(31) Eden regions: 8->0(12)
[2021-01-05T15:24:43.070-0400][gc,heap       ] GC(31) Survivor regions: 1->1(2)
[2021-01-05T15:24:43.070-0400][gc,heap       ] GC(31) Old regions: 31->31
[2021-01-05T15:24:43.070-0400][gc,heap       ] GC(31) Humongous regions: 12->12
[2021-01-05T15:24:43.070-0400][gc,metaspace  ] GC(31) Metaspace: 20871K->20871K(1069056K)
[2021-01-05T15:24:43.070-0400][gc,heap       ] GC(31) Heap after GC invocations=31 (full 0): garbage-first heap   total 172032K, used 43266K [0x0000000083000000, 0x0000000100000000)
[2021-01-05T15:24:43.070-0400][gc,heap       ] GC(31)   region size 1024K, 1 young (1024K), 1 survivors (1024K)
[2021-01-05T15:24:43.070-0400][gc,heap       ] GC(31)  Metaspace       used 20871K, capacity 22319K, committed 22528K, reserved 1069056K
[2021-01-05T15:24:43.070-0400][gc,heap       ] GC(31)   class space    used 2246K, capacity 2791K, committed 2816K, reserved 1048576K
[2021-01-05T15:24:43.070-0400][gc            ] GC(31) Pause Young (Normal) (G1 Evacuation Pause) 50M->42M(168M) 30.667ms
[2021-01-05T15:24:43.070-0400][gc,cpu        ] GC(31) User=0.04s Sys=0.01s Real=0.03s
[2021-01-05T15:24:43.421-0400][gc,marking    ] GC(27) Concurrent Mark From Roots 1249.820ms
[2021-01-05T15:24:43.421-0400][gc,marking    ] GC(27) Concurrent Preclean
[2021-01-05T15:24:43.421-0400][gc,marking    ] GC(27) Concurrent Preclean 0.310ms
[2021-01-05T15:24:43.421-0400][gc,marking    ] GC(27) Concurrent Mark (20.790s, 22.040s) 1250.414ms
[2021-01-05T15:24:43.424-0400][gc,start      ] GC(27) Pause Remark
[2021-01-05T15:24:43.467-0400][gc,stringtable] GC(27) Cleaned string and symbol table, strings: 9495 processed, 0 removed, symbols: 55667 processed, 28 removed
[2021-01-05T15:24:43.468-0400][gc            ] GC(27) Pause Remark 53M->52M(168M) 44.279ms
[2021-01-05T15:24:43.469-0400][gc,cpu        ] GC(27) User=0.08s Sys=0.00s Real=0.05s
[2021-01-05T15:24:43.473-0400][gc,marking    ] GC(27) Concurrent Rebuild Remembered Sets
[2021-01-05T15:24:43.487-0400][gc,heap       ] GC(32) Heap before GC invocations=31 (full 0): garbage-first heap   total 172032K, used 54530K [0x0000000083000000, 0x0000000100000000)
[2021-01-05T15:24:43.487-0400][gc,heap       ] GC(32)   region size 1024K, 13 young (13312K), 1 survivors (1024K)
[2021-01-05T15:24:43.487-0400][gc,heap       ] GC(32)  Metaspace       used 20889K, capacity 22330K, committed 22528K, reserved 1069056K
[2021-01-05T15:24:43.487-0400][gc,heap       ] GC(32)   class space    used 2246K, capacity 2790K, committed 2816K, reserved 1048576K
[2021-01-05T15:24:43.487-0400][gc,start      ] GC(32) Pause Young (Normal) (G1 Evacuation Pause)
[2021-01-05T15:24:43.487-0400][gc,task       ] GC(32) Using 4 workers of 4 for evacuation
[2021-01-05T15:24:43.518-0400][gc,phases     ] GC(32)   Pre Evacuate Collection Set: 0.1ms
[2021-01-05T15:24:43.518-0400][gc,phases     ] GC(32)   Evacuate Collection Set: 19.4ms
[2021-01-05T15:24:43.518-0400][gc,phases     ] GC(32)   Post Evacuate Collection Set: 11.1ms
[2021-01-05T15:24:43.518-0400][gc,phases     ] GC(32)   Other: 0.9ms
[2021-01-05T15:24:43.518-0400][gc,heap       ] GC(32) Eden regions: 12->0(14)
[2021-01-05T15:24:43.519-0400][gc,heap       ] GC(32) Survivor regions: 1->2(2)
[2021-01-05T15:24:43.519-0400][gc,heap       ] GC(32) Old regions: 31->31
[2021-01-05T15:24:43.519-0400][gc,heap       ] GC(32) Humongous regions: 11->11
[2021-01-05T15:24:43.519-0400][gc,metaspace  ] GC(32) Metaspace: 20889K->20889K(1069056K)
[2021-01-05T15:24:43.519-0400][gc,heap       ] GC(32) Heap after GC invocations=32 (full 0): garbage-first heap   total 172032K, used 42920K [0x0000000083000000, 0x0000000100000000)
[2021-01-05T15:24:43.519-0400][gc,heap       ] GC(32)   region size 1024K, 2 young (2048K), 2 survivors (2048K)
[2021-01-05T15:24:43.519-0400][gc,heap       ] GC(32)  Metaspace       used 20889K, capacity 22330K, committed 22528K, reserved 1069056K
[2021-01-05T15:24:43.519-0400][gc,heap       ] GC(32)   class space    used 2246K, capacity 2790K, committed 2816K, reserved 1048576K
[2021-01-05T15:24:43.519-0400][gc            ] GC(32) Pause Young (Normal) (G1 Evacuation Pause) 53M->41M(168M) 32.150ms
[2021-01-05T15:24:43.519-0400][gc,cpu        ] GC(32) User=0.05s Sys=0.01s Real=0.03s
[2021-01-05T15:24:43.984-0400][gc,marking    ] GC(27) Concurrent Rebuild Remembered Sets 510.992ms
[2021-01-05T15:24:43.987-0400][gc,start      ] GC(27) Pause Cleanup
[2021-01-05T15:24:43.989-0400][gc            ] GC(27) Pause Cleanup 54M->54M(168M) 1.244ms
[2021-01-05T15:24:43.989-0400][gc,cpu        ] GC(27) User=0.00s Sys=0.00s Real=0.00s
[2021-01-05T15:24:43.991-0400][gc,marking    ] GC(27) Concurrent Cleanup for Next Mark
[2021-01-05T15:24:44.003-0400][gc,marking    ] GC(27) Concurrent Cleanup for Next Mark 12.035ms
[2021-01-05T15:24:44.003-0400][gc            ] GC(27) Concurrent Cycle 1942.878ms
[2021-01-05T15:24:44.253-0400][gc,heap       ] GC(33) Heap before GC invocations=33 (full 0): garbage-first heap   total 172032K, used 57256K [0x0000000083000000, 0x0000000100000000)
[2021-01-05T15:24:44.254-0400][gc,heap       ] GC(33)   region size 1024K, 16 young (16384K), 2 survivors (2048K)
[2021-01-05T15:24:44.254-0400][gc,heap       ] GC(33)  Metaspace       used 21025K, capacity 22400K, committed 22528K, reserved 1069056K
[2021-01-05T15:24:44.254-0400][gc,heap       ] GC(33)   class space    used 2257K, capacity 2790K, committed 2816K, reserved 1048576K
[2021-01-05T15:24:44.254-0400][gc,start      ] GC(33) Pause Young (Normal) (G1 Evacuation Pause)
[2021-01-05T15:24:44.254-0400][gc,task       ] GC(33) Using 4 workers of 4 for evacuation
[2021-01-05T15:24:44.293-0400][gc,phases     ] GC(33)   Pre Evacuate Collection Set: 0.1ms
[2021-01-05T15:24:44.293-0400][gc,phases     ] GC(33)   Evacuate Collection Set: 35.5ms
[2021-01-05T15:24:44.293-0400][gc,phases     ] GC(33)   Post Evacuate Collection Set: 2.8ms
[2021-01-05T15:24:44.293-0400][gc,phases     ] GC(33)   Other: 1.0ms
[2021-01-05T15:24:44.293-0400][gc,heap       ] GC(33) Eden regions: 14->0(40)
[2021-01-05T15:24:44.293-0400][gc,heap       ] GC(33) Survivor regions: 2->2(2)
[2021-01-05T15:24:44.293-0400][gc,heap       ] GC(33) Old regions: 31->32
[2021-01-05T15:24:44.293-0400][gc,heap       ] GC(33) Humongous regions: 12->12
[2021-01-05T15:24:44.293-0400][gc,metaspace  ] GC(33) Metaspace: 21025K->21025K(1069056K)
[2021-01-05T15:24:44.294-0400][gc,heap       ] GC(33) Heap after GC invocations=34 (full 0): garbage-first heap   total 172032K, used 44793K [0x0000000083000000, 0x0000000100000000)
[2021-01-05T15:24:44.294-0400][gc,heap       ] GC(33)   region size 1024K, 2 young (2048K), 2 survivors (2048K)
[2021-01-05T15:24:44.294-0400][gc,heap       ] GC(33)  Metaspace       used 21025K, capacity 22400K, committed 22528K, reserved 1069056K
[2021-01-05T15:24:44.294-0400][gc,heap       ] GC(33)   class space    used 2257K, capacity 2790K, committed 2816K, reserved 1048576K
[2021-01-05T15:24:44.294-0400][gc            ] GC(33) Pause Young (Normal) (G1 Evacuation Pause) 56M->43M(168M) 40.013ms
[2021-01-05T15:24:44.297-0400][gc,cpu        ] GC(33) User=0.06s Sys=0.00s Real=0.05s
[2021-01-05T15:24:46.137-0400][gc,heap       ] GC(34) Heap before GC invocations=34 (full 0): garbage-first heap   total 172032K, used 86777K [0x0000000083000000, 0x0000000100000000)
[2021-01-05T15:24:46.138-0400][gc,heap       ] GC(34)   region size 1024K, 42 young (43008K), 2 survivors (2048K)
[2021-01-05T15:24:46.138-0400][gc,heap       ] GC(34)  Metaspace       used 21164K, capacity 22575K, committed 22784K, reserved 1069056K
[2021-01-05T15:24:46.138-0400][gc,heap       ] GC(34)   class space    used 2270K, capacity 2815K, committed 2816K, reserved 1048576K
[2021-01-05T15:24:46.138-0400][gc,start      ] GC(34) Pause Young (Normal) (G1 Evacuation Pause)
[2021-01-05T15:24:46.138-0400][gc,task       ] GC(34) Using 4 workers of 4 for evacuation
[2021-01-05T15:24:46.161-0400][gc,phases     ] GC(34)   Pre Evacuate Collection Set: 0.1ms
[2021-01-05T15:24:46.161-0400][gc,phases     ] GC(34)   Evacuate Collection Set: 18.3ms
[2021-01-05T15:24:46.161-0400][gc,phases     ] GC(34)   Post Evacuate Collection Set: 4.4ms
[2021-01-05T15:24:46.162-0400][gc,phases     ] GC(34)   Other: 1.0ms
[2021-01-05T15:24:46.162-0400][gc,heap       ] GC(34) Eden regions: 40->0(55)
[2021-01-05T15:24:46.162-0400][gc,heap       ] GC(34) Survivor regions: 2->3(6)
[2021-01-05T15:24:46.162-0400][gc,heap       ] GC(34) Old regions: 32->32
[2021-01-05T15:24:46.162-0400][gc,heap       ] GC(34) Humongous regions: 13->13
[2021-01-05T15:24:46.162-0400][gc,metaspace  ] GC(34) Metaspace: 21164K->21164K(1069056K)
[2021-01-05T15:24:46.162-0400][gc,heap       ] GC(34) Heap after GC invocations=35 (full 0): garbage-first heap   total 172032K, used 46066K [0x0000000083000000, 0x0000000100000000)
[2021-01-05T15:24:46.162-0400][gc,heap       ] GC(34)   region size 1024K, 3 young (3072K), 3 survivors (3072K)
[2021-01-05T15:24:46.162-0400][gc,heap       ] GC(34)  Metaspace       used 21164K, capacity 22575K, committed 22784K, reserved 1069056K
[2021-01-05T15:24:46.162-0400][gc,heap       ] GC(34)   class space    used 2270K, capacity 2815K, committed 2816K, reserved 1048576K
[2021-01-05T15:24:46.162-0400][gc            ] GC(34) Pause Young (Normal) (G1 Evacuation Pause) 84M->44M(168M) 24.393ms
[2021-01-05T15:24:46.162-0400][gc,cpu        ] GC(34) User=0.05s Sys=0.02s Real=0.02s
[2021-01-05T15:24:48.065-0400][gc,heap       ] GC(35) Heap before GC invocations=35 (full 0): garbage-first heap   total 172032K, used 104434K [0x0000000083000000, 0x0000000100000000)
[2021-01-05T15:24:48.065-0400][gc,heap       ] GC(35)   region size 1024K, 56 young (57344K), 3 survivors (3072K)
[2021-01-05T15:24:48.065-0400][gc,heap       ] GC(35)  Metaspace       used 21216K, capacity 22596K, committed 22912K, reserved 1069056K
[2021-01-05T15:24:48.065-0400][gc,heap       ] GC(35)   class space    used 2274K, capacity 2817K, committed 2944K, reserved 1048576K
[2021-01-05T15:24:48.065-0400][gc,start      ] GC(35) Pause Young (Concurrent Start) (G1 Humongous Allocation)
[2021-01-05T15:24:48.066-0400][gc,task       ] GC(35) Using 4 workers of 4 for evacuation
[2021-01-05T15:24:48.088-0400][gc,phases     ] GC(35)   Pre Evacuate Collection Set: 0.4ms
[2021-01-05T15:24:48.088-0400][gc,phases     ] GC(35)   Evacuate Collection Set: 12.5ms
[2021-01-05T15:24:48.088-0400][gc,phases     ] GC(35)   Post Evacuate Collection Set: 8.5ms
[2021-01-05T15:24:48.088-0400][gc,phases     ] GC(35)   Other: 1.1ms
[2021-01-05T15:24:48.088-0400][gc,heap       ] GC(35) Eden regions: 53->0(18)
[2021-01-05T15:24:48.088-0400][gc,heap       ] GC(35) Survivor regions: 3->2(8)
[2021-01-05T15:24:48.088-0400][gc,heap       ] GC(35) Old regions: 32->32
[2021-01-05T15:24:48.088-0400][gc,heap       ] GC(35) Humongous regions: 18->16
[2021-01-05T15:24:48.088-0400][gc,metaspace  ] GC(35) Metaspace: 21216K->21216K(1069056K)
[2021-01-05T15:24:48.088-0400][gc,heap       ] GC(35) Heap after GC invocations=36 (full 0): garbage-first heap   total 245760K, used 48827K [0x0000000083000000, 0x0000000100000000)
[2021-01-05T15:24:48.088-0400][gc,heap       ] GC(35)   region size 1024K, 2 young (2048K), 2 survivors (2048K)
[2021-01-05T15:24:48.088-0400][gc,heap       ] GC(35)  Metaspace       used 21216K, capacity 22596K, committed 22912K, reserved 1069056K
[2021-01-05T15:24:48.088-0400][gc,heap       ] GC(35)   class space    used 2274K, capacity 2817K, committed 2944K, reserved 1048576K
[2021-01-05T15:24:48.089-0400][gc            ] GC(35) Pause Young (Concurrent Start) (G1 Humongous Allocation) 102M->47M(240M) 23.197ms
[2021-01-05T15:24:48.089-0400][gc,cpu        ] GC(35) User=0.03s Sys=0.02s Real=0.03s
[2021-01-05T15:24:48.089-0400][gc            ] GC(36) Concurrent Cycle
[2021-01-05T15:24:48.089-0400][gc,marking    ] GC(36) Concurrent Clear Claimed Marks
[2021-01-05T15:24:48.090-0400][gc,marking    ] GC(36) Concurrent Clear Claimed Marks 0.331ms
[2021-01-05T15:24:48.090-0400][gc,marking    ] GC(36) Concurrent Scan Root Regions
[2021-01-05T15:24:48.095-0400][gc,marking    ] GC(36) Concurrent Scan Root Regions 4.845ms
[2021-01-05T15:24:48.095-0400][gc,marking    ] GC(36) Concurrent Mark (26.714s)
[2021-01-05T15:24:48.095-0400][gc,marking    ] GC(36) Concurrent Mark From Roots
[2021-01-05T15:24:48.095-0400][gc,task       ] GC(36) Using 1 workers of 1 for marking
[2021-01-05T15:24:48.330-0400][gc,marking    ] GC(36) Concurrent Mark From Roots 235.504ms
[2021-01-05T15:24:48.331-0400][gc,marking    ] GC(36) Concurrent Preclean
[2021-01-05T15:24:48.331-0400][gc,marking    ] GC(36) Concurrent Preclean 0.362ms
[2021-01-05T15:24:48.331-0400][gc,marking    ] GC(36) Concurrent Mark (26.714s, 26.950s) 236.196ms
[2021-01-05T15:24:48.332-0400][gc,start      ] GC(36) Pause Remark
[2021-01-05T15:24:48.350-0400][gc,stringtable] GC(36) Cleaned string and symbol table, strings: 9633 processed, 25 removed, symbols: 55945 processed, 0 removed
[2021-01-05T15:24:48.351-0400][gc            ] GC(36) Pause Remark 52M->43M(240M) 19.534ms
[2021-01-05T15:24:48.352-0400][gc,cpu        ] GC(36) User=0.05s Sys=0.00s Real=0.02s
[2021-01-05T15:24:48.362-0400][gc,marking    ] GC(36) Concurrent Rebuild Remembered Sets
[2021-01-05T15:24:48.460-0400][gc,marking    ] GC(36) Concurrent Rebuild Remembered Sets 98.631ms
[2021-01-05T15:24:48.467-0400][gc,start      ] GC(36) Pause Cleanup
[2021-01-05T15:24:48.468-0400][gc            ] GC(36) Pause Cleanup 44M->44M(240M) 0.956ms
[2021-01-05T15:24:48.468-0400][gc,cpu        ] GC(36) User=0.00s Sys=0.00s Real=0.00s
[2021-01-05T15:24:48.469-0400][gc,marking    ] GC(36) Concurrent Cleanup for Next Mark
[2021-01-05T15:24:48.481-0400][gc,marking    ] GC(36) Concurrent Cleanup for Next Mark 12.072ms
[2021-01-05T15:24:48.481-0400][gc            ] GC(36) Concurrent Cycle 391.712ms
[2021-01-05T15:24:56.332-0400][gc,heap       ] GC(37) Heap before GC invocations=37 (full 0): garbage-first heap   total 245760K, used 60091K [0x0000000083000000, 0x0000000100000000)
[2021-01-05T15:24:56.333-0400][gc,heap       ] GC(37)   region size 1024K, 20 young (20480K), 2 survivors (2048K)
[2021-01-05T15:24:56.333-0400][gc,heap       ] GC(37)  Metaspace       used 23293K, capacity 24794K, committed 24960K, reserved 1071104K
[2021-01-05T15:24:56.333-0400][gc,heap       ] GC(37)   class space    used 2520K, capacity 3104K, committed 3200K, reserved 1048576K
[2021-01-05T15:24:56.333-0400][gc,start      ] GC(37) Pause Young (Prepare Mixed) (G1 Evacuation Pause)
[2021-01-05T15:24:56.333-0400][gc,task       ] GC(37) Using 4 workers of 4 for evacuation
[2021-01-05T15:24:56.371-0400][gc,phases     ] GC(37)   Pre Evacuate Collection Set: 0.1ms
[2021-01-05T15:24:56.372-0400][gc,phases     ] GC(37)   Evacuate Collection Set: 35.8ms
[2021-01-05T15:24:56.372-0400][gc,phases     ] GC(37)   Post Evacuate Collection Set: 2.2ms
[2021-01-05T15:24:56.372-0400][gc,phases     ] GC(37)   Other: 1.0ms
[2021-01-05T15:24:56.372-0400][gc,heap       ] GC(37) Eden regions: 18->0(9)
[2021-01-05T15:24:56.372-0400][gc,heap       ] GC(37) Survivor regions: 2->3(3)
[2021-01-05T15:24:56.372-0400][gc,heap       ] GC(37) Old regions: 32->32
[2021-01-05T15:24:56.372-0400][gc,heap       ] GC(37) Humongous regions: 9->7
[2021-01-05T15:24:56.372-0400][gc,metaspace  ] GC(37) Metaspace: 23293K->23293K(1071104K)
[2021-01-05T15:24:56.372-0400][gc,heap       ] GC(37) Heap after GC invocations=38 (full 0): garbage-first heap   total 245760K, used 40938K [0x0000000083000000, 0x0000000100000000)
[2021-01-05T15:24:56.372-0400][gc,heap       ] GC(37)   region size 1024K, 3 young (3072K), 3 survivors (3072K)
[2021-01-05T15:24:56.372-0400][gc,heap       ] GC(37)  Metaspace       used 23293K, capacity 24794K, committed 24960K, reserved 1071104K
[2021-01-05T15:24:56.372-0400][gc,heap       ] GC(37)   class space    used 2520K, capacity 3104K, committed 3200K, reserved 1048576K
[2021-01-05T15:24:56.372-0400][gc            ] GC(37) Pause Young (Prepare Mixed) (G1 Evacuation Pause) 58M->39M(240M) 39.583ms
[2021-01-05T15:24:56.373-0400][gc,cpu        ] GC(37) User=0.12s Sys=0.03s Real=0.04s
[2021-01-05T15:24:57.245-0400][gc,heap       ] GC(38) Heap before GC invocations=38 (full 0): garbage-first heap   total 245760K, used 49130K [0x0000000083000000, 0x0000000100000000)
[2021-01-05T15:24:57.245-0400][gc,heap       ] GC(38)   region size 1024K, 12 young (12288K), 3 survivors (3072K)
[2021-01-05T15:24:57.245-0400][gc,heap       ] GC(38)  Metaspace       used 24247K, capacity 25734K, committed 26112K, reserved 1073152K
[2021-01-05T15:24:57.245-0400][gc,heap       ] GC(38)   class space    used 2617K, capacity 3202K, committed 3328K, reserved 1048576K
[2021-01-05T15:24:57.245-0400][gc,start      ] GC(38) Pause Young (Mixed) (G1 Evacuation Pause)
[2021-01-05T15:24:57.245-0400][gc,task       ] GC(38) Using 4 workers of 4 for evacuation
[2021-01-05T15:24:57.275-0400][gc,phases     ] GC(38)   Pre Evacuate Collection Set: 0.1ms
[2021-01-05T15:24:57.275-0400][gc,phases     ] GC(38)   Evacuate Collection Set: 26.7ms
[2021-01-05T15:24:57.275-0400][gc,phases     ] GC(38)   Post Evacuate Collection Set: 2.4ms
[2021-01-05T15:24:57.275-0400][gc,phases     ] GC(38)   Other: 0.9ms
[2021-01-05T15:24:57.275-0400][gc,heap       ] GC(38) Eden regions: 9->0(142)
[2021-01-05T15:24:57.275-0400][gc,heap       ] GC(38) Survivor regions: 3->2(2)
[2021-01-05T15:24:57.275-0400][gc,heap       ] GC(38) Old regions: 32->33
[2021-01-05T15:24:57.275-0400][gc,heap       ] GC(38) Humongous regions: 7->7
[2021-01-05T15:24:57.275-0400][gc,metaspace  ] GC(38) Metaspace: 24247K->24247K(1073152K)
[2021-01-05T15:24:57.275-0400][gc,heap       ] GC(38) Heap after GC invocations=39 (full 0): garbage-first heap   total 245760K, used 40441K [0x0000000083000000, 0x0000000100000000)
[2021-01-05T15:24:57.276-0400][gc,heap       ] GC(38)   region size 1024K, 2 young (2048K), 2 survivors (2048K)
[2021-01-05T15:24:57.276-0400][gc,heap       ] GC(38)  Metaspace       used 24247K, capacity 25734K, committed 26112K, reserved 1073152K
[2021-01-05T15:24:57.276-0400][gc,heap       ] GC(38)   class space    used 2617K, capacity 3202K, committed 3328K, reserved 1048576K
[2021-01-05T15:24:57.276-0400][gc            ] GC(38) Pause Young (Mixed) (G1 Evacuation Pause) 48M->39M(240M) 30.669ms
[2021-01-05T15:24:57.276-0400][gc,cpu        ] GC(38) User=0.11s Sys=0.01s Real=0.04s
[2021-01-05T15:25:03.573-0400][gc,heap       ] GC(39) Heap before GC invocations=39 (full 0): garbage-first heap   total 245760K, used 184825K [0x0000000083000000, 0x0000000100000000)
[2021-01-05T15:25:03.573-0400][gc,heap       ] GC(39)   region size 1024K, 144 young (147456K), 2 survivors (2048K)
[2021-01-05T15:25:03.573-0400][gc,heap       ] GC(39)  Metaspace       used 26106K, capacity 27759K, committed 28032K, reserved 1073152K
[2021-01-05T15:25:03.573-0400][gc,heap       ] GC(39)   class space    used 2788K, capacity 3419K, committed 3456K, reserved 1048576K
[2021-01-05T15:25:03.574-0400][gc,start      ] GC(39) Pause Young (Normal) (G1 Evacuation Pause)
[2021-01-05T15:25:03.574-0400][gc,task       ] GC(39) Using 4 workers of 4 for evacuation
[2021-01-05T15:25:03.628-0400][gc,phases     ] GC(39)   Pre Evacuate Collection Set: 0.1ms
[2021-01-05T15:25:03.628-0400][gc,phases     ] GC(39)   Evacuate Collection Set: 49.2ms
[2021-01-05T15:25:03.629-0400][gc,phases     ] GC(39)   Post Evacuate Collection Set: 4.7ms
[2021-01-05T15:25:03.629-0400][gc,phases     ] GC(39)   Other: 1.2ms
[2021-01-05T15:25:03.629-0400][gc,heap       ] GC(39) Eden regions: 142->0(139)
[2021-01-05T15:25:03.629-0400][gc,heap       ] GC(39) Survivor regions: 2->5(18)
[2021-01-05T15:25:03.629-0400][gc,heap       ] GC(39) Old regions: 33->33
[2021-01-05T15:25:03.629-0400][gc,heap       ] GC(39) Humongous regions: 7->7
[2021-01-05T15:25:03.629-0400][gc,metaspace  ] GC(39) Metaspace: 26106K->26106K(1073152K)
[2021-01-05T15:25:03.629-0400][gc,heap       ] GC(39) Heap after GC invocations=40 (full 0): garbage-first heap   total 245760K, used 43584K [0x0000000083000000, 0x0000000100000000)
[2021-01-05T15:25:03.629-0400][gc,heap       ] GC(39)   region size 1024K, 5 young (5120K), 5 survivors (5120K)
[2021-01-05T15:25:03.629-0400][gc,heap       ] GC(39)  Metaspace       used 26106K, capacity 27759K, committed 28032K, reserved 1073152K
[2021-01-05T15:25:03.629-0400][gc,heap       ] GC(39)   class space    used 2788K, capacity 3419K, committed 3456K, reserved 1048576K
[2021-01-05T15:25:03.629-0400][gc            ] GC(39) Pause Young (Normal) (G1 Evacuation Pause) 181M->42M(240M) 55.847ms
[2021-01-05T15:25:03.630-0400][gc,cpu        ] GC(39) User=0.16s Sys=0.03s Real=0.06s
[2021-01-05T15:25:06.790-0400][gc,task       ] GC(40) Using 4 workers of 4 for full compaction
[2021-01-05T15:25:06.791-0400][gc,start      ] GC(40) Pause Full (System.gc())
[2021-01-05T15:25:06.793-0400][gc,heap       ] GC(40) Heap before GC invocations=40 (full 0): garbage-first heap   total 245760K, used 127552K [0x0000000083000000, 0x0000000100000000)
[2021-01-05T15:25:06.793-0400][gc,heap       ] GC(40)   region size 1024K, 89 young (91136K), 5 survivors (5120K)
[2021-01-05T15:25:06.793-0400][gc,heap       ] GC(40)  Metaspace       used 27174K, capacity 28916K, committed 29184K, reserved 1075200K
[2021-01-05T15:25:06.793-0400][gc,heap       ] GC(40)   class space    used 2907K, capacity 3569K, committed 3584K, reserved 1048576K
[2021-01-05T15:25:06.795-0400][gc,phases,start] GC(40) Phase 1: Mark live objects
[2021-01-05T15:25:06.923-0400][gc,stringtable ] GC(40) Cleaned string and symbol table, strings: 16047 processed, 373 removed, symbols: 70409 processed, 29 removed
[2021-01-05T15:25:06.923-0400][gc,phases      ] GC(40) Phase 1: Mark live objects 128.065ms
[2021-01-05T15:25:06.923-0400][gc,phases,start] GC(40) Phase 2: Prepare for compaction
[2021-01-05T15:25:06.948-0400][gc,phases      ] GC(40) Phase 2: Prepare for compaction 24.638ms
[2021-01-05T15:25:06.948-0400][gc,phases,start] GC(40) Phase 3: Adjust pointers
[2021-01-05T15:25:07.017-0400][gc,phases      ] GC(40) Phase 3: Adjust pointers 69.210ms
[2021-01-05T15:25:07.017-0400][gc,phases,start] GC(40) Phase 4: Compact heap
[2021-01-05T15:25:07.059-0400][gc,phases      ] GC(40) Phase 4: Compact heap 41.944ms
[2021-01-05T15:25:07.086-0400][gc,heap        ] GC(40) Eden regions: 84->0(6)
[2021-01-05T15:25:07.086-0400][gc,heap        ] GC(40) Survivor regions: 5->0(18)
[2021-01-05T15:25:07.086-0400][gc,heap        ] GC(40) Old regions: 33->27
[2021-01-05T15:25:07.086-0400][gc,heap        ] GC(40) Humongous regions: 7->4
[2021-01-05T15:25:07.086-0400][gc,metaspace   ] GC(40) Metaspace: 27174K->27124K(1075200K)
[2021-01-05T15:25:07.086-0400][gc,heap        ] GC(40) Heap after GC invocations=41 (full 1): garbage-first heap   total 46080K, used 26941K [0x0000000083000000, 0x0000000100000000)
[2021-01-05T15:25:07.086-0400][gc,heap        ] GC(40)   region size 1024K, 0 young (0K), 0 survivors (0K)
[2021-01-05T15:25:07.086-0400][gc,heap        ] GC(40)  Metaspace       used 27124K, capacity 28841K, committed 29184K, reserved 1075200K
[2021-01-05T15:25:07.086-0400][gc,heap        ] GC(40)   class space    used 2900K, capacity 3556K, committed 3584K, reserved 1048576K
[2021-01-05T15:25:07.087-0400][gc             ] GC(40) Pause Full (System.gc()) 125M->26M(45M) 295.972ms
[2021-01-05T15:25:07.087-0400][gc,cpu         ] GC(40) User=0.83s Sys=0.03s Real=0.30s
[2021-01-05T15:25:07.708-0400][gc,heap        ] GC(41) Heap before GC invocations=41 (full 1): garbage-first heap   total 46080K, used 33085K [0x0000000083000000, 0x0000000100000000)
[2021-01-05T15:25:07.708-0400][gc,heap        ] GC(41)   region size 1024K, 6 young (6144K), 0 survivors (0K)
[2021-01-05T15:25:07.708-0400][gc,heap        ] GC(41)  Metaspace       used 27419K, capacity 29162K, committed 29568K, reserved 1075200K
[2021-01-05T15:25:07.708-0400][gc,heap        ] GC(41)   class space    used 2946K, capacity 3626K, committed 3712K, reserved 1048576K
[2021-01-05T15:25:07.709-0400][gc,start       ] GC(41) Pause Young (Concurrent Start) (G1 Evacuation Pause)
[2021-01-05T15:25:07.709-0400][gc,task        ] GC(41) Using 4 workers of 4 for evacuation
[2021-01-05T15:25:07.739-0400][gc,phases      ] GC(41)   Pre Evacuate Collection Set: 0.3ms
[2021-01-05T15:25:07.739-0400][gc,phases      ] GC(41)   Evacuate Collection Set: 24.3ms
[2021-01-05T15:25:07.739-0400][gc,phases      ] GC(41)   Post Evacuate Collection Set: 5.2ms
[2021-01-05T15:25:07.739-0400][gc,phases      ] GC(41)   Other: 1.0ms
[2021-01-05T15:25:07.739-0400][gc,heap        ] GC(41) Eden regions: 6->0(13)
[2021-01-05T15:25:07.739-0400][gc,heap        ] GC(41) Survivor regions: 0->1(1)
[2021-01-05T15:25:07.739-0400][gc,heap        ] GC(41) Old regions: 27->27
[2021-01-05T15:25:07.739-0400][gc,heap        ] GC(41) Humongous regions: 4->4
[2021-01-05T15:25:07.740-0400][gc,metaspace   ] GC(41) Metaspace: 27419K->27419K(1075200K)
[2021-01-05T15:25:07.740-0400][gc,heap        ] GC(41) Heap after GC invocations=42 (full 1): garbage-first heap   total 55296K, used 27660K [0x0000000083000000, 0x0000000100000000)
[2021-01-05T15:25:07.740-0400][gc,heap        ] GC(41)   region size 1024K, 1 young (1024K), 1 survivors (1024K)
[2021-01-05T15:25:07.740-0400][gc,heap        ] GC(41)  Metaspace       used 27419K, capacity 29162K, committed 29568K, reserved 1075200K
[2021-01-05T15:25:07.740-0400][gc,heap        ] GC(41)   class space    used 2946K, capacity 3626K, committed 3712K, reserved 1048576K
[2021-01-05T15:25:07.740-0400][gc             ] GC(41) Pause Young (Concurrent Start) (G1 Evacuation Pause) 32M->27M(54M) 31.355ms
[2021-01-05T15:25:07.740-0400][gc,cpu         ] GC(41) User=0.08s Sys=0.00s Real=0.03s
[2021-01-05T15:25:07.741-0400][gc             ] GC(42) Concurrent Cycle
[2021-01-05T15:25:07.741-0400][gc,marking     ] GC(42) Concurrent Clear Claimed Marks
[2021-01-05T15:25:07.741-0400][gc,marking     ] GC(42) Concurrent Clear Claimed Marks 0.328ms
[2021-01-05T15:25:07.741-0400][gc,marking     ] GC(42) Concurrent Scan Root Regions
[2021-01-05T15:25:07.744-0400][gc,marking     ] GC(42) Concurrent Scan Root Regions 2.256ms
[2021-01-05T15:25:07.744-0400][gc,marking     ] GC(42) Concurrent Mark (46.363s)
[2021-01-05T15:25:07.744-0400][gc,marking     ] GC(42) Concurrent Mark From Roots
[2021-01-05T15:25:07.744-0400][gc,task        ] GC(42) Using 1 workers of 1 for marking
[2021-01-05T15:25:08.153-0400][gc,marking     ] GC(42) Concurrent Mark From Roots 409.118ms
[2021-01-05T15:25:08.153-0400][gc,marking     ] GC(42) Concurrent Preclean
[2021-01-05T15:25:08.154-0400][gc,marking     ] GC(42) Concurrent Preclean 0.467ms
[2021-01-05T15:25:08.154-0400][gc,marking     ] GC(42) Concurrent Mark (46.363s, 46.773s) 410.217ms
[2021-01-05T15:25:08.156-0400][gc,start       ] GC(42) Pause Remark
[2021-01-05T15:25:08.179-0400][gc,stringtable ] GC(42) Cleaned string and symbol table, strings: 15864 processed, 0 removed, symbols: 71767 processed, 29 removed
[2021-01-05T15:25:08.180-0400][gc             ] GC(42) Pause Remark 33M->33M(54M) 24.016ms
[2021-01-05T15:25:08.180-0400][gc,cpu         ] GC(42) User=0.09s Sys=0.00s Real=0.02s
[2021-01-05T15:25:08.181-0400][gc,marking     ] GC(42) Concurrent Rebuild Remembered Sets
[2021-01-05T15:25:08.328-0400][gc,marking     ] GC(42) Concurrent Rebuild Remembered Sets 146.855ms
[2021-01-05T15:25:08.328-0400][gc,start       ] GC(42) Pause Cleanup
[2021-01-05T15:25:08.329-0400][gc             ] GC(42) Pause Cleanup 33M->33M(54M) 0.495ms
[2021-01-05T15:25:08.329-0400][gc,cpu         ] GC(42) User=0.00s Sys=0.00s Real=0.00s
[2021-01-05T15:25:08.329-0400][gc,marking     ] GC(42) Concurrent Cleanup for Next Mark
[2021-01-05T15:25:08.330-0400][gc,marking     ] GC(42) Concurrent Cleanup for Next Mark 1.044ms
[2021-01-05T15:25:08.331-0400][gc             ] GC(42) Concurrent Cycle 589.804ms
[2021-01-05T15:25:09.192-0400][gc,heap        ] GC(43) Heap before GC invocations=43 (full 1): garbage-first heap   total 55296K, used 40972K [0x0000000083000000, 0x0000000100000000)
[2021-01-05T15:25:09.192-0400][gc,heap        ] GC(43)   region size 1024K, 14 young (14336K), 1 survivors (1024K)
[2021-01-05T15:25:09.192-0400][gc,heap        ] GC(43)  Metaspace       used 28875K, capacity 30908K, committed 31104K, reserved 1077248K
[2021-01-05T15:25:09.192-0400][gc,heap        ] GC(43)   class space    used 3146K, capacity 3884K, committed 3968K, reserved 1048576K
[2021-01-05T15:25:09.192-0400][gc,start       ] GC(43) Pause Young (Prepare Mixed) (G1 Evacuation Pause)
[2021-01-05T15:25:09.192-0400][gc,task        ] GC(43) Using 4 workers of 4 for evacuation
[2021-01-05T15:25:09.205-0400][gc,phases      ] GC(43)   Pre Evacuate Collection Set: 0.0ms
[2021-01-05T15:25:09.205-0400][gc,phases      ] GC(43)   Evacuate Collection Set: 11.1ms
[2021-01-05T15:25:09.205-0400][gc,phases      ] GC(43)   Post Evacuate Collection Set: 1.6ms
[2021-01-05T15:25:09.205-0400][gc,phases      ] GC(43)   Other: 0.7ms
[2021-01-05T15:25:09.205-0400][gc,heap        ] GC(43) Eden regions: 13->0(1)
[2021-01-05T15:25:09.205-0400][gc,heap        ] GC(43) Survivor regions: 1->1(2)
[2021-01-05T15:25:09.205-0400][gc,heap        ] GC(43) Old regions: 27->27
[2021-01-05T15:25:09.205-0400][gc,heap        ] GC(43) Humongous regions: 4->4
[2021-01-05T15:25:09.205-0400][gc,metaspace   ] GC(43) Metaspace: 28875K->28875K(1077248K)
[2021-01-05T15:25:09.206-0400][gc,heap        ] GC(43) Heap after GC invocations=44 (full 1): garbage-first heap   total 55296K, used 27846K [0x0000000083000000, 0x0000000100000000)
[2021-01-05T15:25:09.206-0400][gc,heap        ] GC(43)   region size 1024K, 1 young (1024K), 1 survivors (1024K)
[2021-01-05T15:25:09.206-0400][gc,heap        ] GC(43)  Metaspace       used 28875K, capacity 30908K, committed 31104K, reserved 1077248K
[2021-01-05T15:25:09.206-0400][gc,heap        ] GC(43)   class space    used 3146K, capacity 3884K, committed 3968K, reserved 1048576K
[2021-01-05T15:25:09.206-0400][gc             ] GC(43) Pause Young (Prepare Mixed) (G1 Evacuation Pause) 40M->27M(54M) 13.911ms
[2021-01-05T15:25:09.206-0400][gc,cpu         ] GC(43) User=0.04s Sys=0.01s Real=0.02s
[2021-01-05T15:25:09.499-0400][gc,heap        ] GC(44) Heap before GC invocations=44 (full 1): garbage-first heap   total 55296K, used 28870K [0x0000000083000000, 0x0000000100000000)
[2021-01-05T15:25:09.499-0400][gc,heap        ] GC(44)   region size 1024K, 2 young (2048K), 1 survivors (1024K)
[2021-01-05T15:25:09.499-0400][gc,heap        ] GC(44)  Metaspace       used 28908K, capacity 30913K, committed 31104K, reserved 1077248K
[2021-01-05T15:25:09.499-0400][gc,heap        ] GC(44)   class space    used 3151K, capacity 3886K, committed 3968K, reserved 1048576K
[2021-01-05T15:25:09.500-0400][gc,start       ] GC(44) Pause Young (Mixed) (G1 Evacuation Pause)
[2021-01-05T15:25:09.500-0400][gc,task        ] GC(44) Using 4 workers of 4 for evacuation
[2021-01-05T15:25:09.513-0400][gc,phases      ] GC(44)   Pre Evacuate Collection Set: 0.1ms
[2021-01-05T15:25:09.513-0400][gc,phases      ] GC(44)   Evacuate Collection Set: 10.7ms
[2021-01-05T15:25:09.513-0400][gc,phases      ] GC(44)   Post Evacuate Collection Set: 1.6ms
[2021-01-05T15:25:09.513-0400][gc,phases      ] GC(44)   Other: 0.9ms
[2021-01-05T15:25:09.513-0400][gc,heap        ] GC(44) Eden regions: 1->0(12)
[2021-01-05T15:25:09.513-0400][gc,heap        ] GC(44) Survivor regions: 1->1(1)
[2021-01-05T15:25:09.513-0400][gc,heap        ] GC(44) Old regions: 27->27
[2021-01-05T15:25:09.513-0400][gc,heap        ] GC(44) Humongous regions: 4->4
[2021-01-05T15:25:09.513-0400][gc,metaspace   ] GC(44) Metaspace: 28908K->28908K(1077248K)
[2021-01-05T15:25:09.513-0400][gc,heap        ] GC(44) Heap after GC invocations=45 (full 1): garbage-first heap   total 55296K, used 27991K [0x0000000083000000, 0x0000000100000000)
[2021-01-05T15:25:09.513-0400][gc,heap        ] GC(44)   region size 1024K, 1 young (1024K), 1 survivors (1024K)
[2021-01-05T15:25:09.513-0400][gc,heap        ] GC(44)  Metaspace       used 28908K, capacity 30913K, committed 31104K, reserved 1077248K
[2021-01-05T15:25:09.513-0400][gc,heap        ] GC(44)   class space    used 3151K, capacity 3886K, committed 3968K, reserved 1048576K
[2021-01-05T15:25:09.513-0400][gc             ] GC(44) Pause Young (Mixed) (G1 Evacuation Pause) 28M->27M(54M) 13.718ms
[2021-01-05T15:25:09.513-0400][gc,cpu         ] GC(44) User=0.05s Sys=0.00s Real=0.01s
[2021-01-05T15:25:12.894-0400][gc,heap        ] GC(45) Heap before GC invocations=45 (full 1): garbage-first heap   total 55296K, used 40279K [0x0000000083000000, 0x0000000100000000)
[2021-01-05T15:25:12.894-0400][gc,heap        ] GC(45)   region size 1024K, 13 young (13312K), 1 survivors (1024K)
[2021-01-05T15:25:12.894-0400][gc,heap        ] GC(45)  Metaspace       used 29734K, capacity 31909K, committed 32128K, reserved 1077248K
[2021-01-05T15:25:12.894-0400][gc,heap        ] GC(45)   class space    used 3311K, capacity 4149K, committed 4224K, reserved 1048576K
[2021-01-05T15:25:12.894-0400][gc,start       ] GC(45) Pause Young (Concurrent Start) (G1 Evacuation Pause)
[2021-01-05T15:25:12.894-0400][gc,task        ] GC(45) Using 4 workers of 4 for evacuation
[2021-01-05T15:25:12.905-0400][gc,phases      ] GC(45)   Pre Evacuate Collection Set: 0.3ms
[2021-01-05T15:25:12.905-0400][gc,phases      ] GC(45)   Evacuate Collection Set: 7.5ms
[2021-01-05T15:25:12.905-0400][gc,phases      ] GC(45)   Post Evacuate Collection Set: 1.8ms
[2021-01-05T15:25:12.905-0400][gc,phases      ] GC(45)   Other: 0.9ms
[2021-01-05T15:25:12.905-0400][gc,heap        ] GC(45) Eden regions: 12->0(12)
[2021-01-05T15:25:12.905-0400][gc,heap        ] GC(45) Survivor regions: 1->1(2)
[2021-01-05T15:25:12.905-0400][gc,heap        ] GC(45) Old regions: 27->27
[2021-01-05T15:25:12.905-0400][gc,heap        ] GC(45) Humongous regions: 4->4
[2021-01-05T15:25:12.905-0400][gc,metaspace   ] GC(45) Metaspace: 29734K->29734K(1077248K)
[2021-01-05T15:25:12.905-0400][gc,heap        ] GC(45) Heap after GC invocations=46 (full 1): garbage-first heap   total 55296K, used 28467K [0x0000000083000000, 0x0000000100000000)
[2021-01-05T15:25:12.905-0400][gc,heap        ] GC(45)   region size 1024K, 1 young (1024K), 1 survivors (1024K)
[2021-01-05T15:25:12.905-0400][gc,heap        ] GC(45)  Metaspace       used 29734K, capacity 31909K, committed 32128K, reserved 1077248K
[2021-01-05T15:25:12.905-0400][gc,heap        ] GC(45)   class space    used 3311K, capacity 4149K, committed 4224K, reserved 1048576K
[2021-01-05T15:25:12.905-0400][gc             ] GC(45) Pause Young (Concurrent Start) (G1 Evacuation Pause) 39M->27M(54M) 10.999ms
[2021-01-05T15:25:12.905-0400][gc,cpu         ] GC(45) User=0.03s Sys=0.01s Real=0.01s
[2021-01-05T15:25:12.906-0400][gc             ] GC(46) Concurrent Cycle
[2021-01-05T15:25:12.906-0400][gc,marking     ] GC(46) Concurrent Clear Claimed Marks
[2021-01-05T15:25:12.907-0400][gc,marking     ] GC(46) Concurrent Clear Claimed Marks 0.880ms
[2021-01-05T15:25:12.907-0400][gc,marking     ] GC(46) Concurrent Scan Root Regions
[2021-01-05T15:25:12.912-0400][gc,marking     ] GC(46) Concurrent Scan Root Regions 4.975ms
[2021-01-05T15:25:12.912-0400][gc,marking     ] GC(46) Concurrent Mark (51.531s)
[2021-01-05T15:25:12.912-0400][gc,marking     ] GC(46) Concurrent Mark From Roots
[2021-01-05T15:25:12.912-0400][gc,task        ] GC(46) Using 1 workers of 1 for marking
[2021-01-05T15:25:13.260-0400][gc,marking     ] GC(46) Concurrent Mark From Roots 347.791ms
[2021-01-05T15:25:13.260-0400][gc,marking     ] GC(46) Concurrent Preclean
[2021-01-05T15:25:13.260-0400][gc,marking     ] GC(46) Concurrent Preclean 0.383ms
[2021-01-05T15:25:13.261-0400][gc,marking     ] GC(46) Concurrent Mark (51.531s, 51.879s) 348.538ms
[2021-01-05T15:25:13.262-0400][gc,start       ] GC(46) Pause Remark
[2021-01-05T15:25:13.295-0400][gc,stringtable ] GC(46) Cleaned string and symbol table, strings: 16636 processed, 1 removed, symbols: 74413 processed, 3 removed
[2021-01-05T15:25:13.295-0400][gc             ] GC(46) Pause Remark 30M->30M(54M) 32.991ms
[2021-01-05T15:25:13.296-0400][gc,cpu         ] GC(46) User=0.12s Sys=0.00s Real=0.03s
[2021-01-05T15:25:13.296-0400][gc,marking     ] GC(46) Concurrent Rebuild Remembered Sets
[2021-01-05T15:25:13.509-0400][gc,marking     ] GC(46) Concurrent Rebuild Remembered Sets 213.054ms
[2021-01-05T15:25:13.510-0400][gc,start       ] GC(46) Pause Cleanup
[2021-01-05T15:25:13.510-0400][gc             ] GC(46) Pause Cleanup 31M->31M(54M) 0.593ms
[2021-01-05T15:25:13.511-0400][gc,cpu         ] GC(46) User=0.00s Sys=0.00s Real=0.00s
[2021-01-05T15:25:13.511-0400][gc,marking     ] GC(46) Concurrent Cleanup for Next Mark
[2021-01-05T15:25:13.512-0400][gc,marking     ] GC(46) Concurrent Cleanup for Next Mark 1.549ms
[2021-01-05T15:25:13.513-0400][gc             ] GC(46) Concurrent Cycle 606.947ms
[2021-01-05T15:25:15.887-0400][gc,heap        ] GC(47) Heap before GC invocations=47 (full 1): garbage-first heap   total 55296K, used 40755K [0x0000000083000000, 0x0000000100000000)
[2021-01-05T15:25:15.887-0400][gc,heap        ] GC(47)   region size 1024K, 13 young (13312K), 1 survivors (1024K)
[2021-01-05T15:25:15.887-0400][gc,heap        ] GC(47)  Metaspace       used 30530K, capacity 32757K, committed 32896K, reserved 1077248K
[2021-01-05T15:25:15.887-0400][gc,heap        ] GC(47)   class space    used 3385K, capacity 4209K, committed 4224K, reserved 1048576K
[2021-01-05T15:25:15.888-0400][gc,start       ] GC(47) Pause Young (Normal) (G1 Evacuation Pause)
[2021-01-05T15:25:15.888-0400][gc,task        ] GC(47) Using 4 workers of 4 for evacuation
[2021-01-05T15:25:15.905-0400][gc,phases      ] GC(47)   Pre Evacuate Collection Set: 0.1ms
[2021-01-05T15:25:15.905-0400][gc,phases      ] GC(47)   Evacuate Collection Set: 11.7ms
[2021-01-05T15:25:15.905-0400][gc,phases      ] GC(47)   Post Evacuate Collection Set: 4.9ms
[2021-01-05T15:25:15.905-0400][gc,phases      ] GC(47)   Other: 1.2ms
[2021-01-05T15:25:15.905-0400][gc,heap        ] GC(47) Eden regions: 12->0(12)
[2021-01-05T15:25:15.906-0400][gc,heap        ] GC(47) Survivor regions: 1->2(2)
[2021-01-05T15:25:15.906-0400][gc,heap        ] GC(47) Old regions: 27->27
[2021-01-05T15:25:15.906-0400][gc,heap        ] GC(47) Humongous regions: 4->4
[2021-01-05T15:25:15.906-0400][gc,metaspace   ] GC(47) Metaspace: 30530K->30530K(1077248K)
[2021-01-05T15:25:15.906-0400][gc,heap        ] GC(47) Heap after GC invocations=48 (full 1): garbage-first heap   total 55296K, used 28887K [0x0000000083000000, 0x0000000100000000)
[2021-01-05T15:25:15.906-0400][gc,heap        ] GC(47)   region size 1024K, 2 young (2048K), 2 survivors (2048K)
[2021-01-05T15:25:15.906-0400][gc,heap        ] GC(47)  Metaspace       used 30530K, capacity 32757K, committed 32896K, reserved 1077248K
[2021-01-05T15:25:15.906-0400][gc,heap        ] GC(47)   class space    used 3385K, capacity 4209K, committed 4224K, reserved 1048576K
[2021-01-05T15:25:15.906-0400][gc             ] GC(47) Pause Young (Normal) (G1 Evacuation Pause) 39M->28M(54M) 18.584ms
[2021-01-05T15:25:15.906-0400][gc,cpu         ] GC(47) User=0.05s Sys=0.00s Real=0.02s
[2021-01-05T15:25:17.039-0400][gc,heap        ] GC(48) Heap before GC invocations=48 (full 1): garbage-first heap   total 55296K, used 40151K [0x0000000083000000, 0x0000000100000000)
[2021-01-05T15:25:17.039-0400][gc,heap        ] GC(48)   region size 1024K, 14 young (14336K), 2 survivors (2048K)
[2021-01-05T15:25:17.039-0400][gc,heap        ] GC(48)  Metaspace       used 31901K, capacity 34158K, committed 34432K, reserved 1079296K
[2021-01-05T15:25:17.039-0400][gc,heap        ] GC(48)   class space    used 3536K, capacity 4372K, committed 4480K, reserved 1048576K
[2021-01-05T15:25:17.040-0400][gc,start       ] GC(48) Pause Young (Concurrent Start) (G1 Evacuation Pause)
[2021-01-05T15:25:17.040-0400][gc,task        ] GC(48) Using 4 workers of 4 for evacuation
[2021-01-05T15:25:17.065-0400][gc,phases      ] GC(48)   Pre Evacuate Collection Set: 0.3ms
[2021-01-05T15:25:17.065-0400][gc,phases      ] GC(48)   Evacuate Collection Set: 22.8ms
[2021-01-05T15:25:17.065-0400][gc,phases      ] GC(48)   Post Evacuate Collection Set: 1.3ms
[2021-01-05T15:25:17.065-0400][gc,phases      ] GC(48)   Other: 1.5ms
[2021-01-05T15:25:17.065-0400][gc,heap        ] GC(48) Eden regions: 12->0(11)
[2021-01-05T15:25:17.065-0400][gc,heap        ] GC(48) Survivor regions: 2->2(2)
[2021-01-05T15:25:17.065-0400][gc,heap        ] GC(48) Old regions: 27->28
[2021-01-05T15:25:17.065-0400][gc,heap        ] GC(48) Humongous regions: 4->4
[2021-01-05T15:25:17.065-0400][gc,metaspace   ] GC(48) Metaspace: 31901K->31901K(1079296K)
[2021-01-05T15:25:17.065-0400][gc,heap        ] GC(48) Heap after GC invocations=49 (full 1): garbage-first heap   total 55296K, used 30287K [0x0000000083000000, 0x0000000100000000)
[2021-01-05T15:25:17.065-0400][gc,heap        ] GC(48)   region size 1024K, 2 young (2048K), 2 survivors (2048K)
[2021-01-05T15:25:17.065-0400][gc,heap        ] GC(48)  Metaspace       used 31901K, capacity 34158K, committed 34432K, reserved 1079296K
[2021-01-05T15:25:17.066-0400][gc,heap        ] GC(48)   class space    used 3536K, capacity 4372K, committed 4480K, reserved 1048576K
[2021-01-05T15:25:17.066-0400][gc             ] GC(48) Pause Young (Concurrent Start) (G1 Evacuation Pause) 40M->29M(54M) 26.049ms
[2021-01-05T15:25:17.066-0400][gc,cpu         ] GC(48) User=0.08s Sys=0.00s Real=0.03s
[2021-01-05T15:25:17.066-0400][gc             ] GC(49) Concurrent Cycle
[2021-01-05T15:25:17.066-0400][gc,marking     ] GC(49) Concurrent Clear Claimed Marks
[2021-01-05T15:25:17.067-0400][gc,marking     ] GC(49) Concurrent Clear Claimed Marks 0.364ms
[2021-01-05T15:25:17.067-0400][gc,marking     ] GC(49) Concurrent Scan Root Regions
[2021-01-05T15:25:17.076-0400][gc,marking     ] GC(49) Concurrent Scan Root Regions 9.127ms
[2021-01-05T15:25:17.076-0400][gc,marking     ] GC(49) Concurrent Mark (55.695s)
[2021-01-05T15:25:17.076-0400][gc,marking     ] GC(49) Concurrent Mark From Roots
[2021-01-05T15:25:17.076-0400][gc,task        ] GC(49) Using 1 workers of 1 for marking
[2021-01-05T15:25:17.568-0400][gc,marking     ] GC(49) Concurrent Mark From Roots 491.703ms
[2021-01-05T15:25:17.568-0400][gc,marking     ] GC(49) Concurrent Preclean
[2021-01-05T15:25:17.568-0400][gc,marking     ] GC(49) Concurrent Preclean 0.404ms
[2021-01-05T15:25:17.569-0400][gc,marking     ] GC(49) Concurrent Mark (55.695s, 56.187s) 492.426ms
[2021-01-05T15:25:17.570-0400][gc,start       ] GC(49) Pause Remark
[2021-01-05T15:25:17.610-0400][gc,stringtable ] GC(49) Cleaned string and symbol table, strings: 18686 processed, 0 removed, symbols: 79767 processed, 4 removed
[2021-01-05T15:25:17.611-0400][gc             ] GC(49) Pause Remark 36M->36M(54M) 40.909ms
[2021-01-05T15:25:17.611-0400][gc,cpu         ] GC(49) User=0.13s Sys=0.00s Real=0.04s
[2021-01-05T15:25:17.611-0400][gc,marking     ] GC(49) Concurrent Rebuild Remembered Sets
[2021-01-05T15:25:17.968-0400][gc,heap        ] GC(50) Heap before GC invocations=49 (full 1): garbage-first heap   total 55296K, used 40527K [0x0000000083000000, 0x0000000100000000)
[2021-01-05T15:25:17.969-0400][gc,heap        ] GC(50)   region size 1024K, 13 young (13312K), 2 survivors (2048K)
[2021-01-05T15:25:17.969-0400][gc,heap        ] GC(50)  Metaspace       used 32693K, capacity 34951K, committed 35200K, reserved 1079296K
[2021-01-05T15:25:17.969-0400][gc,heap        ] GC(50)   class space    used 3605K, capacity 4439K, committed 4480K, reserved 1048576K
[2021-01-05T15:25:17.969-0400][gc,start       ] GC(50) Pause Young (Normal) (G1 Evacuation Pause)
[2021-01-05T15:25:17.969-0400][gc,task        ] GC(50) Using 4 workers of 4 for evacuation
[2021-01-05T15:25:17.999-0400][gc,phases      ] GC(50)   Pre Evacuate Collection Set: 0.1ms
[2021-01-05T15:25:17.999-0400][gc,phases      ] GC(50)   Evacuate Collection Set: 27.8ms
[2021-01-05T15:25:17.999-0400][gc,phases      ] GC(50)   Post Evacuate Collection Set: 1.7ms
[2021-01-05T15:25:17.999-0400][gc,phases      ] GC(50)   Other: 1.4ms
[2021-01-05T15:25:18.000-0400][gc,heap        ] GC(50) Eden regions: 11->0(9)
[2021-01-05T15:25:18.000-0400][gc,heap        ] GC(50) Survivor regions: 2->2(2)
[2021-01-05T15:25:18.000-0400][gc,heap        ] GC(50) Old regions: 28->30
[2021-01-05T15:25:18.000-0400][gc,heap        ] GC(50) Humongous regions: 4->4
[2021-01-05T15:25:18.000-0400][gc,metaspace   ] GC(50) Metaspace: 32693K->32693K(1079296K)
[2021-01-05T15:25:18.000-0400][gc,heap        ] GC(50) Heap after GC invocations=50 (full 1): garbage-first heap   total 55296K, used 31331K [0x0000000083000000, 0x0000000100000000)
[2021-01-05T15:25:18.000-0400][gc,heap        ] GC(50)   region size 1024K, 2 young (2048K), 2 survivors (2048K)
[2021-01-05T15:25:18.000-0400][gc,heap        ] GC(50)  Metaspace       used 32693K, capacity 34951K, committed 35200K, reserved 1079296K
[2021-01-05T15:25:18.000-0400][gc,heap        ] GC(50)   class space    used 3605K, capacity 4439K, committed 4480K, reserved 1048576K
[2021-01-05T15:25:18.000-0400][gc             ] GC(50) Pause Young (Normal) (G1 Evacuation Pause) 40M->30M(54M) 30.958ms
[2021-01-05T15:25:18.000-0400][gc,cpu         ] GC(50) User=0.09s Sys=0.01s Real=0.03s
[2021-01-05T15:25:18.082-0400][gc,marking     ] GC(49) Concurrent Rebuild Remembered Sets 470.705ms
[2021-01-05T15:25:18.084-0400][gc,start       ] GC(49) Pause Cleanup
[2021-01-05T15:25:18.084-0400][gc             ] GC(49) Pause Cleanup 31M->31M(54M) 0.542ms
[2021-01-05T15:25:18.084-0400][gc,cpu         ] GC(49) User=0.01s Sys=0.00s Real=0.00s
[2021-01-05T15:25:18.084-0400][gc,marking     ] GC(49) Concurrent Cleanup for Next Mark
[2021-01-05T15:25:18.086-0400][gc,marking     ] GC(49) Concurrent Cleanup for Next Mark 1.276ms
[2021-01-05T15:25:18.086-0400][gc             ] GC(49) Concurrent Cycle 1020.253ms
[2021-01-05T15:25:19.028-0400][gc,heap        ] GC(51) Heap before GC invocations=51 (full 1): garbage-first heap   total 55296K, used 39523K [0x0000000083000000, 0x0000000100000000)
[2021-01-05T15:25:19.028-0400][gc,heap        ] GC(51)   region size 1024K, 11 young (11264K), 2 survivors (2048K)
[2021-01-05T15:25:19.028-0400][gc,heap        ] GC(51)  Metaspace       used 34757K, capacity 37154K, committed 37376K, reserved 1081344K
[2021-01-05T15:25:19.028-0400][gc,heap        ] GC(51)   class space    used 3909K, capacity 4816K, committed 4864K, reserved 1048576K
[2021-01-05T15:25:19.028-0400][gc,start       ] GC(51) Pause Young (Normal) (G1 Evacuation Pause)
[2021-01-05T15:25:19.028-0400][gc,task        ] GC(51) Using 4 workers of 4 for evacuation
[2021-01-05T15:25:19.043-0400][gc,phases      ] GC(51)   Pre Evacuate Collection Set: 0.0ms
[2021-01-05T15:25:19.043-0400][gc,phases      ] GC(51)   Evacuate Collection Set: 12.5ms
[2021-01-05T15:25:19.043-0400][gc,phases      ] GC(51)   Post Evacuate Collection Set: 1.5ms
[2021-01-05T15:25:19.043-0400][gc,phases      ] GC(51)   Other: 0.8ms
[2021-01-05T15:25:19.043-0400][gc,heap        ] GC(51) Eden regions: 9->0(9)
[2021-01-05T15:25:19.043-0400][gc,heap        ] GC(51) Survivor regions: 2->1(2)
[2021-01-05T15:25:19.043-0400][gc,heap        ] GC(51) Old regions: 30->31
[2021-01-05T15:25:19.043-0400][gc,heap        ] GC(51) Humongous regions: 4->4
[2021-01-05T15:25:19.043-0400][gc,metaspace   ] GC(51) Metaspace: 34757K->34757K(1081344K)
[2021-01-05T15:25:19.043-0400][gc,heap        ] GC(51) Heap after GC invocations=52 (full 1): garbage-first heap   total 55296K, used 31937K [0x0000000083000000, 0x0000000100000000)
[2021-01-05T15:25:19.043-0400][gc,heap        ] GC(51)   region size 1024K, 1 young (1024K), 1 survivors (1024K)
[2021-01-05T15:25:19.043-0400][gc,heap        ] GC(51)  Metaspace       used 34757K, capacity 37154K, committed 37376K, reserved 1081344K
[2021-01-05T15:25:19.043-0400][gc,heap        ] GC(51)   class space    used 3909K, capacity 4816K, committed 4864K, reserved 1048576K
[2021-01-05T15:25:19.043-0400][gc             ] GC(51) Pause Young (Normal) (G1 Evacuation Pause) 39M->31M(54M) 15.362ms
[2021-01-05T15:25:19.044-0400][gc,cpu         ] GC(51) User=0.04s Sys=0.00s Real=0.01s
[2021-01-05T15:25:20.435-0400][gc,heap        ] GC(52) Heap before GC invocations=52 (full 1): garbage-first heap   total 55296K, used 40129K [0x0000000083000000, 0x0000000100000000)
[2021-01-05T15:25:20.436-0400][gc,heap        ] GC(52)   region size 1024K, 10 young (10240K), 1 survivors (1024K)
[2021-01-05T15:25:20.436-0400][gc,heap        ] GC(52)  Metaspace       used 35005K, capacity 37383K, committed 37632K, reserved 1081344K
[2021-01-05T15:25:20.436-0400][gc,heap        ] GC(52)   class space    used 3935K, capacity 4848K, committed 4864K, reserved 1048576K
[2021-01-05T15:25:20.436-0400][gc,start       ] GC(52) Pause Young (Concurrent Start) (G1 Evacuation Pause)
[2021-01-05T15:25:20.436-0400][gc,task        ] GC(52) Using 4 workers of 4 for evacuation
[2021-01-05T15:25:20.456-0400][gc,phases      ] GC(52)   Pre Evacuate Collection Set: 1.3ms
[2021-01-05T15:25:20.456-0400][gc,phases      ] GC(52)   Evacuate Collection Set: 15.1ms
[2021-01-05T15:25:20.456-0400][gc,phases      ] GC(52)   Post Evacuate Collection Set: 2.2ms
[2021-01-05T15:25:20.456-0400][gc,phases      ] GC(52)   Other: 1.1ms
[2021-01-05T15:25:20.456-0400][gc,heap        ] GC(52) Eden regions: 9->0(9)
[2021-01-05T15:25:20.456-0400][gc,heap        ] GC(52) Survivor regions: 1->1(2)
[2021-01-05T15:25:20.456-0400][gc,heap        ] GC(52) Old regions: 31->31
[2021-01-05T15:25:20.456-0400][gc,heap        ] GC(52) Humongous regions: 4->4
[2021-01-05T15:25:20.457-0400][gc,metaspace   ] GC(52) Metaspace: 35005K->35005K(1081344K)
[2021-01-05T15:25:20.457-0400][gc,heap        ] GC(52) Heap after GC invocations=53 (full 1): garbage-first heap   total 55296K, used 31941K [0x0000000083000000, 0x0000000100000000)
[2021-01-05T15:25:20.457-0400][gc,heap        ] GC(52)   region size 1024K, 1 young (1024K), 1 survivors (1024K)
[2021-01-05T15:25:20.458-0400][gc,heap        ] GC(52)  Metaspace       used 35005K, capacity 37383K, committed 37632K, reserved 1081344K
[2021-01-05T15:25:20.458-0400][gc,heap        ] GC(52)   class space    used 3935K, capacity 4848K, committed 4864K, reserved 1048576K
[2021-01-05T15:25:20.458-0400][gc             ] GC(52) Pause Young (Concurrent Start) (G1 Evacuation Pause) 40M->31M(54M) 21.795ms
[2021-01-05T15:25:20.460-0400][gc,cpu         ] GC(52) User=0.07s Sys=0.00s Real=0.02s
[2021-01-05T15:25:20.460-0400][gc             ] GC(53) Concurrent Cycle
[2021-01-05T15:25:20.461-0400][gc,marking     ] GC(53) Concurrent Clear Claimed Marks
[2021-01-05T15:25:20.462-0400][gc,marking     ] GC(53) Concurrent Clear Claimed Marks 1.580ms
[2021-01-05T15:25:20.462-0400][gc,marking     ] GC(53) Concurrent Scan Root Regions
[2021-01-05T15:25:20.468-0400][gc,marking     ] GC(53) Concurrent Scan Root Regions 5.877ms
[2021-01-05T15:25:20.468-0400][gc,marking     ] GC(53) Concurrent Mark (59.087s)
[2021-01-05T15:25:20.468-0400][gc,marking     ] GC(53) Concurrent Mark From Roots
[2021-01-05T15:25:20.468-0400][gc,task        ] GC(53) Using 1 workers of 1 for marking
[2021-01-05T15:25:20.722-0400][gc,marking     ] GC(53) Concurrent Mark From Roots 253.488ms
[2021-01-05T15:25:20.722-0400][gc,marking     ] GC(53) Concurrent Preclean
[2021-01-05T15:25:20.722-0400][gc,marking     ] GC(53) Concurrent Preclean 0.304ms
[2021-01-05T15:25:20.722-0400][gc,marking     ] GC(53) Concurrent Mark (59.087s, 59.341s) 254.052ms
[2021-01-05T15:25:20.723-0400][gc,start       ] GC(53) Pause Remark
[2021-01-05T15:25:20.766-0400][gc,stringtable ] GC(53) Cleaned string and symbol table, strings: 19346 processed, 5 removed, symbols: 85851 processed, 0 removed
[2021-01-05T15:25:20.767-0400][gc             ] GC(53) Pause Remark 31M->31M(54M) 43.964ms
[2021-01-05T15:25:20.767-0400][gc,cpu         ] GC(53) User=0.15s Sys=0.00s Real=0.05s
[2021-01-05T15:25:20.769-0400][gc,marking     ] GC(53) Concurrent Rebuild Remembered Sets
[2021-01-05T15:25:20.929-0400][gc,marking     ] GC(53) Concurrent Rebuild Remembered Sets 160.326ms
[2021-01-05T15:25:20.931-0400][gc,start       ] GC(53) Pause Cleanup
[2021-01-05T15:25:20.931-0400][gc             ] GC(53) Pause Cleanup 32M->32M(54M) 0.526ms
[2021-01-05T15:25:20.931-0400][gc,cpu         ] GC(53) User=0.00s Sys=0.00s Real=0.00s
[2021-01-05T15:25:20.932-0400][gc,marking     ] GC(53) Concurrent Cleanup for Next Mark
[2021-01-05T15:25:20.934-0400][gc,marking     ] GC(53) Concurrent Cleanup for Next Mark 2.311ms
[2021-01-05T15:25:20.934-0400][gc             ] GC(53) Concurrent Cycle 473.555ms
[2021-01-05T15:25:27.005-0400][gc,heap        ] GC(54) Heap before GC invocations=54 (full 1): garbage-first heap   total 55296K, used 40133K [0x0000000083000000, 0x0000000100000000)
[2021-01-05T15:25:27.005-0400][gc,heap        ] GC(54)   region size 1024K, 10 young (10240K), 1 survivors (1024K)
[2021-01-05T15:25:27.005-0400][gc,heap        ] GC(54)  Metaspace       used 35017K, capacity 37359K, committed 37632K, reserved 1081344K
[2021-01-05T15:25:27.005-0400][gc,heap        ] GC(54)   class space    used 3909K, capacity 4798K, committed 4864K, reserved 1048576K
[2021-01-05T15:25:27.005-0400][gc,start       ] GC(54) Pause Young (Normal) (G1 Evacuation Pause)
[2021-01-05T15:25:27.005-0400][gc,task        ] GC(54) Using 4 workers of 4 for evacuation
[2021-01-05T15:25:27.014-0400][gc,phases      ] GC(54)   Pre Evacuate Collection Set: 0.0ms
[2021-01-05T15:25:27.014-0400][gc,phases      ] GC(54)   Evacuate Collection Set: 6.6ms
[2021-01-05T15:25:27.014-0400][gc,phases      ] GC(54)   Post Evacuate Collection Set: 1.4ms
[2021-01-05T15:25:27.014-0400][gc,phases      ] GC(54)   Other: 0.8ms
[2021-01-05T15:25:27.014-0400][gc,heap        ] GC(54) Eden regions: 9->0(8)
[2021-01-05T15:25:27.014-0400][gc,heap        ] GC(54) Survivor regions: 1->2(2)
[2021-01-05T15:25:27.014-0400][gc,heap        ] GC(54) Old regions: 31->31
[2021-01-05T15:25:27.014-0400][gc,heap        ] GC(54) Humongous regions: 4->4
[2021-01-05T15:25:27.014-0400][gc,metaspace   ] GC(54) Metaspace: 35017K->35017K(1081344K)
[2021-01-05T15:25:27.014-0400][gc,heap        ] GC(54) Heap after GC invocations=55 (full 1): garbage-first heap   total 55296K, used 32300K [0x0000000083000000, 0x0000000100000000)
[2021-01-05T15:25:27.014-0400][gc,heap        ] GC(54)   region size 1024K, 2 young (2048K), 2 survivors (2048K)
[2021-01-05T15:25:27.014-0400][gc,heap        ] GC(54)  Metaspace       used 35017K, capacity 37359K, committed 37632K, reserved 1081344K
[2021-01-05T15:25:27.014-0400][gc,heap        ] GC(54)   class space    used 3909K, capacity 4798K, committed 4864K, reserved 1048576K
[2021-01-05T15:25:27.015-0400][gc             ] GC(54) Pause Young (Normal) (G1 Evacuation Pause) 40M->31M(54M) 9.322ms
[2021-01-05T15:25:27.015-0400][gc,cpu         ] GC(54) User=0.03s Sys=0.00s Real=0.01s
[2021-01-05T15:25:33.180-0400][gc,heap        ] GC(55) Heap before GC invocations=55 (full 1): garbage-first heap   total 55296K, used 40492K [0x0000000083000000, 0x0000000100000000)
[2021-01-05T15:25:33.180-0400][gc,heap        ] GC(55)   region size 1024K, 10 young (10240K), 2 survivors (2048K)
[2021-01-05T15:25:33.180-0400][gc,heap        ] GC(55)  Metaspace       used 35070K, capacity 37487K, committed 37888K, reserved 1083392K
[2021-01-05T15:25:33.180-0400][gc,heap        ] GC(55)   class space    used 3909K, capacity 4798K, committed 4864K, reserved 1048576K
[2021-01-05T15:25:33.180-0400][gc,start       ] GC(55) Pause Young (Concurrent Start) (G1 Evacuation Pause)
[2021-01-05T15:25:33.180-0400][gc,task        ] GC(55) Using 4 workers of 4 for evacuation
[2021-01-05T15:25:33.191-0400][gc,phases      ] GC(55)   Pre Evacuate Collection Set: 0.3ms
[2021-01-05T15:25:33.191-0400][gc,phases      ] GC(55)   Evacuate Collection Set: 8.5ms
[2021-01-05T15:25:33.191-0400][gc,phases      ] GC(55)   Post Evacuate Collection Set: 1.5ms
[2021-01-05T15:25:33.191-0400][gc,phases      ] GC(55)   Other: 1.0ms
[2021-01-05T15:25:33.191-0400][gc,heap        ] GC(55) Eden regions: 8->0(9)
[2021-01-05T15:25:33.191-0400][gc,heap        ] GC(55) Survivor regions: 2->2(2)
[2021-01-05T15:25:33.191-0400][gc,heap        ] GC(55) Old regions: 31->31
[2021-01-05T15:25:33.191-0400][gc,heap        ] GC(55) Humongous regions: 4->4
[2021-01-05T15:25:33.191-0400][gc,metaspace   ] GC(55) Metaspace: 35070K->35070K(1083392K)
[2021-01-05T15:25:33.191-0400][gc,heap        ] GC(55) Heap after GC invocations=56 (full 1): garbage-first heap   total 55296K, used 32311K [0x0000000083000000, 0x0000000100000000)
[2021-01-05T15:25:33.192-0400][gc,heap        ] GC(55)   region size 1024K, 2 young (2048K), 2 survivors (2048K)
[2021-01-05T15:25:33.192-0400][gc,heap        ] GC(55)  Metaspace       used 35070K, capacity 37487K, committed 37888K, reserved 1083392K
[2021-01-05T15:25:33.192-0400][gc,heap        ] GC(55)   class space    used 3909K, capacity 4798K, committed 4864K, reserved 1048576K
[2021-01-05T15:25:33.192-0400][gc             ] GC(55) Pause Young (Concurrent Start) (G1 Evacuation Pause) 39M->31M(54M) 11.782ms
[2021-01-05T15:25:33.192-0400][gc,cpu         ] GC(55) User=0.03s Sys=0.01s Real=0.01s
[2021-01-05T15:25:33.192-0400][gc             ] GC(56) Concurrent Cycle
[2021-01-05T15:25:33.192-0400][gc,marking     ] GC(56) Concurrent Clear Claimed Marks
[2021-01-05T15:25:33.193-0400][gc,marking     ] GC(56) Concurrent Clear Claimed Marks 0.568ms
[2021-01-05T15:25:33.193-0400][gc,marking     ] GC(56) Concurrent Scan Root Regions
[2021-01-05T15:25:33.200-0400][gc,marking     ] GC(56) Concurrent Scan Root Regions 6.472ms
[2021-01-05T15:25:33.200-0400][gc,marking     ] GC(56) Concurrent Mark (71.818s)
[2021-01-05T15:25:33.200-0400][gc,marking     ] GC(56) Concurrent Mark From Roots
[2021-01-05T15:25:33.200-0400][gc,task        ] GC(56) Using 1 workers of 1 for marking
[2021-01-05T15:25:33.409-0400][gc,marking     ] GC(56) Concurrent Mark From Roots 208.917ms
[2021-01-05T15:25:33.409-0400][gc,marking     ] GC(56) Concurrent Preclean
[2021-01-05T15:25:33.409-0400][gc,marking     ] GC(56) Concurrent Preclean 0.339ms
[2021-01-05T15:25:33.409-0400][gc,marking     ] GC(56) Concurrent Mark (71.818s, 72.028s) 209.624ms
[2021-01-05T15:25:33.410-0400][gc,start       ] GC(56) Pause Remark
[2021-01-05T15:25:33.436-0400][gc,stringtable ] GC(56) Cleaned string and symbol table, strings: 19455 processed, 0 removed, symbols: 85851 processed, 4 removed
[2021-01-05T15:25:33.437-0400][gc             ] GC(56) Pause Remark 32M->32M(54M) 26.894ms
[2021-01-05T15:25:33.437-0400][gc,cpu         ] GC(56) User=0.09s Sys=0.01s Real=0.03s
[2021-01-05T15:25:33.437-0400][gc,marking     ] GC(56) Concurrent Rebuild Remembered Sets
[2021-01-05T15:25:33.555-0400][gc,marking     ] GC(56) Concurrent Rebuild Remembered Sets 117.538ms
[2021-01-05T15:25:33.556-0400][gc,start       ] GC(56) Pause Cleanup
[2021-01-05T15:25:33.556-0400][gc             ] GC(56) Pause Cleanup 32M->32M(54M) 0.404ms
[2021-01-05T15:25:33.556-0400][gc,cpu         ] GC(56) User=0.00s Sys=0.00s Real=0.00s
[2021-01-05T15:25:33.557-0400][gc,marking     ] GC(56) Concurrent Cleanup for Next Mark
[2021-01-05T15:25:33.558-0400][gc,marking     ] GC(56) Concurrent Cleanup for Next Mark 1.044ms
[2021-01-05T15:25:33.558-0400][gc             ] GC(56) Concurrent Cycle 365.886ms
[2021-01-05T15:25:37.831-0400][gc,heap        ] GC(57) Heap before GC invocations=57 (full 1): garbage-first heap   total 55296K, used 40503K [0x0000000083000000, 0x0000000100000000)
[2021-01-05T15:25:37.831-0400][gc,heap        ] GC(57)   region size 1024K, 11 young (11264K), 2 survivors (2048K)
[2021-01-05T15:25:37.831-0400][gc,heap        ] GC(57)  Metaspace       used 36449K, capacity 38926K, committed 39040K, reserved 1083392K
[2021-01-05T15:25:37.831-0400][gc,heap        ] GC(57)   class space    used 4064K, capacity 4957K, committed 4992K, reserved 1048576K
[2021-01-05T15:25:37.831-0400][gc,start       ] GC(57) Pause Young (Prepare Mixed) (G1 Evacuation Pause)
[2021-01-05T15:25:37.831-0400][gc,task        ] GC(57) Using 4 workers of 4 for evacuation
[2021-01-05T15:25:37.859-0400][gc,phases      ] GC(57)   Pre Evacuate Collection Set: 0.0ms
[2021-01-05T15:25:37.859-0400][gc,phases      ] GC(57)   Evacuate Collection Set: 19.5ms
[2021-01-05T15:25:37.859-0400][gc,phases      ] GC(57)   Post Evacuate Collection Set: 7.5ms
[2021-01-05T15:25:37.859-0400][gc,phases      ] GC(57)   Other: 0.8ms
[2021-01-05T15:25:37.859-0400][gc,heap        ] GC(57) Eden regions: 9->0(1)
[2021-01-05T15:25:37.859-0400][gc,heap        ] GC(57) Survivor regions: 2->2(2)
[2021-01-05T15:25:37.859-0400][gc,heap        ] GC(57) Old regions: 31->31
[2021-01-05T15:25:37.859-0400][gc,heap        ] GC(57) Humongous regions: 4->4
[2021-01-05T15:25:37.859-0400][gc,metaspace   ] GC(57) Metaspace: 36449K->36449K(1083392K)
[2021-01-05T15:25:37.859-0400][gc,heap        ] GC(57) Heap after GC invocations=58 (full 1): garbage-first heap   total 55296K, used 32758K [0x0000000083000000, 0x0000000100000000)
[2021-01-05T15:25:37.859-0400][gc,heap        ] GC(57)   region size 1024K, 2 young (2048K), 2 survivors (2048K)
[2021-01-05T15:25:37.859-0400][gc,heap        ] GC(57)  Metaspace       used 36449K, capacity 38926K, committed 39040K, reserved 1083392K
[2021-01-05T15:25:37.859-0400][gc,heap        ] GC(57)   class space    used 4064K, capacity 4957K, committed 4992K, reserved 1048576K
[2021-01-05T15:25:37.859-0400][gc             ] GC(57) Pause Young (Prepare Mixed) (G1 Evacuation Pause) 40M->31M(54M) 28.305ms
[2021-01-05T15:25:37.860-0400][gc,cpu         ] GC(57) User=0.10s Sys=0.00s Real=0.03s
[2021-01-05T15:25:37.923-0400][gc,heap        ] GC(58) Heap before GC invocations=58 (full 1): garbage-first heap   total 55296K, used 33782K [0x0000000083000000, 0x0000000100000000)
[2021-01-05T15:25:37.923-0400][gc,heap        ] GC(58)   region size 1024K, 3 young (3072K), 2 survivors (2048K)
[2021-01-05T15:25:37.923-0400][gc,heap        ] GC(58)  Metaspace       used 36665K, capacity 39150K, committed 39424K, reserved 1083392K
[2021-01-05T15:25:37.923-0400][gc,heap        ] GC(58)   class space    used 4081K, capacity 4989K, committed 5120K, reserved 1048576K
[2021-01-05T15:25:37.923-0400][gc,start       ] GC(58) Pause Young (Mixed) (G1 Evacuation Pause)
[2021-01-05T15:25:37.924-0400][gc,task        ] GC(58) Using 4 workers of 4 for evacuation
[2021-01-05T15:25:37.946-0400][gc,phases      ] GC(58)   Pre Evacuate Collection Set: 0.1ms
[2021-01-05T15:25:37.946-0400][gc,phases      ] GC(58)   Evacuate Collection Set: 20.4ms
[2021-01-05T15:25:37.946-0400][gc,phases      ] GC(58)   Post Evacuate Collection Set: 1.8ms
[2021-01-05T15:25:37.947-0400][gc,phases      ] GC(58)   Other: 1.1ms
[2021-01-05T15:25:37.947-0400][gc,heap        ] GC(58) Eden regions: 1->0(9)
[2021-01-05T15:25:37.947-0400][gc,heap        ] GC(58) Survivor regions: 2->1(1)
[2021-01-05T15:25:37.947-0400][gc,heap        ] GC(58) Old regions: 31->31
[2021-01-05T15:25:37.947-0400][gc,heap        ] GC(58) Humongous regions: 4->4
[2021-01-05T15:25:37.947-0400][gc,metaspace   ] GC(58) Metaspace: 36665K->36665K(1083392K)
[2021-01-05T15:25:37.947-0400][gc,heap        ] GC(58) Heap after GC invocations=59 (full 1): garbage-first heap   total 55296K, used 32970K [0x0000000083000000, 0x0000000100000000)
[2021-01-05T15:25:37.947-0400][gc,heap        ] GC(58)   region size 1024K, 1 young (1024K), 1 survivors (1024K)
[2021-01-05T15:25:37.947-0400][gc,heap        ] GC(58)  Metaspace       used 36665K, capacity 39150K, committed 39424K, reserved 1083392K
[2021-01-05T15:25:37.947-0400][gc,heap        ] GC(58)   class space    used 4081K, capacity 4989K, committed 5120K, reserved 1048576K
[2021-01-05T15:25:37.947-0400][gc             ] GC(58) Pause Young (Mixed) (G1 Evacuation Pause) 32M->32M(54M) 23.874ms
[2021-01-05T15:25:37.949-0400][gc,cpu         ] GC(58) User=0.08s Sys=0.00s Real=0.03s
[2021-01-05T15:25:42.543-0400][gc,heap        ] GC(59) Heap before GC invocations=59 (full 1): garbage-first heap   total 55296K, used 42186K [0x0000000083000000, 0x0000000100000000)
[2021-01-05T15:25:42.543-0400][gc,heap        ] GC(59)   region size 1024K, 10 young (10240K), 1 survivors (1024K)
[2021-01-05T15:25:42.543-0400][gc,heap        ] GC(59)  Metaspace       used 37124K, capacity 39707K, committed 39936K, reserved 1083392K
[2021-01-05T15:25:42.544-0400][gc,heap        ] GC(59)   class space    used 4135K, capacity 5103K, committed 5120K, reserved 1048576K
[2021-01-05T15:25:42.544-0400][gc,start       ] GC(59) Pause Young (Concurrent Start) (G1 Evacuation Pause)
[2021-01-05T15:25:42.544-0400][gc,task        ] GC(59) Using 4 workers of 4 for evacuation
[2021-01-05T15:25:42.554-0400][gc,phases      ] GC(59)   Pre Evacuate Collection Set: 0.3ms
[2021-01-05T15:25:42.554-0400][gc,phases      ] GC(59)   Evacuate Collection Set: 6.7ms
[2021-01-05T15:25:42.554-0400][gc,phases      ] GC(59)   Post Evacuate Collection Set: 2.0ms
[2021-01-05T15:25:42.554-0400][gc,phases      ] GC(59)   Other: 1.1ms
[2021-01-05T15:25:42.554-0400][gc,heap        ] GC(59) Eden regions: 9->0(9)
[2021-01-05T15:25:42.554-0400][gc,heap        ] GC(59) Survivor regions: 1->1(2)
[2021-01-05T15:25:42.554-0400][gc,heap        ] GC(59) Old regions: 31->31
[2021-01-05T15:25:42.554-0400][gc,heap        ] GC(59) Humongous regions: 4->4
[2021-01-05T15:25:42.554-0400][gc,metaspace   ] GC(59) Metaspace: 37124K->37124K(1083392K)
[2021-01-05T15:25:42.554-0400][gc,heap        ] GC(59) Heap after GC invocations=60 (full 1): garbage-first heap   total 55296K, used 33236K [0x0000000083000000, 0x0000000100000000)
[2021-01-05T15:25:42.554-0400][gc,heap        ] GC(59)   region size 1024K, 1 young (1024K), 1 survivors (1024K)
[2021-01-05T15:25:42.554-0400][gc,heap        ] GC(59)  Metaspace       used 37124K, capacity 39707K, committed 39936K, reserved 1083392K
[2021-01-05T15:25:42.554-0400][gc,heap        ] GC(59)   class space    used 4135K, capacity 5103K, committed 5120K, reserved 1048576K
[2021-01-05T15:25:42.554-0400][gc             ] GC(59) Pause Young (Concurrent Start) (G1 Evacuation Pause) 41M->32M(54M) 10.641ms
[2021-01-05T15:25:42.555-0400][gc,cpu         ] GC(59) User=0.02s Sys=0.01s Real=0.01s
[2021-01-05T15:25:42.555-0400][gc             ] GC(60) Concurrent Cycle
[2021-01-05T15:25:42.555-0400][gc,marking     ] GC(60) Concurrent Clear Claimed Marks
[2021-01-05T15:25:42.556-0400][gc,marking     ] GC(60) Concurrent Clear Claimed Marks 0.487ms
[2021-01-05T15:25:42.556-0400][gc,marking     ] GC(60) Concurrent Scan Root Regions
[2021-01-05T15:25:42.563-0400][gc,marking     ] GC(60) Concurrent Scan Root Regions 6.800ms
[2021-01-05T15:25:42.563-0400][gc,marking     ] GC(60) Concurrent Mark (81.182s)
[2021-01-05T15:25:42.563-0400][gc,marking     ] GC(60) Concurrent Mark From Roots
[2021-01-05T15:25:42.563-0400][gc,task        ] GC(60) Using 1 workers of 1 for marking
[2021-01-05T15:25:42.970-0400][gc,marking     ] GC(60) Concurrent Mark From Roots 407.195ms
[2021-01-05T15:25:42.970-0400][gc,marking     ] GC(60) Concurrent Preclean
[2021-01-05T15:25:42.971-0400][gc,marking     ] GC(60) Concurrent Preclean 0.421ms
[2021-01-05T15:25:42.971-0400][gc,marking     ] GC(60) Concurrent Mark (81.182s, 81.590s) 408.027ms
[2021-01-05T15:25:42.972-0400][gc,start       ] GC(60) Pause Remark
[2021-01-05T15:25:43.013-0400][gc,stringtable ] GC(60) Cleaned string and symbol table, strings: 20764 processed, 1 removed, symbols: 90452 processed, 5 removed
[2021-01-05T15:25:43.014-0400][gc             ] GC(60) Pause Remark 38M->38M(54M) 41.834ms
[2021-01-05T15:25:43.014-0400][gc,cpu         ] GC(60) User=0.12s Sys=0.03s Real=0.04s
[2021-01-05T15:25:43.021-0400][gc,marking     ] GC(60) Concurrent Rebuild Remembered Sets
[2021-01-05T15:25:43.230-0400][gc,marking     ] GC(60) Concurrent Rebuild Remembered Sets 208.905ms
[2021-01-05T15:25:43.231-0400][gc,start       ] GC(60) Pause Cleanup
[2021-01-05T15:25:43.232-0400][gc             ] GC(60) Pause Cleanup 40M->40M(54M) 0.750ms
[2021-01-05T15:25:43.232-0400][gc,cpu         ] GC(60) User=0.00s Sys=0.00s Real=0.00s
[2021-01-05T15:25:43.233-0400][gc,marking     ] GC(60) Concurrent Cleanup for Next Mark
[2021-01-05T15:25:43.236-0400][gc,marking     ] GC(60) Concurrent Cleanup for Next Mark 2.893ms
[2021-01-05T15:25:43.236-0400][gc             ] GC(60) Concurrent Cycle 680.852ms
[2021-01-05T15:25:43.441-0400][gc,heap        ] GC(61) Heap before GC invocations=61 (full 1): garbage-first heap   total 55296K, used 42452K [0x0000000083000000, 0x0000000100000000)
[2021-01-05T15:25:43.441-0400][gc,heap        ] GC(61)   region size 1024K, 10 young (10240K), 1 survivors (1024K)
[2021-01-05T15:25:43.441-0400][gc,heap        ] GC(61)  Metaspace       used 37141K, capacity 39771K, committed 39936K, reserved 1083392K
[2021-01-05T15:25:43.441-0400][gc,heap        ] GC(61)   class space    used 4136K, capacity 5103K, committed 5120K, reserved 1048576K
[2021-01-05T15:25:43.442-0400][gc,start       ] GC(61) Pause Young (Normal) (G1 Evacuation Pause)
[2021-01-05T15:25:43.442-0400][gc,task        ] GC(61) Using 4 workers of 4 for evacuation
[2021-01-05T15:25:43.451-0400][gc,phases      ] GC(61)   Pre Evacuate Collection Set: 0.1ms
[2021-01-05T15:25:43.451-0400][gc,phases      ] GC(61)   Evacuate Collection Set: 6.8ms
[2021-01-05T15:25:43.451-0400][gc,phases      ] GC(61)   Post Evacuate Collection Set: 1.5ms
[2021-01-05T15:25:43.451-0400][gc,phases      ] GC(61)   Other: 1.1ms
[2021-01-05T15:25:43.451-0400][gc,heap        ] GC(61) Eden regions: 9->0(9)
[2021-01-05T15:25:43.451-0400][gc,heap        ] GC(61) Survivor regions: 1->1(2)
[2021-01-05T15:25:43.451-0400][gc,heap        ] GC(61) Old regions: 31->31
[2021-01-05T15:25:43.451-0400][gc,heap        ] GC(61) Humongous regions: 4->4
[2021-01-05T15:25:43.451-0400][gc,metaspace   ] GC(61) Metaspace: 37141K->37141K(1083392K)
[2021-01-05T15:25:43.451-0400][gc,heap        ] GC(61) Heap after GC invocations=62 (full 1): garbage-first heap   total 55296K, used 33270K [0x0000000083000000, 0x0000000100000000)
[2021-01-05T15:25:43.451-0400][gc,heap        ] GC(61)   region size 1024K, 1 young (1024K), 1 survivors (1024K)
[2021-01-05T15:25:43.451-0400][gc,heap        ] GC(61)  Metaspace       used 37141K, capacity 39771K, committed 39936K, reserved 1083392K
[2021-01-05T15:25:43.452-0400][gc,heap        ] GC(61)   class space    used 4136K, capacity 5103K, committed 5120K, reserved 1048576K
[2021-01-05T15:25:43.452-0400][gc             ] GC(61) Pause Young (Normal) (G1 Evacuation Pause) 41M->32M(54M) 10.111ms
[2021-01-05T15:25:43.453-0400][gc,cpu         ] GC(61) User=0.03s Sys=0.00s Real=0.01s
[2021-01-05T15:25:45.473-0400][gc,heap        ] GC(62) Heap before GC invocations=62 (full 1): garbage-first heap   total 55296K, used 42486K [0x0000000083000000, 0x0000000100000000)
[2021-01-05T15:25:45.473-0400][gc,heap        ] GC(62)   region size 1024K, 10 young (10240K), 1 survivors (1024K)
[2021-01-05T15:25:45.473-0400][gc,heap        ] GC(62)  Metaspace       used 37244K, capacity 39855K, committed 40064K, reserved 1083392K
[2021-01-05T15:25:45.473-0400][gc,heap        ] GC(62)   class space    used 4150K, capacity 5125K, committed 5248K, reserved 1048576K
[2021-01-05T15:25:45.473-0400][gc,start       ] GC(62) Pause Young (Concurrent Start) (G1 Evacuation Pause)
[2021-01-05T15:25:45.473-0400][gc,task        ] GC(62) Using 4 workers of 4 for evacuation
[2021-01-05T15:25:45.482-0400][gc,phases      ] GC(62)   Pre Evacuate Collection Set: 0.4ms
[2021-01-05T15:25:45.483-0400][gc,phases      ] GC(62)   Evacuate Collection Set: 6.3ms
[2021-01-05T15:25:45.483-0400][gc,phases      ] GC(62)   Post Evacuate Collection Set: 2.1ms
[2021-01-05T15:25:45.483-0400][gc,phases      ] GC(62)   Other: 1.0ms
[2021-01-05T15:25:45.483-0400][gc,heap        ] GC(62) Eden regions: 9->0(9)
[2021-01-05T15:25:45.483-0400][gc,heap        ] GC(62) Survivor regions: 1->1(2)
[2021-01-05T15:25:45.483-0400][gc,heap        ] GC(62) Old regions: 31->31
[2021-01-05T15:25:45.483-0400][gc,heap        ] GC(62) Humongous regions: 4->4
[2021-01-05T15:25:45.483-0400][gc,metaspace   ] GC(62) Metaspace: 37244K->37244K(1083392K)
[2021-01-05T15:25:45.483-0400][gc,heap        ] GC(62) Heap after GC invocations=63 (full 1): garbage-first heap   total 55296K, used 33371K [0x0000000083000000, 0x0000000100000000)
[2021-01-05T15:25:45.483-0400][gc,heap        ] GC(62)   region size 1024K, 1 young (1024K), 1 survivors (1024K)
[2021-01-05T15:25:45.483-0400][gc,heap        ] GC(62)  Metaspace       used 37244K, capacity 39855K, committed 40064K, reserved 1083392K
[2021-01-05T15:25:45.483-0400][gc,heap        ] GC(62)   class space    used 4150K, capacity 5125K, committed 5248K, reserved 1048576K
[2021-01-05T15:25:45.483-0400][gc             ] GC(62) Pause Young (Concurrent Start) (G1 Evacuation Pause) 41M->32M(54M) 10.330ms
[2021-01-05T15:25:45.483-0400][gc,cpu         ] GC(62) User=0.03s Sys=0.00s Real=0.01s
[2021-01-05T15:25:45.484-0400][gc             ] GC(63) Concurrent Cycle
[2021-01-05T15:25:45.484-0400][gc,marking     ] GC(63) Concurrent Clear Claimed Marks
[2021-01-05T15:25:45.484-0400][gc,marking     ] GC(63) Concurrent Clear Claimed Marks 0.452ms
[2021-01-05T15:25:45.484-0400][gc,marking     ] GC(63) Concurrent Scan Root Regions
[2021-01-05T15:25:45.496-0400][gc,marking     ] GC(63) Concurrent Scan Root Regions 11.557ms
[2021-01-05T15:25:45.496-0400][gc,marking     ] GC(63) Concurrent Mark (84.115s)
[2021-01-05T15:25:45.496-0400][gc,marking     ] GC(63) Concurrent Mark From Roots
[2021-01-05T15:25:45.496-0400][gc,task        ] GC(63) Using 1 workers of 1 for marking
[2021-01-05T15:25:45.791-0400][gc,marking     ] GC(63) Concurrent Mark From Roots 294.646ms
[2021-01-05T15:25:45.791-0400][gc,marking     ] GC(63) Concurrent Preclean
[2021-01-05T15:25:45.791-0400][gc,marking     ] GC(63) Concurrent Preclean 0.329ms
[2021-01-05T15:25:45.791-0400][gc,marking     ] GC(63) Concurrent Mark (84.115s, 84.410s) 295.263ms
[2021-01-05T15:25:45.792-0400][gc,start       ] GC(63) Pause Remark
[2021-01-05T15:25:45.827-0400][gc,stringtable ] GC(63) Cleaned string and symbol table, strings: 20862 processed, 0 removed, symbols: 90508 processed, 4 removed
[2021-01-05T15:25:45.827-0400][gc             ] GC(63) Pause Remark 33M->33M(54M) 35.236ms
[2021-01-05T15:25:45.828-0400][gc,cpu         ] GC(63) User=0.12s Sys=0.00s Real=0.04s
[2021-01-05T15:25:45.828-0400][gc,marking     ] GC(63) Concurrent Rebuild Remembered Sets
[2021-01-05T15:25:45.952-0400][gc,marking     ] GC(63) Concurrent Rebuild Remembered Sets 124.070ms
[2021-01-05T15:25:45.953-0400][gc,start       ] GC(63) Pause Cleanup
[2021-01-05T15:25:45.953-0400][gc             ] GC(63) Pause Cleanup 33M->33M(54M) 0.425ms
[2021-01-05T15:25:45.954-0400][gc,cpu         ] GC(63) User=0.00s Sys=0.00s Real=0.00s
[2021-01-05T15:25:45.954-0400][gc,marking     ] GC(63) Concurrent Cleanup for Next Mark
[2021-01-05T15:25:45.955-0400][gc,marking     ] GC(63) Concurrent Cleanup for Next Mark 0.841ms
[2021-01-05T15:25:45.955-0400][gc             ] GC(63) Concurrent Cycle 471.239ms
[2021-01-05T15:25:49.950-0400][gc,heap        ] GC(64) Heap before GC invocations=64 (full 1): garbage-first heap   total 55296K, used 41563K [0x0000000083000000, 0x0000000100000000)
[2021-01-05T15:25:49.950-0400][gc,heap        ] GC(64)   region size 1024K, 10 young (10240K), 1 survivors (1024K)
[2021-01-05T15:25:49.950-0400][gc,heap        ] GC(64)  Metaspace       used 37418K, capacity 40053K, committed 40320K, reserved 1085440K
[2021-01-05T15:25:49.950-0400][gc,heap        ] GC(64)   class space    used 4157K, capacity 5125K, committed 5248K, reserved 1048576K
[2021-01-05T15:25:49.951-0400][gc,start       ] GC(64) Pause Young (Normal) (G1 Evacuation Pause)
[2021-01-05T15:25:49.951-0400][gc,task        ] GC(64) Using 4 workers of 4 for evacuation
[2021-01-05T15:25:49.967-0400][gc,phases      ] GC(64)   Pre Evacuate Collection Set: 0.0ms
[2021-01-05T15:25:49.968-0400][gc,phases      ] GC(64)   Evacuate Collection Set: 14.1ms
[2021-01-05T15:25:49.968-0400][gc,phases      ] GC(64)   Post Evacuate Collection Set: 2.1ms
[2021-01-05T15:25:49.968-0400][gc,phases      ] GC(64)   Other: 0.9ms
[2021-01-05T15:25:49.968-0400][gc,heap        ] GC(64) Eden regions: 9->0(8)
[2021-01-05T15:25:49.968-0400][gc,heap        ] GC(64) Survivor regions: 1->2(2)
[2021-01-05T15:25:49.968-0400][gc,heap        ] GC(64) Old regions: 31->31
[2021-01-05T15:25:49.968-0400][gc,heap        ] GC(64) Humongous regions: 4->4
[2021-01-05T15:25:49.968-0400][gc,metaspace   ] GC(64) Metaspace: 37418K->37418K(1085440K)
[2021-01-05T15:25:49.968-0400][gc,heap        ] GC(64) Heap after GC invocations=65 (full 1): garbage-first heap   total 55296K, used 33835K [0x0000000083000000, 0x0000000100000000)
[2021-01-05T15:25:49.968-0400][gc,heap        ] GC(64)   region size 1024K, 2 young (2048K), 2 survivors (2048K)
[2021-01-05T15:25:49.968-0400][gc,heap        ] GC(64)  Metaspace       used 37418K, capacity 40053K, committed 40320K, reserved 1085440K
[2021-01-05T15:25:49.968-0400][gc,heap        ] GC(64)   class space    used 4157K, capacity 5125K, committed 5248K, reserved 1048576K
[2021-01-05T15:25:49.968-0400][gc             ] GC(64) Pause Young (Normal) (G1 Evacuation Pause) 41M->33M(54M) 17.783ms
[2021-01-05T15:25:49.969-0400][gc,cpu         ] GC(64) User=0.06s Sys=0.00s Real=0.02s
[2021-01-05T15:25:50.897-0400][gc,heap        ] GC(65) Heap before GC invocations=65 (full 1): garbage-first heap   total 55296K, used 41003K [0x0000000083000000, 0x0000000100000000)
[2021-01-05T15:25:50.897-0400][gc,heap        ] GC(65)   region size 1024K, 10 young (10240K), 2 survivors (2048K)
[2021-01-05T15:25:50.897-0400][gc,heap        ] GC(65)  Metaspace       used 37457K, capacity 40061K, committed 40320K, reserved 1085440K
[2021-01-05T15:25:50.897-0400][gc,heap        ] GC(65)   class space    used 4158K, capacity 5125K, committed 5248K, reserved 1048576K
[2021-01-05T15:25:50.898-0400][gc,start       ] GC(65) Pause Young (Concurrent Start) (G1 Evacuation Pause)
[2021-01-05T15:25:50.898-0400][gc,task        ] GC(65) Using 4 workers of 4 for evacuation
[2021-01-05T15:25:50.929-0400][gc,phases      ] GC(65)   Pre Evacuate Collection Set: 0.4ms
[2021-01-05T15:25:50.929-0400][gc,phases      ] GC(65)   Evacuate Collection Set: 22.0ms
[2021-01-05T15:25:50.929-0400][gc,phases      ] GC(65)   Post Evacuate Collection Set: 8.1ms
[2021-01-05T15:25:50.929-0400][gc,phases      ] GC(65)   Other: 1.3ms
[2021-01-05T15:25:50.929-0400][gc,heap        ] GC(65) Eden regions: 8->0(8)
[2021-01-05T15:25:50.929-0400][gc,heap        ] GC(65) Survivor regions: 2->2(2)
[2021-01-05T15:25:50.930-0400][gc,heap        ] GC(65) Old regions: 31->31
[2021-01-05T15:25:50.930-0400][gc,heap        ] GC(65) Humongous regions: 4->4
[2021-01-05T15:25:50.930-0400][gc,metaspace   ] GC(65) Metaspace: 37457K->37457K(1085440K)
[2021-01-05T15:25:50.930-0400][gc,heap        ] GC(65) Heap after GC invocations=66 (full 1): garbage-first heap   total 55296K, used 34396K [0x0000000083000000, 0x0000000100000000)
[2021-01-05T15:25:50.930-0400][gc,heap        ] GC(65)   region size 1024K, 2 young (2048K), 2 survivors (2048K)
[2021-01-05T15:25:50.930-0400][gc,heap        ] GC(65)  Metaspace       used 37457K, capacity 40061K, committed 40320K, reserved 1085440K
[2021-01-05T15:25:50.930-0400][gc,heap        ] GC(65)   class space    used 4158K, capacity 5125K, committed 5248K, reserved 1048576K
[2021-01-05T15:25:50.930-0400][gc             ] GC(65) Pause Young (Concurrent Start) (G1 Evacuation Pause) 41M->33M(54M) 32.505ms
[2021-01-05T15:25:50.930-0400][gc,cpu         ] GC(65) User=0.09s Sys=0.01s Real=0.03s
[2021-01-05T15:25:50.932-0400][gc             ] GC(66) Concurrent Cycle
[2021-01-05T15:25:50.933-0400][gc,marking     ] GC(66) Concurrent Clear Claimed Marks
[2021-01-05T15:25:50.934-0400][gc,marking     ] GC(66) Concurrent Clear Claimed Marks 1.799ms
[2021-01-05T15:25:50.934-0400][gc,marking     ] GC(66) Concurrent Scan Root Regions
[2021-01-05T15:25:50.973-0400][gc,marking     ] GC(66) Concurrent Scan Root Regions 38.516ms
[2021-01-05T15:25:50.973-0400][gc,marking     ] GC(66) Concurrent Mark (89.592s)
[2021-01-05T15:25:50.973-0400][gc,marking     ] GC(66) Concurrent Mark From Roots
[2021-01-05T15:25:50.973-0400][gc,task        ] GC(66) Using 1 workers of 1 for marking
[2021-01-05T15:25:51.360-0400][gc,marking     ] GC(66) Concurrent Mark From Roots 386.221ms
[2021-01-05T15:25:51.360-0400][gc,marking     ] GC(66) Concurrent Preclean
[2021-01-05T15:25:51.360-0400][gc,marking     ] GC(66) Concurrent Preclean 0.310ms
[2021-01-05T15:25:51.360-0400][gc,marking     ] GC(66) Concurrent Mark (89.592s, 89.979s) 386.870ms
[2021-01-05T15:25:51.361-0400][gc,start       ] GC(66) Pause Remark
[2021-01-05T15:25:51.397-0400][gc,stringtable ] GC(66) Cleaned string and symbol table, strings: 21153 processed, 0 removed, symbols: 90630 processed, 1 removed
[2021-01-05T15:25:51.398-0400][gc             ] GC(66) Pause Remark 35M->35M(54M) 36.687ms
[2021-01-05T15:25:51.398-0400][gc,cpu         ] GC(66) User=0.14s Sys=0.01s Real=0.04s
[2021-01-05T15:25:51.399-0400][gc,marking     ] GC(66) Concurrent Rebuild Remembered Sets
[2021-01-05T15:25:51.555-0400][gc,marking     ] GC(66) Concurrent Rebuild Remembered Sets 156.816ms
[2021-01-05T15:25:51.557-0400][gc,start       ] GC(66) Pause Cleanup
[2021-01-05T15:25:51.557-0400][gc             ] GC(66) Pause Cleanup 36M->36M(54M) 0.857ms
[2021-01-05T15:25:51.558-0400][gc,cpu         ] GC(66) User=0.01s Sys=0.00s Real=0.00s
[2021-01-05T15:25:51.558-0400][gc,marking     ] GC(66) Concurrent Cleanup for Next Mark
[2021-01-05T15:25:51.563-0400][gc,marking     ] GC(66) Concurrent Cleanup for Next Mark 5.125ms
[2021-01-05T15:25:51.564-0400][gc             ] GC(66) Concurrent Cycle 632.123ms
[2021-01-05T15:25:52.086-0400][gc,heap        ] GC(67) Heap before GC invocations=67 (full 1): garbage-first heap   total 55296K, used 41564K [0x0000000083000000, 0x0000000100000000)
[2021-01-05T15:25:52.086-0400][gc,heap        ] GC(67)   region size 1024K, 10 young (10240K), 2 survivors (2048K)
[2021-01-05T15:25:52.086-0400][gc,heap        ] GC(67)  Metaspace       used 37467K, capacity 40061K, committed 40320K, reserved 1085440K
[2021-01-05T15:25:52.086-0400][gc,heap        ] GC(67)   class space    used 4158K, capacity 5125K, committed 5248K, reserved 1048576K
[2021-01-05T15:25:52.087-0400][gc,start       ] GC(67) Pause Young (Normal) (G1 Evacuation Pause)
[2021-01-05T15:25:52.087-0400][gc,task        ] GC(67) Using 4 workers of 4 for evacuation
[2021-01-05T15:25:52.116-0400][gc,phases      ] GC(67)   Pre Evacuate Collection Set: 0.1ms
[2021-01-05T15:25:52.116-0400][gc,phases      ] GC(67)   Evacuate Collection Set: 22.9ms
[2021-01-05T15:25:52.117-0400][gc,phases      ] GC(67)   Post Evacuate Collection Set: 4.5ms
[2021-01-05T15:25:52.117-0400][gc,phases      ] GC(67)   Other: 4.4ms
[2021-01-05T15:25:52.117-0400][gc,heap        ] GC(67) Eden regions: 8->0(8)
[2021-01-05T15:25:52.117-0400][gc,heap        ] GC(67) Survivor regions: 2->2(2)
[2021-01-05T15:25:52.117-0400][gc,heap        ] GC(67) Old regions: 31->32
[2021-01-05T15:25:52.117-0400][gc,heap        ] GC(67) Humongous regions: 4->4
[2021-01-05T15:25:52.117-0400][gc,metaspace   ] GC(67) Metaspace: 37467K->37467K(1085440K)
[2021-01-05T15:25:52.118-0400][gc,heap        ] GC(67) Heap after GC invocations=68 (full 1): garbage-first heap   total 55296K, used 34809K [0x0000000083000000, 0x0000000100000000)
[2021-01-05T15:25:52.118-0400][gc,heap        ] GC(67)   region size 1024K, 2 young (2048K), 2 survivors (2048K)
[2021-01-05T15:25:52.118-0400][gc,heap        ] GC(67)  Metaspace       used 37467K, capacity 40061K, committed 40320K, reserved 1085440K
[2021-01-05T15:25:52.118-0400][gc,heap        ] GC(67)   class space    used 4158K, capacity 5125K, committed 5248K, reserved 1048576K
[2021-01-05T15:25:52.118-0400][gc             ] GC(67) Pause Young (Normal) (G1 Evacuation Pause) 41M->33M(54M) 30.752ms
[2021-01-05T15:25:52.118-0400][gc,cpu         ] GC(67) User=0.09s Sys=0.01s Real=0.03s
[2021-01-05T15:25:53.128-0400][gc,heap        ] GC(68) Heap before GC invocations=68 (full 1): garbage-first heap   total 55296K, used 43001K [0x0000000083000000, 0x0000000100000000)
[2021-01-05T15:25:53.128-0400][gc,heap        ] GC(68)   region size 1024K, 10 young (10240K), 2 survivors (2048K)
[2021-01-05T15:25:53.128-0400][gc,heap        ] GC(68)  Metaspace       used 37497K, capacity 40061K, committed 40320K, reserved 1085440K
[2021-01-05T15:25:53.128-0400][gc,heap        ] GC(68)   class space    used 4158K, capacity 5125K, committed 5248K, reserved 1048576K
[2021-01-05T15:25:53.128-0400][gc,start       ] GC(68) Pause Young (Concurrent Start) (G1 Evacuation Pause)
[2021-01-05T15:25:53.128-0400][gc,task        ] GC(68) Using 4 workers of 4 for evacuation
[2021-01-05T15:25:53.156-0400][gc,phases      ] GC(68)   Pre Evacuate Collection Set: 0.4ms
[2021-01-05T15:25:53.156-0400][gc,phases      ] GC(68)   Evacuate Collection Set: 24.3ms
[2021-01-05T15:25:53.156-0400][gc,phases      ] GC(68)   Post Evacuate Collection Set: 2.2ms
[2021-01-05T15:25:53.157-0400][gc,phases      ] GC(68)   Other: 1.5ms
[2021-01-05T15:25:53.157-0400][gc,heap        ] GC(68) Eden regions: 8->0(7)
[2021-01-05T15:25:53.157-0400][gc,heap        ] GC(68) Survivor regions: 2->2(2)
[2021-01-05T15:25:53.157-0400][gc,heap        ] GC(68) Old regions: 32->32
[2021-01-05T15:25:53.157-0400][gc,heap        ] GC(68) Humongous regions: 4->4
[2021-01-05T15:25:53.157-0400][gc,metaspace   ] GC(68) Metaspace: 37497K->37497K(1085440K)
[2021-01-05T15:25:53.157-0400][gc,heap        ] GC(68) Heap after GC invocations=69 (full 1): garbage-first heap   total 55296K, used 35931K [0x0000000083000000, 0x0000000100000000)
[2021-01-05T15:25:53.157-0400][gc,heap        ] GC(68)   region size 1024K, 2 young (2048K), 2 survivors (2048K)
[2021-01-05T15:25:53.157-0400][gc,heap        ] GC(68)  Metaspace       used 37497K, capacity 40061K, committed 40320K, reserved 1085440K
[2021-01-05T15:25:53.157-0400][gc,heap        ] GC(68)   class space    used 4158K, capacity 5125K, committed 5248K, reserved 1048576K
[2021-01-05T15:25:53.157-0400][gc             ] GC(68) Pause Young (Concurrent Start) (G1 Evacuation Pause) 41M->35M(54M) 29.071ms
[2021-01-05T15:25:53.158-0400][gc,cpu         ] GC(68) User=0.08s Sys=0.01s Real=0.03s
[2021-01-05T15:25:53.158-0400][gc             ] GC(69) Concurrent Cycle
[2021-01-05T15:25:53.158-0400][gc,marking     ] GC(69) Concurrent Clear Claimed Marks
[2021-01-05T15:25:53.159-0400][gc,marking     ] GC(69) Concurrent Clear Claimed Marks 0.600ms
[2021-01-05T15:25:53.159-0400][gc,marking     ] GC(69) Concurrent Scan Root Regions
[2021-01-05T15:25:53.185-0400][gc,marking     ] GC(69) Concurrent Scan Root Regions 25.645ms
[2021-01-05T15:25:53.185-0400][gc,marking     ] GC(69) Concurrent Mark (91.804s)
[2021-01-05T15:25:53.185-0400][gc,marking     ] GC(69) Concurrent Mark From Roots
[2021-01-05T15:25:53.185-0400][gc,task        ] GC(69) Using 1 workers of 1 for marking
[2021-01-05T15:25:53.690-0400][gc,marking     ] GC(69) Concurrent Mark From Roots 504.600ms
[2021-01-05T15:25:53.690-0400][gc,marking     ] GC(69) Concurrent Preclean
[2021-01-05T15:25:53.690-0400][gc,marking     ] GC(69) Concurrent Preclean 0.448ms
[2021-01-05T15:25:53.690-0400][gc,marking     ] GC(69) Concurrent Mark (91.804s, 92.309s) 505.566ms
[2021-01-05T15:25:53.692-0400][gc,start       ] GC(69) Pause Remark
[2021-01-05T15:25:53.738-0400][gc,stringtable ] GC(69) Cleaned string and symbol table, strings: 21224 processed, 1 removed, symbols: 90630 processed, 1 removed
[2021-01-05T15:25:53.739-0400][gc             ] GC(69) Pause Remark 38M->38M(54M) 46.820ms
[2021-01-05T15:25:53.740-0400][gc,cpu         ] GC(69) User=0.16s Sys=0.00s Real=0.05s
[2021-01-05T15:25:53.740-0400][gc,marking     ] GC(69) Concurrent Rebuild Remembered Sets
[2021-01-05T15:25:54.004-0400][gc,marking     ] GC(69) Concurrent Rebuild Remembered Sets 263.866ms
[2021-01-05T15:25:54.009-0400][gc,start       ] GC(69) Pause Cleanup
[2021-01-05T15:25:54.009-0400][gc             ] GC(69) Pause Cleanup 41M->41M(54M) 0.586ms
[2021-01-05T15:25:54.009-0400][gc,cpu         ] GC(69) User=0.00s Sys=0.00s Real=0.00s
[2021-01-05T15:25:54.011-0400][gc,marking     ] GC(69) Concurrent Cleanup for Next Mark
[2021-01-05T15:25:54.012-0400][gc,marking     ] GC(69) Concurrent Cleanup for Next Mark 1.555ms
[2021-01-05T15:25:54.013-0400][gc             ] GC(69) Concurrent Cycle 854.617ms
[2021-01-05T15:25:54.253-0400][gc,heap        ] GC(70) Heap before GC invocations=70 (full 1): garbage-first heap   total 55296K, used 42075K [0x0000000083000000, 0x0000000100000000)
[2021-01-05T15:25:54.253-0400][gc,heap        ] GC(70)   region size 1024K, 9 young (9216K), 2 survivors (2048K)
[2021-01-05T15:25:54.253-0400][gc,heap        ] GC(70)  Metaspace       used 37578K, capacity 40189K, committed 40576K, reserved 1085440K
[2021-01-05T15:25:54.253-0400][gc,heap        ] GC(70)   class space    used 4158K, capacity 5125K, committed 5248K, reserved 1048576K
[2021-01-05T15:25:54.254-0400][gc,start       ] GC(70) Pause Young (Normal) (G1 Evacuation Pause)
[2021-01-05T15:25:54.254-0400][gc,task        ] GC(70) Using 4 workers of 4 for evacuation
[2021-01-05T15:25:54.269-0400][gc,phases      ] GC(70)   Pre Evacuate Collection Set: 0.0ms
[2021-01-05T15:25:54.270-0400][gc,phases      ] GC(70)   Evacuate Collection Set: 11.4ms
[2021-01-05T15:25:54.270-0400][gc,phases      ] GC(70)   Post Evacuate Collection Set: 3.6ms
[2021-01-05T15:25:54.270-0400][gc,phases      ] GC(70)   Other: 1.2ms
[2021-01-05T15:25:54.270-0400][gc,heap        ] GC(70) Eden regions: 7->0(6)
[2021-01-05T15:25:54.270-0400][gc,heap        ] GC(70) Survivor regions: 2->1(2)
[2021-01-05T15:25:54.270-0400][gc,heap        ] GC(70) Old regions: 32->34
[2021-01-05T15:25:54.270-0400][gc,heap        ] GC(70) Humongous regions: 4->4
[2021-01-05T15:25:54.270-0400][gc,metaspace   ] GC(70) Metaspace: 37578K->37578K(1085440K)
[2021-01-05T15:25:54.270-0400][gc,heap        ] GC(70) Heap after GC invocations=71 (full 1): garbage-first heap   total 55296K, used 36210K [0x0000000083000000, 0x0000000100000000)
[2021-01-05T15:25:54.270-0400][gc,heap        ] GC(70)   region size 1024K, 1 young (1024K), 1 survivors (1024K)
[2021-01-05T15:25:54.270-0400][gc,heap        ] GC(70)  Metaspace       used 37578K, capacity 40189K, committed 40576K, reserved 1085440K
[2021-01-05T15:25:54.270-0400][gc,heap        ] GC(70)   class space    used 4158K, capacity 5125K, committed 5248K, reserved 1048576K
[2021-01-05T15:25:54.270-0400][gc             ] GC(70) Pause Young (Normal) (G1 Evacuation Pause) 42M->35M(54M) 16.904ms
[2021-01-05T15:25:54.271-0400][gc,cpu         ] GC(70) User=0.06s Sys=0.01s Real=0.02s
[2021-01-05T15:25:55.153-0400][gc,heap        ] GC(71) Heap before GC invocations=71 (full 1): garbage-first heap   total 55296K, used 42354K [0x0000000083000000, 0x0000000100000000)
[2021-01-05T15:25:55.153-0400][gc,heap        ] GC(71)   region size 1024K, 7 young (7168K), 1 survivors (1024K)
[2021-01-05T15:25:55.153-0400][gc,heap        ] GC(71)  Metaspace       used 37655K, capacity 40316K, committed 40576K, reserved 1085440K
[2021-01-05T15:25:55.154-0400][gc,heap        ] GC(71)   class space    used 4168K, capacity 5143K, committed 5248K, reserved 1048576K
[2021-01-05T15:25:55.154-0400][gc,start       ] GC(71) Pause Young (Concurrent Start) (G1 Evacuation Pause)
[2021-01-05T15:25:55.154-0400][gc,task        ] GC(71) Using 4 workers of 4 for evacuation
[2021-01-05T15:25:55.177-0400][gc,phases      ] GC(71)   Pre Evacuate Collection Set: 0.4ms
[2021-01-05T15:25:55.177-0400][gc,phases      ] GC(71)   Evacuate Collection Set: 18.4ms
[2021-01-05T15:25:55.177-0400][gc,phases      ] GC(71)   Post Evacuate Collection Set: 2.9ms
[2021-01-05T15:25:55.177-0400][gc,phases      ] GC(71)   Other: 1.7ms
[2021-01-05T15:25:55.177-0400][gc,heap        ] GC(71) Eden regions: 6->0(6)
[2021-01-05T15:25:55.177-0400][gc,heap        ] GC(71) Survivor regions: 1->1(1)
[2021-01-05T15:25:55.177-0400][gc,heap        ] GC(71) Old regions: 34->34
[2021-01-05T15:25:55.177-0400][gc,heap        ] GC(71) Humongous regions: 4->4
[2021-01-05T15:25:55.177-0400][gc,metaspace   ] GC(71) Metaspace: 37655K->37655K(1085440K)
[2021-01-05T15:25:55.177-0400][gc,heap        ] GC(71) Heap after GC invocations=72 (full 1): garbage-first heap   total 55296K, used 37082K [0x0000000083000000, 0x0000000100000000)
[2021-01-05T15:25:55.177-0400][gc,heap        ] GC(71)   region size 1024K, 1 young (1024K), 1 survivors (1024K)
[2021-01-05T15:25:55.177-0400][gc,heap        ] GC(71)  Metaspace       used 37655K, capacity 40316K, committed 40576K, reserved 1085440K
[2021-01-05T15:25:55.178-0400][gc,heap        ] GC(71)   class space    used 4168K, capacity 5143K, committed 5248K, reserved 1048576K
[2021-01-05T15:25:55.178-0400][gc             ] GC(71) Pause Young (Concurrent Start) (G1 Evacuation Pause) 41M->36M(54M) 23.894ms
[2021-01-05T15:25:55.179-0400][gc,cpu         ] GC(71) User=0.06s Sys=0.01s Real=0.03s
[2021-01-05T15:25:55.179-0400][gc             ] GC(72) Concurrent Cycle
[2021-01-05T15:25:55.179-0400][gc,marking     ] GC(72) Concurrent Clear Claimed Marks
[2021-01-05T15:25:55.180-0400][gc,marking     ] GC(72) Concurrent Clear Claimed Marks 0.501ms
[2021-01-05T15:25:55.180-0400][gc,marking     ] GC(72) Concurrent Scan Root Regions
[2021-01-05T15:25:55.187-0400][gc,marking     ] GC(72) Concurrent Scan Root Regions 7.155ms
[2021-01-05T15:25:55.187-0400][gc,marking     ] GC(72) Concurrent Mark (93.806s)
[2021-01-05T15:25:55.187-0400][gc,marking     ] GC(72) Concurrent Mark From Roots
[2021-01-05T15:25:55.187-0400][gc,task        ] GC(72) Using 1 workers of 1 for marking
[2021-01-05T15:25:55.716-0400][gc,heap        ] GC(73) Heap before GC invocations=72 (full 1): garbage-first heap   total 55296K, used 42202K [0x0000000083000000, 0x0000000100000000)
[2021-01-05T15:25:55.716-0400][gc,heap        ] GC(73)   region size 1024K, 7 young (7168K), 1 survivors (1024K)
[2021-01-05T15:25:55.716-0400][gc,heap        ] GC(73)  Metaspace       used 37682K, capacity 40325K, committed 40576K, reserved 1085440K
[2021-01-05T15:25:55.716-0400][gc,heap        ] GC(73)   class space    used 4168K, capacity 5143K, committed 5248K, reserved 1048576K
[2021-01-05T15:25:55.717-0400][gc,start       ] GC(73) Pause Young (Normal) (G1 Evacuation Pause)
[2021-01-05T15:25:55.717-0400][gc,task        ] GC(73) Using 4 workers of 4 for evacuation
[2021-01-05T15:25:55.732-0400][gc,phases      ] GC(73)   Pre Evacuate Collection Set: 0.1ms
[2021-01-05T15:25:55.732-0400][gc,phases      ] GC(73)   Evacuate Collection Set: 12.0ms
[2021-01-05T15:25:55.732-0400][gc,phases      ] GC(73)   Post Evacuate Collection Set: 1.8ms
[2021-01-05T15:25:55.732-0400][gc,phases      ] GC(73)   Other: 1.5ms
[2021-01-05T15:25:55.732-0400][gc,heap        ] GC(73) Eden regions: 6->0(5)
[2021-01-05T15:25:55.732-0400][gc,heap        ] GC(73) Survivor regions: 1->1(1)
[2021-01-05T15:25:55.732-0400][gc,heap        ] GC(73) Old regions: 34->35
[2021-01-05T15:25:55.732-0400][gc,heap        ] GC(73) Humongous regions: 4->4
[2021-01-05T15:25:55.732-0400][gc,metaspace   ] GC(73) Metaspace: 37682K->37682K(1085440K)
[2021-01-05T15:25:55.732-0400][gc,heap        ] GC(73) Heap after GC invocations=73 (full 1): garbage-first heap   total 55296K, used 38050K [0x0000000083000000, 0x0000000100000000)
[2021-01-05T15:25:55.732-0400][gc,heap        ] GC(73)   region size 1024K, 1 young (1024K), 1 survivors (1024K)
[2021-01-05T15:25:55.732-0400][gc,heap        ] GC(73)  Metaspace       used 37682K, capacity 40325K, committed 40576K, reserved 1085440K
[2021-01-05T15:25:55.732-0400][gc,heap        ] GC(73)   class space    used 4168K, capacity 5143K, committed 5248K, reserved 1048576K
[2021-01-05T15:25:55.732-0400][gc             ] GC(73) Pause Young (Normal) (G1 Evacuation Pause) 42M->37M(54M) 15.540ms
[2021-01-05T15:25:55.733-0400][gc,cpu         ] GC(73) User=0.04s Sys=0.01s Real=0.01s
[2021-01-05T15:25:56.034-0400][gc,heap        ] GC(74) Heap before GC invocations=73 (full 1): garbage-first heap   total 55296K, used 42146K [0x0000000083000000, 0x0000000100000000)
[2021-01-05T15:25:56.034-0400][gc,heap        ] GC(74)   region size 1024K, 6 young (6144K), 1 survivors (1024K)
[2021-01-05T15:25:56.035-0400][gc,heap        ] GC(74)  Metaspace       used 37694K, capacity 40330K, committed 40576K, reserved 1085440K
[2021-01-05T15:25:56.035-0400][gc,heap        ] GC(74)   class space    used 4169K, capacity 5143K, committed 5248K, reserved 1048576K
[2021-01-05T15:25:56.035-0400][gc,start       ] GC(74) Pause Young (Normal) (G1 Evacuation Pause)
[2021-01-05T15:25:56.035-0400][gc,task        ] GC(74) Using 4 workers of 4 for evacuation
[2021-01-05T15:25:56.049-0400][gc,phases      ] GC(74)   Pre Evacuate Collection Set: 0.0ms
[2021-01-05T15:25:56.050-0400][gc,phases      ] GC(74)   Evacuate Collection Set: 9.4ms
[2021-01-05T15:25:56.050-0400][gc,phases      ] GC(74)   Post Evacuate Collection Set: 4.3ms
[2021-01-05T15:25:56.050-0400][gc,phases      ] GC(74)   Other: 1.4ms
[2021-01-05T15:25:56.050-0400][gc,heap        ] GC(74) Eden regions: 5->0(4)
[2021-01-05T15:25:56.050-0400][gc,heap        ] GC(74) Survivor regions: 1->1(1)
[2021-01-05T15:25:56.050-0400][gc,heap        ] GC(74) Old regions: 35->36
[2021-01-05T15:25:56.050-0400][gc,heap        ] GC(74) Humongous regions: 4->4
[2021-01-05T15:25:56.050-0400][gc,metaspace   ] GC(74) Metaspace: 37694K->37694K(1085440K)
[2021-01-05T15:25:56.050-0400][gc,heap        ] GC(74) Heap after GC invocations=74 (full 1): garbage-first heap   total 55296K, used 38740K [0x0000000083000000, 0x0000000100000000)
[2021-01-05T15:25:56.050-0400][gc,heap        ] GC(74)   region size 1024K, 1 young (1024K), 1 survivors (1024K)
[2021-01-05T15:25:56.050-0400][gc,heap        ] GC(74)  Metaspace       used 37694K, capacity 40330K, committed 40576K, reserved 1085440K
[2021-01-05T15:25:56.050-0400][gc,heap        ] GC(74)   class space    used 4169K, capacity 5143K, committed 5248K, reserved 1048576K
[2021-01-05T15:25:56.050-0400][gc             ] GC(74) Pause Young (Normal) (G1 Evacuation Pause) 42M->37M(54M) 15.446ms
[2021-01-05T15:25:56.050-0400][gc,cpu         ] GC(74) User=0.04s Sys=0.01s Real=0.02s
[2021-01-05T15:25:56.086-0400][gc,marking     ] GC(72) Concurrent Mark From Roots 898.735ms
[2021-01-05T15:25:56.086-0400][gc,marking     ] GC(72) Concurrent Preclean
[2021-01-05T15:25:56.087-0400][gc,marking     ] GC(72) Concurrent Preclean 0.463ms
[2021-01-05T15:25:56.087-0400][gc,marking     ] GC(72) Concurrent Mark (93.806s, 94.706s) 899.553ms
[2021-01-05T15:25:56.088-0400][gc,start       ] GC(72) Pause Remark
[2021-01-05T15:25:56.124-0400][gc,stringtable ] GC(72) Cleaned string and symbol table, strings: 21325 processed, 0 removed, symbols: 90669 processed, 1 removed
[2021-01-05T15:25:56.125-0400][gc             ] GC(72) Pause Remark 38M->38M(54M) 36.068ms
[2021-01-05T15:25:56.125-0400][gc,cpu         ] GC(72) User=0.11s Sys=0.00s Real=0.03s
[2021-01-05T15:25:56.128-0400][gc,marking     ] GC(72) Concurrent Rebuild Remembered Sets
[2021-01-05T15:25:56.297-0400][gc,heap        ] GC(75) Heap before GC invocations=74 (full 1): garbage-first heap   total 55296K, used 42836K [0x0000000083000000, 0x0000000100000000)
[2021-01-05T15:25:56.297-0400][gc,heap        ] GC(75)   region size 1024K, 5 young (5120K), 1 survivors (1024K)
[2021-01-05T15:25:56.297-0400][gc,heap        ] GC(75)  Metaspace       used 37722K, capacity 40330K, committed 40576K, reserved 1085440K
[2021-01-05T15:25:56.297-0400][gc,heap        ] GC(75)   class space    used 4169K, capacity 5143K, committed 5248K, reserved 1048576K
[2021-01-05T15:25:56.297-0400][gc,start       ] GC(75) Pause Young (Normal) (G1 Evacuation Pause)
[2021-01-05T15:25:56.297-0400][gc,task        ] GC(75) Using 4 workers of 4 for evacuation
[2021-01-05T15:25:56.315-0400][gc,phases      ] GC(75)   Pre Evacuate Collection Set: 0.1ms
[2021-01-05T15:25:56.315-0400][gc,phases      ] GC(75)   Evacuate Collection Set: 13.8ms
[2021-01-05T15:25:56.315-0400][gc,phases      ] GC(75)   Post Evacuate Collection Set: 2.0ms
[2021-01-05T15:25:56.316-0400][gc,phases      ] GC(75)   Other: 1.7ms
[2021-01-05T15:25:56.316-0400][gc,heap        ] GC(75) Eden regions: 4->0(3)
[2021-01-05T15:25:56.316-0400][gc,heap        ] GC(75) Survivor regions: 1->1(1)
[2021-01-05T15:25:56.316-0400][gc,heap        ] GC(75) Old regions: 36->37
[2021-01-05T15:25:56.316-0400][gc,heap        ] GC(75) Humongous regions: 4->4
[2021-01-05T15:25:56.316-0400][gc,metaspace   ] GC(75) Metaspace: 37722K->37722K(1085440K)
[2021-01-05T15:25:56.317-0400][gc,heap        ] GC(75) Heap after GC invocations=75 (full 1): garbage-first heap   total 55296K, used 39415K [0x0000000083000000, 0x0000000100000000)
[2021-01-05T15:25:56.317-0400][gc,heap        ] GC(75)   region size 1024K, 1 young (1024K), 1 survivors (1024K)
[2021-01-05T15:25:56.317-0400][gc,heap        ] GC(75)  Metaspace       used 37722K, capacity 40330K, committed 40576K, reserved 1085440K
[2021-01-05T15:25:56.317-0400][gc,heap        ] GC(75)   class space    used 4169K, capacity 5143K, committed 5248K, reserved 1048576K
[2021-01-05T15:25:56.317-0400][gc             ] GC(75) Pause Young (Normal) (G1 Evacuation Pause) 41M->38M(54M) 19.803ms
[2021-01-05T15:25:56.318-0400][gc,cpu         ] GC(75) User=0.06s Sys=0.01s Real=0.02s
[2021-01-05T15:25:56.378-0400][gc,heap        ] GC(76) Heap before GC invocations=75 (full 1): garbage-first heap   total 55296K, used 42487K [0x0000000083000000, 0x0000000100000000)
[2021-01-05T15:25:56.378-0400][gc,heap        ] GC(76)   region size 1024K, 4 young (4096K), 1 survivors (1024K)
[2021-01-05T15:25:56.378-0400][gc,heap        ] GC(76)  Metaspace       used 37722K, capacity 40330K, committed 40576K, reserved 1085440K
[2021-01-05T15:25:56.378-0400][gc,heap        ] GC(76)   class space    used 4169K, capacity 5143K, committed 5248K, reserved 1048576K
[2021-01-05T15:25:56.378-0400][gc,start       ] GC(76) Pause Young (Normal) (G1 Evacuation Pause)
[2021-01-05T15:25:56.378-0400][gc,task        ] GC(76) Using 4 workers of 4 for evacuation
[2021-01-05T15:25:56.415-0400][gc,phases      ] GC(76)   Pre Evacuate Collection Set: 0.1ms
[2021-01-05T15:25:56.415-0400][gc,phases      ] GC(76)   Evacuate Collection Set: 23.0ms
[2021-01-05T15:25:56.415-0400][gc,phases      ] GC(76)   Post Evacuate Collection Set: 12.5ms
[2021-01-05T15:25:56.415-0400][gc,phases      ] GC(76)   Other: 1.2ms
[2021-01-05T15:25:56.415-0400][gc,heap        ] GC(76) Eden regions: 3->0(8)
[2021-01-05T15:25:56.415-0400][gc,heap        ] GC(76) Survivor regions: 1->1(1)
[2021-01-05T15:25:56.415-0400][gc,heap        ] GC(76) Old regions: 37->38
[2021-01-05T15:25:56.415-0400][gc,heap        ] GC(76) Humongous regions: 4->4
[2021-01-05T15:25:56.415-0400][gc,metaspace   ] GC(76) Metaspace: 37722K->37722K(1085440K)
[2021-01-05T15:25:56.415-0400][gc,heap        ] GC(76) Heap after GC invocations=76 (full 1): garbage-first heap   total 66560K, used 39823K [0x0000000083000000, 0x0000000100000000)
[2021-01-05T15:25:56.416-0400][gc,heap        ] GC(76)   region size 1024K, 1 young (1024K), 1 survivors (1024K)
[2021-01-05T15:25:56.416-0400][gc,heap        ] GC(76)  Metaspace       used 37722K, capacity 40330K, committed 40576K, reserved 1085440K
[2021-01-05T15:25:56.416-0400][gc,heap        ] GC(76)   class space    used 4169K, capacity 5143K, committed 5248K, reserved 1048576K
[2021-01-05T15:25:56.416-0400][gc             ] GC(76) Pause Young (Normal) (G1 Evacuation Pause) 41M->38M(65M) 37.643ms
[2021-01-05T15:25:56.416-0400][gc,cpu         ] GC(76) User=0.10s Sys=0.00s Real=0.04s
[2021-01-05T15:25:56.607-0400][gc,heap        ] GC(77) Heap before GC invocations=76 (full 1): garbage-first heap   total 66560K, used 49039K [0x0000000083000000, 0x0000000100000000)
[2021-01-05T15:25:56.607-0400][gc,heap        ] GC(77)   region size 1024K, 9 young (9216K), 1 survivors (1024K)
[2021-01-05T15:25:56.607-0400][gc,heap        ] GC(77)  Metaspace       used 37727K, capacity 40330K, committed 40576K, reserved 1085440K
[2021-01-05T15:25:56.607-0400][gc,heap        ] GC(77)   class space    used 4169K, capacity 5143K, committed 5248K, reserved 1048576K
[2021-01-05T15:25:56.607-0400][gc,start       ] GC(77) Pause Young (Normal) (G1 Evacuation Pause)
[2021-01-05T15:25:56.607-0400][gc,task        ] GC(77) Using 4 workers of 4 for evacuation
[2021-01-05T15:25:56.623-0400][gc,phases      ] GC(77)   Pre Evacuate Collection Set: 0.0ms
[2021-01-05T15:25:56.623-0400][gc,phases      ] GC(77)   Evacuate Collection Set: 13.4ms
[2021-01-05T15:25:56.623-0400][gc,phases      ] GC(77)   Post Evacuate Collection Set: 1.5ms
[2021-01-05T15:25:56.623-0400][gc,phases      ] GC(77)   Other: 1.2ms
[2021-01-05T15:25:56.623-0400][gc,heap        ] GC(77) Eden regions: 8->0(6)
[2021-01-05T15:25:56.623-0400][gc,heap        ] GC(77) Survivor regions: 1->2(2)
[2021-01-05T15:25:56.624-0400][gc,heap        ] GC(77) Old regions: 38->38
[2021-01-05T15:25:56.624-0400][gc,heap        ] GC(77) Humongous regions: 6->6
[2021-01-05T15:25:56.624-0400][gc,metaspace   ] GC(77) Metaspace: 37727K->37727K(1085440K)
[2021-01-05T15:25:56.624-0400][gc,heap        ] GC(77) Heap after GC invocations=77 (full 1): garbage-first heap   total 66560K, used 43910K [0x0000000083000000, 0x0000000100000000)
[2021-01-05T15:25:56.624-0400][gc,heap        ] GC(77)   region size 1024K, 2 young (2048K), 2 survivors (2048K)
[2021-01-05T15:25:56.624-0400][gc,heap        ] GC(77)  Metaspace       used 37727K, capacity 40330K, committed 40576K, reserved 1085440K
[2021-01-05T15:25:56.624-0400][gc,heap        ] GC(77)   class space    used 4169K, capacity 5143K, committed 5248K, reserved 1048576K
[2021-01-05T15:25:56.624-0400][gc             ] GC(77) Pause Young (Normal) (G1 Evacuation Pause) 48M->42M(65M) 16.466ms
[2021-01-05T15:25:56.624-0400][gc,cpu         ] GC(77) User=0.05s Sys=0.01s Real=0.01s
[2021-01-05T15:25:56.669-0400][gc,marking     ] GC(72) Concurrent Rebuild Remembered Sets 540.234ms
[2021-01-05T15:25:56.671-0400][gc,start       ] GC(72) Pause Cleanup
[2021-01-05T15:25:56.672-0400][gc             ] GC(72) Pause Cleanup 44M->44M(65M) 0.553ms
[2021-01-05T15:25:56.672-0400][gc,cpu         ] GC(72) User=0.00s Sys=0.00s Real=0.00s
[2021-01-05T15:25:56.673-0400][gc,marking     ] GC(72) Concurrent Cleanup for Next Mark
[2021-01-05T15:25:56.681-0400][gc,marking     ] GC(72) Concurrent Cleanup for Next Mark 7.642ms
[2021-01-05T15:25:56.681-0400][gc             ] GC(72) Concurrent Cycle 1501.593ms
[2021-01-05T15:25:56.824-0400][gc,heap        ] GC(78) Heap before GC invocations=78 (full 1): garbage-first heap   total 66560K, used 50054K [0x0000000083000000, 0x0000000100000000)
[2021-01-05T15:25:56.824-0400][gc,heap        ] GC(78)   region size 1024K, 8 young (8192K), 2 survivors (2048K)
[2021-01-05T15:25:56.824-0400][gc,heap        ] GC(78)  Metaspace       used 37730K, capacity 40332K, committed 40576K, reserved 1085440K
[2021-01-05T15:25:56.824-0400][gc,heap        ] GC(78)   class space    used 4169K, capacity 5143K, committed 5248K, reserved 1048576K
[2021-01-05T15:25:56.824-0400][gc,start       ] GC(78) Pause Young (Normal) (G1 Evacuation Pause)
[2021-01-05T15:25:56.824-0400][gc,task        ] GC(78) Using 4 workers of 4 for evacuation
[2021-01-05T15:25:56.851-0400][gc,phases      ] GC(78)   Pre Evacuate Collection Set: 0.1ms
[2021-01-05T15:25:56.851-0400][gc,phases      ] GC(78)   Evacuate Collection Set: 21.7ms
[2021-01-05T15:25:56.851-0400][gc,phases      ] GC(78)   Post Evacuate Collection Set: 4.3ms
[2021-01-05T15:25:56.852-0400][gc,phases      ] GC(78)   Other: 1.5ms
[2021-01-05T15:25:56.852-0400][gc,heap        ] GC(78) Eden regions: 6->0(5)
[2021-01-05T15:25:56.852-0400][gc,heap        ] GC(78) Survivor regions: 2->1(1)
[2021-01-05T15:25:56.852-0400][gc,heap        ] GC(78) Old regions: 38->41
[2021-01-05T15:25:56.852-0400][gc,heap        ] GC(78) Humongous regions: 6->6
[2021-01-05T15:25:56.852-0400][gc,metaspace   ] GC(78) Metaspace: 37730K->37730K(1085440K)
[2021-01-05T15:25:56.852-0400][gc,heap        ] GC(78) Heap after GC invocations=79 (full 1): garbage-first heap   total 66560K, used 45556K [0x0000000083000000, 0x0000000100000000)
[2021-01-05T15:25:56.852-0400][gc,heap        ] GC(78)   region size 1024K, 1 young (1024K), 1 survivors (1024K)
[2021-01-05T15:25:56.852-0400][gc,heap        ] GC(78)  Metaspace       used 37730K, capacity 40332K, committed 40576K, reserved 1085440K
[2021-01-05T15:25:56.852-0400][gc,heap        ] GC(78)   class space    used 4169K, capacity 5143K, committed 5248K, reserved 1048576K
[2021-01-05T15:25:56.852-0400][gc             ] GC(78) Pause Young (Normal) (G1 Evacuation Pause) 48M->44M(65M) 27.900ms
[2021-01-05T15:25:56.852-0400][gc,cpu         ] GC(78) User=0.08s Sys=0.01s Real=0.03s
[2021-01-05T15:25:56.922-0400][gc,heap        ] GC(79) Heap before GC invocations=79 (full 1): garbage-first heap   total 66560K, used 49652K [0x0000000083000000, 0x0000000100000000)
[2021-01-05T15:25:56.923-0400][gc,heap        ] GC(79)   region size 1024K, 6 young (6144K), 1 survivors (1024K)
[2021-01-05T15:25:56.923-0400][gc,heap        ] GC(79)  Metaspace       used 37730K, capacity 40332K, committed 40576K, reserved 1085440K
[2021-01-05T15:25:56.923-0400][gc,heap        ] GC(79)   class space    used 4169K, capacity 5143K, committed 5248K, reserved 1048576K
[2021-01-05T15:25:56.923-0400][gc,start       ] GC(79) Pause Young (Concurrent Start) (G1 Evacuation Pause)
[2021-01-05T15:25:56.923-0400][gc,task        ] GC(79) Using 4 workers of 4 for evacuation
[2021-01-05T15:25:56.950-0400][gc,phases      ] GC(79)   Pre Evacuate Collection Set: 0.4ms
[2021-01-05T15:25:56.950-0400][gc,phases      ] GC(79)   Evacuate Collection Set: 14.2ms
[2021-01-05T15:25:56.951-0400][gc,phases      ] GC(79)   Post Evacuate Collection Set: 11.7ms
[2021-01-05T15:25:56.951-0400][gc,phases      ] GC(79)   Other: 1.5ms
[2021-01-05T15:25:56.951-0400][gc,heap        ] GC(79) Eden regions: 5->0(5)
[2021-01-05T15:25:56.951-0400][gc,heap        ] GC(79) Survivor regions: 1->1(1)
[2021-01-05T15:25:56.951-0400][gc,heap        ] GC(79) Old regions: 41->42
[2021-01-05T15:25:56.951-0400][gc,heap        ] GC(79) Humongous regions: 6->6
[2021-01-05T15:25:56.951-0400][gc,metaspace   ] GC(79) Metaspace: 37730K->37730K(1085440K)
[2021-01-05T15:25:56.951-0400][gc,heap        ] GC(79) Heap after GC invocations=80 (full 1): garbage-first heap   total 66560K, used 46272K [0x0000000083000000, 0x0000000100000000)
[2021-01-05T15:25:56.951-0400][gc,heap        ] GC(79)   region size 1024K, 1 young (1024K), 1 survivors (1024K)
[2021-01-05T15:25:56.951-0400][gc,heap        ] GC(79)  Metaspace       used 37730K, capacity 40332K, committed 40576K, reserved 1085440K
[2021-01-05T15:25:56.951-0400][gc,heap        ] GC(79)   class space    used 4169K, capacity 5143K, committed 5248K, reserved 1048576K
[2021-01-05T15:25:56.951-0400][gc             ] GC(79) Pause Young (Concurrent Start) (G1 Evacuation Pause) 49M->45M(65M) 28.407ms
[2021-01-05T15:25:56.952-0400][gc,cpu         ] GC(79) User=0.08s Sys=0.00s Real=0.03s
[2021-01-05T15:25:56.952-0400][gc             ] GC(80) Concurrent Cycle
[2021-01-05T15:25:56.952-0400][gc,marking     ] GC(80) Concurrent Clear Claimed Marks
[2021-01-05T15:25:56.953-0400][gc,marking     ] GC(80) Concurrent Clear Claimed Marks 0.556ms
[2021-01-05T15:25:56.953-0400][gc,marking     ] GC(80) Concurrent Scan Root Regions
[2021-01-05T15:25:56.967-0400][gc,marking     ] GC(80) Concurrent Scan Root Regions 14.636ms
[2021-01-05T15:25:56.968-0400][gc,marking     ] GC(80) Concurrent Mark (95.586s)
[2021-01-05T15:25:56.968-0400][gc,marking     ] GC(80) Concurrent Mark From Roots
[2021-01-05T15:25:56.968-0400][gc,task        ] GC(80) Using 1 workers of 1 for marking
[2021-01-05T15:25:57.017-0400][gc,heap        ] GC(81) Heap before GC invocations=80 (full 1): garbage-first heap   total 66560K, used 51392K [0x0000000083000000, 0x0000000100000000)
[2021-01-05T15:25:57.017-0400][gc,heap        ] GC(81)   region size 1024K, 6 young (6144K), 1 survivors (1024K)
[2021-01-05T15:25:57.017-0400][gc,heap        ] GC(81)  Metaspace       used 37730K, capacity 40332K, committed 40576K, reserved 1085440K
[2021-01-05T15:25:57.017-0400][gc,heap        ] GC(81)   class space    used 4169K, capacity 5143K, committed 5248K, reserved 1048576K
[2021-01-05T15:25:57.018-0400][gc,start       ] GC(81) Pause Young (Normal) (G1 Evacuation Pause)
[2021-01-05T15:25:57.018-0400][gc,task        ] GC(81) Using 4 workers of 4 for evacuation
[2021-01-05T15:25:57.031-0400][gc,phases      ] GC(81)   Pre Evacuate Collection Set: 0.1ms
[2021-01-05T15:25:57.031-0400][gc,phases      ] GC(81)   Evacuate Collection Set: 9.5ms
[2021-01-05T15:25:57.031-0400][gc,phases      ] GC(81)   Post Evacuate Collection Set: 2.8ms
[2021-01-05T15:25:57.031-0400][gc,phases      ] GC(81)   Other: 1.5ms
[2021-01-05T15:25:57.031-0400][gc,heap        ] GC(81) Eden regions: 5->0(13)
[2021-01-05T15:25:57.031-0400][gc,heap        ] GC(81) Survivor regions: 1->1(1)
[2021-01-05T15:25:57.031-0400][gc,heap        ] GC(81) Old regions: 42->42
[2021-01-05T15:25:57.031-0400][gc,heap        ] GC(81) Humongous regions: 6->6
[2021-01-05T15:25:57.032-0400][gc,metaspace   ] GC(81) Metaspace: 37730K->37730K(1085440K)
[2021-01-05T15:25:57.032-0400][gc,heap        ] GC(81) Heap after GC invocations=81 (full 1): garbage-first heap   total 92160K, used 46800K [0x0000000083000000, 0x0000000100000000)
[2021-01-05T15:25:57.032-0400][gc,heap        ] GC(81)   region size 1024K, 1 young (1024K), 1 survivors (1024K)
[2021-01-05T15:25:57.032-0400][gc,heap        ] GC(81)  Metaspace       used 37730K, capacity 40332K, committed 40576K, reserved 1085440K
[2021-01-05T15:25:57.032-0400][gc,heap        ] GC(81)   class space    used 4169K, capacity 5143K, committed 5248K, reserved 1048576K
[2021-01-05T15:25:57.032-0400][gc             ] GC(81) Pause Young (Normal) (G1 Evacuation Pause) 50M->45M(90M) 14.457ms
[2021-01-05T15:25:57.033-0400][gc,cpu         ] GC(81) User=0.05s Sys=0.00s Real=0.01s
[2021-01-05T15:25:57.424-0400][gc,marking     ] GC(80) Concurrent Mark From Roots 456.248ms
[2021-01-05T15:25:57.424-0400][gc,marking     ] GC(80) Concurrent Preclean
[2021-01-05T15:25:57.425-0400][gc,marking     ] GC(80) Concurrent Preclean 0.725ms
[2021-01-05T15:25:57.425-0400][gc,marking     ] GC(80) Concurrent Mark (95.586s, 96.044s) 457.340ms
[2021-01-05T15:25:57.426-0400][gc,start       ] GC(80) Pause Remark
[2021-01-05T15:25:57.465-0400][gc,stringtable ] GC(80) Cleaned string and symbol table, strings: 21348 processed, 0 removed, symbols: 90668 processed, 0 removed
[2021-01-05T15:25:57.466-0400][gc             ] GC(80) Pause Remark 58M->56M(90M) 39.784ms
[2021-01-05T15:25:57.466-0400][gc,cpu         ] GC(80) User=0.15s Sys=0.00s Real=0.04s
[2021-01-05T15:25:57.467-0400][gc,marking     ] GC(80) Concurrent Rebuild Remembered Sets
[2021-01-05T15:25:57.677-0400][gc,marking     ] GC(80) Concurrent Rebuild Remembered Sets 210.133ms
[2021-01-05T15:25:57.678-0400][gc,start       ] GC(80) Pause Cleanup
[2021-01-05T15:25:57.679-0400][gc             ] GC(80) Pause Cleanup 56M->56M(90M) 0.549ms
[2021-01-05T15:25:57.679-0400][gc,cpu         ] GC(80) User=0.00s Sys=0.00s Real=0.00s
[2021-01-05T15:25:57.679-0400][gc,marking     ] GC(80) Concurrent Cleanup for Next Mark
[2021-01-05T15:25:57.681-0400][gc,marking     ] GC(80) Concurrent Cleanup for Next Mark 2.042ms
[2021-01-05T15:25:57.681-0400][gc             ] GC(80) Concurrent Cycle 729.527ms
[2021-01-05T15:25:59.146-0400][gc,heap        ] GC(82) Heap before GC invocations=82 (full 1): garbage-first heap   total 92160K, used 61136K [0x0000000083000000, 0x0000000100000000)
[2021-01-05T15:25:59.146-0400][gc,heap        ] GC(82)   region size 1024K, 14 young (14336K), 1 survivors (1024K)
[2021-01-05T15:25:59.146-0400][gc,heap        ] GC(82)  Metaspace       used 37863K, capacity 40460K, committed 40832K, reserved 1085440K
[2021-01-05T15:25:59.146-0400][gc,heap        ] GC(82)   class space    used 4181K, capacity 5143K, committed 5248K, reserved 1048576K
[2021-01-05T15:25:59.146-0400][gc,start       ] GC(82) Pause Young (Prepare Mixed) (G1 Evacuation Pause)
[2021-01-05T15:25:59.146-0400][gc,task        ] GC(82) Using 4 workers of 4 for evacuation
[2021-01-05T15:25:59.167-0400][gc,phases      ] GC(82)   Pre Evacuate Collection Set: 0.1ms
[2021-01-05T15:25:59.167-0400][gc,phases      ] GC(82)   Evacuate Collection Set: 14.4ms
[2021-01-05T15:25:59.167-0400][gc,phases      ] GC(82)   Post Evacuate Collection Set: 4.8ms
[2021-01-05T15:25:59.167-0400][gc,phases      ] GC(82)   Other: 1.3ms
[2021-01-05T15:25:59.167-0400][gc,heap        ] GC(82) Eden regions: 13->0(2)
[2021-01-05T15:25:59.167-0400][gc,heap        ] GC(82) Survivor regions: 1->2(2)
[2021-01-05T15:25:59.167-0400][gc,heap        ] GC(82) Old regions: 42->44
[2021-01-05T15:25:59.167-0400][gc,heap        ] GC(82) Humongous regions: 8->8
[2021-01-05T15:25:59.167-0400][gc,metaspace   ] GC(82) Metaspace: 37863K->37863K(1085440K)
[2021-01-05T15:25:59.167-0400][gc,heap        ] GC(82) Heap after GC invocations=83 (full 1): garbage-first heap   total 92160K, used 52479K [0x0000000083000000, 0x0000000100000000)
[2021-01-05T15:25:59.167-0400][gc,heap        ] GC(82)   region size 1024K, 2 young (2048K), 2 survivors (2048K)
[2021-01-05T15:25:59.167-0400][gc,heap        ] GC(82)  Metaspace       used 37863K, capacity 40460K, committed 40832K, reserved 1085440K
[2021-01-05T15:25:59.167-0400][gc,heap        ] GC(82)   class space    used 4181K, capacity 5143K, committed 5248K, reserved 1048576K
[2021-01-05T15:25:59.167-0400][gc             ] GC(82) Pause Young (Prepare Mixed) (G1 Evacuation Pause) 60M->51M(90M) 20.904ms
[2021-01-05T15:25:59.168-0400][gc,cpu         ] GC(82) User=0.05s Sys=0.01s Real=0.02s
[2021-01-05T15:25:59.274-0400][gc,heap        ] GC(83) Heap before GC invocations=83 (full 1): garbage-first heap   total 92160K, used 54527K [0x0000000083000000, 0x0000000100000000)
[2021-01-05T15:25:59.274-0400][gc,heap        ] GC(83)   region size 1024K, 4 young (4096K), 2 survivors (2048K)
[2021-01-05T15:25:59.274-0400][gc,heap        ] GC(83)  Metaspace       used 37864K, capacity 40460K, committed 40832K, reserved 1085440K
[2021-01-05T15:25:59.274-0400][gc,heap        ] GC(83)   class space    used 4181K, capacity 5143K, committed 5248K, reserved 1048576K
[2021-01-05T15:25:59.274-0400][gc,start       ] GC(83) Pause Young (Mixed) (G1 Evacuation Pause)
[2021-01-05T15:25:59.274-0400][gc,task        ] GC(83) Using 4 workers of 4 for evacuation
[2021-01-05T15:25:59.300-0400][gc,phases      ] GC(83)   Pre Evacuate Collection Set: 0.1ms
[2021-01-05T15:25:59.301-0400][gc,phases      ] GC(83)   Evacuate Collection Set: 21.9ms
[2021-01-05T15:25:59.301-0400][gc,phases      ] GC(83)   Post Evacuate Collection Set: 3.1ms
[2021-01-05T15:25:59.301-0400][gc,phases      ] GC(83)   Other: 1.3ms
[2021-01-05T15:25:59.301-0400][gc,heap        ] GC(83) Eden regions: 2->0(14)
[2021-01-05T15:25:59.301-0400][gc,heap        ] GC(83) Survivor regions: 2->1(1)
[2021-01-05T15:25:59.301-0400][gc,heap        ] GC(83) Old regions: 44->43
[2021-01-05T15:25:59.301-0400][gc,heap        ] GC(83) Humongous regions: 8->6
[2021-01-05T15:25:59.301-0400][gc,metaspace   ] GC(83) Metaspace: 37864K->37864K(1085440K)
[2021-01-05T15:25:59.301-0400][gc,heap        ] GC(83) Heap after GC invocations=84 (full 1): garbage-first heap   total 92160K, used 47669K [0x0000000083000000, 0x0000000100000000)
[2021-01-05T15:25:59.301-0400][gc,heap        ] GC(83)   region size 1024K, 1 young (1024K), 1 survivors (1024K)
[2021-01-05T15:25:59.301-0400][gc,heap        ] GC(83)  Metaspace       used 37864K, capacity 40460K, committed 40832K, reserved 1085440K
[2021-01-05T15:25:59.301-0400][gc,heap        ] GC(83)   class space    used 4181K, capacity 5143K, committed 5248K, reserved 1048576K
[2021-01-05T15:25:59.301-0400][gc             ] GC(83) Pause Young (Mixed) (G1 Evacuation Pause) 53M->46M(90M) 26.849ms
[2021-01-05T15:25:59.301-0400][gc,cpu         ] GC(83) User=0.06s Sys=0.00s Real=0.03s
[2021-01-05T15:25:59.951-0400][gc,heap        ] GC(84) Heap before GC invocations=84 (full 1): garbage-first heap   total 92160K, used 60981K [0x0000000083000000, 0x0000000100000000)
[2021-01-05T15:25:59.952-0400][gc,heap        ] GC(84)   region size 1024K, 15 young (15360K), 1 survivors (1024K)
[2021-01-05T15:25:59.952-0400][gc,heap        ] GC(84)  Metaspace       used 38092K, capacity 40771K, committed 40832K, reserved 1085440K
[2021-01-05T15:25:59.952-0400][gc,heap        ] GC(84)   class space    used 4230K, capacity 5232K, committed 5248K, reserved 1048576K
[2021-01-05T15:25:59.952-0400][gc,start       ] GC(84) Pause Young (Concurrent Start) (G1 Evacuation Pause)
[2021-01-05T15:25:59.952-0400][gc,task        ] GC(84) Using 4 workers of 4 for evacuation
[2021-01-05T15:25:59.977-0400][gc,phases      ] GC(84)   Pre Evacuate Collection Set: 0.4ms
[2021-01-05T15:25:59.977-0400][gc,phases      ] GC(84)   Evacuate Collection Set: 20.2ms
[2021-01-05T15:25:59.977-0400][gc,phases      ] GC(84)   Post Evacuate Collection Set: 3.6ms
[2021-01-05T15:25:59.978-0400][gc,phases      ] GC(84)   Other: 1.6ms
[2021-01-05T15:25:59.978-0400][gc,heap        ] GC(84) Eden regions: 14->0(14)
[2021-01-05T15:25:59.978-0400][gc,heap        ] GC(84) Survivor regions: 1->2(2)
[2021-01-05T15:25:59.978-0400][gc,heap        ] GC(84) Old regions: 43->43
[2021-01-05T15:25:59.978-0400][gc,heap        ] GC(84) Humongous regions: 6->6
[2021-01-05T15:25:59.978-0400][gc,metaspace   ] GC(84) Metaspace: 38092K->38092K(1085440K)
[2021-01-05T15:25:59.978-0400][gc,heap        ] GC(84) Heap after GC invocations=85 (full 1): garbage-first heap   total 92160K, used 49648K [0x0000000083000000, 0x0000000100000000)
[2021-01-05T15:25:59.978-0400][gc,heap        ] GC(84)   region size 1024K, 2 young (2048K), 2 survivors (2048K)
[2021-01-05T15:25:59.978-0400][gc,heap        ] GC(84)  Metaspace       used 38092K, capacity 40771K, committed 40832K, reserved 1085440K
[2021-01-05T15:25:59.978-0400][gc,heap        ] GC(84)   class space    used 4230K, capacity 5232K, committed 5248K, reserved 1048576K
[2021-01-05T15:25:59.978-0400][gc             ] GC(84) Pause Young (Concurrent Start) (G1 Evacuation Pause) 60M->48M(90M) 26.243ms
[2021-01-05T15:25:59.979-0400][gc,cpu         ] GC(84) User=0.08s Sys=0.02s Real=0.03s
[2021-01-05T15:25:59.980-0400][gc             ] GC(85) Concurrent Cycle
[2021-01-05T15:25:59.981-0400][gc,marking     ] GC(85) Concurrent Clear Claimed Marks
[2021-01-05T15:25:59.981-0400][gc,marking     ] GC(85) Concurrent Clear Claimed Marks 0.481ms
[2021-01-05T15:25:59.982-0400][gc,marking     ] GC(85) Concurrent Scan Root Regions
[2021-01-05T15:25:59.988-0400][gc,marking     ] GC(85) Concurrent Scan Root Regions 6.411ms
[2021-01-05T15:25:59.988-0400][gc,marking     ] GC(85) Concurrent Mark (98.607s)
[2021-01-05T15:25:59.988-0400][gc,marking     ] GC(85) Concurrent Mark From Roots
[2021-01-05T15:25:59.988-0400][gc,task        ] GC(85) Using 1 workers of 1 for marking
[2021-01-05T15:26:00.576-0400][gc,marking     ] GC(85) Concurrent Mark From Roots 588.245ms
[2021-01-05T15:26:00.577-0400][gc,marking     ] GC(85) Concurrent Preclean
[2021-01-05T15:26:00.577-0400][gc,marking     ] GC(85) Concurrent Preclean 0.742ms
[2021-01-05T15:26:00.577-0400][gc,marking     ] GC(85) Concurrent Mark (98.607s, 99.196s) 589.330ms
[2021-01-05T15:26:00.579-0400][gc,start       ] GC(85) Pause Remark
[2021-01-05T15:26:00.609-0400][gc,stringtable ] GC(85) Cleaned string and symbol table, strings: 21774 processed, 1 removed, symbols: 92017 processed, 1 removed
[2021-01-05T15:26:00.610-0400][gc             ] GC(85) Pause Remark 58M->55M(90M) 30.504ms
[2021-01-05T15:26:00.610-0400][gc,cpu         ] GC(85) User=0.11s Sys=0.00s Real=0.03s
[2021-01-05T15:26:00.613-0400][gc,marking     ] GC(85) Concurrent Rebuild Remembered Sets
[2021-01-05T15:26:00.723-0400][gc,heap        ] GC(86) Heap before GC invocations=85 (full 1): garbage-first heap   total 92160K, used 59888K [0x0000000083000000, 0x0000000100000000)
[2021-01-05T15:26:00.723-0400][gc,heap        ] GC(86)   region size 1024K, 16 young (16384K), 2 survivors (2048K)
[2021-01-05T15:26:00.723-0400][gc,heap        ] GC(86)  Metaspace       used 38528K, capacity 41269K, committed 41472K, reserved 1085440K
[2021-01-05T15:26:00.723-0400][gc,heap        ] GC(86)   class space    used 4282K, capacity 5298K, committed 5376K, reserved 1048576K
[2021-01-05T15:26:00.723-0400][gc,start       ] GC(86) Pause Young (Normal) (G1 Evacuation Pause)
[2021-01-05T15:26:00.723-0400][gc,task        ] GC(86) Using 4 workers of 4 for evacuation
[2021-01-05T15:26:00.748-0400][gc,phases      ] GC(86)   Pre Evacuate Collection Set: 0.1ms
[2021-01-05T15:26:00.748-0400][gc,phases      ] GC(86)   Evacuate Collection Set: 20.6ms
[2021-01-05T15:26:00.748-0400][gc,phases      ] GC(86)   Post Evacuate Collection Set: 3.5ms
[2021-01-05T15:26:00.749-0400][gc,phases      ] GC(86)   Other: 1.4ms
[2021-01-05T15:26:00.749-0400][gc,heap        ] GC(86) Eden regions: 14->0(31)
[2021-01-05T15:26:00.749-0400][gc,heap        ] GC(86) Survivor regions: 2->2(2)
[2021-01-05T15:26:00.749-0400][gc,heap        ] GC(86) Old regions: 42->44
[2021-01-05T15:26:00.749-0400][gc,heap        ] GC(86) Humongous regions: 4->4
[2021-01-05T15:26:00.749-0400][gc,metaspace   ] GC(86) Metaspace: 38528K->38528K(1085440K)
[2021-01-05T15:26:00.749-0400][gc,heap        ] GC(86) Heap after GC invocations=86 (full 1): garbage-first heap   total 138240K, used 48714K [0x0000000083000000, 0x0000000100000000)
[2021-01-05T15:26:00.749-0400][gc,heap        ] GC(86)   region size 1024K, 2 young (2048K), 2 survivors (2048K)
[2021-01-05T15:26:00.749-0400][gc,heap        ] GC(86)  Metaspace       used 38528K, capacity 41269K, committed 41472K, reserved 1085440K
[2021-01-05T15:26:00.749-0400][gc,heap        ] GC(86)   class space    used 4282K, capacity 5298K, committed 5376K, reserved 1048576K
[2021-01-05T15:26:00.749-0400][gc             ] GC(86) Pause Young (Normal) (G1 Evacuation Pause) 59M->47M(135M) 25.775ms
[2021-01-05T15:26:00.749-0400][gc,cpu         ] GC(86) User=0.06s Sys=0.01s Real=0.03s
[2021-01-05T15:26:01.047-0400][gc,marking     ] GC(85) Concurrent Rebuild Remembered Sets 434.338ms
[2021-01-05T15:26:01.050-0400][gc,start       ] GC(85) Pause Cleanup
[2021-01-05T15:26:01.051-0400][gc             ] GC(85) Pause Cleanup 56M->56M(135M) 0.659ms
[2021-01-05T15:26:01.051-0400][gc,cpu         ] GC(85) User=0.00s Sys=0.00s Real=0.00s
[2021-01-05T15:26:01.052-0400][gc,marking     ] GC(85) Concurrent Cleanup for Next Mark
[2021-01-05T15:26:01.057-0400][gc,marking     ] GC(85) Concurrent Cleanup for Next Mark 4.986ms
[2021-01-05T15:26:01.057-0400][gc             ] GC(85) Concurrent Cycle 1077.517ms
[2021-01-05T15:26:02.061-0400][gc,heap        ] GC(87) Heap before GC invocations=87 (full 1): garbage-first heap   total 138240K, used 79434K [0x0000000083000000, 0x0000000100000000)
[2021-01-05T15:26:02.061-0400][gc,heap        ] GC(87)   region size 1024K, 33 young (33792K), 2 survivors (2048K)
[2021-01-05T15:26:02.061-0400][gc,heap        ] GC(87)  Metaspace       used 38712K, capacity 41575K, committed 41728K, reserved 1085440K
[2021-01-05T15:26:02.061-0400][gc,heap        ] GC(87)   class space    used 4320K, capacity 5371K, committed 5376K, reserved 1048576K
[2021-01-05T15:26:02.061-0400][gc,start       ] GC(87) Pause Young (Prepare Mixed) (G1 Evacuation Pause)
[2021-01-05T15:26:02.062-0400][gc,task        ] GC(87) Using 4 workers of 4 for evacuation
[2021-01-05T15:26:02.094-0400][gc,phases      ] GC(87)   Pre Evacuate Collection Set: 0.1ms
[2021-01-05T15:26:02.094-0400][gc,phases      ] GC(87)   Evacuate Collection Set: 29.0ms
[2021-01-05T15:26:02.094-0400][gc,phases      ] GC(87)   Post Evacuate Collection Set: 2.5ms
[2021-01-05T15:26:02.094-0400][gc,phases      ] GC(87)   Other: 1.6ms
[2021-01-05T15:26:02.095-0400][gc,heap        ] GC(87) Eden regions: 31->0(3)
[2021-01-05T15:26:02.095-0400][gc,heap        ] GC(87) Survivor regions: 2->3(5)
[2021-01-05T15:26:02.095-0400][gc,heap        ] GC(87) Old regions: 44->44
[2021-01-05T15:26:02.095-0400][gc,heap        ] GC(87) Humongous regions: 4->4
[2021-01-05T15:26:02.095-0400][gc,metaspace   ] GC(87) Metaspace: 38712K->38712K(1085440K)
[2021-01-05T15:26:02.095-0400][gc,heap        ] GC(87) Heap after GC invocations=88 (full 1): garbage-first heap   total 138240K, used 49336K [0x0000000083000000, 0x0000000100000000)
[2021-01-05T15:26:02.095-0400][gc,heap        ] GC(87)   region size 1024K, 3 young (3072K), 3 survivors (3072K)
[2021-01-05T15:26:02.095-0400][gc,heap        ] GC(87)  Metaspace       used 38712K, capacity 41575K, committed 41728K, reserved 1085440K
[2021-01-05T15:26:02.095-0400][gc,heap        ] GC(87)   class space    used 4320K, capacity 5371K, committed 5376K, reserved 1048576K
[2021-01-05T15:26:02.095-0400][gc             ] GC(87) Pause Young (Prepare Mixed) (G1 Evacuation Pause) 78M->48M(135M) 33.945ms
[2021-01-05T15:26:02.096-0400][gc,cpu         ] GC(87) User=0.08s Sys=0.02s Real=0.04s
[2021-01-05T15:26:02.342-0400][gc,heap        ] GC(88) Heap before GC invocations=88 (full 1): garbage-first heap   total 138240K, used 52408K [0x0000000083000000, 0x0000000100000000)
[2021-01-05T15:26:02.342-0400][gc,heap        ] GC(88)   region size 1024K, 6 young (6144K), 3 survivors (3072K)
[2021-01-05T15:26:02.342-0400][gc,heap        ] GC(88)  Metaspace       used 38713K, capacity 41575K, committed 41728K, reserved 1085440K
[2021-01-05T15:26:02.342-0400][gc,heap        ] GC(88)   class space    used 4321K, capacity 5371K, committed 5376K, reserved 1048576K
[2021-01-05T15:26:02.342-0400][gc,start       ] GC(88) Pause Young (Mixed) (G1 Evacuation Pause)
[2021-01-05T15:26:02.342-0400][gc,task        ] GC(88) Using 4 workers of 4 for evacuation
[2021-01-05T15:26:02.373-0400][gc,phases      ] GC(88)   Pre Evacuate Collection Set: 0.1ms
[2021-01-05T15:26:02.374-0400][gc,phases      ] GC(88)   Evacuate Collection Set: 22.2ms
[2021-01-05T15:26:02.374-0400][gc,phases      ] GC(88)   Post Evacuate Collection Set: 7.6ms
[2021-01-05T15:26:02.374-0400][gc,phases      ] GC(88)   Other: 1.6ms
[2021-01-05T15:26:02.374-0400][gc,heap        ] GC(88) Eden regions: 3->0(35)
[2021-01-05T15:26:02.374-0400][gc,heap        ] GC(88) Survivor regions: 3->1(1)
[2021-01-05T15:26:02.374-0400][gc,heap        ] GC(88) Old regions: 44->43
[2021-01-05T15:26:02.374-0400][gc,heap        ] GC(88) Humongous regions: 4->4
[2021-01-05T15:26:02.374-0400][gc,metaspace   ] GC(88) Metaspace: 38713K->38713K(1085440K)
[2021-01-05T15:26:02.375-0400][gc,heap        ] GC(88) Heap after GC invocations=89 (full 1): garbage-first heap   total 138240K, used 46517K [0x0000000083000000, 0x0000000100000000)
[2021-01-05T15:26:02.375-0400][gc,heap        ] GC(88)   region size 1024K, 1 young (1024K), 1 survivors (1024K)
[2021-01-05T15:26:02.375-0400][gc,heap        ] GC(88)  Metaspace       used 38713K, capacity 41575K, committed 41728K, reserved 1085440K
[2021-01-05T15:26:02.375-0400][gc,heap        ] GC(88)   class space    used 4321K, capacity 5371K, committed 5376K, reserved 1048576K
[2021-01-05T15:26:02.375-0400][gc             ] GC(88) Pause Young (Mixed) (G1 Evacuation Pause) 51M->45M(135M) 32.529ms
[2021-01-05T15:26:02.375-0400][gc,cpu         ] GC(88) User=0.10s Sys=0.00s Real=0.03s
[2021-01-05T15:26:04.847-0400][gc,heap        ] GC(89) Heap before GC invocations=89 (full 1): garbage-first heap   total 138240K, used 82357K [0x0000000083000000, 0x0000000100000000)
[2021-01-05T15:26:04.847-0400][gc,heap        ] GC(89)   region size 1024K, 36 young (36864K), 1 survivors (1024K)
[2021-01-05T15:26:04.847-0400][gc,heap        ] GC(89)  Metaspace       used 38852K, capacity 41714K, committed 41856K, reserved 1085440K
[2021-01-05T15:26:04.847-0400][gc,heap        ] GC(89)   class space    used 4346K, capacity 5418K, committed 5504K, reserved 1048576K
[2021-01-05T15:26:04.847-0400][gc,start       ] GC(89) Pause Young (Normal) (G1 Evacuation Pause)
[2021-01-05T15:26:04.848-0400][gc,task        ] GC(89) Using 4 workers of 4 for evacuation
[2021-01-05T15:26:04.870-0400][gc,phases      ] GC(89)   Pre Evacuate Collection Set: 0.1ms
[2021-01-05T15:26:04.870-0400][gc,phases      ] GC(89)   Evacuate Collection Set: 19.9ms
[2021-01-05T15:26:04.870-0400][gc,phases      ] GC(89)   Post Evacuate Collection Set: 2.0ms
[2021-01-05T15:26:04.871-0400][gc,phases      ] GC(89)   Other: 1.7ms
[2021-01-05T15:26:04.871-0400][gc,heap        ] GC(89) Eden regions: 35->0(38)
[2021-01-05T15:26:04.871-0400][gc,heap        ] GC(89) Survivor regions: 1->2(5)
[2021-01-05T15:26:04.871-0400][gc,heap        ] GC(89) Old regions: 43->43
[2021-01-05T15:26:04.871-0400][gc,heap        ] GC(89) Humongous regions: 4->4
[2021-01-05T15:26:04.871-0400][gc,metaspace   ] GC(89) Metaspace: 38852K->38852K(1085440K)
[2021-01-05T15:26:04.871-0400][gc,heap        ] GC(89) Heap after GC invocations=90 (full 1): garbage-first heap   total 138240K, used 47407K [0x0000000083000000, 0x0000000100000000)
[2021-01-05T15:26:04.871-0400][gc,heap        ] GC(89)   region size 1024K, 2 young (2048K), 2 survivors (2048K)
[2021-01-05T15:26:04.871-0400][gc,heap        ] GC(89)  Metaspace       used 38852K, capacity 41714K, committed 41856K, reserved 1085440K
[2021-01-05T15:26:04.871-0400][gc,heap        ] GC(89)   class space    used 4346K, capacity 5418K, committed 5504K, reserved 1048576K
[2021-01-05T15:26:04.871-0400][gc             ] GC(89) Pause Young (Normal) (G1 Evacuation Pause) 80M->46M(135M) 23.674ms
[2021-01-05T15:26:04.871-0400][gc,cpu         ] GC(89) User=0.07s Sys=0.01s Real=0.02s
[2021-01-05T15:26:09.314-0400][gc,heap        ] GC(90) Heap before GC invocations=90 (full 1): garbage-first heap   total 138240K, used 87343K [0x0000000083000000, 0x0000000100000000)
[2021-01-05T15:26:09.314-0400][gc,heap        ] GC(90)   region size 1024K, 40 young (40960K), 2 survivors (2048K)
[2021-01-05T15:26:09.314-0400][gc,heap        ] GC(90)  Metaspace       used 39366K, capacity 42381K, committed 42496K, reserved 1085440K
[2021-01-05T15:26:09.314-0400][gc,heap        ] GC(90)   class space    used 4452K, capacity 5603K, committed 5632K, reserved 1048576K
[2021-01-05T15:26:09.315-0400][gc,start       ] GC(90) Pause Young (Normal) (G1 Evacuation Pause)
[2021-01-05T15:26:09.315-0400][gc,task        ] GC(90) Using 4 workers of 4 for evacuation
[2021-01-05T15:26:09.332-0400][gc,phases      ] GC(90)   Pre Evacuate Collection Set: 0.1ms
[2021-01-05T15:26:09.332-0400][gc,phases      ] GC(90)   Evacuate Collection Set: 8.5ms
[2021-01-05T15:26:09.332-0400][gc,phases      ] GC(90)   Post Evacuate Collection Set: 8.3ms
[2021-01-05T15:26:09.333-0400][gc,phases      ] GC(90)   Other: 1.3ms
[2021-01-05T15:26:09.333-0400][gc,heap        ] GC(90) Eden regions: 38->0(72)
[2021-01-05T15:26:09.333-0400][gc,heap        ] GC(90) Survivor regions: 2->2(5)
[2021-01-05T15:26:09.333-0400][gc,heap        ] GC(90) Old regions: 43->43
[2021-01-05T15:26:09.333-0400][gc,heap        ] GC(90) Humongous regions: 6->4
[2021-01-05T15:26:09.333-0400][gc,metaspace   ] GC(90) Metaspace: 39366K->39366K(1085440K)
[2021-01-05T15:26:09.333-0400][gc,heap        ] GC(90) Heap after GC invocations=91 (full 1): garbage-first heap   total 202752K, used 47274K [0x0000000083000000, 0x0000000100000000)
[2021-01-05T15:26:09.333-0400][gc,heap        ] GC(90)   region size 1024K, 2 young (2048K), 2 survivors (2048K)
[2021-01-05T15:26:09.333-0400][gc,heap        ] GC(90)  Metaspace       used 39366K, capacity 42381K, committed 42496K, reserved 1085440K
[2021-01-05T15:26:09.333-0400][gc,heap        ] GC(90)   class space    used 4452K, capacity 5603K, committed 5632K, reserved 1048576K
[2021-01-05T15:26:09.333-0400][gc             ] GC(90) Pause Young (Normal) (G1 Evacuation Pause) 86M->46M(198M) 18.698ms
[2021-01-05T15:26:09.333-0400][gc,cpu         ] GC(90) User=0.03s Sys=0.02s Real=0.02s
[2021-01-05T15:26:15.726-0400][gc,heap        ] GC(91) Heap before GC invocations=91 (full 1): garbage-first heap   total 202752K, used 126122K [0x0000000083000000, 0x0000000100000000)
[2021-01-05T15:26:15.727-0400][gc,heap        ] GC(91)   region size 1024K, 74 young (75776K), 2 survivors (2048K)
[2021-01-05T15:26:15.727-0400][gc,heap        ] GC(91)  Metaspace       used 39600K, capacity 42606K, committed 42752K, reserved 1087488K
[2021-01-05T15:26:15.727-0400][gc,heap        ] GC(91)   class space    used 4467K, capacity 5629K, committed 5632K, reserved 1048576K
[2021-01-05T15:26:15.727-0400][gc,start       ] GC(91) Pause Young (Normal) (G1 Evacuation Pause)
[2021-01-05T15:26:15.727-0400][gc,task        ] GC(91) Using 4 workers of 4 for evacuation
[2021-01-05T15:26:15.774-0400][gc,phases      ] GC(91)   Pre Evacuate Collection Set: 0.1ms
[2021-01-05T15:26:15.774-0400][gc,phases      ] GC(91)   Evacuate Collection Set: 37.7ms
[2021-01-05T15:26:15.774-0400][gc,phases      ] GC(91)   Post Evacuate Collection Set: 8.5ms
[2021-01-05T15:26:15.775-0400][gc,phases      ] GC(91)   Other: 1.6ms
[2021-01-05T15:26:15.775-0400][gc,heap        ] GC(91) Eden regions: 72->0(76)
[2021-01-05T15:26:15.775-0400][gc,heap        ] GC(91) Survivor regions: 2->5(10)
[2021-01-05T15:26:15.775-0400][gc,heap        ] GC(91) Old regions: 43->43
[2021-01-05T15:26:15.775-0400][gc,heap        ] GC(91) Humongous regions: 10->4
[2021-01-05T15:26:15.775-0400][gc,metaspace   ] GC(91) Metaspace: 39600K->39600K(1087488K)
[2021-01-05T15:26:15.775-0400][gc,heap        ] GC(91) Heap after GC invocations=92 (full 1): garbage-first heap   total 202752K, used 50218K [0x0000000083000000, 0x0000000100000000)
[2021-01-05T15:26:15.775-0400][gc,heap        ] GC(91)   region size 1024K, 5 young (5120K), 5 survivors (5120K)
[2021-01-05T15:26:15.775-0400][gc,heap        ] GC(91)  Metaspace       used 39600K, capacity 42606K, committed 42752K, reserved 1087488K
[2021-01-05T15:26:15.775-0400][gc,heap        ] GC(91)   class space    used 4467K, capacity 5629K, committed 5632K, reserved 1048576K
[2021-01-05T15:26:15.775-0400][gc             ] GC(91) Pause Young (Normal) (G1 Evacuation Pause) 124M->49M(198M) 48.422ms
[2021-01-05T15:26:15.776-0400][gc,cpu         ] GC(91) User=0.14s Sys=0.00s Real=0.04s
[2021-01-05T15:26:20.614-0400][gc,heap        ] GC(92) Heap before GC invocations=92 (full 1): garbage-first heap   total 202752K, used 129066K [0x0000000083000000, 0x0000000100000000)
[2021-01-05T15:26:20.615-0400][gc,heap        ] GC(92)   region size 1024K, 81 young (82944K), 5 survivors (5120K)
[2021-01-05T15:26:20.615-0400][gc,heap        ] GC(92)  Metaspace       used 39675K, capacity 42744K, committed 43008K, reserved 1087488K
[2021-01-05T15:26:20.615-0400][gc,heap        ] GC(92)   class space    used 4467K, capacity 5629K, committed 5632K, reserved 1048576K
[2021-01-05T15:26:20.615-0400][gc,start       ] GC(92) Pause Young (Normal) (G1 Evacuation Pause)
[2021-01-05T15:26:20.615-0400][gc,task        ] GC(92) Using 4 workers of 4 for evacuation
[2021-01-05T15:26:20.640-0400][gc,phases      ] GC(92)   Pre Evacuate Collection Set: 0.1ms
[2021-01-05T15:26:20.640-0400][gc,phases      ] GC(92)   Evacuate Collection Set: 20.0ms
[2021-01-05T15:26:20.640-0400][gc,phases      ] GC(92)   Post Evacuate Collection Set: 2.9ms
[2021-01-05T15:26:20.640-0400][gc,phases      ] GC(92)   Other: 2.2ms
[2021-01-05T15:26:20.640-0400][gc,heap        ] GC(92) Eden regions: 76->0(85)
[2021-01-05T15:26:20.640-0400][gc,heap        ] GC(92) Survivor regions: 5->2(11)
[2021-01-05T15:26:20.640-0400][gc,heap        ] GC(92) Old regions: 43->43
[2021-01-05T15:26:20.640-0400][gc,heap        ] GC(92) Humongous regions: 6->4
[2021-01-05T15:26:20.640-0400][gc,metaspace   ] GC(92) Metaspace: 39675K->39675K(1087488K)
[2021-01-05T15:26:20.640-0400][gc,heap        ] GC(92) Heap after GC invocations=93 (full 1): garbage-first heap   total 202752K, used 47777K [0x0000000083000000, 0x0000000100000000)
[2021-01-05T15:26:20.640-0400][gc,heap        ] GC(92)   region size 1024K, 2 young (2048K), 2 survivors (2048K)
[2021-01-05T15:26:20.640-0400][gc,heap        ] GC(92)  Metaspace       used 39675K, capacity 42744K, committed 43008K, reserved 1087488K
[2021-01-05T15:26:20.640-0400][gc,heap        ] GC(92)   class space    used 4467K, capacity 5629K, committed 5632K, reserved 1048576K
[2021-01-05T15:26:20.641-0400][gc             ] GC(92) Pause Young (Normal) (G1 Evacuation Pause) 127M->46M(198M) 25.672ms
[2021-01-05T15:26:20.641-0400][gc,cpu         ] GC(92) User=0.07s Sys=0.00s Real=0.03s
[2021-01-05T15:26:29.127-0400][gc,heap        ] GC(93) Heap before GC invocations=93 (full 1): garbage-first heap   total 202752K, used 137889K [0x0000000083000000, 0x0000000100000000)
[2021-01-05T15:26:29.128-0400][gc,heap        ] GC(93)   region size 1024K, 87 young (89088K), 2 survivors (2048K)
[2021-01-05T15:26:29.128-0400][gc,heap        ] GC(93)  Metaspace       used 39851K, capacity 42940K, committed 43008K, reserved 1087488K
[2021-01-05T15:26:29.128-0400][gc,heap        ] GC(93)   class space    used 4467K, capacity 5629K, committed 5632K, reserved 1048576K
[2021-01-05T15:26:29.128-0400][gc,start       ] GC(93) Pause Young (Normal) (G1 Evacuation Pause)
[2021-01-05T15:26:29.128-0400][gc,task        ] GC(93) Using 4 workers of 4 for evacuation
[2021-01-05T15:26:29.145-0400][gc,phases      ] GC(93)   Pre Evacuate Collection Set: 0.1ms
[2021-01-05T15:26:29.145-0400][gc,phases      ] GC(93)   Evacuate Collection Set: 14.1ms
[2021-01-05T15:26:29.145-0400][gc,phases      ] GC(93)   Post Evacuate Collection Set: 2.5ms
[2021-01-05T15:26:29.146-0400][gc,phases      ] GC(93)   Other: 1.3ms
[2021-01-05T15:26:29.146-0400][gc,heap        ] GC(93) Eden regions: 85->0(90)
[2021-01-05T15:26:29.146-0400][gc,heap        ] GC(93) Survivor regions: 2->3(11)
[2021-01-05T15:26:29.146-0400][gc,heap        ] GC(93) Old regions: 43->43
[2021-01-05T15:26:29.146-0400][gc,heap        ] GC(93) Humongous regions: 8->4
[2021-01-05T15:26:29.146-0400][gc,metaspace   ] GC(93) Metaspace: 39851K->39851K(1087488K)
[2021-01-05T15:26:29.146-0400][gc,heap        ] GC(93) Heap after GC invocations=94 (full 1): garbage-first heap   total 202752K, used 48736K [0x0000000083000000, 0x0000000100000000)
[2021-01-05T15:26:29.146-0400][gc,heap        ] GC(93)   region size 1024K, 3 young (3072K), 3 survivors (3072K)
[2021-01-05T15:26:29.146-0400][gc,heap        ] GC(93)  Metaspace       used 39851K, capacity 42940K, committed 43008K, reserved 1087488K
[2021-01-05T15:26:29.146-0400][gc,heap        ] GC(93)   class space    used 4467K, capacity 5629K, committed 5632K, reserved 1048576K
[2021-01-05T15:26:29.146-0400][gc             ] GC(93) Pause Young (Normal) (G1 Evacuation Pause) 135M->47M(198M) 18.318ms
[2021-01-05T15:26:29.146-0400][gc,cpu         ] GC(93) User=0.06s Sys=0.00s Real=0.02s
[2021-01-05T15:26:39.576-0400][gc,heap        ] GC(94) Heap before GC invocations=94 (full 1): garbage-first heap   total 202752K, used 143968K [0x0000000083000000, 0x0000000100000000)
[2021-01-05T15:26:39.576-0400][gc,heap        ] GC(94)   region size 1024K, 93 young (95232K), 3 survivors (3072K)
[2021-01-05T15:26:39.576-0400][gc,heap        ] GC(94)  Metaspace       used 39934K, capacity 43030K, committed 43264K, reserved 1087488K
[2021-01-05T15:26:39.576-0400][gc,heap        ] GC(94)   class space    used 4467K, capacity 5629K, committed 5632K, reserved 1048576K
[2021-01-05T15:26:39.576-0400][gc,start       ] GC(94) Pause Young (Normal) (G1 Evacuation Pause)
[2021-01-05T15:26:39.576-0400][gc,task        ] GC(94) Using 4 workers of 4 for evacuation
[2021-01-05T15:26:39.595-0400][gc,phases      ] GC(94)   Pre Evacuate Collection Set: 0.1ms
[2021-01-05T15:26:39.596-0400][gc,phases      ] GC(94)   Evacuate Collection Set: 16.1ms
[2021-01-05T15:26:39.596-0400][gc,phases      ] GC(94)   Post Evacuate Collection Set: 2.2ms
[2021-01-05T15:26:39.596-0400][gc,phases      ] GC(94)   Other: 1.3ms
[2021-01-05T15:26:39.596-0400][gc,heap        ] GC(94) Eden regions: 90->0(95)
[2021-01-05T15:26:39.596-0400][gc,heap        ] GC(94) Survivor regions: 3->3(12)
[2021-01-05T15:26:39.596-0400][gc,heap        ] GC(94) Old regions: 43->43
[2021-01-05T15:26:39.596-0400][gc,heap        ] GC(94) Humongous regions: 8->4
[2021-01-05T15:26:39.596-0400][gc,metaspace   ] GC(94) Metaspace: 39934K->39934K(1087488K)
[2021-01-05T15:26:39.596-0400][gc,heap        ] GC(94) Heap after GC invocations=95 (full 1): garbage-first heap   total 202752K, used 49039K [0x0000000083000000, 0x0000000100000000)
[2021-01-05T15:26:39.596-0400][gc,heap        ] GC(94)   region size 1024K, 3 young (3072K), 3 survivors (3072K)
[2021-01-05T15:26:39.596-0400][gc,heap        ] GC(94)  Metaspace       used 39934K, capacity 43030K, committed 43264K, reserved 1087488K
[2021-01-05T15:26:39.596-0400][gc,heap        ] GC(94)   class space    used 4467K, capacity 5629K, committed 5632K, reserved 1048576K
[2021-01-05T15:26:39.596-0400][gc             ] GC(94) Pause Young (Normal) (G1 Evacuation Pause) 141M->47M(198M) 20.045ms
[2021-01-05T15:26:39.597-0400][gc,cpu         ] GC(94) User=0.06s Sys=0.00s Real=0.02s
[2021-01-05T15:26:51.185-0400][gc,heap        ] GC(95) Heap before GC invocations=95 (full 1): garbage-first heap   total 202752K, used 149391K [0x0000000083000000, 0x0000000100000000)
[2021-01-05T15:26:51.185-0400][gc,heap        ] GC(95)   region size 1024K, 98 young (100352K), 3 survivors (3072K)
[2021-01-05T15:26:51.185-0400][gc,heap        ] GC(95)  Metaspace       used 40027K, capacity 43059K, committed 43264K, reserved 1087488K
[2021-01-05T15:26:51.185-0400][gc,heap        ] GC(95)   class space    used 4467K, capacity 5629K, committed 5632K, reserved 1048576K
[2021-01-05T15:26:51.185-0400][gc,start       ] GC(95) Pause Young (Normal) (G1 Evacuation Pause)
[2021-01-05T15:26:51.185-0400][gc,task        ] GC(95) Using 4 workers of 4 for evacuation
[2021-01-05T15:26:51.205-0400][gc,phases      ] GC(95)   Pre Evacuate Collection Set: 0.1ms
[2021-01-05T15:26:51.205-0400][gc,phases      ] GC(95)   Evacuate Collection Set: 16.1ms
[2021-01-05T15:26:51.205-0400][gc,phases      ] GC(95)   Post Evacuate Collection Set: 2.5ms
[2021-01-05T15:26:51.205-0400][gc,phases      ] GC(95)   Other: 1.3ms
[2021-01-05T15:26:51.205-0400][gc,heap        ] GC(95) Eden regions: 95->0(100)
[2021-01-05T15:26:51.205-0400][gc,heap        ] GC(95) Survivor regions: 3->3(13)
[2021-01-05T15:26:51.205-0400][gc,heap        ] GC(95) Old regions: 43->43
[2021-01-05T15:26:51.205-0400][gc,heap        ] GC(95) Humongous regions: 8->4
[2021-01-05T15:26:51.205-0400][gc,metaspace   ] GC(95) Metaspace: 40027K->40027K(1087488K)
[2021-01-05T15:26:51.205-0400][gc,heap        ] GC(95) Heap after GC invocations=96 (full 1): garbage-first heap   total 202752K, used 49055K [0x0000000083000000, 0x0000000100000000)
[2021-01-05T15:26:51.205-0400][gc,heap        ] GC(95)   region size 1024K, 3 young (3072K), 3 survivors (3072K)
[2021-01-05T15:26:51.206-0400][gc,heap        ] GC(95)  Metaspace       used 40027K, capacity 43059K, committed 43264K, reserved 1087488K
[2021-01-05T15:26:51.206-0400][gc,heap        ] GC(95)   class space    used 4467K, capacity 5629K, committed 5632K, reserved 1048576K
[2021-01-05T15:26:51.206-0400][gc             ] GC(95) Pause Young (Normal) (G1 Evacuation Pause) 146M->47M(198M) 20.391ms
[2021-01-05T15:26:51.206-0400][gc,cpu         ] GC(95) User=0.06s Sys=0.01s Real=0.03s
[2021-01-05T15:27:01.455-0400][gc,heap        ] GC(96) Heap before GC invocations=96 (full 1): garbage-first heap   total 202752K, used 154527K [0x0000000083000000, 0x0000000100000000)
[2021-01-05T15:27:01.455-0400][gc,heap        ] GC(96)   region size 1024K, 103 young (105472K), 3 survivors (3072K)
[2021-01-05T15:27:01.456-0400][gc,heap        ] GC(96)  Metaspace       used 40072K, capacity 43147K, committed 43392K, reserved 1087488K
[2021-01-05T15:27:01.456-0400][gc,heap        ] GC(96)   class space    used 4471K, capacity 5636K, committed 5760K, reserved 1048576K
[2021-01-05T15:27:01.456-0400][gc,start       ] GC(96) Pause Young (Normal) (G1 Evacuation Pause)
[2021-01-05T15:27:01.456-0400][gc,task        ] GC(96) Using 4 workers of 4 for evacuation
[2021-01-05T15:27:01.477-0400][gc,phases      ] GC(96)   Pre Evacuate Collection Set: 0.1ms
[2021-01-05T15:27:01.478-0400][gc,phases      ] GC(96)   Evacuate Collection Set: 17.9ms
[2021-01-05T15:27:01.478-0400][gc,phases      ] GC(96)   Post Evacuate Collection Set: 2.8ms
[2021-01-05T15:27:01.478-0400][gc,phases      ] GC(96)   Other: 1.3ms
[2021-01-05T15:27:01.478-0400][gc,heap        ] GC(96) Eden regions: 100->0(103)
[2021-01-05T15:27:01.478-0400][gc,heap        ] GC(96) Survivor regions: 3->4(13)
[2021-01-05T15:27:01.478-0400][gc,heap        ] GC(96) Old regions: 43->43
[2021-01-05T15:27:01.478-0400][gc,heap        ] GC(96) Humongous regions: 8->4
[2021-01-05T15:27:01.478-0400][gc,metaspace   ] GC(96) Metaspace: 40072K->40072K(1087488K)
[2021-01-05T15:27:01.478-0400][gc,heap        ] GC(96) Heap after GC invocations=97 (full 1): garbage-first heap   total 202752K, used 49422K [0x0000000083000000, 0x0000000100000000)
[2021-01-05T15:27:01.478-0400][gc,heap        ] GC(96)   region size 1024K, 4 young (4096K), 4 survivors (4096K)
[2021-01-05T15:27:01.478-0400][gc,heap        ] GC(96)  Metaspace       used 40072K, capacity 43147K, committed 43392K, reserved 1087488K
[2021-01-05T15:27:01.478-0400][gc,heap        ] GC(96)   class space    used 4471K, capacity 5636K, committed 5760K, reserved 1048576K
[2021-01-05T15:27:01.478-0400][gc             ] GC(96) Pause Young (Normal) (G1 Evacuation Pause) 151M->48M(198M) 22.672ms
[2021-01-05T15:27:01.479-0400][gc,cpu         ] GC(96) User=0.07s Sys=0.01s Real=0.02s
[2021-01-05T15:27:05.347-0400][gc,heap        ] GC(97) Heap before GC invocations=97 (full 1): garbage-first heap   total 202752K, used 108814K [0x0000000083000000, 0x0000000100000000)
[2021-01-05T15:27:05.348-0400][gc,heap        ] GC(97)   region size 1024K, 62 young (63488K), 4 survivors (4096K)
[2021-01-05T15:27:05.348-0400][gc,heap        ] GC(97)  Metaspace       used 40089K, capacity 43150K, committed 43392K, reserved 1087488K
[2021-01-05T15:27:05.348-0400][gc,heap        ] GC(97)   class space    used 4472K, capacity 5637K, committed 5760K, reserved 1048576K
[2021-01-05T15:27:05.348-0400][gc,start       ] GC(97) Pause Young (Concurrent Start) (G1 Humongous Allocation)
[2021-01-05T15:27:05.348-0400][gc,task        ] GC(97) Using 4 workers of 4 for evacuation
[2021-01-05T15:27:05.399-0400][gc,phases      ] GC(97)   Pre Evacuate Collection Set: 0.8ms
[2021-01-05T15:27:05.399-0400][gc,phases      ] GC(97)   Evacuate Collection Set: 46.6ms
[2021-01-05T15:27:05.399-0400][gc,phases      ] GC(97)   Post Evacuate Collection Set: 2.6ms
[2021-01-05T15:27:05.400-0400][gc,phases      ] GC(97)   Other: 1.9ms
[2021-01-05T15:27:05.400-0400][gc,heap        ] GC(97) Eden regions: 58->0(105)
[2021-01-05T15:27:05.400-0400][gc,heap        ] GC(97) Survivor regions: 4->5(14)
[2021-01-05T15:27:05.400-0400][gc,heap        ] GC(97) Old regions: 43->43
[2021-01-05T15:27:05.400-0400][gc,heap        ] GC(97) Humongous regions: 6->4
[2021-01-05T15:27:05.400-0400][gc,metaspace   ] GC(97) Metaspace: 40089K->40089K(1087488K)
[2021-01-05T15:27:05.400-0400][gc,heap        ] GC(97) Heap after GC invocations=98 (full 1): garbage-first heap   total 202752K, used 50779K [0x0000000083000000, 0x0000000100000000)
[2021-01-05T15:27:05.400-0400][gc,heap        ] GC(97)   region size 1024K, 5 young (5120K), 5 survivors (5120K)
[2021-01-05T15:27:05.400-0400][gc,heap        ] GC(97)  Metaspace       used 40089K, capacity 43150K, committed 43392K, reserved 1087488K
[2021-01-05T15:27:05.400-0400][gc,heap        ] GC(97)   class space    used 4472K, capacity 5637K, committed 5760K, reserved 1048576K
[2021-01-05T15:27:05.400-0400][gc             ] GC(97) Pause Young (Concurrent Start) (G1 Humongous Allocation) 107M->49M(198M) 52.342ms
[2021-01-05T15:27:05.401-0400][gc,cpu         ] GC(97) User=0.13s Sys=0.00s Real=0.05s
[2021-01-05T15:27:05.401-0400][gc             ] GC(98) Concurrent Cycle
[2021-01-05T15:27:05.401-0400][gc,marking     ] GC(98) Concurrent Clear Claimed Marks
[2021-01-05T15:27:05.402-0400][gc,marking     ] GC(98) Concurrent Clear Claimed Marks 0.608ms
[2021-01-05T15:27:05.402-0400][gc,marking     ] GC(98) Concurrent Scan Root Regions
[2021-01-05T15:27:05.424-0400][gc,marking     ] GC(98) Concurrent Scan Root Regions 22.471ms
[2021-01-05T15:27:05.425-0400][gc,marking     ] GC(98) Concurrent Mark (164.043s)
[2021-01-05T15:27:05.425-0400][gc,marking     ] GC(98) Concurrent Mark From Roots
[2021-01-05T15:27:05.425-0400][gc,task        ] GC(98) Using 1 workers of 1 for marking
[2021-01-05T15:27:05.698-0400][gc,marking     ] GC(98) Concurrent Mark From Roots 273.318ms
[2021-01-05T15:27:05.698-0400][gc,marking     ] GC(98) Concurrent Preclean
[2021-01-05T15:27:05.699-0400][gc,marking     ] GC(98) Concurrent Preclean 0.391ms
[2021-01-05T15:27:05.699-0400][gc,marking     ] GC(98) Concurrent Mark (164.043s, 164.317s) 274.136ms
[2021-01-05T15:27:05.700-0400][gc,start       ] GC(98) Pause Remark
[2021-01-05T15:27:05.737-0400][gc,stringtable ] GC(98) Cleaned string and symbol table, strings: 22626 processed, 1 removed, symbols: 92404 processed, 4 removed
[2021-01-05T15:27:05.737-0400][gc             ] GC(98) Pause Remark 55M->55M(198M) 37.369ms
[2021-01-05T15:27:05.738-0400][gc,cpu         ] GC(98) User=0.12s Sys=0.01s Real=0.04s
[2021-01-05T15:27:05.739-0400][gc,marking     ] GC(98) Concurrent Rebuild Remembered Sets
[2021-01-05T15:27:05.892-0400][gc,marking     ] GC(98) Concurrent Rebuild Remembered Sets 153.020ms
[2021-01-05T15:27:05.893-0400][gc,start       ] GC(98) Pause Cleanup
[2021-01-05T15:27:05.894-0400][gc             ] GC(98) Pause Cleanup 55M->55M(198M) 0.688ms
[2021-01-05T15:27:05.894-0400][gc,cpu         ] GC(98) User=0.00s Sys=0.00s Real=0.00s
[2021-01-05T15:27:05.894-0400][gc,marking     ] GC(98) Concurrent Cleanup for Next Mark
[2021-01-05T15:27:05.899-0400][gc,marking     ] GC(98) Concurrent Cleanup for Next Mark 5.031ms
[2021-01-05T15:27:05.900-0400][gc             ] GC(98) Concurrent Cycle 498.609ms
[2021-01-05T15:27:14.717-0400][gc,heap        ] GC(99) Heap before GC invocations=99 (full 1): garbage-first heap   total 202752K, used 124507K [0x0000000083000000, 0x0000000100000000)
[2021-01-05T15:27:14.717-0400][gc,heap        ] GC(99)   region size 1024K, 77 young (78848K), 5 survivors (5120K)
[2021-01-05T15:27:14.717-0400][gc,heap        ] GC(99)  Metaspace       used 40164K, capacity 43247K, committed 43392K, reserved 1087488K
[2021-01-05T15:27:14.717-0400][gc,heap        ] GC(99)   class space    used 4473K, capacity 5669K, committed 5760K, reserved 1048576K
[2021-01-05T15:27:14.718-0400][gc,start       ] GC(99) Pause Young (Concurrent Start) (G1 Humongous Allocation)
[2021-01-05T15:27:14.718-0400][gc,task        ] GC(99) Using 4 workers of 4 for evacuation
[2021-01-05T15:27:14.744-0400][gc,phases      ] GC(99)   Pre Evacuate Collection Set: 0.3ms
[2021-01-05T15:27:14.745-0400][gc,phases      ] GC(99)   Evacuate Collection Set: 22.5ms
[2021-01-05T15:27:14.745-0400][gc,phases      ] GC(99)   Post Evacuate Collection Set: 3.1ms
[2021-01-05T15:27:14.745-0400][gc,phases      ] GC(99)   Other: 1.3ms
[2021-01-05T15:27:14.745-0400][gc,heap        ] GC(99) Eden regions: 72->0(103)
[2021-01-05T15:27:14.745-0400][gc,heap        ] GC(99) Survivor regions: 5->5(14)
[2021-01-05T15:27:14.745-0400][gc,heap        ] GC(99) Old regions: 43->43
[2021-01-05T15:27:14.745-0400][gc,heap        ] GC(99) Humongous regions: 6->4
[2021-01-05T15:27:14.745-0400][gc,metaspace   ] GC(99) Metaspace: 40164K->40164K(1087488K)
[2021-01-05T15:27:14.745-0400][gc,heap        ] GC(99) Heap after GC invocations=100 (full 1): garbage-first heap   total 202752K, used 50545K [0x0000000083000000, 0x0000000100000000)
[2021-01-05T15:27:14.745-0400][gc,heap        ] GC(99)   region size 1024K, 5 young (5120K), 5 survivors (5120K)
[2021-01-05T15:27:14.745-0400][gc,heap        ] GC(99)  Metaspace       used 40164K, capacity 43247K, committed 43392K, reserved 1087488K
[2021-01-05T15:27:14.745-0400][gc,heap        ] GC(99)   class space    used 4473K, capacity 5669K, committed 5760K, reserved 1048576K
[2021-01-05T15:27:14.745-0400][gc             ] GC(99) Pause Young (Concurrent Start) (G1 Humongous Allocation) 122M->49M(198M) 27.782ms
[2021-01-05T15:27:14.745-0400][gc,cpu         ] GC(99) User=0.09s Sys=0.01s Real=0.02s
[2021-01-05T15:27:14.746-0400][gc             ] GC(100) Concurrent Cycle
[2021-01-05T15:27:14.746-0400][gc,marking     ] GC(100) Concurrent Clear Claimed Marks
[2021-01-05T15:27:14.746-0400][gc,marking     ] GC(100) Concurrent Clear Claimed Marks 0.630ms
[2021-01-05T15:27:14.747-0400][gc,marking     ] GC(100) Concurrent Scan Root Regions
[2021-01-05T15:27:14.772-0400][gc,marking     ] GC(100) Concurrent Scan Root Regions 25.254ms
[2021-01-05T15:27:14.772-0400][gc,marking     ] GC(100) Concurrent Mark (173.391s)
[2021-01-05T15:27:14.772-0400][gc,marking     ] GC(100) Concurrent Mark From Roots
[2021-01-05T15:27:14.772-0400][gc,task        ] GC(100) Using 1 workers of 1 for marking
[2021-01-05T15:27:15.033-0400][gc,marking     ] GC(100) Concurrent Mark From Roots 260.936ms
[2021-01-05T15:27:15.033-0400][gc,marking     ] GC(100) Concurrent Preclean
[2021-01-05T15:27:15.034-0400][gc,marking     ] GC(100) Concurrent Preclean 0.325ms
[2021-01-05T15:27:15.034-0400][gc,marking     ] GC(100) Concurrent Mark (173.391s, 173.652s) 261.513ms
[2021-01-05T15:27:15.035-0400][gc,start       ] GC(100) Pause Remark
[2021-01-05T15:27:15.067-0400][gc,stringtable ] GC(100) Cleaned string and symbol table, strings: 22651 processed, 0 removed, symbols: 92409 processed, 0 removed
[2021-01-05T15:27:15.067-0400][gc             ] GC(100) Pause Remark 55M->55M(198M) 32.533ms
[2021-01-05T15:27:15.068-0400][gc,cpu         ] GC(100) User=0.11s Sys=0.01s Real=0.04s
[2021-01-05T15:27:15.069-0400][gc,marking     ] GC(100) Concurrent Rebuild Remembered Sets
[2021-01-05T15:27:15.207-0400][gc,marking     ] GC(100) Concurrent Rebuild Remembered Sets 138.352ms
[2021-01-05T15:27:15.208-0400][gc,start       ] GC(100) Pause Cleanup
[2021-01-05T15:27:15.209-0400][gc             ] GC(100) Pause Cleanup 57M->57M(198M) 0.554ms
[2021-01-05T15:27:15.209-0400][gc,cpu         ] GC(100) User=0.00s Sys=0.00s Real=0.00s
[2021-01-05T15:27:15.210-0400][gc,marking     ] GC(100) Concurrent Cleanup for Next Mark
[2021-01-05T15:27:15.213-0400][gc,marking     ] GC(100) Concurrent Cleanup for Next Mark 3.146ms
[2021-01-05T15:27:15.213-0400][gc             ] GC(100) Concurrent Cycle 467.318ms
[2021-01-05T15:27:15.309-0400][gc,heap        ] GC(101) Heap before GC invocations=101 (full 1): garbage-first heap   total 202752K, used 68977K [0x0000000083000000, 0x0000000100000000)
[2021-01-05T15:27:15.309-0400][gc,heap        ] GC(101)   region size 1024K, 22 young (22528K), 5 survivors (5120K)
[2021-01-05T15:27:15.309-0400][gc,heap        ] GC(101)  Metaspace       used 40166K, capacity 43250K, committed 43392K, reserved 1087488K
[2021-01-05T15:27:15.309-0400][gc,heap        ] GC(101)   class space    used 4473K, capacity 5670K, committed 5760K, reserved 1048576K
[2021-01-05T15:27:15.309-0400][gc,start       ] GC(101) Pause Young (Concurrent Start) (G1 Humongous Allocation)
[2021-01-05T15:27:15.309-0400][gc,task        ] GC(101) Using 4 workers of 4 for evacuation
[2021-01-05T15:27:15.332-0400][gc,phases      ] GC(101)   Pre Evacuate Collection Set: 0.4ms
[2021-01-05T15:27:15.332-0400][gc,phases      ] GC(101)   Evacuate Collection Set: 20.0ms
[2021-01-05T15:27:15.332-0400][gc,phases      ] GC(101)   Post Evacuate Collection Set: 1.6ms
[2021-01-05T15:27:15.332-0400][gc,phases      ] GC(101)   Other: 1.3ms
[2021-01-05T15:27:15.332-0400][gc,heap        ] GC(101) Eden regions: 17->0(107)
[2021-01-05T15:27:15.332-0400][gc,heap        ] GC(101) Survivor regions: 5->4(14)
[2021-01-05T15:27:15.332-0400][gc,heap        ] GC(101) Old regions: 43->43
[2021-01-05T15:27:15.332-0400][gc,heap        ] GC(101) Humongous regions: 7->4
[2021-01-05T15:27:15.333-0400][gc,metaspace   ] GC(101) Metaspace: 40166K->40166K(1087488K)
[2021-01-05T15:27:15.333-0400][gc,heap        ] GC(101) Heap after GC invocations=102 (full 1): garbage-first heap   total 202752K, used 49803K [0x0000000083000000, 0x0000000100000000)
[2021-01-05T15:27:15.333-0400][gc,heap        ] GC(101)   region size 1024K, 4 young (4096K), 4 survivors (4096K)
[2021-01-05T15:27:15.333-0400][gc,heap        ] GC(101)  Metaspace       used 40166K, capacity 43250K, committed 43392K, reserved 1087488K
[2021-01-05T15:27:15.333-0400][gc,heap        ] GC(101)   class space    used 4473K, capacity 5670K, committed 5760K, reserved 1048576K
[2021-01-05T15:27:15.333-0400][gc             ] GC(101) Pause Young (Concurrent Start) (G1 Humongous Allocation) 68M->48M(198M) 23.721ms
[2021-01-05T15:27:15.333-0400][gc,cpu         ] GC(101) User=0.07s Sys=0.00s Real=0.02s
[2021-01-05T15:27:15.333-0400][gc             ] GC(102) Concurrent Cycle
[2021-01-05T15:27:15.333-0400][gc,marking     ] GC(102) Concurrent Clear Claimed Marks
[2021-01-05T15:27:15.334-0400][gc,marking     ] GC(102) Concurrent Clear Claimed Marks 0.858ms
[2021-01-05T15:27:15.334-0400][gc,marking     ] GC(102) Concurrent Scan Root Regions
[2021-01-05T15:27:15.351-0400][gc,marking     ] GC(102) Concurrent Scan Root Regions 16.500ms
[2021-01-05T15:27:15.351-0400][gc,marking     ] GC(102) Concurrent Mark (173.970s)
[2021-01-05T15:27:15.351-0400][gc,marking     ] GC(102) Concurrent Mark From Roots
[2021-01-05T15:27:15.351-0400][gc,task        ] GC(102) Using 1 workers of 1 for marking
[2021-01-05T15:27:15.589-0400][gc,marking     ] GC(102) Concurrent Mark From Roots 237.524ms
[2021-01-05T15:27:15.589-0400][gc,marking     ] GC(102) Concurrent Preclean
[2021-01-05T15:27:15.589-0400][gc,marking     ] GC(102) Concurrent Preclean 0.273ms
[2021-01-05T15:27:15.589-0400][gc,marking     ] GC(102) Concurrent Mark (173.970s, 174.208s) 238.010ms
[2021-01-05T15:27:15.590-0400][gc,start       ] GC(102) Pause Remark
[2021-01-05T15:27:15.622-0400][gc,stringtable ] GC(102) Cleaned string and symbol table, strings: 22653 processed, 0 removed, symbols: 92413 processed, 0 removed
[2021-01-05T15:27:15.622-0400][gc             ] GC(102) Pause Remark 52M->52M(198M) 32.218ms
[2021-01-05T15:27:15.623-0400][gc,cpu         ] GC(102) User=0.12s Sys=0.00s Real=0.03s
[2021-01-05T15:27:15.623-0400][gc,marking     ] GC(102) Concurrent Rebuild Remembered Sets
[2021-01-05T15:27:15.759-0400][gc,marking     ] GC(102) Concurrent Rebuild Remembered Sets 135.858ms
[2021-01-05T15:27:15.760-0400][gc,start       ] GC(102) Pause Cleanup
[2021-01-05T15:27:15.761-0400][gc             ] GC(102) Pause Cleanup 52M->52M(198M) 0.608ms
[2021-01-05T15:27:15.761-0400][gc,cpu         ] GC(102) User=0.00s Sys=0.00s Real=0.00s
[2021-01-05T15:27:15.761-0400][gc,marking     ] GC(102) Concurrent Cleanup for Next Mark
[2021-01-05T15:27:15.764-0400][gc,marking     ] GC(102) Concurrent Cleanup for Next Mark 2.347ms
[2021-01-05T15:27:15.764-0400][gc             ] GC(102) Concurrent Cycle 430.462ms
[2021-01-05T15:27:24.785-0400][gc,heap        ] GC(103) Heap before GC invocations=103 (full 1): garbage-first heap   total 202752K, used 148107K [0x0000000083000000, 0x0000000100000000)
[2021-01-05T15:27:24.785-0400][gc,heap        ] GC(103)   region size 1024K, 101 young (103424K), 4 survivors (4096K)
[2021-01-05T15:27:24.785-0400][gc,heap        ] GC(103)  Metaspace       used 40225K, capacity 43381K, committed 43648K, reserved 1087488K
[2021-01-05T15:27:24.785-0400][gc,heap        ] GC(103)   class space    used 4474K, capacity 5671K, committed 5760K, reserved 1048576K
[2021-01-05T15:27:24.786-0400][gc,start       ] GC(103) Pause Young (Concurrent Start) (G1 Humongous Allocation)
[2021-01-05T15:27:24.786-0400][gc,task        ] GC(103) Using 4 workers of 4 for evacuation
[2021-01-05T15:27:24.835-0400][gc,phases      ] GC(103)   Pre Evacuate Collection Set: 1.1ms
[2021-01-05T15:27:24.835-0400][gc,phases      ] GC(103)   Evacuate Collection Set: 41.8ms
[2021-01-05T15:27:24.835-0400][gc,phases      ] GC(103)   Post Evacuate Collection Set: 4.9ms
[2021-01-05T15:27:24.835-0400][gc,phases      ] GC(103)   Other: 2.1ms
[2021-01-05T15:27:24.835-0400][gc,heap        ] GC(103) Eden regions: 97->0(109)
[2021-01-05T15:27:24.835-0400][gc,heap        ] GC(103) Survivor regions: 4->5(14)
[2021-01-05T15:27:24.836-0400][gc,heap        ] GC(103) Old regions: 43->43
[2021-01-05T15:27:24.836-0400][gc,heap        ] GC(103) Humongous regions: 5->4
[2021-01-05T15:27:24.836-0400][gc,metaspace   ] GC(103) Metaspace: 40225K->40225K(1087488K)
[2021-01-05T15:27:24.836-0400][gc,heap        ] GC(103) Heap after GC invocations=104 (full 1): garbage-first heap   total 202752K, used 50486K [0x0000000083000000, 0x0000000100000000)
[2021-01-05T15:27:24.836-0400][gc,heap        ] GC(103)   region size 1024K, 5 young (5120K), 5 survivors (5120K)
[2021-01-05T15:27:24.836-0400][gc,heap        ] GC(103)  Metaspace       used 40225K, capacity 43381K, committed 43648K, reserved 1087488K
[2021-01-05T15:27:24.836-0400][gc,heap        ] GC(103)   class space    used 4474K, capacity 5671K, committed 5760K, reserved 1048576K
[2021-01-05T15:27:24.836-0400][gc             ] GC(103) Pause Young (Concurrent Start) (G1 Humongous Allocation) 145M->49M(198M) 50.478ms
[2021-01-05T15:27:24.836-0400][gc,cpu         ] GC(103) User=0.14s Sys=0.00s Real=0.05s
[2021-01-05T15:27:24.837-0400][gc             ] GC(104) Concurrent Cycle
[2021-01-05T15:27:24.837-0400][gc,marking     ] GC(104) Concurrent Clear Claimed Marks
[2021-01-05T15:27:24.837-0400][gc,marking     ] GC(104) Concurrent Clear Claimed Marks 0.431ms
[2021-01-05T15:27:24.837-0400][gc,marking     ] GC(104) Concurrent Scan Root Regions
[2021-01-05T15:27:24.885-0400][gc,marking     ] GC(104) Concurrent Scan Root Regions 47.305ms
[2021-01-05T15:27:24.885-0400][gc,marking     ] GC(104) Concurrent Mark (183.504s)
[2021-01-05T15:27:24.885-0400][gc,marking     ] GC(104) Concurrent Mark From Roots
[2021-01-05T15:27:24.885-0400][gc,task        ] GC(104) Using 1 workers of 1 for marking
[2021-01-05T15:27:25.205-0400][gc,marking     ] GC(104) Concurrent Mark From Roots 319.960ms
[2021-01-05T15:27:25.205-0400][gc,marking     ] GC(104) Concurrent Preclean
[2021-01-05T15:27:25.205-0400][gc,marking     ] GC(104) Concurrent Preclean 0.275ms
[2021-01-05T15:27:25.205-0400][gc,marking     ] GC(104) Concurrent Mark (183.504s, 183.824s) 320.470ms
[2021-01-05T15:27:25.207-0400][gc,start       ] GC(104) Pause Remark
[2021-01-05T15:27:25.239-0400][gc,stringtable ] GC(104) Cleaned string and symbol table, strings: 22659 processed, 0 removed, symbols: 92413 processed, 0 removed
[2021-01-05T15:27:25.240-0400][gc             ] GC(104) Pause Remark 56M->56M(198M) 33.818ms
[2021-01-05T15:27:25.241-0400][gc,cpu         ] GC(104) User=0.12s Sys=0.00s Real=0.03s
[2021-01-05T15:27:25.241-0400][gc,marking     ] GC(104) Concurrent Rebuild Remembered Sets
[2021-01-05T15:27:25.393-0400][gc,marking     ] GC(104) Concurrent Rebuild Remembered Sets 151.753ms
[2021-01-05T15:27:25.394-0400][gc,start       ] GC(104) Pause Cleanup
[2021-01-05T15:27:25.395-0400][gc             ] GC(104) Pause Cleanup 58M->58M(198M) 0.709ms
[2021-01-05T15:27:25.395-0400][gc,cpu         ] GC(104) User=0.01s Sys=0.00s Real=0.00s
[2021-01-05T15:27:25.395-0400][gc,marking     ] GC(104) Concurrent Cleanup for Next Mark
[2021-01-05T15:27:25.400-0400][gc,marking     ] GC(104) Concurrent Cleanup for Next Mark 4.392ms
[2021-01-05T15:27:25.400-0400][gc             ] GC(104) Concurrent Cycle 563.403ms
[2021-01-05T15:27:25.730-0400][gc,heap        ] GC(105) Heap before GC invocations=105 (full 1): garbage-first heap   total 202752K, used 70966K [0x0000000083000000, 0x0000000100000000)
[2021-01-05T15:27:25.730-0400][gc,heap        ] GC(105)   region size 1024K, 25 young (25600K), 5 survivors (5120K)
[2021-01-05T15:27:25.730-0400][gc,heap        ] GC(105)  Metaspace       used 40252K, capacity 43387K, committed 43648K, reserved 1087488K
[2021-01-05T15:27:25.731-0400][gc,heap        ] GC(105)   class space    used 4474K, capacity 5672K, committed 5760K, reserved 1048576K
[2021-01-05T15:27:25.731-0400][gc,start       ] GC(105) Pause Young (Concurrent Start) (G1 Humongous Allocation)
[2021-01-05T15:27:25.731-0400][gc,task        ] GC(105) Using 4 workers of 4 for evacuation
[2021-01-05T15:27:25.760-0400][gc,phases      ] GC(105)   Pre Evacuate Collection Set: 0.4ms
[2021-01-05T15:27:25.760-0400][gc,phases      ] GC(105)   Evacuate Collection Set: 25.8ms
[2021-01-05T15:27:25.760-0400][gc,phases      ] GC(105)   Post Evacuate Collection Set: 1.8ms
[2021-01-05T15:27:25.760-0400][gc,phases      ] GC(105)   Other: 1.3ms
[2021-01-05T15:27:25.760-0400][gc,heap        ] GC(105) Eden regions: 20->0(111)
[2021-01-05T15:27:25.760-0400][gc,heap        ] GC(105) Survivor regions: 5->5(15)
[2021-01-05T15:27:25.760-0400][gc,heap        ] GC(105) Old regions: 43->43
[2021-01-05T15:27:25.760-0400][gc,heap        ] GC(105) Humongous regions: 6->4
[2021-01-05T15:27:25.760-0400][gc,metaspace   ] GC(105) Metaspace: 40252K->40252K(1087488K)
[2021-01-05T15:27:25.760-0400][gc,heap        ] GC(105) Heap after GC invocations=106 (full 1): garbage-first heap   total 202752K, used 50523K [0x0000000083000000, 0x0000000100000000)
[2021-01-05T15:27:25.760-0400][gc,heap        ] GC(105)   region size 1024K, 5 young (5120K), 5 survivors (5120K)
[2021-01-05T15:27:25.760-0400][gc,heap        ] GC(105)  Metaspace       used 40252K, capacity 43387K, committed 43648K, reserved 1087488K
[2021-01-05T15:27:25.760-0400][gc,heap        ] GC(105)   class space    used 4474K, capacity 5672K, committed 5760K, reserved 1048576K
[2021-01-05T15:27:25.760-0400][gc             ] GC(105) Pause Young (Concurrent Start) (G1 Humongous Allocation) 71M->49M(198M) 29.700ms
[2021-01-05T15:27:25.761-0400][gc,cpu         ] GC(105) User=0.07s Sys=0.00s Real=0.03s
[2021-01-05T15:27:25.761-0400][gc             ] GC(106) Concurrent Cycle
[2021-01-05T15:27:25.761-0400][gc,marking     ] GC(106) Concurrent Clear Claimed Marks
[2021-01-05T15:27:25.762-0400][gc,marking     ] GC(106) Concurrent Clear Claimed Marks 0.822ms
[2021-01-05T15:27:25.762-0400][gc,marking     ] GC(106) Concurrent Scan Root Regions
[2021-01-05T15:27:25.818-0400][gc,marking     ] GC(106) Concurrent Scan Root Regions 56.290ms
[2021-01-05T15:27:25.819-0400][gc,marking     ] GC(106) Concurrent Mark (184.437s)
[2021-01-05T15:27:25.819-0400][gc,marking     ] GC(106) Concurrent Mark From Roots
[2021-01-05T15:27:25.819-0400][gc,task        ] GC(106) Using 1 workers of 1 for marking
[2021-01-05T15:27:26.101-0400][gc,marking     ] GC(106) Concurrent Mark From Roots 281.912ms
[2021-01-05T15:27:26.101-0400][gc,marking     ] GC(106) Concurrent Preclean
[2021-01-05T15:27:26.101-0400][gc,marking     ] GC(106) Concurrent Preclean 0.406ms
[2021-01-05T15:27:26.101-0400][gc,marking     ] GC(106) Concurrent Mark (184.437s, 184.720s) 282.648ms
[2021-01-05T15:27:26.103-0400][gc,start       ] GC(106) Pause Remark
[2021-01-05T15:27:26.139-0400][gc,stringtable ] GC(106) Cleaned string and symbol table, strings: 22663 processed, 0 removed, symbols: 92415 processed, 0 removed
[2021-01-05T15:27:26.140-0400][gc             ] GC(106) Pause Remark 57M->57M(198M) 37.402ms
[2021-01-05T15:27:26.140-0400][gc,cpu         ] GC(106) User=0.12s Sys=0.02s Real=0.04s
[2021-01-05T15:27:26.140-0400][gc,marking     ] GC(106) Concurrent Rebuild Remembered Sets
[2021-01-05T15:27:26.317-0400][gc,marking     ] GC(106) Concurrent Rebuild Remembered Sets 176.362ms
[2021-01-05T15:27:26.318-0400][gc,start       ] GC(106) Pause Cleanup
[2021-01-05T15:27:26.319-0400][gc             ] GC(106) Pause Cleanup 58M->58M(198M) 0.788ms
[2021-01-05T15:27:26.319-0400][gc,cpu         ] GC(106) User=0.00s Sys=0.00s Real=0.00s
[2021-01-05T15:27:26.319-0400][gc,marking     ] GC(106) Concurrent Cleanup for Next Mark
[2021-01-05T15:27:26.323-0400][gc,marking     ] GC(106) Concurrent Cleanup for Next Mark 3.557ms
[2021-01-05T15:27:26.323-0400][gc             ] GC(106) Concurrent Cycle 562.571ms
[2021-01-05T15:27:34.719-0400][gc,heap        ] GC(107) Heap before GC invocations=107 (full 1): garbage-first heap   total 202752K, used 128347K [0x0000000083000000, 0x0000000100000000)
[2021-01-05T15:27:34.719-0400][gc,heap        ] GC(107)   region size 1024K, 81 young (82944K), 5 survivors (5120K)
[2021-01-05T15:27:34.719-0400][gc,heap        ] GC(107)  Metaspace       used 40288K, capacity 43387K, committed 43648K, reserved 1087488K
[2021-01-05T15:27:34.719-0400][gc,heap        ] GC(107)   class space    used 4474K, capacity 5672K, committed 5760K, reserved 1048576K
[2021-01-05T15:27:34.720-0400][gc,start       ] GC(107) Pause Young (Concurrent Start) (G1 Humongous Allocation)
[2021-01-05T15:27:34.720-0400][gc,task        ] GC(107) Using 4 workers of 4 for evacuation
[2021-01-05T15:27:34.746-0400][gc,phases      ] GC(107)   Pre Evacuate Collection Set: 0.4ms
[2021-01-05T15:27:34.746-0400][gc,phases      ] GC(107)   Evacuate Collection Set: 23.0ms
[2021-01-05T15:27:34.746-0400][gc,phases      ] GC(107)   Post Evacuate Collection Set: 2.3ms
[2021-01-05T15:27:34.747-0400][gc,phases      ] GC(107)   Other: 1.3ms
[2021-01-05T15:27:34.747-0400][gc,heap        ] GC(107) Eden regions: 76->0(112)
[2021-01-05T15:27:34.747-0400][gc,heap        ] GC(107) Survivor regions: 5->5(15)
[2021-01-05T15:27:34.747-0400][gc,heap        ] GC(107) Old regions: 43->43
[2021-01-05T15:27:34.747-0400][gc,heap        ] GC(107) Humongous regions: 6->4
[2021-01-05T15:27:34.747-0400][gc,metaspace   ] GC(107) Metaspace: 40288K->40288K(1087488K)
[2021-01-05T15:27:34.747-0400][gc,heap        ] GC(107) Heap after GC invocations=108 (full 1): garbage-first heap   total 202752K, used 50351K [0x0000000083000000, 0x0000000100000000)
[2021-01-05T15:27:34.747-0400][gc,heap        ] GC(107)   region size 1024K, 5 young (5120K), 5 survivors (5120K)
[2021-01-05T15:27:34.747-0400][gc,heap        ] GC(107)  Metaspace       used 40288K, capacity 43387K, committed 43648K, reserved 1087488K
[2021-01-05T15:27:34.747-0400][gc,heap        ] GC(107)   class space    used 4474K, capacity 5672K, committed 5760K, reserved 1048576K
[2021-01-05T15:27:34.747-0400][gc             ] GC(107) Pause Young (Concurrent Start) (G1 Humongous Allocation) 126M->49M(198M) 27.381ms
[2021-01-05T15:27:34.747-0400][gc,cpu         ] GC(107) User=0.08s Sys=0.01s Real=0.03s
[2021-01-05T15:27:34.749-0400][gc             ] GC(108) Concurrent Cycle
[2021-01-05T15:27:34.749-0400][gc,marking     ] GC(108) Concurrent Clear Claimed Marks
[2021-01-05T15:27:34.750-0400][gc,marking     ] GC(108) Concurrent Clear Claimed Marks 0.886ms
[2021-01-05T15:27:34.750-0400][gc,marking     ] GC(108) Concurrent Scan Root Regions
[2021-01-05T15:27:34.772-0400][gc,marking     ] GC(108) Concurrent Scan Root Regions 22.204ms
[2021-01-05T15:27:34.772-0400][gc,marking     ] GC(108) Concurrent Mark (193.391s)
[2021-01-05T15:27:34.772-0400][gc,marking     ] GC(108) Concurrent Mark From Roots
[2021-01-05T15:27:34.773-0400][gc,task        ] GC(108) Using 1 workers of 1 for marking
[2021-01-05T15:27:35.063-0400][gc,marking     ] GC(108) Concurrent Mark From Roots 290.484ms
[2021-01-05T15:27:35.063-0400][gc,marking     ] GC(108) Concurrent Preclean
[2021-01-05T15:27:35.063-0400][gc,marking     ] GC(108) Concurrent Preclean 0.268ms
[2021-01-05T15:27:35.063-0400][gc,marking     ] GC(108) Concurrent Mark (193.391s, 193.682s) 290.976ms
[2021-01-05T15:27:35.064-0400][gc,start       ] GC(108) Pause Remark
[2021-01-05T15:27:35.098-0400][gc,stringtable ] GC(108) Cleaned string and symbol table, strings: 22684 processed, 0 removed, symbols: 92415 processed, 0 removed
[2021-01-05T15:27:35.099-0400][gc             ] GC(108) Pause Remark 57M->57M(198M) 34.444ms
[2021-01-05T15:27:35.100-0400][gc,cpu         ] GC(108) User=0.12s Sys=0.01s Real=0.04s
[2021-01-05T15:27:35.100-0400][gc,marking     ] GC(108) Concurrent Rebuild Remembered Sets
[2021-01-05T15:27:35.257-0400][gc,marking     ] GC(108) Concurrent Rebuild Remembered Sets 156.925ms
[2021-01-05T15:27:35.258-0400][gc,start       ] GC(108) Pause Cleanup
[2021-01-05T15:27:35.259-0400][gc             ] GC(108) Pause Cleanup 60M->60M(198M) 0.608ms
[2021-01-05T15:27:35.259-0400][gc,cpu         ] GC(108) User=0.00s Sys=0.00s Real=0.00s
[2021-01-05T15:27:35.260-0400][gc,marking     ] GC(108) Concurrent Cleanup for Next Mark
[2021-01-05T15:27:35.262-0400][gc,marking     ] GC(108) Concurrent Cleanup for Next Mark 1.914ms
[2021-01-05T15:27:35.262-0400][gc             ] GC(108) Concurrent Cycle 513.059ms
[2021-01-05T15:27:35.426-0400][gc,heap        ] GC(109) Heap before GC invocations=109 (full 1): garbage-first heap   total 202752K, used 71855K [0x0000000083000000, 0x0000000100000000)
[2021-01-05T15:27:35.426-0400][gc,heap        ] GC(109)   region size 1024K, 26 young (26624K), 5 survivors (5120K)
[2021-01-05T15:27:35.426-0400][gc,heap        ] GC(109)  Metaspace       used 40306K, capacity 43387K, committed 43648K, reserved 1087488K
[2021-01-05T15:27:35.426-0400][gc,heap        ] GC(109)   class space    used 4474K, capacity 5672K, committed 5760K, reserved 1048576K
[2021-01-05T15:27:35.426-0400][gc,start       ] GC(109) Pause Young (Concurrent Start) (G1 Humongous Allocation)
[2021-01-05T15:27:35.426-0400][gc,task        ] GC(109) Using 4 workers of 4 for evacuation
[2021-01-05T15:27:35.450-0400][gc,phases      ] GC(109)   Pre Evacuate Collection Set: 0.4ms
[2021-01-05T15:27:35.450-0400][gc,phases      ] GC(109)   Evacuate Collection Set: 20.3ms
[2021-01-05T15:27:35.450-0400][gc,phases      ] GC(109)   Post Evacuate Collection Set: 2.0ms
[2021-01-05T15:27:35.450-0400][gc,phases      ] GC(109)   Other: 1.4ms
[2021-01-05T15:27:35.450-0400][gc,heap        ] GC(109) Eden regions: 21->0(113)
[2021-01-05T15:27:35.450-0400][gc,heap        ] GC(109) Survivor regions: 5->5(15)
[2021-01-05T15:27:35.450-0400][gc,heap        ] GC(109) Old regions: 43->43
[2021-01-05T15:27:35.450-0400][gc,heap        ] GC(109) Humongous regions: 6->4
[2021-01-05T15:27:35.450-0400][gc,metaspace   ] GC(109) Metaspace: 40306K->40306K(1087488K)
[2021-01-05T15:27:35.450-0400][gc,heap        ] GC(109) Heap after GC invocations=110 (full 1): garbage-first heap   total 202752K, used 50712K [0x0000000083000000, 0x0000000100000000)
[2021-01-05T15:27:35.450-0400][gc,heap        ] GC(109)   region size 1024K, 5 young (5120K), 5 survivors (5120K)
[2021-01-05T15:27:35.450-0400][gc,heap        ] GC(109)  Metaspace       used 40306K, capacity 43387K, committed 43648K, reserved 1087488K
[2021-01-05T15:27:35.450-0400][gc,heap        ] GC(109)   class space    used 4474K, capacity 5672K, committed 5760K, reserved 1048576K
[2021-01-05T15:27:35.450-0400][gc             ] GC(109) Pause Young (Concurrent Start) (G1 Humongous Allocation) 72M->49M(198M) 24.355ms
[2021-01-05T15:27:35.451-0400][gc,cpu         ] GC(109) User=0.07s Sys=0.01s Real=0.02s
[2021-01-05T15:27:35.451-0400][gc             ] GC(110) Concurrent Cycle
[2021-01-05T15:27:35.451-0400][gc,marking     ] GC(110) Concurrent Clear Claimed Marks
[2021-01-05T15:27:35.451-0400][gc,marking     ] GC(110) Concurrent Clear Claimed Marks 0.556ms
[2021-01-05T15:27:35.452-0400][gc,marking     ] GC(110) Concurrent Scan Root Regions
[2021-01-05T15:27:35.474-0400][gc,marking     ] GC(110) Concurrent Scan Root Regions 22.782ms
[2021-01-05T15:27:35.475-0400][gc,marking     ] GC(110) Concurrent Mark (194.093s)
[2021-01-05T15:27:35.475-0400][gc,marking     ] GC(110) Concurrent Mark From Roots
[2021-01-05T15:27:35.475-0400][gc,task        ] GC(110) Using 1 workers of 1 for marking
[2021-01-05T15:27:35.733-0400][gc,marking     ] GC(110) Concurrent Mark From Roots 258.508ms
[2021-01-05T15:27:35.733-0400][gc,marking     ] GC(110) Concurrent Preclean
[2021-01-05T15:27:35.734-0400][gc,marking     ] GC(110) Concurrent Preclean 0.528ms
[2021-01-05T15:27:35.734-0400][gc,marking     ] GC(110) Concurrent Mark (194.093s, 194.353s) 259.364ms
[2021-01-05T15:27:35.735-0400][gc,start       ] GC(110) Pause Remark
[2021-01-05T15:27:35.778-0400][gc,stringtable ] GC(110) Cleaned string and symbol table, strings: 22684 processed, 0 removed, symbols: 92415 processed, 0 removed
[2021-01-05T15:27:35.779-0400][gc             ] GC(110) Pause Remark 56M->56M(198M) 43.901ms
[2021-01-05T15:27:35.780-0400][gc,cpu         ] GC(110) User=0.12s Sys=0.00s Real=0.05s
[2021-01-05T15:27:35.780-0400][gc,marking     ] GC(110) Concurrent Rebuild Remembered Sets
[2021-01-05T15:27:35.977-0400][gc,marking     ] GC(110) Concurrent Rebuild Remembered Sets 196.733ms
[2021-01-05T15:27:35.978-0400][gc,start       ] GC(110) Pause Cleanup
[2021-01-05T15:27:35.979-0400][gc             ] GC(110) Pause Cleanup 57M->57M(198M) 0.764ms
[2021-01-05T15:27:35.980-0400][gc,cpu         ] GC(110) User=0.01s Sys=0.00s Real=0.00s
[2021-01-05T15:27:35.980-0400][gc,marking     ] GC(110) Concurrent Cleanup for Next Mark
[2021-01-05T15:27:35.983-0400][gc,marking     ] GC(110) Concurrent Cleanup for Next Mark 2.925ms
[2021-01-05T15:27:35.983-0400][gc             ] GC(110) Concurrent Cycle 532.368ms
[2021-01-05T15:27:44.667-0400][gc,heap        ] GC(111) Heap before GC invocations=111 (full 1): garbage-first heap   total 202752K, used 114200K [0x0000000083000000, 0x0000000100000000)
[2021-01-05T15:27:44.667-0400][gc,heap        ] GC(111)   region size 1024K, 67 young (68608K), 5 survivors (5120K)
[2021-01-05T15:27:44.667-0400][gc,heap        ] GC(111)  Metaspace       used 40309K, capacity 43387K, committed 43648K, reserved 1087488K
[2021-01-05T15:27:44.667-0400][gc,heap        ] GC(111)   class space    used 4474K, capacity 5672K, committed 5760K, reserved 1048576K
[2021-01-05T15:27:44.667-0400][gc,start       ] GC(111) Pause Young (Concurrent Start) (G1 Humongous Allocation)
[2021-01-05T15:27:44.667-0400][gc,task        ] GC(111) Using 4 workers of 4 for evacuation
[2021-01-05T15:27:44.688-0400][gc,phases      ] GC(111)   Pre Evacuate Collection Set: 0.3ms
[2021-01-05T15:27:44.689-0400][gc,phases      ] GC(111)   Evacuate Collection Set: 18.2ms
[2021-01-05T15:27:44.689-0400][gc,phases      ] GC(111)   Post Evacuate Collection Set: 2.0ms
[2021-01-05T15:27:44.689-0400][gc,phases      ] GC(111)   Other: 1.2ms
[2021-01-05T15:27:44.689-0400][gc,heap        ] GC(111) Eden regions: 62->0(113)
[2021-01-05T15:27:44.689-0400][gc,heap        ] GC(111) Survivor regions: 5->5(15)
[2021-01-05T15:27:44.689-0400][gc,heap        ] GC(111) Old regions: 43->44
[2021-01-05T15:27:44.689-0400][gc,heap        ] GC(111) Humongous regions: 6->4
[2021-01-05T15:27:44.689-0400][gc,metaspace   ] GC(111) Metaspace: 40309K->40309K(1087488K)
[2021-01-05T15:27:44.689-0400][gc,heap        ] GC(111) Heap after GC invocations=112 (full 1): garbage-first heap   total 202752K, used 50641K [0x0000000083000000, 0x0000000100000000)
[2021-01-05T15:27:44.689-0400][gc,heap        ] GC(111)   region size 1024K, 5 young (5120K), 5 survivors (5120K)
[2021-01-05T15:27:44.689-0400][gc,heap        ] GC(111)  Metaspace       used 40309K, capacity 43387K, committed 43648K, reserved 1087488K
[2021-01-05T15:27:44.689-0400][gc,heap        ] GC(111)   class space    used 4474K, capacity 5672K, committed 5760K, reserved 1048576K
[2021-01-05T15:27:44.689-0400][gc             ] GC(111) Pause Young (Concurrent Start) (G1 Humongous Allocation) 112M->49M(198M) 22.172ms
[2021-01-05T15:27:44.689-0400][gc,cpu         ] GC(111) User=0.07s Sys=0.00s Real=0.02s
[2021-01-05T15:27:44.691-0400][gc             ] GC(112) Concurrent Cycle
[2021-01-05T15:27:44.691-0400][gc,marking     ] GC(112) Concurrent Clear Claimed Marks
[2021-01-05T15:27:44.692-0400][gc,marking     ] GC(112) Concurrent Clear Claimed Marks 0.705ms
[2021-01-05T15:27:44.692-0400][gc,marking     ] GC(112) Concurrent Scan Root Regions
[2021-01-05T15:27:44.711-0400][gc,marking     ] GC(112) Concurrent Scan Root Regions 18.827ms
[2021-01-05T15:27:44.711-0400][gc,marking     ] GC(112) Concurrent Mark (203.330s)
[2021-01-05T15:27:44.711-0400][gc,marking     ] GC(112) Concurrent Mark From Roots
[2021-01-05T15:27:44.711-0400][gc,task        ] GC(112) Using 1 workers of 1 for marking
[2021-01-05T15:27:44.955-0400][gc,marking     ] GC(112) Concurrent Mark From Roots 243.583ms
[2021-01-05T15:27:44.955-0400][gc,marking     ] GC(112) Concurrent Preclean
[2021-01-05T15:27:44.955-0400][gc,marking     ] GC(112) Concurrent Preclean 0.270ms
[2021-01-05T15:27:44.955-0400][gc,marking     ] GC(112) Concurrent Mark (203.330s, 203.574s) 244.051ms
[2021-01-05T15:27:44.956-0400][gc,start       ] GC(112) Pause Remark
[2021-01-05T15:27:44.987-0400][gc,stringtable ] GC(112) Cleaned string and symbol table, strings: 22684 processed, 0 removed, symbols: 92415 processed, 0 removed
[2021-01-05T15:27:44.988-0400][gc             ] GC(112) Pause Remark 53M->53M(198M) 32.167ms
[2021-01-05T15:27:44.989-0400][gc,cpu         ] GC(112) User=0.12s Sys=0.00s Real=0.03s
[2021-01-05T15:27:44.990-0400][gc,marking     ] GC(112) Concurrent Rebuild Remembered Sets
[2021-01-05T15:27:45.158-0400][gc,marking     ] GC(112) Concurrent Rebuild Remembered Sets 168.732ms
[2021-01-05T15:27:45.159-0400][gc,start       ] GC(112) Pause Cleanup
[2021-01-05T15:27:45.160-0400][gc             ] GC(112) Pause Cleanup 55M->55M(198M) 0.782ms
[2021-01-05T15:27:45.160-0400][gc,cpu         ] GC(112) User=0.00s Sys=0.00s Real=0.00s
[2021-01-05T15:27:45.161-0400][gc,marking     ] GC(112) Concurrent Cleanup for Next Mark
[2021-01-05T15:27:45.164-0400][gc,marking     ] GC(112) Concurrent Cleanup for Next Mark 2.916ms
[2021-01-05T15:27:45.164-0400][gc             ] GC(112) Concurrent Cycle 472.903ms
[2021-01-05T15:27:45.362-0400][gc,heap        ] GC(113) Heap before GC invocations=113 (full 1): garbage-first heap   total 202752K, used 63953K [0x0000000083000000, 0x0000000100000000)
[2021-01-05T15:27:45.362-0400][gc,heap        ] GC(113)   region size 1024K, 18 young (18432K), 5 survivors (5120K)
[2021-01-05T15:27:45.362-0400][gc,heap        ] GC(113)  Metaspace       used 40317K, capacity 43451K, committed 43648K, reserved 1087488K
[2021-01-05T15:27:45.362-0400][gc,heap        ] GC(113)   class space    used 4474K, capacity 5672K, committed 5760K, reserved 1048576K
[2021-01-05T15:27:45.362-0400][gc,start       ] GC(113) Pause Young (Concurrent Start) (G1 Humongous Allocation)
[2021-01-05T15:27:45.362-0400][gc,task        ] GC(113) Using 4 workers of 4 for evacuation
[2021-01-05T15:27:45.388-0400][gc,phases      ] GC(113)   Pre Evacuate Collection Set: 0.4ms
[2021-01-05T15:27:45.388-0400][gc,phases      ] GC(113)   Evacuate Collection Set: 22.5ms
[2021-01-05T15:27:45.388-0400][gc,phases      ] GC(113)   Post Evacuate Collection Set: 1.9ms
[2021-01-05T15:27:45.388-0400][gc,phases      ] GC(113)   Other: 1.3ms
[2021-01-05T15:27:45.388-0400][gc,heap        ] GC(113) Eden regions: 13->0(114)
[2021-01-05T15:27:45.388-0400][gc,heap        ] GC(113) Survivor regions: 5->4(15)
[2021-01-05T15:27:45.388-0400][gc,heap        ] GC(113) Old regions: 44->44
[2021-01-05T15:27:45.388-0400][gc,heap        ] GC(113) Humongous regions: 6->4
[2021-01-05T15:27:45.388-0400][gc,metaspace   ] GC(113) Metaspace: 40317K->40317K(1087488K)
[2021-01-05T15:27:45.388-0400][gc,heap        ] GC(113) Heap after GC invocations=114 (full 1): garbage-first heap   total 202752K, used 50014K [0x0000000083000000, 0x0000000100000000)
[2021-01-05T15:27:45.388-0400][gc,heap        ] GC(113)   region size 1024K, 4 young (4096K), 4 survivors (4096K)
[2021-01-05T15:27:45.388-0400][gc,heap        ] GC(113)  Metaspace       used 40317K, capacity 43451K, committed 43648K, reserved 1087488K
[2021-01-05T15:27:45.388-0400][gc,heap        ] GC(113)   class space    used 4474K, capacity 5672K, committed 5760K, reserved 1048576K
[2021-01-05T15:27:45.388-0400][gc             ] GC(113) Pause Young (Concurrent Start) (G1 Humongous Allocation) 63M->48M(198M) 26.477ms
[2021-01-05T15:27:45.389-0400][gc,cpu         ] GC(113) User=0.07s Sys=0.01s Real=0.03s
[2021-01-05T15:27:45.389-0400][gc             ] GC(114) Concurrent Cycle
[2021-01-05T15:27:45.389-0400][gc,marking     ] GC(114) Concurrent Clear Claimed Marks
[2021-01-05T15:27:45.390-0400][gc,marking     ] GC(114) Concurrent Clear Claimed Marks 0.508ms
[2021-01-05T15:27:45.390-0400][gc,marking     ] GC(114) Concurrent Scan Root Regions
[2021-01-05T15:27:45.404-0400][gc,marking     ] GC(114) Concurrent Scan Root Regions 14.603ms
[2021-01-05T15:27:45.404-0400][gc,marking     ] GC(114) Concurrent Mark (204.023s)
[2021-01-05T15:27:45.405-0400][gc,marking     ] GC(114) Concurrent Mark From Roots
[2021-01-05T15:27:45.405-0400][gc,task        ] GC(114) Using 1 workers of 1 for marking
[2021-01-05T15:27:45.653-0400][gc,marking     ] GC(114) Concurrent Mark From Roots 248.318ms
[2021-01-05T15:27:45.653-0400][gc,marking     ] GC(114) Concurrent Preclean
[2021-01-05T15:27:45.653-0400][gc,marking     ] GC(114) Concurrent Preclean 0.280ms
[2021-01-05T15:27:45.653-0400][gc,marking     ] GC(114) Concurrent Mark (204.023s, 204.272s) 248.886ms
[2021-01-05T15:27:45.654-0400][gc,start       ] GC(114) Pause Remark
[2021-01-05T15:27:45.687-0400][gc,stringtable ] GC(114) Cleaned string and symbol table, strings: 22685 processed, 0 removed, symbols: 92415 processed, 0 removed
[2021-01-05T15:27:45.687-0400][gc             ] GC(114) Pause Remark 54M->54M(198M) 32.950ms
[2021-01-05T15:27:45.687-0400][gc,cpu         ] GC(114) User=0.12s Sys=0.00s Real=0.04s
[2021-01-05T15:27:45.688-0400][gc,marking     ] GC(114) Concurrent Rebuild Remembered Sets
[2021-01-05T15:27:45.840-0400][gc,marking     ] GC(114) Concurrent Rebuild Remembered Sets 151.802ms
[2021-01-05T15:27:45.841-0400][gc,start       ] GC(114) Pause Cleanup
[2021-01-05T15:27:45.841-0400][gc             ] GC(114) Pause Cleanup 54M->54M(198M) 0.579ms
[2021-01-05T15:27:45.841-0400][gc,cpu         ] GC(114) User=0.00s Sys=0.00s Real=0.00s
[2021-01-05T15:27:45.842-0400][gc,marking     ] GC(114) Concurrent Cleanup for Next Mark
[2021-01-05T15:27:45.844-0400][gc,marking     ] GC(114) Concurrent Cleanup for Next Mark 2.206ms
[2021-01-05T15:27:45.844-0400][gc             ] GC(114) Concurrent Cycle 455.112ms
[2021-01-05T15:27:55.394-0400][gc,heap        ] GC(115) Heap before GC invocations=115 (full 1): garbage-first heap   total 202752K, used 144222K [0x0000000083000000, 0x0000000100000000)
[2021-01-05T15:27:55.394-0400][gc,heap        ] GC(115)   region size 1024K, 96 young (98304K), 4 survivors (4096K)
[2021-01-05T15:27:55.394-0400][gc,heap        ] GC(115)  Metaspace       used 40333K, capacity 43465K, committed 43648K, reserved 1087488K
[2021-01-05T15:27:55.394-0400][gc,heap        ] GC(115)   class space    used 4474K, capacity 5672K, committed 5760K, reserved 1048576K
[2021-01-05T15:27:55.394-0400][gc,start       ] GC(115) Pause Young (Concurrent Start) (G1 Humongous Allocation)
[2021-01-05T15:27:55.394-0400][gc,task        ] GC(115) Using 4 workers of 4 for evacuation
[2021-01-05T15:27:55.417-0400][gc,phases      ] GC(115)   Pre Evacuate Collection Set: 0.4ms
[2021-01-05T15:27:55.417-0400][gc,phases      ] GC(115)   Evacuate Collection Set: 19.2ms
[2021-01-05T15:27:55.417-0400][gc,phases      ] GC(115)   Post Evacuate Collection Set: 2.5ms
[2021-01-05T15:27:55.418-0400][gc,phases      ] GC(115)   Other: 1.3ms
[2021-01-05T15:27:55.418-0400][gc,heap        ] GC(115) Eden regions: 92->0(114)
[2021-01-05T15:27:55.418-0400][gc,heap        ] GC(115) Survivor regions: 4->4(15)
[2021-01-05T15:27:55.418-0400][gc,heap        ] GC(115) Old regions: 44->44
[2021-01-05T15:27:55.418-0400][gc,heap        ] GC(115) Humongous regions: 6->4
[2021-01-05T15:27:55.418-0400][gc,metaspace   ] GC(115) Metaspace: 40333K->40333K(1087488K)
[2021-01-05T15:27:55.418-0400][gc,heap        ] GC(115) Heap after GC invocations=116 (full 1): garbage-first heap   total 202752K, used 50446K [0x0000000083000000, 0x0000000100000000)
[2021-01-05T15:27:55.418-0400][gc,heap        ] GC(115)   region size 1024K, 4 young (4096K), 4 survivors (4096K)
[2021-01-05T15:27:55.418-0400][gc,heap        ] GC(115)  Metaspace       used 40333K, capacity 43465K, committed 43648K, reserved 1087488K
[2021-01-05T15:27:55.418-0400][gc,heap        ] GC(115)   class space    used 4474K, capacity 5672K, committed 5760K, reserved 1048576K
[2021-01-05T15:27:55.418-0400][gc             ] GC(115) Pause Young (Concurrent Start) (G1 Humongous Allocation) 141M->49M(198M) 23.824ms
[2021-01-05T15:27:55.418-0400][gc,cpu         ] GC(115) User=0.07s Sys=0.01s Real=0.03s
[2021-01-05T15:27:55.418-0400][gc             ] GC(116) Concurrent Cycle
[2021-01-05T15:27:55.418-0400][gc,marking     ] GC(116) Concurrent Clear Claimed Marks
[2021-01-05T15:27:55.420-0400][gc,marking     ] GC(116) Concurrent Clear Claimed Marks 0.910ms
[2021-01-05T15:27:55.426-0400][gc,marking     ] GC(116) Concurrent Scan Root Regions
[2021-01-05T15:27:55.443-0400][gc,marking     ] GC(116) Concurrent Scan Root Regions 16.767ms
[2021-01-05T15:27:55.443-0400][gc,marking     ] GC(116) Concurrent Mark (214.061s)
[2021-01-05T15:27:55.443-0400][gc,marking     ] GC(116) Concurrent Mark From Roots
[2021-01-05T15:27:55.443-0400][gc,task        ] GC(116) Using 1 workers of 1 for marking
[2021-01-05T15:27:55.688-0400][gc,marking     ] GC(116) Concurrent Mark From Roots 245.211ms
[2021-01-05T15:27:55.688-0400][gc,marking     ] GC(116) Concurrent Preclean
[2021-01-05T15:27:55.689-0400][gc,marking     ] GC(116) Concurrent Preclean 0.272ms
[2021-01-05T15:27:55.689-0400][gc,marking     ] GC(116) Concurrent Mark (214.061s, 214.307s) 245.806ms
[2021-01-05T15:27:55.690-0400][gc,start       ] GC(116) Pause Remark
[2021-01-05T15:27:55.722-0400][gc,stringtable ] GC(116) Cleaned string and symbol table, strings: 22742 processed, 0 removed, symbols: 92415 processed, 0 removed
[2021-01-05T15:27:55.723-0400][gc             ] GC(116) Pause Remark 53M->53M(198M) 32.957ms
[2021-01-05T15:27:55.723-0400][gc,cpu         ] GC(116) User=0.11s Sys=0.01s Real=0.03s
[2021-01-05T15:27:55.723-0400][gc,marking     ] GC(116) Concurrent Rebuild Remembered Sets
[2021-01-05T15:27:55.891-0400][gc,marking     ] GC(116) Concurrent Rebuild Remembered Sets 167.931ms
[2021-01-05T15:27:55.892-0400][gc,start       ] GC(116) Pause Cleanup
[2021-01-05T15:27:55.893-0400][gc             ] GC(116) Pause Cleanup 54M->54M(198M) 0.610ms
[2021-01-05T15:27:55.893-0400][gc,cpu         ] GC(116) User=0.00s Sys=0.00s Real=0.00s
[2021-01-05T15:27:55.894-0400][gc,marking     ] GC(116) Concurrent Cleanup for Next Mark
[2021-01-05T15:27:55.896-0400][gc,marking     ] GC(116) Concurrent Cleanup for Next Mark 2.272ms
[2021-01-05T15:27:55.896-0400][gc             ] GC(116) Concurrent Cycle 477.667ms
[2021-01-05T15:28:05.392-0400][gc,heap        ] GC(117) Heap before GC invocations=117 (full 1): garbage-first heap   total 202752K, used 118030K [0x0000000083000000, 0x0000000100000000)
[2021-01-05T15:28:05.393-0400][gc,heap        ] GC(117)   region size 1024K, 70 young (71680K), 4 survivors (4096K)
[2021-01-05T15:28:05.393-0400][gc,heap        ] GC(117)  Metaspace       used 40339K, capacity 43469K, committed 43648K, reserved 1087488K
[2021-01-05T15:28:05.393-0400][gc,heap        ] GC(117)   class space    used 4474K, capacity 5672K, committed 5760K, reserved 1048576K
[2021-01-05T15:28:05.393-0400][gc,start       ] GC(117) Pause Young (Concurrent Start) (G1 Humongous Allocation)
[2021-01-05T15:28:05.393-0400][gc,task        ] GC(117) Using 4 workers of 4 for evacuation
[2021-01-05T15:28:05.413-0400][gc,phases      ] GC(117)   Pre Evacuate Collection Set: 0.4ms
[2021-01-05T15:28:05.413-0400][gc,phases      ] GC(117)   Evacuate Collection Set: 16.7ms
[2021-01-05T15:28:05.413-0400][gc,phases      ] GC(117)   Post Evacuate Collection Set: 2.4ms
[2021-01-05T15:28:05.413-0400][gc,phases      ] GC(117)   Other: 1.2ms
[2021-01-05T15:28:05.413-0400][gc,heap        ] GC(117) Eden regions: 66->0(114)
[2021-01-05T15:28:05.413-0400][gc,heap        ] GC(117) Survivor regions: 4->4(15)
[2021-01-05T15:28:05.413-0400][gc,heap        ] GC(117) Old regions: 44->44
[2021-01-05T15:28:05.414-0400][gc,heap        ] GC(117) Humongous regions: 6->4
[2021-01-05T15:28:05.414-0400][gc,metaspace   ] GC(117) Metaspace: 40339K->40339K(1087488K)
[2021-01-05T15:28:05.414-0400][gc,heap        ] GC(117) Heap after GC invocations=118 (full 1): garbage-first heap   total 202752K, used 50721K [0x0000000083000000, 0x0000000100000000)
[2021-01-05T15:28:05.414-0400][gc,heap        ] GC(117)   region size 1024K, 4 young (4096K), 4 survivors (4096K)
[2021-01-05T15:28:05.414-0400][gc,heap        ] GC(117)  Metaspace       used 40339K, capacity 43469K, committed 43648K, reserved 1087488K
[2021-01-05T15:28:05.414-0400][gc,heap        ] GC(117)   class space    used 4474K, capacity 5672K, committed 5760K, reserved 1048576K
[2021-01-05T15:28:05.414-0400][gc             ] GC(117) Pause Young (Concurrent Start) (G1 Humongous Allocation) 116M->49M(198M) 20.998ms
[2021-01-05T15:28:05.414-0400][gc,cpu         ] GC(117) User=0.07s Sys=0.00s Real=0.02s
[2021-01-05T15:28:05.414-0400][gc             ] GC(118) Concurrent Cycle
[2021-01-05T15:28:05.414-0400][gc,marking     ] GC(118) Concurrent Clear Claimed Marks
[2021-01-05T15:28:05.415-0400][gc,marking     ] GC(118) Concurrent Clear Claimed Marks 0.960ms
[2021-01-05T15:28:05.415-0400][gc,marking     ] GC(118) Concurrent Scan Root Regions
[2021-01-05T15:28:05.439-0400][gc,marking     ] GC(118) Concurrent Scan Root Regions 23.212ms
[2021-01-05T15:28:05.439-0400][gc,marking     ] GC(118) Concurrent Mark (224.058s)
[2021-01-05T15:28:05.439-0400][gc,marking     ] GC(118) Concurrent Mark From Roots
[2021-01-05T15:28:05.439-0400][gc,task        ] GC(118) Using 1 workers of 1 for marking
[2021-01-05T15:28:05.706-0400][gc,marking     ] GC(118) Concurrent Mark From Roots 267.256ms
[2021-01-05T15:28:05.706-0400][gc,marking     ] GC(118) Concurrent Preclean
[2021-01-05T15:28:05.707-0400][gc,marking     ] GC(118) Concurrent Preclean 0.301ms
[2021-01-05T15:28:05.707-0400][gc,marking     ] GC(118) Concurrent Mark (224.058s, 224.325s) 267.812ms
[2021-01-05T15:28:05.708-0400][gc,start       ] GC(118) Pause Remark
[2021-01-05T15:28:05.738-0400][gc,stringtable ] GC(118) Cleaned string and symbol table, strings: 22746 processed, 0 removed, symbols: 92415 processed, 0 removed
[2021-01-05T15:28:05.739-0400][gc             ] GC(118) Pause Remark 57M->57M(198M) 30.902ms
[2021-01-05T15:28:05.739-0400][gc,cpu         ] GC(118) User=0.11s Sys=0.00s Real=0.03s
[2021-01-05T15:28:05.739-0400][gc,marking     ] GC(118) Concurrent Rebuild Remembered Sets
[2021-01-05T15:28:05.884-0400][gc,marking     ] GC(118) Concurrent Rebuild Remembered Sets 145.202ms
[2021-01-05T15:28:05.885-0400][gc,start       ] GC(118) Pause Cleanup
[2021-01-05T15:28:05.886-0400][gc             ] GC(118) Pause Cleanup 57M->57M(198M) 0.590ms
[2021-01-05T15:28:05.886-0400][gc,cpu         ] GC(118) User=0.00s Sys=0.00s Real=0.01s
[2021-01-05T15:28:05.886-0400][gc,marking     ] GC(118) Concurrent Cleanup for Next Mark
[2021-01-05T15:28:05.889-0400][gc,marking     ] GC(118) Concurrent Cleanup for Next Mark 2.381ms
[2021-01-05T15:28:05.889-0400][gc             ] GC(118) Concurrent Cycle 474.809ms
[2021-01-05T15:28:15.384-0400][gc,heap        ] GC(119) Heap before GC invocations=119 (full 1): garbage-first heap   total 202752K, used 123425K [0x0000000083000000, 0x0000000100000000)
[2021-01-05T15:28:15.384-0400][gc,heap        ] GC(119)   region size 1024K, 75 young (76800K), 4 survivors (4096K)
[2021-01-05T15:28:15.384-0400][gc,heap        ] GC(119)  Metaspace       used 40346K, capacity 43469K, committed 43648K, reserved 1087488K
[2021-01-05T15:28:15.384-0400][gc,heap        ] GC(119)   class space    used 4474K, capacity 5672K, committed 5760K, reserved 1048576K
[2021-01-05T15:28:15.385-0400][gc,start       ] GC(119) Pause Young (Concurrent Start) (G1 Humongous Allocation)
[2021-01-05T15:28:15.385-0400][gc,task        ] GC(119) Using 4 workers of 4 for evacuation
[2021-01-05T15:28:15.407-0400][gc,phases      ] GC(119)   Pre Evacuate Collection Set: 0.5ms
[2021-01-05T15:28:15.407-0400][gc,phases      ] GC(119)   Evacuate Collection Set: 18.8ms
[2021-01-05T15:28:15.407-0400][gc,phases      ] GC(119)   Post Evacuate Collection Set: 2.1ms
[2021-01-05T15:28:15.407-0400][gc,phases      ] GC(119)   Other: 1.6ms
[2021-01-05T15:28:15.407-0400][gc,heap        ] GC(119) Eden regions: 71->0(114)
[2021-01-05T15:28:15.407-0400][gc,heap        ] GC(119) Survivor regions: 4->4(15)
[2021-01-05T15:28:15.407-0400][gc,heap        ] GC(119) Old regions: 44->45
[2021-01-05T15:28:15.407-0400][gc,heap        ] GC(119) Humongous regions: 6->4
[2021-01-05T15:28:15.407-0400][gc,metaspace   ] GC(119) Metaspace: 40346K->40346K(1087488K)
[2021-01-05T15:28:15.408-0400][gc,heap        ] GC(119) Heap after GC invocations=120 (full 1): garbage-first heap   total 202752K, used 50695K [0x0000000083000000, 0x0000000100000000)
[2021-01-05T15:28:15.408-0400][gc,heap        ] GC(119)   region size 1024K, 4 young (4096K), 4 survivors (4096K)
[2021-01-05T15:28:15.408-0400][gc,heap        ] GC(119)  Metaspace       used 40346K, capacity 43469K, committed 43648K, reserved 1087488K
[2021-01-05T15:28:15.408-0400][gc,heap        ] GC(119)   class space    used 4474K, capacity 5672K, committed 5760K, reserved 1048576K
[2021-01-05T15:28:15.408-0400][gc             ] GC(119) Pause Young (Concurrent Start) (G1 Humongous Allocation) 121M->49M(198M) 23.342ms
[2021-01-05T15:28:15.408-0400][gc,cpu         ] GC(119) User=0.06s Sys=0.00s Real=0.03s
[2021-01-05T15:28:15.408-0400][gc             ] GC(120) Concurrent Cycle
[2021-01-05T15:28:15.408-0400][gc,marking     ] GC(120) Concurrent Clear Claimed Marks
[2021-01-05T15:28:15.410-0400][gc,marking     ] GC(120) Concurrent Clear Claimed Marks 0.861ms
[2021-01-05T15:28:15.411-0400][gc,marking     ] GC(120) Concurrent Scan Root Regions
[2021-01-05T15:28:15.426-0400][gc,marking     ] GC(120) Concurrent Scan Root Regions 15.424ms
[2021-01-05T15:28:15.426-0400][gc,marking     ] GC(120) Concurrent Mark (234.045s)
[2021-01-05T15:28:15.426-0400][gc,marking     ] GC(120) Concurrent Mark From Roots
[2021-01-05T15:28:15.426-0400][gc,task        ] GC(120) Using 1 workers of 1 for marking
[2021-01-05T15:28:15.674-0400][gc,marking     ] GC(120) Concurrent Mark From Roots 247.519ms
[2021-01-05T15:28:15.674-0400][gc,marking     ] GC(120) Concurrent Preclean
[2021-01-05T15:28:15.674-0400][gc,marking     ] GC(120) Concurrent Preclean 0.387ms
[2021-01-05T15:28:15.674-0400][gc,marking     ] GC(120) Concurrent Mark (234.045s, 234.293s) 248.124ms
[2021-01-05T15:28:15.675-0400][gc,start       ] GC(120) Pause Remark
[2021-01-05T15:28:15.707-0400][gc,stringtable ] GC(120) Cleaned string and symbol table, strings: 22760 processed, 0 removed, symbols: 92415 processed, 0 removed
[2021-01-05T15:28:15.708-0400][gc             ] GC(120) Pause Remark 55M->55M(198M) 32.266ms
[2021-01-05T15:28:15.708-0400][gc,cpu         ] GC(120) User=0.12s Sys=0.00s Real=0.04s
[2021-01-05T15:28:15.708-0400][gc,marking     ] GC(120) Concurrent Rebuild Remembered Sets
[2021-01-05T15:28:15.850-0400][gc,marking     ] GC(120) Concurrent Rebuild Remembered Sets 141.747ms
[2021-01-05T15:28:15.851-0400][gc,start       ] GC(120) Pause Cleanup
[2021-01-05T15:28:15.852-0400][gc             ] GC(120) Pause Cleanup 56M->56M(198M) 0.540ms
[2021-01-05T15:28:15.852-0400][gc,cpu         ] GC(120) User=0.00s Sys=0.00s Real=0.00s
[2021-01-05T15:28:15.852-0400][gc,marking     ] GC(120) Concurrent Cleanup for Next Mark
[2021-01-05T15:28:15.854-0400][gc,marking     ] GC(120) Concurrent Cleanup for Next Mark 2.140ms
[2021-01-05T15:28:15.854-0400][gc             ] GC(120) Concurrent Cycle 446.235ms
[2021-01-05T15:28:25.529-0400][gc,heap        ] GC(121) Heap before GC invocations=121 (full 1): garbage-first heap   total 202752K, used 123399K [0x0000000083000000, 0x0000000100000000)
[2021-01-05T15:28:25.529-0400][gc,heap        ] GC(121)   region size 1024K, 75 young (76800K), 4 survivors (4096K)
[2021-01-05T15:28:25.529-0400][gc,heap        ] GC(121)  Metaspace       used 40358K, capacity 43473K, committed 43648K, reserved 1087488K
[2021-01-05T15:28:25.529-0400][gc,heap        ] GC(121)   class space    used 4474K, capacity 5672K, committed 5760K, reserved 1048576K
[2021-01-05T15:28:25.530-0400][gc,start       ] GC(121) Pause Young (Concurrent Start) (G1 Humongous Allocation)
[2021-01-05T15:28:25.530-0400][gc,task        ] GC(121) Using 4 workers of 4 for evacuation
[2021-01-05T15:28:25.548-0400][gc,phases      ] GC(121)   Pre Evacuate Collection Set: 0.5ms
[2021-01-05T15:28:25.548-0400][gc,phases      ] GC(121)   Evacuate Collection Set: 14.8ms
[2021-01-05T15:28:25.548-0400][gc,phases      ] GC(121)   Post Evacuate Collection Set: 2.2ms
[2021-01-05T15:28:25.548-0400][gc,phases      ] GC(121)   Other: 1.2ms
[2021-01-05T15:28:25.548-0400][gc,heap        ] GC(121) Eden regions: 71->0(114)
[2021-01-05T15:28:25.548-0400][gc,heap        ] GC(121) Survivor regions: 4->4(15)
[2021-01-05T15:28:25.548-0400][gc,heap        ] GC(121) Old regions: 45->45
[2021-01-05T15:28:25.548-0400][gc,heap        ] GC(121) Humongous regions: 6->4
[2021-01-05T15:28:25.548-0400][gc,metaspace   ] GC(121) Metaspace: 40358K->40358K(1087488K)
[2021-01-05T15:28:25.548-0400][gc,heap        ] GC(121) Heap after GC invocations=122 (full 1): garbage-first heap   total 202752K, used 50778K [0x0000000083000000, 0x0000000100000000)
[2021-01-05T15:28:25.549-0400][gc,heap        ] GC(121)   region size 1024K, 4 young (4096K), 4 survivors (4096K)
[2021-01-05T15:28:25.549-0400][gc,heap        ] GC(121)  Metaspace       used 40358K, capacity 43473K, committed 43648K, reserved 1087488K
[2021-01-05T15:28:25.549-0400][gc,heap        ] GC(121)   class space    used 4474K, capacity 5672K, committed 5760K, reserved 1048576K
[2021-01-05T15:28:25.549-0400][gc             ] GC(121) Pause Young (Concurrent Start) (G1 Humongous Allocation) 121M->49M(198M) 19.238ms
[2021-01-05T15:28:25.549-0400][gc,cpu         ] GC(121) User=0.06s Sys=0.01s Real=0.02s
[2021-01-05T15:28:25.549-0400][gc             ] GC(122) Concurrent Cycle
[2021-01-05T15:28:25.549-0400][gc,marking     ] GC(122) Concurrent Clear Claimed Marks
[2021-01-05T15:28:25.550-0400][gc,marking     ] GC(122) Concurrent Clear Claimed Marks 0.476ms
[2021-01-05T15:28:25.550-0400][gc,marking     ] GC(122) Concurrent Scan Root Regions
[2021-01-05T15:28:25.568-0400][gc,marking     ] GC(122) Concurrent Scan Root Regions 18.242ms
[2021-01-05T15:28:25.568-0400][gc,marking     ] GC(122) Concurrent Mark (244.187s)
[2021-01-05T15:28:25.568-0400][gc,marking     ] GC(122) Concurrent Mark From Roots
[2021-01-05T15:28:25.568-0400][gc,task        ] GC(122) Using 1 workers of 1 for marking
[2021-01-05T15:28:25.838-0400][gc,marking     ] GC(122) Concurrent Mark From Roots 269.814ms
[2021-01-05T15:28:25.838-0400][gc,marking     ] GC(122) Concurrent Preclean
[2021-01-05T15:28:25.838-0400][gc,marking     ] GC(122) Concurrent Preclean 0.279ms
[2021-01-05T15:28:25.839-0400][gc,marking     ] GC(122) Concurrent Mark (244.187s, 244.457s) 270.290ms
[2021-01-05T15:28:25.839-0400][gc,start       ] GC(122) Pause Remark
[2021-01-05T15:28:25.873-0400][gc,stringtable ] GC(122) Cleaned string and symbol table, strings: 22761 processed, 0 removed, symbols: 92415 processed, 0 removed
[2021-01-05T15:28:25.874-0400][gc             ] GC(122) Pause Remark 67M->67M(198M) 34.436ms
[2021-01-05T15:28:25.874-0400][gc,cpu         ] GC(122) User=0.12s Sys=0.01s Real=0.03s
[2021-01-05T15:28:25.875-0400][gc,marking     ] GC(122) Concurrent Rebuild Remembered Sets
[2021-01-05T15:28:26.034-0400][gc,marking     ] GC(122) Concurrent Rebuild Remembered Sets 159.743ms
[2021-01-05T15:28:26.036-0400][gc,start       ] GC(122) Pause Cleanup
[2021-01-05T15:28:26.036-0400][gc             ] GC(122) Pause Cleanup 68M->68M(198M) 0.703ms
[2021-01-05T15:28:26.037-0400][gc,cpu         ] GC(122) User=0.00s Sys=0.00s Real=0.01s
[2021-01-05T15:28:26.037-0400][gc,marking     ] GC(122) Concurrent Cleanup for Next Mark
[2021-01-05T15:28:26.040-0400][gc,marking     ] GC(122) Concurrent Cleanup for Next Mark 3.198ms
[2021-01-05T15:28:26.040-0400][gc             ] GC(122) Concurrent Cycle 491.086ms
[2021-01-05T15:28:35.515-0400][gc,heap        ] GC(123) Heap before GC invocations=123 (full 1): garbage-first heap   total 202752K, used 120410K [0x0000000083000000, 0x0000000100000000)
[2021-01-05T15:28:35.516-0400][gc,heap        ] GC(123)   region size 1024K, 72 young (73728K), 4 survivors (4096K)
[2021-01-05T15:28:35.516-0400][gc,heap        ] GC(123)  Metaspace       used 40399K, capacity 43539K, committed 43648K, reserved 1087488K
[2021-01-05T15:28:35.516-0400][gc,heap        ] GC(123)   class space    used 4474K, capacity 5672K, committed 5760K, reserved 1048576K
[2021-01-05T15:28:35.516-0400][gc,start       ] GC(123) Pause Young (Concurrent Start) (G1 Humongous Allocation)
[2021-01-05T15:28:35.516-0400][gc,task        ] GC(123) Using 4 workers of 4 for evacuation
[2021-01-05T15:28:35.534-0400][gc,phases      ] GC(123)   Pre Evacuate Collection Set: 0.4ms
[2021-01-05T15:28:35.534-0400][gc,phases      ] GC(123)   Evacuate Collection Set: 14.3ms
[2021-01-05T15:28:35.534-0400][gc,phases      ] GC(123)   Post Evacuate Collection Set: 2.0ms
[2021-01-05T15:28:35.534-0400][gc,phases      ] GC(123)   Other: 1.4ms
[2021-01-05T15:28:35.534-0400][gc,heap        ] GC(123) Eden regions: 68->0(114)
[2021-01-05T15:28:35.534-0400][gc,heap        ] GC(123) Survivor regions: 4->4(15)
[2021-01-05T15:28:35.534-0400][gc,heap        ] GC(123) Old regions: 45->45
[2021-01-05T15:28:35.534-0400][gc,heap        ] GC(123) Humongous regions: 6->4
[2021-01-05T15:28:35.534-0400][gc,metaspace   ] GC(123) Metaspace: 40399K->40399K(1087488K)
[2021-01-05T15:28:35.534-0400][gc,heap        ] GC(123) Heap after GC invocations=124 (full 1): garbage-first heap   total 202752K, used 50740K [0x0000000083000000, 0x0000000100000000)
[2021-01-05T15:28:35.534-0400][gc,heap        ] GC(123)   region size 1024K, 4 young (4096K), 4 survivors (4096K)
[2021-01-05T15:28:35.534-0400][gc,heap        ] GC(123)  Metaspace       used 40399K, capacity 43539K, committed 43648K, reserved 1087488K
[2021-01-05T15:28:35.534-0400][gc,heap        ] GC(123)   class space    used 4474K, capacity 5672K, committed 5760K, reserved 1048576K
[2021-01-05T15:28:35.534-0400][gc             ] GC(123) Pause Young (Concurrent Start) (G1 Humongous Allocation) 118M->49M(198M) 18.414ms
[2021-01-05T15:28:35.535-0400][gc,cpu         ] GC(123) User=0.06s Sys=0.01s Real=0.01s
[2021-01-05T15:28:35.535-0400][gc             ] GC(124) Concurrent Cycle
[2021-01-05T15:28:35.535-0400][gc,marking     ] GC(124) Concurrent Clear Claimed Marks
[2021-01-05T15:28:35.536-0400][gc,marking     ] GC(124) Concurrent Clear Claimed Marks 1.005ms
[2021-01-05T15:28:35.536-0400][gc,marking     ] GC(124) Concurrent Scan Root Regions
[2021-01-05T15:28:35.549-0400][gc,marking     ] GC(124) Concurrent Scan Root Regions 12.381ms
[2021-01-05T15:28:35.549-0400][gc,marking     ] GC(124) Concurrent Mark (254.168s)
[2021-01-05T15:28:35.549-0400][gc,marking     ] GC(124) Concurrent Mark From Roots
[2021-01-05T15:28:35.549-0400][gc,task        ] GC(124) Using 1 workers of 1 for marking
[2021-01-05T15:28:35.793-0400][gc,marking     ] GC(124) Concurrent Mark From Roots 243.559ms
[2021-01-05T15:28:35.793-0400][gc,marking     ] GC(124) Concurrent Preclean
[2021-01-05T15:28:35.793-0400][gc,marking     ] GC(124) Concurrent Preclean 0.305ms
[2021-01-05T15:28:35.793-0400][gc,marking     ] GC(124) Concurrent Mark (254.168s, 254.412s) 244.127ms
[2021-01-05T15:28:35.794-0400][gc,start       ] GC(124) Pause Remark
[2021-01-05T15:28:35.828-0400][gc,stringtable ] GC(124) Cleaned string and symbol table, strings: 22789 processed, 0 removed, symbols: 92415 processed, 0 removed
[2021-01-05T15:28:35.828-0400][gc             ] GC(124) Pause Remark 53M->53M(198M) 34.171ms
[2021-01-05T15:28:35.829-0400][gc,cpu         ] GC(124) User=0.12s Sys=0.01s Real=0.04s
[2021-01-05T15:28:35.829-0400][gc,marking     ] GC(124) Concurrent Rebuild Remembered Sets
[2021-01-05T15:28:35.970-0400][gc,marking     ] GC(124) Concurrent Rebuild Remembered Sets 140.699ms
[2021-01-05T15:28:35.971-0400][gc,start       ] GC(124) Pause Cleanup
[2021-01-05T15:28:35.972-0400][gc             ] GC(124) Pause Cleanup 53M->53M(198M) 0.583ms
[2021-01-05T15:28:35.972-0400][gc,cpu         ] GC(124) User=0.00s Sys=0.00s Real=0.00s
[2021-01-05T15:28:35.972-0400][gc,marking     ] GC(124) Concurrent Cleanup for Next Mark
[2021-01-05T15:28:35.974-0400][gc,marking     ] GC(124) Concurrent Cleanup for Next Mark 2.340ms
[2021-01-05T15:28:35.975-0400][gc             ] GC(124) Concurrent Cycle 439.772ms
[2021-01-05T15:28:45.420-0400][gc,heap        ] GC(125) Heap before GC invocations=125 (full 1): garbage-first heap   total 202752K, used 118324K [0x0000000083000000, 0x0000000100000000)
[2021-01-05T15:28:45.421-0400][gc,heap        ] GC(125)   region size 1024K, 70 young (71680K), 4 survivors (4096K)
[2021-01-05T15:28:45.421-0400][gc,heap        ] GC(125)  Metaspace       used 40405K, capacity 43548K, committed 43648K, reserved 1087488K
[2021-01-05T15:28:45.421-0400][gc,heap        ] GC(125)   class space    used 4476K, capacity 5675K, committed 5760K, reserved 1048576K
[2021-01-05T15:28:45.421-0400][gc,start       ] GC(125) Pause Young (Concurrent Start) (G1 Humongous Allocation)
[2021-01-05T15:28:45.421-0400][gc,task        ] GC(125) Using 4 workers of 4 for evacuation
[2021-01-05T15:28:45.441-0400][gc,phases      ] GC(125)   Pre Evacuate Collection Set: 0.7ms
[2021-01-05T15:28:45.441-0400][gc,phases      ] GC(125)   Evacuate Collection Set: 15.1ms
[2021-01-05T15:28:45.441-0400][gc,phases      ] GC(125)   Post Evacuate Collection Set: 2.6ms
[2021-01-05T15:28:45.441-0400][gc,phases      ] GC(125)   Other: 1.9ms
[2021-01-05T15:28:45.441-0400][gc,heap        ] GC(125) Eden regions: 66->0(115)
[2021-01-05T15:28:45.441-0400][gc,heap        ] GC(125) Survivor regions: 4->3(15)
[2021-01-05T15:28:45.441-0400][gc,heap        ] GC(125) Old regions: 45->45
[2021-01-05T15:28:45.441-0400][gc,heap        ] GC(125) Humongous regions: 6->4
[2021-01-05T15:28:45.441-0400][gc,metaspace   ] GC(125) Metaspace: 40405K->40405K(1087488K)
[2021-01-05T15:28:45.441-0400][gc,heap        ] GC(125) Heap after GC invocations=126 (full 1): garbage-first heap   total 202752K, used 50663K [0x0000000083000000, 0x0000000100000000)
[2021-01-05T15:28:45.441-0400][gc,heap        ] GC(125)   region size 1024K, 3 young (3072K), 3 survivors (3072K)
[2021-01-05T15:28:45.441-0400][gc,heap        ] GC(125)  Metaspace       used 40405K, capacity 43548K, committed 43648K, reserved 1087488K
[2021-01-05T15:28:45.441-0400][gc,heap        ] GC(125)   class space    used 4476K, capacity 5675K, committed 5760K, reserved 1048576K
[2021-01-05T15:28:45.441-0400][gc             ] GC(125) Pause Young (Concurrent Start) (G1 Humongous Allocation) 116M->49M(198M) 20.618ms
[2021-01-05T15:28:45.442-0400][gc,cpu         ] GC(125) User=0.05s Sys=0.01s Real=0.02s
[2021-01-05T15:28:45.442-0400][gc             ] GC(126) Concurrent Cycle
[2021-01-05T15:28:45.442-0400][gc,marking     ] GC(126) Concurrent Clear Claimed Marks
[2021-01-05T15:28:45.443-0400][gc,marking     ] GC(126) Concurrent Clear Claimed Marks 0.767ms
[2021-01-05T15:28:45.443-0400][gc,marking     ] GC(126) Concurrent Scan Root Regions
[2021-01-05T15:28:45.457-0400][gc,marking     ] GC(126) Concurrent Scan Root Regions 14.306ms
[2021-01-05T15:28:45.457-0400][gc,marking     ] GC(126) Concurrent Mark (264.076s)
[2021-01-05T15:28:45.457-0400][gc,marking     ] GC(126) Concurrent Mark From Roots
[2021-01-05T15:28:45.457-0400][gc,task        ] GC(126) Using 1 workers of 1 for marking
[2021-01-05T15:28:45.700-0400][gc,marking     ] GC(126) Concurrent Mark From Roots 243.018ms
[2021-01-05T15:28:45.701-0400][gc,marking     ] GC(126) Concurrent Preclean
[2021-01-05T15:28:45.701-0400][gc,marking     ] GC(126) Concurrent Preclean 0.401ms
[2021-01-05T15:28:45.701-0400][gc,marking     ] GC(126) Concurrent Mark (264.076s, 264.320s) 243.661ms
[2021-01-05T15:28:45.702-0400][gc,start       ] GC(126) Pause Remark
[2021-01-05T15:28:45.735-0400][gc,stringtable ] GC(126) Cleaned string and symbol table, strings: 22792 processed, 0 removed, symbols: 92421 processed, 0 removed
[2021-01-05T15:28:45.736-0400][gc             ] GC(126) Pause Remark 54M->54M(198M) 33.665ms
[2021-01-05T15:28:45.736-0400][gc,cpu         ] GC(126) User=0.12s Sys=0.01s Real=0.04s
[2021-01-05T15:28:45.736-0400][gc,marking     ] GC(126) Concurrent Rebuild Remembered Sets
[2021-01-05T15:28:45.877-0400][gc,marking     ] GC(126) Concurrent Rebuild Remembered Sets 141.162ms
[2021-01-05T15:28:45.879-0400][gc,start       ] GC(126) Pause Cleanup
[2021-01-05T15:28:45.879-0400][gc             ] GC(126) Pause Cleanup 54M->54M(198M) 0.645ms
[2021-01-05T15:28:45.879-0400][gc,cpu         ] GC(126) User=0.00s Sys=0.00s Real=0.00s
[2021-01-05T15:28:45.880-0400][gc,marking     ] GC(126) Concurrent Cleanup for Next Mark
[2021-01-05T15:28:45.882-0400][gc,marking     ] GC(126) Concurrent Cleanup for Next Mark 2.028ms
[2021-01-05T15:28:45.882-0400][gc             ] GC(126) Concurrent Cycle 440.244ms
[2021-01-05T15:29:05.070-0400][gc,heap        ] GC(127) Heap before GC invocations=127 (full 1): garbage-first heap   total 202752K, used 171495K [0x0000000083000000, 0x0000000100000000)
[2021-01-05T15:29:05.070-0400][gc,heap        ] GC(127)   region size 1024K, 118 young (120832K), 3 survivors (3072K)
[2021-01-05T15:29:05.070-0400][gc,heap        ] GC(127)  Metaspace       used 40423K, capacity 43548K, committed 43648K, reserved 1087488K
[2021-01-05T15:29:05.070-0400][gc,heap        ] GC(127)   class space    used 4476K, capacity 5675K, committed 5760K, reserved 1048576K
[2021-01-05T15:29:05.070-0400][gc,start       ] GC(127) Pause Young (Prepare Mixed) (G1 Evacuation Pause)
[2021-01-05T15:29:05.071-0400][gc,task        ] GC(127) Using 4 workers of 4 for evacuation
[2021-01-05T15:29:05.085-0400][gc,phases      ] GC(127)   Pre Evacuate Collection Set: 0.1ms
[2021-01-05T15:29:05.086-0400][gc,phases      ] GC(127)   Evacuate Collection Set: 11.5ms
[2021-01-05T15:29:05.086-0400][gc,phases      ] GC(127)   Post Evacuate Collection Set: 2.6ms
[2021-01-05T15:29:05.086-0400][gc,phases      ] GC(127)   Other: 1.1ms
[2021-01-05T15:29:05.086-0400][gc,heap        ] GC(127) Eden regions: 115->0(6)
[2021-01-05T15:29:05.086-0400][gc,heap        ] GC(127) Survivor regions: 3->3(15)
[2021-01-05T15:29:05.086-0400][gc,heap        ] GC(127) Old regions: 45->45
[2021-01-05T15:29:05.086-0400][gc,heap        ] GC(127) Humongous regions: 8->4
[2021-01-05T15:29:05.086-0400][gc,metaspace   ] GC(127) Metaspace: 40423K->40423K(1087488K)
[2021-01-05T15:29:05.086-0400][gc,heap        ] GC(127) Heap after GC invocations=128 (full 1): garbage-first heap   total 202752K, used 49965K [0x0000000083000000, 0x0000000100000000)
[2021-01-05T15:29:05.086-0400][gc,heap        ] GC(127)   region size 1024K, 3 young (3072K), 3 survivors (3072K)
[2021-01-05T15:29:05.086-0400][gc,heap        ] GC(127)  Metaspace       used 40423K, capacity 43548K, committed 43648K, reserved 1087488K
[2021-01-05T15:29:05.086-0400][gc,heap        ] GC(127)   class space    used 4476K, capacity 5675K, committed 5760K, reserved 1048576K
[2021-01-05T15:29:05.086-0400][gc             ] GC(127) Pause Young (Prepare Mixed) (G1 Evacuation Pause) 168M->48M(198M) 15.767ms
[2021-01-05T15:29:05.086-0400][gc,cpu         ] GC(127) User=0.04s Sys=0.00s Real=0.02s
[2021-01-05T15:29:05.137-0400][gc,heap        ] GC(128) Heap before GC invocations=128 (full 1): garbage-first heap   total 202752K, used 56109K [0x0000000083000000, 0x0000000100000000)
[2021-01-05T15:29:05.137-0400][gc,heap        ] GC(128)   region size 1024K, 9 young (9216K), 3 survivors (3072K)
[2021-01-05T15:29:05.137-0400][gc,heap        ] GC(128)  Metaspace       used 40423K, capacity 43548K, committed 43648K, reserved 1087488K
[2021-01-05T15:29:05.137-0400][gc,heap        ] GC(128)   class space    used 4476K, capacity 5675K, committed 5760K, reserved 1048576K
[2021-01-05T15:29:05.137-0400][gc,start       ] GC(128) Pause Young (Mixed) (G1 Evacuation Pause)
[2021-01-05T15:29:05.137-0400][gc,task        ] GC(128) Using 4 workers of 4 for evacuation
[2021-01-05T15:29:05.150-0400][gc,phases      ] GC(128)   Pre Evacuate Collection Set: 0.2ms
[2021-01-05T15:29:05.151-0400][gc,phases      ] GC(128)   Evacuate Collection Set: 10.8ms
[2021-01-05T15:29:05.151-0400][gc,phases      ] GC(128)   Post Evacuate Collection Set: 1.5ms
[2021-01-05T15:29:05.151-0400][gc,phases      ] GC(128)   Other: 1.2ms
[2021-01-05T15:29:05.151-0400][gc,heap        ] GC(128) Eden regions: 6->0(117)
[2021-01-05T15:29:05.151-0400][gc,heap        ] GC(128) Survivor regions: 3->1(2)
[2021-01-05T15:29:05.151-0400][gc,heap        ] GC(128) Old regions: 45->46
[2021-01-05T15:29:05.151-0400][gc,heap        ] GC(128) Humongous regions: 4->4
[2021-01-05T15:29:05.151-0400][gc,metaspace   ] GC(128) Metaspace: 40423K->40423K(1087488K)
[2021-01-05T15:29:05.151-0400][gc,heap        ] GC(128) Heap after GC invocations=129 (full 1): garbage-first heap   total 202752K, used 49248K [0x0000000083000000, 0x0000000100000000)
[2021-01-05T15:29:05.151-0400][gc,heap        ] GC(128)   region size 1024K, 1 young (1024K), 1 survivors (1024K)
[2021-01-05T15:29:05.151-0400][gc,heap        ] GC(128)  Metaspace       used 40423K, capacity 43548K, committed 43648K, reserved 1087488K
[2021-01-05T15:29:05.151-0400][gc,heap        ] GC(128)   class space    used 4476K, capacity 5675K, committed 5760K, reserved 1048576K
[2021-01-05T15:29:05.151-0400][gc             ] GC(128) Pause Young (Mixed) (G1 Evacuation Pause) 54M->48M(198M) 13.979ms
[2021-01-05T15:29:05.151-0400][gc,cpu         ] GC(128) User=0.04s Sys=0.01s Real=0.01s
[2021-01-05T15:29:21.546-0400][gc,heap        ] GC(129) Heap before GC invocations=129 (full 1): garbage-first heap   total 202752K, used 172128K [0x0000000083000000, 0x0000000100000000)
[2021-01-05T15:29:21.547-0400][gc,heap        ] GC(129)   region size 1024K, 118 young (120832K), 1 survivors (1024K)
[2021-01-05T15:29:21.547-0400][gc,heap        ] GC(129)  Metaspace       used 40432K, capacity 43548K, committed 43648K, reserved 1087488K
[2021-01-05T15:29:21.547-0400][gc,heap        ] GC(129)   class space    used 4476K, capacity 5675K, committed 5760K, reserved 1048576K
[2021-01-05T15:29:21.547-0400][gc,start       ] GC(129) Pause Young (Normal) (G1 Evacuation Pause)
[2021-01-05T15:29:21.547-0400][gc,task        ] GC(129) Using 4 workers of 4 for evacuation
[2021-01-05T15:29:21.563-0400][gc,phases      ] GC(129)   Pre Evacuate Collection Set: 0.1ms
[2021-01-05T15:29:21.563-0400][gc,phases      ] GC(129)   Evacuate Collection Set: 12.5ms
[2021-01-05T15:29:21.563-0400][gc,phases      ] GC(129)   Post Evacuate Collection Set: 2.4ms
[2021-01-05T15:29:21.563-0400][gc,phases      ] GC(129)   Other: 1.5ms
[2021-01-05T15:29:21.563-0400][gc,heap        ] GC(129) Eden regions: 117->0(116)
[2021-01-05T15:29:21.563-0400][gc,heap        ] GC(129) Survivor regions: 1->2(15)
[2021-01-05T15:29:21.563-0400][gc,heap        ] GC(129) Old regions: 46->46
[2021-01-05T15:29:21.563-0400][gc,heap        ] GC(129) Humongous regions: 8->4
[2021-01-05T15:29:21.563-0400][gc,metaspace   ] GC(129) Metaspace: 40432K->40432K(1087488K)
[2021-01-05T15:29:21.563-0400][gc,heap        ] GC(129) Heap after GC invocations=130 (full 1): garbage-first heap   total 202752K, used 50213K [0x0000000083000000, 0x0000000100000000)
[2021-01-05T15:29:21.563-0400][gc,heap        ] GC(129)   region size 1024K, 2 young (2048K), 2 survivors (2048K)
[2021-01-05T15:29:21.564-0400][gc,heap        ] GC(129)  Metaspace       used 40432K, capacity 43548K, committed 43648K, reserved 1087488K
[2021-01-05T15:29:21.564-0400][gc,heap        ] GC(129)   class space    used 4476K, capacity 5675K, committed 5760K, reserved 1048576K
[2021-01-05T15:29:21.564-0400][gc             ] GC(129) Pause Young (Normal) (G1 Evacuation Pause) 169M->49M(198M) 16.727ms
[2021-01-05T15:29:21.564-0400][gc,cpu         ] GC(129) User=0.04s Sys=0.01s Real=0.01s
[2021-01-05T15:29:25.521-0400][gc,heap        ] GC(130) Heap before GC invocations=130 (full 1): garbage-first heap   total 202752K, used 85029K [0x0000000083000000, 0x0000000100000000)
[2021-01-05T15:29:25.521-0400][gc,heap        ] GC(130)   region size 1024K, 38 young (38912K), 2 survivors (2048K)
[2021-01-05T15:29:25.521-0400][gc,heap        ] GC(130)  Metaspace       used 40445K, capacity 43562K, committed 43648K, reserved 1087488K
[2021-01-05T15:29:25.521-0400][gc,heap        ] GC(130)   class space    used 4476K, capacity 5676K, committed 5760K, reserved 1048576K
[2021-01-05T15:29:25.521-0400][gc,start       ] GC(130) Pause Young (Concurrent Start) (G1 Humongous Allocation)
[2021-01-05T15:29:25.521-0400][gc,task        ] GC(130) Using 4 workers of 4 for evacuation
[2021-01-05T15:29:25.537-0400][gc,phases      ] GC(130)   Pre Evacuate Collection Set: 0.3ms
[2021-01-05T15:29:25.537-0400][gc,phases      ] GC(130)   Evacuate Collection Set: 12.2ms
[2021-01-05T15:29:25.537-0400][gc,phases      ] GC(130)   Post Evacuate Collection Set: 2.1ms
[2021-01-05T15:29:25.537-0400][gc,phases      ] GC(130)   Other: 1.3ms
[2021-01-05T15:29:25.537-0400][gc,heap        ] GC(130) Eden regions: 36->0(103)
[2021-01-05T15:29:25.537-0400][gc,heap        ] GC(130) Survivor regions: 2->3(15)
[2021-01-05T15:29:25.537-0400][gc,heap        ] GC(130) Old regions: 46->46
[2021-01-05T15:29:25.537-0400][gc,heap        ] GC(130) Humongous regions: 4->4
[2021-01-05T15:29:25.537-0400][gc,metaspace   ] GC(130) Metaspace: 40445K->40445K(1087488K)
[2021-01-05T15:29:25.537-0400][gc,heap        ] GC(130) Heap after GC invocations=131 (full 1): garbage-first heap   total 202752K, used 51290K [0x0000000083000000, 0x0000000100000000)
[2021-01-05T15:29:25.538-0400][gc,heap        ] GC(130)   region size 1024K, 3 young (3072K), 3 survivors (3072K)
[2021-01-05T15:29:25.538-0400][gc,heap        ] GC(130)  Metaspace       used 40445K, capacity 43562K, committed 43648K, reserved 1087488K
[2021-01-05T15:29:25.538-0400][gc,heap        ] GC(130)   class space    used 4476K, capacity 5676K, committed 5760K, reserved 1048576K
[2021-01-05T15:29:25.538-0400][gc             ] GC(130) Pause Young (Concurrent Start) (G1 Humongous Allocation) 84M->50M(198M) 16.400ms
[2021-01-05T15:29:25.538-0400][gc,cpu         ] GC(130) User=0.05s Sys=0.00s Real=0.02s
[2021-01-05T15:29:25.538-0400][gc             ] GC(131) Concurrent Cycle
[2021-01-05T15:29:25.538-0400][gc,marking     ] GC(131) Concurrent Clear Claimed Marks
[2021-01-05T15:29:25.539-0400][gc,marking     ] GC(131) Concurrent Clear Claimed Marks 0.663ms
[2021-01-05T15:29:25.539-0400][gc,marking     ] GC(131) Concurrent Scan Root Regions
[2021-01-05T15:29:25.553-0400][gc,marking     ] GC(131) Concurrent Scan Root Regions 14.198ms
[2021-01-05T15:29:25.554-0400][gc,marking     ] GC(131) Concurrent Mark (304.172s)
[2021-01-05T15:29:25.554-0400][gc,marking     ] GC(131) Concurrent Mark From Roots
[2021-01-05T15:29:25.554-0400][gc,task        ] GC(131) Using 1 workers of 1 for marking
[2021-01-05T15:29:25.833-0400][gc,marking     ] GC(131) Concurrent Mark From Roots 279.474ms
[2021-01-05T15:29:25.833-0400][gc,marking     ] GC(131) Concurrent Preclean
[2021-01-05T15:29:25.834-0400][gc,marking     ] GC(131) Concurrent Preclean 0.301ms
[2021-01-05T15:29:25.834-0400][gc,marking     ] GC(131) Concurrent Mark (304.172s, 304.452s) 280.137ms
[2021-01-05T15:29:25.835-0400][gc,start       ] GC(131) Pause Remark
[2021-01-05T15:29:25.867-0400][gc,stringtable ] GC(131) Cleaned string and symbol table, strings: 22820 processed, 0 removed, symbols: 92423 processed, 0 removed
[2021-01-05T15:29:25.868-0400][gc             ] GC(131) Pause Remark 59M->59M(198M) 33.277ms
[2021-01-05T15:29:25.868-0400][gc,cpu         ] GC(131) User=0.12s Sys=0.01s Real=0.04s
[2021-01-05T15:29:25.869-0400][gc,marking     ] GC(131) Concurrent Rebuild Remembered Sets
[2021-01-05T15:29:26.053-0400][gc,marking     ] GC(131) Concurrent Rebuild Remembered Sets 183.735ms
[2021-01-05T15:29:26.054-0400][gc,start       ] GC(131) Pause Cleanup
[2021-01-05T15:29:26.055-0400][gc             ] GC(131) Pause Cleanup 71M->71M(198M) 0.637ms
[2021-01-05T15:29:26.055-0400][gc,cpu         ] GC(131) User=0.01s Sys=0.00s Real=0.00s
[2021-01-05T15:29:26.056-0400][gc,marking     ] GC(131) Concurrent Cleanup for Next Mark
[2021-01-05T15:29:26.058-0400][gc,marking     ] GC(131) Concurrent Cleanup for Next Mark 2.418ms
[2021-01-05T15:29:26.059-0400][gc             ] GC(131) Concurrent Cycle 520.379ms
[2021-01-05T15:29:31.175-0400][gc,task        ] GC(132) Using 4 workers of 4 for full compaction
[2021-01-05T15:29:31.176-0400][gc,start       ] GC(132) Pause Full (System.gc())
[2021-01-05T15:29:31.176-0400][gc,heap        ] GC(132) Heap before GC invocations=132 (full 1): garbage-first heap   total 202752K, used 104538K [0x0000000083000000, 0x0000000100000000)
[2021-01-05T15:29:31.176-0400][gc,heap        ] GC(132)   region size 1024K, 55 young (56320K), 3 survivors (3072K)
[2021-01-05T15:29:31.176-0400][gc,heap        ] GC(132)  Metaspace       used 40451K, capacity 43562K, committed 43648K, reserved 1087488K
[2021-01-05T15:29:31.176-0400][gc,heap        ] GC(132)   class space    used 4476K, capacity 5676K, committed 5760K, reserved 1048576K
[2021-01-05T15:29:31.180-0400][gc,phases,start] GC(132) Phase 1: Mark live objects
[2021-01-05T15:29:31.274-0400][gc,stringtable ] GC(132) Cleaned string and symbol table, strings: 22820 processed, 0 removed, symbols: 92423 processed, 0 removed
[2021-01-05T15:29:31.274-0400][gc,phases      ] GC(132) Phase 1: Mark live objects 94.490ms
[2021-01-05T15:29:31.274-0400][gc,phases,start] GC(132) Phase 2: Prepare for compaction
[2021-01-05T15:29:31.295-0400][gc,phases      ] GC(132) Phase 2: Prepare for compaction 20.174ms
[2021-01-05T15:29:31.295-0400][gc,phases,start] GC(132) Phase 3: Adjust pointers
[2021-01-05T15:29:31.350-0400][gc,phases      ] GC(132) Phase 3: Adjust pointers 55.252ms
[2021-01-05T15:29:31.350-0400][gc,phases,start] GC(132) Phase 4: Compact heap
[2021-01-05T15:29:31.378-0400][gc,phases      ] GC(132) Phase 4: Compact heap 28.193ms
[2021-01-05T15:29:31.417-0400][gc,heap        ] GC(132) Eden regions: 52->0(10)
[2021-01-05T15:29:31.417-0400][gc,heap        ] GC(132) Survivor regions: 3->0(15)
[2021-01-05T15:29:31.417-0400][gc,heap        ] GC(132) Old regions: 46->38
[2021-01-05T15:29:31.417-0400][gc,heap        ] GC(132) Humongous regions: 6->4
[2021-01-05T15:29:31.417-0400][gc,metaspace   ] GC(132) Metaspace: 40451K->40451K(1087488K)
[2021-01-05T15:29:31.417-0400][gc,heap        ] GC(132) Heap after GC invocations=133 (full 2): garbage-first heap   total 61440K, used 39594K [0x0000000083000000, 0x0000000100000000)
[2021-01-05T15:29:31.417-0400][gc,heap        ] GC(132)   region size 1024K, 0 young (0K), 0 survivors (0K)
[2021-01-05T15:29:31.417-0400][gc,heap        ] GC(132)  Metaspace       used 40451K, capacity 43562K, committed 43648K, reserved 1087488K
[2021-01-05T15:29:31.417-0400][gc,heap        ] GC(132)   class space    used 4476K, capacity 5676K, committed 5760K, reserved 1048576K
[2021-01-05T15:29:31.417-0400][gc             ] GC(132) Pause Full (System.gc()) 104M->38M(60M) 241.717ms
[2021-01-05T15:29:31.418-0400][gc,cpu         ] GC(132) User=0.78s Sys=0.02s Real=0.25s
[2021-01-05T15:29:35.092-0400][gc,heap        ] GC(133) Heap before GC invocations=133 (full 2): garbage-first heap   total 61440K, used 48810K [0x0000000083000000, 0x0000000100000000)
[2021-01-05T15:29:35.093-0400][gc,heap        ] GC(133)   region size 1024K, 10 young (10240K), 0 survivors (0K)
[2021-01-05T15:29:35.093-0400][gc,heap        ] GC(133)  Metaspace       used 40451K, capacity 43562K, committed 43648K, reserved 1087488K
[2021-01-05T15:29:35.093-0400][gc,heap        ] GC(133)   class space    used 4476K, capacity 5676K, committed 5760K, reserved 1048576K
[2021-01-05T15:29:35.093-0400][gc,start       ] GC(133) Pause Young (Concurrent Start) (G1 Evacuation Pause)
[2021-01-05T15:29:35.093-0400][gc,task        ] GC(133) Using 4 workers of 4 for evacuation
[2021-01-05T15:29:35.102-0400][gc,phases      ] GC(133)   Pre Evacuate Collection Set: 0.4ms
[2021-01-05T15:29:35.102-0400][gc,phases      ] GC(133)   Evacuate Collection Set: 5.9ms
[2021-01-05T15:29:35.102-0400][gc,phases      ] GC(133)   Post Evacuate Collection Set: 1.6ms
[2021-01-05T15:29:35.102-0400][gc,phases      ] GC(133)   Other: 1.1ms
[2021-01-05T15:29:35.102-0400][gc,heap        ] GC(133) Eden regions: 10->0(9)
[2021-01-05T15:29:35.102-0400][gc,heap        ] GC(133) Survivor regions: 0->1(2)
[2021-01-05T15:29:35.102-0400][gc,heap        ] GC(133) Old regions: 38->38
[2021-01-05T15:29:35.102-0400][gc,heap        ] GC(133) Humongous regions: 4->4
[2021-01-05T15:29:35.102-0400][gc,metaspace   ] GC(133) Metaspace: 40451K->40451K(1087488K)
[2021-01-05T15:29:35.102-0400][gc,heap        ] GC(133) Heap after GC invocations=134 (full 2): garbage-first heap   total 61440K, used 40074K [0x0000000083000000, 0x0000000100000000)
[2021-01-05T15:29:35.102-0400][gc,heap        ] GC(133)   region size 1024K, 1 young (1024K), 1 survivors (1024K)
[2021-01-05T15:29:35.102-0400][gc,heap        ] GC(133)  Metaspace       used 40451K, capacity 43562K, committed 43648K, reserved 1087488K
[2021-01-05T15:29:35.102-0400][gc,heap        ] GC(133)   class space    used 4476K, capacity 5676K, committed 5760K, reserved 1048576K
[2021-01-05T15:29:35.102-0400][gc             ] GC(133) Pause Young (Concurrent Start) (G1 Evacuation Pause) 48M->39M(60M) 9.387ms
[2021-01-05T15:29:35.102-0400][gc,cpu         ] GC(133) User=0.03s Sys=0.00s Real=0.01s
[2021-01-05T15:29:35.103-0400][gc             ] GC(134) Concurrent Cycle
[2021-01-05T15:29:35.103-0400][gc,marking     ] GC(134) Concurrent Clear Claimed Marks
[2021-01-05T15:29:35.103-0400][gc,marking     ] GC(134) Concurrent Clear Claimed Marks 0.529ms
[2021-01-05T15:29:35.103-0400][gc,marking     ] GC(134) Concurrent Scan Root Regions
[2021-01-05T15:29:35.106-0400][gc,marking     ] GC(134) Concurrent Scan Root Regions 2.722ms
[2021-01-05T15:29:35.106-0400][gc,marking     ] GC(134) Concurrent Mark (313.725s)
[2021-01-05T15:29:35.106-0400][gc,marking     ] GC(134) Concurrent Mark From Roots
[2021-01-05T15:29:35.106-0400][gc,task        ] GC(134) Using 1 workers of 1 for marking
[2021-01-05T15:29:35.210-0400][gc,heap        ] GC(135) Heap before GC invocations=134 (full 2): garbage-first heap   total 61440K, used 49290K [0x0000000083000000, 0x0000000100000000)
[2021-01-05T15:29:35.210-0400][gc,heap        ] GC(135)   region size 1024K, 10 young (10240K), 1 survivors (1024K)
[2021-01-05T15:29:35.210-0400][gc,heap        ] GC(135)  Metaspace       used 40451K, capacity 43562K, committed 43648K, reserved 1087488K
[2021-01-05T15:29:35.210-0400][gc,heap        ] GC(135)   class space    used 4476K, capacity 5676K, committed 5760K, reserved 1048576K
[2021-01-05T15:29:35.210-0400][gc,start       ] GC(135) Pause Young (Normal) (G1 Evacuation Pause)
[2021-01-05T15:29:35.210-0400][gc,task        ] GC(135) Using 4 workers of 4 for evacuation
[2021-01-05T15:29:35.217-0400][gc,phases      ] GC(135)   Pre Evacuate Collection Set: 0.0ms
[2021-01-05T15:29:35.218-0400][gc,phases      ] GC(135)   Evacuate Collection Set: 5.3ms
[2021-01-05T15:29:35.218-0400][gc,phases      ] GC(135)   Post Evacuate Collection Set: 1.5ms
[2021-01-05T15:29:35.218-0400][gc,phases      ] GC(135)   Other: 1.1ms
[2021-01-05T15:29:35.218-0400][gc,heap        ] GC(135) Eden regions: 9->0(9)
[2021-01-05T15:29:35.218-0400][gc,heap        ] GC(135) Survivor regions: 1->1(2)
[2021-01-05T15:29:35.218-0400][gc,heap        ] GC(135) Old regions: 38->38
[2021-01-05T15:29:35.218-0400][gc,heap        ] GC(135) Humongous regions: 4->4
[2021-01-05T15:29:35.218-0400][gc,metaspace   ] GC(135) Metaspace: 40451K->40451K(1087488K)
[2021-01-05T15:29:35.218-0400][gc,heap        ] GC(135) Heap after GC invocations=135 (full 2): garbage-first heap   total 61440K, used 40223K [0x0000000083000000, 0x0000000100000000)
[2021-01-05T15:29:35.218-0400][gc,heap        ] GC(135)   region size 1024K, 1 young (1024K), 1 survivors (1024K)
[2021-01-05T15:29:35.218-0400][gc,heap        ] GC(135)  Metaspace       used 40451K, capacity 43562K, committed 43648K, reserved 1087488K
[2021-01-05T15:29:35.218-0400][gc,heap        ] GC(135)   class space    used 4476K, capacity 5676K, committed 5760K, reserved 1048576K
[2021-01-05T15:29:35.218-0400][gc             ] GC(135) Pause Young (Normal) (G1 Evacuation Pause) 48M->39M(60M) 8.195ms
[2021-01-05T15:29:35.218-0400][gc,cpu         ] GC(135) User=0.02s Sys=0.00s Real=0.01s
[2021-01-05T15:29:35.402-0400][gc,marking     ] GC(134) Concurrent Mark From Roots 295.339ms
[2021-01-05T15:29:35.402-0400][gc,marking     ] GC(134) Concurrent Preclean
[2021-01-05T15:29:35.402-0400][gc,marking     ] GC(134) Concurrent Preclean 0.296ms
[2021-01-05T15:29:35.402-0400][gc,marking     ] GC(134) Concurrent Mark (313.725s, 314.021s) 295.849ms
[2021-01-05T15:29:35.403-0400][gc,start       ] GC(134) Pause Remark
[2021-01-05T15:29:35.434-0400][gc,stringtable ] GC(134) Cleaned string and symbol table, strings: 22820 processed, 0 removed, symbols: 92423 processed, 0 removed
[2021-01-05T15:29:35.435-0400][gc             ] GC(134) Pause Remark 41M->41M(60M) 31.924ms
[2021-01-05T15:29:35.435-0400][gc,cpu         ] GC(134) User=0.12s Sys=0.00s Real=0.03s
[2021-01-05T15:29:35.436-0400][gc,marking     ] GC(134) Concurrent Rebuild Remembered Sets
[2021-01-05T15:29:35.589-0400][gc,marking     ] GC(134) Concurrent Rebuild Remembered Sets 153.186ms
[2021-01-05T15:29:35.590-0400][gc,start       ] GC(134) Pause Cleanup
[2021-01-05T15:29:35.590-0400][gc             ] GC(134) Pause Cleanup 42M->42M(60M) 0.426ms
[2021-01-05T15:29:35.591-0400][gc,cpu         ] GC(134) User=0.00s Sys=0.00s Real=0.00s
[2021-01-05T15:29:35.591-0400][gc,marking     ] GC(134) Concurrent Cleanup for Next Mark
[2021-01-05T15:29:35.592-0400][gc,marking     ] GC(134) Concurrent Cleanup for Next Mark 0.833ms
[2021-01-05T15:29:35.592-0400][gc             ] GC(134) Concurrent Cycle 489.328ms
[2021-01-05T15:29:35.684-0400][gc,heap        ] GC(136) Heap before GC invocations=136 (full 2): garbage-first heap   total 61440K, used 48415K [0x0000000083000000, 0x0000000100000000)
[2021-01-05T15:29:35.684-0400][gc,heap        ] GC(136)   region size 1024K, 10 young (10240K), 1 survivors (1024K)
[2021-01-05T15:29:35.684-0400][gc,heap        ] GC(136)  Metaspace       used 40468K, capacity 43626K, committed 43904K, reserved 1087488K
[2021-01-05T15:29:35.684-0400][gc,heap        ] GC(136)   class space    used 4476K, capacity 5676K, committed 5760K, reserved 1048576K
[2021-01-05T15:29:35.685-0400][gc,start       ] GC(136) Pause Young (Normal) (G1 Evacuation Pause)
[2021-01-05T15:29:35.685-0400][gc,task        ] GC(136) Using 4 workers of 4 for evacuation
[2021-01-05T15:29:35.698-0400][gc,phases      ] GC(136)   Pre Evacuate Collection Set: 0.0ms
[2021-01-05T15:29:35.698-0400][gc,phases      ] GC(136)   Evacuate Collection Set: 8.9ms
[2021-01-05T15:29:35.698-0400][gc,phases      ] GC(136)   Post Evacuate Collection Set: 3.6ms
[2021-01-05T15:29:35.698-0400][gc,phases      ] GC(136)   Other: 1.1ms
[2021-01-05T15:29:35.698-0400][gc,heap        ] GC(136) Eden regions: 9->0(8)
[2021-01-05T15:29:35.698-0400][gc,heap        ] GC(136) Survivor regions: 1->2(2)
[2021-01-05T15:29:35.699-0400][gc,heap        ] GC(136) Old regions: 38->38
[2021-01-05T15:29:35.699-0400][gc,heap        ] GC(136) Humongous regions: 4->4
[2021-01-05T15:29:35.699-0400][gc,metaspace   ] GC(136) Metaspace: 40468K->40468K(1087488K)
[2021-01-05T15:29:35.699-0400][gc,heap        ] GC(136) Heap after GC invocations=137 (full 2): garbage-first heap   total 61440K, used 40770K [0x0000000083000000, 0x0000000100000000)
[2021-01-05T15:29:35.699-0400][gc,heap        ] GC(136)   region size 1024K, 2 young (2048K), 2 survivors (2048K)
[2021-01-05T15:29:35.699-0400][gc,heap        ] GC(136)  Metaspace       used 40468K, capacity 43626K, committed 43904K, reserved 1087488K
[2021-01-05T15:29:35.699-0400][gc,heap        ] GC(136)   class space    used 4476K, capacity 5676K, committed 5760K, reserved 1048576K
[2021-01-05T15:29:35.699-0400][gc             ] GC(136) Pause Young (Normal) (G1 Evacuation Pause) 48M->39M(60M) 14.356ms
[2021-01-05T15:29:35.699-0400][gc,cpu         ] GC(136) User=0.04s Sys=0.00s Real=0.02s
[2021-01-05T15:29:35.724-0400][gc,heap        ] GC(137) Heap before GC invocations=137 (full 2): garbage-first heap   total 61440K, used 43842K [0x0000000083000000, 0x0000000100000000)
[2021-01-05T15:29:35.724-0400][gc,heap        ] GC(137)   region size 1024K, 7 young (7168K), 2 survivors (2048K)
[2021-01-05T15:29:35.724-0400][gc,heap        ] GC(137)  Metaspace       used 40469K, capacity 43626K, committed 43904K, reserved 1087488K
[2021-01-05T15:29:35.724-0400][gc,heap        ] GC(137)   class space    used 4476K, capacity 5676K, committed 5760K, reserved 1048576K
[2021-01-05T15:29:35.725-0400][gc,start       ] GC(137) Pause Young (Concurrent Start) (G1 Humongous Allocation)
[2021-01-05T15:29:35.725-0400][gc,task        ] GC(137) Using 4 workers of 4 for evacuation
[2021-01-05T15:29:35.734-0400][gc,phases      ] GC(137)   Pre Evacuate Collection Set: 0.3ms
[2021-01-05T15:29:35.734-0400][gc,phases      ] GC(137)   Evacuate Collection Set: 7.6ms
[2021-01-05T15:29:35.734-0400][gc,phases      ] GC(137)   Post Evacuate Collection Set: 0.7ms
[2021-01-05T15:29:35.734-0400][gc,phases      ] GC(137)   Other: 1.1ms
[2021-01-05T15:29:35.734-0400][gc,heap        ] GC(137) Eden regions: 5->0(8)
[2021-01-05T15:29:35.734-0400][gc,heap        ] GC(137) Survivor regions: 2->1(2)
[2021-01-05T15:29:35.734-0400][gc,heap        ] GC(137) Old regions: 38->39
[2021-01-05T15:29:35.734-0400][gc,heap        ] GC(137) Humongous regions: 4->4
[2021-01-05T15:29:35.734-0400][gc,metaspace   ] GC(137) Metaspace: 40469K->40469K(1087488K)
[2021-01-05T15:29:35.734-0400][gc,heap        ] GC(137) Heap after GC invocations=138 (full 2): garbage-first heap   total 61440K, used 40975K [0x0000000083000000, 0x0000000100000000)
[2021-01-05T15:29:35.734-0400][gc,heap        ] GC(137)   region size 1024K, 1 young (1024K), 1 survivors (1024K)
[2021-01-05T15:29:35.735-0400][gc,heap        ] GC(137)  Metaspace       used 40469K, capacity 43626K, committed 43904K, reserved 1087488K
[2021-01-05T15:29:35.735-0400][gc,heap        ] GC(137)   class space    used 4476K, capacity 5676K, committed 5760K, reserved 1048576K
[2021-01-05T15:29:35.735-0400][gc             ] GC(137) Pause Young (Concurrent Start) (G1 Humongous Allocation) 44M->40M(60M) 10.168ms
[2021-01-05T15:29:35.735-0400][gc,cpu         ] GC(137) User=0.03s Sys=0.00s Real=0.01s
[2021-01-05T15:29:35.735-0400][gc             ] GC(138) Concurrent Cycle
[2021-01-05T15:29:35.735-0400][gc,marking     ] GC(138) Concurrent Clear Claimed Marks
[2021-01-05T15:29:35.736-0400][gc,marking     ] GC(138) Concurrent Clear Claimed Marks 1.302ms
[2021-01-05T15:29:35.737-0400][gc,marking     ] GC(138) Concurrent Scan Root Regions
[2021-01-05T15:29:35.738-0400][gc,marking     ] GC(138) Concurrent Scan Root Regions 1.396ms
[2021-01-05T15:29:35.738-0400][gc,marking     ] GC(138) Concurrent Mark (314.357s)
[2021-01-05T15:29:35.738-0400][gc,marking     ] GC(138) Concurrent Mark From Roots
[2021-01-05T15:29:35.738-0400][gc,task        ] GC(138) Using 1 workers of 1 for marking
[2021-01-05T15:29:36.000-0400][gc,marking     ] GC(138) Concurrent Mark From Roots 261.540ms
[2021-01-05T15:29:36.000-0400][gc,marking     ] GC(138) Concurrent Preclean
[2021-01-05T15:29:36.000-0400][gc,marking     ] GC(138) Concurrent Preclean 0.455ms
[2021-01-05T15:29:36.001-0400][gc,marking     ] GC(138) Concurrent Mark (314.357s, 314.619s) 262.230ms
[2021-01-05T15:29:36.002-0400][gc,start       ] GC(138) Pause Remark
[2021-01-05T15:29:36.038-0400][gc,stringtable ] GC(138) Cleaned string and symbol table, strings: 22821 processed, 0 removed, symbols: 92423 processed, 0 removed
[2021-01-05T15:29:36.038-0400][gc             ] GC(138) Pause Remark 43M->43M(60M) 36.735ms
[2021-01-05T15:29:36.039-0400][gc,cpu         ] GC(138) User=0.14s Sys=0.01s Real=0.04s
[2021-01-05T15:29:36.039-0400][gc,marking     ] GC(138) Concurrent Rebuild Remembered Sets
[2021-01-05T15:29:36.181-0400][gc,heap        ] GC(139) Heap before GC invocations=138 (full 2): garbage-first heap   total 61440K, used 50191K [0x0000000083000000, 0x0000000100000000)
[2021-01-05T15:29:36.182-0400][gc,heap        ] GC(139)   region size 1024K, 9 young (9216K), 1 survivors (1024K)
[2021-01-05T15:29:36.182-0400][gc,heap        ] GC(139)  Metaspace       used 40469K, capacity 43626K, committed 43904K, reserved 1087488K
[2021-01-05T15:29:36.182-0400][gc,heap        ] GC(139)   class space    used 4476K, capacity 5676K, committed 5760K, reserved 1048576K
[2021-01-05T15:29:36.182-0400][gc,start       ] GC(139) Pause Young (Normal) (G1 Evacuation Pause)
[2021-01-05T15:29:36.182-0400][gc,task        ] GC(139) Using 4 workers of 4 for evacuation
[2021-01-05T15:29:36.194-0400][gc,phases      ] GC(139)   Pre Evacuate Collection Set: 0.1ms
[2021-01-05T15:29:36.194-0400][gc,phases      ] GC(139)   Evacuate Collection Set: 9.6ms
[2021-01-05T15:29:36.194-0400][gc,phases      ] GC(139)   Post Evacuate Collection Set: 1.9ms
[2021-01-05T15:29:36.195-0400][gc,phases      ] GC(139)   Other: 1.4ms
[2021-01-05T15:29:36.195-0400][gc,heap        ] GC(139) Eden regions: 8->0(5)
[2021-01-05T15:29:36.195-0400][gc,heap        ] GC(139) Survivor regions: 1->2(2)
[2021-01-05T15:29:36.195-0400][gc,heap        ] GC(139) Old regions: 39->39
[2021-01-05T15:29:36.195-0400][gc,heap        ] GC(139) Humongous regions: 6->6
[2021-01-05T15:29:36.195-0400][gc,metaspace   ] GC(139) Metaspace: 40469K->40469K(1087488K)
[2021-01-05T15:29:36.195-0400][gc,heap        ] GC(139) Heap after GC invocations=139 (full 2): garbage-first heap   total 61440K, used 43634K [0x0000000083000000, 0x0000000100000000)
[2021-01-05T15:29:36.195-0400][gc,heap        ] GC(139)   region size 1024K, 2 young (2048K), 2 survivors (2048K)
[2021-01-05T15:29:36.195-0400][gc,heap        ] GC(139)  Metaspace       used 40469K, capacity 43626K, committed 43904K, reserved 1087488K
[2021-01-05T15:29:36.195-0400][gc,heap        ] GC(139)   class space    used 4476K, capacity 5676K, committed 5760K, reserved 1048576K
[2021-01-05T15:29:36.195-0400][gc             ] GC(139) Pause Young (Normal) (G1 Evacuation Pause) 50M->42M(60M) 13.422ms
[2021-01-05T15:29:36.196-0400][gc,cpu         ] GC(139) User=0.04s Sys=0.01s Real=0.02s
[2021-01-05T15:29:36.246-0400][gc,marking     ] GC(138) Concurrent Rebuild Remembered Sets 207.016ms
[2021-01-05T15:29:36.247-0400][gc,start       ] GC(138) Pause Cleanup
[2021-01-05T15:29:36.248-0400][gc             ] GC(138) Pause Cleanup 47M->47M(60M) 0.479ms
[2021-01-05T15:29:36.248-0400][gc,cpu         ] GC(138) User=0.00s Sys=0.00s Real=0.00s
[2021-01-05T15:29:36.248-0400][gc,marking     ] GC(138) Concurrent Cleanup for Next Mark
[2021-01-05T15:29:36.249-0400][gc,marking     ] GC(138) Concurrent Cleanup for Next Mark 0.934ms
[2021-01-05T15:29:36.249-0400][gc             ] GC(138) Concurrent Cycle 514.184ms
[2021-01-05T15:29:36.251-0400][gc,heap        ] GC(140) Heap before GC invocations=140 (full 2): garbage-first heap   total 61440K, used 48754K [0x0000000083000000, 0x0000000100000000)
[2021-01-05T15:29:36.251-0400][gc,heap        ] GC(140)   region size 1024K, 7 young (7168K), 2 survivors (2048K)
[2021-01-05T15:29:36.251-0400][gc,heap        ] GC(140)  Metaspace       used 40469K, capacity 43626K, committed 43904K, reserved 1087488K
[2021-01-05T15:29:36.251-0400][gc,heap        ] GC(140)   class space    used 4476K, capacity 5676K, committed 5760K, reserved 1048576K
[2021-01-05T15:29:36.251-0400][gc,start       ] GC(140) Pause Young (Normal) (G1 Evacuation Pause)
[2021-01-05T15:29:36.251-0400][gc,task        ] GC(140) Using 4 workers of 4 for evacuation
[2021-01-05T15:29:36.260-0400][gc,phases      ] GC(140)   Pre Evacuate Collection Set: 0.0ms
[2021-01-05T15:29:36.260-0400][gc,phases      ] GC(140)   Evacuate Collection Set: 7.1ms
[2021-01-05T15:29:36.260-0400][gc,phases      ] GC(140)   Post Evacuate Collection Set: 1.2ms
[2021-01-05T15:29:36.260-0400][gc,phases      ] GC(140)   Other: 1.0ms
[2021-01-05T15:29:36.260-0400][gc,heap        ] GC(140) Eden regions: 5->0(5)
[2021-01-05T15:29:36.260-0400][gc,heap        ] GC(140) Survivor regions: 2->1(1)
[2021-01-05T15:29:36.260-0400][gc,heap        ] GC(140) Old regions: 39->41
[2021-01-05T15:29:36.260-0400][gc,heap        ] GC(140) Humongous regions: 6->6
[2021-01-05T15:29:36.260-0400][gc,metaspace   ] GC(140) Metaspace: 40469K->40469K(1087488K)
[2021-01-05T15:29:36.260-0400][gc,heap        ] GC(140) Heap after GC invocations=141 (full 2): garbage-first heap   total 61440K, used 43943K [0x0000000083000000, 0x0000000100000000)
[2021-01-05T15:29:36.260-0400][gc,heap        ] GC(140)   region size 1024K, 1 young (1024K), 1 survivors (1024K)
[2021-01-05T15:29:36.260-0400][gc,heap        ] GC(140)  Metaspace       used 40469K, capacity 43626K, committed 43904K, reserved 1087488K
[2021-01-05T15:29:36.261-0400][gc,heap        ] GC(140)   class space    used 4476K, capacity 5676K, committed 5760K, reserved 1048576K
[2021-01-05T15:29:36.261-0400][gc             ] GC(140) Pause Young (Normal) (G1 Evacuation Pause) 47M->42M(60M) 9.733ms
[2021-01-05T15:29:36.261-0400][gc,cpu         ] GC(140) User=0.03s Sys=0.00s Real=0.01s
[2021-01-05T15:29:36.827-0400][gc,heap        ] GC(141) Heap before GC invocations=141 (full 2): garbage-first heap   total 61440K, used 49063K [0x0000000083000000, 0x0000000100000000)
[2021-01-05T15:29:36.827-0400][gc,heap        ] GC(141)   region size 1024K, 6 young (6144K), 1 survivors (1024K)
[2021-01-05T15:29:36.828-0400][gc,heap        ] GC(141)  Metaspace       used 40470K, capacity 43626K, committed 43904K, reserved 1087488K
[2021-01-05T15:29:36.828-0400][gc,heap        ] GC(141)   class space    used 4476K, capacity 5676K, committed 5760K, reserved 1048576K
[2021-01-05T15:29:36.828-0400][gc,start       ] GC(141) Pause Young (Concurrent Start) (G1 Evacuation Pause)
[2021-01-05T15:29:36.828-0400][gc,task        ] GC(141) Using 4 workers of 4 for evacuation
[2021-01-05T15:29:36.838-0400][gc,phases      ] GC(141)   Pre Evacuate Collection Set: 0.4ms
[2021-01-05T15:29:36.838-0400][gc,phases      ] GC(141)   Evacuate Collection Set: 7.5ms
[2021-01-05T15:29:36.838-0400][gc,phases      ] GC(141)   Post Evacuate Collection Set: 1.3ms
[2021-01-05T15:29:36.838-0400][gc,phases      ] GC(141)   Other: 1.2ms
[2021-01-05T15:29:36.838-0400][gc,heap        ] GC(141) Eden regions: 5->0(5)
[2021-01-05T15:29:36.838-0400][gc,heap        ] GC(141) Survivor regions: 1->1(1)
[2021-01-05T15:29:36.838-0400][gc,heap        ] GC(141) Old regions: 41->41
[2021-01-05T15:29:36.838-0400][gc,heap        ] GC(141) Humongous regions: 6->6
[2021-01-05T15:29:36.838-0400][gc,metaspace   ] GC(141) Metaspace: 40470K->40470K(1087488K)
[2021-01-05T15:29:36.838-0400][gc,heap        ] GC(141) Heap after GC invocations=142 (full 2): garbage-first heap   total 61440K, used 44187K [0x0000000083000000, 0x0000000100000000)
[2021-01-05T15:29:36.838-0400][gc,heap        ] GC(141)   region size 1024K, 1 young (1024K), 1 survivors (1024K)
[2021-01-05T15:29:36.838-0400][gc,heap        ] GC(141)  Metaspace       used 40470K, capacity 43626K, committed 43904K, reserved 1087488K
[2021-01-05T15:29:36.839-0400][gc,heap        ] GC(141)   class space    used 4476K, capacity 5676K, committed 5760K, reserved 1048576K
[2021-01-05T15:29:36.839-0400][gc             ] GC(141) Pause Young (Concurrent Start) (G1 Evacuation Pause) 47M->43M(60M) 10.978ms
[2021-01-05T15:29:36.839-0400][gc,cpu         ] GC(141) User=0.03s Sys=0.00s Real=0.01s
[2021-01-05T15:29:36.840-0400][gc             ] GC(142) Concurrent Cycle
[2021-01-05T15:29:36.840-0400][gc,marking     ] GC(142) Concurrent Clear Claimed Marks
[2021-01-05T15:29:36.841-0400][gc,marking     ] GC(142) Concurrent Clear Claimed Marks 0.499ms
[2021-01-05T15:29:36.841-0400][gc,marking     ] GC(142) Concurrent Scan Root Regions
[2021-01-05T15:29:36.844-0400][gc,marking     ] GC(142) Concurrent Scan Root Regions 3.408ms
[2021-01-05T15:29:36.844-0400][gc,marking     ] GC(142) Concurrent Mark (315.463s)
[2021-01-05T15:29:36.844-0400][gc,marking     ] GC(142) Concurrent Mark From Roots
[2021-01-05T15:29:36.844-0400][gc,task        ] GC(142) Using 1 workers of 1 for marking
[2021-01-05T15:29:37.098-0400][gc,marking     ] GC(142) Concurrent Mark From Roots 253.915ms
[2021-01-05T15:29:37.098-0400][gc,marking     ] GC(142) Concurrent Preclean
[2021-01-05T15:29:37.099-0400][gc,marking     ] GC(142) Concurrent Preclean 0.313ms
[2021-01-05T15:29:37.099-0400][gc,marking     ] GC(142) Concurrent Mark (315.463s, 315.717s) 254.481ms
[2021-01-05T15:29:37.100-0400][gc,start       ] GC(142) Pause Remark
[2021-01-05T15:29:37.132-0400][gc,stringtable ] GC(142) Cleaned string and symbol table, strings: 22821 processed, 0 removed, symbols: 92423 processed, 0 removed
[2021-01-05T15:29:37.133-0400][gc             ] GC(142) Pause Remark 43M->41M(60M) 32.955ms
[2021-01-05T15:29:37.133-0400][gc,cpu         ] GC(142) User=0.13s Sys=0.00s Real=0.03s
[2021-01-05T15:29:37.133-0400][gc,marking     ] GC(142) Concurrent Rebuild Remembered Sets
[2021-01-05T15:29:37.286-0400][gc,marking     ] GC(142) Concurrent Rebuild Remembered Sets 152.772ms
[2021-01-05T15:29:37.287-0400][gc,start       ] GC(142) Pause Cleanup
[2021-01-05T15:29:37.288-0400][gc             ] GC(142) Pause Cleanup 41M->41M(60M) 0.455ms
[2021-01-05T15:29:37.288-0400][gc,cpu         ] GC(142) User=0.00s Sys=0.00s Real=0.00s
[2021-01-05T15:29:37.288-0400][gc,marking     ] GC(142) Concurrent Cleanup for Next Mark
[2021-01-05T15:29:37.289-0400][gc,marking     ] GC(142) Concurrent Cleanup for Next Mark 0.817ms
[2021-01-05T15:29:37.289-0400][gc             ] GC(142) Concurrent Cycle 449.427ms
[2021-01-05T15:29:39.210-0400][gc,heap        ] GC(143) Heap before GC invocations=143 (full 2): garbage-first heap   total 61440K, used 47259K [0x0000000083000000, 0x0000000100000000)
[2021-01-05T15:29:39.210-0400][gc,heap        ] GC(143)   region size 1024K, 6 young (6144K), 1 survivors (1024K)
[2021-01-05T15:29:39.210-0400][gc,heap        ] GC(143)  Metaspace       used 40471K, capacity 43626K, committed 43904K, reserved 1087488K
[2021-01-05T15:29:39.210-0400][gc,heap        ] GC(143)   class space    used 4476K, capacity 5676K, committed 5760K, reserved 1048576K
[2021-01-05T15:29:39.211-0400][gc,start       ] GC(143) Pause Young (Prepare Mixed) (G1 Evacuation Pause)
[2021-01-05T15:29:39.211-0400][gc,task        ] GC(143) Using 4 workers of 4 for evacuation
[2021-01-05T15:29:39.219-0400][gc,phases      ] GC(143)   Pre Evacuate Collection Set: 0.0ms
[2021-01-05T15:29:39.219-0400][gc,phases      ] GC(143)   Evacuate Collection Set: 6.0ms
[2021-01-05T15:29:39.219-0400][gc,phases      ] GC(143)   Post Evacuate Collection Set: 1.4ms
[2021-01-05T15:29:39.219-0400][gc,phases      ] GC(143)   Other: 1.1ms
[2021-01-05T15:29:39.219-0400][gc,heap        ] GC(143) Eden regions: 5->0(2)
[2021-01-05T15:29:39.219-0400][gc,heap        ] GC(143) Survivor regions: 1->1(1)
[2021-01-05T15:29:39.219-0400][gc,heap        ] GC(143) Old regions: 41->41
[2021-01-05T15:29:39.219-0400][gc,heap        ] GC(143) Humongous regions: 4->4
[2021-01-05T15:29:39.219-0400][gc,metaspace   ] GC(143) Metaspace: 40471K->40471K(1087488K)
[2021-01-05T15:29:39.219-0400][gc,heap        ] GC(143) Heap after GC invocations=144 (full 2): garbage-first heap   total 61440K, used 42307K [0x0000000083000000, 0x0000000100000000)
[2021-01-05T15:29:39.219-0400][gc,heap        ] GC(143)   region size 1024K, 1 young (1024K), 1 survivors (1024K)
[2021-01-05T15:29:39.219-0400][gc,heap        ] GC(143)  Metaspace       used 40471K, capacity 43626K, committed 43904K, reserved 1087488K
[2021-01-05T15:29:39.219-0400][gc,heap        ] GC(143)   class space    used 4476K, capacity 5676K, committed 5760K, reserved 1048576K
[2021-01-05T15:29:39.219-0400][gc             ] GC(143) Pause Young (Prepare Mixed) (G1 Evacuation Pause) 46M->41M(60M) 8.781ms
[2021-01-05T15:29:39.219-0400][gc,cpu         ] GC(143) User=0.02s Sys=0.00s Real=0.01s
[2021-01-05T15:29:39.592-0400][gc,heap        ] GC(144) Heap before GC invocations=144 (full 2): garbage-first heap   total 61440K, used 44355K [0x0000000083000000, 0x0000000100000000)
[2021-01-05T15:29:39.592-0400][gc,heap        ] GC(144)   region size 1024K, 3 young (3072K), 1 survivors (1024K)
[2021-01-05T15:29:39.592-0400][gc,heap        ] GC(144)  Metaspace       used 40471K, capacity 43626K, committed 43904K, reserved 1087488K
[2021-01-05T15:29:39.592-0400][gc,heap        ] GC(144)   class space    used 4476K, capacity 5676K, committed 5760K, reserved 1048576K
[2021-01-05T15:29:39.592-0400][gc,start       ] GC(144) Pause Young (Mixed) (G1 Evacuation Pause)
[2021-01-05T15:29:39.592-0400][gc,task        ] GC(144) Using 4 workers of 4 for evacuation
[2021-01-05T15:29:39.600-0400][gc,phases      ] GC(144)   Pre Evacuate Collection Set: 0.0ms
[2021-01-05T15:29:39.600-0400][gc,phases      ] GC(144)   Evacuate Collection Set: 6.1ms
[2021-01-05T15:29:39.600-0400][gc,phases      ] GC(144)   Post Evacuate Collection Set: 1.5ms
[2021-01-05T15:29:39.600-0400][gc,phases      ] GC(144)   Other: 1.0ms
[2021-01-05T15:29:39.601-0400][gc,heap        ] GC(144) Eden regions: 2->0(6)
[2021-01-05T15:29:39.601-0400][gc,heap        ] GC(144) Survivor regions: 1->1(1)
[2021-01-05T15:29:39.601-0400][gc,heap        ] GC(144) Old regions: 41->40
[2021-01-05T15:29:39.601-0400][gc,heap        ] GC(144) Humongous regions: 4->4
[2021-01-05T15:29:39.601-0400][gc,metaspace   ] GC(144) Metaspace: 40471K->40471K(1087488K)
[2021-01-05T15:29:39.601-0400][gc,heap        ] GC(144) Heap after GC invocations=145 (full 2): garbage-first heap   total 61440K, used 41326K [0x0000000083000000, 0x0000000100000000)
[2021-01-05T15:29:39.601-0400][gc,heap        ] GC(144)   region size 1024K, 1 young (1024K), 1 survivors (1024K)
[2021-01-05T15:29:39.601-0400][gc,heap        ] GC(144)  Metaspace       used 40471K, capacity 43626K, committed 43904K, reserved 1087488K
[2021-01-05T15:29:39.601-0400][gc,heap        ] GC(144)   class space    used 4476K, capacity 5676K, committed 5760K, reserved 1048576K
[2021-01-05T15:29:39.601-0400][gc             ] GC(144) Pause Young (Mixed) (G1 Evacuation Pause) 43M->40M(60M) 9.016ms
[2021-01-05T15:29:39.601-0400][gc,cpu         ] GC(144) User=0.03s Sys=0.00s Real=0.01s
[2021-01-05T15:29:44.594-0400][gc,heap        ] GC(145) Heap before GC invocations=145 (full 2): garbage-first heap   total 61440K, used 46446K [0x0000000083000000, 0x0000000100000000)
[2021-01-05T15:29:44.594-0400][gc,heap        ] GC(145)   region size 1024K, 7 young (7168K), 1 survivors (1024K)
[2021-01-05T15:29:44.594-0400][gc,heap        ] GC(145)  Metaspace       used 40501K, capacity 43665K, committed 43904K, reserved 1087488K
[2021-01-05T15:29:44.594-0400][gc,heap        ] GC(145)   class space    used 4483K, capacity 5688K, committed 5760K, reserved 1048576K
[2021-01-05T15:29:44.594-0400][gc,start       ] GC(145) Pause Young (Concurrent Start) (G1 Evacuation Pause)
[2021-01-05T15:29:44.594-0400][gc,task        ] GC(145) Using 4 workers of 4 for evacuation
[2021-01-05T15:29:44.607-0400][gc,phases      ] GC(145)   Pre Evacuate Collection Set: 0.4ms
[2021-01-05T15:29:44.608-0400][gc,phases      ] GC(145)   Evacuate Collection Set: 10.3ms
[2021-01-05T15:29:44.608-0400][gc,phases      ] GC(145)   Post Evacuate Collection Set: 1.7ms
[2021-01-05T15:29:44.608-0400][gc,phases      ] GC(145)   Other: 1.2ms
[2021-01-05T15:29:44.608-0400][gc,heap        ] GC(145) Eden regions: 6->0(6)
[2021-01-05T15:29:44.608-0400][gc,heap        ] GC(145) Survivor regions: 1->1(1)
[2021-01-05T15:29:44.608-0400][gc,heap        ] GC(145) Old regions: 40->40
[2021-01-05T15:29:44.608-0400][gc,heap        ] GC(145) Humongous regions: 4->4
[2021-01-05T15:29:44.608-0400][gc,metaspace   ] GC(145) Metaspace: 40501K->40501K(1087488K)
[2021-01-05T15:29:44.608-0400][gc,heap        ] GC(145) Heap after GC invocations=146 (full 2): garbage-first heap   total 61440K, used 41545K [0x0000000083000000, 0x0000000100000000)
[2021-01-05T15:29:44.608-0400][gc,heap        ] GC(145)   region size 1024K, 1 young (1024K), 1 survivors (1024K)
[2021-01-05T15:29:44.608-0400][gc,heap        ] GC(145)  Metaspace       used 40501K, capacity 43665K, committed 43904K, reserved 1087488K
[2021-01-05T15:29:44.608-0400][gc,heap        ] GC(145)   class space    used 4483K, capacity 5688K, committed 5760K, reserved 1048576K
[2021-01-05T15:29:44.608-0400][gc             ] GC(145) Pause Young (Concurrent Start) (G1 Evacuation Pause) 46M->40M(60M) 14.024ms
[2021-01-05T15:29:44.608-0400][gc,cpu         ] GC(145) User=0.03s Sys=0.01s Real=0.02s
[2021-01-05T15:29:44.609-0400][gc             ] GC(146) Concurrent Cycle
[2021-01-05T15:29:44.609-0400][gc,marking     ] GC(146) Concurrent Clear Claimed Marks
[2021-01-05T15:29:44.609-0400][gc,marking     ] GC(146) Concurrent Clear Claimed Marks 0.464ms
[2021-01-05T15:29:44.609-0400][gc,marking     ] GC(146) Concurrent Scan Root Regions
[2021-01-05T15:29:44.617-0400][gc,marking     ] GC(146) Concurrent Scan Root Regions 7.396ms
[2021-01-05T15:29:44.617-0400][gc,marking     ] GC(146) Concurrent Mark (323.236s)
[2021-01-05T15:29:44.617-0400][gc,marking     ] GC(146) Concurrent Mark From Roots
[2021-01-05T15:29:44.617-0400][gc,task        ] GC(146) Using 1 workers of 1 for marking
[2021-01-05T15:29:44.984-0400][gc,marking     ] GC(146) Concurrent Mark From Roots 366.987ms
[2021-01-05T15:29:44.984-0400][gc,marking     ] GC(146) Concurrent Preclean
[2021-01-05T15:29:44.985-0400][gc,marking     ] GC(146) Concurrent Preclean 0.415ms
[2021-01-05T15:29:44.985-0400][gc,marking     ] GC(146) Concurrent Mark (323.236s, 323.603s) 367.854ms
[2021-01-05T15:29:44.986-0400][gc,start       ] GC(146) Pause Remark
[2021-01-05T15:29:45.057-0400][gc,stringtable ] GC(146) Cleaned string and symbol table, strings: 22830 processed, 0 removed, symbols: 92423 processed, 0 removed
[2021-01-05T15:29:45.058-0400][gc             ] GC(146) Pause Remark 40M->40M(60M) 72.033ms
[2021-01-05T15:29:45.058-0400][gc,cpu         ] GC(146) User=0.20s Sys=0.00s Real=0.07s
[2021-01-05T15:29:45.059-0400][gc,marking     ] GC(146) Concurrent Rebuild Remembered Sets
[2021-01-05T15:29:45.243-0400][gc,marking     ] GC(146) Concurrent Rebuild Remembered Sets 183.348ms
[2021-01-05T15:29:45.244-0400][gc,start       ] GC(146) Pause Cleanup
[2021-01-05T15:29:45.245-0400][gc             ] GC(146) Pause Cleanup 41M->41M(60M) 0.556ms
[2021-01-05T15:29:45.245-0400][gc,cpu         ] GC(146) User=0.00s Sys=0.00s Real=0.00s
[2021-01-05T15:29:45.246-0400][gc,marking     ] GC(146) Concurrent Cleanup for Next Mark
[2021-01-05T15:29:45.247-0400][gc,marking     ] GC(146) Concurrent Cleanup for Next Mark 0.768ms
[2021-01-05T15:29:45.247-0400][gc             ] GC(146) Concurrent Cycle 638.164ms
[2021-01-05T15:29:45.393-0400][gc,heap        ] GC(147) Heap before GC invocations=147 (full 2): garbage-first heap   total 61440K, used 47689K [0x0000000083000000, 0x0000000100000000)
[2021-01-05T15:29:45.393-0400][gc,heap        ] GC(147)   region size 1024K, 7 young (7168K), 1 survivors (1024K)
[2021-01-05T15:29:45.393-0400][gc,heap        ] GC(147)  Metaspace       used 40501K, capacity 43665K, committed 43904K, reserved 1087488K
[2021-01-05T15:29:45.393-0400][gc,heap        ] GC(147)   class space    used 4483K, capacity 5688K, committed 5760K, reserved 1048576K
[2021-01-05T15:29:45.393-0400][gc,start       ] GC(147) Pause Young (Prepare Mixed) (G1 Evacuation Pause)
[2021-01-05T15:29:45.393-0400][gc,task        ] GC(147) Using 4 workers of 4 for evacuation
[2021-01-05T15:29:45.407-0400][gc,phases      ] GC(147)   Pre Evacuate Collection Set: 0.0ms
[2021-01-05T15:29:45.407-0400][gc,phases      ] GC(147)   Evacuate Collection Set: 11.1ms
[2021-01-05T15:29:45.407-0400][gc,phases      ] GC(147)   Post Evacuate Collection Set: 2.0ms
[2021-01-05T15:29:45.407-0400][gc,phases      ] GC(147)   Other: 1.3ms
[2021-01-05T15:29:45.407-0400][gc,heap        ] GC(147) Eden regions: 6->0(2)
[2021-01-05T15:29:45.407-0400][gc,heap        ] GC(147) Survivor regions: 1->1(1)
[2021-01-05T15:29:45.408-0400][gc,heap        ] GC(147) Old regions: 40->40
[2021-01-05T15:29:45.408-0400][gc,heap        ] GC(147) Humongous regions: 4->4
[2021-01-05T15:29:45.408-0400][gc,metaspace   ] GC(147) Metaspace: 40501K->40501K(1087488K)
[2021-01-05T15:29:45.408-0400][gc,heap        ] GC(147) Heap after GC invocations=148 (full 2): garbage-first heap   total 61440K, used 41769K [0x0000000083000000, 0x0000000100000000)
[2021-01-05T15:29:45.408-0400][gc,heap        ] GC(147)   region size 1024K, 1 young (1024K), 1 survivors (1024K)
[2021-01-05T15:29:45.408-0400][gc,heap        ] GC(147)  Metaspace       used 40501K, capacity 43665K, committed 43904K, reserved 1087488K
[2021-01-05T15:29:45.408-0400][gc,heap        ] GC(147)   class space    used 4483K, capacity 5688K, committed 5760K, reserved 1048576K
[2021-01-05T15:29:45.408-0400][gc             ] GC(147) Pause Young (Prepare Mixed) (G1 Evacuation Pause) 46M->40M(60M) 14.848ms
[2021-01-05T15:29:45.408-0400][gc,cpu         ] GC(147) User=0.05s Sys=0.00s Real=0.02s
[2021-01-05T15:29:45.433-0400][gc,heap        ] GC(148) Heap before GC invocations=148 (full 2): garbage-first heap   total 61440K, used 43817K [0x0000000083000000, 0x0000000100000000)
[2021-01-05T15:29:45.434-0400][gc,heap        ] GC(148)   region size 1024K, 3 young (3072K), 1 survivors (1024K)
[2021-01-05T15:29:45.434-0400][gc,heap        ] GC(148)  Metaspace       used 40501K, capacity 43665K, committed 43904K, reserved 1087488K
[2021-01-05T15:29:45.434-0400][gc,heap        ] GC(148)   class space    used 4483K, capacity 5688K, committed 5760K, reserved 1048576K
[2021-01-05T15:29:45.434-0400][gc,start       ] GC(148) Pause Young (Mixed) (G1 Evacuation Pause)
[2021-01-05T15:29:45.434-0400][gc,task        ] GC(148) Using 4 workers of 4 for evacuation
[2021-01-05T15:29:45.447-0400][gc,phases      ] GC(148)   Pre Evacuate Collection Set: 0.1ms
[2021-01-05T15:29:45.447-0400][gc,phases      ] GC(148)   Evacuate Collection Set: 10.1ms
[2021-01-05T15:29:45.448-0400][gc,phases      ] GC(148)   Post Evacuate Collection Set: 2.0ms
[2021-01-05T15:29:45.448-0400][gc,phases      ] GC(148)   Other: 1.7ms
[2021-01-05T15:29:45.448-0400][gc,heap        ] GC(148) Eden regions: 2->0(6)
[2021-01-05T15:29:45.448-0400][gc,heap        ] GC(148) Survivor regions: 1->1(1)
[2021-01-05T15:29:45.448-0400][gc,heap        ] GC(148) Old regions: 40->39
[2021-01-05T15:29:45.448-0400][gc,heap        ] GC(148) Humongous regions: 4->4
[2021-01-05T15:29:45.448-0400][gc,metaspace   ] GC(148) Metaspace: 40501K->40501K(1087488K)
[2021-01-05T15:29:45.448-0400][gc,heap        ] GC(148) Heap after GC invocations=149 (full 2): garbage-first heap   total 61440K, used 40993K [0x0000000083000000, 0x0000000100000000)
[2021-01-05T15:29:45.448-0400][gc,heap        ] GC(148)   region size 1024K, 1 young (1024K), 1 survivors (1024K)
[2021-01-05T15:29:45.448-0400][gc,heap        ] GC(148)  Metaspace       used 40501K, capacity 43665K, committed 43904K, reserved 1087488K
[2021-01-05T15:29:45.448-0400][gc,heap        ] GC(148)   class space    used 4483K, capacity 5688K, committed 5760K, reserved 1048576K
[2021-01-05T15:29:45.449-0400][gc             ] GC(148) Pause Young (Mixed) (G1 Evacuation Pause) 42M->40M(60M) 14.464ms
[2021-01-05T15:29:45.449-0400][gc,cpu         ] GC(148) User=0.05s Sys=0.00s Real=0.02s
[2021-01-05T15:29:45.503-0400][gc,heap        ] GC(149) Heap before GC invocations=149 (full 2): garbage-first heap   total 61440K, used 47137K [0x0000000083000000, 0x0000000100000000)
[2021-01-05T15:29:45.503-0400][gc,heap        ] GC(149)   region size 1024K, 7 young (7168K), 1 survivors (1024K)
[2021-01-05T15:29:45.503-0400][gc,heap        ] GC(149)  Metaspace       used 40501K, capacity 43665K, committed 43904K, reserved 1087488K
[2021-01-05T15:29:45.503-0400][gc,heap        ] GC(149)   class space    used 4483K, capacity 5688K, committed 5760K, reserved 1048576K
[2021-01-05T15:29:45.503-0400][gc,start       ] GC(149) Pause Young (Concurrent Start) (G1 Evacuation Pause)
[2021-01-05T15:29:45.503-0400][gc,task        ] GC(149) Using 4 workers of 4 for evacuation
[2021-01-05T15:29:45.524-0400][gc,phases      ] GC(149)   Pre Evacuate Collection Set: 0.4ms
[2021-01-05T15:29:45.525-0400][gc,phases      ] GC(149)   Evacuate Collection Set: 18.1ms
[2021-01-05T15:29:45.525-0400][gc,phases      ] GC(149)   Post Evacuate Collection Set: 1.8ms
[2021-01-05T15:29:45.525-0400][gc,phases      ] GC(149)   Other: 1.3ms
[2021-01-05T15:29:45.525-0400][gc,heap        ] GC(149) Eden regions: 6->0(6)
[2021-01-05T15:29:45.525-0400][gc,heap        ] GC(149) Survivor regions: 1->1(1)
[2021-01-05T15:29:45.525-0400][gc,heap        ] GC(149) Old regions: 39->40
[2021-01-05T15:29:45.525-0400][gc,heap        ] GC(149) Humongous regions: 4->4
[2021-01-05T15:29:45.525-0400][gc,metaspace   ] GC(149) Metaspace: 40501K->40501K(1087488K)
[2021-01-05T15:29:45.525-0400][gc,heap        ] GC(149) Heap after GC invocations=150 (full 2): garbage-first heap   total 61440K, used 41894K [0x0000000083000000, 0x0000000100000000)
[2021-01-05T15:29:45.525-0400][gc,heap        ] GC(149)   region size 1024K, 1 young (1024K), 1 survivors (1024K)
[2021-01-05T15:29:45.525-0400][gc,heap        ] GC(149)  Metaspace       used 40501K, capacity 43665K, committed 43904K, reserved 1087488K
[2021-01-05T15:29:45.525-0400][gc,heap        ] GC(149)   class space    used 4483K, capacity 5688K, committed 5760K, reserved 1048576K
[2021-01-05T15:29:45.525-0400][gc             ] GC(149) Pause Young (Concurrent Start) (G1 Evacuation Pause) 46M->40M(60M) 21.971ms
[2021-01-05T15:29:45.525-0400][gc,cpu         ] GC(149) User=0.07s Sys=0.00s Real=0.02s
[2021-01-05T15:29:45.526-0400][gc             ] GC(150) Concurrent Cycle
[2021-01-05T15:29:45.526-0400][gc,marking     ] GC(150) Concurrent Clear Claimed Marks
[2021-01-05T15:29:45.528-0400][gc,marking     ] GC(150) Concurrent Clear Claimed Marks 2.733ms
[2021-01-05T15:29:45.529-0400][gc,marking     ] GC(150) Concurrent Scan Root Regions
[2021-01-05T15:29:45.541-0400][gc,marking     ] GC(150) Concurrent Scan Root Regions 12.464ms
[2021-01-05T15:29:45.541-0400][gc,marking     ] GC(150) Concurrent Mark (324.160s)
[2021-01-05T15:29:45.541-0400][gc,marking     ] GC(150) Concurrent Mark From Roots
[2021-01-05T15:29:45.541-0400][gc,task        ] GC(150) Using 1 workers of 1 for marking
[2021-01-05T15:29:45.571-0400][gc,heap        ] GC(151) Heap before GC invocations=150 (full 2): garbage-first heap   total 61440K, used 47014K [0x0000000083000000, 0x0000000100000000)
[2021-01-05T15:29:45.571-0400][gc,heap        ] GC(151)   region size 1024K, 7 young (7168K), 1 survivors (1024K)
[2021-01-05T15:29:45.571-0400][gc,heap        ] GC(151)  Metaspace       used 40502K, capacity 43665K, committed 43904K, reserved 1087488K
[2021-01-05T15:29:45.571-0400][gc,heap        ] GC(151)   class space    used 4483K, capacity 5688K, committed 5760K, reserved 1048576K
[2021-01-05T15:29:45.572-0400][gc,start       ] GC(151) Pause Young (Normal) (G1 Evacuation Pause)
[2021-01-05T15:29:45.572-0400][gc,task        ] GC(151) Using 4 workers of 4 for evacuation
[2021-01-05T15:29:45.583-0400][gc,phases      ] GC(151)   Pre Evacuate Collection Set: 0.0ms
[2021-01-05T15:29:45.583-0400][gc,phases      ] GC(151)   Evacuate Collection Set: 8.6ms
[2021-01-05T15:29:45.583-0400][gc,phases      ] GC(151)   Post Evacuate Collection Set: 1.6ms
[2021-01-05T15:29:45.583-0400][gc,phases      ] GC(151)   Other: 1.3ms
[2021-01-05T15:29:45.583-0400][gc,heap        ] GC(151) Eden regions: 6->0(5)
[2021-01-05T15:29:45.583-0400][gc,heap        ] GC(151) Survivor regions: 1->1(1)
[2021-01-05T15:29:45.583-0400][gc,heap        ] GC(151) Old regions: 40->41
[2021-01-05T15:29:45.583-0400][gc,heap        ] GC(151) Humongous regions: 4->4
[2021-01-05T15:29:45.583-0400][gc,metaspace   ] GC(151) Metaspace: 40502K->40502K(1087488K)
[2021-01-05T15:29:45.583-0400][gc,heap        ] GC(151) Heap after GC invocations=151 (full 2): garbage-first heap   total 61440K, used 42303K [0x0000000083000000, 0x0000000100000000)
[2021-01-05T15:29:45.583-0400][gc,heap        ] GC(151)   region size 1024K, 1 young (1024K), 1 survivors (1024K)
[2021-01-05T15:29:45.583-0400][gc,heap        ] GC(151)  Metaspace       used 40502K, capacity 43665K, committed 43904K, reserved 1087488K
[2021-01-05T15:29:45.583-0400][gc,heap        ] GC(151)   class space    used 4483K, capacity 5688K, committed 5760K, reserved 1048576K
[2021-01-05T15:29:45.584-0400][gc             ] GC(151) Pause Young (Normal) (G1 Evacuation Pause) 46M->41M(60M) 11.817ms
[2021-01-05T15:29:45.584-0400][gc,cpu         ] GC(151) User=0.04s Sys=0.00s Real=0.01s
[2021-01-05T15:29:45.638-0400][gc,heap        ] GC(152) Heap before GC invocations=151 (full 2): garbage-first heap   total 61440K, used 46399K [0x0000000083000000, 0x0000000100000000)
[2021-01-05T15:29:45.638-0400][gc,heap        ] GC(152)   region size 1024K, 6 young (6144K), 1 survivors (1024K)
[2021-01-05T15:29:45.638-0400][gc,heap        ] GC(152)  Metaspace       used 40502K, capacity 43665K, committed 43904K, reserved 1087488K
[2021-01-05T15:29:45.638-0400][gc,heap        ] GC(152)   class space    used 4483K, capacity 5688K, committed 5760K, reserved 1048576K
[2021-01-05T15:29:45.638-0400][gc,start       ] GC(152) Pause Young (Normal) (G1 Evacuation Pause)
[2021-01-05T15:29:45.638-0400][gc,task        ] GC(152) Using 4 workers of 4 for evacuation
[2021-01-05T15:29:45.652-0400][gc,phases      ] GC(152)   Pre Evacuate Collection Set: 0.0ms
[2021-01-05T15:29:45.652-0400][gc,phases      ] GC(152)   Evacuate Collection Set: 10.7ms
[2021-01-05T15:29:45.652-0400][gc,phases      ] GC(152)   Post Evacuate Collection Set: 2.4ms
[2021-01-05T15:29:45.652-0400][gc,phases      ] GC(152)   Other: 1.1ms
[2021-01-05T15:29:45.652-0400][gc,heap        ] GC(152) Eden regions: 5->0(10)
[2021-01-05T15:29:45.652-0400][gc,heap        ] GC(152) Survivor regions: 1->1(1)
[2021-01-05T15:29:45.652-0400][gc,heap        ] GC(152) Old regions: 41->41
[2021-01-05T15:29:45.653-0400][gc,heap        ] GC(152) Humongous regions: 4->4
[2021-01-05T15:29:45.653-0400][gc,metaspace   ] GC(152) Metaspace: 40502K->40502K(1087488K)
[2021-01-05T15:29:45.653-0400][gc,heap        ] GC(152) Heap after GC invocations=152 (full 2): garbage-first heap   total 73728K, used 42614K [0x0000000083000000, 0x0000000100000000)
[2021-01-05T15:29:45.653-0400][gc,heap        ] GC(152)   region size 1024K, 1 young (1024K), 1 survivors (1024K)
[2021-01-05T15:29:45.653-0400][gc,heap        ] GC(152)  Metaspace       used 40502K, capacity 43665K, committed 43904K, reserved 1087488K
[2021-01-05T15:29:45.653-0400][gc,heap        ] GC(152)   class space    used 4483K, capacity 5688K, committed 5760K, reserved 1048576K
[2021-01-05T15:29:45.653-0400][gc             ] GC(152) Pause Young (Normal) (G1 Evacuation Pause) 46M->41M(72M) 14.758ms
[2021-01-05T15:29:45.653-0400][gc,cpu         ] GC(152) User=0.05s Sys=0.01s Real=0.01s
[2021-01-05T15:29:45.923-0400][gc,marking     ] GC(150) Concurrent Mark From Roots 382.086ms
[2021-01-05T15:29:45.923-0400][gc,marking     ] GC(150) Concurrent Preclean
[2021-01-05T15:29:45.924-0400][gc,marking     ] GC(150) Concurrent Preclean 0.539ms
[2021-01-05T15:29:45.924-0400][gc,marking     ] GC(150) Concurrent Mark (324.160s, 324.543s) 382.909ms
[2021-01-05T15:29:45.925-0400][gc,start       ] GC(150) Pause Remark
[2021-01-05T15:29:45.969-0400][gc,stringtable ] GC(150) Cleaned string and symbol table, strings: 22830 processed, 0 removed, symbols: 92423 processed, 0 removed
[2021-01-05T15:29:45.970-0400][gc             ] GC(150) Pause Remark 49M->49M(72M) 44.894ms
[2021-01-05T15:29:45.971-0400][gc,cpu         ] GC(150) User=0.17s Sys=0.00s Real=0.05s
[2021-01-05T15:29:45.971-0400][gc,marking     ] GC(150) Concurrent Rebuild Remembered Sets
[2021-01-05T15:29:46.136-0400][gc,marking     ] GC(150) Concurrent Rebuild Remembered Sets 164.332ms
[2021-01-05T15:29:46.137-0400][gc,start       ] GC(150) Pause Cleanup
[2021-01-05T15:29:46.138-0400][gc             ] GC(150) Pause Cleanup 49M->49M(72M) 0.628ms
[2021-01-05T15:29:46.138-0400][gc,cpu         ] GC(150) User=0.00s Sys=0.00s Real=0.00s
[2021-01-05T15:29:46.139-0400][gc,marking     ] GC(150) Concurrent Cleanup for Next Mark
[2021-01-05T15:29:46.141-0400][gc,marking     ] GC(150) Concurrent Cleanup for Next Mark 1.320ms
[2021-01-05T15:29:46.141-0400][gc             ] GC(150) Concurrent Cycle 615.139ms
[2021-01-05T15:29:46.479-0400][gc,heap        ] GC(153) Heap before GC invocations=153 (full 2): garbage-first heap   total 73728K, used 53878K [0x0000000083000000, 0x0000000100000000)
[2021-01-05T15:29:46.479-0400][gc,heap        ] GC(153)   region size 1024K, 11 young (11264K), 1 survivors (1024K)
[2021-01-05T15:29:46.479-0400][gc,heap        ] GC(153)  Metaspace       used 40502K, capacity 43665K, committed 43904K, reserved 1087488K
[2021-01-05T15:29:46.479-0400][gc,heap        ] GC(153)   class space    used 4483K, capacity 5688K, committed 5760K, reserved 1048576K
[2021-01-05T15:29:46.479-0400][gc,start       ] GC(153) Pause Young (Normal) (G1 Evacuation Pause)
[2021-01-05T15:29:46.479-0400][gc,task        ] GC(153) Using 4 workers of 4 for evacuation
[2021-01-05T15:29:46.499-0400][gc,phases      ] GC(153)   Pre Evacuate Collection Set: 0.1ms
[2021-01-05T15:29:46.499-0400][gc,phases      ] GC(153)   Evacuate Collection Set: 17.6ms
[2021-01-05T15:29:46.499-0400][gc,phases      ] GC(153)   Post Evacuate Collection Set: 1.4ms
[2021-01-05T15:29:46.499-0400][gc,phases      ] GC(153)   Other: 1.1ms
[2021-01-05T15:29:46.499-0400][gc,heap        ] GC(153) Eden regions: 10->0(9)
[2021-01-05T15:29:46.499-0400][gc,heap        ] GC(153) Survivor regions: 1->2(2)
[2021-01-05T15:29:46.499-0400][gc,heap        ] GC(153) Old regions: 41->41
[2021-01-05T15:29:46.499-0400][gc,heap        ] GC(153) Humongous regions: 6->6
[2021-01-05T15:29:46.499-0400][gc,metaspace   ] GC(153) Metaspace: 40502K->40502K(1087488K)
[2021-01-05T15:29:46.499-0400][gc,heap        ] GC(153) Heap after GC invocations=154 (full 2): garbage-first heap   total 73728K, used 46630K [0x0000000083000000, 0x0000000100000000)
[2021-01-05T15:29:46.499-0400][gc,heap        ] GC(153)   region size 1024K, 2 young (2048K), 2 survivors (2048K)
[2021-01-05T15:29:46.499-0400][gc,heap        ] GC(153)  Metaspace       used 40502K, capacity 43665K, committed 43904K, reserved 1087488K
[2021-01-05T15:29:46.499-0400][gc,heap        ] GC(153)   class space    used 4483K, capacity 5688K, committed 5760K, reserved 1048576K
[2021-01-05T15:29:46.500-0400][gc             ] GC(153) Pause Young (Normal) (G1 Evacuation Pause) 53M->45M(72M) 20.606ms
[2021-01-05T15:29:46.500-0400][gc,cpu         ] GC(153) User=0.07s Sys=0.01s Real=0.02s
[2021-01-05T15:29:46.597-0400][gc,heap        ] GC(154) Heap before GC invocations=154 (full 2): garbage-first heap   total 73728K, used 55846K [0x0000000083000000, 0x0000000100000000)
[2021-01-05T15:29:46.597-0400][gc,heap        ] GC(154)   region size 1024K, 11 young (11264K), 2 survivors (2048K)
[2021-01-05T15:29:46.597-0400][gc,heap        ] GC(154)  Metaspace       used 40502K, capacity 43665K, committed 43904K, reserved 1087488K
[2021-01-05T15:29:46.597-0400][gc,heap        ] GC(154)   class space    used 4483K, capacity 5688K, committed 5760K, reserved 1048576K
[2021-01-05T15:29:46.597-0400][gc,start       ] GC(154) Pause Young (Concurrent Start) (G1 Evacuation Pause)
[2021-01-05T15:29:46.597-0400][gc,task        ] GC(154) Using 4 workers of 4 for evacuation
[2021-01-05T15:29:46.615-0400][gc,phases      ] GC(154)   Pre Evacuate Collection Set: 0.4ms
[2021-01-05T15:29:46.615-0400][gc,phases      ] GC(154)   Evacuate Collection Set: 14.9ms
[2021-01-05T15:29:46.615-0400][gc,phases      ] GC(154)   Post Evacuate Collection Set: 1.5ms
[2021-01-05T15:29:46.615-0400][gc,phases      ] GC(154)   Other: 1.2ms
[2021-01-05T15:29:46.615-0400][gc,heap        ] GC(154) Eden regions: 9->0(8)
[2021-01-05T15:29:46.615-0400][gc,heap        ] GC(154) Survivor regions: 2->2(2)
[2021-01-05T15:29:46.615-0400][gc,heap        ] GC(154) Old regions: 41->42
[2021-01-05T15:29:46.615-0400][gc,heap        ] GC(154) Humongous regions: 6->6
[2021-01-05T15:29:46.615-0400][gc,metaspace   ] GC(154) Metaspace: 40502K->40502K(1087488K)
[2021-01-05T15:29:46.615-0400][gc,heap        ] GC(154) Heap after GC invocations=155 (full 2): garbage-first heap   total 73728K, used 46589K [0x0000000083000000, 0x0000000100000000)
[2021-01-05T15:29:46.615-0400][gc,heap        ] GC(154)   region size 1024K, 2 young (2048K), 2 survivors (2048K)
[2021-01-05T15:29:46.615-0400][gc,heap        ] GC(154)  Metaspace       used 40502K, capacity 43665K, committed 43904K, reserved 1087488K
[2021-01-05T15:29:46.616-0400][gc,heap        ] GC(154)   class space    used 4483K, capacity 5688K, committed 5760K, reserved 1048576K
[2021-01-05T15:29:46.616-0400][gc             ] GC(154) Pause Young (Concurrent Start) (G1 Evacuation Pause) 54M->45M(72M) 18.287ms
[2021-01-05T15:29:46.616-0400][gc,cpu         ] GC(154) User=0.06s Sys=0.00s Real=0.02s
[2021-01-05T15:29:46.617-0400][gc             ] GC(155) Concurrent Cycle
[2021-01-05T15:29:46.617-0400][gc,marking     ] GC(155) Concurrent Clear Claimed Marks
[2021-01-05T15:29:46.617-0400][gc,marking     ] GC(155) Concurrent Clear Claimed Marks 0.463ms
[2021-01-05T15:29:46.617-0400][gc,marking     ] GC(155) Concurrent Scan Root Regions
[2021-01-05T15:29:46.622-0400][gc,marking     ] GC(155) Concurrent Scan Root Regions 4.415ms
[2021-01-05T15:29:46.622-0400][gc,marking     ] GC(155) Concurrent Mark (325.241s)
[2021-01-05T15:29:46.622-0400][gc,marking     ] GC(155) Concurrent Mark From Roots
[2021-01-05T15:29:46.622-0400][gc,task        ] GC(155) Using 1 workers of 1 for marking
[2021-01-05T15:29:46.902-0400][gc,marking     ] GC(155) Concurrent Mark From Roots 280.509ms
[2021-01-05T15:29:46.903-0400][gc,marking     ] GC(155) Concurrent Preclean
[2021-01-05T15:29:46.903-0400][gc,marking     ] GC(155) Concurrent Preclean 0.644ms
[2021-01-05T15:29:46.903-0400][gc,marking     ] GC(155) Concurrent Mark (325.241s, 325.522s) 281.469ms
[2021-01-05T15:29:46.905-0400][gc,start       ] GC(155) Pause Remark
[2021-01-05T15:29:46.946-0400][gc,stringtable ] GC(155) Cleaned string and symbol table, strings: 22830 processed, 1 removed, symbols: 92423 processed, 0 removed
[2021-01-05T15:29:46.948-0400][gc             ] GC(155) Pause Remark 47M->45M(72M) 42.898ms
[2021-01-05T15:29:46.948-0400][gc,cpu         ] GC(155) User=0.16s Sys=0.00s Real=0.05s
[2021-01-05T15:29:46.948-0400][gc,marking     ] GC(155) Concurrent Rebuild Remembered Sets
[2021-01-05T15:29:47.102-0400][gc,marking     ] GC(155) Concurrent Rebuild Remembered Sets 154.102ms
[2021-01-05T15:29:47.103-0400][gc,start       ] GC(155) Pause Cleanup
[2021-01-05T15:29:47.104-0400][gc             ] GC(155) Pause Cleanup 45M->45M(72M) 0.447ms
[2021-01-05T15:29:47.104-0400][gc,cpu         ] GC(155) User=0.00s Sys=0.00s Real=0.00s
[2021-01-05T15:29:47.104-0400][gc,marking     ] GC(155) Concurrent Cleanup for Next Mark
[2021-01-05T15:29:47.106-0400][gc,marking     ] GC(155) Concurrent Cleanup for Next Mark 1.150ms
[2021-01-05T15:29:47.106-0400][gc             ] GC(155) Concurrent Cycle 489.229ms
[2021-01-05T15:29:53.650-0400][gc,heap        ] GC(156) Heap before GC invocations=156 (full 2): garbage-first heap   total 73728K, used 51221K [0x0000000083000000, 0x0000000100000000)
[2021-01-05T15:29:53.650-0400][gc,heap        ] GC(156)   region size 1024K, 10 young (10240K), 2 survivors (2048K)
[2021-01-05T15:29:53.650-0400][gc,heap        ] GC(156)  Metaspace       used 40541K, capacity 43715K, committed 43904K, reserved 1087488K
[2021-01-05T15:29:53.650-0400][gc,heap        ] GC(156)   class space    used 4492K, capacity 5705K, committed 5760K, reserved 1048576K
[2021-01-05T15:29:53.650-0400][gc,start       ] GC(156) Pause Young (Prepare Mixed) (G1 Evacuation Pause)
[2021-01-05T15:29:53.650-0400][gc,task        ] GC(156) Using 4 workers of 4 for evacuation
[2021-01-05T15:29:53.662-0400][gc,phases      ] GC(156)   Pre Evacuate Collection Set: 0.0ms
[2021-01-05T15:29:53.662-0400][gc,phases      ] GC(156)   Evacuate Collection Set: 9.6ms
[2021-01-05T15:29:53.662-0400][gc,phases      ] GC(156)   Post Evacuate Collection Set: 1.4ms
[2021-01-05T15:29:53.662-0400][gc,phases      ] GC(156)   Other: 1.0ms
[2021-01-05T15:29:53.662-0400][gc,heap        ] GC(156) Eden regions: 8->0(2)
[2021-01-05T15:29:53.662-0400][gc,heap        ] GC(156) Survivor regions: 2->1(2)
[2021-01-05T15:29:53.662-0400][gc,heap        ] GC(156) Old regions: 41->42
[2021-01-05T15:29:53.662-0400][gc,heap        ] GC(156) Humongous regions: 4->4
[2021-01-05T15:29:53.662-0400][gc,metaspace   ] GC(156) Metaspace: 40541K->40541K(1087488K)
[2021-01-05T15:29:53.662-0400][gc,heap        ] GC(156) Heap after GC invocations=157 (full 2): garbage-first heap   total 73728K, used 43535K [0x0000000083000000, 0x0000000100000000)
[2021-01-05T15:29:53.662-0400][gc,heap        ] GC(156)   region size 1024K, 1 young (1024K), 1 survivors (1024K)
[2021-01-05T15:29:53.662-0400][gc,heap        ] GC(156)  Metaspace       used 40541K, capacity 43715K, committed 43904K, reserved 1087488K
[2021-01-05T15:29:53.662-0400][gc,heap        ] GC(156)   class space    used 4492K, capacity 5705K, committed 5760K, reserved 1048576K
[2021-01-05T15:29:53.663-0400][gc             ] GC(156) Pause Young (Prepare Mixed) (G1 Evacuation Pause) 51M->42M(72M) 12.375ms
[2021-01-05T15:29:53.663-0400][gc,cpu         ] GC(156) User=0.04s Sys=0.01s Real=0.01s
[2021-01-05T15:29:55.202-0400][gc,heap        ] GC(157) Heap before GC invocations=157 (full 2): garbage-first heap   total 73728K, used 45583K [0x0000000083000000, 0x0000000100000000)
[2021-01-05T15:29:55.202-0400][gc,heap        ] GC(157)   region size 1024K, 3 young (3072K), 1 survivors (1024K)
[2021-01-05T15:29:55.202-0400][gc,heap        ] GC(157)  Metaspace       used 40542K, capacity 43715K, committed 43904K, reserved 1087488K
[2021-01-05T15:29:55.203-0400][gc,heap        ] GC(157)   class space    used 4492K, capacity 5705K, committed 5760K, reserved 1048576K
[2021-01-05T15:29:55.203-0400][gc,start       ] GC(157) Pause Young (Mixed) (G1 Evacuation Pause)
[2021-01-05T15:29:55.203-0400][gc,task        ] GC(157) Using 4 workers of 4 for evacuation
[2021-01-05T15:29:55.213-0400][gc,phases      ] GC(157)   Pre Evacuate Collection Set: 0.1ms
[2021-01-05T15:29:55.214-0400][gc,phases      ] GC(157)   Evacuate Collection Set: 8.2ms
[2021-01-05T15:29:55.214-0400][gc,phases      ] GC(157)   Post Evacuate Collection Set: 1.8ms
[2021-01-05T15:29:55.214-0400][gc,phases      ] GC(157)   Other: 1.0ms
[2021-01-05T15:29:55.214-0400][gc,heap        ] GC(157) Eden regions: 2->0(11)
[2021-01-05T15:29:55.214-0400][gc,heap        ] GC(157) Survivor regions: 1->1(1)
[2021-01-05T15:29:55.214-0400][gc,heap        ] GC(157) Old regions: 42->41
[2021-01-05T15:29:55.214-0400][gc,heap        ] GC(157) Humongous regions: 4->4
[2021-01-05T15:29:55.214-0400][gc,metaspace   ] GC(157) Metaspace: 40542K->40542K(1087488K)
[2021-01-05T15:29:55.214-0400][gc,heap        ] GC(157) Heap after GC invocations=158 (full 2): garbage-first heap   total 73728K, used 42718K [0x0000000083000000, 0x0000000100000000)
[2021-01-05T15:29:55.214-0400][gc,heap        ] GC(157)   region size 1024K, 1 young (1024K), 1 survivors (1024K)
[2021-01-05T15:29:55.214-0400][gc,heap        ] GC(157)  Metaspace       used 40542K, capacity 43715K, committed 43904K, reserved 1087488K
[2021-01-05T15:29:55.214-0400][gc,heap        ] GC(157)   class space    used 4492K, capacity 5705K, committed 5760K, reserved 1048576K
[2021-01-05T15:29:55.214-0400][gc             ] GC(157) Pause Young (Mixed) (G1 Evacuation Pause) 44M->41M(72M) 11.525ms
[2021-01-05T15:29:55.214-0400][gc,cpu         ] GC(157) User=0.03s Sys=0.00s Real=0.01s
[2021-01-05T15:29:55.538-0400][gc,heap        ] GC(158) Heap before GC invocations=158 (full 2): garbage-first heap   total 73728K, used 52958K [0x0000000083000000, 0x0000000100000000)
[2021-01-05T15:29:55.538-0400][gc,heap        ] GC(158)   region size 1024K, 12 young (12288K), 1 survivors (1024K)
[2021-01-05T15:29:55.538-0400][gc,heap        ] GC(158)  Metaspace       used 40542K, capacity 43715K, committed 43904K, reserved 1087488K
[2021-01-05T15:29:55.538-0400][gc,heap        ] GC(158)   class space    used 4492K, capacity 5705K, committed 5760K, reserved 1048576K
[2021-01-05T15:29:55.538-0400][gc,start       ] GC(158) Pause Young (Concurrent Start) (G1 Evacuation Pause)
[2021-01-05T15:29:55.538-0400][gc,task        ] GC(158) Using 4 workers of 4 for evacuation
[2021-01-05T15:29:55.554-0400][gc,phases      ] GC(158)   Pre Evacuate Collection Set: 0.4ms
[2021-01-05T15:29:55.554-0400][gc,phases      ] GC(158)   Evacuate Collection Set: 12.9ms
[2021-01-05T15:29:55.554-0400][gc,phases      ] GC(158)   Post Evacuate Collection Set: 1.5ms
[2021-01-05T15:29:55.554-0400][gc,phases      ] GC(158)   Other: 1.3ms
[2021-01-05T15:29:55.554-0400][gc,heap        ] GC(158) Eden regions: 11->0(10)
[2021-01-05T15:29:55.554-0400][gc,heap        ] GC(158) Survivor regions: 1->2(2)
[2021-01-05T15:29:55.554-0400][gc,heap        ] GC(158) Old regions: 41->41
[2021-01-05T15:29:55.554-0400][gc,heap        ] GC(158) Humongous regions: 4->4
[2021-01-05T15:29:55.554-0400][gc,metaspace   ] GC(158) Metaspace: 40542K->40542K(1087488K)
[2021-01-05T15:29:55.554-0400][gc,heap        ] GC(158) Heap after GC invocations=159 (full 2): garbage-first heap   total 73728K, used 43895K [0x0000000083000000, 0x0000000100000000)
[2021-01-05T15:29:55.554-0400][gc,heap        ] GC(158)   region size 1024K, 2 young (2048K), 2 survivors (2048K)
[2021-01-05T15:29:55.554-0400][gc,heap        ] GC(158)  Metaspace       used 40542K, capacity 43715K, committed 43904K, reserved 1087488K
[2021-01-05T15:29:55.554-0400][gc,heap        ] GC(158)   class space    used 4492K, capacity 5705K, committed 5760K, reserved 1048576K
[2021-01-05T15:29:55.554-0400][gc             ] GC(158) Pause Young (Concurrent Start) (G1 Evacuation Pause) 52M->42M(72M) 16.414ms
[2021-01-05T15:29:55.555-0400][gc,cpu         ] GC(158) User=0.04s Sys=0.01s Real=0.01s
[2021-01-05T15:29:55.555-0400][gc             ] GC(159) Concurrent Cycle
[2021-01-05T15:29:55.555-0400][gc,marking     ] GC(159) Concurrent Clear Claimed Marks
[2021-01-05T15:29:55.556-0400][gc,marking     ] GC(159) Concurrent Clear Claimed Marks 0.626ms
[2021-01-05T15:29:55.556-0400][gc,marking     ] GC(159) Concurrent Scan Root Regions
[2021-01-05T15:29:55.564-0400][gc,marking     ] GC(159) Concurrent Scan Root Regions 8.382ms
[2021-01-05T15:29:55.564-0400][gc,marking     ] GC(159) Concurrent Mark (334.183s)
[2021-01-05T15:29:55.564-0400][gc,marking     ] GC(159) Concurrent Mark From Roots
[2021-01-05T15:29:55.565-0400][gc,task        ] GC(159) Using 1 workers of 1 for marking
[2021-01-05T15:29:55.828-0400][gc,marking     ] GC(159) Concurrent Mark From Roots 263.417ms
[2021-01-05T15:29:55.828-0400][gc,marking     ] GC(159) Concurrent Preclean
[2021-01-05T15:29:55.828-0400][gc,marking     ] GC(159) Concurrent Preclean 0.414ms
[2021-01-05T15:29:55.828-0400][gc,marking     ] GC(159) Concurrent Mark (334.183s, 334.447s) 264.143ms
[2021-01-05T15:29:55.830-0400][gc,start       ] GC(159) Pause Remark
[2021-01-05T15:29:55.861-0400][gc,stringtable ] GC(159) Cleaned string and symbol table, strings: 22836 processed, 0 removed, symbols: 92429 processed, 0 removed
[2021-01-05T15:29:55.862-0400][gc             ] GC(159) Pause Remark 48M->48M(72M) 32.457ms
[2021-01-05T15:29:55.862-0400][gc,cpu         ] GC(159) User=0.12s Sys=0.00s Real=0.03s
[2021-01-05T15:29:55.863-0400][gc,marking     ] GC(159) Concurrent Rebuild Remembered Sets
[2021-01-05T15:29:56.015-0400][gc,heap        ] GC(160) Heap before GC invocations=159 (full 2): garbage-first heap   total 73728K, used 55159K [0x0000000083000000, 0x0000000100000000)
[2021-01-05T15:29:56.015-0400][gc,heap        ] GC(160)   region size 1024K, 12 young (12288K), 2 survivors (2048K)
[2021-01-05T15:29:56.015-0400][gc,heap        ] GC(160)  Metaspace       used 40561K, capacity 43715K, committed 43904K, reserved 1087488K
[2021-01-05T15:29:56.015-0400][gc,heap        ] GC(160)   class space    used 4492K, capacity 5705K, committed 5760K, reserved 1048576K
[2021-01-05T15:29:56.015-0400][gc,start       ] GC(160) Pause Young (Normal) (G1 Evacuation Pause)
[2021-01-05T15:29:56.015-0400][gc,task        ] GC(160) Using 4 workers of 4 for evacuation
[2021-01-05T15:29:56.028-0400][gc,phases      ] GC(160)   Pre Evacuate Collection Set: 0.1ms
[2021-01-05T15:29:56.028-0400][gc,phases      ] GC(160)   Evacuate Collection Set: 9.1ms
[2021-01-05T15:29:56.028-0400][gc,phases      ] GC(160)   Post Evacuate Collection Set: 2.3ms
[2021-01-05T15:29:56.028-0400][gc,phases      ] GC(160)   Other: 1.5ms
[2021-01-05T15:29:56.028-0400][gc,heap        ] GC(160) Eden regions: 10->0(18)
[2021-01-05T15:29:56.028-0400][gc,heap        ] GC(160) Survivor regions: 2->1(2)
[2021-01-05T15:29:56.028-0400][gc,heap        ] GC(160) Old regions: 41->42
[2021-01-05T15:29:56.028-0400][gc,heap        ] GC(160) Humongous regions: 6->4
[2021-01-05T15:29:56.028-0400][gc,metaspace   ] GC(160) Metaspace: 40561K->40561K(1087488K)
[2021-01-05T15:29:56.028-0400][gc,heap        ] GC(160) Heap after GC invocations=160 (full 2): garbage-first heap   total 89088K, used 43114K [0x0000000083000000, 0x0000000100000000)
[2021-01-05T15:29:56.028-0400][gc,heap        ] GC(160)   region size 1024K, 1 young (1024K), 1 survivors (1024K)
[2021-01-05T15:29:56.028-0400][gc,heap        ] GC(160)  Metaspace       used 40561K, capacity 43715K, committed 43904K, reserved 1087488K
[2021-01-05T15:29:56.028-0400][gc,heap        ] GC(160)   class space    used 4492K, capacity 5705K, committed 5760K, reserved 1048576K
[2021-01-05T15:29:56.029-0400][gc             ] GC(160) Pause Young (Normal) (G1 Evacuation Pause) 54M->42M(87M) 13.262ms
[2021-01-05T15:29:56.029-0400][gc,cpu         ] GC(160) User=0.05s Sys=0.00s Real=0.02s
[2021-01-05T15:29:56.077-0400][gc,marking     ] GC(159) Concurrent Rebuild Remembered Sets 214.624ms
[2021-01-05T15:29:56.079-0400][gc,start       ] GC(159) Pause Cleanup
[2021-01-05T15:29:56.079-0400][gc             ] GC(159) Pause Cleanup 45M->45M(87M) 0.513ms
[2021-01-05T15:29:56.079-0400][gc,cpu         ] GC(159) User=0.00s Sys=0.00s Real=0.00s
[2021-01-05T15:29:56.080-0400][gc,marking     ] GC(159) Concurrent Cleanup for Next Mark
[2021-01-05T15:29:56.082-0400][gc,marking     ] GC(159) Concurrent Cleanup for Next Mark 1.673ms
[2021-01-05T15:29:56.082-0400][gc             ] GC(159) Concurrent Cycle 527.280ms
[2021-01-05T15:29:56.864-0400][gc,heap        ] GC(161) Heap before GC invocations=161 (full 2): garbage-first heap   total 89088K, used 61546K [0x0000000083000000, 0x0000000100000000)
[2021-01-05T15:29:56.864-0400][gc,heap        ] GC(161)   region size 1024K, 19 young (19456K), 1 survivors (1024K)
[2021-01-05T15:29:56.865-0400][gc,heap        ] GC(161)  Metaspace       used 40598K, capacity 43715K, committed 43904K, reserved 1087488K
[2021-01-05T15:29:56.865-0400][gc,heap        ] GC(161)   class space    used 4493K, capacity 5705K, committed 5760K, reserved 1048576K
[2021-01-05T15:29:56.865-0400][gc,start       ] GC(161) Pause Young (Prepare Mixed) (G1 Evacuation Pause)
[2021-01-05T15:29:56.865-0400][gc,task        ] GC(161) Using 4 workers of 4 for evacuation
[2021-01-05T15:29:56.873-0400][gc,phases      ] GC(161)   Pre Evacuate Collection Set: 0.0ms
[2021-01-05T15:29:56.873-0400][gc,phases      ] GC(161)   Evacuate Collection Set: 6.6ms
[2021-01-05T15:29:56.874-0400][gc,phases      ] GC(161)   Post Evacuate Collection Set: 1.3ms
[2021-01-05T15:29:56.874-0400][gc,phases      ] GC(161)   Other: 1.2ms
[2021-01-05T15:29:56.874-0400][gc,heap        ] GC(161) Eden regions: 18->0(3)
[2021-01-05T15:29:56.874-0400][gc,heap        ] GC(161) Survivor regions: 1->1(3)
[2021-01-05T15:29:56.874-0400][gc,heap        ] GC(161) Old regions: 42->42
[2021-01-05T15:29:56.874-0400][gc,heap        ] GC(161) Humongous regions: 4->4
[2021-01-05T15:29:56.874-0400][gc,metaspace   ] GC(161) Metaspace: 40598K->40598K(1087488K)
[2021-01-05T15:29:56.874-0400][gc,heap        ] GC(161) Heap after GC invocations=162 (full 2): garbage-first heap   total 89088K, used 43209K [0x0000000083000000, 0x0000000100000000)
[2021-01-05T15:29:56.874-0400][gc,heap        ] GC(161)   region size 1024K, 1 young (1024K), 1 survivors (1024K)
[2021-01-05T15:29:56.874-0400][gc,heap        ] GC(161)  Metaspace       used 40598K, capacity 43715K, committed 43904K, reserved 1087488K
[2021-01-05T15:29:56.874-0400][gc,heap        ] GC(161)   class space    used 4493K, capacity 5705K, committed 5760K, reserved 1048576K
[2021-01-05T15:29:56.874-0400][gc             ] GC(161) Pause Young (Prepare Mixed) (G1 Evacuation Pause) 60M->42M(87M) 9.308ms
[2021-01-05T15:29:56.874-0400][gc,cpu         ] GC(161) User=0.02s Sys=0.00s Real=0.01s
[2021-01-05T15:29:56.905-0400][gc,heap        ] GC(162) Heap before GC invocations=162 (full 2): garbage-first heap   total 89088K, used 46281K [0x0000000083000000, 0x0000000100000000)
[2021-01-05T15:29:56.905-0400][gc,heap        ] GC(162)   region size 1024K, 4 young (4096K), 1 survivors (1024K)
[2021-01-05T15:29:56.905-0400][gc,heap        ] GC(162)  Metaspace       used 40598K, capacity 43715K, committed 43904K, reserved 1087488K
[2021-01-05T15:29:56.905-0400][gc,heap        ] GC(162)   class space    used 4493K, capacity 5705K, committed 5760K, reserved 1048576K
[2021-01-05T15:29:56.905-0400][gc,start       ] GC(162) Pause Young (Mixed) (G1 Evacuation Pause)
[2021-01-05T15:29:56.905-0400][gc,task        ] GC(162) Using 4 workers of 4 for evacuation
[2021-01-05T15:29:56.915-0400][gc,phases      ] GC(162)   Pre Evacuate Collection Set: 0.1ms
[2021-01-05T15:29:56.915-0400][gc,phases      ] GC(162)   Evacuate Collection Set: 7.1ms
[2021-01-05T15:29:56.915-0400][gc,phases      ] GC(162)   Post Evacuate Collection Set: 1.6ms
[2021-01-05T15:29:56.915-0400][gc,phases      ] GC(162)   Other: 1.2ms
[2021-01-05T15:29:56.915-0400][gc,heap        ] GC(162) Eden regions: 3->0(19)
[2021-01-05T15:29:56.915-0400][gc,heap        ] GC(162) Survivor regions: 1->1(1)
[2021-01-05T15:29:56.915-0400][gc,heap        ] GC(162) Old regions: 42->41
[2021-01-05T15:29:56.915-0400][gc,heap        ] GC(162) Humongous regions: 4->4
[2021-01-05T15:29:56.915-0400][gc,metaspace   ] GC(162) Metaspace: 40598K->40598K(1087488K)
[2021-01-05T15:29:56.915-0400][gc,heap        ] GC(162) Heap after GC invocations=163 (full 2): garbage-first heap   total 89088K, used 42401K [0x0000000083000000, 0x0000000100000000)
[2021-01-05T15:29:56.915-0400][gc,heap        ] GC(162)   region size 1024K, 1 young (1024K), 1 survivors (1024K)
[2021-01-05T15:29:56.915-0400][gc,heap        ] GC(162)  Metaspace       used 40598K, capacity 43715K, committed 43904K, reserved 1087488K
[2021-01-05T15:29:56.915-0400][gc,heap        ] GC(162)   class space    used 4493K, capacity 5705K, committed 5760K, reserved 1048576K
[2021-01-05T15:29:56.916-0400][gc             ] GC(162) Pause Young (Mixed) (G1 Evacuation Pause) 45M->41M(87M) 10.544ms
[2021-01-05T15:29:56.916-0400][gc,cpu         ] GC(162) User=0.02s Sys=0.01s Real=0.02s
[2021-01-05T15:29:58.179-0400][gc,heap        ] GC(163) Heap before GC invocations=163 (full 2): garbage-first heap   total 89088K, used 60833K [0x0000000083000000, 0x0000000100000000)
[2021-01-05T15:29:58.180-0400][gc,heap        ] GC(163)   region size 1024K, 20 young (20480K), 1 survivors (1024K)
[2021-01-05T15:29:58.180-0400][gc,heap        ] GC(163)  Metaspace       used 40611K, capacity 43779K, committed 43904K, reserved 1087488K
[2021-01-05T15:29:58.180-0400][gc,heap        ] GC(163)   class space    used 4493K, capacity 5705K, committed 5760K, reserved 1048576K
[2021-01-05T15:29:58.180-0400][gc,start       ] GC(163) Pause Young (Concurrent Start) (G1 Evacuation Pause)
[2021-01-05T15:29:58.180-0400][gc,task        ] GC(163) Using 4 workers of 4 for evacuation
[2021-01-05T15:29:58.189-0400][gc,phases      ] GC(163)   Pre Evacuate Collection Set: 0.5ms
[2021-01-05T15:29:58.190-0400][gc,phases      ] GC(163)   Evacuate Collection Set: 6.2ms
[2021-01-05T15:29:58.190-0400][gc,phases      ] GC(163)   Post Evacuate Collection Set: 1.9ms
[2021-01-05T15:29:58.190-0400][gc,phases      ] GC(163)   Other: 1.5ms
[2021-01-05T15:29:58.190-0400][gc,heap        ] GC(163) Eden regions: 19->0(21)
[2021-01-05T15:29:58.190-0400][gc,heap        ] GC(163) Survivor regions: 1->1(3)
[2021-01-05T15:29:58.190-0400][gc,heap        ] GC(163) Old regions: 41->41
[2021-01-05T15:29:58.190-0400][gc,heap        ] GC(163) Humongous regions: 4->4
[2021-01-05T15:29:58.190-0400][gc,metaspace   ] GC(163) Metaspace: 40611K->40611K(1087488K)
[2021-01-05T15:29:58.190-0400][gc,heap        ] GC(163) Heap after GC invocations=164 (full 2): garbage-first heap   total 89088K, used 42221K [0x0000000083000000, 0x0000000100000000)
[2021-01-05T15:29:58.190-0400][gc,heap        ] GC(163)   region size 1024K, 1 young (1024K), 1 survivors (1024K)
[2021-01-05T15:29:58.190-0400][gc,heap        ] GC(163)  Metaspace       used 40611K, capacity 43779K, committed 43904K, reserved 1087488K
[2021-01-05T15:29:58.190-0400][gc,heap        ] GC(163)   class space    used 4493K, capacity 5705K, committed 5760K, reserved 1048576K
[2021-01-05T15:29:58.191-0400][gc             ] GC(163) Pause Young (Concurrent Start) (G1 Evacuation Pause) 60M->41M(87M) 10.600ms
[2021-01-05T15:29:58.191-0400][gc,cpu         ] GC(163) User=0.03s Sys=0.00s Real=0.01s
[2021-01-05T15:29:58.191-0400][gc             ] GC(164) Concurrent Cycle
[2021-01-05T15:29:58.191-0400][gc,marking     ] GC(164) Concurrent Clear Claimed Marks
[2021-01-05T15:29:58.192-0400][gc,marking     ] GC(164) Concurrent Clear Claimed Marks 0.584ms
[2021-01-05T15:29:58.192-0400][gc,marking     ] GC(164) Concurrent Scan Root Regions
[2021-01-05T15:29:58.197-0400][gc,marking     ] GC(164) Concurrent Scan Root Regions 4.554ms
[2021-01-05T15:29:58.197-0400][gc,marking     ] GC(164) Concurrent Mark (336.815s)
[2021-01-05T15:29:58.197-0400][gc,marking     ] GC(164) Concurrent Mark From Roots
[2021-01-05T15:29:58.197-0400][gc,task        ] GC(164) Using 1 workers of 1 for marking
[2021-01-05T15:29:58.648-0400][gc,marking     ] GC(164) Concurrent Mark From Roots 450.804ms
[2021-01-05T15:29:58.648-0400][gc,marking     ] GC(164) Concurrent Preclean
[2021-01-05T15:29:58.648-0400][gc,marking     ] GC(164) Concurrent Preclean 0.522ms
[2021-01-05T15:29:58.648-0400][gc,marking     ] GC(164) Concurrent Mark (336.815s, 337.267s) 451.727ms
[2021-01-05T15:29:58.650-0400][gc,start       ] GC(164) Pause Remark
[2021-01-05T15:29:58.710-0400][gc,stringtable ] GC(164) Cleaned string and symbol table, strings: 22885 processed, 0 removed, symbols: 92430 processed, 0 removed
[2021-01-05T15:29:58.711-0400][gc             ] GC(164) Pause Remark 59M->59M(87M) 60.658ms
[2021-01-05T15:29:58.711-0400][gc,cpu         ] GC(164) User=0.13s Sys=0.01s Real=0.06s
[2021-01-05T15:29:58.711-0400][gc,marking     ] GC(164) Concurrent Rebuild Remembered Sets
[2021-01-05T15:29:58.922-0400][gc,marking     ] GC(164) Concurrent Rebuild Remembered Sets 210.730ms
[2021-01-05T15:29:58.923-0400][gc,start       ] GC(164) Pause Cleanup
[2021-01-05T15:29:58.924-0400][gc             ] GC(164) Pause Cleanup 61M->61M(87M) 0.525ms
[2021-01-05T15:29:58.924-0400][gc,cpu         ] GC(164) User=0.00s Sys=0.00s Real=0.00s
[2021-01-05T15:29:58.925-0400][gc,marking     ] GC(164) Concurrent Cleanup for Next Mark
[2021-01-05T15:29:58.926-0400][gc,marking     ] GC(164) Concurrent Cleanup for Next Mark 1.730ms
[2021-01-05T15:29:58.926-0400][gc             ] GC(164) Concurrent Cycle 735.372ms
[2021-01-05T15:29:59.696-0400][gc,heap        ] GC(165) Heap before GC invocations=165 (full 2): garbage-first heap   total 89088K, used 62701K [0x0000000083000000, 0x0000000100000000)
[2021-01-05T15:29:59.696-0400][gc,heap        ] GC(165)   region size 1024K, 22 young (22528K), 1 survivors (1024K)
[2021-01-05T15:29:59.696-0400][gc,heap        ] GC(165)  Metaspace       used 40613K, capacity 43779K, committed 43904K, reserved 1087488K
[2021-01-05T15:29:59.696-0400][gc,heap        ] GC(165)   class space    used 4493K, capacity 5705K, committed 5760K, reserved 1048576K
[2021-01-05T15:29:59.696-0400][gc,start       ] GC(165) Pause Young (Normal) (G1 Evacuation Pause)
[2021-01-05T15:29:59.696-0400][gc,task        ] GC(165) Using 4 workers of 4 for evacuation
[2021-01-05T15:29:59.704-0400][gc,phases      ] GC(165)   Pre Evacuate Collection Set: 0.0ms
[2021-01-05T15:29:59.704-0400][gc,phases      ] GC(165)   Evacuate Collection Set: 5.5ms
[2021-01-05T15:29:59.704-0400][gc,phases      ] GC(165)   Post Evacuate Collection Set: 1.6ms
[2021-01-05T15:29:59.705-0400][gc,phases      ] GC(165)   Other: 1.1ms
[2021-01-05T15:29:59.705-0400][gc,heap        ] GC(165) Eden regions: 21->0(22)
[2021-01-05T15:29:59.705-0400][gc,heap        ] GC(165) Survivor regions: 1->1(3)
[2021-01-05T15:29:59.705-0400][gc,heap        ] GC(165) Old regions: 41->41
[2021-01-05T15:29:59.705-0400][gc,heap        ] GC(165) Humongous regions: 4->4
[2021-01-05T15:29:59.705-0400][gc,metaspace   ] GC(165) Metaspace: 40613K->40613K(1087488K)
[2021-01-05T15:29:59.705-0400][gc,heap        ] GC(165) Heap after GC invocations=166 (full 2): garbage-first heap   total 89088K, used 42256K [0x0000000083000000, 0x0000000100000000)
[2021-01-05T15:29:59.705-0400][gc,heap        ] GC(165)   region size 1024K, 1 young (1024K), 1 survivors (1024K)
[2021-01-05T15:29:59.705-0400][gc,heap        ] GC(165)  Metaspace       used 40613K, capacity 43779K, committed 43904K, reserved 1087488K
[2021-01-05T15:29:59.705-0400][gc,heap        ] GC(165)   class space    used 4493K, capacity 5705K, committed 5760K, reserved 1048576K
[2021-01-05T15:29:59.705-0400][gc             ] GC(165) Pause Young (Normal) (G1 Evacuation Pause) 62M->41M(87M) 8.618ms
[2021-01-05T15:29:59.705-0400][gc,cpu         ] GC(165) User=0.02s Sys=0.00s Real=0.00s
[2021-01-05T15:30:08.226-0400][gc,heap        ] GC(166) Heap before GC invocations=166 (full 2): garbage-first heap   total 89088K, used 63760K [0x0000000083000000, 0x0000000100000000)
[2021-01-05T15:30:08.226-0400][gc,heap        ] GC(166)   region size 1024K, 23 young (23552K), 1 survivors (1024K)
[2021-01-05T15:30:08.226-0400][gc,heap        ] GC(166)  Metaspace       used 40615K, capacity 43779K, committed 43904K, reserved 1087488K
[2021-01-05T15:30:08.226-0400][gc,heap        ] GC(166)   class space    used 4493K, capacity 5705K, committed 5760K, reserved 1048576K
[2021-01-05T15:30:08.226-0400][gc,start       ] GC(166) Pause Young (Concurrent Start) (G1 Evacuation Pause)
[2021-01-05T15:30:08.226-0400][gc,task        ] GC(166) Using 4 workers of 4 for evacuation
[2021-01-05T15:30:08.239-0400][gc,phases      ] GC(166)   Pre Evacuate Collection Set: 0.4ms
[2021-01-05T15:30:08.239-0400][gc,phases      ] GC(166)   Evacuate Collection Set: 9.2ms
[2021-01-05T15:30:08.239-0400][gc,phases      ] GC(166)   Post Evacuate Collection Set: 2.2ms
[2021-01-05T15:30:08.239-0400][gc,phases      ] GC(166)   Other: 1.2ms
[2021-01-05T15:30:08.239-0400][gc,heap        ] GC(166) Eden regions: 22->0(22)
[2021-01-05T15:30:08.239-0400][gc,heap        ] GC(166) Survivor regions: 1->2(3)
[2021-01-05T15:30:08.239-0400][gc,heap        ] GC(166) Old regions: 41->41
[2021-01-05T15:30:08.239-0400][gc,heap        ] GC(166) Humongous regions: 4->4
[2021-01-05T15:30:08.239-0400][gc,metaspace   ] GC(166) Metaspace: 40615K->40615K(1087488K)
[2021-01-05T15:30:08.239-0400][gc,heap        ] GC(166) Heap after GC invocations=167 (full 2): garbage-first heap   total 89088K, used 43206K [0x0000000083000000, 0x0000000100000000)
[2021-01-05T15:30:08.239-0400][gc,heap        ] GC(166)   region size 1024K, 2 young (2048K), 2 survivors (2048K)
[2021-01-05T15:30:08.239-0400][gc,heap        ] GC(166)  Metaspace       used 40615K, capacity 43779K, committed 43904K, reserved 1087488K
[2021-01-05T15:30:08.239-0400][gc,heap        ] GC(166)   class space    used 4493K, capacity 5705K, committed 5760K, reserved 1048576K
[2021-01-05T15:30:08.240-0400][gc             ] GC(166) Pause Young (Concurrent Start) (G1 Evacuation Pause) 63M->42M(87M) 13.448ms
[2021-01-05T15:30:08.240-0400][gc,cpu         ] GC(166) User=0.04s Sys=0.01s Real=0.01s
[2021-01-05T15:30:08.241-0400][gc             ] GC(167) Concurrent Cycle
[2021-01-05T15:30:08.241-0400][gc,marking     ] GC(167) Concurrent Clear Claimed Marks
[2021-01-05T15:30:08.241-0400][gc,marking     ] GC(167) Concurrent Clear Claimed Marks 0.437ms
[2021-01-05T15:30:08.241-0400][gc,marking     ] GC(167) Concurrent Scan Root Regions
[2021-01-05T15:30:08.248-0400][gc,marking     ] GC(167) Concurrent Scan Root Regions 6.084ms
[2021-01-05T15:30:08.248-0400][gc,marking     ] GC(167) Concurrent Mark (346.866s)
[2021-01-05T15:30:08.248-0400][gc,marking     ] GC(167) Concurrent Mark From Roots
[2021-01-05T15:30:08.248-0400][gc,task        ] GC(167) Using 1 workers of 1 for marking
[2021-01-05T15:30:08.540-0400][gc,marking     ] GC(167) Concurrent Mark From Roots 292.072ms
[2021-01-05T15:30:08.540-0400][gc,marking     ] GC(167) Concurrent Preclean
[2021-01-05T15:30:08.540-0400][gc,marking     ] GC(167) Concurrent Preclean 0.295ms
[2021-01-05T15:30:08.540-0400][gc,marking     ] GC(167) Concurrent Mark (346.866s, 347.159s) 292.560ms
[2021-01-05T15:30:08.542-0400][gc,start       ] GC(167) Pause Remark
[2021-01-05T15:30:08.575-0400][gc,stringtable ] GC(167) Cleaned string and symbol table, strings: 22894 processed, 1 removed, symbols: 92430 processed, 0 removed
[2021-01-05T15:30:08.575-0400][gc             ] GC(167) Pause Remark 57M->57M(87M) 33.708ms
[2021-01-05T15:30:08.576-0400][gc,cpu         ] GC(167) User=0.12s Sys=0.00s Real=0.03s
[2021-01-05T15:30:08.576-0400][gc,marking     ] GC(167) Concurrent Rebuild Remembered Sets
[2021-01-05T15:30:08.739-0400][gc,marking     ] GC(167) Concurrent Rebuild Remembered Sets 162.623ms
[2021-01-05T15:30:08.740-0400][gc,start       ] GC(167) Pause Cleanup
[2021-01-05T15:30:08.740-0400][gc             ] GC(167) Pause Cleanup 58M->58M(87M) 0.537ms
[2021-01-05T15:30:08.740-0400][gc,cpu         ] GC(167) User=0.00s Sys=0.00s Real=0.00s
[2021-01-05T15:30:08.741-0400][gc,marking     ] GC(167) Concurrent Cleanup for Next Mark
[2021-01-05T15:30:08.742-0400][gc,marking     ] GC(167) Concurrent Cleanup for Next Mark 0.984ms
[2021-01-05T15:30:08.742-0400][gc             ] GC(167) Concurrent Cycle 501.205ms
[2021-01-05T15:30:08.976-0400][gc,heap        ] GC(168) Heap before GC invocations=168 (full 2): garbage-first heap   total 89088K, used 65734K [0x0000000083000000, 0x0000000100000000)
[2021-01-05T15:30:08.976-0400][gc,heap        ] GC(168)   region size 1024K, 24 young (24576K), 2 survivors (2048K)
[2021-01-05T15:30:08.976-0400][gc,heap        ] GC(168)  Metaspace       used 40621K, capacity 43779K, committed 43904K, reserved 1087488K
[2021-01-05T15:30:08.977-0400][gc,heap        ] GC(168)   class space    used 4493K, capacity 5705K, committed 5760K, reserved 1048576K
[2021-01-05T15:30:08.977-0400][gc,start       ] GC(168) Pause Young (Normal) (G1 Evacuation Pause)
[2021-01-05T15:30:08.977-0400][gc,task        ] GC(168) Using 4 workers of 4 for evacuation
[2021-01-05T15:30:08.987-0400][gc,phases      ] GC(168)   Pre Evacuate Collection Set: 0.0ms
[2021-01-05T15:30:08.987-0400][gc,phases      ] GC(168)   Evacuate Collection Set: 7.3ms
[2021-01-05T15:30:08.987-0400][gc,phases      ] GC(168)   Post Evacuate Collection Set: 1.7ms
[2021-01-05T15:30:08.987-0400][gc,phases      ] GC(168)   Other: 1.2ms
[2021-01-05T15:30:08.987-0400][gc,heap        ] GC(168) Eden regions: 22->0(23)
[2021-01-05T15:30:08.987-0400][gc,heap        ] GC(168) Survivor regions: 2->2(3)
[2021-01-05T15:30:08.987-0400][gc,heap        ] GC(168) Old regions: 41->41
[2021-01-05T15:30:08.987-0400][gc,heap        ] GC(168) Humongous regions: 4->4
[2021-01-05T15:30:08.987-0400][gc,metaspace   ] GC(168) Metaspace: 40621K->40621K(1087488K)
[2021-01-05T15:30:08.987-0400][gc,heap        ] GC(168) Heap after GC invocations=169 (full 2): garbage-first heap   total 89088K, used 43110K [0x0000000083000000, 0x0000000100000000)
[2021-01-05T15:30:08.987-0400][gc,heap        ] GC(168)   region size 1024K, 2 young (2048K), 2 survivors (2048K)
[2021-01-05T15:30:08.987-0400][gc,heap        ] GC(168)  Metaspace       used 40621K, capacity 43779K, committed 43904K, reserved 1087488K
[2021-01-05T15:30:08.987-0400][gc,heap        ] GC(168)   class space    used 4493K, capacity 5705K, committed 5760K, reserved 1048576K
[2021-01-05T15:30:08.987-0400][gc             ] GC(168) Pause Young (Normal) (G1 Evacuation Pause) 64M->42M(87M) 10.607ms
[2021-01-05T15:30:08.988-0400][gc,cpu         ] GC(168) User=0.03s Sys=0.00s Real=0.01s
[2021-01-05T15:30:10.341-0400][gc,heap        ] GC(169) Heap before GC invocations=169 (full 2): garbage-first heap   total 89088K, used 56422K [0x0000000083000000, 0x0000000100000000)
[2021-01-05T15:30:10.341-0400][gc,heap        ] GC(169)   region size 1024K, 17 young (17408K), 2 survivors (2048K)
[2021-01-05T15:30:10.341-0400][gc,heap        ] GC(169)  Metaspace       used 40621K, capacity 43779K, committed 43904K, reserved 1087488K
[2021-01-05T15:30:10.341-0400][gc,heap        ] GC(169)   class space    used 4493K, capacity 5705K, committed 5760K, reserved 1048576K
[2021-01-05T15:30:10.341-0400][gc,start       ] GC(169) Pause Young (Concurrent Start) (G1 Humongous Allocation)
[2021-01-05T15:30:10.341-0400][gc,task        ] GC(169) Using 4 workers of 4 for evacuation
[2021-01-05T15:30:10.355-0400][gc,phases      ] GC(169)   Pre Evacuate Collection Set: 0.3ms
[2021-01-05T15:30:10.355-0400][gc,phases      ] GC(169)   Evacuate Collection Set: 10.4ms
[2021-01-05T15:30:10.355-0400][gc,phases      ] GC(169)   Post Evacuate Collection Set: 1.8ms
[2021-01-05T15:30:10.355-0400][gc,phases      ] GC(169)   Other: 1.3ms
[2021-01-05T15:30:10.355-0400][gc,heap        ] GC(169) Eden regions: 15->0(23)
[2021-01-05T15:30:10.355-0400][gc,heap        ] GC(169) Survivor regions: 2->3(4)
[2021-01-05T15:30:10.355-0400][gc,heap        ] GC(169) Old regions: 41->41
[2021-01-05T15:30:10.355-0400][gc,heap        ] GC(169) Humongous regions: 4->4
[2021-01-05T15:30:10.355-0400][gc,metaspace   ] GC(169) Metaspace: 40621K->40621K(1087488K)
[2021-01-05T15:30:10.355-0400][gc,heap        ] GC(169) Heap after GC invocations=170 (full 2): garbage-first heap   total 89088K, used 44002K [0x0000000083000000, 0x0000000100000000)
[2021-01-05T15:30:10.355-0400][gc,heap        ] GC(169)   region size 1024K, 3 young (3072K), 3 survivors (3072K)
[2021-01-05T15:30:10.355-0400][gc,heap        ] GC(169)  Metaspace       used 40621K, capacity 43779K, committed 43904K, reserved 1087488K
[2021-01-05T15:30:10.355-0400][gc,heap        ] GC(169)   class space    used 4493K, capacity 5705K, committed 5760K, reserved 1048576K
[2021-01-05T15:30:10.355-0400][gc             ] GC(169) Pause Young (Concurrent Start) (G1 Humongous Allocation) 56M->42M(87M) 14.236ms
[2021-01-05T15:30:10.356-0400][gc,cpu         ] GC(169) User=0.04s Sys=0.00s Real=0.01s
[2021-01-05T15:30:10.356-0400][gc             ] GC(170) Concurrent Cycle
[2021-01-05T15:30:10.356-0400][gc,marking     ] GC(170) Concurrent Clear Claimed Marks
[2021-01-05T15:30:10.357-0400][gc,marking     ] GC(170) Concurrent Clear Claimed Marks 0.612ms
[2021-01-05T15:30:10.357-0400][gc,marking     ] GC(170) Concurrent Scan Root Regions
[2021-01-05T15:30:10.367-0400][gc,marking     ] GC(170) Concurrent Scan Root Regions 9.812ms
[2021-01-05T15:30:10.367-0400][gc,marking     ] GC(170) Concurrent Mark (348.985s)
[2021-01-05T15:30:10.367-0400][gc,marking     ] GC(170) Concurrent Mark From Roots
[2021-01-05T15:30:10.367-0400][gc,task        ] GC(170) Using 1 workers of 1 for marking
[2021-01-05T15:30:10.625-0400][gc,marking     ] GC(170) Concurrent Mark From Roots 257.859ms
[2021-01-05T15:30:10.625-0400][gc,marking     ] GC(170) Concurrent Preclean
[2021-01-05T15:30:10.625-0400][gc,marking     ] GC(170) Concurrent Preclean 0.429ms
[2021-01-05T15:30:10.625-0400][gc,marking     ] GC(170) Concurrent Mark (348.985s, 349.244s) 258.570ms
[2021-01-05T15:30:10.626-0400][gc,start       ] GC(170) Pause Remark
[2021-01-05T15:30:10.659-0400][gc,stringtable ] GC(170) Cleaned string and symbol table, strings: 22893 processed, 0 removed, symbols: 92430 processed, 0 removed
[2021-01-05T15:30:10.660-0400][gc             ] GC(170) Pause Remark 48M->48M(87M) 33.478ms
[2021-01-05T15:30:10.660-0400][gc,cpu         ] GC(170) User=0.12s Sys=0.01s Real=0.03s
[2021-01-05T15:30:10.660-0400][gc,marking     ] GC(170) Concurrent Rebuild Remembered Sets
[2021-01-05T15:30:10.828-0400][gc,marking     ] GC(170) Concurrent Rebuild Remembered Sets 167.579ms
[2021-01-05T15:30:10.829-0400][gc,start       ] GC(170) Pause Cleanup
[2021-01-05T15:30:10.830-0400][gc             ] GC(170) Pause Cleanup 49M->49M(87M) 0.443ms
[2021-01-05T15:30:10.830-0400][gc,cpu         ] GC(170) User=0.00s Sys=0.01s Real=0.00s
[2021-01-05T15:30:10.830-0400][gc,marking     ] GC(170) Concurrent Cleanup for Next Mark
[2021-01-05T15:30:10.831-0400][gc,marking     ] GC(170) Concurrent Cleanup for Next Mark 1.056ms
[2021-01-05T15:30:10.831-0400][gc             ] GC(170) Concurrent Cycle 475.483ms
[2021-01-05T15:30:13.622-0400][gc,heap        ] GC(171) Heap before GC invocations=171 (full 2): garbage-first heap   total 89088K, used 68578K [0x0000000083000000, 0x0000000100000000)
[2021-01-05T15:30:13.622-0400][gc,heap        ] GC(171)   region size 1024K, 26 young (26624K), 3 survivors (3072K)
[2021-01-05T15:30:13.622-0400][gc,heap        ] GC(171)  Metaspace       used 40630K, capacity 43783K, committed 43904K, reserved 1087488K
[2021-01-05T15:30:13.622-0400][gc,heap        ] GC(171)   class space    used 4493K, capacity 5705K, committed 5760K, reserved 1048576K
[2021-01-05T15:30:13.623-0400][gc,start       ] GC(171) Pause Young (Normal) (G1 Evacuation Pause)
[2021-01-05T15:30:13.623-0400][gc,task        ] GC(171) Using 4 workers of 4 for evacuation
[2021-01-05T15:30:13.635-0400][gc,phases      ] GC(171)   Pre Evacuate Collection Set: 0.0ms
[2021-01-05T15:30:13.636-0400][gc,phases      ] GC(171)   Evacuate Collection Set: 10.6ms
[2021-01-05T15:30:13.636-0400][gc,phases      ] GC(171)   Post Evacuate Collection Set: 1.5ms
[2021-01-05T15:30:13.636-0400][gc,phases      ] GC(171)   Other: 1.1ms
[2021-01-05T15:30:13.636-0400][gc,heap        ] GC(171) Eden regions: 23->0(25)
[2021-01-05T15:30:13.636-0400][gc,heap        ] GC(171) Survivor regions: 3->2(4)
[2021-01-05T15:30:13.636-0400][gc,heap        ] GC(171) Old regions: 41->41
[2021-01-05T15:30:13.636-0400][gc,heap        ] GC(171) Humongous regions: 6->4
[2021-01-05T15:30:13.636-0400][gc,metaspace   ] GC(171) Metaspace: 40630K->40630K(1087488K)
[2021-01-05T15:30:13.636-0400][gc,heap        ] GC(171) Heap after GC invocations=172 (full 2): garbage-first heap   total 89088K, used 43450K [0x0000000083000000, 0x0000000100000000)
[2021-01-05T15:30:13.636-0400][gc,heap        ] GC(171)   region size 1024K, 2 young (2048K), 2 survivors (2048K)
[2021-01-05T15:30:13.636-0400][gc,heap        ] GC(171)  Metaspace       used 40630K, capacity 43783K, committed 43904K, reserved 1087488K
[2021-01-05T15:30:13.636-0400][gc,heap        ] GC(171)   class space    used 4493K, capacity 5705K, committed 5760K, reserved 1048576K
[2021-01-05T15:30:13.636-0400][gc             ] GC(171) Pause Young (Normal) (G1 Evacuation Pause) 67M->42M(87M) 13.707ms
[2021-01-05T15:30:13.636-0400][gc,cpu         ] GC(171) User=0.04s Sys=0.00s Real=0.02s
[2021-01-05T15:30:20.802-0400][gc,heap        ] GC(172) Heap before GC invocations=172 (full 2): garbage-first heap   total 89088K, used 63930K [0x0000000083000000, 0x0000000100000000)
[2021-01-05T15:30:20.802-0400][gc,heap        ] GC(172)   region size 1024K, 24 young (24576K), 2 survivors (2048K)
[2021-01-05T15:30:20.803-0400][gc,heap        ] GC(172)  Metaspace       used 40639K, capacity 43787K, committed 43904K, reserved 1087488K
[2021-01-05T15:30:20.803-0400][gc,heap        ] GC(172)   class space    used 4493K, capacity 5705K, committed 5760K, reserved 1048576K
[2021-01-05T15:30:20.803-0400][gc,start       ] GC(172) Pause Young (Concurrent Start) (G1 Humongous Allocation)
[2021-01-05T15:30:20.803-0400][gc,task        ] GC(172) Using 4 workers of 4 for evacuation
[2021-01-05T15:30:20.820-0400][gc,phases      ] GC(172)   Pre Evacuate Collection Set: 0.4ms
[2021-01-05T15:30:20.820-0400][gc,phases      ] GC(172)   Evacuate Collection Set: 13.9ms
[2021-01-05T15:30:20.820-0400][gc,phases      ] GC(172)   Post Evacuate Collection Set: 2.4ms
[2021-01-05T15:30:20.821-0400][gc,phases      ] GC(172)   Other: 1.3ms
[2021-01-05T15:30:20.821-0400][gc,heap        ] GC(172) Eden regions: 22->0(24)
[2021-01-05T15:30:20.821-0400][gc,heap        ] GC(172) Survivor regions: 2->3(4)
[2021-01-05T15:30:20.821-0400][gc,heap        ] GC(172) Old regions: 41->41
[2021-01-05T15:30:20.821-0400][gc,heap        ] GC(172) Humongous regions: 4->4
[2021-01-05T15:30:20.821-0400][gc,metaspace   ] GC(172) Metaspace: 40639K->40639K(1087488K)
[2021-01-05T15:30:20.821-0400][gc,heap        ] GC(172) Heap after GC invocations=173 (full 2): garbage-first heap   total 89088K, used 43945K [0x0000000083000000, 0x0000000100000000)
[2021-01-05T15:30:20.821-0400][gc,heap        ] GC(172)   region size 1024K, 3 young (3072K), 3 survivors (3072K)
[2021-01-05T15:30:20.821-0400][gc,heap        ] GC(172)  Metaspace       used 40639K, capacity 43787K, committed 43904K, reserved 1087488K
[2021-01-05T15:30:20.821-0400][gc,heap        ] GC(172)   class space    used 4493K, capacity 5705K, committed 5760K, reserved 1048576K
[2021-01-05T15:30:20.821-0400][gc             ] GC(172) Pause Young (Concurrent Start) (G1 Humongous Allocation) 63M->42M(87M) 18.311ms
[2021-01-05T15:30:20.821-0400][gc,cpu         ] GC(172) User=0.05s Sys=0.00s Real=0.02s
[2021-01-05T15:30:20.821-0400][gc             ] GC(173) Concurrent Cycle
[2021-01-05T15:30:20.822-0400][gc,marking     ] GC(173) Concurrent Clear Claimed Marks
[2021-01-05T15:30:20.822-0400][gc,marking     ] GC(173) Concurrent Clear Claimed Marks 0.496ms
[2021-01-05T15:30:20.822-0400][gc,marking     ] GC(173) Concurrent Scan Root Regions
[2021-01-05T15:30:20.835-0400][gc,marking     ] GC(173) Concurrent Scan Root Regions 12.580ms
[2021-01-05T15:30:20.835-0400][gc,marking     ] GC(173) Concurrent Mark (359.454s)
[2021-01-05T15:30:20.835-0400][gc,marking     ] GC(173) Concurrent Mark From Roots
[2021-01-05T15:30:20.835-0400][gc,task        ] GC(173) Using 1 workers of 1 for marking
[2021-01-05T15:30:21.107-0400][gc,marking     ] GC(173) Concurrent Mark From Roots 272.483ms
[2021-01-05T15:30:21.108-0400][gc,marking     ] GC(173) Concurrent Preclean
[2021-01-05T15:30:21.108-0400][gc,marking     ] GC(173) Concurrent Preclean 0.334ms
[2021-01-05T15:30:21.108-0400][gc,marking     ] GC(173) Concurrent Mark (359.454s, 359.727s) 273.049ms
[2021-01-05T15:30:21.109-0400][gc,start       ] GC(173) Pause Remark
[2021-01-05T15:30:21.141-0400][gc,stringtable ] GC(173) Cleaned string and symbol table, strings: 22946 processed, 0 removed, symbols: 92435 processed, 0 removed
[2021-01-05T15:30:21.142-0400][gc             ] GC(173) Pause Remark 48M->48M(87M) 32.462ms
[2021-01-05T15:30:21.142-0400][gc,cpu         ] GC(173) User=0.12s Sys=0.00s Real=0.03s
[2021-01-05T15:30:21.142-0400][gc,marking     ] GC(173) Concurrent Rebuild Remembered Sets
[2021-01-05T15:30:21.295-0400][gc,marking     ] GC(173) Concurrent Rebuild Remembered Sets 152.795ms
[2021-01-05T15:30:21.296-0400][gc,start       ] GC(173) Pause Cleanup
[2021-01-05T15:30:21.296-0400][gc             ] GC(173) Pause Cleanup 48M->48M(87M) 0.435ms
[2021-01-05T15:30:21.297-0400][gc,cpu         ] GC(173) User=0.00s Sys=0.00s Real=0.00s
[2021-01-05T15:30:21.297-0400][gc,marking     ] GC(173) Concurrent Cleanup for Next Mark
[2021-01-05T15:30:21.298-0400][gc,marking     ] GC(173) Concurrent Cleanup for Next Mark 1.129ms
[2021-01-05T15:30:21.298-0400][gc             ] GC(173) Concurrent Cycle 476.799ms
[2021-01-05T15:30:26.144-0400][gc,heap        ] GC(174) Heap before GC invocations=174 (full 2): garbage-first heap   total 89088K, used 69545K [0x0000000083000000, 0x0000000100000000)
[2021-01-05T15:30:26.144-0400][gc,heap        ] GC(174)   region size 1024K, 27 young (27648K), 3 survivors (3072K)
[2021-01-05T15:30:26.144-0400][gc,heap        ] GC(174)  Metaspace       used 40642K, capacity 43787K, committed 43904K, reserved 1087488K
[2021-01-05T15:30:26.144-0400][gc,heap        ] GC(174)   class space    used 4493K, capacity 5705K, committed 5760K, reserved 1048576K
[2021-01-05T15:30:26.144-0400][gc,start       ] GC(174) Pause Young (Normal) (G1 Evacuation Pause)
[2021-01-05T15:30:26.144-0400][gc,task        ] GC(174) Using 4 workers of 4 for evacuation
[2021-01-05T15:30:26.156-0400][gc,phases      ] GC(174)   Pre Evacuate Collection Set: 0.0ms
[2021-01-05T15:30:26.156-0400][gc,phases      ] GC(174)   Evacuate Collection Set: 10.0ms
[2021-01-05T15:30:26.156-0400][gc,phases      ] GC(174)   Post Evacuate Collection Set: 1.5ms
[2021-01-05T15:30:26.156-0400][gc,phases      ] GC(174)   Other: 1.1ms
[2021-01-05T15:30:26.156-0400][gc,heap        ] GC(174) Eden regions: 24->0(26)
[2021-01-05T15:30:26.156-0400][gc,heap        ] GC(174) Survivor regions: 3->2(4)
[2021-01-05T15:30:26.156-0400][gc,heap        ] GC(174) Old regions: 41->41
[2021-01-05T15:30:26.156-0400][gc,heap        ] GC(174) Humongous regions: 6->4
[2021-01-05T15:30:26.156-0400][gc,metaspace   ] GC(174) Metaspace: 40642K->40642K(1087488K)
[2021-01-05T15:30:26.157-0400][gc,heap        ] GC(174) Heap after GC invocations=175 (full 2): garbage-first heap   total 89088K, used 43554K [0x0000000083000000, 0x0000000100000000)
[2021-01-05T15:30:26.157-0400][gc,heap        ] GC(174)   region size 1024K, 2 young (2048K), 2 survivors (2048K)
[2021-01-05T15:30:26.157-0400][gc,heap        ] GC(174)  Metaspace       used 40642K, capacity 43787K, committed 43904K, reserved 1087488K
[2021-01-05T15:30:26.157-0400][gc,heap        ] GC(174)   class space    used 4493K, capacity 5705K, committed 5760K, reserved 1048576K
[2021-01-05T15:30:26.157-0400][gc             ] GC(174) Pause Young (Normal) (G1 Evacuation Pause) 68M->42M(87M) 12.896ms
[2021-01-05T15:30:26.157-0400][gc,cpu         ] GC(174) User=0.04s Sys=0.00s Real=0.02s
[2021-01-05T15:30:32.754-0400][gc,heap        ] GC(175) Heap before GC invocations=175 (full 2): garbage-first heap   total 89088K, used 64034K [0x0000000083000000, 0x0000000100000000)
[2021-01-05T15:30:32.754-0400][gc,heap        ] GC(175)   region size 1024K, 24 young (24576K), 2 survivors (2048K)
[2021-01-05T15:30:32.754-0400][gc,heap        ] GC(175)  Metaspace       used 40645K, capacity 43787K, committed 43904K, reserved 1087488K
[2021-01-05T15:30:32.755-0400][gc,heap        ] GC(175)   class space    used 4493K, capacity 5705K, committed 5760K, reserved 1048576K
[2021-01-05T15:30:32.755-0400][gc,start       ] GC(175) Pause Young (Concurrent Start) (G1 Humongous Allocation)
[2021-01-05T15:30:32.755-0400][gc,task        ] GC(175) Using 4 workers of 4 for evacuation
[2021-01-05T15:30:32.771-0400][gc,phases      ] GC(175)   Pre Evacuate Collection Set: 0.4ms
[2021-01-05T15:30:32.771-0400][gc,phases      ] GC(175)   Evacuate Collection Set: 12.5ms
[2021-01-05T15:30:32.771-0400][gc,phases      ] GC(175)   Post Evacuate Collection Set: 2.1ms
[2021-01-05T15:30:32.771-0400][gc,phases      ] GC(175)   Other: 1.6ms
[2021-01-05T15:30:32.771-0400][gc,heap        ] GC(175) Eden regions: 22->0(25)
[2021-01-05T15:30:32.771-0400][gc,heap        ] GC(175) Survivor regions: 2->3(4)
[2021-01-05T15:30:32.771-0400][gc,heap        ] GC(175) Old regions: 41->41
[2021-01-05T15:30:32.771-0400][gc,heap        ] GC(175) Humongous regions: 4->4
[2021-01-05T15:30:32.771-0400][gc,metaspace   ] GC(175) Metaspace: 40645K->40645K(1087488K)
[2021-01-05T15:30:32.771-0400][gc,heap        ] GC(175) Heap after GC invocations=176 (full 2): garbage-first heap   total 89088K, used 44175K [0x0000000083000000, 0x0000000100000000)
[2021-01-05T15:30:32.772-0400][gc,heap        ] GC(175)   region size 1024K, 3 young (3072K), 3 survivors (3072K)
[2021-01-05T15:30:32.772-0400][gc,heap        ] GC(175)  Metaspace       used 40645K, capacity 43787K, committed 43904K, reserved 1087488K
[2021-01-05T15:30:32.772-0400][gc,heap        ] GC(175)   class space    used 4493K, capacity 5705K, committed 5760K, reserved 1048576K
[2021-01-05T15:30:32.772-0400][gc             ] GC(175) Pause Young (Concurrent Start) (G1 Humongous Allocation) 64M->43M(87M) 16.934ms
[2021-01-05T15:30:32.772-0400][gc,cpu         ] GC(175) User=0.05s Sys=0.00s Real=0.02s
[2021-01-05T15:30:32.772-0400][gc             ] GC(176) Concurrent Cycle
[2021-01-05T15:30:32.772-0400][gc,marking     ] GC(176) Concurrent Clear Claimed Marks
[2021-01-05T15:30:32.773-0400][gc,marking     ] GC(176) Concurrent Clear Claimed Marks 0.513ms
[2021-01-05T15:30:32.773-0400][gc,marking     ] GC(176) Concurrent Scan Root Regions
[2021-01-05T15:30:32.785-0400][gc,marking     ] GC(176) Concurrent Scan Root Regions 12.005ms
[2021-01-05T15:30:32.785-0400][gc,marking     ] GC(176) Concurrent Mark (371.404s)
[2021-01-05T15:30:32.785-0400][gc,marking     ] GC(176) Concurrent Mark From Roots
[2021-01-05T15:30:32.785-0400][gc,task        ] GC(176) Using 1 workers of 1 for marking
[2021-01-05T15:30:33.086-0400][gc,marking     ] GC(176) Concurrent Mark From Roots 301.395ms
[2021-01-05T15:30:33.086-0400][gc,marking     ] GC(176) Concurrent Preclean
[2021-01-05T15:30:33.087-0400][gc,marking     ] GC(176) Concurrent Preclean 0.317ms
[2021-01-05T15:30:33.087-0400][gc,marking     ] GC(176) Concurrent Mark (371.404s, 371.706s) 301.922ms
[2021-01-05T15:30:33.088-0400][gc,start       ] GC(176) Pause Remark
[2021-01-05T15:30:33.121-0400][gc,stringtable ] GC(176) Cleaned string and symbol table, strings: 22946 processed, 0 removed, symbols: 92435 processed, 0 removed
[2021-01-05T15:30:33.122-0400][gc             ] GC(176) Pause Remark 62M->62M(87M) 33.601ms
[2021-01-05T15:30:33.122-0400][gc,cpu         ] GC(176) User=0.12s Sys=0.00s Real=0.03s
[2021-01-05T15:30:33.122-0400][gc,marking     ] GC(176) Concurrent Rebuild Remembered Sets
[2021-01-05T15:30:33.274-0400][gc,marking     ] GC(176) Concurrent Rebuild Remembered Sets 151.352ms
[2021-01-05T15:30:33.275-0400][gc,start       ] GC(176) Pause Cleanup
[2021-01-05T15:30:33.275-0400][gc             ] GC(176) Pause Cleanup 62M->62M(87M) 0.475ms
[2021-01-05T15:30:33.276-0400][gc,cpu         ] GC(176) User=0.00s Sys=0.01s Real=0.01s
[2021-01-05T15:30:33.276-0400][gc,marking     ] GC(176) Concurrent Cleanup for Next Mark
[2021-01-05T15:30:33.277-0400][gc,marking     ] GC(176) Concurrent Cleanup for Next Mark 1.082ms
[2021-01-05T15:30:33.277-0400][gc             ] GC(176) Concurrent Cycle 505.138ms
[2021-01-05T15:30:39.214-0400][gc,heap        ] GC(177) Heap before GC invocations=177 (full 2): garbage-first heap   total 89088K, used 70799K [0x0000000083000000, 0x0000000100000000)
[2021-01-05T15:30:39.214-0400][gc,heap        ] GC(177)   region size 1024K, 28 young (28672K), 3 survivors (3072K)
[2021-01-05T15:30:39.214-0400][gc,heap        ] GC(177)  Metaspace       used 40647K, capacity 43787K, committed 43904K, reserved 1087488K
[2021-01-05T15:30:39.214-0400][gc,heap        ] GC(177)   class space    used 4493K, capacity 5705K, committed 5760K, reserved 1048576K
[2021-01-05T15:30:39.214-0400][gc,start       ] GC(177) Pause Young (Normal) (G1 Evacuation Pause)
[2021-01-05T15:30:39.214-0400][gc,task        ] GC(177) Using 4 workers of 4 for evacuation
[2021-01-05T15:30:39.227-0400][gc,phases      ] GC(177)   Pre Evacuate Collection Set: 0.1ms
[2021-01-05T15:30:39.227-0400][gc,phases      ] GC(177)   Evacuate Collection Set: 9.3ms
[2021-01-05T15:30:39.227-0400][gc,phases      ] GC(177)   Post Evacuate Collection Set: 2.2ms
[2021-01-05T15:30:39.227-0400][gc,phases      ] GC(177)   Other: 1.2ms
[2021-01-05T15:30:39.227-0400][gc,heap        ] GC(177) Eden regions: 25->0(27)
[2021-01-05T15:30:39.227-0400][gc,heap        ] GC(177) Survivor regions: 3->2(4)
[2021-01-05T15:30:39.227-0400][gc,heap        ] GC(177) Old regions: 41->41
[2021-01-05T15:30:39.227-0400][gc,heap        ] GC(177) Humongous regions: 6->4
[2021-01-05T15:30:39.227-0400][gc,metaspace   ] GC(177) Metaspace: 40647K->40647K(1087488K)
[2021-01-05T15:30:39.227-0400][gc,heap        ] GC(177) Heap after GC invocations=178 (full 2): garbage-first heap   total 89088K, used 43020K [0x0000000083000000, 0x0000000100000000)
[2021-01-05T15:30:39.227-0400][gc,heap        ] GC(177)   region size 1024K, 2 young (2048K), 2 survivors (2048K)
[2021-01-05T15:30:39.227-0400][gc,heap        ] GC(177)  Metaspace       used 40647K, capacity 43787K, committed 43904K, reserved 1087488K
[2021-01-05T15:30:39.227-0400][gc,heap        ] GC(177)   class space    used 4493K, capacity 5705K, committed 5760K, reserved 1048576K
[2021-01-05T15:30:39.227-0400][gc             ] GC(177) Pause Young (Normal) (G1 Evacuation Pause) 70M->42M(87M) 13.232ms
[2021-01-05T15:30:39.228-0400][gc,cpu         ] GC(177) User=0.04s Sys=0.00s Real=0.02s
[2021-01-05T15:30:43.930-0400][gc,heap        ] GC(178) Heap before GC invocations=178 (full 2): garbage-first heap   total 89088K, used 59404K [0x0000000083000000, 0x0000000100000000)
[2021-01-05T15:30:43.930-0400][gc,heap        ] GC(178)   region size 1024K, 20 young (20480K), 2 survivors (2048K)
[2021-01-05T15:30:43.930-0400][gc,heap        ] GC(178)  Metaspace       used 40647K, capacity 43787K, committed 43904K, reserved 1087488K
[2021-01-05T15:30:43.930-0400][gc,heap        ] GC(178)   class space    used 4493K, capacity 5705K, committed 5760K, reserved 1048576K
[2021-01-05T15:30:43.930-0400][gc,start       ] GC(178) Pause Young (Concurrent Start) (G1 Humongous Allocation)
[2021-01-05T15:30:43.930-0400][gc,task        ] GC(178) Using 4 workers of 4 for evacuation
[2021-01-05T15:30:43.944-0400][gc,phases      ] GC(178)   Pre Evacuate Collection Set: 0.3ms
[2021-01-05T15:30:43.944-0400][gc,phases      ] GC(178)   Evacuate Collection Set: 10.6ms
[2021-01-05T15:30:43.944-0400][gc,phases      ] GC(178)   Post Evacuate Collection Set: 1.8ms
[2021-01-05T15:30:43.944-0400][gc,phases      ] GC(178)   Other: 1.2ms
[2021-01-05T15:30:43.944-0400][gc,heap        ] GC(178) Eden regions: 18->0(26)
[2021-01-05T15:30:43.944-0400][gc,heap        ] GC(178) Survivor regions: 2->3(4)
[2021-01-05T15:30:43.944-0400][gc,heap        ] GC(178) Old regions: 41->41
[2021-01-05T15:30:43.944-0400][gc,heap        ] GC(178) Humongous regions: 4->4
[2021-01-05T15:30:43.944-0400][gc,metaspace   ] GC(178) Metaspace: 40647K->40647K(1087488K)
[2021-01-05T15:30:43.944-0400][gc,heap        ] GC(178) Heap after GC invocations=179 (full 2): garbage-first heap   total 89088K, used 44207K [0x0000000083000000, 0x0000000100000000)
[2021-01-05T15:30:43.944-0400][gc,heap        ] GC(178)   region size 1024K, 3 young (3072K), 3 survivors (3072K)
[2021-01-05T15:30:43.945-0400][gc,heap        ] GC(178)  Metaspace       used 40647K, capacity 43787K, committed 43904K, reserved 1087488K
[2021-01-05T15:30:43.945-0400][gc,heap        ] GC(178)   class space    used 4493K, capacity 5705K, committed 5760K, reserved 1048576K
[2021-01-05T15:30:43.945-0400][gc             ] GC(178) Pause Young (Concurrent Start) (G1 Humongous Allocation) 59M->43M(87M) 14.301ms
[2021-01-05T15:30:43.945-0400][gc,cpu         ] GC(178) User=0.04s Sys=0.00s Real=0.01s
[2021-01-05T15:30:43.945-0400][gc             ] GC(179) Concurrent Cycle
[2021-01-05T15:30:43.945-0400][gc,marking     ] GC(179) Concurrent Clear Claimed Marks
[2021-01-05T15:30:43.946-0400][gc,marking     ] GC(179) Concurrent Clear Claimed Marks 0.751ms
[2021-01-05T15:30:43.946-0400][gc,marking     ] GC(179) Concurrent Scan Root Regions
[2021-01-05T15:30:43.957-0400][gc,marking     ] GC(179) Concurrent Scan Root Regions 11.068ms
[2021-01-05T15:30:43.958-0400][gc,marking     ] GC(179) Concurrent Mark (382.576s)
[2021-01-05T15:30:43.958-0400][gc,marking     ] GC(179) Concurrent Mark From Roots
[2021-01-05T15:30:43.958-0400][gc,task        ] GC(179) Using 1 workers of 1 for marking
[2021-01-05T15:30:44.238-0400][gc,marking     ] GC(179) Concurrent Mark From Roots 280.603ms
[2021-01-05T15:30:44.238-0400][gc,marking     ] GC(179) Concurrent Preclean
[2021-01-05T15:30:44.239-0400][gc,marking     ] GC(179) Concurrent Preclean 0.501ms
[2021-01-05T15:30:44.239-0400][gc,marking     ] GC(179) Concurrent Mark (382.576s, 382.858s) 281.421ms
[2021-01-05T15:30:44.240-0400][gc,start       ] GC(179) Pause Remark
[2021-01-05T15:30:44.283-0400][gc,stringtable ] GC(179) Cleaned string and symbol table, strings: 22947 processed, 0 removed, symbols: 92435 processed, 0 removed
[2021-01-05T15:30:44.284-0400][gc             ] GC(179) Pause Remark 47M->47M(87M) 43.822ms
[2021-01-05T15:30:44.284-0400][gc,cpu         ] GC(179) User=0.12s Sys=0.00s Real=0.04s
[2021-01-05T15:30:44.285-0400][gc,marking     ] GC(179) Concurrent Rebuild Remembered Sets
[2021-01-05T15:30:44.448-0400][gc,marking     ] GC(179) Concurrent Rebuild Remembered Sets 163.157ms
[2021-01-05T15:30:44.449-0400][gc,start       ] GC(179) Pause Cleanup
[2021-01-05T15:30:44.450-0400][gc             ] GC(179) Pause Cleanup 48M->48M(87M) 0.536ms
[2021-01-05T15:30:44.450-0400][gc,cpu         ] GC(179) User=0.01s Sys=0.00s Real=0.00s
[2021-01-05T15:30:44.450-0400][gc,marking     ] GC(179) Concurrent Cleanup for Next Mark
[2021-01-05T15:30:44.451-0400][gc,marking     ] GC(179) Concurrent Cleanup for Next Mark 1.051ms
[2021-01-05T15:30:44.451-0400][gc             ] GC(179) Concurrent Cycle 506.323ms
[2021-01-05T15:30:50.494-0400][gc,heap        ] GC(180) Heap before GC invocations=180 (full 2): garbage-first heap   total 89088K, used 71855K [0x0000000083000000, 0x0000000100000000)
[2021-01-05T15:30:50.494-0400][gc,heap        ] GC(180)   region size 1024K, 29 young (29696K), 3 survivors (3072K)
[2021-01-05T15:30:50.494-0400][gc,heap        ] GC(180)  Metaspace       used 40660K, capacity 43787K, committed 43904K, reserved 1087488K
[2021-01-05T15:30:50.494-0400][gc,heap        ] GC(180)   class space    used 4493K, capacity 5705K, committed 5760K, reserved 1048576K
[2021-01-05T15:30:50.494-0400][gc,start       ] GC(180) Pause Young (Normal) (G1 Evacuation Pause)
[2021-01-05T15:30:50.494-0400][gc,task        ] GC(180) Using 4 workers of 4 for evacuation
[2021-01-05T15:30:50.506-0400][gc,phases      ] GC(180)   Pre Evacuate Collection Set: 0.0ms
[2021-01-05T15:30:50.506-0400][gc,phases      ] GC(180)   Evacuate Collection Set: 9.2ms
[2021-01-05T15:30:50.506-0400][gc,phases      ] GC(180)   Post Evacuate Collection Set: 1.7ms
[2021-01-05T15:30:50.506-0400][gc,phases      ] GC(180)   Other: 1.1ms
[2021-01-05T15:30:50.506-0400][gc,heap        ] GC(180) Eden regions: 26->0(27)
[2021-01-05T15:30:50.506-0400][gc,heap        ] GC(180) Survivor regions: 3->2(4)
[2021-01-05T15:30:50.506-0400][gc,heap        ] GC(180) Old regions: 41->41
[2021-01-05T15:30:50.506-0400][gc,heap        ] GC(180) Humongous regions: 6->4
[2021-01-05T15:30:50.506-0400][gc,metaspace   ] GC(180) Metaspace: 40660K->40660K(1087488K)
[2021-01-05T15:30:50.506-0400][gc,heap        ] GC(180) Heap after GC invocations=181 (full 2): garbage-first heap   total 89088K, used 43610K [0x0000000083000000, 0x0000000100000000)
[2021-01-05T15:30:50.506-0400][gc,heap        ] GC(180)   region size 1024K, 2 young (2048K), 2 survivors (2048K)
[2021-01-05T15:30:50.506-0400][gc,heap        ] GC(180)  Metaspace       used 40660K, capacity 43787K, committed 43904K, reserved 1087488K
[2021-01-05T15:30:50.506-0400][gc,heap        ] GC(180)   class space    used 4493K, capacity 5705K, committed 5760K, reserved 1048576K
[2021-01-05T15:30:50.507-0400][gc             ] GC(180) Pause Young (Normal) (G1 Evacuation Pause) 71M->42M(87M) 12.567ms
[2021-01-05T15:30:50.507-0400][gc,cpu         ] GC(180) User=0.04s Sys=0.00s Real=0.02s
[2021-01-05T15:30:53.695-0400][gc,heap        ] GC(181) Heap before GC invocations=181 (full 2): garbage-first heap   total 89088K, used 67162K [0x0000000083000000, 0x0000000100000000)
[2021-01-05T15:30:53.696-0400][gc,heap        ] GC(181)   region size 1024K, 27 young (27648K), 2 survivors (2048K)
[2021-01-05T15:30:53.696-0400][gc,heap        ] GC(181)  Metaspace       used 40660K, capacity 43787K, committed 43904K, reserved 1087488K
[2021-01-05T15:30:53.696-0400][gc,heap        ] GC(181)   class space    used 4493K, capacity 5705K, committed 5760K, reserved 1048576K
[2021-01-05T15:30:53.696-0400][gc,start       ] GC(181) Pause Young (Concurrent Start) (G1 Humongous Allocation)
[2021-01-05T15:30:53.696-0400][gc,task        ] GC(181) Using 4 workers of 4 for evacuation
[2021-01-05T15:30:53.711-0400][gc,phases      ] GC(181)   Pre Evacuate Collection Set: 0.4ms
[2021-01-05T15:30:53.711-0400][gc,phases      ] GC(181)   Evacuate Collection Set: 11.8ms
[2021-01-05T15:30:53.711-0400][gc,phases      ] GC(181)   Post Evacuate Collection Set: 1.7ms
[2021-01-05T15:30:53.711-0400][gc,phases      ] GC(181)   Other: 1.3ms
[2021-01-05T15:30:53.711-0400][gc,heap        ] GC(181) Eden regions: 25->0(27)
[2021-01-05T15:30:53.711-0400][gc,heap        ] GC(181) Survivor regions: 2->2(4)
[2021-01-05T15:30:53.711-0400][gc,heap        ] GC(181) Old regions: 41->41
[2021-01-05T15:30:53.711-0400][gc,heap        ] GC(181) Humongous regions: 4->4
[2021-01-05T15:30:53.711-0400][gc,metaspace   ] GC(181) Metaspace: 40660K->40660K(1087488K)
[2021-01-05T15:30:53.711-0400][gc,heap        ] GC(181) Heap after GC invocations=182 (full 2): garbage-first heap   total 89088K, used 44381K [0x0000000083000000, 0x0000000100000000)
[2021-01-05T15:30:53.711-0400][gc,heap        ] GC(181)   region size 1024K, 2 young (2048K), 2 survivors (2048K)
[2021-01-05T15:30:53.711-0400][gc,heap        ] GC(181)  Metaspace       used 40660K, capacity 43787K, committed 43904K, reserved 1087488K
[2021-01-05T15:30:53.711-0400][gc,heap        ] GC(181)   class space    used 4493K, capacity 5705K, committed 5760K, reserved 1048576K
[2021-01-05T15:30:53.711-0400][gc             ] GC(181) Pause Young (Concurrent Start) (G1 Humongous Allocation) 66M->43M(87M) 15.544ms
[2021-01-05T15:30:53.712-0400][gc,cpu         ] GC(181) User=0.04s Sys=0.00s Real=0.01s
[2021-01-05T15:30:53.712-0400][gc             ] GC(182) Concurrent Cycle
[2021-01-05T15:30:53.712-0400][gc,marking     ] GC(182) Concurrent Clear Claimed Marks
[2021-01-05T15:30:53.712-0400][gc,marking     ] GC(182) Concurrent Clear Claimed Marks 0.477ms
[2021-01-05T15:30:53.713-0400][gc,marking     ] GC(182) Concurrent Scan Root Regions
[2021-01-05T15:30:53.722-0400][gc,marking     ] GC(182) Concurrent Scan Root Regions 9.728ms
[2021-01-05T15:30:53.722-0400][gc,marking     ] GC(182) Concurrent Mark (392.341s)
[2021-01-05T15:30:53.722-0400][gc,marking     ] GC(182) Concurrent Mark From Roots
[2021-01-05T15:30:53.723-0400][gc,task        ] GC(182) Using 1 workers of 1 for marking
[2021-01-05T15:30:53.999-0400][gc,marking     ] GC(182) Concurrent Mark From Roots 276.344ms
[2021-01-05T15:30:53.999-0400][gc,marking     ] GC(182) Concurrent Preclean
[2021-01-05T15:30:53.999-0400][gc,marking     ] GC(182) Concurrent Preclean 0.289ms
[2021-01-05T15:30:53.999-0400][gc,marking     ] GC(182) Concurrent Mark (392.341s, 392.618s) 276.852ms
[2021-01-05T15:30:54.000-0400][gc,start       ] GC(182) Pause Remark
[2021-01-05T15:30:54.034-0400][gc,stringtable ] GC(182) Cleaned string and symbol table, strings: 22963 processed, 0 removed, symbols: 92435 processed, 0 removed
[2021-01-05T15:30:54.034-0400][gc             ] GC(182) Pause Remark 61M->61M(87M) 34.025ms
[2021-01-05T15:30:54.035-0400][gc,cpu         ] GC(182) User=0.12s Sys=0.00s Real=0.03s
[2021-01-05T15:30:54.035-0400][gc,marking     ] GC(182) Concurrent Rebuild Remembered Sets
[2021-01-05T15:30:54.183-0400][gc,marking     ] GC(182) Concurrent Rebuild Remembered Sets 147.654ms
[2021-01-05T15:30:54.184-0400][gc,start       ] GC(182) Pause Cleanup
[2021-01-05T15:30:54.184-0400][gc             ] GC(182) Pause Cleanup 61M->61M(87M) 0.422ms
[2021-01-05T15:30:54.184-0400][gc,cpu         ] GC(182) User=0.00s Sys=0.00s Real=0.00s
[2021-01-05T15:30:54.185-0400][gc,marking     ] GC(182) Concurrent Cleanup for Next Mark
[2021-01-05T15:30:54.186-0400][gc,marking     ] GC(182) Concurrent Cleanup for Next Mark 0.984ms
[2021-01-05T15:30:54.186-0400][gc             ] GC(182) Concurrent Cycle 474.031ms
[2021-01-05T15:30:58.000-0400][gc,heap        ] GC(183) Heap before GC invocations=183 (full 2): garbage-first heap   total 89088K, used 73053K [0x0000000083000000, 0x0000000100000000)
[2021-01-05T15:30:58.000-0400][gc,heap        ] GC(183)   region size 1024K, 29 young (29696K), 2 survivors (2048K)
[2021-01-05T15:30:58.000-0400][gc,heap        ] GC(183)  Metaspace       used 40661K, capacity 43787K, committed 43904K, reserved 1087488K
[2021-01-05T15:30:58.000-0400][gc,heap        ] GC(183)   class space    used 4493K, capacity 5705K, committed 5760K, reserved 1048576K
[2021-01-05T15:30:58.000-0400][gc,start       ] GC(183) Pause Young (Prepare Mixed) (G1 Evacuation Pause)
[2021-01-05T15:30:58.000-0400][gc,task        ] GC(183) Using 4 workers of 4 for evacuation
[2021-01-05T15:30:58.010-0400][gc,phases      ] GC(183)   Pre Evacuate Collection Set: 0.0ms
[2021-01-05T15:30:58.010-0400][gc,phases      ] GC(183)   Evacuate Collection Set: 7.2ms
[2021-01-05T15:30:58.010-0400][gc,phases      ] GC(183)   Post Evacuate Collection Set: 1.5ms
[2021-01-05T15:30:58.010-0400][gc,phases      ] GC(183)   Other: 1.0ms
[2021-01-05T15:30:58.010-0400][gc,heap        ] GC(183) Eden regions: 27->0(3)
[2021-01-05T15:30:58.010-0400][gc,heap        ] GC(183) Survivor regions: 2->1(4)
[2021-01-05T15:30:58.010-0400][gc,heap        ] GC(183) Old regions: 41->41
[2021-01-05T15:30:58.010-0400][gc,heap        ] GC(183) Humongous regions: 6->4
[2021-01-05T15:30:58.010-0400][gc,metaspace   ] GC(183) Metaspace: 40661K->40661K(1087488K)
[2021-01-05T15:30:58.010-0400][gc,heap        ] GC(183) Heap after GC invocations=184 (full 2): garbage-first heap   total 89088K, used 43351K [0x0000000083000000, 0x0000000100000000)
[2021-01-05T15:30:58.010-0400][gc,heap        ] GC(183)   region size 1024K, 1 young (1024K), 1 survivors (1024K)
[2021-01-05T15:30:58.010-0400][gc,heap        ] GC(183)  Metaspace       used 40661K, capacity 43787K, committed 43904K, reserved 1087488K
[2021-01-05T15:30:58.010-0400][gc,heap        ] GC(183)   class space    used 4493K, capacity 5705K, committed 5760K, reserved 1048576K
[2021-01-05T15:30:58.010-0400][gc             ] GC(183) Pause Young (Prepare Mixed) (G1 Evacuation Pause) 72M->42M(87M) 10.163ms
[2021-01-05T15:30:58.010-0400][gc,cpu         ] GC(183) User=0.03s Sys=0.00s Real=0.01s
[2021-01-05T15:30:58.041-0400][gc,heap        ] GC(184) Heap before GC invocations=184 (full 2): garbage-first heap   total 89088K, used 46423K [0x0000000083000000, 0x0000000100000000)
[2021-01-05T15:30:58.041-0400][gc,heap        ] GC(184)   region size 1024K, 4 young (4096K), 1 survivors (1024K)
[2021-01-05T15:30:58.041-0400][gc,heap        ] GC(184)  Metaspace       used 40661K, capacity 43787K, committed 43904K, reserved 1087488K
[2021-01-05T15:30:58.041-0400][gc,heap        ] GC(184)   class space    used 4493K, capacity 5705K, committed 5760K, reserved 1048576K
[2021-01-05T15:30:58.041-0400][gc,start       ] GC(184) Pause Young (Mixed) (G1 Evacuation Pause)
[2021-01-05T15:30:58.041-0400][gc,task        ] GC(184) Using 4 workers of 4 for evacuation
[2021-01-05T15:30:58.051-0400][gc,phases      ] GC(184)   Pre Evacuate Collection Set: 0.1ms
[2021-01-05T15:30:58.051-0400][gc,phases      ] GC(184)   Evacuate Collection Set: 7.7ms
[2021-01-05T15:30:58.052-0400][gc,phases      ] GC(184)   Post Evacuate Collection Set: 1.4ms
[2021-01-05T15:30:58.052-0400][gc,phases      ] GC(184)   Other: 1.1ms
[2021-01-05T15:30:58.052-0400][gc,heap        ] GC(184) Eden regions: 3->0(28)
[2021-01-05T15:30:58.052-0400][gc,heap        ] GC(184) Survivor regions: 1->1(1)
[2021-01-05T15:30:58.052-0400][gc,heap        ] GC(184) Old regions: 41->41
[2021-01-05T15:30:58.052-0400][gc,heap        ] GC(184) Humongous regions: 4->4
[2021-01-05T15:30:58.052-0400][gc,metaspace   ] GC(184) Metaspace: 40661K->40661K(1087488K)
[2021-01-05T15:30:58.052-0400][gc,heap        ] GC(184) Heap after GC invocations=185 (full 2): garbage-first heap   total 89088K, used 42408K [0x0000000083000000, 0x0000000100000000)
[2021-01-05T15:30:58.052-0400][gc,heap        ] GC(184)   region size 1024K, 1 young (1024K), 1 survivors (1024K)
[2021-01-05T15:30:58.052-0400][gc,heap        ] GC(184)  Metaspace       used 40661K, capacity 43787K, committed 43904K, reserved 1087488K
[2021-01-05T15:30:58.052-0400][gc,heap        ] GC(184)   class space    used 4493K, capacity 5705K, committed 5760K, reserved 1048576K
[2021-01-05T15:30:58.052-0400][gc             ] GC(184) Pause Young (Mixed) (G1 Evacuation Pause) 45M->41M(87M) 10.773ms
[2021-01-05T15:30:58.052-0400][gc,cpu         ] GC(184) User=0.03s Sys=0.01s Real=0.01s
[2021-01-05T15:31:05.377-0400][gc,heap        ] GC(185) Heap before GC invocations=185 (full 2): garbage-first heap   total 89088K, used 70056K [0x0000000083000000, 0x0000000100000000)
[2021-01-05T15:31:05.377-0400][gc,heap        ] GC(185)   region size 1024K, 29 young (29696K), 1 survivors (1024K)
[2021-01-05T15:31:05.377-0400][gc,heap        ] GC(185)  Metaspace       used 40661K, capacity 43787K, committed 43904K, reserved 1087488K
[2021-01-05T15:31:05.377-0400][gc,heap        ] GC(185)   class space    used 4493K, capacity 5705K, committed 5760K, reserved 1048576K
[2021-01-05T15:31:05.377-0400][gc,start       ] GC(185) Pause Young (Normal) (G1 Evacuation Pause)
[2021-01-05T15:31:05.377-0400][gc,task        ] GC(185) Using 4 workers of 4 for evacuation
[2021-01-05T15:31:05.388-0400][gc,phases      ] GC(185)   Pre Evacuate Collection Set: 0.0ms
[2021-01-05T15:31:05.388-0400][gc,phases      ] GC(185)   Evacuate Collection Set: 7.6ms
[2021-01-05T15:31:05.388-0400][gc,phases      ] GC(185)   Post Evacuate Collection Set: 2.7ms
[2021-01-05T15:31:05.388-0400][gc,phases      ] GC(185)   Other: 1.1ms
[2021-01-05T15:31:05.388-0400][gc,heap        ] GC(185) Eden regions: 28->0(27)
[2021-01-05T15:31:05.388-0400][gc,heap        ] GC(185) Survivor regions: 1->2(4)
[2021-01-05T15:31:05.388-0400][gc,heap        ] GC(185) Old regions: 41->41
[2021-01-05T15:31:05.388-0400][gc,heap        ] GC(185) Humongous regions: 4->4
[2021-01-05T15:31:05.388-0400][gc,metaspace   ] GC(185) Metaspace: 40661K->40661K(1087488K)
[2021-01-05T15:31:05.388-0400][gc,heap        ] GC(185) Heap after GC invocations=186 (full 2): garbage-first heap   total 89088K, used 43367K [0x0000000083000000, 0x0000000100000000)
[2021-01-05T15:31:05.388-0400][gc,heap        ] GC(185)   region size 1024K, 2 young (2048K), 2 survivors (2048K)
[2021-01-05T15:31:05.389-0400][gc,heap        ] GC(185)  Metaspace       used 40661K, capacity 43787K, committed 43904K, reserved 1087488K
[2021-01-05T15:31:05.389-0400][gc,heap        ] GC(185)   class space    used 4493K, capacity 5705K, committed 5760K, reserved 1048576K
[2021-01-05T15:31:05.389-0400][gc             ] GC(185) Pause Young (Normal) (G1 Evacuation Pause) 69M->42M(87M) 11.844ms
[2021-01-05T15:31:05.389-0400][gc,cpu         ] GC(185) User=0.03s Sys=0.00s Real=0.01s
[2021-01-05T15:31:05.425-0400][gc,heap        ] GC(186) Heap before GC invocations=186 (full 2): garbage-first heap   total 89088K, used 50535K [0x0000000083000000, 0x0000000100000000)
[2021-01-05T15:31:05.425-0400][gc,heap        ] GC(186)   region size 1024K, 11 young (11264K), 2 survivors (2048K)
[2021-01-05T15:31:05.425-0400][gc,heap        ] GC(186)  Metaspace       used 40661K, capacity 43787K, committed 43904K, reserved 1087488K
[2021-01-05T15:31:05.425-0400][gc,heap        ] GC(186)   class space    used 4493K, capacity 5705K, committed 5760K, reserved 1048576K
[2021-01-05T15:31:05.425-0400][gc,start       ] GC(186) Pause Young (Concurrent Start) (G1 Humongous Allocation)
[2021-01-05T15:31:05.425-0400][gc,task        ] GC(186) Using 4 workers of 4 for evacuation
[2021-01-05T15:31:05.436-0400][gc,phases      ] GC(186)   Pre Evacuate Collection Set: 0.4ms
[2021-01-05T15:31:05.436-0400][gc,phases      ] GC(186)   Evacuate Collection Set: 8.8ms
[2021-01-05T15:31:05.436-0400][gc,phases      ] GC(186)   Post Evacuate Collection Set: 1.0ms
[2021-01-05T15:31:05.437-0400][gc,phases      ] GC(186)   Other: 1.4ms
[2021-01-05T15:31:05.437-0400][gc,heap        ] GC(186) Eden regions: 9->0(23)
[2021-01-05T15:31:05.437-0400][gc,heap        ] GC(186) Survivor regions: 2->2(4)
[2021-01-05T15:31:05.437-0400][gc,heap        ] GC(186) Old regions: 41->41
[2021-01-05T15:31:05.437-0400][gc,heap        ] GC(186) Humongous regions: 4->4
[2021-01-05T15:31:05.437-0400][gc,metaspace   ] GC(186) Metaspace: 40661K->40661K(1087488K)
[2021-01-05T15:31:05.437-0400][gc,heap        ] GC(186) Heap after GC invocations=187 (full 2): garbage-first heap   total 89088K, used 43443K [0x0000000083000000, 0x0000000100000000)
[2021-01-05T15:31:05.437-0400][gc,heap        ] GC(186)   region size 1024K, 2 young (2048K), 2 survivors (2048K)
[2021-01-05T15:31:05.437-0400][gc,heap        ] GC(186)  Metaspace       used 40661K, capacity 43787K, committed 43904K, reserved 1087488K
[2021-01-05T15:31:05.437-0400][gc,heap        ] GC(186)   class space    used 4493K, capacity 5705K, committed 5760K, reserved 1048576K
[2021-01-05T15:31:05.437-0400][gc             ] GC(186) Pause Young (Concurrent Start) (G1 Humongous Allocation) 50M->42M(87M) 11.840ms
[2021-01-05T15:31:05.437-0400][gc,cpu         ] GC(186) User=0.03s Sys=0.01s Real=0.02s
[2021-01-05T15:31:05.437-0400][gc             ] GC(187) Concurrent Cycle
[2021-01-05T15:31:05.437-0400][gc,marking     ] GC(187) Concurrent Clear Claimed Marks
[2021-01-05T15:31:05.438-0400][gc,marking     ] GC(187) Concurrent Clear Claimed Marks 0.784ms
[2021-01-05T15:31:05.439-0400][gc,marking     ] GC(187) Concurrent Scan Root Regions
[2021-01-05T15:31:05.445-0400][gc,marking     ] GC(187) Concurrent Scan Root Regions 6.310ms
[2021-01-05T15:31:05.445-0400][gc,marking     ] GC(187) Concurrent Mark (404.064s)
[2021-01-05T15:31:05.445-0400][gc,marking     ] GC(187) Concurrent Mark From Roots
[2021-01-05T15:31:05.445-0400][gc,task        ] GC(187) Using 1 workers of 1 for marking
[2021-01-05T15:31:05.703-0400][gc,marking     ] GC(187) Concurrent Mark From Roots 257.581ms
[2021-01-05T15:31:05.703-0400][gc,marking     ] GC(187) Concurrent Preclean
[2021-01-05T15:31:05.703-0400][gc,marking     ] GC(187) Concurrent Preclean 0.303ms
[2021-01-05T15:31:05.703-0400][gc,marking     ] GC(187) Concurrent Mark (404.064s, 404.322s) 258.127ms
[2021-01-05T15:31:05.704-0400][gc,start       ] GC(187) Pause Remark
[2021-01-05T15:31:05.736-0400][gc,stringtable ] GC(187) Cleaned string and symbol table, strings: 22967 processed, 0 removed, symbols: 92435 processed, 0 removed
[2021-01-05T15:31:05.737-0400][gc             ] GC(187) Pause Remark 46M->46M(87M) 32.675ms
[2021-01-05T15:31:05.737-0400][gc,cpu         ] GC(187) User=0.12s Sys=0.00s Real=0.04s
[2021-01-05T15:31:05.737-0400][gc,marking     ] GC(187) Concurrent Rebuild Remembered Sets
[2021-01-05T15:31:05.888-0400][gc,marking     ] GC(187) Concurrent Rebuild Remembered Sets 151.147ms
[2021-01-05T15:31:05.890-0400][gc,start       ] GC(187) Pause Cleanup
[2021-01-05T15:31:05.890-0400][gc             ] GC(187) Pause Cleanup 46M->46M(87M) 0.487ms
[2021-01-05T15:31:05.890-0400][gc,cpu         ] GC(187) User=0.00s Sys=0.00s Real=0.00s
[2021-01-05T15:31:05.891-0400][gc,marking     ] GC(187) Concurrent Cleanup for Next Mark
[2021-01-05T15:31:05.892-0400][gc,marking     ] GC(187) Concurrent Cleanup for Next Mark 0.984ms
[2021-01-05T15:31:05.892-0400][gc             ] GC(187) Concurrent Cycle 454.456ms
[2021-01-05T15:31:10.763-0400][gc,heap        ] GC(188) Heap before GC invocations=188 (full 2): garbage-first heap   total 89088K, used 68019K [0x0000000083000000, 0x0000000100000000)
[2021-01-05T15:31:10.763-0400][gc,heap        ] GC(188)   region size 1024K, 25 young (25600K), 2 survivors (2048K)
[2021-01-05T15:31:10.764-0400][gc,heap        ] GC(188)  Metaspace       used 40669K, capacity 43787K, committed 43904K, reserved 1087488K
[2021-01-05T15:31:10.764-0400][gc,heap        ] GC(188)   class space    used 4493K, capacity 5705K, committed 5760K, reserved 1048576K
[2021-01-05T15:31:10.764-0400][gc,start       ] GC(188) Pause Young (Normal) (G1 Evacuation Pause)
[2021-01-05T15:31:10.764-0400][gc,task        ] GC(188) Using 4 workers of 4 for evacuation
[2021-01-05T15:31:10.773-0400][gc,phases      ] GC(188)   Pre Evacuate Collection Set: 0.1ms
[2021-01-05T15:31:10.773-0400][gc,phases      ] GC(188)   Evacuate Collection Set: 6.4ms
[2021-01-05T15:31:10.773-0400][gc,phases      ] GC(188)   Post Evacuate Collection Set: 1.7ms
[2021-01-05T15:31:10.773-0400][gc,phases      ] GC(188)   Other: 1.3ms
[2021-01-05T15:31:10.773-0400][gc,heap        ] GC(188) Eden regions: 23->0(25)
[2021-01-05T15:31:10.773-0400][gc,heap        ] GC(188) Survivor regions: 2->1(4)
[2021-01-05T15:31:10.773-0400][gc,heap        ] GC(188) Old regions: 41->41
[2021-01-05T15:31:10.773-0400][gc,heap        ] GC(188) Humongous regions: 6->4
[2021-01-05T15:31:10.773-0400][gc,metaspace   ] GC(188) Metaspace: 40669K->40669K(1087488K)
[2021-01-05T15:31:10.773-0400][gc,heap        ] GC(188) Heap after GC invocations=189 (full 2): garbage-first heap   total 89088K, used 42598K [0x0000000083000000, 0x0000000100000000)
[2021-01-05T15:31:10.773-0400][gc,heap        ] GC(188)   region size 1024K, 1 young (1024K), 1 survivors (1024K)
[2021-01-05T15:31:10.773-0400][gc,heap        ] GC(188)  Metaspace       used 40669K, capacity 43787K, committed 43904K, reserved 1087488K
[2021-01-05T15:31:10.773-0400][gc,heap        ] GC(188)   class space    used 4493K, capacity 5705K, committed 5760K, reserved 1048576K
[2021-01-05T15:31:10.774-0400][gc             ] GC(188) Pause Young (Normal) (G1 Evacuation Pause) 67M->41M(87M) 9.692ms
[2021-01-05T15:31:10.774-0400][gc,cpu         ] GC(188) User=0.03s Sys=0.00s Real=0.01s
[2021-01-05T15:31:17.947-0400][gc,heap        ] GC(189) Heap before GC invocations=189 (full 2): garbage-first heap   total 89088K, used 67174K [0x0000000083000000, 0x0000000100000000)
[2021-01-05T15:31:17.948-0400][gc,heap        ] GC(189)   region size 1024K, 26 young (26624K), 1 survivors (1024K)
[2021-01-05T15:31:17.948-0400][gc,heap        ] GC(189)  Metaspace       used 40673K, capacity 43787K, committed 43904K, reserved 1087488K
[2021-01-05T15:31:17.948-0400][gc,heap        ] GC(189)   class space    used 4493K, capacity 5705K, committed 5760K, reserved 1048576K
[2021-01-05T15:31:17.948-0400][gc,start       ] GC(189) Pause Young (Concurrent Start) (G1 Evacuation Pause)
[2021-01-05T15:31:17.948-0400][gc,task        ] GC(189) Using 4 workers of 4 for evacuation
[2021-01-05T15:31:17.962-0400][gc,phases      ] GC(189)   Pre Evacuate Collection Set: 0.4ms
[2021-01-05T15:31:17.962-0400][gc,phases      ] GC(189)   Evacuate Collection Set: 10.4ms
[2021-01-05T15:31:17.962-0400][gc,phases      ] GC(189)   Post Evacuate Collection Set: 2.1ms
[2021-01-05T15:31:17.962-0400][gc,phases      ] GC(189)   Other: 1.5ms
[2021-01-05T15:31:17.962-0400][gc,heap        ] GC(189) Eden regions: 25->0(24)
[2021-01-05T15:31:17.962-0400][gc,heap        ] GC(189) Survivor regions: 1->2(4)
[2021-01-05T15:31:17.962-0400][gc,heap        ] GC(189) Old regions: 41->41
[2021-01-05T15:31:17.962-0400][gc,heap        ] GC(189) Humongous regions: 4->4
[2021-01-05T15:31:17.962-0400][gc,metaspace   ] GC(189) Metaspace: 40673K->40673K(1087488K)
[2021-01-05T15:31:17.962-0400][gc,heap        ] GC(189) Heap after GC invocations=190 (full 2): garbage-first heap   total 89088K, used 43497K [0x0000000083000000, 0x0000000100000000)
[2021-01-05T15:31:17.962-0400][gc,heap        ] GC(189)   region size 1024K, 2 young (2048K), 2 survivors (2048K)
[2021-01-05T15:31:17.962-0400][gc,heap        ] GC(189)  Metaspace       used 40673K, capacity 43787K, committed 43904K, reserved 1087488K
[2021-01-05T15:31:17.962-0400][gc,heap        ] GC(189)   class space    used 4493K, capacity 5705K, committed 5760K, reserved 1048576K
[2021-01-05T15:31:17.963-0400][gc             ] GC(189) Pause Young (Concurrent Start) (G1 Evacuation Pause) 66M->42M(87M) 14.698ms
[2021-01-05T15:31:17.963-0400][gc,cpu         ] GC(189) User=0.04s Sys=0.01s Real=0.01s
[2021-01-05T15:31:17.963-0400][gc             ] GC(190) Concurrent Cycle
[2021-01-05T15:31:17.963-0400][gc,marking     ] GC(190) Concurrent Clear Claimed Marks
[2021-01-05T15:31:17.964-0400][gc,marking     ] GC(190) Concurrent Clear Claimed Marks 0.576ms
[2021-01-05T15:31:17.964-0400][gc,marking     ] GC(190) Concurrent Scan Root Regions
[2021-01-05T15:31:17.976-0400][gc,marking     ] GC(190) Concurrent Scan Root Regions 11.713ms
[2021-01-05T15:31:17.976-0400][gc,marking     ] GC(190) Concurrent Mark (416.594s)
[2021-01-05T15:31:17.976-0400][gc,marking     ] GC(190) Concurrent Mark From Roots
[2021-01-05T15:31:17.976-0400][gc,task        ] GC(190) Using 1 workers of 1 for marking
[2021-01-05T15:31:18.253-0400][gc,marking     ] GC(190) Concurrent Mark From Roots 276.877ms
[2021-01-05T15:31:18.253-0400][gc,marking     ] GC(190) Concurrent Preclean
[2021-01-05T15:31:18.253-0400][gc,marking     ] GC(190) Concurrent Preclean 0.358ms
[2021-01-05T15:31:18.253-0400][gc,marking     ] GC(190) Concurrent Mark (416.594s, 416.872s) 277.505ms
[2021-01-05T15:31:18.255-0400][gc,start       ] GC(190) Pause Remark
[2021-01-05T15:31:18.289-0400][gc,stringtable ] GC(190) Cleaned string and symbol table, strings: 22976 processed, 0 removed, symbols: 92435 processed, 0 removed
[2021-01-05T15:31:18.289-0400][gc             ] GC(190) Pause Remark 55M->55M(87M) 34.719ms
[2021-01-05T15:31:18.289-0400][gc,cpu         ] GC(190) User=0.11s Sys=0.01s Real=0.04s
[2021-01-05T15:31:18.290-0400][gc,marking     ] GC(190) Concurrent Rebuild Remembered Sets
[2021-01-05T15:31:18.442-0400][gc,marking     ] GC(190) Concurrent Rebuild Remembered Sets 152.220ms
[2021-01-05T15:31:18.443-0400][gc,start       ] GC(190) Pause Cleanup
[2021-01-05T15:31:18.444-0400][gc             ] GC(190) Pause Cleanup 56M->56M(87M) 0.489ms
[2021-01-05T15:31:18.444-0400][gc,cpu         ] GC(190) User=0.00s Sys=0.00s Real=0.00s
[2021-01-05T15:31:18.444-0400][gc,marking     ] GC(190) Concurrent Cleanup for Next Mark
[2021-01-05T15:31:18.445-0400][gc,marking     ] GC(190) Concurrent Cleanup for Next Mark 1.177ms
[2021-01-05T15:31:18.446-0400][gc             ] GC(190) Concurrent Cycle 482.510ms
[2021-01-05T15:31:22.177-0400][gc,heap        ] GC(191) Heap before GC invocations=191 (full 2): garbage-first heap   total 89088K, used 69097K [0x0000000083000000, 0x0000000100000000)
[2021-01-05T15:31:22.178-0400][gc,heap        ] GC(191)   region size 1024K, 26 young (26624K), 2 survivors (2048K)
[2021-01-05T15:31:22.178-0400][gc,heap        ] GC(191)  Metaspace       used 40676K, capacity 43787K, committed 43904K, reserved 1087488K
[2021-01-05T15:31:22.178-0400][gc,heap        ] GC(191)   class space    used 4493K, capacity 5705K, committed 5760K, reserved 1048576K
[2021-01-05T15:31:22.178-0400][gc,start       ] GC(191) Pause Young (Normal) (G1 Evacuation Pause)
[2021-01-05T15:31:22.178-0400][gc,task        ] GC(191) Using 4 workers of 4 for evacuation
[2021-01-05T15:31:22.189-0400][gc,phases      ] GC(191)   Pre Evacuate Collection Set: 0.1ms
[2021-01-05T15:31:22.189-0400][gc,phases      ] GC(191)   Evacuate Collection Set: 8.3ms
[2021-01-05T15:31:22.189-0400][gc,phases      ] GC(191)   Post Evacuate Collection Set: 1.5ms
[2021-01-05T15:31:22.189-0400][gc,phases      ] GC(191)   Other: 1.5ms
[2021-01-05T15:31:22.189-0400][gc,heap        ] GC(191) Eden regions: 24->0(25)
[2021-01-05T15:31:22.189-0400][gc,heap        ] GC(191) Survivor regions: 2->2(4)
[2021-01-05T15:31:22.189-0400][gc,heap        ] GC(191) Old regions: 41->41
[2021-01-05T15:31:22.189-0400][gc,heap        ] GC(191) Humongous regions: 6->4
[2021-01-05T15:31:22.189-0400][gc,metaspace   ] GC(191) Metaspace: 40676K->40676K(1087488K)
[2021-01-05T15:31:22.189-0400][gc,heap        ] GC(191) Heap after GC invocations=192 (full 2): garbage-first heap   total 89088K, used 43258K [0x0000000083000000, 0x0000000100000000)
[2021-01-05T15:31:22.189-0400][gc,heap        ] GC(191)   region size 1024K, 2 young (2048K), 2 survivors (2048K)
[2021-01-05T15:31:22.189-0400][gc,heap        ] GC(191)  Metaspace       used 40676K, capacity 43787K, committed 43904K, reserved 1087488K
[2021-01-05T15:31:22.189-0400][gc,heap        ] GC(191)   class space    used 4493K, capacity 5705K, committed 5760K, reserved 1048576K
[2021-01-05T15:31:22.190-0400][gc             ] GC(191) Pause Young (Normal) (G1 Evacuation Pause) 68M->42M(87M) 11.341ms
[2021-01-05T15:31:22.190-0400][gc,cpu         ] GC(191) User=0.03s Sys=0.01s Real=0.01s
[2021-01-05T15:31:25.716-0400][gc,heap        ] GC(192) Heap before GC invocations=192 (full 2): garbage-first heap   total 89088K, used 67834K [0x0000000083000000, 0x0000000100000000)
[2021-01-05T15:31:25.716-0400][gc,heap        ] GC(192)   region size 1024K, 27 young (27648K), 2 survivors (2048K)
[2021-01-05T15:31:25.716-0400][gc,heap        ] GC(192)  Metaspace       used 40685K, capacity 43787K, committed 43904K, reserved 1087488K
[2021-01-05T15:31:25.716-0400][gc,heap        ] GC(192)   class space    used 4493K, capacity 5705K, committed 5760K, reserved 1048576K
[2021-01-05T15:31:25.716-0400][gc,start       ] GC(192) Pause Young (Concurrent Start) (GCLocker Initiated GC)
[2021-01-05T15:31:25.716-0400][gc,task        ] GC(192) Using 4 workers of 4 for evacuation
[2021-01-05T15:31:25.729-0400][gc,phases      ] GC(192)   Pre Evacuate Collection Set: 0.4ms
[2021-01-05T15:31:25.729-0400][gc,phases      ] GC(192)   Evacuate Collection Set: 8.9ms
[2021-01-05T15:31:25.729-0400][gc,phases      ] GC(192)   Post Evacuate Collection Set: 2.0ms
[2021-01-05T15:31:25.729-0400][gc,phases      ] GC(192)   Other: 1.2ms
[2021-01-05T15:31:25.729-0400][gc,heap        ] GC(192) Eden regions: 25->0(26)
[2021-01-05T15:31:25.729-0400][gc,heap        ] GC(192) Survivor regions: 2->2(4)
[2021-01-05T15:31:25.729-0400][gc,heap        ] GC(192) Old regions: 41->41
[2021-01-05T15:31:25.729-0400][gc,heap        ] GC(192) Humongous regions: 4->4
[2021-01-05T15:31:25.729-0400][gc,metaspace   ] GC(192) Metaspace: 40685K->40685K(1087488K)
[2021-01-05T15:31:25.729-0400][gc,heap        ] GC(192) Heap after GC invocations=193 (full 2): garbage-first heap   total 89088K, used 43180K [0x0000000083000000, 0x0000000100000000)
[2021-01-05T15:31:25.729-0400][gc,heap        ] GC(192)   region size 1024K, 2 young (2048K), 2 survivors (2048K)
[2021-01-05T15:31:25.729-0400][gc,heap        ] GC(192)  Metaspace       used 40685K, capacity 43787K, committed 43904K, reserved 1087488K
[2021-01-05T15:31:25.729-0400][gc,heap        ] GC(192)   class space    used 4493K, capacity 5705K, committed 5760K, reserved 1048576K
[2021-01-05T15:31:25.729-0400][gc             ] GC(192) Pause Young (Concurrent Start) (GCLocker Initiated GC) 67M->42M(87M) 12.877ms
[2021-01-05T15:31:25.730-0400][gc,cpu         ] GC(192) User=0.04s Sys=0.00s Real=0.01s
[2021-01-05T15:31:25.730-0400][gc             ] GC(193) Concurrent Cycle
[2021-01-05T15:31:25.730-0400][gc,marking     ] GC(193) Concurrent Clear Claimed Marks
[2021-01-05T15:31:25.730-0400][gc,marking     ] GC(193) Concurrent Clear Claimed Marks 0.477ms
[2021-01-05T15:31:25.730-0400][gc,marking     ] GC(193) Concurrent Scan Root Regions
[2021-01-05T15:31:25.737-0400][gc,marking     ] GC(193) Concurrent Scan Root Regions 6.716ms
[2021-01-05T15:31:25.737-0400][gc,marking     ] GC(193) Concurrent Mark (424.356s)
[2021-01-05T15:31:25.737-0400][gc,marking     ] GC(193) Concurrent Mark From Roots
[2021-01-05T15:31:25.737-0400][gc,task        ] GC(193) Using 1 workers of 1 for marking
[2021-01-05T15:31:26.102-0400][gc,marking     ] GC(193) Concurrent Mark From Roots 365.157ms
[2021-01-05T15:31:26.103-0400][gc,marking     ] GC(193) Concurrent Preclean
[2021-01-05T15:31:26.103-0400][gc,marking     ] GC(193) Concurrent Preclean 0.508ms
[2021-01-05T15:31:26.103-0400][gc,marking     ] GC(193) Concurrent Mark (424.356s, 424.722s) 365.958ms
[2021-01-05T15:31:26.105-0400][gc,start       ] GC(193) Pause Remark
[2021-01-05T15:31:26.151-0400][gc,stringtable ] GC(193) Cleaned string and symbol table, strings: 22976 processed, 0 removed, symbols: 92435 processed, 0 removed
[2021-01-05T15:31:26.152-0400][gc             ] GC(193) Pause Remark 54M->54M(87M) 47.650ms
[2021-01-05T15:31:26.152-0400][gc,cpu         ] GC(193) User=0.14s Sys=0.00s Real=0.05s
[2021-01-05T15:31:26.153-0400][gc,marking     ] GC(193) Concurrent Rebuild Remembered Sets
[2021-01-05T15:31:26.325-0400][gc,marking     ] GC(193) Concurrent Rebuild Remembered Sets 172.578ms
[2021-01-05T15:31:26.327-0400][gc,start       ] GC(193) Pause Cleanup
[2021-01-05T15:31:26.327-0400][gc             ] GC(193) Pause Cleanup 54M->54M(87M) 0.523ms
[2021-01-05T15:31:26.328-0400][gc,cpu         ] GC(193) User=0.00s Sys=0.00s Real=0.00s
[2021-01-05T15:31:26.328-0400][gc,marking     ] GC(193) Concurrent Cleanup for Next Mark
[2021-01-05T15:31:26.329-0400][gc,marking     ] GC(193) Concurrent Cleanup for Next Mark 1.260ms
[2021-01-05T15:31:26.329-0400][gc             ] GC(193) Concurrent Cycle 599.687ms
[2021-01-05T15:31:28.554-0400][gc,heap        ] GC(194) Heap before GC invocations=194 (full 2): garbage-first heap   total 89088K, used 68780K [0x0000000083000000, 0x0000000100000000)
[2021-01-05T15:31:28.554-0400][gc,heap        ] GC(194)   region size 1024K, 28 young (28672K), 2 survivors (2048K)
[2021-01-05T15:31:28.554-0400][gc,heap        ] GC(194)  Metaspace       used 40698K, capacity 43789K, committed 43904K, reserved 1087488K
[2021-01-05T15:31:28.554-0400][gc,heap        ] GC(194)   class space    used 4493K, capacity 5705K, committed 5760K, reserved 1048576K
[2021-01-05T15:31:28.554-0400][gc,start       ] GC(194) Pause Young (Normal) (G1 Evacuation Pause)
[2021-01-05T15:31:28.554-0400][gc,task        ] GC(194) Using 4 workers of 4 for evacuation
[2021-01-05T15:31:28.568-0400][gc,phases      ] GC(194)   Pre Evacuate Collection Set: 0.0ms
[2021-01-05T15:31:28.568-0400][gc,phases      ] GC(194)   Evacuate Collection Set: 10.9ms
[2021-01-05T15:31:28.568-0400][gc,phases      ] GC(194)   Post Evacuate Collection Set: 2.0ms
[2021-01-05T15:31:28.568-0400][gc,phases      ] GC(194)   Other: 1.3ms
[2021-01-05T15:31:28.568-0400][gc,heap        ] GC(194) Eden regions: 26->0(25)
[2021-01-05T15:31:28.569-0400][gc,heap        ] GC(194) Survivor regions: 2->3(4)
[2021-01-05T15:31:28.569-0400][gc,heap        ] GC(194) Old regions: 41->41
[2021-01-05T15:31:28.569-0400][gc,heap        ] GC(194) Humongous regions: 4->4
[2021-01-05T15:31:28.569-0400][gc,metaspace   ] GC(194) Metaspace: 40698K->40698K(1087488K)
[2021-01-05T15:31:28.569-0400][gc,heap        ] GC(194) Heap after GC invocations=195 (full 2): garbage-first heap   total 89088K, used 44142K [0x0000000083000000, 0x0000000100000000)
[2021-01-05T15:31:28.569-0400][gc,heap        ] GC(194)   region size 1024K, 3 young (3072K), 3 survivors (3072K)
[2021-01-05T15:31:28.569-0400][gc,heap        ] GC(194)  Metaspace       used 40698K, capacity 43789K, committed 43904K, reserved 1087488K
[2021-01-05T15:31:28.569-0400][gc,heap        ] GC(194)   class space    used 4493K, capacity 5705K, committed 5760K, reserved 1048576K
[2021-01-05T15:31:28.569-0400][gc             ] GC(194) Pause Young (Normal) (G1 Evacuation Pause) 68M->43M(87M) 14.632ms
[2021-01-05T15:31:28.569-0400][gc,cpu         ] GC(194) User=0.04s Sys=0.00s Real=0.02s
[2021-01-05T15:31:28.606-0400][gc,heap        ] GC(195) Heap before GC invocations=195 (full 2): garbage-first heap   total 89088K, used 47214K [0x0000000083000000, 0x0000000100000000)
[2021-01-05T15:31:28.606-0400][gc,heap        ] GC(195)   region size 1024K, 8 young (8192K), 3 survivors (3072K)
[2021-01-05T15:31:28.606-0400][gc,heap        ] GC(195)  Metaspace       used 40698K, capacity 43789K, committed 43904K, reserved 1087488K
[2021-01-05T15:31:28.606-0400][gc,heap        ] GC(195)   class space    used 4493K, capacity 5705K, committed 5760K, reserved 1048576K
[2021-01-05T15:31:28.606-0400][gc,start       ] GC(195) Pause Young (Concurrent Start) (G1 Humongous Allocation)
[2021-01-05T15:31:28.606-0400][gc,task        ] GC(195) Using 4 workers of 4 for evacuation
[2021-01-05T15:31:28.631-0400][gc,phases      ] GC(195)   Pre Evacuate Collection Set: 0.4ms
[2021-01-05T15:31:28.631-0400][gc,phases      ] GC(195)   Evacuate Collection Set: 21.7ms
[2021-01-05T15:31:28.631-0400][gc,phases      ] GC(195)   Post Evacuate Collection Set: 1.9ms
[2021-01-05T15:31:28.631-0400][gc,phases      ] GC(195)   Other: 1.6ms
[2021-01-05T15:31:28.632-0400][gc,heap        ] GC(195) Eden regions: 5->0(25)
[2021-01-05T15:31:28.632-0400][gc,heap        ] GC(195) Survivor regions: 3->3(4)
[2021-01-05T15:31:28.632-0400][gc,heap        ] GC(195) Old regions: 41->41
[2021-01-05T15:31:28.632-0400][gc,heap        ] GC(195) Humongous regions: 4->4
[2021-01-05T15:31:28.632-0400][gc,metaspace   ] GC(195) Metaspace: 40698K->40698K(1087488K)
[2021-01-05T15:31:28.632-0400][gc,heap        ] GC(195) Heap after GC invocations=196 (full 2): garbage-first heap   total 89088K, used 44441K [0x0000000083000000, 0x0000000100000000)
[2021-01-05T15:31:28.632-0400][gc,heap        ] GC(195)   region size 1024K, 3 young (3072K), 3 survivors (3072K)
[2021-01-05T15:31:28.632-0400][gc,heap        ] GC(195)  Metaspace       used 40698K, capacity 43789K, committed 43904K, reserved 1087488K
[2021-01-05T15:31:28.632-0400][gc,heap        ] GC(195)   class space    used 4493K, capacity 5705K, committed 5760K, reserved 1048576K
[2021-01-05T15:31:28.632-0400][gc             ] GC(195) Pause Young (Concurrent Start) (G1 Humongous Allocation) 47M->43M(87M) 26.003ms
[2021-01-05T15:31:28.632-0400][gc,cpu         ] GC(195) User=0.08s Sys=0.00s Real=0.02s
[2021-01-05T15:31:28.633-0400][gc             ] GC(196) Concurrent Cycle
[2021-01-05T15:31:28.633-0400][gc,marking     ] GC(196) Concurrent Clear Claimed Marks
[2021-01-05T15:31:28.637-0400][gc,marking     ] GC(196) Concurrent Clear Claimed Marks 3.216ms
[2021-01-05T15:31:28.637-0400][gc,marking     ] GC(196) Concurrent Scan Root Regions
[2021-01-05T15:31:28.649-0400][gc,marking     ] GC(196) Concurrent Scan Root Regions 11.394ms
[2021-01-05T15:31:28.649-0400][gc,marking     ] GC(196) Concurrent Mark (427.267s)
[2021-01-05T15:31:28.649-0400][gc,marking     ] GC(196) Concurrent Mark From Roots
[2021-01-05T15:31:28.649-0400][gc,task        ] GC(196) Using 1 workers of 1 for marking
[2021-01-05T15:31:29.027-0400][gc,marking     ] GC(196) Concurrent Mark From Roots 378.266ms
[2021-01-05T15:31:29.027-0400][gc,marking     ] GC(196) Concurrent Preclean
[2021-01-05T15:31:29.027-0400][gc,marking     ] GC(196) Concurrent Preclean 0.320ms
[2021-01-05T15:31:29.028-0400][gc,marking     ] GC(196) Concurrent Mark (427.267s, 427.646s) 378.841ms
[2021-01-05T15:31:29.029-0400][gc,start       ] GC(196) Pause Remark
[2021-01-05T15:31:29.062-0400][gc,stringtable ] GC(196) Cleaned string and symbol table, strings: 22978 processed, 0 removed, symbols: 92435 processed, 0 removed
[2021-01-05T15:31:29.063-0400][gc             ] GC(196) Pause Remark 63M->63M(87M) 34.077ms
[2021-01-05T15:31:29.063-0400][gc,cpu         ] GC(196) User=0.12s Sys=0.01s Real=0.03s
[2021-01-05T15:31:29.064-0400][gc,marking     ] GC(196) Concurrent Rebuild Remembered Sets
[2021-01-05T15:31:29.223-0400][gc,marking     ] GC(196) Concurrent Rebuild Remembered Sets 159.441ms
[2021-01-05T15:31:29.225-0400][gc,start       ] GC(196) Pause Cleanup
[2021-01-05T15:31:29.225-0400][gc             ] GC(196) Pause Cleanup 64M->64M(87M) 0.477ms
[2021-01-05T15:31:29.226-0400][gc,cpu         ] GC(196) User=0.00s Sys=0.00s Real=0.00s
[2021-01-05T15:31:29.226-0400][gc,marking     ] GC(196) Concurrent Cleanup for Next Mark
[2021-01-05T15:31:29.227-0400][gc,marking     ] GC(196) Concurrent Cleanup for Next Mark 1.016ms
[2021-01-05T15:31:29.227-0400][gc             ] GC(196) Concurrent Cycle 594.004ms
[2021-01-05T15:31:32.724-0400][gc,heap        ] GC(197) Heap before GC invocations=197 (full 2): garbage-first heap   total 89088K, used 71065K [0x0000000083000000, 0x0000000100000000)
[2021-01-05T15:31:32.724-0400][gc,heap        ] GC(197)   region size 1024K, 28 young (28672K), 3 survivors (3072K)
[2021-01-05T15:31:32.724-0400][gc,heap        ] GC(197)  Metaspace       used 40698K, capacity 43789K, committed 43904K, reserved 1087488K
[2021-01-05T15:31:32.724-0400][gc,heap        ] GC(197)   class space    used 4493K, capacity 5705K, committed 5760K, reserved 1048576K
[2021-01-05T15:31:32.725-0400][gc,start       ] GC(197) Pause Young (Normal) (G1 Evacuation Pause)
[2021-01-05T15:31:32.725-0400][gc,task        ] GC(197) Using 4 workers of 4 for evacuation
[2021-01-05T15:31:32.735-0400][gc,phases      ] GC(197)   Pre Evacuate Collection Set: 0.0ms
[2021-01-05T15:31:32.735-0400][gc,phases      ] GC(197)   Evacuate Collection Set: 7.9ms
[2021-01-05T15:31:32.735-0400][gc,phases      ] GC(197)   Post Evacuate Collection Set: 1.7ms
[2021-01-05T15:31:32.736-0400][gc,phases      ] GC(197)   Other: 1.3ms
[2021-01-05T15:31:32.736-0400][gc,heap        ] GC(197) Eden regions: 25->0(26)
[2021-01-05T15:31:32.736-0400][gc,heap        ] GC(197) Survivor regions: 3->2(4)
[2021-01-05T15:31:32.736-0400][gc,heap        ] GC(197) Old regions: 41->41
[2021-01-05T15:31:32.736-0400][gc,heap        ] GC(197) Humongous regions: 6->4
[2021-01-05T15:31:32.736-0400][gc,metaspace   ] GC(197) Metaspace: 40698K->40698K(1087488K)
[2021-01-05T15:31:32.736-0400][gc,heap        ] GC(197) Heap after GC invocations=198 (full 2): garbage-first heap   total 89088K, used 43492K [0x0000000083000000, 0x0000000100000000)
[2021-01-05T15:31:32.736-0400][gc,heap        ] GC(197)   region size 1024K, 2 young (2048K), 2 survivors (2048K)
[2021-01-05T15:31:32.736-0400][gc,heap        ] GC(197)  Metaspace       used 40698K, capacity 43789K, committed 43904K, reserved 1087488K
[2021-01-05T15:31:32.736-0400][gc,heap        ] GC(197)   class space    used 4493K, capacity 5705K, committed 5760K, reserved 1048576K
[2021-01-05T15:31:32.736-0400][gc             ] GC(197) Pause Young (Normal) (G1 Evacuation Pause) 70M->42M(87M) 11.524ms
[2021-01-05T15:31:32.736-0400][gc,cpu         ] GC(197) User=0.04s Sys=0.00s Real=0.02s
[2021-01-05T15:31:38.056-0400][gc,heap        ] GC(198) Heap before GC invocations=198 (full 2): garbage-first heap   total 89088K, used 70116K [0x0000000083000000, 0x0000000100000000)
[2021-01-05T15:31:38.056-0400][gc,heap        ] GC(198)   region size 1024K, 28 young (28672K), 2 survivors (2048K)
[2021-01-05T15:31:38.056-0400][gc,heap        ] GC(198)  Metaspace       used 40700K, capacity 43789K, committed 43904K, reserved 1087488K
[2021-01-05T15:31:38.056-0400][gc,heap        ] GC(198)   class space    used 4493K, capacity 5705K, committed 5760K, reserved 1048576K
[2021-01-05T15:31:38.057-0400][gc,start       ] GC(198) Pause Young (Concurrent Start) (G1 Evacuation Pause)
[2021-01-05T15:31:38.057-0400][gc,task        ] GC(198) Using 4 workers of 4 for evacuation
[2021-01-05T15:31:38.067-0400][gc,phases      ] GC(198)   Pre Evacuate Collection Set: 0.4ms
[2021-01-05T15:31:38.067-0400][gc,phases      ] GC(198)   Evacuate Collection Set: 7.6ms
[2021-01-05T15:31:38.067-0400][gc,phases      ] GC(198)   Post Evacuate Collection Set: 1.6ms
[2021-01-05T15:31:38.068-0400][gc,phases      ] GC(198)   Other: 1.5ms
[2021-01-05T15:31:38.068-0400][gc,heap        ] GC(198) Eden regions: 26->0(27)
[2021-01-05T15:31:38.068-0400][gc,heap        ] GC(198) Survivor regions: 2->2(4)
[2021-01-05T15:31:38.068-0400][gc,heap        ] GC(198) Old regions: 41->41
[2021-01-05T15:31:38.068-0400][gc,heap        ] GC(198) Humongous regions: 4->4
[2021-01-05T15:31:38.068-0400][gc,metaspace   ] GC(198) Metaspace: 40700K->40700K(1087488K)
[2021-01-05T15:31:38.068-0400][gc,heap        ] GC(198) Heap after GC invocations=199 (full 2): garbage-first heap   total 89088K, used 43298K [0x0000000083000000, 0x0000000100000000)
[2021-01-05T15:31:38.068-0400][gc,heap        ] GC(198)   region size 1024K, 2 young (2048K), 2 survivors (2048K)
[2021-01-05T15:31:38.068-0400][gc,heap        ] GC(198)  Metaspace       used 40700K, capacity 43789K, committed 43904K, reserved 1087488K
[2021-01-05T15:31:38.068-0400][gc,heap        ] GC(198)   class space    used 4493K, capacity 5705K, committed 5760K, reserved 1048576K
[2021-01-05T15:31:38.068-0400][gc             ] GC(198) Pause Young (Concurrent Start) (G1 Evacuation Pause) 68M->42M(87M) 11.497ms
[2021-01-05T15:31:38.068-0400][gc,cpu         ] GC(198) User=0.04s Sys=0.01s Real=0.01s
[2021-01-05T15:31:38.069-0400][gc             ] GC(199) Concurrent Cycle
[2021-01-05T15:31:38.069-0400][gc,marking     ] GC(199) Concurrent Clear Claimed Marks
[2021-01-05T15:31:38.069-0400][gc,marking     ] GC(199) Concurrent Clear Claimed Marks 0.558ms
[2021-01-05T15:31:38.069-0400][gc,marking     ] GC(199) Concurrent Scan Root Regions
[2021-01-05T15:31:38.074-0400][gc,marking     ] GC(199) Concurrent Scan Root Regions 4.991ms
[2021-01-05T15:31:38.075-0400][gc,marking     ] GC(199) Concurrent Mark (436.693s)
[2021-01-05T15:31:38.075-0400][gc,marking     ] GC(199) Concurrent Mark From Roots
[2021-01-05T15:31:38.075-0400][gc,task        ] GC(199) Using 1 workers of 1 for marking
[2021-01-05T15:31:38.335-0400][gc,marking     ] GC(199) Concurrent Mark From Roots 259.967ms
[2021-01-05T15:31:38.335-0400][gc,marking     ] GC(199) Concurrent Preclean
[2021-01-05T15:31:38.335-0400][gc,marking     ] GC(199) Concurrent Preclean 0.293ms
[2021-01-05T15:31:38.335-0400][gc,marking     ] GC(199) Concurrent Mark (436.693s, 436.954s) 260.489ms
[2021-01-05T15:31:38.336-0400][gc,start       ] GC(199) Pause Remark
[2021-01-05T15:31:38.370-0400][gc,stringtable ] GC(199) Cleaned string and symbol table, strings: 22980 processed, 1 removed, symbols: 92435 processed, 0 removed
[2021-01-05T15:31:38.370-0400][gc             ] GC(199) Pause Remark 42M->42M(87M) 34.135ms
[2021-01-05T15:31:38.371-0400][gc,cpu         ] GC(199) User=0.13s Sys=0.00s Real=0.03s
[2021-01-05T15:31:38.371-0400][gc,marking     ] GC(199) Concurrent Rebuild Remembered Sets
[2021-01-05T15:31:38.521-0400][gc,marking     ] GC(199) Concurrent Rebuild Remembered Sets 149.978ms
[2021-01-05T15:31:38.522-0400][gc,start       ] GC(199) Pause Cleanup
[2021-01-05T15:31:38.523-0400][gc             ] GC(199) Pause Cleanup 42M->42M(87M) 0.421ms
[2021-01-05T15:31:38.523-0400][gc,cpu         ] GC(199) User=0.00s Sys=0.00s Real=0.00s
[2021-01-05T15:31:38.523-0400][gc,marking     ] GC(199) Concurrent Cleanup for Next Mark
[2021-01-05T15:31:38.524-0400][gc,marking     ] GC(199) Concurrent Cleanup for Next Mark 0.936ms
[2021-01-05T15:31:38.524-0400][gc             ] GC(199) Concurrent Cycle 455.612ms
[2021-01-05T15:31:39.558-0400][gc,heap        ] GC(200) Heap before GC invocations=200 (full 2): garbage-first heap   total 89088K, used 71970K [0x0000000083000000, 0x0000000100000000)
[2021-01-05T15:31:39.558-0400][gc,heap        ] GC(200)   region size 1024K, 29 young (29696K), 2 survivors (2048K)
[2021-01-05T15:31:39.558-0400][gc,heap        ] GC(200)  Metaspace       used 40702K, capacity 43789K, committed 43904K, reserved 1087488K
[2021-01-05T15:31:39.558-0400][gc,heap        ] GC(200)   class space    used 4493K, capacity 5705K, committed 5760K, reserved 1048576K
[2021-01-05T15:31:39.558-0400][gc,start       ] GC(200) Pause Young (Prepare Mixed) (G1 Evacuation Pause)
[2021-01-05T15:31:39.558-0400][gc,task        ] GC(200) Using 4 workers of 4 for evacuation
[2021-01-05T15:31:39.571-0400][gc,phases      ] GC(200)   Pre Evacuate Collection Set: 0.0ms
[2021-01-05T15:31:39.571-0400][gc,phases      ] GC(200)   Evacuate Collection Set: 9.5ms
[2021-01-05T15:31:39.571-0400][gc,phases      ] GC(200)   Post Evacuate Collection Set: 2.0ms
[2021-01-05T15:31:39.571-0400][gc,phases      ] GC(200)   Other: 1.4ms
[2021-01-05T15:31:39.571-0400][gc,heap        ] GC(200) Eden regions: 27->0(2)
[2021-01-05T15:31:39.571-0400][gc,heap        ] GC(200) Survivor regions: 2->2(4)
[2021-01-05T15:31:39.571-0400][gc,heap        ] GC(200) Old regions: 41->41
[2021-01-05T15:31:39.571-0400][gc,heap        ] GC(200) Humongous regions: 6->4
[2021-01-05T15:31:39.572-0400][gc,metaspace   ] GC(200) Metaspace: 40702K->40702K(1087488K)
[2021-01-05T15:31:39.572-0400][gc,heap        ] GC(200) Heap after GC invocations=201 (full 2): garbage-first heap   total 89088K, used 43760K [0x0000000083000000, 0x0000000100000000)
[2021-01-05T15:31:39.572-0400][gc,heap        ] GC(200)   region size 1024K, 2 young (2048K), 2 survivors (2048K)
[2021-01-05T15:31:39.572-0400][gc,heap        ] GC(200)  Metaspace       used 40702K, capacity 43789K, committed 43904K, reserved 1087488K
[2021-01-05T15:31:39.572-0400][gc,heap        ] GC(200)   class space    used 4493K, capacity 5705K, committed 5760K, reserved 1048576K
[2021-01-05T15:31:39.572-0400][gc             ] GC(200) Pause Young (Prepare Mixed) (G1 Evacuation Pause) 71M->42M(87M) 13.481ms
[2021-01-05T15:31:39.572-0400][gc,cpu         ] GC(200) User=0.04s Sys=0.01s Real=0.01s
[2021-01-05T15:31:39.594-0400][gc,heap        ] GC(201) Heap before GC invocations=201 (full 2): garbage-first heap   total 89088K, used 44784K [0x0000000083000000, 0x0000000100000000)
[2021-01-05T15:31:39.594-0400][gc,heap        ] GC(201)   region size 1024K, 4 young (4096K), 2 survivors (2048K)
[2021-01-05T15:31:39.595-0400][gc,heap        ] GC(201)  Metaspace       used 40702K, capacity 43789K, committed 43904K, reserved 1087488K
[2021-01-05T15:31:39.595-0400][gc,heap        ] GC(201)   class space    used 4493K, capacity 5705K, committed 5760K, reserved 1048576K
[2021-01-05T15:31:39.595-0400][gc,start       ] GC(201) Pause Young (Mixed) (G1 Evacuation Pause)
[2021-01-05T15:31:39.595-0400][gc,task        ] GC(201) Using 4 workers of 4 for evacuation
[2021-01-05T15:31:39.607-0400][gc,phases      ] GC(201)   Pre Evacuate Collection Set: 0.1ms
[2021-01-05T15:31:39.607-0400][gc,phases      ] GC(201)   Evacuate Collection Set: 10.6ms
[2021-01-05T15:31:39.607-0400][gc,phases      ] GC(201)   Post Evacuate Collection Set: 0.6ms
[2021-01-05T15:31:39.607-0400][gc,phases      ] GC(201)   Other: 1.1ms
[2021-01-05T15:31:39.607-0400][gc,heap        ] GC(201) Eden regions: 2->0(27)
[2021-01-05T15:31:39.607-0400][gc,heap        ] GC(201) Survivor regions: 2->1(1)
[2021-01-05T15:31:39.607-0400][gc,heap        ] GC(201) Old regions: 41->42
[2021-01-05T15:31:39.607-0400][gc,heap        ] GC(201) Humongous regions: 4->4
[2021-01-05T15:31:39.607-0400][gc,metaspace   ] GC(201) Metaspace: 40702K->40702K(1087488K)
[2021-01-05T15:31:39.607-0400][gc,heap        ] GC(201) Heap after GC invocations=202 (full 2): garbage-first heap   total 89088K, used 43135K [0x0000000083000000, 0x0000000100000000)
[2021-01-05T15:31:39.607-0400][gc,heap        ] GC(201)   region size 1024K, 1 young (1024K), 1 survivors (1024K)
[2021-01-05T15:31:39.607-0400][gc,heap        ] GC(201)  Metaspace       used 40702K, capacity 43789K, committed 43904K, reserved 1087488K
[2021-01-05T15:31:39.607-0400][gc,heap        ] GC(201)   class space    used 4493K, capacity 5705K, committed 5760K, reserved 1048576K
[2021-01-05T15:31:39.608-0400][gc             ] GC(201) Pause Young (Mixed) (G1 Evacuation Pause) 44M->42M(87M) 12.724ms
[2021-01-05T15:31:39.608-0400][gc,cpu         ] GC(201) User=0.04s Sys=0.01s Real=0.02s
[2021-01-05T15:31:51.365-0400][gc,heap        ] GC(202) Heap before GC invocations=202 (full 2): garbage-first heap   total 89088K, used 70783K [0x0000000083000000, 0x0000000100000000)
[2021-01-05T15:31:51.365-0400][gc,heap        ] GC(202)   region size 1024K, 28 young (28672K), 1 survivors (1024K)
[2021-01-05T15:31:51.365-0400][gc,heap        ] GC(202)  Metaspace       used 40796K, capacity 43927K, committed 44160K, reserved 1087488K
[2021-01-05T15:31:51.365-0400][gc,heap        ] GC(202)   class space    used 4506K, capacity 5728K, committed 5760K, reserved 1048576K
[2021-01-05T15:31:51.365-0400][gc,start       ] GC(202) Pause Young (Normal) (G1 Evacuation Pause)
[2021-01-05T15:31:51.365-0400][gc,task        ] GC(202) Using 4 workers of 4 for evacuation
[2021-01-05T15:31:51.381-0400][gc,phases      ] GC(202)   Pre Evacuate Collection Set: 0.0ms
[2021-01-05T15:31:51.381-0400][gc,phases      ] GC(202)   Evacuate Collection Set: 12.7ms
[2021-01-05T15:31:51.381-0400][gc,phases      ] GC(202)   Post Evacuate Collection Set: 1.8ms
[2021-01-05T15:31:51.381-0400][gc,phases      ] GC(202)   Other: 1.2ms
[2021-01-05T15:31:51.381-0400][gc,heap        ] GC(202) Eden regions: 27->0(26)
[2021-01-05T15:31:51.381-0400][gc,heap        ] GC(202) Survivor regions: 1->2(4)
[2021-01-05T15:31:51.381-0400][gc,heap        ] GC(202) Old regions: 42->42
[2021-01-05T15:31:51.381-0400][gc,heap        ] GC(202) Humongous regions: 4->4
[2021-01-05T15:31:51.381-0400][gc,metaspace   ] GC(202) Metaspace: 40796K->40796K(1087488K)
[2021-01-05T15:31:51.381-0400][gc,heap        ] GC(202) Heap after GC invocations=203 (full 2): garbage-first heap   total 89088K, used 44576K [0x0000000083000000, 0x0000000100000000)
[2021-01-05T15:31:51.381-0400][gc,heap        ] GC(202)   region size 1024K, 2 young (2048K), 2 survivors (2048K)
[2021-01-05T15:31:51.381-0400][gc,heap        ] GC(202)  Metaspace       used 40796K, capacity 43927K, committed 44160K, reserved 1087488K
[2021-01-05T15:31:51.381-0400][gc,heap        ] GC(202)   class space    used 4506K, capacity 5728K, committed 5760K, reserved 1048576K
[2021-01-05T15:31:51.381-0400][gc             ] GC(202) Pause Young (Normal) (G1 Evacuation Pause) 69M->43M(87M) 16.270ms
[2021-01-05T15:31:51.382-0400][gc,cpu         ] GC(202) User=0.05s Sys=0.00s Real=0.02s
[2021-01-05T15:31:51.422-0400][gc,heap        ] GC(203) Heap before GC invocations=203 (full 2): garbage-first heap   total 89088K, used 49696K [0x0000000083000000, 0x0000000100000000)
[2021-01-05T15:31:51.422-0400][gc,heap        ] GC(203)   region size 1024K, 9 young (9216K), 2 survivors (2048K)
[2021-01-05T15:31:51.422-0400][gc,heap        ] GC(203)  Metaspace       used 40796K, capacity 43927K, committed 44160K, reserved 1087488K
[2021-01-05T15:31:51.422-0400][gc,heap        ] GC(203)   class space    used 4506K, capacity 5728K, committed 5760K, reserved 1048576K
[2021-01-05T15:31:51.422-0400][gc,start       ] GC(203) Pause Young (Concurrent Start) (G1 Humongous Allocation)
[2021-01-05T15:31:51.422-0400][gc,task        ] GC(203) Using 4 workers of 4 for evacuation
[2021-01-05T15:31:51.439-0400][gc,phases      ] GC(203)   Pre Evacuate Collection Set: 0.3ms
[2021-01-05T15:31:51.439-0400][gc,phases      ] GC(203)   Evacuate Collection Set: 13.9ms
[2021-01-05T15:31:51.439-0400][gc,phases      ] GC(203)   Post Evacuate Collection Set: 1.7ms
[2021-01-05T15:31:51.439-0400][gc,phases      ] GC(203)   Other: 1.4ms
[2021-01-05T15:31:51.439-0400][gc,heap        ] GC(203) Eden regions: 7->0(19)
[2021-01-05T15:31:51.439-0400][gc,heap        ] GC(203) Survivor regions: 2->3(4)
[2021-01-05T15:31:51.440-0400][gc,heap        ] GC(203) Old regions: 42->42
[2021-01-05T15:31:51.440-0400][gc,heap        ] GC(203) Humongous regions: 4->4
[2021-01-05T15:31:51.440-0400][gc,metaspace   ] GC(203) Metaspace: 40796K->40796K(1087488K)
[2021-01-05T15:31:51.440-0400][gc,heap        ] GC(203) Heap after GC invocations=204 (full 2): garbage-first heap   total 89088K, used 44917K [0x0000000083000000, 0x0000000100000000)
[2021-01-05T15:31:51.440-0400][gc,heap        ] GC(203)   region size 1024K, 3 young (3072K), 3 survivors (3072K)
[2021-01-05T15:31:51.440-0400][gc,heap        ] GC(203)  Metaspace       used 40796K, capacity 43927K, committed 44160K, reserved 1087488K
[2021-01-05T15:31:51.440-0400][gc,heap        ] GC(203)   class space    used 4506K, capacity 5728K, committed 5760K, reserved 1048576K
[2021-01-05T15:31:51.440-0400][gc             ] GC(203) Pause Young (Concurrent Start) (G1 Humongous Allocation) 49M->43M(87M) 17.828ms
[2021-01-05T15:31:51.440-0400][gc,cpu         ] GC(203) User=0.04s Sys=0.01s Real=0.02s
[2021-01-05T15:31:51.440-0400][gc             ] GC(204) Concurrent Cycle
[2021-01-05T15:31:51.440-0400][gc,marking     ] GC(204) Concurrent Clear Claimed Marks
[2021-01-05T15:31:51.442-0400][gc,marking     ] GC(204) Concurrent Clear Claimed Marks 1.010ms
[2021-01-05T15:31:51.442-0400][gc,marking     ] GC(204) Concurrent Scan Root Regions
[2021-01-05T15:31:51.452-0400][gc,marking     ] GC(204) Concurrent Scan Root Regions 10.531ms
[2021-01-05T15:31:51.452-0400][gc,marking     ] GC(204) Concurrent Mark (450.071s)
[2021-01-05T15:31:51.452-0400][gc,marking     ] GC(204) Concurrent Mark From Roots
[2021-01-05T15:31:51.452-0400][gc,task        ] GC(204) Using 1 workers of 1 for marking
[2021-01-05T15:31:51.756-0400][gc,marking     ] GC(204) Concurrent Mark From Roots 303.748ms
[2021-01-05T15:31:51.756-0400][gc,marking     ] GC(204) Concurrent Preclean
[2021-01-05T15:31:51.757-0400][gc,marking     ] GC(204) Concurrent Preclean 0.298ms
[2021-01-05T15:31:51.757-0400][gc,marking     ] GC(204) Concurrent Mark (450.071s, 450.375s) 304.307ms
[2021-01-05T15:31:51.758-0400][gc,start       ] GC(204) Pause Remark
[2021-01-05T15:31:51.791-0400][gc,stringtable ] GC(204) Cleaned string and symbol table, strings: 23007 processed, 0 removed, symbols: 92481 processed, 0 removed
[2021-01-05T15:31:51.792-0400][gc             ] GC(204) Pause Remark 64M->64M(87M) 33.830ms
[2021-01-05T15:31:51.792-0400][gc,cpu         ] GC(204) User=0.13s Sys=0.01s Real=0.03s
[2021-01-05T15:31:51.792-0400][gc,marking     ] GC(204) Concurrent Rebuild Remembered Sets
[2021-01-05T15:31:51.953-0400][gc,marking     ] GC(204) Concurrent Rebuild Remembered Sets 160.610ms
[2021-01-05T15:31:51.954-0400][gc,start       ] GC(204) Pause Cleanup
[2021-01-05T15:31:51.955-0400][gc             ] GC(204) Pause Cleanup 64M->64M(87M) 0.491ms
[2021-01-05T15:31:51.955-0400][gc,cpu         ] GC(204) User=0.00s Sys=0.00s Real=0.00s
[2021-01-05T15:31:51.955-0400][gc,marking     ] GC(204) Concurrent Cleanup for Next Mark
[2021-01-05T15:31:51.956-0400][gc,marking     ] GC(204) Concurrent Cleanup for Next Mark 1.004ms
[2021-01-05T15:31:51.956-0400][gc             ] GC(204) Concurrent Cycle 515.836ms
[2021-01-05T15:31:51.978-0400][gc,heap        ] GC(205) Heap before GC invocations=205 (full 2): garbage-first heap   total 89088K, used 65397K [0x0000000083000000, 0x0000000100000000)
[2021-01-05T15:31:51.978-0400][gc,heap        ] GC(205)   region size 1024K, 22 young (22528K), 3 survivors (3072K)
[2021-01-05T15:31:51.978-0400][gc,heap        ] GC(205)  Metaspace       used 40796K, capacity 43927K, committed 44160K, reserved 1087488K
[2021-01-05T15:31:51.978-0400][gc,heap        ] GC(205)   class space    used 4506K, capacity 5728K, committed 5760K, reserved 1048576K
[2021-01-05T15:31:51.978-0400][gc,start       ] GC(205) Pause Young (Normal) (G1 Evacuation Pause)
[2021-01-05T15:31:51.978-0400][gc,task        ] GC(205) Using 4 workers of 4 for evacuation
[2021-01-05T15:31:51.998-0400][gc,phases      ] GC(205)   Pre Evacuate Collection Set: 0.0ms
[2021-01-05T15:31:51.998-0400][gc,phases      ] GC(205)   Evacuate Collection Set: 16.9ms
[2021-01-05T15:31:51.998-0400][gc,phases      ] GC(205)   Post Evacuate Collection Set: 1.6ms
[2021-01-05T15:31:51.998-0400][gc,phases      ] GC(205)   Other: 1.2ms
[2021-01-05T15:31:51.998-0400][gc,heap        ] GC(205) Eden regions: 19->0(21)
[2021-01-05T15:31:51.998-0400][gc,heap        ] GC(205) Survivor regions: 3->1(3)
[2021-01-05T15:31:51.998-0400][gc,heap        ] GC(205) Old regions: 42->42
[2021-01-05T15:31:51.998-0400][gc,heap        ] GC(205) Humongous regions: 6->4
[2021-01-05T15:31:51.998-0400][gc,metaspace   ] GC(205) Metaspace: 40796K->40796K(1087488K)
[2021-01-05T15:31:51.998-0400][gc,heap        ] GC(205) Heap after GC invocations=206 (full 2): garbage-first heap   total 89088K, used 43869K [0x0000000083000000, 0x0000000100000000)
[2021-01-05T15:31:51.998-0400][gc,heap        ] GC(205)   region size 1024K, 1 young (1024K), 1 survivors (1024K)
[2021-01-05T15:31:51.998-0400][gc,heap        ] GC(205)  Metaspace       used 40796K, capacity 43927K, committed 44160K, reserved 1087488K
[2021-01-05T15:31:51.998-0400][gc,heap        ] GC(205)   class space    used 4506K, capacity 5728K, committed 5760K, reserved 1048576K
[2021-01-05T15:31:51.998-0400][gc             ] GC(205) Pause Young (Normal) (G1 Evacuation Pause) 64M->42M(87M) 20.025ms
[2021-01-05T15:31:51.999-0400][gc,cpu         ] GC(205) User=0.06s Sys=0.01s Real=0.02s
[2021-01-05T15:31:58.796-0400][gc,heap        ] GC(206) Heap before GC invocations=206 (full 2): garbage-first heap   total 89088K, used 64349K [0x0000000083000000, 0x0000000100000000)
[2021-01-05T15:31:58.796-0400][gc,heap        ] GC(206)   region size 1024K, 22 young (22528K), 1 survivors (1024K)
[2021-01-05T15:31:58.796-0400][gc,heap        ] GC(206)  Metaspace       used 40802K, capacity 43927K, committed 44160K, reserved 1087488K
[2021-01-05T15:31:58.796-0400][gc,heap        ] GC(206)   class space    used 4506K, capacity 5728K, committed 5760K, reserved 1048576K
[2021-01-05T15:31:58.796-0400][gc,start       ] GC(206) Pause Young (Concurrent Start) (G1 Evacuation Pause)
[2021-01-05T15:31:58.796-0400][gc,task        ] GC(206) Using 4 workers of 4 for evacuation
[2021-01-05T15:31:58.808-0400][gc,phases      ] GC(206)   Pre Evacuate Collection Set: 0.3ms
[2021-01-05T15:31:58.808-0400][gc,phases      ] GC(206)   Evacuate Collection Set: 8.7ms
[2021-01-05T15:31:58.808-0400][gc,phases      ] GC(206)   Post Evacuate Collection Set: 1.7ms
[2021-01-05T15:31:58.808-0400][gc,phases      ] GC(206)   Other: 1.3ms
[2021-01-05T15:31:58.808-0400][gc,heap        ] GC(206) Eden regions: 21->0(22)
[2021-01-05T15:31:58.808-0400][gc,heap        ] GC(206) Survivor regions: 1->1(3)
[2021-01-05T15:31:58.808-0400][gc,heap        ] GC(206) Old regions: 42->42
[2021-01-05T15:31:58.808-0400][gc,heap        ] GC(206) Humongous regions: 4->4
[2021-01-05T15:31:58.808-0400][gc,metaspace   ] GC(206) Metaspace: 40802K->40802K(1087488K)
[2021-01-05T15:31:58.808-0400][gc,heap        ] GC(206) Heap after GC invocations=207 (full 2): garbage-first heap   total 89088K, used 44387K [0x0000000083000000, 0x0000000100000000)
[2021-01-05T15:31:58.809-0400][gc,heap        ] GC(206)   region size 1024K, 1 young (1024K), 1 survivors (1024K)
[2021-01-05T15:31:58.809-0400][gc,heap        ] GC(206)  Metaspace       used 40802K, capacity 43927K, committed 44160K, reserved 1087488K
[2021-01-05T15:31:58.809-0400][gc,heap        ] GC(206)   class space    used 4506K, capacity 5728K, committed 5760K, reserved 1048576K
[2021-01-05T15:31:58.809-0400][gc             ] GC(206) Pause Young (Concurrent Start) (G1 Evacuation Pause) 63M->43M(87M) 12.348ms
[2021-01-05T15:31:58.809-0400][gc,cpu         ] GC(206) User=0.04s Sys=0.00s Real=0.01s
[2021-01-05T15:31:58.809-0400][gc             ] GC(207) Concurrent Cycle
[2021-01-05T15:31:58.809-0400][gc,marking     ] GC(207) Concurrent Clear Claimed Marks
[2021-01-05T15:31:58.810-0400][gc,marking     ] GC(207) Concurrent Clear Claimed Marks 0.603ms
[2021-01-05T15:31:58.810-0400][gc,marking     ] GC(207) Concurrent Scan Root Regions
[2021-01-05T15:31:58.814-0400][gc,marking     ] GC(207) Concurrent Scan Root Regions 4.333ms
[2021-01-05T15:31:58.814-0400][gc,marking     ] GC(207) Concurrent Mark (457.433s)
[2021-01-05T15:31:58.814-0400][gc,marking     ] GC(207) Concurrent Mark From Roots
[2021-01-05T15:31:58.814-0400][gc,task        ] GC(207) Using 1 workers of 1 for marking
[2021-01-05T15:31:59.116-0400][gc,marking     ] GC(207) Concurrent Mark From Roots 301.441ms
[2021-01-05T15:31:59.116-0400][gc,marking     ] GC(207) Concurrent Preclean
[2021-01-05T15:31:59.116-0400][gc,marking     ] GC(207) Concurrent Preclean 0.289ms
[2021-01-05T15:31:59.116-0400][gc,marking     ] GC(207) Concurrent Mark (457.433s, 457.735s) 301.929ms
[2021-01-05T15:31:59.117-0400][gc,start       ] GC(207) Pause Remark
[2021-01-05T15:31:59.152-0400][gc,stringtable ] GC(207) Cleaned string and symbol table, strings: 23015 processed, 0 removed, symbols: 92481 processed, 0 removed
[2021-01-05T15:31:59.152-0400][gc             ] GC(207) Pause Remark 48M->48M(87M) 35.044ms
[2021-01-05T15:31:59.153-0400][gc,cpu         ] GC(207) User=0.12s Sys=0.00s Real=0.03s
[2021-01-05T15:31:59.154-0400][gc,marking     ] GC(207) Concurrent Rebuild Remembered Sets
[2021-01-05T15:31:59.345-0400][gc,marking     ] GC(207) Concurrent Rebuild Remembered Sets 191.339ms
[2021-01-05T15:31:59.347-0400][gc,start       ] GC(207) Pause Cleanup
[2021-01-05T15:31:59.347-0400][gc             ] GC(207) Pause Cleanup 48M->48M(87M) 0.613ms
[2021-01-05T15:31:59.347-0400][gc,cpu         ] GC(207) User=0.00s Sys=0.01s Real=0.00s
[2021-01-05T15:31:59.348-0400][gc,marking     ] GC(207) Concurrent Cleanup for Next Mark
[2021-01-05T15:31:59.350-0400][gc,marking     ] GC(207) Concurrent Cleanup for Next Mark 1.414ms
[2021-01-05T15:31:59.350-0400][gc             ] GC(207) Concurrent Cycle 540.870ms
[2021-01-05T15:32:02.899-0400][gc,heap        ] GC(208) Heap before GC invocations=208 (full 2): garbage-first heap   total 89088K, used 67939K [0x0000000083000000, 0x0000000100000000)
[2021-01-05T15:32:02.899-0400][gc,heap        ] GC(208)   region size 1024K, 23 young (23552K), 1 survivors (1024K)
[2021-01-05T15:32:02.899-0400][gc,heap        ] GC(208)  Metaspace       used 40802K, capacity 43927K, committed 44160K, reserved 1087488K
[2021-01-05T15:32:02.899-0400][gc,heap        ] GC(208)   class space    used 4506K, capacity 5728K, committed 5760K, reserved 1048576K
[2021-01-05T15:32:02.899-0400][gc,start       ] GC(208) Pause Young (Prepare Mixed) (G1 Evacuation Pause)
[2021-01-05T15:32:02.899-0400][gc,task        ] GC(208) Using 4 workers of 4 for evacuation
[2021-01-05T15:32:02.908-0400][gc,phases      ] GC(208)   Pre Evacuate Collection Set: 0.0ms
[2021-01-05T15:32:02.908-0400][gc,phases      ] GC(208)   Evacuate Collection Set: 6.0ms
[2021-01-05T15:32:02.908-0400][gc,phases      ] GC(208)   Post Evacuate Collection Set: 2.3ms
[2021-01-05T15:32:02.908-0400][gc,phases      ] GC(208)   Other: 1.1ms
[2021-01-05T15:32:02.908-0400][gc,heap        ] GC(208) Eden regions: 22->0(3)
[2021-01-05T15:32:02.908-0400][gc,heap        ] GC(208) Survivor regions: 1->1(3)
[2021-01-05T15:32:02.908-0400][gc,heap        ] GC(208) Old regions: 42->42
[2021-01-05T15:32:02.908-0400][gc,heap        ] GC(208) Humongous regions: 6->4
[2021-01-05T15:32:02.909-0400][gc,metaspace   ] GC(208) Metaspace: 40802K->40802K(1087488K)
[2021-01-05T15:32:02.909-0400][gc,heap        ] GC(208) Heap after GC invocations=209 (full 2): garbage-first heap   total 89088K, used 44284K [0x0000000083000000, 0x0000000100000000)
[2021-01-05T15:32:02.909-0400][gc,heap        ] GC(208)   region size 1024K, 1 young (1024K), 1 survivors (1024K)
[2021-01-05T15:32:02.909-0400][gc,heap        ] GC(208)  Metaspace       used 40802K, capacity 43927K, committed 44160K, reserved 1087488K
[2021-01-05T15:32:02.909-0400][gc,heap        ] GC(208)   class space    used 4506K, capacity 5728K, committed 5760K, reserved 1048576K
[2021-01-05T15:32:02.909-0400][gc             ] GC(208) Pause Young (Prepare Mixed) (G1 Evacuation Pause) 67M->43M(87M) 9.966ms
[2021-01-05T15:32:02.909-0400][gc,cpu         ] GC(208) User=0.03s Sys=0.00s Real=0.01s
[2021-01-05T15:32:02.968-0400][gc,heap        ] GC(209) Heap before GC invocations=209 (full 2): garbage-first heap   total 89088K, used 47356K [0x0000000083000000, 0x0000000100000000)
[2021-01-05T15:32:02.968-0400][gc,heap        ] GC(209)   region size 1024K, 4 young (4096K), 1 survivors (1024K)
[2021-01-05T15:32:02.969-0400][gc,heap        ] GC(209)  Metaspace       used 40802K, capacity 43927K, committed 44160K, reserved 1087488K
[2021-01-05T15:32:02.969-0400][gc,heap        ] GC(209)   class space    used 4506K, capacity 5728K, committed 5760K, reserved 1048576K
[2021-01-05T15:32:02.969-0400][gc,start       ] GC(209) Pause Young (Mixed) (G1 Evacuation Pause)
[2021-01-05T15:32:02.969-0400][gc,task        ] GC(209) Using 4 workers of 4 for evacuation
[2021-01-05T15:32:02.976-0400][gc,phases      ] GC(209)   Pre Evacuate Collection Set: 0.1ms
[2021-01-05T15:32:02.976-0400][gc,phases      ] GC(209)   Evacuate Collection Set: 5.8ms
[2021-01-05T15:32:02.976-0400][gc,phases      ] GC(209)   Post Evacuate Collection Set: 0.9ms
[2021-01-05T15:32:02.976-0400][gc,phases      ] GC(209)   Other: 1.1ms
[2021-01-05T15:32:02.976-0400][gc,heap        ] GC(209) Eden regions: 3->0(23)
[2021-01-05T15:32:02.977-0400][gc,heap        ] GC(209) Survivor regions: 1->1(1)
[2021-01-05T15:32:02.977-0400][gc,heap        ] GC(209) Old regions: 42->42
[2021-01-05T15:32:02.977-0400][gc,heap        ] GC(209) Humongous regions: 4->4
[2021-01-05T15:32:02.977-0400][gc,metaspace   ] GC(209) Metaspace: 40802K->40802K(1087488K)
[2021-01-05T15:32:02.977-0400][gc,heap        ] GC(209) Heap after GC invocations=210 (full 2): garbage-first heap   total 89088K, used 43997K [0x0000000083000000, 0x0000000100000000)
[2021-01-05T15:32:02.977-0400][gc,heap        ] GC(209)   region size 1024K, 1 young (1024K), 1 survivors (1024K)
[2021-01-05T15:32:02.977-0400][gc,heap        ] GC(209)  Metaspace       used 40802K, capacity 43927K, committed 44160K, reserved 1087488K
[2021-01-05T15:32:02.977-0400][gc,heap        ] GC(209)   class space    used 4506K, capacity 5728K, committed 5760K, reserved 1048576K
[2021-01-05T15:32:02.977-0400][gc             ] GC(209) Pause Young (Mixed) (G1 Evacuation Pause) 46M->42M(87M) 8.252ms
[2021-01-05T15:32:02.977-0400][gc,cpu         ] GC(209) User=0.02s Sys=0.00s Real=0.01s
[2021-01-05T15:32:06.993-0400][gc,heap        ] GC(210) Heap before GC invocations=210 (full 2): garbage-first heap   total 89088K, used 67549K [0x0000000083000000, 0x0000000100000000)
[2021-01-05T15:32:06.993-0400][gc,heap        ] GC(210)   region size 1024K, 24 young (24576K), 1 survivors (1024K)
[2021-01-05T15:32:06.993-0400][gc,heap        ] GC(210)  Metaspace       used 40802K, capacity 43927K, committed 44160K, reserved 1087488K
[2021-01-05T15:32:06.993-0400][gc,heap        ] GC(210)   class space    used 4506K, capacity 5728K, committed 5760K, reserved 1048576K
[2021-01-05T15:32:06.993-0400][gc,start       ] GC(210) Pause Young (Normal) (G1 Evacuation Pause)
[2021-01-05T15:32:06.993-0400][gc,task        ] GC(210) Using 4 workers of 4 for evacuation
[2021-01-05T15:32:07.001-0400][gc,phases      ] GC(210)   Pre Evacuate Collection Set: 0.1ms
[2021-01-05T15:32:07.001-0400][gc,phases      ] GC(210)   Evacuate Collection Set: 5.2ms
[2021-01-05T15:32:07.001-0400][gc,phases      ] GC(210)   Post Evacuate Collection Set: 1.8ms
[2021-01-05T15:32:07.001-0400][gc,phases      ] GC(210)   Other: 1.2ms
[2021-01-05T15:32:07.001-0400][gc,heap        ] GC(210) Eden regions: 23->0(24)
[2021-01-05T15:32:07.001-0400][gc,heap        ] GC(210) Survivor regions: 1->1(3)
[2021-01-05T15:32:07.001-0400][gc,heap        ] GC(210) Old regions: 42->42
[2021-01-05T15:32:07.001-0400][gc,heap        ] GC(210) Humongous regions: 4->4
[2021-01-05T15:32:07.002-0400][gc,metaspace   ] GC(210) Metaspace: 40802K->40802K(1087488K)
[2021-01-05T15:32:07.002-0400][gc,heap        ] GC(210) Heap after GC invocations=211 (full 2): garbage-first heap   total 89088K, used 44329K [0x0000000083000000, 0x0000000100000000)
[2021-01-05T15:32:07.002-0400][gc,heap        ] GC(210)   region size 1024K, 1 young (1024K), 1 survivors (1024K)
[2021-01-05T15:32:07.002-0400][gc,heap        ] GC(210)  Metaspace       used 40802K, capacity 43927K, committed 44160K, reserved 1087488K
[2021-01-05T15:32:07.002-0400][gc,heap        ] GC(210)   class space    used 4506K, capacity 5728K, committed 5760K, reserved 1048576K
[2021-01-05T15:32:07.002-0400][gc             ] GC(210) Pause Young (Normal) (G1 Evacuation Pause) 65M->43M(87M) 8.608ms
[2021-01-05T15:32:07.002-0400][gc,cpu         ] GC(210) User=0.03s Sys=0.01s Real=0.01s
[2021-01-05T15:32:10.133-0400][gc,heap        ] GC(211) Heap before GC invocations=211 (full 2): garbage-first heap   total 89088K, used 68905K [0x0000000083000000, 0x0000000100000000)
[2021-01-05T15:32:10.134-0400][gc,heap        ] GC(211)   region size 1024K, 25 young (25600K), 1 survivors (1024K)
[2021-01-05T15:32:10.134-0400][gc,heap        ] GC(211)  Metaspace       used 40816K, capacity 43991K, committed 44160K, reserved 1087488K
[2021-01-05T15:32:10.134-0400][gc,heap        ] GC(211)   class space    used 4507K, capacity 5728K, committed 5760K, reserved 1048576K
[2021-01-05T15:32:10.134-0400][gc,start       ] GC(211) Pause Young (Normal) (G1 Evacuation Pause)
[2021-01-05T15:32:10.134-0400][gc,task        ] GC(211) Using 4 workers of 4 for evacuation
[2021-01-05T15:32:10.142-0400][gc,phases      ] GC(211)   Pre Evacuate Collection Set: 0.0ms
[2021-01-05T15:32:10.142-0400][gc,phases      ] GC(211)   Evacuate Collection Set: 5.7ms
[2021-01-05T15:32:10.142-0400][gc,phases      ] GC(211)   Post Evacuate Collection Set: 1.8ms
[2021-01-05T15:32:10.142-0400][gc,phases      ] GC(211)   Other: 1.1ms
[2021-01-05T15:32:10.142-0400][gc,heap        ] GC(211) Eden regions: 24->0(25)
[2021-01-05T15:32:10.142-0400][gc,heap        ] GC(211) Survivor regions: 1->1(4)
[2021-01-05T15:32:10.142-0400][gc,heap        ] GC(211) Old regions: 42->42
[2021-01-05T15:32:10.143-0400][gc,heap        ] GC(211) Humongous regions: 4->4
[2021-01-05T15:32:10.143-0400][gc,metaspace   ] GC(211) Metaspace: 40816K->40816K(1087488K)
[2021-01-05T15:32:10.143-0400][gc,heap        ] GC(211) Heap after GC invocations=212 (full 2): garbage-first heap   total 89088K, used 44571K [0x0000000083000000, 0x0000000100000000)
[2021-01-05T15:32:10.143-0400][gc,heap        ] GC(211)   region size 1024K, 1 young (1024K), 1 survivors (1024K)
[2021-01-05T15:32:10.143-0400][gc,heap        ] GC(211)  Metaspace       used 40816K, capacity 43991K, committed 44160K, reserved 1087488K
[2021-01-05T15:32:10.143-0400][gc,heap        ] GC(211)   class space    used 4507K, capacity 5728K, committed 5760K, reserved 1048576K
[2021-01-05T15:32:10.143-0400][gc             ] GC(211) Pause Young (Normal) (G1 Evacuation Pause) 67M->43M(87M) 9.046ms
[2021-01-05T15:32:10.143-0400][gc,cpu         ] GC(211) User=0.03s Sys=0.00s Real=0.01s
[2021-01-05T15:32:12.221-0400][gc,heap        ] GC(212) Heap before GC invocations=212 (full 2): garbage-first heap   total 89088K, used 69147K [0x0000000083000000, 0x0000000100000000)
[2021-01-05T15:32:12.221-0400][gc,heap        ] GC(212)   region size 1024K, 26 young (26624K), 1 survivors (1024K)
[2021-01-05T15:32:12.221-0400][gc,heap        ] GC(212)  Metaspace       used 40834K, capacity 44055K, committed 44160K, reserved 1087488K
[2021-01-05T15:32:12.221-0400][gc,heap        ] GC(212)   class space    used 4507K, capacity 5728K, committed 5760K, reserved 1048576K
[2021-01-05T15:32:12.221-0400][gc,start       ] GC(212) Pause Young (Concurrent Start) (G1 Evacuation Pause)
[2021-01-05T15:32:12.221-0400][gc,task        ] GC(212) Using 4 workers of 4 for evacuation
[2021-01-05T15:32:12.234-0400][gc,phases      ] GC(212)   Pre Evacuate Collection Set: 0.4ms
[2021-01-05T15:32:12.234-0400][gc,phases      ] GC(212)   Evacuate Collection Set: 10.2ms
[2021-01-05T15:32:12.234-0400][gc,phases      ] GC(212)   Post Evacuate Collection Set: 1.3ms
[2021-01-05T15:32:12.234-0400][gc,phases      ] GC(212)   Other: 1.2ms
[2021-01-05T15:32:12.234-0400][gc,heap        ] GC(212) Eden regions: 25->0(21)
[2021-01-05T15:32:12.234-0400][gc,heap        ] GC(212) Survivor regions: 1->4(4)
[2021-01-05T15:32:12.234-0400][gc,heap        ] GC(212) Old regions: 42->42
[2021-01-05T15:32:12.234-0400][gc,heap        ] GC(212) Humongous regions: 4->4
[2021-01-05T15:32:12.234-0400][gc,metaspace   ] GC(212) Metaspace: 40834K->40834K(1087488K)
[2021-01-05T15:32:12.234-0400][gc,heap        ] GC(212) Heap after GC invocations=213 (full 2): garbage-first heap   total 89088K, used 47780K [0x0000000083000000, 0x0000000100000000)
[2021-01-05T15:32:12.234-0400][gc,heap        ] GC(212)   region size 1024K, 4 young (4096K), 4 survivors (4096K)
[2021-01-05T15:32:12.234-0400][gc,heap        ] GC(212)  Metaspace       used 40834K, capacity 44055K, committed 44160K, reserved 1087488K
[2021-01-05T15:32:12.234-0400][gc,heap        ] GC(212)   class space    used 4507K, capacity 5728K, committed 5760K, reserved 1048576K
[2021-01-05T15:32:12.234-0400][gc             ] GC(212) Pause Young (Concurrent Start) (G1 Evacuation Pause) 68M->46M(87M) 13.445ms
[2021-01-05T15:32:12.235-0400][gc,cpu         ] GC(212) User=0.04s Sys=0.00s Real=0.01s
[2021-01-05T15:32:12.235-0400][gc             ] GC(213) Concurrent Cycle
[2021-01-05T15:32:12.235-0400][gc,marking     ] GC(213) Concurrent Clear Claimed Marks
[2021-01-05T15:32:12.236-0400][gc,marking     ] GC(213) Concurrent Clear Claimed Marks 0.611ms
[2021-01-05T15:32:12.236-0400][gc,marking     ] GC(213) Concurrent Scan Root Regions
[2021-01-05T15:32:12.244-0400][gc,marking     ] GC(213) Concurrent Scan Root Regions 8.470ms
[2021-01-05T15:32:12.244-0400][gc,marking     ] GC(213) Concurrent Mark (470.863s)
[2021-01-05T15:32:12.244-0400][gc,marking     ] GC(213) Concurrent Mark From Roots
[2021-01-05T15:32:12.245-0400][gc,task        ] GC(213) Using 1 workers of 1 for marking
[2021-01-05T15:32:12.511-0400][gc,marking     ] GC(213) Concurrent Mark From Roots 266.167ms
[2021-01-05T15:32:12.511-0400][gc,marking     ] GC(213) Concurrent Preclean
[2021-01-05T15:32:12.511-0400][gc,marking     ] GC(213) Concurrent Preclean 0.292ms
[2021-01-05T15:32:12.511-0400][gc,marking     ] GC(213) Concurrent Mark (470.863s, 471.130s) 266.685ms
[2021-01-05T15:32:12.512-0400][gc,start       ] GC(213) Pause Remark
[2021-01-05T15:32:12.545-0400][gc,stringtable ] GC(213) Cleaned string and symbol table, strings: 23045 processed, 0 removed, symbols: 92491 processed, 0 removed
[2021-01-05T15:32:12.545-0400][gc             ] GC(213) Pause Remark 51M->51M(87M) 33.024ms
[2021-01-05T15:32:12.546-0400][gc,cpu         ] GC(213) User=0.12s Sys=0.00s Real=0.03s
[2021-01-05T15:32:12.547-0400][gc,marking     ] GC(213) Concurrent Rebuild Remembered Sets
[2021-01-05T15:32:12.710-0400][gc,marking     ] GC(213) Concurrent Rebuild Remembered Sets 163.172ms
[2021-01-05T15:32:12.711-0400][gc,start       ] GC(213) Pause Cleanup
[2021-01-05T15:32:12.712-0400][gc             ] GC(213) Pause Cleanup 52M->52M(87M) 0.539ms
[2021-01-05T15:32:12.712-0400][gc,cpu         ] GC(213) User=0.00s Sys=0.00s Real=0.00s
[2021-01-05T15:32:12.713-0400][gc,marking     ] GC(213) Concurrent Cleanup for Next Mark
[2021-01-05T15:32:12.714-0400][gc,marking     ] GC(213) Concurrent Cleanup for Next Mark 1.485ms
[2021-01-05T15:32:12.714-0400][gc             ] GC(213) Concurrent Cycle 479.617ms
[2021-01-05T15:32:14.445-0400][gc,heap        ] GC(214) Heap before GC invocations=214 (full 2): garbage-first heap   total 89088K, used 70308K [0x0000000083000000, 0x0000000100000000)
[2021-01-05T15:32:14.445-0400][gc,heap        ] GC(214)   region size 1024K, 25 young (25600K), 4 survivors (4096K)
[2021-01-05T15:32:14.445-0400][gc,heap        ] GC(214)  Metaspace       used 40835K, capacity 44055K, committed 44160K, reserved 1087488K
[2021-01-05T15:32:14.445-0400][gc,heap        ] GC(214)   class space    used 4507K, capacity 5728K, committed 5760K, reserved 1048576K
[2021-01-05T15:32:14.445-0400][gc,start       ] GC(214) Pause Young (Prepare Mixed) (G1 Evacuation Pause)
[2021-01-05T15:32:14.445-0400][gc,task        ] GC(214) Using 4 workers of 4 for evacuation
[2021-01-05T15:32:14.455-0400][gc,phases      ] GC(214)   Pre Evacuate Collection Set: 0.1ms
[2021-01-05T15:32:14.455-0400][gc,phases      ] GC(214)   Evacuate Collection Set: 6.8ms
[2021-01-05T15:32:14.455-0400][gc,phases      ] GC(214)   Post Evacuate Collection Set: 1.9ms
[2021-01-05T15:32:14.455-0400][gc,phases      ] GC(214)   Other: 1.3ms
[2021-01-05T15:32:14.455-0400][gc,heap        ] GC(214) Eden regions: 21->0(3)
[2021-01-05T15:32:14.455-0400][gc,heap        ] GC(214) Survivor regions: 4->1(4)
[2021-01-05T15:32:14.455-0400][gc,heap        ] GC(214) Old regions: 42->42
[2021-01-05T15:32:14.455-0400][gc,heap        ] GC(214) Humongous regions: 6->4
[2021-01-05T15:32:14.455-0400][gc,metaspace   ] GC(214) Metaspace: 40835K->40835K(1087488K)
[2021-01-05T15:32:14.456-0400][gc,heap        ] GC(214) Heap after GC invocations=215 (full 2): garbage-first heap   total 89088K, used 44636K [0x0000000083000000, 0x0000000100000000)
[2021-01-05T15:32:14.456-0400][gc,heap        ] GC(214)   region size 1024K, 1 young (1024K), 1 survivors (1024K)
[2021-01-05T15:32:14.456-0400][gc,heap        ] GC(214)  Metaspace       used 40835K, capacity 44055K, committed 44160K, reserved 1087488K
[2021-01-05T15:32:14.456-0400][gc,heap        ] GC(214)   class space    used 4507K, capacity 5728K, committed 5760K, reserved 1048576K
[2021-01-05T15:32:14.456-0400][gc             ] GC(214) Pause Young (Prepare Mixed) (G1 Evacuation Pause) 69M->43M(87M) 10.484ms
[2021-01-05T15:32:14.456-0400][gc,cpu         ] GC(214) User=0.03s Sys=0.00s Real=0.02s
[2021-01-05T15:32:14.490-0400][gc,heap        ] GC(215) Heap before GC invocations=215 (full 2): garbage-first heap   total 89088K, used 47708K [0x0000000083000000, 0x0000000100000000)
[2021-01-05T15:32:14.490-0400][gc,heap        ] GC(215)   region size 1024K, 4 young (4096K), 1 survivors (1024K)
[2021-01-05T15:32:14.490-0400][gc,heap        ] GC(215)  Metaspace       used 40835K, capacity 44055K, committed 44160K, reserved 1087488K
[2021-01-05T15:32:14.490-0400][gc,heap        ] GC(215)   class space    used 4507K, capacity 5728K, committed 5760K, reserved 1048576K
[2021-01-05T15:32:14.491-0400][gc,start       ] GC(215) Pause Young (Mixed) (G1 Evacuation Pause)
[2021-01-05T15:32:14.491-0400][gc,task        ] GC(215) Using 4 workers of 4 for evacuation
[2021-01-05T15:32:14.507-0400][gc,phases      ] GC(215)   Pre Evacuate Collection Set: 0.1ms
[2021-01-05T15:32:14.507-0400][gc,phases      ] GC(215)   Evacuate Collection Set: 6.9ms
[2021-01-05T15:32:14.507-0400][gc,phases      ] GC(215)   Post Evacuate Collection Set: 8.6ms
[2021-01-05T15:32:14.507-0400][gc,phases      ] GC(215)   Other: 1.5ms
[2021-01-05T15:32:14.507-0400][gc,heap        ] GC(215) Eden regions: 3->0(25)
[2021-01-05T15:32:14.508-0400][gc,heap        ] GC(215) Survivor regions: 1->1(1)
[2021-01-05T15:32:14.508-0400][gc,heap        ] GC(215) Old regions: 42->41
[2021-01-05T15:32:14.508-0400][gc,heap        ] GC(215) Humongous regions: 4->4
[2021-01-05T15:32:14.508-0400][gc,metaspace   ] GC(215) Metaspace: 40835K->40835K(1087488K)
[2021-01-05T15:32:14.508-0400][gc,heap        ] GC(215) Heap after GC invocations=216 (full 2): garbage-first heap   total 89088K, used 44406K [0x0000000083000000, 0x0000000100000000)
[2021-01-05T15:32:14.508-0400][gc,heap        ] GC(215)   region size 1024K, 1 young (1024K), 1 survivors (1024K)
[2021-01-05T15:32:14.508-0400][gc,heap        ] GC(215)  Metaspace       used 40835K, capacity 44055K, committed 44160K, reserved 1087488K
[2021-01-05T15:32:14.508-0400][gc,heap        ] GC(215)   class space    used 4507K, capacity 5728K, committed 5760K, reserved 1048576K
[2021-01-05T15:32:14.508-0400][gc             ] GC(215) Pause Young (Mixed) (G1 Evacuation Pause) 46M->43M(87M) 17.570ms
[2021-01-05T15:32:14.508-0400][gc,cpu         ] GC(215) User=0.05s Sys=0.00s Real=0.02s
[2021-01-05T15:32:16.923-0400][gc,heap        ] GC(216) Heap before GC invocations=216 (full 2): garbage-first heap   total 89088K, used 68982K [0x0000000083000000, 0x0000000100000000)
[2021-01-05T15:32:16.924-0400][gc,heap        ] GC(216)   region size 1024K, 26 young (26624K), 1 survivors (1024K)
[2021-01-05T15:32:16.924-0400][gc,heap        ] GC(216)  Metaspace       used 40862K, capacity 44055K, committed 44160K, reserved 1087488K
[2021-01-05T15:32:16.924-0400][gc,heap        ] GC(216)   class space    used 4507K, capacity 5728K, committed 5760K, reserved 1048576K
[2021-01-05T15:32:16.924-0400][gc,start       ] GC(216) Pause Young (Normal) (G1 Evacuation Pause)
[2021-01-05T15:32:16.924-0400][gc,task        ] GC(216) Using 4 workers of 4 for evacuation
[2021-01-05T15:32:16.930-0400][gc,phases      ] GC(216)   Pre Evacuate Collection Set: 0.0ms
[2021-01-05T15:32:16.930-0400][gc,phases      ] GC(216)   Evacuate Collection Set: 3.6ms
[2021-01-05T15:32:16.930-0400][gc,phases      ] GC(216)   Post Evacuate Collection Set: 1.4ms
[2021-01-05T15:32:16.930-0400][gc,phases      ] GC(216)   Other: 1.0ms
[2021-01-05T15:32:16.930-0400][gc,heap        ] GC(216) Eden regions: 25->0(26)
[2021-01-05T15:32:16.930-0400][gc,heap        ] GC(216) Survivor regions: 1->1(4)
[2021-01-05T15:32:16.930-0400][gc,heap        ] GC(216) Old regions: 41->41
[2021-01-05T15:32:16.930-0400][gc,heap        ] GC(216) Humongous regions: 4->4
[2021-01-05T15:32:16.930-0400][gc,metaspace   ] GC(216) Metaspace: 40862K->40862K(1087488K)
[2021-01-05T15:32:16.930-0400][gc,heap        ] GC(216) Heap after GC invocations=217 (full 2): garbage-first heap   total 89088K, used 44063K [0x0000000083000000, 0x0000000100000000)
[2021-01-05T15:32:16.930-0400][gc,heap        ] GC(216)   region size 1024K, 1 young (1024K), 1 survivors (1024K)
[2021-01-05T15:32:16.930-0400][gc,heap        ] GC(216)  Metaspace       used 40862K, capacity 44055K, committed 44160K, reserved 1087488K
[2021-01-05T15:32:16.930-0400][gc,heap        ] GC(216)   class space    used 4507K, capacity 5728K, committed 5760K, reserved 1048576K
[2021-01-05T15:32:16.930-0400][gc             ] GC(216) Pause Young (Normal) (G1 Evacuation Pause) 68M->43M(87M) 6.593ms
[2021-01-05T15:32:16.931-0400][gc,cpu         ] GC(216) User=0.01s Sys=0.00s Real=0.01s
[2021-01-05T15:32:22.616-0400][gc,heap        ] GC(217) Heap before GC invocations=217 (full 2): garbage-first heap   total 89088K, used 69663K [0x0000000083000000, 0x0000000100000000)
[2021-01-05T15:32:22.616-0400][gc,heap        ] GC(217)   region size 1024K, 27 young (27648K), 1 survivors (1024K)
[2021-01-05T15:32:22.616-0400][gc,heap        ] GC(217)  Metaspace       used 41902K, capacity 45112K, committed 45312K, reserved 1089536K
[2021-01-05T15:32:22.616-0400][gc,heap        ] GC(217)   class space    used 4627K, capacity 5864K, committed 5888K, reserved 1048576K
[2021-01-05T15:32:22.617-0400][gc,start       ] GC(217) Pause Young (Normal) (G1 Evacuation Pause)
[2021-01-05T15:32:22.617-0400][gc,task        ] GC(217) Using 4 workers of 4 for evacuation
[2021-01-05T15:32:22.629-0400][gc,phases      ] GC(217)   Pre Evacuate Collection Set: 0.0ms
[2021-01-05T15:32:22.629-0400][gc,phases      ] GC(217)   Evacuate Collection Set: 10.0ms
[2021-01-05T15:32:22.629-0400][gc,phases      ] GC(217)   Post Evacuate Collection Set: 1.8ms
[2021-01-05T15:32:22.629-0400][gc,phases      ] GC(217)   Other: 1.1ms
[2021-01-05T15:32:22.629-0400][gc,heap        ] GC(217) Eden regions: 26->0(24)
[2021-01-05T15:32:22.629-0400][gc,heap        ] GC(217) Survivor regions: 1->3(4)
[2021-01-05T15:32:22.630-0400][gc,heap        ] GC(217) Old regions: 41->41
[2021-01-05T15:32:22.630-0400][gc,heap        ] GC(217) Humongous regions: 4->4
[2021-01-05T15:32:22.630-0400][gc,metaspace   ] GC(217) Metaspace: 41902K->41902K(1089536K)
[2021-01-05T15:32:22.630-0400][gc,heap        ] GC(217) Heap after GC invocations=218 (full 2): garbage-first heap   total 89088K, used 46014K [0x0000000083000000, 0x0000000100000000)
[2021-01-05T15:32:22.630-0400][gc,heap        ] GC(217)   region size 1024K, 3 young (3072K), 3 survivors (3072K)
[2021-01-05T15:32:22.630-0400][gc,heap        ] GC(217)  Metaspace       used 41902K, capacity 45112K, committed 45312K, reserved 1089536K
[2021-01-05T15:32:22.630-0400][gc,heap        ] GC(217)   class space    used 4627K, capacity 5864K, committed 5888K, reserved 1048576K
[2021-01-05T15:32:22.630-0400][gc             ] GC(217) Pause Young (Normal) (G1 Evacuation Pause) 68M->44M(87M) 13.332ms
[2021-01-05T15:32:22.630-0400][gc,cpu         ] GC(217) User=0.04s Sys=0.00s Real=0.01s
[2021-01-05T15:32:22.666-0400][gc,heap        ] GC(218) Heap before GC invocations=218 (full 2): garbage-first heap   total 89088K, used 51134K [0x0000000083000000, 0x0000000100000000)
[2021-01-05T15:32:22.666-0400][gc,heap        ] GC(218)   region size 1024K, 10 young (10240K), 3 survivors (3072K)
[2021-01-05T15:32:22.666-0400][gc,heap        ] GC(218)  Metaspace       used 41902K, capacity 45112K, committed 45312K, reserved 1089536K
[2021-01-05T15:32:22.666-0400][gc,heap        ] GC(218)   class space    used 4627K, capacity 5864K, committed 5888K, reserved 1048576K
[2021-01-05T15:32:22.666-0400][gc,start       ] GC(218) Pause Young (Concurrent Start) (G1 Humongous Allocation)
[2021-01-05T15:32:22.666-0400][gc,task        ] GC(218) Using 4 workers of 4 for evacuation
[2021-01-05T15:32:22.680-0400][gc,phases      ] GC(218)   Pre Evacuate Collection Set: 0.4ms
[2021-01-05T15:32:22.680-0400][gc,phases      ] GC(218)   Evacuate Collection Set: 11.4ms
[2021-01-05T15:32:22.680-0400][gc,phases      ] GC(218)   Post Evacuate Collection Set: 1.6ms
[2021-01-05T15:32:22.680-0400][gc,phases      ] GC(218)   Other: 1.3ms
[2021-01-05T15:32:22.680-0400][gc,heap        ] GC(218) Eden regions: 7->0(23)
[2021-01-05T15:32:22.681-0400][gc,heap        ] GC(218) Survivor regions: 3->3(4)
[2021-01-05T15:32:22.681-0400][gc,heap        ] GC(218) Old regions: 41->42
[2021-01-05T15:32:22.681-0400][gc,heap        ] GC(218) Humongous regions: 4->4
[2021-01-05T15:32:22.681-0400][gc,metaspace   ] GC(218) Metaspace: 41902K->41902K(1089536K)
[2021-01-05T15:32:22.681-0400][gc,heap        ] GC(218) Heap after GC invocations=219 (full 2): garbage-first heap   total 89088K, used 46518K [0x0000000083000000, 0x0000000100000000)
[2021-01-05T15:32:22.681-0400][gc,heap        ] GC(218)   region size 1024K, 3 young (3072K), 3 survivors (3072K)
[2021-01-05T15:32:22.681-0400][gc,heap        ] GC(218)  Metaspace       used 41902K, capacity 45112K, committed 45312K, reserved 1089536K
[2021-01-05T15:32:22.681-0400][gc,heap        ] GC(218)   class space    used 4627K, capacity 5864K, committed 5888K, reserved 1048576K
[2021-01-05T15:32:22.681-0400][gc             ] GC(218) Pause Young (Concurrent Start) (G1 Humongous Allocation) 51M->45M(87M) 15.065ms
[2021-01-05T15:32:22.681-0400][gc,cpu         ] GC(218) User=0.05s Sys=0.00s Real=0.01s
[2021-01-05T15:32:22.681-0400][gc             ] GC(219) Concurrent Cycle
[2021-01-05T15:32:22.681-0400][gc,marking     ] GC(219) Concurrent Clear Claimed Marks
[2021-01-05T15:32:22.683-0400][gc,marking     ] GC(219) Concurrent Clear Claimed Marks 1.149ms
[2021-01-05T15:32:22.683-0400][gc,marking     ] GC(219) Concurrent Scan Root Regions
[2021-01-05T15:32:22.695-0400][gc,marking     ] GC(219) Concurrent Scan Root Regions 11.636ms
[2021-01-05T15:32:22.695-0400][gc,marking     ] GC(219) Concurrent Mark (481.313s)
[2021-01-05T15:32:22.695-0400][gc,marking     ] GC(219) Concurrent Mark From Roots
[2021-01-05T15:32:22.695-0400][gc,task        ] GC(219) Using 1 workers of 1 for marking
[2021-01-05T15:32:22.973-0400][gc,marking     ] GC(219) Concurrent Mark From Roots 277.953ms
[2021-01-05T15:32:22.973-0400][gc,marking     ] GC(219) Concurrent Preclean
[2021-01-05T15:32:22.973-0400][gc,marking     ] GC(219) Concurrent Preclean 0.298ms
[2021-01-05T15:32:22.973-0400][gc,marking     ] GC(219) Concurrent Mark (481.313s, 481.592s) 278.564ms
[2021-01-05T15:32:22.974-0400][gc,start       ] GC(219) Pause Remark
[2021-01-05T15:32:23.008-0400][gc,stringtable ] GC(219) Cleaned string and symbol table, strings: 23351 processed, 1 removed, symbols: 95216 processed, 0 removed
[2021-01-05T15:32:23.008-0400][gc             ] GC(219) Pause Remark 50M->50M(87M) 34.037ms
[2021-01-05T15:32:23.009-0400][gc,cpu         ] GC(219) User=0.11s Sys=0.00s Real=0.04s
[2021-01-05T15:32:23.009-0400][gc,marking     ] GC(219) Concurrent Rebuild Remembered Sets
[2021-01-05T15:32:23.168-0400][gc,marking     ] GC(219) Concurrent Rebuild Remembered Sets 159.112ms
[2021-01-05T15:32:23.169-0400][gc,start       ] GC(219) Pause Cleanup
[2021-01-05T15:32:23.170-0400][gc             ] GC(219) Pause Cleanup 51M->51M(87M) 0.467ms
[2021-01-05T15:32:23.170-0400][gc,cpu         ] GC(219) User=0.00s Sys=0.00s Real=0.00s
[2021-01-05T15:32:23.170-0400][gc,marking     ] GC(219) Concurrent Cleanup for Next Mark
[2021-01-05T15:32:23.171-0400][gc,marking     ] GC(219) Concurrent Cleanup for Next Mark 1.224ms
[2021-01-05T15:32:23.171-0400][gc             ] GC(219) Concurrent Cycle 490.061ms
[2021-01-05T15:32:26.305-0400][gc,heap        ] GC(220) Heap before GC invocations=220 (full 2): garbage-first heap   total 89088K, used 71094K [0x0000000083000000, 0x0000000100000000)
[2021-01-05T15:32:26.306-0400][gc,heap        ] GC(220)   region size 1024K, 26 young (26624K), 3 survivors (3072K)
[2021-01-05T15:32:26.306-0400][gc,heap        ] GC(220)  Metaspace       used 41902K, capacity 45112K, committed 45312K, reserved 1089536K
[2021-01-05T15:32:26.306-0400][gc,heap        ] GC(220)   class space    used 4627K, capacity 5864K, committed 5888K, reserved 1048576K
[2021-01-05T15:32:26.306-0400][gc,start       ] GC(220) Pause Young (Prepare Mixed) (G1 Evacuation Pause)
[2021-01-05T15:32:26.306-0400][gc,task        ] GC(220) Using 4 workers of 4 for evacuation
[2021-01-05T15:32:26.321-0400][gc,phases      ] GC(220)   Pre Evacuate Collection Set: 0.1ms
[2021-01-05T15:32:26.321-0400][gc,phases      ] GC(220)   Evacuate Collection Set: 12.0ms
[2021-01-05T15:32:26.321-0400][gc,phases      ] GC(220)   Post Evacuate Collection Set: 2.3ms
[2021-01-05T15:32:26.321-0400][gc,phases      ] GC(220)   Other: 1.2ms
[2021-01-05T15:32:26.321-0400][gc,heap        ] GC(220) Eden regions: 23->0(3)
[2021-01-05T15:32:26.321-0400][gc,heap        ] GC(220) Survivor regions: 3->1(4)
[2021-01-05T15:32:26.321-0400][gc,heap        ] GC(220) Old regions: 42->43
[2021-01-05T15:32:26.321-0400][gc,heap        ] GC(220) Humongous regions: 6->4
[2021-01-05T15:32:26.321-0400][gc,metaspace   ] GC(220) Metaspace: 41902K->41902K(1089536K)
[2021-01-05T15:32:26.322-0400][gc,heap        ] GC(220) Heap after GC invocations=221 (full 2): garbage-first heap   total 89088K, used 45488K [0x0000000083000000, 0x0000000100000000)
[2021-01-05T15:32:26.322-0400][gc,heap        ] GC(220)   region size 1024K, 1 young (1024K), 1 survivors (1024K)
[2021-01-05T15:32:26.322-0400][gc,heap        ] GC(220)  Metaspace       used 41902K, capacity 45112K, committed 45312K, reserved 1089536K
[2021-01-05T15:32:26.322-0400][gc,heap        ] GC(220)   class space    used 4627K, capacity 5864K, committed 5888K, reserved 1048576K
[2021-01-05T15:32:26.322-0400][gc             ] GC(220) Pause Young (Prepare Mixed) (G1 Evacuation Pause) 70M->44M(87M) 15.954ms
[2021-01-05T15:32:26.322-0400][gc,cpu         ] GC(220) User=0.04s Sys=0.01s Real=0.01s
[2021-01-05T15:32:28.187-0400][gc,heap        ] GC(221) Heap before GC invocations=221 (full 2): garbage-first heap   total 89088K, used 47536K [0x0000000083000000, 0x0000000100000000)
[2021-01-05T15:32:28.187-0400][gc,heap        ] GC(221)   region size 1024K, 4 young (4096K), 1 survivors (1024K)
[2021-01-05T15:32:28.187-0400][gc,heap        ] GC(221)  Metaspace       used 41902K, capacity 45112K, committed 45312K, reserved 1089536K
[2021-01-05T15:32:28.187-0400][gc,heap        ] GC(221)   class space    used 4627K, capacity 5864K, committed 5888K, reserved 1048576K
[2021-01-05T15:32:28.187-0400][gc,start       ] GC(221) Pause Young (Mixed) (G1 Evacuation Pause)
[2021-01-05T15:32:28.187-0400][gc,task        ] GC(221) Using 4 workers of 4 for evacuation
[2021-01-05T15:32:28.195-0400][gc,phases      ] GC(221)   Pre Evacuate Collection Set: 0.1ms
[2021-01-05T15:32:28.195-0400][gc,phases      ] GC(221)   Evacuate Collection Set: 5.5ms
[2021-01-05T15:32:28.196-0400][gc,phases      ] GC(221)   Post Evacuate Collection Set: 1.7ms
[2021-01-05T15:32:28.196-0400][gc,phases      ] GC(221)   Other: 1.1ms
[2021-01-05T15:32:28.196-0400][gc,heap        ] GC(221) Eden regions: 3->0(26)
[2021-01-05T15:32:28.196-0400][gc,heap        ] GC(221) Survivor regions: 1->1(1)
[2021-01-05T15:32:28.196-0400][gc,heap        ] GC(221) Old regions: 43->42
[2021-01-05T15:32:28.196-0400][gc,heap        ] GC(221) Humongous regions: 4->4
[2021-01-05T15:32:28.196-0400][gc,metaspace   ] GC(221) Metaspace: 41902K->41902K(1089536K)
[2021-01-05T15:32:28.196-0400][gc,heap        ] GC(221) Heap after GC invocations=222 (full 2): garbage-first heap   total 89088K, used 44492K [0x0000000083000000, 0x0000000100000000)
[2021-01-05T15:32:28.196-0400][gc,heap        ] GC(221)   region size 1024K, 1 young (1024K), 1 survivors (1024K)
[2021-01-05T15:32:28.196-0400][gc,heap        ] GC(221)  Metaspace       used 41902K, capacity 45112K, committed 45312K, reserved 1089536K
[2021-01-05T15:32:28.196-0400][gc,heap        ] GC(221)   class space    used 4627K, capacity 5864K, committed 5888K, reserved 1048576K
[2021-01-05T15:32:28.196-0400][gc             ] GC(221) Pause Young (Mixed) (G1 Evacuation Pause) 47M->43M(87M) 8.772ms
[2021-01-05T15:32:28.196-0400][gc,cpu         ] GC(221) User=0.02s Sys=0.00s Real=0.01s
[2021-01-05T15:32:33.295-0400][gc,heap        ] GC(222) Heap before GC invocations=222 (full 2): garbage-first heap   total 89088K, used 71116K [0x0000000083000000, 0x0000000100000000)
[2021-01-05T15:32:33.295-0400][gc,heap        ] GC(222)   region size 1024K, 27 young (27648K), 1 survivors (1024K)
[2021-01-05T15:32:33.295-0400][gc,heap        ] GC(222)  Metaspace       used 41906K, capacity 45112K, committed 45312K, reserved 1089536K
[2021-01-05T15:32:33.295-0400][gc,heap        ] GC(222)   class space    used 4628K, capacity 5864K, committed 5888K, reserved 1048576K
[2021-01-05T15:32:33.296-0400][gc,start       ] GC(222) Pause Young (Normal) (G1 Evacuation Pause)
[2021-01-05T15:32:33.296-0400][gc,task        ] GC(222) Using 4 workers of 4 for evacuation
[2021-01-05T15:32:33.304-0400][gc,phases      ] GC(222)   Pre Evacuate Collection Set: 0.0ms
[2021-01-05T15:32:33.305-0400][gc,phases      ] GC(222)   Evacuate Collection Set: 6.4ms
[2021-01-05T15:32:33.305-0400][gc,phases      ] GC(222)   Post Evacuate Collection Set: 1.8ms
[2021-01-05T15:32:33.305-0400][gc,phases      ] GC(222)   Other: 1.1ms
[2021-01-05T15:32:33.305-0400][gc,heap        ] GC(222) Eden regions: 26->0(25)
[2021-01-05T15:32:33.305-0400][gc,heap        ] GC(222) Survivor regions: 1->2(4)
[2021-01-05T15:32:33.305-0400][gc,heap        ] GC(222) Old regions: 42->42
[2021-01-05T15:32:33.305-0400][gc,heap        ] GC(222) Humongous regions: 4->4
[2021-01-05T15:32:33.305-0400][gc,metaspace   ] GC(222) Metaspace: 41906K->41906K(1089536K)
[2021-01-05T15:32:33.305-0400][gc,heap        ] GC(222) Heap after GC invocations=223 (full 2): garbage-first heap   total 89088K, used 45467K [0x0000000083000000, 0x0000000100000000)
[2021-01-05T15:32:33.305-0400][gc,heap        ] GC(222)   region size 1024K, 2 young (2048K), 2 survivors (2048K)
[2021-01-05T15:32:33.305-0400][gc,heap        ] GC(222)  Metaspace       used 41906K, capacity 45112K, committed 45312K, reserved 1089536K
[2021-01-05T15:32:33.305-0400][gc,heap        ] GC(222)   class space    used 4628K, capacity 5864K, committed 5888K, reserved 1048576K
[2021-01-05T15:32:33.305-0400][gc             ] GC(222) Pause Young (Normal) (G1 Evacuation Pause) 69M->44M(87M) 9.728ms
[2021-01-05T15:32:33.306-0400][gc,cpu         ] GC(222) User=0.02s Sys=0.01s Real=0.01s
[2021-01-05T15:32:33.325-0400][gc,heap        ] GC(223) Heap before GC invocations=223 (full 2): garbage-first heap   total 89088K, used 48539K [0x0000000083000000, 0x0000000100000000)
[2021-01-05T15:32:33.325-0400][gc,heap        ] GC(223)   region size 1024K, 7 young (7168K), 2 survivors (2048K)
[2021-01-05T15:32:33.325-0400][gc,heap        ] GC(223)  Metaspace       used 41906K, capacity 45112K, committed 45312K, reserved 1089536K
[2021-01-05T15:32:33.325-0400][gc,heap        ] GC(223)   class space    used 4628K, capacity 5864K, committed 5888K, reserved 1048576K
[2021-01-05T15:32:33.326-0400][gc,start       ] GC(223) Pause Young (Concurrent Start) (G1 Humongous Allocation)
[2021-01-05T15:32:33.326-0400][gc,task        ] GC(223) Using 4 workers of 4 for evacuation
[2021-01-05T15:32:33.336-0400][gc,phases      ] GC(223)   Pre Evacuate Collection Set: 0.3ms
[2021-01-05T15:32:33.336-0400][gc,phases      ] GC(223)   Evacuate Collection Set: 8.1ms
[2021-01-05T15:32:33.336-0400][gc,phases      ] GC(223)   Post Evacuate Collection Set: 1.0ms
[2021-01-05T15:32:33.336-0400][gc,phases      ] GC(223)   Other: 1.2ms
[2021-01-05T15:32:33.336-0400][gc,heap        ] GC(223) Eden regions: 5->0(26)
[2021-01-05T15:32:33.336-0400][gc,heap        ] GC(223) Survivor regions: 2->2(4)
[2021-01-05T15:32:33.336-0400][gc,heap        ] GC(223) Old regions: 42->42
[2021-01-05T15:32:33.336-0400][gc,heap        ] GC(223) Humongous regions: 4->4
[2021-01-05T15:32:33.336-0400][gc,metaspace   ] GC(223) Metaspace: 41906K->41906K(1089536K)
[2021-01-05T15:32:33.336-0400][gc,heap        ] GC(223) Heap after GC invocations=224 (full 2): garbage-first heap   total 89088K, used 45603K [0x0000000083000000, 0x0000000100000000)
[2021-01-05T15:32:33.336-0400][gc,heap        ] GC(223)   region size 1024K, 2 young (2048K), 2 survivors (2048K)
[2021-01-05T15:32:33.336-0400][gc,heap        ] GC(223)  Metaspace       used 41906K, capacity 45112K, committed 45312K, reserved 1089536K
[2021-01-05T15:32:33.336-0400][gc,heap        ] GC(223)   class space    used 4628K, capacity 5864K, committed 5888K, reserved 1048576K
[2021-01-05T15:32:33.337-0400][gc             ] GC(223) Pause Young (Concurrent Start) (G1 Humongous Allocation) 48M->44M(87M) 10.932ms
[2021-01-05T15:32:33.337-0400][gc,cpu         ] GC(223) User=0.02s Sys=0.01s Real=0.02s
[2021-01-05T15:32:33.337-0400][gc             ] GC(224) Concurrent Cycle
[2021-01-05T15:32:33.337-0400][gc,marking     ] GC(224) Concurrent Clear Claimed Marks
[2021-01-05T15:32:33.338-0400][gc,marking     ] GC(224) Concurrent Clear Claimed Marks 0.924ms
[2021-01-05T15:32:33.338-0400][gc,marking     ] GC(224) Concurrent Scan Root Regions
[2021-01-05T15:32:33.344-0400][gc,marking     ] GC(224) Concurrent Scan Root Regions 5.836ms
[2021-01-05T15:32:33.344-0400][gc,marking     ] GC(224) Concurrent Mark (491.963s)
[2021-01-05T15:32:33.344-0400][gc,marking     ] GC(224) Concurrent Mark From Roots
[2021-01-05T15:32:33.344-0400][gc,task        ] GC(224) Using 1 workers of 1 for marking
[2021-01-05T15:32:33.620-0400][gc,marking     ] GC(224) Concurrent Mark From Roots 276.074ms
[2021-01-05T15:32:33.621-0400][gc,marking     ] GC(224) Concurrent Preclean
[2021-01-05T15:32:33.621-0400][gc,marking     ] GC(224) Concurrent Preclean 0.326ms
[2021-01-05T15:32:33.621-0400][gc,marking     ] GC(224) Concurrent Mark (491.963s, 492.240s) 276.610ms
[2021-01-05T15:32:33.622-0400][gc,start       ] GC(224) Pause Remark
[2021-01-05T15:32:33.654-0400][gc,stringtable ] GC(224) Cleaned string and symbol table, strings: 23369 processed, 1 removed, symbols: 95217 processed, 0 removed
[2021-01-05T15:32:33.655-0400][gc             ] GC(224) Pause Remark 48M->48M(87M) 33.137ms
[2021-01-05T15:32:33.655-0400][gc,cpu         ] GC(224) User=0.12s Sys=0.00s Real=0.03s
[2021-01-05T15:32:33.656-0400][gc,marking     ] GC(224) Concurrent Rebuild Remembered Sets
[2021-01-05T15:32:33.817-0400][gc,marking     ] GC(224) Concurrent Rebuild Remembered Sets 160.746ms
[2021-01-05T15:32:33.818-0400][gc,start       ] GC(224) Pause Cleanup
[2021-01-05T15:32:33.818-0400][gc             ] GC(224) Pause Cleanup 48M->48M(87M) 0.453ms
[2021-01-05T15:32:33.819-0400][gc,cpu         ] GC(224) User=0.00s Sys=0.00s Real=0.00s
[2021-01-05T15:32:33.819-0400][gc,marking     ] GC(224) Concurrent Cleanup for Next Mark
[2021-01-05T15:32:33.820-0400][gc,marking     ] GC(224) Concurrent Cleanup for Next Mark 0.956ms
[2021-01-05T15:32:33.820-0400][gc             ] GC(224) Concurrent Cycle 483.155ms
[2021-01-05T15:32:39.211-0400][gc,heap        ] GC(225) Heap before GC invocations=225 (full 2): garbage-first heap   total 89088K, used 73251K [0x0000000083000000, 0x0000000100000000)
[2021-01-05T15:32:39.211-0400][gc,heap        ] GC(225)   region size 1024K, 28 young (28672K), 2 survivors (2048K)
[2021-01-05T15:32:39.211-0400][gc,heap        ] GC(225)  Metaspace       used 41906K, capacity 45112K, committed 45312K, reserved 1089536K
[2021-01-05T15:32:39.211-0400][gc,heap        ] GC(225)   class space    used 4628K, capacity 5864K, committed 5888K, reserved 1048576K
[2021-01-05T15:32:39.211-0400][gc,start       ] GC(225) Pause Young (Normal) (G1 Evacuation Pause)
[2021-01-05T15:32:39.211-0400][gc,task        ] GC(225) Using 4 workers of 4 for evacuation
[2021-01-05T15:32:39.221-0400][gc,phases      ] GC(225)   Pre Evacuate Collection Set: 0.1ms
[2021-01-05T15:32:39.221-0400][gc,phases      ] GC(225)   Evacuate Collection Set: 7.2ms
[2021-01-05T15:32:39.221-0400][gc,phases      ] GC(225)   Post Evacuate Collection Set: 1.8ms
[2021-01-05T15:32:39.221-0400][gc,phases      ] GC(225)   Other: 1.1ms
[2021-01-05T15:32:39.221-0400][gc,heap        ] GC(225) Eden regions: 26->0(27)
[2021-01-05T15:32:39.221-0400][gc,heap        ] GC(225) Survivor regions: 2->1(4)
[2021-01-05T15:32:39.222-0400][gc,heap        ] GC(225) Old regions: 42->42
[2021-01-05T15:32:39.222-0400][gc,heap        ] GC(225) Humongous regions: 6->4
[2021-01-05T15:32:39.222-0400][gc,metaspace   ] GC(225) Metaspace: 41906K->41906K(1089536K)
[2021-01-05T15:32:39.222-0400][gc,heap        ] GC(225) Heap after GC invocations=226 (full 2): garbage-first heap   total 89088K, used 45151K [0x0000000083000000, 0x0000000100000000)
[2021-01-05T15:32:39.222-0400][gc,heap        ] GC(225)   region size 1024K, 1 young (1024K), 1 survivors (1024K)
[2021-01-05T15:32:39.222-0400][gc,heap        ] GC(225)  Metaspace       used 41906K, capacity 45112K, committed 45312K, reserved 1089536K
[2021-01-05T15:32:39.222-0400][gc,heap        ] GC(225)   class space    used 4628K, capacity 5864K, committed 5888K, reserved 1048576K
[2021-01-05T15:32:39.222-0400][gc             ] GC(225) Pause Young (Normal) (G1 Evacuation Pause) 72M->44M(87M) 10.650ms
[2021-01-05T15:32:39.222-0400][gc,cpu         ] GC(225) User=0.03s Sys=0.01s Real=0.01s
[2021-01-05T15:32:45.813-0400][gc,heap        ] GC(226) Heap before GC invocations=226 (full 2): garbage-first heap   total 89088K, used 65631K [0x0000000083000000, 0x0000000100000000)
[2021-01-05T15:32:45.813-0400][gc,heap        ] GC(226)   region size 1024K, 23 young (23552K), 1 survivors (1024K)
[2021-01-05T15:32:45.813-0400][gc,heap        ] GC(226)  Metaspace       used 41911K, capacity 45112K, committed 45312K, reserved 1089536K
[2021-01-05T15:32:45.813-0400][gc,heap        ] GC(226)   class space    used 4628K, capacity 5864K, committed 5888K, reserved 1048576K
[2021-01-05T15:32:45.813-0400][gc,start       ] GC(226) Pause Young (Concurrent Start) (G1 Humongous Allocation)
[2021-01-05T15:32:45.813-0400][gc,task        ] GC(226) Using 4 workers of 4 for evacuation
[2021-01-05T15:32:45.826-0400][gc,phases      ] GC(226)   Pre Evacuate Collection Set: 0.4ms
[2021-01-05T15:32:45.826-0400][gc,phases      ] GC(226)   Evacuate Collection Set: 9.3ms
[2021-01-05T15:32:45.826-0400][gc,phases      ] GC(226)   Post Evacuate Collection Set: 1.9ms
[2021-01-05T15:32:45.826-0400][gc,phases      ] GC(226)   Other: 1.3ms
[2021-01-05T15:32:45.826-0400][gc,heap        ] GC(226) Eden regions: 22->0(26)
[2021-01-05T15:32:45.826-0400][gc,heap        ] GC(226) Survivor regions: 1->2(4)
[2021-01-05T15:32:45.826-0400][gc,heap        ] GC(226) Old regions: 42->42
[2021-01-05T15:32:45.826-0400][gc,heap        ] GC(226) Humongous regions: 4->4
[2021-01-05T15:32:45.826-0400][gc,metaspace   ] GC(226) Metaspace: 41911K->41911K(1089536K)
[2021-01-05T15:32:45.826-0400][gc,heap        ] GC(226) Heap after GC invocations=227 (full 2): garbage-first heap   total 89088K, used 45938K [0x0000000083000000, 0x0000000100000000)
[2021-01-05T15:32:45.826-0400][gc,heap        ] GC(226)   region size 1024K, 2 young (2048K), 2 survivors (2048K)
[2021-01-05T15:32:45.826-0400][gc,heap        ] GC(226)  Metaspace       used 41911K, capacity 45112K, committed 45312K, reserved 1089536K
[2021-01-05T15:32:45.826-0400][gc,heap        ] GC(226)   class space    used 4628K, capacity 5864K, committed 5888K, reserved 1048576K
[2021-01-05T15:32:45.827-0400][gc             ] GC(226) Pause Young (Concurrent Start) (G1 Humongous Allocation) 65M->44M(87M) 13.155ms
[2021-01-05T15:32:45.827-0400][gc,cpu         ] GC(226) User=0.03s Sys=0.01s Real=0.02s
[2021-01-05T15:32:45.827-0400][gc             ] GC(227) Concurrent Cycle
[2021-01-05T15:32:45.827-0400][gc,marking     ] GC(227) Concurrent Clear Claimed Marks
[2021-01-05T15:32:45.827-0400][gc,marking     ] GC(227) Concurrent Clear Claimed Marks 0.398ms
[2021-01-05T15:32:45.828-0400][gc,marking     ] GC(227) Concurrent Scan Root Regions
[2021-01-05T15:32:45.835-0400][gc,marking     ] GC(227) Concurrent Scan Root Regions 7.111ms
[2021-01-05T15:32:45.835-0400][gc,marking     ] GC(227) Concurrent Mark (504.454s)
[2021-01-05T15:32:45.835-0400][gc,marking     ] GC(227) Concurrent Mark From Roots
[2021-01-05T15:32:45.835-0400][gc,task        ] GC(227) Using 1 workers of 1 for marking
[2021-01-05T15:32:46.114-0400][gc,marking     ] GC(227) Concurrent Mark From Roots 279.319ms
[2021-01-05T15:32:46.114-0400][gc,marking     ] GC(227) Concurrent Preclean
[2021-01-05T15:32:46.115-0400][gc,marking     ] GC(227) Concurrent Preclean 0.489ms
[2021-01-05T15:32:46.115-0400][gc,marking     ] GC(227) Concurrent Mark (504.454s, 504.734s) 280.111ms
[2021-01-05T15:32:46.116-0400][gc,start       ] GC(227) Pause Remark
[2021-01-05T15:32:46.148-0400][gc,stringtable ] GC(227) Cleaned string and symbol table, strings: 23378 processed, 0 removed, symbols: 95217 processed, 0 removed
[2021-01-05T15:32:46.148-0400][gc             ] GC(227) Pause Remark 55M->55M(87M) 32.432ms
[2021-01-05T15:32:46.149-0400][gc,cpu         ] GC(227) User=0.12s Sys=0.00s Real=0.03s
[2021-01-05T15:32:46.150-0400][gc,marking     ] GC(227) Concurrent Rebuild Remembered Sets
[2021-01-05T15:32:46.304-0400][gc,marking     ] GC(227) Concurrent Rebuild Remembered Sets 154.447ms
[2021-01-05T15:32:46.305-0400][gc,start       ] GC(227) Pause Cleanup
[2021-01-05T15:32:46.306-0400][gc             ] GC(227) Pause Cleanup 59M->59M(87M) 0.506ms
[2021-01-05T15:32:46.306-0400][gc,cpu         ] GC(227) User=0.00s Sys=0.00s Real=0.01s
[2021-01-05T15:32:46.306-0400][gc,marking     ] GC(227) Concurrent Cleanup for Next Mark
[2021-01-05T15:32:46.307-0400][gc,marking     ] GC(227) Concurrent Cleanup for Next Mark 1.064ms
[2021-01-05T15:32:46.307-0400][gc             ] GC(227) Concurrent Cycle 480.554ms
[2021-01-05T15:32:49.100-0400][gc,heap        ] GC(228) Heap before GC invocations=228 (full 2): garbage-first heap   total 89088K, used 73586K [0x0000000083000000, 0x0000000100000000)
[2021-01-05T15:32:49.100-0400][gc,heap        ] GC(228)   region size 1024K, 28 young (28672K), 2 survivors (2048K)
[2021-01-05T15:32:49.100-0400][gc,heap        ] GC(228)  Metaspace       used 41911K, capacity 45112K, committed 45312K, reserved 1089536K
[2021-01-05T15:32:49.100-0400][gc,heap        ] GC(228)   class space    used 4628K, capacity 5864K, committed 5888K, reserved 1048576K
[2021-01-05T15:32:49.100-0400][gc,start       ] GC(228) Pause Young (Normal) (G1 Evacuation Pause)
[2021-01-05T15:32:49.101-0400][gc,task        ] GC(228) Using 4 workers of 4 for evacuation
[2021-01-05T15:32:49.111-0400][gc,phases      ] GC(228)   Pre Evacuate Collection Set: 0.0ms
[2021-01-05T15:32:49.111-0400][gc,phases      ] GC(228)   Evacuate Collection Set: 7.9ms
[2021-01-05T15:32:49.111-0400][gc,phases      ] GC(228)   Post Evacuate Collection Set: 1.7ms
[2021-01-05T15:32:49.111-0400][gc,phases      ] GC(228)   Other: 1.1ms
[2021-01-05T15:32:49.111-0400][gc,heap        ] GC(228) Eden regions: 26->0(27)
[2021-01-05T15:32:49.111-0400][gc,heap        ] GC(228) Survivor regions: 2->1(4)
[2021-01-05T15:32:49.111-0400][gc,heap        ] GC(228) Old regions: 42->42
[2021-01-05T15:32:49.111-0400][gc,heap        ] GC(228) Humongous regions: 6->4
[2021-01-05T15:32:49.111-0400][gc,metaspace   ] GC(228) Metaspace: 41911K->41911K(1089536K)
[2021-01-05T15:32:49.111-0400][gc,heap        ] GC(228) Heap after GC invocations=229 (full 2): garbage-first heap   total 89088K, used 45301K [0x0000000083000000, 0x0000000100000000)
[2021-01-05T15:32:49.111-0400][gc,heap        ] GC(228)   region size 1024K, 1 young (1024K), 1 survivors (1024K)
[2021-01-05T15:32:49.111-0400][gc,heap        ] GC(228)  Metaspace       used 41911K, capacity 45112K, committed 45312K, reserved 1089536K
[2021-01-05T15:32:49.111-0400][gc,heap        ] GC(228)   class space    used 4628K, capacity 5864K, committed 5888K, reserved 1048576K
[2021-01-05T15:32:49.112-0400][gc             ] GC(228) Pause Young (Normal) (G1 Evacuation Pause) 72M->44M(87M) 11.081ms
[2021-01-05T15:32:49.112-0400][gc,cpu         ] GC(228) User=0.04s Sys=0.00s Real=0.01s
[2021-01-05T15:32:55.537-0400][gc,heap        ] GC(229) Heap before GC invocations=229 (full 2): garbage-first heap   total 89088K, used 71925K [0x0000000083000000, 0x0000000100000000)
[2021-01-05T15:32:55.537-0400][gc,heap        ] GC(229)   region size 1024K, 28 young (28672K), 1 survivors (1024K)
[2021-01-05T15:32:55.537-0400][gc,heap        ] GC(229)  Metaspace       used 41914K, capacity 45112K, committed 45312K, reserved 1089536K
[2021-01-05T15:32:55.537-0400][gc,heap        ] GC(229)   class space    used 4628K, capacity 5864K, committed 5888K, reserved 1048576K
[2021-01-05T15:32:55.537-0400][gc,start       ] GC(229) Pause Young (Concurrent Start) (G1 Evacuation Pause)
[2021-01-05T15:32:55.537-0400][gc,task        ] GC(229) Using 4 workers of 4 for evacuation
[2021-01-05T15:32:55.551-0400][gc,phases      ] GC(229)   Pre Evacuate Collection Set: 0.3ms
[2021-01-05T15:32:55.551-0400][gc,phases      ] GC(229)   Evacuate Collection Set: 10.3ms
[2021-01-05T15:32:55.551-0400][gc,phases      ] GC(229)   Post Evacuate Collection Set: 1.7ms
[2021-01-05T15:32:55.551-0400][gc,phases      ] GC(229)   Other: 1.2ms
[2021-01-05T15:32:55.551-0400][gc,heap        ] GC(229) Eden regions: 27->0(26)
[2021-01-05T15:32:55.551-0400][gc,heap        ] GC(229) Survivor regions: 1->2(4)
[2021-01-05T15:32:55.551-0400][gc,heap        ] GC(229) Old regions: 42->42
[2021-01-05T15:32:55.551-0400][gc,heap        ] GC(229) Humongous regions: 4->4
[2021-01-05T15:32:55.551-0400][gc,metaspace   ] GC(229) Metaspace: 41914K->41914K(1089536K)
[2021-01-05T15:32:55.551-0400][gc,heap        ] GC(229) Heap after GC invocations=230 (full 2): garbage-first heap   total 89088K, used 45901K [0x0000000083000000, 0x0000000100000000)
[2021-01-05T15:32:55.551-0400][gc,heap        ] GC(229)   region size 1024K, 2 young (2048K), 2 survivors (2048K)
[2021-01-05T15:32:55.551-0400][gc,heap        ] GC(229)  Metaspace       used 41914K, capacity 45112K, committed 45312K, reserved 1089536K
[2021-01-05T15:32:55.551-0400][gc,heap        ] GC(229)   class space    used 4628K, capacity 5864K, committed 5888K, reserved 1048576K
[2021-01-05T15:32:55.552-0400][gc             ] GC(229) Pause Young (Concurrent Start) (G1 Evacuation Pause) 71M->44M(87M) 14.104ms
[2021-01-05T15:32:55.552-0400][gc,cpu         ] GC(229) User=0.04s Sys=0.01s Real=0.01s
[2021-01-05T15:32:55.552-0400][gc             ] GC(230) Concurrent Cycle
[2021-01-05T15:32:55.552-0400][gc,marking     ] GC(230) Concurrent Clear Claimed Marks
[2021-01-05T15:32:55.552-0400][gc,marking     ] GC(230) Concurrent Clear Claimed Marks 0.453ms
[2021-01-05T15:32:55.553-0400][gc,marking     ] GC(230) Concurrent Scan Root Regions
[2021-01-05T15:32:55.563-0400][gc,marking     ] GC(230) Concurrent Scan Root Regions 10.359ms
[2021-01-05T15:32:55.563-0400][gc,marking     ] GC(230) Concurrent Mark (514.182s)
[2021-01-05T15:32:55.563-0400][gc,marking     ] GC(230) Concurrent Mark From Roots
[2021-01-05T15:32:55.563-0400][gc,task        ] GC(230) Using 1 workers of 1 for marking
[2021-01-05T15:32:55.887-0400][gc,marking     ] GC(230) Concurrent Mark From Roots 323.455ms
[2021-01-05T15:32:55.887-0400][gc,marking     ] GC(230) Concurrent Preclean
[2021-01-05T15:32:55.887-0400][gc,marking     ] GC(230) Concurrent Preclean 0.325ms
[2021-01-05T15:32:55.887-0400][gc,marking     ] GC(230) Concurrent Mark (514.182s, 514.506s) 324.029ms
[2021-01-05T15:32:55.888-0400][gc,start       ] GC(230) Pause Remark
[2021-01-05T15:32:55.921-0400][gc,stringtable ] GC(230) Cleaned string and symbol table, strings: 23379 processed, 0 removed, symbols: 95217 processed, 0 removed
[2021-01-05T15:32:55.922-0400][gc             ] GC(230) Pause Remark 56M->56M(87M) 33.306ms
[2021-01-05T15:32:55.922-0400][gc,cpu         ] GC(230) User=0.12s Sys=0.01s Real=0.03s
[2021-01-05T15:32:55.922-0400][gc,marking     ] GC(230) Concurrent Rebuild Remembered Sets
[2021-01-05T15:32:56.076-0400][gc,marking     ] GC(230) Concurrent Rebuild Remembered Sets 153.357ms
[2021-01-05T15:32:56.077-0400][gc,start       ] GC(230) Pause Cleanup
[2021-01-05T15:32:56.077-0400][gc             ] GC(230) Pause Cleanup 56M->56M(87M) 0.487ms
[2021-01-05T15:32:56.078-0400][gc,cpu         ] GC(230) User=0.00s Sys=0.00s Real=0.00s
[2021-01-05T15:32:56.078-0400][gc,marking     ] GC(230) Concurrent Cleanup for Next Mark
[2021-01-05T15:32:56.079-0400][gc,marking     ] GC(230) Concurrent Cleanup for Next Mark 1.001ms
[2021-01-05T15:32:56.079-0400][gc             ] GC(230) Concurrent Cycle 527.138ms
[2021-01-05T15:33:02.505-0400][gc,heap        ] GC(231) Heap before GC invocations=231 (full 2): garbage-first heap   total 89088K, used 73549K [0x0000000083000000, 0x0000000100000000)
[2021-01-05T15:33:02.505-0400][gc,heap        ] GC(231)   region size 1024K, 28 young (28672K), 2 survivors (2048K)
[2021-01-05T15:33:02.505-0400][gc,heap        ] GC(231)  Metaspace       used 41914K, capacity 45112K, committed 45312K, reserved 1089536K
[2021-01-05T15:33:02.505-0400][gc,heap        ] GC(231)   class space    used 4628K, capacity 5864K, committed 5888K, reserved 1048576K
[2021-01-05T15:33:02.505-0400][gc,start       ] GC(231) Pause Young (Normal) (G1 Evacuation Pause)
[2021-01-05T15:33:02.505-0400][gc,task        ] GC(231) Using 4 workers of 4 for evacuation
[2021-01-05T15:33:02.520-0400][gc,phases      ] GC(231)   Pre Evacuate Collection Set: 0.1ms
[2021-01-05T15:33:02.520-0400][gc,phases      ] GC(231)   Evacuate Collection Set: 9.9ms
[2021-01-05T15:33:02.520-0400][gc,phases      ] GC(231)   Post Evacuate Collection Set: 3.6ms
[2021-01-05T15:33:02.520-0400][gc,phases      ] GC(231)   Other: 1.6ms
[2021-01-05T15:33:02.520-0400][gc,heap        ] GC(231) Eden regions: 26->0(26)
[2021-01-05T15:33:02.520-0400][gc,heap        ] GC(231) Survivor regions: 2->2(4)
[2021-01-05T15:33:02.520-0400][gc,heap        ] GC(231) Old regions: 42->42
[2021-01-05T15:33:02.520-0400][gc,heap        ] GC(231) Humongous regions: 6->4
[2021-01-05T15:33:02.520-0400][gc,metaspace   ] GC(231) Metaspace: 41914K->41914K(1089536K)
[2021-01-05T15:33:02.520-0400][gc,heap        ] GC(231) Heap after GC invocations=232 (full 2): garbage-first heap   total 89088K, used 45759K [0x0000000083000000, 0x0000000100000000)
[2021-01-05T15:33:02.520-0400][gc,heap        ] GC(231)   region size 1024K, 2 young (2048K), 2 survivors (2048K)
[2021-01-05T15:33:02.520-0400][gc,heap        ] GC(231)  Metaspace       used 41914K, capacity 45112K, committed 45312K, reserved 1089536K
[2021-01-05T15:33:02.520-0400][gc,heap        ] GC(231)   class space    used 4628K, capacity 5864K, committed 5888K, reserved 1048576K
[2021-01-05T15:33:02.520-0400][gc             ] GC(231) Pause Young (Normal) (G1 Evacuation Pause) 72M->44M(87M) 15.284ms
[2021-01-05T15:33:02.521-0400][gc,cpu         ] GC(231) User=0.04s Sys=0.01s Real=0.02s
[2021-01-05T15:33:07.595-0400][gc,heap        ] GC(232) Heap before GC invocations=232 (full 2): garbage-first heap   total 89088K, used 71359K [0x0000000083000000, 0x0000000100000000)
[2021-01-05T15:33:07.595-0400][gc,heap        ] GC(232)   region size 1024K, 28 young (28672K), 2 survivors (2048K)
[2021-01-05T15:33:07.595-0400][gc,heap        ] GC(232)  Metaspace       used 41918K, capacity 45112K, committed 45312K, reserved 1089536K
[2021-01-05T15:33:07.595-0400][gc,heap        ] GC(232)   class space    used 4628K, capacity 5864K, committed 5888K, reserved 1048576K
[2021-01-05T15:33:07.595-0400][gc,start       ] GC(232) Pause Young (Concurrent Start) (G1 Evacuation Pause)
[2021-01-05T15:33:07.595-0400][gc,task        ] GC(232) Using 4 workers of 4 for evacuation
[2021-01-05T15:33:07.614-0400][gc,phases      ] GC(232)   Pre Evacuate Collection Set: 0.4ms
[2021-01-05T15:33:07.614-0400][gc,phases      ] GC(232)   Evacuate Collection Set: 15.5ms
[2021-01-05T15:33:07.614-0400][gc,phases      ] GC(232)   Post Evacuate Collection Set: 2.2ms
[2021-01-05T15:33:07.614-0400][gc,phases      ] GC(232)   Other: 1.1ms
[2021-01-05T15:33:07.614-0400][gc,heap        ] GC(232) Eden regions: 26->0(25)
[2021-01-05T15:33:07.614-0400][gc,heap        ] GC(232) Survivor regions: 2->3(4)
[2021-01-05T15:33:07.614-0400][gc,heap        ] GC(232) Old regions: 42->42
[2021-01-05T15:33:07.614-0400][gc,heap        ] GC(232) Humongous regions: 4->4
[2021-01-05T15:33:07.614-0400][gc,metaspace   ] GC(232) Metaspace: 41918K->41918K(1089536K)
[2021-01-05T15:33:07.614-0400][gc,heap        ] GC(232) Heap after GC invocations=233 (full 2): garbage-first heap   total 89088K, used 46589K [0x0000000083000000, 0x0000000100000000)
[2021-01-05T15:33:07.614-0400][gc,heap        ] GC(232)   region size 1024K, 3 young (3072K), 3 survivors (3072K)
[2021-01-05T15:33:07.615-0400][gc,heap        ] GC(232)  Metaspace       used 41918K, capacity 45112K, committed 45312K, reserved 1089536K
[2021-01-05T15:33:07.615-0400][gc,heap        ] GC(232)   class space    used 4628K, capacity 5864K, committed 5888K, reserved 1048576K
[2021-01-05T15:33:07.615-0400][gc             ] GC(232) Pause Young (Concurrent Start) (G1 Evacuation Pause) 70M->45M(87M) 19.517ms
[2021-01-05T15:33:07.615-0400][gc,cpu         ] GC(232) User=0.05s Sys=0.01s Real=0.02s
[2021-01-05T15:33:07.615-0400][gc             ] GC(233) Concurrent Cycle
[2021-01-05T15:33:07.615-0400][gc,marking     ] GC(233) Concurrent Clear Claimed Marks
[2021-01-05T15:33:07.616-0400][gc,marking     ] GC(233) Concurrent Clear Claimed Marks 0.608ms
[2021-01-05T15:33:07.616-0400][gc,marking     ] GC(233) Concurrent Scan Root Regions
[2021-01-05T15:33:07.626-0400][gc,marking     ] GC(233) Concurrent Scan Root Regions 10.405ms
[2021-01-05T15:33:07.627-0400][gc,marking     ] GC(233) Concurrent Mark (526.245s)
[2021-01-05T15:33:07.627-0400][gc,marking     ] GC(233) Concurrent Mark From Roots
[2021-01-05T15:33:07.627-0400][gc,task        ] GC(233) Using 1 workers of 1 for marking
[2021-01-05T15:33:07.898-0400][gc,marking     ] GC(233) Concurrent Mark From Roots 271.552ms
[2021-01-05T15:33:07.898-0400][gc,marking     ] GC(233) Concurrent Preclean
[2021-01-05T15:33:07.899-0400][gc,marking     ] GC(233) Concurrent Preclean 0.291ms
[2021-01-05T15:33:07.899-0400][gc,marking     ] GC(233) Concurrent Mark (526.245s, 526.517s) 272.068ms
[2021-01-05T15:33:07.900-0400][gc,start       ] GC(233) Pause Remark
[2021-01-05T15:33:07.932-0400][gc,stringtable ] GC(233) Cleaned string and symbol table, strings: 23379 processed, 0 removed, symbols: 95217 processed, 0 removed
[2021-01-05T15:33:07.932-0400][gc             ] GC(233) Pause Remark 53M->53M(87M) 32.681ms
[2021-01-05T15:33:07.933-0400][gc,cpu         ] GC(233) User=0.12s Sys=0.00s Real=0.03s
[2021-01-05T15:33:07.933-0400][gc,marking     ] GC(233) Concurrent Rebuild Remembered Sets
[2021-01-05T15:33:08.084-0400][gc,marking     ] GC(233) Concurrent Rebuild Remembered Sets 150.898ms
[2021-01-05T15:33:08.085-0400][gc,start       ] GC(233) Pause Cleanup
[2021-01-05T15:33:08.085-0400][gc             ] GC(233) Pause Cleanup 53M->53M(87M) 0.482ms
[2021-01-05T15:33:08.086-0400][gc,cpu         ] GC(233) User=0.00s Sys=0.00s Real=0.00s
[2021-01-05T15:33:08.086-0400][gc,marking     ] GC(233) Concurrent Cleanup for Next Mark
[2021-01-05T15:33:08.087-0400][gc,marking     ] GC(233) Concurrent Cleanup for Next Mark 1.148ms
[2021-01-05T15:33:08.088-0400][gc             ] GC(233) Concurrent Cycle 472.266ms
[2021-01-05T15:33:13.228-0400][gc,heap        ] GC(234) Heap before GC invocations=234 (full 2): garbage-first heap   total 89088K, used 73213K [0x0000000083000000, 0x0000000100000000)
[2021-01-05T15:33:13.228-0400][gc,heap        ] GC(234)   region size 1024K, 28 young (28672K), 3 survivors (3072K)
[2021-01-05T15:33:13.228-0400][gc,heap        ] GC(234)  Metaspace       used 41919K, capacity 45112K, committed 45312K, reserved 1089536K
[2021-01-05T15:33:13.228-0400][gc,heap        ] GC(234)   class space    used 4628K, capacity 5864K, committed 5888K, reserved 1048576K
[2021-01-05T15:33:13.228-0400][gc,start       ] GC(234) Pause Young (Normal) (G1 Evacuation Pause)
[2021-01-05T15:33:13.228-0400][gc,task        ] GC(234) Using 4 workers of 4 for evacuation
[2021-01-05T15:33:13.239-0400][gc,phases      ] GC(234)   Pre Evacuate Collection Set: 0.1ms
[2021-01-05T15:33:13.239-0400][gc,phases      ] GC(234)   Evacuate Collection Set: 8.3ms
[2021-01-05T15:33:13.239-0400][gc,phases      ] GC(234)   Post Evacuate Collection Set: 1.5ms
[2021-01-05T15:33:13.239-0400][gc,phases      ] GC(234)   Other: 1.1ms
[2021-01-05T15:33:13.239-0400][gc,heap        ] GC(234) Eden regions: 25->0(24)
[2021-01-05T15:33:13.239-0400][gc,heap        ] GC(234) Survivor regions: 3->3(4)
[2021-01-05T15:33:13.239-0400][gc,heap        ] GC(234) Old regions: 42->42
[2021-01-05T15:33:13.239-0400][gc,heap        ] GC(234) Humongous regions: 6->4
[2021-01-05T15:33:13.239-0400][gc,metaspace   ] GC(234) Metaspace: 41919K->41919K(1089536K)
[2021-01-05T15:33:13.239-0400][gc,heap        ] GC(234) Heap after GC invocations=235 (full 2): garbage-first heap   total 89088K, used 47116K [0x0000000083000000, 0x0000000100000000)
[2021-01-05T15:33:13.239-0400][gc,heap        ] GC(234)   region size 1024K, 3 young (3072K), 3 survivors (3072K)
[2021-01-05T15:33:13.239-0400][gc,heap        ] GC(234)  Metaspace       used 41919K, capacity 45112K, committed 45312K, reserved 1089536K
[2021-01-05T15:33:13.239-0400][gc,heap        ] GC(234)   class space    used 4628K, capacity 5864K, committed 5888K, reserved 1048576K
[2021-01-05T15:33:13.240-0400][gc             ] GC(234) Pause Young (Normal) (G1 Evacuation Pause) 72M->46M(87M) 11.405ms
[2021-01-05T15:33:13.240-0400][gc,cpu         ] GC(234) User=0.03s Sys=0.00s Real=0.01s
[2021-01-05T15:33:18.427-0400][gc,heap        ] GC(235) Heap before GC invocations=235 (full 2): garbage-first heap   total 89088K, used 70668K [0x0000000083000000, 0x0000000100000000)
[2021-01-05T15:33:18.427-0400][gc,heap        ] GC(235)   region size 1024K, 27 young (27648K), 3 survivors (3072K)
[2021-01-05T15:33:18.427-0400][gc,heap        ] GC(235)  Metaspace       used 42091K, capacity 45376K, committed 45568K, reserved 1089536K
[2021-01-05T15:33:18.427-0400][gc,heap        ] GC(235)   class space    used 4628K, capacity 5864K, committed 5888K, reserved 1048576K
[2021-01-05T15:33:18.427-0400][gc,start       ] GC(235) Pause Young (Concurrent Start) (GCLocker Initiated GC)
[2021-01-05T15:33:18.427-0400][gc,task        ] GC(235) Using 4 workers of 4 for evacuation
[2021-01-05T15:33:18.440-0400][gc,phases      ] GC(235)   Pre Evacuate Collection Set: 0.4ms
[2021-01-05T15:33:18.440-0400][gc,phases      ] GC(235)   Evacuate Collection Set: 10.2ms
[2021-01-05T15:33:18.440-0400][gc,phases      ] GC(235)   Post Evacuate Collection Set: 1.8ms
[2021-01-05T15:33:18.440-0400][gc,phases      ] GC(235)   Other: 1.1ms
[2021-01-05T15:33:18.440-0400][gc,heap        ] GC(235) Eden regions: 24->0(25)
[2021-01-05T15:33:18.440-0400][gc,heap        ] GC(235) Survivor regions: 3->1(4)
[2021-01-05T15:33:18.441-0400][gc,heap        ] GC(235) Old regions: 42->43
[2021-01-05T15:33:18.441-0400][gc,heap        ] GC(235) Humongous regions: 4->4
[2021-01-05T15:33:18.441-0400][gc,metaspace   ] GC(235) Metaspace: 42091K->42091K(1089536K)
[2021-01-05T15:33:18.441-0400][gc,heap        ] GC(235) Heap after GC invocations=236 (full 2): garbage-first heap   total 89088K, used 45968K [0x0000000083000000, 0x0000000100000000)
[2021-01-05T15:33:18.441-0400][gc,heap        ] GC(235)   region size 1024K, 1 young (1024K), 1 survivors (1024K)
[2021-01-05T15:33:18.441-0400][gc,heap        ] GC(235)  Metaspace       used 42091K, capacity 45376K, committed 45568K, reserved 1089536K
[2021-01-05T15:33:18.441-0400][gc,heap        ] GC(235)   class space    used 4628K, capacity 5864K, committed 5888K, reserved 1048576K
[2021-01-05T15:33:18.441-0400][gc             ] GC(235) Pause Young (Concurrent Start) (GCLocker Initiated GC) 70M->44M(87M) 13.871ms
[2021-01-05T15:33:18.441-0400][gc,cpu         ] GC(235) User=0.04s Sys=0.00s Real=0.01s
[2021-01-05T15:33:18.441-0400][gc             ] GC(236) Concurrent Cycle
[2021-01-05T15:33:18.441-0400][gc,marking     ] GC(236) Concurrent Clear Claimed Marks
[2021-01-05T15:33:18.442-0400][gc,marking     ] GC(236) Concurrent Clear Claimed Marks 0.747ms
[2021-01-05T15:33:18.442-0400][gc,marking     ] GC(236) Concurrent Scan Root Regions
[2021-01-05T15:33:18.451-0400][gc,marking     ] GC(236) Concurrent Scan Root Regions 8.968ms
[2021-01-05T15:33:18.451-0400][gc,marking     ] GC(236) Concurrent Mark (537.070s)
[2021-01-05T15:33:18.451-0400][gc,marking     ] GC(236) Concurrent Mark From Roots
[2021-01-05T15:33:18.451-0400][gc,task        ] GC(236) Using 1 workers of 1 for marking
[2021-01-05T15:33:18.721-0400][gc,marking     ] GC(236) Concurrent Mark From Roots 269.273ms
[2021-01-05T15:33:18.721-0400][gc,marking     ] GC(236) Concurrent Preclean
[2021-01-05T15:33:18.721-0400][gc,marking     ] GC(236) Concurrent Preclean 0.426ms
[2021-01-05T15:33:18.721-0400][gc,marking     ] GC(236) Concurrent Mark (537.070s, 537.340s) 269.954ms
[2021-01-05T15:33:18.723-0400][gc,start       ] GC(236) Pause Remark
[2021-01-05T15:33:18.756-0400][gc,stringtable ] GC(236) Cleaned string and symbol table, strings: 23400 processed, 0 removed, symbols: 95217 processed, 0 removed
[2021-01-05T15:33:18.756-0400][gc             ] GC(236) Pause Remark 57M->57M(87M) 33.818ms
[2021-01-05T15:33:18.757-0400][gc,cpu         ] GC(236) User=0.12s Sys=0.00s Real=0.04s
[2021-01-05T15:33:18.757-0400][gc,marking     ] GC(236) Concurrent Rebuild Remembered Sets
[2021-01-05T15:33:18.908-0400][gc,marking     ] GC(236) Concurrent Rebuild Remembered Sets 151.332ms
[2021-01-05T15:33:18.909-0400][gc,start       ] GC(236) Pause Cleanup
[2021-01-05T15:33:18.910-0400][gc             ] GC(236) Pause Cleanup 57M->57M(87M) 0.557ms
[2021-01-05T15:33:18.910-0400][gc,cpu         ] GC(236) User=0.00s Sys=0.00s Real=0.00s
[2021-01-05T15:33:18.910-0400][gc,marking     ] GC(236) Concurrent Cleanup for Next Mark
[2021-01-05T15:33:18.911-0400][gc,marking     ] GC(236) Concurrent Cleanup for Next Mark 1.010ms
[2021-01-05T15:33:18.912-0400][gc             ] GC(236) Concurrent Cycle 470.463ms
[2021-01-05T15:33:23.984-0400][gc,heap        ] GC(237) Heap before GC invocations=237 (full 2): garbage-first heap   total 89088K, used 72592K [0x0000000083000000, 0x0000000100000000)
[2021-01-05T15:33:23.984-0400][gc,heap        ] GC(237)   region size 1024K, 26 young (26624K), 1 survivors (1024K)
[2021-01-05T15:33:23.984-0400][gc,heap        ] GC(237)  Metaspace       used 42092K, capacity 45376K, committed 45568K, reserved 1089536K
[2021-01-05T15:33:23.984-0400][gc,heap        ] GC(237)   class space    used 4628K, capacity 5864K, committed 5888K, reserved 1048576K
[2021-01-05T15:33:23.985-0400][gc,start       ] GC(237) Pause Young (Prepare Mixed) (G1 Evacuation Pause)
[2021-01-05T15:33:23.985-0400][gc,task        ] GC(237) Using 4 workers of 4 for evacuation
[2021-01-05T15:33:23.993-0400][gc,phases      ] GC(237)   Pre Evacuate Collection Set: 0.0ms
[2021-01-05T15:33:23.993-0400][gc,phases      ] GC(237)   Evacuate Collection Set: 6.2ms
[2021-01-05T15:33:23.994-0400][gc,phases      ] GC(237)   Post Evacuate Collection Set: 1.7ms
[2021-01-05T15:33:23.994-0400][gc,phases      ] GC(237)   Other: 1.1ms
[2021-01-05T15:33:23.994-0400][gc,heap        ] GC(237) Eden regions: 25->0(1)
[2021-01-05T15:33:23.994-0400][gc,heap        ] GC(237) Survivor regions: 1->3(4)
[2021-01-05T15:33:23.994-0400][gc,heap        ] GC(237) Old regions: 43->43
[2021-01-05T15:33:23.994-0400][gc,heap        ] GC(237) Humongous regions: 6->4
[2021-01-05T15:33:23.994-0400][gc,metaspace   ] GC(237) Metaspace: 42092K->42092K(1089536K)
[2021-01-05T15:33:23.994-0400][gc,heap        ] GC(237) Heap after GC invocations=238 (full 2): garbage-first heap   total 89088K, used 47431K [0x0000000083000000, 0x0000000100000000)
[2021-01-05T15:33:23.994-0400][gc,heap        ] GC(237)   region size 1024K, 3 young (3072K), 3 survivors (3072K)
[2021-01-05T15:33:23.994-0400][gc,heap        ] GC(237)  Metaspace       used 42092K, capacity 45376K, committed 45568K, reserved 1089536K
[2021-01-05T15:33:23.994-0400][gc,heap        ] GC(237)   class space    used 4628K, capacity 5864K, committed 5888K, reserved 1048576K
[2021-01-05T15:33:23.994-0400][gc             ] GC(237) Pause Young (Prepare Mixed) (G1 Evacuation Pause) 71M->46M(87M) 9.428ms
[2021-01-05T15:33:23.994-0400][gc,cpu         ] GC(237) User=0.03s Sys=0.00s Real=0.01s
[2021-01-05T15:33:24.000-0400][gc,heap        ] GC(238) Heap before GC invocations=238 (full 2): garbage-first heap   total 89088K, used 48455K [0x0000000083000000, 0x0000000100000000)
[2021-01-05T15:33:24.001-0400][gc,heap        ] GC(238)   region size 1024K, 4 young (4096K), 3 survivors (3072K)
[2021-01-05T15:33:24.001-0400][gc,heap        ] GC(238)  Metaspace       used 42092K, capacity 45376K, committed 45568K, reserved 1089536K
[2021-01-05T15:33:24.001-0400][gc,heap        ] GC(238)   class space    used 4628K, capacity 5864K, committed 5888K, reserved 1048576K
[2021-01-05T15:33:24.001-0400][gc,start       ] GC(238) Pause Young (Mixed) (G1 Evacuation Pause)
[2021-01-05T15:33:24.001-0400][gc,task        ] GC(238) Using 4 workers of 4 for evacuation
[2021-01-05T15:33:24.010-0400][gc,phases      ] GC(238)   Pre Evacuate Collection Set: 0.1ms
[2021-01-05T15:33:24.010-0400][gc,phases      ] GC(238)   Evacuate Collection Set: 6.6ms
[2021-01-05T15:33:24.010-0400][gc,phases      ] GC(238)   Post Evacuate Collection Set: 1.3ms
[2021-01-05T15:33:24.010-0400][gc,phases      ] GC(238)   Other: 1.1ms
[2021-01-05T15:33:24.010-0400][gc,heap        ] GC(238) Eden regions: 1->0(23)
[2021-01-05T15:33:24.010-0400][gc,heap        ] GC(238) Survivor regions: 3->1(1)
[2021-01-05T15:33:24.010-0400][gc,heap        ] GC(238) Old regions: 43->44
[2021-01-05T15:33:24.010-0400][gc,heap        ] GC(238) Humongous regions: 4->4
[2021-01-05T15:33:24.010-0400][gc,metaspace   ] GC(238) Metaspace: 42092K->42092K(1089536K)
[2021-01-05T15:33:24.010-0400][gc,heap        ] GC(238) Heap after GC invocations=239 (full 2): garbage-first heap   total 89088K, used 46756K [0x0000000083000000, 0x0000000100000000)
[2021-01-05T15:33:24.010-0400][gc,heap        ] GC(238)   region size 1024K, 1 young (1024K), 1 survivors (1024K)
[2021-01-05T15:33:24.010-0400][gc,heap        ] GC(238)  Metaspace       used 42092K, capacity 45376K, committed 45568K, reserved 1089536K
[2021-01-05T15:33:24.010-0400][gc,heap        ] GC(238)   class space    used 4628K, capacity 5864K, committed 5888K, reserved 1048576K
[2021-01-05T15:33:24.010-0400][gc             ] GC(238) Pause Young (Mixed) (G1 Evacuation Pause) 47M->45M(87M) 9.497ms
[2021-01-05T15:33:24.011-0400][gc,cpu         ] GC(238) User=0.03s Sys=0.00s Real=0.01s
[2021-01-05T15:33:27.335-0400][gc,heap        ] GC(239) Heap before GC invocations=239 (full 2): garbage-first heap   total 89088K, used 69284K [0x0000000083000000, 0x0000000100000000)
[2021-01-05T15:33:27.335-0400][gc,heap        ] GC(239)   region size 1024K, 24 young (24576K), 1 survivors (1024K)
[2021-01-05T15:33:27.335-0400][gc,heap        ] GC(239)  Metaspace       used 42100K, capacity 45376K, committed 45568K, reserved 1089536K
[2021-01-05T15:33:27.335-0400][gc,heap        ] GC(239)   class space    used 4628K, capacity 5864K, committed 5888K, reserved 1048576K
[2021-01-05T15:33:27.336-0400][gc,start       ] GC(239) Pause Young (Normal) (G1 Evacuation Pause)
[2021-01-05T15:33:27.336-0400][gc,task        ] GC(239) Using 4 workers of 4 for evacuation
[2021-01-05T15:33:27.342-0400][gc,phases      ] GC(239)   Pre Evacuate Collection Set: 0.0ms
[2021-01-05T15:33:27.342-0400][gc,phases      ] GC(239)   Evacuate Collection Set: 4.4ms
[2021-01-05T15:33:27.342-0400][gc,phases      ] GC(239)   Post Evacuate Collection Set: 1.5ms
[2021-01-05T15:33:27.343-0400][gc,phases      ] GC(239)   Other: 1.0ms
[2021-01-05T15:33:27.343-0400][gc,heap        ] GC(239) Eden regions: 23->0(24)
[2021-01-05T15:33:27.343-0400][gc,heap        ] GC(239) Survivor regions: 1->1(3)
[2021-01-05T15:33:27.343-0400][gc,heap        ] GC(239) Old regions: 44->44
[2021-01-05T15:33:27.343-0400][gc,heap        ] GC(239) Humongous regions: 4->4
[2021-01-05T15:33:27.343-0400][gc,metaspace   ] GC(239) Metaspace: 42100K->42100K(1089536K)
[2021-01-05T15:33:27.343-0400][gc,heap        ] GC(239) Heap after GC invocations=240 (full 2): garbage-first heap   total 89088K, used 47057K [0x0000000083000000, 0x0000000100000000)
[2021-01-05T15:33:27.343-0400][gc,heap        ] GC(239)   region size 1024K, 1 young (1024K), 1 survivors (1024K)
[2021-01-05T15:33:27.343-0400][gc,heap        ] GC(239)  Metaspace       used 42100K, capacity 45376K, committed 45568K, reserved 1089536K
[2021-01-05T15:33:27.343-0400][gc,heap        ] GC(239)   class space    used 4628K, capacity 5864K, committed 5888K, reserved 1048576K
[2021-01-05T15:33:27.343-0400][gc             ] GC(239) Pause Young (Normal) (G1 Evacuation Pause) 68M->45M(87M) 7.396ms
[2021-01-05T15:33:27.343-0400][gc,cpu         ] GC(239) User=0.02s Sys=0.00s Real=0.01s
[2021-01-05T15:33:27.738-0400][gc,heap        ] GC(240) Heap before GC invocations=240 (full 2): garbage-first heap   total 89088K, used 55249K [0x0000000083000000, 0x0000000100000000)
[2021-01-05T15:33:27.738-0400][gc,heap        ] GC(240)   region size 1024K, 11 young (11264K), 1 survivors (1024K)
[2021-01-05T15:33:27.738-0400][gc,heap        ] GC(240)  Metaspace       used 42100K, capacity 45376K, committed 45568K, reserved 1089536K
[2021-01-05T15:33:27.738-0400][gc,heap        ] GC(240)   class space    used 4628K, capacity 5864K, committed 5888K, reserved 1048576K
[2021-01-05T15:33:27.738-0400][gc,start       ] GC(240) Pause Young (Concurrent Start) (G1 Humongous Allocation)
[2021-01-05T15:33:27.738-0400][gc,task        ] GC(240) Using 4 workers of 4 for evacuation
[2021-01-05T15:33:27.750-0400][gc,phases      ] GC(240)   Pre Evacuate Collection Set: 0.4ms
[2021-01-05T15:33:27.750-0400][gc,phases      ] GC(240)   Evacuate Collection Set: 9.1ms
[2021-01-05T15:33:27.750-0400][gc,phases      ] GC(240)   Post Evacuate Collection Set: 1.8ms
[2021-01-05T15:33:27.750-0400][gc,phases      ] GC(240)   Other: 1.2ms
[2021-01-05T15:33:27.751-0400][gc,heap        ] GC(240) Eden regions: 10->0(19)
[2021-01-05T15:33:27.751-0400][gc,heap        ] GC(240) Survivor regions: 1->2(4)
[2021-01-05T15:33:27.751-0400][gc,heap        ] GC(240) Old regions: 44->44
[2021-01-05T15:33:27.751-0400][gc,heap        ] GC(240) Humongous regions: 4->4
[2021-01-05T15:33:27.751-0400][gc,metaspace   ] GC(240) Metaspace: 42100K->42100K(1089536K)
[2021-01-05T15:33:27.751-0400][gc,heap        ] GC(240) Heap after GC invocations=241 (full 2): garbage-first heap   total 89088K, used 48172K [0x0000000083000000, 0x0000000100000000)
[2021-01-05T15:33:27.751-0400][gc,heap        ] GC(240)   region size 1024K, 2 young (2048K), 2 survivors (2048K)
[2021-01-05T15:33:27.751-0400][gc,heap        ] GC(240)  Metaspace       used 42100K, capacity 45376K, committed 45568K, reserved 1089536K
[2021-01-05T15:33:27.751-0400][gc,heap        ] GC(240)   class space    used 4628K, capacity 5864K, committed 5888K, reserved 1048576K
[2021-01-05T15:33:27.751-0400][gc             ] GC(240) Pause Young (Concurrent Start) (G1 Humongous Allocation) 55M->47M(87M) 12.830ms
[2021-01-05T15:33:27.751-0400][gc,cpu         ] GC(240) User=0.03s Sys=0.00s Real=0.01s
[2021-01-05T15:33:27.752-0400][gc             ] GC(241) Concurrent Cycle
[2021-01-05T15:33:27.752-0400][gc,marking     ] GC(241) Concurrent Clear Claimed Marks
[2021-01-05T15:33:27.753-0400][gc,marking     ] GC(241) Concurrent Clear Claimed Marks 0.648ms
[2021-01-05T15:33:27.753-0400][gc,marking     ] GC(241) Concurrent Scan Root Regions
[2021-01-05T15:33:27.759-0400][gc,marking     ] GC(241) Concurrent Scan Root Regions 6.348ms
[2021-01-05T15:33:27.759-0400][gc,marking     ] GC(241) Concurrent Mark (546.378s)
[2021-01-05T15:33:27.759-0400][gc,marking     ] GC(241) Concurrent Mark From Roots
[2021-01-05T15:33:27.759-0400][gc,task        ] GC(241) Using 1 workers of 1 for marking
[2021-01-05T15:33:28.042-0400][gc,marking     ] GC(241) Concurrent Mark From Roots 282.319ms
[2021-01-05T15:33:28.042-0400][gc,marking     ] GC(241) Concurrent Preclean
[2021-01-05T15:33:28.042-0400][gc,marking     ] GC(241) Concurrent Preclean 0.301ms
[2021-01-05T15:33:28.042-0400][gc,marking     ] GC(241) Concurrent Mark (546.378s, 546.661s) 282.819ms
[2021-01-05T15:33:28.043-0400][gc,start       ] GC(241) Pause Remark
[2021-01-05T15:33:28.077-0400][gc,stringtable ] GC(241) Cleaned string and symbol table, strings: 23400 processed, 1 removed, symbols: 95217 processed, 0 removed
[2021-01-05T15:33:28.077-0400][gc             ] GC(241) Pause Remark 53M->53M(87M) 34.327ms
[2021-01-05T15:33:28.078-0400][gc,cpu         ] GC(241) User=0.12s Sys=0.00s Real=0.04s
[2021-01-05T15:33:28.079-0400][gc,marking     ] GC(241) Concurrent Rebuild Remembered Sets
[2021-01-05T15:33:28.243-0400][gc,marking     ] GC(241) Concurrent Rebuild Remembered Sets 164.753ms
[2021-01-05T15:33:28.245-0400][gc,start       ] GC(241) Pause Cleanup
[2021-01-05T15:33:28.245-0400][gc             ] GC(241) Pause Cleanup 53M->53M(87M) 0.485ms
[2021-01-05T15:33:28.245-0400][gc,cpu         ] GC(241) User=0.00s Sys=0.00s Real=0.00s
[2021-01-05T15:33:28.246-0400][gc,marking     ] GC(241) Concurrent Cleanup for Next Mark
[2021-01-05T15:33:28.247-0400][gc,marking     ] GC(241) Concurrent Cleanup for Next Mark 1.066ms
[2021-01-05T15:33:28.247-0400][gc             ] GC(241) Concurrent Cycle 495.297ms
[2021-01-05T15:33:30.286-0400][gc,heap        ] GC(242) Heap before GC invocations=242 (full 2): garbage-first heap   total 89088K, used 68652K [0x0000000083000000, 0x0000000100000000)
[2021-01-05T15:33:30.286-0400][gc,heap        ] GC(242)   region size 1024K, 21 young (21504K), 2 survivors (2048K)
[2021-01-05T15:33:30.286-0400][gc,heap        ] GC(242)  Metaspace       used 42104K, capacity 45376K, committed 45568K, reserved 1089536K
[2021-01-05T15:33:30.286-0400][gc,heap        ] GC(242)   class space    used 4628K, capacity 5864K, committed 5888K, reserved 1048576K
[2021-01-05T15:33:30.286-0400][gc,start       ] GC(242) Pause Young (Prepare Mixed) (G1 Evacuation Pause)
[2021-01-05T15:33:30.286-0400][gc,task        ] GC(242) Using 4 workers of 4 for evacuation
[2021-01-05T15:33:30.294-0400][gc,phases      ] GC(242)   Pre Evacuate Collection Set: 0.1ms
[2021-01-05T15:33:30.294-0400][gc,phases      ] GC(242)   Evacuate Collection Set: 4.9ms
[2021-01-05T15:33:30.294-0400][gc,phases      ] GC(242)   Post Evacuate Collection Set: 1.8ms
[2021-01-05T15:33:30.294-0400][gc,phases      ] GC(242)   Other: 1.2ms
[2021-01-05T15:33:30.294-0400][gc,heap        ] GC(242) Eden regions: 19->0(3)
[2021-01-05T15:33:30.294-0400][gc,heap        ] GC(242) Survivor regions: 2->1(3)
[2021-01-05T15:33:30.294-0400][gc,heap        ] GC(242) Old regions: 44->44
[2021-01-05T15:33:30.294-0400][gc,heap        ] GC(242) Humongous regions: 6->4
[2021-01-05T15:33:30.294-0400][gc,metaspace   ] GC(242) Metaspace: 42104K->42104K(1089536K)
[2021-01-05T15:33:30.294-0400][gc,heap        ] GC(242) Heap after GC invocations=243 (full 2): garbage-first heap   total 89088K, used 46882K [0x0000000083000000, 0x0000000100000000)
[2021-01-05T15:33:30.294-0400][gc,heap        ] GC(242)   region size 1024K, 1 young (1024K), 1 survivors (1024K)
[2021-01-05T15:33:30.294-0400][gc,heap        ] GC(242)  Metaspace       used 42104K, capacity 45376K, committed 45568K, reserved 1089536K
[2021-01-05T15:33:30.295-0400][gc,heap        ] GC(242)   class space    used 4628K, capacity 5864K, committed 5888K, reserved 1048576K
[2021-01-05T15:33:30.295-0400][gc             ] GC(242) Pause Young (Prepare Mixed) (G1 Evacuation Pause) 68M->45M(87M) 8.170ms
[2021-01-05T15:33:30.295-0400][gc,cpu         ] GC(242) User=0.02s Sys=0.00s Real=0.00s
[2021-01-05T15:33:31.501-0400][gc,heap        ] GC(243) Heap before GC invocations=243 (full 2): garbage-first heap   total 89088K, used 49954K [0x0000000083000000, 0x0000000100000000)
[2021-01-05T15:33:31.501-0400][gc,heap        ] GC(243)   region size 1024K, 4 young (4096K), 1 survivors (1024K)
[2021-01-05T15:33:31.501-0400][gc,heap        ] GC(243)  Metaspace       used 42104K, capacity 45376K, committed 45568K, reserved 1089536K
[2021-01-05T15:33:31.501-0400][gc,heap        ] GC(243)   class space    used 4628K, capacity 5864K, committed 5888K, reserved 1048576K
[2021-01-05T15:33:31.501-0400][gc,start       ] GC(243) Pause Young (Mixed) (G1 Evacuation Pause)
[2021-01-05T15:33:31.501-0400][gc,task        ] GC(243) Using 4 workers of 4 for evacuation
[2021-01-05T15:33:31.509-0400][gc,phases      ] GC(243)   Pre Evacuate Collection Set: 0.1ms
[2021-01-05T15:33:31.509-0400][gc,phases      ] GC(243)   Evacuate Collection Set: 6.0ms
[2021-01-05T15:33:31.510-0400][gc,phases      ] GC(243)   Post Evacuate Collection Set: 1.7ms
[2021-01-05T15:33:31.510-0400][gc,phases      ] GC(243)   Other: 1.1ms
[2021-01-05T15:33:31.510-0400][gc,heap        ] GC(243) Eden regions: 3->0(22)
[2021-01-05T15:33:31.510-0400][gc,heap        ] GC(243) Survivor regions: 1->1(1)
[2021-01-05T15:33:31.510-0400][gc,heap        ] GC(243) Old regions: 44->43
[2021-01-05T15:33:31.511-0400][gc,heap        ] GC(243) Humongous regions: 4->4
[2021-01-05T15:33:31.511-0400][gc,metaspace   ] GC(243) Metaspace: 42104K->42104K(1089536K)
[2021-01-05T15:33:31.511-0400][gc,heap        ] GC(243) Heap after GC invocations=244 (full 2): garbage-first heap   total 89088K, used 45372K [0x0000000083000000, 0x0000000100000000)
[2021-01-05T15:33:31.511-0400][gc,heap        ] GC(243)   region size 1024K, 1 young (1024K), 1 survivors (1024K)
[2021-01-05T15:33:31.511-0400][gc,heap        ] GC(243)  Metaspace       used 42104K, capacity 45376K, committed 45568K, reserved 1089536K
[2021-01-05T15:33:31.511-0400][gc,heap        ] GC(243)   class space    used 4628K, capacity 5864K, committed 5888K, reserved 1048576K
[2021-01-05T15:33:31.511-0400][gc             ] GC(243) Pause Young (Mixed) (G1 Evacuation Pause) 48M->44M(87M) 10.257ms
[2021-01-05T15:33:31.511-0400][gc,cpu         ] GC(243) User=0.02s Sys=0.00s Real=0.01s
[2021-01-05T15:33:37.129-0400][gc,heap        ] GC(244) Heap before GC invocations=244 (full 2): garbage-first heap   total 89088K, used 66876K [0x0000000083000000, 0x0000000100000000)
[2021-01-05T15:33:37.130-0400][gc,heap        ] GC(244)   region size 1024K, 23 young (23552K), 1 survivors (1024K)
[2021-01-05T15:33:37.130-0400][gc,heap        ] GC(244)  Metaspace       used 42104K, capacity 45376K, committed 45568K, reserved 1089536K
[2021-01-05T15:33:37.130-0400][gc,heap        ] GC(244)   class space    used 4628K, capacity 5864K, committed 5888K, reserved 1048576K
[2021-01-05T15:33:37.130-0400][gc,start       ] GC(244) Pause Young (Normal) (G1 Evacuation Pause)
[2021-01-05T15:33:37.130-0400][gc,task        ] GC(244) Using 4 workers of 4 for evacuation
[2021-01-05T15:33:37.136-0400][gc,phases      ] GC(244)   Pre Evacuate Collection Set: 0.0ms
[2021-01-05T15:33:37.136-0400][gc,phases      ] GC(244)   Evacuate Collection Set: 4.4ms
[2021-01-05T15:33:37.136-0400][gc,phases      ] GC(244)   Post Evacuate Collection Set: 1.4ms
[2021-01-05T15:33:37.137-0400][gc,phases      ] GC(244)   Other: 1.1ms
[2021-01-05T15:33:37.137-0400][gc,heap        ] GC(244) Eden regions: 22->0(23)
[2021-01-05T15:33:37.137-0400][gc,heap        ] GC(244) Survivor regions: 1->1(3)
[2021-01-05T15:33:37.137-0400][gc,heap        ] GC(244) Old regions: 43->43
[2021-01-05T15:33:37.137-0400][gc,heap        ] GC(244) Humongous regions: 4->4
[2021-01-05T15:33:37.137-0400][gc,metaspace   ] GC(244) Metaspace: 42104K->42104K(1089536K)
[2021-01-05T15:33:37.137-0400][gc,heap        ] GC(244) Heap after GC invocations=245 (full 2): garbage-first heap   total 89088K, used 45457K [0x0000000083000000, 0x0000000100000000)
[2021-01-05T15:33:37.137-0400][gc,heap        ] GC(244)   region size 1024K, 1 young (1024K), 1 survivors (1024K)
[2021-01-05T15:33:37.137-0400][gc,heap        ] GC(244)  Metaspace       used 42104K, capacity 45376K, committed 45568K, reserved 1089536K
[2021-01-05T15:33:37.137-0400][gc,heap        ] GC(244)   class space    used 4628K, capacity 5864K, committed 5888K, reserved 1048576K
[2021-01-05T15:33:37.137-0400][gc             ] GC(244) Pause Young (Normal) (G1 Evacuation Pause) 66M->44M(87M) 7.426ms
[2021-01-05T15:33:37.137-0400][gc,cpu         ] GC(244) User=0.02s Sys=0.00s Real=0.01s
[2021-01-05T15:33:40.146-0400][gc,heap        ] GC(245) Heap before GC invocations=245 (full 2): garbage-first heap   total 89088K, used 56721K [0x0000000083000000, 0x0000000100000000)
[2021-01-05T15:33:40.146-0400][gc,heap        ] GC(245)   region size 1024K, 14 young (14336K), 1 survivors (1024K)
[2021-01-05T15:33:40.146-0400][gc,heap        ] GC(245)  Metaspace       used 42104K, capacity 45376K, committed 45568K, reserved 1089536K
[2021-01-05T15:33:40.146-0400][gc,heap        ] GC(245)   class space    used 4628K, capacity 5864K, committed 5888K, reserved 1048576K
[2021-01-05T15:33:40.146-0400][gc,start       ] GC(245) Pause Young (Concurrent Start) (G1 Humongous Allocation)
[2021-01-05T15:33:40.146-0400][gc,task        ] GC(245) Using 4 workers of 4 for evacuation
[2021-01-05T15:33:40.161-0400][gc,phases      ] GC(245)   Pre Evacuate Collection Set: 0.4ms
[2021-01-05T15:33:40.161-0400][gc,phases      ] GC(245)   Evacuate Collection Set: 11.9ms
[2021-01-05T15:33:40.161-0400][gc,phases      ] GC(245)   Post Evacuate Collection Set: 1.7ms
[2021-01-05T15:33:40.161-0400][gc,phases      ] GC(245)   Other: 1.2ms
[2021-01-05T15:33:40.161-0400][gc,heap        ] GC(245) Eden regions: 13->0(22)
[2021-01-05T15:33:40.161-0400][gc,heap        ] GC(245) Survivor regions: 1->2(3)
[2021-01-05T15:33:40.161-0400][gc,heap        ] GC(245) Old regions: 43->43
[2021-01-05T15:33:40.161-0400][gc,heap        ] GC(245) Humongous regions: 4->4
[2021-01-05T15:33:40.161-0400][gc,metaspace   ] GC(245) Metaspace: 42104K->42104K(1089536K)
[2021-01-05T15:33:40.161-0400][gc,heap        ] GC(245) Heap after GC invocations=246 (full 2): garbage-first heap   total 89088K, used 46497K [0x0000000083000000, 0x0000000100000000)
[2021-01-05T15:33:40.161-0400][gc,heap        ] GC(245)   region size 1024K, 2 young (2048K), 2 survivors (2048K)
[2021-01-05T15:33:40.161-0400][gc,heap        ] GC(245)  Metaspace       used 42104K, capacity 45376K, committed 45568K, reserved 1089536K
[2021-01-05T15:33:40.161-0400][gc,heap        ] GC(245)   class space    used 4628K, capacity 5864K, committed 5888K, reserved 1048576K
[2021-01-05T15:33:40.162-0400][gc             ] GC(245) Pause Young (Concurrent Start) (G1 Humongous Allocation) 56M->45M(87M) 15.659ms
[2021-01-05T15:33:40.162-0400][gc,cpu         ] GC(245) User=0.04s Sys=0.00s Real=0.01s
[2021-01-05T15:33:40.162-0400][gc             ] GC(246) Concurrent Cycle
[2021-01-05T15:33:40.162-0400][gc,marking     ] GC(246) Concurrent Clear Claimed Marks
[2021-01-05T15:33:40.163-0400][gc,marking     ] GC(246) Concurrent Clear Claimed Marks 0.679ms
[2021-01-05T15:33:40.163-0400][gc,marking     ] GC(246) Concurrent Scan Root Regions
[2021-01-05T15:33:40.170-0400][gc,marking     ] GC(246) Concurrent Scan Root Regions 7.256ms
[2021-01-05T15:33:40.170-0400][gc,marking     ] GC(246) Concurrent Mark (558.789s)
[2021-01-05T15:33:40.170-0400][gc,marking     ] GC(246) Concurrent Mark From Roots
[2021-01-05T15:33:40.170-0400][gc,task        ] GC(246) Using 1 workers of 1 for marking
[2021-01-05T15:33:40.438-0400][gc,marking     ] GC(246) Concurrent Mark From Roots 267.259ms
[2021-01-05T15:33:40.438-0400][gc,marking     ] GC(246) Concurrent Preclean
[2021-01-05T15:33:40.438-0400][gc,marking     ] GC(246) Concurrent Preclean 0.296ms
[2021-01-05T15:33:40.438-0400][gc,marking     ] GC(246) Concurrent Mark (558.789s, 559.057s) 267.754ms
[2021-01-05T15:33:40.439-0400][gc,start       ] GC(246) Pause Remark
[2021-01-05T15:33:40.472-0400][gc,stringtable ] GC(246) Cleaned string and symbol table, strings: 23400 processed, 0 removed, symbols: 95217 processed, 0 removed
[2021-01-05T15:33:40.473-0400][gc             ] GC(246) Pause Remark 50M->50M(87M) 33.879ms
[2021-01-05T15:33:40.473-0400][gc,cpu         ] GC(246) User=0.12s Sys=0.00s Real=0.03s
[2021-01-05T15:33:40.474-0400][gc,marking     ] GC(246) Concurrent Rebuild Remembered Sets
[2021-01-05T15:33:40.630-0400][gc,marking     ] GC(246) Concurrent Rebuild Remembered Sets 155.924ms
[2021-01-05T15:33:40.631-0400][gc,start       ] GC(246) Pause Cleanup
[2021-01-05T15:33:40.631-0400][gc             ] GC(246) Pause Cleanup 51M->51M(87M) 0.448ms
[2021-01-05T15:33:40.632-0400][gc,cpu         ] GC(246) User=0.00s Sys=0.00s Real=0.00s
[2021-01-05T15:33:40.632-0400][gc,marking     ] GC(246) Concurrent Cleanup for Next Mark
[2021-01-05T15:33:40.633-0400][gc,marking     ] GC(246) Concurrent Cleanup for Next Mark 1.014ms
[2021-01-05T15:33:40.633-0400][gc             ] GC(246) Concurrent Cycle 471.318ms
[2021-01-05T15:33:47.414-0400][gc,heap        ] GC(247) Heap before GC invocations=247 (full 2): garbage-first heap   total 89088K, used 70049K [0x0000000083000000, 0x0000000100000000)
[2021-01-05T15:33:47.414-0400][gc,heap        ] GC(247)   region size 1024K, 24 young (24576K), 2 survivors (2048K)
[2021-01-05T15:33:47.414-0400][gc,heap        ] GC(247)  Metaspace       used 42104K, capacity 45376K, committed 45568K, reserved 1089536K
[2021-01-05T15:33:47.414-0400][gc,heap        ] GC(247)   class space    used 4628K, capacity 5864K, committed 5888K, reserved 1048576K
[2021-01-05T15:33:47.414-0400][gc,start       ] GC(247) Pause Young (Prepare Mixed) (G1 Evacuation Pause)
[2021-01-05T15:33:47.414-0400][gc,task        ] GC(247) Using 4 workers of 4 for evacuation
[2021-01-05T15:33:47.422-0400][gc,phases      ] GC(247)   Pre Evacuate Collection Set: 0.0ms
[2021-01-05T15:33:47.422-0400][gc,phases      ] GC(247)   Evacuate Collection Set: 5.3ms
[2021-01-05T15:33:47.422-0400][gc,phases      ] GC(247)   Post Evacuate Collection Set: 1.7ms
[2021-01-05T15:33:47.422-0400][gc,phases      ] GC(247)   Other: 1.1ms
[2021-01-05T15:33:47.422-0400][gc,heap        ] GC(247) Eden regions: 22->0(3)
[2021-01-05T15:33:47.422-0400][gc,heap        ] GC(247) Survivor regions: 2->1(3)
[2021-01-05T15:33:47.422-0400][gc,heap        ] GC(247) Old regions: 43->43
[2021-01-05T15:33:47.422-0400][gc,heap        ] GC(247) Humongous regions: 6->4
[2021-01-05T15:33:47.422-0400][gc,metaspace   ] GC(247) Metaspace: 42104K->42104K(1089536K)
[2021-01-05T15:33:47.422-0400][gc,heap        ] GC(247) Heap after GC invocations=248 (full 2): garbage-first heap   total 89088K, used 45603K [0x0000000083000000, 0x0000000100000000)
[2021-01-05T15:33:47.422-0400][gc,heap        ] GC(247)   region size 1024K, 1 young (1024K), 1 survivors (1024K)
[2021-01-05T15:33:47.422-0400][gc,heap        ] GC(247)  Metaspace       used 42104K, capacity 45376K, committed 45568K, reserved 1089536K
[2021-01-05T15:33:47.422-0400][gc,heap        ] GC(247)   class space    used 4628K, capacity 5864K, committed 5888K, reserved 1048576K
[2021-01-05T15:33:47.422-0400][gc             ] GC(247) Pause Young (Prepare Mixed) (G1 Evacuation Pause) 69M->44M(87M) 8.523ms
[2021-01-05T15:33:47.423-0400][gc,cpu         ] GC(247) User=0.02s Sys=0.01s Real=0.01s
[2021-01-05T15:33:47.542-0400][gc,heap        ] GC(248) Heap before GC invocations=248 (full 2): garbage-first heap   total 89088K, used 48675K [0x0000000083000000, 0x0000000100000000)
[2021-01-05T15:33:47.542-0400][gc,heap        ] GC(248)   region size 1024K, 4 young (4096K), 1 survivors (1024K)
[2021-01-05T15:33:47.542-0400][gc,heap        ] GC(248)  Metaspace       used 42104K, capacity 45376K, committed 45568K, reserved 1089536K
[2021-01-05T15:33:47.542-0400][gc,heap        ] GC(248)   class space    used 4628K, capacity 5864K, committed 5888K, reserved 1048576K
[2021-01-05T15:33:47.542-0400][gc,start       ] GC(248) Pause Young (Mixed) (G1 Evacuation Pause)
[2021-01-05T15:33:47.542-0400][gc,task        ] GC(248) Using 4 workers of 4 for evacuation
[2021-01-05T15:33:47.560-0400][gc,phases      ] GC(248)   Pre Evacuate Collection Set: 0.1ms
[2021-01-05T15:33:47.560-0400][gc,phases      ] GC(248)   Evacuate Collection Set: 9.6ms
[2021-01-05T15:33:47.560-0400][gc,phases      ] GC(248)   Post Evacuate Collection Set: 6.9ms
[2021-01-05T15:33:47.560-0400][gc,phases      ] GC(248)   Other: 1.5ms
[2021-01-05T15:33:47.560-0400][gc,heap        ] GC(248) Eden regions: 3->0(24)
[2021-01-05T15:33:47.560-0400][gc,heap        ] GC(248) Survivor regions: 1->1(1)
[2021-01-05T15:33:47.560-0400][gc,heap        ] GC(248) Old regions: 43->42
[2021-01-05T15:33:47.560-0400][gc,heap        ] GC(248) Humongous regions: 4->4
[2021-01-05T15:33:47.560-0400][gc,metaspace   ] GC(248) Metaspace: 42104K->42104K(1089536K)
[2021-01-05T15:33:47.560-0400][gc,heap        ] GC(248) Heap after GC invocations=249 (full 2): garbage-first heap   total 89088K, used 44798K [0x0000000083000000, 0x0000000100000000)
[2021-01-05T15:33:47.560-0400][gc,heap        ] GC(248)   region size 1024K, 1 young (1024K), 1 survivors (1024K)
[2021-01-05T15:33:47.560-0400][gc,heap        ] GC(248)  Metaspace       used 42104K, capacity 45376K, committed 45568K, reserved 1089536K
[2021-01-05T15:33:47.560-0400][gc,heap        ] GC(248)   class space    used 4628K, capacity 5864K, committed 5888K, reserved 1048576K
[2021-01-05T15:33:47.560-0400][gc             ] GC(248) Pause Young (Mixed) (G1 Evacuation Pause) 47M->43M(87M) 18.359ms
[2021-01-05T15:33:47.561-0400][gc,cpu         ] GC(248) User=0.04s Sys=0.01s Real=0.02s
[2021-01-05T15:33:51.060-0400][gc,heap        ] GC(249) Heap before GC invocations=249 (full 2): garbage-first heap   total 89088K, used 70398K [0x0000000083000000, 0x0000000100000000)
[2021-01-05T15:33:51.060-0400][gc,heap        ] GC(249)   region size 1024K, 25 young (25600K), 1 survivors (1024K)
[2021-01-05T15:33:51.060-0400][gc,heap        ] GC(249)  Metaspace       used 42119K, capacity 45376K, committed 45568K, reserved 1089536K
[2021-01-05T15:33:51.060-0400][gc,heap        ] GC(249)   class space    used 4628K, capacity 5864K, committed 5888K, reserved 1048576K
[2021-01-05T15:33:51.061-0400][gc,start       ] GC(249) Pause Young (Normal) (G1 Evacuation Pause)
[2021-01-05T15:33:51.061-0400][gc,task        ] GC(249) Using 4 workers of 4 for evacuation
[2021-01-05T15:33:51.070-0400][gc,phases      ] GC(249)   Pre Evacuate Collection Set: 0.0ms
[2021-01-05T15:33:51.070-0400][gc,phases      ] GC(249)   Evacuate Collection Set: 6.5ms
[2021-01-05T15:33:51.070-0400][gc,phases      ] GC(249)   Post Evacuate Collection Set: 1.9ms
[2021-01-05T15:33:51.070-0400][gc,phases      ] GC(249)   Other: 1.1ms
[2021-01-05T15:33:51.070-0400][gc,heap        ] GC(249) Eden regions: 24->0(25)
[2021-01-05T15:33:51.070-0400][gc,heap        ] GC(249) Survivor regions: 1->1(4)
[2021-01-05T15:33:51.070-0400][gc,heap        ] GC(249) Old regions: 42->42
[2021-01-05T15:33:51.070-0400][gc,heap        ] GC(249) Humongous regions: 6->4
[2021-01-05T15:33:51.070-0400][gc,metaspace   ] GC(249) Metaspace: 42119K->42119K(1089536K)
[2021-01-05T15:33:51.070-0400][gc,heap        ] GC(249) Heap after GC invocations=250 (full 2): garbage-first heap   total 89088K, used 45262K [0x0000000083000000, 0x0000000100000000)
[2021-01-05T15:33:51.070-0400][gc,heap        ] GC(249)   region size 1024K, 1 young (1024K), 1 survivors (1024K)
[2021-01-05T15:33:51.070-0400][gc,heap        ] GC(249)  Metaspace       used 42119K, capacity 45376K, committed 45568K, reserved 1089536K
[2021-01-05T15:33:51.070-0400][gc,heap        ] GC(249)   class space    used 4628K, capacity 5864K, committed 5888K, reserved 1048576K
[2021-01-05T15:33:51.071-0400][gc             ] GC(249) Pause Young (Normal) (G1 Evacuation Pause) 69M->44M(87M) 9.898ms
[2021-01-05T15:33:51.071-0400][gc,cpu         ] GC(249) User=0.03s Sys=0.00s Real=0.01s
[2021-01-05T15:33:56.251-0400][gc,heap        ] GC(250) Heap before GC invocations=250 (full 2): garbage-first heap   total 89088K, used 69838K [0x0000000083000000, 0x0000000100000000)
[2021-01-05T15:33:56.251-0400][gc,heap        ] GC(250)   region size 1024K, 26 young (26624K), 1 survivors (1024K)
[2021-01-05T15:33:56.252-0400][gc,heap        ] GC(250)  Metaspace       used 42121K, capacity 45376K, committed 45568K, reserved 1089536K
[2021-01-05T15:33:56.252-0400][gc,heap        ] GC(250)   class space    used 4628K, capacity 5864K, committed 5888K, reserved 1048576K
[2021-01-05T15:33:56.252-0400][gc,start       ] GC(250) Pause Young (Normal) (G1 Evacuation Pause)
[2021-01-05T15:33:56.252-0400][gc,task        ] GC(250) Using 4 workers of 4 for evacuation
[2021-01-05T15:33:56.265-0400][gc,phases      ] GC(250)   Pre Evacuate Collection Set: 0.0ms
[2021-01-05T15:33:56.265-0400][gc,phases      ] GC(250)   Evacuate Collection Set: 10.2ms
[2021-01-05T15:33:56.265-0400][gc,phases      ] GC(250)   Post Evacuate Collection Set: 1.5ms
[2021-01-05T15:33:56.265-0400][gc,phases      ] GC(250)   Other: 1.4ms
[2021-01-05T15:33:56.265-0400][gc,heap        ] GC(250) Eden regions: 25->0(24)
[2021-01-05T15:33:56.265-0400][gc,heap        ] GC(250) Survivor regions: 1->2(4)
[2021-01-05T15:33:56.265-0400][gc,heap        ] GC(250) Old regions: 42->42
[2021-01-05T15:33:56.265-0400][gc,heap        ] GC(250) Humongous regions: 4->4
[2021-01-05T15:33:56.265-0400][gc,metaspace   ] GC(250) Metaspace: 42121K->42121K(1089536K)
[2021-01-05T15:33:56.265-0400][gc,heap        ] GC(250) Heap after GC invocations=251 (full 2): garbage-first heap   total 89088K, used 46067K [0x0000000083000000, 0x0000000100000000)
[2021-01-05T15:33:56.265-0400][gc,heap        ] GC(250)   region size 1024K, 2 young (2048K), 2 survivors (2048K)
[2021-01-05T15:33:56.265-0400][gc,heap        ] GC(250)  Metaspace       used 42121K, capacity 45376K, committed 45568K, reserved 1089536K
[2021-01-05T15:33:56.265-0400][gc,heap        ] GC(250)   class space    used 4628K, capacity 5864K, committed 5888K, reserved 1048576K
[2021-01-05T15:33:56.265-0400][gc             ] GC(250) Pause Young (Normal) (G1 Evacuation Pause) 69M->44M(87M) 13.472ms
[2021-01-05T15:33:56.267-0400][gc,cpu         ] GC(250) User=0.03s Sys=0.00s Real=0.01s
[2021-01-05T15:33:57.728-0400][gc,heap        ] GC(251) Heap before GC invocations=251 (full 2): garbage-first heap   total 89088K, used 70643K [0x0000000083000000, 0x0000000100000000)
[2021-01-05T15:33:57.728-0400][gc,heap        ] GC(251)   region size 1024K, 26 young (26624K), 2 survivors (2048K)
[2021-01-05T15:33:57.728-0400][gc,heap        ] GC(251)  Metaspace       used 42121K, capacity 45376K, committed 45568K, reserved 1089536K
[2021-01-05T15:33:57.728-0400][gc,heap        ] GC(251)   class space    used 4628K, capacity 5864K, committed 5888K, reserved 1048576K
[2021-01-05T15:33:57.729-0400][gc,start       ] GC(251) Pause Young (Concurrent Start) (G1 Evacuation Pause)
[2021-01-05T15:33:57.729-0400][gc,task        ] GC(251) Using 4 workers of 4 for evacuation
[2021-01-05T15:33:57.744-0400][gc,phases      ] GC(251)   Pre Evacuate Collection Set: 0.3ms
[2021-01-05T15:33:57.744-0400][gc,phases      ] GC(251)   Evacuate Collection Set: 12.2ms
[2021-01-05T15:33:57.744-0400][gc,phases      ] GC(251)   Post Evacuate Collection Set: 1.4ms
[2021-01-05T15:33:57.744-0400][gc,phases      ] GC(251)   Other: 1.4ms
[2021-01-05T15:33:57.744-0400][gc,heap        ] GC(251) Eden regions: 24->0(24)
[2021-01-05T15:33:57.744-0400][gc,heap        ] GC(251) Survivor regions: 2->3(4)
[2021-01-05T15:33:57.744-0400][gc,heap        ] GC(251) Old regions: 42->42
[2021-01-05T15:33:57.744-0400][gc,heap        ] GC(251) Humongous regions: 4->4
[2021-01-05T15:33:57.744-0400][gc,metaspace   ] GC(251) Metaspace: 42121K->42121K(1089536K)
[2021-01-05T15:33:57.744-0400][gc,heap        ] GC(251) Heap after GC invocations=252 (full 2): garbage-first heap   total 89088K, used 46885K [0x0000000083000000, 0x0000000100000000)
[2021-01-05T15:33:57.744-0400][gc,heap        ] GC(251)   region size 1024K, 3 young (3072K), 3 survivors (3072K)
[2021-01-05T15:33:57.744-0400][gc,heap        ] GC(251)  Metaspace       used 42121K, capacity 45376K, committed 45568K, reserved 1089536K
[2021-01-05T15:33:57.744-0400][gc,heap        ] GC(251)   class space    used 4628K, capacity 5864K, committed 5888K, reserved 1048576K
[2021-01-05T15:33:57.744-0400][gc             ] GC(251) Pause Young (Concurrent Start) (G1 Evacuation Pause) 68M->45M(87M) 15.699ms
[2021-01-05T15:33:57.744-0400][gc,cpu         ] GC(251) User=0.04s Sys=0.01s Real=0.01s
[2021-01-05T15:33:57.745-0400][gc             ] GC(252) Concurrent Cycle
[2021-01-05T15:33:57.745-0400][gc,marking     ] GC(252) Concurrent Clear Claimed Marks
[2021-01-05T15:33:57.745-0400][gc,marking     ] GC(252) Concurrent Clear Claimed Marks 0.637ms
[2021-01-05T15:33:57.746-0400][gc,marking     ] GC(252) Concurrent Scan Root Regions
[2021-01-05T15:33:57.757-0400][gc,marking     ] GC(252) Concurrent Scan Root Regions 11.527ms
[2021-01-05T15:33:57.757-0400][gc,marking     ] GC(252) Concurrent Mark (576.376s)
[2021-01-05T15:33:57.757-0400][gc,marking     ] GC(252) Concurrent Mark From Roots
[2021-01-05T15:33:57.757-0400][gc,task        ] GC(252) Using 1 workers of 1 for marking
[2021-01-05T15:33:58.105-0400][gc,marking     ] GC(252) Concurrent Mark From Roots 347.189ms
[2021-01-05T15:33:58.105-0400][gc,marking     ] GC(252) Concurrent Preclean
[2021-01-05T15:33:58.105-0400][gc,marking     ] GC(252) Concurrent Preclean 0.449ms
[2021-01-05T15:33:58.105-0400][gc,marking     ] GC(252) Concurrent Mark (576.376s, 576.724s) 347.999ms
[2021-01-05T15:33:58.107-0400][gc,start       ] GC(252) Pause Remark
[2021-01-05T15:33:58.154-0400][gc,stringtable ] GC(252) Cleaned string and symbol table, strings: 23448 processed, 0 removed, symbols: 95217 processed, 0 removed
[2021-01-05T15:33:58.155-0400][gc             ] GC(252) Pause Remark 48M->48M(87M) 47.612ms
[2021-01-05T15:33:58.155-0400][gc,cpu         ] GC(252) User=0.13s Sys=0.00s Real=0.04s
[2021-01-05T15:33:58.157-0400][gc,marking     ] GC(252) Concurrent Rebuild Remembered Sets
[2021-01-05T15:33:58.365-0400][gc,marking     ] GC(252) Concurrent Rebuild Remembered Sets 208.074ms
[2021-01-05T15:33:58.367-0400][gc,start       ] GC(252) Pause Cleanup
[2021-01-05T15:33:58.367-0400][gc             ] GC(252) Pause Cleanup 48M->48M(87M) 0.575ms
[2021-01-05T15:33:58.368-0400][gc,cpu         ] GC(252) User=0.00s Sys=0.00s Real=0.00s
[2021-01-05T15:33:58.368-0400][gc,marking     ] GC(252) Concurrent Cleanup for Next Mark
[2021-01-05T15:33:58.370-0400][gc,marking     ] GC(252) Concurrent Cleanup for Next Mark 1.986ms
[2021-01-05T15:33:58.370-0400][gc             ] GC(252) Concurrent Cycle 625.764ms
[2021-01-05T15:34:00.774-0400][gc,heap        ] GC(253) Heap before GC invocations=253 (full 2): garbage-first heap   total 89088K, used 72485K [0x0000000083000000, 0x0000000100000000)
[2021-01-05T15:34:00.774-0400][gc,heap        ] GC(253)   region size 1024K, 27 young (27648K), 3 survivors (3072K)
[2021-01-05T15:34:00.774-0400][gc,heap        ] GC(253)  Metaspace       used 42142K, capacity 45393K, committed 45568K, reserved 1089536K
[2021-01-05T15:34:00.774-0400][gc,heap        ] GC(253)   class space    used 4628K, capacity 5864K, committed 5888K, reserved 1048576K
[2021-01-05T15:34:00.775-0400][gc,start       ] GC(253) Pause Young (Prepare Mixed) (G1 Evacuation Pause)
[2021-01-05T15:34:00.775-0400][gc,task        ] GC(253) Using 4 workers of 4 for evacuation
[2021-01-05T15:34:00.792-0400][gc,phases      ] GC(253)   Pre Evacuate Collection Set: 0.0ms
[2021-01-05T15:34:00.792-0400][gc,phases      ] GC(253)   Evacuate Collection Set: 13.6ms
[2021-01-05T15:34:00.792-0400][gc,phases      ] GC(253)   Post Evacuate Collection Set: 2.7ms
[2021-01-05T15:34:00.792-0400][gc,phases      ] GC(253)   Other: 1.3ms
[2021-01-05T15:34:00.792-0400][gc,heap        ] GC(253) Eden regions: 24->0(2)
[2021-01-05T15:34:00.792-0400][gc,heap        ] GC(253) Survivor regions: 3->2(4)
[2021-01-05T15:34:00.792-0400][gc,heap        ] GC(253) Old regions: 42->43
[2021-01-05T15:34:00.792-0400][gc,heap        ] GC(253) Humongous regions: 6->4
[2021-01-05T15:34:00.792-0400][gc,metaspace   ] GC(253) Metaspace: 42142K->42142K(1089536K)
[2021-01-05T15:34:00.792-0400][gc,heap        ] GC(253) Heap after GC invocations=254 (full 2): garbage-first heap   total 89088K, used 47277K [0x0000000083000000, 0x0000000100000000)
[2021-01-05T15:34:00.792-0400][gc,heap        ] GC(253)   region size 1024K, 2 young (2048K), 2 survivors (2048K)
[2021-01-05T15:34:00.792-0400][gc,heap        ] GC(253)  Metaspace       used 42142K, capacity 45393K, committed 45568K, reserved 1089536K
[2021-01-05T15:34:00.793-0400][gc,heap        ] GC(253)   class space    used 4628K, capacity 5864K, committed 5888K, reserved 1048576K
[2021-01-05T15:34:00.793-0400][gc             ] GC(253) Pause Young (Prepare Mixed) (G1 Evacuation Pause) 71M->46M(87M) 17.969ms
[2021-01-05T15:34:00.793-0400][gc,cpu         ] GC(253) User=0.05s Sys=0.00s Real=0.02s
[2021-01-05T15:34:01.800-0400][gc,heap        ] GC(254) Heap before GC invocations=254 (full 2): garbage-first heap   total 89088K, used 49325K [0x0000000083000000, 0x0000000100000000)
[2021-01-05T15:34:01.800-0400][gc,heap        ] GC(254)   region size 1024K, 4 young (4096K), 2 survivors (2048K)
[2021-01-05T15:34:01.800-0400][gc,heap        ] GC(254)  Metaspace       used 42142K, capacity 45393K, committed 45568K, reserved 1089536K
[2021-01-05T15:34:01.800-0400][gc,heap        ] GC(254)   class space    used 4628K, capacity 5864K, committed 5888K, reserved 1048576K
[2021-01-05T15:34:01.800-0400][gc,start       ] GC(254) Pause Young (Mixed) (G1 Evacuation Pause)
[2021-01-05T15:34:01.800-0400][gc,task        ] GC(254) Using 4 workers of 4 for evacuation
[2021-01-05T15:34:01.811-0400][gc,phases      ] GC(254)   Pre Evacuate Collection Set: 0.1ms
[2021-01-05T15:34:01.811-0400][gc,phases      ] GC(254)   Evacuate Collection Set: 8.1ms
[2021-01-05T15:34:01.811-0400][gc,phases      ] GC(254)   Post Evacuate Collection Set: 1.4ms
[2021-01-05T15:34:01.811-0400][gc,phases      ] GC(254)   Other: 1.4ms
[2021-01-05T15:34:01.811-0400][gc,heap        ] GC(254) Eden regions: 2->0(24)
[2021-01-05T15:34:01.811-0400][gc,heap        ] GC(254) Survivor regions: 2->1(1)
[2021-01-05T15:34:01.811-0400][gc,heap        ] GC(254) Old regions: 43->44
[2021-01-05T15:34:01.811-0400][gc,heap        ] GC(254) Humongous regions: 4->4
[2021-01-05T15:34:01.811-0400][gc,metaspace   ] GC(254) Metaspace: 42142K->42142K(1089536K)
[2021-01-05T15:34:01.812-0400][gc,heap        ] GC(254) Heap after GC invocations=255 (full 2): garbage-first heap   total 89088K, used 46468K [0x0000000083000000, 0x0000000100000000)
[2021-01-05T15:34:01.812-0400][gc,heap        ] GC(254)   region size 1024K, 1 young (1024K), 1 survivors (1024K)
[2021-01-05T15:34:01.812-0400][gc,heap        ] GC(254)  Metaspace       used 42142K, capacity 45393K, committed 45568K, reserved 1089536K
[2021-01-05T15:34:01.812-0400][gc,heap        ] GC(254)   class space    used 4628K, capacity 5864K, committed 5888K, reserved 1048576K
[2021-01-05T15:34:01.812-0400][gc             ] GC(254) Pause Young (Mixed) (G1 Evacuation Pause) 48M->45M(87M) 11.418ms
[2021-01-05T15:34:01.812-0400][gc,cpu         ] GC(254) User=0.04s Sys=0.00s Real=0.01s
[2021-01-05T15:34:06.371-0400][gc,heap        ] GC(255) Heap before GC invocations=255 (full 2): garbage-first heap   total 89088K, used 70020K [0x0000000083000000, 0x0000000100000000)
[2021-01-05T15:34:06.372-0400][gc,heap        ] GC(255)   region size 1024K, 25 young (25600K), 1 survivors (1024K)
[2021-01-05T15:34:06.372-0400][gc,heap        ] GC(255)  Metaspace       used 42148K, capacity 45393K, committed 45568K, reserved 1089536K
[2021-01-05T15:34:06.372-0400][gc,heap        ] GC(255)   class space    used 4628K, capacity 5864K, committed 5888K, reserved 1048576K
[2021-01-05T15:34:06.372-0400][gc,start       ] GC(255) Pause Young (Normal) (G1 Evacuation Pause)
[2021-01-05T15:34:06.372-0400][gc,task        ] GC(255) Using 4 workers of 4 for evacuation
[2021-01-05T15:34:06.381-0400][gc,phases      ] GC(255)   Pre Evacuate Collection Set: 0.0ms
[2021-01-05T15:34:06.381-0400][gc,phases      ] GC(255)   Evacuate Collection Set: 6.8ms
[2021-01-05T15:34:06.381-0400][gc,phases      ] GC(255)   Post Evacuate Collection Set: 1.5ms
[2021-01-05T15:34:06.382-0400][gc,phases      ] GC(255)   Other: 1.3ms
[2021-01-05T15:34:06.382-0400][gc,heap        ] GC(255) Eden regions: 24->0(24)
[2021-01-05T15:34:06.382-0400][gc,heap        ] GC(255) Survivor regions: 1->1(4)
[2021-01-05T15:34:06.382-0400][gc,heap        ] GC(255) Old regions: 44->44
[2021-01-05T15:34:06.382-0400][gc,heap        ] GC(255) Humongous regions: 4->4
[2021-01-05T15:34:06.382-0400][gc,metaspace   ] GC(255) Metaspace: 42148K->42148K(1089536K)
[2021-01-05T15:34:06.382-0400][gc,heap        ] GC(255) Heap after GC invocations=256 (full 2): garbage-first heap   total 89088K, used 46907K [0x0000000083000000, 0x0000000100000000)
[2021-01-05T15:34:06.382-0400][gc,heap        ] GC(255)   region size 1024K, 1 young (1024K), 1 survivors (1024K)
[2021-01-05T15:34:06.382-0400][gc,heap        ] GC(255)  Metaspace       used 42148K, capacity 45393K, committed 45568K, reserved 1089536K
[2021-01-05T15:34:06.382-0400][gc,heap        ] GC(255)   class space    used 4628K, capacity 5864K, committed 5888K, reserved 1048576K
[2021-01-05T15:34:06.382-0400][gc             ] GC(255) Pause Young (Normal) (G1 Evacuation Pause) 69M->45M(87M) 10.102ms
[2021-01-05T15:34:06.382-0400][gc,cpu         ] GC(255) User=0.03s Sys=0.00s Real=0.01s
[2021-01-05T15:34:10.307-0400][gc,heap        ] GC(256) Heap before GC invocations=256 (full 2): garbage-first heap   total 89088K, used 70459K [0x0000000083000000, 0x0000000100000000)
[2021-01-05T15:34:10.307-0400][gc,heap        ] GC(256)   region size 1024K, 25 young (25600K), 1 survivors (1024K)
[2021-01-05T15:34:10.307-0400][gc,heap        ] GC(256)  Metaspace       used 42152K, capacity 45393K, committed 45568K, reserved 1089536K
[2021-01-05T15:34:10.307-0400][gc,heap        ] GC(256)   class space    used 4628K, capacity 5864K, committed 5888K, reserved 1048576K
[2021-01-05T15:34:10.307-0400][gc,start       ] GC(256) Pause Young (Normal) (G1 Evacuation Pause)
[2021-01-05T15:34:10.307-0400][gc,task        ] GC(256) Using 4 workers of 4 for evacuation
[2021-01-05T15:34:10.319-0400][gc,phases      ] GC(256)   Pre Evacuate Collection Set: 0.0ms
[2021-01-05T15:34:10.319-0400][gc,phases      ] GC(256)   Evacuate Collection Set: 9.1ms
[2021-01-05T15:34:10.319-0400][gc,phases      ] GC(256)   Post Evacuate Collection Set: 1.3ms
[2021-01-05T15:34:10.319-0400][gc,phases      ] GC(256)   Other: 1.3ms
[2021-01-05T15:34:10.319-0400][gc,heap        ] GC(256) Eden regions: 24->0(23)
[2021-01-05T15:34:10.319-0400][gc,heap        ] GC(256) Survivor regions: 1->2(4)
[2021-01-05T15:34:10.319-0400][gc,heap        ] GC(256) Old regions: 44->44
[2021-01-05T15:34:10.319-0400][gc,heap        ] GC(256) Humongous regions: 4->4
[2021-01-05T15:34:10.319-0400][gc,metaspace   ] GC(256) Metaspace: 42152K->42152K(1089536K)
[2021-01-05T15:34:10.319-0400][gc,heap        ] GC(256) Heap after GC invocations=257 (full 2): garbage-first heap   total 89088K, used 47683K [0x0000000083000000, 0x0000000100000000)
[2021-01-05T15:34:10.319-0400][gc,heap        ] GC(256)   region size 1024K, 2 young (2048K), 2 survivors (2048K)
[2021-01-05T15:34:10.319-0400][gc,heap        ] GC(256)  Metaspace       used 42152K, capacity 45393K, committed 45568K, reserved 1089536K
[2021-01-05T15:34:10.319-0400][gc,heap        ] GC(256)   class space    used 4628K, capacity 5864K, committed 5888K, reserved 1048576K
[2021-01-05T15:34:10.319-0400][gc             ] GC(256) Pause Young (Normal) (G1 Evacuation Pause) 69M->46M(87M) 12.189ms
[2021-01-05T15:34:10.320-0400][gc,cpu         ] GC(256) User=0.03s Sys=0.00s Real=0.01s
[2021-01-05T15:34:10.364-0400][gc,heap        ] GC(257) Heap before GC invocations=257 (full 2): garbage-first heap   total 89088K, used 53827K [0x0000000083000000, 0x0000000100000000)
[2021-01-05T15:34:10.364-0400][gc,heap        ] GC(257)   region size 1024K, 10 young (10240K), 2 survivors (2048K)
[2021-01-05T15:34:10.364-0400][gc,heap        ] GC(257)  Metaspace       used 42152K, capacity 45393K, committed 45568K, reserved 1089536K
[2021-01-05T15:34:10.365-0400][gc,heap        ] GC(257)   class space    used 4628K, capacity 5864K, committed 5888K, reserved 1048576K
[2021-01-05T15:34:10.365-0400][gc,start       ] GC(257) Pause Young (Concurrent Start) (G1 Humongous Allocation)
[2021-01-05T15:34:10.365-0400][gc,task        ] GC(257) Using 4 workers of 4 for evacuation
[2021-01-05T15:34:10.378-0400][gc,phases      ] GC(257)   Pre Evacuate Collection Set: 0.4ms
[2021-01-05T15:34:10.378-0400][gc,phases      ] GC(257)   Evacuate Collection Set: 10.3ms
[2021-01-05T15:34:10.378-0400][gc,phases      ] GC(257)   Post Evacuate Collection Set: 1.0ms
[2021-01-05T15:34:10.378-0400][gc,phases      ] GC(257)   Other: 1.5ms
[2021-01-05T15:34:10.378-0400][gc,heap        ] GC(257) Eden regions: 8->0(21)
[2021-01-05T15:34:10.378-0400][gc,heap        ] GC(257) Survivor regions: 2->2(4)
[2021-01-05T15:34:10.378-0400][gc,heap        ] GC(257) Old regions: 44->44
[2021-01-05T15:34:10.378-0400][gc,heap        ] GC(257) Humongous regions: 4->4
[2021-01-05T15:34:10.378-0400][gc,metaspace   ] GC(257) Metaspace: 42152K->42152K(1089536K)
[2021-01-05T15:34:10.378-0400][gc,heap        ] GC(257) Heap after GC invocations=258 (full 2): garbage-first heap   total 89088K, used 48060K [0x0000000083000000, 0x0000000100000000)
[2021-01-05T15:34:10.378-0400][gc,heap        ] GC(257)   region size 1024K, 2 young (2048K), 2 survivors (2048K)
[2021-01-05T15:34:10.378-0400][gc,heap        ] GC(257)  Metaspace       used 42152K, capacity 45393K, committed 45568K, reserved 1089536K
[2021-01-05T15:34:10.378-0400][gc,heap        ] GC(257)   class space    used 4628K, capacity 5864K, committed 5888K, reserved 1048576K
[2021-01-05T15:34:10.378-0400][gc             ] GC(257) Pause Young (Concurrent Start) (G1 Humongous Allocation) 54M->46M(87M) 13.727ms
[2021-01-05T15:34:10.379-0400][gc,cpu         ] GC(257) User=0.05s Sys=0.00s Real=0.02s
[2021-01-05T15:34:10.379-0400][gc             ] GC(258) Concurrent Cycle
[2021-01-05T15:34:10.379-0400][gc,marking     ] GC(258) Concurrent Clear Claimed Marks
[2021-01-05T15:34:10.380-0400][gc,marking     ] GC(258) Concurrent Clear Claimed Marks 0.719ms
[2021-01-05T15:34:10.380-0400][gc,marking     ] GC(258) Concurrent Scan Root Regions
[2021-01-05T15:34:10.389-0400][gc,marking     ] GC(258) Concurrent Scan Root Regions 9.174ms
[2021-01-05T15:34:10.389-0400][gc,marking     ] GC(258) Concurrent Mark (589.008s)
[2021-01-05T15:34:10.389-0400][gc,marking     ] GC(258) Concurrent Mark From Roots
[2021-01-05T15:34:10.389-0400][gc,task        ] GC(258) Using 1 workers of 1 for marking
[2021-01-05T15:34:10.669-0400][gc,marking     ] GC(258) Concurrent Mark From Roots 279.168ms
[2021-01-05T15:34:10.669-0400][gc,marking     ] GC(258) Concurrent Preclean
[2021-01-05T15:34:10.669-0400][gc,marking     ] GC(258) Concurrent Preclean 0.310ms
[2021-01-05T15:34:10.669-0400][gc,marking     ] GC(258) Concurrent Mark (589.008s, 589.288s) 279.742ms
[2021-01-05T15:34:10.670-0400][gc,start       ] GC(258) Pause Remark
[2021-01-05T15:34:10.705-0400][gc,stringtable ] GC(258) Cleaned string and symbol table, strings: 23461 processed, 0 removed, symbols: 95217 processed, 0 removed
[2021-01-05T15:34:10.705-0400][gc             ] GC(258) Pause Remark 52M->52M(87M) 34.908ms
[2021-01-05T15:34:10.706-0400][gc,cpu         ] GC(258) User=0.13s Sys=0.00s Real=0.04s
[2021-01-05T15:34:10.706-0400][gc,marking     ] GC(258) Concurrent Rebuild Remembered Sets
[2021-01-05T15:34:10.875-0400][gc,marking     ] GC(258) Concurrent Rebuild Remembered Sets 168.584ms
[2021-01-05T15:34:10.876-0400][gc,start       ] GC(258) Pause Cleanup
[2021-01-05T15:34:10.877-0400][gc             ] GC(258) Pause Cleanup 53M->53M(87M) 0.534ms
[2021-01-05T15:34:10.877-0400][gc,cpu         ] GC(258) User=0.01s Sys=0.00s Real=0.00s
[2021-01-05T15:34:10.877-0400][gc,marking     ] GC(258) Concurrent Cleanup for Next Mark
[2021-01-05T15:34:10.878-0400][gc,marking     ] GC(258) Concurrent Cleanup for Next Mark 0.944ms
[2021-01-05T15:34:10.878-0400][gc             ] GC(258) Concurrent Cycle 499.499ms
[2021-01-05T15:34:16.737-0400][gc,heap        ] GC(259) Heap before GC invocations=259 (full 2): garbage-first heap   total 89088K, used 70588K [0x0000000083000000, 0x0000000100000000)
[2021-01-05T15:34:16.737-0400][gc,heap        ] GC(259)   region size 1024K, 23 young (23552K), 2 survivors (2048K)
[2021-01-05T15:34:16.737-0400][gc,heap        ] GC(259)  Metaspace       used 42232K, capacity 45463K, committed 45568K, reserved 1089536K
[2021-01-05T15:34:16.737-0400][gc,heap        ] GC(259)   class space    used 4633K, capacity 5865K, committed 5888K, reserved 1048576K
[2021-01-05T15:34:16.738-0400][gc,start       ] GC(259) Pause Young (Normal) (G1 Evacuation Pause)
[2021-01-05T15:34:16.738-0400][gc,task        ] GC(259) Using 4 workers of 4 for evacuation
[2021-01-05T15:34:16.750-0400][gc,phases      ] GC(259)   Pre Evacuate Collection Set: 0.0ms
[2021-01-05T15:34:16.751-0400][gc,phases      ] GC(259)   Evacuate Collection Set: 9.5ms
[2021-01-05T15:34:16.751-0400][gc,phases      ] GC(259)   Post Evacuate Collection Set: 2.4ms
[2021-01-05T15:34:16.751-0400][gc,phases      ] GC(259)   Other: 1.5ms
[2021-01-05T15:34:16.751-0400][gc,heap        ] GC(259) Eden regions: 21->0(22)
[2021-01-05T15:34:16.751-0400][gc,heap        ] GC(259) Survivor regions: 2->2(3)
[2021-01-05T15:34:16.751-0400][gc,heap        ] GC(259) Old regions: 44->44
[2021-01-05T15:34:16.751-0400][gc,heap        ] GC(259) Humongous regions: 6->4
[2021-01-05T15:34:16.751-0400][gc,metaspace   ] GC(259) Metaspace: 42232K->42232K(1089536K)
[2021-01-05T15:34:16.751-0400][gc,heap        ] GC(259) Heap after GC invocations=260 (full 2): garbage-first heap   total 89088K, used 47770K [0x0000000083000000, 0x0000000100000000)
[2021-01-05T15:34:16.751-0400][gc,heap        ] GC(259)   region size 1024K, 2 young (2048K), 2 survivors (2048K)
[2021-01-05T15:34:16.751-0400][gc,heap        ] GC(259)  Metaspace       used 42232K, capacity 45463K, committed 45568K, reserved 1089536K
[2021-01-05T15:34:16.751-0400][gc,heap        ] GC(259)   class space    used 4633K, capacity 5865K, committed 5888K, reserved 1048576K
[2021-01-05T15:34:16.751-0400][gc             ] GC(259) Pause Young (Normal) (G1 Evacuation Pause) 69M->46M(87M) 13.677ms
[2021-01-05T15:34:16.751-0400][gc,cpu         ] GC(259) User=0.04s Sys=0.00s Real=0.01s
[2021-01-05T15:34:21.953-0400][gc,heap        ] GC(260) Heap before GC invocations=260 (full 2): garbage-first heap   total 89088K, used 69274K [0x0000000083000000, 0x0000000100000000)
[2021-01-05T15:34:21.953-0400][gc,heap        ] GC(260)   region size 1024K, 24 young (24576K), 2 survivors (2048K)
[2021-01-05T15:34:21.953-0400][gc,heap        ] GC(260)  Metaspace       used 42235K, capacity 45463K, committed 45568K, reserved 1089536K
[2021-01-05T15:34:21.953-0400][gc,heap        ] GC(260)   class space    used 4633K, capacity 5865K, committed 5888K, reserved 1048576K
[2021-01-05T15:34:21.953-0400][gc,start       ] GC(260) Pause Young (Normal) (G1 Evacuation Pause)
[2021-01-05T15:34:21.953-0400][gc,task        ] GC(260) Using 4 workers of 4 for evacuation
[2021-01-05T15:34:21.964-0400][gc,phases      ] GC(260)   Pre Evacuate Collection Set: 0.0ms
[2021-01-05T15:34:21.964-0400][gc,phases      ] GC(260)   Evacuate Collection Set: 7.8ms
[2021-01-05T15:34:21.964-0400][gc,phases      ] GC(260)   Post Evacuate Collection Set: 1.8ms
[2021-01-05T15:34:21.964-0400][gc,phases      ] GC(260)   Other: 1.6ms
[2021-01-05T15:34:21.964-0400][gc,heap        ] GC(260) Eden regions: 22->0(23)
[2021-01-05T15:34:21.964-0400][gc,heap        ] GC(260) Survivor regions: 2->1(3)
[2021-01-05T15:34:21.964-0400][gc,heap        ] GC(260) Old regions: 44->44
[2021-01-05T15:34:21.964-0400][gc,heap        ] GC(260) Humongous regions: 4->4
[2021-01-05T15:34:21.964-0400][gc,metaspace   ] GC(260) Metaspace: 42235K->42235K(1089536K)
[2021-01-05T15:34:21.964-0400][gc,heap        ] GC(260) Heap after GC invocations=261 (full 2): garbage-first heap   total 89088K, used 47661K [0x0000000083000000, 0x0000000100000000)
[2021-01-05T15:34:21.965-0400][gc,heap        ] GC(260)   region size 1024K, 1 young (1024K), 1 survivors (1024K)
[2021-01-05T15:34:21.965-0400][gc,heap        ] GC(260)  Metaspace       used 42235K, capacity 45463K, committed 45568K, reserved 1089536K
[2021-01-05T15:34:21.965-0400][gc,heap        ] GC(260)   class space    used 4633K, capacity 5865K, committed 5888K, reserved 1048576K
[2021-01-05T15:34:21.965-0400][gc             ] GC(260) Pause Young (Normal) (G1 Evacuation Pause) 68M->46M(87M) 11.349ms
[2021-01-05T15:34:21.965-0400][gc,cpu         ] GC(260) User=0.04s Sys=0.00s Real=0.01s
[2021-01-05T15:34:22.034-0400][gc,heap        ] GC(261) Heap before GC invocations=261 (full 2): garbage-first heap   total 89088K, used 56877K [0x0000000083000000, 0x0000000100000000)
[2021-01-05T15:34:22.034-0400][gc,heap        ] GC(261)   region size 1024K, 11 young (11264K), 1 survivors (1024K)
[2021-01-05T15:34:22.034-0400][gc,heap        ] GC(261)  Metaspace       used 42235K, capacity 45463K, committed 45568K, reserved 1089536K
[2021-01-05T15:34:22.034-0400][gc,heap        ] GC(261)   class space    used 4633K, capacity 5865K, committed 5888K, reserved 1048576K
[2021-01-05T15:34:22.035-0400][gc,start       ] GC(261) Pause Young (Concurrent Start) (G1 Humongous Allocation)
[2021-01-05T15:34:22.035-0400][gc,task        ] GC(261) Using 4 workers of 4 for evacuation
[2021-01-05T15:34:22.048-0400][gc,phases      ] GC(261)   Pre Evacuate Collection Set: 0.4ms
[2021-01-05T15:34:22.048-0400][gc,phases      ] GC(261)   Evacuate Collection Set: 10.5ms
[2021-01-05T15:34:22.048-0400][gc,phases      ] GC(261)   Post Evacuate Collection Set: 1.6ms
[2021-01-05T15:34:22.048-0400][gc,phases      ] GC(261)   Other: 1.5ms
[2021-01-05T15:34:22.048-0400][gc,heap        ] GC(261) Eden regions: 10->0(18)
[2021-01-05T15:34:22.048-0400][gc,heap        ] GC(261) Survivor regions: 1->2(3)
[2021-01-05T15:34:22.049-0400][gc,heap        ] GC(261) Old regions: 44->44
[2021-01-05T15:34:22.049-0400][gc,heap        ] GC(261) Humongous regions: 5->4
[2021-01-05T15:34:22.049-0400][gc,metaspace   ] GC(261) Metaspace: 42235K->42235K(1089536K)
[2021-01-05T15:34:22.049-0400][gc,heap        ] GC(261) Heap after GC invocations=262 (full 2): garbage-first heap   total 89088K, used 48515K [0x0000000083000000, 0x0000000100000000)
[2021-01-05T15:34:22.049-0400][gc,heap        ] GC(261)   region size 1024K, 2 young (2048K), 2 survivors (2048K)
[2021-01-05T15:34:22.049-0400][gc,heap        ] GC(261)  Metaspace       used 42235K, capacity 45463K, committed 45568K, reserved 1089536K
[2021-01-05T15:34:22.049-0400][gc,heap        ] GC(261)   class space    used 4633K, capacity 5865K, committed 5888K, reserved 1048576K
[2021-01-05T15:34:22.049-0400][gc             ] GC(261) Pause Young (Concurrent Start) (G1 Humongous Allocation) 56M->47M(87M) 14.423ms
[2021-01-05T15:34:22.049-0400][gc,cpu         ] GC(261) User=0.05s Sys=0.01s Real=0.02s
[2021-01-05T15:34:22.049-0400][gc             ] GC(262) Concurrent Cycle
[2021-01-05T15:34:22.050-0400][gc,marking     ] GC(262) Concurrent Clear Claimed Marks
[2021-01-05T15:34:22.050-0400][gc,marking     ] GC(262) Concurrent Clear Claimed Marks 0.816ms
[2021-01-05T15:34:22.051-0400][gc,marking     ] GC(262) Concurrent Scan Root Regions
[2021-01-05T15:34:22.058-0400][gc,marking     ] GC(262) Concurrent Scan Root Regions 7.395ms
[2021-01-05T15:34:22.058-0400][gc,marking     ] GC(262) Concurrent Mark (600.677s)
[2021-01-05T15:34:22.058-0400][gc,marking     ] GC(262) Concurrent Mark From Roots
[2021-01-05T15:34:22.058-0400][gc,task        ] GC(262) Using 1 workers of 1 for marking
[2021-01-05T15:34:22.333-0400][gc,marking     ] GC(262) Concurrent Mark From Roots 275.104ms
[2021-01-05T15:34:22.333-0400][gc,marking     ] GC(262) Concurrent Preclean
[2021-01-05T15:34:22.334-0400][gc,marking     ] GC(262) Concurrent Preclean 0.363ms
[2021-01-05T15:34:22.334-0400][gc,marking     ] GC(262) Concurrent Mark (600.677s, 600.952s) 275.680ms
[2021-01-05T15:34:22.335-0400][gc,start       ] GC(262) Pause Remark
[2021-01-05T15:34:22.369-0400][gc,stringtable ] GC(262) Cleaned string and symbol table, strings: 23479 processed, 0 removed, symbols: 95329 processed, 0 removed
[2021-01-05T15:34:22.369-0400][gc             ] GC(262) Pause Remark 50M->50M(87M) 33.991ms
[2021-01-05T15:34:22.370-0400][gc,cpu         ] GC(262) User=0.12s Sys=0.00s Real=0.04s
[2021-01-05T15:34:22.370-0400][gc,marking     ] GC(262) Concurrent Rebuild Remembered Sets
[2021-01-05T15:34:22.529-0400][gc,marking     ] GC(262) Concurrent Rebuild Remembered Sets 159.329ms
[2021-01-05T15:34:22.531-0400][gc,start       ] GC(262) Pause Cleanup
[2021-01-05T15:34:22.531-0400][gc             ] GC(262) Pause Cleanup 50M->50M(87M) 0.499ms
[2021-01-05T15:34:22.532-0400][gc,cpu         ] GC(262) User=0.00s Sys=0.00s Real=0.00s
[2021-01-05T15:34:22.532-0400][gc,marking     ] GC(262) Concurrent Cleanup for Next Mark
[2021-01-05T15:34:22.533-0400][gc,marking     ] GC(262) Concurrent Cleanup for Next Mark 1.008ms
[2021-01-05T15:34:22.533-0400][gc             ] GC(262) Concurrent Cycle 483.766ms
[2021-01-05T15:34:24.634-0400][gc,heap        ] GC(263) Heap before GC invocations=263 (full 2): garbage-first heap   total 89088K, used 66947K [0x0000000083000000, 0x0000000100000000)
[2021-01-05T15:34:24.634-0400][gc,heap        ] GC(263)   region size 1024K, 20 young (20480K), 2 survivors (2048K)
[2021-01-05T15:34:24.634-0400][gc,heap        ] GC(263)  Metaspace       used 42235K, capacity 45463K, committed 45568K, reserved 1089536K
[2021-01-05T15:34:24.634-0400][gc,heap        ] GC(263)   class space    used 4633K, capacity 5865K, committed 5888K, reserved 1048576K
[2021-01-05T15:34:24.634-0400][gc,start       ] GC(263) Pause Young (Normal) (G1 Evacuation Pause)
[2021-01-05T15:34:24.634-0400][gc,task        ] GC(263) Using 4 workers of 4 for evacuation
[2021-01-05T15:34:24.645-0400][gc,phases      ] GC(263)   Pre Evacuate Collection Set: 0.0ms
[2021-01-05T15:34:24.646-0400][gc,phases      ] GC(263)   Evacuate Collection Set: 9.1ms
[2021-01-05T15:34:24.646-0400][gc,phases      ] GC(263)   Post Evacuate Collection Set: 1.4ms
[2021-01-05T15:34:24.646-0400][gc,phases      ] GC(263)   Other: 1.3ms
[2021-01-05T15:34:24.646-0400][gc,heap        ] GC(263) Eden regions: 18->0(19)
[2021-01-05T15:34:24.646-0400][gc,heap        ] GC(263) Survivor regions: 2->1(3)
[2021-01-05T15:34:24.646-0400][gc,heap        ] GC(263) Old regions: 44->45
[2021-01-05T15:34:24.646-0400][gc,heap        ] GC(263) Humongous regions: 5->4
[2021-01-05T15:34:24.646-0400][gc,metaspace   ] GC(263) Metaspace: 42235K->42235K(1089536K)
[2021-01-05T15:34:24.646-0400][gc,heap        ] GC(263) Heap after GC invocations=264 (full 2): garbage-first heap   total 89088K, used 47898K [0x0000000083000000, 0x0000000100000000)
[2021-01-05T15:34:24.646-0400][gc,heap        ] GC(263)   region size 1024K, 1 young (1024K), 1 survivors (1024K)
[2021-01-05T15:34:24.646-0400][gc,heap        ] GC(263)  Metaspace       used 42235K, capacity 45463K, committed 45568K, reserved 1089536K
[2021-01-05T15:34:24.646-0400][gc,heap        ] GC(263)   class space    used 4633K, capacity 5865K, committed 5888K, reserved 1048576K
[2021-01-05T15:34:24.646-0400][gc             ] GC(263) Pause Young (Normal) (G1 Evacuation Pause) 66M->46M(87M) 12.209ms
[2021-01-05T15:34:24.646-0400][gc,cpu         ] GC(263) User=0.04s Sys=0.01s Real=0.02s
[2021-01-05T15:34:30.801-0400][gc,heap        ] GC(264) Heap before GC invocations=264 (full 2): garbage-first heap   total 89088K, used 66330K [0x0000000083000000, 0x0000000100000000)
[2021-01-05T15:34:30.801-0400][gc,heap        ] GC(264)   region size 1024K, 20 young (20480K), 1 survivors (1024K)
[2021-01-05T15:34:30.801-0400][gc,heap        ] GC(264)  Metaspace       used 42235K, capacity 45463K, committed 45568K, reserved 1089536K
[2021-01-05T15:34:30.801-0400][gc,heap        ] GC(264)   class space    used 4633K, capacity 5865K, committed 5888K, reserved 1048576K
[2021-01-05T15:34:30.802-0400][gc,start       ] GC(264) Pause Young (Concurrent Start) (G1 Evacuation Pause)
[2021-01-05T15:34:30.802-0400][gc,task        ] GC(264) Using 4 workers of 4 for evacuation
[2021-01-05T15:34:30.814-0400][gc,phases      ] GC(264)   Pre Evacuate Collection Set: 0.4ms
[2021-01-05T15:34:30.814-0400][gc,phases      ] GC(264)   Evacuate Collection Set: 8.9ms
[2021-01-05T15:34:30.814-0400][gc,phases      ] GC(264)   Post Evacuate Collection Set: 1.7ms
[2021-01-05T15:34:30.814-0400][gc,phases      ] GC(264)   Other: 1.6ms
[2021-01-05T15:34:30.814-0400][gc,heap        ] GC(264) Eden regions: 19->0(20)
[2021-01-05T15:34:30.814-0400][gc,heap        ] GC(264) Survivor regions: 1->1(3)
[2021-01-05T15:34:30.814-0400][gc,heap        ] GC(264) Old regions: 45->45
[2021-01-05T15:34:30.814-0400][gc,heap        ] GC(264) Humongous regions: 4->4
[2021-01-05T15:34:30.814-0400][gc,metaspace   ] GC(264) Metaspace: 42235K->42235K(1089536K)
[2021-01-05T15:34:30.814-0400][gc,heap        ] GC(264) Heap after GC invocations=265 (full 2): garbage-first heap   total 89088K, used 47905K [0x0000000083000000, 0x0000000100000000)
[2021-01-05T15:34:30.814-0400][gc,heap        ] GC(264)   region size 1024K, 1 young (1024K), 1 survivors (1024K)
[2021-01-05T15:34:30.815-0400][gc,heap        ] GC(264)  Metaspace       used 42235K, capacity 45463K, committed 45568K, reserved 1089536K
[2021-01-05T15:34:30.815-0400][gc,heap        ] GC(264)   class space    used 4633K, capacity 5865K, committed 5888K, reserved 1048576K
[2021-01-05T15:34:30.815-0400][gc             ] GC(264) Pause Young (Concurrent Start) (G1 Evacuation Pause) 65M->46M(87M) 12.899ms
[2021-01-05T15:34:30.815-0400][gc,cpu         ] GC(264) User=0.03s Sys=0.01s Real=0.01s
[2021-01-05T15:34:30.815-0400][gc             ] GC(265) Concurrent Cycle
[2021-01-05T15:34:30.815-0400][gc,marking     ] GC(265) Concurrent Clear Claimed Marks
[2021-01-05T15:34:30.816-0400][gc,marking     ] GC(265) Concurrent Clear Claimed Marks 0.794ms
[2021-01-05T15:34:30.816-0400][gc,marking     ] GC(265) Concurrent Scan Root Regions
[2021-01-05T15:34:30.821-0400][gc,marking     ] GC(265) Concurrent Scan Root Regions 4.582ms
[2021-01-05T15:34:30.821-0400][gc,marking     ] GC(265) Concurrent Mark (609.440s)
[2021-01-05T15:34:30.821-0400][gc,marking     ] GC(265) Concurrent Mark From Roots
[2021-01-05T15:34:30.821-0400][gc,task        ] GC(265) Using 1 workers of 1 for marking
[2021-01-05T15:34:31.115-0400][gc,marking     ] GC(265) Concurrent Mark From Roots 293.461ms
[2021-01-05T15:34:31.115-0400][gc,marking     ] GC(265) Concurrent Preclean
[2021-01-05T15:34:31.115-0400][gc,marking     ] GC(265) Concurrent Preclean 0.479ms
[2021-01-05T15:34:31.115-0400][gc,marking     ] GC(265) Concurrent Mark (609.440s, 609.734s) 294.582ms
[2021-01-05T15:34:31.119-0400][gc,start       ] GC(265) Pause Remark
[2021-01-05T15:34:31.152-0400][gc,stringtable ] GC(265) Cleaned string and symbol table, strings: 23479 processed, 1 removed, symbols: 95329 processed, 0 removed
[2021-01-05T15:34:31.153-0400][gc             ] GC(265) Pause Remark 56M->56M(87M) 33.773ms
[2021-01-05T15:34:31.154-0400][gc,cpu         ] GC(265) User=0.12s Sys=0.00s Real=0.03s
[2021-01-05T15:34:31.154-0400][gc,marking     ] GC(265) Concurrent Rebuild Remembered Sets
[2021-01-05T15:34:31.177-0400][gc,task        ] GC(266) Using 3 workers of 4 for full compaction
[2021-01-05T15:34:31.177-0400][gc,start       ] GC(266) Pause Full (System.gc())
[2021-01-05T15:34:31.177-0400][gc,heap        ] GC(266) Heap before GC invocations=265 (full 2): garbage-first heap   total 89088K, used 57121K [0x0000000083000000, 0x0000000100000000)
[2021-01-05T15:34:31.177-0400][gc,heap        ] GC(266)   region size 1024K, 11 young (11264K), 1 survivors (1024K)
[2021-01-05T15:34:31.177-0400][gc,heap        ] GC(266)  Metaspace       used 42235K, capacity 45463K, committed 45568K, reserved 1089536K
[2021-01-05T15:34:31.177-0400][gc,heap        ] GC(266)   class space    used 4633K, capacity 5865K, committed 5888K, reserved 1048576K
[2021-01-05T15:34:31.197-0400][gc,phases,start] GC(266) Phase 1: Mark live objects
[2021-01-05T15:34:31.317-0400][gc,stringtable ] GC(266) Cleaned string and symbol table, strings: 23478 processed, 0 removed, symbols: 95329 processed, 0 removed
[2021-01-05T15:34:31.317-0400][gc,phases      ] GC(266) Phase 1: Mark live objects 119.814ms
[2021-01-05T15:34:31.317-0400][gc,phases,start] GC(266) Phase 2: Prepare for compaction
[2021-01-05T15:34:31.343-0400][gc,phases      ] GC(266) Phase 2: Prepare for compaction 25.308ms
[2021-01-05T15:34:31.343-0400][gc,phases,start] GC(266) Phase 3: Adjust pointers
[2021-01-05T15:34:31.414-0400][gc,phases      ] GC(266) Phase 3: Adjust pointers 71.055ms
[2021-01-05T15:34:31.414-0400][gc,phases,start] GC(266) Phase 4: Compact heap
[2021-01-05T15:34:31.449-0400][gc,phases      ] GC(266) Phase 4: Compact heap 34.869ms
[2021-01-05T15:34:31.477-0400][gc,heap        ] GC(266) Eden regions: 10->0(10)
[2021-01-05T15:34:31.478-0400][gc,heap        ] GC(266) Survivor regions: 1->0(3)
[2021-01-05T15:34:31.478-0400][gc,heap        ] GC(266) Old regions: 45->41
[2021-01-05T15:34:31.478-0400][gc,heap        ] GC(266) Humongous regions: 4->4
[2021-01-05T15:34:31.478-0400][gc,metaspace   ] GC(266) Metaspace: 42235K->42235K(1089536K)
[2021-01-05T15:34:31.478-0400][gc,heap        ] GC(266) Heap after GC invocations=266 (full 3): garbage-first heap   total 66560K, used 42946K [0x0000000083000000, 0x0000000100000000)
[2021-01-05T15:34:31.478-0400][gc,heap        ] GC(266)   region size 1024K, 0 young (0K), 0 survivors (0K)
[2021-01-05T15:34:31.478-0400][gc,heap        ] GC(266)  Metaspace       used 42235K, capacity 45463K, committed 45568K, reserved 1089536K
[2021-01-05T15:34:31.478-0400][gc,heap        ] GC(266)   class space    used 4633K, capacity 5865K, committed 5888K, reserved 1048576K
[2021-01-05T15:34:31.478-0400][gc             ] GC(266) Pause Full (System.gc()) 56M->41M(65M) 300.722ms
[2021-01-05T15:34:31.478-0400][gc,cpu         ] GC(266) User=0.75s Sys=0.02s Real=0.30s
[2021-01-05T15:34:31.479-0400][gc,marking     ] GC(265) Concurrent Rebuild Remembered Sets 324.603ms
[2021-01-05T15:34:31.479-0400][gc,marking     ] GC(265) Concurrent Mark Abort
[2021-01-05T15:34:31.479-0400][gc             ] GC(265) Concurrent Cycle 663.872ms
[2021-01-05T15:34:32.866-0400][gc,heap        ] GC(267) Heap before GC invocations=266 (full 3): garbage-first heap   total 66560K, used 52162K [0x0000000083000000, 0x0000000100000000)
[2021-01-05T15:34:32.866-0400][gc,heap        ] GC(267)   region size 1024K, 10 young (10240K), 0 survivors (0K)
[2021-01-05T15:34:32.866-0400][gc,heap        ] GC(267)  Metaspace       used 42235K, capacity 45463K, committed 45568K, reserved 1089536K
[2021-01-05T15:34:32.866-0400][gc,heap        ] GC(267)   class space    used 4633K, capacity 5865K, committed 5888K, reserved 1048576K
[2021-01-05T15:34:32.866-0400][gc,start       ] GC(267) Pause Young (Normal) (G1 Evacuation Pause)
[2021-01-05T15:34:32.866-0400][gc,task        ] GC(267) Using 4 workers of 4 for evacuation
[2021-01-05T15:34:32.875-0400][gc,phases      ] GC(267)   Pre Evacuate Collection Set: 0.0ms
[2021-01-05T15:34:32.875-0400][gc,phases      ] GC(267)   Evacuate Collection Set: 6.2ms
[2021-01-05T15:34:32.875-0400][gc,phases      ] GC(267)   Post Evacuate Collection Set: 1.6ms
[2021-01-05T15:34:32.875-0400][gc,phases      ] GC(267)   Other: 1.4ms
[2021-01-05T15:34:32.875-0400][gc,heap        ] GC(267) Eden regions: 10->0(8)
[2021-01-05T15:34:32.875-0400][gc,heap        ] GC(267) Survivor regions: 0->2(2)
[2021-01-05T15:34:32.875-0400][gc,heap        ] GC(267) Old regions: 41->41
[2021-01-05T15:34:32.875-0400][gc,heap        ] GC(267) Humongous regions: 4->4
[2021-01-05T15:34:32.875-0400][gc,metaspace   ] GC(267) Metaspace: 42235K->42235K(1089536K)
[2021-01-05T15:34:32.875-0400][gc,heap        ] GC(267) Heap after GC invocations=267 (full 3): garbage-first heap   total 66560K, used 44326K [0x0000000083000000, 0x0000000100000000)
[2021-01-05T15:34:32.875-0400][gc,heap        ] GC(267)   region size 1024K, 2 young (2048K), 2 survivors (2048K)
[2021-01-05T15:34:32.875-0400][gc,heap        ] GC(267)  Metaspace       used 42235K, capacity 45463K, committed 45568K, reserved 1089536K
[2021-01-05T15:34:32.876-0400][gc,heap        ] GC(267)   class space    used 4633K, capacity 5865K, committed 5888K, reserved 1048576K
[2021-01-05T15:34:32.876-0400][gc             ] GC(267) Pause Young (Normal) (G1 Evacuation Pause) 51M->43M(65M) 9.559ms
[2021-01-05T15:34:32.876-0400][gc,cpu         ] GC(267) User=0.03s Sys=0.00s Real=0.01s
[2021-01-05T15:34:32.885-0400][gc,heap        ] GC(268) Heap before GC invocations=267 (full 3): garbage-first heap   total 66560K, used 45350K [0x0000000083000000, 0x0000000100000000)
[2021-01-05T15:34:32.885-0400][gc,heap        ] GC(268)   region size 1024K, 5 young (5120K), 2 survivors (2048K)
[2021-01-05T15:34:32.885-0400][gc,heap        ] GC(268)  Metaspace       used 42235K, capacity 45463K, committed 45568K, reserved 1089536K
[2021-01-05T15:34:32.885-0400][gc,heap        ] GC(268)   class space    used 4633K, capacity 5865K, committed 5888K, reserved 1048576K
[2021-01-05T15:34:32.885-0400][gc,start       ] GC(268) Pause Young (Concurrent Start) (G1 Humongous Allocation)
[2021-01-05T15:34:32.885-0400][gc,task        ] GC(268) Using 4 workers of 4 for evacuation
[2021-01-05T15:34:32.896-0400][gc,phases      ] GC(268)   Pre Evacuate Collection Set: 0.4ms
[2021-01-05T15:34:32.896-0400][gc,phases      ] GC(268)   Evacuate Collection Set: 8.6ms
[2021-01-05T15:34:32.896-0400][gc,phases      ] GC(268)   Post Evacuate Collection Set: 0.6ms
[2021-01-05T15:34:32.896-0400][gc,phases      ] GC(268)   Other: 1.5ms
[2021-01-05T15:34:32.896-0400][gc,heap        ] GC(268) Eden regions: 3->0(8)
[2021-01-05T15:34:32.896-0400][gc,heap        ] GC(268) Survivor regions: 2->1(2)
[2021-01-05T15:34:32.896-0400][gc,heap        ] GC(268) Old regions: 41->42
[2021-01-05T15:34:32.896-0400][gc,heap        ] GC(268) Humongous regions: 4->4
[2021-01-05T15:34:32.896-0400][gc,metaspace   ] GC(268) Metaspace: 42235K->42235K(1089536K)
[2021-01-05T15:34:32.896-0400][gc,heap        ] GC(268) Heap after GC invocations=268 (full 3): garbage-first heap   total 66560K, used 44318K [0x0000000083000000, 0x0000000100000000)
[2021-01-05T15:34:32.896-0400][gc,heap        ] GC(268)   region size 1024K, 1 young (1024K), 1 survivors (1024K)
[2021-01-05T15:34:32.897-0400][gc,heap        ] GC(268)  Metaspace       used 42235K, capacity 45463K, committed 45568K, reserved 1089536K
[2021-01-05T15:34:32.897-0400][gc,heap        ] GC(268)   class space    used 4633K, capacity 5865K, committed 5888K, reserved 1048576K
[2021-01-05T15:34:32.897-0400][gc             ] GC(268) Pause Young (Concurrent Start) (G1 Humongous Allocation) 45M->43M(65M) 11.537ms
[2021-01-05T15:34:32.897-0400][gc,cpu         ] GC(268) User=0.03s Sys=0.00s Real=0.02s
[2021-01-05T15:34:32.897-0400][gc             ] GC(269) Concurrent Cycle
[2021-01-05T15:34:32.897-0400][gc,marking     ] GC(269) Concurrent Clear Claimed Marks
[2021-01-05T15:34:32.899-0400][gc,marking     ] GC(269) Concurrent Clear Claimed Marks 1.344ms
[2021-01-05T15:34:32.899-0400][gc,marking     ] GC(269) Concurrent Scan Root Regions
[2021-01-05T15:34:32.900-0400][gc,marking     ] GC(269) Concurrent Scan Root Regions 1.204ms
[2021-01-05T15:34:32.900-0400][gc,marking     ] GC(269) Concurrent Mark (611.519s)
[2021-01-05T15:34:32.901-0400][gc,marking     ] GC(269) Concurrent Mark From Roots
[2021-01-05T15:34:32.901-0400][gc,task        ] GC(269) Using 1 workers of 1 for marking
[2021-01-05T15:34:33.194-0400][gc,marking     ] GC(269) Concurrent Mark From Roots 293.088ms
[2021-01-05T15:34:33.194-0400][gc,marking     ] GC(269) Concurrent Preclean
[2021-01-05T15:34:33.194-0400][gc,marking     ] GC(269) Concurrent Preclean 0.490ms
[2021-01-05T15:34:33.194-0400][gc,marking     ] GC(269) Concurrent Mark (611.519s, 611.813s) 293.893ms
[2021-01-05T15:34:33.196-0400][gc,start       ] GC(269) Pause Remark
[2021-01-05T15:34:33.229-0400][gc,stringtable ] GC(269) Cleaned string and symbol table, strings: 23478 processed, 0 removed, symbols: 95329 processed, 0 removed
[2021-01-05T15:34:33.230-0400][gc             ] GC(269) Pause Remark 47M->47M(65M) 33.640ms
[2021-01-05T15:34:33.230-0400][gc,cpu         ] GC(269) User=0.12s Sys=0.00s Real=0.03s
[2021-01-05T15:34:33.230-0400][gc,marking     ] GC(269) Concurrent Rebuild Remembered Sets
[2021-01-05T15:34:33.402-0400][gc,marking     ] GC(269) Concurrent Rebuild Remembered Sets 171.278ms
[2021-01-05T15:34:33.403-0400][gc,start       ] GC(269) Pause Cleanup
[2021-01-05T15:34:33.404-0400][gc             ] GC(269) Pause Cleanup 47M->47M(65M) 0.514ms
[2021-01-05T15:34:33.404-0400][gc,cpu         ] GC(269) User=0.00s Sys=0.00s Real=0.00s
[2021-01-05T15:34:33.404-0400][gc,marking     ] GC(269) Concurrent Cleanup for Next Mark
[2021-01-05T15:34:33.405-0400][gc,marking     ] GC(269) Concurrent Cleanup for Next Mark 0.841ms
[2021-01-05T15:34:33.405-0400][gc             ] GC(269) Concurrent Cycle 507.899ms
[2021-01-05T15:34:35.992-0400][gc,heap        ] GC(270) Heap before GC invocations=269 (full 3): garbage-first heap   total 66560K, used 53534K [0x0000000083000000, 0x0000000100000000)
[2021-01-05T15:34:35.992-0400][gc,heap        ] GC(270)   region size 1024K, 9 young (9216K), 1 survivors (1024K)
[2021-01-05T15:34:35.992-0400][gc,heap        ] GC(270)  Metaspace       used 42235K, capacity 45463K, committed 45568K, reserved 1089536K
[2021-01-05T15:34:35.992-0400][gc,heap        ] GC(270)   class space    used 4633K, capacity 5865K, committed 5888K, reserved 1048576K
[2021-01-05T15:34:35.992-0400][gc,start       ] GC(270) Pause Young (Normal) (G1 Evacuation Pause)
[2021-01-05T15:34:35.992-0400][gc,task        ] GC(270) Using 4 workers of 4 for evacuation
[2021-01-05T15:34:35.999-0400][gc,phases      ] GC(270)   Pre Evacuate Collection Set: 0.0ms
[2021-01-05T15:34:36.000-0400][gc,phases      ] GC(270)   Evacuate Collection Set: 5.1ms
[2021-01-05T15:34:36.000-0400][gc,phases      ] GC(270)   Post Evacuate Collection Set: 1.3ms
[2021-01-05T15:34:36.000-0400][gc,phases      ] GC(270)   Other: 1.3ms
[2021-01-05T15:34:36.000-0400][gc,heap        ] GC(270) Eden regions: 8->0(6)
[2021-01-05T15:34:36.000-0400][gc,heap        ] GC(270) Survivor regions: 1->1(2)
[2021-01-05T15:34:36.000-0400][gc,heap        ] GC(270) Old regions: 42->42
[2021-01-05T15:34:36.000-0400][gc,heap        ] GC(270) Humongous regions: 6->6
[2021-01-05T15:34:36.000-0400][gc,metaspace   ] GC(270) Metaspace: 42235K->42235K(1089536K)
[2021-01-05T15:34:36.000-0400][gc,heap        ] GC(270) Heap after GC invocations=270 (full 3): garbage-first heap   total 66560K, used 46731K [0x0000000083000000, 0x0000000100000000)
[2021-01-05T15:34:36.000-0400][gc,heap        ] GC(270)   region size 1024K, 1 young (1024K), 1 survivors (1024K)
[2021-01-05T15:34:36.000-0400][gc,heap        ] GC(270)  Metaspace       used 42235K, capacity 45463K, committed 45568K, reserved 1089536K
[2021-01-05T15:34:36.000-0400][gc,heap        ] GC(270)   class space    used 4633K, capacity 5865K, committed 5888K, reserved 1048576K
[2021-01-05T15:34:36.000-0400][gc             ] GC(270) Pause Young (Normal) (G1 Evacuation Pause) 53M->45M(65M) 8.189ms
[2021-01-05T15:34:36.002-0400][gc,cpu         ] GC(270) User=0.02s Sys=0.00s Real=0.01s
[2021-01-05T15:34:39.143-0400][gc,heap        ] GC(271) Heap before GC invocations=270 (full 3): garbage-first heap   total 66560K, used 52875K [0x0000000083000000, 0x0000000100000000)
[2021-01-05T15:34:39.143-0400][gc,heap        ] GC(271)   region size 1024K, 7 young (7168K), 1 survivors (1024K)
[2021-01-05T15:34:39.143-0400][gc,heap        ] GC(271)  Metaspace       used 42235K, capacity 45463K, committed 45568K, reserved 1089536K
[2021-01-05T15:34:39.144-0400][gc,heap        ] GC(271)   class space    used 4633K, capacity 5865K, committed 5888K, reserved 1048576K
[2021-01-05T15:34:39.144-0400][gc,start       ] GC(271) Pause Young (Concurrent Start) (G1 Evacuation Pause)
[2021-01-05T15:34:39.144-0400][gc,task        ] GC(271) Using 4 workers of 4 for evacuation
[2021-01-05T15:34:39.155-0400][gc,phases      ] GC(271)   Pre Evacuate Collection Set: 0.6ms
[2021-01-05T15:34:39.155-0400][gc,phases      ] GC(271)   Evacuate Collection Set: 7.7ms
[2021-01-05T15:34:39.155-0400][gc,phases      ] GC(271)   Post Evacuate Collection Set: 1.5ms
[2021-01-05T15:34:39.155-0400][gc,phases      ] GC(271)   Other: 1.8ms
[2021-01-05T15:34:39.155-0400][gc,heap        ] GC(271) Eden regions: 6->0(5)
[2021-01-05T15:34:39.155-0400][gc,heap        ] GC(271) Survivor regions: 1->1(1)
[2021-01-05T15:34:39.155-0400][gc,heap        ] GC(271) Old regions: 42->43
[2021-01-05T15:34:39.155-0400][gc,heap        ] GC(271) Humongous regions: 6->6
[2021-01-05T15:34:39.155-0400][gc,metaspace   ] GC(271) Metaspace: 42235K->42235K(1089536K)
[2021-01-05T15:34:39.155-0400][gc,heap        ] GC(271) Heap after GC invocations=271 (full 3): garbage-first heap   total 66560K, used 47054K [0x0000000083000000, 0x0000000100000000)
[2021-01-05T15:34:39.156-0400][gc,heap        ] GC(271)   region size 1024K, 1 young (1024K), 1 survivors (1024K)
[2021-01-05T15:34:39.156-0400][gc,heap        ] GC(271)  Metaspace       used 42235K, capacity 45463K, committed 45568K, reserved 1089536K
[2021-01-05T15:34:39.156-0400][gc,heap        ] GC(271)   class space    used 4633K, capacity 5865K, committed 5888K, reserved 1048576K
[2021-01-05T15:34:39.156-0400][gc             ] GC(271) Pause Young (Concurrent Start) (G1 Evacuation Pause) 51M->45M(65M) 11.800ms
[2021-01-05T15:34:39.156-0400][gc,cpu         ] GC(271) User=0.02s Sys=0.01s Real=0.02s
[2021-01-05T15:34:39.156-0400][gc             ] GC(272) Concurrent Cycle
[2021-01-05T15:34:39.156-0400][gc,marking     ] GC(272) Concurrent Clear Claimed Marks
[2021-01-05T15:34:39.157-0400][gc,marking     ] GC(272) Concurrent Clear Claimed Marks 0.825ms
[2021-01-05T15:34:39.157-0400][gc,marking     ] GC(272) Concurrent Scan Root Regions
[2021-01-05T15:34:39.161-0400][gc,marking     ] GC(272) Concurrent Scan Root Regions 4.260ms
[2021-01-05T15:34:39.162-0400][gc,marking     ] GC(272) Concurrent Mark (617.780s)
[2021-01-05T15:34:39.162-0400][gc,marking     ] GC(272) Concurrent Mark From Roots
[2021-01-05T15:34:39.162-0400][gc,task        ] GC(272) Using 1 workers of 1 for marking
[2021-01-05T15:34:39.211-0400][gc,heap        ] GC(273) Heap before GC invocations=271 (full 3): garbage-first heap   total 66560K, used 52174K [0x0000000083000000, 0x0000000100000000)
[2021-01-05T15:34:39.211-0400][gc,heap        ] GC(273)   region size 1024K, 6 young (6144K), 1 survivors (1024K)
[2021-01-05T15:34:39.211-0400][gc,heap        ] GC(273)  Metaspace       used 42235K, capacity 45463K, committed 45568K, reserved 1089536K
[2021-01-05T15:34:39.211-0400][gc,heap        ] GC(273)   class space    used 4633K, capacity 5865K, committed 5888K, reserved 1048576K
[2021-01-05T15:34:39.211-0400][gc,start       ] GC(273) Pause Young (Normal) (G1 Evacuation Pause)
[2021-01-05T15:34:39.211-0400][gc,task        ] GC(273) Using 4 workers of 4 for evacuation
[2021-01-05T15:34:39.219-0400][gc,phases      ] GC(273)   Pre Evacuate Collection Set: 0.0ms
[2021-01-05T15:34:39.219-0400][gc,phases      ] GC(273)   Evacuate Collection Set: 5.1ms
[2021-01-05T15:34:39.219-0400][gc,phases      ] GC(273)   Post Evacuate Collection Set: 1.3ms
[2021-01-05T15:34:39.219-0400][gc,phases      ] GC(273)   Other: 1.4ms
[2021-01-05T15:34:39.219-0400][gc,heap        ] GC(273) Eden regions: 5->0(5)
[2021-01-05T15:34:39.219-0400][gc,heap        ] GC(273) Survivor regions: 1->1(1)
[2021-01-05T15:34:39.219-0400][gc,heap        ] GC(273) Old regions: 43->43
[2021-01-05T15:34:39.219-0400][gc,heap        ] GC(273) Humongous regions: 6->6
[2021-01-05T15:34:39.219-0400][gc,metaspace   ] GC(273) Metaspace: 42235K->42235K(1089536K)
[2021-01-05T15:34:39.219-0400][gc,heap        ] GC(273) Heap after GC invocations=272 (full 3): garbage-first heap   total 66560K, used 47245K [0x0000000083000000, 0x0000000100000000)
[2021-01-05T15:34:39.219-0400][gc,heap        ] GC(273)   region size 1024K, 1 young (1024K), 1 survivors (1024K)
[2021-01-05T15:34:39.219-0400][gc,heap        ] GC(273)  Metaspace       used 42235K, capacity 45463K, committed 45568K, reserved 1089536K
[2021-01-05T15:34:39.219-0400][gc,heap        ] GC(273)   class space    used 4633K, capacity 5865K, committed 5888K, reserved 1048576K
[2021-01-05T15:34:39.219-0400][gc             ] GC(273) Pause Young (Normal) (G1 Evacuation Pause) 50M->46M(65M) 8.114ms
[2021-01-05T15:34:39.220-0400][gc,cpu         ] GC(273) User=0.02s Sys=0.00s Real=0.01s
[2021-01-05T15:34:39.253-0400][gc,heap        ] GC(274) Heap before GC invocations=272 (full 3): garbage-first heap   total 66560K, used 52365K [0x0000000083000000, 0x0000000100000000)
[2021-01-05T15:34:39.253-0400][gc,heap        ] GC(274)   region size 1024K, 6 young (6144K), 1 survivors (1024K)
[2021-01-05T15:34:39.253-0400][gc,heap        ] GC(274)  Metaspace       used 42235K, capacity 45463K, committed 45568K, reserved 1089536K
[2021-01-05T15:34:39.253-0400][gc,heap        ] GC(274)   class space    used 4633K, capacity 5865K, committed 5888K, reserved 1048576K
[2021-01-05T15:34:39.253-0400][gc,start       ] GC(274) Pause Young (Normal) (G1 Evacuation Pause)
[2021-01-05T15:34:39.253-0400][gc,task        ] GC(274) Using 4 workers of 4 for evacuation
[2021-01-05T15:34:39.261-0400][gc,phases      ] GC(274)   Pre Evacuate Collection Set: 0.0ms
[2021-01-05T15:34:39.261-0400][gc,phases      ] GC(274)   Evacuate Collection Set: 5.4ms
[2021-01-05T15:34:39.261-0400][gc,phases      ] GC(274)   Post Evacuate Collection Set: 1.4ms
[2021-01-05T15:34:39.261-0400][gc,phases      ] GC(274)   Other: 1.3ms
[2021-01-05T15:34:39.261-0400][gc,heap        ] GC(274) Eden regions: 5->0(5)
[2021-01-05T15:34:39.261-0400][gc,heap        ] GC(274) Survivor regions: 1->1(1)
[2021-01-05T15:34:39.261-0400][gc,heap        ] GC(274) Old regions: 43->43
[2021-01-05T15:34:39.261-0400][gc,heap        ] GC(274) Humongous regions: 6->6
[2021-01-05T15:34:39.261-0400][gc,metaspace   ] GC(274) Metaspace: 42235K->42235K(1089536K)
[2021-01-05T15:34:39.261-0400][gc,heap        ] GC(274) Heap after GC invocations=273 (full 3): garbage-first heap   total 66560K, used 47350K [0x0000000083000000, 0x0000000100000000)
[2021-01-05T15:34:39.262-0400][gc,heap        ] GC(274)   region size 1024K, 1 young (1024K), 1 survivors (1024K)
[2021-01-05T15:34:39.262-0400][gc,heap        ] GC(274)  Metaspace       used 42235K, capacity 45463K, committed 45568K, reserved 1089536K
[2021-01-05T15:34:39.262-0400][gc,heap        ] GC(274)   class space    used 4633K, capacity 5865K, committed 5888K, reserved 1048576K
[2021-01-05T15:34:39.262-0400][gc             ] GC(274) Pause Young (Normal) (G1 Evacuation Pause) 51M->46M(65M) 8.511ms
[2021-01-05T15:34:39.262-0400][gc,cpu         ] GC(274) User=0.02s Sys=0.00s Real=0.01s
[2021-01-05T15:34:39.499-0400][gc,marking     ] GC(272) Concurrent Mark From Roots 337.041ms
[2021-01-05T15:34:39.499-0400][gc,marking     ] GC(272) Concurrent Preclean
[2021-01-05T15:34:39.499-0400][gc,marking     ] GC(272) Concurrent Preclean 0.311ms
[2021-01-05T15:34:39.499-0400][gc,marking     ] GC(272) Concurrent Mark (617.780s, 618.118s) 337.580ms
[2021-01-05T15:34:39.501-0400][gc,start       ] GC(272) Pause Remark
[2021-01-05T15:34:39.534-0400][gc,stringtable ] GC(272) Cleaned string and symbol table, strings: 23478 processed, 0 removed, symbols: 95329 processed, 0 removed
[2021-01-05T15:34:39.535-0400][gc             ] GC(272) Pause Remark 50M->48M(65M) 33.962ms
[2021-01-05T15:34:39.535-0400][gc,cpu         ] GC(272) User=0.12s Sys=0.01s Real=0.03s
[2021-01-05T15:34:39.536-0400][gc,marking     ] GC(272) Concurrent Rebuild Remembered Sets
[2021-01-05T15:34:39.705-0400][gc,marking     ] GC(272) Concurrent Rebuild Remembered Sets 169.214ms
[2021-01-05T15:34:39.707-0400][gc,start       ] GC(272) Pause Cleanup
[2021-01-05T15:34:39.707-0400][gc             ] GC(272) Pause Cleanup 48M->48M(65M) 0.463ms
[2021-01-05T15:34:39.708-0400][gc,cpu         ] GC(272) User=0.00s Sys=0.00s Real=0.00s
[2021-01-05T15:34:39.708-0400][gc,marking     ] GC(272) Concurrent Cleanup for Next Mark
[2021-01-05T15:34:39.709-0400][gc,marking     ] GC(272) Concurrent Cleanup for Next Mark 1.061ms
[2021-01-05T15:34:39.709-0400][gc             ] GC(272) Concurrent Cycle 553.191ms
[2021-01-05T15:34:40.427-0400][gc,heap        ] GC(275) Heap before GC invocations=274 (full 3): garbage-first heap   total 66560K, used 49398K [0x0000000083000000, 0x0000000100000000)
[2021-01-05T15:34:40.427-0400][gc,heap        ] GC(275)   region size 1024K, 6 young (6144K), 1 survivors (1024K)
[2021-01-05T15:34:40.427-0400][gc,heap        ] GC(275)  Metaspace       used 42235K, capacity 45463K, committed 45568K, reserved 1089536K
[2021-01-05T15:34:40.427-0400][gc,heap        ] GC(275)   class space    used 4633K, capacity 5865K, committed 5888K, reserved 1048576K
[2021-01-05T15:34:40.427-0400][gc,start       ] GC(275) Pause Young (Normal) (G1 Evacuation Pause)
[2021-01-05T15:34:40.427-0400][gc,task        ] GC(275) Using 4 workers of 4 for evacuation
[2021-01-05T15:34:40.434-0400][gc,phases      ] GC(275)   Pre Evacuate Collection Set: 0.0ms
[2021-01-05T15:34:40.435-0400][gc,phases      ] GC(275)   Evacuate Collection Set: 4.7ms
[2021-01-05T15:34:40.435-0400][gc,phases      ] GC(275)   Post Evacuate Collection Set: 1.5ms
[2021-01-05T15:34:40.435-0400][gc,phases      ] GC(275)   Other: 1.3ms
[2021-01-05T15:34:40.435-0400][gc,heap        ] GC(275) Eden regions: 5->0(7)
[2021-01-05T15:34:40.435-0400][gc,heap        ] GC(275) Survivor regions: 1->1(1)
[2021-01-05T15:34:40.435-0400][gc,heap        ] GC(275) Old regions: 43->43
[2021-01-05T15:34:40.435-0400][gc,heap        ] GC(275) Humongous regions: 4->4
[2021-01-05T15:34:40.435-0400][gc,metaspace   ] GC(275) Metaspace: 42235K->42235K(1089536K)
[2021-01-05T15:34:40.435-0400][gc,heap        ] GC(275) Heap after GC invocations=275 (full 3): garbage-first heap   total 66560K, used 44903K [0x0000000083000000, 0x0000000100000000)
[2021-01-05T15:34:40.435-0400][gc,heap        ] GC(275)   region size 1024K, 1 young (1024K), 1 survivors (1024K)
[2021-01-05T15:34:40.435-0400][gc,heap        ] GC(275)  Metaspace       used 42235K, capacity 45463K, committed 45568K, reserved 1089536K
[2021-01-05T15:34:40.435-0400][gc,heap        ] GC(275)   class space    used 4633K, capacity 5865K, committed 5888K, reserved 1048576K
[2021-01-05T15:34:40.435-0400][gc             ] GC(275) Pause Young (Normal) (G1 Evacuation Pause) 49M->43M(65M) 7.934ms
[2021-01-05T15:34:40.435-0400][gc,cpu         ] GC(275) User=0.02s Sys=0.00s Real=0.00s
[2021-01-05T15:34:42.221-0400][gc,heap        ] GC(276) Heap before GC invocations=275 (full 3): garbage-first heap   total 66560K, used 51047K [0x0000000083000000, 0x0000000100000000)
[2021-01-05T15:34:42.221-0400][gc,heap        ] GC(276)   region size 1024K, 8 young (8192K), 1 survivors (1024K)
[2021-01-05T15:34:42.221-0400][gc,heap        ] GC(276)  Metaspace       used 42235K, capacity 45463K, committed 45568K, reserved 1089536K
[2021-01-05T15:34:42.221-0400][gc,heap        ] GC(276)   class space    used 4633K, capacity 5865K, committed 5888K, reserved 1048576K
[2021-01-05T15:34:42.221-0400][gc,start       ] GC(276) Pause Young (Concurrent Start) (G1 Evacuation Pause)
[2021-01-05T15:34:42.221-0400][gc,task        ] GC(276) Using 4 workers of 4 for evacuation
[2021-01-05T15:34:42.234-0400][gc,phases      ] GC(276)   Pre Evacuate Collection Set: 0.3ms
[2021-01-05T15:34:42.234-0400][gc,phases      ] GC(276)   Evacuate Collection Set: 9.5ms
[2021-01-05T15:34:42.234-0400][gc,phases      ] GC(276)   Post Evacuate Collection Set: 1.6ms
[2021-01-05T15:34:42.234-0400][gc,phases      ] GC(276)   Other: 1.5ms
[2021-01-05T15:34:42.234-0400][gc,heap        ] GC(276) Eden regions: 7->0(7)
[2021-01-05T15:34:42.234-0400][gc,heap        ] GC(276) Survivor regions: 1->1(1)
[2021-01-05T15:34:42.234-0400][gc,heap        ] GC(276) Old regions: 43->43
[2021-01-05T15:34:42.234-0400][gc,heap        ] GC(276) Humongous regions: 4->4
[2021-01-05T15:34:42.234-0400][gc,metaspace   ] GC(276) Metaspace: 42235K->42235K(1089536K)
[2021-01-05T15:34:42.234-0400][gc,heap        ] GC(276) Heap after GC invocations=276 (full 3): garbage-first heap   total 66560K, used 45920K [0x0000000083000000, 0x0000000100000000)
[2021-01-05T15:34:42.234-0400][gc,heap        ] GC(276)   region size 1024K, 1 young (1024K), 1 survivors (1024K)
[2021-01-05T15:34:42.234-0400][gc,heap        ] GC(276)  Metaspace       used 42235K, capacity 45463K, committed 45568K, reserved 1089536K
[2021-01-05T15:34:42.234-0400][gc,heap        ] GC(276)   class space    used 4633K, capacity 5865K, committed 5888K, reserved 1048576K
[2021-01-05T15:34:42.234-0400][gc             ] GC(276) Pause Young (Concurrent Start) (G1 Evacuation Pause) 50M->44M(65M) 13.313ms
[2021-01-05T15:34:42.235-0400][gc,cpu         ] GC(276) User=0.03s Sys=0.00s Real=0.01s
[2021-01-05T15:34:42.236-0400][gc             ] GC(277) Concurrent Cycle
[2021-01-05T15:34:42.236-0400][gc,marking     ] GC(277) Concurrent Clear Claimed Marks
[2021-01-05T15:34:42.237-0400][gc,marking     ] GC(277) Concurrent Clear Claimed Marks 0.624ms
[2021-01-05T15:34:42.237-0400][gc,marking     ] GC(277) Concurrent Scan Root Regions
[2021-01-05T15:34:42.243-0400][gc,marking     ] GC(277) Concurrent Scan Root Regions 5.999ms
[2021-01-05T15:34:42.243-0400][gc,marking     ] GC(277) Concurrent Mark (620.862s)
[2021-01-05T15:34:42.243-0400][gc,marking     ] GC(277) Concurrent Mark From Roots
[2021-01-05T15:34:42.243-0400][gc,task        ] GC(277) Using 1 workers of 1 for marking
[2021-01-05T15:34:42.280-0400][gc,heap        ] GC(278) Heap before GC invocations=276 (full 3): garbage-first heap   total 66560K, used 52064K [0x0000000083000000, 0x0000000100000000)
[2021-01-05T15:34:42.280-0400][gc,heap        ] GC(278)   region size 1024K, 8 young (8192K), 1 survivors (1024K)
[2021-01-05T15:34:42.280-0400][gc,heap        ] GC(278)  Metaspace       used 42235K, capacity 45463K, committed 45568K, reserved 1089536K
[2021-01-05T15:34:42.280-0400][gc,heap        ] GC(278)   class space    used 4633K, capacity 5865K, committed 5888K, reserved 1048576K
[2021-01-05T15:34:42.280-0400][gc,start       ] GC(278) Pause Young (Normal) (G1 Evacuation Pause)
[2021-01-05T15:34:42.280-0400][gc,task        ] GC(278) Using 4 workers of 4 for evacuation
[2021-01-05T15:34:42.290-0400][gc,phases      ] GC(278)   Pre Evacuate Collection Set: 0.1ms
[2021-01-05T15:34:42.290-0400][gc,phases      ] GC(278)   Evacuate Collection Set: 7.9ms
[2021-01-05T15:34:42.290-0400][gc,phases      ] GC(278)   Post Evacuate Collection Set: 0.6ms
[2021-01-05T15:34:42.290-0400][gc,phases      ] GC(278)   Other: 1.3ms
[2021-01-05T15:34:42.290-0400][gc,heap        ] GC(278) Eden regions: 7->0(6)
[2021-01-05T15:34:42.290-0400][gc,heap        ] GC(278) Survivor regions: 1->1(1)
[2021-01-05T15:34:42.290-0400][gc,heap        ] GC(278) Old regions: 43->44
[2021-01-05T15:34:42.290-0400][gc,heap        ] GC(278) Humongous regions: 4->4
[2021-01-05T15:34:42.290-0400][gc,metaspace   ] GC(278) Metaspace: 42235K->42235K(1089536K)
[2021-01-05T15:34:42.290-0400][gc,heap        ] GC(278) Heap after GC invocations=277 (full 3): garbage-first heap   total 66560K, used 46321K [0x0000000083000000, 0x0000000100000000)
[2021-01-05T15:34:42.290-0400][gc,heap        ] GC(278)   region size 1024K, 1 young (1024K), 1 survivors (1024K)
[2021-01-05T15:34:42.290-0400][gc,heap        ] GC(278)  Metaspace       used 42235K, capacity 45463K, committed 45568K, reserved 1089536K
[2021-01-05T15:34:42.290-0400][gc,heap        ] GC(278)   class space    used 4633K, capacity 5865K, committed 5888K, reserved 1048576K
[2021-01-05T15:34:42.290-0400][gc             ] GC(278) Pause Young (Normal) (G1 Evacuation Pause) 51M->45M(65M) 10.278ms
[2021-01-05T15:34:42.291-0400][gc,cpu         ] GC(278) User=0.03s Sys=0.00s Real=0.01s
[2021-01-05T15:34:42.555-0400][gc,marking     ] GC(277) Concurrent Mark From Roots 311.969ms
[2021-01-05T15:34:42.555-0400][gc,marking     ] GC(277) Concurrent Preclean
[2021-01-05T15:34:42.556-0400][gc,marking     ] GC(277) Concurrent Preclean 0.309ms
[2021-01-05T15:34:42.556-0400][gc,marking     ] GC(277) Concurrent Mark (620.862s, 621.174s) 312.486ms
[2021-01-05T15:34:42.557-0400][gc,start       ] GC(277) Pause Remark
[2021-01-05T15:34:42.591-0400][gc,stringtable ] GC(277) Cleaned string and symbol table, strings: 23478 processed, 0 removed, symbols: 95329 processed, 0 removed
[2021-01-05T15:34:42.591-0400][gc             ] GC(277) Pause Remark 49M->49M(65M) 34.134ms
[2021-01-05T15:34:42.592-0400][gc,cpu         ] GC(277) User=0.13s Sys=0.01s Real=0.03s
[2021-01-05T15:34:42.592-0400][gc,marking     ] GC(277) Concurrent Rebuild Remembered Sets
[2021-01-05T15:34:42.773-0400][gc,marking     ] GC(277) Concurrent Rebuild Remembered Sets 180.897ms
[2021-01-05T15:34:42.775-0400][gc,start       ] GC(277) Pause Cleanup
[2021-01-05T15:34:42.775-0400][gc             ] GC(277) Pause Cleanup 50M->50M(65M) 0.423ms
[2021-01-05T15:34:42.776-0400][gc,cpu         ] GC(277) User=0.00s Sys=0.00s Real=0.00s
[2021-01-05T15:34:42.776-0400][gc,marking     ] GC(277) Concurrent Cleanup for Next Mark
[2021-01-05T15:34:42.777-0400][gc,marking     ] GC(277) Concurrent Cleanup for Next Mark 1.009ms
[2021-01-05T15:34:42.777-0400][gc             ] GC(277) Concurrent Cycle 541.188ms
[2021-01-05T15:34:44.348-0400][gc,heap        ] GC(279) Heap before GC invocations=278 (full 3): garbage-first heap   total 66560K, used 53489K [0x0000000083000000, 0x0000000100000000)
[2021-01-05T15:34:44.348-0400][gc,heap        ] GC(279)   region size 1024K, 7 young (7168K), 1 survivors (1024K)
[2021-01-05T15:34:44.348-0400][gc,heap        ] GC(279)  Metaspace       used 42237K, capacity 45466K, committed 45568K, reserved 1089536K
[2021-01-05T15:34:44.348-0400][gc,heap        ] GC(279)   class space    used 4634K, capacity 5866K, committed 5888K, reserved 1048576K
[2021-01-05T15:34:44.348-0400][gc,start       ] GC(279) Pause Young (Prepare Mixed) (G1 Evacuation Pause)
[2021-01-05T15:34:44.348-0400][gc,task        ] GC(279) Using 4 workers of 4 for evacuation
[2021-01-05T15:34:44.358-0400][gc,phases      ] GC(279)   Pre Evacuate Collection Set: 0.0ms
[2021-01-05T15:34:44.358-0400][gc,phases      ] GC(279)   Evacuate Collection Set: 7.3ms
[2021-01-05T15:34:44.358-0400][gc,phases      ] GC(279)   Post Evacuate Collection Set: 1.5ms
[2021-01-05T15:34:44.358-0400][gc,phases      ] GC(279)   Other: 1.4ms
[2021-01-05T15:34:44.358-0400][gc,heap        ] GC(279) Eden regions: 6->0(2)
[2021-01-05T15:34:44.358-0400][gc,heap        ] GC(279) Survivor regions: 1->1(1)
[2021-01-05T15:34:44.358-0400][gc,heap        ] GC(279) Old regions: 44->44
[2021-01-05T15:34:44.358-0400][gc,heap        ] GC(279) Humongous regions: 6->4
[2021-01-05T15:34:44.358-0400][gc,metaspace   ] GC(279) Metaspace: 42237K->42237K(1089536K)
[2021-01-05T15:34:44.358-0400][gc,heap        ] GC(279) Heap after GC invocations=279 (full 3): garbage-first heap   total 66560K, used 46133K [0x0000000083000000, 0x0000000100000000)
[2021-01-05T15:34:44.358-0400][gc,heap        ] GC(279)   region size 1024K, 1 young (1024K), 1 survivors (1024K)
[2021-01-05T15:34:44.358-0400][gc,heap        ] GC(279)  Metaspace       used 42237K, capacity 45466K, committed 45568K, reserved 1089536K
[2021-01-05T15:34:44.358-0400][gc,heap        ] GC(279)   class space    used 4634K, capacity 5866K, committed 5888K, reserved 1048576K
[2021-01-05T15:34:44.359-0400][gc             ] GC(279) Pause Young (Prepare Mixed) (G1 Evacuation Pause) 53M->45M(65M) 10.548ms
[2021-01-05T15:34:44.359-0400][gc,cpu         ] GC(279) User=0.03s Sys=0.00s Real=0.01s
[2021-01-05T15:34:44.441-0400][gc,heap        ] GC(280) Heap before GC invocations=279 (full 3): garbage-first heap   total 66560K, used 47157K [0x0000000083000000, 0x0000000100000000)
[2021-01-05T15:34:44.441-0400][gc,heap        ] GC(280)   region size 1024K, 3 young (3072K), 1 survivors (1024K)
[2021-01-05T15:34:44.441-0400][gc,heap        ] GC(280)  Metaspace       used 42237K, capacity 45466K, committed 45568K, reserved 1089536K
[2021-01-05T15:34:44.441-0400][gc,heap        ] GC(280)   class space    used 4634K, capacity 5866K, committed 5888K, reserved 1048576K
[2021-01-05T15:34:44.441-0400][gc,start       ] GC(280) Pause Young (Mixed) (G1 Evacuation Pause)
[2021-01-05T15:34:44.441-0400][gc,task        ] GC(280) Using 4 workers of 4 for evacuation
[2021-01-05T15:34:44.448-0400][gc,phases      ] GC(280)   Pre Evacuate Collection Set: 0.0ms
[2021-01-05T15:34:44.448-0400][gc,phases      ] GC(280)   Evacuate Collection Set: 4.5ms
[2021-01-05T15:34:44.448-0400][gc,phases      ] GC(280)   Post Evacuate Collection Set: 0.8ms
[2021-01-05T15:34:44.448-0400][gc,phases      ] GC(280)   Other: 1.4ms
[2021-01-05T15:34:44.448-0400][gc,heap        ] GC(280) Eden regions: 2->0(6)
[2021-01-05T15:34:44.448-0400][gc,heap        ] GC(280) Survivor regions: 1->1(1)
[2021-01-05T15:34:44.448-0400][gc,heap        ] GC(280) Old regions: 44->44
[2021-01-05T15:34:44.448-0400][gc,heap        ] GC(280) Humongous regions: 4->4
[2021-01-05T15:34:44.448-0400][gc,metaspace   ] GC(280) Metaspace: 42237K->42237K(1089536K)
[2021-01-05T15:34:44.448-0400][gc,heap        ] GC(280) Heap after GC invocations=280 (full 3): garbage-first heap   total 66560K, used 45190K [0x0000000083000000, 0x0000000100000000)
[2021-01-05T15:34:44.448-0400][gc,heap        ] GC(280)   region size 1024K, 1 young (1024K), 1 survivors (1024K)
[2021-01-05T15:34:44.448-0400][gc,heap        ] GC(280)  Metaspace       used 42237K, capacity 45466K, committed 45568K, reserved 1089536K
[2021-01-05T15:34:44.448-0400][gc,heap        ] GC(280)   class space    used 4634K, capacity 5866K, committed 5888K, reserved 1048576K
[2021-01-05T15:34:44.448-0400][gc             ] GC(280) Pause Young (Mixed) (G1 Evacuation Pause) 47M->44M(65M) 7.102ms
[2021-01-05T15:34:44.449-0400][gc,cpu         ] GC(280) User=0.02s Sys=0.00s Real=0.01s
[2021-01-05T15:34:44.656-0400][gc,heap        ] GC(281) Heap before GC invocations=280 (full 3): garbage-first heap   total 66560K, used 50310K [0x0000000083000000, 0x0000000100000000)
[2021-01-05T15:34:44.657-0400][gc,heap        ] GC(281)   region size 1024K, 7 young (7168K), 1 survivors (1024K)
[2021-01-05T15:34:44.657-0400][gc,heap        ] GC(281)  Metaspace       used 42237K, capacity 45466K, committed 45568K, reserved 1089536K
[2021-01-05T15:34:44.657-0400][gc,heap        ] GC(281)   class space    used 4634K, capacity 5866K, committed 5888K, reserved 1048576K
[2021-01-05T15:34:44.657-0400][gc,start       ] GC(281) Pause Young (Concurrent Start) (G1 Evacuation Pause)
[2021-01-05T15:34:44.657-0400][gc,task        ] GC(281) Using 4 workers of 4 for evacuation
[2021-01-05T15:34:44.668-0400][gc,phases      ] GC(281)   Pre Evacuate Collection Set: 0.4ms
[2021-01-05T15:34:44.668-0400][gc,phases      ] GC(281)   Evacuate Collection Set: 7.4ms
[2021-01-05T15:34:44.668-0400][gc,phases      ] GC(281)   Post Evacuate Collection Set: 1.6ms
[2021-01-05T15:34:44.668-0400][gc,phases      ] GC(281)   Other: 1.8ms
[2021-01-05T15:34:44.668-0400][gc,heap        ] GC(281) Eden regions: 6->0(6)
[2021-01-05T15:34:44.668-0400][gc,heap        ] GC(281) Survivor regions: 1->1(1)
[2021-01-05T15:34:44.668-0400][gc,heap        ] GC(281) Old regions: 44->44
[2021-01-05T15:34:44.668-0400][gc,heap        ] GC(281) Humongous regions: 4->4
[2021-01-05T15:34:44.668-0400][gc,metaspace   ] GC(281) Metaspace: 42237K->42237K(1089536K)
[2021-01-05T15:34:44.668-0400][gc,heap        ] GC(281) Heap after GC invocations=281 (full 3): garbage-first heap   total 66560K, used 45399K [0x0000000083000000, 0x0000000100000000)
[2021-01-05T15:34:44.668-0400][gc,heap        ] GC(281)   region size 1024K, 1 young (1024K), 1 survivors (1024K)
[2021-01-05T15:34:44.668-0400][gc,heap        ] GC(281)  Metaspace       used 42237K, capacity 45466K, committed 45568K, reserved 1089536K
[2021-01-05T15:34:44.668-0400][gc,heap        ] GC(281)   class space    used 4634K, capacity 5866K, committed 5888K, reserved 1048576K
[2021-01-05T15:34:44.668-0400][gc             ] GC(281) Pause Young (Concurrent Start) (G1 Evacuation Pause) 50M->44M(65M) 11.419ms
[2021-01-05T15:34:44.669-0400][gc,cpu         ] GC(281) User=0.03s Sys=0.01s Real=0.01s
[2021-01-05T15:34:44.669-0400][gc             ] GC(282) Concurrent Cycle
[2021-01-05T15:34:44.669-0400][gc,marking     ] GC(282) Concurrent Clear Claimed Marks
[2021-01-05T15:34:44.669-0400][gc,marking     ] GC(282) Concurrent Clear Claimed Marks 0.514ms
[2021-01-05T15:34:44.670-0400][gc,marking     ] GC(282) Concurrent Scan Root Regions
[2021-01-05T15:34:44.673-0400][gc,marking     ] GC(282) Concurrent Scan Root Regions 3.312ms
[2021-01-05T15:34:44.673-0400][gc,marking     ] GC(282) Concurrent Mark (623.292s)
[2021-01-05T15:34:44.673-0400][gc,marking     ] GC(282) Concurrent Mark From Roots
[2021-01-05T15:34:44.673-0400][gc,task        ] GC(282) Using 1 workers of 1 for marking
[2021-01-05T15:34:44.986-0400][gc,marking     ] GC(282) Concurrent Mark From Roots 312.529ms
[2021-01-05T15:34:44.986-0400][gc,marking     ] GC(282) Concurrent Preclean
[2021-01-05T15:34:44.986-0400][gc,marking     ] GC(282) Concurrent Preclean 0.312ms
[2021-01-05T15:34:44.986-0400][gc,marking     ] GC(282) Concurrent Mark (623.292s, 623.605s) 313.115ms
[2021-01-05T15:34:44.988-0400][gc,start       ] GC(282) Pause Remark
[2021-01-05T15:34:45.019-0400][gc,stringtable ] GC(282) Cleaned string and symbol table, strings: 23479 processed, 0 removed, symbols: 95331 processed, 0 removed
[2021-01-05T15:34:45.020-0400][gc             ] GC(282) Pause Remark 46M->46M(65M) 31.524ms
[2021-01-05T15:34:45.020-0400][gc,cpu         ] GC(282) User=0.12s Sys=0.00s Real=0.03s
[2021-01-05T15:34:45.020-0400][gc,marking     ] GC(282) Concurrent Rebuild Remembered Sets
[2021-01-05T15:34:45.188-0400][gc,marking     ] GC(282) Concurrent Rebuild Remembered Sets 168.073ms
[2021-01-05T15:34:45.190-0400][gc,start       ] GC(282) Pause Cleanup
[2021-01-05T15:34:45.190-0400][gc             ] GC(282) Pause Cleanup 46M->46M(65M) 0.451ms
[2021-01-05T15:34:45.191-0400][gc,cpu         ] GC(282) User=0.00s Sys=0.00s Real=0.00s
[2021-01-05T15:34:45.191-0400][gc,marking     ] GC(282) Concurrent Cleanup for Next Mark
[2021-01-05T15:34:45.192-0400][gc,marking     ] GC(282) Concurrent Cleanup for Next Mark 0.764ms
[2021-01-05T15:34:45.192-0400][gc             ] GC(282) Concurrent Cycle 523.197ms
[2021-01-05T15:34:48.378-0400][gc,heap        ] GC(283) Heap before GC invocations=282 (full 3): garbage-first heap   total 66560K, used 50519K [0x0000000083000000, 0x0000000100000000)
[2021-01-05T15:34:48.378-0400][gc,heap        ] GC(283)   region size 1024K, 7 young (7168K), 1 survivors (1024K)
[2021-01-05T15:34:48.378-0400][gc,heap        ] GC(283)  Metaspace       used 42242K, capacity 45469K, committed 45568K, reserved 1089536K
[2021-01-05T15:34:48.378-0400][gc,heap        ] GC(283)   class space    used 4634K, capacity 5867K, committed 5888K, reserved 1048576K
[2021-01-05T15:34:48.379-0400][gc,start       ] GC(283) Pause Young (Prepare Mixed) (G1 Evacuation Pause)
[2021-01-05T15:34:48.379-0400][gc,task        ] GC(283) Using 4 workers of 4 for evacuation
[2021-01-05T15:34:48.389-0400][gc,phases      ] GC(283)   Pre Evacuate Collection Set: 0.1ms
[2021-01-05T15:34:48.389-0400][gc,phases      ] GC(283)   Evacuate Collection Set: 7.5ms
[2021-01-05T15:34:48.389-0400][gc,phases      ] GC(283)   Post Evacuate Collection Set: 1.8ms
[2021-01-05T15:34:48.390-0400][gc,phases      ] GC(283)   Other: 1.9ms
[2021-01-05T15:34:48.390-0400][gc,heap        ] GC(283) Eden regions: 6->0(2)
[2021-01-05T15:34:48.390-0400][gc,heap        ] GC(283) Survivor regions: 1->1(1)
[2021-01-05T15:34:48.390-0400][gc,heap        ] GC(283) Old regions: 44->44
[2021-01-05T15:34:48.390-0400][gc,heap        ] GC(283) Humongous regions: 4->4
[2021-01-05T15:34:48.390-0400][gc,metaspace   ] GC(283) Metaspace: 42242K->42242K(1089536K)
[2021-01-05T15:34:48.390-0400][gc,heap        ] GC(283) Heap after GC invocations=283 (full 3): garbage-first heap   total 66560K, used 45234K [0x0000000083000000, 0x0000000100000000)
[2021-01-05T15:34:48.390-0400][gc,heap        ] GC(283)   region size 1024K, 1 young (1024K), 1 survivors (1024K)
[2021-01-05T15:34:48.390-0400][gc,heap        ] GC(283)  Metaspace       used 42242K, capacity 45469K, committed 45568K, reserved 1089536K
[2021-01-05T15:34:48.390-0400][gc,heap        ] GC(283)   class space    used 4634K, capacity 5867K, committed 5888K, reserved 1048576K
[2021-01-05T15:34:48.390-0400][gc             ] GC(283) Pause Young (Prepare Mixed) (G1 Evacuation Pause) 50M->44M(65M) 11.737ms
[2021-01-05T15:34:48.392-0400][gc,cpu         ] GC(283) User=0.03s Sys=0.00s Real=0.01s
[2021-01-05T15:34:48.418-0400][gc,heap        ] GC(284) Heap before GC invocations=283 (full 3): garbage-first heap   total 66560K, used 47282K [0x0000000083000000, 0x0000000100000000)
[2021-01-05T15:34:48.418-0400][gc,heap        ] GC(284)   region size 1024K, 3 young (3072K), 1 survivors (1024K)
[2021-01-05T15:34:48.418-0400][gc,heap        ] GC(284)  Metaspace       used 42242K, capacity 45469K, committed 45568K, reserved 1089536K
[2021-01-05T15:34:48.418-0400][gc,heap        ] GC(284)   class space    used 4634K, capacity 5867K, committed 5888K, reserved 1048576K
[2021-01-05T15:34:48.419-0400][gc,start       ] GC(284) Pause Young (Mixed) (G1 Evacuation Pause)
[2021-01-05T15:34:48.419-0400][gc,task        ] GC(284) Using 4 workers of 4 for evacuation
[2021-01-05T15:34:48.429-0400][gc,phases      ] GC(284)   Pre Evacuate Collection Set: 0.1ms
[2021-01-05T15:34:48.429-0400][gc,phases      ] GC(284)   Evacuate Collection Set: 6.4ms
[2021-01-05T15:34:48.429-0400][gc,phases      ] GC(284)   Post Evacuate Collection Set: 3.1ms
[2021-01-05T15:34:48.430-0400][gc,phases      ] GC(284)   Other: 1.6ms
[2021-01-05T15:34:48.430-0400][gc,heap        ] GC(284) Eden regions: 2->0(7)
[2021-01-05T15:34:48.430-0400][gc,heap        ] GC(284) Survivor regions: 1->1(1)
[2021-01-05T15:34:48.430-0400][gc,heap        ] GC(284) Old regions: 44->43
[2021-01-05T15:34:48.430-0400][gc,heap        ] GC(284) Humongous regions: 4->4
[2021-01-05T15:34:48.430-0400][gc,metaspace   ] GC(284) Metaspace: 42242K->42242K(1089536K)
[2021-01-05T15:34:48.430-0400][gc,heap        ] GC(284) Heap after GC invocations=284 (full 3): garbage-first heap   total 66560K, used 44388K [0x0000000083000000, 0x0000000100000000)
[2021-01-05T15:34:48.430-0400][gc,heap        ] GC(284)   region size 1024K, 1 young (1024K), 1 survivors (1024K)
[2021-01-05T15:34:48.430-0400][gc,heap        ] GC(284)  Metaspace       used 42242K, capacity 45469K, committed 45568K, reserved 1089536K
[2021-01-05T15:34:48.430-0400][gc,heap        ] GC(284)   class space    used 4634K, capacity 5867K, committed 5888K, reserved 1048576K
[2021-01-05T15:34:48.430-0400][gc             ] GC(284) Pause Young (Mixed) (G1 Evacuation Pause) 46M->43M(65M) 11.438ms
[2021-01-05T15:34:48.430-0400][gc,cpu         ] GC(284) User=0.02s Sys=0.00s Real=0.01s
[2021-01-05T15:34:48.505-0400][gc,heap        ] GC(285) Heap before GC invocations=284 (full 3): garbage-first heap   total 66560K, used 51556K [0x0000000083000000, 0x0000000100000000)
[2021-01-05T15:34:48.505-0400][gc,heap        ] GC(285)   region size 1024K, 8 young (8192K), 1 survivors (1024K)
[2021-01-05T15:34:48.505-0400][gc,heap        ] GC(285)  Metaspace       used 42242K, capacity 45469K, committed 45568K, reserved 1089536K
[2021-01-05T15:34:48.505-0400][gc,heap        ] GC(285)   class space    used 4634K, capacity 5867K, committed 5888K, reserved 1048576K
[2021-01-05T15:34:48.506-0400][gc,start       ] GC(285) Pause Young (Concurrent Start) (G1 Evacuation Pause)
[2021-01-05T15:34:48.506-0400][gc,task        ] GC(285) Using 4 workers of 4 for evacuation
[2021-01-05T15:34:48.519-0400][gc,phases      ] GC(285)   Pre Evacuate Collection Set: 0.4ms
[2021-01-05T15:34:48.519-0400][gc,phases      ] GC(285)   Evacuate Collection Set: 10.2ms
[2021-01-05T15:34:48.519-0400][gc,phases      ] GC(285)   Post Evacuate Collection Set: 1.7ms
[2021-01-05T15:34:48.519-0400][gc,phases      ] GC(285)   Other: 1.7ms
[2021-01-05T15:34:48.520-0400][gc,heap        ] GC(285) Eden regions: 7->0(7)
[2021-01-05T15:34:48.520-0400][gc,heap        ] GC(285) Survivor regions: 1->1(1)
[2021-01-05T15:34:48.520-0400][gc,heap        ] GC(285) Old regions: 43->43
[2021-01-05T15:34:48.520-0400][gc,heap        ] GC(285) Humongous regions: 4->4
[2021-01-05T15:34:48.520-0400][gc,metaspace   ] GC(285) Metaspace: 42242K->42242K(1089536K)
[2021-01-05T15:34:48.520-0400][gc,heap        ] GC(285) Heap after GC invocations=285 (full 3): garbage-first heap   total 66560K, used 44663K [0x0000000083000000, 0x0000000100000000)
[2021-01-05T15:34:48.520-0400][gc,heap        ] GC(285)   region size 1024K, 1 young (1024K), 1 survivors (1024K)
[2021-01-05T15:34:48.520-0400][gc,heap        ] GC(285)  Metaspace       used 42242K, capacity 45469K, committed 45568K, reserved 1089536K
[2021-01-05T15:34:48.520-0400][gc,heap        ] GC(285)   class space    used 4634K, capacity 5867K, committed 5888K, reserved 1048576K
[2021-01-05T15:34:48.520-0400][gc             ] GC(285) Pause Young (Concurrent Start) (G1 Evacuation Pause) 50M->43M(65M) 14.251ms
[2021-01-05T15:34:48.520-0400][gc,cpu         ] GC(285) User=0.03s Sys=0.01s Real=0.01s
[2021-01-05T15:34:48.521-0400][gc             ] GC(286) Concurrent Cycle
[2021-01-05T15:34:48.521-0400][gc,marking     ] GC(286) Concurrent Clear Claimed Marks
[2021-01-05T15:34:48.522-0400][gc,marking     ] GC(286) Concurrent Clear Claimed Marks 0.822ms
[2021-01-05T15:34:48.522-0400][gc,marking     ] GC(286) Concurrent Scan Root Regions
[2021-01-05T15:34:48.526-0400][gc,marking     ] GC(286) Concurrent Scan Root Regions 4.302ms
[2021-01-05T15:34:48.526-0400][gc,marking     ] GC(286) Concurrent Mark (627.145s)
[2021-01-05T15:34:48.526-0400][gc,marking     ] GC(286) Concurrent Mark From Roots
[2021-01-05T15:34:48.526-0400][gc,task        ] GC(286) Using 1 workers of 1 for marking
[2021-01-05T15:34:48.843-0400][gc,marking     ] GC(286) Concurrent Mark From Roots 316.706ms
[2021-01-05T15:34:48.843-0400][gc,marking     ] GC(286) Concurrent Preclean
[2021-01-05T15:34:48.844-0400][gc,marking     ] GC(286) Concurrent Preclean 0.412ms
[2021-01-05T15:34:48.844-0400][gc,marking     ] GC(286) Concurrent Mark (627.145s, 627.462s) 317.455ms
[2021-01-05T15:34:48.845-0400][gc,start       ] GC(286) Pause Remark
[2021-01-05T15:34:48.886-0400][gc,stringtable ] GC(286) Cleaned string and symbol table, strings: 23480 processed, 0 removed, symbols: 95333 processed, 0 removed
[2021-01-05T15:34:48.887-0400][gc             ] GC(286) Pause Remark 48M->48M(65M) 41.661ms
[2021-01-05T15:34:48.887-0400][gc,cpu         ] GC(286) User=0.11s Sys=0.00s Real=0.05s
[2021-01-05T15:34:48.888-0400][gc,marking     ] GC(286) Concurrent Rebuild Remembered Sets
[2021-01-05T15:34:49.054-0400][gc,marking     ] GC(286) Concurrent Rebuild Remembered Sets 165.780ms
[2021-01-05T15:34:49.056-0400][gc,start       ] GC(286) Pause Cleanup
[2021-01-05T15:34:49.056-0400][gc             ] GC(286) Pause Cleanup 49M->49M(65M) 0.525ms
[2021-01-05T15:34:49.057-0400][gc,cpu         ] GC(286) User=0.00s Sys=0.00s Real=0.01s
[2021-01-05T15:34:49.057-0400][gc,marking     ] GC(286) Concurrent Cleanup for Next Mark
[2021-01-05T15:34:49.058-0400][gc,marking     ] GC(286) Concurrent Cleanup for Next Mark 0.953ms
[2021-01-05T15:34:49.058-0400][gc             ] GC(286) Concurrent Cycle 538.106ms
[2021-01-05T15:34:50.866-0400][gc,heap        ] GC(287) Heap before GC invocations=286 (full 3): garbage-first heap   total 66560K, used 51831K [0x0000000083000000, 0x0000000100000000)
[2021-01-05T15:34:50.866-0400][gc,heap        ] GC(287)   region size 1024K, 8 young (8192K), 1 survivors (1024K)
[2021-01-05T15:34:50.866-0400][gc,heap        ] GC(287)  Metaspace       used 42242K, capacity 45469K, committed 45568K, reserved 1089536K
[2021-01-05T15:34:50.866-0400][gc,heap        ] GC(287)   class space    used 4634K, capacity 5867K, committed 5888K, reserved 1048576K
[2021-01-05T15:34:50.866-0400][gc,start       ] GC(287) Pause Young (Normal) (G1 Evacuation Pause)
[2021-01-05T15:34:50.866-0400][gc,task        ] GC(287) Using 4 workers of 4 for evacuation
[2021-01-05T15:34:50.874-0400][gc,phases      ] GC(287)   Pre Evacuate Collection Set: 0.0ms
[2021-01-05T15:34:50.874-0400][gc,phases      ] GC(287)   Evacuate Collection Set: 5.1ms
[2021-01-05T15:34:50.874-0400][gc,phases      ] GC(287)   Post Evacuate Collection Set: 1.3ms
[2021-01-05T15:34:50.874-0400][gc,phases      ] GC(287)   Other: 1.4ms
[2021-01-05T15:34:50.874-0400][gc,heap        ] GC(287) Eden regions: 7->0(7)
[2021-01-05T15:34:50.874-0400][gc,heap        ] GC(287) Survivor regions: 1->1(1)
[2021-01-05T15:34:50.874-0400][gc,heap        ] GC(287) Old regions: 43->43
[2021-01-05T15:34:50.874-0400][gc,heap        ] GC(287) Humongous regions: 4->4
[2021-01-05T15:34:50.874-0400][gc,metaspace   ] GC(287) Metaspace: 42242K->42242K(1089536K)
[2021-01-05T15:34:50.874-0400][gc,heap        ] GC(287) Heap after GC invocations=287 (full 3): garbage-first heap   total 66560K, used 44425K [0x0000000083000000, 0x0000000100000000)
[2021-01-05T15:34:50.874-0400][gc,heap        ] GC(287)   region size 1024K, 1 young (1024K), 1 survivors (1024K)
[2021-01-05T15:34:50.874-0400][gc,heap        ] GC(287)  Metaspace       used 42242K, capacity 45469K, committed 45568K, reserved 1089536K
[2021-01-05T15:34:50.874-0400][gc,heap        ] GC(287)   class space    used 4634K, capacity 5867K, committed 5888K, reserved 1048576K
[2021-01-05T15:34:50.874-0400][gc             ] GC(287) Pause Young (Normal) (G1 Evacuation Pause) 50M->43M(65M) 8.118ms
[2021-01-05T15:34:50.875-0400][gc,cpu         ] GC(287) User=0.02s Sys=0.01s Real=0.00s
[2021-01-05T15:34:51.869-0400][gc,heap        ] GC(288) Heap before GC invocations=287 (full 3): garbage-first heap   total 66560K, used 50569K [0x0000000083000000, 0x0000000100000000)
[2021-01-05T15:34:51.869-0400][gc,heap        ] GC(288)   region size 1024K, 8 young (8192K), 1 survivors (1024K)
[2021-01-05T15:34:51.869-0400][gc,heap        ] GC(288)  Metaspace       used 42244K, capacity 45469K, committed 45568K, reserved 1089536K
[2021-01-05T15:34:51.869-0400][gc,heap        ] GC(288)   class space    used 4634K, capacity 5867K, committed 5888K, reserved 1048576K
[2021-01-05T15:34:51.869-0400][gc,start       ] GC(288) Pause Young (Concurrent Start) (G1 Evacuation Pause)
[2021-01-05T15:34:51.869-0400][gc,task        ] GC(288) Using 4 workers of 4 for evacuation
[2021-01-05T15:34:51.879-0400][gc,phases      ] GC(288)   Pre Evacuate Collection Set: 0.3ms
[2021-01-05T15:34:51.879-0400][gc,phases      ] GC(288)   Evacuate Collection Set: 6.9ms
[2021-01-05T15:34:51.879-0400][gc,phases      ] GC(288)   Post Evacuate Collection Set: 1.8ms
[2021-01-05T15:34:51.879-0400][gc,phases      ] GC(288)   Other: 1.5ms
[2021-01-05T15:34:51.879-0400][gc,heap        ] GC(288) Eden regions: 7->0(8)
[2021-01-05T15:34:51.879-0400][gc,heap        ] GC(288) Survivor regions: 1->1(1)
[2021-01-05T15:34:51.879-0400][gc,heap        ] GC(288) Old regions: 43->43
[2021-01-05T15:34:51.879-0400][gc,heap        ] GC(288) Humongous regions: 4->4
[2021-01-05T15:34:51.879-0400][gc,metaspace   ] GC(288) Metaspace: 42244K->42244K(1089536K)
[2021-01-05T15:34:51.879-0400][gc,heap        ] GC(288) Heap after GC invocations=288 (full 3): garbage-first heap   total 66560K, used 44572K [0x0000000083000000, 0x0000000100000000)
[2021-01-05T15:34:51.880-0400][gc,heap        ] GC(288)   region size 1024K, 1 young (1024K), 1 survivors (1024K)
[2021-01-05T15:34:51.880-0400][gc,heap        ] GC(288)  Metaspace       used 42244K, capacity 45469K, committed 45568K, reserved 1089536K
[2021-01-05T15:34:51.880-0400][gc,heap        ] GC(288)   class space    used 4634K, capacity 5867K, committed 5888K, reserved 1048576K
[2021-01-05T15:34:51.880-0400][gc             ] GC(288) Pause Young (Concurrent Start) (G1 Evacuation Pause) 50M->43M(65M) 10.884ms
[2021-01-05T15:34:51.880-0400][gc,cpu         ] GC(288) User=0.03s Sys=0.00s Real=0.01s
[2021-01-05T15:34:51.880-0400][gc             ] GC(289) Concurrent Cycle
[2021-01-05T15:34:51.880-0400][gc,marking     ] GC(289) Concurrent Clear Claimed Marks
[2021-01-05T15:34:51.881-0400][gc,marking     ] GC(289) Concurrent Clear Claimed Marks 0.639ms
[2021-01-05T15:34:51.881-0400][gc,marking     ] GC(289) Concurrent Scan Root Regions
[2021-01-05T15:34:51.883-0400][gc,marking     ] GC(289) Concurrent Scan Root Regions 2.249ms
[2021-01-05T15:34:51.884-0400][gc,marking     ] GC(289) Concurrent Mark (630.502s)
[2021-01-05T15:34:51.884-0400][gc,marking     ] GC(289) Concurrent Mark From Roots
[2021-01-05T15:34:51.884-0400][gc,task        ] GC(289) Using 1 workers of 1 for marking
[2021-01-05T15:34:51.972-0400][gc,heap        ] GC(290) Heap before GC invocations=288 (full 3): garbage-first heap   total 66560K, used 52764K [0x0000000083000000, 0x0000000100000000)
[2021-01-05T15:34:51.972-0400][gc,heap        ] GC(290)   region size 1024K, 9 young (9216K), 1 survivors (1024K)
[2021-01-05T15:34:51.972-0400][gc,heap        ] GC(290)  Metaspace       used 42244K, capacity 45469K, committed 45568K, reserved 1089536K
[2021-01-05T15:34:51.972-0400][gc,heap        ] GC(290)   class space    used 4634K, capacity 5867K, committed 5888K, reserved 1048576K
[2021-01-05T15:34:51.973-0400][gc,start       ] GC(290) Pause Young (Normal) (G1 Evacuation Pause)
[2021-01-05T15:34:51.973-0400][gc,task        ] GC(290) Using 4 workers of 4 for evacuation
[2021-01-05T15:34:51.984-0400][gc,phases      ] GC(290)   Pre Evacuate Collection Set: 0.0ms
[2021-01-05T15:34:51.984-0400][gc,phases      ] GC(290)   Evacuate Collection Set: 8.5ms
[2021-01-05T15:34:51.984-0400][gc,phases      ] GC(290)   Post Evacuate Collection Set: 1.6ms
[2021-01-05T15:34:51.984-0400][gc,phases      ] GC(290)   Other: 1.5ms
[2021-01-05T15:34:51.984-0400][gc,heap        ] GC(290) Eden regions: 8->0(8)
[2021-01-05T15:34:51.984-0400][gc,heap        ] GC(290) Survivor regions: 1->1(2)
[2021-01-05T15:34:51.984-0400][gc,heap        ] GC(290) Old regions: 43->43
[2021-01-05T15:34:51.984-0400][gc,heap        ] GC(290) Humongous regions: 4->4
[2021-01-05T15:34:51.984-0400][gc,metaspace   ] GC(290) Metaspace: 42244K->42244K(1089536K)
[2021-01-05T15:34:51.984-0400][gc,heap        ] GC(290) Heap after GC invocations=289 (full 3): garbage-first heap   total 66560K, used 44848K [0x0000000083000000, 0x0000000100000000)
[2021-01-05T15:34:51.984-0400][gc,heap        ] GC(290)   region size 1024K, 1 young (1024K), 1 survivors (1024K)
[2021-01-05T15:34:51.984-0400][gc,heap        ] GC(290)  Metaspace       used 42244K, capacity 45469K, committed 45568K, reserved 1089536K
[2021-01-05T15:34:51.984-0400][gc,heap        ] GC(290)   class space    used 4634K, capacity 5867K, committed 5888K, reserved 1048576K
[2021-01-05T15:34:51.985-0400][gc             ] GC(290) Pause Young (Normal) (G1 Evacuation Pause) 51M->43M(65M) 11.925ms
[2021-01-05T15:34:51.985-0400][gc,cpu         ] GC(290) User=0.03s Sys=0.01s Real=0.01s
[2021-01-05T15:34:52.211-0400][gc,marking     ] GC(289) Concurrent Mark From Roots 327.708ms
[2021-01-05T15:34:52.211-0400][gc,marking     ] GC(289) Concurrent Preclean
[2021-01-05T15:34:52.212-0400][gc,marking     ] GC(289) Concurrent Preclean 0.370ms
[2021-01-05T15:34:52.212-0400][gc,marking     ] GC(289) Concurrent Mark (630.502s, 630.831s) 328.361ms
[2021-01-05T15:34:52.213-0400][gc,start       ] GC(289) Pause Remark
[2021-01-05T15:34:52.246-0400][gc,stringtable ] GC(289) Cleaned string and symbol table, strings: 23486 processed, 0 removed, symbols: 95333 processed, 0 removed
[2021-01-05T15:34:52.247-0400][gc             ] GC(289) Pause Remark 48M->48M(65M) 33.291ms
[2021-01-05T15:34:52.247-0400][gc,cpu         ] GC(289) User=0.11s Sys=0.01s Real=0.04s
[2021-01-05T15:34:52.248-0400][gc,marking     ] GC(289) Concurrent Rebuild Remembered Sets
[2021-01-05T15:34:52.423-0400][gc,marking     ] GC(289) Concurrent Rebuild Remembered Sets 174.830ms
[2021-01-05T15:34:52.424-0400][gc,start       ] GC(289) Pause Cleanup
[2021-01-05T15:34:52.425-0400][gc             ] GC(289) Pause Cleanup 48M->48M(65M) 0.486ms
[2021-01-05T15:34:52.425-0400][gc,cpu         ] GC(289) User=0.00s Sys=0.00s Real=0.00s
[2021-01-05T15:34:52.425-0400][gc,marking     ] GC(289) Concurrent Cleanup for Next Mark
[2021-01-05T15:34:52.427-0400][gc,marking     ] GC(289) Concurrent Cleanup for Next Mark 1.039ms
[2021-01-05T15:34:52.427-0400][gc             ] GC(289) Concurrent Cycle 546.560ms
[2021-01-05T15:34:54.765-0400][gc,heap        ] GC(291) Heap before GC invocations=290 (full 3): garbage-first heap   total 66560K, used 52016K [0x0000000083000000, 0x0000000100000000)
[2021-01-05T15:34:54.765-0400][gc,heap        ] GC(291)   region size 1024K, 9 young (9216K), 1 survivors (1024K)
[2021-01-05T15:34:54.765-0400][gc,heap        ] GC(291)  Metaspace       used 42245K, capacity 45469K, committed 45568K, reserved 1089536K
[2021-01-05T15:34:54.765-0400][gc,heap        ] GC(291)   class space    used 4634K, capacity 5867K, committed 5888K, reserved 1048576K
[2021-01-05T15:34:54.765-0400][gc,start       ] GC(291) Pause Young (Normal) (G1 Evacuation Pause)
[2021-01-05T15:34:54.765-0400][gc,task        ] GC(291) Using 4 workers of 4 for evacuation
[2021-01-05T15:34:54.773-0400][gc,phases      ] GC(291)   Pre Evacuate Collection Set: 0.0ms
[2021-01-05T15:34:54.774-0400][gc,phases      ] GC(291)   Evacuate Collection Set: 5.7ms
[2021-01-05T15:34:54.774-0400][gc,phases      ] GC(291)   Post Evacuate Collection Set: 1.5ms
[2021-01-05T15:34:54.774-0400][gc,phases      ] GC(291)   Other: 1.5ms
[2021-01-05T15:34:54.774-0400][gc,heap        ] GC(291) Eden regions: 8->0(8)
[2021-01-05T15:34:54.774-0400][gc,heap        ] GC(291) Survivor regions: 1->1(2)
[2021-01-05T15:34:54.774-0400][gc,heap        ] GC(291) Old regions: 43->43
[2021-01-05T15:34:54.774-0400][gc,heap        ] GC(291) Humongous regions: 4->4
[2021-01-05T15:34:54.774-0400][gc,metaspace   ] GC(291) Metaspace: 42245K->42245K(1089536K)
[2021-01-05T15:34:54.774-0400][gc,heap        ] GC(291) Heap after GC invocations=291 (full 3): garbage-first heap   total 66560K, used 44441K [0x0000000083000000, 0x0000000100000000)
[2021-01-05T15:34:54.774-0400][gc,heap        ] GC(291)   region size 1024K, 1 young (1024K), 1 survivors (1024K)
[2021-01-05T15:34:54.774-0400][gc,heap        ] GC(291)  Metaspace       used 42245K, capacity 45469K, committed 45568K, reserved 1089536K
[2021-01-05T15:34:54.774-0400][gc,heap        ] GC(291)   class space    used 4634K, capacity 5867K, committed 5888K, reserved 1048576K
[2021-01-05T15:34:54.774-0400][gc             ] GC(291) Pause Young (Normal) (G1 Evacuation Pause) 51M->43M(65M) 9.015ms
[2021-01-05T15:34:54.774-0400][gc,cpu         ] GC(291) User=0.02s Sys=0.00s Real=0.01s
[2021-01-05T15:34:55.044-0400][gc,heap        ] GC(292) Heap before GC invocations=291 (full 3): garbage-first heap   total 66560K, used 51609K [0x0000000083000000, 0x0000000100000000)
[2021-01-05T15:34:55.044-0400][gc,heap        ] GC(292)   region size 1024K, 9 young (9216K), 1 survivors (1024K)
[2021-01-05T15:34:55.044-0400][gc,heap        ] GC(292)  Metaspace       used 42245K, capacity 45469K, committed 45568K, reserved 1089536K
[2021-01-05T15:34:55.044-0400][gc,heap        ] GC(292)   class space    used 4634K, capacity 5867K, committed 5888K, reserved 1048576K
[2021-01-05T15:34:55.044-0400][gc,start       ] GC(292) Pause Young (Concurrent Start) (G1 Evacuation Pause)
[2021-01-05T15:34:55.044-0400][gc,task        ] GC(292) Using 4 workers of 4 for evacuation
[2021-01-05T15:34:55.056-0400][gc,phases      ] GC(292)   Pre Evacuate Collection Set: 0.3ms
[2021-01-05T15:34:55.056-0400][gc,phases      ] GC(292)   Evacuate Collection Set: 9.2ms
[2021-01-05T15:34:55.056-0400][gc,phases      ] GC(292)   Post Evacuate Collection Set: 1.4ms
[2021-01-05T15:34:55.056-0400][gc,phases      ] GC(292)   Other: 1.5ms
[2021-01-05T15:34:55.056-0400][gc,heap        ] GC(292) Eden regions: 8->0(7)
[2021-01-05T15:34:55.056-0400][gc,heap        ] GC(292) Survivor regions: 1->2(2)
[2021-01-05T15:34:55.056-0400][gc,heap        ] GC(292) Old regions: 43->43
[2021-01-05T15:34:55.057-0400][gc,heap        ] GC(292) Humongous regions: 4->4
[2021-01-05T15:34:55.057-0400][gc,metaspace   ] GC(292) Metaspace: 42245K->42245K(1089536K)
[2021-01-05T15:34:55.057-0400][gc,heap        ] GC(292) Heap after GC invocations=292 (full 3): garbage-first heap   total 66560K, used 45407K [0x0000000083000000, 0x0000000100000000)
[2021-01-05T15:34:55.057-0400][gc,heap        ] GC(292)   region size 1024K, 2 young (2048K), 2 survivors (2048K)
[2021-01-05T15:34:55.057-0400][gc,heap        ] GC(292)  Metaspace       used 42245K, capacity 45469K, committed 45568K, reserved 1089536K
[2021-01-05T15:34:55.057-0400][gc,heap        ] GC(292)   class space    used 4634K, capacity 5867K, committed 5888K, reserved 1048576K
[2021-01-05T15:34:55.057-0400][gc             ] GC(292) Pause Young (Concurrent Start) (G1 Evacuation Pause) 51M->44M(65M) 12.740ms
[2021-01-05T15:34:55.058-0400][gc,cpu         ] GC(292) User=0.04s Sys=0.00s Real=0.02s
[2021-01-05T15:34:55.058-0400][gc             ] GC(293) Concurrent Cycle
[2021-01-05T15:34:55.058-0400][gc,marking     ] GC(293) Concurrent Clear Claimed Marks
[2021-01-05T15:34:55.059-0400][gc,marking     ] GC(293) Concurrent Clear Claimed Marks 0.827ms
[2021-01-05T15:34:55.059-0400][gc,marking     ] GC(293) Concurrent Scan Root Regions
[2021-01-05T15:34:55.065-0400][gc,marking     ] GC(293) Concurrent Scan Root Regions 6.073ms
[2021-01-05T15:34:55.065-0400][gc,marking     ] GC(293) Concurrent Mark (633.684s)
[2021-01-05T15:34:55.065-0400][gc,marking     ] GC(293) Concurrent Mark From Roots
[2021-01-05T15:34:55.065-0400][gc,task        ] GC(293) Using 1 workers of 1 for marking
[2021-01-05T15:34:55.363-0400][gc,heap        ] GC(294) Heap before GC invocations=292 (full 3): garbage-first heap   total 66560K, used 53599K [0x0000000083000000, 0x0000000100000000)
[2021-01-05T15:34:55.364-0400][gc,heap        ] GC(294)   region size 1024K, 9 young (9216K), 2 survivors (2048K)
[2021-01-05T15:34:55.364-0400][gc,heap        ] GC(294)  Metaspace       used 42246K, capacity 45469K, committed 45568K, reserved 1089536K
[2021-01-05T15:34:55.364-0400][gc,heap        ] GC(294)   class space    used 4634K, capacity 5867K, committed 5888K, reserved 1048576K
[2021-01-05T15:34:55.364-0400][gc,start       ] GC(294) Pause Young (Normal) (G1 Evacuation Pause)
[2021-01-05T15:34:55.364-0400][gc,task        ] GC(294) Using 4 workers of 4 for evacuation
[2021-01-05T15:34:55.373-0400][gc,phases      ] GC(294)   Pre Evacuate Collection Set: 0.1ms
[2021-01-05T15:34:55.373-0400][gc,phases      ] GC(294)   Evacuate Collection Set: 6.0ms
[2021-01-05T15:34:55.373-0400][gc,phases      ] GC(294)   Post Evacuate Collection Set: 2.2ms
[2021-01-05T15:34:55.373-0400][gc,phases      ] GC(294)   Other: 1.5ms
[2021-01-05T15:34:55.374-0400][gc,heap        ] GC(294) Eden regions: 7->0(16)
[2021-01-05T15:34:55.374-0400][gc,heap        ] GC(294) Survivor regions: 2->1(2)
[2021-01-05T15:34:55.374-0400][gc,heap        ] GC(294) Old regions: 43->43
[2021-01-05T15:34:55.374-0400][gc,heap        ] GC(294) Humongous regions: 6->4
[2021-01-05T15:34:55.374-0400][gc,metaspace   ] GC(294) Metaspace: 42246K->42246K(1089536K)
[2021-01-05T15:34:55.374-0400][gc,heap        ] GC(294) Heap after GC invocations=293 (full 3): garbage-first heap   total 79872K, used 44523K [0x0000000083000000, 0x0000000100000000)
[2021-01-05T15:34:55.374-0400][gc,heap        ] GC(294)   region size 1024K, 1 young (1024K), 1 survivors (1024K)
[2021-01-05T15:34:55.374-0400][gc,heap        ] GC(294)  Metaspace       used 42246K, capacity 45469K, committed 45568K, reserved 1089536K
[2021-01-05T15:34:55.374-0400][gc,heap        ] GC(294)   class space    used 4634K, capacity 5867K, committed 5888K, reserved 1048576K
[2021-01-05T15:34:55.374-0400][gc             ] GC(294) Pause Young (Normal) (G1 Evacuation Pause) 53M->43M(78M) 10.043ms
[2021-01-05T15:34:55.374-0400][gc,cpu         ] GC(294) User=0.02s Sys=0.00s Real=0.01s
[2021-01-05T15:34:55.425-0400][gc,marking     ] GC(293) Concurrent Mark From Roots 359.348ms
[2021-01-05T15:34:55.425-0400][gc,marking     ] GC(293) Concurrent Preclean
[2021-01-05T15:34:55.425-0400][gc,marking     ] GC(293) Concurrent Preclean 0.332ms
[2021-01-05T15:34:55.425-0400][gc,marking     ] GC(293) Concurrent Mark (633.684s, 634.044s) 359.940ms
[2021-01-05T15:34:55.427-0400][gc,start       ] GC(293) Pause Remark
[2021-01-05T15:34:55.458-0400][gc,stringtable ] GC(293) Cleaned string and symbol table, strings: 23486 processed, 0 removed, symbols: 95333 processed, 0 removed
[2021-01-05T15:34:55.459-0400][gc             ] GC(293) Pause Remark 43M->43M(78M) 31.898ms
[2021-01-05T15:34:55.459-0400][gc,cpu         ] GC(293) User=0.11s Sys=0.01s Real=0.03s
[2021-01-05T15:34:55.459-0400][gc,marking     ] GC(293) Concurrent Rebuild Remembered Sets
[2021-01-05T15:34:55.643-0400][gc,marking     ] GC(293) Concurrent Rebuild Remembered Sets 183.477ms
[2021-01-05T15:34:55.644-0400][gc,start       ] GC(293) Pause Cleanup
[2021-01-05T15:34:55.645-0400][gc             ] GC(293) Pause Cleanup 44M->44M(78M) 0.532ms
[2021-01-05T15:34:55.645-0400][gc,cpu         ] GC(293) User=0.00s Sys=0.00s Real=0.00s
[2021-01-05T15:34:55.646-0400][gc,marking     ] GC(293) Concurrent Cleanup for Next Mark
[2021-01-05T15:34:55.648-0400][gc,marking     ] GC(293) Concurrent Cleanup for Next Mark 2.112ms
[2021-01-05T15:34:55.648-0400][gc             ] GC(293) Concurrent Cycle 590.596ms
[2021-01-05T15:35:00.480-0400][gc,heap        ] GC(295) Heap before GC invocations=294 (full 3): garbage-first heap   total 79872K, used 59883K [0x0000000083000000, 0x0000000100000000)
[2021-01-05T15:35:00.480-0400][gc,heap        ] GC(295)   region size 1024K, 17 young (17408K), 1 survivors (1024K)
[2021-01-05T15:35:00.480-0400][gc,heap        ] GC(295)  Metaspace       used 42246K, capacity 45469K, committed 45568K, reserved 1089536K
[2021-01-05T15:35:00.480-0400][gc,heap        ] GC(295)   class space    used 4634K, capacity 5867K, committed 5888K, reserved 1048576K
[2021-01-05T15:35:00.480-0400][gc,start       ] GC(295) Pause Young (Normal) (G1 Evacuation Pause)
[2021-01-05T15:35:00.480-0400][gc,task        ] GC(295) Using 4 workers of 4 for evacuation
[2021-01-05T15:35:00.490-0400][gc,phases      ] GC(295)   Pre Evacuate Collection Set: 0.0ms
[2021-01-05T15:35:00.491-0400][gc,phases      ] GC(295)   Evacuate Collection Set: 7.0ms
[2021-01-05T15:35:00.491-0400][gc,phases      ] GC(295)   Post Evacuate Collection Set: 2.1ms
[2021-01-05T15:35:00.491-0400][gc,phases      ] GC(295)   Other: 1.5ms
[2021-01-05T15:35:00.491-0400][gc,heap        ] GC(295) Eden regions: 16->0(17)
[2021-01-05T15:35:00.491-0400][gc,heap        ] GC(295) Survivor regions: 1->1(3)
[2021-01-05T15:35:00.491-0400][gc,heap        ] GC(295) Old regions: 43->43
[2021-01-05T15:35:00.491-0400][gc,heap        ] GC(295) Humongous regions: 4->4
[2021-01-05T15:35:00.491-0400][gc,metaspace   ] GC(295) Metaspace: 42246K->42246K(1089536K)
[2021-01-05T15:35:00.491-0400][gc,heap        ] GC(295) Heap after GC invocations=295 (full 3): garbage-first heap   total 79872K, used 45288K [0x0000000083000000, 0x0000000100000000)
[2021-01-05T15:35:00.491-0400][gc,heap        ] GC(295)   region size 1024K, 1 young (1024K), 1 survivors (1024K)
[2021-01-05T15:35:00.491-0400][gc,heap        ] GC(295)  Metaspace       used 42246K, capacity 45469K, committed 45568K, reserved 1089536K
[2021-01-05T15:35:00.491-0400][gc,heap        ] GC(295)   class space    used 4634K, capacity 5867K, committed 5888K, reserved 1048576K
[2021-01-05T15:35:00.491-0400][gc             ] GC(295) Pause Young (Normal) (G1 Evacuation Pause) 59M->44M(78M) 10.992ms
[2021-01-05T15:35:00.492-0400][gc,cpu         ] GC(295) User=0.03s Sys=0.00s Real=0.01s
[2021-01-05T15:35:05.386-0400][gc,heap        ] GC(296) Heap before GC invocations=295 (full 3): garbage-first heap   total 79872K, used 61672K [0x0000000083000000, 0x0000000100000000)
[2021-01-05T15:35:05.386-0400][gc,heap        ] GC(296)   region size 1024K, 18 young (18432K), 1 survivors (1024K)
[2021-01-05T15:35:05.386-0400][gc,heap        ] GC(296)  Metaspace       used 42246K, capacity 45469K, committed 45568K, reserved 1089536K
[2021-01-05T15:35:05.386-0400][gc,heap        ] GC(296)   class space    used 4634K, capacity 5867K, committed 5888K, reserved 1048576K
[2021-01-05T15:35:05.387-0400][gc,start       ] GC(296) Pause Young (Concurrent Start) (G1 Evacuation Pause)
[2021-01-05T15:35:05.387-0400][gc,task        ] GC(296) Using 4 workers of 4 for evacuation
[2021-01-05T15:35:05.397-0400][gc,phases      ] GC(296)   Pre Evacuate Collection Set: 0.4ms
[2021-01-05T15:35:05.397-0400][gc,phases      ] GC(296)   Evacuate Collection Set: 7.7ms
[2021-01-05T15:35:05.397-0400][gc,phases      ] GC(296)   Post Evacuate Collection Set: 1.3ms
[2021-01-05T15:35:05.397-0400][gc,phases      ] GC(296)   Other: 1.6ms
[2021-01-05T15:35:05.398-0400][gc,heap        ] GC(296) Eden regions: 17->0(17)
[2021-01-05T15:35:05.398-0400][gc,heap        ] GC(296) Survivor regions: 1->1(3)
[2021-01-05T15:35:05.398-0400][gc,heap        ] GC(296) Old regions: 43->43
[2021-01-05T15:35:05.398-0400][gc,heap        ] GC(296) Humongous regions: 4->4
[2021-01-05T15:35:05.398-0400][gc,metaspace   ] GC(296) Metaspace: 42246K->42246K(1089536K)
[2021-01-05T15:35:05.398-0400][gc,heap        ] GC(296) Heap after GC invocations=296 (full 3): garbage-first heap   total 79872K, used 45157K [0x0000000083000000, 0x0000000100000000)
[2021-01-05T15:35:05.398-0400][gc,heap        ] GC(296)   region size 1024K, 1 young (1024K), 1 survivors (1024K)
[2021-01-05T15:35:05.398-0400][gc,heap        ] GC(296)  Metaspace       used 42246K, capacity 45469K, committed 45568K, reserved 1089536K
[2021-01-05T15:35:05.398-0400][gc,heap        ] GC(296)   class space    used 4634K, capacity 5867K, committed 5888K, reserved 1048576K
[2021-01-05T15:35:05.398-0400][gc             ] GC(296) Pause Young (Concurrent Start) (G1 Evacuation Pause) 61M->44M(78M) 11.329ms
[2021-01-05T15:35:05.398-0400][gc,cpu         ] GC(296) User=0.03s Sys=0.00s Real=0.01s
[2021-01-05T15:35:05.398-0400][gc             ] GC(297) Concurrent Cycle
[2021-01-05T15:35:05.398-0400][gc,marking     ] GC(297) Concurrent Clear Claimed Marks
[2021-01-05T15:35:05.400-0400][gc,marking     ] GC(297) Concurrent Clear Claimed Marks 1.138ms
[2021-01-05T15:35:05.400-0400][gc,marking     ] GC(297) Concurrent Scan Root Regions
[2021-01-05T15:35:05.405-0400][gc,marking     ] GC(297) Concurrent Scan Root Regions 5.631ms
[2021-01-05T15:35:05.406-0400][gc,marking     ] GC(297) Concurrent Mark (644.024s)
[2021-01-05T15:35:05.406-0400][gc,marking     ] GC(297) Concurrent Mark From Roots
[2021-01-05T15:35:05.406-0400][gc,task        ] GC(297) Using 1 workers of 1 for marking
[2021-01-05T15:35:05.719-0400][gc,marking     ] GC(297) Concurrent Mark From Roots 313.783ms
[2021-01-05T15:35:05.720-0400][gc,marking     ] GC(297) Concurrent Preclean
[2021-01-05T15:35:05.720-0400][gc,marking     ] GC(297) Concurrent Preclean 0.579ms
[2021-01-05T15:35:05.720-0400][gc,marking     ] GC(297) Concurrent Mark (644.024s, 644.339s) 314.717ms
[2021-01-05T15:35:05.723-0400][gc,start       ] GC(297) Pause Remark
[2021-01-05T15:35:05.768-0400][gc,stringtable ] GC(297) Cleaned string and symbol table, strings: 23486 processed, 0 removed, symbols: 95333 processed, 0 removed
[2021-01-05T15:35:05.769-0400][gc             ] GC(297) Pause Remark 46M->46M(78M) 46.422ms
[2021-01-05T15:35:05.769-0400][gc,cpu         ] GC(297) User=0.12s Sys=0.01s Real=0.05s
[2021-01-05T15:35:05.770-0400][gc,marking     ] GC(297) Concurrent Rebuild Remembered Sets
[2021-01-05T15:35:05.981-0400][gc,marking     ] GC(297) Concurrent Rebuild Remembered Sets 210.728ms
[2021-01-05T15:35:05.983-0400][gc,start       ] GC(297) Pause Cleanup
[2021-01-05T15:35:05.983-0400][gc             ] GC(297) Pause Cleanup 61M->61M(78M) 0.585ms
[2021-01-05T15:35:05.984-0400][gc,cpu         ] GC(297) User=0.00s Sys=0.00s Real=0.00s
[2021-01-05T15:35:05.984-0400][gc,marking     ] GC(297) Concurrent Cleanup for Next Mark
[2021-01-05T15:35:05.986-0400][gc,marking     ] GC(297) Concurrent Cleanup for Next Mark 1.398ms
[2021-01-05T15:35:05.986-0400][gc             ] GC(297) Concurrent Cycle 587.425ms
[2021-01-05T15:35:06.884-0400][gc,heap        ] GC(298) Heap before GC invocations=297 (full 3): garbage-first heap   total 79872K, used 63589K [0x0000000083000000, 0x0000000100000000)
[2021-01-05T15:35:06.884-0400][gc,heap        ] GC(298)   region size 1024K, 18 young (18432K), 1 survivors (1024K)
[2021-01-05T15:35:06.884-0400][gc,heap        ] GC(298)  Metaspace       used 42247K, capacity 45469K, committed 45568K, reserved 1089536K
[2021-01-05T15:35:06.884-0400][gc,heap        ] GC(298)   class space    used 4634K, capacity 5867K, committed 5888K, reserved 1048576K
[2021-01-05T15:35:06.884-0400][gc,start       ] GC(298) Pause Young (Normal) (G1 Evacuation Pause)
[2021-01-05T15:35:06.884-0400][gc,task        ] GC(298) Using 4 workers of 4 for evacuation
[2021-01-05T15:35:06.894-0400][gc,phases      ] GC(298)   Pre Evacuate Collection Set: 0.0ms
[2021-01-05T15:35:06.895-0400][gc,phases      ] GC(298)   Evacuate Collection Set: 7.3ms
[2021-01-05T15:35:06.895-0400][gc,phases      ] GC(298)   Post Evacuate Collection Set: 1.9ms
[2021-01-05T15:35:06.895-0400][gc,phases      ] GC(298)   Other: 1.3ms
[2021-01-05T15:35:06.895-0400][gc,heap        ] GC(298) Eden regions: 17->0(17)
[2021-01-05T15:35:06.895-0400][gc,heap        ] GC(298) Survivor regions: 1->1(3)
[2021-01-05T15:35:06.895-0400][gc,heap        ] GC(298) Old regions: 43->43
[2021-01-05T15:35:06.895-0400][gc,heap        ] GC(298) Humongous regions: 6->4
[2021-01-05T15:35:06.895-0400][gc,metaspace   ] GC(298) Metaspace: 42247K->42247K(1089536K)
[2021-01-05T15:35:06.895-0400][gc,heap        ] GC(298) Heap after GC invocations=298 (full 3): garbage-first heap   total 79872K, used 44894K [0x0000000083000000, 0x0000000100000000)
[2021-01-05T15:35:06.895-0400][gc,heap        ] GC(298)   region size 1024K, 1 young (1024K), 1 survivors (1024K)
[2021-01-05T15:35:06.895-0400][gc,heap        ] GC(298)  Metaspace       used 42247K, capacity 45469K, committed 45568K, reserved 1089536K
[2021-01-05T15:35:06.895-0400][gc,heap        ] GC(298)   class space    used 4634K, capacity 5867K, committed 5888K, reserved 1048576K
[2021-01-05T15:35:06.895-0400][gc             ] GC(298) Pause Young (Normal) (G1 Evacuation Pause) 63M->43M(78M) 10.914ms
[2021-01-05T15:35:06.895-0400][gc,cpu         ] GC(298) User=0.02s Sys=0.00s Real=0.01s
[2021-01-05T15:35:08.037-0400][gc,heap        ] GC(299) Heap before GC invocations=298 (full 3): garbage-first heap   total 79872K, used 61278K [0x0000000083000000, 0x0000000100000000)
[2021-01-05T15:35:08.037-0400][gc,heap        ] GC(299)   region size 1024K, 18 young (18432K), 1 survivors (1024K)
[2021-01-05T15:35:08.037-0400][gc,heap        ] GC(299)  Metaspace       used 42247K, capacity 45469K, committed 45568K, reserved 1089536K
[2021-01-05T15:35:08.037-0400][gc,heap        ] GC(299)   class space    used 4634K, capacity 5867K, committed 5888K, reserved 1048576K
[2021-01-05T15:35:08.037-0400][gc,start       ] GC(299) Pause Young (Concurrent Start) (G1 Evacuation Pause)
[2021-01-05T15:35:08.037-0400][gc,task        ] GC(299) Using 4 workers of 4 for evacuation
[2021-01-05T15:35:08.047-0400][gc,phases      ] GC(299)   Pre Evacuate Collection Set: 0.4ms
[2021-01-05T15:35:08.047-0400][gc,phases      ] GC(299)   Evacuate Collection Set: 6.8ms
[2021-01-05T15:35:08.047-0400][gc,phases      ] GC(299)   Post Evacuate Collection Set: 1.6ms
[2021-01-05T15:35:08.047-0400][gc,phases      ] GC(299)   Other: 1.5ms
[2021-01-05T15:35:08.047-0400][gc,heap        ] GC(299) Eden regions: 17->0(18)
[2021-01-05T15:35:08.047-0400][gc,heap        ] GC(299) Survivor regions: 1->1(3)
[2021-01-05T15:35:08.047-0400][gc,heap        ] GC(299) Old regions: 43->43
[2021-01-05T15:35:08.047-0400][gc,heap        ] GC(299) Humongous regions: 4->4
[2021-01-05T15:35:08.047-0400][gc,metaspace   ] GC(299) Metaspace: 42247K->42247K(1089536K)
[2021-01-05T15:35:08.047-0400][gc,heap        ] GC(299) Heap after GC invocations=299 (full 3): garbage-first heap   total 79872K, used 44872K [0x0000000083000000, 0x0000000100000000)
[2021-01-05T15:35:08.047-0400][gc,heap        ] GC(299)   region size 1024K, 1 young (1024K), 1 survivors (1024K)
[2021-01-05T15:35:08.047-0400][gc,heap        ] GC(299)  Metaspace       used 42247K, capacity 45469K, committed 45568K, reserved 1089536K
[2021-01-05T15:35:08.048-0400][gc,heap        ] GC(299)   class space    used 4634K, capacity 5867K, committed 5888K, reserved 1048576K
[2021-01-05T15:35:08.048-0400][gc             ] GC(299) Pause Young (Concurrent Start) (G1 Evacuation Pause) 60M->43M(78M) 10.650ms
[2021-01-05T15:35:08.049-0400][gc,cpu         ] GC(299) User=0.03s Sys=0.00s Real=0.01s
[2021-01-05T15:35:08.049-0400][gc             ] GC(300) Concurrent Cycle
[2021-01-05T15:35:08.049-0400][gc,marking     ] GC(300) Concurrent Clear Claimed Marks
[2021-01-05T15:35:08.050-0400][gc,marking     ] GC(300) Concurrent Clear Claimed Marks 0.908ms
[2021-01-05T15:35:08.050-0400][gc,marking     ] GC(300) Concurrent Scan Root Regions
[2021-01-05T15:35:08.053-0400][gc,marking     ] GC(300) Concurrent Scan Root Regions 3.023ms
[2021-01-05T15:35:08.053-0400][gc,marking     ] GC(300) Concurrent Mark (646.672s)
[2021-01-05T15:35:08.053-0400][gc,marking     ] GC(300) Concurrent Mark From Roots
[2021-01-05T15:35:08.053-0400][gc,task        ] GC(300) Using 1 workers of 1 for marking
[2021-01-05T15:35:08.331-0400][gc,marking     ] GC(300) Concurrent Mark From Roots 278.101ms
[2021-01-05T15:35:08.331-0400][gc,marking     ] GC(300) Concurrent Preclean
[2021-01-05T15:35:08.332-0400][gc,marking     ] GC(300) Concurrent Preclean 0.375ms
[2021-01-05T15:35:08.332-0400][gc,marking     ] GC(300) Concurrent Mark (646.672s, 646.950s) 278.705ms
[2021-01-05T15:35:08.333-0400][gc,start       ] GC(300) Pause Remark
[2021-01-05T15:35:08.365-0400][gc,stringtable ] GC(300) Cleaned string and symbol table, strings: 23486 processed, 0 removed, symbols: 95333 processed, 0 removed
[2021-01-05T15:35:08.366-0400][gc             ] GC(300) Pause Remark 44M->44M(78M) 32.342ms
[2021-01-05T15:35:08.366-0400][gc,cpu         ] GC(300) User=0.11s Sys=0.00s Real=0.04s
[2021-01-05T15:35:08.366-0400][gc,marking     ] GC(300) Concurrent Rebuild Remembered Sets
[2021-01-05T15:35:08.528-0400][gc,marking     ] GC(300) Concurrent Rebuild Remembered Sets 161.691ms
[2021-01-05T15:35:08.529-0400][gc,start       ] GC(300) Pause Cleanup
[2021-01-05T15:35:08.530-0400][gc             ] GC(300) Pause Cleanup 44M->44M(78M) 0.714ms
[2021-01-05T15:35:08.530-0400][gc,cpu         ] GC(300) User=0.00s Sys=0.00s Real=0.00s
[2021-01-05T15:35:08.531-0400][gc,marking     ] GC(300) Concurrent Cleanup for Next Mark
[2021-01-05T15:35:08.532-0400][gc,marking     ] GC(300) Concurrent Cleanup for Next Mark 0.926ms
[2021-01-05T15:35:08.532-0400][gc             ] GC(300) Concurrent Cycle 483.123ms
[2021-01-05T15:35:16.574-0400][gc,heap        ] GC(301) Heap before GC invocations=300 (full 3): garbage-first heap   total 79872K, used 62280K [0x0000000083000000, 0x0000000100000000)
[2021-01-05T15:35:16.574-0400][gc,heap        ] GC(301)   region size 1024K, 19 young (19456K), 1 survivors (1024K)
[2021-01-05T15:35:16.574-0400][gc,heap        ] GC(301)  Metaspace       used 42247K, capacity 45469K, committed 45568K, reserved 1089536K
[2021-01-05T15:35:16.574-0400][gc,heap        ] GC(301)   class space    used 4634K, capacity 5867K, committed 5888K, reserved 1048576K
[2021-01-05T15:35:16.574-0400][gc,start       ] GC(301) Pause Young (Normal) (G1 Evacuation Pause)
[2021-01-05T15:35:16.574-0400][gc,task        ] GC(301) Using 4 workers of 4 for evacuation
[2021-01-05T15:35:16.587-0400][gc,phases      ] GC(301)   Pre Evacuate Collection Set: 0.1ms
[2021-01-05T15:35:16.588-0400][gc,phases      ] GC(301)   Evacuate Collection Set: 10.3ms
[2021-01-05T15:35:16.588-0400][gc,phases      ] GC(301)   Post Evacuate Collection Set: 1.8ms
[2021-01-05T15:35:16.588-0400][gc,phases      ] GC(301)   Other: 1.4ms
[2021-01-05T15:35:16.588-0400][gc,heap        ] GC(301) Eden regions: 18->0(17)
[2021-01-05T15:35:16.588-0400][gc,heap        ] GC(301) Survivor regions: 1->2(3)
[2021-01-05T15:35:16.588-0400][gc,heap        ] GC(301) Old regions: 43->43
[2021-01-05T15:35:16.588-0400][gc,heap        ] GC(301) Humongous regions: 4->4
[2021-01-05T15:35:16.588-0400][gc,metaspace   ] GC(301) Metaspace: 42247K->42247K(1089536K)
[2021-01-05T15:35:16.588-0400][gc,heap        ] GC(301) Heap after GC invocations=301 (full 3): garbage-first heap   total 79872K, used 45907K [0x0000000083000000, 0x0000000100000000)
[2021-01-05T15:35:16.588-0400][gc,heap        ] GC(301)   region size 1024K, 2 young (2048K), 2 survivors (2048K)
[2021-01-05T15:35:16.588-0400][gc,heap        ] GC(301)  Metaspace       used 42247K, capacity 45469K, committed 45568K, reserved 1089536K
[2021-01-05T15:35:16.588-0400][gc,heap        ] GC(301)   class space    used 4634K, capacity 5867K, committed 5888K, reserved 1048576K
[2021-01-05T15:35:16.588-0400][gc             ] GC(301) Pause Young (Normal) (G1 Evacuation Pause) 61M->44M(78M) 14.259ms
[2021-01-05T15:35:16.590-0400][gc,cpu         ] GC(301) User=0.04s Sys=0.00s Real=0.02s
[2021-01-05T15:35:16.678-0400][gc,heap        ] GC(302) Heap before GC invocations=301 (full 3): garbage-first heap   total 79872K, used 60243K [0x0000000083000000, 0x0000000100000000)
[2021-01-05T15:35:16.678-0400][gc,heap        ] GC(302)   region size 1024K, 18 young (18432K), 2 survivors (2048K)
[2021-01-05T15:35:16.678-0400][gc,heap        ] GC(302)  Metaspace       used 42247K, capacity 45469K, committed 45568K, reserved 1089536K
[2021-01-05T15:35:16.678-0400][gc,heap        ] GC(302)   class space    used 4634K, capacity 5867K, committed 5888K, reserved 1048576K
[2021-01-05T15:35:16.679-0400][gc,start       ] GC(302) Pause Young (Concurrent Start) (G1 Humongous Allocation)
[2021-01-05T15:35:16.679-0400][gc,task        ] GC(302) Using 4 workers of 4 for evacuation
[2021-01-05T15:35:16.694-0400][gc,phases      ] GC(302)   Pre Evacuate Collection Set: 0.4ms
[2021-01-05T15:35:16.694-0400][gc,phases      ] GC(302)   Evacuate Collection Set: 12.5ms
[2021-01-05T15:35:16.694-0400][gc,phases      ] GC(302)   Post Evacuate Collection Set: 1.3ms
[2021-01-05T15:35:16.694-0400][gc,phases      ] GC(302)   Other: 1.5ms
[2021-01-05T15:35:16.694-0400][gc,heap        ] GC(302) Eden regions: 16->0(16)
[2021-01-05T15:35:16.694-0400][gc,heap        ] GC(302) Survivor regions: 2->3(3)
[2021-01-05T15:35:16.694-0400][gc,heap        ] GC(302) Old regions: 43->43
[2021-01-05T15:35:16.694-0400][gc,heap        ] GC(302) Humongous regions: 4->4
[2021-01-05T15:35:16.694-0400][gc,metaspace   ] GC(302) Metaspace: 42247K->42247K(1089536K)
[2021-01-05T15:35:16.694-0400][gc,heap        ] GC(302) Heap after GC invocations=302 (full 3): garbage-first heap   total 79872K, used 46749K [0x0000000083000000, 0x0000000100000000)
[2021-01-05T15:35:16.694-0400][gc,heap        ] GC(302)   region size 1024K, 3 young (3072K), 3 survivors (3072K)
[2021-01-05T15:35:16.694-0400][gc,heap        ] GC(302)  Metaspace       used 42247K, capacity 45469K, committed 45568K, reserved 1089536K
[2021-01-05T15:35:16.695-0400][gc,heap        ] GC(302)   class space    used 4634K, capacity 5867K, committed 5888K, reserved 1048576K
[2021-01-05T15:35:16.695-0400][gc             ] GC(302) Pause Young (Concurrent Start) (G1 Humongous Allocation) 60M->45M(78M) 15.975ms
[2021-01-05T15:35:16.695-0400][gc,cpu         ] GC(302) User=0.05s Sys=0.00s Real=0.01s
[2021-01-05T15:35:16.695-0400][gc             ] GC(303) Concurrent Cycle
[2021-01-05T15:35:16.695-0400][gc,marking     ] GC(303) Concurrent Clear Claimed Marks
[2021-01-05T15:35:16.696-0400][gc,marking     ] GC(303) Concurrent Clear Claimed Marks 0.548ms
[2021-01-05T15:35:16.696-0400][gc,marking     ] GC(303) Concurrent Scan Root Regions
[2021-01-05T15:35:16.708-0400][gc,marking     ] GC(303) Concurrent Scan Root Regions 12.267ms
[2021-01-05T15:35:16.708-0400][gc,marking     ] GC(303) Concurrent Mark (655.327s)
[2021-01-05T15:35:16.708-0400][gc,marking     ] GC(303) Concurrent Mark From Roots
[2021-01-05T15:35:16.709-0400][gc,task        ] GC(303) Using 1 workers of 1 for marking
[2021-01-05T15:35:16.985-0400][gc,marking     ] GC(303) Concurrent Mark From Roots 276.783ms
[2021-01-05T15:35:16.985-0400][gc,marking     ] GC(303) Concurrent Preclean
[2021-01-05T15:35:16.986-0400][gc,marking     ] GC(303) Concurrent Preclean 0.366ms
[2021-01-05T15:35:16.986-0400][gc,marking     ] GC(303) Concurrent Mark (655.327s, 655.604s) 277.392ms
[2021-01-05T15:35:16.987-0400][gc,start       ] GC(303) Pause Remark
[2021-01-05T15:35:17.020-0400][gc,stringtable ] GC(303) Cleaned string and symbol table, strings: 23486 processed, 0 removed, symbols: 95333 processed, 0 removed
[2021-01-05T15:35:17.021-0400][gc             ] GC(303) Pause Remark 50M->50M(78M) 33.932ms
[2021-01-05T15:35:17.021-0400][gc,cpu         ] GC(303) User=0.12s Sys=0.01s Real=0.03s
[2021-01-05T15:35:17.022-0400][gc,marking     ] GC(303) Concurrent Rebuild Remembered Sets
[2021-01-05T15:35:17.192-0400][gc,marking     ] GC(303) Concurrent Rebuild Remembered Sets 169.738ms
[2021-01-05T15:35:17.194-0400][gc,start       ] GC(303) Pause Cleanup
[2021-01-05T15:35:17.194-0400][gc             ] GC(303) Pause Cleanup 50M->50M(78M) 0.486ms
[2021-01-05T15:35:17.195-0400][gc,cpu         ] GC(303) User=0.00s Sys=0.00s Real=0.00s
[2021-01-05T15:35:17.195-0400][gc,marking     ] GC(303) Concurrent Cleanup for Next Mark
[2021-01-05T15:35:17.196-0400][gc,marking     ] GC(303) Concurrent Cleanup for Next Mark 0.941ms
[2021-01-05T15:35:17.196-0400][gc             ] GC(303) Concurrent Cycle 500.997ms
[2021-01-05T15:35:24.132-0400][gc,heap        ] GC(304) Heap before GC invocations=303 (full 3): garbage-first heap   total 79872K, used 64157K [0x0000000083000000, 0x0000000100000000)
[2021-01-05T15:35:24.132-0400][gc,heap        ] GC(304)   region size 1024K, 19 young (19456K), 3 survivors (3072K)
[2021-01-05T15:35:24.132-0400][gc,heap        ] GC(304)  Metaspace       used 42258K, capacity 45469K, committed 45568K, reserved 1089536K
[2021-01-05T15:35:24.132-0400][gc,heap        ] GC(304)   class space    used 4634K, capacity 5867K, committed 5888K, reserved 1048576K
[2021-01-05T15:35:24.132-0400][gc,start       ] GC(304) Pause Young (Normal) (G1 Evacuation Pause)
[2021-01-05T15:35:24.132-0400][gc,task        ] GC(304) Using 4 workers of 4 for evacuation
[2021-01-05T15:35:24.143-0400][gc,phases      ] GC(304)   Pre Evacuate Collection Set: 0.0ms
[2021-01-05T15:35:24.143-0400][gc,phases      ] GC(304)   Evacuate Collection Set: 8.3ms
[2021-01-05T15:35:24.144-0400][gc,phases      ] GC(304)   Post Evacuate Collection Set: 1.6ms
[2021-01-05T15:35:24.144-0400][gc,phases      ] GC(304)   Other: 1.3ms
[2021-01-05T15:35:24.144-0400][gc,heap        ] GC(304) Eden regions: 16->0(18)
[2021-01-05T15:35:24.144-0400][gc,heap        ] GC(304) Survivor regions: 3->1(3)
[2021-01-05T15:35:24.144-0400][gc,heap        ] GC(304) Old regions: 43->43
[2021-01-05T15:35:24.144-0400][gc,heap        ] GC(304) Humongous regions: 6->4
[2021-01-05T15:35:24.144-0400][gc,metaspace   ] GC(304) Metaspace: 42258K->42258K(1089536K)
[2021-01-05T15:35:24.144-0400][gc,heap        ] GC(304) Heap after GC invocations=304 (full 3): garbage-first heap   total 79872K, used 45378K [0x0000000083000000, 0x0000000100000000)
[2021-01-05T15:35:24.144-0400][gc,heap        ] GC(304)   region size 1024K, 1 young (1024K), 1 survivors (1024K)
[2021-01-05T15:35:24.144-0400][gc,heap        ] GC(304)  Metaspace       used 42258K, capacity 45469K, committed 45568K, reserved 1089536K
[2021-01-05T15:35:24.144-0400][gc,heap        ] GC(304)   class space    used 4634K, capacity 5867K, committed 5888K, reserved 1048576K
[2021-01-05T15:35:24.144-0400][gc             ] GC(304) Pause Young (Normal) (G1 Evacuation Pause) 63M->44M(78M) 11.708ms
[2021-01-05T15:35:24.145-0400][gc,cpu         ] GC(304) User=0.03s Sys=0.00s Real=0.01s
[2021-01-05T15:35:26.254-0400][gc,heap        ] GC(305) Heap before GC invocations=304 (full 3): garbage-first heap   total 79872K, used 62786K [0x0000000083000000, 0x0000000100000000)
[2021-01-05T15:35:26.254-0400][gc,heap        ] GC(305)   region size 1024K, 19 young (19456K), 1 survivors (1024K)
[2021-01-05T15:35:26.254-0400][gc,heap        ] GC(305)  Metaspace       used 42258K, capacity 45469K, committed 45568K, reserved 1089536K
[2021-01-05T15:35:26.254-0400][gc,heap        ] GC(305)   class space    used 4634K, capacity 5867K, committed 5888K, reserved 1048576K
[2021-01-05T15:35:26.254-0400][gc,start       ] GC(305) Pause Young (Concurrent Start) (G1 Evacuation Pause)
[2021-01-05T15:35:26.254-0400][gc,task        ] GC(305) Using 4 workers of 4 for evacuation
[2021-01-05T15:35:26.274-0400][gc,phases      ] GC(305)   Pre Evacuate Collection Set: 0.4ms
[2021-01-05T15:35:26.274-0400][gc,phases      ] GC(305)   Evacuate Collection Set: 16.0ms
[2021-01-05T15:35:26.274-0400][gc,phases      ] GC(305)   Post Evacuate Collection Set: 1.9ms
[2021-01-05T15:35:26.274-0400][gc,phases      ] GC(305)   Other: 1.4ms
[2021-01-05T15:35:26.274-0400][gc,heap        ] GC(305) Eden regions: 18->0(17)
[2021-01-05T15:35:26.274-0400][gc,heap        ] GC(305) Survivor regions: 1->2(3)
[2021-01-05T15:35:26.274-0400][gc,heap        ] GC(305) Old regions: 43->43
[2021-01-05T15:35:26.274-0400][gc,heap        ] GC(305) Humongous regions: 4->4
[2021-01-05T15:35:26.274-0400][gc,metaspace   ] GC(305) Metaspace: 42258K->42258K(1089536K)
[2021-01-05T15:35:26.274-0400][gc,heap        ] GC(305) Heap after GC invocations=305 (full 3): garbage-first heap   total 79872K, used 45999K [0x0000000083000000, 0x0000000100000000)
[2021-01-05T15:35:26.274-0400][gc,heap        ] GC(305)   region size 1024K, 2 young (2048K), 2 survivors (2048K)
[2021-01-05T15:35:26.274-0400][gc,heap        ] GC(305)  Metaspace       used 42258K, capacity 45469K, committed 45568K, reserved 1089536K
[2021-01-05T15:35:26.274-0400][gc,heap        ] GC(305)   class space    used 4634K, capacity 5867K, committed 5888K, reserved 1048576K
[2021-01-05T15:35:26.274-0400][gc             ] GC(305) Pause Young (Concurrent Start) (G1 Evacuation Pause) 62M->44M(78M) 20.114ms
[2021-01-05T15:35:26.275-0400][gc,cpu         ] GC(305) User=0.06s Sys=0.00s Real=0.02s
[2021-01-05T15:35:26.275-0400][gc             ] GC(306) Concurrent Cycle
[2021-01-05T15:35:26.275-0400][gc,marking     ] GC(306) Concurrent Clear Claimed Marks
[2021-01-05T15:35:26.276-0400][gc,marking     ] GC(306) Concurrent Clear Claimed Marks 0.537ms
[2021-01-05T15:35:26.276-0400][gc,marking     ] GC(306) Concurrent Scan Root Regions
[2021-01-05T15:35:26.285-0400][gc,marking     ] GC(306) Concurrent Scan Root Regions 9.388ms
[2021-01-05T15:35:26.285-0400][gc,marking     ] GC(306) Concurrent Mark (664.904s)
[2021-01-05T15:35:26.285-0400][gc,marking     ] GC(306) Concurrent Mark From Roots
[2021-01-05T15:35:26.286-0400][gc,task        ] GC(306) Using 1 workers of 1 for marking
[2021-01-05T15:35:26.590-0400][gc,marking     ] GC(306) Concurrent Mark From Roots 304.060ms
[2021-01-05T15:35:26.590-0400][gc,marking     ] GC(306) Concurrent Preclean
[2021-01-05T15:35:26.590-0400][gc,marking     ] GC(306) Concurrent Preclean 0.307ms
[2021-01-05T15:35:26.590-0400][gc,marking     ] GC(306) Concurrent Mark (664.904s, 665.209s) 304.608ms
[2021-01-05T15:35:26.591-0400][gc,start       ] GC(306) Pause Remark
[2021-01-05T15:35:26.622-0400][gc,stringtable ] GC(306) Cleaned string and symbol table, strings: 23509 processed, 0 removed, symbols: 95333 processed, 0 removed
[2021-01-05T15:35:26.622-0400][gc             ] GC(306) Pause Remark 56M->56M(78M) 30.906ms
[2021-01-05T15:35:26.623-0400][gc,cpu         ] GC(306) User=0.11s Sys=0.01s Real=0.03s
[2021-01-05T15:35:26.623-0400][gc,marking     ] GC(306) Concurrent Rebuild Remembered Sets
[2021-01-05T15:35:26.791-0400][gc,marking     ] GC(306) Concurrent Rebuild Remembered Sets 167.179ms
[2021-01-05T15:35:26.792-0400][gc,start       ] GC(306) Pause Cleanup
[2021-01-05T15:35:26.793-0400][gc             ] GC(306) Pause Cleanup 56M->56M(78M) 0.496ms
[2021-01-05T15:35:26.793-0400][gc,cpu         ] GC(306) User=0.00s Sys=0.00s Real=0.00s
[2021-01-05T15:35:26.793-0400][gc,marking     ] GC(306) Concurrent Cleanup for Next Mark
[2021-01-05T15:35:26.794-0400][gc,marking     ] GC(306) Concurrent Cleanup for Next Mark 0.836ms
[2021-01-05T15:35:26.794-0400][gc             ] GC(306) Concurrent Cycle 519.188ms
[2021-01-05T15:35:28.549-0400][gc,heap        ] GC(307) Heap before GC invocations=306 (full 3): garbage-first heap   total 79872K, used 64431K [0x0000000083000000, 0x0000000100000000)
[2021-01-05T15:35:28.549-0400][gc,heap        ] GC(307)   region size 1024K, 19 young (19456K), 2 survivors (2048K)
[2021-01-05T15:35:28.549-0400][gc,heap        ] GC(307)  Metaspace       used 42259K, capacity 45469K, committed 45568K, reserved 1089536K
[2021-01-05T15:35:28.549-0400][gc,heap        ] GC(307)   class space    used 4634K, capacity 5867K, committed 5888K, reserved 1048576K
[2021-01-05T15:35:28.549-0400][gc,start       ] GC(307) Pause Young (Prepare Mixed) (G1 Evacuation Pause)
[2021-01-05T15:35:28.549-0400][gc,task        ] GC(307) Using 4 workers of 4 for evacuation
[2021-01-05T15:35:28.558-0400][gc,phases      ] GC(307)   Pre Evacuate Collection Set: 0.0ms
[2021-01-05T15:35:28.558-0400][gc,phases      ] GC(307)   Evacuate Collection Set: 6.0ms
[2021-01-05T15:35:28.558-0400][gc,phases      ] GC(307)   Post Evacuate Collection Set: 1.3ms
[2021-01-05T15:35:28.558-0400][gc,phases      ] GC(307)   Other: 1.3ms
[2021-01-05T15:35:28.558-0400][gc,heap        ] GC(307) Eden regions: 17->0(2)
[2021-01-05T15:35:28.558-0400][gc,heap        ] GC(307) Survivor regions: 2->1(3)
[2021-01-05T15:35:28.558-0400][gc,heap        ] GC(307) Old regions: 43->43
[2021-01-05T15:35:28.558-0400][gc,heap        ] GC(307) Humongous regions: 6->4
[2021-01-05T15:35:28.558-0400][gc,metaspace   ] GC(307) Metaspace: 42259K->42259K(1089536K)
[2021-01-05T15:35:28.558-0400][gc,heap        ] GC(307) Heap after GC invocations=307 (full 3): garbage-first heap   total 79872K, used 45290K [0x0000000083000000, 0x0000000100000000)
[2021-01-05T15:35:28.558-0400][gc,heap        ] GC(307)   region size 1024K, 1 young (1024K), 1 survivors (1024K)
[2021-01-05T15:35:28.558-0400][gc,heap        ] GC(307)  Metaspace       used 42259K, capacity 45469K, committed 45568K, reserved 1089536K
[2021-01-05T15:35:28.558-0400][gc,heap        ] GC(307)   class space    used 4634K, capacity 5867K, committed 5888K, reserved 1048576K
[2021-01-05T15:35:28.558-0400][gc             ] GC(307) Pause Young (Prepare Mixed) (G1 Evacuation Pause) 63M->44M(78M) 9.069ms
[2021-01-05T15:35:28.559-0400][gc,cpu         ] GC(307) User=0.02s Sys=0.00s Real=0.01s
[2021-01-05T15:35:28.630-0400][gc,heap        ] GC(308) Heap before GC invocations=307 (full 3): garbage-first heap   total 79872K, used 46314K [0x0000000083000000, 0x0000000100000000)
[2021-01-05T15:35:28.630-0400][gc,heap        ] GC(308)   region size 1024K, 3 young (3072K), 1 survivors (1024K)
[2021-01-05T15:35:28.630-0400][gc,heap        ] GC(308)  Metaspace       used 42259K, capacity 45469K, committed 45568K, reserved 1089536K
[2021-01-05T15:35:28.630-0400][gc,heap        ] GC(308)   class space    used 4634K, capacity 5867K, committed 5888K, reserved 1048576K
[2021-01-05T15:35:28.630-0400][gc,start       ] GC(308) Pause Young (Mixed) (G1 Evacuation Pause)
[2021-01-05T15:35:28.630-0400][gc,task        ] GC(308) Using 4 workers of 4 for evacuation
[2021-01-05T15:35:28.637-0400][gc,phases      ] GC(308)   Pre Evacuate Collection Set: 0.0ms
[2021-01-05T15:35:28.637-0400][gc,phases      ] GC(308)   Evacuate Collection Set: 5.0ms
[2021-01-05T15:35:28.637-0400][gc,phases      ] GC(308)   Post Evacuate Collection Set: 0.9ms
[2021-01-05T15:35:28.637-0400][gc,phases      ] GC(308)   Other: 1.3ms
[2021-01-05T15:35:28.638-0400][gc,heap        ] GC(308) Eden regions: 2->0(19)
[2021-01-05T15:35:28.638-0400][gc,heap        ] GC(308) Survivor regions: 1->1(1)
[2021-01-05T15:35:28.638-0400][gc,heap        ] GC(308) Old regions: 43->42
[2021-01-05T15:35:28.638-0400][gc,heap        ] GC(308) Humongous regions: 4->4
[2021-01-05T15:35:28.638-0400][gc,metaspace   ] GC(308) Metaspace: 42259K->42259K(1089536K)
[2021-01-05T15:35:28.638-0400][gc,heap        ] GC(308) Heap after GC invocations=308 (full 3): garbage-first heap   total 79872K, used 44191K [0x0000000083000000, 0x0000000100000000)
[2021-01-05T15:35:28.638-0400][gc,heap        ] GC(308)   region size 1024K, 1 young (1024K), 1 survivors (1024K)
[2021-01-05T15:35:28.638-0400][gc,heap        ] GC(308)  Metaspace       used 42259K, capacity 45469K, committed 45568K, reserved 1089536K
[2021-01-05T15:35:28.638-0400][gc,heap        ] GC(308)   class space    used 4634K, capacity 5867K, committed 5888K, reserved 1048576K
[2021-01-05T15:35:28.638-0400][gc             ] GC(308) Pause Young (Mixed) (G1 Evacuation Pause) 46M->43M(78M) 7.717ms
[2021-01-05T15:35:28.638-0400][gc,cpu         ] GC(308) User=0.02s Sys=0.00s Real=0.01s
[2021-01-05T15:35:32.581-0400][gc,heap        ] GC(309) Heap before GC invocations=308 (full 3): garbage-first heap   total 79872K, used 63647K [0x0000000083000000, 0x0000000100000000)
[2021-01-05T15:35:32.581-0400][gc,heap        ] GC(309)   region size 1024K, 20 young (20480K), 1 survivors (1024K)
[2021-01-05T15:35:32.581-0400][gc,heap        ] GC(309)  Metaspace       used 42259K, capacity 45469K, committed 45568K, reserved 1089536K
[2021-01-05T15:35:32.581-0400][gc,heap        ] GC(309)   class space    used 4634K, capacity 5867K, committed 5888K, reserved 1048576K
[2021-01-05T15:35:32.581-0400][gc,start       ] GC(309) Pause Young (Concurrent Start) (G1 Evacuation Pause)
[2021-01-05T15:35:32.581-0400][gc,task        ] GC(309) Using 4 workers of 4 for evacuation
[2021-01-05T15:35:32.592-0400][gc,phases      ] GC(309)   Pre Evacuate Collection Set: 0.3ms
[2021-01-05T15:35:32.592-0400][gc,phases      ] GC(309)   Evacuate Collection Set: 8.1ms
[2021-01-05T15:35:32.592-0400][gc,phases      ] GC(309)   Post Evacuate Collection Set: 1.5ms
[2021-01-05T15:35:32.592-0400][gc,phases      ] GC(309)   Other: 1.4ms
[2021-01-05T15:35:32.592-0400][gc,heap        ] GC(309) Eden regions: 19->0(19)
[2021-01-05T15:35:32.593-0400][gc,heap        ] GC(309) Survivor regions: 1->1(3)
[2021-01-05T15:35:32.593-0400][gc,heap        ] GC(309) Old regions: 42->42
[2021-01-05T15:35:32.593-0400][gc,heap        ] GC(309) Humongous regions: 4->4
[2021-01-05T15:35:32.593-0400][gc,metaspace   ] GC(309) Metaspace: 42259K->42259K(1089536K)
[2021-01-05T15:35:32.593-0400][gc,heap        ] GC(309) Heap after GC invocations=309 (full 3): garbage-first heap   total 79872K, used 44665K [0x0000000083000000, 0x0000000100000000)
[2021-01-05T15:35:32.593-0400][gc,heap        ] GC(309)   region size 1024K, 1 young (1024K), 1 survivors (1024K)
[2021-01-05T15:35:32.593-0400][gc,heap        ] GC(309)  Metaspace       used 42259K, capacity 45469K, committed 45568K, reserved 1089536K
[2021-01-05T15:35:32.593-0400][gc,heap        ] GC(309)   class space    used 4634K, capacity 5867K, committed 5888K, reserved 1048576K
[2021-01-05T15:35:32.593-0400][gc             ] GC(309) Pause Young (Concurrent Start) (G1 Evacuation Pause) 62M->43M(78M) 11.672ms
[2021-01-05T15:35:32.593-0400][gc,cpu         ] GC(309) User=0.04s Sys=0.01s Real=0.01s
[2021-01-05T15:35:32.593-0400][gc             ] GC(310) Concurrent Cycle
[2021-01-05T15:35:32.593-0400][gc,marking     ] GC(310) Concurrent Clear Claimed Marks
[2021-01-05T15:35:32.594-0400][gc,marking     ] GC(310) Concurrent Clear Claimed Marks 0.576ms
[2021-01-05T15:35:32.594-0400][gc,marking     ] GC(310) Concurrent Scan Root Regions
[2021-01-05T15:35:32.599-0400][gc,marking     ] GC(310) Concurrent Scan Root Regions 5.238ms
[2021-01-05T15:35:32.600-0400][gc,marking     ] GC(310) Concurrent Mark (671.218s)
[2021-01-05T15:35:32.600-0400][gc,marking     ] GC(310) Concurrent Mark From Roots
[2021-01-05T15:35:32.600-0400][gc,task        ] GC(310) Using 1 workers of 1 for marking
[2021-01-05T15:35:32.887-0400][gc,marking     ] GC(310) Concurrent Mark From Roots 287.017ms
[2021-01-05T15:35:32.887-0400][gc,marking     ] GC(310) Concurrent Preclean
[2021-01-05T15:35:32.887-0400][gc,marking     ] GC(310) Concurrent Preclean 0.314ms
[2021-01-05T15:35:32.887-0400][gc,marking     ] GC(310) Concurrent Mark (671.218s, 671.506s) 287.633ms
[2021-01-05T15:35:32.889-0400][gc,start       ] GC(310) Pause Remark
[2021-01-05T15:35:32.919-0400][gc,stringtable ] GC(310) Cleaned string and symbol table, strings: 23509 processed, 0 removed, symbols: 95333 processed, 0 removed
[2021-01-05T15:35:32.919-0400][gc             ] GC(310) Pause Remark 47M->47M(78M) 30.496ms
[2021-01-05T15:35:32.920-0400][gc,cpu         ] GC(310) User=0.11s Sys=0.00s Real=0.03s
[2021-01-05T15:35:32.920-0400][gc,marking     ] GC(310) Concurrent Rebuild Remembered Sets
[2021-01-05T15:35:33.081-0400][gc,marking     ] GC(310) Concurrent Rebuild Remembered Sets 160.617ms
[2021-01-05T15:35:33.082-0400][gc,start       ] GC(310) Pause Cleanup
[2021-01-05T15:35:33.083-0400][gc             ] GC(310) Pause Cleanup 47M->47M(78M) 0.540ms
[2021-01-05T15:35:33.083-0400][gc,cpu         ] GC(310) User=0.00s Sys=0.00s Real=0.00s
[2021-01-05T15:35:33.083-0400][gc,marking     ] GC(310) Concurrent Cleanup for Next Mark
[2021-01-05T15:35:33.084-0400][gc,marking     ] GC(310) Concurrent Cleanup for Next Mark 0.896ms
[2021-01-05T15:35:33.084-0400][gc             ] GC(310) Concurrent Cycle 491.112ms
[2021-01-05T15:35:37.779-0400][gc,heap        ] GC(311) Heap before GC invocations=310 (full 3): garbage-first heap   total 79872K, used 63097K [0x0000000083000000, 0x0000000100000000)
[2021-01-05T15:35:37.779-0400][gc,heap        ] GC(311)   region size 1024K, 20 young (20480K), 1 survivors (1024K)
[2021-01-05T15:35:37.779-0400][gc,heap        ] GC(311)  Metaspace       used 42261K, capacity 45469K, committed 45568K, reserved 1089536K
[2021-01-05T15:35:37.779-0400][gc,heap        ] GC(311)   class space    used 4634K, capacity 5867K, committed 5888K, reserved 1048576K
[2021-01-05T15:35:37.779-0400][gc,start       ] GC(311) Pause Young (Normal) (G1 Evacuation Pause)
[2021-01-05T15:35:37.779-0400][gc,task        ] GC(311) Using 4 workers of 4 for evacuation
[2021-01-05T15:35:37.790-0400][gc,phases      ] GC(311)   Pre Evacuate Collection Set: 0.1ms
[2021-01-05T15:35:37.790-0400][gc,phases      ] GC(311)   Evacuate Collection Set: 8.0ms
[2021-01-05T15:35:37.790-0400][gc,phases      ] GC(311)   Post Evacuate Collection Set: 1.6ms
[2021-01-05T15:35:37.790-0400][gc,phases      ] GC(311)   Other: 1.3ms
[2021-01-05T15:35:37.790-0400][gc,heap        ] GC(311) Eden regions: 19->0(18)
[2021-01-05T15:35:37.790-0400][gc,heap        ] GC(311) Survivor regions: 1->2(3)
[2021-01-05T15:35:37.790-0400][gc,heap        ] GC(311) Old regions: 42->42
[2021-01-05T15:35:37.790-0400][gc,heap        ] GC(311) Humongous regions: 4->4
[2021-01-05T15:35:37.790-0400][gc,metaspace   ] GC(311) Metaspace: 42261K->42261K(1089536K)
[2021-01-05T15:35:37.790-0400][gc,heap        ] GC(311) Heap after GC invocations=311 (full 3): garbage-first heap   total 79872K, used 45342K [0x0000000083000000, 0x0000000100000000)
[2021-01-05T15:35:37.790-0400][gc,heap        ] GC(311)   region size 1024K, 2 young (2048K), 2 survivors (2048K)
[2021-01-05T15:35:37.790-0400][gc,heap        ] GC(311)  Metaspace       used 42261K, capacity 45469K, committed 45568K, reserved 1089536K
[2021-01-05T15:35:37.790-0400][gc,heap        ] GC(311)   class space    used 4634K, capacity 5867K, committed 5888K, reserved 1048576K
[2021-01-05T15:35:37.790-0400][gc             ] GC(311) Pause Young (Normal) (G1 Evacuation Pause) 62M->44M(78M) 11.266ms
[2021-01-05T15:35:37.791-0400][gc,cpu         ] GC(311) User=0.03s Sys=0.01s Real=0.01s
[2021-01-05T15:35:37.825-0400][gc,heap        ] GC(312) Heap before GC invocations=311 (full 3): garbage-first heap   total 79872K, used 48414K [0x0000000083000000, 0x0000000100000000)
[2021-01-05T15:35:37.825-0400][gc,heap        ] GC(312)   region size 1024K, 7 young (7168K), 2 survivors (2048K)
[2021-01-05T15:35:37.825-0400][gc,heap        ] GC(312)  Metaspace       used 42261K, capacity 45469K, committed 45568K, reserved 1089536K
[2021-01-05T15:35:37.825-0400][gc,heap        ] GC(312)   class space    used 4634K, capacity 5867K, committed 5888K, reserved 1048576K
[2021-01-05T15:35:37.825-0400][gc,start       ] GC(312) Pause Young (Concurrent Start) (G1 Humongous Allocation)
[2021-01-05T15:35:37.825-0400][gc,task        ] GC(312) Using 4 workers of 4 for evacuation
[2021-01-05T15:35:37.838-0400][gc,phases      ] GC(312)   Pre Evacuate Collection Set: 0.4ms
[2021-01-05T15:35:37.838-0400][gc,phases      ] GC(312)   Evacuate Collection Set: 10.5ms
[2021-01-05T15:35:37.838-0400][gc,phases      ] GC(312)   Post Evacuate Collection Set: 1.0ms
[2021-01-05T15:35:37.839-0400][gc,phases      ] GC(312)   Other: 1.5ms
[2021-01-05T15:35:37.839-0400][gc,heap        ] GC(312) Eden regions: 5->0(16)
[2021-01-05T15:35:37.839-0400][gc,heap        ] GC(312) Survivor regions: 2->2(3)
[2021-01-05T15:35:37.839-0400][gc,heap        ] GC(312) Old regions: 42->42
[2021-01-05T15:35:37.839-0400][gc,heap        ] GC(312) Humongous regions: 4->4
[2021-01-05T15:35:37.839-0400][gc,metaspace   ] GC(312) Metaspace: 42261K->42261K(1089536K)
[2021-01-05T15:35:37.839-0400][gc,heap        ] GC(312) Heap after GC invocations=312 (full 3): garbage-first heap   total 79872K, used 45653K [0x0000000083000000, 0x0000000100000000)
[2021-01-05T15:35:37.839-0400][gc,heap        ] GC(312)   region size 1024K, 2 young (2048K), 2 survivors (2048K)
[2021-01-05T15:35:37.839-0400][gc,heap        ] GC(312)  Metaspace       used 42261K, capacity 45469K, committed 45568K, reserved 1089536K
[2021-01-05T15:35:37.839-0400][gc,heap        ] GC(312)   class space    used 4634K, capacity 5867K, committed 5888K, reserved 1048576K
[2021-01-05T15:35:37.839-0400][gc             ] GC(312) Pause Young (Concurrent Start) (G1 Humongous Allocation) 48M->44M(78M) 13.666ms
[2021-01-05T15:35:37.839-0400][gc,cpu         ] GC(312) User=0.04s Sys=0.00s Real=0.02s
[2021-01-05T15:35:37.839-0400][gc             ] GC(313) Concurrent Cycle
[2021-01-05T15:35:37.839-0400][gc,marking     ] GC(313) Concurrent Clear Claimed Marks
[2021-01-05T15:35:37.840-0400][gc,marking     ] GC(313) Concurrent Clear Claimed Marks 0.587ms
[2021-01-05T15:35:37.840-0400][gc,marking     ] GC(313) Concurrent Scan Root Regions
[2021-01-05T15:35:37.849-0400][gc,marking     ] GC(313) Concurrent Scan Root Regions 8.699ms
[2021-01-05T15:35:37.849-0400][gc,marking     ] GC(313) Concurrent Mark (676.468s)
[2021-01-05T15:35:37.849-0400][gc,marking     ] GC(313) Concurrent Mark From Roots
[2021-01-05T15:35:37.849-0400][gc,task        ] GC(313) Using 1 workers of 1 for marking
[2021-01-05T15:35:38.129-0400][gc,marking     ] GC(313) Concurrent Mark From Roots 280.153ms
[2021-01-05T15:35:38.129-0400][gc,marking     ] GC(313) Concurrent Preclean
[2021-01-05T15:35:38.130-0400][gc,marking     ] GC(313) Concurrent Preclean 0.361ms
[2021-01-05T15:35:38.130-0400][gc,marking     ] GC(313) Concurrent Mark (676.468s, 676.749s) 280.736ms
[2021-01-05T15:35:38.131-0400][gc,start       ] GC(313) Pause Remark
[2021-01-05T15:35:38.162-0400][gc,stringtable ] GC(313) Cleaned string and symbol table, strings: 23509 processed, 0 removed, symbols: 95333 processed, 0 removed
[2021-01-05T15:35:38.163-0400][gc             ] GC(313) Pause Remark 50M->50M(78M) 31.784ms
[2021-01-05T15:35:38.163-0400][gc,cpu         ] GC(313) User=0.11s Sys=0.00s Real=0.03s
[2021-01-05T15:35:38.164-0400][gc,marking     ] GC(313) Concurrent Rebuild Remembered Sets
[2021-01-05T15:35:38.324-0400][gc,marking     ] GC(313) Concurrent Rebuild Remembered Sets 160.667ms
[2021-01-05T15:35:38.326-0400][gc,start       ] GC(313) Pause Cleanup
[2021-01-05T15:35:38.327-0400][gc             ] GC(313) Pause Cleanup 50M->50M(78M) 0.478ms
[2021-01-05T15:35:38.327-0400][gc,cpu         ] GC(313) User=0.00s Sys=0.00s Real=0.00s
[2021-01-05T15:35:38.327-0400][gc,marking     ] GC(313) Concurrent Cleanup for Next Mark
[2021-01-05T15:35:38.328-0400][gc,marking     ] GC(313) Concurrent Cleanup for Next Mark 0.890ms
[2021-01-05T15:35:38.328-0400][gc             ] GC(313) Concurrent Cycle 488.967ms
[2021-01-05T15:35:40.337-0400][gc,heap        ] GC(314) Heap before GC invocations=313 (full 3): garbage-first heap   total 79872K, used 63061K [0x0000000083000000, 0x0000000100000000)
[2021-01-05T15:35:40.337-0400][gc,heap        ] GC(314)   region size 1024K, 18 young (18432K), 2 survivors (2048K)
[2021-01-05T15:35:40.338-0400][gc,heap        ] GC(314)  Metaspace       used 42261K, capacity 45469K, committed 45568K, reserved 1089536K
[2021-01-05T15:35:40.338-0400][gc,heap        ] GC(314)   class space    used 4634K, capacity 5867K, committed 5888K, reserved 1048576K
[2021-01-05T15:35:40.338-0400][gc,start       ] GC(314) Pause Young (Normal) (G1 Evacuation Pause)
[2021-01-05T15:35:40.338-0400][gc,task        ] GC(314) Using 4 workers of 4 for evacuation
[2021-01-05T15:35:40.354-0400][gc,phases      ] GC(314)   Pre Evacuate Collection Set: 0.1ms
[2021-01-05T15:35:40.354-0400][gc,phases      ] GC(314)   Evacuate Collection Set: 9.9ms
[2021-01-05T15:35:40.354-0400][gc,phases      ] GC(314)   Post Evacuate Collection Set: 5.1ms
[2021-01-05T15:35:40.354-0400][gc,phases      ] GC(314)   Other: 1.6ms
[2021-01-05T15:35:40.354-0400][gc,heap        ] GC(314) Eden regions: 16->0(17)
[2021-01-05T15:35:40.354-0400][gc,heap        ] GC(314) Survivor regions: 2->1(3)
[2021-01-05T15:35:40.354-0400][gc,heap        ] GC(314) Old regions: 42->43
[2021-01-05T15:35:40.354-0400][gc,heap        ] GC(314) Humongous regions: 6->4
[2021-01-05T15:35:40.354-0400][gc,metaspace   ] GC(314) Metaspace: 42261K->42261K(1089536K)
[2021-01-05T15:35:40.354-0400][gc,heap        ] GC(314) Heap after GC invocations=314 (full 3): garbage-first heap   total 79872K, used 44852K [0x0000000083000000, 0x0000000100000000)
[2021-01-05T15:35:40.355-0400][gc,heap        ] GC(314)   region size 1024K, 1 young (1024K), 1 survivors (1024K)
[2021-01-05T15:35:40.355-0400][gc,heap        ] GC(314)  Metaspace       used 42261K, capacity 45469K, committed 45568K, reserved 1089536K
[2021-01-05T15:35:40.355-0400][gc,heap        ] GC(314)   class space    used 4634K, capacity 5867K, committed 5888K, reserved 1048576K
[2021-01-05T15:35:40.355-0400][gc             ] GC(314) Pause Young (Normal) (G1 Evacuation Pause) 62M->43M(78M) 16.860ms
[2021-01-05T15:35:40.355-0400][gc,cpu         ] GC(314) User=0.04s Sys=0.01s Real=0.01s
[2021-01-05T15:35:45.474-0400][gc,heap        ] GC(315) Heap before GC invocations=314 (full 3): garbage-first heap   total 79872K, used 61236K [0x0000000083000000, 0x0000000100000000)
[2021-01-05T15:35:45.474-0400][gc,heap        ] GC(315)   region size 1024K, 19 young (19456K), 1 survivors (1024K)
[2021-01-05T15:35:45.474-0400][gc,heap        ] GC(315)  Metaspace       used 42261K, capacity 45469K, committed 45568K, reserved 1089536K
[2021-01-05T15:35:45.474-0400][gc,heap        ] GC(315)   class space    used 4634K, capacity 5867K, committed 5888K, reserved 1048576K
[2021-01-05T15:35:45.474-0400][gc,start       ] GC(315) Pause Young (Concurrent Start) (GCLocker Initiated GC)
[2021-01-05T15:35:45.475-0400][gc,task        ] GC(315) Using 4 workers of 4 for evacuation
[2021-01-05T15:35:45.485-0400][gc,phases      ] GC(315)   Pre Evacuate Collection Set: 0.4ms
[2021-01-05T15:35:45.485-0400][gc,phases      ] GC(315)   Evacuate Collection Set: 7.9ms
[2021-01-05T15:35:45.485-0400][gc,phases      ] GC(315)   Post Evacuate Collection Set: 1.6ms
[2021-01-05T15:35:45.486-0400][gc,phases      ] GC(315)   Other: 1.3ms
[2021-01-05T15:35:45.486-0400][gc,heap        ] GC(315) Eden regions: 18->0(17)
[2021-01-05T15:35:45.486-0400][gc,heap        ] GC(315) Survivor regions: 1->1(3)
[2021-01-05T15:35:45.486-0400][gc,heap        ] GC(315) Old regions: 43->43
[2021-01-05T15:35:45.486-0400][gc,heap        ] GC(315) Humongous regions: 4->4
[2021-01-05T15:35:45.486-0400][gc,metaspace   ] GC(315) Metaspace: 42261K->42261K(1089536K)
[2021-01-05T15:35:45.486-0400][gc,heap        ] GC(315) Heap after GC invocations=315 (full 3): garbage-first heap   total 79872K, used 44820K [0x0000000083000000, 0x0000000100000000)
[2021-01-05T15:35:45.486-0400][gc,heap        ] GC(315)   region size 1024K, 1 young (1024K), 1 survivors (1024K)
[2021-01-05T15:35:45.486-0400][gc,heap        ] GC(315)  Metaspace       used 42261K, capacity 45469K, committed 45568K, reserved 1089536K
[2021-01-05T15:35:45.486-0400][gc,heap        ] GC(315)   class space    used 4634K, capacity 5867K, committed 5888K, reserved 1048576K
[2021-01-05T15:35:45.486-0400][gc             ] GC(315) Pause Young (Concurrent Start) (GCLocker Initiated GC) 60M->43M(78M) 11.677ms
[2021-01-05T15:35:45.486-0400][gc,cpu         ] GC(315) User=0.03s Sys=0.00s Real=0.02s
[2021-01-05T15:35:45.487-0400][gc             ] GC(316) Concurrent Cycle
[2021-01-05T15:35:45.487-0400][gc,marking     ] GC(316) Concurrent Clear Claimed Marks
[2021-01-05T15:35:45.487-0400][gc,marking     ] GC(316) Concurrent Clear Claimed Marks 0.432ms
[2021-01-05T15:35:45.487-0400][gc,marking     ] GC(316) Concurrent Scan Root Regions
[2021-01-05T15:35:45.493-0400][gc,marking     ] GC(316) Concurrent Scan Root Regions 5.300ms
[2021-01-05T15:35:45.493-0400][gc,marking     ] GC(316) Concurrent Mark (684.111s)
[2021-01-05T15:35:45.493-0400][gc,marking     ] GC(316) Concurrent Mark From Roots
[2021-01-05T15:35:45.493-0400][gc,task        ] GC(316) Using 1 workers of 1 for marking
[2021-01-05T15:35:45.782-0400][gc,marking     ] GC(316) Concurrent Mark From Roots 289.030ms
[2021-01-05T15:35:45.782-0400][gc,marking     ] GC(316) Concurrent Preclean
[2021-01-05T15:35:45.782-0400][gc,marking     ] GC(316) Concurrent Preclean 0.297ms
[2021-01-05T15:35:45.782-0400][gc,marking     ] GC(316) Concurrent Mark (684.111s, 684.401s) 289.560ms
[2021-01-05T15:35:45.783-0400][gc,start       ] GC(316) Pause Remark
[2021-01-05T15:35:45.814-0400][gc,stringtable ] GC(316) Cleaned string and symbol table, strings: 23509 processed, 0 removed, symbols: 95333 processed, 0 removed
[2021-01-05T15:35:45.815-0400][gc             ] GC(316) Pause Remark 50M->50M(78M) 31.498ms
[2021-01-05T15:35:45.815-0400][gc,cpu         ] GC(316) User=0.11s Sys=0.00s Real=0.03s
[2021-01-05T15:35:45.816-0400][gc,marking     ] GC(316) Concurrent Rebuild Remembered Sets
[2021-01-05T15:35:45.986-0400][gc,marking     ] GC(316) Concurrent Rebuild Remembered Sets 170.043ms
[2021-01-05T15:35:45.987-0400][gc,start       ] GC(316) Pause Cleanup
[2021-01-05T15:35:45.988-0400][gc             ] GC(316) Pause Cleanup 51M->51M(78M) 0.436ms
[2021-01-05T15:35:45.988-0400][gc,cpu         ] GC(316) User=0.00s Sys=0.00s Real=0.00s
[2021-01-05T15:35:45.989-0400][gc,marking     ] GC(316) Concurrent Cleanup for Next Mark
[2021-01-05T15:35:45.990-0400][gc,marking     ] GC(316) Concurrent Cleanup for Next Mark 1.036ms
[2021-01-05T15:35:45.990-0400][gc             ] GC(316) Concurrent Cycle 503.221ms
[2021-01-05T15:35:48.638-0400][gc,heap        ] GC(317) Heap before GC invocations=316 (full 3): garbage-first heap   total 79872K, used 61204K [0x0000000083000000, 0x0000000100000000)
[2021-01-05T15:35:48.638-0400][gc,heap        ] GC(317)   region size 1024K, 18 young (18432K), 1 survivors (1024K)
[2021-01-05T15:35:48.639-0400][gc,heap        ] GC(317)  Metaspace       used 42261K, capacity 45469K, committed 45568K, reserved 1089536K
[2021-01-05T15:35:48.639-0400][gc,heap        ] GC(317)   class space    used 4634K, capacity 5867K, committed 5888K, reserved 1048576K
[2021-01-05T15:35:48.639-0400][gc,start       ] GC(317) Pause Young (Prepare Mixed) (G1 Evacuation Pause)
[2021-01-05T15:35:48.639-0400][gc,task        ] GC(317) Using 4 workers of 4 for evacuation
[2021-01-05T15:35:48.649-0400][gc,phases      ] GC(317)   Pre Evacuate Collection Set: 0.0ms
[2021-01-05T15:35:48.649-0400][gc,phases      ] GC(317)   Evacuate Collection Set: 7.9ms
[2021-01-05T15:35:48.649-0400][gc,phases      ] GC(317)   Post Evacuate Collection Set: 1.5ms
[2021-01-05T15:35:48.649-0400][gc,phases      ] GC(317)   Other: 1.2ms
[2021-01-05T15:35:48.649-0400][gc,heap        ] GC(317) Eden regions: 17->0(1)
[2021-01-05T15:35:48.649-0400][gc,heap        ] GC(317) Survivor regions: 1->2(3)
[2021-01-05T15:35:48.649-0400][gc,heap        ] GC(317) Old regions: 43->43
[2021-01-05T15:35:48.649-0400][gc,heap        ] GC(317) Humongous regions: 4->4
[2021-01-05T15:35:48.649-0400][gc,metaspace   ] GC(317) Metaspace: 42261K->42261K(1089536K)
[2021-01-05T15:35:48.649-0400][gc,heap        ] GC(317) Heap after GC invocations=317 (full 3): garbage-first heap   total 79872K, used 45442K [0x0000000083000000, 0x0000000100000000)
[2021-01-05T15:35:48.650-0400][gc,heap        ] GC(317)   region size 1024K, 2 young (2048K), 2 survivors (2048K)
[2021-01-05T15:35:48.650-0400][gc,heap        ] GC(317)  Metaspace       used 42261K, capacity 45469K, committed 45568K, reserved 1089536K
[2021-01-05T15:35:48.650-0400][gc,heap        ] GC(317)   class space    used 4634K, capacity 5867K, committed 5888K, reserved 1048576K
[2021-01-05T15:35:48.650-0400][gc             ] GC(317) Pause Young (Prepare Mixed) (G1 Evacuation Pause) 60M->44M(78M) 10.955ms
[2021-01-05T15:35:48.650-0400][gc,cpu         ] GC(317) User=0.04s Sys=0.00s Real=0.01s
[2021-01-05T15:35:48.659-0400][gc,heap        ] GC(318) Heap before GC invocations=317 (full 3): garbage-first heap   total 79872K, used 46466K [0x0000000083000000, 0x0000000100000000)
[2021-01-05T15:35:48.659-0400][gc,heap        ] GC(318)   region size 1024K, 3 young (3072K), 2 survivors (2048K)
[2021-01-05T15:35:48.660-0400][gc,heap        ] GC(318)  Metaspace       used 42261K, capacity 45469K, committed 45568K, reserved 1089536K
[2021-01-05T15:35:48.660-0400][gc,heap        ] GC(318)   class space    used 4634K, capacity 5867K, committed 5888K, reserved 1048576K
[2021-01-05T15:35:48.660-0400][gc,start       ] GC(318) Pause Young (Mixed) (G1 Evacuation Pause)
[2021-01-05T15:35:48.660-0400][gc,task        ] GC(318) Using 4 workers of 4 for evacuation
[2021-01-05T15:35:48.670-0400][gc,phases      ] GC(318)   Pre Evacuate Collection Set: 0.1ms
[2021-01-05T15:35:48.670-0400][gc,phases      ] GC(318)   Evacuate Collection Set: 8.4ms
[2021-01-05T15:35:48.670-0400][gc,phases      ] GC(318)   Post Evacuate Collection Set: 0.6ms
[2021-01-05T15:35:48.670-0400][gc,phases      ] GC(318)   Other: 1.2ms
[2021-01-05T15:35:48.670-0400][gc,heap        ] GC(318) Eden regions: 1->0(17)
[2021-01-05T15:35:48.670-0400][gc,heap        ] GC(318) Survivor regions: 2->1(1)
[2021-01-05T15:35:48.670-0400][gc,heap        ] GC(318) Old regions: 43->43
[2021-01-05T15:35:48.670-0400][gc,heap        ] GC(318) Humongous regions: 4->4
[2021-01-05T15:35:48.670-0400][gc,metaspace   ] GC(318) Metaspace: 42261K->42261K(1089536K)
[2021-01-05T15:35:48.670-0400][gc,heap        ] GC(318) Heap after GC invocations=318 (full 3): garbage-first heap   total 79872K, used 45396K [0x0000000083000000, 0x0000000100000000)
[2021-01-05T15:35:48.670-0400][gc,heap        ] GC(318)   region size 1024K, 1 young (1024K), 1 survivors (1024K)
[2021-01-05T15:35:48.670-0400][gc,heap        ] GC(318)  Metaspace       used 42261K, capacity 45469K, committed 45568K, reserved 1089536K
[2021-01-05T15:35:48.670-0400][gc,heap        ] GC(318)   class space    used 4634K, capacity 5867K, committed 5888K, reserved 1048576K
[2021-01-05T15:35:48.670-0400][gc             ] GC(318) Pause Young (Mixed) (G1 Evacuation Pause) 45M->44M(78M) 10.506ms
[2021-01-05T15:35:48.671-0400][gc,cpu         ] GC(318) User=0.03s Sys=0.00s Real=0.01s
[2021-01-05T15:35:48.685-0400][gc,heap        ] GC(319) Heap before GC invocations=318 (full 3): garbage-first heap   total 79872K, used 47444K [0x0000000083000000, 0x0000000100000000)
[2021-01-05T15:35:48.685-0400][gc,heap        ] GC(319)   region size 1024K, 5 young (5120K), 1 survivors (1024K)
[2021-01-05T15:35:48.685-0400][gc,heap        ] GC(319)  Metaspace       used 42261K, capacity 45469K, committed 45568K, reserved 1089536K
[2021-01-05T15:35:48.685-0400][gc,heap        ] GC(319)   class space    used 4634K, capacity 5867K, committed 5888K, reserved 1048576K
[2021-01-05T15:35:48.685-0400][gc,start       ] GC(319) Pause Young (Concurrent Start) (G1 Humongous Allocation)
[2021-01-05T15:35:48.685-0400][gc,task        ] GC(319) Using 4 workers of 4 for evacuation
[2021-01-05T15:35:48.693-0400][gc,phases      ] GC(319)   Pre Evacuate Collection Set: 0.3ms
[2021-01-05T15:35:48.693-0400][gc,phases      ] GC(319)   Evacuate Collection Set: 6.0ms
[2021-01-05T15:35:48.693-0400][gc,phases      ] GC(319)   Post Evacuate Collection Set: 0.9ms
[2021-01-05T15:35:48.694-0400][gc,phases      ] GC(319)   Other: 1.3ms
[2021-01-05T15:35:48.694-0400][gc,heap        ] GC(319) Eden regions: 4->0(17)
[2021-01-05T15:35:48.694-0400][gc,heap        ] GC(319) Survivor regions: 1->2(3)
[2021-01-05T15:35:48.694-0400][gc,heap        ] GC(319) Old regions: 43->43
[2021-01-05T15:35:48.694-0400][gc,heap        ] GC(319) Humongous regions: 4->4
[2021-01-05T15:35:48.694-0400][gc,metaspace   ] GC(319) Metaspace: 42261K->42261K(1089536K)
[2021-01-05T15:35:48.694-0400][gc,heap        ] GC(319) Heap after GC invocations=319 (full 3): garbage-first heap   total 79872K, used 46686K [0x0000000083000000, 0x0000000100000000)
[2021-01-05T15:35:48.694-0400][gc,heap        ] GC(319)   region size 1024K, 2 young (2048K), 2 survivors (2048K)
[2021-01-05T15:35:48.694-0400][gc,heap        ] GC(319)  Metaspace       used 42261K, capacity 45469K, committed 45568K, reserved 1089536K
[2021-01-05T15:35:48.694-0400][gc,heap        ] GC(319)   class space    used 4634K, capacity 5867K, committed 5888K, reserved 1048576K
[2021-01-05T15:35:48.694-0400][gc             ] GC(319) Pause Young (Concurrent Start) (G1 Humongous Allocation) 47M->45M(78M) 8.921ms
[2021-01-05T15:35:48.695-0400][gc,cpu         ] GC(319) User=0.02s Sys=0.00s Real=0.01s
[2021-01-05T15:35:48.695-0400][gc             ] GC(320) Concurrent Cycle
[2021-01-05T15:35:48.695-0400][gc,marking     ] GC(320) Concurrent Clear Claimed Marks
[2021-01-05T15:35:48.696-0400][gc,marking     ] GC(320) Concurrent Clear Claimed Marks 0.606ms
[2021-01-05T15:35:48.696-0400][gc,marking     ] GC(320) Concurrent Scan Root Regions
[2021-01-05T15:35:48.697-0400][gc,marking     ] GC(320) Concurrent Scan Root Regions 1.523ms
[2021-01-05T15:35:48.698-0400][gc,marking     ] GC(320) Concurrent Mark (687.316s)
[2021-01-05T15:35:48.698-0400][gc,marking     ] GC(320) Concurrent Mark From Roots
[2021-01-05T15:35:48.698-0400][gc,task        ] GC(320) Using 1 workers of 1 for marking
[2021-01-05T15:35:48.973-0400][gc,marking     ] GC(320) Concurrent Mark From Roots 275.637ms
[2021-01-05T15:35:48.973-0400][gc,marking     ] GC(320) Concurrent Preclean
[2021-01-05T15:35:48.974-0400][gc,marking     ] GC(320) Concurrent Preclean 0.559ms
[2021-01-05T15:35:48.974-0400][gc,marking     ] GC(320) Concurrent Mark (687.316s, 687.593s) 276.456ms
[2021-01-05T15:35:48.975-0400][gc,start       ] GC(320) Pause Remark
[2021-01-05T15:35:49.010-0400][gc,stringtable ] GC(320) Cleaned string and symbol table, strings: 23509 processed, 0 removed, symbols: 95333 processed, 0 removed
[2021-01-05T15:35:49.011-0400][gc             ] GC(320) Pause Remark 49M->49M(78M) 35.702ms
[2021-01-05T15:35:49.011-0400][gc,cpu         ] GC(320) User=0.13s Sys=0.00s Real=0.04s
[2021-01-05T15:35:49.012-0400][gc,marking     ] GC(320) Concurrent Rebuild Remembered Sets
[2021-01-05T15:35:49.178-0400][gc,marking     ] GC(320) Concurrent Rebuild Remembered Sets 166.207ms
[2021-01-05T15:35:49.180-0400][gc,start       ] GC(320) Pause Cleanup
[2021-01-05T15:35:49.180-0400][gc             ] GC(320) Pause Cleanup 50M->50M(78M) 0.604ms
[2021-01-05T15:35:49.181-0400][gc,cpu         ] GC(320) User=0.00s Sys=0.00s Real=0.00s
[2021-01-05T15:35:49.182-0400][gc,marking     ] GC(320) Concurrent Cleanup for Next Mark
[2021-01-05T15:35:49.183-0400][gc,marking     ] GC(320) Concurrent Cleanup for Next Mark 1.370ms
[2021-01-05T15:35:49.183-0400][gc             ] GC(320) Concurrent Cycle 488.196ms
[2021-01-05T15:35:54.920-0400][gc,heap        ] GC(321) Heap before GC invocations=320 (full 3): garbage-first heap   total 79872K, used 65118K [0x0000000083000000, 0x0000000100000000)
[2021-01-05T15:35:54.920-0400][gc,heap        ] GC(321)   region size 1024K, 19 young (19456K), 2 survivors (2048K)
[2021-01-05T15:35:54.920-0400][gc,heap        ] GC(321)  Metaspace       used 42261K, capacity 45469K, committed 45568K, reserved 1089536K
[2021-01-05T15:35:54.920-0400][gc,heap        ] GC(321)   class space    used 4634K, capacity 5867K, committed 5888K, reserved 1048576K
[2021-01-05T15:35:54.920-0400][gc,start       ] GC(321) Pause Young (Normal) (G1 Evacuation Pause)
[2021-01-05T15:35:54.920-0400][gc,task        ] GC(321) Using 4 workers of 4 for evacuation
[2021-01-05T15:35:54.932-0400][gc,phases      ] GC(321)   Pre Evacuate Collection Set: 0.1ms
[2021-01-05T15:35:54.932-0400][gc,phases      ] GC(321)   Evacuate Collection Set: 9.1ms
[2021-01-05T15:35:54.932-0400][gc,phases      ] GC(321)   Post Evacuate Collection Set: 1.9ms
[2021-01-05T15:35:54.932-0400][gc,phases      ] GC(321)   Other: 1.1ms
[2021-01-05T15:35:54.932-0400][gc,heap        ] GC(321) Eden regions: 17->0(15)
[2021-01-05T15:35:54.932-0400][gc,heap        ] GC(321) Survivor regions: 2->2(3)
[2021-01-05T15:35:54.932-0400][gc,heap        ] GC(321) Old regions: 43->43
[2021-01-05T15:35:54.932-0400][gc,heap        ] GC(321) Humongous regions: 6->6
[2021-01-05T15:35:54.932-0400][gc,metaspace   ] GC(321) Metaspace: 42261K->42261K(1089536K)
[2021-01-05T15:35:54.932-0400][gc,heap        ] GC(321) Heap after GC invocations=321 (full 3): garbage-first heap   total 79872K, used 48642K [0x0000000083000000, 0x0000000100000000)
[2021-01-05T15:35:54.933-0400][gc,heap        ] GC(321)   region size 1024K, 2 young (2048K), 2 survivors (2048K)
[2021-01-05T15:35:54.933-0400][gc,heap        ] GC(321)  Metaspace       used 42261K, capacity 45469K, committed 45568K, reserved 1089536K
[2021-01-05T15:35:54.933-0400][gc,heap        ] GC(321)   class space    used 4634K, capacity 5867K, committed 5888K, reserved 1048576K
[2021-01-05T15:35:54.933-0400][gc             ] GC(321) Pause Young (Normal) (G1 Evacuation Pause) 64M->47M(78M) 12.530ms
[2021-01-05T15:35:54.933-0400][gc,cpu         ] GC(321) User=0.04s Sys=0.00s Real=0.01s
[2021-01-05T15:36:01.059-0400][gc,heap        ] GC(322) Heap before GC invocations=321 (full 3): garbage-first heap   total 79872K, used 62978K [0x0000000083000000, 0x0000000100000000)
[2021-01-05T15:36:01.059-0400][gc,heap        ] GC(322)   region size 1024K, 17 young (17408K), 2 survivors (2048K)
[2021-01-05T15:36:01.059-0400][gc,heap        ] GC(322)  Metaspace       used 42261K, capacity 45469K, committed 45568K, reserved 1089536K
[2021-01-05T15:36:01.059-0400][gc,heap        ] GC(322)   class space    used 4634K, capacity 5867K, committed 5888K, reserved 1048576K
[2021-01-05T15:36:01.060-0400][gc,start       ] GC(322) Pause Young (Concurrent Start) (G1 Evacuation Pause)
[2021-01-05T15:36:01.060-0400][gc,task        ] GC(322) Using 4 workers of 4 for evacuation
[2021-01-05T15:36:01.075-0400][gc,phases      ] GC(322)   Pre Evacuate Collection Set: 0.5ms
[2021-01-05T15:36:01.075-0400][gc,phases      ] GC(322)   Evacuate Collection Set: 11.8ms
[2021-01-05T15:36:01.075-0400][gc,phases      ] GC(322)   Post Evacuate Collection Set: 2.2ms
[2021-01-05T15:36:01.075-0400][gc,phases      ] GC(322)   Other: 1.3ms
[2021-01-05T15:36:01.075-0400][gc,heap        ] GC(322) Eden regions: 15->0(14)
[2021-01-05T15:36:01.075-0400][gc,heap        ] GC(322) Survivor regions: 2->3(3)
[2021-01-05T15:36:01.075-0400][gc,heap        ] GC(322) Old regions: 43->43
[2021-01-05T15:36:01.075-0400][gc,heap        ] GC(322) Humongous regions: 6->6
[2021-01-05T15:36:01.076-0400][gc,metaspace   ] GC(322) Metaspace: 42261K->42261K(1089536K)
[2021-01-05T15:36:01.076-0400][gc,heap        ] GC(322) Heap after GC invocations=322 (full 3): garbage-first heap   total 79872K, used 49729K [0x0000000083000000, 0x0000000100000000)
[2021-01-05T15:36:01.076-0400][gc,heap        ] GC(322)   region size 1024K, 3 young (3072K), 3 survivors (3072K)
[2021-01-05T15:36:01.076-0400][gc,heap        ] GC(322)  Metaspace       used 42261K, capacity 45469K, committed 45568K, reserved 1089536K
[2021-01-05T15:36:01.076-0400][gc,heap        ] GC(322)   class space    used 4634K, capacity 5867K, committed 5888K, reserved 1048576K
[2021-01-05T15:36:01.076-0400][gc             ] GC(322) Pause Young (Concurrent Start) (G1 Evacuation Pause) 62M->48M(78M) 16.298ms
[2021-01-05T15:36:01.076-0400][gc,cpu         ] GC(322) User=0.04s Sys=0.00s Real=0.02s
[2021-01-05T15:36:01.077-0400][gc             ] GC(323) Concurrent Cycle
[2021-01-05T15:36:01.077-0400][gc,marking     ] GC(323) Concurrent Clear Claimed Marks
[2021-01-05T15:36:01.078-0400][gc,marking     ] GC(323) Concurrent Clear Claimed Marks 0.619ms
[2021-01-05T15:36:01.078-0400][gc,marking     ] GC(323) Concurrent Scan Root Regions
[2021-01-05T15:36:01.085-0400][gc,marking     ] GC(323) Concurrent Scan Root Regions 7.181ms
[2021-01-05T15:36:01.085-0400][gc,marking     ] GC(323) Concurrent Mark (699.704s)
[2021-01-05T15:36:01.085-0400][gc,marking     ] GC(323) Concurrent Mark From Roots
[2021-01-05T15:36:01.085-0400][gc,task        ] GC(323) Using 1 workers of 1 for marking
[2021-01-05T15:36:01.174-0400][gc,heap        ] GC(324) Heap before GC invocations=322 (full 3): garbage-first heap   total 79872K, used 65089K [0x0000000083000000, 0x0000000100000000)
[2021-01-05T15:36:01.174-0400][gc,heap        ] GC(324)   region size 1024K, 17 young (17408K), 3 survivors (3072K)
[2021-01-05T15:36:01.174-0400][gc,heap        ] GC(324)  Metaspace       used 42261K, capacity 45469K, committed 45568K, reserved 1089536K
[2021-01-05T15:36:01.174-0400][gc,heap        ] GC(324)   class space    used 4634K, capacity 5867K, committed 5888K, reserved 1048576K
[2021-01-05T15:36:01.174-0400][gc,start       ] GC(324) Pause Young (Normal) (G1 Evacuation Pause)
[2021-01-05T15:36:01.174-0400][gc,task        ] GC(324) Using 4 workers of 4 for evacuation
[2021-01-05T15:36:01.184-0400][gc,phases      ] GC(324)   Pre Evacuate Collection Set: 0.1ms
[2021-01-05T15:36:01.184-0400][gc,phases      ] GC(324)   Evacuate Collection Set: 6.7ms
[2021-01-05T15:36:01.184-0400][gc,phases      ] GC(324)   Post Evacuate Collection Set: 1.7ms
[2021-01-05T15:36:01.184-0400][gc,phases      ] GC(324)   Other: 1.1ms
[2021-01-05T15:36:01.184-0400][gc,heap        ] GC(324) Eden regions: 14->0(16)
[2021-01-05T15:36:01.184-0400][gc,heap        ] GC(324) Survivor regions: 3->1(3)
[2021-01-05T15:36:01.184-0400][gc,heap        ] GC(324) Old regions: 43->44
[2021-01-05T15:36:01.184-0400][gc,heap        ] GC(324) Humongous regions: 8->6
[2021-01-05T15:36:01.184-0400][gc,metaspace   ] GC(324) Metaspace: 42261K->42261K(1089536K)
[2021-01-05T15:36:01.184-0400][gc,heap        ] GC(324) Heap after GC invocations=323 (full 3): garbage-first heap   total 79872K, used 48880K [0x0000000083000000, 0x0000000100000000)
[2021-01-05T15:36:01.184-0400][gc,heap        ] GC(324)   region size 1024K, 1 young (1024K), 1 survivors (1024K)
[2021-01-05T15:36:01.184-0400][gc,heap        ] GC(324)  Metaspace       used 42261K, capacity 45469K, committed 45568K, reserved 1089536K
[2021-01-05T15:36:01.184-0400][gc,heap        ] GC(324)   class space    used 4634K, capacity 5867K, committed 5888K, reserved 1048576K
[2021-01-05T15:36:01.184-0400][gc             ] GC(324) Pause Young (Normal) (G1 Evacuation Pause) 64M->47M(78M) 9.946ms
[2021-01-05T15:36:01.184-0400][gc,cpu         ] GC(324) User=0.03s Sys=0.01s Real=0.01s
[2021-01-05T15:36:01.411-0400][gc,marking     ] GC(323) Concurrent Mark From Roots 325.851ms
[2021-01-05T15:36:01.411-0400][gc,marking     ] GC(323) Concurrent Preclean
[2021-01-05T15:36:01.411-0400][gc,marking     ] GC(323) Concurrent Preclean 0.298ms
[2021-01-05T15:36:01.411-0400][gc,marking     ] GC(323) Concurrent Mark (699.704s, 700.030s) 326.359ms
[2021-01-05T15:36:01.413-0400][gc,start       ] GC(323) Pause Remark
[2021-01-05T15:36:01.443-0400][gc,stringtable ] GC(323) Cleaned string and symbol table, strings: 23511 processed, 0 removed, symbols: 95333 processed, 0 removed
[2021-01-05T15:36:01.444-0400][gc             ] GC(323) Pause Remark 57M->55M(78M) 31.337ms
[2021-01-05T15:36:01.444-0400][gc,cpu         ] GC(323) User=0.11s Sys=0.00s Real=0.03s
[2021-01-05T15:36:01.445-0400][gc,marking     ] GC(323) Concurrent Rebuild Remembered Sets
[2021-01-05T15:36:01.603-0400][gc,marking     ] GC(323) Concurrent Rebuild Remembered Sets 158.896ms
[2021-01-05T15:36:01.605-0400][gc,start       ] GC(323) Pause Cleanup
[2021-01-05T15:36:01.605-0400][gc             ] GC(323) Pause Cleanup 55M->55M(78M) 0.438ms
[2021-01-05T15:36:01.605-0400][gc,cpu         ] GC(323) User=0.00s Sys=0.00s Real=0.00s
[2021-01-05T15:36:01.606-0400][gc,marking     ] GC(323) Concurrent Cleanup for Next Mark
[2021-01-05T15:36:01.607-0400][gc,marking     ] GC(323) Concurrent Cleanup for Next Mark 0.960ms
[2021-01-05T15:36:01.607-0400][gc             ] GC(323) Concurrent Cycle 529.970ms
[2021-01-05T15:36:04.419-0400][gc,heap        ] GC(325) Heap before GC invocations=324 (full 3): garbage-first heap   total 79872K, used 62192K [0x0000000083000000, 0x0000000100000000)
[2021-01-05T15:36:04.419-0400][gc,heap        ] GC(325)   region size 1024K, 17 young (17408K), 1 survivors (1024K)
[2021-01-05T15:36:04.419-0400][gc,heap        ] GC(325)  Metaspace       used 42266K, capacity 45533K, committed 45824K, reserved 1089536K
[2021-01-05T15:36:04.419-0400][gc,heap        ] GC(325)   class space    used 4634K, capacity 5867K, committed 5888K, reserved 1048576K
[2021-01-05T15:36:04.419-0400][gc,start       ] GC(325) Pause Young (Prepare Mixed) (G1 Evacuation Pause)
[2021-01-05T15:36:04.419-0400][gc,task        ] GC(325) Using 4 workers of 4 for evacuation
[2021-01-05T15:36:04.428-0400][gc,phases      ] GC(325)   Pre Evacuate Collection Set: 0.0ms
[2021-01-05T15:36:04.428-0400][gc,phases      ] GC(325)   Evacuate Collection Set: 6.2ms
[2021-01-05T15:36:04.428-0400][gc,phases      ] GC(325)   Post Evacuate Collection Set: 1.7ms
[2021-01-05T15:36:04.428-0400][gc,phases      ] GC(325)   Other: 1.4ms
[2021-01-05T15:36:04.428-0400][gc,heap        ] GC(325) Eden regions: 16->0(2)
[2021-01-05T15:36:04.428-0400][gc,heap        ] GC(325) Survivor regions: 1->1(3)
[2021-01-05T15:36:04.428-0400][gc,heap        ] GC(325) Old regions: 44->44
[2021-01-05T15:36:04.428-0400][gc,heap        ] GC(325) Humongous regions: 4->4
[2021-01-05T15:36:04.428-0400][gc,metaspace   ] GC(325) Metaspace: 42266K->42266K(1089536K)
[2021-01-05T15:36:04.428-0400][gc,heap        ] GC(325) Heap after GC invocations=325 (full 3): garbage-first heap   total 79872K, used 46841K [0x0000000083000000, 0x0000000100000000)
[2021-01-05T15:36:04.428-0400][gc,heap        ] GC(325)   region size 1024K, 1 young (1024K), 1 survivors (1024K)
[2021-01-05T15:36:04.428-0400][gc,heap        ] GC(325)  Metaspace       used 42266K, capacity 45533K, committed 45824K, reserved 1089536K
[2021-01-05T15:36:04.428-0400][gc,heap        ] GC(325)   class space    used 4634K, capacity 5867K, committed 5888K, reserved 1048576K
[2021-01-05T15:36:04.428-0400][gc             ] GC(325) Pause Young (Prepare Mixed) (G1 Evacuation Pause) 61M->45M(78M) 9.405ms
[2021-01-05T15:36:04.429-0400][gc,cpu         ] GC(325) User=0.03s Sys=0.00s Real=0.01s
[2021-01-05T15:36:04.448-0400][gc,heap        ] GC(326) Heap before GC invocations=325 (full 3): garbage-first heap   total 79872K, used 48889K [0x0000000083000000, 0x0000000100000000)
[2021-01-05T15:36:04.448-0400][gc,heap        ] GC(326)   region size 1024K, 3 young (3072K), 1 survivors (1024K)
[2021-01-05T15:36:04.448-0400][gc,heap        ] GC(326)  Metaspace       used 42266K, capacity 45533K, committed 45824K, reserved 1089536K
[2021-01-05T15:36:04.448-0400][gc,heap        ] GC(326)   class space    used 4634K, capacity 5867K, committed 5888K, reserved 1048576K
[2021-01-05T15:36:04.448-0400][gc,start       ] GC(326) Pause Young (Mixed) (G1 Evacuation Pause)
[2021-01-05T15:36:04.448-0400][gc,task        ] GC(326) Using 4 workers of 4 for evacuation
[2021-01-05T15:36:04.457-0400][gc,phases      ] GC(326)   Pre Evacuate Collection Set: 0.1ms
[2021-01-05T15:36:04.457-0400][gc,phases      ] GC(326)   Evacuate Collection Set: 6.7ms
[2021-01-05T15:36:04.457-0400][gc,phases      ] GC(326)   Post Evacuate Collection Set: 1.1ms
[2021-01-05T15:36:04.457-0400][gc,phases      ] GC(326)   Other: 1.4ms
[2021-01-05T15:36:04.457-0400][gc,heap        ] GC(326) Eden regions: 2->0(17)
[2021-01-05T15:36:04.457-0400][gc,heap        ] GC(326) Survivor regions: 1->1(1)
[2021-01-05T15:36:04.458-0400][gc,heap        ] GC(326) Old regions: 44->43
[2021-01-05T15:36:04.458-0400][gc,heap        ] GC(326) Humongous regions: 4->4
[2021-01-05T15:36:04.458-0400][gc,metaspace   ] GC(326) Metaspace: 42266K->42266K(1089536K)
[2021-01-05T15:36:04.458-0400][gc,heap        ] GC(326) Heap after GC invocations=326 (full 3): garbage-first heap   total 79872K, used 46503K [0x0000000083000000, 0x0000000100000000)
[2021-01-05T15:36:04.458-0400][gc,heap        ] GC(326)   region size 1024K, 1 young (1024K), 1 survivors (1024K)
[2021-01-05T15:36:04.458-0400][gc,heap        ] GC(326)  Metaspace       used 42266K, capacity 45533K, committed 45824K, reserved 1089536K
[2021-01-05T15:36:04.458-0400][gc,heap        ] GC(326)   class space    used 4634K, capacity 5867K, committed 5888K, reserved 1048576K
[2021-01-05T15:36:04.458-0400][gc             ] GC(326) Pause Young (Mixed) (G1 Evacuation Pause) 47M->45M(78M) 9.521ms
[2021-01-05T15:36:04.458-0400][gc,cpu         ] GC(326) User=0.02s Sys=0.00s Real=0.01s
[2021-01-05T15:36:08.472-0400][gc,heap        ] GC(327) Heap before GC invocations=326 (full 3): garbage-first heap   total 79872K, used 62887K [0x0000000083000000, 0x0000000100000000)
[2021-01-05T15:36:08.472-0400][gc,heap        ] GC(327)   region size 1024K, 18 young (18432K), 1 survivors (1024K)
[2021-01-05T15:36:08.472-0400][gc,heap        ] GC(327)  Metaspace       used 42269K, capacity 45533K, committed 45824K, reserved 1089536K
[2021-01-05T15:36:08.472-0400][gc,heap        ] GC(327)   class space    used 4634K, capacity 5867K, committed 5888K, reserved 1048576K
[2021-01-05T15:36:08.472-0400][gc,start       ] GC(327) Pause Young (Concurrent Start) (G1 Evacuation Pause)
[2021-01-05T15:36:08.472-0400][gc,task        ] GC(327) Using 4 workers of 4 for evacuation
[2021-01-05T15:36:08.482-0400][gc,phases      ] GC(327)   Pre Evacuate Collection Set: 0.3ms
[2021-01-05T15:36:08.482-0400][gc,phases      ] GC(327)   Evacuate Collection Set: 6.1ms
[2021-01-05T15:36:08.482-0400][gc,phases      ] GC(327)   Post Evacuate Collection Set: 1.9ms
[2021-01-05T15:36:08.482-0400][gc,phases      ] GC(327)   Other: 1.3ms
[2021-01-05T15:36:08.482-0400][gc,heap        ] GC(327) Eden regions: 17->0(18)
[2021-01-05T15:36:08.482-0400][gc,heap        ] GC(327) Survivor regions: 1->1(3)
[2021-01-05T15:36:08.482-0400][gc,heap        ] GC(327) Old regions: 43->43
[2021-01-05T15:36:08.482-0400][gc,heap        ] GC(327) Humongous regions: 4->4
[2021-01-05T15:36:08.482-0400][gc,metaspace   ] GC(327) Metaspace: 42269K->42269K(1089536K)
[2021-01-05T15:36:08.482-0400][gc,heap        ] GC(327) Heap after GC invocations=327 (full 3): garbage-first heap   total 79872K, used 46265K [0x0000000083000000, 0x0000000100000000)
[2021-01-05T15:36:08.482-0400][gc,heap        ] GC(327)   region size 1024K, 1 young (1024K), 1 survivors (1024K)
[2021-01-05T15:36:08.482-0400][gc,heap        ] GC(327)  Metaspace       used 42269K, capacity 45533K, committed 45824K, reserved 1089536K
[2021-01-05T15:36:08.482-0400][gc,heap        ] GC(327)   class space    used 4634K, capacity 5867K, committed 5888K, reserved 1048576K
[2021-01-05T15:36:08.482-0400][gc             ] GC(327) Pause Young (Concurrent Start) (G1 Evacuation Pause) 62M->45M(78M) 10.006ms
[2021-01-05T15:36:08.483-0400][gc,cpu         ] GC(327) User=0.03s Sys=0.00s Real=0.01s
[2021-01-05T15:36:08.483-0400][gc             ] GC(328) Concurrent Cycle
[2021-01-05T15:36:08.483-0400][gc,marking     ] GC(328) Concurrent Clear Claimed Marks
[2021-01-05T15:36:08.484-0400][gc,marking     ] GC(328) Concurrent Clear Claimed Marks 0.741ms
[2021-01-05T15:36:08.484-0400][gc,marking     ] GC(328) Concurrent Scan Root Regions
[2021-01-05T15:36:08.486-0400][gc,marking     ] GC(328) Concurrent Scan Root Regions 2.452ms
[2021-01-05T15:36:08.486-0400][gc,marking     ] GC(328) Concurrent Mark (707.105s)
[2021-01-05T15:36:08.486-0400][gc,marking     ] GC(328) Concurrent Mark From Roots
[2021-01-05T15:36:08.486-0400][gc,task        ] GC(328) Using 1 workers of 1 for marking
[2021-01-05T15:36:08.754-0400][gc,marking     ] GC(328) Concurrent Mark From Roots 267.871ms
[2021-01-05T15:36:08.754-0400][gc,marking     ] GC(328) Concurrent Preclean
[2021-01-05T15:36:08.755-0400][gc,marking     ] GC(328) Concurrent Preclean 0.368ms
[2021-01-05T15:36:08.755-0400][gc,marking     ] GC(328) Concurrent Mark (707.105s, 707.374s) 268.542ms
[2021-01-05T15:36:08.756-0400][gc,start       ] GC(328) Pause Remark
[2021-01-05T15:36:08.787-0400][gc,stringtable ] GC(328) Cleaned string and symbol table, strings: 23511 processed, 0 removed, symbols: 95333 processed, 0 removed
[2021-01-05T15:36:08.788-0400][gc             ] GC(328) Pause Remark 45M->45M(78M) 31.791ms
[2021-01-05T15:36:08.788-0400][gc,cpu         ] GC(328) User=0.12s Sys=0.00s Real=0.03s
[2021-01-05T15:36:08.789-0400][gc,marking     ] GC(328) Concurrent Rebuild Remembered Sets
[2021-01-05T15:36:08.954-0400][gc,marking     ] GC(328) Concurrent Rebuild Remembered Sets 164.772ms
[2021-01-05T15:36:08.955-0400][gc,start       ] GC(328) Pause Cleanup
[2021-01-05T15:36:08.955-0400][gc             ] GC(328) Pause Cleanup 46M->46M(78M) 0.472ms
[2021-01-05T15:36:08.955-0400][gc,cpu         ] GC(328) User=0.00s Sys=0.00s Real=0.00s
[2021-01-05T15:36:08.956-0400][gc,marking     ] GC(328) Concurrent Cleanup for Next Mark
[2021-01-05T15:36:08.957-0400][gc,marking     ] GC(328) Concurrent Cleanup for Next Mark 1.169ms
[2021-01-05T15:36:08.957-0400][gc             ] GC(328) Concurrent Cycle 474.423ms
[2021-01-05T15:36:09.815-0400][gc,heap        ] GC(329) Heap before GC invocations=328 (full 3): garbage-first heap   total 79872K, used 65721K [0x0000000083000000, 0x0000000100000000)
[2021-01-05T15:36:09.815-0400][gc,heap        ] GC(329)   region size 1024K, 20 young (20480K), 1 survivors (1024K)
[2021-01-05T15:36:09.816-0400][gc,heap        ] GC(329)  Metaspace       used 42269K, capacity 45533K, committed 45824K, reserved 1089536K
[2021-01-05T15:36:09.816-0400][gc,heap        ] GC(329)   class space    used 4634K, capacity 5867K, committed 5888K, reserved 1048576K
[2021-01-05T15:36:09.816-0400][gc,start       ] GC(329) Pause Young (Prepare Mixed) (GCLocker Initiated GC)
[2021-01-05T15:36:09.816-0400][gc,task        ] GC(329) Using 4 workers of 4 for evacuation
[2021-01-05T15:36:09.823-0400][gc,phases      ] GC(329)   Pre Evacuate Collection Set: 0.0ms
[2021-01-05T15:36:09.823-0400][gc,phases      ] GC(329)   Evacuate Collection Set: 4.8ms
[2021-01-05T15:36:09.823-0400][gc,phases      ] GC(329)   Post Evacuate Collection Set: 1.8ms
[2021-01-05T15:36:09.824-0400][gc,phases      ] GC(329)   Other: 1.4ms
[2021-01-05T15:36:09.824-0400][gc,heap        ] GC(329) Eden regions: 19->0(2)
[2021-01-05T15:36:09.824-0400][gc,heap        ] GC(329) Survivor regions: 1->1(3)
[2021-01-05T15:36:09.824-0400][gc,heap        ] GC(329) Old regions: 43->43
[2021-01-05T15:36:09.824-0400][gc,heap        ] GC(329) Humongous regions: 6->4
[2021-01-05T15:36:09.824-0400][gc,metaspace   ] GC(329) Metaspace: 42269K->42269K(1089536K)
[2021-01-05T15:36:09.824-0400][gc,heap        ] GC(329) Heap after GC invocations=329 (full 3): garbage-first heap   total 79872K, used 46676K [0x0000000083000000, 0x0000000100000000)
[2021-01-05T15:36:09.824-0400][gc,heap        ] GC(329)   region size 1024K, 1 young (1024K), 1 survivors (1024K)
[2021-01-05T15:36:09.824-0400][gc,heap        ] GC(329)  Metaspace       used 42269K, capacity 45533K, committed 45824K, reserved 1089536K
[2021-01-05T15:36:09.824-0400][gc,heap        ] GC(329)   class space    used 4634K, capacity 5867K, committed 5888K, reserved 1048576K
[2021-01-05T15:36:09.824-0400][gc             ] GC(329) Pause Young (Prepare Mixed) (GCLocker Initiated GC) 65M->45M(78M) 8.187ms
[2021-01-05T15:36:09.824-0400][gc,cpu         ] GC(329) User=0.02s Sys=0.01s Real=0.00s
[2021-01-05T15:36:10.257-0400][gc,heap        ] GC(330) Heap before GC invocations=329 (full 3): garbage-first heap   total 79872K, used 48724K [0x0000000083000000, 0x0000000100000000)
[2021-01-05T15:36:10.257-0400][gc,heap        ] GC(330)   region size 1024K, 3 young (3072K), 1 survivors (1024K)
[2021-01-05T15:36:10.257-0400][gc,heap        ] GC(330)  Metaspace       used 42269K, capacity 45533K, committed 45824K, reserved 1089536K
[2021-01-05T15:36:10.257-0400][gc,heap        ] GC(330)   class space    used 4634K, capacity 5867K, committed 5888K, reserved 1048576K
[2021-01-05T15:36:10.257-0400][gc,start       ] GC(330) Pause Young (Mixed) (G1 Evacuation Pause)
[2021-01-05T15:36:10.257-0400][gc,task        ] GC(330) Using 4 workers of 4 for evacuation
[2021-01-05T15:36:10.265-0400][gc,phases      ] GC(330)   Pre Evacuate Collection Set: 0.1ms
[2021-01-05T15:36:10.265-0400][gc,phases      ] GC(330)   Evacuate Collection Set: 5.4ms
[2021-01-05T15:36:10.265-0400][gc,phases      ] GC(330)   Post Evacuate Collection Set: 1.5ms
[2021-01-05T15:36:10.265-0400][gc,phases      ] GC(330)   Other: 1.4ms
[2021-01-05T15:36:10.265-0400][gc,heap        ] GC(330) Eden regions: 2->0(18)
[2021-01-05T15:36:10.265-0400][gc,heap        ] GC(330) Survivor regions: 1->1(1)
[2021-01-05T15:36:10.266-0400][gc,heap        ] GC(330) Old regions: 43->43
[2021-01-05T15:36:10.266-0400][gc,heap        ] GC(330) Humongous regions: 4->4
[2021-01-05T15:36:10.266-0400][gc,metaspace   ] GC(330) Metaspace: 42269K->42269K(1089536K)
[2021-01-05T15:36:10.266-0400][gc,heap        ] GC(330) Heap after GC invocations=330 (full 3): garbage-first heap   total 79872K, used 45344K [0x0000000083000000, 0x0000000100000000)
[2021-01-05T15:36:10.266-0400][gc,heap        ] GC(330)   region size 1024K, 1 young (1024K), 1 survivors (1024K)
[2021-01-05T15:36:10.266-0400][gc,heap        ] GC(330)  Metaspace       used 42269K, capacity 45533K, committed 45824K, reserved 1089536K
[2021-01-05T15:36:10.266-0400][gc,heap        ] GC(330)   class space    used 4634K, capacity 5867K, committed 5888K, reserved 1048576K
[2021-01-05T15:36:10.266-0400][gc             ] GC(330) Pause Young (Mixed) (G1 Evacuation Pause) 47M->44M(78M) 8.784ms
[2021-01-05T15:36:10.266-0400][gc,cpu         ] GC(330) User=0.02s Sys=0.00s Real=0.01s
[2021-01-05T15:36:11.346-0400][gc,heap        ] GC(331) Heap before GC invocations=330 (full 3): garbage-first heap   total 79872K, used 62752K [0x0000000083000000, 0x0000000100000000)
[2021-01-05T15:36:11.346-0400][gc,heap        ] GC(331)   region size 1024K, 19 young (19456K), 1 survivors (1024K)
[2021-01-05T15:36:11.346-0400][gc,heap        ] GC(331)  Metaspace       used 42270K, capacity 45533K, committed 45824K, reserved 1089536K
[2021-01-05T15:36:11.346-0400][gc,heap        ] GC(331)   class space    used 4634K, capacity 5867K, committed 5888K, reserved 1048576K
[2021-01-05T15:36:11.347-0400][gc,start       ] GC(331) Pause Young (Concurrent Start) (G1 Evacuation Pause)
[2021-01-05T15:36:11.347-0400][gc,task        ] GC(331) Using 4 workers of 4 for evacuation
[2021-01-05T15:36:11.356-0400][gc,phases      ] GC(331)   Pre Evacuate Collection Set: 0.4ms
[2021-01-05T15:36:11.356-0400][gc,phases      ] GC(331)   Evacuate Collection Set: 6.9ms
[2021-01-05T15:36:11.356-0400][gc,phases      ] GC(331)   Post Evacuate Collection Set: 1.5ms
[2021-01-05T15:36:11.356-0400][gc,phases      ] GC(331)   Other: 1.3ms
[2021-01-05T15:36:11.356-0400][gc,heap        ] GC(331) Eden regions: 18->0(19)
[2021-01-05T15:36:11.357-0400][gc,heap        ] GC(331) Survivor regions: 1->1(3)
[2021-01-05T15:36:11.357-0400][gc,heap        ] GC(331) Old regions: 43->43
[2021-01-05T15:36:11.357-0400][gc,heap        ] GC(331) Humongous regions: 4->4
[2021-01-05T15:36:11.357-0400][gc,metaspace   ] GC(331) Metaspace: 42270K->42270K(1089536K)
[2021-01-05T15:36:11.357-0400][gc,heap        ] GC(331) Heap after GC invocations=331 (full 3): garbage-first heap   total 79872K, used 45536K [0x0000000083000000, 0x0000000100000000)
[2021-01-05T15:36:11.357-0400][gc,heap        ] GC(331)   region size 1024K, 1 young (1024K), 1 survivors (1024K)
[2021-01-05T15:36:11.357-0400][gc,heap        ] GC(331)  Metaspace       used 42270K, capacity 45533K, committed 45824K, reserved 1089536K
[2021-01-05T15:36:11.357-0400][gc,heap        ] GC(331)   class space    used 4634K, capacity 5867K, committed 5888K, reserved 1048576K
[2021-01-05T15:36:11.357-0400][gc             ] GC(331) Pause Young (Concurrent Start) (G1 Evacuation Pause) 62M->44M(78M) 10.445ms
[2021-01-05T15:36:11.359-0400][gc,cpu         ] GC(331) User=0.03s Sys=0.01s Real=0.01s
[2021-01-05T15:36:11.359-0400][gc             ] GC(332) Concurrent Cycle
[2021-01-05T15:36:11.359-0400][gc,marking     ] GC(332) Concurrent Clear Claimed Marks
[2021-01-05T15:36:11.360-0400][gc,marking     ] GC(332) Concurrent Clear Claimed Marks 1.509ms
[2021-01-05T15:36:11.361-0400][gc,marking     ] GC(332) Concurrent Scan Root Regions
[2021-01-05T15:36:11.364-0400][gc,marking     ] GC(332) Concurrent Scan Root Regions 2.842ms
[2021-01-05T15:36:11.364-0400][gc,marking     ] GC(332) Concurrent Mark (709.983s)
[2021-01-05T15:36:11.364-0400][gc,marking     ] GC(332) Concurrent Mark From Roots
[2021-01-05T15:36:11.364-0400][gc,task        ] GC(332) Using 1 workers of 1 for marking
[2021-01-05T15:36:11.667-0400][gc,marking     ] GC(332) Concurrent Mark From Roots 302.890ms
[2021-01-05T15:36:11.667-0400][gc,marking     ] GC(332) Concurrent Preclean
[2021-01-05T15:36:11.668-0400][gc,marking     ] GC(332) Concurrent Preclean 0.396ms
[2021-01-05T15:36:11.668-0400][gc,marking     ] GC(332) Concurrent Mark (709.983s, 710.287s) 303.543ms
[2021-01-05T15:36:11.669-0400][gc,start       ] GC(332) Pause Remark
[2021-01-05T15:36:11.700-0400][gc,stringtable ] GC(332) Cleaned string and symbol table, strings: 23511 processed, 0 removed, symbols: 95333 processed, 0 removed
[2021-01-05T15:36:11.700-0400][gc             ] GC(332) Pause Remark 46M->46M(78M) 31.175ms
[2021-01-05T15:36:11.701-0400][gc,cpu         ] GC(332) User=0.11s Sys=0.01s Real=0.03s
[2021-01-05T15:36:11.702-0400][gc,marking     ] GC(332) Concurrent Rebuild Remembered Sets
[2021-01-05T15:36:11.861-0400][gc,marking     ] GC(332) Concurrent Rebuild Remembered Sets 159.125ms
[2021-01-05T15:36:11.862-0400][gc,start       ] GC(332) Pause Cleanup
[2021-01-05T15:36:11.863-0400][gc             ] GC(332) Pause Cleanup 47M->47M(78M) 0.459ms
[2021-01-05T15:36:11.863-0400][gc,cpu         ] GC(332) User=0.00s Sys=0.00s Real=0.00s
[2021-01-05T15:36:11.863-0400][gc,marking     ] GC(332) Concurrent Cleanup for Next Mark
[2021-01-05T15:36:11.864-0400][gc,marking     ] GC(332) Concurrent Cleanup for Next Mark 0.853ms
[2021-01-05T15:36:11.864-0400][gc             ] GC(332) Concurrent Cycle 505.672ms
[2021-01-05T15:36:15.127-0400][gc,heap        ] GC(333) Heap before GC invocations=332 (full 3): garbage-first heap   total 79872K, used 63968K [0x0000000083000000, 0x0000000100000000)
[2021-01-05T15:36:15.127-0400][gc,heap        ] GC(333)   region size 1024K, 20 young (20480K), 1 survivors (1024K)
[2021-01-05T15:36:15.127-0400][gc,heap        ] GC(333)  Metaspace       used 42270K, capacity 45533K, committed 45824K, reserved 1089536K
[2021-01-05T15:36:15.127-0400][gc,heap        ] GC(333)   class space    used 4634K, capacity 5867K, committed 5888K, reserved 1048576K
[2021-01-05T15:36:15.127-0400][gc,start       ] GC(333) Pause Young (Prepare Mixed) (G1 Evacuation Pause)
[2021-01-05T15:36:15.127-0400][gc,task        ] GC(333) Using 4 workers of 4 for evacuation
[2021-01-05T15:36:15.138-0400][gc,phases      ] GC(333)   Pre Evacuate Collection Set: 0.2ms
[2021-01-05T15:36:15.138-0400][gc,phases      ] GC(333)   Evacuate Collection Set: 8.4ms
[2021-01-05T15:36:15.138-0400][gc,phases      ] GC(333)   Post Evacuate Collection Set: 1.5ms
[2021-01-05T15:36:15.138-0400][gc,phases      ] GC(333)   Other: 1.2ms
[2021-01-05T15:36:15.138-0400][gc,heap        ] GC(333) Eden regions: 19->0(1)
[2021-01-05T15:36:15.138-0400][gc,heap        ] GC(333) Survivor regions: 1->2(3)
[2021-01-05T15:36:15.138-0400][gc,heap        ] GC(333) Old regions: 43->43
[2021-01-05T15:36:15.138-0400][gc,heap        ] GC(333) Humongous regions: 4->4
[2021-01-05T15:36:15.138-0400][gc,metaspace   ] GC(333) Metaspace: 42270K->42270K(1089536K)
[2021-01-05T15:36:15.138-0400][gc,heap        ] GC(333) Heap after GC invocations=333 (full 3): garbage-first heap   total 79872K, used 46488K [0x0000000083000000, 0x0000000100000000)
[2021-01-05T15:36:15.139-0400][gc,heap        ] GC(333)   region size 1024K, 2 young (2048K), 2 survivors (2048K)
[2021-01-05T15:36:15.139-0400][gc,heap        ] GC(333)  Metaspace       used 42270K, capacity 45533K, committed 45824K, reserved 1089536K
[2021-01-05T15:36:15.139-0400][gc,heap        ] GC(333)   class space    used 4634K, capacity 5867K, committed 5888K, reserved 1048576K
[2021-01-05T15:36:15.139-0400][gc             ] GC(333) Pause Young (Prepare Mixed) (G1 Evacuation Pause) 63M->45M(78M) 11.721ms
[2021-01-05T15:36:15.139-0400][gc,cpu         ] GC(333) User=0.03s Sys=0.00s Real=0.01s
[2021-01-05T15:36:15.149-0400][gc,heap        ] GC(334) Heap before GC invocations=333 (full 3): garbage-first heap   total 79872K, used 47512K [0x0000000083000000, 0x0000000100000000)
[2021-01-05T15:36:15.149-0400][gc,heap        ] GC(334)   region size 1024K, 3 young (3072K), 2 survivors (2048K)
[2021-01-05T15:36:15.149-0400][gc,heap        ] GC(334)  Metaspace       used 42270K, capacity 45533K, committed 45824K, reserved 1089536K
[2021-01-05T15:36:15.149-0400][gc,heap        ] GC(334)   class space    used 4634K, capacity 5867K, committed 5888K, reserved 1048576K
[2021-01-05T15:36:15.149-0400][gc,start       ] GC(334) Pause Young (Mixed) (G1 Evacuation Pause)
[2021-01-05T15:36:15.149-0400][gc,task        ] GC(334) Using 4 workers of 4 for evacuation
[2021-01-05T15:36:15.168-0400][gc,phases      ] GC(334)   Pre Evacuate Collection Set: 0.1ms
[2021-01-05T15:36:15.168-0400][gc,phases      ] GC(334)   Evacuate Collection Set: 16.7ms
[2021-01-05T15:36:15.168-0400][gc,phases      ] GC(334)   Post Evacuate Collection Set: 0.7ms
[2021-01-05T15:36:15.168-0400][gc,phases      ] GC(334)   Other: 1.2ms
[2021-01-05T15:36:15.168-0400][gc,heap        ] GC(334) Eden regions: 1->0(19)
[2021-01-05T15:36:15.168-0400][gc,heap        ] GC(334) Survivor regions: 2->1(1)
[2021-01-05T15:36:15.168-0400][gc,heap        ] GC(334) Old regions: 43->43
[2021-01-05T15:36:15.168-0400][gc,heap        ] GC(334) Humongous regions: 4->4
[2021-01-05T15:36:15.168-0400][gc,metaspace   ] GC(334) Metaspace: 42270K->42270K(1089536K)
[2021-01-05T15:36:15.168-0400][gc,heap        ] GC(334) Heap after GC invocations=334 (full 3): garbage-first heap   total 79872K, used 46245K [0x0000000083000000, 0x0000000100000000)
[2021-01-05T15:36:15.168-0400][gc,heap        ] GC(334)   region size 1024K, 1 young (1024K), 1 survivors (1024K)
[2021-01-05T15:36:15.168-0400][gc,heap        ] GC(334)  Metaspace       used 42270K, capacity 45533K, committed 45824K, reserved 1089536K
[2021-01-05T15:36:15.168-0400][gc,heap        ] GC(334)   class space    used 4634K, capacity 5867K, committed 5888K, reserved 1048576K
[2021-01-05T15:36:15.168-0400][gc             ] GC(334) Pause Young (Mixed) (G1 Evacuation Pause) 46M->45M(78M) 19.110ms
[2021-01-05T15:36:15.169-0400][gc,cpu         ] GC(334) User=0.05s Sys=0.01s Real=0.02s
[2021-01-05T15:36:21.767-0400][gc,heap        ] GC(335) Heap before GC invocations=334 (full 3): garbage-first heap   total 79872K, used 64677K [0x0000000083000000, 0x0000000100000000)
[2021-01-05T15:36:21.767-0400][gc,heap        ] GC(335)   region size 1024K, 20 young (20480K), 1 survivors (1024K)
[2021-01-05T15:36:21.767-0400][gc,heap        ] GC(335)  Metaspace       used 42270K, capacity 45533K, committed 45824K, reserved 1089536K
[2021-01-05T15:36:21.767-0400][gc,heap        ] GC(335)   class space    used 4634K, capacity 5867K, committed 5888K, reserved 1048576K
[2021-01-05T15:36:21.767-0400][gc,start       ] GC(335) Pause Young (Concurrent Start) (G1 Evacuation Pause)
[2021-01-05T15:36:21.767-0400][gc,task        ] GC(335) Using 4 workers of 4 for evacuation
[2021-01-05T15:36:21.803-0400][gc,phases      ] GC(335)   Pre Evacuate Collection Set: 0.4ms
[2021-01-05T15:36:21.803-0400][gc,phases      ] GC(335)   Evacuate Collection Set: 17.9ms
[2021-01-05T15:36:21.803-0400][gc,phases      ] GC(335)   Post Evacuate Collection Set: 16.7ms
[2021-01-05T15:36:21.804-0400][gc,phases      ] GC(335)   Other: 1.6ms
[2021-01-05T15:36:21.804-0400][gc,heap        ] GC(335) Eden regions: 19->0(17)
[2021-01-05T15:36:21.804-0400][gc,heap        ] GC(335) Survivor regions: 1->2(3)
[2021-01-05T15:36:21.804-0400][gc,heap        ] GC(335) Old regions: 43->43
[2021-01-05T15:36:21.804-0400][gc,heap        ] GC(335) Humongous regions: 4->4
[2021-01-05T15:36:21.804-0400][gc,metaspace   ] GC(335) Metaspace: 42270K->42270K(1089536K)
[2021-01-05T15:36:21.804-0400][gc,heap        ] GC(335) Heap after GC invocations=335 (full 3): garbage-first heap   total 79872K, used 47727K [0x0000000083000000, 0x0000000100000000)
[2021-01-05T15:36:21.804-0400][gc,heap        ] GC(335)   region size 1024K, 2 young (2048K), 2 survivors (2048K)
[2021-01-05T15:36:21.804-0400][gc,heap        ] GC(335)  Metaspace       used 42270K, capacity 45533K, committed 45824K, reserved 1089536K
[2021-01-05T15:36:21.804-0400][gc,heap        ] GC(335)   class space    used 4634K, capacity 5867K, committed 5888K, reserved 1048576K
[2021-01-05T15:36:21.804-0400][gc             ] GC(335) Pause Young (Concurrent Start) (G1 Evacuation Pause) 64M->46M(78M) 37.017ms
[2021-01-05T15:36:21.804-0400][gc,cpu         ] GC(335) User=0.08s Sys=0.00s Real=0.03s
[2021-01-05T15:36:21.805-0400][gc             ] GC(336) Concurrent Cycle
[2021-01-05T15:36:21.805-0400][gc,marking     ] GC(336) Concurrent Clear Claimed Marks
[2021-01-05T15:36:21.805-0400][gc,marking     ] GC(336) Concurrent Clear Claimed Marks 0.577ms
[2021-01-05T15:36:21.806-0400][gc,marking     ] GC(336) Concurrent Scan Root Regions
[2021-01-05T15:36:21.816-0400][gc,marking     ] GC(336) Concurrent Scan Root Regions 10.779ms
[2021-01-05T15:36:21.816-0400][gc,marking     ] GC(336) Concurrent Mark (720.435s)
[2021-01-05T15:36:21.816-0400][gc,marking     ] GC(336) Concurrent Mark From Roots
[2021-01-05T15:36:21.816-0400][gc,task        ] GC(336) Using 1 workers of 1 for marking
[2021-01-05T15:36:21.981-0400][gc,heap        ] GC(337) Heap before GC invocations=335 (full 3): garbage-first heap   total 79872K, used 66159K [0x0000000083000000, 0x0000000100000000)
[2021-01-05T15:36:21.981-0400][gc,heap        ] GC(337)   region size 1024K, 19 young (19456K), 2 survivors (2048K)
[2021-01-05T15:36:21.981-0400][gc,heap        ] GC(337)  Metaspace       used 42270K, capacity 45533K, committed 45824K, reserved 1089536K
[2021-01-05T15:36:21.981-0400][gc,heap        ] GC(337)   class space    used 4634K, capacity 5867K, committed 5888K, reserved 1048576K
[2021-01-05T15:36:21.982-0400][gc,start       ] GC(337) Pause Young (Normal) (G1 Evacuation Pause)
[2021-01-05T15:36:21.982-0400][gc,task        ] GC(337) Using 4 workers of 4 for evacuation
[2021-01-05T15:36:21.993-0400][gc,phases      ] GC(337)   Pre Evacuate Collection Set: 0.0ms
[2021-01-05T15:36:21.994-0400][gc,phases      ] GC(337)   Evacuate Collection Set: 9.5ms
[2021-01-05T15:36:21.994-0400][gc,phases      ] GC(337)   Post Evacuate Collection Set: 1.5ms
[2021-01-05T15:36:21.994-0400][gc,phases      ] GC(337)   Other: 1.2ms
[2021-01-05T15:36:21.994-0400][gc,heap        ] GC(337) Eden regions: 17->0(18)
[2021-01-05T15:36:21.994-0400][gc,heap        ] GC(337) Survivor regions: 2->1(3)
[2021-01-05T15:36:21.994-0400][gc,heap        ] GC(337) Old regions: 43->44
[2021-01-05T15:36:21.994-0400][gc,heap        ] GC(337) Humongous regions: 6->4
[2021-01-05T15:36:21.994-0400][gc,metaspace   ] GC(337) Metaspace: 42270K->42270K(1089536K)
[2021-01-05T15:36:21.994-0400][gc,heap        ] GC(337) Heap after GC invocations=336 (full 3): garbage-first heap   total 79872K, used 47331K [0x0000000083000000, 0x0000000100000000)
[2021-01-05T15:36:21.994-0400][gc,heap        ] GC(337)   region size 1024K, 1 young (1024K), 1 survivors (1024K)
[2021-01-05T15:36:21.994-0400][gc,heap        ] GC(337)  Metaspace       used 42270K, capacity 45533K, committed 45824K, reserved 1089536K
[2021-01-05T15:36:21.994-0400][gc,heap        ] GC(337)   class space    used 4634K, capacity 5867K, committed 5888K, reserved 1048576K
[2021-01-05T15:36:21.994-0400][gc             ] GC(337) Pause Young (Normal) (G1 Evacuation Pause) 65M->46M(78M) 12.772ms
[2021-01-05T15:36:21.995-0400][gc,cpu         ] GC(337) User=0.04s Sys=0.00s Real=0.01s
[2021-01-05T15:36:22.138-0400][gc,marking     ] GC(336) Concurrent Mark From Roots 321.363ms
[2021-01-05T15:36:22.138-0400][gc,marking     ] GC(336) Concurrent Preclean
[2021-01-05T15:36:22.138-0400][gc,marking     ] GC(336) Concurrent Preclean 0.451ms
[2021-01-05T15:36:22.139-0400][gc,marking     ] GC(336) Concurrent Mark (720.435s, 720.757s) 322.118ms
[2021-01-05T15:36:22.142-0400][gc,start       ] GC(336) Pause Remark
[2021-01-05T15:36:22.176-0400][gc,stringtable ] GC(336) Cleaned string and symbol table, strings: 23511 processed, 0 removed, symbols: 95333 processed, 0 removed
[2021-01-05T15:36:22.177-0400][gc             ] GC(336) Pause Remark 49M->49M(78M) 35.510ms
[2021-01-05T15:36:22.177-0400][gc,cpu         ] GC(336) User=0.12s Sys=0.00s Real=0.04s
[2021-01-05T15:36:22.178-0400][gc,marking     ] GC(336) Concurrent Rebuild Remembered Sets
[2021-01-05T15:36:22.345-0400][gc,marking     ] GC(336) Concurrent Rebuild Remembered Sets 167.348ms
[2021-01-05T15:36:22.347-0400][gc,start       ] GC(336) Pause Cleanup
[2021-01-05T15:36:22.347-0400][gc             ] GC(336) Pause Cleanup 49M->49M(78M) 0.538ms
[2021-01-05T15:36:22.347-0400][gc,cpu         ] GC(336) User=0.00s Sys=0.00s Real=0.00s
[2021-01-05T15:36:22.348-0400][gc,marking     ] GC(336) Concurrent Cleanup for Next Mark
[2021-01-05T15:36:22.349-0400][gc,marking     ] GC(336) Concurrent Cleanup for Next Mark 1.415ms
[2021-01-05T15:36:22.349-0400][gc             ] GC(336) Concurrent Cycle 544.642ms
[2021-01-05T15:36:30.218-0400][gc,heap        ] GC(338) Heap before GC invocations=337 (full 3): garbage-first heap   total 79872K, used 64739K [0x0000000083000000, 0x0000000100000000)
[2021-01-05T15:36:30.218-0400][gc,heap        ] GC(338)   region size 1024K, 19 young (19456K), 1 survivors (1024K)
[2021-01-05T15:36:30.218-0400][gc,heap        ] GC(338)  Metaspace       used 42270K, capacity 45533K, committed 45824K, reserved 1089536K
[2021-01-05T15:36:30.218-0400][gc,heap        ] GC(338)   class space    used 4634K, capacity 5867K, committed 5888K, reserved 1048576K
[2021-01-05T15:36:30.219-0400][gc,start       ] GC(338) Pause Young (Prepare Mixed) (G1 Evacuation Pause)
[2021-01-05T15:36:30.219-0400][gc,task        ] GC(338) Using 4 workers of 4 for evacuation
[2021-01-05T15:36:30.227-0400][gc,phases      ] GC(338)   Pre Evacuate Collection Set: 0.0ms
[2021-01-05T15:36:30.227-0400][gc,phases      ] GC(338)   Evacuate Collection Set: 5.5ms
[2021-01-05T15:36:30.227-0400][gc,phases      ] GC(338)   Post Evacuate Collection Set: 1.6ms
[2021-01-05T15:36:30.227-0400][gc,phases      ] GC(338)   Other: 1.2ms
[2021-01-05T15:36:30.227-0400][gc,heap        ] GC(338) Eden regions: 18->0(2)
[2021-01-05T15:36:30.227-0400][gc,heap        ] GC(338) Survivor regions: 1->1(3)
[2021-01-05T15:36:30.227-0400][gc,heap        ] GC(338) Old regions: 44->44
[2021-01-05T15:36:30.227-0400][gc,heap        ] GC(338) Humongous regions: 4->4
[2021-01-05T15:36:30.227-0400][gc,metaspace   ] GC(338) Metaspace: 42270K->42270K(1089536K)
[2021-01-05T15:36:30.227-0400][gc,heap        ] GC(338) Heap after GC invocations=338 (full 3): garbage-first heap   total 79872K, used 47260K [0x0000000083000000, 0x0000000100000000)
[2021-01-05T15:36:30.227-0400][gc,heap        ] GC(338)   region size 1024K, 1 young (1024K), 1 survivors (1024K)
[2021-01-05T15:36:30.227-0400][gc,heap        ] GC(338)  Metaspace       used 42270K, capacity 45533K, committed 45824K, reserved 1089536K
[2021-01-05T15:36:30.227-0400][gc,heap        ] GC(338)   class space    used 4634K, capacity 5867K, committed 5888K, reserved 1048576K
[2021-01-05T15:36:30.227-0400][gc             ] GC(338) Pause Young (Prepare Mixed) (G1 Evacuation Pause) 64M->46M(78M) 8.726ms
[2021-01-05T15:36:30.228-0400][gc,cpu         ] GC(338) User=0.02s Sys=0.00s Real=0.01s
[2021-01-05T15:36:30.251-0400][gc,heap        ] GC(339) Heap before GC invocations=338 (full 3): garbage-first heap   total 79872K, used 49308K [0x0000000083000000, 0x0000000100000000)
[2021-01-05T15:36:30.252-0400][gc,heap        ] GC(339)   region size 1024K, 3 young (3072K), 1 survivors (1024K)
[2021-01-05T15:36:30.252-0400][gc,heap        ] GC(339)  Metaspace       used 42270K, capacity 45533K, committed 45824K, reserved 1089536K
[2021-01-05T15:36:30.252-0400][gc,heap        ] GC(339)   class space    used 4634K, capacity 5867K, committed 5888K, reserved 1048576K
[2021-01-05T15:36:30.252-0400][gc,start       ] GC(339) Pause Young (Mixed) (G1 Evacuation Pause)
[2021-01-05T15:36:30.252-0400][gc,task        ] GC(339) Using 4 workers of 4 for evacuation
[2021-01-05T15:36:30.261-0400][gc,phases      ] GC(339)   Pre Evacuate Collection Set: 0.1ms
[2021-01-05T15:36:30.261-0400][gc,phases      ] GC(339)   Evacuate Collection Set: 6.9ms
[2021-01-05T15:36:30.261-0400][gc,phases      ] GC(339)   Post Evacuate Collection Set: 1.2ms
[2021-01-05T15:36:30.261-0400][gc,phases      ] GC(339)   Other: 1.3ms
[2021-01-05T15:36:30.261-0400][gc,heap        ] GC(339) Eden regions: 2->0(19)
[2021-01-05T15:36:30.261-0400][gc,heap        ] GC(339) Survivor regions: 1->1(1)
[2021-01-05T15:36:30.261-0400][gc,heap        ] GC(339) Old regions: 44->43
[2021-01-05T15:36:30.261-0400][gc,heap        ] GC(339) Humongous regions: 4->4
[2021-01-05T15:36:30.261-0400][gc,metaspace   ] GC(339) Metaspace: 42270K->42270K(1089536K)
[2021-01-05T15:36:30.261-0400][gc,heap        ] GC(339) Heap after GC invocations=339 (full 3): garbage-first heap   total 79872K, used 46597K [0x0000000083000000, 0x0000000100000000)
[2021-01-05T15:36:30.261-0400][gc,heap        ] GC(339)   region size 1024K, 1 young (1024K), 1 survivors (1024K)
[2021-01-05T15:36:30.262-0400][gc,heap        ] GC(339)  Metaspace       used 42270K, capacity 45533K, committed 45824K, reserved 1089536K
[2021-01-05T15:36:30.262-0400][gc,heap        ] GC(339)   class space    used 4634K, capacity 5867K, committed 5888K, reserved 1048576K
[2021-01-05T15:36:30.262-0400][gc             ] GC(339) Pause Young (Mixed) (G1 Evacuation Pause) 48M->45M(78M) 9.721ms
[2021-01-05T15:36:30.262-0400][gc,cpu         ] GC(339) User=0.03s Sys=0.01s Real=0.01s
[2021-01-05T15:36:32.344-0400][gc,heap        ] GC(340) Heap before GC invocations=339 (full 3): garbage-first heap   total 79872K, used 62981K [0x0000000083000000, 0x0000000100000000)
[2021-01-05T15:36:32.344-0400][gc,heap        ] GC(340)   region size 1024K, 19 young (19456K), 1 survivors (1024K)
[2021-01-05T15:36:32.344-0400][gc,heap        ] GC(340)  Metaspace       used 42270K, capacity 45533K, committed 45824K, reserved 1089536K
[2021-01-05T15:36:32.344-0400][gc,heap        ] GC(340)   class space    used 4634K, capacity 5867K, committed 5888K, reserved 1048576K
[2021-01-05T15:36:32.344-0400][gc,start       ] GC(340) Pause Young (Concurrent Start) (G1 Humongous Allocation)
[2021-01-05T15:36:32.344-0400][gc,task        ] GC(340) Using 4 workers of 4 for evacuation
[2021-01-05T15:36:32.357-0400][gc,phases      ] GC(340)   Pre Evacuate Collection Set: 0.3ms
[2021-01-05T15:36:32.358-0400][gc,phases      ] GC(340)   Evacuate Collection Set: 10.4ms
[2021-01-05T15:36:32.358-0400][gc,phases      ] GC(340)   Post Evacuate Collection Set: 1.4ms
[2021-01-05T15:36:32.358-0400][gc,phases      ] GC(340)   Other: 1.3ms
[2021-01-05T15:36:32.358-0400][gc,heap        ] GC(340) Eden regions: 18->0(18)
[2021-01-05T15:36:32.358-0400][gc,heap        ] GC(340) Survivor regions: 1->2(3)
[2021-01-05T15:36:32.358-0400][gc,heap        ] GC(340) Old regions: 43->43
[2021-01-05T15:36:32.358-0400][gc,heap        ] GC(340) Humongous regions: 4->4
[2021-01-05T15:36:32.358-0400][gc,metaspace   ] GC(340) Metaspace: 42270K->42270K(1089536K)
[2021-01-05T15:36:32.358-0400][gc,heap        ] GC(340) Heap after GC invocations=340 (full 3): garbage-first heap   total 79872K, used 47418K [0x0000000083000000, 0x0000000100000000)
[2021-01-05T15:36:32.358-0400][gc,heap        ] GC(340)   region size 1024K, 2 young (2048K), 2 survivors (2048K)
[2021-01-05T15:36:32.358-0400][gc,heap        ] GC(340)  Metaspace       used 42270K, capacity 45533K, committed 45824K, reserved 1089536K
[2021-01-05T15:36:32.358-0400][gc,heap        ] GC(340)   class space    used 4634K, capacity 5867K, committed 5888K, reserved 1048576K
[2021-01-05T15:36:32.358-0400][gc             ] GC(340) Pause Young (Concurrent Start) (G1 Humongous Allocation) 62M->46M(78M) 14.038ms
[2021-01-05T15:36:32.360-0400][gc,cpu         ] GC(340) User=0.03s Sys=0.01s Real=0.02s
[2021-01-05T15:36:32.360-0400][gc             ] GC(341) Concurrent Cycle
[2021-01-05T15:36:32.360-0400][gc,marking     ] GC(341) Concurrent Clear Claimed Marks
[2021-01-05T15:36:32.361-0400][gc,marking     ] GC(341) Concurrent Clear Claimed Marks 0.820ms
[2021-01-05T15:36:32.361-0400][gc,marking     ] GC(341) Concurrent Scan Root Regions
[2021-01-05T15:36:32.369-0400][gc,marking     ] GC(341) Concurrent Scan Root Regions 8.191ms
[2021-01-05T15:36:32.369-0400][gc,marking     ] GC(341) Concurrent Mark (730.988s)
[2021-01-05T15:36:32.370-0400][gc,marking     ] GC(341) Concurrent Mark From Roots
[2021-01-05T15:36:32.370-0400][gc,task        ] GC(341) Using 1 workers of 1 for marking
[2021-01-05T15:36:32.674-0400][gc,marking     ] GC(341) Concurrent Mark From Roots 303.942ms
[2021-01-05T15:36:32.674-0400][gc,marking     ] GC(341) Concurrent Preclean
[2021-01-05T15:36:32.674-0400][gc,marking     ] GC(341) Concurrent Preclean 0.344ms
[2021-01-05T15:36:32.674-0400][gc,marking     ] GC(341) Concurrent Mark (730.988s, 731.293s) 304.508ms
[2021-01-05T15:36:32.675-0400][gc,start       ] GC(341) Pause Remark
[2021-01-05T15:36:32.705-0400][gc,stringtable ] GC(341) Cleaned string and symbol table, strings: 23514 processed, 0 removed, symbols: 95333 processed, 0 removed
[2021-01-05T15:36:32.706-0400][gc             ] GC(341) Pause Remark 51M->51M(78M) 30.774ms
[2021-01-05T15:36:32.706-0400][gc,cpu         ] GC(341) User=0.12s Sys=0.00s Real=0.04s
[2021-01-05T15:36:32.707-0400][gc,marking     ] GC(341) Concurrent Rebuild Remembered Sets
[2021-01-05T15:36:32.865-0400][gc,marking     ] GC(341) Concurrent Rebuild Remembered Sets 158.427ms
[2021-01-05T15:36:32.866-0400][gc,start       ] GC(341) Pause Cleanup
[2021-01-05T15:36:32.867-0400][gc             ] GC(341) Pause Cleanup 51M->51M(78M) 0.501ms
[2021-01-05T15:36:32.867-0400][gc,cpu         ] GC(341) User=0.00s Sys=0.00s Real=0.00s
[2021-01-05T15:36:32.867-0400][gc,marking     ] GC(341) Concurrent Cleanup for Next Mark
[2021-01-05T15:36:32.868-0400][gc,marking     ] GC(341) Concurrent Cleanup for Next Mark 0.919ms
[2021-01-05T15:36:32.868-0400][gc             ] GC(341) Concurrent Cycle 508.256ms
[2021-01-05T15:36:37.661-0400][gc,heap        ] GC(342) Heap before GC invocations=341 (full 3): garbage-first heap   total 79872K, used 66874K [0x0000000083000000, 0x0000000100000000)
[2021-01-05T15:36:37.661-0400][gc,heap        ] GC(342)   region size 1024K, 20 young (20480K), 2 survivors (2048K)
[2021-01-05T15:36:37.661-0400][gc,heap        ] GC(342)  Metaspace       used 42278K, capacity 45533K, committed 45824K, reserved 1089536K
[2021-01-05T15:36:37.661-0400][gc,heap        ] GC(342)   class space    used 4634K, capacity 5867K, committed 5888K, reserved 1048576K
[2021-01-05T15:36:37.661-0400][gc,start       ] GC(342) Pause Young (Prepare Mixed) (G1 Evacuation Pause)
[2021-01-05T15:36:37.661-0400][gc,task        ] GC(342) Using 4 workers of 4 for evacuation
[2021-01-05T15:36:37.671-0400][gc,phases      ] GC(342)   Pre Evacuate Collection Set: 0.0ms
[2021-01-05T15:36:37.671-0400][gc,phases      ] GC(342)   Evacuate Collection Set: 7.1ms
[2021-01-05T15:36:37.671-0400][gc,phases      ] GC(342)   Post Evacuate Collection Set: 1.8ms
[2021-01-05T15:36:37.671-0400][gc,phases      ] GC(342)   Other: 1.3ms
[2021-01-05T15:36:37.671-0400][gc,heap        ] GC(342) Eden regions: 18->0(2)
[2021-01-05T15:36:37.671-0400][gc,heap        ] GC(342) Survivor regions: 2->1(3)
[2021-01-05T15:36:37.671-0400][gc,heap        ] GC(342) Old regions: 43->43
[2021-01-05T15:36:37.671-0400][gc,heap        ] GC(342) Humongous regions: 6->4
[2021-01-05T15:36:37.671-0400][gc,metaspace   ] GC(342) Metaspace: 42278K->42278K(1089536K)
[2021-01-05T15:36:37.671-0400][gc,heap        ] GC(342) Heap after GC invocations=342 (full 3): garbage-first heap   total 79872K, used 46898K [0x0000000083000000, 0x0000000100000000)
[2021-01-05T15:36:37.671-0400][gc,heap        ] GC(342)   region size 1024K, 1 young (1024K), 1 survivors (1024K)
[2021-01-05T15:36:37.671-0400][gc,heap        ] GC(342)  Metaspace       used 42278K, capacity 45533K, committed 45824K, reserved 1089536K
[2021-01-05T15:36:37.671-0400][gc,heap        ] GC(342)   class space    used 4634K, capacity 5867K, committed 5888K, reserved 1048576K
[2021-01-05T15:36:37.671-0400][gc             ] GC(342) Pause Young (Prepare Mixed) (G1 Evacuation Pause) 66M->45M(78M) 10.508ms
[2021-01-05T15:36:37.672-0400][gc,cpu         ] GC(342) User=0.03s Sys=0.01s Real=0.01s
[2021-01-05T15:36:38.057-0400][gc,heap        ] GC(343) Heap before GC invocations=342 (full 3): garbage-first heap   total 79872K, used 47922K [0x0000000083000000, 0x0000000100000000)
[2021-01-05T15:36:38.058-0400][gc,heap        ] GC(343)   region size 1024K, 3 young (3072K), 1 survivors (1024K)
[2021-01-05T15:36:38.058-0400][gc,heap        ] GC(343)  Metaspace       used 42278K, capacity 45533K, committed 45824K, reserved 1089536K
[2021-01-05T15:36:38.058-0400][gc,heap        ] GC(343)   class space    used 4634K, capacity 5867K, committed 5888K, reserved 1048576K
[2021-01-05T15:36:38.058-0400][gc,start       ] GC(343) Pause Young (Mixed) (G1 Evacuation Pause)
[2021-01-05T15:36:38.058-0400][gc,task        ] GC(343) Using 4 workers of 4 for evacuation
[2021-01-05T15:36:38.064-0400][gc,phases      ] GC(343)   Pre Evacuate Collection Set: 0.1ms
[2021-01-05T15:36:38.064-0400][gc,phases      ] GC(343)   Evacuate Collection Set: 4.1ms
[2021-01-05T15:36:38.064-0400][gc,phases      ] GC(343)   Post Evacuate Collection Set: 1.2ms
[2021-01-05T15:36:38.064-0400][gc,phases      ] GC(343)   Other: 1.2ms
[2021-01-05T15:36:38.064-0400][gc,heap        ] GC(343) Eden regions: 2->0(19)
[2021-01-05T15:36:38.064-0400][gc,heap        ] GC(343) Survivor regions: 1->1(1)
[2021-01-05T15:36:38.064-0400][gc,heap        ] GC(343) Old regions: 43->42
[2021-01-05T15:36:38.064-0400][gc,heap        ] GC(343) Humongous regions: 4->4
[2021-01-05T15:36:38.064-0400][gc,metaspace   ] GC(343) Metaspace: 42278K->42278K(1089536K)
[2021-01-05T15:36:38.064-0400][gc,heap        ] GC(343) Heap after GC invocations=343 (full 3): garbage-first heap   total 79872K, used 45478K [0x0000000083000000, 0x0000000100000000)
[2021-01-05T15:36:38.064-0400][gc,heap        ] GC(343)   region size 1024K, 1 young (1024K), 1 survivors (1024K)
[2021-01-05T15:36:38.065-0400][gc,heap        ] GC(343)  Metaspace       used 42278K, capacity 45533K, committed 45824K, reserved 1089536K
[2021-01-05T15:36:38.065-0400][gc,heap        ] GC(343)   class space    used 4634K, capacity 5867K, committed 5888K, reserved 1048576K
[2021-01-05T15:36:38.065-0400][gc             ] GC(343) Pause Young (Mixed) (G1 Evacuation Pause) 47M->44M(78M) 6.840ms
[2021-01-05T15:36:38.065-0400][gc,cpu         ] GC(343) User=0.01s Sys=0.00s Real=0.00s
[2021-01-05T15:36:42.971-0400][gc,heap        ] GC(344) Heap before GC invocations=343 (full 3): garbage-first heap   total 79872K, used 63910K [0x0000000083000000, 0x0000000100000000)
[2021-01-05T15:36:42.971-0400][gc,heap        ] GC(344)   region size 1024K, 20 young (20480K), 1 survivors (1024K)
[2021-01-05T15:36:42.971-0400][gc,heap        ] GC(344)  Metaspace       used 42279K, capacity 45533K, committed 45824K, reserved 1089536K
[2021-01-05T15:36:42.971-0400][gc,heap        ] GC(344)   class space    used 4634K, capacity 5867K, committed 5888K, reserved 1048576K
[2021-01-05T15:36:42.971-0400][gc,start       ] GC(344) Pause Young (Concurrent Start) (G1 Evacuation Pause)
[2021-01-05T15:36:42.971-0400][gc,task        ] GC(344) Using 4 workers of 4 for evacuation
[2021-01-05T15:36:42.988-0400][gc,phases      ] GC(344)   Pre Evacuate Collection Set: 0.4ms
[2021-01-05T15:36:42.988-0400][gc,phases      ] GC(344)   Evacuate Collection Set: 12.7ms
[2021-01-05T15:36:42.988-0400][gc,phases      ] GC(344)   Post Evacuate Collection Set: 2.1ms
[2021-01-05T15:36:42.988-0400][gc,phases      ] GC(344)   Other: 1.6ms
[2021-01-05T15:36:42.988-0400][gc,heap        ] GC(344) Eden regions: 19->0(18)
[2021-01-05T15:36:42.988-0400][gc,heap        ] GC(344) Survivor regions: 1->2(3)
[2021-01-05T15:36:42.988-0400][gc,heap        ] GC(344) Old regions: 42->42
[2021-01-05T15:36:42.988-0400][gc,heap        ] GC(344) Humongous regions: 4->4
[2021-01-05T15:36:42.988-0400][gc,metaspace   ] GC(344) Metaspace: 42279K->42279K(1089536K)
[2021-01-05T15:36:42.988-0400][gc,heap        ] GC(344) Heap after GC invocations=344 (full 3): garbage-first heap   total 79872K, used 46819K [0x0000000083000000, 0x0000000100000000)
[2021-01-05T15:36:42.989-0400][gc,heap        ] GC(344)   region size 1024K, 2 young (2048K), 2 survivors (2048K)
[2021-01-05T15:36:42.989-0400][gc,heap        ] GC(344)  Metaspace       used 42279K, capacity 45533K, committed 45824K, reserved 1089536K
[2021-01-05T15:36:42.989-0400][gc,heap        ] GC(344)   class space    used 4634K, capacity 5867K, committed 5888K, reserved 1048576K
[2021-01-05T15:36:42.989-0400][gc             ] GC(344) Pause Young (Concurrent Start) (G1 Evacuation Pause) 63M->45M(78M) 17.608ms
[2021-01-05T15:36:42.990-0400][gc,cpu         ] GC(344) User=0.04s Sys=0.00s Real=0.02s
[2021-01-05T15:36:42.990-0400][gc             ] GC(345) Concurrent Cycle
[2021-01-05T15:36:42.990-0400][gc,marking     ] GC(345) Concurrent Clear Claimed Marks
[2021-01-05T15:36:42.991-0400][gc,marking     ] GC(345) Concurrent Clear Claimed Marks 0.585ms
[2021-01-05T15:36:42.991-0400][gc,marking     ] GC(345) Concurrent Scan Root Regions
[2021-01-05T15:36:43.000-0400][gc,marking     ] GC(345) Concurrent Scan Root Regions 9.376ms
[2021-01-05T15:36:43.000-0400][gc,marking     ] GC(345) Concurrent Mark (741.619s)
[2021-01-05T15:36:43.000-0400][gc,marking     ] GC(345) Concurrent Mark From Roots
[2021-01-05T15:36:43.001-0400][gc,task        ] GC(345) Using 1 workers of 1 for marking
[2021-01-05T15:36:43.331-0400][gc,marking     ] GC(345) Concurrent Mark From Roots 330.599ms
[2021-01-05T15:36:43.331-0400][gc,marking     ] GC(345) Concurrent Preclean
[2021-01-05T15:36:43.331-0400][gc,marking     ] GC(345) Concurrent Preclean 0.305ms
[2021-01-05T15:36:43.332-0400][gc,marking     ] GC(345) Concurrent Mark (741.619s, 741.950s) 331.108ms
[2021-01-05T15:36:43.333-0400][gc,start       ] GC(345) Pause Remark
[2021-01-05T15:36:43.376-0400][gc,stringtable ] GC(345) Cleaned string and symbol table, strings: 23515 processed, 0 removed, symbols: 95333 processed, 0 removed
[2021-01-05T15:36:43.377-0400][gc             ] GC(345) Pause Remark 53M->53M(78M) 43.947ms
[2021-01-05T15:36:43.377-0400][gc,cpu         ] GC(345) User=0.11s Sys=0.01s Real=0.05s
[2021-01-05T15:36:43.378-0400][gc,marking     ] GC(345) Concurrent Rebuild Remembered Sets
[2021-01-05T15:36:43.549-0400][gc,marking     ] GC(345) Concurrent Rebuild Remembered Sets 170.517ms
[2021-01-05T15:36:43.550-0400][gc,start       ] GC(345) Pause Cleanup
[2021-01-05T15:36:43.550-0400][gc             ] GC(345) Pause Cleanup 53M->53M(78M) 0.445ms
[2021-01-05T15:36:43.551-0400][gc,cpu         ] GC(345) User=0.00s Sys=0.00s Real=0.00s
[2021-01-05T15:36:43.551-0400][gc,marking     ] GC(345) Concurrent Cleanup for Next Mark
[2021-01-05T15:36:43.552-0400][gc,marking     ] GC(345) Concurrent Cleanup for Next Mark 0.895ms
[2021-01-05T15:36:43.552-0400][gc             ] GC(345) Concurrent Cycle 561.898ms
[2021-01-05T15:36:46.408-0400][gc,heap        ] GC(346) Heap before GC invocations=345 (full 3): garbage-first heap   total 79872K, used 66275K [0x0000000083000000, 0x0000000100000000)
[2021-01-05T15:36:46.408-0400][gc,heap        ] GC(346)   region size 1024K, 20 young (20480K), 2 survivors (2048K)
[2021-01-05T15:36:46.408-0400][gc,heap        ] GC(346)  Metaspace       used 42279K, capacity 45533K, committed 45824K, reserved 1089536K
[2021-01-05T15:36:46.408-0400][gc,heap        ] GC(346)   class space    used 4634K, capacity 5867K, committed 5888K, reserved 1048576K
[2021-01-05T15:36:46.408-0400][gc,start       ] GC(346) Pause Young (Normal) (G1 Evacuation Pause)
[2021-01-05T15:36:46.408-0400][gc,task        ] GC(346) Using 4 workers of 4 for evacuation
[2021-01-05T15:36:46.418-0400][gc,phases      ] GC(346)   Pre Evacuate Collection Set: 0.0ms
[2021-01-05T15:36:46.418-0400][gc,phases      ] GC(346)   Evacuate Collection Set: 6.6ms
[2021-01-05T15:36:46.418-0400][gc,phases      ] GC(346)   Post Evacuate Collection Set: 1.7ms
[2021-01-05T15:36:46.418-0400][gc,phases      ] GC(346)   Other: 1.2ms
[2021-01-05T15:36:46.418-0400][gc,heap        ] GC(346) Eden regions: 18->0(19)
[2021-01-05T15:36:46.418-0400][gc,heap        ] GC(346) Survivor regions: 2->1(3)
[2021-01-05T15:36:46.418-0400][gc,heap        ] GC(346) Old regions: 42->42
[2021-01-05T15:36:46.418-0400][gc,heap        ] GC(346) Humongous regions: 6->4
[2021-01-05T15:36:46.418-0400][gc,metaspace   ] GC(346) Metaspace: 42279K->42279K(1089536K)
[2021-01-05T15:36:46.418-0400][gc,heap        ] GC(346) Heap after GC invocations=346 (full 3): garbage-first heap   total 79872K, used 46137K [0x0000000083000000, 0x0000000100000000)
[2021-01-05T15:36:46.418-0400][gc,heap        ] GC(346)   region size 1024K, 1 young (1024K), 1 survivors (1024K)
[2021-01-05T15:36:46.418-0400][gc,heap        ] GC(346)  Metaspace       used 42279K, capacity 45533K, committed 45824K, reserved 1089536K
[2021-01-05T15:36:46.418-0400][gc,heap        ] GC(346)   class space    used 4634K, capacity 5867K, committed 5888K, reserved 1048576K
[2021-01-05T15:36:46.418-0400][gc             ] GC(346) Pause Young (Normal) (G1 Evacuation Pause) 65M->45M(78M) 9.955ms
[2021-01-05T15:36:46.418-0400][gc,cpu         ] GC(346) User=0.03s Sys=0.01s Real=0.01s
[2021-01-05T15:36:50.522-0400][gc,heap        ] GC(347) Heap before GC invocations=346 (full 3): garbage-first heap   total 79872K, used 64569K [0x0000000083000000, 0x0000000100000000)
[2021-01-05T15:36:50.522-0400][gc,heap        ] GC(347)   region size 1024K, 20 young (20480K), 1 survivors (1024K)
[2021-01-05T15:36:50.522-0400][gc,heap        ] GC(347)  Metaspace       used 42281K, capacity 45533K, committed 45824K, reserved 1089536K
[2021-01-05T15:36:50.522-0400][gc,heap        ] GC(347)   class space    used 4634K, capacity 5867K, committed 5888K, reserved 1048576K
[2021-01-05T15:36:50.522-0400][gc,start       ] GC(347) Pause Young (Concurrent Start) (G1 Evacuation Pause)
[2021-01-05T15:36:50.522-0400][gc,task        ] GC(347) Using 4 workers of 4 for evacuation
[2021-01-05T15:36:50.533-0400][gc,phases      ] GC(347)   Pre Evacuate Collection Set: 0.3ms
[2021-01-05T15:36:50.533-0400][gc,phases      ] GC(347)   Evacuate Collection Set: 8.5ms
[2021-01-05T15:36:50.533-0400][gc,phases      ] GC(347)   Post Evacuate Collection Set: 1.3ms
[2021-01-05T15:36:50.534-0400][gc,phases      ] GC(347)   Other: 1.3ms
[2021-01-05T15:36:50.534-0400][gc,heap        ] GC(347) Eden regions: 19->0(19)
[2021-01-05T15:36:50.534-0400][gc,heap        ] GC(347) Survivor regions: 1->1(3)
[2021-01-05T15:36:50.534-0400][gc,heap        ] GC(347) Old regions: 42->42
[2021-01-05T15:36:50.534-0400][gc,heap        ] GC(347) Humongous regions: 4->4
[2021-01-05T15:36:50.534-0400][gc,metaspace   ] GC(347) Metaspace: 42281K->42281K(1089536K)
[2021-01-05T15:36:50.534-0400][gc,heap        ] GC(347) Heap after GC invocations=347 (full 3): garbage-first heap   total 79872K, used 46100K [0x0000000083000000, 0x0000000100000000)
[2021-01-05T15:36:50.534-0400][gc,heap        ] GC(347)   region size 1024K, 1 young (1024K), 1 survivors (1024K)
[2021-01-05T15:36:50.534-0400][gc,heap        ] GC(347)  Metaspace       used 42281K, capacity 45533K, committed 45824K, reserved 1089536K
[2021-01-05T15:36:50.534-0400][gc,heap        ] GC(347)   class space    used 4634K, capacity 5867K, committed 5888K, reserved 1048576K
[2021-01-05T15:36:50.534-0400][gc             ] GC(347) Pause Young (Concurrent Start) (G1 Evacuation Pause) 64M->45M(78M) 11.855ms
[2021-01-05T15:36:50.534-0400][gc,cpu         ] GC(347) User=0.03s Sys=0.00s Real=0.01s
[2021-01-05T15:36:50.534-0400][gc             ] GC(348) Concurrent Cycle
[2021-01-05T15:36:50.535-0400][gc,marking     ] GC(348) Concurrent Clear Claimed Marks
[2021-01-05T15:36:50.535-0400][gc,marking     ] GC(348) Concurrent Clear Claimed Marks 0.647ms
[2021-01-05T15:36:50.535-0400][gc,marking     ] GC(348) Concurrent Scan Root Regions
[2021-01-05T15:36:50.540-0400][gc,marking     ] GC(348) Concurrent Scan Root Regions 4.567ms
[2021-01-05T15:36:50.540-0400][gc,marking     ] GC(348) Concurrent Mark (749.159s)
[2021-01-05T15:36:50.540-0400][gc,marking     ] GC(348) Concurrent Mark From Roots
[2021-01-05T15:36:50.540-0400][gc,task        ] GC(348) Using 1 workers of 1 for marking
[2021-01-05T15:36:50.840-0400][gc,marking     ] GC(348) Concurrent Mark From Roots 299.783ms
[2021-01-05T15:36:50.840-0400][gc,marking     ] GC(348) Concurrent Preclean
[2021-01-05T15:36:50.840-0400][gc,marking     ] GC(348) Concurrent Preclean 0.303ms
[2021-01-05T15:36:50.840-0400][gc,marking     ] GC(348) Concurrent Mark (749.159s, 749.459s) 300.311ms
[2021-01-05T15:36:50.842-0400][gc,start       ] GC(348) Pause Remark
[2021-01-05T15:36:50.872-0400][gc,stringtable ] GC(348) Cleaned string and symbol table, strings: 23515 processed, 0 removed, symbols: 95333 processed, 0 removed
[2021-01-05T15:36:50.873-0400][gc             ] GC(348) Pause Remark 56M->56M(78M) 31.531ms
[2021-01-05T15:36:50.873-0400][gc,cpu         ] GC(348) User=0.11s Sys=0.00s Real=0.03s
[2021-01-05T15:36:50.874-0400][gc,marking     ] GC(348) Concurrent Rebuild Remembered Sets
[2021-01-05T15:36:51.037-0400][gc,marking     ] GC(348) Concurrent Rebuild Remembered Sets 162.686ms
[2021-01-05T15:36:51.038-0400][gc,start       ] GC(348) Pause Cleanup
[2021-01-05T15:36:51.039-0400][gc             ] GC(348) Pause Cleanup 57M->57M(78M) 0.516ms
[2021-01-05T15:36:51.039-0400][gc,cpu         ] GC(348) User=0.00s Sys=0.00s Real=0.00s
[2021-01-05T15:36:51.039-0400][gc,marking     ] GC(348) Concurrent Cleanup for Next Mark
[2021-01-05T15:36:51.040-0400][gc,marking     ] GC(348) Concurrent Cleanup for Next Mark 1.045ms
[2021-01-05T15:36:51.041-0400][gc             ] GC(348) Concurrent Cycle 506.159ms
[2021-01-05T15:36:53.317-0400][gc,heap        ] GC(349) Heap before GC invocations=348 (full 3): garbage-first heap   total 79872K, used 64532K [0x0000000083000000, 0x0000000100000000)
[2021-01-05T15:36:53.317-0400][gc,heap        ] GC(349)   region size 1024K, 20 young (20480K), 1 survivors (1024K)
[2021-01-05T15:36:53.317-0400][gc,heap        ] GC(349)  Metaspace       used 42284K, capacity 45533K, committed 45824K, reserved 1089536K
[2021-01-05T15:36:53.317-0400][gc,heap        ] GC(349)   class space    used 4634K, capacity 5867K, committed 5888K, reserved 1048576K
[2021-01-05T15:36:53.317-0400][gc,start       ] GC(349) Pause Young (Normal) (G1 Evacuation Pause)
[2021-01-05T15:36:53.317-0400][gc,task        ] GC(349) Using 4 workers of 4 for evacuation
[2021-01-05T15:36:53.331-0400][gc,phases      ] GC(349)   Pre Evacuate Collection Set: 0.1ms
[2021-01-05T15:36:53.331-0400][gc,phases      ] GC(349)   Evacuate Collection Set: 10.3ms
[2021-01-05T15:36:53.331-0400][gc,phases      ] GC(349)   Post Evacuate Collection Set: 1.8ms
[2021-01-05T15:36:53.331-0400][gc,phases      ] GC(349)   Other: 1.4ms
[2021-01-05T15:36:53.331-0400][gc,heap        ] GC(349) Eden regions: 19->0(18)
[2021-01-05T15:36:53.331-0400][gc,heap        ] GC(349) Survivor regions: 1->2(3)
[2021-01-05T15:36:53.331-0400][gc,heap        ] GC(349) Old regions: 42->42
[2021-01-05T15:36:53.331-0400][gc,heap        ] GC(349) Humongous regions: 4->4
[2021-01-05T15:36:53.331-0400][gc,metaspace   ] GC(349) Metaspace: 42284K->42284K(1089536K)
[2021-01-05T15:36:53.331-0400][gc,heap        ] GC(349) Heap after GC invocations=349 (full 3): garbage-first heap   total 79872K, used 46505K [0x0000000083000000, 0x0000000100000000)
[2021-01-05T15:36:53.331-0400][gc,heap        ] GC(349)   region size 1024K, 2 young (2048K), 2 survivors (2048K)
[2021-01-05T15:36:53.331-0400][gc,heap        ] GC(349)  Metaspace       used 42284K, capacity 45533K, committed 45824K, reserved 1089536K
[2021-01-05T15:36:53.331-0400][gc,heap        ] GC(349)   class space    used 4634K, capacity 5867K, committed 5888K, reserved 1048576K
[2021-01-05T15:36:53.331-0400][gc             ] GC(349) Pause Young (Normal) (G1 Evacuation Pause) 64M->45M(78M) 14.012ms
[2021-01-05T15:36:53.332-0400][gc,cpu         ] GC(349) User=0.04s Sys=0.01s Real=0.01s
[2021-01-05T15:36:53.739-0400][gc,heap        ] GC(350) Heap before GC invocations=349 (full 3): garbage-first heap   total 79872K, used 57769K [0x0000000083000000, 0x0000000100000000)
[2021-01-05T15:36:53.739-0400][gc,heap        ] GC(350)   region size 1024K, 15 young (15360K), 2 survivors (2048K)
[2021-01-05T15:36:53.739-0400][gc,heap        ] GC(350)  Metaspace       used 42285K, capacity 45533K, committed 45824K, reserved 1089536K
[2021-01-05T15:36:53.739-0400][gc,heap        ] GC(350)   class space    used 4634K, capacity 5867K, committed 5888K, reserved 1048576K
[2021-01-05T15:36:53.740-0400][gc,start       ] GC(350) Pause Young (Concurrent Start) (G1 Humongous Allocation)
[2021-01-05T15:36:53.740-0400][gc,task        ] GC(350) Using 4 workers of 4 for evacuation
[2021-01-05T15:36:53.754-0400][gc,phases      ] GC(350)   Pre Evacuate Collection Set: 0.5ms
[2021-01-05T15:36:53.754-0400][gc,phases      ] GC(350)   Evacuate Collection Set: 10.8ms
[2021-01-05T15:36:53.754-0400][gc,phases      ] GC(350)   Post Evacuate Collection Set: 1.7ms
[2021-01-05T15:36:53.754-0400][gc,phases      ] GC(350)   Other: 1.8ms
[2021-01-05T15:36:53.754-0400][gc,heap        ] GC(350) Eden regions: 13->0(18)
[2021-01-05T15:36:53.754-0400][gc,heap        ] GC(350) Survivor regions: 2->2(3)
[2021-01-05T15:36:53.755-0400][gc,heap        ] GC(350) Old regions: 42->42
[2021-01-05T15:36:53.755-0400][gc,heap        ] GC(350) Humongous regions: 4->4
[2021-01-05T15:36:53.755-0400][gc,metaspace   ] GC(350) Metaspace: 42285K->42285K(1089536K)
[2021-01-05T15:36:53.755-0400][gc,heap        ] GC(350) Heap after GC invocations=350 (full 3): garbage-first heap   total 79872K, used 47264K [0x0000000083000000, 0x0000000100000000)
[2021-01-05T15:36:53.755-0400][gc,heap        ] GC(350)   region size 1024K, 2 young (2048K), 2 survivors (2048K)
[2021-01-05T15:36:53.755-0400][gc,heap        ] GC(350)  Metaspace       used 42285K, capacity 45533K, committed 45824K, reserved 1089536K
[2021-01-05T15:36:53.755-0400][gc,heap        ] GC(350)   class space    used 4634K, capacity 5867K, committed 5888K, reserved 1048576K
[2021-01-05T15:36:53.755-0400][gc             ] GC(350) Pause Young (Concurrent Start) (G1 Humongous Allocation) 57M->46M(78M) 15.324ms
[2021-01-05T15:36:53.755-0400][gc,cpu         ] GC(350) User=0.04s Sys=0.01s Real=0.01s
[2021-01-05T15:36:53.755-0400][gc             ] GC(351) Concurrent Cycle
[2021-01-05T15:36:53.756-0400][gc,marking     ] GC(351) Concurrent Clear Claimed Marks
[2021-01-05T15:36:53.756-0400][gc,marking     ] GC(351) Concurrent Clear Claimed Marks 0.589ms
[2021-01-05T15:36:53.756-0400][gc,marking     ] GC(351) Concurrent Scan Root Regions
[2021-01-05T15:36:53.772-0400][gc,marking     ] GC(351) Concurrent Scan Root Regions 15.106ms
[2021-01-05T15:36:53.772-0400][gc,marking     ] GC(351) Concurrent Mark (752.390s)
[2021-01-05T15:36:53.772-0400][gc,marking     ] GC(351) Concurrent Mark From Roots
[2021-01-05T15:36:53.772-0400][gc,task        ] GC(351) Using 1 workers of 1 for marking
[2021-01-05T15:36:54.071-0400][gc,marking     ] GC(351) Concurrent Mark From Roots 299.267ms
[2021-01-05T15:36:54.071-0400][gc,marking     ] GC(351) Concurrent Preclean
[2021-01-05T15:36:54.071-0400][gc,marking     ] GC(351) Concurrent Preclean 0.296ms
[2021-01-05T15:36:54.072-0400][gc,marking     ] GC(351) Concurrent Mark (752.390s, 752.690s) 299.802ms
[2021-01-05T15:36:54.073-0400][gc,start       ] GC(351) Pause Remark
[2021-01-05T15:36:54.103-0400][gc,stringtable ] GC(351) Cleaned string and symbol table, strings: 23515 processed, 0 removed, symbols: 95333 processed, 0 removed
[2021-01-05T15:36:54.104-0400][gc             ] GC(351) Pause Remark 63M->63M(78M) 30.583ms
[2021-01-05T15:36:54.104-0400][gc,cpu         ] GC(351) User=0.12s Sys=0.00s Real=0.03s
[2021-01-05T15:36:54.105-0400][gc,marking     ] GC(351) Concurrent Rebuild Remembered Sets
[2021-01-05T15:36:54.264-0400][gc,marking     ] GC(351) Concurrent Rebuild Remembered Sets 159.471ms
[2021-01-05T15:36:54.265-0400][gc,start       ] GC(351) Pause Cleanup
[2021-01-05T15:36:54.266-0400][gc             ] GC(351) Pause Cleanup 63M->63M(78M) 0.484ms
[2021-01-05T15:36:54.266-0400][gc,cpu         ] GC(351) User=0.00s Sys=0.00s Real=0.01s
[2021-01-05T15:36:54.266-0400][gc,marking     ] GC(351) Concurrent Cleanup for Next Mark
[2021-01-05T15:36:54.267-0400][gc,marking     ] GC(351) Concurrent Cleanup for Next Mark 1.029ms
[2021-01-05T15:36:54.268-0400][gc             ] GC(351) Concurrent Cycle 512.021ms
[2021-01-05T15:36:57.887-0400][gc,heap        ] GC(352) Heap before GC invocations=351 (full 3): garbage-first heap   total 79872K, used 66720K [0x0000000083000000, 0x0000000100000000)
[2021-01-05T15:36:57.887-0400][gc,heap        ] GC(352)   region size 1024K, 20 young (20480K), 2 survivors (2048K)
[2021-01-05T15:36:57.887-0400][gc,heap        ] GC(352)  Metaspace       used 42285K, capacity 45533K, committed 45824K, reserved 1089536K
[2021-01-05T15:36:57.887-0400][gc,heap        ] GC(352)   class space    used 4634K, capacity 5867K, committed 5888K, reserved 1048576K
[2021-01-05T15:36:57.887-0400][gc,start       ] GC(352) Pause Young (Normal) (G1 Evacuation Pause)
[2021-01-05T15:36:57.887-0400][gc,task        ] GC(352) Using 4 workers of 4 for evacuation
[2021-01-05T15:36:57.899-0400][gc,phases      ] GC(352)   Pre Evacuate Collection Set: 0.1ms
[2021-01-05T15:36:57.899-0400][gc,phases      ] GC(352)   Evacuate Collection Set: 8.7ms
[2021-01-05T15:36:57.899-0400][gc,phases      ] GC(352)   Post Evacuate Collection Set: 2.1ms
[2021-01-05T15:36:57.899-0400][gc,phases      ] GC(352)   Other: 1.4ms
[2021-01-05T15:36:57.900-0400][gc,heap        ] GC(352) Eden regions: 18->0(19)
[2021-01-05T15:36:57.900-0400][gc,heap        ] GC(352) Survivor regions: 2->1(3)
[2021-01-05T15:36:57.900-0400][gc,heap        ] GC(352) Old regions: 42->43
[2021-01-05T15:36:57.900-0400][gc,heap        ] GC(352) Humongous regions: 6->4
[2021-01-05T15:36:57.900-0400][gc,metaspace   ] GC(352) Metaspace: 42285K->42285K(1089536K)
[2021-01-05T15:36:57.900-0400][gc,heap        ] GC(352) Heap after GC invocations=352 (full 3): garbage-first heap   total 79872K, used 46205K [0x0000000083000000, 0x0000000100000000)
[2021-01-05T15:36:57.900-0400][gc,heap        ] GC(352)   region size 1024K, 1 young (1024K), 1 survivors (1024K)
[2021-01-05T15:36:57.900-0400][gc,heap        ] GC(352)  Metaspace       used 42285K, capacity 45533K, committed 45824K, reserved 1089536K
[2021-01-05T15:36:57.900-0400][gc,heap        ] GC(352)   class space    used 4634K, capacity 5867K, committed 5888K, reserved 1048576K
[2021-01-05T15:36:57.900-0400][gc             ] GC(352) Pause Young (Normal) (G1 Evacuation Pause) 66M->45M(78M) 12.875ms
[2021-01-05T15:36:57.900-0400][gc,cpu         ] GC(352) User=0.03s Sys=0.00s Real=0.01s
[2021-01-05T15:37:01.201-0400][gc,heap        ] GC(353) Heap before GC invocations=352 (full 3): garbage-first heap   total 79872K, used 64637K [0x0000000083000000, 0x0000000100000000)
[2021-01-05T15:37:01.201-0400][gc,heap        ] GC(353)   region size 1024K, 20 young (20480K), 1 survivors (1024K)
[2021-01-05T15:37:01.201-0400][gc,heap        ] GC(353)  Metaspace       used 42285K, capacity 45533K, committed 45824K, reserved 1089536K
[2021-01-05T15:37:01.201-0400][gc,heap        ] GC(353)   class space    used 4634K, capacity 5867K, committed 5888K, reserved 1048576K
[2021-01-05T15:37:01.201-0400][gc,start       ] GC(353) Pause Young (Concurrent Start) (G1 Evacuation Pause)
[2021-01-05T15:37:01.201-0400][gc,task        ] GC(353) Using 4 workers of 4 for evacuation
[2021-01-05T15:37:01.213-0400][gc,phases      ] GC(353)   Pre Evacuate Collection Set: 0.3ms
[2021-01-05T15:37:01.213-0400][gc,phases      ] GC(353)   Evacuate Collection Set: 8.1ms
[2021-01-05T15:37:01.213-0400][gc,phases      ] GC(353)   Post Evacuate Collection Set: 2.2ms
[2021-01-05T15:37:01.213-0400][gc,phases      ] GC(353)   Other: 1.3ms
[2021-01-05T15:37:01.213-0400][gc,heap        ] GC(353) Eden regions: 19->0(19)
[2021-01-05T15:37:01.213-0400][gc,heap        ] GC(353) Survivor regions: 1->1(3)
[2021-01-05T15:37:01.213-0400][gc,heap        ] GC(353) Old regions: 43->43
[2021-01-05T15:37:01.213-0400][gc,heap        ] GC(353) Humongous regions: 4->4
[2021-01-05T15:37:01.213-0400][gc,metaspace   ] GC(353) Metaspace: 42285K->42285K(1089536K)
[2021-01-05T15:37:01.213-0400][gc,heap        ] GC(353) Heap after GC invocations=353 (full 3): garbage-first heap   total 79872K, used 46551K [0x0000000083000000, 0x0000000100000000)
[2021-01-05T15:37:01.213-0400][gc,heap        ] GC(353)   region size 1024K, 1 young (1024K), 1 survivors (1024K)
[2021-01-05T15:37:01.213-0400][gc,heap        ] GC(353)  Metaspace       used 42285K, capacity 45533K, committed 45824K, reserved 1089536K
[2021-01-05T15:37:01.213-0400][gc,heap        ] GC(353)   class space    used 4634K, capacity 5867K, committed 5888K, reserved 1048576K
[2021-01-05T15:37:01.213-0400][gc             ] GC(353) Pause Young (Concurrent Start) (G1 Evacuation Pause) 64M->45M(78M) 12.353ms
[2021-01-05T15:37:01.214-0400][gc,cpu         ] GC(353) User=0.04s Sys=0.00s Real=0.01s
[2021-01-05T15:37:01.214-0400][gc             ] GC(354) Concurrent Cycle
[2021-01-05T15:37:01.214-0400][gc,marking     ] GC(354) Concurrent Clear Claimed Marks
[2021-01-05T15:37:01.214-0400][gc,marking     ] GC(354) Concurrent Clear Claimed Marks 0.471ms
[2021-01-05T15:37:01.215-0400][gc,marking     ] GC(354) Concurrent Scan Root Regions
[2021-01-05T15:37:01.219-0400][gc,marking     ] GC(354) Concurrent Scan Root Regions 4.675ms
[2021-01-05T15:37:01.219-0400][gc,marking     ] GC(354) Concurrent Mark (759.838s)
[2021-01-05T15:37:01.219-0400][gc,marking     ] GC(354) Concurrent Mark From Roots
[2021-01-05T15:37:01.219-0400][gc,task        ] GC(354) Using 1 workers of 1 for marking
[2021-01-05T15:37:01.521-0400][gc,marking     ] GC(354) Concurrent Mark From Roots 301.588ms
[2021-01-05T15:37:01.521-0400][gc,marking     ] GC(354) Concurrent Preclean
[2021-01-05T15:37:01.521-0400][gc,marking     ] GC(354) Concurrent Preclean 0.304ms
[2021-01-05T15:37:01.521-0400][gc,marking     ] GC(354) Concurrent Mark (759.838s, 760.140s) 302.091ms
[2021-01-05T15:37:01.523-0400][gc,start       ] GC(354) Pause Remark
[2021-01-05T15:37:01.555-0400][gc,stringtable ] GC(354) Cleaned string and symbol table, strings: 23515 processed, 0 removed, symbols: 95333 processed, 0 removed
[2021-01-05T15:37:01.556-0400][gc             ] GC(354) Pause Remark 60M->60M(78M) 33.410ms
[2021-01-05T15:37:01.556-0400][gc,cpu         ] GC(354) User=0.12s Sys=0.00s Real=0.04s
[2021-01-05T15:37:01.557-0400][gc,marking     ] GC(354) Concurrent Rebuild Remembered Sets
[2021-01-05T15:37:01.739-0400][gc,marking     ] GC(354) Concurrent Rebuild Remembered Sets 181.971ms
[2021-01-05T15:37:01.740-0400][gc,start       ] GC(354) Pause Cleanup
[2021-01-05T15:37:01.741-0400][gc             ] GC(354) Pause Cleanup 61M->61M(78M) 0.482ms
[2021-01-05T15:37:01.741-0400][gc,cpu         ] GC(354) User=0.00s Sys=0.00s Real=0.00s
[2021-01-05T15:37:01.741-0400][gc,marking     ] GC(354) Concurrent Cleanup for Next Mark
[2021-01-05T15:37:01.742-0400][gc,marking     ] GC(354) Concurrent Cleanup for Next Mark 0.837ms
[2021-01-05T15:37:01.742-0400][gc             ] GC(354) Concurrent Cycle 528.577ms
[2021-01-05T15:37:03.795-0400][gc,heap        ] GC(355) Heap before GC invocations=354 (full 3): garbage-first heap   total 79872K, used 64983K [0x0000000083000000, 0x0000000100000000)
[2021-01-05T15:37:03.795-0400][gc,heap        ] GC(355)   region size 1024K, 20 young (20480K), 1 survivors (1024K)
[2021-01-05T15:37:03.795-0400][gc,heap        ] GC(355)  Metaspace       used 42285K, capacity 45533K, committed 45824K, reserved 1089536K
[2021-01-05T15:37:03.795-0400][gc,heap        ] GC(355)   class space    used 4634K, capacity 5867K, committed 5888K, reserved 1048576K
[2021-01-05T15:37:03.796-0400][gc,start       ] GC(355) Pause Young (Prepare Mixed) (G1 Evacuation Pause)
[2021-01-05T15:37:03.796-0400][gc,task        ] GC(355) Using 4 workers of 4 for evacuation
[2021-01-05T15:37:03.804-0400][gc,phases      ] GC(355)   Pre Evacuate Collection Set: 0.0ms
[2021-01-05T15:37:03.805-0400][gc,phases      ] GC(355)   Evacuate Collection Set: 6.2ms
[2021-01-05T15:37:03.805-0400][gc,phases      ] GC(355)   Post Evacuate Collection Set: 1.7ms
[2021-01-05T15:37:03.805-0400][gc,phases      ] GC(355)   Other: 1.4ms
[2021-01-05T15:37:03.805-0400][gc,heap        ] GC(355) Eden regions: 19->0(2)
[2021-01-05T15:37:03.805-0400][gc,heap        ] GC(355) Survivor regions: 1->1(3)
[2021-01-05T15:37:03.805-0400][gc,heap        ] GC(355) Old regions: 43->43
[2021-01-05T15:37:03.805-0400][gc,heap        ] GC(355) Humongous regions: 4->4
[2021-01-05T15:37:03.805-0400][gc,metaspace   ] GC(355) Metaspace: 42285K->42285K(1089536K)
[2021-01-05T15:37:03.805-0400][gc,heap        ] GC(355) Heap after GC invocations=355 (full 3): garbage-first heap   total 79872K, used 46558K [0x0000000083000000, 0x0000000100000000)
[2021-01-05T15:37:03.805-0400][gc,heap        ] GC(355)   region size 1024K, 1 young (1024K), 1 survivors (1024K)
[2021-01-05T15:37:03.805-0400][gc,heap        ] GC(355)  Metaspace       used 42285K, capacity 45533K, committed 45824K, reserved 1089536K
[2021-01-05T15:37:03.805-0400][gc,heap        ] GC(355)   class space    used 4634K, capacity 5867K, committed 5888K, reserved 1048576K
[2021-01-05T15:37:03.805-0400][gc             ] GC(355) Pause Young (Prepare Mixed) (G1 Evacuation Pause) 64M->45M(78M) 9.719ms
[2021-01-05T15:37:03.805-0400][gc,cpu         ] GC(355) User=0.03s Sys=0.00s Real=0.01s
[2021-01-05T15:37:03.824-0400][gc,heap        ] GC(356) Heap before GC invocations=355 (full 3): garbage-first heap   total 79872K, used 48606K [0x0000000083000000, 0x0000000100000000)
[2021-01-05T15:37:03.824-0400][gc,heap        ] GC(356)   region size 1024K, 3 young (3072K), 1 survivors (1024K)
[2021-01-05T15:37:03.824-0400][gc,heap        ] GC(356)  Metaspace       used 42285K, capacity 45533K, committed 45824K, reserved 1089536K
[2021-01-05T15:37:03.824-0400][gc,heap        ] GC(356)   class space    used 4634K, capacity 5867K, committed 5888K, reserved 1048576K
[2021-01-05T15:37:03.824-0400][gc,start       ] GC(356) Pause Young (Mixed) (G1 Evacuation Pause)
[2021-01-05T15:37:03.824-0400][gc,task        ] GC(356) Using 4 workers of 4 for evacuation
[2021-01-05T15:37:03.834-0400][gc,phases      ] GC(356)   Pre Evacuate Collection Set: 0.1ms
[2021-01-05T15:37:03.834-0400][gc,phases      ] GC(356)   Evacuate Collection Set: 7.2ms
[2021-01-05T15:37:03.834-0400][gc,phases      ] GC(356)   Post Evacuate Collection Set: 1.4ms
[2021-01-05T15:37:03.834-0400][gc,phases      ] GC(356)   Other: 1.2ms
[2021-01-05T15:37:03.834-0400][gc,heap        ] GC(356) Eden regions: 2->0(18)
[2021-01-05T15:37:03.834-0400][gc,heap        ] GC(356) Survivor regions: 1->1(1)
[2021-01-05T15:37:03.834-0400][gc,heap        ] GC(356) Old regions: 43->43
[2021-01-05T15:37:03.834-0400][gc,heap        ] GC(356) Humongous regions: 4->4
[2021-01-05T15:37:03.834-0400][gc,metaspace   ] GC(356) Metaspace: 42285K->42285K(1089536K)
[2021-01-05T15:37:03.834-0400][gc,heap        ] GC(356) Heap after GC invocations=356 (full 3): garbage-first heap   total 79872K, used 45932K [0x0000000083000000, 0x0000000100000000)
[2021-01-05T15:37:03.834-0400][gc,heap        ] GC(356)   region size 1024K, 1 young (1024K), 1 survivors (1024K)
[2021-01-05T15:37:03.834-0400][gc,heap        ] GC(356)  Metaspace       used 42285K, capacity 45533K, committed 45824K, reserved 1089536K
[2021-01-05T15:37:03.835-0400][gc,heap        ] GC(356)   class space    used 4634K, capacity 5867K, committed 5888K, reserved 1048576K
[2021-01-05T15:37:03.835-0400][gc             ] GC(356) Pause Young (Mixed) (G1 Evacuation Pause) 47M->44M(78M) 10.206ms
[2021-01-05T15:37:03.835-0400][gc,cpu         ] GC(356) User=0.03s Sys=0.00s Real=0.01s
[2021-01-05T15:37:04.447-0400][gc,heap        ] GC(357) Heap before GC invocations=356 (full 3): garbage-first heap   total 79872K, used 61292K [0x0000000083000000, 0x0000000100000000)
[2021-01-05T15:37:04.447-0400][gc,heap        ] GC(357)   region size 1024K, 18 young (18432K), 1 survivors (1024K)
[2021-01-05T15:37:04.447-0400][gc,heap        ] GC(357)  Metaspace       used 42285K, capacity 45533K, committed 45824K, reserved 1089536K
[2021-01-05T15:37:04.447-0400][gc,heap        ] GC(357)   class space    used 4634K, capacity 5867K, committed 5888K, reserved 1048576K
[2021-01-05T15:37:04.448-0400][gc,start       ] GC(357) Pause Young (Concurrent Start) (G1 Humongous Allocation)
[2021-01-05T15:37:04.448-0400][gc,task        ] GC(357) Using 4 workers of 4 for evacuation
[2021-01-05T15:37:04.468-0400][gc,phases      ] GC(357)   Pre Evacuate Collection Set: 0.6ms
[2021-01-05T15:37:04.468-0400][gc,phases      ] GC(357)   Evacuate Collection Set: 16.7ms
[2021-01-05T15:37:04.468-0400][gc,phases      ] GC(357)   Post Evacuate Collection Set: 2.3ms
[2021-01-05T15:37:04.468-0400][gc,phases      ] GC(357)   Other: 1.6ms
[2021-01-05T15:37:04.468-0400][gc,heap        ] GC(357) Eden regions: 17->0(17)
[2021-01-05T15:37:04.469-0400][gc,heap        ] GC(357) Survivor regions: 1->2(3)
[2021-01-05T15:37:04.469-0400][gc,heap        ] GC(357) Old regions: 43->43
[2021-01-05T15:37:04.469-0400][gc,heap        ] GC(357) Humongous regions: 4->4
[2021-01-05T15:37:04.469-0400][gc,metaspace   ] GC(357) Metaspace: 42285K->42285K(1089536K)
[2021-01-05T15:37:04.469-0400][gc,heap        ] GC(357) Heap after GC invocations=357 (full 3): garbage-first heap   total 79872K, used 47132K [0x0000000083000000, 0x0000000100000000)
[2021-01-05T15:37:04.469-0400][gc,heap        ] GC(357)   region size 1024K, 2 young (2048K), 2 survivors (2048K)
[2021-01-05T15:37:04.469-0400][gc,heap        ] GC(357)  Metaspace       used 42285K, capacity 45533K, committed 45824K, reserved 1089536K
[2021-01-05T15:37:04.469-0400][gc,heap        ] GC(357)   class space    used 4634K, capacity 5867K, committed 5888K, reserved 1048576K
[2021-01-05T15:37:04.469-0400][gc             ] GC(357) Pause Young (Concurrent Start) (G1 Humongous Allocation) 60M->46M(78M) 21.498ms
[2021-01-05T15:37:04.469-0400][gc,cpu         ] GC(357) User=0.05s Sys=0.00s Real=0.02s
[2021-01-05T15:37:04.470-0400][gc             ] GC(358) Concurrent Cycle
[2021-01-05T15:37:04.471-0400][gc,marking     ] GC(358) Concurrent Clear Claimed Marks
[2021-01-05T15:37:04.471-0400][gc,marking     ] GC(358) Concurrent Clear Claimed Marks 0.637ms
[2021-01-05T15:37:04.471-0400][gc,marking     ] GC(358) Concurrent Scan Root Regions
[2021-01-05T15:37:04.480-0400][gc,marking     ] GC(358) Concurrent Scan Root Regions 8.721ms
[2021-01-05T15:37:04.480-0400][gc,marking     ] GC(358) Concurrent Mark (763.099s)
[2021-01-05T15:37:04.480-0400][gc,marking     ] GC(358) Concurrent Mark From Roots
[2021-01-05T15:37:04.480-0400][gc,task        ] GC(358) Using 1 workers of 1 for marking
[2021-01-05T15:37:04.852-0400][gc,marking     ] GC(358) Concurrent Mark From Roots 371.811ms
[2021-01-05T15:37:04.852-0400][gc,marking     ] GC(358) Concurrent Preclean
[2021-01-05T15:37:04.853-0400][gc,marking     ] GC(358) Concurrent Preclean 0.309ms
[2021-01-05T15:37:04.853-0400][gc,marking     ] GC(358) Concurrent Mark (763.099s, 763.471s) 372.364ms
[2021-01-05T15:37:04.854-0400][gc,start       ] GC(358) Pause Remark
[2021-01-05T15:37:04.895-0400][gc,stringtable ] GC(358) Cleaned string and symbol table, strings: 23515 processed, 0 removed, symbols: 95333 processed, 0 removed
[2021-01-05T15:37:04.896-0400][gc             ] GC(358) Pause Remark 49M->49M(78M) 41.354ms
[2021-01-05T15:37:04.898-0400][gc,cpu         ] GC(358) User=0.14s Sys=0.01s Real=0.05s
[2021-01-05T15:37:04.899-0400][gc,marking     ] GC(358) Concurrent Rebuild Remembered Sets
[2021-01-05T15:37:05.066-0400][gc,marking     ] GC(358) Concurrent Rebuild Remembered Sets 167.607ms
[2021-01-05T15:37:05.068-0400][gc,start       ] GC(358) Pause Cleanup
[2021-01-05T15:37:05.069-0400][gc             ] GC(358) Pause Cleanup 50M->50M(78M) 0.564ms
[2021-01-05T15:37:05.069-0400][gc,cpu         ] GC(358) User=0.00s Sys=0.00s Real=0.00s
[2021-01-05T15:37:05.070-0400][gc,marking     ] GC(358) Concurrent Cleanup for Next Mark
[2021-01-05T15:37:05.071-0400][gc,marking     ] GC(358) Concurrent Cleanup for Next Mark 1.494ms
[2021-01-05T15:37:05.071-0400][gc             ] GC(358) Concurrent Cycle 601.047ms
[2021-01-05T15:37:13.187-0400][gc,heap        ] GC(359) Heap before GC invocations=358 (full 3): garbage-first heap   total 79872K, used 65564K [0x0000000083000000, 0x0000000100000000)
[2021-01-05T15:37:13.187-0400][gc,heap        ] GC(359)   region size 1024K, 19 young (19456K), 2 survivors (2048K)
[2021-01-05T15:37:13.187-0400][gc,heap        ] GC(359)  Metaspace       used 42289K, capacity 45533K, committed 45824K, reserved 1089536K
[2021-01-05T15:37:13.187-0400][gc,heap        ] GC(359)   class space    used 4634K, capacity 5867K, committed 5888K, reserved 1048576K
[2021-01-05T15:37:13.187-0400][gc,start       ] GC(359) Pause Young (Normal) (G1 Evacuation Pause)
[2021-01-05T15:37:13.187-0400][gc,task        ] GC(359) Using 4 workers of 4 for evacuation
[2021-01-05T15:37:13.197-0400][gc,phases      ] GC(359)   Pre Evacuate Collection Set: 0.0ms
[2021-01-05T15:37:13.197-0400][gc,phases      ] GC(359)   Evacuate Collection Set: 7.4ms
[2021-01-05T15:37:13.197-0400][gc,phases      ] GC(359)   Post Evacuate Collection Set: 1.8ms
[2021-01-05T15:37:13.197-0400][gc,phases      ] GC(359)   Other: 1.3ms
[2021-01-05T15:37:13.197-0400][gc,heap        ] GC(359) Eden regions: 17->0(18)
[2021-01-05T15:37:13.197-0400][gc,heap        ] GC(359) Survivor regions: 2->1(3)
[2021-01-05T15:37:13.197-0400][gc,heap        ] GC(359) Old regions: 43->43
[2021-01-05T15:37:13.197-0400][gc,heap        ] GC(359) Humongous regions: 6->4
[2021-01-05T15:37:13.197-0400][gc,metaspace   ] GC(359) Metaspace: 42289K->42289K(1089536K)
[2021-01-05T15:37:13.198-0400][gc,heap        ] GC(359) Heap after GC invocations=359 (full 3): garbage-first heap   total 79872K, used 46462K [0x0000000083000000, 0x0000000100000000)
[2021-01-05T15:37:13.198-0400][gc,heap        ] GC(359)   region size 1024K, 1 young (1024K), 1 survivors (1024K)
[2021-01-05T15:37:13.198-0400][gc,heap        ] GC(359)  Metaspace       used 42289K, capacity 45533K, committed 45824K, reserved 1089536K
[2021-01-05T15:37:13.198-0400][gc,heap        ] GC(359)   class space    used 4634K, capacity 5867K, committed 5888K, reserved 1048576K
[2021-01-05T15:37:13.198-0400][gc             ] GC(359) Pause Young (Normal) (G1 Evacuation Pause) 65M->45M(78M) 10.810ms
[2021-01-05T15:37:13.199-0400][gc,cpu         ] GC(359) User=0.03s Sys=0.00s Real=0.01s
[2021-01-05T15:37:16.323-0400][gc,heap        ] GC(360) Heap before GC invocations=359 (full 3): garbage-first heap   total 79872K, used 63870K [0x0000000083000000, 0x0000000100000000)
[2021-01-05T15:37:16.323-0400][gc,heap        ] GC(360)   region size 1024K, 19 young (19456K), 1 survivors (1024K)
[2021-01-05T15:37:16.324-0400][gc,heap        ] GC(360)  Metaspace       used 42289K, capacity 45533K, committed 45824K, reserved 1089536K
[2021-01-05T15:37:16.324-0400][gc,heap        ] GC(360)   class space    used 4634K, capacity 5867K, committed 5888K, reserved 1048576K
[2021-01-05T15:37:16.324-0400][gc,start       ] GC(360) Pause Young (Concurrent Start) (G1 Evacuation Pause)
[2021-01-05T15:37:16.324-0400][gc,task        ] GC(360) Using 4 workers of 4 for evacuation
[2021-01-05T15:37:16.337-0400][gc,phases      ] GC(360)   Pre Evacuate Collection Set: 0.7ms
[2021-01-05T15:37:16.337-0400][gc,phases      ] GC(360)   Evacuate Collection Set: 10.1ms
[2021-01-05T15:37:16.338-0400][gc,phases      ] GC(360)   Post Evacuate Collection Set: 1.9ms
[2021-01-05T15:37:16.338-0400][gc,phases      ] GC(360)   Other: 1.3ms
[2021-01-05T15:37:16.338-0400][gc,heap        ] GC(360) Eden regions: 18->0(17)
[2021-01-05T15:37:16.338-0400][gc,heap        ] GC(360) Survivor regions: 1->2(3)
[2021-01-05T15:37:16.338-0400][gc,heap        ] GC(360) Old regions: 43->43
[2021-01-05T15:37:16.338-0400][gc,heap        ] GC(360) Humongous regions: 4->4
[2021-01-05T15:37:16.338-0400][gc,metaspace   ] GC(360) Metaspace: 42289K->42289K(1089536K)
[2021-01-05T15:37:16.338-0400][gc,heap        ] GC(360) Heap after GC invocations=360 (full 3): garbage-first heap   total 79872K, used 47090K [0x0000000083000000, 0x0000000100000000)
[2021-01-05T15:37:16.338-0400][gc,heap        ] GC(360)   region size 1024K, 2 young (2048K), 2 survivors (2048K)
[2021-01-05T15:37:16.338-0400][gc,heap        ] GC(360)  Metaspace       used 42289K, capacity 45533K, committed 45824K, reserved 1089536K
[2021-01-05T15:37:16.338-0400][gc,heap        ] GC(360)   class space    used 4634K, capacity 5867K, committed 5888K, reserved 1048576K
[2021-01-05T15:37:16.338-0400][gc             ] GC(360) Pause Young (Concurrent Start) (G1 Evacuation Pause) 63M->45M(78M) 14.427ms
[2021-01-05T15:37:16.338-0400][gc,cpu         ] GC(360) User=0.03s Sys=0.00s Real=0.02s
[2021-01-05T15:37:16.339-0400][gc             ] GC(361) Concurrent Cycle
[2021-01-05T15:37:16.339-0400][gc,marking     ] GC(361) Concurrent Clear Claimed Marks
[2021-01-05T15:37:16.339-0400][gc,marking     ] GC(361) Concurrent Clear Claimed Marks 0.585ms
[2021-01-05T15:37:16.339-0400][gc,marking     ] GC(361) Concurrent Scan Root Regions
[2021-01-05T15:37:16.349-0400][gc,marking     ] GC(361) Concurrent Scan Root Regions 9.739ms
[2021-01-05T15:37:16.349-0400][gc,marking     ] GC(361) Concurrent Mark (774.968s)
[2021-01-05T15:37:16.349-0400][gc,marking     ] GC(361) Concurrent Mark From Roots
[2021-01-05T15:37:16.349-0400][gc,task        ] GC(361) Using 1 workers of 1 for marking
[2021-01-05T15:37:16.519-0400][gc,heap        ] GC(362) Heap before GC invocations=360 (full 3): garbage-first heap   total 79872K, used 65522K [0x0000000083000000, 0x0000000100000000)
[2021-01-05T15:37:16.519-0400][gc,heap        ] GC(362)   region size 1024K, 19 young (19456K), 2 survivors (2048K)
[2021-01-05T15:37:16.519-0400][gc,heap        ] GC(362)  Metaspace       used 42289K, capacity 45533K, committed 45824K, reserved 1089536K
[2021-01-05T15:37:16.519-0400][gc,heap        ] GC(362)   class space    used 4634K, capacity 5867K, committed 5888K, reserved 1048576K
[2021-01-05T15:37:16.519-0400][gc,start       ] GC(362) Pause Young (Normal) (G1 Evacuation Pause)
[2021-01-05T15:37:16.519-0400][gc,task        ] GC(362) Using 4 workers of 4 for evacuation
[2021-01-05T15:37:16.529-0400][gc,phases      ] GC(362)   Pre Evacuate Collection Set: 0.0ms
[2021-01-05T15:37:16.529-0400][gc,phases      ] GC(362)   Evacuate Collection Set: 6.8ms
[2021-01-05T15:37:16.529-0400][gc,phases      ] GC(362)   Post Evacuate Collection Set: 1.6ms
[2021-01-05T15:37:16.529-0400][gc,phases      ] GC(362)   Other: 1.2ms
[2021-01-05T15:37:16.529-0400][gc,heap        ] GC(362) Eden regions: 17->0(18)
[2021-01-05T15:37:16.529-0400][gc,heap        ] GC(362) Survivor regions: 2->1(3)
[2021-01-05T15:37:16.529-0400][gc,heap        ] GC(362) Old regions: 43->43
[2021-01-05T15:37:16.529-0400][gc,heap        ] GC(362) Humongous regions: 6->4
[2021-01-05T15:37:16.529-0400][gc,metaspace   ] GC(362) Metaspace: 42289K->42289K(1089536K)
[2021-01-05T15:37:16.529-0400][gc,heap        ] GC(362) Heap after GC invocations=361 (full 3): garbage-first heap   total 79872K, used 46538K [0x0000000083000000, 0x0000000100000000)
[2021-01-05T15:37:16.529-0400][gc,heap        ] GC(362)   region size 1024K, 1 young (1024K), 1 survivors (1024K)
[2021-01-05T15:37:16.529-0400][gc,heap        ] GC(362)  Metaspace       used 42289K, capacity 45533K, committed 45824K, reserved 1089536K
[2021-01-05T15:37:16.529-0400][gc,heap        ] GC(362)   class space    used 4634K, capacity 5867K, committed 5888K, reserved 1048576K
[2021-01-05T15:37:16.529-0400][gc             ] GC(362) Pause Young (Normal) (G1 Evacuation Pause) 64M->45M(78M) 10.037ms
[2021-01-05T15:37:16.530-0400][gc,cpu         ] GC(362) User=0.03s Sys=0.00s Real=0.01s
[2021-01-05T15:37:16.666-0400][gc,marking     ] GC(361) Concurrent Mark From Roots 316.640ms
[2021-01-05T15:37:16.666-0400][gc,marking     ] GC(361) Concurrent Preclean
[2021-01-05T15:37:16.667-0400][gc,marking     ] GC(361) Concurrent Preclean 0.356ms
[2021-01-05T15:37:16.667-0400][gc,marking     ] GC(361) Concurrent Mark (774.968s, 775.285s) 317.339ms
[2021-01-05T15:37:16.669-0400][gc,start       ] GC(361) Pause Remark
[2021-01-05T15:37:16.701-0400][gc,stringtable ] GC(361) Cleaned string and symbol table, strings: 23515 processed, 0 removed, symbols: 95333 processed, 0 removed
[2021-01-05T15:37:16.702-0400][gc             ] GC(361) Pause Remark 53M->53M(78M) 33.339ms
[2021-01-05T15:37:16.702-0400][gc,cpu         ] GC(361) User=0.12s Sys=0.00s Real=0.03s
[2021-01-05T15:37:16.703-0400][gc,marking     ] GC(361) Concurrent Rebuild Remembered Sets
[2021-01-05T15:37:16.862-0400][gc,marking     ] GC(361) Concurrent Rebuild Remembered Sets 158.907ms
[2021-01-05T15:37:16.863-0400][gc,start       ] GC(361) Pause Cleanup
[2021-01-05T15:37:16.864-0400][gc             ] GC(361) Pause Cleanup 53M->53M(78M) 0.462ms
[2021-01-05T15:37:16.864-0400][gc,cpu         ] GC(361) User=0.00s Sys=0.00s Real=0.00s
[2021-01-05T15:37:16.864-0400][gc,marking     ] GC(361) Concurrent Cleanup for Next Mark
[2021-01-05T15:37:16.865-0400][gc,marking     ] GC(361) Concurrent Cleanup for Next Mark 0.877ms
[2021-01-05T15:37:16.865-0400][gc             ] GC(361) Concurrent Cycle 526.772ms
[2021-01-05T15:37:23.255-0400][gc,heap        ] GC(363) Heap before GC invocations=362 (full 3): garbage-first heap   total 79872K, used 64970K [0x0000000083000000, 0x0000000100000000)
[2021-01-05T15:37:23.255-0400][gc,heap        ] GC(363)   region size 1024K, 19 young (19456K), 1 survivors (1024K)
[2021-01-05T15:37:23.255-0400][gc,heap        ] GC(363)  Metaspace       used 42297K, capacity 45533K, committed 45824K, reserved 1089536K
[2021-01-05T15:37:23.255-0400][gc,heap        ] GC(363)   class space    used 4634K, capacity 5867K, committed 5888K, reserved 1048576K
[2021-01-05T15:37:23.255-0400][gc,start       ] GC(363) Pause Young (Prepare Mixed) (G1 Evacuation Pause)
[2021-01-05T15:37:23.255-0400][gc,task        ] GC(363) Using 4 workers of 4 for evacuation
[2021-01-05T15:37:23.263-0400][gc,phases      ] GC(363)   Pre Evacuate Collection Set: 0.0ms
[2021-01-05T15:37:23.263-0400][gc,phases      ] GC(363)   Evacuate Collection Set: 5.9ms
[2021-01-05T15:37:23.264-0400][gc,phases      ] GC(363)   Post Evacuate Collection Set: 1.6ms
[2021-01-05T15:37:23.264-0400][gc,phases      ] GC(363)   Other: 1.3ms
[2021-01-05T15:37:23.264-0400][gc,heap        ] GC(363) Eden regions: 18->0(2)
[2021-01-05T15:37:23.264-0400][gc,heap        ] GC(363) Survivor regions: 1->1(3)
[2021-01-05T15:37:23.264-0400][gc,heap        ] GC(363) Old regions: 43->43
[2021-01-05T15:37:23.264-0400][gc,heap        ] GC(363) Humongous regions: 4->4
[2021-01-05T15:37:23.264-0400][gc,metaspace   ] GC(363) Metaspace: 42297K->42297K(1089536K)
[2021-01-05T15:37:23.264-0400][gc,heap        ] GC(363) Heap after GC invocations=363 (full 3): garbage-first heap   total 79872K, used 46488K [0x0000000083000000, 0x0000000100000000)
[2021-01-05T15:37:23.264-0400][gc,heap        ] GC(363)   region size 1024K, 1 young (1024K), 1 survivors (1024K)
[2021-01-05T15:37:23.264-0400][gc,heap        ] GC(363)  Metaspace       used 42297K, capacity 45533K, committed 45824K, reserved 1089536K
[2021-01-05T15:37:23.264-0400][gc,heap        ] GC(363)   class space    used 4634K, capacity 5867K, committed 5888K, reserved 1048576K
[2021-01-05T15:37:23.264-0400][gc             ] GC(363) Pause Young (Prepare Mixed) (G1 Evacuation Pause) 63M->45M(78M) 9.140ms
[2021-01-05T15:37:23.264-0400][gc,cpu         ] GC(363) User=0.03s Sys=0.00s Real=0.01s
[2021-01-05T15:37:23.979-0400][gc,heap        ] GC(364) Heap before GC invocations=363 (full 3): garbage-first heap   total 79872K, used 48536K [0x0000000083000000, 0x0000000100000000)
[2021-01-05T15:37:23.979-0400][gc,heap        ] GC(364)   region size 1024K, 3 young (3072K), 1 survivors (1024K)
[2021-01-05T15:37:23.979-0400][gc,heap        ] GC(364)  Metaspace       used 42297K, capacity 45533K, committed 45824K, reserved 1089536K
[2021-01-05T15:37:23.979-0400][gc,heap        ] GC(364)   class space    used 4634K, capacity 5867K, committed 5888K, reserved 1048576K
[2021-01-05T15:37:23.979-0400][gc,start       ] GC(364) Pause Young (Mixed) (G1 Evacuation Pause)
[2021-01-05T15:37:23.979-0400][gc,task        ] GC(364) Using 4 workers of 4 for evacuation
[2021-01-05T15:37:23.991-0400][gc,phases      ] GC(364)   Pre Evacuate Collection Set: 0.1ms
[2021-01-05T15:37:23.991-0400][gc,phases      ] GC(364)   Evacuate Collection Set: 9.6ms
[2021-01-05T15:37:23.991-0400][gc,phases      ] GC(364)   Post Evacuate Collection Set: 1.5ms
[2021-01-05T15:37:23.991-0400][gc,phases      ] GC(364)   Other: 1.4ms
[2021-01-05T15:37:23.991-0400][gc,heap        ] GC(364) Eden regions: 2->0(19)
[2021-01-05T15:37:23.992-0400][gc,heap        ] GC(364) Survivor regions: 1->1(1)
[2021-01-05T15:37:23.992-0400][gc,heap        ] GC(364) Old regions: 43->42
[2021-01-05T15:37:23.992-0400][gc,heap        ] GC(364) Humongous regions: 4->4
[2021-01-05T15:37:23.992-0400][gc,metaspace   ] GC(364) Metaspace: 42297K->42297K(1089536K)
[2021-01-05T15:37:23.992-0400][gc,heap        ] GC(364) Heap after GC invocations=364 (full 3): garbage-first heap   total 79872K, used 45864K [0x0000000083000000, 0x0000000100000000)
[2021-01-05T15:37:23.992-0400][gc,heap        ] GC(364)   region size 1024K, 1 young (1024K), 1 survivors (1024K)
[2021-01-05T15:37:23.992-0400][gc,heap        ] GC(364)  Metaspace       used 42297K, capacity 45533K, committed 45824K, reserved 1089536K
[2021-01-05T15:37:23.992-0400][gc,heap        ] GC(364)   class space    used 4634K, capacity 5867K, committed 5888K, reserved 1048576K
[2021-01-05T15:37:23.992-0400][gc             ] GC(364) Pause Young (Mixed) (G1 Evacuation Pause) 47M->44M(78M) 12.840ms
[2021-01-05T15:37:23.992-0400][gc,cpu         ] GC(364) User=0.04s Sys=0.00s Real=0.01s
[2021-01-05T15:37:27.342-0400][gc,heap        ] GC(365) Heap before GC invocations=364 (full 3): garbage-first heap   total 79872K, used 64296K [0x0000000083000000, 0x0000000100000000)
[2021-01-05T15:37:27.342-0400][gc,heap        ] GC(365)   region size 1024K, 20 young (20480K), 1 survivors (1024K)
[2021-01-05T15:37:27.342-0400][gc,heap        ] GC(365)  Metaspace       used 42303K, capacity 45533K, committed 45824K, reserved 1089536K
[2021-01-05T15:37:27.342-0400][gc,heap        ] GC(365)   class space    used 4634K, capacity 5867K, committed 5888K, reserved 1048576K
[2021-01-05T15:37:27.342-0400][gc,start       ] GC(365) Pause Young (Concurrent Start) (G1 Evacuation Pause)
[2021-01-05T15:37:27.342-0400][gc,task        ] GC(365) Using 4 workers of 4 for evacuation
[2021-01-05T15:37:27.361-0400][gc,phases      ] GC(365)   Pre Evacuate Collection Set: 0.3ms
[2021-01-05T15:37:27.361-0400][gc,phases      ] GC(365)   Evacuate Collection Set: 15.7ms
[2021-01-05T15:37:27.361-0400][gc,phases      ] GC(365)   Post Evacuate Collection Set: 1.8ms
[2021-01-05T15:37:27.361-0400][gc,phases      ] GC(365)   Other: 1.4ms
[2021-01-05T15:37:27.361-0400][gc,heap        ] GC(365) Eden regions: 19->0(18)
[2021-01-05T15:37:27.361-0400][gc,heap        ] GC(365) Survivor regions: 1->2(3)
[2021-01-05T15:37:27.361-0400][gc,heap        ] GC(365) Old regions: 42->42
[2021-01-05T15:37:27.361-0400][gc,heap        ] GC(365) Humongous regions: 4->4
[2021-01-05T15:37:27.361-0400][gc,metaspace   ] GC(365) Metaspace: 42303K->42303K(1089536K)
[2021-01-05T15:37:27.362-0400][gc,heap        ] GC(365) Heap after GC invocations=365 (full 3): garbage-first heap   total 79872K, used 46469K [0x0000000083000000, 0x0000000100000000)
[2021-01-05T15:37:27.362-0400][gc,heap        ] GC(365)   region size 1024K, 2 young (2048K), 2 survivors (2048K)
[2021-01-05T15:37:27.362-0400][gc,heap        ] GC(365)  Metaspace       used 42303K, capacity 45533K, committed 45824K, reserved 1089536K
[2021-01-05T15:37:27.362-0400][gc,heap        ] GC(365)   class space    used 4634K, capacity 5867K, committed 5888K, reserved 1048576K
[2021-01-05T15:37:27.362-0400][gc             ] GC(365) Pause Young (Concurrent Start) (G1 Evacuation Pause) 63M->45M(78M) 19.618ms
[2021-01-05T15:37:27.362-0400][gc,cpu         ] GC(365) User=0.05s Sys=0.00s Real=0.02s
[2021-01-05T15:37:27.363-0400][gc             ] GC(366) Concurrent Cycle
[2021-01-05T15:37:27.363-0400][gc,marking     ] GC(366) Concurrent Clear Claimed Marks
[2021-01-05T15:37:27.363-0400][gc,marking     ] GC(366) Concurrent Clear Claimed Marks 0.563ms
[2021-01-05T15:37:27.365-0400][gc,marking     ] GC(366) Concurrent Scan Root Regions
[2021-01-05T15:37:27.371-0400][gc,marking     ] GC(366) Concurrent Scan Root Regions 5.792ms
[2021-01-05T15:37:27.371-0400][gc,marking     ] GC(366) Concurrent Mark (785.990s)
[2021-01-05T15:37:27.371-0400][gc,marking     ] GC(366) Concurrent Mark From Roots
[2021-01-05T15:37:27.371-0400][gc,task        ] GC(366) Using 1 workers of 1 for marking
[2021-01-05T15:37:27.658-0400][gc,marking     ] GC(366) Concurrent Mark From Roots 287.183ms
[2021-01-05T15:37:27.659-0400][gc,marking     ] GC(366) Concurrent Preclean
[2021-01-05T15:37:27.659-0400][gc,marking     ] GC(366) Concurrent Preclean 0.344ms
[2021-01-05T15:37:27.659-0400][gc,marking     ] GC(366) Concurrent Mark (785.990s, 786.278s) 287.745ms
[2021-01-05T15:37:27.660-0400][gc,start       ] GC(366) Pause Remark
[2021-01-05T15:37:27.704-0400][gc,stringtable ] GC(366) Cleaned string and symbol table, strings: 23518 processed, 0 removed, symbols: 95333 processed, 0 removed
[2021-01-05T15:37:27.705-0400][gc             ] GC(366) Pause Remark 49M->49M(78M) 44.442ms
[2021-01-05T15:37:27.705-0400][gc,cpu         ] GC(366) User=0.12s Sys=0.00s Real=0.04s
[2021-01-05T15:37:27.705-0400][gc,marking     ] GC(366) Concurrent Rebuild Remembered Sets
[2021-01-05T15:37:27.895-0400][gc,marking     ] GC(366) Concurrent Rebuild Remembered Sets 189.628ms
[2021-01-05T15:37:27.898-0400][gc,start       ] GC(366) Pause Cleanup
[2021-01-05T15:37:27.898-0400][gc             ] GC(366) Pause Cleanup 49M->49M(78M) 0.583ms
[2021-01-05T15:37:27.899-0400][gc,cpu         ] GC(366) User=0.01s Sys=0.00s Real=0.00s
[2021-01-05T15:37:27.899-0400][gc,marking     ] GC(366) Concurrent Cleanup for Next Mark
[2021-01-05T15:37:27.900-0400][gc,marking     ] GC(366) Concurrent Cleanup for Next Mark 1.011ms
[2021-01-05T15:37:27.900-0400][gc             ] GC(366) Concurrent Cycle 537.476ms
[2021-01-05T15:37:29.401-0400][gc,heap        ] GC(367) Heap before GC invocations=366 (full 3): garbage-first heap   total 79872K, used 61829K [0x0000000083000000, 0x0000000100000000)
[2021-01-05T15:37:29.401-0400][gc,heap        ] GC(367)   region size 1024K, 19 young (19456K), 2 survivors (2048K)
[2021-01-05T15:37:29.402-0400][gc,heap        ] GC(367)  Metaspace       used 42306K, capacity 45533K, committed 45824K, reserved 1089536K
[2021-01-05T15:37:29.402-0400][gc,heap        ] GC(367)   class space    used 4634K, capacity 5867K, committed 5888K, reserved 1048576K
[2021-01-05T15:37:29.402-0400][gc,start       ] GC(367) Pause Young (Concurrent Start) (G1 Humongous Allocation)
[2021-01-05T15:37:29.402-0400][gc,task        ] GC(367) Using 4 workers of 4 for evacuation
[2021-01-05T15:37:29.415-0400][gc,phases      ] GC(367)   Pre Evacuate Collection Set: 0.4ms
[2021-01-05T15:37:29.416-0400][gc,phases      ] GC(367)   Evacuate Collection Set: 10.6ms
[2021-01-05T15:37:29.416-0400][gc,phases      ] GC(367)   Post Evacuate Collection Set: 1.7ms
[2021-01-05T15:37:29.416-0400][gc,phases      ] GC(367)   Other: 1.3ms
[2021-01-05T15:37:29.416-0400][gc,heap        ] GC(367) Eden regions: 17->0(18)
[2021-01-05T15:37:29.416-0400][gc,heap        ] GC(367) Survivor regions: 2->2(3)
[2021-01-05T15:37:29.416-0400][gc,heap        ] GC(367) Old regions: 42->42
[2021-01-05T15:37:29.416-0400][gc,heap        ] GC(367) Humongous regions: 4->4
[2021-01-05T15:37:29.416-0400][gc,metaspace   ] GC(367) Metaspace: 42306K->42306K(1089536K)
[2021-01-05T15:37:29.416-0400][gc,heap        ] GC(367) Heap after GC invocations=367 (full 3): garbage-first heap   total 79872K, used 47181K [0x0000000083000000, 0x0000000100000000)
[2021-01-05T15:37:29.416-0400][gc,heap        ] GC(367)   region size 1024K, 2 young (2048K), 2 survivors (2048K)
[2021-01-05T15:37:29.416-0400][gc,heap        ] GC(367)  Metaspace       used 42306K, capacity 45533K, committed 45824K, reserved 1089536K
[2021-01-05T15:37:29.416-0400][gc,heap        ] GC(367)   class space    used 4634K, capacity 5867K, committed 5888K, reserved 1048576K
[2021-01-05T15:37:29.416-0400][gc             ] GC(367) Pause Young (Concurrent Start) (G1 Humongous Allocation) 61M->46M(78M) 14.393ms
[2021-01-05T15:37:29.416-0400][gc,cpu         ] GC(367) User=0.04s Sys=0.01s Real=0.02s
[2021-01-05T15:37:29.417-0400][gc             ] GC(368) Concurrent Cycle
[2021-01-05T15:37:29.417-0400][gc,marking     ] GC(368) Concurrent Clear Claimed Marks
[2021-01-05T15:37:29.418-0400][gc,marking     ] GC(368) Concurrent Clear Claimed Marks 0.764ms
[2021-01-05T15:37:29.418-0400][gc,marking     ] GC(368) Concurrent Scan Root Regions
[2021-01-05T15:37:29.427-0400][gc,marking     ] GC(368) Concurrent Scan Root Regions 9.611ms
[2021-01-05T15:37:29.428-0400][gc,marking     ] GC(368) Concurrent Mark (788.046s)
[2021-01-05T15:37:29.428-0400][gc,marking     ] GC(368) Concurrent Mark From Roots
[2021-01-05T15:37:29.428-0400][gc,task        ] GC(368) Using 1 workers of 1 for marking
[2021-01-05T15:37:29.704-0400][gc,marking     ] GC(368) Concurrent Mark From Roots 276.374ms
[2021-01-05T15:37:29.704-0400][gc,marking     ] GC(368) Concurrent Preclean
[2021-01-05T15:37:29.705-0400][gc,marking     ] GC(368) Concurrent Preclean 0.302ms
[2021-01-05T15:37:29.705-0400][gc,marking     ] GC(368) Concurrent Mark (788.046s, 788.323s) 277.035ms
[2021-01-05T15:37:29.706-0400][gc,start       ] GC(368) Pause Remark
[2021-01-05T15:37:29.738-0400][gc,stringtable ] GC(368) Cleaned string and symbol table, strings: 23518 processed, 0 removed, symbols: 95333 processed, 0 removed
[2021-01-05T15:37:29.739-0400][gc             ] GC(368) Pause Remark 50M->50M(78M) 32.581ms
[2021-01-05T15:37:29.739-0400][gc,cpu         ] GC(368) User=0.11s Sys=0.00s Real=0.03s
[2021-01-05T15:37:29.739-0400][gc,marking     ] GC(368) Concurrent Rebuild Remembered Sets
[2021-01-05T15:37:29.906-0400][gc,marking     ] GC(368) Concurrent Rebuild Remembered Sets 167.044ms
[2021-01-05T15:37:29.908-0400][gc,start       ] GC(368) Pause Cleanup
[2021-01-05T15:37:29.909-0400][gc             ] GC(368) Pause Cleanup 51M->51M(78M) 0.885ms
[2021-01-05T15:37:29.910-0400][gc,cpu         ] GC(368) User=0.00s Sys=0.00s Real=0.00s
[2021-01-05T15:37:29.910-0400][gc,marking     ] GC(368) Concurrent Cleanup for Next Mark
[2021-01-05T15:37:29.912-0400][gc,marking     ] GC(368) Concurrent Cleanup for Next Mark 1.436ms
[2021-01-05T15:37:29.912-0400][gc             ] GC(368) Concurrent Cycle 495.123ms
[2021-01-05T15:37:31.875-0400][gc,heap        ] GC(369) Heap before GC invocations=368 (full 3): garbage-first heap   total 79872K, used 66637K [0x0000000083000000, 0x0000000100000000)
[2021-01-05T15:37:31.876-0400][gc,heap        ] GC(369)   region size 1024K, 20 young (20480K), 2 survivors (2048K)
[2021-01-05T15:37:31.876-0400][gc,heap        ] GC(369)  Metaspace       used 42306K, capacity 45533K, committed 45824K, reserved 1089536K
[2021-01-05T15:37:31.876-0400][gc,heap        ] GC(369)   class space    used 4634K, capacity 5867K, committed 5888K, reserved 1048576K
[2021-01-05T15:37:31.876-0400][gc,start       ] GC(369) Pause Young (Normal) (G1 Evacuation Pause)
[2021-01-05T15:37:31.876-0400][gc,task        ] GC(369) Using 4 workers of 4 for evacuation
[2021-01-05T15:37:31.895-0400][gc,phases      ] GC(369)   Pre Evacuate Collection Set: 0.1ms
[2021-01-05T15:37:31.895-0400][gc,phases      ] GC(369)   Evacuate Collection Set: 10.7ms
[2021-01-05T15:37:31.895-0400][gc,phases      ] GC(369)   Post Evacuate Collection Set: 7.2ms
[2021-01-05T15:37:31.895-0400][gc,phases      ] GC(369)   Other: 1.4ms
[2021-01-05T15:37:31.895-0400][gc,heap        ] GC(369) Eden regions: 18->0(18)
[2021-01-05T15:37:31.895-0400][gc,heap        ] GC(369) Survivor regions: 2->1(3)
[2021-01-05T15:37:31.895-0400][gc,heap        ] GC(369) Old regions: 42->43
[2021-01-05T15:37:31.895-0400][gc,heap        ] GC(369) Humongous regions: 6->4
[2021-01-05T15:37:31.895-0400][gc,metaspace   ] GC(369) Metaspace: 42306K->42306K(1089536K)
[2021-01-05T15:37:31.895-0400][gc,heap        ] GC(369) Heap after GC invocations=369 (full 3): garbage-first heap   total 79872K, used 46533K [0x0000000083000000, 0x0000000100000000)
[2021-01-05T15:37:31.895-0400][gc,heap        ] GC(369)   region size 1024K, 1 young (1024K), 1 survivors (1024K)
[2021-01-05T15:37:31.896-0400][gc,heap        ] GC(369)  Metaspace       used 42306K, capacity 45533K, committed 45824K, reserved 1089536K
[2021-01-05T15:37:31.896-0400][gc,heap        ] GC(369)   class space    used 4634K, capacity 5867K, committed 5888K, reserved 1048576K
[2021-01-05T15:37:31.896-0400][gc             ] GC(369) Pause Young (Normal) (G1 Evacuation Pause) 66M->45M(78M) 19.776ms
[2021-01-05T15:37:31.896-0400][gc,cpu         ] GC(369) User=0.04s Sys=0.00s Real=0.02s
[2021-01-05T15:37:35.725-0400][gc,heap        ] GC(370) Heap before GC invocations=369 (full 3): garbage-first heap   total 79872K, used 63941K [0x0000000083000000, 0x0000000100000000)
[2021-01-05T15:37:35.725-0400][gc,heap        ] GC(370)   region size 1024K, 19 young (19456K), 1 survivors (1024K)
[2021-01-05T15:37:35.725-0400][gc,heap        ] GC(370)  Metaspace       used 42315K, capacity 45533K, committed 45824K, reserved 1089536K
[2021-01-05T15:37:35.725-0400][gc,heap        ] GC(370)   class space    used 4634K, capacity 5867K, committed 5888K, reserved 1048576K
[2021-01-05T15:37:35.725-0400][gc,start       ] GC(370) Pause Young (Concurrent Start) (G1 Evacuation Pause)
[2021-01-05T15:37:35.725-0400][gc,task        ] GC(370) Using 4 workers of 4 for evacuation
[2021-01-05T15:37:35.738-0400][gc,phases      ] GC(370)   Pre Evacuate Collection Set: 0.3ms
[2021-01-05T15:37:35.738-0400][gc,phases      ] GC(370)   Evacuate Collection Set: 9.2ms
[2021-01-05T15:37:35.738-0400][gc,phases      ] GC(370)   Post Evacuate Collection Set: 1.9ms
[2021-01-05T15:37:35.738-0400][gc,phases      ] GC(370)   Other: 1.4ms
[2021-01-05T15:37:35.738-0400][gc,heap        ] GC(370) Eden regions: 18->0(18)
[2021-01-05T15:37:35.738-0400][gc,heap        ] GC(370) Survivor regions: 1->2(3)
[2021-01-05T15:37:35.738-0400][gc,heap        ] GC(370) Old regions: 43->43
[2021-01-05T15:37:35.738-0400][gc,heap        ] GC(370) Humongous regions: 4->4
[2021-01-05T15:37:35.738-0400][gc,metaspace   ] GC(370) Metaspace: 42315K->42315K(1089536K)
[2021-01-05T15:37:35.738-0400][gc,heap        ] GC(370) Heap after GC invocations=370 (full 3): garbage-first heap   total 79872K, used 46762K [0x0000000083000000, 0x0000000100000000)
[2021-01-05T15:37:35.738-0400][gc,heap        ] GC(370)   region size 1024K, 2 young (2048K), 2 survivors (2048K)
[2021-01-05T15:37:35.739-0400][gc,heap        ] GC(370)  Metaspace       used 42315K, capacity 45533K, committed 45824K, reserved 1089536K
[2021-01-05T15:37:35.739-0400][gc,heap        ] GC(370)   class space    used 4634K, capacity 5867K, committed 5888K, reserved 1048576K
[2021-01-05T15:37:35.739-0400][gc             ] GC(370) Pause Young (Concurrent Start) (G1 Evacuation Pause) 63M->45M(78M) 13.315ms
[2021-01-05T15:37:35.739-0400][gc,cpu         ] GC(370) User=0.04s Sys=0.00s Real=0.02s
[2021-01-05T15:37:35.739-0400][gc             ] GC(371) Concurrent Cycle
[2021-01-05T15:37:35.739-0400][gc,marking     ] GC(371) Concurrent Clear Claimed Marks
[2021-01-05T15:37:35.740-0400][gc,marking     ] GC(371) Concurrent Clear Claimed Marks 0.664ms
[2021-01-05T15:37:35.740-0400][gc,marking     ] GC(371) Concurrent Scan Root Regions
[2021-01-05T15:37:35.745-0400][gc,marking     ] GC(371) Concurrent Scan Root Regions 5.440ms
[2021-01-05T15:37:35.746-0400][gc,marking     ] GC(371) Concurrent Mark (794.364s)
[2021-01-05T15:37:35.746-0400][gc,marking     ] GC(371) Concurrent Mark From Roots
[2021-01-05T15:37:35.746-0400][gc,task        ] GC(371) Using 1 workers of 1 for marking
[2021-01-05T15:37:36.023-0400][gc,marking     ] GC(371) Concurrent Mark From Roots 277.713ms
[2021-01-05T15:37:36.023-0400][gc,marking     ] GC(371) Concurrent Preclean
[2021-01-05T15:37:36.024-0400][gc,marking     ] GC(371) Concurrent Preclean 0.335ms
[2021-01-05T15:37:36.024-0400][gc,marking     ] GC(371) Concurrent Mark (794.364s, 794.643s) 278.308ms
[2021-01-05T15:37:36.025-0400][gc,start       ] GC(371) Pause Remark
[2021-01-05T15:37:36.057-0400][gc,stringtable ] GC(371) Cleaned string and symbol table, strings: 23518 processed, 0 removed, symbols: 95333 processed, 0 removed
[2021-01-05T15:37:36.058-0400][gc             ] GC(371) Pause Remark 47M->47M(78M) 32.283ms
[2021-01-05T15:37:36.058-0400][gc,cpu         ] GC(371) User=0.12s Sys=0.00s Real=0.04s
[2021-01-05T15:37:36.058-0400][gc,marking     ] GC(371) Concurrent Rebuild Remembered Sets
[2021-01-05T15:37:36.222-0400][gc,marking     ] GC(371) Concurrent Rebuild Remembered Sets 163.800ms
[2021-01-05T15:37:36.224-0400][gc,start       ] GC(371) Pause Cleanup
[2021-01-05T15:37:36.224-0400][gc             ] GC(371) Pause Cleanup 47M->47M(78M) 0.490ms
[2021-01-05T15:37:36.224-0400][gc,cpu         ] GC(371) User=0.00s Sys=0.00s Real=0.00s
[2021-01-05T15:37:36.225-0400][gc,marking     ] GC(371) Concurrent Cleanup for Next Mark
[2021-01-05T15:37:36.226-0400][gc,marking     ] GC(371) Concurrent Cleanup for Next Mark 1.068ms
[2021-01-05T15:37:36.226-0400][gc             ] GC(371) Concurrent Cycle 486.930ms
[2021-01-05T15:37:38.764-0400][gc,heap        ] GC(372) Heap before GC invocations=371 (full 3): garbage-first heap   total 79872K, used 64170K [0x0000000083000000, 0x0000000100000000)
[2021-01-05T15:37:38.764-0400][gc,heap        ] GC(372)   region size 1024K, 20 young (20480K), 2 survivors (2048K)
[2021-01-05T15:37:38.764-0400][gc,heap        ] GC(372)  Metaspace       used 42319K, capacity 45533K, committed 45824K, reserved 1089536K
[2021-01-05T15:37:38.764-0400][gc,heap        ] GC(372)   class space    used 4634K, capacity 5867K, committed 5888K, reserved 1048576K
[2021-01-05T15:37:38.764-0400][gc,start       ] GC(372) Pause Young (Normal) (G1 Evacuation Pause)
[2021-01-05T15:37:38.764-0400][gc,task        ] GC(372) Using 4 workers of 4 for evacuation
[2021-01-05T15:37:38.778-0400][gc,phases      ] GC(372)   Pre Evacuate Collection Set: 0.1ms
[2021-01-05T15:37:38.778-0400][gc,phases      ] GC(372)   Evacuate Collection Set: 11.0ms
[2021-01-05T15:37:38.778-0400][gc,phases      ] GC(372)   Post Evacuate Collection Set: 1.8ms
[2021-01-05T15:37:38.778-0400][gc,phases      ] GC(372)   Other: 1.5ms
[2021-01-05T15:37:38.778-0400][gc,heap        ] GC(372) Eden regions: 18->0(19)
[2021-01-05T15:37:38.778-0400][gc,heap        ] GC(372) Survivor regions: 2->1(3)
[2021-01-05T15:37:38.778-0400][gc,heap        ] GC(372) Old regions: 43->43
[2021-01-05T15:37:38.778-0400][gc,heap        ] GC(372) Humongous regions: 4->4
[2021-01-05T15:37:38.778-0400][gc,metaspace   ] GC(372) Metaspace: 42319K->42319K(1089536K)
[2021-01-05T15:37:38.778-0400][gc,heap        ] GC(372) Heap after GC invocations=372 (full 3): garbage-first heap   total 79872K, used 46700K [0x0000000083000000, 0x0000000100000000)
[2021-01-05T15:37:38.778-0400][gc,heap        ] GC(372)   region size 1024K, 1 young (1024K), 1 survivors (1024K)
[2021-01-05T15:37:38.779-0400][gc,heap        ] GC(372)  Metaspace       used 42319K, capacity 45533K, committed 45824K, reserved 1089536K
[2021-01-05T15:37:38.779-0400][gc,heap        ] GC(372)   class space    used 4634K, capacity 5867K, committed 5888K, reserved 1048576K
[2021-01-05T15:37:38.779-0400][gc             ] GC(372) Pause Young (Normal) (G1 Evacuation Pause) 63M->45M(78M) 14.632ms
[2021-01-05T15:37:38.779-0400][gc,cpu         ] GC(372) User=0.03s Sys=0.01s Real=0.02s
[2021-01-05T15:37:40.811-0400][gc,heap        ] GC(373) Heap before GC invocations=372 (full 3): garbage-first heap   total 79872K, used 62060K [0x0000000083000000, 0x0000000100000000)
[2021-01-05T15:37:40.812-0400][gc,heap        ] GC(373)   region size 1024K, 18 young (18432K), 1 survivors (1024K)
[2021-01-05T15:37:40.812-0400][gc,heap        ] GC(373)  Metaspace       used 42319K, capacity 45533K, committed 45824K, reserved 1089536K
[2021-01-05T15:37:40.812-0400][gc,heap        ] GC(373)   class space    used 4634K, capacity 5867K, committed 5888K, reserved 1048576K
[2021-01-05T15:37:40.812-0400][gc,start       ] GC(373) Pause Young (Concurrent Start) (G1 Humongous Allocation)
[2021-01-05T15:37:40.812-0400][gc,task        ] GC(373) Using 4 workers of 4 for evacuation
[2021-01-05T15:37:40.825-0400][gc,phases      ] GC(373)   Pre Evacuate Collection Set: 0.4ms
[2021-01-05T15:37:40.825-0400][gc,phases      ] GC(373)   Evacuate Collection Set: 9.8ms
[2021-01-05T15:37:40.825-0400][gc,phases      ] GC(373)   Post Evacuate Collection Set: 1.7ms
[2021-01-05T15:37:40.825-0400][gc,phases      ] GC(373)   Other: 1.4ms
[2021-01-05T15:37:40.825-0400][gc,heap        ] GC(373) Eden regions: 17->0(17)
[2021-01-05T15:37:40.825-0400][gc,heap        ] GC(373) Survivor regions: 1->2(3)
[2021-01-05T15:37:40.825-0400][gc,heap        ] GC(373) Old regions: 43->43
[2021-01-05T15:37:40.825-0400][gc,heap        ] GC(373) Humongous regions: 4->4
[2021-01-05T15:37:40.825-0400][gc,metaspace   ] GC(373) Metaspace: 42319K->42319K(1089536K)
[2021-01-05T15:37:40.825-0400][gc,heap        ] GC(373) Heap after GC invocations=373 (full 3): garbage-first heap   total 79872K, used 47359K [0x0000000083000000, 0x0000000100000000)
[2021-01-05T15:37:40.825-0400][gc,heap        ] GC(373)   region size 1024K, 2 young (2048K), 2 survivors (2048K)
[2021-01-05T15:37:40.825-0400][gc,heap        ] GC(373)  Metaspace       used 42319K, capacity 45533K, committed 45824K, reserved 1089536K
[2021-01-05T15:37:40.825-0400][gc,heap        ] GC(373)   class space    used 4634K, capacity 5867K, committed 5888K, reserved 1048576K
[2021-01-05T15:37:40.826-0400][gc             ] GC(373) Pause Young (Concurrent Start) (G1 Humongous Allocation) 62M->46M(78M) 13.657ms
[2021-01-05T15:37:40.827-0400][gc,cpu         ] GC(373) User=0.04s Sys=0.00s Real=0.02s
[2021-01-05T15:37:40.827-0400][gc             ] GC(374) Concurrent Cycle
[2021-01-05T15:37:40.827-0400][gc,marking     ] GC(374) Concurrent Clear Claimed Marks
[2021-01-05T15:37:40.828-0400][gc,marking     ] GC(374) Concurrent Clear Claimed Marks 0.820ms
[2021-01-05T15:37:40.828-0400][gc,marking     ] GC(374) Concurrent Scan Root Regions
[2021-01-05T15:37:40.839-0400][gc,marking     ] GC(374) Concurrent Scan Root Regions 10.931ms
[2021-01-05T15:37:40.839-0400][gc,marking     ] GC(374) Concurrent Mark (799.458s)
[2021-01-05T15:37:40.839-0400][gc,marking     ] GC(374) Concurrent Mark From Roots
[2021-01-05T15:37:40.839-0400][gc,task        ] GC(374) Using 1 workers of 1 for marking
[2021-01-05T15:37:41.114-0400][gc,marking     ] GC(374) Concurrent Mark From Roots 274.819ms
[2021-01-05T15:37:41.114-0400][gc,marking     ] GC(374) Concurrent Preclean
[2021-01-05T15:37:41.115-0400][gc,marking     ] GC(374) Concurrent Preclean 0.363ms
[2021-01-05T15:37:41.115-0400][gc,marking     ] GC(374) Concurrent Mark (799.458s, 799.733s) 275.414ms
[2021-01-05T15:37:41.116-0400][gc,start       ] GC(374) Pause Remark
[2021-01-05T15:37:41.149-0400][gc,stringtable ] GC(374) Cleaned string and symbol table, strings: 23518 processed, 0 removed, symbols: 95333 processed, 0 removed
[2021-01-05T15:37:41.150-0400][gc             ] GC(374) Pause Remark 51M->51M(78M) 33.614ms
[2021-01-05T15:37:41.150-0400][gc,cpu         ] GC(374) User=0.12s Sys=0.00s Real=0.03s
[2021-01-05T15:37:41.151-0400][gc,marking     ] GC(374) Concurrent Rebuild Remembered Sets
[2021-01-05T15:37:41.317-0400][gc,marking     ] GC(374) Concurrent Rebuild Remembered Sets 166.483ms
[2021-01-05T15:37:41.318-0400][gc,start       ] GC(374) Pause Cleanup
[2021-01-05T15:37:41.319-0400][gc             ] GC(374) Pause Cleanup 52M->52M(78M) 0.527ms
[2021-01-05T15:37:41.319-0400][gc,cpu         ] GC(374) User=0.00s Sys=0.00s Real=0.00s
[2021-01-05T15:37:41.320-0400][gc,marking     ] GC(374) Concurrent Cleanup for Next Mark
[2021-01-05T15:37:41.320-0400][gc,marking     ] GC(374) Concurrent Cleanup for Next Mark 0.887ms
[2021-01-05T15:37:41.321-0400][gc             ] GC(374) Concurrent Cycle 493.412ms
[2021-01-05T15:37:47.275-0400][gc,heap        ] GC(375) Heap before GC invocations=374 (full 3): garbage-first heap   total 79872K, used 65791K [0x0000000083000000, 0x0000000100000000)
[2021-01-05T15:37:47.275-0400][gc,heap        ] GC(375)   region size 1024K, 19 young (19456K), 2 survivors (2048K)
[2021-01-05T15:37:47.275-0400][gc,heap        ] GC(375)  Metaspace       used 42319K, capacity 45533K, committed 45824K, reserved 1089536K
[2021-01-05T15:37:47.275-0400][gc,heap        ] GC(375)   class space    used 4634K, capacity 5867K, committed 5888K, reserved 1048576K
[2021-01-05T15:37:47.275-0400][gc,start       ] GC(375) Pause Young (Normal) (G1 Evacuation Pause)
[2021-01-05T15:37:47.275-0400][gc,task        ] GC(375) Using 4 workers of 4 for evacuation
[2021-01-05T15:37:47.285-0400][gc,phases      ] GC(375)   Pre Evacuate Collection Set: 0.1ms
[2021-01-05T15:37:47.285-0400][gc,phases      ] GC(375)   Evacuate Collection Set: 7.2ms
[2021-01-05T15:37:47.285-0400][gc,phases      ] GC(375)   Post Evacuate Collection Set: 2.0ms
[2021-01-05T15:37:47.286-0400][gc,phases      ] GC(375)   Other: 1.3ms
[2021-01-05T15:37:47.286-0400][gc,heap        ] GC(375) Eden regions: 17->0(18)
[2021-01-05T15:37:47.286-0400][gc,heap        ] GC(375) Survivor regions: 2->1(3)
[2021-01-05T15:37:47.286-0400][gc,heap        ] GC(375) Old regions: 43->43
[2021-01-05T15:37:47.286-0400][gc,heap        ] GC(375) Humongous regions: 6->4
[2021-01-05T15:37:47.286-0400][gc,metaspace   ] GC(375) Metaspace: 42319K->42319K(1089536K)
[2021-01-05T15:37:47.286-0400][gc,heap        ] GC(375) Heap after GC invocations=375 (full 3): garbage-first heap   total 79872K, used 46838K [0x0000000083000000, 0x0000000100000000)
[2021-01-05T15:37:47.286-0400][gc,heap        ] GC(375)   region size 1024K, 1 young (1024K), 1 survivors (1024K)
[2021-01-05T15:37:47.286-0400][gc,heap        ] GC(375)  Metaspace       used 42319K, capacity 45533K, committed 45824K, reserved 1089536K
[2021-01-05T15:37:47.286-0400][gc,heap        ] GC(375)   class space    used 4634K, capacity 5867K, committed 5888K, reserved 1048576K
[2021-01-05T15:37:47.286-0400][gc             ] GC(375) Pause Young (Normal) (G1 Evacuation Pause) 65M->45M(78M) 10.909ms
[2021-01-05T15:37:47.286-0400][gc,cpu         ] GC(375) User=0.03s Sys=0.00s Real=0.02s
[2021-01-05T15:37:50.594-0400][gc,heap        ] GC(376) Heap before GC invocations=375 (full 3): garbage-first heap   total 79872K, used 64246K [0x0000000083000000, 0x0000000100000000)
[2021-01-05T15:37:50.594-0400][gc,heap        ] GC(376)   region size 1024K, 19 young (19456K), 1 survivors (1024K)
[2021-01-05T15:37:50.594-0400][gc,heap        ] GC(376)  Metaspace       used 42339K, capacity 45597K, committed 45824K, reserved 1089536K
[2021-01-05T15:37:50.594-0400][gc,heap        ] GC(376)   class space    used 4634K, capacity 5867K, committed 5888K, reserved 1048576K
[2021-01-05T15:37:50.594-0400][gc,start       ] GC(376) Pause Young (Concurrent Start) (G1 Evacuation Pause)
[2021-01-05T15:37:50.594-0400][gc,task        ] GC(376) Using 4 workers of 4 for evacuation
[2021-01-05T15:37:50.613-0400][gc,phases      ] GC(376)   Pre Evacuate Collection Set: 0.3ms
[2021-01-05T15:37:50.613-0400][gc,phases      ] GC(376)   Evacuate Collection Set: 10.2ms
[2021-01-05T15:37:50.613-0400][gc,phases      ] GC(376)   Post Evacuate Collection Set: 6.8ms
[2021-01-05T15:37:50.613-0400][gc,phases      ] GC(376)   Other: 1.3ms
[2021-01-05T15:37:50.613-0400][gc,heap        ] GC(376) Eden regions: 18->0(17)
[2021-01-05T15:37:50.613-0400][gc,heap        ] GC(376) Survivor regions: 1->2(3)
[2021-01-05T15:37:50.613-0400][gc,heap        ] GC(376) Old regions: 43->43
[2021-01-05T15:37:50.613-0400][gc,heap        ] GC(376) Humongous regions: 4->4
[2021-01-05T15:37:50.613-0400][gc,metaspace   ] GC(376) Metaspace: 42339K->42339K(1089536K)
[2021-01-05T15:37:50.613-0400][gc,heap        ] GC(376) Heap after GC invocations=376 (full 3): garbage-first heap   total 79872K, used 47327K [0x0000000083000000, 0x0000000100000000)
[2021-01-05T15:37:50.613-0400][gc,heap        ] GC(376)   region size 1024K, 2 young (2048K), 2 survivors (2048K)
[2021-01-05T15:37:50.613-0400][gc,heap        ] GC(376)  Metaspace       used 42339K, capacity 45597K, committed 45824K, reserved 1089536K
[2021-01-05T15:37:50.613-0400][gc,heap        ] GC(376)   class space    used 4634K, capacity 5867K, committed 5888K, reserved 1048576K
[2021-01-05T15:37:50.613-0400][gc             ] GC(376) Pause Young (Concurrent Start) (G1 Evacuation Pause) 63M->46M(78M) 19.105ms
[2021-01-05T15:37:50.614-0400][gc,cpu         ] GC(376) User=0.06s Sys=0.00s Real=0.02s
[2021-01-05T15:37:50.614-0400][gc             ] GC(377) Concurrent Cycle
[2021-01-05T15:37:50.614-0400][gc,marking     ] GC(377) Concurrent Clear Claimed Marks
[2021-01-05T15:37:50.616-0400][gc,marking     ] GC(377) Concurrent Clear Claimed Marks 2.270ms
[2021-01-05T15:37:50.616-0400][gc,marking     ] GC(377) Concurrent Scan Root Regions
[2021-01-05T15:37:50.626-0400][gc,marking     ] GC(377) Concurrent Scan Root Regions 9.293ms
[2021-01-05T15:37:50.626-0400][gc,marking     ] GC(377) Concurrent Mark (809.245s)
[2021-01-05T15:37:50.626-0400][gc,marking     ] GC(377) Concurrent Mark From Roots
[2021-01-05T15:37:50.626-0400][gc,task        ] GC(377) Using 1 workers of 1 for marking
[2021-01-05T15:37:50.926-0400][gc,marking     ] GC(377) Concurrent Mark From Roots 299.927ms
[2021-01-05T15:37:50.926-0400][gc,marking     ] GC(377) Concurrent Preclean
[2021-01-05T15:37:50.926-0400][gc,marking     ] GC(377) Concurrent Preclean 0.326ms
[2021-01-05T15:37:50.926-0400][gc,marking     ] GC(377) Concurrent Mark (809.245s, 809.545s) 300.503ms
[2021-01-05T15:37:50.928-0400][gc,start       ] GC(377) Pause Remark
[2021-01-05T15:37:50.969-0400][gc,stringtable ] GC(377) Cleaned string and symbol table, strings: 23518 processed, 0 removed, symbols: 95333 processed, 0 removed
[2021-01-05T15:37:50.970-0400][gc             ] GC(377) Pause Remark 60M->60M(78M) 42.241ms
[2021-01-05T15:37:50.970-0400][gc,cpu         ] GC(377) User=0.12s Sys=0.00s Real=0.04s
[2021-01-05T15:37:50.971-0400][gc,marking     ] GC(377) Concurrent Rebuild Remembered Sets
[2021-01-05T15:37:51.137-0400][gc,marking     ] GC(377) Concurrent Rebuild Remembered Sets 166.212ms
[2021-01-05T15:37:51.140-0400][gc,start       ] GC(377) Pause Cleanup
[2021-01-05T15:37:51.140-0400][gc             ] GC(377) Pause Cleanup 61M->61M(78M) 0.528ms
[2021-01-05T15:37:51.140-0400][gc,cpu         ] GC(377) User=0.00s Sys=0.00s Real=0.00s
[2021-01-05T15:37:51.141-0400][gc,marking     ] GC(377) Concurrent Cleanup for Next Mark
[2021-01-05T15:37:51.142-0400][gc,marking     ] GC(377) Concurrent Cleanup for Next Mark 1.178ms
[2021-01-05T15:37:51.142-0400][gc             ] GC(377) Concurrent Cycle 528.278ms
[2021-01-05T15:37:54.211-0400][gc,heap        ] GC(378) Heap before GC invocations=377 (full 3): garbage-first heap   total 79872K, used 65759K [0x0000000083000000, 0x0000000100000000)
[2021-01-05T15:37:54.211-0400][gc,heap        ] GC(378)   region size 1024K, 19 young (19456K), 2 survivors (2048K)
[2021-01-05T15:37:54.211-0400][gc,heap        ] GC(378)  Metaspace       used 42341K, capacity 45597K, committed 45824K, reserved 1089536K
[2021-01-05T15:37:54.211-0400][gc,heap        ] GC(378)   class space    used 4634K, capacity 5867K, committed 5888K, reserved 1048576K
[2021-01-05T15:37:54.211-0400][gc,start       ] GC(378) Pause Young (Prepare Mixed) (G1 Evacuation Pause)
[2021-01-05T15:37:54.211-0400][gc,task        ] GC(378) Using 4 workers of 4 for evacuation
[2021-01-05T15:37:54.220-0400][gc,phases      ] GC(378)   Pre Evacuate Collection Set: 0.0ms
[2021-01-05T15:37:54.220-0400][gc,phases      ] GC(378)   Evacuate Collection Set: 5.8ms
[2021-01-05T15:37:54.220-0400][gc,phases      ] GC(378)   Post Evacuate Collection Set: 1.6ms
[2021-01-05T15:37:54.220-0400][gc,phases      ] GC(378)   Other: 1.2ms
[2021-01-05T15:37:54.220-0400][gc,heap        ] GC(378) Eden regions: 17->0(2)
[2021-01-05T15:37:54.220-0400][gc,heap        ] GC(378) Survivor regions: 2->1(3)
[2021-01-05T15:37:54.220-0400][gc,heap        ] GC(378) Old regions: 43->43
[2021-01-05T15:37:54.220-0400][gc,heap        ] GC(378) Humongous regions: 6->4
[2021-01-05T15:37:54.220-0400][gc,metaspace   ] GC(378) Metaspace: 42341K->42341K(1089536K)
[2021-01-05T15:37:54.220-0400][gc,heap        ] GC(378) Heap after GC invocations=378 (full 3): garbage-first heap   total 79872K, used 46621K [0x0000000083000000, 0x0000000100000000)
[2021-01-05T15:37:54.220-0400][gc,heap        ] GC(378)   region size 1024K, 1 young (1024K), 1 survivors (1024K)
[2021-01-05T15:37:54.220-0400][gc,heap        ] GC(378)  Metaspace       used 42341K, capacity 45597K, committed 45824K, reserved 1089536K
[2021-01-05T15:37:54.220-0400][gc,heap        ] GC(378)   class space    used 4634K, capacity 5867K, committed 5888K, reserved 1048576K
[2021-01-05T15:37:54.220-0400][gc             ] GC(378) Pause Young (Prepare Mixed) (G1 Evacuation Pause) 65M->45M(78M) 9.087ms
[2021-01-05T15:37:54.221-0400][gc,cpu         ] GC(378) User=0.02s Sys=0.00s Real=0.01s
[2021-01-05T15:37:55.043-0400][gc,heap        ] GC(379) Heap before GC invocations=378 (full 3): garbage-first heap   total 79872K, used 48669K [0x0000000083000000, 0x0000000100000000)
[2021-01-05T15:37:55.043-0400][gc,heap        ] GC(379)   region size 1024K, 3 young (3072K), 1 survivors (1024K)
[2021-01-05T15:37:55.043-0400][gc,heap        ] GC(379)  Metaspace       used 42346K, capacity 45597K, committed 45824K, reserved 1089536K
[2021-01-05T15:37:55.043-0400][gc,heap        ] GC(379)   class space    used 4634K, capacity 5867K, committed 5888K, reserved 1048576K
[2021-01-05T15:37:55.043-0400][gc,start       ] GC(379) Pause Young (Mixed) (G1 Evacuation Pause)
[2021-01-05T15:37:55.043-0400][gc,task        ] GC(379) Using 4 workers of 4 for evacuation
[2021-01-05T15:37:55.053-0400][gc,phases      ] GC(379)   Pre Evacuate Collection Set: 0.1ms
[2021-01-05T15:37:55.053-0400][gc,phases      ] GC(379)   Evacuate Collection Set: 7.0ms
[2021-01-05T15:37:55.053-0400][gc,phases      ] GC(379)   Post Evacuate Collection Set: 1.2ms
[2021-01-05T15:37:55.053-0400][gc,phases      ] GC(379)   Other: 1.2ms
[2021-01-05T15:37:55.053-0400][gc,heap        ] GC(379) Eden regions: 2->0(19)
[2021-01-05T15:37:55.053-0400][gc,heap        ] GC(379) Survivor regions: 1->1(1)
[2021-01-05T15:37:55.053-0400][gc,heap        ] GC(379) Old regions: 43->42
[2021-01-05T15:37:55.053-0400][gc,heap        ] GC(379) Humongous regions: 4->4
[2021-01-05T15:37:55.053-0400][gc,metaspace   ] GC(379) Metaspace: 42346K->42346K(1089536K)
[2021-01-05T15:37:55.053-0400][gc,heap        ] GC(379) Heap after GC invocations=379 (full 3): garbage-first heap   total 79872K, used 45932K [0x0000000083000000, 0x0000000100000000)
[2021-01-05T15:37:55.053-0400][gc,heap        ] GC(379)   region size 1024K, 1 young (1024K), 1 survivors (1024K)
[2021-01-05T15:37:55.053-0400][gc,heap        ] GC(379)  Metaspace       used 42346K, capacity 45597K, committed 45824K, reserved 1089536K
[2021-01-05T15:37:55.053-0400][gc,heap        ] GC(379)   class space    used 4634K, capacity 5867K, committed 5888K, reserved 1048576K
[2021-01-05T15:37:55.053-0400][gc             ] GC(379) Pause Young (Mixed) (G1 Evacuation Pause) 47M->44M(78M) 9.931ms
[2021-01-05T15:37:55.054-0400][gc,cpu         ] GC(379) User=0.03s Sys=0.01s Real=0.01s
[2021-01-05T15:38:00.037-0400][gc,heap        ] GC(380) Heap before GC invocations=379 (full 3): garbage-first heap   total 79872K, used 65388K [0x0000000083000000, 0x0000000100000000)
[2021-01-05T15:38:00.038-0400][gc,heap        ] GC(380)   region size 1024K, 20 young (20480K), 1 survivors (1024K)
[2021-01-05T15:38:00.038-0400][gc,heap        ] GC(380)  Metaspace       used 42346K, capacity 45597K, committed 45824K, reserved 1089536K
[2021-01-05T15:38:00.038-0400][gc,heap        ] GC(380)   class space    used 4634K, capacity 5867K, committed 5888K, reserved 1048576K
[2021-01-05T15:38:00.038-0400][gc,start       ] GC(380) Pause Young (Normal) (G1 Evacuation Pause)
[2021-01-05T15:38:00.038-0400][gc,task        ] GC(380) Using 4 workers of 4 for evacuation
[2021-01-05T15:38:00.052-0400][gc,phases      ] GC(380)   Pre Evacuate Collection Set: 0.0ms
[2021-01-05T15:38:00.052-0400][gc,phases      ] GC(380)   Evacuate Collection Set: 8.0ms
[2021-01-05T15:38:00.052-0400][gc,phases      ] GC(380)   Post Evacuate Collection Set: 5.1ms
[2021-01-05T15:38:00.052-0400][gc,phases      ] GC(380)   Other: 1.3ms
[2021-01-05T15:38:00.052-0400][gc,heap        ] GC(380) Eden regions: 19->0(19)
[2021-01-05T15:38:00.052-0400][gc,heap        ] GC(380) Survivor regions: 1->1(3)
[2021-01-05T15:38:00.052-0400][gc,heap        ] GC(380) Old regions: 42->42
[2021-01-05T15:38:00.052-0400][gc,heap        ] GC(380) Humongous regions: 4->4
[2021-01-05T15:38:00.052-0400][gc,metaspace   ] GC(380) Metaspace: 42346K->42346K(1089536K)
[2021-01-05T15:38:00.052-0400][gc,heap        ] GC(380) Heap after GC invocations=380 (full 3): garbage-first heap   total 79872K, used 46100K [0x0000000083000000, 0x0000000100000000)
[2021-01-05T15:38:00.052-0400][gc,heap        ] GC(380)   region size 1024K, 1 young (1024K), 1 survivors (1024K)
[2021-01-05T15:38:00.052-0400][gc,heap        ] GC(380)  Metaspace       used 42346K, capacity 45597K, committed 45824K, reserved 1089536K
[2021-01-05T15:38:00.053-0400][gc,heap        ] GC(380)   class space    used 4634K, capacity 5867K, committed 5888K, reserved 1048576K
[2021-01-05T15:38:00.053-0400][gc             ] GC(380) Pause Young (Normal) (G1 Evacuation Pause) 63M->45M(78M) 14.786ms
[2021-01-05T15:38:00.053-0400][gc,cpu         ] GC(380) User=0.03s Sys=0.00s Real=0.01s
[2021-01-05T15:38:02.749-0400][gc,heap        ] GC(381) Heap before GC invocations=380 (full 3): garbage-first heap   total 79872K, used 65556K [0x0000000083000000, 0x0000000100000000)
[2021-01-05T15:38:02.749-0400][gc,heap        ] GC(381)   region size 1024K, 20 young (20480K), 1 survivors (1024K)
[2021-01-05T15:38:02.749-0400][gc,heap        ] GC(381)  Metaspace       used 42346K, capacity 45597K, committed 45824K, reserved 1089536K
[2021-01-05T15:38:02.749-0400][gc,heap        ] GC(381)   class space    used 4634K, capacity 5867K, committed 5888K, reserved 1048576K
[2021-01-05T15:38:02.749-0400][gc,start       ] GC(381) Pause Young (Normal) (G1 Evacuation Pause)
[2021-01-05T15:38:02.750-0400][gc,task        ] GC(381) Using 4 workers of 4 for evacuation
[2021-01-05T15:38:02.762-0400][gc,phases      ] GC(381)   Pre Evacuate Collection Set: 0.1ms
[2021-01-05T15:38:02.762-0400][gc,phases      ] GC(381)   Evacuate Collection Set: 9.0ms
[2021-01-05T15:38:02.762-0400][gc,phases      ] GC(381)   Post Evacuate Collection Set: 2.7ms
[2021-01-05T15:38:02.762-0400][gc,phases      ] GC(381)   Other: 1.3ms
[2021-01-05T15:38:02.762-0400][gc,heap        ] GC(381) Eden regions: 19->0(18)
[2021-01-05T15:38:02.762-0400][gc,heap        ] GC(381) Survivor regions: 1->2(3)
[2021-01-05T15:38:02.762-0400][gc,heap        ] GC(381) Old regions: 42->42
[2021-01-05T15:38:02.762-0400][gc,heap        ] GC(381) Humongous regions: 4->4
[2021-01-05T15:38:02.763-0400][gc,metaspace   ] GC(381) Metaspace: 42346K->42346K(1089536K)
[2021-01-05T15:38:02.763-0400][gc,heap        ] GC(381) Heap after GC invocations=381 (full 3): garbage-first heap   total 79872K, used 47044K [0x0000000083000000, 0x0000000100000000)
[2021-01-05T15:38:02.763-0400][gc,heap        ] GC(381)   region size 1024K, 2 young (2048K), 2 survivors (2048K)
[2021-01-05T15:38:02.763-0400][gc,heap        ] GC(381)  Metaspace       used 42346K, capacity 45597K, committed 45824K, reserved 1089536K
[2021-01-05T15:38:02.763-0400][gc,heap        ] GC(381)   class space    used 4634K, capacity 5867K, committed 5888K, reserved 1048576K
[2021-01-05T15:38:02.763-0400][gc             ] GC(381) Pause Young (Normal) (G1 Evacuation Pause) 64M->45M(78M) 13.361ms
[2021-01-05T15:38:02.763-0400][gc,cpu         ] GC(381) User=0.04s Sys=0.01s Real=0.01s
[2021-01-05T15:38:02.838-0400][gc,heap        ] GC(382) Heap before GC invocations=381 (full 3): garbage-first heap   total 79872K, used 62404K [0x0000000083000000, 0x0000000100000000)
[2021-01-05T15:38:02.838-0400][gc,heap        ] GC(382)   region size 1024K, 19 young (19456K), 2 survivors (2048K)
[2021-01-05T15:38:02.838-0400][gc,heap        ] GC(382)  Metaspace       used 42346K, capacity 45597K, committed 45824K, reserved 1089536K
[2021-01-05T15:38:02.838-0400][gc,heap        ] GC(382)   class space    used 4634K, capacity 5867K, committed 5888K, reserved 1048576K
[2021-01-05T15:38:02.839-0400][gc,start       ] GC(382) Pause Young (Concurrent Start) (G1 Humongous Allocation)
[2021-01-05T15:38:02.839-0400][gc,task        ] GC(382) Using 4 workers of 4 for evacuation
[2021-01-05T15:38:02.854-0400][gc,phases      ] GC(382)   Pre Evacuate Collection Set: 0.3ms
[2021-01-05T15:38:02.854-0400][gc,phases      ] GC(382)   Evacuate Collection Set: 11.8ms
[2021-01-05T15:38:02.854-0400][gc,phases      ] GC(382)   Post Evacuate Collection Set: 1.7ms
[2021-01-05T15:38:02.854-0400][gc,phases      ] GC(382)   Other: 1.4ms
[2021-01-05T15:38:02.854-0400][gc,heap        ] GC(382) Eden regions: 17->0(17)
[2021-01-05T15:38:02.854-0400][gc,heap        ] GC(382) Survivor regions: 2->3(3)
[2021-01-05T15:38:02.854-0400][gc,heap        ] GC(382) Old regions: 42->43
[2021-01-05T15:38:02.854-0400][gc,heap        ] GC(382) Humongous regions: 4->4
[2021-01-05T15:38:02.854-0400][gc,metaspace   ] GC(382) Metaspace: 42346K->42346K(1089536K)
[2021-01-05T15:38:02.854-0400][gc,heap        ] GC(382) Heap after GC invocations=382 (full 3): garbage-first heap   total 79872K, used 47655K [0x0000000083000000, 0x0000000100000000)
[2021-01-05T15:38:02.854-0400][gc,heap        ] GC(382)   region size 1024K, 3 young (3072K), 3 survivors (3072K)
[2021-01-05T15:38:02.854-0400][gc,heap        ] GC(382)  Metaspace       used 42346K, capacity 45597K, committed 45824K, reserved 1089536K
[2021-01-05T15:38:02.854-0400][gc,heap        ] GC(382)   class space    used 4634K, capacity 5867K, committed 5888K, reserved 1048576K
[2021-01-05T15:38:02.854-0400][gc             ] GC(382) Pause Young (Concurrent Start) (G1 Humongous Allocation) 62M->46M(78M) 15.640ms
[2021-01-05T15:38:02.854-0400][gc,cpu         ] GC(382) User=0.04s Sys=0.01s Real=0.01s
[2021-01-05T15:38:02.855-0400][gc             ] GC(383) Concurrent Cycle
[2021-01-05T15:38:02.855-0400][gc,marking     ] GC(383) Concurrent Clear Claimed Marks
[2021-01-05T15:38:02.855-0400][gc,marking     ] GC(383) Concurrent Clear Claimed Marks 0.646ms
[2021-01-05T15:38:02.856-0400][gc,marking     ] GC(383) Concurrent Scan Root Regions
[2021-01-05T15:38:02.867-0400][gc,marking     ] GC(383) Concurrent Scan Root Regions 11.108ms
[2021-01-05T15:38:02.867-0400][gc,marking     ] GC(383) Concurrent Mark (821.486s)
[2021-01-05T15:38:02.867-0400][gc,marking     ] GC(383) Concurrent Mark From Roots
[2021-01-05T15:38:02.867-0400][gc,task        ] GC(383) Using 1 workers of 1 for marking
[2021-01-05T15:38:03.137-0400][gc,marking     ] GC(383) Concurrent Mark From Roots 270.158ms
[2021-01-05T15:38:03.137-0400][gc,marking     ] GC(383) Concurrent Preclean
[2021-01-05T15:38:03.138-0400][gc,marking     ] GC(383) Concurrent Preclean 0.307ms
[2021-01-05T15:38:03.138-0400][gc,marking     ] GC(383) Concurrent Mark (821.486s, 821.756s) 270.664ms
[2021-01-05T15:38:03.139-0400][gc,start       ] GC(383) Pause Remark
[2021-01-05T15:38:03.170-0400][gc,stringtable ] GC(383) Cleaned string and symbol table, strings: 23518 processed, 0 removed, symbols: 95333 processed, 0 removed
[2021-01-05T15:38:03.170-0400][gc             ] GC(383) Pause Remark 51M->51M(78M) 31.513ms
[2021-01-05T15:38:03.171-0400][gc,cpu         ] GC(383) User=0.11s Sys=0.01s Real=0.03s
[2021-01-05T15:38:03.171-0400][gc,marking     ] GC(383) Concurrent Rebuild Remembered Sets
[2021-01-05T15:38:03.330-0400][gc,marking     ] GC(383) Concurrent Rebuild Remembered Sets 159.307ms
[2021-01-05T15:38:03.332-0400][gc,start       ] GC(383) Pause Cleanup
[2021-01-05T15:38:03.332-0400][gc             ] GC(383) Pause Cleanup 51M->51M(78M) 0.585ms
[2021-01-05T15:38:03.333-0400][gc,cpu         ] GC(383) User=0.00s Sys=0.00s Real=0.00s
[2021-01-05T15:38:03.333-0400][gc,marking     ] GC(383) Concurrent Cleanup for Next Mark
[2021-01-05T15:38:03.334-0400][gc,marking     ] GC(383) Concurrent Cleanup for Next Mark 0.984ms
[2021-01-05T15:38:03.334-0400][gc             ] GC(383) Concurrent Cycle 479.328ms
[2021-01-05T15:38:09.692-0400][gc,heap        ] GC(384) Heap before GC invocations=383 (full 3): garbage-first heap   total 79872K, used 66087K [0x0000000083000000, 0x0000000100000000)
[2021-01-05T15:38:09.692-0400][gc,heap        ] GC(384)   region size 1024K, 20 young (20480K), 3 survivors (3072K)
[2021-01-05T15:38:09.692-0400][gc,heap        ] GC(384)  Metaspace       used 42352K, capacity 45597K, committed 45824K, reserved 1089536K
[2021-01-05T15:38:09.692-0400][gc,heap        ] GC(384)   class space    used 4634K, capacity 5867K, committed 5888K, reserved 1048576K
[2021-01-05T15:38:09.692-0400][gc,start       ] GC(384) Pause Young (Normal) (G1 Evacuation Pause)
[2021-01-05T15:38:09.692-0400][gc,task        ] GC(384) Using 4 workers of 4 for evacuation
[2021-01-05T15:38:09.701-0400][gc,phases      ] GC(384)   Pre Evacuate Collection Set: 0.0ms
[2021-01-05T15:38:09.701-0400][gc,phases      ] GC(384)   Evacuate Collection Set: 6.2ms
[2021-01-05T15:38:09.701-0400][gc,phases      ] GC(384)   Post Evacuate Collection Set: 1.6ms
[2021-01-05T15:38:09.701-0400][gc,phases      ] GC(384)   Other: 1.2ms
[2021-01-05T15:38:09.701-0400][gc,heap        ] GC(384) Eden regions: 17->0(19)
[2021-01-05T15:38:09.701-0400][gc,heap        ] GC(384) Survivor regions: 3->1(3)
[2021-01-05T15:38:09.701-0400][gc,heap        ] GC(384) Old regions: 43->43
[2021-01-05T15:38:09.701-0400][gc,heap        ] GC(384) Humongous regions: 6->4
[2021-01-05T15:38:09.701-0400][gc,metaspace   ] GC(384) Metaspace: 42352K->42352K(1089536K)
[2021-01-05T15:38:09.702-0400][gc,heap        ] GC(384) Heap after GC invocations=384 (full 3): garbage-first heap   total 79872K, used 46265K [0x0000000083000000, 0x0000000100000000)
[2021-01-05T15:38:09.702-0400][gc,heap        ] GC(384)   region size 1024K, 1 young (1024K), 1 survivors (1024K)
[2021-01-05T15:38:09.702-0400][gc,heap        ] GC(384)  Metaspace       used 42352K, capacity 45597K, committed 45824K, reserved 1089536K
[2021-01-05T15:38:09.702-0400][gc,heap        ] GC(384)   class space    used 4634K, capacity 5867K, committed 5888K, reserved 1048576K
[2021-01-05T15:38:09.702-0400][gc             ] GC(384) Pause Young (Normal) (G1 Evacuation Pause) 65M->45M(78M) 9.383ms
[2021-01-05T15:38:09.702-0400][gc,cpu         ] GC(384) User=0.02s Sys=0.00s Real=0.01s
[2021-01-05T15:38:11.671-0400][gc,heap        ] GC(385) Heap before GC invocations=384 (full 3): garbage-first heap   total 79872K, used 58553K [0x0000000083000000, 0x0000000100000000)
[2021-01-05T15:38:11.671-0400][gc,heap        ] GC(385)   region size 1024K, 15 young (15360K), 1 survivors (1024K)
[2021-01-05T15:38:11.671-0400][gc,heap        ] GC(385)  Metaspace       used 42354K, capacity 45599K, committed 45824K, reserved 1089536K
[2021-01-05T15:38:11.671-0400][gc,heap        ] GC(385)   class space    used 4634K, capacity 5867K, committed 5888K, reserved 1048576K
[2021-01-05T15:38:11.671-0400][gc,start       ] GC(385) Pause Young (Concurrent Start) (G1 Humongous Allocation)
[2021-01-05T15:38:11.671-0400][gc,task        ] GC(385) Using 4 workers of 4 for evacuation
[2021-01-05T15:38:11.684-0400][gc,phases      ] GC(385)   Pre Evacuate Collection Set: 0.4ms
[2021-01-05T15:38:11.684-0400][gc,phases      ] GC(385)   Evacuate Collection Set: 9.9ms
[2021-01-05T15:38:11.684-0400][gc,phases      ] GC(385)   Post Evacuate Collection Set: 1.6ms
[2021-01-05T15:38:11.684-0400][gc,phases      ] GC(385)   Other: 1.4ms
[2021-01-05T15:38:11.684-0400][gc,heap        ] GC(385) Eden regions: 14->0(17)
[2021-01-05T15:38:11.684-0400][gc,heap        ] GC(385) Survivor regions: 1->2(3)
[2021-01-05T15:38:11.685-0400][gc,heap        ] GC(385) Old regions: 43->43
[2021-01-05T15:38:11.685-0400][gc,heap        ] GC(385) Humongous regions: 4->4
[2021-01-05T15:38:11.685-0400][gc,metaspace   ] GC(385) Metaspace: 42354K->42354K(1089536K)
[2021-01-05T15:38:11.685-0400][gc,heap        ] GC(385) Heap after GC invocations=385 (full 3): garbage-first heap   total 79872K, used 47282K [0x0000000083000000, 0x0000000100000000)
[2021-01-05T15:38:11.685-0400][gc,heap        ] GC(385)   region size 1024K, 2 young (2048K), 2 survivors (2048K)
[2021-01-05T15:38:11.685-0400][gc,heap        ] GC(385)  Metaspace       used 42354K, capacity 45599K, committed 45824K, reserved 1089536K
[2021-01-05T15:38:11.685-0400][gc,heap        ] GC(385)   class space    used 4634K, capacity 5867K, committed 5888K, reserved 1048576K
[2021-01-05T15:38:11.685-0400][gc             ] GC(385) Pause Young (Concurrent Start) (G1 Humongous Allocation) 58M->46M(78M) 13.621ms
[2021-01-05T15:38:11.685-0400][gc,cpu         ] GC(385) User=0.04s Sys=0.00s Real=0.01s
[2021-01-05T15:38:11.685-0400][gc             ] GC(386) Concurrent Cycle
[2021-01-05T15:38:11.685-0400][gc,marking     ] GC(386) Concurrent Clear Claimed Marks
[2021-01-05T15:38:11.686-0400][gc,marking     ] GC(386) Concurrent Clear Claimed Marks 0.701ms
[2021-01-05T15:38:11.686-0400][gc,marking     ] GC(386) Concurrent Scan Root Regions
[2021-01-05T15:38:11.695-0400][gc,marking     ] GC(386) Concurrent Scan Root Regions 8.264ms
[2021-01-05T15:38:11.695-0400][gc,marking     ] GC(386) Concurrent Mark (830.314s)
[2021-01-05T15:38:11.695-0400][gc,marking     ] GC(386) Concurrent Mark From Roots
[2021-01-05T15:38:11.695-0400][gc,task        ] GC(386) Using 1 workers of 1 for marking
[2021-01-05T15:38:11.975-0400][gc,marking     ] GC(386) Concurrent Mark From Roots 280.301ms
[2021-01-05T15:38:11.975-0400][gc,marking     ] GC(386) Concurrent Preclean
[2021-01-05T15:38:11.976-0400][gc,marking     ] GC(386) Concurrent Preclean 0.306ms
[2021-01-05T15:38:11.976-0400][gc,marking     ] GC(386) Concurrent Mark (830.314s, 830.594s) 280.852ms
[2021-01-05T15:38:11.977-0400][gc,start       ] GC(386) Pause Remark
[2021-01-05T15:38:12.008-0400][gc,stringtable ] GC(386) Cleaned string and symbol table, strings: 23518 processed, 0 removed, symbols: 95333 processed, 0 removed
[2021-01-05T15:38:12.009-0400][gc             ] GC(386) Pause Remark 51M->51M(78M) 31.735ms
[2021-01-05T15:38:12.009-0400][gc,cpu         ] GC(386) User=0.12s Sys=0.00s Real=0.03s
[2021-01-05T15:38:12.009-0400][gc,marking     ] GC(386) Concurrent Rebuild Remembered Sets
[2021-01-05T15:38:12.175-0400][gc,marking     ] GC(386) Concurrent Rebuild Remembered Sets 165.630ms
[2021-01-05T15:38:12.176-0400][gc,start       ] GC(386) Pause Cleanup
[2021-01-05T15:38:12.177-0400][gc             ] GC(386) Pause Cleanup 52M->52M(78M) 0.499ms
[2021-01-05T15:38:12.177-0400][gc,cpu         ] GC(386) User=0.00s Sys=0.00s Real=0.00s
[2021-01-05T15:38:12.177-0400][gc,marking     ] GC(386) Concurrent Cleanup for Next Mark
[2021-01-05T15:38:12.178-0400][gc,marking     ] GC(386) Concurrent Cleanup for Next Mark 1.125ms
[2021-01-05T15:38:12.178-0400][gc             ] GC(386) Concurrent Cycle 493.136ms
[2021-01-05T15:38:12.892-0400][gc,heap        ] GC(387) Heap before GC invocations=386 (full 3): garbage-first heap   total 79872K, used 65714K [0x0000000083000000, 0x0000000100000000)
[2021-01-05T15:38:12.892-0400][gc,heap        ] GC(387)   region size 1024K, 19 young (19456K), 2 survivors (2048K)
[2021-01-05T15:38:12.892-0400][gc,heap        ] GC(387)  Metaspace       used 42355K, capacity 45599K, committed 45824K, reserved 1089536K
[2021-01-05T15:38:12.892-0400][gc,heap        ] GC(387)   class space    used 4634K, capacity 5867K, committed 5888K, reserved 1048576K
[2021-01-05T15:38:12.892-0400][gc,start       ] GC(387) Pause Young (Prepare Mixed) (G1 Evacuation Pause)
[2021-01-05T15:38:12.892-0400][gc,task        ] GC(387) Using 4 workers of 4 for evacuation
[2021-01-05T15:38:12.902-0400][gc,phases      ] GC(387)   Pre Evacuate Collection Set: 0.0ms
[2021-01-05T15:38:12.902-0400][gc,phases      ] GC(387)   Evacuate Collection Set: 7.2ms
[2021-01-05T15:38:12.902-0400][gc,phases      ] GC(387)   Post Evacuate Collection Set: 1.7ms
[2021-01-05T15:38:12.902-0400][gc,phases      ] GC(387)   Other: 1.2ms
[2021-01-05T15:38:12.902-0400][gc,heap        ] GC(387) Eden regions: 17->0(2)
[2021-01-05T15:38:12.902-0400][gc,heap        ] GC(387) Survivor regions: 2->1(3)
[2021-01-05T15:38:12.902-0400][gc,heap        ] GC(387) Old regions: 43->43
[2021-01-05T15:38:12.902-0400][gc,heap        ] GC(387) Humongous regions: 6->4
[2021-01-05T15:38:12.902-0400][gc,metaspace   ] GC(387) Metaspace: 42355K->42355K(1089536K)
[2021-01-05T15:38:12.902-0400][gc,heap        ] GC(387) Heap after GC invocations=387 (full 3): garbage-first heap   total 79872K, used 46695K [0x0000000083000000, 0x0000000100000000)
[2021-01-05T15:38:12.902-0400][gc,heap        ] GC(387)   region size 1024K, 1 young (1024K), 1 survivors (1024K)
[2021-01-05T15:38:12.902-0400][gc,heap        ] GC(387)  Metaspace       used 42355K, capacity 45599K, committed 45824K, reserved 1089536K
[2021-01-05T15:38:12.903-0400][gc,heap        ] GC(387)   class space    used 4634K, capacity 5867K, committed 5888K, reserved 1048576K
[2021-01-05T15:38:12.903-0400][gc             ] GC(387) Pause Young (Prepare Mixed) (G1 Evacuation Pause) 65M->45M(78M) 10.560ms
[2021-01-05T15:38:12.903-0400][gc,cpu         ] GC(387) User=0.03s Sys=0.00s Real=0.01s
[2021-01-05T15:38:13.385-0400][gc,heap        ] GC(388) Heap before GC invocations=387 (full 3): garbage-first heap   total 79872K, used 48743K [0x0000000083000000, 0x0000000100000000)
[2021-01-05T15:38:13.385-0400][gc,heap        ] GC(388)   region size 1024K, 3 young (3072K), 1 survivors (1024K)
[2021-01-05T15:38:13.385-0400][gc,heap        ] GC(388)  Metaspace       used 42355K, capacity 45599K, committed 45824K, reserved 1089536K
[2021-01-05T15:38:13.385-0400][gc,heap        ] GC(388)   class space    used 4634K, capacity 5867K, committed 5888K, reserved 1048576K
[2021-01-05T15:38:13.385-0400][gc,start       ] GC(388) Pause Young (Mixed) (G1 Evacuation Pause)
[2021-01-05T15:38:13.385-0400][gc,task        ] GC(388) Using 4 workers of 4 for evacuation
[2021-01-05T15:38:13.393-0400][gc,phases      ] GC(388)   Pre Evacuate Collection Set: 0.1ms
[2021-01-05T15:38:13.393-0400][gc,phases      ] GC(388)   Evacuate Collection Set: 5.6ms
[2021-01-05T15:38:13.393-0400][gc,phases      ] GC(388)   Post Evacuate Collection Set: 1.4ms
[2021-01-05T15:38:13.394-0400][gc,phases      ] GC(388)   Other: 1.3ms
[2021-01-05T15:38:13.394-0400][gc,heap        ] GC(388) Eden regions: 2->0(19)
[2021-01-05T15:38:13.394-0400][gc,heap        ] GC(388) Survivor regions: 1->1(1)
[2021-01-05T15:38:13.394-0400][gc,heap        ] GC(388) Old regions: 43->42
[2021-01-05T15:38:13.394-0400][gc,heap        ] GC(388) Humongous regions: 4->4
[2021-01-05T15:38:13.394-0400][gc,metaspace   ] GC(388) Metaspace: 42355K->42355K(1089536K)
[2021-01-05T15:38:13.394-0400][gc,heap        ] GC(388) Heap after GC invocations=388 (full 3): garbage-first heap   total 79872K, used 45370K [0x0000000083000000, 0x0000000100000000)
[2021-01-05T15:38:13.394-0400][gc,heap        ] GC(388)   region size 1024K, 1 young (1024K), 1 survivors (1024K)
[2021-01-05T15:38:13.394-0400][gc,heap        ] GC(388)  Metaspace       used 42355K, capacity 45599K, committed 45824K, reserved 1089536K
[2021-01-05T15:38:13.394-0400][gc,heap        ] GC(388)   class space    used 4634K, capacity 5867K, committed 5888K, reserved 1048576K
[2021-01-05T15:38:13.394-0400][gc             ] GC(388) Pause Young (Mixed) (G1 Evacuation Pause) 47M->44M(78M) 8.736ms
[2021-01-05T15:38:13.394-0400][gc,cpu         ] GC(388) User=0.02s Sys=0.01s Real=0.01s
[2021-01-05T15:38:20.095-0400][gc,heap        ] GC(389) Heap before GC invocations=388 (full 3): garbage-first heap   total 79872K, used 63802K [0x0000000083000000, 0x0000000100000000)
[2021-01-05T15:38:20.096-0400][gc,heap        ] GC(389)   region size 1024K, 20 young (20480K), 1 survivors (1024K)
[2021-01-05T15:38:20.096-0400][gc,heap        ] GC(389)  Metaspace       used 42355K, capacity 45599K, committed 45824K, reserved 1089536K
[2021-01-05T15:38:20.096-0400][gc,heap        ] GC(389)   class space    used 4634K, capacity 5867K, committed 5888K, reserved 1048576K
[2021-01-05T15:38:20.096-0400][gc,start       ] GC(389) Pause Young (Normal) (G1 Evacuation Pause)
[2021-01-05T15:38:20.096-0400][gc,task        ] GC(389) Using 4 workers of 4 for evacuation
[2021-01-05T15:38:20.115-0400][gc,phases      ] GC(389)   Pre Evacuate Collection Set: 0.0ms
[2021-01-05T15:38:20.115-0400][gc,phases      ] GC(389)   Evacuate Collection Set: 15.4ms
[2021-01-05T15:38:20.115-0400][gc,phases      ] GC(389)   Post Evacuate Collection Set: 3.0ms
[2021-01-05T15:38:20.115-0400][gc,phases      ] GC(389)   Other: 1.2ms
[2021-01-05T15:38:20.115-0400][gc,heap        ] GC(389) Eden regions: 19->0(20)
[2021-01-05T15:38:20.116-0400][gc,heap        ] GC(389) Survivor regions: 1->1(3)
[2021-01-05T15:38:20.116-0400][gc,heap        ] GC(389) Old regions: 42->42
[2021-01-05T15:38:20.116-0400][gc,heap        ] GC(389) Humongous regions: 4->4
[2021-01-05T15:38:20.116-0400][gc,metaspace   ] GC(389) Metaspace: 42355K->42355K(1089536K)
[2021-01-05T15:38:20.116-0400][gc,heap        ] GC(389) Heap after GC invocations=389 (full 3): garbage-first heap   total 79872K, used 45618K [0x0000000083000000, 0x0000000100000000)
[2021-01-05T15:38:20.116-0400][gc,heap        ] GC(389)   region size 1024K, 1 young (1024K), 1 survivors (1024K)
[2021-01-05T15:38:20.116-0400][gc,heap        ] GC(389)  Metaspace       used 42355K, capacity 45599K, committed 45824K, reserved 1089536K
[2021-01-05T15:38:20.116-0400][gc,heap        ] GC(389)   class space    used 4634K, capacity 5867K, committed 5888K, reserved 1048576K
[2021-01-05T15:38:20.116-0400][gc             ] GC(389) Pause Young (Normal) (G1 Evacuation Pause) 63M->44M(78M) 20.392ms
[2021-01-05T15:38:20.116-0400][gc,cpu         ] GC(389) User=0.06s Sys=0.01s Real=0.02s
[2021-01-05T15:38:23.733-0400][gc,heap        ] GC(390) Heap before GC invocations=389 (full 3): garbage-first heap   total 79872K, used 60978K [0x0000000083000000, 0x0000000100000000)
[2021-01-05T15:38:23.733-0400][gc,heap        ] GC(390)   region size 1024K, 18 young (18432K), 1 survivors (1024K)
[2021-01-05T15:38:23.733-0400][gc,heap        ] GC(390)  Metaspace       used 42359K, capacity 45602K, committed 45824K, reserved 1089536K
[2021-01-05T15:38:23.733-0400][gc,heap        ] GC(390)   class space    used 4635K, capacity 5868K, committed 5888K, reserved 1048576K
[2021-01-05T15:38:23.733-0400][gc,start       ] GC(390) Pause Young (Concurrent Start) (G1 Humongous Allocation)
[2021-01-05T15:38:23.733-0400][gc,task        ] GC(390) Using 4 workers of 4 for evacuation
[2021-01-05T15:38:23.750-0400][gc,phases      ] GC(390)   Pre Evacuate Collection Set: 0.4ms
[2021-01-05T15:38:23.750-0400][gc,phases      ] GC(390)   Evacuate Collection Set: 13.0ms
[2021-01-05T15:38:23.750-0400][gc,phases      ] GC(390)   Post Evacuate Collection Set: 2.1ms
[2021-01-05T15:38:23.750-0400][gc,phases      ] GC(390)   Other: 1.4ms
[2021-01-05T15:38:23.750-0400][gc,heap        ] GC(390) Eden regions: 17->0(18)
[2021-01-05T15:38:23.750-0400][gc,heap        ] GC(390) Survivor regions: 1->2(3)
[2021-01-05T15:38:23.750-0400][gc,heap        ] GC(390) Old regions: 42->42
[2021-01-05T15:38:23.750-0400][gc,heap        ] GC(390) Humongous regions: 4->4
[2021-01-05T15:38:23.750-0400][gc,metaspace   ] GC(390) Metaspace: 42359K->42359K(1089536K)
[2021-01-05T15:38:23.750-0400][gc,heap        ] GC(390) Heap after GC invocations=390 (full 3): garbage-first heap   total 79872K, used 46722K [0x0000000083000000, 0x0000000100000000)
[2021-01-05T15:38:23.750-0400][gc,heap        ] GC(390)   region size 1024K, 2 young (2048K), 2 survivors (2048K)
[2021-01-05T15:38:23.750-0400][gc,heap        ] GC(390)  Metaspace       used 42359K, capacity 45602K, committed 45824K, reserved 1089536K
[2021-01-05T15:38:23.750-0400][gc,heap        ] GC(390)   class space    used 4635K, capacity 5868K, committed 5888K, reserved 1048576K
[2021-01-05T15:38:23.750-0400][gc             ] GC(390) Pause Young (Concurrent Start) (G1 Humongous Allocation) 60M->45M(78M) 17.096ms
[2021-01-05T15:38:23.751-0400][gc,cpu         ] GC(390) User=0.04s Sys=0.00s Real=0.02s
[2021-01-05T15:38:23.751-0400][gc             ] GC(391) Concurrent Cycle
[2021-01-05T15:38:23.751-0400][gc,marking     ] GC(391) Concurrent Clear Claimed Marks
[2021-01-05T15:38:23.751-0400][gc,marking     ] GC(391) Concurrent Clear Claimed Marks 0.453ms
[2021-01-05T15:38:23.751-0400][gc,marking     ] GC(391) Concurrent Scan Root Regions
[2021-01-05T15:38:23.761-0400][gc,marking     ] GC(391) Concurrent Scan Root Regions 9.296ms
[2021-01-05T15:38:23.761-0400][gc,marking     ] GC(391) Concurrent Mark (842.380s)
[2021-01-05T15:38:23.761-0400][gc,marking     ] GC(391) Concurrent Mark From Roots
[2021-01-05T15:38:23.761-0400][gc,task        ] GC(391) Using 1 workers of 1 for marking
[2021-01-05T15:38:24.061-0400][gc,marking     ] GC(391) Concurrent Mark From Roots 300.201ms
[2021-01-05T15:38:24.061-0400][gc,marking     ] GC(391) Concurrent Preclean
[2021-01-05T15:38:24.062-0400][gc,marking     ] GC(391) Concurrent Preclean 0.304ms
[2021-01-05T15:38:24.062-0400][gc,marking     ] GC(391) Concurrent Mark (842.380s, 842.680s) 300.807ms
[2021-01-05T15:38:24.063-0400][gc,start       ] GC(391) Pause Remark
[2021-01-05T15:38:24.097-0400][gc,stringtable ] GC(391) Cleaned string and symbol table, strings: 23528 processed, 0 removed, symbols: 95335 processed, 0 removed
[2021-01-05T15:38:24.098-0400][gc             ] GC(391) Pause Remark 62M->62M(78M) 35.006ms
[2021-01-05T15:38:24.099-0400][gc,cpu         ] GC(391) User=0.12s Sys=0.00s Real=0.04s
[2021-01-05T15:38:24.099-0400][gc,marking     ] GC(391) Concurrent Rebuild Remembered Sets
[2021-01-05T15:38:24.255-0400][gc,marking     ] GC(391) Concurrent Rebuild Remembered Sets 156.179ms
[2021-01-05T15:38:24.257-0400][gc,start       ] GC(391) Pause Cleanup
[2021-01-05T15:38:24.257-0400][gc             ] GC(391) Pause Cleanup 62M->62M(78M) 0.485ms
[2021-01-05T15:38:24.257-0400][gc,cpu         ] GC(391) User=0.00s Sys=0.00s Real=0.00s
[2021-01-05T15:38:24.258-0400][gc,marking     ] GC(391) Concurrent Cleanup for Next Mark
[2021-01-05T15:38:24.259-0400][gc,marking     ] GC(391) Concurrent Cleanup for Next Mark 0.910ms
[2021-01-05T15:38:24.259-0400][gc             ] GC(391) Concurrent Cycle 507.889ms
[2021-01-05T15:38:28.346-0400][gc,heap        ] GC(392) Heap before GC invocations=391 (full 3): garbage-first heap   total 79872K, used 66178K [0x0000000083000000, 0x0000000100000000)
[2021-01-05T15:38:28.346-0400][gc,heap        ] GC(392)   region size 1024K, 20 young (20480K), 2 survivors (2048K)
[2021-01-05T15:38:28.346-0400][gc,heap        ] GC(392)  Metaspace       used 42359K, capacity 45602K, committed 45824K, reserved 1089536K
[2021-01-05T15:38:28.346-0400][gc,heap        ] GC(392)   class space    used 4635K, capacity 5868K, committed 5888K, reserved 1048576K
[2021-01-05T15:38:28.346-0400][gc,start       ] GC(392) Pause Young (Normal) (G1 Evacuation Pause)
[2021-01-05T15:38:28.346-0400][gc,task        ] GC(392) Using 4 workers of 4 for evacuation
[2021-01-05T15:38:28.353-0400][gc,phases      ] GC(392)   Pre Evacuate Collection Set: 0.0ms
[2021-01-05T15:38:28.353-0400][gc,phases      ] GC(392)   Evacuate Collection Set: 4.6ms
[2021-01-05T15:38:28.353-0400][gc,phases      ] GC(392)   Post Evacuate Collection Set: 1.7ms
[2021-01-05T15:38:28.353-0400][gc,phases      ] GC(392)   Other: 1.1ms
[2021-01-05T15:38:28.353-0400][gc,heap        ] GC(392) Eden regions: 18->0(20)
[2021-01-05T15:38:28.353-0400][gc,heap        ] GC(392) Survivor regions: 2->1(3)
[2021-01-05T15:38:28.353-0400][gc,heap        ] GC(392) Old regions: 42->42
[2021-01-05T15:38:28.353-0400][gc,heap        ] GC(392) Humongous regions: 6->4
[2021-01-05T15:38:28.353-0400][gc,metaspace   ] GC(392) Metaspace: 42359K->42359K(1089536K)
[2021-01-05T15:38:28.354-0400][gc,heap        ] GC(392) Heap after GC invocations=392 (full 3): garbage-first heap   total 79872K, used 45577K [0x0000000083000000, 0x0000000100000000)
[2021-01-05T15:38:28.354-0400][gc,heap        ] GC(392)   region size 1024K, 1 young (1024K), 1 survivors (1024K)
[2021-01-05T15:38:28.354-0400][gc,heap        ] GC(392)  Metaspace       used 42359K, capacity 45602K, committed 45824K, reserved 1089536K
[2021-01-05T15:38:28.354-0400][gc,heap        ] GC(392)   class space    used 4635K, capacity 5868K, committed 5888K, reserved 1048576K
[2021-01-05T15:38:28.354-0400][gc             ] GC(392) Pause Young (Normal) (G1 Evacuation Pause) 65M->44M(78M) 7.816ms
[2021-01-05T15:38:28.354-0400][gc,cpu         ] GC(392) User=0.02s Sys=0.00s Real=0.00s
[2021-01-05T15:38:33.472-0400][gc,heap        ] GC(393) Heap before GC invocations=392 (full 3): garbage-first heap   total 79872K, used 65033K [0x0000000083000000, 0x0000000100000000)
[2021-01-05T15:38:33.472-0400][gc,heap        ] GC(393)   region size 1024K, 21 young (21504K), 1 survivors (1024K)
[2021-01-05T15:38:33.472-0400][gc,heap        ] GC(393)  Metaspace       used 42359K, capacity 45602K, committed 45824K, reserved 1089536K
[2021-01-05T15:38:33.472-0400][gc,heap        ] GC(393)   class space    used 4635K, capacity 5868K, committed 5888K, reserved 1048576K
[2021-01-05T15:38:33.472-0400][gc,start       ] GC(393) Pause Young (Concurrent Start) (G1 Evacuation Pause)
[2021-01-05T15:38:33.472-0400][gc,task        ] GC(393) Using 4 workers of 4 for evacuation
[2021-01-05T15:38:33.486-0400][gc,phases      ] GC(393)   Pre Evacuate Collection Set: 0.4ms
[2021-01-05T15:38:33.486-0400][gc,phases      ] GC(393)   Evacuate Collection Set: 8.2ms
[2021-01-05T15:38:33.486-0400][gc,phases      ] GC(393)   Post Evacuate Collection Set: 4.4ms
[2021-01-05T15:38:33.487-0400][gc,phases      ] GC(393)   Other: 1.8ms
[2021-01-05T15:38:33.487-0400][gc,heap        ] GC(393) Eden regions: 20->0(19)
[2021-01-05T15:38:33.487-0400][gc,heap        ] GC(393) Survivor regions: 1->2(3)
[2021-01-05T15:38:33.487-0400][gc,heap        ] GC(393) Old regions: 42->42
[2021-01-05T15:38:33.487-0400][gc,heap        ] GC(393) Humongous regions: 4->4
[2021-01-05T15:38:33.487-0400][gc,metaspace   ] GC(393) Metaspace: 42359K->42359K(1089536K)
[2021-01-05T15:38:33.487-0400][gc,heap        ] GC(393) Heap after GC invocations=393 (full 3): garbage-first heap   total 79872K, used 46398K [0x0000000083000000, 0x0000000100000000)
[2021-01-05T15:38:33.487-0400][gc,heap        ] GC(393)   region size 1024K, 2 young (2048K), 2 survivors (2048K)
[2021-01-05T15:38:33.487-0400][gc,heap        ] GC(393)  Metaspace       used 42359K, capacity 45602K, committed 45824K, reserved 1089536K
[2021-01-05T15:38:33.487-0400][gc,heap        ] GC(393)   class space    used 4635K, capacity 5868K, committed 5888K, reserved 1048576K
[2021-01-05T15:38:33.487-0400][gc             ] GC(393) Pause Young (Concurrent Start) (G1 Evacuation Pause) 64M->45M(78M) 15.125ms
[2021-01-05T15:38:33.488-0400][gc,cpu         ] GC(393) User=0.05s Sys=0.00s Real=0.02s
[2021-01-05T15:38:33.488-0400][gc             ] GC(394) Concurrent Cycle
[2021-01-05T15:38:33.488-0400][gc,marking     ] GC(394) Concurrent Clear Claimed Marks
[2021-01-05T15:38:33.489-0400][gc,marking     ] GC(394) Concurrent Clear Claimed Marks 0.564ms
[2021-01-05T15:38:33.489-0400][gc,marking     ] GC(394) Concurrent Scan Root Regions
[2021-01-05T15:38:33.497-0400][gc,marking     ] GC(394) Concurrent Scan Root Regions 8.337ms
[2021-01-05T15:38:33.497-0400][gc,marking     ] GC(394) Concurrent Mark (852.116s)
[2021-01-05T15:38:33.497-0400][gc,marking     ] GC(394) Concurrent Mark From Roots
[2021-01-05T15:38:33.497-0400][gc,task        ] GC(394) Using 1 workers of 1 for marking
[2021-01-05T15:38:33.804-0400][gc,marking     ] GC(394) Concurrent Mark From Roots 306.458ms
[2021-01-05T15:38:33.804-0400][gc,marking     ] GC(394) Concurrent Preclean
[2021-01-05T15:38:33.804-0400][gc,marking     ] GC(394) Concurrent Preclean 0.300ms
[2021-01-05T15:38:33.804-0400][gc,marking     ] GC(394) Concurrent Mark (852.116s, 852.423s) 306.981ms
[2021-01-05T15:38:33.805-0400][gc,start       ] GC(394) Pause Remark
[2021-01-05T15:38:33.836-0400][gc,stringtable ] GC(394) Cleaned string and symbol table, strings: 23536 processed, 0 removed, symbols: 95335 processed, 0 removed
[2021-01-05T15:38:33.837-0400][gc             ] GC(394) Pause Remark 58M->58M(78M) 31.736ms
[2021-01-05T15:38:33.837-0400][gc,cpu         ] GC(394) User=0.11s Sys=0.00s Real=0.04s
[2021-01-05T15:38:33.838-0400][gc,marking     ] GC(394) Concurrent Rebuild Remembered Sets
[2021-01-05T15:38:33.993-0400][gc,marking     ] GC(394) Concurrent Rebuild Remembered Sets 154.738ms
[2021-01-05T15:38:33.994-0400][gc,start       ] GC(394) Pause Cleanup
[2021-01-05T15:38:33.994-0400][gc             ] GC(394) Pause Cleanup 58M->58M(78M) 0.500ms
[2021-01-05T15:38:33.995-0400][gc,cpu         ] GC(394) User=0.00s Sys=0.00s Real=0.00s
[2021-01-05T15:38:33.995-0400][gc,marking     ] GC(394) Concurrent Cleanup for Next Mark
[2021-01-05T15:38:33.996-0400][gc,marking     ] GC(394) Concurrent Cleanup for Next Mark 0.901ms
[2021-01-05T15:38:33.996-0400][gc             ] GC(394) Concurrent Cycle 508.023ms
[2021-01-05T15:38:38.763-0400][gc,heap        ] GC(395) Heap before GC invocations=394 (full 3): garbage-first heap   total 79872K, used 66878K [0x0000000083000000, 0x0000000100000000)
[2021-01-05T15:38:38.763-0400][gc,heap        ] GC(395)   region size 1024K, 21 young (21504K), 2 survivors (2048K)
[2021-01-05T15:38:38.763-0400][gc,heap        ] GC(395)  Metaspace       used 42359K, capacity 45602K, committed 45824K, reserved 1089536K
[2021-01-05T15:38:38.763-0400][gc,heap        ] GC(395)   class space    used 4635K, capacity 5868K, committed 5888K, reserved 1048576K
[2021-01-05T15:38:38.763-0400][gc,start       ] GC(395) Pause Young (Normal) (G1 Evacuation Pause)
[2021-01-05T15:38:38.763-0400][gc,task        ] GC(395) Using 4 workers of 4 for evacuation
[2021-01-05T15:38:38.771-0400][gc,phases      ] GC(395)   Pre Evacuate Collection Set: 0.0ms
[2021-01-05T15:38:38.771-0400][gc,phases      ] GC(395)   Evacuate Collection Set: 5.8ms
[2021-01-05T15:38:38.771-0400][gc,phases      ] GC(395)   Post Evacuate Collection Set: 1.5ms
[2021-01-05T15:38:38.771-0400][gc,phases      ] GC(395)   Other: 1.1ms
[2021-01-05T15:38:38.771-0400][gc,heap        ] GC(395) Eden regions: 19->0(20)
[2021-01-05T15:38:38.771-0400][gc,heap        ] GC(395) Survivor regions: 2->1(3)
[2021-01-05T15:38:38.771-0400][gc,heap        ] GC(395) Old regions: 42->42
[2021-01-05T15:38:38.771-0400][gc,heap        ] GC(395) Humongous regions: 6->4
[2021-01-05T15:38:38.771-0400][gc,metaspace   ] GC(395) Metaspace: 42359K->42359K(1089536K)
[2021-01-05T15:38:38.771-0400][gc,heap        ] GC(395) Heap after GC invocations=395 (full 3): garbage-first heap   total 79872K, used 45908K [0x0000000083000000, 0x0000000100000000)
[2021-01-05T15:38:38.772-0400][gc,heap        ] GC(395)   region size 1024K, 1 young (1024K), 1 survivors (1024K)
[2021-01-05T15:38:38.772-0400][gc,heap        ] GC(395)  Metaspace       used 42359K, capacity 45602K, committed 45824K, reserved 1089536K
[2021-01-05T15:38:38.772-0400][gc,heap        ] GC(395)   class space    used 4635K, capacity 5868K, committed 5888K, reserved 1048576K
[2021-01-05T15:38:38.772-0400][gc             ] GC(395) Pause Young (Normal) (G1 Evacuation Pause) 66M->44M(78M) 8.839ms
[2021-01-05T15:38:38.772-0400][gc,cpu         ] GC(395) User=0.03s Sys=0.00s Real=0.01s
[2021-01-05T15:38:43.783-0400][gc,heap        ] GC(396) Heap before GC invocations=395 (full 3): garbage-first heap   total 79872K, used 65364K [0x0000000083000000, 0x0000000100000000)
[2021-01-05T15:38:43.784-0400][gc,heap        ] GC(396)   region size 1024K, 21 young (21504K), 1 survivors (1024K)
[2021-01-05T15:38:43.784-0400][gc,heap        ] GC(396)  Metaspace       used 42359K, capacity 45602K, committed 45824K, reserved 1089536K
[2021-01-05T15:38:43.784-0400][gc,heap        ] GC(396)   class space    used 4635K, capacity 5868K, committed 5888K, reserved 1048576K
[2021-01-05T15:38:43.784-0400][gc,start       ] GC(396) Pause Young (Concurrent Start) (G1 Evacuation Pause)
[2021-01-05T15:38:43.784-0400][gc,task        ] GC(396) Using 4 workers of 4 for evacuation
[2021-01-05T15:38:43.796-0400][gc,phases      ] GC(396)   Pre Evacuate Collection Set: 0.4ms
[2021-01-05T15:38:43.796-0400][gc,phases      ] GC(396)   Evacuate Collection Set: 9.3ms
[2021-01-05T15:38:43.796-0400][gc,phases      ] GC(396)   Post Evacuate Collection Set: 1.4ms
[2021-01-05T15:38:43.796-0400][gc,phases      ] GC(396)   Other: 1.3ms
[2021-01-05T15:38:43.796-0400][gc,heap        ] GC(396) Eden regions: 20->0(20)
[2021-01-05T15:38:43.796-0400][gc,heap        ] GC(396) Survivor regions: 1->1(3)
[2021-01-05T15:38:43.796-0400][gc,heap        ] GC(396) Old regions: 42->42
[2021-01-05T15:38:43.796-0400][gc,heap        ] GC(396) Humongous regions: 4->4
[2021-01-05T15:38:43.796-0400][gc,metaspace   ] GC(396) Metaspace: 42359K->42359K(1089536K)
[2021-01-05T15:38:43.796-0400][gc,heap        ] GC(396) Heap after GC invocations=396 (full 3): garbage-first heap   total 79872K, used 46212K [0x0000000083000000, 0x0000000100000000)
[2021-01-05T15:38:43.796-0400][gc,heap        ] GC(396)   region size 1024K, 1 young (1024K), 1 survivors (1024K)
[2021-01-05T15:38:43.797-0400][gc,heap        ] GC(396)  Metaspace       used 42359K, capacity 45602K, committed 45824K, reserved 1089536K
[2021-01-05T15:38:43.797-0400][gc,heap        ] GC(396)   class space    used 4635K, capacity 5868K, committed 5888K, reserved 1048576K
[2021-01-05T15:38:43.797-0400][gc             ] GC(396) Pause Young (Concurrent Start) (G1 Evacuation Pause) 64M->45M(78M) 12.801ms
[2021-01-05T15:38:43.797-0400][gc,cpu         ] GC(396) User=0.03s Sys=0.00s Real=0.02s
[2021-01-05T15:38:43.797-0400][gc             ] GC(397) Concurrent Cycle
[2021-01-05T15:38:43.797-0400][gc,marking     ] GC(397) Concurrent Clear Claimed Marks
[2021-01-05T15:38:43.798-0400][gc,marking     ] GC(397) Concurrent Clear Claimed Marks 0.438ms
[2021-01-05T15:38:43.798-0400][gc,marking     ] GC(397) Concurrent Scan Root Regions
[2021-01-05T15:38:43.805-0400][gc,marking     ] GC(397) Concurrent Scan Root Regions 7.184ms
[2021-01-05T15:38:43.805-0400][gc,marking     ] GC(397) Concurrent Mark (862.424s)
[2021-01-05T15:38:43.805-0400][gc,marking     ] GC(397) Concurrent Mark From Roots
[2021-01-05T15:38:43.805-0400][gc,task        ] GC(397) Using 1 workers of 1 for marking
[2021-01-05T15:38:44.115-0400][gc,marking     ] GC(397) Concurrent Mark From Roots 310.332ms
[2021-01-05T15:38:44.116-0400][gc,marking     ] GC(397) Concurrent Preclean
[2021-01-05T15:38:44.116-0400][gc,marking     ] GC(397) Concurrent Preclean 0.431ms
[2021-01-05T15:38:44.116-0400][gc,marking     ] GC(397) Concurrent Mark (862.424s, 862.735s) 310.992ms
[2021-01-05T15:38:44.117-0400][gc,start       ] GC(397) Pause Remark
[2021-01-05T15:38:44.150-0400][gc,stringtable ] GC(397) Cleaned string and symbol table, strings: 23536 processed, 0 removed, symbols: 95335 processed, 0 removed
[2021-01-05T15:38:44.151-0400][gc             ] GC(397) Pause Remark 60M->60M(78M) 33.405ms
[2021-01-05T15:38:44.151-0400][gc,cpu         ] GC(397) User=0.11s Sys=0.01s Real=0.03s
[2021-01-05T15:38:44.151-0400][gc,marking     ] GC(397) Concurrent Rebuild Remembered Sets
[2021-01-05T15:38:44.314-0400][gc,marking     ] GC(397) Concurrent Rebuild Remembered Sets 162.737ms
[2021-01-05T15:38:44.315-0400][gc,start       ] GC(397) Pause Cleanup
[2021-01-05T15:38:44.316-0400][gc             ] GC(397) Pause Cleanup 61M->61M(78M) 0.533ms
[2021-01-05T15:38:44.316-0400][gc,cpu         ] GC(397) User=0.00s Sys=0.00s Real=0.01s
[2021-01-05T15:38:44.316-0400][gc,marking     ] GC(397) Concurrent Cleanup for Next Mark
[2021-01-05T15:38:44.317-0400][gc,marking     ] GC(397) Concurrent Cleanup for Next Mark 1.098ms
[2021-01-05T15:38:44.318-0400][gc             ] GC(397) Concurrent Cycle 520.556ms
[2021-01-05T15:38:46.962-0400][gc,heap        ] GC(398) Heap before GC invocations=397 (full 3): garbage-first heap   total 79872K, used 67716K [0x0000000083000000, 0x0000000100000000)
[2021-01-05T15:38:46.962-0400][gc,heap        ] GC(398)   region size 1024K, 21 young (21504K), 1 survivors (1024K)
[2021-01-05T15:38:46.962-0400][gc,heap        ] GC(398)  Metaspace       used 42360K, capacity 45602K, committed 45824K, reserved 1089536K
[2021-01-05T15:38:46.962-0400][gc,heap        ] GC(398)   class space    used 4635K, capacity 5868K, committed 5888K, reserved 1048576K
[2021-01-05T15:38:46.962-0400][gc,start       ] GC(398) Pause Young (Normal) (G1 Evacuation Pause)
[2021-01-05T15:38:46.962-0400][gc,task        ] GC(398) Using 4 workers of 4 for evacuation
[2021-01-05T15:38:46.971-0400][gc,phases      ] GC(398)   Pre Evacuate Collection Set: 0.0ms
[2021-01-05T15:38:46.971-0400][gc,phases      ] GC(398)   Evacuate Collection Set: 7.0ms
[2021-01-05T15:38:46.972-0400][gc,phases      ] GC(398)   Post Evacuate Collection Set: 1.7ms
[2021-01-05T15:38:46.972-0400][gc,phases      ] GC(398)   Other: 1.1ms
[2021-01-05T15:38:46.972-0400][gc,heap        ] GC(398) Eden regions: 20->0(20)
[2021-01-05T15:38:46.972-0400][gc,heap        ] GC(398) Survivor regions: 1->1(3)
[2021-01-05T15:38:46.972-0400][gc,heap        ] GC(398) Old regions: 42->42
[2021-01-05T15:38:46.972-0400][gc,heap        ] GC(398) Humongous regions: 6->4
[2021-01-05T15:38:46.972-0400][gc,metaspace   ] GC(398) Metaspace: 42360K->42360K(1089536K)
[2021-01-05T15:38:46.972-0400][gc,heap        ] GC(398) Heap after GC invocations=398 (full 3): garbage-first heap   total 79872K, used 46182K [0x0000000083000000, 0x0000000100000000)
[2021-01-05T15:38:46.972-0400][gc,heap        ] GC(398)   region size 1024K, 1 young (1024K), 1 survivors (1024K)
[2021-01-05T15:38:46.972-0400][gc,heap        ] GC(398)  Metaspace       used 42360K, capacity 45602K, committed 45824K, reserved 1089536K
[2021-01-05T15:38:46.972-0400][gc,heap        ] GC(398)   class space    used 4635K, capacity 5868K, committed 5888K, reserved 1048576K
[2021-01-05T15:38:46.972-0400][gc             ] GC(398) Pause Young (Normal) (G1 Evacuation Pause) 67M->45M(78M) 10.285ms
[2021-01-05T15:38:46.972-0400][gc,cpu         ] GC(398) User=0.03s Sys=0.00s Real=0.01s
[2021-01-05T15:38:51.271-0400][gc,heap        ] GC(399) Heap before GC invocations=398 (full 3): garbage-first heap   total 79872K, used 65638K [0x0000000083000000, 0x0000000100000000)
[2021-01-05T15:38:51.271-0400][gc,heap        ] GC(399)   region size 1024K, 21 young (21504K), 1 survivors (1024K)
[2021-01-05T15:38:51.271-0400][gc,heap        ] GC(399)  Metaspace       used 42360K, capacity 45602K, committed 45824K, reserved 1089536K
[2021-01-05T15:38:51.271-0400][gc,heap        ] GC(399)   class space    used 4635K, capacity 5868K, committed 5888K, reserved 1048576K
[2021-01-05T15:38:51.272-0400][gc,start       ] GC(399) Pause Young (Concurrent Start) (G1 Evacuation Pause)
[2021-01-05T15:38:51.272-0400][gc,task        ] GC(399) Using 4 workers of 4 for evacuation
[2021-01-05T15:38:51.281-0400][gc,phases      ] GC(399)   Pre Evacuate Collection Set: 0.3ms
[2021-01-05T15:38:51.282-0400][gc,phases      ] GC(399)   Evacuate Collection Set: 7.3ms
[2021-01-05T15:38:51.282-0400][gc,phases      ] GC(399)   Post Evacuate Collection Set: 1.4ms
[2021-01-05T15:38:51.282-0400][gc,phases      ] GC(399)   Other: 1.2ms
[2021-01-05T15:38:51.282-0400][gc,heap        ] GC(399) Eden regions: 20->0(20)
[2021-01-05T15:38:51.282-0400][gc,heap        ] GC(399) Survivor regions: 1->1(3)
[2021-01-05T15:38:51.282-0400][gc,heap        ] GC(399) Old regions: 42->42
[2021-01-05T15:38:51.282-0400][gc,heap        ] GC(399) Humongous regions: 4->4
[2021-01-05T15:38:51.282-0400][gc,metaspace   ] GC(399) Metaspace: 42360K->42360K(1089536K)
[2021-01-05T15:38:51.282-0400][gc,heap        ] GC(399) Heap after GC invocations=399 (full 3): garbage-first heap   total 79872K, used 46042K [0x0000000083000000, 0x0000000100000000)
[2021-01-05T15:38:51.282-0400][gc,heap        ] GC(399)   region size 1024K, 1 young (1024K), 1 survivors (1024K)
[2021-01-05T15:38:51.282-0400][gc,heap        ] GC(399)  Metaspace       used 42360K, capacity 45602K, committed 45824K, reserved 1089536K
[2021-01-05T15:38:51.282-0400][gc,heap        ] GC(399)   class space    used 4635K, capacity 5868K, committed 5888K, reserved 1048576K
[2021-01-05T15:38:51.282-0400][gc             ] GC(399) Pause Young (Concurrent Start) (G1 Evacuation Pause) 65M->44M(78M) 10.711ms
[2021-01-05T15:38:51.282-0400][gc,cpu         ] GC(399) User=0.04s Sys=0.00s Real=0.01s
[2021-01-05T15:38:51.283-0400][gc             ] GC(400) Concurrent Cycle
[2021-01-05T15:38:51.283-0400][gc,marking     ] GC(400) Concurrent Clear Claimed Marks
[2021-01-05T15:38:51.283-0400][gc,marking     ] GC(400) Concurrent Clear Claimed Marks 0.467ms
[2021-01-05T15:38:51.283-0400][gc,marking     ] GC(400) Concurrent Scan Root Regions
[2021-01-05T15:38:51.287-0400][gc,marking     ] GC(400) Concurrent Scan Root Regions 4.097ms
[2021-01-05T15:38:51.288-0400][gc,marking     ] GC(400) Concurrent Mark (869.906s)
[2021-01-05T15:38:51.288-0400][gc,marking     ] GC(400) Concurrent Mark From Roots
[2021-01-05T15:38:51.288-0400][gc,task        ] GC(400) Using 1 workers of 1 for marking
[2021-01-05T15:38:51.583-0400][gc,marking     ] GC(400) Concurrent Mark From Roots 295.546ms
[2021-01-05T15:38:51.583-0400][gc,marking     ] GC(400) Concurrent Preclean
[2021-01-05T15:38:51.584-0400][gc,marking     ] GC(400) Concurrent Preclean 0.493ms
[2021-01-05T15:38:51.584-0400][gc,marking     ] GC(400) Concurrent Mark (869.906s, 870.203s) 296.411ms
[2021-01-05T15:38:51.585-0400][gc,start       ] GC(400) Pause Remark
[2021-01-05T15:38:51.617-0400][gc,stringtable ] GC(400) Cleaned string and symbol table, strings: 23536 processed, 0 removed, symbols: 95335 processed, 0 removed
[2021-01-05T15:38:51.618-0400][gc             ] GC(400) Pause Remark 57M->57M(78M) 32.555ms
[2021-01-05T15:38:51.618-0400][gc,cpu         ] GC(400) User=0.12s Sys=0.00s Real=0.04s
[2021-01-05T15:38:51.619-0400][gc,marking     ] GC(400) Concurrent Rebuild Remembered Sets
[2021-01-05T15:38:51.782-0400][gc,marking     ] GC(400) Concurrent Rebuild Remembered Sets 163.676ms
[2021-01-05T15:38:51.784-0400][gc,start       ] GC(400) Pause Cleanup
[2021-01-05T15:38:51.784-0400][gc             ] GC(400) Pause Cleanup 57M->57M(78M) 0.461ms
[2021-01-05T15:38:51.784-0400][gc,cpu         ] GC(400) User=0.01s Sys=0.00s Real=0.00s
[2021-01-05T15:38:51.785-0400][gc,marking     ] GC(400) Concurrent Cleanup for Next Mark
[2021-01-05T15:38:51.786-0400][gc,marking     ] GC(400) Concurrent Cleanup for Next Mark 0.962ms
[2021-01-05T15:38:51.786-0400][gc             ] GC(400) Concurrent Cycle 503.052ms
[2021-01-05T15:38:54.557-0400][gc,heap        ] GC(401) Heap before GC invocations=400 (full 3): garbage-first heap   total 79872K, used 65498K [0x0000000083000000, 0x0000000100000000)
[2021-01-05T15:38:54.557-0400][gc,heap        ] GC(401)   region size 1024K, 21 young (21504K), 1 survivors (1024K)
[2021-01-05T15:38:54.557-0400][gc,heap        ] GC(401)  Metaspace       used 42361K, capacity 45602K, committed 45824K, reserved 1089536K
[2021-01-05T15:38:54.557-0400][gc,heap        ] GC(401)   class space    used 4635K, capacity 5868K, committed 5888K, reserved 1048576K
[2021-01-05T15:38:54.558-0400][gc,start       ] GC(401) Pause Young (Prepare Mixed) (G1 Evacuation Pause)
[2021-01-05T15:38:54.558-0400][gc,task        ] GC(401) Using 4 workers of 4 for evacuation
[2021-01-05T15:38:54.571-0400][gc,phases      ] GC(401)   Pre Evacuate Collection Set: 0.0ms
[2021-01-05T15:38:54.572-0400][gc,phases      ] GC(401)   Evacuate Collection Set: 11.4ms
[2021-01-05T15:38:54.572-0400][gc,phases      ] GC(401)   Post Evacuate Collection Set: 1.6ms
[2021-01-05T15:38:54.572-0400][gc,phases      ] GC(401)   Other: 1.2ms
[2021-01-05T15:38:54.572-0400][gc,heap        ] GC(401) Eden regions: 20->0(1)
[2021-01-05T15:38:54.572-0400][gc,heap        ] GC(401) Survivor regions: 1->2(3)
[2021-01-05T15:38:54.572-0400][gc,heap        ] GC(401) Old regions: 42->42
[2021-01-05T15:38:54.572-0400][gc,heap        ] GC(401) Humongous regions: 4->4
[2021-01-05T15:38:54.572-0400][gc,metaspace   ] GC(401) Metaspace: 42361K->42361K(1089536K)
[2021-01-05T15:38:54.572-0400][gc,heap        ] GC(401) Heap after GC invocations=401 (full 3): garbage-first heap   total 79872K, used 46952K [0x0000000083000000, 0x0000000100000000)
[2021-01-05T15:38:54.572-0400][gc,heap        ] GC(401)   region size 1024K, 2 young (2048K), 2 survivors (2048K)
[2021-01-05T15:38:54.572-0400][gc,heap        ] GC(401)  Metaspace       used 42361K, capacity 45602K, committed 45824K, reserved 1089536K
[2021-01-05T15:38:54.572-0400][gc,heap        ] GC(401)   class space    used 4635K, capacity 5868K, committed 5888K, reserved 1048576K
[2021-01-05T15:38:54.572-0400][gc             ] GC(401) Pause Young (Prepare Mixed) (G1 Evacuation Pause) 64M->45M(78M) 14.565ms
[2021-01-05T15:38:54.572-0400][gc,cpu         ] GC(401) User=0.04s Sys=0.00s Real=0.01s
[2021-01-05T15:38:54.585-0400][gc,heap        ] GC(402) Heap before GC invocations=401 (full 3): garbage-first heap   total 79872K, used 47976K [0x0000000083000000, 0x0000000100000000)
[2021-01-05T15:38:54.585-0400][gc,heap        ] GC(402)   region size 1024K, 3 young (3072K), 2 survivors (2048K)
[2021-01-05T15:38:54.586-0400][gc,heap        ] GC(402)  Metaspace       used 42361K, capacity 45602K, committed 45824K, reserved 1089536K
[2021-01-05T15:38:54.586-0400][gc,heap        ] GC(402)   class space    used 4635K, capacity 5868K, committed 5888K, reserved 1048576K
[2021-01-05T15:38:54.586-0400][gc,start       ] GC(402) Pause Young (Mixed) (G1 Evacuation Pause)
[2021-01-05T15:38:54.586-0400][gc,task        ] GC(402) Using 4 workers of 4 for evacuation
[2021-01-05T15:38:54.598-0400][gc,phases      ] GC(402)   Pre Evacuate Collection Set: 0.1ms
[2021-01-05T15:38:54.598-0400][gc,phases      ] GC(402)   Evacuate Collection Set: 10.4ms
[2021-01-05T15:38:54.598-0400][gc,phases      ] GC(402)   Post Evacuate Collection Set: 0.7ms
[2021-01-05T15:38:54.598-0400][gc,phases      ] GC(402)   Other: 1.3ms
[2021-01-05T15:38:54.598-0400][gc,heap        ] GC(402) Eden regions: 1->0(19)
[2021-01-05T15:38:54.598-0400][gc,heap        ] GC(402) Survivor regions: 2->1(1)
[2021-01-05T15:38:54.598-0400][gc,heap        ] GC(402) Old regions: 42->43
[2021-01-05T15:38:54.598-0400][gc,heap        ] GC(402) Humongous regions: 4->4
[2021-01-05T15:38:54.598-0400][gc,metaspace   ] GC(402) Metaspace: 42361K->42361K(1089536K)
[2021-01-05T15:38:54.598-0400][gc,heap        ] GC(402) Heap after GC invocations=402 (full 3): garbage-first heap   total 79872K, used 46249K [0x0000000083000000, 0x0000000100000000)
[2021-01-05T15:38:54.598-0400][gc,heap        ] GC(402)   region size 1024K, 1 young (1024K), 1 survivors (1024K)
[2021-01-05T15:38:54.598-0400][gc,heap        ] GC(402)  Metaspace       used 42361K, capacity 45602K, committed 45824K, reserved 1089536K
[2021-01-05T15:38:54.598-0400][gc,heap        ] GC(402)   class space    used 4635K, capacity 5868K, committed 5888K, reserved 1048576K
[2021-01-05T15:38:54.599-0400][gc             ] GC(402) Pause Young (Mixed) (G1 Evacuation Pause) 46M->45M(78M) 12.699ms
[2021-01-05T15:38:54.599-0400][gc,cpu         ] GC(402) User=0.04s Sys=0.00s Real=0.01s
[2021-01-05T15:38:54.758-0400][gc,heap        ] GC(403) Heap before GC invocations=402 (full 3): garbage-first heap   total 79872K, used 66729K [0x0000000083000000, 0x0000000100000000)
[2021-01-05T15:38:54.758-0400][gc,heap        ] GC(403)   region size 1024K, 20 young (20480K), 1 survivors (1024K)
[2021-01-05T15:38:54.758-0400][gc,heap        ] GC(403)  Metaspace       used 42361K, capacity 45602K, committed 45824K, reserved 1089536K
[2021-01-05T15:38:54.758-0400][gc,heap        ] GC(403)   class space    used 4635K, capacity 5868K, committed 5888K, reserved 1048576K
[2021-01-05T15:38:54.758-0400][gc,start       ] GC(403) Pause Young (Normal) (G1 Evacuation Pause)
[2021-01-05T15:38:54.758-0400][gc,task        ] GC(403) Using 4 workers of 4 for evacuation
[2021-01-05T15:38:54.767-0400][gc,phases      ] GC(403)   Pre Evacuate Collection Set: 0.0ms
[2021-01-05T15:38:54.767-0400][gc,phases      ] GC(403)   Evacuate Collection Set: 7.3ms
[2021-01-05T15:38:54.767-0400][gc,phases      ] GC(403)   Post Evacuate Collection Set: 1.4ms
[2021-01-05T15:38:54.768-0400][gc,phases      ] GC(403)   Other: 1.1ms
[2021-01-05T15:38:54.768-0400][gc,heap        ] GC(403) Eden regions: 19->0(19)
[2021-01-05T15:38:54.768-0400][gc,heap        ] GC(403) Survivor regions: 1->1(3)
[2021-01-05T15:38:54.768-0400][gc,heap        ] GC(403) Old regions: 43->43
[2021-01-05T15:38:54.768-0400][gc,heap        ] GC(403) Humongous regions: 6->4
[2021-01-05T15:38:54.768-0400][gc,metaspace   ] GC(403) Metaspace: 42361K->42361K(1089536K)
[2021-01-05T15:38:54.768-0400][gc,heap        ] GC(403) Heap after GC invocations=403 (full 3): garbage-first heap   total 79872K, used 46703K [0x0000000083000000, 0x0000000100000000)
[2021-01-05T15:38:54.768-0400][gc,heap        ] GC(403)   region size 1024K, 1 young (1024K), 1 survivors (1024K)
[2021-01-05T15:38:54.768-0400][gc,heap        ] GC(403)  Metaspace       used 42361K, capacity 45602K, committed 45824K, reserved 1089536K
[2021-01-05T15:38:54.768-0400][gc,heap        ] GC(403)   class space    used 4635K, capacity 5868K, committed 5888K, reserved 1048576K
[2021-01-05T15:38:54.768-0400][gc             ] GC(403) Pause Young (Normal) (G1 Evacuation Pause) 66M->45M(78M) 10.121ms
[2021-01-05T15:38:54.768-0400][gc,cpu         ] GC(403) User=0.03s Sys=0.00s Real=0.01s
[2021-01-05T15:39:01.372-0400][gc,heap        ] GC(404) Heap before GC invocations=403 (full 3): garbage-first heap   total 79872K, used 65135K [0x0000000083000000, 0x0000000100000000)
[2021-01-05T15:39:01.373-0400][gc,heap        ] GC(404)   region size 1024K, 20 young (20480K), 1 survivors (1024K)
[2021-01-05T15:39:01.373-0400][gc,heap        ] GC(404)  Metaspace       used 42362K, capacity 45602K, committed 45824K, reserved 1089536K
[2021-01-05T15:39:01.373-0400][gc,heap        ] GC(404)   class space    used 4635K, capacity 5868K, committed 5888K, reserved 1048576K
[2021-01-05T15:39:01.373-0400][gc,start       ] GC(404) Pause Young (Normal) (G1 Evacuation Pause)
[2021-01-05T15:39:01.373-0400][gc,task        ] GC(404) Using 4 workers of 4 for evacuation
[2021-01-05T15:39:01.385-0400][gc,phases      ] GC(404)   Pre Evacuate Collection Set: 0.0ms
[2021-01-05T15:39:01.385-0400][gc,phases      ] GC(404)   Evacuate Collection Set: 8.6ms
[2021-01-05T15:39:01.385-0400][gc,phases      ] GC(404)   Post Evacuate Collection Set: 2.8ms
[2021-01-05T15:39:01.385-0400][gc,phases      ] GC(404)   Other: 1.4ms
[2021-01-05T15:39:01.385-0400][gc,heap        ] GC(404) Eden regions: 19->0(18)
[2021-01-05T15:39:01.386-0400][gc,heap        ] GC(404) Survivor regions: 1->2(3)
[2021-01-05T15:39:01.386-0400][gc,heap        ] GC(404) Old regions: 43->43
[2021-01-05T15:39:01.386-0400][gc,heap        ] GC(404) Humongous regions: 4->4
[2021-01-05T15:39:01.386-0400][gc,metaspace   ] GC(404) Metaspace: 42362K->42362K(1089536K)
[2021-01-05T15:39:01.386-0400][gc,heap        ] GC(404) Heap after GC invocations=404 (full 3): garbage-first heap   total 79872K, used 47013K [0x0000000083000000, 0x0000000100000000)
[2021-01-05T15:39:01.386-0400][gc,heap        ] GC(404)   region size 1024K, 2 young (2048K), 2 survivors (2048K)
[2021-01-05T15:39:01.386-0400][gc,heap        ] GC(404)  Metaspace       used 42362K, capacity 45602K, committed 45824K, reserved 1089536K
[2021-01-05T15:39:01.386-0400][gc,heap        ] GC(404)   class space    used 4635K, capacity 5868K, committed 5888K, reserved 1048576K
[2021-01-05T15:39:01.386-0400][gc             ] GC(404) Pause Young (Normal) (G1 Evacuation Pause) 64M->45M(78M) 13.036ms
[2021-01-05T15:39:01.386-0400][gc,cpu         ] GC(404) User=0.03s Sys=0.01s Real=0.02s
[2021-01-05T15:39:04.663-0400][gc,heap        ] GC(405) Heap before GC invocations=404 (full 3): garbage-first heap   total 79872K, used 64421K [0x0000000083000000, 0x0000000100000000)
[2021-01-05T15:39:04.663-0400][gc,heap        ] GC(405)   region size 1024K, 20 young (20480K), 2 survivors (2048K)
[2021-01-05T15:39:04.663-0400][gc,heap        ] GC(405)  Metaspace       used 42362K, capacity 45602K, committed 45824K, reserved 1089536K
[2021-01-05T15:39:04.663-0400][gc,heap        ] GC(405)   class space    used 4635K, capacity 5868K, committed 5888K, reserved 1048576K
[2021-01-05T15:39:04.663-0400][gc,start       ] GC(405) Pause Young (Concurrent Start) (G1 Evacuation Pause)
[2021-01-05T15:39:04.663-0400][gc,task        ] GC(405) Using 4 workers of 4 for evacuation
[2021-01-05T15:39:04.680-0400][gc,phases      ] GC(405)   Pre Evacuate Collection Set: 0.3ms
[2021-01-05T15:39:04.680-0400][gc,phases      ] GC(405)   Evacuate Collection Set: 14.0ms
[2021-01-05T15:39:04.680-0400][gc,phases      ] GC(405)   Post Evacuate Collection Set: 1.4ms
[2021-01-05T15:39:04.680-0400][gc,phases      ] GC(405)   Other: 1.2ms
[2021-01-05T15:39:04.680-0400][gc,heap        ] GC(405) Eden regions: 18->0(18)
[2021-01-05T15:39:04.680-0400][gc,heap        ] GC(405) Survivor regions: 2->2(3)
[2021-01-05T15:39:04.680-0400][gc,heap        ] GC(405) Old regions: 43->43
[2021-01-05T15:39:04.681-0400][gc,heap        ] GC(405) Humongous regions: 4->4
[2021-01-05T15:39:04.681-0400][gc,metaspace   ] GC(405) Metaspace: 42362K->42362K(1089536K)
[2021-01-05T15:39:04.681-0400][gc,heap        ] GC(405) Heap after GC invocations=405 (full 3): garbage-first heap   total 79872K, used 47800K [0x0000000083000000, 0x0000000100000000)
[2021-01-05T15:39:04.681-0400][gc,heap        ] GC(405)   region size 1024K, 2 young (2048K), 2 survivors (2048K)
[2021-01-05T15:39:04.681-0400][gc,heap        ] GC(405)  Metaspace       used 42362K, capacity 45602K, committed 45824K, reserved 1089536K
[2021-01-05T15:39:04.681-0400][gc,heap        ] GC(405)   class space    used 4635K, capacity 5868K, committed 5888K, reserved 1048576K
[2021-01-05T15:39:04.681-0400][gc             ] GC(405) Pause Young (Concurrent Start) (G1 Evacuation Pause) 63M->46M(78M) 17.516ms
[2021-01-05T15:39:04.682-0400][gc,cpu         ] GC(405) User=0.04s Sys=0.00s Real=0.02s
[2021-01-05T15:39:04.682-0400][gc             ] GC(406) Concurrent Cycle
[2021-01-05T15:39:04.682-0400][gc,marking     ] GC(406) Concurrent Clear Claimed Marks
[2021-01-05T15:39:04.683-0400][gc,marking     ] GC(406) Concurrent Clear Claimed Marks 0.643ms
[2021-01-05T15:39:04.683-0400][gc,marking     ] GC(406) Concurrent Scan Root Regions
[2021-01-05T15:39:04.692-0400][gc,marking     ] GC(406) Concurrent Scan Root Regions 9.430ms
[2021-01-05T15:39:04.692-0400][gc,marking     ] GC(406) Concurrent Mark (883.311s)
[2021-01-05T15:39:04.692-0400][gc,marking     ] GC(406) Concurrent Mark From Roots
[2021-01-05T15:39:04.692-0400][gc,task        ] GC(406) Using 1 workers of 1 for marking
[2021-01-05T15:39:04.990-0400][gc,marking     ] GC(406) Concurrent Mark From Roots 297.234ms
[2021-01-05T15:39:04.990-0400][gc,marking     ] GC(406) Concurrent Preclean
[2021-01-05T15:39:04.990-0400][gc,marking     ] GC(406) Concurrent Preclean 0.457ms
[2021-01-05T15:39:04.991-0400][gc,marking     ] GC(406) Concurrent Mark (883.311s, 883.609s) 298.336ms
[2021-01-05T15:39:04.992-0400][gc,start       ] GC(406) Pause Remark
[2021-01-05T15:39:05.026-0400][gc,stringtable ] GC(406) Cleaned string and symbol table, strings: 23536 processed, 0 removed, symbols: 95335 processed, 0 removed
[2021-01-05T15:39:05.027-0400][gc             ] GC(406) Pause Remark 58M->58M(78M) 34.262ms
[2021-01-05T15:39:05.028-0400][gc,cpu         ] GC(406) User=0.12s Sys=0.01s Real=0.04s
[2021-01-05T15:39:05.028-0400][gc,marking     ] GC(406) Concurrent Rebuild Remembered Sets
[2021-01-05T15:39:05.206-0400][gc,marking     ] GC(406) Concurrent Rebuild Remembered Sets 178.037ms
[2021-01-05T15:39:05.208-0400][gc,start       ] GC(406) Pause Cleanup
[2021-01-05T15:39:05.208-0400][gc             ] GC(406) Pause Cleanup 58M->58M(78M) 0.640ms
[2021-01-05T15:39:05.208-0400][gc,cpu         ] GC(406) User=0.00s Sys=0.00s Real=0.00s
[2021-01-05T15:39:05.209-0400][gc,marking     ] GC(406) Concurrent Cleanup for Next Mark
[2021-01-05T15:39:05.210-0400][gc,marking     ] GC(406) Concurrent Cleanup for Next Mark 1.194ms
[2021-01-05T15:39:05.210-0400][gc             ] GC(406) Concurrent Cycle 528.366ms
[2021-01-05T15:39:09.896-0400][gc,heap        ] GC(407) Heap before GC invocations=406 (full 3): garbage-first heap   total 79872K, used 67256K [0x0000000083000000, 0x0000000100000000)
[2021-01-05T15:39:09.896-0400][gc,heap        ] GC(407)   region size 1024K, 20 young (20480K), 2 survivors (2048K)
[2021-01-05T15:39:09.896-0400][gc,heap        ] GC(407)  Metaspace       used 42364K, capacity 45602K, committed 45824K, reserved 1089536K
[2021-01-05T15:39:09.896-0400][gc,heap        ] GC(407)   class space    used 4635K, capacity 5868K, committed 5888K, reserved 1048576K
[2021-01-05T15:39:09.896-0400][gc,start       ] GC(407) Pause Young (Normal) (G1 Evacuation Pause)
[2021-01-05T15:39:09.896-0400][gc,task        ] GC(407) Using 4 workers of 4 for evacuation
[2021-01-05T15:39:09.907-0400][gc,phases      ] GC(407)   Pre Evacuate Collection Set: 0.0ms
[2021-01-05T15:39:09.907-0400][gc,phases      ] GC(407)   Evacuate Collection Set: 8.6ms
[2021-01-05T15:39:09.907-0400][gc,phases      ] GC(407)   Post Evacuate Collection Set: 1.9ms
[2021-01-05T15:39:09.907-0400][gc,phases      ] GC(407)   Other: 1.1ms
[2021-01-05T15:39:09.907-0400][gc,heap        ] GC(407) Eden regions: 18->0(19)
[2021-01-05T15:39:09.908-0400][gc,heap        ] GC(407) Survivor regions: 2->1(3)
[2021-01-05T15:39:09.908-0400][gc,heap        ] GC(407) Old regions: 43->43
[2021-01-05T15:39:09.908-0400][gc,heap        ] GC(407) Humongous regions: 6->4
[2021-01-05T15:39:09.908-0400][gc,metaspace   ] GC(407) Metaspace: 42364K->42364K(1089536K)
[2021-01-05T15:39:09.908-0400][gc,heap        ] GC(407) Heap after GC invocations=407 (full 3): garbage-first heap   total 79872K, used 46845K [0x0000000083000000, 0x0000000100000000)
[2021-01-05T15:39:09.908-0400][gc,heap        ] GC(407)   region size 1024K, 1 young (1024K), 1 survivors (1024K)
[2021-01-05T15:39:09.908-0400][gc,heap        ] GC(407)  Metaspace       used 42364K, capacity 45602K, committed 45824K, reserved 1089536K
[2021-01-05T15:39:09.908-0400][gc,heap        ] GC(407)   class space    used 4635K, capacity 5868K, committed 5888K, reserved 1048576K
[2021-01-05T15:39:09.908-0400][gc             ] GC(407) Pause Young (Normal) (G1 Evacuation Pause) 66M->45M(78M) 12.086ms
[2021-01-05T15:39:09.908-0400][gc,cpu         ] GC(407) User=0.04s Sys=0.00s Real=0.01s
[2021-01-05T15:39:16.116-0400][gc,heap        ] GC(408) Heap before GC invocations=407 (full 3): garbage-first heap   total 79872K, used 66301K [0x0000000083000000, 0x0000000100000000)
[2021-01-05T15:39:16.116-0400][gc,heap        ] GC(408)   region size 1024K, 20 young (20480K), 1 survivors (1024K)
[2021-01-05T15:39:16.116-0400][gc,heap        ] GC(408)  Metaspace       used 42364K, capacity 45602K, committed 45824K, reserved 1089536K
[2021-01-05T15:39:16.116-0400][gc,heap        ] GC(408)   class space    used 4635K, capacity 5868K, committed 5888K, reserved 1048576K
[2021-01-05T15:39:16.116-0400][gc,start       ] GC(408) Pause Young (Concurrent Start) (G1 Evacuation Pause)
[2021-01-05T15:39:16.116-0400][gc,task        ] GC(408) Using 4 workers of 4 for evacuation
[2021-01-05T15:39:16.125-0400][gc,phases      ] GC(408)   Pre Evacuate Collection Set: 0.3ms
[2021-01-05T15:39:16.125-0400][gc,phases      ] GC(408)   Evacuate Collection Set: 6.1ms
[2021-01-05T15:39:16.125-0400][gc,phases      ] GC(408)   Post Evacuate Collection Set: 1.6ms
[2021-01-05T15:39:16.125-0400][gc,phases      ] GC(408)   Other: 1.2ms
[2021-01-05T15:39:16.125-0400][gc,heap        ] GC(408) Eden regions: 19->0(19)
[2021-01-05T15:39:16.125-0400][gc,heap        ] GC(408) Survivor regions: 1->1(3)
[2021-01-05T15:39:16.126-0400][gc,heap        ] GC(408) Old regions: 43->43
[2021-01-05T15:39:16.126-0400][gc,heap        ] GC(408) Humongous regions: 4->4
[2021-01-05T15:39:16.126-0400][gc,metaspace   ] GC(408) Metaspace: 42364K->42364K(1089536K)
[2021-01-05T15:39:16.126-0400][gc,heap        ] GC(408) Heap after GC invocations=408 (full 3): garbage-first heap   total 79872K, used 46714K [0x0000000083000000, 0x0000000100000000)
[2021-01-05T15:39:16.126-0400][gc,heap        ] GC(408)   region size 1024K, 1 young (1024K), 1 survivors (1024K)
[2021-01-05T15:39:16.126-0400][gc,heap        ] GC(408)  Metaspace       used 42364K, capacity 45602K, committed 45824K, reserved 1089536K
[2021-01-05T15:39:16.126-0400][gc,heap        ] GC(408)   class space    used 4635K, capacity 5868K, committed 5888K, reserved 1048576K
[2021-01-05T15:39:16.126-0400][gc             ] GC(408) Pause Young (Concurrent Start) (G1 Evacuation Pause) 64M->45M(78M) 9.593ms
[2021-01-05T15:39:16.126-0400][gc,cpu         ] GC(408) User=0.02s Sys=0.01s Real=0.01s
[2021-01-05T15:39:16.126-0400][gc             ] GC(409) Concurrent Cycle
[2021-01-05T15:39:16.126-0400][gc,marking     ] GC(409) Concurrent Clear Claimed Marks
[2021-01-05T15:39:16.127-0400][gc,marking     ] GC(409) Concurrent Clear Claimed Marks 0.626ms
[2021-01-05T15:39:16.127-0400][gc,marking     ] GC(409) Concurrent Scan Root Regions
[2021-01-05T15:39:16.131-0400][gc,marking     ] GC(409) Concurrent Scan Root Regions 3.781ms
[2021-01-05T15:39:16.131-0400][gc,marking     ] GC(409) Concurrent Mark (894.750s)
[2021-01-05T15:39:16.131-0400][gc,marking     ] GC(409) Concurrent Mark From Roots
[2021-01-05T15:39:16.131-0400][gc,task        ] GC(409) Using 1 workers of 1 for marking
[2021-01-05T15:39:16.456-0400][gc,marking     ] GC(409) Concurrent Mark From Roots 324.594ms
[2021-01-05T15:39:16.456-0400][gc,marking     ] GC(409) Concurrent Preclean
[2021-01-05T15:39:16.456-0400][gc,marking     ] GC(409) Concurrent Preclean 0.463ms
[2021-01-05T15:39:16.457-0400][gc,marking     ] GC(409) Concurrent Mark (894.750s, 895.075s) 325.609ms
[2021-01-05T15:39:16.458-0400][gc,start       ] GC(409) Pause Remark
[2021-01-05T15:39:16.490-0400][gc,stringtable ] GC(409) Cleaned string and symbol table, strings: 23536 processed, 0 removed, symbols: 95335 processed, 0 removed
[2021-01-05T15:39:16.491-0400][gc             ] GC(409) Pause Remark 54M->54M(78M) 32.585ms
[2021-01-05T15:39:16.492-0400][gc,cpu         ] GC(409) User=0.11s Sys=0.00s Real=0.03s
[2021-01-05T15:39:16.492-0400][gc,marking     ] GC(409) Concurrent Rebuild Remembered Sets
[2021-01-05T15:39:16.563-0400][gc,heap        ] GC(410) Heap before GC invocations=408 (full 3): garbage-first heap   total 79872K, used 65146K [0x0000000083000000, 0x0000000100000000)
[2021-01-05T15:39:16.564-0400][gc,heap        ] GC(410)   region size 1024K, 20 young (20480K), 1 survivors (1024K)
[2021-01-05T15:39:16.564-0400][gc,heap        ] GC(410)  Metaspace       used 42364K, capacity 45602K, committed 45824K, reserved 1089536K
[2021-01-05T15:39:16.564-0400][gc,heap        ] GC(410)   class space    used 4635K, capacity 5868K, committed 5888K, reserved 1048576K
[2021-01-05T15:39:16.564-0400][gc,start       ] GC(410) Pause Young (Normal) (G1 Evacuation Pause)
[2021-01-05T15:39:16.564-0400][gc,task        ] GC(410) Using 4 workers of 4 for evacuation
[2021-01-05T15:39:16.578-0400][gc,phases      ] GC(410)   Pre Evacuate Collection Set: 0.1ms
[2021-01-05T15:39:16.578-0400][gc,phases      ] GC(410)   Evacuate Collection Set: 11.4ms
[2021-01-05T15:39:16.578-0400][gc,phases      ] GC(410)   Post Evacuate Collection Set: 1.3ms
[2021-01-05T15:39:16.578-0400][gc,phases      ] GC(410)   Other: 1.6ms
[2021-01-05T15:39:16.578-0400][gc,heap        ] GC(410) Eden regions: 19->0(17)
[2021-01-05T15:39:16.578-0400][gc,heap        ] GC(410) Survivor regions: 1->3(3)
[2021-01-05T15:39:16.578-0400][gc,heap        ] GC(410) Old regions: 43->43
[2021-01-05T15:39:16.578-0400][gc,heap        ] GC(410) Humongous regions: 4->4
[2021-01-05T15:39:16.578-0400][gc,metaspace   ] GC(410) Metaspace: 42364K->42364K(1089536K)
[2021-01-05T15:39:16.578-0400][gc,heap        ] GC(410) Heap after GC invocations=409 (full 3): garbage-first heap   total 79872K, used 48420K [0x0000000083000000, 0x0000000100000000)
[2021-01-05T15:39:16.578-0400][gc,heap        ] GC(410)   region size 1024K, 3 young (3072K), 3 survivors (3072K)
[2021-01-05T15:39:16.578-0400][gc,heap        ] GC(410)  Metaspace       used 42364K, capacity 45602K, committed 45824K, reserved 1089536K
[2021-01-05T15:39:16.578-0400][gc,heap        ] GC(410)   class space    used 4635K, capacity 5868K, committed 5888K, reserved 1048576K
[2021-01-05T15:39:16.578-0400][gc             ] GC(410) Pause Young (Normal) (G1 Evacuation Pause) 64M->47M(78M) 14.438ms
[2021-01-05T15:39:16.579-0400][gc,cpu         ] GC(410) User=0.05s Sys=0.00s Real=0.02s
[2021-01-05T15:39:16.714-0400][gc,marking     ] GC(409) Concurrent Rebuild Remembered Sets 222.124ms
[2021-01-05T15:39:16.716-0400][gc,start       ] GC(409) Pause Cleanup
[2021-01-05T15:39:16.716-0400][gc             ] GC(409) Pause Cleanup 56M->56M(78M) 0.452ms
[2021-01-05T15:39:16.717-0400][gc,cpu         ] GC(409) User=0.00s Sys=0.00s Real=0.00s
[2021-01-05T15:39:16.717-0400][gc,marking     ] GC(409) Concurrent Cleanup for Next Mark
[2021-01-05T15:39:16.718-0400][gc,marking     ] GC(409) Concurrent Cleanup for Next Mark 1.039ms
[2021-01-05T15:39:16.718-0400][gc             ] GC(409) Concurrent Cycle 591.935ms
[2021-01-05T15:39:23.198-0400][gc,heap        ] GC(411) Heap before GC invocations=410 (full 3): garbage-first heap   total 79872K, used 66852K [0x0000000083000000, 0x0000000100000000)
[2021-01-05T15:39:23.198-0400][gc,heap        ] GC(411)   region size 1024K, 20 young (20480K), 3 survivors (3072K)
[2021-01-05T15:39:23.198-0400][gc,heap        ] GC(411)  Metaspace       used 42364K, capacity 45602K, committed 45824K, reserved 1089536K
[2021-01-05T15:39:23.198-0400][gc,heap        ] GC(411)   class space    used 4635K, capacity 5868K, committed 5888K, reserved 1048576K
[2021-01-05T15:39:23.198-0400][gc,start       ] GC(411) Pause Young (Prepare Mixed) (G1 Evacuation Pause)
[2021-01-05T15:39:23.198-0400][gc,task        ] GC(411) Using 4 workers of 4 for evacuation
[2021-01-05T15:39:23.207-0400][gc,phases      ] GC(411)   Pre Evacuate Collection Set: 0.0ms
[2021-01-05T15:39:23.207-0400][gc,phases      ] GC(411)   Evacuate Collection Set: 6.3ms
[2021-01-05T15:39:23.207-0400][gc,phases      ] GC(411)   Post Evacuate Collection Set: 1.7ms
[2021-01-05T15:39:23.207-0400][gc,phases      ] GC(411)   Other: 1.3ms
[2021-01-05T15:39:23.207-0400][gc,heap        ] GC(411) Eden regions: 17->0(2)
[2021-01-05T15:39:23.207-0400][gc,heap        ] GC(411) Survivor regions: 3->1(3)
[2021-01-05T15:39:23.208-0400][gc,heap        ] GC(411) Old regions: 43->44
[2021-01-05T15:39:23.208-0400][gc,heap        ] GC(411) Humongous regions: 6->4
[2021-01-05T15:39:23.208-0400][gc,metaspace   ] GC(411) Metaspace: 42364K->42364K(1089536K)
[2021-01-05T15:39:23.208-0400][gc,heap        ] GC(411) Heap after GC invocations=411 (full 3): garbage-first heap   total 79872K, used 47098K [0x0000000083000000, 0x0000000100000000)
[2021-01-05T15:39:23.208-0400][gc,heap        ] GC(411)   region size 1024K, 1 young (1024K), 1 survivors (1024K)
[2021-01-05T15:39:23.208-0400][gc,heap        ] GC(411)  Metaspace       used 42364K, capacity 45602K, committed 45824K, reserved 1089536K
[2021-01-05T15:39:23.208-0400][gc,heap        ] GC(411)   class space    used 4635K, capacity 5868K, committed 5888K, reserved 1048576K
[2021-01-05T15:39:23.208-0400][gc             ] GC(411) Pause Young (Prepare Mixed) (G1 Evacuation Pause) 66M->45M(78M) 9.720ms
[2021-01-05T15:39:23.208-0400][gc,cpu         ] GC(411) User=0.02s Sys=0.00s Real=0.01s
[2021-01-05T15:39:23.229-0400][gc,heap        ] GC(412) Heap before GC invocations=411 (full 3): garbage-first heap   total 79872K, used 49146K [0x0000000083000000, 0x0000000100000000)
[2021-01-05T15:39:23.229-0400][gc,heap        ] GC(412)   region size 1024K, 3 young (3072K), 1 survivors (1024K)
[2021-01-05T15:39:23.229-0400][gc,heap        ] GC(412)  Metaspace       used 42364K, capacity 45602K, committed 45824K, reserved 1089536K
[2021-01-05T15:39:23.229-0400][gc,heap        ] GC(412)   class space    used 4635K, capacity 5868K, committed 5888K, reserved 1048576K
[2021-01-05T15:39:23.229-0400][gc,start       ] GC(412) Pause Young (Mixed) (G1 Evacuation Pause)
[2021-01-05T15:39:23.229-0400][gc,task        ] GC(412) Using 4 workers of 4 for evacuation
[2021-01-05T15:39:23.237-0400][gc,phases      ] GC(412)   Pre Evacuate Collection Set: 0.1ms
[2021-01-05T15:39:23.237-0400][gc,phases      ] GC(412)   Evacuate Collection Set: 5.5ms
[2021-01-05T15:39:23.237-0400][gc,phases      ] GC(412)   Post Evacuate Collection Set: 1.5ms
[2021-01-05T15:39:23.238-0400][gc,phases      ] GC(412)   Other: 1.3ms
[2021-01-05T15:39:23.238-0400][gc,heap        ] GC(412) Eden regions: 2->0(19)
[2021-01-05T15:39:23.238-0400][gc,heap        ] GC(412) Survivor regions: 1->1(1)
[2021-01-05T15:39:23.238-0400][gc,heap        ] GC(412) Old regions: 44->43
[2021-01-05T15:39:23.238-0400][gc,heap        ] GC(412) Humongous regions: 4->4
[2021-01-05T15:39:23.238-0400][gc,metaspace   ] GC(412) Metaspace: 42364K->42364K(1089536K)
[2021-01-05T15:39:23.238-0400][gc,heap        ] GC(412) Heap after GC invocations=412 (full 3): garbage-first heap   total 79872K, used 46360K [0x0000000083000000, 0x0000000100000000)
[2021-01-05T15:39:23.238-0400][gc,heap        ] GC(412)   region size 1024K, 1 young (1024K), 1 survivors (1024K)
[2021-01-05T15:39:23.238-0400][gc,heap        ] GC(412)  Metaspace       used 42364K, capacity 45602K, committed 45824K, reserved 1089536K
[2021-01-05T15:39:23.238-0400][gc,heap        ] GC(412)   class space    used 4635K, capacity 5868K, committed 5888K, reserved 1048576K
[2021-01-05T15:39:23.238-0400][gc             ] GC(412) Pause Young (Mixed) (G1 Evacuation Pause) 47M->45M(78M) 8.747ms
[2021-01-05T15:39:23.238-0400][gc,cpu         ] GC(412) User=0.02s Sys=0.00s Real=0.01s
[2021-01-05T15:39:26.474-0400][gc,heap        ] GC(413) Heap before GC invocations=412 (full 3): garbage-first heap   total 79872K, used 64792K [0x0000000083000000, 0x0000000100000000)
[2021-01-05T15:39:26.474-0400][gc,heap        ] GC(413)   region size 1024K, 20 young (20480K), 1 survivors (1024K)
[2021-01-05T15:39:26.474-0400][gc,heap        ] GC(413)  Metaspace       used 42364K, capacity 45602K, committed 45824K, reserved 1089536K
[2021-01-05T15:39:26.474-0400][gc,heap        ] GC(413)   class space    used 4635K, capacity 5868K, committed 5888K, reserved 1048576K
[2021-01-05T15:39:26.474-0400][gc,start       ] GC(413) Pause Young (Normal) (G1 Evacuation Pause)
[2021-01-05T15:39:26.475-0400][gc,task        ] GC(413) Using 4 workers of 4 for evacuation
[2021-01-05T15:39:26.484-0400][gc,phases      ] GC(413)   Pre Evacuate Collection Set: 0.1ms
[2021-01-05T15:39:26.485-0400][gc,phases      ] GC(413)   Evacuate Collection Set: 7.5ms
[2021-01-05T15:39:26.485-0400][gc,phases      ] GC(413)   Post Evacuate Collection Set: 1.6ms
[2021-01-05T15:39:26.485-0400][gc,phases      ] GC(413)   Other: 1.3ms
[2021-01-05T15:39:26.485-0400][gc,heap        ] GC(413) Eden regions: 19->0(19)
[2021-01-05T15:39:26.485-0400][gc,heap        ] GC(413) Survivor regions: 1->1(3)
[2021-01-05T15:39:26.485-0400][gc,heap        ] GC(413) Old regions: 43->43
[2021-01-05T15:39:26.485-0400][gc,heap        ] GC(413) Humongous regions: 4->4
[2021-01-05T15:39:26.485-0400][gc,metaspace   ] GC(413) Metaspace: 42364K->42364K(1089536K)
[2021-01-05T15:39:26.485-0400][gc,heap        ] GC(413) Heap after GC invocations=413 (full 3): garbage-first heap   total 79872K, used 47009K [0x0000000083000000, 0x0000000100000000)
[2021-01-05T15:39:26.485-0400][gc,heap        ] GC(413)   region size 1024K, 1 young (1024K), 1 survivors (1024K)
[2021-01-05T15:39:26.485-0400][gc,heap        ] GC(413)  Metaspace       used 42364K, capacity 45602K, committed 45824K, reserved 1089536K
[2021-01-05T15:39:26.485-0400][gc,heap        ] GC(413)   class space    used 4635K, capacity 5868K, committed 5888K, reserved 1048576K
[2021-01-05T15:39:26.485-0400][gc             ] GC(413) Pause Young (Normal) (G1 Evacuation Pause) 64M->45M(78M) 10.767ms
[2021-01-05T15:39:26.485-0400][gc,cpu         ] GC(413) User=0.03s Sys=0.00s Real=0.01s
[2021-01-05T15:39:26.531-0400][gc,heap        ] GC(414) Heap before GC invocations=413 (full 3): garbage-first heap   total 79872K, used 53153K [0x0000000083000000, 0x0000000100000000)
[2021-01-05T15:39:26.531-0400][gc,heap        ] GC(414)   region size 1024K, 9 young (9216K), 1 survivors (1024K)
[2021-01-05T15:39:26.531-0400][gc,heap        ] GC(414)  Metaspace       used 42364K, capacity 45602K, committed 45824K, reserved 1089536K
[2021-01-05T15:39:26.531-0400][gc,heap        ] GC(414)   class space    used 4635K, capacity 5868K, committed 5888K, reserved 1048576K
[2021-01-05T15:39:26.532-0400][gc,start       ] GC(414) Pause Young (Concurrent Start) (G1 Humongous Allocation)
[2021-01-05T15:39:26.532-0400][gc,task        ] GC(414) Using 4 workers of 4 for evacuation
[2021-01-05T15:39:26.543-0400][gc,phases      ] GC(414)   Pre Evacuate Collection Set: 0.4ms
[2021-01-05T15:39:26.543-0400][gc,phases      ] GC(414)   Evacuate Collection Set: 8.7ms
[2021-01-05T15:39:26.543-0400][gc,phases      ] GC(414)   Post Evacuate Collection Set: 1.1ms
[2021-01-05T15:39:26.543-0400][gc,phases      ] GC(414)   Other: 1.4ms
[2021-01-05T15:39:26.543-0400][gc,heap        ] GC(414) Eden regions: 8->0(14)
[2021-01-05T15:39:26.543-0400][gc,heap        ] GC(414) Survivor regions: 1->2(3)
[2021-01-05T15:39:26.543-0400][gc,heap        ] GC(414) Old regions: 43->43
[2021-01-05T15:39:26.543-0400][gc,heap        ] GC(414) Humongous regions: 4->4
[2021-01-05T15:39:26.543-0400][gc,metaspace   ] GC(414) Metaspace: 42364K->42364K(1089536K)
[2021-01-05T15:39:26.543-0400][gc,heap        ] GC(414) Heap after GC invocations=414 (full 3): garbage-first heap   total 79872K, used 47323K [0x0000000083000000, 0x0000000100000000)
[2021-01-05T15:39:26.543-0400][gc,heap        ] GC(414)   region size 1024K, 2 young (2048K), 2 survivors (2048K)
[2021-01-05T15:39:26.543-0400][gc,heap        ] GC(414)  Metaspace       used 42364K, capacity 45602K, committed 45824K, reserved 1089536K
[2021-01-05T15:39:26.543-0400][gc,heap        ] GC(414)   class space    used 4635K, capacity 5868K, committed 5888K, reserved 1048576K
[2021-01-05T15:39:26.544-0400][gc             ] GC(414) Pause Young (Concurrent Start) (G1 Humongous Allocation) 53M->46M(78M) 11.896ms
[2021-01-05T15:39:26.544-0400][gc,cpu         ] GC(414) User=0.03s Sys=0.00s Real=0.01s
[2021-01-05T15:39:26.544-0400][gc             ] GC(415) Concurrent Cycle
[2021-01-05T15:39:26.544-0400][gc,marking     ] GC(415) Concurrent Clear Claimed Marks
[2021-01-05T15:39:26.545-0400][gc,marking     ] GC(415) Concurrent Clear Claimed Marks 0.799ms
[2021-01-05T15:39:26.545-0400][gc,marking     ] GC(415) Concurrent Scan Root Regions
[2021-01-05T15:39:26.552-0400][gc,marking     ] GC(415) Concurrent Scan Root Regions 7.276ms
[2021-01-05T15:39:26.552-0400][gc,marking     ] GC(415) Concurrent Mark (905.171s)
[2021-01-05T15:39:26.553-0400][gc,marking     ] GC(415) Concurrent Mark From Roots
[2021-01-05T15:39:26.553-0400][gc,task        ] GC(415) Using 1 workers of 1 for marking
[2021-01-05T15:39:26.846-0400][gc,marking     ] GC(415) Concurrent Mark From Roots 292.934ms
[2021-01-05T15:39:26.846-0400][gc,marking     ] GC(415) Concurrent Preclean
[2021-01-05T15:39:26.846-0400][gc,marking     ] GC(415) Concurrent Preclean 0.410ms
[2021-01-05T15:39:26.846-0400][gc,marking     ] GC(415) Concurrent Mark (905.171s, 905.465s) 293.618ms
[2021-01-05T15:39:26.848-0400][gc,start       ] GC(415) Pause Remark
[2021-01-05T15:39:26.880-0400][gc,stringtable ] GC(415) Cleaned string and symbol table, strings: 23536 processed, 0 removed, symbols: 95335 processed, 0 removed
[2021-01-05T15:39:26.881-0400][gc             ] GC(415) Pause Remark 50M->50M(78M) 32.833ms
[2021-01-05T15:39:26.881-0400][gc,cpu         ] GC(415) User=0.11s Sys=0.00s Real=0.03s
[2021-01-05T15:39:26.881-0400][gc,marking     ] GC(415) Concurrent Rebuild Remembered Sets
[2021-01-05T15:39:27.046-0400][gc,marking     ] GC(415) Concurrent Rebuild Remembered Sets 164.700ms
[2021-01-05T15:39:27.047-0400][gc,start       ] GC(415) Pause Cleanup
[2021-01-05T15:39:27.048-0400][gc             ] GC(415) Pause Cleanup 50M->50M(78M) 0.427ms
[2021-01-05T15:39:27.048-0400][gc,cpu         ] GC(415) User=0.01s Sys=0.00s Real=0.00s
[2021-01-05T15:39:27.048-0400][gc,marking     ] GC(415) Concurrent Cleanup for Next Mark
[2021-01-05T15:39:27.049-0400][gc,marking     ] GC(415) Concurrent Cleanup for Next Mark 0.951ms
[2021-01-05T15:39:27.049-0400][gc             ] GC(415) Concurrent Cycle 505.236ms
[2021-01-05T15:39:31.035-0400][gc,heap        ] GC(416) Heap before GC invocations=415 (full 3): garbage-first heap   total 79872K, used 62683K [0x0000000083000000, 0x0000000100000000)
[2021-01-05T15:39:31.035-0400][gc,heap        ] GC(416)   region size 1024K, 16 young (16384K), 2 survivors (2048K)
[2021-01-05T15:39:31.035-0400][gc,heap        ] GC(416)  Metaspace       used 42368K, capacity 45602K, committed 45824K, reserved 1089536K
[2021-01-05T15:39:31.035-0400][gc,heap        ] GC(416)   class space    used 4635K, capacity 5868K, committed 5888K, reserved 1048576K
[2021-01-05T15:39:31.035-0400][gc,start       ] GC(416) Pause Young (Prepare Mixed) (G1 Evacuation Pause)
[2021-01-05T15:39:31.035-0400][gc,task        ] GC(416) Using 4 workers of 4 for evacuation
[2021-01-05T15:39:31.042-0400][gc,phases      ] GC(416)   Pre Evacuate Collection Set: 0.0ms
[2021-01-05T15:39:31.042-0400][gc,phases      ] GC(416)   Evacuate Collection Set: 5.0ms
[2021-01-05T15:39:31.043-0400][gc,phases      ] GC(416)   Post Evacuate Collection Set: 1.7ms
[2021-01-05T15:39:31.043-0400][gc,phases      ] GC(416)   Other: 1.1ms
[2021-01-05T15:39:31.043-0400][gc,heap        ] GC(416) Eden regions: 14->0(2)
[2021-01-05T15:39:31.043-0400][gc,heap        ] GC(416) Survivor regions: 2->1(2)
[2021-01-05T15:39:31.043-0400][gc,heap        ] GC(416) Old regions: 43->43
[2021-01-05T15:39:31.043-0400][gc,heap        ] GC(416) Humongous regions: 6->4
[2021-01-05T15:39:31.043-0400][gc,metaspace   ] GC(416) Metaspace: 42368K->42368K(1089536K)
[2021-01-05T15:39:31.043-0400][gc,heap        ] GC(416) Heap after GC invocations=416 (full 3): garbage-first heap   total 79872K, used 46437K [0x0000000083000000, 0x0000000100000000)
[2021-01-05T15:39:31.043-0400][gc,heap        ] GC(416)   region size 1024K, 1 young (1024K), 1 survivors (1024K)
[2021-01-05T15:39:31.043-0400][gc,heap        ] GC(416)  Metaspace       used 42368K, capacity 45602K, committed 45824K, reserved 1089536K
[2021-01-05T15:39:31.043-0400][gc,heap        ] GC(416)   class space    used 4635K, capacity 5868K, committed 5888K, reserved 1048576K
[2021-01-05T15:39:31.043-0400][gc             ] GC(416) Pause Young (Prepare Mixed) (G1 Evacuation Pause) 62M->45M(78M) 8.232ms
[2021-01-05T15:39:31.043-0400][gc,cpu         ] GC(416) User=0.02s Sys=0.01s Real=0.01s
[2021-01-05T15:39:31.103-0400][gc,heap        ] GC(417) Heap before GC invocations=416 (full 3): garbage-first heap   total 79872K, used 47461K [0x0000000083000000, 0x0000000100000000)
[2021-01-05T15:39:31.103-0400][gc,heap        ] GC(417)   region size 1024K, 3 young (3072K), 1 survivors (1024K)
[2021-01-05T15:39:31.103-0400][gc,heap        ] GC(417)  Metaspace       used 42368K, capacity 45602K, committed 45824K, reserved 1089536K
[2021-01-05T15:39:31.103-0400][gc,heap        ] GC(417)   class space    used 4635K, capacity 5868K, committed 5888K, reserved 1048576K
[2021-01-05T15:39:31.103-0400][gc,start       ] GC(417) Pause Young (Mixed) (G1 Evacuation Pause)
[2021-01-05T15:39:31.103-0400][gc,task        ] GC(417) Using 4 workers of 4 for evacuation
[2021-01-05T15:39:31.111-0400][gc,phases      ] GC(417)   Pre Evacuate Collection Set: 0.0ms
[2021-01-05T15:39:31.111-0400][gc,phases      ] GC(417)   Evacuate Collection Set: 6.0ms
[2021-01-05T15:39:31.111-0400][gc,phases      ] GC(417)   Post Evacuate Collection Set: 0.9ms
[2021-01-05T15:39:31.111-0400][gc,phases      ] GC(417)   Other: 1.3ms
[2021-01-05T15:39:31.111-0400][gc,heap        ] GC(417) Eden regions: 2->0(16)
[2021-01-05T15:39:31.111-0400][gc,heap        ] GC(417) Survivor regions: 1->1(1)
[2021-01-05T15:39:31.111-0400][gc,heap        ] GC(417) Old regions: 43->42
[2021-01-05T15:39:31.111-0400][gc,heap        ] GC(417) Humongous regions: 4->4
[2021-01-05T15:39:31.111-0400][gc,metaspace   ] GC(417) Metaspace: 42368K->42368K(1089536K)
[2021-01-05T15:39:31.111-0400][gc,heap        ] GC(417) Heap after GC invocations=417 (full 3): garbage-first heap   total 79872K, used 45759K [0x0000000083000000, 0x0000000100000000)
[2021-01-05T15:39:31.111-0400][gc,heap        ] GC(417)   region size 1024K, 1 young (1024K), 1 survivors (1024K)
[2021-01-05T15:39:31.112-0400][gc,heap        ] GC(417)  Metaspace       used 42368K, capacity 45602K, committed 45824K, reserved 1089536K
[2021-01-05T15:39:31.112-0400][gc,heap        ] GC(417)   class space    used 4635K, capacity 5868K, committed 5888K, reserved 1048576K
[2021-01-05T15:39:31.112-0400][gc             ] GC(417) Pause Young (Mixed) (G1 Evacuation Pause) 47M->44M(78M) 8.608ms
[2021-01-05T15:39:31.112-0400][gc,cpu         ] GC(417) User=0.02s Sys=0.01s Real=0.01s
[2021-01-05T15:39:31.175-0400][gc,task        ] GC(418) Using 3 workers of 4 for full compaction
[2021-01-05T15:39:31.175-0400][gc,start       ] GC(418) Pause Full (System.gc())
[2021-01-05T15:39:31.175-0400][gc,heap        ] GC(418) Heap before GC invocations=417 (full 3): garbage-first heap   total 79872K, used 47807K [0x0000000083000000, 0x0000000100000000)
[2021-01-05T15:39:31.175-0400][gc,heap        ] GC(418)   region size 1024K, 4 young (4096K), 1 survivors (1024K)
[2021-01-05T15:39:31.175-0400][gc,heap        ] GC(418)  Metaspace       used 42368K, capacity 45602K, committed 45824K, reserved 1089536K
[2021-01-05T15:39:31.175-0400][gc,heap        ] GC(418)   class space    used 4635K, capacity 5868K, committed 5888K, reserved 1048576K
[2021-01-05T15:39:31.185-0400][gc,phases,start] GC(418) Phase 1: Mark live objects
[2021-01-05T15:39:31.300-0400][gc,stringtable ] GC(418) Cleaned string and symbol table, strings: 23537 processed, 0 removed, symbols: 95335 processed, 0 removed
[2021-01-05T15:39:31.300-0400][gc,phases      ] GC(418) Phase 1: Mark live objects 114.783ms
[2021-01-05T15:39:31.300-0400][gc,phases,start] GC(418) Phase 2: Prepare for compaction
[2021-01-05T15:39:31.324-0400][gc,phases      ] GC(418) Phase 2: Prepare for compaction 23.461ms
[2021-01-05T15:39:31.324-0400][gc,phases,start] GC(418) Phase 3: Adjust pointers
[2021-01-05T15:39:31.391-0400][gc,phases      ] GC(418) Phase 3: Adjust pointers 66.914ms
[2021-01-05T15:39:31.391-0400][gc,phases,start] GC(418) Phase 4: Compact heap
[2021-01-05T15:39:31.416-0400][gc,phases      ] GC(418) Phase 4: Compact heap 25.626ms
[2021-01-05T15:39:31.443-0400][gc,heap        ] GC(418) Eden regions: 3->0(9)
[2021-01-05T15:39:31.443-0400][gc,heap        ] GC(418) Survivor regions: 1->0(1)
[2021-01-05T15:39:31.443-0400][gc,heap        ] GC(418) Old regions: 42->39
[2021-01-05T15:39:31.443-0400][gc,heap        ] GC(418) Humongous regions: 4->4
[2021-01-05T15:39:31.443-0400][gc,metaspace   ] GC(418) Metaspace: 42368K->42368K(1089536K)
[2021-01-05T15:39:31.443-0400][gc,heap        ] GC(418) Heap after GC invocations=418 (full 4): garbage-first heap   total 63488K, used 41611K [0x0000000083000000, 0x0000000100000000)
[2021-01-05T15:39:31.443-0400][gc,heap        ] GC(418)   region size 1024K, 0 young (0K), 0 survivors (0K)
[2021-01-05T15:39:31.443-0400][gc,heap        ] GC(418)  Metaspace       used 42368K, capacity 45602K, committed 45824K, reserved 1089536K
[2021-01-05T15:39:31.444-0400][gc,heap        ] GC(418)   class space    used 4635K, capacity 5868K, committed 5888K, reserved 1048576K
[2021-01-05T15:39:31.444-0400][gc             ] GC(418) Pause Full (System.gc()) 47M->40M(62M) 268.266ms
[2021-01-05T15:39:31.444-0400][gc,cpu         ] GC(418) User=0.69s Sys=0.01s Real=0.27s
[2021-01-05T15:39:34.298-0400][gc,heap        ] GC(419) Heap before GC invocations=418 (full 4): garbage-first heap   total 63488K, used 50827K [0x0000000083000000, 0x0000000100000000)
[2021-01-05T15:39:34.298-0400][gc,heap        ] GC(419)   region size 1024K, 9 young (9216K), 0 survivors (0K)
[2021-01-05T15:39:34.298-0400][gc,heap        ] GC(419)  Metaspace       used 42368K, capacity 45602K, committed 45824K, reserved 1089536K
[2021-01-05T15:39:34.299-0400][gc,heap        ] GC(419)   class space    used 4635K, capacity 5868K, committed 5888K, reserved 1048576K
[2021-01-05T15:39:34.299-0400][gc,start       ] GC(419) Pause Young (Normal) (G1 Evacuation Pause)
[2021-01-05T15:39:34.299-0400][gc,task        ] GC(419) Using 4 workers of 4 for evacuation
[2021-01-05T15:39:34.306-0400][gc,phases      ] GC(419)   Pre Evacuate Collection Set: 0.0ms
[2021-01-05T15:39:34.306-0400][gc,phases      ] GC(419)   Evacuate Collection Set: 4.6ms
[2021-01-05T15:39:34.306-0400][gc,phases      ] GC(419)   Post Evacuate Collection Set: 1.5ms
[2021-01-05T15:39:34.306-0400][gc,phases      ] GC(419)   Other: 1.1ms
[2021-01-05T15:39:34.306-0400][gc,heap        ] GC(419) Eden regions: 9->0(8)
[2021-01-05T15:39:34.306-0400][gc,heap        ] GC(419) Survivor regions: 0->1(2)
[2021-01-05T15:39:34.306-0400][gc,heap        ] GC(419) Old regions: 39->39
[2021-01-05T15:39:34.306-0400][gc,heap        ] GC(419) Humongous regions: 4->4
[2021-01-05T15:39:34.306-0400][gc,metaspace   ] GC(419) Metaspace: 42368K->42368K(1089536K)
[2021-01-05T15:39:34.306-0400][gc,heap        ] GC(419) Heap after GC invocations=419 (full 4): garbage-first heap   total 63488K, used 42146K [0x0000000083000000, 0x0000000100000000)
[2021-01-05T15:39:34.306-0400][gc,heap        ] GC(419)   region size 1024K, 1 young (1024K), 1 survivors (1024K)
[2021-01-05T15:39:34.306-0400][gc,heap        ] GC(419)  Metaspace       used 42368K, capacity 45602K, committed 45824K, reserved 1089536K
[2021-01-05T15:39:34.306-0400][gc,heap        ] GC(419)   class space    used 4635K, capacity 5868K, committed 5888K, reserved 1048576K
[2021-01-05T15:39:34.306-0400][gc             ] GC(419) Pause Young (Normal) (G1 Evacuation Pause) 49M->41M(62M) 7.569ms
[2021-01-05T15:39:34.307-0400][gc,cpu         ] GC(419) User=0.02s Sys=0.00s Real=0.01s
[2021-01-05T15:39:34.399-0400][gc,heap        ] GC(420) Heap before GC invocations=419 (full 4): garbage-first heap   total 63488K, used 50338K [0x0000000083000000, 0x0000000100000000)
[2021-01-05T15:39:34.399-0400][gc,heap        ] GC(420)   region size 1024K, 9 young (9216K), 1 survivors (1024K)
[2021-01-05T15:39:34.399-0400][gc,heap        ] GC(420)  Metaspace       used 42368K, capacity 45602K, committed 45824K, reserved 1089536K
[2021-01-05T15:39:34.399-0400][gc,heap        ] GC(420)   class space    used 4635K, capacity 5868K, committed 5888K, reserved 1048576K
[2021-01-05T15:39:34.399-0400][gc,start       ] GC(420) Pause Young (Normal) (G1 Evacuation Pause)
[2021-01-05T15:39:34.399-0400][gc,task        ] GC(420) Using 4 workers of 4 for evacuation
[2021-01-05T15:39:34.406-0400][gc,phases      ] GC(420)   Pre Evacuate Collection Set: 0.0ms
[2021-01-05T15:39:34.406-0400][gc,phases      ] GC(420)   Evacuate Collection Set: 4.6ms
[2021-01-05T15:39:34.406-0400][gc,phases      ] GC(420)   Post Evacuate Collection Set: 0.9ms
[2021-01-05T15:39:34.406-0400][gc,phases      ] GC(420)   Other: 1.1ms
[2021-01-05T15:39:34.406-0400][gc,heap        ] GC(420) Eden regions: 8->0(9)
[2021-01-05T15:39:34.406-0400][gc,heap        ] GC(420) Survivor regions: 1->1(2)
[2021-01-05T15:39:34.406-0400][gc,heap        ] GC(420) Old regions: 39->39
[2021-01-05T15:39:34.406-0400][gc,heap        ] GC(420) Humongous regions: 4->4
[2021-01-05T15:39:34.406-0400][gc,metaspace   ] GC(420) Metaspace: 42368K->42368K(1089536K)
[2021-01-05T15:39:34.406-0400][gc,heap        ] GC(420) Heap after GC invocations=420 (full 4): garbage-first heap   total 63488K, used 41695K [0x0000000083000000, 0x0000000100000000)
[2021-01-05T15:39:34.406-0400][gc,heap        ] GC(420)   region size 1024K, 1 young (1024K), 1 survivors (1024K)
[2021-01-05T15:39:34.406-0400][gc,heap        ] GC(420)  Metaspace       used 42368K, capacity 45602K, committed 45824K, reserved 1089536K
[2021-01-05T15:39:34.406-0400][gc,heap        ] GC(420)   class space    used 4635K, capacity 5868K, committed 5888K, reserved 1048576K
[2021-01-05T15:39:34.406-0400][gc             ] GC(420) Pause Young (Normal) (G1 Evacuation Pause) 49M->40M(62M) 6.995ms
[2021-01-05T15:39:34.407-0400][gc,cpu         ] GC(420) User=0.01s Sys=0.00s Real=0.01s
[2021-01-05T15:39:38.610-0400][gc,heap        ] GC(421) Heap before GC invocations=420 (full 4): garbage-first heap   total 63488K, used 49887K [0x0000000083000000, 0x0000000100000000)
[2021-01-05T15:39:38.610-0400][gc,heap        ] GC(421)   region size 1024K, 10 young (10240K), 1 survivors (1024K)
[2021-01-05T15:39:38.610-0400][gc,heap        ] GC(421)  Metaspace       used 42368K, capacity 45602K, committed 45824K, reserved 1089536K
[2021-01-05T15:39:38.610-0400][gc,heap        ] GC(421)   class space    used 4635K, capacity 5868K, committed 5888K, reserved 1048576K
[2021-01-05T15:39:38.610-0400][gc,start       ] GC(421) Pause Young (Concurrent Start) (G1 Evacuation Pause)
[2021-01-05T15:39:38.610-0400][gc,task        ] GC(421) Using 4 workers of 4 for evacuation
[2021-01-05T15:39:38.625-0400][gc,phases      ] GC(421)   Pre Evacuate Collection Set: 0.4ms
[2021-01-05T15:39:38.625-0400][gc,phases      ] GC(421)   Evacuate Collection Set: 11.5ms
[2021-01-05T15:39:38.625-0400][gc,phases      ] GC(421)   Post Evacuate Collection Set: 1.8ms
[2021-01-05T15:39:38.625-0400][gc,phases      ] GC(421)   Other: 1.3ms
[2021-01-05T15:39:38.625-0400][gc,heap        ] GC(421) Eden regions: 9->0(8)
[2021-01-05T15:39:38.625-0400][gc,heap        ] GC(421) Survivor regions: 1->2(2)
[2021-01-05T15:39:38.625-0400][gc,heap        ] GC(421) Old regions: 39->39
[2021-01-05T15:39:38.625-0400][gc,heap        ] GC(421) Humongous regions: 4->4
[2021-01-05T15:39:38.625-0400][gc,metaspace   ] GC(421) Metaspace: 42368K->42368K(1089536K)
[2021-01-05T15:39:38.626-0400][gc,heap        ] GC(421) Heap after GC invocations=421 (full 4): garbage-first heap   total 63488K, used 42710K [0x0000000083000000, 0x0000000100000000)
[2021-01-05T15:39:38.626-0400][gc,heap        ] GC(421)   region size 1024K, 2 young (2048K), 2 survivors (2048K)
[2021-01-05T15:39:38.626-0400][gc,heap        ] GC(421)  Metaspace       used 42368K, capacity 45602K, committed 45824K, reserved 1089536K
[2021-01-05T15:39:38.626-0400][gc,heap        ] GC(421)   class space    used 4635K, capacity 5868K, committed 5888K, reserved 1048576K
[2021-01-05T15:39:38.626-0400][gc             ] GC(421) Pause Young (Concurrent Start) (G1 Evacuation Pause) 49M->41M(62M) 15.476ms
[2021-01-05T15:39:38.626-0400][gc,cpu         ] GC(421) User=0.04s Sys=0.01s Real=0.02s
[2021-01-05T15:39:38.626-0400][gc             ] GC(422) Concurrent Cycle
[2021-01-05T15:39:38.626-0400][gc,marking     ] GC(422) Concurrent Clear Claimed Marks
[2021-01-05T15:39:38.627-0400][gc,marking     ] GC(422) Concurrent Clear Claimed Marks 0.637ms
[2021-01-05T15:39:38.627-0400][gc,marking     ] GC(422) Concurrent Scan Root Regions
[2021-01-05T15:39:38.635-0400][gc,marking     ] GC(422) Concurrent Scan Root Regions 8.108ms
[2021-01-05T15:39:38.635-0400][gc,marking     ] GC(422) Concurrent Mark (917.254s)
[2021-01-05T15:39:38.635-0400][gc,marking     ] GC(422) Concurrent Mark From Roots
[2021-01-05T15:39:38.635-0400][gc,task        ] GC(422) Using 1 workers of 1 for marking
[2021-01-05T15:39:38.697-0400][gc,heap        ] GC(423) Heap before GC invocations=421 (full 4): garbage-first heap   total 63488K, used 51926K [0x0000000083000000, 0x0000000100000000)
[2021-01-05T15:39:38.697-0400][gc,heap        ] GC(423)   region size 1024K, 11 young (11264K), 2 survivors (2048K)
[2021-01-05T15:39:38.697-0400][gc,heap        ] GC(423)  Metaspace       used 42368K, capacity 45602K, committed 45824K, reserved 1089536K
[2021-01-05T15:39:38.697-0400][gc,heap        ] GC(423)   class space    used 4635K, capacity 5868K, committed 5888K, reserved 1048576K
[2021-01-05T15:39:38.697-0400][gc,start       ] GC(423) Pause Young (Normal) (GCLocker Initiated GC)
[2021-01-05T15:39:38.697-0400][gc,task        ] GC(423) Using 4 workers of 4 for evacuation
[2021-01-05T15:39:38.703-0400][gc,phases      ] GC(423)   Pre Evacuate Collection Set: 0.0ms
[2021-01-05T15:39:38.703-0400][gc,phases      ] GC(423)   Evacuate Collection Set: 4.6ms
[2021-01-05T15:39:38.703-0400][gc,phases      ] GC(423)   Post Evacuate Collection Set: 1.0ms
[2021-01-05T15:39:38.704-0400][gc,phases      ] GC(423)   Other: 1.1ms
[2021-01-05T15:39:38.704-0400][gc,heap        ] GC(423) Eden regions: 9->0(8)
[2021-01-05T15:39:38.704-0400][gc,heap        ] GC(423) Survivor regions: 2->1(2)
[2021-01-05T15:39:38.704-0400][gc,heap        ] GC(423) Old regions: 39->40
[2021-01-05T15:39:38.704-0400][gc,heap        ] GC(423) Humongous regions: 6->4
[2021-01-05T15:39:38.704-0400][gc,metaspace   ] GC(423) Metaspace: 42368K->42368K(1089536K)
[2021-01-05T15:39:38.704-0400][gc,heap        ] GC(423) Heap after GC invocations=422 (full 4): garbage-first heap   total 63488K, used 42330K [0x0000000083000000, 0x0000000100000000)
[2021-01-05T15:39:38.704-0400][gc,heap        ] GC(423)   region size 1024K, 1 young (1024K), 1 survivors (1024K)
[2021-01-05T15:39:38.704-0400][gc,heap        ] GC(423)  Metaspace       used 42368K, capacity 45602K, committed 45824K, reserved 1089536K
[2021-01-05T15:39:38.704-0400][gc,heap        ] GC(423)   class space    used 4635K, capacity 5868K, committed 5888K, reserved 1048576K
[2021-01-05T15:39:38.704-0400][gc             ] GC(423) Pause Young (Normal) (GCLocker Initiated GC) 52M->41M(62M) 7.096ms
[2021-01-05T15:39:38.704-0400][gc,cpu         ] GC(423) User=0.01s Sys=0.00s Real=0.00s
[2021-01-05T15:39:38.806-0400][gc,heap        ] GC(424) Heap before GC invocations=422 (full 4): garbage-first heap   total 63488K, used 50522K [0x0000000083000000, 0x0000000100000000)
[2021-01-05T15:39:38.806-0400][gc,heap        ] GC(424)   region size 1024K, 9 young (9216K), 1 survivors (1024K)
[2021-01-05T15:39:38.806-0400][gc,heap        ] GC(424)  Metaspace       used 42368K, capacity 45602K, committed 45824K, reserved 1089536K
[2021-01-05T15:39:38.806-0400][gc,heap        ] GC(424)   class space    used 4635K, capacity 5868K, committed 5888K, reserved 1048576K
[2021-01-05T15:39:38.806-0400][gc,start       ] GC(424) Pause Young (Normal) (G1 Evacuation Pause)
[2021-01-05T15:39:38.806-0400][gc,task        ] GC(424) Using 4 workers of 4 for evacuation
[2021-01-05T15:39:38.814-0400][gc,phases      ] GC(424)   Pre Evacuate Collection Set: 0.0ms
[2021-01-05T15:39:38.814-0400][gc,phases      ] GC(424)   Evacuate Collection Set: 6.1ms
[2021-01-05T15:39:38.814-0400][gc,phases      ] GC(424)   Post Evacuate Collection Set: 1.4ms
[2021-01-05T15:39:38.814-0400][gc,phases      ] GC(424)   Other: 1.2ms
[2021-01-05T15:39:38.814-0400][gc,heap        ] GC(424) Eden regions: 8->0(8)
[2021-01-05T15:39:38.814-0400][gc,heap        ] GC(424) Survivor regions: 1->1(2)
[2021-01-05T15:39:38.815-0400][gc,heap        ] GC(424) Old regions: 40->40
[2021-01-05T15:39:38.815-0400][gc,heap        ] GC(424) Humongous regions: 4->4
[2021-01-05T15:39:38.815-0400][gc,metaspace   ] GC(424) Metaspace: 42368K->42368K(1089536K)
[2021-01-05T15:39:38.815-0400][gc,heap        ] GC(424) Heap after GC invocations=423 (full 4): garbage-first heap   total 63488K, used 42233K [0x0000000083000000, 0x0000000100000000)
[2021-01-05T15:39:38.815-0400][gc,heap        ] GC(424)   region size 1024K, 1 young (1024K), 1 survivors (1024K)
[2021-01-05T15:39:38.815-0400][gc,heap        ] GC(424)  Metaspace       used 42368K, capacity 45602K, committed 45824K, reserved 1089536K
[2021-01-05T15:39:38.815-0400][gc,heap        ] GC(424)   class space    used 4635K, capacity 5868K, committed 5888K, reserved 1048576K
[2021-01-05T15:39:38.815-0400][gc             ] GC(424) Pause Young (Normal) (G1 Evacuation Pause) 49M->41M(62M) 8.942ms
[2021-01-05T15:39:38.815-0400][gc,cpu         ] GC(424) User=0.02s Sys=0.01s Real=0.00s
[2021-01-05T15:39:38.977-0400][gc,marking     ] GC(422) Concurrent Mark From Roots 341.914ms
[2021-01-05T15:39:38.977-0400][gc,marking     ] GC(422) Concurrent Preclean
[2021-01-05T15:39:38.978-0400][gc,marking     ] GC(422) Concurrent Preclean 0.456ms
[2021-01-05T15:39:38.978-0400][gc,marking     ] GC(422) Concurrent Mark (917.254s, 917.597s) 342.665ms
[2021-01-05T15:39:38.979-0400][gc,start       ] GC(422) Pause Remark
[2021-01-05T15:39:39.021-0400][gc,stringtable ] GC(422) Cleaned string and symbol table, strings: 23537 processed, 0 removed, symbols: 95335 processed, 0 removed
[2021-01-05T15:39:39.021-0400][gc             ] GC(422) Pause Remark 42M->42M(62M) 42.073ms
[2021-01-05T15:39:39.022-0400][gc,cpu         ] GC(422) User=0.15s Sys=0.00s Real=0.04s
[2021-01-05T15:39:39.023-0400][gc,marking     ] GC(422) Concurrent Rebuild Remembered Sets
[2021-01-05T15:39:39.186-0400][gc,marking     ] GC(422) Concurrent Rebuild Remembered Sets 163.274ms
[2021-01-05T15:39:39.187-0400][gc,start       ] GC(422) Pause Cleanup
[2021-01-05T15:39:39.188-0400][gc             ] GC(422) Pause Cleanup 42M->42M(62M) 0.583ms
[2021-01-05T15:39:39.188-0400][gc,cpu         ] GC(422) User=0.00s Sys=0.00s Real=0.00s
[2021-01-05T15:39:39.188-0400][gc,marking     ] GC(422) Concurrent Cleanup for Next Mark
[2021-01-05T15:39:39.189-0400][gc,marking     ] GC(422) Concurrent Cleanup for Next Mark 0.978ms
[2021-01-05T15:39:39.190-0400][gc             ] GC(422) Concurrent Cycle 563.486ms
[2021-01-05T15:39:46.171-0400][gc,heap        ] GC(425) Heap before GC invocations=424 (full 4): garbage-first heap   total 63488K, used 50425K [0x0000000083000000, 0x0000000100000000)
[2021-01-05T15:39:46.171-0400][gc,heap        ] GC(425)   region size 1024K, 9 young (9216K), 1 survivors (1024K)
[2021-01-05T15:39:46.171-0400][gc,heap        ] GC(425)  Metaspace       used 42369K, capacity 45602K, committed 45824K, reserved 1089536K
[2021-01-05T15:39:46.171-0400][gc,heap        ] GC(425)   class space    used 4635K, capacity 5868K, committed 5888K, reserved 1048576K
[2021-01-05T15:39:46.171-0400][gc,start       ] GC(425) Pause Young (Normal) (G1 Evacuation Pause)
[2021-01-05T15:39:46.171-0400][gc,task        ] GC(425) Using 4 workers of 4 for evacuation
[2021-01-05T15:39:46.178-0400][gc,phases      ] GC(425)   Pre Evacuate Collection Set: 0.0ms
[2021-01-05T15:39:46.178-0400][gc,phases      ] GC(425)   Evacuate Collection Set: 4.1ms
[2021-01-05T15:39:46.178-0400][gc,phases      ] GC(425)   Post Evacuate Collection Set: 1.4ms
[2021-01-05T15:39:46.178-0400][gc,phases      ] GC(425)   Other: 1.2ms
[2021-01-05T15:39:46.178-0400][gc,heap        ] GC(425) Eden regions: 8->0(8)
[2021-01-05T15:39:46.178-0400][gc,heap        ] GC(425) Survivor regions: 1->1(2)
[2021-01-05T15:39:46.178-0400][gc,heap        ] GC(425) Old regions: 40->40
[2021-01-05T15:39:46.178-0400][gc,heap        ] GC(425) Humongous regions: 4->4
[2021-01-05T15:39:46.178-0400][gc,metaspace   ] GC(425) Metaspace: 42369K->42369K(1089536K)
[2021-01-05T15:39:46.178-0400][gc,heap        ] GC(425) Heap after GC invocations=425 (full 4): garbage-first heap   total 63488K, used 41947K [0x0000000083000000, 0x0000000100000000)
[2021-01-05T15:39:46.178-0400][gc,heap        ] GC(425)   region size 1024K, 1 young (1024K), 1 survivors (1024K)
[2021-01-05T15:39:46.178-0400][gc,heap        ] GC(425)  Metaspace       used 42369K, capacity 45602K, committed 45824K, reserved 1089536K
[2021-01-05T15:39:46.178-0400][gc,heap        ] GC(425)   class space    used 4635K, capacity 5868K, committed 5888K, reserved 1048576K
[2021-01-05T15:39:46.178-0400][gc             ] GC(425) Pause Young (Normal) (G1 Evacuation Pause) 49M->40M(62M) 6.985ms
[2021-01-05T15:39:46.179-0400][gc,cpu         ] GC(425) User=0.01s Sys=0.00s Real=0.01s
[2021-01-05T15:39:46.319-0400][gc,heap        ] GC(426) Heap before GC invocations=425 (full 4): garbage-first heap   total 63488K, used 50139K [0x0000000083000000, 0x0000000100000000)
[2021-01-05T15:39:46.319-0400][gc,heap        ] GC(426)   region size 1024K, 9 young (9216K), 1 survivors (1024K)
[2021-01-05T15:39:46.319-0400][gc,heap        ] GC(426)  Metaspace       used 42369K, capacity 45602K, committed 45824K, reserved 1089536K
[2021-01-05T15:39:46.319-0400][gc,heap        ] GC(426)   class space    used 4635K, capacity 5868K, committed 5888K, reserved 1048576K
[2021-01-05T15:39:46.320-0400][gc,start       ] GC(426) Pause Young (Concurrent Start) (G1 Evacuation Pause)
[2021-01-05T15:39:46.320-0400][gc,task        ] GC(426) Using 4 workers of 4 for evacuation
[2021-01-05T15:39:46.329-0400][gc,phases      ] GC(426)   Pre Evacuate Collection Set: 0.4ms
[2021-01-05T15:39:46.329-0400][gc,phases      ] GC(426)   Evacuate Collection Set: 6.6ms
[2021-01-05T15:39:46.329-0400][gc,phases      ] GC(426)   Post Evacuate Collection Set: 1.3ms
[2021-01-05T15:39:46.329-0400][gc,phases      ] GC(426)   Other: 1.4ms
[2021-01-05T15:39:46.329-0400][gc,heap        ] GC(426) Eden regions: 8->0(8)
[2021-01-05T15:39:46.329-0400][gc,heap        ] GC(426) Survivor regions: 1->1(2)
[2021-01-05T15:39:46.329-0400][gc,heap        ] GC(426) Old regions: 40->40
[2021-01-05T15:39:46.329-0400][gc,heap        ] GC(426) Humongous regions: 4->4
[2021-01-05T15:39:46.329-0400][gc,metaspace   ] GC(426) Metaspace: 42369K->42369K(1089536K)
[2021-01-05T15:39:46.329-0400][gc,heap        ] GC(426) Heap after GC invocations=426 (full 4): garbage-first heap   total 63488K, used 42141K [0x0000000083000000, 0x0000000100000000)
[2021-01-05T15:39:46.329-0400][gc,heap        ] GC(426)   region size 1024K, 1 young (1024K), 1 survivors (1024K)
[2021-01-05T15:39:46.329-0400][gc,heap        ] GC(426)  Metaspace       used 42369K, capacity 45602K, committed 45824K, reserved 1089536K
[2021-01-05T15:39:46.329-0400][gc,heap        ] GC(426)   class space    used 4635K, capacity 5868K, committed 5888K, reserved 1048576K
[2021-01-05T15:39:46.329-0400][gc             ] GC(426) Pause Young (Concurrent Start) (G1 Evacuation Pause) 48M->41M(62M) 9.869ms
[2021-01-05T15:39:46.330-0400][gc,cpu         ] GC(426) User=0.02s Sys=0.01s Real=0.01s
[2021-01-05T15:39:46.330-0400][gc             ] GC(427) Concurrent Cycle
[2021-01-05T15:39:46.330-0400][gc,marking     ] GC(427) Concurrent Clear Claimed Marks
[2021-01-05T15:39:46.330-0400][gc,marking     ] GC(427) Concurrent Clear Claimed Marks 0.440ms
[2021-01-05T15:39:46.331-0400][gc,marking     ] GC(427) Concurrent Scan Root Regions
[2021-01-05T15:39:46.334-0400][gc,marking     ] GC(427) Concurrent Scan Root Regions 2.973ms
[2021-01-05T15:39:46.334-0400][gc,marking     ] GC(427) Concurrent Mark (924.952s)
[2021-01-05T15:39:46.334-0400][gc,marking     ] GC(427) Concurrent Mark From Roots
[2021-01-05T15:39:46.334-0400][gc,task        ] GC(427) Using 1 workers of 1 for marking
[2021-01-05T15:39:46.620-0400][gc,marking     ] GC(427) Concurrent Mark From Roots 286.687ms
[2021-01-05T15:39:46.621-0400][gc,marking     ] GC(427) Concurrent Preclean
[2021-01-05T15:39:46.621-0400][gc,marking     ] GC(427) Concurrent Preclean 0.338ms
[2021-01-05T15:39:46.621-0400][gc,marking     ] GC(427) Concurrent Mark (924.952s, 925.240s) 287.237ms
[2021-01-05T15:39:46.622-0400][gc,start       ] GC(427) Pause Remark
[2021-01-05T15:39:46.655-0400][gc,stringtable ] GC(427) Cleaned string and symbol table, strings: 23537 processed, 0 removed, symbols: 95335 processed, 0 removed
[2021-01-05T15:39:46.655-0400][gc             ] GC(427) Pause Remark 46M->46M(62M) 33.343ms
[2021-01-05T15:39:46.656-0400][gc,cpu         ] GC(427) User=0.11s Sys=0.00s Real=0.04s
[2021-01-05T15:39:46.656-0400][gc,marking     ] GC(427) Concurrent Rebuild Remembered Sets
[2021-01-05T15:39:46.816-0400][gc,marking     ] GC(427) Concurrent Rebuild Remembered Sets 159.658ms
[2021-01-05T15:39:46.817-0400][gc,start       ] GC(427) Pause Cleanup
[2021-01-05T15:39:46.817-0400][gc             ] GC(427) Pause Cleanup 46M->46M(62M) 0.406ms
[2021-01-05T15:39:46.817-0400][gc,cpu         ] GC(427) User=0.00s Sys=0.00s Real=0.00s
[2021-01-05T15:39:46.818-0400][gc,marking     ] GC(427) Concurrent Cleanup for Next Mark
[2021-01-05T15:39:46.819-0400][gc,marking     ] GC(427) Concurrent Cleanup for Next Mark 0.691ms
[2021-01-05T15:39:46.819-0400][gc             ] GC(427) Concurrent Cycle 488.782ms
[2021-01-05T15:39:49.305-0400][gc,heap        ] GC(428) Heap before GC invocations=427 (full 4): garbage-first heap   total 63488K, used 49309K [0x0000000083000000, 0x0000000100000000)
[2021-01-05T15:39:49.305-0400][gc,heap        ] GC(428)   region size 1024K, 9 young (9216K), 1 survivors (1024K)
[2021-01-05T15:39:49.305-0400][gc,heap        ] GC(428)  Metaspace       used 42370K, capacity 45602K, committed 45824K, reserved 1089536K
[2021-01-05T15:39:49.305-0400][gc,heap        ] GC(428)   class space    used 4635K, capacity 5868K, committed 5888K, reserved 1048576K
[2021-01-05T15:39:49.306-0400][gc,start       ] GC(428) Pause Young (Normal) (G1 Evacuation Pause)
[2021-01-05T15:39:49.306-0400][gc,task        ] GC(428) Using 4 workers of 4 for evacuation
[2021-01-05T15:39:49.318-0400][gc,phases      ] GC(428)   Pre Evacuate Collection Set: 0.0ms
[2021-01-05T15:39:49.318-0400][gc,phases      ] GC(428)   Evacuate Collection Set: 10.1ms
[2021-01-05T15:39:49.319-0400][gc,phases      ] GC(428)   Post Evacuate Collection Set: 1.8ms
[2021-01-05T15:39:49.319-0400][gc,phases      ] GC(428)   Other: 1.2ms
[2021-01-05T15:39:49.319-0400][gc,heap        ] GC(428) Eden regions: 8->0(8)
[2021-01-05T15:39:49.319-0400][gc,heap        ] GC(428) Survivor regions: 1->1(2)
[2021-01-05T15:39:49.319-0400][gc,heap        ] GC(428) Old regions: 40->40
[2021-01-05T15:39:49.319-0400][gc,heap        ] GC(428) Humongous regions: 4->4
[2021-01-05T15:39:49.319-0400][gc,metaspace   ] GC(428) Metaspace: 42370K->42370K(1089536K)
[2021-01-05T15:39:49.319-0400][gc,heap        ] GC(428) Heap after GC invocations=428 (full 4): garbage-first heap   total 63488K, used 42142K [0x0000000083000000, 0x0000000100000000)
[2021-01-05T15:39:49.319-0400][gc,heap        ] GC(428)   region size 1024K, 1 young (1024K), 1 survivors (1024K)
[2021-01-05T15:39:49.319-0400][gc,heap        ] GC(428)  Metaspace       used 42370K, capacity 45602K, committed 45824K, reserved 1089536K
[2021-01-05T15:39:49.319-0400][gc,heap        ] GC(428)   class space    used 4635K, capacity 5868K, committed 5888K, reserved 1048576K
[2021-01-05T15:39:49.319-0400][gc             ] GC(428) Pause Young (Normal) (G1 Evacuation Pause) 49M->41M(62M) 13.705ms
[2021-01-05T15:39:49.319-0400][gc,cpu         ] GC(428) User=0.03s Sys=0.00s Real=0.02s
[2021-01-05T15:39:49.398-0400][gc,heap        ] GC(429) Heap before GC invocations=428 (full 4): garbage-first heap   total 63488K, used 49310K [0x0000000083000000, 0x0000000100000000)
[2021-01-05T15:39:49.399-0400][gc,heap        ] GC(429)   region size 1024K, 9 young (9216K), 1 survivors (1024K)
[2021-01-05T15:39:49.399-0400][gc,heap        ] GC(429)  Metaspace       used 42376K, capacity 45602K, committed 45824K, reserved 1089536K
[2021-01-05T15:39:49.399-0400][gc,heap        ] GC(429)   class space    used 4635K, capacity 5868K, committed 5888K, reserved 1048576K
[2021-01-05T15:39:49.399-0400][gc,start       ] GC(429) Pause Young (Concurrent Start) (G1 Evacuation Pause)
[2021-01-05T15:39:49.399-0400][gc,task        ] GC(429) Using 4 workers of 4 for evacuation
[2021-01-05T15:39:49.411-0400][gc,phases      ] GC(429)   Pre Evacuate Collection Set: 0.7ms
[2021-01-05T15:39:49.411-0400][gc,phases      ] GC(429)   Evacuate Collection Set: 9.4ms
[2021-01-05T15:39:49.411-0400][gc,phases      ] GC(429)   Post Evacuate Collection Set: 1.4ms
[2021-01-05T15:39:49.412-0400][gc,phases      ] GC(429)   Other: 1.5ms
[2021-01-05T15:39:49.412-0400][gc,heap        ] GC(429) Eden regions: 8->0(7)
[2021-01-05T15:39:49.412-0400][gc,heap        ] GC(429) Survivor regions: 1->2(2)
[2021-01-05T15:39:49.412-0400][gc,heap        ] GC(429) Old regions: 40->40
[2021-01-05T15:39:49.412-0400][gc,heap        ] GC(429) Humongous regions: 4->4
[2021-01-05T15:39:49.412-0400][gc,metaspace   ] GC(429) Metaspace: 42376K->42376K(1089536K)
[2021-01-05T15:39:49.412-0400][gc,heap        ] GC(429) Heap after GC invocations=429 (full 4): garbage-first heap   total 63488K, used 43146K [0x0000000083000000, 0x0000000100000000)
[2021-01-05T15:39:49.412-0400][gc,heap        ] GC(429)   region size 1024K, 2 young (2048K), 2 survivors (2048K)
[2021-01-05T15:39:49.412-0400][gc,heap        ] GC(429)  Metaspace       used 42376K, capacity 45602K, committed 45824K, reserved 1089536K
[2021-01-05T15:39:49.412-0400][gc,heap        ] GC(429)   class space    used 4635K, capacity 5868K, committed 5888K, reserved 1048576K
[2021-01-05T15:39:49.412-0400][gc             ] GC(429) Pause Young (Concurrent Start) (G1 Evacuation Pause) 49M->42M(62M) 13.153ms
[2021-01-05T15:39:49.413-0400][gc,cpu         ] GC(429) User=0.03s Sys=0.01s Real=0.01s
[2021-01-05T15:39:49.413-0400][gc             ] GC(430) Concurrent Cycle
[2021-01-05T15:39:49.414-0400][gc,marking     ] GC(430) Concurrent Clear Claimed Marks
[2021-01-05T15:39:49.415-0400][gc,marking     ] GC(430) Concurrent Clear Claimed Marks 1.477ms
[2021-01-05T15:39:49.415-0400][gc,marking     ] GC(430) Concurrent Scan Root Regions
[2021-01-05T15:39:49.422-0400][gc,marking     ] GC(430) Concurrent Scan Root Regions 6.770ms
[2021-01-05T15:39:49.422-0400][gc,marking     ] GC(430) Concurrent Mark (928.041s)
[2021-01-05T15:39:49.422-0400][gc,marking     ] GC(430) Concurrent Mark From Roots
[2021-01-05T15:39:49.422-0400][gc,task        ] GC(430) Using 1 workers of 1 for marking
[2021-01-05T15:39:49.691-0400][gc,marking     ] GC(430) Concurrent Mark From Roots 268.649ms
[2021-01-05T15:39:49.691-0400][gc,marking     ] GC(430) Concurrent Preclean
[2021-01-05T15:39:49.691-0400][gc,marking     ] GC(430) Concurrent Preclean 0.297ms
[2021-01-05T15:39:49.691-0400][gc,marking     ] GC(430) Concurrent Mark (928.041s, 928.310s) 269.169ms
[2021-01-05T15:39:49.692-0400][gc,start       ] GC(430) Pause Remark
[2021-01-05T15:39:49.724-0400][gc,stringtable ] GC(430) Cleaned string and symbol table, strings: 23545 processed, 0 removed, symbols: 95335 processed, 0 removed
[2021-01-05T15:39:49.724-0400][gc             ] GC(430) Pause Remark 48M->48M(62M) 31.920ms
[2021-01-05T15:39:49.725-0400][gc,cpu         ] GC(430) User=0.11s Sys=0.01s Real=0.03s
[2021-01-05T15:39:49.725-0400][gc,marking     ] GC(430) Concurrent Rebuild Remembered Sets
[2021-01-05T15:39:49.883-0400][gc,marking     ] GC(430) Concurrent Rebuild Remembered Sets 157.865ms
[2021-01-05T15:39:49.884-0400][gc,start       ] GC(430) Pause Cleanup
[2021-01-05T15:39:49.884-0400][gc             ] GC(430) Pause Cleanup 48M->48M(62M) 0.413ms
[2021-01-05T15:39:49.885-0400][gc,cpu         ] GC(430) User=0.01s Sys=0.00s Real=0.00s
[2021-01-05T15:39:49.885-0400][gc,marking     ] GC(430) Concurrent Cleanup for Next Mark
[2021-01-05T15:39:49.886-0400][gc,marking     ] GC(430) Concurrent Cleanup for Next Mark 0.782ms
[2021-01-05T15:39:49.886-0400][gc             ] GC(430) Concurrent Cycle 472.536ms
[2021-01-05T15:39:52.945-0400][gc,heap        ] GC(431) Heap before GC invocations=430 (full 4): garbage-first heap   total 63488K, used 51338K [0x0000000083000000, 0x0000000100000000)
[2021-01-05T15:39:52.945-0400][gc,heap        ] GC(431)   region size 1024K, 9 young (9216K), 2 survivors (2048K)
[2021-01-05T15:39:52.945-0400][gc,heap        ] GC(431)  Metaspace       used 42376K, capacity 45602K, committed 45824K, reserved 1089536K
[2021-01-05T15:39:52.945-0400][gc,heap        ] GC(431)   class space    used 4635K, capacity 5868K, committed 5888K, reserved 1048576K
[2021-01-05T15:39:52.946-0400][gc,start       ] GC(431) Pause Young (Normal) (G1 Evacuation Pause)
[2021-01-05T15:39:52.946-0400][gc,task        ] GC(431) Using 4 workers of 4 for evacuation
[2021-01-05T15:39:52.953-0400][gc,phases      ] GC(431)   Pre Evacuate Collection Set: 0.0ms
[2021-01-05T15:39:52.953-0400][gc,phases      ] GC(431)   Evacuate Collection Set: 5.2ms
[2021-01-05T15:39:52.953-0400][gc,phases      ] GC(431)   Post Evacuate Collection Set: 1.4ms
[2021-01-05T15:39:52.953-0400][gc,phases      ] GC(431)   Other: 1.2ms
[2021-01-05T15:39:52.953-0400][gc,heap        ] GC(431) Eden regions: 7->0(8)
[2021-01-05T15:39:52.953-0400][gc,heap        ] GC(431) Survivor regions: 2->1(2)
[2021-01-05T15:39:52.953-0400][gc,heap        ] GC(431) Old regions: 40->40
[2021-01-05T15:39:52.954-0400][gc,heap        ] GC(431) Humongous regions: 6->4
[2021-01-05T15:39:52.954-0400][gc,metaspace   ] GC(431) Metaspace: 42376K->42376K(1089536K)
[2021-01-05T15:39:52.954-0400][gc,heap        ] GC(431) Heap after GC invocations=431 (full 4): garbage-first heap   total 63488K, used 42089K [0x0000000083000000, 0x0000000100000000)
[2021-01-05T15:39:52.954-0400][gc,heap        ] GC(431)   region size 1024K, 1 young (1024K), 1 survivors (1024K)
[2021-01-05T15:39:52.954-0400][gc,heap        ] GC(431)  Metaspace       used 42376K, capacity 45602K, committed 45824K, reserved 1089536K
[2021-01-05T15:39:52.954-0400][gc,heap        ] GC(431)   class space    used 4635K, capacity 5868K, committed 5888K, reserved 1048576K
[2021-01-05T15:39:52.954-0400][gc             ] GC(431) Pause Young (Normal) (G1 Evacuation Pause) 51M->41M(62M) 8.326ms
[2021-01-05T15:39:52.954-0400][gc,cpu         ] GC(431) User=0.02s Sys=0.01s Real=0.01s
[2021-01-05T15:39:53.572-0400][gc,heap        ] GC(432) Heap before GC invocations=431 (full 4): garbage-first heap   total 63488K, used 50281K [0x0000000083000000, 0x0000000100000000)
[2021-01-05T15:39:53.572-0400][gc,heap        ] GC(432)   region size 1024K, 9 young (9216K), 1 survivors (1024K)
[2021-01-05T15:39:53.572-0400][gc,heap        ] GC(432)  Metaspace       used 42376K, capacity 45602K, committed 45824K, reserved 1089536K
[2021-01-05T15:39:53.572-0400][gc,heap        ] GC(432)   class space    used 4635K, capacity 5868K, committed 5888K, reserved 1048576K
[2021-01-05T15:39:53.573-0400][gc,start       ] GC(432) Pause Young (Concurrent Start) (G1 Evacuation Pause)
[2021-01-05T15:39:53.573-0400][gc,task        ] GC(432) Using 4 workers of 4 for evacuation
[2021-01-05T15:39:53.596-0400][gc,phases      ] GC(432)   Pre Evacuate Collection Set: 0.5ms
[2021-01-05T15:39:53.596-0400][gc,phases      ] GC(432)   Evacuate Collection Set: 19.1ms
[2021-01-05T15:39:53.596-0400][gc,phases      ] GC(432)   Post Evacuate Collection Set: 3.1ms
[2021-01-05T15:39:53.597-0400][gc,phases      ] GC(432)   Other: 1.9ms
[2021-01-05T15:39:53.597-0400][gc,heap        ] GC(432) Eden regions: 8->0(8)
[2021-01-05T15:39:53.597-0400][gc,heap        ] GC(432) Survivor regions: 1->1(2)
[2021-01-05T15:39:53.597-0400][gc,heap        ] GC(432) Old regions: 40->40
[2021-01-05T15:39:53.597-0400][gc,heap        ] GC(432) Humongous regions: 4->4
[2021-01-05T15:39:53.597-0400][gc,metaspace   ] GC(432) Metaspace: 42376K->42376K(1089536K)
[2021-01-05T15:39:53.597-0400][gc,heap        ] GC(432) Heap after GC invocations=432 (full 4): garbage-first heap   total 63488K, used 42325K [0x0000000083000000, 0x0000000100000000)
[2021-01-05T15:39:53.597-0400][gc,heap        ] GC(432)   region size 1024K, 1 young (1024K), 1 survivors (1024K)
[2021-01-05T15:39:53.597-0400][gc,heap        ] GC(432)  Metaspace       used 42376K, capacity 45602K, committed 45824K, reserved 1089536K
[2021-01-05T15:39:53.597-0400][gc,heap        ] GC(432)   class space    used 4635K, capacity 5868K, committed 5888K, reserved 1048576K
[2021-01-05T15:39:53.597-0400][gc             ] GC(432) Pause Young (Concurrent Start) (G1 Evacuation Pause) 49M->41M(62M) 24.528ms
[2021-01-05T15:39:53.597-0400][gc,cpu         ] GC(432) User=0.07s Sys=0.00s Real=0.03s
[2021-01-05T15:39:53.598-0400][gc             ] GC(433) Concurrent Cycle
[2021-01-05T15:39:53.598-0400][gc,marking     ] GC(433) Concurrent Clear Claimed Marks
[2021-01-05T15:39:53.599-0400][gc,marking     ] GC(433) Concurrent Clear Claimed Marks 0.518ms
[2021-01-05T15:39:53.604-0400][gc,marking     ] GC(433) Concurrent Scan Root Regions
[2021-01-05T15:39:53.607-0400][gc,marking     ] GC(433) Concurrent Scan Root Regions 2.818ms
[2021-01-05T15:39:53.607-0400][gc,marking     ] GC(433) Concurrent Mark (932.226s)
[2021-01-05T15:39:53.607-0400][gc,marking     ] GC(433) Concurrent Mark From Roots
[2021-01-05T15:39:53.607-0400][gc,task        ] GC(433) Using 1 workers of 1 for marking
[2021-01-05T15:39:53.914-0400][gc,marking     ] GC(433) Concurrent Mark From Roots 306.949ms
[2021-01-05T15:39:53.914-0400][gc,marking     ] GC(433) Concurrent Preclean
[2021-01-05T15:39:53.914-0400][gc,marking     ] GC(433) Concurrent Preclean 0.415ms
[2021-01-05T15:39:53.914-0400][gc,marking     ] GC(433) Concurrent Mark (932.226s, 932.533s) 307.642ms
[2021-01-05T15:39:53.916-0400][gc,start       ] GC(433) Pause Remark
[2021-01-05T15:39:53.958-0400][gc,stringtable ] GC(433) Cleaned string and symbol table, strings: 23545 processed, 0 removed, symbols: 95335 processed, 0 removed
[2021-01-05T15:39:53.959-0400][gc             ] GC(433) Pause Remark 46M->46M(62M) 43.265ms
[2021-01-05T15:39:53.959-0400][gc,cpu         ] GC(433) User=0.12s Sys=0.00s Real=0.04s
[2021-01-05T15:39:53.960-0400][gc,marking     ] GC(433) Concurrent Rebuild Remembered Sets
[2021-01-05T15:39:54.130-0400][gc,marking     ] GC(433) Concurrent Rebuild Remembered Sets 170.631ms
[2021-01-05T15:39:54.132-0400][gc,start       ] GC(433) Pause Cleanup
[2021-01-05T15:39:54.132-0400][gc             ] GC(433) Pause Cleanup 46M->46M(62M) 0.527ms
[2021-01-05T15:39:54.133-0400][gc,cpu         ] GC(433) User=0.00s Sys=0.00s Real=0.00s
[2021-01-05T15:39:54.134-0400][gc,marking     ] GC(433) Concurrent Cleanup for Next Mark
[2021-01-05T15:39:54.134-0400][gc,marking     ] GC(433) Concurrent Cleanup for Next Mark 0.839ms
[2021-01-05T15:39:54.135-0400][gc             ] GC(433) Concurrent Cycle 536.713ms
[2021-01-05T15:39:56.797-0400][gc,heap        ] GC(434) Heap before GC invocations=433 (full 4): garbage-first heap   total 63488K, used 49493K [0x0000000083000000, 0x0000000100000000)
[2021-01-05T15:39:56.797-0400][gc,heap        ] GC(434)   region size 1024K, 9 young (9216K), 1 survivors (1024K)
[2021-01-05T15:39:56.797-0400][gc,heap        ] GC(434)  Metaspace       used 42376K, capacity 45602K, committed 45824K, reserved 1089536K
[2021-01-05T15:39:56.797-0400][gc,heap        ] GC(434)   class space    used 4635K, capacity 5868K, committed 5888K, reserved 1048576K
[2021-01-05T15:39:56.797-0400][gc,start       ] GC(434) Pause Young (Normal) (G1 Evacuation Pause)
[2021-01-05T15:39:56.797-0400][gc,task        ] GC(434) Using 4 workers of 4 for evacuation
[2021-01-05T15:39:56.804-0400][gc,phases      ] GC(434)   Pre Evacuate Collection Set: 0.1ms
[2021-01-05T15:39:56.804-0400][gc,phases      ] GC(434)   Evacuate Collection Set: 4.4ms
[2021-01-05T15:39:56.804-0400][gc,phases      ] GC(434)   Post Evacuate Collection Set: 1.7ms
[2021-01-05T15:39:56.804-0400][gc,phases      ] GC(434)   Other: 1.1ms
[2021-01-05T15:39:56.804-0400][gc,heap        ] GC(434) Eden regions: 8->0(8)
[2021-01-05T15:39:56.805-0400][gc,heap        ] GC(434) Survivor regions: 1->1(2)
[2021-01-05T15:39:56.805-0400][gc,heap        ] GC(434) Old regions: 40->40
[2021-01-05T15:39:56.805-0400][gc,heap        ] GC(434) Humongous regions: 4->4
[2021-01-05T15:39:56.805-0400][gc,metaspace   ] GC(434) Metaspace: 42376K->42376K(1089536K)
[2021-01-05T15:39:56.805-0400][gc,heap        ] GC(434) Heap after GC invocations=434 (full 4): garbage-first heap   total 63488K, used 42122K [0x0000000083000000, 0x0000000100000000)
[2021-01-05T15:39:56.805-0400][gc,heap        ] GC(434)   region size 1024K, 1 young (1024K), 1 survivors (1024K)
[2021-01-05T15:39:56.805-0400][gc,heap        ] GC(434)  Metaspace       used 42376K, capacity 45602K, committed 45824K, reserved 1089536K
[2021-01-05T15:39:56.805-0400][gc,heap        ] GC(434)   class space    used 4635K, capacity 5868K, committed 5888K, reserved 1048576K
[2021-01-05T15:39:56.805-0400][gc             ] GC(434) Pause Young (Normal) (G1 Evacuation Pause) 49M->41M(62M) 8.131ms
[2021-01-05T15:39:56.806-0400][gc,cpu         ] GC(434) User=0.02s Sys=0.00s Real=0.00s
[2021-01-05T15:40:01.051-0400][gc,heap        ] GC(435) Heap before GC invocations=434 (full 4): garbage-first heap   total 63488K, used 50314K [0x0000000083000000, 0x0000000100000000)
[2021-01-05T15:40:01.051-0400][gc,heap        ] GC(435)   region size 1024K, 9 young (9216K), 1 survivors (1024K)
[2021-01-05T15:40:01.052-0400][gc,heap        ] GC(435)  Metaspace       used 42376K, capacity 45602K, committed 45824K, reserved 1089536K
[2021-01-05T15:40:01.052-0400][gc,heap        ] GC(435)   class space    used 4635K, capacity 5868K, committed 5888K, reserved 1048576K
[2021-01-05T15:40:01.052-0400][gc,start       ] GC(435) Pause Young (Concurrent Start) (G1 Evacuation Pause)
[2021-01-05T15:40:01.052-0400][gc,task        ] GC(435) Using 4 workers of 4 for evacuation
[2021-01-05T15:40:01.064-0400][gc,phases      ] GC(435)   Pre Evacuate Collection Set: 0.4ms
[2021-01-05T15:40:01.064-0400][gc,phases      ] GC(435)   Evacuate Collection Set: 9.0ms
[2021-01-05T15:40:01.064-0400][gc,phases      ] GC(435)   Post Evacuate Collection Set: 2.0ms
[2021-01-05T15:40:01.064-0400][gc,phases      ] GC(435)   Other: 1.3ms
[2021-01-05T15:40:01.064-0400][gc,heap        ] GC(435) Eden regions: 8->0(7)
[2021-01-05T15:40:01.064-0400][gc,heap        ] GC(435) Survivor regions: 1->2(2)
[2021-01-05T15:40:01.064-0400][gc,heap        ] GC(435) Old regions: 40->40
[2021-01-05T15:40:01.064-0400][gc,heap        ] GC(435) Humongous regions: 4->4
[2021-01-05T15:40:01.064-0400][gc,metaspace   ] GC(435) Metaspace: 42376K->42376K(1089536K)
[2021-01-05T15:40:01.065-0400][gc,heap        ] GC(435) Heap after GC invocations=435 (full 4): garbage-first heap   total 63488K, used 43250K [0x0000000083000000, 0x0000000100000000)
[2021-01-05T15:40:01.065-0400][gc,heap        ] GC(435)   region size 1024K, 2 young (2048K), 2 survivors (2048K)
[2021-01-05T15:40:01.065-0400][gc,heap        ] GC(435)  Metaspace       used 42376K, capacity 45602K, committed 45824K, reserved 1089536K
[2021-01-05T15:40:01.065-0400][gc,heap        ] GC(435)   class space    used 4635K, capacity 5868K, committed 5888K, reserved 1048576K
[2021-01-05T15:40:01.065-0400][gc             ] GC(435) Pause Young (Concurrent Start) (G1 Evacuation Pause) 49M->42M(62M) 12.988ms
[2021-01-05T15:40:01.065-0400][gc,cpu         ] GC(435) User=0.04s Sys=0.00s Real=0.01s
[2021-01-05T15:40:01.065-0400][gc             ] GC(436) Concurrent Cycle
[2021-01-05T15:40:01.065-0400][gc,marking     ] GC(436) Concurrent Clear Claimed Marks
[2021-01-05T15:40:01.069-0400][gc,marking     ] GC(436) Concurrent Clear Claimed Marks 3.551ms
[2021-01-05T15:40:01.069-0400][gc,marking     ] GC(436) Concurrent Scan Root Regions
[2021-01-05T15:40:01.078-0400][gc,marking     ] GC(436) Concurrent Scan Root Regions 8.524ms
[2021-01-05T15:40:01.078-0400][gc,marking     ] GC(436) Concurrent Mark (939.696s)
[2021-01-05T15:40:01.078-0400][gc,marking     ] GC(436) Concurrent Mark From Roots
[2021-01-05T15:40:01.078-0400][gc,task        ] GC(436) Using 1 workers of 1 for marking
[2021-01-05T15:40:01.103-0400][gc,heap        ] GC(437) Heap before GC invocations=435 (full 4): garbage-first heap   total 63488K, used 51442K [0x0000000083000000, 0x0000000100000000)
[2021-01-05T15:40:01.103-0400][gc,heap        ] GC(437)   region size 1024K, 9 young (9216K), 2 survivors (2048K)
[2021-01-05T15:40:01.103-0400][gc,heap        ] GC(437)  Metaspace       used 42376K, capacity 45602K, committed 45824K, reserved 1089536K
[2021-01-05T15:40:01.103-0400][gc,heap        ] GC(437)   class space    used 4635K, capacity 5868K, committed 5888K, reserved 1048576K
[2021-01-05T15:40:01.103-0400][gc,start       ] GC(437) Pause Young (Normal) (G1 Evacuation Pause)
[2021-01-05T15:40:01.103-0400][gc,task        ] GC(437) Using 4 workers of 4 for evacuation
[2021-01-05T15:40:01.110-0400][gc,phases      ] GC(437)   Pre Evacuate Collection Set: 0.1ms
[2021-01-05T15:40:01.110-0400][gc,phases      ] GC(437)   Evacuate Collection Set: 4.7ms
[2021-01-05T15:40:01.110-0400][gc,phases      ] GC(437)   Post Evacuate Collection Set: 1.0ms
[2021-01-05T15:40:01.110-0400][gc,phases      ] GC(437)   Other: 1.2ms
[2021-01-05T15:40:01.110-0400][gc,heap        ] GC(437) Eden regions: 7->0(8)
[2021-01-05T15:40:01.110-0400][gc,heap        ] GC(437) Survivor regions: 2->1(2)
[2021-01-05T15:40:01.110-0400][gc,heap        ] GC(437) Old regions: 40->40
[2021-01-05T15:40:01.110-0400][gc,heap        ] GC(437) Humongous regions: 6->4
[2021-01-05T15:40:01.110-0400][gc,metaspace   ] GC(437) Metaspace: 42376K->42376K(1089536K)
[2021-01-05T15:40:01.110-0400][gc,heap        ] GC(437) Heap after GC invocations=436 (full 4): garbage-first heap   total 63488K, used 42714K [0x0000000083000000, 0x0000000100000000)
[2021-01-05T15:40:01.110-0400][gc,heap        ] GC(437)   region size 1024K, 1 young (1024K), 1 survivors (1024K)
[2021-01-05T15:40:01.110-0400][gc,heap        ] GC(437)  Metaspace       used 42376K, capacity 45602K, committed 45824K, reserved 1089536K
[2021-01-05T15:40:01.110-0400][gc,heap        ] GC(437)   class space    used 4635K, capacity 5868K, committed 5888K, reserved 1048576K
[2021-01-05T15:40:01.111-0400][gc             ] GC(437) Pause Young (Normal) (G1 Evacuation Pause) 50M->41M(62M) 7.320ms
[2021-01-05T15:40:01.111-0400][gc,cpu         ] GC(437) User=0.02s Sys=0.01s Real=0.01s
[2021-01-05T15:40:01.215-0400][gc,heap        ] GC(438) Heap before GC invocations=436 (full 4): garbage-first heap   total 63488K, used 49882K [0x0000000083000000, 0x0000000100000000)
[2021-01-05T15:40:01.215-0400][gc,heap        ] GC(438)   region size 1024K, 9 young (9216K), 1 survivors (1024K)
[2021-01-05T15:40:01.215-0400][gc,heap        ] GC(438)  Metaspace       used 42376K, capacity 45602K, committed 45824K, reserved 1089536K
[2021-01-05T15:40:01.215-0400][gc,heap        ] GC(438)   class space    used 4635K, capacity 5868K, committed 5888K, reserved 1048576K
[2021-01-05T15:40:01.215-0400][gc,start       ] GC(438) Pause Young (Normal) (G1 Evacuation Pause)
[2021-01-05T15:40:01.215-0400][gc,task        ] GC(438) Using 4 workers of 4 for evacuation
[2021-01-05T15:40:01.222-0400][gc,phases      ] GC(438)   Pre Evacuate Collection Set: 0.0ms
[2021-01-05T15:40:01.222-0400][gc,phases      ] GC(438)   Evacuate Collection Set: 4.7ms
[2021-01-05T15:40:01.222-0400][gc,phases      ] GC(438)   Post Evacuate Collection Set: 1.2ms
[2021-01-05T15:40:01.222-0400][gc,phases      ] GC(438)   Other: 1.1ms
[2021-01-05T15:40:01.222-0400][gc,heap        ] GC(438) Eden regions: 8->0(8)
[2021-01-05T15:40:01.222-0400][gc,heap        ] GC(438) Survivor regions: 1->1(2)
[2021-01-05T15:40:01.222-0400][gc,heap        ] GC(438) Old regions: 40->40
[2021-01-05T15:40:01.222-0400][gc,heap        ] GC(438) Humongous regions: 4->4
[2021-01-05T15:40:01.222-0400][gc,metaspace   ] GC(438) Metaspace: 42376K->42376K(1089536K)
[2021-01-05T15:40:01.222-0400][gc,heap        ] GC(438) Heap after GC invocations=437 (full 4): garbage-first heap   total 63488K, used 42508K [0x0000000083000000, 0x0000000100000000)
[2021-01-05T15:40:01.222-0400][gc,heap        ] GC(438)   region size 1024K, 1 young (1024K), 1 survivors (1024K)
[2021-01-05T15:40:01.222-0400][gc,heap        ] GC(438)  Metaspace       used 42376K, capacity 45602K, committed 45824K, reserved 1089536K
[2021-01-05T15:40:01.222-0400][gc,heap        ] GC(438)   class space    used 4635K, capacity 5868K, committed 5888K, reserved 1048576K
[2021-01-05T15:40:01.222-0400][gc             ] GC(438) Pause Young (Normal) (G1 Evacuation Pause) 49M->41M(62M) 7.401ms
[2021-01-05T15:40:01.224-0400][gc,cpu         ] GC(438) User=0.01s Sys=0.00s Real=0.01s
[2021-01-05T15:40:01.412-0400][gc,marking     ] GC(436) Concurrent Mark From Roots 333.815ms
[2021-01-05T15:40:01.412-0400][gc,marking     ] GC(436) Concurrent Preclean
[2021-01-05T15:40:01.412-0400][gc,marking     ] GC(436) Concurrent Preclean 0.298ms
[2021-01-05T15:40:01.412-0400][gc,marking     ] GC(436) Concurrent Mark (939.696s, 940.031s) 334.352ms
[2021-01-05T15:40:01.413-0400][gc,start       ] GC(436) Pause Remark
[2021-01-05T15:40:01.446-0400][gc,stringtable ] GC(436) Cleaned string and symbol table, strings: 23545 processed, 0 removed, symbols: 95335 processed, 0 removed
[2021-01-05T15:40:01.446-0400][gc             ] GC(436) Pause Remark 46M->46M(62M) 33.107ms
[2021-01-05T15:40:01.447-0400][gc,cpu         ] GC(436) User=0.11s Sys=0.01s Real=0.04s
[2021-01-05T15:40:01.447-0400][gc,marking     ] GC(436) Concurrent Rebuild Remembered Sets
[2021-01-05T15:40:01.612-0400][gc,marking     ] GC(436) Concurrent Rebuild Remembered Sets 164.315ms
[2021-01-05T15:40:01.613-0400][gc,start       ] GC(436) Pause Cleanup
[2021-01-05T15:40:01.613-0400][gc             ] GC(436) Pause Cleanup 46M->46M(62M) 0.454ms
[2021-01-05T15:40:01.614-0400][gc,cpu         ] GC(436) User=0.00s Sys=0.00s Real=0.00s
[2021-01-05T15:40:01.614-0400][gc,marking     ] GC(436) Concurrent Cleanup for Next Mark
[2021-01-05T15:40:01.615-0400][gc,marking     ] GC(436) Concurrent Cleanup for Next Mark 0.726ms
[2021-01-05T15:40:01.615-0400][gc             ] GC(436) Concurrent Cycle 549.986ms
[2021-01-05T15:40:03.187-0400][gc,heap        ] GC(439) Heap before GC invocations=438 (full 4): garbage-first heap   total 63488K, used 50700K [0x0000000083000000, 0x0000000100000000)
[2021-01-05T15:40:03.187-0400][gc,heap        ] GC(439)   region size 1024K, 9 young (9216K), 1 survivors (1024K)
[2021-01-05T15:40:03.187-0400][gc,heap        ] GC(439)  Metaspace       used 42376K, capacity 45602K, committed 45824K, reserved 1089536K
[2021-01-05T15:40:03.187-0400][gc,heap        ] GC(439)   class space    used 4635K, capacity 5868K, committed 5888K, reserved 1048576K
[2021-01-05T15:40:03.187-0400][gc,start       ] GC(439) Pause Young (Normal) (G1 Evacuation Pause)
[2021-01-05T15:40:03.187-0400][gc,task        ] GC(439) Using 4 workers of 4 for evacuation
[2021-01-05T15:40:03.194-0400][gc,phases      ] GC(439)   Pre Evacuate Collection Set: 0.0ms
[2021-01-05T15:40:03.194-0400][gc,phases      ] GC(439)   Evacuate Collection Set: 4.1ms
[2021-01-05T15:40:03.194-0400][gc,phases      ] GC(439)   Post Evacuate Collection Set: 1.5ms
[2021-01-05T15:40:03.194-0400][gc,phases      ] GC(439)   Other: 1.2ms
[2021-01-05T15:40:03.194-0400][gc,heap        ] GC(439) Eden regions: 8->0(8)
[2021-01-05T15:40:03.194-0400][gc,heap        ] GC(439) Survivor regions: 1->1(2)
[2021-01-05T15:40:03.194-0400][gc,heap        ] GC(439) Old regions: 40->40
[2021-01-05T15:40:03.194-0400][gc,heap        ] GC(439) Humongous regions: 4->4
[2021-01-05T15:40:03.194-0400][gc,metaspace   ] GC(439) Metaspace: 42376K->42376K(1089536K)
[2021-01-05T15:40:03.194-0400][gc,heap        ] GC(439) Heap after GC invocations=439 (full 4): garbage-first heap   total 63488K, used 42441K [0x0000000083000000, 0x0000000100000000)
[2021-01-05T15:40:03.194-0400][gc,heap        ] GC(439)   region size 1024K, 1 young (1024K), 1 survivors (1024K)
[2021-01-05T15:40:03.194-0400][gc,heap        ] GC(439)  Metaspace       used 42376K, capacity 45602K, committed 45824K, reserved 1089536K
[2021-01-05T15:40:03.195-0400][gc,heap        ] GC(439)   class space    used 4635K, capacity 5868K, committed 5888K, reserved 1048576K
[2021-01-05T15:40:03.195-0400][gc             ] GC(439) Pause Young (Normal) (G1 Evacuation Pause) 49M->41M(62M) 7.203ms
[2021-01-05T15:40:03.196-0400][gc,cpu         ] GC(439) User=0.02s Sys=0.00s Real=0.00s
[2021-01-05T15:40:08.415-0400][gc,heap        ] GC(440) Heap before GC invocations=439 (full 4): garbage-first heap   total 63488K, used 49609K [0x0000000083000000, 0x0000000100000000)
[2021-01-05T15:40:08.415-0400][gc,heap        ] GC(440)   region size 1024K, 9 young (9216K), 1 survivors (1024K)
[2021-01-05T15:40:08.416-0400][gc,heap        ] GC(440)  Metaspace       used 42377K, capacity 45602K, committed 45824K, reserved 1089536K
[2021-01-05T15:40:08.416-0400][gc,heap        ] GC(440)   class space    used 4635K, capacity 5868K, committed 5888K, reserved 1048576K
[2021-01-05T15:40:08.416-0400][gc,start       ] GC(440) Pause Young (Concurrent Start) (G1 Evacuation Pause)
[2021-01-05T15:40:08.416-0400][gc,task        ] GC(440) Using 4 workers of 4 for evacuation
[2021-01-05T15:40:08.424-0400][gc,phases      ] GC(440)   Pre Evacuate Collection Set: 0.4ms
[2021-01-05T15:40:08.425-0400][gc,phases      ] GC(440)   Evacuate Collection Set: 5.5ms
[2021-01-05T15:40:08.425-0400][gc,phases      ] GC(440)   Post Evacuate Collection Set: 1.9ms
[2021-01-05T15:40:08.425-0400][gc,phases      ] GC(440)   Other: 1.2ms
[2021-01-05T15:40:08.425-0400][gc,heap        ] GC(440) Eden regions: 8->0(8)
[2021-01-05T15:40:08.425-0400][gc,heap        ] GC(440) Survivor regions: 1->1(2)
[2021-01-05T15:40:08.425-0400][gc,heap        ] GC(440) Old regions: 40->40
[2021-01-05T15:40:08.425-0400][gc,heap        ] GC(440) Humongous regions: 4->4
[2021-01-05T15:40:08.425-0400][gc,metaspace   ] GC(440) Metaspace: 42377K->42377K(1089536K)
[2021-01-05T15:40:08.425-0400][gc,heap        ] GC(440) Heap after GC invocations=440 (full 4): garbage-first heap   total 63488K, used 42372K [0x0000000083000000, 0x0000000100000000)
[2021-01-05T15:40:08.425-0400][gc,heap        ] GC(440)   region size 1024K, 1 young (1024K), 1 survivors (1024K)
[2021-01-05T15:40:08.425-0400][gc,heap        ] GC(440)  Metaspace       used 42377K, capacity 45602K, committed 45824K, reserved 1089536K
[2021-01-05T15:40:08.425-0400][gc,heap        ] GC(440)   class space    used 4635K, capacity 5868K, committed 5888K, reserved 1048576K
[2021-01-05T15:40:08.425-0400][gc             ] GC(440) Pause Young (Concurrent Start) (G1 Evacuation Pause) 49M->41M(62M) 9.417ms
[2021-01-05T15:40:08.425-0400][gc,cpu         ] GC(440) User=0.02s Sys=0.00s Real=0.00s
[2021-01-05T15:40:08.426-0400][gc             ] GC(441) Concurrent Cycle
[2021-01-05T15:40:08.426-0400][gc,marking     ] GC(441) Concurrent Clear Claimed Marks
[2021-01-05T15:40:08.426-0400][gc,marking     ] GC(441) Concurrent Clear Claimed Marks 0.585ms
[2021-01-05T15:40:08.427-0400][gc,marking     ] GC(441) Concurrent Scan Root Regions
[2021-01-05T15:40:08.430-0400][gc,marking     ] GC(441) Concurrent Scan Root Regions 3.015ms
[2021-01-05T15:40:08.430-0400][gc,marking     ] GC(441) Concurrent Mark (947.048s)
[2021-01-05T15:40:08.430-0400][gc,marking     ] GC(441) Concurrent Mark From Roots
[2021-01-05T15:40:08.430-0400][gc,task        ] GC(441) Using 1 workers of 1 for marking
[2021-01-05T15:40:08.702-0400][gc,marking     ] GC(441) Concurrent Mark From Roots 271.966ms
[2021-01-05T15:40:08.702-0400][gc,marking     ] GC(441) Concurrent Preclean
[2021-01-05T15:40:08.702-0400][gc,marking     ] GC(441) Concurrent Preclean 0.325ms
[2021-01-05T15:40:08.702-0400][gc,marking     ] GC(441) Concurrent Mark (947.048s, 947.321s) 272.577ms
[2021-01-05T15:40:08.704-0400][gc,start       ] GC(441) Pause Remark
[2021-01-05T15:40:08.735-0400][gc,stringtable ] GC(441) Cleaned string and symbol table, strings: 23545 processed, 0 removed, symbols: 95335 processed, 0 removed
[2021-01-05T15:40:08.736-0400][gc             ] GC(441) Pause Remark 41M->41M(62M) 32.081ms
[2021-01-05T15:40:08.736-0400][gc,cpu         ] GC(441) User=0.12s Sys=0.00s Real=0.04s
[2021-01-05T15:40:08.737-0400][gc,marking     ] GC(441) Concurrent Rebuild Remembered Sets
[2021-01-05T15:40:08.894-0400][gc,marking     ] GC(441) Concurrent Rebuild Remembered Sets 157.415ms
[2021-01-05T15:40:08.895-0400][gc,start       ] GC(441) Pause Cleanup
[2021-01-05T15:40:08.896-0400][gc             ] GC(441) Pause Cleanup 41M->41M(62M) 0.497ms
[2021-01-05T15:40:08.896-0400][gc,cpu         ] GC(441) User=0.00s Sys=0.00s Real=0.01s
[2021-01-05T15:40:08.896-0400][gc,marking     ] GC(441) Concurrent Cleanup for Next Mark
[2021-01-05T15:40:08.897-0400][gc,marking     ] GC(441) Concurrent Cleanup for Next Mark 0.831ms
[2021-01-05T15:40:08.897-0400][gc             ] GC(441) Concurrent Cycle 471.748ms
[2021-01-05T15:40:09.562-0400][gc,heap        ] GC(442) Heap before GC invocations=441 (full 4): garbage-first heap   total 63488K, used 50564K [0x0000000083000000, 0x0000000100000000)
[2021-01-05T15:40:09.562-0400][gc,heap        ] GC(442)   region size 1024K, 9 young (9216K), 1 survivors (1024K)
[2021-01-05T15:40:09.562-0400][gc,heap        ] GC(442)  Metaspace       used 42377K, capacity 45602K, committed 45824K, reserved 1089536K
[2021-01-05T15:40:09.562-0400][gc,heap        ] GC(442)   class space    used 4635K, capacity 5868K, committed 5888K, reserved 1048576K
[2021-01-05T15:40:09.562-0400][gc,start       ] GC(442) Pause Young (Normal) (G1 Evacuation Pause)
[2021-01-05T15:40:09.562-0400][gc,task        ] GC(442) Using 4 workers of 4 for evacuation
[2021-01-05T15:40:09.572-0400][gc,phases      ] GC(442)   Pre Evacuate Collection Set: 0.1ms
[2021-01-05T15:40:09.572-0400][gc,phases      ] GC(442)   Evacuate Collection Set: 6.7ms
[2021-01-05T15:40:09.572-0400][gc,phases      ] GC(442)   Post Evacuate Collection Set: 2.2ms
[2021-01-05T15:40:09.573-0400][gc,phases      ] GC(442)   Other: 1.4ms
[2021-01-05T15:40:09.573-0400][gc,heap        ] GC(442) Eden regions: 8->0(8)
[2021-01-05T15:40:09.573-0400][gc,heap        ] GC(442) Survivor regions: 1->1(2)
[2021-01-05T15:40:09.573-0400][gc,heap        ] GC(442) Old regions: 40->40
[2021-01-05T15:40:09.573-0400][gc,heap        ] GC(442) Humongous regions: 4->4
[2021-01-05T15:40:09.573-0400][gc,metaspace   ] GC(442) Metaspace: 42377K->42377K(1089536K)
[2021-01-05T15:40:09.573-0400][gc,heap        ] GC(442) Heap after GC invocations=442 (full 4): garbage-first heap   total 63488K, used 42625K [0x0000000083000000, 0x0000000100000000)
[2021-01-05T15:40:09.573-0400][gc,heap        ] GC(442)   region size 1024K, 1 young (1024K), 1 survivors (1024K)
[2021-01-05T15:40:09.573-0400][gc,heap        ] GC(442)  Metaspace       used 42377K, capacity 45602K, committed 45824K, reserved 1089536K
[2021-01-05T15:40:09.573-0400][gc,heap        ] GC(442)   class space    used 4635K, capacity 5868K, committed 5888K, reserved 1048576K
[2021-01-05T15:40:09.573-0400][gc             ] GC(442) Pause Young (Normal) (G1 Evacuation Pause) 49M->41M(62M) 10.847ms
[2021-01-05T15:40:09.573-0400][gc,cpu         ] GC(442) User=0.03s Sys=0.00s Real=0.01s
[2021-01-05T15:40:11.624-0400][gc,heap        ] GC(443) Heap before GC invocations=442 (full 4): garbage-first heap   total 63488K, used 50817K [0x0000000083000000, 0x0000000100000000)
[2021-01-05T15:40:11.624-0400][gc,heap        ] GC(443)   region size 1024K, 9 young (9216K), 1 survivors (1024K)
[2021-01-05T15:40:11.624-0400][gc,heap        ] GC(443)  Metaspace       used 42377K, capacity 45602K, committed 45824K, reserved 1089536K
[2021-01-05T15:40:11.624-0400][gc,heap        ] GC(443)   class space    used 4635K, capacity 5868K, committed 5888K, reserved 1048576K
[2021-01-05T15:40:11.624-0400][gc,start       ] GC(443) Pause Young (Concurrent Start) (G1 Evacuation Pause)
[2021-01-05T15:40:11.624-0400][gc,task        ] GC(443) Using 4 workers of 4 for evacuation
[2021-01-05T15:40:11.635-0400][gc,phases      ] GC(443)   Pre Evacuate Collection Set: 0.3ms
[2021-01-05T15:40:11.635-0400][gc,phases      ] GC(443)   Evacuate Collection Set: 7.9ms
[2021-01-05T15:40:11.635-0400][gc,phases      ] GC(443)   Post Evacuate Collection Set: 1.5ms
[2021-01-05T15:40:11.635-0400][gc,phases      ] GC(443)   Other: 1.2ms
[2021-01-05T15:40:11.635-0400][gc,heap        ] GC(443) Eden regions: 8->0(7)
[2021-01-05T15:40:11.635-0400][gc,heap        ] GC(443) Survivor regions: 1->2(2)
[2021-01-05T15:40:11.635-0400][gc,heap        ] GC(443) Old regions: 40->40
[2021-01-05T15:40:11.635-0400][gc,heap        ] GC(443) Humongous regions: 4->4
[2021-01-05T15:40:11.636-0400][gc,metaspace   ] GC(443) Metaspace: 42377K->42377K(1089536K)
[2021-01-05T15:40:11.636-0400][gc,heap        ] GC(443) Heap after GC invocations=443 (full 4): garbage-first heap   total 63488K, used 43228K [0x0000000083000000, 0x0000000100000000)
[2021-01-05T15:40:11.636-0400][gc,heap        ] GC(443)   region size 1024K, 2 young (2048K), 2 survivors (2048K)
[2021-01-05T15:40:11.636-0400][gc,heap        ] GC(443)  Metaspace       used 42377K, capacity 45602K, committed 45824K, reserved 1089536K
[2021-01-05T15:40:11.636-0400][gc,heap        ] GC(443)   class space    used 4635K, capacity 5868K, committed 5888K, reserved 1048576K
[2021-01-05T15:40:11.636-0400][gc             ] GC(443) Pause Young (Concurrent Start) (G1 Evacuation Pause) 49M->42M(62M) 11.469ms
[2021-01-05T15:40:11.636-0400][gc,cpu         ] GC(443) User=0.03s Sys=0.01s Real=0.02s
[2021-01-05T15:40:11.636-0400][gc             ] GC(444) Concurrent Cycle
[2021-01-05T15:40:11.636-0400][gc,marking     ] GC(444) Concurrent Clear Claimed Marks
[2021-01-05T15:40:11.637-0400][gc,marking     ] GC(444) Concurrent Clear Claimed Marks 0.562ms
[2021-01-05T15:40:11.637-0400][gc,marking     ] GC(444) Concurrent Scan Root Regions
[2021-01-05T15:40:11.642-0400][gc,marking     ] GC(444) Concurrent Scan Root Regions 5.296ms
[2021-01-05T15:40:11.642-0400][gc,marking     ] GC(444) Concurrent Mark (950.261s)
[2021-01-05T15:40:11.642-0400][gc,marking     ] GC(444) Concurrent Mark From Roots
[2021-01-05T15:40:11.643-0400][gc,task        ] GC(444) Using 1 workers of 1 for marking
[2021-01-05T15:40:11.672-0400][gc,heap        ] GC(445) Heap before GC invocations=443 (full 4): garbage-first heap   total 63488K, used 51420K [0x0000000083000000, 0x0000000100000000)
[2021-01-05T15:40:11.672-0400][gc,heap        ] GC(445)   region size 1024K, 9 young (9216K), 2 survivors (2048K)
[2021-01-05T15:40:11.672-0400][gc,heap        ] GC(445)  Metaspace       used 42377K, capacity 45602K, committed 45824K, reserved 1089536K
[2021-01-05T15:40:11.672-0400][gc,heap        ] GC(445)   class space    used 4635K, capacity 5868K, committed 5888K, reserved 1048576K
[2021-01-05T15:40:11.673-0400][gc,start       ] GC(445) Pause Young (Normal) (G1 Evacuation Pause)
[2021-01-05T15:40:11.673-0400][gc,task        ] GC(445) Using 4 workers of 4 for evacuation
[2021-01-05T15:40:11.678-0400][gc,phases      ] GC(445)   Pre Evacuate Collection Set: 0.0ms
[2021-01-05T15:40:11.678-0400][gc,phases      ] GC(445)   Evacuate Collection Set: 3.9ms
[2021-01-05T15:40:11.679-0400][gc,phases      ] GC(445)   Post Evacuate Collection Set: 1.1ms
[2021-01-05T15:40:11.679-0400][gc,phases      ] GC(445)   Other: 1.1ms
[2021-01-05T15:40:11.679-0400][gc,heap        ] GC(445) Eden regions: 7->0(7)
[2021-01-05T15:40:11.679-0400][gc,heap        ] GC(445) Survivor regions: 2->1(2)
[2021-01-05T15:40:11.679-0400][gc,heap        ] GC(445) Old regions: 40->40
[2021-01-05T15:40:11.679-0400][gc,heap        ] GC(445) Humongous regions: 6->5
[2021-01-05T15:40:11.679-0400][gc,metaspace   ] GC(445) Metaspace: 42377K->42377K(1089536K)
[2021-01-05T15:40:11.679-0400][gc,heap        ] GC(445) Heap after GC invocations=444 (full 4): garbage-first heap   total 63488K, used 43494K [0x0000000083000000, 0x0000000100000000)
[2021-01-05T15:40:11.679-0400][gc,heap        ] GC(445)   region size 1024K, 1 young (1024K), 1 survivors (1024K)
[2021-01-05T15:40:11.679-0400][gc,heap        ] GC(445)  Metaspace       used 42377K, capacity 45602K, committed 45824K, reserved 1089536K
[2021-01-05T15:40:11.679-0400][gc,heap        ] GC(445)   class space    used 4635K, capacity 5868K, committed 5888K, reserved 1048576K
[2021-01-05T15:40:11.679-0400][gc             ] GC(445) Pause Young (Normal) (G1 Evacuation Pause) 50M->42M(62M) 6.714ms
[2021-01-05T15:40:11.680-0400][gc,cpu         ] GC(445) User=0.02s Sys=0.00s Real=0.01s
[2021-01-05T15:40:11.952-0400][gc,marking     ] GC(444) Concurrent Mark From Roots 309.429ms
[2021-01-05T15:40:11.952-0400][gc,marking     ] GC(444) Concurrent Preclean
[2021-01-05T15:40:11.952-0400][gc,marking     ] GC(444) Concurrent Preclean 0.302ms
[2021-01-05T15:40:11.952-0400][gc,marking     ] GC(444) Concurrent Mark (950.261s, 950.571s) 309.930ms
[2021-01-05T15:40:11.954-0400][gc,start       ] GC(444) Pause Remark
[2021-01-05T15:40:11.987-0400][gc,stringtable ] GC(444) Cleaned string and symbol table, strings: 23545 processed, 0 removed, symbols: 95335 processed, 0 removed
[2021-01-05T15:40:11.988-0400][gc             ] GC(444) Pause Remark 45M->45M(62M) 34.311ms
[2021-01-05T15:40:11.989-0400][gc,cpu         ] GC(444) User=0.11s Sys=0.02s Real=0.04s
[2021-01-05T15:40:11.989-0400][gc,marking     ] GC(444) Concurrent Rebuild Remembered Sets
[2021-01-05T15:40:12.148-0400][gc,marking     ] GC(444) Concurrent Rebuild Remembered Sets 158.785ms
[2021-01-05T15:40:12.149-0400][gc,start       ] GC(444) Pause Cleanup
[2021-01-05T15:40:12.150-0400][gc             ] GC(444) Pause Cleanup 45M->45M(62M) 0.466ms
[2021-01-05T15:40:12.150-0400][gc,cpu         ] GC(444) User=0.00s Sys=0.00s Real=0.00s
[2021-01-05T15:40:12.150-0400][gc,marking     ] GC(444) Concurrent Cleanup for Next Mark
[2021-01-05T15:40:12.151-0400][gc,marking     ] GC(444) Concurrent Cleanup for Next Mark 0.910ms
[2021-01-05T15:40:12.151-0400][gc             ] GC(444) Concurrent Cycle 514.954ms
[2021-01-05T15:40:13.830-0400][gc,heap        ] GC(446) Heap before GC invocations=445 (full 4): garbage-first heap   total 63488K, used 49638K [0x0000000083000000, 0x0000000100000000)
[2021-01-05T15:40:13.830-0400][gc,heap        ] GC(446)   region size 1024K, 8 young (8192K), 1 survivors (1024K)
[2021-01-05T15:40:13.830-0400][gc,heap        ] GC(446)  Metaspace       used 42380K, capacity 45602K, committed 45824K, reserved 1089536K
[2021-01-05T15:40:13.830-0400][gc,heap        ] GC(446)   class space    used 4635K, capacity 5868K, committed 5888K, reserved 1048576K
[2021-01-05T15:40:13.831-0400][gc,start       ] GC(446) Pause Young (Normal) (G1 Evacuation Pause)
[2021-01-05T15:40:13.831-0400][gc,task        ] GC(446) Using 4 workers of 4 for evacuation
[2021-01-05T15:40:13.837-0400][gc,phases      ] GC(446)   Pre Evacuate Collection Set: 0.0ms
[2021-01-05T15:40:13.837-0400][gc,phases      ] GC(446)   Evacuate Collection Set: 4.4ms
[2021-01-05T15:40:13.837-0400][gc,phases      ] GC(446)   Post Evacuate Collection Set: 1.5ms
[2021-01-05T15:40:13.838-0400][gc,phases      ] GC(446)   Other: 1.1ms
[2021-01-05T15:40:13.838-0400][gc,heap        ] GC(446) Eden regions: 7->0(8)
[2021-01-05T15:40:13.838-0400][gc,heap        ] GC(446) Survivor regions: 1->1(1)
[2021-01-05T15:40:13.838-0400][gc,heap        ] GC(446) Old regions: 40->40
[2021-01-05T15:40:13.838-0400][gc,heap        ] GC(446) Humongous regions: 5->4
[2021-01-05T15:40:13.838-0400][gc,metaspace   ] GC(446) Metaspace: 42380K->42380K(1089536K)
[2021-01-05T15:40:13.838-0400][gc,heap        ] GC(446) Heap after GC invocations=446 (full 4): garbage-first heap   total 63488K, used 42437K [0x0000000083000000, 0x0000000100000000)
[2021-01-05T15:40:13.838-0400][gc,heap        ] GC(446)   region size 1024K, 1 young (1024K), 1 survivors (1024K)
[2021-01-05T15:40:13.838-0400][gc,heap        ] GC(446)  Metaspace       used 42380K, capacity 45602K, committed 45824K, reserved 1089536K
[2021-01-05T15:40:13.838-0400][gc,heap        ] GC(446)   class space    used 4635K, capacity 5868K, committed 5888K, reserved 1048576K
[2021-01-05T15:40:13.838-0400][gc             ] GC(446) Pause Young (Normal) (G1 Evacuation Pause) 49M->41M(62M) 7.493ms
[2021-01-05T15:40:13.839-0400][gc,cpu         ] GC(446) User=0.02s Sys=0.00s Real=0.01s
[2021-01-05T15:40:14.044-0400][gc,heap        ] GC(447) Heap before GC invocations=446 (full 4): garbage-first heap   total 63488K, used 49605K [0x0000000083000000, 0x0000000100000000)
[2021-01-05T15:40:14.044-0400][gc,heap        ] GC(447)   region size 1024K, 9 young (9216K), 1 survivors (1024K)
[2021-01-05T15:40:14.044-0400][gc,heap        ] GC(447)  Metaspace       used 42388K, capacity 45602K, committed 45824K, reserved 1089536K
[2021-01-05T15:40:14.044-0400][gc,heap        ] GC(447)   class space    used 4635K, capacity 5868K, committed 5888K, reserved 1048576K
[2021-01-05T15:40:14.045-0400][gc,start       ] GC(447) Pause Young (Concurrent Start) (G1 Evacuation Pause)
[2021-01-05T15:40:14.045-0400][gc,task        ] GC(447) Using 4 workers of 4 for evacuation
[2021-01-05T15:40:14.053-0400][gc,phases      ] GC(447)   Pre Evacuate Collection Set: 0.4ms
[2021-01-05T15:40:14.054-0400][gc,phases      ] GC(447)   Evacuate Collection Set: 6.1ms
[2021-01-05T15:40:14.054-0400][gc,phases      ] GC(447)   Post Evacuate Collection Set: 1.5ms
[2021-01-05T15:40:14.054-0400][gc,phases      ] GC(447)   Other: 1.2ms
[2021-01-05T15:40:14.054-0400][gc,heap        ] GC(447) Eden regions: 8->0(8)
[2021-01-05T15:40:14.054-0400][gc,heap        ] GC(447) Survivor regions: 1->1(2)
[2021-01-05T15:40:14.054-0400][gc,heap        ] GC(447) Old regions: 40->40
[2021-01-05T15:40:14.054-0400][gc,heap        ] GC(447) Humongous regions: 4->4
[2021-01-05T15:40:14.054-0400][gc,metaspace   ] GC(447) Metaspace: 42388K->42388K(1089536K)
[2021-01-05T15:40:14.054-0400][gc,heap        ] GC(447) Heap after GC invocations=447 (full 4): garbage-first heap   total 63488K, used 42722K [0x0000000083000000, 0x0000000100000000)
[2021-01-05T15:40:14.054-0400][gc,heap        ] GC(447)   region size 1024K, 1 young (1024K), 1 survivors (1024K)
[2021-01-05T15:40:14.054-0400][gc,heap        ] GC(447)  Metaspace       used 42388K, capacity 45602K, committed 45824K, reserved 1089536K
[2021-01-05T15:40:14.054-0400][gc,heap        ] GC(447)   class space    used 4635K, capacity 5868K, committed 5888K, reserved 1048576K
[2021-01-05T15:40:14.054-0400][gc             ] GC(447) Pause Young (Concurrent Start) (G1 Evacuation Pause) 49M->41M(62M) 9.668ms
[2021-01-05T15:40:14.054-0400][gc,cpu         ] GC(447) User=0.03s Sys=0.00s Real=0.01s
[2021-01-05T15:40:14.055-0400][gc             ] GC(448) Concurrent Cycle
[2021-01-05T15:40:14.055-0400][gc,marking     ] GC(448) Concurrent Clear Claimed Marks
[2021-01-05T15:40:14.055-0400][gc,marking     ] GC(448) Concurrent Clear Claimed Marks 0.515ms
[2021-01-05T15:40:14.055-0400][gc,marking     ] GC(448) Concurrent Scan Root Regions
[2021-01-05T15:40:14.058-0400][gc,marking     ] GC(448) Concurrent Scan Root Regions 3.033ms
[2021-01-05T15:40:14.059-0400][gc,marking     ] GC(448) Concurrent Mark (952.677s)
[2021-01-05T15:40:14.059-0400][gc,marking     ] GC(448) Concurrent Mark From Roots
[2021-01-05T15:40:14.059-0400][gc,task        ] GC(448) Using 1 workers of 1 for marking
[2021-01-05T15:40:14.321-0400][gc,marking     ] GC(448) Concurrent Mark From Roots 262.545ms
[2021-01-05T15:40:14.321-0400][gc,marking     ] GC(448) Concurrent Preclean
[2021-01-05T15:40:14.322-0400][gc,marking     ] GC(448) Concurrent Preclean 0.352ms
[2021-01-05T15:40:14.322-0400][gc,marking     ] GC(448) Concurrent Mark (952.677s, 952.940s) 263.164ms
[2021-01-05T15:40:14.323-0400][gc,start       ] GC(448) Pause Remark
[2021-01-05T15:40:14.356-0400][gc,stringtable ] GC(448) Cleaned string and symbol table, strings: 23545 processed, 0 removed, symbols: 95335 processed, 0 removed
[2021-01-05T15:40:14.357-0400][gc             ] GC(448) Pause Remark 42M->42M(62M) 34.105ms
[2021-01-05T15:40:14.357-0400][gc,cpu         ] GC(448) User=0.12s Sys=0.00s Real=0.04s
[2021-01-05T15:40:14.358-0400][gc,marking     ] GC(448) Concurrent Rebuild Remembered Sets
[2021-01-05T15:40:14.520-0400][gc,marking     ] GC(448) Concurrent Rebuild Remembered Sets 162.103ms
[2021-01-05T15:40:14.521-0400][gc,start       ] GC(448) Pause Cleanup
[2021-01-05T15:40:14.521-0400][gc             ] GC(448) Pause Cleanup 42M->42M(62M) 0.436ms
[2021-01-05T15:40:14.522-0400][gc,cpu         ] GC(448) User=0.00s Sys=0.00s Real=0.00s
[2021-01-05T15:40:14.522-0400][gc,marking     ] GC(448) Concurrent Cleanup for Next Mark
[2021-01-05T15:40:14.523-0400][gc,marking     ] GC(448) Concurrent Cleanup for Next Mark 0.752ms
[2021-01-05T15:40:14.523-0400][gc             ] GC(448) Concurrent Cycle 468.750ms
