[2021-01-05T15:20:26.687-0400][gc,heap] Heap region size: 1M
[2021-01-05T15:20:26.695-0400][gc,heap] Minimum heap 33554432  Initial heap 33554432  Maximum heap 2097152000
[2021-01-05T15:20:26.705-0400][gc     ] Using G1
[2021-01-05T15:20:26.705-0400][gc,heap,coops] Heap address: 0x0000000083000000, size: 2000 MB, Compressed Oops mode: 32-bit
[2021-01-05T15:20:26.728-0400][gc,cds       ] Mark closed archive regions in map: [0x00000000fff00000, 0x00000000fff69ff8]
[2021-01-05T15:20:26.728-0400][gc,cds       ] Mark open archive regions in map: [0x00000000ffe00000, 0x00000000ffe46ff8]
[2021-01-05T15:20:30.935-0400][gc,heap      ] GC(0) Heap before GC invocations=0 (full 0): garbage-first heap   total 34816K, used 15044K [0x0000000083000000, 0x0000000100000000)
[2021-01-05T15:20:30.935-0400][gc,heap      ] GC(0)   region size 1024K, 14 young (14336K), 0 survivors (0K)
[2021-01-05T15:20:30.935-0400][gc,heap      ] GC(0)  Metaspace       used 4518K, capacity 5333K, committed 5504K, reserved 1056768K
[2021-01-05T15:20:30.935-0400][gc,heap      ] GC(0)   class space    used 506K, capacity 570K, committed 640K, reserved 1048576K
[2021-01-05T15:20:30.935-0400][gc,start     ] GC(0) Pause Young (Normal) (G1 Evacuation Pause)
[2021-01-05T15:20:30.935-0400][gc,task      ] GC(0) Using 2 workers of 4 for evacuation
[2021-01-05T15:20:30.981-0400][gc,phases    ] GC(0)   Pre Evacuate Collection Set: 0.0ms
[2021-01-05T15:20:30.981-0400][gc,phases    ] GC(0)   Evacuate Collection Set: 43.8ms
[2021-01-05T15:20:30.981-0400][gc,phases    ] GC(0)   Post Evacuate Collection Set: 1.0ms
[2021-01-05T15:20:30.981-0400][gc,phases    ] GC(0)   Other: 1.1ms
[2021-01-05T15:20:30.981-0400][gc,heap      ] GC(0) Eden regions: 14->0(12)
[2021-01-05T15:20:30.981-0400][gc,heap      ] GC(0) Survivor regions: 0->2(2)
[2021-01-05T15:20:30.981-0400][gc,heap      ] GC(0) Old regions: 2->4
[2021-01-05T15:20:30.981-0400][gc,heap      ] GC(0) Humongous regions: 1->1
[2021-01-05T15:20:30.981-0400][gc,metaspace ] GC(0) Metaspace: 4518K->4518K(1056768K)
[2021-01-05T15:20:30.981-0400][gc,heap      ] GC(0) Heap after GC invocations=1 (full 0): garbage-first heap   total 34816K, used 5195K [0x0000000083000000, 0x0000000100000000)
[2021-01-05T15:20:30.981-0400][gc,heap      ] GC(0)   region size 1024K, 2 young (2048K), 2 survivors (2048K)
[2021-01-05T15:20:30.981-0400][gc,heap      ] GC(0)  Metaspace       used 4518K, capacity 5333K, committed 5504K, reserved 1056768K
[2021-01-05T15:20:30.981-0400][gc,heap      ] GC(0)   class space    used 506K, capacity 570K, committed 640K, reserved 1048576K
[2021-01-05T15:20:30.982-0400][gc           ] GC(0) Pause Young (Normal) (G1 Evacuation Pause) 15M->5M(34M) 46.361ms
[2021-01-05T15:20:30.982-0400][gc,cpu       ] GC(0) User=0.11s Sys=0.02s Real=0.05s
[2021-01-05T15:20:31.973-0400][gc,heap      ] GC(1) Heap before GC invocations=1 (full 0): garbage-first heap   total 34816K, used 11339K [0x0000000083000000, 0x0000000100000000)
[2021-01-05T15:20:31.973-0400][gc,heap      ] GC(1)   region size 1024K, 8 young (8192K), 2 survivors (2048K)
[2021-01-05T15:20:31.973-0400][gc,heap      ] GC(1)  Metaspace       used 5622K, capacity 5982K, committed 6144K, reserved 1056768K
[2021-01-05T15:20:31.973-0400][gc,heap      ] GC(1)   class space    used 612K, capacity 728K, committed 768K, reserved 1048576K
[2021-01-05T15:20:31.973-0400][gc,start     ] GC(1) Pause Young (Normal) (G1 Evacuation Pause)
[2021-01-05T15:20:31.978-0400][gc,task      ] GC(1) Using 4 workers of 4 for evacuation
[2021-01-05T15:20:32.011-0400][gc,phases    ] GC(1)   Pre Evacuate Collection Set: 0.0ms
[2021-01-05T15:20:32.011-0400][gc,phases    ] GC(1)   Evacuate Collection Set: 30.6ms
[2021-01-05T15:20:32.011-0400][gc,phases    ] GC(1)   Post Evacuate Collection Set: 1.0ms
[2021-01-05T15:20:32.011-0400][gc,phases    ] GC(1)   Other: 6.3ms
[2021-01-05T15:20:32.011-0400][gc,heap      ] GC(1) Eden regions: 6->0(10)
[2021-01-05T15:20:32.011-0400][gc,heap      ] GC(1) Survivor regions: 2->1(1)
[2021-01-05T15:20:32.011-0400][gc,heap      ] GC(1) Old regions: 4->6
[2021-01-05T15:20:32.011-0400][gc,heap      ] GC(1) Humongous regions: 1->1
[2021-01-05T15:20:32.011-0400][gc,metaspace ] GC(1) Metaspace: 5622K->5622K(1056768K)
[2021-01-05T15:20:32.011-0400][gc,heap      ] GC(1) Heap after GC invocations=2 (full 0): garbage-first heap   total 34816K, used 5781K [0x0000000083000000, 0x0000000100000000)
[2021-01-05T15:20:32.011-0400][gc,heap      ] GC(1)   region size 1024K, 1 young (1024K), 1 survivors (1024K)
[2021-01-05T15:20:32.011-0400][gc,heap      ] GC(1)  Metaspace       used 5622K, capacity 5982K, committed 6144K, reserved 1056768K
[2021-01-05T15:20:32.011-0400][gc,heap      ] GC(1)   class space    used 612K, capacity 728K, committed 768K, reserved 1048576K
[2021-01-05T15:20:32.012-0400][gc           ] GC(1) Pause Young (Normal) (G1 Evacuation Pause) 11M->5M(34M) 38.429ms
[2021-01-05T15:20:32.012-0400][gc,cpu       ] GC(1) User=0.13s Sys=0.01s Real=0.04s
[2021-01-05T15:20:33.415-0400][gc,heap      ] GC(2) Heap before GC invocations=2 (full 0): garbage-first heap   total 34816K, used 16021K [0x0000000083000000, 0x0000000100000000)
[2021-01-05T15:20:33.415-0400][gc,heap      ] GC(2)   region size 1024K, 10 young (10240K), 1 survivors (1024K)
[2021-01-05T15:20:33.415-0400][gc,heap      ] GC(2)  Metaspace       used 6336K, capacity 6769K, committed 7040K, reserved 1056768K
[2021-01-05T15:20:33.415-0400][gc,heap      ] GC(2)   class space    used 698K, capacity 857K, committed 896K, reserved 1048576K
[2021-01-05T15:20:33.415-0400][gc,start     ] GC(2) Pause Young (Concurrent Start) (G1 Humongous Allocation)
[2021-01-05T15:20:33.415-0400][gc,task      ] GC(2) Using 4 workers of 4 for evacuation
[2021-01-05T15:20:33.426-0400][gc,phases    ] GC(2)   Pre Evacuate Collection Set: 0.1ms
[2021-01-05T15:20:33.426-0400][gc,phases    ] GC(2)   Evacuate Collection Set: 8.7ms
[2021-01-05T15:20:33.426-0400][gc,phases    ] GC(2)   Post Evacuate Collection Set: 1.2ms
[2021-01-05T15:20:33.426-0400][gc,phases    ] GC(2)   Other: 1.1ms
[2021-01-05T15:20:33.426-0400][gc,heap      ] GC(2) Eden regions: 9->0(10)
[2021-01-05T15:20:33.426-0400][gc,heap      ] GC(2) Survivor regions: 1->1(2)
[2021-01-05T15:20:33.426-0400][gc,heap      ] GC(2) Old regions: 6->6
[2021-01-05T15:20:33.426-0400][gc,heap      ] GC(2) Humongous regions: 4->4
[2021-01-05T15:20:33.426-0400][gc,metaspace ] GC(2) Metaspace: 6336K->6336K(1056768K)
[2021-01-05T15:20:33.426-0400][gc,heap      ] GC(2) Heap after GC invocations=3 (full 0): garbage-first heap   total 34816K, used 9457K [0x0000000083000000, 0x0000000100000000)
[2021-01-05T15:20:33.426-0400][gc,heap      ] GC(2)   region size 1024K, 1 young (1024K), 1 survivors (1024K)
[2021-01-05T15:20:33.426-0400][gc,heap      ] GC(2)  Metaspace       used 6336K, capacity 6769K, committed 7040K, reserved 1056768K
[2021-01-05T15:20:33.426-0400][gc,heap      ] GC(2)   class space    used 698K, capacity 857K, committed 896K, reserved 1048576K
[2021-01-05T15:20:33.426-0400][gc           ] GC(2) Pause Young (Concurrent Start) (G1 Humongous Allocation) 17M->9M(34M) 11.303ms
[2021-01-05T15:20:33.427-0400][gc,cpu       ] GC(2) User=0.04s Sys=0.00s Real=0.02s
[2021-01-05T15:20:33.427-0400][gc           ] GC(3) Concurrent Cycle
[2021-01-05T15:20:33.427-0400][gc,marking   ] GC(3) Concurrent Clear Claimed Marks
[2021-01-05T15:20:33.427-0400][gc,marking   ] GC(3) Concurrent Clear Claimed Marks 0.119ms
[2021-01-05T15:20:33.427-0400][gc,marking   ] GC(3) Concurrent Scan Root Regions
[2021-01-05T15:20:33.430-0400][gc,marking   ] GC(3) Concurrent Scan Root Regions 3.316ms
[2021-01-05T15:20:33.431-0400][gc,marking   ] GC(3) Concurrent Mark (6.918s)
[2021-01-05T15:20:33.431-0400][gc,marking   ] GC(3) Concurrent Mark From Roots
[2021-01-05T15:20:33.431-0400][gc,task      ] GC(3) Using 1 workers of 1 for marking
[2021-01-05T15:20:33.458-0400][gc,marking   ] GC(3) Concurrent Mark From Roots 27.668ms
[2021-01-05T15:20:33.459-0400][gc,marking   ] GC(3) Concurrent Preclean
[2021-01-05T15:20:33.459-0400][gc,marking   ] GC(3) Concurrent Preclean 0.385ms
[2021-01-05T15:20:33.459-0400][gc,marking   ] GC(3) Concurrent Mark (6.918s, 6.946s) 28.447ms
[2021-01-05T15:20:33.463-0400][gc,start     ] GC(3) Pause Remark
[2021-01-05T15:20:33.472-0400][gc,stringtable] GC(3) Cleaned string and symbol table, strings: 2003 processed, 29 removed, symbols: 15641 processed, 21 removed
[2021-01-05T15:20:33.473-0400][gc            ] GC(3) Pause Remark 10M->10M(34M) 9.640ms
[2021-01-05T15:20:33.473-0400][gc,cpu        ] GC(3) User=0.02s Sys=0.00s Real=0.01s
[2021-01-05T15:20:33.473-0400][gc,marking    ] GC(3) Concurrent Rebuild Remembered Sets
[2021-01-05T15:20:33.487-0400][gc,marking    ] GC(3) Concurrent Rebuild Remembered Sets 14.110ms
[2021-01-05T15:20:33.488-0400][gc,start      ] GC(3) Pause Cleanup
[2021-01-05T15:20:33.488-0400][gc            ] GC(3) Pause Cleanup 10M->10M(34M) 0.476ms
[2021-01-05T15:20:33.488-0400][gc,cpu        ] GC(3) User=0.00s Sys=0.00s Real=0.00s
[2021-01-05T15:20:33.488-0400][gc,marking    ] GC(3) Concurrent Cleanup for Next Mark
[2021-01-05T15:20:33.490-0400][gc,marking    ] GC(3) Concurrent Cleanup for Next Mark 1.539ms
[2021-01-05T15:20:33.490-0400][gc            ] GC(3) Concurrent Cycle 63.376ms
[2021-01-05T15:20:34.667-0400][gc,heap       ] GC(4) Heap before GC invocations=4 (full 0): garbage-first heap   total 34816K, used 19697K [0x0000000083000000, 0x0000000100000000)
[2021-01-05T15:20:34.667-0400][gc,heap       ] GC(4)   region size 1024K, 11 young (11264K), 1 survivors (1024K)
[2021-01-05T15:20:34.667-0400][gc,heap       ] GC(4)  Metaspace       used 6753K, capacity 7200K, committed 7296K, reserved 1056768K
[2021-01-05T15:20:34.667-0400][gc,heap       ] GC(4)   class space    used 724K, capacity 884K, committed 896K, reserved 1048576K
[2021-01-05T15:20:34.667-0400][gc,start      ] GC(4) Pause Young (Normal) (G1 Evacuation Pause)
[2021-01-05T15:20:34.667-0400][gc,task       ] GC(4) Using 4 workers of 4 for evacuation
[2021-01-05T15:20:34.685-0400][gc,phases     ] GC(4)   Pre Evacuate Collection Set: 0.0ms
[2021-01-05T15:20:34.686-0400][gc,phases     ] GC(4)   Evacuate Collection Set: 16.3ms
[2021-01-05T15:20:34.686-0400][gc,phases     ] GC(4)   Post Evacuate Collection Set: 1.6ms
[2021-01-05T15:20:34.686-0400][gc,phases     ] GC(4)   Other: 0.8ms
[2021-01-05T15:20:34.686-0400][gc,heap       ] GC(4) Eden regions: 10->0(11)
[2021-01-05T15:20:34.686-0400][gc,heap       ] GC(4) Survivor regions: 1->2(2)
[2021-01-05T15:20:34.686-0400][gc,heap       ] GC(4) Old regions: 6->6
[2021-01-05T15:20:34.686-0400][gc,heap       ] GC(4) Humongous regions: 5->4
[2021-01-05T15:20:34.686-0400][gc,metaspace  ] GC(4) Metaspace: 6753K->6753K(1056768K)
[2021-01-05T15:20:34.686-0400][gc,heap       ] GC(4) Heap after GC invocations=5 (full 0): garbage-first heap   total 34816K, used 9605K [0x0000000083000000, 0x0000000100000000)
[2021-01-05T15:20:34.687-0400][gc,heap       ] GC(4)   region size 1024K, 2 young (2048K), 2 survivors (2048K)
[2021-01-05T15:20:34.687-0400][gc,heap       ] GC(4)  Metaspace       used 6753K, capacity 7200K, committed 7296K, reserved 1056768K
[2021-01-05T15:20:34.687-0400][gc,heap       ] GC(4)   class space    used 724K, capacity 884K, committed 896K, reserved 1048576K
[2021-01-05T15:20:34.687-0400][gc            ] GC(4) Pause Young (Normal) (G1 Evacuation Pause) 20M->9M(34M) 19.796ms
[2021-01-05T15:20:34.687-0400][gc,cpu        ] GC(4) User=0.07s Sys=0.01s Real=0.02s
[2021-01-05T15:20:36.241-0400][gc,heap       ] GC(5) Heap before GC invocations=5 (full 0): garbage-first heap   total 34816K, used 20869K [0x0000000083000000, 0x0000000100000000)
[2021-01-05T15:20:36.241-0400][gc,heap       ] GC(5)   region size 1024K, 13 young (13312K), 2 survivors (2048K)
[2021-01-05T15:20:36.241-0400][gc,heap       ] GC(5)  Metaspace       used 8440K, capacity 8981K, committed 9088K, reserved 1056768K
[2021-01-05T15:20:36.241-0400][gc,heap       ] GC(5)   class space    used 926K, capacity 1142K, committed 1152K, reserved 1048576K
[2021-01-05T15:20:36.241-0400][gc,start      ] GC(5) Pause Young (Concurrent Start) (G1 Evacuation Pause)
[2021-01-05T15:20:36.241-0400][gc,task       ] GC(5) Using 4 workers of 4 for evacuation
[2021-01-05T15:20:36.254-0400][gc,phases     ] GC(5)   Pre Evacuate Collection Set: 0.1ms
[2021-01-05T15:20:36.254-0400][gc,phases     ] GC(5)   Evacuate Collection Set: 11.0ms
[2021-01-05T15:20:36.254-0400][gc,phases     ] GC(5)   Post Evacuate Collection Set: 1.0ms
[2021-01-05T15:20:36.254-0400][gc,phases     ] GC(5)   Other: 0.6ms
[2021-01-05T15:20:36.254-0400][gc,heap       ] GC(5) Eden regions: 11->0(11)
[2021-01-05T15:20:36.254-0400][gc,heap       ] GC(5) Survivor regions: 2->2(2)
[2021-01-05T15:20:36.254-0400][gc,heap       ] GC(5) Old regions: 6->6
[2021-01-05T15:20:36.254-0400][gc,heap       ] GC(5) Humongous regions: 4->4
[2021-01-05T15:20:36.254-0400][gc,metaspace  ] GC(5) Metaspace: 8440K->8440K(1056768K)
[2021-01-05T15:20:36.254-0400][gc,heap       ] GC(5) Heap after GC invocations=6 (full 0): garbage-first heap   total 34816K, used 10351K [0x0000000083000000, 0x0000000100000000)
[2021-01-05T15:20:36.254-0400][gc,heap       ] GC(5)   region size 1024K, 2 young (2048K), 2 survivors (2048K)
[2021-01-05T15:20:36.254-0400][gc,heap       ] GC(5)  Metaspace       used 8440K, capacity 8981K, committed 9088K, reserved 1056768K
[2021-01-05T15:20:36.254-0400][gc,heap       ] GC(5)   class space    used 926K, capacity 1142K, committed 1152K, reserved 1048576K
[2021-01-05T15:20:36.254-0400][gc            ] GC(5) Pause Young (Concurrent Start) (G1 Evacuation Pause) 20M->10M(34M) 13.263ms
[2021-01-05T15:20:36.254-0400][gc,cpu        ] GC(5) User=0.05s Sys=0.01s Real=0.01s
[2021-01-05T15:20:36.256-0400][gc            ] GC(6) Concurrent Cycle
[2021-01-05T15:20:36.256-0400][gc,marking    ] GC(6) Concurrent Clear Claimed Marks
[2021-01-05T15:20:36.256-0400][gc,marking    ] GC(6) Concurrent Clear Claimed Marks 0.133ms
[2021-01-05T15:20:36.256-0400][gc,marking    ] GC(6) Concurrent Scan Root Regions
[2021-01-05T15:20:36.263-0400][gc,marking    ] GC(6) Concurrent Scan Root Regions 6.661ms
[2021-01-05T15:20:36.263-0400][gc,marking    ] GC(6) Concurrent Mark (9.750s)
[2021-01-05T15:20:36.263-0400][gc,marking    ] GC(6) Concurrent Mark From Roots
[2021-01-05T15:20:36.263-0400][gc,task       ] GC(6) Using 1 workers of 1 for marking
[2021-01-05T15:20:36.284-0400][gc,marking    ] GC(6) Concurrent Mark From Roots 21.212ms
[2021-01-05T15:20:36.284-0400][gc,marking    ] GC(6) Concurrent Preclean
[2021-01-05T15:20:36.284-0400][gc,marking    ] GC(6) Concurrent Preclean 0.174ms
[2021-01-05T15:20:36.284-0400][gc,marking    ] GC(6) Concurrent Mark (9.750s, 9.771s) 21.606ms
[2021-01-05T15:20:36.285-0400][gc,start      ] GC(6) Pause Remark
[2021-01-05T15:20:36.291-0400][gc,stringtable] GC(6) Cleaned string and symbol table, strings: 2748 processed, 0 removed, symbols: 20694 processed, 22 removed
[2021-01-05T15:20:36.292-0400][gc            ] GC(6) Pause Remark 10M->10M(34M) 6.928ms
[2021-01-05T15:20:36.292-0400][gc,cpu        ] GC(6) User=0.02s Sys=0.00s Real=0.01s
[2021-01-05T15:20:36.292-0400][gc,marking    ] GC(6) Concurrent Rebuild Remembered Sets
[2021-01-05T15:20:36.305-0400][gc,marking    ] GC(6) Concurrent Rebuild Remembered Sets 13.529ms
[2021-01-05T15:20:36.307-0400][gc,start      ] GC(6) Pause Cleanup
[2021-01-05T15:20:36.307-0400][gc            ] GC(6) Pause Cleanup 10M->10M(34M) 0.369ms
[2021-01-05T15:20:36.307-0400][gc,cpu        ] GC(6) User=0.00s Sys=0.00s Real=0.00s
[2021-01-05T15:20:36.308-0400][gc,marking    ] GC(6) Concurrent Cleanup for Next Mark
[2021-01-05T15:20:36.309-0400][gc,marking    ] GC(6) Concurrent Cleanup for Next Mark 1.533ms
[2021-01-05T15:20:36.309-0400][gc            ] GC(6) Concurrent Cycle 53.739ms
[2021-01-05T15:20:37.534-0400][gc,heap       ] GC(7) Heap before GC invocations=7 (full 0): garbage-first heap   total 34816K, used 20591K [0x0000000083000000, 0x0000000100000000)
[2021-01-05T15:20:37.534-0400][gc,heap       ] GC(7)   region size 1024K, 13 young (13312K), 2 survivors (2048K)
[2021-01-05T15:20:37.534-0400][gc,heap       ] GC(7)  Metaspace       used 10391K, capacity 11072K, committed 11136K, reserved 1058816K
[2021-01-05T15:20:37.534-0400][gc,heap       ] GC(7)   class space    used 1121K, capacity 1396K, committed 1408K, reserved 1048576K
[2021-01-05T15:20:37.535-0400][gc,start      ] GC(7) Pause Young (Normal) (G1 Evacuation Pause)
[2021-01-05T15:20:37.535-0400][gc,task       ] GC(7) Using 4 workers of 4 for evacuation
[2021-01-05T15:20:37.550-0400][gc,phases     ] GC(7)   Pre Evacuate Collection Set: 0.0ms
[2021-01-05T15:20:37.550-0400][gc,phases     ] GC(7)   Evacuate Collection Set: 13.9ms
[2021-01-05T15:20:37.550-0400][gc,phases     ] GC(7)   Post Evacuate Collection Set: 1.0ms
[2021-01-05T15:20:37.550-0400][gc,phases     ] GC(7)   Other: 0.7ms
[2021-01-05T15:20:37.550-0400][gc,heap       ] GC(7) Eden regions: 11->0(11)
[2021-01-05T15:20:37.550-0400][gc,heap       ] GC(7) Survivor regions: 2->2(2)
[2021-01-05T15:20:37.550-0400][gc,heap       ] GC(7) Old regions: 6->7
[2021-01-05T15:20:37.550-0400][gc,heap       ] GC(7) Humongous regions: 4->4
[2021-01-05T15:20:37.550-0400][gc,metaspace  ] GC(7) Metaspace: 10391K->10391K(1058816K)
[2021-01-05T15:20:37.550-0400][gc,heap       ] GC(7) Heap after GC invocations=8 (full 0): garbage-first heap   total 34816K, used 11288K [0x0000000083000000, 0x0000000100000000)
[2021-01-05T15:20:37.550-0400][gc,heap       ] GC(7)   region size 1024K, 2 young (2048K), 2 survivors (2048K)
[2021-01-05T15:20:37.550-0400][gc,heap       ] GC(7)  Metaspace       used 10391K, capacity 11072K, committed 11136K, reserved 1058816K
[2021-01-05T15:20:37.550-0400][gc,heap       ] GC(7)   class space    used 1121K, capacity 1396K, committed 1408K, reserved 1048576K
[2021-01-05T15:20:37.551-0400][gc            ] GC(7) Pause Young (Normal) (G1 Evacuation Pause) 21M->11M(34M) 15.963ms
[2021-01-05T15:20:37.551-0400][gc,cpu        ] GC(7) User=0.06s Sys=0.00s Real=0.02s
[2021-01-05T15:20:38.031-0400][gc,heap       ] GC(8) Heap before GC invocations=8 (full 0): garbage-first heap   total 34816K, used 22552K [0x0000000083000000, 0x0000000100000000)
[2021-01-05T15:20:38.031-0400][gc,heap       ] GC(8)   region size 1024K, 13 young (13312K), 2 survivors (2048K)
[2021-01-05T15:20:38.031-0400][gc,heap       ] GC(8)  Metaspace       used 10690K, capacity 11325K, committed 11392K, reserved 1058816K
[2021-01-05T15:20:38.031-0400][gc,heap       ] GC(8)   class space    used 1150K, capacity 1406K, committed 1408K, reserved 1048576K
[2021-01-05T15:20:38.032-0400][gc,start      ] GC(8) Pause Young (Concurrent Start) (G1 Evacuation Pause)
[2021-01-05T15:20:38.032-0400][gc,task       ] GC(8) Using 4 workers of 4 for evacuation
[2021-01-05T15:20:38.053-0400][gc,phases     ] GC(8)   Pre Evacuate Collection Set: 0.1ms
[2021-01-05T15:20:38.053-0400][gc,phases     ] GC(8)   Evacuate Collection Set: 19.7ms
[2021-01-05T15:20:38.053-0400][gc,phases     ] GC(8)   Post Evacuate Collection Set: 0.9ms
[2021-01-05T15:20:38.053-0400][gc,phases     ] GC(8)   Other: 0.7ms
[2021-01-05T15:20:38.053-0400][gc,heap       ] GC(8) Eden regions: 11->0(11)
[2021-01-05T15:20:38.053-0400][gc,heap       ] GC(8) Survivor regions: 2->2(2)
[2021-01-05T15:20:38.053-0400][gc,heap       ] GC(8) Old regions: 7->8
[2021-01-05T15:20:38.053-0400][gc,heap       ] GC(8) Humongous regions: 4->4
[2021-01-05T15:20:38.053-0400][gc,metaspace  ] GC(8) Metaspace: 10690K->10690K(1058816K)
[2021-01-05T15:20:38.053-0400][gc,heap       ] GC(8) Heap after GC invocations=9 (full 0): garbage-first heap   total 34816K, used 12225K [0x0000000083000000, 0x0000000100000000)
[2021-01-05T15:20:38.053-0400][gc,heap       ] GC(8)   region size 1024K, 2 young (2048K), 2 survivors (2048K)
[2021-01-05T15:20:38.053-0400][gc,heap       ] GC(8)  Metaspace       used 10690K, capacity 11325K, committed 11392K, reserved 1058816K
[2021-01-05T15:20:38.053-0400][gc,heap       ] GC(8)   class space    used 1150K, capacity 1406K, committed 1408K, reserved 1048576K
[2021-01-05T15:20:38.053-0400][gc            ] GC(8) Pause Young (Concurrent Start) (G1 Evacuation Pause) 22M->11M(34M) 21.790ms
[2021-01-05T15:20:38.053-0400][gc,cpu        ] GC(8) User=0.08s Sys=0.00s Real=0.02s
[2021-01-05T15:20:38.054-0400][gc            ] GC(9) Concurrent Cycle
[2021-01-05T15:20:38.054-0400][gc,marking    ] GC(9) Concurrent Clear Claimed Marks
[2021-01-05T15:20:38.054-0400][gc,marking    ] GC(9) Concurrent Clear Claimed Marks 0.214ms
[2021-01-05T15:20:38.054-0400][gc,marking    ] GC(9) Concurrent Scan Root Regions
[2021-01-05T15:20:38.063-0400][gc,marking    ] GC(9) Concurrent Scan Root Regions 8.388ms
[2021-01-05T15:20:38.063-0400][gc,marking    ] GC(9) Concurrent Mark (11.550s)
[2021-01-05T15:20:38.063-0400][gc,marking    ] GC(9) Concurrent Mark From Roots
[2021-01-05T15:20:38.063-0400][gc,task       ] GC(9) Using 1 workers of 1 for marking
[2021-01-05T15:20:38.107-0400][gc,marking    ] GC(9) Concurrent Mark From Roots 44.679ms
[2021-01-05T15:20:38.108-0400][gc,marking    ] GC(9) Concurrent Preclean
[2021-01-05T15:20:38.108-0400][gc,marking    ] GC(9) Concurrent Preclean 0.271ms
[2021-01-05T15:20:38.108-0400][gc,marking    ] GC(9) Concurrent Mark (11.550s, 11.595s) 45.233ms
[2021-01-05T15:20:38.109-0400][gc,start      ] GC(9) Pause Remark
[2021-01-05T15:20:38.117-0400][gc,stringtable] GC(9) Cleaned string and symbol table, strings: 3970 processed, 2 removed, symbols: 27181 processed, 53 removed
[2021-01-05T15:20:38.118-0400][gc            ] GC(9) Pause Remark 13M->13M(34M) 8.539ms
[2021-01-05T15:20:38.118-0400][gc,cpu        ] GC(9) User=0.02s Sys=0.00s Real=0.01s
[2021-01-05T15:20:38.118-0400][gc,marking    ] GC(9) Concurrent Rebuild Remembered Sets
[2021-01-05T15:20:38.137-0400][gc,marking    ] GC(9) Concurrent Rebuild Remembered Sets 19.192ms
[2021-01-05T15:20:38.138-0400][gc,start      ] GC(9) Pause Cleanup
[2021-01-05T15:20:38.138-0400][gc            ] GC(9) Pause Cleanup 13M->13M(34M) 0.396ms
[2021-01-05T15:20:38.138-0400][gc,cpu        ] GC(9) User=0.00s Sys=0.00s Real=0.00s
[2021-01-05T15:20:38.138-0400][gc,marking    ] GC(9) Concurrent Cleanup for Next Mark
[2021-01-05T15:20:38.139-0400][gc,marking    ] GC(9) Concurrent Cleanup for Next Mark 0.650ms
[2021-01-05T15:20:38.139-0400][gc            ] GC(9) Concurrent Cycle 85.346ms
[2021-01-05T15:20:39.024-0400][gc,heap       ] GC(10) Heap before GC invocations=10 (full 0): garbage-first heap   total 34816K, used 23489K [0x0000000083000000, 0x0000000100000000)
[2021-01-05T15:20:39.024-0400][gc,heap       ] GC(10)   region size 1024K, 13 young (13312K), 2 survivors (2048K)
[2021-01-05T15:20:39.024-0400][gc,heap       ] GC(10)  Metaspace       used 12075K, capacity 12846K, committed 13184K, reserved 1060864K
[2021-01-05T15:20:39.024-0400][gc,heap       ] GC(10)   class space    used 1294K, capacity 1579K, committed 1664K, reserved 1048576K
[2021-01-05T15:20:39.024-0400][gc,start      ] GC(10) Pause Young (Normal) (G1 Evacuation Pause)
[2021-01-05T15:20:39.024-0400][gc,task       ] GC(10) Using 4 workers of 4 for evacuation
[2021-01-05T15:20:39.046-0400][gc,phases     ] GC(10)   Pre Evacuate Collection Set: 0.1ms
[2021-01-05T15:20:39.046-0400][gc,phases     ] GC(10)   Evacuate Collection Set: 18.7ms
[2021-01-05T15:20:39.046-0400][gc,phases     ] GC(10)   Post Evacuate Collection Set: 1.8ms
[2021-01-05T15:20:39.046-0400][gc,phases     ] GC(10)   Other: 0.8ms
[2021-01-05T15:20:39.046-0400][gc,heap       ] GC(10) Eden regions: 11->0(13)
[2021-01-05T15:20:39.046-0400][gc,heap       ] GC(10) Survivor regions: 2->2(2)
[2021-01-05T15:20:39.046-0400][gc,heap       ] GC(10) Old regions: 8->9
[2021-01-05T15:20:39.046-0400][gc,heap       ] GC(10) Humongous regions: 4->4
[2021-01-05T15:20:39.046-0400][gc,metaspace  ] GC(10) Metaspace: 12075K->12075K(1060864K)
[2021-01-05T15:20:39.046-0400][gc,heap       ] GC(10) Heap after GC invocations=11 (full 0): garbage-first heap   total 41984K, used 12564K [0x0000000083000000, 0x0000000100000000)
[2021-01-05T15:20:39.046-0400][gc,heap       ] GC(10)   region size 1024K, 2 young (2048K), 2 survivors (2048K)
[2021-01-05T15:20:39.046-0400][gc,heap       ] GC(10)  Metaspace       used 12075K, capacity 12846K, committed 13184K, reserved 1060864K
[2021-01-05T15:20:39.046-0400][gc,heap       ] GC(10)   class space    used 1294K, capacity 1579K, committed 1664K, reserved 1048576K
[2021-01-05T15:20:39.046-0400][gc            ] GC(10) Pause Young (Normal) (G1 Evacuation Pause) 22M->12M(41M) 22.047ms
[2021-01-05T15:20:39.048-0400][gc,cpu        ] GC(10) User=0.07s Sys=0.01s Real=0.03s
[2021-01-05T15:20:40.308-0400][gc,heap       ] GC(11) Heap before GC invocations=11 (full 0): garbage-first heap   total 41984K, used 25876K [0x0000000083000000, 0x0000000100000000)
[2021-01-05T15:20:40.308-0400][gc,heap       ] GC(11)   region size 1024K, 15 young (15360K), 2 survivors (2048K)
[2021-01-05T15:20:40.308-0400][gc,heap       ] GC(11)  Metaspace       used 14051K, capacity 14830K, committed 15104K, reserved 1062912K
[2021-01-05T15:20:40.308-0400][gc,heap       ] GC(11)   class space    used 1482K, capacity 1771K, committed 1792K, reserved 1048576K
[2021-01-05T15:20:40.309-0400][gc,start      ] GC(11) Pause Young (Concurrent Start) (G1 Evacuation Pause)
[2021-01-05T15:20:40.309-0400][gc,task       ] GC(11) Using 4 workers of 4 for evacuation
[2021-01-05T15:20:40.322-0400][gc,phases     ] GC(11)   Pre Evacuate Collection Set: 0.1ms
[2021-01-05T15:20:40.323-0400][gc,phases     ] GC(11)   Evacuate Collection Set: 11.9ms
[2021-01-05T15:20:40.323-0400][gc,phases     ] GC(11)   Post Evacuate Collection Set: 1.3ms
[2021-01-05T15:20:40.323-0400][gc,phases     ] GC(11)   Other: 1.1ms
[2021-01-05T15:20:40.323-0400][gc,heap       ] GC(11) Eden regions: 13->0(13)
[2021-01-05T15:20:40.323-0400][gc,heap       ] GC(11) Survivor regions: 2->2(2)
[2021-01-05T15:20:40.323-0400][gc,heap       ] GC(11) Old regions: 9->9
[2021-01-05T15:20:40.323-0400][gc,heap       ] GC(11) Humongous regions: 4->4
[2021-01-05T15:20:40.323-0400][gc,metaspace  ] GC(11) Metaspace: 14051K->14051K(1062912K)
[2021-01-05T15:20:40.323-0400][gc,heap       ] GC(11) Heap after GC invocations=12 (full 0): garbage-first heap   total 41984K, used 12998K [0x0000000083000000, 0x0000000100000000)
[2021-01-05T15:20:40.323-0400][gc,heap       ] GC(11)   region size 1024K, 2 young (2048K), 2 survivors (2048K)
[2021-01-05T15:20:40.323-0400][gc,heap       ] GC(11)  Metaspace       used 14051K, capacity 14830K, committed 15104K, reserved 1062912K
[2021-01-05T15:20:40.323-0400][gc,heap       ] GC(11)   class space    used 1482K, capacity 1771K, committed 1792K, reserved 1048576K
[2021-01-05T15:20:40.324-0400][gc            ] GC(11) Pause Young (Concurrent Start) (G1 Evacuation Pause) 25M->12M(41M) 14.989ms
[2021-01-05T15:20:40.324-0400][gc,cpu        ] GC(11) User=0.05s Sys=0.00s Real=0.01s
[2021-01-05T15:20:40.324-0400][gc            ] GC(12) Concurrent Cycle
[2021-01-05T15:20:40.324-0400][gc,marking    ] GC(12) Concurrent Clear Claimed Marks
[2021-01-05T15:20:40.324-0400][gc,marking    ] GC(12) Concurrent Clear Claimed Marks 0.174ms
[2021-01-05T15:20:40.324-0400][gc,marking    ] GC(12) Concurrent Scan Root Regions
[2021-01-05T15:20:40.330-0400][gc,marking    ] GC(12) Concurrent Scan Root Regions 5.381ms
[2021-01-05T15:20:40.330-0400][gc,marking    ] GC(12) Concurrent Mark (13.817s)
[2021-01-05T15:20:40.330-0400][gc,marking    ] GC(12) Concurrent Mark From Roots
[2021-01-05T15:20:40.330-0400][gc,task       ] GC(12) Using 1 workers of 1 for marking
[2021-01-05T15:20:40.389-0400][gc,marking    ] GC(12) Concurrent Mark From Roots 58.665ms
[2021-01-05T15:20:40.389-0400][gc,marking    ] GC(12) Concurrent Preclean
[2021-01-05T15:20:40.389-0400][gc,marking    ] GC(12) Concurrent Preclean 0.264ms
[2021-01-05T15:20:40.389-0400][gc,marking    ] GC(12) Concurrent Mark (13.817s, 13.876s) 59.213ms
[2021-01-05T15:20:40.389-0400][gc,start      ] GC(12) Pause Remark
[2021-01-05T15:20:40.406-0400][gc,stringtable] GC(12) Cleaned string and symbol table, strings: 4812 processed, 4 removed, symbols: 38164 processed, 36 removed
[2021-01-05T15:20:40.407-0400][gc            ] GC(12) Pause Remark 13M->13M(41M) 17.486ms
[2021-01-05T15:20:40.407-0400][gc,cpu        ] GC(12) User=0.05s Sys=0.01s Real=0.02s
[2021-01-05T15:20:40.408-0400][gc,marking    ] GC(12) Concurrent Rebuild Remembered Sets
[2021-01-05T15:20:40.433-0400][gc,marking    ] GC(12) Concurrent Rebuild Remembered Sets 25.650ms
[2021-01-05T15:20:40.434-0400][gc,start      ] GC(12) Pause Cleanup
[2021-01-05T15:20:40.434-0400][gc            ] GC(12) Pause Cleanup 13M->13M(41M) 0.378ms
[2021-01-05T15:20:40.435-0400][gc,cpu        ] GC(12) User=0.00s Sys=0.00s Real=0.00s
[2021-01-05T15:20:40.435-0400][gc,marking    ] GC(12) Concurrent Cleanup for Next Mark
[2021-01-05T15:20:40.436-0400][gc,marking    ] GC(12) Concurrent Cleanup for Next Mark 0.859ms
[2021-01-05T15:20:40.436-0400][gc            ] GC(12) Concurrent Cycle 112.491ms
[2021-01-05T15:20:41.212-0400][gc,heap       ] GC(13) Heap before GC invocations=13 (full 0): garbage-first heap   total 41984K, used 26310K [0x0000000083000000, 0x0000000100000000)
[2021-01-05T15:20:41.212-0400][gc,heap       ] GC(13)   region size 1024K, 15 young (15360K), 2 survivors (2048K)
[2021-01-05T15:20:41.212-0400][gc,heap       ] GC(13)  Metaspace       used 16024K, capacity 16791K, committed 17152K, reserved 1064960K
[2021-01-05T15:20:41.212-0400][gc,heap       ] GC(13)   class space    used 1705K, capacity 1998K, committed 2048K, reserved 1048576K
[2021-01-05T15:20:41.212-0400][gc,start      ] GC(13) Pause Young (Normal) (G1 Evacuation Pause)
[2021-01-05T15:20:41.212-0400][gc,task       ] GC(13) Using 4 workers of 4 for evacuation
[2021-01-05T15:20:41.234-0400][gc,phases     ] GC(13)   Pre Evacuate Collection Set: 0.1ms
[2021-01-05T15:20:41.234-0400][gc,phases     ] GC(13)   Evacuate Collection Set: 20.8ms
[2021-01-05T15:20:41.235-0400][gc,phases     ] GC(13)   Post Evacuate Collection Set: 1.0ms
[2021-01-05T15:20:41.235-0400][gc,phases     ] GC(13)   Other: 0.9ms
[2021-01-05T15:20:41.235-0400][gc,heap       ] GC(13) Eden regions: 13->0(14)
[2021-01-05T15:20:41.235-0400][gc,heap       ] GC(13) Survivor regions: 2->2(2)
[2021-01-05T15:20:41.235-0400][gc,heap       ] GC(13) Old regions: 9->9
[2021-01-05T15:20:41.235-0400][gc,heap       ] GC(13) Humongous regions: 4->4
[2021-01-05T15:20:41.235-0400][gc,metaspace  ] GC(13) Metaspace: 16024K->16024K(1064960K)
[2021-01-05T15:20:41.235-0400][gc,heap       ] GC(13) Heap after GC invocations=14 (full 0): garbage-first heap   total 41984K, used 13592K [0x0000000083000000, 0x0000000100000000)
[2021-01-05T15:20:41.235-0400][gc,heap       ] GC(13)   region size 1024K, 2 young (2048K), 2 survivors (2048K)
[2021-01-05T15:20:41.235-0400][gc,heap       ] GC(13)  Metaspace       used 16024K, capacity 16791K, committed 17152K, reserved 1064960K
[2021-01-05T15:20:41.235-0400][gc,heap       ] GC(13)   class space    used 1705K, capacity 1998K, committed 2048K, reserved 1048576K
[2021-01-05T15:20:41.235-0400][gc            ] GC(13) Pause Young (Normal) (G1 Evacuation Pause) 25M->13M(41M) 23.055ms
[2021-01-05T15:20:41.235-0400][gc,cpu        ] GC(13) User=0.09s Sys=0.00s Real=0.02s
[2021-01-05T15:20:42.790-0400][gc,heap       ] GC(14) Heap before GC invocations=14 (full 0): garbage-first heap   total 41984K, used 27928K [0x0000000083000000, 0x0000000100000000)
[2021-01-05T15:20:42.790-0400][gc,heap       ] GC(14)   region size 1024K, 16 young (16384K), 2 survivors (2048K)
[2021-01-05T15:20:42.790-0400][gc,heap       ] GC(14)  Metaspace       used 17013K, capacity 18018K, committed 18176K, reserved 1064960K
[2021-01-05T15:20:42.790-0400][gc,heap       ] GC(14)   class space    used 1843K, capacity 2228K, committed 2304K, reserved 1048576K
[2021-01-05T15:20:42.790-0400][gc,start      ] GC(14) Pause Young (Concurrent Start) (G1 Evacuation Pause)
[2021-01-05T15:20:42.790-0400][gc,task       ] GC(14) Using 4 workers of 4 for evacuation
[2021-01-05T15:20:42.820-0400][gc,phases     ] GC(14)   Pre Evacuate Collection Set: 0.2ms
[2021-01-05T15:20:42.820-0400][gc,phases     ] GC(14)   Evacuate Collection Set: 26.8ms
[2021-01-05T15:20:42.820-0400][gc,phases     ] GC(14)   Post Evacuate Collection Set: 1.7ms
[2021-01-05T15:20:42.820-0400][gc,phases     ] GC(14)   Other: 1.1ms
[2021-01-05T15:20:42.820-0400][gc,heap       ] GC(14) Eden regions: 14->0(14)
[2021-01-05T15:20:42.820-0400][gc,heap       ] GC(14) Survivor regions: 2->2(2)
[2021-01-05T15:20:42.820-0400][gc,heap       ] GC(14) Old regions: 9->10
[2021-01-05T15:20:42.820-0400][gc,heap       ] GC(14) Humongous regions: 4->4
[2021-01-05T15:20:42.820-0400][gc,metaspace  ] GC(14) Metaspace: 17013K->17013K(1064960K)
[2021-01-05T15:20:42.820-0400][gc,heap       ] GC(14) Heap after GC invocations=15 (full 0): garbage-first heap   total 41984K, used 14367K [0x0000000083000000, 0x0000000100000000)
[2021-01-05T15:20:42.821-0400][gc,heap       ] GC(14)   region size 1024K, 2 young (2048K), 2 survivors (2048K)
[2021-01-05T15:20:42.821-0400][gc,heap       ] GC(14)  Metaspace       used 17013K, capacity 18018K, committed 18176K, reserved 1064960K
[2021-01-05T15:20:42.821-0400][gc,heap       ] GC(14)   class space    used 1843K, capacity 2228K, committed 2304K, reserved 1048576K
[2021-01-05T15:20:42.821-0400][gc            ] GC(14) Pause Young (Concurrent Start) (G1 Evacuation Pause) 27M->14M(41M) 30.471ms
[2021-01-05T15:20:42.821-0400][gc,cpu        ] GC(14) User=0.11s Sys=0.01s Real=0.03s
[2021-01-05T15:20:42.824-0400][gc            ] GC(15) Concurrent Cycle
[2021-01-05T15:20:42.824-0400][gc,marking    ] GC(15) Concurrent Clear Claimed Marks
[2021-01-05T15:20:42.824-0400][gc,marking    ] GC(15) Concurrent Clear Claimed Marks 0.180ms
[2021-01-05T15:20:42.824-0400][gc,marking    ] GC(15) Concurrent Scan Root Regions
[2021-01-05T15:20:42.832-0400][gc,marking    ] GC(15) Concurrent Scan Root Regions 8.024ms
[2021-01-05T15:20:42.832-0400][gc,marking    ] GC(15) Concurrent Mark (16.319s)
[2021-01-05T15:20:42.832-0400][gc,marking    ] GC(15) Concurrent Mark From Roots
[2021-01-05T15:20:42.832-0400][gc,task       ] GC(15) Using 1 workers of 1 for marking
[2021-01-05T15:20:42.922-0400][gc,marking    ] GC(15) Concurrent Mark From Roots 89.580ms
[2021-01-05T15:20:42.922-0400][gc,marking    ] GC(15) Concurrent Preclean
[2021-01-05T15:20:42.922-0400][gc,marking    ] GC(15) Concurrent Preclean 0.279ms
[2021-01-05T15:20:42.922-0400][gc,marking    ] GC(15) Concurrent Mark (16.319s, 16.409s) 90.165ms
[2021-01-05T15:20:42.923-0400][gc,start      ] GC(15) Pause Remark
[2021-01-05T15:20:42.938-0400][gc,stringtable] GC(15) Cleaned string and symbol table, strings: 7429 processed, 0 removed, symbols: 46780 processed, 30 removed
[2021-01-05T15:20:42.939-0400][gc            ] GC(15) Pause Remark 15M->15M(41M) 15.813ms
[2021-01-05T15:20:42.939-0400][gc,cpu        ] GC(15) User=0.05s Sys=0.01s Real=0.02s
[2021-01-05T15:20:42.939-0400][gc,marking    ] GC(15) Concurrent Rebuild Remembered Sets
[2021-01-05T15:20:42.982-0400][gc,marking    ] GC(15) Concurrent Rebuild Remembered Sets 43.037ms
[2021-01-05T15:20:42.983-0400][gc,start      ] GC(15) Pause Cleanup
[2021-01-05T15:20:42.984-0400][gc            ] GC(15) Pause Cleanup 15M->15M(41M) 0.452ms
[2021-01-05T15:20:42.984-0400][gc,cpu        ] GC(15) User=0.00s Sys=0.01s Real=0.00s
[2021-01-05T15:20:42.985-0400][gc,marking    ] GC(15) Concurrent Cleanup for Next Mark
[2021-01-05T15:20:42.986-0400][gc,marking    ] GC(15) Concurrent Cleanup for Next Mark 1.065ms
[2021-01-05T15:20:42.986-0400][gc            ] GC(15) Concurrent Cycle 162.308ms
[2021-01-05T15:20:43.777-0400][gc,heap       ] GC(16) Heap before GC invocations=16 (full 0): garbage-first heap   total 41984K, used 27679K [0x0000000083000000, 0x0000000100000000)
[2021-01-05T15:20:43.777-0400][gc,heap       ] GC(16)   region size 1024K, 16 young (16384K), 2 survivors (2048K)
[2021-01-05T15:20:43.777-0400][gc,heap       ] GC(16)  Metaspace       used 18037K, capacity 19180K, committed 19328K, reserved 1067008K
[2021-01-05T15:20:43.777-0400][gc,heap       ] GC(16)   class space    used 1956K, capacity 2420K, committed 2432K, reserved 1048576K
[2021-01-05T15:20:43.777-0400][gc,start      ] GC(16) Pause Young (Normal) (G1 Evacuation Pause)
[2021-01-05T15:20:43.777-0400][gc,task       ] GC(16) Using 4 workers of 4 for evacuation
[2021-01-05T15:20:43.801-0400][gc,phases     ] GC(16)   Pre Evacuate Collection Set: 0.0ms
[2021-01-05T15:20:43.801-0400][gc,phases     ] GC(16)   Evacuate Collection Set: 20.8ms
[2021-01-05T15:20:43.801-0400][gc,phases     ] GC(16)   Post Evacuate Collection Set: 2.1ms
[2021-01-05T15:20:43.801-0400][gc,phases     ] GC(16)   Other: 0.7ms
[2021-01-05T15:20:43.801-0400][gc,heap       ] GC(16) Eden regions: 14->0(14)
[2021-01-05T15:20:43.801-0400][gc,heap       ] GC(16) Survivor regions: 2->2(2)
[2021-01-05T15:20:43.801-0400][gc,heap       ] GC(16) Old regions: 10->11
[2021-01-05T15:20:43.801-0400][gc,heap       ] GC(16) Humongous regions: 4->4
[2021-01-05T15:20:43.801-0400][gc,metaspace  ] GC(16) Metaspace: 18037K->18037K(1067008K)
[2021-01-05T15:20:43.801-0400][gc,heap       ] GC(16) Heap after GC invocations=17 (full 0): garbage-first heap   total 41984K, used 14914K [0x0000000083000000, 0x0000000100000000)
[2021-01-05T15:20:43.801-0400][gc,heap       ] GC(16)   region size 1024K, 2 young (2048K), 2 survivors (2048K)
[2021-01-05T15:20:43.801-0400][gc,heap       ] GC(16)  Metaspace       used 18037K, capacity 19180K, committed 19328K, reserved 1067008K
[2021-01-05T15:20:43.801-0400][gc,heap       ] GC(16)   class space    used 1956K, capacity 2420K, committed 2432K, reserved 1048576K
[2021-01-05T15:20:43.802-0400][gc            ] GC(16) Pause Young (Normal) (G1 Evacuation Pause) 28M->14M(41M) 24.126ms
[2021-01-05T15:20:43.802-0400][gc,cpu        ] GC(16) User=0.08s Sys=0.00s Real=0.02s
[2021-01-05T15:20:44.506-0400][gc,heap       ] GC(17) Heap before GC invocations=17 (full 0): garbage-first heap   total 41984K, used 28226K [0x0000000083000000, 0x0000000100000000)
[2021-01-05T15:20:44.506-0400][gc,heap       ] GC(17)   region size 1024K, 16 young (16384K), 2 survivors (2048K)
[2021-01-05T15:20:44.506-0400][gc,heap       ] GC(17)  Metaspace       used 18985K, capacity 20204K, committed 20352K, reserved 1067008K
[2021-01-05T15:20:44.506-0400][gc,heap       ] GC(17)   class space    used 2052K, capacity 2561K, committed 2688K, reserved 1048576K
[2021-01-05T15:20:44.507-0400][gc,start      ] GC(17) Pause Young (Concurrent Start) (G1 Evacuation Pause)
[2021-01-05T15:20:44.507-0400][gc,task       ] GC(17) Using 4 workers of 4 for evacuation
[2021-01-05T15:20:44.531-0400][gc,phases     ] GC(17)   Pre Evacuate Collection Set: 0.2ms
[2021-01-05T15:20:44.531-0400][gc,phases     ] GC(17)   Evacuate Collection Set: 21.3ms
[2021-01-05T15:20:44.531-0400][gc,phases     ] GC(17)   Post Evacuate Collection Set: 2.4ms
[2021-01-05T15:20:44.531-0400][gc,phases     ] GC(17)   Other: 1.0ms
[2021-01-05T15:20:44.531-0400][gc,heap       ] GC(17) Eden regions: 14->0(18)
[2021-01-05T15:20:44.531-0400][gc,heap       ] GC(17) Survivor regions: 2->2(2)
[2021-01-05T15:20:44.532-0400][gc,heap       ] GC(17) Old regions: 11->12
[2021-01-05T15:20:44.532-0400][gc,heap       ] GC(17) Humongous regions: 4->4
[2021-01-05T15:20:44.532-0400][gc,metaspace  ] GC(17) Metaspace: 18985K->18985K(1067008K)
[2021-01-05T15:20:44.532-0400][gc,heap       ] GC(17) Heap after GC invocations=18 (full 0): garbage-first heap   total 51200K, used 15484K [0x0000000083000000, 0x0000000100000000)
[2021-01-05T15:20:44.532-0400][gc,heap       ] GC(17)   region size 1024K, 2 young (2048K), 2 survivors (2048K)
[2021-01-05T15:20:44.532-0400][gc,heap       ] GC(17)  Metaspace       used 18985K, capacity 20204K, committed 20352K, reserved 1067008K
[2021-01-05T15:20:44.532-0400][gc,heap       ] GC(17)   class space    used 2052K, capacity 2561K, committed 2688K, reserved 1048576K
[2021-01-05T15:20:44.532-0400][gc            ] GC(17) Pause Young (Concurrent Start) (G1 Evacuation Pause) 28M->15M(50M) 25.270ms
[2021-01-05T15:20:44.532-0400][gc,cpu        ] GC(17) User=0.07s Sys=0.01s Real=0.02s
[2021-01-05T15:20:44.532-0400][gc            ] GC(18) Concurrent Cycle
[2021-01-05T15:20:44.532-0400][gc,marking    ] GC(18) Concurrent Clear Claimed Marks
[2021-01-05T15:20:44.533-0400][gc,marking    ] GC(18) Concurrent Clear Claimed Marks 0.244ms
[2021-01-05T15:20:44.533-0400][gc,marking    ] GC(18) Concurrent Scan Root Regions
[2021-01-05T15:20:44.546-0400][gc,marking    ] GC(18) Concurrent Scan Root Regions 13.021ms
[2021-01-05T15:20:44.546-0400][gc,marking    ] GC(18) Concurrent Mark (18.033s)
[2021-01-05T15:20:44.546-0400][gc,marking    ] GC(18) Concurrent Mark From Roots
[2021-01-05T15:20:44.546-0400][gc,task       ] GC(18) Using 1 workers of 1 for marking
[2021-01-05T15:20:44.806-0400][gc,marking    ] GC(18) Concurrent Mark From Roots 260.179ms
[2021-01-05T15:20:44.806-0400][gc,marking    ] GC(18) Concurrent Preclean
[2021-01-05T15:20:44.807-0400][gc,marking    ] GC(18) Concurrent Preclean 0.399ms
[2021-01-05T15:20:44.807-0400][gc,marking    ] GC(18) Concurrent Mark (18.033s, 18.294s) 261.044ms
[2021-01-05T15:20:44.809-0400][gc,start      ] GC(18) Pause Remark
[2021-01-05T15:20:44.827-0400][gc,stringtable] GC(18) Cleaned string and symbol table, strings: 8342 processed, 2 removed, symbols: 52358 processed, 36 removed
[2021-01-05T15:20:44.828-0400][gc            ] GC(18) Pause Remark 20M->20M(50M) 18.881ms
[2021-01-05T15:20:44.828-0400][gc,cpu        ] GC(18) User=0.07s Sys=0.01s Real=0.02s
[2021-01-05T15:20:44.828-0400][gc,marking    ] GC(18) Concurrent Rebuild Remembered Sets
[2021-01-05T15:20:44.904-0400][gc,marking    ] GC(18) Concurrent Rebuild Remembered Sets 76.139ms
[2021-01-05T15:20:44.906-0400][gc,start      ] GC(18) Pause Cleanup
[2021-01-05T15:20:44.907-0400][gc            ] GC(18) Pause Cleanup 21M->21M(50M) 0.601ms
[2021-01-05T15:20:44.907-0400][gc,cpu        ] GC(18) User=0.00s Sys=0.00s Real=0.00s
[2021-01-05T15:20:44.907-0400][gc,marking    ] GC(18) Concurrent Cleanup for Next Mark
[2021-01-05T15:20:44.908-0400][gc,marking    ] GC(18) Concurrent Cleanup for Next Mark 1.177ms
[2021-01-05T15:20:44.909-0400][gc            ] GC(18) Concurrent Cycle 376.297ms
[2021-01-05T15:20:45.942-0400][gc,heap       ] GC(19) Heap before GC invocations=19 (full 0): garbage-first heap   total 51200K, used 32892K [0x0000000083000000, 0x0000000100000000)
[2021-01-05T15:20:45.942-0400][gc,heap       ] GC(19)   region size 1024K, 21 young (21504K), 2 survivors (2048K)
[2021-01-05T15:20:45.942-0400][gc,heap       ] GC(19)  Metaspace       used 19623K, capacity 20837K, committed 21120K, reserved 1067008K
[2021-01-05T15:20:45.942-0400][gc,heap       ] GC(19)   class space    used 2117K, capacity 2617K, committed 2688K, reserved 1048576K
[2021-01-05T15:20:45.942-0400][gc,start      ] GC(19) Pause Young (Normal) (GCLocker Initiated GC)
[2021-01-05T15:20:45.942-0400][gc,task       ] GC(19) Using 4 workers of 4 for evacuation
[2021-01-05T15:20:45.978-0400][gc,phases     ] GC(19)   Pre Evacuate Collection Set: 0.1ms
[2021-01-05T15:20:45.978-0400][gc,phases     ] GC(19)   Evacuate Collection Set: 32.4ms
[2021-01-05T15:20:45.978-0400][gc,phases     ] GC(19)   Post Evacuate Collection Set: 2.8ms
[2021-01-05T15:20:45.978-0400][gc,phases     ] GC(19)   Other: 1.1ms
[2021-01-05T15:20:45.978-0400][gc,heap       ] GC(19) Eden regions: 19->0(17)
[2021-01-05T15:20:45.978-0400][gc,heap       ] GC(19) Survivor regions: 2->3(3)
[2021-01-05T15:20:45.978-0400][gc,heap       ] GC(19) Old regions: 12->12
[2021-01-05T15:20:45.978-0400][gc,heap       ] GC(19) Humongous regions: 4->4
[2021-01-05T15:20:45.978-0400][gc,metaspace  ] GC(19) Metaspace: 19623K->19623K(1067008K)
[2021-01-05T15:20:45.978-0400][gc,heap       ] GC(19) Heap after GC invocations=20 (full 0): garbage-first heap   total 51200K, used 17776K [0x0000000083000000, 0x0000000100000000)
[2021-01-05T15:20:45.979-0400][gc,heap       ] GC(19)   region size 1024K, 3 young (3072K), 3 survivors (3072K)
[2021-01-05T15:20:45.979-0400][gc,heap       ] GC(19)  Metaspace       used 19623K, capacity 20837K, committed 21120K, reserved 1067008K
[2021-01-05T15:20:45.979-0400][gc,heap       ] GC(19)   class space    used 2117K, capacity 2617K, committed 2688K, reserved 1048576K
[2021-01-05T15:20:45.979-0400][gc            ] GC(19) Pause Young (Normal) (GCLocker Initiated GC) 33M->17M(50M) 36.903ms
[2021-01-05T15:20:45.979-0400][gc,cpu        ] GC(19) User=0.10s Sys=0.01s Real=0.04s
[2021-01-05T15:20:46.088-0400][gc,heap       ] GC(20) Heap before GC invocations=20 (full 0): garbage-first heap   total 51200K, used 21872K [0x0000000083000000, 0x0000000100000000)
[2021-01-05T15:20:46.088-0400][gc,heap       ] GC(20)   region size 1024K, 8 young (8192K), 3 survivors (3072K)
[2021-01-05T15:20:46.088-0400][gc,heap       ] GC(20)  Metaspace       used 19677K, capacity 20933K, committed 21120K, reserved 1067008K
[2021-01-05T15:20:46.088-0400][gc,heap       ] GC(20)   class space    used 2122K, capacity 2649K, committed 2688K, reserved 1048576K
[2021-01-05T15:20:46.088-0400][gc,start      ] GC(20) Pause Young (Concurrent Start) (G1 Humongous Allocation)
[2021-01-05T15:20:46.088-0400][gc,task       ] GC(20) Using 4 workers of 4 for evacuation
[2021-01-05T15:20:46.124-0400][gc,phases     ] GC(20)   Pre Evacuate Collection Set: 0.2ms
[2021-01-05T15:20:46.125-0400][gc,phases     ] GC(20)   Evacuate Collection Set: 22.7ms
[2021-01-05T15:20:46.125-0400][gc,phases     ] GC(20)   Post Evacuate Collection Set: 12.5ms
[2021-01-05T15:20:46.125-0400][gc,phases     ] GC(20)   Other: 1.2ms
[2021-01-05T15:20:46.125-0400][gc,heap       ] GC(20) Eden regions: 5->0(13)
[2021-01-05T15:20:46.125-0400][gc,heap       ] GC(20) Survivor regions: 3->1(3)
[2021-01-05T15:20:46.125-0400][gc,heap       ] GC(20) Old regions: 12->15
[2021-01-05T15:20:46.125-0400][gc,heap       ] GC(20) Humongous regions: 4->4
[2021-01-05T15:20:46.125-0400][gc,metaspace  ] GC(20) Metaspace: 19677K->19677K(1067008K)
[2021-01-05T15:20:46.125-0400][gc,heap       ] GC(20) Heap after GC invocations=21 (full 0): garbage-first heap   total 51200K, used 18424K [0x0000000083000000, 0x0000000100000000)
[2021-01-05T15:20:46.125-0400][gc,heap       ] GC(20)   region size 1024K, 1 young (1024K), 1 survivors (1024K)
[2021-01-05T15:20:46.125-0400][gc,heap       ] GC(20)  Metaspace       used 19677K, capacity 20933K, committed 21120K, reserved 1067008K
[2021-01-05T15:20:46.125-0400][gc,heap       ] GC(20)   class space    used 2122K, capacity 2649K, committed 2688K, reserved 1048576K
[2021-01-05T15:20:46.125-0400][gc            ] GC(20) Pause Young (Concurrent Start) (G1 Humongous Allocation) 21M->17M(50M) 37.020ms
[2021-01-05T15:20:46.126-0400][gc,cpu        ] GC(20) User=0.11s Sys=0.02s Real=0.03s
[2021-01-05T15:20:46.127-0400][gc            ] GC(21) Concurrent Cycle
[2021-01-05T15:20:46.127-0400][gc,marking    ] GC(21) Concurrent Clear Claimed Marks
[2021-01-05T15:20:46.127-0400][gc,marking    ] GC(21) Concurrent Clear Claimed Marks 0.369ms
[2021-01-05T15:20:46.127-0400][gc,marking    ] GC(21) Concurrent Scan Root Regions
[2021-01-05T15:20:46.129-0400][gc,marking    ] GC(21) Concurrent Scan Root Regions 1.484ms
[2021-01-05T15:20:46.129-0400][gc,marking    ] GC(21) Concurrent Mark (19.616s)
[2021-01-05T15:20:46.129-0400][gc,marking    ] GC(21) Concurrent Mark From Roots
[2021-01-05T15:20:46.129-0400][gc,task       ] GC(21) Using 1 workers of 1 for marking
[2021-01-05T15:20:46.319-0400][gc,marking    ] GC(21) Concurrent Mark From Roots 189.710ms
[2021-01-05T15:20:46.319-0400][gc,marking    ] GC(21) Concurrent Preclean
[2021-01-05T15:20:46.319-0400][gc,marking    ] GC(21) Concurrent Preclean 0.374ms
[2021-01-05T15:20:46.319-0400][gc,marking    ] GC(21) Concurrent Mark (19.616s, 19.806s) 190.392ms
[2021-01-05T15:20:46.320-0400][gc,start      ] GC(21) Pause Remark
[2021-01-05T15:20:46.341-0400][gc,stringtable] GC(21) Cleaned string and symbol table, strings: 8605 processed, 25 removed, symbols: 53933 processed, 17 removed
[2021-01-05T15:20:46.341-0400][gc            ] GC(21) Pause Remark 29M->29M(50M) 20.874ms
[2021-01-05T15:20:46.342-0400][gc,cpu        ] GC(21) User=0.06s Sys=0.00s Real=0.02s
[2021-01-05T15:20:46.342-0400][gc,marking    ] GC(21) Concurrent Rebuild Remembered Sets
[2021-01-05T15:20:46.430-0400][gc,marking    ] GC(21) Concurrent Rebuild Remembered Sets 88.347ms
[2021-01-05T15:20:46.432-0400][gc,start      ] GC(21) Pause Cleanup
[2021-01-05T15:20:46.432-0400][gc            ] GC(21) Pause Cleanup 41M->41M(50M) 0.474ms
[2021-01-05T15:20:46.433-0400][gc,cpu        ] GC(21) User=0.00s Sys=0.00s Real=0.00s
[2021-01-05T15:20:46.433-0400][gc,marking    ] GC(21) Concurrent Cleanup for Next Mark
[2021-01-05T15:20:46.469-0400][gc,marking    ] GC(21) Concurrent Cleanup for Next Mark 36.651ms
[2021-01-05T15:20:46.470-0400][gc            ] GC(21) Concurrent Cycle 343.877ms
[2021-01-05T15:20:46.482-0400][gc,heap       ] GC(22) Heap before GC invocations=22 (full 0): garbage-first heap   total 51200K, used 43000K [0x0000000083000000, 0x0000000100000000)
[2021-01-05T15:20:46.482-0400][gc,heap       ] GC(22)   region size 1024K, 14 young (14336K), 1 survivors (1024K)
[2021-01-05T15:20:46.482-0400][gc,heap       ] GC(22)  Metaspace       used 19846K, capacity 21098K, committed 21376K, reserved 1069056K
[2021-01-05T15:20:46.482-0400][gc,heap       ] GC(22)   class space    used 2142K, capacity 2660K, committed 2688K, reserved 1048576K
[2021-01-05T15:20:46.483-0400][gc,start      ] GC(22) Pause Young (Concurrent Start) (G1 Humongous Allocation)
[2021-01-05T15:20:46.483-0400][gc,task       ] GC(22) Using 4 workers of 4 for evacuation
[2021-01-05T15:20:46.505-0400][gc,phases     ] GC(22)   Pre Evacuate Collection Set: 0.3ms
[2021-01-05T15:20:46.505-0400][gc,phases     ] GC(22)   Evacuate Collection Set: 19.2ms
[2021-01-05T15:20:46.505-0400][gc,phases     ] GC(22)   Post Evacuate Collection Set: 2.1ms
[2021-01-05T15:20:46.505-0400][gc,phases     ] GC(22)   Other: 1.3ms
[2021-01-05T15:20:46.505-0400][gc,heap       ] GC(22) Eden regions: 13->0(11)
[2021-01-05T15:20:46.505-0400][gc,heap       ] GC(22) Survivor regions: 1->1(2)
[2021-01-05T15:20:46.505-0400][gc,heap       ] GC(22) Old regions: 15->15
[2021-01-05T15:20:46.506-0400][gc,heap       ] GC(22) Humongous regions: 16->10
[2021-01-05T15:20:46.506-0400][gc,metaspace  ] GC(22) Metaspace: 19846K->19846K(1069056K)
[2021-01-05T15:20:46.506-0400][gc,heap       ] GC(22) Heap after GC invocations=23 (full 0): garbage-first heap   total 51200K, used 24422K [0x0000000083000000, 0x0000000100000000)
[2021-01-05T15:20:46.506-0400][gc,heap       ] GC(22)   region size 1024K, 1 young (1024K), 1 survivors (1024K)
[2021-01-05T15:20:46.506-0400][gc,heap       ] GC(22)  Metaspace       used 19846K, capacity 21098K, committed 21376K, reserved 1069056K
[2021-01-05T15:20:46.506-0400][gc,heap       ] GC(22)   class space    used 2142K, capacity 2660K, committed 2688K, reserved 1048576K
[2021-01-05T15:20:46.506-0400][gc            ] GC(22) Pause Young (Concurrent Start) (G1 Humongous Allocation) 42M->23M(50M) 23.315ms
[2021-01-05T15:20:46.506-0400][gc,cpu        ] GC(22) User=0.06s Sys=0.01s Real=0.03s
[2021-01-05T15:20:46.506-0400][gc            ] GC(23) Concurrent Cycle
[2021-01-05T15:20:46.506-0400][gc,marking    ] GC(23) Concurrent Clear Claimed Marks
[2021-01-05T15:20:46.509-0400][gc,marking    ] GC(23) Concurrent Clear Claimed Marks 2.340ms
[2021-01-05T15:20:46.509-0400][gc,marking    ] GC(23) Concurrent Scan Root Regions
[2021-01-05T15:20:46.512-0400][gc,marking    ] GC(23) Concurrent Scan Root Regions 3.045ms
[2021-01-05T15:20:46.512-0400][gc,marking    ] GC(23) Concurrent Mark (19.999s)
[2021-01-05T15:20:46.512-0400][gc,marking    ] GC(23) Concurrent Mark From Roots
[2021-01-05T15:20:46.512-0400][gc,task       ] GC(23) Using 1 workers of 1 for marking
[2021-01-05T15:20:46.749-0400][gc,marking    ] GC(23) Concurrent Mark From Roots 237.230ms
[2021-01-05T15:20:46.750-0400][gc,marking    ] GC(23) Concurrent Preclean
[2021-01-05T15:20:46.750-0400][gc,marking    ] GC(23) Concurrent Preclean 0.353ms
[2021-01-05T15:20:46.750-0400][gc,marking    ] GC(23) Concurrent Mark (19.999s, 20.237s) 237.852ms
[2021-01-05T15:20:46.759-0400][gc,start      ] GC(23) Pause Remark
[2021-01-05T15:20:46.803-0400][gc,stringtable] GC(23) Cleaned string and symbol table, strings: 8735 processed, 2 removed, symbols: 53966 processed, 7 removed
[2021-01-05T15:20:46.804-0400][gc            ] GC(23) Pause Remark 42M->42M(50M) 45.347ms
[2021-01-05T15:20:46.805-0400][gc,cpu        ] GC(23) User=0.12s Sys=0.01s Real=0.04s
[2021-01-05T15:20:46.805-0400][gc,marking    ] GC(23) Concurrent Rebuild Remembered Sets
[2021-01-05T15:20:46.853-0400][gc,heap       ] GC(24) Heap before GC invocations=23 (full 0): garbage-first heap   total 51200K, used 44902K [0x0000000083000000, 0x0000000100000000)
[2021-01-05T15:20:46.853-0400][gc,heap       ] GC(24)   region size 1024K, 12 young (12288K), 1 survivors (1024K)
[2021-01-05T15:20:46.853-0400][gc,heap       ] GC(24)  Metaspace       used 19871K, capacity 21160K, committed 21376K, reserved 1069056K
[2021-01-05T15:20:46.853-0400][gc,heap       ] GC(24)   class space    used 2144K, capacity 2659K, committed 2688K, reserved 1048576K
[2021-01-05T15:20:46.853-0400][gc,start      ] GC(24) Pause Young (Normal) (G1 Evacuation Pause)
[2021-01-05T15:20:46.853-0400][gc,task       ] GC(24) Using 4 workers of 4 for evacuation
[2021-01-05T15:20:46.942-0400][gc,phases     ] GC(24)   Pre Evacuate Collection Set: 0.1ms
[2021-01-05T15:20:46.942-0400][gc,phases     ] GC(24)   Evacuate Collection Set: 76.3ms
[2021-01-05T15:20:46.942-0400][gc,phases     ] GC(24)   Post Evacuate Collection Set: 11.9ms
[2021-01-05T15:20:46.942-0400][gc,phases     ] GC(24)   Other: 1.1ms
[2021-01-05T15:20:46.942-0400][gc,heap       ] GC(24) Eden regions: 11->0(14)
[2021-01-05T15:20:46.942-0400][gc,heap       ] GC(24) Survivor regions: 1->2(2)
[2021-01-05T15:20:46.942-0400][gc,heap       ] GC(24) Old regions: 15->17
[2021-01-05T15:20:46.943-0400][gc,heap       ] GC(24) Humongous regions: 19->10
[2021-01-05T15:20:46.943-0400][gc,metaspace  ] GC(24) Metaspace: 19871K->19871K(1069056K)
[2021-01-05T15:20:46.943-0400][gc,heap       ] GC(24) Heap after GC invocations=24 (full 0): garbage-first heap   total 63488K, used 27854K [0x0000000083000000, 0x0000000100000000)
[2021-01-05T15:20:46.943-0400][gc,heap       ] GC(24)   region size 1024K, 2 young (2048K), 2 survivors (2048K)
[2021-01-05T15:20:46.943-0400][gc,heap       ] GC(24)  Metaspace       used 19871K, capacity 21160K, committed 21376K, reserved 1069056K
[2021-01-05T15:20:46.943-0400][gc,heap       ] GC(24)   class space    used 2144K, capacity 2659K, committed 2688K, reserved 1048576K
[2021-01-05T15:20:46.943-0400][gc            ] GC(24) Pause Young (Normal) (G1 Evacuation Pause) 43M->27M(62M) 89.852ms
[2021-01-05T15:20:46.943-0400][gc,cpu        ] GC(24) User=0.22s Sys=0.02s Real=0.09s
[2021-01-05T15:20:47.054-0400][gc,marking    ] GC(23) Concurrent Rebuild Remembered Sets 248.700ms
[2021-01-05T15:20:47.066-0400][gc,start      ] GC(23) Pause Cleanup
[2021-01-05T15:20:47.067-0400][gc            ] GC(23) Pause Cleanup 30M->30M(62M) 0.652ms
[2021-01-05T15:20:47.067-0400][gc,cpu        ] GC(23) User=0.00s Sys=0.00s Real=0.00s
[2021-01-05T15:20:47.068-0400][gc,marking    ] GC(23) Concurrent Cleanup for Next Mark
[2021-01-05T15:20:47.088-0400][gc,marking    ] GC(23) Concurrent Cleanup for Next Mark 20.183ms
[2021-01-05T15:20:47.089-0400][gc            ] GC(23) Concurrent Cycle 582.430ms
[2021-01-05T15:20:47.582-0400][gc,heap       ] GC(25) Heap before GC invocations=25 (full 0): garbage-first heap   total 63488K, used 41166K [0x0000000083000000, 0x0000000100000000)
[2021-01-05T15:20:47.582-0400][gc,heap       ] GC(25)   region size 1024K, 16 young (16384K), 2 survivors (2048K)
[2021-01-05T15:20:47.582-0400][gc,heap       ] GC(25)  Metaspace       used 19984K, capacity 21272K, committed 21376K, reserved 1069056K
[2021-01-05T15:20:47.582-0400][gc,heap       ] GC(25)   class space    used 2154K, capacity 2667K, committed 2688K, reserved 1048576K
[2021-01-05T15:20:47.582-0400][gc,start      ] GC(25) Pause Young (Normal) (G1 Evacuation Pause)
[2021-01-05T15:20:47.582-0400][gc,task       ] GC(25) Using 4 workers of 4 for evacuation
[2021-01-05T15:20:47.651-0400][gc,phases     ] GC(25)   Pre Evacuate Collection Set: 0.2ms
[2021-01-05T15:20:47.651-0400][gc,phases     ] GC(25)   Evacuate Collection Set: 48.9ms
[2021-01-05T15:20:47.651-0400][gc,phases     ] GC(25)   Post Evacuate Collection Set: 19.3ms
[2021-01-05T15:20:47.652-0400][gc,phases     ] GC(25)   Other: 0.9ms
[2021-01-05T15:20:47.652-0400][gc,heap       ] GC(25) Eden regions: 14->0(12)
[2021-01-05T15:20:47.652-0400][gc,heap       ] GC(25) Survivor regions: 2->2(2)
[2021-01-05T15:20:47.652-0400][gc,heap       ] GC(25) Old regions: 17->21
[2021-01-05T15:20:47.652-0400][gc,heap       ] GC(25) Humongous regions: 10->10
[2021-01-05T15:20:47.652-0400][gc,metaspace  ] GC(25) Metaspace: 19984K->19984K(1069056K)
[2021-01-05T15:20:47.652-0400][gc,heap       ] GC(25) Heap after GC invocations=26 (full 0): garbage-first heap   total 63488K, used 32215K [0x0000000083000000, 0x0000000100000000)
[2021-01-05T15:20:47.652-0400][gc,heap       ] GC(25)   region size 1024K, 2 young (2048K), 2 survivors (2048K)
[2021-01-05T15:20:47.652-0400][gc,heap       ] GC(25)  Metaspace       used 19984K, capacity 21272K, committed 21376K, reserved 1069056K
[2021-01-05T15:20:47.652-0400][gc,heap       ] GC(25)   class space    used 2154K, capacity 2667K, committed 2688K, reserved 1048576K
[2021-01-05T15:20:47.652-0400][gc            ] GC(25) Pause Young (Normal) (G1 Evacuation Pause) 41M->31M(62M) 70.061ms
[2021-01-05T15:20:47.653-0400][gc,cpu        ] GC(25) User=0.16s Sys=0.00s Real=0.07s
[2021-01-05T15:20:48.494-0400][gc,heap       ] GC(26) Heap before GC invocations=26 (full 0): garbage-first heap   total 63488K, used 43479K [0x0000000083000000, 0x0000000100000000)
[2021-01-05T15:20:48.494-0400][gc,heap       ] GC(26)   region size 1024K, 14 young (14336K), 2 survivors (2048K)
[2021-01-05T15:20:48.494-0400][gc,heap       ] GC(26)  Metaspace       used 20350K, capacity 21723K, committed 22016K, reserved 1069056K
[2021-01-05T15:20:48.494-0400][gc,heap       ] GC(26)   class space    used 2194K, capacity 2720K, committed 2816K, reserved 1048576K
[2021-01-05T15:20:48.494-0400][gc,start      ] GC(26) Pause Young (Concurrent Start) (G1 Evacuation Pause)
[2021-01-05T15:20:48.494-0400][gc,task       ] GC(26) Using 4 workers of 4 for evacuation
[2021-01-05T15:20:48.549-0400][gc,phases     ] GC(26)   Pre Evacuate Collection Set: 0.3ms
[2021-01-05T15:20:48.549-0400][gc,phases     ] GC(26)   Evacuate Collection Set: 50.2ms
[2021-01-05T15:20:48.549-0400][gc,phases     ] GC(26)   Post Evacuate Collection Set: 3.5ms
[2021-01-05T15:20:48.549-0400][gc,phases     ] GC(26)   Other: 1.1ms
[2021-01-05T15:20:48.549-0400][gc,heap       ] GC(26) Eden regions: 12->0(11)
[2021-01-05T15:20:48.549-0400][gc,heap       ] GC(26) Survivor regions: 2->2(2)
[2021-01-05T15:20:48.549-0400][gc,heap       ] GC(26) Old regions: 21->23
[2021-01-05T15:20:48.549-0400][gc,heap       ] GC(26) Humongous regions: 10->10
[2021-01-05T15:20:48.549-0400][gc,metaspace  ] GC(26) Metaspace: 20350K->20350K(1069056K)
[2021-01-05T15:20:48.550-0400][gc,heap       ] GC(26) Heap after GC invocations=27 (full 0): garbage-first heap   total 63488K, used 33744K [0x0000000083000000, 0x0000000100000000)
[2021-01-05T15:20:48.550-0400][gc,heap       ] GC(26)   region size 1024K, 2 young (2048K), 2 survivors (2048K)
[2021-01-05T15:20:48.550-0400][gc,heap       ] GC(26)  Metaspace       used 20350K, capacity 21723K, committed 22016K, reserved 1069056K
[2021-01-05T15:20:48.550-0400][gc,heap       ] GC(26)   class space    used 2194K, capacity 2720K, committed 2816K, reserved 1048576K
[2021-01-05T15:20:48.550-0400][gc            ] GC(26) Pause Young (Concurrent Start) (G1 Evacuation Pause) 43M->32M(62M) 55.653ms
[2021-01-05T15:20:48.550-0400][gc,cpu        ] GC(26) User=0.12s Sys=0.01s Real=0.06s
[2021-01-05T15:20:48.550-0400][gc            ] GC(27) Concurrent Cycle
[2021-01-05T15:20:48.550-0400][gc,marking    ] GC(27) Concurrent Clear Claimed Marks
[2021-01-05T15:20:48.551-0400][gc,marking    ] GC(27) Concurrent Clear Claimed Marks 0.319ms
[2021-01-05T15:20:48.551-0400][gc,marking    ] GC(27) Concurrent Scan Root Regions
[2021-01-05T15:20:48.573-0400][gc,marking    ] GC(27) Concurrent Scan Root Regions 21.807ms
[2021-01-05T15:20:48.573-0400][gc,marking    ] GC(27) Concurrent Mark (22.060s)
[2021-01-05T15:20:48.573-0400][gc,marking    ] GC(27) Concurrent Mark From Roots
[2021-01-05T15:20:48.573-0400][gc,task       ] GC(27) Using 1 workers of 1 for marking
[2021-01-05T15:20:49.406-0400][gc,marking    ] GC(27) Concurrent Mark From Roots 833.291ms
[2021-01-05T15:20:49.408-0400][gc,marking    ] GC(27) Concurrent Preclean
[2021-01-05T15:20:49.410-0400][gc,marking    ] GC(27) Concurrent Preclean 1.885ms
[2021-01-05T15:20:49.410-0400][gc,marking    ] GC(27) Concurrent Mark (22.060s, 22.897s) 837.356ms
[2021-01-05T15:20:49.441-0400][gc,start      ] GC(27) Pause Remark
[2021-01-05T15:20:49.575-0400][gc,stringtable] GC(27) Cleaned string and symbol table, strings: 9262 processed, 0 removed, symbols: 55224 processed, 29 removed
[2021-01-05T15:20:49.576-0400][gc            ] GC(27) Pause Remark 42M->42M(62M) 135.223ms
[2021-01-05T15:20:49.576-0400][gc,cpu        ] GC(27) User=0.08s Sys=0.00s Real=0.14s
[2021-01-05T15:20:49.581-0400][gc,marking    ] GC(27) Concurrent Rebuild Remembered Sets
[2021-01-05T15:20:49.824-0400][gc,heap       ] GC(28) Heap before GC invocations=27 (full 0): garbage-first heap   total 63488K, used 45008K [0x0000000083000000, 0x0000000100000000)
[2021-01-05T15:20:49.824-0400][gc,heap       ] GC(28)   region size 1024K, 13 young (13312K), 2 survivors (2048K)
[2021-01-05T15:20:49.824-0400][gc,heap       ] GC(28)  Metaspace       used 20452K, capacity 21753K, committed 22016K, reserved 1069056K
[2021-01-05T15:20:49.824-0400][gc,heap       ] GC(28)   class space    used 2201K, capacity 2723K, committed 2816K, reserved 1048576K
[2021-01-05T15:20:49.824-0400][gc,start      ] GC(28) Pause Young (Normal) (G1 Evacuation Pause)
[2021-01-05T15:20:49.824-0400][gc,task       ] GC(28) Using 4 workers of 4 for evacuation
[2021-01-05T15:20:50.007-0400][gc,phases     ] GC(28)   Pre Evacuate Collection Set: 0.1ms
[2021-01-05T15:20:50.007-0400][gc,phases     ] GC(28)   Evacuate Collection Set: 165.8ms
[2021-01-05T15:20:50.007-0400][gc,phases     ] GC(28)   Post Evacuate Collection Set: 16.3ms
[2021-01-05T15:20:50.008-0400][gc,phases     ] GC(28)   Other: 1.0ms
[2021-01-05T15:20:50.008-0400][gc,heap       ] GC(28) Eden regions: 11->0(10)
[2021-01-05T15:20:50.008-0400][gc,heap       ] GC(28) Survivor regions: 2->2(2)
[2021-01-05T15:20:50.008-0400][gc,heap       ] GC(28) Old regions: 23->25
[2021-01-05T15:20:50.008-0400][gc,heap       ] GC(28) Humongous regions: 11->10
[2021-01-05T15:20:50.008-0400][gc,metaspace  ] GC(28) Metaspace: 20452K->20452K(1069056K)
[2021-01-05T15:20:50.008-0400][gc,heap       ] GC(28) Heap after GC invocations=28 (full 0): garbage-first heap   total 63488K, used 36105K [0x0000000083000000, 0x0000000100000000)
[2021-01-05T15:20:50.008-0400][gc,heap       ] GC(28)   region size 1024K, 2 young (2048K), 2 survivors (2048K)
[2021-01-05T15:20:50.008-0400][gc,heap       ] GC(28)  Metaspace       used 20452K, capacity 21753K, committed 22016K, reserved 1069056K
[2021-01-05T15:20:50.008-0400][gc,heap       ] GC(28)   class space    used 2201K, capacity 2723K, committed 2816K, reserved 1048576K
[2021-01-05T15:20:50.008-0400][gc            ] GC(28) Pause Young (Normal) (G1 Evacuation Pause) 44M->35M(62M) 183.898ms
[2021-01-05T15:20:50.008-0400][gc,cpu        ] GC(28) User=0.21s Sys=0.01s Real=0.19s
[2021-01-05T15:20:50.570-0400][gc,marking    ] GC(27) Concurrent Rebuild Remembered Sets 988.989ms
[2021-01-05T15:20:50.586-0400][gc,start      ] GC(27) Pause Cleanup
[2021-01-05T15:20:50.587-0400][gc            ] GC(27) Pause Cleanup 38M->38M(62M) 0.630ms
[2021-01-05T15:20:50.587-0400][gc,cpu        ] GC(27) User=0.00s Sys=0.00s Real=0.00s
[2021-01-05T15:20:50.589-0400][gc,marking    ] GC(27) Concurrent Cleanup for Next Mark
[2021-01-05T15:20:50.605-0400][gc,marking    ] GC(27) Concurrent Cleanup for Next Mark 15.511ms
[2021-01-05T15:20:50.605-0400][gc            ] GC(27) Concurrent Cycle 2054.556ms
[2021-01-05T15:20:52.030-0400][gc,heap       ] GC(29) Heap before GC invocations=29 (full 0): garbage-first heap   total 63488K, used 46345K [0x0000000083000000, 0x0000000100000000)
[2021-01-05T15:20:52.030-0400][gc,heap       ] GC(29)   region size 1024K, 12 young (12288K), 2 survivors (2048K)
[2021-01-05T15:20:52.030-0400][gc,heap       ] GC(29)  Metaspace       used 20733K, capacity 22125K, committed 22272K, reserved 1069056K
[2021-01-05T15:20:52.030-0400][gc,heap       ] GC(29)   class space    used 2228K, capacity 2753K, committed 2816K, reserved 1048576K
[2021-01-05T15:20:52.030-0400][gc,start      ] GC(29) Pause Young (Normal) (G1 Evacuation Pause)
[2021-01-05T15:20:52.030-0400][gc,task       ] GC(29) Using 4 workers of 4 for evacuation
[2021-01-05T15:20:52.103-0400][gc,phases     ] GC(29)   Pre Evacuate Collection Set: 0.1ms
[2021-01-05T15:20:52.103-0400][gc,phases     ] GC(29)   Evacuate Collection Set: 62.3ms
[2021-01-05T15:20:52.103-0400][gc,phases     ] GC(29)   Post Evacuate Collection Set: 9.6ms
[2021-01-05T15:20:52.103-0400][gc,phases     ] GC(29)   Other: 0.9ms
[2021-01-05T15:20:52.103-0400][gc,heap       ] GC(29) Eden regions: 10->0(28)
[2021-01-05T15:20:52.103-0400][gc,heap       ] GC(29) Survivor regions: 2->2(2)
[2021-01-05T15:20:52.103-0400][gc,heap       ] GC(29) Old regions: 25->27
[2021-01-05T15:20:52.103-0400][gc,heap       ] GC(29) Humongous regions: 10->10
[2021-01-05T15:20:52.104-0400][gc,metaspace  ] GC(29) Metaspace: 20733K->20733K(1069056K)
[2021-01-05T15:20:52.104-0400][gc,heap       ] GC(29) Heap after GC invocations=30 (full 0): garbage-first heap   total 126976K, used 38009K [0x0000000083000000, 0x0000000100000000)
[2021-01-05T15:20:52.104-0400][gc,heap       ] GC(29)   region size 1024K, 2 young (2048K), 2 survivors (2048K)
[2021-01-05T15:20:52.104-0400][gc,heap       ] GC(29)  Metaspace       used 20733K, capacity 22125K, committed 22272K, reserved 1069056K
[2021-01-05T15:20:52.104-0400][gc,heap       ] GC(29)   class space    used 2228K, capacity 2753K, committed 2816K, reserved 1048576K
[2021-01-05T15:20:52.104-0400][gc            ] GC(29) Pause Young (Normal) (G1 Evacuation Pause) 45M->37M(124M) 73.655ms
[2021-01-05T15:20:52.106-0400][gc,cpu        ] GC(29) User=0.12s Sys=0.02s Real=0.08s
[2021-01-05T15:20:52.841-0400][gc,heap       ] GC(30) Heap before GC invocations=30 (full 0): garbage-first heap   total 126976K, used 63609K [0x0000000083000000, 0x0000000100000000)
[2021-01-05T15:20:52.841-0400][gc,heap       ] GC(30)   region size 1024K, 27 young (27648K), 2 survivors (2048K)
[2021-01-05T15:20:52.841-0400][gc,heap       ] GC(30)  Metaspace       used 20837K, capacity 22246K, committed 22528K, reserved 1069056K
[2021-01-05T15:20:52.841-0400][gc,heap       ] GC(30)   class space    used 2248K, capacity 2789K, committed 2816K, reserved 1048576K
[2021-01-05T15:20:52.841-0400][gc,start      ] GC(30) Pause Young (Normal) (G1 Evacuation Pause)
[2021-01-05T15:20:52.841-0400][gc,task       ] GC(30) Using 4 workers of 4 for evacuation
[2021-01-05T15:20:52.927-0400][gc,phases     ] GC(30)   Pre Evacuate Collection Set: 0.1ms
[2021-01-05T15:20:52.927-0400][gc,phases     ] GC(30)   Evacuate Collection Set: 82.3ms
[2021-01-05T15:20:52.927-0400][gc,phases     ] GC(30)   Post Evacuate Collection Set: 2.2ms
[2021-01-05T15:20:52.927-0400][gc,phases     ] GC(30)   Other: 1.1ms
[2021-01-05T15:20:52.927-0400][gc,heap       ] GC(30) Eden regions: 25->0(29)
[2021-01-05T15:20:52.927-0400][gc,heap       ] GC(30) Survivor regions: 2->4(4)
[2021-01-05T15:20:52.927-0400][gc,heap       ] GC(30) Old regions: 27->27
[2021-01-05T15:20:52.927-0400][gc,heap       ] GC(30) Humongous regions: 10->10
[2021-01-05T15:20:52.927-0400][gc,metaspace  ] GC(30) Metaspace: 20837K->20837K(1069056K)
[2021-01-05T15:20:52.927-0400][gc,heap       ] GC(30) Heap after GC invocations=31 (full 0): garbage-first heap   total 126976K, used 39549K [0x0000000083000000, 0x0000000100000000)
[2021-01-05T15:20:52.927-0400][gc,heap       ] GC(30)   region size 1024K, 4 young (4096K), 4 survivors (4096K)
[2021-01-05T15:20:52.927-0400][gc,heap       ] GC(30)  Metaspace       used 20837K, capacity 22246K, committed 22528K, reserved 1069056K
[2021-01-05T15:20:52.927-0400][gc,heap       ] GC(30)   class space    used 2248K, capacity 2789K, committed 2816K, reserved 1048576K
[2021-01-05T15:20:52.927-0400][gc            ] GC(30) Pause Young (Normal) (G1 Evacuation Pause) 62M->38M(124M) 85.957ms
[2021-01-05T15:20:52.928-0400][gc,cpu        ] GC(30) User=0.12s Sys=0.03s Real=0.09s
[2021-01-05T15:20:54.199-0400][gc,heap       ] GC(31) Heap before GC invocations=31 (full 0): garbage-first heap   total 126976K, used 65149K [0x0000000083000000, 0x0000000100000000)
[2021-01-05T15:20:54.199-0400][gc,heap       ] GC(31)   region size 1024K, 31 young (31744K), 4 survivors (4096K)
[2021-01-05T15:20:54.199-0400][gc,heap       ] GC(31)  Metaspace       used 20977K, capacity 22331K, committed 22528K, reserved 1069056K
[2021-01-05T15:20:54.199-0400][gc,heap       ] GC(31)   class space    used 2259K, capacity 2789K, committed 2816K, reserved 1048576K
[2021-01-05T15:20:54.199-0400][gc,start      ] GC(31) Pause Young (Concurrent Start) (G1 Humongous Allocation)
[2021-01-05T15:20:54.199-0400][gc,task       ] GC(31) Using 4 workers of 4 for evacuation
[2021-01-05T15:20:54.282-0400][gc,phases     ] GC(31)   Pre Evacuate Collection Set: 0.3ms
[2021-01-05T15:20:54.282-0400][gc,phases     ] GC(31)   Evacuate Collection Set: 72.6ms
[2021-01-05T15:20:54.282-0400][gc,phases     ] GC(31)   Post Evacuate Collection Set: 9.2ms
[2021-01-05T15:20:54.282-0400][gc,phases     ] GC(31)   Other: 1.3ms
[2021-01-05T15:20:54.283-0400][gc,heap       ] GC(31) Eden regions: 27->0(49)
[2021-01-05T15:20:54.283-0400][gc,heap       ] GC(31) Survivor regions: 4->2(4)
[2021-01-05T15:20:54.283-0400][gc,heap       ] GC(31) Old regions: 27->29
[2021-01-05T15:20:54.283-0400][gc,heap       ] GC(31) Humongous regions: 10->10
[2021-01-05T15:20:54.283-0400][gc,metaspace  ] GC(31) Metaspace: 20977K->20977K(1069056K)
[2021-01-05T15:20:54.283-0400][gc,heap       ] GC(31) Heap after GC invocations=32 (full 0): garbage-first heap   total 126976K, used 39682K [0x0000000083000000, 0x0000000100000000)
[2021-01-05T15:20:54.283-0400][gc,heap       ] GC(31)   region size 1024K, 2 young (2048K), 2 survivors (2048K)
[2021-01-05T15:20:54.283-0400][gc,heap       ] GC(31)  Metaspace       used 20977K, capacity 22331K, committed 22528K, reserved 1069056K
[2021-01-05T15:20:54.283-0400][gc,heap       ] GC(31)   class space    used 2259K, capacity 2789K, committed 2816K, reserved 1048576K
[2021-01-05T15:20:54.283-0400][gc            ] GC(31) Pause Young (Concurrent Start) (G1 Humongous Allocation) 65M->38M(124M) 83.927ms
[2021-01-05T15:20:54.287-0400][gc,cpu        ] GC(31) User=0.11s Sys=0.01s Real=0.09s
[2021-01-05T15:20:54.294-0400][gc            ] GC(32) Concurrent Cycle
[2021-01-05T15:20:54.294-0400][gc,marking    ] GC(32) Concurrent Clear Claimed Marks
[2021-01-05T15:20:54.294-0400][gc,marking    ] GC(32) Concurrent Clear Claimed Marks 0.304ms
[2021-01-05T15:20:54.294-0400][gc,marking    ] GC(32) Concurrent Scan Root Regions
[2021-01-05T15:20:54.354-0400][gc,marking    ] GC(32) Concurrent Scan Root Regions 59.367ms
[2021-01-05T15:20:54.354-0400][gc,marking    ] GC(32) Concurrent Mark (27.841s)
[2021-01-05T15:20:54.354-0400][gc,marking    ] GC(32) Concurrent Mark From Roots
[2021-01-05T15:20:54.354-0400][gc,task       ] GC(32) Using 1 workers of 1 for marking
[2021-01-05T15:20:54.858-0400][gc,marking    ] GC(32) Concurrent Mark From Roots 504.172ms
[2021-01-05T15:20:54.858-0400][gc,marking    ] GC(32) Concurrent Preclean
[2021-01-05T15:20:54.859-0400][gc,marking    ] GC(32) Concurrent Preclean 0.330ms
[2021-01-05T15:20:54.859-0400][gc,marking    ] GC(32) Concurrent Mark (27.841s, 28.346s) 504.850ms
[2021-01-05T15:20:54.859-0400][gc,start      ] GC(32) Pause Remark
[2021-01-05T15:20:54.879-0400][gc,stringtable] GC(32) Cleaned string and symbol table, strings: 9644 processed, 30 removed, symbols: 55920 processed, 10 removed
[2021-01-05T15:20:54.880-0400][gc            ] GC(32) Pause Remark 47M->41M(124M) 21.075ms
[2021-01-05T15:20:54.881-0400][gc,cpu        ] GC(32) User=0.06s Sys=0.00s Real=0.02s
[2021-01-05T15:20:54.882-0400][gc,marking    ] GC(32) Concurrent Rebuild Remembered Sets
[2021-01-05T15:20:55.082-0400][gc,marking    ] GC(32) Concurrent Rebuild Remembered Sets 199.922ms
[2021-01-05T15:20:55.084-0400][gc,start      ] GC(32) Pause Cleanup
[2021-01-05T15:20:55.085-0400][gc            ] GC(32) Pause Cleanup 45M->45M(124M) 0.773ms
[2021-01-05T15:20:55.085-0400][gc,cpu        ] GC(32) User=0.00s Sys=0.00s Real=0.00s
[2021-01-05T15:20:55.085-0400][gc,marking    ] GC(32) Concurrent Cleanup for Next Mark
[2021-01-05T15:20:55.095-0400][gc,marking    ] GC(32) Concurrent Cleanup for Next Mark 9.569ms
[2021-01-05T15:20:55.095-0400][gc            ] GC(32) Concurrent Cycle 801.430ms
[2021-01-05T15:20:57.115-0400][gc,heap       ] GC(33) Heap before GC invocations=33 (full 0): garbage-first heap   total 126976K, used 84738K [0x0000000083000000, 0x0000000100000000)
[2021-01-05T15:20:57.115-0400][gc,heap       ] GC(33)   region size 1024K, 51 young (52224K), 2 survivors (2048K)
[2021-01-05T15:20:57.115-0400][gc,heap       ] GC(33)  Metaspace       used 21142K, capacity 22569K, committed 22784K, reserved 1069056K
[2021-01-05T15:20:57.115-0400][gc,heap       ] GC(33)   class space    used 2272K, capacity 2814K, committed 2816K, reserved 1048576K
[2021-01-05T15:20:57.115-0400][gc,start      ] GC(33) Pause Young (Normal) (G1 Evacuation Pause)
[2021-01-05T15:20:57.115-0400][gc,task       ] GC(33) Using 4 workers of 4 for evacuation
[2021-01-05T15:20:57.159-0400][gc,phases     ] GC(33)   Pre Evacuate Collection Set: 0.1ms
[2021-01-05T15:20:57.159-0400][gc,phases     ] GC(33)   Evacuate Collection Set: 40.7ms
[2021-01-05T15:20:57.159-0400][gc,phases     ] GC(33)   Post Evacuate Collection Set: 2.7ms
[2021-01-05T15:20:57.160-0400][gc,phases     ] GC(33)   Other: 1.2ms
[2021-01-05T15:20:57.160-0400][gc,heap       ] GC(33) Eden regions: 49->0(6)
[2021-01-05T15:20:57.160-0400][gc,heap       ] GC(33) Survivor regions: 2->2(7)
[2021-01-05T15:20:57.160-0400][gc,heap       ] GC(33) Old regions: 29->29
[2021-01-05T15:20:57.160-0400][gc,heap       ] GC(33) Humongous regions: 6->5
[2021-01-05T15:20:57.160-0400][gc,metaspace  ] GC(33) Metaspace: 21142K->21142K(1069056K)
[2021-01-05T15:20:57.160-0400][gc,heap       ] GC(33) Heap after GC invocations=34 (full 0): garbage-first heap   total 126976K, used 33608K [0x0000000083000000, 0x0000000100000000)
[2021-01-05T15:20:57.160-0400][gc,heap       ] GC(33)   region size 1024K, 2 young (2048K), 2 survivors (2048K)
[2021-01-05T15:20:57.160-0400][gc,heap       ] GC(33)  Metaspace       used 21142K, capacity 22569K, committed 22784K, reserved 1069056K
[2021-01-05T15:20:57.160-0400][gc,heap       ] GC(33)   class space    used 2272K, capacity 2814K, committed 2816K, reserved 1048576K
[2021-01-05T15:20:57.160-0400][gc            ] GC(33) Pause Young (Normal) (G1 Evacuation Pause) 83M->32M(124M) 45.187ms
[2021-01-05T15:20:57.160-0400][gc,cpu        ] GC(33) User=0.10s Sys=0.01s Real=0.05s
[2021-01-05T15:20:57.412-0400][gc,heap       ] GC(34) Heap before GC invocations=34 (full 0): garbage-first heap   total 126976K, used 39752K [0x0000000083000000, 0x0000000100000000)
[2021-01-05T15:20:57.412-0400][gc,heap       ] GC(34)   region size 1024K, 8 young (8192K), 2 survivors (2048K)
[2021-01-05T15:20:57.412-0400][gc,heap       ] GC(34)  Metaspace       used 21152K, capacity 22569K, committed 22784K, reserved 1069056K
[2021-01-05T15:20:57.412-0400][gc,heap       ] GC(34)   class space    used 2272K, capacity 2814K, committed 2816K, reserved 1048576K
[2021-01-05T15:20:57.412-0400][gc,start      ] GC(34) Pause Young (Normal) (G1 Evacuation Pause)
[2021-01-05T15:20:57.412-0400][gc,task       ] GC(34) Using 4 workers of 4 for evacuation
[2021-01-05T15:20:57.438-0400][gc,phases     ] GC(34)   Pre Evacuate Collection Set: 0.1ms
[2021-01-05T15:20:57.438-0400][gc,phases     ] GC(34)   Evacuate Collection Set: 19.2ms
[2021-01-05T15:20:57.438-0400][gc,phases     ] GC(34)   Post Evacuate Collection Set: 5.3ms
[2021-01-05T15:20:57.438-0400][gc,phases     ] GC(34)   Other: 0.8ms
[2021-01-05T15:20:57.438-0400][gc,heap       ] GC(34) Eden regions: 6->0(10)
[2021-01-05T15:20:57.438-0400][gc,heap       ] GC(34) Survivor regions: 2->1(1)
[2021-01-05T15:20:57.438-0400][gc,heap       ] GC(34) Old regions: 29->29
[2021-01-05T15:20:57.438-0400][gc,heap       ] GC(34) Humongous regions: 5->5
[2021-01-05T15:20:57.438-0400][gc,metaspace  ] GC(34) Metaspace: 21152K->21152K(1069056K)
[2021-01-05T15:20:57.438-0400][gc,heap       ] GC(34) Heap after GC invocations=35 (full 0): garbage-first heap   total 232448K, used 33740K [0x0000000083000000, 0x0000000100000000)
[2021-01-05T15:20:57.438-0400][gc,heap       ] GC(34)   region size 1024K, 1 young (1024K), 1 survivors (1024K)
[2021-01-05T15:20:57.438-0400][gc,heap       ] GC(34)  Metaspace       used 21152K, capacity 22569K, committed 22784K, reserved 1069056K
[2021-01-05T15:20:57.438-0400][gc,heap       ] GC(34)   class space    used 2272K, capacity 2814K, committed 2816K, reserved 1048576K
[2021-01-05T15:20:57.438-0400][gc            ] GC(34) Pause Young (Normal) (G1 Evacuation Pause) 38M->32M(227M) 26.051ms
[2021-01-05T15:20:57.439-0400][gc,cpu        ] GC(34) User=0.08s Sys=0.01s Real=0.03s
[2021-01-05T15:20:57.830-0400][gc,heap       ] GC(35) Heap before GC invocations=35 (full 0): garbage-first heap   total 232448K, used 51148K [0x0000000083000000, 0x0000000100000000)
[2021-01-05T15:20:57.831-0400][gc,heap       ] GC(35)   region size 1024K, 11 young (11264K), 1 survivors (1024K)
[2021-01-05T15:20:57.831-0400][gc,heap       ] GC(35)  Metaspace       used 21182K, capacity 22635K, committed 22784K, reserved 1069056K
[2021-01-05T15:20:57.831-0400][gc,heap       ] GC(35)   class space    used 2275K, capacity 2814K, committed 2816K, reserved 1048576K
[2021-01-05T15:20:57.831-0400][gc,start      ] GC(35) Pause Young (Normal) (G1 Evacuation Pause)
[2021-01-05T15:20:57.831-0400][gc,task       ] GC(35) Using 4 workers of 4 for evacuation
[2021-01-05T15:20:57.863-0400][gc,phases     ] GC(35)   Pre Evacuate Collection Set: 0.1ms
[2021-01-05T15:20:57.863-0400][gc,phases     ] GC(35)   Evacuate Collection Set: 20.7ms
[2021-01-05T15:20:57.863-0400][gc,phases     ] GC(35)   Post Evacuate Collection Set: 11.0ms
[2021-01-05T15:20:57.863-0400][gc,phases     ] GC(35)   Other: 0.8ms
[2021-01-05T15:20:57.863-0400][gc,heap       ] GC(35) Eden regions: 10->0(13)
[2021-01-05T15:20:57.863-0400][gc,heap       ] GC(35) Survivor regions: 1->2(2)
[2021-01-05T15:20:57.863-0400][gc,heap       ] GC(35) Old regions: 29->29
[2021-01-05T15:20:57.863-0400][gc,heap       ] GC(35) Humongous regions: 12->4
[2021-01-05T15:20:57.863-0400][gc,metaspace  ] GC(35) Metaspace: 21182K->21182K(1069056K)
[2021-01-05T15:20:57.864-0400][gc,heap       ] GC(35) Heap after GC invocations=36 (full 0): garbage-first heap   total 232448K, used 33176K [0x0000000083000000, 0x0000000100000000)
[2021-01-05T15:20:57.864-0400][gc,heap       ] GC(35)   region size 1024K, 2 young (2048K), 2 survivors (2048K)
[2021-01-05T15:20:57.864-0400][gc,heap       ] GC(35)  Metaspace       used 21182K, capacity 22635K, committed 22784K, reserved 1069056K
[2021-01-05T15:20:57.864-0400][gc,heap       ] GC(35)   class space    used 2275K, capacity 2814K, committed 2816K, reserved 1048576K
[2021-01-05T15:20:57.864-0400][gc            ] GC(35) Pause Young (Normal) (G1 Evacuation Pause) 49M->32M(227M) 33.051ms
[2021-01-05T15:20:57.864-0400][gc,cpu        ] GC(35) User=0.09s Sys=0.00s Real=0.03s
[2021-01-05T15:21:02.615-0400][gc,heap       ] GC(36) Heap before GC invocations=36 (full 0): garbage-first heap   total 232448K, used 46488K [0x0000000083000000, 0x0000000100000000)
[2021-01-05T15:21:02.615-0400][gc,heap       ] GC(36)   region size 1024K, 15 young (15360K), 2 survivors (2048K)
[2021-01-05T15:21:02.615-0400][gc,heap       ] GC(36)  Metaspace       used 21268K, capacity 22641K, committed 22784K, reserved 1069056K
[2021-01-05T15:21:02.615-0400][gc,heap       ] GC(36)   class space    used 2277K, capacity 2815K, committed 2816K, reserved 1048576K
[2021-01-05T15:21:02.615-0400][gc,start      ] GC(36) Pause Young (Normal) (G1 Evacuation Pause)
[2021-01-05T15:21:02.615-0400][gc,task       ] GC(36) Using 4 workers of 4 for evacuation
[2021-01-05T15:21:02.628-0400][gc,phases     ] GC(36)   Pre Evacuate Collection Set: 0.1ms
[2021-01-05T15:21:02.628-0400][gc,phases     ] GC(36)   Evacuate Collection Set: 10.8ms
[2021-01-05T15:21:02.628-0400][gc,phases     ] GC(36)   Post Evacuate Collection Set: 1.9ms
[2021-01-05T15:21:02.629-0400][gc,phases     ] GC(36)   Other: 0.7ms
[2021-01-05T15:21:02.629-0400][gc,heap       ] GC(36) Eden regions: 13->0(14)
[2021-01-05T15:21:02.629-0400][gc,heap       ] GC(36) Survivor regions: 2->2(2)
[2021-01-05T15:21:02.629-0400][gc,heap       ] GC(36) Old regions: 29->29
[2021-01-05T15:21:02.629-0400][gc,heap       ] GC(36) Humongous regions: 4->4
[2021-01-05T15:21:02.629-0400][gc,metaspace  ] GC(36) Metaspace: 21268K->21268K(1069056K)
[2021-01-05T15:21:02.629-0400][gc,heap       ] GC(36) Heap after GC invocations=37 (full 0): garbage-first heap   total 232448K, used 34042K [0x0000000083000000, 0x0000000100000000)
[2021-01-05T15:21:02.629-0400][gc,heap       ] GC(36)   region size 1024K, 2 young (2048K), 2 survivors (2048K)
[2021-01-05T15:21:02.629-0400][gc,heap       ] GC(36)  Metaspace       used 21268K, capacity 22641K, committed 22784K, reserved 1069056K
[2021-01-05T15:21:02.629-0400][gc,heap       ] GC(36)   class space    used 2277K, capacity 2815K, committed 2816K, reserved 1048576K
[2021-01-05T15:21:02.629-0400][gc            ] GC(36) Pause Young (Normal) (G1 Evacuation Pause) 45M->33M(227M) 13.881ms
[2021-01-05T15:21:02.629-0400][gc,cpu        ] GC(36) User=0.03s Sys=0.00s Real=0.02s
[2021-01-05T15:21:05.457-0400][gc,heap       ] GC(37) Heap before GC invocations=37 (full 0): garbage-first heap   total 232448K, used 48378K [0x0000000083000000, 0x0000000100000000)
[2021-01-05T15:21:05.457-0400][gc,heap       ] GC(37)   region size 1024K, 16 young (16384K), 2 survivors (2048K)
[2021-01-05T15:21:05.457-0400][gc,heap       ] GC(37)  Metaspace       used 21272K, capacity 22641K, committed 22784K, reserved 1069056K
[2021-01-05T15:21:05.457-0400][gc,heap       ] GC(37)   class space    used 2277K, capacity 2815K, committed 2816K, reserved 1048576K
[2021-01-05T15:21:05.457-0400][gc,start      ] GC(37) Pause Young (Normal) (G1 Evacuation Pause)
[2021-01-05T15:21:05.457-0400][gc,task       ] GC(37) Using 4 workers of 4 for evacuation
[2021-01-05T15:21:05.474-0400][gc,phases     ] GC(37)   Pre Evacuate Collection Set: 0.1ms
[2021-01-05T15:21:05.474-0400][gc,phases     ] GC(37)   Evacuate Collection Set: 14.2ms
[2021-01-05T15:21:05.474-0400][gc,phases     ] GC(37)   Post Evacuate Collection Set: 1.9ms
[2021-01-05T15:21:05.474-0400][gc,phases     ] GC(37)   Other: 0.9ms
[2021-01-05T15:21:05.474-0400][gc,heap       ] GC(37) Eden regions: 14->0(17)
[2021-01-05T15:21:05.474-0400][gc,heap       ] GC(37) Survivor regions: 2->1(2)
[2021-01-05T15:21:05.474-0400][gc,heap       ] GC(37) Old regions: 29->31
[2021-01-05T15:21:05.474-0400][gc,heap       ] GC(37) Humongous regions: 4->4
[2021-01-05T15:21:05.474-0400][gc,metaspace  ] GC(37) Metaspace: 21272K->21272K(1069056K)
[2021-01-05T15:21:05.474-0400][gc,heap       ] GC(37) Heap after GC invocations=38 (full 0): garbage-first heap   total 232448K, used 34180K [0x0000000083000000, 0x0000000100000000)
[2021-01-05T15:21:05.474-0400][gc,heap       ] GC(37)   region size 1024K, 1 young (1024K), 1 survivors (1024K)
[2021-01-05T15:21:05.474-0400][gc,heap       ] GC(37)  Metaspace       used 21272K, capacity 22641K, committed 22784K, reserved 1069056K
[2021-01-05T15:21:05.474-0400][gc,heap       ] GC(37)   class space    used 2277K, capacity 2815K, committed 2816K, reserved 1048576K
[2021-01-05T15:21:05.474-0400][gc            ] GC(37) Pause Young (Normal) (G1 Evacuation Pause) 47M->33M(227M) 17.461ms
[2021-01-05T15:21:05.475-0400][gc,cpu        ] GC(37) User=0.06s Sys=0.00s Real=0.01s
[2021-01-05T15:21:17.860-0400][gc,heap       ] GC(38) Heap before GC invocations=38 (full 0): garbage-first heap   total 232448K, used 51588K [0x0000000083000000, 0x0000000100000000)
[2021-01-05T15:21:17.860-0400][gc,heap       ] GC(38)   region size 1024K, 18 young (18432K), 1 survivors (1024K)
[2021-01-05T15:21:17.861-0400][gc,heap       ] GC(38)  Metaspace       used 21368K, capacity 22751K, committed 22784K, reserved 1069056K
[2021-01-05T15:21:17.861-0400][gc,heap       ] GC(38)   class space    used 2277K, capacity 2816K, committed 2816K, reserved 1048576K
[2021-01-05T15:21:17.861-0400][gc,start      ] GC(38) Pause Young (Normal) (G1 Evacuation Pause)
[2021-01-05T15:21:17.861-0400][gc,task       ] GC(38) Using 4 workers of 4 for evacuation
[2021-01-05T15:21:17.873-0400][gc,phases     ] GC(38)   Pre Evacuate Collection Set: 0.1ms
[2021-01-05T15:21:17.873-0400][gc,phases     ] GC(38)   Evacuate Collection Set: 7.5ms
[2021-01-05T15:21:17.873-0400][gc,phases     ] GC(38)   Post Evacuate Collection Set: 3.7ms
[2021-01-05T15:21:17.873-0400][gc,phases     ] GC(38)   Other: 0.9ms
[2021-01-05T15:21:17.873-0400][gc,heap       ] GC(38) Eden regions: 17->0(23)
[2021-01-05T15:21:17.873-0400][gc,heap       ] GC(38) Survivor regions: 1->1(3)
[2021-01-05T15:21:17.873-0400][gc,heap       ] GC(38) Old regions: 31->31
[2021-01-05T15:21:17.873-0400][gc,heap       ] GC(38) Humongous regions: 4->4
[2021-01-05T15:21:17.873-0400][gc,metaspace  ] GC(38) Metaspace: 21368K->21368K(1069056K)
[2021-01-05T15:21:17.873-0400][gc,heap       ] GC(38) Heap after GC invocations=39 (full 0): garbage-first heap   total 232448K, used 34038K [0x0000000083000000, 0x0000000100000000)
[2021-01-05T15:21:17.873-0400][gc,heap       ] GC(38)   region size 1024K, 1 young (1024K), 1 survivors (1024K)
[2021-01-05T15:21:17.873-0400][gc,heap       ] GC(38)  Metaspace       used 21368K, capacity 22751K, committed 22784K, reserved 1069056K
[2021-01-05T15:21:17.873-0400][gc,heap       ] GC(38)   class space    used 2277K, capacity 2816K, committed 2816K, reserved 1048576K
[2021-01-05T15:21:17.873-0400][gc            ] GC(38) Pause Young (Normal) (G1 Evacuation Pause) 50M->33M(227M) 12.665ms
[2021-01-05T15:21:17.874-0400][gc,cpu        ] GC(38) User=0.01s Sys=0.01s Real=0.01s
[2021-01-05T15:21:39.709-0400][gc,heap       ] GC(39) Heap before GC invocations=39 (full 0): garbage-first heap   total 232448K, used 56566K [0x0000000083000000, 0x0000000100000000)
[2021-01-05T15:21:39.710-0400][gc,heap       ] GC(39)   region size 1024K, 24 young (24576K), 1 survivors (1024K)
[2021-01-05T15:21:39.710-0400][gc,heap       ] GC(39)  Metaspace       used 24444K, capacity 25961K, committed 26112K, reserved 1073152K
[2021-01-05T15:21:39.710-0400][gc,heap       ] GC(39)   class space    used 2654K, capacity 3272K, committed 3328K, reserved 1048576K
[2021-01-05T15:21:39.710-0400][gc,start      ] GC(39) Pause Young (Normal) (G1 Evacuation Pause)
[2021-01-05T15:21:39.710-0400][gc,task       ] GC(39) Using 4 workers of 4 for evacuation
[2021-01-05T15:21:39.729-0400][gc,phases     ] GC(39)   Pre Evacuate Collection Set: 0.1ms
[2021-01-05T15:21:39.729-0400][gc,phases     ] GC(39)   Evacuate Collection Set: 16.3ms
[2021-01-05T15:21:39.729-0400][gc,phases     ] GC(39)   Post Evacuate Collection Set: 2.3ms
[2021-01-05T15:21:39.729-0400][gc,phases     ] GC(39)   Other: 0.8ms
[2021-01-05T15:21:39.729-0400][gc,heap       ] GC(39) Eden regions: 23->0(29)
[2021-01-05T15:21:39.729-0400][gc,heap       ] GC(39) Survivor regions: 1->2(3)
[2021-01-05T15:21:39.729-0400][gc,heap       ] GC(39) Old regions: 31->31
[2021-01-05T15:21:39.729-0400][gc,heap       ] GC(39) Humongous regions: 4->4
[2021-01-05T15:21:39.729-0400][gc,metaspace  ] GC(39) Metaspace: 24444K->24444K(1073152K)
[2021-01-05T15:21:39.729-0400][gc,heap       ] GC(39) Heap after GC invocations=40 (full 0): garbage-first heap   total 232448K, used 35237K [0x0000000083000000, 0x0000000100000000)
[2021-01-05T15:21:39.729-0400][gc,heap       ] GC(39)   region size 1024K, 2 young (2048K), 2 survivors (2048K)
[2021-01-05T15:21:39.729-0400][gc,heap       ] GC(39)  Metaspace       used 24444K, capacity 25961K, committed 26112K, reserved 1073152K
[2021-01-05T15:21:39.729-0400][gc,heap       ] GC(39)   class space    used 2654K, capacity 3272K, committed 3328K, reserved 1048576K
[2021-01-05T15:21:39.730-0400][gc            ] GC(39) Pause Young (Normal) (G1 Evacuation Pause) 56M->34M(227M) 19.802ms
[2021-01-05T15:21:39.730-0400][gc,cpu        ] GC(39) User=0.06s Sys=0.01s Real=0.02s
[2021-01-05T15:21:41.403-0400][gc,heap       ] GC(40) Heap before GC invocations=40 (full 0): garbage-first heap   total 232448K, used 63909K [0x0000000083000000, 0x0000000100000000)
[2021-01-05T15:21:41.403-0400][gc,heap       ] GC(40)   region size 1024K, 32 young (32768K), 2 survivors (2048K)
[2021-01-05T15:21:41.403-0400][gc,heap       ] GC(40)  Metaspace       used 25697K, capacity 27242K, committed 27520K, reserved 1073152K
[2021-01-05T15:21:41.403-0400][gc,heap       ] GC(40)   class space    used 2772K, capacity 3375K, committed 3456K, reserved 1048576K
[2021-01-05T15:21:41.403-0400][gc,start      ] GC(40) Pause Young (Normal) (GCLocker Initiated GC)
[2021-01-05T15:21:41.403-0400][gc,task       ] GC(40) Using 4 workers of 4 for evacuation
[2021-01-05T15:21:41.438-0400][gc,phases     ] GC(40)   Pre Evacuate Collection Set: 0.1ms
[2021-01-05T15:21:41.438-0400][gc,phases     ] GC(40)   Evacuate Collection Set: 32.2ms
[2021-01-05T15:21:41.438-0400][gc,phases     ] GC(40)   Post Evacuate Collection Set: 1.8ms
[2021-01-05T15:21:41.438-0400][gc,phases     ] GC(40)   Other: 1.2ms
[2021-01-05T15:21:41.438-0400][gc,heap       ] GC(40) Eden regions: 30->0(32)
[2021-01-05T15:21:41.438-0400][gc,heap       ] GC(40) Survivor regions: 2->4(4)
[2021-01-05T15:21:41.438-0400][gc,heap       ] GC(40) Old regions: 31->31
[2021-01-05T15:21:41.438-0400][gc,heap       ] GC(40) Humongous regions: 4->4
[2021-01-05T15:21:41.439-0400][gc,metaspace  ] GC(40) Metaspace: 25697K->25697K(1073152K)
[2021-01-05T15:21:41.439-0400][gc,heap       ] GC(40) Heap after GC invocations=41 (full 0): garbage-first heap   total 232448K, used 38253K [0x0000000083000000, 0x0000000100000000)
[2021-01-05T15:21:41.439-0400][gc,heap       ] GC(40)   region size 1024K, 4 young (4096K), 4 survivors (4096K)
[2021-01-05T15:21:41.439-0400][gc,heap       ] GC(40)  Metaspace       used 25697K, capacity 27242K, committed 27520K, reserved 1073152K
[2021-01-05T15:21:41.439-0400][gc,heap       ] GC(40)   class space    used 2772K, capacity 3375K, committed 3456K, reserved 1048576K
[2021-01-05T15:21:41.439-0400][gc            ] GC(40) Pause Young (Normal) (GCLocker Initiated GC) 63M->37M(227M) 35.607ms
[2021-01-05T15:21:41.439-0400][gc,cpu        ] GC(40) User=0.11s Sys=0.02s Real=0.04s
[2021-01-05T15:21:43.160-0400][gc,heap       ] GC(41) Heap before GC invocations=41 (full 0): garbage-first heap   total 232448K, used 69997K [0x0000000083000000, 0x0000000100000000)
[2021-01-05T15:21:43.160-0400][gc,heap       ] GC(41)   region size 1024K, 36 young (36864K), 4 survivors (4096K)
[2021-01-05T15:21:43.160-0400][gc,heap       ] GC(41)  Metaspace       used 26297K, capacity 27840K, committed 28032K, reserved 1073152K
[2021-01-05T15:21:43.160-0400][gc,heap       ] GC(41)   class space    used 2838K, capacity 3437K, committed 3456K, reserved 1048576K
[2021-01-05T15:21:43.160-0400][gc,start      ] GC(41) Pause Young (Normal) (G1 Evacuation Pause)
[2021-01-05T15:21:43.160-0400][gc,task       ] GC(41) Using 4 workers of 4 for evacuation
[2021-01-05T15:21:43.191-0400][gc,phases     ] GC(41)   Pre Evacuate Collection Set: 0.1ms
[2021-01-05T15:21:43.191-0400][gc,phases     ] GC(41)   Evacuate Collection Set: 26.5ms
[2021-01-05T15:21:43.191-0400][gc,phases     ] GC(41)   Post Evacuate Collection Set: 3.6ms
[2021-01-05T15:21:43.191-0400][gc,phases     ] GC(41)   Other: 0.7ms
[2021-01-05T15:21:43.191-0400][gc,heap       ] GC(41) Eden regions: 32->0(39)
[2021-01-05T15:21:43.191-0400][gc,heap       ] GC(41) Survivor regions: 4->2(5)
[2021-01-05T15:21:43.191-0400][gc,heap       ] GC(41) Old regions: 31->34
[2021-01-05T15:21:43.191-0400][gc,heap       ] GC(41) Humongous regions: 4->4
[2021-01-05T15:21:43.191-0400][gc,metaspace  ] GC(41) Metaspace: 26297K->26297K(1073152K)
[2021-01-05T15:21:43.191-0400][gc,heap       ] GC(41) Heap after GC invocations=42 (full 0): garbage-first heap   total 232448K, used 38035K [0x0000000083000000, 0x0000000100000000)
[2021-01-05T15:21:43.192-0400][gc,heap       ] GC(41)   region size 1024K, 2 young (2048K), 2 survivors (2048K)
[2021-01-05T15:21:43.192-0400][gc,heap       ] GC(41)  Metaspace       used 26297K, capacity 27840K, committed 28032K, reserved 1073152K
[2021-01-05T15:21:43.192-0400][gc,heap       ] GC(41)   class space    used 2838K, capacity 3437K, committed 3456K, reserved 1048576K
[2021-01-05T15:21:43.192-0400][gc            ] GC(41) Pause Young (Normal) (G1 Evacuation Pause) 69M->37M(227M) 31.587ms
[2021-01-05T15:21:43.192-0400][gc,cpu        ] GC(41) User=0.11s Sys=0.00s Real=0.03s
[2021-01-05T15:21:44.843-0400][gc,heap       ] GC(42) Heap before GC invocations=42 (full 0): garbage-first heap   total 232448K, used 76947K [0x0000000083000000, 0x0000000100000000)
[2021-01-05T15:21:44.844-0400][gc,heap       ] GC(42)   region size 1024K, 41 young (41984K), 2 survivors (2048K)
[2021-01-05T15:21:44.844-0400][gc,heap       ] GC(42)  Metaspace       used 26626K, capacity 28273K, committed 28416K, reserved 1075200K
[2021-01-05T15:21:44.844-0400][gc,heap       ] GC(42)   class space    used 2863K, capacity 3511K, committed 3584K, reserved 1048576K
[2021-01-05T15:21:44.844-0400][gc,start      ] GC(42) Pause Young (Normal) (G1 Evacuation Pause)
[2021-01-05T15:21:44.844-0400][gc,task       ] GC(42) Using 4 workers of 4 for evacuation
[2021-01-05T15:21:44.860-0400][gc,phases     ] GC(42)   Pre Evacuate Collection Set: 0.1ms
[2021-01-05T15:21:44.860-0400][gc,phases     ] GC(42)   Evacuate Collection Set: 13.0ms
[2021-01-05T15:21:44.860-0400][gc,phases     ] GC(42)   Post Evacuate Collection Set: 2.6ms
[2021-01-05T15:21:44.860-0400][gc,phases     ] GC(42)   Other: 0.9ms
[2021-01-05T15:21:44.860-0400][gc,heap       ] GC(42) Eden regions: 39->0(49)
[2021-01-05T15:21:44.860-0400][gc,heap       ] GC(42) Survivor regions: 2->2(6)
[2021-01-05T15:21:44.860-0400][gc,heap       ] GC(42) Old regions: 34->34
[2021-01-05T15:21:44.860-0400][gc,heap       ] GC(42) Humongous regions: 4->4
[2021-01-05T15:21:44.861-0400][gc,metaspace  ] GC(42) Metaspace: 26626K->26626K(1075200K)
[2021-01-05T15:21:44.861-0400][gc,heap       ] GC(42) Heap after GC invocations=43 (full 0): garbage-first heap   total 232448K, used 38029K [0x0000000083000000, 0x0000000100000000)
[2021-01-05T15:21:44.861-0400][gc,heap       ] GC(42)   region size 1024K, 2 young (2048K), 2 survivors (2048K)
[2021-01-05T15:21:44.861-0400][gc,heap       ] GC(42)  Metaspace       used 26626K, capacity 28273K, committed 28416K, reserved 1075200K
[2021-01-05T15:21:44.861-0400][gc,heap       ] GC(42)   class space    used 2863K, capacity 3511K, committed 3584K, reserved 1048576K
[2021-01-05T15:21:44.861-0400][gc            ] GC(42) Pause Young (Normal) (G1 Evacuation Pause) 76M->37M(227M) 16.911ms
[2021-01-05T15:21:44.861-0400][gc,cpu        ] GC(42) User=0.04s Sys=0.02s Real=0.02s
[2021-01-05T15:21:46.510-0400][gc,heap       ] GC(43) Heap before GC invocations=43 (full 0): garbage-first heap   total 232448K, used 87181K [0x0000000083000000, 0x0000000100000000)
[2021-01-05T15:21:46.510-0400][gc,heap       ] GC(43)   region size 1024K, 52 young (53248K), 2 survivors (2048K)
[2021-01-05T15:21:46.510-0400][gc,heap       ] GC(43)  Metaspace       used 26895K, capacity 28520K, committed 28672K, reserved 1075200K
[2021-01-05T15:21:46.510-0400][gc,heap       ] GC(43)   class space    used 2879K, capacity 3519K, committed 3584K, reserved 1048576K
[2021-01-05T15:21:46.510-0400][gc,start      ] GC(43) Pause Young (Normal) (GCLocker Initiated GC)
[2021-01-05T15:21:46.510-0400][gc,task       ] GC(43) Using 4 workers of 4 for evacuation
[2021-01-05T15:21:46.538-0400][gc,phases     ] GC(43)   Pre Evacuate Collection Set: 0.1ms
[2021-01-05T15:21:46.538-0400][gc,phases     ] GC(43)   Evacuate Collection Set: 25.7ms
[2021-01-05T15:21:46.539-0400][gc,phases     ] GC(43)   Post Evacuate Collection Set: 2.1ms
[2021-01-05T15:21:46.539-0400][gc,phases     ] GC(43)   Other: 1.0ms
[2021-01-05T15:21:46.539-0400][gc,heap       ] GC(43) Eden regions: 50->0(103)
[2021-01-05T15:21:46.539-0400][gc,heap       ] GC(43) Survivor regions: 2->3(7)
[2021-01-05T15:21:46.539-0400][gc,heap       ] GC(43) Old regions: 34->34
[2021-01-05T15:21:46.539-0400][gc,heap       ] GC(43) Humongous regions: 4->4
[2021-01-05T15:21:46.539-0400][gc,metaspace  ] GC(43) Metaspace: 26895K->26895K(1075200K)
[2021-01-05T15:21:46.539-0400][gc,heap       ] GC(43) Heap after GC invocations=44 (full 0): garbage-first heap   total 232448K, used 39351K [0x0000000083000000, 0x0000000100000000)
[2021-01-05T15:21:46.539-0400][gc,heap       ] GC(43)   region size 1024K, 3 young (3072K), 3 survivors (3072K)
[2021-01-05T15:21:46.539-0400][gc,heap       ] GC(43)  Metaspace       used 26895K, capacity 28520K, committed 28672K, reserved 1075200K
[2021-01-05T15:21:46.539-0400][gc,heap       ] GC(43)   class space    used 2879K, capacity 3519K, committed 3584K, reserved 1048576K
[2021-01-05T15:21:46.539-0400][gc            ] GC(43) Pause Young (Normal) (GCLocker Initiated GC) 86M->38M(227M) 29.453ms
[2021-01-05T15:21:46.540-0400][gc,cpu        ] GC(43) User=0.08s Sys=0.03s Real=0.03s
[2021-01-05T15:21:50.408-0400][gc,task       ] GC(44) Using 4 workers of 4 for full compaction
[2021-01-05T15:21:50.409-0400][gc,start      ] GC(44) Pause Full (System.gc())
[2021-01-05T15:21:50.409-0400][gc,heap       ] GC(44) Heap before GC invocations=44 (full 0): garbage-first heap   total 232448K, used 124343K [0x0000000083000000, 0x0000000100000000)
[2021-01-05T15:21:50.409-0400][gc,heap       ] GC(44)   region size 1024K, 88 young (90112K), 3 survivors (3072K)
[2021-01-05T15:21:50.409-0400][gc,heap       ] GC(44)  Metaspace       used 28034K, capacity 29657K, committed 29824K, reserved 1075200K
[2021-01-05T15:21:50.409-0400][gc,heap       ] GC(44)   class space    used 3001K, capacity 3639K, committed 3712K, reserved 1048576K
[2021-01-05T15:21:50.415-0400][gc,phases,start] GC(44) Phase 1: Mark live objects
[2021-01-05T15:21:50.552-0400][gc,stringtable ] GC(44) Cleaned string and symbol table, strings: 16319 processed, 375 removed, symbols: 71621 processed, 30 removed
[2021-01-05T15:21:50.553-0400][gc,phases      ] GC(44) Phase 1: Mark live objects 137.449ms
[2021-01-05T15:21:50.553-0400][gc,phases,start] GC(44) Phase 2: Prepare for compaction
[2021-01-05T15:21:50.585-0400][gc,phases      ] GC(44) Phase 2: Prepare for compaction 31.771ms
[2021-01-05T15:21:50.585-0400][gc,phases,start] GC(44) Phase 3: Adjust pointers
[2021-01-05T15:21:50.647-0400][gc,phases      ] GC(44) Phase 3: Adjust pointers 62.304ms
[2021-01-05T15:21:50.647-0400][gc,phases,start] GC(44) Phase 4: Compact heap
[2021-01-05T15:21:50.683-0400][gc,phases      ] GC(44) Phase 4: Compact heap 35.766ms
[2021-01-05T15:21:50.722-0400][gc,heap        ] GC(44) Eden regions: 85->0(6)
[2021-01-05T15:21:50.722-0400][gc,heap        ] GC(44) Survivor regions: 3->0(7)
[2021-01-05T15:21:50.722-0400][gc,heap        ] GC(44) Old regions: 34->25
[2021-01-05T15:21:50.722-0400][gc,heap        ] GC(44) Humongous regions: 4->4
[2021-01-05T15:21:50.722-0400][gc,metaspace   ] GC(44) Metaspace: 28034K->27983K(1075200K)
[2021-01-05T15:21:50.722-0400][gc,heap        ] GC(44) Heap after GC invocations=45 (full 1): garbage-first heap   total 43008K, used 27039K [0x0000000083000000, 0x0000000100000000)
[2021-01-05T15:21:50.722-0400][gc,heap        ] GC(44)   region size 1024K, 0 young (0K), 0 survivors (0K)
[2021-01-05T15:21:50.723-0400][gc,heap        ] GC(44)  Metaspace       used 27983K, capacity 29585K, committed 29824K, reserved 1075200K
[2021-01-05T15:21:50.723-0400][gc,heap        ] GC(44)   class space    used 2995K, capacity 3627K, committed 3712K, reserved 1048576K
[2021-01-05T15:21:50.723-0400][gc             ] GC(44) Pause Full (System.gc()) 122M->26M(42M) 314.123ms
[2021-01-05T15:21:50.723-0400][gc,cpu         ] GC(44) User=0.87s Sys=0.06s Real=0.31s
[2021-01-05T15:21:51.546-0400][gc,heap        ] GC(45) Heap before GC invocations=45 (full 1): garbage-first heap   total 43008K, used 33183K [0x0000000083000000, 0x0000000100000000)
[2021-01-05T15:21:51.546-0400][gc,heap        ] GC(45)   region size 1024K, 6 young (6144K), 0 survivors (0K)
[2021-01-05T15:21:51.546-0400][gc,heap        ] GC(45)  Metaspace       used 28329K, capacity 30035K, committed 30208K, reserved 1075200K
[2021-01-05T15:21:51.546-0400][gc,heap        ] GC(45)   class space    used 3061K, capacity 3739K, committed 3840K, reserved 1048576K
[2021-01-05T15:21:51.546-0400][gc,start       ] GC(45) Pause Young (Concurrent Start) (G1 Evacuation Pause)
[2021-01-05T15:21:51.546-0400][gc,task        ] GC(45) Using 4 workers of 4 for evacuation
[2021-01-05T15:21:51.555-0400][gc,phases      ] GC(45)   Pre Evacuate Collection Set: 0.3ms
[2021-01-05T15:21:51.555-0400][gc,phases      ] GC(45)   Evacuate Collection Set: 6.4ms
[2021-01-05T15:21:51.555-0400][gc,phases      ] GC(45)   Post Evacuate Collection Set: 1.5ms
[2021-01-05T15:21:51.555-0400][gc,phases      ] GC(45)   Other: 0.7ms
[2021-01-05T15:21:51.555-0400][gc,heap        ] GC(45) Eden regions: 6->0(6)
[2021-01-05T15:21:51.555-0400][gc,heap        ] GC(45) Survivor regions: 0->1(1)
[2021-01-05T15:21:51.555-0400][gc,heap        ] GC(45) Old regions: 25->25
[2021-01-05T15:21:51.555-0400][gc,heap        ] GC(45) Humongous regions: 4->4
[2021-01-05T15:21:51.555-0400][gc,metaspace   ] GC(45) Metaspace: 28329K->28329K(1075200K)
[2021-01-05T15:21:51.555-0400][gc,heap        ] GC(45) Heap after GC invocations=46 (full 1): garbage-first heap   total 43008K, used 27443K [0x0000000083000000, 0x0000000100000000)
[2021-01-05T15:21:51.555-0400][gc,heap        ] GC(45)   region size 1024K, 1 young (1024K), 1 survivors (1024K)
[2021-01-05T15:21:51.555-0400][gc,heap        ] GC(45)  Metaspace       used 28329K, capacity 30035K, committed 30208K, reserved 1075200K
[2021-01-05T15:21:51.556-0400][gc,heap        ] GC(45)   class space    used 3061K, capacity 3739K, committed 3840K, reserved 1048576K
[2021-01-05T15:21:51.556-0400][gc             ] GC(45) Pause Young (Concurrent Start) (G1 Evacuation Pause) 32M->26M(42M) 9.371ms
[2021-01-05T15:21:51.556-0400][gc,cpu         ] GC(45) User=0.02s Sys=0.00s Real=0.01s
[2021-01-05T15:21:51.557-0400][gc             ] GC(46) Concurrent Cycle
[2021-01-05T15:21:51.557-0400][gc,marking     ] GC(46) Concurrent Clear Claimed Marks
[2021-01-05T15:21:51.557-0400][gc,marking     ] GC(46) Concurrent Clear Claimed Marks 0.355ms
[2021-01-05T15:21:51.557-0400][gc,marking     ] GC(46) Concurrent Scan Root Regions
[2021-01-05T15:21:51.559-0400][gc,marking     ] GC(46) Concurrent Scan Root Regions 2.172ms
[2021-01-05T15:21:51.560-0400][gc,marking     ] GC(46) Concurrent Mark (85.047s)
[2021-01-05T15:21:51.560-0400][gc,marking     ] GC(46) Concurrent Mark From Roots
[2021-01-05T15:21:51.560-0400][gc,task        ] GC(46) Using 1 workers of 1 for marking
[2021-01-05T15:21:51.903-0400][gc,heap        ] GC(47) Heap before GC invocations=46 (full 1): garbage-first heap   total 43008K, used 33587K [0x0000000083000000, 0x0000000100000000)
[2021-01-05T15:21:51.903-0400][gc,heap        ] GC(47)   region size 1024K, 7 young (7168K), 1 survivors (1024K)
[2021-01-05T15:21:51.903-0400][gc,heap        ] GC(47)  Metaspace       used 28653K, capacity 30459K, committed 30720K, reserved 1077248K
[2021-01-05T15:21:51.903-0400][gc,heap        ] GC(47)   class space    used 3101K, capacity 3797K, committed 3840K, reserved 1048576K
[2021-01-05T15:21:51.903-0400][gc,start       ] GC(47) Pause Young (Normal) (G1 Evacuation Pause)
[2021-01-05T15:21:51.904-0400][gc,task        ] GC(47) Using 4 workers of 4 for evacuation
[2021-01-05T15:21:51.918-0400][gc,phases      ] GC(47)   Pre Evacuate Collection Set: 0.0ms
[2021-01-05T15:21:51.918-0400][gc,phases      ] GC(47)   Evacuate Collection Set: 11.8ms
[2021-01-05T15:21:51.918-0400][gc,phases      ] GC(47)   Post Evacuate Collection Set: 2.0ms
[2021-01-05T15:21:51.918-0400][gc,phases      ] GC(47)   Other: 1.1ms
[2021-01-05T15:21:51.918-0400][gc,heap        ] GC(47) Eden regions: 6->0(6)
[2021-01-05T15:21:51.918-0400][gc,heap        ] GC(47) Survivor regions: 1->1(1)
[2021-01-05T15:21:51.919-0400][gc,heap        ] GC(47) Old regions: 25->25
[2021-01-05T15:21:51.919-0400][gc,heap        ] GC(47) Humongous regions: 4->4
[2021-01-05T15:21:51.919-0400][gc,metaspace   ] GC(47) Metaspace: 28653K->28653K(1077248K)
[2021-01-05T15:21:51.919-0400][gc,heap        ] GC(47) Heap after GC invocations=47 (full 1): garbage-first heap   total 43008K, used 27452K [0x0000000083000000, 0x0000000100000000)
[2021-01-05T15:21:51.919-0400][gc,heap        ] GC(47)   region size 1024K, 1 young (1024K), 1 survivors (1024K)
[2021-01-05T15:21:51.919-0400][gc,heap        ] GC(47)  Metaspace       used 28653K, capacity 30459K, committed 30720K, reserved 1077248K
[2021-01-05T15:21:51.919-0400][gc,heap        ] GC(47)   class space    used 3101K, capacity 3797K, committed 3840K, reserved 1048576K
[2021-01-05T15:21:51.919-0400][gc             ] GC(47) Pause Young (Normal) (G1 Evacuation Pause) 32M->26M(42M) 15.675ms
[2021-01-05T15:21:51.919-0400][gc,cpu         ] GC(47) User=0.05s Sys=0.01s Real=0.02s
[2021-01-05T15:21:52.029-0400][gc,marking     ] GC(46) Concurrent Mark From Roots 469.402ms
[2021-01-05T15:21:52.029-0400][gc,marking     ] GC(46) Concurrent Preclean
[2021-01-05T15:21:52.030-0400][gc,marking     ] GC(46) Concurrent Preclean 0.520ms
[2021-01-05T15:21:52.030-0400][gc,marking     ] GC(46) Concurrent Mark (85.047s, 85.517s) 470.339ms
[2021-01-05T15:21:52.032-0400][gc,start       ] GC(46) Pause Remark
[2021-01-05T15:21:52.060-0400][gc,stringtable ] GC(46) Cleaned string and symbol table, strings: 16138 processed, 0 removed, symbols: 73112 processed, 24 removed
[2021-01-05T15:21:52.061-0400][gc             ] GC(46) Pause Remark 27M->27M(42M) 28.999ms
[2021-01-05T15:21:52.062-0400][gc,cpu         ] GC(46) User=0.08s Sys=0.01s Real=0.03s
[2021-01-05T15:21:52.062-0400][gc,marking     ] GC(46) Concurrent Rebuild Remembered Sets
[2021-01-05T15:21:52.329-0400][gc,marking     ] GC(46) Concurrent Rebuild Remembered Sets 267.144ms
[2021-01-05T15:21:52.335-0400][gc,start       ] GC(46) Pause Cleanup
[2021-01-05T15:21:52.336-0400][gc             ] GC(46) Pause Cleanup 30M->30M(42M) 0.672ms
[2021-01-05T15:21:52.336-0400][gc,cpu         ] GC(46) User=0.01s Sys=0.00s Real=0.01s
[2021-01-05T15:21:52.336-0400][gc,marking     ] GC(46) Concurrent Cleanup for Next Mark
[2021-01-05T15:21:52.339-0400][gc,marking     ] GC(46) Concurrent Cleanup for Next Mark 3.344ms
[2021-01-05T15:21:52.340-0400][gc             ] GC(46) Concurrent Cycle 783.122ms
[2021-01-05T15:21:52.856-0400][gc,heap        ] GC(48) Heap before GC invocations=48 (full 1): garbage-first heap   total 43008K, used 33596K [0x0000000083000000, 0x0000000100000000)
[2021-01-05T15:21:52.856-0400][gc,heap        ] GC(48)   region size 1024K, 7 young (7168K), 1 survivors (1024K)
[2021-01-05T15:21:52.856-0400][gc,heap        ] GC(48)  Metaspace       used 29469K, capacity 31352K, committed 31616K, reserved 1077248K
[2021-01-05T15:21:52.856-0400][gc,heap        ] GC(48)   class space    used 3193K, capacity 3873K, committed 3968K, reserved 1048576K
[2021-01-05T15:21:52.856-0400][gc,start       ] GC(48) Pause Young (Normal) (G1 Evacuation Pause)
[2021-01-05T15:21:52.856-0400][gc,task        ] GC(48) Using 4 workers of 4 for evacuation
[2021-01-05T15:21:52.880-0400][gc,phases      ] GC(48)   Pre Evacuate Collection Set: 0.1ms
[2021-01-05T15:21:52.880-0400][gc,phases      ] GC(48)   Evacuate Collection Set: 15.6ms
[2021-01-05T15:21:52.880-0400][gc,phases      ] GC(48)   Post Evacuate Collection Set: 7.9ms
[2021-01-05T15:21:52.880-0400][gc,phases      ] GC(48)   Other: 0.9ms
[2021-01-05T15:21:52.881-0400][gc,heap        ] GC(48) Eden regions: 6->0(5)
[2021-01-05T15:21:52.881-0400][gc,heap        ] GC(48) Survivor regions: 1->1(1)
[2021-01-05T15:21:52.881-0400][gc,heap        ] GC(48) Old regions: 25->25
[2021-01-05T15:21:52.881-0400][gc,heap        ] GC(48) Humongous regions: 4->4
[2021-01-05T15:21:52.881-0400][gc,metaspace   ] GC(48) Metaspace: 29469K->29469K(1077248K)
[2021-01-05T15:21:52.881-0400][gc,heap        ] GC(48) Heap after GC invocations=49 (full 1): garbage-first heap   total 43008K, used 27825K [0x0000000083000000, 0x0000000100000000)
[2021-01-05T15:21:52.881-0400][gc,heap        ] GC(48)   region size 1024K, 1 young (1024K), 1 survivors (1024K)
[2021-01-05T15:21:52.881-0400][gc,heap        ] GC(48)  Metaspace       used 29469K, capacity 31352K, committed 31616K, reserved 1077248K
[2021-01-05T15:21:52.881-0400][gc,heap        ] GC(48)   class space    used 3193K, capacity 3873K, committed 3968K, reserved 1048576K
[2021-01-05T15:21:52.881-0400][gc             ] GC(48) Pause Young (Normal) (G1 Evacuation Pause) 32M->27M(42M) 25.033ms
[2021-01-05T15:21:52.882-0400][gc,cpu         ] GC(48) User=0.09s Sys=0.00s Real=0.02s
[2021-01-05T15:21:53.237-0400][gc,heap        ] GC(49) Heap before GC invocations=49 (full 1): garbage-first heap   total 43008K, used 32945K [0x0000000083000000, 0x0000000100000000)
[2021-01-05T15:21:53.237-0400][gc,heap        ] GC(49)   region size 1024K, 6 young (6144K), 1 survivors (1024K)
[2021-01-05T15:21:53.237-0400][gc,heap        ] GC(49)  Metaspace       used 29831K, capacity 31829K, committed 32000K, reserved 1077248K
[2021-01-05T15:21:53.238-0400][gc,heap        ] GC(49)   class space    used 3274K, capacity 4019K, committed 4096K, reserved 1048576K
[2021-01-05T15:21:53.239-0400][gc,start       ] GC(49) Pause Young (Concurrent Start) (G1 Evacuation Pause)
[2021-01-05T15:21:53.239-0400][gc,task        ] GC(49) Using 4 workers of 4 for evacuation
[2021-01-05T15:21:53.267-0400][gc,phases      ] GC(49)   Pre Evacuate Collection Set: 1.0ms
[2021-01-05T15:21:53.267-0400][gc,phases      ] GC(49)   Evacuate Collection Set: 23.0ms
[2021-01-05T15:21:53.267-0400][gc,phases      ] GC(49)   Post Evacuate Collection Set: 2.4ms
[2021-01-05T15:21:53.267-0400][gc,phases      ] GC(49)   Other: 3.7ms
[2021-01-05T15:21:53.268-0400][gc,heap        ] GC(49) Eden regions: 5->0(4)
[2021-01-05T15:21:53.268-0400][gc,heap        ] GC(49) Survivor regions: 1->1(1)
[2021-01-05T15:21:53.268-0400][gc,heap        ] GC(49) Old regions: 25->26
[2021-01-05T15:21:53.268-0400][gc,heap        ] GC(49) Humongous regions: 4->4
[2021-01-05T15:21:53.269-0400][gc,metaspace   ] GC(49) Metaspace: 29831K->29831K(1077248K)
[2021-01-05T15:21:53.269-0400][gc,heap        ] GC(49) Heap after GC invocations=50 (full 1): garbage-first heap   total 43008K, used 28052K [0x0000000083000000, 0x0000000100000000)
[2021-01-05T15:21:53.269-0400][gc,heap        ] GC(49)   region size 1024K, 1 young (1024K), 1 survivors (1024K)
[2021-01-05T15:21:53.269-0400][gc,heap        ] GC(49)  Metaspace       used 29831K, capacity 31829K, committed 32000K, reserved 1077248K
[2021-01-05T15:21:53.269-0400][gc,heap        ] GC(49)   class space    used 3274K, capacity 4019K, committed 4096K, reserved 1048576K
[2021-01-05T15:21:53.270-0400][gc             ] GC(49) Pause Young (Concurrent Start) (G1 Evacuation Pause) 32M->27M(42M) 30.597ms
[2021-01-05T15:21:53.273-0400][gc,cpu         ] GC(49) User=0.11s Sys=0.00s Real=0.03s
[2021-01-05T15:21:53.273-0400][gc             ] GC(50) Concurrent Cycle
[2021-01-05T15:21:53.273-0400][gc,marking     ] GC(50) Concurrent Clear Claimed Marks
[2021-01-05T15:21:53.274-0400][gc,marking     ] GC(50) Concurrent Clear Claimed Marks 0.342ms
[2021-01-05T15:21:53.274-0400][gc,marking     ] GC(50) Concurrent Scan Root Regions
[2021-01-05T15:21:53.282-0400][gc,marking     ] GC(50) Concurrent Scan Root Regions 7.950ms
[2021-01-05T15:21:53.282-0400][gc,marking     ] GC(50) Concurrent Mark (86.769s)
[2021-01-05T15:21:53.282-0400][gc,marking     ] GC(50) Concurrent Mark From Roots
[2021-01-05T15:21:53.282-0400][gc,task        ] GC(50) Using 1 workers of 1 for marking
[2021-01-05T15:21:53.607-0400][gc,heap        ] GC(51) Heap before GC invocations=50 (full 1): garbage-first heap   total 43008K, used 32148K [0x0000000083000000, 0x0000000100000000)
[2021-01-05T15:21:53.608-0400][gc,heap        ] GC(51)   region size 1024K, 5 young (5120K), 1 survivors (1024K)
[2021-01-05T15:21:53.608-0400][gc,heap        ] GC(51)  Metaspace       used 30091K, capacity 32250K, committed 32384K, reserved 1077248K
[2021-01-05T15:21:53.608-0400][gc,heap        ] GC(51)   class space    used 3337K, capacity 4162K, committed 4224K, reserved 1048576K
[2021-01-05T15:21:53.608-0400][gc,start       ] GC(51) Pause Young (Normal) (G1 Evacuation Pause)
[2021-01-05T15:21:53.608-0400][gc,task        ] GC(51) Using 4 workers of 4 for evacuation
[2021-01-05T15:21:53.625-0400][gc,phases      ] GC(51)   Pre Evacuate Collection Set: 0.1ms
[2021-01-05T15:21:53.625-0400][gc,phases      ] GC(51)   Evacuate Collection Set: 14.2ms
[2021-01-05T15:21:53.625-0400][gc,phases      ] GC(51)   Post Evacuate Collection Set: 2.4ms
[2021-01-05T15:21:53.625-0400][gc,phases      ] GC(51)   Other: 1.1ms
[2021-01-05T15:21:53.626-0400][gc,heap        ] GC(51) Eden regions: 4->0(4)
[2021-01-05T15:21:53.626-0400][gc,heap        ] GC(51) Survivor regions: 1->1(1)
[2021-01-05T15:21:53.626-0400][gc,heap        ] GC(51) Old regions: 26->26
[2021-01-05T15:21:53.626-0400][gc,heap        ] GC(51) Humongous regions: 4->4
[2021-01-05T15:21:53.626-0400][gc,metaspace   ] GC(51) Metaspace: 30091K->30091K(1077248K)
[2021-01-05T15:21:53.626-0400][gc,heap        ] GC(51) Heap after GC invocations=51 (full 1): garbage-first heap   total 43008K, used 28253K [0x0000000083000000, 0x0000000100000000)
[2021-01-05T15:21:53.626-0400][gc,heap        ] GC(51)   region size 1024K, 1 young (1024K), 1 survivors (1024K)
[2021-01-05T15:21:53.626-0400][gc,heap        ] GC(51)  Metaspace       used 30091K, capacity 32250K, committed 32384K, reserved 1077248K
[2021-01-05T15:21:53.626-0400][gc,heap        ] GC(51)   class space    used 3337K, capacity 4162K, committed 4224K, reserved 1048576K
[2021-01-05T15:21:53.627-0400][gc             ] GC(51) Pause Young (Normal) (G1 Evacuation Pause) 31M->27M(42M) 18.601ms
[2021-01-05T15:21:53.627-0400][gc,cpu         ] GC(51) User=0.06s Sys=0.00s Real=0.02s
[2021-01-05T15:21:53.674-0400][gc,marking     ] GC(50) Concurrent Mark From Roots 392.381ms
[2021-01-05T15:21:53.674-0400][gc,marking     ] GC(50) Concurrent Preclean
[2021-01-05T15:21:53.675-0400][gc,marking     ] GC(50) Concurrent Preclean 0.317ms
[2021-01-05T15:21:53.675-0400][gc,marking     ] GC(50) Concurrent Mark (86.769s, 87.162s) 392.986ms
[2021-01-05T15:21:53.675-0400][gc,start       ] GC(50) Pause Remark
[2021-01-05T15:21:53.720-0400][gc,stringtable ] GC(50) Cleaned string and symbol table, strings: 16545 processed, 0 removed, symbols: 74192 processed, 5 removed
[2021-01-05T15:21:53.726-0400][gc             ] GC(50) Pause Remark 28M->28M(42M) 50.231ms
[2021-01-05T15:21:53.726-0400][gc,cpu         ] GC(50) User=0.15s Sys=0.01s Real=0.06s
[2021-01-05T15:21:53.726-0400][gc,marking     ] GC(50) Concurrent Rebuild Remembered Sets
[2021-01-05T15:21:53.884-0400][gc,marking     ] GC(50) Concurrent Rebuild Remembered Sets 158.046ms
[2021-01-05T15:21:53.885-0400][gc,start       ] GC(50) Pause Cleanup
[2021-01-05T15:21:53.886-0400][gc             ] GC(50) Pause Cleanup 28M->28M(42M) 0.586ms
[2021-01-05T15:21:53.886-0400][gc,cpu         ] GC(50) User=0.01s Sys=0.00s Real=0.01s
[2021-01-05T15:21:53.887-0400][gc,marking     ] GC(50) Concurrent Cleanup for Next Mark
[2021-01-05T15:21:53.888-0400][gc,marking     ] GC(50) Concurrent Cleanup for Next Mark 0.840ms
[2021-01-05T15:21:53.888-0400][gc             ] GC(50) Concurrent Cycle 615.322ms
[2021-01-05T15:21:54.027-0400][gc,heap        ] GC(52) Heap before GC invocations=52 (full 1): garbage-first heap   total 43008K, used 32349K [0x0000000083000000, 0x0000000100000000)
[2021-01-05T15:21:54.027-0400][gc,heap        ] GC(52)   region size 1024K, 5 young (5120K), 1 survivors (1024K)
[2021-01-05T15:21:54.027-0400][gc,heap        ] GC(52)  Metaspace       used 30323K, capacity 32611K, committed 32768K, reserved 1077248K
[2021-01-05T15:21:54.027-0400][gc,heap        ] GC(52)   class space    used 3391K, capacity 4264K, committed 4352K, reserved 1048576K
[2021-01-05T15:21:54.027-0400][gc,start       ] GC(52) Pause Young (Normal) (G1 Evacuation Pause)
[2021-01-05T15:21:54.027-0400][gc,task        ] GC(52) Using 4 workers of 4 for evacuation
[2021-01-05T15:21:54.038-0400][gc,phases      ] GC(52)   Pre Evacuate Collection Set: 0.0ms
[2021-01-05T15:21:54.038-0400][gc,phases      ] GC(52)   Evacuate Collection Set: 8.1ms
[2021-01-05T15:21:54.038-0400][gc,phases      ] GC(52)   Post Evacuate Collection Set: 1.8ms
[2021-01-05T15:21:54.038-0400][gc,phases      ] GC(52)   Other: 0.7ms
[2021-01-05T15:21:54.038-0400][gc,heap        ] GC(52) Eden regions: 4->0(4)
[2021-01-05T15:21:54.038-0400][gc,heap        ] GC(52) Survivor regions: 1->1(1)
[2021-01-05T15:21:54.038-0400][gc,heap        ] GC(52) Old regions: 26->26
[2021-01-05T15:21:54.038-0400][gc,heap        ] GC(52) Humongous regions: 4->4
[2021-01-05T15:21:54.038-0400][gc,metaspace   ] GC(52) Metaspace: 30323K->30323K(1077248K)
[2021-01-05T15:21:54.038-0400][gc,heap        ] GC(52) Heap after GC invocations=53 (full 1): garbage-first heap   total 43008K, used 28474K [0x0000000083000000, 0x0000000100000000)
[2021-01-05T15:21:54.038-0400][gc,heap        ] GC(52)   region size 1024K, 1 young (1024K), 1 survivors (1024K)
[2021-01-05T15:21:54.038-0400][gc,heap        ] GC(52)  Metaspace       used 30323K, capacity 32611K, committed 32768K, reserved 1077248K
[2021-01-05T15:21:54.038-0400][gc,heap        ] GC(52)   class space    used 3391K, capacity 4264K, committed 4352K, reserved 1048576K
[2021-01-05T15:21:54.038-0400][gc             ] GC(52) Pause Young (Normal) (G1 Evacuation Pause) 31M->27M(42M) 11.157ms
[2021-01-05T15:21:54.039-0400][gc,cpu         ] GC(52) User=0.03s Sys=0.01s Real=0.01s
[2021-01-05T15:21:54.821-0400][gc,heap        ] GC(53) Heap before GC invocations=53 (full 1): garbage-first heap   total 43008K, used 32570K [0x0000000083000000, 0x0000000100000000)
[2021-01-05T15:21:54.821-0400][gc,heap        ] GC(53)   region size 1024K, 5 young (5120K), 1 survivors (1024K)
[2021-01-05T15:21:54.821-0400][gc,heap        ] GC(53)  Metaspace       used 30583K, capacity 32988K, committed 33152K, reserved 1077248K
[2021-01-05T15:21:54.821-0400][gc,heap        ] GC(53)   class space    used 3448K, capacity 4372K, committed 4480K, reserved 1048576K
[2021-01-05T15:21:54.821-0400][gc,start       ] GC(53) Pause Young (Concurrent Start) (G1 Evacuation Pause)
[2021-01-05T15:21:54.821-0400][gc,task        ] GC(53) Using 4 workers of 4 for evacuation
[2021-01-05T15:21:54.830-0400][gc,phases      ] GC(53)   Pre Evacuate Collection Set: 0.4ms
[2021-01-05T15:21:54.830-0400][gc,phases      ] GC(53)   Evacuate Collection Set: 6.5ms
[2021-01-05T15:21:54.830-0400][gc,phases      ] GC(53)   Post Evacuate Collection Set: 1.3ms
[2021-01-05T15:21:54.830-0400][gc,phases      ] GC(53)   Other: 0.7ms
[2021-01-05T15:21:54.830-0400][gc,heap        ] GC(53) Eden regions: 4->0(4)
[2021-01-05T15:21:54.830-0400][gc,heap        ] GC(53) Survivor regions: 1->1(1)
[2021-01-05T15:21:54.830-0400][gc,heap        ] GC(53) Old regions: 26->26
[2021-01-05T15:21:54.830-0400][gc,heap        ] GC(53) Humongous regions: 4->4
[2021-01-05T15:21:54.830-0400][gc,metaspace   ] GC(53) Metaspace: 30583K->30583K(1077248K)
[2021-01-05T15:21:54.830-0400][gc,heap        ] GC(53) Heap after GC invocations=54 (full 1): garbage-first heap   total 43008K, used 28446K [0x0000000083000000, 0x0000000100000000)
[2021-01-05T15:21:54.830-0400][gc,heap        ] GC(53)   region size 1024K, 1 young (1024K), 1 survivors (1024K)
[2021-01-05T15:21:54.830-0400][gc,heap        ] GC(53)  Metaspace       used 30583K, capacity 32988K, committed 33152K, reserved 1077248K
[2021-01-05T15:21:54.830-0400][gc,heap        ] GC(53)   class space    used 3448K, capacity 4372K, committed 4480K, reserved 1048576K
[2021-01-05T15:21:54.830-0400][gc             ] GC(53) Pause Young (Concurrent Start) (G1 Evacuation Pause) 31M->27M(42M) 9.333ms
[2021-01-05T15:21:54.831-0400][gc,cpu         ] GC(53) User=0.02s Sys=0.00s Real=0.01s
[2021-01-05T15:21:54.831-0400][gc             ] GC(54) Concurrent Cycle
[2021-01-05T15:21:54.831-0400][gc,marking     ] GC(54) Concurrent Clear Claimed Marks
[2021-01-05T15:21:54.831-0400][gc,marking     ] GC(54) Concurrent Clear Claimed Marks 0.448ms
[2021-01-05T15:21:54.832-0400][gc,marking     ] GC(54) Concurrent Scan Root Regions
[2021-01-05T15:21:54.837-0400][gc,marking     ] GC(54) Concurrent Scan Root Regions 5.423ms
[2021-01-05T15:21:54.837-0400][gc,marking     ] GC(54) Concurrent Mark (88.324s)
[2021-01-05T15:21:54.837-0400][gc,marking     ] GC(54) Concurrent Mark From Roots
[2021-01-05T15:21:54.837-0400][gc,task        ] GC(54) Using 1 workers of 1 for marking
[2021-01-05T15:21:55.015-0400][gc,marking     ] GC(54) Concurrent Mark From Roots 178.215ms
[2021-01-05T15:21:55.015-0400][gc,marking     ] GC(54) Concurrent Preclean
[2021-01-05T15:21:55.016-0400][gc,marking     ] GC(54) Concurrent Preclean 0.276ms
[2021-01-05T15:21:55.016-0400][gc,marking     ] GC(54) Concurrent Mark (88.324s, 88.503s) 178.698ms
[2021-01-05T15:21:55.016-0400][gc,start       ] GC(54) Pause Remark
[2021-01-05T15:21:55.046-0400][gc,stringtable ] GC(54) Cleaned string and symbol table, strings: 16588 processed, 2 removed, symbols: 74229 processed, 0 removed
[2021-01-05T15:21:55.046-0400][gc             ] GC(54) Pause Remark 27M->27M(42M) 30.176ms
[2021-01-05T15:21:55.047-0400][gc,cpu         ] GC(54) User=0.11s Sys=0.00s Real=0.03s
[2021-01-05T15:21:55.047-0400][gc,marking     ] GC(54) Concurrent Rebuild Remembered Sets
[2021-01-05T15:21:55.165-0400][gc,marking     ] GC(54) Concurrent Rebuild Remembered Sets 118.341ms
[2021-01-05T15:21:55.166-0400][gc,start       ] GC(54) Pause Cleanup
[2021-01-05T15:21:55.166-0400][gc             ] GC(54) Pause Cleanup 28M->28M(42M) 0.387ms
[2021-01-05T15:21:55.166-0400][gc,cpu         ] GC(54) User=0.00s Sys=0.00s Real=0.00s
[2021-01-05T15:21:55.167-0400][gc,marking     ] GC(54) Concurrent Cleanup for Next Mark
[2021-01-05T15:21:55.167-0400][gc,marking     ] GC(54) Concurrent Cleanup for Next Mark 0.716ms
[2021-01-05T15:21:55.168-0400][gc             ] GC(54) Concurrent Cycle 336.796ms
[2021-01-05T15:21:58.021-0400][gc,heap        ] GC(55) Heap before GC invocations=55 (full 1): garbage-first heap   total 43008K, used 32542K [0x0000000083000000, 0x0000000100000000)
[2021-01-05T15:21:58.022-0400][gc,heap        ] GC(55)   region size 1024K, 5 young (5120K), 1 survivors (1024K)
[2021-01-05T15:21:58.022-0400][gc,heap        ] GC(55)  Metaspace       used 30693K, capacity 33059K, committed 33408K, reserved 1079296K
[2021-01-05T15:21:58.022-0400][gc,heap        ] GC(55)   class space    used 3439K, capacity 4346K, committed 4480K, reserved 1048576K
[2021-01-05T15:21:58.022-0400][gc,start       ] GC(55) Pause Young (Normal) (G1 Evacuation Pause)
[2021-01-05T15:21:58.022-0400][gc,task        ] GC(55) Using 4 workers of 4 for evacuation
[2021-01-05T15:21:58.032-0400][gc,phases      ] GC(55)   Pre Evacuate Collection Set: 0.1ms
[2021-01-05T15:21:58.033-0400][gc,phases      ] GC(55)   Evacuate Collection Set: 6.2ms
[2021-01-05T15:21:58.033-0400][gc,phases      ] GC(55)   Post Evacuate Collection Set: 3.8ms
[2021-01-05T15:21:58.033-0400][gc,phases      ] GC(55)   Other: 1.0ms
[2021-01-05T15:21:58.033-0400][gc,heap        ] GC(55) Eden regions: 4->0(4)
[2021-01-05T15:21:58.033-0400][gc,heap        ] GC(55) Survivor regions: 1->1(1)
[2021-01-05T15:21:58.033-0400][gc,heap        ] GC(55) Old regions: 26->26
[2021-01-05T15:21:58.033-0400][gc,heap        ] GC(55) Humongous regions: 4->4
[2021-01-05T15:21:58.033-0400][gc,metaspace   ] GC(55) Metaspace: 30693K->30693K(1079296K)
[2021-01-05T15:21:58.033-0400][gc,heap        ] GC(55) Heap after GC invocations=56 (full 1): garbage-first heap   total 43008K, used 28573K [0x0000000083000000, 0x0000000100000000)
[2021-01-05T15:21:58.033-0400][gc,heap        ] GC(55)   region size 1024K, 1 young (1024K), 1 survivors (1024K)
[2021-01-05T15:21:58.033-0400][gc,heap        ] GC(55)  Metaspace       used 30693K, capacity 33059K, committed 33408K, reserved 1079296K
[2021-01-05T15:21:58.033-0400][gc,heap        ] GC(55)   class space    used 3439K, capacity 4346K, committed 4480K, reserved 1048576K
[2021-01-05T15:21:58.033-0400][gc             ] GC(55) Pause Young (Normal) (G1 Evacuation Pause) 31M->27M(42M) 11.401ms
[2021-01-05T15:21:58.033-0400][gc,cpu         ] GC(55) User=0.02s Sys=0.01s Real=0.01s
[2021-01-05T15:21:59.102-0400][gc,heap        ] GC(56) Heap before GC invocations=56 (full 1): garbage-first heap   total 43008K, used 32669K [0x0000000083000000, 0x0000000100000000)
[2021-01-05T15:21:59.102-0400][gc,heap        ] GC(56)   region size 1024K, 5 young (5120K), 1 survivors (1024K)
[2021-01-05T15:21:59.102-0400][gc,heap        ] GC(56)  Metaspace       used 31055K, capacity 33430K, committed 33664K, reserved 1079296K
[2021-01-05T15:21:59.102-0400][gc,heap        ] GC(56)   class space    used 3472K, capacity 4384K, committed 4480K, reserved 1048576K
[2021-01-05T15:21:59.102-0400][gc,start       ] GC(56) Pause Young (Concurrent Start) (G1 Evacuation Pause)
[2021-01-05T15:21:59.102-0400][gc,task        ] GC(56) Using 4 workers of 4 for evacuation
[2021-01-05T15:21:59.111-0400][gc,phases      ] GC(56)   Pre Evacuate Collection Set: 0.3ms
[2021-01-05T15:21:59.111-0400][gc,phases      ] GC(56)   Evacuate Collection Set: 6.9ms
[2021-01-05T15:21:59.111-0400][gc,phases      ] GC(56)   Post Evacuate Collection Set: 1.3ms
[2021-01-05T15:21:59.111-0400][gc,phases      ] GC(56)   Other: 0.8ms
[2021-01-05T15:21:59.112-0400][gc,heap        ] GC(56) Eden regions: 4->0(3)
[2021-01-05T15:21:59.112-0400][gc,heap        ] GC(56) Survivor regions: 1->1(1)
[2021-01-05T15:21:59.112-0400][gc,heap        ] GC(56) Old regions: 26->27
[2021-01-05T15:21:59.112-0400][gc,heap        ] GC(56) Humongous regions: 4->4
[2021-01-05T15:21:59.112-0400][gc,metaspace   ] GC(56) Metaspace: 31055K->31055K(1079296K)
[2021-01-05T15:21:59.112-0400][gc,heap        ] GC(56) Heap after GC invocations=57 (full 1): garbage-first heap   total 43008K, used 28761K [0x0000000083000000, 0x0000000100000000)
[2021-01-05T15:21:59.112-0400][gc,heap        ] GC(56)   region size 1024K, 1 young (1024K), 1 survivors (1024K)
[2021-01-05T15:21:59.112-0400][gc,heap        ] GC(56)  Metaspace       used 31055K, capacity 33430K, committed 33664K, reserved 1079296K
[2021-01-05T15:21:59.112-0400][gc,heap        ] GC(56)   class space    used 3472K, capacity 4384K, committed 4480K, reserved 1048576K
[2021-01-05T15:21:59.112-0400][gc             ] GC(56) Pause Young (Concurrent Start) (G1 Evacuation Pause) 31M->28M(42M) 9.728ms
[2021-01-05T15:21:59.112-0400][gc,cpu         ] GC(56) User=0.03s Sys=0.00s Real=0.01s
[2021-01-05T15:21:59.112-0400][gc             ] GC(57) Concurrent Cycle
[2021-01-05T15:21:59.112-0400][gc,marking     ] GC(57) Concurrent Clear Claimed Marks
[2021-01-05T15:21:59.113-0400][gc,marking     ] GC(57) Concurrent Clear Claimed Marks 0.399ms
[2021-01-05T15:21:59.113-0400][gc,marking     ] GC(57) Concurrent Scan Root Regions
[2021-01-05T15:21:59.117-0400][gc,marking     ] GC(57) Concurrent Scan Root Regions 3.892ms
[2021-01-05T15:21:59.117-0400][gc,marking     ] GC(57) Concurrent Mark (92.604s)
[2021-01-05T15:21:59.117-0400][gc,marking     ] GC(57) Concurrent Mark From Roots
[2021-01-05T15:21:59.117-0400][gc,task        ] GC(57) Using 1 workers of 1 for marking
[2021-01-05T15:21:59.375-0400][gc,marking     ] GC(57) Concurrent Mark From Roots 258.043ms
[2021-01-05T15:21:59.375-0400][gc,marking     ] GC(57) Concurrent Preclean
[2021-01-05T15:21:59.375-0400][gc,marking     ] GC(57) Concurrent Preclean 0.243ms
[2021-01-05T15:21:59.375-0400][gc,marking     ] GC(57) Concurrent Mark (92.604s, 92.862s) 258.500ms
[2021-01-05T15:21:59.376-0400][gc,start       ] GC(57) Pause Remark
[2021-01-05T15:21:59.406-0400][gc,stringtable ] GC(57) Cleaned string and symbol table, strings: 16735 processed, 0 removed, symbols: 74893 processed, 3 removed
[2021-01-05T15:21:59.408-0400][gc             ] GC(57) Pause Remark 30M->30M(42M) 31.708ms
[2021-01-05T15:21:59.408-0400][gc,cpu         ] GC(57) User=0.11s Sys=0.00s Real=0.03s
[2021-01-05T15:21:59.408-0400][gc,marking     ] GC(57) Concurrent Rebuild Remembered Sets
[2021-01-05T15:21:59.570-0400][gc,marking     ] GC(57) Concurrent Rebuild Remembered Sets 162.294ms
[2021-01-05T15:21:59.571-0400][gc,start       ] GC(57) Pause Cleanup
[2021-01-05T15:21:59.572-0400][gc             ] GC(57) Pause Cleanup 30M->30M(42M) 0.874ms
[2021-01-05T15:21:59.572-0400][gc,cpu         ] GC(57) User=0.01s Sys=0.00s Real=0.00s
[2021-01-05T15:21:59.572-0400][gc,marking     ] GC(57) Concurrent Cleanup for Next Mark
[2021-01-05T15:21:59.574-0400][gc,marking     ] GC(57) Concurrent Cleanup for Next Mark 1.642ms
[2021-01-05T15:21:59.574-0400][gc             ] GC(57) Concurrent Cycle 462.096ms
[2021-01-05T15:21:59.702-0400][gc,heap        ] GC(58) Heap before GC invocations=58 (full 1): garbage-first heap   total 43008K, used 31833K [0x0000000083000000, 0x0000000100000000)
[2021-01-05T15:21:59.702-0400][gc,heap        ] GC(58)   region size 1024K, 4 young (4096K), 1 survivors (1024K)
[2021-01-05T15:21:59.702-0400][gc,heap        ] GC(58)  Metaspace       used 31053K, capacity 33330K, committed 33920K, reserved 1079296K
[2021-01-05T15:21:59.703-0400][gc,heap        ] GC(58)   class space    used 3445K, capacity 4320K, committed 4480K, reserved 1048576K
[2021-01-05T15:21:59.703-0400][gc,start       ] GC(58) Pause Young (Normal) (G1 Evacuation Pause)
[2021-01-05T15:21:59.703-0400][gc,task        ] GC(58) Using 4 workers of 4 for evacuation
[2021-01-05T15:21:59.725-0400][gc,phases      ] GC(58)   Pre Evacuate Collection Set: 0.1ms
[2021-01-05T15:21:59.725-0400][gc,phases      ] GC(58)   Evacuate Collection Set: 18.9ms
[2021-01-05T15:21:59.725-0400][gc,phases      ] GC(58)   Post Evacuate Collection Set: 2.8ms
[2021-01-05T15:21:59.726-0400][gc,phases      ] GC(58)   Other: 1.3ms
[2021-01-05T15:21:59.726-0400][gc,heap        ] GC(58) Eden regions: 3->0(3)
[2021-01-05T15:21:59.726-0400][gc,heap        ] GC(58) Survivor regions: 1->1(1)
[2021-01-05T15:21:59.726-0400][gc,heap        ] GC(58) Old regions: 27->27
[2021-01-05T15:21:59.726-0400][gc,heap        ] GC(58) Humongous regions: 4->4
[2021-01-05T15:21:59.726-0400][gc,metaspace   ] GC(58) Metaspace: 31053K->31053K(1079296K)
[2021-01-05T15:21:59.726-0400][gc,heap        ] GC(58) Heap after GC invocations=59 (full 1): garbage-first heap   total 43008K, used 28734K [0x0000000083000000, 0x0000000100000000)
[2021-01-05T15:21:59.726-0400][gc,heap        ] GC(58)   region size 1024K, 1 young (1024K), 1 survivors (1024K)
[2021-01-05T15:21:59.726-0400][gc,heap        ] GC(58)  Metaspace       used 31053K, capacity 33330K, committed 33920K, reserved 1079296K
[2021-01-05T15:21:59.726-0400][gc,heap        ] GC(58)   class space    used 3445K, capacity 4320K, committed 4480K, reserved 1048576K
[2021-01-05T15:21:59.726-0400][gc             ] GC(58) Pause Young (Normal) (G1 Evacuation Pause) 31M->28M(42M) 23.562ms
[2021-01-05T15:21:59.727-0400][gc,cpu         ] GC(58) User=0.06s Sys=0.01s Real=0.03s
[2021-01-05T15:22:00.174-0400][gc,heap        ] GC(59) Heap before GC invocations=59 (full 1): garbage-first heap   total 43008K, used 31806K [0x0000000083000000, 0x0000000100000000)
[2021-01-05T15:22:00.174-0400][gc,heap        ] GC(59)   region size 1024K, 4 young (4096K), 1 survivors (1024K)
[2021-01-05T15:22:00.174-0400][gc,heap        ] GC(59)  Metaspace       used 31234K, capacity 33499K, committed 33920K, reserved 1079296K
[2021-01-05T15:22:00.174-0400][gc,heap        ] GC(59)   class space    used 3480K, capacity 4380K, committed 4480K, reserved 1048576K
[2021-01-05T15:22:00.175-0400][gc,start       ] GC(59) Pause Young (Concurrent Start) (G1 Evacuation Pause)
[2021-01-05T15:22:00.175-0400][gc,task        ] GC(59) Using 4 workers of 4 for evacuation
[2021-01-05T15:22:00.185-0400][gc,phases      ] GC(59)   Pre Evacuate Collection Set: 0.4ms
[2021-01-05T15:22:00.186-0400][gc,phases      ] GC(59)   Evacuate Collection Set: 7.6ms
[2021-01-05T15:22:00.186-0400][gc,phases      ] GC(59)   Post Evacuate Collection Set: 2.1ms
[2021-01-05T15:22:00.186-0400][gc,phases      ] GC(59)   Other: 1.3ms
[2021-01-05T15:22:00.186-0400][gc,heap        ] GC(59) Eden regions: 3->0(3)
[2021-01-05T15:22:00.186-0400][gc,heap        ] GC(59) Survivor regions: 1->1(1)
[2021-01-05T15:22:00.186-0400][gc,heap        ] GC(59) Old regions: 27->27
[2021-01-05T15:22:00.186-0400][gc,heap        ] GC(59) Humongous regions: 4->4
[2021-01-05T15:22:00.186-0400][gc,metaspace   ] GC(59) Metaspace: 31234K->31234K(1079296K)
[2021-01-05T15:22:00.186-0400][gc,heap        ] GC(59) Heap after GC invocations=60 (full 1): garbage-first heap   total 43008K, used 29016K [0x0000000083000000, 0x0000000100000000)
[2021-01-05T15:22:00.186-0400][gc,heap        ] GC(59)   region size 1024K, 1 young (1024K), 1 survivors (1024K)
[2021-01-05T15:22:00.186-0400][gc,heap        ] GC(59)  Metaspace       used 31234K, capacity 33499K, committed 33920K, reserved 1079296K
[2021-01-05T15:22:00.186-0400][gc,heap        ] GC(59)   class space    used 3480K, capacity 4380K, committed 4480K, reserved 1048576K
[2021-01-05T15:22:00.187-0400][gc             ] GC(59) Pause Young (Concurrent Start) (G1 Evacuation Pause) 31M->28M(42M) 11.826ms
[2021-01-05T15:22:00.189-0400][gc,cpu         ] GC(59) User=0.04s Sys=0.00s Real=0.02s
[2021-01-05T15:22:00.190-0400][gc             ] GC(60) Concurrent Cycle
[2021-01-05T15:22:00.190-0400][gc,marking     ] GC(60) Concurrent Clear Claimed Marks
[2021-01-05T15:22:00.190-0400][gc,marking     ] GC(60) Concurrent Clear Claimed Marks 0.428ms
[2021-01-05T15:22:00.190-0400][gc,marking     ] GC(60) Concurrent Scan Root Regions
[2021-01-05T15:22:00.196-0400][gc,marking     ] GC(60) Concurrent Scan Root Regions 5.050ms
[2021-01-05T15:22:00.196-0400][gc,marking     ] GC(60) Concurrent Mark (93.683s)
[2021-01-05T15:22:00.196-0400][gc,marking     ] GC(60) Concurrent Mark From Roots
[2021-01-05T15:22:00.196-0400][gc,task        ] GC(60) Using 1 workers of 1 for marking
[2021-01-05T15:22:00.395-0400][gc,heap        ] GC(61) Heap before GC invocations=60 (full 1): garbage-first heap   total 43008K, used 32088K [0x0000000083000000, 0x0000000100000000)
[2021-01-05T15:22:00.396-0400][gc,heap        ] GC(61)   region size 1024K, 4 young (4096K), 1 survivors (1024K)
[2021-01-05T15:22:00.396-0400][gc,heap        ] GC(61)  Metaspace       used 31412K, capacity 33812K, committed 34048K, reserved 1079296K
[2021-01-05T15:22:00.396-0400][gc,heap        ] GC(61)   class space    used 3523K, capacity 4487K, committed 4608K, reserved 1048576K
[2021-01-05T15:22:00.396-0400][gc,start       ] GC(61) Pause Young (Normal) (G1 Evacuation Pause)
[2021-01-05T15:22:00.396-0400][gc,task        ] GC(61) Using 4 workers of 4 for evacuation
[2021-01-05T15:22:00.407-0400][gc,phases      ] GC(61)   Pre Evacuate Collection Set: 0.1ms
[2021-01-05T15:22:00.407-0400][gc,phases      ] GC(61)   Evacuate Collection Set: 8.5ms
[2021-01-05T15:22:00.407-0400][gc,phases      ] GC(61)   Post Evacuate Collection Set: 1.5ms
[2021-01-05T15:22:00.407-0400][gc,phases      ] GC(61)   Other: 1.0ms
[2021-01-05T15:22:00.407-0400][gc,heap        ] GC(61) Eden regions: 3->0(3)
[2021-01-05T15:22:00.407-0400][gc,heap        ] GC(61) Survivor regions: 1->1(1)
[2021-01-05T15:22:00.407-0400][gc,heap        ] GC(61) Old regions: 27->27
[2021-01-05T15:22:00.407-0400][gc,heap        ] GC(61) Humongous regions: 4->4
[2021-01-05T15:22:00.407-0400][gc,metaspace   ] GC(61) Metaspace: 31412K->31412K(1079296K)
[2021-01-05T15:22:00.407-0400][gc,heap        ] GC(61) Heap after GC invocations=61 (full 1): garbage-first heap   total 43008K, used 29289K [0x0000000083000000, 0x0000000100000000)
[2021-01-05T15:22:00.407-0400][gc,heap        ] GC(61)   region size 1024K, 1 young (1024K), 1 survivors (1024K)
[2021-01-05T15:22:00.407-0400][gc,heap        ] GC(61)  Metaspace       used 31412K, capacity 33812K, committed 34048K, reserved 1079296K
[2021-01-05T15:22:00.407-0400][gc,heap        ] GC(61)   class space    used 3523K, capacity 4487K, committed 4608K, reserved 1048576K
[2021-01-05T15:22:00.407-0400][gc             ] GC(61) Pause Young (Normal) (G1 Evacuation Pause) 31M->28M(42M) 11.375ms
[2021-01-05T15:22:00.407-0400][gc,cpu         ] GC(61) User=0.04s Sys=0.00s Real=0.01s
[2021-01-05T15:22:00.490-0400][gc,marking     ] GC(60) Concurrent Mark From Roots 293.745ms
[2021-01-05T15:22:00.490-0400][gc,marking     ] GC(60) Concurrent Preclean
[2021-01-05T15:22:00.490-0400][gc,marking     ] GC(60) Concurrent Preclean 0.257ms
[2021-01-05T15:22:00.490-0400][gc,marking     ] GC(60) Concurrent Mark (93.683s, 93.977s) 294.304ms
[2021-01-05T15:22:00.491-0400][gc,start       ] GC(60) Pause Remark
[2021-01-05T15:22:00.522-0400][gc,stringtable ] GC(60) Cleaned string and symbol table, strings: 16800 processed, 0 removed, symbols: 75031 processed, 0 removed
[2021-01-05T15:22:00.524-0400][gc             ] GC(60) Pause Remark 28M->28M(42M) 32.964ms
[2021-01-05T15:22:00.524-0400][gc,cpu         ] GC(60) User=0.10s Sys=0.01s Real=0.03s
[2021-01-05T15:22:00.524-0400][gc,marking     ] GC(60) Concurrent Rebuild Remembered Sets
[2021-01-05T15:22:00.667-0400][gc,marking     ] GC(60) Concurrent Rebuild Remembered Sets 143.367ms
[2021-01-05T15:22:00.668-0400][gc,start       ] GC(60) Pause Cleanup
[2021-01-05T15:22:00.669-0400][gc             ] GC(60) Pause Cleanup 30M->30M(42M) 0.557ms
[2021-01-05T15:22:00.669-0400][gc,cpu         ] GC(60) User=0.00s Sys=0.00s Real=0.00s
[2021-01-05T15:22:00.670-0400][gc,marking     ] GC(60) Concurrent Cleanup for Next Mark
[2021-01-05T15:22:00.671-0400][gc,marking     ] GC(60) Concurrent Cleanup for Next Mark 0.810ms
[2021-01-05T15:22:00.671-0400][gc             ] GC(60) Concurrent Cycle 481.100ms
[2021-01-05T15:22:01.085-0400][gc,heap        ] GC(62) Heap before GC invocations=62 (full 1): garbage-first heap   total 43008K, used 32361K [0x0000000083000000, 0x0000000100000000)
[2021-01-05T15:22:01.085-0400][gc,heap        ] GC(62)   region size 1024K, 4 young (4096K), 1 survivors (1024K)
[2021-01-05T15:22:01.085-0400][gc,heap        ] GC(62)  Metaspace       used 31294K, capacity 33604K, committed 34304K, reserved 1079296K
[2021-01-05T15:22:01.085-0400][gc,heap        ] GC(62)   class space    used 3484K, capacity 4390K, committed 4608K, reserved 1048576K
[2021-01-05T15:22:01.085-0400][gc,start       ] GC(62) Pause Young (Normal) (G1 Evacuation Pause)
[2021-01-05T15:22:01.085-0400][gc,task        ] GC(62) Using 4 workers of 4 for evacuation
[2021-01-05T15:22:01.101-0400][gc,phases      ] GC(62)   Pre Evacuate Collection Set: 0.1ms
[2021-01-05T15:22:01.101-0400][gc,phases      ] GC(62)   Evacuate Collection Set: 8.4ms
[2021-01-05T15:22:01.101-0400][gc,phases      ] GC(62)   Post Evacuate Collection Set: 6.6ms
[2021-01-05T15:22:01.101-0400][gc,phases      ] GC(62)   Other: 0.9ms
[2021-01-05T15:22:01.101-0400][gc,heap        ] GC(62) Eden regions: 3->0(7)
[2021-01-05T15:22:01.101-0400][gc,heap        ] GC(62) Survivor regions: 1->1(1)
[2021-01-05T15:22:01.101-0400][gc,heap        ] GC(62) Old regions: 27->27
[2021-01-05T15:22:01.101-0400][gc,heap        ] GC(62) Humongous regions: 4->4
[2021-01-05T15:22:01.101-0400][gc,metaspace   ] GC(62) Metaspace: 31294K->31294K(1079296K)
[2021-01-05T15:22:01.101-0400][gc,heap        ] GC(62) Heap after GC invocations=63 (full 1): garbage-first heap   total 52224K, used 29294K [0x0000000083000000, 0x0000000100000000)
[2021-01-05T15:22:01.101-0400][gc,heap        ] GC(62)   region size 1024K, 1 young (1024K), 1 survivors (1024K)
[2021-01-05T15:22:01.101-0400][gc,heap        ] GC(62)  Metaspace       used 31294K, capacity 33604K, committed 34304K, reserved 1079296K
[2021-01-05T15:22:01.101-0400][gc,heap        ] GC(62)   class space    used 3484K, capacity 4390K, committed 4608K, reserved 1048576K
[2021-01-05T15:22:01.102-0400][gc             ] GC(62) Pause Young (Normal) (G1 Evacuation Pause) 31M->28M(51M) 16.654ms
[2021-01-05T15:22:01.103-0400][gc,cpu         ] GC(62) User=0.06s Sys=0.01s Real=0.02s
[2021-01-05T15:22:02.079-0400][gc,heap        ] GC(63) Heap before GC invocations=63 (full 1): garbage-first heap   total 52224K, used 35438K [0x0000000083000000, 0x0000000100000000)
[2021-01-05T15:22:02.079-0400][gc,heap        ] GC(63)   region size 1024K, 8 young (8192K), 1 survivors (1024K)
[2021-01-05T15:22:02.079-0400][gc,heap        ] GC(63)  Metaspace       used 31984K, capacity 34406K, committed 34816K, reserved 1079296K
[2021-01-05T15:22:02.079-0400][gc,heap        ] GC(63)   class space    used 3571K, capacity 4468K, committed 4608K, reserved 1048576K
[2021-01-05T15:22:02.079-0400][gc,start       ] GC(63) Pause Young (Concurrent Start) (G1 Evacuation Pause)
[2021-01-05T15:22:02.079-0400][gc,task        ] GC(63) Using 4 workers of 4 for evacuation
[2021-01-05T15:22:02.102-0400][gc,phases      ] GC(63)   Pre Evacuate Collection Set: 0.4ms
[2021-01-05T15:22:02.102-0400][gc,phases      ] GC(63)   Evacuate Collection Set: 20.2ms
[2021-01-05T15:22:02.102-0400][gc,phases      ] GC(63)   Post Evacuate Collection Set: 1.8ms
[2021-01-05T15:22:02.103-0400][gc,phases      ] GC(63)   Other: 1.0ms
[2021-01-05T15:22:02.103-0400][gc,heap        ] GC(63) Eden regions: 7->0(7)
[2021-01-05T15:22:02.103-0400][gc,heap        ] GC(63) Survivor regions: 1->1(1)
[2021-01-05T15:22:02.103-0400][gc,heap        ] GC(63) Old regions: 27->27
[2021-01-05T15:22:02.103-0400][gc,heap        ] GC(63) Humongous regions: 4->4
[2021-01-05T15:22:02.103-0400][gc,metaspace   ] GC(63) Metaspace: 31984K->31984K(1079296K)
[2021-01-05T15:22:02.103-0400][gc,heap        ] GC(63) Heap after GC invocations=64 (full 1): garbage-first heap   total 52224K, used 30069K [0x0000000083000000, 0x0000000100000000)
[2021-01-05T15:22:02.103-0400][gc,heap        ] GC(63)   region size 1024K, 1 young (1024K), 1 survivors (1024K)
[2021-01-05T15:22:02.103-0400][gc,heap        ] GC(63)  Metaspace       used 31984K, capacity 34406K, committed 34816K, reserved 1079296K
[2021-01-05T15:22:02.103-0400][gc,heap        ] GC(63)   class space    used 3571K, capacity 4468K, committed 4608K, reserved 1048576K
[2021-01-05T15:22:02.103-0400][gc             ] GC(63) Pause Young (Concurrent Start) (G1 Evacuation Pause) 35M->29M(51M) 23.939ms
[2021-01-05T15:22:02.103-0400][gc,cpu         ] GC(63) User=0.08s Sys=0.01s Real=0.02s
[2021-01-05T15:22:02.104-0400][gc             ] GC(64) Concurrent Cycle
[2021-01-05T15:22:02.104-0400][gc,marking     ] GC(64) Concurrent Clear Claimed Marks
[2021-01-05T15:22:02.104-0400][gc,marking     ] GC(64) Concurrent Clear Claimed Marks 0.485ms
[2021-01-05T15:22:02.104-0400][gc,marking     ] GC(64) Concurrent Scan Root Regions
[2021-01-05T15:22:02.111-0400][gc,marking     ] GC(64) Concurrent Scan Root Regions 6.837ms
[2021-01-05T15:22:02.111-0400][gc,marking     ] GC(64) Concurrent Mark (95.598s)
[2021-01-05T15:22:02.111-0400][gc,marking     ] GC(64) Concurrent Mark From Roots
[2021-01-05T15:22:02.111-0400][gc,task        ] GC(64) Using 1 workers of 1 for marking
[2021-01-05T15:22:02.529-0400][gc,marking     ] GC(64) Concurrent Mark From Roots 417.850ms
[2021-01-05T15:22:02.529-0400][gc,marking     ] GC(64) Concurrent Preclean
[2021-01-05T15:22:02.530-0400][gc,marking     ] GC(64) Concurrent Preclean 0.770ms
[2021-01-05T15:22:02.530-0400][gc,marking     ] GC(64) Concurrent Mark (95.598s, 96.017s) 418.992ms
[2021-01-05T15:22:02.531-0400][gc,start       ] GC(64) Pause Remark
[2021-01-05T15:22:02.594-0400][gc,stringtable ] GC(64) Cleaned string and symbol table, strings: 18754 processed, 0 removed, symbols: 79217 processed, 1 removed
[2021-01-05T15:22:02.595-0400][gc             ] GC(64) Pause Remark 32M->32M(51M) 63.944ms
[2021-01-05T15:22:02.596-0400][gc,cpu         ] GC(64) User=0.23s Sys=0.01s Real=0.06s
[2021-01-05T15:22:02.597-0400][gc,marking     ] GC(64) Concurrent Rebuild Remembered Sets
[2021-01-05T15:22:02.813-0400][gc,heap        ] GC(65) Heap before GC invocations=64 (full 1): garbage-first heap   total 52224K, used 36213K [0x0000000083000000, 0x0000000100000000)
[2021-01-05T15:22:02.813-0400][gc,heap        ] GC(65)   region size 1024K, 8 young (8192K), 1 survivors (1024K)
[2021-01-05T15:22:02.813-0400][gc,heap        ] GC(65)  Metaspace       used 32295K, capacity 34677K, committed 35328K, reserved 1079296K
[2021-01-05T15:22:02.813-0400][gc,heap        ] GC(65)   class space    used 3584K, capacity 4444K, committed 4608K, reserved 1048576K
[2021-01-05T15:22:02.814-0400][gc,start       ] GC(65) Pause Young (Normal) (G1 Evacuation Pause)
[2021-01-05T15:22:02.814-0400][gc,task        ] GC(65) Using 4 workers of 4 for evacuation
[2021-01-05T15:22:02.834-0400][gc,phases      ] GC(65)   Pre Evacuate Collection Set: 0.1ms
[2021-01-05T15:22:02.834-0400][gc,phases      ] GC(65)   Evacuate Collection Set: 17.2ms
[2021-01-05T15:22:02.834-0400][gc,phases      ] GC(65)   Post Evacuate Collection Set: 2.2ms
[2021-01-05T15:22:02.834-0400][gc,phases      ] GC(65)   Other: 1.1ms
[2021-01-05T15:22:02.834-0400][gc,heap        ] GC(65) Eden regions: 7->0(7)
[2021-01-05T15:22:02.834-0400][gc,heap        ] GC(65) Survivor regions: 1->1(1)
[2021-01-05T15:22:02.834-0400][gc,heap        ] GC(65) Old regions: 27->28
[2021-01-05T15:22:02.834-0400][gc,heap        ] GC(65) Humongous regions: 4->4
[2021-01-05T15:22:02.834-0400][gc,metaspace   ] GC(65) Metaspace: 32295K->32295K(1079296K)
[2021-01-05T15:22:02.834-0400][gc,heap        ] GC(65) Heap after GC invocations=65 (full 1): garbage-first heap   total 52224K, used 30605K [0x0000000083000000, 0x0000000100000000)
[2021-01-05T15:22:02.834-0400][gc,heap        ] GC(65)   region size 1024K, 1 young (1024K), 1 survivors (1024K)
[2021-01-05T15:22:02.834-0400][gc,heap        ] GC(65)  Metaspace       used 32295K, capacity 34677K, committed 35328K, reserved 1079296K
[2021-01-05T15:22:02.834-0400][gc,heap        ] GC(65)   class space    used 3584K, capacity 4444K, committed 4608K, reserved 1048576K
[2021-01-05T15:22:02.834-0400][gc             ] GC(65) Pause Young (Normal) (G1 Evacuation Pause) 36M->29M(51M) 20.954ms
[2021-01-05T15:22:02.835-0400][gc,cpu         ] GC(65) User=0.08s Sys=0.01s Real=0.02s
[2021-01-05T15:22:02.948-0400][gc,marking     ] GC(64) Concurrent Rebuild Remembered Sets 351.777ms
[2021-01-05T15:22:02.949-0400][gc,start       ] GC(64) Pause Cleanup
[2021-01-05T15:22:02.950-0400][gc             ] GC(64) Pause Cleanup 30M->30M(51M) 0.568ms
[2021-01-05T15:22:02.950-0400][gc,cpu         ] GC(64) User=0.00s Sys=0.00s Real=0.00s
[2021-01-05T15:22:02.955-0400][gc,marking     ] GC(64) Concurrent Cleanup for Next Mark
[2021-01-05T15:22:02.958-0400][gc,marking     ] GC(64) Concurrent Cleanup for Next Mark 3.337ms
[2021-01-05T15:22:02.959-0400][gc             ] GC(64) Concurrent Cycle 854.993ms
[2021-01-05T15:22:03.391-0400][gc,heap        ] GC(66) Heap before GC invocations=66 (full 1): garbage-first heap   total 52224K, used 36749K [0x0000000083000000, 0x0000000100000000)
[2021-01-05T15:22:03.392-0400][gc,heap        ] GC(66)   region size 1024K, 8 young (8192K), 1 survivors (1024K)
[2021-01-05T15:22:03.392-0400][gc,heap        ] GC(66)  Metaspace       used 32384K, capacity 34760K, committed 35328K, reserved 1079296K
[2021-01-05T15:22:03.392-0400][gc,heap        ] GC(66)   class space    used 3585K, capacity 4447K, committed 4608K, reserved 1048576K
[2021-01-05T15:22:03.392-0400][gc,start       ] GC(66) Pause Young (Normal) (G1 Evacuation Pause)
[2021-01-05T15:22:03.392-0400][gc,task        ] GC(66) Using 4 workers of 4 for evacuation
[2021-01-05T15:22:03.409-0400][gc,phases      ] GC(66)   Pre Evacuate Collection Set: 0.0ms
[2021-01-05T15:22:03.410-0400][gc,phases      ] GC(66)   Evacuate Collection Set: 16.2ms
[2021-01-05T15:22:03.410-0400][gc,phases      ] GC(66)   Post Evacuate Collection Set: 1.0ms
[2021-01-05T15:22:03.410-0400][gc,phases      ] GC(66)   Other: 0.8ms
[2021-01-05T15:22:03.410-0400][gc,heap        ] GC(66) Eden regions: 7->0(6)
[2021-01-05T15:22:03.410-0400][gc,heap        ] GC(66) Survivor regions: 1->1(1)
[2021-01-05T15:22:03.410-0400][gc,heap        ] GC(66) Old regions: 28->29
[2021-01-05T15:22:03.410-0400][gc,heap        ] GC(66) Humongous regions: 4->4
[2021-01-05T15:22:03.410-0400][gc,metaspace   ] GC(66) Metaspace: 32384K->32384K(1079296K)
[2021-01-05T15:22:03.410-0400][gc,heap        ] GC(66) Heap after GC invocations=67 (full 1): garbage-first heap   total 52224K, used 31612K [0x0000000083000000, 0x0000000100000000)
[2021-01-05T15:22:03.410-0400][gc,heap        ] GC(66)   region size 1024K, 1 young (1024K), 1 survivors (1024K)
[2021-01-05T15:22:03.410-0400][gc,heap        ] GC(66)  Metaspace       used 32384K, capacity 34760K, committed 35328K, reserved 1079296K
[2021-01-05T15:22:03.410-0400][gc,heap        ] GC(66)   class space    used 3585K, capacity 4447K, committed 4608K, reserved 1048576K
[2021-01-05T15:22:03.410-0400][gc             ] GC(66) Pause Young (Normal) (G1 Evacuation Pause) 36M->30M(51M) 18.476ms
[2021-01-05T15:22:03.410-0400][gc,cpu         ] GC(66) User=0.07s Sys=0.00s Real=0.02s
[2021-01-05T15:22:04.205-0400][gc,heap        ] GC(67) Heap before GC invocations=67 (full 1): garbage-first heap   total 52224K, used 36732K [0x0000000083000000, 0x0000000100000000)
[2021-01-05T15:22:04.205-0400][gc,heap        ] GC(67)   region size 1024K, 7 young (7168K), 1 survivors (1024K)
[2021-01-05T15:22:04.205-0400][gc,heap        ] GC(67)  Metaspace       used 34004K, capacity 36364K, committed 37120K, reserved 1081344K
[2021-01-05T15:22:04.205-0400][gc,heap        ] GC(67)   class space    used 3773K, capacity 4640K, committed 4864K, reserved 1048576K
[2021-01-05T15:22:04.206-0400][gc,start       ] GC(67) Pause Young (Concurrent Start) (G1 Evacuation Pause)
[2021-01-05T15:22:04.206-0400][gc,task        ] GC(67) Using 4 workers of 4 for evacuation
[2021-01-05T15:22:04.224-0400][gc,phases      ] GC(67)   Pre Evacuate Collection Set: 0.3ms
[2021-01-05T15:22:04.224-0400][gc,phases      ] GC(67)   Evacuate Collection Set: 15.7ms
[2021-01-05T15:22:04.224-0400][gc,phases      ] GC(67)   Post Evacuate Collection Set: 1.8ms
[2021-01-05T15:22:04.224-0400][gc,phases      ] GC(67)   Other: 1.0ms
[2021-01-05T15:22:04.224-0400][gc,heap        ] GC(67) Eden regions: 6->0(10)
[2021-01-05T15:22:04.224-0400][gc,heap        ] GC(67) Survivor regions: 1->1(1)
[2021-01-05T15:22:04.224-0400][gc,heap        ] GC(67) Old regions: 29->30
[2021-01-05T15:22:04.225-0400][gc,heap        ] GC(67) Humongous regions: 4->4
[2021-01-05T15:22:04.225-0400][gc,metaspace   ] GC(67) Metaspace: 34004K->34004K(1081344K)
[2021-01-05T15:22:04.225-0400][gc,heap        ] GC(67) Heap after GC invocations=68 (full 1): garbage-first heap   total 63488K, used 32396K [0x0000000083000000, 0x0000000100000000)
[2021-01-05T15:22:04.225-0400][gc,heap        ] GC(67)   region size 1024K, 1 young (1024K), 1 survivors (1024K)
[2021-01-05T15:22:04.225-0400][gc,heap        ] GC(67)  Metaspace       used 34004K, capacity 36364K, committed 37120K, reserved 1081344K
[2021-01-05T15:22:04.225-0400][gc,heap        ] GC(67)   class space    used 3773K, capacity 4640K, committed 4864K, reserved 1048576K
[2021-01-05T15:22:04.225-0400][gc             ] GC(67) Pause Young (Concurrent Start) (G1 Evacuation Pause) 36M->31M(62M) 19.249ms
[2021-01-05T15:22:04.225-0400][gc,cpu         ] GC(67) User=0.04s Sys=0.00s Real=0.01s
[2021-01-05T15:22:04.225-0400][gc             ] GC(68) Concurrent Cycle
[2021-01-05T15:22:04.228-0400][gc,marking     ] GC(68) Concurrent Clear Claimed Marks
[2021-01-05T15:22:04.229-0400][gc,marking     ] GC(68) Concurrent Clear Claimed Marks 0.489ms
[2021-01-05T15:22:04.229-0400][gc,marking     ] GC(68) Concurrent Scan Root Regions
[2021-01-05T15:22:04.236-0400][gc,marking     ] GC(68) Concurrent Scan Root Regions 7.622ms
[2021-01-05T15:22:04.236-0400][gc,marking     ] GC(68) Concurrent Mark (97.724s)
[2021-01-05T15:22:04.237-0400][gc,marking     ] GC(68) Concurrent Mark From Roots
[2021-01-05T15:22:04.237-0400][gc,task        ] GC(68) Using 1 workers of 1 for marking
[2021-01-05T15:22:04.581-0400][gc,marking     ] GC(68) Concurrent Mark From Roots 344.780ms
[2021-01-05T15:22:04.581-0400][gc,marking     ] GC(68) Concurrent Preclean
[2021-01-05T15:22:04.582-0400][gc,marking     ] GC(68) Concurrent Preclean 0.453ms
[2021-01-05T15:22:04.582-0400][gc,marking     ] GC(68) Concurrent Mark (97.724s, 98.069s) 345.601ms
[2021-01-05T15:22:04.584-0400][gc,start       ] GC(68) Pause Remark
[2021-01-05T15:22:04.610-0400][gc,stringtable ] GC(68) Cleaned string and symbol table, strings: 19302 processed, 2 removed, symbols: 84816 processed, 0 removed
[2021-01-05T15:22:04.610-0400][gc             ] GC(68) Pause Remark 33M->33M(62M) 26.549ms
[2021-01-05T15:22:04.610-0400][gc,cpu         ] GC(68) User=0.10s Sys=0.00s Real=0.03s
[2021-01-05T15:22:04.611-0400][gc,marking     ] GC(68) Concurrent Rebuild Remembered Sets
[2021-01-05T15:22:04.796-0400][gc,marking     ] GC(68) Concurrent Rebuild Remembered Sets 184.790ms
[2021-01-05T15:22:04.797-0400][gc,start       ] GC(68) Pause Cleanup
[2021-01-05T15:22:04.797-0400][gc             ] GC(68) Pause Cleanup 34M->34M(62M) 0.555ms
[2021-01-05T15:22:04.797-0400][gc,cpu         ] GC(68) User=0.00s Sys=0.00s Real=0.00s
[2021-01-05T15:22:04.798-0400][gc,marking     ] GC(68) Concurrent Cleanup for Next Mark
[2021-01-05T15:22:04.811-0400][gc,marking     ] GC(68) Concurrent Cleanup for Next Mark 13.386ms
[2021-01-05T15:22:04.811-0400][gc             ] GC(68) Concurrent Cycle 586.052ms
[2021-01-05T15:22:08.818-0400][gc,heap        ] GC(69) Heap before GC invocations=69 (full 1): garbage-first heap   total 63488K, used 41612K [0x0000000083000000, 0x0000000100000000)
[2021-01-05T15:22:08.819-0400][gc,heap        ] GC(69)   region size 1024K, 11 young (11264K), 1 survivors (1024K)
[2021-01-05T15:22:08.819-0400][gc,heap        ] GC(69)  Metaspace       used 35363K, capacity 37746K, committed 38528K, reserved 1083392K
[2021-01-05T15:22:08.819-0400][gc,heap        ] GC(69)   class space    used 3927K, capacity 4802K, committed 4992K, reserved 1048576K
[2021-01-05T15:22:08.819-0400][gc,start       ] GC(69) Pause Young (Normal) (G1 Evacuation Pause)
[2021-01-05T15:22:08.819-0400][gc,task        ] GC(69) Using 4 workers of 4 for evacuation
[2021-01-05T15:22:08.828-0400][gc,phases      ] GC(69)   Pre Evacuate Collection Set: 0.0ms
[2021-01-05T15:22:08.828-0400][gc,phases      ] GC(69)   Evacuate Collection Set: 7.4ms
[2021-01-05T15:22:08.828-0400][gc,phases      ] GC(69)   Post Evacuate Collection Set: 1.3ms
[2021-01-05T15:22:08.828-0400][gc,phases      ] GC(69)   Other: 0.9ms
[2021-01-05T15:22:08.828-0400][gc,heap        ] GC(69) Eden regions: 10->0(10)
[2021-01-05T15:22:08.828-0400][gc,heap        ] GC(69) Survivor regions: 1->2(2)
[2021-01-05T15:22:08.828-0400][gc,heap        ] GC(69) Old regions: 30->30
[2021-01-05T15:22:08.828-0400][gc,heap        ] GC(69) Humongous regions: 4->4
[2021-01-05T15:22:08.829-0400][gc,metaspace   ] GC(69) Metaspace: 35363K->35363K(1083392K)
[2021-01-05T15:22:08.829-0400][gc,heap        ] GC(69) Heap after GC invocations=70 (full 1): garbage-first heap   total 63488K, used 33081K [0x0000000083000000, 0x0000000100000000)
[2021-01-05T15:22:08.829-0400][gc,heap        ] GC(69)   region size 1024K, 2 young (2048K), 2 survivors (2048K)
[2021-01-05T15:22:08.829-0400][gc,heap        ] GC(69)  Metaspace       used 35363K, capacity 37746K, committed 38528K, reserved 1083392K
[2021-01-05T15:22:08.829-0400][gc,heap        ] GC(69)   class space    used 3927K, capacity 4802K, committed 4992K, reserved 1048576K
[2021-01-05T15:22:08.829-0400][gc             ] GC(69) Pause Young (Normal) (G1 Evacuation Pause) 41M->32M(62M) 9.968ms
[2021-01-05T15:22:08.829-0400][gc,cpu         ] GC(69) User=0.03s Sys=0.00s Real=0.01s
[2021-01-05T15:22:10.945-0400][gc,heap        ] GC(70) Heap before GC invocations=70 (full 1): garbage-first heap   total 63488K, used 43321K [0x0000000083000000, 0x0000000100000000)
[2021-01-05T15:22:10.945-0400][gc,heap        ] GC(70)   region size 1024K, 12 young (12288K), 2 survivors (2048K)
[2021-01-05T15:22:10.946-0400][gc,heap        ] GC(70)  Metaspace       used 35524K, capacity 37929K, committed 38528K, reserved 1083392K
[2021-01-05T15:22:10.946-0400][gc,heap        ] GC(70)   class space    used 3945K, capacity 4833K, committed 4992K, reserved 1048576K
[2021-01-05T15:22:10.946-0400][gc,start       ] GC(70) Pause Young (Concurrent Start) (G1 Evacuation Pause)
[2021-01-05T15:22:10.946-0400][gc,task        ] GC(70) Using 4 workers of 4 for evacuation
[2021-01-05T15:22:10.972-0400][gc,phases      ] GC(70)   Pre Evacuate Collection Set: 0.4ms
[2021-01-05T15:22:10.972-0400][gc,phases      ] GC(70)   Evacuate Collection Set: 14.7ms
[2021-01-05T15:22:10.972-0400][gc,phases      ] GC(70)   Post Evacuate Collection Set: 10.3ms
[2021-01-05T15:22:10.972-0400][gc,phases      ] GC(70)   Other: 1.2ms
[2021-01-05T15:22:10.972-0400][gc,heap        ] GC(70) Eden regions: 10->0(10)
[2021-01-05T15:22:10.972-0400][gc,heap        ] GC(70) Survivor regions: 2->2(2)
[2021-01-05T15:22:10.973-0400][gc,heap        ] GC(70) Old regions: 30->31
[2021-01-05T15:22:10.973-0400][gc,heap        ] GC(70) Humongous regions: 4->4
[2021-01-05T15:22:10.973-0400][gc,metaspace   ] GC(70) Metaspace: 35524K->35524K(1083392K)
[2021-01-05T15:22:10.973-0400][gc,heap        ] GC(70) Heap after GC invocations=71 (full 1): garbage-first heap   total 63488K, used 33982K [0x0000000083000000, 0x0000000100000000)
[2021-01-05T15:22:10.973-0400][gc,heap        ] GC(70)   region size 1024K, 2 young (2048K), 2 survivors (2048K)
[2021-01-05T15:22:10.973-0400][gc,heap        ] GC(70)  Metaspace       used 35524K, capacity 37929K, committed 38528K, reserved 1083392K
[2021-01-05T15:22:10.973-0400][gc,heap        ] GC(70)   class space    used 3945K, capacity 4833K, committed 4992K, reserved 1048576K
[2021-01-05T15:22:10.973-0400][gc             ] GC(70) Pause Young (Concurrent Start) (G1 Evacuation Pause) 42M->33M(62M) 27.246ms
[2021-01-05T15:22:10.973-0400][gc,cpu         ] GC(70) User=0.09s Sys=0.01s Real=0.02s
[2021-01-05T15:22:10.976-0400][gc             ] GC(71) Concurrent Cycle
[2021-01-05T15:22:10.976-0400][gc,marking     ] GC(71) Concurrent Clear Claimed Marks
[2021-01-05T15:22:10.977-0400][gc,marking     ] GC(71) Concurrent Clear Claimed Marks 0.416ms
[2021-01-05T15:22:10.977-0400][gc,marking     ] GC(71) Concurrent Scan Root Regions
[2021-01-05T15:22:10.986-0400][gc,marking     ] GC(71) Concurrent Scan Root Regions 9.040ms
[2021-01-05T15:22:10.986-0400][gc,marking     ] GC(71) Concurrent Mark (104.473s)
[2021-01-05T15:22:10.986-0400][gc,marking     ] GC(71) Concurrent Mark From Roots
[2021-01-05T15:22:10.986-0400][gc,task        ] GC(71) Using 1 workers of 1 for marking
[2021-01-05T15:22:11.324-0400][gc,marking     ] GC(71) Concurrent Mark From Roots 337.636ms
[2021-01-05T15:22:11.324-0400][gc,marking     ] GC(71) Concurrent Preclean
[2021-01-05T15:22:11.324-0400][gc,marking     ] GC(71) Concurrent Preclean 0.366ms
[2021-01-05T15:22:11.324-0400][gc,marking     ] GC(71) Concurrent Mark (104.473s, 104.811s) 338.320ms
[2021-01-05T15:22:11.325-0400][gc,start       ] GC(71) Pause Remark
[2021-01-05T15:22:11.366-0400][gc,stringtable ] GC(71) Cleaned string and symbol table, strings: 19652 processed, 0 removed, symbols: 86336 processed, 0 removed
[2021-01-05T15:22:11.367-0400][gc             ] GC(71) Pause Remark 34M->34M(62M) 42.102ms
[2021-01-05T15:22:11.367-0400][gc,cpu         ] GC(71) User=0.11s Sys=0.00s Real=0.05s
[2021-01-05T15:22:11.368-0400][gc,marking     ] GC(71) Concurrent Rebuild Remembered Sets
[2021-01-05T15:22:11.552-0400][gc,marking     ] GC(71) Concurrent Rebuild Remembered Sets 183.340ms
[2021-01-05T15:22:11.553-0400][gc,start       ] GC(71) Pause Cleanup
[2021-01-05T15:22:11.553-0400][gc             ] GC(71) Pause Cleanup 34M->34M(62M) 0.714ms
[2021-01-05T15:22:11.554-0400][gc,cpu         ] GC(71) User=0.00s Sys=0.00s Real=0.00s
[2021-01-05T15:22:11.554-0400][gc,marking     ] GC(71) Concurrent Cleanup for Next Mark
[2021-01-05T15:22:11.556-0400][gc,marking     ] GC(71) Concurrent Cleanup for Next Mark 2.211ms
[2021-01-05T15:22:11.556-0400][gc             ] GC(71) Concurrent Cycle 580.446ms
[2021-01-05T15:22:18.526-0400][gc,heap        ] GC(72) Heap before GC invocations=72 (full 1): garbage-first heap   total 63488K, used 43198K [0x0000000083000000, 0x0000000100000000)
[2021-01-05T15:22:18.527-0400][gc,heap        ] GC(72)   region size 1024K, 12 young (12288K), 2 survivors (2048K)
[2021-01-05T15:22:18.527-0400][gc,heap        ] GC(72)  Metaspace       used 35562K, capacity 37942K, committed 38528K, reserved 1083392K
[2021-01-05T15:22:18.527-0400][gc,heap        ] GC(72)   class space    used 3945K, capacity 4833K, committed 4992K, reserved 1048576K
[2021-01-05T15:22:18.527-0400][gc,start       ] GC(72) Pause Young (Normal) (G1 Evacuation Pause)
[2021-01-05T15:22:18.527-0400][gc,task        ] GC(72) Using 4 workers of 4 for evacuation
[2021-01-05T15:22:18.538-0400][gc,phases      ] GC(72)   Pre Evacuate Collection Set: 0.0ms
[2021-01-05T15:22:18.539-0400][gc,phases      ] GC(72)   Evacuate Collection Set: 9.0ms
[2021-01-05T15:22:18.539-0400][gc,phases      ] GC(72)   Post Evacuate Collection Set: 2.0ms
[2021-01-05T15:22:18.539-0400][gc,phases      ] GC(72)   Other: 0.9ms
[2021-01-05T15:22:18.539-0400][gc,heap        ] GC(72) Eden regions: 10->0(11)
[2021-01-05T15:22:18.539-0400][gc,heap        ] GC(72) Survivor regions: 2->1(2)
[2021-01-05T15:22:18.539-0400][gc,heap        ] GC(72) Old regions: 31->31
[2021-01-05T15:22:18.539-0400][gc,heap        ] GC(72) Humongous regions: 4->4
[2021-01-05T15:22:18.539-0400][gc,metaspace   ] GC(72) Metaspace: 35562K->35562K(1083392K)
[2021-01-05T15:22:18.539-0400][gc,heap        ] GC(72) Heap after GC invocations=73 (full 1): garbage-first heap   total 63488K, used 33607K [0x0000000083000000, 0x0000000100000000)
[2021-01-05T15:22:18.539-0400][gc,heap        ] GC(72)   region size 1024K, 1 young (1024K), 1 survivors (1024K)
[2021-01-05T15:22:18.539-0400][gc,heap        ] GC(72)  Metaspace       used 35562K, capacity 37942K, committed 38528K, reserved 1083392K
[2021-01-05T15:22:18.539-0400][gc,heap        ] GC(72)   class space    used 3945K, capacity 4833K, committed 4992K, reserved 1048576K
[2021-01-05T15:22:18.539-0400][gc             ] GC(72) Pause Young (Normal) (G1 Evacuation Pause) 43M->32M(62M) 12.449ms
[2021-01-05T15:22:18.539-0400][gc,cpu         ] GC(72) User=0.03s Sys=0.01s Real=0.01s
[2021-01-05T15:22:22.558-0400][gc,heap        ] GC(73) Heap before GC invocations=73 (full 1): garbage-first heap   total 63488K, used 43847K [0x0000000083000000, 0x0000000100000000)
[2021-01-05T15:22:22.558-0400][gc,heap        ] GC(73)   region size 1024K, 12 young (12288K), 1 survivors (1024K)
[2021-01-05T15:22:22.558-0400][gc,heap        ] GC(73)  Metaspace       used 35614K, capacity 38014K, committed 38528K, reserved 1083392K
[2021-01-05T15:22:22.558-0400][gc,heap        ] GC(73)   class space    used 3945K, capacity 4833K, committed 4992K, reserved 1048576K
[2021-01-05T15:22:22.559-0400][gc,start       ] GC(73) Pause Young (Concurrent Start) (G1 Evacuation Pause)
[2021-01-05T15:22:22.559-0400][gc,task        ] GC(73) Using 4 workers of 4 for evacuation
[2021-01-05T15:22:22.577-0400][gc,phases      ] GC(73)   Pre Evacuate Collection Set: 0.5ms
[2021-01-05T15:22:22.578-0400][gc,phases      ] GC(73)   Evacuate Collection Set: 14.8ms
[2021-01-05T15:22:22.578-0400][gc,phases      ] GC(73)   Post Evacuate Collection Set: 2.7ms
[2021-01-05T15:22:22.578-0400][gc,phases      ] GC(73)   Other: 1.4ms
[2021-01-05T15:22:22.578-0400][gc,heap        ] GC(73) Eden regions: 11->0(11)
[2021-01-05T15:22:22.578-0400][gc,heap        ] GC(73) Survivor regions: 1->2(2)
[2021-01-05T15:22:22.578-0400][gc,heap        ] GC(73) Old regions: 31->31
[2021-01-05T15:22:22.578-0400][gc,heap        ] GC(73) Humongous regions: 4->4
[2021-01-05T15:22:22.578-0400][gc,metaspace   ] GC(73) Metaspace: 35614K->35614K(1083392K)
[2021-01-05T15:22:22.578-0400][gc,heap        ] GC(73) Heap after GC invocations=74 (full 1): garbage-first heap   total 63488K, used 34070K [0x0000000083000000, 0x0000000100000000)
[2021-01-05T15:22:22.578-0400][gc,heap        ] GC(73)   region size 1024K, 2 young (2048K), 2 survivors (2048K)
[2021-01-05T15:22:22.578-0400][gc,heap        ] GC(73)  Metaspace       used 35614K, capacity 38014K, committed 38528K, reserved 1083392K
[2021-01-05T15:22:22.578-0400][gc,heap        ] GC(73)   class space    used 3945K, capacity 4833K, committed 4992K, reserved 1048576K
[2021-01-05T15:22:22.579-0400][gc             ] GC(73) Pause Young (Concurrent Start) (G1 Evacuation Pause) 43M->33M(62M) 19.957ms
[2021-01-05T15:22:22.579-0400][gc,cpu         ] GC(73) User=0.05s Sys=0.01s Real=0.02s
[2021-01-05T15:22:22.582-0400][gc             ] GC(74) Concurrent Cycle
[2021-01-05T15:22:22.582-0400][gc,marking     ] GC(74) Concurrent Clear Claimed Marks
[2021-01-05T15:22:22.583-0400][gc,marking     ] GC(74) Concurrent Clear Claimed Marks 0.505ms
[2021-01-05T15:22:22.583-0400][gc,marking     ] GC(74) Concurrent Scan Root Regions
[2021-01-05T15:22:22.590-0400][gc,marking     ] GC(74) Concurrent Scan Root Regions 7.291ms
[2021-01-05T15:22:22.590-0400][gc,marking     ] GC(74) Concurrent Mark (116.077s)
[2021-01-05T15:22:22.590-0400][gc,marking     ] GC(74) Concurrent Mark From Roots
[2021-01-05T15:22:22.590-0400][gc,task        ] GC(74) Using 1 workers of 1 for marking
[2021-01-05T15:22:22.917-0400][gc,marking     ] GC(74) Concurrent Mark From Roots 326.632ms
[2021-01-05T15:22:22.917-0400][gc,marking     ] GC(74) Concurrent Preclean
[2021-01-05T15:22:22.918-0400][gc,marking     ] GC(74) Concurrent Preclean 0.399ms
[2021-01-05T15:22:22.918-0400][gc,marking     ] GC(74) Concurrent Mark (116.077s, 116.405s) 327.460ms
[2021-01-05T15:22:22.919-0400][gc,start       ] GC(74) Pause Remark
[2021-01-05T15:22:22.945-0400][gc,stringtable ] GC(74) Cleaned string and symbol table, strings: 19795 processed, 2 removed, symbols: 86338 processed, 0 removed
[2021-01-05T15:22:22.946-0400][gc             ] GC(74) Pause Remark 34M->34M(62M) 27.283ms
[2021-01-05T15:22:22.946-0400][gc,cpu         ] GC(74) User=0.10s Sys=0.01s Real=0.03s
[2021-01-05T15:22:22.948-0400][gc,marking     ] GC(74) Concurrent Rebuild Remembered Sets
[2021-01-05T15:22:23.123-0400][gc,marking     ] GC(74) Concurrent Rebuild Remembered Sets 174.888ms
[2021-01-05T15:22:23.124-0400][gc,start       ] GC(74) Pause Cleanup
[2021-01-05T15:22:23.124-0400][gc             ] GC(74) Pause Cleanup 34M->34M(62M) 0.489ms
[2021-01-05T15:22:23.124-0400][gc,cpu         ] GC(74) User=0.00s Sys=0.00s Real=0.00s
[2021-01-05T15:22:23.124-0400][gc,marking     ] GC(74) Concurrent Cleanup for Next Mark
[2021-01-05T15:22:23.125-0400][gc,marking     ] GC(74) Concurrent Cleanup for Next Mark 0.880ms
[2021-01-05T15:22:23.125-0400][gc             ] GC(74) Concurrent Cycle 543.459ms
[2021-01-05T15:22:32.859-0400][gc,heap        ] GC(75) Heap before GC invocations=75 (full 1): garbage-first heap   total 63488K, used 44310K [0x0000000083000000, 0x0000000100000000)
[2021-01-05T15:22:32.859-0400][gc,heap        ] GC(75)   region size 1024K, 13 young (13312K), 2 survivors (2048K)
[2021-01-05T15:22:32.859-0400][gc,heap        ] GC(75)  Metaspace       used 35655K, capacity 38084K, committed 38528K, reserved 1083392K
[2021-01-05T15:22:32.859-0400][gc,heap        ] GC(75)   class space    used 3945K, capacity 4833K, committed 4992K, reserved 1048576K
[2021-01-05T15:22:32.859-0400][gc,start       ] GC(75) Pause Young (Normal) (G1 Evacuation Pause)
[2021-01-05T15:22:32.859-0400][gc,task        ] GC(75) Using 4 workers of 4 for evacuation
[2021-01-05T15:22:32.868-0400][gc,phases      ] GC(75)   Pre Evacuate Collection Set: 0.1ms
[2021-01-05T15:22:32.869-0400][gc,phases      ] GC(75)   Evacuate Collection Set: 6.7ms
[2021-01-05T15:22:32.869-0400][gc,phases      ] GC(75)   Post Evacuate Collection Set: 1.8ms
[2021-01-05T15:22:32.869-0400][gc,phases      ] GC(75)   Other: 0.9ms
[2021-01-05T15:22:32.869-0400][gc,heap        ] GC(75) Eden regions: 11->0(12)
[2021-01-05T15:22:32.869-0400][gc,heap        ] GC(75) Survivor regions: 2->1(2)
[2021-01-05T15:22:32.869-0400][gc,heap        ] GC(75) Old regions: 31->31
[2021-01-05T15:22:32.869-0400][gc,heap        ] GC(75) Humongous regions: 4->4
[2021-01-05T15:22:32.869-0400][gc,metaspace   ] GC(75) Metaspace: 35655K->35655K(1083392K)
[2021-01-05T15:22:32.869-0400][gc,heap        ] GC(75) Heap after GC invocations=76 (full 1): garbage-first heap   total 63488K, used 34091K [0x0000000083000000, 0x0000000100000000)
[2021-01-05T15:22:32.869-0400][gc,heap        ] GC(75)   region size 1024K, 1 young (1024K), 1 survivors (1024K)
[2021-01-05T15:22:32.869-0400][gc,heap        ] GC(75)  Metaspace       used 35655K, capacity 38084K, committed 38528K, reserved 1083392K
[2021-01-05T15:22:32.869-0400][gc,heap        ] GC(75)   class space    used 3945K, capacity 4833K, committed 4992K, reserved 1048576K
[2021-01-05T15:22:32.869-0400][gc             ] GC(75) Pause Young (Normal) (G1 Evacuation Pause) 44M->33M(62M) 9.936ms
[2021-01-05T15:22:32.869-0400][gc,cpu         ] GC(75) User=0.03s Sys=0.00s Real=0.01s
[2021-01-05T15:22:40.415-0400][gc,heap        ] GC(76) Heap before GC invocations=76 (full 1): garbage-first heap   total 63488K, used 45355K [0x0000000083000000, 0x0000000100000000)
[2021-01-05T15:22:40.415-0400][gc,heap        ] GC(76)   region size 1024K, 13 young (13312K), 1 survivors (1024K)
[2021-01-05T15:22:40.415-0400][gc,heap        ] GC(76)  Metaspace       used 35720K, capacity 38089K, committed 38528K, reserved 1083392K
[2021-01-05T15:22:40.415-0400][gc,heap        ] GC(76)   class space    used 3945K, capacity 4833K, committed 4992K, reserved 1048576K
[2021-01-05T15:22:40.415-0400][gc,start       ] GC(76) Pause Young (Concurrent Start) (G1 Evacuation Pause)
[2021-01-05T15:22:40.415-0400][gc,task        ] GC(76) Using 4 workers of 4 for evacuation
[2021-01-05T15:22:40.425-0400][gc,phases      ] GC(76)   Pre Evacuate Collection Set: 0.3ms
[2021-01-05T15:22:40.425-0400][gc,phases      ] GC(76)   Evacuate Collection Set: 7.0ms
[2021-01-05T15:22:40.425-0400][gc,phases      ] GC(76)   Post Evacuate Collection Set: 1.8ms
[2021-01-05T15:22:40.425-0400][gc,phases      ] GC(76)   Other: 1.0ms
[2021-01-05T15:22:40.425-0400][gc,heap        ] GC(76) Eden regions: 12->0(13)
[2021-01-05T15:22:40.425-0400][gc,heap        ] GC(76) Survivor regions: 1->1(2)
[2021-01-05T15:22:40.425-0400][gc,heap        ] GC(76) Old regions: 31->31
[2021-01-05T15:22:40.425-0400][gc,heap        ] GC(76) Humongous regions: 4->4
[2021-01-05T15:22:40.425-0400][gc,metaspace   ] GC(76) Metaspace: 35720K->35720K(1083392K)
[2021-01-05T15:22:40.425-0400][gc,heap        ] GC(76) Heap after GC invocations=77 (full 1): garbage-first heap   total 63488K, used 34065K [0x0000000083000000, 0x0000000100000000)
[2021-01-05T15:22:40.425-0400][gc,heap        ] GC(76)   region size 1024K, 1 young (1024K), 1 survivors (1024K)
[2021-01-05T15:22:40.425-0400][gc,heap        ] GC(76)  Metaspace       used 35720K, capacity 38089K, committed 38528K, reserved 1083392K
[2021-01-05T15:22:40.425-0400][gc,heap        ] GC(76)   class space    used 3945K, capacity 4833K, committed 4992K, reserved 1048576K
[2021-01-05T15:22:40.426-0400][gc             ] GC(76) Pause Young (Concurrent Start) (G1 Evacuation Pause) 45M->33M(62M) 10.544ms
[2021-01-05T15:22:40.426-0400][gc,cpu         ] GC(76) User=0.03s Sys=0.01s Real=0.02s
[2021-01-05T15:22:40.426-0400][gc             ] GC(77) Concurrent Cycle
[2021-01-05T15:22:40.426-0400][gc,marking     ] GC(77) Concurrent Clear Claimed Marks
[2021-01-05T15:22:40.426-0400][gc,marking     ] GC(77) Concurrent Clear Claimed Marks 0.412ms
[2021-01-05T15:22:40.427-0400][gc,marking     ] GC(77) Concurrent Scan Root Regions
[2021-01-05T15:22:40.434-0400][gc,marking     ] GC(77) Concurrent Scan Root Regions 7.320ms
[2021-01-05T15:22:40.434-0400][gc,marking     ] GC(77) Concurrent Mark (133.921s)
[2021-01-05T15:22:40.434-0400][gc,marking     ] GC(77) Concurrent Mark From Roots
[2021-01-05T15:22:40.434-0400][gc,task        ] GC(77) Using 1 workers of 1 for marking
[2021-01-05T15:22:40.648-0400][gc,marking     ] GC(77) Concurrent Mark From Roots 213.484ms
[2021-01-05T15:22:40.648-0400][gc,marking     ] GC(77) Concurrent Preclean
[2021-01-05T15:22:40.648-0400][gc,marking     ] GC(77) Concurrent Preclean 0.247ms
[2021-01-05T15:22:40.648-0400][gc,marking     ] GC(77) Concurrent Mark (133.921s, 134.135s) 214.000ms
[2021-01-05T15:22:40.649-0400][gc,start       ] GC(77) Pause Remark
[2021-01-05T15:22:40.673-0400][gc,stringtable ] GC(77) Cleaned string and symbol table, strings: 19857 processed, 0 removed, symbols: 86338 processed, 0 removed
[2021-01-05T15:22:40.674-0400][gc             ] GC(77) Pause Remark 33M->33M(62M) 25.223ms
[2021-01-05T15:22:40.674-0400][gc,cpu         ] GC(77) User=0.09s Sys=0.00s Real=0.02s
[2021-01-05T15:22:40.675-0400][gc,marking     ] GC(77) Concurrent Rebuild Remembered Sets
[2021-01-05T15:22:40.799-0400][gc,marking     ] GC(77) Concurrent Rebuild Remembered Sets 124.549ms
[2021-01-05T15:22:40.800-0400][gc,start       ] GC(77) Pause Cleanup
[2021-01-05T15:22:40.800-0400][gc             ] GC(77) Pause Cleanup 34M->34M(62M) 0.413ms
[2021-01-05T15:22:40.800-0400][gc,cpu         ] GC(77) User=0.00s Sys=0.00s Real=0.00s
[2021-01-05T15:22:40.801-0400][gc,marking     ] GC(77) Concurrent Cleanup for Next Mark
[2021-01-05T15:22:40.802-0400][gc,marking     ] GC(77) Concurrent Cleanup for Next Mark 1.114ms
[2021-01-05T15:22:40.802-0400][gc             ] GC(77) Concurrent Cycle 375.994ms
[2021-01-05T15:22:47.090-0400][gc,heap        ] GC(78) Heap before GC invocations=78 (full 1): garbage-first heap   total 63488K, used 46353K [0x0000000083000000, 0x0000000100000000)
[2021-01-05T15:22:47.090-0400][gc,heap        ] GC(78)   region size 1024K, 14 young (14336K), 1 survivors (1024K)
[2021-01-05T15:22:47.091-0400][gc,heap        ] GC(78)  Metaspace       used 35773K, capacity 38205K, committed 38784K, reserved 1083392K
[2021-01-05T15:22:47.091-0400][gc,heap        ] GC(78)   class space    used 3952K, capacity 4845K, committed 4992K, reserved 1048576K
[2021-01-05T15:22:47.091-0400][gc,start       ] GC(78) Pause Young (Normal) (G1 Evacuation Pause)
[2021-01-05T15:22:47.091-0400][gc,task        ] GC(78) Using 4 workers of 4 for evacuation
[2021-01-05T15:22:47.099-0400][gc,phases      ] GC(78)   Pre Evacuate Collection Set: 0.0ms
[2021-01-05T15:22:47.099-0400][gc,phases      ] GC(78)   Evacuate Collection Set: 6.2ms
[2021-01-05T15:22:47.099-0400][gc,phases      ] GC(78)   Post Evacuate Collection Set: 1.6ms
[2021-01-05T15:22:47.099-0400][gc,phases      ] GC(78)   Other: 0.9ms
[2021-01-05T15:22:47.099-0400][gc,heap        ] GC(78) Eden regions: 13->0(12)
[2021-01-05T15:22:47.100-0400][gc,heap        ] GC(78) Survivor regions: 1->2(2)
[2021-01-05T15:22:47.100-0400][gc,heap        ] GC(78) Old regions: 31->31
[2021-01-05T15:22:47.100-0400][gc,heap        ] GC(78) Humongous regions: 4->4
[2021-01-05T15:22:47.100-0400][gc,metaspace   ] GC(78) Metaspace: 35773K->35773K(1083392K)
[2021-01-05T15:22:47.100-0400][gc,heap        ] GC(78) Heap after GC invocations=79 (full 1): garbage-first heap   total 63488K, used 34264K [0x0000000083000000, 0x0000000100000000)
[2021-01-05T15:22:47.100-0400][gc,heap        ] GC(78)   region size 1024K, 2 young (2048K), 2 survivors (2048K)
[2021-01-05T15:22:47.100-0400][gc,heap        ] GC(78)  Metaspace       used 35773K, capacity 38205K, committed 38784K, reserved 1083392K
[2021-01-05T15:22:47.100-0400][gc,heap        ] GC(78)   class space    used 3952K, capacity 4845K, committed 4992K, reserved 1048576K
[2021-01-05T15:22:47.100-0400][gc             ] GC(78) Pause Young (Normal) (G1 Evacuation Pause) 46M->33M(62M) 9.185ms
[2021-01-05T15:22:47.100-0400][gc,cpu         ] GC(78) User=0.02s Sys=0.00s Real=0.01s
[2021-01-05T15:22:55.574-0400][gc,heap        ] GC(79) Heap before GC invocations=79 (full 1): garbage-first heap   total 63488K, used 45528K [0x0000000083000000, 0x0000000100000000)
[2021-01-05T15:22:55.574-0400][gc,heap        ] GC(79)   region size 1024K, 14 young (14336K), 2 survivors (2048K)
[2021-01-05T15:22:55.574-0400][gc,heap        ] GC(79)  Metaspace       used 35800K, capacity 38269K, committed 38784K, reserved 1083392K
[2021-01-05T15:22:55.574-0400][gc,heap        ] GC(79)   class space    used 3952K, capacity 4845K, committed 4992K, reserved 1048576K
[2021-01-05T15:22:55.574-0400][gc,start       ] GC(79) Pause Young (Concurrent Start) (G1 Evacuation Pause)
[2021-01-05T15:22:55.574-0400][gc,task        ] GC(79) Using 4 workers of 4 for evacuation
[2021-01-05T15:22:55.584-0400][gc,phases      ] GC(79)   Pre Evacuate Collection Set: 0.3ms
[2021-01-05T15:22:55.584-0400][gc,phases      ] GC(79)   Evacuate Collection Set: 7.4ms
[2021-01-05T15:22:55.584-0400][gc,phases      ] GC(79)   Post Evacuate Collection Set: 1.5ms
[2021-01-05T15:22:55.584-0400][gc,phases      ] GC(79)   Other: 1.0ms
[2021-01-05T15:22:55.584-0400][gc,heap        ] GC(79) Eden regions: 12->0(13)
[2021-01-05T15:22:55.584-0400][gc,heap        ] GC(79) Survivor regions: 2->1(2)
[2021-01-05T15:22:55.584-0400][gc,heap        ] GC(79) Old regions: 31->32
[2021-01-05T15:22:55.584-0400][gc,heap        ] GC(79) Humongous regions: 4->4
[2021-01-05T15:22:55.584-0400][gc,metaspace   ] GC(79) Metaspace: 35800K->35800K(1083392K)
[2021-01-05T15:22:55.584-0400][gc,heap        ] GC(79) Heap after GC invocations=80 (full 1): garbage-first heap   total 63488K, used 34351K [0x0000000083000000, 0x0000000100000000)
[2021-01-05T15:22:55.584-0400][gc,heap        ] GC(79)   region size 1024K, 1 young (1024K), 1 survivors (1024K)
[2021-01-05T15:22:55.584-0400][gc,heap        ] GC(79)  Metaspace       used 35800K, capacity 38269K, committed 38784K, reserved 1083392K
[2021-01-05T15:22:55.585-0400][gc,heap        ] GC(79)   class space    used 3952K, capacity 4845K, committed 4992K, reserved 1048576K
[2021-01-05T15:22:55.585-0400][gc             ] GC(79) Pause Young (Concurrent Start) (G1 Evacuation Pause) 45M->33M(62M) 10.504ms
[2021-01-05T15:22:55.585-0400][gc,cpu         ] GC(79) User=0.03s Sys=0.00s Real=0.01s
[2021-01-05T15:22:55.586-0400][gc             ] GC(80) Concurrent Cycle
[2021-01-05T15:22:55.586-0400][gc,marking     ] GC(80) Concurrent Clear Claimed Marks
[2021-01-05T15:22:55.587-0400][gc,marking     ] GC(80) Concurrent Clear Claimed Marks 0.640ms
[2021-01-05T15:22:55.587-0400][gc,marking     ] GC(80) Concurrent Scan Root Regions
[2021-01-05T15:22:55.595-0400][gc,marking     ] GC(80) Concurrent Scan Root Regions 7.405ms
[2021-01-05T15:22:55.595-0400][gc,marking     ] GC(80) Concurrent Mark (149.082s)
[2021-01-05T15:22:55.595-0400][gc,marking     ] GC(80) Concurrent Mark From Roots
[2021-01-05T15:22:55.595-0400][gc,task        ] GC(80) Using 1 workers of 1 for marking
[2021-01-05T15:22:55.804-0400][gc,marking     ] GC(80) Concurrent Mark From Roots 208.919ms
[2021-01-05T15:22:55.804-0400][gc,marking     ] GC(80) Concurrent Preclean
[2021-01-05T15:22:55.804-0400][gc,marking     ] GC(80) Concurrent Preclean 0.239ms
[2021-01-05T15:22:55.804-0400][gc,marking     ] GC(80) Concurrent Mark (149.082s, 149.291s) 209.354ms
[2021-01-05T15:22:55.805-0400][gc,start       ] GC(80) Pause Remark
[2021-01-05T15:22:55.830-0400][gc,stringtable ] GC(80) Cleaned string and symbol table, strings: 19898 processed, 0 removed, symbols: 86338 processed, 0 removed
[2021-01-05T15:22:55.831-0400][gc             ] GC(80) Pause Remark 33M->33M(62M) 25.739ms
[2021-01-05T15:22:55.831-0400][gc,cpu         ] GC(80) User=0.09s Sys=0.00s Real=0.03s
[2021-01-05T15:22:55.831-0400][gc,marking     ] GC(80) Concurrent Rebuild Remembered Sets
[2021-01-05T15:22:55.949-0400][gc,marking     ] GC(80) Concurrent Rebuild Remembered Sets 118.060ms
[2021-01-05T15:22:55.950-0400][gc,start       ] GC(80) Pause Cleanup
[2021-01-05T15:22:55.950-0400][gc             ] GC(80) Pause Cleanup 33M->33M(62M) 0.399ms
[2021-01-05T15:22:55.951-0400][gc,cpu         ] GC(80) User=0.00s Sys=0.00s Real=0.00s
[2021-01-05T15:22:55.951-0400][gc,marking     ] GC(80) Concurrent Cleanup for Next Mark
[2021-01-05T15:22:55.952-0400][gc,marking     ] GC(80) Concurrent Cleanup for Next Mark 0.906ms
[2021-01-05T15:22:55.952-0400][gc             ] GC(80) Concurrent Cycle 365.553ms
[2021-01-05T15:23:04.497-0400][gc,heap        ] GC(81) Heap before GC invocations=81 (full 1): garbage-first heap   total 63488K, used 46639K [0x0000000083000000, 0x0000000100000000)
[2021-01-05T15:23:04.497-0400][gc,heap        ] GC(81)   region size 1024K, 14 young (14336K), 1 survivors (1024K)
[2021-01-05T15:23:04.497-0400][gc,heap        ] GC(81)  Metaspace       used 35867K, capacity 38278K, committed 38784K, reserved 1083392K
[2021-01-05T15:23:04.497-0400][gc,heap        ] GC(81)   class space    used 3953K, capacity 4845K, committed 4992K, reserved 1048576K
[2021-01-05T15:23:04.497-0400][gc,start       ] GC(81) Pause Young (Normal) (G1 Evacuation Pause)
[2021-01-05T15:23:04.497-0400][gc,task        ] GC(81) Using 4 workers of 4 for evacuation
[2021-01-05T15:23:04.509-0400][gc,phases      ] GC(81)   Pre Evacuate Collection Set: 0.0ms
[2021-01-05T15:23:04.509-0400][gc,phases      ] GC(81)   Evacuate Collection Set: 8.4ms
[2021-01-05T15:23:04.509-0400][gc,phases      ] GC(81)   Post Evacuate Collection Set: 2.5ms
[2021-01-05T15:23:04.509-0400][gc,phases      ] GC(81)   Other: 0.9ms
[2021-01-05T15:23:04.509-0400][gc,heap        ] GC(81) Eden regions: 13->0(12)
[2021-01-05T15:23:04.509-0400][gc,heap        ] GC(81) Survivor regions: 1->2(2)
[2021-01-05T15:23:04.509-0400][gc,heap        ] GC(81) Old regions: 32->32
[2021-01-05T15:23:04.509-0400][gc,heap        ] GC(81) Humongous regions: 4->4
[2021-01-05T15:23:04.509-0400][gc,metaspace   ] GC(81) Metaspace: 35867K->35867K(1083392K)
[2021-01-05T15:23:04.509-0400][gc,heap        ] GC(81) Heap after GC invocations=82 (full 1): garbage-first heap   total 63488K, used 35030K [0x0000000083000000, 0x0000000100000000)
[2021-01-05T15:23:04.509-0400][gc,heap        ] GC(81)   region size 1024K, 2 young (2048K), 2 survivors (2048K)
[2021-01-05T15:23:04.509-0400][gc,heap        ] GC(81)  Metaspace       used 35867K, capacity 38278K, committed 38784K, reserved 1083392K
[2021-01-05T15:23:04.509-0400][gc,heap        ] GC(81)   class space    used 3953K, capacity 4845K, committed 4992K, reserved 1048576K
[2021-01-05T15:23:04.510-0400][gc             ] GC(81) Pause Young (Normal) (G1 Evacuation Pause) 46M->34M(62M) 12.194ms
[2021-01-05T15:23:04.510-0400][gc,cpu         ] GC(81) User=0.04s Sys=0.01s Real=0.01s
[2021-01-05T15:23:16.669-0400][gc,heap        ] GC(82) Heap before GC invocations=82 (full 1): garbage-first heap   total 63488K, used 46294K [0x0000000083000000, 0x0000000100000000)
[2021-01-05T15:23:16.669-0400][gc,heap        ] GC(82)   region size 1024K, 14 young (14336K), 2 survivors (2048K)
[2021-01-05T15:23:16.669-0400][gc,heap        ] GC(82)  Metaspace       used 35956K, capacity 38351K, committed 38784K, reserved 1083392K
[2021-01-05T15:23:16.670-0400][gc,heap        ] GC(82)   class space    used 3953K, capacity 4845K, committed 4992K, reserved 1048576K
[2021-01-05T15:23:16.670-0400][gc,start       ] GC(82) Pause Young (Concurrent Start) (G1 Evacuation Pause)
[2021-01-05T15:23:16.670-0400][gc,task        ] GC(82) Using 4 workers of 4 for evacuation
[2021-01-05T15:23:16.681-0400][gc,phases      ] GC(82)   Pre Evacuate Collection Set: 0.3ms
[2021-01-05T15:23:16.681-0400][gc,phases      ] GC(82)   Evacuate Collection Set: 8.5ms
[2021-01-05T15:23:16.681-0400][gc,phases      ] GC(82)   Post Evacuate Collection Set: 1.8ms
[2021-01-05T15:23:16.681-0400][gc,phases      ] GC(82)   Other: 1.3ms
[2021-01-05T15:23:16.681-0400][gc,heap        ] GC(82) Eden regions: 12->0(13)
[2021-01-05T15:23:16.681-0400][gc,heap        ] GC(82) Survivor regions: 2->1(2)
[2021-01-05T15:23:16.682-0400][gc,heap        ] GC(82) Old regions: 32->32
[2021-01-05T15:23:16.682-0400][gc,heap        ] GC(82) Humongous regions: 4->4
[2021-01-05T15:23:16.682-0400][gc,metaspace   ] GC(82) Metaspace: 35956K->35956K(1083392K)
[2021-01-05T15:23:16.682-0400][gc,heap        ] GC(82) Heap after GC invocations=83 (full 1): garbage-first heap   total 63488K, used 34890K [0x0000000083000000, 0x0000000100000000)
[2021-01-05T15:23:16.682-0400][gc,heap        ] GC(82)   region size 1024K, 1 young (1024K), 1 survivors (1024K)
[2021-01-05T15:23:16.682-0400][gc,heap        ] GC(82)  Metaspace       used 35956K, capacity 38351K, committed 38784K, reserved 1083392K
[2021-01-05T15:23:16.682-0400][gc,heap        ] GC(82)   class space    used 3953K, capacity 4845K, committed 4992K, reserved 1048576K
[2021-01-05T15:23:16.682-0400][gc             ] GC(82) Pause Young (Concurrent Start) (G1 Evacuation Pause) 46M->34M(62M) 12.108ms
[2021-01-05T15:23:16.682-0400][gc,cpu         ] GC(82) User=0.03s Sys=0.01s Real=0.01s
[2021-01-05T15:23:16.682-0400][gc             ] GC(83) Concurrent Cycle
[2021-01-05T15:23:16.683-0400][gc,marking     ] GC(83) Concurrent Clear Claimed Marks
[2021-01-05T15:23:16.683-0400][gc,marking     ] GC(83) Concurrent Clear Claimed Marks 0.437ms
[2021-01-05T15:23:16.683-0400][gc,marking     ] GC(83) Concurrent Scan Root Regions
[2021-01-05T15:23:16.688-0400][gc,marking     ] GC(83) Concurrent Scan Root Regions 4.524ms
[2021-01-05T15:23:16.688-0400][gc,marking     ] GC(83) Concurrent Mark (170.175s)
[2021-01-05T15:23:16.688-0400][gc,marking     ] GC(83) Concurrent Mark From Roots
[2021-01-05T15:23:16.688-0400][gc,task        ] GC(83) Using 1 workers of 1 for marking
[2021-01-05T15:23:16.893-0400][gc,marking     ] GC(83) Concurrent Mark From Roots 205.388ms
[2021-01-05T15:23:16.893-0400][gc,marking     ] GC(83) Concurrent Preclean
[2021-01-05T15:23:16.894-0400][gc,marking     ] GC(83) Concurrent Preclean 0.301ms
[2021-01-05T15:23:16.894-0400][gc,marking     ] GC(83) Concurrent Mark (170.175s, 170.381s) 205.921ms
[2021-01-05T15:23:16.895-0400][gc,start       ] GC(83) Pause Remark
[2021-01-05T15:23:16.920-0400][gc,stringtable ] GC(83) Cleaned string and symbol table, strings: 20056 processed, 0 removed, symbols: 86347 processed, 0 removed
[2021-01-05T15:23:16.920-0400][gc             ] GC(83) Pause Remark 34M->34M(62M) 25.876ms
[2021-01-05T15:23:16.921-0400][gc,cpu         ] GC(83) User=0.09s Sys=0.00s Real=0.03s
[2021-01-05T15:23:16.921-0400][gc,marking     ] GC(83) Concurrent Rebuild Remembered Sets
[2021-01-05T15:23:17.045-0400][gc,marking     ] GC(83) Concurrent Rebuild Remembered Sets 123.453ms
[2021-01-05T15:23:17.045-0400][gc,start       ] GC(83) Pause Cleanup
[2021-01-05T15:23:17.046-0400][gc             ] GC(83) Pause Cleanup 34M->34M(62M) 0.531ms
[2021-01-05T15:23:17.046-0400][gc,cpu         ] GC(83) User=0.00s Sys=0.00s Real=0.01s
[2021-01-05T15:23:17.046-0400][gc,marking     ] GC(83) Concurrent Cleanup for Next Mark
[2021-01-05T15:23:17.047-0400][gc,marking     ] GC(83) Concurrent Cleanup for Next Mark 0.981ms
[2021-01-05T15:23:17.047-0400][gc             ] GC(83) Concurrent Cycle 365.249ms
[2021-01-05T15:23:32.410-0400][gc,heap        ] GC(84) Heap before GC invocations=84 (full 1): garbage-first heap   total 63488K, used 47178K [0x0000000083000000, 0x0000000100000000)
[2021-01-05T15:23:32.410-0400][gc,heap        ] GC(84)   region size 1024K, 14 young (14336K), 1 survivors (1024K)
[2021-01-05T15:23:32.410-0400][gc,heap        ] GC(84)  Metaspace       used 35987K, capacity 38415K, committed 38784K, reserved 1083392K
[2021-01-05T15:23:32.410-0400][gc,heap        ] GC(84)   class space    used 3953K, capacity 4845K, committed 4992K, reserved 1048576K
[2021-01-05T15:23:32.410-0400][gc,start       ] GC(84) Pause Young (Normal) (G1 Evacuation Pause)
[2021-01-05T15:23:32.410-0400][gc,task        ] GC(84) Using 4 workers of 4 for evacuation
[2021-01-05T15:23:32.419-0400][gc,phases      ] GC(84)   Pre Evacuate Collection Set: 0.0ms
[2021-01-05T15:23:32.420-0400][gc,phases      ] GC(84)   Evacuate Collection Set: 6.5ms
[2021-01-05T15:23:32.420-0400][gc,phases      ] GC(84)   Post Evacuate Collection Set: 1.9ms
[2021-01-05T15:23:32.420-0400][gc,phases      ] GC(84)   Other: 1.0ms
[2021-01-05T15:23:32.420-0400][gc,heap        ] GC(84) Eden regions: 13->0(13)
[2021-01-05T15:23:32.420-0400][gc,heap        ] GC(84) Survivor regions: 1->2(2)
[2021-01-05T15:23:32.420-0400][gc,heap        ] GC(84) Old regions: 32->32
[2021-01-05T15:23:32.420-0400][gc,heap        ] GC(84) Humongous regions: 4->4
[2021-01-05T15:23:32.420-0400][gc,metaspace   ] GC(84) Metaspace: 35987K->35987K(1083392K)
[2021-01-05T15:23:32.420-0400][gc,heap        ] GC(84) Heap after GC invocations=85 (full 1): garbage-first heap   total 63488K, used 35020K [0x0000000083000000, 0x0000000100000000)
[2021-01-05T15:23:32.420-0400][gc,heap        ] GC(84)   region size 1024K, 2 young (2048K), 2 survivors (2048K)
[2021-01-05T15:23:32.420-0400][gc,heap        ] GC(84)  Metaspace       used 35987K, capacity 38415K, committed 38784K, reserved 1083392K
[2021-01-05T15:23:32.420-0400][gc,heap        ] GC(84)   class space    used 3953K, capacity 4845K, committed 4992K, reserved 1048576K
[2021-01-05T15:23:32.420-0400][gc             ] GC(84) Pause Young (Normal) (G1 Evacuation Pause) 47M->34M(62M) 9.830ms
[2021-01-05T15:23:32.420-0400][gc,cpu         ] GC(84) User=0.03s Sys=0.00s Real=0.01s
[2021-01-05T15:23:45.935-0400][gc,heap        ] GC(85) Heap before GC invocations=85 (full 1): garbage-first heap   total 63488K, used 48332K [0x0000000083000000, 0x0000000100000000)
[2021-01-05T15:23:45.935-0400][gc,heap        ] GC(85)   region size 1024K, 15 young (15360K), 2 survivors (2048K)
[2021-01-05T15:23:45.935-0400][gc,heap        ] GC(85)  Metaspace       used 36023K, capacity 38511K, committed 39040K, reserved 1083392K
[2021-01-05T15:23:45.935-0400][gc,heap        ] GC(85)   class space    used 3955K, capacity 4877K, committed 4992K, reserved 1048576K
[2021-01-05T15:23:45.935-0400][gc,start       ] GC(85) Pause Young (Concurrent Start) (G1 Evacuation Pause)
[2021-01-05T15:23:45.935-0400][gc,task        ] GC(85) Using 4 workers of 4 for evacuation
[2021-01-05T15:23:45.946-0400][gc,phases      ] GC(85)   Pre Evacuate Collection Set: 0.3ms
[2021-01-05T15:23:45.946-0400][gc,phases      ] GC(85)   Evacuate Collection Set: 7.9ms
[2021-01-05T15:23:45.946-0400][gc,phases      ] GC(85)   Post Evacuate Collection Set: 1.8ms
[2021-01-05T15:23:45.946-0400][gc,phases      ] GC(85)   Other: 1.1ms
[2021-01-05T15:23:45.946-0400][gc,heap        ] GC(85) Eden regions: 13->0(13)
[2021-01-05T15:23:45.946-0400][gc,heap        ] GC(85) Survivor regions: 2->2(2)
[2021-01-05T15:23:45.946-0400][gc,heap        ] GC(85) Old regions: 32->32
[2021-01-05T15:23:45.946-0400][gc,heap        ] GC(85) Humongous regions: 4->4
[2021-01-05T15:23:45.946-0400][gc,metaspace   ] GC(85) Metaspace: 36023K->36023K(1083392K)
[2021-01-05T15:23:45.946-0400][gc,heap        ] GC(85) Heap after GC invocations=86 (full 1): garbage-first heap   total 63488K, used 35202K [0x0000000083000000, 0x0000000100000000)
[2021-01-05T15:23:45.946-0400][gc,heap        ] GC(85)   region size 1024K, 2 young (2048K), 2 survivors (2048K)
[2021-01-05T15:23:45.947-0400][gc,heap        ] GC(85)  Metaspace       used 36023K, capacity 38511K, committed 39040K, reserved 1083392K
[2021-01-05T15:23:45.947-0400][gc,heap        ] GC(85)   class space    used 3955K, capacity 4877K, committed 4992K, reserved 1048576K
[2021-01-05T15:23:45.947-0400][gc             ] GC(85) Pause Young (Concurrent Start) (G1 Evacuation Pause) 47M->34M(62M) 11.649ms
[2021-01-05T15:23:45.947-0400][gc,cpu         ] GC(85) User=0.03s Sys=0.00s Real=0.02s
[2021-01-05T15:23:45.947-0400][gc             ] GC(86) Concurrent Cycle
[2021-01-05T15:23:45.947-0400][gc,marking     ] GC(86) Concurrent Clear Claimed Marks
[2021-01-05T15:23:45.948-0400][gc,marking     ] GC(86) Concurrent Clear Claimed Marks 0.472ms
[2021-01-05T15:23:45.948-0400][gc,marking     ] GC(86) Concurrent Scan Root Regions
[2021-01-05T15:23:45.955-0400][gc,marking     ] GC(86) Concurrent Scan Root Regions 7.131ms
[2021-01-05T15:23:45.955-0400][gc,marking     ] GC(86) Concurrent Mark (199.442s)
[2021-01-05T15:23:45.955-0400][gc,marking     ] GC(86) Concurrent Mark From Roots
[2021-01-05T15:23:45.955-0400][gc,task        ] GC(86) Using 1 workers of 1 for marking
[2021-01-05T15:23:46.265-0400][gc,marking     ] GC(86) Concurrent Mark From Roots 309.812ms
[2021-01-05T15:23:46.265-0400][gc,marking     ] GC(86) Concurrent Preclean
[2021-01-05T15:23:46.265-0400][gc,marking     ] GC(86) Concurrent Preclean 0.382ms
[2021-01-05T15:23:46.266-0400][gc,marking     ] GC(86) Concurrent Mark (199.442s, 199.753s) 310.492ms
[2021-01-05T15:23:46.267-0400][gc,start       ] GC(86) Pause Remark
[2021-01-05T15:23:46.304-0400][gc,stringtable ] GC(86) Cleaned string and symbol table, strings: 20155 processed, 0 removed, symbols: 86355 processed, 0 removed
[2021-01-05T15:23:46.305-0400][gc             ] GC(86) Pause Remark 36M->36M(62M) 37.941ms
[2021-01-05T15:23:46.305-0400][gc,cpu         ] GC(86) User=0.15s Sys=0.00s Real=0.03s
[2021-01-05T15:23:46.306-0400][gc,marking     ] GC(86) Concurrent Rebuild Remembered Sets
[2021-01-05T15:23:46.447-0400][gc,marking     ] GC(86) Concurrent Rebuild Remembered Sets 141.278ms
[2021-01-05T15:23:46.448-0400][gc,start       ] GC(86) Pause Cleanup
[2021-01-05T15:23:46.448-0400][gc             ] GC(86) Pause Cleanup 36M->36M(62M) 0.441ms
[2021-01-05T15:23:46.449-0400][gc,cpu         ] GC(86) User=0.00s Sys=0.01s Real=0.00s
[2021-01-05T15:23:46.449-0400][gc,marking     ] GC(86) Concurrent Cleanup for Next Mark
[2021-01-05T15:23:46.450-0400][gc,marking     ] GC(86) Concurrent Cleanup for Next Mark 0.899ms
[2021-01-05T15:23:46.450-0400][gc             ] GC(86) Concurrent Cycle 503.197ms
[2021-01-05T15:23:59.834-0400][gc,heap        ] GC(87) Heap before GC invocations=87 (full 1): garbage-first heap   total 63488K, used 47490K [0x0000000083000000, 0x0000000100000000)
[2021-01-05T15:23:59.834-0400][gc,heap        ] GC(87)   region size 1024K, 15 young (15360K), 2 survivors (2048K)
[2021-01-05T15:23:59.834-0400][gc,heap        ] GC(87)  Metaspace       used 36073K, capacity 38575K, committed 39040K, reserved 1083392K
[2021-01-05T15:23:59.834-0400][gc,heap        ] GC(87)   class space    used 3955K, capacity 4877K, committed 4992K, reserved 1048576K
[2021-01-05T15:23:59.834-0400][gc,start       ] GC(87) Pause Young (Normal) (G1 Evacuation Pause)
[2021-01-05T15:23:59.834-0400][gc,task        ] GC(87) Using 4 workers of 4 for evacuation
[2021-01-05T15:23:59.845-0400][gc,phases      ] GC(87)   Pre Evacuate Collection Set: 0.0ms
[2021-01-05T15:23:59.845-0400][gc,phases      ] GC(87)   Evacuate Collection Set: 7.7ms
[2021-01-05T15:23:59.845-0400][gc,phases      ] GC(87)   Post Evacuate Collection Set: 2.0ms
[2021-01-05T15:23:59.845-0400][gc,phases      ] GC(87)   Other: 1.0ms
[2021-01-05T15:23:59.845-0400][gc,heap        ] GC(87) Eden regions: 13->0(13)
[2021-01-05T15:23:59.845-0400][gc,heap        ] GC(87) Survivor regions: 2->2(2)
[2021-01-05T15:23:59.845-0400][gc,heap        ] GC(87) Old regions: 32->32
[2021-01-05T15:23:59.845-0400][gc,heap        ] GC(87) Humongous regions: 4->4
[2021-01-05T15:23:59.845-0400][gc,metaspace   ] GC(87) Metaspace: 36073K->36073K(1083392K)
[2021-01-05T15:23:59.845-0400][gc,heap        ] GC(87) Heap after GC invocations=88 (full 1): garbage-first heap   total 63488K, used 35318K [0x0000000083000000, 0x0000000100000000)
[2021-01-05T15:23:59.845-0400][gc,heap        ] GC(87)   region size 1024K, 2 young (2048K), 2 survivors (2048K)
[2021-01-05T15:23:59.845-0400][gc,heap        ] GC(87)  Metaspace       used 36073K, capacity 38575K, committed 39040K, reserved 1083392K
[2021-01-05T15:23:59.845-0400][gc,heap        ] GC(87)   class space    used 3955K, capacity 4877K, committed 4992K, reserved 1048576K
[2021-01-05T15:23:59.845-0400][gc             ] GC(87) Pause Young (Normal) (G1 Evacuation Pause) 47M->34M(62M) 11.093ms
[2021-01-05T15:23:59.846-0400][gc,cpu         ] GC(87) User=0.03s Sys=0.00s Real=0.02s
[2021-01-05T15:24:09.931-0400][gc,heap        ] GC(88) Heap before GC invocations=88 (full 1): garbage-first heap   total 63488K, used 47606K [0x0000000083000000, 0x0000000100000000)
[2021-01-05T15:24:09.931-0400][gc,heap        ] GC(88)   region size 1024K, 15 young (15360K), 2 survivors (2048K)
[2021-01-05T15:24:09.931-0400][gc,heap        ] GC(88)  Metaspace       used 36209K, capacity 38713K, committed 39040K, reserved 1083392K
[2021-01-05T15:24:09.931-0400][gc,heap        ] GC(88)   class space    used 3973K, capacity 4911K, committed 4992K, reserved 1048576K
[2021-01-05T15:24:09.931-0400][gc,start       ] GC(88) Pause Young (Concurrent Start) (G1 Evacuation Pause)
[2021-01-05T15:24:09.931-0400][gc,task        ] GC(88) Using 4 workers of 4 for evacuation
[2021-01-05T15:24:09.943-0400][gc,phases      ] GC(88)   Pre Evacuate Collection Set: 0.3ms
[2021-01-05T15:24:09.943-0400][gc,phases      ] GC(88)   Evacuate Collection Set: 9.1ms
[2021-01-05T15:24:09.944-0400][gc,phases      ] GC(88)   Post Evacuate Collection Set: 2.1ms
[2021-01-05T15:24:09.944-0400][gc,phases      ] GC(88)   Other: 1.0ms
[2021-01-05T15:24:09.944-0400][gc,heap        ] GC(88) Eden regions: 13->0(13)
[2021-01-05T15:24:09.944-0400][gc,heap        ] GC(88) Survivor regions: 2->2(2)
[2021-01-05T15:24:09.944-0400][gc,heap        ] GC(88) Old regions: 32->33
[2021-01-05T15:24:09.944-0400][gc,heap        ] GC(88) Humongous regions: 4->4
[2021-01-05T15:24:09.944-0400][gc,metaspace   ] GC(88) Metaspace: 36209K->36209K(1083392K)
[2021-01-05T15:24:09.944-0400][gc,heap        ] GC(88) Heap after GC invocations=89 (full 1): garbage-first heap   total 63488K, used 35485K [0x0000000083000000, 0x0000000100000000)
[2021-01-05T15:24:09.944-0400][gc,heap        ] GC(88)   region size 1024K, 2 young (2048K), 2 survivors (2048K)
[2021-01-05T15:24:09.944-0400][gc,heap        ] GC(88)  Metaspace       used 36209K, capacity 38713K, committed 39040K, reserved 1083392K
[2021-01-05T15:24:09.944-0400][gc,heap        ] GC(88)   class space    used 3973K, capacity 4911K, committed 4992K, reserved 1048576K
[2021-01-05T15:24:09.944-0400][gc             ] GC(88) Pause Young (Concurrent Start) (G1 Evacuation Pause) 47M->34M(62M) 12.963ms
[2021-01-05T15:24:09.944-0400][gc,cpu         ] GC(88) User=0.04s Sys=0.01s Real=0.01s
[2021-01-05T15:24:09.945-0400][gc             ] GC(89) Concurrent Cycle
[2021-01-05T15:24:09.945-0400][gc,marking     ] GC(89) Concurrent Clear Claimed Marks
[2021-01-05T15:24:09.946-0400][gc,marking     ] GC(89) Concurrent Clear Claimed Marks 0.366ms
[2021-01-05T15:24:09.946-0400][gc,marking     ] GC(89) Concurrent Scan Root Regions
[2021-01-05T15:24:09.952-0400][gc,marking     ] GC(89) Concurrent Scan Root Regions 5.957ms
[2021-01-05T15:24:09.952-0400][gc,marking     ] GC(89) Concurrent Mark (223.439s)
[2021-01-05T15:24:09.952-0400][gc,marking     ] GC(89) Concurrent Mark From Roots
[2021-01-05T15:24:09.952-0400][gc,task        ] GC(89) Using 1 workers of 1 for marking
[2021-01-05T15:24:10.255-0400][gc,marking     ] GC(89) Concurrent Mark From Roots 302.983ms
[2021-01-05T15:24:10.255-0400][gc,marking     ] GC(89) Concurrent Preclean
[2021-01-05T15:24:10.255-0400][gc,marking     ] GC(89) Concurrent Preclean 0.261ms
[2021-01-05T15:24:10.255-0400][gc,marking     ] GC(89) Concurrent Mark (223.439s, 223.742s) 303.494ms
[2021-01-05T15:24:10.257-0400][gc,start       ] GC(89) Pause Remark
[2021-01-05T15:24:10.293-0400][gc,stringtable ] GC(89) Cleaned string and symbol table, strings: 20254 processed, 1 removed, symbols: 86448 processed, 0 removed
[2021-01-05T15:24:10.293-0400][gc             ] GC(89) Pause Remark 39M->39M(62M) 36.111ms
[2021-01-05T15:24:10.293-0400][gc,cpu         ] GC(89) User=0.12s Sys=0.02s Real=0.03s
[2021-01-05T15:24:10.294-0400][gc,marking     ] GC(89) Concurrent Rebuild Remembered Sets
[2021-01-05T15:24:10.468-0400][gc,marking     ] GC(89) Concurrent Rebuild Remembered Sets 173.968ms
[2021-01-05T15:24:10.469-0400][gc,start       ] GC(89) Pause Cleanup
[2021-01-05T15:24:10.470-0400][gc             ] GC(89) Pause Cleanup 46M->46M(62M) 0.713ms
[2021-01-05T15:24:10.470-0400][gc,cpu         ] GC(89) User=0.00s Sys=0.00s Real=0.00s
[2021-01-05T15:24:10.470-0400][gc,marking     ] GC(89) Concurrent Cleanup for Next Mark
[2021-01-05T15:24:10.471-0400][gc,marking     ] GC(89) Concurrent Cleanup for Next Mark 1.026ms
[2021-01-05T15:24:10.471-0400][gc             ] GC(89) Concurrent Cycle 526.474ms
[2021-01-05T15:24:11.379-0400][gc,heap        ] GC(90) Heap before GC invocations=90 (full 1): garbage-first heap   total 63488K, used 49821K [0x0000000083000000, 0x0000000100000000)
[2021-01-05T15:24:11.380-0400][gc,heap        ] GC(90)   region size 1024K, 15 young (15360K), 2 survivors (2048K)
[2021-01-05T15:24:11.380-0400][gc,heap        ] GC(90)  Metaspace       used 36477K, capacity 39089K, committed 39424K, reserved 1083392K
[2021-01-05T15:24:11.380-0400][gc,heap        ] GC(90)   class space    used 4030K, capacity 5012K, committed 5120K, reserved 1048576K
[2021-01-05T15:24:11.380-0400][gc,start       ] GC(90) Pause Young (Prepare Mixed) (G1 Evacuation Pause)
[2021-01-05T15:24:11.380-0400][gc,task        ] GC(90) Using 4 workers of 4 for evacuation
[2021-01-05T15:24:11.401-0400][gc,phases      ] GC(90)   Pre Evacuate Collection Set: 0.1ms
[2021-01-05T15:24:11.401-0400][gc,phases      ] GC(90)   Evacuate Collection Set: 17.0ms
[2021-01-05T15:24:11.401-0400][gc,phases      ] GC(90)   Post Evacuate Collection Set: 3.3ms
[2021-01-05T15:24:11.401-0400][gc,phases      ] GC(90)   Other: 1.4ms
[2021-01-05T15:24:11.401-0400][gc,heap        ] GC(90) Eden regions: 13->0(1)
[2021-01-05T15:24:11.402-0400][gc,heap        ] GC(90) Survivor regions: 2->2(2)
[2021-01-05T15:24:11.402-0400][gc,heap        ] GC(90) Old regions: 33->33
[2021-01-05T15:24:11.402-0400][gc,heap        ] GC(90) Humongous regions: 6->4
[2021-01-05T15:24:11.402-0400][gc,metaspace   ] GC(90) Metaspace: 36477K->36477K(1083392K)
[2021-01-05T15:24:11.402-0400][gc,heap        ] GC(90) Heap after GC invocations=91 (full 1): garbage-first heap   total 63488K, used 35449K [0x0000000083000000, 0x0000000100000000)
[2021-01-05T15:24:11.402-0400][gc,heap        ] GC(90)   region size 1024K, 2 young (2048K), 2 survivors (2048K)
[2021-01-05T15:24:11.402-0400][gc,heap        ] GC(90)  Metaspace       used 36477K, capacity 39089K, committed 39424K, reserved 1083392K
[2021-01-05T15:24:11.402-0400][gc,heap        ] GC(90)   class space    used 4030K, capacity 5012K, committed 5120K, reserved 1048576K
[2021-01-05T15:24:11.402-0400][gc             ] GC(90) Pause Young (Prepare Mixed) (G1 Evacuation Pause) 49M->34M(62M) 22.156ms
[2021-01-05T15:24:11.403-0400][gc,cpu         ] GC(90) User=0.05s Sys=0.01s Real=0.02s
[2021-01-05T15:24:11.504-0400][gc,heap        ] GC(91) Heap before GC invocations=91 (full 1): garbage-first heap   total 63488K, used 36473K [0x0000000083000000, 0x0000000100000000)
[2021-01-05T15:24:11.504-0400][gc,heap        ] GC(91)   region size 1024K, 3 young (3072K), 2 survivors (2048K)
[2021-01-05T15:24:11.504-0400][gc,heap        ] GC(91)  Metaspace       used 36551K, capacity 39174K, committed 39424K, reserved 1083392K
[2021-01-05T15:24:11.504-0400][gc,heap        ] GC(91)   class space    used 4048K, capacity 5043K, committed 5120K, reserved 1048576K
[2021-01-05T15:24:11.504-0400][gc,start       ] GC(91) Pause Young (Mixed) (G1 Evacuation Pause)
[2021-01-05T15:24:11.504-0400][gc,task        ] GC(91) Using 4 workers of 4 for evacuation
[2021-01-05T15:24:11.527-0400][gc,phases      ] GC(91)   Pre Evacuate Collection Set: 0.1ms
[2021-01-05T15:24:11.527-0400][gc,phases      ] GC(91)   Evacuate Collection Set: 21.2ms
[2021-01-05T15:24:11.528-0400][gc,phases      ] GC(91)   Post Evacuate Collection Set: 1.2ms
[2021-01-05T15:24:11.528-0400][gc,phases      ] GC(91)   Other: 1.4ms
[2021-01-05T15:24:11.528-0400][gc,heap        ] GC(91) Eden regions: 1->0(15)
[2021-01-05T15:24:11.528-0400][gc,heap        ] GC(91) Survivor regions: 2->1(1)
[2021-01-05T15:24:11.528-0400][gc,heap        ] GC(91) Old regions: 33->32
[2021-01-05T15:24:11.528-0400][gc,heap        ] GC(91) Humongous regions: 4->4
[2021-01-05T15:24:11.528-0400][gc,metaspace   ] GC(91) Metaspace: 36551K->36551K(1083392K)
[2021-01-05T15:24:11.528-0400][gc,heap        ] GC(91) Heap after GC invocations=92 (full 1): garbage-first heap   total 63488K, used 35425K [0x0000000083000000, 0x0000000100000000)
[2021-01-05T15:24:11.528-0400][gc,heap        ] GC(91)   region size 1024K, 1 young (1024K), 1 survivors (1024K)
[2021-01-05T15:24:11.528-0400][gc,heap        ] GC(91)  Metaspace       used 36551K, capacity 39174K, committed 39424K, reserved 1083392K
[2021-01-05T15:24:11.528-0400][gc,heap        ] GC(91)   class space    used 4048K, capacity 5043K, committed 5120K, reserved 1048576K
[2021-01-05T15:24:11.528-0400][gc             ] GC(91) Pause Young (Mixed) (G1 Evacuation Pause) 35M->34M(62M) 24.219ms
[2021-01-05T15:24:11.529-0400][gc,cpu         ] GC(91) User=0.07s Sys=0.01s Real=0.03s
[2021-01-05T15:24:19.571-0400][gc,heap,exit   ] Heap
[2021-01-05T15:24:19.571-0400][gc,heap,exit   ]  garbage-first heap   total 63488K, used 39521K [0x0000000083000000, 0x0000000100000000)
[2021-01-05T15:24:19.571-0400][gc,heap,exit   ]   region size 1024K, 7 young (7168K), 1 survivors (1024K)
[2021-01-05T15:24:19.571-0400][gc,heap,exit   ]  Metaspace       used 36821K, capacity 39653K, committed 39808K, reserved 1083392K
[2021-01-05T15:24:19.571-0400][gc,heap,exit   ]   class space    used 4089K, capacity 5134K, committed 5248K, reserved 1048576K
