[2020-12-24T00:00:28.492-0400][gc,heap        ] GC(378641) Heap before GC invocations=378617 (full 10968): garbage-first heap   total 71680K, used 58884K [0x0000000083000000, 0x0000000100000000)
[2020-12-24T00:00:28.492-0400][gc,heap        ] GC(378641)   region size 1024K, 11 young (11264K), 1 survivors (1024K)
[2020-12-24T00:00:28.492-0400][gc,heap        ] GC(378641)  Metaspace       used 61008K, capacity 63721K, committed 64768K, reserved 1107968K
[2020-12-24T00:00:28.492-0400][gc,heap        ] GC(378641)   class space    used 5712K, capacity 6559K, committed 6912K, reserved 1048576K
[2020-12-24T00:00:28.492-0400][gc,start       ] GC(378641) Pause Young (Normal) (G1 Evacuation Pause)
[2020-12-24T00:00:28.492-0400][gc,task        ] GC(378641) Using 4 workers of 4 for evacuation
[2020-12-24T00:00:28.499-0400][gc,phases      ] GC(378641)   Pre Evacuate Collection Set: 0.0ms
[2020-12-24T00:00:28.499-0400][gc,phases      ] GC(378641)   Evacuate Collection Set: 5.0ms
[2020-12-24T00:00:28.499-0400][gc,phases      ] GC(378641)   Post Evacuate Collection Set: 1.3ms
[2020-12-24T00:00:28.499-0400][gc,phases      ] GC(378641)   Other: 1.0ms
[2020-12-24T00:00:28.499-0400][gc,heap        ] GC(378641) Eden regions: 10->0(10)
[2020-12-24T00:00:28.500-0400][gc,heap        ] GC(378641) Survivor regions: 1->1(2)
[2020-12-24T00:00:28.500-0400][gc,heap        ] GC(378641) Old regions: 46->46
[2020-12-24T00:00:28.500-0400][gc,heap        ] GC(378641) Humongous regions: 4->4
[2020-12-24T00:00:28.500-0400][gc,metaspace   ] GC(378641) Metaspace: 61008K->61008K(1107968K)
[2020-12-24T00:00:28.500-0400][gc,heap        ] GC(378641) Heap after GC invocations=378618 (full 10968): garbage-first heap   total 71680K, used 49748K [0x0000000083000000, 0x0000000100000000)
[2020-12-24T00:00:28.500-0400][gc,heap        ] GC(378641)   region size 1024K, 1 young (1024K), 1 survivors (1024K)
[2020-12-24T00:00:28.500-0400][gc,heap        ] GC(378641)  Metaspace       used 61008K, capacity 63721K, committed 64768K, reserved 1107968K
[2020-12-24T00:00:28.500-0400][gc,heap        ] GC(378641)   class space    used 5712K, capacity 6559K, committed 6912K, reserved 1048576K
[2020-12-24T00:00:28.500-0400][gc             ] GC(378641) Pause Young (Normal) (G1 Evacuation Pause) 58M->48M(70M) 7.683ms
[2020-12-24T00:00:28.500-0400][gc,cpu         ] GC(378641) User=0.02s Sys=0.00s Real=0.01s
[2020-12-24T00:00:53.389-0400][gc,heap        ] GC(378642) Heap before GC invocations=378618 (full 10968): garbage-first heap   total 71680K, used 58964K [0x0000000083000000, 0x0000000100000000)
[2020-12-24T00:00:53.389-0400][gc,heap        ] GC(378642)   region size 1024K, 11 young (11264K), 1 survivors (1024K)
[2020-12-24T00:00:53.389-0400][gc,heap        ] GC(378642)  Metaspace       used 61008K, capacity 63721K, committed 64768K, reserved 1107968K
[2020-12-24T00:00:53.389-0400][gc,heap        ] GC(378642)   class space    used 5712K, capacity 6559K, committed 6912K, reserved 1048576K
[2020-12-24T00:00:53.389-0400][gc,start       ] GC(378642) Pause Young (Normal) (G1 Evacuation Pause)
[2020-12-24T00:00:53.389-0400][gc,task        ] GC(378642) Using 4 workers of 4 for evacuation
[2020-12-24T00:00:53.397-0400][gc,phases      ] GC(378642)   Pre Evacuate Collection Set: 0.0ms
[2020-12-24T00:00:53.397-0400][gc,phases      ] GC(378642)   Evacuate Collection Set: 5.4ms
[2020-12-24T00:00:53.397-0400][gc,phases      ] GC(378642)   Post Evacuate Collection Set: 1.7ms
[2020-12-24T00:00:53.397-0400][gc,phases      ] GC(378642)   Other: 0.9ms
[2020-12-24T00:00:53.397-0400][gc,heap        ] GC(378642) Eden regions: 10->0(10)
[2020-12-24T00:00:53.397-0400][gc,heap        ] GC(378642) Survivor regions: 1->1(2)
[2020-12-24T00:00:53.397-0400][gc,heap        ] GC(378642) Old regions: 46->46
[2020-12-24T00:00:53.397-0400][gc,heap        ] GC(378642) Humongous regions: 4->4
[2020-12-24T00:00:53.397-0400][gc,metaspace   ] GC(378642) Metaspace: 61008K->61008K(1107968K)
[2020-12-24T00:00:53.397-0400][gc,heap        ] GC(378642) Heap after GC invocations=378619 (full 10968): garbage-first heap   total 71680K, used 49757K [0x0000000083000000, 0x0000000100000000)
[2020-12-24T00:00:53.397-0400][gc,heap        ] GC(378642)   region size 1024K, 1 young (1024K), 1 survivors (1024K)
[2020-12-24T00:00:53.397-0400][gc,heap        ] GC(378642)  Metaspace       used 61008K, capacity 63721K, committed 64768K, reserved 1107968K
[2020-12-24T00:00:53.397-0400][gc,heap        ] GC(378642)   class space    used 5712K, capacity 6559K, committed 6912K, reserved 1048576K
[2020-12-24T00:00:53.397-0400][gc             ] GC(378642) Pause Young (Normal) (G1 Evacuation Pause) 58M->48M(70M) 8.428ms
[2020-12-24T00:00:53.398-0400][gc,cpu         ] GC(378642) User=0.01s Sys=0.02s Real=0.01s
[2020-12-24T00:01:04.281-0400][gc,heap        ] GC(378643) Heap before GC invocations=378619 (full 10968): garbage-first heap   total 71680K, used 58973K [0x0000000083000000, 0x0000000100000000)
[2020-12-24T00:01:04.281-0400][gc,heap        ] GC(378643)   region size 1024K, 11 young (11264K), 1 survivors (1024K)
[2020-12-24T00:01:04.281-0400][gc,heap        ] GC(378643)  Metaspace       used 61008K, capacity 63721K, committed 64768K, reserved 1107968K
[2020-12-24T00:01:04.281-0400][gc,heap        ] GC(378643)   class space    used 5712K, capacity 6559K, committed 6912K, reserved 1048576K
[2020-12-24T00:01:04.281-0400][gc,start       ] GC(378643) Pause Young (Normal) (G1 Evacuation Pause)
[2020-12-24T00:01:04.281-0400][gc,task        ] GC(378643) Using 4 workers of 4 for evacuation
[2020-12-24T00:01:04.290-0400][gc,phases      ] GC(378643)   Pre Evacuate Collection Set: 0.0ms
[2020-12-24T00:01:04.290-0400][gc,phases      ] GC(378643)   Evacuate Collection Set: 5.7ms
[2020-12-24T00:01:04.290-0400][gc,phases      ] GC(378643)   Post Evacuate Collection Set: 1.9ms
[2020-12-24T00:01:04.290-0400][gc,phases      ] GC(378643)   Other: 1.0ms
[2020-12-24T00:01:04.290-0400][gc,heap        ] GC(378643) Eden regions: 10->0(9)
[2020-12-24T00:01:04.290-0400][gc,heap        ] GC(378643) Survivor regions: 1->2(2)
[2020-12-24T00:01:04.290-0400][gc,heap        ] GC(378643) Old regions: 46->46
[2020-12-24T00:01:04.290-0400][gc,heap        ] GC(378643) Humongous regions: 4->4
[2020-12-24T00:01:04.290-0400][gc,metaspace   ] GC(378643) Metaspace: 61008K->61008K(1107968K)
[2020-12-24T00:01:04.290-0400][gc,heap        ] GC(378643) Heap after GC invocations=378620 (full 10968): garbage-first heap   total 71680K, used 49884K [0x0000000083000000, 0x0000000100000000)
[2020-12-24T00:01:04.290-0400][gc,heap        ] GC(378643)   region size 1024K, 2 young (2048K), 2 survivors (2048K)
[2020-12-24T00:01:04.290-0400][gc,heap        ] GC(378643)  Metaspace       used 61008K, capacity 63721K, committed 64768K, reserved 1107968K
[2020-12-24T00:01:04.290-0400][gc,heap        ] GC(378643)   class space    used 5712K, capacity 6559K, committed 6912K, reserved 1048576K
[2020-12-24T00:01:04.290-0400][gc             ] GC(378643) Pause Young (Normal) (G1 Evacuation Pause) 58M->48M(70M) 8.905ms
[2020-12-24T00:01:04.291-0400][gc,cpu         ] GC(378643) User=0.02s Sys=0.01s Real=0.01s
[2020-12-24T00:01:15.251-0400][gc,heap        ] GC(378644) Heap before GC invocations=378620 (full 10968): garbage-first heap   total 71680K, used 59100K [0x0000000083000000, 0x0000000100000000)
[2020-12-24T00:01:15.251-0400][gc,heap        ] GC(378644)   region size 1024K, 11 young (11264K), 2 survivors (2048K)
[2020-12-24T00:01:15.251-0400][gc,heap        ] GC(378644)  Metaspace       used 61008K, capacity 63721K, committed 64768K, reserved 1107968K
[2020-12-24T00:01:15.251-0400][gc,heap        ] GC(378644)   class space    used 5712K, capacity 6559K, committed 6912K, reserved 1048576K
[2020-12-24T00:01:15.252-0400][gc,start       ] GC(378644) Pause Young (Normal) (G1 Evacuation Pause)
[2020-12-24T00:01:15.252-0400][gc,task        ] GC(378644) Using 4 workers of 4 for evacuation
[2020-12-24T00:01:15.259-0400][gc,phases      ] GC(378644)   Pre Evacuate Collection Set: 0.0ms
[2020-12-24T00:01:15.259-0400][gc,phases      ] GC(378644)   Evacuate Collection Set: 4.7ms
[2020-12-24T00:01:15.259-0400][gc,phases      ] GC(378644)   Post Evacuate Collection Set: 1.7ms
[2020-12-24T00:01:15.259-0400][gc,phases      ] GC(378644)   Other: 0.9ms
[2020-12-24T00:01:15.259-0400][gc,heap        ] GC(378644) Eden regions: 9->0(10)
[2020-12-24T00:01:15.259-0400][gc,heap        ] GC(378644) Survivor regions: 2->1(2)
[2020-12-24T00:01:15.259-0400][gc,heap        ] GC(378644) Old regions: 46->46
[2020-12-24T00:01:15.259-0400][gc,heap        ] GC(378644) Humongous regions: 4->4
[2020-12-24T00:01:15.259-0400][gc,metaspace   ] GC(378644) Metaspace: 61008K->61008K(1107968K)
[2020-12-24T00:01:15.259-0400][gc,heap        ] GC(378644) Heap after GC invocations=378621 (full 10968): garbage-first heap   total 71680K, used 49697K [0x0000000083000000, 0x0000000100000000)
[2020-12-24T00:01:15.259-0400][gc,heap        ] GC(378644)   region size 1024K, 1 young (1024K), 1 survivors (1024K)
[2020-12-24T00:01:15.259-0400][gc,heap        ] GC(378644)  Metaspace       used 61008K, capacity 63721K, committed 64768K, reserved 1107968K
[2020-12-24T00:01:15.259-0400][gc,heap        ] GC(378644)   class space    used 5712K, capacity 6559K, committed 6912K, reserved 1048576K
[2020-12-24T00:01:15.259-0400][gc             ] GC(378644) Pause Young (Normal) (G1 Evacuation Pause) 57M->48M(70M) 7.793ms
[2020-12-24T00:01:15.260-0400][gc,cpu         ] GC(378644) User=0.01s Sys=0.01s Real=0.01s
[2020-12-24T00:01:36.701-0400][gc,heap        ] GC(378645) Heap before GC invocations=378621 (full 10968): garbage-first heap   total 71680K, used 58913K [0x0000000083000000, 0x0000000100000000)
[2020-12-24T00:01:36.701-0400][gc,heap        ] GC(378645)   region size 1024K, 11 young (11264K), 1 survivors (1024K)
[2020-12-24T00:01:36.701-0400][gc,heap        ] GC(378645)  Metaspace       used 61008K, capacity 63721K, committed 64768K, reserved 1107968K
[2020-12-24T00:01:36.701-0400][gc,heap        ] GC(378645)   class space    used 5712K, capacity 6559K, committed 6912K, reserved 1048576K
[2020-12-24T00:01:36.701-0400][gc,start       ] GC(378645) Pause Young (Normal) (G1 Evacuation Pause)
[2020-12-24T00:01:36.701-0400][gc,task        ] GC(378645) Using 4 workers of 4 for evacuation
[2020-12-24T00:01:36.709-0400][gc,phases      ] GC(378645)   Pre Evacuate Collection Set: 0.0ms
[2020-12-24T00:01:36.709-0400][gc,phases      ] GC(378645)   Evacuate Collection Set: 5.8ms
[2020-12-24T00:01:36.709-0400][gc,phases      ] GC(378645)   Post Evacuate Collection Set: 1.5ms
[2020-12-24T00:01:36.709-0400][gc,phases      ] GC(378645)   Other: 1.2ms
[2020-12-24T00:01:36.709-0400][gc,heap        ] GC(378645) Eden regions: 10->0(9)
[2020-12-24T00:01:36.710-0400][gc,heap        ] GC(378645) Survivor regions: 1->1(2)
[2020-12-24T00:01:36.710-0400][gc,heap        ] GC(378645) Old regions: 46->47
[2020-12-24T00:01:36.710-0400][gc,heap        ] GC(378645) Humongous regions: 4->4
[2020-12-24T00:01:36.710-0400][gc,metaspace   ] GC(378645) Metaspace: 61008K->61008K(1107968K)
[2020-12-24T00:01:36.710-0400][gc,heap        ] GC(378645) Heap after GC invocations=378622 (full 10968): garbage-first heap   total 71680K, used 49832K [0x0000000083000000, 0x0000000100000000)
[2020-12-24T00:01:36.710-0400][gc,heap        ] GC(378645)   region size 1024K, 1 young (1024K), 1 survivors (1024K)
[2020-12-24T00:01:36.710-0400][gc,heap        ] GC(378645)  Metaspace       used 61008K, capacity 63721K, committed 64768K, reserved 1107968K
[2020-12-24T00:01:36.710-0400][gc,heap        ] GC(378645)   class space    used 5712K, capacity 6559K, committed 6912K, reserved 1048576K
[2020-12-24T00:01:36.710-0400][gc             ] GC(378645) Pause Young (Normal) (G1 Evacuation Pause) 58M->48M(70M) 8.815ms
[2020-12-24T00:01:36.710-0400][gc,cpu         ] GC(378645) User=0.02s Sys=0.02s Real=0.01s
[2020-12-24T00:01:50.924-0400][gc,task        ] GC(378646) Using 3 workers of 4 for full compaction
[2020-12-24T00:01:50.924-0400][gc,start       ] GC(378646) Pause Full (System.gc())
[2020-12-24T00:01:50.924-0400][gc,heap        ] GC(378646) Heap before GC invocations=378622 (full 10968): garbage-first heap   total 71680K, used 52904K [0x0000000083000000, 0x0000000100000000)
[2020-12-24T00:01:50.924-0400][gc,heap        ] GC(378646)   region size 1024K, 6 young (6144K), 1 survivors (1024K)
[2020-12-24T00:01:50.924-0400][gc,heap        ] GC(378646)  Metaspace       used 61008K, capacity 63721K, committed 64768K, reserved 1107968K
[2020-12-24T00:01:50.924-0400][gc,heap        ] GC(378646)   class space    used 5712K, capacity 6559K, committed 6912K, reserved 1048576K
[2020-12-24T00:01:50.927-0400][gc,phases,start] GC(378646) Phase 1: Mark live objects
[2020-12-24T00:01:51.072-0400][gc,stringtable ] GC(378646) Cleaned string and symbol table, strings: 32207 processed, 0 removed, symbols: 131451 processed, 0 removed
[2020-12-24T00:01:51.072-0400][gc,phases      ] GC(378646) Phase 1: Mark live objects 145.228ms
[2020-12-24T00:01:51.072-0400][gc,phases,start] GC(378646) Phase 2: Prepare for compaction
[2020-12-24T00:01:51.104-0400][gc,phases      ] GC(378646) Phase 2: Prepare for compaction 32.337ms
[2020-12-24T00:01:51.104-0400][gc,phases,start] GC(378646) Phase 3: Adjust pointers
[2020-12-24T00:01:51.182-0400][gc,phases      ] GC(378646) Phase 3: Adjust pointers 77.555ms
[2020-12-24T00:01:51.182-0400][gc,phases,start] GC(378646) Phase 4: Compact heap
[2020-12-24T00:01:51.204-0400][gc,phases      ] GC(378646) Phase 4: Compact heap 21.716ms
[2020-12-24T00:01:51.239-0400][gc,heap        ] GC(378646) Eden regions: 5->0(10)
[2020-12-24T00:01:51.239-0400][gc,heap        ] GC(378646) Survivor regions: 1->0(2)
[2020-12-24T00:01:51.239-0400][gc,heap        ] GC(378646) Old regions: 47->46
[2020-12-24T00:01:51.239-0400][gc,heap        ] GC(378646) Humongous regions: 4->4
[2020-12-24T00:01:51.239-0400][gc,metaspace   ] GC(378646) Metaspace: 61008K->61008K(1107968K)
[2020-12-24T00:01:51.239-0400][gc,heap        ] GC(378646) Heap after GC invocations=378623 (full 10969): garbage-first heap   total 71680K, used 48887K [0x0000000083000000, 0x0000000100000000)
[2020-12-24T00:01:51.239-0400][gc,heap        ] GC(378646)   region size 1024K, 0 young (0K), 0 survivors (0K)
[2020-12-24T00:01:51.239-0400][gc,heap        ] GC(378646)  Metaspace       used 61008K, capacity 63721K, committed 64768K, reserved 1107968K
[2020-12-24T00:01:51.239-0400][gc,heap        ] GC(378646)   class space    used 5712K, capacity 6559K, committed 6912K, reserved 1048576K
[2020-12-24T00:01:51.239-0400][gc             ] GC(378646) Pause Full (System.gc()) 53M->47M(70M) 315.373ms
[2020-12-24T00:01:51.239-0400][gc,cpu         ] GC(378646) User=0.85s Sys=0.00s Real=0.32s
[2020-12-24T00:02:07.486-0400][gc,heap        ] GC(378647) Heap before GC invocations=378623 (full 10969): garbage-first heap   total 71680K, used 59127K [0x0000000083000000, 0x0000000100000000)
[2020-12-24T00:02:07.486-0400][gc,heap        ] GC(378647)   region size 1024K, 10 young (10240K), 0 survivors (0K)
[2020-12-24T00:02:07.486-0400][gc,heap        ] GC(378647)  Metaspace       used 61008K, capacity 63721K, committed 64768K, reserved 1107968K
[2020-12-24T00:02:07.486-0400][gc,heap        ] GC(378647)   class space    used 5712K, capacity 6559K, committed 6912K, reserved 1048576K
[2020-12-24T00:02:07.486-0400][gc,start       ] GC(378647) Pause Young (Normal) (G1 Evacuation Pause)
[2020-12-24T00:02:07.486-0400][gc,task        ] GC(378647) Using 4 workers of 4 for evacuation
[2020-12-24T00:02:07.493-0400][gc,phases      ] GC(378647)   Pre Evacuate Collection Set: 0.0ms
[2020-12-24T00:02:07.493-0400][gc,phases      ] GC(378647)   Evacuate Collection Set: 3.9ms
[2020-12-24T00:02:07.493-0400][gc,phases      ] GC(378647)   Post Evacuate Collection Set: 2.8ms
[2020-12-24T00:02:07.493-0400][gc,phases      ] GC(378647)   Other: 1.1ms
[2020-12-24T00:02:07.494-0400][gc,heap        ] GC(378647) Eden regions: 10->0(10)
[2020-12-24T00:02:07.494-0400][gc,heap        ] GC(378647) Survivor regions: 0->1(2)
[2020-12-24T00:02:07.494-0400][gc,heap        ] GC(378647) Old regions: 46->46
[2020-12-24T00:02:07.494-0400][gc,heap        ] GC(378647) Humongous regions: 4->4
[2020-12-24T00:02:07.494-0400][gc,metaspace   ] GC(378647) Metaspace: 61008K->61008K(1107968K)
[2020-12-24T00:02:07.494-0400][gc,heap        ] GC(378647) Heap after GC invocations=378624 (full 10969): garbage-first heap   total 71680K, used 49250K [0x0000000083000000, 0x0000000100000000)
[2020-12-24T00:02:07.494-0400][gc,heap        ] GC(378647)   region size 1024K, 1 young (1024K), 1 survivors (1024K)
[2020-12-24T00:02:07.494-0400][gc,heap        ] GC(378647)  Metaspace       used 61008K, capacity 63721K, committed 64768K, reserved 1107968K
[2020-12-24T00:02:07.494-0400][gc,heap        ] GC(378647)   class space    used 5712K, capacity 6559K, committed 6912K, reserved 1048576K
[2020-12-24T00:02:07.494-0400][gc             ] GC(378647) Pause Young (Normal) (G1 Evacuation Pause) 57M->48M(70M) 8.047ms
[2020-12-24T00:02:07.494-0400][gc,cpu         ] GC(378647) User=0.01s Sys=0.01s Real=0.00s
[2020-12-24T00:02:25.969-0400][gc,heap        ] GC(378648) Heap before GC invocations=378624 (full 10969): garbage-first heap   total 71680K, used 58466K [0x0000000083000000, 0x0000000100000000)
[2020-12-24T00:02:25.969-0400][gc,heap        ] GC(378648)   region size 1024K, 11 young (11264K), 1 survivors (1024K)
[2020-12-24T00:02:25.969-0400][gc,heap        ] GC(378648)  Metaspace       used 61008K, capacity 63721K, committed 64768K, reserved 1107968K
[2020-12-24T00:02:25.969-0400][gc,heap        ] GC(378648)   class space    used 5712K, capacity 6559K, committed 6912K, reserved 1048576K
[2020-12-24T00:02:25.969-0400][gc,start       ] GC(378648) Pause Young (Normal) (G1 Evacuation Pause)
[2020-12-24T00:02:25.969-0400][gc,task        ] GC(378648) Using 4 workers of 4 for evacuation
[2020-12-24T00:02:25.974-0400][gc,phases      ] GC(378648)   Pre Evacuate Collection Set: 0.0ms
[2020-12-24T00:02:25.975-0400][gc,phases      ] GC(378648)   Evacuate Collection Set: 3.3ms
[2020-12-24T00:02:25.975-0400][gc,phases      ] GC(378648)   Post Evacuate Collection Set: 1.3ms
[2020-12-24T00:02:25.975-0400][gc,phases      ] GC(378648)   Other: 0.9ms
[2020-12-24T00:02:25.975-0400][gc,heap        ] GC(378648) Eden regions: 10->0(10)
[2020-12-24T00:02:25.975-0400][gc,heap        ] GC(378648) Survivor regions: 1->1(2)
[2020-12-24T00:02:25.975-0400][gc,heap        ] GC(378648) Old regions: 46->46
[2020-12-24T00:02:25.975-0400][gc,heap        ] GC(378648) Humongous regions: 4->4
[2020-12-24T00:02:25.975-0400][gc,metaspace   ] GC(378648) Metaspace: 61008K->61008K(1107968K)
[2020-12-24T00:02:25.975-0400][gc,heap        ] GC(378648) Heap after GC invocations=378625 (full 10969): garbage-first heap   total 71680K, used 49235K [0x0000000083000000, 0x0000000100000000)
[2020-12-24T00:02:25.975-0400][gc,heap        ] GC(378648)   region size 1024K, 1 young (1024K), 1 survivors (1024K)
[2020-12-24T00:02:25.975-0400][gc,heap        ] GC(378648)  Metaspace       used 61008K, capacity 63721K, committed 64768K, reserved 1107968K
[2020-12-24T00:02:25.975-0400][gc,heap        ] GC(378648)   class space    used 5712K, capacity 6559K, committed 6912K, reserved 1048576K
[2020-12-24T00:02:25.975-0400][gc             ] GC(378648) Pause Young (Normal) (G1 Evacuation Pause) 58M->48M(70M) 5.941ms
[2020-12-24T00:02:25.975-0400][gc,cpu         ] GC(378648) User=0.01s Sys=0.01s Real=0.00s
[2020-12-24T00:02:46.183-0400][gc,heap        ] GC(378649) Heap before GC invocations=378625 (full 10969): garbage-first heap   total 71680K, used 58451K [0x0000000083000000, 0x0000000100000000)
[2020-12-24T00:02:46.183-0400][gc,heap        ] GC(378649)   region size 1024K, 11 young (11264K), 1 survivors (1024K)
[2020-12-24T00:02:46.183-0400][gc,heap        ] GC(378649)  Metaspace       used 61008K, capacity 63721K, committed 64768K, reserved 1107968K
[2020-12-24T00:02:46.183-0400][gc,heap        ] GC(378649)   class space    used 5712K, capacity 6559K, committed 6912K, reserved 1048576K
[2020-12-24T00:02:46.183-0400][gc,start       ] GC(378649) Pause Young (Normal) (G1 Evacuation Pause)
[2020-12-24T00:02:46.183-0400][gc,task        ] GC(378649) Using 4 workers of 4 for evacuation
[2020-12-24T00:02:46.189-0400][gc,phases      ] GC(378649)   Pre Evacuate Collection Set: 0.0ms
[2020-12-24T00:02:46.189-0400][gc,phases      ] GC(378649)   Evacuate Collection Set: 3.6ms
[2020-12-24T00:02:46.189-0400][gc,phases      ] GC(378649)   Post Evacuate Collection Set: 1.5ms
[2020-12-24T00:02:46.189-0400][gc,phases      ] GC(378649)   Other: 0.8ms
[2020-12-24T00:02:46.189-0400][gc,heap        ] GC(378649) Eden regions: 10->0(10)
[2020-12-24T00:02:46.189-0400][gc,heap        ] GC(378649) Survivor regions: 1->1(2)
[2020-12-24T00:02:46.189-0400][gc,heap        ] GC(378649) Old regions: 46->46
[2020-12-24T00:02:46.189-0400][gc,heap        ] GC(378649) Humongous regions: 4->4
[2020-12-24T00:02:46.189-0400][gc,metaspace   ] GC(378649) Metaspace: 61008K->61008K(1107968K)
[2020-12-24T00:02:46.189-0400][gc,heap        ] GC(378649) Heap after GC invocations=378626 (full 10969): garbage-first heap   total 71680K, used 49342K [0x0000000083000000, 0x0000000100000000)
[2020-12-24T00:02:46.189-0400][gc,heap        ] GC(378649)   region size 1024K, 1 young (1024K), 1 survivors (1024K)
[2020-12-24T00:02:46.189-0400][gc,heap        ] GC(378649)  Metaspace       used 61008K, capacity 63721K, committed 64768K, reserved 1107968K
[2020-12-24T00:02:46.189-0400][gc,heap        ] GC(378649)   class space    used 5712K, capacity 6559K, committed 6912K, reserved 1048576K
[2020-12-24T00:02:46.189-0400][gc             ] GC(378649) Pause Young (Normal) (G1 Evacuation Pause) 58M->48M(70M) 6.423ms
[2020-12-24T00:02:46.190-0400][gc,cpu         ] GC(378649) User=0.02s Sys=0.00s Real=0.01s
[2020-12-24T00:03:06.460-0400][gc,heap        ] GC(378650) Heap before GC invocations=378626 (full 10969): garbage-first heap   total 71680K, used 58558K [0x0000000083000000, 0x0000000100000000)
[2020-12-24T00:03:06.460-0400][gc,heap        ] GC(378650)   region size 1024K, 11 young (11264K), 1 survivors (1024K)
[2020-12-24T00:03:06.460-0400][gc,heap        ] GC(378650)  Metaspace       used 61008K, capacity 63721K, committed 64768K, reserved 1107968K
[2020-12-24T00:03:06.460-0400][gc,heap        ] GC(378650)   class space    used 5712K, capacity 6559K, committed 6912K, reserved 1048576K
[2020-12-24T00:03:06.461-0400][gc,start       ] GC(378650) Pause Young (Normal) (G1 Evacuation Pause)
[2020-12-24T00:03:06.461-0400][gc,task        ] GC(378650) Using 4 workers of 4 for evacuation
[2020-12-24T00:03:06.467-0400][gc,phases      ] GC(378650)   Pre Evacuate Collection Set: 0.0ms
[2020-12-24T00:03:06.467-0400][gc,phases      ] GC(378650)   Evacuate Collection Set: 4.2ms
[2020-12-24T00:03:06.467-0400][gc,phases      ] GC(378650)   Post Evacuate Collection Set: 1.6ms
[2020-12-24T00:03:06.467-0400][gc,phases      ] GC(378650)   Other: 0.9ms
[2020-12-24T00:03:06.467-0400][gc,heap        ] GC(378650) Eden regions: 10->0(10)
[2020-12-24T00:03:06.467-0400][gc,heap        ] GC(378650) Survivor regions: 1->1(2)
[2020-12-24T00:03:06.467-0400][gc,heap        ] GC(378650) Old regions: 46->46
[2020-12-24T00:03:06.467-0400][gc,heap        ] GC(378650) Humongous regions: 4->4
[2020-12-24T00:03:06.467-0400][gc,metaspace   ] GC(378650) Metaspace: 61008K->61008K(1107968K)
[2020-12-24T00:03:06.467-0400][gc,heap        ] GC(378650) Heap after GC invocations=378627 (full 10969): garbage-first heap   total 71680K, used 49515K [0x0000000083000000, 0x0000000100000000)
[2020-12-24T00:03:06.467-0400][gc,heap        ] GC(378650)   region size 1024K, 1 young (1024K), 1 survivors (1024K)
[2020-12-24T00:03:06.467-0400][gc,heap        ] GC(378650)  Metaspace       used 61008K, capacity 63721K, committed 64768K, reserved 1107968K
[2020-12-24T00:03:06.467-0400][gc,heap        ] GC(378650)   class space    used 5712K, capacity 6559K, committed 6912K, reserved 1048576K
[2020-12-24T00:03:06.468-0400][gc             ] GC(378650) Pause Young (Normal) (G1 Evacuation Pause) 58M->48M(70M) 6.974ms
[2020-12-24T00:03:06.468-0400][gc,cpu         ] GC(378650) User=0.02s Sys=0.00s Real=0.01s
[2020-12-24T00:03:33.891-0400][gc,heap        ] GC(378651) Heap before GC invocations=378627 (full 10969): garbage-first heap   total 71680K, used 58731K [0x0000000083000000, 0x0000000100000000)
[2020-12-24T00:03:33.891-0400][gc,heap        ] GC(378651)   region size 1024K, 11 young (11264K), 1 survivors (1024K)
[2020-12-24T00:03:33.891-0400][gc,heap        ] GC(378651)  Metaspace       used 61008K, capacity 63721K, committed 64768K, reserved 1107968K
[2020-12-24T00:03:33.891-0400][gc,heap        ] GC(378651)   class space    used 5712K, capacity 6559K, committed 6912K, reserved 1048576K
[2020-12-24T00:03:33.891-0400][gc,start       ] GC(378651) Pause Young (Normal) (G1 Evacuation Pause)
[2020-12-24T00:03:33.891-0400][gc,task        ] GC(378651) Using 4 workers of 4 for evacuation
[2020-12-24T00:03:33.897-0400][gc,phases      ] GC(378651)   Pre Evacuate Collection Set: 0.0ms
[2020-12-24T00:03:33.897-0400][gc,phases      ] GC(378651)   Evacuate Collection Set: 3.8ms
[2020-12-24T00:03:33.897-0400][gc,phases      ] GC(378651)   Post Evacuate Collection Set: 1.9ms
[2020-12-24T00:03:33.897-0400][gc,phases      ] GC(378651)   Other: 0.9ms
[2020-12-24T00:03:33.897-0400][gc,heap        ] GC(378651) Eden regions: 10->0(10)
[2020-12-24T00:03:33.897-0400][gc,heap        ] GC(378651) Survivor regions: 1->1(2)
[2020-12-24T00:03:33.898-0400][gc,heap        ] GC(378651) Old regions: 46->46
[2020-12-24T00:03:33.898-0400][gc,heap        ] GC(378651) Humongous regions: 4->4
[2020-12-24T00:03:33.898-0400][gc,metaspace   ] GC(378651) Metaspace: 61008K->61008K(1107968K)
[2020-12-24T00:03:33.898-0400][gc,heap        ] GC(378651) Heap after GC invocations=378628 (full 10969): garbage-first heap   total 71680K, used 49453K [0x0000000083000000, 0x0000000100000000)
[2020-12-24T00:03:33.898-0400][gc,heap        ] GC(378651)   region size 1024K, 1 young (1024K), 1 survivors (1024K)
[2020-12-24T00:03:33.898-0400][gc,heap        ] GC(378651)  Metaspace       used 61008K, capacity 63721K, committed 64768K, reserved 1107968K
[2020-12-24T00:03:33.898-0400][gc,heap        ] GC(378651)   class space    used 5712K, capacity 6559K, committed 6912K, reserved 1048576K
[2020-12-24T00:03:33.898-0400][gc             ] GC(378651) Pause Young (Normal) (G1 Evacuation Pause) 58M->48M(70M) 6.950ms
[2020-12-24T00:03:33.898-0400][gc,cpu         ] GC(378651) User=0.02s Sys=0.00s Real=0.01s
[2020-12-24T00:04:07.146-0400][gc,heap        ] GC(378652) Heap before GC invocations=378628 (full 10969): garbage-first heap   total 71680K, used 58669K [0x0000000083000000, 0x0000000100000000)
[2020-12-24T00:04:07.147-0400][gc,heap        ] GC(378652)   region size 1024K, 11 young (11264K), 1 survivors (1024K)
[2020-12-24T00:04:07.147-0400][gc,heap        ] GC(378652)  Metaspace       used 61008K, capacity 63721K, committed 64768K, reserved 1107968K
[2020-12-24T00:04:07.147-0400][gc,heap        ] GC(378652)   class space    used 5712K, capacity 6559K, committed 6912K, reserved 1048576K
[2020-12-24T00:04:07.147-0400][gc,start       ] GC(378652) Pause Young (Normal) (G1 Evacuation Pause)
[2020-12-24T00:04:07.147-0400][gc,task        ] GC(378652) Using 4 workers of 4 for evacuation
[2020-12-24T00:04:07.153-0400][gc,phases      ] GC(378652)   Pre Evacuate Collection Set: 0.0ms
[2020-12-24T00:04:07.153-0400][gc,phases      ] GC(378652)   Evacuate Collection Set: 4.0ms
[2020-12-24T00:04:07.153-0400][gc,phases      ] GC(378652)   Post Evacuate Collection Set: 1.7ms
[2020-12-24T00:04:07.153-0400][gc,phases      ] GC(378652)   Other: 0.9ms
[2020-12-24T00:04:07.153-0400][gc,heap        ] GC(378652) Eden regions: 10->0(10)
[2020-12-24T00:04:07.154-0400][gc,heap        ] GC(378652) Survivor regions: 1->1(2)
[2020-12-24T00:04:07.154-0400][gc,heap        ] GC(378652) Old regions: 46->46
[2020-12-24T00:04:07.154-0400][gc,heap        ] GC(378652) Humongous regions: 4->4
[2020-12-24T00:04:07.154-0400][gc,metaspace   ] GC(378652) Metaspace: 61008K->61008K(1107968K)
[2020-12-24T00:04:07.154-0400][gc,heap        ] GC(378652) Heap after GC invocations=378629 (full 10969): garbage-first heap   total 71680K, used 49412K [0x0000000083000000, 0x0000000100000000)
[2020-12-24T00:04:07.154-0400][gc,heap        ] GC(378652)   region size 1024K, 1 young (1024K), 1 survivors (1024K)
[2020-12-24T00:04:07.154-0400][gc,heap        ] GC(378652)  Metaspace       used 61008K, capacity 63721K, committed 64768K, reserved 1107968K
[2020-12-24T00:04:07.154-0400][gc,heap        ] GC(378652)   class space    used 5712K, capacity 6559K, committed 6912K, reserved 1048576K
[2020-12-24T00:04:07.154-0400][gc             ] GC(378652) Pause Young (Normal) (G1 Evacuation Pause) 58M->48M(70M) 7.187ms
[2020-12-24T00:04:07.154-0400][gc,cpu         ] GC(378652) User=0.01s Sys=0.01s Real=0.00s
[2020-12-24T00:04:33.893-0400][gc,heap        ] GC(378653) Heap before GC invocations=378629 (full 10969): garbage-first heap   total 71680K, used 58628K [0x0000000083000000, 0x0000000100000000)
[2020-12-24T00:04:33.893-0400][gc,heap        ] GC(378653)   region size 1024K, 11 young (11264K), 1 survivors (1024K)
[2020-12-24T00:04:33.893-0400][gc,heap        ] GC(378653)  Metaspace       used 61008K, capacity 63721K, committed 64768K, reserved 1107968K
[2020-12-24T00:04:33.894-0400][gc,heap        ] GC(378653)   class space    used 5712K, capacity 6559K, committed 6912K, reserved 1048576K
[2020-12-24T00:04:33.894-0400][gc,start       ] GC(378653) Pause Young (Normal) (G1 Evacuation Pause)
[2020-12-24T00:04:33.894-0400][gc,task        ] GC(378653) Using 4 workers of 4 for evacuation
[2020-12-24T00:04:33.900-0400][gc,phases      ] GC(378653)   Pre Evacuate Collection Set: 0.0ms
[2020-12-24T00:04:33.900-0400][gc,phases      ] GC(378653)   Evacuate Collection Set: 3.8ms
[2020-12-24T00:04:33.900-0400][gc,phases      ] GC(378653)   Post Evacuate Collection Set: 1.8ms
[2020-12-24T00:04:33.900-0400][gc,phases      ] GC(378653)   Other: 1.3ms
[2020-12-24T00:04:33.900-0400][gc,heap        ] GC(378653) Eden regions: 10->0(10)
[2020-12-24T00:04:33.900-0400][gc,heap        ] GC(378653) Survivor regions: 1->1(2)
[2020-12-24T00:04:33.900-0400][gc,heap        ] GC(378653) Old regions: 46->46
[2020-12-24T00:04:33.900-0400][gc,heap        ] GC(378653) Humongous regions: 4->4
[2020-12-24T00:04:33.900-0400][gc,metaspace   ] GC(378653) Metaspace: 61008K->61008K(1107968K)
[2020-12-24T00:04:33.900-0400][gc,heap        ] GC(378653) Heap after GC invocations=378630 (full 10969): garbage-first heap   total 71680K, used 49371K [0x0000000083000000, 0x0000000100000000)
[2020-12-24T00:04:33.900-0400][gc,heap        ] GC(378653)   region size 1024K, 1 young (1024K), 1 survivors (1024K)
[2020-12-24T00:04:33.900-0400][gc,heap        ] GC(378653)  Metaspace       used 61008K, capacity 63721K, committed 64768K, reserved 1107968K
[2020-12-24T00:04:33.900-0400][gc,heap        ] GC(378653)   class space    used 5712K, capacity 6559K, committed 6912K, reserved 1048576K
[2020-12-24T00:04:33.901-0400][gc             ] GC(378653) Pause Young (Normal) (G1 Evacuation Pause) 58M->48M(70M) 6.809ms
[2020-12-24T00:04:33.901-0400][gc,cpu         ] GC(378653) User=0.01s Sys=0.01s Real=0.01s
[2020-12-24T00:04:59.573-0400][gc,heap        ] GC(378654) Heap before GC invocations=378630 (full 10969): garbage-first heap   total 71680K, used 58587K [0x0000000083000000, 0x0000000100000000)
[2020-12-24T00:04:59.574-0400][gc,heap        ] GC(378654)   region size 1024K, 11 young (11264K), 1 survivors (1024K)
[2020-12-24T00:04:59.574-0400][gc,heap        ] GC(378654)  Metaspace       used 61008K, capacity 63721K, committed 64768K, reserved 1107968K
[2020-12-24T00:04:59.574-0400][gc,heap        ] GC(378654)   class space    used 5712K, capacity 6559K, committed 6912K, reserved 1048576K
[2020-12-24T00:04:59.574-0400][gc,start       ] GC(378654) Pause Young (Normal) (G1 Evacuation Pause)
[2020-12-24T00:04:59.574-0400][gc,task        ] GC(378654) Using 4 workers of 4 for evacuation
[2020-12-24T00:04:59.580-0400][gc,phases      ] GC(378654)   Pre Evacuate Collection Set: 0.0ms
[2020-12-24T00:04:59.580-0400][gc,phases      ] GC(378654)   Evacuate Collection Set: 4.0ms
[2020-12-24T00:04:59.581-0400][gc,phases      ] GC(378654)   Post Evacuate Collection Set: 1.8ms
[2020-12-24T00:04:59.581-0400][gc,phases      ] GC(378654)   Other: 1.1ms
[2020-12-24T00:04:59.581-0400][gc,heap        ] GC(378654) Eden regions: 10->0(10)
[2020-12-24T00:04:59.581-0400][gc,heap        ] GC(378654) Survivor regions: 1->1(2)
[2020-12-24T00:04:59.581-0400][gc,heap        ] GC(378654) Old regions: 46->46
[2020-12-24T00:04:59.581-0400][gc,heap        ] GC(378654) Humongous regions: 4->4
[2020-12-24T00:04:59.581-0400][gc,metaspace   ] GC(378654) Metaspace: 61008K->61008K(1107968K)
[2020-12-24T00:04:59.581-0400][gc,heap        ] GC(378654) Heap after GC invocations=378631 (full 10969): garbage-first heap   total 71680K, used 49376K [0x0000000083000000, 0x0000000100000000)
[2020-12-24T00:04:59.581-0400][gc,heap        ] GC(378654)   region size 1024K, 1 young (1024K), 1 survivors (1024K)
[2020-12-24T00:04:59.581-0400][gc,heap        ] GC(378654)  Metaspace       used 61008K, capacity 63721K, committed 64768K, reserved 1107968K
[2020-12-24T00:04:59.581-0400][gc,heap        ] GC(378654)   class space    used 5712K, capacity 6559K, committed 6912K, reserved 1048576K
[2020-12-24T00:04:59.581-0400][gc             ] GC(378654) Pause Young (Normal) (G1 Evacuation Pause) 58M->48M(70M) 7.255ms
[2020-12-24T00:04:59.581-0400][gc,cpu         ] GC(378654) User=0.02s Sys=0.00s Real=0.01s
[2020-12-24T00:05:13.893-0400][gc,heap        ] GC(378655) Heap before GC invocations=378631 (full 10969): garbage-first heap   total 71680K, used 58592K [0x0000000083000000, 0x0000000100000000)
[2020-12-24T00:05:13.893-0400][gc,heap        ] GC(378655)   region size 1024K, 11 young (11264K), 1 survivors (1024K)
[2020-12-24T00:05:13.893-0400][gc,heap        ] GC(378655)  Metaspace       used 61008K, capacity 63721K, committed 64768K, reserved 1107968K
[2020-12-24T00:05:13.893-0400][gc,heap        ] GC(378655)   class space    used 5712K, capacity 6559K, committed 6912K, reserved 1048576K
[2020-12-24T00:05:13.893-0400][gc,start       ] GC(378655) Pause Young (Normal) (G1 Evacuation Pause)
[2020-12-24T00:05:13.893-0400][gc,task        ] GC(378655) Using 4 workers of 4 for evacuation
[2020-12-24T00:05:13.899-0400][gc,phases      ] GC(378655)   Pre Evacuate Collection Set: 0.0ms
[2020-12-24T00:05:13.899-0400][gc,phases      ] GC(378655)   Evacuate Collection Set: 3.8ms
[2020-12-24T00:05:13.899-0400][gc,phases      ] GC(378655)   Post Evacuate Collection Set: 1.5ms
[2020-12-24T00:05:13.899-0400][gc,phases      ] GC(378655)   Other: 0.8ms
[2020-12-24T00:05:13.899-0400][gc,heap        ] GC(378655) Eden regions: 10->0(10)
[2020-12-24T00:05:13.899-0400][gc,heap        ] GC(378655) Survivor regions: 1->1(2)
[2020-12-24T00:05:13.899-0400][gc,heap        ] GC(378655) Old regions: 46->46
[2020-12-24T00:05:13.899-0400][gc,heap        ] GC(378655) Humongous regions: 4->4
[2020-12-24T00:05:13.899-0400][gc,metaspace   ] GC(378655) Metaspace: 61008K->61008K(1107968K)
[2020-12-24T00:05:13.899-0400][gc,heap        ] GC(378655) Heap after GC invocations=378632 (full 10969): garbage-first heap   total 71680K, used 49365K [0x0000000083000000, 0x0000000100000000)
[2020-12-24T00:05:13.899-0400][gc,heap        ] GC(378655)   region size 1024K, 1 young (1024K), 1 survivors (1024K)
[2020-12-24T00:05:13.899-0400][gc,heap        ] GC(378655)  Metaspace       used 61008K, capacity 63721K, committed 64768K, reserved 1107968K
[2020-12-24T00:05:13.899-0400][gc,heap        ] GC(378655)   class space    used 5712K, capacity 6559K, committed 6912K, reserved 1048576K
[2020-12-24T00:05:13.900-0400][gc             ] GC(378655) Pause Young (Normal) (G1 Evacuation Pause) 58M->48M(70M) 6.494ms
[2020-12-24T00:05:13.900-0400][gc,cpu         ] GC(378655) User=0.01s Sys=0.01s Real=0.01s
[2020-12-24T00:05:48.000-0400][gc,heap        ] GC(378656) Heap before GC invocations=378632 (full 10969): garbage-first heap   total 71680K, used 58581K [0x0000000083000000, 0x0000000100000000)
[2020-12-24T00:05:48.000-0400][gc,heap        ] GC(378656)   region size 1024K, 11 young (11264K), 1 survivors (1024K)
[2020-12-24T00:05:48.000-0400][gc,heap        ] GC(378656)  Metaspace       used 61008K, capacity 63721K, committed 64768K, reserved 1107968K
[2020-12-24T00:05:48.000-0400][gc,heap        ] GC(378656)   class space    used 5712K, capacity 6559K, committed 6912K, reserved 1048576K
[2020-12-24T00:05:48.000-0400][gc,start       ] GC(378656) Pause Young (Normal) (G1 Evacuation Pause)
[2020-12-24T00:05:48.000-0400][gc,task        ] GC(378656) Using 4 workers of 4 for evacuation
[2020-12-24T00:05:48.006-0400][gc,phases      ] GC(378656)   Pre Evacuate Collection Set: 0.0ms
[2020-12-24T00:05:48.006-0400][gc,phases      ] GC(378656)   Evacuate Collection Set: 3.5ms
[2020-12-24T00:05:48.006-0400][gc,phases      ] GC(378656)   Post Evacuate Collection Set: 1.9ms
[2020-12-24T00:05:48.007-0400][gc,phases      ] GC(378656)   Other: 1.2ms
[2020-12-24T00:05:48.007-0400][gc,heap        ] GC(378656) Eden regions: 10->0(10)
[2020-12-24T00:05:48.007-0400][gc,heap        ] GC(378656) Survivor regions: 1->1(2)
[2020-12-24T00:05:48.007-0400][gc,heap        ] GC(378656) Old regions: 46->46
[2020-12-24T00:05:48.007-0400][gc,heap        ] GC(378656) Humongous regions: 4->4
[2020-12-24T00:05:48.007-0400][gc,metaspace   ] GC(378656) Metaspace: 61008K->61008K(1107968K)
[2020-12-24T00:05:48.007-0400][gc,heap        ] GC(378656) Heap after GC invocations=378633 (full 10969): garbage-first heap   total 71680K, used 49314K [0x0000000083000000, 0x0000000100000000)
[2020-12-24T00:05:48.007-0400][gc,heap        ] GC(378656)   region size 1024K, 1 young (1024K), 1 survivors (1024K)
[2020-12-24T00:05:48.007-0400][gc,heap        ] GC(378656)  Metaspace       used 61008K, capacity 63721K, committed 64768K, reserved 1107968K
[2020-12-24T00:05:48.007-0400][gc,heap        ] GC(378656)   class space    used 5712K, capacity 6559K, committed 6912K, reserved 1048576K
[2020-12-24T00:05:48.007-0400][gc             ] GC(378656) Pause Young (Normal) (G1 Evacuation Pause) 58M->48M(70M) 6.914ms
[2020-12-24T00:05:48.007-0400][gc,cpu         ] GC(378656) User=0.01s Sys=0.01s Real=0.01s
[2020-12-24T00:06:08.716-0400][gc,heap        ] GC(378657) Heap before GC invocations=378633 (full 10969): garbage-first heap   total 71680K, used 59554K [0x0000000083000000, 0x0000000100000000)
[2020-12-24T00:06:08.716-0400][gc,heap        ] GC(378657)   region size 1024K, 11 young (11264K), 1 survivors (1024K)
[2020-12-24T00:06:08.716-0400][gc,heap        ] GC(378657)  Metaspace       used 61008K, capacity 63721K, committed 64768K, reserved 1107968K
[2020-12-24T00:06:08.716-0400][gc,heap        ] GC(378657)   class space    used 5712K, capacity 6559K, committed 6912K, reserved 1048576K
[2020-12-24T00:06:08.717-0400][gc,start       ] GC(378657) Pause Young (Normal) (G1 Evacuation Pause)
[2020-12-24T00:06:08.717-0400][gc,task        ] GC(378657) Using 4 workers of 4 for evacuation
[2020-12-24T00:06:08.723-0400][gc,phases      ] GC(378657)   Pre Evacuate Collection Set: 0.0ms
[2020-12-24T00:06:08.723-0400][gc,phases      ] GC(378657)   Evacuate Collection Set: 4.1ms
[2020-12-24T00:06:08.723-0400][gc,phases      ] GC(378657)   Post Evacuate Collection Set: 1.5ms
[2020-12-24T00:06:08.723-0400][gc,phases      ] GC(378657)   Other: 0.9ms
[2020-12-24T00:06:08.723-0400][gc,heap        ] GC(378657) Eden regions: 10->0(10)
[2020-12-24T00:06:08.723-0400][gc,heap        ] GC(378657) Survivor regions: 1->1(2)
[2020-12-24T00:06:08.723-0400][gc,heap        ] GC(378657) Old regions: 46->46
[2020-12-24T00:06:08.723-0400][gc,heap        ] GC(378657) Humongous regions: 4->4
[2020-12-24T00:06:08.723-0400][gc,metaspace   ] GC(378657) Metaspace: 61008K->61008K(1107968K)
[2020-12-24T00:06:08.723-0400][gc,heap        ] GC(378657) Heap after GC invocations=378634 (full 10969): garbage-first heap   total 71680K, used 49460K [0x0000000083000000, 0x0000000100000000)
[2020-12-24T00:06:08.723-0400][gc,heap        ] GC(378657)   region size 1024K, 1 young (1024K), 1 survivors (1024K)
[2020-12-24T00:06:08.723-0400][gc,heap        ] GC(378657)  Metaspace       used 61008K, capacity 63721K, committed 64768K, reserved 1107968K
[2020-12-24T00:06:08.723-0400][gc,heap        ] GC(378657)   class space    used 5712K, capacity 6559K, committed 6912K, reserved 1048576K
[2020-12-24T00:06:08.723-0400][gc             ] GC(378657) Pause Young (Normal) (G1 Evacuation Pause) 58M->48M(70M) 6.910ms
[2020-12-24T00:06:08.724-0400][gc,cpu         ] GC(378657) User=0.01s Sys=0.01s Real=0.00s
[2020-12-24T00:06:33.143-0400][gc,heap        ] GC(378658) Heap before GC invocations=378634 (full 10969): garbage-first heap   total 71680K, used 58676K [0x0000000083000000, 0x0000000100000000)
[2020-12-24T00:06:33.144-0400][gc,heap        ] GC(378658)   region size 1024K, 11 young (11264K), 1 survivors (1024K)
[2020-12-24T00:06:33.144-0400][gc,heap        ] GC(378658)  Metaspace       used 61008K, capacity 63721K, committed 64768K, reserved 1107968K
[2020-12-24T00:06:33.144-0400][gc,heap        ] GC(378658)   class space    used 5712K, capacity 6559K, committed 6912K, reserved 1048576K
[2020-12-24T00:06:33.144-0400][gc,start       ] GC(378658) Pause Young (Normal) (G1 Evacuation Pause)
[2020-12-24T00:06:33.144-0400][gc,task        ] GC(378658) Using 4 workers of 4 for evacuation
[2020-12-24T00:06:33.150-0400][gc,phases      ] GC(378658)   Pre Evacuate Collection Set: 0.0ms
[2020-12-24T00:06:33.150-0400][gc,phases      ] GC(378658)   Evacuate Collection Set: 3.7ms
[2020-12-24T00:06:33.150-0400][gc,phases      ] GC(378658)   Post Evacuate Collection Set: 1.8ms
[2020-12-24T00:06:33.150-0400][gc,phases      ] GC(378658)   Other: 0.9ms
[2020-12-24T00:06:33.150-0400][gc,heap        ] GC(378658) Eden regions: 10->0(10)
[2020-12-24T00:06:33.150-0400][gc,heap        ] GC(378658) Survivor regions: 1->1(2)
[2020-12-24T00:06:33.150-0400][gc,heap        ] GC(378658) Old regions: 46->46
[2020-12-24T00:06:33.150-0400][gc,heap        ] GC(378658) Humongous regions: 4->4
[2020-12-24T00:06:33.150-0400][gc,metaspace   ] GC(378658) Metaspace: 61008K->61008K(1107968K)
[2020-12-24T00:06:33.150-0400][gc,heap        ] GC(378658) Heap after GC invocations=378635 (full 10969): garbage-first heap   total 71680K, used 49376K [0x0000000083000000, 0x0000000100000000)
[2020-12-24T00:06:33.150-0400][gc,heap        ] GC(378658)   region size 1024K, 1 young (1024K), 1 survivors (1024K)
[2020-12-24T00:06:33.150-0400][gc,heap        ] GC(378658)  Metaspace       used 61008K, capacity 63721K, committed 64768K, reserved 1107968K
[2020-12-24T00:06:33.150-0400][gc,heap        ] GC(378658)   class space    used 5712K, capacity 6559K, committed 6912K, reserved 1048576K
[2020-12-24T00:06:33.150-0400][gc             ] GC(378658) Pause Young (Normal) (G1 Evacuation Pause) 58M->48M(70M) 6.689ms
[2020-12-24T00:06:33.151-0400][gc,cpu         ] GC(378658) User=0.02s Sys=0.00s Real=0.01s
[2020-12-24T00:06:50.924-0400][gc,task        ] GC(378659) Using 3 workers of 4 for full compaction
[2020-12-24T00:06:50.924-0400][gc,start       ] GC(378659) Pause Full (System.gc())
[2020-12-24T00:06:50.924-0400][gc,heap        ] GC(378659) Heap before GC invocations=378635 (full 10969): garbage-first heap   total 71680K, used 55520K [0x0000000083000000, 0x0000000100000000)
[2020-12-24T00:06:50.924-0400][gc,heap        ] GC(378659)   region size 1024K, 9 young (9216K), 1 survivors (1024K)
[2020-12-24T00:06:50.924-0400][gc,heap        ] GC(378659)  Metaspace       used 61008K, capacity 63721K, committed 64768K, reserved 1107968K
[2020-12-24T00:06:50.924-0400][gc,heap        ] GC(378659)   class space    used 5712K, capacity 6559K, committed 6912K, reserved 1048576K
[2020-12-24T00:06:50.927-0400][gc,phases,start] GC(378659) Phase 1: Mark live objects
[2020-12-24T00:06:51.076-0400][gc,stringtable ] GC(378659) Cleaned string and symbol table, strings: 32207 processed, 0 removed, symbols: 131451 processed, 0 removed
[2020-12-24T00:06:51.076-0400][gc,phases      ] GC(378659) Phase 1: Mark live objects 149.259ms
[2020-12-24T00:06:51.076-0400][gc,phases,start] GC(378659) Phase 2: Prepare for compaction
[2020-12-24T00:06:51.106-0400][gc,phases      ] GC(378659) Phase 2: Prepare for compaction 30.014ms
[2020-12-24T00:06:51.106-0400][gc,phases,start] GC(378659) Phase 3: Adjust pointers
[2020-12-24T00:06:51.186-0400][gc,phases      ] GC(378659) Phase 3: Adjust pointers 80.055ms
[2020-12-24T00:06:51.186-0400][gc,phases,start] GC(378659) Phase 4: Compact heap
[2020-12-24T00:06:51.207-0400][gc,phases      ] GC(378659) Phase 4: Compact heap 20.793ms
[2020-12-24T00:06:51.242-0400][gc,heap        ] GC(378659) Eden regions: 8->0(11)
[2020-12-24T00:06:51.242-0400][gc,heap        ] GC(378659) Survivor regions: 1->0(2)
[2020-12-24T00:06:51.242-0400][gc,heap        ] GC(378659) Old regions: 46->46
[2020-12-24T00:06:51.242-0400][gc,heap        ] GC(378659) Humongous regions: 4->4
[2020-12-24T00:06:51.242-0400][gc,metaspace   ] GC(378659) Metaspace: 61008K->61008K(1107968K)
[2020-12-24T00:06:51.242-0400][gc,heap        ] GC(378659) Heap after GC invocations=378636 (full 10970): garbage-first heap   total 71680K, used 48751K [0x0000000083000000, 0x0000000100000000)
[2020-12-24T00:06:51.242-0400][gc,heap        ] GC(378659)   region size 1024K, 0 young (0K), 0 survivors (0K)
[2020-12-24T00:06:51.242-0400][gc,heap        ] GC(378659)  Metaspace       used 61008K, capacity 63721K, committed 64768K, reserved 1107968K
[2020-12-24T00:06:51.242-0400][gc,heap        ] GC(378659)   class space    used 5712K, capacity 6559K, committed 6912K, reserved 1048576K
[2020-12-24T00:06:51.243-0400][gc             ] GC(378659) Pause Full (System.gc()) 55M->47M(70M) 318.816ms
[2020-12-24T00:06:51.243-0400][gc,cpu         ] GC(378659) User=0.63s Sys=0.23s Real=0.32s
[2020-12-24T00:07:19.773-0400][gc,heap        ] GC(378660) Heap before GC invocations=378636 (full 10970): garbage-first heap   total 71680K, used 58991K [0x0000000083000000, 0x0000000100000000)
[2020-12-24T00:07:19.773-0400][gc,heap        ] GC(378660)   region size 1024K, 11 young (11264K), 0 survivors (0K)
[2020-12-24T00:07:19.773-0400][gc,heap        ] GC(378660)  Metaspace       used 61008K, capacity 63721K, committed 64768K, reserved 1107968K
[2020-12-24T00:07:19.773-0400][gc,heap        ] GC(378660)   class space    used 5712K, capacity 6559K, committed 6912K, reserved 1048576K
[2020-12-24T00:07:19.773-0400][gc,start       ] GC(378660) Pause Young (Normal) (G1 Evacuation Pause)
[2020-12-24T00:07:19.773-0400][gc,task        ] GC(378660) Using 4 workers of 4 for evacuation
[2020-12-24T00:07:19.779-0400][gc,phases      ] GC(378660)   Pre Evacuate Collection Set: 0.0ms
[2020-12-24T00:07:19.779-0400][gc,phases      ] GC(378660)   Evacuate Collection Set: 3.0ms
[2020-12-24T00:07:19.779-0400][gc,phases      ] GC(378660)   Post Evacuate Collection Set: 2.1ms
[2020-12-24T00:07:19.779-0400][gc,phases      ] GC(378660)   Other: 0.9ms
[2020-12-24T00:07:19.779-0400][gc,heap        ] GC(378660) Eden regions: 11->0(10)
[2020-12-24T00:07:19.779-0400][gc,heap        ] GC(378660) Survivor regions: 0->1(2)
[2020-12-24T00:07:19.779-0400][gc,heap        ] GC(378660) Old regions: 46->46
[2020-12-24T00:07:19.779-0400][gc,heap        ] GC(378660) Humongous regions: 4->4
[2020-12-24T00:07:19.779-0400][gc,metaspace   ] GC(378660) Metaspace: 61008K->61008K(1107968K)
[2020-12-24T00:07:19.779-0400][gc,heap        ] GC(378660) Heap after GC invocations=378637 (full 10970): garbage-first heap   total 71680K, used 49053K [0x0000000083000000, 0x0000000100000000)
[2020-12-24T00:07:19.779-0400][gc,heap        ] GC(378660)   region size 1024K, 1 young (1024K), 1 survivors (1024K)
[2020-12-24T00:07:19.779-0400][gc,heap        ] GC(378660)  Metaspace       used 61008K, capacity 63721K, committed 64768K, reserved 1107968K
[2020-12-24T00:07:19.779-0400][gc,heap        ] GC(378660)   class space    used 5712K, capacity 6559K, committed 6912K, reserved 1048576K
[2020-12-24T00:07:19.779-0400][gc             ] GC(378660) Pause Young (Normal) (G1 Evacuation Pause) 58M->47M(70M) 6.384ms
[2020-12-24T00:07:19.779-0400][gc,cpu         ] GC(378660) User=0.01s Sys=0.01s Real=0.01s
[2020-12-24T00:07:49.391-0400][gc,heap        ] GC(378661) Heap before GC invocations=378637 (full 10970): garbage-first heap   total 71680K, used 58269K [0x0000000083000000, 0x0000000100000000)
[2020-12-24T00:07:49.391-0400][gc,heap        ] GC(378661)   region size 1024K, 11 young (11264K), 1 survivors (1024K)
[2020-12-24T00:07:49.391-0400][gc,heap        ] GC(378661)  Metaspace       used 61008K, capacity 63721K, committed 64768K, reserved 1107968K
[2020-12-24T00:07:49.391-0400][gc,heap        ] GC(378661)   class space    used 5712K, capacity 6559K, committed 6912K, reserved 1048576K
[2020-12-24T00:07:49.391-0400][gc,start       ] GC(378661) Pause Young (Normal) (G1 Evacuation Pause)
[2020-12-24T00:07:49.391-0400][gc,task        ] GC(378661) Using 4 workers of 4 for evacuation
[2020-12-24T00:07:49.396-0400][gc,phases      ] GC(378661)   Pre Evacuate Collection Set: 0.0ms
[2020-12-24T00:07:49.396-0400][gc,phases      ] GC(378661)   Evacuate Collection Set: 3.2ms
[2020-12-24T00:07:49.397-0400][gc,phases      ] GC(378661)   Post Evacuate Collection Set: 1.6ms
[2020-12-24T00:07:49.397-0400][gc,phases      ] GC(378661)   Other: 0.9ms
[2020-12-24T00:07:49.397-0400][gc,heap        ] GC(378661) Eden regions: 10->0(10)
[2020-12-24T00:07:49.397-0400][gc,heap        ] GC(378661) Survivor regions: 1->1(2)
[2020-12-24T00:07:49.397-0400][gc,heap        ] GC(378661) Old regions: 46->46
[2020-12-24T00:07:49.397-0400][gc,heap        ] GC(378661) Humongous regions: 4->4
[2020-12-24T00:07:49.397-0400][gc,metaspace   ] GC(378661) Metaspace: 61008K->61008K(1107968K)
[2020-12-24T00:07:49.397-0400][gc,heap        ] GC(378661) Heap after GC invocations=378638 (full 10970): garbage-first heap   total 71680K, used 49126K [0x0000000083000000, 0x0000000100000000)
[2020-12-24T00:07:49.397-0400][gc,heap        ] GC(378661)   region size 1024K, 1 young (1024K), 1 survivors (1024K)
[2020-12-24T00:07:49.397-0400][gc,heap        ] GC(378661)  Metaspace       used 61008K, capacity 63721K, committed 64768K, reserved 1107968K
[2020-12-24T00:07:49.397-0400][gc,heap        ] GC(378661)   class space    used 5712K, capacity 6559K, committed 6912K, reserved 1048576K
[2020-12-24T00:07:49.397-0400][gc             ] GC(378661) Pause Young (Normal) (G1 Evacuation Pause) 57M->47M(70M) 6.149ms
[2020-12-24T00:07:49.397-0400][gc,cpu         ] GC(378661) User=0.02s Sys=0.00s Real=0.01s
[2020-12-24T00:08:07.527-0400][gc,heap        ] GC(378662) Heap before GC invocations=378638 (full 10970): garbage-first heap   total 71680K, used 58342K [0x0000000083000000, 0x0000000100000000)
[2020-12-24T00:08:07.527-0400][gc,heap        ] GC(378662)   region size 1024K, 11 young (11264K), 1 survivors (1024K)
[2020-12-24T00:08:07.527-0400][gc,heap        ] GC(378662)  Metaspace       used 61008K, capacity 63721K, committed 64768K, reserved 1107968K
[2020-12-24T00:08:07.527-0400][gc,heap        ] GC(378662)   class space    used 5712K, capacity 6559K, committed 6912K, reserved 1048576K
[2020-12-24T00:08:07.527-0400][gc,start       ] GC(378662) Pause Young (Normal) (G1 Evacuation Pause)
[2020-12-24T00:08:07.528-0400][gc,task        ] GC(378662) Using 4 workers of 4 for evacuation
[2020-12-24T00:08:07.534-0400][gc,phases      ] GC(378662)   Pre Evacuate Collection Set: 0.0ms
[2020-12-24T00:08:07.534-0400][gc,phases      ] GC(378662)   Evacuate Collection Set: 4.1ms
[2020-12-24T00:08:07.534-0400][gc,phases      ] GC(378662)   Post Evacuate Collection Set: 1.7ms
[2020-12-24T00:08:07.534-0400][gc,phases      ] GC(378662)   Other: 0.9ms
[2020-12-24T00:08:07.534-0400][gc,heap        ] GC(378662) Eden regions: 10->0(10)
[2020-12-24T00:08:07.534-0400][gc,heap        ] GC(378662) Survivor regions: 1->1(2)
[2020-12-24T00:08:07.534-0400][gc,heap        ] GC(378662) Old regions: 46->46
[2020-12-24T00:08:07.534-0400][gc,heap        ] GC(378662) Humongous regions: 4->4
[2020-12-24T00:08:07.534-0400][gc,metaspace   ] GC(378662) Metaspace: 61008K->61008K(1107968K)
[2020-12-24T00:08:07.534-0400][gc,heap        ] GC(378662) Heap after GC invocations=378639 (full 10970): garbage-first heap   total 71680K, used 49261K [0x0000000083000000, 0x0000000100000000)
[2020-12-24T00:08:07.534-0400][gc,heap        ] GC(378662)   region size 1024K, 1 young (1024K), 1 survivors (1024K)
[2020-12-24T00:08:07.534-0400][gc,heap        ] GC(378662)  Metaspace       used 61008K, capacity 63721K, committed 64768K, reserved 1107968K
[2020-12-24T00:08:07.534-0400][gc,heap        ] GC(378662)   class space    used 5712K, capacity 6559K, committed 6912K, reserved 1048576K
[2020-12-24T00:08:07.535-0400][gc             ] GC(378662) Pause Young (Normal) (G1 Evacuation Pause) 57M->48M(70M) 7.107ms
[2020-12-24T00:08:07.535-0400][gc,cpu         ] GC(378662) User=0.02s Sys=0.00s Real=0.00s
[2020-12-24T00:08:08.808-0400][gc,heap        ] GC(378663) Heap before GC invocations=378639 (full 10970): garbage-first heap   total 71680K, used 58477K [0x0000000083000000, 0x0000000100000000)
[2020-12-24T00:08:08.808-0400][gc,heap        ] GC(378663)   region size 1024K, 11 young (11264K), 1 survivors (1024K)
[2020-12-24T00:08:08.808-0400][gc,heap        ] GC(378663)  Metaspace       used 61008K, capacity 63721K, committed 64768K, reserved 1107968K
[2020-12-24T00:08:08.808-0400][gc,heap        ] GC(378663)   class space    used 5712K, capacity 6559K, committed 6912K, reserved 1048576K
[2020-12-24T00:08:08.809-0400][gc,start       ] GC(378663) Pause Young (Normal) (G1 Evacuation Pause)
[2020-12-24T00:08:08.809-0400][gc,task        ] GC(378663) Using 4 workers of 4 for evacuation
[2020-12-24T00:08:08.817-0400][gc,phases      ] GC(378663)   Pre Evacuate Collection Set: 0.0ms
[2020-12-24T00:08:08.817-0400][gc,phases      ] GC(378663)   Evacuate Collection Set: 5.7ms
[2020-12-24T00:08:08.817-0400][gc,phases      ] GC(378663)   Post Evacuate Collection Set: 1.7ms
[2020-12-24T00:08:08.817-0400][gc,phases      ] GC(378663)   Other: 1.0ms
[2020-12-24T00:08:08.817-0400][gc,heap        ] GC(378663) Eden regions: 10->0(10)
[2020-12-24T00:08:08.817-0400][gc,heap        ] GC(378663) Survivor regions: 1->1(2)
[2020-12-24T00:08:08.817-0400][gc,heap        ] GC(378663) Old regions: 46->46
[2020-12-24T00:08:08.817-0400][gc,heap        ] GC(378663) Humongous regions: 4->4
[2020-12-24T00:08:08.817-0400][gc,metaspace   ] GC(378663) Metaspace: 61008K->61008K(1107968K)
[2020-12-24T00:08:08.817-0400][gc,heap        ] GC(378663) Heap after GC invocations=378640 (full 10970): garbage-first heap   total 71680K, used 49494K [0x0000000083000000, 0x0000000100000000)
[2020-12-24T00:08:08.817-0400][gc,heap        ] GC(378663)   region size 1024K, 1 young (1024K), 1 survivors (1024K)
[2020-12-24T00:08:08.817-0400][gc,heap        ] GC(378663)  Metaspace       used 61008K, capacity 63721K, committed 64768K, reserved 1107968K
[2020-12-24T00:08:08.817-0400][gc,heap        ] GC(378663)   class space    used 5712K, capacity 6559K, committed 6912K, reserved 1048576K
[2020-12-24T00:08:08.817-0400][gc             ] GC(378663) Pause Young (Normal) (G1 Evacuation Pause) 58M->48M(70M) 8.669ms
[2020-12-24T00:08:08.818-0400][gc,cpu         ] GC(378663) User=0.01s Sys=0.01s Real=0.01s
[2020-12-24T00:08:10.454-0400][gc,heap        ] GC(378664) Heap before GC invocations=378640 (full 10970): garbage-first heap   total 71680K, used 58710K [0x0000000083000000, 0x0000000100000000)
[2020-12-24T00:08:10.454-0400][gc,heap        ] GC(378664)   region size 1024K, 11 young (11264K), 1 survivors (1024K)
[2020-12-24T00:08:10.454-0400][gc,heap        ] GC(378664)  Metaspace       used 61008K, capacity 63721K, committed 64768K, reserved 1107968K
[2020-12-24T00:08:10.454-0400][gc,heap        ] GC(378664)   class space    used 5712K, capacity 6559K, committed 6912K, reserved 1048576K
[2020-12-24T00:08:10.454-0400][gc,start       ] GC(378664) Pause Young (Normal) (G1 Evacuation Pause)
[2020-12-24T00:08:10.455-0400][gc,task        ] GC(378664) Using 4 workers of 4 for evacuation
[2020-12-24T00:08:10.461-0400][gc,phases      ] GC(378664)   Pre Evacuate Collection Set: 0.0ms
[2020-12-24T00:08:10.461-0400][gc,phases      ] GC(378664)   Evacuate Collection Set: 4.8ms
[2020-12-24T00:08:10.461-0400][gc,phases      ] GC(378664)   Post Evacuate Collection Set: 1.5ms
[2020-12-24T00:08:10.462-0400][gc,phases      ] GC(378664)   Other: 0.9ms
[2020-12-24T00:08:10.462-0400][gc,heap        ] GC(378664) Eden regions: 10->0(10)
[2020-12-24T00:08:10.462-0400][gc,heap        ] GC(378664) Survivor regions: 1->1(2)
[2020-12-24T00:08:10.462-0400][gc,heap        ] GC(378664) Old regions: 46->46
[2020-12-24T00:08:10.462-0400][gc,heap        ] GC(378664) Humongous regions: 4->4
[2020-12-24T00:08:10.462-0400][gc,metaspace   ] GC(378664) Metaspace: 61008K->61008K(1107968K)
[2020-12-24T00:08:10.462-0400][gc,heap        ] GC(378664) Heap after GC invocations=378641 (full 10970): garbage-first heap   total 71680K, used 49548K [0x0000000083000000, 0x0000000100000000)
[2020-12-24T00:08:10.462-0400][gc,heap        ] GC(378664)   region size 1024K, 1 young (1024K), 1 survivors (1024K)
[2020-12-24T00:08:10.462-0400][gc,heap        ] GC(378664)  Metaspace       used 61008K, capacity 63721K, committed 64768K, reserved 1107968K
[2020-12-24T00:08:10.462-0400][gc,heap        ] GC(378664)   class space    used 5712K, capacity 6559K, committed 6912K, reserved 1048576K
[2020-12-24T00:08:10.462-0400][gc             ] GC(378664) Pause Young (Normal) (G1 Evacuation Pause) 58M->48M(70M) 7.710ms
[2020-12-24T00:08:10.462-0400][gc,cpu         ] GC(378664) User=0.01s Sys=0.01s Real=0.01s
[2020-12-24T00:08:29.458-0400][gc,heap        ] GC(378665) Heap before GC invocations=378641 (full 10970): garbage-first heap   total 71680K, used 59788K [0x0000000083000000, 0x0000000100000000)
[2020-12-24T00:08:29.458-0400][gc,heap        ] GC(378665)   region size 1024K, 11 young (11264K), 1 survivors (1024K)
[2020-12-24T00:08:29.458-0400][gc,heap        ] GC(378665)  Metaspace       used 61008K, capacity 63721K, committed 64768K, reserved 1107968K
[2020-12-24T00:08:29.459-0400][gc,heap        ] GC(378665)   class space    used 5712K, capacity 6559K, committed 6912K, reserved 1048576K
[2020-12-24T00:08:29.459-0400][gc,start       ] GC(378665) Pause Young (Normal) (G1 Evacuation Pause)
[2020-12-24T00:08:29.459-0400][gc,task        ] GC(378665) Using 4 workers of 4 for evacuation
[2020-12-24T00:08:29.465-0400][gc,phases      ] GC(378665)   Pre Evacuate Collection Set: 0.0ms
[2020-12-24T00:08:29.466-0400][gc,phases      ] GC(378665)   Evacuate Collection Set: 4.7ms
[2020-12-24T00:08:29.466-0400][gc,phases      ] GC(378665)   Post Evacuate Collection Set: 1.4ms
[2020-12-24T00:08:29.466-0400][gc,phases      ] GC(378665)   Other: 0.9ms
[2020-12-24T00:08:29.466-0400][gc,heap        ] GC(378665) Eden regions: 10->0(10)
[2020-12-24T00:08:29.466-0400][gc,heap        ] GC(378665) Survivor regions: 1->1(2)
[2020-12-24T00:08:29.466-0400][gc,heap        ] GC(378665) Old regions: 46->46
[2020-12-24T00:08:29.466-0400][gc,heap        ] GC(378665) Humongous regions: 4->4
[2020-12-24T00:08:29.466-0400][gc,metaspace   ] GC(378665) Metaspace: 61008K->61008K(1107968K)
[2020-12-24T00:08:29.466-0400][gc,heap        ] GC(378665) Heap after GC invocations=378642 (full 10970): garbage-first heap   total 71680K, used 49483K [0x0000000083000000, 0x0000000100000000)
[2020-12-24T00:08:29.466-0400][gc,heap        ] GC(378665)   region size 1024K, 1 young (1024K), 1 survivors (1024K)
[2020-12-24T00:08:29.466-0400][gc,heap        ] GC(378665)  Metaspace       used 61008K, capacity 63721K, committed 64768K, reserved 1107968K
[2020-12-24T00:08:29.466-0400][gc,heap        ] GC(378665)   class space    used 5712K, capacity 6559K, committed 6912K, reserved 1048576K
[2020-12-24T00:08:29.466-0400][gc             ] GC(378665) Pause Young (Normal) (G1 Evacuation Pause) 58M->48M(70M) 7.519ms
[2020-12-24T00:08:29.466-0400][gc,cpu         ] GC(378665) User=0.03s Sys=0.00s Real=0.01s
[2020-12-24T00:08:55.740-0400][gc,heap        ] GC(378666) Heap before GC invocations=378642 (full 10970): garbage-first heap   total 71680K, used 58699K [0x0000000083000000, 0x0000000100000000)
[2020-12-24T00:08:55.740-0400][gc,heap        ] GC(378666)   region size 1024K, 11 young (11264K), 1 survivors (1024K)
[2020-12-24T00:08:55.740-0400][gc,heap        ] GC(378666)  Metaspace       used 61008K, capacity 63721K, committed 64768K, reserved 1107968K
[2020-12-24T00:08:55.740-0400][gc,heap        ] GC(378666)   class space    used 5712K, capacity 6559K, committed 6912K, reserved 1048576K
[2020-12-24T00:08:55.741-0400][gc,start       ] GC(378666) Pause Young (Normal) (G1 Evacuation Pause)
[2020-12-24T00:08:55.741-0400][gc,task        ] GC(378666) Using 4 workers of 4 for evacuation
[2020-12-24T00:08:55.747-0400][gc,phases      ] GC(378666)   Pre Evacuate Collection Set: 0.0ms
[2020-12-24T00:08:55.747-0400][gc,phases      ] GC(378666)   Evacuate Collection Set: 4.5ms
[2020-12-24T00:08:55.747-0400][gc,phases      ] GC(378666)   Post Evacuate Collection Set: 1.4ms
[2020-12-24T00:08:55.747-0400][gc,phases      ] GC(378666)   Other: 1.0ms
[2020-12-24T00:08:55.747-0400][gc,heap        ] GC(378666) Eden regions: 10->0(10)
[2020-12-24T00:08:55.747-0400][gc,heap        ] GC(378666) Survivor regions: 1->1(2)
[2020-12-24T00:08:55.747-0400][gc,heap        ] GC(378666) Old regions: 46->46
[2020-12-24T00:08:55.747-0400][gc,heap        ] GC(378666) Humongous regions: 4->4
[2020-12-24T00:08:55.748-0400][gc,metaspace   ] GC(378666) Metaspace: 61008K->61008K(1107968K)
[2020-12-24T00:08:55.748-0400][gc,heap        ] GC(378666) Heap after GC invocations=378643 (full 10970): garbage-first heap   total 71680K, used 49495K [0x0000000083000000, 0x0000000100000000)
[2020-12-24T00:08:55.748-0400][gc,heap        ] GC(378666)   region size 1024K, 1 young (1024K), 1 survivors (1024K)
[2020-12-24T00:08:55.748-0400][gc,heap        ] GC(378666)  Metaspace       used 61008K, capacity 63721K, committed 64768K, reserved 1107968K
[2020-12-24T00:08:55.748-0400][gc,heap        ] GC(378666)   class space    used 5712K, capacity 6559K, committed 6912K, reserved 1048576K
[2020-12-24T00:08:55.748-0400][gc             ] GC(378666) Pause Young (Normal) (G1 Evacuation Pause) 58M->48M(70M) 7.325ms
[2020-12-24T00:08:55.748-0400][gc,cpu         ] GC(378666) User=0.01s Sys=0.01s Real=0.01s
[2020-12-24T00:09:10.462-0400][gc,heap        ] GC(378667) Heap before GC invocations=378643 (full 10970): garbage-first heap   total 71680K, used 58711K [0x0000000083000000, 0x0000000100000000)
[2020-12-24T00:09:10.462-0400][gc,heap        ] GC(378667)   region size 1024K, 11 young (11264K), 1 survivors (1024K)
[2020-12-24T00:09:10.462-0400][gc,heap        ] GC(378667)  Metaspace       used 61008K, capacity 63721K, committed 64768K, reserved 1107968K
[2020-12-24T00:09:10.462-0400][gc,heap        ] GC(378667)   class space    used 5712K, capacity 6559K, committed 6912K, reserved 1048576K
[2020-12-24T00:09:10.462-0400][gc,start       ] GC(378667) Pause Young (Normal) (G1 Evacuation Pause)
[2020-12-24T00:09:10.463-0400][gc,task        ] GC(378667) Using 4 workers of 4 for evacuation
[2020-12-24T00:09:10.470-0400][gc,phases      ] GC(378667)   Pre Evacuate Collection Set: 0.0ms
[2020-12-24T00:09:10.470-0400][gc,phases      ] GC(378667)   Evacuate Collection Set: 4.5ms
[2020-12-24T00:09:10.470-0400][gc,phases      ] GC(378667)   Post Evacuate Collection Set: 1.9ms
[2020-12-24T00:09:10.470-0400][gc,phases      ] GC(378667)   Other: 1.0ms
[2020-12-24T00:09:10.470-0400][gc,heap        ] GC(378667) Eden regions: 10->0(10)
[2020-12-24T00:09:10.470-0400][gc,heap        ] GC(378667) Survivor regions: 1->1(2)
[2020-12-24T00:09:10.470-0400][gc,heap        ] GC(378667) Old regions: 46->46
[2020-12-24T00:09:10.470-0400][gc,heap        ] GC(378667) Humongous regions: 4->4
[2020-12-24T00:09:10.470-0400][gc,metaspace   ] GC(378667) Metaspace: 61008K->61008K(1107968K)
[2020-12-24T00:09:10.470-0400][gc,heap        ] GC(378667) Heap after GC invocations=378644 (full 10970): garbage-first heap   total 71680K, used 49520K [0x0000000083000000, 0x0000000100000000)
[2020-12-24T00:09:10.470-0400][gc,heap        ] GC(378667)   region size 1024K, 1 young (1024K), 1 survivors (1024K)
[2020-12-24T00:09:10.470-0400][gc,heap        ] GC(378667)  Metaspace       used 61008K, capacity 63721K, committed 64768K, reserved 1107968K
[2020-12-24T00:09:10.470-0400][gc,heap        ] GC(378667)   class space    used 5712K, capacity 6559K, committed 6912K, reserved 1048576K
[2020-12-24T00:09:10.470-0400][gc             ] GC(378667) Pause Young (Normal) (G1 Evacuation Pause) 58M->48M(70M) 7.830ms
[2020-12-24T00:09:10.470-0400][gc,cpu         ] GC(378667) User=0.01s Sys=0.01s Real=0.01s
[2020-12-24T00:09:26.872-0400][gc,heap        ] GC(378668) Heap before GC invocations=378644 (full 10970): garbage-first heap   total 71680K, used 58736K [0x0000000083000000, 0x0000000100000000)
[2020-12-24T00:09:26.872-0400][gc,heap        ] GC(378668)   region size 1024K, 11 young (11264K), 1 survivors (1024K)
[2020-12-24T00:09:26.872-0400][gc,heap        ] GC(378668)  Metaspace       used 61008K, capacity 63721K, committed 64768K, reserved 1107968K
[2020-12-24T00:09:26.872-0400][gc,heap        ] GC(378668)   class space    used 5712K, capacity 6559K, committed 6912K, reserved 1048576K
[2020-12-24T00:09:26.872-0400][gc,start       ] GC(378668) Pause Young (Normal) (G1 Evacuation Pause)
[2020-12-24T00:09:26.872-0400][gc,task        ] GC(378668) Using 4 workers of 4 for evacuation
[2020-12-24T00:09:26.881-0400][gc,phases      ] GC(378668)   Pre Evacuate Collection Set: 0.0ms
[2020-12-24T00:09:26.881-0400][gc,phases      ] GC(378668)   Evacuate Collection Set: 5.8ms
[2020-12-24T00:09:26.881-0400][gc,phases      ] GC(378668)   Post Evacuate Collection Set: 2.2ms
[2020-12-24T00:09:26.881-0400][gc,phases      ] GC(378668)   Other: 1.3ms
[2020-12-24T00:09:26.881-0400][gc,heap        ] GC(378668) Eden regions: 10->0(10)
[2020-12-24T00:09:26.881-0400][gc,heap        ] GC(378668) Survivor regions: 1->1(2)
[2020-12-24T00:09:26.881-0400][gc,heap        ] GC(378668) Old regions: 46->46
[2020-12-24T00:09:26.881-0400][gc,heap        ] GC(378668) Humongous regions: 4->4
[2020-12-24T00:09:26.881-0400][gc,metaspace   ] GC(378668) Metaspace: 61008K->61008K(1107968K)
[2020-12-24T00:09:26.881-0400][gc,heap        ] GC(378668) Heap after GC invocations=378645 (full 10970): garbage-first heap   total 71680K, used 49626K [0x0000000083000000, 0x0000000100000000)
[2020-12-24T00:09:26.881-0400][gc,heap        ] GC(378668)   region size 1024K, 1 young (1024K), 1 survivors (1024K)
[2020-12-24T00:09:26.881-0400][gc,heap        ] GC(378668)  Metaspace       used 61008K, capacity 63721K, committed 64768K, reserved 1107968K
[2020-12-24T00:09:26.881-0400][gc,heap        ] GC(378668)   class space    used 5712K, capacity 6559K, committed 6912K, reserved 1048576K
[2020-12-24T00:09:26.882-0400][gc             ] GC(378668) Pause Young (Normal) (G1 Evacuation Pause) 58M->48M(70M) 9.359ms
[2020-12-24T00:09:26.882-0400][gc,cpu         ] GC(378668) User=0.01s Sys=0.01s Real=0.01s
[2020-12-24T00:09:56.288-0400][gc,heap        ] GC(378669) Heap before GC invocations=378645 (full 10970): garbage-first heap   total 71680K, used 58842K [0x0000000083000000, 0x0000000100000000)
[2020-12-24T00:09:56.289-0400][gc,heap        ] GC(378669)   region size 1024K, 11 young (11264K), 1 survivors (1024K)
[2020-12-24T00:09:56.289-0400][gc,heap        ] GC(378669)  Metaspace       used 61008K, capacity 63721K, committed 64768K, reserved 1107968K
[2020-12-24T00:09:56.289-0400][gc,heap        ] GC(378669)   class space    used 5712K, capacity 6559K, committed 6912K, reserved 1048576K
[2020-12-24T00:09:56.289-0400][gc,start       ] GC(378669) Pause Young (Normal) (G1 Evacuation Pause)
[2020-12-24T00:09:56.289-0400][gc,task        ] GC(378669) Using 4 workers of 4 for evacuation
[2020-12-24T00:09:56.295-0400][gc,phases      ] GC(378669)   Pre Evacuate Collection Set: 0.0ms
[2020-12-24T00:09:56.295-0400][gc,phases      ] GC(378669)   Evacuate Collection Set: 4.1ms
[2020-12-24T00:09:56.295-0400][gc,phases      ] GC(378669)   Post Evacuate Collection Set: 1.5ms
[2020-12-24T00:09:56.295-0400][gc,phases      ] GC(378669)   Other: 0.9ms
[2020-12-24T00:09:56.295-0400][gc,heap        ] GC(378669) Eden regions: 10->0(10)
[2020-12-24T00:09:56.295-0400][gc,heap        ] GC(378669) Survivor regions: 1->1(2)
[2020-12-24T00:09:56.295-0400][gc,heap        ] GC(378669) Old regions: 46->46
[2020-12-24T00:09:56.295-0400][gc,heap        ] GC(378669) Humongous regions: 4->4
[2020-12-24T00:09:56.295-0400][gc,metaspace   ] GC(378669) Metaspace: 61008K->61008K(1107968K)
[2020-12-24T00:09:56.295-0400][gc,heap        ] GC(378669) Heap after GC invocations=378646 (full 10970): garbage-first heap   total 71680K, used 49416K [0x0000000083000000, 0x0000000100000000)
[2020-12-24T00:09:56.295-0400][gc,heap        ] GC(378669)   region size 1024K, 1 young (1024K), 1 survivors (1024K)
[2020-12-24T00:09:56.296-0400][gc,heap        ] GC(378669)  Metaspace       used 61008K, capacity 63721K, committed 64768K, reserved 1107968K
[2020-12-24T00:09:56.296-0400][gc,heap        ] GC(378669)   class space    used 5712K, capacity 6559K, committed 6912K, reserved 1048576K
[2020-12-24T00:09:56.296-0400][gc             ] GC(378669) Pause Young (Normal) (G1 Evacuation Pause) 58M->48M(70M) 6.947ms
[2020-12-24T00:09:56.296-0400][gc,cpu         ] GC(378669) User=0.02s Sys=0.00s Real=0.01s
[2020-12-24T00:10:07.049-0400][gc,heap        ] GC(378670) Heap before GC invocations=378646 (full 10970): garbage-first heap   total 71680K, used 58632K [0x0000000083000000, 0x0000000100000000)
[2020-12-24T00:10:07.049-0400][gc,heap        ] GC(378670)   region size 1024K, 11 young (11264K), 1 survivors (1024K)
[2020-12-24T00:10:07.049-0400][gc,heap        ] GC(378670)  Metaspace       used 61008K, capacity 63721K, committed 64768K, reserved 1107968K
[2020-12-24T00:10:07.050-0400][gc,heap        ] GC(378670)   class space    used 5712K, capacity 6559K, committed 6912K, reserved 1048576K
[2020-12-24T00:10:07.050-0400][gc,start       ] GC(378670) Pause Young (Normal) (G1 Evacuation Pause)
[2020-12-24T00:10:07.050-0400][gc,task        ] GC(378670) Using 4 workers of 4 for evacuation
[2020-12-24T00:10:07.057-0400][gc,phases      ] GC(378670)   Pre Evacuate Collection Set: 0.0ms
[2020-12-24T00:10:07.057-0400][gc,phases      ] GC(378670)   Evacuate Collection Set: 4.6ms
[2020-12-24T00:10:07.057-0400][gc,phases      ] GC(378670)   Post Evacuate Collection Set: 1.4ms
[2020-12-24T00:10:07.057-0400][gc,phases      ] GC(378670)   Other: 1.4ms
[2020-12-24T00:10:07.057-0400][gc,heap        ] GC(378670) Eden regions: 10->0(10)
[2020-12-24T00:10:07.057-0400][gc,heap        ] GC(378670) Survivor regions: 1->1(2)
[2020-12-24T00:10:07.057-0400][gc,heap        ] GC(378670) Old regions: 46->46
[2020-12-24T00:10:07.057-0400][gc,heap        ] GC(378670) Humongous regions: 4->4
[2020-12-24T00:10:07.057-0400][gc,metaspace   ] GC(378670) Metaspace: 61008K->61008K(1107968K)
[2020-12-24T00:10:07.057-0400][gc,heap        ] GC(378670) Heap after GC invocations=378647 (full 10970): garbage-first heap   total 71680K, used 49229K [0x0000000083000000, 0x0000000100000000)
[2020-12-24T00:10:07.057-0400][gc,heap        ] GC(378670)   region size 1024K, 1 young (1024K), 1 survivors (1024K)
[2020-12-24T00:10:07.057-0400][gc,heap        ] GC(378670)  Metaspace       used 61008K, capacity 63721K, committed 64768K, reserved 1107968K
[2020-12-24T00:10:07.057-0400][gc,heap        ] GC(378670)   class space    used 5712K, capacity 6559K, committed 6912K, reserved 1048576K
[2020-12-24T00:10:07.057-0400][gc             ] GC(378670) Pause Young (Normal) (G1 Evacuation Pause) 58M->48M(70M) 7.563ms
[2020-12-24T00:10:07.058-0400][gc,cpu         ] GC(378670) User=0.01s Sys=0.01s Real=0.01s
[2020-12-24T00:10:35.442-0400][gc,heap        ] GC(378671) Heap before GC invocations=378647 (full 10970): garbage-first heap   total 71680K, used 58445K [0x0000000083000000, 0x0000000100000000)
[2020-12-24T00:10:35.442-0400][gc,heap        ] GC(378671)   region size 1024K, 11 young (11264K), 1 survivors (1024K)
[2020-12-24T00:10:35.442-0400][gc,heap        ] GC(378671)  Metaspace       used 61008K, capacity 63721K, committed 64768K, reserved 1107968K
[2020-12-24T00:10:35.442-0400][gc,heap        ] GC(378671)   class space    used 5712K, capacity 6559K, committed 6912K, reserved 1048576K
[2020-12-24T00:10:35.442-0400][gc,start       ] GC(378671) Pause Young (Normal) (G1 Evacuation Pause)
[2020-12-24T00:10:35.442-0400][gc,task        ] GC(378671) Using 4 workers of 4 for evacuation
[2020-12-24T00:10:35.448-0400][gc,phases      ] GC(378671)   Pre Evacuate Collection Set: 0.0ms
[2020-12-24T00:10:35.448-0400][gc,phases      ] GC(378671)   Evacuate Collection Set: 3.8ms
[2020-12-24T00:10:35.448-0400][gc,phases      ] GC(378671)   Post Evacuate Collection Set: 1.5ms
[2020-12-24T00:10:35.449-0400][gc,phases      ] GC(378671)   Other: 0.9ms
[2020-12-24T00:10:35.449-0400][gc,heap        ] GC(378671) Eden regions: 10->0(10)
[2020-12-24T00:10:35.449-0400][gc,heap        ] GC(378671) Survivor regions: 1->1(2)
[2020-12-24T00:10:35.449-0400][gc,heap        ] GC(378671) Old regions: 46->46
[2020-12-24T00:10:35.449-0400][gc,heap        ] GC(378671) Humongous regions: 4->4
[2020-12-24T00:10:35.449-0400][gc,metaspace   ] GC(378671) Metaspace: 61008K->61008K(1107968K)
[2020-12-24T00:10:35.449-0400][gc,heap        ] GC(378671) Heap after GC invocations=378648 (full 10970): garbage-first heap   total 71680K, used 49301K [0x0000000083000000, 0x0000000100000000)
[2020-12-24T00:10:35.449-0400][gc,heap        ] GC(378671)   region size 1024K, 1 young (1024K), 1 survivors (1024K)
[2020-12-24T00:10:35.449-0400][gc,heap        ] GC(378671)  Metaspace       used 61008K, capacity 63721K, committed 64768K, reserved 1107968K
[2020-12-24T00:10:35.449-0400][gc,heap        ] GC(378671)   class space    used 5712K, capacity 6559K, committed 6912K, reserved 1048576K
[2020-12-24T00:10:35.449-0400][gc             ] GC(378671) Pause Young (Normal) (G1 Evacuation Pause) 58M->48M(70M) 6.638ms
[2020-12-24T00:10:35.449-0400][gc,cpu         ] GC(378671) User=0.01s Sys=0.01s Real=0.01s
[2020-12-24T00:11:02.828-0400][gc,heap        ] GC(378672) Heap before GC invocations=378648 (full 10970): garbage-first heap   total 71680K, used 58517K [0x0000000083000000, 0x0000000100000000)
[2020-12-24T00:11:02.828-0400][gc,heap        ] GC(378672)   region size 1024K, 11 young (11264K), 1 survivors (1024K)
[2020-12-24T00:11:02.829-0400][gc,heap        ] GC(378672)  Metaspace       used 61008K, capacity 63721K, committed 64768K, reserved 1107968K
[2020-12-24T00:11:02.829-0400][gc,heap        ] GC(378672)   class space    used 5712K, capacity 6559K, committed 6912K, reserved 1048576K
[2020-12-24T00:11:02.829-0400][gc,start       ] GC(378672) Pause Young (Normal) (G1 Evacuation Pause)
[2020-12-24T00:11:02.829-0400][gc,task        ] GC(378672) Using 4 workers of 4 for evacuation
[2020-12-24T00:11:02.841-0400][gc,phases      ] GC(378672)   Pre Evacuate Collection Set: 0.0ms
[2020-12-24T00:11:02.841-0400][gc,phases      ] GC(378672)   Evacuate Collection Set: 6.6ms
[2020-12-24T00:11:02.841-0400][gc,phases      ] GC(378672)   Post Evacuate Collection Set: 4.7ms
[2020-12-24T00:11:02.841-0400][gc,phases      ] GC(378672)   Other: 0.9ms
[2020-12-24T00:11:02.841-0400][gc,heap        ] GC(378672) Eden regions: 10->0(10)
[2020-12-24T00:11:02.841-0400][gc,heap        ] GC(378672) Survivor regions: 1->1(2)
[2020-12-24T00:11:02.841-0400][gc,heap        ] GC(378672) Old regions: 46->46
[2020-12-24T00:11:02.841-0400][gc,heap        ] GC(378672) Humongous regions: 4->4
[2020-12-24T00:11:02.841-0400][gc,metaspace   ] GC(378672) Metaspace: 61008K->61008K(1107968K)
[2020-12-24T00:11:02.841-0400][gc,heap        ] GC(378672) Heap after GC invocations=378649 (full 10970): garbage-first heap   total 71680K, used 49472K [0x0000000083000000, 0x0000000100000000)
[2020-12-24T00:11:02.841-0400][gc,heap        ] GC(378672)   region size 1024K, 1 young (1024K), 1 survivors (1024K)
[2020-12-24T00:11:02.841-0400][gc,heap        ] GC(378672)  Metaspace       used 61008K, capacity 63721K, committed 64768K, reserved 1107968K
[2020-12-24T00:11:02.841-0400][gc,heap        ] GC(378672)   class space    used 5712K, capacity 6559K, committed 6912K, reserved 1048576K
[2020-12-24T00:11:02.842-0400][gc             ] GC(378672) Pause Young (Normal) (G1 Evacuation Pause) 58M->48M(70M) 12.758ms
[2020-12-24T00:11:02.842-0400][gc,cpu         ] GC(378672) User=0.02s Sys=0.01s Real=0.01s
[2020-12-24T00:11:32.263-0400][gc,heap        ] GC(378673) Heap before GC invocations=378649 (full 10970): garbage-first heap   total 71680K, used 58688K [0x0000000083000000, 0x0000000100000000)
[2020-12-24T00:11:32.263-0400][gc,heap        ] GC(378673)   region size 1024K, 11 young (11264K), 1 survivors (1024K)
[2020-12-24T00:11:32.263-0400][gc,heap        ] GC(378673)  Metaspace       used 61008K, capacity 63721K, committed 64768K, reserved 1107968K
[2020-12-24T00:11:32.263-0400][gc,heap        ] GC(378673)   class space    used 5712K, capacity 6559K, committed 6912K, reserved 1048576K
[2020-12-24T00:11:32.264-0400][gc,start       ] GC(378673) Pause Young (Normal) (G1 Evacuation Pause)
[2020-12-24T00:11:32.264-0400][gc,task        ] GC(378673) Using 4 workers of 4 for evacuation
[2020-12-24T00:11:32.269-0400][gc,phases      ] GC(378673)   Pre Evacuate Collection Set: 0.0ms
[2020-12-24T00:11:32.269-0400][gc,phases      ] GC(378673)   Evacuate Collection Set: 3.5ms
[2020-12-24T00:11:32.269-0400][gc,phases      ] GC(378673)   Post Evacuate Collection Set: 1.6ms
[2020-12-24T00:11:32.269-0400][gc,phases      ] GC(378673)   Other: 1.0ms
[2020-12-24T00:11:32.270-0400][gc,heap        ] GC(378673) Eden regions: 10->0(10)
[2020-12-24T00:11:32.270-0400][gc,heap        ] GC(378673) Survivor regions: 1->1(2)
[2020-12-24T00:11:32.270-0400][gc,heap        ] GC(378673) Old regions: 46->46
[2020-12-24T00:11:32.270-0400][gc,heap        ] GC(378673) Humongous regions: 4->4
[2020-12-24T00:11:32.270-0400][gc,metaspace   ] GC(378673) Metaspace: 61008K->61008K(1107968K)
[2020-12-24T00:11:32.270-0400][gc,heap        ] GC(378673) Heap after GC invocations=378650 (full 10970): garbage-first heap   total 71680K, used 49253K [0x0000000083000000, 0x0000000100000000)
[2020-12-24T00:11:32.270-0400][gc,heap        ] GC(378673)   region size 1024K, 1 young (1024K), 1 survivors (1024K)
[2020-12-24T00:11:32.270-0400][gc,heap        ] GC(378673)  Metaspace       used 61008K, capacity 63721K, committed 64768K, reserved 1107968K
[2020-12-24T00:11:32.270-0400][gc,heap        ] GC(378673)   class space    used 5712K, capacity 6559K, committed 6912K, reserved 1048576K
[2020-12-24T00:11:32.270-0400][gc             ] GC(378673) Pause Young (Normal) (G1 Evacuation Pause) 58M->48M(70M) 6.478ms
[2020-12-24T00:11:32.270-0400][gc,cpu         ] GC(378673) User=0.02s Sys=0.00s Real=0.01s
[2020-12-24T00:11:50.924-0400][gc,task        ] GC(378674) Using 3 workers of 4 for full compaction
[2020-12-24T00:11:50.924-0400][gc,start       ] GC(378674) Pause Full (System.gc())
[2020-12-24T00:11:50.924-0400][gc,heap        ] GC(378674) Heap before GC invocations=378650 (full 10970): garbage-first heap   total 71680K, used 54373K [0x0000000083000000, 0x0000000100000000)
[2020-12-24T00:11:50.924-0400][gc,heap        ] GC(378674)   region size 1024K, 8 young (8192K), 1 survivors (1024K)
[2020-12-24T00:11:50.924-0400][gc,heap        ] GC(378674)  Metaspace       used 61008K, capacity 63721K, committed 64768K, reserved 1107968K
[2020-12-24T00:11:50.924-0400][gc,heap        ] GC(378674)   class space    used 5712K, capacity 6559K, committed 6912K, reserved 1048576K
[2020-12-24T00:11:50.927-0400][gc,phases,start] GC(378674) Phase 1: Mark live objects
[2020-12-24T00:11:51.070-0400][gc,stringtable ] GC(378674) Cleaned string and symbol table, strings: 32207 processed, 0 removed, symbols: 131451 processed, 0 removed
[2020-12-24T00:11:51.070-0400][gc,phases      ] GC(378674) Phase 1: Mark live objects 143.273ms
[2020-12-24T00:11:51.070-0400][gc,phases,start] GC(378674) Phase 2: Prepare for compaction
[2020-12-24T00:11:51.101-0400][gc,phases      ] GC(378674) Phase 2: Prepare for compaction 30.991ms
[2020-12-24T00:11:51.101-0400][gc,phases,start] GC(378674) Phase 3: Adjust pointers
[2020-12-24T00:11:51.180-0400][gc,phases      ] GC(378674) Phase 3: Adjust pointers 78.619ms
[2020-12-24T00:11:51.180-0400][gc,phases,start] GC(378674) Phase 4: Compact heap
[2020-12-24T00:11:51.204-0400][gc,phases      ] GC(378674) Phase 4: Compact heap 24.141ms
[2020-12-24T00:11:51.239-0400][gc,heap        ] GC(378674) Eden regions: 7->0(10)
[2020-12-24T00:11:51.240-0400][gc,heap        ] GC(378674) Survivor regions: 1->0(2)
[2020-12-24T00:11:51.240-0400][gc,heap        ] GC(378674) Old regions: 46->46
[2020-12-24T00:11:51.240-0400][gc,heap        ] GC(378674) Humongous regions: 4->4
[2020-12-24T00:11:51.240-0400][gc,metaspace   ] GC(378674) Metaspace: 61008K->61008K(1107968K)
[2020-12-24T00:11:51.240-0400][gc,heap        ] GC(378674) Heap after GC invocations=378651 (full 10971): garbage-first heap   total 71680K, used 48656K [0x0000000083000000, 0x0000000100000000)
[2020-12-24T00:11:51.240-0400][gc,heap        ] GC(378674)   region size 1024K, 0 young (0K), 0 survivors (0K)
[2020-12-24T00:11:51.240-0400][gc,heap        ] GC(378674)  Metaspace       used 61008K, capacity 63721K, committed 64768K, reserved 1107968K
[2020-12-24T00:11:51.240-0400][gc,heap        ] GC(378674)   class space    used 5712K, capacity 6559K, committed 6912K, reserved 1048576K
[2020-12-24T00:11:51.240-0400][gc             ] GC(378674) Pause Full (System.gc()) 54M->47M(70M) 315.909ms
[2020-12-24T00:11:51.240-0400][gc,cpu         ] GC(378674) User=0.72s Sys=0.13s Real=0.32s
[2020-12-24T00:12:03.570-0400][gc,heap        ] GC(378675) Heap before GC invocations=378651 (full 10971): garbage-first heap   total 71680K, used 57872K [0x0000000083000000, 0x0000000100000000)
[2020-12-24T00:12:03.570-0400][gc,heap        ] GC(378675)   region size 1024K, 10 young (10240K), 0 survivors (0K)
[2020-12-24T00:12:03.570-0400][gc,heap        ] GC(378675)  Metaspace       used 61008K, capacity 63721K, committed 64768K, reserved 1107968K
[2020-12-24T00:12:03.571-0400][gc,heap        ] GC(378675)   class space    used 5712K, capacity 6559K, committed 6912K, reserved 1048576K
[2020-12-24T00:12:03.571-0400][gc,start       ] GC(378675) Pause Young (Normal) (G1 Evacuation Pause)
[2020-12-24T00:12:03.571-0400][gc,task        ] GC(378675) Using 4 workers of 4 for evacuation
[2020-12-24T00:12:03.577-0400][gc,phases      ] GC(378675)   Pre Evacuate Collection Set: 0.0ms
[2020-12-24T00:12:03.577-0400][gc,phases      ] GC(378675)   Evacuate Collection Set: 3.6ms
[2020-12-24T00:12:03.577-0400][gc,phases      ] GC(378675)   Post Evacuate Collection Set: 1.7ms
[2020-12-24T00:12:03.577-0400][gc,phases      ] GC(378675)   Other: 0.9ms
[2020-12-24T00:12:03.577-0400][gc,heap        ] GC(378675) Eden regions: 10->0(10)
[2020-12-24T00:12:03.577-0400][gc,heap        ] GC(378675) Survivor regions: 0->1(2)
[2020-12-24T00:12:03.577-0400][gc,heap        ] GC(378675) Old regions: 46->46
[2020-12-24T00:12:03.577-0400][gc,heap        ] GC(378675) Humongous regions: 4->4
[2020-12-24T00:12:03.577-0400][gc,metaspace   ] GC(378675) Metaspace: 61008K->61008K(1107968K)
[2020-12-24T00:12:03.577-0400][gc,heap        ] GC(378675) Heap after GC invocations=378652 (full 10971): garbage-first heap   total 71680K, used 49152K [0x0000000083000000, 0x0000000100000000)
[2020-12-24T00:12:03.577-0400][gc,heap        ] GC(378675)   region size 1024K, 1 young (1024K), 1 survivors (1024K)
[2020-12-24T00:12:03.577-0400][gc,heap        ] GC(378675)  Metaspace       used 61008K, capacity 63721K, committed 64768K, reserved 1107968K
[2020-12-24T00:12:03.577-0400][gc,heap        ] GC(378675)   class space    used 5712K, capacity 6559K, committed 6912K, reserved 1048576K
[2020-12-24T00:12:03.577-0400][gc             ] GC(378675) Pause Young (Normal) (G1 Evacuation Pause) 57M->48M(70M) 6.641ms
[2020-12-24T00:12:03.578-0400][gc,cpu         ] GC(378675) User=0.01s Sys=0.01s Real=0.01s
[2020-12-24T00:12:16.282-0400][gc,heap        ] GC(378676) Heap before GC invocations=378652 (full 10971): garbage-first heap   total 71680K, used 58368K [0x0000000083000000, 0x0000000100000000)
[2020-12-24T00:12:16.282-0400][gc,heap        ] GC(378676)   region size 1024K, 11 young (11264K), 1 survivors (1024K)
[2020-12-24T00:12:16.282-0400][gc,heap        ] GC(378676)  Metaspace       used 61008K, capacity 63721K, committed 64768K, reserved 1107968K
[2020-12-24T00:12:16.282-0400][gc,heap        ] GC(378676)   class space    used 5712K, capacity 6559K, committed 6912K, reserved 1048576K
[2020-12-24T00:12:16.282-0400][gc,start       ] GC(378676) Pause Young (Normal) (G1 Evacuation Pause)
[2020-12-24T00:12:16.282-0400][gc,task        ] GC(378676) Using 4 workers of 4 for evacuation
[2020-12-24T00:12:16.288-0400][gc,phases      ] GC(378676)   Pre Evacuate Collection Set: 0.0ms
[2020-12-24T00:12:16.288-0400][gc,phases      ] GC(378676)   Evacuate Collection Set: 3.6ms
[2020-12-24T00:12:16.288-0400][gc,phases      ] GC(378676)   Post Evacuate Collection Set: 1.5ms
[2020-12-24T00:12:16.288-0400][gc,phases      ] GC(378676)   Other: 0.9ms
[2020-12-24T00:12:16.288-0400][gc,heap        ] GC(378676) Eden regions: 10->0(10)
[2020-12-24T00:12:16.288-0400][gc,heap        ] GC(378676) Survivor regions: 1->1(2)
[2020-12-24T00:12:16.289-0400][gc,heap        ] GC(378676) Old regions: 46->46
[2020-12-24T00:12:16.289-0400][gc,heap        ] GC(378676) Humongous regions: 4->4
[2020-12-24T00:12:16.289-0400][gc,metaspace   ] GC(378676) Metaspace: 61008K->61008K(1107968K)
[2020-12-24T00:12:16.289-0400][gc,heap        ] GC(378676) Heap after GC invocations=378653 (full 10971): garbage-first heap   total 71680K, used 49163K [0x0000000083000000, 0x0000000100000000)
[2020-12-24T00:12:16.289-0400][gc,heap        ] GC(378676)   region size 1024K, 1 young (1024K), 1 survivors (1024K)
[2020-12-24T00:12:16.289-0400][gc,heap        ] GC(378676)  Metaspace       used 61008K, capacity 63721K, committed 64768K, reserved 1107968K
[2020-12-24T00:12:16.289-0400][gc,heap        ] GC(378676)   class space    used 5712K, capacity 6559K, committed 6912K, reserved 1048576K
[2020-12-24T00:12:16.289-0400][gc             ] GC(378676) Pause Young (Normal) (G1 Evacuation Pause) 58M->48M(70M) 6.551ms
[2020-12-24T00:12:16.289-0400][gc,cpu         ] GC(378676) User=0.01s Sys=0.01s Real=0.01s
[2020-12-24T00:12:20.108-0400][gc,heap        ] GC(378677) Heap before GC invocations=378653 (full 10971): garbage-first heap   total 71680K, used 58379K [0x0000000083000000, 0x0000000100000000)
[2020-12-24T00:12:20.108-0400][gc,heap        ] GC(378677)   region size 1024K, 11 young (11264K), 1 survivors (1024K)
[2020-12-24T00:12:20.108-0400][gc,heap        ] GC(378677)  Metaspace       used 61008K, capacity 63721K, committed 64768K, reserved 1107968K
[2020-12-24T00:12:20.108-0400][gc,heap        ] GC(378677)   class space    used 5712K, capacity 6559K, committed 6912K, reserved 1048576K
[2020-12-24T00:12:20.108-0400][gc,start       ] GC(378677) Pause Young (Normal) (G1 Evacuation Pause)
[2020-12-24T00:12:20.108-0400][gc,task        ] GC(378677) Using 4 workers of 4 for evacuation
[2020-12-24T00:12:20.116-0400][gc,phases      ] GC(378677)   Pre Evacuate Collection Set: 0.0ms
[2020-12-24T00:12:20.116-0400][gc,phases      ] GC(378677)   Evacuate Collection Set: 5.5ms
[2020-12-24T00:12:20.116-0400][gc,phases      ] GC(378677)   Post Evacuate Collection Set: 1.8ms
[2020-12-24T00:12:20.116-0400][gc,phases      ] GC(378677)   Other: 1.0ms
[2020-12-24T00:12:20.116-0400][gc,heap        ] GC(378677) Eden regions: 10->0(10)
[2020-12-24T00:12:20.116-0400][gc,heap        ] GC(378677) Survivor regions: 1->1(2)
[2020-12-24T00:12:20.116-0400][gc,heap        ] GC(378677) Old regions: 46->46
[2020-12-24T00:12:20.116-0400][gc,heap        ] GC(378677) Humongous regions: 4->4
[2020-12-24T00:12:20.116-0400][gc,metaspace   ] GC(378677) Metaspace: 61008K->61008K(1107968K)
[2020-12-24T00:12:20.116-0400][gc,heap        ] GC(378677) Heap after GC invocations=378654 (full 10971): garbage-first heap   total 71680K, used 49467K [0x0000000083000000, 0x0000000100000000)
[2020-12-24T00:12:20.116-0400][gc,heap        ] GC(378677)   region size 1024K, 1 young (1024K), 1 survivors (1024K)
[2020-12-24T00:12:20.116-0400][gc,heap        ] GC(378677)  Metaspace       used 61008K, capacity 63721K, committed 64768K, reserved 1107968K
[2020-12-24T00:12:20.116-0400][gc,heap        ] GC(378677)   class space    used 5712K, capacity 6559K, committed 6912K, reserved 1048576K
[2020-12-24T00:12:20.117-0400][gc             ] GC(378677) Pause Young (Normal) (G1 Evacuation Pause) 58M->48M(70M) 8.747ms
[2020-12-24T00:12:20.117-0400][gc,cpu         ] GC(378677) User=0.02s Sys=0.01s Real=0.01s
[2020-12-24T00:12:20.333-0400][gc,heap        ] GC(378678) Heap before GC invocations=378654 (full 10971): garbage-first heap   total 71680K, used 58683K [0x0000000083000000, 0x0000000100000000)
[2020-12-24T00:12:20.334-0400][gc,heap        ] GC(378678)   region size 1024K, 11 young (11264K), 1 survivors (1024K)
[2020-12-24T00:12:20.334-0400][gc,heap        ] GC(378678)  Metaspace       used 61008K, capacity 63721K, committed 64768K, reserved 1107968K
[2020-12-24T00:12:20.334-0400][gc,heap        ] GC(378678)   class space    used 5712K, capacity 6559K, committed 6912K, reserved 1048576K
[2020-12-24T00:12:20.334-0400][gc,start       ] GC(378678) Pause Young (Normal) (G1 Evacuation Pause)
[2020-12-24T00:12:20.334-0400][gc,task        ] GC(378678) Using 4 workers of 4 for evacuation
[2020-12-24T00:12:20.343-0400][gc,phases      ] GC(378678)   Pre Evacuate Collection Set: 0.1ms
[2020-12-24T00:12:20.343-0400][gc,phases      ] GC(378678)   Evacuate Collection Set: 6.6ms
[2020-12-24T00:12:20.343-0400][gc,phases      ] GC(378678)   Post Evacuate Collection Set: 1.0ms
[2020-12-24T00:12:20.343-0400][gc,phases      ] GC(378678)   Other: 1.5ms
[2020-12-24T00:12:20.343-0400][gc,heap        ] GC(378678) Eden regions: 10->0(10)
[2020-12-24T00:12:20.343-0400][gc,heap        ] GC(378678) Survivor regions: 1->1(2)
[2020-12-24T00:12:20.343-0400][gc,heap        ] GC(378678) Old regions: 46->46
[2020-12-24T00:12:20.343-0400][gc,heap        ] GC(378678) Humongous regions: 4->4
[2020-12-24T00:12:20.343-0400][gc,metaspace   ] GC(378678) Metaspace: 61008K->61008K(1107968K)
[2020-12-24T00:12:20.343-0400][gc,heap        ] GC(378678) Heap after GC invocations=378655 (full 10971): garbage-first heap   total 71680K, used 49451K [0x0000000083000000, 0x0000000100000000)
[2020-12-24T00:12:20.343-0400][gc,heap        ] GC(378678)   region size 1024K, 1 young (1024K), 1 survivors (1024K)
[2020-12-24T00:12:20.344-0400][gc,heap        ] GC(378678)  Metaspace       used 61008K, capacity 63721K, committed 64768K, reserved 1107968K
[2020-12-24T00:12:20.344-0400][gc,heap        ] GC(378678)   class space    used 5712K, capacity 6559K, committed 6912K, reserved 1048576K
[2020-12-24T00:12:20.344-0400][gc             ] GC(378678) Pause Young (Normal) (G1 Evacuation Pause) 58M->48M(70M) 9.614ms
[2020-12-24T00:12:20.344-0400][gc,cpu         ] GC(378678) User=0.00s Sys=0.03s Real=0.01s
[2020-12-24T00:12:20.546-0400][gc,heap        ] GC(378679) Heap before GC invocations=378655 (full 10971): garbage-first heap   total 71680K, used 58667K [0x0000000083000000, 0x0000000100000000)
[2020-12-24T00:12:20.546-0400][gc,heap        ] GC(378679)   region size 1024K, 11 young (11264K), 1 survivors (1024K)
[2020-12-24T00:12:20.546-0400][gc,heap        ] GC(378679)  Metaspace       used 61008K, capacity 63721K, committed 64768K, reserved 1107968K
[2020-12-24T00:12:20.546-0400][gc,heap        ] GC(378679)   class space    used 5712K, capacity 6559K, committed 6912K, reserved 1048576K
[2020-12-24T00:12:20.547-0400][gc,start       ] GC(378679) Pause Young (Normal) (G1 Evacuation Pause)
[2020-12-24T00:12:20.547-0400][gc,task        ] GC(378679) Using 4 workers of 4 for evacuation
[2020-12-24T00:12:20.554-0400][gc,phases      ] GC(378679)   Pre Evacuate Collection Set: 0.0ms
[2020-12-24T00:12:20.554-0400][gc,phases      ] GC(378679)   Evacuate Collection Set: 5.3ms
[2020-12-24T00:12:20.554-0400][gc,phases      ] GC(378679)   Post Evacuate Collection Set: 1.7ms
[2020-12-24T00:12:20.555-0400][gc,phases      ] GC(378679)   Other: 1.0ms
[2020-12-24T00:12:20.555-0400][gc,heap        ] GC(378679) Eden regions: 10->0(10)
[2020-12-24T00:12:20.555-0400][gc,heap        ] GC(378679) Survivor regions: 1->1(2)
[2020-12-24T00:12:20.555-0400][gc,heap        ] GC(378679) Old regions: 46->46
[2020-12-24T00:12:20.555-0400][gc,heap        ] GC(378679) Humongous regions: 4->4
[2020-12-24T00:12:20.555-0400][gc,metaspace   ] GC(378679) Metaspace: 61008K->61008K(1107968K)
[2020-12-24T00:12:20.555-0400][gc,heap        ] GC(378679) Heap after GC invocations=378656 (full 10971): garbage-first heap   total 71680K, used 49346K [0x0000000083000000, 0x0000000100000000)
[2020-12-24T00:12:20.555-0400][gc,heap        ] GC(378679)   region size 1024K, 1 young (1024K), 1 survivors (1024K)
[2020-12-24T00:12:20.555-0400][gc,heap        ] GC(378679)  Metaspace       used 61008K, capacity 63721K, committed 64768K, reserved 1107968K
[2020-12-24T00:12:20.555-0400][gc,heap        ] GC(378679)   class space    used 5712K, capacity 6559K, committed 6912K, reserved 1048576K
[2020-12-24T00:12:20.555-0400][gc             ] GC(378679) Pause Young (Normal) (G1 Evacuation Pause) 58M->48M(70M) 8.634ms
[2020-12-24T00:12:20.555-0400][gc,cpu         ] GC(378679) User=0.02s Sys=0.00s Real=0.00s
[2020-12-24T00:12:25.608-0400][gc,heap        ] GC(378680) Heap before GC invocations=378656 (full 10971): garbage-first heap   total 71680K, used 58562K [0x0000000083000000, 0x0000000100000000)
[2020-12-24T00:12:25.608-0400][gc,heap        ] GC(378680)   region size 1024K, 11 young (11264K), 1 survivors (1024K)
[2020-12-24T00:12:25.608-0400][gc,heap        ] GC(378680)  Metaspace       used 61008K, capacity 63721K, committed 64768K, reserved 1107968K
[2020-12-24T00:12:25.608-0400][gc,heap        ] GC(378680)   class space    used 5712K, capacity 6559K, committed 6912K, reserved 1048576K
[2020-12-24T00:12:25.609-0400][gc,start       ] GC(378680) Pause Young (Normal) (G1 Evacuation Pause)
[2020-12-24T00:12:25.609-0400][gc,task        ] GC(378680) Using 4 workers of 4 for evacuation
[2020-12-24T00:12:25.615-0400][gc,phases      ] GC(378680)   Pre Evacuate Collection Set: 0.0ms
[2020-12-24T00:12:25.615-0400][gc,phases      ] GC(378680)   Evacuate Collection Set: 4.6ms
[2020-12-24T00:12:25.616-0400][gc,phases      ] GC(378680)   Post Evacuate Collection Set: 1.5ms
[2020-12-24T00:12:25.616-0400][gc,phases      ] GC(378680)   Other: 1.1ms
[2020-12-24T00:12:25.616-0400][gc,heap        ] GC(378680) Eden regions: 10->0(10)
[2020-12-24T00:12:25.616-0400][gc,heap        ] GC(378680) Survivor regions: 1->1(2)
[2020-12-24T00:12:25.616-0400][gc,heap        ] GC(378680) Old regions: 46->46
[2020-12-24T00:12:25.616-0400][gc,heap        ] GC(378680) Humongous regions: 4->4
[2020-12-24T00:12:25.616-0400][gc,metaspace   ] GC(378680) Metaspace: 61008K->61008K(1107968K)
[2020-12-24T00:12:25.616-0400][gc,heap        ] GC(378680) Heap after GC invocations=378657 (full 10971): garbage-first heap   total 71680K, used 49442K [0x0000000083000000, 0x0000000100000000)
[2020-12-24T00:12:25.616-0400][gc,heap        ] GC(378680)   region size 1024K, 1 young (1024K), 1 survivors (1024K)
[2020-12-24T00:12:25.616-0400][gc,heap        ] GC(378680)  Metaspace       used 61008K, capacity 63721K, committed 64768K, reserved 1107968K
[2020-12-24T00:12:25.616-0400][gc,heap        ] GC(378680)   class space    used 5712K, capacity 6559K, committed 6912K, reserved 1048576K
[2020-12-24T00:12:25.616-0400][gc             ] GC(378680) Pause Young (Normal) (G1 Evacuation Pause) 58M->48M(70M) 7.589ms
[2020-12-24T00:12:25.616-0400][gc,cpu         ] GC(378680) User=0.02s Sys=0.01s Real=0.01s
[2020-12-24T00:12:40.948-0400][gc,heap        ] GC(378681) Heap before GC invocations=378657 (full 10971): garbage-first heap   total 71680K, used 58658K [0x0000000083000000, 0x0000000100000000)
[2020-12-24T00:12:40.948-0400][gc,heap        ] GC(378681)   region size 1024K, 11 young (11264K), 1 survivors (1024K)
[2020-12-24T00:12:40.948-0400][gc,heap        ] GC(378681)  Metaspace       used 61008K, capacity 63721K, committed 64768K, reserved 1107968K
[2020-12-24T00:12:40.948-0400][gc,heap        ] GC(378681)   class space    used 5712K, capacity 6559K, committed 6912K, reserved 1048576K
[2020-12-24T00:12:40.948-0400][gc,start       ] GC(378681) Pause Young (Normal) (G1 Evacuation Pause)
[2020-12-24T00:12:40.948-0400][gc,task        ] GC(378681) Using 4 workers of 4 for evacuation
[2020-12-24T00:12:40.955-0400][gc,phases      ] GC(378681)   Pre Evacuate Collection Set: 0.0ms
[2020-12-24T00:12:40.955-0400][gc,phases      ] GC(378681)   Evacuate Collection Set: 4.7ms
[2020-12-24T00:12:40.955-0400][gc,phases      ] GC(378681)   Post Evacuate Collection Set: 1.6ms
[2020-12-24T00:12:40.955-0400][gc,phases      ] GC(378681)   Other: 1.0ms
[2020-12-24T00:12:40.955-0400][gc,heap        ] GC(378681) Eden regions: 10->0(9)
[2020-12-24T00:12:40.955-0400][gc,heap        ] GC(378681) Survivor regions: 1->1(2)
[2020-12-24T00:12:40.955-0400][gc,heap        ] GC(378681) Old regions: 46->46
[2020-12-24T00:12:40.955-0400][gc,heap        ] GC(378681) Humongous regions: 4->4
[2020-12-24T00:12:40.955-0400][gc,metaspace   ] GC(378681) Metaspace: 61008K->61008K(1107968K)
[2020-12-24T00:12:40.956-0400][gc,heap        ] GC(378681) Heap after GC invocations=378658 (full 10971): garbage-first heap   total 71680K, used 49481K [0x0000000083000000, 0x0000000100000000)
[2020-12-24T00:12:40.956-0400][gc,heap        ] GC(378681)   region size 1024K, 1 young (1024K), 1 survivors (1024K)
[2020-12-24T00:12:40.956-0400][gc,heap        ] GC(378681)  Metaspace       used 61008K, capacity 63721K, committed 64768K, reserved 1107968K
[2020-12-24T00:12:40.956-0400][gc,heap        ] GC(378681)   class space    used 5712K, capacity 6559K, committed 6912K, reserved 1048576K
[2020-12-24T00:12:40.956-0400][gc             ] GC(378681) Pause Young (Normal) (G1 Evacuation Pause) 58M->48M(70M) 7.880ms
[2020-12-24T00:12:40.956-0400][gc,cpu         ] GC(378681) User=0.01s Sys=0.01s Real=0.01s
[2020-12-24T00:12:45.857-0400][gc,heap        ] GC(378682) Heap before GC invocations=378658 (full 10971): garbage-first heap   total 71680K, used 58697K [0x0000000083000000, 0x0000000100000000)
[2020-12-24T00:12:45.857-0400][gc,heap        ] GC(378682)   region size 1024K, 10 young (10240K), 1 survivors (1024K)
[2020-12-24T00:12:45.857-0400][gc,heap        ] GC(378682)  Metaspace       used 61008K, capacity 63721K, committed 64768K, reserved 1107968K
[2020-12-24T00:12:45.857-0400][gc,heap        ] GC(378682)   class space    used 5712K, capacity 6559K, committed 6912K, reserved 1048576K
[2020-12-24T00:12:45.857-0400][gc,start       ] GC(378682) Pause Young (Normal) (G1 Evacuation Pause)
[2020-12-24T00:12:45.857-0400][gc,task        ] GC(378682) Using 4 workers of 4 for evacuation
[2020-12-24T00:12:45.864-0400][gc,phases      ] GC(378682)   Pre Evacuate Collection Set: 0.0ms
[2020-12-24T00:12:45.864-0400][gc,phases      ] GC(378682)   Evacuate Collection Set: 5.3ms
[2020-12-24T00:12:45.865-0400][gc,phases      ] GC(378682)   Post Evacuate Collection Set: 1.3ms
[2020-12-24T00:12:45.865-0400][gc,phases      ] GC(378682)   Other: 0.9ms
[2020-12-24T00:12:45.865-0400][gc,heap        ] GC(378682) Eden regions: 9->0(9)
[2020-12-24T00:12:45.865-0400][gc,heap        ] GC(378682) Survivor regions: 1->1(2)
[2020-12-24T00:12:45.865-0400][gc,heap        ] GC(378682) Old regions: 46->46
[2020-12-24T00:12:45.865-0400][gc,heap        ] GC(378682) Humongous regions: 4->4
[2020-12-24T00:12:45.865-0400][gc,metaspace   ] GC(378682) Metaspace: 61008K->61008K(1107968K)
[2020-12-24T00:12:45.865-0400][gc,heap        ] GC(378682) Heap after GC invocations=378659 (full 10971): garbage-first heap   total 71680K, used 49624K [0x0000000083000000, 0x0000000100000000)
[2020-12-24T00:12:45.865-0400][gc,heap        ] GC(378682)   region size 1024K, 1 young (1024K), 1 survivors (1024K)
[2020-12-24T00:12:45.865-0400][gc,heap        ] GC(378682)  Metaspace       used 61008K, capacity 63721K, committed 64768K, reserved 1107968K
[2020-12-24T00:12:45.865-0400][gc,heap        ] GC(378682)   class space    used 5712K, capacity 6559K, committed 6912K, reserved 1048576K
[2020-12-24T00:12:45.865-0400][gc             ] GC(378682) Pause Young (Normal) (G1 Evacuation Pause) 57M->48M(70M) 7.900ms
[2020-12-24T00:12:45.865-0400][gc,cpu         ] GC(378682) User=0.02s Sys=0.01s Real=0.00s
[2020-12-24T00:12:59.426-0400][gc,heap        ] GC(378683) Heap before GC invocations=378659 (full 10971): garbage-first heap   total 71680K, used 57816K [0x0000000083000000, 0x0000000100000000)
[2020-12-24T00:12:59.426-0400][gc,heap        ] GC(378683)   region size 1024K, 10 young (10240K), 1 survivors (1024K)
[2020-12-24T00:12:59.426-0400][gc,heap        ] GC(378683)  Metaspace       used 61008K, capacity 63721K, committed 64768K, reserved 1107968K
[2020-12-24T00:12:59.426-0400][gc,heap        ] GC(378683)   class space    used 5712K, capacity 6559K, committed 6912K, reserved 1048576K
[2020-12-24T00:12:59.426-0400][gc,start       ] GC(378683) Pause Young (Normal) (G1 Evacuation Pause)
[2020-12-24T00:12:59.426-0400][gc,task        ] GC(378683) Using 4 workers of 4 for evacuation
[2020-12-24T00:12:59.434-0400][gc,phases      ] GC(378683)   Pre Evacuate Collection Set: 0.0ms
[2020-12-24T00:12:59.434-0400][gc,phases      ] GC(378683)   Evacuate Collection Set: 5.6ms
[2020-12-24T00:12:59.434-0400][gc,phases      ] GC(378683)   Post Evacuate Collection Set: 1.3ms
[2020-12-24T00:12:59.434-0400][gc,phases      ] GC(378683)   Other: 1.0ms
[2020-12-24T00:12:59.434-0400][gc,heap        ] GC(378683) Eden regions: 9->0(9)
[2020-12-24T00:12:59.434-0400][gc,heap        ] GC(378683) Survivor regions: 1->2(2)
[2020-12-24T00:12:59.434-0400][gc,heap        ] GC(378683) Old regions: 46->46
[2020-12-24T00:12:59.434-0400][gc,heap        ] GC(378683) Humongous regions: 4->4
[2020-12-24T00:12:59.434-0400][gc,metaspace   ] GC(378683) Metaspace: 61008K->61008K(1107968K)
[2020-12-24T00:12:59.434-0400][gc,heap        ] GC(378683) Heap after GC invocations=378660 (full 10971): garbage-first heap   total 71680K, used 49807K [0x0000000083000000, 0x0000000100000000)
[2020-12-24T00:12:59.434-0400][gc,heap        ] GC(378683)   region size 1024K, 2 young (2048K), 2 survivors (2048K)
[2020-12-24T00:12:59.434-0400][gc,heap        ] GC(378683)  Metaspace       used 61008K, capacity 63721K, committed 64768K, reserved 1107968K
[2020-12-24T00:12:59.434-0400][gc,heap        ] GC(378683)   class space    used 5712K, capacity 6559K, committed 6912K, reserved 1048576K
[2020-12-24T00:12:59.434-0400][gc             ] GC(378683) Pause Young (Normal) (G1 Evacuation Pause) 57M->48M(70M) 8.356ms
[2020-12-24T00:12:59.435-0400][gc,cpu         ] GC(378683) User=0.03s Sys=0.00s Real=0.00s
[2020-12-24T00:13:11.956-0400][gc,heap        ] GC(378684) Heap before GC invocations=378660 (full 10971): garbage-first heap   total 71680K, used 57999K [0x0000000083000000, 0x0000000100000000)
[2020-12-24T00:13:11.956-0400][gc,heap        ] GC(378684)   region size 1024K, 11 young (11264K), 2 survivors (2048K)
[2020-12-24T00:13:11.956-0400][gc,heap        ] GC(378684)  Metaspace       used 61008K, capacity 63721K, committed 64768K, reserved 1107968K
[2020-12-24T00:13:11.956-0400][gc,heap        ] GC(378684)   class space    used 5712K, capacity 6559K, committed 6912K, reserved 1048576K
[2020-12-24T00:13:11.956-0400][gc,start       ] GC(378684) Pause Young (Normal) (G1 Evacuation Pause)
[2020-12-24T00:13:11.957-0400][gc,task        ] GC(378684) Using 4 workers of 4 for evacuation
[2020-12-24T00:13:11.965-0400][gc,phases      ] GC(378684)   Pre Evacuate Collection Set: 0.0ms
[2020-12-24T00:13:11.965-0400][gc,phases      ] GC(378684)   Evacuate Collection Set: 6.1ms
[2020-12-24T00:13:11.965-0400][gc,phases      ] GC(378684)   Post Evacuate Collection Set: 1.5ms
[2020-12-24T00:13:11.965-0400][gc,phases      ] GC(378684)   Other: 1.1ms
[2020-12-24T00:13:11.965-0400][gc,heap        ] GC(378684) Eden regions: 9->0(8)
[2020-12-24T00:13:11.965-0400][gc,heap        ] GC(378684) Survivor regions: 2->2(2)
[2020-12-24T00:13:11.965-0400][gc,heap        ] GC(378684) Old regions: 46->47
[2020-12-24T00:13:11.965-0400][gc,heap        ] GC(378684) Humongous regions: 4->4
[2020-12-24T00:13:11.965-0400][gc,metaspace   ] GC(378684) Metaspace: 61008K->61008K(1107968K)
[2020-12-24T00:13:11.965-0400][gc,heap        ] GC(378684) Heap after GC invocations=378661 (full 10971): garbage-first heap   total 71680K, used 49996K [0x0000000083000000, 0x0000000100000000)
[2020-12-24T00:13:11.965-0400][gc,heap        ] GC(378684)   region size 1024K, 2 young (2048K), 2 survivors (2048K)
[2020-12-24T00:13:11.965-0400][gc,heap        ] GC(378684)  Metaspace       used 61008K, capacity 63721K, committed 64768K, reserved 1107968K
[2020-12-24T00:13:11.965-0400][gc,heap        ] GC(378684)   class space    used 5712K, capacity 6559K, committed 6912K, reserved 1048576K
[2020-12-24T00:13:11.966-0400][gc             ] GC(378684) Pause Young (Normal) (G1 Evacuation Pause) 57M->48M(70M) 9.110ms
[2020-12-24T00:13:11.966-0400][gc,cpu         ] GC(378684) User=0.03s Sys=0.00s Real=0.01s
[2020-12-24T00:13:35.410-0400][gc,heap        ] GC(378685) Heap before GC invocations=378661 (full 10971): garbage-first heap   total 71680K, used 57164K [0x0000000083000000, 0x0000000100000000)
[2020-12-24T00:13:35.411-0400][gc,heap        ] GC(378685)   region size 1024K, 10 young (10240K), 2 survivors (2048K)
[2020-12-24T00:13:35.411-0400][gc,heap        ] GC(378685)  Metaspace       used 61008K, capacity 63721K, committed 64768K, reserved 1107968K
[2020-12-24T00:13:35.411-0400][gc,heap        ] GC(378685)   class space    used 5712K, capacity 6559K, committed 6912K, reserved 1048576K
[2020-12-24T00:13:35.411-0400][gc,start       ] GC(378685) Pause Young (Normal) (G1 Evacuation Pause)
[2020-12-24T00:13:35.411-0400][gc,task        ] GC(378685) Using 4 workers of 4 for evacuation
[2020-12-24T00:13:35.419-0400][gc,phases      ] GC(378685)   Pre Evacuate Collection Set: 0.0ms
[2020-12-24T00:13:35.419-0400][gc,phases      ] GC(378685)   Evacuate Collection Set: 5.7ms
[2020-12-24T00:13:35.419-0400][gc,phases      ] GC(378685)   Post Evacuate Collection Set: 1.4ms
[2020-12-24T00:13:35.419-0400][gc,phases      ] GC(378685)   Other: 1.0ms
[2020-12-24T00:13:35.419-0400][gc,heap        ] GC(378685) Eden regions: 8->0(9)
[2020-12-24T00:13:35.419-0400][gc,heap        ] GC(378685) Survivor regions: 2->1(2)
[2020-12-24T00:13:35.419-0400][gc,heap        ] GC(378685) Old regions: 47->47
[2020-12-24T00:13:35.419-0400][gc,heap        ] GC(378685) Humongous regions: 4->4
[2020-12-24T00:13:35.419-0400][gc,metaspace   ] GC(378685) Metaspace: 61008K->61008K(1107968K)
[2020-12-24T00:13:35.419-0400][gc,heap        ] GC(378685) Heap after GC invocations=378662 (full 10971): garbage-first heap   total 71680K, used 49858K [0x0000000083000000, 0x0000000100000000)
[2020-12-24T00:13:35.419-0400][gc,heap        ] GC(378685)   region size 1024K, 1 young (1024K), 1 survivors (1024K)
[2020-12-24T00:13:35.419-0400][gc,heap        ] GC(378685)  Metaspace       used 61008K, capacity 63721K, committed 64768K, reserved 1107968K
[2020-12-24T00:13:35.419-0400][gc,heap        ] GC(378685)   class space    used 5712K, capacity 6559K, committed 6912K, reserved 1048576K
[2020-12-24T00:13:35.419-0400][gc             ] GC(378685) Pause Young (Normal) (G1 Evacuation Pause) 56M->48M(70M) 8.437ms
[2020-12-24T00:13:35.420-0400][gc,cpu         ] GC(378685) User=0.01s Sys=0.01s Real=0.01s
[2020-12-24T00:13:53.508-0400][gc,heap        ] GC(378686) Heap before GC invocations=378662 (full 10971): garbage-first heap   total 71680K, used 58050K [0x0000000083000000, 0x0000000100000000)
[2020-12-24T00:13:53.508-0400][gc,heap        ] GC(378686)   region size 1024K, 10 young (10240K), 1 survivors (1024K)
[2020-12-24T00:13:53.508-0400][gc,heap        ] GC(378686)  Metaspace       used 61008K, capacity 63721K, committed 64768K, reserved 1107968K
[2020-12-24T00:13:53.508-0400][gc,heap        ] GC(378686)   class space    used 5712K, capacity 6559K, committed 6912K, reserved 1048576K
[2020-12-24T00:13:53.508-0400][gc,start       ] GC(378686) Pause Young (Normal) (G1 Evacuation Pause)
[2020-12-24T00:13:53.508-0400][gc,task        ] GC(378686) Using 4 workers of 4 for evacuation
[2020-12-24T00:13:53.515-0400][gc,phases      ] GC(378686)   Pre Evacuate Collection Set: 0.0ms
[2020-12-24T00:13:53.515-0400][gc,phases      ] GC(378686)   Evacuate Collection Set: 5.2ms
[2020-12-24T00:13:53.515-0400][gc,phases      ] GC(378686)   Post Evacuate Collection Set: 1.4ms
[2020-12-24T00:13:53.516-0400][gc,phases      ] GC(378686)   Other: 1.1ms
[2020-12-24T00:13:53.516-0400][gc,heap        ] GC(378686) Eden regions: 9->0(9)
[2020-12-24T00:13:53.516-0400][gc,heap        ] GC(378686) Survivor regions: 1->1(2)
[2020-12-24T00:13:53.516-0400][gc,heap        ] GC(378686) Old regions: 47->47
[2020-12-24T00:13:53.516-0400][gc,heap        ] GC(378686) Humongous regions: 4->4
[2020-12-24T00:13:53.516-0400][gc,metaspace   ] GC(378686) Metaspace: 61008K->61008K(1107968K)
[2020-12-24T00:13:53.516-0400][gc,heap        ] GC(378686) Heap after GC invocations=378663 (full 10971): garbage-first heap   total 71680K, used 49890K [0x0000000083000000, 0x0000000100000000)
[2020-12-24T00:13:53.516-0400][gc,heap        ] GC(378686)   region size 1024K, 1 young (1024K), 1 survivors (1024K)
[2020-12-24T00:13:53.516-0400][gc,heap        ] GC(378686)  Metaspace       used 61008K, capacity 63721K, committed 64768K, reserved 1107968K
[2020-12-24T00:13:53.516-0400][gc,heap        ] GC(378686)   class space    used 5712K, capacity 6559K, committed 6912K, reserved 1048576K
[2020-12-24T00:13:53.516-0400][gc             ] GC(378686) Pause Young (Normal) (G1 Evacuation Pause) 57M->48M(70M) 8.089ms
[2020-12-24T00:13:53.516-0400][gc,cpu         ] GC(378686) User=0.01s Sys=0.01s Real=0.01s
[2020-12-24T00:14:04.924-0400][gc,heap        ] GC(378687) Heap before GC invocations=378663 (full 10971): garbage-first heap   total 71680K, used 58082K [0x0000000083000000, 0x0000000100000000)
[2020-12-24T00:14:04.924-0400][gc,heap        ] GC(378687)   region size 1024K, 10 young (10240K), 1 survivors (1024K)
[2020-12-24T00:14:04.924-0400][gc,heap        ] GC(378687)  Metaspace       used 61008K, capacity 63721K, committed 64768K, reserved 1107968K
[2020-12-24T00:14:04.924-0400][gc,heap        ] GC(378687)   class space    used 5712K, capacity 6559K, committed 6912K, reserved 1048576K
[2020-12-24T00:14:04.924-0400][gc,start       ] GC(378687) Pause Young (Normal) (G1 Evacuation Pause)
[2020-12-24T00:14:04.924-0400][gc,task        ] GC(378687) Using 4 workers of 4 for evacuation
[2020-12-24T00:14:04.931-0400][gc,phases      ] GC(378687)   Pre Evacuate Collection Set: 0.0ms
[2020-12-24T00:14:04.931-0400][gc,phases      ] GC(378687)   Evacuate Collection Set: 4.5ms
[2020-12-24T00:14:04.931-0400][gc,phases      ] GC(378687)   Post Evacuate Collection Set: 1.6ms
[2020-12-24T00:14:04.931-0400][gc,phases      ] GC(378687)   Other: 0.9ms
[2020-12-24T00:14:04.931-0400][gc,heap        ] GC(378687) Eden regions: 9->0(9)
[2020-12-24T00:14:04.931-0400][gc,heap        ] GC(378687) Survivor regions: 1->1(2)
[2020-12-24T00:14:04.931-0400][gc,heap        ] GC(378687) Old regions: 47->47
[2020-12-24T00:14:04.931-0400][gc,heap        ] GC(378687) Humongous regions: 4->4
[2020-12-24T00:14:04.931-0400][gc,metaspace   ] GC(378687) Metaspace: 61008K->61008K(1107968K)
[2020-12-24T00:14:04.931-0400][gc,heap        ] GC(378687) Heap after GC invocations=378664 (full 10971): garbage-first heap   total 71680K, used 49684K [0x0000000083000000, 0x0000000100000000)
[2020-12-24T00:14:04.931-0400][gc,heap        ] GC(378687)   region size 1024K, 1 young (1024K), 1 survivors (1024K)
[2020-12-24T00:14:04.931-0400][gc,heap        ] GC(378687)  Metaspace       used 61008K, capacity 63721K, committed 64768K, reserved 1107968K
[2020-12-24T00:14:04.932-0400][gc,heap        ] GC(378687)   class space    used 5712K, capacity 6559K, committed 6912K, reserved 1048576K
[2020-12-24T00:14:04.932-0400][gc             ] GC(378687) Pause Young (Normal) (G1 Evacuation Pause) 57M->48M(70M) 7.386ms
[2020-12-24T00:14:04.932-0400][gc,cpu         ] GC(378687) User=0.01s Sys=0.01s Real=0.01s
[2020-12-24T00:14:11.313-0400][gc,heap        ] GC(378688) Heap before GC invocations=378664 (full 10971): garbage-first heap   total 71680K, used 57876K [0x0000000083000000, 0x0000000100000000)
[2020-12-24T00:14:11.313-0400][gc,heap        ] GC(378688)   region size 1024K, 10 young (10240K), 1 survivors (1024K)
[2020-12-24T00:14:11.313-0400][gc,heap        ] GC(378688)  Metaspace       used 61008K, capacity 63721K, committed 64768K, reserved 1107968K
[2020-12-24T00:14:11.313-0400][gc,heap        ] GC(378688)   class space    used 5712K, capacity 6559K, committed 6912K, reserved 1048576K
[2020-12-24T00:14:11.313-0400][gc,start       ] GC(378688) Pause Young (Normal) (G1 Evacuation Pause)
[2020-12-24T00:14:11.313-0400][gc,task        ] GC(378688) Using 4 workers of 4 for evacuation
[2020-12-24T00:14:11.323-0400][gc,phases      ] GC(378688)   Pre Evacuate Collection Set: 0.0ms
[2020-12-24T00:14:11.323-0400][gc,phases      ] GC(378688)   Evacuate Collection Set: 6.5ms
[2020-12-24T00:14:11.323-0400][gc,phases      ] GC(378688)   Post Evacuate Collection Set: 2.4ms
[2020-12-24T00:14:11.323-0400][gc,phases      ] GC(378688)   Other: 1.3ms
[2020-12-24T00:14:11.324-0400][gc,heap        ] GC(378688) Eden regions: 9->0(9)
[2020-12-24T00:14:11.324-0400][gc,heap        ] GC(378688) Survivor regions: 1->1(2)
[2020-12-24T00:14:11.324-0400][gc,heap        ] GC(378688) Old regions: 47->47
[2020-12-24T00:14:11.324-0400][gc,heap        ] GC(378688) Humongous regions: 4->4
[2020-12-24T00:14:11.324-0400][gc,metaspace   ] GC(378688) Metaspace: 61008K->61008K(1107968K)
[2020-12-24T00:14:11.324-0400][gc,heap        ] GC(378688) Heap after GC invocations=378665 (full 10971): garbage-first heap   total 71680K, used 49739K [0x0000000083000000, 0x0000000100000000)
[2020-12-24T00:14:11.324-0400][gc,heap        ] GC(378688)   region size 1024K, 1 young (1024K), 1 survivors (1024K)
[2020-12-24T00:14:11.325-0400][gc,heap        ] GC(378688)  Metaspace       used 61008K, capacity 63721K, committed 64768K, reserved 1107968K
[2020-12-24T00:14:11.325-0400][gc,heap        ] GC(378688)   class space    used 5712K, capacity 6559K, committed 6912K, reserved 1048576K
[2020-12-24T00:14:11.325-0400][gc             ] GC(378688) Pause Young (Normal) (G1 Evacuation Pause) 57M->48M(70M) 11.610ms
[2020-12-24T00:14:11.325-0400][gc,cpu         ] GC(378688) User=0.02s Sys=0.00s Real=0.01s
[2020-12-24T00:14:26.421-0400][gc,heap        ] GC(378689) Heap before GC invocations=378665 (full 10971): garbage-first heap   total 71680K, used 57931K [0x0000000083000000, 0x0000000100000000)
[2020-12-24T00:14:26.421-0400][gc,heap        ] GC(378689)   region size 1024K, 10 young (10240K), 1 survivors (1024K)
[2020-12-24T00:14:26.421-0400][gc,heap        ] GC(378689)  Metaspace       used 61008K, capacity 63721K, committed 64768K, reserved 1107968K
[2020-12-24T00:14:26.421-0400][gc,heap        ] GC(378689)   class space    used 5712K, capacity 6559K, committed 6912K, reserved 1048576K
[2020-12-24T00:14:26.421-0400][gc,start       ] GC(378689) Pause Young (Normal) (G1 Evacuation Pause)
[2020-12-24T00:14:26.421-0400][gc,task        ] GC(378689) Using 4 workers of 4 for evacuation
[2020-12-24T00:14:26.427-0400][gc,phases      ] GC(378689)   Pre Evacuate Collection Set: 0.0ms
[2020-12-24T00:14:26.428-0400][gc,phases      ] GC(378689)   Evacuate Collection Set: 4.2ms
[2020-12-24T00:14:26.428-0400][gc,phases      ] GC(378689)   Post Evacuate Collection Set: 1.6ms
[2020-12-24T00:14:26.428-0400][gc,phases      ] GC(378689)   Other: 0.8ms
[2020-12-24T00:14:26.428-0400][gc,heap        ] GC(378689) Eden regions: 9->0(9)
[2020-12-24T00:14:26.428-0400][gc,heap        ] GC(378689) Survivor regions: 1->1(2)
[2020-12-24T00:14:26.428-0400][gc,heap        ] GC(378689) Old regions: 47->47
[2020-12-24T00:14:26.428-0400][gc,heap        ] GC(378689) Humongous regions: 4->4
[2020-12-24T00:14:26.428-0400][gc,metaspace   ] GC(378689) Metaspace: 61008K->61008K(1107968K)
[2020-12-24T00:14:26.428-0400][gc,heap        ] GC(378689) Heap after GC invocations=378666 (full 10971): garbage-first heap   total 71680K, used 49599K [0x0000000083000000, 0x0000000100000000)
[2020-12-24T00:14:26.428-0400][gc,heap        ] GC(378689)   region size 1024K, 1 young (1024K), 1 survivors (1024K)
[2020-12-24T00:14:26.428-0400][gc,heap        ] GC(378689)  Metaspace       used 61008K, capacity 63721K, committed 64768K, reserved 1107968K
[2020-12-24T00:14:26.428-0400][gc,heap        ] GC(378689)   class space    used 5712K, capacity 6559K, committed 6912K, reserved 1048576K
[2020-12-24T00:14:26.428-0400][gc             ] GC(378689) Pause Young (Normal) (G1 Evacuation Pause) 57M->48M(70M) 7.031ms
[2020-12-24T00:14:26.428-0400][gc,cpu         ] GC(378689) User=0.02s Sys=0.00s Real=0.01s
[2020-12-24T00:14:53.826-0400][gc,heap        ] GC(378690) Heap before GC invocations=378666 (full 10971): garbage-first heap   total 71680K, used 57791K [0x0000000083000000, 0x0000000100000000)
[2020-12-24T00:14:53.827-0400][gc,heap        ] GC(378690)   region size 1024K, 10 young (10240K), 1 survivors (1024K)
[2020-12-24T00:14:53.827-0400][gc,heap        ] GC(378690)  Metaspace       used 61008K, capacity 63721K, committed 64768K, reserved 1107968K
[2020-12-24T00:14:53.827-0400][gc,heap        ] GC(378690)   class space    used 5712K, capacity 6559K, committed 6912K, reserved 1048576K
[2020-12-24T00:14:53.827-0400][gc,start       ] GC(378690) Pause Young (Normal) (G1 Evacuation Pause)
[2020-12-24T00:14:53.827-0400][gc,task        ] GC(378690) Using 4 workers of 4 for evacuation
[2020-12-24T00:14:53.833-0400][gc,phases      ] GC(378690)   Pre Evacuate Collection Set: 0.0ms
[2020-12-24T00:14:53.834-0400][gc,phases      ] GC(378690)   Evacuate Collection Set: 4.4ms
[2020-12-24T00:14:53.834-0400][gc,phases      ] GC(378690)   Post Evacuate Collection Set: 1.6ms
[2020-12-24T00:14:53.834-0400][gc,phases      ] GC(378690)   Other: 1.0ms
[2020-12-24T00:14:53.834-0400][gc,heap        ] GC(378690) Eden regions: 9->0(9)
[2020-12-24T00:14:53.834-0400][gc,heap        ] GC(378690) Survivor regions: 1->1(2)
[2020-12-24T00:14:53.834-0400][gc,heap        ] GC(378690) Old regions: 47->47
[2020-12-24T00:14:53.834-0400][gc,heap        ] GC(378690) Humongous regions: 4->4
[2020-12-24T00:14:53.834-0400][gc,metaspace   ] GC(378690) Metaspace: 61008K->61008K(1107968K)
[2020-12-24T00:14:53.834-0400][gc,heap        ] GC(378690) Heap after GC invocations=378667 (full 10971): garbage-first heap   total 71680K, used 49586K [0x0000000083000000, 0x0000000100000000)
[2020-12-24T00:14:53.834-0400][gc,heap        ] GC(378690)   region size 1024K, 1 young (1024K), 1 survivors (1024K)
[2020-12-24T00:14:53.834-0400][gc,heap        ] GC(378690)  Metaspace       used 61008K, capacity 63721K, committed 64768K, reserved 1107968K
[2020-12-24T00:14:53.834-0400][gc,heap        ] GC(378690)   class space    used 5712K, capacity 6559K, committed 6912K, reserved 1048576K
[2020-12-24T00:14:53.834-0400][gc             ] GC(378690) Pause Young (Normal) (G1 Evacuation Pause) 57M->48M(70M) 7.383ms
[2020-12-24T00:14:53.834-0400][gc,cpu         ] GC(378690) User=0.01s Sys=0.01s Real=0.00s
[2020-12-24T00:15:03.299-0400][gc,heap        ] GC(378691) Heap before GC invocations=378667 (full 10971): garbage-first heap   total 71680K, used 57778K [0x0000000083000000, 0x0000000100000000)
[2020-12-24T00:15:03.299-0400][gc,heap        ] GC(378691)   region size 1024K, 10 young (10240K), 1 survivors (1024K)
[2020-12-24T00:15:03.299-0400][gc,heap        ] GC(378691)  Metaspace       used 61008K, capacity 63721K, committed 64768K, reserved 1107968K
[2020-12-24T00:15:03.299-0400][gc,heap        ] GC(378691)   class space    used 5712K, capacity 6559K, committed 6912K, reserved 1048576K
[2020-12-24T00:15:03.299-0400][gc,start       ] GC(378691) Pause Young (Normal) (G1 Evacuation Pause)
[2020-12-24T00:15:03.300-0400][gc,task        ] GC(378691) Using 4 workers of 4 for evacuation
[2020-12-24T00:15:03.306-0400][gc,phases      ] GC(378691)   Pre Evacuate Collection Set: 0.0ms
[2020-12-24T00:15:03.306-0400][gc,phases      ] GC(378691)   Evacuate Collection Set: 4.7ms
[2020-12-24T00:15:03.306-0400][gc,phases      ] GC(378691)   Post Evacuate Collection Set: 1.6ms
[2020-12-24T00:15:03.307-0400][gc,phases      ] GC(378691)   Other: 1.1ms
[2020-12-24T00:15:03.307-0400][gc,heap        ] GC(378691) Eden regions: 9->0(9)
[2020-12-24T00:15:03.307-0400][gc,heap        ] GC(378691) Survivor regions: 1->1(2)
[2020-12-24T00:15:03.307-0400][gc,heap        ] GC(378691) Old regions: 47->47
[2020-12-24T00:15:03.307-0400][gc,heap        ] GC(378691) Humongous regions: 4->4
[2020-12-24T00:15:03.307-0400][gc,metaspace   ] GC(378691) Metaspace: 61008K->61008K(1107968K)
[2020-12-24T00:15:03.307-0400][gc,heap        ] GC(378691) Heap after GC invocations=378668 (full 10971): garbage-first heap   total 71680K, used 49677K [0x0000000083000000, 0x0000000100000000)
[2020-12-24T00:15:03.307-0400][gc,heap        ] GC(378691)   region size 1024K, 1 young (1024K), 1 survivors (1024K)
[2020-12-24T00:15:03.307-0400][gc,heap        ] GC(378691)  Metaspace       used 61008K, capacity 63721K, committed 64768K, reserved 1107968K
[2020-12-24T00:15:03.307-0400][gc,heap        ] GC(378691)   class space    used 5712K, capacity 6559K, committed 6912K, reserved 1048576K
[2020-12-24T00:15:03.307-0400][gc             ] GC(378691) Pause Young (Normal) (G1 Evacuation Pause) 57M->48M(70M) 7.629ms
[2020-12-24T00:15:03.307-0400][gc,cpu         ] GC(378691) User=0.01s Sys=0.01s Real=0.01s
[2020-12-24T00:15:08.625-0400][gc,heap        ] GC(378692) Heap before GC invocations=378668 (full 10971): garbage-first heap   total 71680K, used 57869K [0x0000000083000000, 0x0000000100000000)
[2020-12-24T00:15:08.625-0400][gc,heap        ] GC(378692)   region size 1024K, 10 young (10240K), 1 survivors (1024K)
[2020-12-24T00:15:08.625-0400][gc,heap        ] GC(378692)  Metaspace       used 61008K, capacity 63721K, committed 64768K, reserved 1107968K
[2020-12-24T00:15:08.625-0400][gc,heap        ] GC(378692)   class space    used 5712K, capacity 6559K, committed 6912K, reserved 1048576K
[2020-12-24T00:15:08.625-0400][gc,start       ] GC(378692) Pause Young (Normal) (G1 Evacuation Pause)
[2020-12-24T00:15:08.625-0400][gc,task        ] GC(378692) Using 4 workers of 4 for evacuation
[2020-12-24T00:15:08.632-0400][gc,phases      ] GC(378692)   Pre Evacuate Collection Set: 0.0ms
[2020-12-24T00:15:08.632-0400][gc,phases      ] GC(378692)   Evacuate Collection Set: 4.2ms
[2020-12-24T00:15:08.632-0400][gc,phases      ] GC(378692)   Post Evacuate Collection Set: 1.4ms
[2020-12-24T00:15:08.632-0400][gc,phases      ] GC(378692)   Other: 0.9ms
[2020-12-24T00:15:08.632-0400][gc,heap        ] GC(378692) Eden regions: 9->0(9)
[2020-12-24T00:15:08.632-0400][gc,heap        ] GC(378692) Survivor regions: 1->1(2)
[2020-12-24T00:15:08.632-0400][gc,heap        ] GC(378692) Old regions: 47->47
[2020-12-24T00:15:08.632-0400][gc,heap        ] GC(378692) Humongous regions: 4->4
[2020-12-24T00:15:08.632-0400][gc,metaspace   ] GC(378692) Metaspace: 61008K->61008K(1107968K)
[2020-12-24T00:15:08.632-0400][gc,heap        ] GC(378692) Heap after GC invocations=378669 (full 10971): garbage-first heap   total 71680K, used 49617K [0x0000000083000000, 0x0000000100000000)
[2020-12-24T00:15:08.632-0400][gc,heap        ] GC(378692)   region size 1024K, 1 young (1024K), 1 survivors (1024K)
[2020-12-24T00:15:08.632-0400][gc,heap        ] GC(378692)  Metaspace       used 61008K, capacity 63721K, committed 64768K, reserved 1107968K
[2020-12-24T00:15:08.632-0400][gc,heap        ] GC(378692)   class space    used 5712K, capacity 6559K, committed 6912K, reserved 1048576K
[2020-12-24T00:15:08.632-0400][gc             ] GC(378692) Pause Young (Normal) (G1 Evacuation Pause) 57M->48M(70M) 6.916ms
[2020-12-24T00:15:08.632-0400][gc,cpu         ] GC(378692) User=0.02s Sys=0.01s Real=0.01s
[2020-12-24T00:15:27.368-0400][gc,heap        ] GC(378693) Heap before GC invocations=378669 (full 10971): garbage-first heap   total 71680K, used 57809K [0x0000000083000000, 0x0000000100000000)
[2020-12-24T00:15:27.368-0400][gc,heap        ] GC(378693)   region size 1024K, 10 young (10240K), 1 survivors (1024K)
[2020-12-24T00:15:27.369-0400][gc,heap        ] GC(378693)  Metaspace       used 61008K, capacity 63721K, committed 64768K, reserved 1107968K
[2020-12-24T00:15:27.369-0400][gc,heap        ] GC(378693)   class space    used 5712K, capacity 6559K, committed 6912K, reserved 1048576K
[2020-12-24T00:15:27.369-0400][gc,start       ] GC(378693) Pause Young (Normal) (G1 Evacuation Pause)
[2020-12-24T00:15:27.369-0400][gc,task        ] GC(378693) Using 4 workers of 4 for evacuation
[2020-12-24T00:15:27.375-0400][gc,phases      ] GC(378693)   Pre Evacuate Collection Set: 0.0ms
[2020-12-24T00:15:27.375-0400][gc,phases      ] GC(378693)   Evacuate Collection Set: 4.5ms
[2020-12-24T00:15:27.376-0400][gc,phases      ] GC(378693)   Post Evacuate Collection Set: 1.7ms
[2020-12-24T00:15:27.376-0400][gc,phases      ] GC(378693)   Other: 0.9ms
[2020-12-24T00:15:27.376-0400][gc,heap        ] GC(378693) Eden regions: 9->0(9)
[2020-12-24T00:15:27.376-0400][gc,heap        ] GC(378693) Survivor regions: 1->1(2)
[2020-12-24T00:15:27.376-0400][gc,heap        ] GC(378693) Old regions: 47->47
[2020-12-24T00:15:27.376-0400][gc,heap        ] GC(378693) Humongous regions: 4->4
[2020-12-24T00:15:27.376-0400][gc,metaspace   ] GC(378693) Metaspace: 61008K->61008K(1107968K)
[2020-12-24T00:15:27.376-0400][gc,heap        ] GC(378693) Heap after GC invocations=378670 (full 10971): garbage-first heap   total 71680K, used 49695K [0x0000000083000000, 0x0000000100000000)
[2020-12-24T00:15:27.376-0400][gc,heap        ] GC(378693)   region size 1024K, 1 young (1024K), 1 survivors (1024K)
[2020-12-24T00:15:27.376-0400][gc,heap        ] GC(378693)  Metaspace       used 61008K, capacity 63721K, committed 64768K, reserved 1107968K
[2020-12-24T00:15:27.376-0400][gc,heap        ] GC(378693)   class space    used 5712K, capacity 6559K, committed 6912K, reserved 1048576K
[2020-12-24T00:15:27.376-0400][gc             ] GC(378693) Pause Young (Normal) (G1 Evacuation Pause) 57M->48M(70M) 7.503ms
[2020-12-24T00:15:27.376-0400][gc,cpu         ] GC(378693) User=0.02s Sys=0.00s Real=0.01s
[2020-12-24T00:15:50.658-0400][gc,heap        ] GC(378694) Heap before GC invocations=378670 (full 10971): garbage-first heap   total 71680K, used 57887K [0x0000000083000000, 0x0000000100000000)
[2020-12-24T00:15:50.659-0400][gc,heap        ] GC(378694)   region size 1024K, 10 young (10240K), 1 survivors (1024K)
[2020-12-24T00:15:50.659-0400][gc,heap        ] GC(378694)  Metaspace       used 61008K, capacity 63721K, committed 64768K, reserved 1107968K
[2020-12-24T00:15:50.659-0400][gc,heap        ] GC(378694)   class space    used 5712K, capacity 6559K, committed 6912K, reserved 1048576K
[2020-12-24T00:15:50.659-0400][gc,start       ] GC(378694) Pause Young (Normal) (G1 Evacuation Pause)
[2020-12-24T00:15:50.659-0400][gc,task        ] GC(378694) Using 4 workers of 4 for evacuation
[2020-12-24T00:15:50.665-0400][gc,phases      ] GC(378694)   Pre Evacuate Collection Set: 0.0ms
[2020-12-24T00:15:50.665-0400][gc,phases      ] GC(378694)   Evacuate Collection Set: 4.1ms
[2020-12-24T00:15:50.665-0400][gc,phases      ] GC(378694)   Post Evacuate Collection Set: 1.5ms
[2020-12-24T00:15:50.665-0400][gc,phases      ] GC(378694)   Other: 0.9ms
[2020-12-24T00:15:50.665-0400][gc,heap        ] GC(378694) Eden regions: 9->0(9)
[2020-12-24T00:15:50.665-0400][gc,heap        ] GC(378694) Survivor regions: 1->1(2)
[2020-12-24T00:15:50.665-0400][gc,heap        ] GC(378694) Old regions: 47->47
[2020-12-24T00:15:50.665-0400][gc,heap        ] GC(378694) Humongous regions: 4->4
[2020-12-24T00:15:50.665-0400][gc,metaspace   ] GC(378694) Metaspace: 61008K->61008K(1107968K)
[2020-12-24T00:15:50.665-0400][gc,heap        ] GC(378694) Heap after GC invocations=378671 (full 10971): garbage-first heap   total 71680K, used 49649K [0x0000000083000000, 0x0000000100000000)
[2020-12-24T00:15:50.666-0400][gc,heap        ] GC(378694)   region size 1024K, 1 young (1024K), 1 survivors (1024K)
[2020-12-24T00:15:50.666-0400][gc,heap        ] GC(378694)  Metaspace       used 61008K, capacity 63721K, committed 64768K, reserved 1107968K
[2020-12-24T00:15:50.666-0400][gc,heap        ] GC(378694)   class space    used 5712K, capacity 6559K, committed 6912K, reserved 1048576K
[2020-12-24T00:15:50.666-0400][gc             ] GC(378694) Pause Young (Normal) (G1 Evacuation Pause) 57M->48M(70M) 6.927ms
[2020-12-24T00:15:50.666-0400][gc,cpu         ] GC(378694) User=0.02s Sys=0.00s Real=0.01s
[2020-12-24T00:16:07.820-0400][gc,heap        ] GC(378695) Heap before GC invocations=378671 (full 10971): garbage-first heap   total 71680K, used 57841K [0x0000000083000000, 0x0000000100000000)
[2020-12-24T00:16:07.820-0400][gc,heap        ] GC(378695)   region size 1024K, 10 young (10240K), 1 survivors (1024K)
[2020-12-24T00:16:07.821-0400][gc,heap        ] GC(378695)  Metaspace       used 61008K, capacity 63721K, committed 64768K, reserved 1107968K
[2020-12-24T00:16:07.821-0400][gc,heap        ] GC(378695)   class space    used 5712K, capacity 6559K, committed 6912K, reserved 1048576K
[2020-12-24T00:16:07.821-0400][gc,start       ] GC(378695) Pause Young (Normal) (G1 Evacuation Pause)
[2020-12-24T00:16:07.821-0400][gc,task        ] GC(378695) Using 4 workers of 4 for evacuation
[2020-12-24T00:16:07.827-0400][gc,phases      ] GC(378695)   Pre Evacuate Collection Set: 0.0ms
[2020-12-24T00:16:07.828-0400][gc,phases      ] GC(378695)   Evacuate Collection Set: 4.7ms
[2020-12-24T00:16:07.828-0400][gc,phases      ] GC(378695)   Post Evacuate Collection Set: 1.5ms
[2020-12-24T00:16:07.828-0400][gc,phases      ] GC(378695)   Other: 0.9ms
[2020-12-24T00:16:07.828-0400][gc,heap        ] GC(378695) Eden regions: 9->0(9)
[2020-12-24T00:16:07.828-0400][gc,heap        ] GC(378695) Survivor regions: 1->1(2)
[2020-12-24T00:16:07.828-0400][gc,heap        ] GC(378695) Old regions: 47->47
[2020-12-24T00:16:07.828-0400][gc,heap        ] GC(378695) Humongous regions: 4->4
[2020-12-24T00:16:07.828-0400][gc,metaspace   ] GC(378695) Metaspace: 61008K->61008K(1107968K)
[2020-12-24T00:16:07.828-0400][gc,heap        ] GC(378695) Heap after GC invocations=378672 (full 10971): garbage-first heap   total 71680K, used 49745K [0x0000000083000000, 0x0000000100000000)
[2020-12-24T00:16:07.828-0400][gc,heap        ] GC(378695)   region size 1024K, 1 young (1024K), 1 survivors (1024K)
[2020-12-24T00:16:07.828-0400][gc,heap        ] GC(378695)  Metaspace       used 61008K, capacity 63721K, committed 64768K, reserved 1107968K
[2020-12-24T00:16:07.828-0400][gc,heap        ] GC(378695)   class space    used 5712K, capacity 6559K, committed 6912K, reserved 1048576K
[2020-12-24T00:16:07.828-0400][gc             ] GC(378695) Pause Young (Normal) (G1 Evacuation Pause) 57M->48M(70M) 7.632ms
[2020-12-24T00:16:07.829-0400][gc,cpu         ] GC(378695) User=0.01s Sys=0.01s Real=0.01s
[2020-12-24T00:16:21.614-0400][gc,heap        ] GC(378696) Heap before GC invocations=378672 (full 10971): garbage-first heap   total 71680K, used 57937K [0x0000000083000000, 0x0000000100000000)
[2020-12-24T00:16:21.614-0400][gc,heap        ] GC(378696)   region size 1024K, 10 young (10240K), 1 survivors (1024K)
[2020-12-24T00:16:21.614-0400][gc,heap        ] GC(378696)  Metaspace       used 61008K, capacity 63721K, committed 64768K, reserved 1107968K
[2020-12-24T00:16:21.614-0400][gc,heap        ] GC(378696)   class space    used 5712K, capacity 6559K, committed 6912K, reserved 1048576K
[2020-12-24T00:16:21.614-0400][gc,start       ] GC(378696) Pause Young (Normal) (G1 Evacuation Pause)
[2020-12-24T00:16:21.614-0400][gc,task        ] GC(378696) Using 4 workers of 4 for evacuation
[2020-12-24T00:16:21.621-0400][gc,phases      ] GC(378696)   Pre Evacuate Collection Set: 0.0ms
[2020-12-24T00:16:21.621-0400][gc,phases      ] GC(378696)   Evacuate Collection Set: 4.6ms
[2020-12-24T00:16:21.621-0400][gc,phases      ] GC(378696)   Post Evacuate Collection Set: 1.6ms
[2020-12-24T00:16:21.621-0400][gc,phases      ] GC(378696)   Other: 0.9ms
[2020-12-24T00:16:21.621-0400][gc,heap        ] GC(378696) Eden regions: 9->0(9)
[2020-12-24T00:16:21.622-0400][gc,heap        ] GC(378696) Survivor regions: 1->1(2)
[2020-12-24T00:16:21.622-0400][gc,heap        ] GC(378696) Old regions: 47->47
[2020-12-24T00:16:21.622-0400][gc,heap        ] GC(378696) Humongous regions: 4->4
[2020-12-24T00:16:21.622-0400][gc,metaspace   ] GC(378696) Metaspace: 61008K->61008K(1107968K)
[2020-12-24T00:16:21.622-0400][gc,heap        ] GC(378696) Heap after GC invocations=378673 (full 10971): garbage-first heap   total 71680K, used 49718K [0x0000000083000000, 0x0000000100000000)
[2020-12-24T00:16:21.622-0400][gc,heap        ] GC(378696)   region size 1024K, 1 young (1024K), 1 survivors (1024K)
[2020-12-24T00:16:21.622-0400][gc,heap        ] GC(378696)  Metaspace       used 61008K, capacity 63721K, committed 64768K, reserved 1107968K
[2020-12-24T00:16:21.622-0400][gc,heap        ] GC(378696)   class space    used 5712K, capacity 6559K, committed 6912K, reserved 1048576K
[2020-12-24T00:16:21.622-0400][gc             ] GC(378696) Pause Young (Normal) (G1 Evacuation Pause) 57M->48M(70M) 7.567ms
[2020-12-24T00:16:21.622-0400][gc,cpu         ] GC(378696) User=0.02s Sys=0.01s Real=0.01s
[2020-12-24T00:16:45.567-0400][gc,heap        ] GC(378697) Heap before GC invocations=378673 (full 10971): garbage-first heap   total 71680K, used 57910K [0x0000000083000000, 0x0000000100000000)
[2020-12-24T00:16:45.567-0400][gc,heap        ] GC(378697)   region size 1024K, 10 young (10240K), 1 survivors (1024K)
[2020-12-24T00:16:45.567-0400][gc,heap        ] GC(378697)  Metaspace       used 61008K, capacity 63721K, committed 64768K, reserved 1107968K
[2020-12-24T00:16:45.567-0400][gc,heap        ] GC(378697)   class space    used 5712K, capacity 6559K, committed 6912K, reserved 1048576K
[2020-12-24T00:16:45.567-0400][gc,start       ] GC(378697) Pause Young (Normal) (G1 Evacuation Pause)
[2020-12-24T00:16:45.567-0400][gc,task        ] GC(378697) Using 4 workers of 4 for evacuation
[2020-12-24T00:16:45.574-0400][gc,phases      ] GC(378697)   Pre Evacuate Collection Set: 0.0ms
[2020-12-24T00:16:45.574-0400][gc,phases      ] GC(378697)   Evacuate Collection Set: 4.4ms
[2020-12-24T00:16:45.574-0400][gc,phases      ] GC(378697)   Post Evacuate Collection Set: 1.7ms
[2020-12-24T00:16:45.574-0400][gc,phases      ] GC(378697)   Other: 1.2ms
[2020-12-24T00:16:45.574-0400][gc,heap        ] GC(378697) Eden regions: 9->0(9)
[2020-12-24T00:16:45.574-0400][gc,heap        ] GC(378697) Survivor regions: 1->1(2)
[2020-12-24T00:16:45.574-0400][gc,heap        ] GC(378697) Old regions: 47->47
[2020-12-24T00:16:45.574-0400][gc,heap        ] GC(378697) Humongous regions: 4->4
[2020-12-24T00:16:45.574-0400][gc,metaspace   ] GC(378697) Metaspace: 61008K->61008K(1107968K)
[2020-12-24T00:16:45.574-0400][gc,heap        ] GC(378697) Heap after GC invocations=378674 (full 10971): garbage-first heap   total 71680K, used 49560K [0x0000000083000000, 0x0000000100000000)
[2020-12-24T00:16:45.574-0400][gc,heap        ] GC(378697)   region size 1024K, 1 young (1024K), 1 survivors (1024K)
[2020-12-24T00:16:45.574-0400][gc,heap        ] GC(378697)  Metaspace       used 61008K, capacity 63721K, committed 64768K, reserved 1107968K
[2020-12-24T00:16:45.575-0400][gc,heap        ] GC(378697)   class space    used 5712K, capacity 6559K, committed 6912K, reserved 1048576K
[2020-12-24T00:16:45.575-0400][gc             ] GC(378697) Pause Young (Normal) (G1 Evacuation Pause) 57M->48M(70M) 7.712ms
[2020-12-24T00:16:45.575-0400][gc,cpu         ] GC(378697) User=0.01s Sys=0.01s Real=0.00s
[2020-12-24T00:16:50.923-0400][gc,task        ] GC(378698) Using 3 workers of 4 for full compaction
[2020-12-24T00:16:50.924-0400][gc,start       ] GC(378698) Pause Full (System.gc())
[2020-12-24T00:16:50.924-0400][gc,heap        ] GC(378698) Heap before GC invocations=378674 (full 10971): garbage-first heap   total 71680K, used 52632K [0x0000000083000000, 0x0000000100000000)
[2020-12-24T00:16:50.924-0400][gc,heap        ] GC(378698)   region size 1024K, 6 young (6144K), 1 survivors (1024K)
[2020-12-24T00:16:50.924-0400][gc,heap        ] GC(378698)  Metaspace       used 61008K, capacity 63721K, committed 64768K, reserved 1107968K
[2020-12-24T00:16:50.924-0400][gc,heap        ] GC(378698)   class space    used 5712K, capacity 6559K, committed 6912K, reserved 1048576K
[2020-12-24T00:16:50.927-0400][gc,phases,start] GC(378698) Phase 1: Mark live objects
[2020-12-24T00:16:51.069-0400][gc,stringtable ] GC(378698) Cleaned string and symbol table, strings: 32207 processed, 0 removed, symbols: 131451 processed, 0 removed
[2020-12-24T00:16:51.070-0400][gc,phases      ] GC(378698) Phase 1: Mark live objects 142.803ms
[2020-12-24T00:16:51.070-0400][gc,phases,start] GC(378698) Phase 2: Prepare for compaction
[2020-12-24T00:16:51.100-0400][gc,phases      ] GC(378698) Phase 2: Prepare for compaction 29.876ms
[2020-12-24T00:16:51.100-0400][gc,phases,start] GC(378698) Phase 3: Adjust pointers
[2020-12-24T00:16:51.177-0400][gc,phases      ] GC(378698) Phase 3: Adjust pointers 76.915ms
[2020-12-24T00:16:51.177-0400][gc,phases,start] GC(378698) Phase 4: Compact heap
[2020-12-24T00:16:51.200-0400][gc,phases      ] GC(378698) Phase 4: Compact heap 23.163ms
[2020-12-24T00:16:51.236-0400][gc,heap        ] GC(378698) Eden regions: 5->0(9)
[2020-12-24T00:16:51.236-0400][gc,heap        ] GC(378698) Survivor regions: 1->0(2)
[2020-12-24T00:16:51.236-0400][gc,heap        ] GC(378698) Old regions: 47->47
[2020-12-24T00:16:51.236-0400][gc,heap        ] GC(378698) Humongous regions: 4->4
[2020-12-24T00:16:51.236-0400][gc,metaspace   ] GC(378698) Metaspace: 61008K->61008K(1107968K)
[2020-12-24T00:16:51.236-0400][gc,heap        ] GC(378698) Heap after GC invocations=378675 (full 10972): garbage-first heap   total 71680K, used 48612K [0x0000000083000000, 0x0000000100000000)
[2020-12-24T00:16:51.236-0400][gc,heap        ] GC(378698)   region size 1024K, 0 young (0K), 0 survivors (0K)
[2020-12-24T00:16:51.236-0400][gc,heap        ] GC(378698)  Metaspace       used 61008K, capacity 63721K, committed 64768K, reserved 1107968K
[2020-12-24T00:16:51.236-0400][gc,heap        ] GC(378698)   class space    used 5712K, capacity 6559K, committed 6912K, reserved 1048576K
[2020-12-24T00:16:51.236-0400][gc             ] GC(378698) Pause Full (System.gc()) 52M->47M(70M) 312.593ms
[2020-12-24T00:16:51.236-0400][gc,cpu         ] GC(378698) User=0.83s Sys=0.00s Real=0.32s
[2020-12-24T00:17:11.775-0400][gc,heap        ] GC(378699) Heap before GC invocations=378675 (full 10972): garbage-first heap   total 71680K, used 56804K [0x0000000083000000, 0x0000000100000000)
[2020-12-24T00:17:11.775-0400][gc,heap        ] GC(378699)   region size 1024K, 9 young (9216K), 0 survivors (0K)
[2020-12-24T00:17:11.775-0400][gc,heap        ] GC(378699)  Metaspace       used 61008K, capacity 63721K, committed 64768K, reserved 1107968K
[2020-12-24T00:17:11.775-0400][gc,heap        ] GC(378699)   class space    used 5712K, capacity 6559K, committed 6912K, reserved 1048576K
[2020-12-24T00:17:11.775-0400][gc,start       ] GC(378699) Pause Young (Normal) (G1 Evacuation Pause)
[2020-12-24T00:17:11.775-0400][gc,task        ] GC(378699) Using 4 workers of 4 for evacuation
[2020-12-24T00:17:11.781-0400][gc,phases      ] GC(378699)   Pre Evacuate Collection Set: 0.0ms
[2020-12-24T00:17:11.781-0400][gc,phases      ] GC(378699)   Evacuate Collection Set: 3.0ms
[2020-12-24T00:17:11.781-0400][gc,phases      ] GC(378699)   Post Evacuate Collection Set: 2.0ms
[2020-12-24T00:17:11.781-0400][gc,phases      ] GC(378699)   Other: 0.8ms
[2020-12-24T00:17:11.781-0400][gc,heap        ] GC(378699) Eden regions: 9->0(9)
[2020-12-24T00:17:11.781-0400][gc,heap        ] GC(378699) Survivor regions: 0->1(2)
[2020-12-24T00:17:11.781-0400][gc,heap        ] GC(378699) Old regions: 47->47
[2020-12-24T00:17:11.781-0400][gc,heap        ] GC(378699) Humongous regions: 4->4
[2020-12-24T00:17:11.781-0400][gc,metaspace   ] GC(378699) Metaspace: 61008K->61008K(1107968K)
[2020-12-24T00:17:11.781-0400][gc,heap        ] GC(378699) Heap after GC invocations=378676 (full 10972): garbage-first heap   total 71680K, used 48841K [0x0000000083000000, 0x0000000100000000)
[2020-12-24T00:17:11.781-0400][gc,heap        ] GC(378699)   region size 1024K, 1 young (1024K), 1 survivors (1024K)
[2020-12-24T00:17:11.781-0400][gc,heap        ] GC(378699)  Metaspace       used 61008K, capacity 63721K, committed 64768K, reserved 1107968K
[2020-12-24T00:17:11.781-0400][gc,heap        ] GC(378699)   class space    used 5712K, capacity 6559K, committed 6912K, reserved 1048576K
[2020-12-24T00:17:11.781-0400][gc             ] GC(378699) Pause Young (Normal) (G1 Evacuation Pause) 56M->47M(70M) 6.335ms
[2020-12-24T00:17:11.781-0400][gc,cpu         ] GC(378699) User=0.01s Sys=0.00s Real=0.01s
[2020-12-24T00:17:35.546-0400][gc,heap        ] GC(378700) Heap before GC invocations=378676 (full 10972): garbage-first heap   total 71680K, used 57033K [0x0000000083000000, 0x0000000100000000)
[2020-12-24T00:17:35.546-0400][gc,heap        ] GC(378700)   region size 1024K, 10 young (10240K), 1 survivors (1024K)
[2020-12-24T00:17:35.546-0400][gc,heap        ] GC(378700)  Metaspace       used 61008K, capacity 63721K, committed 64768K, reserved 1107968K
[2020-12-24T00:17:35.546-0400][gc,heap        ] GC(378700)   class space    used 5712K, capacity 6559K, committed 6912K, reserved 1048576K
[2020-12-24T00:17:35.546-0400][gc,start       ] GC(378700) Pause Young (Normal) (G1 Evacuation Pause)
[2020-12-24T00:17:35.546-0400][gc,task        ] GC(378700) Using 4 workers of 4 for evacuation
[2020-12-24T00:17:35.551-0400][gc,phases      ] GC(378700)   Pre Evacuate Collection Set: 0.0ms
[2020-12-24T00:17:35.551-0400][gc,phases      ] GC(378700)   Evacuate Collection Set: 3.0ms
[2020-12-24T00:17:35.551-0400][gc,phases      ] GC(378700)   Post Evacuate Collection Set: 1.4ms
[2020-12-24T00:17:35.551-0400][gc,phases      ] GC(378700)   Other: 0.8ms
[2020-12-24T00:17:35.551-0400][gc,heap        ] GC(378700) Eden regions: 9->0(9)
[2020-12-24T00:17:35.552-0400][gc,heap        ] GC(378700) Survivor regions: 1->1(2)
[2020-12-24T00:17:35.552-0400][gc,heap        ] GC(378700) Old regions: 47->47
[2020-12-24T00:17:35.552-0400][gc,heap        ] GC(378700) Humongous regions: 4->4
[2020-12-24T00:17:35.552-0400][gc,metaspace   ] GC(378700) Metaspace: 61008K->61008K(1107968K)
[2020-12-24T00:17:35.552-0400][gc,heap        ] GC(378700) Heap after GC invocations=378677 (full 10972): garbage-first heap   total 71680K, used 48840K [0x0000000083000000, 0x0000000100000000)
[2020-12-24T00:17:35.552-0400][gc,heap        ] GC(378700)   region size 1024K, 1 young (1024K), 1 survivors (1024K)
[2020-12-24T00:17:35.552-0400][gc,heap        ] GC(378700)  Metaspace       used 61008K, capacity 63721K, committed 64768K, reserved 1107968K
[2020-12-24T00:17:35.552-0400][gc,heap        ] GC(378700)   class space    used 5712K, capacity 6559K, committed 6912K, reserved 1048576K
[2020-12-24T00:17:35.552-0400][gc             ] GC(378700) Pause Young (Normal) (G1 Evacuation Pause) 56M->47M(70M) 5.823ms
[2020-12-24T00:17:35.552-0400][gc,cpu         ] GC(378700) User=0.01s Sys=0.01s Real=0.00s
[2020-12-24T00:18:03.121-0400][gc,heap        ] GC(378701) Heap before GC invocations=378677 (full 10972): garbage-first heap   total 71680K, used 57032K [0x0000000083000000, 0x0000000100000000)
[2020-12-24T00:18:03.121-0400][gc,heap        ] GC(378701)   region size 1024K, 10 young (10240K), 1 survivors (1024K)
[2020-12-24T00:18:03.121-0400][gc,heap        ] GC(378701)  Metaspace       used 61008K, capacity 63721K, committed 64768K, reserved 1107968K
[2020-12-24T00:18:03.122-0400][gc,heap        ] GC(378701)   class space    used 5712K, capacity 6559K, committed 6912K, reserved 1048576K
[2020-12-24T00:18:03.122-0400][gc,start       ] GC(378701) Pause Young (Normal) (G1 Evacuation Pause)
[2020-12-24T00:18:03.122-0400][gc,task        ] GC(378701) Using 4 workers of 4 for evacuation
[2020-12-24T00:18:03.127-0400][gc,phases      ] GC(378701)   Pre Evacuate Collection Set: 0.0ms
[2020-12-24T00:18:03.127-0400][gc,phases      ] GC(378701)   Evacuate Collection Set: 3.0ms
[2020-12-24T00:18:03.127-0400][gc,phases      ] GC(378701)   Post Evacuate Collection Set: 1.6ms
[2020-12-24T00:18:03.127-0400][gc,phases      ] GC(378701)   Other: 0.9ms
[2020-12-24T00:18:03.127-0400][gc,heap        ] GC(378701) Eden regions: 9->0(9)
[2020-12-24T00:18:03.127-0400][gc,heap        ] GC(378701) Survivor regions: 1->1(2)
[2020-12-24T00:18:03.127-0400][gc,heap        ] GC(378701) Old regions: 47->47
[2020-12-24T00:18:03.127-0400][gc,heap        ] GC(378701) Humongous regions: 4->4
[2020-12-24T00:18:03.127-0400][gc,metaspace   ] GC(378701) Metaspace: 61008K->61008K(1107968K)
[2020-12-24T00:18:03.127-0400][gc,heap        ] GC(378701) Heap after GC invocations=378678 (full 10972): garbage-first heap   total 71680K, used 48917K [0x0000000083000000, 0x0000000100000000)
[2020-12-24T00:18:03.127-0400][gc,heap        ] GC(378701)   region size 1024K, 1 young (1024K), 1 survivors (1024K)
[2020-12-24T00:18:03.127-0400][gc,heap        ] GC(378701)  Metaspace       used 61008K, capacity 63721K, committed 64768K, reserved 1107968K
[2020-12-24T00:18:03.127-0400][gc,heap        ] GC(378701)   class space    used 5712K, capacity 6559K, committed 6912K, reserved 1048576K
[2020-12-24T00:18:03.128-0400][gc             ] GC(378701) Pause Young (Normal) (G1 Evacuation Pause) 56M->47M(70M) 5.851ms
[2020-12-24T00:18:03.128-0400][gc,cpu         ] GC(378701) User=0.01s Sys=0.01s Real=0.01s
[2020-12-24T00:18:23.892-0400][gc,heap        ] GC(378702) Heap before GC invocations=378678 (full 10972): garbage-first heap   total 71680K, used 57109K [0x0000000083000000, 0x0000000100000000)
[2020-12-24T00:18:23.892-0400][gc,heap        ] GC(378702)   region size 1024K, 10 young (10240K), 1 survivors (1024K)
[2020-12-24T00:18:23.892-0400][gc,heap        ] GC(378702)  Metaspace       used 61008K, capacity 63721K, committed 64768K, reserved 1107968K
[2020-12-24T00:18:23.892-0400][gc,heap        ] GC(378702)   class space    used 5712K, capacity 6559K, committed 6912K, reserved 1048576K
[2020-12-24T00:18:23.892-0400][gc,start       ] GC(378702) Pause Young (Normal) (G1 Evacuation Pause)
[2020-12-24T00:18:23.892-0400][gc,task        ] GC(378702) Using 4 workers of 4 for evacuation
[2020-12-24T00:18:23.897-0400][gc,phases      ] GC(378702)   Pre Evacuate Collection Set: 0.0ms
[2020-12-24T00:18:23.897-0400][gc,phases      ] GC(378702)   Evacuate Collection Set: 3.0ms
[2020-12-24T00:18:23.897-0400][gc,phases      ] GC(378702)   Post Evacuate Collection Set: 1.3ms
[2020-12-24T00:18:23.897-0400][gc,phases      ] GC(378702)   Other: 0.9ms
[2020-12-24T00:18:23.897-0400][gc,heap        ] GC(378702) Eden regions: 9->0(9)
[2020-12-24T00:18:23.897-0400][gc,heap        ] GC(378702) Survivor regions: 1->1(2)
[2020-12-24T00:18:23.897-0400][gc,heap        ] GC(378702) Old regions: 47->47
[2020-12-24T00:18:23.897-0400][gc,heap        ] GC(378702) Humongous regions: 4->4
[2020-12-24T00:18:23.897-0400][gc,metaspace   ] GC(378702) Metaspace: 61008K->61008K(1107968K)
[2020-12-24T00:18:23.897-0400][gc,heap        ] GC(378702) Heap after GC invocations=378679 (full 10972): garbage-first heap   total 71680K, used 48904K [0x0000000083000000, 0x0000000100000000)
[2020-12-24T00:18:23.898-0400][gc,heap        ] GC(378702)   region size 1024K, 1 young (1024K), 1 survivors (1024K)
[2020-12-24T00:18:23.898-0400][gc,heap        ] GC(378702)  Metaspace       used 61008K, capacity 63721K, committed 64768K, reserved 1107968K
[2020-12-24T00:18:23.898-0400][gc,heap        ] GC(378702)   class space    used 5712K, capacity 6559K, committed 6912K, reserved 1048576K
[2020-12-24T00:18:23.898-0400][gc             ] GC(378702) Pause Young (Normal) (G1 Evacuation Pause) 56M->47M(70M) 5.511ms
[2020-12-24T00:18:23.898-0400][gc,cpu         ] GC(378702) User=0.01s Sys=0.00s Real=0.01s
[2020-12-24T00:18:59.425-0400][gc,heap        ] GC(378703) Heap before GC invocations=378679 (full 10972): garbage-first heap   total 71680K, used 57096K [0x0000000083000000, 0x0000000100000000)
[2020-12-24T00:18:59.425-0400][gc,heap        ] GC(378703)   region size 1024K, 10 young (10240K), 1 survivors (1024K)
[2020-12-24T00:18:59.425-0400][gc,heap        ] GC(378703)  Metaspace       used 61008K, capacity 63721K, committed 64768K, reserved 1107968K
[2020-12-24T00:18:59.425-0400][gc,heap        ] GC(378703)   class space    used 5712K, capacity 6559K, committed 6912K, reserved 1048576K
[2020-12-24T00:18:59.425-0400][gc,start       ] GC(378703) Pause Young (Normal) (G1 Evacuation Pause)
[2020-12-24T00:18:59.425-0400][gc,task        ] GC(378703) Using 4 workers of 4 for evacuation
[2020-12-24T00:18:59.431-0400][gc,phases      ] GC(378703)   Pre Evacuate Collection Set: 0.0ms
[2020-12-24T00:18:59.431-0400][gc,phases      ] GC(378703)   Evacuate Collection Set: 3.2ms
[2020-12-24T00:18:59.431-0400][gc,phases      ] GC(378703)   Post Evacuate Collection Set: 1.6ms
[2020-12-24T00:18:59.431-0400][gc,phases      ] GC(378703)   Other: 0.9ms
[2020-12-24T00:18:59.431-0400][gc,heap        ] GC(378703) Eden regions: 9->0(9)
[2020-12-24T00:18:59.431-0400][gc,heap        ] GC(378703) Survivor regions: 1->1(2)
[2020-12-24T00:18:59.431-0400][gc,heap        ] GC(378703) Old regions: 47->47
[2020-12-24T00:18:59.431-0400][gc,heap        ] GC(378703) Humongous regions: 4->4
[2020-12-24T00:18:59.431-0400][gc,metaspace   ] GC(378703) Metaspace: 61008K->61008K(1107968K)
[2020-12-24T00:18:59.431-0400][gc,heap        ] GC(378703) Heap after GC invocations=378680 (full 10972): garbage-first heap   total 71680K, used 48956K [0x0000000083000000, 0x0000000100000000)
[2020-12-24T00:18:59.431-0400][gc,heap        ] GC(378703)   region size 1024K, 1 young (1024K), 1 survivors (1024K)
[2020-12-24T00:18:59.431-0400][gc,heap        ] GC(378703)  Metaspace       used 61008K, capacity 63721K, committed 64768K, reserved 1107968K
[2020-12-24T00:18:59.431-0400][gc,heap        ] GC(378703)   class space    used 5712K, capacity 6559K, committed 6912K, reserved 1048576K
[2020-12-24T00:18:59.432-0400][gc             ] GC(378703) Pause Young (Normal) (G1 Evacuation Pause) 56M->47M(70M) 6.267ms
[2020-12-24T00:18:59.432-0400][gc,cpu         ] GC(378703) User=0.02s Sys=0.00s Real=0.01s
[2020-12-24T00:19:14.489-0400][gc,heap        ] GC(378704) Heap before GC invocations=378680 (full 10972): garbage-first heap   total 71680K, used 57148K [0x0000000083000000, 0x0000000100000000)
[2020-12-24T00:19:14.490-0400][gc,heap        ] GC(378704)   region size 1024K, 10 young (10240K), 1 survivors (1024K)
[2020-12-24T00:19:14.490-0400][gc,heap        ] GC(378704)  Metaspace       used 61008K, capacity 63721K, committed 64768K, reserved 1107968K
[2020-12-24T00:19:14.490-0400][gc,heap        ] GC(378704)   class space    used 5712K, capacity 6559K, committed 6912K, reserved 1048576K
[2020-12-24T00:19:14.490-0400][gc,start       ] GC(378704) Pause Young (Normal) (G1 Evacuation Pause)
[2020-12-24T00:19:14.490-0400][gc,task        ] GC(378704) Using 4 workers of 4 for evacuation
[2020-12-24T00:19:14.495-0400][gc,phases      ] GC(378704)   Pre Evacuate Collection Set: 0.0ms
[2020-12-24T00:19:14.495-0400][gc,phases      ] GC(378704)   Evacuate Collection Set: 3.3ms
[2020-12-24T00:19:14.495-0400][gc,phases      ] GC(378704)   Post Evacuate Collection Set: 1.6ms
[2020-12-24T00:19:14.495-0400][gc,phases      ] GC(378704)   Other: 0.9ms
[2020-12-24T00:19:14.495-0400][gc,heap        ] GC(378704) Eden regions: 9->0(9)
[2020-12-24T00:19:14.496-0400][gc,heap        ] GC(378704) Survivor regions: 1->1(2)
[2020-12-24T00:19:14.496-0400][gc,heap        ] GC(378704) Old regions: 47->47
[2020-12-24T00:19:14.496-0400][gc,heap        ] GC(378704) Humongous regions: 4->4
[2020-12-24T00:19:14.496-0400][gc,metaspace   ] GC(378704) Metaspace: 61008K->61008K(1107968K)
[2020-12-24T00:19:14.496-0400][gc,heap        ] GC(378704) Heap after GC invocations=378681 (full 10972): garbage-first heap   total 71680K, used 49008K [0x0000000083000000, 0x0000000100000000)
[2020-12-24T00:19:14.496-0400][gc,heap        ] GC(378704)   region size 1024K, 1 young (1024K), 1 survivors (1024K)
[2020-12-24T00:19:14.496-0400][gc,heap        ] GC(378704)  Metaspace       used 61008K, capacity 63721K, committed 64768K, reserved 1107968K
[2020-12-24T00:19:14.496-0400][gc,heap        ] GC(378704)   class space    used 5712K, capacity 6559K, committed 6912K, reserved 1048576K
[2020-12-24T00:19:14.496-0400][gc             ] GC(378704) Pause Young (Normal) (G1 Evacuation Pause) 56M->47M(70M) 6.151ms
[2020-12-24T00:19:14.496-0400][gc,cpu         ] GC(378704) User=0.01s Sys=0.01s Real=0.01s
[2020-12-24T00:19:46.049-0400][gc,heap        ] GC(378705) Heap before GC invocations=378681 (full 10972): garbage-first heap   total 71680K, used 57200K [0x0000000083000000, 0x0000000100000000)
[2020-12-24T00:19:46.049-0400][gc,heap        ] GC(378705)   region size 1024K, 10 young (10240K), 1 survivors (1024K)
[2020-12-24T00:19:46.049-0400][gc,heap        ] GC(378705)  Metaspace       used 61008K, capacity 63721K, committed 64768K, reserved 1107968K
[2020-12-24T00:19:46.049-0400][gc,heap        ] GC(378705)   class space    used 5712K, capacity 6559K, committed 6912K, reserved 1048576K
[2020-12-24T00:19:46.049-0400][gc,start       ] GC(378705) Pause Young (Normal) (G1 Evacuation Pause)
[2020-12-24T00:19:46.049-0400][gc,task        ] GC(378705) Using 4 workers of 4 for evacuation
[2020-12-24T00:19:46.055-0400][gc,phases      ] GC(378705)   Pre Evacuate Collection Set: 0.0ms
[2020-12-24T00:19:46.055-0400][gc,phases      ] GC(378705)   Evacuate Collection Set: 3.6ms
[2020-12-24T00:19:46.055-0400][gc,phases      ] GC(378705)   Post Evacuate Collection Set: 1.5ms
[2020-12-24T00:19:46.055-0400][gc,phases      ] GC(378705)   Other: 0.9ms
[2020-12-24T00:19:46.055-0400][gc,heap        ] GC(378705) Eden regions: 9->0(9)
[2020-12-24T00:19:46.055-0400][gc,heap        ] GC(378705) Survivor regions: 1->1(2)
[2020-12-24T00:19:46.055-0400][gc,heap        ] GC(378705) Old regions: 47->47
[2020-12-24T00:19:46.055-0400][gc,heap        ] GC(378705) Humongous regions: 4->4
[2020-12-24T00:19:46.055-0400][gc,metaspace   ] GC(378705) Metaspace: 61008K->61008K(1107968K)
[2020-12-24T00:19:46.055-0400][gc,heap        ] GC(378705) Heap after GC invocations=378682 (full 10972): garbage-first heap   total 71680K, used 49014K [0x0000000083000000, 0x0000000100000000)
[2020-12-24T00:19:46.055-0400][gc,heap        ] GC(378705)   region size 1024K, 1 young (1024K), 1 survivors (1024K)
[2020-12-24T00:19:46.055-0400][gc,heap        ] GC(378705)  Metaspace       used 61008K, capacity 63721K, committed 64768K, reserved 1107968K
[2020-12-24T00:19:46.055-0400][gc,heap        ] GC(378705)   class space    used 5712K, capacity 6559K, committed 6912K, reserved 1048576K
[2020-12-24T00:19:46.056-0400][gc             ] GC(378705) Pause Young (Normal) (G1 Evacuation Pause) 56M->47M(70M) 6.405ms
[2020-12-24T00:19:46.056-0400][gc,cpu         ] GC(378705) User=0.01s Sys=0.00s Real=0.01s
[2020-12-24T00:19:56.920-0400][gc,heap        ] GC(378706) Heap before GC invocations=378682 (full 10972): garbage-first heap   total 71680K, used 57206K [0x0000000083000000, 0x0000000100000000)
[2020-12-24T00:19:56.920-0400][gc,heap        ] GC(378706)   region size 1024K, 10 young (10240K), 1 survivors (1024K)
[2020-12-24T00:19:56.920-0400][gc,heap        ] GC(378706)  Metaspace       used 61008K, capacity 63721K, committed 64768K, reserved 1107968K
[2020-12-24T00:19:56.920-0400][gc,heap        ] GC(378706)   class space    used 5712K, capacity 6559K, committed 6912K, reserved 1048576K
[2020-12-24T00:19:56.921-0400][gc,start       ] GC(378706) Pause Young (Normal) (G1 Evacuation Pause)
[2020-12-24T00:19:56.921-0400][gc,task        ] GC(378706) Using 4 workers of 4 for evacuation
[2020-12-24T00:19:56.927-0400][gc,phases      ] GC(378706)   Pre Evacuate Collection Set: 0.0ms
[2020-12-24T00:19:56.927-0400][gc,phases      ] GC(378706)   Evacuate Collection Set: 4.6ms
[2020-12-24T00:19:56.927-0400][gc,phases      ] GC(378706)   Post Evacuate Collection Set: 1.3ms
[2020-12-24T00:19:56.927-0400][gc,phases      ] GC(378706)   Other: 0.9ms
[2020-12-24T00:19:56.927-0400][gc,heap        ] GC(378706) Eden regions: 9->0(9)
[2020-12-24T00:19:56.927-0400][gc,heap        ] GC(378706) Survivor regions: 1->1(2)
[2020-12-24T00:19:56.928-0400][gc,heap        ] GC(378706) Old regions: 47->47
[2020-12-24T00:19:56.928-0400][gc,heap        ] GC(378706) Humongous regions: 4->4
[2020-12-24T00:19:56.928-0400][gc,metaspace   ] GC(378706) Metaspace: 61008K->61008K(1107968K)
[2020-12-24T00:19:56.928-0400][gc,heap        ] GC(378706) Heap after GC invocations=378683 (full 10972): garbage-first heap   total 71680K, used 49158K [0x0000000083000000, 0x0000000100000000)
[2020-12-24T00:19:56.928-0400][gc,heap        ] GC(378706)   region size 1024K, 1 young (1024K), 1 survivors (1024K)
[2020-12-24T00:19:56.928-0400][gc,heap        ] GC(378706)  Metaspace       used 61008K, capacity 63721K, committed 64768K, reserved 1107968K
[2020-12-24T00:19:56.928-0400][gc,heap        ] GC(378706)   class space    used 5712K, capacity 6559K, committed 6912K, reserved 1048576K
[2020-12-24T00:19:56.928-0400][gc             ] GC(378706) Pause Young (Normal) (G1 Evacuation Pause) 56M->48M(70M) 7.260ms
[2020-12-24T00:19:56.928-0400][gc,cpu         ] GC(378706) User=0.01s Sys=0.01s Real=0.01s
[2020-12-24T00:20:02.872-0400][gc,heap        ] GC(378707) Heap before GC invocations=378683 (full 10972): garbage-first heap   total 71680K, used 57350K [0x0000000083000000, 0x0000000100000000)
[2020-12-24T00:20:02.872-0400][gc,heap        ] GC(378707)   region size 1024K, 10 young (10240K), 1 survivors (1024K)
[2020-12-24T00:20:02.872-0400][gc,heap        ] GC(378707)  Metaspace       used 61008K, capacity 63721K, committed 64768K, reserved 1107968K
[2020-12-24T00:20:02.872-0400][gc,heap        ] GC(378707)   class space    used 5712K, capacity 6559K, committed 6912K, reserved 1048576K
[2020-12-24T00:20:02.872-0400][gc,start       ] GC(378707) Pause Young (Normal) (G1 Evacuation Pause)
[2020-12-24T00:20:02.872-0400][gc,task        ] GC(378707) Using 4 workers of 4 for evacuation
[2020-12-24T00:20:02.879-0400][gc,phases      ] GC(378707)   Pre Evacuate Collection Set: 0.0ms
[2020-12-24T00:20:02.879-0400][gc,phases      ] GC(378707)   Evacuate Collection Set: 4.3ms
[2020-12-24T00:20:02.879-0400][gc,phases      ] GC(378707)   Post Evacuate Collection Set: 1.9ms
[2020-12-24T00:20:02.879-0400][gc,phases      ] GC(378707)   Other: 1.0ms
[2020-12-24T00:20:02.879-0400][gc,heap        ] GC(378707) Eden regions: 9->0(9)
[2020-12-24T00:20:02.879-0400][gc,heap        ] GC(378707) Survivor regions: 1->1(2)
[2020-12-24T00:20:02.879-0400][gc,heap        ] GC(378707) Old regions: 47->47
[2020-12-24T00:20:02.879-0400][gc,heap        ] GC(378707) Humongous regions: 4->4
[2020-12-24T00:20:02.879-0400][gc,metaspace   ] GC(378707) Metaspace: 61008K->61008K(1107968K)
[2020-12-24T00:20:02.880-0400][gc,heap        ] GC(378707) Heap after GC invocations=378684 (full 10972): garbage-first heap   total 71680K, used 49259K [0x0000000083000000, 0x0000000100000000)
[2020-12-24T00:20:02.880-0400][gc,heap        ] GC(378707)   region size 1024K, 1 young (1024K), 1 survivors (1024K)
[2020-12-24T00:20:02.880-0400][gc,heap        ] GC(378707)  Metaspace       used 61008K, capacity 63721K, committed 64768K, reserved 1107968K
[2020-12-24T00:20:02.880-0400][gc,heap        ] GC(378707)   class space    used 5712K, capacity 6559K, committed 6912K, reserved 1048576K
[2020-12-24T00:20:02.880-0400][gc             ] GC(378707) Pause Young (Normal) (G1 Evacuation Pause) 57M->48M(70M) 7.520ms
[2020-12-24T00:20:02.880-0400][gc,cpu         ] GC(378707) User=0.02s Sys=0.00s Real=0.01s
[2020-12-24T00:20:16.949-0400][gc,heap        ] GC(378708) Heap before GC invocations=378684 (full 10972): garbage-first heap   total 71680K, used 57451K [0x0000000083000000, 0x0000000100000000)
[2020-12-24T00:20:16.949-0400][gc,heap        ] GC(378708)   region size 1024K, 10 young (10240K), 1 survivors (1024K)
[2020-12-24T00:20:16.949-0400][gc,heap        ] GC(378708)  Metaspace       used 61008K, capacity 63721K, committed 64768K, reserved 1107968K
[2020-12-24T00:20:16.949-0400][gc,heap        ] GC(378708)   class space    used 5712K, capacity 6559K, committed 6912K, reserved 1048576K
[2020-12-24T00:20:16.950-0400][gc,start       ] GC(378708) Pause Young (Normal) (G1 Evacuation Pause)
[2020-12-24T00:20:16.950-0400][gc,task        ] GC(378708) Using 4 workers of 4 for evacuation
[2020-12-24T00:20:16.961-0400][gc,phases      ] GC(378708)   Pre Evacuate Collection Set: 0.0ms
[2020-12-24T00:20:16.961-0400][gc,phases      ] GC(378708)   Evacuate Collection Set: 6.2ms
[2020-12-24T00:20:16.961-0400][gc,phases      ] GC(378708)   Post Evacuate Collection Set: 4.1ms
[2020-12-24T00:20:16.961-0400][gc,phases      ] GC(378708)   Other: 1.1ms
[2020-12-24T00:20:16.961-0400][gc,heap        ] GC(378708) Eden regions: 9->0(9)
[2020-12-24T00:20:16.961-0400][gc,heap        ] GC(378708) Survivor regions: 1->1(2)
[2020-12-24T00:20:16.961-0400][gc,heap        ] GC(378708) Old regions: 47->47
[2020-12-24T00:20:16.961-0400][gc,heap        ] GC(378708) Humongous regions: 4->4
[2020-12-24T00:20:16.961-0400][gc,metaspace   ] GC(378708) Metaspace: 61008K->61008K(1107968K)
[2020-12-24T00:20:16.961-0400][gc,heap        ] GC(378708) Heap after GC invocations=378685 (full 10972): garbage-first heap   total 71680K, used 49322K [0x0000000083000000, 0x0000000100000000)
[2020-12-24T00:20:16.961-0400][gc,heap        ] GC(378708)   region size 1024K, 1 young (1024K), 1 survivors (1024K)
[2020-12-24T00:20:16.961-0400][gc,heap        ] GC(378708)  Metaspace       used 61008K, capacity 63721K, committed 64768K, reserved 1107968K
[2020-12-24T00:20:16.961-0400][gc,heap        ] GC(378708)   class space    used 5712K, capacity 6559K, committed 6912K, reserved 1048576K
[2020-12-24T00:20:16.961-0400][gc             ] GC(378708) Pause Young (Normal) (G1 Evacuation Pause) 57M->48M(70M) 11.755ms
[2020-12-24T00:20:16.962-0400][gc,cpu         ] GC(378708) User=0.03s Sys=0.00s Real=0.01s
[2020-12-24T00:20:18.594-0400][gc,heap        ] GC(378709) Heap before GC invocations=378685 (full 10972): garbage-first heap   total 71680K, used 57514K [0x0000000083000000, 0x0000000100000000)
[2020-12-24T00:20:18.594-0400][gc,heap        ] GC(378709)   region size 1024K, 10 young (10240K), 1 survivors (1024K)
[2020-12-24T00:20:18.594-0400][gc,heap        ] GC(378709)  Metaspace       used 61008K, capacity 63721K, committed 64768K, reserved 1107968K
[2020-12-24T00:20:18.594-0400][gc,heap        ] GC(378709)   class space    used 5712K, capacity 6559K, committed 6912K, reserved 1048576K
[2020-12-24T00:20:18.594-0400][gc,start       ] GC(378709) Pause Young (Normal) (G1 Evacuation Pause)
[2020-12-24T00:20:18.594-0400][gc,task        ] GC(378709) Using 4 workers of 4 for evacuation
[2020-12-24T00:20:18.603-0400][gc,phases      ] GC(378709)   Pre Evacuate Collection Set: 0.0ms
[2020-12-24T00:20:18.603-0400][gc,phases      ] GC(378709)   Evacuate Collection Set: 6.4ms
[2020-12-24T00:20:18.603-0400][gc,phases      ] GC(378709)   Post Evacuate Collection Set: 1.3ms
[2020-12-24T00:20:18.603-0400][gc,phases      ] GC(378709)   Other: 1.0ms
[2020-12-24T00:20:18.603-0400][gc,heap        ] GC(378709) Eden regions: 9->0(9)
[2020-12-24T00:20:18.603-0400][gc,heap        ] GC(378709) Survivor regions: 1->1(2)
[2020-12-24T00:20:18.603-0400][gc,heap        ] GC(378709) Old regions: 47->47
[2020-12-24T00:20:18.603-0400][gc,heap        ] GC(378709) Humongous regions: 4->4
[2020-12-24T00:20:18.603-0400][gc,metaspace   ] GC(378709) Metaspace: 61008K->61008K(1107968K)
[2020-12-24T00:20:18.603-0400][gc,heap        ] GC(378709) Heap after GC invocations=378686 (full 10972): garbage-first heap   total 71680K, used 49552K [0x0000000083000000, 0x0000000100000000)
[2020-12-24T00:20:18.603-0400][gc,heap        ] GC(378709)   region size 1024K, 1 young (1024K), 1 survivors (1024K)
[2020-12-24T00:20:18.603-0400][gc,heap        ] GC(378709)  Metaspace       used 61008K, capacity 63721K, committed 64768K, reserved 1107968K
[2020-12-24T00:20:18.603-0400][gc,heap        ] GC(378709)   class space    used 5712K, capacity 6559K, committed 6912K, reserved 1048576K
[2020-12-24T00:20:18.603-0400][gc             ] GC(378709) Pause Young (Normal) (G1 Evacuation Pause) 57M->48M(70M) 9.211ms
[2020-12-24T00:20:18.604-0400][gc,cpu         ] GC(378709) User=0.01s Sys=0.01s Real=0.01s
[2020-12-24T00:20:19.758-0400][gc,heap        ] GC(378710) Heap before GC invocations=378686 (full 10972): garbage-first heap   total 71680K, used 57744K [0x0000000083000000, 0x0000000100000000)
[2020-12-24T00:20:19.759-0400][gc,heap        ] GC(378710)   region size 1024K, 10 young (10240K), 1 survivors (1024K)
[2020-12-24T00:20:19.759-0400][gc,heap        ] GC(378710)  Metaspace       used 61008K, capacity 63721K, committed 64768K, reserved 1107968K
[2020-12-24T00:20:19.759-0400][gc,heap        ] GC(378710)   class space    used 5712K, capacity 6559K, committed 6912K, reserved 1048576K
[2020-12-24T00:20:19.759-0400][gc,start       ] GC(378710) Pause Young (Normal) (G1 Evacuation Pause)
[2020-12-24T00:20:19.759-0400][gc,task        ] GC(378710) Using 4 workers of 4 for evacuation
[2020-12-24T00:20:19.767-0400][gc,phases      ] GC(378710)   Pre Evacuate Collection Set: 0.0ms
[2020-12-24T00:20:19.767-0400][gc,phases      ] GC(378710)   Evacuate Collection Set: 6.2ms
[2020-12-24T00:20:19.767-0400][gc,phases      ] GC(378710)   Post Evacuate Collection Set: 1.2ms
[2020-12-24T00:20:19.767-0400][gc,phases      ] GC(378710)   Other: 0.9ms
[2020-12-24T00:20:19.767-0400][gc,heap        ] GC(378710) Eden regions: 9->0(8)
[2020-12-24T00:20:19.767-0400][gc,heap        ] GC(378710) Survivor regions: 1->2(2)
[2020-12-24T00:20:19.767-0400][gc,heap        ] GC(378710) Old regions: 47->47
[2020-12-24T00:20:19.767-0400][gc,heap        ] GC(378710) Humongous regions: 4->4
[2020-12-24T00:20:19.767-0400][gc,metaspace   ] GC(378710) Metaspace: 61008K->61008K(1107968K)
[2020-12-24T00:20:19.767-0400][gc,heap        ] GC(378710) Heap after GC invocations=378687 (full 10972): garbage-first heap   total 71680K, used 49835K [0x0000000083000000, 0x0000000100000000)
[2020-12-24T00:20:19.767-0400][gc,heap        ] GC(378710)   region size 1024K, 2 young (2048K), 2 survivors (2048K)
[2020-12-24T00:20:19.767-0400][gc,heap        ] GC(378710)  Metaspace       used 61008K, capacity 63721K, committed 64768K, reserved 1107968K
[2020-12-24T00:20:19.768-0400][gc,heap        ] GC(378710)   class space    used 5712K, capacity 6559K, committed 6912K, reserved 1048576K
[2020-12-24T00:20:19.768-0400][gc             ] GC(378710) Pause Young (Normal) (G1 Evacuation Pause) 57M->48M(70M) 8.792ms
[2020-12-24T00:20:19.768-0400][gc,cpu         ] GC(378710) User=0.02s Sys=0.01s Real=0.01s
[2020-12-24T00:20:29.140-0400][gc,heap        ] GC(378711) Heap before GC invocations=378687 (full 10972): garbage-first heap   total 71680K, used 58027K [0x0000000083000000, 0x0000000100000000)
[2020-12-24T00:20:29.140-0400][gc,heap        ] GC(378711)   region size 1024K, 10 young (10240K), 2 survivors (2048K)
[2020-12-24T00:20:29.140-0400][gc,heap        ] GC(378711)  Metaspace       used 61008K, capacity 63721K, committed 64768K, reserved 1107968K
[2020-12-24T00:20:29.140-0400][gc,heap        ] GC(378711)   class space    used 5712K, capacity 6559K, committed 6912K, reserved 1048576K
[2020-12-24T00:20:29.140-0400][gc,start       ] GC(378711) Pause Young (Normal) (G1 Evacuation Pause)
[2020-12-24T00:20:29.140-0400][gc,task        ] GC(378711) Using 4 workers of 4 for evacuation
[2020-12-24T00:20:29.149-0400][gc,phases      ] GC(378711)   Pre Evacuate Collection Set: 0.0ms
[2020-12-24T00:20:29.149-0400][gc,phases      ] GC(378711)   Evacuate Collection Set: 6.1ms
[2020-12-24T00:20:29.149-0400][gc,phases      ] GC(378711)   Post Evacuate Collection Set: 1.5ms
[2020-12-24T00:20:29.149-0400][gc,phases      ] GC(378711)   Other: 1.0ms
[2020-12-24T00:20:29.149-0400][gc,heap        ] GC(378711) Eden regions: 8->0(7)
[2020-12-24T00:20:29.149-0400][gc,heap        ] GC(378711) Survivor regions: 2->2(2)
[2020-12-24T00:20:29.149-0400][gc,heap        ] GC(378711) Old regions: 47->48
[2020-12-24T00:20:29.149-0400][gc,heap        ] GC(378711) Humongous regions: 4->4
[2020-12-24T00:20:29.149-0400][gc,metaspace   ] GC(378711) Metaspace: 61008K->61008K(1107968K)
[2020-12-24T00:20:29.149-0400][gc,heap        ] GC(378711) Heap after GC invocations=378688 (full 10972): garbage-first heap   total 71680K, used 49861K [0x0000000083000000, 0x0000000100000000)
[2020-12-24T00:20:29.149-0400][gc,heap        ] GC(378711)   region size 1024K, 2 young (2048K), 2 survivors (2048K)
[2020-12-24T00:20:29.149-0400][gc,heap        ] GC(378711)  Metaspace       used 61008K, capacity 63721K, committed 64768K, reserved 1107968K
[2020-12-24T00:20:29.149-0400][gc,heap        ] GC(378711)   class space    used 5712K, capacity 6559K, committed 6912K, reserved 1048576K
[2020-12-24T00:20:29.149-0400][gc             ] GC(378711) Pause Young (Normal) (G1 Evacuation Pause) 56M->48M(70M) 8.964ms
[2020-12-24T00:20:29.150-0400][gc,cpu         ] GC(378711) User=0.03s Sys=0.00s Real=0.01s
[2020-12-24T00:20:41.822-0400][gc,heap        ] GC(378712) Heap before GC invocations=378688 (full 10972): garbage-first heap   total 71680K, used 57029K [0x0000000083000000, 0x0000000100000000)
[2020-12-24T00:20:41.822-0400][gc,heap        ] GC(378712)   region size 1024K, 9 young (9216K), 2 survivors (2048K)
[2020-12-24T00:20:41.822-0400][gc,heap        ] GC(378712)  Metaspace       used 61008K, capacity 63721K, committed 64768K, reserved 1107968K
[2020-12-24T00:20:41.822-0400][gc,heap        ] GC(378712)   class space    used 5712K, capacity 6559K, committed 6912K, reserved 1048576K
[2020-12-24T00:20:41.822-0400][gc,start       ] GC(378712) Pause Young (Normal) (G1 Evacuation Pause)
[2020-12-24T00:20:41.822-0400][gc,task        ] GC(378712) Using 4 workers of 4 for evacuation
[2020-12-24T00:20:41.828-0400][gc,phases      ] GC(378712)   Pre Evacuate Collection Set: 0.0ms
[2020-12-24T00:20:41.828-0400][gc,phases      ] GC(378712)   Evacuate Collection Set: 4.0ms
[2020-12-24T00:20:41.828-0400][gc,phases      ] GC(378712)   Post Evacuate Collection Set: 1.3ms
[2020-12-24T00:20:41.828-0400][gc,phases      ] GC(378712)   Other: 0.8ms
[2020-12-24T00:20:41.828-0400][gc,heap        ] GC(378712) Eden regions: 7->0(8)
[2020-12-24T00:20:41.828-0400][gc,heap        ] GC(378712) Survivor regions: 2->1(2)
[2020-12-24T00:20:41.828-0400][gc,heap        ] GC(378712) Old regions: 48->48
[2020-12-24T00:20:41.828-0400][gc,heap        ] GC(378712) Humongous regions: 4->4
[2020-12-24T00:20:41.828-0400][gc,metaspace   ] GC(378712) Metaspace: 61008K->61008K(1107968K)
[2020-12-24T00:20:41.828-0400][gc,heap        ] GC(378712) Heap after GC invocations=378689 (full 10972): garbage-first heap   total 71680K, used 49338K [0x0000000083000000, 0x0000000100000000)
[2020-12-24T00:20:41.828-0400][gc,heap        ] GC(378712)   region size 1024K, 1 young (1024K), 1 survivors (1024K)
[2020-12-24T00:20:41.829-0400][gc,heap        ] GC(378712)  Metaspace       used 61008K, capacity 63721K, committed 64768K, reserved 1107968K
[2020-12-24T00:20:41.829-0400][gc,heap        ] GC(378712)   class space    used 5712K, capacity 6559K, committed 6912K, reserved 1048576K
[2020-12-24T00:20:41.829-0400][gc             ] GC(378712) Pause Young (Normal) (G1 Evacuation Pause) 55M->48M(70M) 6.562ms
[2020-12-24T00:20:41.829-0400][gc,cpu         ] GC(378712) User=0.02s Sys=0.00s Real=0.01s
[2020-12-24T00:20:59.426-0400][gc,heap        ] GC(378713) Heap before GC invocations=378689 (full 10972): garbage-first heap   total 71680K, used 56506K [0x0000000083000000, 0x0000000100000000)
[2020-12-24T00:20:59.427-0400][gc,heap        ] GC(378713)   region size 1024K, 9 young (9216K), 1 survivors (1024K)
[2020-12-24T00:20:59.427-0400][gc,heap        ] GC(378713)  Metaspace       used 61008K, capacity 63721K, committed 64768K, reserved 1107968K
[2020-12-24T00:20:59.427-0400][gc,heap        ] GC(378713)   class space    used 5712K, capacity 6559K, committed 6912K, reserved 1048576K
[2020-12-24T00:20:59.427-0400][gc,start       ] GC(378713) Pause Young (Normal) (G1 Evacuation Pause)
[2020-12-24T00:20:59.427-0400][gc,task        ] GC(378713) Using 4 workers of 4 for evacuation
[2020-12-24T00:20:59.433-0400][gc,phases      ] GC(378713)   Pre Evacuate Collection Set: 0.0ms
[2020-12-24T00:20:59.433-0400][gc,phases      ] GC(378713)   Evacuate Collection Set: 4.3ms
[2020-12-24T00:20:59.433-0400][gc,phases      ] GC(378713)   Post Evacuate Collection Set: 1.6ms
[2020-12-24T00:20:59.433-0400][gc,phases      ] GC(378713)   Other: 0.9ms
[2020-12-24T00:20:59.434-0400][gc,heap        ] GC(378713) Eden regions: 8->0(8)
[2020-12-24T00:20:59.434-0400][gc,heap        ] GC(378713) Survivor regions: 1->1(2)
[2020-12-24T00:20:59.434-0400][gc,heap        ] GC(378713) Old regions: 48->48
[2020-12-24T00:20:59.434-0400][gc,heap        ] GC(378713) Humongous regions: 4->4
[2020-12-24T00:20:59.434-0400][gc,metaspace   ] GC(378713) Metaspace: 61008K->61008K(1107968K)
[2020-12-24T00:20:59.434-0400][gc,heap        ] GC(378713) Heap after GC invocations=378690 (full 10972): garbage-first heap   total 71680K, used 49352K [0x0000000083000000, 0x0000000100000000)
[2020-12-24T00:20:59.434-0400][gc,heap        ] GC(378713)   region size 1024K, 1 young (1024K), 1 survivors (1024K)
[2020-12-24T00:20:59.434-0400][gc,heap        ] GC(378713)  Metaspace       used 61008K, capacity 63721K, committed 64768K, reserved 1107968K
[2020-12-24T00:20:59.434-0400][gc,heap        ] GC(378713)   class space    used 5712K, capacity 6559K, committed 6912K, reserved 1048576K
[2020-12-24T00:20:59.434-0400][gc             ] GC(378713) Pause Young (Normal) (G1 Evacuation Pause) 56M->48M(70M) 7.174ms
[2020-12-24T00:20:59.434-0400][gc,cpu         ] GC(378713) User=0.01s Sys=0.01s Real=0.00s
[2020-12-24T00:21:06.155-0400][gc,heap        ] GC(378714) Heap before GC invocations=378690 (full 10972): garbage-first heap   total 71680K, used 57544K [0x0000000083000000, 0x0000000100000000)
[2020-12-24T00:21:06.155-0400][gc,heap        ] GC(378714)   region size 1024K, 9 young (9216K), 1 survivors (1024K)
[2020-12-24T00:21:06.155-0400][gc,heap        ] GC(378714)  Metaspace       used 61008K, capacity 63721K, committed 64768K, reserved 1107968K
[2020-12-24T00:21:06.155-0400][gc,heap        ] GC(378714)   class space    used 5712K, capacity 6559K, committed 6912K, reserved 1048576K
[2020-12-24T00:21:06.155-0400][gc,start       ] GC(378714) Pause Young (Normal) (G1 Evacuation Pause)
[2020-12-24T00:21:06.155-0400][gc,task        ] GC(378714) Using 4 workers of 4 for evacuation
[2020-12-24T00:21:06.162-0400][gc,phases      ] GC(378714)   Pre Evacuate Collection Set: 0.0ms
[2020-12-24T00:21:06.162-0400][gc,phases      ] GC(378714)   Evacuate Collection Set: 4.8ms
[2020-12-24T00:21:06.162-0400][gc,phases      ] GC(378714)   Post Evacuate Collection Set: 1.6ms
[2020-12-24T00:21:06.162-0400][gc,phases      ] GC(378714)   Other: 0.9ms
[2020-12-24T00:21:06.162-0400][gc,heap        ] GC(378714) Eden regions: 8->0(8)
[2020-12-24T00:21:06.162-0400][gc,heap        ] GC(378714) Survivor regions: 1->1(2)
[2020-12-24T00:21:06.162-0400][gc,heap        ] GC(378714) Old regions: 48->48
[2020-12-24T00:21:06.162-0400][gc,heap        ] GC(378714) Humongous regions: 4->4
[2020-12-24T00:21:06.163-0400][gc,metaspace   ] GC(378714) Metaspace: 61008K->61008K(1107968K)
[2020-12-24T00:21:06.163-0400][gc,heap        ] GC(378714) Heap after GC invocations=378691 (full 10972): garbage-first heap   total 71680K, used 49470K [0x0000000083000000, 0x0000000100000000)
[2020-12-24T00:21:06.163-0400][gc,heap        ] GC(378714)   region size 1024K, 1 young (1024K), 1 survivors (1024K)
[2020-12-24T00:21:06.163-0400][gc,heap        ] GC(378714)  Metaspace       used 61008K, capacity 63721K, committed 64768K, reserved 1107968K
[2020-12-24T00:21:06.163-0400][gc,heap        ] GC(378714)   class space    used 5712K, capacity 6559K, committed 6912K, reserved 1048576K
[2020-12-24T00:21:06.163-0400][gc             ] GC(378714) Pause Young (Normal) (G1 Evacuation Pause) 56M->48M(70M) 7.632ms
[2020-12-24T00:21:06.163-0400][gc,cpu         ] GC(378714) User=0.01s Sys=0.02s Real=0.01s
[2020-12-24T00:21:28.142-0400][gc,heap        ] GC(378715) Heap before GC invocations=378691 (full 10972): garbage-first heap   total 71680K, used 56638K [0x0000000083000000, 0x0000000100000000)
[2020-12-24T00:21:28.142-0400][gc,heap        ] GC(378715)   region size 1024K, 9 young (9216K), 1 survivors (1024K)
[2020-12-24T00:21:28.142-0400][gc,heap        ] GC(378715)  Metaspace       used 61008K, capacity 63721K, committed 64768K, reserved 1107968K
[2020-12-24T00:21:28.142-0400][gc,heap        ] GC(378715)   class space    used 5712K, capacity 6559K, committed 6912K, reserved 1048576K
[2020-12-24T00:21:28.143-0400][gc,start       ] GC(378715) Pause Young (Normal) (G1 Evacuation Pause)
[2020-12-24T00:21:28.143-0400][gc,task        ] GC(378715) Using 4 workers of 4 for evacuation
[2020-12-24T00:21:28.149-0400][gc,phases      ] GC(378715)   Pre Evacuate Collection Set: 0.0ms
[2020-12-24T00:21:28.149-0400][gc,phases      ] GC(378715)   Evacuate Collection Set: 4.2ms
[2020-12-24T00:21:28.149-0400][gc,phases      ] GC(378715)   Post Evacuate Collection Set: 1.4ms
[2020-12-24T00:21:28.149-0400][gc,phases      ] GC(378715)   Other: 1.0ms
[2020-12-24T00:21:28.149-0400][gc,heap        ] GC(378715) Eden regions: 8->0(8)
[2020-12-24T00:21:28.149-0400][gc,heap        ] GC(378715) Survivor regions: 1->1(2)
[2020-12-24T00:21:28.149-0400][gc,heap        ] GC(378715) Old regions: 48->48
[2020-12-24T00:21:28.149-0400][gc,heap        ] GC(378715) Humongous regions: 4->4
[2020-12-24T00:21:28.149-0400][gc,metaspace   ] GC(378715) Metaspace: 61008K->61008K(1107968K)
[2020-12-24T00:21:28.149-0400][gc,heap        ] GC(378715) Heap after GC invocations=378692 (full 10972): garbage-first heap   total 71680K, used 49391K [0x0000000083000000, 0x0000000100000000)
[2020-12-24T00:21:28.149-0400][gc,heap        ] GC(378715)   region size 1024K, 1 young (1024K), 1 survivors (1024K)
[2020-12-24T00:21:28.149-0400][gc,heap        ] GC(378715)  Metaspace       used 61008K, capacity 63721K, committed 64768K, reserved 1107968K
[2020-12-24T00:21:28.150-0400][gc,heap        ] GC(378715)   class space    used 5712K, capacity 6559K, committed 6912K, reserved 1048576K
[2020-12-24T00:21:28.150-0400][gc             ] GC(378715) Pause Young (Normal) (G1 Evacuation Pause) 56M->48M(70M) 7.131ms
[2020-12-24T00:21:28.150-0400][gc,cpu         ] GC(378715) User=0.02s Sys=0.01s Real=0.01s
[2020-12-24T00:21:35.952-0400][gc,heap        ] GC(378716) Heap before GC invocations=378692 (full 10972): garbage-first heap   total 71680K, used 56559K [0x0000000083000000, 0x0000000100000000)
[2020-12-24T00:21:35.952-0400][gc,heap        ] GC(378716)   region size 1024K, 9 young (9216K), 1 survivors (1024K)
[2020-12-24T00:21:35.952-0400][gc,heap        ] GC(378716)  Metaspace       used 61008K, capacity 63721K, committed 64768K, reserved 1107968K
[2020-12-24T00:21:35.952-0400][gc,heap        ] GC(378716)   class space    used 5712K, capacity 6559K, committed 6912K, reserved 1048576K
[2020-12-24T00:21:35.952-0400][gc,start       ] GC(378716) Pause Young (Normal) (G1 Evacuation Pause)
[2020-12-24T00:21:35.952-0400][gc,task        ] GC(378716) Using 4 workers of 4 for evacuation
[2020-12-24T00:21:35.958-0400][gc,phases      ] GC(378716)   Pre Evacuate Collection Set: 0.0ms
[2020-12-24T00:21:35.958-0400][gc,phases      ] GC(378716)   Evacuate Collection Set: 4.2ms
[2020-12-24T00:21:35.958-0400][gc,phases      ] GC(378716)   Post Evacuate Collection Set: 1.2ms
[2020-12-24T00:21:35.958-0400][gc,phases      ] GC(378716)   Other: 0.9ms
[2020-12-24T00:21:35.958-0400][gc,heap        ] GC(378716) Eden regions: 8->0(8)
[2020-12-24T00:21:35.958-0400][gc,heap        ] GC(378716) Survivor regions: 1->1(2)
[2020-12-24T00:21:35.958-0400][gc,heap        ] GC(378716) Old regions: 48->48
[2020-12-24T00:21:35.958-0400][gc,heap        ] GC(378716) Humongous regions: 4->4
[2020-12-24T00:21:35.958-0400][gc,metaspace   ] GC(378716) Metaspace: 61008K->61008K(1107968K)
[2020-12-24T00:21:35.959-0400][gc,heap        ] GC(378716) Heap after GC invocations=378693 (full 10972): garbage-first heap   total 71680K, used 49446K [0x0000000083000000, 0x0000000100000000)
[2020-12-24T00:21:35.959-0400][gc,heap        ] GC(378716)   region size 1024K, 1 young (1024K), 1 survivors (1024K)
[2020-12-24T00:21:35.959-0400][gc,heap        ] GC(378716)  Metaspace       used 61008K, capacity 63721K, committed 64768K, reserved 1107968K
[2020-12-24T00:21:35.959-0400][gc,heap        ] GC(378716)   class space    used 5712K, capacity 6559K, committed 6912K, reserved 1048576K
[2020-12-24T00:21:35.959-0400][gc             ] GC(378716) Pause Young (Normal) (G1 Evacuation Pause) 56M->48M(70M) 6.665ms
[2020-12-24T00:21:35.959-0400][gc,cpu         ] GC(378716) User=0.02s Sys=0.00s Real=0.01s
[2020-12-24T00:21:50.924-0400][gc,task        ] GC(378717) Using 3 workers of 4 for full compaction
[2020-12-24T00:21:50.924-0400][gc,start       ] GC(378717) Pause Full (System.gc())
[2020-12-24T00:21:50.924-0400][gc,heap        ] GC(378717) Heap before GC invocations=378693 (full 10972): garbage-first heap   total 71680K, used 53542K [0x0000000083000000, 0x0000000100000000)
[2020-12-24T00:21:50.924-0400][gc,heap        ] GC(378717)   region size 1024K, 7 young (7168K), 1 survivors (1024K)
[2020-12-24T00:21:50.924-0400][gc,heap        ] GC(378717)  Metaspace       used 61008K, capacity 63721K, committed 64768K, reserved 1107968K
[2020-12-24T00:21:50.924-0400][gc,heap        ] GC(378717)   class space    used 5712K, capacity 6559K, committed 6912K, reserved 1048576K
[2020-12-24T00:21:50.927-0400][gc,phases,start] GC(378717) Phase 1: Mark live objects
[2020-12-24T00:21:51.068-0400][gc,stringtable ] GC(378717) Cleaned string and symbol table, strings: 32207 processed, 0 removed, symbols: 131451 processed, 0 removed
[2020-12-24T00:21:51.069-0400][gc,phases      ] GC(378717) Phase 1: Mark live objects 142.004ms
[2020-12-24T00:21:51.069-0400][gc,phases,start] GC(378717) Phase 2: Prepare for compaction
[2020-12-24T00:21:51.100-0400][gc,phases      ] GC(378717) Phase 2: Prepare for compaction 30.953ms
[2020-12-24T00:21:51.100-0400][gc,phases,start] GC(378717) Phase 3: Adjust pointers
[2020-12-24T00:21:51.179-0400][gc,phases      ] GC(378717) Phase 3: Adjust pointers 78.963ms
[2020-12-24T00:21:51.179-0400][gc,phases,start] GC(378717) Phase 4: Compact heap
[2020-12-24T00:21:51.203-0400][gc,phases      ] GC(378717) Phase 4: Compact heap 24.443ms
[2020-12-24T00:21:51.239-0400][gc,heap        ] GC(378717) Eden regions: 6->0(9)
[2020-12-24T00:21:51.239-0400][gc,heap        ] GC(378717) Survivor regions: 1->0(2)
[2020-12-24T00:21:51.239-0400][gc,heap        ] GC(378717) Old regions: 48->46
[2020-12-24T00:21:51.239-0400][gc,heap        ] GC(378717) Humongous regions: 4->4
[2020-12-24T00:21:51.239-0400][gc,metaspace   ] GC(378717) Metaspace: 61008K->61008K(1107968K)
[2020-12-24T00:21:51.239-0400][gc,heap        ] GC(378717) Heap after GC invocations=378694 (full 10973): garbage-first heap   total 71680K, used 48790K [0x0000000083000000, 0x0000000100000000)
[2020-12-24T00:21:51.239-0400][gc,heap        ] GC(378717)   region size 1024K, 0 young (0K), 0 survivors (0K)
[2020-12-24T00:21:51.239-0400][gc,heap        ] GC(378717)  Metaspace       used 61008K, capacity 63721K, committed 64768K, reserved 1107968K
[2020-12-24T00:21:51.239-0400][gc,heap        ] GC(378717)   class space    used 5712K, capacity 6559K, committed 6912K, reserved 1048576K
[2020-12-24T00:21:51.239-0400][gc             ] GC(378717) Pause Full (System.gc()) 54M->47M(70M) 315.763ms
[2020-12-24T00:21:51.240-0400][gc,cpu         ] GC(378717) User=0.60s Sys=0.25s Real=0.32s
[2020-12-24T00:22:07.228-0400][gc,heap        ] GC(378718) Heap before GC invocations=378694 (full 10973): garbage-first heap   total 71680K, used 56982K [0x0000000083000000, 0x0000000100000000)
[2020-12-24T00:22:07.228-0400][gc,heap        ] GC(378718)   region size 1024K, 9 young (9216K), 0 survivors (0K)
[2020-12-24T00:22:07.229-0400][gc,heap        ] GC(378718)  Metaspace       used 61008K, capacity 63721K, committed 64768K, reserved 1107968K
[2020-12-24T00:22:07.229-0400][gc,heap        ] GC(378718)   class space    used 5712K, capacity 6559K, committed 6912K, reserved 1048576K
[2020-12-24T00:22:07.229-0400][gc,start       ] GC(378718) Pause Young (Normal) (G1 Evacuation Pause)
[2020-12-24T00:22:07.229-0400][gc,task        ] GC(378718) Using 4 workers of 4 for evacuation
[2020-12-24T00:22:07.234-0400][gc,phases      ] GC(378718)   Pre Evacuate Collection Set: 0.0ms
[2020-12-24T00:22:07.234-0400][gc,phases      ] GC(378718)   Evacuate Collection Set: 3.1ms
[2020-12-24T00:22:07.234-0400][gc,phases      ] GC(378718)   Post Evacuate Collection Set: 1.7ms
[2020-12-24T00:22:07.234-0400][gc,phases      ] GC(378718)   Other: 0.9ms
[2020-12-24T00:22:07.234-0400][gc,heap        ] GC(378718) Eden regions: 9->0(9)
[2020-12-24T00:22:07.234-0400][gc,heap        ] GC(378718) Survivor regions: 0->1(2)
[2020-12-24T00:22:07.234-0400][gc,heap        ] GC(378718) Old regions: 46->46
[2020-12-24T00:22:07.234-0400][gc,heap        ] GC(378718) Humongous regions: 4->4
[2020-12-24T00:22:07.234-0400][gc,metaspace   ] GC(378718) Metaspace: 61008K->61008K(1107968K)
[2020-12-24T00:22:07.235-0400][gc,heap        ] GC(378718) Heap after GC invocations=378695 (full 10973): garbage-first heap   total 71680K, used 49060K [0x0000000083000000, 0x0000000100000000)
[2020-12-24T00:22:07.235-0400][gc,heap        ] GC(378718)   region size 1024K, 1 young (1024K), 1 survivors (1024K)
[2020-12-24T00:22:07.235-0400][gc,heap        ] GC(378718)  Metaspace       used 61008K, capacity 63721K, committed 64768K, reserved 1107968K
[2020-12-24T00:22:07.235-0400][gc,heap        ] GC(378718)   class space    used 5712K, capacity 6559K, committed 6912K, reserved 1048576K
[2020-12-24T00:22:07.235-0400][gc             ] GC(378718) Pause Young (Normal) (G1 Evacuation Pause) 56M->47M(70M) 6.050ms
[2020-12-24T00:22:07.235-0400][gc,cpu         ] GC(378718) User=0.01s Sys=0.00s Real=0.00s
[2020-12-24T00:22:33.876-0400][gc,heap        ] GC(378719) Heap before GC invocations=378695 (full 10973): garbage-first heap   total 71680K, used 58276K [0x0000000083000000, 0x0000000100000000)
[2020-12-24T00:22:33.876-0400][gc,heap        ] GC(378719)   region size 1024K, 10 young (10240K), 1 survivors (1024K)
[2020-12-24T00:22:33.876-0400][gc,heap        ] GC(378719)  Metaspace       used 61008K, capacity 63721K, committed 64768K, reserved 1107968K
[2020-12-24T00:22:33.876-0400][gc,heap        ] GC(378719)   class space    used 5712K, capacity 6559K, committed 6912K, reserved 1048576K
[2020-12-24T00:22:33.876-0400][gc,start       ] GC(378719) Pause Young (Normal) (G1 Evacuation Pause)
[2020-12-24T00:22:33.876-0400][gc,task        ] GC(378719) Using 4 workers of 4 for evacuation
[2020-12-24T00:22:33.882-0400][gc,phases      ] GC(378719)   Pre Evacuate Collection Set: 0.0ms
[2020-12-24T00:22:33.882-0400][gc,phases      ] GC(378719)   Evacuate Collection Set: 3.1ms
[2020-12-24T00:22:33.882-0400][gc,phases      ] GC(378719)   Post Evacuate Collection Set: 1.6ms
[2020-12-24T00:22:33.882-0400][gc,phases      ] GC(378719)   Other: 1.0ms
[2020-12-24T00:22:33.882-0400][gc,heap        ] GC(378719) Eden regions: 9->0(9)
[2020-12-24T00:22:33.882-0400][gc,heap        ] GC(378719) Survivor regions: 1->1(2)
[2020-12-24T00:22:33.882-0400][gc,heap        ] GC(378719) Old regions: 46->46
[2020-12-24T00:22:33.882-0400][gc,heap        ] GC(378719) Humongous regions: 4->4
[2020-12-24T00:22:33.882-0400][gc,metaspace   ] GC(378719) Metaspace: 61008K->61008K(1107968K)
[2020-12-24T00:22:33.882-0400][gc,heap        ] GC(378719) Heap after GC invocations=378696 (full 10973): garbage-first heap   total 71680K, used 49104K [0x0000000083000000, 0x0000000100000000)
[2020-12-24T00:22:33.882-0400][gc,heap        ] GC(378719)   region size 1024K, 1 young (1024K), 1 survivors (1024K)
[2020-12-24T00:22:33.882-0400][gc,heap        ] GC(378719)  Metaspace       used 61008K, capacity 63721K, committed 64768K, reserved 1107968K
[2020-12-24T00:22:33.882-0400][gc,heap        ] GC(378719)   class space    used 5712K, capacity 6559K, committed 6912K, reserved 1048576K
[2020-12-24T00:22:33.882-0400][gc             ] GC(378719) Pause Young (Normal) (G1 Evacuation Pause) 56M->47M(70M) 6.024ms
[2020-12-24T00:22:33.883-0400][gc,cpu         ] GC(378719) User=0.01s Sys=0.01s Real=0.00s
[2020-12-24T00:22:53.740-0400][gc,heap        ] GC(378720) Heap before GC invocations=378696 (full 10973): garbage-first heap   total 71680K, used 57296K [0x0000000083000000, 0x0000000100000000)
[2020-12-24T00:22:53.740-0400][gc,heap        ] GC(378720)   region size 1024K, 10 young (10240K), 1 survivors (1024K)
[2020-12-24T00:22:53.740-0400][gc,heap        ] GC(378720)  Metaspace       used 61008K, capacity 63721K, committed 64768K, reserved 1107968K
[2020-12-24T00:22:53.740-0400][gc,heap        ] GC(378720)   class space    used 5712K, capacity 6559K, committed 6912K, reserved 1048576K
[2020-12-24T00:22:53.741-0400][gc,start       ] GC(378720) Pause Young (Normal) (G1 Evacuation Pause)
[2020-12-24T00:22:53.741-0400][gc,task        ] GC(378720) Using 4 workers of 4 for evacuation
[2020-12-24T00:22:53.746-0400][gc,phases      ] GC(378720)   Pre Evacuate Collection Set: 0.0ms
[2020-12-24T00:22:53.746-0400][gc,phases      ] GC(378720)   Evacuate Collection Set: 3.7ms
[2020-12-24T00:22:53.746-0400][gc,phases      ] GC(378720)   Post Evacuate Collection Set: 1.3ms
[2020-12-24T00:22:53.746-0400][gc,phases      ] GC(378720)   Other: 0.9ms
[2020-12-24T00:22:53.746-0400][gc,heap        ] GC(378720) Eden regions: 9->0(10)
[2020-12-24T00:22:53.746-0400][gc,heap        ] GC(378720) Survivor regions: 1->1(2)
[2020-12-24T00:22:53.747-0400][gc,heap        ] GC(378720) Old regions: 46->46
[2020-12-24T00:22:53.747-0400][gc,heap        ] GC(378720) Humongous regions: 4->4
[2020-12-24T00:22:53.747-0400][gc,metaspace   ] GC(378720) Metaspace: 61008K->61008K(1107968K)
[2020-12-24T00:22:53.747-0400][gc,heap        ] GC(378720) Heap after GC invocations=378697 (full 10973): garbage-first heap   total 71680K, used 49239K [0x0000000083000000, 0x0000000100000000)
[2020-12-24T00:22:53.747-0400][gc,heap        ] GC(378720)   region size 1024K, 1 young (1024K), 1 survivors (1024K)
[2020-12-24T00:22:53.747-0400][gc,heap        ] GC(378720)  Metaspace       used 61008K, capacity 63721K, committed 64768K, reserved 1107968K
[2020-12-24T00:22:53.747-0400][gc,heap        ] GC(378720)   class space    used 5712K, capacity 6559K, committed 6912K, reserved 1048576K
[2020-12-24T00:22:53.747-0400][gc             ] GC(378720) Pause Young (Normal) (G1 Evacuation Pause) 56M->48M(70M) 6.412ms
[2020-12-24T00:22:53.747-0400][gc,cpu         ] GC(378720) User=0.02s Sys=0.00s Real=0.01s
[2020-12-24T00:23:08.129-0400][gc,heap        ] GC(378721) Heap before GC invocations=378697 (full 10973): garbage-first heap   total 71680K, used 58455K [0x0000000083000000, 0x0000000100000000)
[2020-12-24T00:23:08.129-0400][gc,heap        ] GC(378721)   region size 1024K, 11 young (11264K), 1 survivors (1024K)
[2020-12-24T00:23:08.129-0400][gc,heap        ] GC(378721)  Metaspace       used 61008K, capacity 63721K, committed 64768K, reserved 1107968K
[2020-12-24T00:23:08.129-0400][gc,heap        ] GC(378721)   class space    used 5712K, capacity 6559K, committed 6912K, reserved 1048576K
[2020-12-24T00:23:08.129-0400][gc,start       ] GC(378721) Pause Young (Normal) (G1 Evacuation Pause)
[2020-12-24T00:23:08.129-0400][gc,task        ] GC(378721) Using 4 workers of 4 for evacuation
[2020-12-24T00:23:08.135-0400][gc,phases      ] GC(378721)   Pre Evacuate Collection Set: 0.0ms
[2020-12-24T00:23:08.135-0400][gc,phases      ] GC(378721)   Evacuate Collection Set: 3.9ms
[2020-12-24T00:23:08.135-0400][gc,phases      ] GC(378721)   Post Evacuate Collection Set: 1.9ms
[2020-12-24T00:23:08.136-0400][gc,phases      ] GC(378721)   Other: 0.9ms
[2020-12-24T00:23:08.136-0400][gc,heap        ] GC(378721) Eden regions: 10->0(10)
[2020-12-24T00:23:08.136-0400][gc,heap        ] GC(378721) Survivor regions: 1->1(2)
[2020-12-24T00:23:08.136-0400][gc,heap        ] GC(378721) Old regions: 46->46
[2020-12-24T00:23:08.136-0400][gc,heap        ] GC(378721) Humongous regions: 4->4
[2020-12-24T00:23:08.136-0400][gc,metaspace   ] GC(378721) Metaspace: 61008K->61008K(1107968K)
[2020-12-24T00:23:08.136-0400][gc,heap        ] GC(378721) Heap after GC invocations=378698 (full 10973): garbage-first heap   total 71680K, used 49387K [0x0000000083000000, 0x0000000100000000)
[2020-12-24T00:23:08.136-0400][gc,heap        ] GC(378721)   region size 1024K, 1 young (1024K), 1 survivors (1024K)
[2020-12-24T00:23:08.136-0400][gc,heap        ] GC(378721)  Metaspace       used 61008K, capacity 63721K, committed 64768K, reserved 1107968K
[2020-12-24T00:23:08.136-0400][gc,heap        ] GC(378721)   class space    used 5712K, capacity 6559K, committed 6912K, reserved 1048576K
[2020-12-24T00:23:08.136-0400][gc             ] GC(378721) Pause Young (Normal) (G1 Evacuation Pause) 58M->48M(70M) 7.067ms
[2020-12-24T00:23:08.136-0400][gc,cpu         ] GC(378721) User=0.02s Sys=0.00s Real=0.01s
[2020-12-24T00:23:26.183-0400][gc,heap        ] GC(378722) Heap before GC invocations=378698 (full 10973): garbage-first heap   total 71680K, used 58603K [0x0000000083000000, 0x0000000100000000)
[2020-12-24T00:23:26.183-0400][gc,heap        ] GC(378722)   region size 1024K, 11 young (11264K), 1 survivors (1024K)
[2020-12-24T00:23:26.183-0400][gc,heap        ] GC(378722)  Metaspace       used 61008K, capacity 63721K, committed 64768K, reserved 1107968K
[2020-12-24T00:23:26.183-0400][gc,heap        ] GC(378722)   class space    used 5712K, capacity 6559K, committed 6912K, reserved 1048576K
[2020-12-24T00:23:26.183-0400][gc,start       ] GC(378722) Pause Young (Normal) (G1 Evacuation Pause)
[2020-12-24T00:23:26.183-0400][gc,task        ] GC(378722) Using 4 workers of 4 for evacuation
[2020-12-24T00:23:26.189-0400][gc,phases      ] GC(378722)   Pre Evacuate Collection Set: 0.0ms
[2020-12-24T00:23:26.189-0400][gc,phases      ] GC(378722)   Evacuate Collection Set: 3.8ms
[2020-12-24T00:23:26.189-0400][gc,phases      ] GC(378722)   Post Evacuate Collection Set: 1.5ms
[2020-12-24T00:23:26.189-0400][gc,phases      ] GC(378722)   Other: 0.9ms
[2020-12-24T00:23:26.189-0400][gc,heap        ] GC(378722) Eden regions: 10->0(10)
[2020-12-24T00:23:26.189-0400][gc,heap        ] GC(378722) Survivor regions: 1->1(2)
[2020-12-24T00:23:26.189-0400][gc,heap        ] GC(378722) Old regions: 46->46
[2020-12-24T00:23:26.190-0400][gc,heap        ] GC(378722) Humongous regions: 4->4
[2020-12-24T00:23:26.190-0400][gc,metaspace   ] GC(378722) Metaspace: 61008K->61008K(1107968K)
[2020-12-24T00:23:26.190-0400][gc,heap        ] GC(378722) Heap after GC invocations=378699 (full 10973): garbage-first heap   total 71680K, used 49278K [0x0000000083000000, 0x0000000100000000)
[2020-12-24T00:23:26.190-0400][gc,heap        ] GC(378722)   region size 1024K, 1 young (1024K), 1 survivors (1024K)
[2020-12-24T00:23:26.190-0400][gc,heap        ] GC(378722)  Metaspace       used 61008K, capacity 63721K, committed 64768K, reserved 1107968K
[2020-12-24T00:23:26.190-0400][gc,heap        ] GC(378722)   class space    used 5712K, capacity 6559K, committed 6912K, reserved 1048576K
[2020-12-24T00:23:26.190-0400][gc             ] GC(378722) Pause Young (Normal) (G1 Evacuation Pause) 58M->48M(70M) 6.652ms
[2020-12-24T00:23:26.190-0400][gc,cpu         ] GC(378722) User=0.01s Sys=0.00s Real=0.01s
[2020-12-24T00:23:58.648-0400][gc,heap        ] GC(378723) Heap before GC invocations=378699 (full 10973): garbage-first heap   total 71680K, used 58494K [0x0000000083000000, 0x0000000100000000)
[2020-12-24T00:23:58.648-0400][gc,heap        ] GC(378723)   region size 1024K, 11 young (11264K), 1 survivors (1024K)
[2020-12-24T00:23:58.649-0400][gc,heap        ] GC(378723)  Metaspace       used 61008K, capacity 63721K, committed 64768K, reserved 1107968K
[2020-12-24T00:23:58.649-0400][gc,heap        ] GC(378723)   class space    used 5712K, capacity 6559K, committed 6912K, reserved 1048576K
[2020-12-24T00:23:58.649-0400][gc,start       ] GC(378723) Pause Young (Normal) (G1 Evacuation Pause)
[2020-12-24T00:23:58.649-0400][gc,task        ] GC(378723) Using 4 workers of 4 for evacuation
[2020-12-24T00:23:58.655-0400][gc,phases      ] GC(378723)   Pre Evacuate Collection Set: 0.0ms
[2020-12-24T00:23:58.656-0400][gc,phases      ] GC(378723)   Evacuate Collection Set: 4.5ms
[2020-12-24T00:23:58.656-0400][gc,phases      ] GC(378723)   Post Evacuate Collection Set: 1.6ms
[2020-12-24T00:23:58.656-0400][gc,phases      ] GC(378723)   Other: 1.0ms
[2020-12-24T00:23:58.656-0400][gc,heap        ] GC(378723) Eden regions: 10->0(10)
[2020-12-24T00:23:58.656-0400][gc,heap        ] GC(378723) Survivor regions: 1->1(2)
[2020-12-24T00:23:58.656-0400][gc,heap        ] GC(378723) Old regions: 46->46
[2020-12-24T00:23:58.656-0400][gc,heap        ] GC(378723) Humongous regions: 4->4
[2020-12-24T00:23:58.656-0400][gc,metaspace   ] GC(378723) Metaspace: 61008K->61008K(1107968K)
[2020-12-24T00:23:58.656-0400][gc,heap        ] GC(378723) Heap after GC invocations=378700 (full 10973): garbage-first heap   total 71680K, used 49269K [0x0000000083000000, 0x0000000100000000)
[2020-12-24T00:23:58.656-0400][gc,heap        ] GC(378723)   region size 1024K, 1 young (1024K), 1 survivors (1024K)
[2020-12-24T00:23:58.656-0400][gc,heap        ] GC(378723)  Metaspace       used 61008K, capacity 63721K, committed 64768K, reserved 1107968K
[2020-12-24T00:23:58.656-0400][gc,heap        ] GC(378723)   class space    used 5712K, capacity 6559K, committed 6912K, reserved 1048576K
[2020-12-24T00:23:58.656-0400][gc             ] GC(378723) Pause Young (Normal) (G1 Evacuation Pause) 58M->48M(70M) 7.445ms
[2020-12-24T00:23:58.656-0400][gc,cpu         ] GC(378723) User=0.01s Sys=0.01s Real=0.01s
[2020-12-24T00:24:05.953-0400][gc,heap        ] GC(378724) Heap before GC invocations=378700 (full 10973): garbage-first heap   total 71680K, used 58485K [0x0000000083000000, 0x0000000100000000)
[2020-12-24T00:24:05.954-0400][gc,heap        ] GC(378724)   region size 1024K, 11 young (11264K), 1 survivors (1024K)
[2020-12-24T00:24:05.954-0400][gc,heap        ] GC(378724)  Metaspace       used 61008K, capacity 63721K, committed 64768K, reserved 1107968K
[2020-12-24T00:24:05.954-0400][gc,heap        ] GC(378724)   class space    used 5712K, capacity 6559K, committed 6912K, reserved 1048576K
[2020-12-24T00:24:05.954-0400][gc,start       ] GC(378724) Pause Young (Normal) (G1 Evacuation Pause)
[2020-12-24T00:24:05.954-0400][gc,task        ] GC(378724) Using 4 workers of 4 for evacuation
[2020-12-24T00:24:05.960-0400][gc,phases      ] GC(378724)   Pre Evacuate Collection Set: 0.0ms
[2020-12-24T00:24:05.960-0400][gc,phases      ] GC(378724)   Evacuate Collection Set: 3.7ms
[2020-12-24T00:24:05.960-0400][gc,phases      ] GC(378724)   Post Evacuate Collection Set: 1.6ms
[2020-12-24T00:24:05.960-0400][gc,phases      ] GC(378724)   Other: 0.9ms
[2020-12-24T00:24:05.960-0400][gc,heap        ] GC(378724) Eden regions: 10->0(10)
[2020-12-24T00:24:05.960-0400][gc,heap        ] GC(378724) Survivor regions: 1->1(2)
[2020-12-24T00:24:05.960-0400][gc,heap        ] GC(378724) Old regions: 46->46
[2020-12-24T00:24:05.960-0400][gc,heap        ] GC(378724) Humongous regions: 4->4
[2020-12-24T00:24:05.960-0400][gc,metaspace   ] GC(378724) Metaspace: 61008K->61008K(1107968K)
[2020-12-24T00:24:05.960-0400][gc,heap        ] GC(378724) Heap after GC invocations=378701 (full 10973): garbage-first heap   total 71680K, used 49266K [0x0000000083000000, 0x0000000100000000)
[2020-12-24T00:24:05.960-0400][gc,heap        ] GC(378724)   region size 1024K, 1 young (1024K), 1 survivors (1024K)
[2020-12-24T00:24:05.960-0400][gc,heap        ] GC(378724)  Metaspace       used 61008K, capacity 63721K, committed 64768K, reserved 1107968K
[2020-12-24T00:24:05.960-0400][gc,heap        ] GC(378724)   class space    used 5712K, capacity 6559K, committed 6912K, reserved 1048576K
[2020-12-24T00:24:05.960-0400][gc             ] GC(378724) Pause Young (Normal) (G1 Evacuation Pause) 58M->48M(70M) 6.508ms
[2020-12-24T00:24:05.961-0400][gc,cpu         ] GC(378724) User=0.02s Sys=0.00s Real=0.01s
[2020-12-24T00:24:30.064-0400][gc,heap        ] GC(378725) Heap before GC invocations=378701 (full 10973): garbage-first heap   total 71680K, used 58482K [0x0000000083000000, 0x0000000100000000)
[2020-12-24T00:24:30.064-0400][gc,heap        ] GC(378725)   region size 1024K, 11 young (11264K), 1 survivors (1024K)
[2020-12-24T00:24:30.064-0400][gc,heap        ] GC(378725)  Metaspace       used 61008K, capacity 63721K, committed 64768K, reserved 1107968K
[2020-12-24T00:24:30.064-0400][gc,heap        ] GC(378725)   class space    used 5712K, capacity 6559K, committed 6912K, reserved 1048576K
[2020-12-24T00:24:30.064-0400][gc,start       ] GC(378725) Pause Young (Normal) (G1 Evacuation Pause)
[2020-12-24T00:24:30.064-0400][gc,task        ] GC(378725) Using 4 workers of 4 for evacuation
[2020-12-24T00:24:30.070-0400][gc,phases      ] GC(378725)   Pre Evacuate Collection Set: 0.0ms
[2020-12-24T00:24:30.070-0400][gc,phases      ] GC(378725)   Evacuate Collection Set: 3.7ms
[2020-12-24T00:24:30.070-0400][gc,phases      ] GC(378725)   Post Evacuate Collection Set: 1.4ms
[2020-12-24T00:24:30.070-0400][gc,phases      ] GC(378725)   Other: 0.9ms
[2020-12-24T00:24:30.070-0400][gc,heap        ] GC(378725) Eden regions: 10->0(10)
[2020-12-24T00:24:30.070-0400][gc,heap        ] GC(378725) Survivor regions: 1->1(2)
[2020-12-24T00:24:30.070-0400][gc,heap        ] GC(378725) Old regions: 46->46
[2020-12-24T00:24:30.070-0400][gc,heap        ] GC(378725) Humongous regions: 4->4
[2020-12-24T00:24:30.070-0400][gc,metaspace   ] GC(378725) Metaspace: 61008K->61008K(1107968K)
[2020-12-24T00:24:30.070-0400][gc,heap        ] GC(378725) Heap after GC invocations=378702 (full 10973): garbage-first heap   total 71680K, used 49207K [0x0000000083000000, 0x0000000100000000)
[2020-12-24T00:24:30.070-0400][gc,heap        ] GC(378725)   region size 1024K, 1 young (1024K), 1 survivors (1024K)
[2020-12-24T00:24:30.070-0400][gc,heap        ] GC(378725)  Metaspace       used 61008K, capacity 63721K, committed 64768K, reserved 1107968K
[2020-12-24T00:24:30.070-0400][gc,heap        ] GC(378725)   class space    used 5712K, capacity 6559K, committed 6912K, reserved 1048576K
[2020-12-24T00:24:30.070-0400][gc             ] GC(378725) Pause Young (Normal) (G1 Evacuation Pause) 58M->48M(70M) 6.330ms
[2020-12-24T00:24:30.071-0400][gc,cpu         ] GC(378725) User=0.01s Sys=0.00s Real=0.01s
[2020-12-24T00:24:59.032-0400][gc,heap        ] GC(378726) Heap before GC invocations=378702 (full 10973): garbage-first heap   total 71680K, used 58423K [0x0000000083000000, 0x0000000100000000)
[2020-12-24T00:24:59.032-0400][gc,heap        ] GC(378726)   region size 1024K, 11 young (11264K), 1 survivors (1024K)
[2020-12-24T00:24:59.032-0400][gc,heap        ] GC(378726)  Metaspace       used 61008K, capacity 63721K, committed 64768K, reserved 1107968K
[2020-12-24T00:24:59.032-0400][gc,heap        ] GC(378726)   class space    used 5712K, capacity 6559K, committed 6912K, reserved 1048576K
[2020-12-24T00:24:59.032-0400][gc,start       ] GC(378726) Pause Young (Normal) (G1 Evacuation Pause)
[2020-12-24T00:24:59.032-0400][gc,task        ] GC(378726) Using 4 workers of 4 for evacuation
[2020-12-24T00:24:59.038-0400][gc,phases      ] GC(378726)   Pre Evacuate Collection Set: 0.1ms
[2020-12-24T00:24:59.038-0400][gc,phases      ] GC(378726)   Evacuate Collection Set: 3.7ms
[2020-12-24T00:24:59.038-0400][gc,phases      ] GC(378726)   Post Evacuate Collection Set: 1.4ms
[2020-12-24T00:24:59.038-0400][gc,phases      ] GC(378726)   Other: 0.8ms
[2020-12-24T00:24:59.038-0400][gc,heap        ] GC(378726) Eden regions: 10->0(10)
[2020-12-24T00:24:59.038-0400][gc,heap        ] GC(378726) Survivor regions: 1->1(2)
[2020-12-24T00:24:59.038-0400][gc,heap        ] GC(378726) Old regions: 46->46
[2020-12-24T00:24:59.038-0400][gc,heap        ] GC(378726) Humongous regions: 4->4
[2020-12-24T00:24:59.038-0400][gc,metaspace   ] GC(378726) Metaspace: 61008K->61008K(1107968K)
[2020-12-24T00:24:59.039-0400][gc,heap        ] GC(378726) Heap after GC invocations=378703 (full 10973): garbage-first heap   total 71680K, used 49227K [0x0000000083000000, 0x0000000100000000)
[2020-12-24T00:24:59.039-0400][gc,heap        ] GC(378726)   region size 1024K, 1 young (1024K), 1 survivors (1024K)
[2020-12-24T00:24:59.039-0400][gc,heap        ] GC(378726)  Metaspace       used 61008K, capacity 63721K, committed 64768K, reserved 1107968K
[2020-12-24T00:24:59.039-0400][gc,heap        ] GC(378726)   class space    used 5712K, capacity 6559K, committed 6912K, reserved 1048576K
[2020-12-24T00:24:59.039-0400][gc             ] GC(378726) Pause Young (Normal) (G1 Evacuation Pause) 58M->48M(70M) 6.481ms
[2020-12-24T00:24:59.039-0400][gc,cpu         ] GC(378726) User=0.01s Sys=0.00s Real=0.01s
[2020-12-24T00:25:10.739-0400][gc,heap        ] GC(378727) Heap before GC invocations=378703 (full 10973): garbage-first heap   total 71680K, used 58443K [0x0000000083000000, 0x0000000100000000)
[2020-12-24T00:25:10.739-0400][gc,heap        ] GC(378727)   region size 1024K, 11 young (11264K), 1 survivors (1024K)
[2020-12-24T00:25:10.739-0400][gc,heap        ] GC(378727)  Metaspace       used 61008K, capacity 63721K, committed 64768K, reserved 1107968K
[2020-12-24T00:25:10.739-0400][gc,heap        ] GC(378727)   class space    used 5712K, capacity 6559K, committed 6912K, reserved 1048576K
[2020-12-24T00:25:10.739-0400][gc,start       ] GC(378727) Pause Young (Normal) (G1 Evacuation Pause)
[2020-12-24T00:25:10.739-0400][gc,task        ] GC(378727) Using 4 workers of 4 for evacuation
[2020-12-24T00:25:10.746-0400][gc,phases      ] GC(378727)   Pre Evacuate Collection Set: 0.0ms
[2020-12-24T00:25:10.746-0400][gc,phases      ] GC(378727)   Evacuate Collection Set: 4.1ms
[2020-12-24T00:25:10.746-0400][gc,phases      ] GC(378727)   Post Evacuate Collection Set: 1.5ms
[2020-12-24T00:25:10.746-0400][gc,phases      ] GC(378727)   Other: 0.8ms
[2020-12-24T00:25:10.746-0400][gc,heap        ] GC(378727) Eden regions: 10->0(10)
[2020-12-24T00:25:10.746-0400][gc,heap        ] GC(378727) Survivor regions: 1->1(2)
[2020-12-24T00:25:10.746-0400][gc,heap        ] GC(378727) Old regions: 46->46
[2020-12-24T00:25:10.746-0400][gc,heap        ] GC(378727) Humongous regions: 4->4
[2020-12-24T00:25:10.746-0400][gc,metaspace   ] GC(378727) Metaspace: 61008K->61008K(1107968K)
[2020-12-24T00:25:10.746-0400][gc,heap        ] GC(378727) Heap after GC invocations=378704 (full 10973): garbage-first heap   total 71680K, used 49323K [0x0000000083000000, 0x0000000100000000)
[2020-12-24T00:25:10.746-0400][gc,heap        ] GC(378727)   region size 1024K, 1 young (1024K), 1 survivors (1024K)
[2020-12-24T00:25:10.746-0400][gc,heap        ] GC(378727)  Metaspace       used 61008K, capacity 63721K, committed 64768K, reserved 1107968K
[2020-12-24T00:25:10.746-0400][gc,heap        ] GC(378727)   class space    used 5712K, capacity 6559K, committed 6912K, reserved 1048576K
[2020-12-24T00:25:10.746-0400][gc             ] GC(378727) Pause Young (Normal) (G1 Evacuation Pause) 58M->48M(70M) 7.036ms
[2020-12-24T00:25:10.747-0400][gc,cpu         ] GC(378727) User=0.01s Sys=0.01s Real=0.01s
[2020-12-24T00:25:36.136-0400][gc,heap        ] GC(378728) Heap before GC invocations=378704 (full 10973): garbage-first heap   total 71680K, used 58539K [0x0000000083000000, 0x0000000100000000)
[2020-12-24T00:25:36.136-0400][gc,heap        ] GC(378728)   region size 1024K, 11 young (11264K), 1 survivors (1024K)
[2020-12-24T00:25:36.136-0400][gc,heap        ] GC(378728)  Metaspace       used 61008K, capacity 63721K, committed 64768K, reserved 1107968K
[2020-12-24T00:25:36.136-0400][gc,heap        ] GC(378728)   class space    used 5712K, capacity 6559K, committed 6912K, reserved 1048576K
[2020-12-24T00:25:36.136-0400][gc,start       ] GC(378728) Pause Young (Normal) (G1 Evacuation Pause)
[2020-12-24T00:25:36.136-0400][gc,task        ] GC(378728) Using 4 workers of 4 for evacuation
[2020-12-24T00:25:36.142-0400][gc,phases      ] GC(378728)   Pre Evacuate Collection Set: 0.0ms
[2020-12-24T00:25:36.142-0400][gc,phases      ] GC(378728)   Evacuate Collection Set: 3.9ms
[2020-12-24T00:25:36.142-0400][gc,phases      ] GC(378728)   Post Evacuate Collection Set: 1.6ms
[2020-12-24T00:25:36.142-0400][gc,phases      ] GC(378728)   Other: 0.8ms
[2020-12-24T00:25:36.142-0400][gc,heap        ] GC(378728) Eden regions: 10->0(10)
[2020-12-24T00:25:36.142-0400][gc,heap        ] GC(378728) Survivor regions: 1->1(2)
[2020-12-24T00:25:36.142-0400][gc,heap        ] GC(378728) Old regions: 46->46
[2020-12-24T00:25:36.142-0400][gc,heap        ] GC(378728) Humongous regions: 4->4
[2020-12-24T00:25:36.142-0400][gc,metaspace   ] GC(378728) Metaspace: 61008K->61008K(1107968K)
[2020-12-24T00:25:36.142-0400][gc,heap        ] GC(378728) Heap after GC invocations=378705 (full 10973): garbage-first heap   total 71680K, used 49323K [0x0000000083000000, 0x0000000100000000)
[2020-12-24T00:25:36.142-0400][gc,heap        ] GC(378728)   region size 1024K, 1 young (1024K), 1 survivors (1024K)
[2020-12-24T00:25:36.142-0400][gc,heap        ] GC(378728)  Metaspace       used 61008K, capacity 63721K, committed 64768K, reserved 1107968K
[2020-12-24T00:25:36.143-0400][gc,heap        ] GC(378728)   class space    used 5712K, capacity 6559K, committed 6912K, reserved 1048576K
[2020-12-24T00:25:36.143-0400][gc             ] GC(378728) Pause Young (Normal) (G1 Evacuation Pause) 58M->48M(70M) 6.709ms
[2020-12-24T00:25:36.143-0400][gc,cpu         ] GC(378728) User=0.01s Sys=0.00s Real=0.00s
[2020-12-24T00:26:06.312-0400][gc,heap        ] GC(378729) Heap before GC invocations=378705 (full 10973): garbage-first heap   total 71680K, used 58539K [0x0000000083000000, 0x0000000100000000)
[2020-12-24T00:26:06.312-0400][gc,heap        ] GC(378729)   region size 1024K, 11 young (11264K), 1 survivors (1024K)
[2020-12-24T00:26:06.312-0400][gc,heap        ] GC(378729)  Metaspace       used 61008K, capacity 63721K, committed 64768K, reserved 1107968K
[2020-12-24T00:26:06.312-0400][gc,heap        ] GC(378729)   class space    used 5712K, capacity 6559K, committed 6912K, reserved 1048576K
[2020-12-24T00:26:06.312-0400][gc,start       ] GC(378729) Pause Young (Normal) (G1 Evacuation Pause)
[2020-12-24T00:26:06.313-0400][gc,task        ] GC(378729) Using 4 workers of 4 for evacuation
[2020-12-24T00:26:06.319-0400][gc,phases      ] GC(378729)   Pre Evacuate Collection Set: 0.0ms
[2020-12-24T00:26:06.319-0400][gc,phases      ] GC(378729)   Evacuate Collection Set: 3.9ms
[2020-12-24T00:26:06.319-0400][gc,phases      ] GC(378729)   Post Evacuate Collection Set: 1.6ms
[2020-12-24T00:26:06.319-0400][gc,phases      ] GC(378729)   Other: 0.9ms
[2020-12-24T00:26:06.319-0400][gc,heap        ] GC(378729) Eden regions: 10->0(10)
[2020-12-24T00:26:06.319-0400][gc,heap        ] GC(378729) Survivor regions: 1->1(2)
[2020-12-24T00:26:06.319-0400][gc,heap        ] GC(378729) Old regions: 46->46
[2020-12-24T00:26:06.319-0400][gc,heap        ] GC(378729) Humongous regions: 4->4
[2020-12-24T00:26:06.319-0400][gc,metaspace   ] GC(378729) Metaspace: 61008K->61008K(1107968K)
[2020-12-24T00:26:06.319-0400][gc,heap        ] GC(378729) Heap after GC invocations=378706 (full 10973): garbage-first heap   total 71680K, used 49359K [0x0000000083000000, 0x0000000100000000)
[2020-12-24T00:26:06.319-0400][gc,heap        ] GC(378729)   region size 1024K, 1 young (1024K), 1 survivors (1024K)
[2020-12-24T00:26:06.319-0400][gc,heap        ] GC(378729)  Metaspace       used 61008K, capacity 63721K, committed 64768K, reserved 1107968K
[2020-12-24T00:26:06.319-0400][gc,heap        ] GC(378729)   class space    used 5712K, capacity 6559K, committed 6912K, reserved 1048576K
[2020-12-24T00:26:06.319-0400][gc             ] GC(378729) Pause Young (Normal) (G1 Evacuation Pause) 58M->48M(70M) 6.861ms
[2020-12-24T00:26:06.320-0400][gc,cpu         ] GC(378729) User=0.02s Sys=0.00s Real=0.01s
[2020-12-24T00:26:20.541-0400][gc,heap        ] GC(378730) Heap before GC invocations=378706 (full 10973): garbage-first heap   total 71680K, used 58575K [0x0000000083000000, 0x0000000100000000)
[2020-12-24T00:26:20.541-0400][gc,heap        ] GC(378730)   region size 1024K, 11 young (11264K), 1 survivors (1024K)
[2020-12-24T00:26:20.541-0400][gc,heap        ] GC(378730)  Metaspace       used 61008K, capacity 63721K, committed 64768K, reserved 1107968K
[2020-12-24T00:26:20.541-0400][gc,heap        ] GC(378730)   class space    used 5712K, capacity 6559K, committed 6912K, reserved 1048576K
[2020-12-24T00:26:20.541-0400][gc,start       ] GC(378730) Pause Young (Normal) (G1 Evacuation Pause)
[2020-12-24T00:26:20.541-0400][gc,task        ] GC(378730) Using 4 workers of 4 for evacuation
[2020-12-24T00:26:20.547-0400][gc,phases      ] GC(378730)   Pre Evacuate Collection Set: 0.0ms
[2020-12-24T00:26:20.547-0400][gc,phases      ] GC(378730)   Evacuate Collection Set: 3.9ms
[2020-12-24T00:26:20.547-0400][gc,phases      ] GC(378730)   Post Evacuate Collection Set: 1.8ms
[2020-12-24T00:26:20.548-0400][gc,phases      ] GC(378730)   Other: 0.8ms
[2020-12-24T00:26:20.548-0400][gc,heap        ] GC(378730) Eden regions: 10->0(10)
[2020-12-24T00:26:20.548-0400][gc,heap        ] GC(378730) Survivor regions: 1->1(2)
[2020-12-24T00:26:20.548-0400][gc,heap        ] GC(378730) Old regions: 46->46
[2020-12-24T00:26:20.548-0400][gc,heap        ] GC(378730) Humongous regions: 4->4
[2020-12-24T00:26:20.548-0400][gc,metaspace   ] GC(378730) Metaspace: 61008K->61008K(1107968K)
[2020-12-24T00:26:20.548-0400][gc,heap        ] GC(378730) Heap after GC invocations=378707 (full 10973): garbage-first heap   total 71680K, used 49330K [0x0000000083000000, 0x0000000100000000)
[2020-12-24T00:26:20.548-0400][gc,heap        ] GC(378730)   region size 1024K, 1 young (1024K), 1 survivors (1024K)
[2020-12-24T00:26:20.548-0400][gc,heap        ] GC(378730)  Metaspace       used 61008K, capacity 63721K, committed 64768K, reserved 1107968K
[2020-12-24T00:26:20.548-0400][gc,heap        ] GC(378730)   class space    used 5712K, capacity 6559K, committed 6912K, reserved 1048576K
[2020-12-24T00:26:20.548-0400][gc             ] GC(378730) Pause Young (Normal) (G1 Evacuation Pause) 58M->48M(70M) 6.949ms
[2020-12-24T00:26:20.548-0400][gc,cpu         ] GC(378730) User=0.02s Sys=0.00s Real=0.01s
[2020-12-24T00:26:50.924-0400][gc,task        ] GC(378731) Using 3 workers of 4 for full compaction
[2020-12-24T00:26:50.924-0400][gc,start       ] GC(378731) Pause Full (System.gc())
[2020-12-24T00:26:50.924-0400][gc,heap        ] GC(378731) Heap before GC invocations=378707 (full 10973): garbage-first heap   total 71680K, used 57522K [0x0000000083000000, 0x0000000100000000)
[2020-12-24T00:26:50.924-0400][gc,heap        ] GC(378731)   region size 1024K, 11 young (11264K), 1 survivors (1024K)
[2020-12-24T00:26:50.924-0400][gc,heap        ] GC(378731)  Metaspace       used 61008K, capacity 63721K, committed 64768K, reserved 1107968K
[2020-12-24T00:26:50.924-0400][gc,heap        ] GC(378731)   class space    used 5712K, capacity 6559K, committed 6912K, reserved 1048576K
[2020-12-24T00:26:50.927-0400][gc,phases,start] GC(378731) Phase 1: Mark live objects
[2020-12-24T00:26:51.070-0400][gc,stringtable ] GC(378731) Cleaned string and symbol table, strings: 32207 processed, 0 removed, symbols: 131451 processed, 0 removed
[2020-12-24T00:26:51.070-0400][gc,phases      ] GC(378731) Phase 1: Mark live objects 143.120ms
[2020-12-24T00:26:51.070-0400][gc,phases,start] GC(378731) Phase 2: Prepare for compaction
[2020-12-24T00:26:51.100-0400][gc,phases      ] GC(378731) Phase 2: Prepare for compaction 29.849ms
[2020-12-24T00:26:51.100-0400][gc,phases,start] GC(378731) Phase 3: Adjust pointers
[2020-12-24T00:26:51.180-0400][gc,phases      ] GC(378731) Phase 3: Adjust pointers 80.256ms
[2020-12-24T00:26:51.180-0400][gc,phases,start] GC(378731) Phase 4: Compact heap
[2020-12-24T00:26:51.204-0400][gc,phases      ] GC(378731) Phase 4: Compact heap 23.830ms
[2020-12-24T00:26:51.240-0400][gc,heap        ] GC(378731) Eden regions: 10->0(10)
[2020-12-24T00:26:51.240-0400][gc,heap        ] GC(378731) Survivor regions: 1->0(2)
[2020-12-24T00:26:51.240-0400][gc,heap        ] GC(378731) Old regions: 46->47
[2020-12-24T00:26:51.240-0400][gc,heap        ] GC(378731) Humongous regions: 4->4
[2020-12-24T00:26:51.240-0400][gc,metaspace   ] GC(378731) Metaspace: 61008K->61008K(1107968K)
[2020-12-24T00:26:51.240-0400][gc,heap        ] GC(378731) Heap after GC invocations=378708 (full 10974): garbage-first heap   total 71680K, used 48610K [0x0000000083000000, 0x0000000100000000)
[2020-12-24T00:26:51.240-0400][gc,heap        ] GC(378731)   region size 1024K, 0 young (0K), 0 survivors (0K)
[2020-12-24T00:26:51.240-0400][gc,heap        ] GC(378731)  Metaspace       used 61008K, capacity 63721K, committed 64768K, reserved 1107968K
[2020-12-24T00:26:51.240-0400][gc,heap        ] GC(378731)   class space    used 5712K, capacity 6559K, committed 6912K, reserved 1048576K
[2020-12-24T00:26:51.240-0400][gc             ] GC(378731) Pause Full (System.gc()) 57M->47M(70M) 316.115ms
[2020-12-24T00:26:51.240-0400][gc,cpu         ] GC(378731) User=0.52s Sys=0.32s Real=0.32s
[2020-12-24T00:27:07.494-0400][gc,heap        ] GC(378732) Heap before GC invocations=378708 (full 10974): garbage-first heap   total 71680K, used 58850K [0x0000000083000000, 0x0000000100000000)
[2020-12-24T00:27:07.494-0400][gc,heap        ] GC(378732)   region size 1024K, 10 young (10240K), 0 survivors (0K)
[2020-12-24T00:27:07.494-0400][gc,heap        ] GC(378732)  Metaspace       used 61008K, capacity 63721K, committed 64768K, reserved 1107968K
[2020-12-24T00:27:07.494-0400][gc,heap        ] GC(378732)   class space    used 5712K, capacity 6559K, committed 6912K, reserved 1048576K
[2020-12-24T00:27:07.494-0400][gc,start       ] GC(378732) Pause Young (Normal) (G1 Evacuation Pause)
[2020-12-24T00:27:07.495-0400][gc,task        ] GC(378732) Using 4 workers of 4 for evacuation
[2020-12-24T00:27:07.500-0400][gc,phases      ] GC(378732)   Pre Evacuate Collection Set: 0.0ms
[2020-12-24T00:27:07.500-0400][gc,phases      ] GC(378732)   Evacuate Collection Set: 2.9ms
[2020-12-24T00:27:07.500-0400][gc,phases      ] GC(378732)   Post Evacuate Collection Set: 2.0ms
[2020-12-24T00:27:07.500-0400][gc,phases      ] GC(378732)   Other: 0.9ms
[2020-12-24T00:27:07.500-0400][gc,heap        ] GC(378732) Eden regions: 10->0(9)
[2020-12-24T00:27:07.500-0400][gc,heap        ] GC(378732) Survivor regions: 0->1(2)
[2020-12-24T00:27:07.500-0400][gc,heap        ] GC(378732) Old regions: 47->47
[2020-12-24T00:27:07.500-0400][gc,heap        ] GC(378732) Humongous regions: 4->4
[2020-12-24T00:27:07.500-0400][gc,metaspace   ] GC(378732) Metaspace: 61008K->61008K(1107968K)
[2020-12-24T00:27:07.501-0400][gc,heap        ] GC(378732) Heap after GC invocations=378709 (full 10974): garbage-first heap   total 71680K, used 48877K [0x0000000083000000, 0x0000000100000000)
[2020-12-24T00:27:07.501-0400][gc,heap        ] GC(378732)   region size 1024K, 1 young (1024K), 1 survivors (1024K)
[2020-12-24T00:27:07.501-0400][gc,heap        ] GC(378732)  Metaspace       used 61008K, capacity 63721K, committed 64768K, reserved 1107968K
[2020-12-24T00:27:07.501-0400][gc,heap        ] GC(378732)   class space    used 5712K, capacity 6559K, committed 6912K, reserved 1048576K
[2020-12-24T00:27:07.501-0400][gc             ] GC(378732) Pause Young (Normal) (G1 Evacuation Pause) 57M->47M(70M) 6.502ms
[2020-12-24T00:27:07.501-0400][gc,cpu         ] GC(378732) User=0.02s Sys=0.00s Real=0.01s
[2020-12-24T00:27:32.019-0400][gc,heap        ] GC(378733) Heap before GC invocations=378709 (full 10974): garbage-first heap   total 71680K, used 57069K [0x0000000083000000, 0x0000000100000000)
[2020-12-24T00:27:32.019-0400][gc,heap        ] GC(378733)   region size 1024K, 10 young (10240K), 1 survivors (1024K)
[2020-12-24T00:27:32.019-0400][gc,heap        ] GC(378733)  Metaspace       used 61008K, capacity 63721K, committed 64768K, reserved 1107968K
[2020-12-24T00:27:32.019-0400][gc,heap        ] GC(378733)   class space    used 5712K, capacity 6559K, committed 6912K, reserved 1048576K
[2020-12-24T00:27:32.019-0400][gc,start       ] GC(378733) Pause Young (Normal) (G1 Evacuation Pause)
[2020-12-24T00:27:32.019-0400][gc,task        ] GC(378733) Using 4 workers of 4 for evacuation
[2020-12-24T00:27:32.025-0400][gc,phases      ] GC(378733)   Pre Evacuate Collection Set: 0.0ms
[2020-12-24T00:27:32.025-0400][gc,phases      ] GC(378733)   Evacuate Collection Set: 3.4ms
[2020-12-24T00:27:32.025-0400][gc,phases      ] GC(378733)   Post Evacuate Collection Set: 1.3ms
[2020-12-24T00:27:32.025-0400][gc,phases      ] GC(378733)   Other: 1.0ms
[2020-12-24T00:27:32.025-0400][gc,heap        ] GC(378733) Eden regions: 9->0(9)
[2020-12-24T00:27:32.025-0400][gc,heap        ] GC(378733) Survivor regions: 1->1(2)
[2020-12-24T00:27:32.025-0400][gc,heap        ] GC(378733) Old regions: 47->47
[2020-12-24T00:27:32.025-0400][gc,heap        ] GC(378733) Humongous regions: 4->4
[2020-12-24T00:27:32.025-0400][gc,metaspace   ] GC(378733) Metaspace: 61008K->61008K(1107968K)
[2020-12-24T00:27:32.025-0400][gc,heap        ] GC(378733) Heap after GC invocations=378710 (full 10974): garbage-first heap   total 71680K, used 48978K [0x0000000083000000, 0x0000000100000000)
[2020-12-24T00:27:32.025-0400][gc,heap        ] GC(378733)   region size 1024K, 1 young (1024K), 1 survivors (1024K)
[2020-12-24T00:27:32.025-0400][gc,heap        ] GC(378733)  Metaspace       used 61008K, capacity 63721K, committed 64768K, reserved 1107968K
[2020-12-24T00:27:32.025-0400][gc,heap        ] GC(378733)   class space    used 5712K, capacity 6559K, committed 6912K, reserved 1048576K
[2020-12-24T00:27:32.025-0400][gc             ] GC(378733) Pause Young (Normal) (G1 Evacuation Pause) 56M->47M(70M) 6.130ms
[2020-12-24T00:27:32.026-0400][gc,cpu         ] GC(378733) User=0.02s Sys=0.00s Real=0.00s
[2020-12-24T00:27:55.669-0400][gc,heap        ] GC(378734) Heap before GC invocations=378710 (full 10974): garbage-first heap   total 71680K, used 57170K [0x0000000083000000, 0x0000000100000000)
[2020-12-24T00:27:55.669-0400][gc,heap        ] GC(378734)   region size 1024K, 10 young (10240K), 1 survivors (1024K)
[2020-12-24T00:27:55.669-0400][gc,heap        ] GC(378734)  Metaspace       used 61008K, capacity 63721K, committed 64768K, reserved 1107968K
[2020-12-24T00:27:55.669-0400][gc,heap        ] GC(378734)   class space    used 5712K, capacity 6559K, committed 6912K, reserved 1048576K
[2020-12-24T00:27:55.669-0400][gc,start       ] GC(378734) Pause Young (Normal) (G1 Evacuation Pause)
[2020-12-24T00:27:55.669-0400][gc,task        ] GC(378734) Using 4 workers of 4 for evacuation
[2020-12-24T00:27:55.675-0400][gc,phases      ] GC(378734)   Pre Evacuate Collection Set: 0.0ms
[2020-12-24T00:27:55.675-0400][gc,phases      ] GC(378734)   Evacuate Collection Set: 3.5ms
[2020-12-24T00:27:55.675-0400][gc,phases      ] GC(378734)   Post Evacuate Collection Set: 1.4ms
[2020-12-24T00:27:55.675-0400][gc,phases      ] GC(378734)   Other: 0.8ms
[2020-12-24T00:27:55.675-0400][gc,heap        ] GC(378734) Eden regions: 9->0(9)
[2020-12-24T00:27:55.675-0400][gc,heap        ] GC(378734) Survivor regions: 1->1(2)
[2020-12-24T00:27:55.675-0400][gc,heap        ] GC(378734) Old regions: 47->47
[2020-12-24T00:27:55.675-0400][gc,heap        ] GC(378734) Humongous regions: 4->4
[2020-12-24T00:27:55.675-0400][gc,metaspace   ] GC(378734) Metaspace: 61008K->61008K(1107968K)
[2020-12-24T00:27:55.675-0400][gc,heap        ] GC(378734) Heap after GC invocations=378711 (full 10974): garbage-first heap   total 71680K, used 48994K [0x0000000083000000, 0x0000000100000000)
[2020-12-24T00:27:55.675-0400][gc,heap        ] GC(378734)   region size 1024K, 1 young (1024K), 1 survivors (1024K)
[2020-12-24T00:27:55.675-0400][gc,heap        ] GC(378734)  Metaspace       used 61008K, capacity 63721K, committed 64768K, reserved 1107968K
[2020-12-24T00:27:55.676-0400][gc,heap        ] GC(378734)   class space    used 5712K, capacity 6559K, committed 6912K, reserved 1048576K
[2020-12-24T00:27:55.676-0400][gc             ] GC(378734) Pause Young (Normal) (G1 Evacuation Pause) 56M->47M(70M) 6.188ms
[2020-12-24T00:27:55.676-0400][gc,cpu         ] GC(378734) User=0.01s Sys=0.01s Real=0.01s
[2020-12-24T00:28:11.582-0400][gc,heap        ] GC(378735) Heap before GC invocations=378711 (full 10974): garbage-first heap   total 71680K, used 57186K [0x0000000083000000, 0x0000000100000000)
[2020-12-24T00:28:11.582-0400][gc,heap        ] GC(378735)   region size 1024K, 10 young (10240K), 1 survivors (1024K)
[2020-12-24T00:28:11.582-0400][gc,heap        ] GC(378735)  Metaspace       used 61008K, capacity 63721K, committed 64768K, reserved 1107968K
[2020-12-24T00:28:11.582-0400][gc,heap        ] GC(378735)   class space    used 5712K, capacity 6559K, committed 6912K, reserved 1048576K
[2020-12-24T00:28:11.582-0400][gc,start       ] GC(378735) Pause Young (Normal) (G1 Evacuation Pause)
[2020-12-24T00:28:11.582-0400][gc,task        ] GC(378735) Using 4 workers of 4 for evacuation
[2020-12-24T00:28:11.588-0400][gc,phases      ] GC(378735)   Pre Evacuate Collection Set: 0.0ms
[2020-12-24T00:28:11.588-0400][gc,phases      ] GC(378735)   Evacuate Collection Set: 3.5ms
[2020-12-24T00:28:11.588-0400][gc,phases      ] GC(378735)   Post Evacuate Collection Set: 1.7ms
[2020-12-24T00:28:11.588-0400][gc,phases      ] GC(378735)   Other: 1.0ms
[2020-12-24T00:28:11.589-0400][gc,heap        ] GC(378735) Eden regions: 9->0(9)
[2020-12-24T00:28:11.589-0400][gc,heap        ] GC(378735) Survivor regions: 1->1(2)
[2020-12-24T00:28:11.589-0400][gc,heap        ] GC(378735) Old regions: 47->47
[2020-12-24T00:28:11.589-0400][gc,heap        ] GC(378735) Humongous regions: 4->4
[2020-12-24T00:28:11.589-0400][gc,metaspace   ] GC(378735) Metaspace: 61008K->61008K(1107968K)
[2020-12-24T00:28:11.589-0400][gc,heap        ] GC(378735) Heap after GC invocations=378712 (full 10974): garbage-first heap   total 71680K, used 49047K [0x0000000083000000, 0x0000000100000000)
[2020-12-24T00:28:11.589-0400][gc,heap        ] GC(378735)   region size 1024K, 1 young (1024K), 1 survivors (1024K)
[2020-12-24T00:28:11.589-0400][gc,heap        ] GC(378735)  Metaspace       used 61008K, capacity 63721K, committed 64768K, reserved 1107968K
[2020-12-24T00:28:11.589-0400][gc,heap        ] GC(378735)   class space    used 5712K, capacity 6559K, committed 6912K, reserved 1048576K
[2020-12-24T00:28:11.589-0400][gc             ] GC(378735) Pause Young (Normal) (G1 Evacuation Pause) 56M->47M(70M) 6.566ms
[2020-12-24T00:28:11.589-0400][gc,cpu         ] GC(378735) User=0.01s Sys=0.01s Real=0.01s
[2020-12-24T00:28:34.168-0400][gc,heap        ] GC(378736) Heap before GC invocations=378712 (full 10974): garbage-first heap   total 71680K, used 57239K [0x0000000083000000, 0x0000000100000000)
[2020-12-24T00:28:34.168-0400][gc,heap        ] GC(378736)   region size 1024K, 10 young (10240K), 1 survivors (1024K)
[2020-12-24T00:28:34.168-0400][gc,heap        ] GC(378736)  Metaspace       used 61008K, capacity 63721K, committed 64768K, reserved 1107968K
[2020-12-24T00:28:34.168-0400][gc,heap        ] GC(378736)   class space    used 5712K, capacity 6559K, committed 6912K, reserved 1048576K
[2020-12-24T00:28:34.168-0400][gc,start       ] GC(378736) Pause Young (Normal) (G1 Evacuation Pause)
[2020-12-24T00:28:34.168-0400][gc,task        ] GC(378736) Using 4 workers of 4 for evacuation
[2020-12-24T00:28:34.175-0400][gc,phases      ] GC(378736)   Pre Evacuate Collection Set: 0.0ms
[2020-12-24T00:28:34.175-0400][gc,phases      ] GC(378736)   Evacuate Collection Set: 4.1ms
[2020-12-24T00:28:34.175-0400][gc,phases      ] GC(378736)   Post Evacuate Collection Set: 1.9ms
[2020-12-24T00:28:34.175-0400][gc,phases      ] GC(378736)   Other: 1.1ms
[2020-12-24T00:28:34.176-0400][gc,heap        ] GC(378736) Eden regions: 9->0(9)
[2020-12-24T00:28:34.176-0400][gc,heap        ] GC(378736) Survivor regions: 1->1(2)
[2020-12-24T00:28:34.176-0400][gc,heap        ] GC(378736) Old regions: 47->47
[2020-12-24T00:28:34.176-0400][gc,heap        ] GC(378736) Humongous regions: 4->4
[2020-12-24T00:28:34.176-0400][gc,metaspace   ] GC(378736) Metaspace: 61008K->61008K(1107968K)
[2020-12-24T00:28:34.176-0400][gc,heap        ] GC(378736) Heap after GC invocations=378713 (full 10974): garbage-first heap   total 71680K, used 49031K [0x0000000083000000, 0x0000000100000000)
[2020-12-24T00:28:34.176-0400][gc,heap        ] GC(378736)   region size 1024K, 1 young (1024K), 1 survivors (1024K)
[2020-12-24T00:28:34.176-0400][gc,heap        ] GC(378736)  Metaspace       used 61008K, capacity 63721K, committed 64768K, reserved 1107968K
[2020-12-24T00:28:34.176-0400][gc,heap        ] GC(378736)   class space    used 5712K, capacity 6559K, committed 6912K, reserved 1048576K
[2020-12-24T00:28:34.176-0400][gc             ] GC(378736) Pause Young (Normal) (G1 Evacuation Pause) 56M->47M(70M) 7.856ms
[2020-12-24T00:28:34.177-0400][gc,cpu         ] GC(378736) User=0.01s Sys=0.01s Real=0.01s
[2020-12-24T00:28:57.691-0400][gc,heap        ] GC(378737) Heap before GC invocations=378713 (full 10974): garbage-first heap   total 71680K, used 57223K [0x0000000083000000, 0x0000000100000000)
[2020-12-24T00:28:57.691-0400][gc,heap        ] GC(378737)   region size 1024K, 10 young (10240K), 1 survivors (1024K)
[2020-12-24T00:28:57.691-0400][gc,heap        ] GC(378737)  Metaspace       used 61008K, capacity 63721K, committed 64768K, reserved 1107968K
[2020-12-24T00:28:57.691-0400][gc,heap        ] GC(378737)   class space    used 5712K, capacity 6559K, committed 6912K, reserved 1048576K
[2020-12-24T00:28:57.691-0400][gc,start       ] GC(378737) Pause Young (Normal) (G1 Evacuation Pause)
[2020-12-24T00:28:57.691-0400][gc,task        ] GC(378737) Using 4 workers of 4 for evacuation
[2020-12-24T00:28:57.697-0400][gc,phases      ] GC(378737)   Pre Evacuate Collection Set: 0.0ms
[2020-12-24T00:28:57.697-0400][gc,phases      ] GC(378737)   Evacuate Collection Set: 3.4ms
[2020-12-24T00:28:57.697-0400][gc,phases      ] GC(378737)   Post Evacuate Collection Set: 1.5ms
[2020-12-24T00:28:57.697-0400][gc,phases      ] GC(378737)   Other: 0.8ms
[2020-12-24T00:28:57.697-0400][gc,heap        ] GC(378737) Eden regions: 9->0(9)
[2020-12-24T00:28:57.697-0400][gc,heap        ] GC(378737) Survivor regions: 1->1(2)
[2020-12-24T00:28:57.697-0400][gc,heap        ] GC(378737) Old regions: 47->47
[2020-12-24T00:28:57.697-0400][gc,heap        ] GC(378737) Humongous regions: 4->4
[2020-12-24T00:28:57.697-0400][gc,metaspace   ] GC(378737) Metaspace: 61008K->61008K(1107968K)
[2020-12-24T00:28:57.697-0400][gc,heap        ] GC(378737) Heap after GC invocations=378714 (full 10974): garbage-first heap   total 71680K, used 48998K [0x0000000083000000, 0x0000000100000000)
[2020-12-24T00:28:57.697-0400][gc,heap        ] GC(378737)   region size 1024K, 1 young (1024K), 1 survivors (1024K)
[2020-12-24T00:28:57.697-0400][gc,heap        ] GC(378737)  Metaspace       used 61008K, capacity 63721K, committed 64768K, reserved 1107968K
[2020-12-24T00:28:57.698-0400][gc,heap        ] GC(378737)   class space    used 5712K, capacity 6559K, committed 6912K, reserved 1048576K
[2020-12-24T00:28:57.698-0400][gc             ] GC(378737) Pause Young (Normal) (G1 Evacuation Pause) 56M->47M(70M) 6.280ms
[2020-12-24T00:28:57.698-0400][gc,cpu         ] GC(378737) User=0.02s Sys=0.00s Real=0.01s
[2020-12-24T00:29:08.689-0400][gc,heap        ] GC(378738) Heap before GC invocations=378714 (full 10974): garbage-first heap   total 71680K, used 57190K [0x0000000083000000, 0x0000000100000000)
[2020-12-24T00:29:08.689-0400][gc,heap        ] GC(378738)   region size 1024K, 10 young (10240K), 1 survivors (1024K)
[2020-12-24T00:29:08.689-0400][gc,heap        ] GC(378738)  Metaspace       used 61008K, capacity 63721K, committed 64768K, reserved 1107968K
[2020-12-24T00:29:08.689-0400][gc,heap        ] GC(378738)   class space    used 5712K, capacity 6559K, committed 6912K, reserved 1048576K
[2020-12-24T00:29:08.689-0400][gc,start       ] GC(378738) Pause Young (Normal) (G1 Evacuation Pause)
[2020-12-24T00:29:08.689-0400][gc,task        ] GC(378738) Using 4 workers of 4 for evacuation
[2020-12-24T00:29:08.696-0400][gc,phases      ] GC(378738)   Pre Evacuate Collection Set: 0.0ms
[2020-12-24T00:29:08.696-0400][gc,phases      ] GC(378738)   Evacuate Collection Set: 4.5ms
[2020-12-24T00:29:08.696-0400][gc,phases      ] GC(378738)   Post Evacuate Collection Set: 1.4ms
[2020-12-24T00:29:08.696-0400][gc,phases      ] GC(378738)   Other: 0.8ms
[2020-12-24T00:29:08.696-0400][gc,heap        ] GC(378738) Eden regions: 9->0(9)
[2020-12-24T00:29:08.696-0400][gc,heap        ] GC(378738) Survivor regions: 1->1(2)
[2020-12-24T00:29:08.696-0400][gc,heap        ] GC(378738) Old regions: 47->47
[2020-12-24T00:29:08.696-0400][gc,heap        ] GC(378738) Humongous regions: 4->4
[2020-12-24T00:29:08.696-0400][gc,metaspace   ] GC(378738) Metaspace: 61008K->61008K(1107968K)
[2020-12-24T00:29:08.696-0400][gc,heap        ] GC(378738) Heap after GC invocations=378715 (full 10974): garbage-first heap   total 71680K, used 49255K [0x0000000083000000, 0x0000000100000000)
[2020-12-24T00:29:08.696-0400][gc,heap        ] GC(378738)   region size 1024K, 1 young (1024K), 1 survivors (1024K)
[2020-12-24T00:29:08.696-0400][gc,heap        ] GC(378738)  Metaspace       used 61008K, capacity 63721K, committed 64768K, reserved 1107968K
[2020-12-24T00:29:08.696-0400][gc,heap        ] GC(378738)   class space    used 5712K, capacity 6559K, committed 6912K, reserved 1048576K
[2020-12-24T00:29:08.696-0400][gc             ] GC(378738) Pause Young (Normal) (G1 Evacuation Pause) 56M->48M(70M) 7.210ms
[2020-12-24T00:29:08.697-0400][gc,cpu         ] GC(378738) User=0.02s Sys=0.00s Real=0.01s
[2020-12-24T00:29:33.890-0400][gc,heap        ] GC(378739) Heap before GC invocations=378715 (full 10974): garbage-first heap   total 71680K, used 57447K [0x0000000083000000, 0x0000000100000000)
[2020-12-24T00:29:33.890-0400][gc,heap        ] GC(378739)   region size 1024K, 10 young (10240K), 1 survivors (1024K)
[2020-12-24T00:29:33.890-0400][gc,heap        ] GC(378739)  Metaspace       used 61008K, capacity 63721K, committed 64768K, reserved 1107968K
[2020-12-24T00:29:33.890-0400][gc,heap        ] GC(378739)   class space    used 5712K, capacity 6559K, committed 6912K, reserved 1048576K
[2020-12-24T00:29:33.890-0400][gc,start       ] GC(378739) Pause Young (Normal) (G1 Evacuation Pause)
[2020-12-24T00:29:33.890-0400][gc,task        ] GC(378739) Using 4 workers of 4 for evacuation
[2020-12-24T00:29:33.896-0400][gc,phases      ] GC(378739)   Pre Evacuate Collection Set: 0.1ms
[2020-12-24T00:29:33.896-0400][gc,phases      ] GC(378739)   Evacuate Collection Set: 3.6ms
[2020-12-24T00:29:33.896-0400][gc,phases      ] GC(378739)   Post Evacuate Collection Set: 1.5ms
[2020-12-24T00:29:33.896-0400][gc,phases      ] GC(378739)   Other: 0.8ms
[2020-12-24T00:29:33.896-0400][gc,heap        ] GC(378739) Eden regions: 9->0(9)
[2020-12-24T00:29:33.896-0400][gc,heap        ] GC(378739) Survivor regions: 1->1(2)
[2020-12-24T00:29:33.896-0400][gc,heap        ] GC(378739) Old regions: 47->47
[2020-12-24T00:29:33.896-0400][gc,heap        ] GC(378739) Humongous regions: 4->4
[2020-12-24T00:29:33.896-0400][gc,metaspace   ] GC(378739) Metaspace: 61008K->61008K(1107968K)
[2020-12-24T00:29:33.897-0400][gc,heap        ] GC(378739) Heap after GC invocations=378716 (full 10974): garbage-first heap   total 71680K, used 49180K [0x0000000083000000, 0x0000000100000000)
[2020-12-24T00:29:33.897-0400][gc,heap        ] GC(378739)   region size 1024K, 1 young (1024K), 1 survivors (1024K)
[2020-12-24T00:29:33.897-0400][gc,heap        ] GC(378739)  Metaspace       used 61008K, capacity 63721K, committed 64768K, reserved 1107968K
[2020-12-24T00:29:33.897-0400][gc,heap        ] GC(378739)   class space    used 5712K, capacity 6559K, committed 6912K, reserved 1048576K
[2020-12-24T00:29:33.897-0400][gc             ] GC(378739) Pause Young (Normal) (G1 Evacuation Pause) 57M->48M(70M) 6.465ms
[2020-12-24T00:29:33.897-0400][gc,cpu         ] GC(378739) User=0.01s Sys=0.01s Real=0.01s
[2020-12-24T00:29:48.757-0400][gc,heap        ] GC(378740) Heap before GC invocations=378716 (full 10974): garbage-first heap   total 71680K, used 57372K [0x0000000083000000, 0x0000000100000000)
[2020-12-24T00:29:48.758-0400][gc,heap        ] GC(378740)   region size 1024K, 10 young (10240K), 1 survivors (1024K)
[2020-12-24T00:29:48.758-0400][gc,heap        ] GC(378740)  Metaspace       used 61008K, capacity 63721K, committed 64768K, reserved 1107968K
[2020-12-24T00:29:48.758-0400][gc,heap        ] GC(378740)   class space    used 5712K, capacity 6559K, committed 6912K, reserved 1048576K
[2020-12-24T00:29:48.758-0400][gc,start       ] GC(378740) Pause Young (Normal) (G1 Evacuation Pause)
[2020-12-24T00:29:48.758-0400][gc,task        ] GC(378740) Using 4 workers of 4 for evacuation
[2020-12-24T00:29:48.763-0400][gc,phases      ] GC(378740)   Pre Evacuate Collection Set: 0.0ms
[2020-12-24T00:29:48.764-0400][gc,phases      ] GC(378740)   Evacuate Collection Set: 3.8ms
[2020-12-24T00:29:48.764-0400][gc,phases      ] GC(378740)   Post Evacuate Collection Set: 1.3ms
[2020-12-24T00:29:48.764-0400][gc,phases      ] GC(378740)   Other: 0.9ms
[2020-12-24T00:29:48.764-0400][gc,heap        ] GC(378740) Eden regions: 9->0(9)
[2020-12-24T00:29:48.764-0400][gc,heap        ] GC(378740) Survivor regions: 1->1(2)
[2020-12-24T00:29:48.764-0400][gc,heap        ] GC(378740) Old regions: 47->47
[2020-12-24T00:29:48.764-0400][gc,heap        ] GC(378740) Humongous regions: 4->4
[2020-12-24T00:29:48.764-0400][gc,metaspace   ] GC(378740) Metaspace: 61008K->61008K(1107968K)
[2020-12-24T00:29:48.764-0400][gc,heap        ] GC(378740) Heap after GC invocations=378717 (full 10974): garbage-first heap   total 71680K, used 49013K [0x0000000083000000, 0x0000000100000000)
[2020-12-24T00:29:48.764-0400][gc,heap        ] GC(378740)   region size 1024K, 1 young (1024K), 1 survivors (1024K)
[2020-12-24T00:29:48.764-0400][gc,heap        ] GC(378740)  Metaspace       used 61008K, capacity 63721K, committed 64768K, reserved 1107968K
[2020-12-24T00:29:48.764-0400][gc,heap        ] GC(378740)   class space    used 5712K, capacity 6559K, committed 6912K, reserved 1048576K
[2020-12-24T00:29:48.764-0400][gc             ] GC(378740) Pause Young (Normal) (G1 Evacuation Pause) 57M->47M(70M) 6.384ms
[2020-12-24T00:29:48.764-0400][gc,cpu         ] GC(378740) User=0.01s Sys=0.00s Real=0.00s
[2020-12-24T00:30:05.863-0400][gc,heap        ] GC(378741) Heap before GC invocations=378717 (full 10974): garbage-first heap   total 71680K, used 57205K [0x0000000083000000, 0x0000000100000000)
[2020-12-24T00:30:05.864-0400][gc,heap        ] GC(378741)   region size 1024K, 10 young (10240K), 1 survivors (1024K)
[2020-12-24T00:30:05.864-0400][gc,heap        ] GC(378741)  Metaspace       used 61008K, capacity 63721K, committed 64768K, reserved 1107968K
[2020-12-24T00:30:05.864-0400][gc,heap        ] GC(378741)   class space    used 5712K, capacity 6559K, committed 6912K, reserved 1048576K
[2020-12-24T00:30:05.864-0400][gc,start       ] GC(378741) Pause Young (Normal) (G1 Evacuation Pause)
[2020-12-24T00:30:05.864-0400][gc,task        ] GC(378741) Using 4 workers of 4 for evacuation
[2020-12-24T00:30:05.870-0400][gc,phases      ] GC(378741)   Pre Evacuate Collection Set: 0.0ms
[2020-12-24T00:30:05.870-0400][gc,phases      ] GC(378741)   Evacuate Collection Set: 3.9ms
[2020-12-24T00:30:05.870-0400][gc,phases      ] GC(378741)   Post Evacuate Collection Set: 1.5ms
[2020-12-24T00:30:05.870-0400][gc,phases      ] GC(378741)   Other: 0.9ms
[2020-12-24T00:30:05.870-0400][gc,heap        ] GC(378741) Eden regions: 9->0(9)
[2020-12-24T00:30:05.870-0400][gc,heap        ] GC(378741) Survivor regions: 1->1(2)
[2020-12-24T00:30:05.870-0400][gc,heap        ] GC(378741) Old regions: 47->47
[2020-12-24T00:30:05.870-0400][gc,heap        ] GC(378741) Humongous regions: 4->4
[2020-12-24T00:30:05.870-0400][gc,metaspace   ] GC(378741) Metaspace: 61008K->61008K(1107968K)
[2020-12-24T00:30:05.870-0400][gc,heap        ] GC(378741) Heap after GC invocations=378718 (full 10974): garbage-first heap   total 71680K, used 49124K [0x0000000083000000, 0x0000000100000000)
[2020-12-24T00:30:05.870-0400][gc,heap        ] GC(378741)   region size 1024K, 1 young (1024K), 1 survivors (1024K)
[2020-12-24T00:30:05.870-0400][gc,heap        ] GC(378741)  Metaspace       used 61008K, capacity 63721K, committed 64768K, reserved 1107968K
[2020-12-24T00:30:05.870-0400][gc,heap        ] GC(378741)   class space    used 5712K, capacity 6559K, committed 6912K, reserved 1048576K
[2020-12-24T00:30:05.871-0400][gc             ] GC(378741) Pause Young (Normal) (G1 Evacuation Pause) 56M->47M(70M) 6.681ms
[2020-12-24T00:30:05.871-0400][gc,cpu         ] GC(378741) User=0.02s Sys=0.01s Real=0.01s
[2020-12-24T00:30:16.568-0400][gc,heap        ] GC(378742) Heap before GC invocations=378718 (full 10974): garbage-first heap   total 71680K, used 58340K [0x0000000083000000, 0x0000000100000000)
[2020-12-24T00:30:16.568-0400][gc,heap        ] GC(378742)   region size 1024K, 10 young (10240K), 1 survivors (1024K)
[2020-12-24T00:30:16.568-0400][gc,heap        ] GC(378742)  Metaspace       used 61008K, capacity 63721K, committed 64768K, reserved 1107968K
[2020-12-24T00:30:16.568-0400][gc,heap        ] GC(378742)   class space    used 5712K, capacity 6559K, committed 6912K, reserved 1048576K
[2020-12-24T00:30:16.569-0400][gc,start       ] GC(378742) Pause Young (Normal) (G1 Evacuation Pause)
[2020-12-24T00:30:16.569-0400][gc,task        ] GC(378742) Using 4 workers of 4 for evacuation
[2020-12-24T00:30:16.574-0400][gc,phases      ] GC(378742)   Pre Evacuate Collection Set: 0.0ms
[2020-12-24T00:30:16.574-0400][gc,phases      ] GC(378742)   Evacuate Collection Set: 3.9ms
[2020-12-24T00:30:16.574-0400][gc,phases      ] GC(378742)   Post Evacuate Collection Set: 1.4ms
[2020-12-24T00:30:16.575-0400][gc,phases      ] GC(378742)   Other: 0.8ms
[2020-12-24T00:30:16.575-0400][gc,heap        ] GC(378742) Eden regions: 9->0(9)
[2020-12-24T00:30:16.575-0400][gc,heap        ] GC(378742) Survivor regions: 1->1(2)
[2020-12-24T00:30:16.575-0400][gc,heap        ] GC(378742) Old regions: 47->47
[2020-12-24T00:30:16.575-0400][gc,heap        ] GC(378742) Humongous regions: 4->4
[2020-12-24T00:30:16.575-0400][gc,metaspace   ] GC(378742) Metaspace: 61008K->61008K(1107968K)
[2020-12-24T00:30:16.575-0400][gc,heap        ] GC(378742) Heap after GC invocations=378719 (full 10974): garbage-first heap   total 71680K, used 49108K [0x0000000083000000, 0x0000000100000000)
[2020-12-24T00:30:16.575-0400][gc,heap        ] GC(378742)   region size 1024K, 1 young (1024K), 1 survivors (1024K)
[2020-12-24T00:30:16.575-0400][gc,heap        ] GC(378742)  Metaspace       used 61008K, capacity 63721K, committed 64768K, reserved 1107968K
[2020-12-24T00:30:16.575-0400][gc,heap        ] GC(378742)   class space    used 5712K, capacity 6559K, committed 6912K, reserved 1048576K
[2020-12-24T00:30:16.575-0400][gc             ] GC(378742) Pause Young (Normal) (G1 Evacuation Pause) 56M->47M(70M) 6.536ms
[2020-12-24T00:30:16.575-0400][gc,cpu         ] GC(378742) User=0.02s Sys=0.00s Real=0.00s
[2020-12-24T00:30:26.323-0400][gc,heap        ] GC(378743) Heap before GC invocations=378719 (full 10974): garbage-first heap   total 71680K, used 57300K [0x0000000083000000, 0x0000000100000000)
[2020-12-24T00:30:26.323-0400][gc,heap        ] GC(378743)   region size 1024K, 10 young (10240K), 1 survivors (1024K)
[2020-12-24T00:30:26.323-0400][gc,heap        ] GC(378743)  Metaspace       used 61008K, capacity 63721K, committed 64768K, reserved 1107968K
[2020-12-24T00:30:26.323-0400][gc,heap        ] GC(378743)   class space    used 5712K, capacity 6559K, committed 6912K, reserved 1048576K
[2020-12-24T00:30:26.323-0400][gc,start       ] GC(378743) Pause Young (Normal) (G1 Evacuation Pause)
[2020-12-24T00:30:26.323-0400][gc,task        ] GC(378743) Using 4 workers of 4 for evacuation
[2020-12-24T00:30:26.330-0400][gc,phases      ] GC(378743)   Pre Evacuate Collection Set: 0.0ms
[2020-12-24T00:30:26.330-0400][gc,phases      ] GC(378743)   Evacuate Collection Set: 4.6ms
[2020-12-24T00:30:26.330-0400][gc,phases      ] GC(378743)   Post Evacuate Collection Set: 1.6ms
[2020-12-24T00:30:26.330-0400][gc,phases      ] GC(378743)   Other: 0.9ms
[2020-12-24T00:30:26.330-0400][gc,heap        ] GC(378743) Eden regions: 9->0(9)
[2020-12-24T00:30:26.330-0400][gc,heap        ] GC(378743) Survivor regions: 1->1(2)
[2020-12-24T00:30:26.330-0400][gc,heap        ] GC(378743) Old regions: 47->47
[2020-12-24T00:30:26.330-0400][gc,heap        ] GC(378743) Humongous regions: 4->4
[2020-12-24T00:30:26.330-0400][gc,metaspace   ] GC(378743) Metaspace: 61008K->61008K(1107968K)
[2020-12-24T00:30:26.330-0400][gc,heap        ] GC(378743) Heap after GC invocations=378720 (full 10974): garbage-first heap   total 71680K, used 49273K [0x0000000083000000, 0x0000000100000000)
[2020-12-24T00:30:26.330-0400][gc,heap        ] GC(378743)   region size 1024K, 1 young (1024K), 1 survivors (1024K)
[2020-12-24T00:30:26.330-0400][gc,heap        ] GC(378743)  Metaspace       used 61008K, capacity 63721K, committed 64768K, reserved 1107968K
[2020-12-24T00:30:26.330-0400][gc,heap        ] GC(378743)   class space    used 5712K, capacity 6559K, committed 6912K, reserved 1048576K
[2020-12-24T00:30:26.330-0400][gc             ] GC(378743) Pause Young (Normal) (G1 Evacuation Pause) 56M->48M(70M) 7.458ms
[2020-12-24T00:30:26.331-0400][gc,cpu         ] GC(378743) User=0.02s Sys=0.00s Real=0.01s
[2020-12-24T00:30:39.996-0400][gc,heap        ] GC(378744) Heap before GC invocations=378720 (full 10974): garbage-first heap   total 71680K, used 57465K [0x0000000083000000, 0x0000000100000000)
[2020-12-24T00:30:39.996-0400][gc,heap        ] GC(378744)   region size 1024K, 10 young (10240K), 1 survivors (1024K)
[2020-12-24T00:30:39.996-0400][gc,heap        ] GC(378744)  Metaspace       used 61008K, capacity 63721K, committed 64768K, reserved 1107968K
[2020-12-24T00:30:39.996-0400][gc,heap        ] GC(378744)   class space    used 5712K, capacity 6559K, committed 6912K, reserved 1048576K
[2020-12-24T00:30:39.996-0400][gc,start       ] GC(378744) Pause Young (Normal) (G1 Evacuation Pause)
[2020-12-24T00:30:39.996-0400][gc,task        ] GC(378744) Using 4 workers of 4 for evacuation
[2020-12-24T00:30:40.003-0400][gc,phases      ] GC(378744)   Pre Evacuate Collection Set: 0.0ms
[2020-12-24T00:30:40.003-0400][gc,phases      ] GC(378744)   Evacuate Collection Set: 4.4ms
[2020-12-24T00:30:40.003-0400][gc,phases      ] GC(378744)   Post Evacuate Collection Set: 1.4ms
[2020-12-24T00:30:40.003-0400][gc,phases      ] GC(378744)   Other: 1.0ms
[2020-12-24T00:30:40.003-0400][gc,heap        ] GC(378744) Eden regions: 9->0(9)
[2020-12-24T00:30:40.003-0400][gc,heap        ] GC(378744) Survivor regions: 1->1(2)
[2020-12-24T00:30:40.003-0400][gc,heap        ] GC(378744) Old regions: 47->47
[2020-12-24T00:30:40.003-0400][gc,heap        ] GC(378744) Humongous regions: 4->4
[2020-12-24T00:30:40.003-0400][gc,metaspace   ] GC(378744) Metaspace: 61008K->61008K(1107968K)
[2020-12-24T00:30:40.003-0400][gc,heap        ] GC(378744) Heap after GC invocations=378721 (full 10974): garbage-first heap   total 71680K, used 49349K [0x0000000083000000, 0x0000000100000000)
[2020-12-24T00:30:40.003-0400][gc,heap        ] GC(378744)   region size 1024K, 1 young (1024K), 1 survivors (1024K)
[2020-12-24T00:30:40.003-0400][gc,heap        ] GC(378744)  Metaspace       used 61008K, capacity 63721K, committed 64768K, reserved 1107968K
[2020-12-24T00:30:40.003-0400][gc,heap        ] GC(378744)   class space    used 5712K, capacity 6559K, committed 6912K, reserved 1048576K
[2020-12-24T00:30:40.003-0400][gc             ] GC(378744) Pause Young (Normal) (G1 Evacuation Pause) 57M->48M(70M) 7.148ms
[2020-12-24T00:30:40.004-0400][gc,cpu         ] GC(378744) User=0.01s Sys=0.01s Real=0.00s
[2020-12-24T00:30:50.010-0400][gc,heap        ] GC(378745) Heap before GC invocations=378721 (full 10974): garbage-first heap   total 71680K, used 57541K [0x0000000083000000, 0x0000000100000000)
[2020-12-24T00:30:50.011-0400][gc,heap        ] GC(378745)   region size 1024K, 10 young (10240K), 1 survivors (1024K)
[2020-12-24T00:30:50.011-0400][gc,heap        ] GC(378745)  Metaspace       used 61008K, capacity 63721K, committed 64768K, reserved 1107968K
[2020-12-24T00:30:50.011-0400][gc,heap        ] GC(378745)   class space    used 5712K, capacity 6559K, committed 6912K, reserved 1048576K
[2020-12-24T00:30:50.011-0400][gc,start       ] GC(378745) Pause Young (Normal) (G1 Evacuation Pause)
[2020-12-24T00:30:50.011-0400][gc,task        ] GC(378745) Using 4 workers of 4 for evacuation
[2020-12-24T00:30:50.018-0400][gc,phases      ] GC(378745)   Pre Evacuate Collection Set: 0.0ms
[2020-12-24T00:30:50.018-0400][gc,phases      ] GC(378745)   Evacuate Collection Set: 4.5ms
[2020-12-24T00:30:50.018-0400][gc,phases      ] GC(378745)   Post Evacuate Collection Set: 1.5ms
[2020-12-24T00:30:50.018-0400][gc,phases      ] GC(378745)   Other: 1.1ms
[2020-12-24T00:30:50.018-0400][gc,heap        ] GC(378745) Eden regions: 9->0(9)
[2020-12-24T00:30:50.018-0400][gc,heap        ] GC(378745) Survivor regions: 1->1(2)
[2020-12-24T00:30:50.018-0400][gc,heap        ] GC(378745) Old regions: 47->47
[2020-12-24T00:30:50.018-0400][gc,heap        ] GC(378745) Humongous regions: 4->4
[2020-12-24T00:30:50.018-0400][gc,metaspace   ] GC(378745) Metaspace: 61008K->61008K(1107968K)
[2020-12-24T00:30:50.018-0400][gc,heap        ] GC(378745) Heap after GC invocations=378722 (full 10974): garbage-first heap   total 71680K, used 49369K [0x0000000083000000, 0x0000000100000000)
[2020-12-24T00:30:50.018-0400][gc,heap        ] GC(378745)   region size 1024K, 1 young (1024K), 1 survivors (1024K)
[2020-12-24T00:30:50.018-0400][gc,heap        ] GC(378745)  Metaspace       used 61008K, capacity 63721K, committed 64768K, reserved 1107968K
[2020-12-24T00:30:50.018-0400][gc,heap        ] GC(378745)   class space    used 5712K, capacity 6559K, committed 6912K, reserved 1048576K
[2020-12-24T00:30:50.018-0400][gc             ] GC(378745) Pause Young (Normal) (G1 Evacuation Pause) 57M->48M(70M) 7.358ms
[2020-12-24T00:30:50.018-0400][gc,cpu         ] GC(378745) User=0.01s Sys=0.01s Real=0.01s
[2020-12-24T00:30:58.825-0400][gc,heap        ] GC(378746) Heap before GC invocations=378722 (full 10974): garbage-first heap   total 71680K, used 57561K [0x0000000083000000, 0x0000000100000000)
[2020-12-24T00:30:58.825-0400][gc,heap        ] GC(378746)   region size 1024K, 10 young (10240K), 1 survivors (1024K)
[2020-12-24T00:30:58.825-0400][gc,heap        ] GC(378746)  Metaspace       used 61008K, capacity 63721K, committed 64768K, reserved 1107968K
[2020-12-24T00:30:58.825-0400][gc,heap        ] GC(378746)   class space    used 5712K, capacity 6559K, committed 6912K, reserved 1048576K
[2020-12-24T00:30:58.825-0400][gc,start       ] GC(378746) Pause Young (Normal) (G1 Evacuation Pause)
[2020-12-24T00:30:58.825-0400][gc,task        ] GC(378746) Using 4 workers of 4 for evacuation
[2020-12-24T00:30:58.832-0400][gc,phases      ] GC(378746)   Pre Evacuate Collection Set: 0.0ms
[2020-12-24T00:30:58.832-0400][gc,phases      ] GC(378746)   Evacuate Collection Set: 4.7ms
[2020-12-24T00:30:58.832-0400][gc,phases      ] GC(378746)   Post Evacuate Collection Set: 1.3ms
[2020-12-24T00:30:58.832-0400][gc,phases      ] GC(378746)   Other: 0.9ms
[2020-12-24T00:30:58.832-0400][gc,heap        ] GC(378746) Eden regions: 9->0(9)
[2020-12-24T00:30:58.832-0400][gc,heap        ] GC(378746) Survivor regions: 1->1(2)
[2020-12-24T00:30:58.832-0400][gc,heap        ] GC(378746) Old regions: 47->47
[2020-12-24T00:30:58.832-0400][gc,heap        ] GC(378746) Humongous regions: 4->4
[2020-12-24T00:30:58.832-0400][gc,metaspace   ] GC(378746) Metaspace: 61008K->61008K(1107968K)
[2020-12-24T00:30:58.833-0400][gc,heap        ] GC(378746) Heap after GC invocations=378723 (full 10974): garbage-first heap   total 71680K, used 49338K [0x0000000083000000, 0x0000000100000000)
[2020-12-24T00:30:58.833-0400][gc,heap        ] GC(378746)   region size 1024K, 1 young (1024K), 1 survivors (1024K)
[2020-12-24T00:30:58.833-0400][gc,heap        ] GC(378746)  Metaspace       used 61008K, capacity 63721K, committed 64768K, reserved 1107968K
[2020-12-24T00:30:58.833-0400][gc,heap        ] GC(378746)   class space    used 5712K, capacity 6559K, committed 6912K, reserved 1048576K
[2020-12-24T00:30:58.833-0400][gc             ] GC(378746) Pause Young (Normal) (G1 Evacuation Pause) 57M->48M(70M) 7.573ms
[2020-12-24T00:30:58.833-0400][gc,cpu         ] GC(378746) User=0.01s Sys=0.02s Real=0.01s
[2020-12-24T00:31:03.626-0400][gc,heap        ] GC(378747) Heap before GC invocations=378723 (full 10974): garbage-first heap   total 71680K, used 57530K [0x0000000083000000, 0x0000000100000000)
[2020-12-24T00:31:03.626-0400][gc,heap        ] GC(378747)   region size 1024K, 10 young (10240K), 1 survivors (1024K)
[2020-12-24T00:31:03.626-0400][gc,heap        ] GC(378747)  Metaspace       used 61008K, capacity 63721K, committed 64768K, reserved 1107968K
[2020-12-24T00:31:03.626-0400][gc,heap        ] GC(378747)   class space    used 5712K, capacity 6559K, committed 6912K, reserved 1048576K
[2020-12-24T00:31:03.626-0400][gc,start       ] GC(378747) Pause Young (Normal) (G1 Evacuation Pause)
[2020-12-24T00:31:03.626-0400][gc,task        ] GC(378747) Using 4 workers of 4 for evacuation
[2020-12-24T00:31:03.634-0400][gc,phases      ] GC(378747)   Pre Evacuate Collection Set: 0.1ms
[2020-12-24T00:31:03.635-0400][gc,phases      ] GC(378747)   Evacuate Collection Set: 5.6ms
[2020-12-24T00:31:03.635-0400][gc,phases      ] GC(378747)   Post Evacuate Collection Set: 2.0ms
[2020-12-24T00:31:03.635-0400][gc,phases      ] GC(378747)   Other: 1.0ms
[2020-12-24T00:31:03.635-0400][gc,heap        ] GC(378747) Eden regions: 9->0(8)
[2020-12-24T00:31:03.635-0400][gc,heap        ] GC(378747) Survivor regions: 1->1(2)
[2020-12-24T00:31:03.635-0400][gc,heap        ] GC(378747) Old regions: 47->48
[2020-12-24T00:31:03.635-0400][gc,heap        ] GC(378747) Humongous regions: 4->4
[2020-12-24T00:31:03.635-0400][gc,metaspace   ] GC(378747) Metaspace: 61008K->61008K(1107968K)
[2020-12-24T00:31:03.635-0400][gc,heap        ] GC(378747) Heap after GC invocations=378724 (full 10974): garbage-first heap   total 71680K, used 49385K [0x0000000083000000, 0x0000000100000000)
[2020-12-24T00:31:03.635-0400][gc,heap        ] GC(378747)   region size 1024K, 1 young (1024K), 1 survivors (1024K)
[2020-12-24T00:31:03.635-0400][gc,heap        ] GC(378747)  Metaspace       used 61008K, capacity 63721K, committed 64768K, reserved 1107968K
[2020-12-24T00:31:03.635-0400][gc,heap        ] GC(378747)   class space    used 5712K, capacity 6559K, committed 6912K, reserved 1048576K
[2020-12-24T00:31:03.635-0400][gc             ] GC(378747) Pause Young (Normal) (G1 Evacuation Pause) 57M->48M(70M) 9.008ms
[2020-12-24T00:31:03.635-0400][gc,cpu         ] GC(378747) User=0.01s Sys=0.02s Real=0.00s
[2020-12-24T00:31:11.520-0400][gc,heap        ] GC(378748) Heap before GC invocations=378724 (full 10974): garbage-first heap   total 71680K, used 56553K [0x0000000083000000, 0x0000000100000000)
[2020-12-24T00:31:11.520-0400][gc,heap        ] GC(378748)   region size 1024K, 9 young (9216K), 1 survivors (1024K)
[2020-12-24T00:31:11.521-0400][gc,heap        ] GC(378748)  Metaspace       used 61008K, capacity 63721K, committed 64768K, reserved 1107968K
[2020-12-24T00:31:11.521-0400][gc,heap        ] GC(378748)   class space    used 5712K, capacity 6559K, committed 6912K, reserved 1048576K
[2020-12-24T00:31:11.521-0400][gc,start       ] GC(378748) Pause Young (Normal) (G1 Evacuation Pause)
[2020-12-24T00:31:11.521-0400][gc,task        ] GC(378748) Using 4 workers of 4 for evacuation
[2020-12-24T00:31:11.527-0400][gc,phases      ] GC(378748)   Pre Evacuate Collection Set: 0.0ms
[2020-12-24T00:31:11.527-0400][gc,phases      ] GC(378748)   Evacuate Collection Set: 4.4ms
[2020-12-24T00:31:11.527-0400][gc,phases      ] GC(378748)   Post Evacuate Collection Set: 1.6ms
[2020-12-24T00:31:11.528-0400][gc,phases      ] GC(378748)   Other: 1.0ms
[2020-12-24T00:31:11.528-0400][gc,heap        ] GC(378748) Eden regions: 8->0(8)
[2020-12-24T00:31:11.528-0400][gc,heap        ] GC(378748) Survivor regions: 1->1(2)
[2020-12-24T00:31:11.528-0400][gc,heap        ] GC(378748) Old regions: 48->48
[2020-12-24T00:31:11.528-0400][gc,heap        ] GC(378748) Humongous regions: 4->4
[2020-12-24T00:31:11.528-0400][gc,metaspace   ] GC(378748) Metaspace: 61008K->61008K(1107968K)
[2020-12-24T00:31:11.528-0400][gc,heap        ] GC(378748) Heap after GC invocations=378725 (full 10974): garbage-first heap   total 71680K, used 49288K [0x0000000083000000, 0x0000000100000000)
[2020-12-24T00:31:11.528-0400][gc,heap        ] GC(378748)   region size 1024K, 1 young (1024K), 1 survivors (1024K)
[2020-12-24T00:31:11.528-0400][gc,heap        ] GC(378748)  Metaspace       used 61008K, capacity 63721K, committed 64768K, reserved 1107968K
[2020-12-24T00:31:11.528-0400][gc,heap        ] GC(378748)   class space    used 5712K, capacity 6559K, committed 6912K, reserved 1048576K
[2020-12-24T00:31:11.528-0400][gc             ] GC(378748) Pause Young (Normal) (G1 Evacuation Pause) 56M->48M(70M) 7.283ms
[2020-12-24T00:31:11.528-0400][gc,cpu         ] GC(378748) User=0.02s Sys=0.00s Real=0.01s
[2020-12-24T00:31:17.437-0400][gc,heap        ] GC(378749) Heap before GC invocations=378725 (full 10974): garbage-first heap   total 71680K, used 56456K [0x0000000083000000, 0x0000000100000000)
[2020-12-24T00:31:17.437-0400][gc,heap        ] GC(378749)   region size 1024K, 9 young (9216K), 1 survivors (1024K)
[2020-12-24T00:31:17.437-0400][gc,heap        ] GC(378749)  Metaspace       used 61008K, capacity 63721K, committed 64768K, reserved 1107968K
[2020-12-24T00:31:17.437-0400][gc,heap        ] GC(378749)   class space    used 5712K, capacity 6559K, committed 6912K, reserved 1048576K
[2020-12-24T00:31:17.437-0400][gc,start       ] GC(378749) Pause Young (Normal) (G1 Evacuation Pause)
[2020-12-24T00:31:17.437-0400][gc,task        ] GC(378749) Using 4 workers of 4 for evacuation
[2020-12-24T00:31:17.444-0400][gc,phases      ] GC(378749)   Pre Evacuate Collection Set: 0.0ms
[2020-12-24T00:31:17.444-0400][gc,phases      ] GC(378749)   Evacuate Collection Set: 5.3ms
[2020-12-24T00:31:17.444-0400][gc,phases      ] GC(378749)   Post Evacuate Collection Set: 1.1ms
[2020-12-24T00:31:17.444-0400][gc,phases      ] GC(378749)   Other: 0.9ms
[2020-12-24T00:31:17.444-0400][gc,heap        ] GC(378749) Eden regions: 8->0(8)
[2020-12-24T00:31:17.444-0400][gc,heap        ] GC(378749) Survivor regions: 1->1(2)
[2020-12-24T00:31:17.444-0400][gc,heap        ] GC(378749) Old regions: 48->48
[2020-12-24T00:31:17.444-0400][gc,heap        ] GC(378749) Humongous regions: 4->4
[2020-12-24T00:31:17.444-0400][gc,metaspace   ] GC(378749) Metaspace: 61008K->61008K(1107968K)
[2020-12-24T00:31:17.444-0400][gc,heap        ] GC(378749) Heap after GC invocations=378726 (full 10974): garbage-first heap   total 71680K, used 49479K [0x0000000083000000, 0x0000000100000000)
[2020-12-24T00:31:17.445-0400][gc,heap        ] GC(378749)   region size 1024K, 1 young (1024K), 1 survivors (1024K)
[2020-12-24T00:31:17.445-0400][gc,heap        ] GC(378749)  Metaspace       used 61008K, capacity 63721K, committed 64768K, reserved 1107968K
[2020-12-24T00:31:17.455-0400][gc,heap        ] GC(378749)   class space    used 5712K, capacity 6559K, committed 6912K, reserved 1048576K
[2020-12-24T00:31:17.455-0400][gc             ] GC(378749) Pause Young (Normal) (G1 Evacuation Pause) 56M->48M(70M) 18.328ms
[2020-12-24T00:31:17.456-0400][gc,cpu         ] GC(378749) User=0.03s Sys=0.00s Real=0.01s
[2020-12-24T00:31:24.221-0400][gc,heap        ] GC(378750) Heap before GC invocations=378726 (full 10974): garbage-first heap   total 71680K, used 56647K [0x0000000083000000, 0x0000000100000000)
[2020-12-24T00:31:24.222-0400][gc,heap        ] GC(378750)   region size 1024K, 9 young (9216K), 1 survivors (1024K)
[2020-12-24T00:31:24.222-0400][gc,heap        ] GC(378750)  Metaspace       used 61008K, capacity 63721K, committed 64768K, reserved 1107968K
[2020-12-24T00:31:24.222-0400][gc,heap        ] GC(378750)   class space    used 5712K, capacity 6559K, committed 6912K, reserved 1048576K
[2020-12-24T00:31:24.222-0400][gc,start       ] GC(378750) Pause Young (Normal) (G1 Evacuation Pause)
[2020-12-24T00:31:24.222-0400][gc,task        ] GC(378750) Using 4 workers of 4 for evacuation
[2020-12-24T00:31:24.228-0400][gc,phases      ] GC(378750)   Pre Evacuate Collection Set: 0.0ms
[2020-12-24T00:31:24.229-0400][gc,phases      ] GC(378750)   Evacuate Collection Set: 4.6ms
[2020-12-24T00:31:24.229-0400][gc,phases      ] GC(378750)   Post Evacuate Collection Set: 1.4ms
[2020-12-24T00:31:24.229-0400][gc,phases      ] GC(378750)   Other: 0.9ms
[2020-12-24T00:31:24.229-0400][gc,heap        ] GC(378750) Eden regions: 8->0(8)
[2020-12-24T00:31:24.229-0400][gc,heap        ] GC(378750) Survivor regions: 1->1(2)
[2020-12-24T00:31:24.229-0400][gc,heap        ] GC(378750) Old regions: 48->48
[2020-12-24T00:31:24.229-0400][gc,heap        ] GC(378750) Humongous regions: 4->4
[2020-12-24T00:31:24.229-0400][gc,metaspace   ] GC(378750) Metaspace: 61008K->61008K(1107968K)
[2020-12-24T00:31:24.229-0400][gc,heap        ] GC(378750) Heap after GC invocations=378727 (full 10974): garbage-first heap   total 71680K, used 49367K [0x0000000083000000, 0x0000000100000000)
[2020-12-24T00:31:24.229-0400][gc,heap        ] GC(378750)   region size 1024K, 1 young (1024K), 1 survivors (1024K)
[2020-12-24T00:31:24.229-0400][gc,heap        ] GC(378750)  Metaspace       used 61008K, capacity 63721K, committed 64768K, reserved 1107968K
