[2020-09-08T09:35:42.611-0300][gc,heap] Heap region size: 1M
[2020-09-08T09:35:42.611-0300][gc,heap] Minimum heap 33554432  Initial heap 33554432  Maximum heap 2097152000
[2020-09-08T09:35:42.616-0300][gc     ] Using G1
[2020-09-08T09:35:42.616-0300][gc,heap,coops] Heap address: 0x0000000083000000, size: 2000 MB, Compressed Oops mode: 32-bit
[2020-09-08T09:35:42.618-0300][gc,cds       ] Mark closed archive regions in map: [0x00000000fff00000, 0x00000000fff69ff8]
[2020-09-08T09:35:42.618-0300][gc,cds       ] Mark open archive regions in map: [0x00000000ffe00000, 0x00000000ffe46ff8]
[2020-09-08T09:35:45.067-0300][gc,heap      ] GC(0) Heap before GC invocations=0 (full 0): garbage-first heap   total 34816K, used 16068K [0x0000000083000000, 0x0000000100000000)
[2020-09-08T09:35:45.068-0300][gc,heap      ] GC(0)   region size 1024K, 14 young (14336K), 0 survivors (0K)
[2020-09-08T09:35:45.068-0300][gc,heap      ] GC(0)  Metaspace       used 4475K, capacity 5373K, committed 5504K, reserved 1056768K
[2020-09-08T09:35:45.068-0300][gc,heap      ] GC(0)   class space    used 511K, capacity 610K, committed 640K, reserved 1048576K
[2020-09-08T09:35:45.068-0300][gc,start     ] GC(0) Pause Young (Normal) (G1 Evacuation Pause)
[2020-09-08T09:35:45.068-0300][gc,task      ] GC(0) Using 2 workers of 4 for evacuation
[2020-09-08T09:35:45.115-0300][gc,phases    ] GC(0)   Pre Evacuate Collection Set: 0.0ms
[2020-09-08T09:35:45.115-0300][gc,phases    ] GC(0)   Evacuate Collection Set: 45.1ms
[2020-09-08T09:35:45.115-0300][gc,phases    ] GC(0)   Post Evacuate Collection Set: 1.1ms
[2020-09-08T09:35:45.115-0300][gc,phases    ] GC(0)   Other: 1.1ms
[2020-09-08T09:35:45.115-0300][gc,heap      ] GC(0) Eden regions: 14->0(11)
[2020-09-08T09:35:45.115-0300][gc,heap      ] GC(0) Survivor regions: 0->2(2)
[2020-09-08T09:35:45.115-0300][gc,heap      ] GC(0) Old regions: 2->4
[2020-09-08T09:35:45.115-0300][gc,heap      ] GC(0) Humongous regions: 1->1
[2020-09-08T09:35:45.115-0300][gc,metaspace ] GC(0) Metaspace: 4475K->4475K(1056768K)
[2020-09-08T09:35:45.115-0300][gc,heap      ] GC(0) Heap after GC invocations=1 (full 0): garbage-first heap   total 34816K, used 5212K [0x0000000083000000, 0x0000000100000000)
[2020-09-08T09:35:45.115-0300][gc,heap      ] GC(0)   region size 1024K, 2 young (2048K), 2 survivors (2048K)
[2020-09-08T09:35:45.115-0300][gc,heap      ] GC(0)  Metaspace       used 4475K, capacity 5373K, committed 5504K, reserved 1056768K
[2020-09-08T09:35:45.115-0300][gc,heap      ] GC(0)   class space    used 511K, capacity 610K, committed 640K, reserved 1048576K
[2020-09-08T09:35:45.115-0300][gc           ] GC(0) Pause Young (Normal) (G1 Evacuation Pause) 15M->5M(34M) 47.726ms
[2020-09-08T09:35:45.116-0300][gc,cpu       ] GC(0) User=0.11s Sys=0.01s Real=0.05s
[2020-09-08T09:35:45.963-0300][gc,heap      ] GC(1) Heap before GC invocations=1 (full 0): garbage-first heap   total 34816K, used 11356K [0x0000000083000000, 0x0000000100000000)
[2020-09-08T09:35:45.963-0300][gc,heap      ] GC(1)   region size 1024K, 8 young (8192K), 2 survivors (2048K)
[2020-09-08T09:35:45.963-0300][gc,heap      ] GC(1)  Metaspace       used 5600K, capacity 6116K, committed 6400K, reserved 1056768K
[2020-09-08T09:35:45.963-0300][gc,heap      ] GC(1)   class space    used 617K, capacity 734K, committed 768K, reserved 1048576K
[2020-09-08T09:35:45.963-0300][gc,start     ] GC(1) Pause Young (Normal) (G1 Evacuation Pause)
[2020-09-08T09:35:45.964-0300][gc,task      ] GC(1) Using 2 workers of 4 for evacuation
[2020-09-08T09:35:45.996-0300][gc,phases    ] GC(1)   Pre Evacuate Collection Set: 0.0ms
[2020-09-08T09:35:45.996-0300][gc,phases    ] GC(1)   Evacuate Collection Set: 30.9ms
[2020-09-08T09:35:45.996-0300][gc,phases    ] GC(1)   Post Evacuate Collection Set: 1.1ms
[2020-09-08T09:35:45.996-0300][gc,phases    ] GC(1)   Other: 0.8ms
[2020-09-08T09:35:45.996-0300][gc,heap      ] GC(1) Eden regions: 6->0(10)
[2020-09-08T09:35:45.996-0300][gc,heap      ] GC(1) Survivor regions: 2->1(1)
[2020-09-08T09:35:45.996-0300][gc,heap      ] GC(1) Old regions: 4->6
[2020-09-08T09:35:45.996-0300][gc,heap      ] GC(1) Humongous regions: 1->1
[2020-09-08T09:35:45.996-0300][gc,metaspace ] GC(1) Metaspace: 5600K->5600K(1056768K)
[2020-09-08T09:35:45.997-0300][gc,heap      ] GC(1) Heap after GC invocations=2 (full 0): garbage-first heap   total 34816K, used 5562K [0x0000000083000000, 0x0000000100000000)
[2020-09-08T09:35:45.997-0300][gc,heap      ] GC(1)   region size 1024K, 1 young (1024K), 1 survivors (1024K)
[2020-09-08T09:35:45.997-0300][gc,heap      ] GC(1)  Metaspace       used 5600K, capacity 6116K, committed 6400K, reserved 1056768K
[2020-09-08T09:35:45.997-0300][gc,heap      ] GC(1)   class space    used 617K, capacity 734K, committed 768K, reserved 1048576K
[2020-09-08T09:35:45.997-0300][gc           ] GC(1) Pause Young (Normal) (G1 Evacuation Pause) 11M->5M(34M) 33.327ms
[2020-09-08T09:35:45.997-0300][gc,cpu       ] GC(1) User=0.10s Sys=0.01s Real=0.03s
[2020-09-08T09:35:47.076-0300][gc,heap      ] GC(2) Heap before GC invocations=2 (full 0): garbage-first heap   total 34816K, used 15802K [0x0000000083000000, 0x0000000100000000)
[2020-09-08T09:35:47.076-0300][gc,heap      ] GC(2)   region size 1024K, 10 young (10240K), 1 survivors (1024K)
[2020-09-08T09:35:47.076-0300][gc,heap      ] GC(2)  Metaspace       used 6305K, capacity 6676K, committed 6784K, reserved 1056768K
[2020-09-08T09:35:47.076-0300][gc,heap      ] GC(2)   class space    used 700K, capacity 830K, committed 896K, reserved 1048576K
[2020-09-08T09:35:47.076-0300][gc,start     ] GC(2) Pause Young (Concurrent Start) (G1 Humongous Allocation)
[2020-09-08T09:35:47.077-0300][gc,task      ] GC(2) Using 4 workers of 4 for evacuation
[2020-09-08T09:35:47.088-0300][gc,phases    ] GC(2)   Pre Evacuate Collection Set: 0.1ms
[2020-09-08T09:35:47.088-0300][gc,phases    ] GC(2)   Evacuate Collection Set: 8.8ms
[2020-09-08T09:35:47.088-0300][gc,phases    ] GC(2)   Post Evacuate Collection Set: 1.7ms
[2020-09-08T09:35:47.088-0300][gc,phases    ] GC(2)   Other: 1.9ms
[2020-09-08T09:35:47.088-0300][gc,heap      ] GC(2) Eden regions: 9->0(10)
[2020-09-08T09:35:47.088-0300][gc,heap      ] GC(2) Survivor regions: 1->1(2)
[2020-09-08T09:35:47.089-0300][gc,heap      ] GC(2) Old regions: 6->6
[2020-09-08T09:35:47.089-0300][gc,heap      ] GC(2) Humongous regions: 4->4
[2020-09-08T09:35:47.089-0300][gc,metaspace ] GC(2) Metaspace: 6305K->6305K(1056768K)
[2020-09-08T09:35:47.089-0300][gc,heap      ] GC(2) Heap after GC invocations=3 (full 0): garbage-first heap   total 34816K, used 9257K [0x0000000083000000, 0x0000000100000000)
[2020-09-08T09:35:47.089-0300][gc,heap      ] GC(2)   region size 1024K, 1 young (1024K), 1 survivors (1024K)
[2020-09-08T09:35:47.089-0300][gc,heap      ] GC(2)  Metaspace       used 6305K, capacity 6676K, committed 6784K, reserved 1056768K
[2020-09-08T09:35:47.089-0300][gc,heap      ] GC(2)   class space    used 700K, capacity 830K, committed 896K, reserved 1048576K
[2020-09-08T09:35:47.089-0300][gc           ] GC(2) Pause Young (Concurrent Start) (G1 Humongous Allocation) 17M->9M(34M) 13.145ms
[2020-09-08T09:35:47.089-0300][gc,cpu       ] GC(2) User=0.04s Sys=0.01s Real=0.01s
[2020-09-08T09:35:47.091-0300][gc           ] GC(3) Concurrent Cycle
[2020-09-08T09:35:47.092-0300][gc,marking   ] GC(3) Concurrent Clear Claimed Marks
[2020-09-08T09:35:47.092-0300][gc,marking   ] GC(3) Concurrent Clear Claimed Marks 0.186ms
[2020-09-08T09:35:47.092-0300][gc,marking   ] GC(3) Concurrent Scan Root Regions
[2020-09-08T09:35:47.097-0300][gc,marking   ] GC(3) Concurrent Scan Root Regions 4.972ms
[2020-09-08T09:35:47.097-0300][gc,marking   ] GC(3) Concurrent Mark (4.571s)
[2020-09-08T09:35:47.097-0300][gc,marking   ] GC(3) Concurrent Mark From Roots
[2020-09-08T09:35:47.097-0300][gc,task      ] GC(3) Using 1 workers of 1 for marking
[2020-09-08T09:35:47.130-0300][gc,marking   ] GC(3) Concurrent Mark From Roots 32.590ms
[2020-09-08T09:35:47.130-0300][gc,marking   ] GC(3) Concurrent Preclean
[2020-09-08T09:35:47.130-0300][gc,marking   ] GC(3) Concurrent Preclean 0.359ms
[2020-09-08T09:35:47.130-0300][gc,marking   ] GC(3) Concurrent Mark (4.571s, 4.604s) 33.289ms
[2020-09-08T09:35:47.138-0300][gc,start     ] GC(3) Pause Remark
[2020-09-08T09:35:47.146-0300][gc,stringtable] GC(3) Cleaned string and symbol table, strings: 1998 processed, 29 removed, symbols: 15571 processed, 20 removed
[2020-09-08T09:35:47.147-0300][gc            ] GC(3) Pause Remark 11M->11M(34M) 8.918ms
[2020-09-08T09:35:47.147-0300][gc,cpu        ] GC(3) User=0.03s Sys=0.00s Real=0.01s
[2020-09-08T09:35:47.150-0300][gc,marking    ] GC(3) Concurrent Rebuild Remembered Sets
[2020-09-08T09:35:47.164-0300][gc,marking    ] GC(3) Concurrent Rebuild Remembered Sets 14.439ms
[2020-09-08T09:35:47.165-0300][gc,start      ] GC(3) Pause Cleanup
[2020-09-08T09:35:47.166-0300][gc            ] GC(3) Pause Cleanup 12M->12M(34M) 0.482ms
[2020-09-08T09:35:47.166-0300][gc,cpu        ] GC(3) User=0.00s Sys=0.00s Real=0.00s
[2020-09-08T09:35:47.167-0300][gc,marking    ] GC(3) Concurrent Cleanup for Next Mark
[2020-09-08T09:35:47.177-0300][gc,marking    ] GC(3) Concurrent Cleanup for Next Mark 10.341ms
[2020-09-08T09:35:47.178-0300][gc            ] GC(3) Concurrent Cycle 86.097ms
[2020-09-08T09:35:48.171-0300][gc,heap       ] GC(4) Heap before GC invocations=4 (full 0): garbage-first heap   total 34816K, used 19497K [0x0000000083000000, 0x0000000100000000)
[2020-09-08T09:35:48.171-0300][gc,heap       ] GC(4)   region size 1024K, 11 young (11264K), 1 survivors (1024K)
[2020-09-08T09:35:48.171-0300][gc,heap       ] GC(4)  Metaspace       used 6707K, capacity 7140K, committed 7296K, reserved 1056768K
[2020-09-08T09:35:48.171-0300][gc,heap       ] GC(4)   class space    used 727K, capacity 889K, committed 896K, reserved 1048576K
[2020-09-08T09:35:48.171-0300][gc,start      ] GC(4) Pause Young (Normal) (G1 Evacuation Pause)
[2020-09-08T09:35:48.172-0300][gc,task       ] GC(4) Using 4 workers of 4 for evacuation
[2020-09-08T09:35:48.183-0300][gc,phases     ] GC(4)   Pre Evacuate Collection Set: 0.1ms
[2020-09-08T09:35:48.183-0300][gc,phases     ] GC(4)   Evacuate Collection Set: 10.1ms
[2020-09-08T09:35:48.184-0300][gc,phases     ] GC(4)   Post Evacuate Collection Set: 1.3ms
[2020-09-08T09:35:48.184-0300][gc,phases     ] GC(4)   Other: 0.8ms
[2020-09-08T09:35:48.184-0300][gc,heap       ] GC(4) Eden regions: 10->0(10)
[2020-09-08T09:35:48.184-0300][gc,heap       ] GC(4) Survivor regions: 1->2(2)
[2020-09-08T09:35:48.184-0300][gc,heap       ] GC(4) Old regions: 6->6
[2020-09-08T09:35:48.184-0300][gc,heap       ] GC(4) Humongous regions: 5->4
[2020-09-08T09:35:48.184-0300][gc,metaspace  ] GC(4) Metaspace: 6707K->6707K(1056768K)
[2020-09-08T09:35:48.184-0300][gc,heap       ] GC(4) Heap after GC invocations=5 (full 0): garbage-first heap   total 34816K, used 9499K [0x0000000083000000, 0x0000000100000000)
[2020-09-08T09:35:48.184-0300][gc,heap       ] GC(4)   region size 1024K, 2 young (2048K), 2 survivors (2048K)
[2020-09-08T09:35:48.184-0300][gc,heap       ] GC(4)  Metaspace       used 6707K, capacity 7140K, committed 7296K, reserved 1056768K
[2020-09-08T09:35:48.184-0300][gc,heap       ] GC(4)   class space    used 727K, capacity 889K, committed 896K, reserved 1048576K
[2020-09-08T09:35:48.184-0300][gc            ] GC(4) Pause Young (Normal) (G1 Evacuation Pause) 20M->9M(34M) 12.831ms
[2020-09-08T09:35:48.184-0300][gc,cpu        ] GC(4) User=0.04s Sys=0.00s Real=0.01s
[2020-09-08T09:35:49.482-0300][gc,heap       ] GC(5) Heap before GC invocations=5 (full 0): garbage-first heap   total 34816K, used 19739K [0x0000000083000000, 0x0000000100000000)
[2020-09-08T09:35:49.482-0300][gc,heap       ] GC(5)   region size 1024K, 12 young (12288K), 2 survivors (2048K)
[2020-09-08T09:35:49.482-0300][gc,heap       ] GC(5)  Metaspace       used 8362K, capacity 8923K, committed 9088K, reserved 1056768K
[2020-09-08T09:35:49.482-0300][gc,heap       ] GC(5)   class space    used 924K, capacity 1148K, committed 1152K, reserved 1048576K
[2020-09-08T09:35:49.482-0300][gc,start      ] GC(5) Pause Young (Concurrent Start) (G1 Evacuation Pause)
[2020-09-08T09:35:49.483-0300][gc,task       ] GC(5) Using 4 workers of 4 for evacuation
[2020-09-08T09:35:49.501-0300][gc,phases     ] GC(5)   Pre Evacuate Collection Set: 0.2ms
[2020-09-08T09:35:49.501-0300][gc,phases     ] GC(5)   Evacuate Collection Set: 16.7ms
[2020-09-08T09:35:49.501-0300][gc,phases     ] GC(5)   Post Evacuate Collection Set: 1.3ms
[2020-09-08T09:35:49.501-0300][gc,phases     ] GC(5)   Other: 0.8ms
[2020-09-08T09:35:49.501-0300][gc,heap       ] GC(5) Eden regions: 10->0(11)
[2020-09-08T09:35:49.501-0300][gc,heap       ] GC(5) Survivor regions: 2->2(2)
[2020-09-08T09:35:49.501-0300][gc,heap       ] GC(5) Old regions: 6->6
[2020-09-08T09:35:49.502-0300][gc,heap       ] GC(5) Humongous regions: 4->4
[2020-09-08T09:35:49.502-0300][gc,metaspace  ] GC(5) Metaspace: 8362K->8362K(1056768K)
[2020-09-08T09:35:49.502-0300][gc,heap       ] GC(5) Heap after GC invocations=6 (full 0): garbage-first heap   total 34816K, used 10133K [0x0000000083000000, 0x0000000100000000)
[2020-09-08T09:35:49.502-0300][gc,heap       ] GC(5)   region size 1024K, 2 young (2048K), 2 survivors (2048K)
[2020-09-08T09:35:49.502-0300][gc,heap       ] GC(5)  Metaspace       used 8362K, capacity 8923K, committed 9088K, reserved 1056768K
[2020-09-08T09:35:49.502-0300][gc,heap       ] GC(5)   class space    used 924K, capacity 1148K, committed 1152K, reserved 1048576K
[2020-09-08T09:35:49.502-0300][gc            ] GC(5) Pause Young (Concurrent Start) (G1 Evacuation Pause) 19M->9M(34M) 19.472ms
[2020-09-08T09:35:49.502-0300][gc,cpu        ] GC(5) User=0.06s Sys=0.00s Real=0.02s
[2020-09-08T09:35:49.502-0300][gc            ] GC(6) Concurrent Cycle
[2020-09-08T09:35:49.502-0300][gc,marking    ] GC(6) Concurrent Clear Claimed Marks
[2020-09-08T09:35:49.503-0300][gc,marking    ] GC(6) Concurrent Clear Claimed Marks 0.160ms
[2020-09-08T09:35:49.503-0300][gc,marking    ] GC(6) Concurrent Scan Root Regions
[2020-09-08T09:35:49.514-0300][gc,marking    ] GC(6) Concurrent Scan Root Regions 11.365ms
[2020-09-08T09:35:49.514-0300][gc,marking    ] GC(6) Concurrent Mark (6.988s)
[2020-09-08T09:35:49.514-0300][gc,marking    ] GC(6) Concurrent Mark From Roots
[2020-09-08T09:35:49.514-0300][gc,task       ] GC(6) Using 1 workers of 1 for marking
[2020-09-08T09:35:49.549-0300][gc,marking    ] GC(6) Concurrent Mark From Roots 34.464ms
[2020-09-08T09:35:49.549-0300][gc,marking    ] GC(6) Concurrent Preclean
[2020-09-08T09:35:49.549-0300][gc,marking    ] GC(6) Concurrent Preclean 0.305ms
[2020-09-08T09:35:49.549-0300][gc,marking    ] GC(6) Concurrent Mark (6.988s, 7.023s) 35.088ms
[2020-09-08T09:35:49.550-0300][gc,start      ] GC(6) Pause Remark
[2020-09-08T09:35:49.559-0300][gc,stringtable] GC(6) Cleaned string and symbol table, strings: 2656 processed, 0 removed, symbols: 20407 processed, 22 removed
[2020-09-08T09:35:49.559-0300][gc            ] GC(6) Pause Remark 10M->10M(34M) 9.685ms
[2020-09-08T09:35:49.559-0300][gc,cpu        ] GC(6) User=0.04s Sys=0.00s Real=0.01s
[2020-09-08T09:35:49.561-0300][gc,marking    ] GC(6) Concurrent Rebuild Remembered Sets
[2020-09-08T09:35:49.575-0300][gc,marking    ] GC(6) Concurrent Rebuild Remembered Sets 14.520ms
[2020-09-08T09:35:49.576-0300][gc,start      ] GC(6) Pause Cleanup
[2020-09-08T09:35:49.576-0300][gc            ] GC(6) Pause Cleanup 10M->10M(34M) 0.405ms
[2020-09-08T09:35:49.576-0300][gc,cpu        ] GC(6) User=0.00s Sys=0.00s Real=0.00s
[2020-09-08T09:35:49.577-0300][gc,marking    ] GC(6) Concurrent Cleanup for Next Mark
[2020-09-08T09:35:49.579-0300][gc,marking    ] GC(6) Concurrent Cleanup for Next Mark 1.757ms
[2020-09-08T09:35:49.579-0300][gc            ] GC(6) Concurrent Cycle 76.983ms
[2020-09-08T09:35:50.423-0300][gc,heap       ] GC(7) Heap before GC invocations=7 (full 0): garbage-first heap   total 34816K, used 20373K [0x0000000083000000, 0x0000000100000000)
[2020-09-08T09:35:50.423-0300][gc,heap       ] GC(7)   region size 1024K, 13 young (13312K), 2 survivors (2048K)
[2020-09-08T09:35:50.423-0300][gc,heap       ] GC(7)  Metaspace       used 10340K, capacity 10950K, committed 11136K, reserved 1058816K
[2020-09-08T09:35:50.423-0300][gc,heap       ] GC(7)   class space    used 1121K, capacity 1338K, committed 1408K, reserved 1048576K
[2020-09-08T09:35:50.424-0300][gc,start      ] GC(7) Pause Young (Normal) (G1 Evacuation Pause)
[2020-09-08T09:35:50.424-0300][gc,task       ] GC(7) Using 4 workers of 4 for evacuation
[2020-09-08T09:35:50.443-0300][gc,phases     ] GC(7)   Pre Evacuate Collection Set: 0.1ms
[2020-09-08T09:35:50.443-0300][gc,phases     ] GC(7)   Evacuate Collection Set: 16.7ms
[2020-09-08T09:35:50.443-0300][gc,phases     ] GC(7)   Post Evacuate Collection Set: 1.8ms
[2020-09-08T09:35:50.443-0300][gc,phases     ] GC(7)   Other: 1.0ms
[2020-09-08T09:35:50.443-0300][gc,heap       ] GC(7) Eden regions: 11->0(14)
[2020-09-08T09:35:50.443-0300][gc,heap       ] GC(7) Survivor regions: 2->2(2)
[2020-09-08T09:35:50.443-0300][gc,heap       ] GC(7) Old regions: 6->7
[2020-09-08T09:35:50.443-0300][gc,heap       ] GC(7) Humongous regions: 4->4
[2020-09-08T09:35:50.443-0300][gc,metaspace  ] GC(7) Metaspace: 10340K->10340K(1058816K)
[2020-09-08T09:35:50.443-0300][gc,heap       ] GC(7) Heap after GC invocations=8 (full 0): garbage-first heap   total 41984K, used 11069K [0x0000000083000000, 0x0000000100000000)
[2020-09-08T09:35:50.443-0300][gc,heap       ] GC(7)   region size 1024K, 2 young (2048K), 2 survivors (2048K)
[2020-09-08T09:35:50.443-0300][gc,heap       ] GC(7)  Metaspace       used 10340K, capacity 10950K, committed 11136K, reserved 1058816K
[2020-09-08T09:35:50.444-0300][gc,heap       ] GC(7)   class space    used 1121K, capacity 1338K, committed 1408K, reserved 1048576K
[2020-09-08T09:35:50.444-0300][gc            ] GC(7) Pause Young (Normal) (G1 Evacuation Pause) 20M->10M(41M) 20.082ms
[2020-09-08T09:35:50.445-0300][gc,cpu        ] GC(7) User=0.05s Sys=0.01s Real=0.02s
[2020-09-08T09:35:51.160-0300][gc,heap       ] GC(8) Heap before GC invocations=8 (full 0): garbage-first heap   total 41984K, used 25405K [0x0000000083000000, 0x0000000100000000)
[2020-09-08T09:35:51.160-0300][gc,heap       ] GC(8)   region size 1024K, 16 young (16384K), 2 survivors (2048K)
[2020-09-08T09:35:51.160-0300][gc,heap       ] GC(8)  Metaspace       used 10696K, capacity 11353K, committed 11648K, reserved 1058816K
[2020-09-08T09:35:51.160-0300][gc,heap       ] GC(8)   class space    used 1157K, capacity 1389K, committed 1408K, reserved 1048576K
[2020-09-08T09:35:51.160-0300][gc,start      ] GC(8) Pause Young (Normal) (G1 Evacuation Pause)
[2020-09-08T09:35:51.160-0300][gc,task       ] GC(8) Using 4 workers of 4 for evacuation
[2020-09-08T09:35:51.176-0300][gc,phases     ] GC(8)   Pre Evacuate Collection Set: 0.0ms
[2020-09-08T09:35:51.176-0300][gc,phases     ] GC(8)   Evacuate Collection Set: 14.0ms
[2020-09-08T09:35:51.176-0300][gc,phases     ] GC(8)   Post Evacuate Collection Set: 1.0ms
[2020-09-08T09:35:51.176-0300][gc,phases     ] GC(8)   Other: 0.8ms
[2020-09-08T09:35:51.176-0300][gc,heap       ] GC(8) Eden regions: 14->0(14)
[2020-09-08T09:35:51.176-0300][gc,heap       ] GC(8) Survivor regions: 2->2(2)
[2020-09-08T09:35:51.176-0300][gc,heap       ] GC(8) Old regions: 7->8
[2020-09-08T09:35:51.176-0300][gc,heap       ] GC(8) Humongous regions: 4->4
[2020-09-08T09:35:51.176-0300][gc,metaspace  ] GC(8) Metaspace: 10696K->10696K(1058816K)
[2020-09-08T09:35:51.176-0300][gc,heap       ] GC(8) Heap after GC invocations=9 (full 0): garbage-first heap   total 41984K, used 12105K [0x0000000083000000, 0x0000000100000000)
[2020-09-08T09:35:51.176-0300][gc,heap       ] GC(8)   region size 1024K, 2 young (2048K), 2 survivors (2048K)
[2020-09-08T09:35:51.176-0300][gc,heap       ] GC(8)  Metaspace       used 10696K, capacity 11353K, committed 11648K, reserved 1058816K
[2020-09-08T09:35:51.176-0300][gc,heap       ] GC(8)   class space    used 1157K, capacity 1389K, committed 1408K, reserved 1048576K
[2020-09-08T09:35:51.176-0300][gc            ] GC(8) Pause Young (Normal) (G1 Evacuation Pause) 24M->11M(41M) 16.194ms
[2020-09-08T09:35:51.176-0300][gc,cpu        ] GC(8) User=0.04s Sys=0.00s Real=0.02s
[2020-09-08T09:35:52.315-0300][gc,heap       ] GC(9) Heap before GC invocations=9 (full 0): garbage-first heap   total 41984K, used 26441K [0x0000000083000000, 0x0000000100000000)
[2020-09-08T09:35:52.316-0300][gc,heap       ] GC(9)   region size 1024K, 16 young (16384K), 2 survivors (2048K)
[2020-09-08T09:35:52.316-0300][gc,heap       ] GC(9)  Metaspace       used 12723K, capacity 13480K, committed 13696K, reserved 1060864K
[2020-09-08T09:35:52.316-0300][gc,heap       ] GC(9)   class space    used 1364K, capacity 1644K, committed 1664K, reserved 1048576K
[2020-09-08T09:35:52.316-0300][gc,start      ] GC(9) Pause Young (Normal) (G1 Evacuation Pause)
[2020-09-08T09:35:52.316-0300][gc,task       ] GC(9) Using 4 workers of 4 for evacuation
[2020-09-08T09:35:52.337-0300][gc,phases     ] GC(9)   Pre Evacuate Collection Set: 0.0ms
[2020-09-08T09:35:52.337-0300][gc,phases     ] GC(9)   Evacuate Collection Set: 15.5ms
[2020-09-08T09:35:52.337-0300][gc,phases     ] GC(9)   Post Evacuate Collection Set: 5.2ms
[2020-09-08T09:35:52.337-0300][gc,phases     ] GC(9)   Other: 0.7ms
[2020-09-08T09:35:52.337-0300][gc,heap       ] GC(9) Eden regions: 14->0(14)
[2020-09-08T09:35:52.337-0300][gc,heap       ] GC(9) Survivor regions: 2->2(2)
[2020-09-08T09:35:52.337-0300][gc,heap       ] GC(9) Old regions: 8->8
[2020-09-08T09:35:52.337-0300][gc,heap       ] GC(9) Humongous regions: 4->4
[2020-09-08T09:35:52.337-0300][gc,metaspace  ] GC(9) Metaspace: 12723K->12723K(1060864K)
[2020-09-08T09:35:52.337-0300][gc,heap       ] GC(9) Heap after GC invocations=10 (full 0): garbage-first heap   total 41984K, used 12561K [0x0000000083000000, 0x0000000100000000)
[2020-09-08T09:35:52.337-0300][gc,heap       ] GC(9)   region size 1024K, 2 young (2048K), 2 survivors (2048K)
[2020-09-08T09:35:52.337-0300][gc,heap       ] GC(9)  Metaspace       used 12723K, capacity 13480K, committed 13696K, reserved 1060864K
[2020-09-08T09:35:52.337-0300][gc,heap       ] GC(9)   class space    used 1364K, capacity 1644K, committed 1664K, reserved 1048576K
[2020-09-08T09:35:52.338-0300][gc            ] GC(9) Pause Young (Normal) (G1 Evacuation Pause) 25M->12M(41M) 21.787ms
[2020-09-08T09:35:52.338-0300][gc,cpu        ] GC(9) User=0.07s Sys=0.01s Real=0.02s
[2020-09-08T09:35:53.123-0300][gc,heap       ] GC(10) Heap before GC invocations=10 (full 0): garbage-first heap   total 41984K, used 25873K [0x0000000083000000, 0x0000000100000000)
[2020-09-08T09:35:53.123-0300][gc,heap       ] GC(10)   region size 1024K, 16 young (16384K), 2 survivors (2048K)
[2020-09-08T09:35:53.123-0300][gc,heap       ] GC(10)  Metaspace       used 15694K, capacity 16401K, committed 16896K, reserved 1064960K
[2020-09-08T09:35:53.123-0300][gc,heap       ] GC(10)   class space    used 1676K, capacity 1935K, committed 2048K, reserved 1048576K
[2020-09-08T09:35:53.123-0300][gc,start      ] GC(10) Pause Young (Normal) (G1 Evacuation Pause)
[2020-09-08T09:35:53.123-0300][gc,task       ] GC(10) Using 4 workers of 4 for evacuation
[2020-09-08T09:35:53.142-0300][gc,phases     ] GC(10)   Pre Evacuate Collection Set: 0.0ms
[2020-09-08T09:35:53.142-0300][gc,phases     ] GC(10)   Evacuate Collection Set: 17.4ms
[2020-09-08T09:35:53.142-0300][gc,phases     ] GC(10)   Post Evacuate Collection Set: 1.1ms
[2020-09-08T09:35:53.142-0300][gc,phases     ] GC(10)   Other: 0.6ms
[2020-09-08T09:35:53.143-0300][gc,heap       ] GC(10) Eden regions: 14->0(14)
[2020-09-08T09:35:53.143-0300][gc,heap       ] GC(10) Survivor regions: 2->2(2)
[2020-09-08T09:35:53.143-0300][gc,heap       ] GC(10) Old regions: 8->9
[2020-09-08T09:35:53.143-0300][gc,heap       ] GC(10) Humongous regions: 4->4
[2020-09-08T09:35:53.143-0300][gc,metaspace  ] GC(10) Metaspace: 15694K->15694K(1064960K)
[2020-09-08T09:35:53.143-0300][gc,heap       ] GC(10) Heap after GC invocations=11 (full 0): garbage-first heap   total 41984K, used 13203K [0x0000000083000000, 0x0000000100000000)
[2020-09-08T09:35:53.143-0300][gc,heap       ] GC(10)   region size 1024K, 2 young (2048K), 2 survivors (2048K)
[2020-09-08T09:35:53.143-0300][gc,heap       ] GC(10)  Metaspace       used 15694K, capacity 16401K, committed 16896K, reserved 1064960K
[2020-09-08T09:35:53.143-0300][gc,heap       ] GC(10)   class space    used 1676K, capacity 1935K, committed 2048K, reserved 1048576K
[2020-09-08T09:35:53.143-0300][gc            ] GC(10) Pause Young (Normal) (G1 Evacuation Pause) 26M->12M(41M) 19.617ms
[2020-09-08T09:35:53.143-0300][gc,cpu        ] GC(10) User=0.04s Sys=0.01s Real=0.02s
[2020-09-08T09:35:54.071-0300][gc,heap       ] GC(11) Heap before GC invocations=11 (full 0): garbage-first heap   total 41984K, used 27539K [0x0000000083000000, 0x0000000100000000)
[2020-09-08T09:35:54.071-0300][gc,heap       ] GC(11)   region size 1024K, 16 young (16384K), 2 survivors (2048K)
[2020-09-08T09:35:54.071-0300][gc,heap       ] GC(11)  Metaspace       used 16515K, capacity 17420K, committed 17536K, reserved 1064960K
[2020-09-08T09:35:54.071-0300][gc,heap       ] GC(11)   class space    used 1811K, capacity 2158K, committed 2176K, reserved 1048576K
[2020-09-08T09:35:54.071-0300][gc,start      ] GC(11) Pause Young (Concurrent Start) (G1 Evacuation Pause)
[2020-09-08T09:35:54.071-0300][gc,task       ] GC(11) Using 4 workers of 4 for evacuation
[2020-09-08T09:35:54.102-0300][gc,phases     ] GC(11)   Pre Evacuate Collection Set: 0.2ms
[2020-09-08T09:35:54.102-0300][gc,phases     ] GC(11)   Evacuate Collection Set: 19.8ms
[2020-09-08T09:35:54.102-0300][gc,phases     ] GC(11)   Post Evacuate Collection Set: 9.7ms
[2020-09-08T09:35:54.102-0300][gc,phases     ] GC(11)   Other: 1.3ms
[2020-09-08T09:35:54.102-0300][gc,heap       ] GC(11) Eden regions: 14->0(19)
[2020-09-08T09:35:54.102-0300][gc,heap       ] GC(11) Survivor regions: 2->2(2)
[2020-09-08T09:35:54.102-0300][gc,heap       ] GC(11) Old regions: 9->10
[2020-09-08T09:35:54.102-0300][gc,heap       ] GC(11) Humongous regions: 4->4
[2020-09-08T09:35:54.102-0300][gc,metaspace  ] GC(11) Metaspace: 16515K->16515K(1064960K)
[2020-09-08T09:35:54.102-0300][gc,heap       ] GC(11) Heap after GC invocations=12 (full 0): garbage-first heap   total 51200K, used 13804K [0x0000000083000000, 0x0000000100000000)
[2020-09-08T09:35:54.102-0300][gc,heap       ] GC(11)   region size 1024K, 2 young (2048K), 2 survivors (2048K)
[2020-09-08T09:35:54.102-0300][gc,heap       ] GC(11)  Metaspace       used 16515K, capacity 17420K, committed 17536K, reserved 1064960K
[2020-09-08T09:35:54.102-0300][gc,heap       ] GC(11)   class space    used 1811K, capacity 2158K, committed 2176K, reserved 1048576K
[2020-09-08T09:35:54.103-0300][gc            ] GC(11) Pause Young (Concurrent Start) (G1 Evacuation Pause) 26M->13M(50M) 31.371ms
[2020-09-08T09:35:54.103-0300][gc,cpu        ] GC(11) User=0.09s Sys=0.01s Real=0.03s
[2020-09-08T09:35:54.103-0300][gc            ] GC(12) Concurrent Cycle
[2020-09-08T09:35:54.103-0300][gc,marking    ] GC(12) Concurrent Clear Claimed Marks
[2020-09-08T09:35:54.103-0300][gc,marking    ] GC(12) Concurrent Clear Claimed Marks 0.200ms
[2020-09-08T09:35:54.103-0300][gc,marking    ] GC(12) Concurrent Scan Root Regions
[2020-09-08T09:35:54.114-0300][gc,marking    ] GC(12) Concurrent Scan Root Regions 10.135ms
[2020-09-08T09:35:54.114-0300][gc,marking    ] GC(12) Concurrent Mark (11.587s)
[2020-09-08T09:35:54.114-0300][gc,marking    ] GC(12) Concurrent Mark From Roots
[2020-09-08T09:35:54.114-0300][gc,task       ] GC(12) Using 1 workers of 1 for marking
[2020-09-08T09:35:54.304-0300][gc,marking    ] GC(12) Concurrent Mark From Roots 189.925ms
[2020-09-08T09:35:54.304-0300][gc,marking    ] GC(12) Concurrent Preclean
[2020-09-08T09:35:54.304-0300][gc,marking    ] GC(12) Concurrent Preclean 0.399ms
[2020-09-08T09:35:54.304-0300][gc,marking    ] GC(12) Concurrent Mark (11.587s, 11.778s) 190.713ms
[2020-09-08T09:35:54.307-0300][gc,start      ] GC(12) Pause Remark
[2020-09-08T09:35:54.326-0300][gc,stringtable] GC(12) Cleaned string and symbol table, strings: 7215 processed, 5 removed, symbols: 45498 processed, 106 removed
[2020-09-08T09:35:54.328-0300][gc            ] GC(12) Pause Remark 14M->14M(50M) 21.170ms
[2020-09-08T09:35:54.328-0300][gc,cpu        ] GC(12) User=0.06s Sys=0.00s Real=0.02s
[2020-09-08T09:35:54.329-0300][gc,marking    ] GC(12) Concurrent Rebuild Remembered Sets
[2020-09-08T09:35:54.426-0300][gc,marking    ] GC(12) Concurrent Rebuild Remembered Sets 97.657ms
[2020-09-08T09:35:54.429-0300][gc,start      ] GC(12) Pause Cleanup
[2020-09-08T09:35:54.430-0300][gc            ] GC(12) Pause Cleanup 14M->14M(50M) 0.543ms
[2020-09-08T09:35:54.430-0300][gc,cpu        ] GC(12) User=0.00s Sys=0.00s Real=0.00s
[2020-09-08T09:35:54.431-0300][gc,marking    ] GC(12) Concurrent Cleanup for Next Mark
[2020-09-08T09:35:54.432-0300][gc,marking    ] GC(12) Concurrent Cleanup for Next Mark 1.602ms
[2020-09-08T09:35:54.433-0300][gc            ] GC(12) Concurrent Cycle 329.588ms
[2020-09-08T09:35:55.482-0300][gc,heap       ] GC(13) Heap before GC invocations=13 (full 0): garbage-first heap   total 51200K, used 32236K [0x0000000083000000, 0x0000000100000000)
[2020-09-08T09:35:55.482-0300][gc,heap       ] GC(13)   region size 1024K, 21 young (21504K), 2 survivors (2048K)
[2020-09-08T09:35:55.482-0300][gc,heap       ] GC(13)  Metaspace       used 17682K, capacity 18658K, committed 18816K, reserved 1064960K
[2020-09-08T09:35:55.482-0300][gc,heap       ] GC(13)   class space    used 1914K, capacity 2317K, committed 2432K, reserved 1048576K
[2020-09-08T09:35:55.482-0300][gc,start      ] GC(13) Pause Young (Normal) (G1 Evacuation Pause)
[2020-09-08T09:35:55.482-0300][gc,task       ] GC(13) Using 4 workers of 4 for evacuation
[2020-09-08T09:35:55.500-0300][gc,phases     ] GC(13)   Pre Evacuate Collection Set: 0.0ms
[2020-09-08T09:35:55.500-0300][gc,phases     ] GC(13)   Evacuate Collection Set: 15.8ms
[2020-09-08T09:35:55.500-0300][gc,phases     ] GC(13)   Post Evacuate Collection Set: 1.3ms
[2020-09-08T09:35:55.500-0300][gc,phases     ] GC(13)   Other: 0.7ms
[2020-09-08T09:35:55.500-0300][gc,heap       ] GC(13) Eden regions: 19->0(20)
[2020-09-08T09:35:55.500-0300][gc,heap       ] GC(13) Survivor regions: 2->3(3)
[2020-09-08T09:35:55.500-0300][gc,heap       ] GC(13) Old regions: 10->10
[2020-09-08T09:35:55.500-0300][gc,heap       ] GC(13) Humongous regions: 4->4
[2020-09-08T09:35:55.500-0300][gc,metaspace  ] GC(13) Metaspace: 17682K->17682K(1064960K)
[2020-09-08T09:35:55.500-0300][gc,heap       ] GC(13) Heap after GC invocations=14 (full 0): garbage-first heap   total 51200K, used 14571K [0x0000000083000000, 0x0000000100000000)
[2020-09-08T09:35:55.500-0300][gc,heap       ] GC(13)   region size 1024K, 3 young (3072K), 3 survivors (3072K)
[2020-09-08T09:35:55.500-0300][gc,heap       ] GC(13)  Metaspace       used 17682K, capacity 18658K, committed 18816K, reserved 1064960K
[2020-09-08T09:35:55.500-0300][gc,heap       ] GC(13)   class space    used 1914K, capacity 2317K, committed 2432K, reserved 1048576K
[2020-09-08T09:35:55.500-0300][gc            ] GC(13) Pause Young (Normal) (G1 Evacuation Pause) 32M->14M(50M) 18.270ms
[2020-09-08T09:35:55.501-0300][gc,cpu        ] GC(13) User=0.07s Sys=0.00s Real=0.01s
[2020-09-08T09:35:56.406-0300][gc,heap       ] GC(14) Heap before GC invocations=14 (full 0): garbage-first heap   total 51200K, used 35051K [0x0000000083000000, 0x0000000100000000)
[2020-09-08T09:35:56.406-0300][gc,heap       ] GC(14)   region size 1024K, 23 young (23552K), 3 survivors (3072K)
[2020-09-08T09:35:56.406-0300][gc,heap       ] GC(14)  Metaspace       used 18720K, capacity 19924K, committed 20224K, reserved 1067008K
[2020-09-08T09:35:56.406-0300][gc,heap       ] GC(14)   class space    used 2034K, capacity 2516K, committed 2560K, reserved 1048576K
[2020-09-08T09:35:56.406-0300][gc,start      ] GC(14) Pause Young (Normal) (G1 Evacuation Pause)
[2020-09-08T09:35:56.406-0300][gc,task       ] GC(14) Using 4 workers of 4 for evacuation
[2020-09-08T09:35:56.428-0300][gc,phases     ] GC(14)   Pre Evacuate Collection Set: 0.1ms
[2020-09-08T09:35:56.428-0300][gc,phases     ] GC(14)   Evacuate Collection Set: 20.3ms
[2020-09-08T09:35:56.429-0300][gc,phases     ] GC(14)   Post Evacuate Collection Set: 1.0ms
[2020-09-08T09:35:56.429-0300][gc,phases     ] GC(14)   Other: 0.9ms
[2020-09-08T09:35:56.429-0300][gc,heap       ] GC(14) Eden regions: 20->0(19)
[2020-09-08T09:35:56.429-0300][gc,heap       ] GC(14) Survivor regions: 3->3(3)
[2020-09-08T09:35:56.429-0300][gc,heap       ] GC(14) Old regions: 10->11
[2020-09-08T09:35:56.429-0300][gc,heap       ] GC(14) Humongous regions: 5->5
[2020-09-08T09:35:56.429-0300][gc,metaspace  ] GC(14) Metaspace: 18720K->18720K(1067008K)
[2020-09-08T09:35:56.429-0300][gc,heap       ] GC(14) Heap after GC invocations=15 (full 0): garbage-first heap   total 51200K, used 17749K [0x0000000083000000, 0x0000000100000000)
[2020-09-08T09:35:56.429-0300][gc,heap       ] GC(14)   region size 1024K, 3 young (3072K), 3 survivors (3072K)
[2020-09-08T09:35:56.429-0300][gc,heap       ] GC(14)  Metaspace       used 18720K, capacity 19924K, committed 20224K, reserved 1067008K
[2020-09-08T09:35:56.429-0300][gc,heap       ] GC(14)   class space    used 2034K, capacity 2516K, committed 2560K, reserved 1048576K
[2020-09-08T09:35:56.429-0300][gc            ] GC(14) Pause Young (Normal) (G1 Evacuation Pause) 35M->17M(50M) 22.834ms
[2020-09-08T09:35:56.429-0300][gc,cpu        ] GC(14) User=0.07s Sys=0.01s Real=0.02s
[2020-09-08T09:35:56.544-0300][gc,heap       ] GC(15) Heap before GC invocations=15 (full 0): garbage-first heap   total 51200K, used 21845K [0x0000000083000000, 0x0000000100000000)
[2020-09-08T09:35:56.544-0300][gc,heap       ] GC(15)   region size 1024K, 9 young (9216K), 3 survivors (3072K)
[2020-09-08T09:35:56.544-0300][gc,heap       ] GC(15)  Metaspace       used 18947K, capacity 20084K, committed 20224K, reserved 1067008K
[2020-09-08T09:35:56.544-0300][gc,heap       ] GC(15)   class space    used 2050K, capacity 2548K, committed 2560K, reserved 1048576K
[2020-09-08T09:35:56.545-0300][gc,start      ] GC(15) Pause Young (Concurrent Start) (G1 Humongous Allocation)
[2020-09-08T09:35:56.545-0300][gc,task       ] GC(15) Using 4 workers of 4 for evacuation
[2020-09-08T09:35:56.565-0300][gc,phases     ] GC(15)   Pre Evacuate Collection Set: 0.2ms
[2020-09-08T09:35:56.565-0300][gc,phases     ] GC(15)   Evacuate Collection Set: 18.0ms
[2020-09-08T09:35:56.565-0300][gc,phases     ] GC(15)   Post Evacuate Collection Set: 1.0ms
[2020-09-08T09:35:56.565-0300][gc,phases     ] GC(15)   Other: 1.1ms
[2020-09-08T09:35:56.565-0300][gc,heap       ] GC(15) Eden regions: 6->0(18)
[2020-09-08T09:35:56.565-0300][gc,heap       ] GC(15) Survivor regions: 3->1(3)
[2020-09-08T09:35:56.565-0300][gc,heap       ] GC(15) Old regions: 11->14
[2020-09-08T09:35:56.565-0300][gc,heap       ] GC(15) Humongous regions: 5->5
[2020-09-08T09:35:56.565-0300][gc,metaspace  ] GC(15) Metaspace: 18947K->18947K(1067008K)
[2020-09-08T09:35:56.565-0300][gc,heap       ] GC(15) Heap after GC invocations=16 (full 0): garbage-first heap   total 51200K, used 18706K [0x0000000083000000, 0x0000000100000000)
[2020-09-08T09:35:56.565-0300][gc,heap       ] GC(15)   region size 1024K, 1 young (1024K), 1 survivors (1024K)
[2020-09-08T09:35:56.565-0300][gc,heap       ] GC(15)  Metaspace       used 18947K, capacity 20084K, committed 20224K, reserved 1067008K
[2020-09-08T09:35:56.566-0300][gc,heap       ] GC(15)   class space    used 2050K, capacity 2548K, committed 2560K, reserved 1048576K
[2020-09-08T09:35:56.566-0300][gc            ] GC(15) Pause Young (Concurrent Start) (G1 Humongous Allocation) 22M->18M(50M) 21.116ms
[2020-09-08T09:35:56.566-0300][gc,cpu        ] GC(15) User=0.06s Sys=0.01s Real=0.02s
[2020-09-08T09:35:56.566-0300][gc            ] GC(16) Concurrent Cycle
[2020-09-08T09:35:56.566-0300][gc,marking    ] GC(16) Concurrent Clear Claimed Marks
[2020-09-08T09:35:56.567-0300][gc,marking    ] GC(16) Concurrent Clear Claimed Marks 0.340ms
[2020-09-08T09:35:56.567-0300][gc,marking    ] GC(16) Concurrent Scan Root Regions
[2020-09-08T09:35:56.572-0300][gc,marking    ] GC(16) Concurrent Scan Root Regions 4.712ms
[2020-09-08T09:35:56.572-0300][gc,marking    ] GC(16) Concurrent Mark (14.045s)
[2020-09-08T09:35:56.572-0300][gc,marking    ] GC(16) Concurrent Mark From Roots
[2020-09-08T09:35:56.572-0300][gc,task       ] GC(16) Using 1 workers of 1 for marking
[2020-09-08T09:35:56.927-0300][gc,marking    ] GC(16) Concurrent Mark From Roots 355.132ms
[2020-09-08T09:35:56.927-0300][gc,marking    ] GC(16) Concurrent Preclean
[2020-09-08T09:35:56.928-0300][gc,marking    ] GC(16) Concurrent Preclean 0.695ms
[2020-09-08T09:35:56.928-0300][gc,marking    ] GC(16) Concurrent Mark (14.045s, 14.402s) 356.360ms
[2020-09-08T09:35:56.942-0300][gc,start      ] GC(16) Pause Remark
[2020-09-08T09:35:56.993-0300][gc,stringtable] GC(16) Cleaned string and symbol table, strings: 8197 processed, 2 removed, symbols: 51945 processed, 35 removed
[2020-09-08T09:35:56.994-0300][gc            ] GC(16) Pause Remark 33M->33M(50M) 52.363ms
[2020-09-08T09:35:56.994-0300][gc,cpu        ] GC(16) User=0.07s Sys=0.01s Real=0.05s
[2020-09-08T09:35:56.996-0300][gc,marking    ] GC(16) Concurrent Rebuild Remembered Sets
[2020-09-08T09:35:57.229-0300][gc,marking    ] GC(16) Concurrent Rebuild Remembered Sets 233.922ms
[2020-09-08T09:35:57.237-0300][gc,start      ] GC(16) Pause Cleanup
[2020-09-08T09:35:57.238-0300][gc            ] GC(16) Pause Cleanup 43M->43M(50M) 0.618ms
[2020-09-08T09:35:57.238-0300][gc,cpu        ] GC(16) User=0.00s Sys=0.00s Real=0.00s
[2020-09-08T09:35:57.240-0300][gc,marking    ] GC(16) Concurrent Cleanup for Next Mark
[2020-09-08T09:35:57.246-0300][gc,marking    ] GC(16) Concurrent Cleanup for Next Mark 6.468ms
[2020-09-08T09:35:57.246-0300][gc            ] GC(16) Concurrent Cycle 680.110ms
[2020-09-08T09:35:57.407-0300][gc,heap       ] GC(17) Heap before GC invocations=17 (full 0): garbage-first heap   total 51200K, used 48402K [0x0000000083000000, 0x0000000100000000)
[2020-09-08T09:35:57.407-0300][gc,heap       ] GC(17)   region size 1024K, 19 young (19456K), 1 survivors (1024K)
[2020-09-08T09:35:57.408-0300][gc,heap       ] GC(17)  Metaspace       used 19082K, capacity 20282K, committed 20480K, reserved 1067008K
[2020-09-08T09:35:57.408-0300][gc,heap       ] GC(17)   class space    used 2059K, capacity 2549K, committed 2560K, reserved 1048576K
[2020-09-08T09:35:57.408-0300][gc,start      ] GC(17) Pause Young (Normal) (G1 Evacuation Pause)
[2020-09-08T09:35:57.408-0300][gc,task       ] GC(17) Using 4 workers of 4 for evacuation
[2020-09-08T09:35:57.467-0300][gc,phases     ] GC(17)   Pre Evacuate Collection Set: 0.1ms
[2020-09-08T09:35:57.467-0300][gc,phases     ] GC(17)   Evacuate Collection Set: 48.4ms
[2020-09-08T09:35:57.467-0300][gc,phases     ] GC(17)   Post Evacuate Collection Set: 9.8ms
[2020-09-08T09:35:57.467-0300][gc,phases     ] GC(17)   Other: 1.1ms
[2020-09-08T09:35:57.467-0300][gc,heap       ] GC(17) Eden regions: 18->0(21)
[2020-09-08T09:35:57.467-0300][gc,heap       ] GC(17) Survivor regions: 1->3(3)
[2020-09-08T09:35:57.467-0300][gc,heap       ] GC(17) Old regions: 14->15
[2020-09-08T09:35:57.467-0300][gc,heap       ] GC(17) Humongous regions: 17->10
[2020-09-08T09:35:57.467-0300][gc,metaspace  ] GC(17) Metaspace: 19082K->19082K(1067008K)
[2020-09-08T09:35:57.467-0300][gc,heap       ] GC(17) Heap after GC invocations=18 (full 0): garbage-first heap   total 66560K, used 27031K [0x0000000083000000, 0x0000000100000000)
[2020-09-08T09:35:57.467-0300][gc,heap       ] GC(17)   region size 1024K, 3 young (3072K), 3 survivors (3072K)
[2020-09-08T09:35:57.467-0300][gc,heap       ] GC(17)  Metaspace       used 19082K, capacity 20282K, committed 20480K, reserved 1067008K
[2020-09-08T09:35:57.468-0300][gc,heap       ] GC(17)   class space    used 2059K, capacity 2549K, committed 2560K, reserved 1048576K
[2020-09-08T09:35:57.468-0300][gc            ] GC(17) Pause Young (Normal) (G1 Evacuation Pause) 48M->26M(65M) 59.841ms
[2020-09-08T09:35:57.469-0300][gc,cpu        ] GC(17) User=0.14s Sys=0.03s Real=0.06s
[2020-09-08T09:35:57.919-0300][gc,heap       ] GC(18) Heap before GC invocations=18 (full 0): garbage-first heap   total 66560K, used 41367K [0x0000000083000000, 0x0000000100000000)
[2020-09-08T09:35:57.919-0300][gc,heap       ] GC(18)   region size 1024K, 19 young (19456K), 3 survivors (3072K)
[2020-09-08T09:35:57.919-0300][gc,heap       ] GC(18)  Metaspace       used 19360K, capacity 20519K, committed 20864K, reserved 1067008K
[2020-09-08T09:35:57.919-0300][gc,heap       ] GC(18)   class space    used 2085K, capacity 2564K, committed 2688K, reserved 1048576K
[2020-09-08T09:35:57.919-0300][gc,start      ] GC(18) Pause Young (Concurrent Start) (G1 Humongous Allocation)
[2020-09-08T09:35:57.919-0300][gc,task       ] GC(18) Using 4 workers of 4 for evacuation
[2020-09-08T09:35:58.015-0300][gc,phases     ] GC(18)   Pre Evacuate Collection Set: 0.2ms
[2020-09-08T09:35:58.015-0300][gc,phases     ] GC(18)   Evacuate Collection Set: 92.8ms
[2020-09-08T09:35:58.015-0300][gc,phases     ] GC(18)   Post Evacuate Collection Set: 1.6ms
[2020-09-08T09:35:58.015-0300][gc,phases     ] GC(18)   Other: 1.2ms
[2020-09-08T09:35:58.015-0300][gc,heap       ] GC(18) Eden regions: 16->0(16)
[2020-09-08T09:35:58.015-0300][gc,heap       ] GC(18) Survivor regions: 3->3(3)
[2020-09-08T09:35:58.015-0300][gc,heap       ] GC(18) Old regions: 15->19
[2020-09-08T09:35:58.015-0300][gc,heap       ] GC(18) Humongous regions: 10->10
[2020-09-08T09:35:58.015-0300][gc,metaspace  ] GC(18) Metaspace: 19360K->19360K(1067008K)
[2020-09-08T09:35:58.015-0300][gc,heap       ] GC(18) Heap after GC invocations=19 (full 0): garbage-first heap   total 66560K, used 30732K [0x0000000083000000, 0x0000000100000000)
[2020-09-08T09:35:58.015-0300][gc,heap       ] GC(18)   region size 1024K, 3 young (3072K), 3 survivors (3072K)
[2020-09-08T09:35:58.015-0300][gc,heap       ] GC(18)  Metaspace       used 19360K, capacity 20519K, committed 20864K, reserved 1067008K
[2020-09-08T09:35:58.015-0300][gc,heap       ] GC(18)   class space    used 2085K, capacity 2564K, committed 2688K, reserved 1048576K
[2020-09-08T09:35:58.016-0300][gc            ] GC(18) Pause Young (Concurrent Start) (G1 Humongous Allocation) 41M->30M(65M) 96.160ms
[2020-09-08T09:35:58.016-0300][gc,cpu        ] GC(18) User=0.22s Sys=0.01s Real=0.10s
[2020-09-08T09:35:58.018-0300][gc            ] GC(19) Concurrent Cycle
[2020-09-08T09:35:58.019-0300][gc,marking    ] GC(19) Concurrent Clear Claimed Marks
[2020-09-08T09:35:58.019-0300][gc,marking    ] GC(19) Concurrent Clear Claimed Marks 0.294ms
[2020-09-08T09:35:58.019-0300][gc,marking    ] GC(19) Concurrent Scan Root Regions
[2020-09-08T09:35:58.032-0300][gc,marking    ] GC(19) Concurrent Scan Root Regions 13.304ms
[2020-09-08T09:35:58.033-0300][gc,marking    ] GC(19) Concurrent Mark (15.506s)
[2020-09-08T09:35:58.033-0300][gc,marking    ] GC(19) Concurrent Mark From Roots
[2020-09-08T09:35:58.033-0300][gc,task       ] GC(19) Using 1 workers of 1 for marking
[2020-09-08T09:35:58.283-0300][gc,marking    ] GC(19) Concurrent Mark From Roots 250.087ms
[2020-09-08T09:35:58.283-0300][gc,marking    ] GC(19) Concurrent Preclean
[2020-09-08T09:35:58.283-0300][gc,marking    ] GC(19) Concurrent Preclean 0.330ms
[2020-09-08T09:35:58.283-0300][gc,marking    ] GC(19) Concurrent Mark (15.506s, 15.757s) 250.787ms
[2020-09-08T09:35:58.291-0300][gc,start      ] GC(19) Pause Remark
[2020-09-08T09:35:58.331-0300][gc,stringtable] GC(19) Cleaned string and symbol table, strings: 8536 processed, 0 removed, symbols: 53340 processed, 16 removed
[2020-09-08T09:35:58.332-0300][gc            ] GC(19) Pause Remark 50M->50M(65M) 41.389ms
[2020-09-08T09:35:58.333-0300][gc,cpu        ] GC(19) User=0.08s Sys=0.00s Real=0.04s
[2020-09-08T09:35:58.333-0300][gc,marking    ] GC(19) Concurrent Rebuild Remembered Sets
[2020-09-08T09:35:58.502-0300][gc,marking    ] GC(19) Concurrent Rebuild Remembered Sets 169.457ms
[2020-09-08T09:35:58.517-0300][gc,start      ] GC(19) Pause Cleanup
[2020-09-08T09:35:58.518-0300][gc            ] GC(19) Pause Cleanup 54M->54M(65M) 0.504ms
[2020-09-08T09:35:58.518-0300][gc,cpu        ] GC(19) User=0.01s Sys=0.00s Real=0.00s
[2020-09-08T09:35:58.518-0300][gc,marking    ] GC(19) Concurrent Cleanup for Next Mark
[2020-09-08T09:35:58.525-0300][gc,marking    ] GC(19) Concurrent Cleanup for Next Mark 6.660ms
[2020-09-08T09:35:58.532-0300][gc,heap       ] GC(20) Heap before GC invocations=20 (full 0): garbage-first heap   total 66560K, used 55308K [0x0000000083000000, 0x0000000100000000)
[2020-09-08T09:35:58.532-0300][gc,heap       ] GC(20)   region size 1024K, 19 young (19456K), 3 survivors (3072K)
[2020-09-08T09:35:58.532-0300][gc,heap       ] GC(20)  Metaspace       used 19591K, capacity 20800K, committed 21120K, reserved 1067008K
[2020-09-08T09:35:58.532-0300][gc,heap       ] GC(20)   class space    used 2114K, capacity 2610K, committed 2688K, reserved 1048576K
[2020-09-08T09:35:58.533-0300][gc,start      ] GC(20) Pause Young (Normal) (G1 Evacuation Pause)
[2020-09-08T09:35:58.533-0300][gc,task       ] GC(20) Using 4 workers of 4 for evacuation
[2020-09-08T09:35:58.581-0300][gc,phases     ] GC(20)   Pre Evacuate Collection Set: 0.1ms
[2020-09-08T09:35:58.581-0300][gc,phases     ] GC(20)   Evacuate Collection Set: 45.7ms
[2020-09-08T09:35:58.581-0300][gc,phases     ] GC(20)   Post Evacuate Collection Set: 2.2ms
[2020-09-08T09:35:58.581-0300][gc,phases     ] GC(20)   Other: 1.1ms
[2020-09-08T09:35:58.582-0300][gc,heap       ] GC(20) Eden regions: 16->0(13)
[2020-09-08T09:35:58.582-0300][gc,heap       ] GC(20) Survivor regions: 3->3(3)
[2020-09-08T09:35:58.582-0300][gc,heap       ] GC(20) Old regions: 19->22
[2020-09-08T09:35:58.582-0300][gc,heap       ] GC(20) Humongous regions: 19->12
[2020-09-08T09:35:58.582-0300][gc,metaspace  ] GC(20) Metaspace: 19591K->19591K(1067008K)
[2020-09-08T09:35:58.582-0300][gc,heap       ] GC(20) Heap after GC invocations=21 (full 0): garbage-first heap   total 66560K, used 36123K [0x0000000083000000, 0x0000000100000000)
[2020-09-08T09:35:58.582-0300][gc,heap       ] GC(20)   region size 1024K, 3 young (3072K), 3 survivors (3072K)
[2020-09-08T09:35:58.582-0300][gc,heap       ] GC(20)  Metaspace       used 19591K, capacity 20800K, committed 21120K, reserved 1067008K
[2020-09-08T09:35:58.582-0300][gc,heap       ] GC(20)   class space    used 2114K, capacity 2610K, committed 2688K, reserved 1048576K
[2020-09-08T09:35:58.582-0300][gc            ] GC(20) Pause Young (Normal) (G1 Evacuation Pause) 55M->35M(65M) 49.551ms
[2020-09-08T09:35:58.582-0300][gc,cpu        ] GC(20) User=0.13s Sys=0.00s Real=0.05s
[2020-09-08T09:35:58.583-0300][gc            ] GC(19) Concurrent Cycle 564.113ms
[2020-09-08T09:35:59.362-0300][gc,heap       ] GC(21) Heap before GC invocations=21 (full 0): garbage-first heap   total 66560K, used 49435K [0x0000000083000000, 0x0000000100000000)
[2020-09-08T09:35:59.362-0300][gc,heap       ] GC(21)   region size 1024K, 16 young (16384K), 3 survivors (3072K)
[2020-09-08T09:35:59.362-0300][gc,heap       ] GC(21)  Metaspace       used 19941K, capacity 21225K, committed 21376K, reserved 1069056K
[2020-09-08T09:35:59.362-0300][gc,heap       ] GC(21)   class space    used 2154K, capacity 2664K, committed 2688K, reserved 1048576K
[2020-09-08T09:35:59.362-0300][gc,start      ] GC(21) Pause Young (Normal) (G1 Evacuation Pause)
[2020-09-08T09:35:59.362-0300][gc,task       ] GC(21) Using 4 workers of 4 for evacuation
[2020-09-08T09:35:59.389-0300][gc,phases     ] GC(21)   Pre Evacuate Collection Set: 0.1ms
[2020-09-08T09:35:59.389-0300][gc,phases     ] GC(21)   Evacuate Collection Set: 24.6ms
[2020-09-08T09:35:59.389-0300][gc,phases     ] GC(21)   Post Evacuate Collection Set: 1.7ms
[2020-09-08T09:35:59.389-0300][gc,phases     ] GC(21)   Other: 0.8ms
[2020-09-08T09:35:59.389-0300][gc,heap       ] GC(21) Eden regions: 13->0(12)
[2020-09-08T09:35:59.389-0300][gc,heap       ] GC(21) Survivor regions: 3->2(2)
[2020-09-08T09:35:59.389-0300][gc,heap       ] GC(21) Old regions: 22->25
[2020-09-08T09:35:59.389-0300][gc,heap       ] GC(21) Humongous regions: 12->12
[2020-09-08T09:35:59.390-0300][gc,metaspace  ] GC(21) Metaspace: 19941K->19941K(1069056K)
[2020-09-08T09:35:59.390-0300][gc,heap       ] GC(21) Heap after GC invocations=22 (full 0): garbage-first heap   total 66560K, used 37275K [0x0000000083000000, 0x0000000100000000)
[2020-09-08T09:35:59.390-0300][gc,heap       ] GC(21)   region size 1024K, 2 young (2048K), 2 survivors (2048K)
[2020-09-08T09:35:59.390-0300][gc,heap       ] GC(21)  Metaspace       used 19941K, capacity 21225K, committed 21376K, reserved 1069056K
[2020-09-08T09:35:59.390-0300][gc,heap       ] GC(21)   class space    used 2154K, capacity 2664K, committed 2688K, reserved 1048576K
[2020-09-08T09:35:59.390-0300][gc            ] GC(21) Pause Young (Normal) (G1 Evacuation Pause) 48M->36M(65M) 27.699ms
[2020-09-08T09:35:59.390-0300][gc,cpu        ] GC(21) User=0.08s Sys=0.00s Real=0.02s
[2020-09-08T09:36:01.049-0300][gc,heap       ] GC(22) Heap before GC invocations=22 (full 0): garbage-first heap   total 66560K, used 48539K [0x0000000083000000, 0x0000000100000000)
[2020-09-08T09:36:01.049-0300][gc,heap       ] GC(22)   region size 1024K, 14 young (14336K), 2 survivors (2048K)
[2020-09-08T09:36:01.049-0300][gc,heap       ] GC(22)  Metaspace       used 20316K, capacity 21714K, committed 22016K, reserved 1069056K
[2020-09-08T09:36:01.050-0300][gc,heap       ] GC(22)   class space    used 2194K, capacity 2726K, committed 2816K, reserved 1048576K
[2020-09-08T09:36:01.050-0300][gc,start      ] GC(22) Pause Young (Concurrent Start) (G1 Evacuation Pause)
[2020-09-08T09:36:01.050-0300][gc,task       ] GC(22) Using 4 workers of 4 for evacuation
[2020-09-08T09:36:01.194-0300][gc,phases     ] GC(22)   Pre Evacuate Collection Set: 0.2ms
[2020-09-08T09:36:01.194-0300][gc,phases     ] GC(22)   Evacuate Collection Set: 131.4ms
[2020-09-08T09:36:01.194-0300][gc,phases     ] GC(22)   Post Evacuate Collection Set: 12.1ms
[2020-09-08T09:36:01.194-0300][gc,phases     ] GC(22)   Other: 1.1ms
[2020-09-08T09:36:01.195-0300][gc,heap       ] GC(22) Eden regions: 12->0(30)
[2020-09-08T09:36:01.195-0300][gc,heap       ] GC(22) Survivor regions: 2->2(2)
[2020-09-08T09:36:01.195-0300][gc,heap       ] GC(22) Old regions: 25->26
[2020-09-08T09:36:01.195-0300][gc,heap       ] GC(22) Humongous regions: 12->12
[2020-09-08T09:36:01.195-0300][gc,metaspace  ] GC(22) Metaspace: 20316K->20316K(1069056K)
[2020-09-08T09:36:01.195-0300][gc,heap       ] GC(22) Heap after GC invocations=23 (full 0): garbage-first heap   total 115712K, used 39174K [0x0000000083000000, 0x0000000100000000)
[2020-09-08T09:36:01.195-0300][gc,heap       ] GC(22)   region size 1024K, 2 young (2048K), 2 survivors (2048K)
[2020-09-08T09:36:01.195-0300][gc,heap       ] GC(22)  Metaspace       used 20316K, capacity 21714K, committed 22016K, reserved 1069056K
[2020-09-08T09:36:01.195-0300][gc,heap       ] GC(22)   class space    used 2194K, capacity 2726K, committed 2816K, reserved 1048576K
[2020-09-08T09:36:01.195-0300][gc            ] GC(22) Pause Young (Concurrent Start) (G1 Evacuation Pause) 48M->38M(113M) 145.489ms
[2020-09-08T09:36:01.198-0300][gc,cpu        ] GC(22) User=0.23s Sys=0.00s Real=0.15s
[2020-09-08T09:36:01.198-0300][gc            ] GC(23) Concurrent Cycle
[2020-09-08T09:36:01.198-0300][gc,marking    ] GC(23) Concurrent Clear Claimed Marks
[2020-09-08T09:36:01.198-0300][gc,marking    ] GC(23) Concurrent Clear Claimed Marks 0.208ms
[2020-09-08T09:36:01.198-0300][gc,marking    ] GC(23) Concurrent Scan Root Regions
[2020-09-08T09:36:01.248-0300][gc,marking    ] GC(23) Concurrent Scan Root Regions 49.626ms
[2020-09-08T09:36:01.248-0300][gc,marking    ] GC(23) Concurrent Mark (18.722s)
[2020-09-08T09:36:01.248-0300][gc,marking    ] GC(23) Concurrent Mark From Roots
[2020-09-08T09:36:01.248-0300][gc,task       ] GC(23) Using 1 workers of 1 for marking
[2020-09-08T09:36:02.409-0300][gc,marking    ] GC(23) Concurrent Mark From Roots 1160.902ms
[2020-09-08T09:36:02.409-0300][gc,marking    ] GC(23) Concurrent Preclean
[2020-09-08T09:36:02.409-0300][gc,marking    ] GC(23) Concurrent Preclean 0.314ms
[2020-09-08T09:36:02.410-0300][gc,marking    ] GC(23) Concurrent Mark (18.722s, 19.883s) 1161.524ms
[2020-09-08T09:36:02.424-0300][gc,start      ] GC(23) Pause Remark
[2020-09-08T09:36:02.475-0300][gc,stringtable] GC(23) Cleaned string and symbol table, strings: 9281 processed, 26 removed, symbols: 54708 processed, 45 removed
[2020-09-08T09:36:02.476-0300][gc            ] GC(23) Pause Remark 44M->44M(113M) 51.800ms
[2020-09-08T09:36:02.476-0300][gc,cpu        ] GC(23) User=0.07s Sys=0.01s Real=0.05s
[2020-09-08T09:36:02.484-0300][gc,marking    ] GC(23) Concurrent Rebuild Remembered Sets
[2020-09-08T09:36:03.357-0300][gc,marking    ] GC(23) Concurrent Rebuild Remembered Sets 872.813ms
[2020-09-08T09:36:03.372-0300][gc,start      ] GC(23) Pause Cleanup
[2020-09-08T09:36:03.373-0300][gc            ] GC(23) Pause Cleanup 56M->56M(113M) 0.805ms
[2020-09-08T09:36:03.373-0300][gc,cpu        ] GC(23) User=0.00s Sys=0.00s Real=0.00s
[2020-09-08T09:36:03.373-0300][gc,marking    ] GC(23) Concurrent Cleanup for Next Mark
[2020-09-08T09:36:03.377-0300][gc,marking    ] GC(23) Concurrent Cleanup for Next Mark 3.067ms
[2020-09-08T09:36:03.377-0300][gc            ] GC(23) Concurrent Cycle 2178.900ms
[2020-09-08T09:36:03.469-0300][gc,heap       ] GC(24) Heap before GC invocations=24 (full 0): garbage-first heap   total 115712K, used 61702K [0x0000000083000000, 0x0000000100000000)
[2020-09-08T09:36:03.469-0300][gc,heap       ] GC(24)   region size 1024K, 25 young (25600K), 2 survivors (2048K)
[2020-09-08T09:36:03.469-0300][gc,heap       ] GC(24)  Metaspace       used 20458K, capacity 21835K, committed 22016K, reserved 1069056K
[2020-09-08T09:36:03.469-0300][gc,heap       ] GC(24)   class space    used 2215K, capacity 2762K, committed 2816K, reserved 1048576K
[2020-09-08T09:36:03.470-0300][gc,start      ] GC(24) Pause Young (Normal) (G1 Evacuation Pause)
[2020-09-08T09:36:03.470-0300][gc,task       ] GC(24) Using 4 workers of 4 for evacuation
[2020-09-08T09:36:03.624-0300][gc,phases     ] GC(24)   Pre Evacuate Collection Set: 0.1ms
[2020-09-08T09:36:03.624-0300][gc,phases     ] GC(24)   Evacuate Collection Set: 136.8ms
[2020-09-08T09:36:03.624-0300][gc,phases     ] GC(24)   Post Evacuate Collection Set: 17.2ms
[2020-09-08T09:36:03.625-0300][gc,phases     ] GC(24)   Other: 1.1ms
[2020-09-08T09:36:03.625-0300][gc,heap       ] GC(24) Eden regions: 23->0(29)
[2020-09-08T09:36:03.625-0300][gc,heap       ] GC(24) Survivor regions: 2->4(4)
[2020-09-08T09:36:03.625-0300][gc,heap       ] GC(24) Old regions: 26->26
[2020-09-08T09:36:03.625-0300][gc,heap       ] GC(24) Humongous regions: 12->12
[2020-09-08T09:36:03.625-0300][gc,metaspace  ] GC(24) Metaspace: 20458K->20458K(1069056K)
[2020-09-08T09:36:03.625-0300][gc,heap       ] GC(24) Heap after GC invocations=25 (full 0): garbage-first heap   total 115712K, used 40711K [0x0000000083000000, 0x0000000100000000)
[2020-09-08T09:36:03.625-0300][gc,heap       ] GC(24)   region size 1024K, 4 young (4096K), 4 survivors (4096K)
[2020-09-08T09:36:03.625-0300][gc,heap       ] GC(24)  Metaspace       used 20458K, capacity 21835K, committed 22016K, reserved 1069056K
[2020-09-08T09:36:03.625-0300][gc,heap       ] GC(24)   class space    used 2215K, capacity 2762K, committed 2816K, reserved 1048576K
[2020-09-08T09:36:03.625-0300][gc            ] GC(24) Pause Young (Normal) (G1 Evacuation Pause) 61M->39M(113M) 155.600ms
[2020-09-08T09:36:03.625-0300][gc,cpu        ] GC(24) User=0.16s Sys=0.01s Real=0.16s
[2020-09-08T09:36:05.027-0300][gc,heap       ] GC(25) Heap before GC invocations=25 (full 0): garbage-first heap   total 115712K, used 63239K [0x0000000083000000, 0x0000000100000000)
[2020-09-08T09:36:05.027-0300][gc,heap       ] GC(25)   region size 1024K, 26 young (26624K), 4 survivors (4096K)
[2020-09-08T09:36:05.027-0300][gc,heap       ] GC(25)  Metaspace       used 20600K, capacity 22039K, committed 22272K, reserved 1069056K
[2020-09-08T09:36:05.027-0300][gc,heap       ] GC(25)   class space    used 2227K, capacity 2762K, committed 2816K, reserved 1048576K
[2020-09-08T09:36:05.028-0300][gc,start      ] GC(25) Pause Young (Concurrent Start) (G1 Evacuation Pause)
[2020-09-08T09:36:05.028-0300][gc,task       ] GC(25) Using 4 workers of 4 for evacuation
[2020-09-08T09:36:05.233-0300][gc,mmu        ] GC(25) MMU target violated: 201.0ms (200.0ms/201.0ms)
[2020-09-08T09:36:05.234-0300][gc,phases     ] GC(25)   Pre Evacuate Collection Set: 0.2ms
[2020-09-08T09:36:05.234-0300][gc,phases     ] GC(25)   Evacuate Collection Set: 197.2ms
[2020-09-08T09:36:05.234-0300][gc,phases     ] GC(25)   Post Evacuate Collection Set: 7.8ms
[2020-09-08T09:36:05.234-0300][gc,phases     ] GC(25)   Other: 1.2ms
[2020-09-08T09:36:05.234-0300][gc,heap       ] GC(25) Eden regions: 22->0(24)
[2020-09-08T09:36:05.234-0300][gc,heap       ] GC(25) Survivor regions: 4->3(4)
[2020-09-08T09:36:05.234-0300][gc,heap       ] GC(25) Old regions: 26->28
[2020-09-08T09:36:05.234-0300][gc,heap       ] GC(25) Humongous regions: 12->12
[2020-09-08T09:36:05.234-0300][gc,metaspace  ] GC(25) Metaspace: 20600K->20600K(1069056K)
[2020-09-08T09:36:05.234-0300][gc,heap       ] GC(25) Heap after GC invocations=26 (full 0): garbage-first heap   total 115712K, used 41277K [0x0000000083000000, 0x0000000100000000)
[2020-09-08T09:36:05.234-0300][gc,heap       ] GC(25)   region size 1024K, 3 young (3072K), 3 survivors (3072K)
[2020-09-08T09:36:05.235-0300][gc,heap       ] GC(25)  Metaspace       used 20600K, capacity 22039K, committed 22272K, reserved 1069056K
[2020-09-08T09:36:05.235-0300][gc,heap       ] GC(25)   class space    used 2227K, capacity 2762K, committed 2816K, reserved 1048576K
[2020-09-08T09:36:05.235-0300][gc            ] GC(25) Pause Young (Concurrent Start) (G1 Evacuation Pause) 61M->40M(113M) 207.088ms
[2020-09-08T09:36:05.235-0300][gc,cpu        ] GC(25) User=0.22s Sys=0.01s Real=0.21s
[2020-09-08T09:36:05.235-0300][gc            ] GC(26) Concurrent Cycle
[2020-09-08T09:36:05.235-0300][gc,marking    ] GC(26) Concurrent Clear Claimed Marks
[2020-09-08T09:36:05.236-0300][gc,marking    ] GC(26) Concurrent Clear Claimed Marks 0.244ms
[2020-09-08T09:36:05.236-0300][gc,marking    ] GC(26) Concurrent Scan Root Regions
[2020-09-08T09:36:05.345-0300][gc,marking    ] GC(26) Concurrent Scan Root Regions 109.358ms
[2020-09-08T09:36:05.345-0300][gc,marking    ] GC(26) Concurrent Mark (22.819s)
[2020-09-08T09:36:05.345-0300][gc,marking    ] GC(26) Concurrent Mark From Roots
[2020-09-08T09:36:05.345-0300][gc,task       ] GC(26) Using 1 workers of 1 for marking
[2020-09-08T09:36:06.260-0300][gc,marking    ] GC(26) Concurrent Mark From Roots 914.838ms
[2020-09-08T09:36:06.260-0300][gc,marking    ] GC(26) Concurrent Preclean
[2020-09-08T09:36:06.260-0300][gc,marking    ] GC(26) Concurrent Preclean 0.327ms
[2020-09-08T09:36:06.261-0300][gc,marking    ] GC(26) Concurrent Mark (22.819s, 23.734s) 915.468ms
[2020-09-08T09:36:06.271-0300][gc,start      ] GC(26) Pause Remark
[2020-09-08T09:36:06.314-0300][gc,stringtable] GC(26) Cleaned string and symbol table, strings: 9351 processed, 0 removed, symbols: 54945 processed, 0 removed
[2020-09-08T09:36:06.316-0300][gc            ] GC(26) Pause Remark 56M->48M(113M) 45.172ms
[2020-09-08T09:36:06.316-0300][gc,cpu        ] GC(26) User=0.08s Sys=0.01s Real=0.05s
[2020-09-08T09:36:06.319-0300][gc,marking    ] GC(26) Concurrent Rebuild Remembered Sets
[2020-09-08T09:36:06.578-0300][gc,marking    ] GC(26) Concurrent Rebuild Remembered Sets 259.523ms
[2020-09-08T09:36:06.596-0300][gc,start      ] GC(26) Pause Cleanup
[2020-09-08T09:36:06.596-0300][gc            ] GC(26) Pause Cleanup 54M->54M(113M) 0.712ms
[2020-09-08T09:36:06.598-0300][gc,cpu        ] GC(26) User=0.00s Sys=0.00s Real=0.00s
[2020-09-08T09:36:06.598-0300][gc,marking    ] GC(26) Concurrent Cleanup for Next Mark
[2020-09-08T09:36:06.601-0300][gc,marking    ] GC(26) Concurrent Cleanup for Next Mark 3.184ms
[2020-09-08T09:36:06.601-0300][gc            ] GC(26) Concurrent Cycle 1366.038ms
[2020-09-08T09:36:06.770-0300][gc,heap       ] GC(27) Heap before GC invocations=27 (full 0): garbage-first heap   total 115712K, used 57661K [0x0000000083000000, 0x0000000100000000)
[2020-09-08T09:36:06.770-0300][gc,heap       ] GC(27)   region size 1024K, 27 young (27648K), 3 survivors (3072K)
[2020-09-08T09:36:06.770-0300][gc,heap       ] GC(27)  Metaspace       used 20697K, capacity 22142K, committed 22272K, reserved 1069056K
[2020-09-08T09:36:06.770-0300][gc,heap       ] GC(27)   class space    used 2239K, capacity 2786K, committed 2816K, reserved 1048576K
[2020-09-08T09:36:06.770-0300][gc,start      ] GC(27) Pause Young (Normal) (G1 Evacuation Pause)
[2020-09-08T09:36:06.770-0300][gc,task       ] GC(27) Using 4 workers of 4 for evacuation
[2020-09-08T09:36:06.808-0300][gc,phases     ] GC(27)   Pre Evacuate Collection Set: 0.1ms
[2020-09-08T09:36:06.809-0300][gc,phases     ] GC(27)   Evacuate Collection Set: 35.2ms
[2020-09-08T09:36:06.809-0300][gc,phases     ] GC(27)   Post Evacuate Collection Set: 2.6ms
[2020-09-08T09:36:06.809-0300][gc,phases     ] GC(27)   Other: 1.0ms
[2020-09-08T09:36:06.809-0300][gc,heap       ] GC(27) Eden regions: 24->0(43)
[2020-09-08T09:36:06.809-0300][gc,heap       ] GC(27) Survivor regions: 3->2(4)
[2020-09-08T09:36:06.809-0300][gc,heap       ] GC(27) Old regions: 28->28
[2020-09-08T09:36:06.809-0300][gc,heap       ] GC(27) Humongous regions: 5->4
[2020-09-08T09:36:06.809-0300][gc,metaspace  ] GC(27) Metaspace: 20697K->20697K(1069056K)
[2020-09-08T09:36:06.809-0300][gc,heap       ] GC(27) Heap after GC invocations=28 (full 0): garbage-first heap   total 115712K, used 32659K [0x0000000083000000, 0x0000000100000000)
[2020-09-08T09:36:06.809-0300][gc,heap       ] GC(27)   region size 1024K, 2 young (2048K), 2 survivors (2048K)
[2020-09-08T09:36:06.809-0300][gc,heap       ] GC(27)  Metaspace       used 20697K, capacity 22142K, committed 22272K, reserved 1069056K
[2020-09-08T09:36:06.809-0300][gc,heap       ] GC(27)   class space    used 2239K, capacity 2786K, committed 2816K, reserved 1048576K
[2020-09-08T09:36:06.810-0300][gc            ] GC(27) Pause Young (Normal) (G1 Evacuation Pause) 57M->31M(113M) 39.539ms
[2020-09-08T09:36:06.810-0300][gc,cpu        ] GC(27) User=0.06s Sys=0.01s Real=0.04s
[2020-09-08T09:36:10.169-0300][gc,heap       ] GC(28) Heap before GC invocations=28 (full 0): garbage-first heap   total 115712K, used 77715K [0x0000000083000000, 0x0000000100000000)
[2020-09-08T09:36:10.169-0300][gc,heap       ] GC(28)   region size 1024K, 45 young (46080K), 2 survivors (2048K)
[2020-09-08T09:36:10.169-0300][gc,heap       ] GC(28)  Metaspace       used 20767K, capacity 22164K, committed 22272K, reserved 1069056K
[2020-09-08T09:36:10.169-0300][gc,heap       ] GC(28)   class space    used 2243K, capacity 2788K, committed 2816K, reserved 1048576K
[2020-09-08T09:36:10.169-0300][gc,start      ] GC(28) Pause Young (Normal) (G1 Evacuation Pause)
[2020-09-08T09:36:10.169-0300][gc,task       ] GC(28) Using 4 workers of 4 for evacuation
[2020-09-08T09:36:10.246-0300][gc,phases     ] GC(28)   Pre Evacuate Collection Set: 0.1ms
[2020-09-08T09:36:10.246-0300][gc,phases     ] GC(28)   Evacuate Collection Set: 44.7ms
[2020-09-08T09:36:10.247-0300][gc,phases     ] GC(28)   Post Evacuate Collection Set: 31.7ms
[2020-09-08T09:36:10.247-0300][gc,phases     ] GC(28)   Other: 1.0ms
[2020-09-08T09:36:10.247-0300][gc,heap       ] GC(28) Eden regions: 43->0(58)
[2020-09-08T09:36:10.247-0300][gc,heap       ] GC(28) Survivor regions: 2->1(6)
[2020-09-08T09:36:10.247-0300][gc,heap       ] GC(28) Old regions: 28->28
[2020-09-08T09:36:10.247-0300][gc,heap       ] GC(28) Humongous regions: 5->5
[2020-09-08T09:36:10.247-0300][gc,metaspace  ] GC(28) Metaspace: 20767K->20767K(1069056K)
[2020-09-08T09:36:10.247-0300][gc,heap       ] GC(28) Heap after GC invocations=29 (full 0): garbage-first heap   total 236544K, used 33295K [0x0000000083000000, 0x0000000100000000)
[2020-09-08T09:36:10.247-0300][gc,heap       ] GC(28)   region size 1024K, 1 young (1024K), 1 survivors (1024K)
[2020-09-08T09:36:10.247-0300][gc,heap       ] GC(28)  Metaspace       used 20767K, capacity 22164K, committed 22272K, reserved 1069056K
[2020-09-08T09:36:10.247-0300][gc,heap       ] GC(28)   class space    used 2243K, capacity 2788K, committed 2816K, reserved 1048576K
[2020-09-08T09:36:10.247-0300][gc            ] GC(28) Pause Young (Normal) (G1 Evacuation Pause) 75M->32M(231M) 78.135ms
[2020-09-08T09:36:10.257-0300][gc,cpu        ] GC(28) User=0.06s Sys=0.02s Real=0.09s
[2020-09-08T09:36:37.672-0300][gc,heap       ] GC(29) Heap before GC invocations=29 (full 0): garbage-first heap   total 236544K, used 98831K [0x0000000083000000, 0x0000000100000000)
[2020-09-08T09:36:37.673-0300][gc,heap       ] GC(29)   region size 1024K, 59 young (60416K), 1 survivors (1024K)
[2020-09-08T09:36:37.673-0300][gc,heap       ] GC(29)  Metaspace       used 23722K, capacity 25228K, committed 25472K, reserved 1071104K
[2020-09-08T09:36:37.673-0300][gc,heap       ] GC(29)   class space    used 2578K, capacity 3190K, committed 3200K, reserved 1048576K
[2020-09-08T09:36:37.673-0300][gc,start      ] GC(29) Pause Young (Normal) (G1 Evacuation Pause)
[2020-09-08T09:36:37.673-0300][gc,task       ] GC(29) Using 4 workers of 4 for evacuation
[2020-09-08T09:36:37.707-0300][gc,phases     ] GC(29)   Pre Evacuate Collection Set: 0.1ms
[2020-09-08T09:36:37.707-0300][gc,phases     ] GC(29)   Evacuate Collection Set: 31.4ms
[2020-09-08T09:36:37.707-0300][gc,phases     ] GC(29)   Post Evacuate Collection Set: 1.9ms
[2020-09-08T09:36:37.707-0300][gc,phases     ] GC(29)   Other: 1.2ms
[2020-09-08T09:36:37.707-0300][gc,heap       ] GC(29) Eden regions: 58->0(67)
[2020-09-08T09:36:37.707-0300][gc,heap       ] GC(29) Survivor regions: 1->4(8)
[2020-09-08T09:36:37.707-0300][gc,heap       ] GC(29) Old regions: 28->28
[2020-09-08T09:36:37.707-0300][gc,heap       ] GC(29) Humongous regions: 12->4
[2020-09-08T09:36:37.707-0300][gc,metaspace  ] GC(29) Metaspace: 23722K->23722K(1071104K)
[2020-09-08T09:36:37.707-0300][gc,heap       ] GC(29) Heap after GC invocations=30 (full 0): garbage-first heap   total 236544K, used 35281K [0x0000000083000000, 0x0000000100000000)
[2020-09-08T09:36:37.708-0300][gc,heap       ] GC(29)   region size 1024K, 4 young (4096K), 4 survivors (4096K)
[2020-09-08T09:36:37.708-0300][gc,heap       ] GC(29)  Metaspace       used 23722K, capacity 25228K, committed 25472K, reserved 1071104K
[2020-09-08T09:36:37.708-0300][gc,heap       ] GC(29)   class space    used 2578K, capacity 3190K, committed 3200K, reserved 1048576K
[2020-09-08T09:36:37.708-0300][gc            ] GC(29) Pause Young (Normal) (G1 Evacuation Pause) 97M->34M(231M) 34.699ms
[2020-09-08T09:36:37.708-0300][gc,cpu        ] GC(29) User=0.10s Sys=0.02s Real=0.03s
[2020-09-08T09:36:40.668-0300][gc,heap       ] GC(30) Heap before GC invocations=30 (full 0): garbage-first heap   total 236544K, used 102865K [0x0000000083000000, 0x0000000100000000)
[2020-09-08T09:36:40.668-0300][gc,heap       ] GC(30)   region size 1024K, 71 young (72704K), 4 survivors (4096K)
[2020-09-08T09:36:40.668-0300][gc,heap       ] GC(30)  Metaspace       used 25241K, capacity 26881K, committed 27008K, reserved 1073152K
[2020-09-08T09:36:40.668-0300][gc,heap       ] GC(30)   class space    used 2743K, capacity 3386K, committed 3456K, reserved 1048576K
[2020-09-08T09:36:40.668-0300][gc,start      ] GC(30) Pause Young (Normal) (G1 Evacuation Pause)
[2020-09-08T09:36:40.668-0300][gc,task       ] GC(30) Using 4 workers of 4 for evacuation
[2020-09-08T09:36:40.710-0300][gc,phases     ] GC(30)   Pre Evacuate Collection Set: 0.1ms
[2020-09-08T09:36:40.710-0300][gc,phases     ] GC(30)   Evacuate Collection Set: 36.6ms
[2020-09-08T09:36:40.710-0300][gc,phases     ] GC(30)   Post Evacuate Collection Set: 4.2ms
[2020-09-08T09:36:40.710-0300][gc,phases     ] GC(30)   Other: 0.8ms
[2020-09-08T09:36:40.710-0300][gc,heap       ] GC(30) Eden regions: 67->0(76)
[2020-09-08T09:36:40.710-0300][gc,heap       ] GC(30) Survivor regions: 4->6(9)
[2020-09-08T09:36:40.710-0300][gc,heap       ] GC(30) Old regions: 28->28
[2020-09-08T09:36:40.710-0300][gc,heap       ] GC(30) Humongous regions: 4->4
[2020-09-08T09:36:40.710-0300][gc,metaspace  ] GC(30) Metaspace: 25241K->25241K(1073152K)
[2020-09-08T09:36:40.710-0300][gc,heap       ] GC(30) Heap after GC invocations=31 (full 0): garbage-first heap   total 236544K, used 37097K [0x0000000083000000, 0x0000000100000000)
[2020-09-08T09:36:40.710-0300][gc,heap       ] GC(30)   region size 1024K, 6 young (6144K), 6 survivors (6144K)
[2020-09-08T09:36:40.710-0300][gc,heap       ] GC(30)  Metaspace       used 25241K, capacity 26881K, committed 27008K, reserved 1073152K
[2020-09-08T09:36:40.710-0300][gc,heap       ] GC(30)   class space    used 2743K, capacity 3386K, committed 3456K, reserved 1048576K
[2020-09-08T09:36:40.710-0300][gc            ] GC(30) Pause Young (Normal) (G1 Evacuation Pause) 101M->36M(231M) 42.205ms
[2020-09-08T09:36:40.711-0300][gc,cpu        ] GC(30) User=0.14s Sys=0.03s Real=0.04s
[2020-09-08T09:36:43.414-0300][gc,heap       ] GC(31) Heap before GC invocations=31 (full 0): garbage-first heap   total 236544K, used 113897K [0x0000000083000000, 0x0000000100000000)
[2020-09-08T09:36:43.414-0300][gc,heap       ] GC(31)   region size 1024K, 82 young (83968K), 6 survivors (6144K)
[2020-09-08T09:36:43.414-0300][gc,heap       ] GC(31)  Metaspace       used 25857K, capacity 27492K, committed 27776K, reserved 1073152K
[2020-09-08T09:36:43.414-0300][gc,heap       ] GC(31)   class space    used 2785K, capacity 3430K, committed 3456K, reserved 1048576K
[2020-09-08T09:36:43.415-0300][gc,start      ] GC(31) Pause Young (Normal) (G1 Evacuation Pause)
[2020-09-08T09:36:43.415-0300][gc,task       ] GC(31) Using 4 workers of 4 for evacuation
[2020-09-08T09:36:43.480-0300][gc,phases     ] GC(31)   Pre Evacuate Collection Set: 0.1ms
[2020-09-08T09:36:43.480-0300][gc,phases     ] GC(31)   Evacuate Collection Set: 63.0ms
[2020-09-08T09:36:43.480-0300][gc,phases     ] GC(31)   Post Evacuate Collection Set: 2.0ms
[2020-09-08T09:36:43.480-0300][gc,phases     ] GC(31)   Other: 1.0ms
[2020-09-08T09:36:43.480-0300][gc,heap       ] GC(31) Eden regions: 76->0(102)
[2020-09-08T09:36:43.481-0300][gc,heap       ] GC(31) Survivor regions: 6->7(11)
[2020-09-08T09:36:43.481-0300][gc,heap       ] GC(31) Old regions: 28->28
[2020-09-08T09:36:43.481-0300][gc,heap       ] GC(31) Humongous regions: 4->4
[2020-09-08T09:36:43.481-0300][gc,metaspace  ] GC(31) Metaspace: 25857K->25857K(1073152K)
[2020-09-08T09:36:43.481-0300][gc,heap       ] GC(31) Heap after GC invocations=32 (full 0): garbage-first heap   total 236544K, used 38460K [0x0000000083000000, 0x0000000100000000)
[2020-09-08T09:36:43.481-0300][gc,heap       ] GC(31)   region size 1024K, 7 young (7168K), 7 survivors (7168K)
[2020-09-08T09:36:43.481-0300][gc,heap       ] GC(31)  Metaspace       used 25857K, capacity 27492K, committed 27776K, reserved 1073152K
[2020-09-08T09:36:43.481-0300][gc,heap       ] GC(31)   class space    used 2785K, capacity 3430K, committed 3456K, reserved 1048576K
[2020-09-08T09:36:43.481-0300][gc            ] GC(31) Pause Young (Normal) (G1 Evacuation Pause) 112M->37M(231M) 66.406ms
[2020-09-08T09:36:43.481-0300][gc,cpu        ] GC(31) User=0.25s Sys=0.02s Real=0.07s
[2020-09-08T09:36:47.195-0300][gc,task       ] GC(32) Using 4 workers of 4 for full compaction
[2020-09-08T09:36:47.195-0300][gc,start      ] GC(32) Pause Full (System.gc())
[2020-09-08T09:36:47.195-0300][gc,heap       ] GC(32) Heap before GC invocations=32 (full 0): garbage-first heap   total 236544K, used 127548K [0x0000000083000000, 0x0000000100000000)
[2020-09-08T09:36:47.195-0300][gc,heap       ] GC(32)   region size 1024K, 96 young (98304K), 7 survivors (7168K)
[2020-09-08T09:36:47.195-0300][gc,heap       ] GC(32)  Metaspace       used 27567K, capacity 29343K, committed 29696K, reserved 1075200K
[2020-09-08T09:36:47.195-0300][gc,heap       ] GC(32)   class space    used 3001K, capacity 3731K, committed 3840K, reserved 1048576K
[2020-09-08T09:36:47.197-0300][gc,phases,start] GC(32) Phase 1: Mark live objects
[2020-09-08T09:36:47.383-0300][gc,stringtable ] GC(32) Cleaned string and symbol table, strings: 15981 processed, 362 removed, symbols: 70174 processed, 30 removed
[2020-09-08T09:36:47.383-0300][gc,phases      ] GC(32) Phase 1: Mark live objects 186.277ms
[2020-09-08T09:36:47.383-0300][gc,phases,start] GC(32) Phase 2: Prepare for compaction
[2020-09-08T09:36:47.402-0300][gc,phases      ] GC(32) Phase 2: Prepare for compaction 19.160ms
[2020-09-08T09:36:47.403-0300][gc,phases,start] GC(32) Phase 3: Adjust pointers
[2020-09-08T09:36:47.439-0300][gc,phases      ] GC(32) Phase 3: Adjust pointers 36.656ms
[2020-09-08T09:36:47.439-0300][gc,phases,start] GC(32) Phase 4: Compact heap
[2020-09-08T09:36:47.469-0300][gc,phases      ] GC(32) Phase 4: Compact heap 29.981ms
[2020-09-08T09:36:47.490-0300][gc,heap        ] GC(32) Eden regions: 89->0(6)
[2020-09-08T09:36:47.490-0300][gc,heap        ] GC(32) Survivor regions: 7->0(11)
[2020-09-08T09:36:47.490-0300][gc,heap        ] GC(32) Old regions: 28->26
[2020-09-08T09:36:47.490-0300][gc,heap        ] GC(32) Humongous regions: 4->4
[2020-09-08T09:36:47.490-0300][gc,metaspace   ] GC(32) Metaspace: 27567K->27541K(1075200K)
[2020-09-08T09:36:47.490-0300][gc,heap        ] GC(32) Heap after GC invocations=33 (full 1): garbage-first heap   total 44032K, used 26960K [0x0000000083000000, 0x0000000100000000)
[2020-09-08T09:36:47.490-0300][gc,heap        ] GC(32)   region size 1024K, 0 young (0K), 0 survivors (0K)
[2020-09-08T09:36:47.490-0300][gc,heap        ] GC(32)  Metaspace       used 27541K, capacity 29307K, committed 29696K, reserved 1075200K
[2020-09-08T09:36:47.490-0300][gc,heap        ] GC(32)   class space    used 2998K, capacity 3725K, committed 3840K, reserved 1048576K
[2020-09-08T09:36:47.491-0300][gc             ] GC(32) Pause Full (System.gc()) 126M->26M(43M) 295.517ms
[2020-09-08T09:36:47.491-0300][gc,cpu         ] GC(32) User=0.70s Sys=0.04s Real=0.30s
[2020-09-08T09:36:48.087-0300][gc,heap        ] GC(33) Heap before GC invocations=33 (full 1): garbage-first heap   total 44032K, used 33104K [0x0000000083000000, 0x0000000100000000)
[2020-09-08T09:36:48.087-0300][gc,heap        ] GC(33)   region size 1024K, 6 young (6144K), 0 survivors (0K)
[2020-09-08T09:36:48.087-0300][gc,heap        ] GC(33)  Metaspace       used 27837K, capacity 29627K, committed 29696K, reserved 1075200K
[2020-09-08T09:36:48.087-0300][gc,heap        ] GC(33)   class space    used 3052K, capacity 3798K, committed 3840K, reserved 1048576K
[2020-09-08T09:36:48.087-0300][gc,start       ] GC(33) Pause Young (Concurrent Start) (G1 Evacuation Pause)
[2020-09-08T09:36:48.087-0300][gc,task        ] GC(33) Using 4 workers of 4 for evacuation
[2020-09-08T09:36:48.098-0300][gc,phases      ] GC(33)   Pre Evacuate Collection Set: 0.4ms
[2020-09-08T09:36:48.098-0300][gc,phases      ] GC(33)   Evacuate Collection Set: 6.8ms
[2020-09-08T09:36:48.099-0300][gc,phases      ] GC(33)   Post Evacuate Collection Set: 3.4ms
[2020-09-08T09:36:48.099-0300][gc,phases      ] GC(33)   Other: 1.2ms
[2020-09-08T09:36:48.099-0300][gc,heap        ] GC(33) Eden regions: 6->0(5)
[2020-09-08T09:36:48.099-0300][gc,heap        ] GC(33) Survivor regions: 0->1(1)
[2020-09-08T09:36:48.099-0300][gc,heap        ] GC(33) Old regions: 26->26
[2020-09-08T09:36:48.099-0300][gc,heap        ] GC(33) Humongous regions: 4->4
[2020-09-08T09:36:48.099-0300][gc,metaspace   ] GC(33) Metaspace: 27837K->27837K(1075200K)
[2020-09-08T09:36:48.099-0300][gc,heap        ] GC(33) Heap after GC invocations=34 (full 1): garbage-first heap   total 44032K, used 27984K [0x0000000083000000, 0x0000000100000000)
[2020-09-08T09:36:48.099-0300][gc,heap        ] GC(33)   region size 1024K, 1 young (1024K), 1 survivors (1024K)
[2020-09-08T09:36:48.099-0300][gc,heap        ] GC(33)  Metaspace       used 27837K, capacity 29627K, committed 29696K, reserved 1075200K
[2020-09-08T09:36:48.099-0300][gc,heap        ] GC(33)   class space    used 3052K, capacity 3798K, committed 3840K, reserved 1048576K
[2020-09-08T09:36:48.099-0300][gc             ] GC(33) Pause Young (Concurrent Start) (G1 Evacuation Pause) 32M->27M(43M) 12.322ms
[2020-09-08T09:36:48.100-0300][gc,cpu         ] GC(33) User=0.04s Sys=0.00s Real=0.01s
[2020-09-08T09:36:48.101-0300][gc             ] GC(34) Concurrent Cycle
[2020-09-08T09:36:48.101-0300][gc,marking     ] GC(34) Concurrent Clear Claimed Marks
[2020-09-08T09:36:48.103-0300][gc,marking     ] GC(34) Concurrent Clear Claimed Marks 1.452ms
[2020-09-08T09:36:48.103-0300][gc,marking     ] GC(34) Concurrent Scan Root Regions
[2020-09-08T09:36:48.105-0300][gc,marking     ] GC(34) Concurrent Scan Root Regions 2.628ms
[2020-09-08T09:36:48.105-0300][gc,marking     ] GC(34) Concurrent Mark (65.579s)
[2020-09-08T09:36:48.105-0300][gc,marking     ] GC(34) Concurrent Mark From Roots
[2020-09-08T09:36:48.106-0300][gc,task        ] GC(34) Using 1 workers of 1 for marking
[2020-09-08T09:36:48.307-0300][gc,heap        ] GC(35) Heap before GC invocations=34 (full 1): garbage-first heap   total 44032K, used 33104K [0x0000000083000000, 0x0000000100000000)
[2020-09-08T09:36:48.307-0300][gc,heap        ] GC(35)   region size 1024K, 6 young (6144K), 1 survivors (1024K)
[2020-09-08T09:36:48.307-0300][gc,heap        ] GC(35)  Metaspace       used 28205K, capacity 30254K, committed 30336K, reserved 1075200K
[2020-09-08T09:36:48.307-0300][gc,heap        ] GC(35)   class space    used 3129K, capacity 3945K, committed 3968K, reserved 1048576K
[2020-09-08T09:36:48.307-0300][gc,start       ] GC(35) Pause Young (Normal) (G1 Evacuation Pause)
[2020-09-08T09:36:48.307-0300][gc,task        ] GC(35) Using 4 workers of 4 for evacuation
[2020-09-08T09:36:48.323-0300][gc,phases      ] GC(35)   Pre Evacuate Collection Set: 0.0ms
[2020-09-08T09:36:48.323-0300][gc,phases      ] GC(35)   Evacuate Collection Set: 7.4ms
[2020-09-08T09:36:48.323-0300][gc,phases      ] GC(35)   Post Evacuate Collection Set: 7.9ms
[2020-09-08T09:36:48.323-0300][gc,phases      ] GC(35)   Other: 1.1ms
[2020-09-08T09:36:48.324-0300][gc,heap        ] GC(35) Eden regions: 5->0(5)
[2020-09-08T09:36:48.324-0300][gc,heap        ] GC(35) Survivor regions: 1->1(1)
[2020-09-08T09:36:48.324-0300][gc,heap        ] GC(35) Old regions: 26->26
[2020-09-08T09:36:48.324-0300][gc,heap        ] GC(35) Humongous regions: 4->4
[2020-09-08T09:36:48.324-0300][gc,metaspace   ] GC(35) Metaspace: 28205K->28205K(1075200K)
[2020-09-08T09:36:48.324-0300][gc,heap        ] GC(35) Heap after GC invocations=35 (full 1): garbage-first heap   total 44032K, used 27471K [0x0000000083000000, 0x0000000100000000)
[2020-09-08T09:36:48.324-0300][gc,heap        ] GC(35)   region size 1024K, 1 young (1024K), 1 survivors (1024K)
[2020-09-08T09:36:48.324-0300][gc,heap        ] GC(35)  Metaspace       used 28205K, capacity 30254K, committed 30336K, reserved 1075200K
[2020-09-08T09:36:48.324-0300][gc,heap        ] GC(35)   class space    used 3129K, capacity 3945K, committed 3968K, reserved 1048576K
[2020-09-08T09:36:48.324-0300][gc             ] GC(35) Pause Young (Normal) (G1 Evacuation Pause) 32M->26M(43M) 16.814ms
[2020-09-08T09:36:48.324-0300][gc,cpu         ] GC(35) User=0.04s Sys=0.00s Real=0.02s
[2020-09-08T09:36:48.653-0300][gc,heap        ] GC(36) Heap before GC invocations=35 (full 1): garbage-first heap   total 44032K, used 31567K [0x0000000083000000, 0x0000000100000000)
[2020-09-08T09:36:48.653-0300][gc,heap        ] GC(36)   region size 1024K, 6 young (6144K), 1 survivors (1024K)
[2020-09-08T09:36:48.653-0300][gc,heap        ] GC(36)  Metaspace       used 28561K, capacity 30666K, committed 30976K, reserved 1077248K
[2020-09-08T09:36:48.653-0300][gc,heap        ] GC(36)   class space    used 3184K, capacity 4017K, committed 4096K, reserved 1048576K
[2020-09-08T09:36:48.653-0300][gc,start       ] GC(36) Pause Young (Normal) (G1 Evacuation Pause)
[2020-09-08T09:36:48.653-0300][gc,task        ] GC(36) Using 4 workers of 4 for evacuation
[2020-09-08T09:36:48.667-0300][gc,phases      ] GC(36)   Pre Evacuate Collection Set: 0.0ms
[2020-09-08T09:36:48.667-0300][gc,phases      ] GC(36)   Evacuate Collection Set: 10.5ms
[2020-09-08T09:36:48.667-0300][gc,phases      ] GC(36)   Post Evacuate Collection Set: 3.1ms
[2020-09-08T09:36:48.668-0300][gc,phases      ] GC(36)   Other: 1.0ms
[2020-09-08T09:36:48.668-0300][gc,heap        ] GC(36) Eden regions: 5->0(5)
[2020-09-08T09:36:48.668-0300][gc,heap        ] GC(36) Survivor regions: 1->1(1)
[2020-09-08T09:36:48.668-0300][gc,heap        ] GC(36) Old regions: 26->26
[2020-09-08T09:36:48.668-0300][gc,heap        ] GC(36) Humongous regions: 4->4
[2020-09-08T09:36:48.668-0300][gc,metaspace   ] GC(36) Metaspace: 28561K->28561K(1077248K)
[2020-09-08T09:36:48.668-0300][gc,heap        ] GC(36) Heap after GC invocations=36 (full 1): garbage-first heap   total 44032K, used 27564K [0x0000000083000000, 0x0000000100000000)
[2020-09-08T09:36:48.668-0300][gc,heap        ] GC(36)   region size 1024K, 1 young (1024K), 1 survivors (1024K)
[2020-09-08T09:36:48.668-0300][gc,heap        ] GC(36)  Metaspace       used 28561K, capacity 30666K, committed 30976K, reserved 1077248K
[2020-09-08T09:36:48.668-0300][gc,heap        ] GC(36)   class space    used 3184K, capacity 4017K, committed 4096K, reserved 1048576K
[2020-09-08T09:36:48.669-0300][gc             ] GC(36) Pause Young (Normal) (G1 Evacuation Pause) 31M->26M(43M) 15.450ms
[2020-09-08T09:36:48.669-0300][gc,cpu         ] GC(36) User=0.06s Sys=0.00s Real=0.01s
[2020-09-08T09:36:48.749-0300][gc,marking     ] GC(34) Concurrent Mark From Roots 643.988ms
[2020-09-08T09:36:48.750-0300][gc,marking     ] GC(34) Concurrent Preclean
[2020-09-08T09:36:48.750-0300][gc,marking     ] GC(34) Concurrent Preclean 0.399ms
[2020-09-08T09:36:48.750-0300][gc,marking     ] GC(34) Concurrent Mark (65.579s, 66.224s) 644.704ms
[2020-09-08T09:36:48.751-0300][gc,start       ] GC(34) Pause Remark
[2020-09-08T09:36:48.777-0300][gc,stringtable ] GC(34) Cleaned string and symbol table, strings: 15867 processed, 0 removed, symbols: 72144 processed, 12 removed
[2020-09-08T09:36:48.778-0300][gc             ] GC(34) Pause Remark 27M->27M(43M) 26.731ms
[2020-09-08T09:36:48.778-0300][gc,cpu         ] GC(34) User=0.10s Sys=0.00s Real=0.02s
[2020-09-08T09:36:48.779-0300][gc,marking     ] GC(34) Concurrent Rebuild Remembered Sets
[2020-09-08T09:36:49.012-0300][gc,marking     ] GC(34) Concurrent Rebuild Remembered Sets 232.639ms
[2020-09-08T09:36:49.024-0300][gc,start       ] GC(34) Pause Cleanup
[2020-09-08T09:36:49.025-0300][gc             ] GC(34) Pause Cleanup 29M->29M(43M) 0.786ms
[2020-09-08T09:36:49.026-0300][gc,cpu         ] GC(34) User=0.01s Sys=0.00s Real=0.00s
[2020-09-08T09:36:49.027-0300][gc,marking     ] GC(34) Concurrent Cleanup for Next Mark
[2020-09-08T09:36:49.028-0300][gc,marking     ] GC(34) Concurrent Cleanup for Next Mark 1.316ms
[2020-09-08T09:36:49.028-0300][gc             ] GC(34) Concurrent Cycle 927.177ms
[2020-09-08T09:36:49.413-0300][gc,heap        ] GC(37) Heap before GC invocations=37 (full 1): garbage-first heap   total 44032K, used 32684K [0x0000000083000000, 0x0000000100000000)
[2020-09-08T09:36:49.414-0300][gc,heap        ] GC(37)   region size 1024K, 6 young (6144K), 1 survivors (1024K)
[2020-09-08T09:36:49.414-0300][gc,heap        ] GC(37)  Metaspace       used 29537K, capacity 31590K, committed 31744K, reserved 1077248K
[2020-09-08T09:36:49.414-0300][gc,heap        ] GC(37)   class space    used 3299K, capacity 4089K, committed 4096K, reserved 1048576K
[2020-09-08T09:36:49.414-0300][gc,start       ] GC(37) Pause Young (Prepare Mixed) (G1 Evacuation Pause)
[2020-09-08T09:36:49.414-0300][gc,task        ] GC(37) Using 4 workers of 4 for evacuation
[2020-09-08T09:36:49.434-0300][gc,phases      ] GC(37)   Pre Evacuate Collection Set: 0.1ms
[2020-09-08T09:36:49.434-0300][gc,phases      ] GC(37)   Evacuate Collection Set: 17.8ms
[2020-09-08T09:36:49.434-0300][gc,phases      ] GC(37)   Post Evacuate Collection Set: 2.0ms
[2020-09-08T09:36:49.435-0300][gc,phases      ] GC(37)   Other: 1.0ms
[2020-09-08T09:36:49.435-0300][gc,heap        ] GC(37) Eden regions: 5->0(1)
[2020-09-08T09:36:49.435-0300][gc,heap        ] GC(37) Survivor regions: 1->1(1)
[2020-09-08T09:36:49.435-0300][gc,heap        ] GC(37) Old regions: 26->27
[2020-09-08T09:36:49.435-0300][gc,heap        ] GC(37) Humongous regions: 4->4
[2020-09-08T09:36:49.435-0300][gc,metaspace   ] GC(37) Metaspace: 29537K->29537K(1077248K)
[2020-09-08T09:36:49.435-0300][gc,heap        ] GC(37) Heap after GC invocations=38 (full 1): garbage-first heap   total 44032K, used 27817K [0x0000000083000000, 0x0000000100000000)
[2020-09-08T09:36:49.435-0300][gc,heap        ] GC(37)   region size 1024K, 1 young (1024K), 1 survivors (1024K)
[2020-09-08T09:36:49.435-0300][gc,heap        ] GC(37)  Metaspace       used 29537K, capacity 31590K, committed 31744K, reserved 1077248K
[2020-09-08T09:36:49.435-0300][gc,heap        ] GC(37)   class space    used 3299K, capacity 4089K, committed 4096K, reserved 1048576K
[2020-09-08T09:36:49.435-0300][gc             ] GC(37) Pause Young (Prepare Mixed) (G1 Evacuation Pause) 31M->27M(43M) 21.241ms
[2020-09-08T09:36:49.435-0300][gc,cpu         ] GC(37) User=0.07s Sys=0.01s Real=0.02s
[2020-09-08T09:36:49.580-0300][gc,heap        ] GC(38) Heap before GC invocations=38 (full 1): garbage-first heap   total 44032K, used 28841K [0x0000000083000000, 0x0000000100000000)
[2020-09-08T09:36:49.580-0300][gc,heap        ] GC(38)   region size 1024K, 2 young (2048K), 1 survivors (1024K)
[2020-09-08T09:36:49.580-0300][gc,heap        ] GC(38)  Metaspace       used 29723K, capacity 31824K, committed 32128K, reserved 1077248K
[2020-09-08T09:36:49.580-0300][gc,heap        ] GC(38)   class space    used 3320K, capacity 4123K, committed 4224K, reserved 1048576K
[2020-09-08T09:36:49.580-0300][gc,start       ] GC(38) Pause Young (Mixed) (G1 Evacuation Pause)
[2020-09-08T09:36:49.580-0300][gc,task        ] GC(38) Using 4 workers of 4 for evacuation
[2020-09-08T09:36:49.598-0300][gc,phases      ] GC(38)   Pre Evacuate Collection Set: 0.2ms
[2020-09-08T09:36:49.598-0300][gc,phases      ] GC(38)   Evacuate Collection Set: 11.0ms
[2020-09-08T09:36:49.598-0300][gc,phases      ] GC(38)   Post Evacuate Collection Set: 5.4ms
[2020-09-08T09:36:49.598-0300][gc,phases      ] GC(38)   Other: 1.0ms
[2020-09-08T09:36:49.598-0300][gc,heap        ] GC(38) Eden regions: 1->0(5)
[2020-09-08T09:36:49.598-0300][gc,heap        ] GC(38) Survivor regions: 1->1(1)
[2020-09-08T09:36:49.598-0300][gc,heap        ] GC(38) Old regions: 27->26
[2020-09-08T09:36:49.598-0300][gc,heap        ] GC(38) Humongous regions: 4->4
[2020-09-08T09:36:49.598-0300][gc,metaspace   ] GC(38) Metaspace: 29723K->29723K(1077248K)
[2020-09-08T09:36:49.598-0300][gc,heap        ] GC(38) Heap after GC invocations=39 (full 1): garbage-first heap   total 44032K, used 27902K [0x0000000083000000, 0x0000000100000000)
[2020-09-08T09:36:49.598-0300][gc,heap        ] GC(38)   region size 1024K, 1 young (1024K), 1 survivors (1024K)
[2020-09-08T09:36:49.598-0300][gc,heap        ] GC(38)  Metaspace       used 29723K, capacity 31824K, committed 32128K, reserved 1077248K
[2020-09-08T09:36:49.598-0300][gc,heap        ] GC(38)   class space    used 3320K, capacity 4123K, committed 4224K, reserved 1048576K
[2020-09-08T09:36:49.598-0300][gc             ] GC(38) Pause Young (Mixed) (G1 Evacuation Pause) 28M->27M(43M) 17.843ms
[2020-09-08T09:36:49.598-0300][gc,cpu         ] GC(38) User=0.05s Sys=0.01s Real=0.02s
[2020-09-08T09:36:49.988-0300][gc,heap        ] GC(39) Heap before GC invocations=39 (full 1): garbage-first heap   total 44032K, used 33022K [0x0000000083000000, 0x0000000100000000)
[2020-09-08T09:36:49.989-0300][gc,heap        ] GC(39)   region size 1024K, 6 young (6144K), 1 survivors (1024K)
[2020-09-08T09:36:49.989-0300][gc,heap        ] GC(39)  Metaspace       used 30132K, capacity 32347K, committed 32512K, reserved 1077248K
[2020-09-08T09:36:49.989-0300][gc,heap        ] GC(39)   class space    used 3384K, capacity 4226K, committed 4352K, reserved 1048576K
[2020-09-08T09:36:49.989-0300][gc,start       ] GC(39) Pause Young (Concurrent Start) (G1 Evacuation Pause)
[2020-09-08T09:36:49.989-0300][gc,task        ] GC(39) Using 4 workers of 4 for evacuation
[2020-09-08T09:36:50.011-0300][gc,phases      ] GC(39)   Pre Evacuate Collection Set: 0.5ms
[2020-09-08T09:36:50.011-0300][gc,phases      ] GC(39)   Evacuate Collection Set: 19.1ms
[2020-09-08T09:36:50.011-0300][gc,phases      ] GC(39)   Post Evacuate Collection Set: 1.6ms
[2020-09-08T09:36:50.011-0300][gc,phases      ] GC(39)   Other: 1.3ms
[2020-09-08T09:36:50.011-0300][gc,heap        ] GC(39) Eden regions: 5->0(5)
[2020-09-08T09:36:50.011-0300][gc,heap        ] GC(39) Survivor regions: 1->1(1)
[2020-09-08T09:36:50.011-0300][gc,heap        ] GC(39) Old regions: 26->26
[2020-09-08T09:36:50.011-0300][gc,heap        ] GC(39) Humongous regions: 4->4
[2020-09-08T09:36:50.011-0300][gc,metaspace   ] GC(39) Metaspace: 30132K->30132K(1077248K)
[2020-09-08T09:36:50.011-0300][gc,heap        ] GC(39) Heap after GC invocations=40 (full 1): garbage-first heap   total 44032K, used 28210K [0x0000000083000000, 0x0000000100000000)
[2020-09-08T09:36:50.012-0300][gc,heap        ] GC(39)   region size 1024K, 1 young (1024K), 1 survivors (1024K)
[2020-09-08T09:36:50.012-0300][gc,heap        ] GC(39)  Metaspace       used 30132K, capacity 32347K, committed 32512K, reserved 1077248K
[2020-09-08T09:36:50.012-0300][gc,heap        ] GC(39)   class space    used 3384K, capacity 4226K, committed 4352K, reserved 1048576K
[2020-09-08T09:36:50.012-0300][gc             ] GC(39) Pause Young (Concurrent Start) (G1 Evacuation Pause) 32M->27M(43M) 22.978ms
[2020-09-08T09:36:50.012-0300][gc,cpu         ] GC(39) User=0.08s Sys=0.00s Real=0.03s
[2020-09-08T09:36:50.015-0300][gc             ] GC(40) Concurrent Cycle
[2020-09-08T09:36:50.015-0300][gc,marking     ] GC(40) Concurrent Clear Claimed Marks
[2020-09-08T09:36:50.016-0300][gc,marking     ] GC(40) Concurrent Clear Claimed Marks 0.331ms
[2020-09-08T09:36:50.016-0300][gc,marking     ] GC(40) Concurrent Scan Root Regions
[2020-09-08T09:36:50.029-0300][gc,marking     ] GC(40) Concurrent Scan Root Regions 13.598ms
[2020-09-08T09:36:50.029-0300][gc,marking     ] GC(40) Concurrent Mark (67.503s)
[2020-09-08T09:36:50.029-0300][gc,marking     ] GC(40) Concurrent Mark From Roots
[2020-09-08T09:36:50.030-0300][gc,task        ] GC(40) Using 1 workers of 1 for marking
[2020-09-08T09:36:50.322-0300][gc,heap        ] GC(41) Heap before GC invocations=40 (full 1): garbage-first heap   total 44032K, used 33330K [0x0000000083000000, 0x0000000100000000)
[2020-09-08T09:36:50.322-0300][gc,heap        ] GC(41)   region size 1024K, 6 young (6144K), 1 survivors (1024K)
[2020-09-08T09:36:50.322-0300][gc,heap        ] GC(41)  Metaspace       used 30253K, capacity 32468K, committed 32768K, reserved 1077248K
[2020-09-08T09:36:50.322-0300][gc,heap        ] GC(41)   class space    used 3407K, capacity 4247K, committed 4352K, reserved 1048576K
[2020-09-08T09:36:50.322-0300][gc,start       ] GC(41) Pause Young (Normal) (G1 Evacuation Pause)
[2020-09-08T09:36:50.322-0300][gc,task        ] GC(41) Using 4 workers of 4 for evacuation
[2020-09-08T09:36:50.340-0300][gc,phases      ] GC(41)   Pre Evacuate Collection Set: 0.1ms
[2020-09-08T09:36:50.340-0300][gc,phases      ] GC(41)   Evacuate Collection Set: 12.8ms
[2020-09-08T09:36:50.340-0300][gc,phases      ] GC(41)   Post Evacuate Collection Set: 4.3ms
[2020-09-08T09:36:50.340-0300][gc,phases      ] GC(41)   Other: 1.0ms
[2020-09-08T09:36:50.340-0300][gc,heap        ] GC(41) Eden regions: 5->0(4)
[2020-09-08T09:36:50.340-0300][gc,heap        ] GC(41) Survivor regions: 1->1(1)
[2020-09-08T09:36:50.340-0300][gc,heap        ] GC(41) Old regions: 26->26
[2020-09-08T09:36:50.340-0300][gc,heap        ] GC(41) Humongous regions: 4->4
[2020-09-08T09:36:50.340-0300][gc,metaspace   ] GC(41) Metaspace: 30253K->30253K(1077248K)
[2020-09-08T09:36:50.341-0300][gc,heap        ] GC(41) Heap after GC invocations=41 (full 1): garbage-first heap   total 44032K, used 28671K [0x0000000083000000, 0x0000000100000000)
[2020-09-08T09:36:50.341-0300][gc,heap        ] GC(41)   region size 1024K, 1 young (1024K), 1 survivors (1024K)
[2020-09-08T09:36:50.341-0300][gc,heap        ] GC(41)  Metaspace       used 30253K, capacity 32468K, committed 32768K, reserved 1077248K
[2020-09-08T09:36:50.341-0300][gc,heap        ] GC(41)   class space    used 3407K, capacity 4247K, committed 4352K, reserved 1048576K
[2020-09-08T09:36:50.341-0300][gc             ] GC(41) Pause Young (Normal) (G1 Evacuation Pause) 32M->27M(43M) 18.474ms
[2020-09-08T09:36:50.341-0300][gc,cpu         ] GC(41) User=0.06s Sys=0.00s Real=0.02s
[2020-09-08T09:36:50.485-0300][gc,heap        ] GC(42) Heap before GC invocations=41 (full 1): garbage-first heap   total 44032K, used 32767K [0x0000000083000000, 0x0000000100000000)
[2020-09-08T09:36:50.485-0300][gc,heap        ] GC(42)   region size 1024K, 5 young (5120K), 1 survivors (1024K)
[2020-09-08T09:36:50.485-0300][gc,heap        ] GC(42)  Metaspace       used 30460K, capacity 32818K, committed 33152K, reserved 1077248K
[2020-09-08T09:36:50.485-0300][gc,heap        ] GC(42)   class space    used 3461K, capacity 4370K, committed 4480K, reserved 1048576K
[2020-09-08T09:36:50.485-0300][gc,start       ] GC(42) Pause Young (Normal) (G1 Evacuation Pause)
[2020-09-08T09:36:50.486-0300][gc,task        ] GC(42) Using 4 workers of 4 for evacuation
[2020-09-08T09:36:50.501-0300][gc,phases      ] GC(42)   Pre Evacuate Collection Set: 0.1ms
[2020-09-08T09:36:50.501-0300][gc,phases      ] GC(42)   Evacuate Collection Set: 11.4ms
[2020-09-08T09:36:50.501-0300][gc,phases      ] GC(42)   Post Evacuate Collection Set: 3.0ms
[2020-09-08T09:36:50.501-0300][gc,phases      ] GC(42)   Other: 1.1ms
[2020-09-08T09:36:50.501-0300][gc,heap        ] GC(42) Eden regions: 4->0(12)
[2020-09-08T09:36:50.501-0300][gc,heap        ] GC(42) Survivor regions: 1->1(1)
[2020-09-08T09:36:50.501-0300][gc,heap        ] GC(42) Old regions: 26->27
[2020-09-08T09:36:50.501-0300][gc,heap        ] GC(42) Humongous regions: 4->4
[2020-09-08T09:36:50.501-0300][gc,metaspace   ] GC(42) Metaspace: 30460K->30460K(1077248K)
[2020-09-08T09:36:50.501-0300][gc,heap        ] GC(42) Heap after GC invocations=42 (full 1): garbage-first heap   total 62464K, used 28931K [0x0000000083000000, 0x0000000100000000)
[2020-09-08T09:36:50.501-0300][gc,heap        ] GC(42)   region size 1024K, 1 young (1024K), 1 survivors (1024K)
[2020-09-08T09:36:50.501-0300][gc,heap        ] GC(42)  Metaspace       used 30460K, capacity 32818K, committed 33152K, reserved 1077248K
[2020-09-08T09:36:50.501-0300][gc,heap        ] GC(42)   class space    used 3461K, capacity 4370K, committed 4480K, reserved 1048576K
[2020-09-08T09:36:50.502-0300][gc             ] GC(42) Pause Young (Normal) (G1 Evacuation Pause) 31M->28M(61M) 16.075ms
[2020-09-08T09:36:50.503-0300][gc,cpu         ] GC(42) User=0.05s Sys=0.00s Real=0.02s
[2020-09-08T09:36:50.852-0300][gc,marking     ] GC(40) Concurrent Mark From Roots 822.713ms
[2020-09-08T09:36:50.852-0300][gc,marking     ] GC(40) Concurrent Preclean
[2020-09-08T09:36:50.853-0300][gc,marking     ] GC(40) Concurrent Preclean 0.621ms
[2020-09-08T09:36:50.853-0300][gc,marking     ] GC(40) Concurrent Mark (67.503s, 68.327s) 824.047ms
[2020-09-08T09:36:50.854-0300][gc,start       ] GC(40) Pause Remark
[2020-09-08T09:36:50.890-0300][gc,stringtable ] GC(40) Cleaned string and symbol table, strings: 16471 processed, 1 removed, symbols: 74105 processed, 3 removed
[2020-09-08T09:36:50.892-0300][gc             ] GC(40) Pause Remark 33M->33M(61M) 37.732ms
[2020-09-08T09:36:50.892-0300][gc,cpu         ] GC(40) User=0.13s Sys=0.01s Real=0.04s
[2020-09-08T09:36:50.893-0300][gc,marking     ] GC(40) Concurrent Rebuild Remembered Sets
[2020-09-08T09:36:51.230-0300][gc,marking     ] GC(40) Concurrent Rebuild Remembered Sets 337.444ms
[2020-09-08T09:36:51.231-0300][gc,start       ] GC(40) Pause Cleanup
[2020-09-08T09:36:51.231-0300][gc             ] GC(40) Pause Cleanup 38M->38M(61M) 0.554ms
[2020-09-08T09:36:51.232-0300][gc,cpu         ] GC(40) User=0.00s Sys=0.00s Real=0.00s
[2020-09-08T09:36:51.232-0300][gc,marking     ] GC(40) Concurrent Cleanup for Next Mark
[2020-09-08T09:36:51.235-0300][gc,marking     ] GC(40) Concurrent Cleanup for Next Mark 2.622ms
[2020-09-08T09:36:51.235-0300][gc             ] GC(40) Concurrent Cycle 1219.825ms
[2020-09-08T09:36:51.356-0300][gc,heap        ] GC(43) Heap before GC invocations=43 (full 1): garbage-first heap   total 62464K, used 41219K [0x0000000083000000, 0x0000000100000000)
[2020-09-08T09:36:51.357-0300][gc,heap        ] GC(43)   region size 1024K, 13 young (13312K), 1 survivors (1024K)
[2020-09-08T09:36:51.357-0300][gc,heap        ] GC(43)  Metaspace       used 30962K, capacity 33467K, committed 33536K, reserved 1079296K
[2020-09-08T09:36:51.357-0300][gc,heap        ] GC(43)   class space    used 3573K, capacity 4570K, committed 4608K, reserved 1048576K
[2020-09-08T09:36:51.357-0300][gc,start       ] GC(43) Pause Young (Normal) (G1 Evacuation Pause)
[2020-09-08T09:36:51.357-0300][gc,task        ] GC(43) Using 4 workers of 4 for evacuation
[2020-09-08T09:36:51.368-0300][gc,phases      ] GC(43)   Pre Evacuate Collection Set: 0.0ms
[2020-09-08T09:36:51.369-0300][gc,phases      ] GC(43)   Evacuate Collection Set: 8.6ms
[2020-09-08T09:36:51.369-0300][gc,phases      ] GC(43)   Post Evacuate Collection Set: 2.4ms
[2020-09-08T09:36:51.369-0300][gc,phases      ] GC(43)   Other: 1.0ms
[2020-09-08T09:36:51.369-0300][gc,heap        ] GC(43) Eden regions: 12->0(13)
[2020-09-08T09:36:51.369-0300][gc,heap        ] GC(43) Survivor regions: 1->1(2)
[2020-09-08T09:36:51.369-0300][gc,heap        ] GC(43) Old regions: 27->27
[2020-09-08T09:36:51.369-0300][gc,heap        ] GC(43) Humongous regions: 4->4
[2020-09-08T09:36:51.369-0300][gc,metaspace   ] GC(43) Metaspace: 30962K->30962K(1079296K)
[2020-09-08T09:36:51.369-0300][gc,heap        ] GC(43) Heap after GC invocations=44 (full 1): garbage-first heap   total 62464K, used 29428K [0x0000000083000000, 0x0000000100000000)
[2020-09-08T09:36:51.369-0300][gc,heap        ] GC(43)   region size 1024K, 1 young (1024K), 1 survivors (1024K)
[2020-09-08T09:36:51.369-0300][gc,heap        ] GC(43)  Metaspace       used 30962K, capacity 33467K, committed 33536K, reserved 1079296K
[2020-09-08T09:36:51.369-0300][gc,heap        ] GC(43)   class space    used 3573K, capacity 4570K, committed 4608K, reserved 1048576K
[2020-09-08T09:36:51.370-0300][gc             ] GC(43) Pause Young (Normal) (G1 Evacuation Pause) 40M->28M(61M) 12.691ms
[2020-09-08T09:36:51.370-0300][gc,cpu         ] GC(43) User=0.04s Sys=0.00s Real=0.01s
[2020-09-08T09:36:55.155-0300][gc,heap        ] GC(44) Heap before GC invocations=44 (full 1): garbage-first heap   total 62464K, used 41716K [0x0000000083000000, 0x0000000100000000)
[2020-09-08T09:36:55.156-0300][gc,heap        ] GC(44)   region size 1024K, 14 young (14336K), 1 survivors (1024K)
[2020-09-08T09:36:55.156-0300][gc,heap        ] GC(44)  Metaspace       used 32111K, capacity 34702K, committed 35072K, reserved 1079296K
[2020-09-08T09:36:55.156-0300][gc,heap        ] GC(44)   class space    used 3692K, capacity 4737K, committed 4864K, reserved 1048576K
[2020-09-08T09:36:55.156-0300][gc,start       ] GC(44) Pause Young (Concurrent Start) (G1 Evacuation Pause)
[2020-09-08T09:36:55.156-0300][gc,task        ] GC(44) Using 4 workers of 4 for evacuation
[2020-09-08T09:36:55.174-0300][gc,phases      ] GC(44)   Pre Evacuate Collection Set: 0.3ms
[2020-09-08T09:36:55.174-0300][gc,phases      ] GC(44)   Evacuate Collection Set: 15.3ms
[2020-09-08T09:36:55.174-0300][gc,phases      ] GC(44)   Post Evacuate Collection Set: 1.8ms
[2020-09-08T09:36:55.174-0300][gc,phases      ] GC(44)   Other: 1.2ms
[2020-09-08T09:36:55.174-0300][gc,heap        ] GC(44) Eden regions: 13->0(13)
[2020-09-08T09:36:55.174-0300][gc,heap        ] GC(44) Survivor regions: 1->2(2)
[2020-09-08T09:36:55.174-0300][gc,heap        ] GC(44) Old regions: 27->27
[2020-09-08T09:36:55.174-0300][gc,heap        ] GC(44) Humongous regions: 4->4
[2020-09-08T09:36:55.174-0300][gc,metaspace   ] GC(44) Metaspace: 32111K->32111K(1079296K)
[2020-09-08T09:36:55.175-0300][gc,heap        ] GC(44) Heap after GC invocations=45 (full 1): garbage-first heap   total 62464K, used 29911K [0x0000000083000000, 0x0000000100000000)
[2020-09-08T09:36:55.175-0300][gc,heap        ] GC(44)   region size 1024K, 2 young (2048K), 2 survivors (2048K)
[2020-09-08T09:36:55.175-0300][gc,heap        ] GC(44)  Metaspace       used 32111K, capacity 34702K, committed 35072K, reserved 1079296K
[2020-09-08T09:36:55.175-0300][gc,heap        ] GC(44)   class space    used 3692K, capacity 4737K, committed 4864K, reserved 1048576K
[2020-09-08T09:36:55.175-0300][gc             ] GC(44) Pause Young (Concurrent Start) (G1 Evacuation Pause) 41M->29M(61M) 18.821ms
[2020-09-08T09:36:55.175-0300][gc,cpu         ] GC(44) User=0.04s Sys=0.01s Real=0.02s
[2020-09-08T09:36:55.175-0300][gc             ] GC(45) Concurrent Cycle
[2020-09-08T09:36:55.175-0300][gc,marking     ] GC(45) Concurrent Clear Claimed Marks
[2020-09-08T09:36:55.176-0300][gc,marking     ] GC(45) Concurrent Clear Claimed Marks 0.612ms
[2020-09-08T09:36:55.176-0300][gc,marking     ] GC(45) Concurrent Scan Root Regions
[2020-09-08T09:36:55.183-0300][gc,marking     ] GC(45) Concurrent Scan Root Regions 6.875ms
[2020-09-08T09:36:55.183-0300][gc,marking     ] GC(45) Concurrent Mark (72.657s)
[2020-09-08T09:36:55.183-0300][gc,marking     ] GC(45) Concurrent Mark From Roots
[2020-09-08T09:36:55.184-0300][gc,task        ] GC(45) Using 1 workers of 1 for marking
[2020-09-08T09:36:55.592-0300][gc,marking     ] GC(45) Concurrent Mark From Roots 408.156ms
[2020-09-08T09:36:55.592-0300][gc,marking     ] GC(45) Concurrent Preclean
[2020-09-08T09:36:55.592-0300][gc,marking     ] GC(45) Concurrent Preclean 0.388ms
[2020-09-08T09:36:55.592-0300][gc,marking     ] GC(45) Concurrent Mark (72.657s, 73.066s) 408.903ms
[2020-09-08T09:36:55.593-0300][gc,start       ] GC(45) Pause Remark
[2020-09-08T09:36:55.644-0300][gc,stringtable ] GC(45) Cleaned string and symbol table, strings: 17714 processed, 8 removed, symbols: 78133 processed, 6 removed
[2020-09-08T09:36:55.645-0300][gc             ] GC(45) Pause Remark 33M->33M(61M) 51.222ms
[2020-09-08T09:36:55.645-0300][gc,cpu         ] GC(45) User=0.20s Sys=0.00s Real=0.05s
[2020-09-08T09:36:55.645-0300][gc,marking     ] GC(45) Concurrent Rebuild Remembered Sets
[2020-09-08T09:36:55.803-0300][gc,marking     ] GC(45) Concurrent Rebuild Remembered Sets 157.275ms
[2020-09-08T09:36:55.804-0300][gc,start       ] GC(45) Pause Cleanup
[2020-09-08T09:36:55.804-0300][gc             ] GC(45) Pause Cleanup 34M->34M(61M) 0.526ms
[2020-09-08T09:36:55.804-0300][gc,cpu         ] GC(45) User=0.00s Sys=0.00s Real=0.00s
[2020-09-08T09:36:55.804-0300][gc,marking     ] GC(45) Concurrent Cleanup for Next Mark
[2020-09-08T09:36:55.806-0300][gc,marking     ] GC(45) Concurrent Cleanup for Next Mark 1.665ms
[2020-09-08T09:36:55.806-0300][gc             ] GC(45) Concurrent Cycle 631.008ms
[2020-09-08T09:36:58.132-0300][gc,heap        ] GC(46) Heap before GC invocations=46 (full 1): garbage-first heap   total 62464K, used 42199K [0x0000000083000000, 0x0000000100000000)
[2020-09-08T09:36:58.132-0300][gc,heap        ] GC(46)   region size 1024K, 15 young (15360K), 2 survivors (2048K)
[2020-09-08T09:36:58.132-0300][gc,heap        ] GC(46)  Metaspace       used 33442K, capacity 36084K, committed 36480K, reserved 1081344K
[2020-09-08T09:36:58.132-0300][gc,heap        ] GC(46)   class space    used 3812K, capacity 4845K, committed 4992K, reserved 1048576K
[2020-09-08T09:36:58.132-0300][gc,start       ] GC(46) Pause Young (Normal) (G1 Evacuation Pause)
[2020-09-08T09:36:58.132-0300][gc,task        ] GC(46) Using 4 workers of 4 for evacuation
[2020-09-08T09:36:58.153-0300][gc,phases      ] GC(46)   Pre Evacuate Collection Set: 0.1ms
[2020-09-08T09:36:58.153-0300][gc,phases      ] GC(46)   Evacuate Collection Set: 17.7ms
[2020-09-08T09:36:58.153-0300][gc,phases      ] GC(46)   Post Evacuate Collection Set: 2.0ms
[2020-09-08T09:36:58.153-0300][gc,phases      ] GC(46)   Other: 1.0ms
[2020-09-08T09:36:58.153-0300][gc,heap        ] GC(46) Eden regions: 13->0(14)
[2020-09-08T09:36:58.153-0300][gc,heap        ] GC(46) Survivor regions: 2->2(2)
[2020-09-08T09:36:58.153-0300][gc,heap        ] GC(46) Old regions: 27->28
[2020-09-08T09:36:58.153-0300][gc,heap        ] GC(46) Humongous regions: 4->4
[2020-09-08T09:36:58.153-0300][gc,metaspace   ] GC(46) Metaspace: 33442K->33442K(1081344K)
[2020-09-08T09:36:58.153-0300][gc,heap        ] GC(46) Heap after GC invocations=47 (full 1): garbage-first heap   total 62464K, used 30461K [0x0000000083000000, 0x0000000100000000)
[2020-09-08T09:36:58.153-0300][gc,heap        ] GC(46)   region size 1024K, 2 young (2048K), 2 survivors (2048K)
[2020-09-08T09:36:58.153-0300][gc,heap        ] GC(46)  Metaspace       used 33442K, capacity 36084K, committed 36480K, reserved 1081344K
[2020-09-08T09:36:58.153-0300][gc,heap        ] GC(46)   class space    used 3812K, capacity 4845K, committed 4992K, reserved 1048576K
[2020-09-08T09:36:58.153-0300][gc             ] GC(46) Pause Young (Normal) (G1 Evacuation Pause) 42M->29M(61M) 21.085ms
[2020-09-08T09:36:58.154-0300][gc,cpu         ] GC(46) User=0.06s Sys=0.00s Real=0.02s
[2020-09-08T09:36:59.252-0300][gc,heap        ] GC(47) Heap before GC invocations=47 (full 1): garbage-first heap   total 62464K, used 43773K [0x0000000083000000, 0x0000000100000000)
[2020-09-08T09:36:59.252-0300][gc,heap        ] GC(47)   region size 1024K, 16 young (16384K), 2 survivors (2048K)
[2020-09-08T09:36:59.252-0300][gc,heap        ] GC(47)  Metaspace       used 34664K, capacity 37426K, committed 37632K, reserved 1081344K
[2020-09-08T09:36:59.253-0300][gc,heap        ] GC(47)   class space    used 3937K, capacity 5007K, committed 5120K, reserved 1048576K
[2020-09-08T09:36:59.253-0300][gc,start       ] GC(47) Pause Young (Concurrent Start) (G1 Evacuation Pause)
[2020-09-08T09:36:59.253-0300][gc,task        ] GC(47) Using 4 workers of 4 for evacuation
[2020-09-08T09:36:59.287-0300][gc,phases      ] GC(47)   Pre Evacuate Collection Set: 0.4ms
[2020-09-08T09:36:59.287-0300][gc,phases      ] GC(47)   Evacuate Collection Set: 31.3ms
[2020-09-08T09:36:59.287-0300][gc,phases      ] GC(47)   Post Evacuate Collection Set: 2.1ms
[2020-09-08T09:36:59.287-0300][gc,phases      ] GC(47)   Other: 1.1ms
[2020-09-08T09:36:59.287-0300][gc,heap        ] GC(47) Eden regions: 14->0(21)
[2020-09-08T09:36:59.288-0300][gc,heap        ] GC(47) Survivor regions: 2->2(2)
[2020-09-08T09:36:59.288-0300][gc,heap        ] GC(47) Old regions: 28->29
[2020-09-08T09:36:59.288-0300][gc,heap        ] GC(47) Humongous regions: 4->4
[2020-09-08T09:36:59.288-0300][gc,metaspace   ] GC(47) Metaspace: 34664K->34664K(1081344K)
[2020-09-08T09:36:59.288-0300][gc,heap        ] GC(47) Heap after GC invocations=48 (full 1): garbage-first heap   total 75776K, used 32431K [0x0000000083000000, 0x0000000100000000)
[2020-09-08T09:36:59.288-0300][gc,heap        ] GC(47)   region size 1024K, 2 young (2048K), 2 survivors (2048K)
[2020-09-08T09:36:59.288-0300][gc,heap        ] GC(47)  Metaspace       used 34664K, capacity 37426K, committed 37632K, reserved 1081344K
[2020-09-08T09:36:59.288-0300][gc,heap        ] GC(47)   class space    used 3937K, capacity 5007K, committed 5120K, reserved 1048576K
[2020-09-08T09:36:59.288-0300][gc             ] GC(47) Pause Young (Concurrent Start) (G1 Evacuation Pause) 43M->31M(74M) 35.422ms
[2020-09-08T09:36:59.288-0300][gc,cpu         ] GC(47) User=0.11s Sys=0.01s Real=0.03s
[2020-09-08T09:36:59.288-0300][gc             ] GC(48) Concurrent Cycle
[2020-09-08T09:36:59.288-0300][gc,marking     ] GC(48) Concurrent Clear Claimed Marks
[2020-09-08T09:36:59.289-0300][gc,marking     ] GC(48) Concurrent Clear Claimed Marks 0.397ms
[2020-09-08T09:36:59.289-0300][gc,marking     ] GC(48) Concurrent Scan Root Regions
[2020-09-08T09:36:59.312-0300][gc,marking     ] GC(48) Concurrent Scan Root Regions 22.712ms
[2020-09-08T09:36:59.312-0300][gc,marking     ] GC(48) Concurrent Mark (76.785s)
[2020-09-08T09:36:59.312-0300][gc,marking     ] GC(48) Concurrent Mark From Roots
[2020-09-08T09:36:59.312-0300][gc,task        ] GC(48) Using 1 workers of 1 for marking
[2020-09-08T09:36:59.806-0300][gc,marking     ] GC(48) Concurrent Mark From Roots 494.012ms
[2020-09-08T09:36:59.806-0300][gc,marking     ] GC(48) Concurrent Preclean
[2020-09-08T09:36:59.807-0300][gc,marking     ] GC(48) Concurrent Preclean 0.405ms
[2020-09-08T09:36:59.807-0300][gc,marking     ] GC(48) Concurrent Mark (76.785s, 77.280s) 494.723ms
[2020-09-08T09:36:59.808-0300][gc,start       ] GC(48) Pause Remark
[2020-09-08T09:36:59.844-0300][gc,stringtable ] GC(48) Cleaned string and symbol table, strings: 20050 processed, 0 removed, symbols: 86837 processed, 13 removed
[2020-09-08T09:36:59.846-0300][gc             ] GC(48) Pause Remark 38M->38M(74M) 38.062ms
[2020-09-08T09:36:59.846-0300][gc,cpu         ] GC(48) User=0.13s Sys=0.01s Real=0.04s
[2020-09-08T09:36:59.846-0300][gc,marking     ] GC(48) Concurrent Rebuild Remembered Sets
[2020-09-08T09:37:00.002-0300][gc,marking     ] GC(48) Concurrent Rebuild Remembered Sets 155.654ms
[2020-09-08T09:37:00.004-0300][gc,start       ] GC(48) Pause Cleanup
[2020-09-08T09:37:00.005-0300][gc             ] GC(48) Pause Cleanup 40M->40M(74M) 0.680ms
[2020-09-08T09:37:00.005-0300][gc,cpu         ] GC(48) User=0.00s Sys=0.00s Real=0.00s
[2020-09-08T09:37:00.005-0300][gc,marking     ] GC(48) Concurrent Cleanup for Next Mark
[2020-09-08T09:37:00.007-0300][gc,marking     ] GC(48) Concurrent Cleanup for Next Mark 1.630ms
[2020-09-08T09:37:00.007-0300][gc             ] GC(48) Concurrent Cycle 719.056ms
[2020-09-08T09:37:01.962-0300][gc,heap        ] GC(49) Heap before GC invocations=49 (full 1): garbage-first heap   total 75776K, used 52911K [0x0000000083000000, 0x0000000100000000)
[2020-09-08T09:37:01.962-0300][gc,heap        ] GC(49)   region size 1024K, 23 young (23552K), 2 survivors (2048K)
[2020-09-08T09:37:01.962-0300][gc,heap        ] GC(49)  Metaspace       used 36539K, capacity 39129K, committed 39936K, reserved 1083392K
[2020-09-08T09:37:01.963-0300][gc,heap        ] GC(49)   class space    used 4108K, capacity 5085K, committed 5376K, reserved 1048576K
[2020-09-08T09:37:01.963-0300][gc,start       ] GC(49) Pause Young (Normal) (G1 Evacuation Pause)
[2020-09-08T09:37:01.963-0300][gc,task        ] GC(49) Using 4 workers of 4 for evacuation
[2020-09-08T09:37:01.979-0300][gc,phases      ] GC(49)   Pre Evacuate Collection Set: 0.0ms
[2020-09-08T09:37:01.979-0300][gc,phases      ] GC(49)   Evacuate Collection Set: 13.7ms
[2020-09-08T09:37:01.979-0300][gc,phases      ] GC(49)   Post Evacuate Collection Set: 2.1ms
[2020-09-08T09:37:01.979-0300][gc,phases      ] GC(49)   Other: 0.8ms
[2020-09-08T09:37:01.979-0300][gc,heap        ] GC(49) Eden regions: 21->0(20)
[2020-09-08T09:37:01.979-0300][gc,heap        ] GC(49) Survivor regions: 2->2(3)
[2020-09-08T09:37:01.979-0300][gc,heap        ] GC(49) Old regions: 29->31
[2020-09-08T09:37:01.979-0300][gc,heap        ] GC(49) Humongous regions: 4->4
[2020-09-08T09:37:01.979-0300][gc,metaspace   ] GC(49) Metaspace: 36539K->36539K(1083392K)
[2020-09-08T09:37:01.979-0300][gc,heap        ] GC(49) Heap after GC invocations=50 (full 1): garbage-first heap   total 75776K, used 33293K [0x0000000083000000, 0x0000000100000000)
[2020-09-08T09:37:01.979-0300][gc,heap        ] GC(49)   region size 1024K, 2 young (2048K), 2 survivors (2048K)
[2020-09-08T09:37:01.979-0300][gc,heap        ] GC(49)  Metaspace       used 36539K, capacity 39129K, committed 39936K, reserved 1083392K
[2020-09-08T09:37:01.980-0300][gc,heap        ] GC(49)   class space    used 4108K, capacity 5085K, committed 5376K, reserved 1048576K
[2020-09-08T09:37:01.980-0300][gc             ] GC(49) Pause Young (Normal) (G1 Evacuation Pause) 52M->32M(74M) 16.986ms
[2020-09-08T09:37:01.980-0300][gc,cpu         ] GC(49) User=0.06s Sys=0.01s Real=0.01s
[2020-09-08T09:37:08.629-0300][gc,heap        ] GC(50) Heap before GC invocations=50 (full 1): garbage-first heap   total 75776K, used 53773K [0x0000000083000000, 0x0000000100000000)
[2020-09-08T09:37:08.629-0300][gc,heap        ] GC(50)   region size 1024K, 22 young (22528K), 2 survivors (2048K)
[2020-09-08T09:37:08.629-0300][gc,heap        ] GC(50)  Metaspace       used 36861K, capacity 39489K, committed 40192K, reserved 1083392K
[2020-09-08T09:37:08.629-0300][gc,heap        ] GC(50)   class space    used 4132K, capacity 5116K, committed 5376K, reserved 1048576K
[2020-09-08T09:37:08.629-0300][gc,start       ] GC(50) Pause Young (Concurrent Start) (G1 Evacuation Pause)
[2020-09-08T09:37:08.629-0300][gc,task        ] GC(50) Using 4 workers of 4 for evacuation
[2020-09-08T09:37:08.647-0300][gc,phases      ] GC(50)   Pre Evacuate Collection Set: 0.4ms
[2020-09-08T09:37:08.647-0300][gc,phases      ] GC(50)   Evacuate Collection Set: 15.1ms
[2020-09-08T09:37:08.648-0300][gc,phases      ] GC(50)   Post Evacuate Collection Set: 1.9ms
[2020-09-08T09:37:08.648-0300][gc,phases      ] GC(50)   Other: 1.2ms
[2020-09-08T09:37:08.648-0300][gc,heap        ] GC(50) Eden regions: 20->0(21)
[2020-09-08T09:37:08.648-0300][gc,heap        ] GC(50) Survivor regions: 2->2(3)
[2020-09-08T09:37:08.648-0300][gc,heap        ] GC(50) Old regions: 31->31
[2020-09-08T09:37:08.648-0300][gc,heap        ] GC(50) Humongous regions: 4->4
[2020-09-08T09:37:08.648-0300][gc,metaspace   ] GC(50) Metaspace: 36861K->36861K(1083392K)
[2020-09-08T09:37:08.648-0300][gc,heap        ] GC(50) Heap after GC invocations=51 (full 1): garbage-first heap   total 75776K, used 34059K [0x0000000083000000, 0x0000000100000000)
[2020-09-08T09:37:08.648-0300][gc,heap        ] GC(50)   region size 1024K, 2 young (2048K), 2 survivors (2048K)
[2020-09-08T09:37:08.648-0300][gc,heap        ] GC(50)  Metaspace       used 36861K, capacity 39489K, committed 40192K, reserved 1083392K
[2020-09-08T09:37:08.648-0300][gc,heap        ] GC(50)   class space    used 4132K, capacity 5116K, committed 5376K, reserved 1048576K
[2020-09-08T09:37:08.648-0300][gc             ] GC(50) Pause Young (Concurrent Start) (G1 Evacuation Pause) 52M->33M(74M) 19.088ms
[2020-09-08T09:37:08.648-0300][gc,cpu         ] GC(50) User=0.05s Sys=0.01s Real=0.02s
[2020-09-08T09:37:08.649-0300][gc             ] GC(51) Concurrent Cycle
[2020-09-08T09:37:08.649-0300][gc,marking     ] GC(51) Concurrent Clear Claimed Marks
[2020-09-08T09:37:08.650-0300][gc,marking     ] GC(51) Concurrent Clear Claimed Marks 1.140ms
[2020-09-08T09:37:08.650-0300][gc,marking     ] GC(51) Concurrent Scan Root Regions
[2020-09-08T09:37:08.669-0300][gc,marking     ] GC(51) Concurrent Scan Root Regions 19.388ms
[2020-09-08T09:37:08.670-0300][gc,marking     ] GC(51) Concurrent Mark (86.143s)
[2020-09-08T09:37:08.670-0300][gc,marking     ] GC(51) Concurrent Mark From Roots
[2020-09-08T09:37:08.670-0300][gc,task        ] GC(51) Using 1 workers of 1 for marking
[2020-09-08T09:37:09.141-0300][gc,marking     ] GC(51) Concurrent Mark From Roots 471.788ms
[2020-09-08T09:37:09.142-0300][gc,marking     ] GC(51) Concurrent Preclean
[2020-09-08T09:37:09.142-0300][gc,marking     ] GC(51) Concurrent Preclean 0.382ms
[2020-09-08T09:37:09.142-0300][gc,marking     ] GC(51) Concurrent Mark (86.143s, 86.616s) 472.426ms
[2020-09-08T09:37:09.143-0300][gc,start       ] GC(51) Pause Remark
[2020-09-08T09:37:09.189-0300][gc,stringtable ] GC(51) Cleaned string and symbol table, strings: 20748 processed, 2 removed, symbols: 88830 processed, 6 removed
[2020-09-08T09:37:09.190-0300][gc             ] GC(51) Pause Remark 35M->35M(74M) 47.261ms
[2020-09-08T09:37:09.190-0300][gc,cpu         ] GC(51) User=0.12s Sys=0.00s Real=0.04s
[2020-09-08T09:37:09.190-0300][gc,marking     ] GC(51) Concurrent Rebuild Remembered Sets
[2020-09-08T09:37:09.330-0300][gc,marking     ] GC(51) Concurrent Rebuild Remembered Sets 139.546ms
[2020-09-08T09:37:09.331-0300][gc,start       ] GC(51) Pause Cleanup
[2020-09-08T09:37:09.331-0300][gc             ] GC(51) Pause Cleanup 35M->35M(74M) 0.618ms
[2020-09-08T09:37:09.332-0300][gc,cpu         ] GC(51) User=0.00s Sys=0.00s Real=0.01s
[2020-09-08T09:37:09.333-0300][gc,marking     ] GC(51) Concurrent Cleanup for Next Mark
[2020-09-08T09:37:09.334-0300][gc,marking     ] GC(51) Concurrent Cleanup for Next Mark 1.301ms
[2020-09-08T09:37:09.334-0300][gc             ] GC(51) Concurrent Cycle 685.610ms
[2020-09-08T09:37:11.957-0300][gc,heap        ] GC(52) Heap before GC invocations=52 (full 1): garbage-first heap   total 75776K, used 54539K [0x0000000083000000, 0x0000000100000000)
[2020-09-08T09:37:11.957-0300][gc,heap        ] GC(52)   region size 1024K, 23 young (23552K), 2 survivors (2048K)
[2020-09-08T09:37:11.957-0300][gc,heap        ] GC(52)  Metaspace       used 36973K, capacity 39593K, committed 40192K, reserved 1083392K
[2020-09-08T09:37:11.957-0300][gc,heap        ] GC(52)   class space    used 4134K, capacity 5119K, committed 5376K, reserved 1048576K
[2020-09-08T09:37:11.958-0300][gc,start       ] GC(52) Pause Young (Normal) (G1 Evacuation Pause)
[2020-09-08T09:37:11.958-0300][gc,task        ] GC(52) Using 4 workers of 4 for evacuation
[2020-09-08T09:37:11.985-0300][gc,phases      ] GC(52)   Pre Evacuate Collection Set: 0.1ms
[2020-09-08T09:37:11.985-0300][gc,phases      ] GC(52)   Evacuate Collection Set: 22.8ms
[2020-09-08T09:37:11.985-0300][gc,phases      ] GC(52)   Post Evacuate Collection Set: 3.5ms
[2020-09-08T09:37:11.985-0300][gc,phases      ] GC(52)   Other: 1.2ms
[2020-09-08T09:37:11.985-0300][gc,heap        ] GC(52) Eden regions: 21->0(20)
[2020-09-08T09:37:11.985-0300][gc,heap        ] GC(52) Survivor regions: 2->3(3)
[2020-09-08T09:37:11.985-0300][gc,heap        ] GC(52) Old regions: 31->31
[2020-09-08T09:37:11.985-0300][gc,heap        ] GC(52) Humongous regions: 4->4
[2020-09-08T09:37:11.985-0300][gc,metaspace   ] GC(52) Metaspace: 36973K->36973K(1083392K)
[2020-09-08T09:37:11.986-0300][gc,heap        ] GC(52) Heap after GC invocations=53 (full 1): garbage-first heap   total 75776K, used 36028K [0x0000000083000000, 0x0000000100000000)
[2020-09-08T09:37:11.986-0300][gc,heap        ] GC(52)   region size 1024K, 3 young (3072K), 3 survivors (3072K)
[2020-09-08T09:37:11.986-0300][gc,heap        ] GC(52)  Metaspace       used 36973K, capacity 39593K, committed 40192K, reserved 1083392K
[2020-09-08T09:37:11.986-0300][gc,heap        ] GC(52)   class space    used 4134K, capacity 5119K, committed 5376K, reserved 1048576K
[2020-09-08T09:37:11.986-0300][gc             ] GC(52) Pause Young (Normal) (G1 Evacuation Pause) 54M->35M(74M) 28.456ms
[2020-09-08T09:37:11.987-0300][gc,cpu         ] GC(52) User=0.09s Sys=0.00s Real=0.03s
[2020-09-08T09:37:11.996-0300][gc,heap        ] GC(53) Heap before GC invocations=53 (full 1): garbage-first heap   total 75776K, used 36028K [0x0000000083000000, 0x0000000100000000)
[2020-09-08T09:37:11.997-0300][gc,heap        ] GC(53)   region size 1024K, 5 young (5120K), 3 survivors (3072K)
[2020-09-08T09:37:11.997-0300][gc,heap        ] GC(53)  Metaspace       used 36973K, capacity 39593K, committed 40192K, reserved 1083392K
[2020-09-08T09:37:11.997-0300][gc,heap        ] GC(53)   class space    used 4134K, capacity 5119K, committed 5376K, reserved 1048576K
[2020-09-08T09:37:11.997-0300][gc,start       ] GC(53) Pause Young (Concurrent Start) (G1 Humongous Allocation)
[2020-09-08T09:37:11.997-0300][gc,task        ] GC(53) Using 4 workers of 4 for evacuation
[2020-09-08T09:37:12.015-0300][gc,phases      ] GC(53)   Pre Evacuate Collection Set: 0.3ms
[2020-09-08T09:37:12.015-0300][gc,phases      ] GC(53)   Evacuate Collection Set: 16.4ms
[2020-09-08T09:37:12.015-0300][gc,phases      ] GC(53)   Post Evacuate Collection Set: 0.8ms
[2020-09-08T09:37:12.015-0300][gc,phases      ] GC(53)   Other: 1.1ms
[2020-09-08T09:37:12.015-0300][gc,heap        ] GC(53) Eden regions: 2->0(16)
[2020-09-08T09:37:12.015-0300][gc,heap        ] GC(53) Survivor regions: 3->1(3)
[2020-09-08T09:37:12.016-0300][gc,heap        ] GC(53) Old regions: 31->34
[2020-09-08T09:37:12.016-0300][gc,heap        ] GC(53) Humongous regions: 4->4
[2020-09-08T09:37:12.016-0300][gc,metaspace   ] GC(53) Metaspace: 36973K->36973K(1083392K)
[2020-09-08T09:37:12.016-0300][gc,heap        ] GC(53) Heap after GC invocations=54 (full 1): garbage-first heap   total 75776K, used 36046K [0x0000000083000000, 0x0000000100000000)
[2020-09-08T09:37:12.016-0300][gc,heap        ] GC(53)   region size 1024K, 1 young (1024K), 1 survivors (1024K)
[2020-09-08T09:37:12.016-0300][gc,heap        ] GC(53)  Metaspace       used 36973K, capacity 39593K, committed 40192K, reserved 1083392K
[2020-09-08T09:37:12.016-0300][gc,heap        ] GC(53)   class space    used 4134K, capacity 5119K, committed 5376K, reserved 1048576K
[2020-09-08T09:37:12.016-0300][gc             ] GC(53) Pause Young (Concurrent Start) (G1 Humongous Allocation) 36M->35M(74M) 19.192ms
[2020-09-08T09:37:12.016-0300][gc,cpu         ] GC(53) User=0.06s Sys=0.00s Real=0.02s
[2020-09-08T09:37:12.016-0300][gc             ] GC(54) Concurrent Cycle
[2020-09-08T09:37:12.016-0300][gc,marking     ] GC(54) Concurrent Clear Claimed Marks
[2020-09-08T09:37:12.019-0300][gc,marking     ] GC(54) Concurrent Clear Claimed Marks 2.776ms
[2020-09-08T09:37:12.019-0300][gc,marking     ] GC(54) Concurrent Scan Root Regions
[2020-09-08T09:37:12.020-0300][gc,marking     ] GC(54) Concurrent Scan Root Regions 0.650ms
[2020-09-08T09:37:12.020-0300][gc,marking     ] GC(54) Concurrent Mark (89.494s)
[2020-09-08T09:37:12.020-0300][gc,marking     ] GC(54) Concurrent Mark From Roots
[2020-09-08T09:37:12.020-0300][gc,task        ] GC(54) Using 1 workers of 1 for marking
[2020-09-08T09:37:12.433-0300][gc,marking     ] GC(54) Concurrent Mark From Roots 412.244ms
[2020-09-08T09:37:12.433-0300][gc,marking     ] GC(54) Concurrent Preclean
[2020-09-08T09:37:12.433-0300][gc,marking     ] GC(54) Concurrent Preclean 0.596ms
[2020-09-08T09:37:12.434-0300][gc,marking     ] GC(54) Concurrent Mark (89.494s, 89.907s) 413.348ms
[2020-09-08T09:37:12.436-0300][gc,start       ] GC(54) Pause Remark
[2020-09-08T09:37:12.476-0300][gc,stringtable ] GC(54) Cleaned string and symbol table, strings: 20840 processed, 0 removed, symbols: 88865 processed, 2 removed
[2020-09-08T09:37:12.477-0300][gc             ] GC(54) Pause Remark 42M->42M(74M) 41.781ms
[2020-09-08T09:37:12.477-0300][gc,cpu         ] GC(54) User=0.15s Sys=0.00s Real=0.04s
[2020-09-08T09:37:12.479-0300][gc,marking     ] GC(54) Concurrent Rebuild Remembered Sets
[2020-09-08T09:37:12.721-0300][gc,marking     ] GC(54) Concurrent Rebuild Remembered Sets 242.619ms
[2020-09-08T09:37:12.723-0300][gc,start       ] GC(54) Pause Cleanup
[2020-09-08T09:37:12.724-0300][gc             ] GC(54) Pause Cleanup 53M->53M(74M) 0.612ms
[2020-09-08T09:37:12.724-0300][gc,cpu         ] GC(54) User=0.00s Sys=0.01s Real=0.00s
[2020-09-08T09:37:12.724-0300][gc,marking     ] GC(54) Concurrent Cleanup for Next Mark
[2020-09-08T09:37:12.727-0300][gc,marking     ] GC(54) Concurrent Cleanup for Next Mark 2.679ms
[2020-09-08T09:37:12.727-0300][gc             ] GC(54) Concurrent Cycle 710.746ms
[2020-09-08T09:37:12.758-0300][gc,heap        ] GC(55) Heap before GC invocations=55 (full 1): garbage-first heap   total 75776K, used 55502K [0x0000000083000000, 0x0000000100000000)
[2020-09-08T09:37:12.758-0300][gc,heap        ] GC(55)   region size 1024K, 18 young (18432K), 1 survivors (1024K)
[2020-09-08T09:37:12.759-0300][gc,heap        ] GC(55)  Metaspace       used 36996K, capacity 39597K, committed 40192K, reserved 1083392K
[2020-09-08T09:37:12.759-0300][gc,heap        ] GC(55)   class space    used 4135K, capacity 5119K, committed 5376K, reserved 1048576K
[2020-09-08T09:37:12.759-0300][gc,start       ] GC(55) Pause Young (Normal) (GCLocker Initiated GC)
[2020-09-08T09:37:12.759-0300][gc,task        ] GC(55) Using 4 workers of 4 for evacuation
[2020-09-08T09:37:12.774-0300][gc,phases      ] GC(55)   Pre Evacuate Collection Set: 0.1ms
[2020-09-08T09:37:12.774-0300][gc,phases      ] GC(55)   Evacuate Collection Set: 11.8ms
[2020-09-08T09:37:12.774-0300][gc,phases      ] GC(55)   Post Evacuate Collection Set: 2.5ms
[2020-09-08T09:37:12.774-0300][gc,phases      ] GC(55)   Other: 1.2ms
[2020-09-08T09:37:12.774-0300][gc,heap        ] GC(55) Eden regions: 17->0(13)
[2020-09-08T09:37:12.774-0300][gc,heap        ] GC(55) Survivor regions: 1->3(3)
[2020-09-08T09:37:12.774-0300][gc,heap        ] GC(55) Old regions: 34->35
[2020-09-08T09:37:12.774-0300][gc,heap        ] GC(55) Humongous regions: 8->6
[2020-09-08T09:37:12.775-0300][gc,metaspace   ] GC(55) Metaspace: 36996K->36996K(1083392K)
[2020-09-08T09:37:12.775-0300][gc,heap        ] GC(55) Heap after GC invocations=56 (full 1): garbage-first heap   total 75776K, used 41264K [0x0000000083000000, 0x0000000100000000)
[2020-09-08T09:37:12.775-0300][gc,heap        ] GC(55)   region size 1024K, 3 young (3072K), 3 survivors (3072K)
[2020-09-08T09:37:12.775-0300][gc,heap        ] GC(55)  Metaspace       used 36996K, capacity 39597K, committed 40192K, reserved 1083392K
[2020-09-08T09:37:12.775-0300][gc,heap        ] GC(55)   class space    used 4135K, capacity 5119K, committed 5376K, reserved 1048576K
[2020-09-08T09:37:12.775-0300][gc             ] GC(55) Pause Young (Normal) (GCLocker Initiated GC) 55M->40M(74M) 16.002ms
[2020-09-08T09:37:12.775-0300][gc,cpu         ] GC(55) User=0.05s Sys=0.00s Real=0.02s
[2020-09-08T09:37:12.872-0300][gc,heap        ] GC(56) Heap before GC invocations=56 (full 1): garbage-first heap   total 75776K, used 47408K [0x0000000083000000, 0x0000000100000000)
[2020-09-08T09:37:12.872-0300][gc,heap        ] GC(56)   region size 1024K, 11 young (11264K), 3 survivors (3072K)
[2020-09-08T09:37:12.872-0300][gc,heap        ] GC(56)  Metaspace       used 37000K, capacity 39597K, committed 40192K, reserved 1083392K
[2020-09-08T09:37:12.872-0300][gc,heap        ] GC(56)   class space    used 4135K, capacity 5119K, committed 5376K, reserved 1048576K
[2020-09-08T09:37:12.872-0300][gc,start       ] GC(56) Pause Young (Concurrent Start) (G1 Humongous Allocation)
[2020-09-08T09:37:12.872-0300][gc,task        ] GC(56) Using 4 workers of 4 for evacuation
[2020-09-08T09:37:12.893-0300][gc,phases      ] GC(56)   Pre Evacuate Collection Set: 0.5ms
[2020-09-08T09:37:12.893-0300][gc,phases      ] GC(56)   Evacuate Collection Set: 15.2ms
[2020-09-08T09:37:12.893-0300][gc,phases      ] GC(56)   Post Evacuate Collection Set: 4.4ms
[2020-09-08T09:37:12.894-0300][gc,phases      ] GC(56)   Other: 1.5ms
[2020-09-08T09:37:12.894-0300][gc,heap        ] GC(56) Eden regions: 8->0(13)
[2020-09-08T09:37:12.894-0300][gc,heap        ] GC(56) Survivor regions: 3->1(2)
[2020-09-08T09:37:12.894-0300][gc,heap        ] GC(56) Old regions: 35->36
[2020-09-08T09:37:12.894-0300][gc,heap        ] GC(56) Humongous regions: 6->6
[2020-09-08T09:37:12.894-0300][gc,metaspace   ] GC(56) Metaspace: 37000K->37000K(1083392K)
[2020-09-08T09:37:12.894-0300][gc,heap        ] GC(56) Heap after GC invocations=57 (full 1): garbage-first heap   total 75776K, used 40415K [0x0000000083000000, 0x0000000100000000)
[2020-09-08T09:37:12.894-0300][gc,heap        ] GC(56)   region size 1024K, 1 young (1024K), 1 survivors (1024K)
[2020-09-08T09:37:12.894-0300][gc,heap        ] GC(56)  Metaspace       used 37000K, capacity 39597K, committed 40192K, reserved 1083392K
[2020-09-08T09:37:12.894-0300][gc,heap        ] GC(56)   class space    used 4135K, capacity 5119K, committed 5376K, reserved 1048576K
[2020-09-08T09:37:12.894-0300][gc             ] GC(56) Pause Young (Concurrent Start) (G1 Humongous Allocation) 47M->39M(74M) 21.996ms
[2020-09-08T09:37:12.895-0300][gc,cpu         ] GC(56) User=0.06s Sys=0.00s Real=0.02s
[2020-09-08T09:37:12.895-0300][gc             ] GC(57) Concurrent Cycle
[2020-09-08T09:37:12.895-0300][gc,marking     ] GC(57) Concurrent Clear Claimed Marks
[2020-09-08T09:37:12.896-0300][gc,marking     ] GC(57) Concurrent Clear Claimed Marks 0.977ms
[2020-09-08T09:37:12.896-0300][gc,marking     ] GC(57) Concurrent Scan Root Regions
[2020-09-08T09:37:12.900-0300][gc,marking     ] GC(57) Concurrent Scan Root Regions 3.275ms
[2020-09-08T09:37:12.900-0300][gc,marking     ] GC(57) Concurrent Mark (90.373s)
[2020-09-08T09:37:12.900-0300][gc,marking     ] GC(57) Concurrent Mark From Roots
[2020-09-08T09:37:12.900-0300][gc,task        ] GC(57) Using 1 workers of 1 for marking
[2020-09-08T09:37:13.273-0300][gc,marking     ] GC(57) Concurrent Mark From Roots 373.058ms
[2020-09-08T09:37:13.273-0300][gc,marking     ] GC(57) Concurrent Preclean
[2020-09-08T09:37:13.273-0300][gc,marking     ] GC(57) Concurrent Preclean 0.434ms
[2020-09-08T09:37:13.274-0300][gc,marking     ] GC(57) Concurrent Mark (90.373s, 90.747s) 373.890ms
[2020-09-08T09:37:13.275-0300][gc,start       ] GC(57) Pause Remark
[2020-09-08T09:37:13.306-0300][gc,stringtable ] GC(57) Cleaned string and symbol table, strings: 20856 processed, 0 removed, symbols: 88863 processed, 0 removed
[2020-09-08T09:37:13.307-0300][gc             ] GC(57) Pause Remark 45M->43M(74M) 32.416ms
[2020-09-08T09:37:13.307-0300][gc,cpu         ] GC(57) User=0.11s Sys=0.00s Real=0.03s
[2020-09-08T09:37:13.309-0300][gc,marking     ] GC(57) Concurrent Rebuild Remembered Sets
[2020-09-08T09:37:13.505-0300][gc,marking     ] GC(57) Concurrent Rebuild Remembered Sets 196.020ms
[2020-09-08T09:37:13.506-0300][gc,start       ] GC(57) Pause Cleanup
[2020-09-08T09:37:13.507-0300][gc             ] GC(57) Pause Cleanup 43M->43M(74M) 0.478ms
[2020-09-08T09:37:13.507-0300][gc,cpu         ] GC(57) User=0.01s Sys=0.00s Real=0.00s
[2020-09-08T09:37:13.507-0300][gc,marking     ] GC(57) Concurrent Cleanup for Next Mark
[2020-09-08T09:37:13.509-0300][gc,marking     ] GC(57) Concurrent Cleanup for Next Mark 2.063ms
[2020-09-08T09:37:13.509-0300][gc             ] GC(57) Concurrent Cycle 614.555ms
[2020-09-08T09:37:15.264-0300][gc,heap        ] GC(58) Heap before GC invocations=58 (full 1): garbage-first heap   total 75776K, used 52703K [0x0000000083000000, 0x0000000100000000)
[2020-09-08T09:37:15.264-0300][gc,heap        ] GC(58)   region size 1024K, 14 young (14336K), 1 survivors (1024K)
[2020-09-08T09:37:15.265-0300][gc,heap        ] GC(58)  Metaspace       used 37206K, capacity 39853K, committed 40448K, reserved 1085440K
[2020-09-08T09:37:15.265-0300][gc,heap        ] GC(58)   class space    used 4157K, capacity 5136K, committed 5376K, reserved 1048576K
[2020-09-08T09:37:15.265-0300][gc,start       ] GC(58) Pause Young (Prepare Mixed) (G1 Evacuation Pause)
[2020-09-08T09:37:15.265-0300][gc,task        ] GC(58) Using 4 workers of 4 for evacuation
[2020-09-08T09:37:15.284-0300][gc,phases      ] GC(58)   Pre Evacuate Collection Set: 0.1ms
[2020-09-08T09:37:15.284-0300][gc,phases      ] GC(58)   Evacuate Collection Set: 16.2ms
[2020-09-08T09:37:15.284-0300][gc,phases      ] GC(58)   Post Evacuate Collection Set: 2.3ms
[2020-09-08T09:37:15.284-0300][gc,phases      ] GC(58)   Other: 1.3ms
[2020-09-08T09:37:15.284-0300][gc,heap        ] GC(58) Eden regions: 13->0(1)
[2020-09-08T09:37:15.284-0300][gc,heap        ] GC(58) Survivor regions: 1->2(2)
[2020-09-08T09:37:15.285-0300][gc,heap        ] GC(58) Old regions: 36->36
[2020-09-08T09:37:15.285-0300][gc,heap        ] GC(58) Humongous regions: 6->6
[2020-09-08T09:37:15.285-0300][gc,metaspace   ] GC(58) Metaspace: 37206K->37206K(1085440K)
[2020-09-08T09:37:15.285-0300][gc,heap        ] GC(58) Heap after GC invocations=59 (full 1): garbage-first heap   total 75776K, used 41349K [0x0000000083000000, 0x0000000100000000)
[2020-09-08T09:37:15.285-0300][gc,heap        ] GC(58)   region size 1024K, 2 young (2048K), 2 survivors (2048K)
[2020-09-08T09:37:15.285-0300][gc,heap        ] GC(58)  Metaspace       used 37206K, capacity 39853K, committed 40448K, reserved 1085440K
[2020-09-08T09:37:15.285-0300][gc,heap        ] GC(58)   class space    used 4157K, capacity 5136K, committed 5376K, reserved 1048576K
[2020-09-08T09:37:15.285-0300][gc             ] GC(58) Pause Young (Prepare Mixed) (G1 Evacuation Pause) 52M->40M(74M) 20.270ms
[2020-09-08T09:37:15.285-0300][gc,cpu         ] GC(58) User=0.05s Sys=0.01s Real=0.02s
[2020-09-08T09:37:15.350-0300][gc,heap        ] GC(59) Heap before GC invocations=59 (full 1): garbage-first heap   total 75776K, used 42373K [0x0000000083000000, 0x0000000100000000)
[2020-09-08T09:37:15.350-0300][gc,heap        ] GC(59)   region size 1024K, 3 young (3072K), 2 survivors (2048K)
[2020-09-08T09:37:15.350-0300][gc,heap        ] GC(59)  Metaspace       used 37227K, capacity 39883K, committed 40448K, reserved 1085440K
[2020-09-08T09:37:15.350-0300][gc,heap        ] GC(59)   class space    used 4161K, capacity 5145K, committed 5376K, reserved 1048576K
[2020-09-08T09:37:15.351-0300][gc,start       ] GC(59) Pause Young (Mixed) (G1 Evacuation Pause)
[2020-09-08T09:37:15.351-0300][gc,task        ] GC(59) Using 4 workers of 4 for evacuation
[2020-09-08T09:37:15.377-0300][gc,phases      ] GC(59)   Pre Evacuate Collection Set: 0.1ms
[2020-09-08T09:37:15.377-0300][gc,phases      ] GC(59)   Evacuate Collection Set: 16.8ms
[2020-09-08T09:37:15.377-0300][gc,phases      ] GC(59)   Post Evacuate Collection Set: 8.5ms
[2020-09-08T09:37:15.377-0300][gc,phases      ] GC(59)   Other: 1.2ms
[2020-09-08T09:37:15.377-0300][gc,heap        ] GC(59) Eden regions: 1->0(13)
[2020-09-08T09:37:15.377-0300][gc,heap        ] GC(59) Survivor regions: 2->1(1)
[2020-09-08T09:37:15.377-0300][gc,heap        ] GC(59) Old regions: 36->36
[2020-09-08T09:37:15.377-0300][gc,heap        ] GC(59) Humongous regions: 6->6
[2020-09-08T09:37:15.377-0300][gc,metaspace   ] GC(59) Metaspace: 37227K->37227K(1085440K)
[2020-09-08T09:37:15.377-0300][gc,heap        ] GC(59) Heap after GC invocations=60 (full 1): garbage-first heap   total 75776K, used 40493K [0x0000000083000000, 0x0000000100000000)
[2020-09-08T09:37:15.378-0300][gc,heap        ] GC(59)   region size 1024K, 1 young (1024K), 1 survivors (1024K)
[2020-09-08T09:37:15.378-0300][gc,heap        ] GC(59)  Metaspace       used 37227K, capacity 39883K, committed 40448K, reserved 1085440K
[2020-09-08T09:37:15.378-0300][gc,heap        ] GC(59)   class space    used 4161K, capacity 5145K, committed 5376K, reserved 1048576K
[2020-09-08T09:37:15.378-0300][gc             ] GC(59) Pause Young (Mixed) (G1 Evacuation Pause) 41M->39M(74M) 27.358ms
[2020-09-08T09:37:15.378-0300][gc,cpu         ] GC(59) User=0.06s Sys=0.01s Real=0.03s
[2020-09-08T09:37:15.825-0300][gc,heap        ] GC(60) Heap before GC invocations=60 (full 1): garbage-first heap   total 75776K, used 52781K [0x0000000083000000, 0x0000000100000000)
[2020-09-08T09:37:15.825-0300][gc,heap        ] GC(60)   region size 1024K, 14 young (14336K), 1 survivors (1024K)
[2020-09-08T09:37:15.825-0300][gc,heap        ] GC(60)  Metaspace       used 37487K, capacity 40198K, committed 40704K, reserved 1085440K
[2020-09-08T09:37:15.825-0300][gc,heap        ] GC(60)   class space    used 4184K, capacity 5184K, committed 5376K, reserved 1048576K
[2020-09-08T09:37:15.826-0300][gc,start       ] GC(60) Pause Young (Concurrent Start) (G1 Evacuation Pause)
[2020-09-08T09:37:15.826-0300][gc,task        ] GC(60) Using 4 workers of 4 for evacuation
[2020-09-08T09:37:15.842-0300][gc,phases      ] GC(60)   Pre Evacuate Collection Set: 0.4ms
[2020-09-08T09:37:15.842-0300][gc,phases      ] GC(60)   Evacuate Collection Set: 13.3ms
[2020-09-08T09:37:15.842-0300][gc,phases      ] GC(60)   Post Evacuate Collection Set: 2.2ms
[2020-09-08T09:37:15.842-0300][gc,phases      ] GC(60)   Other: 1.2ms
[2020-09-08T09:37:15.843-0300][gc,heap        ] GC(60) Eden regions: 13->0(21)
[2020-09-08T09:37:15.843-0300][gc,heap        ] GC(60) Survivor regions: 1->2(2)
[2020-09-08T09:37:15.843-0300][gc,heap        ] GC(60) Old regions: 36->37
[2020-09-08T09:37:15.843-0300][gc,heap        ] GC(60) Humongous regions: 6->6
[2020-09-08T09:37:15.843-0300][gc,metaspace   ] GC(60) Metaspace: 37487K->37487K(1085440K)
[2020-09-08T09:37:15.843-0300][gc,heap        ] GC(60) Heap after GC invocations=61 (full 1): garbage-first heap   total 91136K, used 43144K [0x0000000083000000, 0x0000000100000000)
[2020-09-08T09:37:15.843-0300][gc,heap        ] GC(60)   region size 1024K, 2 young (2048K), 2 survivors (2048K)
[2020-09-08T09:37:15.843-0300][gc,heap        ] GC(60)  Metaspace       used 37487K, capacity 40198K, committed 40704K, reserved 1085440K
[2020-09-08T09:37:15.843-0300][gc,heap        ] GC(60)   class space    used 4184K, capacity 5184K, committed 5376K, reserved 1048576K
[2020-09-08T09:37:15.843-0300][gc             ] GC(60) Pause Young (Concurrent Start) (G1 Evacuation Pause) 52M->42M(89M) 17.376ms
[2020-09-08T09:37:15.843-0300][gc,cpu         ] GC(60) User=0.05s Sys=0.01s Real=0.02s
[2020-09-08T09:37:15.843-0300][gc             ] GC(61) Concurrent Cycle
[2020-09-08T09:37:15.843-0300][gc,marking     ] GC(61) Concurrent Clear Claimed Marks
[2020-09-08T09:37:15.844-0300][gc,marking     ] GC(61) Concurrent Clear Claimed Marks 0.578ms
[2020-09-08T09:37:15.844-0300][gc,marking     ] GC(61) Concurrent Scan Root Regions
[2020-09-08T09:37:15.855-0300][gc,marking     ] GC(61) Concurrent Scan Root Regions 10.437ms
[2020-09-08T09:37:15.855-0300][gc,marking     ] GC(61) Concurrent Mark (93.328s)
[2020-09-08T09:37:15.855-0300][gc,marking     ] GC(61) Concurrent Mark From Roots
[2020-09-08T09:37:15.856-0300][gc,task        ] GC(61) Using 1 workers of 1 for marking
[2020-09-08T09:37:16.343-0300][gc,marking     ] GC(61) Concurrent Mark From Roots 487.654ms
[2020-09-08T09:37:16.343-0300][gc,marking     ] GC(61) Concurrent Preclean
[2020-09-08T09:37:16.344-0300][gc,marking     ] GC(61) Concurrent Preclean 0.439ms
[2020-09-08T09:37:16.344-0300][gc,marking     ] GC(61) Concurrent Mark (93.328s, 93.817s) 488.914ms
[2020-09-08T09:37:16.348-0300][gc,start       ] GC(61) Pause Remark
[2020-09-08T09:37:16.377-0300][gc,stringtable ] GC(61) Cleaned string and symbol table, strings: 21201 processed, 0 removed, symbols: 90070 processed, 1 removed
[2020-09-08T09:37:16.378-0300][gc             ] GC(61) Pause Remark 54M->52M(89M) 30.031ms
[2020-09-08T09:37:16.378-0300][gc,cpu         ] GC(61) User=0.11s Sys=0.00s Real=0.03s
[2020-09-08T09:37:16.378-0300][gc,marking     ] GC(61) Concurrent Rebuild Remembered Sets
[2020-09-08T09:37:16.587-0300][gc,marking     ] GC(61) Concurrent Rebuild Remembered Sets 208.531ms
[2020-09-08T09:37:16.588-0300][gc,start       ] GC(61) Pause Cleanup
[2020-09-08T09:37:16.588-0300][gc             ] GC(61) Pause Cleanup 53M->53M(89M) 0.532ms
[2020-09-08T09:37:16.589-0300][gc,cpu         ] GC(61) User=0.00s Sys=0.00s Real=0.00s
[2020-09-08T09:37:16.590-0300][gc,marking     ] GC(61) Concurrent Cleanup for Next Mark
[2020-09-08T09:37:16.592-0300][gc,marking     ] GC(61) Concurrent Cleanup for Next Mark 1.981ms
[2020-09-08T09:37:16.592-0300][gc             ] GC(61) Concurrent Cycle 749.143ms
[2020-09-08T09:37:17.869-0300][gc,heap        ] GC(62) Heap before GC invocations=62 (full 1): garbage-first heap   total 91136K, used 62600K [0x0000000083000000, 0x0000000100000000)
[2020-09-08T09:37:17.869-0300][gc,heap        ] GC(62)   region size 1024K, 23 young (23552K), 2 survivors (2048K)
[2020-09-08T09:37:17.870-0300][gc,heap        ] GC(62)  Metaspace       used 37938K, capacity 40724K, committed 40960K, reserved 1085440K
[2020-09-08T09:37:17.870-0300][gc,heap        ] GC(62)   class space    used 4282K, capacity 5333K, committed 5376K, reserved 1048576K
[2020-09-08T09:37:17.870-0300][gc,start       ] GC(62) Pause Young (Prepare Mixed) (G1 Evacuation Pause)
[2020-09-08T09:37:17.870-0300][gc,task        ] GC(62) Using 4 workers of 4 for evacuation
[2020-09-08T09:37:17.892-0300][gc,phases      ] GC(62)   Pre Evacuate Collection Set: 0.1ms
[2020-09-08T09:37:17.892-0300][gc,phases      ] GC(62)   Evacuate Collection Set: 10.7ms
[2020-09-08T09:37:17.892-0300][gc,phases      ] GC(62)   Post Evacuate Collection Set: 11.0ms
[2020-09-08T09:37:17.893-0300][gc,phases      ] GC(62)   Other: 1.1ms
[2020-09-08T09:37:17.893-0300][gc,heap        ] GC(62) Eden regions: 21->0(3)
[2020-09-08T09:37:17.893-0300][gc,heap        ] GC(62) Survivor regions: 2->1(3)
[2020-09-08T09:37:17.893-0300][gc,heap        ] GC(62) Old regions: 37->38
[2020-09-08T09:37:17.893-0300][gc,heap        ] GC(62) Humongous regions: 4->4
[2020-09-08T09:37:17.893-0300][gc,metaspace   ] GC(62) Metaspace: 37938K->37938K(1085440K)
[2020-09-08T09:37:17.893-0300][gc,heap        ] GC(62) Heap after GC invocations=63 (full 1): garbage-first heap   total 91136K, used 41548K [0x0000000083000000, 0x0000000100000000)
[2020-09-08T09:37:17.893-0300][gc,heap        ] GC(62)   region size 1024K, 1 young (1024K), 1 survivors (1024K)
[2020-09-08T09:37:17.893-0300][gc,heap        ] GC(62)  Metaspace       used 37938K, capacity 40724K, committed 40960K, reserved 1085440K
[2020-09-08T09:37:17.893-0300][gc,heap        ] GC(62)   class space    used 4282K, capacity 5333K, committed 5376K, reserved 1048576K
[2020-09-08T09:37:17.893-0300][gc             ] GC(62) Pause Young (Prepare Mixed) (G1 Evacuation Pause) 61M->40M(89M) 23.302ms
[2020-09-08T09:37:17.893-0300][gc,cpu         ] GC(62) User=0.08s Sys=0.00s Real=0.03s
[2020-09-08T09:37:18.019-0300][gc,heap        ] GC(63) Heap before GC invocations=63 (full 1): garbage-first heap   total 91136K, used 44620K [0x0000000083000000, 0x0000000100000000)
[2020-09-08T09:37:18.019-0300][gc,heap        ] GC(63)   region size 1024K, 4 young (4096K), 1 survivors (1024K)
[2020-09-08T09:37:18.019-0300][gc,heap        ] GC(63)  Metaspace       used 37944K, capacity 40724K, committed 40960K, reserved 1085440K
[2020-09-08T09:37:18.019-0300][gc,heap        ] GC(63)   class space    used 4282K, capacity 5333K, committed 5376K, reserved 1048576K
[2020-09-08T09:37:18.019-0300][gc,start       ] GC(63) Pause Young (Mixed) (G1 Evacuation Pause)
[2020-09-08T09:37:18.020-0300][gc,task        ] GC(63) Using 4 workers of 4 for evacuation
[2020-09-08T09:37:18.035-0300][gc,phases      ] GC(63)   Pre Evacuate Collection Set: 0.2ms
[2020-09-08T09:37:18.035-0300][gc,phases      ] GC(63)   Evacuate Collection Set: 8.7ms
[2020-09-08T09:37:18.035-0300][gc,phases      ] GC(63)   Post Evacuate Collection Set: 6.2ms
[2020-09-08T09:37:18.035-0300][gc,phases      ] GC(63)   Other: 1.0ms
[2020-09-08T09:37:18.035-0300][gc,heap        ] GC(63) Eden regions: 3->0(23)
[2020-09-08T09:37:18.035-0300][gc,heap        ] GC(63) Survivor regions: 1->1(1)
[2020-09-08T09:37:18.035-0300][gc,heap        ] GC(63) Old regions: 38->37
[2020-09-08T09:37:18.036-0300][gc,heap        ] GC(63) Humongous regions: 4->4
[2020-09-08T09:37:18.036-0300][gc,metaspace   ] GC(63) Metaspace: 37944K->37944K(1085440K)
[2020-09-08T09:37:18.036-0300][gc,heap        ] GC(63) Heap after GC invocations=64 (full 1): garbage-first heap   total 91136K, used 39734K [0x0000000083000000, 0x0000000100000000)
[2020-09-08T09:37:18.036-0300][gc,heap        ] GC(63)   region size 1024K, 1 young (1024K), 1 survivors (1024K)
[2020-09-08T09:37:18.036-0300][gc,heap        ] GC(63)  Metaspace       used 37944K, capacity 40724K, committed 40960K, reserved 1085440K
[2020-09-08T09:37:18.036-0300][gc,heap        ] GC(63)   class space    used 4282K, capacity 5333K, committed 5376K, reserved 1048576K
[2020-09-08T09:37:18.036-0300][gc             ] GC(63) Pause Young (Mixed) (G1 Evacuation Pause) 43M->38M(89M) 16.472ms
[2020-09-08T09:37:18.036-0300][gc,cpu         ] GC(63) User=0.05s Sys=0.01s Real=0.02s
[2020-09-08T09:37:19.688-0300][gc,heap        ] GC(64) Heap before GC invocations=64 (full 1): garbage-first heap   total 91136K, used 63286K [0x0000000083000000, 0x0000000100000000)
[2020-09-08T09:37:19.688-0300][gc,heap        ] GC(64)   region size 1024K, 24 young (24576K), 1 survivors (1024K)
[2020-09-08T09:37:19.688-0300][gc,heap        ] GC(64)  Metaspace       used 37975K, capacity 40749K, committed 40960K, reserved 1085440K
[2020-09-08T09:37:19.688-0300][gc,heap        ] GC(64)   class space    used 4282K, capacity 5334K, committed 5376K, reserved 1048576K
[2020-09-08T09:37:19.689-0300][gc,start       ] GC(64) Pause Young (Concurrent Start) (G1 Evacuation Pause)
[2020-09-08T09:37:19.689-0300][gc,task        ] GC(64) Using 4 workers of 4 for evacuation
[2020-09-08T09:37:19.706-0300][gc,phases      ] GC(64)   Pre Evacuate Collection Set: 0.5ms
[2020-09-08T09:37:19.706-0300][gc,phases      ] GC(64)   Evacuate Collection Set: 7.5ms
[2020-09-08T09:37:19.706-0300][gc,phases      ] GC(64)   Post Evacuate Collection Set: 8.5ms
[2020-09-08T09:37:19.706-0300][gc,phases      ] GC(64)   Other: 1.6ms
[2020-09-08T09:37:19.707-0300][gc,heap        ] GC(64) Eden regions: 23->0(24)
[2020-09-08T09:37:19.707-0300][gc,heap        ] GC(64) Survivor regions: 1->1(3)
[2020-09-08T09:37:19.707-0300][gc,heap        ] GC(64) Old regions: 37->37
[2020-09-08T09:37:19.707-0300][gc,heap        ] GC(64) Humongous regions: 4->4
[2020-09-08T09:37:19.707-0300][gc,metaspace   ] GC(64) Metaspace: 37975K->37975K(1085440K)
[2020-09-08T09:37:19.707-0300][gc,heap        ] GC(64) Heap after GC invocations=65 (full 1): garbage-first heap   total 91136K, used 40425K [0x0000000083000000, 0x0000000100000000)
[2020-09-08T09:37:19.707-0300][gc,heap        ] GC(64)   region size 1024K, 1 young (1024K), 1 survivors (1024K)
[2020-09-08T09:37:19.707-0300][gc,heap        ] GC(64)  Metaspace       used 37975K, capacity 40749K, committed 40960K, reserved 1085440K
[2020-09-08T09:37:19.707-0300][gc,heap        ] GC(64)   class space    used 4282K, capacity 5334K, committed 5376K, reserved 1048576K
[2020-09-08T09:37:19.707-0300][gc             ] GC(64) Pause Young (Concurrent Start) (G1 Evacuation Pause) 61M->39M(89M) 18.128ms
[2020-09-08T09:37:19.707-0300][gc,cpu         ] GC(64) User=0.06s Sys=0.00s Real=0.02s
[2020-09-08T09:37:19.707-0300][gc             ] GC(65) Concurrent Cycle
[2020-09-08T09:37:19.707-0300][gc,marking     ] GC(65) Concurrent Clear Claimed Marks
[2020-09-08T09:37:19.708-0300][gc,marking     ] GC(65) Concurrent Clear Claimed Marks 0.582ms
[2020-09-08T09:37:19.708-0300][gc,marking     ] GC(65) Concurrent Scan Root Regions
[2020-09-08T09:37:19.715-0300][gc,marking     ] GC(65) Concurrent Scan Root Regions 6.935ms
[2020-09-08T09:37:19.715-0300][gc,marking     ] GC(65) Concurrent Mark (97.189s)
[2020-09-08T09:37:19.715-0300][gc,marking     ] GC(65) Concurrent Mark From Roots
[2020-09-08T09:37:19.715-0300][gc,task        ] GC(65) Using 1 workers of 1 for marking
[2020-09-08T09:37:20.267-0300][gc,marking     ] GC(65) Concurrent Mark From Roots 551.800ms
[2020-09-08T09:37:20.267-0300][gc,marking     ] GC(65) Concurrent Preclean
[2020-09-08T09:37:20.268-0300][gc,marking     ] GC(65) Concurrent Preclean 0.456ms
[2020-09-08T09:37:20.268-0300][gc,marking     ] GC(65) Concurrent Mark (97.189s, 97.741s) 552.613ms
[2020-09-08T09:37:20.271-0300][gc,start       ] GC(65) Pause Remark
[2020-09-08T09:37:20.313-0300][gc,stringtable ] GC(65) Cleaned string and symbol table, strings: 21375 processed, 0 removed, symbols: 90288 processed, 0 removed
[2020-09-08T09:37:20.314-0300][gc             ] GC(65) Pause Remark 46M->46M(89M) 43.460ms
[2020-09-08T09:37:20.314-0300][gc,cpu         ] GC(65) User=0.12s Sys=0.00s Real=0.05s
[2020-09-08T09:37:20.315-0300][gc,marking     ] GC(65) Concurrent Rebuild Remembered Sets
[2020-09-08T09:37:20.547-0300][gc,marking     ] GC(65) Concurrent Rebuild Remembered Sets 232.118ms
[2020-09-08T09:37:20.548-0300][gc,start       ] GC(65) Pause Cleanup
[2020-09-08T09:37:20.549-0300][gc             ] GC(65) Pause Cleanup 46M->46M(89M) 0.611ms
[2020-09-08T09:37:20.549-0300][gc,cpu         ] GC(65) User=0.00s Sys=0.00s Real=0.00s
[2020-09-08T09:37:20.549-0300][gc,marking     ] GC(65) Concurrent Cleanup for Next Mark
[2020-09-08T09:37:20.551-0300][gc,marking     ] GC(65) Concurrent Cleanup for Next Mark 2.340ms
[2020-09-08T09:37:20.551-0300][gc             ] GC(65) Concurrent Cycle 844.059ms
[2020-09-08T09:37:22.077-0300][gc,heap        ] GC(66) Heap before GC invocations=66 (full 1): garbage-first heap   total 91136K, used 63977K [0x0000000083000000, 0x0000000100000000)
[2020-09-08T09:37:22.077-0300][gc,heap        ] GC(66)   region size 1024K, 25 young (25600K), 1 survivors (1024K)
[2020-09-08T09:37:22.077-0300][gc,heap        ] GC(66)  Metaspace       used 38002K, capacity 40781K, committed 40960K, reserved 1085440K
[2020-09-08T09:37:22.077-0300][gc,heap        ] GC(66)   class space    used 4284K, capacity 5366K, committed 5376K, reserved 1048576K
[2020-09-08T09:37:22.077-0300][gc,start       ] GC(66) Pause Young (Normal) (G1 Evacuation Pause)
[2020-09-08T09:37:22.078-0300][gc,task        ] GC(66) Using 4 workers of 4 for evacuation
[2020-09-08T09:37:22.092-0300][gc,phases      ] GC(66)   Pre Evacuate Collection Set: 0.1ms
[2020-09-08T09:37:22.093-0300][gc,phases      ] GC(66)   Evacuate Collection Set: 10.5ms
[2020-09-08T09:37:22.093-0300][gc,phases      ] GC(66)   Post Evacuate Collection Set: 3.8ms
[2020-09-08T09:37:22.093-0300][gc,phases      ] GC(66)   Other: 1.1ms
[2020-09-08T09:37:22.093-0300][gc,heap        ] GC(66) Eden regions: 24->0(25)
[2020-09-08T09:37:22.093-0300][gc,heap        ] GC(66) Survivor regions: 1->2(4)
[2020-09-08T09:37:22.093-0300][gc,heap        ] GC(66) Old regions: 37->37
[2020-09-08T09:37:22.093-0300][gc,heap        ] GC(66) Humongous regions: 4->4
[2020-09-08T09:37:22.093-0300][gc,metaspace   ] GC(66) Metaspace: 38002K->38002K(1085440K)
[2020-09-08T09:37:22.093-0300][gc,heap        ] GC(66) Heap after GC invocations=67 (full 1): garbage-first heap   total 91136K, used 40897K [0x0000000083000000, 0x0000000100000000)
[2020-09-08T09:37:22.093-0300][gc,heap        ] GC(66)   region size 1024K, 2 young (2048K), 2 survivors (2048K)
[2020-09-08T09:37:22.093-0300][gc,heap        ] GC(66)  Metaspace       used 38002K, capacity 40781K, committed 40960K, reserved 1085440K
[2020-09-08T09:37:22.093-0300][gc,heap        ] GC(66)   class space    used 4284K, capacity 5366K, committed 5376K, reserved 1048576K
[2020-09-08T09:37:22.093-0300][gc             ] GC(66) Pause Young (Normal) (G1 Evacuation Pause) 63M->39M(89M) 15.742ms
[2020-09-08T09:37:22.093-0300][gc,cpu         ] GC(66) User=0.06s Sys=0.00s Real=0.02s
[2020-09-08T09:37:22.127-0300][gc,heap        ] GC(67) Heap before GC invocations=67 (full 1): garbage-first heap   total 91136K, used 44993K [0x0000000083000000, 0x0000000100000000)
[2020-09-08T09:37:22.127-0300][gc,heap        ] GC(67)   region size 1024K, 8 young (8192K), 2 survivors (2048K)
[2020-09-08T09:37:22.127-0300][gc,heap        ] GC(67)  Metaspace       used 38002K, capacity 40781K, committed 40960K, reserved 1085440K
[2020-09-08T09:37:22.127-0300][gc,heap        ] GC(67)   class space    used 4284K, capacity 5366K, committed 5376K, reserved 1048576K
[2020-09-08T09:37:22.127-0300][gc,start       ] GC(67) Pause Young (Concurrent Start) (G1 Humongous Allocation)
[2020-09-08T09:37:22.127-0300][gc,task        ] GC(67) Using 4 workers of 4 for evacuation
[2020-09-08T09:37:22.140-0300][gc,phases      ] GC(67)   Pre Evacuate Collection Set: 0.5ms
[2020-09-08T09:37:22.141-0300][gc,phases      ] GC(67)   Evacuate Collection Set: 10.9ms
[2020-09-08T09:37:22.141-0300][gc,phases      ] GC(67)   Post Evacuate Collection Set: 1.2ms
[2020-09-08T09:37:22.141-0300][gc,phases      ] GC(67)   Other: 1.2ms
[2020-09-08T09:37:22.141-0300][gc,heap        ] GC(67) Eden regions: 6->0(26)
[2020-09-08T09:37:22.141-0300][gc,heap        ] GC(67) Survivor regions: 2->2(4)
[2020-09-08T09:37:22.141-0300][gc,heap        ] GC(67) Old regions: 37->37
[2020-09-08T09:37:22.141-0300][gc,heap        ] GC(67) Humongous regions: 4->4
[2020-09-08T09:37:22.141-0300][gc,metaspace   ] GC(67) Metaspace: 38002K->38002K(1085440K)
[2020-09-08T09:37:22.141-0300][gc,heap        ] GC(67) Heap after GC invocations=68 (full 1): garbage-first heap   total 91136K, used 41227K [0x0000000083000000, 0x0000000100000000)
[2020-09-08T09:37:22.141-0300][gc,heap        ] GC(67)   region size 1024K, 2 young (2048K), 2 survivors (2048K)
[2020-09-08T09:37:22.141-0300][gc,heap        ] GC(67)  Metaspace       used 38002K, capacity 40781K, committed 40960K, reserved 1085440K
[2020-09-08T09:37:22.141-0300][gc,heap        ] GC(67)   class space    used 4284K, capacity 5366K, committed 5376K, reserved 1048576K
[2020-09-08T09:37:22.141-0300][gc             ] GC(67) Pause Young (Concurrent Start) (G1 Humongous Allocation) 45M->40M(89M) 14.300ms
[2020-09-08T09:37:22.142-0300][gc,cpu         ] GC(67) User=0.05s Sys=0.01s Real=0.02s
[2020-09-08T09:37:22.142-0300][gc             ] GC(68) Concurrent Cycle
[2020-09-08T09:37:22.142-0300][gc,marking     ] GC(68) Concurrent Clear Claimed Marks
[2020-09-08T09:37:22.142-0300][gc,marking     ] GC(68) Concurrent Clear Claimed Marks 0.508ms
[2020-09-08T09:37:22.143-0300][gc,marking     ] GC(68) Concurrent Scan Root Regions
[2020-09-08T09:37:22.153-0300][gc,marking     ] GC(68) Concurrent Scan Root Regions 9.907ms
[2020-09-08T09:37:22.153-0300][gc,marking     ] GC(68) Concurrent Mark (99.626s)
[2020-09-08T09:37:22.153-0300][gc,marking     ] GC(68) Concurrent Mark From Roots
[2020-09-08T09:37:22.153-0300][gc,task        ] GC(68) Using 1 workers of 1 for marking
[2020-09-08T09:37:22.450-0300][gc,marking     ] GC(68) Concurrent Mark From Roots 296.803ms
[2020-09-08T09:37:22.450-0300][gc,marking     ] GC(68) Concurrent Preclean
[2020-09-08T09:37:22.450-0300][gc,marking     ] GC(68) Concurrent Preclean 0.518ms
[2020-09-08T09:37:22.450-0300][gc,marking     ] GC(68) Concurrent Mark (99.626s, 99.924s) 297.629ms
[2020-09-08T09:37:22.451-0300][gc,start       ] GC(68) Pause Remark
[2020-09-08T09:37:22.477-0300][gc,stringtable ] GC(68) Cleaned string and symbol table, strings: 21385 processed, 1 removed, symbols: 90288 processed, 0 removed
[2020-09-08T09:37:22.478-0300][gc             ] GC(68) Pause Remark 44M->44M(89M) 26.552ms
[2020-09-08T09:37:22.478-0300][gc,cpu         ] GC(68) User=0.10s Sys=0.00s Real=0.02s
[2020-09-08T09:37:22.478-0300][gc,marking     ] GC(68) Concurrent Rebuild Remembered Sets
[2020-09-08T09:37:22.614-0300][gc,marking     ] GC(68) Concurrent Rebuild Remembered Sets 136.406ms
[2020-09-08T09:37:22.615-0300][gc,start       ] GC(68) Pause Cleanup
[2020-09-08T09:37:22.616-0300][gc             ] GC(68) Pause Cleanup 44M->44M(89M) 0.457ms
[2020-09-08T09:37:22.616-0300][gc,cpu         ] GC(68) User=0.00s Sys=0.00s Real=0.00s
[2020-09-08T09:37:22.616-0300][gc,marking     ] GC(68) Concurrent Cleanup for Next Mark
[2020-09-08T09:37:22.617-0300][gc,marking     ] GC(68) Concurrent Cleanup for Next Mark 1.135ms
[2020-09-08T09:37:22.617-0300][gc             ] GC(68) Concurrent Cycle 475.501ms
[2020-09-08T09:37:31.435-0300][gc,heap        ] GC(69) Heap before GC invocations=69 (full 1): garbage-first heap   total 91136K, used 68875K [0x0000000083000000, 0x0000000100000000)
[2020-09-08T09:37:31.435-0300][gc,heap        ] GC(69)   region size 1024K, 28 young (28672K), 2 survivors (2048K)
[2020-09-08T09:37:31.435-0300][gc,heap        ] GC(69)  Metaspace       used 38155K, capacity 41023K, committed 41216K, reserved 1085440K
[2020-09-08T09:37:31.435-0300][gc,heap        ] GC(69)   class space    used 4291K, capacity 5376K, committed 5376K, reserved 1048576K
[2020-09-08T09:37:31.435-0300][gc,start       ] GC(69) Pause Young (Normal) (G1 Evacuation Pause)
[2020-09-08T09:37:31.435-0300][gc,task        ] GC(69) Using 4 workers of 4 for evacuation
[2020-09-08T09:37:31.448-0300][gc,phases      ] GC(69)   Pre Evacuate Collection Set: 0.0ms
[2020-09-08T09:37:31.448-0300][gc,phases      ] GC(69)   Evacuate Collection Set: 9.3ms
[2020-09-08T09:37:31.448-0300][gc,phases      ] GC(69)   Post Evacuate Collection Set: 3.0ms
[2020-09-08T09:37:31.449-0300][gc,phases      ] GC(69)   Other: 0.9ms
[2020-09-08T09:37:31.449-0300][gc,heap        ] GC(69) Eden regions: 26->0(36)
[2020-09-08T09:37:31.449-0300][gc,heap        ] GC(69) Survivor regions: 2->3(4)
[2020-09-08T09:37:31.449-0300][gc,heap        ] GC(69) Old regions: 37->37
[2020-09-08T09:37:31.449-0300][gc,heap        ] GC(69) Humongous regions: 6->4
[2020-09-08T09:37:31.449-0300][gc,metaspace   ] GC(69) Metaspace: 38155K->38155K(1085440K)
[2020-09-08T09:37:31.449-0300][gc,heap        ] GC(69) Heap after GC invocations=70 (full 1): garbage-first heap   total 109568K, used 42014K [0x0000000083000000, 0x0000000100000000)
[2020-09-08T09:37:31.449-0300][gc,heap        ] GC(69)   region size 1024K, 3 young (3072K), 3 survivors (3072K)
[2020-09-08T09:37:31.449-0300][gc,heap        ] GC(69)  Metaspace       used 38155K, capacity 41023K, committed 41216K, reserved 1085440K
[2020-09-08T09:37:31.449-0300][gc,heap        ] GC(69)   class space    used 4291K, capacity 5376K, committed 5376K, reserved 1048576K
[2020-09-08T09:37:31.449-0300][gc             ] GC(69) Pause Young (Normal) (G1 Evacuation Pause) 68M->41M(107M) 13.688ms
[2020-09-08T09:37:31.449-0300][gc,cpu         ] GC(69) User=0.04s Sys=0.01s Real=0.01s
[2020-09-08T09:37:31.464-0300][gc,heap        ] GC(70) Heap before GC invocations=70 (full 1): garbage-first heap   total 109568K, used 43038K [0x0000000083000000, 0x0000000100000000)
[2020-09-08T09:37:31.464-0300][gc,heap        ] GC(70)   region size 1024K, 6 young (6144K), 3 survivors (3072K)
[2020-09-08T09:37:31.464-0300][gc,heap        ] GC(70)  Metaspace       used 38155K, capacity 41023K, committed 41216K, reserved 1085440K
[2020-09-08T09:37:31.464-0300][gc,heap        ] GC(70)   class space    used 4291K, capacity 5376K, committed 5376K, reserved 1048576K
[2020-09-08T09:37:31.464-0300][gc,start       ] GC(70) Pause Young (Concurrent Start) (G1 Humongous Allocation)
[2020-09-08T09:37:31.464-0300][gc,task        ] GC(70) Using 4 workers of 4 for evacuation
[2020-09-08T09:37:31.480-0300][gc,phases      ] GC(70)   Pre Evacuate Collection Set: 0.4ms
[2020-09-08T09:37:31.480-0300][gc,phases      ] GC(70)   Evacuate Collection Set: 13.4ms
[2020-09-08T09:37:31.480-0300][gc,phases      ] GC(70)   Post Evacuate Collection Set: 1.0ms
[2020-09-08T09:37:31.480-0300][gc,phases      ] GC(70)   Other: 0.8ms
[2020-09-08T09:37:31.480-0300][gc,heap        ] GC(70) Eden regions: 3->0(35)
[2020-09-08T09:37:31.480-0300][gc,heap        ] GC(70) Survivor regions: 3->3(5)
[2020-09-08T09:37:31.480-0300][gc,heap        ] GC(70) Old regions: 37->37
[2020-09-08T09:37:31.480-0300][gc,heap        ] GC(70) Humongous regions: 4->4
[2020-09-08T09:37:31.480-0300][gc,metaspace   ] GC(70) Metaspace: 38155K->38155K(1085440K)
[2020-09-08T09:37:31.480-0300][gc,heap        ] GC(70) Heap after GC invocations=71 (full 1): garbage-first heap   total 109568K, used 41680K [0x0000000083000000, 0x0000000100000000)
[2020-09-08T09:37:31.480-0300][gc,heap        ] GC(70)   region size 1024K, 3 young (3072K), 3 survivors (3072K)
[2020-09-08T09:37:31.480-0300][gc,heap        ] GC(70)  Metaspace       used 38155K, capacity 41023K, committed 41216K, reserved 1085440K
[2020-09-08T09:37:31.480-0300][gc,heap        ] GC(70)   class space    used 4291K, capacity 5376K, committed 5376K, reserved 1048576K
[2020-09-08T09:37:31.480-0300][gc             ] GC(70) Pause Young (Concurrent Start) (G1 Humongous Allocation) 43M->40M(107M) 16.213ms
[2020-09-08T09:37:31.481-0300][gc,cpu         ] GC(70) User=0.04s Sys=0.01s Real=0.01s
[2020-09-08T09:37:31.481-0300][gc             ] GC(71) Concurrent Cycle
[2020-09-08T09:37:31.481-0300][gc,marking     ] GC(71) Concurrent Clear Claimed Marks
[2020-09-08T09:37:31.481-0300][gc,marking     ] GC(71) Concurrent Clear Claimed Marks 0.460ms
[2020-09-08T09:37:31.482-0300][gc,marking     ] GC(71) Concurrent Scan Root Regions
[2020-09-08T09:37:31.492-0300][gc,marking     ] GC(71) Concurrent Scan Root Regions 10.634ms
[2020-09-08T09:37:31.492-0300][gc,marking     ] GC(71) Concurrent Mark (108.966s)
[2020-09-08T09:37:31.492-0300][gc,marking     ] GC(71) Concurrent Mark From Roots
[2020-09-08T09:37:31.492-0300][gc,task        ] GC(71) Using 1 workers of 1 for marking
[2020-09-08T09:37:31.727-0300][gc,marking     ] GC(71) Concurrent Mark From Roots 234.972ms
[2020-09-08T09:37:31.727-0300][gc,marking     ] GC(71) Concurrent Preclean
[2020-09-08T09:37:31.728-0300][gc,marking     ] GC(71) Concurrent Preclean 0.270ms
[2020-09-08T09:37:31.728-0300][gc,marking     ] GC(71) Concurrent Mark (108.966s, 109.201s) 235.536ms
[2020-09-08T09:37:31.728-0300][gc,start       ] GC(71) Pause Remark
[2020-09-08T09:37:31.753-0300][gc,stringtable ] GC(71) Cleaned string and symbol table, strings: 21607 processed, 0 removed, symbols: 90318 processed, 2 removed
[2020-09-08T09:37:31.754-0300][gc             ] GC(71) Pause Remark 45M->45M(107M) 25.517ms
[2020-09-08T09:37:31.754-0300][gc,cpu         ] GC(71) User=0.09s Sys=0.00s Real=0.03s
[2020-09-08T09:37:31.754-0300][gc,marking     ] GC(71) Concurrent Rebuild Remembered Sets
[2020-09-08T09:37:31.886-0300][gc,marking     ] GC(71) Concurrent Rebuild Remembered Sets 131.743ms
[2020-09-08T09:37:31.887-0300][gc,start       ] GC(71) Pause Cleanup
[2020-09-08T09:37:31.887-0300][gc             ] GC(71) Pause Cleanup 45M->45M(107M) 0.577ms
[2020-09-08T09:37:31.887-0300][gc,cpu         ] GC(71) User=0.00s Sys=0.00s Real=0.00s
[2020-09-08T09:37:31.888-0300][gc,marking     ] GC(71) Concurrent Cleanup for Next Mark
[2020-09-08T09:37:31.889-0300][gc,marking     ] GC(71) Concurrent Cleanup for Next Mark 1.646ms
[2020-09-08T09:37:31.889-0300][gc             ] GC(71) Concurrent Cycle 408.660ms
[2020-09-08T09:37:40.291-0300][gc,heap        ] GC(72) Heap before GC invocations=72 (full 1): garbage-first heap   total 109568K, used 78544K [0x0000000083000000, 0x0000000100000000)
[2020-09-08T09:37:40.291-0300][gc,heap        ] GC(72)   region size 1024K, 38 young (38912K), 3 survivors (3072K)
[2020-09-08T09:37:40.291-0300][gc,heap        ] GC(72)  Metaspace       used 38252K, capacity 41174K, committed 41216K, reserved 1085440K
[2020-09-08T09:37:40.291-0300][gc,heap        ] GC(72)   class space    used 4292K, capacity 5376K, committed 5376K, reserved 1048576K
[2020-09-08T09:37:40.291-0300][gc,start       ] GC(72) Pause Young (Normal) (G1 Evacuation Pause)
[2020-09-08T09:37:40.291-0300][gc,task        ] GC(72) Using 4 workers of 4 for evacuation
[2020-09-08T09:37:40.305-0300][gc,phases      ] GC(72)   Pre Evacuate Collection Set: 0.1ms
[2020-09-08T09:37:40.305-0300][gc,phases      ] GC(72)   Evacuate Collection Set: 11.6ms
[2020-09-08T09:37:40.305-0300][gc,phases      ] GC(72)   Post Evacuate Collection Set: 1.6ms
[2020-09-08T09:37:40.305-0300][gc,phases      ] GC(72)   Other: 1.1ms
[2020-09-08T09:37:40.305-0300][gc,heap        ] GC(72) Eden regions: 35->0(38)
[2020-09-08T09:37:40.305-0300][gc,heap        ] GC(72) Survivor regions: 3->2(5)
[2020-09-08T09:37:40.305-0300][gc,heap        ] GC(72) Old regions: 37->37
[2020-09-08T09:37:40.305-0300][gc,heap        ] GC(72) Humongous regions: 6->4
[2020-09-08T09:37:40.305-0300][gc,metaspace   ] GC(72) Metaspace: 38252K->38252K(1085440K)
[2020-09-08T09:37:40.305-0300][gc,heap        ] GC(72) Heap after GC invocations=73 (full 1): garbage-first heap   total 109568K, used 41202K [0x0000000083000000, 0x0000000100000000)
[2020-09-08T09:37:40.305-0300][gc,heap        ] GC(72)   region size 1024K, 2 young (2048K), 2 survivors (2048K)
[2020-09-08T09:37:40.305-0300][gc,heap        ] GC(72)  Metaspace       used 38252K, capacity 41174K, committed 41216K, reserved 1085440K
[2020-09-08T09:37:40.306-0300][gc,heap        ] GC(72)   class space    used 4292K, capacity 5376K, committed 5376K, reserved 1048576K
[2020-09-08T09:37:40.306-0300][gc             ] GC(72) Pause Young (Normal) (G1 Evacuation Pause) 77M->40M(107M) 14.671ms
[2020-09-08T09:37:40.306-0300][gc,cpu         ] GC(72) User=0.04s Sys=0.00s Real=0.01s
[2020-09-08T09:37:41.547-0300][gc,heap        ] GC(73) Heap before GC invocations=73 (full 1): garbage-first heap   total 109568K, used 59634K [0x0000000083000000, 0x0000000100000000)
[2020-09-08T09:37:41.547-0300][gc,heap        ] GC(73)   region size 1024K, 22 young (22528K), 2 survivors (2048K)
[2020-09-08T09:37:41.547-0300][gc,heap        ] GC(73)  Metaspace       used 38316K, capacity 41174K, committed 41216K, reserved 1085440K
[2020-09-08T09:37:41.547-0300][gc,heap        ] GC(73)   class space    used 4292K, capacity 5376K, committed 5376K, reserved 1048576K
[2020-09-08T09:37:41.547-0300][gc,start       ] GC(73) Pause Young (Concurrent Start) (G1 Humongous Allocation)
[2020-09-08T09:37:41.547-0300][gc,task        ] GC(73) Using 4 workers of 4 for evacuation
[2020-09-08T09:37:41.577-0300][gc,phases      ] GC(73)   Pre Evacuate Collection Set: 0.6ms
[2020-09-08T09:37:41.577-0300][gc,phases      ] GC(73)   Evacuate Collection Set: 26.3ms
[2020-09-08T09:37:41.577-0300][gc,phases      ] GC(73)   Post Evacuate Collection Set: 2.2ms
[2020-09-08T09:37:41.577-0300][gc,phases      ] GC(73)   Other: 1.2ms
[2020-09-08T09:37:41.577-0300][gc,heap        ] GC(73) Eden regions: 20->0(36)
[2020-09-08T09:37:41.577-0300][gc,heap        ] GC(73) Survivor regions: 2->3(5)
[2020-09-08T09:37:41.577-0300][gc,heap        ] GC(73) Old regions: 37->37
[2020-09-08T09:37:41.578-0300][gc,heap        ] GC(73) Humongous regions: 4->4
[2020-09-08T09:37:41.578-0300][gc,metaspace   ] GC(73) Metaspace: 38316K->38316K(1085440K)
[2020-09-08T09:37:41.578-0300][gc,heap        ] GC(73) Heap after GC invocations=74 (full 1): garbage-first heap   total 109568K, used 42405K [0x0000000083000000, 0x0000000100000000)
[2020-09-08T09:37:41.578-0300][gc,heap        ] GC(73)   region size 1024K, 3 young (3072K), 3 survivors (3072K)
[2020-09-08T09:37:41.578-0300][gc,heap        ] GC(73)  Metaspace       used 38316K, capacity 41174K, committed 41216K, reserved 1085440K
[2020-09-08T09:37:41.578-0300][gc,heap        ] GC(73)   class space    used 4292K, capacity 5376K, committed 5376K, reserved 1048576K
[2020-09-08T09:37:41.578-0300][gc             ] GC(73) Pause Young (Concurrent Start) (G1 Humongous Allocation) 60M->41M(107M) 30.915ms
[2020-09-08T09:37:41.578-0300][gc,cpu         ] GC(73) User=0.07s Sys=0.00s Real=0.03s
[2020-09-08T09:37:41.578-0300][gc             ] GC(74) Concurrent Cycle
[2020-09-08T09:37:41.579-0300][gc,marking     ] GC(74) Concurrent Clear Claimed Marks
[2020-09-08T09:37:41.579-0300][gc,marking     ] GC(74) Concurrent Clear Claimed Marks 0.620ms
[2020-09-08T09:37:41.579-0300][gc,marking     ] GC(74) Concurrent Scan Root Regions
[2020-09-08T09:37:41.603-0300][gc,marking     ] GC(74) Concurrent Scan Root Regions 23.914ms
[2020-09-08T09:37:41.603-0300][gc,marking     ] GC(74) Concurrent Mark (119.077s)
[2020-09-08T09:37:41.603-0300][gc,marking     ] GC(74) Concurrent Mark From Roots
[2020-09-08T09:37:41.604-0300][gc,task        ] GC(74) Using 1 workers of 1 for marking
[2020-09-08T09:37:41.885-0300][gc,marking     ] GC(74) Concurrent Mark From Roots 281.338ms
[2020-09-08T09:37:41.885-0300][gc,marking     ] GC(74) Concurrent Preclean
[2020-09-08T09:37:41.885-0300][gc,marking     ] GC(74) Concurrent Preclean 0.280ms
[2020-09-08T09:37:41.885-0300][gc,marking     ] GC(74) Concurrent Mark (119.077s, 119.359s) 281.927ms
[2020-09-08T09:37:41.886-0300][gc,start       ] GC(74) Pause Remark
[2020-09-08T09:37:41.915-0300][gc,stringtable ] GC(74) Cleaned string and symbol table, strings: 21854 processed, 0 removed, symbols: 90319 processed, 0 removed
[2020-09-08T09:37:41.916-0300][gc             ] GC(74) Pause Remark 45M->45M(107M) 29.365ms
[2020-09-08T09:37:41.916-0300][gc,cpu         ] GC(74) User=0.10s Sys=0.01s Real=0.03s
[2020-09-08T09:37:41.917-0300][gc,marking     ] GC(74) Concurrent Rebuild Remembered Sets
[2020-09-08T09:37:42.054-0300][gc,marking     ] GC(74) Concurrent Rebuild Remembered Sets 137.283ms
[2020-09-08T09:37:42.055-0300][gc,start       ] GC(74) Pause Cleanup
[2020-09-08T09:37:42.056-0300][gc             ] GC(74) Pause Cleanup 46M->46M(107M) 0.567ms
[2020-09-08T09:37:42.056-0300][gc,cpu         ] GC(74) User=0.00s Sys=0.00s Real=0.00s
[2020-09-08T09:37:42.056-0300][gc,marking     ] GC(74) Concurrent Cleanup for Next Mark
[2020-09-08T09:37:42.059-0300][gc,marking     ] GC(74) Concurrent Cleanup for Next Mark 2.871ms
[2020-09-08T09:37:42.059-0300][gc             ] GC(74) Concurrent Cycle 481.035ms
[2020-09-08T09:37:45.581-0300][gc,heap        ] GC(75) Heap before GC invocations=75 (full 1): garbage-first heap   total 109568K, used 62885K [0x0000000083000000, 0x0000000100000000)
[2020-09-08T09:37:45.581-0300][gc,heap        ] GC(75)   region size 1024K, 23 young (23552K), 3 survivors (3072K)
[2020-09-08T09:37:45.581-0300][gc,heap        ] GC(75)  Metaspace       used 38344K, capacity 41241K, committed 41600K, reserved 1085440K
[2020-09-08T09:37:45.581-0300][gc,heap        ] GC(75)   class space    used 4293K, capacity 5377K, committed 5504K, reserved 1048576K
[2020-09-08T09:37:45.581-0300][gc,start       ] GC(75) Pause Young (Concurrent Start) (G1 Humongous Allocation)
[2020-09-08T09:37:45.581-0300][gc,task        ] GC(75) Using 4 workers of 4 for evacuation
[2020-09-08T09:37:45.607-0300][gc,phases      ] GC(75)   Pre Evacuate Collection Set: 0.5ms
[2020-09-08T09:37:45.607-0300][gc,phases      ] GC(75)   Evacuate Collection Set: 17.2ms
[2020-09-08T09:37:45.607-0300][gc,phases      ] GC(75)   Post Evacuate Collection Set: 7.4ms
[2020-09-08T09:37:45.607-0300][gc,phases      ] GC(75)   Other: 1.1ms
[2020-09-08T09:37:45.608-0300][gc,heap        ] GC(75) Eden regions: 20->0(36)
[2020-09-08T09:37:45.608-0300][gc,heap        ] GC(75) Survivor regions: 3->3(5)
[2020-09-08T09:37:45.608-0300][gc,heap        ] GC(75) Old regions: 37->38
[2020-09-08T09:37:45.608-0300][gc,heap        ] GC(75) Humongous regions: 6->4
[2020-09-08T09:37:45.608-0300][gc,metaspace   ] GC(75) Metaspace: 38344K->38344K(1085440K)
[2020-09-08T09:37:45.608-0300][gc,heap        ] GC(75) Heap after GC invocations=76 (full 1): garbage-first heap   total 109568K, used 42504K [0x0000000083000000, 0x0000000100000000)
[2020-09-08T09:37:45.608-0300][gc,heap        ] GC(75)   region size 1024K, 3 young (3072K), 3 survivors (3072K)
[2020-09-08T09:37:45.608-0300][gc,heap        ] GC(75)  Metaspace       used 38344K, capacity 41241K, committed 41600K, reserved 1085440K
[2020-09-08T09:37:45.608-0300][gc,heap        ] GC(75)   class space    used 4293K, capacity 5377K, committed 5504K, reserved 1048576K
[2020-09-08T09:37:45.608-0300][gc             ] GC(75) Pause Young (Concurrent Start) (G1 Humongous Allocation) 63M->41M(107M) 26.910ms
[2020-09-08T09:37:45.608-0300][gc,cpu         ] GC(75) User=0.07s Sys=0.01s Real=0.02s
[2020-09-08T09:37:45.609-0300][gc             ] GC(76) Concurrent Cycle
[2020-09-08T09:37:45.609-0300][gc,marking     ] GC(76) Concurrent Clear Claimed Marks
[2020-09-08T09:37:45.610-0300][gc,marking     ] GC(76) Concurrent Clear Claimed Marks 0.460ms
[2020-09-08T09:37:45.610-0300][gc,marking     ] GC(76) Concurrent Scan Root Regions
[2020-09-08T09:37:45.626-0300][gc,marking     ] GC(76) Concurrent Scan Root Regions 15.901ms
[2020-09-08T09:37:45.626-0300][gc,marking     ] GC(76) Concurrent Mark (123.099s)
[2020-09-08T09:37:45.626-0300][gc,marking     ] GC(76) Concurrent Mark From Roots
[2020-09-08T09:37:45.626-0300][gc,task        ] GC(76) Using 1 workers of 1 for marking
[2020-09-08T09:37:45.974-0300][gc,marking     ] GC(76) Concurrent Mark From Roots 348.559ms
[2020-09-08T09:37:45.975-0300][gc,marking     ] GC(76) Concurrent Preclean
[2020-09-08T09:37:45.975-0300][gc,marking     ] GC(76) Concurrent Preclean 0.442ms
[2020-09-08T09:37:45.975-0300][gc,marking     ] GC(76) Concurrent Mark (123.099s, 123.449s) 349.341ms
[2020-09-08T09:37:45.977-0300][gc,start       ] GC(76) Pause Remark
[2020-09-08T09:37:46.013-0300][gc,stringtable ] GC(76) Cleaned string and symbol table, strings: 21872 processed, 0 removed, symbols: 90321 processed, 0 removed
[2020-09-08T09:37:46.014-0300][gc             ] GC(76) Pause Remark 48M->48M(107M) 37.556ms
[2020-09-08T09:37:46.014-0300][gc,cpu         ] GC(76) User=0.11s Sys=0.00s Real=0.04s
[2020-09-08T09:37:46.014-0300][gc,marking     ] GC(76) Concurrent Rebuild Remembered Sets
[2020-09-08T09:37:46.332-0300][gc,marking     ] GC(76) Concurrent Rebuild Remembered Sets 317.506ms
[2020-09-08T09:37:46.333-0300][gc,start       ] GC(76) Pause Cleanup
[2020-09-08T09:37:46.334-0300][gc             ] GC(76) Pause Cleanup 76M->76M(107M) 0.683ms
[2020-09-08T09:37:46.334-0300][gc,cpu         ] GC(76) User=0.00s Sys=0.00s Real=0.00s
[2020-09-08T09:37:46.334-0300][gc,marking     ] GC(76) Concurrent Cleanup for Next Mark
[2020-09-08T09:37:46.350-0300][gc,marking     ] GC(76) Concurrent Cleanup for Next Mark 16.032ms
[2020-09-08T09:37:46.351-0300][gc             ] GC(76) Concurrent Cycle 741.669ms
[2020-09-08T09:37:47.217-0300][gc,heap        ] GC(77) Heap before GC invocations=77 (full 1): garbage-first heap   total 109568K, used 84488K [0x0000000083000000, 0x0000000100000000)
[2020-09-08T09:37:47.217-0300][gc,heap        ] GC(77)   region size 1024K, 39 young (39936K), 3 survivors (3072K)
[2020-09-08T09:37:47.217-0300][gc,heap        ] GC(77)  Metaspace       used 38358K, capacity 41241K, committed 41600K, reserved 1085440K
[2020-09-08T09:37:47.217-0300][gc,heap        ] GC(77)   class space    used 4293K, capacity 5377K, committed 5504K, reserved 1048576K
[2020-09-08T09:37:47.218-0300][gc,start       ] GC(77) Pause Young (Normal) (G1 Evacuation Pause)
[2020-09-08T09:37:47.218-0300][gc,task        ] GC(77) Using 4 workers of 4 for evacuation
[2020-09-08T09:37:47.231-0300][gc,phases      ] GC(77)   Pre Evacuate Collection Set: 0.1ms
[2020-09-08T09:37:47.231-0300][gc,phases      ] GC(77)   Evacuate Collection Set: 10.9ms
[2020-09-08T09:37:47.231-0300][gc,phases      ] GC(77)   Post Evacuate Collection Set: 1.8ms
[2020-09-08T09:37:47.231-0300][gc,phases      ] GC(77)   Other: 1.3ms
[2020-09-08T09:37:47.231-0300][gc,heap        ] GC(77) Eden regions: 36->0(39)
[2020-09-08T09:37:47.231-0300][gc,heap        ] GC(77) Survivor regions: 3->2(5)
[2020-09-08T09:37:47.231-0300][gc,heap        ] GC(77) Old regions: 38->38
[2020-09-08T09:37:47.231-0300][gc,heap        ] GC(77) Humongous regions: 10->4
[2020-09-08T09:37:47.231-0300][gc,metaspace   ] GC(77) Metaspace: 38358K->38358K(1085440K)
[2020-09-08T09:37:47.232-0300][gc,heap        ] GC(77) Heap after GC invocations=78 (full 1): garbage-first heap   total 109568K, used 41556K [0x0000000083000000, 0x0000000100000000)
[2020-09-08T09:37:47.232-0300][gc,heap        ] GC(77)   region size 1024K, 2 young (2048K), 2 survivors (2048K)
[2020-09-08T09:37:47.232-0300][gc,heap        ] GC(77)  Metaspace       used 38358K, capacity 41241K, committed 41600K, reserved 1085440K
[2020-09-08T09:37:47.232-0300][gc,heap        ] GC(77)   class space    used 4293K, capacity 5377K, committed 5504K, reserved 1048576K
[2020-09-08T09:37:47.232-0300][gc             ] GC(77) Pause Young (Normal) (G1 Evacuation Pause) 83M->40M(107M) 14.276ms
[2020-09-08T09:37:47.232-0300][gc,cpu         ] GC(77) User=0.04s Sys=0.01s Real=0.02s
[2020-09-08T09:37:50.557-0300][gc,heap        ] GC(78) Heap before GC invocations=78 (full 1): garbage-first heap   total 109568K, used 80468K [0x0000000083000000, 0x0000000100000000)
[2020-09-08T09:37:50.557-0300][gc,heap        ] GC(78)   region size 1024K, 41 young (41984K), 2 survivors (2048K)
[2020-09-08T09:37:50.558-0300][gc,heap        ] GC(78)  Metaspace       used 38397K, capacity 41279K, committed 41600K, reserved 1085440K
[2020-09-08T09:37:50.558-0300][gc,heap        ] GC(78)   class space    used 4297K, capacity 5384K, committed 5504K, reserved 1048576K
[2020-09-08T09:37:50.558-0300][gc,start       ] GC(78) Pause Young (Concurrent Start) (G1 Evacuation Pause)
[2020-09-08T09:37:50.558-0300][gc,task        ] GC(78) Using 4 workers of 4 for evacuation
[2020-09-08T09:37:50.574-0300][gc,phases      ] GC(78)   Pre Evacuate Collection Set: 0.4ms
[2020-09-08T09:37:50.574-0300][gc,phases      ] GC(78)   Evacuate Collection Set: 11.9ms
[2020-09-08T09:37:50.574-0300][gc,phases      ] GC(78)   Post Evacuate Collection Set: 2.4ms
[2020-09-08T09:37:50.574-0300][gc,phases      ] GC(78)   Other: 1.5ms
[2020-09-08T09:37:50.574-0300][gc,heap        ] GC(78) Eden regions: 39->0(40)
[2020-09-08T09:37:50.574-0300][gc,heap        ] GC(78) Survivor regions: 2->3(6)
[2020-09-08T09:37:50.574-0300][gc,heap        ] GC(78) Old regions: 38->38
[2020-09-08T09:37:50.574-0300][gc,heap        ] GC(78) Humongous regions: 4->4
[2020-09-08T09:37:50.574-0300][gc,metaspace   ] GC(78) Metaspace: 38397K->38397K(1085440K)
[2020-09-08T09:37:50.574-0300][gc,heap        ] GC(78) Heap after GC invocations=79 (full 1): garbage-first heap   total 109568K, used 42226K [0x0000000083000000, 0x0000000100000000)
[2020-09-08T09:37:50.574-0300][gc,heap        ] GC(78)   region size 1024K, 3 young (3072K), 3 survivors (3072K)
[2020-09-08T09:37:50.574-0300][gc,heap        ] GC(78)  Metaspace       used 38397K, capacity 41279K, committed 41600K, reserved 1085440K
[2020-09-08T09:37:50.574-0300][gc,heap        ] GC(78)   class space    used 4297K, capacity 5384K, committed 5504K, reserved 1048576K
[2020-09-08T09:37:50.575-0300][gc             ] GC(78) Pause Young (Concurrent Start) (G1 Evacuation Pause) 79M->41M(107M) 16.670ms
[2020-09-08T09:37:50.575-0300][gc,cpu         ] GC(78) User=0.04s Sys=0.01s Real=0.02s
[2020-09-08T09:37:50.575-0300][gc             ] GC(79) Concurrent Cycle
[2020-09-08T09:37:50.575-0300][gc,marking     ] GC(79) Concurrent Clear Claimed Marks
[2020-09-08T09:37:50.576-0300][gc,marking     ] GC(79) Concurrent Clear Claimed Marks 0.656ms
[2020-09-08T09:37:50.576-0300][gc,marking     ] GC(79) Concurrent Scan Root Regions
[2020-09-08T09:37:50.599-0300][gc,marking     ] GC(79) Concurrent Scan Root Regions 23.134ms
[2020-09-08T09:37:50.599-0300][gc,marking     ] GC(79) Concurrent Mark (128.073s)
[2020-09-08T09:37:50.599-0300][gc,marking     ] GC(79) Concurrent Mark From Roots
[2020-09-08T09:37:50.600-0300][gc,task        ] GC(79) Using 1 workers of 1 for marking
[2020-09-08T09:37:50.947-0300][gc,marking     ] GC(79) Concurrent Mark From Roots 347.932ms
[2020-09-08T09:37:50.948-0300][gc,marking     ] GC(79) Concurrent Preclean
[2020-09-08T09:37:50.948-0300][gc,marking     ] GC(79) Concurrent Preclean 0.436ms
[2020-09-08T09:37:50.948-0300][gc,marking     ] GC(79) Concurrent Mark (128.073s, 128.422s) 348.719ms
[2020-09-08T09:37:50.949-0300][gc,start       ] GC(79) Pause Remark
[2020-09-08T09:37:50.984-0300][gc,stringtable ] GC(79) Cleaned string and symbol table, strings: 21902 processed, 0 removed, symbols: 90335 processed, 0 removed
[2020-09-08T09:37:50.985-0300][gc             ] GC(79) Pause Remark 49M->49M(107M) 36.184ms
[2020-09-08T09:37:50.985-0300][gc,cpu         ] GC(79) User=0.13s Sys=0.01s Real=0.04s
[2020-09-08T09:37:50.986-0300][gc,marking     ] GC(79) Concurrent Rebuild Remembered Sets
[2020-09-08T09:37:51.225-0300][gc,marking     ] GC(79) Concurrent Rebuild Remembered Sets 239.107ms
[2020-09-08T09:37:51.226-0300][gc,start       ] GC(79) Pause Cleanup
[2020-09-08T09:37:51.227-0300][gc             ] GC(79) Pause Cleanup 54M->54M(107M) 0.652ms
[2020-09-08T09:37:51.227-0300][gc,cpu         ] GC(79) User=0.01s Sys=0.00s Real=0.00s
[2020-09-08T09:37:51.228-0300][gc,marking     ] GC(79) Concurrent Cleanup for Next Mark
[2020-09-08T09:37:51.234-0300][gc,marking     ] GC(79) Concurrent Cleanup for Next Mark 5.958ms
[2020-09-08T09:37:51.234-0300][gc             ] GC(79) Concurrent Cycle 659.090ms
[2020-09-08T09:37:51.612-0300][gc,heap        ] GC(80) Heap before GC invocations=80 (full 1): garbage-first heap   total 109568K, used 71922K [0x0000000083000000, 0x0000000100000000)
[2020-09-08T09:37:51.612-0300][gc,heap        ] GC(80)   region size 1024K, 34 young (34816K), 3 survivors (3072K)
[2020-09-08T09:37:51.612-0300][gc,heap        ] GC(80)  Metaspace       used 38414K, capacity 41283K, committed 41600K, reserved 1085440K
[2020-09-08T09:37:51.612-0300][gc,heap        ] GC(80)   class space    used 4297K, capacity 5384K, committed 5504K, reserved 1048576K
[2020-09-08T09:37:51.612-0300][gc,start       ] GC(80) Pause Young (Concurrent Start) (GCLocker Initiated GC)
[2020-09-08T09:37:51.612-0300][gc,task        ] GC(80) Using 4 workers of 4 for evacuation
[2020-09-08T09:37:51.635-0300][gc,phases      ] GC(80)   Pre Evacuate Collection Set: 0.4ms
[2020-09-08T09:37:51.635-0300][gc,phases      ] GC(80)   Evacuate Collection Set: 18.1ms
[2020-09-08T09:37:51.635-0300][gc,phases      ] GC(80)   Post Evacuate Collection Set: 3.3ms
[2020-09-08T09:37:51.635-0300][gc,phases      ] GC(80)   Other: 1.8ms
[2020-09-08T09:37:51.635-0300][gc,heap        ] GC(80) Eden regions: 31->0(40)
[2020-09-08T09:37:51.635-0300][gc,heap        ] GC(80) Survivor regions: 3->4(6)
[2020-09-08T09:37:51.635-0300][gc,heap        ] GC(80) Old regions: 38->38
[2020-09-08T09:37:51.636-0300][gc,heap        ] GC(80) Humongous regions: 4->4
[2020-09-08T09:37:51.636-0300][gc,metaspace   ] GC(80) Metaspace: 38414K->38414K(1085440K)
[2020-09-08T09:37:51.636-0300][gc,heap        ] GC(80) Heap after GC invocations=81 (full 1): garbage-first heap   total 109568K, used 43392K [0x0000000083000000, 0x0000000100000000)
[2020-09-08T09:37:51.636-0300][gc,heap        ] GC(80)   region size 1024K, 4 young (4096K), 4 survivors (4096K)
[2020-09-08T09:37:51.636-0300][gc,heap        ] GC(80)  Metaspace       used 38414K, capacity 41283K, committed 41600K, reserved 1085440K
[2020-09-08T09:37:51.636-0300][gc,heap        ] GC(80)   class space    used 4297K, capacity 5384K, committed 5504K, reserved 1048576K
[2020-09-08T09:37:51.636-0300][gc             ] GC(80) Pause Young (Concurrent Start) (GCLocker Initiated GC) 72M->42M(107M) 23.680ms
[2020-09-08T09:37:51.636-0300][gc,cpu         ] GC(80) User=0.08s Sys=0.01s Real=0.02s
[2020-09-08T09:37:51.637-0300][gc             ] GC(81) Concurrent Cycle
[2020-09-08T09:37:51.637-0300][gc,marking     ] GC(81) Concurrent Clear Claimed Marks
[2020-09-08T09:37:51.637-0300][gc,marking     ] GC(81) Concurrent Clear Claimed Marks 0.452ms
[2020-09-08T09:37:51.638-0300][gc,marking     ] GC(81) Concurrent Scan Root Regions
[2020-09-08T09:37:51.663-0300][gc,marking     ] GC(81) Concurrent Scan Root Regions 25.291ms
[2020-09-08T09:37:51.663-0300][gc,marking     ] GC(81) Concurrent Mark (129.137s)
[2020-09-08T09:37:51.663-0300][gc,marking     ] GC(81) Concurrent Mark From Roots
[2020-09-08T09:37:51.663-0300][gc,task        ] GC(81) Using 1 workers of 1 for marking
[2020-09-08T09:37:52.307-0300][gc,marking     ] GC(81) Concurrent Mark From Roots 643.794ms
[2020-09-08T09:37:52.307-0300][gc,marking     ] GC(81) Concurrent Preclean
[2020-09-08T09:37:52.307-0300][gc,marking     ] GC(81) Concurrent Preclean 0.415ms
[2020-09-08T09:37:52.308-0300][gc,marking     ] GC(81) Concurrent Mark (129.137s, 129.781s) 644.564ms
[2020-09-08T09:37:52.310-0300][gc,start       ] GC(81) Pause Remark
[2020-09-08T09:37:52.356-0300][gc,stringtable ] GC(81) Cleaned string and symbol table, strings: 21965 processed, 0 removed, symbols: 90335 processed, 0 removed
[2020-09-08T09:37:52.357-0300][gc             ] GC(81) Pause Remark 61M->61M(107M) 47.614ms
[2020-09-08T09:37:52.357-0300][gc,cpu         ] GC(81) User=0.12s Sys=0.01s Real=0.05s
[2020-09-08T09:37:52.358-0300][gc,marking     ] GC(81) Concurrent Rebuild Remembered Sets
[2020-09-08T09:37:52.837-0300][gc,marking     ] GC(81) Concurrent Rebuild Remembered Sets 479.355ms
[2020-09-08T09:37:52.841-0300][gc,start       ] GC(81) Pause Cleanup
[2020-09-08T09:37:52.842-0300][gc             ] GC(81) Pause Cleanup 66M->66M(107M) 1.067ms
[2020-09-08T09:37:52.843-0300][gc,cpu         ] GC(81) User=0.00s Sys=0.00s Real=0.00s
[2020-09-08T09:37:52.844-0300][gc,marking     ] GC(81) Concurrent Cleanup for Next Mark
[2020-09-08T09:37:52.857-0300][gc,marking     ] GC(81) Concurrent Cleanup for Next Mark 13.711ms
[2020-09-08T09:37:52.857-0300][gc             ] GC(81) Concurrent Cycle 1220.619ms
[2020-09-08T09:37:54.783-0300][gc,heap        ] GC(82) Heap before GC invocations=82 (full 1): garbage-first heap   total 109568K, used 85376K [0x0000000083000000, 0x0000000100000000)
[2020-09-08T09:37:54.784-0300][gc,heap        ] GC(82)   region size 1024K, 44 young (45056K), 4 survivors (4096K)
[2020-09-08T09:37:54.784-0300][gc,heap        ] GC(82)  Metaspace       used 38957K, capacity 42032K, committed 42240K, reserved 1085440K
[2020-09-08T09:37:54.784-0300][gc,heap        ] GC(82)   class space    used 4413K, capacity 5599K, committed 5632K, reserved 1048576K
[2020-09-08T09:37:54.784-0300][gc,start       ] GC(82) Pause Young (Normal) (G1 Evacuation Pause)
[2020-09-08T09:37:54.784-0300][gc,task        ] GC(82) Using 4 workers of 4 for evacuation
[2020-09-08T09:37:54.808-0300][gc,phases      ] GC(82)   Pre Evacuate Collection Set: 0.1ms
[2020-09-08T09:37:54.808-0300][gc,phases      ] GC(82)   Evacuate Collection Set: 19.9ms
[2020-09-08T09:37:54.808-0300][gc,phases      ] GC(82)   Post Evacuate Collection Set: 2.9ms
[2020-09-08T09:37:54.808-0300][gc,phases      ] GC(82)   Other: 1.2ms
[2020-09-08T09:37:54.808-0300][gc,heap        ] GC(82) Eden regions: 40->0(43)
[2020-09-08T09:37:54.808-0300][gc,heap        ] GC(82) Survivor regions: 4->2(6)
[2020-09-08T09:37:54.808-0300][gc,heap        ] GC(82) Old regions: 38->38
[2020-09-08T09:37:54.808-0300][gc,heap        ] GC(82) Humongous regions: 6->4
[2020-09-08T09:37:54.808-0300][gc,metaspace   ] GC(82) Metaspace: 38957K->38957K(1085440K)
[2020-09-08T09:37:54.808-0300][gc,heap        ] GC(82) Heap after GC invocations=83 (full 1): garbage-first heap   total 109568K, used 42284K [0x0000000083000000, 0x0000000100000000)
[2020-09-08T09:37:54.808-0300][gc,heap        ] GC(82)   region size 1024K, 2 young (2048K), 2 survivors (2048K)
[2020-09-08T09:37:54.808-0300][gc,heap        ] GC(82)  Metaspace       used 38957K, capacity 42032K, committed 42240K, reserved 1085440K
[2020-09-08T09:37:54.808-0300][gc,heap        ] GC(82)   class space    used 4413K, capacity 5599K, committed 5632K, reserved 1048576K
[2020-09-08T09:37:54.808-0300][gc             ] GC(82) Pause Young (Normal) (G1 Evacuation Pause) 84M->41M(107M) 24.421ms
[2020-09-08T09:37:54.809-0300][gc,cpu         ] GC(82) User=0.07s Sys=0.01s Real=0.02s
[2020-09-08T09:37:55.577-0300][gc,heap        ] GC(83) Heap before GC invocations=83 (full 1): garbage-first heap   total 109568K, used 54572K [0x0000000083000000, 0x0000000100000000)
[2020-09-08T09:37:55.577-0300][gc,heap        ] GC(83)   region size 1024K, 16 young (16384K), 2 survivors (2048K)
[2020-09-08T09:37:55.577-0300][gc,heap        ] GC(83)  Metaspace       used 39049K, capacity 42121K, committed 42240K, reserved 1085440K
[2020-09-08T09:37:55.577-0300][gc,heap        ] GC(83)   class space    used 4430K, capacity 5628K, committed 5632K, reserved 1048576K
[2020-09-08T09:37:55.577-0300][gc,start       ] GC(83) Pause Young (Concurrent Start) (G1 Humongous Allocation)
[2020-09-08T09:37:55.577-0300][gc,task        ] GC(83) Using 4 workers of 4 for evacuation
[2020-09-08T09:37:55.601-0300][gc,phases      ] GC(83)   Pre Evacuate Collection Set: 0.5ms
[2020-09-08T09:37:55.602-0300][gc,phases      ] GC(83)   Evacuate Collection Set: 20.3ms
[2020-09-08T09:37:55.602-0300][gc,phases      ] GC(83)   Post Evacuate Collection Set: 2.8ms
[2020-09-08T09:37:55.602-0300][gc,phases      ] GC(83)   Other: 1.4ms
[2020-09-08T09:37:55.602-0300][gc,heap        ] GC(83) Eden regions: 14->0(33)
[2020-09-08T09:37:55.602-0300][gc,heap        ] GC(83) Survivor regions: 2->3(6)
[2020-09-08T09:37:55.602-0300][gc,heap        ] GC(83) Old regions: 38->38
[2020-09-08T09:37:55.602-0300][gc,heap        ] GC(83) Humongous regions: 4->4
[2020-09-08T09:37:55.602-0300][gc,metaspace   ] GC(83) Metaspace: 39049K->39049K(1085440K)
[2020-09-08T09:37:55.602-0300][gc,heap        ] GC(83) Heap after GC invocations=84 (full 1): garbage-first heap   total 109568K, used 43296K [0x0000000083000000, 0x0000000100000000)
[2020-09-08T09:37:55.602-0300][gc,heap        ] GC(83)   region size 1024K, 3 young (3072K), 3 survivors (3072K)
[2020-09-08T09:37:55.602-0300][gc,heap        ] GC(83)  Metaspace       used 39049K, capacity 42121K, committed 42240K, reserved 1085440K
[2020-09-08T09:37:55.603-0300][gc,heap        ] GC(83)   class space    used 4430K, capacity 5628K, committed 5632K, reserved 1048576K
[2020-09-08T09:37:55.603-0300][gc             ] GC(83) Pause Young (Concurrent Start) (G1 Humongous Allocation) 54M->42M(107M) 25.694ms
[2020-09-08T09:37:55.603-0300][gc,cpu         ] GC(83) User=0.10s Sys=0.01s Real=0.03s
[2020-09-08T09:37:55.603-0300][gc             ] GC(84) Concurrent Cycle
[2020-09-08T09:37:55.603-0300][gc,marking     ] GC(84) Concurrent Clear Claimed Marks
[2020-09-08T09:37:55.604-0300][gc,marking     ] GC(84) Concurrent Clear Claimed Marks 0.603ms
[2020-09-08T09:37:55.604-0300][gc,marking     ] GC(84) Concurrent Scan Root Regions
[2020-09-08T09:37:55.619-0300][gc,marking     ] GC(84) Concurrent Scan Root Regions 15.040ms
[2020-09-08T09:37:55.619-0300][gc,marking     ] GC(84) Concurrent Mark (133.093s)
[2020-09-08T09:37:55.619-0300][gc,marking     ] GC(84) Concurrent Mark From Roots
[2020-09-08T09:37:55.619-0300][gc,task        ] GC(84) Using 1 workers of 1 for marking
[2020-09-08T09:37:55.926-0300][gc,marking     ] GC(84) Concurrent Mark From Roots 307.150ms
[2020-09-08T09:37:55.927-0300][gc,marking     ] GC(84) Concurrent Preclean
[2020-09-08T09:37:55.927-0300][gc,marking     ] GC(84) Concurrent Preclean 0.517ms
[2020-09-08T09:37:55.927-0300][gc,marking     ] GC(84) Concurrent Mark (133.093s, 133.401s) 307.968ms
[2020-09-08T09:37:55.928-0300][gc,start       ] GC(84) Pause Remark
[2020-09-08T09:37:55.963-0300][gc,stringtable ] GC(84) Cleaned string and symbol table, strings: 22034 processed, 0 removed, symbols: 90558 processed, 0 removed
[2020-09-08T09:37:55.964-0300][gc             ] GC(84) Pause Remark 46M->46M(107M) 36.188ms
[2020-09-08T09:37:55.965-0300][gc,cpu         ] GC(84) User=0.13s Sys=0.00s Real=0.04s
[2020-09-08T09:37:55.965-0300][gc,marking     ] GC(84) Concurrent Rebuild Remembered Sets
[2020-09-08T09:37:56.098-0300][gc,marking     ] GC(84) Concurrent Rebuild Remembered Sets 133.206ms
[2020-09-08T09:37:56.100-0300][gc,start       ] GC(84) Pause Cleanup
[2020-09-08T09:37:56.101-0300][gc             ] GC(84) Pause Cleanup 46M->46M(107M) 0.956ms
[2020-09-08T09:37:56.101-0300][gc,cpu         ] GC(84) User=0.00s Sys=0.00s Real=0.01s
[2020-09-08T09:37:56.102-0300][gc,marking     ] GC(84) Concurrent Cleanup for Next Mark
[2020-09-08T09:37:56.103-0300][gc,marking     ] GC(84) Concurrent Cleanup for Next Mark 1.272ms
[2020-09-08T09:37:56.103-0300][gc             ] GC(84) Concurrent Cycle 499.836ms
[2020-09-08T09:38:01.225-0300][gc,heap        ] GC(85) Heap before GC invocations=85 (full 1): garbage-first heap   total 109568K, used 78112K [0x0000000083000000, 0x0000000100000000)
[2020-09-08T09:38:01.225-0300][gc,heap        ] GC(85)   region size 1024K, 36 young (36864K), 3 survivors (3072K)
[2020-09-08T09:38:01.225-0300][gc,heap        ] GC(85)  Metaspace       used 39104K, capacity 42121K, committed 42240K, reserved 1085440K
[2020-09-08T09:38:01.225-0300][gc,heap        ] GC(85)   class space    used 4431K, capacity 5628K, committed 5632K, reserved 1048576K
[2020-09-08T09:38:01.226-0300][gc,start       ] GC(85) Pause Young (Normal) (G1 Evacuation Pause)
[2020-09-08T09:38:01.226-0300][gc,task        ] GC(85) Using 4 workers of 4 for evacuation
[2020-09-08T09:38:01.259-0300][gc,phases      ] GC(85)   Pre Evacuate Collection Set: 0.1ms
[2020-09-08T09:38:01.259-0300][gc,phases      ] GC(85)   Evacuate Collection Set: 19.9ms
[2020-09-08T09:38:01.259-0300][gc,phases      ] GC(85)   Post Evacuate Collection Set: 12.6ms
[2020-09-08T09:38:01.260-0300][gc,phases      ] GC(85)   Other: 1.2ms
[2020-09-08T09:38:01.260-0300][gc,heap        ] GC(85) Eden regions: 33->0(35)
[2020-09-08T09:38:01.260-0300][gc,heap        ] GC(85) Survivor regions: 3->3(5)
[2020-09-08T09:38:01.260-0300][gc,heap        ] GC(85) Old regions: 38->38
[2020-09-08T09:38:01.260-0300][gc,heap        ] GC(85) Humongous regions: 6->4
[2020-09-08T09:38:01.260-0300][gc,metaspace   ] GC(85) Metaspace: 39104K->39104K(1085440K)
[2020-09-08T09:38:01.260-0300][gc,heap        ] GC(85) Heap after GC invocations=86 (full 1): garbage-first heap   total 109568K, used 43100K [0x0000000083000000, 0x0000000100000000)
[2020-09-08T09:38:01.260-0300][gc,heap        ] GC(85)   region size 1024K, 3 young (3072K), 3 survivors (3072K)
[2020-09-08T09:38:01.260-0300][gc,heap        ] GC(85)  Metaspace       used 39104K, capacity 42121K, committed 42240K, reserved 1085440K
[2020-09-08T09:38:01.260-0300][gc,heap        ] GC(85)   class space    used 4431K, capacity 5628K, committed 5632K, reserved 1048576K
[2020-09-08T09:38:01.260-0300][gc             ] GC(85) Pause Young (Normal) (G1 Evacuation Pause) 77M->42M(107M) 34.536ms
[2020-09-08T09:38:01.260-0300][gc,cpu         ] GC(85) User=0.12s Sys=0.00s Real=0.03s
[2020-09-08T09:38:01.389-0300][gc,heap        ] GC(86) Heap before GC invocations=86 (full 1): garbage-first heap   total 109568K, used 53340K [0x0000000083000000, 0x0000000100000000)
[2020-09-08T09:38:01.389-0300][gc,heap        ] GC(86)   region size 1024K, 15 young (15360K), 3 survivors (3072K)
[2020-09-08T09:38:01.389-0300][gc,heap        ] GC(86)  Metaspace       used 39107K, capacity 42185K, committed 42240K, reserved 1085440K
[2020-09-08T09:38:01.389-0300][gc,heap        ] GC(86)   class space    used 4431K, capacity 5628K, committed 5632K, reserved 1048576K
[2020-09-08T09:38:01.389-0300][gc,start       ] GC(86) Pause Young (Concurrent Start) (G1 Humongous Allocation)
[2020-09-08T09:38:01.389-0300][gc,task        ] GC(86) Using 4 workers of 4 for evacuation
[2020-09-08T09:38:01.416-0300][gc,phases      ] GC(86)   Pre Evacuate Collection Set: 0.6ms
[2020-09-08T09:38:01.416-0300][gc,phases      ] GC(86)   Evacuate Collection Set: 23.5ms
[2020-09-08T09:38:01.416-0300][gc,phases      ] GC(86)   Post Evacuate Collection Set: 2.0ms
[2020-09-08T09:38:01.416-0300][gc,phases      ] GC(86)   Other: 1.2ms
[2020-09-08T09:38:01.416-0300][gc,heap        ] GC(86) Eden regions: 12->0(37)
[2020-09-08T09:38:01.416-0300][gc,heap        ] GC(86) Survivor regions: 3->3(5)
[2020-09-08T09:38:01.416-0300][gc,heap        ] GC(86) Old regions: 38->38
[2020-09-08T09:38:01.416-0300][gc,heap        ] GC(86) Humongous regions: 4->4
[2020-09-08T09:38:01.416-0300][gc,metaspace   ] GC(86) Metaspace: 39107K->39107K(1085440K)
[2020-09-08T09:38:01.416-0300][gc,heap        ] GC(86) Heap after GC invocations=87 (full 1): garbage-first heap   total 109568K, used 43665K [0x0000000083000000, 0x0000000100000000)
[2020-09-08T09:38:01.416-0300][gc,heap        ] GC(86)   region size 1024K, 3 young (3072K), 3 survivors (3072K)
[2020-09-08T09:38:01.416-0300][gc,heap        ] GC(86)  Metaspace       used 39107K, capacity 42185K, committed 42240K, reserved 1085440K
[2020-09-08T09:38:01.416-0300][gc,heap        ] GC(86)   class space    used 4431K, capacity 5628K, committed 5632K, reserved 1048576K
[2020-09-08T09:38:01.417-0300][gc             ] GC(86) Pause Young (Concurrent Start) (G1 Humongous Allocation) 53M->42M(107M) 27.571ms
[2020-09-08T09:38:01.417-0300][gc,cpu         ] GC(86) User=0.08s Sys=0.01s Real=0.03s
[2020-09-08T09:38:01.419-0300][gc             ] GC(87) Concurrent Cycle
[2020-09-08T09:38:01.419-0300][gc,marking     ] GC(87) Concurrent Clear Claimed Marks
[2020-09-08T09:38:01.421-0300][gc,marking     ] GC(87) Concurrent Clear Claimed Marks 1.334ms
[2020-09-08T09:38:01.426-0300][gc,marking     ] GC(87) Concurrent Scan Root Regions
[2020-09-08T09:38:01.439-0300][gc,marking     ] GC(87) Concurrent Scan Root Regions 12.897ms
[2020-09-08T09:38:01.439-0300][gc,marking     ] GC(87) Concurrent Mark (138.913s)
[2020-09-08T09:38:01.439-0300][gc,marking     ] GC(87) Concurrent Mark From Roots
[2020-09-08T09:38:01.439-0300][gc,task        ] GC(87) Using 1 workers of 1 for marking
[2020-09-08T09:38:01.750-0300][gc,marking     ] GC(87) Concurrent Mark From Roots 310.751ms
[2020-09-08T09:38:01.750-0300][gc,marking     ] GC(87) Concurrent Preclean
[2020-09-08T09:38:01.751-0300][gc,marking     ] GC(87) Concurrent Preclean 0.289ms
[2020-09-08T09:38:01.751-0300][gc,marking     ] GC(87) Concurrent Mark (138.913s, 139.224s) 311.311ms
[2020-09-08T09:38:01.752-0300][gc,start       ] GC(87) Pause Remark
[2020-09-08T09:38:01.795-0300][gc,stringtable ] GC(87) Cleaned string and symbol table, strings: 22106 processed, 1 removed, symbols: 90610 processed, 4 removed
[2020-09-08T09:38:01.796-0300][gc             ] GC(87) Pause Remark 46M->46M(107M) 44.274ms
[2020-09-08T09:38:01.796-0300][gc,cpu         ] GC(87) User=0.17s Sys=0.01s Real=0.04s
[2020-09-08T09:38:01.797-0300][gc,marking     ] GC(87) Concurrent Rebuild Remembered Sets
[2020-09-08T09:38:02.019-0300][gc,marking     ] GC(87) Concurrent Rebuild Remembered Sets 221.522ms
[2020-09-08T09:38:02.020-0300][gc,start       ] GC(87) Pause Cleanup
[2020-09-08T09:38:02.020-0300][gc             ] GC(87) Pause Cleanup 47M->47M(107M) 0.692ms
[2020-09-08T09:38:02.021-0300][gc,cpu         ] GC(87) User=0.01s Sys=0.00s Real=0.00s
[2020-09-08T09:38:02.021-0300][gc,marking     ] GC(87) Concurrent Cleanup for Next Mark
[2020-09-08T09:38:02.023-0300][gc,marking     ] GC(87) Concurrent Cleanup for Next Mark 1.670ms
[2020-09-08T09:38:02.023-0300][gc             ] GC(87) Concurrent Cycle 604.013ms
[2020-09-08T09:38:07.350-0300][gc,heap        ] GC(88) Heap before GC invocations=88 (full 1): garbage-first heap   total 109568K, used 79505K [0x0000000083000000, 0x0000000100000000)
[2020-09-08T09:38:07.350-0300][gc,heap        ] GC(88)   region size 1024K, 38 young (38912K), 3 survivors (3072K)
[2020-09-08T09:38:07.350-0300][gc,heap        ] GC(88)  Metaspace       used 39215K, capacity 42360K, committed 42624K, reserved 1085440K
[2020-09-08T09:38:07.350-0300][gc,heap        ] GC(88)   class space    used 4435K, capacity 5636K, committed 5760K, reserved 1048576K
[2020-09-08T09:38:07.350-0300][gc,start       ] GC(88) Pause Young (Concurrent Start) (G1 Humongous Allocation)
[2020-09-08T09:38:07.350-0300][gc,task        ] GC(88) Using 4 workers of 4 for evacuation
[2020-09-08T09:38:07.380-0300][gc,phases      ] GC(88)   Pre Evacuate Collection Set: 0.4ms
[2020-09-08T09:38:07.380-0300][gc,phases      ] GC(88)   Evacuate Collection Set: 25.5ms
[2020-09-08T09:38:07.380-0300][gc,phases      ] GC(88)   Post Evacuate Collection Set: 2.6ms
[2020-09-08T09:38:07.380-0300][gc,phases      ] GC(88)   Other: 1.3ms
[2020-09-08T09:38:07.380-0300][gc,heap        ] GC(88) Eden regions: 35->0(37)
[2020-09-08T09:38:07.380-0300][gc,heap        ] GC(88) Survivor regions: 3->4(5)
[2020-09-08T09:38:07.380-0300][gc,heap        ] GC(88) Old regions: 38->39
[2020-09-08T09:38:07.380-0300][gc,heap        ] GC(88) Humongous regions: 6->4
[2020-09-08T09:38:07.380-0300][gc,metaspace   ] GC(88) Metaspace: 39215K->39215K(1085440K)
[2020-09-08T09:38:07.380-0300][gc,heap        ] GC(88) Heap after GC invocations=89 (full 1): garbage-first heap   total 109568K, used 44100K [0x0000000083000000, 0x0000000100000000)
[2020-09-08T09:38:07.380-0300][gc,heap        ] GC(88)   region size 1024K, 4 young (4096K), 4 survivors (4096K)
[2020-09-08T09:38:07.380-0300][gc,heap        ] GC(88)  Metaspace       used 39215K, capacity 42360K, committed 42624K, reserved 1085440K
[2020-09-08T09:38:07.380-0300][gc,heap        ] GC(88)   class space    used 4435K, capacity 5636K, committed 5760K, reserved 1048576K
[2020-09-08T09:38:07.381-0300][gc             ] GC(88) Pause Young (Concurrent Start) (G1 Humongous Allocation) 78M->43M(107M) 30.181ms
[2020-09-08T09:38:07.381-0300][gc,cpu         ] GC(88) User=0.09s Sys=0.00s Real=0.04s
[2020-09-08T09:38:07.381-0300][gc             ] GC(89) Concurrent Cycle
[2020-09-08T09:38:07.381-0300][gc,marking     ] GC(89) Concurrent Clear Claimed Marks
[2020-09-08T09:38:07.382-0300][gc,marking     ] GC(89) Concurrent Clear Claimed Marks 0.642ms
[2020-09-08T09:38:07.382-0300][gc,marking     ] GC(89) Concurrent Scan Root Regions
[2020-09-08T09:38:07.419-0300][gc,marking     ] GC(89) Concurrent Scan Root Regions 36.504ms
[2020-09-08T09:38:07.419-0300][gc,marking     ] GC(89) Concurrent Mark (144.892s)
[2020-09-08T09:38:07.419-0300][gc,marking     ] GC(89) Concurrent Mark From Roots
[2020-09-08T09:38:07.419-0300][gc,task        ] GC(89) Using 1 workers of 1 for marking
[2020-09-08T09:38:07.803-0300][gc,marking     ] GC(89) Concurrent Mark From Roots 384.141ms
[2020-09-08T09:38:07.803-0300][gc,marking     ] GC(89) Concurrent Preclean
[2020-09-08T09:38:07.803-0300][gc,marking     ] GC(89) Concurrent Preclean 0.409ms
[2020-09-08T09:38:07.804-0300][gc,marking     ] GC(89) Concurrent Mark (144.892s, 145.277s) 384.881ms
[2020-09-08T09:38:07.805-0300][gc,start       ] GC(89) Pause Remark
[2020-09-08T09:38:07.844-0300][gc,stringtable ] GC(89) Cleaned string and symbol table, strings: 22258 processed, 0 removed, symbols: 90627 processed, 0 removed
[2020-09-08T09:38:07.845-0300][gc             ] GC(89) Pause Remark 52M->52M(107M) 39.641ms
[2020-09-08T09:38:07.845-0300][gc,cpu         ] GC(89) User=0.15s Sys=0.01s Real=0.04s
[2020-09-08T09:38:07.845-0300][gc,marking     ] GC(89) Concurrent Rebuild Remembered Sets
[2020-09-08T09:38:08.051-0300][gc,marking     ] GC(89) Concurrent Rebuild Remembered Sets 206.113ms
[2020-09-08T09:38:08.052-0300][gc,start       ] GC(89) Pause Cleanup
[2020-09-08T09:38:08.053-0300][gc             ] GC(89) Pause Cleanup 53M->53M(107M) 0.719ms
[2020-09-08T09:38:08.053-0300][gc,cpu         ] GC(89) User=0.00s Sys=0.01s Real=0.00s
[2020-09-08T09:38:08.054-0300][gc,marking     ] GC(89) Concurrent Cleanup for Next Mark
[2020-09-08T09:38:08.056-0300][gc,marking     ] GC(89) Concurrent Cleanup for Next Mark 1.851ms
[2020-09-08T09:38:08.056-0300][gc             ] GC(89) Concurrent Cycle 674.975ms
[2020-09-08T09:38:11.496-0300][gc,heap        ] GC(90) Heap before GC invocations=90 (full 1): garbage-first heap   total 109568K, used 74820K [0x0000000083000000, 0x0000000100000000)
[2020-09-08T09:38:11.496-0300][gc,heap        ] GC(90)   region size 1024K, 34 young (34816K), 4 survivors (4096K)
[2020-09-08T09:38:11.496-0300][gc,heap        ] GC(90)  Metaspace       used 39254K, capacity 42362K, committed 42624K, reserved 1085440K
[2020-09-08T09:38:11.496-0300][gc,heap        ] GC(90)   class space    used 4435K, capacity 5636K, committed 5760K, reserved 1048576K
[2020-09-08T09:38:11.496-0300][gc,start       ] GC(90) Pause Young (Concurrent Start) (G1 Humongous Allocation)
[2020-09-08T09:38:11.496-0300][gc,task        ] GC(90) Using 4 workers of 4 for evacuation
[2020-09-08T09:38:11.513-0300][gc,phases      ] GC(90)   Pre Evacuate Collection Set: 0.4ms
[2020-09-08T09:38:11.513-0300][gc,phases      ] GC(90)   Evacuate Collection Set: 14.1ms
[2020-09-08T09:38:11.513-0300][gc,phases      ] GC(90)   Post Evacuate Collection Set: 1.9ms
[2020-09-08T09:38:11.513-0300][gc,phases      ] GC(90)   Other: 1.1ms
[2020-09-08T09:38:11.513-0300][gc,heap        ] GC(90) Eden regions: 30->0(39)
[2020-09-08T09:38:11.513-0300][gc,heap        ] GC(90) Survivor regions: 4->3(6)
[2020-09-08T09:38:11.513-0300][gc,heap        ] GC(90) Old regions: 39->39
[2020-09-08T09:38:11.513-0300][gc,heap        ] GC(90) Humongous regions: 6->4
[2020-09-08T09:38:11.513-0300][gc,metaspace   ] GC(90) Metaspace: 39254K->39254K(1085440K)
[2020-09-08T09:38:11.513-0300][gc,heap        ] GC(90) Heap after GC invocations=91 (full 1): garbage-first heap   total 109568K, used 43982K [0x0000000083000000, 0x0000000100000000)
[2020-09-08T09:38:11.513-0300][gc,heap        ] GC(90)   region size 1024K, 3 young (3072K), 3 survivors (3072K)
[2020-09-08T09:38:11.514-0300][gc,heap        ] GC(90)  Metaspace       used 39254K, capacity 42362K, committed 42624K, reserved 1085440K
[2020-09-08T09:38:11.514-0300][gc,heap        ] GC(90)   class space    used 4435K, capacity 5636K, committed 5760K, reserved 1048576K
[2020-09-08T09:38:11.514-0300][gc             ] GC(90) Pause Young (Concurrent Start) (G1 Humongous Allocation) 74M->42M(107M) 17.778ms
[2020-09-08T09:38:11.514-0300][gc,cpu         ] GC(90) User=0.05s Sys=0.00s Real=0.02s
[2020-09-08T09:38:11.514-0300][gc             ] GC(91) Concurrent Cycle
[2020-09-08T09:38:11.515-0300][gc,marking     ] GC(91) Concurrent Clear Claimed Marks
[2020-09-08T09:38:11.515-0300][gc,marking     ] GC(91) Concurrent Clear Claimed Marks 0.704ms
[2020-09-08T09:38:11.515-0300][gc,marking     ] GC(91) Concurrent Scan Root Regions
[2020-09-08T09:38:11.531-0300][gc,marking     ] GC(91) Concurrent Scan Root Regions 15.880ms
[2020-09-08T09:38:11.531-0300][gc,marking     ] GC(91) Concurrent Mark (149.005s)
[2020-09-08T09:38:11.531-0300][gc,marking     ] GC(91) Concurrent Mark From Roots
[2020-09-08T09:38:11.531-0300][gc,task        ] GC(91) Using 1 workers of 1 for marking
[2020-09-08T09:38:11.809-0300][gc,marking     ] GC(91) Concurrent Mark From Roots 277.844ms
[2020-09-08T09:38:11.809-0300][gc,marking     ] GC(91) Concurrent Preclean
[2020-09-08T09:38:11.810-0300][gc,marking     ] GC(91) Concurrent Preclean 0.272ms
[2020-09-08T09:38:11.810-0300][gc,marking     ] GC(91) Concurrent Mark (149.005s, 149.283s) 278.416ms
[2020-09-08T09:38:11.811-0300][gc,start       ] GC(91) Pause Remark
[2020-09-08T09:38:11.846-0300][gc,stringtable ] GC(91) Cleaned string and symbol table, strings: 22289 processed, 0 removed, symbols: 90627 processed, 0 removed
[2020-09-08T09:38:11.846-0300][gc             ] GC(91) Pause Remark 47M->47M(107M) 34.951ms
[2020-09-08T09:38:11.846-0300][gc,cpu         ] GC(91) User=0.13s Sys=0.00s Real=0.03s
[2020-09-08T09:38:11.848-0300][gc,marking     ] GC(91) Concurrent Rebuild Remembered Sets
[2020-09-08T09:38:12.004-0300][gc,marking     ] GC(91) Concurrent Rebuild Remembered Sets 156.371ms
[2020-09-08T09:38:12.005-0300][gc,start       ] GC(91) Pause Cleanup
[2020-09-08T09:38:12.006-0300][gc             ] GC(91) Pause Cleanup 48M->48M(107M) 0.513ms
[2020-09-08T09:38:12.006-0300][gc,cpu         ] GC(91) User=0.00s Sys=0.00s Real=0.00s
[2020-09-08T09:38:12.007-0300][gc,marking     ] GC(91) Concurrent Cleanup for Next Mark
[2020-09-08T09:38:12.008-0300][gc,marking     ] GC(91) Concurrent Cleanup for Next Mark 1.228ms
[2020-09-08T09:38:12.008-0300][gc             ] GC(91) Concurrent Cycle 493.865ms
[2020-09-08T09:38:17.235-0300][gc,heap        ] GC(92) Heap before GC invocations=92 (full 1): garbage-first heap   total 109568K, used 74702K [0x0000000083000000, 0x0000000100000000)
[2020-09-08T09:38:17.235-0300][gc,heap        ] GC(92)   region size 1024K, 33 young (33792K), 3 survivors (3072K)
[2020-09-08T09:38:17.235-0300][gc,heap        ] GC(92)  Metaspace       used 39270K, capacity 42426K, committed 42624K, reserved 1085440K
[2020-09-08T09:38:17.235-0300][gc,heap        ] GC(92)   class space    used 4435K, capacity 5636K, committed 5760K, reserved 1048576K
[2020-09-08T09:38:17.235-0300][gc,start       ] GC(92) Pause Young (Concurrent Start) (G1 Humongous Allocation)
[2020-09-08T09:38:17.235-0300][gc,task        ] GC(92) Using 4 workers of 4 for evacuation
[2020-09-08T09:38:17.254-0300][gc,phases      ] GC(92)   Pre Evacuate Collection Set: 0.4ms
[2020-09-08T09:38:17.254-0300][gc,phases      ] GC(92)   Evacuate Collection Set: 15.7ms
[2020-09-08T09:38:17.254-0300][gc,phases      ] GC(92)   Post Evacuate Collection Set: 1.8ms
[2020-09-08T09:38:17.254-0300][gc,phases      ] GC(92)   Other: 1.2ms
[2020-09-08T09:38:17.254-0300][gc,heap        ] GC(92) Eden regions: 30->0(39)
[2020-09-08T09:38:17.254-0300][gc,heap        ] GC(92) Survivor regions: 3->4(6)
[2020-09-08T09:38:17.254-0300][gc,heap        ] GC(92) Old regions: 39->39
[2020-09-08T09:38:17.254-0300][gc,heap        ] GC(92) Humongous regions: 6->4
[2020-09-08T09:38:17.254-0300][gc,metaspace   ] GC(92) Metaspace: 39270K->39270K(1085440K)
[2020-09-08T09:38:17.254-0300][gc,heap        ] GC(92) Heap after GC invocations=93 (full 1): garbage-first heap   total 109568K, used 44347K [0x0000000083000000, 0x0000000100000000)
[2020-09-08T09:38:17.255-0300][gc,heap        ] GC(92)   region size 1024K, 4 young (4096K), 4 survivors (4096K)
[2020-09-08T09:38:17.255-0300][gc,heap        ] GC(92)  Metaspace       used 39270K, capacity 42426K, committed 42624K, reserved 1085440K
[2020-09-08T09:38:17.255-0300][gc,heap        ] GC(92)   class space    used 4435K, capacity 5636K, committed 5760K, reserved 1048576K
[2020-09-08T09:38:17.255-0300][gc             ] GC(92) Pause Young (Concurrent Start) (G1 Humongous Allocation) 74M->43M(107M) 19.463ms
[2020-09-08T09:38:17.255-0300][gc,cpu         ] GC(92) User=0.07s Sys=0.00s Real=0.02s
[2020-09-08T09:38:17.255-0300][gc             ] GC(93) Concurrent Cycle
[2020-09-08T09:38:17.255-0300][gc,marking     ] GC(93) Concurrent Clear Claimed Marks
[2020-09-08T09:38:17.256-0300][gc,marking     ] GC(93) Concurrent Clear Claimed Marks 0.465ms
[2020-09-08T09:38:17.256-0300][gc,marking     ] GC(93) Concurrent Scan Root Regions
[2020-09-08T09:38:17.271-0300][gc,marking     ] GC(93) Concurrent Scan Root Regions 14.624ms
[2020-09-08T09:38:17.271-0300][gc,marking     ] GC(93) Concurrent Mark (154.744s)
[2020-09-08T09:38:17.271-0300][gc,marking     ] GC(93) Concurrent Mark From Roots
[2020-09-08T09:38:17.271-0300][gc,task        ] GC(93) Using 1 workers of 1 for marking
[2020-09-08T09:38:17.509-0300][gc,marking     ] GC(93) Concurrent Mark From Roots 238.179ms
[2020-09-08T09:38:17.509-0300][gc,marking     ] GC(93) Concurrent Preclean
[2020-09-08T09:38:17.509-0300][gc,marking     ] GC(93) Concurrent Preclean 0.266ms
[2020-09-08T09:38:17.509-0300][gc,marking     ] GC(93) Concurrent Mark (154.744s, 154.983s) 238.639ms
[2020-09-08T09:38:17.510-0300][gc,start       ] GC(93) Pause Remark
[2020-09-08T09:38:17.538-0300][gc,stringtable ] GC(93) Cleaned string and symbol table, strings: 22295 processed, 0 removed, symbols: 90627 processed, 0 removed
[2020-09-08T09:38:17.539-0300][gc             ] GC(93) Pause Remark 47M->47M(107M) 29.074ms
[2020-09-08T09:38:17.539-0300][gc,cpu         ] GC(93) User=0.11s Sys=0.00s Real=0.03s
[2020-09-08T09:38:17.540-0300][gc,marking     ] GC(93) Concurrent Rebuild Remembered Sets
[2020-09-08T09:38:17.681-0300][gc,marking     ] GC(93) Concurrent Rebuild Remembered Sets 141.646ms
[2020-09-08T09:38:17.682-0300][gc,start       ] GC(93) Pause Cleanup
[2020-09-08T09:38:17.683-0300][gc             ] GC(93) Pause Cleanup 48M->48M(107M) 0.461ms
[2020-09-08T09:38:17.683-0300][gc,cpu         ] GC(93) User=0.00s Sys=0.00s Real=0.00s
[2020-09-08T09:38:17.683-0300][gc,marking     ] GC(93) Concurrent Cleanup for Next Mark
[2020-09-08T09:38:17.684-0300][gc,marking     ] GC(93) Concurrent Cleanup for Next Mark 1.291ms
[2020-09-08T09:38:17.685-0300][gc             ] GC(93) Concurrent Cycle 429.492ms
[2020-09-08T09:38:21.418-0300][gc,heap        ] GC(94) Heap before GC invocations=94 (full 1): garbage-first heap   total 109568K, used 74043K [0x0000000083000000, 0x0000000100000000)
[2020-09-08T09:38:21.418-0300][gc,heap        ] GC(94)   region size 1024K, 33 young (33792K), 4 survivors (4096K)
[2020-09-08T09:38:21.418-0300][gc,heap        ] GC(94)  Metaspace       used 39307K, capacity 42426K, committed 42624K, reserved 1085440K
[2020-09-08T09:38:21.418-0300][gc,heap        ] GC(94)   class space    used 4438K, capacity 5636K, committed 5760K, reserved 1048576K
[2020-09-08T09:38:21.418-0300][gc,start       ] GC(94) Pause Young (Concurrent Start) (G1 Humongous Allocation)
[2020-09-08T09:38:21.418-0300][gc,task        ] GC(94) Using 4 workers of 4 for evacuation
[2020-09-08T09:38:21.449-0300][gc,phases      ] GC(94)   Pre Evacuate Collection Set: 0.6ms
[2020-09-08T09:38:21.449-0300][gc,phases      ] GC(94)   Evacuate Collection Set: 27.5ms
[2020-09-08T09:38:21.449-0300][gc,phases      ] GC(94)   Post Evacuate Collection Set: 2.2ms
[2020-09-08T09:38:21.450-0300][gc,phases      ] GC(94)   Other: 1.2ms
[2020-09-08T09:38:21.450-0300][gc,heap        ] GC(94) Eden regions: 29->0(40)
[2020-09-08T09:38:21.450-0300][gc,heap        ] GC(94) Survivor regions: 4->4(6)
[2020-09-08T09:38:21.450-0300][gc,heap        ] GC(94) Old regions: 39->39
[2020-09-08T09:38:21.450-0300][gc,heap        ] GC(94) Humongous regions: 6->4
[2020-09-08T09:38:21.450-0300][gc,metaspace   ] GC(94) Metaspace: 39307K->39307K(1085440K)
[2020-09-08T09:38:21.450-0300][gc,heap        ] GC(94) Heap after GC invocations=95 (full 1): garbage-first heap   total 109568K, used 44521K [0x0000000083000000, 0x0000000100000000)
[2020-09-08T09:38:21.450-0300][gc,heap        ] GC(94)   region size 1024K, 4 young (4096K), 4 survivors (4096K)
[2020-09-08T09:38:21.450-0300][gc,heap        ] GC(94)  Metaspace       used 39307K, capacity 42426K, committed 42624K, reserved 1085440K
[2020-09-08T09:38:21.450-0300][gc,heap        ] GC(94)   class space    used 4438K, capacity 5636K, committed 5760K, reserved 1048576K
[2020-09-08T09:38:21.450-0300][gc             ] GC(94) Pause Young (Concurrent Start) (G1 Humongous Allocation) 74M->43M(107M) 32.063ms
[2020-09-08T09:38:21.450-0300][gc,cpu         ] GC(94) User=0.10s Sys=0.01s Real=0.03s
[2020-09-08T09:38:21.451-0300][gc             ] GC(95) Concurrent Cycle
[2020-09-08T09:38:21.451-0300][gc,marking     ] GC(95) Concurrent Clear Claimed Marks
[2020-09-08T09:38:21.452-0300][gc,marking     ] GC(95) Concurrent Clear Claimed Marks 0.772ms
[2020-09-08T09:38:21.452-0300][gc,marking     ] GC(95) Concurrent Scan Root Regions
[2020-09-08T09:38:21.480-0300][gc,marking     ] GC(95) Concurrent Scan Root Regions 28.315ms
[2020-09-08T09:38:21.480-0300][gc,marking     ] GC(95) Concurrent Mark (158.954s)
[2020-09-08T09:38:21.480-0300][gc,marking     ] GC(95) Concurrent Mark From Roots
[2020-09-08T09:38:21.480-0300][gc,task        ] GC(95) Using 1 workers of 1 for marking
[2020-09-08T09:38:21.825-0300][gc,marking     ] GC(95) Concurrent Mark From Roots 344.971ms
[2020-09-08T09:38:21.825-0300][gc,marking     ] GC(95) Concurrent Preclean
[2020-09-08T09:38:21.826-0300][gc,marking     ] GC(95) Concurrent Preclean 0.456ms
[2020-09-08T09:38:21.826-0300][gc,marking     ] GC(95) Concurrent Mark (158.954s, 159.300s) 345.760ms
[2020-09-08T09:38:21.828-0300][gc,start       ] GC(95) Pause Remark
[2020-09-08T09:38:21.872-0300][gc,stringtable ] GC(95) Cleaned string and symbol table, strings: 22335 processed, 0 removed, symbols: 90649 processed, 2 removed
[2020-09-08T09:38:21.873-0300][gc             ] GC(95) Pause Remark 49M->49M(107M) 44.892ms
[2020-09-08T09:38:21.874-0300][gc,cpu         ] GC(95) User=0.16s Sys=0.01s Real=0.05s
[2020-09-08T09:38:21.875-0300][gc,marking     ] GC(95) Concurrent Rebuild Remembered Sets
[2020-09-08T09:38:22.039-0300][gc,marking     ] GC(95) Concurrent Rebuild Remembered Sets 164.022ms
[2020-09-08T09:38:22.040-0300][gc,start       ] GC(95) Pause Cleanup
[2020-09-08T09:38:22.041-0300][gc             ] GC(95) Pause Cleanup 50M->50M(107M) 0.559ms
[2020-09-08T09:38:22.041-0300][gc,cpu         ] GC(95) User=0.00s Sys=0.00s Real=0.00s
[2020-09-08T09:38:22.041-0300][gc,marking     ] GC(95) Concurrent Cleanup for Next Mark
[2020-09-08T09:38:22.043-0300][gc,marking     ] GC(95) Concurrent Cleanup for Next Mark 1.615ms
[2020-09-08T09:38:22.043-0300][gc             ] GC(95) Concurrent Cycle 592.276ms
[2020-09-08T09:38:27.192-0300][gc,heap        ] GC(96) Heap before GC invocations=96 (full 1): garbage-first heap   total 109568K, used 72169K [0x0000000083000000, 0x0000000100000000)
[2020-09-08T09:38:27.192-0300][gc,heap        ] GC(96)   region size 1024K, 31 young (31744K), 4 survivors (4096K)
[2020-09-08T09:38:27.193-0300][gc,heap        ] GC(96)  Metaspace       used 39348K, capacity 42446K, committed 42624K, reserved 1085440K
[2020-09-08T09:38:27.193-0300][gc,heap        ] GC(96)   class space    used 4438K, capacity 5636K, committed 5760K, reserved 1048576K
[2020-09-08T09:38:27.193-0300][gc,start       ] GC(96) Pause Young (Concurrent Start) (G1 Humongous Allocation)
[2020-09-08T09:38:27.193-0300][gc,task        ] GC(96) Using 4 workers of 4 for evacuation
[2020-09-08T09:38:27.217-0300][gc,phases      ] GC(96)   Pre Evacuate Collection Set: 0.5ms
[2020-09-08T09:38:27.217-0300][gc,phases      ] GC(96)   Evacuate Collection Set: 21.1ms
[2020-09-08T09:38:27.217-0300][gc,phases      ] GC(96)   Post Evacuate Collection Set: 1.9ms
[2020-09-08T09:38:27.218-0300][gc,phases      ] GC(96)   Other: 1.5ms
[2020-09-08T09:38:27.218-0300][gc,heap        ] GC(96) Eden regions: 27->0(41)
[2020-09-08T09:38:27.218-0300][gc,heap        ] GC(96) Survivor regions: 4->4(6)
[2020-09-08T09:38:27.218-0300][gc,heap        ] GC(96) Old regions: 39->39
[2020-09-08T09:38:27.218-0300][gc,heap        ] GC(96) Humongous regions: 6->4
[2020-09-08T09:38:27.218-0300][gc,metaspace   ] GC(96) Metaspace: 39348K->39348K(1085440K)
[2020-09-08T09:38:27.218-0300][gc,heap        ] GC(96) Heap after GC invocations=97 (full 1): garbage-first heap   total 109568K, used 44615K [0x0000000083000000, 0x0000000100000000)
[2020-09-08T09:38:27.218-0300][gc,heap        ] GC(96)   region size 1024K, 4 young (4096K), 4 survivors (4096K)
[2020-09-08T09:38:27.218-0300][gc,heap        ] GC(96)  Metaspace       used 39348K, capacity 42446K, committed 42624K, reserved 1085440K
[2020-09-08T09:38:27.218-0300][gc,heap        ] GC(96)   class space    used 4438K, capacity 5636K, committed 5760K, reserved 1048576K
[2020-09-08T09:38:27.218-0300][gc             ] GC(96) Pause Young (Concurrent Start) (G1 Humongous Allocation) 71M->43M(107M) 25.470ms
[2020-09-08T09:38:27.219-0300][gc,cpu         ] GC(96) User=0.07s Sys=0.02s Real=0.02s
[2020-09-08T09:38:27.219-0300][gc             ] GC(97) Concurrent Cycle
[2020-09-08T09:38:27.219-0300][gc,marking     ] GC(97) Concurrent Clear Claimed Marks
[2020-09-08T09:38:27.219-0300][gc,marking     ] GC(97) Concurrent Clear Claimed Marks 0.575ms
[2020-09-08T09:38:27.220-0300][gc,marking     ] GC(97) Concurrent Scan Root Regions
[2020-09-08T09:38:27.238-0300][gc,marking     ] GC(97) Concurrent Scan Root Regions 18.635ms
[2020-09-08T09:38:27.238-0300][gc,marking     ] GC(97) Concurrent Mark (164.712s)
[2020-09-08T09:38:27.238-0300][gc,marking     ] GC(97) Concurrent Mark From Roots
[2020-09-08T09:38:27.238-0300][gc,task        ] GC(97) Using 1 workers of 1 for marking
[2020-09-08T09:38:27.490-0300][gc,marking     ] GC(97) Concurrent Mark From Roots 251.527ms
[2020-09-08T09:38:27.490-0300][gc,marking     ] GC(97) Concurrent Preclean
[2020-09-08T09:38:27.490-0300][gc,marking     ] GC(97) Concurrent Preclean 0.280ms
[2020-09-08T09:38:27.490-0300][gc,marking     ] GC(97) Concurrent Mark (164.712s, 164.964s) 252.061ms
[2020-09-08T09:38:27.491-0300][gc,start       ] GC(97) Pause Remark
[2020-09-08T09:38:27.521-0300][gc,stringtable ] GC(97) Cleaned string and symbol table, strings: 22357 processed, 0 removed, symbols: 90647 processed, 0 removed
[2020-09-08T09:38:27.522-0300][gc             ] GC(97) Pause Remark 49M->49M(107M) 30.146ms
[2020-09-08T09:38:27.522-0300][gc,cpu         ] GC(97) User=0.11s Sys=0.00s Real=0.03s
[2020-09-08T09:38:27.523-0300][gc,marking     ] GC(97) Concurrent Rebuild Remembered Sets
[2020-09-08T09:38:27.668-0300][gc,marking     ] GC(97) Concurrent Rebuild Remembered Sets 145.377ms
[2020-09-08T09:38:27.669-0300][gc,start       ] GC(97) Pause Cleanup
[2020-09-08T09:38:27.670-0300][gc             ] GC(97) Pause Cleanup 49M->49M(107M) 0.561ms
[2020-09-08T09:38:27.670-0300][gc,cpu         ] GC(97) User=0.00s Sys=0.00s Real=0.00s
[2020-09-08T09:38:27.670-0300][gc,marking     ] GC(97) Concurrent Cleanup for Next Mark
[2020-09-08T09:38:27.672-0300][gc,marking     ] GC(97) Concurrent Cleanup for Next Mark 1.465ms
[2020-09-08T09:38:27.672-0300][gc             ] GC(97) Concurrent Cycle 453.039ms
[2020-09-08T09:38:31.413-0300][gc,heap        ] GC(98) Heap before GC invocations=98 (full 1): garbage-first heap   total 109568K, used 71239K [0x0000000083000000, 0x0000000100000000)
[2020-09-08T09:38:31.413-0300][gc,heap        ] GC(98)   region size 1024K, 30 young (30720K), 4 survivors (4096K)
[2020-09-08T09:38:31.413-0300][gc,heap        ] GC(98)  Metaspace       used 39357K, capacity 42449K, committed 42624K, reserved 1085440K
[2020-09-08T09:38:31.414-0300][gc,heap        ] GC(98)   class space    used 4439K, capacity 5637K, committed 5760K, reserved 1048576K
[2020-09-08T09:38:31.414-0300][gc,start       ] GC(98) Pause Young (Concurrent Start) (G1 Humongous Allocation)
[2020-09-08T09:38:31.414-0300][gc,task        ] GC(98) Using 4 workers of 4 for evacuation
[2020-09-08T09:38:31.439-0300][gc,phases      ] GC(98)   Pre Evacuate Collection Set: 0.5ms
[2020-09-08T09:38:31.439-0300][gc,phases      ] GC(98)   Evacuate Collection Set: 16.5ms
[2020-09-08T09:38:31.439-0300][gc,phases      ] GC(98)   Post Evacuate Collection Set: 6.9ms
[2020-09-08T09:38:31.439-0300][gc,phases      ] GC(98)   Other: 2.0ms
[2020-09-08T09:38:31.439-0300][gc,heap        ] GC(98) Eden regions: 26->0(43)
[2020-09-08T09:38:31.439-0300][gc,heap        ] GC(98) Survivor regions: 4->3(6)
[2020-09-08T09:38:31.439-0300][gc,heap        ] GC(98) Old regions: 39->39
[2020-09-08T09:38:31.439-0300][gc,heap        ] GC(98) Humongous regions: 6->4
[2020-09-08T09:38:31.439-0300][gc,metaspace   ] GC(98) Metaspace: 39357K->39357K(1085440K)
[2020-09-08T09:38:31.440-0300][gc,heap        ] GC(98) Heap after GC invocations=99 (full 1): garbage-first heap   total 109568K, used 44728K [0x0000000083000000, 0x0000000100000000)
[2020-09-08T09:38:31.440-0300][gc,heap        ] GC(98)   region size 1024K, 3 young (3072K), 3 survivors (3072K)
[2020-09-08T09:38:31.440-0300][gc,heap        ] GC(98)  Metaspace       used 39357K, capacity 42449K, committed 42624K, reserved 1085440K
[2020-09-08T09:38:31.440-0300][gc,heap        ] GC(98)   class space    used 4439K, capacity 5637K, committed 5760K, reserved 1048576K
[2020-09-08T09:38:31.440-0300][gc             ] GC(98) Pause Young (Concurrent Start) (G1 Humongous Allocation) 71M->43M(107M) 26.015ms
[2020-09-08T09:38:31.440-0300][gc,cpu         ] GC(98) User=0.09s Sys=0.00s Real=0.02s
[2020-09-08T09:38:31.440-0300][gc             ] GC(99) Concurrent Cycle
[2020-09-08T09:38:31.440-0300][gc,marking     ] GC(99) Concurrent Clear Claimed Marks
[2020-09-08T09:38:31.441-0300][gc,marking     ] GC(99) Concurrent Clear Claimed Marks 0.820ms
[2020-09-08T09:38:31.441-0300][gc,marking     ] GC(99) Concurrent Scan Root Regions
[2020-09-08T09:38:31.454-0300][gc,marking     ] GC(99) Concurrent Scan Root Regions 12.924ms
[2020-09-08T09:38:31.454-0300][gc,marking     ] GC(99) Concurrent Mark (168.928s)
[2020-09-08T09:38:31.454-0300][gc,marking     ] GC(99) Concurrent Mark From Roots
[2020-09-08T09:38:31.455-0300][gc,task        ] GC(99) Using 1 workers of 1 for marking
[2020-09-08T09:38:31.703-0300][gc,marking     ] GC(99) Concurrent Mark From Roots 248.083ms
[2020-09-08T09:38:31.703-0300][gc,marking     ] GC(99) Concurrent Preclean
[2020-09-08T09:38:31.703-0300][gc,marking     ] GC(99) Concurrent Preclean 0.353ms
[2020-09-08T09:38:31.703-0300][gc,marking     ] GC(99) Concurrent Mark (168.928s, 169.177s) 248.673ms
[2020-09-08T09:38:31.704-0300][gc,start       ] GC(99) Pause Remark
[2020-09-08T09:38:31.733-0300][gc,stringtable ] GC(99) Cleaned string and symbol table, strings: 22362 processed, 0 removed, symbols: 90650 processed, 1 removed
[2020-09-08T09:38:31.734-0300][gc             ] GC(99) Pause Remark 47M->47M(107M) 29.745ms
[2020-09-08T09:38:31.734-0300][gc,cpu         ] GC(99) User=0.11s Sys=0.00s Real=0.03s
[2020-09-08T09:38:31.734-0300][gc,marking     ] GC(99) Concurrent Rebuild Remembered Sets
[2020-09-08T09:38:31.870-0300][gc,marking     ] GC(99) Concurrent Rebuild Remembered Sets 136.051ms
[2020-09-08T09:38:31.871-0300][gc,start       ] GC(99) Pause Cleanup
[2020-09-08T09:38:31.872-0300][gc             ] GC(99) Pause Cleanup 47M->47M(107M) 0.537ms
[2020-09-08T09:38:31.872-0300][gc,cpu         ] GC(99) User=0.00s Sys=0.00s Real=0.00s
[2020-09-08T09:38:31.872-0300][gc,marking     ] GC(99) Concurrent Cleanup for Next Mark
[2020-09-08T09:38:31.874-0300][gc,marking     ] GC(99) Concurrent Cleanup for Next Mark 1.407ms
[2020-09-08T09:38:31.874-0300][gc             ] GC(99) Concurrent Cycle 433.559ms
[2020-09-08T09:38:37.254-0300][gc,heap        ] GC(100) Heap before GC invocations=100 (full 1): garbage-first heap   total 109568K, used 72376K [0x0000000083000000, 0x0000000100000000)
[2020-09-08T09:38:37.254-0300][gc,heap        ] GC(100)   region size 1024K, 30 young (30720K), 3 survivors (3072K)
[2020-09-08T09:38:37.254-0300][gc,heap        ] GC(100)  Metaspace       used 39444K, capacity 42577K, committed 42880K, reserved 1087488K
[2020-09-08T09:38:37.254-0300][gc,heap        ] GC(100)   class space    used 4439K, capacity 5637K, committed 5760K, reserved 1048576K
[2020-09-08T09:38:37.254-0300][gc,start       ] GC(100) Pause Young (Concurrent Start) (G1 Humongous Allocation)
[2020-09-08T09:38:37.254-0300][gc,task        ] GC(100) Using 4 workers of 4 for evacuation
[2020-09-08T09:38:37.277-0300][gc,phases      ] GC(100)   Pre Evacuate Collection Set: 0.4ms
[2020-09-08T09:38:37.277-0300][gc,phases      ] GC(100)   Evacuate Collection Set: 19.1ms
[2020-09-08T09:38:37.277-0300][gc,phases      ] GC(100)   Post Evacuate Collection Set: 2.2ms
[2020-09-08T09:38:37.277-0300][gc,phases      ] GC(100)   Other: 1.3ms
[2020-09-08T09:38:37.277-0300][gc,heap        ] GC(100) Eden regions: 27->0(42)
[2020-09-08T09:38:37.277-0300][gc,heap        ] GC(100) Survivor regions: 3->4(6)
[2020-09-08T09:38:37.277-0300][gc,heap        ] GC(100) Old regions: 39->39
[2020-09-08T09:38:37.277-0300][gc,heap        ] GC(100) Humongous regions: 6->4
[2020-09-08T09:38:37.277-0300][gc,metaspace   ] GC(100) Metaspace: 39444K->39444K(1087488K)
[2020-09-08T09:38:37.278-0300][gc,heap        ] GC(100) Heap after GC invocations=101 (full 1): garbage-first heap   total 109568K, used 45299K [0x0000000083000000, 0x0000000100000000)
[2020-09-08T09:38:37.278-0300][gc,heap        ] GC(100)   region size 1024K, 4 young (4096K), 4 survivors (4096K)
[2020-09-08T09:38:37.278-0300][gc,heap        ] GC(100)  Metaspace       used 39444K, capacity 42577K, committed 42880K, reserved 1087488K
[2020-09-08T09:38:37.278-0300][gc,heap        ] GC(100)   class space    used 4439K, capacity 5637K, committed 5760K, reserved 1048576K
[2020-09-08T09:38:37.278-0300][gc             ] GC(100) Pause Young (Concurrent Start) (G1 Humongous Allocation) 72M->44M(107M) 23.381ms
[2020-09-08T09:38:37.278-0300][gc,cpu         ] GC(100) User=0.06s Sys=0.00s Real=0.02s
[2020-09-08T09:38:37.278-0300][gc             ] GC(101) Concurrent Cycle
[2020-09-08T09:38:37.278-0300][gc,marking     ] GC(101) Concurrent Clear Claimed Marks
[2020-09-08T09:38:37.279-0300][gc,marking     ] GC(101) Concurrent Clear Claimed Marks 0.540ms
[2020-09-08T09:38:37.279-0300][gc,marking     ] GC(101) Concurrent Scan Root Regions
[2020-09-08T09:38:37.293-0300][gc,marking     ] GC(101) Concurrent Scan Root Regions 14.170ms
[2020-09-08T09:38:37.293-0300][gc,marking     ] GC(101) Concurrent Mark (174.767s)
[2020-09-08T09:38:37.293-0300][gc,marking     ] GC(101) Concurrent Mark From Roots
[2020-09-08T09:38:37.293-0300][gc,task        ] GC(101) Using 1 workers of 1 for marking
[2020-09-08T09:38:37.535-0300][gc,marking     ] GC(101) Concurrent Mark From Roots 241.924ms
[2020-09-08T09:38:37.535-0300][gc,marking     ] GC(101) Concurrent Preclean
[2020-09-08T09:38:37.536-0300][gc,marking     ] GC(101) Concurrent Preclean 0.268ms
[2020-09-08T09:38:37.536-0300][gc,marking     ] GC(101) Concurrent Mark (174.767s, 175.009s) 242.385ms
[2020-09-08T09:38:37.537-0300][gc,start       ] GC(101) Pause Remark
[2020-09-08T09:38:37.566-0300][gc,stringtable ] GC(101) Cleaned string and symbol table, strings: 22441 processed, 0 removed, symbols: 90649 processed, 0 removed
[2020-09-08T09:38:37.567-0300][gc             ] GC(101) Pause Remark 49M->49M(107M) 29.956ms
[2020-09-08T09:38:37.567-0300][gc,cpu         ] GC(101) User=0.11s Sys=0.00s Real=0.03s
[2020-09-08T09:38:37.567-0300][gc,marking     ] GC(101) Concurrent Rebuild Remembered Sets
[2020-09-08T09:38:37.703-0300][gc,marking     ] GC(101) Concurrent Rebuild Remembered Sets 135.844ms
[2020-09-08T09:38:37.704-0300][gc,start       ] GC(101) Pause Cleanup
[2020-09-08T09:38:37.705-0300][gc             ] GC(101) Pause Cleanup 49M->49M(107M) 0.467ms
[2020-09-08T09:38:37.705-0300][gc,cpu         ] GC(101) User=0.00s Sys=0.00s Real=0.00s
[2020-09-08T09:38:37.705-0300][gc,marking     ] GC(101) Concurrent Cleanup for Next Mark
[2020-09-08T09:38:37.706-0300][gc,marking     ] GC(101) Concurrent Cleanup for Next Mark 1.231ms
[2020-09-08T09:38:37.706-0300][gc             ] GC(101) Concurrent Cycle 428.351ms
[2020-09-08T09:38:41.487-0300][gc,heap        ] GC(102) Heap before GC invocations=102 (full 1): garbage-first heap   total 109568K, used 67827K [0x0000000083000000, 0x0000000100000000)
[2020-09-08T09:38:41.487-0300][gc,heap        ] GC(102)   region size 1024K, 26 young (26624K), 4 survivors (4096K)
[2020-09-08T09:38:41.487-0300][gc,heap        ] GC(102)  Metaspace       used 39453K, capacity 42587K, committed 42880K, reserved 1087488K
[2020-09-08T09:38:41.487-0300][gc,heap        ] GC(102)   class space    used 4440K, capacity 5639K, committed 5760K, reserved 1048576K
[2020-09-08T09:38:41.488-0300][gc,start       ] GC(102) Pause Young (Concurrent Start) (G1 Humongous Allocation)
[2020-09-08T09:38:41.488-0300][gc,task        ] GC(102) Using 4 workers of 4 for evacuation
[2020-09-08T09:38:41.506-0300][gc,phases      ] GC(102)   Pre Evacuate Collection Set: 0.7ms
[2020-09-08T09:38:41.506-0300][gc,phases      ] GC(102)   Evacuate Collection Set: 15.2ms
[2020-09-08T09:38:41.506-0300][gc,phases      ] GC(102)   Post Evacuate Collection Set: 2.0ms
[2020-09-08T09:38:41.507-0300][gc,phases      ] GC(102)   Other: 1.2ms
[2020-09-08T09:38:41.507-0300][gc,heap        ] GC(102) Eden regions: 22->0(42)
[2020-09-08T09:38:41.507-0300][gc,heap        ] GC(102) Survivor regions: 4->4(6)
[2020-09-08T09:38:41.507-0300][gc,heap        ] GC(102) Old regions: 39->40
[2020-09-08T09:38:41.507-0300][gc,heap        ] GC(102) Humongous regions: 6->4
[2020-09-08T09:38:41.507-0300][gc,metaspace   ] GC(102) Metaspace: 39453K->39453K(1087488K)
[2020-09-08T09:38:41.507-0300][gc,heap        ] GC(102) Heap after GC invocations=103 (full 1): garbage-first heap   total 109568K, used 45432K [0x0000000083000000, 0x0000000100000000)
[2020-09-08T09:38:41.507-0300][gc,heap        ] GC(102)   region size 1024K, 4 young (4096K), 4 survivors (4096K)
[2020-09-08T09:38:41.507-0300][gc,heap        ] GC(102)  Metaspace       used 39453K, capacity 42587K, committed 42880K, reserved 1087488K
[2020-09-08T09:38:41.507-0300][gc,heap        ] GC(102)   class space    used 4440K, capacity 5639K, committed 5760K, reserved 1048576K
[2020-09-08T09:38:41.507-0300][gc             ] GC(102) Pause Young (Concurrent Start) (G1 Humongous Allocation) 67M->44M(107M) 19.519ms
[2020-09-08T09:38:41.507-0300][gc,cpu         ] GC(102) User=0.06s Sys=0.01s Real=0.02s
[2020-09-08T09:38:41.507-0300][gc             ] GC(103) Concurrent Cycle
[2020-09-08T09:38:41.507-0300][gc,marking     ] GC(103) Concurrent Clear Claimed Marks
[2020-09-08T09:38:41.509-0300][gc,marking     ] GC(103) Concurrent Clear Claimed Marks 1.012ms
[2020-09-08T09:38:41.509-0300][gc,marking     ] GC(103) Concurrent Scan Root Regions
[2020-09-08T09:38:41.530-0300][gc,marking     ] GC(103) Concurrent Scan Root Regions 20.851ms
[2020-09-08T09:38:41.530-0300][gc,marking     ] GC(103) Concurrent Mark (179.003s)
[2020-09-08T09:38:41.530-0300][gc,marking     ] GC(103) Concurrent Mark From Roots
[2020-09-08T09:38:41.530-0300][gc,task        ] GC(103) Using 1 workers of 1 for marking
[2020-09-08T09:38:41.789-0300][gc,marking     ] GC(103) Concurrent Mark From Roots 259.500ms
[2020-09-08T09:38:41.790-0300][gc,marking     ] GC(103) Concurrent Preclean
[2020-09-08T09:38:41.790-0300][gc,marking     ] GC(103) Concurrent Preclean 0.442ms
[2020-09-08T09:38:41.790-0300][gc,marking     ] GC(103) Concurrent Mark (179.003s, 179.264s) 260.418ms
[2020-09-08T09:38:41.791-0300][gc,start       ] GC(103) Pause Remark
[2020-09-08T09:38:41.821-0300][gc,stringtable ] GC(103) Cleaned string and symbol table, strings: 22444 processed, 0 removed, symbols: 90653 processed, 0 removed
[2020-09-08T09:38:41.822-0300][gc             ] GC(103) Pause Remark 49M->49M(107M) 30.542ms
[2020-09-08T09:38:41.822-0300][gc,cpu         ] GC(103) User=0.11s Sys=0.00s Real=0.03s
[2020-09-08T09:38:41.822-0300][gc,marking     ] GC(103) Concurrent Rebuild Remembered Sets
[2020-09-08T09:38:41.960-0300][gc,marking     ] GC(103) Concurrent Rebuild Remembered Sets 137.336ms
[2020-09-08T09:38:41.961-0300][gc,start       ] GC(103) Pause Cleanup
[2020-09-08T09:38:41.961-0300][gc             ] GC(103) Pause Cleanup 49M->49M(107M) 0.470ms
[2020-09-08T09:38:41.962-0300][gc,cpu         ] GC(103) User=0.00s Sys=0.00s Real=0.00s
[2020-09-08T09:38:41.962-0300][gc,marking     ] GC(103) Concurrent Cleanup for Next Mark
[2020-09-08T09:38:41.963-0300][gc,marking     ] GC(103) Concurrent Cleanup for Next Mark 1.693ms
[2020-09-08T09:38:41.964-0300][gc             ] GC(103) Concurrent Cycle 456.190ms
[2020-09-08T09:38:54.949-0300][gc,heap        ] GC(104) Heap before GC invocations=104 (full 1): garbage-first heap   total 109568K, used 91512K [0x0000000083000000, 0x0000000100000000)
[2020-09-08T09:38:54.949-0300][gc,heap        ] GC(104)   region size 1024K, 46 young (47104K), 4 survivors (4096K)
[2020-09-08T09:38:54.949-0300][gc,heap        ] GC(104)  Metaspace       used 39477K, capacity 42587K, committed 42880K, reserved 1087488K
[2020-09-08T09:38:54.949-0300][gc,heap        ] GC(104)   class space    used 4440K, capacity 5639K, committed 5760K, reserved 1048576K
[2020-09-08T09:38:54.949-0300][gc,start       ] GC(104) Pause Young (Prepare Mixed) (G1 Evacuation Pause)
[2020-09-08T09:38:54.949-0300][gc,task        ] GC(104) Using 4 workers of 4 for evacuation
[2020-09-08T09:38:54.964-0300][gc,phases      ] GC(104)   Pre Evacuate Collection Set: 0.1ms
[2020-09-08T09:38:54.964-0300][gc,phases      ] GC(104)   Evacuate Collection Set: 11.8ms
[2020-09-08T09:38:54.964-0300][gc,phases      ] GC(104)   Post Evacuate Collection Set: 2.1ms
[2020-09-08T09:38:54.964-0300][gc,phases      ] GC(104)   Other: 1.2ms
[2020-09-08T09:38:54.964-0300][gc,heap        ] GC(104) Eden regions: 42->0(2)
[2020-09-08T09:38:54.964-0300][gc,heap        ] GC(104) Survivor regions: 4->3(6)
[2020-09-08T09:38:54.964-0300][gc,heap        ] GC(104) Old regions: 40->40
[2020-09-08T09:38:54.964-0300][gc,heap        ] GC(104) Humongous regions: 8->4
[2020-09-08T09:38:54.964-0300][gc,metaspace   ] GC(104) Metaspace: 39477K->39477K(1087488K)
[2020-09-08T09:38:54.964-0300][gc,heap        ] GC(104) Heap after GC invocations=105 (full 1): garbage-first heap   total 109568K, used 44608K [0x0000000083000000, 0x0000000100000000)
[2020-09-08T09:38:54.964-0300][gc,heap        ] GC(104)   region size 1024K, 3 young (3072K), 3 survivors (3072K)
[2020-09-08T09:38:54.964-0300][gc,heap        ] GC(104)  Metaspace       used 39477K, capacity 42587K, committed 42880K, reserved 1087488K
[2020-09-08T09:38:54.965-0300][gc,heap        ] GC(104)   class space    used 4440K, capacity 5639K, committed 5760K, reserved 1048576K
[2020-09-08T09:38:54.965-0300][gc             ] GC(104) Pause Young (Prepare Mixed) (G1 Evacuation Pause) 90M->43M(107M) 15.430ms
[2020-09-08T09:38:54.965-0300][gc,cpu         ] GC(104) User=0.04s Sys=0.01s Real=0.02s
[2020-09-08T09:38:56.750-0300][gc,heap        ] GC(105) Heap before GC invocations=105 (full 1): garbage-first heap   total 109568K, used 46656K [0x0000000083000000, 0x0000000100000000)
[2020-09-08T09:38:56.750-0300][gc,heap        ] GC(105)   region size 1024K, 5 young (5120K), 3 survivors (3072K)
[2020-09-08T09:38:56.750-0300][gc,heap        ] GC(105)  Metaspace       used 39477K, capacity 42587K, committed 42880K, reserved 1087488K
[2020-09-08T09:38:56.750-0300][gc,heap        ] GC(105)   class space    used 4440K, capacity 5639K, committed 5760K, reserved 1048576K
[2020-09-08T09:38:56.751-0300][gc,start       ] GC(105) Pause Young (Mixed) (G1 Evacuation Pause)
[2020-09-08T09:38:56.751-0300][gc,task        ] GC(105) Using 4 workers of 4 for evacuation
[2020-09-08T09:38:56.770-0300][gc,phases      ] GC(105)   Pre Evacuate Collection Set: 0.1ms
[2020-09-08T09:38:56.771-0300][gc,phases      ] GC(105)   Evacuate Collection Set: 16.7ms
[2020-09-08T09:38:56.771-0300][gc,phases      ] GC(105)   Post Evacuate Collection Set: 2.2ms
[2020-09-08T09:38:56.771-0300][gc,phases      ] GC(105)   Other: 1.3ms
[2020-09-08T09:38:56.771-0300][gc,heap        ] GC(105) Eden regions: 2->0(44)
[2020-09-08T09:38:56.771-0300][gc,heap        ] GC(105) Survivor regions: 3->1(1)
[2020-09-08T09:38:56.771-0300][gc,heap        ] GC(105) Old regions: 40->41
[2020-09-08T09:38:56.771-0300][gc,heap        ] GC(105) Humongous regions: 4->4
[2020-09-08T09:38:56.771-0300][gc,metaspace   ] GC(105) Metaspace: 39477K->39477K(1087488K)
[2020-09-08T09:38:56.771-0300][gc,heap        ] GC(105) Heap after GC invocations=106 (full 1): garbage-first heap   total 109568K, used 43970K [0x0000000083000000, 0x0000000100000000)
[2020-09-08T09:38:56.771-0300][gc,heap        ] GC(105)   region size 1024K, 1 young (1024K), 1 survivors (1024K)
[2020-09-08T09:38:56.771-0300][gc,heap        ] GC(105)  Metaspace       used 39477K, capacity 42587K, committed 42880K, reserved 1087488K
[2020-09-08T09:38:56.771-0300][gc,heap        ] GC(105)   class space    used 4440K, capacity 5639K, committed 5760K, reserved 1048576K
[2020-09-08T09:38:56.771-0300][gc             ] GC(105) Pause Young (Mixed) (G1 Evacuation Pause) 45M->42M(107M) 20.704ms
[2020-09-08T09:38:56.772-0300][gc,cpu         ] GC(105) User=0.07s Sys=0.01s Real=0.03s
[2020-09-08T09:39:05.135-0300][gc,heap        ] GC(106) Heap before GC invocations=106 (full 1): garbage-first heap   total 109568K, used 90050K [0x0000000083000000, 0x0000000100000000)
[2020-09-08T09:39:05.135-0300][gc,heap        ] GC(106)   region size 1024K, 45 young (46080K), 1 survivors (1024K)
[2020-09-08T09:39:05.135-0300][gc,heap        ] GC(106)  Metaspace       used 39507K, capacity 42587K, committed 42880K, reserved 1087488K
[2020-09-08T09:39:05.135-0300][gc,heap        ] GC(106)   class space    used 4440K, capacity 5639K, committed 5760K, reserved 1048576K
[2020-09-08T09:39:05.135-0300][gc,start       ] GC(106) Pause Young (Normal) (G1 Evacuation Pause)
[2020-09-08T09:39:05.135-0300][gc,task        ] GC(106) Using 4 workers of 4 for evacuation
[2020-09-08T09:39:05.146-0300][gc,phases      ] GC(106)   Pre Evacuate Collection Set: 0.1ms
[2020-09-08T09:39:05.146-0300][gc,phases      ] GC(106)   Evacuate Collection Set: 7.3ms
[2020-09-08T09:39:05.146-0300][gc,phases      ] GC(106)   Post Evacuate Collection Set: 2.9ms
[2020-09-08T09:39:05.147-0300][gc,phases      ] GC(106)   Other: 1.3ms
[2020-09-08T09:39:05.147-0300][gc,heap        ] GC(106) Eden regions: 44->0(45)
[2020-09-08T09:39:05.147-0300][gc,heap        ] GC(106) Survivor regions: 1->1(6)
[2020-09-08T09:39:05.147-0300][gc,heap        ] GC(106) Old regions: 41->41
[2020-09-08T09:39:05.147-0300][gc,heap        ] GC(106) Humongous regions: 6->4
[2020-09-08T09:39:05.147-0300][gc,metaspace   ] GC(106) Metaspace: 39507K->39507K(1087488K)
[2020-09-08T09:39:05.147-0300][gc,heap        ] GC(106) Heap after GC invocations=107 (full 1): garbage-first heap   total 109568K, used 44447K [0x0000000083000000, 0x0000000100000000)
[2020-09-08T09:39:05.147-0300][gc,heap        ] GC(106)   region size 1024K, 1 young (1024K), 1 survivors (1024K)
[2020-09-08T09:39:05.147-0300][gc,heap        ] GC(106)  Metaspace       used 39507K, capacity 42587K, committed 42880K, reserved 1087488K
[2020-09-08T09:39:05.147-0300][gc,heap        ] GC(106)   class space    used 4440K, capacity 5639K, committed 5760K, reserved 1048576K
[2020-09-08T09:39:05.147-0300][gc             ] GC(106) Pause Young (Normal) (G1 Evacuation Pause) 88M->43M(107M) 11.925ms
[2020-09-08T09:39:05.147-0300][gc,cpu         ] GC(106) User=0.03s Sys=0.01s Real=0.01s
[2020-09-08T09:39:07.257-0300][gc,heap        ] GC(107) Heap before GC invocations=107 (full 1): garbage-first heap   total 109568K, used 60831K [0x0000000083000000, 0x0000000100000000)
[2020-09-08T09:39:07.257-0300][gc,heap        ] GC(107)   region size 1024K, 19 young (19456K), 1 survivors (1024K)
[2020-09-08T09:39:07.257-0300][gc,heap        ] GC(107)  Metaspace       used 39523K, capacity 42651K, committed 42880K, reserved 1087488K
[2020-09-08T09:39:07.257-0300][gc,heap        ] GC(107)   class space    used 4440K, capacity 5639K, committed 5760K, reserved 1048576K
[2020-09-08T09:39:07.257-0300][gc,start       ] GC(107) Pause Young (Concurrent Start) (G1 Humongous Allocation)
[2020-09-08T09:39:07.257-0300][gc,task        ] GC(107) Using 4 workers of 4 for evacuation
[2020-09-08T09:39:07.271-0300][gc,phases      ] GC(107)   Pre Evacuate Collection Set: 0.4ms
[2020-09-08T09:39:07.271-0300][gc,phases      ] GC(107)   Evacuate Collection Set: 11.4ms
[2020-09-08T09:39:07.272-0300][gc,phases      ] GC(107)   Post Evacuate Collection Set: 1.7ms
[2020-09-08T09:39:07.272-0300][gc,phases      ] GC(107)   Other: 1.4ms
[2020-09-08T09:39:07.272-0300][gc,heap        ] GC(107) Eden regions: 18->0(33)
[2020-09-08T09:39:07.272-0300][gc,heap        ] GC(107) Survivor regions: 1->3(6)
[2020-09-08T09:39:07.272-0300][gc,heap        ] GC(107) Old regions: 41->41
[2020-09-08T09:39:07.272-0300][gc,heap        ] GC(107) Humongous regions: 4->4
[2020-09-08T09:39:07.272-0300][gc,metaspace   ] GC(107) Metaspace: 39523K->39523K(1087488K)
[2020-09-08T09:39:07.272-0300][gc,heap        ] GC(107) Heap after GC invocations=108 (full 1): garbage-first heap   total 109568K, used 45657K [0x0000000083000000, 0x0000000100000000)
[2020-09-08T09:39:07.272-0300][gc,heap        ] GC(107)   region size 1024K, 3 young (3072K), 3 survivors (3072K)
[2020-09-08T09:39:07.272-0300][gc,heap        ] GC(107)  Metaspace       used 39523K, capacity 42651K, committed 42880K, reserved 1087488K
[2020-09-08T09:39:07.272-0300][gc,heap        ] GC(107)   class space    used 4440K, capacity 5639K, committed 5760K, reserved 1048576K
[2020-09-08T09:39:07.272-0300][gc             ] GC(107) Pause Young (Concurrent Start) (G1 Humongous Allocation) 61M->44M(107M) 15.159ms
[2020-09-08T09:39:07.272-0300][gc,cpu         ] GC(107) User=0.04s Sys=0.01s Real=0.02s
[2020-09-08T09:39:07.272-0300][gc             ] GC(108) Concurrent Cycle
[2020-09-08T09:39:07.273-0300][gc,marking     ] GC(108) Concurrent Clear Claimed Marks
[2020-09-08T09:39:07.273-0300][gc,marking     ] GC(108) Concurrent Clear Claimed Marks 0.593ms
[2020-09-08T09:39:07.273-0300][gc,marking     ] GC(108) Concurrent Scan Root Regions
[2020-09-08T09:39:07.286-0300][gc,marking     ] GC(108) Concurrent Scan Root Regions 12.772ms
[2020-09-08T09:39:07.286-0300][gc,marking     ] GC(108) Concurrent Mark (204.760s)
[2020-09-08T09:39:07.286-0300][gc,marking     ] GC(108) Concurrent Mark From Roots
[2020-09-08T09:39:07.286-0300][gc,task        ] GC(108) Using 1 workers of 1 for marking
[2020-09-08T09:39:07.559-0300][gc,marking     ] GC(108) Concurrent Mark From Roots 273.093ms
[2020-09-08T09:39:07.559-0300][gc,marking     ] GC(108) Concurrent Preclean
[2020-09-08T09:39:07.560-0300][gc,marking     ] GC(108) Concurrent Preclean 0.375ms
[2020-09-08T09:39:07.560-0300][gc,marking     ] GC(108) Concurrent Mark (204.760s, 205.034s) 273.838ms
[2020-09-08T09:39:07.561-0300][gc,start       ] GC(108) Pause Remark
[2020-09-08T09:39:07.602-0300][gc,stringtable ] GC(108) Cleaned string and symbol table, strings: 22659 processed, 1 removed, symbols: 90653 processed, 0 removed
[2020-09-08T09:39:07.603-0300][gc             ] GC(108) Pause Remark 50M->50M(107M) 41.996ms
[2020-09-08T09:39:07.604-0300][gc,cpu         ] GC(108) User=0.12s Sys=0.02s Real=0.04s
[2020-09-08T09:39:07.604-0300][gc,marking     ] GC(108) Concurrent Rebuild Remembered Sets
[2020-09-08T09:39:07.785-0300][gc,marking     ] GC(108) Concurrent Rebuild Remembered Sets 181.436ms
[2020-09-08T09:39:07.787-0300][gc,start       ] GC(108) Pause Cleanup
[2020-09-08T09:39:07.787-0300][gc             ] GC(108) Pause Cleanup 50M->50M(107M) 0.515ms
[2020-09-08T09:39:07.788-0300][gc,cpu         ] GC(108) User=0.00s Sys=0.00s Real=0.00s
[2020-09-08T09:39:07.788-0300][gc,marking     ] GC(108) Concurrent Cleanup for Next Mark
[2020-09-08T09:39:07.790-0300][gc,marking     ] GC(108) Concurrent Cleanup for Next Mark 2.194ms
[2020-09-08T09:39:07.790-0300][gc             ] GC(108) Concurrent Cycle 517.914ms
[2020-09-08T09:39:17.124-0300][gc,heap        ] GC(109) Heap before GC invocations=109 (full 1): garbage-first heap   total 109568K, used 75353K [0x0000000083000000, 0x0000000100000000)
[2020-09-08T09:39:17.124-0300][gc,heap        ] GC(109)   region size 1024K, 32 young (32768K), 3 survivors (3072K)
[2020-09-08T09:39:17.125-0300][gc,heap        ] GC(109)  Metaspace       used 39546K, capacity 42715K, committed 43136K, reserved 1087488K
[2020-09-08T09:39:17.125-0300][gc,heap        ] GC(109)   class space    used 4440K, capacity 5639K, committed 5760K, reserved 1048576K
[2020-09-08T09:39:17.125-0300][gc,start       ] GC(109) Pause Young (Concurrent Start) (G1 Humongous Allocation)
[2020-09-08T09:39:17.125-0300][gc,task        ] GC(109) Using 4 workers of 4 for evacuation
[2020-09-08T09:39:17.147-0300][gc,phases      ] GC(109)   Pre Evacuate Collection Set: 0.4ms
[2020-09-08T09:39:17.147-0300][gc,phases      ] GC(109)   Evacuate Collection Set: 18.8ms
[2020-09-08T09:39:17.147-0300][gc,phases      ] GC(109)   Post Evacuate Collection Set: 1.6ms
[2020-09-08T09:39:17.147-0300][gc,phases      ] GC(109)   Other: 1.6ms
[2020-09-08T09:39:17.147-0300][gc,heap        ] GC(109) Eden regions: 29->0(35)
[2020-09-08T09:39:17.147-0300][gc,heap        ] GC(109) Survivor regions: 3->3(5)
[2020-09-08T09:39:17.147-0300][gc,heap        ] GC(109) Old regions: 41->41
[2020-09-08T09:39:17.147-0300][gc,heap        ] GC(109) Humongous regions: 6->4
[2020-09-08T09:39:17.147-0300][gc,metaspace   ] GC(109) Metaspace: 39546K->39546K(1087488K)
[2020-09-08T09:39:17.147-0300][gc,heap        ] GC(109) Heap after GC invocations=110 (full 1): garbage-first heap   total 109568K, used 45802K [0x0000000083000000, 0x0000000100000000)
[2020-09-08T09:39:17.147-0300][gc,heap        ] GC(109)   region size 1024K, 3 young (3072K), 3 survivors (3072K)
[2020-09-08T09:39:17.147-0300][gc,heap        ] GC(109)  Metaspace       used 39546K, capacity 42715K, committed 43136K, reserved 1087488K
[2020-09-08T09:39:17.147-0300][gc,heap        ] GC(109)   class space    used 4440K, capacity 5639K, committed 5760K, reserved 1048576K
[2020-09-08T09:39:17.147-0300][gc             ] GC(109) Pause Young (Concurrent Start) (G1 Humongous Allocation) 74M->44M(107M) 22.582ms
[2020-09-08T09:39:17.148-0300][gc,cpu         ] GC(109) User=0.06s Sys=0.01s Real=0.02s
[2020-09-08T09:39:17.148-0300][gc             ] GC(110) Concurrent Cycle
[2020-09-08T09:39:17.148-0300][gc,marking     ] GC(110) Concurrent Clear Claimed Marks
[2020-09-08T09:39:17.149-0300][gc,marking     ] GC(110) Concurrent Clear Claimed Marks 0.967ms
[2020-09-08T09:39:17.149-0300][gc,marking     ] GC(110) Concurrent Scan Root Regions
[2020-09-08T09:39:17.162-0300][gc,marking     ] GC(110) Concurrent Scan Root Regions 12.448ms
[2020-09-08T09:39:17.162-0300][gc,marking     ] GC(110) Concurrent Mark (214.635s)
[2020-09-08T09:39:17.162-0300][gc,marking     ] GC(110) Concurrent Mark From Roots
[2020-09-08T09:39:17.162-0300][gc,task        ] GC(110) Using 1 workers of 1 for marking
[2020-09-08T09:39:17.433-0300][gc,marking     ] GC(110) Concurrent Mark From Roots 270.704ms
[2020-09-08T09:39:17.433-0300][gc,marking     ] GC(110) Concurrent Preclean
[2020-09-08T09:39:17.433-0300][gc,marking     ] GC(110) Concurrent Preclean 0.356ms
[2020-09-08T09:39:17.433-0300][gc,marking     ] GC(110) Concurrent Mark (214.635s, 214.907s) 271.312ms
[2020-09-08T09:39:17.434-0300][gc,start       ] GC(110) Pause Remark
[2020-09-08T09:39:17.463-0300][gc,stringtable ] GC(110) Cleaned string and symbol table, strings: 22659 processed, 0 removed, symbols: 90653 processed, 0 removed
[2020-09-08T09:39:17.464-0300][gc             ] GC(110) Pause Remark 50M->50M(107M) 30.050ms
[2020-09-08T09:39:17.464-0300][gc,cpu         ] GC(110) User=0.11s Sys=0.00s Real=0.03s
[2020-09-08T09:39:17.465-0300][gc,marking     ] GC(110) Concurrent Rebuild Remembered Sets
[2020-09-08T09:39:17.608-0300][gc,marking     ] GC(110) Concurrent Rebuild Remembered Sets 143.770ms
[2020-09-08T09:39:17.610-0300][gc,start       ] GC(110) Pause Cleanup
[2020-09-08T09:39:17.610-0300][gc             ] GC(110) Pause Cleanup 50M->50M(107M) 0.577ms
[2020-09-08T09:39:17.610-0300][gc,cpu         ] GC(110) User=0.00s Sys=0.00s Real=0.00s
[2020-09-08T09:39:17.611-0300][gc,marking     ] GC(110) Concurrent Cleanup for Next Mark
[2020-09-08T09:39:17.612-0300][gc,marking     ] GC(110) Concurrent Cleanup for Next Mark 1.344ms
[2020-09-08T09:39:17.612-0300][gc             ] GC(110) Concurrent Cycle 464.340ms
[2020-09-08T09:39:27.247-0300][gc,heap        ] GC(111) Heap before GC invocations=111 (full 1): garbage-first heap   total 109568K, used 77546K [0x0000000083000000, 0x0000000100000000)
[2020-09-08T09:39:27.247-0300][gc,heap        ] GC(111)   region size 1024K, 34 young (34816K), 3 survivors (3072K)
[2020-09-08T09:39:27.247-0300][gc,heap        ] GC(111)  Metaspace       used 39571K, capacity 42715K, committed 43136K, reserved 1087488K
[2020-09-08T09:39:27.247-0300][gc,heap        ] GC(111)   class space    used 4440K, capacity 5639K, committed 5760K, reserved 1048576K
[2020-09-08T09:39:27.247-0300][gc,start       ] GC(111) Pause Young (Concurrent Start) (G1 Humongous Allocation)
[2020-09-08T09:39:27.248-0300][gc,task        ] GC(111) Using 4 workers of 4 for evacuation
[2020-09-08T09:39:27.271-0300][gc,phases      ] GC(111)   Pre Evacuate Collection Set: 0.4ms
[2020-09-08T09:39:27.271-0300][gc,phases      ] GC(111)   Evacuate Collection Set: 19.4ms
[2020-09-08T09:39:27.271-0300][gc,phases      ] GC(111)   Post Evacuate Collection Set: 2.4ms
[2020-09-08T09:39:27.271-0300][gc,phases      ] GC(111)   Other: 1.9ms
[2020-09-08T09:39:27.271-0300][gc,heap        ] GC(111) Eden regions: 31->0(36)
[2020-09-08T09:39:27.271-0300][gc,heap        ] GC(111) Survivor regions: 3->3(5)
[2020-09-08T09:39:27.272-0300][gc,heap        ] GC(111) Old regions: 41->41
[2020-09-08T09:39:27.272-0300][gc,heap        ] GC(111) Humongous regions: 6->4
[2020-09-08T09:39:27.272-0300][gc,metaspace   ] GC(111) Metaspace: 39571K->39571K(1087488K)
[2020-09-08T09:39:27.272-0300][gc,heap        ] GC(111) Heap after GC invocations=112 (full 1): garbage-first heap   total 109568K, used 45914K [0x0000000083000000, 0x0000000100000000)
[2020-09-08T09:39:27.272-0300][gc,heap        ] GC(111)   region size 1024K, 3 young (3072K), 3 survivors (3072K)
[2020-09-08T09:39:27.272-0300][gc,heap        ] GC(111)  Metaspace       used 39571K, capacity 42715K, committed 43136K, reserved 1087488K
[2020-09-08T09:39:27.272-0300][gc,heap        ] GC(111)   class space    used 4440K, capacity 5639K, committed 5760K, reserved 1048576K
[2020-09-08T09:39:27.272-0300][gc             ] GC(111) Pause Young (Concurrent Start) (G1 Humongous Allocation) 76M->44M(107M) 24.413ms
[2020-09-08T09:39:27.272-0300][gc,cpu         ] GC(111) User=0.08s Sys=0.01s Real=0.03s
[2020-09-08T09:39:27.272-0300][gc             ] GC(112) Concurrent Cycle
[2020-09-08T09:39:27.272-0300][gc,marking     ] GC(112) Concurrent Clear Claimed Marks
[2020-09-08T09:39:27.273-0300][gc,marking     ] GC(112) Concurrent Clear Claimed Marks 0.494ms
[2020-09-08T09:39:27.273-0300][gc,marking     ] GC(112) Concurrent Scan Root Regions
[2020-09-08T09:39:27.286-0300][gc,marking     ] GC(112) Concurrent Scan Root Regions 13.022ms
[2020-09-08T09:39:27.286-0300][gc,marking     ] GC(112) Concurrent Mark (224.760s)
[2020-09-08T09:39:27.286-0300][gc,marking     ] GC(112) Concurrent Mark From Roots
[2020-09-08T09:39:27.286-0300][gc,task        ] GC(112) Using 1 workers of 1 for marking
[2020-09-08T09:39:27.550-0300][gc,marking     ] GC(112) Concurrent Mark From Roots 264.115ms
[2020-09-08T09:39:27.550-0300][gc,marking     ] GC(112) Concurrent Preclean
[2020-09-08T09:39:27.551-0300][gc,marking     ] GC(112) Concurrent Preclean 0.278ms
[2020-09-08T09:39:27.551-0300][gc,marking     ] GC(112) Concurrent Mark (224.760s, 225.024s) 264.593ms
[2020-09-08T09:39:27.552-0300][gc,start       ] GC(112) Pause Remark
[2020-09-08T09:39:27.581-0300][gc,stringtable ] GC(112) Cleaned string and symbol table, strings: 22699 processed, 0 removed, symbols: 90653 processed, 0 removed
[2020-09-08T09:39:27.582-0300][gc             ] GC(112) Pause Remark 50M->50M(107M) 30.263ms
[2020-09-08T09:39:27.582-0300][gc,cpu         ] GC(112) User=0.11s Sys=0.00s Real=0.03s
[2020-09-08T09:39:27.583-0300][gc,marking     ] GC(112) Concurrent Rebuild Remembered Sets
[2020-09-08T09:39:27.728-0300][gc,marking     ] GC(112) Concurrent Rebuild Remembered Sets 144.552ms
[2020-09-08T09:39:27.729-0300][gc,start       ] GC(112) Pause Cleanup
[2020-09-08T09:39:27.729-0300][gc             ] GC(112) Pause Cleanup 50M->50M(107M) 0.457ms
[2020-09-08T09:39:27.730-0300][gc,cpu         ] GC(112) User=0.00s Sys=0.00s Real=0.00s
[2020-09-08T09:39:27.730-0300][gc,marking     ] GC(112) Concurrent Cleanup for Next Mark
[2020-09-08T09:39:27.731-0300][gc,marking     ] GC(112) Concurrent Cleanup for Next Mark 1.348ms
[2020-09-08T09:39:27.731-0300][gc             ] GC(112) Concurrent Cycle 459.262ms
[2020-09-08T09:39:38.498-0300][gc,heap        ] GC(113) Heap before GC invocations=113 (full 1): garbage-first heap   total 109568K, used 85850K [0x0000000083000000, 0x0000000100000000)
[2020-09-08T09:39:38.498-0300][gc,heap        ] GC(113)   region size 1024K, 39 young (39936K), 3 survivors (3072K)
[2020-09-08T09:39:38.498-0300][gc,heap        ] GC(113)  Metaspace       used 39625K, capacity 42715K, committed 43136K, reserved 1087488K
[2020-09-08T09:39:38.498-0300][gc,heap        ] GC(113)   class space    used 4440K, capacity 5639K, committed 5760K, reserved 1048576K
[2020-09-08T09:39:38.498-0300][gc,start       ] GC(113) Pause Young (Prepare Mixed) (G1 Evacuation Pause)
[2020-09-08T09:39:38.498-0300][gc,task        ] GC(113) Using 4 workers of 4 for evacuation
[2020-09-08T09:39:38.509-0300][gc,phases      ] GC(113)   Pre Evacuate Collection Set: 0.1ms
[2020-09-08T09:39:38.509-0300][gc,phases      ] GC(113)   Evacuate Collection Set: 7.5ms
[2020-09-08T09:39:38.509-0300][gc,phases      ] GC(113)   Post Evacuate Collection Set: 2.2ms
[2020-09-08T09:39:38.509-0300][gc,phases      ] GC(113)   Other: 1.6ms
[2020-09-08T09:39:38.509-0300][gc,heap        ] GC(113) Eden regions: 36->0(3)
[2020-09-08T09:39:38.509-0300][gc,heap        ] GC(113) Survivor regions: 3->2(5)
[2020-09-08T09:39:38.509-0300][gc,heap        ] GC(113) Old regions: 41->41
[2020-09-08T09:39:38.509-0300][gc,heap        ] GC(113) Humongous regions: 8->4
[2020-09-08T09:39:38.509-0300][gc,metaspace   ] GC(113) Metaspace: 39625K->39625K(1087488K)
[2020-09-08T09:39:38.509-0300][gc,heap        ] GC(113) Heap after GC invocations=114 (full 1): garbage-first heap   total 109568K, used 45019K [0x0000000083000000, 0x0000000100000000)
[2020-09-08T09:39:38.509-0300][gc,heap        ] GC(113)   region size 1024K, 2 young (2048K), 2 survivors (2048K)
[2020-09-08T09:39:38.510-0300][gc,heap        ] GC(113)  Metaspace       used 39625K, capacity 42715K, committed 43136K, reserved 1087488K
[2020-09-08T09:39:38.510-0300][gc,heap        ] GC(113)   class space    used 4440K, capacity 5639K, committed 5760K, reserved 1048576K
[2020-09-08T09:39:38.510-0300][gc             ] GC(113) Pause Young (Prepare Mixed) (G1 Evacuation Pause) 84M->43M(107M) 11.559ms
[2020-09-08T09:39:38.510-0300][gc,cpu         ] GC(113) User=0.03s Sys=0.01s Real=0.01s
[2020-09-08T09:39:40.248-0300][gc,heap        ] GC(114) Heap before GC invocations=114 (full 1): garbage-first heap   total 109568K, used 47067K [0x0000000083000000, 0x0000000100000000)
[2020-09-08T09:39:40.248-0300][gc,heap        ] GC(114)   region size 1024K, 5 young (5120K), 2 survivors (2048K)
[2020-09-08T09:39:40.248-0300][gc,heap        ] GC(114)  Metaspace       used 39625K, capacity 42715K, committed 43136K, reserved 1087488K
[2020-09-08T09:39:40.248-0300][gc,heap        ] GC(114)   class space    used 4440K, capacity 5639K, committed 5760K, reserved 1048576K
[2020-09-08T09:39:40.249-0300][gc,start       ] GC(114) Pause Young (Mixed) (G1 Evacuation Pause)
[2020-09-08T09:39:40.249-0300][gc,task        ] GC(114) Using 4 workers of 4 for evacuation
[2020-09-08T09:39:40.261-0300][gc,phases      ] GC(114)   Pre Evacuate Collection Set: 0.1ms
[2020-09-08T09:39:40.261-0300][gc,phases      ] GC(114)   Evacuate Collection Set: 9.7ms
[2020-09-08T09:39:40.261-0300][gc,phases      ] GC(114)   Post Evacuate Collection Set: 1.7ms
[2020-09-08T09:39:40.261-0300][gc,phases      ] GC(114)   Other: 1.2ms
[2020-09-08T09:39:40.261-0300][gc,heap        ] GC(114) Eden regions: 3->0(39)
[2020-09-08T09:39:40.261-0300][gc,heap        ] GC(114) Survivor regions: 2->1(1)
[2020-09-08T09:39:40.262-0300][gc,heap        ] GC(114) Old regions: 41->41
[2020-09-08T09:39:40.262-0300][gc,heap        ] GC(114) Humongous regions: 4->4
[2020-09-08T09:39:40.262-0300][gc,metaspace   ] GC(114) Metaspace: 39625K->39625K(1087488K)
[2020-09-08T09:39:40.262-0300][gc,heap        ] GC(114) Heap after GC invocations=115 (full 1): garbage-first heap   total 109568K, used 44093K [0x0000000083000000, 0x0000000100000000)
[2020-09-08T09:39:40.262-0300][gc,heap        ] GC(114)   region size 1024K, 1 young (1024K), 1 survivors (1024K)
[2020-09-08T09:39:40.262-0300][gc,heap        ] GC(114)  Metaspace       used 39625K, capacity 42715K, committed 43136K, reserved 1087488K
[2020-09-08T09:39:40.262-0300][gc,heap        ] GC(114)   class space    used 4440K, capacity 5639K, committed 5760K, reserved 1048576K
[2020-09-08T09:39:40.262-0300][gc             ] GC(114) Pause Young (Mixed) (G1 Evacuation Pause) 46M->43M(107M) 13.475ms
[2020-09-08T09:39:40.262-0300][gc,cpu         ] GC(114) User=0.04s Sys=0.01s Real=0.02s
[2020-09-08T09:39:54.383-0300][gc,heap        ] GC(115) Heap before GC invocations=115 (full 1): garbage-first heap   total 109568K, used 85053K [0x0000000083000000, 0x0000000100000000)
[2020-09-08T09:39:54.383-0300][gc,heap        ] GC(115)   region size 1024K, 40 young (40960K), 1 survivors (1024K)
[2020-09-08T09:39:54.383-0300][gc,heap        ] GC(115)  Metaspace       used 39638K, capacity 42779K, committed 43136K, reserved 1087488K
[2020-09-08T09:39:54.383-0300][gc,heap        ] GC(115)   class space    used 4440K, capacity 5639K, committed 5760K, reserved 1048576K
[2020-09-08T09:39:54.383-0300][gc,start       ] GC(115) Pause Young (Normal) (G1 Evacuation Pause)
[2020-09-08T09:39:54.383-0300][gc,task        ] GC(115) Using 4 workers of 4 for evacuation
[2020-09-08T09:39:54.392-0300][gc,phases      ] GC(115)   Pre Evacuate Collection Set: 0.1ms
[2020-09-08T09:39:54.392-0300][gc,phases      ] GC(115)   Evacuate Collection Set: 6.4ms
[2020-09-08T09:39:54.392-0300][gc,phases      ] GC(115)   Post Evacuate Collection Set: 2.0ms
[2020-09-08T09:39:54.393-0300][gc,phases      ] GC(115)   Other: 1.0ms
[2020-09-08T09:39:54.393-0300][gc,heap        ] GC(115) Eden regions: 39->0(41)
[2020-09-08T09:39:54.393-0300][gc,heap        ] GC(115) Survivor regions: 1->1(5)
[2020-09-08T09:39:54.393-0300][gc,heap        ] GC(115) Old regions: 41->41
[2020-09-08T09:39:54.393-0300][gc,heap        ] GC(115) Humongous regions: 6->4
[2020-09-08T09:39:54.393-0300][gc,metaspace   ] GC(115) Metaspace: 39638K->39638K(1087488K)
[2020-09-08T09:39:54.393-0300][gc,heap        ] GC(115) Heap after GC invocations=116 (full 1): garbage-first heap   total 109568K, used 44373K [0x0000000083000000, 0x0000000100000000)
[2020-09-08T09:39:54.393-0300][gc,heap        ] GC(115)   region size 1024K, 1 young (1024K), 1 survivors (1024K)
[2020-09-08T09:39:54.393-0300][gc,heap        ] GC(115)  Metaspace       used 39638K, capacity 42779K, committed 43136K, reserved 1087488K
[2020-09-08T09:39:54.393-0300][gc,heap        ] GC(115)   class space    used 4440K, capacity 5639K, committed 5760K, reserved 1048576K
[2020-09-08T09:39:54.393-0300][gc             ] GC(115) Pause Young (Normal) (G1 Evacuation Pause) 84M->43M(107M) 9.844ms
[2020-09-08T09:39:54.393-0300][gc,cpu         ] GC(115) User=0.02s Sys=0.00s Real=0.01s
[2020-09-08T09:39:57.206-0300][gc,heap        ] GC(116) Heap before GC invocations=116 (full 1): garbage-first heap   total 109568K, used 57685K [0x0000000083000000, 0x0000000100000000)
[2020-09-08T09:39:57.206-0300][gc,heap        ] GC(116)   region size 1024K, 16 young (16384K), 1 survivors (1024K)
[2020-09-08T09:39:57.206-0300][gc,heap        ] GC(116)  Metaspace       used 39646K, capacity 42779K, committed 43136K, reserved 1087488K
[2020-09-08T09:39:57.206-0300][gc,heap        ] GC(116)   class space    used 4440K, capacity 5639K, committed 5760K, reserved 1048576K
[2020-09-08T09:39:57.206-0300][gc,start       ] GC(116) Pause Young (Concurrent Start) (G1 Humongous Allocation)
[2020-09-08T09:39:57.206-0300][gc,task        ] GC(116) Using 4 workers of 4 for evacuation
[2020-09-08T09:39:57.221-0300][gc,phases      ] GC(116)   Pre Evacuate Collection Set: 0.4ms
[2020-09-08T09:39:57.221-0300][gc,phases      ] GC(116)   Evacuate Collection Set: 12.1ms
[2020-09-08T09:39:57.221-0300][gc,phases      ] GC(116)   Post Evacuate Collection Set: 1.7ms
[2020-09-08T09:39:57.221-0300][gc,phases      ] GC(116)   Other: 1.3ms
[2020-09-08T09:39:57.221-0300][gc,heap        ] GC(116) Eden regions: 15->0(34)
[2020-09-08T09:39:57.221-0300][gc,heap        ] GC(116) Survivor regions: 1->2(6)
[2020-09-08T09:39:57.221-0300][gc,heap        ] GC(116) Old regions: 41->41
[2020-09-08T09:39:57.221-0300][gc,heap        ] GC(116) Humongous regions: 4->4
[2020-09-08T09:39:57.221-0300][gc,metaspace   ] GC(116) Metaspace: 39646K->39646K(1087488K)
[2020-09-08T09:39:57.221-0300][gc,heap        ] GC(116) Heap after GC invocations=117 (full 1): garbage-first heap   total 109568K, used 45297K [0x0000000083000000, 0x0000000100000000)
[2020-09-08T09:39:57.221-0300][gc,heap        ] GC(116)   region size 1024K, 2 young (2048K), 2 survivors (2048K)
[2020-09-08T09:39:57.222-0300][gc,heap        ] GC(116)  Metaspace       used 39646K, capacity 42779K, committed 43136K, reserved 1087488K
[2020-09-08T09:39:57.222-0300][gc,heap        ] GC(116)   class space    used 4440K, capacity 5639K, committed 5760K, reserved 1048576K
[2020-09-08T09:39:57.222-0300][gc             ] GC(116) Pause Young (Concurrent Start) (G1 Humongous Allocation) 57M->44M(107M) 15.734ms
[2020-09-08T09:39:57.222-0300][gc,cpu         ] GC(116) User=0.04s Sys=0.00s Real=0.02s
[2020-09-08T09:39:57.222-0300][gc             ] GC(117) Concurrent Cycle
[2020-09-08T09:39:57.223-0300][gc,marking     ] GC(117) Concurrent Clear Claimed Marks
[2020-09-08T09:39:57.223-0300][gc,marking     ] GC(117) Concurrent Clear Claimed Marks 0.564ms
[2020-09-08T09:39:57.223-0300][gc,marking     ] GC(117) Concurrent Scan Root Regions
[2020-09-08T09:39:57.231-0300][gc,marking     ] GC(117) Concurrent Scan Root Regions 7.928ms
[2020-09-08T09:39:57.231-0300][gc,marking     ] GC(117) Concurrent Mark (254.705s)
[2020-09-08T09:39:57.231-0300][gc,marking     ] GC(117) Concurrent Mark From Roots
[2020-09-08T09:39:57.231-0300][gc,task        ] GC(117) Using 1 workers of 1 for marking
[2020-09-08T09:39:57.480-0300][gc,marking     ] GC(117) Concurrent Mark From Roots 248.830ms
[2020-09-08T09:39:57.480-0300][gc,marking     ] GC(117) Concurrent Preclean
[2020-09-08T09:39:57.481-0300][gc,marking     ] GC(117) Concurrent Preclean 0.278ms
[2020-09-08T09:39:57.481-0300][gc,marking     ] GC(117) Concurrent Mark (254.705s, 254.954s) 249.305ms
[2020-09-08T09:39:57.482-0300][gc,start       ] GC(117) Pause Remark
[2020-09-08T09:39:57.513-0300][gc,stringtable ] GC(117) Cleaned string and symbol table, strings: 22703 processed, 0 removed, symbols: 90653 processed, 0 removed
[2020-09-08T09:39:57.513-0300][gc             ] GC(117) Pause Remark 49M->49M(107M) 31.381ms
[2020-09-08T09:39:57.514-0300][gc,cpu         ] GC(117) User=0.12s Sys=0.00s Real=0.03s
[2020-09-08T09:39:57.514-0300][gc,marking     ] GC(117) Concurrent Rebuild Remembered Sets
[2020-09-08T09:39:57.661-0300][gc,marking     ] GC(117) Concurrent Rebuild Remembered Sets 146.640ms
[2020-09-08T09:39:57.662-0300][gc,start       ] GC(117) Pause Cleanup
[2020-09-08T09:39:57.662-0300][gc             ] GC(117) Pause Cleanup 49M->49M(107M) 0.524ms
[2020-09-08T09:39:57.662-0300][gc,cpu         ] GC(117) User=0.00s Sys=0.00s Real=0.00s
[2020-09-08T09:39:57.663-0300][gc,marking     ] GC(117) Concurrent Cleanup for Next Mark
[2020-09-08T09:39:57.664-0300][gc,marking     ] GC(117) Concurrent Cleanup for Next Mark 1.238ms
[2020-09-08T09:39:57.664-0300][gc             ] GC(117) Concurrent Cycle 441.671ms
[2020-09-08T09:40:07.302-0300][gc,heap        ] GC(118) Heap before GC invocations=118 (full 1): garbage-first heap   total 109568K, used 81137K [0x0000000083000000, 0x0000000100000000)
[2020-09-08T09:40:07.302-0300][gc,heap        ] GC(118)   region size 1024K, 36 young (36864K), 2 survivors (2048K)
[2020-09-08T09:40:07.303-0300][gc,heap        ] GC(118)  Metaspace       used 39658K, capacity 42779K, committed 43136K, reserved 1087488K
[2020-09-08T09:40:07.303-0300][gc,heap        ] GC(118)   class space    used 4440K, capacity 5639K, committed 5760K, reserved 1048576K
[2020-09-08T09:40:07.303-0300][gc,start       ] GC(118) Pause Young (Prepare Mixed) (G1 Evacuation Pause)
[2020-09-08T09:40:07.303-0300][gc,task        ] GC(118) Using 4 workers of 4 for evacuation
[2020-09-08T09:40:07.328-0300][gc,phases      ] GC(118)   Pre Evacuate Collection Set: 0.0ms
[2020-09-08T09:40:07.328-0300][gc,phases      ] GC(118)   Evacuate Collection Set: 17.4ms
[2020-09-08T09:40:07.328-0300][gc,phases      ] GC(118)   Post Evacuate Collection Set: 6.2ms
[2020-09-08T09:40:07.328-0300][gc,phases      ] GC(118)   Other: 1.7ms
[2020-09-08T09:40:07.328-0300][gc,heap        ] GC(118) Eden regions: 34->0(3)
[2020-09-08T09:40:07.328-0300][gc,heap        ] GC(118) Survivor regions: 2->2(5)
[2020-09-08T09:40:07.328-0300][gc,heap        ] GC(118) Old regions: 41->41
[2020-09-08T09:40:07.328-0300][gc,heap        ] GC(118) Humongous regions: 6->4
[2020-09-08T09:40:07.328-0300][gc,metaspace   ] GC(118) Metaspace: 39658K->39658K(1087488K)
[2020-09-08T09:40:07.328-0300][gc,heap        ] GC(118) Heap after GC invocations=119 (full 1): garbage-first heap   total 109568K, used 45540K [0x0000000083000000, 0x0000000100000000)
[2020-09-08T09:40:07.328-0300][gc,heap        ] GC(118)   region size 1024K, 2 young (2048K), 2 survivors (2048K)
[2020-09-08T09:40:07.328-0300][gc,heap        ] GC(118)  Metaspace       used 39658K, capacity 42779K, committed 43136K, reserved 1087488K
[2020-09-08T09:40:07.328-0300][gc,heap        ] GC(118)   class space    used 4440K, capacity 5639K, committed 5760K, reserved 1048576K
[2020-09-08T09:40:07.329-0300][gc             ] GC(118) Pause Young (Prepare Mixed) (G1 Evacuation Pause) 80M->44M(107M) 25.519ms
[2020-09-08T09:40:07.329-0300][gc,cpu         ] GC(118) User=0.06s Sys=0.00s Real=0.02s
[2020-09-08T09:40:07.355-0300][gc,heap        ] GC(119) Heap before GC invocations=119 (full 1): garbage-first heap   total 109568K, used 48612K [0x0000000083000000, 0x0000000100000000)
[2020-09-08T09:40:07.355-0300][gc,heap        ] GC(119)   region size 1024K, 5 young (5120K), 2 survivors (2048K)
[2020-09-08T09:40:07.355-0300][gc,heap        ] GC(119)  Metaspace       used 39658K, capacity 42779K, committed 43136K, reserved 1087488K
[2020-09-08T09:40:07.355-0300][gc,heap        ] GC(119)   class space    used 4440K, capacity 5639K, committed 5760K, reserved 1048576K
[2020-09-08T09:40:07.355-0300][gc,start       ] GC(119) Pause Young (Mixed) (G1 Evacuation Pause)
[2020-09-08T09:40:07.355-0300][gc,task        ] GC(119) Using 4 workers of 4 for evacuation
[2020-09-08T09:40:07.376-0300][gc,phases      ] GC(119)   Pre Evacuate Collection Set: 0.1ms
[2020-09-08T09:40:07.376-0300][gc,phases      ] GC(119)   Evacuate Collection Set: 16.4ms
[2020-09-08T09:40:07.377-0300][gc,phases      ] GC(119)   Post Evacuate Collection Set: 3.6ms
[2020-09-08T09:40:07.377-0300][gc,phases      ] GC(119)   Other: 1.3ms
[2020-09-08T09:40:07.377-0300][gc,heap        ] GC(119) Eden regions: 3->0(35)
[2020-09-08T09:40:07.377-0300][gc,heap        ] GC(119) Survivor regions: 2->1(1)
[2020-09-08T09:40:07.377-0300][gc,heap        ] GC(119) Old regions: 41->42
[2020-09-08T09:40:07.377-0300][gc,heap        ] GC(119) Humongous regions: 4->4
[2020-09-08T09:40:07.377-0300][gc,metaspace   ] GC(119) Metaspace: 39658K->39658K(1087488K)
[2020-09-08T09:40:07.377-0300][gc,heap        ] GC(119) Heap after GC invocations=120 (full 1): garbage-first heap   total 109568K, used 45164K [0x0000000083000000, 0x0000000100000000)
[2020-09-08T09:40:07.377-0300][gc,heap        ] GC(119)   region size 1024K, 1 young (1024K), 1 survivors (1024K)
[2020-09-08T09:40:07.377-0300][gc,heap        ] GC(119)  Metaspace       used 39658K, capacity 42779K, committed 43136K, reserved 1087488K
[2020-09-08T09:40:07.377-0300][gc,heap        ] GC(119)   class space    used 4440K, capacity 5639K, committed 5760K, reserved 1048576K
[2020-09-08T09:40:07.377-0300][gc             ] GC(119) Pause Young (Mixed) (G1 Evacuation Pause) 47M->44M(107M) 21.885ms
[2020-09-08T09:40:07.377-0300][gc,cpu         ] GC(119) User=0.06s Sys=0.01s Real=0.02s
[2020-09-08T09:40:21.166-0300][gc,heap        ] GC(120) Heap before GC invocations=120 (full 1): garbage-first heap   total 109568K, used 84076K [0x0000000083000000, 0x0000000100000000)
[2020-09-08T09:40:21.166-0300][gc,heap        ] GC(120)   region size 1024K, 36 young (36864K), 1 survivors (1024K)
[2020-09-08T09:40:21.166-0300][gc,heap        ] GC(120)  Metaspace       used 39658K, capacity 42779K, committed 43136K, reserved 1087488K
[2020-09-08T09:40:21.166-0300][gc,heap        ] GC(120)   class space    used 4440K, capacity 5639K, committed 5760K, reserved 1048576K
[2020-09-08T09:40:21.166-0300][gc,start       ] GC(120) Pause Young (Normal) (G1 Evacuation Pause)
[2020-09-08T09:40:21.166-0300][gc,task        ] GC(120) Using 4 workers of 4 for evacuation
[2020-09-08T09:40:21.175-0300][gc,phases      ] GC(120)   Pre Evacuate Collection Set: 0.1ms
[2020-09-08T09:40:21.175-0300][gc,phases      ] GC(120)   Evacuate Collection Set: 6.2ms
[2020-09-08T09:40:21.175-0300][gc,phases      ] GC(120)   Post Evacuate Collection Set: 1.7ms
[2020-09-08T09:40:21.175-0300][gc,phases      ] GC(120)   Other: 1.0ms
[2020-09-08T09:40:21.175-0300][gc,heap        ] GC(120) Eden regions: 35->0(34)
[2020-09-08T09:40:21.175-0300][gc,heap        ] GC(120) Survivor regions: 1->2(5)
[2020-09-08T09:40:21.175-0300][gc,heap        ] GC(120) Old regions: 42->42
[2020-09-08T09:40:21.175-0300][gc,heap        ] GC(120) Humongous regions: 8->6
[2020-09-08T09:40:21.175-0300][gc,metaspace   ] GC(120) Metaspace: 39658K->39658K(1087488K)
[2020-09-08T09:40:21.175-0300][gc,heap        ] GC(120) Heap after GC invocations=121 (full 1): garbage-first heap   total 109568K, used 48608K [0x0000000083000000, 0x0000000100000000)
[2020-09-08T09:40:21.175-0300][gc,heap        ] GC(120)   region size 1024K, 2 young (2048K), 2 survivors (2048K)
[2020-09-08T09:40:21.175-0300][gc,heap        ] GC(120)  Metaspace       used 39658K, capacity 42779K, committed 43136K, reserved 1087488K
[2020-09-08T09:40:21.175-0300][gc,heap        ] GC(120)   class space    used 4440K, capacity 5639K, committed 5760K, reserved 1048576K
[2020-09-08T09:40:21.175-0300][gc             ] GC(120) Pause Young (Normal) (G1 Evacuation Pause) 83M->47M(107M) 9.366ms
[2020-09-08T09:40:21.175-0300][gc,cpu         ] GC(120) User=0.02s Sys=0.00s Real=0.01s
[2020-09-08T09:40:27.305-0300][gc,heap        ] GC(121) Heap before GC invocations=121 (full 1): garbage-first heap   total 109568K, used 69088K [0x0000000083000000, 0x0000000100000000)
[2020-09-08T09:40:27.305-0300][gc,heap        ] GC(121)   region size 1024K, 24 young (24576K), 2 survivors (2048K)
[2020-09-08T09:40:27.305-0300][gc,heap        ] GC(121)  Metaspace       used 39659K, capacity 42779K, committed 43136K, reserved 1087488K
[2020-09-08T09:40:27.305-0300][gc,heap        ] GC(121)   class space    used 4440K, capacity 5639K, committed 5760K, reserved 1048576K
[2020-09-08T09:40:27.306-0300][gc,start       ] GC(121) Pause Young (Concurrent Start) (G1 Humongous Allocation)
[2020-09-08T09:40:27.306-0300][gc,task        ] GC(121) Using 4 workers of 4 for evacuation
[2020-09-08T09:40:27.329-0300][gc,phases      ] GC(121)   Pre Evacuate Collection Set: 0.5ms
[2020-09-08T09:40:27.329-0300][gc,phases      ] GC(121)   Evacuate Collection Set: 13.0ms
[2020-09-08T09:40:27.329-0300][gc,phases      ] GC(121)   Post Evacuate Collection Set: 9.0ms
[2020-09-08T09:40:27.329-0300][gc,phases      ] GC(121)   Other: 1.2ms
[2020-09-08T09:40:27.329-0300][gc,heap        ] GC(121) Eden regions: 22->0(29)
[2020-09-08T09:40:27.329-0300][gc,heap        ] GC(121) Survivor regions: 2->4(5)
[2020-09-08T09:40:27.329-0300][gc,heap        ] GC(121) Old regions: 42->42
[2020-09-08T09:40:27.329-0300][gc,heap        ] GC(121) Humongous regions: 6->6
[2020-09-08T09:40:27.330-0300][gc,metaspace   ] GC(121) Metaspace: 39659K->39659K(1087488K)
[2020-09-08T09:40:27.330-0300][gc,heap        ] GC(121) Heap after GC invocations=122 (full 1): garbage-first heap   total 109568K, used 49860K [0x0000000083000000, 0x0000000100000000)
[2020-09-08T09:40:27.330-0300][gc,heap        ] GC(121)   region size 1024K, 4 young (4096K), 4 survivors (4096K)
[2020-09-08T09:40:27.330-0300][gc,heap        ] GC(121)  Metaspace       used 39659K, capacity 42779K, committed 43136K, reserved 1087488K
[2020-09-08T09:40:27.330-0300][gc,heap        ] GC(121)   class space    used 4440K, capacity 5639K, committed 5760K, reserved 1048576K
[2020-09-08T09:40:27.330-0300][gc             ] GC(121) Pause Young (Concurrent Start) (G1 Humongous Allocation) 69M->48M(107M) 24.562ms
[2020-09-08T09:40:27.330-0300][gc,cpu         ] GC(121) User=0.05s Sys=0.01s Real=0.02s
[2020-09-08T09:40:27.330-0300][gc             ] GC(122) Concurrent Cycle
[2020-09-08T09:40:27.330-0300][gc,marking     ] GC(122) Concurrent Clear Claimed Marks
[2020-09-08T09:40:27.331-0300][gc,marking     ] GC(122) Concurrent Clear Claimed Marks 0.454ms
[2020-09-08T09:40:27.331-0300][gc,marking     ] GC(122) Concurrent Scan Root Regions
[2020-09-08T09:40:27.340-0300][gc,marking     ] GC(122) Concurrent Scan Root Regions 9.087ms
[2020-09-08T09:40:27.340-0300][gc,marking     ] GC(122) Concurrent Mark (284.814s)
[2020-09-08T09:40:27.340-0300][gc,marking     ] GC(122) Concurrent Mark From Roots
[2020-09-08T09:40:27.340-0300][gc,task        ] GC(122) Using 1 workers of 1 for marking
[2020-09-08T09:40:27.621-0300][gc,marking     ] GC(122) Concurrent Mark From Roots 280.134ms
[2020-09-08T09:40:27.621-0300][gc,marking     ] GC(122) Concurrent Preclean
[2020-09-08T09:40:27.621-0300][gc,marking     ] GC(122) Concurrent Preclean 0.716ms
[2020-09-08T09:40:27.621-0300][gc,marking     ] GC(122) Concurrent Mark (284.814s, 285.095s) 281.147ms
[2020-09-08T09:40:27.623-0300][gc,start       ] GC(122) Pause Remark
[2020-09-08T09:40:27.663-0300][gc,stringtable ] GC(122) Cleaned string and symbol table, strings: 22718 processed, 1 removed, symbols: 90653 processed, 0 removed
[2020-09-08T09:40:27.664-0300][gc             ] GC(122) Pause Remark 53M->51M(107M) 41.721ms
[2020-09-08T09:40:27.665-0300][gc,cpu         ] GC(122) User=0.12s Sys=0.01s Real=0.04s
[2020-09-08T09:40:27.666-0300][gc,marking     ] GC(122) Concurrent Rebuild Remembered Sets
[2020-09-08T09:40:27.820-0300][gc,marking     ] GC(122) Concurrent Rebuild Remembered Sets 153.757ms
[2020-09-08T09:40:27.821-0300][gc,start       ] GC(122) Pause Cleanup
[2020-09-08T09:40:27.821-0300][gc             ] GC(122) Pause Cleanup 52M->52M(107M) 0.440ms
[2020-09-08T09:40:27.822-0300][gc,cpu         ] GC(122) User=0.01s Sys=0.00s Real=0.00s
[2020-09-08T09:40:27.822-0300][gc,marking     ] GC(122) Concurrent Cleanup for Next Mark
[2020-09-08T09:40:27.823-0300][gc,marking     ] GC(122) Concurrent Cleanup for Next Mark 1.411ms
[2020-09-08T09:40:27.823-0300][gc             ] GC(122) Concurrent Cycle 493.043ms
[2020-09-08T09:40:37.261-0300][gc,heap        ] GC(123) Heap before GC invocations=123 (full 1): garbage-first heap   total 109568K, used 78532K [0x0000000083000000, 0x0000000100000000)
[2020-09-08T09:40:37.261-0300][gc,heap        ] GC(123)   region size 1024K, 33 young (33792K), 4 survivors (4096K)
[2020-09-08T09:40:37.261-0300][gc,heap        ] GC(123)  Metaspace       used 39673K, capacity 42848K, committed 43136K, reserved 1087488K
[2020-09-08T09:40:37.261-0300][gc,heap        ] GC(123)   class space    used 4440K, capacity 5639K, committed 5760K, reserved 1048576K
[2020-09-08T09:40:37.261-0300][gc,start       ] GC(123) Pause Young (Prepare Mixed) (G1 Evacuation Pause)
[2020-09-08T09:40:37.261-0300][gc,task        ] GC(123) Using 4 workers of 4 for evacuation
[2020-09-08T09:40:37.283-0300][gc,phases      ] GC(123)   Pre Evacuate Collection Set: 0.1ms
[2020-09-08T09:40:37.283-0300][gc,phases      ] GC(123)   Evacuate Collection Set: 16.2ms
[2020-09-08T09:40:37.283-0300][gc,phases      ] GC(123)   Post Evacuate Collection Set: 4.6ms
[2020-09-08T09:40:37.283-0300][gc,phases      ] GC(123)   Other: 1.5ms
[2020-09-08T09:40:37.284-0300][gc,heap        ] GC(123) Eden regions: 29->0(3)
[2020-09-08T09:40:37.284-0300][gc,heap        ] GC(123) Survivor regions: 4->2(5)
[2020-09-08T09:40:37.284-0300][gc,heap        ] GC(123) Old regions: 42->42
[2020-09-08T09:40:37.284-0300][gc,heap        ] GC(123) Humongous regions: 6->4
[2020-09-08T09:40:37.284-0300][gc,metaspace   ] GC(123) Metaspace: 39673K->39673K(1087488K)
[2020-09-08T09:40:37.284-0300][gc,heap        ] GC(123) Heap after GC invocations=124 (full 1): garbage-first heap   total 109568K, used 46459K [0x0000000083000000, 0x0000000100000000)
[2020-09-08T09:40:37.284-0300][gc,heap        ] GC(123)   region size 1024K, 2 young (2048K), 2 survivors (2048K)
[2020-09-08T09:40:37.284-0300][gc,heap        ] GC(123)  Metaspace       used 39673K, capacity 42848K, committed 43136K, reserved 1087488K
[2020-09-08T09:40:37.284-0300][gc,heap        ] GC(123)   class space    used 4440K, capacity 5639K, committed 5760K, reserved 1048576K
[2020-09-08T09:40:37.284-0300][gc             ] GC(123) Pause Young (Prepare Mixed) (G1 Evacuation Pause) 77M->45M(107M) 23.098ms
[2020-09-08T09:40:37.285-0300][gc,cpu         ] GC(123) User=0.05s Sys=0.01s Real=0.02s
[2020-09-08T09:40:37.325-0300][gc,heap        ] GC(124) Heap before GC invocations=124 (full 1): garbage-first heap   total 109568K, used 50555K [0x0000000083000000, 0x0000000100000000)
[2020-09-08T09:40:37.325-0300][gc,heap        ] GC(124)   region size 1024K, 6 young (6144K), 2 survivors (2048K)
[2020-09-08T09:40:37.325-0300][gc,heap        ] GC(124)  Metaspace       used 39673K, capacity 42848K, committed 43136K, reserved 1087488K
[2020-09-08T09:40:37.325-0300][gc,heap        ] GC(124)   class space    used 4440K, capacity 5639K, committed 5760K, reserved 1048576K
[2020-09-08T09:40:37.325-0300][gc,start       ] GC(124) Pause Young (Mixed) (GCLocker Initiated GC)
[2020-09-08T09:40:37.325-0300][gc,task        ] GC(124) Using 4 workers of 4 for evacuation
[2020-09-08T09:40:37.348-0300][gc,phases      ] GC(124)   Pre Evacuate Collection Set: 0.1ms
[2020-09-08T09:40:37.348-0300][gc,phases      ] GC(124)   Evacuate Collection Set: 18.2ms
[2020-09-08T09:40:37.348-0300][gc,phases      ] GC(124)   Post Evacuate Collection Set: 3.9ms
[2020-09-08T09:40:37.348-0300][gc,phases      ] GC(124)   Other: 1.1ms
[2020-09-08T09:40:37.349-0300][gc,heap        ] GC(124) Eden regions: 4->0(33)
[2020-09-08T09:40:37.349-0300][gc,heap        ] GC(124) Survivor regions: 2->1(1)
[2020-09-08T09:40:37.349-0300][gc,heap        ] GC(124) Old regions: 42->42
[2020-09-08T09:40:37.349-0300][gc,heap        ] GC(124) Humongous regions: 6->4
[2020-09-08T09:40:37.349-0300][gc,metaspace   ] GC(124) Metaspace: 39673K->39673K(1087488K)
[2020-09-08T09:40:37.349-0300][gc,heap        ] GC(124) Heap after GC invocations=125 (full 1): garbage-first heap   total 109568K, used 45606K [0x0000000083000000, 0x0000000100000000)
[2020-09-08T09:40:37.349-0300][gc,heap        ] GC(124)   region size 1024K, 1 young (1024K), 1 survivors (1024K)
[2020-09-08T09:40:37.349-0300][gc,heap        ] GC(124)  Metaspace       used 39673K, capacity 42848K, committed 43136K, reserved 1087488K
[2020-09-08T09:40:37.349-0300][gc,heap        ] GC(124)   class space    used 4440K, capacity 5639K, committed 5760K, reserved 1048576K
[2020-09-08T09:40:37.349-0300][gc             ] GC(124) Pause Young (Mixed) (GCLocker Initiated GC) 50M->44M(107M) 23.965ms
[2020-09-08T09:40:37.349-0300][gc,cpu         ] GC(124) User=0.06s Sys=0.01s Real=0.02s
[2020-09-08T09:40:49.183-0300][gc,heap        ] GC(125) Heap before GC invocations=125 (full 1): garbage-first heap   total 109568K, used 80422K [0x0000000083000000, 0x0000000100000000)
[2020-09-08T09:40:49.183-0300][gc,heap        ] GC(125)   region size 1024K, 34 young (34816K), 1 survivors (1024K)
[2020-09-08T09:40:49.183-0300][gc,heap        ] GC(125)  Metaspace       used 39677K, capacity 42848K, committed 43136K, reserved 1087488K
[2020-09-08T09:40:49.183-0300][gc,heap        ] GC(125)   class space    used 4440K, capacity 5639K, committed 5760K, reserved 1048576K
[2020-09-08T09:40:49.184-0300][gc,start       ] GC(125) Pause Young (Normal) (G1 Evacuation Pause)
[2020-09-08T09:40:49.184-0300][gc,task        ] GC(125) Using 4 workers of 4 for evacuation
[2020-09-08T09:40:49.193-0300][gc,phases      ] GC(125)   Pre Evacuate Collection Set: 0.1ms
[2020-09-08T09:40:49.194-0300][gc,phases      ] GC(125)   Evacuate Collection Set: 7.2ms
[2020-09-08T09:40:49.194-0300][gc,phases      ] GC(125)   Post Evacuate Collection Set: 1.9ms
[2020-09-08T09:40:49.194-0300][gc,phases      ] GC(125)   Other: 1.1ms
[2020-09-08T09:40:49.194-0300][gc,heap        ] GC(125) Eden regions: 33->0(35)
[2020-09-08T09:40:49.194-0300][gc,heap        ] GC(125) Survivor regions: 1->1(5)
[2020-09-08T09:40:49.194-0300][gc,heap        ] GC(125) Old regions: 42->42
[2020-09-08T09:40:49.194-0300][gc,heap        ] GC(125) Humongous regions: 6->4
[2020-09-08T09:40:49.194-0300][gc,metaspace   ] GC(125) Metaspace: 39677K->39677K(1087488K)
[2020-09-08T09:40:49.194-0300][gc,heap        ] GC(125) Heap after GC invocations=126 (full 1): garbage-first heap   total 109568K, used 45203K [0x0000000083000000, 0x0000000100000000)
[2020-09-08T09:40:49.194-0300][gc,heap        ] GC(125)   region size 1024K, 1 young (1024K), 1 survivors (1024K)
[2020-09-08T09:40:49.194-0300][gc,heap        ] GC(125)  Metaspace       used 39677K, capacity 42848K, committed 43136K, reserved 1087488K
[2020-09-08T09:40:49.194-0300][gc,heap        ] GC(125)   class space    used 4440K, capacity 5639K, committed 5760K, reserved 1048576K
[2020-09-08T09:40:49.194-0300][gc             ] GC(125) Pause Young (Normal) (G1 Evacuation Pause) 79M->44M(107M) 10.665ms
[2020-09-08T09:40:49.194-0300][gc,cpu         ] GC(125) User=0.02s Sys=0.01s Real=0.01s
[2020-09-08T09:40:57.221-0300][gc,heap        ] GC(126) Heap before GC invocations=126 (full 1): garbage-first heap   total 109568K, used 59539K [0x0000000083000000, 0x0000000100000000)
[2020-09-08T09:40:57.221-0300][gc,heap        ] GC(126)   region size 1024K, 17 young (17408K), 1 survivors (1024K)
[2020-09-08T09:40:57.221-0300][gc,heap        ] GC(126)  Metaspace       used 39677K, capacity 42848K, committed 43136K, reserved 1087488K
[2020-09-08T09:40:57.222-0300][gc,heap        ] GC(126)   class space    used 4440K, capacity 5639K, committed 5760K, reserved 1048576K
[2020-09-08T09:40:57.222-0300][gc,start       ] GC(126) Pause Young (Concurrent Start) (G1 Humongous Allocation)
[2020-09-08T09:40:57.222-0300][gc,task        ] GC(126) Using 4 workers of 4 for evacuation
[2020-09-08T09:40:57.233-0300][gc,phases      ] GC(126)   Pre Evacuate Collection Set: 0.3ms
[2020-09-08T09:40:57.233-0300][gc,phases      ] GC(126)   Evacuate Collection Set: 8.1ms
[2020-09-08T09:40:57.233-0300][gc,phases      ] GC(126)   Post Evacuate Collection Set: 2.0ms
[2020-09-08T09:40:57.233-0300][gc,phases      ] GC(126)   Other: 1.1ms
[2020-09-08T09:40:57.233-0300][gc,heap        ] GC(126) Eden regions: 16->0(33)
[2020-09-08T09:40:57.233-0300][gc,heap        ] GC(126) Survivor regions: 1->2(5)
[2020-09-08T09:40:57.233-0300][gc,heap        ] GC(126) Old regions: 42->42
[2020-09-08T09:40:57.233-0300][gc,heap        ] GC(126) Humongous regions: 4->4
[2020-09-08T09:40:57.233-0300][gc,metaspace   ] GC(126) Metaspace: 39677K->39677K(1087488K)
[2020-09-08T09:40:57.233-0300][gc,heap        ] GC(126) Heap after GC invocations=127 (full 1): garbage-first heap   total 109568K, used 46162K [0x0000000083000000, 0x0000000100000000)
[2020-09-08T09:40:57.233-0300][gc,heap        ] GC(126)   region size 1024K, 2 young (2048K), 2 survivors (2048K)
[2020-09-08T09:40:57.233-0300][gc,heap        ] GC(126)  Metaspace       used 39677K, capacity 42848K, committed 43136K, reserved 1087488K
[2020-09-08T09:40:57.234-0300][gc,heap        ] GC(126)   class space    used 4440K, capacity 5639K, committed 5760K, reserved 1048576K
[2020-09-08T09:40:57.234-0300][gc             ] GC(126) Pause Young (Concurrent Start) (G1 Humongous Allocation) 59M->45M(107M) 11.949ms
[2020-09-08T09:40:57.234-0300][gc,cpu         ] GC(126) User=0.04s Sys=0.01s Real=0.01s
[2020-09-08T09:40:57.234-0300][gc             ] GC(127) Concurrent Cycle
[2020-09-08T09:40:57.234-0300][gc,marking     ] GC(127) Concurrent Clear Claimed Marks
[2020-09-08T09:40:57.235-0300][gc,marking     ] GC(127) Concurrent Clear Claimed Marks 0.815ms
[2020-09-08T09:40:57.235-0300][gc,marking     ] GC(127) Concurrent Scan Root Regions
[2020-09-08T09:40:57.243-0300][gc,marking     ] GC(127) Concurrent Scan Root Regions 7.618ms
[2020-09-08T09:40:57.243-0300][gc,marking     ] GC(127) Concurrent Mark (314.717s)
[2020-09-08T09:40:57.243-0300][gc,marking     ] GC(127) Concurrent Mark From Roots
[2020-09-08T09:40:57.243-0300][gc,task        ] GC(127) Using 1 workers of 1 for marking
[2020-09-08T09:40:57.545-0300][gc,marking     ] GC(127) Concurrent Mark From Roots 301.514ms
[2020-09-08T09:40:57.545-0300][gc,marking     ] GC(127) Concurrent Preclean
[2020-09-08T09:40:57.545-0300][gc,marking     ] GC(127) Concurrent Preclean 0.440ms
[2020-09-08T09:40:57.545-0300][gc,marking     ] GC(127) Concurrent Mark (314.717s, 315.019s) 302.351ms
[2020-09-08T09:40:57.546-0300][gc,start       ] GC(127) Pause Remark
[2020-09-08T09:40:57.581-0300][gc,stringtable ] GC(127) Cleaned string and symbol table, strings: 22761 processed, 0 removed, symbols: 90653 processed, 0 removed
[2020-09-08T09:40:57.582-0300][gc             ] GC(127) Pause Remark 52M->52M(107M) 35.787ms
[2020-09-08T09:40:57.582-0300][gc,cpu         ] GC(127) User=0.12s Sys=0.00s Real=0.04s
[2020-09-08T09:40:57.583-0300][gc,marking     ] GC(127) Concurrent Rebuild Remembered Sets
[2020-09-08T09:40:57.732-0300][gc,marking     ] GC(127) Concurrent Rebuild Remembered Sets 149.004ms
[2020-09-08T09:40:57.733-0300][gc,start       ] GC(127) Pause Cleanup
[2020-09-08T09:40:57.734-0300][gc             ] GC(127) Pause Cleanup 52M->52M(107M) 0.491ms
[2020-09-08T09:40:57.734-0300][gc,cpu         ] GC(127) User=0.00s Sys=0.00s Real=0.00s
[2020-09-08T09:40:57.734-0300][gc,marking     ] GC(127) Concurrent Cleanup for Next Mark
[2020-09-08T09:40:57.736-0300][gc,marking     ] GC(127) Concurrent Cleanup for Next Mark 1.375ms
[2020-09-08T09:40:57.736-0300][gc             ] GC(127) Concurrent Cycle 501.741ms
[2020-09-08T09:41:07.763-0300][gc,heap        ] GC(128) Heap before GC invocations=128 (full 1): garbage-first heap   total 109568K, used 83026K [0x0000000083000000, 0x0000000100000000)
[2020-09-08T09:41:07.764-0300][gc,heap        ] GC(128)   region size 1024K, 35 young (35840K), 2 survivors (2048K)
[2020-09-08T09:41:07.764-0300][gc,heap        ] GC(128)  Metaspace       used 39709K, capacity 42887K, committed 43136K, reserved 1087488K
[2020-09-08T09:41:07.764-0300][gc,heap        ] GC(128)   class space    used 4446K, capacity 5651K, committed 5760K, reserved 1048576K
[2020-09-08T09:41:07.764-0300][gc,start       ] GC(128) Pause Young (Prepare Mixed) (G1 Evacuation Pause)
[2020-09-08T09:41:07.764-0300][gc,task        ] GC(128) Using 4 workers of 4 for evacuation
[2020-09-08T09:41:07.778-0300][gc,phases      ] GC(128)   Pre Evacuate Collection Set: 0.1ms
[2020-09-08T09:41:07.778-0300][gc,phases      ] GC(128)   Evacuate Collection Set: 9.9ms
[2020-09-08T09:41:07.778-0300][gc,phases      ] GC(128)   Post Evacuate Collection Set: 3.5ms
[2020-09-08T09:41:07.778-0300][gc,phases      ] GC(128)   Other: 1.1ms
[2020-09-08T09:41:07.778-0300][gc,heap        ] GC(128) Eden regions: 33->0(3)
[2020-09-08T09:41:07.778-0300][gc,heap        ] GC(128) Survivor regions: 2->2(5)
[2020-09-08T09:41:07.778-0300][gc,heap        ] GC(128) Old regions: 42->42
[2020-09-08T09:41:07.778-0300][gc,heap        ] GC(128) Humongous regions: 8->4
[2020-09-08T09:41:07.778-0300][gc,metaspace   ] GC(128) Metaspace: 39709K->39709K(1087488K)
[2020-09-08T09:41:07.778-0300][gc,heap        ] GC(128) Heap after GC invocations=129 (full 1): garbage-first heap   total 109568K, used 45797K [0x0000000083000000, 0x0000000100000000)
[2020-09-08T09:41:07.778-0300][gc,heap        ] GC(128)   region size 1024K, 2 young (2048K), 2 survivors (2048K)
[2020-09-08T09:41:07.778-0300][gc,heap        ] GC(128)  Metaspace       used 39709K, capacity 42887K, committed 43136K, reserved 1087488K
[2020-09-08T09:41:07.779-0300][gc,heap        ] GC(128)   class space    used 4446K, capacity 5651K, committed 5760K, reserved 1048576K
[2020-09-08T09:41:07.779-0300][gc             ] GC(128) Pause Young (Prepare Mixed) (G1 Evacuation Pause) 82M->44M(107M) 14.875ms
[2020-09-08T09:41:07.779-0300][gc,cpu         ] GC(128) User=0.05s Sys=0.00s Real=0.01s
[2020-09-08T09:41:08.651-0300][gc,heap        ] GC(129) Heap before GC invocations=129 (full 1): garbage-first heap   total 109568K, used 48869K [0x0000000083000000, 0x0000000100000000)
[2020-09-08T09:41:08.651-0300][gc,heap        ] GC(129)   region size 1024K, 5 young (5120K), 2 survivors (2048K)
[2020-09-08T09:41:08.651-0300][gc,heap        ] GC(129)  Metaspace       used 39709K, capacity 42887K, committed 43136K, reserved 1087488K
[2020-09-08T09:41:08.651-0300][gc,heap        ] GC(129)   class space    used 4446K, capacity 5651K, committed 5760K, reserved 1048576K
[2020-09-08T09:41:08.652-0300][gc,start       ] GC(129) Pause Young (Mixed) (G1 Evacuation Pause)
[2020-09-08T09:41:08.652-0300][gc,task        ] GC(129) Using 4 workers of 4 for evacuation
[2020-09-08T09:41:08.662-0300][gc,phases      ] GC(129)   Pre Evacuate Collection Set: 0.1ms
[2020-09-08T09:41:08.662-0300][gc,phases      ] GC(129)   Evacuate Collection Set: 8.1ms
[2020-09-08T09:41:08.662-0300][gc,phases      ] GC(129)   Post Evacuate Collection Set: 1.4ms
[2020-09-08T09:41:08.662-0300][gc,phases      ] GC(129)   Other: 0.9ms
[2020-09-08T09:41:08.662-0300][gc,heap        ] GC(129) Eden regions: 3->0(36)
[2020-09-08T09:41:08.662-0300][gc,heap        ] GC(129) Survivor regions: 2->1(1)
[2020-09-08T09:41:08.662-0300][gc,heap        ] GC(129) Old regions: 42->41
[2020-09-08T09:41:08.662-0300][gc,heap        ] GC(129) Humongous regions: 4->4
[2020-09-08T09:41:08.662-0300][gc,metaspace   ] GC(129) Metaspace: 39709K->39709K(1087488K)
[2020-09-08T09:41:08.662-0300][gc,heap        ] GC(129) Heap after GC invocations=130 (full 1): garbage-first heap   total 109568K, used 44067K [0x0000000083000000, 0x0000000100000000)
[2020-09-08T09:41:08.662-0300][gc,heap        ] GC(129)   region size 1024K, 1 young (1024K), 1 survivors (1024K)
[2020-09-08T09:41:08.662-0300][gc,heap        ] GC(129)  Metaspace       used 39709K, capacity 42887K, committed 43136K, reserved 1087488K
[2020-09-08T09:41:08.662-0300][gc,heap        ] GC(129)   class space    used 4446K, capacity 5651K, committed 5760K, reserved 1048576K
[2020-09-08T09:41:08.663-0300][gc             ] GC(129) Pause Young (Mixed) (G1 Evacuation Pause) 47M->43M(107M) 10.882ms
[2020-09-08T09:41:08.663-0300][gc,cpu         ] GC(129) User=0.03s Sys=0.00s Real=0.01s
[2020-09-08T09:41:27.344-0300][gc,heap        ] GC(130) Heap before GC invocations=130 (full 1): garbage-first heap   total 109568K, used 81955K [0x0000000083000000, 0x0000000100000000)
[2020-09-08T09:41:27.344-0300][gc,heap        ] GC(130)   region size 1024K, 37 young (37888K), 1 survivors (1024K)
[2020-09-08T09:41:27.344-0300][gc,heap        ] GC(130)  Metaspace       used 39721K, capacity 42887K, committed 43136K, reserved 1087488K
[2020-09-08T09:41:27.344-0300][gc,heap        ] GC(130)   class space    used 4446K, capacity 5651K, committed 5760K, reserved 1048576K
[2020-09-08T09:41:27.344-0300][gc,start       ] GC(130) Pause Young (Normal) (G1 Evacuation Pause)
[2020-09-08T09:41:27.344-0300][gc,task        ] GC(130) Using 4 workers of 4 for evacuation
[2020-09-08T09:41:27.367-0300][gc,phases      ] GC(130)   Pre Evacuate Collection Set: 0.0ms
[2020-09-08T09:41:27.367-0300][gc,phases      ] GC(130)   Evacuate Collection Set: 17.6ms
[2020-09-08T09:41:27.367-0300][gc,phases      ] GC(130)   Post Evacuate Collection Set: 5.1ms
[2020-09-08T09:41:27.368-0300][gc,phases      ] GC(130)   Other: 0.9ms
[2020-09-08T09:41:27.368-0300][gc,heap        ] GC(130) Eden regions: 36->0(37)
[2020-09-08T09:41:27.368-0300][gc,heap        ] GC(130) Survivor regions: 1->2(5)
[2020-09-08T09:41:27.368-0300][gc,heap        ] GC(130) Old regions: 41->41
[2020-09-08T09:41:27.368-0300][gc,heap        ] GC(130) Humongous regions: 6->4
[2020-09-08T09:41:27.368-0300][gc,metaspace   ] GC(130) Metaspace: 39721K->39721K(1087488K)
[2020-09-08T09:41:27.368-0300][gc,heap        ] GC(130) Heap after GC invocations=131 (full 1): garbage-first heap   total 109568K, used 45305K [0x0000000083000000, 0x0000000100000000)
[2020-09-08T09:41:27.368-0300][gc,heap        ] GC(130)   region size 1024K, 2 young (2048K), 2 survivors (2048K)
[2020-09-08T09:41:27.368-0300][gc,heap        ] GC(130)  Metaspace       used 39721K, capacity 42887K, committed 43136K, reserved 1087488K
[2020-09-08T09:41:27.368-0300][gc,heap        ] GC(130)   class space    used 4446K, capacity 5651K, committed 5760K, reserved 1048576K
[2020-09-08T09:41:27.368-0300][gc             ] GC(130) Pause Young (Normal) (G1 Evacuation Pause) 81M->44M(107M) 24.159ms
[2020-09-08T09:41:27.368-0300][gc,cpu         ] GC(130) User=0.07s Sys=0.01s Real=0.02s
[2020-09-08T09:41:27.404-0300][gc,heap        ] GC(131) Heap before GC invocations=131 (full 1): garbage-first heap   total 109568K, used 50425K [0x0000000083000000, 0x0000000100000000)
[2020-09-08T09:41:27.404-0300][gc,heap        ] GC(131)   region size 1024K, 9 young (9216K), 2 survivors (2048K)
[2020-09-08T09:41:27.404-0300][gc,heap        ] GC(131)  Metaspace       used 39721K, capacity 42887K, committed 43136K, reserved 1087488K
[2020-09-08T09:41:27.404-0300][gc,heap        ] GC(131)   class space    used 4446K, capacity 5651K, committed 5760K, reserved 1048576K
[2020-09-08T09:41:27.404-0300][gc,start       ] GC(131) Pause Young (Concurrent Start) (G1 Humongous Allocation)
[2020-09-08T09:41:27.404-0300][gc,task        ] GC(131) Using 4 workers of 4 for evacuation
[2020-09-08T09:41:27.415-0300][gc,phases      ] GC(131)   Pre Evacuate Collection Set: 0.3ms
[2020-09-08T09:41:27.416-0300][gc,phases      ] GC(131)   Evacuate Collection Set: 8.2ms
[2020-09-08T09:41:27.416-0300][gc,phases      ] GC(131)   Post Evacuate Collection Set: 1.7ms
[2020-09-08T09:41:27.416-0300][gc,phases      ] GC(131)   Other: 1.1ms
[2020-09-08T09:41:27.416-0300][gc,heap        ] GC(131) Eden regions: 7->0(34)
[2020-09-08T09:41:27.416-0300][gc,heap        ] GC(131) Survivor regions: 2->2(5)
[2020-09-08T09:41:27.416-0300][gc,heap        ] GC(131) Old regions: 41->41
[2020-09-08T09:41:27.416-0300][gc,heap        ] GC(131) Humongous regions: 4->4
[2020-09-08T09:41:27.416-0300][gc,metaspace   ] GC(131) Metaspace: 39721K->39721K(1087488K)
[2020-09-08T09:41:27.416-0300][gc,heap        ] GC(131) Heap after GC invocations=132 (full 1): garbage-first heap   total 109568K, used 45480K [0x0000000083000000, 0x0000000100000000)
[2020-09-08T09:41:27.416-0300][gc,heap        ] GC(131)   region size 1024K, 2 young (2048K), 2 survivors (2048K)
[2020-09-08T09:41:27.416-0300][gc,heap        ] GC(131)  Metaspace       used 39721K, capacity 42887K, committed 43136K, reserved 1087488K
[2020-09-08T09:41:27.416-0300][gc,heap        ] GC(131)   class space    used 4446K, capacity 5651K, committed 5760K, reserved 1048576K
[2020-09-08T09:41:27.416-0300][gc             ] GC(131) Pause Young (Concurrent Start) (G1 Humongous Allocation) 51M->44M(107M) 12.013ms
[2020-09-08T09:41:27.417-0300][gc,cpu         ] GC(131) User=0.03s Sys=0.00s Real=0.01s
[2020-09-08T09:41:27.417-0300][gc             ] GC(132) Concurrent Cycle
[2020-09-08T09:41:27.417-0300][gc,marking     ] GC(132) Concurrent Clear Claimed Marks
[2020-09-08T09:41:27.418-0300][gc,marking     ] GC(132) Concurrent Clear Claimed Marks 0.687ms
[2020-09-08T09:41:27.418-0300][gc,marking     ] GC(132) Concurrent Scan Root Regions
[2020-09-08T09:41:27.427-0300][gc,marking     ] GC(132) Concurrent Scan Root Regions 9.383ms
[2020-09-08T09:41:27.427-0300][gc,marking     ] GC(132) Concurrent Mark (344.901s)
[2020-09-08T09:41:27.427-0300][gc,marking     ] GC(132) Concurrent Mark From Roots
[2020-09-08T09:41:27.428-0300][gc,task        ] GC(132) Using 1 workers of 1 for marking
[2020-09-08T09:41:27.679-0300][gc,marking     ] GC(132) Concurrent Mark From Roots 251.318ms
[2020-09-08T09:41:27.679-0300][gc,marking     ] GC(132) Concurrent Preclean
[2020-09-08T09:41:27.679-0300][gc,marking     ] GC(132) Concurrent Preclean 0.345ms
[2020-09-08T09:41:27.679-0300][gc,marking     ] GC(132) Concurrent Mark (344.901s, 345.153s) 251.883ms
[2020-09-08T09:41:27.680-0300][gc,start       ] GC(132) Pause Remark
[2020-09-08T09:41:27.711-0300][gc,stringtable ] GC(132) Cleaned string and symbol table, strings: 22782 processed, 1 removed, symbols: 90653 processed, 0 removed
[2020-09-08T09:41:27.711-0300][gc             ] GC(132) Pause Remark 49M->49M(107M) 31.050ms
[2020-09-08T09:41:27.711-0300][gc,cpu         ] GC(132) User=0.11s Sys=0.00s Real=0.04s
[2020-09-08T09:41:27.712-0300][gc,marking     ] GC(132) Concurrent Rebuild Remembered Sets
[2020-09-08T09:41:27.856-0300][gc,marking     ] GC(132) Concurrent Rebuild Remembered Sets 143.806ms
[2020-09-08T09:41:27.857-0300][gc,start       ] GC(132) Pause Cleanup
[2020-09-08T09:41:27.857-0300][gc             ] GC(132) Pause Cleanup 49M->49M(107M) 0.522ms
[2020-09-08T09:41:27.857-0300][gc,cpu         ] GC(132) User=0.00s Sys=0.00s Real=0.00s
[2020-09-08T09:41:27.858-0300][gc,marking     ] GC(132) Concurrent Cleanup for Next Mark
[2020-09-08T09:41:27.859-0300][gc,marking     ] GC(132) Concurrent Cleanup for Next Mark 1.298ms
[2020-09-08T09:41:27.859-0300][gc             ] GC(132) Concurrent Cycle 442.171ms
[2020-09-08T09:41:47.015-0300][gc,heap        ] GC(133) Heap before GC invocations=133 (full 1): garbage-first heap   total 109568K, used 83368K [0x0000000083000000, 0x0000000100000000)
[2020-09-08T09:41:47.015-0300][gc,heap        ] GC(133)   region size 1024K, 36 young (36864K), 2 survivors (2048K)
[2020-09-08T09:41:47.015-0300][gc,heap        ] GC(133)  Metaspace       used 39730K, capacity 42887K, committed 43136K, reserved 1087488K
[2020-09-08T09:41:47.015-0300][gc,heap        ] GC(133)   class space    used 4446K, capacity 5651K, committed 5760K, reserved 1048576K
[2020-09-08T09:41:47.015-0300][gc,start       ] GC(133) Pause Young (Prepare Mixed) (G1 Evacuation Pause)
[2020-09-08T09:41:47.015-0300][gc,task        ] GC(133) Using 4 workers of 4 for evacuation
[2020-09-08T09:41:47.024-0300][gc,phases      ] GC(133)   Pre Evacuate Collection Set: 0.1ms
[2020-09-08T09:41:47.024-0300][gc,phases      ] GC(133)   Evacuate Collection Set: 5.5ms
[2020-09-08T09:41:47.024-0300][gc,phases      ] GC(133)   Post Evacuate Collection Set: 2.1ms
[2020-09-08T09:41:47.024-0300][gc,phases      ] GC(133)   Other: 0.9ms
[2020-09-08T09:41:47.024-0300][gc,heap        ] GC(133) Eden regions: 34->0(4)
[2020-09-08T09:41:47.024-0300][gc,heap        ] GC(133) Survivor regions: 2->1(5)
[2020-09-08T09:41:47.024-0300][gc,heap        ] GC(133) Old regions: 41->41
[2020-09-08T09:41:47.024-0300][gc,heap        ] GC(133) Humongous regions: 8->4
[2020-09-08T09:41:47.024-0300][gc,metaspace   ] GC(133) Metaspace: 39730K->39730K(1087488K)
[2020-09-08T09:41:47.024-0300][gc,heap        ] GC(133) Heap after GC invocations=134 (full 1): garbage-first heap   total 109568K, used 44784K [0x0000000083000000, 0x0000000100000000)
[2020-09-08T09:41:47.024-0300][gc,heap        ] GC(133)   region size 1024K, 1 young (1024K), 1 survivors (1024K)
[2020-09-08T09:41:47.024-0300][gc,heap        ] GC(133)  Metaspace       used 39730K, capacity 42887K, committed 43136K, reserved 1087488K
[2020-09-08T09:41:47.024-0300][gc,heap        ] GC(133)   class space    used 4446K, capacity 5651K, committed 5760K, reserved 1048576K
[2020-09-08T09:41:47.024-0300][gc             ] GC(133) Pause Young (Prepare Mixed) (G1 Evacuation Pause) 82M->43M(107M) 9.074ms
[2020-09-08T09:41:47.025-0300][gc,cpu         ] GC(133) User=0.03s Sys=0.00s Real=0.01s
[2020-09-08T09:41:47.322-0300][gc,heap        ] GC(134) Heap before GC invocations=134 (full 1): garbage-first heap   total 109568K, used 47856K [0x0000000083000000, 0x0000000100000000)
[2020-09-08T09:41:47.322-0300][gc,heap        ] GC(134)   region size 1024K, 5 young (5120K), 1 survivors (1024K)
[2020-09-08T09:41:47.322-0300][gc,heap        ] GC(134)  Metaspace       used 39732K, capacity 42887K, committed 43136K, reserved 1087488K
[2020-09-08T09:41:47.323-0300][gc,heap        ] GC(134)   class space    used 4446K, capacity 5651K, committed 5760K, reserved 1048576K
[2020-09-08T09:41:47.323-0300][gc,start       ] GC(134) Pause Young (Mixed) (G1 Evacuation Pause)
[2020-09-08T09:41:47.323-0300][gc,task        ] GC(134) Using 4 workers of 4 for evacuation
[2020-09-08T09:41:47.337-0300][gc,phases      ] GC(134)   Pre Evacuate Collection Set: 0.1ms
[2020-09-08T09:41:47.337-0300][gc,phases      ] GC(134)   Evacuate Collection Set: 11.8ms
[2020-09-08T09:41:47.337-0300][gc,phases      ] GC(134)   Post Evacuate Collection Set: 1.7ms
[2020-09-08T09:41:47.337-0300][gc,phases      ] GC(134)   Other: 1.3ms
[2020-09-08T09:41:47.338-0300][gc,heap        ] GC(134) Eden regions: 4->0(37)
[2020-09-08T09:41:47.338-0300][gc,heap        ] GC(134) Survivor regions: 1->1(1)
[2020-09-08T09:41:47.338-0300][gc,heap        ] GC(134) Old regions: 41->41
[2020-09-08T09:41:47.338-0300][gc,heap        ] GC(134) Humongous regions: 4->4
[2020-09-08T09:41:47.338-0300][gc,metaspace   ] GC(134) Metaspace: 39732K->39732K(1087488K)
[2020-09-08T09:41:47.338-0300][gc,heap        ] GC(134) Heap after GC invocations=135 (full 1): garbage-first heap   total 109568K, used 44497K [0x0000000083000000, 0x0000000100000000)
[2020-09-08T09:41:47.338-0300][gc,heap        ] GC(134)   region size 1024K, 1 young (1024K), 1 survivors (1024K)
[2020-09-08T09:41:47.338-0300][gc,heap        ] GC(134)  Metaspace       used 39732K, capacity 42887K, committed 43136K, reserved 1087488K
[2020-09-08T09:41:47.338-0300][gc,heap        ] GC(134)   class space    used 4446K, capacity 5651K, committed 5760K, reserved 1048576K
[2020-09-08T09:41:47.338-0300][gc             ] GC(134) Pause Young (Mixed) (G1 Evacuation Pause) 47M->43M(107M) 15.222ms
[2020-09-08T09:41:47.338-0300][gc,cpu         ] GC(134) User=0.04s Sys=0.00s Real=0.01s
[2020-09-08T09:41:57.604-0300][gc,heap        ] GC(135) Heap before GC invocations=135 (full 1): garbage-first heap   total 109568K, used 85457K [0x0000000083000000, 0x0000000100000000)
[2020-09-08T09:41:57.604-0300][gc,heap        ] GC(135)   region size 1024K, 38 young (38912K), 1 survivors (1024K)
[2020-09-08T09:41:57.604-0300][gc,heap        ] GC(135)  Metaspace       used 39764K, capacity 42919K, committed 43136K, reserved 1087488K
[2020-09-08T09:41:57.604-0300][gc,heap        ] GC(135)   class space    used 4447K, capacity 5683K, committed 5760K, reserved 1048576K
[2020-09-08T09:41:57.605-0300][gc,start       ] GC(135) Pause Young (Normal) (G1 Evacuation Pause)
[2020-09-08T09:41:57.605-0300][gc,task        ] GC(135) Using 4 workers of 4 for evacuation
[2020-09-08T09:41:57.612-0300][gc,phases      ] GC(135)   Pre Evacuate Collection Set: 0.1ms
[2020-09-08T09:41:57.613-0300][gc,phases      ] GC(135)   Evacuate Collection Set: 5.1ms
[2020-09-08T09:41:57.613-0300][gc,phases      ] GC(135)   Post Evacuate Collection Set: 2.0ms
[2020-09-08T09:41:57.613-0300][gc,phases      ] GC(135)   Other: 1.0ms
[2020-09-08T09:41:57.613-0300][gc,heap        ] GC(135) Eden regions: 37->0(39)
[2020-09-08T09:41:57.613-0300][gc,heap        ] GC(135) Survivor regions: 1->1(5)
[2020-09-08T09:41:57.613-0300][gc,heap        ] GC(135) Old regions: 41->41
[2020-09-08T09:41:57.613-0300][gc,heap        ] GC(135) Humongous regions: 8->4
[2020-09-08T09:41:57.613-0300][gc,metaspace   ] GC(135) Metaspace: 39764K->39764K(1087488K)
[2020-09-08T09:41:57.613-0300][gc,heap        ] GC(135) Heap after GC invocations=136 (full 1): garbage-first heap   total 109568K, used 44105K [0x0000000083000000, 0x0000000100000000)
[2020-09-08T09:41:57.613-0300][gc,heap        ] GC(135)   region size 1024K, 1 young (1024K), 1 survivors (1024K)
[2020-09-08T09:41:57.613-0300][gc,heap        ] GC(135)  Metaspace       used 39764K, capacity 42919K, committed 43136K, reserved 1087488K
[2020-09-08T09:41:57.613-0300][gc,heap        ] GC(135)   class space    used 4447K, capacity 5683K, committed 5760K, reserved 1048576K
[2020-09-08T09:41:57.613-0300][gc             ] GC(135) Pause Young (Normal) (G1 Evacuation Pause) 84M->43M(107M) 8.642ms
[2020-09-08T09:41:57.613-0300][gc,cpu         ] GC(135) User=0.02s Sys=0.00s Real=0.01s
[2020-09-08T09:42:07.322-0300][gc,heap        ] GC(136) Heap before GC invocations=136 (full 1): garbage-first heap   total 109568K, used 77897K [0x0000000083000000, 0x0000000100000000)
[2020-09-08T09:42:07.322-0300][gc,heap        ] GC(136)   region size 1024K, 36 young (36864K), 1 survivors (1024K)
[2020-09-08T09:42:07.323-0300][gc,heap        ] GC(136)  Metaspace       used 39767K, capacity 42919K, committed 43136K, reserved 1087488K
[2020-09-08T09:42:07.323-0300][gc,heap        ] GC(136)   class space    used 4447K, capacity 5683K, committed 5760K, reserved 1048576K
[2020-09-08T09:42:07.323-0300][gc,start       ] GC(136) Pause Young (Concurrent Start) (G1 Humongous Allocation)
[2020-09-08T09:42:07.323-0300][gc,task        ] GC(136) Using 4 workers of 4 for evacuation
[2020-09-08T09:42:07.342-0300][gc,phases      ] GC(136)   Pre Evacuate Collection Set: 0.3ms
[2020-09-08T09:42:07.342-0300][gc,phases      ] GC(136)   Evacuate Collection Set: 14.5ms
[2020-09-08T09:42:07.343-0300][gc,phases      ] GC(136)   Post Evacuate Collection Set: 4.1ms
[2020-09-08T09:42:07.343-0300][gc,phases      ] GC(136)   Other: 1.1ms
[2020-09-08T09:42:07.343-0300][gc,heap        ] GC(136) Eden regions: 35->0(38)
[2020-09-08T09:42:07.343-0300][gc,heap        ] GC(136) Survivor regions: 1->3(5)
[2020-09-08T09:42:07.343-0300][gc,heap        ] GC(136) Old regions: 41->41
[2020-09-08T09:42:07.343-0300][gc,heap        ] GC(136) Humongous regions: 4->4
[2020-09-08T09:42:07.343-0300][gc,metaspace   ] GC(136) Metaspace: 39767K->39767K(1087488K)
[2020-09-08T09:42:07.343-0300][gc,heap        ] GC(136) Heap after GC invocations=137 (full 1): garbage-first heap   total 109568K, used 45817K [0x0000000083000000, 0x0000000100000000)
[2020-09-08T09:42:07.343-0300][gc,heap        ] GC(136)   region size 1024K, 3 young (3072K), 3 survivors (3072K)
[2020-09-08T09:42:07.343-0300][gc,heap        ] GC(136)  Metaspace       used 39767K, capacity 42919K, committed 43136K, reserved 1087488K
[2020-09-08T09:42:07.343-0300][gc,heap        ] GC(136)   class space    used 4447K, capacity 5683K, committed 5760K, reserved 1048576K
[2020-09-08T09:42:07.343-0300][gc             ] GC(136) Pause Young (Concurrent Start) (G1 Humongous Allocation) 77M->44M(107M) 20.482ms
[2020-09-08T09:42:07.343-0300][gc,cpu         ] GC(136) User=0.05s Sys=0.00s Real=0.02s
[2020-09-08T09:42:07.345-0300][gc             ] GC(137) Concurrent Cycle
[2020-09-08T09:42:07.346-0300][gc,marking     ] GC(137) Concurrent Clear Claimed Marks
[2020-09-08T09:42:07.346-0300][gc,marking     ] GC(137) Concurrent Clear Claimed Marks 0.813ms
[2020-09-08T09:42:07.346-0300][gc,marking     ] GC(137) Concurrent Scan Root Regions
[2020-09-08T09:42:07.356-0300][gc,marking     ] GC(137) Concurrent Scan Root Regions 9.087ms
[2020-09-08T09:42:07.356-0300][gc,marking     ] GC(137) Concurrent Mark (384.829s)
[2020-09-08T09:42:07.356-0300][gc,marking     ] GC(137) Concurrent Mark From Roots
[2020-09-08T09:42:07.356-0300][gc,task        ] GC(137) Using 1 workers of 1 for marking
[2020-09-08T09:42:07.598-0300][gc,marking     ] GC(137) Concurrent Mark From Roots 242.495ms
[2020-09-08T09:42:07.598-0300][gc,marking     ] GC(137) Concurrent Preclean
[2020-09-08T09:42:07.599-0300][gc,marking     ] GC(137) Concurrent Preclean 0.274ms
[2020-09-08T09:42:07.599-0300][gc,marking     ] GC(137) Concurrent Mark (384.829s, 385.072s) 243.116ms
[2020-09-08T09:42:07.600-0300][gc,start       ] GC(137) Pause Remark
[2020-09-08T09:42:07.630-0300][gc,stringtable ] GC(137) Cleaned string and symbol table, strings: 22785 processed, 0 removed, symbols: 90662 processed, 0 removed
[2020-09-08T09:42:07.631-0300][gc             ] GC(137) Pause Remark 50M->50M(107M) 31.607ms
[2020-09-08T09:42:07.632-0300][gc,cpu         ] GC(137) User=0.11s Sys=0.00s Real=0.04s
[2020-09-08T09:42:07.632-0300][gc,marking     ] GC(137) Concurrent Rebuild Remembered Sets
[2020-09-08T09:42:07.773-0300][gc,marking     ] GC(137) Concurrent Rebuild Remembered Sets 140.963ms
[2020-09-08T09:42:07.774-0300][gc,start       ] GC(137) Pause Cleanup
[2020-09-08T09:42:07.774-0300][gc             ] GC(137) Pause Cleanup 51M->51M(107M) 0.529ms
[2020-09-08T09:42:07.775-0300][gc,cpu         ] GC(137) User=0.00s Sys=0.01s Real=0.00s
[2020-09-08T09:42:07.775-0300][gc,marking     ] GC(137) Concurrent Cleanup for Next Mark
[2020-09-08T09:42:07.776-0300][gc,marking     ] GC(137) Concurrent Cleanup for Next Mark 1.308ms
[2020-09-08T09:42:07.776-0300][gc             ] GC(137) Concurrent Cycle 431.047ms
[2020-09-08T09:42:22.138-0300][gc,heap        ] GC(138) Heap before GC invocations=138 (full 1): garbage-first heap   total 109568K, used 87801K [0x0000000083000000, 0x0000000100000000)
[2020-09-08T09:42:22.138-0300][gc,heap        ] GC(138)   region size 1024K, 41 young (41984K), 3 survivors (3072K)
[2020-09-08T09:42:22.138-0300][gc,heap        ] GC(138)  Metaspace       used 39769K, capacity 42919K, committed 43136K, reserved 1087488K
[2020-09-08T09:42:22.138-0300][gc,heap        ] GC(138)   class space    used 4447K, capacity 5683K, committed 5760K, reserved 1048576K
[2020-09-08T09:42:22.138-0300][gc,start       ] GC(138) Pause Young (Prepare Mixed) (G1 Evacuation Pause)
[2020-09-08T09:42:22.138-0300][gc,task        ] GC(138) Using 4 workers of 4 for evacuation
[2020-09-08T09:42:22.148-0300][gc,phases      ] GC(138)   Pre Evacuate Collection Set: 0.1ms
[2020-09-08T09:42:22.148-0300][gc,phases      ] GC(138)   Evacuate Collection Set: 7.0ms
[2020-09-08T09:42:22.148-0300][gc,phases      ] GC(138)   Post Evacuate Collection Set: 2.1ms
[2020-09-08T09:42:22.148-0300][gc,phases      ] GC(138)   Other: 1.1ms
[2020-09-08T09:42:22.148-0300][gc,heap        ] GC(138) Eden regions: 38->0(3)
[2020-09-08T09:42:22.148-0300][gc,heap        ] GC(138) Survivor regions: 3->2(6)
[2020-09-08T09:42:22.148-0300][gc,heap        ] GC(138) Old regions: 41->41
[2020-09-08T09:42:22.148-0300][gc,heap        ] GC(138) Humongous regions: 8->4
[2020-09-08T09:42:22.148-0300][gc,metaspace   ] GC(138) Metaspace: 39769K->39769K(1087488K)
[2020-09-08T09:42:22.148-0300][gc,heap        ] GC(138) Heap after GC invocations=139 (full 1): garbage-first heap   total 109568K, used 44752K [0x0000000083000000, 0x0000000100000000)
[2020-09-08T09:42:22.148-0300][gc,heap        ] GC(138)   region size 1024K, 2 young (2048K), 2 survivors (2048K)
[2020-09-08T09:42:22.148-0300][gc,heap        ] GC(138)  Metaspace       used 39769K, capacity 42919K, committed 43136K, reserved 1087488K
[2020-09-08T09:42:22.149-0300][gc,heap        ] GC(138)   class space    used 4447K, capacity 5683K, committed 5760K, reserved 1048576K
[2020-09-08T09:42:22.149-0300][gc             ] GC(138) Pause Young (Prepare Mixed) (G1 Evacuation Pause) 86M->43M(107M) 10.587ms
[2020-09-08T09:42:22.149-0300][gc,cpu         ] GC(138) User=0.02s Sys=0.01s Real=0.01s
[2020-09-08T09:42:26.021-0300][gc,heap        ] GC(139) Heap before GC invocations=139 (full 1): garbage-first heap   total 109568K, used 47824K [0x0000000083000000, 0x0000000100000000)
[2020-09-08T09:42:26.021-0300][gc,heap        ] GC(139)   region size 1024K, 5 young (5120K), 2 survivors (2048K)
[2020-09-08T09:42:26.021-0300][gc,heap        ] GC(139)  Metaspace       used 39769K, capacity 42919K, committed 43136K, reserved 1087488K
[2020-09-08T09:42:26.021-0300][gc,heap        ] GC(139)   class space    used 4447K, capacity 5683K, committed 5760K, reserved 1048576K
[2020-09-08T09:42:26.021-0300][gc,start       ] GC(139) Pause Young (Mixed) (G1 Evacuation Pause)
[2020-09-08T09:42:26.021-0300][gc,task        ] GC(139) Using 4 workers of 4 for evacuation
[2020-09-08T09:42:26.031-0300][gc,phases      ] GC(139)   Pre Evacuate Collection Set: 0.1ms
[2020-09-08T09:42:26.031-0300][gc,phases      ] GC(139)   Evacuate Collection Set: 8.4ms
[2020-09-08T09:42:26.031-0300][gc,phases      ] GC(139)   Post Evacuate Collection Set: 1.4ms
[2020-09-08T09:42:26.032-0300][gc,phases      ] GC(139)   Other: 1.0ms
[2020-09-08T09:42:26.032-0300][gc,heap        ] GC(139) Eden regions: 3->0(41)
[2020-09-08T09:42:26.032-0300][gc,heap        ] GC(139) Survivor regions: 2->1(1)
[2020-09-08T09:42:26.032-0300][gc,heap        ] GC(139) Old regions: 41->41
[2020-09-08T09:42:26.032-0300][gc,heap        ] GC(139) Humongous regions: 4->4
[2020-09-08T09:42:26.032-0300][gc,metaspace   ] GC(139) Metaspace: 39769K->39769K(1087488K)
[2020-09-08T09:42:26.032-0300][gc,heap        ] GC(139) Heap after GC invocations=140 (full 1): garbage-first heap   total 109568K, used 44104K [0x0000000083000000, 0x0000000100000000)
[2020-09-08T09:42:26.032-0300][gc,heap        ] GC(139)   region size 1024K, 1 young (1024K), 1 survivors (1024K)
[2020-09-08T09:42:26.032-0300][gc,heap        ] GC(139)  Metaspace       used 39769K, capacity 42919K, committed 43136K, reserved 1087488K
[2020-09-08T09:42:26.032-0300][gc,heap        ] GC(139)   class space    used 4447K, capacity 5683K, committed 5760K, reserved 1048576K
[2020-09-08T09:42:26.032-0300][gc             ] GC(139) Pause Young (Mixed) (G1 Evacuation Pause) 46M->43M(107M) 11.351ms
[2020-09-08T09:42:26.032-0300][gc,cpu         ] GC(139) User=0.03s Sys=0.00s Real=0.01s
[2020-09-08T09:42:37.442-0300][gc,heap        ] GC(140) Heap before GC invocations=140 (full 1): garbage-first heap   total 109568K, used 89160K [0x0000000083000000, 0x0000000100000000)
[2020-09-08T09:42:37.442-0300][gc,heap        ] GC(140)   region size 1024K, 42 young (43008K), 1 survivors (1024K)
[2020-09-08T09:42:37.442-0300][gc,heap        ] GC(140)  Metaspace       used 39788K, capacity 42919K, committed 43136K, reserved 1087488K
[2020-09-08T09:42:37.442-0300][gc,heap        ] GC(140)   class space    used 4447K, capacity 5683K, committed 5760K, reserved 1048576K
[2020-09-08T09:42:37.443-0300][gc,start       ] GC(140) Pause Young (Normal) (G1 Evacuation Pause)
[2020-09-08T09:42:37.443-0300][gc,task        ] GC(140) Using 4 workers of 4 for evacuation
[2020-09-08T09:42:37.459-0300][gc,phases      ] GC(140)   Pre Evacuate Collection Set: 0.1ms
[2020-09-08T09:42:37.460-0300][gc,phases      ] GC(140)   Evacuate Collection Set: 13.0ms
[2020-09-08T09:42:37.460-0300][gc,phases      ] GC(140)   Post Evacuate Collection Set: 2.6ms
[2020-09-08T09:42:37.460-0300][gc,phases      ] GC(140)   Other: 1.5ms
[2020-09-08T09:42:37.460-0300][gc,heap        ] GC(140) Eden regions: 41->0(40)
[2020-09-08T09:42:37.460-0300][gc,heap        ] GC(140) Survivor regions: 1->3(6)
[2020-09-08T09:42:37.460-0300][gc,heap        ] GC(140) Old regions: 41->41
[2020-09-08T09:42:37.460-0300][gc,heap        ] GC(140) Humongous regions: 8->4
[2020-09-08T09:42:37.460-0300][gc,metaspace   ] GC(140) Metaspace: 39788K->39788K(1087488K)
[2020-09-08T09:42:37.460-0300][gc,heap        ] GC(140) Heap after GC invocations=141 (full 1): garbage-first heap   total 109568K, used 45900K [0x0000000083000000, 0x0000000100000000)
[2020-09-08T09:42:37.460-0300][gc,heap        ] GC(140)   region size 1024K, 3 young (3072K), 3 survivors (3072K)
[2020-09-08T09:42:37.460-0300][gc,heap        ] GC(140)  Metaspace       used 39788K, capacity 42919K, committed 43136K, reserved 1087488K
[2020-09-08T09:42:37.460-0300][gc,heap        ] GC(140)   class space    used 4447K, capacity 5683K, committed 5760K, reserved 1048576K
[2020-09-08T09:42:37.460-0300][gc             ] GC(140) Pause Young (Normal) (G1 Evacuation Pause) 88M->44M(107M) 17.596ms
[2020-09-08T09:42:37.460-0300][gc,cpu         ] GC(140) User=0.04s Sys=0.01s Real=0.01s
[2020-09-08T09:42:47.357-0300][gc,heap        ] GC(141) Heap before GC invocations=141 (full 1): garbage-first heap   total 109568K, used 66380K [0x0000000083000000, 0x0000000100000000)
[2020-09-08T09:42:47.357-0300][gc,heap        ] GC(141)   region size 1024K, 25 young (25600K), 3 survivors (3072K)
[2020-09-08T09:42:47.357-0300][gc,heap        ] GC(141)  Metaspace       used 39798K, capacity 42923K, committed 43136K, reserved 1087488K
[2020-09-08T09:42:47.357-0300][gc,heap        ] GC(141)   class space    used 4447K, capacity 5683K, committed 5760K, reserved 1048576K
[2020-09-08T09:42:47.357-0300][gc,start       ] GC(141) Pause Young (Concurrent Start) (G1 Humongous Allocation)
[2020-09-08T09:42:47.357-0300][gc,task        ] GC(141) Using 4 workers of 4 for evacuation
[2020-09-08T09:42:47.369-0300][gc,phases      ] GC(141)   Pre Evacuate Collection Set: 0.3ms
[2020-09-08T09:42:47.369-0300][gc,phases      ] GC(141)   Evacuate Collection Set: 9.0ms
[2020-09-08T09:42:47.369-0300][gc,phases      ] GC(141)   Post Evacuate Collection Set: 1.7ms
[2020-09-08T09:42:47.369-0300][gc,phases      ] GC(141)   Other: 1.1ms
[2020-09-08T09:42:47.369-0300][gc,heap        ] GC(141) Eden regions: 22->0(41)
[2020-09-08T09:42:47.370-0300][gc,heap        ] GC(141) Survivor regions: 3->2(6)
[2020-09-08T09:42:47.370-0300][gc,heap        ] GC(141) Old regions: 41->41
[2020-09-08T09:42:47.370-0300][gc,heap        ] GC(141) Humongous regions: 4->4
[2020-09-08T09:42:47.370-0300][gc,metaspace   ] GC(141) Metaspace: 39798K->39798K(1087488K)
[2020-09-08T09:42:47.370-0300][gc,heap        ] GC(141) Heap after GC invocations=142 (full 1): garbage-first heap   total 109568K, used 45484K [0x0000000083000000, 0x0000000100000000)
[2020-09-08T09:42:47.370-0300][gc,heap        ] GC(141)   region size 1024K, 2 young (2048K), 2 survivors (2048K)
[2020-09-08T09:42:47.370-0300][gc,heap        ] GC(141)  Metaspace       used 39798K, capacity 42923K, committed 43136K, reserved 1087488K
[2020-09-08T09:42:47.370-0300][gc,heap        ] GC(141)   class space    used 4447K, capacity 5683K, committed 5760K, reserved 1048576K
[2020-09-08T09:42:47.370-0300][gc             ] GC(141) Pause Young (Concurrent Start) (G1 Humongous Allocation) 66M->44M(107M) 12.578ms
[2020-09-08T09:42:47.370-0300][gc,cpu         ] GC(141) User=0.04s Sys=0.00s Real=0.01s
[2020-09-08T09:42:47.370-0300][gc             ] GC(142) Concurrent Cycle
[2020-09-08T09:42:47.370-0300][gc,marking     ] GC(142) Concurrent Clear Claimed Marks
[2020-09-08T09:42:47.371-0300][gc,marking     ] GC(142) Concurrent Clear Claimed Marks 0.939ms
[2020-09-08T09:42:47.372-0300][gc,marking     ] GC(142) Concurrent Scan Root Regions
[2020-09-08T09:42:47.381-0300][gc,marking     ] GC(142) Concurrent Scan Root Regions 9.278ms
[2020-09-08T09:42:47.381-0300][gc,marking     ] GC(142) Concurrent Mark (424.855s)
[2020-09-08T09:42:47.381-0300][gc,marking     ] GC(142) Concurrent Mark From Roots
[2020-09-08T09:42:47.381-0300][gc,task        ] GC(142) Using 1 workers of 1 for marking
[2020-09-08T09:42:47.634-0300][gc,marking     ] GC(142) Concurrent Mark From Roots 252.870ms
[2020-09-08T09:42:47.634-0300][gc,marking     ] GC(142) Concurrent Preclean
[2020-09-08T09:42:47.634-0300][gc,marking     ] GC(142) Concurrent Preclean 0.282ms
[2020-09-08T09:42:47.634-0300][gc,marking     ] GC(142) Concurrent Mark (424.855s, 425.108s) 253.343ms
[2020-09-08T09:42:47.635-0300][gc,start       ] GC(142) Pause Remark
[2020-09-08T09:42:47.665-0300][gc,stringtable ] GC(142) Cleaned string and symbol table, strings: 22815 processed, 0 removed, symbols: 90662 processed, 0 removed
[2020-09-08T09:42:47.666-0300][gc             ] GC(142) Pause Remark 49M->49M(107M) 30.400ms
[2020-09-08T09:42:47.666-0300][gc,cpu         ] GC(142) User=0.12s Sys=0.00s Real=0.03s
[2020-09-08T09:42:47.666-0300][gc,marking     ] GC(142) Concurrent Rebuild Remembered Sets
[2020-09-08T09:42:47.806-0300][gc,marking     ] GC(142) Concurrent Rebuild Remembered Sets 139.664ms
[2020-09-08T09:42:47.807-0300][gc,start       ] GC(142) Pause Cleanup
[2020-09-08T09:42:47.807-0300][gc             ] GC(142) Pause Cleanup 49M->49M(107M) 0.572ms
[2020-09-08T09:42:47.807-0300][gc,cpu         ] GC(142) User=0.00s Sys=0.01s Real=0.00s
[2020-09-08T09:42:47.808-0300][gc,marking     ] GC(142) Concurrent Cleanup for Next Mark
[2020-09-08T09:42:47.809-0300][gc,marking     ] GC(142) Concurrent Cleanup for Next Mark 1.329ms
[2020-09-08T09:42:47.809-0300][gc             ] GC(142) Concurrent Cycle 438.859ms
[2020-09-08T09:43:02.186-0300][gc,heap        ] GC(143) Heap before GC invocations=143 (full 1): garbage-first heap   total 109568K, used 90540K [0x0000000083000000, 0x0000000100000000)
[2020-09-08T09:43:02.187-0300][gc,heap        ] GC(143)   region size 1024K, 43 young (44032K), 2 survivors (2048K)
[2020-09-08T09:43:02.187-0300][gc,heap        ] GC(143)  Metaspace       used 39808K, capacity 42931K, committed 43136K, reserved 1087488K
[2020-09-08T09:43:02.187-0300][gc,heap        ] GC(143)   class space    used 4447K, capacity 5683K, committed 5760K, reserved 1048576K
[2020-09-08T09:43:02.187-0300][gc,start       ] GC(143) Pause Young (Prepare Mixed) (G1 Evacuation Pause)
[2020-09-08T09:43:02.187-0300][gc,task        ] GC(143) Using 4 workers of 4 for evacuation
[2020-09-08T09:43:02.198-0300][gc,phases      ] GC(143)   Pre Evacuate Collection Set: 0.1ms
[2020-09-08T09:43:02.198-0300][gc,phases      ] GC(143)   Evacuate Collection Set: 7.8ms
[2020-09-08T09:43:02.198-0300][gc,phases      ] GC(143)   Post Evacuate Collection Set: 2.8ms
[2020-09-08T09:43:02.198-0300][gc,phases      ] GC(143)   Other: 1.1ms
[2020-09-08T09:43:02.198-0300][gc,heap        ] GC(143) Eden regions: 41->0(3)
[2020-09-08T09:43:02.198-0300][gc,heap        ] GC(143) Survivor regions: 2->2(6)
[2020-09-08T09:43:02.198-0300][gc,heap        ] GC(143) Old regions: 41->41
[2020-09-08T09:43:02.198-0300][gc,heap        ] GC(143) Humongous regions: 8->4
[2020-09-08T09:43:02.199-0300][gc,metaspace   ] GC(143) Metaspace: 39808K->39808K(1087488K)
[2020-09-08T09:43:02.199-0300][gc,heap        ] GC(143) Heap after GC invocations=144 (full 1): garbage-first heap   total 109568K, used 45129K [0x0000000083000000, 0x0000000100000000)
[2020-09-08T09:43:02.199-0300][gc,heap        ] GC(143)   region size 1024K, 2 young (2048K), 2 survivors (2048K)
[2020-09-08T09:43:02.199-0300][gc,heap        ] GC(143)  Metaspace       used 39808K, capacity 42931K, committed 43136K, reserved 1087488K
[2020-09-08T09:43:02.199-0300][gc,heap        ] GC(143)   class space    used 4447K, capacity 5683K, committed 5760K, reserved 1048576K
[2020-09-08T09:43:02.199-0300][gc             ] GC(143) Pause Young (Prepare Mixed) (G1 Evacuation Pause) 89M->44M(107M) 11.961ms
[2020-09-08T09:43:02.199-0300][gc,cpu         ] GC(143) User=0.03s Sys=0.00s Real=0.01s
[2020-09-08T09:43:02.227-0300][gc,heap        ] GC(144) Heap before GC invocations=144 (full 1): garbage-first heap   total 109568K, used 48201K [0x0000000083000000, 0x0000000100000000)
[2020-09-08T09:43:02.227-0300][gc,heap        ] GC(144)   region size 1024K, 5 young (5120K), 2 survivors (2048K)
[2020-09-08T09:43:02.227-0300][gc,heap        ] GC(144)  Metaspace       used 39808K, capacity 42931K, committed 43136K, reserved 1087488K
[2020-09-08T09:43:02.227-0300][gc,heap        ] GC(144)   class space    used 4447K, capacity 5683K, committed 5760K, reserved 1048576K
[2020-09-08T09:43:02.228-0300][gc,start       ] GC(144) Pause Young (Mixed) (G1 Evacuation Pause)
[2020-09-08T09:43:02.228-0300][gc,task        ] GC(144) Using 4 workers of 4 for evacuation
[2020-09-08T09:43:02.240-0300][gc,phases      ] GC(144)   Pre Evacuate Collection Set: 0.1ms
[2020-09-08T09:43:02.240-0300][gc,phases      ] GC(144)   Evacuate Collection Set: 10.9ms
[2020-09-08T09:43:02.240-0300][gc,phases      ] GC(144)   Post Evacuate Collection Set: 1.1ms
[2020-09-08T09:43:02.240-0300][gc,phases      ] GC(144)   Other: 0.9ms
[2020-09-08T09:43:02.240-0300][gc,heap        ] GC(144) Eden regions: 3->0(43)
[2020-09-08T09:43:02.241-0300][gc,heap        ] GC(144) Survivor regions: 2->1(1)
[2020-09-08T09:43:02.241-0300][gc,heap        ] GC(144) Old regions: 41->41
[2020-09-08T09:43:02.241-0300][gc,heap        ] GC(144) Humongous regions: 4->4
[2020-09-08T09:43:02.241-0300][gc,metaspace   ] GC(144) Metaspace: 39808K->39808K(1087488K)
[2020-09-08T09:43:02.241-0300][gc,heap        ] GC(144) Heap after GC invocations=145 (full 1): garbage-first heap   total 109568K, used 43699K [0x0000000083000000, 0x0000000100000000)
[2020-09-08T09:43:02.241-0300][gc,heap        ] GC(144)   region size 1024K, 1 young (1024K), 1 survivors (1024K)
[2020-09-08T09:43:02.241-0300][gc,heap        ] GC(144)  Metaspace       used 39808K, capacity 42931K, committed 43136K, reserved 1087488K
[2020-09-08T09:43:02.241-0300][gc,heap        ] GC(144)   class space    used 4447K, capacity 5683K, committed 5760K, reserved 1048576K
[2020-09-08T09:43:02.241-0300][gc             ] GC(144) Pause Young (Mixed) (G1 Evacuation Pause) 47M->42M(107M) 13.412ms
[2020-09-08T09:43:02.241-0300][gc,cpu         ] GC(144) User=0.04s Sys=0.00s Real=0.02s
[2020-09-08T09:43:17.453-0300][gc,heap        ] GC(145) Heap before GC invocations=145 (full 1): garbage-first heap   total 109568K, used 90803K [0x0000000083000000, 0x0000000100000000)
[2020-09-08T09:43:17.453-0300][gc,heap        ] GC(145)   region size 1024K, 44 young (45056K), 1 survivors (1024K)
[2020-09-08T09:43:17.453-0300][gc,heap        ] GC(145)  Metaspace       used 39810K, capacity 42935K, committed 43136K, reserved 1087488K
[2020-09-08T09:43:17.453-0300][gc,heap        ] GC(145)   class space    used 4447K, capacity 5683K, committed 5760K, reserved 1048576K
[2020-09-08T09:43:17.453-0300][gc,start       ] GC(145) Pause Young (Normal) (G1 Evacuation Pause)
[2020-09-08T09:43:17.453-0300][gc,task        ] GC(145) Using 4 workers of 4 for evacuation
[2020-09-08T09:43:17.469-0300][gc,phases      ] GC(145)   Pre Evacuate Collection Set: 0.1ms
[2020-09-08T09:43:17.469-0300][gc,phases      ] GC(145)   Evacuate Collection Set: 5.9ms
[2020-09-08T09:43:17.469-0300][gc,phases      ] GC(145)   Post Evacuate Collection Set: 9.1ms
[2020-09-08T09:43:17.469-0300][gc,phases      ] GC(145)   Other: 1.4ms
[2020-09-08T09:43:17.469-0300][gc,heap        ] GC(145) Eden regions: 43->0(44)
[2020-09-08T09:43:17.469-0300][gc,heap        ] GC(145) Survivor regions: 1->1(6)
[2020-09-08T09:43:17.469-0300][gc,heap        ] GC(145) Old regions: 41->41
[2020-09-08T09:43:17.470-0300][gc,heap        ] GC(145) Humongous regions: 8->4
[2020-09-08T09:43:17.470-0300][gc,metaspace   ] GC(145) Metaspace: 39810K->39810K(1087488K)
[2020-09-08T09:43:17.470-0300][gc,heap        ] GC(145) Heap after GC invocations=146 (full 1): garbage-first heap   total 109568K, used 44054K [0x0000000083000000, 0x0000000100000000)
[2020-09-08T09:43:17.470-0300][gc,heap        ] GC(145)   region size 1024K, 1 young (1024K), 1 survivors (1024K)
[2020-09-08T09:43:17.470-0300][gc,heap        ] GC(145)  Metaspace       used 39810K, capacity 42935K, committed 43136K, reserved 1087488K
[2020-09-08T09:43:17.470-0300][gc,heap        ] GC(145)   class space    used 4447K, capacity 5683K, committed 5760K, reserved 1048576K
[2020-09-08T09:43:17.470-0300][gc             ] GC(145) Pause Young (Normal) (G1 Evacuation Pause) 89M->43M(107M) 16.899ms
[2020-09-08T09:43:17.470-0300][gc,cpu         ] GC(145) User=0.04s Sys=0.01s Real=0.01s
[2020-09-08T09:43:27.559-0300][gc,heap        ] GC(146) Heap before GC invocations=146 (full 1): garbage-first heap   total 109568K, used 68630K [0x0000000083000000, 0x0000000100000000)
[2020-09-08T09:43:27.559-0300][gc,heap        ] GC(146)   region size 1024K, 27 young (27648K), 1 survivors (1024K)
[2020-09-08T09:43:27.559-0300][gc,heap        ] GC(146)  Metaspace       used 39810K, capacity 42935K, committed 43136K, reserved 1087488K
[2020-09-08T09:43:27.559-0300][gc,heap        ] GC(146)   class space    used 4447K, capacity 5683K, committed 5760K, reserved 1048576K
[2020-09-08T09:43:27.559-0300][gc,start       ] GC(146) Pause Young (Concurrent Start) (G1 Humongous Allocation)
[2020-09-08T09:43:27.559-0300][gc,task        ] GC(146) Using 4 workers of 4 for evacuation
[2020-09-08T09:43:27.571-0300][gc,phases      ] GC(146)   Pre Evacuate Collection Set: 0.3ms
[2020-09-08T09:43:27.571-0300][gc,phases      ] GC(146)   Evacuate Collection Set: 8.7ms
[2020-09-08T09:43:27.571-0300][gc,phases      ] GC(146)   Post Evacuate Collection Set: 1.7ms
[2020-09-08T09:43:27.571-0300][gc,phases      ] GC(146)   Other: 1.1ms
[2020-09-08T09:43:27.571-0300][gc,heap        ] GC(146) Eden regions: 26->0(40)
[2020-09-08T09:43:27.571-0300][gc,heap        ] GC(146) Survivor regions: 1->2(6)
[2020-09-08T09:43:27.571-0300][gc,heap        ] GC(146) Old regions: 41->41
[2020-09-08T09:43:27.571-0300][gc,heap        ] GC(146) Humongous regions: 4->4
[2020-09-08T09:43:27.571-0300][gc,metaspace   ] GC(146) Metaspace: 39810K->39810K(1087488K)
[2020-09-08T09:43:27.571-0300][gc,heap        ] GC(146) Heap after GC invocations=147 (full 1): garbage-first heap   total 109568K, used 45178K [0x0000000083000000, 0x0000000100000000)
[2020-09-08T09:43:27.571-0300][gc,heap        ] GC(146)   region size 1024K, 2 young (2048K), 2 survivors (2048K)
[2020-09-08T09:43:27.571-0300][gc,heap        ] GC(146)  Metaspace       used 39810K, capacity 42935K, committed 43136K, reserved 1087488K
[2020-09-08T09:43:27.571-0300][gc,heap        ] GC(146)   class space    used 4447K, capacity 5683K, committed 5760K, reserved 1048576K
[2020-09-08T09:43:27.572-0300][gc             ] GC(146) Pause Young (Concurrent Start) (G1 Humongous Allocation) 68M->44M(107M) 12.282ms
[2020-09-08T09:43:27.572-0300][gc,cpu         ] GC(146) User=0.03s Sys=0.01s Real=0.02s
[2020-09-08T09:43:27.572-0300][gc             ] GC(147) Concurrent Cycle
[2020-09-08T09:43:27.572-0300][gc,marking     ] GC(147) Concurrent Clear Claimed Marks
[2020-09-08T09:43:27.573-0300][gc,marking     ] GC(147) Concurrent Clear Claimed Marks 1.139ms
[2020-09-08T09:43:27.573-0300][gc,marking     ] GC(147) Concurrent Scan Root Regions
[2020-09-08T09:43:27.581-0300][gc,marking     ] GC(147) Concurrent Scan Root Regions 7.784ms
[2020-09-08T09:43:27.581-0300][gc,marking     ] GC(147) Concurrent Mark (465.055s)
[2020-09-08T09:43:27.581-0300][gc,marking     ] GC(147) Concurrent Mark From Roots
[2020-09-08T09:43:27.581-0300][gc,task        ] GC(147) Using 1 workers of 1 for marking
[2020-09-08T09:43:27.824-0300][gc,marking     ] GC(147) Concurrent Mark From Roots 243.170ms
[2020-09-08T09:43:27.825-0300][gc,marking     ] GC(147) Concurrent Preclean
[2020-09-08T09:43:27.825-0300][gc,marking     ] GC(147) Concurrent Preclean 0.304ms
[2020-09-08T09:43:27.825-0300][gc,marking     ] GC(147) Concurrent Mark (465.055s, 465.298s) 243.683ms
[2020-09-08T09:43:27.826-0300][gc,start       ] GC(147) Pause Remark
[2020-09-08T09:43:27.857-0300][gc,stringtable ] GC(147) Cleaned string and symbol table, strings: 22822 processed, 0 removed, symbols: 90662 processed, 0 removed
[2020-09-08T09:43:27.858-0300][gc             ] GC(147) Pause Remark 49M->49M(107M) 32.470ms
[2020-09-08T09:43:27.858-0300][gc,cpu         ] GC(147) User=0.11s Sys=0.01s Real=0.03s
[2020-09-08T09:43:27.859-0300][gc,marking     ] GC(147) Concurrent Rebuild Remembered Sets
[2020-09-08T09:43:28.008-0300][gc,marking     ] GC(147) Concurrent Rebuild Remembered Sets 149.282ms
[2020-09-08T09:43:28.009-0300][gc,start       ] GC(147) Pause Cleanup
[2020-09-08T09:43:28.009-0300][gc             ] GC(147) Pause Cleanup 49M->49M(107M) 0.454ms
[2020-09-08T09:43:28.010-0300][gc,cpu         ] GC(147) User=0.00s Sys=0.00s Real=0.00s
[2020-09-08T09:43:28.010-0300][gc,marking     ] GC(147) Concurrent Cleanup for Next Mark
[2020-09-08T09:43:28.012-0300][gc,marking     ] GC(147) Concurrent Cleanup for Next Mark 2.196ms
[2020-09-08T09:43:28.012-0300][gc             ] GC(147) Concurrent Cycle 440.284ms
[2020-09-08T09:43:45.395-0300][gc,heap        ] GC(148) Heap before GC invocations=148 (full 1): garbage-first heap   total 109568K, used 89210K [0x0000000083000000, 0x0000000100000000)
[2020-09-08T09:43:45.395-0300][gc,heap        ] GC(148)   region size 1024K, 42 young (43008K), 2 survivors (2048K)
[2020-09-08T09:43:45.395-0300][gc,heap        ] GC(148)  Metaspace       used 39823K, capacity 42935K, committed 43136K, reserved 1087488K
[2020-09-08T09:43:45.395-0300][gc,heap        ] GC(148)   class space    used 4447K, capacity 5683K, committed 5760K, reserved 1048576K
[2020-09-08T09:43:45.395-0300][gc,start       ] GC(148) Pause Young (Prepare Mixed) (G1 Evacuation Pause)
[2020-09-08T09:43:45.395-0300][gc,task        ] GC(148) Using 4 workers of 4 for evacuation
[2020-09-08T09:43:45.404-0300][gc,phases      ] GC(148)   Pre Evacuate Collection Set: 0.1ms
[2020-09-08T09:43:45.404-0300][gc,phases      ] GC(148)   Evacuate Collection Set: 6.2ms
[2020-09-08T09:43:45.404-0300][gc,phases      ] GC(148)   Post Evacuate Collection Set: 2.1ms
[2020-09-08T09:43:45.404-0300][gc,phases      ] GC(148)   Other: 0.9ms
[2020-09-08T09:43:45.404-0300][gc,heap        ] GC(148) Eden regions: 40->0(4)
[2020-09-08T09:43:45.405-0300][gc,heap        ] GC(148) Survivor regions: 2->1(6)
[2020-09-08T09:43:45.405-0300][gc,heap        ] GC(148) Old regions: 41->41
[2020-09-08T09:43:45.405-0300][gc,heap        ] GC(148) Humongous regions: 8->4
[2020-09-08T09:43:45.405-0300][gc,metaspace   ] GC(148) Metaspace: 39823K->39823K(1087488K)
[2020-09-08T09:43:45.405-0300][gc,heap        ] GC(148) Heap after GC invocations=149 (full 1): garbage-first heap   total 109568K, used 44444K [0x0000000083000000, 0x0000000100000000)
[2020-09-08T09:43:45.405-0300][gc,heap        ] GC(148)   region size 1024K, 1 young (1024K), 1 survivors (1024K)
[2020-09-08T09:43:45.405-0300][gc,heap        ] GC(148)  Metaspace       used 39823K, capacity 42935K, committed 43136K, reserved 1087488K
[2020-09-08T09:43:45.405-0300][gc,heap        ] GC(148)   class space    used 4447K, capacity 5683K, committed 5760K, reserved 1048576K
[2020-09-08T09:43:45.405-0300][gc             ] GC(148) Pause Young (Prepare Mixed) (G1 Evacuation Pause) 88M->43M(107M) 9.804ms
[2020-09-08T09:43:45.405-0300][gc,cpu         ] GC(148) User=0.02s Sys=0.00s Real=0.01s
[2020-09-08T09:43:47.143-0300][gc,heap        ] GC(149) Heap before GC invocations=149 (full 1): garbage-first heap   total 109568K, used 48540K [0x0000000083000000, 0x0000000100000000)
[2020-09-08T09:43:47.143-0300][gc,heap        ] GC(149)   region size 1024K, 5 young (5120K), 1 survivors (1024K)
[2020-09-08T09:43:47.143-0300][gc,heap        ] GC(149)  Metaspace       used 39823K, capacity 42935K, committed 43136K, reserved 1087488K
[2020-09-08T09:43:47.143-0300][gc,heap        ] GC(149)   class space    used 4447K, capacity 5683K, committed 5760K, reserved 1048576K
[2020-09-08T09:43:47.143-0300][gc,start       ] GC(149) Pause Young (Mixed) (G1 Evacuation Pause)
[2020-09-08T09:43:47.143-0300][gc,task        ] GC(149) Using 4 workers of 4 for evacuation
[2020-09-08T09:43:47.153-0300][gc,phases      ] GC(149)   Pre Evacuate Collection Set: 0.1ms
[2020-09-08T09:43:47.154-0300][gc,phases      ] GC(149)   Evacuate Collection Set: 7.9ms
[2020-09-08T09:43:47.154-0300][gc,phases      ] GC(149)   Post Evacuate Collection Set: 1.7ms
[2020-09-08T09:43:47.154-0300][gc,phases      ] GC(149)   Other: 1.1ms
[2020-09-08T09:43:47.154-0300][gc,heap        ] GC(149) Eden regions: 4->0(42)
[2020-09-08T09:43:47.154-0300][gc,heap        ] GC(149) Survivor regions: 1->1(1)
[2020-09-08T09:43:47.154-0300][gc,heap        ] GC(149) Old regions: 41->41
[2020-09-08T09:43:47.154-0300][gc,heap        ] GC(149) Humongous regions: 4->4
[2020-09-08T09:43:47.154-0300][gc,metaspace   ] GC(149) Metaspace: 39823K->39823K(1087488K)
[2020-09-08T09:43:47.154-0300][gc,heap        ] GC(149) Heap after GC invocations=150 (full 1): garbage-first heap   total 109568K, used 43914K [0x0000000083000000, 0x0000000100000000)
[2020-09-08T09:43:47.154-0300][gc,heap        ] GC(149)   region size 1024K, 1 young (1024K), 1 survivors (1024K)
[2020-09-08T09:43:47.154-0300][gc,heap        ] GC(149)  Metaspace       used 39823K, capacity 42935K, committed 43136K, reserved 1087488K
[2020-09-08T09:43:47.154-0300][gc,heap        ] GC(149)   class space    used 4447K, capacity 5683K, committed 5760K, reserved 1048576K
[2020-09-08T09:43:47.154-0300][gc             ] GC(149) Pause Young (Mixed) (G1 Evacuation Pause) 47M->42M(107M) 11.110ms
[2020-09-08T09:43:47.154-0300][gc,cpu         ] GC(149) User=0.04s Sys=0.00s Real=0.01s
[2020-09-08T09:43:57.424-0300][gc,heap        ] GC(150) Heap before GC invocations=150 (full 1): garbage-first heap   total 109568K, used 89994K [0x0000000083000000, 0x0000000100000000)
[2020-09-08T09:43:57.424-0300][gc,heap        ] GC(150)   region size 1024K, 43 young (44032K), 1 survivors (1024K)
[2020-09-08T09:43:57.424-0300][gc,heap        ] GC(150)  Metaspace       used 39843K, capacity 42999K, committed 43136K, reserved 1087488K
[2020-09-08T09:43:57.425-0300][gc,heap        ] GC(150)   class space    used 4447K, capacity 5683K, committed 5760K, reserved 1048576K
[2020-09-08T09:43:57.425-0300][gc,start       ] GC(150) Pause Young (Normal) (G1 Evacuation Pause)
[2020-09-08T09:43:57.425-0300][gc,task        ] GC(150) Using 4 workers of 4 for evacuation
[2020-09-08T09:43:57.436-0300][gc,phases      ] GC(150)   Pre Evacuate Collection Set: 0.1ms
[2020-09-08T09:43:57.436-0300][gc,phases      ] GC(150)   Evacuate Collection Set: 8.4ms
[2020-09-08T09:43:57.436-0300][gc,phases      ] GC(150)   Post Evacuate Collection Set: 1.9ms
[2020-09-08T09:43:57.437-0300][gc,phases      ] GC(150)   Other: 1.4ms
[2020-09-08T09:43:57.437-0300][gc,heap        ] GC(150) Eden regions: 42->0(41)
[2020-09-08T09:43:57.437-0300][gc,heap        ] GC(150) Survivor regions: 1->2(6)
[2020-09-08T09:43:57.437-0300][gc,heap        ] GC(150) Old regions: 41->41
[2020-09-08T09:43:57.437-0300][gc,heap        ] GC(150) Humongous regions: 8->5
[2020-09-08T09:43:57.437-0300][gc,metaspace   ] GC(150) Metaspace: 39843K->39843K(1087488K)
[2020-09-08T09:43:57.437-0300][gc,heap        ] GC(150) Heap after GC invocations=151 (full 1): garbage-first heap   total 109568K, used 45848K [0x0000000083000000, 0x0000000100000000)
[2020-09-08T09:43:57.437-0300][gc,heap        ] GC(150)   region size 1024K, 2 young (2048K), 2 survivors (2048K)
[2020-09-08T09:43:57.437-0300][gc,heap        ] GC(150)  Metaspace       used 39843K, capacity 42999K, committed 43136K, reserved 1087488K
[2020-09-08T09:43:57.437-0300][gc,heap        ] GC(150)   class space    used 4447K, capacity 5683K, committed 5760K, reserved 1048576K
[2020-09-08T09:43:57.437-0300][gc             ] GC(150) Pause Young (Normal) (G1 Evacuation Pause) 88M->44M(107M) 12.624ms
[2020-09-08T09:43:57.437-0300][gc,cpu         ] GC(150) User=0.04s Sys=0.01s Real=0.01s
[2020-09-08T09:44:07.358-0300][gc,heap        ] GC(151) Heap before GC invocations=151 (full 1): garbage-first heap   total 109568K, used 86808K [0x0000000083000000, 0x0000000100000000)
[2020-09-08T09:44:07.358-0300][gc,heap        ] GC(151)   region size 1024K, 43 young (44032K), 2 survivors (2048K)
[2020-09-08T09:44:07.358-0300][gc,heap        ] GC(151)  Metaspace       used 39932K, capacity 43137K, committed 43392K, reserved 1087488K
[2020-09-08T09:44:07.358-0300][gc,heap        ] GC(151)   class space    used 4460K, capacity 5706K, committed 5760K, reserved 1048576K
[2020-09-08T09:44:07.358-0300][gc,start       ] GC(151) Pause Young (Normal) (G1 Evacuation Pause)
[2020-09-08T09:44:07.358-0300][gc,task        ] GC(151) Using 4 workers of 4 for evacuation
[2020-09-08T09:44:07.371-0300][gc,phases      ] GC(151)   Pre Evacuate Collection Set: 0.1ms
[2020-09-08T09:44:07.371-0300][gc,phases      ] GC(151)   Evacuate Collection Set: 9.2ms
[2020-09-08T09:44:07.371-0300][gc,phases      ] GC(151)   Post Evacuate Collection Set: 3.0ms
[2020-09-08T09:44:07.371-0300][gc,phases      ] GC(151)   Other: 1.1ms
[2020-09-08T09:44:07.371-0300][gc,heap        ] GC(151) Eden regions: 41->0(41)
[2020-09-08T09:44:07.371-0300][gc,heap        ] GC(151) Survivor regions: 2->3(6)
[2020-09-08T09:44:07.371-0300][gc,heap        ] GC(151) Old regions: 41->41
[2020-09-08T09:44:07.371-0300][gc,heap        ] GC(151) Humongous regions: 5->4
[2020-09-08T09:44:07.371-0300][gc,metaspace   ] GC(151) Metaspace: 39932K->39932K(1087488K)
[2020-09-08T09:44:07.371-0300][gc,heap        ] GC(151) Heap after GC invocations=152 (full 1): garbage-first heap   total 109568K, used 45688K [0x0000000083000000, 0x0000000100000000)
[2020-09-08T09:44:07.371-0300][gc,heap        ] GC(151)   region size 1024K, 3 young (3072K), 3 survivors (3072K)
[2020-09-08T09:44:07.371-0300][gc,heap        ] GC(151)  Metaspace       used 39932K, capacity 43137K, committed 43392K, reserved 1087488K
[2020-09-08T09:44:07.371-0300][gc,heap        ] GC(151)   class space    used 4460K, capacity 5706K, committed 5760K, reserved 1048576K
[2020-09-08T09:44:07.371-0300][gc             ] GC(151) Pause Young (Normal) (G1 Evacuation Pause) 85M->44M(107M) 13.612ms
[2020-09-08T09:44:07.372-0300][gc,cpu         ] GC(151) User=0.04s Sys=0.00s Real=0.02s
[2020-09-08T09:44:07.380-0300][gc,heap        ] GC(152) Heap before GC invocations=152 (full 1): garbage-first heap   total 109568K, used 45688K [0x0000000083000000, 0x0000000100000000)
[2020-09-08T09:44:07.380-0300][gc,heap        ] GC(152)   region size 1024K, 5 young (5120K), 3 survivors (3072K)
[2020-09-08T09:44:07.380-0300][gc,heap        ] GC(152)  Metaspace       used 39932K, capacity 43137K, committed 43392K, reserved 1087488K
[2020-09-08T09:44:07.380-0300][gc,heap        ] GC(152)   class space    used 4460K, capacity 5706K, committed 5760K, reserved 1048576K
[2020-09-08T09:44:07.380-0300][gc,start       ] GC(152) Pause Young (Concurrent Start) (G1 Humongous Allocation)
[2020-09-08T09:44:07.380-0300][gc,task        ] GC(152) Using 4 workers of 4 for evacuation
[2020-09-08T09:44:07.393-0300][gc,phases      ] GC(152)   Pre Evacuate Collection Set: 0.3ms
[2020-09-08T09:44:07.393-0300][gc,phases      ] GC(152)   Evacuate Collection Set: 10.1ms
[2020-09-08T09:44:07.393-0300][gc,phases      ] GC(152)   Post Evacuate Collection Set: 1.0ms
[2020-09-08T09:44:07.393-0300][gc,phases      ] GC(152)   Other: 1.3ms
[2020-09-08T09:44:07.393-0300][gc,heap        ] GC(152) Eden regions: 2->0(35)
[2020-09-08T09:44:07.393-0300][gc,heap        ] GC(152) Survivor regions: 3->3(6)
[2020-09-08T09:44:07.393-0300][gc,heap        ] GC(152) Old regions: 41->41
[2020-09-08T09:44:07.393-0300][gc,heap        ] GC(152) Humongous regions: 4->4
[2020-09-08T09:44:07.393-0300][gc,metaspace   ] GC(152) Metaspace: 39932K->39932K(1087488K)
[2020-09-08T09:44:07.393-0300][gc,heap        ] GC(152) Heap after GC invocations=153 (full 1): garbage-first heap   total 109568K, used 45509K [0x0000000083000000, 0x0000000100000000)
[2020-09-08T09:44:07.393-0300][gc,heap        ] GC(152)   region size 1024K, 3 young (3072K), 3 survivors (3072K)
[2020-09-08T09:44:07.393-0300][gc,heap        ] GC(152)  Metaspace       used 39932K, capacity 43137K, committed 43392K, reserved 1087488K
[2020-09-08T09:44:07.393-0300][gc,heap        ] GC(152)   class space    used 4460K, capacity 5706K, committed 5760K, reserved 1048576K
[2020-09-08T09:44:07.394-0300][gc             ] GC(152) Pause Young (Concurrent Start) (G1 Humongous Allocation) 46M->44M(107M) 13.110ms
[2020-09-08T09:44:07.394-0300][gc,cpu         ] GC(152) User=0.04s Sys=0.00s Real=0.02s
[2020-09-08T09:44:07.394-0300][gc             ] GC(153) Concurrent Cycle
[2020-09-08T09:44:07.394-0300][gc,marking     ] GC(153) Concurrent Clear Claimed Marks
[2020-09-08T09:44:07.395-0300][gc,marking     ] GC(153) Concurrent Clear Claimed Marks 0.929ms
[2020-09-08T09:44:07.395-0300][gc,marking     ] GC(153) Concurrent Scan Root Regions
[2020-09-08T09:44:07.406-0300][gc,marking     ] GC(153) Concurrent Scan Root Regions 10.610ms
[2020-09-08T09:44:07.406-0300][gc,marking     ] GC(153) Concurrent Mark (504.880s)
[2020-09-08T09:44:07.406-0300][gc,marking     ] GC(153) Concurrent Mark From Roots
[2020-09-08T09:44:07.406-0300][gc,task        ] GC(153) Using 1 workers of 1 for marking
[2020-09-08T09:44:07.649-0300][gc,marking     ] GC(153) Concurrent Mark From Roots 242.683ms
[2020-09-08T09:44:07.649-0300][gc,marking     ] GC(153) Concurrent Preclean
[2020-09-08T09:44:07.649-0300][gc,marking     ] GC(153) Concurrent Preclean 0.265ms
[2020-09-08T09:44:07.649-0300][gc,marking     ] GC(153) Concurrent Mark (504.880s, 505.123s) 243.180ms
[2020-09-08T09:44:07.650-0300][gc,start       ] GC(153) Pause Remark
[2020-09-08T09:44:07.681-0300][gc,stringtable ] GC(153) Cleaned string and symbol table, strings: 22880 processed, 0 removed, symbols: 90708 processed, 0 removed
[2020-09-08T09:44:07.681-0300][gc             ] GC(153) Pause Remark 50M->50M(107M) 31.280ms
[2020-09-08T09:44:07.682-0300][gc,cpu         ] GC(153) User=0.12s Sys=0.00s Real=0.04s
[2020-09-08T09:44:07.682-0300][gc,marking     ] GC(153) Concurrent Rebuild Remembered Sets
[2020-09-08T09:44:07.825-0300][gc,marking     ] GC(153) Concurrent Rebuild Remembered Sets 142.805ms
[2020-09-08T09:44:07.826-0300][gc,start       ] GC(153) Pause Cleanup
[2020-09-08T09:44:07.827-0300][gc             ] GC(153) Pause Cleanup 50M->50M(107M) 0.515ms
[2020-09-08T09:44:07.827-0300][gc,cpu         ] GC(153) User=0.00s Sys=0.00s Real=0.00s
[2020-09-08T09:44:07.827-0300][gc,marking     ] GC(153) Concurrent Cleanup for Next Mark
[2020-09-08T09:44:07.829-0300][gc,marking     ] GC(153) Concurrent Cleanup for Next Mark 1.239ms
[2020-09-08T09:44:07.829-0300][gc             ] GC(153) Concurrent Cycle 434.730ms
[2020-09-08T09:44:16.046-0300][gc,heap        ] GC(154) Heap before GC invocations=154 (full 1): garbage-first heap   total 109568K, used 82373K [0x0000000083000000, 0x0000000100000000)
[2020-09-08T09:44:16.046-0300][gc,heap        ] GC(154)   region size 1024K, 38 young (38912K), 3 survivors (3072K)
[2020-09-08T09:44:16.046-0300][gc,heap        ] GC(154)  Metaspace       used 39933K, capacity 43137K, committed 43392K, reserved 1087488K
[2020-09-08T09:44:16.046-0300][gc,heap        ] GC(154)   class space    used 4460K, capacity 5706K, committed 5760K, reserved 1048576K
[2020-09-08T09:44:16.047-0300][gc,start       ] GC(154) Pause Young (Normal) (G1 Evacuation Pause)
[2020-09-08T09:44:16.047-0300][gc,task        ] GC(154) Using 4 workers of 4 for evacuation
[2020-09-08T09:44:16.065-0300][gc,phases      ] GC(154)   Pre Evacuate Collection Set: 0.1ms
[2020-09-08T09:44:16.065-0300][gc,phases      ] GC(154)   Evacuate Collection Set: 13.7ms
[2020-09-08T09:44:16.065-0300][gc,phases      ] GC(154)   Post Evacuate Collection Set: 3.2ms
[2020-09-08T09:44:16.066-0300][gc,phases      ] GC(154)   Other: 2.3ms
[2020-09-08T09:44:16.066-0300][gc,heap        ] GC(154) Eden regions: 35->0(38)
[2020-09-08T09:44:16.066-0300][gc,heap        ] GC(154) Survivor regions: 3->2(5)
[2020-09-08T09:44:16.066-0300][gc,heap        ] GC(154) Old regions: 41->41
[2020-09-08T09:44:16.066-0300][gc,heap        ] GC(154) Humongous regions: 6->4
[2020-09-08T09:44:16.066-0300][gc,metaspace   ] GC(154) Metaspace: 39933K->39933K(1087488K)
[2020-09-08T09:44:16.066-0300][gc,heap        ] GC(154) Heap after GC invocations=155 (full 1): garbage-first heap   total 109568K, used 44860K [0x0000000083000000, 0x0000000100000000)
[2020-09-08T09:44:16.066-0300][gc,heap        ] GC(154)   region size 1024K, 2 young (2048K), 2 survivors (2048K)
[2020-09-08T09:44:16.066-0300][gc,heap        ] GC(154)  Metaspace       used 39933K, capacity 43137K, committed 43392K, reserved 1087488K
[2020-09-08T09:44:16.066-0300][gc,heap        ] GC(154)   class space    used 4460K, capacity 5706K, committed 5760K, reserved 1048576K
[2020-09-08T09:44:16.066-0300][gc             ] GC(154) Pause Young (Normal) (G1 Evacuation Pause) 81M->43M(107M) 19.530ms
[2020-09-08T09:44:16.067-0300][gc,cpu         ] GC(154) User=0.04s Sys=0.01s Real=0.02s
[2020-09-08T09:44:17.369-0300][gc,heap        ] GC(155) Heap before GC invocations=155 (full 1): garbage-first heap   total 109568K, used 58172K [0x0000000083000000, 0x0000000100000000)
[2020-09-08T09:44:17.369-0300][gc,heap        ] GC(155)   region size 1024K, 17 young (17408K), 2 survivors (2048K)
[2020-09-08T09:44:17.369-0300][gc,heap        ] GC(155)  Metaspace       used 39933K, capacity 43137K, committed 43392K, reserved 1087488K
[2020-09-08T09:44:17.369-0300][gc,heap        ] GC(155)   class space    used 4460K, capacity 5706K, committed 5760K, reserved 1048576K
[2020-09-08T09:44:17.370-0300][gc,start       ] GC(155) Pause Young (Concurrent Start) (G1 Humongous Allocation)
[2020-09-08T09:44:17.370-0300][gc,task        ] GC(155) Using 4 workers of 4 for evacuation
[2020-09-08T09:44:17.385-0300][gc,phases      ] GC(155)   Pre Evacuate Collection Set: 0.3ms
[2020-09-08T09:44:17.385-0300][gc,phases      ] GC(155)   Evacuate Collection Set: 12.5ms
[2020-09-08T09:44:17.385-0300][gc,phases      ] GC(155)   Post Evacuate Collection Set: 1.7ms
[2020-09-08T09:44:17.385-0300][gc,phases      ] GC(155)   Other: 1.2ms
[2020-09-08T09:44:17.385-0300][gc,heap        ] GC(155) Eden regions: 15->0(37)
[2020-09-08T09:44:17.385-0300][gc,heap        ] GC(155) Survivor regions: 2->3(5)
[2020-09-08T09:44:17.385-0300][gc,heap        ] GC(155) Old regions: 41->41
[2020-09-08T09:44:17.385-0300][gc,heap        ] GC(155) Humongous regions: 4->4
[2020-09-08T09:44:17.385-0300][gc,metaspace   ] GC(155) Metaspace: 39933K->39933K(1087488K)
[2020-09-08T09:44:17.386-0300][gc,heap        ] GC(155) Heap after GC invocations=156 (full 1): garbage-first heap   total 109568K, used 45814K [0x0000000083000000, 0x0000000100000000)
[2020-09-08T09:44:17.386-0300][gc,heap        ] GC(155)   region size 1024K, 3 young (3072K), 3 survivors (3072K)
[2020-09-08T09:44:17.386-0300][gc,heap        ] GC(155)  Metaspace       used 39933K, capacity 43137K, committed 43392K, reserved 1087488K
[2020-09-08T09:44:17.386-0300][gc,heap        ] GC(155)   class space    used 4460K, capacity 5706K, committed 5760K, reserved 1048576K
[2020-09-08T09:44:17.386-0300][gc             ] GC(155) Pause Young (Concurrent Start) (G1 Humongous Allocation) 58M->44M(107M) 16.221ms
[2020-09-08T09:44:17.386-0300][gc,cpu         ] GC(155) User=0.04s Sys=0.00s Real=0.02s
[2020-09-08T09:44:17.386-0300][gc             ] GC(156) Concurrent Cycle
[2020-09-08T09:44:17.386-0300][gc,marking     ] GC(156) Concurrent Clear Claimed Marks
[2020-09-08T09:44:17.387-0300][gc,marking     ] GC(156) Concurrent Clear Claimed Marks 0.404ms
[2020-09-08T09:44:17.387-0300][gc,marking     ] GC(156) Concurrent Scan Root Regions
[2020-09-08T09:44:17.401-0300][gc,marking     ] GC(156) Concurrent Scan Root Regions 13.847ms
[2020-09-08T09:44:17.401-0300][gc,marking     ] GC(156) Concurrent Mark (514.874s)
[2020-09-08T09:44:17.401-0300][gc,marking     ] GC(156) Concurrent Mark From Roots
[2020-09-08T09:44:17.401-0300][gc,task        ] GC(156) Using 1 workers of 1 for marking
[2020-09-08T09:44:17.648-0300][gc,marking     ] GC(156) Concurrent Mark From Roots 247.135ms
[2020-09-08T09:44:17.648-0300][gc,marking     ] GC(156) Concurrent Preclean
[2020-09-08T09:44:17.648-0300][gc,marking     ] GC(156) Concurrent Preclean 0.263ms
[2020-09-08T09:44:17.648-0300][gc,marking     ] GC(156) Concurrent Mark (514.874s, 515.122s) 247.645ms
[2020-09-08T09:44:17.650-0300][gc,start       ] GC(156) Pause Remark
[2020-09-08T09:44:17.681-0300][gc,stringtable ] GC(156) Cleaned string and symbol table, strings: 22888 processed, 0 removed, symbols: 90708 processed, 0 removed
[2020-09-08T09:44:17.682-0300][gc             ] GC(156) Pause Remark 50M->50M(107M) 32.431ms
[2020-09-08T09:44:17.682-0300][gc,cpu         ] GC(156) User=0.12s Sys=0.00s Real=0.04s
[2020-09-08T09:44:17.682-0300][gc,marking     ] GC(156) Concurrent Rebuild Remembered Sets
[2020-09-08T09:44:17.829-0300][gc,marking     ] GC(156) Concurrent Rebuild Remembered Sets 147.057ms
[2020-09-08T09:44:17.831-0300][gc,start       ] GC(156) Pause Cleanup
[2020-09-08T09:44:17.831-0300][gc             ] GC(156) Pause Cleanup 50M->50M(107M) 0.516ms
[2020-09-08T09:44:17.831-0300][gc,cpu         ] GC(156) User=0.00s Sys=0.00s Real=0.01s
[2020-09-08T09:44:17.832-0300][gc,marking     ] GC(156) Concurrent Cleanup for Next Mark
[2020-09-08T09:44:17.833-0300][gc,marking     ] GC(156) Concurrent Cleanup for Next Mark 1.359ms
[2020-09-08T09:44:17.833-0300][gc             ] GC(156) Concurrent Cycle 446.814ms
[2020-09-08T09:44:27.125-0300][gc,heap        ] GC(157) Heap before GC invocations=157 (full 1): garbage-first heap   total 109568K, used 84726K [0x0000000083000000, 0x0000000100000000)
[2020-09-08T09:44:27.125-0300][gc,heap        ] GC(157)   region size 1024K, 40 young (40960K), 3 survivors (3072K)
[2020-09-08T09:44:27.125-0300][gc,heap        ] GC(157)  Metaspace       used 39936K, capacity 43137K, committed 43392K, reserved 1087488K
[2020-09-08T09:44:27.125-0300][gc,heap        ] GC(157)   class space    used 4460K, capacity 5706K, committed 5760K, reserved 1048576K
[2020-09-08T09:44:27.126-0300][gc,start       ] GC(157) Pause Young (Prepare Mixed) (G1 Evacuation Pause)
[2020-09-08T09:44:27.126-0300][gc,task        ] GC(157) Using 4 workers of 4 for evacuation
[2020-09-08T09:44:27.143-0300][gc,phases      ] GC(157)   Pre Evacuate Collection Set: 0.1ms
[2020-09-08T09:44:27.143-0300][gc,phases      ] GC(157)   Evacuate Collection Set: 13.6ms
[2020-09-08T09:44:27.143-0300][gc,phases      ] GC(157)   Post Evacuate Collection Set: 2.8ms
[2020-09-08T09:44:27.143-0300][gc,phases      ] GC(157)   Other: 1.4ms
[2020-09-08T09:44:27.143-0300][gc,heap        ] GC(157) Eden regions: 37->0(2)
[2020-09-08T09:44:27.144-0300][gc,heap        ] GC(157) Survivor regions: 3->3(5)
[2020-09-08T09:44:27.144-0300][gc,heap        ] GC(157) Old regions: 41->41
[2020-09-08T09:44:27.144-0300][gc,heap        ] GC(157) Humongous regions: 6->4
[2020-09-08T09:44:27.144-0300][gc,metaspace   ] GC(157) Metaspace: 39936K->39936K(1087488K)
[2020-09-08T09:44:27.144-0300][gc,heap        ] GC(157) Heap after GC invocations=158 (full 1): garbage-first heap   total 109568K, used 45465K [0x0000000083000000, 0x0000000100000000)
[2020-09-08T09:44:27.144-0300][gc,heap        ] GC(157)   region size 1024K, 3 young (3072K), 3 survivors (3072K)
[2020-09-08T09:44:27.144-0300][gc,heap        ] GC(157)  Metaspace       used 39936K, capacity 43137K, committed 43392K, reserved 1087488K
[2020-09-08T09:44:27.144-0300][gc,heap        ] GC(157)   class space    used 4460K, capacity 5706K, committed 5760K, reserved 1048576K
[2020-09-08T09:44:27.144-0300][gc             ] GC(157) Pause Young (Prepare Mixed) (G1 Evacuation Pause) 83M->44M(107M) 18.542ms
[2020-09-08T09:44:27.145-0300][gc,cpu         ] GC(157) User=0.04s Sys=0.00s Real=0.02s
[2020-09-08T09:44:27.293-0300][gc,heap        ] GC(158) Heap before GC invocations=158 (full 1): garbage-first heap   total 109568K, used 47513K [0x0000000083000000, 0x0000000100000000)
[2020-09-08T09:44:27.293-0300][gc,heap        ] GC(158)   region size 1024K, 5 young (5120K), 3 survivors (3072K)
[2020-09-08T09:44:27.293-0300][gc,heap        ] GC(158)  Metaspace       used 39936K, capacity 43137K, committed 43392K, reserved 1087488K
[2020-09-08T09:44:27.293-0300][gc,heap        ] GC(158)   class space    used 4460K, capacity 5706K, committed 5760K, reserved 1048576K
[2020-09-08T09:44:27.293-0300][gc,start       ] GC(158) Pause Young (Mixed) (G1 Evacuation Pause)
[2020-09-08T09:44:27.293-0300][gc,task        ] GC(158) Using 4 workers of 4 for evacuation
[2020-09-08T09:44:27.305-0300][gc,phases      ] GC(158)   Pre Evacuate Collection Set: 0.1ms
[2020-09-08T09:44:27.306-0300][gc,phases      ] GC(158)   Evacuate Collection Set: 10.3ms
[2020-09-08T09:44:27.306-0300][gc,phases      ] GC(158)   Post Evacuate Collection Set: 1.5ms
[2020-09-08T09:44:27.306-0300][gc,phases      ] GC(158)   Other: 1.1ms
[2020-09-08T09:44:27.306-0300][gc,heap        ] GC(158) Eden regions: 2->0(40)
[2020-09-08T09:44:27.306-0300][gc,heap        ] GC(158) Survivor regions: 3->1(1)
[2020-09-08T09:44:27.306-0300][gc,heap        ] GC(158) Old regions: 41->42
[2020-09-08T09:44:27.306-0300][gc,heap        ] GC(158) Humongous regions: 4->4
[2020-09-08T09:44:27.306-0300][gc,metaspace   ] GC(158) Metaspace: 39936K->39936K(1087488K)
[2020-09-08T09:44:27.306-0300][gc,heap        ] GC(158) Heap after GC invocations=159 (full 1): garbage-first heap   total 109568K, used 45094K [0x0000000083000000, 0x0000000100000000)
[2020-09-08T09:44:27.306-0300][gc,heap        ] GC(158)   region size 1024K, 1 young (1024K), 1 survivors (1024K)
[2020-09-08T09:44:27.306-0300][gc,heap        ] GC(158)  Metaspace       used 39936K, capacity 43137K, committed 43392K, reserved 1087488K
[2020-09-08T09:44:27.306-0300][gc,heap        ] GC(158)   class space    used 4460K, capacity 5706K, committed 5760K, reserved 1048576K
[2020-09-08T09:44:27.306-0300][gc             ] GC(158) Pause Young (Mixed) (G1 Evacuation Pause) 46M->44M(107M) 13.293ms
[2020-09-08T09:44:27.306-0300][gc,cpu         ] GC(158) User=0.04s Sys=0.00s Real=0.01s
[2020-09-08T09:44:37.391-0300][gc,heap        ] GC(159) Heap before GC invocations=159 (full 1): garbage-first heap   total 109568K, used 87078K [0x0000000083000000, 0x0000000100000000)
[2020-09-08T09:44:37.391-0300][gc,heap        ] GC(159)   region size 1024K, 41 young (41984K), 1 survivors (1024K)
[2020-09-08T09:44:37.391-0300][gc,heap        ] GC(159)  Metaspace       used 39936K, capacity 43137K, committed 43392K, reserved 1087488K
[2020-09-08T09:44:37.391-0300][gc,heap        ] GC(159)   class space    used 4460K, capacity 5706K, committed 5760K, reserved 1048576K
[2020-09-08T09:44:37.392-0300][gc,start       ] GC(159) Pause Young (Normal) (G1 Evacuation Pause)
[2020-09-08T09:44:37.392-0300][gc,task        ] GC(159) Using 4 workers of 4 for evacuation
[2020-09-08T09:44:37.411-0300][gc,phases      ] GC(159)   Pre Evacuate Collection Set: 0.1ms
[2020-09-08T09:44:37.411-0300][gc,phases      ] GC(159)   Evacuate Collection Set: 16.6ms
[2020-09-08T09:44:37.411-0300][gc,phases      ] GC(159)   Post Evacuate Collection Set: 2.3ms
[2020-09-08T09:44:37.412-0300][gc,phases      ] GC(159)   Other: 1.5ms
[2020-09-08T09:44:37.412-0300][gc,heap        ] GC(159) Eden regions: 40->0(40)
[2020-09-08T09:44:37.412-0300][gc,heap        ] GC(159) Survivor regions: 1->2(6)
[2020-09-08T09:44:37.412-0300][gc,heap        ] GC(159) Old regions: 42->42
[2020-09-08T09:44:37.412-0300][gc,heap        ] GC(159) Humongous regions: 6->4
[2020-09-08T09:44:37.412-0300][gc,metaspace   ] GC(159) Metaspace: 39936K->39936K(1087488K)
[2020-09-08T09:44:37.412-0300][gc,heap        ] GC(159) Heap after GC invocations=160 (full 1): garbage-first heap   total 109568K, used 46284K [0x0000000083000000, 0x0000000100000000)
[2020-09-08T09:44:37.412-0300][gc,heap        ] GC(159)   region size 1024K, 2 young (2048K), 2 survivors (2048K)
[2020-09-08T09:44:37.412-0300][gc,heap        ] GC(159)  Metaspace       used 39936K, capacity 43137K, committed 43392K, reserved 1087488K
[2020-09-08T09:44:37.412-0300][gc,heap        ] GC(159)   class space    used 4460K, capacity 5706K, committed 5760K, reserved 1048576K
[2020-09-08T09:44:37.412-0300][gc             ] GC(159) Pause Young (Normal) (G1 Evacuation Pause) 86M->45M(107M) 20.691ms
[2020-09-08T09:44:37.412-0300][gc,cpu         ] GC(159) User=0.04s Sys=0.00s Real=0.02s
[2020-09-08T09:44:37.476-0300][gc,heap        ] GC(160) Heap before GC invocations=160 (full 1): garbage-first heap   total 109568K, used 54476K [0x0000000083000000, 0x0000000100000000)
[2020-09-08T09:44:37.476-0300][gc,heap        ] GC(160)   region size 1024K, 12 young (12288K), 2 survivors (2048K)
[2020-09-08T09:44:37.476-0300][gc,heap        ] GC(160)  Metaspace       used 39936K, capacity 43137K, committed 43392K, reserved 1087488K
[2020-09-08T09:44:37.476-0300][gc,heap        ] GC(160)   class space    used 4460K, capacity 5706K, committed 5760K, reserved 1048576K
[2020-09-08T09:44:37.477-0300][gc,start       ] GC(160) Pause Young (Concurrent Start) (G1 Humongous Allocation)
[2020-09-08T09:44:37.477-0300][gc,task        ] GC(160) Using 4 workers of 4 for evacuation
[2020-09-08T09:44:37.495-0300][gc,phases      ] GC(160)   Pre Evacuate Collection Set: 0.4ms
[2020-09-08T09:44:37.495-0300][gc,phases      ] GC(160)   Evacuate Collection Set: 13.5ms
[2020-09-08T09:44:37.495-0300][gc,phases      ] GC(160)   Post Evacuate Collection Set: 3.5ms
[2020-09-08T09:44:37.495-0300][gc,phases      ] GC(160)   Other: 1.4ms
[2020-09-08T09:44:37.495-0300][gc,heap        ] GC(160) Eden regions: 10->0(33)
[2020-09-08T09:44:37.495-0300][gc,heap        ] GC(160) Survivor regions: 2->2(6)
[2020-09-08T09:44:37.495-0300][gc,heap        ] GC(160) Old regions: 42->42
[2020-09-08T09:44:37.495-0300][gc,heap        ] GC(160) Humongous regions: 4->4
[2020-09-08T09:44:37.495-0300][gc,metaspace   ] GC(160) Metaspace: 39936K->39936K(1087488K)
[2020-09-08T09:44:37.495-0300][gc,heap        ] GC(160) Heap after GC invocations=161 (full 1): garbage-first heap   total 109568K, used 46636K [0x0000000083000000, 0x0000000100000000)
[2020-09-08T09:44:37.496-0300][gc,heap        ] GC(160)   region size 1024K, 2 young (2048K), 2 survivors (2048K)
[2020-09-08T09:44:37.496-0300][gc,heap        ] GC(160)  Metaspace       used 39936K, capacity 43137K, committed 43392K, reserved 1087488K
[2020-09-08T09:44:37.496-0300][gc,heap        ] GC(160)   class space    used 4460K, capacity 5706K, committed 5760K, reserved 1048576K
[2020-09-08T09:44:37.496-0300][gc             ] GC(160) Pause Young (Concurrent Start) (G1 Humongous Allocation) 54M->45M(107M) 19.188ms
[2020-09-08T09:44:37.496-0300][gc,cpu         ] GC(160) User=0.04s Sys=0.01s Real=0.02s
[2020-09-08T09:44:37.496-0300][gc             ] GC(161) Concurrent Cycle
[2020-09-08T09:44:37.496-0300][gc,marking     ] GC(161) Concurrent Clear Claimed Marks
[2020-09-08T09:44:37.497-0300][gc,marking     ] GC(161) Concurrent Clear Claimed Marks 0.705ms
[2020-09-08T09:44:37.497-0300][gc,marking     ] GC(161) Concurrent Scan Root Regions
[2020-09-08T09:44:37.507-0300][gc,marking     ] GC(161) Concurrent Scan Root Regions 9.933ms
[2020-09-08T09:44:37.507-0300][gc,marking     ] GC(161) Concurrent Mark (534.981s)
[2020-09-08T09:44:37.507-0300][gc,marking     ] GC(161) Concurrent Mark From Roots
[2020-09-08T09:44:37.507-0300][gc,task        ] GC(161) Using 1 workers of 1 for marking
[2020-09-08T09:44:37.789-0300][gc,marking     ] GC(161) Concurrent Mark From Roots 281.475ms
[2020-09-08T09:44:37.789-0300][gc,marking     ] GC(161) Concurrent Preclean
[2020-09-08T09:44:37.789-0300][gc,marking     ] GC(161) Concurrent Preclean 0.377ms
[2020-09-08T09:44:37.789-0300][gc,marking     ] GC(161) Concurrent Mark (534.981s, 535.263s) 282.140ms
[2020-09-08T09:44:37.791-0300][gc,start       ] GC(161) Pause Remark
[2020-09-08T09:44:37.836-0300][gc,stringtable ] GC(161) Cleaned string and symbol table, strings: 22912 processed, 1 removed, symbols: 90708 processed, 0 removed
[2020-09-08T09:44:37.837-0300][gc             ] GC(161) Pause Remark 49M->49M(107M) 45.703ms
[2020-09-08T09:44:37.837-0300][gc,cpu         ] GC(161) User=0.13s Sys=0.00s Real=0.04s
[2020-09-08T09:44:37.837-0300][gc,marking     ] GC(161) Concurrent Rebuild Remembered Sets
[2020-09-08T09:44:37.993-0300][gc,marking     ] GC(161) Concurrent Rebuild Remembered Sets 155.961ms
[2020-09-08T09:44:37.995-0300][gc,start       ] GC(161) Pause Cleanup
[2020-09-08T09:44:37.995-0300][gc             ] GC(161) Pause Cleanup 49M->49M(107M) 0.515ms
[2020-09-08T09:44:37.995-0300][gc,cpu         ] GC(161) User=0.00s Sys=0.00s Real=0.00s
[2020-09-08T09:44:37.996-0300][gc,marking     ] GC(161) Concurrent Cleanup for Next Mark
[2020-09-08T09:44:37.997-0300][gc,marking     ] GC(161) Concurrent Cleanup for Next Mark 1.481ms
[2020-09-08T09:44:37.997-0300][gc             ] GC(161) Concurrent Cycle 501.186ms
[2020-09-08T09:44:46.710-0300][gc,heap        ] GC(162) Heap before GC invocations=162 (full 1): garbage-first heap   total 109568K, used 81452K [0x0000000083000000, 0x0000000100000000)
[2020-09-08T09:44:46.711-0300][gc,heap        ] GC(162)   region size 1024K, 35 young (35840K), 2 survivors (2048K)
[2020-09-08T09:44:46.711-0300][gc,heap        ] GC(162)  Metaspace       used 39937K, capacity 43137K, committed 43392K, reserved 1087488K
[2020-09-08T09:44:46.711-0300][gc,heap        ] GC(162)   class space    used 4460K, capacity 5706K, committed 5760K, reserved 1048576K
[2020-09-08T09:44:46.711-0300][gc,start       ] GC(162) Pause Young (Prepare Mixed) (G1 Evacuation Pause)
[2020-09-08T09:44:46.711-0300][gc,task        ] GC(162) Using 4 workers of 4 for evacuation
[2020-09-08T09:44:46.726-0300][gc,phases      ] GC(162)   Pre Evacuate Collection Set: 0.1ms
[2020-09-08T09:44:46.726-0300][gc,phases      ] GC(162)   Evacuate Collection Set: 11.5ms
[2020-09-08T09:44:46.726-0300][gc,phases      ] GC(162)   Post Evacuate Collection Set: 2.5ms
[2020-09-08T09:44:46.726-0300][gc,phases      ] GC(162)   Other: 1.7ms
[2020-09-08T09:44:46.727-0300][gc,heap        ] GC(162) Eden regions: 33->0(4)
[2020-09-08T09:44:46.727-0300][gc,heap        ] GC(162) Survivor regions: 2->1(5)
[2020-09-08T09:44:46.727-0300][gc,heap        ] GC(162) Old regions: 42->42
[2020-09-08T09:44:46.727-0300][gc,heap        ] GC(162) Humongous regions: 6->4
[2020-09-08T09:44:46.727-0300][gc,metaspace   ] GC(162) Metaspace: 39937K->39937K(1087488K)
[2020-09-08T09:44:46.727-0300][gc,heap        ] GC(162) Heap after GC invocations=163 (full 1): garbage-first heap   total 109568K, used 45700K [0x0000000083000000, 0x0000000100000000)
[2020-09-08T09:44:46.727-0300][gc,heap        ] GC(162)   region size 1024K, 1 young (1024K), 1 survivors (1024K)
[2020-09-08T09:44:46.727-0300][gc,heap        ] GC(162)  Metaspace       used 39937K, capacity 43137K, committed 43392K, reserved 1087488K
[2020-09-08T09:44:46.727-0300][gc,heap        ] GC(162)   class space    used 4460K, capacity 5706K, committed 5760K, reserved 1048576K
[2020-09-08T09:44:46.727-0300][gc             ] GC(162) Pause Young (Prepare Mixed) (G1 Evacuation Pause) 80M->44M(107M) 15.883ms
[2020-09-08T09:44:46.727-0300][gc,cpu         ] GC(162) User=0.04s Sys=0.00s Real=0.01s
[2020-09-08T09:44:47.182-0300][gc,heap        ] GC(163) Heap before GC invocations=163 (full 1): garbage-first heap   total 109568K, used 48772K [0x0000000083000000, 0x0000000100000000)
[2020-09-08T09:44:47.182-0300][gc,heap        ] GC(163)   region size 1024K, 5 young (5120K), 1 survivors (1024K)
[2020-09-08T09:44:47.182-0300][gc,heap        ] GC(163)  Metaspace       used 39937K, capacity 43137K, committed 43392K, reserved 1087488K
[2020-09-08T09:44:47.182-0300][gc,heap        ] GC(163)   class space    used 4460K, capacity 5706K, committed 5760K, reserved 1048576K
[2020-09-08T09:44:47.182-0300][gc,start       ] GC(163) Pause Young (Mixed) (G1 Evacuation Pause)
[2020-09-08T09:44:47.182-0300][gc,task        ] GC(163) Using 4 workers of 4 for evacuation
[2020-09-08T09:44:47.198-0300][gc,phases      ] GC(163)   Pre Evacuate Collection Set: 0.1ms
[2020-09-08T09:44:47.199-0300][gc,phases      ] GC(163)   Evacuate Collection Set: 13.9ms
[2020-09-08T09:44:47.199-0300][gc,phases      ] GC(163)   Post Evacuate Collection Set: 1.8ms
[2020-09-08T09:44:47.199-0300][gc,phases      ] GC(163)   Other: 1.2ms
[2020-09-08T09:44:47.199-0300][gc,heap        ] GC(163) Eden regions: 4->0(35)
[2020-09-08T09:44:47.199-0300][gc,heap        ] GC(163) Survivor regions: 1->1(1)
[2020-09-08T09:44:47.199-0300][gc,heap        ] GC(163) Old regions: 42->42
[2020-09-08T09:44:47.199-0300][gc,heap        ] GC(163) Humongous regions: 4->4
[2020-09-08T09:44:47.199-0300][gc,metaspace   ] GC(163) Metaspace: 39937K->39937K(1087488K)
[2020-09-08T09:44:47.199-0300][gc,heap        ] GC(163) Heap after GC invocations=164 (full 1): garbage-first heap   total 109568K, used 45481K [0x0000000083000000, 0x0000000100000000)
[2020-09-08T09:44:47.199-0300][gc,heap        ] GC(163)   region size 1024K, 1 young (1024K), 1 survivors (1024K)
[2020-09-08T09:44:47.199-0300][gc,heap        ] GC(163)  Metaspace       used 39937K, capacity 43137K, committed 43392K, reserved 1087488K
[2020-09-08T09:44:47.199-0300][gc,heap        ] GC(163)   class space    used 4460K, capacity 5706K, committed 5760K, reserved 1048576K
[2020-09-08T09:44:47.199-0300][gc             ] GC(163) Pause Young (Mixed) (G1 Evacuation Pause) 48M->44M(107M) 17.250ms
[2020-09-08T09:44:47.199-0300][gc,cpu         ] GC(163) User=0.04s Sys=0.01s Real=0.01s
[2020-09-08T09:44:57.178-0300][gc,heap        ] GC(164) Heap before GC invocations=164 (full 1): garbage-first heap   total 109568K, used 82345K [0x0000000083000000, 0x0000000100000000)
[2020-09-08T09:44:57.178-0300][gc,heap        ] GC(164)   region size 1024K, 36 young (36864K), 1 survivors (1024K)
[2020-09-08T09:44:57.178-0300][gc,heap        ] GC(164)  Metaspace       used 39938K, capacity 43137K, committed 43392K, reserved 1087488K
[2020-09-08T09:44:57.178-0300][gc,heap        ] GC(164)   class space    used 4460K, capacity 5706K, committed 5760K, reserved 1048576K
[2020-09-08T09:44:57.178-0300][gc,start       ] GC(164) Pause Young (Normal) (G1 Evacuation Pause)
[2020-09-08T09:44:57.178-0300][gc,task        ] GC(164) Using 4 workers of 4 for evacuation
[2020-09-08T09:44:57.188-0300][gc,phases      ] GC(164)   Pre Evacuate Collection Set: 0.1ms
[2020-09-08T09:44:57.188-0300][gc,phases      ] GC(164)   Evacuate Collection Set: 6.8ms
[2020-09-08T09:44:57.188-0300][gc,phases      ] GC(164)   Post Evacuate Collection Set: 2.1ms
[2020-09-08T09:44:57.188-0300][gc,phases      ] GC(164)   Other: 1.1ms
[2020-09-08T09:44:57.188-0300][gc,heap        ] GC(164) Eden regions: 35->0(37)
[2020-09-08T09:44:57.188-0300][gc,heap        ] GC(164) Survivor regions: 1->1(5)
[2020-09-08T09:44:57.189-0300][gc,heap        ] GC(164) Old regions: 42->42
[2020-09-08T09:44:57.189-0300][gc,heap        ] GC(164) Humongous regions: 6->4
[2020-09-08T09:44:57.189-0300][gc,metaspace   ] GC(164) Metaspace: 39938K->39938K(1087488K)
[2020-09-08T09:44:57.189-0300][gc,heap        ] GC(164) Heap after GC invocations=165 (full 1): garbage-first heap   total 109568K, used 45849K [0x0000000083000000, 0x0000000100000000)
[2020-09-08T09:44:57.189-0300][gc,heap        ] GC(164)   region size 1024K, 1 young (1024K), 1 survivors (1024K)
[2020-09-08T09:44:57.189-0300][gc,heap        ] GC(164)  Metaspace       used 39938K, capacity 43137K, committed 43392K, reserved 1087488K
[2020-09-08T09:44:57.189-0300][gc,heap        ] GC(164)   class space    used 4460K, capacity 5706K, committed 5760K, reserved 1048576K
[2020-09-08T09:44:57.189-0300][gc             ] GC(164) Pause Young (Normal) (G1 Evacuation Pause) 81M->44M(107M) 10.611ms
[2020-09-08T09:44:57.189-0300][gc,cpu         ] GC(164) User=0.02s Sys=0.01s Real=0.01s
[2020-09-08T09:44:57.391-0300][gc,heap        ] GC(165) Heap before GC invocations=165 (full 1): garbage-first heap   total 109568K, used 53017K [0x0000000083000000, 0x0000000100000000)
[2020-09-08T09:44:57.391-0300][gc,heap        ] GC(165)   region size 1024K, 10 young (10240K), 1 survivors (1024K)
[2020-09-08T09:44:57.391-0300][gc,heap        ] GC(165)  Metaspace       used 39938K, capacity 43137K, committed 43392K, reserved 1087488K
[2020-09-08T09:44:57.391-0300][gc,heap        ] GC(165)   class space    used 4460K, capacity 5706K, committed 5760K, reserved 1048576K
[2020-09-08T09:44:57.391-0300][gc,start       ] GC(165) Pause Young (Concurrent Start) (G1 Humongous Allocation)
[2020-09-08T09:44:57.391-0300][gc,task        ] GC(165) Using 4 workers of 4 for evacuation
[2020-09-08T09:44:57.410-0300][gc,phases      ] GC(165)   Pre Evacuate Collection Set: 0.3ms
[2020-09-08T09:44:57.410-0300][gc,phases      ] GC(165)   Evacuate Collection Set: 16.1ms
[2020-09-08T09:44:57.410-0300][gc,phases      ] GC(165)   Post Evacuate Collection Set: 1.6ms
[2020-09-08T09:44:57.411-0300][gc,phases      ] GC(165)   Other: 1.2ms
[2020-09-08T09:44:57.411-0300][gc,heap        ] GC(165) Eden regions: 9->0(28)
[2020-09-08T09:44:57.411-0300][gc,heap        ] GC(165) Survivor regions: 1->2(5)
[2020-09-08T09:44:57.411-0300][gc,heap        ] GC(165) Old regions: 42->42
[2020-09-08T09:44:57.411-0300][gc,heap        ] GC(165) Humongous regions: 4->4
[2020-09-08T09:44:57.411-0300][gc,metaspace   ] GC(165) Metaspace: 39938K->39938K(1087488K)
[2020-09-08T09:44:57.411-0300][gc,heap        ] GC(165) Heap after GC invocations=166 (full 1): garbage-first heap   total 109568K, used 46795K [0x0000000083000000, 0x0000000100000000)
[2020-09-08T09:44:57.411-0300][gc,heap        ] GC(165)   region size 1024K, 2 young (2048K), 2 survivors (2048K)
[2020-09-08T09:44:57.411-0300][gc,heap        ] GC(165)  Metaspace       used 39938K, capacity 43137K, committed 43392K, reserved 1087488K
[2020-09-08T09:44:57.411-0300][gc,heap        ] GC(165)   class space    used 4460K, capacity 5706K, committed 5760K, reserved 1048576K
[2020-09-08T09:44:57.411-0300][gc             ] GC(165) Pause Young (Concurrent Start) (G1 Humongous Allocation) 53M->45M(107M) 19.686ms
[2020-09-08T09:44:57.411-0300][gc,cpu         ] GC(165) User=0.05s Sys=0.00s Real=0.02s
[2020-09-08T09:44:57.411-0300][gc             ] GC(166) Concurrent Cycle
[2020-09-08T09:44:57.412-0300][gc,marking     ] GC(166) Concurrent Clear Claimed Marks
[2020-09-08T09:44:57.412-0300][gc,marking     ] GC(166) Concurrent Clear Claimed Marks 0.738ms
[2020-09-08T09:44:57.412-0300][gc,marking     ] GC(166) Concurrent Scan Root Regions
[2020-09-08T09:44:57.420-0300][gc,marking     ] GC(166) Concurrent Scan Root Regions 7.674ms
[2020-09-08T09:44:57.420-0300][gc,marking     ] GC(166) Concurrent Mark (554.894s)
[2020-09-08T09:44:57.420-0300][gc,marking     ] GC(166) Concurrent Mark From Roots
[2020-09-08T09:44:57.420-0300][gc,task        ] GC(166) Using 1 workers of 1 for marking
[2020-09-08T09:44:57.679-0300][gc,marking     ] GC(166) Concurrent Mark From Roots 259.104ms
[2020-09-08T09:44:57.680-0300][gc,marking     ] GC(166) Concurrent Preclean
[2020-09-08T09:44:57.680-0300][gc,marking     ] GC(166) Concurrent Preclean 0.435ms
[2020-09-08T09:44:57.680-0300][gc,marking     ] GC(166) Concurrent Mark (554.894s, 555.154s) 259.766ms
[2020-09-08T09:44:57.681-0300][gc,start       ] GC(166) Pause Remark
[2020-09-08T09:44:57.712-0300][gc,stringtable ] GC(166) Cleaned string and symbol table, strings: 22911 processed, 0 removed, symbols: 90708 processed, 0 removed
[2020-09-08T09:44:57.713-0300][gc             ] GC(166) Pause Remark 51M->51M(107M) 31.739ms
[2020-09-08T09:44:57.713-0300][gc,cpu         ] GC(166) User=0.11s Sys=0.00s Real=0.03s
[2020-09-08T09:44:57.714-0300][gc,marking     ] GC(166) Concurrent Rebuild Remembered Sets
[2020-09-08T09:44:57.877-0300][gc,marking     ] GC(166) Concurrent Rebuild Remembered Sets 163.104ms
[2020-09-08T09:44:57.878-0300][gc,start       ] GC(166) Pause Cleanup
[2020-09-08T09:44:57.878-0300][gc             ] GC(166) Pause Cleanup 52M->52M(107M) 0.468ms
[2020-09-08T09:44:57.879-0300][gc,cpu         ] GC(166) User=0.00s Sys=0.00s Real=0.00s
[2020-09-08T09:44:57.879-0300][gc,marking     ] GC(166) Concurrent Cleanup for Next Mark
[2020-09-08T09:44:57.880-0300][gc,marking     ] GC(166) Concurrent Cleanup for Next Mark 1.277ms
[2020-09-08T09:44:57.880-0300][gc             ] GC(166) Concurrent Cycle 468.983ms
[2020-09-08T09:45:07.422-0300][gc,heap        ] GC(167) Heap before GC invocations=167 (full 1): garbage-first heap   total 109568K, used 76491K [0x0000000083000000, 0x0000000100000000)
[2020-09-08T09:45:07.422-0300][gc,heap        ] GC(167)   region size 1024K, 30 young (30720K), 2 survivors (2048K)
[2020-09-08T09:45:07.422-0300][gc,heap        ] GC(167)  Metaspace       used 39965K, capacity 43218K, committed 43392K, reserved 1087488K
[2020-09-08T09:45:07.422-0300][gc,heap        ] GC(167)   class space    used 4460K, capacity 5706K, committed 5760K, reserved 1048576K
[2020-09-08T09:45:07.422-0300][gc,start       ] GC(167) Pause Young (Prepare Mixed) (G1 Evacuation Pause)
[2020-09-08T09:45:07.422-0300][gc,task        ] GC(167) Using 4 workers of 4 for evacuation
[2020-09-08T09:45:07.435-0300][gc,phases      ] GC(167)   Pre Evacuate Collection Set: 0.1ms
[2020-09-08T09:45:07.435-0300][gc,phases      ] GC(167)   Evacuate Collection Set: 10.0ms
[2020-09-08T09:45:07.435-0300][gc,phases      ] GC(167)   Post Evacuate Collection Set: 2.7ms
[2020-09-08T09:45:07.436-0300][gc,phases      ] GC(167)   Other: 1.1ms
[2020-09-08T09:45:07.436-0300][gc,heap        ] GC(167) Eden regions: 28->0(2)
[2020-09-08T09:45:07.436-0300][gc,heap        ] GC(167) Survivor regions: 2->3(4)
[2020-09-08T09:45:07.436-0300][gc,heap        ] GC(167) Old regions: 42->42
[2020-09-08T09:45:07.436-0300][gc,heap        ] GC(167) Humongous regions: 6->4
[2020-09-08T09:45:07.436-0300][gc,metaspace   ] GC(167) Metaspace: 39965K->39965K(1087488K)
[2020-09-08T09:45:07.436-0300][gc,heap        ] GC(167) Heap after GC invocations=168 (full 1): garbage-first heap   total 109568K, used 47339K [0x0000000083000000, 0x0000000100000000)
[2020-09-08T09:45:07.436-0300][gc,heap        ] GC(167)   region size 1024K, 3 young (3072K), 3 survivors (3072K)
[2020-09-08T09:45:07.436-0300][gc,heap        ] GC(167)  Metaspace       used 39965K, capacity 43218K, committed 43392K, reserved 1087488K
[2020-09-08T09:45:07.436-0300][gc,heap        ] GC(167)   class space    used 4460K, capacity 5706K, committed 5760K, reserved 1048576K
[2020-09-08T09:45:07.436-0300][gc             ] GC(167) Pause Young (Prepare Mixed) (G1 Evacuation Pause) 75M->46M(107M) 14.137ms
[2020-09-08T09:45:07.436-0300][gc,cpu         ] GC(167) User=0.04s Sys=0.01s Real=0.01s
[2020-09-08T09:45:07.445-0300][gc,heap        ] GC(168) Heap before GC invocations=168 (full 1): garbage-first heap   total 109568K, used 49387K [0x0000000083000000, 0x0000000100000000)
[2020-09-08T09:45:07.445-0300][gc,heap        ] GC(168)   region size 1024K, 5 young (5120K), 3 survivors (3072K)
[2020-09-08T09:45:07.446-0300][gc,heap        ] GC(168)  Metaspace       used 39965K, capacity 43218K, committed 43392K, reserved 1087488K
[2020-09-08T09:45:07.446-0300][gc,heap        ] GC(168)   class space    used 4460K, capacity 5706K, committed 5760K, reserved 1048576K
[2020-09-08T09:45:07.446-0300][gc,start       ] GC(168) Pause Young (Mixed) (G1 Evacuation Pause)
[2020-09-08T09:45:07.446-0300][gc,task        ] GC(168) Using 4 workers of 4 for evacuation
[2020-09-08T09:45:07.460-0300][gc,phases      ] GC(168)   Pre Evacuate Collection Set: 0.1ms
[2020-09-08T09:45:07.460-0300][gc,phases      ] GC(168)   Evacuate Collection Set: 11.7ms
[2020-09-08T09:45:07.460-0300][gc,phases      ] GC(168)   Post Evacuate Collection Set: 1.3ms
[2020-09-08T09:45:07.460-0300][gc,phases      ] GC(168)   Other: 1.4ms
[2020-09-08T09:45:07.460-0300][gc,heap        ] GC(168) Eden regions: 2->0(29)
[2020-09-08T09:45:07.460-0300][gc,heap        ] GC(168) Survivor regions: 3->1(1)
[2020-09-08T09:45:07.460-0300][gc,heap        ] GC(168) Old regions: 42->44
[2020-09-08T09:45:07.460-0300][gc,heap        ] GC(168) Humongous regions: 5->5
[2020-09-08T09:45:07.460-0300][gc,metaspace   ] GC(168) Metaspace: 39965K->39965K(1087488K)
[2020-09-08T09:45:07.460-0300][gc,heap        ] GC(168) Heap after GC invocations=169 (full 1): garbage-first heap   total 109568K, used 47438K [0x0000000083000000, 0x0000000100000000)
[2020-09-08T09:45:07.460-0300][gc,heap        ] GC(168)   region size 1024K, 1 young (1024K), 1 survivors (1024K)
[2020-09-08T09:45:07.460-0300][gc,heap        ] GC(168)  Metaspace       used 39965K, capacity 43218K, committed 43392K, reserved 1087488K
[2020-09-08T09:45:07.460-0300][gc,heap        ] GC(168)   class space    used 4460K, capacity 5706K, committed 5760K, reserved 1048576K
[2020-09-08T09:45:07.461-0300][gc             ] GC(168) Pause Young (Mixed) (G1 Evacuation Pause) 49M->46M(107M) 14.469ms
[2020-09-08T09:45:07.461-0300][gc,cpu         ] GC(168) User=0.05s Sys=0.00s Real=0.01s
[2020-09-08T09:45:17.195-0300][gc,heap        ] GC(169) Heap before GC invocations=169 (full 1): garbage-first heap   total 109568K, used 77134K [0x0000000083000000, 0x0000000100000000)
[2020-09-08T09:45:17.195-0300][gc,heap        ] GC(169)   region size 1024K, 30 young (30720K), 1 survivors (1024K)
[2020-09-08T09:45:17.195-0300][gc,heap        ] GC(169)  Metaspace       used 39991K, capacity 43218K, committed 43392K, reserved 1087488K
[2020-09-08T09:45:17.195-0300][gc,heap        ] GC(169)   class space    used 4460K, capacity 5706K, committed 5760K, reserved 1048576K
[2020-09-08T09:45:17.195-0300][gc,start       ] GC(169) Pause Young (Normal) (G1 Evacuation Pause)
[2020-09-08T09:45:17.195-0300][gc,task        ] GC(169) Using 4 workers of 4 for evacuation
[2020-09-08T09:45:17.205-0300][gc,phases      ] GC(169)   Pre Evacuate Collection Set: 0.1ms
[2020-09-08T09:45:17.205-0300][gc,phases      ] GC(169)   Evacuate Collection Set: 6.5ms
[2020-09-08T09:45:17.205-0300][gc,phases      ] GC(169)   Post Evacuate Collection Set: 2.0ms
[2020-09-08T09:45:17.205-0300][gc,phases      ] GC(169)   Other: 1.0ms
[2020-09-08T09:45:17.205-0300][gc,heap        ] GC(169) Eden regions: 29->0(31)
[2020-09-08T09:45:17.205-0300][gc,heap        ] GC(169) Survivor regions: 1->1(4)
[2020-09-08T09:45:17.205-0300][gc,heap        ] GC(169) Old regions: 44->44
[2020-09-08T09:45:17.205-0300][gc,heap        ] GC(169) Humongous regions: 6->6
[2020-09-08T09:45:17.205-0300][gc,metaspace   ] GC(169) Metaspace: 39991K->39991K(1087488K)
[2020-09-08T09:45:17.205-0300][gc,heap        ] GC(169) Heap after GC invocations=170 (full 1): garbage-first heap   total 109568K, used 49144K [0x0000000083000000, 0x0000000100000000)
[2020-09-08T09:45:17.205-0300][gc,heap        ] GC(169)   region size 1024K, 1 young (1024K), 1 survivors (1024K)
[2020-09-08T09:45:17.205-0300][gc,heap        ] GC(169)  Metaspace       used 39991K, capacity 43218K, committed 43392K, reserved 1087488K
[2020-09-08T09:45:17.205-0300][gc,heap        ] GC(169)   class space    used 4460K, capacity 5706K, committed 5760K, reserved 1048576K
[2020-09-08T09:45:17.205-0300][gc             ] GC(169) Pause Young (Normal) (G1 Evacuation Pause) 76M->47M(107M) 10.018ms
[2020-09-08T09:45:17.205-0300][gc,cpu         ] GC(169) User=0.02s Sys=0.01s Real=0.01s
[2020-09-08T09:45:17.487-0300][gc,heap        ] GC(170) Heap before GC invocations=170 (full 1): garbage-first heap   total 109568K, used 61432K [0x0000000083000000, 0x0000000100000000)
[2020-09-08T09:45:17.487-0300][gc,heap        ] GC(170)   region size 1024K, 15 young (15360K), 1 survivors (1024K)
[2020-09-08T09:45:17.487-0300][gc,heap        ] GC(170)  Metaspace       used 39991K, capacity 43218K, committed 43392K, reserved 1087488K
[2020-09-08T09:45:17.487-0300][gc,heap        ] GC(170)   class space    used 4460K, capacity 5706K, committed 5760K, reserved 1048576K
[2020-09-08T09:45:17.487-0300][gc,start       ] GC(170) Pause Young (Concurrent Start) (G1 Humongous Allocation)
[2020-09-08T09:45:17.487-0300][gc,task        ] GC(170) Using 4 workers of 4 for evacuation
[2020-09-08T09:45:17.498-0300][gc,phases      ] GC(170)   Pre Evacuate Collection Set: 0.3ms
[2020-09-08T09:45:17.498-0300][gc,phases      ] GC(170)   Evacuate Collection Set: 8.2ms
[2020-09-08T09:45:17.498-0300][gc,phases      ] GC(170)   Post Evacuate Collection Set: 1.5ms
[2020-09-08T09:45:17.498-0300][gc,phases      ] GC(170)   Other: 1.1ms
[2020-09-08T09:45:17.498-0300][gc,heap        ] GC(170) Eden regions: 14->0(24)
[2020-09-08T09:45:17.499-0300][gc,heap        ] GC(170) Survivor regions: 1->3(4)
[2020-09-08T09:45:17.499-0300][gc,heap        ] GC(170) Old regions: 44->44
[2020-09-08T09:45:17.499-0300][gc,heap        ] GC(170) Humongous regions: 6->6
[2020-09-08T09:45:17.499-0300][gc,metaspace   ] GC(170) Metaspace: 39991K->39991K(1087488K)
[2020-09-08T09:45:17.499-0300][gc,heap        ] GC(170) Heap after GC invocations=171 (full 1): garbage-first heap   total 109568K, used 50412K [0x0000000083000000, 0x0000000100000000)
[2020-09-08T09:45:17.499-0300][gc,heap        ] GC(170)   region size 1024K, 3 young (3072K), 3 survivors (3072K)
[2020-09-08T09:45:17.499-0300][gc,heap        ] GC(170)  Metaspace       used 39991K, capacity 43218K, committed 43392K, reserved 1087488K
[2020-09-08T09:45:17.499-0300][gc,heap        ] GC(170)   class space    used 4460K, capacity 5706K, committed 5760K, reserved 1048576K
[2020-09-08T09:45:17.499-0300][gc             ] GC(170) Pause Young (Concurrent Start) (G1 Humongous Allocation) 61M->49M(107M) 11.609ms
[2020-09-08T09:45:17.499-0300][gc,cpu         ] GC(170) User=0.03s Sys=0.00s Real=0.01s
[2020-09-08T09:45:17.499-0300][gc             ] GC(171) Concurrent Cycle
[2020-09-08T09:45:17.500-0300][gc,marking     ] GC(171) Concurrent Clear Claimed Marks
[2020-09-08T09:45:17.500-0300][gc,marking     ] GC(171) Concurrent Clear Claimed Marks 0.919ms
[2020-09-08T09:45:17.501-0300][gc,marking     ] GC(171) Concurrent Scan Root Regions
[2020-09-08T09:45:17.507-0300][gc,marking     ] GC(171) Concurrent Scan Root Regions 6.210ms
[2020-09-08T09:45:17.507-0300][gc,marking     ] GC(171) Concurrent Mark (574.981s)
[2020-09-08T09:45:17.507-0300][gc,marking     ] GC(171) Concurrent Mark From Roots
[2020-09-08T09:45:17.507-0300][gc,task        ] GC(171) Using 1 workers of 1 for marking
[2020-09-08T09:45:17.770-0300][gc,marking     ] GC(171) Concurrent Mark From Roots 263.376ms
[2020-09-08T09:45:17.770-0300][gc,marking     ] GC(171) Concurrent Preclean
[2020-09-08T09:45:17.771-0300][gc,marking     ] GC(171) Concurrent Preclean 0.376ms
[2020-09-08T09:45:17.771-0300][gc,marking     ] GC(171) Concurrent Mark (574.981s, 575.245s) 263.995ms
[2020-09-08T09:45:17.772-0300][gc,start       ] GC(171) Pause Remark
[2020-09-08T09:45:17.803-0300][gc,stringtable ] GC(171) Cleaned string and symbol table, strings: 22934 processed, 0 removed, symbols: 90708 processed, 0 removed
[2020-09-08T09:45:17.803-0300][gc             ] GC(171) Pause Remark 54M->52M(107M) 31.304ms
[2020-09-08T09:45:17.804-0300][gc,cpu         ] GC(171) User=0.11s Sys=0.00s Real=0.03s
[2020-09-08T09:45:17.804-0300][gc,marking     ] GC(171) Concurrent Rebuild Remembered Sets
[2020-09-08T09:45:17.952-0300][gc,marking     ] GC(171) Concurrent Rebuild Remembered Sets 147.173ms
[2020-09-08T09:45:17.953-0300][gc,start       ] GC(171) Pause Cleanup
[2020-09-08T09:45:17.953-0300][gc             ] GC(171) Pause Cleanup 52M->52M(107M) 0.628ms
[2020-09-08T09:45:17.953-0300][gc,cpu         ] GC(171) User=0.00s Sys=0.00s Real=0.00s
[2020-09-08T09:45:17.954-0300][gc,marking     ] GC(171) Concurrent Cleanup for Next Mark
[2020-09-08T09:45:17.955-0300][gc,marking     ] GC(171) Concurrent Cleanup for Next Mark 1.270ms
[2020-09-08T09:45:17.955-0300][gc             ] GC(171) Concurrent Cycle 455.703ms
[2020-09-08T09:45:26.233-0300][gc,heap        ] GC(172) Heap before GC invocations=172 (full 1): garbage-first heap   total 109568K, used 73964K [0x0000000083000000, 0x0000000100000000)
[2020-09-08T09:45:26.233-0300][gc,heap        ] GC(172)   region size 1024K, 27 young (27648K), 3 survivors (3072K)
[2020-09-08T09:45:26.234-0300][gc,heap        ] GC(172)  Metaspace       used 39991K, capacity 43218K, committed 43392K, reserved 1087488K
[2020-09-08T09:45:26.234-0300][gc,heap        ] GC(172)   class space    used 4460K, capacity 5706K, committed 5760K, reserved 1048576K
[2020-09-08T09:45:26.234-0300][gc,start       ] GC(172) Pause Young (Prepare Mixed) (G1 Evacuation Pause)
[2020-09-08T09:45:26.234-0300][gc,task        ] GC(172) Using 4 workers of 4 for evacuation
[2020-09-08T09:45:26.245-0300][gc,phases      ] GC(172)   Pre Evacuate Collection Set: 0.1ms
[2020-09-08T09:45:26.245-0300][gc,phases      ] GC(172)   Evacuate Collection Set: 8.0ms
[2020-09-08T09:45:26.245-0300][gc,phases      ] GC(172)   Post Evacuate Collection Set: 1.9ms
[2020-09-08T09:45:26.245-0300][gc,phases      ] GC(172)   Other: 1.5ms
[2020-09-08T09:45:26.245-0300][gc,heap        ] GC(172) Eden regions: 24->0(4)
[2020-09-08T09:45:26.245-0300][gc,heap        ] GC(172) Survivor regions: 3->1(4)
[2020-09-08T09:45:26.245-0300][gc,heap        ] GC(172) Old regions: 44->44
[2020-09-08T09:45:26.245-0300][gc,heap        ] GC(172) Humongous regions: 6->4
[2020-09-08T09:45:26.245-0300][gc,metaspace   ] GC(172) Metaspace: 39991K->39991K(1087488K)
[2020-09-08T09:45:26.245-0300][gc,heap        ] GC(172) Heap after GC invocations=173 (full 1): garbage-first heap   total 109568K, used 46926K [0x0000000083000000, 0x0000000100000000)
[2020-09-08T09:45:26.245-0300][gc,heap        ] GC(172)   region size 1024K, 1 young (1024K), 1 survivors (1024K)
[2020-09-08T09:45:26.245-0300][gc,heap        ] GC(172)  Metaspace       used 39991K, capacity 43218K, committed 43392K, reserved 1087488K
[2020-09-08T09:45:26.245-0300][gc,heap        ] GC(172)   class space    used 4460K, capacity 5706K, committed 5760K, reserved 1048576K
[2020-09-08T09:45:26.246-0300][gc             ] GC(172) Pause Young (Prepare Mixed) (G1 Evacuation Pause) 73M->45M(107M) 11.464ms
[2020-09-08T09:45:26.246-0300][gc,cpu         ] GC(172) User=0.02s Sys=0.00s Real=0.01s
[2020-09-08T09:45:27.141-0300][gc,heap        ] GC(173) Heap before GC invocations=173 (full 1): garbage-first heap   total 109568K, used 49998K [0x0000000083000000, 0x0000000100000000)
[2020-09-08T09:45:27.141-0300][gc,heap        ] GC(173)   region size 1024K, 5 young (5120K), 1 survivors (1024K)
[2020-09-08T09:45:27.141-0300][gc,heap        ] GC(173)  Metaspace       used 39991K, capacity 43218K, committed 43392K, reserved 1087488K
[2020-09-08T09:45:27.141-0300][gc,heap        ] GC(173)   class space    used 4460K, capacity 5706K, committed 5760K, reserved 1048576K
[2020-09-08T09:45:27.141-0300][gc,start       ] GC(173) Pause Young (Mixed) (G1 Evacuation Pause)
[2020-09-08T09:45:27.141-0300][gc,task        ] GC(173) Using 4 workers of 4 for evacuation
[2020-09-08T09:45:27.155-0300][gc,phases      ] GC(173)   Pre Evacuate Collection Set: 0.2ms
[2020-09-08T09:45:27.156-0300][gc,phases      ] GC(173)   Evacuate Collection Set: 11.3ms
[2020-09-08T09:45:27.156-0300][gc,phases      ] GC(173)   Post Evacuate Collection Set: 1.6ms
[2020-09-08T09:45:27.156-0300][gc,phases      ] GC(173)   Other: 1.5ms
[2020-09-08T09:45:27.156-0300][gc,heap        ] GC(173) Eden regions: 4->0(29)
[2020-09-08T09:45:27.156-0300][gc,heap        ] GC(173) Survivor regions: 1->1(1)
[2020-09-08T09:45:27.156-0300][gc,heap        ] GC(173) Old regions: 44->42
[2020-09-08T09:45:27.156-0300][gc,heap        ] GC(173) Humongous regions: 4->4
[2020-09-08T09:45:27.156-0300][gc,metaspace   ] GC(173) Metaspace: 39991K->39991K(1087488K)
[2020-09-08T09:45:27.156-0300][gc,heap        ] GC(173) Heap after GC invocations=174 (full 1): garbage-first heap   total 109568K, used 44734K [0x0000000083000000, 0x0000000100000000)
[2020-09-08T09:45:27.156-0300][gc,heap        ] GC(173)   region size 1024K, 1 young (1024K), 1 survivors (1024K)
[2020-09-08T09:45:27.156-0300][gc,heap        ] GC(173)  Metaspace       used 39991K, capacity 43218K, committed 43392K, reserved 1087488K
[2020-09-08T09:45:27.156-0300][gc,heap        ] GC(173)   class space    used 4460K, capacity 5706K, committed 5760K, reserved 1048576K
[2020-09-08T09:45:27.156-0300][gc             ] GC(173) Pause Young (Mixed) (G1 Evacuation Pause) 49M->43M(107M) 15.017ms
[2020-09-08T09:45:27.156-0300][gc,cpu         ] GC(173) User=0.04s Sys=0.01s Real=0.01s
[2020-09-08T09:45:32.581-0300][gc,heap        ] GC(174) Heap before GC invocations=174 (full 1): garbage-first heap   total 109568K, used 75454K [0x0000000083000000, 0x0000000100000000)
[2020-09-08T09:45:32.581-0300][gc,heap        ] GC(174)   region size 1024K, 30 young (30720K), 1 survivors (1024K)
[2020-09-08T09:45:32.581-0300][gc,heap        ] GC(174)  Metaspace       used 39991K, capacity 43218K, committed 43392K, reserved 1087488K
[2020-09-08T09:45:32.581-0300][gc,heap        ] GC(174)   class space    used 4460K, capacity 5706K, committed 5760K, reserved 1048576K
[2020-09-08T09:45:32.581-0300][gc,start       ] GC(174) Pause Young (Normal) (G1 Evacuation Pause)
[2020-09-08T09:45:32.581-0300][gc,task        ] GC(174) Using 4 workers of 4 for evacuation
[2020-09-08T09:45:32.593-0300][gc,phases      ] GC(174)   Pre Evacuate Collection Set: 0.1ms
[2020-09-08T09:45:32.593-0300][gc,phases      ] GC(174)   Evacuate Collection Set: 6.7ms
[2020-09-08T09:45:32.593-0300][gc,phases      ] GC(174)   Post Evacuate Collection Set: 3.2ms
[2020-09-08T09:45:32.593-0300][gc,phases      ] GC(174)   Other: 1.9ms
[2020-09-08T09:45:32.593-0300][gc,heap        ] GC(174) Eden regions: 29->0(32)
[2020-09-08T09:45:32.593-0300][gc,heap        ] GC(174) Survivor regions: 1->1(4)
[2020-09-08T09:45:32.593-0300][gc,heap        ] GC(174) Old regions: 42->42
[2020-09-08T09:45:32.593-0300][gc,heap        ] GC(174) Humongous regions: 6->4
[2020-09-08T09:45:32.593-0300][gc,metaspace   ] GC(174) Metaspace: 39991K->39991K(1087488K)
[2020-09-08T09:45:32.593-0300][gc,heap        ] GC(174) Heap after GC invocations=175 (full 1): garbage-first heap   total 109568K, used 45029K [0x0000000083000000, 0x0000000100000000)
[2020-09-08T09:45:32.594-0300][gc,heap        ] GC(174)   region size 1024K, 1 young (1024K), 1 survivors (1024K)
[2020-09-08T09:45:32.594-0300][gc,heap        ] GC(174)  Metaspace       used 39991K, capacity 43218K, committed 43392K, reserved 1087488K
[2020-09-08T09:45:32.594-0300][gc,heap        ] GC(174)   class space    used 4460K, capacity 5706K, committed 5760K, reserved 1048576K
[2020-09-08T09:45:32.594-0300][gc             ] GC(174) Pause Young (Normal) (G1 Evacuation Pause) 74M->43M(107M) 12.673ms
[2020-09-08T09:45:32.594-0300][gc,cpu         ] GC(174) User=0.02s Sys=0.00s Real=0.01s
[2020-09-08T09:45:37.432-0300][gc,heap        ] GC(175) Heap before GC invocations=175 (full 1): garbage-first heap   total 109568K, used 76773K [0x0000000083000000, 0x0000000100000000)
[2020-09-08T09:45:37.432-0300][gc,heap        ] GC(175)   region size 1024K, 33 young (33792K), 1 survivors (1024K)
[2020-09-08T09:45:37.432-0300][gc,heap        ] GC(175)  Metaspace       used 39992K, capacity 43218K, committed 43392K, reserved 1087488K
[2020-09-08T09:45:37.432-0300][gc,heap        ] GC(175)   class space    used 4460K, capacity 5706K, committed 5760K, reserved 1048576K
[2020-09-08T09:45:37.432-0300][gc,start       ] GC(175) Pause Young (Normal) (G1 Evacuation Pause)
[2020-09-08T09:45:37.432-0300][gc,task        ] GC(175) Using 4 workers of 4 for evacuation
[2020-09-08T09:45:37.460-0300][gc,phases      ] GC(175)   Pre Evacuate Collection Set: 0.1ms
[2020-09-08T09:45:37.460-0300][gc,phases      ] GC(175)   Evacuate Collection Set: 25.0ms
[2020-09-08T09:45:37.460-0300][gc,phases      ] GC(175)   Post Evacuate Collection Set: 2.1ms
[2020-09-08T09:45:37.461-0300][gc,phases      ] GC(175)   Other: 1.5ms
[2020-09-08T09:45:37.461-0300][gc,heap        ] GC(175) Eden regions: 32->0(32)
[2020-09-08T09:45:37.461-0300][gc,heap        ] GC(175) Survivor regions: 1->3(5)
[2020-09-08T09:45:37.461-0300][gc,heap        ] GC(175) Old regions: 42->42
[2020-09-08T09:45:37.461-0300][gc,heap        ] GC(175) Humongous regions: 4->4
[2020-09-08T09:45:37.461-0300][gc,metaspace   ] GC(175) Metaspace: 39992K->39992K(1087488K)
[2020-09-08T09:45:37.461-0300][gc,heap        ] GC(175) Heap after GC invocations=176 (full 1): garbage-first heap   total 109568K, used 46734K [0x0000000083000000, 0x0000000100000000)
[2020-09-08T09:45:37.461-0300][gc,heap        ] GC(175)   region size 1024K, 3 young (3072K), 3 survivors (3072K)
[2020-09-08T09:45:37.461-0300][gc,heap        ] GC(175)  Metaspace       used 39992K, capacity 43218K, committed 43392K, reserved 1087488K
[2020-09-08T09:45:37.461-0300][gc,heap        ] GC(175)   class space    used 4460K, capacity 5706K, committed 5760K, reserved 1048576K
[2020-09-08T09:45:37.461-0300][gc             ] GC(175) Pause Young (Normal) (G1 Evacuation Pause) 75M->45M(107M) 28.832ms
[2020-09-08T09:45:37.461-0300][gc,cpu         ] GC(175) User=0.08s Sys=0.01s Real=0.03s
[2020-09-08T09:45:37.519-0300][gc,heap        ] GC(176) Heap before GC invocations=176 (full 1): garbage-first heap   total 109568K, used 52878K [0x0000000083000000, 0x0000000100000000)
[2020-09-08T09:45:37.520-0300][gc,heap        ] GC(176)   region size 1024K, 11 young (11264K), 3 survivors (3072K)
[2020-09-08T09:45:37.520-0300][gc,heap        ] GC(176)  Metaspace       used 39992K, capacity 43218K, committed 43392K, reserved 1087488K
[2020-09-08T09:45:37.520-0300][gc,heap        ] GC(176)   class space    used 4460K, capacity 5706K, committed 5760K, reserved 1048576K
[2020-09-08T09:45:37.520-0300][gc,start       ] GC(176) Pause Young (Concurrent Start) (G1 Humongous Allocation)
[2020-09-08T09:45:37.520-0300][gc,task        ] GC(176) Using 4 workers of 4 for evacuation
[2020-09-08T09:45:37.540-0300][gc,phases      ] GC(176)   Pre Evacuate Collection Set: 0.8ms
[2020-09-08T09:45:37.540-0300][gc,phases      ] GC(176)   Evacuate Collection Set: 15.4ms
[2020-09-08T09:45:37.540-0300][gc,phases      ] GC(176)   Post Evacuate Collection Set: 1.7ms
[2020-09-08T09:45:37.540-0300][gc,phases      ] GC(176)   Other: 2.2ms
[2020-09-08T09:45:37.540-0300][gc,heap        ] GC(176) Eden regions: 8->0(33)
[2020-09-08T09:45:37.540-0300][gc,heap        ] GC(176) Survivor regions: 3->3(5)
[2020-09-08T09:45:37.540-0300][gc,heap        ] GC(176) Old regions: 42->42
[2020-09-08T09:45:37.540-0300][gc,heap        ] GC(176) Humongous regions: 4->4
[2020-09-08T09:45:37.540-0300][gc,metaspace   ] GC(176) Metaspace: 39992K->39992K(1087488K)
[2020-09-08T09:45:37.540-0300][gc,heap        ] GC(176) Heap after GC invocations=177 (full 1): garbage-first heap   total 109568K, used 46930K [0x0000000083000000, 0x0000000100000000)
[2020-09-08T09:45:37.540-0300][gc,heap        ] GC(176)   region size 1024K, 3 young (3072K), 3 survivors (3072K)
[2020-09-08T09:45:37.540-0300][gc,heap        ] GC(176)  Metaspace       used 39992K, capacity 43218K, committed 43392K, reserved 1087488K
[2020-09-08T09:45:37.540-0300][gc,heap        ] GC(176)   class space    used 4460K, capacity 5706K, committed 5760K, reserved 1048576K
[2020-09-08T09:45:37.540-0300][gc             ] GC(176) Pause Young (Concurrent Start) (G1 Humongous Allocation) 53M->45M(107M) 20.261ms
[2020-09-08T09:45:37.541-0300][gc,cpu         ] GC(176) User=0.07s Sys=0.01s Real=0.02s
[2020-09-08T09:45:37.542-0300][gc             ] GC(177) Concurrent Cycle
[2020-09-08T09:45:37.542-0300][gc,marking     ] GC(177) Concurrent Clear Claimed Marks
[2020-09-08T09:45:37.564-0300][gc,marking     ] GC(177) Concurrent Clear Claimed Marks 21.648ms
[2020-09-08T09:45:37.564-0300][gc,marking     ] GC(177) Concurrent Scan Root Regions
[2020-09-08T09:45:37.578-0300][gc,marking     ] GC(177) Concurrent Scan Root Regions 13.134ms
[2020-09-08T09:45:37.578-0300][gc,marking     ] GC(177) Concurrent Mark (595.051s)
[2020-09-08T09:45:37.578-0300][gc,marking     ] GC(177) Concurrent Mark From Roots
[2020-09-08T09:45:37.578-0300][gc,task        ] GC(177) Using 1 workers of 1 for marking
[2020-09-08T09:45:37.882-0300][gc,marking     ] GC(177) Concurrent Mark From Roots 304.062ms
[2020-09-08T09:45:37.882-0300][gc,marking     ] GC(177) Concurrent Preclean
[2020-09-08T09:45:37.882-0300][gc,marking     ] GC(177) Concurrent Preclean 0.407ms
[2020-09-08T09:45:37.883-0300][gc,marking     ] GC(177) Concurrent Mark (595.051s, 595.356s) 304.889ms
[2020-09-08T09:45:37.884-0300][gc,start       ] GC(177) Pause Remark
[2020-09-08T09:45:37.921-0300][gc,stringtable ] GC(177) Cleaned string and symbol table, strings: 22937 processed, 0 removed, symbols: 90708 processed, 0 removed
[2020-09-08T09:45:37.921-0300][gc             ] GC(177) Pause Remark 53M->53M(107M) 37.321ms
[2020-09-08T09:45:37.922-0300][gc,cpu         ] GC(177) User=0.12s Sys=0.01s Real=0.04s
[2020-09-08T09:45:37.922-0300][gc,marking     ] GC(177) Concurrent Rebuild Remembered Sets
[2020-09-08T09:45:38.084-0300][gc,marking     ] GC(177) Concurrent Rebuild Remembered Sets 161.547ms
[2020-09-08T09:45:38.085-0300][gc,start       ] GC(177) Pause Cleanup
[2020-09-08T09:45:38.085-0300][gc             ] GC(177) Pause Cleanup 54M->54M(107M) 0.459ms
[2020-09-08T09:45:38.085-0300][gc,cpu         ] GC(177) User=0.00s Sys=0.00s Real=0.00s
[2020-09-08T09:45:38.086-0300][gc,marking     ] GC(177) Concurrent Cleanup for Next Mark
[2020-09-08T09:45:38.087-0300][gc,marking     ] GC(177) Concurrent Cleanup for Next Mark 1.246ms
[2020-09-08T09:45:38.087-0300][gc             ] GC(177) Concurrent Cycle 544.819ms
[2020-09-08T09:45:41.676-0300][gc,heap        ] GC(178) Heap before GC invocations=178 (full 1): garbage-first heap   total 109568K, used 81746K [0x0000000083000000, 0x0000000100000000)
[2020-09-08T09:45:41.676-0300][gc,heap        ] GC(178)   region size 1024K, 36 young (36864K), 3 survivors (3072K)
[2020-09-08T09:45:41.676-0300][gc,heap        ] GC(178)  Metaspace       used 39993K, capacity 43218K, committed 43392K, reserved 1087488K
[2020-09-08T09:45:41.677-0300][gc,heap        ] GC(178)   class space    used 4460K, capacity 5706K, committed 5760K, reserved 1048576K
[2020-09-08T09:45:41.677-0300][gc,start       ] GC(178) Pause Young (Prepare Mixed) (G1 Evacuation Pause)
[2020-09-08T09:45:41.677-0300][gc,task        ] GC(178) Using 4 workers of 4 for evacuation
[2020-09-08T09:45:41.691-0300][gc,phases      ] GC(178)   Pre Evacuate Collection Set: 0.1ms
[2020-09-08T09:45:41.691-0300][gc,phases      ] GC(178)   Evacuate Collection Set: 11.3ms
[2020-09-08T09:45:41.691-0300][gc,phases      ] GC(178)   Post Evacuate Collection Set: 2.0ms
[2020-09-08T09:45:41.692-0300][gc,phases      ] GC(178)   Other: 1.5ms
[2020-09-08T09:45:41.692-0300][gc,heap        ] GC(178) Eden regions: 33->0(3)
[2020-09-08T09:45:41.692-0300][gc,heap        ] GC(178) Survivor regions: 3->2(5)
[2020-09-08T09:45:41.692-0300][gc,heap        ] GC(178) Old regions: 42->42
[2020-09-08T09:45:41.692-0300][gc,heap        ] GC(178) Humongous regions: 6->4
[2020-09-08T09:45:41.692-0300][gc,metaspace   ] GC(178) Metaspace: 39993K->39993K(1087488K)
[2020-09-08T09:45:41.692-0300][gc,heap        ] GC(178) Heap after GC invocations=179 (full 1): garbage-first heap   total 109568K, used 46588K [0x0000000083000000, 0x0000000100000000)
[2020-09-08T09:45:41.692-0300][gc,heap        ] GC(178)   region size 1024K, 2 young (2048K), 2 survivors (2048K)
[2020-09-08T09:45:41.692-0300][gc,heap        ] GC(178)  Metaspace       used 39993K, capacity 43218K, committed 43392K, reserved 1087488K
[2020-09-08T09:45:41.692-0300][gc,heap        ] GC(178)   class space    used 4460K, capacity 5706K, committed 5760K, reserved 1048576K
[2020-09-08T09:45:41.692-0300][gc             ] GC(178) Pause Young (Prepare Mixed) (G1 Evacuation Pause) 80M->45M(107M) 15.423ms
[2020-09-08T09:45:41.692-0300][gc,cpu         ] GC(178) User=0.04s Sys=0.00s Real=0.02s
[2020-09-08T09:45:42.152-0300][gc,heap        ] GC(179) Heap before GC invocations=179 (full 1): garbage-first heap   total 109568K, used 48636K [0x0000000083000000, 0x0000000100000000)
[2020-09-08T09:45:42.152-0300][gc,heap        ] GC(179)   region size 1024K, 5 young (5120K), 2 survivors (2048K)
[2020-09-08T09:45:42.152-0300][gc,heap        ] GC(179)  Metaspace       used 39993K, capacity 43218K, committed 43392K, reserved 1087488K
[2020-09-08T09:45:42.153-0300][gc,heap        ] GC(179)   class space    used 4460K, capacity 5706K, committed 5760K, reserved 1048576K
[2020-09-08T09:45:42.153-0300][gc,start       ] GC(179) Pause Young (Mixed) (G1 Evacuation Pause)
[2020-09-08T09:45:42.153-0300][gc,task        ] GC(179) Using 4 workers of 4 for evacuation
[2020-09-08T09:45:42.188-0300][gc,phases      ] GC(179)   Pre Evacuate Collection Set: 0.1ms
[2020-09-08T09:45:42.188-0300][gc,phases      ] GC(179)   Evacuate Collection Set: 31.0ms
[2020-09-08T09:45:42.188-0300][gc,phases      ] GC(179)   Post Evacuate Collection Set: 3.2ms
[2020-09-08T09:45:42.188-0300][gc,phases      ] GC(179)   Other: 1.6ms
[2020-09-08T09:45:42.189-0300][gc,heap        ] GC(179) Eden regions: 3->0(35)
[2020-09-08T09:45:42.189-0300][gc,heap        ] GC(179) Survivor regions: 2->1(1)
[2020-09-08T09:45:42.189-0300][gc,heap        ] GC(179) Old regions: 42->43
[2020-09-08T09:45:42.189-0300][gc,heap        ] GC(179) Humongous regions: 4->4
[2020-09-08T09:45:42.189-0300][gc,metaspace   ] GC(179) Metaspace: 39993K->39993K(1087488K)
[2020-09-08T09:45:42.189-0300][gc,heap        ] GC(179) Heap after GC invocations=180 (full 1): garbage-first heap   total 109568K, used 45993K [0x0000000083000000, 0x0000000100000000)
[2020-09-08T09:45:42.189-0300][gc,heap        ] GC(179)   region size 1024K, 1 young (1024K), 1 survivors (1024K)
[2020-09-08T09:45:42.189-0300][gc,heap        ] GC(179)  Metaspace       used 39993K, capacity 43218K, committed 43392K, reserved 1087488K
[2020-09-08T09:45:42.189-0300][gc,heap        ] GC(179)   class space    used 4460K, capacity 5706K, committed 5760K, reserved 1048576K
[2020-09-08T09:45:42.189-0300][gc             ] GC(179) Pause Young (Mixed) (G1 Evacuation Pause) 48M->44M(107M) 36.530ms
[2020-09-08T09:45:42.191-0300][gc,cpu         ] GC(179) User=0.07s Sys=0.01s Real=0.03s
[2020-09-08T09:45:47.503-0300][gc,heap        ] GC(180) Heap before GC invocations=180 (full 1): garbage-first heap   total 109568K, used 82857K [0x0000000083000000, 0x0000000100000000)
[2020-09-08T09:45:47.503-0300][gc,heap        ] GC(180)   region size 1024K, 36 young (36864K), 1 survivors (1024K)
[2020-09-08T09:45:47.503-0300][gc,heap        ] GC(180)  Metaspace       used 39995K, capacity 43218K, committed 43392K, reserved 1087488K
[2020-09-08T09:45:47.503-0300][gc,heap        ] GC(180)   class space    used 4460K, capacity 5706K, committed 5760K, reserved 1048576K
[2020-09-08T09:45:47.504-0300][gc,start       ] GC(180) Pause Young (Normal) (G1 Evacuation Pause)
[2020-09-08T09:45:47.504-0300][gc,task        ] GC(180) Using 4 workers of 4 for evacuation
[2020-09-08T09:45:47.516-0300][gc,phases      ] GC(180)   Pre Evacuate Collection Set: 0.1ms
[2020-09-08T09:45:47.516-0300][gc,phases      ] GC(180)   Evacuate Collection Set: 10.0ms
[2020-09-08T09:45:47.516-0300][gc,phases      ] GC(180)   Post Evacuate Collection Set: 1.8ms
[2020-09-08T09:45:47.517-0300][gc,phases      ] GC(180)   Other: 1.2ms
[2020-09-08T09:45:47.517-0300][gc,heap        ] GC(180) Eden regions: 35->0(35)
[2020-09-08T09:45:47.517-0300][gc,heap        ] GC(180) Survivor regions: 1->2(5)
[2020-09-08T09:45:47.517-0300][gc,heap        ] GC(180) Old regions: 43->43
[2020-09-08T09:45:47.517-0300][gc,heap        ] GC(180) Humongous regions: 6->4
[2020-09-08T09:45:47.517-0300][gc,metaspace   ] GC(180) Metaspace: 39995K->39995K(1087488K)
[2020-09-08T09:45:47.517-0300][gc,heap        ] GC(180) Heap after GC invocations=181 (full 1): garbage-first heap   total 109568K, used 47585K [0x0000000083000000, 0x0000000100000000)
[2020-09-08T09:45:47.517-0300][gc,heap        ] GC(180)   region size 1024K, 2 young (2048K), 2 survivors (2048K)
[2020-09-08T09:45:47.517-0300][gc,heap        ] GC(180)  Metaspace       used 39995K, capacity 43218K, committed 43392K, reserved 1087488K
[2020-09-08T09:45:47.517-0300][gc,heap        ] GC(180)   class space    used 4460K, capacity 5706K, committed 5760K, reserved 1048576K
[2020-09-08T09:45:47.517-0300][gc             ] GC(180) Pause Young (Normal) (G1 Evacuation Pause) 81M->46M(107M) 13.569ms
[2020-09-08T09:45:47.517-0300][gc,cpu         ] GC(180) User=0.04s Sys=0.01s Real=0.01s
[2020-09-08T09:45:56.263-0300][gc,heap        ] GC(181) Heap before GC invocations=181 (full 1): garbage-first heap   total 109568K, used 82401K [0x0000000083000000, 0x0000000100000000)
[2020-09-08T09:45:56.263-0300][gc,heap        ] GC(181)   region size 1024K, 37 young (37888K), 2 survivors (2048K)
[2020-09-08T09:45:56.263-0300][gc,heap        ] GC(181)  Metaspace       used 39996K, capacity 43218K, committed 43392K, reserved 1087488K
[2020-09-08T09:45:56.263-0300][gc,heap        ] GC(181)   class space    used 4460K, capacity 5706K, committed 5760K, reserved 1048576K
[2020-09-08T09:45:56.264-0300][gc,start       ] GC(181) Pause Young (Normal) (G1 Evacuation Pause)
[2020-09-08T09:45:56.264-0300][gc,task        ] GC(181) Using 4 workers of 4 for evacuation
[2020-09-08T09:45:56.273-0300][gc,phases      ] GC(181)   Pre Evacuate Collection Set: 0.0ms
[2020-09-08T09:45:56.273-0300][gc,phases      ] GC(181)   Evacuate Collection Set: 6.9ms
[2020-09-08T09:45:56.273-0300][gc,phases      ] GC(181)   Post Evacuate Collection Set: 2.1ms
[2020-09-08T09:45:56.274-0300][gc,phases      ] GC(181)   Other: 1.1ms
[2020-09-08T09:45:56.274-0300][gc,heap        ] GC(181) Eden regions: 35->0(38)
[2020-09-08T09:45:56.274-0300][gc,heap        ] GC(181) Survivor regions: 2->1(5)
[2020-09-08T09:45:56.274-0300][gc,heap        ] GC(181) Old regions: 43->43
[2020-09-08T09:45:56.274-0300][gc,heap        ] GC(181) Humongous regions: 4->4
[2020-09-08T09:45:56.274-0300][gc,metaspace   ] GC(181) Metaspace: 39996K->39996K(1087488K)
[2020-09-08T09:45:56.274-0300][gc,heap        ] GC(181) Heap after GC invocations=182 (full 1): garbage-first heap   total 109568K, used 46502K [0x0000000083000000, 0x0000000100000000)
[2020-09-08T09:45:56.274-0300][gc,heap        ] GC(181)   region size 1024K, 1 young (1024K), 1 survivors (1024K)
[2020-09-08T09:45:56.274-0300][gc,heap        ] GC(181)  Metaspace       used 39996K, capacity 43218K, committed 43392K, reserved 1087488K
[2020-09-08T09:45:56.274-0300][gc,heap        ] GC(181)   class space    used 4460K, capacity 5706K, committed 5760K, reserved 1048576K
[2020-09-08T09:45:56.274-0300][gc             ] GC(181) Pause Young (Normal) (G1 Evacuation Pause) 81M->45M(107M) 10.545ms
[2020-09-08T09:45:56.274-0300][gc,cpu         ] GC(181) User=0.02s Sys=0.01s Real=0.01s
[2020-09-08T09:45:57.439-0300][gc,heap        ] GC(182) Heap before GC invocations=182 (full 1): garbage-first heap   total 109568K, used 57766K [0x0000000083000000, 0x0000000100000000)
[2020-09-08T09:45:57.439-0300][gc,heap        ] GC(182)   region size 1024K, 14 young (14336K), 1 survivors (1024K)
[2020-09-08T09:45:57.439-0300][gc,heap        ] GC(182)  Metaspace       used 40014K, capacity 43218K, committed 43392K, reserved 1087488K
[2020-09-08T09:45:57.440-0300][gc,heap        ] GC(182)   class space    used 4460K, capacity 5706K, committed 5760K, reserved 1048576K
[2020-09-08T09:45:57.440-0300][gc,start       ] GC(182) Pause Young (Concurrent Start) (G1 Humongous Allocation)
[2020-09-08T09:45:57.440-0300][gc,task        ] GC(182) Using 4 workers of 4 for evacuation
[2020-09-08T09:45:57.457-0300][gc,phases      ] GC(182)   Pre Evacuate Collection Set: 0.4ms
[2020-09-08T09:45:57.457-0300][gc,phases      ] GC(182)   Evacuate Collection Set: 14.5ms
[2020-09-08T09:45:57.457-0300][gc,phases      ] GC(182)   Post Evacuate Collection Set: 1.7ms
[2020-09-08T09:45:57.458-0300][gc,phases      ] GC(182)   Other: 1.4ms
[2020-09-08T09:45:57.458-0300][gc,heap        ] GC(182) Eden regions: 13->0(30)
[2020-09-08T09:45:57.458-0300][gc,heap        ] GC(182) Survivor regions: 1->2(5)
[2020-09-08T09:45:57.458-0300][gc,heap        ] GC(182) Old regions: 43->43
[2020-09-08T09:45:57.458-0300][gc,heap        ] GC(182) Humongous regions: 4->4
[2020-09-08T09:45:57.458-0300][gc,metaspace   ] GC(182) Metaspace: 40014K->40014K(1087488K)
[2020-09-08T09:45:57.458-0300][gc,heap        ] GC(182) Heap after GC invocations=183 (full 1): garbage-first heap   total 109568K, used 47487K [0x0000000083000000, 0x0000000100000000)
[2020-09-08T09:45:57.458-0300][gc,heap        ] GC(182)   region size 1024K, 2 young (2048K), 2 survivors (2048K)
[2020-09-08T09:45:57.458-0300][gc,heap        ] GC(182)  Metaspace       used 40014K, capacity 43218K, committed 43392K, reserved 1087488K
[2020-09-08T09:45:57.458-0300][gc,heap        ] GC(182)   class space    used 4460K, capacity 5706K, committed 5760K, reserved 1048576K
[2020-09-08T09:45:57.458-0300][gc             ] GC(182) Pause Young (Concurrent Start) (G1 Humongous Allocation) 57M->46M(107M) 18.531ms
[2020-09-08T09:45:57.458-0300][gc,cpu         ] GC(182) User=0.04s Sys=0.00s Real=0.02s
[2020-09-08T09:45:57.459-0300][gc             ] GC(183) Concurrent Cycle
[2020-09-08T09:45:57.459-0300][gc,marking     ] GC(183) Concurrent Clear Claimed Marks
[2020-09-08T09:45:57.459-0300][gc,marking     ] GC(183) Concurrent Clear Claimed Marks 0.462ms
[2020-09-08T09:45:57.459-0300][gc,marking     ] GC(183) Concurrent Scan Root Regions
[2020-09-08T09:45:57.467-0300][gc,marking     ] GC(183) Concurrent Scan Root Regions 8.291ms
[2020-09-08T09:45:57.468-0300][gc,marking     ] GC(183) Concurrent Mark (614.941s)
[2020-09-08T09:45:57.468-0300][gc,marking     ] GC(183) Concurrent Mark From Roots
[2020-09-08T09:45:57.468-0300][gc,task        ] GC(183) Using 1 workers of 1 for marking
[2020-09-08T09:45:57.734-0300][gc,marking     ] GC(183) Concurrent Mark From Roots 266.330ms
[2020-09-08T09:45:57.734-0300][gc,marking     ] GC(183) Concurrent Preclean
[2020-09-08T09:45:57.734-0300][gc,marking     ] GC(183) Concurrent Preclean 0.306ms
[2020-09-08T09:45:57.734-0300][gc,marking     ] GC(183) Concurrent Mark (614.941s, 615.208s) 266.887ms
[2020-09-08T09:45:57.736-0300][gc,start       ] GC(183) Pause Remark
[2020-09-08T09:45:57.768-0300][gc,stringtable ] GC(183) Cleaned string and symbol table, strings: 22949 processed, 0 removed, symbols: 90708 processed, 0 removed
[2020-09-08T09:45:57.769-0300][gc             ] GC(183) Pause Remark 52M->52M(107M) 32.965ms
[2020-09-08T09:45:57.769-0300][gc,cpu         ] GC(183) User=0.12s Sys=0.00s Real=0.03s
[2020-09-08T09:45:57.770-0300][gc,marking     ] GC(183) Concurrent Rebuild Remembered Sets
[2020-09-08T09:45:57.923-0300][gc,marking     ] GC(183) Concurrent Rebuild Remembered Sets 153.612ms
[2020-09-08T09:45:57.924-0300][gc,start       ] GC(183) Pause Cleanup
[2020-09-08T09:45:57.925-0300][gc             ] GC(183) Pause Cleanup 52M->52M(107M) 0.675ms
[2020-09-08T09:45:57.925-0300][gc,cpu         ] GC(183) User=0.00s Sys=0.00s Real=0.00s
[2020-09-08T09:45:57.926-0300][gc,marking     ] GC(183) Concurrent Cleanup for Next Mark
[2020-09-08T09:45:57.927-0300][gc,marking     ] GC(183) Concurrent Cleanup for Next Mark 1.242ms
[2020-09-08T09:45:57.927-0300][gc             ] GC(183) Concurrent Cycle 468.673ms
[2020-09-08T09:46:03.925-0300][gc,heap        ] GC(184) Heap before GC invocations=184 (full 1): garbage-first heap   total 109568K, used 79231K [0x0000000083000000, 0x0000000100000000)
[2020-09-08T09:46:03.925-0300][gc,heap        ] GC(184)   region size 1024K, 32 young (32768K), 2 survivors (2048K)
[2020-09-08T09:46:03.925-0300][gc,heap        ] GC(184)  Metaspace       used 40051K, capacity 43282K, committed 43392K, reserved 1087488K
[2020-09-08T09:46:03.925-0300][gc,heap        ] GC(184)   class space    used 4460K, capacity 5706K, committed 5760K, reserved 1048576K
[2020-09-08T09:46:03.925-0300][gc,start       ] GC(184) Pause Young (Prepare Mixed) (G1 Evacuation Pause)
[2020-09-08T09:46:03.926-0300][gc,task        ] GC(184) Using 4 workers of 4 for evacuation
[2020-09-08T09:46:03.943-0300][gc,phases      ] GC(184)   Pre Evacuate Collection Set: 0.0ms
[2020-09-08T09:46:03.943-0300][gc,phases      ] GC(184)   Evacuate Collection Set: 12.3ms
[2020-09-08T09:46:03.944-0300][gc,phases      ] GC(184)   Post Evacuate Collection Set: 4.2ms
[2020-09-08T09:46:03.944-0300][gc,phases      ] GC(184)   Other: 1.9ms
[2020-09-08T09:46:03.944-0300][gc,heap        ] GC(184) Eden regions: 30->0(3)
[2020-09-08T09:46:03.944-0300][gc,heap        ] GC(184) Survivor regions: 2->2(4)
[2020-09-08T09:46:03.944-0300][gc,heap        ] GC(184) Old regions: 43->43
[2020-09-08T09:46:03.944-0300][gc,heap        ] GC(184) Humongous regions: 6->4
[2020-09-08T09:46:03.944-0300][gc,metaspace   ] GC(184) Metaspace: 40051K->40051K(1087488K)
[2020-09-08T09:46:03.944-0300][gc,heap        ] GC(184) Heap after GC invocations=185 (full 1): garbage-first heap   total 109568K, used 47165K [0x0000000083000000, 0x0000000100000000)
[2020-09-08T09:46:03.944-0300][gc,heap        ] GC(184)   region size 1024K, 2 young (2048K), 2 survivors (2048K)
[2020-09-08T09:46:03.944-0300][gc,heap        ] GC(184)  Metaspace       used 40051K, capacity 43282K, committed 43392K, reserved 1087488K
[2020-09-08T09:46:03.944-0300][gc,heap        ] GC(184)   class space    used 4460K, capacity 5706K, committed 5760K, reserved 1048576K
[2020-09-08T09:46:03.944-0300][gc             ] GC(184) Pause Young (Prepare Mixed) (G1 Evacuation Pause) 78M->46M(107M) 18.737ms
[2020-09-08T09:46:03.944-0300][gc,cpu         ] GC(184) User=0.04s Sys=0.01s Real=0.02s
[2020-09-08T09:46:04.036-0300][gc,heap        ] GC(185) Heap before GC invocations=185 (full 1): garbage-first heap   total 109568K, used 49213K [0x0000000083000000, 0x0000000100000000)
[2020-09-08T09:46:04.036-0300][gc,heap        ] GC(185)   region size 1024K, 5 young (5120K), 2 survivors (2048K)
[2020-09-08T09:46:04.036-0300][gc,heap        ] GC(185)  Metaspace       used 40051K, capacity 43282K, committed 43392K, reserved 1087488K
[2020-09-08T09:46:04.036-0300][gc,heap        ] GC(185)   class space    used 4460K, capacity 5706K, committed 5760K, reserved 1048576K
[2020-09-08T09:46:04.036-0300][gc,start       ] GC(185) Pause Young (Mixed) (G1 Evacuation Pause)
[2020-09-08T09:46:04.036-0300][gc,task        ] GC(185) Using 4 workers of 4 for evacuation
[2020-09-08T09:46:04.056-0300][gc,phases      ] GC(185)   Pre Evacuate Collection Set: 0.1ms
[2020-09-08T09:46:04.056-0300][gc,phases      ] GC(185)   Evacuate Collection Set: 16.5ms
[2020-09-08T09:46:04.056-0300][gc,phases      ] GC(185)   Post Evacuate Collection Set: 1.8ms
[2020-09-08T09:46:04.056-0300][gc,phases      ] GC(185)   Other: 1.1ms
[2020-09-08T09:46:04.056-0300][gc,heap        ] GC(185) Eden regions: 3->0(32)
[2020-09-08T09:46:04.056-0300][gc,heap        ] GC(185) Survivor regions: 2->1(1)
[2020-09-08T09:46:04.056-0300][gc,heap        ] GC(185) Old regions: 43->43
[2020-09-08T09:46:04.056-0300][gc,heap        ] GC(185) Humongous regions: 4->4
[2020-09-08T09:46:04.056-0300][gc,metaspace   ] GC(185) Metaspace: 40051K->40051K(1087488K)
[2020-09-08T09:46:04.056-0300][gc,heap        ] GC(185) Heap after GC invocations=186 (full 1): garbage-first heap   total 109568K, used 46051K [0x0000000083000000, 0x0000000100000000)
[2020-09-08T09:46:04.056-0300][gc,heap        ] GC(185)   region size 1024K, 1 young (1024K), 1 survivors (1024K)
[2020-09-08T09:46:04.056-0300][gc,heap        ] GC(185)  Metaspace       used 40051K, capacity 43282K, committed 43392K, reserved 1087488K
[2020-09-08T09:46:04.056-0300][gc,heap        ] GC(185)   class space    used 4460K, capacity 5706K, committed 5760K, reserved 1048576K
[2020-09-08T09:46:04.056-0300][gc             ] GC(185) Pause Young (Mixed) (G1 Evacuation Pause) 49M->44M(107M) 19.902ms
[2020-09-08T09:46:04.056-0300][gc,cpu         ] GC(185) User=0.06s Sys=0.01s Real=0.02s
[2020-09-08T09:46:07.452-0300][gc,heap        ] GC(186) Heap before GC invocations=186 (full 1): garbage-first heap   total 109568K, used 77795K [0x0000000083000000, 0x0000000100000000)
[2020-09-08T09:46:07.452-0300][gc,heap        ] GC(186)   region size 1024K, 33 young (33792K), 1 survivors (1024K)
[2020-09-08T09:46:07.452-0300][gc,heap        ] GC(186)  Metaspace       used 40052K, capacity 43282K, committed 43392K, reserved 1087488K
[2020-09-08T09:46:07.452-0300][gc,heap        ] GC(186)   class space    used 4460K, capacity 5706K, committed 5760K, reserved 1048576K
[2020-09-08T09:46:07.453-0300][gc,start       ] GC(186) Pause Young (Normal) (G1 Evacuation Pause)
[2020-09-08T09:46:07.453-0300][gc,task        ] GC(186) Using 4 workers of 4 for evacuation
[2020-09-08T09:46:07.463-0300][gc,phases      ] GC(186)   Pre Evacuate Collection Set: 0.0ms
[2020-09-08T09:46:07.463-0300][gc,phases      ] GC(186)   Evacuate Collection Set: 7.4ms
[2020-09-08T09:46:07.463-0300][gc,phases      ] GC(186)   Post Evacuate Collection Set: 2.0ms
[2020-09-08T09:46:07.463-0300][gc,phases      ] GC(186)   Other: 1.1ms
[2020-09-08T09:46:07.463-0300][gc,heap        ] GC(186) Eden regions: 32->0(33)
[2020-09-08T09:46:07.463-0300][gc,heap        ] GC(186) Survivor regions: 1->2(5)
[2020-09-08T09:46:07.463-0300][gc,heap        ] GC(186) Old regions: 43->43
[2020-09-08T09:46:07.463-0300][gc,heap        ] GC(186) Humongous regions: 4->4
[2020-09-08T09:46:07.463-0300][gc,metaspace   ] GC(186) Metaspace: 40052K->40052K(1087488K)
[2020-09-08T09:46:07.463-0300][gc,heap        ] GC(186) Heap after GC invocations=187 (full 1): garbage-first heap   total 109568K, used 47259K [0x0000000083000000, 0x0000000100000000)
[2020-09-08T09:46:07.463-0300][gc,heap        ] GC(186)   region size 1024K, 2 young (2048K), 2 survivors (2048K)
[2020-09-08T09:46:07.463-0300][gc,heap        ] GC(186)  Metaspace       used 40052K, capacity 43282K, committed 43392K, reserved 1087488K
[2020-09-08T09:46:07.463-0300][gc,heap        ] GC(186)   class space    used 4460K, capacity 5706K, committed 5760K, reserved 1048576K
[2020-09-08T09:46:07.463-0300][gc             ] GC(186) Pause Young (Normal) (G1 Evacuation Pause) 76M->46M(107M) 10.898ms
[2020-09-08T09:46:07.464-0300][gc,cpu         ] GC(186) User=0.03s Sys=0.00s Real=0.01s
[2020-09-08T09:46:07.469-0300][gc,heap        ] GC(187) Heap before GC invocations=187 (full 1): garbage-first heap   total 109568K, used 47259K [0x0000000083000000, 0x0000000100000000)
[2020-09-08T09:46:07.469-0300][gc,heap        ] GC(187)   region size 1024K, 4 young (4096K), 2 survivors (2048K)
[2020-09-08T09:46:07.469-0300][gc,heap        ] GC(187)  Metaspace       used 40052K, capacity 43282K, committed 43392K, reserved 1087488K
[2020-09-08T09:46:07.469-0300][gc,heap        ] GC(187)   class space    used 4460K, capacity 5706K, committed 5760K, reserved 1048576K
[2020-09-08T09:46:07.469-0300][gc,start       ] GC(187) Pause Young (Concurrent Start) (G1 Humongous Allocation)
[2020-09-08T09:46:07.469-0300][gc,task        ] GC(187) Using 4 workers of 4 for evacuation
[2020-09-08T09:46:07.481-0300][gc,phases      ] GC(187)   Pre Evacuate Collection Set: 0.5ms
[2020-09-08T09:46:07.481-0300][gc,phases      ] GC(187)   Evacuate Collection Set: 9.2ms
[2020-09-08T09:46:07.481-0300][gc,phases      ] GC(187)   Post Evacuate Collection Set: 0.9ms
[2020-09-08T09:46:07.481-0300][gc,phases      ] GC(187)   Other: 1.4ms
[2020-09-08T09:46:07.481-0300][gc,heap        ] GC(187) Eden regions: 2->0(29)
[2020-09-08T09:46:07.481-0300][gc,heap        ] GC(187) Survivor regions: 2->2(5)
[2020-09-08T09:46:07.481-0300][gc,heap        ] GC(187) Old regions: 43->43
[2020-09-08T09:46:07.481-0300][gc,heap        ] GC(187) Humongous regions: 4->4
[2020-09-08T09:46:07.481-0300][gc,metaspace   ] GC(187) Metaspace: 40052K->40052K(1087488K)
[2020-09-08T09:46:07.481-0300][gc,heap        ] GC(187) Heap after GC invocations=188 (full 1): garbage-first heap   total 109568K, used 47118K [0x0000000083000000, 0x0000000100000000)
[2020-09-08T09:46:07.481-0300][gc,heap        ] GC(187)   region size 1024K, 2 young (2048K), 2 survivors (2048K)
[2020-09-08T09:46:07.481-0300][gc,heap        ] GC(187)  Metaspace       used 40052K, capacity 43282K, committed 43392K, reserved 1087488K
[2020-09-08T09:46:07.481-0300][gc,heap        ] GC(187)   class space    used 4460K, capacity 5706K, committed 5760K, reserved 1048576K
[2020-09-08T09:46:07.481-0300][gc             ] GC(187) Pause Young (Concurrent Start) (G1 Humongous Allocation) 47M->46M(107M) 12.462ms
[2020-09-08T09:46:07.482-0300][gc,cpu         ] GC(187) User=0.03s Sys=0.00s Real=0.02s
[2020-09-08T09:46:07.482-0300][gc             ] GC(188) Concurrent Cycle
[2020-09-08T09:46:07.482-0300][gc,marking     ] GC(188) Concurrent Clear Claimed Marks
[2020-09-08T09:46:07.483-0300][gc,marking     ] GC(188) Concurrent Clear Claimed Marks 0.608ms
[2020-09-08T09:46:07.483-0300][gc,marking     ] GC(188) Concurrent Scan Root Regions
[2020-09-08T09:46:07.490-0300][gc,marking     ] GC(188) Concurrent Scan Root Regions 7.719ms
[2020-09-08T09:46:07.490-0300][gc,marking     ] GC(188) Concurrent Mark (624.964s)
[2020-09-08T09:46:07.491-0300][gc,marking     ] GC(188) Concurrent Mark From Roots
[2020-09-08T09:46:07.491-0300][gc,task        ] GC(188) Using 1 workers of 1 for marking
[2020-09-08T09:46:07.755-0300][gc,marking     ] GC(188) Concurrent Mark From Roots 264.652ms
[2020-09-08T09:46:07.755-0300][gc,marking     ] GC(188) Concurrent Preclean
[2020-09-08T09:46:07.756-0300][gc,marking     ] GC(188) Concurrent Preclean 0.328ms
[2020-09-08T09:46:07.756-0300][gc,marking     ] GC(188) Concurrent Mark (624.964s, 625.229s) 265.198ms
[2020-09-08T09:46:07.757-0300][gc,start       ] GC(188) Pause Remark
[2020-09-08T09:46:07.791-0300][gc,stringtable ] GC(188) Cleaned string and symbol table, strings: 22950 processed, 0 removed, symbols: 90708 processed, 0 removed
[2020-09-08T09:46:07.792-0300][gc             ] GC(188) Pause Remark 51M->51M(107M) 34.769ms
[2020-09-08T09:46:07.792-0300][gc,cpu         ] GC(188) User=0.13s Sys=0.00s Real=0.04s
[2020-09-08T09:46:07.792-0300][gc,marking     ] GC(188) Concurrent Rebuild Remembered Sets
[2020-09-08T09:46:07.941-0300][gc,marking     ] GC(188) Concurrent Rebuild Remembered Sets 148.808ms
[2020-09-08T09:46:07.943-0300][gc,start       ] GC(188) Pause Cleanup
[2020-09-08T09:46:07.943-0300][gc             ] GC(188) Pause Cleanup 51M->51M(107M) 0.564ms
[2020-09-08T09:46:07.943-0300][gc,cpu         ] GC(188) User=0.00s Sys=0.00s Real=0.00s
[2020-09-08T09:46:07.944-0300][gc,marking     ] GC(188) Concurrent Cleanup for Next Mark
[2020-09-08T09:46:07.945-0300][gc,marking     ] GC(188) Concurrent Cleanup for Next Mark 1.344ms
[2020-09-08T09:46:07.945-0300][gc             ] GC(188) Concurrent Cycle 463.629ms
[2020-09-08T09:46:15.530-0300][gc,heap        ] GC(189) Heap before GC invocations=189 (full 1): garbage-first heap   total 109568K, used 77838K [0x0000000083000000, 0x0000000100000000)
[2020-09-08T09:46:15.530-0300][gc,heap        ] GC(189)   region size 1024K, 31 young (31744K), 2 survivors (2048K)
[2020-09-08T09:46:15.530-0300][gc,heap        ] GC(189)  Metaspace       used 40059K, capacity 43282K, committed 43392K, reserved 1087488K
[2020-09-08T09:46:15.530-0300][gc,heap        ] GC(189)   class space    used 4460K, capacity 5706K, committed 5760K, reserved 1048576K
[2020-09-08T09:46:15.530-0300][gc,start       ] GC(189) Pause Young (Prepare Mixed) (G1 Evacuation Pause)
[2020-09-08T09:46:15.530-0300][gc,task        ] GC(189) Using 4 workers of 4 for evacuation
[2020-09-08T09:46:15.539-0300][gc,phases      ] GC(189)   Pre Evacuate Collection Set: 0.0ms
[2020-09-08T09:46:15.539-0300][gc,phases      ] GC(189)   Evacuate Collection Set: 6.9ms
[2020-09-08T09:46:15.539-0300][gc,phases      ] GC(189)   Post Evacuate Collection Set: 1.6ms
[2020-09-08T09:46:15.540-0300][gc,phases      ] GC(189)   Other: 1.1ms
[2020-09-08T09:46:15.540-0300][gc,heap        ] GC(189) Eden regions: 29->0(3)
[2020-09-08T09:46:15.540-0300][gc,heap        ] GC(189) Survivor regions: 2->2(4)
[2020-09-08T09:46:15.540-0300][gc,heap        ] GC(189) Old regions: 43->43
[2020-09-08T09:46:15.540-0300][gc,heap        ] GC(189) Humongous regions: 6->4
[2020-09-08T09:46:15.540-0300][gc,metaspace   ] GC(189) Metaspace: 40059K->40059K(1087488K)
[2020-09-08T09:46:15.540-0300][gc,heap        ] GC(189) Heap after GC invocations=190 (full 1): garbage-first heap   total 109568K, used 46885K [0x0000000083000000, 0x0000000100000000)
[2020-09-08T09:46:15.540-0300][gc,heap        ] GC(189)   region size 1024K, 2 young (2048K), 2 survivors (2048K)
[2020-09-08T09:46:15.540-0300][gc,heap        ] GC(189)  Metaspace       used 40059K, capacity 43282K, committed 43392K, reserved 1087488K
[2020-09-08T09:46:15.540-0300][gc,heap        ] GC(189)   class space    used 4460K, capacity 5706K, committed 5760K, reserved 1048576K
[2020-09-08T09:46:15.540-0300][gc             ] GC(189) Pause Young (Prepare Mixed) (G1 Evacuation Pause) 77M->45M(107M) 10.104ms
[2020-09-08T09:46:15.540-0300][gc,cpu         ] GC(189) User=0.03s Sys=0.01s Real=0.01s
[2020-09-08T09:46:15.892-0300][gc,heap        ] GC(190) Heap before GC invocations=190 (full 1): garbage-first heap   total 109568K, used 49957K [0x0000000083000000, 0x0000000100000000)
[2020-09-08T09:46:15.892-0300][gc,heap        ] GC(190)   region size 1024K, 5 young (5120K), 2 survivors (2048K)
[2020-09-08T09:46:15.892-0300][gc,heap        ] GC(190)  Metaspace       used 40059K, capacity 43282K, committed 43392K, reserved 1087488K
[2020-09-08T09:46:15.892-0300][gc,heap        ] GC(190)   class space    used 4460K, capacity 5706K, committed 5760K, reserved 1048576K
[2020-09-08T09:46:15.893-0300][gc,start       ] GC(190) Pause Young (Mixed) (G1 Evacuation Pause)
[2020-09-08T09:46:15.893-0300][gc,task        ] GC(190) Using 4 workers of 4 for evacuation
[2020-09-08T09:46:15.915-0300][gc,phases      ] GC(190)   Pre Evacuate Collection Set: 0.1ms
[2020-09-08T09:46:15.915-0300][gc,phases      ] GC(190)   Evacuate Collection Set: 19.8ms
[2020-09-08T09:46:15.915-0300][gc,phases      ] GC(190)   Post Evacuate Collection Set: 1.6ms
[2020-09-08T09:46:15.915-0300][gc,phases      ] GC(190)   Other: 1.8ms
[2020-09-08T09:46:15.915-0300][gc,heap        ] GC(190) Eden regions: 3->0(32)
[2020-09-08T09:46:15.916-0300][gc,heap        ] GC(190) Survivor regions: 2->1(1)
[2020-09-08T09:46:15.916-0300][gc,heap        ] GC(190) Old regions: 43->43
[2020-09-08T09:46:15.916-0300][gc,heap        ] GC(190) Humongous regions: 4->4
[2020-09-08T09:46:15.916-0300][gc,metaspace   ] GC(190) Metaspace: 40059K->40059K(1087488K)
[2020-09-08T09:46:15.916-0300][gc,heap        ] GC(190) Heap after GC invocations=191 (full 1): garbage-first heap   total 109568K, used 45623K [0x0000000083000000, 0x0000000100000000)
[2020-09-08T09:46:15.916-0300][gc,heap        ] GC(190)   region size 1024K, 1 young (1024K), 1 survivors (1024K)
[2020-09-08T09:46:15.916-0300][gc,heap        ] GC(190)  Metaspace       used 40059K, capacity 43282K, committed 43392K, reserved 1087488K
[2020-09-08T09:46:15.916-0300][gc,heap        ] GC(190)   class space    used 4460K, capacity 5706K, committed 5760K, reserved 1048576K
[2020-09-08T09:46:15.916-0300][gc             ] GC(190) Pause Young (Mixed) (G1 Evacuation Pause) 48M->44M(107M) 23.399ms
[2020-09-08T09:46:15.916-0300][gc,cpu         ] GC(190) User=0.05s Sys=0.00s Real=0.02s
[2020-09-08T09:46:21.815-0300][gc,heap        ] GC(191) Heap before GC invocations=191 (full 1): garbage-first heap   total 109568K, used 79415K [0x0000000083000000, 0x0000000100000000)
[2020-09-08T09:46:21.816-0300][gc,heap        ] GC(191)   region size 1024K, 33 young (33792K), 1 survivors (1024K)
[2020-09-08T09:46:21.816-0300][gc,heap        ] GC(191)  Metaspace       used 40074K, capacity 43286K, committed 43392K, reserved 1087488K
[2020-09-08T09:46:21.816-0300][gc,heap        ] GC(191)   class space    used 4460K, capacity 5706K, committed 5760K, reserved 1048576K
[2020-09-08T09:46:21.816-0300][gc,start       ] GC(191) Pause Young (Normal) (G1 Evacuation Pause)
[2020-09-08T09:46:21.816-0300][gc,task        ] GC(191) Using 4 workers of 4 for evacuation
[2020-09-08T09:46:21.824-0300][gc,phases      ] GC(191)   Pre Evacuate Collection Set: 0.0ms
[2020-09-08T09:46:21.824-0300][gc,phases      ] GC(191)   Evacuate Collection Set: 5.4ms
[2020-09-08T09:46:21.824-0300][gc,phases      ] GC(191)   Post Evacuate Collection Set: 2.0ms
[2020-09-08T09:46:21.824-0300][gc,phases      ] GC(191)   Other: 1.2ms
[2020-09-08T09:46:21.824-0300][gc,heap        ] GC(191) Eden regions: 32->0(35)
[2020-09-08T09:46:21.825-0300][gc,heap        ] GC(191) Survivor regions: 1->1(5)
[2020-09-08T09:46:21.825-0300][gc,heap        ] GC(191) Old regions: 43->43
[2020-09-08T09:46:21.825-0300][gc,heap        ] GC(191) Humongous regions: 6->4
[2020-09-08T09:46:21.825-0300][gc,metaspace   ] GC(191) Metaspace: 40074K->40074K(1087488K)
[2020-09-08T09:46:21.825-0300][gc,heap        ] GC(191) Heap after GC invocations=192 (full 1): garbage-first heap   total 109568K, used 45765K [0x0000000083000000, 0x0000000100000000)
[2020-09-08T09:46:21.825-0300][gc,heap        ] GC(191)   region size 1024K, 1 young (1024K), 1 survivors (1024K)
[2020-09-08T09:46:21.825-0300][gc,heap        ] GC(191)  Metaspace       used 40074K, capacity 43286K, committed 43392K, reserved 1087488K
[2020-09-08T09:46:21.825-0300][gc,heap        ] GC(191)   class space    used 4460K, capacity 5706K, committed 5760K, reserved 1048576K
[2020-09-08T09:46:21.825-0300][gc             ] GC(191) Pause Young (Normal) (G1 Evacuation Pause) 78M->44M(107M) 9.003ms
[2020-09-08T09:46:21.825-0300][gc,cpu         ] GC(191) User=0.02s Sys=0.00s Real=0.01s
[2020-09-08T09:46:27.476-0300][gc,heap        ] GC(192) Heap before GC invocations=192 (full 1): garbage-first heap   total 109568K, used 75461K [0x0000000083000000, 0x0000000100000000)
[2020-09-08T09:46:27.476-0300][gc,heap        ] GC(192)   region size 1024K, 32 young (32768K), 1 survivors (1024K)
[2020-09-08T09:46:27.476-0300][gc,heap        ] GC(192)  Metaspace       used 40077K, capacity 43286K, committed 43392K, reserved 1087488K
[2020-09-08T09:46:27.476-0300][gc,heap        ] GC(192)   class space    used 4460K, capacity 5706K, committed 5760K, reserved 1048576K
[2020-09-08T09:46:27.476-0300][gc,start       ] GC(192) Pause Young (Concurrent Start) (G1 Humongous Allocation)
[2020-09-08T09:46:27.476-0300][gc,task        ] GC(192) Using 4 workers of 4 for evacuation
[2020-09-08T09:46:27.491-0300][gc,phases      ] GC(192)   Pre Evacuate Collection Set: 0.4ms
[2020-09-08T09:46:27.491-0300][gc,phases      ] GC(192)   Evacuate Collection Set: 11.1ms
[2020-09-08T09:46:27.491-0300][gc,phases      ] GC(192)   Post Evacuate Collection Set: 2.0ms
[2020-09-08T09:46:27.491-0300][gc,phases      ] GC(192)   Other: 1.5ms
[2020-09-08T09:46:27.491-0300][gc,heap        ] GC(192) Eden regions: 31->0(35)
[2020-09-08T09:46:27.491-0300][gc,heap        ] GC(192) Survivor regions: 1->2(5)
[2020-09-08T09:46:27.491-0300][gc,heap        ] GC(192) Old regions: 43->43
[2020-09-08T09:46:27.491-0300][gc,heap        ] GC(192) Humongous regions: 4->4
[2020-09-08T09:46:27.491-0300][gc,metaspace   ] GC(192) Metaspace: 40077K->40077K(1087488K)
[2020-09-08T09:46:27.491-0300][gc,heap        ] GC(192) Heap after GC invocations=193 (full 1): garbage-first heap   total 109568K, used 47132K [0x0000000083000000, 0x0000000100000000)
[2020-09-08T09:46:27.491-0300][gc,heap        ] GC(192)   region size 1024K, 2 young (2048K), 2 survivors (2048K)
[2020-09-08T09:46:27.492-0300][gc,heap        ] GC(192)  Metaspace       used 40077K, capacity 43286K, committed 43392K, reserved 1087488K
[2020-09-08T09:46:27.492-0300][gc,heap        ] GC(192)   class space    used 4460K, capacity 5706K, committed 5760K, reserved 1048576K
[2020-09-08T09:46:27.492-0300][gc             ] GC(192) Pause Young (Concurrent Start) (G1 Humongous Allocation) 74M->46M(107M) 15.227ms
[2020-09-08T09:46:27.492-0300][gc,cpu         ] GC(192) User=0.04s Sys=0.01s Real=0.02s
[2020-09-08T09:46:27.493-0300][gc             ] GC(193) Concurrent Cycle
[2020-09-08T09:46:27.494-0300][gc,marking     ] GC(193) Concurrent Clear Claimed Marks
[2020-09-08T09:46:27.494-0300][gc,marking     ] GC(193) Concurrent Clear Claimed Marks 0.571ms
[2020-09-08T09:46:27.494-0300][gc,marking     ] GC(193) Concurrent Scan Root Regions
[2020-09-08T09:46:27.504-0300][gc,marking     ] GC(193) Concurrent Scan Root Regions 9.718ms
[2020-09-08T09:46:27.504-0300][gc,marking     ] GC(193) Concurrent Mark (644.978s)
[2020-09-08T09:46:27.504-0300][gc,marking     ] GC(193) Concurrent Mark From Roots
[2020-09-08T09:46:27.505-0300][gc,task        ] GC(193) Using 1 workers of 1 for marking
[2020-09-08T09:46:27.827-0300][gc,marking     ] GC(193) Concurrent Mark From Roots 322.113ms
[2020-09-08T09:46:27.827-0300][gc,marking     ] GC(193) Concurrent Preclean
[2020-09-08T09:46:27.827-0300][gc,marking     ] GC(193) Concurrent Preclean 0.325ms
[2020-09-08T09:46:27.827-0300][gc,marking     ] GC(193) Concurrent Mark (644.978s, 645.301s) 322.798ms
[2020-09-08T09:46:27.828-0300][gc,start       ] GC(193) Pause Remark
[2020-09-08T09:46:27.861-0300][gc,stringtable ] GC(193) Cleaned string and symbol table, strings: 22952 processed, 0 removed, symbols: 90708 processed, 0 removed
[2020-09-08T09:46:27.862-0300][gc             ] GC(193) Pause Remark 53M->53M(107M) 33.472ms
[2020-09-08T09:46:27.862-0300][gc,cpu         ] GC(193) User=0.12s Sys=0.00s Real=0.04s
[2020-09-08T09:46:27.863-0300][gc,marking     ] GC(193) Concurrent Rebuild Remembered Sets
[2020-09-08T09:46:28.068-0300][gc,marking     ] GC(193) Concurrent Rebuild Remembered Sets 205.467ms
[2020-09-08T09:46:28.070-0300][gc,start       ] GC(193) Pause Cleanup
[2020-09-08T09:46:28.070-0300][gc             ] GC(193) Pause Cleanup 55M->55M(107M) 0.515ms
[2020-09-08T09:46:28.071-0300][gc,cpu         ] GC(193) User=0.00s Sys=0.00s Real=0.00s
[2020-09-08T09:46:28.071-0300][gc,marking     ] GC(193) Concurrent Cleanup for Next Mark
[2020-09-08T09:46:28.073-0300][gc,marking     ] GC(193) Concurrent Cleanup for Next Mark 1.297ms
[2020-09-08T09:46:28.073-0300][gc             ] GC(193) Concurrent Cycle 579.446ms
[2020-09-08T09:46:36.985-0300][gc,heap        ] GC(194) Heap before GC invocations=194 (full 1): garbage-first heap   total 109568K, used 83996K [0x0000000083000000, 0x0000000100000000)
[2020-09-08T09:46:36.985-0300][gc,heap        ] GC(194)   region size 1024K, 37 young (37888K), 2 survivors (2048K)
[2020-09-08T09:46:36.985-0300][gc,heap        ] GC(194)  Metaspace       used 40077K, capacity 43286K, committed 43392K, reserved 1087488K
[2020-09-08T09:46:36.985-0300][gc,heap        ] GC(194)   class space    used 4460K, capacity 5706K, committed 5760K, reserved 1048576K
[2020-09-08T09:46:36.986-0300][gc,start       ] GC(194) Pause Young (Prepare Mixed) (G1 Evacuation Pause)
[2020-09-08T09:46:36.986-0300][gc,task        ] GC(194) Using 4 workers of 4 for evacuation
[2020-09-08T09:46:37.003-0300][gc,phases      ] GC(194)   Pre Evacuate Collection Set: 0.1ms
[2020-09-08T09:46:37.004-0300][gc,phases      ] GC(194)   Evacuate Collection Set: 9.5ms
[2020-09-08T09:46:37.004-0300][gc,phases      ] GC(194)   Post Evacuate Collection Set: 7.3ms
[2020-09-08T09:46:37.004-0300][gc,phases      ] GC(194)   Other: 1.3ms
[2020-09-08T09:46:37.004-0300][gc,heap        ] GC(194) Eden regions: 35->0(4)
[2020-09-08T09:46:37.004-0300][gc,heap        ] GC(194) Survivor regions: 2->1(5)
[2020-09-08T09:46:37.004-0300][gc,heap        ] GC(194) Old regions: 43->43
[2020-09-08T09:46:37.004-0300][gc,heap        ] GC(194) Humongous regions: 6->4
[2020-09-08T09:46:37.004-0300][gc,metaspace   ] GC(194) Metaspace: 40077K->40077K(1087488K)
[2020-09-08T09:46:37.004-0300][gc,heap        ] GC(194) Heap after GC invocations=195 (full 1): garbage-first heap   total 109568K, used 46186K [0x0000000083000000, 0x0000000100000000)
[2020-09-08T09:46:37.004-0300][gc,heap        ] GC(194)   region size 1024K, 1 young (1024K), 1 survivors (1024K)
[2020-09-08T09:46:37.004-0300][gc,heap        ] GC(194)  Metaspace       used 40077K, capacity 43286K, committed 43392K, reserved 1087488K
[2020-09-08T09:46:37.004-0300][gc,heap        ] GC(194)   class space    used 4460K, capacity 5706K, committed 5760K, reserved 1048576K
[2020-09-08T09:46:37.004-0300][gc             ] GC(194) Pause Young (Prepare Mixed) (G1 Evacuation Pause) 83M->45M(107M) 18.629ms
[2020-09-08T09:46:37.004-0300][gc,cpu         ] GC(194) User=0.04s Sys=0.00s Real=0.02s
[2020-09-08T09:46:37.444-0300][gc,heap        ] GC(195) Heap before GC invocations=195 (full 1): garbage-first heap   total 109568K, used 49258K [0x0000000083000000, 0x0000000100000000)
[2020-09-08T09:46:37.444-0300][gc,heap        ] GC(195)   region size 1024K, 5 young (5120K), 1 survivors (1024K)
[2020-09-08T09:46:37.444-0300][gc,heap        ] GC(195)  Metaspace       used 40082K, capacity 43286K, committed 43392K, reserved 1087488K
[2020-09-08T09:46:37.444-0300][gc,heap        ] GC(195)   class space    used 4460K, capacity 5706K, committed 5760K, reserved 1048576K
[2020-09-08T09:46:37.444-0300][gc,start       ] GC(195) Pause Young (Mixed) (G1 Evacuation Pause)
[2020-09-08T09:46:37.444-0300][gc,task        ] GC(195) Using 4 workers of 4 for evacuation
[2020-09-08T09:46:37.458-0300][gc,phases      ] GC(195)   Pre Evacuate Collection Set: 0.1ms
[2020-09-08T09:46:37.458-0300][gc,phases      ] GC(195)   Evacuate Collection Set: 10.8ms
[2020-09-08T09:46:37.458-0300][gc,phases      ] GC(195)   Post Evacuate Collection Set: 1.9ms
[2020-09-08T09:46:37.458-0300][gc,phases      ] GC(195)   Other: 1.1ms
[2020-09-08T09:46:37.458-0300][gc,heap        ] GC(195) Eden regions: 4->0(38)
[2020-09-08T09:46:37.458-0300][gc,heap        ] GC(195) Survivor regions: 1->1(1)
[2020-09-08T09:46:37.458-0300][gc,heap        ] GC(195) Old regions: 43->42
[2020-09-08T09:46:37.458-0300][gc,heap        ] GC(195) Humongous regions: 4->4
[2020-09-08T09:46:37.458-0300][gc,metaspace   ] GC(195) Metaspace: 40082K->40082K(1087488K)
[2020-09-08T09:46:37.458-0300][gc,heap        ] GC(195) Heap after GC invocations=196 (full 1): garbage-first heap   total 109568K, used 45321K [0x0000000083000000, 0x0000000100000000)
[2020-09-08T09:46:37.458-0300][gc,heap        ] GC(195)   region size 1024K, 1 young (1024K), 1 survivors (1024K)
[2020-09-08T09:46:37.458-0300][gc,heap        ] GC(195)  Metaspace       used 40082K, capacity 43286K, committed 43392K, reserved 1087488K
[2020-09-08T09:46:37.458-0300][gc,heap        ] GC(195)   class space    used 4460K, capacity 5706K, committed 5760K, reserved 1048576K
[2020-09-08T09:46:37.458-0300][gc             ] GC(195) Pause Young (Mixed) (G1 Evacuation Pause) 49M->44M(107M) 14.289ms
[2020-09-08T09:46:37.458-0300][gc,cpu         ] GC(195) User=0.04s Sys=0.00s Real=0.01s
[2020-09-08T09:46:47.448-0300][gc,heap        ] GC(196) Heap before GC invocations=196 (full 1): garbage-first heap   total 109568K, used 85257K [0x0000000083000000, 0x0000000100000000)
[2020-09-08T09:46:47.448-0300][gc,heap        ] GC(196)   region size 1024K, 39 young (39936K), 1 survivors (1024K)
[2020-09-08T09:46:47.448-0300][gc,heap        ] GC(196)  Metaspace       used 40096K, capacity 43350K, committed 43648K, reserved 1087488K
[2020-09-08T09:46:47.448-0300][gc,heap        ] GC(196)   class space    used 4460K, capacity 5706K, committed 5760K, reserved 1048576K
[2020-09-08T09:46:47.448-0300][gc,start       ] GC(196) Pause Young (Normal) (G1 Evacuation Pause)
[2020-09-08T09:46:47.448-0300][gc,task        ] GC(196) Using 4 workers of 4 for evacuation
[2020-09-08T09:46:47.475-0300][gc,phases      ] GC(196)   Pre Evacuate Collection Set: 0.1ms
[2020-09-08T09:46:47.475-0300][gc,phases      ] GC(196)   Evacuate Collection Set: 16.2ms
[2020-09-08T09:46:47.475-0300][gc,phases      ] GC(196)   Post Evacuate Collection Set: 9.0ms
[2020-09-08T09:46:47.475-0300][gc,phases      ] GC(196)   Other: 1.3ms
[2020-09-08T09:46:47.475-0300][gc,heap        ] GC(196) Eden regions: 38->0(39)
[2020-09-08T09:46:47.475-0300][gc,heap        ] GC(196) Survivor regions: 1->2(5)
[2020-09-08T09:46:47.475-0300][gc,heap        ] GC(196) Old regions: 42->42
[2020-09-08T09:46:47.475-0300][gc,heap        ] GC(196) Humongous regions: 6->4
[2020-09-08T09:46:47.475-0300][gc,metaspace   ] GC(196) Metaspace: 40096K->40096K(1087488K)
[2020-09-08T09:46:47.475-0300][gc,heap        ] GC(196) Heap after GC invocations=197 (full 1): garbage-first heap   total 109568K, used 45696K [0x0000000083000000, 0x0000000100000000)
[2020-09-08T09:46:47.475-0300][gc,heap        ] GC(196)   region size 1024K, 2 young (2048K), 2 survivors (2048K)
[2020-09-08T09:46:47.475-0300][gc,heap        ] GC(196)  Metaspace       used 40096K, capacity 43350K, committed 43648K, reserved 1087488K
[2020-09-08T09:46:47.476-0300][gc,heap        ] GC(196)   class space    used 4460K, capacity 5706K, committed 5760K, reserved 1048576K
[2020-09-08T09:46:47.476-0300][gc             ] GC(196) Pause Young (Normal) (G1 Evacuation Pause) 84M->44M(107M) 27.415ms
[2020-09-08T09:46:47.476-0300][gc,cpu         ] GC(196) User=0.05s Sys=0.01s Real=0.03s
[2020-09-08T09:46:47.539-0300][gc,heap        ] GC(197) Heap before GC invocations=197 (full 1): garbage-first heap   total 109568K, used 53888K [0x0000000083000000, 0x0000000100000000)
[2020-09-08T09:46:47.539-0300][gc,heap        ] GC(197)   region size 1024K, 12 young (12288K), 2 survivors (2048K)
[2020-09-08T09:46:47.539-0300][gc,heap        ] GC(197)  Metaspace       used 40096K, capacity 43350K, committed 43648K, reserved 1087488K
[2020-09-08T09:46:47.539-0300][gc,heap        ] GC(197)   class space    used 4460K, capacity 5706K, committed 5760K, reserved 1048576K
[2020-09-08T09:46:47.539-0300][gc,start       ] GC(197) Pause Young (Concurrent Start) (G1 Humongous Allocation)
[2020-09-08T09:46:47.539-0300][gc,task        ] GC(197) Using 4 workers of 4 for evacuation
[2020-09-08T09:46:47.551-0300][gc,phases      ] GC(197)   Pre Evacuate Collection Set: 0.4ms
[2020-09-08T09:46:47.551-0300][gc,phases      ] GC(197)   Evacuate Collection Set: 8.6ms
[2020-09-08T09:46:47.551-0300][gc,phases      ] GC(197)   Post Evacuate Collection Set: 1.5ms
[2020-09-08T09:46:47.551-0300][gc,phases      ] GC(197)   Other: 1.5ms
[2020-09-08T09:46:47.551-0300][gc,heap        ] GC(197) Eden regions: 10->0(40)
[2020-09-08T09:46:47.551-0300][gc,heap        ] GC(197) Survivor regions: 2->2(6)
[2020-09-08T09:46:47.551-0300][gc,heap        ] GC(197) Old regions: 42->42
[2020-09-08T09:46:47.551-0300][gc,heap        ] GC(197) Humongous regions: 4->4
[2020-09-08T09:46:47.551-0300][gc,metaspace   ] GC(197) Metaspace: 40096K->40096K(1087488K)
[2020-09-08T09:46:47.551-0300][gc,heap        ] GC(197) Heap after GC invocations=198 (full 1): garbage-first heap   total 109568K, used 46072K [0x0000000083000000, 0x0000000100000000)
[2020-09-08T09:46:47.551-0300][gc,heap        ] GC(197)   region size 1024K, 2 young (2048K), 2 survivors (2048K)
[2020-09-08T09:46:47.551-0300][gc,heap        ] GC(197)  Metaspace       used 40096K, capacity 43350K, committed 43648K, reserved 1087488K
[2020-09-08T09:46:47.551-0300][gc,heap        ] GC(197)   class space    used 4460K, capacity 5706K, committed 5760K, reserved 1048576K
[2020-09-08T09:46:47.551-0300][gc             ] GC(197) Pause Young (Concurrent Start) (G1 Humongous Allocation) 54M->44M(107M) 12.214ms
[2020-09-08T09:46:47.552-0300][gc,cpu         ] GC(197) User=0.03s Sys=0.01s Real=0.02s
[2020-09-08T09:46:47.552-0300][gc             ] GC(198) Concurrent Cycle
[2020-09-08T09:46:47.552-0300][gc,marking     ] GC(198) Concurrent Clear Claimed Marks
[2020-09-08T09:46:47.553-0300][gc,marking     ] GC(198) Concurrent Clear Claimed Marks 1.325ms
[2020-09-08T09:46:47.553-0300][gc,marking     ] GC(198) Concurrent Scan Root Regions
[2020-09-08T09:46:47.562-0300][gc,marking     ] GC(198) Concurrent Scan Root Regions 8.519ms
[2020-09-08T09:46:47.562-0300][gc,marking     ] GC(198) Concurrent Mark (665.036s)
[2020-09-08T09:46:47.562-0300][gc,marking     ] GC(198) Concurrent Mark From Roots
[2020-09-08T09:46:47.562-0300][gc,task        ] GC(198) Using 1 workers of 1 for marking
[2020-09-08T09:46:47.843-0300][gc,marking     ] GC(198) Concurrent Mark From Roots 280.461ms
[2020-09-08T09:46:47.843-0300][gc,marking     ] GC(198) Concurrent Preclean
[2020-09-08T09:46:47.843-0300][gc,marking     ] GC(198) Concurrent Preclean 0.332ms
[2020-09-08T09:46:47.843-0300][gc,marking     ] GC(198) Concurrent Mark (665.036s, 665.317s) 281.088ms
[2020-09-08T09:46:47.844-0300][gc,start       ] GC(198) Pause Remark
[2020-09-08T09:46:47.875-0300][gc,stringtable ] GC(198) Cleaned string and symbol table, strings: 22975 processed, 0 removed, symbols: 90708 processed, 0 removed
[2020-09-08T09:46:47.876-0300][gc             ] GC(198) Pause Remark 49M->49M(107M) 31.480ms
[2020-09-08T09:46:47.876-0300][gc,cpu         ] GC(198) User=0.12s Sys=0.00s Real=0.03s
[2020-09-08T09:46:47.877-0300][gc,marking     ] GC(198) Concurrent Rebuild Remembered Sets
[2020-09-08T09:46:48.028-0300][gc,marking     ] GC(198) Concurrent Rebuild Remembered Sets 150.968ms
[2020-09-08T09:46:48.029-0300][gc,start       ] GC(198) Pause Cleanup
[2020-09-08T09:46:48.030-0300][gc             ] GC(198) Pause Cleanup 49M->49M(107M) 0.522ms
[2020-09-08T09:46:48.030-0300][gc,cpu         ] GC(198) User=0.00s Sys=0.00s Real=0.00s
[2020-09-08T09:46:48.030-0300][gc,marking     ] GC(198) Concurrent Cleanup for Next Mark
[2020-09-08T09:46:48.031-0300][gc,marking     ] GC(198) Concurrent Cleanup for Next Mark 1.236ms
[2020-09-08T09:46:48.031-0300][gc             ] GC(198) Concurrent Cycle 479.780ms
[2020-09-08T09:46:57.560-0300][gc,heap        ] GC(199) Heap before GC invocations=199 (full 1): garbage-first heap   total 109568K, used 79864K [0x0000000083000000, 0x0000000100000000)
[2020-09-08T09:46:57.560-0300][gc,heap        ] GC(199)   region size 1024K, 35 young (35840K), 2 survivors (2048K)
[2020-09-08T09:46:57.560-0300][gc,heap        ] GC(199)  Metaspace       used 40110K, capacity 43350K, committed 43648K, reserved 1087488K
[2020-09-08T09:46:57.560-0300][gc,heap        ] GC(199)   class space    used 4460K, capacity 5706K, committed 5760K, reserved 1048576K
[2020-09-08T09:46:57.561-0300][gc,start       ] GC(199) Pause Young (Concurrent Start) (G1 Humongous Allocation)
[2020-09-08T09:46:57.561-0300][gc,task        ] GC(199) Using 4 workers of 4 for evacuation
[2020-09-08T09:46:57.580-0300][gc,phases      ] GC(199)   Pre Evacuate Collection Set: 0.6ms
[2020-09-08T09:46:57.581-0300][gc,phases      ] GC(199)   Evacuate Collection Set: 15.5ms
[2020-09-08T09:46:57.581-0300][gc,phases      ] GC(199)   Post Evacuate Collection Set: 2.5ms
[2020-09-08T09:46:57.581-0300][gc,phases      ] GC(199)   Other: 1.7ms
[2020-09-08T09:46:57.581-0300][gc,heap        ] GC(199) Eden regions: 33->0(41)
[2020-09-08T09:46:57.581-0300][gc,heap        ] GC(199) Survivor regions: 2->2(6)
[2020-09-08T09:46:57.581-0300][gc,heap        ] GC(199) Old regions: 42->42
[2020-09-08T09:46:57.581-0300][gc,heap        ] GC(199) Humongous regions: 6->4
[2020-09-08T09:46:57.581-0300][gc,metaspace   ] GC(199) Metaspace: 40110K->40110K(1087488K)
[2020-09-08T09:46:57.581-0300][gc,heap        ] GC(199) Heap after GC invocations=200 (full 1): garbage-first heap   total 109568K, used 46394K [0x0000000083000000, 0x0000000100000000)
[2020-09-08T09:46:57.581-0300][gc,heap        ] GC(199)   region size 1024K, 2 young (2048K), 2 survivors (2048K)
[2020-09-08T09:46:57.581-0300][gc,heap        ] GC(199)  Metaspace       used 40110K, capacity 43350K, committed 43648K, reserved 1087488K
[2020-09-08T09:46:57.581-0300][gc,heap        ] GC(199)   class space    used 4460K, capacity 5706K, committed 5760K, reserved 1048576K
[2020-09-08T09:46:57.581-0300][gc             ] GC(199) Pause Young (Concurrent Start) (G1 Humongous Allocation) 79M->45M(107M) 20.621ms
[2020-09-08T09:46:57.581-0300][gc,cpu         ] GC(199) User=0.06s Sys=0.01s Real=0.03s
[2020-09-08T09:46:57.582-0300][gc             ] GC(200) Concurrent Cycle
[2020-09-08T09:46:57.582-0300][gc,marking     ] GC(200) Concurrent Clear Claimed Marks
[2020-09-08T09:46:57.583-0300][gc,marking     ] GC(200) Concurrent Clear Claimed Marks 0.469ms
[2020-09-08T09:46:57.583-0300][gc,marking     ] GC(200) Concurrent Scan Root Regions
[2020-09-08T09:46:57.607-0300][gc,marking     ] GC(200) Concurrent Scan Root Regions 24.570ms
[2020-09-08T09:46:57.607-0300][gc,marking     ] GC(200) Concurrent Mark (675.081s)
[2020-09-08T09:46:57.607-0300][gc,marking     ] GC(200) Concurrent Mark From Roots
[2020-09-08T09:46:57.608-0300][gc,task        ] GC(200) Using 1 workers of 1 for marking
[2020-09-08T09:46:57.921-0300][gc,marking     ] GC(200) Concurrent Mark From Roots 313.248ms
[2020-09-08T09:46:57.921-0300][gc,marking     ] GC(200) Concurrent Preclean
[2020-09-08T09:46:57.921-0300][gc,marking     ] GC(200) Concurrent Preclean 0.453ms
[2020-09-08T09:46:57.922-0300][gc,marking     ] GC(200) Concurrent Mark (675.081s, 675.395s) 314.207ms
[2020-09-08T09:46:57.923-0300][gc,start       ] GC(200) Pause Remark
[2020-09-08T09:46:57.987-0300][gc,stringtable ] GC(200) Cleaned string and symbol table, strings: 22986 processed, 0 removed, symbols: 90708 processed, 0 removed
[2020-09-08T09:46:57.988-0300][gc             ] GC(200) Pause Remark 53M->53M(107M) 65.193ms
[2020-09-08T09:46:57.989-0300][gc,cpu         ] GC(200) User=0.19s Sys=0.01s Real=0.06s
[2020-09-08T09:46:57.989-0300][gc,marking     ] GC(200) Concurrent Rebuild Remembered Sets
[2020-09-08T09:46:58.163-0300][gc,marking     ] GC(200) Concurrent Rebuild Remembered Sets 173.787ms
[2020-09-08T09:46:58.164-0300][gc,start       ] GC(200) Pause Cleanup
[2020-09-08T09:46:58.165-0300][gc             ] GC(200) Pause Cleanup 53M->53M(107M) 1.018ms
[2020-09-08T09:46:58.165-0300][gc,cpu         ] GC(200) User=0.00s Sys=0.00s Real=0.00s
[2020-09-08T09:46:58.166-0300][gc,marking     ] GC(200) Concurrent Cleanup for Next Mark
[2020-09-08T09:46:58.170-0300][gc,marking     ] GC(200) Concurrent Cleanup for Next Mark 3.721ms
[2020-09-08T09:46:58.170-0300][gc             ] GC(200) Concurrent Cycle 588.195ms
[2020-09-08T09:47:07.523-0300][gc,heap        ] GC(201) Heap before GC invocations=201 (full 1): garbage-first heap   total 109568K, used 88378K [0x0000000083000000, 0x0000000100000000)
[2020-09-08T09:47:07.524-0300][gc,heap        ] GC(201)   region size 1024K, 43 young (44032K), 2 survivors (2048K)
[2020-09-08T09:47:07.524-0300][gc,heap        ] GC(201)  Metaspace       used 40110K, capacity 43350K, committed 43648K, reserved 1087488K
[2020-09-08T09:47:07.524-0300][gc,heap        ] GC(201)   class space    used 4460K, capacity 5706K, committed 5760K, reserved 1048576K
[2020-09-08T09:47:07.524-0300][gc,start       ] GC(201) Pause Young (Concurrent Start) (G1 Humongous Allocation)
[2020-09-08T09:47:07.524-0300][gc,task        ] GC(201) Using 4 workers of 4 for evacuation
[2020-09-08T09:47:07.552-0300][gc,phases      ] GC(201)   Pre Evacuate Collection Set: 0.4ms
[2020-09-08T09:47:07.552-0300][gc,phases      ] GC(201)   Evacuate Collection Set: 22.0ms
[2020-09-08T09:47:07.552-0300][gc,phases      ] GC(201)   Post Evacuate Collection Set: 4.1ms
[2020-09-08T09:47:07.553-0300][gc,phases      ] GC(201)   Other: 2.3ms
[2020-09-08T09:47:07.553-0300][gc,heap        ] GC(201) Eden regions: 41->0(40)
[2020-09-08T09:47:07.553-0300][gc,heap        ] GC(201) Survivor regions: 2->3(6)
[2020-09-08T09:47:07.553-0300][gc,heap        ] GC(201) Old regions: 42->42
[2020-09-08T09:47:07.553-0300][gc,heap        ] GC(201) Humongous regions: 6->4
[2020-09-08T09:47:07.553-0300][gc,metaspace   ] GC(201) Metaspace: 40110K->40110K(1087488K)
[2020-09-08T09:47:07.553-0300][gc,heap        ] GC(201) Heap after GC invocations=202 (full 1): garbage-first heap   total 109568K, used 47153K [0x0000000083000000, 0x0000000100000000)
[2020-09-08T09:47:07.553-0300][gc,heap        ] GC(201)   region size 1024K, 3 young (3072K), 3 survivors (3072K)
[2020-09-08T09:47:07.553-0300][gc,heap        ] GC(201)  Metaspace       used 40110K, capacity 43350K, committed 43648K, reserved 1087488K
[2020-09-08T09:47:07.553-0300][gc,heap        ] GC(201)   class space    used 4460K, capacity 5706K, committed 5760K, reserved 1048576K
[2020-09-08T09:47:07.553-0300][gc             ] GC(201) Pause Young (Concurrent Start) (G1 Humongous Allocation) 87M->46M(107M) 29.289ms
[2020-09-08T09:47:07.553-0300][gc,cpu         ] GC(201) User=0.09s Sys=0.01s Real=0.03s
[2020-09-08T09:47:07.554-0300][gc             ] GC(202) Concurrent Cycle
[2020-09-08T09:47:07.554-0300][gc,marking     ] GC(202) Concurrent Clear Claimed Marks
[2020-09-08T09:47:07.554-0300][gc,marking     ] GC(202) Concurrent Clear Claimed Marks 0.563ms
[2020-09-08T09:47:07.555-0300][gc,marking     ] GC(202) Concurrent Scan Root Regions
[2020-09-08T09:47:07.579-0300][gc,marking     ] GC(202) Concurrent Scan Root Regions 24.346ms
[2020-09-08T09:47:07.579-0300][gc,marking     ] GC(202) Concurrent Mark (685.053s)
[2020-09-08T09:47:07.579-0300][gc,marking     ] GC(202) Concurrent Mark From Roots
[2020-09-08T09:47:07.579-0300][gc,task        ] GC(202) Using 1 workers of 1 for marking
[2020-09-08T09:47:07.882-0300][gc,marking     ] GC(202) Concurrent Mark From Roots 302.579ms
[2020-09-08T09:47:07.882-0300][gc,marking     ] GC(202) Concurrent Preclean
[2020-09-08T09:47:07.882-0300][gc,marking     ] GC(202) Concurrent Preclean 0.312ms
[2020-09-08T09:47:07.882-0300][gc,marking     ] GC(202) Concurrent Mark (685.053s, 685.356s) 303.243ms
[2020-09-08T09:47:07.884-0300][gc,start       ] GC(202) Pause Remark
[2020-09-08T09:47:07.929-0300][gc,stringtable ] GC(202) Cleaned string and symbol table, strings: 22992 processed, 0 removed, symbols: 90708 processed, 0 removed
[2020-09-08T09:47:07.929-0300][gc             ] GC(202) Pause Remark 53M->53M(107M) 45.821ms
[2020-09-08T09:47:07.930-0300][gc,cpu         ] GC(202) User=0.17s Sys=0.00s Real=0.04s
[2020-09-08T09:47:07.931-0300][gc,marking     ] GC(202) Concurrent Rebuild Remembered Sets
[2020-09-08T09:47:08.090-0300][gc,marking     ] GC(202) Concurrent Rebuild Remembered Sets 159.454ms
[2020-09-08T09:47:08.091-0300][gc,start       ] GC(202) Pause Cleanup
[2020-09-08T09:47:08.092-0300][gc             ] GC(202) Pause Cleanup 54M->54M(107M) 0.641ms
[2020-09-08T09:47:08.092-0300][gc,cpu         ] GC(202) User=0.00s Sys=0.00s Real=0.00s
[2020-09-08T09:47:08.093-0300][gc,marking     ] GC(202) Concurrent Cleanup for Next Mark
[2020-09-08T09:47:08.094-0300][gc,marking     ] GC(202) Concurrent Cleanup for Next Mark 1.415ms
[2020-09-08T09:47:08.094-0300][gc             ] GC(202) Concurrent Cycle 540.511ms
[2020-09-08T09:47:17.499-0300][gc,heap        ] GC(203) Heap before GC invocations=203 (full 1): garbage-first heap   total 109568K, used 89137K [0x0000000083000000, 0x0000000100000000)
[2020-09-08T09:47:17.499-0300][gc,heap        ] GC(203)   region size 1024K, 43 young (44032K), 3 survivors (3072K)
[2020-09-08T09:47:17.499-0300][gc,heap        ] GC(203)  Metaspace       used 40111K, capacity 43350K, committed 43648K, reserved 1087488K
[2020-09-08T09:47:17.499-0300][gc,heap        ] GC(203)   class space    used 4460K, capacity 5706K, committed 5760K, reserved 1048576K
[2020-09-08T09:47:17.500-0300][gc,start       ] GC(203) Pause Young (Prepare Mixed) (G1 Evacuation Pause)
[2020-09-08T09:47:17.500-0300][gc,task        ] GC(203) Using 4 workers of 4 for evacuation
[2020-09-08T09:47:17.519-0300][gc,phases      ] GC(203)   Pre Evacuate Collection Set: 0.1ms
[2020-09-08T09:47:17.519-0300][gc,phases      ] GC(203)   Evacuate Collection Set: 16.2ms
[2020-09-08T09:47:17.519-0300][gc,phases      ] GC(203)   Post Evacuate Collection Set: 2.5ms
[2020-09-08T09:47:17.519-0300][gc,phases      ] GC(203)   Other: 1.2ms
[2020-09-08T09:47:17.519-0300][gc,heap        ] GC(203) Eden regions: 40->0(2)
[2020-09-08T09:47:17.520-0300][gc,heap        ] GC(203) Survivor regions: 3->3(6)
[2020-09-08T09:47:17.520-0300][gc,heap        ] GC(203) Old regions: 42->42
[2020-09-08T09:47:17.520-0300][gc,heap        ] GC(203) Humongous regions: 6->4
[2020-09-08T09:47:17.520-0300][gc,metaspace   ] GC(203) Metaspace: 40111K->40111K(1087488K)
[2020-09-08T09:47:17.520-0300][gc,heap        ] GC(203) Heap after GC invocations=204 (full 1): garbage-first heap   total 109568K, used 46845K [0x0000000083000000, 0x0000000100000000)
[2020-09-08T09:47:17.520-0300][gc,heap        ] GC(203)   region size 1024K, 3 young (3072K), 3 survivors (3072K)
[2020-09-08T09:47:17.520-0300][gc,heap        ] GC(203)  Metaspace       used 40111K, capacity 43350K, committed 43648K, reserved 1087488K
[2020-09-08T09:47:17.520-0300][gc,heap        ] GC(203)   class space    used 4460K, capacity 5706K, committed 5760K, reserved 1048576K
[2020-09-08T09:47:17.520-0300][gc             ] GC(203) Pause Young (Prepare Mixed) (G1 Evacuation Pause) 87M->45M(107M) 20.309ms
[2020-09-08T09:47:17.520-0300][gc,cpu         ] GC(203) User=0.06s Sys=0.00s Real=0.02s
[2020-09-08T09:47:17.536-0300][gc,heap        ] GC(204) Heap before GC invocations=204 (full 1): garbage-first heap   total 109568K, used 48893K [0x0000000083000000, 0x0000000100000000)
[2020-09-08T09:47:17.537-0300][gc,heap        ] GC(204)   region size 1024K, 5 young (5120K), 3 survivors (3072K)
[2020-09-08T09:47:17.537-0300][gc,heap        ] GC(204)  Metaspace       used 40111K, capacity 43350K, committed 43648K, reserved 1087488K
[2020-09-08T09:47:17.537-0300][gc,heap        ] GC(204)   class space    used 4460K, capacity 5706K, committed 5760K, reserved 1048576K
[2020-09-08T09:47:17.537-0300][gc,start       ] GC(204) Pause Young (Mixed) (G1 Evacuation Pause)
[2020-09-08T09:47:17.537-0300][gc,task        ] GC(204) Using 4 workers of 4 for evacuation
[2020-09-08T09:47:17.563-0300][gc,phases      ] GC(204)   Pre Evacuate Collection Set: 0.1ms
[2020-09-08T09:47:17.563-0300][gc,phases      ] GC(204)   Evacuate Collection Set: 23.4ms
[2020-09-08T09:47:17.563-0300][gc,phases      ] GC(204)   Post Evacuate Collection Set: 1.5ms
[2020-09-08T09:47:17.563-0300][gc,phases      ] GC(204)   Other: 1.4ms
[2020-09-08T09:47:17.563-0300][gc,heap        ] GC(204) Eden regions: 2->0(41)
[2020-09-08T09:47:17.563-0300][gc,heap        ] GC(204) Survivor regions: 3->1(1)
[2020-09-08T09:47:17.563-0300][gc,heap        ] GC(204) Old regions: 42->43
[2020-09-08T09:47:17.563-0300][gc,heap        ] GC(204) Humongous regions: 4->4
[2020-09-08T09:47:17.563-0300][gc,metaspace   ] GC(204) Metaspace: 40111K->40111K(1087488K)
[2020-09-08T09:47:17.563-0300][gc,heap        ] GC(204) Heap after GC invocations=205 (full 1): garbage-first heap   total 109568K, used 46519K [0x0000000083000000, 0x0000000100000000)
[2020-09-08T09:47:17.563-0300][gc,heap        ] GC(204)   region size 1024K, 1 young (1024K), 1 survivors (1024K)
[2020-09-08T09:47:17.563-0300][gc,heap        ] GC(204)  Metaspace       used 40111K, capacity 43350K, committed 43648K, reserved 1087488K
[2020-09-08T09:47:17.563-0300][gc,heap        ] GC(204)   class space    used 4460K, capacity 5706K, committed 5760K, reserved 1048576K
[2020-09-08T09:47:17.563-0300][gc             ] GC(204) Pause Young (Mixed) (G1 Evacuation Pause) 47M->45M(107M) 26.488ms
[2020-09-08T09:47:17.564-0300][gc,cpu         ] GC(204) User=0.08s Sys=0.01s Real=0.03s
[2020-09-08T09:47:28.341-0300][gc,heap        ] GC(205) Heap before GC invocations=205 (full 1): garbage-first heap   total 109568K, used 91575K [0x0000000083000000, 0x0000000100000000)
[2020-09-08T09:47:28.341-0300][gc,heap        ] GC(205)   region size 1024K, 42 young (43008K), 1 survivors (1024K)
[2020-09-08T09:47:28.341-0300][gc,heap        ] GC(205)  Metaspace       used 40112K, capacity 43350K, committed 43648K, reserved 1087488K
[2020-09-08T09:47:28.342-0300][gc,heap        ] GC(205)   class space    used 4460K, capacity 5706K, committed 5760K, reserved 1048576K
[2020-09-08T09:47:28.342-0300][gc,start       ] GC(205) Pause Young (Normal) (G1 Evacuation Pause)
[2020-09-08T09:47:28.342-0300][gc,task        ] GC(205) Using 4 workers of 4 for evacuation
[2020-09-08T09:47:28.352-0300][gc,phases      ] GC(205)   Pre Evacuate Collection Set: 0.1ms
[2020-09-08T09:47:28.352-0300][gc,phases      ] GC(205)   Evacuate Collection Set: 7.6ms
[2020-09-08T09:47:28.352-0300][gc,phases      ] GC(205)   Post Evacuate Collection Set: 2.2ms
[2020-09-08T09:47:28.353-0300][gc,phases      ] GC(205)   Other: 1.1ms
[2020-09-08T09:47:28.353-0300][gc,heap        ] GC(205) Eden regions: 41->0(39)
[2020-09-08T09:47:28.353-0300][gc,heap        ] GC(205) Survivor regions: 1->2(6)
[2020-09-08T09:47:28.353-0300][gc,heap        ] GC(205) Old regions: 43->43
[2020-09-08T09:47:28.353-0300][gc,heap        ] GC(205) Humongous regions: 8->6
[2020-09-08T09:47:28.353-0300][gc,metaspace   ] GC(205) Metaspace: 40112K->40112K(1087488K)
[2020-09-08T09:47:28.353-0300][gc,heap        ] GC(205) Heap after GC invocations=206 (full 1): garbage-first heap   total 109568K, used 49999K [0x0000000083000000, 0x0000000100000000)
[2020-09-08T09:47:28.353-0300][gc,heap        ] GC(205)   region size 1024K, 2 young (2048K), 2 survivors (2048K)
[2020-09-08T09:47:28.353-0300][gc,heap        ] GC(205)  Metaspace       used 40112K, capacity 43350K, committed 43648K, reserved 1087488K
[2020-09-08T09:47:28.353-0300][gc,heap        ] GC(205)   class space    used 4460K, capacity 5706K, committed 5760K, reserved 1048576K
[2020-09-08T09:47:28.353-0300][gc             ] GC(205) Pause Young (Normal) (G1 Evacuation Pause) 90M->48M(107M) 11.452ms
[2020-09-08T09:47:28.353-0300][gc,cpu         ] GC(205) User=0.02s Sys=0.00s Real=0.01s
[2020-09-08T09:47:37.619-0300][gc,heap        ] GC(206) Heap before GC invocations=206 (full 1): garbage-first heap   total 109568K, used 77647K [0x0000000083000000, 0x0000000100000000)
[2020-09-08T09:47:37.620-0300][gc,heap        ] GC(206)   region size 1024K, 31 young (31744K), 2 survivors (2048K)
[2020-09-08T09:47:37.620-0300][gc,heap        ] GC(206)  Metaspace       used 40119K, capacity 43350K, committed 43648K, reserved 1087488K
[2020-09-08T09:47:37.620-0300][gc,heap        ] GC(206)   class space    used 4460K, capacity 5706K, committed 5760K, reserved 1048576K
[2020-09-08T09:47:37.620-0300][gc,start       ] GC(206) Pause Young (Concurrent Start) (G1 Humongous Allocation)
[2020-09-08T09:47:37.620-0300][gc,task        ] GC(206) Using 4 workers of 4 for evacuation
[2020-09-08T09:47:37.635-0300][gc,phases      ] GC(206)   Pre Evacuate Collection Set: 0.3ms
[2020-09-08T09:47:37.635-0300][gc,phases      ] GC(206)   Evacuate Collection Set: 11.3ms
[2020-09-08T09:47:37.635-0300][gc,phases      ] GC(206)   Post Evacuate Collection Set: 2.3ms
[2020-09-08T09:47:37.635-0300][gc,phases      ] GC(206)   Other: 1.3ms
[2020-09-08T09:47:37.635-0300][gc,heap        ] GC(206) Eden regions: 29->0(37)
[2020-09-08T09:47:37.635-0300][gc,heap        ] GC(206) Survivor regions: 2->4(6)
[2020-09-08T09:47:37.635-0300][gc,heap        ] GC(206) Old regions: 43->43
[2020-09-08T09:47:37.635-0300][gc,heap        ] GC(206) Humongous regions: 6->6
[2020-09-08T09:47:37.635-0300][gc,metaspace   ] GC(206) Metaspace: 40119K->40119K(1087488K)
[2020-09-08T09:47:37.635-0300][gc,heap        ] GC(206) Heap after GC invocations=207 (full 1): garbage-first heap   total 109568K, used 51506K [0x0000000083000000, 0x0000000100000000)
[2020-09-08T09:47:37.636-0300][gc,heap        ] GC(206)   region size 1024K, 4 young (4096K), 4 survivors (4096K)
[2020-09-08T09:47:37.636-0300][gc,heap        ] GC(206)  Metaspace       used 40119K, capacity 43350K, committed 43648K, reserved 1087488K
[2020-09-08T09:47:37.636-0300][gc,heap        ] GC(206)   class space    used 4460K, capacity 5706K, committed 5760K, reserved 1048576K
[2020-09-08T09:47:37.636-0300][gc             ] GC(206) Pause Young (Concurrent Start) (G1 Humongous Allocation) 77M->50M(107M) 16.021ms
[2020-09-08T09:47:37.637-0300][gc,cpu         ] GC(206) User=0.05s Sys=0.01s Real=0.02s
[2020-09-08T09:47:37.637-0300][gc             ] GC(207) Concurrent Cycle
[2020-09-08T09:47:37.637-0300][gc,marking     ] GC(207) Concurrent Clear Claimed Marks
[2020-09-08T09:47:37.638-0300][gc,marking     ] GC(207) Concurrent Clear Claimed Marks 0.607ms
[2020-09-08T09:47:37.638-0300][gc,marking     ] GC(207) Concurrent Scan Root Regions
[2020-09-08T09:47:37.648-0300][gc,marking     ] GC(207) Concurrent Scan Root Regions 9.858ms
[2020-09-08T09:47:37.648-0300][gc,marking     ] GC(207) Concurrent Mark (715.122s)
[2020-09-08T09:47:37.648-0300][gc,marking     ] GC(207) Concurrent Mark From Roots
[2020-09-08T09:47:37.648-0300][gc,task        ] GC(207) Using 1 workers of 1 for marking
[2020-09-08T09:47:37.921-0300][gc,marking     ] GC(207) Concurrent Mark From Roots 272.482ms
[2020-09-08T09:47:37.921-0300][gc,marking     ] GC(207) Concurrent Preclean
[2020-09-08T09:47:37.921-0300][gc,marking     ] GC(207) Concurrent Preclean 0.313ms
[2020-09-08T09:47:37.921-0300][gc,marking     ] GC(207) Concurrent Mark (715.122s, 715.395s) 273.006ms
[2020-09-08T09:47:37.922-0300][gc,start       ] GC(207) Pause Remark
[2020-09-08T09:47:37.954-0300][gc,stringtable ] GC(207) Cleaned string and symbol table, strings: 23003 processed, 0 removed, symbols: 90709 processed, 0 removed
[2020-09-08T09:47:37.955-0300][gc             ] GC(207) Pause Remark 55M->53M(107M) 32.913ms
[2020-09-08T09:47:37.955-0300][gc,cpu         ] GC(207) User=0.12s Sys=0.00s Real=0.03s
[2020-09-08T09:47:37.956-0300][gc,marking     ] GC(207) Concurrent Rebuild Remembered Sets
[2020-09-08T09:47:38.111-0300][gc,marking     ] GC(207) Concurrent Rebuild Remembered Sets 155.003ms
[2020-09-08T09:47:38.112-0300][gc,start       ] GC(207) Pause Cleanup
[2020-09-08T09:47:38.112-0300][gc             ] GC(207) Pause Cleanup 53M->53M(107M) 0.477ms
[2020-09-08T09:47:38.113-0300][gc,cpu         ] GC(207) User=0.00s Sys=0.00s Real=0.00s
[2020-09-08T09:47:38.113-0300][gc,marking     ] GC(207) Concurrent Cleanup for Next Mark
[2020-09-08T09:47:38.114-0300][gc,marking     ] GC(207) Concurrent Cleanup for Next Mark 1.233ms
[2020-09-08T09:47:38.114-0300][gc             ] GC(207) Concurrent Cycle 477.140ms
[2020-09-08T09:47:47.350-0300][gc,heap        ] GC(208) Heap before GC invocations=208 (full 1): garbage-first heap   total 109568K, used 88370K [0x0000000083000000, 0x0000000100000000)
[2020-09-08T09:47:47.350-0300][gc,heap        ] GC(208)   region size 1024K, 41 young (41984K), 4 survivors (4096K)
[2020-09-08T09:47:47.350-0300][gc,heap        ] GC(208)  Metaspace       used 40122K, capacity 43350K, committed 43648K, reserved 1087488K
[2020-09-08T09:47:47.350-0300][gc,heap        ] GC(208)   class space    used 4460K, capacity 5706K, committed 5760K, reserved 1048576K
[2020-09-08T09:47:47.350-0300][gc,start       ] GC(208) Pause Young (Prepare Mixed) (G1 Evacuation Pause)
[2020-09-08T09:47:47.350-0300][gc,task        ] GC(208) Using 4 workers of 4 for evacuation
[2020-09-08T09:47:47.370-0300][gc,phases      ] GC(208)   Pre Evacuate Collection Set: 0.1ms
[2020-09-08T09:47:47.371-0300][gc,phases      ] GC(208)   Evacuate Collection Set: 14.1ms
[2020-09-08T09:47:47.371-0300][gc,phases      ] GC(208)   Post Evacuate Collection Set: 5.2ms
[2020-09-08T09:47:47.371-0300][gc,phases      ] GC(208)   Other: 1.2ms
[2020-09-08T09:47:47.371-0300][gc,heap        ] GC(208) Eden regions: 37->0(3)
[2020-09-08T09:47:47.371-0300][gc,heap        ] GC(208) Survivor regions: 4->2(6)
[2020-09-08T09:47:47.371-0300][gc,heap        ] GC(208) Old regions: 43->44
[2020-09-08T09:47:47.371-0300][gc,heap        ] GC(208) Humongous regions: 6->4
[2020-09-08T09:47:47.371-0300][gc,metaspace   ] GC(208) Metaspace: 40122K->40122K(1087488K)
[2020-09-08T09:47:47.371-0300][gc,heap        ] GC(208) Heap after GC invocations=209 (full 1): garbage-first heap   total 109568K, used 47371K [0x0000000083000000, 0x0000000100000000)
[2020-09-08T09:47:47.371-0300][gc,heap        ] GC(208)   region size 1024K, 2 young (2048K), 2 survivors (2048K)
[2020-09-08T09:47:47.371-0300][gc,heap        ] GC(208)  Metaspace       used 40122K, capacity 43350K, committed 43648K, reserved 1087488K
[2020-09-08T09:47:47.371-0300][gc,heap        ] GC(208)   class space    used 4460K, capacity 5706K, committed 5760K, reserved 1048576K
[2020-09-08T09:47:47.371-0300][gc             ] GC(208) Pause Young (Prepare Mixed) (G1 Evacuation Pause) 87M->46M(107M) 21.088ms
[2020-09-08T09:47:47.372-0300][gc,cpu         ] GC(208) User=0.06s Sys=0.00s Real=0.03s
[2020-09-08T09:47:47.603-0300][gc,heap        ] GC(209) Heap before GC invocations=209 (full 1): garbage-first heap   total 109568K, used 49419K [0x0000000083000000, 0x0000000100000000)
[2020-09-08T09:47:47.603-0300][gc,heap        ] GC(209)   region size 1024K, 5 young (5120K), 2 survivors (2048K)
[2020-09-08T09:47:47.603-0300][gc,heap        ] GC(209)  Metaspace       used 40122K, capacity 43350K, committed 43648K, reserved 1087488K
[2020-09-08T09:47:47.603-0300][gc,heap        ] GC(209)   class space    used 4460K, capacity 5706K, committed 5760K, reserved 1048576K
[2020-09-08T09:47:47.603-0300][gc,start       ] GC(209) Pause Young (Mixed) (G1 Evacuation Pause)
[2020-09-08T09:47:47.604-0300][gc,task        ] GC(209) Using 4 workers of 4 for evacuation
[2020-09-08T09:47:47.633-0300][gc,phases      ] GC(209)   Pre Evacuate Collection Set: 0.1ms
[2020-09-08T09:47:47.633-0300][gc,phases      ] GC(209)   Evacuate Collection Set: 26.7ms
[2020-09-08T09:47:47.633-0300][gc,phases      ] GC(209)   Post Evacuate Collection Set: 2.1ms
[2020-09-08T09:47:47.633-0300][gc,phases      ] GC(209)   Other: 1.3ms
[2020-09-08T09:47:47.634-0300][gc,heap        ] GC(209) Eden regions: 3->0(41)
[2020-09-08T09:47:47.634-0300][gc,heap        ] GC(209) Survivor regions: 2->1(1)
[2020-09-08T09:47:47.634-0300][gc,heap        ] GC(209) Old regions: 44->43
[2020-09-08T09:47:47.634-0300][gc,heap        ] GC(209) Humongous regions: 4->4
[2020-09-08T09:47:47.634-0300][gc,metaspace   ] GC(209) Metaspace: 40122K->40122K(1087488K)
[2020-09-08T09:47:47.634-0300][gc,heap        ] GC(209) Heap after GC invocations=210 (full 1): garbage-first heap   total 109568K, used 46301K [0x0000000083000000, 0x0000000100000000)
[2020-09-08T09:47:47.634-0300][gc,heap        ] GC(209)   region size 1024K, 1 young (1024K), 1 survivors (1024K)
[2020-09-08T09:47:47.634-0300][gc,heap        ] GC(209)  Metaspace       used 40122K, capacity 43350K, committed 43648K, reserved 1087488K
[2020-09-08T09:47:47.634-0300][gc,heap        ] GC(209)   class space    used 4460K, capacity 5706K, committed 5760K, reserved 1048576K
[2020-09-08T09:47:47.634-0300][gc             ] GC(209) Pause Young (Mixed) (G1 Evacuation Pause) 49M->45M(107M) 30.505ms
[2020-09-08T09:47:47.634-0300][gc,cpu         ] GC(209) User=0.08s Sys=0.00s Real=0.03s
[2020-09-08T09:47:53.975-0300][gc,heap        ] GC(210) Heap before GC invocations=210 (full 1): garbage-first heap   total 109568K, used 89309K [0x0000000083000000, 0x0000000100000000)
[2020-09-08T09:47:53.975-0300][gc,heap        ] GC(210)   region size 1024K, 42 young (43008K), 1 survivors (1024K)
[2020-09-08T09:47:53.975-0300][gc,heap        ] GC(210)  Metaspace       used 40122K, capacity 43350K, committed 43648K, reserved 1087488K
[2020-09-08T09:47:53.975-0300][gc,heap        ] GC(210)   class space    used 4460K, capacity 5706K, committed 5760K, reserved 1048576K
[2020-09-08T09:47:53.976-0300][gc,start       ] GC(210) Pause Young (Normal) (G1 Evacuation Pause)
[2020-09-08T09:47:53.976-0300][gc,task        ] GC(210) Using 4 workers of 4 for evacuation
[2020-09-08T09:47:53.992-0300][gc,phases      ] GC(210)   Pre Evacuate Collection Set: 0.1ms
[2020-09-08T09:47:53.992-0300][gc,phases      ] GC(210)   Evacuate Collection Set: 10.2ms
[2020-09-08T09:47:53.992-0300][gc,phases      ] GC(210)   Post Evacuate Collection Set: 4.5ms
[2020-09-08T09:47:53.992-0300][gc,phases      ] GC(210)   Other: 1.6ms
[2020-09-08T09:47:53.992-0300][gc,heap        ] GC(210) Eden regions: 41->0(42)
[2020-09-08T09:47:53.992-0300][gc,heap        ] GC(210) Survivor regions: 1->1(6)
[2020-09-08T09:47:53.992-0300][gc,heap        ] GC(210) Old regions: 43->43
[2020-09-08T09:47:53.992-0300][gc,heap        ] GC(210) Humongous regions: 6->4
[2020-09-08T09:47:53.993-0300][gc,metaspace   ] GC(210) Metaspace: 40122K->40122K(1087488K)
[2020-09-08T09:47:53.993-0300][gc,heap        ] GC(210) Heap after GC invocations=211 (full 1): garbage-first heap   total 109568K, used 46907K [0x0000000083000000, 0x0000000100000000)
[2020-09-08T09:47:53.993-0300][gc,heap        ] GC(210)   region size 1024K, 1 young (1024K), 1 survivors (1024K)
[2020-09-08T09:47:53.993-0300][gc,heap        ] GC(210)  Metaspace       used 40122K, capacity 43350K, committed 43648K, reserved 1087488K
[2020-09-08T09:47:53.993-0300][gc,heap        ] GC(210)   class space    used 4460K, capacity 5706K, committed 5760K, reserved 1048576K
[2020-09-08T09:47:53.993-0300][gc             ] GC(210) Pause Young (Normal) (G1 Evacuation Pause) 88M->45M(107M) 17.564ms
[2020-09-08T09:47:53.993-0300][gc,cpu         ] GC(210) User=0.04s Sys=0.01s Real=0.02s
[2020-09-08T09:47:57.662-0300][gc,heap        ] GC(211) Heap before GC invocations=211 (full 1): garbage-first heap   total 109568K, used 88891K [0x0000000083000000, 0x0000000100000000)
[2020-09-08T09:47:57.662-0300][gc,heap        ] GC(211)   region size 1024K, 43 young (44032K), 1 survivors (1024K)
[2020-09-08T09:47:57.662-0300][gc,heap        ] GC(211)  Metaspace       used 40122K, capacity 43350K, committed 43648K, reserved 1087488K
[2020-09-08T09:47:57.662-0300][gc,heap        ] GC(211)   class space    used 4460K, capacity 5706K, committed 5760K, reserved 1048576K
[2020-09-08T09:47:57.663-0300][gc,start       ] GC(211) Pause Young (Normal) (G1 Evacuation Pause)
[2020-09-08T09:47:57.663-0300][gc,task        ] GC(211) Using 4 workers of 4 for evacuation
[2020-09-08T09:47:57.685-0300][gc,phases      ] GC(211)   Pre Evacuate Collection Set: 0.1ms
[2020-09-08T09:47:57.685-0300][gc,phases      ] GC(211)   Evacuate Collection Set: 17.2ms
[2020-09-08T09:47:57.685-0300][gc,phases      ] GC(211)   Post Evacuate Collection Set: 4.3ms
[2020-09-08T09:47:57.686-0300][gc,phases      ] GC(211)   Other: 1.5ms
[2020-09-08T09:47:57.686-0300][gc,heap        ] GC(211) Eden regions: 42->0(40)
[2020-09-08T09:47:57.686-0300][gc,heap        ] GC(211) Survivor regions: 1->3(6)
[2020-09-08T09:47:57.686-0300][gc,heap        ] GC(211) Old regions: 43->43
[2020-09-08T09:47:57.686-0300][gc,heap        ] GC(211) Humongous regions: 4->4
[2020-09-08T09:47:57.686-0300][gc,metaspace   ] GC(211) Metaspace: 40122K->40122K(1087488K)
[2020-09-08T09:47:57.686-0300][gc,heap        ] GC(211) Heap after GC invocations=212 (full 1): garbage-first heap   total 109568K, used 48779K [0x0000000083000000, 0x0000000100000000)
[2020-09-08T09:47:57.686-0300][gc,heap        ] GC(211)   region size 1024K, 3 young (3072K), 3 survivors (3072K)
[2020-09-08T09:47:57.686-0300][gc,heap        ] GC(211)  Metaspace       used 40122K, capacity 43350K, committed 43648K, reserved 1087488K
[2020-09-08T09:47:57.686-0300][gc,heap        ] GC(211)   class space    used 4460K, capacity 5706K, committed 5760K, reserved 1048576K
[2020-09-08T09:47:57.686-0300][gc             ] GC(211) Pause Young (Normal) (G1 Evacuation Pause) 87M->47M(107M) 23.422ms
[2020-09-08T09:47:57.687-0300][gc,cpu         ] GC(211) User=0.06s Sys=0.00s Real=0.02s
[2020-09-08T09:47:57.695-0300][gc,heap        ] GC(212) Heap before GC invocations=212 (full 1): garbage-first heap   total 109568K, used 48779K [0x0000000083000000, 0x0000000100000000)
[2020-09-08T09:47:57.695-0300][gc,heap        ] GC(212)   region size 1024K, 5 young (5120K), 3 survivors (3072K)
[2020-09-08T09:47:57.695-0300][gc,heap        ] GC(212)  Metaspace       used 40122K, capacity 43350K, committed 43648K, reserved 1087488K
[2020-09-08T09:47:57.695-0300][gc,heap        ] GC(212)   class space    used 4460K, capacity 5706K, committed 5760K, reserved 1048576K
[2020-09-08T09:47:57.695-0300][gc,start       ] GC(212) Pause Young (Concurrent Start) (G1 Humongous Allocation)
[2020-09-08T09:47:57.695-0300][gc,task        ] GC(212) Using 4 workers of 4 for evacuation
[2020-09-08T09:47:57.711-0300][gc,phases      ] GC(212)   Pre Evacuate Collection Set: 0.3ms
[2020-09-08T09:47:57.711-0300][gc,phases      ] GC(212)   Evacuate Collection Set: 13.4ms
[2020-09-08T09:47:57.711-0300][gc,phases      ] GC(212)   Post Evacuate Collection Set: 1.6ms
[2020-09-08T09:47:57.712-0300][gc,phases      ] GC(212)   Other: 1.4ms
[2020-09-08T09:47:57.712-0300][gc,heap        ] GC(212) Eden regions: 2->0(32)
[2020-09-08T09:47:57.714-0300][gc,heap        ] GC(212) Survivor regions: 3->3(6)
[2020-09-08T09:47:57.714-0300][gc,heap        ] GC(212) Old regions: 43->43
[2020-09-08T09:47:57.714-0300][gc,heap        ] GC(212) Humongous regions: 4->4
[2020-09-08T09:47:57.714-0300][gc,metaspace   ] GC(212) Metaspace: 40122K->40122K(1087488K)
[2020-09-08T09:47:57.714-0300][gc,heap        ] GC(212) Heap after GC invocations=213 (full 1): garbage-first heap   total 109568K, used 48791K [0x0000000083000000, 0x0000000100000000)
[2020-09-08T09:47:57.714-0300][gc,heap        ] GC(212)   region size 1024K, 3 young (3072K), 3 survivors (3072K)
[2020-09-08T09:47:57.714-0300][gc,heap        ] GC(212)  Metaspace       used 40122K, capacity 43350K, committed 43648K, reserved 1087488K
[2020-09-08T09:47:57.714-0300][gc,heap        ] GC(212)   class space    used 4460K, capacity 5706K, committed 5760K, reserved 1048576K
[2020-09-08T09:47:57.714-0300][gc             ] GC(212) Pause Young (Concurrent Start) (G1 Humongous Allocation) 49M->47M(107M) 19.179ms
[2020-09-08T09:47:57.715-0300][gc,cpu         ] GC(212) User=0.05s Sys=0.01s Real=0.02s
[2020-09-08T09:47:57.715-0300][gc             ] GC(213) Concurrent Cycle
[2020-09-08T09:47:57.715-0300][gc,marking     ] GC(213) Concurrent Clear Claimed Marks
[2020-09-08T09:47:57.716-0300][gc,marking     ] GC(213) Concurrent Clear Claimed Marks 0.867ms
[2020-09-08T09:47:57.716-0300][gc,marking     ] GC(213) Concurrent Scan Root Regions
[2020-09-08T09:47:57.747-0300][gc,marking     ] GC(213) Concurrent Scan Root Regions 30.557ms
[2020-09-08T09:47:57.747-0300][gc,marking     ] GC(213) Concurrent Mark (735.220s)
[2020-09-08T09:47:57.747-0300][gc,marking     ] GC(213) Concurrent Mark From Roots
[2020-09-08T09:47:57.747-0300][gc,task        ] GC(213) Using 1 workers of 1 for marking
[2020-09-08T09:47:58.029-0300][gc,marking     ] GC(213) Concurrent Mark From Roots 282.277ms
[2020-09-08T09:47:58.029-0300][gc,marking     ] GC(213) Concurrent Preclean
[2020-09-08T09:47:58.030-0300][gc,marking     ] GC(213) Concurrent Preclean 0.297ms
[2020-09-08T09:47:58.030-0300][gc,marking     ] GC(213) Concurrent Mark (735.220s, 735.503s) 282.852ms
[2020-09-08T09:47:58.031-0300][gc,start       ] GC(213) Pause Remark
[2020-09-08T09:47:58.065-0300][gc,stringtable ] GC(213) Cleaned string and symbol table, strings: 23004 processed, 1 removed, symbols: 90709 processed, 0 removed
[2020-09-08T09:47:58.066-0300][gc             ] GC(213) Pause Remark 54M->54M(107M) 34.972ms
[2020-09-08T09:47:58.066-0300][gc,cpu         ] GC(213) User=0.12s Sys=0.00s Real=0.03s
[2020-09-08T09:47:58.067-0300][gc,marking     ] GC(213) Concurrent Rebuild Remembered Sets
[2020-09-08T09:47:58.250-0300][gc,marking     ] GC(213) Concurrent Rebuild Remembered Sets 183.639ms
[2020-09-08T09:47:58.252-0300][gc,start       ] GC(213) Pause Cleanup
[2020-09-08T09:47:58.252-0300][gc             ] GC(213) Pause Cleanup 56M->56M(107M) 0.519ms
[2020-09-08T09:47:58.253-0300][gc,cpu         ] GC(213) User=0.00s Sys=0.00s Real=0.00s
[2020-09-08T09:47:58.253-0300][gc,marking     ] GC(213) Concurrent Cleanup for Next Mark
[2020-09-08T09:47:58.255-0300][gc,marking     ] GC(213) Concurrent Cleanup for Next Mark 1.475ms
[2020-09-08T09:47:58.255-0300][gc             ] GC(213) Concurrent Cycle 539.943ms
[2020-09-08T09:48:01.377-0300][gc,heap        ] GC(214) Heap before GC invocations=214 (full 1): garbage-first heap   total 109568K, used 82583K [0x0000000083000000, 0x0000000100000000)
[2020-09-08T09:48:01.377-0300][gc,heap        ] GC(214)   region size 1024K, 35 young (35840K), 3 survivors (3072K)
[2020-09-08T09:48:01.378-0300][gc,heap        ] GC(214)  Metaspace       used 40123K, capacity 43350K, committed 43648K, reserved 1087488K
[2020-09-08T09:48:01.378-0300][gc,heap        ] GC(214)   class space    used 4460K, capacity 5706K, committed 5760K, reserved 1048576K
[2020-09-08T09:48:01.378-0300][gc,start       ] GC(214) Pause Young (Prepare Mixed) (G1 Evacuation Pause)
[2020-09-08T09:48:01.378-0300][gc,task        ] GC(214) Using 4 workers of 4 for evacuation
[2020-09-08T09:48:01.393-0300][gc,phases      ] GC(214)   Pre Evacuate Collection Set: 0.1ms
[2020-09-08T09:48:01.393-0300][gc,phases      ] GC(214)   Evacuate Collection Set: 11.7ms
[2020-09-08T09:48:01.393-0300][gc,phases      ] GC(214)   Post Evacuate Collection Set: 2.8ms
[2020-09-08T09:48:01.393-0300][gc,phases      ] GC(214)   Other: 1.1ms
[2020-09-08T09:48:01.393-0300][gc,heap        ] GC(214) Eden regions: 32->0(2)
[2020-09-08T09:48:01.393-0300][gc,heap        ] GC(214) Survivor regions: 3->3(5)
[2020-09-08T09:48:01.393-0300][gc,heap        ] GC(214) Old regions: 43->44
[2020-09-08T09:48:01.393-0300][gc,heap        ] GC(214) Humongous regions: 6->4
[2020-09-08T09:48:01.393-0300][gc,metaspace   ] GC(214) Metaspace: 40123K->40123K(1087488K)
[2020-09-08T09:48:01.394-0300][gc,heap        ] GC(214) Heap after GC invocations=215 (full 1): garbage-first heap   total 109568K, used 48603K [0x0000000083000000, 0x0000000100000000)
[2020-09-08T09:48:01.394-0300][gc,heap        ] GC(214)   region size 1024K, 3 young (3072K), 3 survivors (3072K)
[2020-09-08T09:48:01.394-0300][gc,heap        ] GC(214)  Metaspace       used 40123K, capacity 43350K, committed 43648K, reserved 1087488K
[2020-09-08T09:48:01.394-0300][gc,heap        ] GC(214)   class space    used 4460K, capacity 5706K, committed 5760K, reserved 1048576K
[2020-09-08T09:48:01.394-0300][gc             ] GC(214) Pause Young (Prepare Mixed) (G1 Evacuation Pause) 81M->47M(107M) 16.162ms
[2020-09-08T09:48:01.394-0300][gc,cpu         ] GC(214) User=0.05s Sys=0.00s Real=0.02s
[2020-09-08T09:48:01.410-0300][gc,heap        ] GC(215) Heap before GC invocations=215 (full 1): garbage-first heap   total 109568K, used 50651K [0x0000000083000000, 0x0000000100000000)
[2020-09-08T09:48:01.410-0300][gc,heap        ] GC(215)   region size 1024K, 5 young (5120K), 3 survivors (3072K)
[2020-09-08T09:48:01.410-0300][gc,heap        ] GC(215)  Metaspace       used 40123K, capacity 43350K, committed 43648K, reserved 1087488K
[2020-09-08T09:48:01.410-0300][gc,heap        ] GC(215)   class space    used 4460K, capacity 5706K, committed 5760K, reserved 1048576K
[2020-09-08T09:48:01.410-0300][gc,start       ] GC(215) Pause Young (Mixed) (G1 Evacuation Pause)
[2020-09-08T09:48:01.410-0300][gc,task        ] GC(215) Using 4 workers of 4 for evacuation
[2020-09-08T09:48:01.429-0300][gc,phases      ] GC(215)   Pre Evacuate Collection Set: 0.2ms
[2020-09-08T09:48:01.429-0300][gc,phases      ] GC(215)   Evacuate Collection Set: 16.0ms
[2020-09-08T09:48:01.429-0300][gc,phases      ] GC(215)   Post Evacuate Collection Set: 1.6ms
[2020-09-08T09:48:01.429-0300][gc,phases      ] GC(215)   Other: 1.1ms
[2020-09-08T09:48:01.429-0300][gc,heap        ] GC(215) Eden regions: 2->0(34)
[2020-09-08T09:48:01.429-0300][gc,heap        ] GC(215) Survivor regions: 3->1(1)
[2020-09-08T09:48:01.429-0300][gc,heap        ] GC(215) Old regions: 44->44
[2020-09-08T09:48:01.429-0300][gc,heap        ] GC(215) Humongous regions: 4->4
[2020-09-08T09:48:01.429-0300][gc,metaspace   ] GC(215) Metaspace: 40123K->40123K(1087488K)
[2020-09-08T09:48:01.429-0300][gc,heap        ] GC(215) Heap after GC invocations=216 (full 1): garbage-first heap   total 109568K, used 47408K [0x0000000083000000, 0x0000000100000000)
[2020-09-08T09:48:01.429-0300][gc,heap        ] GC(215)   region size 1024K, 1 young (1024K), 1 survivors (1024K)
[2020-09-08T09:48:01.429-0300][gc,heap        ] GC(215)  Metaspace       used 40123K, capacity 43350K, committed 43648K, reserved 1087488K
[2020-09-08T09:48:01.429-0300][gc,heap        ] GC(215)   class space    used 4460K, capacity 5706K, committed 5760K, reserved 1048576K
[2020-09-08T09:48:01.430-0300][gc             ] GC(215) Pause Young (Mixed) (G1 Evacuation Pause) 49M->46M(107M) 19.193ms
[2020-09-08T09:48:01.430-0300][gc,cpu         ] GC(215) User=0.06s Sys=0.00s Real=0.02s
[2020-09-08T09:48:10.567-0300][gc,heap        ] GC(216) Heap before GC invocations=216 (full 1): garbage-first heap   total 109568K, used 83248K [0x0000000083000000, 0x0000000100000000)
[2020-09-08T09:48:10.567-0300][gc,heap        ] GC(216)   region size 1024K, 35 young (35840K), 1 survivors (1024K)
[2020-09-08T09:48:10.567-0300][gc,heap        ] GC(216)  Metaspace       used 40123K, capacity 43350K, committed 43648K, reserved 1087488K
[2020-09-08T09:48:10.567-0300][gc,heap        ] GC(216)   class space    used 4460K, capacity 5706K, committed 5760K, reserved 1048576K
[2020-09-08T09:48:10.568-0300][gc,start       ] GC(216) Pause Young (Normal) (G1 Evacuation Pause)
[2020-09-08T09:48:10.568-0300][gc,task        ] GC(216) Using 4 workers of 4 for evacuation
[2020-09-08T09:48:10.584-0300][gc,phases      ] GC(216)   Pre Evacuate Collection Set: 0.1ms
[2020-09-08T09:48:10.584-0300][gc,phases      ] GC(216)   Evacuate Collection Set: 13.9ms
[2020-09-08T09:48:10.584-0300][gc,phases      ] GC(216)   Post Evacuate Collection Set: 1.6ms
[2020-09-08T09:48:10.584-0300][gc,phases      ] GC(216)   Other: 1.2ms
[2020-09-08T09:48:10.584-0300][gc,heap        ] GC(216) Eden regions: 34->0(36)
[2020-09-08T09:48:10.584-0300][gc,heap        ] GC(216) Survivor regions: 1->1(5)
[2020-09-08T09:48:10.584-0300][gc,heap        ] GC(216) Old regions: 44->44
[2020-09-08T09:48:10.584-0300][gc,heap        ] GC(216) Humongous regions: 6->4
[2020-09-08T09:48:10.584-0300][gc,metaspace   ] GC(216) Metaspace: 40123K->40123K(1087488K)
[2020-09-08T09:48:10.584-0300][gc,heap        ] GC(216) Heap after GC invocations=217 (full 1): garbage-first heap   total 109568K, used 47843K [0x0000000083000000, 0x0000000100000000)
[2020-09-08T09:48:10.584-0300][gc,heap        ] GC(216)   region size 1024K, 1 young (1024K), 1 survivors (1024K)
[2020-09-08T09:48:10.584-0300][gc,heap        ] GC(216)  Metaspace       used 40123K, capacity 43350K, committed 43648K, reserved 1087488K
[2020-09-08T09:48:10.585-0300][gc,heap        ] GC(216)   class space    used 4460K, capacity 5706K, committed 5760K, reserved 1048576K
[2020-09-08T09:48:10.585-0300][gc             ] GC(216) Pause Young (Normal) (G1 Evacuation Pause) 82M->46M(107M) 17.094ms
[2020-09-08T09:48:10.585-0300][gc,cpu         ] GC(216) User=0.05s Sys=0.01s Real=0.02s
[2020-09-08T09:48:15.179-0300][gc,heap        ] GC(217) Heap before GC invocations=217 (full 1): garbage-first heap   total 109568K, used 83683K [0x0000000083000000, 0x0000000100000000)
[2020-09-08T09:48:15.179-0300][gc,heap        ] GC(217)   region size 1024K, 37 young (37888K), 1 survivors (1024K)
[2020-09-08T09:48:15.179-0300][gc,heap        ] GC(217)  Metaspace       used 40125K, capacity 43350K, committed 43648K, reserved 1087488K
[2020-09-08T09:48:15.179-0300][gc,heap        ] GC(217)   class space    used 4460K, capacity 5706K, committed 5760K, reserved 1048576K
[2020-09-08T09:48:15.180-0300][gc,start       ] GC(217) Pause Young (Normal) (G1 Evacuation Pause)
[2020-09-08T09:48:15.180-0300][gc,task        ] GC(217) Using 4 workers of 4 for evacuation
[2020-09-08T09:48:15.191-0300][gc,phases      ] GC(217)   Pre Evacuate Collection Set: 0.0ms
[2020-09-08T09:48:15.191-0300][gc,phases      ] GC(217)   Evacuate Collection Set: 8.5ms
[2020-09-08T09:48:15.191-0300][gc,phases      ] GC(217)   Post Evacuate Collection Set: 2.0ms
[2020-09-08T09:48:15.191-0300][gc,phases      ] GC(217)   Other: 1.3ms
[2020-09-08T09:48:15.191-0300][gc,heap        ] GC(217) Eden regions: 36->0(37)
[2020-09-08T09:48:15.191-0300][gc,heap        ] GC(217) Survivor regions: 1->2(5)
[2020-09-08T09:48:15.191-0300][gc,heap        ] GC(217) Old regions: 44->44
[2020-09-08T09:48:15.191-0300][gc,heap        ] GC(217) Humongous regions: 4->4
[2020-09-08T09:48:15.191-0300][gc,metaspace   ] GC(217) Metaspace: 40125K->40125K(1087488K)
[2020-09-08T09:48:15.191-0300][gc,heap        ] GC(217) Heap after GC invocations=218 (full 1): garbage-first heap   total 109568K, used 48052K [0x0000000083000000, 0x0000000100000000)
[2020-09-08T09:48:15.191-0300][gc,heap        ] GC(217)   region size 1024K, 2 young (2048K), 2 survivors (2048K)
[2020-09-08T09:48:15.191-0300][gc,heap        ] GC(217)  Metaspace       used 40125K, capacity 43350K, committed 43648K, reserved 1087488K
[2020-09-08T09:48:15.192-0300][gc,heap        ] GC(217)   class space    used 4460K, capacity 5706K, committed 5760K, reserved 1048576K
[2020-09-08T09:48:15.192-0300][gc             ] GC(217) Pause Young (Normal) (G1 Evacuation Pause) 82M->46M(107M) 12.076ms
[2020-09-08T09:48:15.192-0300][gc,cpu         ] GC(217) User=0.03s Sys=0.01s Real=0.02s
[2020-09-08T09:48:23.319-0300][gc,heap        ] GC(218) Heap before GC invocations=218 (full 1): garbage-first heap   total 109568K, used 86964K [0x0000000083000000, 0x0000000100000000)
[2020-09-08T09:48:23.319-0300][gc,heap        ] GC(218)   region size 1024K, 39 young (39936K), 2 survivors (2048K)
[2020-09-08T09:48:23.319-0300][gc,heap        ] GC(218)  Metaspace       used 40125K, capacity 43350K, committed 43648K, reserved 1087488K
[2020-09-08T09:48:23.319-0300][gc,heap        ] GC(218)   class space    used 4460K, capacity 5706K, committed 5760K, reserved 1048576K
[2020-09-08T09:48:23.319-0300][gc,start       ] GC(218) Pause Young (Normal) (G1 Evacuation Pause)
[2020-09-08T09:48:23.319-0300][gc,task        ] GC(218) Using 4 workers of 4 for evacuation
[2020-09-08T09:48:23.332-0300][gc,phases      ] GC(218)   Pre Evacuate Collection Set: 0.1ms
[2020-09-08T09:48:23.332-0300][gc,phases      ] GC(218)   Evacuate Collection Set: 9.7ms
[2020-09-08T09:48:23.332-0300][gc,phases      ] GC(218)   Post Evacuate Collection Set: 1.9ms
[2020-09-08T09:48:23.332-0300][gc,phases      ] GC(218)   Other: 1.2ms
[2020-09-08T09:48:23.332-0300][gc,heap        ] GC(218) Eden regions: 37->0(38)
[2020-09-08T09:48:23.332-0300][gc,heap        ] GC(218) Survivor regions: 2->2(5)
[2020-09-08T09:48:23.332-0300][gc,heap        ] GC(218) Old regions: 44->44
[2020-09-08T09:48:23.332-0300][gc,heap        ] GC(218) Humongous regions: 6->4
[2020-09-08T09:48:23.332-0300][gc,metaspace   ] GC(218) Metaspace: 40125K->40125K(1087488K)
[2020-09-08T09:48:23.332-0300][gc,heap        ] GC(218) Heap after GC invocations=219 (full 1): garbage-first heap   total 109568K, used 48501K [0x0000000083000000, 0x0000000100000000)
[2020-09-08T09:48:23.333-0300][gc,heap        ] GC(218)   region size 1024K, 2 young (2048K), 2 survivors (2048K)
[2020-09-08T09:48:23.333-0300][gc,heap        ] GC(218)  Metaspace       used 40125K, capacity 43350K, committed 43648K, reserved 1087488K
[2020-09-08T09:48:23.333-0300][gc,heap        ] GC(218)   class space    used 4460K, capacity 5706K, committed 5760K, reserved 1048576K
[2020-09-08T09:48:23.333-0300][gc             ] GC(218) Pause Young (Normal) (G1 Evacuation Pause) 85M->47M(107M) 13.388ms
[2020-09-08T09:48:23.333-0300][gc,cpu         ] GC(218) User=0.04s Sys=0.00s Real=0.02s
[2020-09-08T09:48:27.699-0300][gc,heap        ] GC(219) Heap before GC invocations=219 (full 1): garbage-first heap   total 109568K, used 72053K [0x0000000083000000, 0x0000000100000000)
[2020-09-08T09:48:27.700-0300][gc,heap        ] GC(219)   region size 1024K, 26 young (26624K), 2 survivors (2048K)
[2020-09-08T09:48:27.700-0300][gc,heap        ] GC(219)  Metaspace       used 40125K, capacity 43350K, committed 43648K, reserved 1087488K
[2020-09-08T09:48:27.700-0300][gc,heap        ] GC(219)   class space    used 4460K, capacity 5706K, committed 5760K, reserved 1048576K
[2020-09-08T09:48:27.700-0300][gc,start       ] GC(219) Pause Young (Concurrent Start) (G1 Humongous Allocation)
[2020-09-08T09:48:27.700-0300][gc,task        ] GC(219) Using 4 workers of 4 for evacuation
[2020-09-08T09:48:27.716-0300][gc,phases      ] GC(219)   Pre Evacuate Collection Set: 0.3ms
[2020-09-08T09:48:27.716-0300][gc,phases      ] GC(219)   Evacuate Collection Set: 13.2ms
[2020-09-08T09:48:27.716-0300][gc,phases      ] GC(219)   Post Evacuate Collection Set: 1.7ms
[2020-09-08T09:48:27.716-0300][gc,phases      ] GC(219)   Other: 1.3ms
[2020-09-08T09:48:27.716-0300][gc,heap        ] GC(219) Eden regions: 24->0(38)
[2020-09-08T09:48:27.716-0300][gc,heap        ] GC(219) Survivor regions: 2->3(5)
[2020-09-08T09:48:27.716-0300][gc,heap        ] GC(219) Old regions: 44->44
[2020-09-08T09:48:27.716-0300][gc,heap        ] GC(219) Humongous regions: 5->4
[2020-09-08T09:48:27.716-0300][gc,metaspace   ] GC(219) Metaspace: 40125K->40125K(1087488K)
[2020-09-08T09:48:27.716-0300][gc,heap        ] GC(219) Heap after GC invocations=220 (full 1): garbage-first heap   total 109568K, used 49524K [0x0000000083000000, 0x0000000100000000)
[2020-09-08T09:48:27.716-0300][gc,heap        ] GC(219)   region size 1024K, 3 young (3072K), 3 survivors (3072K)
[2020-09-08T09:48:27.717-0300][gc,heap        ] GC(219)  Metaspace       used 40125K, capacity 43350K, committed 43648K, reserved 1087488K
[2020-09-08T09:48:27.717-0300][gc,heap        ] GC(219)   class space    used 4460K, capacity 5706K, committed 5760K, reserved 1048576K
[2020-09-08T09:48:27.717-0300][gc             ] GC(219) Pause Young (Concurrent Start) (G1 Humongous Allocation) 71M->48M(107M) 16.806ms
[2020-09-08T09:48:27.717-0300][gc,cpu         ] GC(219) User=0.05s Sys=0.01s Real=0.02s
[2020-09-08T09:48:27.717-0300][gc             ] GC(220) Concurrent Cycle
[2020-09-08T09:48:27.717-0300][gc,marking     ] GC(220) Concurrent Clear Claimed Marks
[2020-09-08T09:48:27.718-0300][gc,marking     ] GC(220) Concurrent Clear Claimed Marks 0.994ms
[2020-09-08T09:48:27.718-0300][gc,marking     ] GC(220) Concurrent Scan Root Regions
[2020-09-08T09:48:27.730-0300][gc,marking     ] GC(220) Concurrent Scan Root Regions 11.801ms
[2020-09-08T09:48:27.730-0300][gc,marking     ] GC(220) Concurrent Mark (765.204s)
[2020-09-08T09:48:27.730-0300][gc,marking     ] GC(220) Concurrent Mark From Roots
[2020-09-08T09:48:27.730-0300][gc,task        ] GC(220) Using 1 workers of 1 for marking
[2020-09-08T09:48:27.987-0300][gc,marking     ] GC(220) Concurrent Mark From Roots 256.546ms
[2020-09-08T09:48:27.987-0300][gc,marking     ] GC(220) Concurrent Preclean
[2020-09-08T09:48:27.987-0300][gc,marking     ] GC(220) Concurrent Preclean 0.288ms
[2020-09-08T09:48:27.987-0300][gc,marking     ] GC(220) Concurrent Mark (765.204s, 765.461s) 257.051ms
[2020-09-08T09:48:27.988-0300][gc,start       ] GC(220) Pause Remark
[2020-09-08T09:48:28.021-0300][gc,stringtable ] GC(220) Cleaned string and symbol table, strings: 23014 processed, 0 removed, symbols: 90709 processed, 0 removed
[2020-09-08T09:48:28.021-0300][gc             ] GC(220) Pause Remark 52M->52M(107M) 32.943ms
[2020-09-08T09:48:28.022-0300][gc,cpu         ] GC(220) User=0.12s Sys=0.00s Real=0.04s
[2020-09-08T09:48:28.023-0300][gc,marking     ] GC(220) Concurrent Rebuild Remembered Sets
[2020-09-08T09:48:28.173-0300][gc,marking     ] GC(220) Concurrent Rebuild Remembered Sets 150.688ms
[2020-09-08T09:48:28.174-0300][gc,start       ] GC(220) Pause Cleanup
[2020-09-08T09:48:28.175-0300][gc             ] GC(220) Pause Cleanup 52M->52M(107M) 0.467ms
[2020-09-08T09:48:28.175-0300][gc,cpu         ] GC(220) User=0.00s Sys=0.00s Real=0.00s
[2020-09-08T09:48:28.175-0300][gc,marking     ] GC(220) Concurrent Cleanup for Next Mark
[2020-09-08T09:48:28.177-0300][gc,marking     ] GC(220) Concurrent Cleanup for Next Mark 1.164ms
[2020-09-08T09:48:28.177-0300][gc             ] GC(220) Concurrent Cycle 459.704ms
[2020-09-08T09:48:41.574-0300][gc,heap        ] GC(221) Heap before GC invocations=221 (full 1): garbage-first heap   total 109568K, used 90484K [0x0000000083000000, 0x0000000100000000)
[2020-09-08T09:48:41.574-0300][gc,heap        ] GC(221)   region size 1024K, 41 young (41984K), 3 survivors (3072K)
[2020-09-08T09:48:41.575-0300][gc,heap        ] GC(221)  Metaspace       used 40132K, capacity 43350K, committed 43648K, reserved 1087488K
[2020-09-08T09:48:41.575-0300][gc,heap        ] GC(221)   class space    used 4461K, capacity 5706K, committed 5760K, reserved 1048576K
[2020-09-08T09:48:41.575-0300][gc,start       ] GC(221) Pause Young (Prepare Mixed) (G1 Evacuation Pause)
[2020-09-08T09:48:41.575-0300][gc,task        ] GC(221) Using 4 workers of 4 for evacuation
[2020-09-08T09:48:41.587-0300][gc,phases      ] GC(221)   Pre Evacuate Collection Set: 0.1ms
[2020-09-08T09:48:41.587-0300][gc,phases      ] GC(221)   Evacuate Collection Set: 9.7ms
[2020-09-08T09:48:41.587-0300][gc,phases      ] GC(221)   Post Evacuate Collection Set: 1.9ms
[2020-09-08T09:48:41.587-0300][gc,phases      ] GC(221)   Other: 1.4ms
[2020-09-08T09:48:41.587-0300][gc,heap        ] GC(221) Eden regions: 38->0(3)
[2020-09-08T09:48:41.587-0300][gc,heap        ] GC(221) Survivor regions: 3->2(6)
[2020-09-08T09:48:41.587-0300][gc,heap        ] GC(221) Old regions: 44->44
[2020-09-08T09:48:41.588-0300][gc,heap        ] GC(221) Humongous regions: 7->4
[2020-09-08T09:48:41.588-0300][gc,metaspace   ] GC(221) Metaspace: 40132K->40132K(1087488K)
[2020-09-08T09:48:41.588-0300][gc,heap        ] GC(221) Heap after GC invocations=222 (full 1): garbage-first heap   total 109568K, used 48550K [0x0000000083000000, 0x0000000100000000)
[2020-09-08T09:48:41.588-0300][gc,heap        ] GC(221)   region size 1024K, 2 young (2048K), 2 survivors (2048K)
[2020-09-08T09:48:41.588-0300][gc,heap        ] GC(221)  Metaspace       used 40132K, capacity 43350K, committed 43648K, reserved 1087488K
[2020-09-08T09:48:41.588-0300][gc,heap        ] GC(221)   class space    used 4461K, capacity 5706K, committed 5760K, reserved 1048576K
[2020-09-08T09:48:41.588-0300][gc             ] GC(221) Pause Young (Prepare Mixed) (G1 Evacuation Pause) 89M->47M(107M) 13.133ms
[2020-09-08T09:48:41.588-0300][gc,cpu         ] GC(221) User=0.04s Sys=0.01s Real=0.01s
[2020-09-08T09:48:43.176-0300][gc,heap        ] GC(222) Heap before GC invocations=222 (full 1): garbage-first heap   total 109568K, used 51622K [0x0000000083000000, 0x0000000100000000)
[2020-09-08T09:48:43.176-0300][gc,heap        ] GC(222)   region size 1024K, 5 young (5120K), 2 survivors (2048K)
[2020-09-08T09:48:43.176-0300][gc,heap        ] GC(222)  Metaspace       used 40133K, capacity 43350K, committed 43648K, reserved 1087488K
[2020-09-08T09:48:43.176-0300][gc,heap        ] GC(222)   class space    used 4461K, capacity 5706K, committed 5760K, reserved 1048576K
[2020-09-08T09:48:43.177-0300][gc,start       ] GC(222) Pause Young (Mixed) (G1 Evacuation Pause)
[2020-09-08T09:48:43.177-0300][gc,task        ] GC(222) Using 4 workers of 4 for evacuation
[2020-09-08T09:48:43.198-0300][gc,phases      ] GC(222)   Pre Evacuate Collection Set: 0.1ms
[2020-09-08T09:48:43.198-0300][gc,phases      ] GC(222)   Evacuate Collection Set: 19.0ms
[2020-09-08T09:48:43.198-0300][gc,phases      ] GC(222)   Post Evacuate Collection Set: 1.7ms
[2020-09-08T09:48:43.198-0300][gc,phases      ] GC(222)   Other: 1.3ms
[2020-09-08T09:48:43.198-0300][gc,heap        ] GC(222) Eden regions: 3->0(41)
[2020-09-08T09:48:43.198-0300][gc,heap        ] GC(222) Survivor regions: 2->1(1)
[2020-09-08T09:48:43.198-0300][gc,heap        ] GC(222) Old regions: 44->43
[2020-09-08T09:48:43.198-0300][gc,heap        ] GC(222) Humongous regions: 4->4
[2020-09-08T09:48:43.198-0300][gc,metaspace   ] GC(222) Metaspace: 40133K->40133K(1087488K)
[2020-09-08T09:48:43.199-0300][gc,heap        ] GC(222) Heap after GC invocations=223 (full 1): garbage-first heap   total 109568K, used 46199K [0x0000000083000000, 0x0000000100000000)
[2020-09-08T09:48:43.199-0300][gc,heap        ] GC(222)   region size 1024K, 1 young (1024K), 1 survivors (1024K)
[2020-09-08T09:48:43.199-0300][gc,heap        ] GC(222)  Metaspace       used 40133K, capacity 43350K, committed 43648K, reserved 1087488K
[2020-09-08T09:48:43.199-0300][gc,heap        ] GC(222)   class space    used 4461K, capacity 5706K, committed 5760K, reserved 1048576K
[2020-09-08T09:48:43.199-0300][gc             ] GC(222) Pause Young (Mixed) (G1 Evacuation Pause) 50M->45M(107M) 22.280ms
[2020-09-08T09:48:43.199-0300][gc,cpu         ] GC(222) User=0.08s Sys=0.01s Real=0.02s
[2020-09-08T09:48:56.655-0300][gc,heap        ] GC(223) Heap before GC invocations=223 (full 1): garbage-first heap   total 109568K, used 89207K [0x0000000083000000, 0x0000000100000000)
[2020-09-08T09:48:56.655-0300][gc,heap        ] GC(223)   region size 1024K, 42 young (43008K), 1 survivors (1024K)
[2020-09-08T09:48:56.655-0300][gc,heap        ] GC(223)  Metaspace       used 40139K, capacity 43350K, committed 43648K, reserved 1087488K
[2020-09-08T09:48:56.655-0300][gc,heap        ] GC(223)   class space    used 4461K, capacity 5706K, committed 5760K, reserved 1048576K
[2020-09-08T09:48:56.655-0300][gc,start       ] GC(223) Pause Young (Normal) (G1 Evacuation Pause)
[2020-09-08T09:48:56.655-0300][gc,task        ] GC(223) Using 4 workers of 4 for evacuation
[2020-09-08T09:48:56.669-0300][gc,phases      ] GC(223)   Pre Evacuate Collection Set: 0.1ms
[2020-09-08T09:48:56.669-0300][gc,phases      ] GC(223)   Evacuate Collection Set: 11.0ms
[2020-09-08T09:48:56.669-0300][gc,phases      ] GC(223)   Post Evacuate Collection Set: 2.5ms
[2020-09-08T09:48:56.670-0300][gc,phases      ] GC(223)   Other: 1.2ms
[2020-09-08T09:48:56.670-0300][gc,heap        ] GC(223) Eden regions: 41->0(42)
[2020-09-08T09:48:56.670-0300][gc,heap        ] GC(223) Survivor regions: 1->1(6)
[2020-09-08T09:48:56.670-0300][gc,heap        ] GC(223) Old regions: 43->43
[2020-09-08T09:48:56.670-0300][gc,heap        ] GC(223) Humongous regions: 6->4
[2020-09-08T09:48:56.670-0300][gc,metaspace   ] GC(223) Metaspace: 40139K->40139K(1087488K)
[2020-09-08T09:48:56.670-0300][gc,heap        ] GC(223) Heap after GC invocations=224 (full 1): garbage-first heap   total 109568K, used 46674K [0x0000000083000000, 0x0000000100000000)
[2020-09-08T09:48:56.670-0300][gc,heap        ] GC(223)   region size 1024K, 1 young (1024K), 1 survivors (1024K)
[2020-09-08T09:48:56.670-0300][gc,heap        ] GC(223)  Metaspace       used 40139K, capacity 43350K, committed 43648K, reserved 1087488K
[2020-09-08T09:48:56.670-0300][gc,heap        ] GC(223)   class space    used 4461K, capacity 5706K, committed 5760K, reserved 1048576K
[2020-09-08T09:48:56.670-0300][gc             ] GC(223) Pause Young (Normal) (G1 Evacuation Pause) 88M->45M(107M) 15.174ms
[2020-09-08T09:48:56.670-0300][gc,cpu         ] GC(223) User=0.05s Sys=0.00s Real=0.01s
[2020-09-08T09:48:57.642-0300][gc,heap        ] GC(224) Heap before GC invocations=224 (full 1): garbage-first heap   total 109568K, used 61010K [0x0000000083000000, 0x0000000100000000)
[2020-09-08T09:48:57.642-0300][gc,heap        ] GC(224)   region size 1024K, 17 young (17408K), 1 survivors (1024K)
[2020-09-08T09:48:57.642-0300][gc,heap        ] GC(224)  Metaspace       used 40139K, capacity 43350K, committed 43648K, reserved 1087488K
[2020-09-08T09:48:57.642-0300][gc,heap        ] GC(224)   class space    used 4461K, capacity 5706K, committed 5760K, reserved 1048576K
[2020-09-08T09:48:57.642-0300][gc,start       ] GC(224) Pause Young (Concurrent Start) (G1 Humongous Allocation)
[2020-09-08T09:48:57.642-0300][gc,task        ] GC(224) Using 4 workers of 4 for evacuation
[2020-09-08T09:48:57.655-0300][gc,phases      ] GC(224)   Pre Evacuate Collection Set: 0.4ms
[2020-09-08T09:48:57.656-0300][gc,phases      ] GC(224)   Evacuate Collection Set: 10.5ms
[2020-09-08T09:48:57.656-0300][gc,phases      ] GC(224)   Post Evacuate Collection Set: 1.5ms
[2020-09-08T09:48:57.656-0300][gc,phases      ] GC(224)   Other: 1.5ms
[2020-09-08T09:48:57.656-0300][gc,heap        ] GC(224) Eden regions: 16->0(32)
[2020-09-08T09:48:57.656-0300][gc,heap        ] GC(224) Survivor regions: 1->2(6)
[2020-09-08T09:48:57.656-0300][gc,heap        ] GC(224) Old regions: 43->43
[2020-09-08T09:48:57.656-0300][gc,heap        ] GC(224) Humongous regions: 4->4
[2020-09-08T09:48:57.656-0300][gc,metaspace   ] GC(224) Metaspace: 40139K->40139K(1087488K)
[2020-09-08T09:48:57.656-0300][gc,heap        ] GC(224) Heap after GC invocations=225 (full 1): garbage-first heap   total 109568K, used 47877K [0x0000000083000000, 0x0000000100000000)
[2020-09-08T09:48:57.656-0300][gc,heap        ] GC(224)   region size 1024K, 2 young (2048K), 2 survivors (2048K)
[2020-09-08T09:48:57.656-0300][gc,heap        ] GC(224)  Metaspace       used 40139K, capacity 43350K, committed 43648K, reserved 1087488K
[2020-09-08T09:48:57.656-0300][gc,heap        ] GC(224)   class space    used 4461K, capacity 5706K, committed 5760K, reserved 1048576K
[2020-09-08T09:48:57.656-0300][gc             ] GC(224) Pause Young (Concurrent Start) (G1 Humongous Allocation) 60M->46M(107M) 14.218ms
[2020-09-08T09:48:57.656-0300][gc,cpu         ] GC(224) User=0.04s Sys=0.00s Real=0.01s
[2020-09-08T09:48:57.657-0300][gc             ] GC(225) Concurrent Cycle
[2020-09-08T09:48:57.657-0300][gc,marking     ] GC(225) Concurrent Clear Claimed Marks
[2020-09-08T09:48:57.657-0300][gc,marking     ] GC(225) Concurrent Clear Claimed Marks 0.437ms
[2020-09-08T09:48:57.657-0300][gc,marking     ] GC(225) Concurrent Scan Root Regions
[2020-09-08T09:48:57.665-0300][gc,marking     ] GC(225) Concurrent Scan Root Regions 8.114ms
[2020-09-08T09:48:57.665-0300][gc,marking     ] GC(225) Concurrent Mark (795.139s)
[2020-09-08T09:48:57.665-0300][gc,marking     ] GC(225) Concurrent Mark From Roots
[2020-09-08T09:48:57.666-0300][gc,task        ] GC(225) Using 1 workers of 1 for marking
[2020-09-08T09:48:57.957-0300][gc,marking     ] GC(225) Concurrent Mark From Roots 291.927ms
[2020-09-08T09:48:57.958-0300][gc,marking     ] GC(225) Concurrent Preclean
[2020-09-08T09:48:57.958-0300][gc,marking     ] GC(225) Concurrent Preclean 0.452ms
[2020-09-08T09:48:57.958-0300][gc,marking     ] GC(225) Concurrent Mark (795.139s, 795.432s) 292.652ms
[2020-09-08T09:48:57.960-0300][gc,start       ] GC(225) Pause Remark
[2020-09-08T09:48:58.001-0300][gc,stringtable ] GC(225) Cleaned string and symbol table, strings: 23038 processed, 0 removed, symbols: 90745 processed, 0 removed
[2020-09-08T09:48:58.002-0300][gc             ] GC(225) Pause Remark 52M->52M(107M) 41.912ms
[2020-09-08T09:48:58.002-0300][gc,cpu         ] GC(225) User=0.16s Sys=0.01s Real=0.05s
[2020-09-08T09:48:58.003-0300][gc,marking     ] GC(225) Concurrent Rebuild Remembered Sets
[2020-09-08T09:48:58.194-0300][gc,marking     ] GC(225) Concurrent Rebuild Remembered Sets 190.635ms
[2020-09-08T09:48:58.195-0300][gc,start       ] GC(225) Pause Cleanup
[2020-09-08T09:48:58.196-0300][gc             ] GC(225) Pause Cleanup 54M->54M(107M) 0.618ms
[2020-09-08T09:48:58.196-0300][gc,cpu         ] GC(225) User=0.00s Sys=0.00s Real=0.00s
[2020-09-08T09:48:58.197-0300][gc,marking     ] GC(225) Concurrent Cleanup for Next Mark
[2020-09-08T09:48:58.199-0300][gc,marking     ] GC(225) Concurrent Cleanup for Next Mark 1.865ms
[2020-09-08T09:48:58.199-0300][gc             ] GC(225) Concurrent Cycle 542.196ms
[2020-09-08T09:49:06.326-0300][gc,heap        ] GC(226) Heap before GC invocations=226 (full 1): garbage-first heap   total 109568K, used 81669K [0x0000000083000000, 0x0000000100000000)
[2020-09-08T09:49:06.326-0300][gc,heap        ] GC(226)   region size 1024K, 34 young (34816K), 2 survivors (2048K)
[2020-09-08T09:49:06.326-0300][gc,heap        ] GC(226)  Metaspace       used 40139K, capacity 43350K, committed 43648K, reserved 1087488K
[2020-09-08T09:49:06.326-0300][gc,heap        ] GC(226)   class space    used 4461K, capacity 5706K, committed 5760K, reserved 1048576K
[2020-09-08T09:49:06.326-0300][gc,start       ] GC(226) Pause Young (Prepare Mixed) (G1 Evacuation Pause)
[2020-09-08T09:49:06.326-0300][gc,task        ] GC(226) Using 4 workers of 4 for evacuation
[2020-09-08T09:49:06.341-0300][gc,phases      ] GC(226)   Pre Evacuate Collection Set: 0.0ms
[2020-09-08T09:49:06.341-0300][gc,phases      ] GC(226)   Evacuate Collection Set: 10.8ms
[2020-09-08T09:49:06.341-0300][gc,phases      ] GC(226)   Post Evacuate Collection Set: 3.0ms
[2020-09-08T09:49:06.341-0300][gc,phases      ] GC(226)   Other: 1.3ms
[2020-09-08T09:49:06.341-0300][gc,heap        ] GC(226) Eden regions: 32->0(2)
[2020-09-08T09:49:06.341-0300][gc,heap        ] GC(226) Survivor regions: 2->3(5)
[2020-09-08T09:49:06.342-0300][gc,heap        ] GC(226) Old regions: 43->43
[2020-09-08T09:49:06.342-0300][gc,heap        ] GC(226) Humongous regions: 6->4
[2020-09-08T09:49:06.342-0300][gc,metaspace   ] GC(226) Metaspace: 40139K->40139K(1087488K)
[2020-09-08T09:49:06.342-0300][gc,heap        ] GC(226) Heap after GC invocations=227 (full 1): garbage-first heap   total 109568K, used 48209K [0x0000000083000000, 0x0000000100000000)
[2020-09-08T09:49:06.342-0300][gc,heap        ] GC(226)   region size 1024K, 3 young (3072K), 3 survivors (3072K)
[2020-09-08T09:49:06.342-0300][gc,heap        ] GC(226)  Metaspace       used 40139K, capacity 43350K, committed 43648K, reserved 1087488K
[2020-09-08T09:49:06.342-0300][gc,heap        ] GC(226)   class space    used 4461K, capacity 5706K, committed 5760K, reserved 1048576K
[2020-09-08T09:49:06.342-0300][gc             ] GC(226) Pause Young (Prepare Mixed) (G1 Evacuation Pause) 80M->47M(107M) 15.537ms
[2020-09-08T09:49:06.342-0300][gc,cpu         ] GC(226) User=0.05s Sys=0.01s Real=0.02s
[2020-09-08T09:49:06.360-0300][gc,heap        ] GC(227) Heap before GC invocations=227 (full 1): garbage-first heap   total 109568K, used 50257K [0x0000000083000000, 0x0000000100000000)
[2020-09-08T09:49:06.360-0300][gc,heap        ] GC(227)   region size 1024K, 5 young (5120K), 3 survivors (3072K)
[2020-09-08T09:49:06.360-0300][gc,heap        ] GC(227)  Metaspace       used 40139K, capacity 43350K, committed 43648K, reserved 1087488K
[2020-09-08T09:49:06.360-0300][gc,heap        ] GC(227)   class space    used 4461K, capacity 5706K, committed 5760K, reserved 1048576K
[2020-09-08T09:49:06.360-0300][gc,start       ] GC(227) Pause Young (Mixed) (G1 Evacuation Pause)
[2020-09-08T09:49:06.361-0300][gc,task        ] GC(227) Using 4 workers of 4 for evacuation
[2020-09-08T09:49:06.374-0300][gc,phases      ] GC(227)   Pre Evacuate Collection Set: 0.1ms
[2020-09-08T09:49:06.375-0300][gc,phases      ] GC(227)   Evacuate Collection Set: 12.2ms
[2020-09-08T09:49:06.375-0300][gc,phases      ] GC(227)   Post Evacuate Collection Set: 0.8ms
[2020-09-08T09:49:06.375-0300][gc,phases      ] GC(227)   Other: 1.3ms
[2020-09-08T09:49:06.375-0300][gc,heap        ] GC(227) Eden regions: 2->0(33)
[2020-09-08T09:49:06.375-0300][gc,heap        ] GC(227) Survivor regions: 3->1(1)
[2020-09-08T09:49:06.375-0300][gc,heap        ] GC(227) Old regions: 43->45
[2020-09-08T09:49:06.375-0300][gc,heap        ] GC(227) Humongous regions: 4->4
[2020-09-08T09:49:06.375-0300][gc,metaspace   ] GC(227) Metaspace: 40139K->40139K(1087488K)
[2020-09-08T09:49:06.375-0300][gc,heap        ] GC(227) Heap after GC invocations=228 (full 1): garbage-first heap   total 109568K, used 47507K [0x0000000083000000, 0x0000000100000000)
[2020-09-08T09:49:06.375-0300][gc,heap        ] GC(227)   region size 1024K, 1 young (1024K), 1 survivors (1024K)
[2020-09-08T09:49:06.375-0300][gc,heap        ] GC(227)  Metaspace       used 40139K, capacity 43350K, committed 43648K, reserved 1087488K
[2020-09-08T09:49:06.375-0300][gc,heap        ] GC(227)   class space    used 4461K, capacity 5706K, committed 5760K, reserved 1048576K
[2020-09-08T09:49:06.375-0300][gc             ] GC(227) Pause Young (Mixed) (G1 Evacuation Pause) 49M->46M(107M) 14.783ms
[2020-09-08T09:49:06.375-0300][gc,cpu         ] GC(227) User=0.05s Sys=0.00s Real=0.02s
[2020-09-08T09:49:11.102-0300][gc,heap        ] GC(228) Heap before GC invocations=228 (full 1): garbage-first heap   total 109568K, used 82323K [0x0000000083000000, 0x0000000100000000)
[2020-09-08T09:49:11.102-0300][gc,heap        ] GC(228)   region size 1024K, 34 young (34816K), 1 survivors (1024K)
[2020-09-08T09:49:11.102-0300][gc,heap        ] GC(228)  Metaspace       used 40139K, capacity 43350K, committed 43648K, reserved 1087488K
[2020-09-08T09:49:11.102-0300][gc,heap        ] GC(228)   class space    used 4461K, capacity 5706K, committed 5760K, reserved 1048576K
[2020-09-08T09:49:11.103-0300][gc,start       ] GC(228) Pause Young (Normal) (G1 Evacuation Pause)
[2020-09-08T09:49:11.103-0300][gc,task        ] GC(228) Using 4 workers of 4 for evacuation
[2020-09-08T09:49:11.112-0300][gc,phases      ] GC(228)   Pre Evacuate Collection Set: 0.1ms
[2020-09-08T09:49:11.112-0300][gc,phases      ] GC(228)   Evacuate Collection Set: 7.1ms
[2020-09-08T09:49:11.112-0300][gc,phases      ] GC(228)   Post Evacuate Collection Set: 1.6ms
[2020-09-08T09:49:11.112-0300][gc,phases      ] GC(228)   Other: 1.1ms
[2020-09-08T09:49:11.112-0300][gc,heap        ] GC(228) Eden regions: 33->0(35)
[2020-09-08T09:49:11.113-0300][gc,heap        ] GC(228) Survivor regions: 1->1(5)
[2020-09-08T09:49:11.113-0300][gc,heap        ] GC(228) Old regions: 45->45
[2020-09-08T09:49:11.113-0300][gc,heap        ] GC(228) Humongous regions: 6->4
[2020-09-08T09:49:11.113-0300][gc,metaspace   ] GC(228) Metaspace: 40139K->40139K(1087488K)
[2020-09-08T09:49:11.113-0300][gc,heap        ] GC(228) Heap after GC invocations=229 (full 1): garbage-first heap   total 109568K, used 47819K [0x0000000083000000, 0x0000000100000000)
[2020-09-08T09:49:11.113-0300][gc,heap        ] GC(228)   region size 1024K, 1 young (1024K), 1 survivors (1024K)
[2020-09-08T09:49:11.113-0300][gc,heap        ] GC(228)  Metaspace       used 40139K, capacity 43350K, committed 43648K, reserved 1087488K
[2020-09-08T09:49:11.113-0300][gc,heap        ] GC(228)   class space    used 4461K, capacity 5706K, committed 5760K, reserved 1048576K
[2020-09-08T09:49:11.113-0300][gc             ] GC(228) Pause Young (Normal) (G1 Evacuation Pause) 81M->46M(107M) 10.318ms
[2020-09-08T09:49:11.113-0300][gc,cpu         ] GC(228) User=0.03s Sys=0.00s Real=0.01s
[2020-09-08T09:49:21.311-0300][gc,heap        ] GC(229) Heap before GC invocations=229 (full 1): garbage-first heap   total 109568K, used 84683K [0x0000000083000000, 0x0000000100000000)
[2020-09-08T09:49:21.311-0300][gc,heap        ] GC(229)   region size 1024K, 36 young (36864K), 1 survivors (1024K)
[2020-09-08T09:49:21.311-0300][gc,heap        ] GC(229)  Metaspace       used 40151K, capacity 43350K, committed 43648K, reserved 1087488K
[2020-09-08T09:49:21.311-0300][gc,heap        ] GC(229)   class space    used 4461K, capacity 5706K, committed 5760K, reserved 1048576K
[2020-09-08T09:49:21.312-0300][gc,start       ] GC(229) Pause Young (Normal) (G1 Evacuation Pause)
[2020-09-08T09:49:21.312-0300][gc,task        ] GC(229) Using 4 workers of 4 for evacuation
[2020-09-08T09:49:21.322-0300][gc,phases      ] GC(229)   Pre Evacuate Collection Set: 0.0ms
[2020-09-08T09:49:21.322-0300][gc,phases      ] GC(229)   Evacuate Collection Set: 7.7ms
[2020-09-08T09:49:21.322-0300][gc,phases      ] GC(229)   Post Evacuate Collection Set: 2.1ms
[2020-09-08T09:49:21.323-0300][gc,phases      ] GC(229)   Other: 1.3ms
[2020-09-08T09:49:21.323-0300][gc,heap        ] GC(229) Eden regions: 35->0(35)
[2020-09-08T09:49:21.323-0300][gc,heap        ] GC(229) Survivor regions: 1->2(5)
[2020-09-08T09:49:21.323-0300][gc,heap        ] GC(229) Old regions: 45->45
[2020-09-08T09:49:21.323-0300][gc,heap        ] GC(229) Humongous regions: 6->4
[2020-09-08T09:49:21.323-0300][gc,metaspace   ] GC(229) Metaspace: 40151K->40151K(1087488K)
[2020-09-08T09:49:21.323-0300][gc,heap        ] GC(229) Heap after GC invocations=230 (full 1): garbage-first heap   total 109568K, used 48315K [0x0000000083000000, 0x0000000100000000)
[2020-09-08T09:49:21.323-0300][gc,heap        ] GC(229)   region size 1024K, 2 young (2048K), 2 survivors (2048K)
[2020-09-08T09:49:21.323-0300][gc,heap        ] GC(229)  Metaspace       used 40151K, capacity 43350K, committed 43648K, reserved 1087488K
[2020-09-08T09:49:21.323-0300][gc,heap        ] GC(229)   class space    used 4461K, capacity 5706K, committed 5760K, reserved 1048576K
[2020-09-08T09:49:21.323-0300][gc             ] GC(229) Pause Young (Normal) (G1 Evacuation Pause) 83M->47M(107M) 11.411ms
[2020-09-08T09:49:21.323-0300][gc,cpu         ] GC(229) User=0.03s Sys=0.01s Real=0.01s
[2020-09-08T09:49:28.032-0300][gc,heap        ] GC(230) Heap before GC invocations=230 (full 1): garbage-first heap   total 109568K, used 85179K [0x0000000083000000, 0x0000000100000000)
[2020-09-08T09:49:28.032-0300][gc,heap        ] GC(230)   region size 1024K, 37 young (37888K), 2 survivors (2048K)
[2020-09-08T09:49:28.032-0300][gc,heap        ] GC(230)  Metaspace       used 40151K, capacity 43350K, committed 43648K, reserved 1087488K
[2020-09-08T09:49:28.032-0300][gc,heap        ] GC(230)   class space    used 4461K, capacity 5706K, committed 5760K, reserved 1048576K
[2020-09-08T09:49:28.032-0300][gc,start       ] GC(230) Pause Young (Normal) (G1 Evacuation Pause)
[2020-09-08T09:49:28.032-0300][gc,task        ] GC(230) Using 4 workers of 4 for evacuation
[2020-09-08T09:49:28.044-0300][gc,phases      ] GC(230)   Pre Evacuate Collection Set: 0.0ms
[2020-09-08T09:49:28.044-0300][gc,phases      ] GC(230)   Evacuate Collection Set: 9.2ms
[2020-09-08T09:49:28.044-0300][gc,phases      ] GC(230)   Post Evacuate Collection Set: 2.1ms
[2020-09-08T09:49:28.045-0300][gc,phases      ] GC(230)   Other: 1.2ms
[2020-09-08T09:49:28.045-0300][gc,heap        ] GC(230) Eden regions: 35->0(37)
[2020-09-08T09:49:28.045-0300][gc,heap        ] GC(230) Survivor regions: 2->2(5)
[2020-09-08T09:49:28.045-0300][gc,heap        ] GC(230) Old regions: 45->45
[2020-09-08T09:49:28.045-0300][gc,heap        ] GC(230) Humongous regions: 6->4
[2020-09-08T09:49:28.045-0300][gc,metaspace   ] GC(230) Metaspace: 40151K->40151K(1087488K)
[2020-09-08T09:49:28.045-0300][gc,heap        ] GC(230) Heap after GC invocations=231 (full 1): garbage-first heap   total 109568K, used 48766K [0x0000000083000000, 0x0000000100000000)
[2020-09-08T09:49:28.045-0300][gc,heap        ] GC(230)   region size 1024K, 2 young (2048K), 2 survivors (2048K)
[2020-09-08T09:49:28.045-0300][gc,heap        ] GC(230)  Metaspace       used 40151K, capacity 43350K, committed 43648K, reserved 1087488K
[2020-09-08T09:49:28.045-0300][gc,heap        ] GC(230)   class space    used 4461K, capacity 5706K, committed 5760K, reserved 1048576K
[2020-09-08T09:49:28.045-0300][gc             ] GC(230) Pause Young (Normal) (G1 Evacuation Pause) 84M->47M(107M) 12.980ms
[2020-09-08T09:49:28.045-0300][gc,cpu         ] GC(230) User=0.04s Sys=0.01s Real=0.01s
[2020-09-08T09:49:37.805-0300][gc,heap        ] GC(231) Heap before GC invocations=231 (full 1): garbage-first heap   total 109568K, used 87678K [0x0000000083000000, 0x0000000100000000)
[2020-09-08T09:49:37.805-0300][gc,heap        ] GC(231)   region size 1024K, 39 young (39936K), 2 survivors (2048K)
[2020-09-08T09:49:37.805-0300][gc,heap        ] GC(231)  Metaspace       used 40151K, capacity 43350K, committed 43648K, reserved 1087488K
[2020-09-08T09:49:37.805-0300][gc,heap        ] GC(231)   class space    used 4461K, capacity 5706K, committed 5760K, reserved 1048576K
[2020-09-08T09:49:37.806-0300][gc,start       ] GC(231) Pause Young (Normal) (G1 Evacuation Pause)
[2020-09-08T09:49:37.806-0300][gc,task        ] GC(231) Using 4 workers of 4 for evacuation
[2020-09-08T09:49:37.827-0300][gc,phases      ] GC(231)   Pre Evacuate Collection Set: 0.1ms
[2020-09-08T09:49:37.827-0300][gc,phases      ] GC(231)   Evacuate Collection Set: 18.2ms
[2020-09-08T09:49:37.827-0300][gc,phases      ] GC(231)   Post Evacuate Collection Set: 2.0ms
[2020-09-08T09:49:37.827-0300][gc,phases      ] GC(231)   Other: 1.4ms
[2020-09-08T09:49:37.827-0300][gc,heap        ] GC(231) Eden regions: 37->0(36)
[2020-09-08T09:49:37.827-0300][gc,heap        ] GC(231) Survivor regions: 2->3(5)
[2020-09-08T09:49:37.827-0300][gc,heap        ] GC(231) Old regions: 45->45
[2020-09-08T09:49:37.827-0300][gc,heap        ] GC(231) Humongous regions: 6->5
[2020-09-08T09:49:37.827-0300][gc,metaspace   ] GC(231) Metaspace: 40151K->40151K(1087488K)
[2020-09-08T09:49:37.827-0300][gc,heap        ] GC(231) Heap after GC invocations=232 (full 1): garbage-first heap   total 109568K, used 50668K [0x0000000083000000, 0x0000000100000000)
[2020-09-08T09:49:37.827-0300][gc,heap        ] GC(231)   region size 1024K, 3 young (3072K), 3 survivors (3072K)
[2020-09-08T09:49:37.827-0300][gc,heap        ] GC(231)  Metaspace       used 40151K, capacity 43350K, committed 43648K, reserved 1087488K
[2020-09-08T09:49:37.827-0300][gc,heap        ] GC(231)   class space    used 4461K, capacity 5706K, committed 5760K, reserved 1048576K
[2020-09-08T09:49:37.828-0300][gc             ] GC(231) Pause Young (Normal) (G1 Evacuation Pause) 86M->49M(107M) 21.848ms
[2020-09-08T09:49:37.828-0300][gc,cpu         ] GC(231) User=0.07s Sys=0.00s Real=0.02s
[2020-09-08T09:49:47.638-0300][gc,heap        ] GC(232) Heap before GC invocations=232 (full 1): garbage-first heap   total 109568K, used 86508K [0x0000000083000000, 0x0000000100000000)
[2020-09-08T09:49:47.638-0300][gc,heap        ] GC(232)   region size 1024K, 39 young (39936K), 3 survivors (3072K)
[2020-09-08T09:49:47.638-0300][gc,heap        ] GC(232)  Metaspace       used 40151K, capacity 43350K, committed 43648K, reserved 1087488K
[2020-09-08T09:49:47.638-0300][gc,heap        ] GC(232)   class space    used 4461K, capacity 5706K, committed 5760K, reserved 1048576K
[2020-09-08T09:49:47.638-0300][gc,start       ] GC(232) Pause Young (Normal) (G1 Evacuation Pause)
[2020-09-08T09:49:47.638-0300][gc,task        ] GC(232) Using 4 workers of 4 for evacuation
[2020-09-08T09:49:47.652-0300][gc,phases      ] GC(232)   Pre Evacuate Collection Set: 0.1ms
[2020-09-08T09:49:47.652-0300][gc,phases      ] GC(232)   Evacuate Collection Set: 11.4ms
[2020-09-08T09:49:47.652-0300][gc,phases      ] GC(232)   Post Evacuate Collection Set: 1.9ms
[2020-09-08T09:49:47.652-0300][gc,phases      ] GC(232)   Other: 1.3ms
[2020-09-08T09:49:47.652-0300][gc,heap        ] GC(232) Eden regions: 36->0(37)
[2020-09-08T09:49:47.653-0300][gc,heap        ] GC(232) Survivor regions: 3->3(5)
[2020-09-08T09:49:47.653-0300][gc,heap        ] GC(232) Old regions: 45->45
[2020-09-08T09:49:47.653-0300][gc,heap        ] GC(232) Humongous regions: 5->4
[2020-09-08T09:49:47.653-0300][gc,metaspace   ] GC(232) Metaspace: 40151K->40151K(1087488K)
[2020-09-08T09:49:47.653-0300][gc,heap        ] GC(232) Heap after GC invocations=233 (full 1): garbage-first heap   total 109568K, used 49359K [0x0000000083000000, 0x0000000100000000)
[2020-09-08T09:49:47.653-0300][gc,heap        ] GC(232)   region size 1024K, 3 young (3072K), 3 survivors (3072K)
[2020-09-08T09:49:47.653-0300][gc,heap        ] GC(232)  Metaspace       used 40151K, capacity 43350K, committed 43648K, reserved 1087488K
[2020-09-08T09:49:47.653-0300][gc,heap        ] GC(232)   class space    used 4461K, capacity 5706K, committed 5760K, reserved 1048576K
[2020-09-08T09:49:47.653-0300][gc             ] GC(232) Pause Young (Normal) (G1 Evacuation Pause) 85M->48M(107M) 15.070ms
[2020-09-08T09:49:47.653-0300][gc,cpu         ] GC(232) User=0.05s Sys=0.01s Real=0.02s
[2020-09-08T09:49:56.437-0300][gc,heap        ] GC(233) Heap before GC invocations=233 (full 1): garbage-first heap   total 109568K, used 88271K [0x0000000083000000, 0x0000000100000000)
[2020-09-08T09:49:56.438-0300][gc,heap        ] GC(233)   region size 1024K, 40 young (40960K), 3 survivors (3072K)
[2020-09-08T09:49:56.438-0300][gc,heap        ] GC(233)  Metaspace       used 40151K, capacity 43350K, committed 43648K, reserved 1087488K
[2020-09-08T09:49:56.438-0300][gc,heap        ] GC(233)   class space    used 4461K, capacity 5706K, committed 5760K, reserved 1048576K
[2020-09-08T09:49:56.438-0300][gc,start       ] GC(233) Pause Young (Normal) (G1 Evacuation Pause)
[2020-09-08T09:49:56.438-0300][gc,task        ] GC(233) Using 4 workers of 4 for evacuation
[2020-09-08T09:49:56.452-0300][gc,phases      ] GC(233)   Pre Evacuate Collection Set: 0.1ms
[2020-09-08T09:49:56.452-0300][gc,phases      ] GC(233)   Evacuate Collection Set: 11.4ms
[2020-09-08T09:49:56.452-0300][gc,phases      ] GC(233)   Post Evacuate Collection Set: 1.9ms
[2020-09-08T09:49:56.452-0300][gc,phases      ] GC(233)   Other: 1.3ms
[2020-09-08T09:49:56.452-0300][gc,heap        ] GC(233) Eden regions: 37->0(38)
[2020-09-08T09:49:56.453-0300][gc,heap        ] GC(233) Survivor regions: 3->3(5)
[2020-09-08T09:49:56.453-0300][gc,heap        ] GC(233) Old regions: 45->45
[2020-09-08T09:49:56.453-0300][gc,heap        ] GC(233) Humongous regions: 6->4
[2020-09-08T09:49:56.453-0300][gc,metaspace   ] GC(233) Metaspace: 40151K->40151K(1087488K)
[2020-09-08T09:49:56.453-0300][gc,heap        ] GC(233) Heap after GC invocations=234 (full 1): garbage-first heap   total 109568K, used 49751K [0x0000000083000000, 0x0000000100000000)
[2020-09-08T09:49:56.453-0300][gc,heap        ] GC(233)   region size 1024K, 3 young (3072K), 3 survivors (3072K)
[2020-09-08T09:49:56.453-0300][gc,heap        ] GC(233)  Metaspace       used 40151K, capacity 43350K, committed 43648K, reserved 1087488K
[2020-09-08T09:49:56.453-0300][gc,heap        ] GC(233)   class space    used 4461K, capacity 5706K, committed 5760K, reserved 1048576K
[2020-09-08T09:49:56.453-0300][gc             ] GC(233) Pause Young (Normal) (G1 Evacuation Pause) 87M->48M(107M) 15.029ms
[2020-09-08T09:49:56.453-0300][gc,cpu         ] GC(233) User=0.05s Sys=0.00s Real=0.02s
[2020-09-08T09:49:57.681-0300][gc,heap        ] GC(234) Heap before GC invocations=234 (full 1): garbage-first heap   total 109568K, used 63063K [0x0000000083000000, 0x0000000100000000)
[2020-09-08T09:49:57.681-0300][gc,heap        ] GC(234)   region size 1024K, 17 young (17408K), 3 survivors (3072K)
[2020-09-08T09:49:57.681-0300][gc,heap        ] GC(234)  Metaspace       used 40151K, capacity 43350K, committed 43648K, reserved 1087488K
[2020-09-08T09:49:57.681-0300][gc,heap        ] GC(234)   class space    used 4461K, capacity 5706K, committed 5760K, reserved 1048576K
[2020-09-08T09:49:57.682-0300][gc,start       ] GC(234) Pause Young (Concurrent Start) (G1 Humongous Allocation)
[2020-09-08T09:49:57.682-0300][gc,task        ] GC(234) Using 4 workers of 4 for evacuation
[2020-09-08T09:49:57.703-0300][gc,phases      ] GC(234)   Pre Evacuate Collection Set: 0.3ms
[2020-09-08T09:49:57.703-0300][gc,phases      ] GC(234)   Evacuate Collection Set: 18.7ms
[2020-09-08T09:49:57.703-0300][gc,phases      ] GC(234)   Post Evacuate Collection Set: 1.5ms
[2020-09-08T09:49:57.704-0300][gc,phases      ] GC(234)   Other: 1.4ms
[2020-09-08T09:49:57.704-0300][gc,heap        ] GC(234) Eden regions: 14->0(36)
[2020-09-08T09:49:57.704-0300][gc,heap        ] GC(234) Survivor regions: 3->4(6)
[2020-09-08T09:49:57.704-0300][gc,heap        ] GC(234) Old regions: 45->45
[2020-09-08T09:49:57.704-0300][gc,heap        ] GC(234) Humongous regions: 5->4
[2020-09-08T09:49:57.704-0300][gc,metaspace   ] GC(234) Metaspace: 40151K->40151K(1087488K)
[2020-09-08T09:49:57.704-0300][gc,heap        ] GC(234) Heap after GC invocations=235 (full 1): garbage-first heap   total 109568K, used 50707K [0x0000000083000000, 0x0000000100000000)
[2020-09-08T09:49:57.704-0300][gc,heap        ] GC(234)   region size 1024K, 4 young (4096K), 4 survivors (4096K)
[2020-09-08T09:49:57.704-0300][gc,heap        ] GC(234)  Metaspace       used 40151K, capacity 43350K, committed 43648K, reserved 1087488K
[2020-09-08T09:49:57.704-0300][gc,heap        ] GC(234)   class space    used 4461K, capacity 5706K, committed 5760K, reserved 1048576K
[2020-09-08T09:49:57.704-0300][gc             ] GC(234) Pause Young (Concurrent Start) (G1 Humongous Allocation) 62M->49M(107M) 22.492ms
[2020-09-08T09:49:57.704-0300][gc,cpu         ] GC(234) User=0.06s Sys=0.01s Real=0.02s
[2020-09-08T09:49:57.705-0300][gc             ] GC(235) Concurrent Cycle
[2020-09-08T09:49:57.705-0300][gc,marking     ] GC(235) Concurrent Clear Claimed Marks
[2020-09-08T09:49:57.706-0300][gc,marking     ] GC(235) Concurrent Clear Claimed Marks 1.008ms
[2020-09-08T09:49:57.706-0300][gc,marking     ] GC(235) Concurrent Scan Root Regions
[2020-09-08T09:49:57.726-0300][gc,marking     ] GC(235) Concurrent Scan Root Regions 20.061ms
[2020-09-08T09:49:57.726-0300][gc,marking     ] GC(235) Concurrent Mark (855.200s)
[2020-09-08T09:49:57.726-0300][gc,marking     ] GC(235) Concurrent Mark From Roots
[2020-09-08T09:49:57.726-0300][gc,task        ] GC(235) Using 1 workers of 1 for marking
[2020-09-08T09:49:58.043-0300][gc,marking     ] GC(235) Concurrent Mark From Roots 317.036ms
[2020-09-08T09:49:58.043-0300][gc,marking     ] GC(235) Concurrent Preclean
[2020-09-08T09:49:58.044-0300][gc,marking     ] GC(235) Concurrent Preclean 0.275ms
[2020-09-08T09:49:58.044-0300][gc,marking     ] GC(235) Concurrent Mark (855.200s, 855.517s) 317.524ms
[2020-09-08T09:49:58.045-0300][gc,start       ] GC(235) Pause Remark
[2020-09-08T09:49:58.081-0300][gc,stringtable ] GC(235) Cleaned string and symbol table, strings: 23049 processed, 0 removed, symbols: 90745 processed, 0 removed
[2020-09-08T09:49:58.082-0300][gc             ] GC(235) Pause Remark 56M->56M(107M) 37.359ms
[2020-09-08T09:49:58.083-0300][gc,cpu         ] GC(235) User=0.12s Sys=0.01s Real=0.04s
[2020-09-08T09:49:58.083-0300][gc,marking     ] GC(235) Concurrent Rebuild Remembered Sets
[2020-09-08T09:49:58.256-0300][gc,marking     ] GC(235) Concurrent Rebuild Remembered Sets 173.218ms
[2020-09-08T09:49:58.258-0300][gc,start       ] GC(235) Pause Cleanup
[2020-09-08T09:49:58.259-0300][gc             ] GC(235) Pause Cleanup 57M->57M(107M) 0.521ms
[2020-09-08T09:49:58.259-0300][gc,cpu         ] GC(235) User=0.00s Sys=0.00s Real=0.00s
[2020-09-08T09:49:58.260-0300][gc,marking     ] GC(235) Concurrent Cleanup for Next Mark
[2020-09-08T09:49:58.261-0300][gc,marking     ] GC(235) Concurrent Cleanup for Next Mark 1.795ms
[2020-09-08T09:49:58.262-0300][gc             ] GC(235) Concurrent Cycle 557.000ms
[2020-09-08T09:50:07.739-0300][gc,heap        ] GC(236) Heap before GC invocations=236 (full 1): garbage-first heap   total 109568K, used 88595K [0x0000000083000000, 0x0000000100000000)
[2020-09-08T09:50:07.739-0300][gc,heap        ] GC(236)   region size 1024K, 40 young (40960K), 4 survivors (4096K)
[2020-09-08T09:50:07.739-0300][gc,heap        ] GC(236)  Metaspace       used 40153K, capacity 43350K, committed 43648K, reserved 1087488K
[2020-09-08T09:50:07.739-0300][gc,heap        ] GC(236)   class space    used 4461K, capacity 5706K, committed 5760K, reserved 1048576K
[2020-09-08T09:50:07.739-0300][gc,start       ] GC(236) Pause Young (Prepare Mixed) (G1 Evacuation Pause)
[2020-09-08T09:50:07.739-0300][gc,task        ] GC(236) Using 4 workers of 4 for evacuation
[2020-09-08T09:50:07.758-0300][gc,phases      ] GC(236)   Pre Evacuate Collection Set: 0.1ms
[2020-09-08T09:50:07.759-0300][gc,phases      ] GC(236)   Evacuate Collection Set: 15.4ms
[2020-09-08T09:50:07.759-0300][gc,phases      ] GC(236)   Post Evacuate Collection Set: 2.8ms
[2020-09-08T09:50:07.759-0300][gc,phases      ] GC(236)   Other: 1.4ms
[2020-09-08T09:50:07.759-0300][gc,heap        ] GC(236) Eden regions: 36->0(2)
[2020-09-08T09:50:07.759-0300][gc,heap        ] GC(236) Survivor regions: 4->3(5)
[2020-09-08T09:50:07.759-0300][gc,heap        ] GC(236) Old regions: 45->45
[2020-09-08T09:50:07.759-0300][gc,heap        ] GC(236) Humongous regions: 6->5
[2020-09-08T09:50:07.759-0300][gc,metaspace   ] GC(236) Metaspace: 40153K->40153K(1087488K)
[2020-09-08T09:50:07.759-0300][gc,heap        ] GC(236) Heap after GC invocations=237 (full 1): garbage-first heap   total 109568K, used 51492K [0x0000000083000000, 0x0000000100000000)
[2020-09-08T09:50:07.759-0300][gc,heap        ] GC(236)   region size 1024K, 3 young (3072K), 3 survivors (3072K)
[2020-09-08T09:50:07.759-0300][gc,heap        ] GC(236)  Metaspace       used 40153K, capacity 43350K, committed 43648K, reserved 1087488K
[2020-09-08T09:50:07.759-0300][gc,heap        ] GC(236)   class space    used 4461K, capacity 5706K, committed 5760K, reserved 1048576K
[2020-09-08T09:50:07.759-0300][gc             ] GC(236) Pause Young (Prepare Mixed) (G1 Evacuation Pause) 87M->50M(107M) 19.936ms
[2020-09-08T09:50:07.759-0300][gc,cpu         ] GC(236) User=0.05s Sys=0.01s Real=0.02s
[2020-09-08T09:50:07.778-0300][gc,heap        ] GC(237) Heap before GC invocations=237 (full 1): garbage-first heap   total 109568K, used 54564K [0x0000000083000000, 0x0000000100000000)
[2020-09-08T09:50:07.778-0300][gc,heap        ] GC(237)   region size 1024K, 6 young (6144K), 3 survivors (3072K)
[2020-09-08T09:50:07.778-0300][gc,heap        ] GC(237)  Metaspace       used 40153K, capacity 43350K, committed 43648K, reserved 1087488K
[2020-09-08T09:50:07.778-0300][gc,heap        ] GC(237)   class space    used 4461K, capacity 5706K, committed 5760K, reserved 1048576K
[2020-09-08T09:50:07.778-0300][gc,start       ] GC(237) Pause Young (Mixed) (GCLocker Initiated GC)
[2020-09-08T09:50:07.778-0300][gc,task        ] GC(237) Using 4 workers of 4 for evacuation
[2020-09-08T09:50:07.797-0300][gc,phases      ] GC(237)   Pre Evacuate Collection Set: 0.1ms
[2020-09-08T09:50:07.797-0300][gc,phases      ] GC(237)   Evacuate Collection Set: 16.9ms
[2020-09-08T09:50:07.797-0300][gc,phases      ] GC(237)   Post Evacuate Collection Set: 0.9ms
[2020-09-08T09:50:07.797-0300][gc,phases      ] GC(237)   Other: 1.4ms
[2020-09-08T09:50:07.797-0300][gc,heap        ] GC(237) Eden regions: 3->0(39)
[2020-09-08T09:50:07.797-0300][gc,heap        ] GC(237) Survivor regions: 3->1(1)
[2020-09-08T09:50:07.797-0300][gc,heap        ] GC(237) Old regions: 45->44
[2020-09-08T09:50:07.797-0300][gc,heap        ] GC(237) Humongous regions: 6->4
[2020-09-08T09:50:07.797-0300][gc,metaspace   ] GC(237) Metaspace: 40153K->40153K(1087488K)
[2020-09-08T09:50:07.797-0300][gc,heap        ] GC(237) Heap after GC invocations=238 (full 1): garbage-first heap   total 109568K, used 46835K [0x0000000083000000, 0x0000000100000000)
[2020-09-08T09:50:07.797-0300][gc,heap        ] GC(237)   region size 1024K, 1 young (1024K), 1 survivors (1024K)
[2020-09-08T09:50:07.797-0300][gc,heap        ] GC(237)  Metaspace       used 40153K, capacity 43350K, committed 43648K, reserved 1087488K
[2020-09-08T09:50:07.797-0300][gc,heap        ] GC(237)   class space    used 4461K, capacity 5706K, committed 5760K, reserved 1048576K
[2020-09-08T09:50:07.797-0300][gc             ] GC(237) Pause Young (Mixed) (GCLocker Initiated GC) 53M->45M(107M) 19.518ms
[2020-09-08T09:50:07.798-0300][gc,cpu         ] GC(237) User=0.06s Sys=0.01s Real=0.02s
[2020-09-08T09:50:12.569-0300][gc,heap        ] GC(238) Heap before GC invocations=238 (full 1): garbage-first heap   total 109568K, used 85747K [0x0000000083000000, 0x0000000100000000)
[2020-09-08T09:50:12.569-0300][gc,heap        ] GC(238)   region size 1024K, 40 young (40960K), 1 survivors (1024K)
[2020-09-08T09:50:12.569-0300][gc,heap        ] GC(238)  Metaspace       used 40155K, capacity 43350K, committed 43648K, reserved 1087488K
[2020-09-08T09:50:12.569-0300][gc,heap        ] GC(238)   class space    used 4461K, capacity 5706K, committed 5760K, reserved 1048576K
[2020-09-08T09:50:12.569-0300][gc,start       ] GC(238) Pause Young (Normal) (G1 Evacuation Pause)
[2020-09-08T09:50:12.569-0300][gc,task        ] GC(238) Using 4 workers of 4 for evacuation
[2020-09-08T09:50:12.581-0300][gc,phases      ] GC(238)   Pre Evacuate Collection Set: 0.1ms
[2020-09-08T09:50:12.581-0300][gc,phases      ] GC(238)   Evacuate Collection Set: 8.8ms
[2020-09-08T09:50:12.581-0300][gc,phases      ] GC(238)   Post Evacuate Collection Set: 2.1ms
[2020-09-08T09:50:12.582-0300][gc,phases      ] GC(238)   Other: 1.7ms
[2020-09-08T09:50:12.582-0300][gc,heap        ] GC(238) Eden regions: 39->0(40)
[2020-09-08T09:50:12.582-0300][gc,heap        ] GC(238) Survivor regions: 1->1(5)
[2020-09-08T09:50:12.582-0300][gc,heap        ] GC(238) Old regions: 44->44
[2020-09-08T09:50:12.582-0300][gc,heap        ] GC(238) Humongous regions: 4->4
[2020-09-08T09:50:12.582-0300][gc,metaspace   ] GC(238) Metaspace: 40155K->40155K(1087488K)
[2020-09-08T09:50:12.582-0300][gc,heap        ] GC(238) Heap after GC invocations=239 (full 1): garbage-first heap   total 109568K, used 47202K [0x0000000083000000, 0x0000000100000000)
[2020-09-08T09:50:12.582-0300][gc,heap        ] GC(238)   region size 1024K, 1 young (1024K), 1 survivors (1024K)
[2020-09-08T09:50:12.582-0300][gc,heap        ] GC(238)  Metaspace       used 40155K, capacity 43350K, committed 43648K, reserved 1087488K
[2020-09-08T09:50:12.582-0300][gc,heap        ] GC(238)   class space    used 4461K, capacity 5706K, committed 5760K, reserved 1048576K
[2020-09-08T09:50:12.582-0300][gc             ] GC(238) Pause Young (Normal) (G1 Evacuation Pause) 84M->46M(107M) 12.860ms
[2020-09-08T09:50:12.584-0300][gc,cpu         ] GC(238) User=0.04s Sys=0.00s Real=0.02s
[2020-09-08T09:50:17.712-0300][gc,heap        ] GC(239) Heap before GC invocations=239 (full 1): garbage-first heap   total 109568K, used 89186K [0x0000000083000000, 0x0000000100000000)
[2020-09-08T09:50:17.712-0300][gc,heap        ] GC(239)   region size 1024K, 41 young (41984K), 1 survivors (1024K)
[2020-09-08T09:50:17.712-0300][gc,heap        ] GC(239)  Metaspace       used 40156K, capacity 43350K, committed 43648K, reserved 1087488K
[2020-09-08T09:50:17.712-0300][gc,heap        ] GC(239)   class space    used 4461K, capacity 5706K, committed 5760K, reserved 1048576K
[2020-09-08T09:50:17.712-0300][gc,start       ] GC(239) Pause Young (Normal) (G1 Evacuation Pause)
[2020-09-08T09:50:17.712-0300][gc,task        ] GC(239) Using 4 workers of 4 for evacuation
[2020-09-08T09:50:17.727-0300][gc,phases      ] GC(239)   Pre Evacuate Collection Set: 0.1ms
[2020-09-08T09:50:17.727-0300][gc,phases      ] GC(239)   Evacuate Collection Set: 11.7ms
[2020-09-08T09:50:17.727-0300][gc,phases      ] GC(239)   Post Evacuate Collection Set: 2.3ms
[2020-09-08T09:50:17.728-0300][gc,phases      ] GC(239)   Other: 1.4ms
[2020-09-08T09:50:17.728-0300][gc,heap        ] GC(239) Eden regions: 40->0(39)
[2020-09-08T09:50:17.728-0300][gc,heap        ] GC(239) Survivor regions: 1->2(6)
[2020-09-08T09:50:17.728-0300][gc,heap        ] GC(239) Old regions: 44->44
[2020-09-08T09:50:17.728-0300][gc,heap        ] GC(239) Humongous regions: 6->5
[2020-09-08T09:50:17.728-0300][gc,metaspace   ] GC(239) Metaspace: 40156K->40156K(1087488K)
[2020-09-08T09:50:17.728-0300][gc,heap        ] GC(239) Heap after GC invocations=240 (full 1): garbage-first heap   total 109568K, used 48454K [0x0000000083000000, 0x0000000100000000)
[2020-09-08T09:50:17.728-0300][gc,heap        ] GC(239)   region size 1024K, 2 young (2048K), 2 survivors (2048K)
[2020-09-08T09:50:17.728-0300][gc,heap        ] GC(239)  Metaspace       used 40156K, capacity 43350K, committed 43648K, reserved 1087488K
[2020-09-08T09:50:17.728-0300][gc,heap        ] GC(239)   class space    used 4461K, capacity 5706K, committed 5760K, reserved 1048576K
[2020-09-08T09:50:17.728-0300][gc             ] GC(239) Pause Young (Normal) (G1 Evacuation Pause) 88M->47M(107M) 15.859ms
[2020-09-08T09:50:17.728-0300][gc,cpu         ] GC(239) User=0.03s Sys=0.00s Real=0.01s
[2020-09-08T09:50:26.041-0300][gc,heap        ] GC(240) Heap before GC invocations=240 (full 1): garbage-first heap   total 109568K, used 87366K [0x0000000083000000, 0x0000000100000000)
[2020-09-08T09:50:26.041-0300][gc,heap        ] GC(240)   region size 1024K, 41 young (41984K), 2 survivors (2048K)
[2020-09-08T09:50:26.041-0300][gc,heap        ] GC(240)  Metaspace       used 40156K, capacity 43350K, committed 43648K, reserved 1087488K
[2020-09-08T09:50:26.041-0300][gc,heap        ] GC(240)   class space    used 4461K, capacity 5706K, committed 5760K, reserved 1048576K
[2020-09-08T09:50:26.042-0300][gc,start       ] GC(240) Pause Young (Normal) (G1 Evacuation Pause)
[2020-09-08T09:50:26.042-0300][gc,task        ] GC(240) Using 4 workers of 4 for evacuation
[2020-09-08T09:50:26.056-0300][gc,phases      ] GC(240)   Pre Evacuate Collection Set: 0.0ms
[2020-09-08T09:50:26.056-0300][gc,phases      ] GC(240)   Evacuate Collection Set: 10.2ms
[2020-09-08T09:50:26.056-0300][gc,phases      ] GC(240)   Post Evacuate Collection Set: 2.7ms
[2020-09-08T09:50:26.056-0300][gc,phases      ] GC(240)   Other: 1.4ms
[2020-09-08T09:50:26.056-0300][gc,heap        ] GC(240) Eden regions: 39->0(39)
[2020-09-08T09:50:26.056-0300][gc,heap        ] GC(240) Survivor regions: 2->3(6)
[2020-09-08T09:50:26.056-0300][gc,heap        ] GC(240) Old regions: 44->44
[2020-09-08T09:50:26.056-0300][gc,heap        ] GC(240) Humongous regions: 5->4
[2020-09-08T09:50:26.056-0300][gc,metaspace   ] GC(240) Metaspace: 40156K->40156K(1087488K)
[2020-09-08T09:50:26.056-0300][gc,heap        ] GC(240) Heap after GC invocations=241 (full 1): garbage-first heap   total 109568K, used 48346K [0x0000000083000000, 0x0000000100000000)
[2020-09-08T09:50:26.056-0300][gc,heap        ] GC(240)   region size 1024K, 3 young (3072K), 3 survivors (3072K)
[2020-09-08T09:50:26.056-0300][gc,heap        ] GC(240)  Metaspace       used 40156K, capacity 43350K, committed 43648K, reserved 1087488K
[2020-09-08T09:50:26.056-0300][gc,heap        ] GC(240)   class space    used 4461K, capacity 5706K, committed 5760K, reserved 1048576K
[2020-09-08T09:50:26.056-0300][gc             ] GC(240) Pause Young (Normal) (G1 Evacuation Pause) 86M->47M(107M) 14.703ms
[2020-09-08T09:50:26.057-0300][gc,cpu         ] GC(240) User=0.04s Sys=0.00s Real=0.01s
[2020-09-08T09:50:37.426-0300][gc,heap        ] GC(241) Heap before GC invocations=241 (full 1): garbage-first heap   total 109568K, used 89306K [0x0000000083000000, 0x0000000100000000)
[2020-09-08T09:50:37.426-0300][gc,heap        ] GC(241)   region size 1024K, 42 young (43008K), 3 survivors (3072K)
[2020-09-08T09:50:37.426-0300][gc,heap        ] GC(241)  Metaspace       used 40156K, capacity 43350K, committed 43648K, reserved 1087488K
[2020-09-08T09:50:37.427-0300][gc,heap        ] GC(241)   class space    used 4461K, capacity 5706K, committed 5760K, reserved 1048576K
[2020-09-08T09:50:37.427-0300][gc,start       ] GC(241) Pause Young (Normal) (G1 Evacuation Pause)
[2020-09-08T09:50:37.427-0300][gc,task        ] GC(241) Using 4 workers of 4 for evacuation
[2020-09-08T09:50:37.438-0300][gc,phases      ] GC(241)   Pre Evacuate Collection Set: 0.1ms
[2020-09-08T09:50:37.438-0300][gc,phases      ] GC(241)   Evacuate Collection Set: 8.2ms
[2020-09-08T09:50:37.438-0300][gc,phases      ] GC(241)   Post Evacuate Collection Set: 1.8ms
[2020-09-08T09:50:37.438-0300][gc,phases      ] GC(241)   Other: 1.2ms
[2020-09-08T09:50:37.438-0300][gc,heap        ] GC(241) Eden regions: 39->0(41)
[2020-09-08T09:50:37.438-0300][gc,heap        ] GC(241) Survivor regions: 3->2(6)
[2020-09-08T09:50:37.438-0300][gc,heap        ] GC(241) Old regions: 44->44
[2020-09-08T09:50:37.438-0300][gc,heap        ] GC(241) Humongous regions: 6->4
[2020-09-08T09:50:37.438-0300][gc,metaspace   ] GC(241) Metaspace: 40156K->40156K(1087488K)
[2020-09-08T09:50:37.438-0300][gc,heap        ] GC(241) Heap after GC invocations=242 (full 1): garbage-first heap   total 109568K, used 47792K [0x0000000083000000, 0x0000000100000000)
[2020-09-08T09:50:37.438-0300][gc,heap        ] GC(241)   region size 1024K, 2 young (2048K), 2 survivors (2048K)
[2020-09-08T09:50:37.438-0300][gc,heap        ] GC(241)  Metaspace       used 40156K, capacity 43350K, committed 43648K, reserved 1087488K
[2020-09-08T09:50:37.438-0300][gc,heap        ] GC(241)   class space    used 4461K, capacity 5706K, committed 5760K, reserved 1048576K
[2020-09-08T09:50:37.438-0300][gc             ] GC(241) Pause Young (Normal) (G1 Evacuation Pause) 88M->46M(107M) 11.784ms
[2020-09-08T09:50:37.439-0300][gc,cpu         ] GC(241) User=0.03s Sys=0.01s Real=0.01s
[2020-09-08T09:50:37.844-0300][gc,heap        ] GC(242) Heap before GC invocations=242 (full 1): garbage-first heap   total 109568K, used 58032K [0x0000000083000000, 0x0000000100000000)
[2020-09-08T09:50:37.845-0300][gc,heap        ] GC(242)   region size 1024K, 13 young (13312K), 2 survivors (2048K)
[2020-09-08T09:50:37.845-0300][gc,heap        ] GC(242)  Metaspace       used 40156K, capacity 43350K, committed 43648K, reserved 1087488K
[2020-09-08T09:50:37.845-0300][gc,heap        ] GC(242)   class space    used 4461K, capacity 5706K, committed 5760K, reserved 1048576K
[2020-09-08T09:50:37.845-0300][gc,start       ] GC(242) Pause Young (Concurrent Start) (G1 Humongous Allocation)
[2020-09-08T09:50:37.845-0300][gc,task        ] GC(242) Using 4 workers of 4 for evacuation
[2020-09-08T09:50:37.860-0300][gc,phases      ] GC(242)   Pre Evacuate Collection Set: 0.4ms
[2020-09-08T09:50:37.860-0300][gc,phases      ] GC(242)   Evacuate Collection Set: 11.9ms
[2020-09-08T09:50:37.860-0300][gc,phases      ] GC(242)   Post Evacuate Collection Set: 1.6ms
[2020-09-08T09:50:37.860-0300][gc,phases      ] GC(242)   Other: 1.5ms
[2020-09-08T09:50:37.860-0300][gc,heap        ] GC(242) Eden regions: 11->0(37)
[2020-09-08T09:50:37.860-0300][gc,heap        ] GC(242) Survivor regions: 2->3(6)
[2020-09-08T09:50:37.860-0300][gc,heap        ] GC(242) Old regions: 44->44
[2020-09-08T09:50:37.860-0300][gc,heap        ] GC(242) Humongous regions: 5->4
[2020-09-08T09:50:37.860-0300][gc,metaspace   ] GC(242) Metaspace: 40156K->40156K(1087488K)
[2020-09-08T09:50:37.860-0300][gc,heap        ] GC(242) Heap after GC invocations=243 (full 1): garbage-first heap   total 109568K, used 48587K [0x0000000083000000, 0x0000000100000000)
[2020-09-08T09:50:37.860-0300][gc,heap        ] GC(242)   region size 1024K, 3 young (3072K), 3 survivors (3072K)
[2020-09-08T09:50:37.861-0300][gc,heap        ] GC(242)  Metaspace       used 40156K, capacity 43350K, committed 43648K, reserved 1087488K
[2020-09-08T09:50:37.861-0300][gc,heap        ] GC(242)   class space    used 4461K, capacity 5706K, committed 5760K, reserved 1048576K
[2020-09-08T09:50:37.861-0300][gc             ] GC(242) Pause Young (Concurrent Start) (G1 Humongous Allocation) 58M->47M(107M) 15.817ms
[2020-09-08T09:50:37.861-0300][gc,cpu         ] GC(242) User=0.05s Sys=0.01s Real=0.02s
[2020-09-08T09:50:37.862-0300][gc             ] GC(243) Concurrent Cycle
[2020-09-08T09:50:37.862-0300][gc,marking     ] GC(243) Concurrent Clear Claimed Marks
[2020-09-08T09:50:37.862-0300][gc,marking     ] GC(243) Concurrent Clear Claimed Marks 0.578ms
[2020-09-08T09:50:37.862-0300][gc,marking     ] GC(243) Concurrent Scan Root Regions
[2020-09-08T09:50:37.880-0300][gc,marking     ] GC(243) Concurrent Scan Root Regions 17.433ms
[2020-09-08T09:50:37.880-0300][gc,marking     ] GC(243) Concurrent Mark (895.354s)
[2020-09-08T09:50:37.880-0300][gc,marking     ] GC(243) Concurrent Mark From Roots
[2020-09-08T09:50:37.880-0300][gc,task        ] GC(243) Using 1 workers of 1 for marking
[2020-09-08T09:50:38.143-0300][gc,marking     ] GC(243) Concurrent Mark From Roots 262.815ms
[2020-09-08T09:50:38.143-0300][gc,marking     ] GC(243) Concurrent Preclean
[2020-09-08T09:50:38.143-0300][gc,marking     ] GC(243) Concurrent Preclean 0.302ms
[2020-09-08T09:50:38.143-0300][gc,marking     ] GC(243) Concurrent Mark (895.354s, 895.617s) 263.350ms
[2020-09-08T09:50:38.145-0300][gc,start       ] GC(243) Pause Remark
[2020-09-08T09:50:38.176-0300][gc,stringtable ] GC(243) Cleaned string and symbol table, strings: 23067 processed, 1 removed, symbols: 90745 processed, 0 removed
[2020-09-08T09:50:38.177-0300][gc             ] GC(243) Pause Remark 51M->51M(107M) 32.726ms
[2020-09-08T09:50:38.177-0300][gc,cpu         ] GC(243) User=0.12s Sys=0.00s Real=0.03s
[2020-09-08T09:50:38.178-0300][gc,marking     ] GC(243) Concurrent Rebuild Remembered Sets
[2020-09-08T09:50:38.333-0300][gc,marking     ] GC(243) Concurrent Rebuild Remembered Sets 155.221ms
[2020-09-08T09:50:38.334-0300][gc,start       ] GC(243) Pause Cleanup
[2020-09-08T09:50:38.335-0300][gc             ] GC(243) Pause Cleanup 51M->51M(107M) 0.500ms
[2020-09-08T09:50:38.335-0300][gc,cpu         ] GC(243) User=0.00s Sys=0.00s Real=0.00s
[2020-09-08T09:50:38.335-0300][gc,marking     ] GC(243) Concurrent Cleanup for Next Mark
[2020-09-08T09:50:38.337-0300][gc,marking     ] GC(243) Concurrent Cleanup for Next Mark 1.225ms
[2020-09-08T09:50:38.337-0300][gc             ] GC(243) Concurrent Cycle 475.349ms
[2020-09-08T09:50:48.496-0300][gc,heap        ] GC(244) Heap before GC invocations=244 (full 1): garbage-first heap   total 109568K, used 88523K [0x0000000083000000, 0x0000000100000000)
[2020-09-08T09:50:48.497-0300][gc,heap        ] GC(244)   region size 1024K, 40 young (40960K), 3 survivors (3072K)
[2020-09-08T09:50:48.497-0300][gc,heap        ] GC(244)  Metaspace       used 40156K, capacity 43350K, committed 43648K, reserved 1087488K
[2020-09-08T09:50:48.497-0300][gc,heap        ] GC(244)   class space    used 4461K, capacity 5706K, committed 5760K, reserved 1048576K
[2020-09-08T09:50:48.497-0300][gc,start       ] GC(244) Pause Young (Prepare Mixed) (G1 Evacuation Pause)
[2020-09-08T09:50:48.497-0300][gc,task        ] GC(244) Using 4 workers of 4 for evacuation
[2020-09-08T09:50:48.508-0300][gc,phases      ] GC(244)   Pre Evacuate Collection Set: 0.1ms
[2020-09-08T09:50:48.508-0300][gc,phases      ] GC(244)   Evacuate Collection Set: 8.4ms
[2020-09-08T09:50:48.508-0300][gc,phases      ] GC(244)   Post Evacuate Collection Set: 2.1ms
[2020-09-08T09:50:48.508-0300][gc,phases      ] GC(244)   Other: 1.2ms
[2020-09-08T09:50:48.508-0300][gc,heap        ] GC(244) Eden regions: 37->0(3)
[2020-09-08T09:50:48.508-0300][gc,heap        ] GC(244) Survivor regions: 3->2(5)
[2020-09-08T09:50:48.508-0300][gc,heap        ] GC(244) Old regions: 44->44
[2020-09-08T09:50:48.509-0300][gc,heap        ] GC(244) Humongous regions: 7->4
[2020-09-08T09:50:48.509-0300][gc,metaspace   ] GC(244) Metaspace: 40156K->40156K(1087488K)
[2020-09-08T09:50:48.509-0300][gc,heap        ] GC(244) Heap after GC invocations=245 (full 1): garbage-first heap   total 109568K, used 47536K [0x0000000083000000, 0x0000000100000000)
[2020-09-08T09:50:48.509-0300][gc,heap        ] GC(244)   region size 1024K, 2 young (2048K), 2 survivors (2048K)
[2020-09-08T09:50:48.509-0300][gc,heap        ] GC(244)  Metaspace       used 40156K, capacity 43350K, committed 43648K, reserved 1087488K
[2020-09-08T09:50:48.509-0300][gc,heap        ] GC(244)   class space    used 4461K, capacity 5706K, committed 5760K, reserved 1048576K
[2020-09-08T09:50:48.509-0300][gc             ] GC(244) Pause Young (Prepare Mixed) (G1 Evacuation Pause) 87M->46M(107M) 12.015ms
[2020-09-08T09:50:48.509-0300][gc,cpu         ] GC(244) User=0.03s Sys=0.01s Real=0.01s
[2020-09-08T09:50:49.449-0300][gc,heap        ] GC(245) Heap before GC invocations=245 (full 1): garbage-first heap   total 109568K, used 50608K [0x0000000083000000, 0x0000000100000000)
[2020-09-08T09:50:49.449-0300][gc,heap        ] GC(245)   region size 1024K, 5 young (5120K), 2 survivors (2048K)
[2020-09-08T09:50:49.449-0300][gc,heap        ] GC(245)  Metaspace       used 40156K, capacity 43350K, committed 43648K, reserved 1087488K
[2020-09-08T09:50:49.449-0300][gc,heap        ] GC(245)   class space    used 4461K, capacity 5706K, committed 5760K, reserved 1048576K
[2020-09-08T09:50:49.450-0300][gc,start       ] GC(245) Pause Young (Mixed) (G1 Evacuation Pause)
[2020-09-08T09:50:49.450-0300][gc,task        ] GC(245) Using 4 workers of 4 for evacuation
[2020-09-08T09:50:49.467-0300][gc,phases      ] GC(245)   Pre Evacuate Collection Set: 0.1ms
[2020-09-08T09:50:49.467-0300][gc,phases      ] GC(245)   Evacuate Collection Set: 15.0ms
[2020-09-08T09:50:49.467-0300][gc,phases      ] GC(245)   Post Evacuate Collection Set: 1.7ms
[2020-09-08T09:50:49.467-0300][gc,phases      ] GC(245)   Other: 1.3ms
[2020-09-08T09:50:49.467-0300][gc,heap        ] GC(245) Eden regions: 3->0(40)
[2020-09-08T09:50:49.468-0300][gc,heap        ] GC(245) Survivor regions: 2->1(1)
[2020-09-08T09:50:49.468-0300][gc,heap        ] GC(245) Old regions: 44->43
[2020-09-08T09:50:49.468-0300][gc,heap        ] GC(245) Humongous regions: 4->4
[2020-09-08T09:50:49.468-0300][gc,metaspace   ] GC(245) Metaspace: 40156K->40156K(1087488K)
[2020-09-08T09:50:49.468-0300][gc,heap        ] GC(245) Heap after GC invocations=246 (full 1): garbage-first heap   total 109568K, used 46365K [0x0000000083000000, 0x0000000100000000)
[2020-09-08T09:50:49.468-0300][gc,heap        ] GC(245)   region size 1024K, 1 young (1024K), 1 survivors (1024K)
[2020-09-08T09:50:49.468-0300][gc,heap        ] GC(245)  Metaspace       used 40156K, capacity 43350K, committed 43648K, reserved 1087488K
[2020-09-08T09:50:49.468-0300][gc,heap        ] GC(245)   class space    used 4461K, capacity 5706K, committed 5760K, reserved 1048576K
[2020-09-08T09:50:49.468-0300][gc             ] GC(245) Pause Young (Mixed) (G1 Evacuation Pause) 49M->45M(107M) 18.448ms
[2020-09-08T09:50:49.468-0300][gc,cpu         ] GC(245) User=0.06s Sys=0.01s Real=0.02s
[2020-09-08T09:50:59.410-0300][gc,heap        ] GC(246) Heap before GC invocations=246 (full 1): garbage-first heap   total 109568K, used 88349K [0x0000000083000000, 0x0000000100000000)
[2020-09-08T09:50:59.410-0300][gc,heap        ] GC(246)   region size 1024K, 41 young (41984K), 1 survivors (1024K)
[2020-09-08T09:50:59.410-0300][gc,heap        ] GC(246)  Metaspace       used 40162K, capacity 43350K, committed 43648K, reserved 1087488K
[2020-09-08T09:50:59.410-0300][gc,heap        ] GC(246)   class space    used 4461K, capacity 5706K, committed 5760K, reserved 1048576K
[2020-09-08T09:50:59.410-0300][gc,start       ] GC(246) Pause Young (Normal) (G1 Evacuation Pause)
[2020-09-08T09:50:59.410-0300][gc,task        ] GC(246) Using 4 workers of 4 for evacuation
[2020-09-08T09:50:59.421-0300][gc,phases      ] GC(246)   Pre Evacuate Collection Set: 0.0ms
[2020-09-08T09:50:59.421-0300][gc,phases      ] GC(246)   Evacuate Collection Set: 8.1ms
[2020-09-08T09:50:59.421-0300][gc,phases      ] GC(246)   Post Evacuate Collection Set: 2.1ms
[2020-09-08T09:50:59.421-0300][gc,phases      ] GC(246)   Other: 1.2ms
[2020-09-08T09:50:59.422-0300][gc,heap        ] GC(246) Eden regions: 40->0(41)
[2020-09-08T09:50:59.422-0300][gc,heap        ] GC(246) Survivor regions: 1->1(6)
[2020-09-08T09:50:59.422-0300][gc,heap        ] GC(246) Old regions: 43->43
[2020-09-08T09:50:59.422-0300][gc,heap        ] GC(246) Humongous regions: 6->4
[2020-09-08T09:50:59.422-0300][gc,metaspace   ] GC(246) Metaspace: 40162K->40162K(1087488K)
[2020-09-08T09:50:59.422-0300][gc,heap        ] GC(246) Heap after GC invocations=247 (full 1): garbage-first heap   total 109568K, used 46786K [0x0000000083000000, 0x0000000100000000)
[2020-09-08T09:50:59.422-0300][gc,heap        ] GC(246)   region size 1024K, 1 young (1024K), 1 survivors (1024K)
[2020-09-08T09:50:59.422-0300][gc,heap        ] GC(246)  Metaspace       used 40162K, capacity 43350K, committed 43648K, reserved 1087488K
[2020-09-08T09:50:59.422-0300][gc,heap        ] GC(246)   class space    used 4461K, capacity 5706K, committed 5760K, reserved 1048576K
[2020-09-08T09:50:59.422-0300][gc             ] GC(246) Pause Young (Normal) (G1 Evacuation Pause) 87M->45M(107M) 11.950ms
[2020-09-08T09:50:59.422-0300][gc,cpu         ] GC(246) User=0.04s Sys=0.00s Real=0.02s
[2020-09-08T09:51:07.722-0300][gc,heap        ] GC(247) Heap before GC invocations=247 (full 1): garbage-first heap   total 109568K, used 87746K [0x0000000083000000, 0x0000000100000000)
[2020-09-08T09:51:07.722-0300][gc,heap        ] GC(247)   region size 1024K, 42 young (43008K), 1 survivors (1024K)
[2020-09-08T09:51:07.722-0300][gc,heap        ] GC(247)  Metaspace       used 40165K, capacity 43350K, committed 43648K, reserved 1087488K
[2020-09-08T09:51:07.722-0300][gc,heap        ] GC(247)   class space    used 4461K, capacity 5706K, committed 5760K, reserved 1048576K
[2020-09-08T09:51:07.722-0300][gc,start       ] GC(247) Pause Young (Normal) (G1 Evacuation Pause)
[2020-09-08T09:51:07.722-0300][gc,task        ] GC(247) Using 4 workers of 4 for evacuation
[2020-09-08T09:51:07.739-0300][gc,phases      ] GC(247)   Pre Evacuate Collection Set: 0.1ms
[2020-09-08T09:51:07.739-0300][gc,phases      ] GC(247)   Evacuate Collection Set: 12.7ms
[2020-09-08T09:51:07.739-0300][gc,phases      ] GC(247)   Post Evacuate Collection Set: 3.0ms
[2020-09-08T09:51:07.739-0300][gc,phases      ] GC(247)   Other: 1.3ms
[2020-09-08T09:51:07.739-0300][gc,heap        ] GC(247) Eden regions: 41->0(40)
[2020-09-08T09:51:07.739-0300][gc,heap        ] GC(247) Survivor regions: 1->3(6)
[2020-09-08T09:51:07.739-0300][gc,heap        ] GC(247) Old regions: 43->43
[2020-09-08T09:51:07.739-0300][gc,heap        ] GC(247) Humongous regions: 4->4
[2020-09-08T09:51:07.739-0300][gc,metaspace   ] GC(247) Metaspace: 40165K->40165K(1087488K)
[2020-09-08T09:51:07.739-0300][gc,heap        ] GC(247) Heap after GC invocations=248 (full 1): garbage-first heap   total 109568K, used 48297K [0x0000000083000000, 0x0000000100000000)
[2020-09-08T09:51:07.739-0300][gc,heap        ] GC(247)   region size 1024K, 3 young (3072K), 3 survivors (3072K)
[2020-09-08T09:51:07.739-0300][gc,heap        ] GC(247)  Metaspace       used 40165K, capacity 43350K, committed 43648K, reserved 1087488K
[2020-09-08T09:51:07.739-0300][gc,heap        ] GC(247)   class space    used 4461K, capacity 5706K, committed 5760K, reserved 1048576K
[2020-09-08T09:51:07.739-0300][gc             ] GC(247) Pause Young (Normal) (G1 Evacuation Pause) 86M->47M(107M) 17.354ms
[2020-09-08T09:51:07.740-0300][gc,cpu         ] GC(247) User=0.04s Sys=0.00s Real=0.01s
[2020-09-08T09:51:07.758-0300][gc,heap        ] GC(248) Heap before GC invocations=248 (full 1): garbage-first heap   total 109568K, used 53417K [0x0000000083000000, 0x0000000100000000)
[2020-09-08T09:51:07.758-0300][gc,heap        ] GC(248)   region size 1024K, 9 young (9216K), 3 survivors (3072K)
[2020-09-08T09:51:07.758-0300][gc,heap        ] GC(248)  Metaspace       used 40165K, capacity 43350K, committed 43648K, reserved 1087488K
[2020-09-08T09:51:07.758-0300][gc,heap        ] GC(248)   class space    used 4461K, capacity 5706K, committed 5760K, reserved 1048576K
[2020-09-08T09:51:07.759-0300][gc,start       ] GC(248) Pause Young (Concurrent Start) (G1 Humongous Allocation)
[2020-09-08T09:51:07.759-0300][gc,task        ] GC(248) Using 4 workers of 4 for evacuation
[2020-09-08T09:51:07.775-0300][gc,phases      ] GC(248)   Pre Evacuate Collection Set: 0.5ms
[2020-09-08T09:51:07.775-0300][gc,phases      ] GC(248)   Evacuate Collection Set: 13.7ms
[2020-09-08T09:51:07.775-0300][gc,phases      ] GC(248)   Post Evacuate Collection Set: 1.0ms
[2020-09-08T09:51:07.775-0300][gc,phases      ] GC(248)   Other: 1.7ms
[2020-09-08T09:51:07.775-0300][gc,heap        ] GC(248) Eden regions: 6->0(35)
[2020-09-08T09:51:07.775-0300][gc,heap        ] GC(248) Survivor regions: 3->3(6)
[2020-09-08T09:51:07.775-0300][gc,heap        ] GC(248) Old regions: 43->43
[2020-09-08T09:51:07.775-0300][gc,heap        ] GC(248) Humongous regions: 5->4
[2020-09-08T09:51:07.775-0300][gc,metaspace   ] GC(248) Metaspace: 40165K->40165K(1087488K)
[2020-09-08T09:51:07.775-0300][gc,heap        ] GC(248) Heap after GC invocations=249 (full 1): garbage-first heap   total 109568K, used 48392K [0x0000000083000000, 0x0000000100000000)
[2020-09-08T09:51:07.775-0300][gc,heap        ] GC(248)   region size 1024K, 3 young (3072K), 3 survivors (3072K)
[2020-09-08T09:51:07.776-0300][gc,heap        ] GC(248)  Metaspace       used 40165K, capacity 43350K, committed 43648K, reserved 1087488K
[2020-09-08T09:51:07.776-0300][gc,heap        ] GC(248)   class space    used 4461K, capacity 5706K, committed 5760K, reserved 1048576K
[2020-09-08T09:51:07.776-0300][gc             ] GC(248) Pause Young (Concurrent Start) (G1 Humongous Allocation) 53M->47M(107M) 17.127ms
[2020-09-08T09:51:07.776-0300][gc,cpu         ] GC(248) User=0.05s Sys=0.01s Real=0.02s
[2020-09-08T09:51:07.776-0300][gc             ] GC(249) Concurrent Cycle
[2020-09-08T09:51:07.776-0300][gc,marking     ] GC(249) Concurrent Clear Claimed Marks
[2020-09-08T09:51:07.777-0300][gc,marking     ] GC(249) Concurrent Clear Claimed Marks 0.417ms
[2020-09-08T09:51:07.777-0300][gc,marking     ] GC(249) Concurrent Scan Root Regions
[2020-09-08T09:51:07.789-0300][gc,marking     ] GC(249) Concurrent Scan Root Regions 11.833ms
[2020-09-08T09:51:07.789-0300][gc,marking     ] GC(249) Concurrent Mark (925.262s)
[2020-09-08T09:51:07.789-0300][gc,marking     ] GC(249) Concurrent Mark From Roots
[2020-09-08T09:51:07.789-0300][gc,task        ] GC(249) Using 1 workers of 1 for marking
[2020-09-08T09:51:08.072-0300][gc,marking     ] GC(249) Concurrent Mark From Roots 282.706ms
[2020-09-08T09:51:08.072-0300][gc,marking     ] GC(249) Concurrent Preclean
[2020-09-08T09:51:08.072-0300][gc,marking     ] GC(249) Concurrent Preclean 0.292ms
[2020-09-08T09:51:08.072-0300][gc,marking     ] GC(249) Concurrent Mark (925.262s, 925.546s) 283.298ms
[2020-09-08T09:51:08.073-0300][gc,start       ] GC(249) Pause Remark
[2020-09-08T09:51:08.106-0300][gc,stringtable ] GC(249) Cleaned string and symbol table, strings: 23077 processed, 0 removed, symbols: 90745 processed, 0 removed
[2020-09-08T09:51:08.107-0300][gc             ] GC(249) Pause Remark 52M->52M(107M) 33.632ms
[2020-09-08T09:51:08.107-0300][gc,cpu         ] GC(249) User=0.13s Sys=0.00s Real=0.03s
[2020-09-08T09:51:08.108-0300][gc,marking     ] GC(249) Concurrent Rebuild Remembered Sets
[2020-09-08T09:51:08.281-0300][gc,marking     ] GC(249) Concurrent Rebuild Remembered Sets 173.045ms
[2020-09-08T09:51:08.282-0300][gc,start       ] GC(249) Pause Cleanup
[2020-09-08T09:51:08.282-0300][gc             ] GC(249) Pause Cleanup 53M->53M(107M) 0.462ms
[2020-09-08T09:51:08.283-0300][gc,cpu         ] GC(249) User=0.00s Sys=0.00s Real=0.00s
[2020-09-08T09:51:08.283-0300][gc,marking     ] GC(249) Concurrent Cleanup for Next Mark
[2020-09-08T09:51:08.285-0300][gc,marking     ] GC(249) Concurrent Cleanup for Next Mark 1.848ms
[2020-09-08T09:51:08.285-0300][gc             ] GC(249) Concurrent Cycle 509.067ms
[2020-09-08T09:51:17.700-0300][gc,heap        ] GC(250) Heap before GC invocations=250 (full 1): garbage-first heap   total 109568K, used 84232K [0x0000000083000000, 0x0000000100000000)
[2020-09-08T09:51:17.700-0300][gc,heap        ] GC(250)   region size 1024K, 38 young (38912K), 3 survivors (3072K)
[2020-09-08T09:51:17.700-0300][gc,heap        ] GC(250)  Metaspace       used 40170K, capacity 43350K, committed 43648K, reserved 1087488K
[2020-09-08T09:51:17.700-0300][gc,heap        ] GC(250)   class space    used 4461K, capacity 5706K, committed 5760K, reserved 1048576K
[2020-09-08T09:51:17.700-0300][gc,start       ] GC(250) Pause Young (Prepare Mixed) (G1 Evacuation Pause)
[2020-09-08T09:51:17.700-0300][gc,task        ] GC(250) Using 4 workers of 4 for evacuation
[2020-09-08T09:51:17.715-0300][gc,phases      ] GC(250)   Pre Evacuate Collection Set: 0.1ms
[2020-09-08T09:51:17.715-0300][gc,phases      ] GC(250)   Evacuate Collection Set: 11.9ms
[2020-09-08T09:51:17.715-0300][gc,phases      ] GC(250)   Post Evacuate Collection Set: 2.3ms
[2020-09-08T09:51:17.716-0300][gc,phases      ] GC(250)   Other: 1.1ms
[2020-09-08T09:51:17.716-0300][gc,heap        ] GC(250) Eden regions: 35->0(2)
[2020-09-08T09:51:17.716-0300][gc,heap        ] GC(250) Survivor regions: 3->3(5)
[2020-09-08T09:51:17.716-0300][gc,heap        ] GC(250) Old regions: 43->43
[2020-09-08T09:51:17.716-0300][gc,heap        ] GC(250) Humongous regions: 5->4
[2020-09-08T09:51:17.716-0300][gc,metaspace   ] GC(250) Metaspace: 40170K->40170K(1087488K)
[2020-09-08T09:51:17.716-0300][gc,heap        ] GC(250) Heap after GC invocations=251 (full 1): garbage-first heap   total 109568K, used 48040K [0x0000000083000000, 0x0000000100000000)
[2020-09-08T09:51:17.716-0300][gc,heap        ] GC(250)   region size 1024K, 3 young (3072K), 3 survivors (3072K)
[2020-09-08T09:51:17.716-0300][gc,heap        ] GC(250)  Metaspace       used 40170K, capacity 43350K, committed 43648K, reserved 1087488K
[2020-09-08T09:51:17.716-0300][gc,heap        ] GC(250)   class space    used 4461K, capacity 5706K, committed 5760K, reserved 1048576K
[2020-09-08T09:51:17.716-0300][gc             ] GC(250) Pause Young (Prepare Mixed) (G1 Evacuation Pause) 83M->46M(107M) 16.071ms
[2020-09-08T09:51:17.717-0300][gc,cpu         ] GC(250) User=0.04s Sys=0.00s Real=0.02s
[2020-09-08T09:51:17.733-0300][gc,heap        ] GC(251) Heap before GC invocations=251 (full 1): garbage-first heap   total 109568K, used 50088K [0x0000000083000000, 0x0000000100000000)
[2020-09-08T09:51:17.733-0300][gc,heap        ] GC(251)   region size 1024K, 5 young (5120K), 3 survivors (3072K)
[2020-09-08T09:51:17.733-0300][gc,heap        ] GC(251)  Metaspace       used 40170K, capacity 43350K, committed 43648K, reserved 1087488K
[2020-09-08T09:51:17.733-0300][gc,heap        ] GC(251)   class space    used 4461K, capacity 5706K, committed 5760K, reserved 1048576K
[2020-09-08T09:51:17.734-0300][gc,start       ] GC(251) Pause Young (Mixed) (G1 Evacuation Pause)
[2020-09-08T09:51:17.734-0300][gc,task        ] GC(251) Using 4 workers of 4 for evacuation
[2020-09-08T09:51:17.753-0300][gc,phases      ] GC(251)   Pre Evacuate Collection Set: 0.1ms
[2020-09-08T09:51:17.753-0300][gc,phases      ] GC(251)   Evacuate Collection Set: 16.9ms
[2020-09-08T09:51:17.753-0300][gc,phases      ] GC(251)   Post Evacuate Collection Set: 1.7ms
[2020-09-08T09:51:17.753-0300][gc,phases      ] GC(251)   Other: 1.2ms
[2020-09-08T09:51:17.753-0300][gc,heap        ] GC(251) Eden regions: 2->0(37)
[2020-09-08T09:51:17.753-0300][gc,heap        ] GC(251) Survivor regions: 3->1(1)
[2020-09-08T09:51:17.753-0300][gc,heap        ] GC(251) Old regions: 43->44
[2020-09-08T09:51:17.753-0300][gc,heap        ] GC(251) Humongous regions: 4->4
[2020-09-08T09:51:17.753-0300][gc,metaspace   ] GC(251) Metaspace: 40170K->40170K(1087488K)
[2020-09-08T09:51:17.753-0300][gc,heap        ] GC(251) Heap after GC invocations=252 (full 1): garbage-first heap   total 109568K, used 47291K [0x0000000083000000, 0x0000000100000000)
[2020-09-08T09:51:17.754-0300][gc,heap        ] GC(251)   region size 1024K, 1 young (1024K), 1 survivors (1024K)
[2020-09-08T09:51:17.754-0300][gc,heap        ] GC(251)  Metaspace       used 40170K, capacity 43350K, committed 43648K, reserved 1087488K
[2020-09-08T09:51:17.754-0300][gc,heap        ] GC(251)   class space    used 4461K, capacity 5706K, committed 5760K, reserved 1048576K
[2020-09-08T09:51:17.754-0300][gc             ] GC(251) Pause Young (Mixed) (G1 Evacuation Pause) 48M->46M(107M) 20.143ms
[2020-09-08T09:51:17.754-0300][gc,cpu         ] GC(251) User=0.07s Sys=0.00s Real=0.02s
[2020-09-08T09:51:17.775-0300][gc,heap        ] GC(252) Heap before GC invocations=252 (full 1): garbage-first heap   total 109568K, used 51387K [0x0000000083000000, 0x0000000100000000)
[2020-09-08T09:51:17.775-0300][gc,heap        ] GC(252)   region size 1024K, 7 young (7168K), 1 survivors (1024K)
[2020-09-08T09:51:17.775-0300][gc,heap        ] GC(252)  Metaspace       used 40170K, capacity 43350K, committed 43648K, reserved 1087488K
[2020-09-08T09:51:17.775-0300][gc,heap        ] GC(252)   class space    used 4461K, capacity 5706K, committed 5760K, reserved 1048576K
[2020-09-08T09:51:17.775-0300][gc,start       ] GC(252) Pause Young (Concurrent Start) (G1 Humongous Allocation)
[2020-09-08T09:51:17.775-0300][gc,task        ] GC(252) Using 4 workers of 4 for evacuation
[2020-09-08T09:51:17.786-0300][gc,phases      ] GC(252)   Pre Evacuate Collection Set: 0.3ms
[2020-09-08T09:51:17.787-0300][gc,phases      ] GC(252)   Evacuate Collection Set: 8.4ms
[2020-09-08T09:51:17.787-0300][gc,phases      ] GC(252)   Post Evacuate Collection Set: 1.6ms
[2020-09-08T09:51:17.787-0300][gc,phases      ] GC(252)   Other: 1.4ms
[2020-09-08T09:51:17.787-0300][gc,heap        ] GC(252) Eden regions: 6->0(37)
[2020-09-08T09:51:17.787-0300][gc,heap        ] GC(252) Survivor regions: 1->2(5)
[2020-09-08T09:51:17.787-0300][gc,heap        ] GC(252) Old regions: 44->44
[2020-09-08T09:51:17.787-0300][gc,heap        ] GC(252) Humongous regions: 4->4
[2020-09-08T09:51:17.787-0300][gc,metaspace   ] GC(252) Metaspace: 40170K->40170K(1087488K)
[2020-09-08T09:51:17.787-0300][gc,heap        ] GC(252) Heap after GC invocations=253 (full 1): garbage-first heap   total 109568K, used 48208K [0x0000000083000000, 0x0000000100000000)
[2020-09-08T09:51:17.787-0300][gc,heap        ] GC(252)   region size 1024K, 2 young (2048K), 2 survivors (2048K)
[2020-09-08T09:51:17.787-0300][gc,heap        ] GC(252)  Metaspace       used 40170K, capacity 43350K, committed 43648K, reserved 1087488K
[2020-09-08T09:51:17.787-0300][gc,heap        ] GC(252)   class space    used 4461K, capacity 5706K, committed 5760K, reserved 1048576K
[2020-09-08T09:51:17.787-0300][gc             ] GC(252) Pause Young (Concurrent Start) (G1 Humongous Allocation) 51M->47M(107M) 11.977ms
[2020-09-08T09:51:17.787-0300][gc,cpu         ] GC(252) User=0.03s Sys=0.00s Real=0.01s
[2020-09-08T09:51:17.788-0300][gc             ] GC(253) Concurrent Cycle
[2020-09-08T09:51:17.788-0300][gc,marking     ] GC(253) Concurrent Clear Claimed Marks
[2020-09-08T09:51:17.788-0300][gc,marking     ] GC(253) Concurrent Clear Claimed Marks 0.625ms
[2020-09-08T09:51:17.789-0300][gc,marking     ] GC(253) Concurrent Scan Root Regions
[2020-09-08T09:51:17.791-0300][gc,marking     ] GC(253) Concurrent Scan Root Regions 2.274ms
[2020-09-08T09:51:17.791-0300][gc,marking     ] GC(253) Concurrent Mark (935.264s)
[2020-09-08T09:51:17.791-0300][gc,marking     ] GC(253) Concurrent Mark From Roots
[2020-09-08T09:51:17.791-0300][gc,task        ] GC(253) Using 1 workers of 1 for marking
[2020-09-08T09:51:18.067-0300][gc,marking     ] GC(253) Concurrent Mark From Roots 275.619ms
[2020-09-08T09:51:18.067-0300][gc,marking     ] GC(253) Concurrent Preclean
[2020-09-08T09:51:18.067-0300][gc,marking     ] GC(253) Concurrent Preclean 0.418ms
[2020-09-08T09:51:18.067-0300][gc,marking     ] GC(253) Concurrent Mark (935.264s, 935.541s) 276.262ms
[2020-09-08T09:51:18.068-0300][gc,start       ] GC(253) Pause Remark
[2020-09-08T09:51:18.102-0300][gc,stringtable ] GC(253) Cleaned string and symbol table, strings: 23077 processed, 0 removed, symbols: 90745 processed, 0 removed
[2020-09-08T09:51:18.103-0300][gc             ] GC(253) Pause Remark 51M->51M(107M) 34.486ms
[2020-09-08T09:51:18.103-0300][gc,cpu         ] GC(253) User=0.13s Sys=0.01s Real=0.04s
[2020-09-08T09:51:18.104-0300][gc,marking     ] GC(253) Concurrent Rebuild Remembered Sets
[2020-09-08T09:51:18.265-0300][gc,marking     ] GC(253) Concurrent Rebuild Remembered Sets 161.379ms
[2020-09-08T09:51:18.267-0300][gc,start       ] GC(253) Pause Cleanup
[2020-09-08T09:51:18.267-0300][gc             ] GC(253) Pause Cleanup 51M->51M(107M) 0.509ms
[2020-09-08T09:51:18.268-0300][gc,cpu         ] GC(253) User=0.01s Sys=0.00s Real=0.00s
[2020-09-08T09:51:18.268-0300][gc,marking     ] GC(253) Concurrent Cleanup for Next Mark
[2020-09-08T09:51:18.270-0300][gc,marking     ] GC(253) Concurrent Cleanup for Next Mark 1.500ms
[2020-09-08T09:51:18.270-0300][gc             ] GC(253) Concurrent Cycle 482.586ms
[2020-09-08T09:51:27.727-0300][gc,heap        ] GC(254) Heap before GC invocations=254 (full 1): garbage-first heap   total 109568K, used 78928K [0x0000000083000000, 0x0000000100000000)
[2020-09-08T09:51:27.727-0300][gc,heap        ] GC(254)   region size 1024K, 32 young (32768K), 2 survivors (2048K)
[2020-09-08T09:51:27.727-0300][gc,heap        ] GC(254)  Metaspace       used 40170K, capacity 43350K, committed 43648K, reserved 1087488K
[2020-09-08T09:51:27.727-0300][gc,heap        ] GC(254)   class space    used 4462K, capacity 5706K, committed 5760K, reserved 1048576K
[2020-09-08T09:51:27.727-0300][gc,start       ] GC(254) Pause Young (Concurrent Start) (G1 Humongous Allocation)
[2020-09-08T09:51:27.728-0300][gc,task        ] GC(254) Using 4 workers of 4 for evacuation
[2020-09-08T09:51:27.756-0300][gc,phases      ] GC(254)   Pre Evacuate Collection Set: 0.4ms
[2020-09-08T09:51:27.756-0300][gc,phases      ] GC(254)   Evacuate Collection Set: 24.1ms
[2020-09-08T09:51:27.756-0300][gc,phases      ] GC(254)   Post Evacuate Collection Set: 2.6ms
[2020-09-08T09:51:27.756-0300][gc,phases      ] GC(254)   Other: 1.5ms
[2020-09-08T09:51:27.756-0300][gc,heap        ] GC(254) Eden regions: 30->0(35)
[2020-09-08T09:51:27.756-0300][gc,heap        ] GC(254) Survivor regions: 2->3(5)
[2020-09-08T09:51:27.756-0300][gc,heap        ] GC(254) Old regions: 44->44
[2020-09-08T09:51:27.756-0300][gc,heap        ] GC(254) Humongous regions: 6->6
[2020-09-08T09:51:27.756-0300][gc,metaspace   ] GC(254) Metaspace: 40170K->40170K(1087488K)
[2020-09-08T09:51:27.756-0300][gc,heap        ] GC(254) Heap after GC invocations=255 (full 1): garbage-first heap   total 109568K, used 51366K [0x0000000083000000, 0x0000000100000000)
[2020-09-08T09:51:27.756-0300][gc,heap        ] GC(254)   region size 1024K, 3 young (3072K), 3 survivors (3072K)
[2020-09-08T09:51:27.757-0300][gc,heap        ] GC(254)  Metaspace       used 40170K, capacity 43350K, committed 43648K, reserved 1087488K
[2020-09-08T09:51:27.757-0300][gc,heap        ] GC(254)   class space    used 4462K, capacity 5706K, committed 5760K, reserved 1048576K
[2020-09-08T09:51:27.757-0300][gc             ] GC(254) Pause Young (Concurrent Start) (G1 Humongous Allocation) 78M->50M(107M) 29.200ms
[2020-09-08T09:51:27.757-0300][gc,cpu         ] GC(254) User=0.07s Sys=0.00s Real=0.03s
[2020-09-08T09:51:27.757-0300][gc             ] GC(255) Concurrent Cycle
[2020-09-08T09:51:27.757-0300][gc,marking     ] GC(255) Concurrent Clear Claimed Marks
[2020-09-08T09:51:27.758-0300][gc,marking     ] GC(255) Concurrent Clear Claimed Marks 0.799ms
[2020-09-08T09:51:27.758-0300][gc,marking     ] GC(255) Concurrent Scan Root Regions
[2020-09-08T09:51:27.775-0300][gc,marking     ] GC(255) Concurrent Scan Root Regions 16.803ms
[2020-09-08T09:51:27.775-0300][gc,marking     ] GC(255) Concurrent Mark (945.249s)
[2020-09-08T09:51:27.775-0300][gc,marking     ] GC(255) Concurrent Mark From Roots
[2020-09-08T09:51:27.776-0300][gc,task        ] GC(255) Using 1 workers of 1 for marking
[2020-09-08T09:51:28.085-0300][gc,marking     ] GC(255) Concurrent Mark From Roots 309.617ms
[2020-09-08T09:51:28.085-0300][gc,marking     ] GC(255) Concurrent Preclean
[2020-09-08T09:51:28.085-0300][gc,marking     ] GC(255) Concurrent Preclean 0.434ms
[2020-09-08T09:51:28.086-0300][gc,marking     ] GC(255) Concurrent Mark (945.249s, 945.559s) 310.385ms
[2020-09-08T09:51:28.087-0300][gc,start       ] GC(255) Pause Remark
[2020-09-08T09:51:28.120-0300][gc,stringtable ] GC(255) Cleaned string and symbol table, strings: 23077 processed, 0 removed, symbols: 90745 processed, 0 removed
[2020-09-08T09:51:28.121-0300][gc             ] GC(255) Pause Remark 57M->55M(107M) 33.911ms
[2020-09-08T09:51:28.121-0300][gc,cpu         ] GC(255) User=0.12s Sys=0.00s Real=0.04s
[2020-09-08T09:51:28.122-0300][gc,marking     ] GC(255) Concurrent Rebuild Remembered Sets
[2020-09-08T09:51:28.310-0300][gc,marking     ] GC(255) Concurrent Rebuild Remembered Sets 188.870ms
[2020-09-08T09:51:28.312-0300][gc,start       ] GC(255) Pause Cleanup
[2020-09-08T09:51:28.312-0300][gc             ] GC(255) Pause Cleanup 55M->55M(107M) 0.503ms
[2020-09-08T09:51:28.313-0300][gc,cpu         ] GC(255) User=0.01s Sys=0.00s Real=0.00s
[2020-09-08T09:51:28.313-0300][gc,marking     ] GC(255) Concurrent Cleanup for Next Mark
[2020-09-08T09:51:28.314-0300][gc,marking     ] GC(255) Concurrent Cleanup for Next Mark 1.419ms
[2020-09-08T09:51:28.315-0300][gc             ] GC(255) Concurrent Cycle 557.430ms
[2020-09-08T09:51:37.326-0300][gc,heap        ] GC(256) Heap before GC invocations=256 (full 1): garbage-first heap   total 109568K, used 86182K [0x0000000083000000, 0x0000000100000000)
[2020-09-08T09:51:37.326-0300][gc,heap        ] GC(256)   region size 1024K, 38 young (38912K), 3 survivors (3072K)
[2020-09-08T09:51:37.326-0300][gc,heap        ] GC(256)  Metaspace       used 40171K, capacity 43350K, committed 43648K, reserved 1087488K
[2020-09-08T09:51:37.326-0300][gc,heap        ] GC(256)   class space    used 4462K, capacity 5706K, committed 5760K, reserved 1048576K
[2020-09-08T09:51:37.327-0300][gc,start       ] GC(256) Pause Young (Prepare Mixed) (G1 Evacuation Pause)
[2020-09-08T09:51:37.327-0300][gc,task        ] GC(256) Using 4 workers of 4 for evacuation
[2020-09-08T09:51:37.344-0300][gc,phases      ] GC(256)   Pre Evacuate Collection Set: 0.1ms
[2020-09-08T09:51:37.344-0300][gc,phases      ] GC(256)   Evacuate Collection Set: 14.4ms
[2020-09-08T09:51:37.344-0300][gc,phases      ] GC(256)   Post Evacuate Collection Set: 2.1ms
[2020-09-08T09:51:37.344-0300][gc,phases      ] GC(256)   Other: 1.3ms
[2020-09-08T09:51:37.344-0300][gc,heap        ] GC(256) Eden regions: 35->0(3)
[2020-09-08T09:51:37.344-0300][gc,heap        ] GC(256) Survivor regions: 3->2(5)
[2020-09-08T09:51:37.344-0300][gc,heap        ] GC(256) Old regions: 44->44
[2020-09-08T09:51:37.344-0300][gc,heap        ] GC(256) Humongous regions: 6->4
[2020-09-08T09:51:37.344-0300][gc,metaspace   ] GC(256) Metaspace: 40171K->40171K(1087488K)
[2020-09-08T09:51:37.345-0300][gc,heap        ] GC(256) Heap after GC invocations=257 (full 1): garbage-first heap   total 109568K, used 48388K [0x0000000083000000, 0x0000000100000000)
[2020-09-08T09:51:37.345-0300][gc,heap        ] GC(256)   region size 1024K, 2 young (2048K), 2 survivors (2048K)
[2020-09-08T09:51:37.345-0300][gc,heap        ] GC(256)  Metaspace       used 40171K, capacity 43350K, committed 43648K, reserved 1087488K
[2020-09-08T09:51:37.345-0300][gc,heap        ] GC(256)   class space    used 4462K, capacity 5706K, committed 5760K, reserved 1048576K
[2020-09-08T09:51:37.345-0300][gc             ] GC(256) Pause Young (Prepare Mixed) (G1 Evacuation Pause) 85M->47M(107M) 18.208ms
[2020-09-08T09:51:37.345-0300][gc,cpu         ] GC(256) User=0.05s Sys=0.00s Real=0.02s
[2020-09-08T09:51:37.479-0300][gc,heap        ] GC(257) Heap before GC invocations=257 (full 1): garbage-first heap   total 109568K, used 51460K [0x0000000083000000, 0x0000000100000000)
[2020-09-08T09:51:37.479-0300][gc,heap        ] GC(257)   region size 1024K, 5 young (5120K), 2 survivors (2048K)
[2020-09-08T09:51:37.479-0300][gc,heap        ] GC(257)  Metaspace       used 40171K, capacity 43350K, committed 43648K, reserved 1087488K
[2020-09-08T09:51:37.479-0300][gc,heap        ] GC(257)   class space    used 4462K, capacity 5706K, committed 5760K, reserved 1048576K
[2020-09-08T09:51:37.479-0300][gc,start       ] GC(257) Pause Young (Mixed) (G1 Evacuation Pause)
[2020-09-08T09:51:37.479-0300][gc,task        ] GC(257) Using 4 workers of 4 for evacuation
[2020-09-08T09:51:37.505-0300][gc,phases      ] GC(257)   Pre Evacuate Collection Set: 0.1ms
[2020-09-08T09:51:37.505-0300][gc,phases      ] GC(257)   Evacuate Collection Set: 19.7ms
[2020-09-08T09:51:37.505-0300][gc,phases      ] GC(257)   Post Evacuate Collection Set: 4.4ms
[2020-09-08T09:51:37.505-0300][gc,phases      ] GC(257)   Other: 1.5ms
[2020-09-08T09:51:37.505-0300][gc,heap        ] GC(257) Eden regions: 3->0(38)
[2020-09-08T09:51:37.505-0300][gc,heap        ] GC(257) Survivor regions: 2->1(1)
[2020-09-08T09:51:37.505-0300][gc,heap        ] GC(257) Old regions: 44->45
[2020-09-08T09:51:37.505-0300][gc,heap        ] GC(257) Humongous regions: 4->4
[2020-09-08T09:51:37.505-0300][gc,metaspace   ] GC(257) Metaspace: 40171K->40171K(1087488K)
[2020-09-08T09:51:37.505-0300][gc,heap        ] GC(257) Heap after GC invocations=258 (full 1): garbage-first heap   total 109568K, used 47831K [0x0000000083000000, 0x0000000100000000)
[2020-09-08T09:51:37.505-0300][gc,heap        ] GC(257)   region size 1024K, 1 young (1024K), 1 survivors (1024K)
[2020-09-08T09:51:37.505-0300][gc,heap        ] GC(257)  Metaspace       used 40171K, capacity 43350K, committed 43648K, reserved 1087488K
[2020-09-08T09:51:37.506-0300][gc,heap        ] GC(257)   class space    used 4462K, capacity 5706K, committed 5760K, reserved 1048576K
[2020-09-08T09:51:37.506-0300][gc             ] GC(257) Pause Young (Mixed) (G1 Evacuation Pause) 50M->46M(107M) 26.210ms
[2020-09-08T09:51:37.506-0300][gc,cpu         ] GC(257) User=0.07s Sys=0.00s Real=0.03s
[2020-09-08T09:51:37.762-0300][gc,heap        ] GC(258) Heap before GC invocations=258 (full 1): garbage-first heap   total 109568K, used 56023K [0x0000000083000000, 0x0000000100000000)
[2020-09-08T09:51:37.762-0300][gc,heap        ] GC(258)   region size 1024K, 10 young (10240K), 1 survivors (1024K)
[2020-09-08T09:51:37.762-0300][gc,heap        ] GC(258)  Metaspace       used 40171K, capacity 43350K, committed 43648K, reserved 1087488K
[2020-09-08T09:51:37.762-0300][gc,heap        ] GC(258)   class space    used 4462K, capacity 5706K, committed 5760K, reserved 1048576K
[2020-09-08T09:51:37.762-0300][gc,start       ] GC(258) Pause Young (Concurrent Start) (G1 Humongous Allocation)
[2020-09-08T09:51:37.762-0300][gc,task        ] GC(258) Using 4 workers of 4 for evacuation
[2020-09-08T09:51:37.780-0300][gc,phases      ] GC(258)   Pre Evacuate Collection Set: 0.3ms
[2020-09-08T09:51:37.780-0300][gc,phases      ] GC(258)   Evacuate Collection Set: 14.8ms
[2020-09-08T09:51:37.780-0300][gc,phases      ] GC(258)   Post Evacuate Collection Set: 1.5ms
[2020-09-08T09:51:37.780-0300][gc,phases      ] GC(258)   Other: 1.4ms
[2020-09-08T09:51:37.780-0300][gc,heap        ] GC(258) Eden regions: 9->0(38)
[2020-09-08T09:51:37.780-0300][gc,heap        ] GC(258) Survivor regions: 1->2(5)
[2020-09-08T09:51:37.780-0300][gc,heap        ] GC(258) Old regions: 45->45
[2020-09-08T09:51:37.780-0300][gc,heap        ] GC(258) Humongous regions: 4->4
[2020-09-08T09:51:37.780-0300][gc,metaspace   ] GC(258) Metaspace: 40171K->40171K(1087488K)
[2020-09-08T09:51:37.781-0300][gc,heap        ] GC(258) Heap after GC invocations=259 (full 1): garbage-first heap   total 109568K, used 48521K [0x0000000083000000, 0x0000000100000000)
[2020-09-08T09:51:37.781-0300][gc,heap        ] GC(258)   region size 1024K, 2 young (2048K), 2 survivors (2048K)
[2020-09-08T09:51:37.781-0300][gc,heap        ] GC(258)  Metaspace       used 40171K, capacity 43350K, committed 43648K, reserved 1087488K
[2020-09-08T09:51:37.781-0300][gc,heap        ] GC(258)   class space    used 4462K, capacity 5706K, committed 5760K, reserved 1048576K
[2020-09-08T09:51:37.781-0300][gc             ] GC(258) Pause Young (Concurrent Start) (G1 Humongous Allocation) 55M->47M(107M) 18.705ms
[2020-09-08T09:51:37.781-0300][gc,cpu         ] GC(258) User=0.05s Sys=0.00s Real=0.02s
[2020-09-08T09:51:37.781-0300][gc             ] GC(259) Concurrent Cycle
[2020-09-08T09:51:37.781-0300][gc,marking     ] GC(259) Concurrent Clear Claimed Marks
[2020-09-08T09:51:37.782-0300][gc,marking     ] GC(259) Concurrent Clear Claimed Marks 0.819ms
[2020-09-08T09:51:37.783-0300][gc,marking     ] GC(259) Concurrent Scan Root Regions
[2020-09-08T09:51:37.789-0300][gc,marking     ] GC(259) Concurrent Scan Root Regions 6.608ms
[2020-09-08T09:51:37.789-0300][gc,marking     ] GC(259) Concurrent Mark (955.263s)
[2020-09-08T09:51:37.789-0300][gc,marking     ] GC(259) Concurrent Mark From Roots
[2020-09-08T09:51:37.789-0300][gc,task        ] GC(259) Using 1 workers of 1 for marking
[2020-09-08T09:51:38.139-0300][gc,marking     ] GC(259) Concurrent Mark From Roots 349.962ms
[2020-09-08T09:51:38.139-0300][gc,marking     ] GC(259) Concurrent Preclean
[2020-09-08T09:51:38.140-0300][gc,marking     ] GC(259) Concurrent Preclean 0.621ms
[2020-09-08T09:51:38.140-0300][gc,marking     ] GC(259) Concurrent Mark (955.263s, 955.614s) 350.990ms
[2020-09-08T09:51:38.142-0300][gc,start       ] GC(259) Pause Remark
[2020-09-08T09:51:38.186-0300][gc,stringtable ] GC(259) Cleaned string and symbol table, strings: 23077 processed, 0 removed, symbols: 90745 processed, 0 removed
[2020-09-08T09:51:38.187-0300][gc             ] GC(259) Pause Remark 59M->59M(107M) 44.732ms
[2020-09-08T09:51:38.187-0300][gc,cpu         ] GC(259) User=0.12s Sys=0.01s Real=0.04s
[2020-09-08T09:51:38.188-0300][gc,marking     ] GC(259) Concurrent Rebuild Remembered Sets
[2020-09-08T09:51:38.363-0300][gc,marking     ] GC(259) Concurrent Rebuild Remembered Sets 175.377ms
[2020-09-08T09:51:38.365-0300][gc,start       ] GC(259) Pause Cleanup
[2020-09-08T09:51:38.366-0300][gc             ] GC(259) Pause Cleanup 59M->59M(107M) 0.573ms
[2020-09-08T09:51:38.366-0300][gc,cpu         ] GC(259) User=0.00s Sys=0.00s Real=0.00s
[2020-09-08T09:51:38.366-0300][gc,marking     ] GC(259) Concurrent Cleanup for Next Mark
[2020-09-08T09:51:38.368-0300][gc,marking     ] GC(259) Concurrent Cleanup for Next Mark 1.693ms
[2020-09-08T09:51:38.368-0300][gc             ] GC(259) Concurrent Cycle 586.767ms
[2020-09-08T09:51:50.054-0300][gc,heap        ] GC(260) Heap before GC invocations=260 (full 1): garbage-first heap   total 109568K, used 90505K [0x0000000083000000, 0x0000000100000000)
[2020-09-08T09:51:50.054-0300][gc,heap        ] GC(260)   region size 1024K, 40 young (40960K), 2 survivors (2048K)
[2020-09-08T09:51:50.054-0300][gc,heap        ] GC(260)  Metaspace       used 40171K, capacity 43350K, committed 43648K, reserved 1087488K
[2020-09-08T09:51:50.054-0300][gc,heap        ] GC(260)   class space    used 4462K, capacity 5706K, committed 5760K, reserved 1048576K
[2020-09-08T09:51:50.055-0300][gc,start       ] GC(260) Pause Young (Prepare Mixed) (G1 Evacuation Pause)
[2020-09-08T09:51:50.055-0300][gc,task        ] GC(260) Using 4 workers of 4 for evacuation
[2020-09-08T09:51:50.064-0300][gc,phases      ] GC(260)   Pre Evacuate Collection Set: 0.1ms
[2020-09-08T09:51:50.064-0300][gc,phases      ] GC(260)   Evacuate Collection Set: 6.0ms
[2020-09-08T09:51:50.064-0300][gc,phases      ] GC(260)   Post Evacuate Collection Set: 2.0ms
[2020-09-08T09:51:50.064-0300][gc,phases      ] GC(260)   Other: 1.3ms
[2020-09-08T09:51:50.064-0300][gc,heap        ] GC(260) Eden regions: 38->0(4)
[2020-09-08T09:51:50.064-0300][gc,heap        ] GC(260) Survivor regions: 2->1(5)
[2020-09-08T09:51:50.064-0300][gc,heap        ] GC(260) Old regions: 45->45
[2020-09-08T09:51:50.064-0300][gc,heap        ] GC(260) Humongous regions: 8->4
[2020-09-08T09:51:50.064-0300][gc,metaspace   ] GC(260) Metaspace: 40171K->40171K(1087488K)
[2020-09-08T09:51:50.064-0300][gc,heap        ] GC(260) Heap after GC invocations=261 (full 1): garbage-first heap   total 109568K, used 48096K [0x0000000083000000, 0x0000000100000000)
[2020-09-08T09:51:50.064-0300][gc,heap        ] GC(260)   region size 1024K, 1 young (1024K), 1 survivors (1024K)
[2020-09-08T09:51:50.064-0300][gc,heap        ] GC(260)  Metaspace       used 40171K, capacity 43350K, committed 43648K, reserved 1087488K
[2020-09-08T09:51:50.064-0300][gc,heap        ] GC(260)   class space    used 4462K, capacity 5706K, committed 5760K, reserved 1048576K
[2020-09-08T09:51:50.064-0300][gc             ] GC(260) Pause Young (Prepare Mixed) (G1 Evacuation Pause) 89M->46M(107M) 9.830ms
[2020-09-08T09:51:50.065-0300][gc,cpu         ] GC(260) User=0.03s Sys=0.00s Real=0.01s
[2020-09-08T09:51:52.307-0300][gc,heap        ] GC(261) Heap before GC invocations=261 (full 1): garbage-first heap   total 109568K, used 52192K [0x0000000083000000, 0x0000000100000000)
[2020-09-08T09:51:52.307-0300][gc,heap        ] GC(261)   region size 1024K, 5 young (5120K), 1 survivors (1024K)
[2020-09-08T09:51:52.307-0300][gc,heap        ] GC(261)  Metaspace       used 40171K, capacity 43350K, committed 43648K, reserved 1087488K
[2020-09-08T09:51:52.307-0300][gc,heap        ] GC(261)   class space    used 4462K, capacity 5706K, committed 5760K, reserved 1048576K
[2020-09-08T09:51:52.308-0300][gc,start       ] GC(261) Pause Young (Mixed) (G1 Evacuation Pause)
[2020-09-08T09:51:52.308-0300][gc,task        ] GC(261) Using 4 workers of 4 for evacuation
[2020-09-08T09:51:52.318-0300][gc,phases      ] GC(261)   Pre Evacuate Collection Set: 0.1ms
[2020-09-08T09:51:52.318-0300][gc,phases      ] GC(261)   Evacuate Collection Set: 7.4ms
[2020-09-08T09:51:52.318-0300][gc,phases      ] GC(261)   Post Evacuate Collection Set: 2.0ms
[2020-09-08T09:51:52.318-0300][gc,phases      ] GC(261)   Other: 1.5ms
[2020-09-08T09:51:52.318-0300][gc,heap        ] GC(261) Eden regions: 4->0(39)
[2020-09-08T09:51:52.318-0300][gc,heap        ] GC(261) Survivor regions: 1->1(1)
[2020-09-08T09:51:52.318-0300][gc,heap        ] GC(261) Old regions: 45->45
[2020-09-08T09:51:52.319-0300][gc,heap        ] GC(261) Humongous regions: 4->4
[2020-09-08T09:51:52.319-0300][gc,metaspace   ] GC(261) Metaspace: 40171K->40171K(1087488K)
[2020-09-08T09:51:52.319-0300][gc,heap        ] GC(261) Heap after GC invocations=262 (full 1): garbage-first heap   total 109568K, used 47574K [0x0000000083000000, 0x0000000100000000)
[2020-09-08T09:51:52.319-0300][gc,heap        ] GC(261)   region size 1024K, 1 young (1024K), 1 survivors (1024K)
[2020-09-08T09:51:52.319-0300][gc,heap        ] GC(261)  Metaspace       used 40171K, capacity 43350K, committed 43648K, reserved 1087488K
[2020-09-08T09:51:52.319-0300][gc,heap        ] GC(261)   class space    used 4462K, capacity 5706K, committed 5760K, reserved 1048576K
[2020-09-08T09:51:52.319-0300][gc             ] GC(261) Pause Young (Mixed) (G1 Evacuation Pause) 50M->46M(107M) 11.407ms
[2020-09-08T09:51:52.321-0300][gc,cpu         ] GC(261) User=0.03s Sys=0.01s Real=0.01s
[2020-09-08T09:51:57.788-0300][gc,heap        ] GC(262) Heap before GC invocations=262 (full 1): garbage-first heap   total 109568K, used 61910K [0x0000000083000000, 0x0000000100000000)
[2020-09-08T09:51:57.788-0300][gc,heap        ] GC(262)   region size 1024K, 17 young (17408K), 1 survivors (1024K)
[2020-09-08T09:51:57.788-0300][gc,heap        ] GC(262)  Metaspace       used 40171K, capacity 43350K, committed 43648K, reserved 1087488K
[2020-09-08T09:51:57.788-0300][gc,heap        ] GC(262)   class space    used 4462K, capacity 5706K, committed 5760K, reserved 1048576K
[2020-09-08T09:51:57.789-0300][gc,start       ] GC(262) Pause Young (Concurrent Start) (G1 Humongous Allocation)
[2020-09-08T09:51:57.789-0300][gc,task        ] GC(262) Using 4 workers of 4 for evacuation
[2020-09-08T09:51:57.802-0300][gc,phases      ] GC(262)   Pre Evacuate Collection Set: 0.4ms
[2020-09-08T09:51:57.802-0300][gc,phases      ] GC(262)   Evacuate Collection Set: 9.8ms
[2020-09-08T09:51:57.802-0300][gc,phases      ] GC(262)   Post Evacuate Collection Set: 2.0ms
[2020-09-08T09:51:57.802-0300][gc,phases      ] GC(262)   Other: 1.3ms
[2020-09-08T09:51:57.802-0300][gc,heap        ] GC(262) Eden regions: 16->0(39)
[2020-09-08T09:51:57.802-0300][gc,heap        ] GC(262) Survivor regions: 1->2(5)
[2020-09-08T09:51:57.802-0300][gc,heap        ] GC(262) Old regions: 45->45
[2020-09-08T09:51:57.802-0300][gc,heap        ] GC(262) Humongous regions: 4->4
[2020-09-08T09:51:57.802-0300][gc,metaspace   ] GC(262) Metaspace: 40171K->40171K(1087488K)
[2020-09-08T09:51:57.802-0300][gc,heap        ] GC(262) Heap after GC invocations=263 (full 1): garbage-first heap   total 109568K, used 48715K [0x0000000083000000, 0x0000000100000000)
[2020-09-08T09:51:57.802-0300][gc,heap        ] GC(262)   region size 1024K, 2 young (2048K), 2 survivors (2048K)
[2020-09-08T09:51:57.802-0300][gc,heap        ] GC(262)  Metaspace       used 40171K, capacity 43350K, committed 43648K, reserved 1087488K
[2020-09-08T09:51:57.802-0300][gc,heap        ] GC(262)   class space    used 4462K, capacity 5706K, committed 5760K, reserved 1048576K
[2020-09-08T09:51:57.802-0300][gc             ] GC(262) Pause Young (Concurrent Start) (G1 Humongous Allocation) 61M->47M(107M) 13.867ms
[2020-09-08T09:51:57.803-0300][gc,cpu         ] GC(262) User=0.04s Sys=0.00s Real=0.02s
[2020-09-08T09:51:57.803-0300][gc             ] GC(263) Concurrent Cycle
[2020-09-08T09:51:57.803-0300][gc,marking     ] GC(263) Concurrent Clear Claimed Marks
[2020-09-08T09:51:57.804-0300][gc,marking     ] GC(263) Concurrent Clear Claimed Marks 1.020ms
[2020-09-08T09:51:57.804-0300][gc,marking     ] GC(263) Concurrent Scan Root Regions
[2020-09-08T09:51:57.812-0300][gc,marking     ] GC(263) Concurrent Scan Root Regions 7.912ms
[2020-09-08T09:51:57.812-0300][gc,marking     ] GC(263) Concurrent Mark (975.286s)
[2020-09-08T09:51:57.812-0300][gc,marking     ] GC(263) Concurrent Mark From Roots
[2020-09-08T09:51:57.812-0300][gc,task        ] GC(263) Using 1 workers of 1 for marking
[2020-09-08T09:51:58.079-0300][gc,marking     ] GC(263) Concurrent Mark From Roots 266.634ms
[2020-09-08T09:51:58.079-0300][gc,marking     ] GC(263) Concurrent Preclean
[2020-09-08T09:51:58.079-0300][gc,marking     ] GC(263) Concurrent Preclean 0.295ms
[2020-09-08T09:51:58.079-0300][gc,marking     ] GC(263) Concurrent Mark (975.286s, 975.553s) 267.129ms
[2020-09-08T09:51:58.081-0300][gc,start       ] GC(263) Pause Remark
[2020-09-08T09:51:58.113-0300][gc,stringtable ] GC(263) Cleaned string and symbol table, strings: 23077 processed, 0 removed, symbols: 90745 processed, 0 removed
[2020-09-08T09:51:58.114-0300][gc             ] GC(263) Pause Remark 53M->53M(107M) 33.300ms
[2020-09-08T09:51:58.114-0300][gc,cpu         ] GC(263) User=0.12s Sys=0.00s Real=0.04s
[2020-09-08T09:51:58.115-0300][gc,marking     ] GC(263) Concurrent Rebuild Remembered Sets
[2020-09-08T09:51:58.270-0300][gc,marking     ] GC(263) Concurrent Rebuild Remembered Sets 155.554ms
[2020-09-08T09:51:58.272-0300][gc,start       ] GC(263) Pause Cleanup
[2020-09-08T09:51:58.272-0300][gc             ] GC(263) Pause Cleanup 53M->53M(107M) 0.525ms
[2020-09-08T09:51:58.272-0300][gc,cpu         ] GC(263) User=0.00s Sys=0.00s Real=0.00s
[2020-09-08T09:51:58.273-0300][gc,marking     ] GC(263) Concurrent Cleanup for Next Mark
[2020-09-08T09:51:58.274-0300][gc,marking     ] GC(263) Concurrent Cleanup for Next Mark 1.481ms
[2020-09-08T09:51:58.274-0300][gc             ] GC(263) Concurrent Cycle 471.574ms
[2020-09-08T09:52:10.303-0300][gc,heap        ] GC(264) Heap before GC invocations=264 (full 1): garbage-first heap   total 109568K, used 91723K [0x0000000083000000, 0x0000000100000000)
[2020-09-08T09:52:10.303-0300][gc,heap        ] GC(264)   region size 1024K, 41 young (41984K), 2 survivors (2048K)
[2020-09-08T09:52:10.303-0300][gc,heap        ] GC(264)  Metaspace       used 40172K, capacity 43350K, committed 43648K, reserved 1087488K
[2020-09-08T09:52:10.303-0300][gc,heap        ] GC(264)   class space    used 4462K, capacity 5706K, committed 5760K, reserved 1048576K
[2020-09-08T09:52:10.303-0300][gc,start       ] GC(264) Pause Young (Prepare Mixed) (G1 Evacuation Pause)
[2020-09-08T09:52:10.303-0300][gc,task        ] GC(264) Using 4 workers of 4 for evacuation
[2020-09-08T09:52:10.315-0300][gc,phases      ] GC(264)   Pre Evacuate Collection Set: 0.1ms
[2020-09-08T09:52:10.315-0300][gc,phases      ] GC(264)   Evacuate Collection Set: 7.7ms
[2020-09-08T09:52:10.315-0300][gc,phases      ] GC(264)   Post Evacuate Collection Set: 2.9ms
[2020-09-08T09:52:10.315-0300][gc,phases      ] GC(264)   Other: 1.3ms
[2020-09-08T09:52:10.315-0300][gc,heap        ] GC(264) Eden regions: 39->0(3)
[2020-09-08T09:52:10.315-0300][gc,heap        ] GC(264) Survivor regions: 2->2(6)
[2020-09-08T09:52:10.315-0300][gc,heap        ] GC(264) Old regions: 45->45
[2020-09-08T09:52:10.315-0300][gc,heap        ] GC(264) Humongous regions: 8->4
[2020-09-08T09:52:10.315-0300][gc,metaspace   ] GC(264) Metaspace: 40172K->40172K(1087488K)
[2020-09-08T09:52:10.315-0300][gc,heap        ] GC(264) Heap after GC invocations=265 (full 1): garbage-first heap   total 109568K, used 48517K [0x0000000083000000, 0x0000000100000000)
[2020-09-08T09:52:10.315-0300][gc,heap        ] GC(264)   region size 1024K, 2 young (2048K), 2 survivors (2048K)
[2020-09-08T09:52:10.316-0300][gc,heap        ] GC(264)  Metaspace       used 40172K, capacity 43350K, committed 43648K, reserved 1087488K
[2020-09-08T09:52:10.316-0300][gc,heap        ] GC(264)   class space    used 4462K, capacity 5706K, committed 5760K, reserved 1048576K
[2020-09-08T09:52:10.316-0300][gc             ] GC(264) Pause Young (Prepare Mixed) (G1 Evacuation Pause) 90M->47M(107M) 12.391ms
[2020-09-08T09:52:10.316-0300][gc,cpu         ] GC(264) User=0.03s Sys=0.01s Real=0.01s
[2020-09-08T09:52:14.138-0300][gc,heap        ] GC(265) Heap before GC invocations=265 (full 1): garbage-first heap   total 109568K, used 51589K [0x0000000083000000, 0x0000000100000000)
[2020-09-08T09:52:14.139-0300][gc,heap        ] GC(265)   region size 1024K, 5 young (5120K), 2 survivors (2048K)
[2020-09-08T09:52:14.139-0300][gc,heap        ] GC(265)  Metaspace       used 40173K, capacity 43350K, committed 43648K, reserved 1087488K
[2020-09-08T09:52:14.139-0300][gc,heap        ] GC(265)   class space    used 4462K, capacity 5706K, committed 5760K, reserved 1048576K
[2020-09-08T09:52:14.139-0300][gc,start       ] GC(265) Pause Young (Mixed) (G1 Evacuation Pause)
[2020-09-08T09:52:14.139-0300][gc,task        ] GC(265) Using 4 workers of 4 for evacuation
[2020-09-08T09:52:14.151-0300][gc,phases      ] GC(265)   Pre Evacuate Collection Set: 0.1ms
[2020-09-08T09:52:14.152-0300][gc,phases      ] GC(265)   Evacuate Collection Set: 10.0ms
[2020-09-08T09:52:14.152-0300][gc,phases      ] GC(265)   Post Evacuate Collection Set: 1.7ms
[2020-09-08T09:52:14.152-0300][gc,phases      ] GC(265)   Other: 1.2ms
[2020-09-08T09:52:14.152-0300][gc,heap        ] GC(265) Eden regions: 3->0(41)
[2020-09-08T09:52:14.152-0300][gc,heap        ] GC(265) Survivor regions: 2->1(1)
[2020-09-08T09:52:14.152-0300][gc,heap        ] GC(265) Old regions: 45->44
[2020-09-08T09:52:14.152-0300][gc,heap        ] GC(265) Humongous regions: 4->4
[2020-09-08T09:52:14.152-0300][gc,metaspace   ] GC(265) Metaspace: 40173K->40173K(1087488K)
[2020-09-08T09:52:14.152-0300][gc,heap        ] GC(265) Heap after GC invocations=266 (full 1): garbage-first heap   total 109568K, used 47005K [0x0000000083000000, 0x0000000100000000)
[2020-09-08T09:52:14.152-0300][gc,heap        ] GC(265)   region size 1024K, 1 young (1024K), 1 survivors (1024K)
[2020-09-08T09:52:14.152-0300][gc,heap        ] GC(265)  Metaspace       used 40173K, capacity 43350K, committed 43648K, reserved 1087488K
[2020-09-08T09:52:14.152-0300][gc,heap        ] GC(265)   class space    used 4462K, capacity 5706K, committed 5760K, reserved 1048576K
[2020-09-08T09:52:14.152-0300][gc             ] GC(265) Pause Young (Mixed) (G1 Evacuation Pause) 50M->45M(107M) 13.369ms
[2020-09-08T09:52:14.152-0300][gc,cpu         ] GC(265) User=0.04s Sys=0.00s Real=0.02s
[2020-09-08T09:52:17.759-0300][gc,heap        ] GC(266) Heap before GC invocations=266 (full 1): garbage-first heap   total 109568K, used 60317K [0x0000000083000000, 0x0000000100000000)
[2020-09-08T09:52:17.760-0300][gc,heap        ] GC(266)   region size 1024K, 16 young (16384K), 1 survivors (1024K)
[2020-09-08T09:52:17.760-0300][gc,heap        ] GC(266)  Metaspace       used 40173K, capacity 43350K, committed 43648K, reserved 1087488K
[2020-09-08T09:52:17.760-0300][gc,heap        ] GC(266)   class space    used 4462K, capacity 5706K, committed 5760K, reserved 1048576K
[2020-09-08T09:52:17.760-0300][gc,start       ] GC(266) Pause Young (Concurrent Start) (G1 Humongous Allocation)
[2020-09-08T09:52:17.760-0300][gc,task        ] GC(266) Using 4 workers of 4 for evacuation
[2020-09-08T09:52:17.773-0300][gc,phases      ] GC(266)   Pre Evacuate Collection Set: 0.4ms
[2020-09-08T09:52:17.773-0300][gc,phases      ] GC(266)   Evacuate Collection Set: 10.3ms
[2020-09-08T09:52:17.773-0300][gc,phases      ] GC(266)   Post Evacuate Collection Set: 1.6ms
[2020-09-08T09:52:17.773-0300][gc,phases      ] GC(266)   Other: 1.3ms
[2020-09-08T09:52:17.773-0300][gc,heap        ] GC(266) Eden regions: 15->0(40)
[2020-09-08T09:52:17.773-0300][gc,heap        ] GC(266) Survivor regions: 1->2(6)
[2020-09-08T09:52:17.773-0300][gc,heap        ] GC(266) Old regions: 44->44
[2020-09-08T09:52:17.773-0300][gc,heap        ] GC(266) Humongous regions: 4->4
[2020-09-08T09:52:17.773-0300][gc,metaspace   ] GC(266) Metaspace: 40173K->40173K(1087488K)
[2020-09-08T09:52:17.774-0300][gc,heap        ] GC(266) Heap after GC invocations=267 (full 1): garbage-first heap   total 109568K, used 47998K [0x0000000083000000, 0x0000000100000000)
[2020-09-08T09:52:17.774-0300][gc,heap        ] GC(266)   region size 1024K, 2 young (2048K), 2 survivors (2048K)
[2020-09-08T09:52:17.774-0300][gc,heap        ] GC(266)  Metaspace       used 40173K, capacity 43350K, committed 43648K, reserved 1087488K
[2020-09-08T09:52:17.774-0300][gc,heap        ] GC(266)   class space    used 4462K, capacity 5706K, committed 5760K, reserved 1048576K
[2020-09-08T09:52:17.774-0300][gc             ] GC(266) Pause Young (Concurrent Start) (G1 Humongous Allocation) 60M->46M(107M) 13.904ms
[2020-09-08T09:52:17.774-0300][gc,cpu         ] GC(266) User=0.04s Sys=0.00s Real=0.02s
[2020-09-08T09:52:17.776-0300][gc             ] GC(267) Concurrent Cycle
[2020-09-08T09:52:17.776-0300][gc,marking     ] GC(267) Concurrent Clear Claimed Marks
[2020-09-08T09:52:17.777-0300][gc,marking     ] GC(267) Concurrent Clear Claimed Marks 0.638ms
[2020-09-08T09:52:17.777-0300][gc,marking     ] GC(267) Concurrent Scan Root Regions
[2020-09-08T09:52:17.783-0300][gc,marking     ] GC(267) Concurrent Scan Root Regions 6.340ms
[2020-09-08T09:52:17.783-0300][gc,marking     ] GC(267) Concurrent Mark (995.257s)
[2020-09-08T09:52:17.783-0300][gc,marking     ] GC(267) Concurrent Mark From Roots
[2020-09-08T09:52:17.783-0300][gc,task        ] GC(267) Using 1 workers of 1 for marking
[2020-09-08T09:52:18.054-0300][gc,marking     ] GC(267) Concurrent Mark From Roots 270.334ms
[2020-09-08T09:52:18.054-0300][gc,marking     ] GC(267) Concurrent Preclean
[2020-09-08T09:52:18.054-0300][gc,marking     ] GC(267) Concurrent Preclean 0.303ms
[2020-09-08T09:52:18.054-0300][gc,marking     ] GC(267) Concurrent Mark (995.257s, 995.528s) 270.916ms
[2020-09-08T09:52:18.055-0300][gc,start       ] GC(267) Pause Remark
[2020-09-08T09:52:18.088-0300][gc,stringtable ] GC(267) Cleaned string and symbol table, strings: 23078 processed, 0 removed, symbols: 90745 processed, 0 removed
[2020-09-08T09:52:18.089-0300][gc             ] GC(267) Pause Remark 52M->52M(107M) 33.658ms
[2020-09-08T09:52:18.089-0300][gc,cpu         ] GC(267) User=0.13s Sys=0.00s Real=0.03s
[2020-09-08T09:52:18.090-0300][gc,marking     ] GC(267) Concurrent Rebuild Remembered Sets
[2020-09-08T09:52:18.250-0300][gc,marking     ] GC(267) Concurrent Rebuild Remembered Sets 159.863ms
[2020-09-08T09:52:18.251-0300][gc,start       ] GC(267) Pause Cleanup
[2020-09-08T09:52:18.251-0300][gc             ] GC(267) Pause Cleanup 52M->52M(107M) 0.485ms
[2020-09-08T09:52:18.252-0300][gc,cpu         ] GC(267) User=0.00s Sys=0.00s Real=0.00s
[2020-09-08T09:52:18.252-0300][gc,marking     ] GC(267) Concurrent Cleanup for Next Mark
[2020-09-08T09:52:18.253-0300][gc,marking     ] GC(267) Concurrent Cleanup for Next Mark 1.295ms
[2020-09-08T09:52:18.253-0300][gc             ] GC(267) Concurrent Cycle 477.661ms
[2020-09-08T09:52:37.757-0300][gc,heap        ] GC(268) Heap before GC invocations=268 (full 1): garbage-first heap   total 109568K, used 93054K [0x0000000083000000, 0x0000000100000000)
[2020-09-08T09:52:37.757-0300][gc,heap        ] GC(268)   region size 1024K, 42 young (43008K), 2 survivors (2048K)
[2020-09-08T09:52:37.757-0300][gc,heap        ] GC(268)  Metaspace       used 40179K, capacity 43350K, committed 43648K, reserved 1087488K
[2020-09-08T09:52:37.757-0300][gc,heap        ] GC(268)   class space    used 4463K, capacity 5706K, committed 5760K, reserved 1048576K
[2020-09-08T09:52:37.757-0300][gc,start       ] GC(268) Pause Young (Prepare Mixed) (G1 Evacuation Pause)
[2020-09-08T09:52:37.757-0300][gc,task        ] GC(268) Using 4 workers of 4 for evacuation
[2020-09-08T09:52:37.771-0300][gc,phases      ] GC(268)   Pre Evacuate Collection Set: 0.1ms
[2020-09-08T09:52:37.772-0300][gc,phases      ] GC(268)   Evacuate Collection Set: 8.4ms
[2020-09-08T09:52:37.772-0300][gc,phases      ] GC(268)   Post Evacuate Collection Set: 4.9ms
[2020-09-08T09:52:37.772-0300][gc,phases      ] GC(268)   Other: 1.2ms
[2020-09-08T09:52:37.772-0300][gc,heap        ] GC(268) Eden regions: 40->0(3)
[2020-09-08T09:52:37.772-0300][gc,heap        ] GC(268) Survivor regions: 2->2(6)
[2020-09-08T09:52:37.772-0300][gc,heap        ] GC(268) Old regions: 44->44
[2020-09-08T09:52:37.772-0300][gc,heap        ] GC(268) Humongous regions: 9->4
[2020-09-08T09:52:37.772-0300][gc,metaspace   ] GC(268) Metaspace: 40179K->40179K(1087488K)
[2020-09-08T09:52:37.772-0300][gc,heap        ] GC(268) Heap after GC invocations=269 (full 1): garbage-first heap   total 109568K, used 48369K [0x0000000083000000, 0x0000000100000000)
[2020-09-08T09:52:37.772-0300][gc,heap        ] GC(268)   region size 1024K, 2 young (2048K), 2 survivors (2048K)
[2020-09-08T09:52:37.772-0300][gc,heap        ] GC(268)  Metaspace       used 40179K, capacity 43350K, committed 43648K, reserved 1087488K
[2020-09-08T09:52:37.772-0300][gc,heap        ] GC(268)   class space    used 4463K, capacity 5706K, committed 5760K, reserved 1048576K
[2020-09-08T09:52:37.773-0300][gc             ] GC(268) Pause Young (Prepare Mixed) (G1 Evacuation Pause) 91M->47M(107M) 15.342ms
[2020-09-08T09:52:37.773-0300][gc,cpu         ] GC(268) User=0.04s Sys=0.01s Real=0.02s
[2020-09-08T09:52:37.822-0300][gc,heap        ] GC(269) Heap before GC invocations=269 (full 1): garbage-first heap   total 109568K, used 51441K [0x0000000083000000, 0x0000000100000000)
[2020-09-08T09:52:37.822-0300][gc,heap        ] GC(269)   region size 1024K, 5 young (5120K), 2 survivors (2048K)
[2020-09-08T09:52:37.823-0300][gc,heap        ] GC(269)  Metaspace       used 40291K, capacity 43486K, committed 43648K, reserved 1087488K
[2020-09-08T09:52:37.823-0300][gc,heap        ] GC(269)   class space    used 4463K, capacity 5706K, committed 5760K, reserved 1048576K
[2020-09-08T09:52:37.823-0300][gc,start       ] GC(269) Pause Young (Mixed) (G1 Evacuation Pause)
[2020-09-08T09:52:37.823-0300][gc,task        ] GC(269) Using 4 workers of 4 for evacuation
[2020-09-08T09:52:37.840-0300][gc,phases      ] GC(269)   Pre Evacuate Collection Set: 0.1ms
[2020-09-08T09:52:37.840-0300][gc,phases      ] GC(269)   Evacuate Collection Set: 14.7ms
[2020-09-08T09:52:37.840-0300][gc,phases      ] GC(269)   Post Evacuate Collection Set: 1.4ms
[2020-09-08T09:52:37.840-0300][gc,phases      ] GC(269)   Other: 1.6ms
[2020-09-08T09:52:37.841-0300][gc,heap        ] GC(269) Eden regions: 3->0(4)
[2020-09-08T09:52:37.841-0300][gc,heap        ] GC(269) Survivor regions: 2->1(1)
[2020-09-08T09:52:37.841-0300][gc,heap        ] GC(269) Old regions: 44->44
[2020-09-08T09:52:37.841-0300][gc,heap        ] GC(269) Humongous regions: 5->4
[2020-09-08T09:52:37.841-0300][gc,metaspace   ] GC(269) Metaspace: 40291K->40291K(1087488K)
[2020-09-08T09:52:37.841-0300][gc,heap        ] GC(269) Heap after GC invocations=270 (full 1): garbage-first heap   total 109568K, used 46790K [0x0000000083000000, 0x0000000100000000)
[2020-09-08T09:52:37.841-0300][gc,heap        ] GC(269)   region size 1024K, 1 young (1024K), 1 survivors (1024K)
[2020-09-08T09:52:37.841-0300][gc,heap        ] GC(269)  Metaspace       used 40291K, capacity 43486K, committed 43648K, reserved 1087488K
[2020-09-08T09:52:37.841-0300][gc,heap        ] GC(269)   class space    used 4463K, capacity 5706K, committed 5760K, reserved 1048576K
[2020-09-08T09:52:37.841-0300][gc             ] GC(269) Pause Young (Mixed) (G1 Evacuation Pause) 51M->45M(107M) 18.396ms
[2020-09-08T09:52:37.841-0300][gc,cpu         ] GC(269) User=0.06s Sys=0.00s Real=0.02s
[2020-09-08T09:52:41.343-0300][gc,heap        ] GC(270) Heap before GC invocations=270 (full 1): garbage-first heap   total 109568K, used 49862K [0x0000000083000000, 0x0000000100000000)
[2020-09-08T09:52:41.343-0300][gc,heap        ] GC(270)   region size 1024K, 5 young (5120K), 1 survivors (1024K)
[2020-09-08T09:52:41.343-0300][gc,heap        ] GC(270)  Metaspace       used 40314K, capacity 43486K, committed 43648K, reserved 1087488K
[2020-09-08T09:52:41.344-0300][gc,heap        ] GC(270)   class space    used 4463K, capacity 5706K, committed 5760K, reserved 1048576K
[2020-09-08T09:52:41.344-0300][gc,start       ] GC(270) Pause Young (Concurrent Start) (G1 Evacuation Pause)
[2020-09-08T09:52:41.344-0300][gc,task        ] GC(270) Using 4 workers of 4 for evacuation
[2020-09-08T09:52:41.352-0300][gc,phases      ] GC(270)   Pre Evacuate Collection Set: 0.3ms
[2020-09-08T09:52:41.352-0300][gc,phases      ] GC(270)   Evacuate Collection Set: 5.1ms
[2020-09-08T09:52:41.352-0300][gc,phases      ] GC(270)   Post Evacuate Collection Set: 1.7ms
[2020-09-08T09:52:41.352-0300][gc,phases      ] GC(270)   Other: 1.4ms
[2020-09-08T09:52:41.352-0300][gc,heap        ] GC(270) Eden regions: 4->0(43)
[2020-09-08T09:52:41.352-0300][gc,heap        ] GC(270) Survivor regions: 1->1(1)
[2020-09-08T09:52:41.352-0300][gc,heap        ] GC(270) Old regions: 44->44
[2020-09-08T09:52:41.352-0300][gc,heap        ] GC(270) Humongous regions: 4->4
[2020-09-08T09:52:41.352-0300][gc,metaspace   ] GC(270) Metaspace: 40314K->40314K(1087488K)
[2020-09-08T09:52:41.352-0300][gc,heap        ] GC(270) Heap after GC invocations=271 (full 1): garbage-first heap   total 109568K, used 46686K [0x0000000083000000, 0x0000000100000000)
[2020-09-08T09:52:41.352-0300][gc,heap        ] GC(270)   region size 1024K, 1 young (1024K), 1 survivors (1024K)
[2020-09-08T09:52:41.352-0300][gc,heap        ] GC(270)  Metaspace       used 40314K, capacity 43486K, committed 43648K, reserved 1087488K
[2020-09-08T09:52:41.352-0300][gc,heap        ] GC(270)   class space    used 4463K, capacity 5706K, committed 5760K, reserved 1048576K
[2020-09-08T09:52:41.353-0300][gc             ] GC(270) Pause Young (Concurrent Start) (G1 Evacuation Pause) 49M->45M(107M) 8.862ms
[2020-09-08T09:52:41.353-0300][gc,cpu         ] GC(270) User=0.02s Sys=0.00s Real=0.01s
[2020-09-08T09:52:41.354-0300][gc             ] GC(271) Concurrent Cycle
[2020-09-08T09:52:41.354-0300][gc,marking     ] GC(271) Concurrent Clear Claimed Marks
[2020-09-08T09:52:41.355-0300][gc,marking     ] GC(271) Concurrent Clear Claimed Marks 0.566ms
[2020-09-08T09:52:41.356-0300][gc,marking     ] GC(271) Concurrent Scan Root Regions
[2020-09-08T09:52:41.357-0300][gc,marking     ] GC(271) Concurrent Scan Root Regions 1.572ms
[2020-09-08T09:52:41.357-0300][gc,marking     ] GC(271) Concurrent Mark (1018.831s)
[2020-09-08T09:52:41.357-0300][gc,marking     ] GC(271) Concurrent Mark From Roots
[2020-09-08T09:52:41.357-0300][gc,task        ] GC(271) Using 1 workers of 1 for marking
[2020-09-08T09:52:41.616-0300][gc,marking     ] GC(271) Concurrent Mark From Roots 258.616ms
[2020-09-08T09:52:41.616-0300][gc,marking     ] GC(271) Concurrent Preclean
[2020-09-08T09:52:41.616-0300][gc,marking     ] GC(271) Concurrent Preclean 0.315ms
[2020-09-08T09:52:41.616-0300][gc,marking     ] GC(271) Concurrent Mark (1018.831s, 1019.090s) 259.162ms
[2020-09-08T09:52:41.618-0300][gc,start       ] GC(271) Pause Remark
[2020-09-08T09:52:41.651-0300][gc,stringtable ] GC(271) Cleaned string and symbol table, strings: 23100 processed, 0 removed, symbols: 90746 processed, 0 removed
[2020-09-08T09:52:41.651-0300][gc             ] GC(271) Pause Remark 45M->45M(107M) 33.713ms
[2020-09-08T09:52:41.652-0300][gc,cpu         ] GC(271) User=0.13s Sys=0.01s Real=0.04s
[2020-09-08T09:52:41.652-0300][gc,marking     ] GC(271) Concurrent Rebuild Remembered Sets
[2020-09-08T09:52:41.830-0300][gc,marking     ] GC(271) Concurrent Rebuild Remembered Sets 178.211ms
[2020-09-08T09:52:41.831-0300][gc,start       ] GC(271) Pause Cleanup
[2020-09-08T09:52:41.832-0300][gc             ] GC(271) Pause Cleanup 46M->46M(107M) 0.538ms
[2020-09-08T09:52:41.832-0300][gc,cpu         ] GC(271) User=0.01s Sys=0.00s Real=0.00s
[2020-09-08T09:52:41.832-0300][gc,marking     ] GC(271) Concurrent Cleanup for Next Mark
[2020-09-08T09:52:41.834-0300][gc,marking     ] GC(271) Concurrent Cleanup for Next Mark 1.265ms
[2020-09-08T09:52:41.834-0300][gc             ] GC(271) Concurrent Cycle 479.942ms
[2020-09-08T09:52:57.977-0300][gc,heap        ] GC(272) Heap before GC invocations=272 (full 1): garbage-first heap   total 109568K, used 93790K [0x0000000083000000, 0x0000000100000000)
[2020-09-08T09:52:57.977-0300][gc,heap        ] GC(272)   region size 1024K, 44 young (45056K), 1 survivors (1024K)
[2020-09-08T09:52:57.977-0300][gc,heap        ] GC(272)  Metaspace       used 40318K, capacity 43486K, committed 43648K, reserved 1087488K
[2020-09-08T09:52:57.977-0300][gc,heap        ] GC(272)   class space    used 4463K, capacity 5706K, committed 5760K, reserved 1048576K
[2020-09-08T09:52:57.978-0300][gc,start       ] GC(272) Pause Young (Prepare Mixed) (G1 Evacuation Pause)
[2020-09-08T09:52:57.978-0300][gc,task        ] GC(272) Using 4 workers of 4 for evacuation
[2020-09-08T09:52:57.987-0300][gc,phases      ] GC(272)   Pre Evacuate Collection Set: 0.1ms
[2020-09-08T09:52:57.987-0300][gc,phases      ] GC(272)   Evacuate Collection Set: 6.2ms
[2020-09-08T09:52:57.987-0300][gc,phases      ] GC(272)   Post Evacuate Collection Set: 2.1ms
[2020-09-08T09:52:57.987-0300][gc,phases      ] GC(272)   Other: 1.2ms
[2020-09-08T09:52:57.987-0300][gc,heap        ] GC(272) Eden regions: 43->0(4)
[2020-09-08T09:52:57.987-0300][gc,heap        ] GC(272) Survivor regions: 1->1(6)
[2020-09-08T09:52:57.987-0300][gc,heap        ] GC(272) Old regions: 44->44
[2020-09-08T09:52:57.987-0300][gc,heap        ] GC(272) Humongous regions: 8->4
[2020-09-08T09:52:57.987-0300][gc,metaspace   ] GC(272) Metaspace: 40318K->40318K(1087488K)
[2020-09-08T09:52:57.987-0300][gc,heap        ] GC(272) Heap after GC invocations=273 (full 1): garbage-first heap   total 109568K, used 47243K [0x0000000083000000, 0x0000000100000000)
[2020-09-08T09:52:57.987-0300][gc,heap        ] GC(272)   region size 1024K, 1 young (1024K), 1 survivors (1024K)
[2020-09-08T09:52:57.987-0300][gc,heap        ] GC(272)  Metaspace       used 40318K, capacity 43486K, committed 43648K, reserved 1087488K
[2020-09-08T09:52:57.988-0300][gc,heap        ] GC(272)   class space    used 4463K, capacity 5706K, committed 5760K, reserved 1048576K
[2020-09-08T09:52:57.988-0300][gc             ] GC(272) Pause Young (Prepare Mixed) (G1 Evacuation Pause) 92M->46M(107M) 9.965ms
[2020-09-08T09:52:57.988-0300][gc,cpu         ] GC(272) User=0.03s Sys=0.00s Real=0.01s
[2020-09-08T09:53:00.039-0300][gc,heap        ] GC(273) Heap before GC invocations=273 (full 1): garbage-first heap   total 109568K, used 51339K [0x0000000083000000, 0x0000000100000000)
[2020-09-08T09:53:00.039-0300][gc,heap        ] GC(273)   region size 1024K, 5 young (5120K), 1 survivors (1024K)
[2020-09-08T09:53:00.039-0300][gc,heap        ] GC(273)  Metaspace       used 40318K, capacity 43486K, committed 43648K, reserved 1087488K
[2020-09-08T09:53:00.039-0300][gc,heap        ] GC(273)   class space    used 4463K, capacity 5706K, committed 5760K, reserved 1048576K
[2020-09-08T09:53:00.039-0300][gc,start       ] GC(273) Pause Young (Mixed) (G1 Evacuation Pause)
[2020-09-08T09:53:00.039-0300][gc,task        ] GC(273) Using 4 workers of 4 for evacuation
[2020-09-08T09:53:00.052-0300][gc,phases      ] GC(273)   Pre Evacuate Collection Set: 0.1ms
[2020-09-08T09:53:00.052-0300][gc,phases      ] GC(273)   Evacuate Collection Set: 9.4ms
[2020-09-08T09:53:00.052-0300][gc,phases      ] GC(273)   Post Evacuate Collection Set: 2.3ms
[2020-09-08T09:53:00.052-0300][gc,phases      ] GC(273)   Other: 1.1ms
[2020-09-08T09:53:00.052-0300][gc,heap        ] GC(273) Eden regions: 4->0(11)
[2020-09-08T09:53:00.052-0300][gc,heap        ] GC(273) Survivor regions: 1->1(1)
[2020-09-08T09:53:00.052-0300][gc,heap        ] GC(273) Old regions: 44->44
[2020-09-08T09:53:00.052-0300][gc,heap        ] GC(273) Humongous regions: 4->4
[2020-09-08T09:53:00.052-0300][gc,metaspace   ] GC(273) Metaspace: 40318K->40318K(1087488K)
[2020-09-08T09:53:00.052-0300][gc,heap        ] GC(273) Heap after GC invocations=274 (full 1): garbage-first heap   total 109568K, used 46708K [0x0000000083000000, 0x0000000100000000)
[2020-09-08T09:53:00.052-0300][gc,heap        ] GC(273)   region size 1024K, 1 young (1024K), 1 survivors (1024K)
[2020-09-08T09:53:00.052-0300][gc,heap        ] GC(273)  Metaspace       used 40318K, capacity 43486K, committed 43648K, reserved 1087488K
[2020-09-08T09:53:00.052-0300][gc,heap        ] GC(273)   class space    used 4463K, capacity 5706K, committed 5760K, reserved 1048576K
[2020-09-08T09:53:00.053-0300][gc             ] GC(273) Pause Young (Mixed) (G1 Evacuation Pause) 50M->45M(107M) 13.283ms
[2020-09-08T09:53:00.053-0300][gc,cpu         ] GC(273) User=0.04s Sys=0.00s Real=0.02s
[2020-09-08T09:53:04.533-0300][gc,heap        ] GC(274) Heap before GC invocations=274 (full 1): garbage-first heap   total 109568K, used 57972K [0x0000000083000000, 0x0000000100000000)
[2020-09-08T09:53:04.534-0300][gc,heap        ] GC(274)   region size 1024K, 12 young (12288K), 1 survivors (1024K)
[2020-09-08T09:53:04.534-0300][gc,heap        ] GC(274)  Metaspace       used 40318K, capacity 43486K, committed 43648K, reserved 1087488K
[2020-09-08T09:53:04.534-0300][gc,heap        ] GC(274)   class space    used 4463K, capacity 5706K, committed 5760K, reserved 1048576K
[2020-09-08T09:53:04.534-0300][gc,start       ] GC(274) Pause Young (Concurrent Start) (G1 Evacuation Pause)
[2020-09-08T09:53:04.534-0300][gc,task        ] GC(274) Using 4 workers of 4 for evacuation
[2020-09-08T09:53:04.544-0300][gc,phases      ] GC(274)   Pre Evacuate Collection Set: 0.5ms
[2020-09-08T09:53:04.544-0300][gc,phases      ] GC(274)   Evacuate Collection Set: 6.9ms
[2020-09-08T09:53:04.544-0300][gc,phases      ] GC(274)   Post Evacuate Collection Set: 2.0ms
[2020-09-08T09:53:04.544-0300][gc,phases      ] GC(274)   Other: 1.2ms
[2020-09-08T09:53:04.544-0300][gc,heap        ] GC(274) Eden regions: 11->0(40)
[2020-09-08T09:53:04.544-0300][gc,heap        ] GC(274) Survivor regions: 1->1(2)
[2020-09-08T09:53:04.544-0300][gc,heap        ] GC(274) Old regions: 44->44
[2020-09-08T09:53:04.544-0300][gc,heap        ] GC(274) Humongous regions: 4->4
[2020-09-08T09:53:04.544-0300][gc,metaspace   ] GC(274) Metaspace: 40318K->40318K(1087488K)
[2020-09-08T09:53:04.545-0300][gc,heap        ] GC(274) Heap after GC invocations=275 (full 1): garbage-first heap   total 109568K, used 46909K [0x0000000083000000, 0x0000000100000000)
[2020-09-08T09:53:04.545-0300][gc,heap        ] GC(274)   region size 1024K, 1 young (1024K), 1 survivors (1024K)
[2020-09-08T09:53:04.545-0300][gc,heap        ] GC(274)  Metaspace       used 40318K, capacity 43486K, committed 43648K, reserved 1087488K
[2020-09-08T09:53:04.545-0300][gc,heap        ] GC(274)   class space    used 4463K, capacity 5706K, committed 5760K, reserved 1048576K
[2020-09-08T09:53:04.545-0300][gc             ] GC(274) Pause Young (Concurrent Start) (G1 Evacuation Pause) 56M->45M(107M) 10.840ms
[2020-09-08T09:53:04.545-0300][gc,cpu         ] GC(274) User=0.03s Sys=0.00s Real=0.01s
[2020-09-08T09:53:04.545-0300][gc             ] GC(275) Concurrent Cycle
[2020-09-08T09:53:04.545-0300][gc,marking     ] GC(275) Concurrent Clear Claimed Marks
[2020-09-08T09:53:04.546-0300][gc,marking     ] GC(275) Concurrent Clear Claimed Marks 0.399ms
[2020-09-08T09:53:04.546-0300][gc,marking     ] GC(275) Concurrent Scan Root Regions
[2020-09-08T09:53:04.550-0300][gc,marking     ] GC(275) Concurrent Scan Root Regions 4.698ms
[2020-09-08T09:53:04.550-0300][gc,marking     ] GC(275) Concurrent Mark (1042.024s)
[2020-09-08T09:53:04.551-0300][gc,marking     ] GC(275) Concurrent Mark From Roots
[2020-09-08T09:53:04.551-0300][gc,task        ] GC(275) Using 1 workers of 1 for marking
[2020-09-08T09:53:04.816-0300][gc,marking     ] GC(275) Concurrent Mark From Roots 265.398ms
[2020-09-08T09:53:04.816-0300][gc,marking     ] GC(275) Concurrent Preclean
[2020-09-08T09:53:04.816-0300][gc,marking     ] GC(275) Concurrent Preclean 0.302ms
[2020-09-08T09:53:04.816-0300][gc,marking     ] GC(275) Concurrent Mark (1042.024s, 1042.290s) 265.914ms
[2020-09-08T09:53:04.818-0300][gc,start       ] GC(275) Pause Remark
[2020-09-08T09:53:04.851-0300][gc,stringtable ] GC(275) Cleaned string and symbol table, strings: 23100 processed, 0 removed, symbols: 90746 processed, 0 removed
[2020-09-08T09:53:04.851-0300][gc             ] GC(275) Pause Remark 46M->46M(107M) 33.788ms
[2020-09-08T09:53:04.852-0300][gc,cpu         ] GC(275) User=0.12s Sys=0.00s Real=0.04s
[2020-09-08T09:53:04.852-0300][gc,marking     ] GC(275) Concurrent Rebuild Remembered Sets
[2020-09-08T09:53:05.007-0300][gc,marking     ] GC(275) Concurrent Rebuild Remembered Sets 154.623ms
[2020-09-08T09:53:05.008-0300][gc,start       ] GC(275) Pause Cleanup
[2020-09-08T09:53:05.008-0300][gc             ] GC(275) Pause Cleanup 46M->46M(107M) 0.458ms
[2020-09-08T09:53:05.009-0300][gc,cpu         ] GC(275) User=0.00s Sys=0.00s Real=0.00s
[2020-09-08T09:53:05.009-0300][gc,marking     ] GC(275) Concurrent Cleanup for Next Mark
[2020-09-08T09:53:05.010-0300][gc,marking     ] GC(275) Concurrent Cleanup for Next Mark 1.231ms
[2020-09-08T09:53:05.010-0300][gc             ] GC(275) Concurrent Cycle 465.295ms
[2020-09-08T09:53:21.211-0300][gc,heap        ] GC(276) Heap before GC invocations=276 (full 1): garbage-first heap   total 109568K, used 90941K [0x0000000083000000, 0x0000000100000000)
[2020-09-08T09:53:21.212-0300][gc,heap        ] GC(276)   region size 1024K, 41 young (41984K), 1 survivors (1024K)
[2020-09-08T09:53:21.212-0300][gc,heap        ] GC(276)  Metaspace       used 40325K, capacity 43486K, committed 43648K, reserved 1087488K
[2020-09-08T09:53:21.212-0300][gc,heap        ] GC(276)   class space    used 4463K, capacity 5706K, committed 5760K, reserved 1048576K
[2020-09-08T09:53:21.212-0300][gc,start       ] GC(276) Pause Young (Prepare Mixed) (G1 Evacuation Pause)
[2020-09-08T09:53:21.212-0300][gc,task        ] GC(276) Using 4 workers of 4 for evacuation
[2020-09-08T09:53:21.220-0300][gc,phases      ] GC(276)   Pre Evacuate Collection Set: 0.1ms
[2020-09-08T09:53:21.220-0300][gc,phases      ] GC(276)   Evacuate Collection Set: 5.8ms
[2020-09-08T09:53:21.220-0300][gc,phases      ] GC(276)   Post Evacuate Collection Set: 1.8ms
[2020-09-08T09:53:21.220-0300][gc,phases      ] GC(276)   Other: 1.1ms
[2020-09-08T09:53:21.220-0300][gc,heap        ] GC(276) Eden regions: 40->0(4)
[2020-09-08T09:53:21.220-0300][gc,heap        ] GC(276) Survivor regions: 1->1(6)
[2020-09-08T09:53:21.220-0300][gc,heap        ] GC(276) Old regions: 44->44
[2020-09-08T09:53:21.220-0300][gc,heap        ] GC(276) Humongous regions: 8->4
[2020-09-08T09:53:21.221-0300][gc,metaspace   ] GC(276) Metaspace: 40325K->40325K(1087488K)
[2020-09-08T09:53:21.221-0300][gc,heap        ] GC(276) Heap after GC invocations=277 (full 1): garbage-first heap   total 109568K, used 47035K [0x0000000083000000, 0x0000000100000000)
[2020-09-08T09:53:21.221-0300][gc,heap        ] GC(276)   region size 1024K, 1 young (1024K), 1 survivors (1024K)
[2020-09-08T09:53:21.221-0300][gc,heap        ] GC(276)  Metaspace       used 40325K, capacity 43486K, committed 43648K, reserved 1087488K
[2020-09-08T09:53:21.221-0300][gc,heap        ] GC(276)   class space    used 4463K, capacity 5706K, committed 5760K, reserved 1048576K
[2020-09-08T09:53:21.221-0300][gc             ] GC(276) Pause Young (Prepare Mixed) (G1 Evacuation Pause) 89M->45M(107M) 9.056ms
[2020-09-08T09:53:21.221-0300][gc,cpu         ] GC(276) User=0.02s Sys=0.01s Real=0.01s
[2020-09-08T09:53:24.027-0300][gc,heap        ] GC(277) Heap before GC invocations=277 (full 1): garbage-first heap   total 109568K, used 50107K [0x0000000083000000, 0x0000000100000000)
[2020-09-08T09:53:24.027-0300][gc,heap        ] GC(277)   region size 1024K, 5 young (5120K), 1 survivors (1024K)
[2020-09-08T09:53:24.027-0300][gc,heap        ] GC(277)  Metaspace       used 40327K, capacity 43486K, committed 43648K, reserved 1087488K
[2020-09-08T09:53:24.027-0300][gc,heap        ] GC(277)   class space    used 4463K, capacity 5706K, committed 5760K, reserved 1048576K
[2020-09-08T09:53:24.027-0300][gc,start       ] GC(277) Pause Young (Mixed) (G1 Evacuation Pause)
[2020-09-08T09:53:24.027-0300][gc,task        ] GC(277) Using 4 workers of 4 for evacuation
[2020-09-08T09:53:24.047-0300][gc,phases      ] GC(277)   Pre Evacuate Collection Set: 0.1ms
[2020-09-08T09:53:24.047-0300][gc,phases      ] GC(277)   Evacuate Collection Set: 16.7ms
[2020-09-08T09:53:24.047-0300][gc,phases      ] GC(277)   Post Evacuate Collection Set: 1.8ms
[2020-09-08T09:53:24.047-0300][gc,phases      ] GC(277)   Other: 1.3ms
[2020-09-08T09:53:24.047-0300][gc,heap        ] GC(277) Eden regions: 4->0(23)
[2020-09-08T09:53:24.047-0300][gc,heap        ] GC(277) Survivor regions: 1->1(1)
[2020-09-08T09:53:24.047-0300][gc,heap        ] GC(277) Old regions: 44->42
[2020-09-08T09:53:24.047-0300][gc,heap        ] GC(277) Humongous regions: 4->4
[2020-09-08T09:53:24.047-0300][gc,metaspace   ] GC(277) Metaspace: 40327K->40327K(1087488K)
[2020-09-08T09:53:24.047-0300][gc,heap        ] GC(277) Heap after GC invocations=278 (full 1): garbage-first heap   total 109568K, used 45545K [0x0000000083000000, 0x0000000100000000)
[2020-09-08T09:53:24.047-0300][gc,heap        ] GC(277)   region size 1024K, 1 young (1024K), 1 survivors (1024K)
[2020-09-08T09:53:24.048-0300][gc,heap        ] GC(277)  Metaspace       used 40327K, capacity 43486K, committed 43648K, reserved 1087488K
[2020-09-08T09:53:24.048-0300][gc,heap        ] GC(277)   class space    used 4463K, capacity 5706K, committed 5760K, reserved 1048576K
[2020-09-08T09:53:24.048-0300][gc             ] GC(277) Pause Young (Mixed) (G1 Evacuation Pause) 49M->44M(107M) 20.214ms
[2020-09-08T09:53:24.048-0300][gc,cpu         ] GC(277) User=0.06s Sys=0.01s Real=0.02s
[2020-09-08T09:53:27.824-0300][gc,heap        ] GC(278) Heap before GC invocations=278 (full 1): garbage-first heap   total 109568K, used 56809K [0x0000000083000000, 0x0000000100000000)
[2020-09-08T09:53:27.824-0300][gc,heap        ] GC(278)   region size 1024K, 14 young (14336K), 1 survivors (1024K)
[2020-09-08T09:53:27.824-0300][gc,heap        ] GC(278)  Metaspace       used 40331K, capacity 43486K, committed 43648K, reserved 1087488K
[2020-09-08T09:53:27.824-0300][gc,heap        ] GC(278)   class space    used 4463K, capacity 5706K, committed 5760K, reserved 1048576K
[2020-09-08T09:53:27.824-0300][gc,start       ] GC(278) Pause Young (Concurrent Start) (G1 Humongous Allocation)
[2020-09-08T09:53:27.824-0300][gc,task        ] GC(278) Using 4 workers of 4 for evacuation
[2020-09-08T09:53:27.844-0300][gc,phases      ] GC(278)   Pre Evacuate Collection Set: 0.4ms
[2020-09-08T09:53:27.844-0300][gc,phases      ] GC(278)   Evacuate Collection Set: 17.2ms
[2020-09-08T09:53:27.845-0300][gc,phases      ] GC(278)   Post Evacuate Collection Set: 1.7ms
[2020-09-08T09:53:27.845-0300][gc,phases      ] GC(278)   Other: 1.2ms
[2020-09-08T09:53:27.845-0300][gc,heap        ] GC(278) Eden regions: 13->0(34)
[2020-09-08T09:53:27.845-0300][gc,heap        ] GC(278) Survivor regions: 1->2(3)
[2020-09-08T09:53:27.845-0300][gc,heap        ] GC(278) Old regions: 42->42
[2020-09-08T09:53:27.845-0300][gc,heap        ] GC(278) Humongous regions: 4->4
[2020-09-08T09:53:27.845-0300][gc,metaspace   ] GC(278) Metaspace: 40331K->40331K(1087488K)
[2020-09-08T09:53:27.845-0300][gc,heap        ] GC(278) Heap after GC invocations=279 (full 1): garbage-first heap   total 109568K, used 46679K [0x0000000083000000, 0x0000000100000000)
[2020-09-08T09:53:27.845-0300][gc,heap        ] GC(278)   region size 1024K, 2 young (2048K), 2 survivors (2048K)
[2020-09-08T09:53:27.845-0300][gc,heap        ] GC(278)  Metaspace       used 40331K, capacity 43486K, committed 43648K, reserved 1087488K
[2020-09-08T09:53:27.845-0300][gc,heap        ] GC(278)   class space    used 4463K, capacity 5706K, committed 5760K, reserved 1048576K
[2020-09-08T09:53:27.845-0300][gc             ] GC(278) Pause Young (Concurrent Start) (G1 Humongous Allocation) 56M->45M(107M) 20.914ms
[2020-09-08T09:53:27.845-0300][gc,cpu         ] GC(278) User=0.06s Sys=0.00s Real=0.02s
[2020-09-08T09:53:27.845-0300][gc             ] GC(279) Concurrent Cycle
[2020-09-08T09:53:27.846-0300][gc,marking     ] GC(279) Concurrent Clear Claimed Marks
[2020-09-08T09:53:27.846-0300][gc,marking     ] GC(279) Concurrent Clear Claimed Marks 0.579ms
[2020-09-08T09:53:27.846-0300][gc,marking     ] GC(279) Concurrent Scan Root Regions
[2020-09-08T09:53:27.855-0300][gc,marking     ] GC(279) Concurrent Scan Root Regions 8.715ms
[2020-09-08T09:53:27.855-0300][gc,marking     ] GC(279) Concurrent Mark (1065.329s)
[2020-09-08T09:53:27.855-0300][gc,marking     ] GC(279) Concurrent Mark From Roots
[2020-09-08T09:53:27.855-0300][gc,task        ] GC(279) Using 1 workers of 1 for marking
[2020-09-08T09:53:28.125-0300][gc,marking     ] GC(279) Concurrent Mark From Roots 270.190ms
[2020-09-08T09:53:28.126-0300][gc,marking     ] GC(279) Concurrent Preclean
[2020-09-08T09:53:28.126-0300][gc,marking     ] GC(279) Concurrent Preclean 0.379ms
[2020-09-08T09:53:28.126-0300][gc,marking     ] GC(279) Concurrent Mark (1065.329s, 1065.600s) 270.813ms
[2020-09-08T09:53:28.127-0300][gc,start       ] GC(279) Pause Remark
[2020-09-08T09:53:28.159-0300][gc,stringtable ] GC(279) Cleaned string and symbol table, strings: 23121 processed, 0 removed, symbols: 90746 processed, 0 removed
[2020-09-08T09:53:28.160-0300][gc             ] GC(279) Pause Remark 50M->50M(107M) 32.803ms
[2020-09-08T09:53:28.160-0300][gc,cpu         ] GC(279) User=0.12s Sys=0.00s Real=0.03s
[2020-09-08T09:53:28.160-0300][gc,marking     ] GC(279) Concurrent Rebuild Remembered Sets
[2020-09-08T09:53:28.310-0300][gc,marking     ] GC(279) Concurrent Rebuild Remembered Sets 149.966ms
[2020-09-08T09:53:28.312-0300][gc,start       ] GC(279) Pause Cleanup
[2020-09-08T09:53:28.312-0300][gc             ] GC(279) Pause Cleanup 50M->50M(107M) 0.540ms
[2020-09-08T09:53:28.312-0300][gc,cpu         ] GC(279) User=0.00s Sys=0.00s Real=0.00s
[2020-09-08T09:53:28.313-0300][gc,marking     ] GC(279) Concurrent Cleanup for Next Mark
[2020-09-08T09:53:28.314-0300][gc,marking     ] GC(279) Concurrent Cleanup for Next Mark 1.044ms
[2020-09-08T09:53:28.314-0300][gc             ] GC(279) Concurrent Cycle 468.792ms
[2020-09-08T09:53:37.587-0300][gc,heap        ] GC(280) Heap before GC invocations=280 (full 1): garbage-first heap   total 109568K, used 64087K [0x0000000083000000, 0x0000000100000000)
[2020-09-08T09:53:37.587-0300][gc,heap        ] GC(280)   region size 1024K, 18 young (18432K), 2 survivors (2048K)
[2020-09-08T09:53:37.587-0300][gc,heap        ] GC(280)  Metaspace       used 40358K, capacity 43550K, committed 43648K, reserved 1087488K
[2020-09-08T09:53:37.587-0300][gc,heap        ] GC(280)   class space    used 4463K, capacity 5706K, committed 5760K, reserved 1048576K
[2020-09-08T09:53:37.588-0300][gc,start       ] GC(280) Pause Young (Normal) (G1 Evacuation Pause)
[2020-09-08T09:53:37.588-0300][gc,task        ] GC(280) Using 4 workers of 4 for evacuation
[2020-09-08T09:53:37.597-0300][gc,phases      ] GC(280)   Pre Evacuate Collection Set: 0.0ms
[2020-09-08T09:53:37.597-0300][gc,phases      ] GC(280)   Evacuate Collection Set: 7.0ms
[2020-09-08T09:53:37.597-0300][gc,phases      ] GC(280)   Post Evacuate Collection Set: 1.7ms
[2020-09-08T09:53:37.597-0300][gc,phases      ] GC(280)   Other: 1.1ms
[2020-09-08T09:53:37.597-0300][gc,heap        ] GC(280) Eden regions: 16->0(21)
[2020-09-08T09:53:37.597-0300][gc,heap        ] GC(280) Survivor regions: 2->1(3)
[2020-09-08T09:53:37.597-0300][gc,heap        ] GC(280) Old regions: 42->43
[2020-09-08T09:53:37.598-0300][gc,heap        ] GC(280) Humongous regions: 6->4
[2020-09-08T09:53:37.598-0300][gc,metaspace   ] GC(280) Metaspace: 40358K->40358K(1087488K)
[2020-09-08T09:53:37.598-0300][gc,heap        ] GC(280) Heap after GC invocations=281 (full 1): garbage-first heap   total 109568K, used 46034K [0x0000000083000000, 0x0000000100000000)
[2020-09-08T09:53:37.598-0300][gc,heap        ] GC(280)   region size 1024K, 1 young (1024K), 1 survivors (1024K)
[2020-09-08T09:53:37.598-0300][gc,heap        ] GC(280)  Metaspace       used 40358K, capacity 43550K, committed 43648K, reserved 1087488K
[2020-09-08T09:53:37.598-0300][gc,heap        ] GC(280)   class space    used 4463K, capacity 5706K, committed 5760K, reserved 1048576K
[2020-09-08T09:53:37.598-0300][gc             ] GC(280) Pause Young (Normal) (G1 Evacuation Pause) 63M->44M(107M) 10.249ms
[2020-09-08T09:53:37.598-0300][gc,cpu         ] GC(280) User=0.03s Sys=0.00s Real=0.01s
[2020-09-08T09:53:37.859-0300][gc,heap        ] GC(281) Heap before GC invocations=281 (full 1): garbage-first heap   total 109568K, used 54226K [0x0000000083000000, 0x0000000100000000)
[2020-09-08T09:53:37.859-0300][gc,heap        ] GC(281)   region size 1024K, 11 young (11264K), 1 survivors (1024K)
[2020-09-08T09:53:37.859-0300][gc,heap        ] GC(281)  Metaspace       used 40358K, capacity 43550K, committed 43648K, reserved 1087488K
[2020-09-08T09:53:37.859-0300][gc,heap        ] GC(281)   class space    used 4463K, capacity 5706K, committed 5760K, reserved 1048576K
[2020-09-08T09:53:37.859-0300][gc,start       ] GC(281) Pause Young (Concurrent Start) (G1 Humongous Allocation)
[2020-09-08T09:53:37.859-0300][gc,task        ] GC(281) Using 4 workers of 4 for evacuation
[2020-09-08T09:53:37.871-0300][gc,phases      ] GC(281)   Pre Evacuate Collection Set: 0.3ms
[2020-09-08T09:53:37.872-0300][gc,phases      ] GC(281)   Evacuate Collection Set: 9.1ms
[2020-09-08T09:53:37.872-0300][gc,phases      ] GC(281)   Post Evacuate Collection Set: 1.6ms
[2020-09-08T09:53:37.872-0300][gc,phases      ] GC(281)   Other: 1.2ms
[2020-09-08T09:53:37.872-0300][gc,heap        ] GC(281) Eden regions: 10->0(29)
[2020-09-08T09:53:37.872-0300][gc,heap        ] GC(281) Survivor regions: 1->2(3)
[2020-09-08T09:53:37.872-0300][gc,heap        ] GC(281) Old regions: 43->43
[2020-09-08T09:53:37.872-0300][gc,heap        ] GC(281) Humongous regions: 4->4
[2020-09-08T09:53:37.872-0300][gc,metaspace   ] GC(281) Metaspace: 40358K->40358K(1087488K)
[2020-09-08T09:53:37.872-0300][gc,heap        ] GC(281) Heap after GC invocations=282 (full 1): garbage-first heap   total 109568K, used 46940K [0x0000000083000000, 0x0000000100000000)
[2020-09-08T09:53:37.872-0300][gc,heap        ] GC(281)   region size 1024K, 2 young (2048K), 2 survivors (2048K)
[2020-09-08T09:53:37.872-0300][gc,heap        ] GC(281)  Metaspace       used 40358K, capacity 43550K, committed 43648K, reserved 1087488K
[2020-09-08T09:53:37.872-0300][gc,heap        ] GC(281)   class space    used 4463K, capacity 5706K, committed 5760K, reserved 1048576K
[2020-09-08T09:53:37.872-0300][gc             ] GC(281) Pause Young (Concurrent Start) (G1 Humongous Allocation) 54M->45M(107M) 12.765ms
[2020-09-08T09:53:37.872-0300][gc,cpu         ] GC(281) User=0.04s Sys=0.00s Real=0.02s
[2020-09-08T09:53:37.873-0300][gc             ] GC(282) Concurrent Cycle
[2020-09-08T09:53:37.873-0300][gc,marking     ] GC(282) Concurrent Clear Claimed Marks
[2020-09-08T09:53:37.873-0300][gc,marking     ] GC(282) Concurrent Clear Claimed Marks 0.821ms
[2020-09-08T09:53:37.874-0300][gc,marking     ] GC(282) Concurrent Scan Root Regions
[2020-09-08T09:53:37.881-0300][gc,marking     ] GC(282) Concurrent Scan Root Regions 7.175ms
[2020-09-08T09:53:37.881-0300][gc,marking     ] GC(282) Concurrent Mark (1075.355s)
[2020-09-08T09:53:37.881-0300][gc,marking     ] GC(282) Concurrent Mark From Roots
[2020-09-08T09:53:37.881-0300][gc,task        ] GC(282) Using 1 workers of 1 for marking
[2020-09-08T09:53:38.148-0300][gc,marking     ] GC(282) Concurrent Mark From Roots 267.116ms
[2020-09-08T09:53:38.148-0300][gc,marking     ] GC(282) Concurrent Preclean
[2020-09-08T09:53:38.149-0300][gc,marking     ] GC(282) Concurrent Preclean 0.292ms
[2020-09-08T09:53:38.149-0300][gc,marking     ] GC(282) Concurrent Mark (1075.355s, 1075.622s) 267.609ms
[2020-09-08T09:53:38.150-0300][gc,start       ] GC(282) Pause Remark
[2020-09-08T09:53:38.182-0300][gc,stringtable ] GC(282) Cleaned string and symbol table, strings: 23136 processed, 0 removed, symbols: 90746 processed, 0 removed
[2020-09-08T09:53:38.183-0300][gc             ] GC(282) Pause Remark 50M->50M(107M) 32.937ms
[2020-09-08T09:53:38.183-0300][gc,cpu         ] GC(282) User=0.13s Sys=0.01s Real=0.04s
[2020-09-08T09:53:38.183-0300][gc,marking     ] GC(282) Concurrent Rebuild Remembered Sets
[2020-09-08T09:53:38.333-0300][gc,marking     ] GC(282) Concurrent Rebuild Remembered Sets 149.276ms
[2020-09-08T09:53:38.334-0300][gc,start       ] GC(282) Pause Cleanup
[2020-09-08T09:53:38.334-0300][gc             ] GC(282) Pause Cleanup 50M->50M(107M) 0.517ms
[2020-09-08T09:53:38.335-0300][gc,cpu         ] GC(282) User=0.00s Sys=0.00s Real=0.00s
[2020-09-08T09:53:38.335-0300][gc,marking     ] GC(282) Concurrent Cleanup for Next Mark
[2020-09-08T09:53:38.337-0300][gc,marking     ] GC(282) Concurrent Cleanup for Next Mark 1.317ms
[2020-09-08T09:53:38.337-0300][gc             ] GC(282) Concurrent Cycle 464.313ms
[2020-09-08T09:53:47.778-0300][gc,heap        ] GC(283) Heap before GC invocations=283 (full 1): garbage-first heap   total 109568K, used 64348K [0x0000000083000000, 0x0000000100000000)
[2020-09-08T09:53:47.778-0300][gc,heap        ] GC(283)   region size 1024K, 18 young (18432K), 2 survivors (2048K)
[2020-09-08T09:53:47.778-0300][gc,heap        ] GC(283)  Metaspace       used 40359K, capacity 43550K, committed 43648K, reserved 1087488K
[2020-09-08T09:53:47.778-0300][gc,heap        ] GC(283)   class space    used 4463K, capacity 5706K, committed 5760K, reserved 1048576K
[2020-09-08T09:53:47.778-0300][gc,start       ] GC(283) Pause Young (Prepare Mixed) (G1 Evacuation Pause)
[2020-09-08T09:53:47.778-0300][gc,task        ] GC(283) Using 4 workers of 4 for evacuation
[2020-09-08T09:53:47.802-0300][gc,phases      ] GC(283)   Pre Evacuate Collection Set: 0.1ms
[2020-09-08T09:53:47.802-0300][gc,phases      ] GC(283)   Evacuate Collection Set: 18.0ms
[2020-09-08T09:53:47.802-0300][gc,phases      ] GC(283)   Post Evacuate Collection Set: 4.5ms
[2020-09-08T09:53:47.802-0300][gc,phases      ] GC(283)   Other: 1.1ms
[2020-09-08T09:53:47.802-0300][gc,heap        ] GC(283) Eden regions: 16->0(3)
[2020-09-08T09:53:47.802-0300][gc,heap        ] GC(283) Survivor regions: 2->2(3)
[2020-09-08T09:53:47.802-0300][gc,heap        ] GC(283) Old regions: 43->43
[2020-09-08T09:53:47.802-0300][gc,heap        ] GC(283) Humongous regions: 6->4
[2020-09-08T09:53:47.802-0300][gc,metaspace   ] GC(283) Metaspace: 40359K->40359K(1087488K)
[2020-09-08T09:53:47.802-0300][gc,heap        ] GC(283) Heap after GC invocations=284 (full 1): garbage-first heap   total 109568K, used 46604K [0x0000000083000000, 0x0000000100000000)
[2020-09-08T09:53:47.802-0300][gc,heap        ] GC(283)   region size 1024K, 2 young (2048K), 2 survivors (2048K)
[2020-09-08T09:53:47.802-0300][gc,heap        ] GC(283)  Metaspace       used 40359K, capacity 43550K, committed 43648K, reserved 1087488K
[2020-09-08T09:53:47.803-0300][gc,heap        ] GC(283)   class space    used 4463K, capacity 5706K, committed 5760K, reserved 1048576K
[2020-09-08T09:53:47.803-0300][gc             ] GC(283) Pause Young (Prepare Mixed) (G1 Evacuation Pause) 63M->45M(107M) 24.257ms
[2020-09-08T09:53:47.803-0300][gc,cpu         ] GC(283) User=0.06s Sys=0.01s Real=0.03s
[2020-09-08T09:53:47.827-0300][gc,heap        ] GC(284) Heap before GC invocations=284 (full 1): garbage-first heap   total 109568K, used 48652K [0x0000000083000000, 0x0000000100000000)
[2020-09-08T09:53:47.827-0300][gc,heap        ] GC(284)   region size 1024K, 5 young (5120K), 2 survivors (2048K)
[2020-09-08T09:53:47.827-0300][gc,heap        ] GC(284)  Metaspace       used 40359K, capacity 43550K, committed 43648K, reserved 1087488K
[2020-09-08T09:53:47.827-0300][gc,heap        ] GC(284)   class space    used 4463K, capacity 5706K, committed 5760K, reserved 1048576K
[2020-09-08T09:53:47.828-0300][gc,start       ] GC(284) Pause Young (Mixed) (G1 Evacuation Pause)
[2020-09-08T09:53:47.828-0300][gc,task        ] GC(284) Using 4 workers of 4 for evacuation
[2020-09-08T09:53:47.844-0300][gc,phases      ] GC(284)   Pre Evacuate Collection Set: 0.1ms
[2020-09-08T09:53:47.844-0300][gc,phases      ] GC(284)   Evacuate Collection Set: 13.5ms
[2020-09-08T09:53:47.844-0300][gc,phases      ] GC(284)   Post Evacuate Collection Set: 2.0ms
[2020-09-08T09:53:47.844-0300][gc,phases      ] GC(284)   Other: 1.2ms
[2020-09-08T09:53:47.844-0300][gc,heap        ] GC(284) Eden regions: 3->0(24)
[2020-09-08T09:53:47.844-0300][gc,heap        ] GC(284) Survivor regions: 2->1(1)
[2020-09-08T09:53:47.844-0300][gc,heap        ] GC(284) Old regions: 43->43
[2020-09-08T09:53:47.844-0300][gc,heap        ] GC(284) Humongous regions: 4->4
[2020-09-08T09:53:47.844-0300][gc,metaspace   ] GC(284) Metaspace: 40359K->40359K(1087488K)
[2020-09-08T09:53:47.844-0300][gc,heap        ] GC(284) Heap after GC invocations=285 (full 1): garbage-first heap   total 109568K, used 46046K [0x0000000083000000, 0x0000000100000000)
[2020-09-08T09:53:47.844-0300][gc,heap        ] GC(284)   region size 1024K, 1 young (1024K), 1 survivors (1024K)
[2020-09-08T09:53:47.845-0300][gc,heap        ] GC(284)  Metaspace       used 40359K, capacity 43550K, committed 43648K, reserved 1087488K
[2020-09-08T09:53:47.845-0300][gc,heap        ] GC(284)   class space    used 4463K, capacity 5706K, committed 5760K, reserved 1048576K
[2020-09-08T09:53:47.845-0300][gc             ] GC(284) Pause Young (Mixed) (G1 Evacuation Pause) 48M->44M(107M) 17.122ms
[2020-09-08T09:53:47.845-0300][gc,cpu         ] GC(284) User=0.04s Sys=0.00s Real=0.02s
[2020-09-08T09:53:47.865-0300][gc,heap        ] GC(285) Heap before GC invocations=285 (full 1): garbage-first heap   total 109568K, used 51166K [0x0000000083000000, 0x0000000100000000)
[2020-09-08T09:53:47.865-0300][gc,heap        ] GC(285)   region size 1024K, 8 young (8192K), 1 survivors (1024K)
[2020-09-08T09:53:47.865-0300][gc,heap        ] GC(285)  Metaspace       used 40359K, capacity 43550K, committed 43648K, reserved 1087488K
[2020-09-08T09:53:47.866-0300][gc,heap        ] GC(285)   class space    used 4463K, capacity 5706K, committed 5760K, reserved 1048576K
[2020-09-08T09:53:47.866-0300][gc,start       ] GC(285) Pause Young (Concurrent Start) (G1 Humongous Allocation)
[2020-09-08T09:53:47.866-0300][gc,task        ] GC(285) Using 4 workers of 4 for evacuation
[2020-09-08T09:53:47.875-0300][gc,phases      ] GC(285)   Pre Evacuate Collection Set: 0.3ms
[2020-09-08T09:53:47.875-0300][gc,phases      ] GC(285)   Evacuate Collection Set: 7.0ms
[2020-09-08T09:53:47.875-0300][gc,phases      ] GC(285)   Post Evacuate Collection Set: 1.2ms
[2020-09-08T09:53:47.875-0300][gc,phases      ] GC(285)   Other: 1.2ms
[2020-09-08T09:53:47.875-0300][gc,heap        ] GC(285) Eden regions: 7->0(31)
[2020-09-08T09:53:47.875-0300][gc,heap        ] GC(285) Survivor regions: 1->1(4)
[2020-09-08T09:53:47.875-0300][gc,heap        ] GC(285) Old regions: 43->43
[2020-09-08T09:53:47.875-0300][gc,heap        ] GC(285) Humongous regions: 4->4
[2020-09-08T09:53:47.876-0300][gc,metaspace   ] GC(285) Metaspace: 40359K->40359K(1087488K)
[2020-09-08T09:53:47.876-0300][gc,heap        ] GC(285) Heap after GC invocations=286 (full 1): garbage-first heap   total 109568K, used 46303K [0x0000000083000000, 0x0000000100000000)
[2020-09-08T09:53:47.876-0300][gc,heap        ] GC(285)   region size 1024K, 1 young (1024K), 1 survivors (1024K)
[2020-09-08T09:53:47.876-0300][gc,heap        ] GC(285)  Metaspace       used 40359K, capacity 43550K, committed 43648K, reserved 1087488K
[2020-09-08T09:53:47.876-0300][gc,heap        ] GC(285)   class space    used 4463K, capacity 5706K, committed 5760K, reserved 1048576K
[2020-09-08T09:53:47.876-0300][gc             ] GC(285) Pause Young (Concurrent Start) (G1 Humongous Allocation) 51M->45M(107M) 10.117ms
[2020-09-08T09:53:47.876-0300][gc,cpu         ] GC(285) User=0.03s Sys=0.00s Real=0.01s
[2020-09-08T09:53:47.876-0300][gc             ] GC(286) Concurrent Cycle
[2020-09-08T09:53:47.876-0300][gc,marking     ] GC(286) Concurrent Clear Claimed Marks
[2020-09-08T09:53:47.877-0300][gc,marking     ] GC(286) Concurrent Clear Claimed Marks 1.097ms
[2020-09-08T09:53:47.878-0300][gc,marking     ] GC(286) Concurrent Scan Root Regions
[2020-09-08T09:53:47.881-0300][gc,marking     ] GC(286) Concurrent Scan Root Regions 3.369ms
[2020-09-08T09:53:47.881-0300][gc,marking     ] GC(286) Concurrent Mark (1085.355s)
[2020-09-08T09:53:47.881-0300][gc,marking     ] GC(286) Concurrent Mark From Roots
[2020-09-08T09:53:47.881-0300][gc,task        ] GC(286) Using 1 workers of 1 for marking
[2020-09-08T09:53:48.150-0300][gc,marking     ] GC(286) Concurrent Mark From Roots 269.370ms
[2020-09-08T09:53:48.151-0300][gc,marking     ] GC(286) Concurrent Preclean
[2020-09-08T09:53:48.151-0300][gc,marking     ] GC(286) Concurrent Preclean 0.520ms
[2020-09-08T09:53:48.151-0300][gc,marking     ] GC(286) Concurrent Mark (1085.355s, 1085.625s) 270.217ms
[2020-09-08T09:53:48.153-0300][gc,start       ] GC(286) Pause Remark
[2020-09-08T09:53:48.189-0300][gc,stringtable ] GC(286) Cleaned string and symbol table, strings: 23136 processed, 0 removed, symbols: 90746 processed, 0 removed
[2020-09-08T09:53:48.190-0300][gc             ] GC(286) Pause Remark 49M->49M(107M) 37.329ms
[2020-09-08T09:53:48.190-0300][gc,cpu         ] GC(286) User=0.13s Sys=0.00s Real=0.03s
[2020-09-08T09:53:48.191-0300][gc,marking     ] GC(286) Concurrent Rebuild Remembered Sets
[2020-09-08T09:53:48.347-0300][gc,marking     ] GC(286) Concurrent Rebuild Remembered Sets 156.928ms
[2020-09-08T09:53:48.349-0300][gc,start       ] GC(286) Pause Cleanup
[2020-09-08T09:53:48.349-0300][gc             ] GC(286) Pause Cleanup 49M->49M(107M) 0.543ms
[2020-09-08T09:53:48.349-0300][gc,cpu         ] GC(286) User=0.00s Sys=0.00s Real=0.00s
[2020-09-08T09:53:48.350-0300][gc,marking     ] GC(286) Concurrent Cleanup for Next Mark
[2020-09-08T09:53:48.351-0300][gc,marking     ] GC(286) Concurrent Cleanup for Next Mark 1.209ms
[2020-09-08T09:53:48.351-0300][gc             ] GC(286) Concurrent Cycle 475.056ms
[2020-09-08T09:53:57.928-0300][gc,heap        ] GC(287) Heap before GC invocations=287 (full 1): garbage-first heap   total 109568K, used 72927K [0x0000000083000000, 0x0000000100000000)
[2020-09-08T09:53:57.928-0300][gc,heap        ] GC(287)   region size 1024K, 26 young (26624K), 1 survivors (1024K)
[2020-09-08T09:53:57.928-0300][gc,heap        ] GC(287)  Metaspace       used 40363K, capacity 43550K, committed 43648K, reserved 1087488K
[2020-09-08T09:53:57.928-0300][gc,heap        ] GC(287)   class space    used 4463K, capacity 5706K, committed 5760K, reserved 1048576K
[2020-09-08T09:53:57.928-0300][gc,start       ] GC(287) Pause Young (Normal) (G1 Evacuation Pause)
[2020-09-08T09:53:57.928-0300][gc,task        ] GC(287) Using 4 workers of 4 for evacuation
[2020-09-08T09:53:57.940-0300][gc,phases      ] GC(287)   Pre Evacuate Collection Set: 0.0ms
[2020-09-08T09:53:57.940-0300][gc,phases      ] GC(287)   Evacuate Collection Set: 9.5ms
[2020-09-08T09:53:57.940-0300][gc,phases      ] GC(287)   Post Evacuate Collection Set: 1.9ms
[2020-09-08T09:53:57.941-0300][gc,phases      ] GC(287)   Other: 1.0ms
[2020-09-08T09:53:57.941-0300][gc,heap        ] GC(287) Eden regions: 25->0(32)
[2020-09-08T09:53:57.941-0300][gc,heap        ] GC(287) Survivor regions: 1->2(4)
[2020-09-08T09:53:57.941-0300][gc,heap        ] GC(287) Old regions: 43->43
[2020-09-08T09:53:57.941-0300][gc,heap        ] GC(287) Humongous regions: 6->4
[2020-09-08T09:53:57.941-0300][gc,metaspace   ] GC(287) Metaspace: 40363K->40363K(1087488K)
[2020-09-08T09:53:57.941-0300][gc,heap        ] GC(287) Heap after GC invocations=288 (full 1): garbage-first heap   total 109568K, used 47190K [0x0000000083000000, 0x0000000100000000)
[2020-09-08T09:53:57.941-0300][gc,heap        ] GC(287)   region size 1024K, 2 young (2048K), 2 survivors (2048K)
[2020-09-08T09:53:57.941-0300][gc,heap        ] GC(287)  Metaspace       used 40363K, capacity 43550K, committed 43648K, reserved 1087488K
[2020-09-08T09:53:57.941-0300][gc,heap        ] GC(287)   class space    used 4463K, capacity 5706K, committed 5760K, reserved 1048576K
[2020-09-08T09:53:57.941-0300][gc             ] GC(287) Pause Young (Normal) (G1 Evacuation Pause) 72M->46M(107M) 12.901ms
[2020-09-08T09:53:57.941-0300][gc,cpu         ] GC(287) User=0.04s Sys=0.01s Real=0.02s
[2020-09-08T09:53:57.945-0300][gc,heap        ] GC(288) Heap before GC invocations=288 (full 1): garbage-first heap   total 109568K, used 47190K [0x0000000083000000, 0x0000000100000000)
[2020-09-08T09:53:57.945-0300][gc,heap        ] GC(288)   region size 1024K, 3 young (3072K), 2 survivors (2048K)
[2020-09-08T09:53:57.945-0300][gc,heap        ] GC(288)  Metaspace       used 40363K, capacity 43550K, committed 43648K, reserved 1087488K
[2020-09-08T09:53:57.945-0300][gc,heap        ] GC(288)   class space    used 4463K, capacity 5706K, committed 5760K, reserved 1048576K
[2020-09-08T09:53:57.945-0300][gc,start       ] GC(288) Pause Young (Concurrent Start) (G1 Humongous Allocation)
[2020-09-08T09:53:57.945-0300][gc,task        ] GC(288) Using 4 workers of 4 for evacuation
[2020-09-08T09:53:57.963-0300][gc,phases      ] GC(288)   Pre Evacuate Collection Set: 0.3ms
[2020-09-08T09:53:57.963-0300][gc,phases      ] GC(288)   Evacuate Collection Set: 15.8ms
[2020-09-08T09:53:57.963-0300][gc,phases      ] GC(288)   Post Evacuate Collection Set: 1.1ms
[2020-09-08T09:53:57.964-0300][gc,phases      ] GC(288)   Other: 1.2ms
[2020-09-08T09:53:57.964-0300][gc,heap        ] GC(288) Eden regions: 1->0(26)
[2020-09-08T09:53:57.964-0300][gc,heap        ] GC(288) Survivor regions: 2->2(5)
[2020-09-08T09:53:57.964-0300][gc,heap        ] GC(288) Old regions: 43->43
[2020-09-08T09:53:57.964-0300][gc,heap        ] GC(288) Humongous regions: 4->4
[2020-09-08T09:53:57.964-0300][gc,metaspace   ] GC(288) Metaspace: 40363K->40363K(1087488K)
[2020-09-08T09:53:57.964-0300][gc,heap        ] GC(288) Heap after GC invocations=289 (full 1): garbage-first heap   total 109568K, used 47221K [0x0000000083000000, 0x0000000100000000)
[2020-09-08T09:53:57.964-0300][gc,heap        ] GC(288)   region size 1024K, 2 young (2048K), 2 survivors (2048K)
[2020-09-08T09:53:57.964-0300][gc,heap        ] GC(288)  Metaspace       used 40363K, capacity 43550K, committed 43648K, reserved 1087488K
[2020-09-08T09:53:57.964-0300][gc,heap        ] GC(288)   class space    used 4463K, capacity 5706K, committed 5760K, reserved 1048576K
[2020-09-08T09:53:57.964-0300][gc             ] GC(288) Pause Young (Concurrent Start) (G1 Humongous Allocation) 46M->46M(107M) 18.769ms
[2020-09-08T09:53:57.964-0300][gc,cpu         ] GC(288) User=0.05s Sys=0.01s Real=0.02s
[2020-09-08T09:53:57.964-0300][gc             ] GC(289) Concurrent Cycle
[2020-09-08T09:53:57.964-0300][gc,marking     ] GC(289) Concurrent Clear Claimed Marks
[2020-09-08T09:53:57.966-0300][gc,marking     ] GC(289) Concurrent Clear Claimed Marks 1.240ms
[2020-09-08T09:53:57.966-0300][gc,marking     ] GC(289) Concurrent Scan Root Regions
[2020-09-08T09:53:57.975-0300][gc,marking     ] GC(289) Concurrent Scan Root Regions 9.080ms
[2020-09-08T09:53:57.975-0300][gc,marking     ] GC(289) Concurrent Mark (1095.449s)
[2020-09-08T09:53:57.975-0300][gc,marking     ] GC(289) Concurrent Mark From Roots
[2020-09-08T09:53:57.975-0300][gc,task        ] GC(289) Using 1 workers of 1 for marking
[2020-09-08T09:53:58.248-0300][gc,marking     ] GC(289) Concurrent Mark From Roots 272.483ms
[2020-09-08T09:53:58.248-0300][gc,marking     ] GC(289) Concurrent Preclean
[2020-09-08T09:53:58.248-0300][gc,marking     ] GC(289) Concurrent Preclean 0.301ms
[2020-09-08T09:53:58.248-0300][gc,marking     ] GC(289) Concurrent Mark (1095.449s, 1095.722s) 273.077ms
[2020-09-08T09:53:58.249-0300][gc,start       ] GC(289) Pause Remark
[2020-09-08T09:53:58.282-0300][gc,stringtable ] GC(289) Cleaned string and symbol table, strings: 23137 processed, 0 removed, symbols: 90746 processed, 0 removed
[2020-09-08T09:53:58.283-0300][gc             ] GC(289) Pause Remark 51M->51M(107M) 33.203ms
[2020-09-08T09:53:58.283-0300][gc,cpu         ] GC(289) User=0.12s Sys=0.00s Real=0.04s
[2020-09-08T09:53:58.283-0300][gc,marking     ] GC(289) Concurrent Rebuild Remembered Sets
[2020-09-08T09:53:58.437-0300][gc,marking     ] GC(289) Concurrent Rebuild Remembered Sets 154.125ms
[2020-09-08T09:53:58.438-0300][gc,start       ] GC(289) Pause Cleanup
[2020-09-08T09:53:58.439-0300][gc             ] GC(289) Pause Cleanup 51M->51M(107M) 0.549ms
[2020-09-08T09:53:58.439-0300][gc,cpu         ] GC(289) User=0.00s Sys=0.00s Real=0.00s
[2020-09-08T09:53:58.439-0300][gc,marking     ] GC(289) Concurrent Cleanup for Next Mark
[2020-09-08T09:53:58.441-0300][gc,marking     ] GC(289) Concurrent Cleanup for Next Mark 1.224ms
[2020-09-08T09:53:58.441-0300][gc             ] GC(289) Concurrent Cycle 476.559ms
[2020-09-08T09:54:07.854-0300][gc,heap        ] GC(290) Heap before GC invocations=290 (full 1): garbage-first heap   total 109568K, used 73845K [0x0000000083000000, 0x0000000100000000)
[2020-09-08T09:54:07.854-0300][gc,heap        ] GC(290)   region size 1024K, 27 young (27648K), 2 survivors (2048K)
[2020-09-08T09:54:07.854-0300][gc,heap        ] GC(290)  Metaspace       used 40365K, capacity 43550K, committed 43648K, reserved 1087488K
[2020-09-08T09:54:07.854-0300][gc,heap        ] GC(290)   class space    used 4464K, capacity 5706K, committed 5760K, reserved 1048576K
[2020-09-08T09:54:07.854-0300][gc,start       ] GC(290) Pause Young (Normal) (G1 Evacuation Pause)
[2020-09-08T09:54:07.854-0300][gc,task        ] GC(290) Using 4 workers of 4 for evacuation
[2020-09-08T09:54:07.868-0300][gc,phases      ] GC(290)   Pre Evacuate Collection Set: 0.0ms
[2020-09-08T09:54:07.868-0300][gc,phases      ] GC(290)   Evacuate Collection Set: 10.4ms
[2020-09-08T09:54:07.868-0300][gc,phases      ] GC(290)   Post Evacuate Collection Set: 2.6ms
[2020-09-08T09:54:07.868-0300][gc,phases      ] GC(290)   Other: 1.2ms
[2020-09-08T09:54:07.868-0300][gc,heap        ] GC(290) Eden regions: 25->0(29)
[2020-09-08T09:54:07.868-0300][gc,heap        ] GC(290) Survivor regions: 2->2(4)
[2020-09-08T09:54:07.868-0300][gc,heap        ] GC(290) Old regions: 43->43
[2020-09-08T09:54:07.868-0300][gc,heap        ] GC(290) Humongous regions: 6->4
[2020-09-08T09:54:07.868-0300][gc,metaspace   ] GC(290) Metaspace: 40365K->40365K(1087488K)
[2020-09-08T09:54:07.868-0300][gc,heap        ] GC(290) Heap after GC invocations=291 (full 1): garbage-first heap   total 109568K, used 47259K [0x0000000083000000, 0x0000000100000000)
[2020-09-08T09:54:07.868-0300][gc,heap        ] GC(290)   region size 1024K, 2 young (2048K), 2 survivors (2048K)
[2020-09-08T09:54:07.868-0300][gc,heap        ] GC(290)  Metaspace       used 40365K, capacity 43550K, committed 43648K, reserved 1087488K
[2020-09-08T09:54:07.868-0300][gc,heap        ] GC(290)   class space    used 4464K, capacity 5706K, committed 5760K, reserved 1048576K
[2020-09-08T09:54:07.869-0300][gc             ] GC(290) Pause Young (Normal) (G1 Evacuation Pause) 73M->46M(107M) 14.480ms
[2020-09-08T09:54:07.869-0300][gc,cpu         ] GC(290) User=0.04s Sys=0.01s Real=0.01s
[2020-09-08T09:54:07.917-0300][gc,heap        ] GC(291) Heap before GC invocations=291 (full 1): garbage-first heap   total 109568K, used 54427K [0x0000000083000000, 0x0000000100000000)
[2020-09-08T09:54:07.917-0300][gc,heap        ] GC(291)   region size 1024K, 11 young (11264K), 2 survivors (2048K)
[2020-09-08T09:54:07.917-0300][gc,heap        ] GC(291)  Metaspace       used 40365K, capacity 43550K, committed 43648K, reserved 1087488K
[2020-09-08T09:54:07.917-0300][gc,heap        ] GC(291)   class space    used 4464K, capacity 5706K, committed 5760K, reserved 1048576K
[2020-09-08T09:54:07.917-0300][gc,start       ] GC(291) Pause Young (Concurrent Start) (G1 Humongous Allocation)
[2020-09-08T09:54:07.917-0300][gc,task        ] GC(291) Using 4 workers of 4 for evacuation
[2020-09-08T09:54:07.934-0300][gc,phases      ] GC(291)   Pre Evacuate Collection Set: 0.4ms
[2020-09-08T09:54:07.934-0300][gc,phases      ] GC(291)   Evacuate Collection Set: 14.4ms
[2020-09-08T09:54:07.934-0300][gc,phases      ] GC(291)   Post Evacuate Collection Set: 1.0ms
[2020-09-08T09:54:07.934-0300][gc,phases      ] GC(291)   Other: 1.3ms
[2020-09-08T09:54:07.934-0300][gc,heap        ] GC(291) Eden regions: 9->0(28)
[2020-09-08T09:54:07.934-0300][gc,heap        ] GC(291) Survivor regions: 2->3(4)
[2020-09-08T09:54:07.934-0300][gc,heap        ] GC(291) Old regions: 43->43
[2020-09-08T09:54:07.934-0300][gc,heap        ] GC(291) Humongous regions: 4->4
[2020-09-08T09:54:07.935-0300][gc,metaspace   ] GC(291) Metaspace: 40365K->40365K(1087488K)
[2020-09-08T09:54:07.935-0300][gc,heap        ] GC(291) Heap after GC invocations=292 (full 1): garbage-first heap   total 109568K, used 47860K [0x0000000083000000, 0x0000000100000000)
[2020-09-08T09:54:07.935-0300][gc,heap        ] GC(291)   region size 1024K, 3 young (3072K), 3 survivors (3072K)
[2020-09-08T09:54:07.935-0300][gc,heap        ] GC(291)  Metaspace       used 40365K, capacity 43550K, committed 43648K, reserved 1087488K
[2020-09-08T09:54:07.935-0300][gc,heap        ] GC(291)   class space    used 4464K, capacity 5706K, committed 5760K, reserved 1048576K
[2020-09-08T09:54:07.935-0300][gc             ] GC(291) Pause Young (Concurrent Start) (G1 Humongous Allocation) 54M->46M(107M) 17.586ms
[2020-09-08T09:54:07.935-0300][gc,cpu         ] GC(291) User=0.04s Sys=0.00s Real=0.02s
[2020-09-08T09:54:07.935-0300][gc             ] GC(292) Concurrent Cycle
[2020-09-08T09:54:07.935-0300][gc,marking     ] GC(292) Concurrent Clear Claimed Marks
[2020-09-08T09:54:07.936-0300][gc,marking     ] GC(292) Concurrent Clear Claimed Marks 0.813ms
[2020-09-08T09:54:07.936-0300][gc,marking     ] GC(292) Concurrent Scan Root Regions
[2020-09-08T09:54:07.947-0300][gc,marking     ] GC(292) Concurrent Scan Root Regions 10.988ms
[2020-09-08T09:54:07.947-0300][gc,marking     ] GC(292) Concurrent Mark (1105.421s)
[2020-09-08T09:54:07.947-0300][gc,marking     ] GC(292) Concurrent Mark From Roots
[2020-09-08T09:54:07.948-0300][gc,task        ] GC(292) Using 1 workers of 1 for marking
[2020-09-08T09:54:08.214-0300][gc,marking     ] GC(292) Concurrent Mark From Roots 266.777ms
[2020-09-08T09:54:08.214-0300][gc,marking     ] GC(292) Concurrent Preclean
[2020-09-08T09:54:08.215-0300][gc,marking     ] GC(292) Concurrent Preclean 0.545ms
[2020-09-08T09:54:08.215-0300][gc,marking     ] GC(292) Concurrent Mark (1105.421s, 1105.689s) 267.603ms
[2020-09-08T09:54:08.217-0300][gc,start       ] GC(292) Pause Remark
[2020-09-08T09:54:08.253-0300][gc,stringtable ] GC(292) Cleaned string and symbol table, strings: 23138 processed, 0 removed, symbols: 90749 processed, 0 removed
[2020-09-08T09:54:08.254-0300][gc             ] GC(292) Pause Remark 52M->52M(107M) 37.061ms
[2020-09-08T09:54:08.254-0300][gc,cpu         ] GC(292) User=0.13s Sys=0.00s Real=0.04s
[2020-09-08T09:54:08.255-0300][gc,marking     ] GC(292) Concurrent Rebuild Remembered Sets
[2020-09-08T09:54:08.416-0300][gc,marking     ] GC(292) Concurrent Rebuild Remembered Sets 161.898ms
[2020-09-08T09:54:08.418-0300][gc,start       ] GC(292) Pause Cleanup
[2020-09-08T09:54:08.418-0300][gc             ] GC(292) Pause Cleanup 52M->52M(107M) 0.581ms
[2020-09-08T09:54:08.418-0300][gc,cpu         ] GC(292) User=0.00s Sys=0.00s Real=0.00s
[2020-09-08T09:54:08.419-0300][gc,marking     ] GC(292) Concurrent Cleanup for Next Mark
[2020-09-08T09:54:08.420-0300][gc,marking     ] GC(292) Concurrent Cleanup for Next Mark 1.229ms
[2020-09-08T09:54:08.420-0300][gc             ] GC(292) Concurrent Cycle 484.985ms
[2020-09-08T09:54:17.859-0300][gc,heap        ] GC(293) Heap before GC invocations=293 (full 1): garbage-first heap   total 109568K, used 70388K [0x0000000083000000, 0x0000000100000000)
[2020-09-08T09:54:17.859-0300][gc,heap        ] GC(293)   region size 1024K, 25 young (25600K), 3 survivors (3072K)
[2020-09-08T09:54:17.859-0300][gc,heap        ] GC(293)  Metaspace       used 40366K, capacity 43550K, committed 43648K, reserved 1087488K
[2020-09-08T09:54:17.859-0300][gc,heap        ] GC(293)   class space    used 4464K, capacity 5706K, committed 5760K, reserved 1048576K
[2020-09-08T09:54:17.859-0300][gc,start       ] GC(293) Pause Young (Concurrent Start) (G1 Humongous Allocation)
[2020-09-08T09:54:17.859-0300][gc,task        ] GC(293) Using 4 workers of 4 for evacuation
[2020-09-08T09:54:17.876-0300][gc,phases      ] GC(293)   Pre Evacuate Collection Set: 0.3ms
[2020-09-08T09:54:17.876-0300][gc,phases      ] GC(293)   Evacuate Collection Set: 13.2ms
[2020-09-08T09:54:17.876-0300][gc,phases      ] GC(293)   Post Evacuate Collection Set: 2.2ms
[2020-09-08T09:54:17.876-0300][gc,phases      ] GC(293)   Other: 1.5ms
[2020-09-08T09:54:17.877-0300][gc,heap        ] GC(293) Eden regions: 22->0(31)
[2020-09-08T09:54:17.877-0300][gc,heap        ] GC(293) Survivor regions: 3->2(4)
[2020-09-08T09:54:17.877-0300][gc,heap        ] GC(293) Old regions: 43->43
[2020-09-08T09:54:17.877-0300][gc,heap        ] GC(293) Humongous regions: 6->4
[2020-09-08T09:54:17.877-0300][gc,metaspace   ] GC(293) Metaspace: 40366K->40366K(1087488K)
[2020-09-08T09:54:17.877-0300][gc,heap        ] GC(293) Heap after GC invocations=294 (full 1): garbage-first heap   total 109568K, used 47942K [0x0000000083000000, 0x0000000100000000)
[2020-09-08T09:54:17.877-0300][gc,heap        ] GC(293)   region size 1024K, 2 young (2048K), 2 survivors (2048K)
[2020-09-08T09:54:17.877-0300][gc,heap        ] GC(293)  Metaspace       used 40366K, capacity 43550K, committed 43648K, reserved 1087488K
[2020-09-08T09:54:17.877-0300][gc,heap        ] GC(293)   class space    used 4464K, capacity 5706K, committed 5760K, reserved 1048576K
[2020-09-08T09:54:17.877-0300][gc             ] GC(293) Pause Young (Concurrent Start) (G1 Humongous Allocation) 70M->46M(107M) 17.747ms
[2020-09-08T09:54:17.877-0300][gc,cpu         ] GC(293) User=0.06s Sys=0.00s Real=0.02s
[2020-09-08T09:54:17.877-0300][gc             ] GC(294) Concurrent Cycle
[2020-09-08T09:54:17.877-0300][gc,marking     ] GC(294) Concurrent Clear Claimed Marks
[2020-09-08T09:54:17.878-0300][gc,marking     ] GC(294) Concurrent Clear Claimed Marks 0.669ms
[2020-09-08T09:54:17.878-0300][gc,marking     ] GC(294) Concurrent Scan Root Regions
[2020-09-08T09:54:17.887-0300][gc,marking     ] GC(294) Concurrent Scan Root Regions 8.336ms
[2020-09-08T09:54:17.887-0300][gc,marking     ] GC(294) Concurrent Mark (1115.360s)
[2020-09-08T09:54:17.887-0300][gc,marking     ] GC(294) Concurrent Mark From Roots
[2020-09-08T09:54:17.887-0300][gc,task        ] GC(294) Using 1 workers of 1 for marking
[2020-09-08T09:54:18.166-0300][gc,marking     ] GC(294) Concurrent Mark From Roots 278.960ms
[2020-09-08T09:54:18.166-0300][gc,marking     ] GC(294) Concurrent Preclean
[2020-09-08T09:54:18.166-0300][gc,marking     ] GC(294) Concurrent Preclean 0.402ms
[2020-09-08T09:54:18.167-0300][gc,marking     ] GC(294) Concurrent Mark (1115.360s, 1115.640s) 279.657ms
[2020-09-08T09:54:18.169-0300][gc,start       ] GC(294) Pause Remark
[2020-09-08T09:54:18.218-0300][gc,stringtable ] GC(294) Cleaned string and symbol table, strings: 23151 processed, 0 removed, symbols: 90749 processed, 0 removed
[2020-09-08T09:54:18.219-0300][gc             ] GC(294) Pause Remark 52M->52M(107M) 49.818ms
[2020-09-08T09:54:18.219-0300][gc,cpu         ] GC(294) User=0.19s Sys=0.00s Real=0.05s
[2020-09-08T09:54:18.220-0300][gc,marking     ] GC(294) Concurrent Rebuild Remembered Sets
[2020-09-08T09:54:18.381-0300][gc,marking     ] GC(294) Concurrent Rebuild Remembered Sets 161.639ms
[2020-09-08T09:54:18.383-0300][gc,start       ] GC(294) Pause Cleanup
[2020-09-08T09:54:18.384-0300][gc             ] GC(294) Pause Cleanup 52M->52M(107M) 0.546ms
[2020-09-08T09:54:18.385-0300][gc,cpu         ] GC(294) User=0.00s Sys=0.00s Real=0.00s
[2020-09-08T09:54:18.385-0300][gc,marking     ] GC(294) Concurrent Cleanup for Next Mark
[2020-09-08T09:54:18.387-0300][gc,marking     ] GC(294) Concurrent Cleanup for Next Mark 1.949ms
[2020-09-08T09:54:18.387-0300][gc             ] GC(294) Concurrent Cycle 509.626ms
[2020-09-08T09:54:27.866-0300][gc,heap        ] GC(295) Heap before GC invocations=295 (full 1): garbage-first heap   total 109568K, used 74566K [0x0000000083000000, 0x0000000100000000)
[2020-09-08T09:54:27.866-0300][gc,heap        ] GC(295)   region size 1024K, 28 young (28672K), 2 survivors (2048K)
[2020-09-08T09:54:27.866-0300][gc,heap        ] GC(295)  Metaspace       used 41553K, capacity 44953K, committed 45184K, reserved 1089536K
[2020-09-08T09:54:27.866-0300][gc,heap        ] GC(295)   class space    used 4614K, capacity 5898K, committed 6016K, reserved 1048576K
[2020-09-08T09:54:27.867-0300][gc,start       ] GC(295) Pause Young (Concurrent Start) (G1 Humongous Allocation)
[2020-09-08T09:54:27.867-0300][gc,task        ] GC(295) Using 4 workers of 4 for evacuation
[2020-09-08T09:54:27.884-0300][gc,phases      ] GC(295)   Pre Evacuate Collection Set: 0.3ms
[2020-09-08T09:54:27.884-0300][gc,phases      ] GC(295)   Evacuate Collection Set: 14.1ms
[2020-09-08T09:54:27.884-0300][gc,phases      ] GC(295)   Post Evacuate Collection Set: 1.8ms
[2020-09-08T09:54:27.884-0300][gc,phases      ] GC(295)   Other: 1.3ms
[2020-09-08T09:54:27.884-0300][gc,heap        ] GC(295) Eden regions: 26->0(32)
[2020-09-08T09:54:27.884-0300][gc,heap        ] GC(295) Survivor regions: 2->3(5)
[2020-09-08T09:54:27.884-0300][gc,heap        ] GC(295) Old regions: 43->43
[2020-09-08T09:54:27.884-0300][gc,heap        ] GC(295) Humongous regions: 6->4
[2020-09-08T09:54:27.884-0300][gc,metaspace   ] GC(295) Metaspace: 41553K->41553K(1089536K)
[2020-09-08T09:54:27.884-0300][gc,heap        ] GC(295) Heap after GC invocations=296 (full 1): garbage-first heap   total 109568K, used 48506K [0x0000000083000000, 0x0000000100000000)
[2020-09-08T09:54:27.884-0300][gc,heap        ] GC(295)   region size 1024K, 3 young (3072K), 3 survivors (3072K)
[2020-09-08T09:54:27.885-0300][gc,heap        ] GC(295)  Metaspace       used 41553K, capacity 44953K, committed 45184K, reserved 1089536K
[2020-09-08T09:54:27.885-0300][gc,heap        ] GC(295)   class space    used 4614K, capacity 5898K, committed 6016K, reserved 1048576K
[2020-09-08T09:54:27.885-0300][gc             ] GC(295) Pause Young (Concurrent Start) (G1 Humongous Allocation) 73M->47M(107M) 18.020ms
[2020-09-08T09:54:27.885-0300][gc,cpu         ] GC(295) User=0.06s Sys=0.00s Real=0.02s
[2020-09-08T09:54:27.885-0300][gc             ] GC(296) Concurrent Cycle
[2020-09-08T09:54:27.885-0300][gc,marking     ] GC(296) Concurrent Clear Claimed Marks
[2020-09-08T09:54:27.886-0300][gc,marking     ] GC(296) Concurrent Clear Claimed Marks 1.133ms
[2020-09-08T09:54:27.886-0300][gc,marking     ] GC(296) Concurrent Scan Root Regions
[2020-09-08T09:54:27.898-0300][gc,marking     ] GC(296) Concurrent Scan Root Regions 12.059ms
[2020-09-08T09:54:27.899-0300][gc,marking     ] GC(296) Concurrent Mark (1125.372s)
[2020-09-08T09:54:27.899-0300][gc,marking     ] GC(296) Concurrent Mark From Roots
[2020-09-08T09:54:27.899-0300][gc,task        ] GC(296) Using 1 workers of 1 for marking
[2020-09-08T09:54:28.178-0300][gc,marking     ] GC(296) Concurrent Mark From Roots 279.622ms
[2020-09-08T09:54:28.178-0300][gc,marking     ] GC(296) Concurrent Preclean
[2020-09-08T09:54:28.179-0300][gc,marking     ] GC(296) Concurrent Preclean 0.289ms
[2020-09-08T09:54:28.179-0300][gc,marking     ] GC(296) Concurrent Mark (1125.372s, 1125.652s) 280.229ms
[2020-09-08T09:54:28.180-0300][gc,start       ] GC(296) Pause Remark
[2020-09-08T09:54:28.226-0300][gc,stringtable ] GC(296) Cleaned string and symbol table, strings: 23383 processed, 0 removed, symbols: 93211 processed, 0 removed
[2020-09-08T09:54:28.227-0300][gc             ] GC(296) Pause Remark 52M->52M(107M) 46.442ms
[2020-09-08T09:54:28.227-0300][gc,cpu         ] GC(296) User=0.18s Sys=0.00s Real=0.05s
[2020-09-08T09:54:28.228-0300][gc,marking     ] GC(296) Concurrent Rebuild Remembered Sets
[2020-09-08T09:54:28.386-0300][gc,marking     ] GC(296) Concurrent Rebuild Remembered Sets 158.803ms
[2020-09-08T09:54:28.388-0300][gc,start       ] GC(296) Pause Cleanup
[2020-09-08T09:54:28.388-0300][gc             ] GC(296) Pause Cleanup 52M->52M(107M) 0.537ms
[2020-09-08T09:54:28.388-0300][gc,cpu         ] GC(296) User=0.00s Sys=0.00s Real=0.00s
[2020-09-08T09:54:28.389-0300][gc,marking     ] GC(296) Concurrent Cleanup for Next Mark
[2020-09-08T09:54:28.390-0300][gc,marking     ] GC(296) Concurrent Cleanup for Next Mark 1.220ms
[2020-09-08T09:54:28.390-0300][gc             ] GC(296) Concurrent Cycle 505.132ms
[2020-09-08T09:54:43.261-0300][gc,heap        ] GC(297) Heap before GC invocations=297 (full 1): garbage-first heap   total 109568K, used 84346K [0x0000000083000000, 0x0000000100000000)
[2020-09-08T09:54:43.261-0300][gc,heap        ] GC(297)   region size 1024K, 35 young (35840K), 3 survivors (3072K)
[2020-09-08T09:54:43.261-0300][gc,heap        ] GC(297)  Metaspace       used 41598K, capacity 44953K, committed 45184K, reserved 1089536K
[2020-09-08T09:54:43.261-0300][gc,heap        ] GC(297)   class space    used 4614K, capacity 5898K, committed 6016K, reserved 1048576K
[2020-09-08T09:54:43.261-0300][gc,start       ] GC(297) Pause Young (Prepare Mixed) (G1 Evacuation Pause)
[2020-09-08T09:54:43.261-0300][gc,task        ] GC(297) Using 4 workers of 4 for evacuation
[2020-09-08T09:54:43.276-0300][gc,phases      ] GC(297)   Pre Evacuate Collection Set: 0.1ms
[2020-09-08T09:54:43.276-0300][gc,phases      ] GC(297)   Evacuate Collection Set: 11.4ms
[2020-09-08T09:54:43.276-0300][gc,phases      ] GC(297)   Post Evacuate Collection Set: 1.9ms
[2020-09-08T09:54:43.276-0300][gc,phases      ] GC(297)   Other: 1.2ms
[2020-09-08T09:54:43.276-0300][gc,heap        ] GC(297) Eden regions: 32->0(3)
[2020-09-08T09:54:43.276-0300][gc,heap        ] GC(297) Survivor regions: 3->2(5)
[2020-09-08T09:54:43.276-0300][gc,heap        ] GC(297) Old regions: 43->43
[2020-09-08T09:54:43.276-0300][gc,heap        ] GC(297) Humongous regions: 8->4
[2020-09-08T09:54:43.276-0300][gc,metaspace   ] GC(297) Metaspace: 41598K->41598K(1089536K)
[2020-09-08T09:54:43.276-0300][gc,heap        ] GC(297) Heap after GC invocations=298 (full 1): garbage-first heap   total 109568K, used 47576K [0x0000000083000000, 0x0000000100000000)
[2020-09-08T09:54:43.276-0300][gc,heap        ] GC(297)   region size 1024K, 2 young (2048K), 2 survivors (2048K)
[2020-09-08T09:54:43.276-0300][gc,heap        ] GC(297)  Metaspace       used 41598K, capacity 44953K, committed 45184K, reserved 1089536K
[2020-09-08T09:54:43.276-0300][gc,heap        ] GC(297)   class space    used 4614K, capacity 5898K, committed 6016K, reserved 1048576K
[2020-09-08T09:54:43.276-0300][gc             ] GC(297) Pause Young (Prepare Mixed) (G1 Evacuation Pause) 83M->46M(107M) 15.034ms
[2020-09-08T09:54:43.277-0300][gc,cpu         ] GC(297) User=0.04s Sys=0.00s Real=0.01s
[2020-09-08T09:54:44.515-0300][gc,heap        ] GC(298) Heap before GC invocations=298 (full 1): garbage-first heap   total 109568K, used 49624K [0x0000000083000000, 0x0000000100000000)
[2020-09-08T09:54:44.516-0300][gc,heap        ] GC(298)   region size 1024K, 5 young (5120K), 2 survivors (2048K)
[2020-09-08T09:54:44.516-0300][gc,heap        ] GC(298)  Metaspace       used 41626K, capacity 44995K, committed 45184K, reserved 1089536K
[2020-09-08T09:54:44.516-0300][gc,heap        ] GC(298)   class space    used 4618K, capacity 5905K, committed 6016K, reserved 1048576K
[2020-09-08T09:54:44.516-0300][gc,start       ] GC(298) Pause Young (Mixed) (G1 Evacuation Pause)
[2020-09-08T09:54:44.516-0300][gc,task        ] GC(298) Using 4 workers of 4 for evacuation
[2020-09-08T09:54:44.530-0300][gc,phases      ] GC(298)   Pre Evacuate Collection Set: 0.1ms
[2020-09-08T09:54:44.530-0300][gc,phases      ] GC(298)   Evacuate Collection Set: 11.9ms
[2020-09-08T09:54:44.530-0300][gc,phases      ] GC(298)   Post Evacuate Collection Set: 1.7ms
[2020-09-08T09:54:44.530-0300][gc,phases      ] GC(298)   Other: 1.2ms
[2020-09-08T09:54:44.530-0300][gc,heap        ] GC(298) Eden regions: 3->0(35)
[2020-09-08T09:54:44.531-0300][gc,heap        ] GC(298) Survivor regions: 2->1(1)
[2020-09-08T09:54:44.531-0300][gc,heap        ] GC(298) Old regions: 43->44
[2020-09-08T09:54:44.531-0300][gc,heap        ] GC(298) Humongous regions: 4->4
[2020-09-08T09:54:44.531-0300][gc,metaspace   ] GC(298) Metaspace: 41626K->41626K(1089536K)
[2020-09-08T09:54:44.531-0300][gc,heap        ] GC(298) Heap after GC invocations=299 (full 1): garbage-first heap   total 109568K, used 47143K [0x0000000083000000, 0x0000000100000000)
[2020-09-08T09:54:44.531-0300][gc,heap        ] GC(298)   region size 1024K, 1 young (1024K), 1 survivors (1024K)
[2020-09-08T09:54:44.531-0300][gc,heap        ] GC(298)  Metaspace       used 41626K, capacity 44995K, committed 45184K, reserved 1089536K
[2020-09-08T09:54:44.531-0300][gc,heap        ] GC(298)   class space    used 4618K, capacity 5905K, committed 6016K, reserved 1048576K
[2020-09-08T09:54:44.531-0300][gc             ] GC(298) Pause Young (Mixed) (G1 Evacuation Pause) 49M->46M(107M) 15.163ms
[2020-09-08T09:54:44.531-0300][gc,cpu         ] GC(298) User=0.05s Sys=0.00s Real=0.02s
[2020-09-08T09:54:57.980-0300][gc,heap        ] GC(299) Heap before GC invocations=299 (full 1): garbage-first heap   total 109568K, used 84007K [0x0000000083000000, 0x0000000100000000)
[2020-09-08T09:54:57.980-0300][gc,heap        ] GC(299)   region size 1024K, 36 young (36864K), 1 survivors (1024K)
[2020-09-08T09:54:57.980-0300][gc,heap        ] GC(299)  Metaspace       used 41678K, capacity 45071K, committed 45440K, reserved 1089536K
[2020-09-08T09:54:57.980-0300][gc,heap        ] GC(299)   class space    used 4619K, capacity 5907K, committed 6016K, reserved 1048576K
[2020-09-08T09:54:57.981-0300][gc,start       ] GC(299) Pause Young (Normal) (G1 Evacuation Pause)
[2020-09-08T09:54:57.981-0300][gc,task        ] GC(299) Using 4 workers of 4 for evacuation
[2020-09-08T09:54:57.997-0300][gc,phases      ] GC(299)   Pre Evacuate Collection Set: 0.1ms
[2020-09-08T09:54:57.997-0300][gc,phases      ] GC(299)   Evacuate Collection Set: 13.5ms
[2020-09-08T09:54:57.997-0300][gc,phases      ] GC(299)   Post Evacuate Collection Set: 1.8ms
[2020-09-08T09:54:57.997-0300][gc,phases      ] GC(299)   Other: 1.3ms
[2020-09-08T09:54:57.997-0300][gc,heap        ] GC(299) Eden regions: 35->0(36)
[2020-09-08T09:54:57.997-0300][gc,heap        ] GC(299) Survivor regions: 1->2(5)
[2020-09-08T09:54:57.997-0300][gc,heap        ] GC(299) Old regions: 44->44
[2020-09-08T09:54:57.997-0300][gc,heap        ] GC(299) Humongous regions: 6->4
[2020-09-08T09:54:57.997-0300][gc,metaspace   ] GC(299) Metaspace: 41678K->41678K(1089536K)
[2020-09-08T09:54:57.997-0300][gc,heap        ] GC(299) Heap after GC invocations=300 (full 1): garbage-first heap   total 109568K, used 47953K [0x0000000083000000, 0x0000000100000000)
[2020-09-08T09:54:57.997-0300][gc,heap        ] GC(299)   region size 1024K, 2 young (2048K), 2 survivors (2048K)
[2020-09-08T09:54:57.997-0300][gc,heap        ] GC(299)  Metaspace       used 41678K, capacity 45071K, committed 45440K, reserved 1089536K
[2020-09-08T09:54:57.997-0300][gc,heap        ] GC(299)   class space    used 4619K, capacity 5907K, committed 6016K, reserved 1048576K
[2020-09-08T09:54:57.998-0300][gc             ] GC(299) Pause Young (Normal) (G1 Evacuation Pause) 83M->46M(107M) 16.940ms
[2020-09-08T09:54:57.998-0300][gc,cpu         ] GC(299) User=0.04s Sys=0.01s Real=0.02s
[2020-09-08T09:54:58.019-0300][gc,heap        ] GC(300) Heap before GC invocations=300 (full 1): garbage-first heap   total 109568K, used 51025K [0x0000000083000000, 0x0000000100000000)
[2020-09-08T09:54:58.019-0300][gc,heap        ] GC(300)   region size 1024K, 7 young (7168K), 2 survivors (2048K)
[2020-09-08T09:54:58.019-0300][gc,heap        ] GC(300)  Metaspace       used 41678K, capacity 45071K, committed 45440K, reserved 1089536K
[2020-09-08T09:54:58.019-0300][gc,heap        ] GC(300)   class space    used 4619K, capacity 5907K, committed 6016K, reserved 1048576K
[2020-09-08T09:54:58.019-0300][gc,start       ] GC(300) Pause Young (Concurrent Start) (G1 Humongous Allocation)
[2020-09-08T09:54:58.019-0300][gc,task        ] GC(300) Using 4 workers of 4 for evacuation
[2020-09-08T09:54:58.031-0300][gc,phases      ] GC(300)   Pre Evacuate Collection Set: 0.4ms
[2020-09-08T09:54:58.031-0300][gc,phases      ] GC(300)   Evacuate Collection Set: 8.8ms
[2020-09-08T09:54:58.031-0300][gc,phases      ] GC(300)   Post Evacuate Collection Set: 1.5ms
[2020-09-08T09:54:58.031-0300][gc,phases      ] GC(300)   Other: 1.1ms
[2020-09-08T09:54:58.031-0300][gc,heap        ] GC(300) Eden regions: 5->0(34)
[2020-09-08T09:54:58.031-0300][gc,heap        ] GC(300) Survivor regions: 2->2(5)
[2020-09-08T09:54:58.031-0300][gc,heap        ] GC(300) Old regions: 44->44
[2020-09-08T09:54:58.031-0300][gc,heap        ] GC(300) Humongous regions: 4->4
[2020-09-08T09:54:58.031-0300][gc,metaspace   ] GC(300) Metaspace: 41678K->41678K(1089536K)
[2020-09-08T09:54:58.031-0300][gc,heap        ] GC(300) Heap after GC invocations=301 (full 1): garbage-first heap   total 109568K, used 48127K [0x0000000083000000, 0x0000000100000000)
[2020-09-08T09:54:58.031-0300][gc,heap        ] GC(300)   region size 1024K, 2 young (2048K), 2 survivors (2048K)
[2020-09-08T09:54:58.031-0300][gc,heap        ] GC(300)  Metaspace       used 41678K, capacity 45071K, committed 45440K, reserved 1089536K
[2020-09-08T09:54:58.031-0300][gc,heap        ] GC(300)   class space    used 4619K, capacity 5907K, committed 6016K, reserved 1048576K
[2020-09-08T09:54:58.032-0300][gc             ] GC(300) Pause Young (Concurrent Start) (G1 Humongous Allocation) 51M->46M(107M) 12.395ms
[2020-09-08T09:54:58.032-0300][gc,cpu         ] GC(300) User=0.03s Sys=0.00s Real=0.02s
[2020-09-08T09:54:58.032-0300][gc             ] GC(301) Concurrent Cycle
[2020-09-08T09:54:58.032-0300][gc,marking     ] GC(301) Concurrent Clear Claimed Marks
[2020-09-08T09:54:58.033-0300][gc,marking     ] GC(301) Concurrent Clear Claimed Marks 0.666ms
[2020-09-08T09:54:58.033-0300][gc,marking     ] GC(301) Concurrent Scan Root Regions
[2020-09-08T09:54:58.041-0300][gc,marking     ] GC(301) Concurrent Scan Root Regions 8.604ms
[2020-09-08T09:54:58.042-0300][gc,marking     ] GC(301) Concurrent Mark (1155.515s)
[2020-09-08T09:54:58.042-0300][gc,marking     ] GC(301) Concurrent Mark From Roots
[2020-09-08T09:54:58.042-0300][gc,task        ] GC(301) Using 1 workers of 1 for marking
[2020-09-08T09:54:58.316-0300][gc,marking     ] GC(301) Concurrent Mark From Roots 273.897ms
[2020-09-08T09:54:58.316-0300][gc,marking     ] GC(301) Concurrent Preclean
[2020-09-08T09:54:58.316-0300][gc,marking     ] GC(301) Concurrent Preclean 0.366ms
[2020-09-08T09:54:58.316-0300][gc,marking     ] GC(301) Concurrent Mark (1155.515s, 1155.790s) 274.506ms
[2020-09-08T09:54:58.317-0300][gc,start       ] GC(301) Pause Remark
[2020-09-08T09:54:58.364-0300][gc,stringtable ] GC(301) Cleaned string and symbol table, strings: 23426 processed, 6 removed, symbols: 93229 processed, 0 removed
[2020-09-08T09:54:58.365-0300][gc             ] GC(301) Pause Remark 52M->52M(107M) 48.112ms
[2020-09-08T09:54:58.366-0300][gc,cpu         ] GC(301) User=0.17s Sys=0.00s Real=0.05s
[2020-09-08T09:54:58.367-0300][gc,marking     ] GC(301) Concurrent Rebuild Remembered Sets
[2020-09-08T09:54:58.528-0300][gc,marking     ] GC(301) Concurrent Rebuild Remembered Sets 161.269ms
[2020-09-08T09:54:58.529-0300][gc,start       ] GC(301) Pause Cleanup
[2020-09-08T09:54:58.530-0300][gc             ] GC(301) Pause Cleanup 52M->52M(107M) 0.547ms
[2020-09-08T09:54:58.530-0300][gc,cpu         ] GC(301) User=0.00s Sys=0.00s Real=0.00s
[2020-09-08T09:54:58.531-0300][gc,marking     ] GC(301) Concurrent Cleanup for Next Mark
[2020-09-08T09:54:58.532-0300][gc,marking     ] GC(301) Concurrent Cleanup for Next Mark 1.302ms
[2020-09-08T09:54:58.532-0300][gc             ] GC(301) Concurrent Cycle 500.298ms
[2020-09-08T09:55:09.006-0300][gc,heap        ] GC(302) Heap before GC invocations=302 (full 1): garbage-first heap   total 109568K, used 86015K [0x0000000083000000, 0x0000000100000000)
[2020-09-08T09:55:09.006-0300][gc,heap        ] GC(302)   region size 1024K, 36 young (36864K), 2 survivors (2048K)
[2020-09-08T09:55:09.006-0300][gc,heap        ] GC(302)  Metaspace       used 41659K, capacity 45040K, committed 45440K, reserved 1089536K
[2020-09-08T09:55:09.006-0300][gc,heap        ] GC(302)   class space    used 4613K, capacity 5896K, committed 6016K, reserved 1048576K
[2020-09-08T09:55:09.006-0300][gc,start       ] GC(302) Pause Young (Prepare Mixed) (G1 Evacuation Pause)
[2020-09-08T09:55:09.006-0300][gc,task        ] GC(302) Using 4 workers of 4 for evacuation
[2020-09-08T09:55:09.017-0300][gc,phases      ] GC(302)   Pre Evacuate Collection Set: 0.1ms
[2020-09-08T09:55:09.017-0300][gc,phases      ] GC(302)   Evacuate Collection Set: 7.1ms
[2020-09-08T09:55:09.017-0300][gc,phases      ] GC(302)   Post Evacuate Collection Set: 3.0ms
[2020-09-08T09:55:09.017-0300][gc,phases      ] GC(302)   Other: 1.1ms
[2020-09-08T09:55:09.017-0300][gc,heap        ] GC(302) Eden regions: 34->0(4)
[2020-09-08T09:55:09.017-0300][gc,heap        ] GC(302) Survivor regions: 2->1(5)
[2020-09-08T09:55:09.017-0300][gc,heap        ] GC(302) Old regions: 44->44
[2020-09-08T09:55:09.017-0300][gc,heap        ] GC(302) Humongous regions: 8->4
[2020-09-08T09:55:09.018-0300][gc,metaspace   ] GC(302) Metaspace: 41659K->41659K(1089536K)
[2020-09-08T09:55:09.018-0300][gc,heap        ] GC(302) Heap after GC invocations=303 (full 1): garbage-first heap   total 109568K, used 47575K [0x0000000083000000, 0x0000000100000000)
[2020-09-08T09:55:09.018-0300][gc,heap        ] GC(302)   region size 1024K, 1 young (1024K), 1 survivors (1024K)
[2020-09-08T09:55:09.018-0300][gc,heap        ] GC(302)  Metaspace       used 41659K, capacity 45040K, committed 45440K, reserved 1089536K
[2020-09-08T09:55:09.018-0300][gc,heap        ] GC(302)   class space    used 4613K, capacity 5896K, committed 6016K, reserved 1048576K
[2020-09-08T09:55:09.018-0300][gc             ] GC(302) Pause Young (Prepare Mixed) (G1 Evacuation Pause) 84M->46M(107M) 11.701ms
[2020-09-08T09:55:09.018-0300][gc,cpu         ] GC(302) User=0.02s Sys=0.01s Real=0.01s
[2020-09-08T09:55:12.911-0300][gc,heap        ] GC(303) Heap before GC invocations=303 (full 1): garbage-first heap   total 109568K, used 51671K [0x0000000083000000, 0x0000000100000000)
[2020-09-08T09:55:12.911-0300][gc,heap        ] GC(303)   region size 1024K, 5 young (5120K), 1 survivors (1024K)
[2020-09-08T09:55:12.911-0300][gc,heap        ] GC(303)  Metaspace       used 41659K, capacity 45040K, committed 45440K, reserved 1089536K
[2020-09-08T09:55:12.911-0300][gc,heap        ] GC(303)   class space    used 4613K, capacity 5896K, committed 6016K, reserved 1048576K
[2020-09-08T09:55:12.912-0300][gc,start       ] GC(303) Pause Young (Mixed) (G1 Evacuation Pause)
[2020-09-08T09:55:12.912-0300][gc,task        ] GC(303) Using 4 workers of 4 for evacuation
[2020-09-08T09:55:12.925-0300][gc,phases      ] GC(303)   Pre Evacuate Collection Set: 0.1ms
[2020-09-08T09:55:12.925-0300][gc,phases      ] GC(303)   Evacuate Collection Set: 10.9ms
[2020-09-08T09:55:12.925-0300][gc,phases      ] GC(303)   Post Evacuate Collection Set: 1.8ms
[2020-09-08T09:55:12.925-0300][gc,phases      ] GC(303)   Other: 1.1ms
[2020-09-08T09:55:12.925-0300][gc,heap        ] GC(303) Eden regions: 4->0(37)
[2020-09-08T09:55:12.925-0300][gc,heap        ] GC(303) Survivor regions: 1->1(1)
[2020-09-08T09:55:12.926-0300][gc,heap        ] GC(303) Old regions: 44->43
[2020-09-08T09:55:12.926-0300][gc,heap        ] GC(303) Humongous regions: 4->4
[2020-09-08T09:55:12.926-0300][gc,metaspace   ] GC(303) Metaspace: 41659K->41659K(1089536K)
[2020-09-08T09:55:12.926-0300][gc,heap        ] GC(303) Heap after GC invocations=304 (full 1): garbage-first heap   total 109568K, used 46103K [0x0000000083000000, 0x0000000100000000)
[2020-09-08T09:55:12.926-0300][gc,heap        ] GC(303)   region size 1024K, 1 young (1024K), 1 survivors (1024K)
[2020-09-08T09:55:12.926-0300][gc,heap        ] GC(303)  Metaspace       used 41659K, capacity 45040K, committed 45440K, reserved 1089536K
[2020-09-08T09:55:12.926-0300][gc,heap        ] GC(303)   class space    used 4613K, capacity 5896K, committed 6016K, reserved 1048576K
[2020-09-08T09:55:12.926-0300][gc             ] GC(303) Pause Young (Mixed) (G1 Evacuation Pause) 50M->45M(107M) 14.542ms
[2020-09-08T09:55:12.926-0300][gc,cpu         ] GC(303) User=0.05s Sys=0.00s Real=0.01s
[2020-09-08T09:55:27.909-0300][gc,heap        ] GC(304) Heap before GC invocations=304 (full 1): garbage-first heap   total 109568K, used 87063K [0x0000000083000000, 0x0000000100000000)
[2020-09-08T09:55:27.909-0300][gc,heap        ] GC(304)   region size 1024K, 38 young (38912K), 1 survivors (1024K)
[2020-09-08T09:55:27.909-0300][gc,heap        ] GC(304)  Metaspace       used 41660K, capacity 45040K, committed 45440K, reserved 1089536K
[2020-09-08T09:55:27.909-0300][gc,heap        ] GC(304)   class space    used 4613K, capacity 5896K, committed 6016K, reserved 1048576K
[2020-09-08T09:55:27.909-0300][gc,start       ] GC(304) Pause Young (Normal) (G1 Evacuation Pause)
[2020-09-08T09:55:27.909-0300][gc,task        ] GC(304) Using 4 workers of 4 for evacuation
[2020-09-08T09:55:27.918-0300][gc,phases      ] GC(304)   Pre Evacuate Collection Set: 0.1ms
[2020-09-08T09:55:27.918-0300][gc,phases      ] GC(304)   Evacuate Collection Set: 5.5ms
[2020-09-08T09:55:27.918-0300][gc,phases      ] GC(304)   Post Evacuate Collection Set: 1.9ms
[2020-09-08T09:55:27.918-0300][gc,phases      ] GC(304)   Other: 1.1ms
[2020-09-08T09:55:27.918-0300][gc,heap        ] GC(304) Eden regions: 37->0(39)
[2020-09-08T09:55:27.918-0300][gc,heap        ] GC(304) Survivor regions: 1->1(5)
[2020-09-08T09:55:27.918-0300][gc,heap        ] GC(304) Old regions: 43->43
[2020-09-08T09:55:27.918-0300][gc,heap        ] GC(304) Humongous regions: 8->4
[2020-09-08T09:55:27.918-0300][gc,metaspace   ] GC(304) Metaspace: 41660K->41660K(1089536K)
[2020-09-08T09:55:27.918-0300][gc,heap        ] GC(304) Heap after GC invocations=305 (full 1): garbage-first heap   total 109568K, used 46342K [0x0000000083000000, 0x0000000100000000)
[2020-09-08T09:55:27.918-0300][gc,heap        ] GC(304)   region size 1024K, 1 young (1024K), 1 survivors (1024K)
[2020-09-08T09:55:27.918-0300][gc,heap        ] GC(304)  Metaspace       used 41660K, capacity 45040K, committed 45440K, reserved 1089536K
[2020-09-08T09:55:27.918-0300][gc,heap        ] GC(304)   class space    used 4613K, capacity 5896K, committed 6016K, reserved 1048576K
[2020-09-08T09:55:27.918-0300][gc             ] GC(304) Pause Young (Normal) (G1 Evacuation Pause) 86M->45M(107M) 9.013ms
[2020-09-08T09:55:27.919-0300][gc,cpu         ] GC(304) User=0.02s Sys=0.00s Real=0.01s
[2020-09-08T09:55:37.878-0300][gc,heap        ] GC(305) Heap before GC invocations=305 (full 1): garbage-first heap   total 109568K, used 65798K [0x0000000083000000, 0x0000000100000000)
[2020-09-08T09:55:37.878-0300][gc,heap        ] GC(305)   region size 1024K, 22 young (22528K), 1 survivors (1024K)
[2020-09-08T09:55:37.878-0300][gc,heap        ] GC(305)  Metaspace       used 41662K, capacity 45040K, committed 45440K, reserved 1089536K
[2020-09-08T09:55:37.878-0300][gc,heap        ] GC(305)   class space    used 4613K, capacity 5896K, committed 6016K, reserved 1048576K
[2020-09-08T09:55:37.878-0300][gc,start       ] GC(305) Pause Young (Concurrent Start) (G1 Humongous Allocation)
[2020-09-08T09:55:37.879-0300][gc,task        ] GC(305) Using 4 workers of 4 for evacuation
[2020-09-08T09:55:37.890-0300][gc,phases      ] GC(305)   Pre Evacuate Collection Set: 0.3ms
[2020-09-08T09:55:37.891-0300][gc,phases      ] GC(305)   Evacuate Collection Set: 9.0ms
[2020-09-08T09:55:37.891-0300][gc,phases      ] GC(305)   Post Evacuate Collection Set: 1.8ms
[2020-09-08T09:55:37.891-0300][gc,phases      ] GC(305)   Other: 1.3ms
[2020-09-08T09:55:37.891-0300][gc,heap        ] GC(305) Eden regions: 21->0(37)
[2020-09-08T09:55:37.891-0300][gc,heap        ] GC(305) Survivor regions: 1->2(5)
[2020-09-08T09:55:37.891-0300][gc,heap        ] GC(305) Old regions: 43->43
[2020-09-08T09:55:37.891-0300][gc,heap        ] GC(305) Humongous regions: 4->4
[2020-09-08T09:55:37.891-0300][gc,metaspace   ] GC(305) Metaspace: 41662K->41662K(1089536K)
[2020-09-08T09:55:37.891-0300][gc,heap        ] GC(305) Heap after GC invocations=306 (full 1): garbage-first heap   total 109568K, used 47371K [0x0000000083000000, 0x0000000100000000)
[2020-09-08T09:55:37.891-0300][gc,heap        ] GC(305)   region size 1024K, 2 young (2048K), 2 survivors (2048K)
[2020-09-08T09:55:37.891-0300][gc,heap        ] GC(305)  Metaspace       used 41662K, capacity 45040K, committed 45440K, reserved 1089536K
[2020-09-08T09:55:37.891-0300][gc,heap        ] GC(305)   class space    used 4613K, capacity 5896K, committed 6016K, reserved 1048576K
[2020-09-08T09:55:37.891-0300][gc             ] GC(305) Pause Young (Concurrent Start) (G1 Humongous Allocation) 65M->46M(107M) 12.788ms
[2020-09-08T09:55:37.891-0300][gc,cpu         ] GC(305) User=0.04s Sys=0.01s Real=0.02s
[2020-09-08T09:55:37.892-0300][gc             ] GC(306) Concurrent Cycle
[2020-09-08T09:55:37.892-0300][gc,marking     ] GC(306) Concurrent Clear Claimed Marks
[2020-09-08T09:55:37.892-0300][gc,marking     ] GC(306) Concurrent Clear Claimed Marks 0.505ms
[2020-09-08T09:55:37.892-0300][gc,marking     ] GC(306) Concurrent Scan Root Regions
[2020-09-08T09:55:37.902-0300][gc,marking     ] GC(306) Concurrent Scan Root Regions 9.490ms
[2020-09-08T09:55:37.902-0300][gc,marking     ] GC(306) Concurrent Mark (1195.376s)
[2020-09-08T09:55:37.902-0300][gc,marking     ] GC(306) Concurrent Mark From Roots
[2020-09-08T09:55:37.902-0300][gc,task        ] GC(306) Using 1 workers of 1 for marking
[2020-09-08T09:55:38.171-0300][gc,marking     ] GC(306) Concurrent Mark From Roots 268.716ms
[2020-09-08T09:55:38.171-0300][gc,marking     ] GC(306) Concurrent Preclean
[2020-09-08T09:55:38.171-0300][gc,marking     ] GC(306) Concurrent Preclean 0.304ms
[2020-09-08T09:55:38.171-0300][gc,marking     ] GC(306) Concurrent Mark (1195.376s, 1195.645s) 269.246ms
[2020-09-08T09:55:38.173-0300][gc,start       ] GC(306) Pause Remark
[2020-09-08T09:55:38.205-0300][gc,stringtable ] GC(306) Cleaned string and symbol table, strings: 23420 processed, 0 removed, symbols: 93229 processed, 7 removed
[2020-09-08T09:55:38.206-0300][gc             ] GC(306) Pause Remark 51M->51M(107M) 33.727ms
[2020-09-08T09:55:38.207-0300][gc,cpu         ] GC(306) User=0.12s Sys=0.01s Real=0.03s
[2020-09-08T09:55:38.207-0300][gc,marking     ] GC(306) Concurrent Rebuild Remembered Sets
[2020-09-08T09:55:38.362-0300][gc,marking     ] GC(306) Concurrent Rebuild Remembered Sets 155.029ms
[2020-09-08T09:55:38.363-0300][gc,start       ] GC(306) Pause Cleanup
[2020-09-08T09:55:38.364-0300][gc             ] GC(306) Pause Cleanup 51M->51M(107M) 0.496ms
[2020-09-08T09:55:38.364-0300][gc,cpu         ] GC(306) User=0.00s Sys=0.00s Real=0.00s
[2020-09-08T09:55:38.364-0300][gc,marking     ] GC(306) Concurrent Cleanup for Next Mark
[2020-09-08T09:55:38.366-0300][gc,marking     ] GC(306) Concurrent Cleanup for Next Mark 1.150ms
[2020-09-08T09:55:38.366-0300][gc             ] GC(306) Concurrent Cycle 474.044ms
[2020-09-08T09:55:57.812-0300][gc,heap        ] GC(307) Heap before GC invocations=307 (full 1): garbage-first heap   total 109568K, used 88331K [0x0000000083000000, 0x0000000100000000)
[2020-09-08T09:55:57.812-0300][gc,heap        ] GC(307)   region size 1024K, 39 young (39936K), 2 survivors (2048K)
[2020-09-08T09:55:57.812-0300][gc,heap        ] GC(307)  Metaspace       used 41664K, capacity 45040K, committed 45440K, reserved 1089536K
[2020-09-08T09:55:57.812-0300][gc,heap        ] GC(307)   class space    used 4613K, capacity 5896K, committed 6016K, reserved 1048576K
[2020-09-08T09:55:57.812-0300][gc,start       ] GC(307) Pause Young (Prepare Mixed) (G1 Evacuation Pause)
[2020-09-08T09:55:57.812-0300][gc,task        ] GC(307) Using 4 workers of 4 for evacuation
[2020-09-08T09:55:57.830-0300][gc,phases      ] GC(307)   Pre Evacuate Collection Set: 0.1ms
[2020-09-08T09:55:57.830-0300][gc,phases      ] GC(307)   Evacuate Collection Set: 14.3ms
[2020-09-08T09:55:57.830-0300][gc,phases      ] GC(307)   Post Evacuate Collection Set: 2.0ms
[2020-09-08T09:55:57.830-0300][gc,phases      ] GC(307)   Other: 1.3ms
[2020-09-08T09:55:57.830-0300][gc,heap        ] GC(307) Eden regions: 37->0(3)
[2020-09-08T09:55:57.830-0300][gc,heap        ] GC(307) Survivor regions: 2->2(5)
[2020-09-08T09:55:57.830-0300][gc,heap        ] GC(307) Old regions: 43->43
[2020-09-08T09:55:57.830-0300][gc,heap        ] GC(307) Humongous regions: 8->4
[2020-09-08T09:55:57.830-0300][gc,metaspace   ] GC(307) Metaspace: 41664K->41664K(1089536K)
[2020-09-08T09:55:57.830-0300][gc,heap        ] GC(307) Heap after GC invocations=308 (full 1): garbage-first heap   total 109568K, used 47341K [0x0000000083000000, 0x0000000100000000)
[2020-09-08T09:55:57.830-0300][gc,heap        ] GC(307)   region size 1024K, 2 young (2048K), 2 survivors (2048K)
[2020-09-08T09:55:57.830-0300][gc,heap        ] GC(307)  Metaspace       used 41664K, capacity 45040K, committed 45440K, reserved 1089536K
[2020-09-08T09:55:57.830-0300][gc,heap        ] GC(307)   class space    used 4613K, capacity 5896K, committed 6016K, reserved 1048576K
[2020-09-08T09:55:57.830-0300][gc             ] GC(307) Pause Young (Prepare Mixed) (G1 Evacuation Pause) 87M->46M(107M) 18.015ms
[2020-09-08T09:55:57.831-0300][gc,cpu         ] GC(307) User=0.06s Sys=0.00s Real=0.01s
[2020-09-08T09:55:57.849-0300][gc,heap        ] GC(308) Heap before GC invocations=308 (full 1): garbage-first heap   total 109568K, used 49389K [0x0000000083000000, 0x0000000100000000)
[2020-09-08T09:55:57.849-0300][gc,heap        ] GC(308)   region size 1024K, 5 young (5120K), 2 survivors (2048K)
[2020-09-08T09:55:57.849-0300][gc,heap        ] GC(308)  Metaspace       used 41664K, capacity 45040K, committed 45440K, reserved 1089536K
[2020-09-08T09:55:57.849-0300][gc,heap        ] GC(308)   class space    used 4613K, capacity 5896K, committed 6016K, reserved 1048576K
[2020-09-08T09:55:57.849-0300][gc,start       ] GC(308) Pause Young (Mixed) (G1 Evacuation Pause)
[2020-09-08T09:55:57.849-0300][gc,task        ] GC(308) Using 4 workers of 4 for evacuation
[2020-09-08T09:55:57.865-0300][gc,phases      ] GC(308)   Pre Evacuate Collection Set: 0.1ms
[2020-09-08T09:55:57.865-0300][gc,phases      ] GC(308)   Evacuate Collection Set: 14.2ms
[2020-09-08T09:55:57.865-0300][gc,phases      ] GC(308)   Post Evacuate Collection Set: 0.7ms
[2020-09-08T09:55:57.865-0300][gc,phases      ] GC(308)   Other: 1.1ms
[2020-09-08T09:55:57.865-0300][gc,heap        ] GC(308) Eden regions: 3->0(38)
[2020-09-08T09:55:57.865-0300][gc,heap        ] GC(308) Survivor regions: 2->1(1)
[2020-09-08T09:55:57.865-0300][gc,heap        ] GC(308) Old regions: 43->44
[2020-09-08T09:55:57.865-0300][gc,heap        ] GC(308) Humongous regions: 4->4
[2020-09-08T09:55:57.865-0300][gc,metaspace   ] GC(308) Metaspace: 41664K->41664K(1089536K)
[2020-09-08T09:55:57.865-0300][gc,heap        ] GC(308) Heap after GC invocations=309 (full 1): garbage-first heap   total 109568K, used 47075K [0x0000000083000000, 0x0000000100000000)
[2020-09-08T09:55:57.865-0300][gc,heap        ] GC(308)   region size 1024K, 1 young (1024K), 1 survivors (1024K)
[2020-09-08T09:55:57.865-0300][gc,heap        ] GC(308)  Metaspace       used 41664K, capacity 45040K, committed 45440K, reserved 1089536K
[2020-09-08T09:55:57.866-0300][gc,heap        ] GC(308)   class space    used 4613K, capacity 5896K, committed 6016K, reserved 1048576K
[2020-09-08T09:55:57.866-0300][gc             ] GC(308) Pause Young (Mixed) (G1 Evacuation Pause) 49M->45M(107M) 16.402ms
[2020-09-08T09:55:57.866-0300][gc,cpu         ] GC(308) User=0.05s Sys=0.01s Real=0.02s
[2020-09-08T09:56:07.992-0300][gc,heap        ] GC(309) Heap before GC invocations=309 (full 1): garbage-first heap   total 109568K, used 87011K [0x0000000083000000, 0x0000000100000000)
[2020-09-08T09:56:07.992-0300][gc,heap        ] GC(309)   region size 1024K, 39 young (39936K), 1 survivors (1024K)
[2020-09-08T09:56:07.992-0300][gc,heap        ] GC(309)  Metaspace       used 41664K, capacity 45040K, committed 45440K, reserved 1089536K
[2020-09-08T09:56:07.992-0300][gc,heap        ] GC(309)   class space    used 4613K, capacity 5896K, committed 6016K, reserved 1048576K
[2020-09-08T09:56:07.992-0300][gc,start       ] GC(309) Pause Young (Normal) (G1 Evacuation Pause)
[2020-09-08T09:56:07.992-0300][gc,task        ] GC(309) Using 4 workers of 4 for evacuation
[2020-09-08T09:56:08.008-0300][gc,phases      ] GC(309)   Pre Evacuate Collection Set: 0.1ms
[2020-09-08T09:56:08.008-0300][gc,phases      ] GC(309)   Evacuate Collection Set: 11.1ms
[2020-09-08T09:56:08.008-0300][gc,phases      ] GC(309)   Post Evacuate Collection Set: 4.4ms
[2020-09-08T09:56:08.009-0300][gc,phases      ] GC(309)   Other: 1.2ms
[2020-09-08T09:56:08.009-0300][gc,heap        ] GC(309) Eden regions: 38->0(34)
[2020-09-08T09:56:08.009-0300][gc,heap        ] GC(309) Survivor regions: 1->4(5)
[2020-09-08T09:56:08.009-0300][gc,heap        ] GC(309) Old regions: 44->44
[2020-09-08T09:56:08.009-0300][gc,heap        ] GC(309) Humongous regions: 6->6
[2020-09-08T09:56:08.009-0300][gc,metaspace   ] GC(309) Metaspace: 41664K->41664K(1089536K)
[2020-09-08T09:56:08.009-0300][gc,heap        ] GC(309) Heap after GC invocations=310 (full 1): garbage-first heap   total 109568K, used 52428K [0x0000000083000000, 0x0000000100000000)
[2020-09-08T09:56:08.009-0300][gc,heap        ] GC(309)   region size 1024K, 4 young (4096K), 4 survivors (4096K)
[2020-09-08T09:56:08.009-0300][gc,heap        ] GC(309)  Metaspace       used 41664K, capacity 45040K, committed 45440K, reserved 1089536K
[2020-09-08T09:56:08.009-0300][gc,heap        ] GC(309)   class space    used 4613K, capacity 5896K, committed 6016K, reserved 1048576K
[2020-09-08T09:56:08.009-0300][gc             ] GC(309) Pause Young (Normal) (G1 Evacuation Pause) 85M->51M(107M) 17.298ms
[2020-09-08T09:56:08.009-0300][gc,cpu         ] GC(309) User=0.05s Sys=0.00s Real=0.01s
[2020-09-08T09:56:08.016-0300][gc,heap        ] GC(310) Heap before GC invocations=310 (full 1): garbage-first heap   total 109568K, used 52428K [0x0000000083000000, 0x0000000100000000)
[2020-09-08T09:56:08.016-0300][gc,heap        ] GC(310)   region size 1024K, 6 young (6144K), 4 survivors (4096K)
[2020-09-08T09:56:08.016-0300][gc,heap        ] GC(310)  Metaspace       used 41664K, capacity 45040K, committed 45440K, reserved 1089536K
[2020-09-08T09:56:08.016-0300][gc,heap        ] GC(310)   class space    used 4613K, capacity 5896K, committed 6016K, reserved 1048576K
[2020-09-08T09:56:08.016-0300][gc,start       ] GC(310) Pause Young (Concurrent Start) (G1 Humongous Allocation)
[2020-09-08T09:56:08.016-0300][gc,task        ] GC(310) Using 4 workers of 4 for evacuation
[2020-09-08T09:56:08.031-0300][gc,phases      ] GC(310)   Pre Evacuate Collection Set: 0.4ms
[2020-09-08T09:56:08.031-0300][gc,phases      ] GC(310)   Evacuate Collection Set: 11.9ms
[2020-09-08T09:56:08.031-0300][gc,phases      ] GC(310)   Post Evacuate Collection Set: 1.4ms
[2020-09-08T09:56:08.031-0300][gc,phases      ] GC(310)   Other: 1.2ms
[2020-09-08T09:56:08.031-0300][gc,heap        ] GC(310) Eden regions: 2->0(23)
[2020-09-08T09:56:08.031-0300][gc,heap        ] GC(310) Survivor regions: 4->1(5)
[2020-09-08T09:56:08.031-0300][gc,heap        ] GC(310) Old regions: 44->47
[2020-09-08T09:56:08.031-0300][gc,heap        ] GC(310) Humongous regions: 6->6
[2020-09-08T09:56:08.031-0300][gc,metaspace   ] GC(310) Metaspace: 41664K->41664K(1089536K)
[2020-09-08T09:56:08.031-0300][gc,heap        ] GC(310) Heap after GC invocations=311 (full 1): garbage-first heap   total 109568K, used 52098K [0x0000000083000000, 0x0000000100000000)
[2020-09-08T09:56:08.031-0300][gc,heap        ] GC(310)   region size 1024K, 1 young (1024K), 1 survivors (1024K)
[2020-09-08T09:56:08.031-0300][gc,heap        ] GC(310)  Metaspace       used 41664K, capacity 45040K, committed 45440K, reserved 1089536K
[2020-09-08T09:56:08.031-0300][gc,heap        ] GC(310)   class space    used 4613K, capacity 5896K, committed 6016K, reserved 1048576K
[2020-09-08T09:56:08.031-0300][gc             ] GC(310) Pause Young (Concurrent Start) (G1 Humongous Allocation) 52M->50M(107M) 15.317ms
[2020-09-08T09:56:08.032-0300][gc,cpu         ] GC(310) User=0.04s Sys=0.00s Real=0.02s
[2020-09-08T09:56:08.032-0300][gc             ] GC(311) Concurrent Cycle
[2020-09-08T09:56:08.032-0300][gc,marking     ] GC(311) Concurrent Clear Claimed Marks
[2020-09-08T09:56:08.033-0300][gc,marking     ] GC(311) Concurrent Clear Claimed Marks 0.779ms
[2020-09-08T09:56:08.035-0300][gc,marking     ] GC(311) Concurrent Scan Root Regions
[2020-09-08T09:56:08.037-0300][gc,marking     ] GC(311) Concurrent Scan Root Regions 1.977ms
[2020-09-08T09:56:08.037-0300][gc,marking     ] GC(311) Concurrent Mark (1225.511s)
[2020-09-08T09:56:08.037-0300][gc,marking     ] GC(311) Concurrent Mark From Roots
[2020-09-08T09:56:08.037-0300][gc,task        ] GC(311) Using 1 workers of 1 for marking
[2020-09-08T09:56:08.333-0300][gc,marking     ] GC(311) Concurrent Mark From Roots 295.293ms
[2020-09-08T09:56:08.333-0300][gc,marking     ] GC(311) Concurrent Preclean
[2020-09-08T09:56:08.333-0300][gc,marking     ] GC(311) Concurrent Preclean 0.568ms
[2020-09-08T09:56:08.333-0300][gc,marking     ] GC(311) Concurrent Mark (1225.511s, 1225.807s) 296.115ms
[2020-09-08T09:56:08.335-0300][gc,start       ] GC(311) Pause Remark
[2020-09-08T09:56:08.368-0300][gc,stringtable ] GC(311) Cleaned string and symbol table, strings: 23422 processed, 0 removed, symbols: 93222 processed, 0 removed
[2020-09-08T09:56:08.369-0300][gc             ] GC(311) Pause Remark 57M->55M(107M) 34.027ms
[2020-09-08T09:56:08.369-0300][gc,cpu         ] GC(311) User=0.12s Sys=0.01s Real=0.03s
[2020-09-08T09:56:08.369-0300][gc,marking     ] GC(311) Concurrent Rebuild Remembered Sets
[2020-09-08T09:56:08.529-0300][gc,marking     ] GC(311) Concurrent Rebuild Remembered Sets 160.035ms
[2020-09-08T09:56:08.531-0300][gc,start       ] GC(311) Pause Cleanup
[2020-09-08T09:56:08.531-0300][gc             ] GC(311) Pause Cleanup 55M->55M(107M) 0.495ms
[2020-09-08T09:56:08.531-0300][gc,cpu         ] GC(311) User=0.00s Sys=0.00s Real=0.00s
[2020-09-08T09:56:08.532-0300][gc,marking     ] GC(311) Concurrent Cleanup for Next Mark
[2020-09-08T09:56:08.533-0300][gc,marking     ] GC(311) Concurrent Cleanup for Next Mark 1.246ms
[2020-09-08T09:56:08.533-0300][gc             ] GC(311) Concurrent Cycle 501.490ms
[2020-09-08T09:56:17.921-0300][gc,heap        ] GC(312) Heap before GC invocations=312 (full 1): garbage-first heap   total 109568K, used 74626K [0x0000000083000000, 0x0000000100000000)
[2020-09-08T09:56:17.921-0300][gc,heap        ] GC(312)   region size 1024K, 24 young (24576K), 1 survivors (1024K)
[2020-09-08T09:56:17.921-0300][gc,heap        ] GC(312)  Metaspace       used 41666K, capacity 45040K, committed 45440K, reserved 1089536K
[2020-09-08T09:56:17.921-0300][gc,heap        ] GC(312)   class space    used 4613K, capacity 5896K, committed 6016K, reserved 1048576K
[2020-09-08T09:56:17.922-0300][gc,start       ] GC(312) Pause Young (Prepare Mixed) (G1 Evacuation Pause)
[2020-09-08T09:56:17.922-0300][gc,task        ] GC(312) Using 4 workers of 4 for evacuation
[2020-09-08T09:56:17.937-0300][gc,phases      ] GC(312)   Pre Evacuate Collection Set: 0.1ms
[2020-09-08T09:56:17.938-0300][gc,phases      ] GC(312)   Evacuate Collection Set: 13.3ms
[2020-09-08T09:56:17.938-0300][gc,phases      ] GC(312)   Post Evacuate Collection Set: 1.7ms
[2020-09-08T09:56:17.938-0300][gc,phases      ] GC(312)   Other: 1.2ms
[2020-09-08T09:56:17.938-0300][gc,heap        ] GC(312) Eden regions: 23->0(2)
[2020-09-08T09:56:17.938-0300][gc,heap        ] GC(312) Survivor regions: 1->3(3)
[2020-09-08T09:56:17.938-0300][gc,heap        ] GC(312) Old regions: 47->47
[2020-09-08T09:56:17.938-0300][gc,heap        ] GC(312) Humongous regions: 6->6
[2020-09-08T09:56:17.938-0300][gc,metaspace   ] GC(312) Metaspace: 41666K->41666K(1089536K)
[2020-09-08T09:56:17.938-0300][gc,heap        ] GC(312) Heap after GC invocations=313 (full 1): garbage-first heap   total 109568K, used 53913K [0x0000000083000000, 0x0000000100000000)
[2020-09-08T09:56:17.938-0300][gc,heap        ] GC(312)   region size 1024K, 3 young (3072K), 3 survivors (3072K)
[2020-09-08T09:56:17.938-0300][gc,heap        ] GC(312)  Metaspace       used 41666K, capacity 45040K, committed 45440K, reserved 1089536K
[2020-09-08T09:56:17.938-0300][gc,heap        ] GC(312)   class space    used 4613K, capacity 5896K, committed 6016K, reserved 1048576K
[2020-09-08T09:56:17.938-0300][gc             ] GC(312) Pause Young (Prepare Mixed) (G1 Evacuation Pause) 73M->52M(107M) 16.726ms
[2020-09-08T09:56:17.939-0300][gc,cpu         ] GC(312) User=0.04s Sys=0.00s Real=0.01s
[2020-09-08T09:56:17.946-0300][gc,heap        ] GC(313) Heap before GC invocations=313 (full 1): garbage-first heap   total 109568K, used 55961K [0x0000000083000000, 0x0000000100000000)
[2020-09-08T09:56:17.946-0300][gc,heap        ] GC(313)   region size 1024K, 5 young (5120K), 3 survivors (3072K)
[2020-09-08T09:56:17.946-0300][gc,heap        ] GC(313)  Metaspace       used 41666K, capacity 45040K, committed 45440K, reserved 1089536K
[2020-09-08T09:56:17.947-0300][gc,heap        ] GC(313)   class space    used 4613K, capacity 5896K, committed 6016K, reserved 1048576K
[2020-09-08T09:56:17.947-0300][gc,start       ] GC(313) Pause Young (Mixed) (G1 Evacuation Pause)
[2020-09-08T09:56:17.947-0300][gc,task        ] GC(313) Using 4 workers of 4 for evacuation
[2020-09-08T09:56:17.962-0300][gc,phases      ] GC(313)   Pre Evacuate Collection Set: 0.1ms
[2020-09-08T09:56:17.962-0300][gc,phases      ] GC(313)   Evacuate Collection Set: 13.2ms
[2020-09-08T09:56:17.962-0300][gc,phases      ] GC(313)   Post Evacuate Collection Set: 1.1ms
[2020-09-08T09:56:17.962-0300][gc,phases      ] GC(313)   Other: 1.3ms
[2020-09-08T09:56:17.962-0300][gc,heap        ] GC(313) Eden regions: 2->0(28)
[2020-09-08T09:56:17.962-0300][gc,heap        ] GC(313) Survivor regions: 3->1(1)
[2020-09-08T09:56:17.962-0300][gc,heap        ] GC(313) Old regions: 47->44
[2020-09-08T09:56:17.962-0300][gc,heap        ] GC(313) Humongous regions: 7->5
[2020-09-08T09:56:17.962-0300][gc,metaspace   ] GC(313) Metaspace: 41666K->41666K(1089536K)
[2020-09-08T09:56:17.963-0300][gc,heap        ] GC(313) Heap after GC invocations=314 (full 1): garbage-first heap   total 109568K, used 48125K [0x0000000083000000, 0x0000000100000000)
[2020-09-08T09:56:17.963-0300][gc,heap        ] GC(313)   region size 1024K, 1 young (1024K), 1 survivors (1024K)
[2020-09-08T09:56:17.963-0300][gc,heap        ] GC(313)  Metaspace       used 41666K, capacity 45040K, committed 45440K, reserved 1089536K
[2020-09-08T09:56:17.963-0300][gc,heap        ] GC(313)   class space    used 4613K, capacity 5896K, committed 6016K, reserved 1048576K
[2020-09-08T09:56:17.963-0300][gc             ] GC(313) Pause Young (Mixed) (G1 Evacuation Pause) 55M->46M(107M) 16.127ms
[2020-09-08T09:56:17.963-0300][gc,cpu         ] GC(313) User=0.06s Sys=0.00s Real=0.02s
[2020-09-08T09:56:17.967-0300][gc,heap        ] GC(314) Heap before GC invocations=314 (full 1): garbage-first heap   total 109568K, used 48125K [0x0000000083000000, 0x0000000100000000)
[2020-09-08T09:56:17.967-0300][gc,heap        ] GC(314)   region size 1024K, 2 young (2048K), 1 survivors (1024K)
[2020-09-08T09:56:17.967-0300][gc,heap        ] GC(314)  Metaspace       used 41666K, capacity 45040K, committed 45440K, reserved 1089536K
[2020-09-08T09:56:17.967-0300][gc,heap        ] GC(314)   class space    used 4613K, capacity 5896K, committed 6016K, reserved 1048576K
[2020-09-08T09:56:17.967-0300][gc,start       ] GC(314) Pause Young (Concurrent Start) (G1 Humongous Allocation)
[2020-09-08T09:56:17.967-0300][gc,task        ] GC(314) Using 4 workers of 4 for evacuation
[2020-09-08T09:56:17.977-0300][gc,phases      ] GC(314)   Pre Evacuate Collection Set: 0.4ms
[2020-09-08T09:56:17.977-0300][gc,phases      ] GC(314)   Evacuate Collection Set: 7.0ms
[2020-09-08T09:56:17.977-0300][gc,phases      ] GC(314)   Post Evacuate Collection Set: 1.3ms
[2020-09-08T09:56:17.977-0300][gc,phases      ] GC(314)   Other: 1.3ms
[2020-09-08T09:56:17.977-0300][gc,heap        ] GC(314) Eden regions: 1->0(30)
[2020-09-08T09:56:17.977-0300][gc,heap        ] GC(314) Survivor regions: 1->1(4)
[2020-09-08T09:56:17.977-0300][gc,heap        ] GC(314) Old regions: 44->44
[2020-09-08T09:56:17.977-0300][gc,heap        ] GC(314) Humongous regions: 5->5
[2020-09-08T09:56:17.977-0300][gc,metaspace   ] GC(314) Metaspace: 41666K->41666K(1089536K)
[2020-09-08T09:56:17.977-0300][gc,heap        ] GC(314) Heap after GC invocations=315 (full 1): garbage-first heap   total 109568K, used 48739K [0x0000000083000000, 0x0000000100000000)
[2020-09-08T09:56:17.977-0300][gc,heap        ] GC(314)   region size 1024K, 1 young (1024K), 1 survivors (1024K)
[2020-09-08T09:56:17.977-0300][gc,heap        ] GC(314)  Metaspace       used 41666K, capacity 45040K, committed 45440K, reserved 1089536K
[2020-09-08T09:56:17.977-0300][gc,heap        ] GC(314)   class space    used 4613K, capacity 5896K, committed 6016K, reserved 1048576K
[2020-09-08T09:56:17.977-0300][gc             ] GC(314) Pause Young (Concurrent Start) (G1 Humongous Allocation) 47M->47M(107M) 10.247ms
[2020-09-08T09:56:17.978-0300][gc,cpu         ] GC(314) User=0.03s Sys=0.00s Real=0.01s
[2020-09-08T09:56:17.978-0300][gc             ] GC(315) Concurrent Cycle
[2020-09-08T09:56:17.978-0300][gc,marking     ] GC(315) Concurrent Clear Claimed Marks
[2020-09-08T09:56:17.979-0300][gc,marking     ] GC(315) Concurrent Clear Claimed Marks 0.911ms
[2020-09-08T09:56:17.979-0300][gc,marking     ] GC(315) Concurrent Scan Root Regions
[2020-09-08T09:56:17.981-0300][gc,marking     ] GC(315) Concurrent Scan Root Regions 2.438ms
[2020-09-08T09:56:17.982-0300][gc,marking     ] GC(315) Concurrent Mark (1235.455s)
[2020-09-08T09:56:17.982-0300][gc,marking     ] GC(315) Concurrent Mark From Roots
[2020-09-08T09:56:17.982-0300][gc,task        ] GC(315) Using 1 workers of 1 for marking
[2020-09-08T09:56:18.307-0300][gc,marking     ] GC(315) Concurrent Mark From Roots 325.802ms
[2020-09-08T09:56:18.308-0300][gc,marking     ] GC(315) Concurrent Preclean
[2020-09-08T09:56:18.308-0300][gc,marking     ] GC(315) Concurrent Preclean 0.769ms
[2020-09-08T09:56:18.308-0300][gc,marking     ] GC(315) Concurrent Mark (1235.455s, 1235.782s) 326.897ms
[2020-09-08T09:56:18.310-0300][gc,start       ] GC(315) Pause Remark
[2020-09-08T09:56:18.353-0300][gc,stringtable ] GC(315) Cleaned string and symbol table, strings: 23422 processed, 0 removed, symbols: 93222 processed, 0 removed
[2020-09-08T09:56:18.354-0300][gc             ] GC(315) Pause Remark 52M->51M(107M) 43.868ms
[2020-09-08T09:56:18.354-0300][gc,cpu         ] GC(315) User=0.14s Sys=0.00s Real=0.05s
[2020-09-08T09:56:18.355-0300][gc,marking     ] GC(315) Concurrent Rebuild Remembered Sets
[2020-09-08T09:56:18.520-0300][gc,marking     ] GC(315) Concurrent Rebuild Remembered Sets 164.993ms
[2020-09-08T09:56:18.522-0300][gc,start       ] GC(315) Pause Cleanup
[2020-09-08T09:56:18.522-0300][gc             ] GC(315) Pause Cleanup 51M->51M(107M) 0.575ms
[2020-09-08T09:56:18.522-0300][gc,cpu         ] GC(315) User=0.00s Sys=0.00s Real=0.00s
[2020-09-08T09:56:18.523-0300][gc,marking     ] GC(315) Concurrent Cleanup for Next Mark
[2020-09-08T09:56:18.524-0300][gc,marking     ] GC(315) Concurrent Cleanup for Next Mark 1.539ms
[2020-09-08T09:56:18.525-0300][gc             ] GC(315) Concurrent Cycle 546.952ms
[2020-09-08T09:56:27.923-0300][gc,heap        ] GC(316) Heap before GC invocations=316 (full 1): garbage-first heap   total 109568K, used 79459K [0x0000000083000000, 0x0000000100000000)
[2020-09-08T09:56:27.923-0300][gc,heap        ] GC(316)   region size 1024K, 31 young (31744K), 1 survivors (1024K)
[2020-09-08T09:56:27.923-0300][gc,heap        ] GC(316)  Metaspace       used 41668K, capacity 45040K, committed 45440K, reserved 1089536K
[2020-09-08T09:56:27.923-0300][gc,heap        ] GC(316)   class space    used 4613K, capacity 5896K, committed 6016K, reserved 1048576K
[2020-09-08T09:56:27.923-0300][gc,start       ] GC(316) Pause Young (Prepare Mixed) (G1 Evacuation Pause)
[2020-09-08T09:56:27.923-0300][gc,task        ] GC(316) Using 4 workers of 4 for evacuation
[2020-09-08T09:56:27.948-0300][gc,phases      ] GC(316)   Pre Evacuate Collection Set: 0.1ms
[2020-09-08T09:56:27.948-0300][gc,phases      ] GC(316)   Evacuate Collection Set: 21.3ms
[2020-09-08T09:56:27.948-0300][gc,phases      ] GC(316)   Post Evacuate Collection Set: 2.6ms
[2020-09-08T09:56:27.948-0300][gc,phases      ] GC(316)   Other: 1.6ms
[2020-09-08T09:56:27.949-0300][gc,heap        ] GC(316) Eden regions: 30->0(2)
[2020-09-08T09:56:27.949-0300][gc,heap        ] GC(316) Survivor regions: 1->3(4)
[2020-09-08T09:56:27.949-0300][gc,heap        ] GC(316) Old regions: 44->44
[2020-09-08T09:56:27.949-0300][gc,heap        ] GC(316) Humongous regions: 6->5
[2020-09-08T09:56:27.949-0300][gc,metaspace   ] GC(316) Metaspace: 41668K->41668K(1089536K)
[2020-09-08T09:56:27.949-0300][gc,heap        ] GC(316) Heap after GC invocations=317 (full 1): garbage-first heap   total 109568K, used 50226K [0x0000000083000000, 0x0000000100000000)
[2020-09-08T09:56:27.949-0300][gc,heap        ] GC(316)   region size 1024K, 3 young (3072K), 3 survivors (3072K)
[2020-09-08T09:56:27.949-0300][gc,heap        ] GC(316)  Metaspace       used 41668K, capacity 45040K, committed 45440K, reserved 1089536K
[2020-09-08T09:56:27.949-0300][gc,heap        ] GC(316)   class space    used 4613K, capacity 5896K, committed 6016K, reserved 1048576K
[2020-09-08T09:56:27.950-0300][gc             ] GC(316) Pause Young (Prepare Mixed) (G1 Evacuation Pause) 78M->49M(107M) 26.378ms
[2020-09-08T09:56:27.950-0300][gc,cpu         ] GC(316) User=0.06s Sys=0.00s Real=0.02s
[2020-09-08T09:56:27.973-0300][gc,heap        ] GC(317) Heap before GC invocations=317 (full 1): garbage-first heap   total 109568K, used 52274K [0x0000000083000000, 0x0000000100000000)
[2020-09-08T09:56:27.973-0300][gc,heap        ] GC(317)   region size 1024K, 6 young (6144K), 3 survivors (3072K)
[2020-09-08T09:56:27.973-0300][gc,heap        ] GC(317)  Metaspace       used 41668K, capacity 45040K, committed 45440K, reserved 1089536K
[2020-09-08T09:56:27.973-0300][gc,heap        ] GC(317)   class space    used 4613K, capacity 5896K, committed 6016K, reserved 1048576K
[2020-09-08T09:56:27.973-0300][gc,start       ] GC(317) Pause Young (Mixed) (GCLocker Initiated GC)
[2020-09-08T09:56:27.973-0300][gc,task        ] GC(317) Using 4 workers of 4 for evacuation
[2020-09-08T09:56:27.992-0300][gc,phases      ] GC(317)   Pre Evacuate Collection Set: 0.1ms
[2020-09-08T09:56:27.992-0300][gc,phases      ] GC(317)   Evacuate Collection Set: 16.5ms
[2020-09-08T09:56:27.992-0300][gc,phases      ] GC(317)   Post Evacuate Collection Set: 1.6ms
[2020-09-08T09:56:27.993-0300][gc,phases      ] GC(317)   Other: 1.2ms
[2020-09-08T09:56:27.993-0300][gc,heap        ] GC(317) Eden regions: 3->0(32)
[2020-09-08T09:56:27.993-0300][gc,heap        ] GC(317) Survivor regions: 3->1(1)
[2020-09-08T09:56:27.993-0300][gc,heap        ] GC(317) Old regions: 44->45
[2020-09-08T09:56:27.993-0300][gc,heap        ] GC(317) Humongous regions: 6->4
[2020-09-08T09:56:27.993-0300][gc,metaspace   ] GC(317) Metaspace: 41668K->41668K(1089536K)
[2020-09-08T09:56:27.993-0300][gc,heap        ] GC(317) Heap after GC invocations=318 (full 1): garbage-first heap   total 109568K, used 47787K [0x0000000083000000, 0x0000000100000000)
[2020-09-08T09:56:27.993-0300][gc,heap        ] GC(317)   region size 1024K, 1 young (1024K), 1 survivors (1024K)
[2020-09-08T09:56:27.993-0300][gc,heap        ] GC(317)  Metaspace       used 41668K, capacity 45040K, committed 45440K, reserved 1089536K
[2020-09-08T09:56:27.993-0300][gc,heap        ] GC(317)   class space    used 4613K, capacity 5896K, committed 6016K, reserved 1048576K
[2020-09-08T09:56:27.993-0300][gc             ] GC(317) Pause Young (Mixed) (GCLocker Initiated GC) 52M->46M(107M) 19.989ms
[2020-09-08T09:56:27.994-0300][gc,cpu         ] GC(317) User=0.05s Sys=0.01s Real=0.02s
[2020-09-08T09:56:38.222-0300][gc,heap        ] GC(318) Heap before GC invocations=318 (full 1): garbage-first heap   total 109568K, used 72363K [0x0000000083000000, 0x0000000100000000)
[2020-09-08T09:56:38.222-0300][gc,heap        ] GC(318)   region size 1024K, 27 young (27648K), 1 survivors (1024K)
[2020-09-08T09:56:38.222-0300][gc,heap        ] GC(318)  Metaspace       used 42562K, capacity 45918K, committed 46208K, reserved 1089536K
[2020-09-08T09:56:38.222-0300][gc,heap        ] GC(318)   class space    used 4712K, capacity 5993K, committed 6016K, reserved 1048576K
[2020-09-08T09:56:38.222-0300][gc,start       ] GC(318) Pause Young (Concurrent Start) (G1 Humongous Allocation)
[2020-09-08T09:56:38.222-0300][gc,task        ] GC(318) Using 4 workers of 4 for evacuation
[2020-09-08T09:56:38.252-0300][gc,phases      ] GC(318)   Pre Evacuate Collection Set: 0.4ms
[2020-09-08T09:56:38.253-0300][gc,phases      ] GC(318)   Evacuate Collection Set: 21.5ms
[2020-09-08T09:56:38.253-0300][gc,phases      ] GC(318)   Post Evacuate Collection Set: 7.2ms
[2020-09-08T09:56:38.253-0300][gc,phases      ] GC(318)   Other: 1.6ms
[2020-09-08T09:56:38.253-0300][gc,heap        ] GC(318) Eden regions: 26->0(32)
[2020-09-08T09:56:38.253-0300][gc,heap        ] GC(318) Survivor regions: 1->3(5)
[2020-09-08T09:56:38.253-0300][gc,heap        ] GC(318) Old regions: 45->45
[2020-09-08T09:56:38.253-0300][gc,heap        ] GC(318) Humongous regions: 4->4
[2020-09-08T09:56:38.253-0300][gc,metaspace   ] GC(318) Metaspace: 42562K->42562K(1089536K)
[2020-09-08T09:56:38.253-0300][gc,heap        ] GC(318) Heap after GC invocations=319 (full 1): garbage-first heap   total 109568K, used 49348K [0x0000000083000000, 0x0000000100000000)
[2020-09-08T09:56:38.253-0300][gc,heap        ] GC(318)   region size 1024K, 3 young (3072K), 3 survivors (3072K)
[2020-09-08T09:56:38.253-0300][gc,heap        ] GC(318)  Metaspace       used 42562K, capacity 45918K, committed 46208K, reserved 1089536K
[2020-09-08T09:56:38.253-0300][gc,heap        ] GC(318)   class space    used 4712K, capacity 5993K, committed 6016K, reserved 1048576K
[2020-09-08T09:56:38.253-0300][gc             ] GC(318) Pause Young (Concurrent Start) (G1 Humongous Allocation) 71M->48M(107M) 31.287ms
[2020-09-08T09:56:38.254-0300][gc,cpu         ] GC(318) User=0.12s Sys=0.00s Real=0.03s
[2020-09-08T09:56:38.254-0300][gc             ] GC(319) Concurrent Cycle
[2020-09-08T09:56:38.254-0300][gc,marking     ] GC(319) Concurrent Clear Claimed Marks
[2020-09-08T09:56:38.255-0300][gc,marking     ] GC(319) Concurrent Clear Claimed Marks 0.558ms
[2020-09-08T09:56:38.255-0300][gc,marking     ] GC(319) Concurrent Scan Root Regions
[2020-09-08T09:56:38.266-0300][gc,marking     ] GC(319) Concurrent Scan Root Regions 11.683ms
[2020-09-08T09:56:38.267-0300][gc,marking     ] GC(319) Concurrent Mark (1255.740s)
[2020-09-08T09:56:38.267-0300][gc,marking     ] GC(319) Concurrent Mark From Roots
[2020-09-08T09:56:38.267-0300][gc,task        ] GC(319) Using 1 workers of 1 for marking
[2020-09-08T09:56:38.640-0300][gc,marking     ] GC(319) Concurrent Mark From Roots 372.883ms
[2020-09-08T09:56:38.640-0300][gc,marking     ] GC(319) Concurrent Preclean
[2020-09-08T09:56:38.640-0300][gc,marking     ] GC(319) Concurrent Preclean 0.456ms
[2020-09-08T09:56:38.640-0300][gc,marking     ] GC(319) Concurrent Mark (1255.740s, 1256.114s) 373.679ms
[2020-09-08T09:56:38.642-0300][gc,start       ] GC(319) Pause Remark
[2020-09-08T09:56:38.695-0300][gc,stringtable ] GC(319) Cleaned string and symbol table, strings: 23622 processed, 0 removed, symbols: 95119 processed, 0 removed
[2020-09-08T09:56:38.696-0300][gc             ] GC(319) Pause Remark 53M->53M(107M) 53.846ms
[2020-09-08T09:56:38.696-0300][gc,cpu         ] GC(319) User=0.20s Sys=0.00s Real=0.05s
[2020-09-08T09:56:38.697-0300][gc,marking     ] GC(319) Concurrent Rebuild Remembered Sets
[2020-09-08T09:56:38.886-0300][gc,marking     ] GC(319) Concurrent Rebuild Remembered Sets 188.830ms
[2020-09-08T09:56:38.887-0300][gc,start       ] GC(319) Pause Cleanup
[2020-09-08T09:56:38.888-0300][gc             ] GC(319) Pause Cleanup 53M->53M(107M) 0.581ms
[2020-09-08T09:56:38.888-0300][gc,cpu         ] GC(319) User=0.00s Sys=0.00s Real=0.00s
[2020-09-08T09:56:38.888-0300][gc,marking     ] GC(319) Concurrent Cleanup for Next Mark
[2020-09-08T09:56:38.890-0300][gc,marking     ] GC(319) Concurrent Cleanup for Next Mark 1.805ms
[2020-09-08T09:56:38.890-0300][gc             ] GC(319) Concurrent Cycle 636.523ms
[2020-09-08T09:56:57.856-0300][gc,heap        ] GC(320) Heap before GC invocations=320 (full 1): garbage-first heap   total 109568K, used 85188K [0x0000000083000000, 0x0000000100000000)
[2020-09-08T09:56:57.856-0300][gc,heap        ] GC(320)   region size 1024K, 35 young (35840K), 3 survivors (3072K)
[2020-09-08T09:56:57.856-0300][gc,heap        ] GC(320)  Metaspace       used 42565K, capacity 45918K, committed 46208K, reserved 1089536K
[2020-09-08T09:56:57.856-0300][gc,heap        ] GC(320)   class space    used 4712K, capacity 5993K, committed 6016K, reserved 1048576K
[2020-09-08T09:56:57.856-0300][gc,start       ] GC(320) Pause Young (Prepare Mixed) (G1 Evacuation Pause)
[2020-09-08T09:56:57.856-0300][gc,task        ] GC(320) Using 4 workers of 4 for evacuation
[2020-09-08T09:56:57.876-0300][gc,phases      ] GC(320)   Pre Evacuate Collection Set: 0.1ms
[2020-09-08T09:56:57.876-0300][gc,phases      ] GC(320)   Evacuate Collection Set: 16.8ms
[2020-09-08T09:56:57.877-0300][gc,phases      ] GC(320)   Post Evacuate Collection Set: 2.4ms
[2020-09-08T09:56:57.877-0300][gc,phases      ] GC(320)   Other: 1.1ms
[2020-09-08T09:56:57.877-0300][gc,heap        ] GC(320) Eden regions: 32->0(3)
[2020-09-08T09:56:57.877-0300][gc,heap        ] GC(320) Survivor regions: 3->2(5)
[2020-09-08T09:56:57.877-0300][gc,heap        ] GC(320) Old regions: 45->45
[2020-09-08T09:56:57.877-0300][gc,heap        ] GC(320) Humongous regions: 8->4
[2020-09-08T09:56:57.877-0300][gc,metaspace   ] GC(320) Metaspace: 42565K->42565K(1089536K)
[2020-09-08T09:56:57.877-0300][gc,heap        ] GC(320) Heap after GC invocations=321 (full 1): garbage-first heap   total 109568K, used 49332K [0x0000000083000000, 0x0000000100000000)
[2020-09-08T09:56:57.877-0300][gc,heap        ] GC(320)   region size 1024K, 2 young (2048K), 2 survivors (2048K)
[2020-09-08T09:56:57.877-0300][gc,heap        ] GC(320)  Metaspace       used 42565K, capacity 45918K, committed 46208K, reserved 1089536K
[2020-09-08T09:56:57.877-0300][gc,heap        ] GC(320)   class space    used 4712K, capacity 5993K, committed 6016K, reserved 1048576K
[2020-09-08T09:56:57.877-0300][gc             ] GC(320) Pause Young (Prepare Mixed) (G1 Evacuation Pause) 84M->48M(107M) 20.965ms
[2020-09-08T09:56:57.877-0300][gc,cpu         ] GC(320) User=0.05s Sys=0.01s Real=0.02s
[2020-09-08T09:56:57.906-0300][gc,heap        ] GC(321) Heap before GC invocations=321 (full 1): garbage-first heap   total 109568K, used 51380K [0x0000000083000000, 0x0000000100000000)
[2020-09-08T09:56:57.906-0300][gc,heap        ] GC(321)   region size 1024K, 5 young (5120K), 2 survivors (2048K)
[2020-09-08T09:56:57.906-0300][gc,heap        ] GC(321)  Metaspace       used 42565K, capacity 45918K, committed 46208K, reserved 1089536K
[2020-09-08T09:56:57.906-0300][gc,heap        ] GC(321)   class space    used 4712K, capacity 5993K, committed 6016K, reserved 1048576K
[2020-09-08T09:56:57.906-0300][gc,start       ] GC(321) Pause Young (Mixed) (G1 Evacuation Pause)
[2020-09-08T09:56:57.906-0300][gc,task        ] GC(321) Using 4 workers of 4 for evacuation
[2020-09-08T09:56:57.923-0300][gc,phases      ] GC(321)   Pre Evacuate Collection Set: 0.1ms
[2020-09-08T09:56:57.923-0300][gc,phases      ] GC(321)   Evacuate Collection Set: 15.6ms
[2020-09-08T09:56:57.923-0300][gc,phases      ] GC(321)   Post Evacuate Collection Set: 0.8ms
[2020-09-08T09:56:57.923-0300][gc,phases      ] GC(321)   Other: 1.3ms
[2020-09-08T09:56:57.924-0300][gc,heap        ] GC(321) Eden regions: 3->0(34)
[2020-09-08T09:56:57.924-0300][gc,heap        ] GC(321) Survivor regions: 2->1(1)
[2020-09-08T09:56:57.924-0300][gc,heap        ] GC(321) Old regions: 45->45
[2020-09-08T09:56:57.924-0300][gc,heap        ] GC(321) Humongous regions: 4->4
[2020-09-08T09:56:57.924-0300][gc,metaspace   ] GC(321) Metaspace: 42565K->42565K(1089536K)
[2020-09-08T09:56:57.924-0300][gc,heap        ] GC(321) Heap after GC invocations=322 (full 1): garbage-first heap   total 109568K, used 48215K [0x0000000083000000, 0x0000000100000000)
[2020-09-08T09:56:57.924-0300][gc,heap        ] GC(321)   region size 1024K, 1 young (1024K), 1 survivors (1024K)
[2020-09-08T09:56:57.924-0300][gc,heap        ] GC(321)  Metaspace       used 42565K, capacity 45918K, committed 46208K, reserved 1089536K
[2020-09-08T09:56:57.924-0300][gc,heap        ] GC(321)   class space    used 4712K, capacity 5993K, committed 6016K, reserved 1048576K
[2020-09-08T09:56:57.924-0300][gc             ] GC(321) Pause Young (Mixed) (G1 Evacuation Pause) 51M->47M(107M) 18.020ms
[2020-09-08T09:56:57.924-0300][gc,cpu         ] GC(321) User=0.05s Sys=0.00s Real=0.02s
[2020-09-08T09:56:57.952-0300][gc,heap        ] GC(322) Heap before GC invocations=322 (full 1): garbage-first heap   total 109568K, used 53335K [0x0000000083000000, 0x0000000100000000)
[2020-09-08T09:56:57.952-0300][gc,heap        ] GC(322)   region size 1024K, 8 young (8192K), 1 survivors (1024K)
[2020-09-08T09:56:57.952-0300][gc,heap        ] GC(322)  Metaspace       used 42565K, capacity 45918K, committed 46208K, reserved 1089536K
[2020-09-08T09:56:57.952-0300][gc,heap        ] GC(322)   class space    used 4712K, capacity 5993K, committed 6016K, reserved 1048576K
[2020-09-08T09:56:57.953-0300][gc,start       ] GC(322) Pause Young (Concurrent Start) (G1 Humongous Allocation)
[2020-09-08T09:56:57.953-0300][gc,task        ] GC(322) Using 4 workers of 4 for evacuation
[2020-09-08T09:56:57.964-0300][gc,phases      ] GC(322)   Pre Evacuate Collection Set: 0.4ms
[2020-09-08T09:56:57.964-0300][gc,phases      ] GC(322)   Evacuate Collection Set: 8.6ms
[2020-09-08T09:56:57.964-0300][gc,phases      ] GC(322)   Post Evacuate Collection Set: 1.3ms
[2020-09-08T09:56:57.964-0300][gc,phases      ] GC(322)   Other: 1.4ms
[2020-09-08T09:56:57.964-0300][gc,heap        ] GC(322) Eden regions: 7->0(32)
[2020-09-08T09:56:57.964-0300][gc,heap        ] GC(322) Survivor regions: 1->1(5)
[2020-09-08T09:56:57.964-0300][gc,heap        ] GC(322) Old regions: 45->45
[2020-09-08T09:56:57.964-0300][gc,heap        ] GC(322) Humongous regions: 4->4
[2020-09-08T09:56:57.964-0300][gc,metaspace   ] GC(322) Metaspace: 42565K->42565K(1089536K)
[2020-09-08T09:56:57.964-0300][gc,heap        ] GC(322) Heap after GC invocations=323 (full 1): garbage-first heap   total 109568K, used 48311K [0x0000000083000000, 0x0000000100000000)
[2020-09-08T09:56:57.965-0300][gc,heap        ] GC(322)   region size 1024K, 1 young (1024K), 1 survivors (1024K)
[2020-09-08T09:56:57.965-0300][gc,heap        ] GC(322)  Metaspace       used 42565K, capacity 45918K, committed 46208K, reserved 1089536K
[2020-09-08T09:56:57.965-0300][gc,heap        ] GC(322)   class space    used 4712K, capacity 5993K, committed 6016K, reserved 1048576K
[2020-09-08T09:56:57.965-0300][gc             ] GC(322) Pause Young (Concurrent Start) (G1 Humongous Allocation) 53M->47M(107M) 11.903ms
[2020-09-08T09:56:57.965-0300][gc,cpu         ] GC(322) User=0.04s Sys=0.00s Real=0.01s
[2020-09-08T09:56:57.965-0300][gc             ] GC(323) Concurrent Cycle
[2020-09-08T09:56:57.965-0300][gc,marking     ] GC(323) Concurrent Clear Claimed Marks
[2020-09-08T09:56:57.966-0300][gc,marking     ] GC(323) Concurrent Clear Claimed Marks 0.490ms
[2020-09-08T09:56:57.966-0300][gc,marking     ] GC(323) Concurrent Scan Root Regions
[2020-09-08T09:56:57.970-0300][gc,marking     ] GC(323) Concurrent Scan Root Regions 4.512ms
[2020-09-08T09:56:57.971-0300][gc,marking     ] GC(323) Concurrent Mark (1275.444s)
[2020-09-08T09:56:57.971-0300][gc,marking     ] GC(323) Concurrent Mark From Roots
[2020-09-08T09:56:57.971-0300][gc,task        ] GC(323) Using 1 workers of 1 for marking
[2020-09-08T09:56:58.247-0300][gc,marking     ] GC(323) Concurrent Mark From Roots 276.411ms
[2020-09-08T09:56:58.247-0300][gc,marking     ] GC(323) Concurrent Preclean
[2020-09-08T09:56:58.248-0300][gc,marking     ] GC(323) Concurrent Preclean 0.370ms
[2020-09-08T09:56:58.248-0300][gc,marking     ] GC(323) Concurrent Mark (1275.444s, 1275.721s) 277.007ms
[2020-09-08T09:56:58.249-0300][gc,start       ] GC(323) Pause Remark
[2020-09-08T09:56:58.281-0300][gc,stringtable ] GC(323) Cleaned string and symbol table, strings: 23624 processed, 2 removed, symbols: 95119 processed, 0 removed
[2020-09-08T09:56:58.282-0300][gc             ] GC(323) Pause Remark 50M->50M(107M) 33.413ms
[2020-09-08T09:56:58.282-0300][gc,cpu         ] GC(323) User=0.12s Sys=0.00s Real=0.04s
[2020-09-08T09:56:58.283-0300][gc,marking     ] GC(323) Concurrent Rebuild Remembered Sets
[2020-09-08T09:56:58.443-0300][gc,marking     ] GC(323) Concurrent Rebuild Remembered Sets 159.927ms
[2020-09-08T09:56:58.444-0300][gc,start       ] GC(323) Pause Cleanup
[2020-09-08T09:56:58.444-0300][gc             ] GC(323) Pause Cleanup 50M->50M(107M) 0.457ms
[2020-09-08T09:56:58.445-0300][gc,cpu         ] GC(323) User=0.00s Sys=0.01s Real=0.00s
[2020-09-08T09:56:58.445-0300][gc,marking     ] GC(323) Concurrent Cleanup for Next Mark
[2020-09-08T09:56:58.446-0300][gc,marking     ] GC(323) Concurrent Cleanup for Next Mark 1.271ms
[2020-09-08T09:56:58.446-0300][gc             ] GC(323) Concurrent Cycle 481.296ms
[2020-09-08T09:57:11.257-0300][gc,heap        ] GC(324) Heap before GC invocations=324 (full 1): garbage-first heap   total 109568K, used 84151K [0x0000000083000000, 0x0000000100000000)
[2020-09-08T09:57:11.257-0300][gc,heap        ] GC(324)   region size 1024K, 33 young (33792K), 1 survivors (1024K)
[2020-09-08T09:57:11.257-0300][gc,heap        ] GC(324)  Metaspace       used 42567K, capacity 45918K, committed 46208K, reserved 1089536K
[2020-09-08T09:57:11.258-0300][gc,heap        ] GC(324)   class space    used 4712K, capacity 5993K, committed 6016K, reserved 1048576K
[2020-09-08T09:57:11.258-0300][gc,start       ] GC(324) Pause Young (Prepare Mixed) (G1 Evacuation Pause)
[2020-09-08T09:57:11.258-0300][gc,task        ] GC(324) Using 4 workers of 4 for evacuation
[2020-09-08T09:57:11.269-0300][gc,phases      ] GC(324)   Pre Evacuate Collection Set: 0.1ms
[2020-09-08T09:57:11.269-0300][gc,phases      ] GC(324)   Evacuate Collection Set: 8.0ms
[2020-09-08T09:57:11.269-0300][gc,phases      ] GC(324)   Post Evacuate Collection Set: 2.3ms
[2020-09-08T09:57:11.269-0300][gc,phases      ] GC(324)   Other: 1.3ms
[2020-09-08T09:57:11.269-0300][gc,heap        ] GC(324) Eden regions: 32->0(4)
[2020-09-08T09:57:11.269-0300][gc,heap        ] GC(324) Survivor regions: 1->1(5)
[2020-09-08T09:57:11.269-0300][gc,heap        ] GC(324) Old regions: 45->45
[2020-09-08T09:57:11.269-0300][gc,heap        ] GC(324) Humongous regions: 8->4
[2020-09-08T09:57:11.269-0300][gc,metaspace   ] GC(324) Metaspace: 42567K->42567K(1089536K)
[2020-09-08T09:57:11.269-0300][gc,heap        ] GC(324) Heap after GC invocations=325 (full 1): garbage-first heap   total 109568K, used 48427K [0x0000000083000000, 0x0000000100000000)
[2020-09-08T09:57:11.269-0300][gc,heap        ] GC(324)   region size 1024K, 1 young (1024K), 1 survivors (1024K)
[2020-09-08T09:57:11.269-0300][gc,heap        ] GC(324)  Metaspace       used 42567K, capacity 45918K, committed 46208K, reserved 1089536K
[2020-09-08T09:57:11.269-0300][gc,heap        ] GC(324)   class space    used 4712K, capacity 5993K, committed 6016K, reserved 1048576K
[2020-09-08T09:57:11.270-0300][gc             ] GC(324) Pause Young (Prepare Mixed) (G1 Evacuation Pause) 83M->47M(107M) 11.904ms
[2020-09-08T09:57:11.270-0300][gc,cpu         ] GC(324) User=0.04s Sys=0.00s Real=0.01s
[2020-09-08T09:57:16.314-0300][gc,heap        ] GC(325) Heap before GC invocations=325 (full 1): garbage-first heap   total 109568K, used 51499K [0x0000000083000000, 0x0000000100000000)
[2020-09-08T09:57:16.314-0300][gc,heap        ] GC(325)   region size 1024K, 5 young (5120K), 1 survivors (1024K)
[2020-09-08T09:57:16.314-0300][gc,heap        ] GC(325)  Metaspace       used 42575K, capacity 45982K, committed 46208K, reserved 1089536K
[2020-09-08T09:57:16.314-0300][gc,heap        ] GC(325)   class space    used 4712K, capacity 5993K, committed 6016K, reserved 1048576K
[2020-09-08T09:57:16.314-0300][gc,start       ] GC(325) Pause Young (Mixed) (G1 Evacuation Pause)
[2020-09-08T09:57:16.314-0300][gc,task        ] GC(325) Using 4 workers of 4 for evacuation
[2020-09-08T09:57:16.325-0300][gc,phases      ] GC(325)   Pre Evacuate Collection Set: 0.1ms
[2020-09-08T09:57:16.325-0300][gc,phases      ] GC(325)   Evacuate Collection Set: 8.2ms
[2020-09-08T09:57:16.325-0300][gc,phases      ] GC(325)   Post Evacuate Collection Set: 1.4ms
[2020-09-08T09:57:16.325-0300][gc,phases      ] GC(325)   Other: 1.1ms
[2020-09-08T09:57:16.325-0300][gc,heap        ] GC(325) Eden regions: 4->0(34)
[2020-09-08T09:57:16.325-0300][gc,heap        ] GC(325) Survivor regions: 1->1(1)
[2020-09-08T09:57:16.325-0300][gc,heap        ] GC(325) Old regions: 45->45
[2020-09-08T09:57:16.325-0300][gc,heap        ] GC(325) Humongous regions: 4->4
[2020-09-08T09:57:16.325-0300][gc,metaspace   ] GC(325) Metaspace: 42575K->42575K(1089536K)
[2020-09-08T09:57:16.325-0300][gc,heap        ] GC(325) Heap after GC invocations=326 (full 1): garbage-first heap   total 109568K, used 47882K [0x0000000083000000, 0x0000000100000000)
[2020-09-08T09:57:16.325-0300][gc,heap        ] GC(325)   region size 1024K, 1 young (1024K), 1 survivors (1024K)
[2020-09-08T09:57:16.325-0300][gc,heap        ] GC(325)  Metaspace       used 42575K, capacity 45982K, committed 46208K, reserved 1089536K
[2020-09-08T09:57:16.325-0300][gc,heap        ] GC(325)   class space    used 4712K, capacity 5993K, committed 6016K, reserved 1048576K
[2020-09-08T09:57:16.325-0300][gc             ] GC(325) Pause Young (Mixed) (G1 Evacuation Pause) 51M->46M(107M) 11.253ms
[2020-09-08T09:57:16.326-0300][gc,cpu         ] GC(325) User=0.03s Sys=0.01s Real=0.01s
[2020-09-08T09:57:18.049-0300][gc,heap        ] GC(326) Heap before GC invocations=326 (full 1): garbage-first heap   total 109568K, used 57098K [0x0000000083000000, 0x0000000100000000)
[2020-09-08T09:57:18.049-0300][gc,heap        ] GC(326)   region size 1024K, 12 young (12288K), 1 survivors (1024K)
[2020-09-08T09:57:18.049-0300][gc,heap        ] GC(326)  Metaspace       used 42575K, capacity 45982K, committed 46208K, reserved 1089536K
[2020-09-08T09:57:18.049-0300][gc,heap        ] GC(326)   class space    used 4712K, capacity 5993K, committed 6016K, reserved 1048576K
[2020-09-08T09:57:18.049-0300][gc,start       ] GC(326) Pause Young (Concurrent Start) (G1 Humongous Allocation)
[2020-09-08T09:57:18.049-0300][gc,task        ] GC(326) Using 4 workers of 4 for evacuation
[2020-09-08T09:57:18.067-0300][gc,phases      ] GC(326)   Pre Evacuate Collection Set: 0.4ms
[2020-09-08T09:57:18.067-0300][gc,phases      ] GC(326)   Evacuate Collection Set: 15.5ms
[2020-09-08T09:57:18.067-0300][gc,phases      ] GC(326)   Post Evacuate Collection Set: 1.3ms
[2020-09-08T09:57:18.067-0300][gc,phases      ] GC(326)   Other: 1.2ms
[2020-09-08T09:57:18.068-0300][gc,heap        ] GC(326) Eden regions: 11->0(30)
[2020-09-08T09:57:18.068-0300][gc,heap        ] GC(326) Survivor regions: 1->2(5)
[2020-09-08T09:57:18.068-0300][gc,heap        ] GC(326) Old regions: 45->45
[2020-09-08T09:57:18.068-0300][gc,heap        ] GC(326) Humongous regions: 4->4
[2020-09-08T09:57:18.068-0300][gc,metaspace   ] GC(326) Metaspace: 42575K->42575K(1089536K)
[2020-09-08T09:57:18.068-0300][gc,heap        ] GC(326) Heap after GC invocations=327 (full 1): garbage-first heap   total 109568K, used 48881K [0x0000000083000000, 0x0000000100000000)
[2020-09-08T09:57:18.068-0300][gc,heap        ] GC(326)   region size 1024K, 2 young (2048K), 2 survivors (2048K)
[2020-09-08T09:57:18.068-0300][gc,heap        ] GC(326)  Metaspace       used 42575K, capacity 45982K, committed 46208K, reserved 1089536K
[2020-09-08T09:57:18.068-0300][gc,heap        ] GC(326)   class space    used 4712K, capacity 5993K, committed 6016K, reserved 1048576K
[2020-09-08T09:57:18.068-0300][gc             ] GC(326) Pause Young (Concurrent Start) (G1 Humongous Allocation) 57M->47M(107M) 18.837ms
[2020-09-08T09:57:18.068-0300][gc,cpu         ] GC(326) User=0.05s Sys=0.01s Real=0.02s
[2020-09-08T09:57:18.068-0300][gc             ] GC(327) Concurrent Cycle
[2020-09-08T09:57:18.068-0300][gc,marking     ] GC(327) Concurrent Clear Claimed Marks
[2020-09-08T09:57:18.070-0300][gc,marking     ] GC(327) Concurrent Clear Claimed Marks 1.047ms
[2020-09-08T09:57:18.070-0300][gc,marking     ] GC(327) Concurrent Scan Root Regions
[2020-09-08T09:57:18.078-0300][gc,marking     ] GC(327) Concurrent Scan Root Regions 7.863ms
[2020-09-08T09:57:18.078-0300][gc,marking     ] GC(327) Concurrent Mark (1295.551s)
[2020-09-08T09:57:18.078-0300][gc,marking     ] GC(327) Concurrent Mark From Roots
[2020-09-08T09:57:18.078-0300][gc,task        ] GC(327) Using 1 workers of 1 for marking
[2020-09-08T09:57:18.349-0300][gc,marking     ] GC(327) Concurrent Mark From Roots 270.806ms
[2020-09-08T09:57:18.349-0300][gc,marking     ] GC(327) Concurrent Preclean
[2020-09-08T09:57:18.349-0300][gc,marking     ] GC(327) Concurrent Preclean 0.305ms
[2020-09-08T09:57:18.349-0300][gc,marking     ] GC(327) Concurrent Mark (1295.551s, 1295.823s) 271.390ms
[2020-09-08T09:57:18.350-0300][gc,start       ] GC(327) Pause Remark
[2020-09-08T09:57:18.383-0300][gc,stringtable ] GC(327) Cleaned string and symbol table, strings: 23622 processed, 0 removed, symbols: 95119 processed, 0 removed
[2020-09-08T09:57:18.384-0300][gc             ] GC(327) Pause Remark 53M->53M(107M) 33.589ms
[2020-09-08T09:57:18.384-0300][gc,cpu         ] GC(327) User=0.13s Sys=0.00s Real=0.04s
[2020-09-08T09:57:18.385-0300][gc,marking     ] GC(327) Concurrent Rebuild Remembered Sets
[2020-09-08T09:57:18.545-0300][gc,marking     ] GC(327) Concurrent Rebuild Remembered Sets 160.176ms
[2020-09-08T09:57:18.546-0300][gc,start       ] GC(327) Pause Cleanup
[2020-09-08T09:57:18.546-0300][gc             ] GC(327) Pause Cleanup 53M->53M(107M) 0.471ms
[2020-09-08T09:57:18.547-0300][gc,cpu         ] GC(327) User=0.00s Sys=0.01s Real=0.00s
[2020-09-08T09:57:18.547-0300][gc,marking     ] GC(327) Concurrent Cleanup for Next Mark
[2020-09-08T09:57:18.548-0300][gc,marking     ] GC(327) Concurrent Cleanup for Next Mark 1.282ms
[2020-09-08T09:57:18.548-0300][gc             ] GC(327) Concurrent Cycle 480.035ms
[2020-09-08T09:57:30.025-0300][gc,heap        ] GC(328) Heap before GC invocations=328 (full 1): garbage-first heap   total 109568K, used 82673K [0x0000000083000000, 0x0000000100000000)
[2020-09-08T09:57:30.025-0300][gc,heap        ] GC(328)   region size 1024K, 32 young (32768K), 2 survivors (2048K)
[2020-09-08T09:57:30.025-0300][gc,heap        ] GC(328)  Metaspace       used 42575K, capacity 45982K, committed 46208K, reserved 1089536K
[2020-09-08T09:57:30.025-0300][gc,heap        ] GC(328)   class space    used 4712K, capacity 5993K, committed 6016K, reserved 1048576K
[2020-09-08T09:57:30.025-0300][gc,start       ] GC(328) Pause Young (Prepare Mixed) (G1 Evacuation Pause)
[2020-09-08T09:57:30.025-0300][gc,task        ] GC(328) Using 4 workers of 4 for evacuation
[2020-09-08T09:57:30.036-0300][gc,phases      ] GC(328)   Pre Evacuate Collection Set: 0.1ms
[2020-09-08T09:57:30.036-0300][gc,phases      ] GC(328)   Evacuate Collection Set: 8.1ms
[2020-09-08T09:57:30.036-0300][gc,phases      ] GC(328)   Post Evacuate Collection Set: 2.0ms
[2020-09-08T09:57:30.036-0300][gc,phases      ] GC(328)   Other: 1.2ms
[2020-09-08T09:57:30.036-0300][gc,heap        ] GC(328) Eden regions: 30->0(4)
[2020-09-08T09:57:30.036-0300][gc,heap        ] GC(328) Survivor regions: 2->1(4)
[2020-09-08T09:57:30.036-0300][gc,heap        ] GC(328) Old regions: 45->45
[2020-09-08T09:57:30.036-0300][gc,heap        ] GC(328) Humongous regions: 8->4
[2020-09-08T09:57:30.036-0300][gc,metaspace   ] GC(328) Metaspace: 42575K->42575K(1089536K)
[2020-09-08T09:57:30.036-0300][gc,heap        ] GC(328) Heap after GC invocations=329 (full 1): garbage-first heap   total 109568K, used 48235K [0x0000000083000000, 0x0000000100000000)
[2020-09-08T09:57:30.036-0300][gc,heap        ] GC(328)   region size 1024K, 1 young (1024K), 1 survivors (1024K)
[2020-09-08T09:57:30.037-0300][gc,heap        ] GC(328)  Metaspace       used 42575K, capacity 45982K, committed 46208K, reserved 1089536K
[2020-09-08T09:57:30.037-0300][gc,heap        ] GC(328)   class space    used 4712K, capacity 5993K, committed 6016K, reserved 1048576K
[2020-09-08T09:57:30.037-0300][gc             ] GC(328) Pause Young (Prepare Mixed) (G1 Evacuation Pause) 81M->47M(107M) 11.701ms
[2020-09-08T09:57:30.037-0300][gc,cpu         ] GC(328) User=0.03s Sys=0.00s Real=0.01s
[2020-09-08T09:57:31.100-0300][gc,heap        ] GC(329) Heap before GC invocations=329 (full 1): garbage-first heap   total 109568K, used 52331K [0x0000000083000000, 0x0000000100000000)
[2020-09-08T09:57:31.100-0300][gc,heap        ] GC(329)   region size 1024K, 5 young (5120K), 1 survivors (1024K)
[2020-09-08T09:57:31.101-0300][gc,heap        ] GC(329)  Metaspace       used 42575K, capacity 45982K, committed 46208K, reserved 1089536K
[2020-09-08T09:57:31.101-0300][gc,heap        ] GC(329)   class space    used 4712K, capacity 5993K, committed 6016K, reserved 1048576K
[2020-09-08T09:57:31.101-0300][gc,start       ] GC(329) Pause Young (Mixed) (G1 Evacuation Pause)
[2020-09-08T09:57:31.101-0300][gc,task        ] GC(329) Using 4 workers of 4 for evacuation
[2020-09-08T09:57:31.112-0300][gc,phases      ] GC(329)   Pre Evacuate Collection Set: 0.1ms
[2020-09-08T09:57:31.112-0300][gc,phases      ] GC(329)   Evacuate Collection Set: 8.5ms
[2020-09-08T09:57:31.112-0300][gc,phases      ] GC(329)   Post Evacuate Collection Set: 1.5ms
[2020-09-08T09:57:31.112-0300][gc,phases      ] GC(329)   Other: 1.2ms
[2020-09-08T09:57:31.112-0300][gc,heap        ] GC(329) Eden regions: 4->0(33)
[2020-09-08T09:57:31.112-0300][gc,heap        ] GC(329) Survivor regions: 1->1(1)
[2020-09-08T09:57:31.112-0300][gc,heap        ] GC(329) Old regions: 45->45
[2020-09-08T09:57:31.112-0300][gc,heap        ] GC(329) Humongous regions: 4->4
[2020-09-08T09:57:31.112-0300][gc,metaspace   ] GC(329) Metaspace: 42575K->42575K(1089536K)
[2020-09-08T09:57:31.112-0300][gc,heap        ] GC(329) Heap after GC invocations=330 (full 1): garbage-first heap   total 109568K, used 47651K [0x0000000083000000, 0x0000000100000000)
[2020-09-08T09:57:31.112-0300][gc,heap        ] GC(329)   region size 1024K, 1 young (1024K), 1 survivors (1024K)
[2020-09-08T09:57:31.112-0300][gc,heap        ] GC(329)  Metaspace       used 42575K, capacity 45982K, committed 46208K, reserved 1089536K
[2020-09-08T09:57:31.112-0300][gc,heap        ] GC(329)   class space    used 4712K, capacity 5993K, committed 6016K, reserved 1048576K
[2020-09-08T09:57:31.113-0300][gc             ] GC(329) Pause Young (Mixed) (G1 Evacuation Pause) 51M->46M(107M) 11.791ms
[2020-09-08T09:57:31.113-0300][gc,cpu         ] GC(329) User=0.04s Sys=0.01s Real=0.01s
[2020-09-08T09:57:37.956-0300][gc,heap        ] GC(330) Heap before GC invocations=330 (full 1): garbage-first heap   total 109568K, used 61987K [0x0000000083000000, 0x0000000100000000)
[2020-09-08T09:57:37.956-0300][gc,heap        ] GC(330)   region size 1024K, 17 young (17408K), 1 survivors (1024K)
[2020-09-08T09:57:37.956-0300][gc,heap        ] GC(330)  Metaspace       used 42583K, capacity 45982K, committed 46208K, reserved 1089536K
[2020-09-08T09:57:37.956-0300][gc,heap        ] GC(330)   class space    used 4712K, capacity 5993K, committed 6016K, reserved 1048576K
[2020-09-08T09:57:37.956-0300][gc,start       ] GC(330) Pause Young (Concurrent Start) (G1 Humongous Allocation)
[2020-09-08T09:57:37.956-0300][gc,task        ] GC(330) Using 4 workers of 4 for evacuation
[2020-09-08T09:57:37.970-0300][gc,phases      ] GC(330)   Pre Evacuate Collection Set: 0.4ms
[2020-09-08T09:57:37.970-0300][gc,phases      ] GC(330)   Evacuate Collection Set: 9.7ms
[2020-09-08T09:57:37.970-0300][gc,phases      ] GC(330)   Post Evacuate Collection Set: 2.2ms
[2020-09-08T09:57:37.970-0300][gc,phases      ] GC(330)   Other: 1.3ms
[2020-09-08T09:57:37.970-0300][gc,heap        ] GC(330) Eden regions: 16->0(31)
[2020-09-08T09:57:37.970-0300][gc,heap        ] GC(330) Survivor regions: 1->2(5)
[2020-09-08T09:57:37.970-0300][gc,heap        ] GC(330) Old regions: 45->45
[2020-09-08T09:57:37.970-0300][gc,heap        ] GC(330) Humongous regions: 4->4
[2020-09-08T09:57:37.970-0300][gc,metaspace   ] GC(330) Metaspace: 42583K->42583K(1089536K)
[2020-09-08T09:57:37.970-0300][gc,heap        ] GC(330) Heap after GC invocations=331 (full 1): garbage-first heap   total 109568K, used 48779K [0x0000000083000000, 0x0000000100000000)
[2020-09-08T09:57:37.970-0300][gc,heap        ] GC(330)   region size 1024K, 2 young (2048K), 2 survivors (2048K)
[2020-09-08T09:57:37.971-0300][gc,heap        ] GC(330)  Metaspace       used 42583K, capacity 45982K, committed 46208K, reserved 1089536K
[2020-09-08T09:57:37.971-0300][gc,heap        ] GC(330)   class space    used 4712K, capacity 5993K, committed 6016K, reserved 1048576K
[2020-09-08T09:57:37.971-0300][gc             ] GC(330) Pause Young (Concurrent Start) (G1 Humongous Allocation) 61M->47M(107M) 14.469ms
[2020-09-08T09:57:37.971-0300][gc,cpu         ] GC(330) User=0.04s Sys=0.00s Real=0.02s
[2020-09-08T09:57:37.971-0300][gc             ] GC(331) Concurrent Cycle
[2020-09-08T09:57:37.972-0300][gc,marking     ] GC(331) Concurrent Clear Claimed Marks
[2020-09-08T09:57:37.972-0300][gc,marking     ] GC(331) Concurrent Clear Claimed Marks 0.556ms
[2020-09-08T09:57:37.972-0300][gc,marking     ] GC(331) Concurrent Scan Root Regions
[2020-09-08T09:57:37.982-0300][gc,marking     ] GC(331) Concurrent Scan Root Regions 9.287ms
[2020-09-08T09:57:37.982-0300][gc,marking     ] GC(331) Concurrent Mark (1315.455s)
[2020-09-08T09:57:37.982-0300][gc,marking     ] GC(331) Concurrent Mark From Roots
[2020-09-08T09:57:37.982-0300][gc,task        ] GC(331) Using 1 workers of 1 for marking
[2020-09-08T09:57:38.251-0300][gc,marking     ] GC(331) Concurrent Mark From Roots 269.488ms
[2020-09-08T09:57:38.251-0300][gc,marking     ] GC(331) Concurrent Preclean
[2020-09-08T09:57:38.252-0300][gc,marking     ] GC(331) Concurrent Preclean 0.374ms
[2020-09-08T09:57:38.252-0300][gc,marking     ] GC(331) Concurrent Mark (1315.455s, 1315.725s) 270.141ms
[2020-09-08T09:57:38.253-0300][gc,start       ] GC(331) Pause Remark
[2020-09-08T09:57:38.286-0300][gc,stringtable ] GC(331) Cleaned string and symbol table, strings: 23628 processed, 0 removed, symbols: 95119 processed, 0 removed
[2020-09-08T09:57:38.287-0300][gc             ] GC(331) Pause Remark 53M->53M(107M) 33.563ms
[2020-09-08T09:57:38.287-0300][gc,cpu         ] GC(331) User=0.12s Sys=0.00s Real=0.03s
[2020-09-08T09:57:38.287-0300][gc,marking     ] GC(331) Concurrent Rebuild Remembered Sets
[2020-09-08T09:57:38.443-0300][gc,marking     ] GC(331) Concurrent Rebuild Remembered Sets 155.681ms
[2020-09-08T09:57:38.444-0300][gc,start       ] GC(331) Pause Cleanup
[2020-09-08T09:57:38.445-0300][gc             ] GC(331) Pause Cleanup 53M->53M(107M) 0.451ms
[2020-09-08T09:57:38.445-0300][gc,cpu         ] GC(331) User=0.00s Sys=0.00s Real=0.00s
[2020-09-08T09:57:38.445-0300][gc,marking     ] GC(331) Concurrent Cleanup for Next Mark
[2020-09-08T09:57:38.446-0300][gc,marking     ] GC(331) Concurrent Cleanup for Next Mark 1.233ms
[2020-09-08T09:57:38.446-0300][gc             ] GC(331) Concurrent Cycle 475.062ms
[2020-09-08T09:57:53.551-0300][gc,heap        ] GC(332) Heap before GC invocations=332 (full 1): garbage-first heap   total 109568K, used 83595K [0x0000000083000000, 0x0000000100000000)
[2020-09-08T09:57:53.551-0300][gc,heap        ] GC(332)   region size 1024K, 33 young (33792K), 2 survivors (2048K)
[2020-09-08T09:57:53.551-0300][gc,heap        ] GC(332)  Metaspace       used 42586K, capacity 45982K, committed 46208K, reserved 1089536K
[2020-09-08T09:57:53.552-0300][gc,heap        ] GC(332)   class space    used 4712K, capacity 5993K, committed 6016K, reserved 1048576K
[2020-09-08T09:57:53.552-0300][gc,start       ] GC(332) Pause Young (Prepare Mixed) (G1 Evacuation Pause)
[2020-09-08T09:57:53.552-0300][gc,task        ] GC(332) Using 4 workers of 4 for evacuation
[2020-09-08T09:57:53.561-0300][gc,phases      ] GC(332)   Pre Evacuate Collection Set: 0.1ms
[2020-09-08T09:57:53.561-0300][gc,phases      ] GC(332)   Evacuate Collection Set: 6.2ms
[2020-09-08T09:57:53.561-0300][gc,phases      ] GC(332)   Post Evacuate Collection Set: 2.1ms
[2020-09-08T09:57:53.561-0300][gc,phases      ] GC(332)   Other: 1.2ms
[2020-09-08T09:57:53.561-0300][gc,heap        ] GC(332) Eden regions: 31->0(4)
[2020-09-08T09:57:53.561-0300][gc,heap        ] GC(332) Survivor regions: 2->1(5)
[2020-09-08T09:57:53.561-0300][gc,heap        ] GC(332) Old regions: 45->45
[2020-09-08T09:57:53.561-0300][gc,heap        ] GC(332) Humongous regions: 8->4
[2020-09-08T09:57:53.561-0300][gc,metaspace   ] GC(332) Metaspace: 42586K->42586K(1089536K)
[2020-09-08T09:57:53.561-0300][gc,heap        ] GC(332) Heap after GC invocations=333 (full 1): garbage-first heap   total 109568K, used 48084K [0x0000000083000000, 0x0000000100000000)
[2020-09-08T09:57:53.561-0300][gc,heap        ] GC(332)   region size 1024K, 1 young (1024K), 1 survivors (1024K)
[2020-09-08T09:57:53.561-0300][gc,heap        ] GC(332)  Metaspace       used 42586K, capacity 45982K, committed 46208K, reserved 1089536K
[2020-09-08T09:57:53.562-0300][gc,heap        ] GC(332)   class space    used 4712K, capacity 5993K, committed 6016K, reserved 1048576K
[2020-09-08T09:57:53.562-0300][gc             ] GC(332) Pause Young (Prepare Mixed) (G1 Evacuation Pause) 82M->46M(107M) 9.940ms
[2020-09-08T09:57:53.562-0300][gc,cpu         ] GC(332) User=0.03s Sys=0.00s Real=0.01s
[2020-09-08T09:57:57.702-0300][gc,heap        ] GC(333) Heap before GC invocations=333 (full 1): garbage-first heap   total 109568K, used 51156K [0x0000000083000000, 0x0000000100000000)
[2020-09-08T09:57:57.702-0300][gc,heap        ] GC(333)   region size 1024K, 5 young (5120K), 1 survivors (1024K)
[2020-09-08T09:57:57.702-0300][gc,heap        ] GC(333)  Metaspace       used 42586K, capacity 45982K, committed 46208K, reserved 1089536K
[2020-09-08T09:57:57.702-0300][gc,heap        ] GC(333)   class space    used 4712K, capacity 5993K, committed 6016K, reserved 1048576K
[2020-09-08T09:57:57.702-0300][gc,start       ] GC(333) Pause Young (Mixed) (G1 Evacuation Pause)
[2020-09-08T09:57:57.702-0300][gc,task        ] GC(333) Using 4 workers of 4 for evacuation
[2020-09-08T09:57:57.715-0300][gc,phases      ] GC(333)   Pre Evacuate Collection Set: 0.1ms
[2020-09-08T09:57:57.715-0300][gc,phases      ] GC(333)   Evacuate Collection Set: 10.5ms
[2020-09-08T09:57:57.715-0300][gc,phases      ] GC(333)   Post Evacuate Collection Set: 1.5ms
[2020-09-08T09:57:57.715-0300][gc,phases      ] GC(333)   Other: 1.2ms
[2020-09-08T09:57:57.716-0300][gc,heap        ] GC(333) Eden regions: 4->0(34)
[2020-09-08T09:57:57.716-0300][gc,heap        ] GC(333) Survivor regions: 1->1(1)
[2020-09-08T09:57:57.716-0300][gc,heap        ] GC(333) Old regions: 45->44
[2020-09-08T09:57:57.716-0300][gc,heap        ] GC(333) Humongous regions: 4->4
[2020-09-08T09:57:57.716-0300][gc,metaspace   ] GC(333) Metaspace: 42586K->42586K(1089536K)
[2020-09-08T09:57:57.716-0300][gc,heap        ] GC(333) Heap after GC invocations=334 (full 1): garbage-first heap   total 109568K, used 47047K [0x0000000083000000, 0x0000000100000000)
[2020-09-08T09:57:57.716-0300][gc,heap        ] GC(333)   region size 1024K, 1 young (1024K), 1 survivors (1024K)
[2020-09-08T09:57:57.716-0300][gc,heap        ] GC(333)  Metaspace       used 42586K, capacity 45982K, committed 46208K, reserved 1089536K
[2020-09-08T09:57:57.716-0300][gc,heap        ] GC(333)   class space    used 4712K, capacity 5993K, committed 6016K, reserved 1048576K
[2020-09-08T09:57:57.716-0300][gc             ] GC(333) Pause Young (Mixed) (G1 Evacuation Pause) 50M->45M(107M) 13.739ms
[2020-09-08T09:57:57.716-0300][gc,cpu         ] GC(333) User=0.05s Sys=0.00s Real=0.01s
[2020-09-08T09:57:57.963-0300][gc,heap        ] GC(334) Heap before GC invocations=334 (full 1): garbage-first heap   total 109568K, used 55239K [0x0000000083000000, 0x0000000100000000)
[2020-09-08T09:57:57.964-0300][gc,heap        ] GC(334)   region size 1024K, 11 young (11264K), 1 survivors (1024K)
[2020-09-08T09:57:57.964-0300][gc,heap        ] GC(334)  Metaspace       used 42586K, capacity 45982K, committed 46208K, reserved 1089536K
[2020-09-08T09:57:57.964-0300][gc,heap        ] GC(334)   class space    used 4712K, capacity 5993K, committed 6016K, reserved 1048576K
[2020-09-08T09:57:57.964-0300][gc,start       ] GC(334) Pause Young (Concurrent Start) (G1 Humongous Allocation)
[2020-09-08T09:57:57.964-0300][gc,task        ] GC(334) Using 4 workers of 4 for evacuation
[2020-09-08T09:57:57.977-0300][gc,phases      ] GC(334)   Pre Evacuate Collection Set: 0.5ms
[2020-09-08T09:57:57.977-0300][gc,phases      ] GC(334)   Evacuate Collection Set: 9.7ms
[2020-09-08T09:57:57.978-0300][gc,phases      ] GC(334)   Post Evacuate Collection Set: 2.0ms
[2020-09-08T09:57:57.978-0300][gc,phases      ] GC(334)   Other: 1.6ms
[2020-09-08T09:57:57.978-0300][gc,heap        ] GC(334) Eden regions: 10->0(29)
[2020-09-08T09:57:57.978-0300][gc,heap        ] GC(334) Survivor regions: 1->2(5)
[2020-09-08T09:57:57.978-0300][gc,heap        ] GC(334) Old regions: 44->44
[2020-09-08T09:57:57.978-0300][gc,heap        ] GC(334) Humongous regions: 4->4
[2020-09-08T09:57:57.978-0300][gc,metaspace   ] GC(334) Metaspace: 42586K->42586K(1089536K)
[2020-09-08T09:57:57.978-0300][gc,heap        ] GC(334) Heap after GC invocations=335 (full 1): garbage-first heap   total 109568K, used 47995K [0x0000000083000000, 0x0000000100000000)
[2020-09-08T09:57:57.978-0300][gc,heap        ] GC(334)   region size 1024K, 2 young (2048K), 2 survivors (2048K)
[2020-09-08T09:57:57.979-0300][gc,heap        ] GC(334)  Metaspace       used 42586K, capacity 45982K, committed 46208K, reserved 1089536K
[2020-09-08T09:57:57.979-0300][gc,heap        ] GC(334)   class space    used 4712K, capacity 5993K, committed 6016K, reserved 1048576K
[2020-09-08T09:57:57.979-0300][gc             ] GC(334) Pause Young (Concurrent Start) (G1 Humongous Allocation) 55M->46M(107M) 14.928ms
[2020-09-08T09:57:57.979-0300][gc,cpu         ] GC(334) User=0.04s Sys=0.00s Real=0.01s
[2020-09-08T09:57:57.979-0300][gc             ] GC(335) Concurrent Cycle
[2020-09-08T09:57:57.980-0300][gc,marking     ] GC(335) Concurrent Clear Claimed Marks
[2020-09-08T09:57:57.980-0300][gc,marking     ] GC(335) Concurrent Clear Claimed Marks 0.607ms
[2020-09-08T09:57:57.980-0300][gc,marking     ] GC(335) Concurrent Scan Root Regions
[2020-09-08T09:57:57.990-0300][gc,marking     ] GC(335) Concurrent Scan Root Regions 9.663ms
[2020-09-08T09:57:57.990-0300][gc,marking     ] GC(335) Concurrent Mark (1335.464s)
[2020-09-08T09:57:57.990-0300][gc,marking     ] GC(335) Concurrent Mark From Roots
[2020-09-08T09:57:57.990-0300][gc,task        ] GC(335) Using 1 workers of 1 for marking
[2020-09-08T09:57:58.259-0300][gc,marking     ] GC(335) Concurrent Mark From Roots 268.733ms
[2020-09-08T09:57:58.259-0300][gc,marking     ] GC(335) Concurrent Preclean
[2020-09-08T09:57:58.259-0300][gc,marking     ] GC(335) Concurrent Preclean 0.283ms
[2020-09-08T09:57:58.259-0300][gc,marking     ] GC(335) Concurrent Mark (1335.464s, 1335.733s) 269.242ms
[2020-09-08T09:57:58.261-0300][gc,start       ] GC(335) Pause Remark
[2020-09-08T09:57:58.293-0300][gc,stringtable ] GC(335) Cleaned string and symbol table, strings: 23632 processed, 0 removed, symbols: 95119 processed, 0 removed
[2020-09-08T09:57:58.294-0300][gc             ] GC(335) Pause Remark 52M->52M(107M) 33.029ms
[2020-09-08T09:57:58.294-0300][gc,cpu         ] GC(335) User=0.12s Sys=0.00s Real=0.04s
[2020-09-08T09:57:58.294-0300][gc,marking     ] GC(335) Concurrent Rebuild Remembered Sets
[2020-09-08T09:57:58.448-0300][gc,marking     ] GC(335) Concurrent Rebuild Remembered Sets 154.040ms
[2020-09-08T09:57:58.450-0300][gc,start       ] GC(335) Pause Cleanup
[2020-09-08T09:57:58.450-0300][gc             ] GC(335) Pause Cleanup 52M->52M(107M) 0.536ms
[2020-09-08T09:57:58.450-0300][gc,cpu         ] GC(335) User=0.00s Sys=0.00s Real=0.00s
[2020-09-08T09:57:58.451-0300][gc,marking     ] GC(335) Concurrent Cleanup for Next Mark
[2020-09-08T09:57:58.452-0300][gc,marking     ] GC(335) Concurrent Cleanup for Next Mark 1.324ms
[2020-09-08T09:57:58.452-0300][gc             ] GC(335) Concurrent Cycle 472.561ms
[2020-09-08T09:58:09.988-0300][gc,heap        ] GC(336) Heap before GC invocations=336 (full 1): garbage-first heap   total 109568K, used 80763K [0x0000000083000000, 0x0000000100000000)
[2020-09-08T09:58:09.988-0300][gc,heap        ] GC(336)   region size 1024K, 31 young (31744K), 2 survivors (2048K)
[2020-09-08T09:58:09.988-0300][gc,heap        ] GC(336)  Metaspace       used 42587K, capacity 45982K, committed 46208K, reserved 1089536K
[2020-09-08T09:58:09.988-0300][gc,heap        ] GC(336)   class space    used 4712K, capacity 5993K, committed 6016K, reserved 1048576K
[2020-09-08T09:58:09.988-0300][gc,start       ] GC(336) Pause Young (Prepare Mixed) (G1 Evacuation Pause)
[2020-09-08T09:58:09.988-0300][gc,task        ] GC(336) Using 4 workers of 4 for evacuation
[2020-09-08T09:58:09.997-0300][gc,phases      ] GC(336)   Pre Evacuate Collection Set: 0.1ms
[2020-09-08T09:58:09.997-0300][gc,phases      ] GC(336)   Evacuate Collection Set: 6.1ms
[2020-09-08T09:58:09.997-0300][gc,phases      ] GC(336)   Post Evacuate Collection Set: 2.1ms
[2020-09-08T09:58:09.998-0300][gc,phases      ] GC(336)   Other: 1.4ms
[2020-09-08T09:58:09.998-0300][gc,heap        ] GC(336) Eden regions: 29->0(4)
[2020-09-08T09:58:09.998-0300][gc,heap        ] GC(336) Survivor regions: 2->1(4)
[2020-09-08T09:58:09.998-0300][gc,heap        ] GC(336) Old regions: 44->44
[2020-09-08T09:58:09.998-0300][gc,heap        ] GC(336) Humongous regions: 8->4
[2020-09-08T09:58:09.998-0300][gc,metaspace   ] GC(336) Metaspace: 42587K->42587K(1089536K)
[2020-09-08T09:58:09.998-0300][gc,heap        ] GC(336) Heap after GC invocations=337 (full 1): garbage-first heap   total 109568K, used 47224K [0x0000000083000000, 0x0000000100000000)
[2020-09-08T09:58:09.998-0300][gc,heap        ] GC(336)   region size 1024K, 1 young (1024K), 1 survivors (1024K)
[2020-09-08T09:58:09.998-0300][gc,heap        ] GC(336)  Metaspace       used 42587K, capacity 45982K, committed 46208K, reserved 1089536K
[2020-09-08T09:58:09.998-0300][gc,heap        ] GC(336)   class space    used 4712K, capacity 5993K, committed 6016K, reserved 1048576K
[2020-09-08T09:58:09.998-0300][gc             ] GC(336) Pause Young (Prepare Mixed) (G1 Evacuation Pause) 79M->46M(107M) 10.028ms
[2020-09-08T09:58:09.998-0300][gc,cpu         ] GC(336) User=0.02s Sys=0.00s Real=0.01s
[2020-09-08T09:58:13.979-0300][gc,heap        ] GC(337) Heap before GC invocations=337 (full 1): garbage-first heap   total 109568K, used 51320K [0x0000000083000000, 0x0000000100000000)
[2020-09-08T09:58:13.979-0300][gc,heap        ] GC(337)   region size 1024K, 5 young (5120K), 1 survivors (1024K)
[2020-09-08T09:58:13.979-0300][gc,heap        ] GC(337)  Metaspace       used 42587K, capacity 45982K, committed 46208K, reserved 1089536K
[2020-09-08T09:58:13.979-0300][gc,heap        ] GC(337)   class space    used 4712K, capacity 5993K, committed 6016K, reserved 1048576K
[2020-09-08T09:58:13.979-0300][gc,start       ] GC(337) Pause Young (Mixed) (G1 Evacuation Pause)
[2020-09-08T09:58:13.979-0300][gc,task        ] GC(337) Using 4 workers of 4 for evacuation
[2020-09-08T09:58:13.993-0300][gc,phases      ] GC(337)   Pre Evacuate Collection Set: 0.1ms
[2020-09-08T09:58:13.994-0300][gc,phases      ] GC(337)   Evacuate Collection Set: 11.3ms
[2020-09-08T09:58:13.994-0300][gc,phases      ] GC(337)   Post Evacuate Collection Set: 1.9ms
[2020-09-08T09:58:13.994-0300][gc,phases      ] GC(337)   Other: 1.1ms
[2020-09-08T09:58:13.994-0300][gc,heap        ] GC(337) Eden regions: 4->0(32)
[2020-09-08T09:58:13.994-0300][gc,heap        ] GC(337) Survivor regions: 1->1(1)
[2020-09-08T09:58:13.994-0300][gc,heap        ] GC(337) Old regions: 44->44
[2020-09-08T09:58:13.994-0300][gc,heap        ] GC(337) Humongous regions: 4->4
[2020-09-08T09:58:13.994-0300][gc,metaspace   ] GC(337) Metaspace: 42587K->42587K(1089536K)
[2020-09-08T09:58:13.994-0300][gc,heap        ] GC(337) Heap after GC invocations=338 (full 1): garbage-first heap   total 109568K, used 46587K [0x0000000083000000, 0x0000000100000000)
[2020-09-08T09:58:13.994-0300][gc,heap        ] GC(337)   region size 1024K, 1 young (1024K), 1 survivors (1024K)
[2020-09-08T09:58:13.994-0300][gc,heap        ] GC(337)  Metaspace       used 42587K, capacity 45982K, committed 46208K, reserved 1089536K
[2020-09-08T09:58:13.994-0300][gc,heap        ] GC(337)   class space    used 4712K, capacity 5993K, committed 6016K, reserved 1048576K
[2020-09-08T09:58:13.994-0300][gc             ] GC(337) Pause Young (Mixed) (G1 Evacuation Pause) 50M->45M(107M) 14.980ms
[2020-09-08T09:58:13.994-0300][gc,cpu         ] GC(337) User=0.04s Sys=0.01s Real=0.02s
[2020-09-08T09:58:18.060-0300][gc,heap        ] GC(338) Heap before GC invocations=338 (full 1): garbage-first heap   total 109568K, used 59899K [0x0000000083000000, 0x0000000100000000)
[2020-09-08T09:58:18.060-0300][gc,heap        ] GC(338)   region size 1024K, 16 young (16384K), 1 survivors (1024K)
[2020-09-08T09:58:18.060-0300][gc,heap        ] GC(338)  Metaspace       used 42587K, capacity 45982K, committed 46208K, reserved 1089536K
[2020-09-08T09:58:18.060-0300][gc,heap        ] GC(338)   class space    used 4712K, capacity 5993K, committed 6016K, reserved 1048576K
[2020-09-08T09:58:18.061-0300][gc,start       ] GC(338) Pause Young (Concurrent Start) (G1 Humongous Allocation)
[2020-09-08T09:58:18.061-0300][gc,task        ] GC(338) Using 4 workers of 4 for evacuation
[2020-09-08T09:58:18.080-0300][gc,phases      ] GC(338)   Pre Evacuate Collection Set: 0.3ms
[2020-09-08T09:58:18.081-0300][gc,phases      ] GC(338)   Evacuate Collection Set: 10.1ms
[2020-09-08T09:58:18.081-0300][gc,phases      ] GC(338)   Post Evacuate Collection Set: 8.6ms
[2020-09-08T09:58:18.081-0300][gc,phases      ] GC(338)   Other: 1.3ms
[2020-09-08T09:58:18.081-0300][gc,heap        ] GC(338) Eden regions: 15->0(31)
[2020-09-08T09:58:18.081-0300][gc,heap        ] GC(338) Survivor regions: 1->2(5)
[2020-09-08T09:58:18.081-0300][gc,heap        ] GC(338) Old regions: 44->44
[2020-09-08T09:58:18.081-0300][gc,heap        ] GC(338) Humongous regions: 4->4
[2020-09-08T09:58:18.081-0300][gc,metaspace   ] GC(338) Metaspace: 42587K->42587K(1089536K)
[2020-09-08T09:58:18.081-0300][gc,heap        ] GC(338) Heap after GC invocations=339 (full 1): garbage-first heap   total 109568K, used 47826K [0x0000000083000000, 0x0000000100000000)
[2020-09-08T09:58:18.081-0300][gc,heap        ] GC(338)   region size 1024K, 2 young (2048K), 2 survivors (2048K)
[2020-09-08T09:58:18.081-0300][gc,heap        ] GC(338)  Metaspace       used 42587K, capacity 45982K, committed 46208K, reserved 1089536K
[2020-09-08T09:58:18.081-0300][gc,heap        ] GC(338)   class space    used 4712K, capacity 5993K, committed 6016K, reserved 1048576K
[2020-09-08T09:58:18.081-0300][gc             ] GC(338) Pause Young (Concurrent Start) (G1 Humongous Allocation) 60M->46M(107M) 20.780ms
[2020-09-08T09:58:18.082-0300][gc,cpu         ] GC(338) User=0.05s Sys=0.00s Real=0.03s
[2020-09-08T09:58:18.083-0300][gc             ] GC(339) Concurrent Cycle
[2020-09-08T09:58:18.083-0300][gc,marking     ] GC(339) Concurrent Clear Claimed Marks
[2020-09-08T09:58:18.084-0300][gc,marking     ] GC(339) Concurrent Clear Claimed Marks 0.908ms
[2020-09-08T09:58:18.084-0300][gc,marking     ] GC(339) Concurrent Scan Root Regions
[2020-09-08T09:58:18.093-0300][gc,marking     ] GC(339) Concurrent Scan Root Regions 8.477ms
[2020-09-08T09:58:18.093-0300][gc,marking     ] GC(339) Concurrent Mark (1355.567s)
[2020-09-08T09:58:18.093-0300][gc,marking     ] GC(339) Concurrent Mark From Roots
[2020-09-08T09:58:18.093-0300][gc,task        ] GC(339) Using 1 workers of 1 for marking
[2020-09-08T09:58:18.364-0300][gc,marking     ] GC(339) Concurrent Mark From Roots 270.511ms
[2020-09-08T09:58:18.364-0300][gc,marking     ] GC(339) Concurrent Preclean
[2020-09-08T09:58:18.364-0300][gc,marking     ] GC(339) Concurrent Preclean 0.370ms
[2020-09-08T09:58:18.364-0300][gc,marking     ] GC(339) Concurrent Mark (1355.567s, 1355.838s) 271.128ms
[2020-09-08T09:58:18.365-0300][gc,start       ] GC(339) Pause Remark
[2020-09-08T09:58:18.398-0300][gc,stringtable ] GC(339) Cleaned string and symbol table, strings: 23661 processed, 0 removed, symbols: 95119 processed, 0 removed
[2020-09-08T09:58:18.399-0300][gc             ] GC(339) Pause Remark 52M->52M(107M) 33.424ms
[2020-09-08T09:58:18.399-0300][gc,cpu         ] GC(339) User=0.12s Sys=0.00s Real=0.03s
[2020-09-08T09:58:18.399-0300][gc,marking     ] GC(339) Concurrent Rebuild Remembered Sets
[2020-09-08T09:58:18.556-0300][gc,marking     ] GC(339) Concurrent Rebuild Remembered Sets 156.302ms
[2020-09-08T09:58:18.557-0300][gc,start       ] GC(339) Pause Cleanup
[2020-09-08T09:58:18.557-0300][gc             ] GC(339) Pause Cleanup 52M->52M(107M) 0.503ms
[2020-09-08T09:58:18.558-0300][gc,cpu         ] GC(339) User=0.00s Sys=0.00s Real=0.00s
[2020-09-08T09:58:18.558-0300][gc,marking     ] GC(339) Concurrent Cleanup for Next Mark
[2020-09-08T09:58:18.559-0300][gc,marking     ] GC(339) Concurrent Cleanup for Next Mark 1.239ms
[2020-09-08T09:58:18.559-0300][gc             ] GC(339) Concurrent Cycle 476.327ms
[2020-09-08T09:58:28.070-0300][gc,heap        ] GC(340) Heap before GC invocations=340 (full 1): garbage-first heap   total 109568K, used 74450K [0x0000000083000000, 0x0000000100000000)
[2020-09-08T09:58:28.071-0300][gc,heap        ] GC(340)   region size 1024K, 28 young (28672K), 2 survivors (2048K)
[2020-09-08T09:58:28.071-0300][gc,heap        ] GC(340)  Metaspace       used 42587K, capacity 45982K, committed 46208K, reserved 1089536K
[2020-09-08T09:58:28.071-0300][gc,heap        ] GC(340)   class space    used 4712K, capacity 5993K, committed 6016K, reserved 1048576K
[2020-09-08T09:58:28.071-0300][gc,start       ] GC(340) Pause Young (Concurrent Start) (G1 Humongous Allocation)
[2020-09-08T09:58:28.071-0300][gc,task        ] GC(340) Using 4 workers of 4 for evacuation
[2020-09-08T09:58:28.086-0300][gc,phases      ] GC(340)   Pre Evacuate Collection Set: 0.4ms
[2020-09-08T09:58:28.086-0300][gc,phases      ] GC(340)   Evacuate Collection Set: 11.5ms
[2020-09-08T09:58:28.086-0300][gc,phases      ] GC(340)   Post Evacuate Collection Set: 1.9ms
[2020-09-08T09:58:28.086-0300][gc,phases      ] GC(340)   Other: 1.4ms
[2020-09-08T09:58:28.086-0300][gc,heap        ] GC(340) Eden regions: 26->0(32)
[2020-09-08T09:58:28.086-0300][gc,heap        ] GC(340) Survivor regions: 2->3(5)
[2020-09-08T09:58:28.086-0300][gc,heap        ] GC(340) Old regions: 44->44
[2020-09-08T09:58:28.086-0300][gc,heap        ] GC(340) Humongous regions: 6->4
[2020-09-08T09:58:28.086-0300][gc,metaspace   ] GC(340) Metaspace: 42587K->42587K(1089536K)
[2020-09-08T09:58:28.086-0300][gc,heap        ] GC(340) Heap after GC invocations=341 (full 1): garbage-first heap   total 109568K, used 48296K [0x0000000083000000, 0x0000000100000000)
[2020-09-08T09:58:28.086-0300][gc,heap        ] GC(340)   region size 1024K, 3 young (3072K), 3 survivors (3072K)
[2020-09-08T09:58:28.086-0300][gc,heap        ] GC(340)  Metaspace       used 42587K, capacity 45982K, committed 46208K, reserved 1089536K
[2020-09-08T09:58:28.086-0300][gc,heap        ] GC(340)   class space    used 4712K, capacity 5993K, committed 6016K, reserved 1048576K
[2020-09-08T09:58:28.086-0300][gc             ] GC(340) Pause Young (Concurrent Start) (G1 Humongous Allocation) 74M->47M(107M) 15.456ms
[2020-09-08T09:58:28.088-0300][gc,cpu         ] GC(340) User=0.05s Sys=0.00s Real=0.01s
[2020-09-08T09:58:28.088-0300][gc             ] GC(341) Concurrent Cycle
[2020-09-08T09:58:28.088-0300][gc,marking     ] GC(341) Concurrent Clear Claimed Marks
[2020-09-08T09:58:28.089-0300][gc,marking     ] GC(341) Concurrent Clear Claimed Marks 0.823ms
[2020-09-08T09:58:28.089-0300][gc,marking     ] GC(341) Concurrent Scan Root Regions
[2020-09-08T09:58:28.098-0300][gc,marking     ] GC(341) Concurrent Scan Root Regions 8.816ms
[2020-09-08T09:58:28.098-0300][gc,marking     ] GC(341) Concurrent Mark (1365.572s)
[2020-09-08T09:58:28.098-0300][gc,marking     ] GC(341) Concurrent Mark From Roots
[2020-09-08T09:58:28.098-0300][gc,task        ] GC(341) Using 1 workers of 1 for marking
[2020-09-08T09:58:28.368-0300][gc,marking     ] GC(341) Concurrent Mark From Roots 269.738ms
[2020-09-08T09:58:28.368-0300][gc,marking     ] GC(341) Concurrent Preclean
[2020-09-08T09:58:28.368-0300][gc,marking     ] GC(341) Concurrent Preclean 0.286ms
[2020-09-08T09:58:28.369-0300][gc,marking     ] GC(341) Concurrent Mark (1365.572s, 1365.842s) 270.228ms
[2020-09-08T09:58:28.370-0300][gc,start       ] GC(341) Pause Remark
[2020-09-08T09:58:28.403-0300][gc,stringtable ] GC(341) Cleaned string and symbol table, strings: 23661 processed, 0 removed, symbols: 95119 processed, 0 removed
[2020-09-08T09:58:28.404-0300][gc             ] GC(341) Pause Remark 52M->52M(107M) 33.701ms
[2020-09-08T09:58:28.404-0300][gc,cpu         ] GC(341) User=0.12s Sys=0.00s Real=0.04s
[2020-09-08T09:58:28.404-0300][gc,marking     ] GC(341) Concurrent Rebuild Remembered Sets
[2020-09-08T09:58:28.561-0300][gc,marking     ] GC(341) Concurrent Rebuild Remembered Sets 157.128ms
[2020-09-08T09:58:28.563-0300][gc,start       ] GC(341) Pause Cleanup
[2020-09-08T09:58:28.563-0300][gc             ] GC(341) Pause Cleanup 52M->52M(107M) 0.495ms
[2020-09-08T09:58:28.564-0300][gc,cpu         ] GC(341) User=0.00s Sys=0.00s Real=0.00s
[2020-09-08T09:58:28.564-0300][gc,marking     ] GC(341) Concurrent Cleanup for Next Mark
[2020-09-08T09:58:28.565-0300][gc,marking     ] GC(341) Concurrent Cleanup for Next Mark 1.190ms
[2020-09-08T09:58:28.565-0300][gc             ] GC(341) Concurrent Cycle 477.050ms
[2020-09-08T09:58:37.987-0300][gc,heap        ] GC(342) Heap before GC invocations=342 (full 1): garbage-first heap   total 109568K, used 70824K [0x0000000083000000, 0x0000000100000000)
[2020-09-08T09:58:37.987-0300][gc,heap        ] GC(342)   region size 1024K, 25 young (25600K), 3 survivors (3072K)
[2020-09-08T09:58:37.987-0300][gc,heap        ] GC(342)  Metaspace       used 42587K, capacity 45982K, committed 46208K, reserved 1089536K
[2020-09-08T09:58:37.987-0300][gc,heap        ] GC(342)   class space    used 4712K, capacity 5993K, committed 6016K, reserved 1048576K
[2020-09-08T09:58:37.987-0300][gc,start       ] GC(342) Pause Young (Concurrent Start) (G1 Humongous Allocation)
[2020-09-08T09:58:37.987-0300][gc,task        ] GC(342) Using 4 workers of 4 for evacuation
[2020-09-08T09:58:38.006-0300][gc,phases      ] GC(342)   Pre Evacuate Collection Set: 0.4ms
[2020-09-08T09:58:38.006-0300][gc,phases      ] GC(342)   Evacuate Collection Set: 15.7ms
[2020-09-08T09:58:38.006-0300][gc,phases      ] GC(342)   Post Evacuate Collection Set: 1.9ms
[2020-09-08T09:58:38.006-0300][gc,phases      ] GC(342)   Other: 1.4ms
[2020-09-08T09:58:38.006-0300][gc,heap        ] GC(342) Eden regions: 22->0(34)
[2020-09-08T09:58:38.007-0300][gc,heap        ] GC(342) Survivor regions: 3->3(4)
[2020-09-08T09:58:38.007-0300][gc,heap        ] GC(342) Old regions: 44->44
[2020-09-08T09:58:38.007-0300][gc,heap        ] GC(342) Humongous regions: 6->4
[2020-09-08T09:58:38.007-0300][gc,metaspace   ] GC(342) Metaspace: 42587K->42587K(1089536K)
[2020-09-08T09:58:38.007-0300][gc,heap        ] GC(342) Heap after GC invocations=343 (full 1): garbage-first heap   total 109568K, used 48473K [0x0000000083000000, 0x0000000100000000)
[2020-09-08T09:58:38.007-0300][gc,heap        ] GC(342)   region size 1024K, 3 young (3072K), 3 survivors (3072K)
[2020-09-08T09:58:38.007-0300][gc,heap        ] GC(342)  Metaspace       used 42587K, capacity 45982K, committed 46208K, reserved 1089536K
[2020-09-08T09:58:38.007-0300][gc,heap        ] GC(342)   class space    used 4712K, capacity 5993K, committed 6016K, reserved 1048576K
[2020-09-08T09:58:38.007-0300][gc             ] GC(342) Pause Young (Concurrent Start) (G1 Humongous Allocation) 70M->47M(107M) 19.704ms
[2020-09-08T09:58:38.007-0300][gc,cpu         ] GC(342) User=0.05s Sys=0.01s Real=0.02s
[2020-09-08T09:58:38.007-0300][gc             ] GC(343) Concurrent Cycle
[2020-09-08T09:58:38.007-0300][gc,marking     ] GC(343) Concurrent Clear Claimed Marks
[2020-09-08T09:58:38.008-0300][gc,marking     ] GC(343) Concurrent Clear Claimed Marks 0.801ms
[2020-09-08T09:58:38.008-0300][gc,marking     ] GC(343) Concurrent Scan Root Regions
[2020-09-08T09:58:38.019-0300][gc,marking     ] GC(343) Concurrent Scan Root Regions 10.663ms
[2020-09-08T09:58:38.019-0300][gc,marking     ] GC(343) Concurrent Mark (1375.493s)
[2020-09-08T09:58:38.019-0300][gc,marking     ] GC(343) Concurrent Mark From Roots
[2020-09-08T09:58:38.019-0300][gc,task        ] GC(343) Using 1 workers of 1 for marking
[2020-09-08T09:58:38.282-0300][gc,marking     ] GC(343) Concurrent Mark From Roots 262.919ms
[2020-09-08T09:58:38.282-0300][gc,marking     ] GC(343) Concurrent Preclean
[2020-09-08T09:58:38.283-0300][gc,marking     ] GC(343) Concurrent Preclean 0.286ms
[2020-09-08T09:58:38.283-0300][gc,marking     ] GC(343) Concurrent Mark (1375.493s, 1375.756s) 263.408ms
[2020-09-08T09:58:38.284-0300][gc,start       ] GC(343) Pause Remark
[2020-09-08T09:58:38.317-0300][gc,stringtable ] GC(343) Cleaned string and symbol table, strings: 23661 processed, 0 removed, symbols: 95119 processed, 0 removed
[2020-09-08T09:58:38.318-0300][gc             ] GC(343) Pause Remark 52M->52M(107M) 33.810ms
[2020-09-08T09:58:38.318-0300][gc,cpu         ] GC(343) User=0.12s Sys=0.00s Real=0.03s
[2020-09-08T09:58:38.318-0300][gc,marking     ] GC(343) Concurrent Rebuild Remembered Sets
[2020-09-08T09:58:38.473-0300][gc,marking     ] GC(343) Concurrent Rebuild Remembered Sets 154.274ms
[2020-09-08T09:58:38.474-0300][gc,start       ] GC(343) Pause Cleanup
[2020-09-08T09:58:38.475-0300][gc             ] GC(343) Pause Cleanup 52M->52M(107M) 0.608ms
[2020-09-08T09:58:38.475-0300][gc,cpu         ] GC(343) User=0.00s Sys=0.00s Real=0.00s
[2020-09-08T09:58:38.476-0300][gc,marking     ] GC(343) Concurrent Cleanup for Next Mark
[2020-09-08T09:58:38.477-0300][gc,marking     ] GC(343) Concurrent Cleanup for Next Mark 1.296ms
[2020-09-08T09:58:38.477-0300][gc             ] GC(343) Concurrent Cycle 469.757ms
[2020-09-08T09:58:47.983-0300][gc,heap        ] GC(344) Heap before GC invocations=344 (full 1): garbage-first heap   total 109568K, used 69977K [0x0000000083000000, 0x0000000100000000)
[2020-09-08T09:58:47.983-0300][gc,heap        ] GC(344)   region size 1024K, 24 young (24576K), 3 survivors (3072K)
[2020-09-08T09:58:47.983-0300][gc,heap        ] GC(344)  Metaspace       used 42589K, capacity 45982K, committed 46208K, reserved 1089536K
[2020-09-08T09:58:47.983-0300][gc,heap        ] GC(344)   class space    used 4712K, capacity 5993K, committed 6016K, reserved 1048576K
[2020-09-08T09:58:47.983-0300][gc,start       ] GC(344) Pause Young (Concurrent Start) (G1 Humongous Allocation)
[2020-09-08T09:58:47.983-0300][gc,task        ] GC(344) Using 4 workers of 4 for evacuation
[2020-09-08T09:58:47.998-0300][gc,phases      ] GC(344)   Pre Evacuate Collection Set: 0.3ms
[2020-09-08T09:58:47.998-0300][gc,phases      ] GC(344)   Evacuate Collection Set: 12.1ms
[2020-09-08T09:58:47.998-0300][gc,phases      ] GC(344)   Post Evacuate Collection Set: 1.7ms
[2020-09-08T09:58:47.999-0300][gc,phases      ] GC(344)   Other: 1.3ms
[2020-09-08T09:58:47.999-0300][gc,heap        ] GC(344) Eden regions: 21->0(35)
[2020-09-08T09:58:47.999-0300][gc,heap        ] GC(344) Survivor regions: 3->3(5)
[2020-09-08T09:58:47.999-0300][gc,heap        ] GC(344) Old regions: 44->44
[2020-09-08T09:58:47.999-0300][gc,heap        ] GC(344) Humongous regions: 6->4
[2020-09-08T09:58:47.999-0300][gc,metaspace   ] GC(344) Metaspace: 42589K->42589K(1089536K)
[2020-09-08T09:58:47.999-0300][gc,heap        ] GC(344) Heap after GC invocations=345 (full 1): garbage-first heap   total 109568K, used 48601K [0x0000000083000000, 0x0000000100000000)
[2020-09-08T09:58:47.999-0300][gc,heap        ] GC(344)   region size 1024K, 3 young (3072K), 3 survivors (3072K)
[2020-09-08T09:58:47.999-0300][gc,heap        ] GC(344)  Metaspace       used 42589K, capacity 45982K, committed 46208K, reserved 1089536K
[2020-09-08T09:58:47.999-0300][gc,heap        ] GC(344)   class space    used 4712K, capacity 5993K, committed 6016K, reserved 1048576K
[2020-09-08T09:58:47.999-0300][gc             ] GC(344) Pause Young (Concurrent Start) (G1 Humongous Allocation) 69M->47M(107M) 15.861ms
[2020-09-08T09:58:47.999-0300][gc,cpu         ] GC(344) User=0.05s Sys=0.00s Real=0.01s
[2020-09-08T09:58:48.000-0300][gc             ] GC(345) Concurrent Cycle
[2020-09-08T09:58:48.000-0300][gc,marking     ] GC(345) Concurrent Clear Claimed Marks
[2020-09-08T09:58:48.001-0300][gc,marking     ] GC(345) Concurrent Clear Claimed Marks 0.677ms
[2020-09-08T09:58:48.001-0300][gc,marking     ] GC(345) Concurrent Scan Root Regions
[2020-09-08T09:58:48.011-0300][gc,marking     ] GC(345) Concurrent Scan Root Regions 9.788ms
[2020-09-08T09:58:48.011-0300][gc,marking     ] GC(345) Concurrent Mark (1385.485s)
[2020-09-08T09:58:48.011-0300][gc,marking     ] GC(345) Concurrent Mark From Roots
[2020-09-08T09:58:48.011-0300][gc,task        ] GC(345) Using 1 workers of 1 for marking
[2020-09-08T09:58:48.280-0300][gc,marking     ] GC(345) Concurrent Mark From Roots 269.384ms
[2020-09-08T09:58:48.280-0300][gc,marking     ] GC(345) Concurrent Preclean
[2020-09-08T09:58:48.281-0300][gc,marking     ] GC(345) Concurrent Preclean 0.401ms
[2020-09-08T09:58:48.281-0300][gc,marking     ] GC(345) Concurrent Mark (1385.485s, 1385.755s) 270.015ms
[2020-09-08T09:58:48.282-0300][gc,start       ] GC(345) Pause Remark
[2020-09-08T09:58:48.315-0300][gc,stringtable ] GC(345) Cleaned string and symbol table, strings: 23669 processed, 0 removed, symbols: 95119 processed, 0 removed
[2020-09-08T09:58:48.316-0300][gc             ] GC(345) Pause Remark 52M->52M(107M) 33.440ms
[2020-09-08T09:58:48.316-0300][gc,cpu         ] GC(345) User=0.12s Sys=0.01s Real=0.03s
[2020-09-08T09:58:48.316-0300][gc,marking     ] GC(345) Concurrent Rebuild Remembered Sets
[2020-09-08T09:58:48.479-0300][gc,marking     ] GC(345) Concurrent Rebuild Remembered Sets 162.463ms
[2020-09-08T09:58:48.480-0300][gc,start       ] GC(345) Pause Cleanup
[2020-09-08T09:58:48.481-0300][gc             ] GC(345) Pause Cleanup 52M->52M(107M) 0.592ms
[2020-09-08T09:58:48.481-0300][gc,cpu         ] GC(345) User=0.01s Sys=0.00s Real=0.01s
[2020-09-08T09:58:48.482-0300][gc,marking     ] GC(345) Concurrent Cleanup for Next Mark
[2020-09-08T09:58:48.483-0300][gc,marking     ] GC(345) Concurrent Cleanup for Next Mark 1.452ms
[2020-09-08T09:58:48.483-0300][gc             ] GC(345) Concurrent Cycle 483.090ms
[2020-09-08T09:58:57.943-0300][gc,heap        ] GC(346) Heap before GC invocations=346 (full 1): garbage-first heap   total 109568K, used 69081K [0x0000000083000000, 0x0000000100000000)
[2020-09-08T09:58:57.943-0300][gc,heap        ] GC(346)   region size 1024K, 23 young (23552K), 3 survivors (3072K)
[2020-09-08T09:58:57.943-0300][gc,heap        ] GC(346)  Metaspace       used 42589K, capacity 45982K, committed 46208K, reserved 1089536K
[2020-09-08T09:58:57.943-0300][gc,heap        ] GC(346)   class space    used 4712K, capacity 5993K, committed 6016K, reserved 1048576K
[2020-09-08T09:58:57.943-0300][gc,start       ] GC(346) Pause Young (Concurrent Start) (G1 Humongous Allocation)
[2020-09-08T09:58:57.943-0300][gc,task        ] GC(346) Using 4 workers of 4 for evacuation
[2020-09-08T09:58:57.961-0300][gc,phases      ] GC(346)   Pre Evacuate Collection Set: 0.4ms
[2020-09-08T09:58:57.962-0300][gc,phases      ] GC(346)   Evacuate Collection Set: 14.7ms
[2020-09-08T09:58:57.962-0300][gc,phases      ] GC(346)   Post Evacuate Collection Set: 2.4ms
[2020-09-08T09:58:57.962-0300][gc,phases      ] GC(346)   Other: 1.4ms
[2020-09-08T09:58:57.962-0300][gc,heap        ] GC(346) Eden regions: 20->0(36)
[2020-09-08T09:58:57.962-0300][gc,heap        ] GC(346) Survivor regions: 3->3(5)
[2020-09-08T09:58:57.962-0300][gc,heap        ] GC(346) Old regions: 44->44
[2020-09-08T09:58:57.962-0300][gc,heap        ] GC(346) Humongous regions: 6->4
[2020-09-08T09:58:57.962-0300][gc,metaspace   ] GC(346) Metaspace: 42589K->42589K(1089536K)
[2020-09-08T09:58:57.962-0300][gc,heap        ] GC(346) Heap after GC invocations=347 (full 1): garbage-first heap   total 109568K, used 48625K [0x0000000083000000, 0x0000000100000000)
[2020-09-08T09:58:57.962-0300][gc,heap        ] GC(346)   region size 1024K, 3 young (3072K), 3 survivors (3072K)
[2020-09-08T09:58:57.962-0300][gc,heap        ] GC(346)  Metaspace       used 42589K, capacity 45982K, committed 46208K, reserved 1089536K
[2020-09-08T09:58:57.962-0300][gc,heap        ] GC(346)   class space    used 4712K, capacity 5993K, committed 6016K, reserved 1048576K
[2020-09-08T09:58:57.963-0300][gc             ] GC(346) Pause Young (Concurrent Start) (G1 Humongous Allocation) 68M->47M(107M) 19.640ms
[2020-09-08T09:58:57.963-0300][gc,cpu         ] GC(346) User=0.05s Sys=0.01s Real=0.02s
[2020-09-08T09:58:57.964-0300][gc             ] GC(347) Concurrent Cycle
[2020-09-08T09:58:57.964-0300][gc,marking     ] GC(347) Concurrent Clear Claimed Marks
[2020-09-08T09:58:57.965-0300][gc,marking     ] GC(347) Concurrent Clear Claimed Marks 0.638ms
[2020-09-08T09:58:57.965-0300][gc,marking     ] GC(347) Concurrent Scan Root Regions
[2020-09-08T09:58:57.976-0300][gc,marking     ] GC(347) Concurrent Scan Root Regions 11.659ms
[2020-09-08T09:58:57.976-0300][gc,marking     ] GC(347) Concurrent Mark (1395.450s)
[2020-09-08T09:58:57.977-0300][gc,marking     ] GC(347) Concurrent Mark From Roots
[2020-09-08T09:58:57.977-0300][gc,task        ] GC(347) Using 1 workers of 1 for marking
[2020-09-08T09:58:58.288-0300][gc,marking     ] GC(347) Concurrent Mark From Roots 311.479ms
[2020-09-08T09:58:58.288-0300][gc,marking     ] GC(347) Concurrent Preclean
[2020-09-08T09:58:58.288-0300][gc,marking     ] GC(347) Concurrent Preclean 0.286ms
[2020-09-08T09:58:58.288-0300][gc,marking     ] GC(347) Concurrent Mark (1395.450s, 1395.762s) 311.987ms
[2020-09-08T09:58:58.290-0300][gc,start       ] GC(347) Pause Remark
[2020-09-08T09:58:58.326-0300][gc,stringtable ] GC(347) Cleaned string and symbol table, strings: 23669 processed, 0 removed, symbols: 95119 processed, 0 removed
[2020-09-08T09:58:58.326-0300][gc             ] GC(347) Pause Remark 54M->54M(107M) 36.346ms
[2020-09-08T09:58:58.327-0300][gc,cpu         ] GC(347) User=0.12s Sys=0.01s Real=0.04s
[2020-09-08T09:58:58.327-0300][gc,marking     ] GC(347) Concurrent Rebuild Remembered Sets
[2020-09-08T09:58:58.489-0300][gc,marking     ] GC(347) Concurrent Rebuild Remembered Sets 162.125ms
[2020-09-08T09:58:58.490-0300][gc,start       ] GC(347) Pause Cleanup
[2020-09-08T09:58:58.491-0300][gc             ] GC(347) Pause Cleanup 55M->55M(107M) 0.573ms
[2020-09-08T09:58:58.491-0300][gc,cpu         ] GC(347) User=0.01s Sys=0.00s Real=0.01s
[2020-09-08T09:58:58.492-0300][gc,marking     ] GC(347) Concurrent Cleanup for Next Mark
[2020-09-08T09:58:58.493-0300][gc,marking     ] GC(347) Concurrent Cleanup for Next Mark 1.335ms
[2020-09-08T09:58:58.493-0300][gc             ] GC(347) Concurrent Cycle 529.502ms
[2020-09-08T09:59:08.237-0300][gc,heap        ] GC(348) Heap before GC invocations=348 (full 1): garbage-first heap   total 109568K, used 86513K [0x0000000083000000, 0x0000000100000000)
[2020-09-08T09:59:08.237-0300][gc,heap        ] GC(348)   region size 1024K, 39 young (39936K), 3 survivors (3072K)
[2020-09-08T09:59:08.238-0300][gc,heap        ] GC(348)  Metaspace       used 42589K, capacity 45982K, committed 46208K, reserved 1089536K
[2020-09-08T09:59:08.238-0300][gc,heap        ] GC(348)   class space    used 4712K, capacity 5993K, committed 6016K, reserved 1048576K
[2020-09-08T09:59:08.238-0300][gc,start       ] GC(348) Pause Young (Prepare Mixed) (G1 Evacuation Pause)
[2020-09-08T09:59:08.238-0300][gc,task        ] GC(348) Using 4 workers of 4 for evacuation
[2020-09-08T09:59:08.253-0300][gc,phases      ] GC(348)   Pre Evacuate Collection Set: 0.0ms
[2020-09-08T09:59:08.253-0300][gc,phases      ] GC(348)   Evacuate Collection Set: 12.4ms
[2020-09-08T09:59:08.254-0300][gc,phases      ] GC(348)   Post Evacuate Collection Set: 2.4ms
[2020-09-08T09:59:08.254-0300][gc,phases      ] GC(348)   Other: 1.2ms
[2020-09-08T09:59:08.254-0300][gc,heap        ] GC(348) Eden regions: 36->0(1)
[2020-09-08T09:59:08.254-0300][gc,heap        ] GC(348) Survivor regions: 3->4(5)
[2020-09-08T09:59:08.254-0300][gc,heap        ] GC(348) Old regions: 44->44
[2020-09-08T09:59:08.254-0300][gc,heap        ] GC(348) Humongous regions: 6->4
[2020-09-08T09:59:08.254-0300][gc,metaspace   ] GC(348) Metaspace: 42589K->42589K(1089536K)
[2020-09-08T09:59:08.254-0300][gc,heap        ] GC(348) Heap after GC invocations=349 (full 1): garbage-first heap   total 109568K, used 49664K [0x0000000083000000, 0x0000000100000000)
[2020-09-08T09:59:08.254-0300][gc,heap        ] GC(348)   region size 1024K, 4 young (4096K), 4 survivors (4096K)
[2020-09-08T09:59:08.254-0300][gc,heap        ] GC(348)  Metaspace       used 42589K, capacity 45982K, committed 46208K, reserved 1089536K
[2020-09-08T09:59:08.254-0300][gc,heap        ] GC(348)   class space    used 4712K, capacity 5993K, committed 6016K, reserved 1048576K
[2020-09-08T09:59:08.254-0300][gc             ] GC(348) Pause Young (Prepare Mixed) (G1 Evacuation Pause) 85M->48M(107M) 16.494ms
[2020-09-08T09:59:08.254-0300][gc,cpu         ] GC(348) User=0.06s Sys=0.01s Real=0.02s
[2020-09-08T09:59:08.262-0300][gc,heap        ] GC(349) Heap before GC invocations=349 (full 1): garbage-first heap   total 109568K, used 50688K [0x0000000083000000, 0x0000000100000000)
[2020-09-08T09:59:08.262-0300][gc,heap        ] GC(349)   region size 1024K, 5 young (5120K), 4 survivors (4096K)
[2020-09-08T09:59:08.262-0300][gc,heap        ] GC(349)  Metaspace       used 42589K, capacity 45982K, committed 46208K, reserved 1089536K
[2020-09-08T09:59:08.262-0300][gc,heap        ] GC(349)   class space    used 4712K, capacity 5993K, committed 6016K, reserved 1048576K
[2020-09-08T09:59:08.263-0300][gc,start       ] GC(349) Pause Young (Mixed) (G1 Evacuation Pause)
[2020-09-08T09:59:08.263-0300][gc,task        ] GC(349) Using 4 workers of 4 for evacuation
[2020-09-08T09:59:08.279-0300][gc,phases      ] GC(349)   Pre Evacuate Collection Set: 0.1ms
[2020-09-08T09:59:08.279-0300][gc,phases      ] GC(349)   Evacuate Collection Set: 15.0ms
[2020-09-08T09:59:08.279-0300][gc,phases      ] GC(349)   Post Evacuate Collection Set: 0.8ms
[2020-09-08T09:59:08.280-0300][gc,phases      ] GC(349)   Other: 1.4ms
[2020-09-08T09:59:08.280-0300][gc,heap        ] GC(349) Eden regions: 1->0(37)
[2020-09-08T09:59:08.280-0300][gc,heap        ] GC(349) Survivor regions: 4->1(1)
[2020-09-08T09:59:08.280-0300][gc,heap        ] GC(349) Old regions: 44->46
[2020-09-08T09:59:08.280-0300][gc,heap        ] GC(349) Humongous regions: 4->4
[2020-09-08T09:59:08.280-0300][gc,metaspace   ] GC(349) Metaspace: 42589K->42589K(1089536K)
[2020-09-08T09:59:08.280-0300][gc,heap        ] GC(349) Heap after GC invocations=350 (full 1): garbage-first heap   total 109568K, used 48959K [0x0000000083000000, 0x0000000100000000)
[2020-09-08T09:59:08.280-0300][gc,heap        ] GC(349)   region size 1024K, 1 young (1024K), 1 survivors (1024K)
[2020-09-08T09:59:08.280-0300][gc,heap        ] GC(349)  Metaspace       used 42589K, capacity 45982K, committed 46208K, reserved 1089536K
[2020-09-08T09:59:08.280-0300][gc,heap        ] GC(349)   class space    used 4712K, capacity 5993K, committed 6016K, reserved 1048576K
[2020-09-08T09:59:08.280-0300][gc             ] GC(349) Pause Young (Mixed) (G1 Evacuation Pause) 49M->47M(107M) 17.627ms
[2020-09-08T09:59:08.280-0300][gc,cpu         ] GC(349) User=0.06s Sys=0.00s Real=0.01s
[2020-09-08T09:59:08.287-0300][gc,heap        ] GC(350) Heap before GC invocations=350 (full 1): garbage-first heap   total 109568K, used 48959K [0x0000000083000000, 0x0000000100000000)
[2020-09-08T09:59:08.287-0300][gc,heap        ] GC(350)   region size 1024K, 3 young (3072K), 1 survivors (1024K)
[2020-09-08T09:59:08.287-0300][gc,heap        ] GC(350)  Metaspace       used 42589K, capacity 45982K, committed 46208K, reserved 1089536K
[2020-09-08T09:59:08.287-0300][gc,heap        ] GC(350)   class space    used 4712K, capacity 5993K, committed 6016K, reserved 1048576K
[2020-09-08T09:59:08.287-0300][gc,start       ] GC(350) Pause Young (Concurrent Start) (G1 Humongous Allocation)
[2020-09-08T09:59:08.287-0300][gc,task        ] GC(350) Using 4 workers of 4 for evacuation
[2020-09-08T09:59:08.297-0300][gc,phases      ] GC(350)   Pre Evacuate Collection Set: 0.3ms
[2020-09-08T09:59:08.297-0300][gc,phases      ] GC(350)   Evacuate Collection Set: 7.1ms
[2020-09-08T09:59:08.297-0300][gc,phases      ] GC(350)   Post Evacuate Collection Set: 0.8ms
[2020-09-08T09:59:08.297-0300][gc,phases      ] GC(350)   Other: 1.3ms
[2020-09-08T09:59:08.297-0300][gc,heap        ] GC(350) Eden regions: 2->0(38)
[2020-09-08T09:59:08.297-0300][gc,heap        ] GC(350) Survivor regions: 1->1(5)
[2020-09-08T09:59:08.297-0300][gc,heap        ] GC(350) Old regions: 46->46
[2020-09-08T09:59:08.297-0300][gc,heap        ] GC(350) Humongous regions: 4->4
[2020-09-08T09:59:08.297-0300][gc,metaspace   ] GC(350) Metaspace: 42589K->42589K(1089536K)
[2020-09-08T09:59:08.297-0300][gc,heap        ] GC(350) Heap after GC invocations=351 (full 1): garbage-first heap   total 109568K, used 49299K [0x0000000083000000, 0x0000000100000000)
[2020-09-08T09:59:08.297-0300][gc,heap        ] GC(350)   region size 1024K, 1 young (1024K), 1 survivors (1024K)
[2020-09-08T09:59:08.297-0300][gc,heap        ] GC(350)  Metaspace       used 42589K, capacity 45982K, committed 46208K, reserved 1089536K
[2020-09-08T09:59:08.297-0300][gc,heap        ] GC(350)   class space    used 4712K, capacity 5993K, committed 6016K, reserved 1048576K
[2020-09-08T09:59:08.297-0300][gc             ] GC(350) Pause Young (Concurrent Start) (G1 Humongous Allocation) 49M->48M(107M) 9.960ms
[2020-09-08T09:59:08.298-0300][gc,cpu         ] GC(350) User=0.03s Sys=0.00s Real=0.01s
[2020-09-08T09:59:08.298-0300][gc             ] GC(351) Concurrent Cycle
[2020-09-08T09:59:08.298-0300][gc,marking     ] GC(351) Concurrent Clear Claimed Marks
[2020-09-08T09:59:08.298-0300][gc,marking     ] GC(351) Concurrent Clear Claimed Marks 0.469ms
[2020-09-08T09:59:08.299-0300][gc,marking     ] GC(351) Concurrent Scan Root Regions
[2020-09-08T09:59:08.300-0300][gc,marking     ] GC(351) Concurrent Scan Root Regions 1.555ms
[2020-09-08T09:59:08.300-0300][gc,marking     ] GC(351) Concurrent Mark (1405.774s)
[2020-09-08T09:59:08.300-0300][gc,marking     ] GC(351) Concurrent Mark From Roots
[2020-09-08T09:59:08.300-0300][gc,task        ] GC(351) Using 1 workers of 1 for marking
[2020-09-08T09:59:08.589-0300][gc,marking     ] GC(351) Concurrent Mark From Roots 288.927ms
[2020-09-08T09:59:08.589-0300][gc,marking     ] GC(351) Concurrent Preclean
[2020-09-08T09:59:08.590-0300][gc,marking     ] GC(351) Concurrent Preclean 0.603ms
[2020-09-08T09:59:08.590-0300][gc,marking     ] GC(351) Concurrent Mark (1405.774s, 1406.064s) 289.795ms
[2020-09-08T09:59:08.592-0300][gc,start       ] GC(351) Pause Remark
[2020-09-08T09:59:08.624-0300][gc,stringtable ] GC(351) Cleaned string and symbol table, strings: 23673 processed, 0 removed, symbols: 95119 processed, 0 removed
[2020-09-08T09:59:08.625-0300][gc             ] GC(351) Pause Remark 53M->53M(107M) 33.591ms
[2020-09-08T09:59:08.625-0300][gc,cpu         ] GC(351) User=0.13s Sys=0.00s Real=0.03s
[2020-09-08T09:59:08.626-0300][gc,marking     ] GC(351) Concurrent Rebuild Remembered Sets
[2020-09-08T09:59:08.797-0300][gc,marking     ] GC(351) Concurrent Rebuild Remembered Sets 170.520ms
[2020-09-08T09:59:08.798-0300][gc,start       ] GC(351) Pause Cleanup
[2020-09-08T09:59:08.799-0300][gc             ] GC(351) Pause Cleanup 53M->53M(107M) 0.495ms
[2020-09-08T09:59:08.799-0300][gc,cpu         ] GC(351) User=0.00s Sys=0.01s Real=0.00s
[2020-09-08T09:59:08.799-0300][gc,marking     ] GC(351) Concurrent Cleanup for Next Mark
[2020-09-08T09:59:08.800-0300][gc,marking     ] GC(351) Concurrent Cleanup for Next Mark 1.248ms
[2020-09-08T09:59:08.801-0300][gc             ] GC(351) Concurrent Cycle 502.955ms
[2020-09-08T09:59:28.103-0300][gc,heap        ] GC(352) Heap before GC invocations=352 (full 1): garbage-first heap   total 109568K, used 91283K [0x0000000083000000, 0x0000000100000000)
[2020-09-08T09:59:28.103-0300][gc,heap        ] GC(352)   region size 1024K, 39 young (39936K), 1 survivors (1024K)
[2020-09-08T09:59:28.103-0300][gc,heap        ] GC(352)  Metaspace       used 42592K, capacity 45982K, committed 46208K, reserved 1089536K
[2020-09-08T09:59:28.103-0300][gc,heap        ] GC(352)   class space    used 4712K, capacity 5993K, committed 6016K, reserved 1048576K
[2020-09-08T09:59:28.103-0300][gc,start       ] GC(352) Pause Young (Prepare Mixed) (G1 Evacuation Pause)
[2020-09-08T09:59:28.103-0300][gc,task        ] GC(352) Using 4 workers of 4 for evacuation
[2020-09-08T09:59:28.118-0300][gc,phases      ] GC(352)   Pre Evacuate Collection Set: 0.1ms
[2020-09-08T09:59:28.118-0300][gc,phases      ] GC(352)   Evacuate Collection Set: 12.0ms
[2020-09-08T09:59:28.118-0300][gc,phases      ] GC(352)   Post Evacuate Collection Set: 1.8ms
[2020-09-08T09:59:28.119-0300][gc,phases      ] GC(352)   Other: 1.8ms
[2020-09-08T09:59:28.119-0300][gc,heap        ] GC(352) Eden regions: 38->0(3)
[2020-09-08T09:59:28.119-0300][gc,heap        ] GC(352) Survivor regions: 1->2(5)
[2020-09-08T09:59:28.119-0300][gc,heap        ] GC(352) Old regions: 46->46
[2020-09-08T09:59:28.119-0300][gc,heap        ] GC(352) Humongous regions: 8->6
[2020-09-08T09:59:28.119-0300][gc,metaspace   ] GC(352) Metaspace: 42592K->42592K(1089536K)
[2020-09-08T09:59:28.119-0300][gc,heap        ] GC(352) Heap after GC invocations=353 (full 1): garbage-first heap   total 109568K, used 52612K [0x0000000083000000, 0x0000000100000000)
[2020-09-08T09:59:28.119-0300][gc,heap        ] GC(352)   region size 1024K, 2 young (2048K), 2 survivors (2048K)
[2020-09-08T09:59:28.119-0300][gc,heap        ] GC(352)  Metaspace       used 42592K, capacity 45982K, committed 46208K, reserved 1089536K
[2020-09-08T09:59:28.119-0300][gc,heap        ] GC(352)   class space    used 4712K, capacity 5993K, committed 6016K, reserved 1048576K
[2020-09-08T09:59:28.119-0300][gc             ] GC(352) Pause Young (Prepare Mixed) (G1 Evacuation Pause) 90M->51M(107M) 16.165ms
[2020-09-08T09:59:28.119-0300][gc,cpu         ] GC(352) User=0.04s Sys=0.01s Real=0.01s
[2020-09-08T09:59:28.136-0300][gc,heap        ] GC(353) Heap before GC invocations=353 (full 1): garbage-first heap   total 109568K, used 55684K [0x0000000083000000, 0x0000000100000000)
[2020-09-08T09:59:28.136-0300][gc,heap        ] GC(353)   region size 1024K, 5 young (5120K), 2 survivors (2048K)
[2020-09-08T09:59:28.136-0300][gc,heap        ] GC(353)  Metaspace       used 42592K, capacity 45982K, committed 46208K, reserved 1089536K
[2020-09-08T09:59:28.136-0300][gc,heap        ] GC(353)   class space    used 4712K, capacity 5993K, committed 6016K, reserved 1048576K
[2020-09-08T09:59:28.137-0300][gc,start       ] GC(353) Pause Young (Mixed) (G1 Evacuation Pause)
[2020-09-08T09:59:28.137-0300][gc,task        ] GC(353) Using 4 workers of 4 for evacuation
[2020-09-08T09:59:28.150-0300][gc,phases      ] GC(353)   Pre Evacuate Collection Set: 0.1ms
[2020-09-08T09:59:28.150-0300][gc,phases      ] GC(353)   Evacuate Collection Set: 10.9ms
[2020-09-08T09:59:28.150-0300][gc,phases      ] GC(353)   Post Evacuate Collection Set: 1.3ms
[2020-09-08T09:59:28.150-0300][gc,phases      ] GC(353)   Other: 1.4ms
[2020-09-08T09:59:28.150-0300][gc,heap        ] GC(353) Eden regions: 3->0(35)
[2020-09-08T09:59:28.150-0300][gc,heap        ] GC(353) Survivor regions: 2->1(1)
[2020-09-08T09:59:28.150-0300][gc,heap        ] GC(353) Old regions: 46->47
[2020-09-08T09:59:28.150-0300][gc,heap        ] GC(353) Humongous regions: 6->6
[2020-09-08T09:59:28.150-0300][gc,metaspace   ] GC(353) Metaspace: 42592K->42592K(1089536K)
[2020-09-08T09:59:28.150-0300][gc,heap        ] GC(353) Heap after GC invocations=354 (full 1): garbage-first heap   total 109568K, used 52675K [0x0000000083000000, 0x0000000100000000)
[2020-09-08T09:59:28.150-0300][gc,heap        ] GC(353)   region size 1024K, 1 young (1024K), 1 survivors (1024K)
[2020-09-08T09:59:28.150-0300][gc,heap        ] GC(353)  Metaspace       used 42592K, capacity 45982K, committed 46208K, reserved 1089536K
[2020-09-08T09:59:28.150-0300][gc,heap        ] GC(353)   class space    used 4712K, capacity 5993K, committed 6016K, reserved 1048576K
[2020-09-08T09:59:28.151-0300][gc             ] GC(353) Pause Young (Mixed) (G1 Evacuation Pause) 54M->51M(107M) 13.892ms
[2020-09-08T09:59:28.151-0300][gc,cpu         ] GC(353) User=0.04s Sys=0.00s Real=0.02s
[2020-09-08T09:59:28.158-0300][gc,heap        ] GC(354) Heap before GC invocations=354 (full 1): garbage-first heap   total 109568K, used 52675K [0x0000000083000000, 0x0000000100000000)
[2020-09-08T09:59:28.158-0300][gc,heap        ] GC(354)   region size 1024K, 3 young (3072K), 1 survivors (1024K)
[2020-09-08T09:59:28.158-0300][gc,heap        ] GC(354)  Metaspace       used 42592K, capacity 45982K, committed 46208K, reserved 1089536K
[2020-09-08T09:59:28.158-0300][gc,heap        ] GC(354)   class space    used 4712K, capacity 5993K, committed 6016K, reserved 1048576K
[2020-09-08T09:59:28.158-0300][gc,start       ] GC(354) Pause Young (Concurrent Start) (G1 Humongous Allocation)
[2020-09-08T09:59:28.158-0300][gc,task        ] GC(354) Using 4 workers of 4 for evacuation
[2020-09-08T09:59:28.169-0300][gc,phases      ] GC(354)   Pre Evacuate Collection Set: 0.5ms
[2020-09-08T09:59:28.169-0300][gc,phases      ] GC(354)   Evacuate Collection Set: 7.7ms
[2020-09-08T09:59:28.169-0300][gc,phases      ] GC(354)   Post Evacuate Collection Set: 1.3ms
[2020-09-08T09:59:28.169-0300][gc,phases      ] GC(354)   Other: 1.5ms
[2020-09-08T09:59:28.169-0300][gc,heap        ] GC(354) Eden regions: 2->0(25)
[2020-09-08T09:59:28.169-0300][gc,heap        ] GC(354) Survivor regions: 1->2(5)
[2020-09-08T09:59:28.169-0300][gc,heap        ] GC(354) Old regions: 47->47
[2020-09-08T09:59:28.169-0300][gc,heap        ] GC(354) Humongous regions: 6->6
[2020-09-08T09:59:28.169-0300][gc,metaspace   ] GC(354) Metaspace: 42592K->42592K(1089536K)
[2020-09-08T09:59:28.169-0300][gc,heap        ] GC(354) Heap after GC invocations=355 (full 1): garbage-first heap   total 109568K, used 53533K [0x0000000083000000, 0x0000000100000000)
[2020-09-08T09:59:28.169-0300][gc,heap        ] GC(354)   region size 1024K, 2 young (2048K), 2 survivors (2048K)
[2020-09-08T09:59:28.170-0300][gc,heap        ] GC(354)  Metaspace       used 42592K, capacity 45982K, committed 46208K, reserved 1089536K
[2020-09-08T09:59:28.170-0300][gc,heap        ] GC(354)   class space    used 4712K, capacity 5993K, committed 6016K, reserved 1048576K
[2020-09-08T09:59:28.170-0300][gc             ] GC(354) Pause Young (Concurrent Start) (G1 Humongous Allocation) 53M->52M(107M) 11.234ms
[2020-09-08T09:59:28.170-0300][gc,cpu         ] GC(354) User=0.03s Sys=0.01s Real=0.01s
[2020-09-08T09:59:28.171-0300][gc             ] GC(355) Concurrent Cycle
[2020-09-08T09:59:28.171-0300][gc,marking     ] GC(355) Concurrent Clear Claimed Marks
[2020-09-08T09:59:28.171-0300][gc,marking     ] GC(355) Concurrent Clear Claimed Marks 0.629ms
[2020-09-08T09:59:28.172-0300][gc,marking     ] GC(355) Concurrent Scan Root Regions
[2020-09-08T09:59:28.173-0300][gc,marking     ] GC(355) Concurrent Scan Root Regions 1.734ms
[2020-09-08T09:59:28.174-0300][gc,marking     ] GC(355) Concurrent Mark (1425.647s)
[2020-09-08T09:59:28.174-0300][gc,marking     ] GC(355) Concurrent Mark From Roots
[2020-09-08T09:59:28.174-0300][gc,task        ] GC(355) Using 1 workers of 1 for marking
[2020-09-08T09:59:28.457-0300][gc,marking     ] GC(355) Concurrent Mark From Roots 283.201ms
[2020-09-08T09:59:28.457-0300][gc,marking     ] GC(355) Concurrent Preclean
[2020-09-08T09:59:28.457-0300][gc,marking     ] GC(355) Concurrent Preclean 0.380ms
[2020-09-08T09:59:28.457-0300][gc,marking     ] GC(355) Concurrent Mark (1425.647s, 1425.931s) 283.829ms
[2020-09-08T09:59:28.459-0300][gc,start       ] GC(355) Pause Remark
[2020-09-08T09:59:28.491-0300][gc,stringtable ] GC(355) Cleaned string and symbol table, strings: 23679 processed, 0 removed, symbols: 95119 processed, 0 removed
[2020-09-08T09:59:28.492-0300][gc             ] GC(355) Pause Remark 57M->55M(107M) 33.328ms
[2020-09-08T09:59:28.492-0300][gc,cpu         ] GC(355) User=0.12s Sys=0.00s Real=0.04s
[2020-09-08T09:59:28.492-0300][gc,marking     ] GC(355) Concurrent Rebuild Remembered Sets
[2020-09-08T09:59:28.656-0300][gc,marking     ] GC(355) Concurrent Rebuild Remembered Sets 163.930ms
[2020-09-08T09:59:28.658-0300][gc,start       ] GC(355) Pause Cleanup
[2020-09-08T09:59:28.658-0300][gc             ] GC(355) Pause Cleanup 55M->55M(107M) 0.530ms
[2020-09-08T09:59:28.659-0300][gc,cpu         ] GC(355) User=0.00s Sys=0.00s Real=0.00s
[2020-09-08T09:59:28.659-0300][gc,marking     ] GC(355) Concurrent Cleanup for Next Mark
[2020-09-08T09:59:28.660-0300][gc,marking     ] GC(355) Concurrent Cleanup for Next Mark 1.151ms
[2020-09-08T09:59:28.661-0300][gc             ] GC(355) Concurrent Cycle 489.887ms
[2020-09-08T09:59:38.067-0300][gc,heap        ] GC(356) Heap before GC invocations=356 (full 1): garbage-first heap   total 109568K, used 80157K [0x0000000083000000, 0x0000000100000000)
[2020-09-08T09:59:38.067-0300][gc,heap        ] GC(356)   region size 1024K, 27 young (27648K), 2 survivors (2048K)
[2020-09-08T09:59:38.067-0300][gc,heap        ] GC(356)  Metaspace       used 42592K, capacity 45982K, committed 46208K, reserved 1089536K
[2020-09-08T09:59:38.067-0300][gc,heap        ] GC(356)   class space    used 4712K, capacity 5993K, committed 6016K, reserved 1048576K
[2020-09-08T09:59:38.067-0300][gc,start       ] GC(356) Pause Young (Prepare Mixed) (GCLocker Initiated GC)
[2020-09-08T09:59:38.067-0300][gc,task        ] GC(356) Using 4 workers of 4 for evacuation
[2020-09-08T09:59:38.084-0300][gc,phases      ] GC(356)   Pre Evacuate Collection Set: 0.1ms
[2020-09-08T09:59:38.084-0300][gc,phases      ] GC(356)   Evacuate Collection Set: 14.5ms
[2020-09-08T09:59:38.084-0300][gc,phases      ] GC(356)   Post Evacuate Collection Set: 1.8ms
[2020-09-08T09:59:38.085-0300][gc,phases      ] GC(356)   Other: 1.3ms
[2020-09-08T09:59:38.085-0300][gc,heap        ] GC(356) Eden regions: 25->0(3)
[2020-09-08T09:59:38.085-0300][gc,heap        ] GC(356) Survivor regions: 2->2(4)
[2020-09-08T09:59:38.085-0300][gc,heap        ] GC(356) Old regions: 47->47
[2020-09-08T09:59:38.085-0300][gc,heap        ] GC(356) Humongous regions: 8->6
[2020-09-08T09:59:38.085-0300][gc,metaspace   ] GC(356) Metaspace: 42592K->42592K(1089536K)
[2020-09-08T09:59:38.085-0300][gc,heap        ] GC(356) Heap after GC invocations=357 (full 1): garbage-first heap   total 109568K, used 53715K [0x0000000083000000, 0x0000000100000000)
[2020-09-08T09:59:38.085-0300][gc,heap        ] GC(356)   region size 1024K, 2 young (2048K), 2 survivors (2048K)
[2020-09-08T09:59:38.085-0300][gc,heap        ] GC(356)  Metaspace       used 42592K, capacity 45982K, committed 46208K, reserved 1089536K
[2020-09-08T09:59:38.085-0300][gc,heap        ] GC(356)   class space    used 4712K, capacity 5993K, committed 6016K, reserved 1048576K
[2020-09-08T09:59:38.085-0300][gc             ] GC(356) Pause Young (Prepare Mixed) (GCLocker Initiated GC) 79M->52M(107M) 18.151ms
[2020-09-08T09:59:38.087-0300][gc,cpu         ] GC(356) User=0.04s Sys=0.00s Real=0.02s
[2020-09-08T09:59:38.839-0300][gc,heap        ] GC(357) Heap before GC invocations=357 (full 1): garbage-first heap   total 109568K, used 56787K [0x0000000083000000, 0x0000000100000000)
[2020-09-08T09:59:38.839-0300][gc,heap        ] GC(357)   region size 1024K, 5 young (5120K), 2 survivors (2048K)
[2020-09-08T09:59:38.839-0300][gc,heap        ] GC(357)  Metaspace       used 42592K, capacity 45982K, committed 46208K, reserved 1089536K
[2020-09-08T09:59:38.839-0300][gc,heap        ] GC(357)   class space    used 4712K, capacity 5993K, committed 6016K, reserved 1048576K
[2020-09-08T09:59:38.839-0300][gc,start       ] GC(357) Pause Young (Mixed) (G1 Evacuation Pause)
[2020-09-08T09:59:38.839-0300][gc,task        ] GC(357) Using 4 workers of 4 for evacuation
[2020-09-08T09:59:38.855-0300][gc,phases      ] GC(357)   Pre Evacuate Collection Set: 0.2ms
[2020-09-08T09:59:38.855-0300][gc,phases      ] GC(357)   Evacuate Collection Set: 12.4ms
[2020-09-08T09:59:38.855-0300][gc,phases      ] GC(357)   Post Evacuate Collection Set: 1.9ms
[2020-09-08T09:59:38.855-0300][gc,phases      ] GC(357)   Other: 1.2ms
[2020-09-08T09:59:38.855-0300][gc,heap        ] GC(357) Eden regions: 3->0(30)
[2020-09-08T09:59:38.855-0300][gc,heap        ] GC(357) Survivor regions: 2->1(1)
[2020-09-08T09:59:38.855-0300][gc,heap        ] GC(357) Old regions: 47->45
[2020-09-08T09:59:38.855-0300][gc,heap        ] GC(357) Humongous regions: 6->4
[2020-09-08T09:59:38.855-0300][gc,metaspace   ] GC(357) Metaspace: 42592K->42592K(1089536K)
[2020-09-08T09:59:38.855-0300][gc,heap        ] GC(357) Heap after GC invocations=358 (full 1): garbage-first heap   total 109568K, used 48003K [0x0000000083000000, 0x0000000100000000)
[2020-09-08T09:59:38.855-0300][gc,heap        ] GC(357)   region size 1024K, 1 young (1024K), 1 survivors (1024K)
[2020-09-08T09:59:38.855-0300][gc,heap        ] GC(357)  Metaspace       used 42592K, capacity 45982K, committed 46208K, reserved 1089536K
[2020-09-08T09:59:38.855-0300][gc,heap        ] GC(357)   class space    used 4712K, capacity 5993K, committed 6016K, reserved 1048576K
[2020-09-08T09:59:38.855-0300][gc             ] GC(357) Pause Young (Mixed) (G1 Evacuation Pause) 55M->46M(107M) 16.073ms
[2020-09-08T09:59:38.856-0300][gc,cpu         ] GC(357) User=0.05s Sys=0.01s Real=0.02s
[2020-09-08T09:59:48.025-0300][gc,heap        ] GC(358) Heap before GC invocations=358 (full 1): garbage-first heap   total 109568K, used 71555K [0x0000000083000000, 0x0000000100000000)
[2020-09-08T09:59:48.025-0300][gc,heap        ] GC(358)   region size 1024K, 26 young (26624K), 1 survivors (1024K)
[2020-09-08T09:59:48.025-0300][gc,heap        ] GC(358)  Metaspace       used 42597K, capacity 45982K, committed 46208K, reserved 1089536K
[2020-09-08T09:59:48.025-0300][gc,heap        ] GC(358)   class space    used 4712K, capacity 5993K, committed 6016K, reserved 1048576K
[2020-09-08T09:59:48.025-0300][gc,start       ] GC(358) Pause Young (Concurrent Start) (G1 Humongous Allocation)
[2020-09-08T09:59:48.025-0300][gc,task        ] GC(358) Using 4 workers of 4 for evacuation
[2020-09-08T09:59:48.044-0300][gc,phases      ] GC(358)   Pre Evacuate Collection Set: 0.4ms
[2020-09-08T09:59:48.045-0300][gc,phases      ] GC(358)   Evacuate Collection Set: 16.3ms
[2020-09-08T09:59:48.045-0300][gc,phases      ] GC(358)   Post Evacuate Collection Set: 1.8ms
[2020-09-08T09:59:48.045-0300][gc,phases      ] GC(358)   Other: 1.4ms
[2020-09-08T09:59:48.045-0300][gc,heap        ] GC(358) Eden regions: 25->0(31)
[2020-09-08T09:59:48.045-0300][gc,heap        ] GC(358) Survivor regions: 1->2(4)
[2020-09-08T09:59:48.045-0300][gc,heap        ] GC(358) Old regions: 45->45
[2020-09-08T09:59:48.045-0300][gc,heap        ] GC(358) Humongous regions: 4->4
[2020-09-08T09:59:48.045-0300][gc,metaspace   ] GC(358) Metaspace: 42597K->42597K(1089536K)
[2020-09-08T09:59:48.045-0300][gc,heap        ] GC(358) Heap after GC invocations=359 (full 1): garbage-first heap   total 109568K, used 49477K [0x0000000083000000, 0x0000000100000000)
[2020-09-08T09:59:48.045-0300][gc,heap        ] GC(358)   region size 1024K, 2 young (2048K), 2 survivors (2048K)
[2020-09-08T09:59:48.045-0300][gc,heap        ] GC(358)  Metaspace       used 42597K, capacity 45982K, committed 46208K, reserved 1089536K
[2020-09-08T09:59:48.045-0300][gc,heap        ] GC(358)   class space    used 4712K, capacity 5993K, committed 6016K, reserved 1048576K
[2020-09-08T09:59:48.045-0300][gc             ] GC(358) Pause Young (Concurrent Start) (G1 Humongous Allocation) 71M->48M(107M) 20.226ms
[2020-09-08T09:59:48.046-0300][gc,cpu         ] GC(358) User=0.05s Sys=0.00s Real=0.02s
[2020-09-08T09:59:48.047-0300][gc             ] GC(359) Concurrent Cycle
[2020-09-08T09:59:48.047-0300][gc,marking     ] GC(359) Concurrent Clear Claimed Marks
[2020-09-08T09:59:48.048-0300][gc,marking     ] GC(359) Concurrent Clear Claimed Marks 0.692ms
[2020-09-08T09:59:48.048-0300][gc,marking     ] GC(359) Concurrent Scan Root Regions
[2020-09-08T09:59:48.055-0300][gc,marking     ] GC(359) Concurrent Scan Root Regions 7.153ms
[2020-09-08T09:59:48.055-0300][gc,marking     ] GC(359) Concurrent Mark (1445.529s)
[2020-09-08T09:59:48.055-0300][gc,marking     ] GC(359) Concurrent Mark From Roots
[2020-09-08T09:59:48.056-0300][gc,task        ] GC(359) Using 1 workers of 1 for marking
[2020-09-08T09:59:48.331-0300][gc,marking     ] GC(359) Concurrent Mark From Roots 275.193ms
[2020-09-08T09:59:48.331-0300][gc,marking     ] GC(359) Concurrent Preclean
[2020-09-08T09:59:48.331-0300][gc,marking     ] GC(359) Concurrent Preclean 0.335ms
[2020-09-08T09:59:48.331-0300][gc,marking     ] GC(359) Concurrent Mark (1445.529s, 1445.805s) 275.801ms
[2020-09-08T09:59:48.332-0300][gc,start       ] GC(359) Pause Remark
[2020-09-08T09:59:48.365-0300][gc,stringtable ] GC(359) Cleaned string and symbol table, strings: 23689 processed, 0 removed, symbols: 95119 processed, 0 removed
[2020-09-08T09:59:48.366-0300][gc             ] GC(359) Pause Remark 53M->53M(107M) 33.560ms
[2020-09-08T09:59:48.366-0300][gc,cpu         ] GC(359) User=0.13s Sys=0.00s Real=0.03s
[2020-09-08T09:59:48.366-0300][gc,marking     ] GC(359) Concurrent Rebuild Remembered Sets
[2020-09-08T09:59:48.523-0300][gc,marking     ] GC(359) Concurrent Rebuild Remembered Sets 156.639ms
[2020-09-08T09:59:48.525-0300][gc,start       ] GC(359) Pause Cleanup
[2020-09-08T09:59:48.525-0300][gc             ] GC(359) Pause Cleanup 53M->53M(107M) 0.514ms
[2020-09-08T09:59:48.525-0300][gc,cpu         ] GC(359) User=0.00s Sys=0.00s Real=0.00s
[2020-09-08T09:59:48.526-0300][gc,marking     ] GC(359) Concurrent Cleanup for Next Mark
[2020-09-08T09:59:48.527-0300][gc,marking     ] GC(359) Concurrent Cleanup for Next Mark 1.241ms
[2020-09-08T09:59:48.527-0300][gc             ] GC(359) Concurrent Cycle 479.870ms
[2020-09-08T10:00:00.434-0300][gc,heap        ] GC(360) Heap before GC invocations=360 (full 1): garbage-first heap   total 109568K, used 84293K [0x0000000083000000, 0x0000000100000000)
[2020-09-08T10:00:00.434-0300][gc,heap        ] GC(360)   region size 1024K, 33 young (33792K), 2 survivors (2048K)
[2020-09-08T10:00:00.434-0300][gc,heap        ] GC(360)  Metaspace       used 42602K, capacity 45982K, committed 46208K, reserved 1089536K
[2020-09-08T10:00:00.434-0300][gc,heap        ] GC(360)   class space    used 4712K, capacity 5993K, committed 6016K, reserved 1048576K
[2020-09-08T10:00:00.434-0300][gc,start       ] GC(360) Pause Young (Prepare Mixed) (G1 Evacuation Pause)
[2020-09-08T10:00:00.435-0300][gc,task        ] GC(360) Using 4 workers of 4 for evacuation
[2020-09-08T10:00:00.445-0300][gc,phases      ] GC(360)   Pre Evacuate Collection Set: 0.1ms
[2020-09-08T10:00:00.445-0300][gc,phases      ] GC(360)   Evacuate Collection Set: 7.0ms
[2020-09-08T10:00:00.445-0300][gc,phases      ] GC(360)   Post Evacuate Collection Set: 2.5ms
[2020-09-08T10:00:00.445-0300][gc,phases      ] GC(360)   Other: 1.3ms
[2020-09-08T10:00:00.445-0300][gc,heap        ] GC(360) Eden regions: 31->0(4)
[2020-09-08T10:00:00.445-0300][gc,heap        ] GC(360) Survivor regions: 2->1(5)
[2020-09-08T10:00:00.445-0300][gc,heap        ] GC(360) Old regions: 45->45
[2020-09-08T10:00:00.445-0300][gc,heap        ] GC(360) Humongous regions: 8->4
[2020-09-08T10:00:00.445-0300][gc,metaspace   ] GC(360) Metaspace: 42602K->42602K(1089536K)
[2020-09-08T10:00:00.445-0300][gc,heap        ] GC(360) Heap after GC invocations=361 (full 1): garbage-first heap   total 109568K, used 48908K [0x0000000083000000, 0x0000000100000000)
[2020-09-08T10:00:00.445-0300][gc,heap        ] GC(360)   region size 1024K, 1 young (1024K), 1 survivors (1024K)
[2020-09-08T10:00:00.445-0300][gc,heap        ] GC(360)  Metaspace       used 42602K, capacity 45982K, committed 46208K, reserved 1089536K
[2020-09-08T10:00:00.446-0300][gc,heap        ] GC(360)   class space    used 4712K, capacity 5993K, committed 6016K, reserved 1048576K
[2020-09-08T10:00:00.446-0300][gc             ] GC(360) Pause Young (Prepare Mixed) (G1 Evacuation Pause) 83M->47M(107M) 11.167ms
[2020-09-08T10:00:00.446-0300][gc,cpu         ] GC(360) User=0.03s Sys=0.01s Real=0.01s
[2020-09-08T10:00:02.640-0300][gc,heap        ] GC(361) Heap before GC invocations=361 (full 1): garbage-first heap   total 109568K, used 53004K [0x0000000083000000, 0x0000000100000000)
[2020-09-08T10:00:02.640-0300][gc,heap        ] GC(361)   region size 1024K, 5 young (5120K), 1 survivors (1024K)
[2020-09-08T10:00:02.640-0300][gc,heap        ] GC(361)  Metaspace       used 42605K, capacity 45982K, committed 46208K, reserved 1089536K
[2020-09-08T10:00:02.640-0300][gc,heap        ] GC(361)   class space    used 4712K, capacity 5993K, committed 6016K, reserved 1048576K
[2020-09-08T10:00:02.640-0300][gc,start       ] GC(361) Pause Young (Mixed) (G1 Evacuation Pause)
[2020-09-08T10:00:02.641-0300][gc,task        ] GC(361) Using 4 workers of 4 for evacuation
[2020-09-08T10:00:02.656-0300][gc,phases      ] GC(361)   Pre Evacuate Collection Set: 0.1ms
[2020-09-08T10:00:02.656-0300][gc,phases      ] GC(361)   Evacuate Collection Set: 12.7ms
[2020-09-08T10:00:02.656-0300][gc,phases      ] GC(361)   Post Evacuate Collection Set: 1.8ms
[2020-09-08T10:00:02.656-0300][gc,phases      ] GC(361)   Other: 1.3ms
[2020-09-08T10:00:02.656-0300][gc,heap        ] GC(361) Eden regions: 4->0(34)
[2020-09-08T10:00:02.656-0300][gc,heap        ] GC(361) Survivor regions: 1->1(1)
[2020-09-08T10:00:02.656-0300][gc,heap        ] GC(361) Old regions: 45->45
[2020-09-08T10:00:02.656-0300][gc,heap        ] GC(361) Humongous regions: 4->4
[2020-09-08T10:00:02.656-0300][gc,metaspace   ] GC(361) Metaspace: 42605K->42605K(1089536K)
[2020-09-08T10:00:02.656-0300][gc,heap        ] GC(361) Heap after GC invocations=362 (full 1): garbage-first heap   total 109568K, used 47449K [0x0000000083000000, 0x0000000100000000)
[2020-09-08T10:00:02.657-0300][gc,heap        ] GC(361)   region size 1024K, 1 young (1024K), 1 survivors (1024K)
[2020-09-08T10:00:02.657-0300][gc,heap        ] GC(361)  Metaspace       used 42605K, capacity 45982K, committed 46208K, reserved 1089536K
[2020-09-08T10:00:02.657-0300][gc,heap        ] GC(361)   class space    used 4712K, capacity 5993K, committed 6016K, reserved 1048576K
[2020-09-08T10:00:02.657-0300][gc             ] GC(361) Pause Young (Mixed) (G1 Evacuation Pause) 51M->46M(107M) 16.315ms
[2020-09-08T10:00:02.657-0300][gc,cpu         ] GC(361) User=0.05s Sys=0.00s Real=0.02s
[2020-09-08T10:00:08.011-0300][gc,heap        ] GC(362) Heap before GC invocations=362 (full 1): garbage-first heap   total 109568K, used 68953K [0x0000000083000000, 0x0000000100000000)
[2020-09-08T10:00:08.011-0300][gc,heap        ] GC(362)   region size 1024K, 24 young (24576K), 1 survivors (1024K)
[2020-09-08T10:00:08.011-0300][gc,heap        ] GC(362)  Metaspace       used 42608K, capacity 45982K, committed 46208K, reserved 1089536K
[2020-09-08T10:00:08.011-0300][gc,heap        ] GC(362)   class space    used 4712K, capacity 5993K, committed 6016K, reserved 1048576K
[2020-09-08T10:00:08.011-0300][gc,start       ] GC(362) Pause Young (Concurrent Start) (G1 Humongous Allocation)
[2020-09-08T10:00:08.011-0300][gc,task        ] GC(362) Using 4 workers of 4 for evacuation
[2020-09-08T10:00:08.024-0300][gc,phases      ] GC(362)   Pre Evacuate Collection Set: 0.4ms
[2020-09-08T10:00:08.024-0300][gc,phases      ] GC(362)   Evacuate Collection Set: 9.8ms
[2020-09-08T10:00:08.024-0300][gc,phases      ] GC(362)   Post Evacuate Collection Set: 1.6ms
[2020-09-08T10:00:08.024-0300][gc,phases      ] GC(362)   Other: 1.2ms
[2020-09-08T10:00:08.024-0300][gc,heap        ] GC(362) Eden regions: 23->0(34)
[2020-09-08T10:00:08.024-0300][gc,heap        ] GC(362) Survivor regions: 1->2(5)
[2020-09-08T10:00:08.024-0300][gc,heap        ] GC(362) Old regions: 45->45
[2020-09-08T10:00:08.024-0300][gc,heap        ] GC(362) Humongous regions: 4->4
[2020-09-08T10:00:08.024-0300][gc,metaspace   ] GC(362) Metaspace: 42608K->42608K(1089536K)
[2020-09-08T10:00:08.024-0300][gc,heap        ] GC(362) Heap after GC invocations=363 (full 1): garbage-first heap   total 109568K, used 48606K [0x0000000083000000, 0x0000000100000000)
[2020-09-08T10:00:08.025-0300][gc,heap        ] GC(362)   region size 1024K, 2 young (2048K), 2 survivors (2048K)
[2020-09-08T10:00:08.025-0300][gc,heap        ] GC(362)  Metaspace       used 42608K, capacity 45982K, committed 46208K, reserved 1089536K
[2020-09-08T10:00:08.025-0300][gc,heap        ] GC(362)   class space    used 4712K, capacity 5993K, committed 6016K, reserved 1048576K
[2020-09-08T10:00:08.025-0300][gc             ] GC(362) Pause Young (Concurrent Start) (G1 Humongous Allocation) 68M->47M(107M) 13.740ms
[2020-09-08T10:00:08.025-0300][gc,cpu         ] GC(362) User=0.04s Sys=0.00s Real=0.01s
[2020-09-08T10:00:08.026-0300][gc             ] GC(363) Concurrent Cycle
[2020-09-08T10:00:08.026-0300][gc,marking     ] GC(363) Concurrent Clear Claimed Marks
[2020-09-08T10:00:08.027-0300][gc,marking     ] GC(363) Concurrent Clear Claimed Marks 0.954ms
[2020-09-08T10:00:08.027-0300][gc,marking     ] GC(363) Concurrent Scan Root Regions
[2020-09-08T10:00:08.037-0300][gc,marking     ] GC(363) Concurrent Scan Root Regions 9.635ms
[2020-09-08T10:00:08.037-0300][gc,marking     ] GC(363) Concurrent Mark (1465.511s)
[2020-09-08T10:00:08.037-0300][gc,marking     ] GC(363) Concurrent Mark From Roots
[2020-09-08T10:00:08.037-0300][gc,task        ] GC(363) Using 1 workers of 1 for marking
[2020-09-08T10:00:08.307-0300][gc,marking     ] GC(363) Concurrent Mark From Roots 270.231ms
[2020-09-08T10:00:08.307-0300][gc,marking     ] GC(363) Concurrent Preclean
[2020-09-08T10:00:08.308-0300][gc,marking     ] GC(363) Concurrent Preclean 0.369ms
[2020-09-08T10:00:08.308-0300][gc,marking     ] GC(363) Concurrent Mark (1465.511s, 1465.781s) 270.856ms
[2020-09-08T10:00:08.309-0300][gc,start       ] GC(363) Pause Remark
[2020-09-08T10:00:08.343-0300][gc,stringtable ] GC(363) Cleaned string and symbol table, strings: 23693 processed, 0 removed, symbols: 95119 processed, 0 removed
[2020-09-08T10:00:08.343-0300][gc             ] GC(363) Pause Remark 53M->53M(107M) 34.284ms
[2020-09-08T10:00:08.344-0300][gc,cpu         ] GC(363) User=0.13s Sys=0.00s Real=0.04s
[2020-09-08T10:00:08.344-0300][gc,marking     ] GC(363) Concurrent Rebuild Remembered Sets
[2020-09-08T10:00:08.504-0300][gc,marking     ] GC(363) Concurrent Rebuild Remembered Sets 160.237ms
[2020-09-08T10:00:08.506-0300][gc,start       ] GC(363) Pause Cleanup
[2020-09-08T10:00:08.506-0300][gc             ] GC(363) Pause Cleanup 53M->53M(107M) 0.535ms
[2020-09-08T10:00:08.506-0300][gc,cpu         ] GC(363) User=0.00s Sys=0.00s Real=0.00s
[2020-09-08T10:00:08.507-0300][gc,marking     ] GC(363) Concurrent Cleanup for Next Mark
[2020-09-08T10:00:08.508-0300][gc,marking     ] GC(363) Concurrent Cleanup for Next Mark 1.288ms
[2020-09-08T10:00:08.508-0300][gc             ] GC(363) Concurrent Cycle 482.066ms
[2020-09-08T10:00:35.674-0300][gc,heap        ] GC(364) Heap before GC invocations=364 (full 1): garbage-first heap   total 109568K, used 84446K [0x0000000083000000, 0x0000000100000000)
[2020-09-08T10:00:35.674-0300][gc,heap        ] GC(364)   region size 1024K, 36 young (36864K), 2 survivors (2048K)
[2020-09-08T10:00:35.675-0300][gc,heap        ] GC(364)  Metaspace       used 42608K, capacity 45982K, committed 46208K, reserved 1089536K
[2020-09-08T10:00:35.675-0300][gc,heap        ] GC(364)   class space    used 4712K, capacity 5993K, committed 6016K, reserved 1048576K
[2020-09-08T10:00:35.675-0300][gc,start       ] GC(364) Pause Young (Prepare Mixed) (G1 Evacuation Pause)
[2020-09-08T10:00:35.675-0300][gc,task        ] GC(364) Using 4 workers of 4 for evacuation
[2020-09-08T10:00:35.684-0300][gc,phases      ] GC(364)   Pre Evacuate Collection Set: 0.0ms
[2020-09-08T10:00:35.684-0300][gc,phases      ] GC(364)   Evacuate Collection Set: 6.5ms
[2020-09-08T10:00:35.684-0300][gc,phases      ] GC(364)   Post Evacuate Collection Set: 2.0ms
[2020-09-08T10:00:35.684-0300][gc,phases      ] GC(364)   Other: 1.2ms
[2020-09-08T10:00:35.684-0300][gc,heap        ] GC(364) Eden regions: 34->0(4)
[2020-09-08T10:00:35.685-0300][gc,heap        ] GC(364) Survivor regions: 2->1(5)
[2020-09-08T10:00:35.685-0300][gc,heap        ] GC(364) Old regions: 45->45
[2020-09-08T10:00:35.685-0300][gc,heap        ] GC(364) Humongous regions: 6->4
[2020-09-08T10:00:35.685-0300][gc,metaspace   ] GC(364) Metaspace: 42608K->42608K(1089536K)
[2020-09-08T10:00:35.685-0300][gc,heap        ] GC(364) Heap after GC invocations=365 (full 1): garbage-first heap   total 109568K, used 48185K [0x0000000083000000, 0x0000000100000000)
[2020-09-08T10:00:35.685-0300][gc,heap        ] GC(364)   region size 1024K, 1 young (1024K), 1 survivors (1024K)
[2020-09-08T10:00:35.685-0300][gc,heap        ] GC(364)  Metaspace       used 42608K, capacity 45982K, committed 46208K, reserved 1089536K
[2020-09-08T10:00:35.685-0300][gc,heap        ] GC(364)   class space    used 4712K, capacity 5993K, committed 6016K, reserved 1048576K
[2020-09-08T10:00:35.685-0300][gc             ] GC(364) Pause Young (Prepare Mixed) (G1 Evacuation Pause) 83M->47M(107M) 10.239ms
[2020-09-08T10:00:35.685-0300][gc,cpu         ] GC(364) User=0.03s Sys=0.01s Real=0.01s
[2020-09-08T10:00:37.104-0300][gc,heap        ] GC(365) Heap before GC invocations=365 (full 1): garbage-first heap   total 109568K, used 52281K [0x0000000083000000, 0x0000000100000000)
[2020-09-08T10:00:37.105-0300][gc,heap        ] GC(365)   region size 1024K, 5 young (5120K), 1 survivors (1024K)
[2020-09-08T10:00:37.105-0300][gc,heap        ] GC(365)  Metaspace       used 42608K, capacity 45982K, committed 46208K, reserved 1089536K
[2020-09-08T10:00:37.105-0300][gc,heap        ] GC(365)   class space    used 4712K, capacity 5993K, committed 6016K, reserved 1048576K
[2020-09-08T10:00:37.105-0300][gc,start       ] GC(365) Pause Young (Mixed) (G1 Evacuation Pause)
[2020-09-08T10:00:37.105-0300][gc,task        ] GC(365) Using 4 workers of 4 for evacuation
[2020-09-08T10:00:37.115-0300][gc,phases      ] GC(365)   Pre Evacuate Collection Set: 0.1ms
[2020-09-08T10:00:37.115-0300][gc,phases      ] GC(365)   Evacuate Collection Set: 7.8ms
[2020-09-08T10:00:37.115-0300][gc,phases      ] GC(365)   Post Evacuate Collection Set: 1.6ms
[2020-09-08T10:00:37.115-0300][gc,phases      ] GC(365)   Other: 1.2ms
[2020-09-08T10:00:37.116-0300][gc,heap        ] GC(365) Eden regions: 4->0(37)
[2020-09-08T10:00:37.116-0300][gc,heap        ] GC(365) Survivor regions: 1->1(1)
[2020-09-08T10:00:37.116-0300][gc,heap        ] GC(365) Old regions: 45->45
[2020-09-08T10:00:37.116-0300][gc,heap        ] GC(365) Humongous regions: 4->4
[2020-09-08T10:00:37.116-0300][gc,metaspace   ] GC(365) Metaspace: 42608K->42608K(1089536K)
[2020-09-08T10:00:37.116-0300][gc,heap        ] GC(365) Heap after GC invocations=366 (full 1): garbage-first heap   total 109568K, used 47463K [0x0000000083000000, 0x0000000100000000)
[2020-09-08T10:00:37.116-0300][gc,heap        ] GC(365)   region size 1024K, 1 young (1024K), 1 survivors (1024K)
[2020-09-08T10:00:37.116-0300][gc,heap        ] GC(365)  Metaspace       used 42608K, capacity 45982K, committed 46208K, reserved 1089536K
[2020-09-08T10:00:37.116-0300][gc,heap        ] GC(365)   class space    used 4712K, capacity 5993K, committed 6016K, reserved 1048576K
[2020-09-08T10:00:37.116-0300][gc             ] GC(365) Pause Young (Mixed) (G1 Evacuation Pause) 51M->46M(107M) 11.137ms
[2020-09-08T10:00:37.116-0300][gc,cpu         ] GC(365) User=0.03s Sys=0.01s Real=0.01s
[2020-09-08T10:00:58.041-0300][gc,heap        ] GC(366) Heap before GC invocations=366 (full 1): garbage-first heap   total 109568K, used 84327K [0x0000000083000000, 0x0000000100000000)
[2020-09-08T10:00:58.041-0300][gc,heap        ] GC(366)   region size 1024K, 38 young (38912K), 1 survivors (1024K)
[2020-09-08T10:00:58.041-0300][gc,heap        ] GC(366)  Metaspace       used 42608K, capacity 45982K, committed 46208K, reserved 1089536K
[2020-09-08T10:00:58.041-0300][gc,heap        ] GC(366)   class space    used 4712K, capacity 5993K, committed 6016K, reserved 1048576K
[2020-09-08T10:00:58.041-0300][gc,start       ] GC(366) Pause Young (Concurrent Start) (G1 Evacuation Pause)
[2020-09-08T10:00:58.041-0300][gc,task        ] GC(366) Using 4 workers of 4 for evacuation
[2020-09-08T10:00:58.053-0300][gc,phases      ] GC(366)   Pre Evacuate Collection Set: 0.4ms
[2020-09-08T10:00:58.053-0300][gc,phases      ] GC(366)   Evacuate Collection Set: 8.2ms
[2020-09-08T10:00:58.053-0300][gc,phases      ] GC(366)   Post Evacuate Collection Set: 2.3ms
[2020-09-08T10:00:58.053-0300][gc,phases      ] GC(366)   Other: 1.6ms
[2020-09-08T10:00:58.053-0300][gc,heap        ] GC(366) Eden regions: 37->0(38)
[2020-09-08T10:00:58.053-0300][gc,heap        ] GC(366) Survivor regions: 1->1(5)
[2020-09-08T10:00:58.053-0300][gc,heap        ] GC(366) Old regions: 45->45
[2020-09-08T10:00:58.053-0300][gc,heap        ] GC(366) Humongous regions: 4->4
[2020-09-08T10:00:58.053-0300][gc,metaspace   ] GC(366) Metaspace: 42608K->42608K(1089536K)
[2020-09-08T10:00:58.054-0300][gc,heap        ] GC(366) Heap after GC invocations=367 (full 1): garbage-first heap   total 109568K, used 47971K [0x0000000083000000, 0x0000000100000000)
[2020-09-08T10:00:58.054-0300][gc,heap        ] GC(366)   region size 1024K, 1 young (1024K), 1 survivors (1024K)
[2020-09-08T10:00:58.054-0300][gc,heap        ] GC(366)  Metaspace       used 42608K, capacity 45982K, committed 46208K, reserved 1089536K
[2020-09-08T10:00:58.054-0300][gc,heap        ] GC(366)   class space    used 4712K, capacity 5993K, committed 6016K, reserved 1048576K
[2020-09-08T10:00:58.054-0300][gc             ] GC(366) Pause Young (Concurrent Start) (G1 Evacuation Pause) 83M->46M(107M) 12.675ms
[2020-09-08T10:00:58.054-0300][gc,cpu         ] GC(366) User=0.03s Sys=0.00s Real=0.01s
[2020-09-08T10:00:58.054-0300][gc             ] GC(367) Concurrent Cycle
[2020-09-08T10:00:58.054-0300][gc,marking     ] GC(367) Concurrent Clear Claimed Marks
[2020-09-08T10:00:58.055-0300][gc,marking     ] GC(367) Concurrent Clear Claimed Marks 0.631ms
[2020-09-08T10:00:58.055-0300][gc,marking     ] GC(367) Concurrent Scan Root Regions
[2020-09-08T10:00:58.059-0300][gc,marking     ] GC(367) Concurrent Scan Root Regions 4.464ms
[2020-09-08T10:00:58.060-0300][gc,marking     ] GC(367) Concurrent Mark (1515.533s)
[2020-09-08T10:00:58.060-0300][gc,marking     ] GC(367) Concurrent Mark From Roots
[2020-09-08T10:00:58.060-0300][gc,task        ] GC(367) Using 1 workers of 1 for marking
[2020-09-08T10:00:58.327-0300][gc,marking     ] GC(367) Concurrent Mark From Roots 267.006ms
[2020-09-08T10:00:58.327-0300][gc,marking     ] GC(367) Concurrent Preclean
[2020-09-08T10:00:58.327-0300][gc,marking     ] GC(367) Concurrent Preclean 0.313ms
[2020-09-08T10:00:58.327-0300][gc,marking     ] GC(367) Concurrent Mark (1515.533s, 1515.801s) 267.602ms
[2020-09-08T10:00:58.328-0300][gc,start       ] GC(367) Pause Remark
[2020-09-08T10:00:58.362-0300][gc,stringtable ] GC(367) Cleaned string and symbol table, strings: 23693 processed, 0 removed, symbols: 95119 processed, 0 removed
[2020-09-08T10:00:58.363-0300][gc             ] GC(367) Pause Remark 47M->47M(107M) 34.534ms
[2020-09-08T10:00:58.363-0300][gc,cpu         ] GC(367) User=0.13s Sys=0.01s Real=0.04s
[2020-09-08T10:00:58.364-0300][gc,marking     ] GC(367) Concurrent Rebuild Remembered Sets
[2020-09-08T10:00:58.525-0300][gc,marking     ] GC(367) Concurrent Rebuild Remembered Sets 161.627ms
[2020-09-08T10:00:58.526-0300][gc,start       ] GC(367) Pause Cleanup
[2020-09-08T10:00:58.527-0300][gc             ] GC(367) Pause Cleanup 47M->47M(107M) 0.521ms
[2020-09-08T10:00:58.527-0300][gc,cpu         ] GC(367) User=0.00s Sys=0.00s Real=0.00s
[2020-09-08T10:00:58.527-0300][gc,marking     ] GC(367) Concurrent Cleanup for Next Mark
[2020-09-08T10:00:58.529-0300][gc,marking     ] GC(367) Concurrent Cleanup for Next Mark 1.272ms
[2020-09-08T10:00:58.529-0300][gc             ] GC(367) Concurrent Cycle 474.776ms
[2020-09-08T10:01:27.700-0300][gc,heap        ] GC(368) Heap before GC invocations=368 (full 1): garbage-first heap   total 109568K, used 85859K [0x0000000083000000, 0x0000000100000000)
[2020-09-08T10:01:27.700-0300][gc,heap        ] GC(368)   region size 1024K, 39 young (39936K), 1 survivors (1024K)
[2020-09-08T10:01:27.700-0300][gc,heap        ] GC(368)  Metaspace       used 42611K, capacity 45982K, committed 46208K, reserved 1089536K
[2020-09-08T10:01:27.700-0300][gc,heap        ] GC(368)   class space    used 4712K, capacity 5993K, committed 6016K, reserved 1048576K
[2020-09-08T10:01:27.700-0300][gc,start       ] GC(368) Pause Young (Prepare Mixed) (G1 Evacuation Pause)
[2020-09-08T10:01:27.700-0300][gc,task        ] GC(368) Using 4 workers of 4 for evacuation
[2020-09-08T10:01:27.712-0300][gc,phases      ] GC(368)   Pre Evacuate Collection Set: 0.0ms
[2020-09-08T10:01:27.713-0300][gc,phases      ] GC(368)   Evacuate Collection Set: 8.5ms
[2020-09-08T10:01:27.713-0300][gc,phases      ] GC(368)   Post Evacuate Collection Set: 2.9ms
[2020-09-08T10:01:27.713-0300][gc,phases      ] GC(368)   Other: 1.4ms
[2020-09-08T10:01:27.713-0300][gc,heap        ] GC(368) Eden regions: 38->0(3)
[2020-09-08T10:01:27.713-0300][gc,heap        ] GC(368) Survivor regions: 1->2(5)
[2020-09-08T10:01:27.713-0300][gc,heap        ] GC(368) Old regions: 45->45
[2020-09-08T10:01:27.713-0300][gc,heap        ] GC(368) Humongous regions: 4->4
[2020-09-08T10:01:27.713-0300][gc,metaspace   ] GC(368) Metaspace: 42611K->42611K(1089536K)
[2020-09-08T10:01:27.713-0300][gc,heap        ] GC(368) Heap after GC invocations=369 (full 1): garbage-first heap   total 109568K, used 48598K [0x0000000083000000, 0x0000000100000000)
[2020-09-08T10:01:27.713-0300][gc,heap        ] GC(368)   region size 1024K, 2 young (2048K), 2 survivors (2048K)
[2020-09-08T10:01:27.713-0300][gc,heap        ] GC(368)  Metaspace       used 42611K, capacity 45982K, committed 46208K, reserved 1089536K
[2020-09-08T10:01:27.713-0300][gc,heap        ] GC(368)   class space    used 4712K, capacity 5993K, committed 6016K, reserved 1048576K
[2020-09-08T10:01:27.713-0300][gc             ] GC(368) Pause Young (Prepare Mixed) (G1 Evacuation Pause) 84M->47M(107M) 13.067ms
[2020-09-08T10:01:27.713-0300][gc,cpu         ] GC(368) User=0.04s Sys=0.00s Real=0.02s
[2020-09-08T10:01:28.237-0300][gc,heap        ] GC(369) Heap before GC invocations=369 (full 1): garbage-first heap   total 109568K, used 51670K [0x0000000083000000, 0x0000000100000000)
[2020-09-08T10:01:28.237-0300][gc,heap        ] GC(369)   region size 1024K, 5 young (5120K), 2 survivors (2048K)
[2020-09-08T10:01:28.237-0300][gc,heap        ] GC(369)  Metaspace       used 42611K, capacity 45982K, committed 46208K, reserved 1089536K
[2020-09-08T10:01:28.237-0300][gc,heap        ] GC(369)   class space    used 4712K, capacity 5993K, committed 6016K, reserved 1048576K
[2020-09-08T10:01:28.237-0300][gc,start       ] GC(369) Pause Young (Mixed) (G1 Evacuation Pause)
[2020-09-08T10:01:28.237-0300][gc,task        ] GC(369) Using 4 workers of 4 for evacuation
[2020-09-08T10:01:28.248-0300][gc,phases      ] GC(369)   Pre Evacuate Collection Set: 0.1ms
[2020-09-08T10:01:28.248-0300][gc,phases      ] GC(369)   Evacuate Collection Set: 8.2ms
[2020-09-08T10:01:28.248-0300][gc,phases      ] GC(369)   Post Evacuate Collection Set: 1.5ms
[2020-09-08T10:01:28.248-0300][gc,phases      ] GC(369)   Other: 1.3ms
[2020-09-08T10:01:28.248-0300][gc,heap        ] GC(369) Eden regions: 3->0(38)
[2020-09-08T10:01:28.248-0300][gc,heap        ] GC(369) Survivor regions: 2->1(1)
[2020-09-08T10:01:28.248-0300][gc,heap        ] GC(369) Old regions: 45->45
[2020-09-08T10:01:28.248-0300][gc,heap        ] GC(369) Humongous regions: 4->4
[2020-09-08T10:01:28.248-0300][gc,metaspace   ] GC(369) Metaspace: 42611K->42611K(1089536K)
[2020-09-08T10:01:28.248-0300][gc,heap        ] GC(369) Heap after GC invocations=370 (full 1): garbage-first heap   total 109568K, used 47976K [0x0000000083000000, 0x0000000100000000)
[2020-09-08T10:01:28.248-0300][gc,heap        ] GC(369)   region size 1024K, 1 young (1024K), 1 survivors (1024K)
[2020-09-08T10:01:28.248-0300][gc,heap        ] GC(369)  Metaspace       used 42611K, capacity 45982K, committed 46208K, reserved 1089536K
[2020-09-08T10:01:28.248-0300][gc,heap        ] GC(369)   class space    used 4712K, capacity 5993K, committed 6016K, reserved 1048576K
[2020-09-08T10:01:28.248-0300][gc             ] GC(369) Pause Young (Mixed) (G1 Evacuation Pause) 50M->46M(107M) 11.468ms
[2020-09-08T10:01:28.249-0300][gc,cpu         ] GC(369) User=0.03s Sys=0.01s Real=0.01s
[2020-09-08T10:01:48.063-0300][gc,heap        ] GC(370) Heap before GC invocations=370 (full 1): garbage-first heap   total 109568K, used 85864K [0x0000000083000000, 0x0000000100000000)
[2020-09-08T10:01:48.063-0300][gc,heap        ] GC(370)   region size 1024K, 39 young (39936K), 1 survivors (1024K)
[2020-09-08T10:01:48.063-0300][gc,heap        ] GC(370)  Metaspace       used 42612K, capacity 45982K, committed 46208K, reserved 1089536K
[2020-09-08T10:01:48.063-0300][gc,heap        ] GC(370)   class space    used 4712K, capacity 5993K, committed 6016K, reserved 1048576K
[2020-09-08T10:01:48.064-0300][gc,start       ] GC(370) Pause Young (Concurrent Start) (G1 Evacuation Pause)
[2020-09-08T10:01:48.064-0300][gc,task        ] GC(370) Using 4 workers of 4 for evacuation
[2020-09-08T10:01:48.081-0300][gc,phases      ] GC(370)   Pre Evacuate Collection Set: 0.4ms
[2020-09-08T10:01:48.081-0300][gc,phases      ] GC(370)   Evacuate Collection Set: 12.9ms
[2020-09-08T10:01:48.081-0300][gc,phases      ] GC(370)   Post Evacuate Collection Set: 2.7ms
[2020-09-08T10:01:48.081-0300][gc,phases      ] GC(370)   Other: 1.8ms
[2020-09-08T10:01:48.081-0300][gc,heap        ] GC(370) Eden regions: 38->0(39)
[2020-09-08T10:01:48.081-0300][gc,heap        ] GC(370) Survivor regions: 1->1(5)
[2020-09-08T10:01:48.081-0300][gc,heap        ] GC(370) Old regions: 45->45
[2020-09-08T10:01:48.081-0300][gc,heap        ] GC(370) Humongous regions: 4->4
[2020-09-08T10:01:48.081-0300][gc,metaspace   ] GC(370) Metaspace: 42612K->42612K(1089536K)
[2020-09-08T10:01:48.082-0300][gc,heap        ] GC(370) Heap after GC invocations=371 (full 1): garbage-first heap   total 109568K, used 48675K [0x0000000083000000, 0x0000000100000000)
[2020-09-08T10:01:48.082-0300][gc,heap        ] GC(370)   region size 1024K, 1 young (1024K), 1 survivors (1024K)
[2020-09-08T10:01:48.082-0300][gc,heap        ] GC(370)  Metaspace       used 42612K, capacity 45982K, committed 46208K, reserved 1089536K
[2020-09-08T10:01:48.082-0300][gc,heap        ] GC(370)   class space    used 4712K, capacity 5993K, committed 6016K, reserved 1048576K
[2020-09-08T10:01:48.082-0300][gc             ] GC(370) Pause Young (Concurrent Start) (G1 Evacuation Pause) 84M->47M(107M) 18.214ms
[2020-09-08T10:01:48.082-0300][gc,cpu         ] GC(370) User=0.04s Sys=0.01s Real=0.02s
[2020-09-08T10:01:48.082-0300][gc             ] GC(371) Concurrent Cycle
[2020-09-08T10:01:48.082-0300][gc,marking     ] GC(371) Concurrent Clear Claimed Marks
[2020-09-08T10:01:48.083-0300][gc,marking     ] GC(371) Concurrent Clear Claimed Marks 0.502ms
[2020-09-08T10:01:48.083-0300][gc,marking     ] GC(371) Concurrent Scan Root Regions
[2020-09-08T10:01:48.093-0300][gc,marking     ] GC(371) Concurrent Scan Root Regions 9.613ms
[2020-09-08T10:01:48.093-0300][gc,marking     ] GC(371) Concurrent Mark (1565.566s)
[2020-09-08T10:01:48.093-0300][gc,marking     ] GC(371) Concurrent Mark From Roots
[2020-09-08T10:01:48.093-0300][gc,task        ] GC(371) Using 1 workers of 1 for marking
[2020-09-08T10:01:48.445-0300][gc,marking     ] GC(371) Concurrent Mark From Roots 351.902ms
[2020-09-08T10:01:48.445-0300][gc,marking     ] GC(371) Concurrent Preclean
[2020-09-08T10:01:48.445-0300][gc,marking     ] GC(371) Concurrent Preclean 0.437ms
[2020-09-08T10:01:48.445-0300][gc,marking     ] GC(371) Concurrent Mark (1565.566s, 1565.919s) 352.737ms
[2020-09-08T10:01:48.447-0300][gc,start       ] GC(371) Pause Remark
[2020-09-08T10:01:48.513-0300][gc,stringtable ] GC(371) Cleaned string and symbol table, strings: 23729 processed, 0 removed, symbols: 95119 processed, 0 removed
[2020-09-08T10:01:48.514-0300][gc             ] GC(371) Pause Remark 51M->51M(107M) 66.959ms
[2020-09-08T10:01:48.515-0300][gc,cpu         ] GC(371) User=0.14s Sys=0.01s Real=0.07s
[2020-09-08T10:01:48.516-0300][gc,marking     ] GC(371) Concurrent Rebuild Remembered Sets
[2020-09-08T10:01:48.691-0300][gc,marking     ] GC(371) Concurrent Rebuild Remembered Sets 175.035ms
[2020-09-08T10:01:48.693-0300][gc,start       ] GC(371) Pause Cleanup
[2020-09-08T10:01:48.695-0300][gc             ] GC(371) Pause Cleanup 51M->51M(107M) 2.024ms
[2020-09-08T10:01:48.695-0300][gc,cpu         ] GC(371) User=0.00s Sys=0.00s Real=0.00s
[2020-09-08T10:01:48.696-0300][gc,marking     ] GC(371) Concurrent Cleanup for Next Mark
[2020-09-08T10:01:48.698-0300][gc,marking     ] GC(371) Concurrent Cleanup for Next Mark 1.390ms
[2020-09-08T10:01:48.698-0300][gc             ] GC(371) Concurrent Cycle 615.585ms
[2020-09-08T10:02:12.418-0300][gc,heap        ] GC(372) Heap before GC invocations=372 (full 1): garbage-first heap   total 109568K, used 87587K [0x0000000083000000, 0x0000000100000000)
[2020-09-08T10:02:12.418-0300][gc,heap        ] GC(372)   region size 1024K, 40 young (40960K), 1 survivors (1024K)
[2020-09-08T10:02:12.418-0300][gc,heap        ] GC(372)  Metaspace       used 42616K, capacity 45982K, committed 46208K, reserved 1089536K
[2020-09-08T10:02:12.418-0300][gc,heap        ] GC(372)   class space    used 4712K, capacity 5993K, committed 6016K, reserved 1048576K
[2020-09-08T10:02:12.418-0300][gc,start       ] GC(372) Pause Young (Prepare Mixed) (G1 Evacuation Pause)
[2020-09-08T10:02:12.418-0300][gc,task        ] GC(372) Using 4 workers of 4 for evacuation
[2020-09-08T10:02:12.431-0300][gc,phases      ] GC(372)   Pre Evacuate Collection Set: 0.0ms
[2020-09-08T10:02:12.431-0300][gc,phases      ] GC(372)   Evacuate Collection Set: 8.7ms
[2020-09-08T10:02:12.431-0300][gc,phases      ] GC(372)   Post Evacuate Collection Set: 3.1ms
[2020-09-08T10:02:12.431-0300][gc,phases      ] GC(372)   Other: 1.4ms
[2020-09-08T10:02:12.431-0300][gc,heap        ] GC(372) Eden regions: 39->0(3)
[2020-09-08T10:02:12.431-0300][gc,heap        ] GC(372) Survivor regions: 1->2(5)
[2020-09-08T10:02:12.431-0300][gc,heap        ] GC(372) Old regions: 45->45
[2020-09-08T10:02:12.431-0300][gc,heap        ] GC(372) Humongous regions: 4->4
[2020-09-08T10:02:12.431-0300][gc,metaspace   ] GC(372) Metaspace: 42616K->42616K(1089536K)
[2020-09-08T10:02:12.431-0300][gc,heap        ] GC(372) Heap after GC invocations=373 (full 1): garbage-first heap   total 109568K, used 49333K [0x0000000083000000, 0x0000000100000000)
[2020-09-08T10:02:12.432-0300][gc,heap        ] GC(372)   region size 1024K, 2 young (2048K), 2 survivors (2048K)
[2020-09-08T10:02:12.432-0300][gc,heap        ] GC(372)  Metaspace       used 42616K, capacity 45982K, committed 46208K, reserved 1089536K
[2020-09-08T10:02:12.432-0300][gc,heap        ] GC(372)   class space    used 4712K, capacity 5993K, committed 6016K, reserved 1048576K
[2020-09-08T10:02:12.432-0300][gc             ] GC(372) Pause Young (Prepare Mixed) (G1 Evacuation Pause) 86M->48M(107M) 13.572ms
[2020-09-08T10:02:12.432-0300][gc,cpu         ] GC(372) User=0.03s Sys=0.00s Real=0.02s
[2020-09-08T10:02:12.909-0300][gc,heap        ] GC(373) Heap before GC invocations=373 (full 1): garbage-first heap   total 109568K, used 52405K [0x0000000083000000, 0x0000000100000000)
[2020-09-08T10:02:12.909-0300][gc,heap        ] GC(373)   region size 1024K, 5 young (5120K), 2 survivors (2048K)
[2020-09-08T10:02:12.909-0300][gc,heap        ] GC(373)  Metaspace       used 42616K, capacity 45982K, committed 46208K, reserved 1089536K
[2020-09-08T10:02:12.909-0300][gc,heap        ] GC(373)   class space    used 4712K, capacity 5993K, committed 6016K, reserved 1048576K
[2020-09-08T10:02:12.910-0300][gc,start       ] GC(373) Pause Young (Mixed) (G1 Evacuation Pause)
[2020-09-08T10:02:12.910-0300][gc,task        ] GC(373) Using 4 workers of 4 for evacuation
[2020-09-08T10:02:12.928-0300][gc,phases      ] GC(373)   Pre Evacuate Collection Set: 0.1ms
[2020-09-08T10:02:12.928-0300][gc,phases      ] GC(373)   Evacuate Collection Set: 15.9ms
[2020-09-08T10:02:12.928-0300][gc,phases      ] GC(373)   Post Evacuate Collection Set: 1.6ms
[2020-09-08T10:02:12.928-0300][gc,phases      ] GC(373)   Other: 1.2ms
[2020-09-08T10:02:12.928-0300][gc,heap        ] GC(373) Eden regions: 3->0(39)
[2020-09-08T10:02:12.928-0300][gc,heap        ] GC(373) Survivor regions: 2->1(1)
[2020-09-08T10:02:12.928-0300][gc,heap        ] GC(373) Old regions: 45->45
[2020-09-08T10:02:12.928-0300][gc,heap        ] GC(373) Humongous regions: 4->4
[2020-09-08T10:02:12.928-0300][gc,metaspace   ] GC(373) Metaspace: 42616K->42616K(1089536K)
[2020-09-08T10:02:12.929-0300][gc,heap        ] GC(373) Heap after GC invocations=374 (full 1): garbage-first heap   total 109568K, used 47655K [0x0000000083000000, 0x0000000100000000)
[2020-09-08T10:02:12.929-0300][gc,heap        ] GC(373)   region size 1024K, 1 young (1024K), 1 survivors (1024K)
[2020-09-08T10:02:12.929-0300][gc,heap        ] GC(373)  Metaspace       used 42616K, capacity 45982K, committed 46208K, reserved 1089536K
[2020-09-08T10:02:12.929-0300][gc,heap        ] GC(373)   class space    used 4712K, capacity 5993K, committed 6016K, reserved 1048576K
[2020-09-08T10:02:12.929-0300][gc             ] GC(373) Pause Young (Mixed) (G1 Evacuation Pause) 51M->46M(107M) 19.246ms
[2020-09-08T10:02:12.929-0300][gc,cpu         ] GC(373) User=0.07s Sys=0.00s Real=0.02s
[2020-09-08T10:02:40.710-0300][gc,heap        ] GC(374) Heap before GC invocations=374 (full 1): garbage-first heap   total 109568K, used 86567K [0x0000000083000000, 0x0000000100000000)
[2020-09-08T10:02:40.710-0300][gc,heap        ] GC(374)   region size 1024K, 40 young (40960K), 1 survivors (1024K)
[2020-09-08T10:02:40.710-0300][gc,heap        ] GC(374)  Metaspace       used 42616K, capacity 45982K, committed 46208K, reserved 1089536K
[2020-09-08T10:02:40.710-0300][gc,heap        ] GC(374)   class space    used 4712K, capacity 5993K, committed 6016K, reserved 1048576K
[2020-09-08T10:02:40.710-0300][gc,start       ] GC(374) Pause Young (Concurrent Start) (G1 Evacuation Pause)
[2020-09-08T10:02:40.710-0300][gc,task        ] GC(374) Using 4 workers of 4 for evacuation
[2020-09-08T10:02:40.725-0300][gc,phases      ] GC(374)   Pre Evacuate Collection Set: 0.5ms
[2020-09-08T10:02:40.725-0300][gc,phases      ] GC(374)   Evacuate Collection Set: 10.8ms
[2020-09-08T10:02:40.725-0300][gc,phases      ] GC(374)   Post Evacuate Collection Set: 2.4ms
[2020-09-08T10:02:40.725-0300][gc,phases      ] GC(374)   Other: 1.5ms
[2020-09-08T10:02:40.725-0300][gc,heap        ] GC(374) Eden regions: 39->0(40)
[2020-09-08T10:02:40.725-0300][gc,heap        ] GC(374) Survivor regions: 1->1(5)
[2020-09-08T10:02:40.726-0300][gc,heap        ] GC(374) Old regions: 45->45
[2020-09-08T10:02:40.726-0300][gc,heap        ] GC(374) Humongous regions: 4->4
[2020-09-08T10:02:40.726-0300][gc,metaspace   ] GC(374) Metaspace: 42616K->42616K(1089536K)
[2020-09-08T10:02:40.726-0300][gc,heap        ] GC(374) Heap after GC invocations=375 (full 1): garbage-first heap   total 109568K, used 48328K [0x0000000083000000, 0x0000000100000000)
[2020-09-08T10:02:40.726-0300][gc,heap        ] GC(374)   region size 1024K, 1 young (1024K), 1 survivors (1024K)
[2020-09-08T10:02:40.726-0300][gc,heap        ] GC(374)  Metaspace       used 42616K, capacity 45982K, committed 46208K, reserved 1089536K
[2020-09-08T10:02:40.726-0300][gc,heap        ] GC(374)   class space    used 4712K, capacity 5993K, committed 6016K, reserved 1048576K
[2020-09-08T10:02:40.726-0300][gc             ] GC(374) Pause Young (Concurrent Start) (G1 Evacuation Pause) 85M->47M(107M) 15.610ms
[2020-09-08T10:02:40.726-0300][gc,cpu         ] GC(374) User=0.04s Sys=0.01s Real=0.02s
[2020-09-08T10:02:40.726-0300][gc             ] GC(375) Concurrent Cycle
[2020-09-08T10:02:40.727-0300][gc,marking     ] GC(375) Concurrent Clear Claimed Marks
[2020-09-08T10:02:40.727-0300][gc,marking     ] GC(375) Concurrent Clear Claimed Marks 0.629ms
[2020-09-08T10:02:40.727-0300][gc,marking     ] GC(375) Concurrent Scan Root Regions
[2020-09-08T10:02:40.734-0300][gc,marking     ] GC(375) Concurrent Scan Root Regions 7.074ms
[2020-09-08T10:02:40.735-0300][gc,marking     ] GC(375) Concurrent Mark (1618.208s)
[2020-09-08T10:02:40.735-0300][gc,marking     ] GC(375) Concurrent Mark From Roots
[2020-09-08T10:02:40.735-0300][gc,task        ] GC(375) Using 1 workers of 1 for marking
[2020-09-08T10:02:41.060-0300][gc,marking     ] GC(375) Concurrent Mark From Roots 324.816ms
[2020-09-08T10:02:41.060-0300][gc,marking     ] GC(375) Concurrent Preclean
[2020-09-08T10:02:41.060-0300][gc,marking     ] GC(375) Concurrent Preclean 0.469ms
[2020-09-08T10:02:41.060-0300][gc,marking     ] GC(375) Concurrent Mark (1618.208s, 1618.534s) 325.853ms
[2020-09-08T10:02:41.062-0300][gc,start       ] GC(375) Pause Remark
[2020-09-08T10:02:41.097-0300][gc,stringtable ] GC(375) Cleaned string and symbol table, strings: 23749 processed, 0 removed, symbols: 95119 processed, 0 removed
[2020-09-08T10:02:41.097-0300][gc             ] GC(375) Pause Remark 50M->50M(107M) 35.147ms
[2020-09-08T10:02:41.098-0300][gc,cpu         ] GC(375) User=0.13s Sys=0.01s Real=0.03s
[2020-09-08T10:02:41.098-0300][gc,marking     ] GC(375) Concurrent Rebuild Remembered Sets
[2020-09-08T10:02:41.273-0300][gc,marking     ] GC(375) Concurrent Rebuild Remembered Sets 174.168ms
[2020-09-08T10:02:41.274-0300][gc,start       ] GC(375) Pause Cleanup
[2020-09-08T10:02:41.274-0300][gc             ] GC(375) Pause Cleanup 51M->51M(107M) 0.456ms
[2020-09-08T10:02:41.275-0300][gc,cpu         ] GC(375) User=0.00s Sys=0.00s Real=0.00s
[2020-09-08T10:02:41.276-0300][gc,marking     ] GC(375) Concurrent Cleanup for Next Mark
[2020-09-08T10:02:41.277-0300][gc,marking     ] GC(375) Concurrent Cleanup for Next Mark 1.297ms
[2020-09-08T10:02:41.277-0300][gc             ] GC(375) Concurrent Cycle 550.623ms
[2020-09-08T10:03:14.645-0300][gc,heap        ] GC(376) Heap before GC invocations=376 (full 1): garbage-first heap   total 109568K, used 88264K [0x0000000083000000, 0x0000000100000000)
[2020-09-08T10:03:14.645-0300][gc,heap        ] GC(376)   region size 1024K, 41 young (41984K), 1 survivors (1024K)
[2020-09-08T10:03:14.645-0300][gc,heap        ] GC(376)  Metaspace       used 42617K, capacity 45982K, committed 46208K, reserved 1089536K
[2020-09-08T10:03:14.645-0300][gc,heap        ] GC(376)   class space    used 4712K, capacity 5993K, committed 6016K, reserved 1048576K
[2020-09-08T10:03:14.645-0300][gc,start       ] GC(376) Pause Young (Prepare Mixed) (G1 Evacuation Pause)
[2020-09-08T10:03:14.645-0300][gc,task        ] GC(376) Using 4 workers of 4 for evacuation
[2020-09-08T10:03:14.658-0300][gc,phases      ] GC(376)   Pre Evacuate Collection Set: 0.1ms
[2020-09-08T10:03:14.658-0300][gc,phases      ] GC(376)   Evacuate Collection Set: 8.8ms
[2020-09-08T10:03:14.658-0300][gc,phases      ] GC(376)   Post Evacuate Collection Set: 2.7ms
[2020-09-08T10:03:14.658-0300][gc,phases      ] GC(376)   Other: 1.3ms
[2020-09-08T10:03:14.658-0300][gc,heap        ] GC(376) Eden regions: 40->0(3)
[2020-09-08T10:03:14.658-0300][gc,heap        ] GC(376) Survivor regions: 1->2(6)
[2020-09-08T10:03:14.658-0300][gc,heap        ] GC(376) Old regions: 45->45
[2020-09-08T10:03:14.658-0300][gc,heap        ] GC(376) Humongous regions: 4->4
[2020-09-08T10:03:14.658-0300][gc,metaspace   ] GC(376) Metaspace: 42617K->42617K(1089536K)
[2020-09-08T10:03:14.658-0300][gc,heap        ] GC(376) Heap after GC invocations=377 (full 1): garbage-first heap   total 109568K, used 48895K [0x0000000083000000, 0x0000000100000000)
[2020-09-08T10:03:14.658-0300][gc,heap        ] GC(376)   region size 1024K, 2 young (2048K), 2 survivors (2048K)
[2020-09-08T10:03:14.658-0300][gc,heap        ] GC(376)  Metaspace       used 42617K, capacity 45982K, committed 46208K, reserved 1089536K
[2020-09-08T10:03:14.658-0300][gc,heap        ] GC(376)   class space    used 4712K, capacity 5993K, committed 6016K, reserved 1048576K
[2020-09-08T10:03:14.658-0300][gc             ] GC(376) Pause Young (Prepare Mixed) (G1 Evacuation Pause) 87M->47M(107M) 13.226ms
[2020-09-08T10:03:14.659-0300][gc,cpu         ] GC(376) User=0.04s Sys=0.00s Real=0.01s
[2020-09-08T10:03:15.357-0300][gc,heap        ] GC(377) Heap before GC invocations=377 (full 1): garbage-first heap   total 109568K, used 51967K [0x0000000083000000, 0x0000000100000000)
[2020-09-08T10:03:15.357-0300][gc,heap        ] GC(377)   region size 1024K, 5 young (5120K), 2 survivors (2048K)
[2020-09-08T10:03:15.357-0300][gc,heap        ] GC(377)  Metaspace       used 42617K, capacity 45982K, committed 46208K, reserved 1089536K
[2020-09-08T10:03:15.357-0300][gc,heap        ] GC(377)   class space    used 4712K, capacity 5993K, committed 6016K, reserved 1048576K
[2020-09-08T10:03:15.358-0300][gc,start       ] GC(377) Pause Young (Mixed) (G1 Evacuation Pause)
[2020-09-08T10:03:15.358-0300][gc,task        ] GC(377) Using 4 workers of 4 for evacuation
[2020-09-08T10:03:15.372-0300][gc,phases      ] GC(377)   Pre Evacuate Collection Set: 0.1ms
[2020-09-08T10:03:15.372-0300][gc,phases      ] GC(377)   Evacuate Collection Set: 12.0ms
[2020-09-08T10:03:15.372-0300][gc,phases      ] GC(377)   Post Evacuate Collection Set: 1.6ms
[2020-09-08T10:03:15.372-0300][gc,phases      ] GC(377)   Other: 1.2ms
[2020-09-08T10:03:15.372-0300][gc,heap        ] GC(377) Eden regions: 3->0(40)
[2020-09-08T10:03:15.372-0300][gc,heap        ] GC(377) Survivor regions: 2->1(1)
[2020-09-08T10:03:15.372-0300][gc,heap        ] GC(377) Old regions: 45->45
[2020-09-08T10:03:15.372-0300][gc,heap        ] GC(377) Humongous regions: 4->4
[2020-09-08T10:03:15.372-0300][gc,metaspace   ] GC(377) Metaspace: 42617K->42617K(1089536K)
[2020-09-08T10:03:15.373-0300][gc,heap        ] GC(377) Heap after GC invocations=378 (full 1): garbage-first heap   total 109568K, used 48244K [0x0000000083000000, 0x0000000100000000)
[2020-09-08T10:03:15.373-0300][gc,heap        ] GC(377)   region size 1024K, 1 young (1024K), 1 survivors (1024K)
[2020-09-08T10:03:15.373-0300][gc,heap        ] GC(377)  Metaspace       used 42617K, capacity 45982K, committed 46208K, reserved 1089536K
[2020-09-08T10:03:15.373-0300][gc,heap        ] GC(377)   class space    used 4712K, capacity 5993K, committed 6016K, reserved 1048576K
[2020-09-08T10:03:15.373-0300][gc             ] GC(377) Pause Young (Mixed) (G1 Evacuation Pause) 50M->47M(107M) 15.295ms
[2020-09-08T10:03:15.373-0300][gc,cpu         ] GC(377) User=0.05s Sys=0.01s Real=0.02s
[2020-09-08T10:03:48.334-0300][gc,heap        ] GC(378) Heap before GC invocations=378 (full 1): garbage-first heap   total 109568K, used 88180K [0x0000000083000000, 0x0000000100000000)
[2020-09-08T10:03:48.334-0300][gc,heap        ] GC(378)   region size 1024K, 41 young (41984K), 1 survivors (1024K)
[2020-09-08T10:03:48.334-0300][gc,heap        ] GC(378)  Metaspace       used 42629K, capacity 45982K, committed 46208K, reserved 1089536K
[2020-09-08T10:03:48.335-0300][gc,heap        ] GC(378)   class space    used 4712K, capacity 5993K, committed 6016K, reserved 1048576K
[2020-09-08T10:03:48.335-0300][gc,start       ] GC(378) Pause Young (Concurrent Start) (G1 Evacuation Pause)
[2020-09-08T10:03:48.335-0300][gc,task        ] GC(378) Using 4 workers of 4 for evacuation
[2020-09-08T10:03:48.348-0300][gc,phases      ] GC(378)   Pre Evacuate Collection Set: 0.4ms
[2020-09-08T10:03:48.348-0300][gc,phases      ] GC(378)   Evacuate Collection Set: 9.1ms
[2020-09-08T10:03:48.348-0300][gc,phases      ] GC(378)   Post Evacuate Collection Set: 2.5ms
[2020-09-08T10:03:48.348-0300][gc,phases      ] GC(378)   Other: 1.7ms
[2020-09-08T10:03:48.348-0300][gc,heap        ] GC(378) Eden regions: 40->0(40)
[2020-09-08T10:03:48.348-0300][gc,heap        ] GC(378) Survivor regions: 1->1(6)
[2020-09-08T10:03:48.348-0300][gc,heap        ] GC(378) Old regions: 45->45
[2020-09-08T10:03:48.348-0300][gc,heap        ] GC(378) Humongous regions: 4->4
[2020-09-08T10:03:48.348-0300][gc,metaspace   ] GC(378) Metaspace: 42629K->42629K(1089536K)
[2020-09-08T10:03:48.349-0300][gc,heap        ] GC(378) Heap after GC invocations=379 (full 1): garbage-first heap   total 109568K, used 48830K [0x0000000083000000, 0x0000000100000000)
[2020-09-08T10:03:48.349-0300][gc,heap        ] GC(378)   region size 1024K, 1 young (1024K), 1 survivors (1024K)
[2020-09-08T10:03:48.349-0300][gc,heap        ] GC(378)  Metaspace       used 42629K, capacity 45982K, committed 46208K, reserved 1089536K
[2020-09-08T10:03:48.349-0300][gc,heap        ] GC(378)   class space    used 4712K, capacity 5993K, committed 6016K, reserved 1048576K
[2020-09-08T10:03:48.349-0300][gc             ] GC(378) Pause Young (Concurrent Start) (G1 Evacuation Pause) 87M->47M(107M) 14.050ms
[2020-09-08T10:03:48.349-0300][gc,cpu         ] GC(378) User=0.04s Sys=0.01s Real=0.01s
[2020-09-08T10:03:48.350-0300][gc             ] GC(379) Concurrent Cycle
[2020-09-08T10:03:48.351-0300][gc,marking     ] GC(379) Concurrent Clear Claimed Marks
[2020-09-08T10:03:48.351-0300][gc,marking     ] GC(379) Concurrent Clear Claimed Marks 0.441ms
[2020-09-08T10:03:48.351-0300][gc,marking     ] GC(379) Concurrent Scan Root Regions
[2020-09-08T10:03:48.355-0300][gc,marking     ] GC(379) Concurrent Scan Root Regions 3.981ms
[2020-09-08T10:03:48.355-0300][gc,marking     ] GC(379) Concurrent Mark (1685.829s)
[2020-09-08T10:03:48.355-0300][gc,marking     ] GC(379) Concurrent Mark From Roots
[2020-09-08T10:03:48.355-0300][gc,task        ] GC(379) Using 1 workers of 1 for marking
[2020-09-08T10:03:48.636-0300][gc,marking     ] GC(379) Concurrent Mark From Roots 280.303ms
[2020-09-08T10:03:48.636-0300][gc,marking     ] GC(379) Concurrent Preclean
[2020-09-08T10:03:48.636-0300][gc,marking     ] GC(379) Concurrent Preclean 0.550ms
[2020-09-08T10:03:48.637-0300][gc,marking     ] GC(379) Concurrent Mark (1685.829s, 1686.110s) 281.148ms
[2020-09-08T10:03:48.638-0300][gc,start       ] GC(379) Pause Remark
[2020-09-08T10:03:48.673-0300][gc,stringtable ] GC(379) Cleaned string and symbol table, strings: 23775 processed, 0 removed, symbols: 95119 processed, 0 removed
[2020-09-08T10:03:48.674-0300][gc             ] GC(379) Pause Remark 49M->49M(107M) 36.002ms
[2020-09-08T10:03:48.675-0300][gc,cpu         ] GC(379) User=0.13s Sys=0.00s Real=0.04s
[2020-09-08T10:03:48.675-0300][gc,marking     ] GC(379) Concurrent Rebuild Remembered Sets
[2020-09-08T10:03:48.846-0300][gc,marking     ] GC(379) Concurrent Rebuild Remembered Sets 170.139ms
[2020-09-08T10:03:48.847-0300][gc,start       ] GC(379) Pause Cleanup
[2020-09-08T10:03:48.848-0300][gc             ] GC(379) Pause Cleanup 50M->50M(107M) 0.493ms
[2020-09-08T10:03:48.848-0300][gc,cpu         ] GC(379) User=0.00s Sys=0.00s Real=0.00s
[2020-09-08T10:03:48.848-0300][gc,marking     ] GC(379) Concurrent Cleanup for Next Mark
[2020-09-08T10:03:48.850-0300][gc,marking     ] GC(379) Concurrent Cleanup for Next Mark 1.213ms
[2020-09-08T10:03:48.850-0300][gc             ] GC(379) Concurrent Cycle 499.690ms
[2020-09-08T10:04:06.138-0300][gc,heap        ] GC(380) Heap before GC invocations=380 (full 1): garbage-first heap   total 109568K, used 88766K [0x0000000083000000, 0x0000000100000000)
[2020-09-08T10:04:06.138-0300][gc,heap        ] GC(380)   region size 1024K, 41 young (41984K), 1 survivors (1024K)
[2020-09-08T10:04:06.138-0300][gc,heap        ] GC(380)  Metaspace       used 42629K, capacity 45982K, committed 46208K, reserved 1089536K
[2020-09-08T10:04:06.138-0300][gc,heap        ] GC(380)   class space    used 4712K, capacity 5993K, committed 6016K, reserved 1048576K
[2020-09-08T10:04:06.138-0300][gc,start       ] GC(380) Pause Young (Prepare Mixed) (G1 Evacuation Pause)
[2020-09-08T10:04:06.139-0300][gc,task        ] GC(380) Using 4 workers of 4 for evacuation
[2020-09-08T10:04:06.152-0300][gc,phases      ] GC(380)   Pre Evacuate Collection Set: 0.0ms
[2020-09-08T10:04:06.152-0300][gc,phases      ] GC(380)   Evacuate Collection Set: 9.0ms
[2020-09-08T10:04:06.152-0300][gc,phases      ] GC(380)   Post Evacuate Collection Set: 3.3ms
[2020-09-08T10:04:06.152-0300][gc,phases      ] GC(380)   Other: 1.4ms
[2020-09-08T10:04:06.152-0300][gc,heap        ] GC(380) Eden regions: 40->0(3)
[2020-09-08T10:04:06.152-0300][gc,heap        ] GC(380) Survivor regions: 1->2(6)
[2020-09-08T10:04:06.152-0300][gc,heap        ] GC(380) Old regions: 45->45
[2020-09-08T10:04:06.152-0300][gc,heap        ] GC(380) Humongous regions: 4->4
[2020-09-08T10:04:06.152-0300][gc,metaspace   ] GC(380) Metaspace: 42629K->42629K(1089536K)
[2020-09-08T10:04:06.152-0300][gc,heap        ] GC(380) Heap after GC invocations=381 (full 1): garbage-first heap   total 109568K, used 49295K [0x0000000083000000, 0x0000000100000000)
[2020-09-08T10:04:06.153-0300][gc,heap        ] GC(380)   region size 1024K, 2 young (2048K), 2 survivors (2048K)
[2020-09-08T10:04:06.153-0300][gc,heap        ] GC(380)  Metaspace       used 42629K, capacity 45982K, committed 46208K, reserved 1089536K
[2020-09-08T10:04:06.153-0300][gc,heap        ] GC(380)   class space    used 4712K, capacity 5993K, committed 6016K, reserved 1048576K
[2020-09-08T10:04:06.153-0300][gc             ] GC(380) Pause Young (Prepare Mixed) (G1 Evacuation Pause) 87M->48M(107M) 14.326ms
[2020-09-08T10:04:06.154-0300][gc,cpu         ] GC(380) User=0.04s Sys=0.01s Real=0.02s
[2020-09-08T10:04:07.222-0300][gc,heap        ] GC(381) Heap before GC invocations=381 (full 1): garbage-first heap   total 109568K, used 52367K [0x0000000083000000, 0x0000000100000000)
[2020-09-08T10:04:07.222-0300][gc,heap        ] GC(381)   region size 1024K, 5 young (5120K), 2 survivors (2048K)
[2020-09-08T10:04:07.222-0300][gc,heap        ] GC(381)  Metaspace       used 42629K, capacity 45982K, committed 46208K, reserved 1089536K
[2020-09-08T10:04:07.222-0300][gc,heap        ] GC(381)   class space    used 4712K, capacity 5993K, committed 6016K, reserved 1048576K
[2020-09-08T10:04:07.222-0300][gc,start       ] GC(381) Pause Young (Mixed) (G1 Evacuation Pause)
[2020-09-08T10:04:07.222-0300][gc,task        ] GC(381) Using 4 workers of 4 for evacuation
[2020-09-08T10:04:07.238-0300][gc,phases      ] GC(381)   Pre Evacuate Collection Set: 0.1ms
[2020-09-08T10:04:07.238-0300][gc,phases      ] GC(381)   Evacuate Collection Set: 12.7ms
[2020-09-08T10:04:07.238-0300][gc,phases      ] GC(381)   Post Evacuate Collection Set: 1.6ms
[2020-09-08T10:04:07.238-0300][gc,phases      ] GC(381)   Other: 1.3ms
[2020-09-08T10:04:07.238-0300][gc,heap        ] GC(381) Eden regions: 3->0(40)
[2020-09-08T10:04:07.238-0300][gc,heap        ] GC(381) Survivor regions: 2->1(1)
[2020-09-08T10:04:07.238-0300][gc,heap        ] GC(381) Old regions: 45->45
[2020-09-08T10:04:07.238-0300][gc,heap        ] GC(381) Humongous regions: 4->4
[2020-09-08T10:04:07.238-0300][gc,metaspace   ] GC(381) Metaspace: 42629K->42629K(1089536K)
[2020-09-08T10:04:07.238-0300][gc,heap        ] GC(381) Heap after GC invocations=382 (full 1): garbage-first heap   total 109568K, used 47667K [0x0000000083000000, 0x0000000100000000)
[2020-09-08T10:04:07.238-0300][gc,heap        ] GC(381)   region size 1024K, 1 young (1024K), 1 survivors (1024K)
[2020-09-08T10:04:07.238-0300][gc,heap        ] GC(381)  Metaspace       used 42629K, capacity 45982K, committed 46208K, reserved 1089536K
[2020-09-08T10:04:07.238-0300][gc,heap        ] GC(381)   class space    used 4712K, capacity 5993K, committed 6016K, reserved 1048576K
[2020-09-08T10:04:07.239-0300][gc             ] GC(381) Pause Young (Mixed) (G1 Evacuation Pause) 51M->46M(107M) 16.179ms
[2020-09-08T10:04:07.239-0300][gc,cpu         ] GC(381) User=0.05s Sys=0.00s Real=0.01s
[2020-09-08T10:04:31.151-0300][gc,heap        ] GC(382) Heap before GC invocations=382 (full 1): garbage-first heap   total 109568K, used 87603K [0x0000000083000000, 0x0000000100000000)
[2020-09-08T10:04:31.151-0300][gc,heap        ] GC(382)   region size 1024K, 41 young (41984K), 1 survivors (1024K)
[2020-09-08T10:04:31.151-0300][gc,heap        ] GC(382)  Metaspace       used 42634K, capacity 45982K, committed 46208K, reserved 1089536K
[2020-09-08T10:04:31.151-0300][gc,heap        ] GC(382)   class space    used 4712K, capacity 5993K, committed 6016K, reserved 1048576K
[2020-09-08T10:04:31.151-0300][gc,start       ] GC(382) Pause Young (Concurrent Start) (G1 Evacuation Pause)
[2020-09-08T10:04:31.151-0300][gc,task        ] GC(382) Using 4 workers of 4 for evacuation
[2020-09-08T10:04:31.163-0300][gc,phases      ] GC(382)   Pre Evacuate Collection Set: 0.3ms
[2020-09-08T10:04:31.163-0300][gc,phases      ] GC(382)   Evacuate Collection Set: 8.0ms
[2020-09-08T10:04:31.163-0300][gc,phases      ] GC(382)   Post Evacuate Collection Set: 2.0ms
[2020-09-08T10:04:31.163-0300][gc,phases      ] GC(382)   Other: 1.4ms
[2020-09-08T10:04:31.163-0300][gc,heap        ] GC(382) Eden regions: 40->0(41)
[2020-09-08T10:04:31.163-0300][gc,heap        ] GC(382) Survivor regions: 1->1(6)
[2020-09-08T10:04:31.163-0300][gc,heap        ] GC(382) Old regions: 45->45
[2020-09-08T10:04:31.163-0300][gc,heap        ] GC(382) Humongous regions: 4->4
[2020-09-08T10:04:31.163-0300][gc,metaspace   ] GC(382) Metaspace: 42634K->42634K(1089536K)
[2020-09-08T10:04:31.163-0300][gc,heap        ] GC(382) Heap after GC invocations=383 (full 1): garbage-first heap   total 109568K, used 48047K [0x0000000083000000, 0x0000000100000000)
[2020-09-08T10:04:31.163-0300][gc,heap        ] GC(382)   region size 1024K, 1 young (1024K), 1 survivors (1024K)
[2020-09-08T10:04:31.163-0300][gc,heap        ] GC(382)  Metaspace       used 42634K, capacity 45982K, committed 46208K, reserved 1089536K
[2020-09-08T10:04:31.163-0300][gc,heap        ] GC(382)   class space    used 4712K, capacity 5993K, committed 6016K, reserved 1048576K
[2020-09-08T10:04:31.164-0300][gc             ] GC(382) Pause Young (Concurrent Start) (G1 Evacuation Pause) 86M->46M(107M) 12.070ms
[2020-09-08T10:04:31.164-0300][gc,cpu         ] GC(382) User=0.03s Sys=0.00s Real=0.01s
[2020-09-08T10:04:31.164-0300][gc             ] GC(383) Concurrent Cycle
[2020-09-08T10:04:31.164-0300][gc,marking     ] GC(383) Concurrent Clear Claimed Marks
[2020-09-08T10:04:31.165-0300][gc,marking     ] GC(383) Concurrent Clear Claimed Marks 0.569ms
[2020-09-08T10:04:31.165-0300][gc,marking     ] GC(383) Concurrent Scan Root Regions
[2020-09-08T10:04:31.169-0300][gc,marking     ] GC(383) Concurrent Scan Root Regions 3.573ms
[2020-09-08T10:04:31.169-0300][gc,marking     ] GC(383) Concurrent Mark (1728.642s)
[2020-09-08T10:04:31.169-0300][gc,marking     ] GC(383) Concurrent Mark From Roots
[2020-09-08T10:04:31.169-0300][gc,task        ] GC(383) Using 1 workers of 1 for marking
[2020-09-08T10:04:31.467-0300][gc,marking     ] GC(383) Concurrent Mark From Roots 298.202ms
[2020-09-08T10:04:31.467-0300][gc,marking     ] GC(383) Concurrent Preclean
[2020-09-08T10:04:31.467-0300][gc,marking     ] GC(383) Concurrent Preclean 0.294ms
[2020-09-08T10:04:31.467-0300][gc,marking     ] GC(383) Concurrent Mark (1728.642s, 1728.941s) 298.695ms
[2020-09-08T10:04:31.469-0300][gc,start       ] GC(383) Pause Remark
[2020-09-08T10:04:31.504-0300][gc,stringtable ] GC(383) Cleaned string and symbol table, strings: 23776 processed, 0 removed, symbols: 95119 processed, 0 removed
[2020-09-08T10:04:31.504-0300][gc             ] GC(383) Pause Remark 48M->48M(107M) 35.772ms
[2020-09-08T10:04:31.505-0300][gc,cpu         ] GC(383) User=0.13s Sys=0.00s Real=0.04s
[2020-09-08T10:04:31.505-0300][gc,marking     ] GC(383) Concurrent Rebuild Remembered Sets
[2020-09-08T10:04:31.667-0300][gc,marking     ] GC(383) Concurrent Rebuild Remembered Sets 161.848ms
[2020-09-08T10:04:31.669-0300][gc,start       ] GC(383) Pause Cleanup
[2020-09-08T10:04:31.669-0300][gc             ] GC(383) Pause Cleanup 48M->48M(107M) 0.572ms
[2020-09-08T10:04:31.669-0300][gc,cpu         ] GC(383) User=0.00s Sys=0.00s Real=0.00s
[2020-09-08T10:04:31.670-0300][gc,marking     ] GC(383) Concurrent Cleanup for Next Mark
[2020-09-08T10:04:31.671-0300][gc,marking     ] GC(383) Concurrent Cleanup for Next Mark 1.138ms
[2020-09-08T10:04:31.671-0300][gc             ] GC(383) Concurrent Cycle 507.157ms
[2020-09-08T10:04:44.986-0300][gc,heap        ] GC(384) Heap before GC invocations=384 (full 1): garbage-first heap   total 109568K, used 89007K [0x0000000083000000, 0x0000000100000000)
[2020-09-08T10:04:44.986-0300][gc,heap        ] GC(384)   region size 1024K, 42 young (43008K), 1 survivors (1024K)
[2020-09-08T10:04:44.986-0300][gc,heap        ] GC(384)  Metaspace       used 42634K, capacity 45982K, committed 46208K, reserved 1089536K
[2020-09-08T10:04:44.986-0300][gc,heap        ] GC(384)   class space    used 4712K, capacity 5993K, committed 6016K, reserved 1048576K
[2020-09-08T10:04:44.986-0300][gc,start       ] GC(384) Pause Young (Prepare Mixed) (G1 Evacuation Pause)
[2020-09-08T10:04:44.986-0300][gc,task        ] GC(384) Using 4 workers of 4 for evacuation
[2020-09-08T10:04:44.995-0300][gc,phases      ] GC(384)   Pre Evacuate Collection Set: 0.0ms
[2020-09-08T10:04:44.995-0300][gc,phases      ] GC(384)   Evacuate Collection Set: 5.7ms
[2020-09-08T10:04:44.995-0300][gc,phases      ] GC(384)   Post Evacuate Collection Set: 1.9ms
[2020-09-08T10:04:44.995-0300][gc,phases      ] GC(384)   Other: 1.2ms
[2020-09-08T10:04:44.995-0300][gc,heap        ] GC(384) Eden regions: 41->0(4)
[2020-09-08T10:04:44.995-0300][gc,heap        ] GC(384) Survivor regions: 1->1(6)
[2020-09-08T10:04:44.995-0300][gc,heap        ] GC(384) Old regions: 45->45
[2020-09-08T10:04:44.995-0300][gc,heap        ] GC(384) Humongous regions: 4->4
[2020-09-08T10:04:44.995-0300][gc,metaspace   ] GC(384) Metaspace: 42634K->42634K(1089536K)
[2020-09-08T10:04:44.995-0300][gc,heap        ] GC(384) Heap after GC invocations=385 (full 1): garbage-first heap   total 109568K, used 48112K [0x0000000083000000, 0x0000000100000000)
[2020-09-08T10:04:44.995-0300][gc,heap        ] GC(384)   region size 1024K, 1 young (1024K), 1 survivors (1024K)
[2020-09-08T10:04:44.995-0300][gc,heap        ] GC(384)  Metaspace       used 42634K, capacity 45982K, committed 46208K, reserved 1089536K
[2020-09-08T10:04:44.995-0300][gc,heap        ] GC(384)   class space    used 4712K, capacity 5993K, committed 6016K, reserved 1048576K
[2020-09-08T10:04:44.996-0300][gc             ] GC(384) Pause Young (Prepare Mixed) (G1 Evacuation Pause) 87M->46M(107M) 9.237ms
[2020-09-08T10:04:44.996-0300][gc,cpu         ] GC(384) User=0.02s Sys=0.00s Real=0.01s
[2020-09-08T10:04:46.994-0300][gc,heap        ] GC(385) Heap before GC invocations=385 (full 1): garbage-first heap   total 109568K, used 51184K [0x0000000083000000, 0x0000000100000000)
[2020-09-08T10:04:46.994-0300][gc,heap        ] GC(385)   region size 1024K, 5 young (5120K), 1 survivors (1024K)
[2020-09-08T10:04:46.994-0300][gc,heap        ] GC(385)  Metaspace       used 42634K, capacity 45982K, committed 46208K, reserved 1089536K
[2020-09-08T10:04:46.994-0300][gc,heap        ] GC(385)   class space    used 4712K, capacity 5993K, committed 6016K, reserved 1048576K
[2020-09-08T10:04:46.995-0300][gc,start       ] GC(385) Pause Young (Mixed) (G1 Evacuation Pause)
[2020-09-08T10:04:46.995-0300][gc,task        ] GC(385) Using 4 workers of 4 for evacuation
[2020-09-08T10:04:47.012-0300][gc,phases      ] GC(385)   Pre Evacuate Collection Set: 0.1ms
[2020-09-08T10:04:47.012-0300][gc,phases      ] GC(385)   Evacuate Collection Set: 13.6ms
[2020-09-08T10:04:47.012-0300][gc,phases      ] GC(385)   Post Evacuate Collection Set: 2.7ms
[2020-09-08T10:04:47.012-0300][gc,phases      ] GC(385)   Other: 1.5ms
[2020-09-08T10:04:47.012-0300][gc,heap        ] GC(385) Eden regions: 4->0(41)
[2020-09-08T10:04:47.012-0300][gc,heap        ] GC(385) Survivor regions: 1->1(1)
[2020-09-08T10:04:47.012-0300][gc,heap        ] GC(385) Old regions: 45->45
[2020-09-08T10:04:47.012-0300][gc,heap        ] GC(385) Humongous regions: 4->4
[2020-09-08T10:04:47.012-0300][gc,metaspace   ] GC(385) Metaspace: 42634K->42634K(1089536K)
[2020-09-08T10:04:47.012-0300][gc,heap        ] GC(385) Heap after GC invocations=386 (full 1): garbage-first heap   total 109568K, used 47546K [0x0000000083000000, 0x0000000100000000)
[2020-09-08T10:04:47.012-0300][gc,heap        ] GC(385)   region size 1024K, 1 young (1024K), 1 survivors (1024K)
[2020-09-08T10:04:47.012-0300][gc,heap        ] GC(385)  Metaspace       used 42634K, capacity 45982K, committed 46208K, reserved 1089536K
[2020-09-08T10:04:47.013-0300][gc,heap        ] GC(385)   class space    used 4712K, capacity 5993K, committed 6016K, reserved 1048576K
[2020-09-08T10:04:47.013-0300][gc             ] GC(385) Pause Young (Mixed) (G1 Evacuation Pause) 50M->46M(107M) 18.054ms
[2020-09-08T10:04:47.013-0300][gc,cpu         ] GC(385) User=0.04s Sys=0.01s Real=0.02s
[2020-09-08T10:05:01.971-0300][gc,heap        ] GC(386) Heap before GC invocations=386 (full 1): garbage-first heap   total 109568K, used 88506K [0x0000000083000000, 0x0000000100000000)
[2020-09-08T10:05:01.971-0300][gc,heap        ] GC(386)   region size 1024K, 42 young (43008K), 1 survivors (1024K)
[2020-09-08T10:05:01.971-0300][gc,heap        ] GC(386)  Metaspace       used 42639K, capacity 45982K, committed 46208K, reserved 1089536K
[2020-09-08T10:05:01.971-0300][gc,heap        ] GC(386)   class space    used 4712K, capacity 5993K, committed 6016K, reserved 1048576K
[2020-09-08T10:05:01.971-0300][gc,start       ] GC(386) Pause Young (Concurrent Start) (G1 Evacuation Pause)
[2020-09-08T10:05:01.971-0300][gc,task        ] GC(386) Using 4 workers of 4 for evacuation
[2020-09-08T10:05:01.985-0300][gc,phases      ] GC(386)   Pre Evacuate Collection Set: 0.3ms
[2020-09-08T10:05:01.985-0300][gc,phases      ] GC(386)   Evacuate Collection Set: 10.1ms
[2020-09-08T10:05:01.985-0300][gc,phases      ] GC(386)   Post Evacuate Collection Set: 2.7ms
[2020-09-08T10:05:01.985-0300][gc,phases      ] GC(386)   Other: 1.3ms
[2020-09-08T10:05:01.985-0300][gc,heap        ] GC(386) Eden regions: 41->0(41)
[2020-09-08T10:05:01.986-0300][gc,heap        ] GC(386) Survivor regions: 1->1(6)
[2020-09-08T10:05:01.986-0300][gc,heap        ] GC(386) Old regions: 45->45
[2020-09-08T10:05:01.986-0300][gc,heap        ] GC(386) Humongous regions: 4->4
[2020-09-08T10:05:01.986-0300][gc,metaspace   ] GC(386) Metaspace: 42639K->42639K(1089536K)
[2020-09-08T10:05:01.986-0300][gc,heap        ] GC(386) Heap after GC invocations=387 (full 1): garbage-first heap   total 109568K, used 48265K [0x0000000083000000, 0x0000000100000000)
[2020-09-08T10:05:01.986-0300][gc,heap        ] GC(386)   region size 1024K, 1 young (1024K), 1 survivors (1024K)
[2020-09-08T10:05:01.986-0300][gc,heap        ] GC(386)  Metaspace       used 42639K, capacity 45982K, committed 46208K, reserved 1089536K
[2020-09-08T10:05:01.986-0300][gc,heap        ] GC(386)   class space    used 4712K, capacity 5993K, committed 6016K, reserved 1048576K
[2020-09-08T10:05:01.986-0300][gc             ] GC(386) Pause Young (Concurrent Start) (G1 Evacuation Pause) 87M->47M(107M) 14.890ms
[2020-09-08T10:05:01.986-0300][gc,cpu         ] GC(386) User=0.05s Sys=0.00s Real=0.01s
[2020-09-08T10:05:01.986-0300][gc             ] GC(387) Concurrent Cycle
[2020-09-08T10:05:01.986-0300][gc,marking     ] GC(387) Concurrent Clear Claimed Marks
[2020-09-08T10:05:01.987-0300][gc,marking     ] GC(387) Concurrent Clear Claimed Marks 0.576ms
[2020-09-08T10:05:01.987-0300][gc,marking     ] GC(387) Concurrent Scan Root Regions
[2020-09-08T10:05:01.993-0300][gc,marking     ] GC(387) Concurrent Scan Root Regions 5.819ms
[2020-09-08T10:05:01.993-0300][gc,marking     ] GC(387) Concurrent Mark (1759.467s)
[2020-09-08T10:05:01.993-0300][gc,marking     ] GC(387) Concurrent Mark From Roots
[2020-09-08T10:05:01.993-0300][gc,task        ] GC(387) Using 1 workers of 1 for marking
[2020-09-08T10:05:02.282-0300][gc,marking     ] GC(387) Concurrent Mark From Roots 288.895ms
[2020-09-08T10:05:02.282-0300][gc,marking     ] GC(387) Concurrent Preclean
[2020-09-08T10:05:02.283-0300][gc,marking     ] GC(387) Concurrent Preclean 0.434ms
[2020-09-08T10:05:02.283-0300][gc,marking     ] GC(387) Concurrent Mark (1759.467s, 1759.756s) 289.689ms
[2020-09-08T10:05:02.284-0300][gc,start       ] GC(387) Pause Remark
[2020-09-08T10:05:02.318-0300][gc,stringtable ] GC(387) Cleaned string and symbol table, strings: 23776 processed, 0 removed, symbols: 95119 processed, 0 removed
[2020-09-08T10:05:02.319-0300][gc             ] GC(387) Pause Remark 49M->49M(107M) 35.026ms
[2020-09-08T10:05:02.319-0300][gc,cpu         ] GC(387) User=0.12s Sys=0.00s Real=0.03s
[2020-09-08T10:05:02.321-0300][gc,marking     ] GC(387) Concurrent Rebuild Remembered Sets
[2020-09-08T10:05:02.483-0300][gc,marking     ] GC(387) Concurrent Rebuild Remembered Sets 161.851ms
[2020-09-08T10:05:02.484-0300][gc,start       ] GC(387) Pause Cleanup
[2020-09-08T10:05:02.484-0300][gc             ] GC(387) Pause Cleanup 49M->49M(107M) 0.521ms
[2020-09-08T10:05:02.485-0300][gc,cpu         ] GC(387) User=0.00s Sys=0.00s Real=0.00s
[2020-09-08T10:05:02.485-0300][gc,marking     ] GC(387) Concurrent Cleanup for Next Mark
[2020-09-08T10:05:02.486-0300][gc,marking     ] GC(387) Concurrent Cleanup for Next Mark 1.241ms
[2020-09-08T10:05:02.486-0300][gc             ] GC(387) Concurrent Cycle 499.972ms
[2020-09-08T10:05:13.566-0300][gc,heap        ] GC(388) Heap before GC invocations=388 (full 1): garbage-first heap   total 109568K, used 89225K [0x0000000083000000, 0x0000000100000000)
[2020-09-08T10:05:13.566-0300][gc,heap        ] GC(388)   region size 1024K, 42 young (43008K), 1 survivors (1024K)
[2020-09-08T10:05:13.566-0300][gc,heap        ] GC(388)  Metaspace       used 42639K, capacity 45982K, committed 46208K, reserved 1089536K
[2020-09-08T10:05:13.566-0300][gc,heap        ] GC(388)   class space    used 4712K, capacity 5993K, committed 6016K, reserved 1048576K
[2020-09-08T10:05:13.566-0300][gc,start       ] GC(388) Pause Young (Prepare Mixed) (G1 Evacuation Pause)
[2020-09-08T10:05:13.566-0300][gc,task        ] GC(388) Using 4 workers of 4 for evacuation
[2020-09-08T10:05:13.579-0300][gc,phases      ] GC(388)   Pre Evacuate Collection Set: 0.0ms
[2020-09-08T10:05:13.580-0300][gc,phases      ] GC(388)   Evacuate Collection Set: 9.4ms
[2020-09-08T10:05:13.580-0300][gc,phases      ] GC(388)   Post Evacuate Collection Set: 2.9ms
[2020-09-08T10:05:13.580-0300][gc,phases      ] GC(388)   Other: 1.2ms
[2020-09-08T10:05:13.580-0300][gc,heap        ] GC(388) Eden regions: 41->0(3)
[2020-09-08T10:05:13.580-0300][gc,heap        ] GC(388) Survivor regions: 1->2(6)
[2020-09-08T10:05:13.580-0300][gc,heap        ] GC(388) Old regions: 45->45
[2020-09-08T10:05:13.580-0300][gc,heap        ] GC(388) Humongous regions: 4->4
[2020-09-08T10:05:13.580-0300][gc,metaspace   ] GC(388) Metaspace: 42639K->42639K(1089536K)
[2020-09-08T10:05:13.580-0300][gc,heap        ] GC(388) Heap after GC invocations=389 (full 1): garbage-first heap   total 109568K, used 48882K [0x0000000083000000, 0x0000000100000000)
[2020-09-08T10:05:13.580-0300][gc,heap        ] GC(388)   region size 1024K, 2 young (2048K), 2 survivors (2048K)
[2020-09-08T10:05:13.580-0300][gc,heap        ] GC(388)  Metaspace       used 42639K, capacity 45982K, committed 46208K, reserved 1089536K
[2020-09-08T10:05:13.580-0300][gc,heap        ] GC(388)   class space    used 4712K, capacity 5993K, committed 6016K, reserved 1048576K
[2020-09-08T10:05:13.580-0300][gc             ] GC(388) Pause Young (Prepare Mixed) (G1 Evacuation Pause) 88M->47M(107M) 14.209ms
[2020-09-08T10:05:13.581-0300][gc,cpu         ] GC(388) User=0.04s Sys=0.00s Real=0.01s
[2020-09-08T10:05:13.851-0300][gc,heap        ] GC(389) Heap before GC invocations=389 (full 1): garbage-first heap   total 109568K, used 51954K [0x0000000083000000, 0x0000000100000000)
[2020-09-08T10:05:13.851-0300][gc,heap        ] GC(389)   region size 1024K, 5 young (5120K), 2 survivors (2048K)
[2020-09-08T10:05:13.851-0300][gc,heap        ] GC(389)  Metaspace       used 42639K, capacity 45982K, committed 46208K, reserved 1089536K
[2020-09-08T10:05:13.851-0300][gc,heap        ] GC(389)   class space    used 4712K, capacity 5993K, committed 6016K, reserved 1048576K
[2020-09-08T10:05:13.851-0300][gc,start       ] GC(389) Pause Young (Mixed) (G1 Evacuation Pause)
[2020-09-08T10:05:13.851-0300][gc,task        ] GC(389) Using 4 workers of 4 for evacuation
[2020-09-08T10:05:13.882-0300][gc,phases      ] GC(389)   Pre Evacuate Collection Set: 0.1ms
[2020-09-08T10:05:13.882-0300][gc,phases      ] GC(389)   Evacuate Collection Set: 24.9ms
[2020-09-08T10:05:13.882-0300][gc,phases      ] GC(389)   Post Evacuate Collection Set: 4.0ms
[2020-09-08T10:05:13.882-0300][gc,phases      ] GC(389)   Other: 1.8ms
[2020-09-08T10:05:13.882-0300][gc,heap        ] GC(389) Eden regions: 3->0(41)
[2020-09-08T10:05:13.882-0300][gc,heap        ] GC(389) Survivor regions: 2->1(1)
[2020-09-08T10:05:13.883-0300][gc,heap        ] GC(389) Old regions: 45->45
[2020-09-08T10:05:13.883-0300][gc,heap        ] GC(389) Humongous regions: 4->4
[2020-09-08T10:05:13.883-0300][gc,metaspace   ] GC(389) Metaspace: 42639K->42639K(1089536K)
[2020-09-08T10:05:13.883-0300][gc,heap        ] GC(389) Heap after GC invocations=390 (full 1): garbage-first heap   total 109568K, used 48057K [0x0000000083000000, 0x0000000100000000)
[2020-09-08T10:05:13.883-0300][gc,heap        ] GC(389)   region size 1024K, 1 young (1024K), 1 survivors (1024K)
[2020-09-08T10:05:13.883-0300][gc,heap        ] GC(389)  Metaspace       used 42639K, capacity 45982K, committed 46208K, reserved 1089536K
[2020-09-08T10:05:13.883-0300][gc,heap        ] GC(389)   class space    used 4712K, capacity 5993K, committed 6016K, reserved 1048576K
[2020-09-08T10:05:13.883-0300][gc             ] GC(389) Pause Young (Mixed) (G1 Evacuation Pause) 50M->46M(107M) 31.873ms
[2020-09-08T10:05:13.883-0300][gc,cpu         ] GC(389) User=0.06s Sys=0.02s Real=0.03s
[2020-09-08T10:05:23.898-0300][gc,heap        ] GC(390) Heap before GC invocations=390 (full 1): garbage-first heap   total 109568K, used 89017K [0x0000000083000000, 0x0000000100000000)
[2020-09-08T10:05:23.899-0300][gc,heap        ] GC(390)   region size 1024K, 42 young (43008K), 1 survivors (1024K)
[2020-09-08T10:05:23.899-0300][gc,heap        ] GC(390)  Metaspace       used 42639K, capacity 45982K, committed 46208K, reserved 1089536K
[2020-09-08T10:05:23.899-0300][gc,heap        ] GC(390)   class space    used 4712K, capacity 5993K, committed 6016K, reserved 1048576K
[2020-09-08T10:05:23.899-0300][gc,start       ] GC(390) Pause Young (Concurrent Start) (G1 Evacuation Pause)
[2020-09-08T10:05:23.899-0300][gc,task        ] GC(390) Using 4 workers of 4 for evacuation
[2020-09-08T10:05:23.913-0300][gc,phases      ] GC(390)   Pre Evacuate Collection Set: 0.4ms
[2020-09-08T10:05:23.913-0300][gc,phases      ] GC(390)   Evacuate Collection Set: 10.8ms
[2020-09-08T10:05:23.913-0300][gc,phases      ] GC(390)   Post Evacuate Collection Set: 1.8ms
[2020-09-08T10:05:23.913-0300][gc,phases      ] GC(390)   Other: 1.6ms
[2020-09-08T10:05:23.913-0300][gc,heap        ] GC(390) Eden regions: 41->0(41)
[2020-09-08T10:05:23.913-0300][gc,heap        ] GC(390) Survivor regions: 1->1(6)
[2020-09-08T10:05:23.913-0300][gc,heap        ] GC(390) Old regions: 45->45
[2020-09-08T10:05:23.914-0300][gc,heap        ] GC(390) Humongous regions: 4->4
[2020-09-08T10:05:23.914-0300][gc,metaspace   ] GC(390) Metaspace: 42639K->42639K(1089536K)
[2020-09-08T10:05:23.914-0300][gc,heap        ] GC(390) Heap after GC invocations=391 (full 1): garbage-first heap   total 109568K, used 48642K [0x0000000083000000, 0x0000000100000000)
[2020-09-08T10:05:23.914-0300][gc,heap        ] GC(390)   region size 1024K, 1 young (1024K), 1 survivors (1024K)
[2020-09-08T10:05:23.914-0300][gc,heap        ] GC(390)  Metaspace       used 42639K, capacity 45982K, committed 46208K, reserved 1089536K
[2020-09-08T10:05:23.914-0300][gc,heap        ] GC(390)   class space    used 4712K, capacity 5993K, committed 6016K, reserved 1048576K
[2020-09-08T10:05:23.914-0300][gc             ] GC(390) Pause Young (Concurrent Start) (G1 Evacuation Pause) 87M->47M(107M) 15.083ms
[2020-09-08T10:05:23.914-0300][gc,cpu         ] GC(390) User=0.03s Sys=0.00s Real=0.02s
[2020-09-08T10:05:23.914-0300][gc             ] GC(391) Concurrent Cycle
[2020-09-08T10:05:23.915-0300][gc,marking     ] GC(391) Concurrent Clear Claimed Marks
[2020-09-08T10:05:23.916-0300][gc,marking     ] GC(391) Concurrent Clear Claimed Marks 0.940ms
[2020-09-08T10:05:23.916-0300][gc,marking     ] GC(391) Concurrent Scan Root Regions
[2020-09-08T10:05:23.921-0300][gc,marking     ] GC(391) Concurrent Scan Root Regions 5.306ms
[2020-09-08T10:05:23.921-0300][gc,marking     ] GC(391) Concurrent Mark (1781.395s)
[2020-09-08T10:05:23.921-0300][gc,marking     ] GC(391) Concurrent Mark From Roots
[2020-09-08T10:05:23.921-0300][gc,task        ] GC(391) Using 1 workers of 1 for marking
[2020-09-08T10:05:24.204-0300][gc,marking     ] GC(391) Concurrent Mark From Roots 282.504ms
[2020-09-08T10:05:24.204-0300][gc,marking     ] GC(391) Concurrent Preclean
[2020-09-08T10:05:24.204-0300][gc,marking     ] GC(391) Concurrent Preclean 0.315ms
[2020-09-08T10:05:24.204-0300][gc,marking     ] GC(391) Concurrent Mark (1781.395s, 1781.678s) 283.094ms
[2020-09-08T10:05:24.205-0300][gc,start       ] GC(391) Pause Remark
[2020-09-08T10:05:24.237-0300][gc,stringtable ] GC(391) Cleaned string and symbol table, strings: 23776 processed, 0 removed, symbols: 95119 processed, 0 removed
[2020-09-08T10:05:24.238-0300][gc             ] GC(391) Pause Remark 48M->48M(107M) 32.447ms
[2020-09-08T10:05:24.238-0300][gc,cpu         ] GC(391) User=0.12s Sys=0.00s Real=0.03s
[2020-09-08T10:05:24.239-0300][gc,marking     ] GC(391) Concurrent Rebuild Remembered Sets
[2020-09-08T10:05:24.409-0300][gc,marking     ] GC(391) Concurrent Rebuild Remembered Sets 170.297ms
[2020-09-08T10:05:24.411-0300][gc,start       ] GC(391) Pause Cleanup
[2020-09-08T10:05:24.411-0300][gc             ] GC(391) Pause Cleanup 49M->49M(107M) 0.485ms
[2020-09-08T10:05:24.411-0300][gc,cpu         ] GC(391) User=0.00s Sys=0.00s Real=0.01s
[2020-09-08T10:05:24.412-0300][gc,marking     ] GC(391) Concurrent Cleanup for Next Mark
[2020-09-08T10:05:24.413-0300][gc,marking     ] GC(391) Concurrent Cleanup for Next Mark 1.184ms
[2020-09-08T10:05:24.413-0300][gc             ] GC(391) Concurrent Cycle 498.813ms
[2020-09-08T10:05:37.141-0300][gc,heap        ] GC(392) Heap before GC invocations=392 (full 1): garbage-first heap   total 109568K, used 89602K [0x0000000083000000, 0x0000000100000000)
[2020-09-08T10:05:37.141-0300][gc,heap        ] GC(392)   region size 1024K, 42 young (43008K), 1 survivors (1024K)
[2020-09-08T10:05:37.141-0300][gc,heap        ] GC(392)  Metaspace       used 42639K, capacity 45982K, committed 46208K, reserved 1089536K
[2020-09-08T10:05:37.141-0300][gc,heap        ] GC(392)   class space    used 4712K, capacity 5993K, committed 6016K, reserved 1048576K
[2020-09-08T10:05:37.141-0300][gc,start       ] GC(392) Pause Young (Prepare Mixed) (G1 Evacuation Pause)
[2020-09-08T10:05:37.141-0300][gc,task        ] GC(392) Using 4 workers of 4 for evacuation
[2020-09-08T10:05:37.153-0300][gc,phases      ] GC(392)   Pre Evacuate Collection Set: 0.0ms
[2020-09-08T10:05:37.153-0300][gc,phases      ] GC(392)   Evacuate Collection Set: 8.5ms
[2020-09-08T10:05:37.153-0300][gc,phases      ] GC(392)   Post Evacuate Collection Set: 1.9ms
[2020-09-08T10:05:37.153-0300][gc,phases      ] GC(392)   Other: 1.4ms
[2020-09-08T10:05:37.153-0300][gc,heap        ] GC(392) Eden regions: 41->0(3)
[2020-09-08T10:05:37.153-0300][gc,heap        ] GC(392) Survivor regions: 1->2(6)
[2020-09-08T10:05:37.153-0300][gc,heap        ] GC(392) Old regions: 45->45
[2020-09-08T10:05:37.153-0300][gc,heap        ] GC(392) Humongous regions: 4->4
[2020-09-08T10:05:37.153-0300][gc,metaspace   ] GC(392) Metaspace: 42639K->42639K(1089536K)
[2020-09-08T10:05:37.153-0300][gc,heap        ] GC(392) Heap after GC invocations=393 (full 1): garbage-first heap   total 109568K, used 49082K [0x0000000083000000, 0x0000000100000000)
[2020-09-08T10:05:37.153-0300][gc,heap        ] GC(392)   region size 1024K, 2 young (2048K), 2 survivors (2048K)
[2020-09-08T10:05:37.153-0300][gc,heap        ] GC(392)  Metaspace       used 42639K, capacity 45982K, committed 46208K, reserved 1089536K
[2020-09-08T10:05:37.153-0300][gc,heap        ] GC(392)   class space    used 4712K, capacity 5993K, committed 6016K, reserved 1048576K
[2020-09-08T10:05:37.153-0300][gc             ] GC(392) Pause Young (Prepare Mixed) (G1 Evacuation Pause) 88M->47M(107M) 12.258ms
[2020-09-08T10:05:37.154-0300][gc,cpu         ] GC(392) User=0.03s Sys=0.00s Real=0.01s
[2020-09-08T10:05:38.139-0300][gc,heap        ] GC(393) Heap before GC invocations=393 (full 1): garbage-first heap   total 109568K, used 52154K [0x0000000083000000, 0x0000000100000000)
[2020-09-08T10:05:38.139-0300][gc,heap        ] GC(393)   region size 1024K, 5 young (5120K), 2 survivors (2048K)
[2020-09-08T10:05:38.139-0300][gc,heap        ] GC(393)  Metaspace       used 42639K, capacity 45982K, committed 46208K, reserved 1089536K
[2020-09-08T10:05:38.140-0300][gc,heap        ] GC(393)   class space    used 4712K, capacity 5993K, committed 6016K, reserved 1048576K
[2020-09-08T10:05:38.140-0300][gc,start       ] GC(393) Pause Young (Mixed) (G1 Evacuation Pause)
[2020-09-08T10:05:38.140-0300][gc,task        ] GC(393) Using 4 workers of 4 for evacuation
[2020-09-08T10:05:38.152-0300][gc,phases      ] GC(393)   Pre Evacuate Collection Set: 0.1ms
[2020-09-08T10:05:38.152-0300][gc,phases      ] GC(393)   Evacuate Collection Set: 9.3ms
[2020-09-08T10:05:38.152-0300][gc,phases      ] GC(393)   Post Evacuate Collection Set: 2.2ms
[2020-09-08T10:05:38.152-0300][gc,phases      ] GC(393)   Other: 1.2ms
[2020-09-08T10:05:38.152-0300][gc,heap        ] GC(393) Eden regions: 3->0(41)
[2020-09-08T10:05:38.152-0300][gc,heap        ] GC(393) Survivor regions: 2->1(1)
[2020-09-08T10:05:38.152-0300][gc,heap        ] GC(393) Old regions: 45->46
[2020-09-08T10:05:38.153-0300][gc,heap        ] GC(393) Humongous regions: 4->4
[2020-09-08T10:05:38.153-0300][gc,metaspace   ] GC(393) Metaspace: 42639K->42639K(1089536K)
[2020-09-08T10:05:38.153-0300][gc,heap        ] GC(393) Heap after GC invocations=394 (full 1): garbage-first heap   total 109568K, used 48440K [0x0000000083000000, 0x0000000100000000)
[2020-09-08T10:05:38.153-0300][gc,heap        ] GC(393)   region size 1024K, 1 young (1024K), 1 survivors (1024K)
[2020-09-08T10:05:38.153-0300][gc,heap        ] GC(393)  Metaspace       used 42639K, capacity 45982K, committed 46208K, reserved 1089536K
[2020-09-08T10:05:38.153-0300][gc,heap        ] GC(393)   class space    used 4712K, capacity 5993K, committed 6016K, reserved 1048576K
[2020-09-08T10:05:38.153-0300][gc             ] GC(393) Pause Young (Mixed) (G1 Evacuation Pause) 50M->47M(107M) 13.361ms
[2020-09-08T10:05:38.154-0300][gc,cpu         ] GC(393) User=0.03s Sys=0.01s Real=0.02s
[2020-09-08T10:05:48.722-0300][gc,heap        ] GC(394) Heap before GC invocations=394 (full 1): garbage-first heap   total 109568K, used 89400K [0x0000000083000000, 0x0000000100000000)
[2020-09-08T10:05:48.722-0300][gc,heap        ] GC(394)   region size 1024K, 42 young (43008K), 1 survivors (1024K)
[2020-09-08T10:05:48.722-0300][gc,heap        ] GC(394)  Metaspace       used 42642K, capacity 45982K, committed 46208K, reserved 1089536K
[2020-09-08T10:05:48.722-0300][gc,heap        ] GC(394)   class space    used 4712K, capacity 5993K, committed 6016K, reserved 1048576K
[2020-09-08T10:05:48.722-0300][gc,start       ] GC(394) Pause Young (Concurrent Start) (G1 Evacuation Pause)
[2020-09-08T10:05:48.722-0300][gc,task        ] GC(394) Using 4 workers of 4 for evacuation
[2020-09-08T10:05:48.737-0300][gc,phases      ] GC(394)   Pre Evacuate Collection Set: 0.3ms
[2020-09-08T10:05:48.737-0300][gc,phases      ] GC(394)   Evacuate Collection Set: 11.1ms
[2020-09-08T10:05:48.737-0300][gc,phases      ] GC(394)   Post Evacuate Collection Set: 2.1ms
[2020-09-08T10:05:48.737-0300][gc,phases      ] GC(394)   Other: 1.6ms
[2020-09-08T10:05:48.737-0300][gc,heap        ] GC(394) Eden regions: 41->0(40)
[2020-09-08T10:05:48.737-0300][gc,heap        ] GC(394) Survivor regions: 1->2(6)
[2020-09-08T10:05:48.737-0300][gc,heap        ] GC(394) Old regions: 46->46
[2020-09-08T10:05:48.737-0300][gc,heap        ] GC(394) Humongous regions: 4->4
[2020-09-08T10:05:48.737-0300][gc,metaspace   ] GC(394) Metaspace: 42642K->42642K(1089536K)
[2020-09-08T10:05:48.737-0300][gc,heap        ] GC(394) Heap after GC invocations=395 (full 1): garbage-first heap   total 109568K, used 49360K [0x0000000083000000, 0x0000000100000000)
[2020-09-08T10:05:48.737-0300][gc,heap        ] GC(394)   region size 1024K, 2 young (2048K), 2 survivors (2048K)
[2020-09-08T10:05:48.737-0300][gc,heap        ] GC(394)  Metaspace       used 42642K, capacity 45982K, committed 46208K, reserved 1089536K
[2020-09-08T10:05:48.737-0300][gc,heap        ] GC(394)   class space    used 4712K, capacity 5993K, committed 6016K, reserved 1048576K
[2020-09-08T10:05:48.738-0300][gc             ] GC(394) Pause Young (Concurrent Start) (G1 Evacuation Pause) 88M->48M(107M) 15.337ms
[2020-09-08T10:05:48.738-0300][gc,cpu         ] GC(394) User=0.04s Sys=0.00s Real=0.01s
[2020-09-08T10:05:48.738-0300][gc             ] GC(395) Concurrent Cycle
[2020-09-08T10:05:48.738-0300][gc,marking     ] GC(395) Concurrent Clear Claimed Marks
[2020-09-08T10:05:48.739-0300][gc,marking     ] GC(395) Concurrent Clear Claimed Marks 0.492ms
[2020-09-08T10:05:48.739-0300][gc,marking     ] GC(395) Concurrent Scan Root Regions
[2020-09-08T10:05:48.745-0300][gc,marking     ] GC(395) Concurrent Scan Root Regions 6.173ms
[2020-09-08T10:05:48.745-0300][gc,marking     ] GC(395) Concurrent Mark (1806.218s)
[2020-09-08T10:05:48.745-0300][gc,marking     ] GC(395) Concurrent Mark From Roots
[2020-09-08T10:05:48.745-0300][gc,task        ] GC(395) Using 1 workers of 1 for marking
[2020-09-08T10:05:49.063-0300][gc,marking     ] GC(395) Concurrent Mark From Roots 318.045ms
[2020-09-08T10:05:49.063-0300][gc,marking     ] GC(395) Concurrent Preclean
[2020-09-08T10:05:49.064-0300][gc,marking     ] GC(395) Concurrent Preclean 0.462ms
[2020-09-08T10:05:49.064-0300][gc,marking     ] GC(395) Concurrent Mark (1806.218s, 1806.537s) 318.792ms
[2020-09-08T10:05:49.067-0300][gc,start       ] GC(395) Pause Remark
[2020-09-08T10:05:49.107-0300][gc,stringtable ] GC(395) Cleaned string and symbol table, strings: 23776 processed, 0 removed, symbols: 95119 processed, 0 removed
[2020-09-08T10:05:49.108-0300][gc             ] GC(395) Pause Remark 51M->51M(107M) 41.370ms
[2020-09-08T10:05:49.108-0300][gc,cpu         ] GC(395) User=0.12s Sys=0.01s Real=0.04s
[2020-09-08T10:05:49.109-0300][gc,marking     ] GC(395) Concurrent Rebuild Remembered Sets
[2020-09-08T10:05:49.399-0300][gc,marking     ] GC(395) Concurrent Rebuild Remembered Sets 290.313ms
[2020-09-08T10:05:49.402-0300][gc,start       ] GC(395) Pause Cleanup
[2020-09-08T10:05:49.404-0300][gc             ] GC(395) Pause Cleanup 56M->56M(107M) 1.043ms
[2020-09-08T10:05:49.404-0300][gc,cpu         ] GC(395) User=0.00s Sys=0.00s Real=0.00s
[2020-09-08T10:05:49.405-0300][gc,marking     ] GC(395) Concurrent Cleanup for Next Mark
[2020-09-08T10:05:49.409-0300][gc,marking     ] GC(395) Concurrent Cleanup for Next Mark 4.131ms
[2020-09-08T10:05:49.409-0300][gc             ] GC(395) Concurrent Cycle 671.240ms
[2020-09-08T10:05:52.847-0300][gc,heap        ] GC(396) Heap before GC invocations=396 (full 1): garbage-first heap   total 109568K, used 89296K [0x0000000083000000, 0x0000000100000000)
[2020-09-08T10:05:52.847-0300][gc,heap        ] GC(396)   region size 1024K, 42 young (43008K), 2 survivors (2048K)
[2020-09-08T10:05:52.847-0300][gc,heap        ] GC(396)  Metaspace       used 42693K, capacity 46049K, committed 46208K, reserved 1089536K
[2020-09-08T10:05:52.847-0300][gc,heap        ] GC(396)   class space    used 4724K, capacity 6015K, committed 6016K, reserved 1048576K
[2020-09-08T10:05:52.847-0300][gc,start       ] GC(396) Pause Young (Prepare Mixed) (G1 Evacuation Pause)
[2020-09-08T10:05:52.847-0300][gc,task        ] GC(396) Using 4 workers of 4 for evacuation
[2020-09-08T10:05:52.868-0300][gc,phases      ] GC(396)   Pre Evacuate Collection Set: 0.1ms
[2020-09-08T10:05:52.868-0300][gc,phases      ] GC(396)   Evacuate Collection Set: 17.4ms
[2020-09-08T10:05:52.868-0300][gc,phases      ] GC(396)   Post Evacuate Collection Set: 2.0ms
[2020-09-08T10:05:52.868-0300][gc,phases      ] GC(396)   Other: 1.6ms
[2020-09-08T10:05:52.868-0300][gc,heap        ] GC(396) Eden regions: 40->0(2)
[2020-09-08T10:05:52.868-0300][gc,heap        ] GC(396) Survivor regions: 2->3(6)
[2020-09-08T10:05:52.868-0300][gc,heap        ] GC(396) Old regions: 46->46
[2020-09-08T10:05:52.868-0300][gc,heap        ] GC(396) Humongous regions: 4->4
[2020-09-08T10:05:52.868-0300][gc,metaspace   ] GC(396) Metaspace: 42693K->42693K(1089536K)
[2020-09-08T10:05:52.868-0300][gc,heap        ] GC(396) Heap after GC invocations=397 (full 1): garbage-first heap   total 109568K, used 51259K [0x0000000083000000, 0x0000000100000000)
[2020-09-08T10:05:52.868-0300][gc,heap        ] GC(396)   region size 1024K, 3 young (3072K), 3 survivors (3072K)
[2020-09-08T10:05:52.868-0300][gc,heap        ] GC(396)  Metaspace       used 42693K, capacity 46049K, committed 46208K, reserved 1089536K
[2020-09-08T10:05:52.868-0300][gc,heap        ] GC(396)   class space    used 4724K, capacity 6015K, committed 6016K, reserved 1048576K
[2020-09-08T10:05:52.868-0300][gc             ] GC(396) Pause Young (Prepare Mixed) (G1 Evacuation Pause) 88M->50M(107M) 21.336ms
[2020-09-08T10:05:52.869-0300][gc,cpu         ] GC(396) User=0.05s Sys=0.01s Real=0.02s
[2020-09-08T10:05:52.930-0300][gc,heap        ] GC(397) Heap before GC invocations=397 (full 1): garbage-first heap   total 109568K, used 53307K [0x0000000083000000, 0x0000000100000000)
[2020-09-08T10:05:52.930-0300][gc,heap        ] GC(397)   region size 1024K, 5 young (5120K), 3 survivors (3072K)
[2020-09-08T10:05:52.930-0300][gc,heap        ] GC(397)  Metaspace       used 42693K, capacity 46049K, committed 46208K, reserved 1089536K
[2020-09-08T10:05:52.931-0300][gc,heap        ] GC(397)   class space    used 4724K, capacity 6015K, committed 6016K, reserved 1048576K
[2020-09-08T10:05:52.931-0300][gc,start       ] GC(397) Pause Young (Mixed) (G1 Evacuation Pause)
[2020-09-08T10:05:52.931-0300][gc,task        ] GC(397) Using 4 workers of 4 for evacuation
[2020-09-08T10:05:52.953-0300][gc,phases      ] GC(397)   Pre Evacuate Collection Set: 0.1ms
[2020-09-08T10:05:52.953-0300][gc,phases      ] GC(397)   Evacuate Collection Set: 19.7ms
[2020-09-08T10:05:52.953-0300][gc,phases      ] GC(397)   Post Evacuate Collection Set: 1.7ms
[2020-09-08T10:05:52.954-0300][gc,phases      ] GC(397)   Other: 1.5ms
[2020-09-08T10:05:52.954-0300][gc,heap        ] GC(397) Eden regions: 2->0(38)
[2020-09-08T10:05:52.954-0300][gc,heap        ] GC(397) Survivor regions: 3->1(1)
[2020-09-08T10:05:52.954-0300][gc,heap        ] GC(397) Old regions: 46->48
[2020-09-08T10:05:52.954-0300][gc,heap        ] GC(397) Humongous regions: 4->4
[2020-09-08T10:05:52.954-0300][gc,metaspace   ] GC(397) Metaspace: 42693K->42693K(1089536K)
[2020-09-08T10:05:52.954-0300][gc,heap        ] GC(397) Heap after GC invocations=398 (full 1): garbage-first heap   total 109568K, used 50685K [0x0000000083000000, 0x0000000100000000)
[2020-09-08T10:05:52.954-0300][gc,heap        ] GC(397)   region size 1024K, 1 young (1024K), 1 survivors (1024K)
[2020-09-08T10:05:52.955-0300][gc,heap        ] GC(397)  Metaspace       used 42693K, capacity 46049K, committed 46208K, reserved 1089536K
[2020-09-08T10:05:52.955-0300][gc,heap        ] GC(397)   class space    used 4724K, capacity 6015K, committed 6016K, reserved 1048576K
[2020-09-08T10:05:52.955-0300][gc             ] GC(397) Pause Young (Mixed) (G1 Evacuation Pause) 52M->49M(107M) 23.892ms
[2020-09-08T10:05:52.955-0300][gc,cpu         ] GC(397) User=0.08s Sys=0.01s Real=0.02s
[2020-09-08T10:05:57.580-0300][gc,heap        ] GC(398) Heap before GC invocations=398 (full 1): garbage-first heap   total 109568K, used 88573K [0x0000000083000000, 0x0000000100000000)
[2020-09-08T10:05:57.580-0300][gc,heap        ] GC(398)   region size 1024K, 39 young (39936K), 1 survivors (1024K)
[2020-09-08T10:05:57.580-0300][gc,heap        ] GC(398)  Metaspace       used 42706K, capacity 46053K, committed 46208K, reserved 1089536K
[2020-09-08T10:05:57.580-0300][gc,heap        ] GC(398)   class space    used 4724K, capacity 6015K, committed 6016K, reserved 1048576K
[2020-09-08T10:05:57.581-0300][gc,start       ] GC(398) Pause Young (Concurrent Start) (G1 Evacuation Pause)
[2020-09-08T10:05:57.581-0300][gc,task        ] GC(398) Using 4 workers of 4 for evacuation
[2020-09-08T10:05:57.602-0300][gc,phases      ] GC(398)   Pre Evacuate Collection Set: 0.4ms
[2020-09-08T10:05:57.602-0300][gc,phases      ] GC(398)   Evacuate Collection Set: 16.9ms
[2020-09-08T10:05:57.602-0300][gc,phases      ] GC(398)   Post Evacuate Collection Set: 2.3ms
[2020-09-08T10:05:57.602-0300][gc,phases      ] GC(398)   Other: 2.5ms
[2020-09-08T10:05:57.602-0300][gc,heap        ] GC(398) Eden regions: 38->0(37)
[2020-09-08T10:05:57.602-0300][gc,heap        ] GC(398) Survivor regions: 1->2(5)
[2020-09-08T10:05:57.603-0300][gc,heap        ] GC(398) Old regions: 48->48
[2020-09-08T10:05:57.603-0300][gc,heap        ] GC(398) Humongous regions: 4->4
[2020-09-08T10:05:57.603-0300][gc,metaspace   ] GC(398) Metaspace: 42706K->42706K(1089536K)
[2020-09-08T10:05:57.603-0300][gc,heap        ] GC(398) Heap after GC invocations=399 (full 1): garbage-first heap   total 109568K, used 52094K [0x0000000083000000, 0x0000000100000000)
[2020-09-08T10:05:57.603-0300][gc,heap        ] GC(398)   region size 1024K, 2 young (2048K), 2 survivors (2048K)
[2020-09-08T10:05:57.603-0300][gc,heap        ] GC(398)  Metaspace       used 42706K, capacity 46053K, committed 46208K, reserved 1089536K
[2020-09-08T10:05:57.603-0300][gc,heap        ] GC(398)   class space    used 4724K, capacity 6015K, committed 6016K, reserved 1048576K
[2020-09-08T10:05:57.603-0300][gc             ] GC(398) Pause Young (Concurrent Start) (G1 Evacuation Pause) 87M->50M(107M) 22.328ms
[2020-09-08T10:05:57.603-0300][gc,cpu         ] GC(398) User=0.07s Sys=0.00s Real=0.03s
[2020-09-08T10:05:57.603-0300][gc             ] GC(399) Concurrent Cycle
[2020-09-08T10:05:57.604-0300][gc,marking     ] GC(399) Concurrent Clear Claimed Marks
[2020-09-08T10:05:57.604-0300][gc,marking     ] GC(399) Concurrent Clear Claimed Marks 0.757ms
[2020-09-08T10:05:57.604-0300][gc,marking     ] GC(399) Concurrent Scan Root Regions
[2020-09-08T10:05:57.620-0300][gc,marking     ] GC(399) Concurrent Scan Root Regions 15.259ms
[2020-09-08T10:05:57.620-0300][gc,marking     ] GC(399) Concurrent Mark (1815.093s)
[2020-09-08T10:05:57.620-0300][gc,marking     ] GC(399) Concurrent Mark From Roots
[2020-09-08T10:05:57.620-0300][gc,task        ] GC(399) Using 1 workers of 1 for marking
[2020-09-08T10:05:57.970-0300][gc,marking     ] GC(399) Concurrent Mark From Roots 350.002ms
[2020-09-08T10:05:57.971-0300][gc,marking     ] GC(399) Concurrent Preclean
[2020-09-08T10:05:57.971-0300][gc,marking     ] GC(399) Concurrent Preclean 0.682ms
[2020-09-08T10:05:57.971-0300][gc,marking     ] GC(399) Concurrent Mark (1815.093s, 1815.445s) 351.505ms
[2020-09-08T10:05:57.974-0300][gc,start       ] GC(399) Pause Remark
[2020-09-08T10:05:58.008-0300][gc,stringtable ] GC(399) Cleaned string and symbol table, strings: 23785 processed, 1 removed, symbols: 95119 processed, 0 removed
[2020-09-08T10:05:58.009-0300][gc             ] GC(399) Pause Remark 54M->54M(107M) 34.858ms
[2020-09-08T10:05:58.009-0300][gc,cpu         ] GC(399) User=0.13s Sys=0.00s Real=0.03s
[2020-09-08T10:05:58.010-0300][gc,marking     ] GC(399) Concurrent Rebuild Remembered Sets
[2020-09-08T10:05:58.227-0300][gc,marking     ] GC(399) Concurrent Rebuild Remembered Sets 217.177ms
[2020-09-08T10:05:58.230-0300][gc,start       ] GC(399) Pause Cleanup
[2020-09-08T10:05:58.230-0300][gc             ] GC(399) Pause Cleanup 62M->62M(107M) 0.541ms
[2020-09-08T10:05:58.231-0300][gc,cpu         ] GC(399) User=0.00s Sys=0.01s Real=0.00s
[2020-09-08T10:05:58.231-0300][gc,marking     ] GC(399) Concurrent Cleanup for Next Mark
[2020-09-08T10:05:58.233-0300][gc,marking     ] GC(399) Concurrent Cleanup for Next Mark 1.713ms
[2020-09-08T10:05:58.233-0300][gc             ] GC(399) Concurrent Cycle 629.783ms
[2020-09-08T10:06:01.336-0300][gc,heap        ] GC(400) Heap before GC invocations=400 (full 1): garbage-first heap   total 109568K, used 88958K [0x0000000083000000, 0x0000000100000000)
[2020-09-08T10:06:01.336-0300][gc,heap        ] GC(400)   region size 1024K, 39 young (39936K), 2 survivors (2048K)
[2020-09-08T10:06:01.336-0300][gc,heap        ] GC(400)  Metaspace       used 42709K, capacity 46053K, committed 46208K, reserved 1089536K
[2020-09-08T10:06:01.336-0300][gc,heap        ] GC(400)   class space    used 4724K, capacity 6015K, committed 6016K, reserved 1048576K
[2020-09-08T10:06:01.336-0300][gc,start       ] GC(400) Pause Young (Normal) (G1 Evacuation Pause)
[2020-09-08T10:06:01.336-0300][gc,task        ] GC(400) Using 4 workers of 4 for evacuation
[2020-09-08T10:06:01.362-0300][gc,phases      ] GC(400)   Pre Evacuate Collection Set: 0.2ms
[2020-09-08T10:06:01.362-0300][gc,phases      ] GC(400)   Evacuate Collection Set: 20.4ms
[2020-09-08T10:06:01.362-0300][gc,phases      ] GC(400)   Post Evacuate Collection Set: 3.2ms
[2020-09-08T10:06:01.362-0300][gc,phases      ] GC(400)   Other: 2.3ms
[2020-09-08T10:06:01.362-0300][gc,heap        ] GC(400) Eden regions: 37->0(35)
[2020-09-08T10:06:01.363-0300][gc,heap        ] GC(400) Survivor regions: 2->4(5)
[2020-09-08T10:06:01.363-0300][gc,heap        ] GC(400) Old regions: 48->48
[2020-09-08T10:06:01.363-0300][gc,heap        ] GC(400) Humongous regions: 4->4
[2020-09-08T10:06:01.363-0300][gc,metaspace   ] GC(400) Metaspace: 42709K->42709K(1089536K)
[2020-09-08T10:06:01.363-0300][gc,heap        ] GC(400) Heap after GC invocations=401 (full 1): garbage-first heap   total 109568K, used 53655K [0x0000000083000000, 0x0000000100000000)
[2020-09-08T10:06:01.363-0300][gc,heap        ] GC(400)   region size 1024K, 4 young (4096K), 4 survivors (4096K)
[2020-09-08T10:06:01.363-0300][gc,heap        ] GC(400)  Metaspace       used 42709K, capacity 46053K, committed 46208K, reserved 1089536K
[2020-09-08T10:06:01.363-0300][gc,heap        ] GC(400)   class space    used 4724K, capacity 6015K, committed 6016K, reserved 1048576K
[2020-09-08T10:06:01.363-0300][gc             ] GC(400) Pause Young (Normal) (G1 Evacuation Pause) 87M->52M(107M) 27.073ms
[2020-09-08T10:06:01.364-0300][gc,cpu         ] GC(400) User=0.08s Sys=0.00s Real=0.03s
[2020-09-08T10:06:06.410-0300][gc,heap        ] GC(401) Heap before GC invocations=401 (full 1): garbage-first heap   total 109568K, used 88471K [0x0000000083000000, 0x0000000100000000)
[2020-09-08T10:06:06.410-0300][gc,heap        ] GC(401)   region size 1024K, 39 young (39936K), 4 survivors (4096K)
[2020-09-08T10:06:06.410-0300][gc,heap        ] GC(401)  Metaspace       used 42717K, capacity 46117K, committed 46208K, reserved 1089536K
[2020-09-08T10:06:06.410-0300][gc,heap        ] GC(401)   class space    used 4724K, capacity 6015K, committed 6016K, reserved 1048576K
[2020-09-08T10:06:06.411-0300][gc,start       ] GC(401) Pause Young (Concurrent Start) (G1 Evacuation Pause)
[2020-09-08T10:06:06.411-0300][gc,task        ] GC(401) Using 4 workers of 4 for evacuation
[2020-09-08T10:06:06.437-0300][gc,phases      ] GC(401)   Pre Evacuate Collection Set: 0.4ms
[2020-09-08T10:06:06.437-0300][gc,phases      ] GC(401)   Evacuate Collection Set: 20.6ms
[2020-09-08T10:06:06.437-0300][gc,phases      ] GC(401)   Post Evacuate Collection Set: 2.1ms
[2020-09-08T10:06:06.437-0300][gc,phases      ] GC(401)   Other: 4.0ms
[2020-09-08T10:06:06.437-0300][gc,heap        ] GC(401) Eden regions: 35->0(35)
[2020-09-08T10:06:06.437-0300][gc,heap        ] GC(401) Survivor regions: 4->3(5)
[2020-09-08T10:06:06.437-0300][gc,heap        ] GC(401) Old regions: 48->49
[2020-09-08T10:06:06.437-0300][gc,heap        ] GC(401) Humongous regions: 4->4
[2020-09-08T10:06:06.437-0300][gc,metaspace   ] GC(401) Metaspace: 42717K->42717K(1089536K)
[2020-09-08T10:06:06.437-0300][gc,heap        ] GC(401) Heap after GC invocations=402 (full 1): garbage-first heap   total 109568K, used 54586K [0x0000000083000000, 0x0000000100000000)
[2020-09-08T10:06:06.438-0300][gc,heap        ] GC(401)   region size 1024K, 3 young (3072K), 3 survivors (3072K)
[2020-09-08T10:06:06.438-0300][gc,heap        ] GC(401)  Metaspace       used 42717K, capacity 46117K, committed 46208K, reserved 1089536K
[2020-09-08T10:06:06.438-0300][gc,heap        ] GC(401)   class space    used 4724K, capacity 6015K, committed 6016K, reserved 1048576K
[2020-09-08T10:06:06.438-0300][gc             ] GC(401) Pause Young (Concurrent Start) (G1 Evacuation Pause) 87M->53M(107M) 26.910ms
[2020-09-08T10:06:06.438-0300][gc,cpu         ] GC(401) User=0.08s Sys=0.01s Real=0.02s
[2020-09-08T10:06:06.438-0300][gc             ] GC(402) Concurrent Cycle
[2020-09-08T10:06:06.439-0300][gc,marking     ] GC(402) Concurrent Clear Claimed Marks
[2020-09-08T10:06:06.439-0300][gc,marking     ] GC(402) Concurrent Clear Claimed Marks 0.558ms
[2020-09-08T10:06:06.440-0300][gc,marking     ] GC(402) Concurrent Scan Root Regions
[2020-09-08T10:06:06.451-0300][gc,marking     ] GC(402) Concurrent Scan Root Regions 11.680ms
[2020-09-08T10:06:06.452-0300][gc,marking     ] GC(402) Concurrent Mark (1823.925s)
[2020-09-08T10:06:06.452-0300][gc,marking     ] GC(402) Concurrent Mark From Roots
[2020-09-08T10:06:06.452-0300][gc,task        ] GC(402) Using 1 workers of 1 for marking
[2020-09-08T10:06:06.789-0300][gc,marking     ] GC(402) Concurrent Mark From Roots 337.465ms
[2020-09-08T10:06:06.789-0300][gc,marking     ] GC(402) Concurrent Preclean
[2020-09-08T10:06:06.789-0300][gc,marking     ] GC(402) Concurrent Preclean 0.330ms
[2020-09-08T10:06:06.790-0300][gc,marking     ] GC(402) Concurrent Mark (1823.925s, 1824.263s) 338.022ms
[2020-09-08T10:06:06.792-0300][gc,start       ] GC(402) Pause Remark
[2020-09-08T10:06:06.826-0300][gc,stringtable ] GC(402) Cleaned string and symbol table, strings: 23786 processed, 0 removed, symbols: 95119 processed, 0 removed
[2020-09-08T10:06:06.827-0300][gc             ] GC(402) Pause Remark 55M->55M(107M) 35.279ms
[2020-09-08T10:06:06.828-0300][gc,cpu         ] GC(402) User=0.12s Sys=0.00s Real=0.03s
[2020-09-08T10:06:06.828-0300][gc,marking     ] GC(402) Concurrent Rebuild Remembered Sets
[2020-09-08T10:06:07.012-0300][gc,marking     ] GC(402) Concurrent Rebuild Remembered Sets 183.384ms
[2020-09-08T10:06:07.014-0300][gc,start       ] GC(402) Pause Cleanup
[2020-09-08T10:06:07.014-0300][gc             ] GC(402) Pause Cleanup 55M->55M(107M) 0.485ms
[2020-09-08T10:06:07.015-0300][gc,cpu         ] GC(402) User=0.00s Sys=0.00s Real=0.00s
[2020-09-08T10:06:07.015-0300][gc,marking     ] GC(402) Concurrent Cleanup for Next Mark
[2020-09-08T10:06:07.017-0300][gc,marking     ] GC(402) Concurrent Cleanup for Next Mark 1.169ms
[2020-09-08T10:06:07.017-0300][gc             ] GC(402) Concurrent Cycle 578.266ms
[2020-09-08T10:06:11.383-0300][gc,heap        ] GC(403) Heap before GC invocations=403 (full 1): garbage-first heap   total 109568K, used 89402K [0x0000000083000000, 0x0000000100000000)
[2020-09-08T10:06:11.383-0300][gc,heap        ] GC(403)   region size 1024K, 38 young (38912K), 3 survivors (3072K)
[2020-09-08T10:06:11.383-0300][gc,heap        ] GC(403)  Metaspace       used 42717K, capacity 46117K, committed 46208K, reserved 1089536K
[2020-09-08T10:06:11.384-0300][gc,heap        ] GC(403)   class space    used 4724K, capacity 6015K, committed 6016K, reserved 1048576K
[2020-09-08T10:06:11.384-0300][gc,start       ] GC(403) Pause Young (Prepare Mixed) (G1 Evacuation Pause)
[2020-09-08T10:06:11.384-0300][gc,task        ] GC(403) Using 4 workers of 4 for evacuation
[2020-09-08T10:06:11.412-0300][gc,phases      ] GC(403)   Pre Evacuate Collection Set: 0.1ms
[2020-09-08T10:06:11.412-0300][gc,phases      ] GC(403)   Evacuate Collection Set: 24.3ms
[2020-09-08T10:06:11.412-0300][gc,phases      ] GC(403)   Post Evacuate Collection Set: 2.6ms
[2020-09-08T10:06:11.413-0300][gc,phases      ] GC(403)   Other: 2.3ms
[2020-09-08T10:06:11.413-0300][gc,heap        ] GC(403) Eden regions: 35->0(3)
[2020-09-08T10:06:11.413-0300][gc,heap        ] GC(403) Survivor regions: 3->2(5)
[2020-09-08T10:06:11.413-0300][gc,heap        ] GC(403) Old regions: 49->50
[2020-09-08T10:06:11.413-0300][gc,heap        ] GC(403) Humongous regions: 4->4
[2020-09-08T10:06:11.413-0300][gc,metaspace   ] GC(403) Metaspace: 42717K->42717K(1089536K)
[2020-09-08T10:06:11.413-0300][gc,heap        ] GC(403) Heap after GC invocations=404 (full 1): garbage-first heap   total 109568K, used 54978K [0x0000000083000000, 0x0000000100000000)
[2020-09-08T10:06:11.413-0300][gc,heap        ] GC(403)   region size 1024K, 2 young (2048K), 2 survivors (2048K)
[2020-09-08T10:06:11.413-0300][gc,heap        ] GC(403)  Metaspace       used 42717K, capacity 46117K, committed 46208K, reserved 1089536K
[2020-09-08T10:06:11.413-0300][gc,heap        ] GC(403)   class space    used 4724K, capacity 6015K, committed 6016K, reserved 1048576K
[2020-09-08T10:06:11.413-0300][gc             ] GC(403) Pause Young (Prepare Mixed) (G1 Evacuation Pause) 88M->53M(107M) 29.298ms
[2020-09-08T10:06:11.414-0300][gc,cpu         ] GC(403) User=0.07s Sys=0.01s Real=0.03s
[2020-09-08T10:06:12.200-0300][gc,heap        ] GC(404) Heap before GC invocations=404 (full 1): garbage-first heap   total 109568K, used 58050K [0x0000000083000000, 0x0000000100000000)
[2020-09-08T10:06:12.200-0300][gc,heap        ] GC(404)   region size 1024K, 5 young (5120K), 2 survivors (2048K)
[2020-09-08T10:06:12.200-0300][gc,heap        ] GC(404)  Metaspace       used 42717K, capacity 46117K, committed 46208K, reserved 1089536K
[2020-09-08T10:06:12.200-0300][gc,heap        ] GC(404)   class space    used 4724K, capacity 6015K, committed 6016K, reserved 1048576K
[2020-09-08T10:06:12.200-0300][gc,start       ] GC(404) Pause Young (Mixed) (G1 Evacuation Pause)
[2020-09-08T10:06:12.200-0300][gc,task        ] GC(404) Using 4 workers of 4 for evacuation
[2020-09-08T10:06:12.219-0300][gc,phases      ] GC(404)   Pre Evacuate Collection Set: 0.1ms
[2020-09-08T10:06:12.219-0300][gc,phases      ] GC(404)   Evacuate Collection Set: 15.5ms
[2020-09-08T10:06:12.219-0300][gc,phases      ] GC(404)   Post Evacuate Collection Set: 1.8ms
[2020-09-08T10:06:12.219-0300][gc,phases      ] GC(404)   Other: 1.8ms
[2020-09-08T10:06:12.219-0300][gc,heap        ] GC(404) Eden regions: 3->0(34)
[2020-09-08T10:06:12.219-0300][gc,heap        ] GC(404) Survivor regions: 2->1(1)
[2020-09-08T10:06:12.219-0300][gc,heap        ] GC(404) Old regions: 50->52
[2020-09-08T10:06:12.219-0300][gc,heap        ] GC(404) Humongous regions: 4->4
[2020-09-08T10:06:12.220-0300][gc,metaspace   ] GC(404) Metaspace: 42717K->42717K(1089536K)
[2020-09-08T10:06:12.220-0300][gc,heap        ] GC(404) Heap after GC invocations=405 (full 1): garbage-first heap   total 109568K, used 54805K [0x0000000083000000, 0x0000000100000000)
[2020-09-08T10:06:12.220-0300][gc,heap        ] GC(404)   region size 1024K, 1 young (1024K), 1 survivors (1024K)
[2020-09-08T10:06:12.220-0300][gc,heap        ] GC(404)  Metaspace       used 42717K, capacity 46117K, committed 46208K, reserved 1089536K
[2020-09-08T10:06:12.220-0300][gc,heap        ] GC(404)   class space    used 4724K, capacity 6015K, committed 6016K, reserved 1048576K
[2020-09-08T10:06:12.220-0300][gc             ] GC(404) Pause Young (Mixed) (G1 Evacuation Pause) 56M->53M(107M) 19.556ms
[2020-09-08T10:06:12.220-0300][gc,cpu         ] GC(404) User=0.07s Sys=0.00s Real=0.02s
[2020-09-08T10:06:22.505-0300][gc,heap        ] GC(405) Heap before GC invocations=405 (full 1): garbage-first heap   total 109568K, used 88597K [0x0000000083000000, 0x0000000100000000)
[2020-09-08T10:06:22.505-0300][gc,heap        ] GC(405)   region size 1024K, 35 young (35840K), 1 survivors (1024K)
[2020-09-08T10:06:22.505-0300][gc,heap        ] GC(405)  Metaspace       used 42717K, capacity 46117K, committed 46208K, reserved 1089536K
[2020-09-08T10:06:22.505-0300][gc,heap        ] GC(405)   class space    used 4724K, capacity 6015K, committed 6016K, reserved 1048576K
[2020-09-08T10:06:22.505-0300][gc,start       ] GC(405) Pause Young (Concurrent Start) (G1 Evacuation Pause)
[2020-09-08T10:06:22.505-0300][gc,task        ] GC(405) Using 4 workers of 4 for evacuation
[2020-09-08T10:06:22.520-0300][gc,phases      ] GC(405)   Pre Evacuate Collection Set: 0.3ms
[2020-09-08T10:06:22.520-0300][gc,phases      ] GC(405)   Evacuate Collection Set: 11.2ms
[2020-09-08T10:06:22.520-0300][gc,phases      ] GC(405)   Post Evacuate Collection Set: 2.0ms
[2020-09-08T10:06:22.521-0300][gc,phases      ] GC(405)   Other: 1.6ms
[2020-09-08T10:06:22.521-0300][gc,heap        ] GC(405) Eden regions: 34->0(34)
[2020-09-08T10:06:22.521-0300][gc,heap        ] GC(405) Survivor regions: 1->1(5)
[2020-09-08T10:06:22.521-0300][gc,heap        ] GC(405) Old regions: 52->52
[2020-09-08T10:06:22.521-0300][gc,heap        ] GC(405) Humongous regions: 4->4
[2020-09-08T10:06:22.521-0300][gc,metaspace   ] GC(405) Metaspace: 42717K->42717K(1089536K)
[2020-09-08T10:06:22.521-0300][gc,heap        ] GC(405) Heap after GC invocations=406 (full 1): garbage-first heap   total 109568K, used 55223K [0x0000000083000000, 0x0000000100000000)
[2020-09-08T10:06:22.521-0300][gc,heap        ] GC(405)   region size 1024K, 1 young (1024K), 1 survivors (1024K)
[2020-09-08T10:06:22.521-0300][gc,heap        ] GC(405)  Metaspace       used 42717K, capacity 46117K, committed 46208K, reserved 1089536K
[2020-09-08T10:06:22.521-0300][gc,heap        ] GC(405)   class space    used 4724K, capacity 6015K, committed 6016K, reserved 1048576K
[2020-09-08T10:06:22.521-0300][gc             ] GC(405) Pause Young (Concurrent Start) (G1 Evacuation Pause) 87M->53M(107M) 16.134ms
[2020-09-08T10:06:22.522-0300][gc,cpu         ] GC(405) User=0.04s Sys=0.01s Real=0.02s
[2020-09-08T10:06:22.522-0300][gc             ] GC(406) Concurrent Cycle
[2020-09-08T10:06:22.522-0300][gc,marking     ] GC(406) Concurrent Clear Claimed Marks
[2020-09-08T10:06:22.523-0300][gc,marking     ] GC(406) Concurrent Clear Claimed Marks 0.566ms
[2020-09-08T10:06:22.523-0300][gc,marking     ] GC(406) Concurrent Scan Root Regions
[2020-09-08T10:06:22.528-0300][gc,marking     ] GC(406) Concurrent Scan Root Regions 4.941ms
[2020-09-08T10:06:22.528-0300][gc,marking     ] GC(406) Concurrent Mark (1840.002s)
[2020-09-08T10:06:22.528-0300][gc,marking     ] GC(406) Concurrent Mark From Roots
[2020-09-08T10:06:22.528-0300][gc,task        ] GC(406) Using 1 workers of 1 for marking
[2020-09-08T10:06:22.976-0300][gc,marking     ] GC(406) Concurrent Mark From Roots 448.273ms
[2020-09-08T10:06:22.976-0300][gc,marking     ] GC(406) Concurrent Preclean
[2020-09-08T10:06:22.977-0300][gc,marking     ] GC(406) Concurrent Preclean 0.595ms
[2020-09-08T10:06:22.977-0300][gc,marking     ] GC(406) Concurrent Mark (1840.002s, 1840.451s) 449.269ms
[2020-09-08T10:06:22.984-0300][gc,start       ] GC(406) Pause Remark
[2020-09-08T10:06:23.059-0300][gc,stringtable ] GC(406) Cleaned string and symbol table, strings: 23786 processed, 1 removed, symbols: 95119 processed, 0 removed
[2020-09-08T10:06:23.060-0300][gc             ] GC(406) Pause Remark 61M->61M(107M) 75.898ms
[2020-09-08T10:06:23.060-0300][gc,cpu         ] GC(406) User=0.21s Sys=0.03s Real=0.07s
[2020-09-08T10:06:23.061-0300][gc,marking     ] GC(406) Concurrent Rebuild Remembered Sets
[2020-09-08T10:06:23.474-0300][gc,marking     ] GC(406) Concurrent Rebuild Remembered Sets 412.519ms
[2020-09-08T10:06:23.477-0300][gc,start       ] GC(406) Pause Cleanup
[2020-09-08T10:06:23.479-0300][gc             ] GC(406) Pause Cleanup 65M->65M(107M) 1.360ms
[2020-09-08T10:06:23.479-0300][gc,cpu         ] GC(406) User=0.01s Sys=0.00s Real=0.00s
[2020-09-08T10:06:23.479-0300][gc,marking     ] GC(406) Concurrent Cleanup for Next Mark
[2020-09-08T10:06:23.483-0300][gc,marking     ] GC(406) Concurrent Cleanup for Next Mark 3.098ms
[2020-09-08T10:06:23.483-0300][gc             ] GC(406) Concurrent Cycle 960.926ms
[2020-09-08T10:06:27.801-0300][gc,heap        ] GC(407) Heap before GC invocations=407 (full 1): garbage-first heap   total 109568K, used 88853K [0x0000000083000000, 0x0000000100000000)
[2020-09-08T10:06:27.801-0300][gc,heap        ] GC(407)   region size 1024K, 35 young (35840K), 1 survivors (1024K)
[2020-09-08T10:06:27.802-0300][gc,heap        ] GC(407)  Metaspace       used 42717K, capacity 46117K, committed 46208K, reserved 1089536K
[2020-09-08T10:06:27.802-0300][gc,heap        ] GC(407)   class space    used 4724K, capacity 6015K, committed 6016K, reserved 1048576K
[2020-09-08T10:06:27.802-0300][gc,start       ] GC(407) Pause Young (Prepare Mixed) (G1 Evacuation Pause)
[2020-09-08T10:06:27.802-0300][gc,task        ] GC(407) Using 4 workers of 4 for evacuation
[2020-09-08T10:06:27.815-0300][gc,phases      ] GC(407)   Pre Evacuate Collection Set: 0.1ms
[2020-09-08T10:06:27.816-0300][gc,phases      ] GC(407)   Evacuate Collection Set: 9.5ms
[2020-09-08T10:06:27.816-0300][gc,phases      ] GC(407)   Post Evacuate Collection Set: 2.0ms
[2020-09-08T10:06:27.816-0300][gc,phases      ] GC(407)   Other: 2.3ms
[2020-09-08T10:06:27.816-0300][gc,heap        ] GC(407) Eden regions: 34->0(3)
[2020-09-08T10:06:27.816-0300][gc,heap        ] GC(407) Survivor regions: 1->2(5)
[2020-09-08T10:06:27.816-0300][gc,heap        ] GC(407) Old regions: 51->51
[2020-09-08T10:06:27.816-0300][gc,heap        ] GC(407) Humongous regions: 4->4
[2020-09-08T10:06:27.816-0300][gc,metaspace   ] GC(407) Metaspace: 42717K->42717K(1089536K)
[2020-09-08T10:06:27.816-0300][gc,heap        ] GC(407) Heap after GC invocations=408 (full 1): garbage-first heap   total 109568K, used 55310K [0x0000000083000000, 0x0000000100000000)
[2020-09-08T10:06:27.816-0300][gc,heap        ] GC(407)   region size 1024K, 2 young (2048K), 2 survivors (2048K)
[2020-09-08T10:06:27.816-0300][gc,heap        ] GC(407)  Metaspace       used 42717K, capacity 46117K, committed 46208K, reserved 1089536K
[2020-09-08T10:06:27.816-0300][gc,heap        ] GC(407)   class space    used 4724K, capacity 6015K, committed 6016K, reserved 1048576K
[2020-09-08T10:06:27.816-0300][gc             ] GC(407) Pause Young (Prepare Mixed) (G1 Evacuation Pause) 87M->54M(107M) 14.568ms
[2020-09-08T10:06:27.817-0300][gc,cpu         ] GC(407) User=0.03s Sys=0.00s Real=0.01s
[2020-09-08T10:06:27.987-0300][gc,heap        ] GC(408) Heap before GC invocations=408 (full 1): garbage-first heap   total 109568K, used 57358K [0x0000000083000000, 0x0000000100000000)
[2020-09-08T10:06:27.988-0300][gc,heap        ] GC(408)   region size 1024K, 5 young (5120K), 2 survivors (2048K)
[2020-09-08T10:06:27.988-0300][gc,heap        ] GC(408)  Metaspace       used 42717K, capacity 46117K, committed 46208K, reserved 1089536K
[2020-09-08T10:06:27.988-0300][gc,heap        ] GC(408)   class space    used 4724K, capacity 6015K, committed 6016K, reserved 1048576K
[2020-09-08T10:06:27.988-0300][gc,start       ] GC(408) Pause Young (Mixed) (G1 Evacuation Pause)
[2020-09-08T10:06:27.988-0300][gc,task        ] GC(408) Using 4 workers of 4 for evacuation
[2020-09-08T10:06:28.013-0300][gc,phases      ] GC(408)   Pre Evacuate Collection Set: 0.1ms
[2020-09-08T10:06:28.013-0300][gc,phases      ] GC(408)   Evacuate Collection Set: 22.5ms
[2020-09-08T10:06:28.013-0300][gc,phases      ] GC(408)   Post Evacuate Collection Set: 1.7ms
[2020-09-08T10:06:28.013-0300][gc,phases      ] GC(408)   Other: 1.4ms
[2020-09-08T10:06:28.014-0300][gc,heap        ] GC(408) Eden regions: 3->0(37)
[2020-09-08T10:06:28.014-0300][gc,heap        ] GC(408) Survivor regions: 2->1(1)
[2020-09-08T10:06:28.014-0300][gc,heap        ] GC(408) Old regions: 51->48
[2020-09-08T10:06:28.014-0300][gc,heap        ] GC(408) Humongous regions: 4->4
[2020-09-08T10:06:28.014-0300][gc,metaspace   ] GC(408) Metaspace: 42717K->42717K(1089536K)
[2020-09-08T10:06:28.014-0300][gc,heap        ] GC(408) Heap after GC invocations=409 (full 1): garbage-first heap   total 109568K, used 50455K [0x0000000083000000, 0x0000000100000000)
[2020-09-08T10:06:28.014-0300][gc,heap        ] GC(408)   region size 1024K, 1 young (1024K), 1 survivors (1024K)
[2020-09-08T10:06:28.014-0300][gc,heap        ] GC(408)  Metaspace       used 42717K, capacity 46117K, committed 46208K, reserved 1089536K
[2020-09-08T10:06:28.014-0300][gc,heap        ] GC(408)   class space    used 4724K, capacity 6015K, committed 6016K, reserved 1048576K
[2020-09-08T10:06:28.014-0300][gc             ] GC(408) Pause Young (Mixed) (G1 Evacuation Pause) 57M->49M(107M) 26.134ms
[2020-09-08T10:06:28.014-0300][gc,cpu         ] GC(408) User=0.08s Sys=0.00s Real=0.03s
[2020-09-08T10:06:36.263-0300][gc,heap        ] GC(409) Heap before GC invocations=409 (full 1): garbage-first heap   total 109568K, used 87319K [0x0000000083000000, 0x0000000100000000)
[2020-09-08T10:06:36.263-0300][gc,heap        ] GC(409)   region size 1024K, 38 young (38912K), 1 survivors (1024K)
[2020-09-08T10:06:36.263-0300][gc,heap        ] GC(409)  Metaspace       used 42717K, capacity 46117K, committed 46208K, reserved 1089536K
[2020-09-08T10:06:36.263-0300][gc,heap        ] GC(409)   class space    used 4724K, capacity 6015K, committed 6016K, reserved 1048576K
[2020-09-08T10:06:36.263-0300][gc,start       ] GC(409) Pause Young (Concurrent Start) (G1 Evacuation Pause)
[2020-09-08T10:06:36.263-0300][gc,task        ] GC(409) Using 4 workers of 4 for evacuation
[2020-09-08T10:06:36.278-0300][gc,phases      ] GC(409)   Pre Evacuate Collection Set: 0.4ms
[2020-09-08T10:06:36.278-0300][gc,phases      ] GC(409)   Evacuate Collection Set: 11.0ms
[2020-09-08T10:06:36.278-0300][gc,phases      ] GC(409)   Post Evacuate Collection Set: 2.1ms
[2020-09-08T10:06:36.278-0300][gc,phases      ] GC(409)   Other: 1.9ms
[2020-09-08T10:06:36.278-0300][gc,heap        ] GC(409) Eden regions: 37->0(37)
[2020-09-08T10:06:36.278-0300][gc,heap        ] GC(409) Survivor regions: 1->1(5)
[2020-09-08T10:06:36.278-0300][gc,heap        ] GC(409) Old regions: 48->48
[2020-09-08T10:06:36.278-0300][gc,heap        ] GC(409) Humongous regions: 4->4
[2020-09-08T10:06:36.278-0300][gc,metaspace   ] GC(409) Metaspace: 42717K->42717K(1089536K)
[2020-09-08T10:06:36.278-0300][gc,heap        ] GC(409) Heap after GC invocations=410 (full 1): garbage-first heap   total 109568K, used 51067K [0x0000000083000000, 0x0000000100000000)
[2020-09-08T10:06:36.279-0300][gc,heap        ] GC(409)   region size 1024K, 1 young (1024K), 1 survivors (1024K)
[2020-09-08T10:06:36.279-0300][gc,heap        ] GC(409)  Metaspace       used 42717K, capacity 46117K, committed 46208K, reserved 1089536K
[2020-09-08T10:06:36.279-0300][gc,heap        ] GC(409)   class space    used 4724K, capacity 6015K, committed 6016K, reserved 1048576K
[2020-09-08T10:06:36.279-0300][gc             ] GC(409) Pause Young (Concurrent Start) (G1 Evacuation Pause) 86M->49M(107M) 15.506ms
[2020-09-08T10:06:36.279-0300][gc,cpu         ] GC(409) User=0.04s Sys=0.00s Real=0.01s
[2020-09-08T10:06:36.279-0300][gc             ] GC(410) Concurrent Cycle
[2020-09-08T10:06:36.280-0300][gc,marking     ] GC(410) Concurrent Clear Claimed Marks
[2020-09-08T10:06:36.280-0300][gc,marking     ] GC(410) Concurrent Clear Claimed Marks 0.855ms
[2020-09-08T10:06:36.281-0300][gc,marking     ] GC(410) Concurrent Scan Root Regions
[2020-09-08T10:06:36.285-0300][gc,marking     ] GC(410) Concurrent Scan Root Regions 4.261ms
[2020-09-08T10:06:36.285-0300][gc,marking     ] GC(410) Concurrent Mark (1853.758s)
[2020-09-08T10:06:36.285-0300][gc,marking     ] GC(410) Concurrent Mark From Roots
[2020-09-08T10:06:36.285-0300][gc,task        ] GC(410) Using 1 workers of 1 for marking
[2020-09-08T10:06:36.622-0300][gc,marking     ] GC(410) Concurrent Mark From Roots 337.452ms
[2020-09-08T10:06:36.623-0300][gc,marking     ] GC(410) Concurrent Preclean
[2020-09-08T10:06:36.623-0300][gc,marking     ] GC(410) Concurrent Preclean 0.424ms
[2020-09-08T10:06:36.623-0300][gc,marking     ] GC(410) Concurrent Mark (1853.758s, 1854.097s) 338.124ms
[2020-09-08T10:06:36.625-0300][gc,start       ] GC(410) Pause Remark
[2020-09-08T10:06:36.659-0300][gc,stringtable ] GC(410) Cleaned string and symbol table, strings: 23785 processed, 0 removed, symbols: 95119 processed, 0 removed
[2020-09-08T10:06:36.660-0300][gc             ] GC(410) Pause Remark 51M->51M(107M) 35.373ms
[2020-09-08T10:06:36.660-0300][gc,cpu         ] GC(410) User=0.12s Sys=0.02s Real=0.03s
[2020-09-08T10:06:36.661-0300][gc,marking     ] GC(410) Concurrent Rebuild Remembered Sets
[2020-09-08T10:06:36.848-0300][gc,marking     ] GC(410) Concurrent Rebuild Remembered Sets 186.716ms
[2020-09-08T10:06:36.850-0300][gc,start       ] GC(410) Pause Cleanup
[2020-09-08T10:06:36.850-0300][gc             ] GC(410) Pause Cleanup 52M->52M(107M) 0.574ms
[2020-09-08T10:06:36.850-0300][gc,cpu         ] GC(410) User=0.00s Sys=0.00s Real=0.00s
[2020-09-08T10:06:36.851-0300][gc,marking     ] GC(410) Concurrent Cleanup for Next Mark
[2020-09-08T10:06:36.852-0300][gc,marking     ] GC(410) Concurrent Cleanup for Next Mark 1.609ms
[2020-09-08T10:06:36.853-0300][gc             ] GC(410) Concurrent Cycle 573.241ms
[2020-09-08T10:06:45.186-0300][gc,heap        ] GC(411) Heap before GC invocations=411 (full 1): garbage-first heap   total 109568K, used 87931K [0x0000000083000000, 0x0000000100000000)
[2020-09-08T10:06:45.187-0300][gc,heap        ] GC(411)   region size 1024K, 38 young (38912K), 1 survivors (1024K)
[2020-09-08T10:06:45.187-0300][gc,heap        ] GC(411)  Metaspace       used 42717K, capacity 46117K, committed 46208K, reserved 1089536K
[2020-09-08T10:06:45.187-0300][gc,heap        ] GC(411)   class space    used 4724K, capacity 6015K, committed 6016K, reserved 1048576K
[2020-09-08T10:06:45.187-0300][gc,start       ] GC(411) Pause Young (Normal) (G1 Evacuation Pause)
[2020-09-08T10:06:45.187-0300][gc,task        ] GC(411) Using 4 workers of 4 for evacuation
[2020-09-08T10:06:45.199-0300][gc,phases      ] GC(411)   Pre Evacuate Collection Set: 0.0ms
[2020-09-08T10:06:45.199-0300][gc,phases      ] GC(411)   Evacuate Collection Set: 8.1ms
[2020-09-08T10:06:45.199-0300][gc,phases      ] GC(411)   Post Evacuate Collection Set: 3.1ms
[2020-09-08T10:06:45.199-0300][gc,phases      ] GC(411)   Other: 1.4ms
[2020-09-08T10:06:45.199-0300][gc,heap        ] GC(411) Eden regions: 37->0(38)
[2020-09-08T10:06:45.199-0300][gc,heap        ] GC(411) Survivor regions: 1->1(5)
[2020-09-08T10:06:45.199-0300][gc,heap        ] GC(411) Old regions: 48->48
[2020-09-08T10:06:45.200-0300][gc,heap        ] GC(411) Humongous regions: 4->4
[2020-09-08T10:06:45.200-0300][gc,metaspace   ] GC(411) Metaspace: 42717K->42717K(1089536K)
[2020-09-08T10:06:45.200-0300][gc,heap        ] GC(411) Heap after GC invocations=412 (full 1): garbage-first heap   total 109568K, used 51299K [0x0000000083000000, 0x0000000100000000)
[2020-09-08T10:06:45.200-0300][gc,heap        ] GC(411)   region size 1024K, 1 young (1024K), 1 survivors (1024K)
[2020-09-08T10:06:45.200-0300][gc,heap        ] GC(411)  Metaspace       used 42717K, capacity 46117K, committed 46208K, reserved 1089536K
[2020-09-08T10:06:45.200-0300][gc,heap        ] GC(411)   class space    used 4724K, capacity 6015K, committed 6016K, reserved 1048576K
[2020-09-08T10:06:45.200-0300][gc             ] GC(411) Pause Young (Normal) (G1 Evacuation Pause) 86M->50M(107M) 13.050ms
[2020-09-08T10:06:45.200-0300][gc,cpu         ] GC(411) User=0.03s Sys=0.00s Real=0.01s
[2020-09-08T10:06:55.736-0300][gc,heap        ] GC(412) Heap before GC invocations=412 (full 1): garbage-first heap   total 109568K, used 89187K [0x0000000083000000, 0x0000000100000000)
[2020-09-08T10:06:55.736-0300][gc,heap        ] GC(412)   region size 1024K, 39 young (39936K), 1 survivors (1024K)
[2020-09-08T10:06:55.736-0300][gc,heap        ] GC(412)  Metaspace       used 42717K, capacity 46117K, committed 46208K, reserved 1089536K
[2020-09-08T10:06:55.736-0300][gc,heap        ] GC(412)   class space    used 4724K, capacity 6015K, committed 6016K, reserved 1048576K
[2020-09-08T10:06:55.736-0300][gc,start       ] GC(412) Pause Young (Concurrent Start) (G1 Evacuation Pause)
[2020-09-08T10:06:55.736-0300][gc,task        ] GC(412) Using 4 workers of 4 for evacuation
[2020-09-08T10:06:55.758-0300][gc,phases      ] GC(412)   Pre Evacuate Collection Set: 0.6ms
[2020-09-08T10:06:55.759-0300][gc,phases      ] GC(412)   Evacuate Collection Set: 16.9ms
[2020-09-08T10:06:55.759-0300][gc,phases      ] GC(412)   Post Evacuate Collection Set: 2.8ms
[2020-09-08T10:06:55.759-0300][gc,phases      ] GC(412)   Other: 2.5ms
[2020-09-08T10:06:55.759-0300][gc,heap        ] GC(412) Eden regions: 38->0(37)
[2020-09-08T10:06:55.759-0300][gc,heap        ] GC(412) Survivor regions: 1->2(5)
[2020-09-08T10:06:55.759-0300][gc,heap        ] GC(412) Old regions: 48->48
[2020-09-08T10:06:55.759-0300][gc,heap        ] GC(412) Humongous regions: 4->4
[2020-09-08T10:06:55.759-0300][gc,metaspace   ] GC(412) Metaspace: 42717K->42717K(1089536K)
[2020-09-08T10:06:55.759-0300][gc,heap        ] GC(412) Heap after GC invocations=413 (full 1): garbage-first heap   total 109568K, used 51806K [0x0000000083000000, 0x0000000100000000)
[2020-09-08T10:06:55.759-0300][gc,heap        ] GC(412)   region size 1024K, 2 young (2048K), 2 survivors (2048K)
[2020-09-08T10:06:55.759-0300][gc,heap        ] GC(412)  Metaspace       used 42717K, capacity 46117K, committed 46208K, reserved 1089536K
[2020-09-08T10:06:55.759-0300][gc,heap        ] GC(412)   class space    used 4724K, capacity 6015K, committed 6016K, reserved 1048576K
[2020-09-08T10:06:55.759-0300][gc             ] GC(412) Pause Young (Concurrent Start) (G1 Evacuation Pause) 88M->50M(107M) 23.088ms
[2020-09-08T10:06:55.760-0300][gc,cpu         ] GC(412) User=0.06s Sys=0.00s Real=0.02s
[2020-09-08T10:06:55.760-0300][gc             ] GC(413) Concurrent Cycle
[2020-09-08T10:06:55.760-0300][gc,marking     ] GC(413) Concurrent Clear Claimed Marks
[2020-09-08T10:06:55.761-0300][gc,marking     ] GC(413) Concurrent Clear Claimed Marks 0.659ms
[2020-09-08T10:06:55.761-0300][gc,marking     ] GC(413) Concurrent Scan Root Regions
[2020-09-08T10:06:55.767-0300][gc,marking     ] GC(413) Concurrent Scan Root Regions 6.503ms
[2020-09-08T10:06:55.768-0300][gc,marking     ] GC(413) Concurrent Mark (1873.241s)
[2020-09-08T10:06:55.768-0300][gc,marking     ] GC(413) Concurrent Mark From Roots
[2020-09-08T10:06:55.768-0300][gc,task        ] GC(413) Using 1 workers of 1 for marking
[2020-09-08T10:06:56.073-0300][gc,marking     ] GC(413) Concurrent Mark From Roots 304.871ms
[2020-09-08T10:06:56.073-0300][gc,marking     ] GC(413) Concurrent Preclean
[2020-09-08T10:06:56.073-0300][gc,marking     ] GC(413) Concurrent Preclean 0.559ms
[2020-09-08T10:06:56.073-0300][gc,marking     ] GC(413) Concurrent Mark (1873.241s, 1873.547s) 305.720ms
[2020-09-08T10:06:56.075-0300][gc,start       ] GC(413) Pause Remark
[2020-09-08T10:06:56.110-0300][gc,stringtable ] GC(413) Cleaned string and symbol table, strings: 23785 processed, 0 removed, symbols: 95119 processed, 0 removed
[2020-09-08T10:06:56.111-0300][gc             ] GC(413) Pause Remark 51M->51M(107M) 35.498ms
[2020-09-08T10:06:56.111-0300][gc,cpu         ] GC(413) User=0.11s Sys=0.01s Real=0.04s
[2020-09-08T10:06:56.112-0300][gc,marking     ] GC(413) Concurrent Rebuild Remembered Sets
[2020-09-08T10:06:56.288-0300][gc,marking     ] GC(413) Concurrent Rebuild Remembered Sets 175.949ms
[2020-09-08T10:06:56.289-0300][gc,start       ] GC(413) Pause Cleanup
[2020-09-08T10:06:56.290-0300][gc             ] GC(413) Pause Cleanup 51M->51M(107M) 0.499ms
[2020-09-08T10:06:56.290-0300][gc,cpu         ] GC(413) User=0.00s Sys=0.00s Real=0.00s
[2020-09-08T10:06:56.290-0300][gc,marking     ] GC(413) Concurrent Cleanup for Next Mark
[2020-09-08T10:06:56.292-0300][gc,marking     ] GC(413) Concurrent Cleanup for Next Mark 1.400ms
[2020-09-08T10:06:56.292-0300][gc             ] GC(413) Concurrent Cycle 531.961ms
[2020-09-08T10:07:05.494-0300][gc,heap        ] GC(414) Heap before GC invocations=414 (full 1): garbage-first heap   total 109568K, used 88670K [0x0000000083000000, 0x0000000100000000)
[2020-09-08T10:07:05.494-0300][gc,heap        ] GC(414)   region size 1024K, 39 young (39936K), 2 survivors (2048K)
[2020-09-08T10:07:05.494-0300][gc,heap        ] GC(414)  Metaspace       used 42717K, capacity 46117K, committed 46208K, reserved 1089536K
[2020-09-08T10:07:05.494-0300][gc,heap        ] GC(414)   class space    used 4724K, capacity 6015K, committed 6016K, reserved 1048576K
[2020-09-08T10:07:05.494-0300][gc,start       ] GC(414) Pause Young (Prepare Mixed) (G1 Evacuation Pause)
[2020-09-08T10:07:05.494-0300][gc,task        ] GC(414) Using 4 workers of 4 for evacuation
[2020-09-08T10:07:05.513-0300][gc,phases      ] GC(414)   Pre Evacuate Collection Set: 0.0ms
[2020-09-08T10:07:05.513-0300][gc,phases      ] GC(414)   Evacuate Collection Set: 13.4ms
[2020-09-08T10:07:05.513-0300][gc,phases      ] GC(414)   Post Evacuate Collection Set: 4.0ms
[2020-09-08T10:07:05.513-0300][gc,phases      ] GC(414)   Other: 1.6ms
[2020-09-08T10:07:05.513-0300][gc,heap        ] GC(414) Eden regions: 37->0(2)
[2020-09-08T10:07:05.513-0300][gc,heap        ] GC(414) Survivor regions: 2->3(5)
[2020-09-08T10:07:05.513-0300][gc,heap        ] GC(414) Old regions: 48->48
[2020-09-08T10:07:05.513-0300][gc,heap        ] GC(414) Humongous regions: 4->4
[2020-09-08T10:07:05.513-0300][gc,metaspace   ] GC(414) Metaspace: 42717K->42717K(1089536K)
[2020-09-08T10:07:05.513-0300][gc,heap        ] GC(414) Heap after GC invocations=415 (full 1): garbage-first heap   total 109568K, used 52895K [0x0000000083000000, 0x0000000100000000)
[2020-09-08T10:07:05.513-0300][gc,heap        ] GC(414)   region size 1024K, 3 young (3072K), 3 survivors (3072K)
[2020-09-08T10:07:05.514-0300][gc,heap        ] GC(414)  Metaspace       used 42717K, capacity 46117K, committed 46208K, reserved 1089536K
[2020-09-08T10:07:05.514-0300][gc,heap        ] GC(414)   class space    used 4724K, capacity 6015K, committed 6016K, reserved 1048576K
[2020-09-08T10:07:05.514-0300][gc             ] GC(414) Pause Young (Prepare Mixed) (G1 Evacuation Pause) 87M->51M(107M) 19.214ms
[2020-09-08T10:07:05.514-0300][gc,cpu         ] GC(414) User=0.06s Sys=0.00s Real=0.02s
[2020-09-08T10:07:05.539-0300][gc,heap        ] GC(415) Heap before GC invocations=415 (full 1): garbage-first heap   total 109568K, used 54943K [0x0000000083000000, 0x0000000100000000)
[2020-09-08T10:07:05.539-0300][gc,heap        ] GC(415)   region size 1024K, 5 young (5120K), 3 survivors (3072K)
[2020-09-08T10:07:05.539-0300][gc,heap        ] GC(415)  Metaspace       used 42717K, capacity 46117K, committed 46208K, reserved 1089536K
[2020-09-08T10:07:05.539-0300][gc,heap        ] GC(415)   class space    used 4724K, capacity 6015K, committed 6016K, reserved 1048576K
[2020-09-08T10:07:05.540-0300][gc,start       ] GC(415) Pause Young (Mixed) (G1 Evacuation Pause)
[2020-09-08T10:07:05.540-0300][gc,task        ] GC(415) Using 4 workers of 4 for evacuation
[2020-09-08T10:07:05.563-0300][gc,phases      ] GC(415)   Pre Evacuate Collection Set: 0.1ms
[2020-09-08T10:07:05.563-0300][gc,phases      ] GC(415)   Evacuate Collection Set: 21.1ms
[2020-09-08T10:07:05.563-0300][gc,phases      ] GC(415)   Post Evacuate Collection Set: 0.9ms
[2020-09-08T10:07:05.563-0300][gc,phases      ] GC(415)   Other: 2.1ms
[2020-09-08T10:07:05.563-0300][gc,heap        ] GC(415) Eden regions: 2->0(37)
[2020-09-08T10:07:05.563-0300][gc,heap        ] GC(415) Survivor regions: 3->1(1)
[2020-09-08T10:07:05.563-0300][gc,heap        ] GC(415) Old regions: 48->49
[2020-09-08T10:07:05.563-0300][gc,heap        ] GC(415) Humongous regions: 4->4
[2020-09-08T10:07:05.563-0300][gc,metaspace   ] GC(415) Metaspace: 42717K->42717K(1089536K)
[2020-09-08T10:07:05.563-0300][gc,heap        ] GC(415) Heap after GC invocations=416 (full 1): garbage-first heap   total 109568K, used 51787K [0x0000000083000000, 0x0000000100000000)
[2020-09-08T10:07:05.564-0300][gc,heap        ] GC(415)   region size 1024K, 1 young (1024K), 1 survivors (1024K)
[2020-09-08T10:07:05.564-0300][gc,heap        ] GC(415)  Metaspace       used 42717K, capacity 46117K, committed 46208K, reserved 1089536K
[2020-09-08T10:07:05.564-0300][gc,heap        ] GC(415)   class space    used 4724K, capacity 6015K, committed 6016K, reserved 1048576K
[2020-09-08T10:07:05.564-0300][gc             ] GC(415) Pause Young (Mixed) (G1 Evacuation Pause) 53M->50M(107M) 24.458ms
[2020-09-08T10:07:05.564-0300][gc,cpu         ] GC(415) User=0.08s Sys=0.01s Real=0.03s
[2020-09-08T10:07:11.576-0300][gc,heap        ] GC(416) Heap before GC invocations=416 (full 1): garbage-first heap   total 109568K, used 88651K [0x0000000083000000, 0x0000000100000000)
[2020-09-08T10:07:11.576-0300][gc,heap        ] GC(416)   region size 1024K, 38 young (38912K), 1 survivors (1024K)
[2020-09-08T10:07:11.576-0300][gc,heap        ] GC(416)  Metaspace       used 42717K, capacity 46117K, committed 46208K, reserved 1089536K
[2020-09-08T10:07:11.576-0300][gc,heap        ] GC(416)   class space    used 4724K, capacity 6015K, committed 6016K, reserved 1048576K
[2020-09-08T10:07:11.577-0300][gc,start       ] GC(416) Pause Young (Concurrent Start) (G1 Evacuation Pause)
[2020-09-08T10:07:11.577-0300][gc,task        ] GC(416) Using 4 workers of 4 for evacuation
[2020-09-08T10:07:11.589-0300][gc,phases      ] GC(416)   Pre Evacuate Collection Set: 0.3ms
[2020-09-08T10:07:11.589-0300][gc,phases      ] GC(416)   Evacuate Collection Set: 9.2ms
[2020-09-08T10:07:11.589-0300][gc,phases      ] GC(416)   Post Evacuate Collection Set: 1.8ms
[2020-09-08T10:07:11.589-0300][gc,phases      ] GC(416)   Other: 1.6ms
[2020-09-08T10:07:11.589-0300][gc,heap        ] GC(416) Eden regions: 37->0(37)
[2020-09-08T10:07:11.589-0300][gc,heap        ] GC(416) Survivor regions: 1->1(5)
[2020-09-08T10:07:11.589-0300][gc,heap        ] GC(416) Old regions: 49->49
[2020-09-08T10:07:11.589-0300][gc,heap        ] GC(416) Humongous regions: 4->4
[2020-09-08T10:07:11.590-0300][gc,metaspace   ] GC(416) Metaspace: 42717K->42717K(1089536K)
[2020-09-08T10:07:11.590-0300][gc,heap        ] GC(416) Heap after GC invocations=417 (full 1): garbage-first heap   total 109568K, used 52142K [0x0000000083000000, 0x0000000100000000)
[2020-09-08T10:07:11.590-0300][gc,heap        ] GC(416)   region size 1024K, 1 young (1024K), 1 survivors (1024K)
[2020-09-08T10:07:11.590-0300][gc,heap        ] GC(416)  Metaspace       used 42717K, capacity 46117K, committed 46208K, reserved 1089536K
[2020-09-08T10:07:11.590-0300][gc,heap        ] GC(416)   class space    used 4724K, capacity 6015K, committed 6016K, reserved 1048576K
[2020-09-08T10:07:11.590-0300][gc             ] GC(416) Pause Young (Concurrent Start) (G1 Evacuation Pause) 87M->50M(107M) 13.274ms
[2020-09-08T10:07:11.590-0300][gc,cpu         ] GC(416) User=0.04s Sys=0.01s Real=0.01s
[2020-09-08T10:07:11.590-0300][gc             ] GC(417) Concurrent Cycle
[2020-09-08T10:07:11.590-0300][gc,marking     ] GC(417) Concurrent Clear Claimed Marks
[2020-09-08T10:07:11.591-0300][gc,marking     ] GC(417) Concurrent Clear Claimed Marks 0.741ms
[2020-09-08T10:07:11.592-0300][gc,marking     ] GC(417) Concurrent Scan Root Regions
[2020-09-08T10:07:11.595-0300][gc,marking     ] GC(417) Concurrent Scan Root Regions 2.641ms
[2020-09-08T10:07:11.595-0300][gc,marking     ] GC(417) Concurrent Mark (1889.069s)
[2020-09-08T10:07:11.595-0300][gc,marking     ] GC(417) Concurrent Mark From Roots
[2020-09-08T10:07:11.595-0300][gc,task        ] GC(417) Using 1 workers of 1 for marking
[2020-09-08T10:07:11.910-0300][gc,marking     ] GC(417) Concurrent Mark From Roots 315.063ms
[2020-09-08T10:07:11.910-0300][gc,marking     ] GC(417) Concurrent Preclean
[2020-09-08T10:07:11.911-0300][gc,marking     ] GC(417) Concurrent Preclean 0.393ms
[2020-09-08T10:07:11.911-0300][gc,marking     ] GC(417) Concurrent Mark (1889.069s, 1889.384s) 315.802ms
[2020-09-08T10:07:11.913-0300][gc,start       ] GC(417) Pause Remark
[2020-09-08T10:07:11.946-0300][gc,stringtable ] GC(417) Cleaned string and symbol table, strings: 23785 processed, 0 removed, symbols: 95119 processed, 0 removed
[2020-09-08T10:07:11.947-0300][gc             ] GC(417) Pause Remark 52M->52M(107M) 34.250ms
[2020-09-08T10:07:11.947-0300][gc,cpu         ] GC(417) User=0.12s Sys=0.01s Real=0.03s
[2020-09-08T10:07:11.948-0300][gc,marking     ] GC(417) Concurrent Rebuild Remembered Sets
[2020-09-08T10:07:12.152-0300][gc,marking     ] GC(417) Concurrent Rebuild Remembered Sets 203.959ms
[2020-09-08T10:07:12.154-0300][gc,start       ] GC(417) Pause Cleanup
[2020-09-08T10:07:12.154-0300][gc             ] GC(417) Pause Cleanup 52M->52M(107M) 0.491ms
[2020-09-08T10:07:12.154-0300][gc,cpu         ] GC(417) User=0.01s Sys=0.00s Real=0.00s
[2020-09-08T10:07:12.155-0300][gc,marking     ] GC(417) Concurrent Cleanup for Next Mark
[2020-09-08T10:07:12.156-0300][gc,marking     ] GC(417) Concurrent Cleanup for Next Mark 1.279ms
[2020-09-08T10:07:12.156-0300][gc             ] GC(417) Concurrent Cycle 565.928ms
[2020-09-08T10:07:18.649-0300][gc,heap        ] GC(418) Heap before GC invocations=418 (full 1): garbage-first heap   total 109568K, used 89006K [0x0000000083000000, 0x0000000100000000)
[2020-09-08T10:07:18.649-0300][gc,heap        ] GC(418)   region size 1024K, 38 young (38912K), 1 survivors (1024K)
[2020-09-08T10:07:18.649-0300][gc,heap        ] GC(418)  Metaspace       used 42717K, capacity 46117K, committed 46208K, reserved 1089536K
[2020-09-08T10:07:18.649-0300][gc,heap        ] GC(418)   class space    used 4724K, capacity 6015K, committed 6016K, reserved 1048576K
[2020-09-08T10:07:18.650-0300][gc,start       ] GC(418) Pause Young (Prepare Mixed) (G1 Evacuation Pause)
[2020-09-08T10:07:18.650-0300][gc,task        ] GC(418) Using 4 workers of 4 for evacuation
[2020-09-08T10:07:18.664-0300][gc,phases      ] GC(418)   Pre Evacuate Collection Set: 0.1ms
[2020-09-08T10:07:18.664-0300][gc,phases      ] GC(418)   Evacuate Collection Set: 10.1ms
[2020-09-08T10:07:18.664-0300][gc,phases      ] GC(418)   Post Evacuate Collection Set: 2.6ms
[2020-09-08T10:07:18.664-0300][gc,phases      ] GC(418)   Other: 1.6ms
[2020-09-08T10:07:18.664-0300][gc,heap        ] GC(418) Eden regions: 37->0(4)
[2020-09-08T10:07:18.664-0300][gc,heap        ] GC(418) Survivor regions: 1->1(5)
[2020-09-08T10:07:18.664-0300][gc,heap        ] GC(418) Old regions: 49->49
[2020-09-08T10:07:18.664-0300][gc,heap        ] GC(418) Humongous regions: 4->4
[2020-09-08T10:07:18.664-0300][gc,metaspace   ] GC(418) Metaspace: 42717K->42717K(1089536K)
[2020-09-08T10:07:18.664-0300][gc,heap        ] GC(418) Heap after GC invocations=419 (full 1): garbage-first heap   total 109568K, used 52412K [0x0000000083000000, 0x0000000100000000)
[2020-09-08T10:07:18.664-0300][gc,heap        ] GC(418)   region size 1024K, 1 young (1024K), 1 survivors (1024K)
[2020-09-08T10:07:18.664-0300][gc,heap        ] GC(418)  Metaspace       used 42717K, capacity 46117K, committed 46208K, reserved 1089536K
[2020-09-08T10:07:18.664-0300][gc,heap        ] GC(418)   class space    used 4724K, capacity 6015K, committed 6016K, reserved 1048576K
[2020-09-08T10:07:18.664-0300][gc             ] GC(418) Pause Young (Prepare Mixed) (G1 Evacuation Pause) 87M->51M(107M) 14.780ms
[2020-09-08T10:07:18.665-0300][gc,cpu         ] GC(418) User=0.03s Sys=0.02s Real=0.02s
[2020-09-08T10:07:18.821-0300][gc,heap        ] GC(419) Heap before GC invocations=419 (full 1): garbage-first heap   total 109568K, used 55484K [0x0000000083000000, 0x0000000100000000)
[2020-09-08T10:07:18.821-0300][gc,heap        ] GC(419)   region size 1024K, 5 young (5120K), 1 survivors (1024K)
[2020-09-08T10:07:18.821-0300][gc,heap        ] GC(419)  Metaspace       used 42717K, capacity 46117K, committed 46208K, reserved 1089536K
[2020-09-08T10:07:18.821-0300][gc,heap        ] GC(419)   class space    used 4724K, capacity 6015K, committed 6016K, reserved 1048576K
[2020-09-08T10:07:18.821-0300][gc,start       ] GC(419) Pause Young (Mixed) (G1 Evacuation Pause)
[2020-09-08T10:07:18.821-0300][gc,task        ] GC(419) Using 4 workers of 4 for evacuation
[2020-09-08T10:07:18.833-0300][gc,phases      ] GC(419)   Pre Evacuate Collection Set: 0.1ms
[2020-09-08T10:07:18.834-0300][gc,phases      ] GC(419)   Evacuate Collection Set: 9.7ms
[2020-09-08T10:07:18.834-0300][gc,phases      ] GC(419)   Post Evacuate Collection Set: 1.5ms
[2020-09-08T10:07:18.834-0300][gc,phases      ] GC(419)   Other: 1.6ms
[2020-09-08T10:07:18.834-0300][gc,heap        ] GC(419) Eden regions: 4->0(37)
[2020-09-08T10:07:18.834-0300][gc,heap        ] GC(419) Survivor regions: 1->1(1)
[2020-09-08T10:07:18.834-0300][gc,heap        ] GC(419) Old regions: 49->49
[2020-09-08T10:07:18.834-0300][gc,heap        ] GC(419) Humongous regions: 4->4
[2020-09-08T10:07:18.834-0300][gc,metaspace   ] GC(419) Metaspace: 42717K->42717K(1089536K)
[2020-09-08T10:07:18.834-0300][gc,heap        ] GC(419) Heap after GC invocations=420 (full 1): garbage-first heap   total 109568K, used 51893K [0x0000000083000000, 0x0000000100000000)
[2020-09-08T10:07:18.834-0300][gc,heap        ] GC(419)   region size 1024K, 1 young (1024K), 1 survivors (1024K)
[2020-09-08T10:07:18.834-0300][gc,heap        ] GC(419)  Metaspace       used 42717K, capacity 46117K, committed 46208K, reserved 1089536K
[2020-09-08T10:07:18.834-0300][gc,heap        ] GC(419)   class space    used 4724K, capacity 6015K, committed 6016K, reserved 1048576K
[2020-09-08T10:07:18.834-0300][gc             ] GC(419) Pause Young (Mixed) (G1 Evacuation Pause) 55M->50M(107M) 13.040ms
[2020-09-08T10:07:18.834-0300][gc,cpu         ] GC(419) User=0.04s Sys=0.00s Real=0.01s
[2020-09-08T10:07:28.544-0300][gc,heap        ] GC(420) Heap before GC invocations=420 (full 1): garbage-first heap   total 109568K, used 88757K [0x0000000083000000, 0x0000000100000000)
[2020-09-08T10:07:28.544-0300][gc,heap        ] GC(420)   region size 1024K, 38 young (38912K), 1 survivors (1024K)
[2020-09-08T10:07:28.544-0300][gc,heap        ] GC(420)  Metaspace       used 42717K, capacity 46117K, committed 46208K, reserved 1089536K
[2020-09-08T10:07:28.544-0300][gc,heap        ] GC(420)   class space    used 4724K, capacity 6015K, committed 6016K, reserved 1048576K
[2020-09-08T10:07:28.544-0300][gc,start       ] GC(420) Pause Young (Concurrent Start) (G1 Evacuation Pause)
[2020-09-08T10:07:28.544-0300][gc,task        ] GC(420) Using 4 workers of 4 for evacuation
[2020-09-08T10:07:28.557-0300][gc,phases      ] GC(420)   Pre Evacuate Collection Set: 0.3ms
[2020-09-08T10:07:28.557-0300][gc,phases      ] GC(420)   Evacuate Collection Set: 9.4ms
[2020-09-08T10:07:28.557-0300][gc,phases      ] GC(420)   Post Evacuate Collection Set: 2.1ms
[2020-09-08T10:07:28.558-0300][gc,phases      ] GC(420)   Other: 2.0ms
[2020-09-08T10:07:28.558-0300][gc,heap        ] GC(420) Eden regions: 37->0(37)
[2020-09-08T10:07:28.558-0300][gc,heap        ] GC(420) Survivor regions: 1->1(5)
[2020-09-08T10:07:28.558-0300][gc,heap        ] GC(420) Old regions: 49->49
[2020-09-08T10:07:28.558-0300][gc,heap        ] GC(420) Humongous regions: 4->4
[2020-09-08T10:07:28.558-0300][gc,metaspace   ] GC(420) Metaspace: 42717K->42717K(1089536K)
[2020-09-08T10:07:28.558-0300][gc,heap        ] GC(420) Heap after GC invocations=421 (full 1): garbage-first heap   total 109568K, used 52179K [0x0000000083000000, 0x0000000100000000)
[2020-09-08T10:07:28.558-0300][gc,heap        ] GC(420)   region size 1024K, 1 young (1024K), 1 survivors (1024K)
[2020-09-08T10:07:28.558-0300][gc,heap        ] GC(420)  Metaspace       used 42717K, capacity 46117K, committed 46208K, reserved 1089536K
[2020-09-08T10:07:28.558-0300][gc,heap        ] GC(420)   class space    used 4724K, capacity 6015K, committed 6016K, reserved 1048576K
[2020-09-08T10:07:28.558-0300][gc             ] GC(420) Pause Young (Concurrent Start) (G1 Evacuation Pause) 87M->50M(107M) 13.806ms
[2020-09-08T10:07:28.558-0300][gc,cpu         ] GC(420) User=0.04s Sys=0.00s Real=0.01s
[2020-09-08T10:07:28.558-0300][gc             ] GC(421) Concurrent Cycle
[2020-09-08T10:07:28.559-0300][gc,marking     ] GC(421) Concurrent Clear Claimed Marks
[2020-09-08T10:07:28.559-0300][gc,marking     ] GC(421) Concurrent Clear Claimed Marks 0.566ms
[2020-09-08T10:07:28.560-0300][gc,marking     ] GC(421) Concurrent Scan Root Regions
[2020-09-08T10:07:28.564-0300][gc,marking     ] GC(421) Concurrent Scan Root Regions 4.293ms
[2020-09-08T10:07:28.564-0300][gc,marking     ] GC(421) Concurrent Mark (1906.038s)
[2020-09-08T10:07:28.564-0300][gc,marking     ] GC(421) Concurrent Mark From Roots
[2020-09-08T10:07:28.564-0300][gc,task        ] GC(421) Using 1 workers of 1 for marking
[2020-09-08T10:07:28.903-0300][gc,marking     ] GC(421) Concurrent Mark From Roots 339.414ms
[2020-09-08T10:07:28.904-0300][gc,marking     ] GC(421) Concurrent Preclean
[2020-09-08T10:07:28.904-0300][gc,marking     ] GC(421) Concurrent Preclean 0.385ms
[2020-09-08T10:07:28.904-0300][gc,marking     ] GC(421) Concurrent Mark (1906.038s, 1906.378s) 340.044ms
[2020-09-08T10:07:28.906-0300][gc,start       ] GC(421) Pause Remark
[2020-09-08T10:07:28.940-0300][gc,stringtable ] GC(421) Cleaned string and symbol table, strings: 23786 processed, 0 removed, symbols: 95119 processed, 0 removed
[2020-09-08T10:07:28.941-0300][gc             ] GC(421) Pause Remark 52M->52M(107M) 34.740ms
[2020-09-08T10:07:28.941-0300][gc,cpu         ] GC(421) User=0.12s Sys=0.01s Real=0.04s
[2020-09-08T10:07:28.941-0300][gc,marking     ] GC(421) Concurrent Rebuild Remembered Sets
[2020-09-08T10:07:29.126-0300][gc,marking     ] GC(421) Concurrent Rebuild Remembered Sets 184.673ms
[2020-09-08T10:07:29.128-0300][gc,start       ] GC(421) Pause Cleanup
[2020-09-08T10:07:29.129-0300][gc             ] GC(421) Pause Cleanup 53M->53M(107M) 0.504ms
[2020-09-08T10:07:29.129-0300][gc,cpu         ] GC(421) User=0.00s Sys=0.00s Real=0.00s
[2020-09-08T10:07:29.130-0300][gc,marking     ] GC(421) Concurrent Cleanup for Next Mark
[2020-09-08T10:07:29.131-0300][gc,marking     ] GC(421) Concurrent Cleanup for Next Mark 1.184ms
[2020-09-08T10:07:29.131-0300][gc             ] GC(421) Concurrent Cycle 572.390ms
[2020-09-08T10:07:38.258-0300][gc,heap        ] GC(422) Heap before GC invocations=422 (full 1): garbage-first heap   total 109568K, used 89043K [0x0000000083000000, 0x0000000100000000)
[2020-09-08T10:07:38.258-0300][gc,heap        ] GC(422)   region size 1024K, 38 young (38912K), 1 survivors (1024K)
[2020-09-08T10:07:38.258-0300][gc,heap        ] GC(422)  Metaspace       used 42717K, capacity 46117K, committed 46208K, reserved 1089536K
[2020-09-08T10:07:38.258-0300][gc,heap        ] GC(422)   class space    used 4724K, capacity 6015K, committed 6016K, reserved 1048576K
[2020-09-08T10:07:38.259-0300][gc,start       ] GC(422) Pause Young (Prepare Mixed) (G1 Evacuation Pause)
[2020-09-08T10:07:38.259-0300][gc,task        ] GC(422) Using 4 workers of 4 for evacuation
[2020-09-08T10:07:38.271-0300][gc,phases      ] GC(422)   Pre Evacuate Collection Set: 0.1ms
[2020-09-08T10:07:38.271-0300][gc,phases      ] GC(422)   Evacuate Collection Set: 8.9ms
[2020-09-08T10:07:38.271-0300][gc,phases      ] GC(422)   Post Evacuate Collection Set: 1.9ms
[2020-09-08T10:07:38.271-0300][gc,phases      ] GC(422)   Other: 1.5ms
[2020-09-08T10:07:38.271-0300][gc,heap        ] GC(422) Eden regions: 37->0(3)
[2020-09-08T10:07:38.271-0300][gc,heap        ] GC(422) Survivor regions: 1->2(5)
[2020-09-08T10:07:38.271-0300][gc,heap        ] GC(422) Old regions: 49->49
[2020-09-08T10:07:38.271-0300][gc,heap        ] GC(422) Humongous regions: 4->4
[2020-09-08T10:07:38.271-0300][gc,metaspace   ] GC(422) Metaspace: 42717K->42717K(1089536K)
[2020-09-08T10:07:38.271-0300][gc,heap        ] GC(422) Heap after GC invocations=423 (full 1): garbage-first heap   total 109568K, used 52427K [0x0000000083000000, 0x0000000100000000)
[2020-09-08T10:07:38.271-0300][gc,heap        ] GC(422)   region size 1024K, 2 young (2048K), 2 survivors (2048K)
[2020-09-08T10:07:38.271-0300][gc,heap        ] GC(422)  Metaspace       used 42717K, capacity 46117K, committed 46208K, reserved 1089536K
[2020-09-08T10:07:38.271-0300][gc,heap        ] GC(422)   class space    used 4724K, capacity 6015K, committed 6016K, reserved 1048576K
[2020-09-08T10:07:38.272-0300][gc             ] GC(422) Pause Young (Prepare Mixed) (G1 Evacuation Pause) 87M->51M(107M) 12.915ms
[2020-09-08T10:07:38.272-0300][gc,cpu         ] GC(422) User=0.03s Sys=0.00s Real=0.02s
[2020-09-08T10:07:38.815-0300][gc,heap        ] GC(423) Heap before GC invocations=423 (full 1): garbage-first heap   total 109568K, used 54475K [0x0000000083000000, 0x0000000100000000)
[2020-09-08T10:07:38.815-0300][gc,heap        ] GC(423)   region size 1024K, 5 young (5120K), 2 survivors (2048K)
[2020-09-08T10:07:38.815-0300][gc,heap        ] GC(423)  Metaspace       used 42717K, capacity 46117K, committed 46208K, reserved 1089536K
[2020-09-08T10:07:38.815-0300][gc,heap        ] GC(423)   class space    used 4724K, capacity 6015K, committed 6016K, reserved 1048576K
[2020-09-08T10:07:38.815-0300][gc,start       ] GC(423) Pause Young (Mixed) (G1 Evacuation Pause)
[2020-09-08T10:07:38.815-0300][gc,task        ] GC(423) Using 4 workers of 4 for evacuation
[2020-09-08T10:07:38.833-0300][gc,phases      ] GC(423)   Pre Evacuate Collection Set: 0.1ms
[2020-09-08T10:07:38.833-0300][gc,phases      ] GC(423)   Evacuate Collection Set: 15.0ms
[2020-09-08T10:07:38.833-0300][gc,phases      ] GC(423)   Post Evacuate Collection Set: 2.4ms
[2020-09-08T10:07:38.834-0300][gc,phases      ] GC(423)   Other: 1.4ms
[2020-09-08T10:07:38.834-0300][gc,heap        ] GC(423) Eden regions: 3->0(38)
[2020-09-08T10:07:38.834-0300][gc,heap        ] GC(423) Survivor regions: 2->1(1)
[2020-09-08T10:07:38.834-0300][gc,heap        ] GC(423) Old regions: 49->48
[2020-09-08T10:07:38.834-0300][gc,heap        ] GC(423) Humongous regions: 4->4
[2020-09-08T10:07:38.834-0300][gc,metaspace   ] GC(423) Metaspace: 42717K->42717K(1089536K)
[2020-09-08T10:07:38.834-0300][gc,heap        ] GC(423) Heap after GC invocations=424 (full 1): garbage-first heap   total 109568K, used 51467K [0x0000000083000000, 0x0000000100000000)
[2020-09-08T10:07:38.834-0300][gc,heap        ] GC(423)   region size 1024K, 1 young (1024K), 1 survivors (1024K)
[2020-09-08T10:07:38.834-0300][gc,heap        ] GC(423)  Metaspace       used 42717K, capacity 46117K, committed 46208K, reserved 1089536K
[2020-09-08T10:07:38.834-0300][gc,heap        ] GC(423)   class space    used 4724K, capacity 6015K, committed 6016K, reserved 1048576K
[2020-09-08T10:07:38.834-0300][gc             ] GC(423) Pause Young (Mixed) (G1 Evacuation Pause) 54M->50M(107M) 19.400ms
[2020-09-08T10:07:38.835-0300][gc,cpu         ] GC(423) User=0.05s Sys=0.01s Real=0.02s
[2020-09-08T10:07:44.880-0300][gc,heap        ] GC(424) Heap before GC invocations=424 (full 1): garbage-first heap   total 109568K, used 89355K [0x0000000083000000, 0x0000000100000000)
[2020-09-08T10:07:44.880-0300][gc,heap        ] GC(424)   region size 1024K, 39 young (39936K), 1 survivors (1024K)
[2020-09-08T10:07:44.880-0300][gc,heap        ] GC(424)  Metaspace       used 42717K, capacity 46117K, committed 46208K, reserved 1089536K
[2020-09-08T10:07:44.880-0300][gc,heap        ] GC(424)   class space    used 4724K, capacity 6015K, committed 6016K, reserved 1048576K
[2020-09-08T10:07:44.880-0300][gc,start       ] GC(424) Pause Young (Concurrent Start) (G1 Evacuation Pause)
[2020-09-08T10:07:44.880-0300][gc,task        ] GC(424) Using 4 workers of 4 for evacuation
[2020-09-08T10:07:44.897-0300][gc,phases      ] GC(424)   Pre Evacuate Collection Set: 1.3ms
[2020-09-08T10:07:44.897-0300][gc,phases      ] GC(424)   Evacuate Collection Set: 12.4ms
[2020-09-08T10:07:44.897-0300][gc,phases      ] GC(424)   Post Evacuate Collection Set: 1.8ms
[2020-09-08T10:07:44.897-0300][gc,phases      ] GC(424)   Other: 2.1ms
[2020-09-08T10:07:44.897-0300][gc,heap        ] GC(424) Eden regions: 38->0(37)
[2020-09-08T10:07:44.897-0300][gc,heap        ] GC(424) Survivor regions: 1->2(5)
[2020-09-08T10:07:44.897-0300][gc,heap        ] GC(424) Old regions: 48->48
[2020-09-08T10:07:44.897-0300][gc,heap        ] GC(424) Humongous regions: 4->4
[2020-09-08T10:07:44.898-0300][gc,metaspace   ] GC(424) Metaspace: 42717K->42717K(1089536K)
[2020-09-08T10:07:44.898-0300][gc,heap        ] GC(424) Heap after GC invocations=425 (full 1): garbage-first heap   total 109568K, used 52053K [0x0000000083000000, 0x0000000100000000)
[2020-09-08T10:07:44.898-0300][gc,heap        ] GC(424)   region size 1024K, 2 young (2048K), 2 survivors (2048K)
[2020-09-08T10:07:44.898-0300][gc,heap        ] GC(424)  Metaspace       used 42717K, capacity 46117K, committed 46208K, reserved 1089536K
[2020-09-08T10:07:44.898-0300][gc,heap        ] GC(424)   class space    used 4724K, capacity 6015K, committed 6016K, reserved 1048576K
[2020-09-08T10:07:44.898-0300][gc             ] GC(424) Pause Young (Concurrent Start) (G1 Evacuation Pause) 88M->50M(107M) 17.889ms
[2020-09-08T10:07:44.898-0300][gc,cpu         ] GC(424) User=0.05s Sys=0.01s Real=0.02s
[2020-09-08T10:07:44.898-0300][gc             ] GC(425) Concurrent Cycle
[2020-09-08T10:07:44.899-0300][gc,marking     ] GC(425) Concurrent Clear Claimed Marks
[2020-09-08T10:07:44.899-0300][gc,marking     ] GC(425) Concurrent Clear Claimed Marks 0.667ms
[2020-09-08T10:07:44.899-0300][gc,marking     ] GC(425) Concurrent Scan Root Regions
[2020-09-08T10:07:44.905-0300][gc,marking     ] GC(425) Concurrent Scan Root Regions 6.069ms
[2020-09-08T10:07:44.906-0300][gc,marking     ] GC(425) Concurrent Mark (1922.379s)
[2020-09-08T10:07:44.906-0300][gc,marking     ] GC(425) Concurrent Mark From Roots
[2020-09-08T10:07:44.906-0300][gc,task        ] GC(425) Using 1 workers of 1 for marking
[2020-09-08T10:07:45.346-0300][gc,marking     ] GC(425) Concurrent Mark From Roots 440.088ms
[2020-09-08T10:07:45.346-0300][gc,marking     ] GC(425) Concurrent Preclean
[2020-09-08T10:07:45.346-0300][gc,marking     ] GC(425) Concurrent Preclean 0.325ms
[2020-09-08T10:07:45.346-0300][gc,marking     ] GC(425) Concurrent Mark (1922.379s, 1922.820s) 440.670ms
[2020-09-08T10:07:45.348-0300][gc,start       ] GC(425) Pause Remark
[2020-09-08T10:07:45.381-0300][gc,stringtable ] GC(425) Cleaned string and symbol table, strings: 23786 processed, 0 removed, symbols: 95119 processed, 0 removed
[2020-09-08T10:07:45.382-0300][gc             ] GC(425) Pause Remark 56M->56M(107M) 33.287ms
[2020-09-08T10:07:45.382-0300][gc,cpu         ] GC(425) User=0.13s Sys=0.00s Real=0.04s
[2020-09-08T10:07:45.383-0300][gc,marking     ] GC(425) Concurrent Rebuild Remembered Sets
[2020-09-08T10:07:45.610-0300][gc,marking     ] GC(425) Concurrent Rebuild Remembered Sets 227.241ms
[2020-09-08T10:07:45.613-0300][gc,start       ] GC(425) Pause Cleanup
[2020-09-08T10:07:45.614-0300][gc             ] GC(425) Pause Cleanup 58M->58M(107M) 0.685ms
[2020-09-08T10:07:45.614-0300][gc,cpu         ] GC(425) User=0.00s Sys=0.00s Real=0.00s
[2020-09-08T10:07:45.615-0300][gc,marking     ] GC(425) Concurrent Cleanup for Next Mark
[2020-09-08T10:07:45.617-0300][gc,marking     ] GC(425) Concurrent Cleanup for Next Mark 1.847ms
[2020-09-08T10:07:45.617-0300][gc             ] GC(425) Concurrent Cycle 718.324ms
[2020-09-08T10:07:48.594-0300][gc,heap        ] GC(426) Heap before GC invocations=426 (full 1): garbage-first heap   total 109568K, used 88917K [0x0000000083000000, 0x0000000100000000)
[2020-09-08T10:07:48.594-0300][gc,heap        ] GC(426)   region size 1024K, 39 young (39936K), 2 survivors (2048K)
[2020-09-08T10:07:48.594-0300][gc,heap        ] GC(426)  Metaspace       used 42718K, capacity 46117K, committed 46208K, reserved 1089536K
[2020-09-08T10:07:48.594-0300][gc,heap        ] GC(426)   class space    used 4724K, capacity 6015K, committed 6016K, reserved 1048576K
[2020-09-08T10:07:48.595-0300][gc,start       ] GC(426) Pause Young (Prepare Mixed) (G1 Evacuation Pause)
[2020-09-08T10:07:48.595-0300][gc,task        ] GC(426) Using 4 workers of 4 for evacuation
[2020-09-08T10:07:48.616-0300][gc,phases      ] GC(426)   Pre Evacuate Collection Set: 0.0ms
[2020-09-08T10:07:48.616-0300][gc,phases      ] GC(426)   Evacuate Collection Set: 18.2ms
[2020-09-08T10:07:48.616-0300][gc,phases      ] GC(426)   Post Evacuate Collection Set: 1.9ms
[2020-09-08T10:07:48.617-0300][gc,phases      ] GC(426)   Other: 1.9ms
[2020-09-08T10:07:48.617-0300][gc,heap        ] GC(426) Eden regions: 37->0(2)
[2020-09-08T10:07:48.617-0300][gc,heap        ] GC(426) Survivor regions: 2->3(5)
[2020-09-08T10:07:48.617-0300][gc,heap        ] GC(426) Old regions: 48->48
[2020-09-08T10:07:48.617-0300][gc,heap        ] GC(426) Humongous regions: 4->4
[2020-09-08T10:07:48.617-0300][gc,metaspace   ] GC(426) Metaspace: 42718K->42718K(1089536K)
[2020-09-08T10:07:48.617-0300][gc,heap        ] GC(426) Heap after GC invocations=427 (full 1): garbage-first heap   total 109568K, used 53595K [0x0000000083000000, 0x0000000100000000)
[2020-09-08T10:07:48.617-0300][gc,heap        ] GC(426)   region size 1024K, 3 young (3072K), 3 survivors (3072K)
[2020-09-08T10:07:48.617-0300][gc,heap        ] GC(426)  Metaspace       used 42718K, capacity 46117K, committed 46208K, reserved 1089536K
[2020-09-08T10:07:48.617-0300][gc,heap        ] GC(426)   class space    used 4724K, capacity 6015K, committed 6016K, reserved 1048576K
[2020-09-08T10:07:48.617-0300][gc             ] GC(426) Pause Young (Prepare Mixed) (G1 Evacuation Pause) 87M->52M(107M) 22.346ms
[2020-09-08T10:07:48.617-0300][gc,cpu         ] GC(426) User=0.07s Sys=0.01s Real=0.02s
[2020-09-08T10:07:48.902-0300][gc,heap        ] GC(427) Heap before GC invocations=427 (full 1): garbage-first heap   total 109568K, used 55643K [0x0000000083000000, 0x0000000100000000)
[2020-09-08T10:07:48.902-0300][gc,heap        ] GC(427)   region size 1024K, 5 young (5120K), 3 survivors (3072K)
[2020-09-08T10:07:48.902-0300][gc,heap        ] GC(427)  Metaspace       used 42718K, capacity 46117K, committed 46208K, reserved 1089536K
[2020-09-08T10:07:48.903-0300][gc,heap        ] GC(427)   class space    used 4724K, capacity 6015K, committed 6016K, reserved 1048576K
[2020-09-08T10:07:48.903-0300][gc,start       ] GC(427) Pause Young (Mixed) (G1 Evacuation Pause)
[2020-09-08T10:07:48.903-0300][gc,task        ] GC(427) Using 4 workers of 4 for evacuation
[2020-09-08T10:07:48.924-0300][gc,phases      ] GC(427)   Pre Evacuate Collection Set: 0.1ms
[2020-09-08T10:07:48.924-0300][gc,phases      ] GC(427)   Evacuate Collection Set: 17.8ms
[2020-09-08T10:07:48.924-0300][gc,phases      ] GC(427)   Post Evacuate Collection Set: 1.7ms
[2020-09-08T10:07:48.924-0300][gc,phases      ] GC(427)   Other: 1.7ms
[2020-09-08T10:07:48.924-0300][gc,heap        ] GC(427) Eden regions: 2->0(36)
[2020-09-08T10:07:48.924-0300][gc,heap        ] GC(427) Survivor regions: 3->1(1)
[2020-09-08T10:07:48.924-0300][gc,heap        ] GC(427) Old regions: 48->50
[2020-09-08T10:07:48.924-0300][gc,heap        ] GC(427) Humongous regions: 4->4
[2020-09-08T10:07:48.924-0300][gc,metaspace   ] GC(427) Metaspace: 42718K->42718K(1089536K)
[2020-09-08T10:07:48.924-0300][gc,heap        ] GC(427) Heap after GC invocations=428 (full 1): garbage-first heap   total 109568K, used 53397K [0x0000000083000000, 0x0000000100000000)
[2020-09-08T10:07:48.924-0300][gc,heap        ] GC(427)   region size 1024K, 1 young (1024K), 1 survivors (1024K)
[2020-09-08T10:07:48.925-0300][gc,heap        ] GC(427)  Metaspace       used 42718K, capacity 46117K, committed 46208K, reserved 1089536K
[2020-09-08T10:07:48.925-0300][gc,heap        ] GC(427)   class space    used 4724K, capacity 6015K, committed 6016K, reserved 1048576K
[2020-09-08T10:07:48.925-0300][gc             ] GC(427) Pause Young (Mixed) (G1 Evacuation Pause) 54M->52M(107M) 21.947ms
[2020-09-08T10:07:48.925-0300][gc,cpu         ] GC(427) User=0.06s Sys=0.01s Real=0.02s
[2020-09-08T10:07:51.984-0300][gc,heap        ] GC(428) Heap before GC invocations=428 (full 1): garbage-first heap   total 109568K, used 89237K [0x0000000083000000, 0x0000000100000000)
[2020-09-08T10:07:51.985-0300][gc,heap        ] GC(428)   region size 1024K, 37 young (37888K), 1 survivors (1024K)
[2020-09-08T10:07:51.985-0300][gc,heap        ] GC(428)  Metaspace       used 42718K, capacity 46117K, committed 46208K, reserved 1089536K
[2020-09-08T10:07:51.985-0300][gc,heap        ] GC(428)   class space    used 4724K, capacity 6015K, committed 6016K, reserved 1048576K
[2020-09-08T10:07:51.985-0300][gc,start       ] GC(428) Pause Young (Concurrent Start) (G1 Evacuation Pause)
[2020-09-08T10:07:51.985-0300][gc,task        ] GC(428) Using 4 workers of 4 for evacuation
[2020-09-08T10:07:52.006-0300][gc,phases      ] GC(428)   Pre Evacuate Collection Set: 0.3ms
[2020-09-08T10:07:52.006-0300][gc,phases      ] GC(428)   Evacuate Collection Set: 16.2ms
[2020-09-08T10:07:52.006-0300][gc,phases      ] GC(428)   Post Evacuate Collection Set: 2.5ms
[2020-09-08T10:07:52.006-0300][gc,phases      ] GC(428)   Other: 2.4ms
[2020-09-08T10:07:52.006-0300][gc,heap        ] GC(428) Eden regions: 36->0(36)
[2020-09-08T10:07:52.006-0300][gc,heap        ] GC(428) Survivor regions: 1->2(5)
[2020-09-08T10:07:52.006-0300][gc,heap        ] GC(428) Old regions: 50->50
[2020-09-08T10:07:52.006-0300][gc,heap        ] GC(428) Humongous regions: 4->4
[2020-09-08T10:07:52.006-0300][gc,metaspace   ] GC(428) Metaspace: 42718K->42718K(1089536K)
[2020-09-08T10:07:52.006-0300][gc,heap        ] GC(428) Heap after GC invocations=429 (full 1): garbage-first heap   total 109568K, used 54345K [0x0000000083000000, 0x0000000100000000)
[2020-09-08T10:07:52.006-0300][gc,heap        ] GC(428)   region size 1024K, 2 young (2048K), 2 survivors (2048K)
[2020-09-08T10:07:52.006-0300][gc,heap        ] GC(428)  Metaspace       used 42718K, capacity 46117K, committed 46208K, reserved 1089536K
[2020-09-08T10:07:52.006-0300][gc,heap        ] GC(428)   class space    used 4724K, capacity 6015K, committed 6016K, reserved 1048576K
[2020-09-08T10:07:52.006-0300][gc             ] GC(428) Pause Young (Concurrent Start) (G1 Evacuation Pause) 88M->53M(107M) 21.364ms
[2020-09-08T10:07:52.007-0300][gc,cpu         ] GC(428) User=0.06s Sys=0.01s Real=0.02s
[2020-09-08T10:07:52.007-0300][gc             ] GC(429) Concurrent Cycle
[2020-09-08T10:07:52.008-0300][gc,marking     ] GC(429) Concurrent Clear Claimed Marks
[2020-09-08T10:07:52.008-0300][gc,marking     ] GC(429) Concurrent Clear Claimed Marks 0.671ms
[2020-09-08T10:07:52.008-0300][gc,marking     ] GC(429) Concurrent Scan Root Regions
[2020-09-08T10:07:52.020-0300][gc,marking     ] GC(429) Concurrent Scan Root Regions 12.035ms
[2020-09-08T10:07:52.021-0300][gc,marking     ] GC(429) Concurrent Mark (1929.495s)
[2020-09-08T10:07:52.021-0300][gc,marking     ] GC(429) Concurrent Mark From Roots
[2020-09-08T10:07:52.021-0300][gc,task        ] GC(429) Using 1 workers of 1 for marking
[2020-09-08T10:07:52.452-0300][gc,marking     ] GC(429) Concurrent Mark From Roots 430.988ms
[2020-09-08T10:07:52.452-0300][gc,marking     ] GC(429) Concurrent Preclean
[2020-09-08T10:07:52.453-0300][gc,marking     ] GC(429) Concurrent Preclean 0.399ms
[2020-09-08T10:07:52.453-0300][gc,marking     ] GC(429) Concurrent Mark (1929.495s, 1929.926s) 431.782ms
[2020-09-08T10:07:52.455-0300][gc,start       ] GC(429) Pause Remark
[2020-09-08T10:07:52.490-0300][gc,stringtable ] GC(429) Cleaned string and symbol table, strings: 23786 processed, 0 removed, symbols: 95119 processed, 0 removed
[2020-09-08T10:07:52.491-0300][gc             ] GC(429) Pause Remark 58M->58M(107M) 35.990ms
[2020-09-08T10:07:52.492-0300][gc,cpu         ] GC(429) User=0.12s Sys=0.00s Real=0.04s
[2020-09-08T10:07:52.492-0300][gc,marking     ] GC(429) Concurrent Rebuild Remembered Sets
[2020-09-08T10:07:52.704-0300][gc,marking     ] GC(429) Concurrent Rebuild Remembered Sets 211.470ms
[2020-09-08T10:07:52.707-0300][gc,start       ] GC(429) Pause Cleanup
[2020-09-08T10:07:52.708-0300][gc             ] GC(429) Pause Cleanup 60M->60M(107M) 0.617ms
[2020-09-08T10:07:52.708-0300][gc,cpu         ] GC(429) User=0.00s Sys=0.00s Real=0.00s
[2020-09-08T10:07:52.709-0300][gc,marking     ] GC(429) Concurrent Cleanup for Next Mark
[2020-09-08T10:07:52.712-0300][gc,marking     ] GC(429) Concurrent Cleanup for Next Mark 3.204ms
[2020-09-08T10:07:52.712-0300][gc             ] GC(429) Concurrent Cycle 704.890ms
[2020-09-08T10:07:57.946-0300][gc,heap        ] GC(430) Heap before GC invocations=430 (full 1): garbage-first heap   total 109568K, used 90185K [0x0000000083000000, 0x0000000100000000)
[2020-09-08T10:07:57.947-0300][gc,heap        ] GC(430)   region size 1024K, 38 young (38912K), 2 survivors (2048K)
[2020-09-08T10:07:57.947-0300][gc,heap        ] GC(430)  Metaspace       used 42718K, capacity 46117K, committed 46208K, reserved 1089536K
[2020-09-08T10:07:57.947-0300][gc,heap        ] GC(430)   class space    used 4724K, capacity 6015K, committed 6016K, reserved 1048576K
[2020-09-08T10:07:57.947-0300][gc,start       ] GC(430) Pause Young (Prepare Mixed) (G1 Evacuation Pause)
[2020-09-08T10:07:57.947-0300][gc,task        ] GC(430) Using 4 workers of 4 for evacuation
[2020-09-08T10:07:57.966-0300][gc,phases      ] GC(430)   Pre Evacuate Collection Set: 0.0ms
[2020-09-08T10:07:57.966-0300][gc,phases      ] GC(430)   Evacuate Collection Set: 14.8ms
[2020-09-08T10:07:57.966-0300][gc,phases      ] GC(430)   Post Evacuate Collection Set: 2.3ms
[2020-09-08T10:07:57.966-0300][gc,phases      ] GC(430)   Other: 2.4ms
[2020-09-08T10:07:57.966-0300][gc,heap        ] GC(430) Eden regions: 36->0(2)
[2020-09-08T10:07:57.966-0300][gc,heap        ] GC(430) Survivor regions: 2->3(5)
[2020-09-08T10:07:57.966-0300][gc,heap        ] GC(430) Old regions: 50->50
[2020-09-08T10:07:57.966-0300][gc,heap        ] GC(430) Humongous regions: 4->4
[2020-09-08T10:07:57.966-0300][gc,metaspace   ] GC(430) Metaspace: 42718K->42718K(1089536K)
[2020-09-08T10:07:57.966-0300][gc,heap        ] GC(430) Heap after GC invocations=431 (full 1): garbage-first heap   total 109568K, used 55324K [0x0000000083000000, 0x0000000100000000)
[2020-09-08T10:07:57.967-0300][gc,heap        ] GC(430)   region size 1024K, 3 young (3072K), 3 survivors (3072K)
[2020-09-08T10:07:57.967-0300][gc,heap        ] GC(430)  Metaspace       used 42718K, capacity 46117K, committed 46208K, reserved 1089536K
[2020-09-08T10:07:57.967-0300][gc,heap        ] GC(430)   class space    used 4724K, capacity 6015K, committed 6016K, reserved 1048576K
[2020-09-08T10:07:57.967-0300][gc             ] GC(430) Pause Young (Prepare Mixed) (G1 Evacuation Pause) 89M->54M(107M) 19.588ms
[2020-09-08T10:07:57.967-0300][gc,cpu         ] GC(430) User=0.05s Sys=0.01s Real=0.02s
[2020-09-08T10:07:58.126-0300][gc,heap        ] GC(431) Heap before GC invocations=431 (full 1): garbage-first heap   total 109568K, used 56348K [0x0000000083000000, 0x0000000100000000)
[2020-09-08T10:07:58.127-0300][gc,heap        ] GC(431)   region size 1024K, 5 young (5120K), 3 survivors (3072K)
[2020-09-08T10:07:58.127-0300][gc,heap        ] GC(431)  Metaspace       used 42718K, capacity 46117K, committed 46208K, reserved 1089536K
[2020-09-08T10:07:58.127-0300][gc,heap        ] GC(431)   class space    used 4724K, capacity 6015K, committed 6016K, reserved 1048576K
[2020-09-08T10:07:58.127-0300][gc,start       ] GC(431) Pause Young (Mixed) (G1 Evacuation Pause)
[2020-09-08T10:07:58.127-0300][gc,task        ] GC(431) Using 4 workers of 4 for evacuation
[2020-09-08T10:07:58.145-0300][gc,phases      ] GC(431)   Pre Evacuate Collection Set: 0.1ms
[2020-09-08T10:07:58.145-0300][gc,phases      ] GC(431)   Evacuate Collection Set: 14.6ms
[2020-09-08T10:07:58.145-0300][gc,phases      ] GC(431)   Post Evacuate Collection Set: 1.7ms
[2020-09-08T10:07:58.145-0300][gc,phases      ] GC(431)   Other: 2.0ms
[2020-09-08T10:07:58.145-0300][gc,heap        ] GC(431) Eden regions: 2->0(35)
[2020-09-08T10:07:58.145-0300][gc,heap        ] GC(431) Survivor regions: 3->1(1)
[2020-09-08T10:07:58.145-0300][gc,heap        ] GC(431) Old regions: 50->52
[2020-09-08T10:07:58.145-0300][gc,heap        ] GC(431) Humongous regions: 4->4
[2020-09-08T10:07:58.145-0300][gc,metaspace   ] GC(431) Metaspace: 42718K->42718K(1089536K)
[2020-09-08T10:07:58.145-0300][gc,heap        ] GC(431) Heap after GC invocations=432 (full 1): garbage-first heap   total 109568K, used 55178K [0x0000000083000000, 0x0000000100000000)
[2020-09-08T10:07:58.145-0300][gc,heap        ] GC(431)   region size 1024K, 1 young (1024K), 1 survivors (1024K)
[2020-09-08T10:07:58.145-0300][gc,heap        ] GC(431)  Metaspace       used 42718K, capacity 46117K, committed 46208K, reserved 1089536K
[2020-09-08T10:07:58.146-0300][gc,heap        ] GC(431)   class space    used 4724K, capacity 6015K, committed 6016K, reserved 1048576K
[2020-09-08T10:07:58.146-0300][gc             ] GC(431) Pause Young (Mixed) (G1 Evacuation Pause) 56M->53M(107M) 18.686ms
[2020-09-08T10:07:58.146-0300][gc,cpu         ] GC(431) User=0.06s Sys=0.00s Real=0.02s
[2020-09-08T10:08:01.003-0300][gc,heap        ] GC(432) Heap before GC invocations=432 (full 1): garbage-first heap   total 109568K, used 89994K [0x0000000083000000, 0x0000000100000000)
[2020-09-08T10:08:01.003-0300][gc,heap        ] GC(432)   region size 1024K, 36 young (36864K), 1 survivors (1024K)
[2020-09-08T10:08:01.003-0300][gc,heap        ] GC(432)  Metaspace       used 42718K, capacity 46117K, committed 46208K, reserved 1089536K
[2020-09-08T10:08:01.003-0300][gc,heap        ] GC(432)   class space    used 4724K, capacity 6015K, committed 6016K, reserved 1048576K
[2020-09-08T10:08:01.003-0300][gc,start       ] GC(432) Pause Young (Concurrent Start) (G1 Evacuation Pause)
[2020-09-08T10:08:01.003-0300][gc,task        ] GC(432) Using 4 workers of 4 for evacuation
[2020-09-08T10:08:01.023-0300][gc,phases      ] GC(432)   Pre Evacuate Collection Set: 0.4ms
[2020-09-08T10:08:01.023-0300][gc,phases      ] GC(432)   Evacuate Collection Set: 14.9ms
[2020-09-08T10:08:01.024-0300][gc,phases      ] GC(432)   Post Evacuate Collection Set: 2.9ms
[2020-09-08T10:08:01.024-0300][gc,phases      ] GC(432)   Other: 2.5ms
[2020-09-08T10:08:01.024-0300][gc,heap        ] GC(432) Eden regions: 35->0(32)
[2020-09-08T10:08:01.024-0300][gc,heap        ] GC(432) Survivor regions: 1->3(5)
[2020-09-08T10:08:01.024-0300][gc,heap        ] GC(432) Old regions: 52->52
[2020-09-08T10:08:01.024-0300][gc,heap        ] GC(432) Humongous regions: 4->4
[2020-09-08T10:08:01.024-0300][gc,metaspace   ] GC(432) Metaspace: 42718K->42718K(1089536K)
[2020-09-08T10:08:01.024-0300][gc,heap        ] GC(432) Heap after GC invocations=433 (full 1): garbage-first heap   total 109568K, used 56996K [0x0000000083000000, 0x0000000100000000)
[2020-09-08T10:08:01.024-0300][gc,heap        ] GC(432)   region size 1024K, 3 young (3072K), 3 survivors (3072K)
[2020-09-08T10:08:01.024-0300][gc,heap        ] GC(432)  Metaspace       used 42718K, capacity 46117K, committed 46208K, reserved 1089536K
[2020-09-08T10:08:01.024-0300][gc,heap        ] GC(432)   class space    used 4724K, capacity 6015K, committed 6016K, reserved 1048576K
[2020-09-08T10:08:01.024-0300][gc             ] GC(432) Pause Young (Concurrent Start) (G1 Evacuation Pause) 88M->55M(107M) 20.728ms
[2020-09-08T10:08:01.024-0300][gc,cpu         ] GC(432) User=0.06s Sys=0.01s Real=0.02s
[2020-09-08T10:08:01.025-0300][gc             ] GC(433) Concurrent Cycle
[2020-09-08T10:08:01.025-0300][gc,marking     ] GC(433) Concurrent Clear Claimed Marks
[2020-09-08T10:08:01.026-0300][gc,marking     ] GC(433) Concurrent Clear Claimed Marks 0.556ms
[2020-09-08T10:08:01.026-0300][gc,marking     ] GC(433) Concurrent Scan Root Regions
[2020-09-08T10:08:01.037-0300][gc,marking     ] GC(433) Concurrent Scan Root Regions 11.051ms
[2020-09-08T10:08:01.037-0300][gc,marking     ] GC(433) Concurrent Mark (1938.511s)
[2020-09-08T10:08:01.037-0300][gc,marking     ] GC(433) Concurrent Mark From Roots
[2020-09-08T10:08:01.037-0300][gc,task        ] GC(433) Using 1 workers of 1 for marking
[2020-09-08T10:08:01.416-0300][gc,marking     ] GC(433) Concurrent Mark From Roots 379.340ms
[2020-09-08T10:08:01.417-0300][gc,marking     ] GC(433) Concurrent Preclean
[2020-09-08T10:08:01.417-0300][gc,marking     ] GC(433) Concurrent Preclean 0.703ms
[2020-09-08T10:08:01.417-0300][gc,marking     ] GC(433) Concurrent Mark (1938.511s, 1938.891s) 380.419ms
[2020-09-08T10:08:01.421-0300][gc,start       ] GC(433) Pause Remark
[2020-09-08T10:08:01.465-0300][gc,stringtable ] GC(433) Cleaned string and symbol table, strings: 23786 processed, 0 removed, symbols: 95119 processed, 0 removed
[2020-09-08T10:08:01.466-0300][gc             ] GC(433) Pause Remark 59M->59M(107M) 44.460ms
[2020-09-08T10:08:01.466-0300][gc,cpu         ] GC(433) User=0.13s Sys=0.01s Real=0.04s
[2020-09-08T10:08:01.467-0300][gc,marking     ] GC(433) Concurrent Rebuild Remembered Sets
[2020-09-08T10:08:01.709-0300][gc,marking     ] GC(433) Concurrent Rebuild Remembered Sets 241.922ms
[2020-09-08T10:08:01.712-0300][gc,start       ] GC(433) Pause Cleanup
[2020-09-08T10:08:01.712-0300][gc             ] GC(433) Pause Cleanup 61M->61M(107M) 0.655ms
[2020-09-08T10:08:01.713-0300][gc,cpu         ] GC(433) User=0.00s Sys=0.00s Real=0.00s
[2020-09-08T10:08:01.713-0300][gc,marking     ] GC(433) Concurrent Cleanup for Next Mark
[2020-09-08T10:08:01.715-0300][gc,marking     ] GC(433) Concurrent Cleanup for Next Mark 1.487ms
[2020-09-08T10:08:01.715-0300][gc             ] GC(433) Concurrent Cycle 690.143ms
[2020-09-08T10:08:08.847-0300][gc,heap        ] GC(434) Heap before GC invocations=434 (full 1): garbage-first heap   total 109568K, used 88740K [0x0000000083000000, 0x0000000100000000)
[2020-09-08T10:08:08.847-0300][gc,heap        ] GC(434)   region size 1024K, 35 young (35840K), 3 survivors (3072K)
[2020-09-08T10:08:08.847-0300][gc,heap        ] GC(434)  Metaspace       used 42718K, capacity 46117K, committed 46208K, reserved 1089536K
[2020-09-08T10:08:08.847-0300][gc,heap        ] GC(434)   class space    used 4724K, capacity 6015K, committed 6016K, reserved 1048576K
[2020-09-08T10:08:08.847-0300][gc,start       ] GC(434) Pause Young (Prepare Mixed) (G1 Evacuation Pause)
[2020-09-08T10:08:08.847-0300][gc,task        ] GC(434) Using 4 workers of 4 for evacuation
[2020-09-08T10:08:08.860-0300][gc,phases      ] GC(434)   Pre Evacuate Collection Set: 0.0ms
[2020-09-08T10:08:08.860-0300][gc,phases      ] GC(434)   Evacuate Collection Set: 9.4ms
[2020-09-08T10:08:08.860-0300][gc,phases      ] GC(434)   Post Evacuate Collection Set: 2.2ms
[2020-09-08T10:08:08.860-0300][gc,phases      ] GC(434)   Other: 2.0ms
[2020-09-08T10:08:08.860-0300][gc,heap        ] GC(434) Eden regions: 32->0(3)
[2020-09-08T10:08:08.861-0300][gc,heap        ] GC(434) Survivor regions: 3->2(5)
[2020-09-08T10:08:08.861-0300][gc,heap        ] GC(434) Old regions: 52->52
[2020-09-08T10:08:08.861-0300][gc,heap        ] GC(434) Humongous regions: 4->4
[2020-09-08T10:08:08.861-0300][gc,metaspace   ] GC(434) Metaspace: 42718K->42718K(1089536K)
[2020-09-08T10:08:08.861-0300][gc,heap        ] GC(434) Heap after GC invocations=435 (full 1): garbage-first heap   total 109568K, used 55890K [0x0000000083000000, 0x0000000100000000)
[2020-09-08T10:08:08.861-0300][gc,heap        ] GC(434)   region size 1024K, 2 young (2048K), 2 survivors (2048K)
[2020-09-08T10:08:08.861-0300][gc,heap        ] GC(434)  Metaspace       used 42718K, capacity 46117K, committed 46208K, reserved 1089536K
[2020-09-08T10:08:08.861-0300][gc,heap        ] GC(434)   class space    used 4724K, capacity 6015K, committed 6016K, reserved 1048576K
[2020-09-08T10:08:08.861-0300][gc             ] GC(434) Pause Young (Prepare Mixed) (G1 Evacuation Pause) 87M->54M(107M) 13.771ms
[2020-09-08T10:08:08.861-0300][gc,cpu         ] GC(434) User=0.04s Sys=0.00s Real=0.02s
[2020-09-08T10:08:09.550-0300][gc,heap        ] GC(435) Heap before GC invocations=435 (full 1): garbage-first heap   total 109568K, used 57938K [0x0000000083000000, 0x0000000100000000)
[2020-09-08T10:08:09.550-0300][gc,heap        ] GC(435)   region size 1024K, 5 young (5120K), 2 survivors (2048K)
[2020-09-08T10:08:09.551-0300][gc,heap        ] GC(435)  Metaspace       used 42718K, capacity 46117K, committed 46208K, reserved 1089536K
[2020-09-08T10:08:09.551-0300][gc,heap        ] GC(435)   class space    used 4724K, capacity 6015K, committed 6016K, reserved 1048576K
[2020-09-08T10:08:09.551-0300][gc,start       ] GC(435) Pause Young (Mixed) (G1 Evacuation Pause)
[2020-09-08T10:08:09.551-0300][gc,task        ] GC(435) Using 4 workers of 4 for evacuation
[2020-09-08T10:08:09.565-0300][gc,phases      ] GC(435)   Pre Evacuate Collection Set: 0.1ms
[2020-09-08T10:08:09.565-0300][gc,phases      ] GC(435)   Evacuate Collection Set: 10.7ms
[2020-09-08T10:08:09.565-0300][gc,phases      ] GC(435)   Post Evacuate Collection Set: 1.6ms
[2020-09-08T10:08:09.565-0300][gc,phases      ] GC(435)   Other: 2.1ms
[2020-09-08T10:08:09.565-0300][gc,heap        ] GC(435) Eden regions: 3->0(35)
[2020-09-08T10:08:09.565-0300][gc,heap        ] GC(435) Survivor regions: 2->1(1)
[2020-09-08T10:08:09.565-0300][gc,heap        ] GC(435) Old regions: 52->52
[2020-09-08T10:08:09.565-0300][gc,heap        ] GC(435) Humongous regions: 4->4
[2020-09-08T10:08:09.565-0300][gc,metaspace   ] GC(435) Metaspace: 42718K->42718K(1089536K)
[2020-09-08T10:08:09.565-0300][gc,heap        ] GC(435) Heap after GC invocations=436 (full 1): garbage-first heap   total 109568K, used 55329K [0x0000000083000000, 0x0000000100000000)
[2020-09-08T10:08:09.565-0300][gc,heap        ] GC(435)   region size 1024K, 1 young (1024K), 1 survivors (1024K)
[2020-09-08T10:08:09.566-0300][gc,heap        ] GC(435)  Metaspace       used 42718K, capacity 46117K, committed 46208K, reserved 1089536K
[2020-09-08T10:08:09.566-0300][gc,heap        ] GC(435)   class space    used 4724K, capacity 6015K, committed 6016K, reserved 1048576K
[2020-09-08T10:08:09.566-0300][gc             ] GC(435) Pause Young (Mixed) (G1 Evacuation Pause) 57M->54M(107M) 14.722ms
[2020-09-08T10:08:09.566-0300][gc,cpu         ] GC(435) User=0.04s Sys=0.01s Real=0.01s
[2020-09-08T10:08:15.326-0300][gc,heap        ] GC(436) Heap before GC invocations=436 (full 1): garbage-first heap   total 109568K, used 90145K [0x0000000083000000, 0x0000000100000000)
[2020-09-08T10:08:15.326-0300][gc,heap        ] GC(436)   region size 1024K, 36 young (36864K), 1 survivors (1024K)
[2020-09-08T10:08:15.327-0300][gc,heap        ] GC(436)  Metaspace       used 42718K, capacity 46117K, committed 46208K, reserved 1089536K
[2020-09-08T10:08:15.327-0300][gc,heap        ] GC(436)   class space    used 4724K, capacity 6015K, committed 6016K, reserved 1048576K
[2020-09-08T10:08:15.327-0300][gc,start       ] GC(436) Pause Young (Concurrent Start) (G1 Evacuation Pause)
[2020-09-08T10:08:15.327-0300][gc,task        ] GC(436) Using 4 workers of 4 for evacuation
[2020-09-08T10:08:15.341-0300][gc,phases      ] GC(436)   Pre Evacuate Collection Set: 0.6ms
[2020-09-08T10:08:15.341-0300][gc,phases      ] GC(436)   Evacuate Collection Set: 9.6ms
[2020-09-08T10:08:15.341-0300][gc,phases      ] GC(436)   Post Evacuate Collection Set: 1.7ms
[2020-09-08T10:08:15.341-0300][gc,phases      ] GC(436)   Other: 2.4ms
[2020-09-08T10:08:15.341-0300][gc,heap        ] GC(436) Eden regions: 35->0(35)
[2020-09-08T10:08:15.341-0300][gc,heap        ] GC(436) Survivor regions: 1->1(5)
[2020-09-08T10:08:15.341-0300][gc,heap        ] GC(436) Old regions: 52->52
[2020-09-08T10:08:15.341-0300][gc,heap        ] GC(436) Humongous regions: 4->4
[2020-09-08T10:08:15.341-0300][gc,metaspace   ] GC(436) Metaspace: 42718K->42718K(1089536K)
[2020-09-08T10:08:15.341-0300][gc,heap        ] GC(436) Heap after GC invocations=437 (full 1): garbage-first heap   total 109568K, used 55427K [0x0000000083000000, 0x0000000100000000)
[2020-09-08T10:08:15.341-0300][gc,heap        ] GC(436)   region size 1024K, 1 young (1024K), 1 survivors (1024K)
[2020-09-08T10:08:15.341-0300][gc,heap        ] GC(436)  Metaspace       used 42718K, capacity 46117K, committed 46208K, reserved 1089536K
[2020-09-08T10:08:15.342-0300][gc,heap        ] GC(436)   class space    used 4724K, capacity 6015K, committed 6016K, reserved 1048576K
[2020-09-08T10:08:15.342-0300][gc             ] GC(436) Pause Young (Concurrent Start) (G1 Evacuation Pause) 89M->54M(107M) 14.790ms
[2020-09-08T10:08:15.342-0300][gc,cpu         ] GC(436) User=0.03s Sys=0.01s Real=0.02s
[2020-09-08T10:08:15.342-0300][gc             ] GC(437) Concurrent Cycle
[2020-09-08T10:08:15.342-0300][gc,marking     ] GC(437) Concurrent Clear Claimed Marks
[2020-09-08T10:08:15.343-0300][gc,marking     ] GC(437) Concurrent Clear Claimed Marks 0.619ms
[2020-09-08T10:08:15.343-0300][gc,marking     ] GC(437) Concurrent Scan Root Regions
[2020-09-08T10:08:15.347-0300][gc,marking     ] GC(437) Concurrent Scan Root Regions 4.451ms
[2020-09-08T10:08:15.348-0300][gc,marking     ] GC(437) Concurrent Mark (1952.821s)
[2020-09-08T10:08:15.348-0300][gc,marking     ] GC(437) Concurrent Mark From Roots
[2020-09-08T10:08:15.348-0300][gc,task        ] GC(437) Using 1 workers of 1 for marking
[2020-09-08T10:08:15.683-0300][gc,marking     ] GC(437) Concurrent Mark From Roots 335.728ms
[2020-09-08T10:08:15.684-0300][gc,marking     ] GC(437) Concurrent Preclean
[2020-09-08T10:08:15.684-0300][gc,marking     ] GC(437) Concurrent Preclean 0.871ms
[2020-09-08T10:08:15.684-0300][gc,marking     ] GC(437) Concurrent Mark (1952.821s, 1953.158s) 336.854ms
[2020-09-08T10:08:15.687-0300][gc,start       ] GC(437) Pause Remark
[2020-09-08T10:08:15.735-0300][gc,stringtable ] GC(437) Cleaned string and symbol table, strings: 23786 processed, 22 removed, symbols: 95119 processed, 0 removed
[2020-09-08T10:08:15.736-0300][gc             ] GC(437) Pause Remark 55M->55M(107M) 48.973ms
[2020-09-08T10:08:15.736-0300][gc,cpu         ] GC(437) User=0.17s Sys=0.01s Real=0.05s
[2020-09-08T10:08:15.737-0300][gc,marking     ] GC(437) Concurrent Rebuild Remembered Sets
[2020-09-08T10:08:15.961-0300][gc,marking     ] GC(437) Concurrent Rebuild Remembered Sets 223.931ms
[2020-09-08T10:08:15.964-0300][gc,start       ] GC(437) Pause Cleanup
[2020-09-08T10:08:15.964-0300][gc             ] GC(437) Pause Cleanup 56M->56M(107M) 0.505ms
[2020-09-08T10:08:15.965-0300][gc,cpu         ] GC(437) User=0.00s Sys=0.00s Real=0.00s
[2020-09-08T10:08:15.965-0300][gc,marking     ] GC(437) Concurrent Cleanup for Next Mark
[2020-09-08T10:08:15.966-0300][gc,marking     ] GC(437) Concurrent Cleanup for Next Mark 1.115ms
[2020-09-08T10:08:15.967-0300][gc             ] GC(437) Concurrent Cycle 624.455ms
[2020-09-08T10:08:23.475-0300][gc,heap        ] GC(438) Heap before GC invocations=438 (full 1): garbage-first heap   total 109568K, used 90243K [0x0000000083000000, 0x0000000100000000)
[2020-09-08T10:08:23.475-0300][gc,heap        ] GC(438)   region size 1024K, 36 young (36864K), 1 survivors (1024K)
[2020-09-08T10:08:23.475-0300][gc,heap        ] GC(438)  Metaspace       used 42620K, capacity 45964K, committed 46208K, reserved 1089536K
[2020-09-08T10:08:23.475-0300][gc,heap        ] GC(438)   class space    used 4697K, capacity 5964K, committed 6016K, reserved 1048576K
[2020-09-08T10:08:23.475-0300][gc,start       ] GC(438) Pause Young (Prepare Mixed) (G1 Evacuation Pause)
[2020-09-08T10:08:23.475-0300][gc,task        ] GC(438) Using 4 workers of 4 for evacuation
[2020-09-08T10:08:23.485-0300][gc,phases      ] GC(438)   Pre Evacuate Collection Set: 0.0ms
[2020-09-08T10:08:23.485-0300][gc,phases      ] GC(438)   Evacuate Collection Set: 6.9ms
[2020-09-08T10:08:23.485-0300][gc,phases      ] GC(438)   Post Evacuate Collection Set: 2.0ms
[2020-09-08T10:08:23.486-0300][gc,phases      ] GC(438)   Other: 1.5ms
[2020-09-08T10:08:23.486-0300][gc,heap        ] GC(438) Eden regions: 35->0(4)
[2020-09-08T10:08:23.486-0300][gc,heap        ] GC(438) Survivor regions: 1->1(5)
[2020-09-08T10:08:23.486-0300][gc,heap        ] GC(438) Old regions: 52->52
[2020-09-08T10:08:23.486-0300][gc,heap        ] GC(438) Humongous regions: 4->4
[2020-09-08T10:08:23.486-0300][gc,metaspace   ] GC(438) Metaspace: 42620K->42620K(1089536K)
[2020-09-08T10:08:23.486-0300][gc,heap        ] GC(438) Heap after GC invocations=439 (full 1): garbage-first heap   total 109568K, used 55561K [0x0000000083000000, 0x0000000100000000)
[2020-09-08T10:08:23.486-0300][gc,heap        ] GC(438)   region size 1024K, 1 young (1024K), 1 survivors (1024K)
[2020-09-08T10:08:23.486-0300][gc,heap        ] GC(438)  Metaspace       used 42620K, capacity 45964K, committed 46208K, reserved 1089536K
[2020-09-08T10:08:23.486-0300][gc,heap        ] GC(438)   class space    used 4697K, capacity 5964K, committed 6016K, reserved 1048576K
[2020-09-08T10:08:23.486-0300][gc             ] GC(438) Pause Young (Prepare Mixed) (G1 Evacuation Pause) 89M->54M(107M) 10.786ms
[2020-09-08T10:08:23.486-0300][gc,cpu         ] GC(438) User=0.03s Sys=0.01s Real=0.01s
[2020-09-08T10:08:24.031-0300][gc,heap        ] GC(439) Heap before GC invocations=439 (full 1): garbage-first heap   total 109568K, used 58633K [0x0000000083000000, 0x0000000100000000)
[2020-09-08T10:08:24.031-0300][gc,heap        ] GC(439)   region size 1024K, 5 young (5120K), 1 survivors (1024K)
[2020-09-08T10:08:24.031-0300][gc,heap        ] GC(439)  Metaspace       used 42620K, capacity 45964K, committed 46208K, reserved 1089536K
[2020-09-08T10:08:24.031-0300][gc,heap        ] GC(439)   class space    used 4697K, capacity 5964K, committed 6016K, reserved 1048576K
[2020-09-08T10:08:24.031-0300][gc,start       ] GC(439) Pause Young (Mixed) (G1 Evacuation Pause)
[2020-09-08T10:08:24.031-0300][gc,task        ] GC(439) Using 4 workers of 4 for evacuation
[2020-09-08T10:08:24.045-0300][gc,phases      ] GC(439)   Pre Evacuate Collection Set: 0.1ms
[2020-09-08T10:08:24.046-0300][gc,phases      ] GC(439)   Evacuate Collection Set: 11.3ms
[2020-09-08T10:08:24.046-0300][gc,phases      ] GC(439)   Post Evacuate Collection Set: 1.6ms
[2020-09-08T10:08:24.046-0300][gc,phases      ] GC(439)   Other: 1.7ms
[2020-09-08T10:08:24.046-0300][gc,heap        ] GC(439) Eden regions: 4->0(36)
[2020-09-08T10:08:24.046-0300][gc,heap        ] GC(439) Survivor regions: 1->1(1)
[2020-09-08T10:08:24.046-0300][gc,heap        ] GC(439) Old regions: 52->51
[2020-09-08T10:08:24.046-0300][gc,heap        ] GC(439) Humongous regions: 4->4
[2020-09-08T10:08:24.046-0300][gc,metaspace   ] GC(439) Metaspace: 42620K->42620K(1089536K)
[2020-09-08T10:08:24.046-0300][gc,heap        ] GC(439) Heap after GC invocations=440 (full 1): garbage-first heap   total 109568K, used 54730K [0x0000000083000000, 0x0000000100000000)
[2020-09-08T10:08:24.046-0300][gc,heap        ] GC(439)   region size 1024K, 1 young (1024K), 1 survivors (1024K)
[2020-09-08T10:08:24.046-0300][gc,heap        ] GC(439)  Metaspace       used 42620K, capacity 45964K, committed 46208K, reserved 1089536K
[2020-09-08T10:08:24.046-0300][gc,heap        ] GC(439)   class space    used 4697K, capacity 5964K, committed 6016K, reserved 1048576K
[2020-09-08T10:08:24.046-0300][gc             ] GC(439) Pause Young (Mixed) (G1 Evacuation Pause) 58M->53M(107M) 14.954ms
[2020-09-08T10:08:24.046-0300][gc,cpu         ] GC(439) User=0.04s Sys=0.00s Real=0.01s
[2020-09-08T10:08:33.694-0300][gc,heap        ] GC(440) Heap before GC invocations=440 (full 1): garbage-first heap   total 109568K, used 90570K [0x0000000083000000, 0x0000000100000000)
[2020-09-08T10:08:33.694-0300][gc,heap        ] GC(440)   region size 1024K, 37 young (37888K), 1 survivors (1024K)
[2020-09-08T10:08:33.694-0300][gc,heap        ] GC(440)  Metaspace       used 42620K, capacity 45964K, committed 46208K, reserved 1089536K
[2020-09-08T10:08:33.694-0300][gc,heap        ] GC(440)   class space    used 4697K, capacity 5964K, committed 6016K, reserved 1048576K
[2020-09-08T10:08:33.695-0300][gc,start       ] GC(440) Pause Young (Concurrent Start) (G1 Evacuation Pause)
[2020-09-08T10:08:33.695-0300][gc,task        ] GC(440) Using 4 workers of 4 for evacuation
[2020-09-08T10:08:33.708-0300][gc,phases      ] GC(440)   Pre Evacuate Collection Set: 0.5ms
[2020-09-08T10:08:33.708-0300][gc,phases      ] GC(440)   Evacuate Collection Set: 9.6ms
[2020-09-08T10:08:33.708-0300][gc,phases      ] GC(440)   Post Evacuate Collection Set: 1.8ms
[2020-09-08T10:08:33.708-0300][gc,phases      ] GC(440)   Other: 1.7ms
[2020-09-08T10:08:33.708-0300][gc,heap        ] GC(440) Eden regions: 36->0(36)
[2020-09-08T10:08:33.708-0300][gc,heap        ] GC(440) Survivor regions: 1->1(5)
[2020-09-08T10:08:33.708-0300][gc,heap        ] GC(440) Old regions: 51->51
[2020-09-08T10:08:33.708-0300][gc,heap        ] GC(440) Humongous regions: 4->4
[2020-09-08T10:08:33.708-0300][gc,metaspace   ] GC(440) Metaspace: 42620K->42620K(1089536K)
[2020-09-08T10:08:33.708-0300][gc,heap        ] GC(440) Heap after GC invocations=441 (full 1): garbage-first heap   total 109568K, used 54919K [0x0000000083000000, 0x0000000100000000)
[2020-09-08T10:08:33.708-0300][gc,heap        ] GC(440)   region size 1024K, 1 young (1024K), 1 survivors (1024K)
[2020-09-08T10:08:33.709-0300][gc,heap        ] GC(440)  Metaspace       used 42620K, capacity 45964K, committed 46208K, reserved 1089536K
[2020-09-08T10:08:33.709-0300][gc,heap        ] GC(440)   class space    used 4697K, capacity 5964K, committed 6016K, reserved 1048576K
[2020-09-08T10:08:33.709-0300][gc             ] GC(440) Pause Young (Concurrent Start) (G1 Evacuation Pause) 89M->53M(107M) 13.978ms
[2020-09-08T10:08:33.709-0300][gc,cpu         ] GC(440) User=0.04s Sys=0.00s Real=0.01s
[2020-09-08T10:08:33.709-0300][gc             ] GC(441) Concurrent Cycle
[2020-09-08T10:08:33.709-0300][gc,marking     ] GC(441) Concurrent Clear Claimed Marks
[2020-09-08T10:08:33.710-0300][gc,marking     ] GC(441) Concurrent Clear Claimed Marks 0.536ms
[2020-09-08T10:08:33.710-0300][gc,marking     ] GC(441) Concurrent Scan Root Regions
[2020-09-08T10:08:33.715-0300][gc,marking     ] GC(441) Concurrent Scan Root Regions 5.269ms
[2020-09-08T10:08:33.715-0300][gc,marking     ] GC(441) Concurrent Mark (1971.189s)
[2020-09-08T10:08:33.715-0300][gc,marking     ] GC(441) Concurrent Mark From Roots
[2020-09-08T10:08:33.716-0300][gc,task        ] GC(441) Using 1 workers of 1 for marking
[2020-09-08T10:08:34.049-0300][gc,marking     ] GC(441) Concurrent Mark From Roots 333.893ms
[2020-09-08T10:08:34.049-0300][gc,marking     ] GC(441) Concurrent Preclean
[2020-09-08T10:08:34.051-0300][gc,marking     ] GC(441) Concurrent Preclean 1.197ms
[2020-09-08T10:08:34.051-0300][gc,marking     ] GC(441) Concurrent Mark (1971.189s, 1971.524s) 335.411ms
[2020-09-08T10:08:34.052-0300][gc,start       ] GC(441) Pause Remark
[2020-09-08T10:08:34.102-0300][gc,stringtable ] GC(441) Cleaned string and symbol table, strings: 23764 processed, 60 removed, symbols: 95119 processed, 4 removed
[2020-09-08T10:08:34.104-0300][gc             ] GC(441) Pause Remark 55M->55M(107M) 51.586ms
[2020-09-08T10:08:34.104-0300][gc,cpu         ] GC(441) User=0.16s Sys=0.01s Real=0.05s
[2020-09-08T10:08:34.105-0300][gc,marking     ] GC(441) Concurrent Rebuild Remembered Sets
[2020-09-08T10:08:34.288-0300][gc,marking     ] GC(441) Concurrent Rebuild Remembered Sets 183.013ms
[2020-09-08T10:08:34.290-0300][gc,start       ] GC(441) Pause Cleanup
[2020-09-08T10:08:34.290-0300][gc             ] GC(441) Pause Cleanup 55M->55M(107M) 0.530ms
[2020-09-08T10:08:34.291-0300][gc,cpu         ] GC(441) User=0.00s Sys=0.00s Real=0.01s
[2020-09-08T10:08:34.291-0300][gc,marking     ] GC(441) Concurrent Cleanup for Next Mark
[2020-09-08T10:08:34.293-0300][gc,marking     ] GC(441) Concurrent Cleanup for Next Mark 1.652ms
[2020-09-08T10:08:34.293-0300][gc             ] GC(441) Concurrent Cycle 583.869ms
[2020-09-08T10:08:45.046-0300][gc,heap        ] GC(442) Heap before GC invocations=442 (full 1): garbage-first heap   total 109568K, used 90759K [0x0000000083000000, 0x0000000100000000)
[2020-09-08T10:08:45.046-0300][gc,heap        ] GC(442)   region size 1024K, 37 young (37888K), 1 survivors (1024K)
[2020-09-08T10:08:45.046-0300][gc,heap        ] GC(442)  Metaspace       used 42170K, capacity 45275K, committed 46208K, reserved 1089536K
[2020-09-08T10:08:45.046-0300][gc,heap        ] GC(442)   class space    used 4579K, capacity 5735K, committed 6016K, reserved 1048576K
[2020-09-08T10:08:45.046-0300][gc,start       ] GC(442) Pause Young (Prepare Mixed) (G1 Evacuation Pause)
[2020-09-08T10:08:45.046-0300][gc,task        ] GC(442) Using 4 workers of 4 for evacuation
[2020-09-08T10:08:45.060-0300][gc,phases      ] GC(442)   Pre Evacuate Collection Set: 0.0ms
[2020-09-08T10:08:45.060-0300][gc,phases      ] GC(442)   Evacuate Collection Set: 10.2ms
[2020-09-08T10:08:45.060-0300][gc,phases      ] GC(442)   Post Evacuate Collection Set: 2.0ms
[2020-09-08T10:08:45.060-0300][gc,phases      ] GC(442)   Other: 1.5ms
[2020-09-08T10:08:45.060-0300][gc,heap        ] GC(442) Eden regions: 36->0(4)
[2020-09-08T10:08:45.060-0300][gc,heap        ] GC(442) Survivor regions: 1->1(5)
[2020-09-08T10:08:45.060-0300][gc,heap        ] GC(442) Old regions: 51->51
[2020-09-08T10:08:45.060-0300][gc,heap        ] GC(442) Humongous regions: 4->4
[2020-09-08T10:08:45.060-0300][gc,metaspace   ] GC(442) Metaspace: 42170K->42170K(1089536K)
[2020-09-08T10:08:45.060-0300][gc,heap        ] GC(442) Heap after GC invocations=443 (full 1): garbage-first heap   total 109568K, used 55082K [0x0000000083000000, 0x0000000100000000)
[2020-09-08T10:08:45.060-0300][gc,heap        ] GC(442)   region size 1024K, 1 young (1024K), 1 survivors (1024K)
[2020-09-08T10:08:45.060-0300][gc,heap        ] GC(442)  Metaspace       used 42170K, capacity 45275K, committed 46208K, reserved 1089536K
[2020-09-08T10:08:45.060-0300][gc,heap        ] GC(442)   class space    used 4579K, capacity 5735K, committed 6016K, reserved 1048576K
[2020-09-08T10:08:45.060-0300][gc             ] GC(442) Pause Young (Prepare Mixed) (G1 Evacuation Pause) 89M->53M(107M) 14.221ms
[2020-09-08T10:08:45.061-0300][gc,cpu         ] GC(442) User=0.04s Sys=0.00s Real=0.01s
[2020-09-08T10:08:46.180-0300][gc,heap        ] GC(443) Heap before GC invocations=443 (full 1): garbage-first heap   total 109568K, used 58154K [0x0000000083000000, 0x0000000100000000)
[2020-09-08T10:08:46.181-0300][gc,heap        ] GC(443)   region size 1024K, 5 young (5120K), 1 survivors (1024K)
[2020-09-08T10:08:46.181-0300][gc,heap        ] GC(443)  Metaspace       used 42170K, capacity 45275K, committed 46208K, reserved 1089536K
[2020-09-08T10:08:46.181-0300][gc,heap        ] GC(443)   class space    used 4579K, capacity 5735K, committed 6016K, reserved 1048576K
[2020-09-08T10:08:46.181-0300][gc,start       ] GC(443) Pause Young (Mixed) (G1 Evacuation Pause)
[2020-09-08T10:08:46.181-0300][gc,task        ] GC(443) Using 4 workers of 4 for evacuation
[2020-09-08T10:08:46.203-0300][gc,phases      ] GC(443)   Pre Evacuate Collection Set: 0.1ms
[2020-09-08T10:08:46.203-0300][gc,phases      ] GC(443)   Evacuate Collection Set: 18.6ms
[2020-09-08T10:08:46.203-0300][gc,phases      ] GC(443)   Post Evacuate Collection Set: 2.0ms
[2020-09-08T10:08:46.203-0300][gc,phases      ] GC(443)   Other: 1.4ms
[2020-09-08T10:08:46.203-0300][gc,heap        ] GC(443) Eden regions: 4->0(38)
[2020-09-08T10:08:46.203-0300][gc,heap        ] GC(443) Survivor regions: 1->1(1)
[2020-09-08T10:08:46.203-0300][gc,heap        ] GC(443) Old regions: 51->48
[2020-09-08T10:08:46.203-0300][gc,heap        ] GC(443) Humongous regions: 4->4
[2020-09-08T10:08:46.203-0300][gc,metaspace   ] GC(443) Metaspace: 42170K->42170K(1089536K)
[2020-09-08T10:08:46.203-0300][gc,heap        ] GC(443) Heap after GC invocations=444 (full 1): garbage-first heap   total 109568K, used 50714K [0x0000000083000000, 0x0000000100000000)
[2020-09-08T10:08:46.203-0300][gc,heap        ] GC(443)   region size 1024K, 1 young (1024K), 1 survivors (1024K)
[2020-09-08T10:08:46.203-0300][gc,heap        ] GC(443)  Metaspace       used 42170K, capacity 45275K, committed 46208K, reserved 1089536K
[2020-09-08T10:08:46.203-0300][gc,heap        ] GC(443)   class space    used 4579K, capacity 5735K, committed 6016K, reserved 1048576K
[2020-09-08T10:08:46.203-0300][gc             ] GC(443) Pause Young (Mixed) (G1 Evacuation Pause) 57M->49M(107M) 22.495ms
[2020-09-08T10:08:46.204-0300][gc,cpu         ] GC(443) User=0.07s Sys=0.01s Real=0.02s
[2020-09-08T10:08:55.834-0300][gc,heap        ] GC(444) Heap before GC invocations=444 (full 1): garbage-first heap   total 109568K, used 88602K [0x0000000083000000, 0x0000000100000000)
[2020-09-08T10:08:55.834-0300][gc,heap        ] GC(444)   region size 1024K, 39 young (39936K), 1 survivors (1024K)
[2020-09-08T10:08:55.834-0300][gc,heap        ] GC(444)  Metaspace       used 42170K, capacity 45275K, committed 46208K, reserved 1089536K
[2020-09-08T10:08:55.834-0300][gc,heap        ] GC(444)   class space    used 4579K, capacity 5735K, committed 6016K, reserved 1048576K
[2020-09-08T10:08:55.834-0300][gc,start       ] GC(444) Pause Young (Concurrent Start) (G1 Evacuation Pause)
[2020-09-08T10:08:55.834-0300][gc,task        ] GC(444) Using 4 workers of 4 for evacuation
[2020-09-08T10:08:55.848-0300][gc,phases      ] GC(444)   Pre Evacuate Collection Set: 0.3ms
[2020-09-08T10:08:55.848-0300][gc,phases      ] GC(444)   Evacuate Collection Set: 10.3ms
[2020-09-08T10:08:55.848-0300][gc,phases      ] GC(444)   Post Evacuate Collection Set: 2.1ms
[2020-09-08T10:08:55.849-0300][gc,phases      ] GC(444)   Other: 1.6ms
[2020-09-08T10:08:55.849-0300][gc,heap        ] GC(444) Eden regions: 38->0(38)
[2020-09-08T10:08:55.849-0300][gc,heap        ] GC(444) Survivor regions: 1->1(5)
[2020-09-08T10:08:55.849-0300][gc,heap        ] GC(444) Old regions: 48->48
[2020-09-08T10:08:55.849-0300][gc,heap        ] GC(444) Humongous regions: 4->4
[2020-09-08T10:08:55.849-0300][gc,metaspace   ] GC(444) Metaspace: 42170K->42170K(1089536K)
[2020-09-08T10:08:55.849-0300][gc,heap        ] GC(444) Heap after GC invocations=445 (full 1): garbage-first heap   total 109568K, used 51080K [0x0000000083000000, 0x0000000100000000)
[2020-09-08T10:08:55.849-0300][gc,heap        ] GC(444)   region size 1024K, 1 young (1024K), 1 survivors (1024K)
[2020-09-08T10:08:55.849-0300][gc,heap        ] GC(444)  Metaspace       used 42170K, capacity 45275K, committed 46208K, reserved 1089536K
[2020-09-08T10:08:55.849-0300][gc,heap        ] GC(444)   class space    used 4579K, capacity 5735K, committed 6016K, reserved 1048576K
[2020-09-08T10:08:55.849-0300][gc             ] GC(444) Pause Young (Concurrent Start) (G1 Evacuation Pause) 87M->49M(107M) 14.732ms
[2020-09-08T10:08:55.849-0300][gc,cpu         ] GC(444) User=0.04s Sys=0.00s Real=0.01s
[2020-09-08T10:08:55.849-0300][gc             ] GC(445) Concurrent Cycle
[2020-09-08T10:08:55.850-0300][gc,marking     ] GC(445) Concurrent Clear Claimed Marks
[2020-09-08T10:08:55.850-0300][gc,marking     ] GC(445) Concurrent Clear Claimed Marks 0.463ms
[2020-09-08T10:08:55.850-0300][gc,marking     ] GC(445) Concurrent Scan Root Regions
[2020-09-08T10:08:55.855-0300][gc,marking     ] GC(445) Concurrent Scan Root Regions 4.512ms
[2020-09-08T10:08:55.855-0300][gc,marking     ] GC(445) Concurrent Mark (1993.328s)
[2020-09-08T10:08:55.855-0300][gc,marking     ] GC(445) Concurrent Mark From Roots
[2020-09-08T10:08:55.855-0300][gc,task        ] GC(445) Using 1 workers of 1 for marking
[2020-09-08T10:08:56.169-0300][gc,marking     ] GC(445) Concurrent Mark From Roots 314.520ms
[2020-09-08T10:08:56.170-0300][gc,marking     ] GC(445) Concurrent Preclean
[2020-09-08T10:08:56.171-0300][gc,marking     ] GC(445) Concurrent Preclean 1.222ms
[2020-09-08T10:08:56.171-0300][gc,marking     ] GC(445) Concurrent Mark (1993.328s, 1993.644s) 316.042ms
[2020-09-08T10:08:56.173-0300][gc,start       ] GC(445) Pause Remark
[2020-09-08T10:08:56.219-0300][gc,stringtable ] GC(445) Cleaned string and symbol table, strings: 23704 processed, 320 removed, symbols: 95115 processed, 14 removed
[2020-09-08T10:08:56.220-0300][gc             ] GC(445) Pause Remark 51M->51M(107M) 47.519ms
[2020-09-08T10:08:56.220-0300][gc,cpu         ] GC(445) User=0.17s Sys=0.00s Real=0.04s
[2020-09-08T10:08:56.221-0300][gc,marking     ] GC(445) Concurrent Rebuild Remembered Sets
[2020-09-08T10:08:56.397-0300][gc,marking     ] GC(445) Concurrent Rebuild Remembered Sets 176.575ms
[2020-09-08T10:08:56.399-0300][gc,start       ] GC(445) Pause Cleanup
[2020-09-08T10:08:56.400-0300][gc             ] GC(445) Pause Cleanup 51M->51M(107M) 0.488ms
[2020-09-08T10:08:56.400-0300][gc,cpu         ] GC(445) User=0.00s Sys=0.00s Real=0.00s
[2020-09-08T10:08:56.400-0300][gc,marking     ] GC(445) Concurrent Cleanup for Next Mark
[2020-09-08T10:08:56.401-0300][gc,marking     ] GC(445) Concurrent Cleanup for Next Mark 1.167ms
[2020-09-08T10:08:56.402-0300][gc             ] GC(445) Concurrent Cycle 552.147ms
[2020-09-08T10:09:05.950-0300][gc,heap        ] GC(446) Heap before GC invocations=446 (full 1): garbage-first heap   total 109568K, used 88968K [0x0000000083000000, 0x0000000100000000)
[2020-09-08T10:09:05.950-0300][gc,heap        ] GC(446)   region size 1024K, 39 young (39936K), 1 survivors (1024K)
[2020-09-08T10:09:05.951-0300][gc,heap        ] GC(446)  Metaspace       used 42101K, capacity 45170K, committed 46208K, reserved 1089536K
[2020-09-08T10:09:05.951-0300][gc,heap        ] GC(446)   class space    used 4562K, capacity 5702K, committed 6016K, reserved 1048576K
[2020-09-08T10:09:05.951-0300][gc,start       ] GC(446) Pause Young (Prepare Mixed) (G1 Evacuation Pause)
[2020-09-08T10:09:05.951-0300][gc,task        ] GC(446) Using 4 workers of 4 for evacuation
[2020-09-08T10:09:05.968-0300][gc,phases      ] GC(446)   Pre Evacuate Collection Set: 0.0ms
[2020-09-08T10:09:05.968-0300][gc,phases      ] GC(446)   Evacuate Collection Set: 13.1ms
[2020-09-08T10:09:05.968-0300][gc,phases      ] GC(446)   Post Evacuate Collection Set: 2.4ms
[2020-09-08T10:09:05.968-0300][gc,phases      ] GC(446)   Other: 2.0ms
[2020-09-08T10:09:05.968-0300][gc,heap        ] GC(446) Eden regions: 38->0(3)
[2020-09-08T10:09:05.968-0300][gc,heap        ] GC(446) Survivor regions: 1->2(5)
[2020-09-08T10:09:05.968-0300][gc,heap        ] GC(446) Old regions: 48->48
[2020-09-08T10:09:05.968-0300][gc,heap        ] GC(446) Humongous regions: 4->4
[2020-09-08T10:09:05.968-0300][gc,metaspace   ] GC(446) Metaspace: 42101K->42101K(1089536K)
[2020-09-08T10:09:05.968-0300][gc,heap        ] GC(446) Heap after GC invocations=447 (full 1): garbage-first heap   total 109568K, used 51715K [0x0000000083000000, 0x0000000100000000)
[2020-09-08T10:09:05.968-0300][gc,heap        ] GC(446)   region size 1024K, 2 young (2048K), 2 survivors (2048K)
[2020-09-08T10:09:05.968-0300][gc,heap        ] GC(446)  Metaspace       used 42101K, capacity 45170K, committed 46208K, reserved 1089536K
[2020-09-08T10:09:05.968-0300][gc,heap        ] GC(446)   class space    used 4562K, capacity 5702K, committed 6016K, reserved 1048576K
[2020-09-08T10:09:05.968-0300][gc             ] GC(446) Pause Young (Prepare Mixed) (G1 Evacuation Pause) 87M->50M(107M) 17.275ms
[2020-09-08T10:09:05.969-0300][gc,cpu         ] GC(446) User=0.05s Sys=0.00s Real=0.01s
[2020-09-08T10:09:05.986-0300][gc,heap        ] GC(447) Heap before GC invocations=447 (full 1): garbage-first heap   total 109568K, used 54787K [0x0000000083000000, 0x0000000100000000)
[2020-09-08T10:09:05.986-0300][gc,heap        ] GC(447)   region size 1024K, 5 young (5120K), 2 survivors (2048K)
[2020-09-08T10:09:05.986-0300][gc,heap        ] GC(447)  Metaspace       used 42101K, capacity 45170K, committed 46208K, reserved 1089536K
[2020-09-08T10:09:05.986-0300][gc,heap        ] GC(447)   class space    used 4562K, capacity 5702K, committed 6016K, reserved 1048576K
[2020-09-08T10:09:05.986-0300][gc,start       ] GC(447) Pause Young (Mixed) (G1 Evacuation Pause)
[2020-09-08T10:09:05.986-0300][gc,task        ] GC(447) Using 4 workers of 4 for evacuation
[2020-09-08T10:09:06.002-0300][gc,phases      ] GC(447)   Pre Evacuate Collection Set: 0.1ms
[2020-09-08T10:09:06.002-0300][gc,phases      ] GC(447)   Evacuate Collection Set: 14.5ms
[2020-09-08T10:09:06.003-0300][gc,phases      ] GC(447)   Post Evacuate Collection Set: 0.7ms
[2020-09-08T10:09:06.003-0300][gc,phases      ] GC(447)   Other: 1.4ms
[2020-09-08T10:09:06.003-0300][gc,heap        ] GC(447) Eden regions: 3->0(38)
[2020-09-08T10:09:06.003-0300][gc,heap        ] GC(447) Survivor regions: 2->1(1)
[2020-09-08T10:09:06.003-0300][gc,heap        ] GC(447) Old regions: 48->48
[2020-09-08T10:09:06.003-0300][gc,heap        ] GC(447) Humongous regions: 4->4
[2020-09-08T10:09:06.003-0300][gc,metaspace   ] GC(447) Metaspace: 42101K->42101K(1089536K)
[2020-09-08T10:09:06.003-0300][gc,heap        ] GC(447) Heap after GC invocations=448 (full 1): garbage-first heap   total 109568K, used 50898K [0x0000000083000000, 0x0000000100000000)
[2020-09-08T10:09:06.003-0300][gc,heap        ] GC(447)   region size 1024K, 1 young (1024K), 1 survivors (1024K)
[2020-09-08T10:09:06.003-0300][gc,heap        ] GC(447)  Metaspace       used 42101K, capacity 45170K, committed 46208K, reserved 1089536K
[2020-09-08T10:09:06.003-0300][gc,heap        ] GC(447)   class space    used 4562K, capacity 5702K, committed 6016K, reserved 1048576K
[2020-09-08T10:09:06.003-0300][gc             ] GC(447) Pause Young (Mixed) (G1 Evacuation Pause) 53M->49M(107M) 17.043ms
[2020-09-08T10:09:06.003-0300][gc,cpu         ] GC(447) User=0.06s Sys=0.00s Real=0.02s
[2020-09-08T10:09:16.122-0300][gc,heap        ] GC(448) Heap before GC invocations=448 (full 1): garbage-first heap   total 109568K, used 88786K [0x0000000083000000, 0x0000000100000000)
[2020-09-08T10:09:16.122-0300][gc,heap        ] GC(448)   region size 1024K, 39 young (39936K), 1 survivors (1024K)
[2020-09-08T10:09:16.122-0300][gc,heap        ] GC(448)  Metaspace       used 42104K, capacity 45170K, committed 46208K, reserved 1089536K
[2020-09-08T10:09:16.122-0300][gc,heap        ] GC(448)   class space    used 4562K, capacity 5702K, committed 6016K, reserved 1048576K
[2020-09-08T10:09:16.122-0300][gc,start       ] GC(448) Pause Young (Concurrent Start) (G1 Evacuation Pause)
[2020-09-08T10:09:16.122-0300][gc,task        ] GC(448) Using 4 workers of 4 for evacuation
[2020-09-08T10:09:16.137-0300][gc,phases      ] GC(448)   Pre Evacuate Collection Set: 0.4ms
[2020-09-08T10:09:16.137-0300][gc,phases      ] GC(448)   Evacuate Collection Set: 10.9ms
[2020-09-08T10:09:16.137-0300][gc,phases      ] GC(448)   Post Evacuate Collection Set: 1.8ms
[2020-09-08T10:09:16.137-0300][gc,phases      ] GC(448)   Other: 1.5ms
[2020-09-08T10:09:16.137-0300][gc,heap        ] GC(448) Eden regions: 38->0(38)
[2020-09-08T10:09:16.137-0300][gc,heap        ] GC(448) Survivor regions: 1->1(5)
[2020-09-08T10:09:16.137-0300][gc,heap        ] GC(448) Old regions: 48->48
[2020-09-08T10:09:16.137-0300][gc,heap        ] GC(448) Humongous regions: 4->4
[2020-09-08T10:09:16.137-0300][gc,metaspace   ] GC(448) Metaspace: 42104K->42104K(1089536K)
[2020-09-08T10:09:16.137-0300][gc,heap        ] GC(448) Heap after GC invocations=449 (full 1): garbage-first heap   total 109568K, used 51251K [0x0000000083000000, 0x0000000100000000)
[2020-09-08T10:09:16.137-0300][gc,heap        ] GC(448)   region size 1024K, 1 young (1024K), 1 survivors (1024K)
[2020-09-08T10:09:16.137-0300][gc,heap        ] GC(448)  Metaspace       used 42104K, capacity 45170K, committed 46208K, reserved 1089536K
[2020-09-08T10:09:16.137-0300][gc,heap        ] GC(448)   class space    used 4562K, capacity 5702K, committed 6016K, reserved 1048576K
[2020-09-08T10:09:16.137-0300][gc             ] GC(448) Pause Young (Concurrent Start) (G1 Evacuation Pause) 87M->50M(107M) 15.014ms
[2020-09-08T10:09:16.138-0300][gc,cpu         ] GC(448) User=0.03s Sys=0.01s Real=0.01s
[2020-09-08T10:09:16.138-0300][gc             ] GC(449) Concurrent Cycle
[2020-09-08T10:09:16.138-0300][gc,marking     ] GC(449) Concurrent Clear Claimed Marks
[2020-09-08T10:09:16.138-0300][gc,marking     ] GC(449) Concurrent Clear Claimed Marks 0.517ms
[2020-09-08T10:09:16.138-0300][gc,marking     ] GC(449) Concurrent Scan Root Regions
[2020-09-08T10:09:16.142-0300][gc,marking     ] GC(449) Concurrent Scan Root Regions 3.883ms
[2020-09-08T10:09:16.142-0300][gc,marking     ] GC(449) Concurrent Mark (2013.616s)
[2020-09-08T10:09:16.143-0300][gc,marking     ] GC(449) Concurrent Mark From Roots
[2020-09-08T10:09:16.143-0300][gc,task        ] GC(449) Using 1 workers of 1 for marking
[2020-09-08T10:09:16.440-0300][gc,marking     ] GC(449) Concurrent Mark From Roots 297.806ms
[2020-09-08T10:09:16.440-0300][gc,marking     ] GC(449) Concurrent Preclean
[2020-09-08T10:09:16.442-0300][gc,marking     ] GC(449) Concurrent Preclean 1.143ms
[2020-09-08T10:09:16.442-0300][gc,marking     ] GC(449) Concurrent Mark (2013.616s, 2013.915s) 299.236ms
[2020-09-08T10:09:16.443-0300][gc,start       ] GC(449) Pause Remark
[2020-09-08T10:09:16.491-0300][gc,stringtable ] GC(449) Cleaned string and symbol table, strings: 23385 processed, 18 removed, symbols: 95101 processed, 7 removed
[2020-09-08T10:09:16.492-0300][gc             ] GC(449) Pause Remark 51M->51M(107M) 49.210ms
[2020-09-08T10:09:16.493-0300][gc,cpu         ] GC(449) User=0.17s Sys=0.01s Real=0.05s
[2020-09-08T10:09:16.493-0300][gc,marking     ] GC(449) Concurrent Rebuild Remembered Sets
[2020-09-08T10:09:16.681-0300][gc,marking     ] GC(449) Concurrent Rebuild Remembered Sets 187.553ms
[2020-09-08T10:09:16.682-0300][gc,start       ] GC(449) Pause Cleanup
[2020-09-08T10:09:16.683-0300][gc             ] GC(449) Pause Cleanup 51M->51M(107M) 0.510ms
[2020-09-08T10:09:16.683-0300][gc,cpu         ] GC(449) User=0.00s Sys=0.00s Real=0.00s
[2020-09-08T10:09:16.684-0300][gc,marking     ] GC(449) Concurrent Cleanup for Next Mark
[2020-09-08T10:09:16.685-0300][gc,marking     ] GC(449) Concurrent Cleanup for Next Mark 1.242ms
[2020-09-08T10:09:16.685-0300][gc             ] GC(449) Concurrent Cycle 547.288ms
[2020-09-08T10:09:26.134-0300][gc,heap        ] GC(450) Heap before GC invocations=450 (full 1): garbage-first heap   total 109568K, used 89139K [0x0000000083000000, 0x0000000100000000)
[2020-09-08T10:09:26.134-0300][gc,heap        ] GC(450)   region size 1024K, 39 young (39936K), 1 survivors (1024K)
[2020-09-08T10:09:26.134-0300][gc,heap        ] GC(450)  Metaspace       used 41824K, capacity 44743K, committed 46208K, reserved 1089536K
[2020-09-08T10:09:26.134-0300][gc,heap        ] GC(450)   class space    used 4489K, capacity 5561K, committed 6016K, reserved 1048576K
[2020-09-08T10:09:26.134-0300][gc,start       ] GC(450) Pause Young (Prepare Mixed) (G1 Evacuation Pause)
[2020-09-08T10:09:26.134-0300][gc,task        ] GC(450) Using 4 workers of 4 for evacuation
[2020-09-08T10:09:26.152-0300][gc,phases      ] GC(450)   Pre Evacuate Collection Set: 0.0ms
[2020-09-08T10:09:26.152-0300][gc,phases      ] GC(450)   Evacuate Collection Set: 14.8ms
[2020-09-08T10:09:26.153-0300][gc,phases      ] GC(450)   Post Evacuate Collection Set: 2.0ms
[2020-09-08T10:09:26.153-0300][gc,phases      ] GC(450)   Other: 1.5ms
[2020-09-08T10:09:26.153-0300][gc,heap        ] GC(450) Eden regions: 38->0(3)
[2020-09-08T10:09:26.153-0300][gc,heap        ] GC(450) Survivor regions: 1->2(5)
[2020-09-08T10:09:26.153-0300][gc,heap        ] GC(450) Old regions: 48->48
[2020-09-08T10:09:26.153-0300][gc,heap        ] GC(450) Humongous regions: 4->4
[2020-09-08T10:09:26.153-0300][gc,metaspace   ] GC(450) Metaspace: 41824K->41824K(1089536K)
[2020-09-08T10:09:26.153-0300][gc,heap        ] GC(450) Heap after GC invocations=451 (full 1): garbage-first heap   total 109568K, used 51930K [0x0000000083000000, 0x0000000100000000)
[2020-09-08T10:09:26.153-0300][gc,heap        ] GC(450)   region size 1024K, 2 young (2048K), 2 survivors (2048K)
[2020-09-08T10:09:26.153-0300][gc,heap        ] GC(450)  Metaspace       used 41824K, capacity 44743K, committed 46208K, reserved 1089536K
[2020-09-08T10:09:26.153-0300][gc,heap        ] GC(450)   class space    used 4489K, capacity 5561K, committed 6016K, reserved 1048576K
[2020-09-08T10:09:26.153-0300][gc             ] GC(450) Pause Young (Prepare Mixed) (G1 Evacuation Pause) 88M->50M(107M) 18.892ms
[2020-09-08T10:09:26.153-0300][gc,cpu         ] GC(450) User=0.04s Sys=0.01s Real=0.02s
[2020-09-08T10:09:26.340-0300][gc,heap        ] GC(451) Heap before GC invocations=451 (full 1): garbage-first heap   total 109568K, used 53978K [0x0000000083000000, 0x0000000100000000)
[2020-09-08T10:09:26.340-0300][gc,heap        ] GC(451)   region size 1024K, 5 young (5120K), 2 survivors (2048K)
[2020-09-08T10:09:26.340-0300][gc,heap        ] GC(451)  Metaspace       used 41824K, capacity 44743K, committed 46208K, reserved 1089536K
[2020-09-08T10:09:26.340-0300][gc,heap        ] GC(451)   class space    used 4489K, capacity 5561K, committed 6016K, reserved 1048576K
[2020-09-08T10:09:26.340-0300][gc,start       ] GC(451) Pause Young (Mixed) (G1 Evacuation Pause)
[2020-09-08T10:09:26.340-0300][gc,task        ] GC(451) Using 4 workers of 4 for evacuation
[2020-09-08T10:09:26.361-0300][gc,phases      ] GC(451)   Pre Evacuate Collection Set: 0.1ms
[2020-09-08T10:09:26.361-0300][gc,phases      ] GC(451)   Evacuate Collection Set: 17.9ms
[2020-09-08T10:09:26.361-0300][gc,phases      ] GC(451)   Post Evacuate Collection Set: 1.4ms
[2020-09-08T10:09:26.361-0300][gc,phases      ] GC(451)   Other: 1.7ms
[2020-09-08T10:09:26.361-0300][gc,heap        ] GC(451) Eden regions: 3->0(38)
[2020-09-08T10:09:26.361-0300][gc,heap        ] GC(451) Survivor regions: 2->1(1)
[2020-09-08T10:09:26.362-0300][gc,heap        ] GC(451) Old regions: 48->48
[2020-09-08T10:09:26.362-0300][gc,heap        ] GC(451) Humongous regions: 4->4
[2020-09-08T10:09:26.362-0300][gc,metaspace   ] GC(451) Metaspace: 41824K->41824K(1089536K)
[2020-09-08T10:09:26.362-0300][gc,heap        ] GC(451) Heap after GC invocations=452 (full 1): garbage-first heap   total 109568K, used 50536K [0x0000000083000000, 0x0000000100000000)
[2020-09-08T10:09:26.362-0300][gc,heap        ] GC(451)   region size 1024K, 1 young (1024K), 1 survivors (1024K)
[2020-09-08T10:09:26.362-0300][gc,heap        ] GC(451)  Metaspace       used 41824K, capacity 44743K, committed 46208K, reserved 1089536K
[2020-09-08T10:09:26.362-0300][gc,heap        ] GC(451)   class space    used 4489K, capacity 5561K, committed 6016K, reserved 1048576K
[2020-09-08T10:09:26.362-0300][gc             ] GC(451) Pause Young (Mixed) (G1 Evacuation Pause) 53M->49M(107M) 21.517ms
[2020-09-08T10:09:26.362-0300][gc,cpu         ] GC(451) User=0.06s Sys=0.01s Real=0.03s
[2020-09-08T10:09:32.085-0300][gc,heap        ] GC(452) Heap before GC invocations=452 (full 1): garbage-first heap   total 109568K, used 88424K [0x0000000083000000, 0x0000000100000000)
[2020-09-08T10:09:32.085-0300][gc,heap        ] GC(452)   region size 1024K, 39 young (39936K), 1 survivors (1024K)
[2020-09-08T10:09:32.085-0300][gc,heap        ] GC(452)  Metaspace       used 41824K, capacity 44743K, committed 46208K, reserved 1089536K
[2020-09-08T10:09:32.085-0300][gc,heap        ] GC(452)   class space    used 4489K, capacity 5561K, committed 6016K, reserved 1048576K
[2020-09-08T10:09:32.085-0300][gc,start       ] GC(452) Pause Young (Concurrent Start) (G1 Evacuation Pause)
[2020-09-08T10:09:32.085-0300][gc,task        ] GC(452) Using 4 workers of 4 for evacuation
[2020-09-08T10:09:32.100-0300][gc,phases      ] GC(452)   Pre Evacuate Collection Set: 0.3ms
[2020-09-08T10:09:32.100-0300][gc,phases      ] GC(452)   Evacuate Collection Set: 11.3ms
[2020-09-08T10:09:32.100-0300][gc,phases      ] GC(452)   Post Evacuate Collection Set: 1.8ms
[2020-09-08T10:09:32.100-0300][gc,phases      ] GC(452)   Other: 1.7ms
[2020-09-08T10:09:32.100-0300][gc,heap        ] GC(452) Eden regions: 38->0(38)
[2020-09-08T10:09:32.100-0300][gc,heap        ] GC(452) Survivor regions: 1->1(5)
[2020-09-08T10:09:32.100-0300][gc,heap        ] GC(452) Old regions: 48->48
[2020-09-08T10:09:32.100-0300][gc,heap        ] GC(452) Humongous regions: 4->4
[2020-09-08T10:09:32.100-0300][gc,metaspace   ] GC(452) Metaspace: 41824K->41824K(1089536K)
[2020-09-08T10:09:32.101-0300][gc,heap        ] GC(452) Heap after GC invocations=453 (full 1): garbage-first heap   total 109568K, used 51161K [0x0000000083000000, 0x0000000100000000)
[2020-09-08T10:09:32.101-0300][gc,heap        ] GC(452)   region size 1024K, 1 young (1024K), 1 survivors (1024K)
[2020-09-08T10:09:32.101-0300][gc,heap        ] GC(452)  Metaspace       used 41824K, capacity 44743K, committed 46208K, reserved 1089536K
[2020-09-08T10:09:32.101-0300][gc,heap        ] GC(452)   class space    used 4489K, capacity 5561K, committed 6016K, reserved 1048576K
[2020-09-08T10:09:32.101-0300][gc             ] GC(452) Pause Young (Concurrent Start) (G1 Evacuation Pause) 87M->49M(107M) 15.465ms
[2020-09-08T10:09:32.101-0300][gc,cpu         ] GC(452) User=0.05s Sys=0.00s Real=0.02s
[2020-09-08T10:09:32.101-0300][gc             ] GC(453) Concurrent Cycle
[2020-09-08T10:09:32.101-0300][gc,marking     ] GC(453) Concurrent Clear Claimed Marks
[2020-09-08T10:09:32.102-0300][gc,marking     ] GC(453) Concurrent Clear Claimed Marks 0.500ms
[2020-09-08T10:09:32.102-0300][gc,marking     ] GC(453) Concurrent Scan Root Regions
[2020-09-08T10:09:32.108-0300][gc,marking     ] GC(453) Concurrent Scan Root Regions 5.545ms
[2020-09-08T10:09:32.108-0300][gc,marking     ] GC(453) Concurrent Mark (2029.581s)
[2020-09-08T10:09:32.108-0300][gc,marking     ] GC(453) Concurrent Mark From Roots
[2020-09-08T10:09:32.108-0300][gc,task        ] GC(453) Using 1 workers of 1 for marking
[2020-09-08T10:09:32.393-0300][gc,marking     ] GC(453) Concurrent Mark From Roots 285.088ms
[2020-09-08T10:09:32.393-0300][gc,marking     ] GC(453) Concurrent Preclean
[2020-09-08T10:09:32.396-0300][gc,marking     ] GC(453) Concurrent Preclean 2.673ms
[2020-09-08T10:09:32.396-0300][gc,marking     ] GC(453) Concurrent Mark (2029.581s, 2029.870s) 288.394ms
[2020-09-08T10:09:32.398-0300][gc,start       ] GC(453) Pause Remark
[2020-09-08T10:09:32.450-0300][gc,stringtable ] GC(453) Cleaned string and symbol table, strings: 23380 processed, 328 removed, symbols: 95094 processed, 25 removed
[2020-09-08T10:09:32.454-0300][gc             ] GC(453) Pause Remark 51M->51M(107M) 56.090ms
[2020-09-08T10:09:32.454-0300][gc,cpu         ] GC(453) User=0.17s Sys=0.00s Real=0.06s
[2020-09-08T10:09:32.455-0300][gc,marking     ] GC(453) Concurrent Rebuild Remembered Sets
[2020-09-08T10:09:32.630-0300][gc,marking     ] GC(453) Concurrent Rebuild Remembered Sets 174.706ms
[2020-09-08T10:09:32.632-0300][gc,start       ] GC(453) Pause Cleanup
[2020-09-08T10:09:32.633-0300][gc             ] GC(453) Pause Cleanup 51M->51M(107M) 0.450ms
[2020-09-08T10:09:32.633-0300][gc,cpu         ] GC(453) User=0.00s Sys=0.00s Real=0.00s
[2020-09-08T10:09:32.633-0300][gc,marking     ] GC(453) Concurrent Cleanup for Next Mark
[2020-09-08T10:09:32.635-0300][gc,marking     ] GC(453) Concurrent Cleanup for Next Mark 1.126ms
[2020-09-08T10:09:32.635-0300][gc             ] GC(453) Concurrent Cycle 533.427ms
[2020-09-08T10:09:40.920-0300][gc,heap        ] GC(454) Heap before GC invocations=454 (full 1): garbage-first heap   total 109568K, used 89049K [0x0000000083000000, 0x0000000100000000)
[2020-09-08T10:09:40.920-0300][gc,heap        ] GC(454)   region size 1024K, 39 young (39936K), 1 survivors (1024K)
[2020-09-08T10:09:40.921-0300][gc,heap        ] GC(454)  Metaspace       used 41098K, capacity 43634K, committed 46208K, reserved 1089536K
[2020-09-08T10:09:40.921-0300][gc,heap        ] GC(454)   class space    used 4296K, capacity 5187K, committed 6016K, reserved 1048576K
[2020-09-08T10:09:40.921-0300][gc,start       ] GC(454) Pause Young (Prepare Mixed) (G1 Evacuation Pause)
[2020-09-08T10:09:40.921-0300][gc,task        ] GC(454) Using 4 workers of 4 for evacuation
[2020-09-08T10:09:40.934-0300][gc,phases      ] GC(454)   Pre Evacuate Collection Set: 0.0ms
[2020-09-08T10:09:40.934-0300][gc,phases      ] GC(454)   Evacuate Collection Set: 10.0ms
[2020-09-08T10:09:40.934-0300][gc,phases      ] GC(454)   Post Evacuate Collection Set: 1.7ms
[2020-09-08T10:09:40.934-0300][gc,phases      ] GC(454)   Other: 1.6ms
[2020-09-08T10:09:40.934-0300][gc,heap        ] GC(454) Eden regions: 38->0(3)
[2020-09-08T10:09:40.934-0300][gc,heap        ] GC(454) Survivor regions: 1->2(5)
[2020-09-08T10:09:40.934-0300][gc,heap        ] GC(454) Old regions: 48->48
[2020-09-08T10:09:40.934-0300][gc,heap        ] GC(454) Humongous regions: 4->4
[2020-09-08T10:09:40.934-0300][gc,metaspace   ] GC(454) Metaspace: 41098K->41098K(1089536K)
[2020-09-08T10:09:40.934-0300][gc,heap        ] GC(454) Heap after GC invocations=455 (full 1): garbage-first heap   total 109568K, used 51376K [0x0000000083000000, 0x0000000100000000)
[2020-09-08T10:09:40.934-0300][gc,heap        ] GC(454)   region size 1024K, 2 young (2048K), 2 survivors (2048K)
[2020-09-08T10:09:40.934-0300][gc,heap        ] GC(454)  Metaspace       used 41098K, capacity 43634K, committed 46208K, reserved 1089536K
[2020-09-08T10:09:40.934-0300][gc,heap        ] GC(454)   class space    used 4296K, capacity 5187K, committed 6016K, reserved 1048576K
[2020-09-08T10:09:40.935-0300][gc             ] GC(454) Pause Young (Prepare Mixed) (G1 Evacuation Pause) 87M->50M(107M) 13.587ms
[2020-09-08T10:09:40.935-0300][gc,cpu         ] GC(454) User=0.04s Sys=0.01s Real=0.01s
[2020-09-08T10:09:41.695-0300][gc,heap        ] GC(455) Heap before GC invocations=455 (full 1): garbage-first heap   total 109568K, used 53424K [0x0000000083000000, 0x0000000100000000)
[2020-09-08T10:09:41.695-0300][gc,heap        ] GC(455)   region size 1024K, 5 young (5120K), 2 survivors (2048K)
[2020-09-08T10:09:41.695-0300][gc,heap        ] GC(455)  Metaspace       used 41098K, capacity 43634K, committed 46208K, reserved 1089536K
[2020-09-08T10:09:41.695-0300][gc,heap        ] GC(455)   class space    used 4296K, capacity 5187K, committed 6016K, reserved 1048576K
[2020-09-08T10:09:41.695-0300][gc,start       ] GC(455) Pause Young (Mixed) (G1 Evacuation Pause)
[2020-09-08T10:09:41.695-0300][gc,task        ] GC(455) Using 4 workers of 4 for evacuation
[2020-09-08T10:09:41.719-0300][gc,phases      ] GC(455)   Pre Evacuate Collection Set: 0.1ms
[2020-09-08T10:09:41.719-0300][gc,phases      ] GC(455)   Evacuate Collection Set: 20.7ms
[2020-09-08T10:09:41.719-0300][gc,phases      ] GC(455)   Post Evacuate Collection Set: 1.4ms
[2020-09-08T10:09:41.719-0300][gc,phases      ] GC(455)   Other: 1.7ms
[2020-09-08T10:09:41.719-0300][gc,heap        ] GC(455) Eden regions: 3->0(39)
[2020-09-08T10:09:41.719-0300][gc,heap        ] GC(455) Survivor regions: 2->1(1)
[2020-09-08T10:09:41.720-0300][gc,heap        ] GC(455) Old regions: 48->47
[2020-09-08T10:09:41.720-0300][gc,heap        ] GC(455) Humongous regions: 4->4
[2020-09-08T10:09:41.720-0300][gc,metaspace   ] GC(455) Metaspace: 41098K->41098K(1089536K)
[2020-09-08T10:09:41.720-0300][gc,heap        ] GC(455) Heap after GC invocations=456 (full 1): garbage-first heap   total 109568K, used 50098K [0x0000000083000000, 0x0000000100000000)
[2020-09-08T10:09:41.720-0300][gc,heap        ] GC(455)   region size 1024K, 1 young (1024K), 1 survivors (1024K)
[2020-09-08T10:09:41.720-0300][gc,heap        ] GC(455)  Metaspace       used 41098K, capacity 43634K, committed 46208K, reserved 1089536K
[2020-09-08T10:09:41.720-0300][gc,heap        ] GC(455)   class space    used 4296K, capacity 5187K, committed 6016K, reserved 1048576K
[2020-09-08T10:09:41.720-0300][gc             ] GC(455) Pause Young (Mixed) (G1 Evacuation Pause) 53M->48M(107M) 24.700ms
[2020-09-08T10:09:41.721-0300][gc,cpu         ] GC(455) User=0.07s Sys=0.01s Real=0.03s
[2020-09-08T10:09:47.734-0300][gc,heap        ] GC(456) Heap before GC invocations=456 (full 1): garbage-first heap   total 109568K, used 89010K [0x0000000083000000, 0x0000000100000000)
[2020-09-08T10:09:47.734-0300][gc,heap        ] GC(456)   region size 1024K, 40 young (40960K), 1 survivors (1024K)
[2020-09-08T10:09:47.735-0300][gc,heap        ] GC(456)  Metaspace       used 41101K, capacity 43634K, committed 46208K, reserved 1089536K
[2020-09-08T10:09:47.735-0300][gc,heap        ] GC(456)   class space    used 4296K, capacity 5187K, committed 6016K, reserved 1048576K
[2020-09-08T10:09:47.735-0300][gc,start       ] GC(456) Pause Young (Normal) (G1 Evacuation Pause)
[2020-09-08T10:09:47.735-0300][gc,task        ] GC(456) Using 4 workers of 4 for evacuation
[2020-09-08T10:09:47.748-0300][gc,phases      ] GC(456)   Pre Evacuate Collection Set: 0.0ms
[2020-09-08T10:09:47.748-0300][gc,phases      ] GC(456)   Evacuate Collection Set: 10.2ms
[2020-09-08T10:09:47.748-0300][gc,phases      ] GC(456)   Post Evacuate Collection Set: 1.7ms
[2020-09-08T10:09:47.748-0300][gc,phases      ] GC(456)   Other: 1.7ms
[2020-09-08T10:09:47.748-0300][gc,heap        ] GC(456) Eden regions: 39->0(38)
[2020-09-08T10:09:47.748-0300][gc,heap        ] GC(456) Survivor regions: 1->2(5)
[2020-09-08T10:09:47.748-0300][gc,heap        ] GC(456) Old regions: 47->47
[2020-09-08T10:09:47.748-0300][gc,heap        ] GC(456) Humongous regions: 4->4
[2020-09-08T10:09:47.748-0300][gc,metaspace   ] GC(456) Metaspace: 41101K->41101K(1089536K)
[2020-09-08T10:09:47.749-0300][gc,heap        ] GC(456) Heap after GC invocations=457 (full 1): garbage-first heap   total 109568K, used 50975K [0x0000000083000000, 0x0000000100000000)
[2020-09-08T10:09:47.749-0300][gc,heap        ] GC(456)   region size 1024K, 2 young (2048K), 2 survivors (2048K)
[2020-09-08T10:09:47.749-0300][gc,heap        ] GC(456)  Metaspace       used 41101K, capacity 43634K, committed 46208K, reserved 1089536K
[2020-09-08T10:09:47.749-0300][gc,heap        ] GC(456)   class space    used 4296K, capacity 5187K, committed 6016K, reserved 1048576K
[2020-09-08T10:09:47.749-0300][gc             ] GC(456) Pause Young (Normal) (G1 Evacuation Pause) 87M->49M(107M) 14.078ms
[2020-09-08T10:09:47.749-0300][gc,cpu         ] GC(456) User=0.04s Sys=0.00s Real=0.01s
[2020-09-08T10:09:51.020-0300][gc,heap        ] GC(457) Heap before GC invocations=457 (full 1): garbage-first heap   total 109568K, used 88863K [0x0000000083000000, 0x0000000100000000)
[2020-09-08T10:09:51.020-0300][gc,heap        ] GC(457)   region size 1024K, 40 young (40960K), 2 survivors (2048K)
[2020-09-08T10:09:51.020-0300][gc,heap        ] GC(457)  Metaspace       used 41129K, capacity 43634K, committed 46208K, reserved 1089536K
[2020-09-08T10:09:51.020-0300][gc,heap        ] GC(457)   class space    used 4296K, capacity 5187K, committed 6016K, reserved 1048576K
[2020-09-08T10:09:51.021-0300][gc,start       ] GC(457) Pause Young (Normal) (G1 Evacuation Pause)
[2020-09-08T10:09:51.021-0300][gc,task        ] GC(457) Using 4 workers of 4 for evacuation
[2020-09-08T10:09:51.037-0300][gc,phases      ] GC(457)   Pre Evacuate Collection Set: 0.0ms
[2020-09-08T10:09:51.037-0300][gc,phases      ] GC(457)   Evacuate Collection Set: 12.7ms
[2020-09-08T10:09:51.037-0300][gc,phases      ] GC(457)   Post Evacuate Collection Set: 2.3ms
[2020-09-08T10:09:51.037-0300][gc,phases      ] GC(457)   Other: 1.9ms
[2020-09-08T10:09:51.037-0300][gc,heap        ] GC(457) Eden regions: 38->0(38)
[2020-09-08T10:09:51.037-0300][gc,heap        ] GC(457) Survivor regions: 2->3(5)
[2020-09-08T10:09:51.037-0300][gc,heap        ] GC(457) Old regions: 47->47
[2020-09-08T10:09:51.038-0300][gc,heap        ] GC(457) Humongous regions: 4->4
[2020-09-08T10:09:51.038-0300][gc,metaspace   ] GC(457) Metaspace: 41129K->41129K(1089536K)
[2020-09-08T10:09:51.038-0300][gc,heap        ] GC(457) Heap after GC invocations=458 (full 1): garbage-first heap   total 109568K, used 51860K [0x0000000083000000, 0x0000000100000000)
[2020-09-08T10:09:51.038-0300][gc,heap        ] GC(457)   region size 1024K, 3 young (3072K), 3 survivors (3072K)
[2020-09-08T10:09:51.038-0300][gc,heap        ] GC(457)  Metaspace       used 41129K, capacity 43634K, committed 46208K, reserved 1089536K
[2020-09-08T10:09:51.038-0300][gc,heap        ] GC(457)   class space    used 4296K, capacity 5187K, committed 6016K, reserved 1048576K
[2020-09-08T10:09:51.038-0300][gc             ] GC(457) Pause Young (Normal) (G1 Evacuation Pause) 87M->50M(107M) 17.302ms
[2020-09-08T10:09:51.039-0300][gc,cpu         ] GC(457) User=0.05s Sys=0.01s Real=0.02s
[2020-09-08T10:09:55.076-0300][gc,heap        ] GC(458) Heap before GC invocations=458 (full 1): garbage-first heap   total 109568K, used 89748K [0x0000000083000000, 0x0000000100000000)
[2020-09-08T10:09:55.076-0300][gc,heap        ] GC(458)   region size 1024K, 41 young (41984K), 3 survivors (3072K)
[2020-09-08T10:09:55.076-0300][gc,heap        ] GC(458)  Metaspace       used 41129K, capacity 43634K, committed 46208K, reserved 1089536K
[2020-09-08T10:09:55.076-0300][gc,heap        ] GC(458)   class space    used 4296K, capacity 5187K, committed 6016K, reserved 1048576K
[2020-09-08T10:09:55.076-0300][gc,start       ] GC(458) Pause Young (Concurrent Start) (G1 Evacuation Pause)
[2020-09-08T10:09:55.076-0300][gc,task        ] GC(458) Using 4 workers of 4 for evacuation
[2020-09-08T10:09:55.097-0300][gc,phases      ] GC(458)   Pre Evacuate Collection Set: 0.3ms
[2020-09-08T10:09:55.098-0300][gc,phases      ] GC(458)   Evacuate Collection Set: 17.6ms
[2020-09-08T10:09:55.098-0300][gc,phases      ] GC(458)   Post Evacuate Collection Set: 1.9ms
[2020-09-08T10:09:55.098-0300][gc,phases      ] GC(458)   Other: 2.1ms
[2020-09-08T10:09:55.098-0300][gc,heap        ] GC(458) Eden regions: 38->0(37)
[2020-09-08T10:09:55.098-0300][gc,heap        ] GC(458) Survivor regions: 3->4(6)
[2020-09-08T10:09:55.098-0300][gc,heap        ] GC(458) Old regions: 47->47
[2020-09-08T10:09:55.098-0300][gc,heap        ] GC(458) Humongous regions: 4->4
[2020-09-08T10:09:55.098-0300][gc,metaspace   ] GC(458) Metaspace: 41129K->41129K(1089536K)
[2020-09-08T10:09:55.098-0300][gc,heap        ] GC(458) Heap after GC invocations=459 (full 1): garbage-first heap   total 109568K, used 53040K [0x0000000083000000, 0x0000000100000000)
[2020-09-08T10:09:55.098-0300][gc,heap        ] GC(458)   region size 1024K, 4 young (4096K), 4 survivors (4096K)
[2020-09-08T10:09:55.098-0300][gc,heap        ] GC(458)  Metaspace       used 41129K, capacity 43634K, committed 46208K, reserved 1089536K
[2020-09-08T10:09:55.098-0300][gc,heap        ] GC(458)   class space    used 4296K, capacity 5187K, committed 6016K, reserved 1048576K
[2020-09-08T10:09:55.098-0300][gc             ] GC(458) Pause Young (Concurrent Start) (G1 Evacuation Pause) 88M->51M(107M) 22.141ms
[2020-09-08T10:09:55.099-0300][gc,cpu         ] GC(458) User=0.07s Sys=0.00s Real=0.02s
[2020-09-08T10:09:55.099-0300][gc             ] GC(459) Concurrent Cycle
[2020-09-08T10:09:55.099-0300][gc,marking     ] GC(459) Concurrent Clear Claimed Marks
[2020-09-08T10:09:55.099-0300][gc,marking     ] GC(459) Concurrent Clear Claimed Marks 0.345ms
[2020-09-08T10:09:55.099-0300][gc,marking     ] GC(459) Concurrent Scan Root Regions
[2020-09-08T10:09:55.112-0300][gc,marking     ] GC(459) Concurrent Scan Root Regions 12.477ms
[2020-09-08T10:09:55.112-0300][gc,marking     ] GC(459) Concurrent Mark (2052.585s)
[2020-09-08T10:09:55.112-0300][gc,marking     ] GC(459) Concurrent Mark From Roots
[2020-09-08T10:09:55.112-0300][gc,task        ] GC(459) Using 1 workers of 1 for marking
[2020-09-08T10:09:55.407-0300][gc,marking     ] GC(459) Concurrent Mark From Roots 295.291ms
[2020-09-08T10:09:55.407-0300][gc,marking     ] GC(459) Concurrent Preclean
[2020-09-08T10:09:55.408-0300][gc,marking     ] GC(459) Concurrent Preclean 1.114ms
[2020-09-08T10:09:55.409-0300][gc,marking     ] GC(459) Concurrent Mark (2052.585s, 2052.882s) 296.657ms
[2020-09-08T10:09:55.411-0300][gc,start       ] GC(459) Pause Remark
[2020-09-08T10:09:55.458-0300][gc,stringtable ] GC(459) Cleaned string and symbol table, strings: 23055 processed, 0 removed, symbols: 95069 processed, 29 removed
[2020-09-08T10:09:55.460-0300][gc             ] GC(459) Pause Remark 54M->54M(107M) 48.891ms
[2020-09-08T10:09:55.460-0300][gc,cpu         ] GC(459) User=0.18s Sys=0.01s Real=0.04s
[2020-09-08T10:09:55.461-0300][gc,marking     ] GC(459) Concurrent Rebuild Remembered Sets
[2020-09-08T10:09:55.697-0300][gc,marking     ] GC(459) Concurrent Rebuild Remembered Sets 236.213ms
[2020-09-08T10:09:55.700-0300][gc,start       ] GC(459) Pause Cleanup
[2020-09-08T10:09:55.700-0300][gc             ] GC(459) Pause Cleanup 57M->57M(107M) 0.522ms
[2020-09-08T10:09:55.701-0300][gc,cpu         ] GC(459) User=0.00s Sys=0.00s Real=0.00s
[2020-09-08T10:09:55.701-0300][gc,marking     ] GC(459) Concurrent Cleanup for Next Mark
[2020-09-08T10:09:55.703-0300][gc,marking     ] GC(459) Concurrent Cleanup for Next Mark 1.579ms
[2020-09-08T10:09:55.703-0300][gc             ] GC(459) Concurrent Cycle 604.324ms
[2020-09-08T10:09:59.248-0300][gc,heap        ] GC(460) Heap before GC invocations=460 (full 1): garbage-first heap   total 109568K, used 89904K [0x0000000083000000, 0x0000000100000000)
[2020-09-08T10:09:59.249-0300][gc,heap        ] GC(460)   region size 1024K, 41 young (41984K), 4 survivors (4096K)
[2020-09-08T10:09:59.249-0300][gc,heap        ] GC(460)  Metaspace       used 40971K, capacity 43387K, committed 46208K, reserved 1089536K
[2020-09-08T10:09:59.249-0300][gc,heap        ] GC(460)   class space    used 4252K, capacity 5101K, committed 6016K, reserved 1048576K
[2020-09-08T10:09:59.249-0300][gc,start       ] GC(460) Pause Young (Prepare Mixed) (G1 Evacuation Pause)
[2020-09-08T10:09:59.249-0300][gc,task        ] GC(460) Using 4 workers of 4 for evacuation
[2020-09-08T10:09:59.277-0300][gc,phases      ] GC(460)   Pre Evacuate Collection Set: 0.1ms
[2020-09-08T10:09:59.277-0300][gc,phases      ] GC(460)   Evacuate Collection Set: 23.8ms
[2020-09-08T10:09:59.277-0300][gc,phases      ] GC(460)   Post Evacuate Collection Set: 2.3ms
[2020-09-08T10:09:59.277-0300][gc,phases      ] GC(460)   Other: 2.4ms
[2020-09-08T10:09:59.277-0300][gc,heap        ] GC(460) Eden regions: 37->0(1)
[2020-09-08T10:09:59.282-0300][gc,heap        ] GC(460) Survivor regions: 4->5(6)
[2020-09-08T10:09:59.282-0300][gc,heap        ] GC(460) Old regions: 47->47
[2020-09-08T10:09:59.282-0300][gc,heap        ] GC(460) Humongous regions: 4->4
[2020-09-08T10:09:59.282-0300][gc,metaspace   ] GC(460) Metaspace: 40971K->40971K(1089536K)
[2020-09-08T10:09:59.282-0300][gc,heap        ] GC(460) Heap after GC invocations=461 (full 1): garbage-first heap   total 109568K, used 54147K [0x0000000083000000, 0x0000000100000000)
[2020-09-08T10:09:59.282-0300][gc,heap        ] GC(460)   region size 1024K, 5 young (5120K), 5 survivors (5120K)
[2020-09-08T10:09:59.282-0300][gc,heap        ] GC(460)  Metaspace       used 40971K, capacity 43387K, committed 46208K, reserved 1089536K
[2020-09-08T10:09:59.282-0300][gc,heap        ] GC(460)   class space    used 4252K, capacity 5101K, committed 6016K, reserved 1048576K
[2020-09-08T10:09:59.282-0300][gc             ] GC(460) Pause Young (Prepare Mixed) (G1 Evacuation Pause) 88M->52M(107M) 33.377ms
[2020-09-08T10:09:59.283-0300][gc,cpu         ] GC(460) User=0.09s Sys=0.01s Real=0.04s
[2020-09-08T10:09:59.301-0300][gc,heap        ] GC(461) Heap before GC invocations=461 (full 1): garbage-first heap   total 109568K, used 55171K [0x0000000083000000, 0x0000000100000000)
[2020-09-08T10:09:59.301-0300][gc,heap        ] GC(461)   region size 1024K, 6 young (6144K), 5 survivors (5120K)
[2020-09-08T10:09:59.301-0300][gc,heap        ] GC(461)  Metaspace       used 40971K, capacity 43387K, committed 46208K, reserved 1089536K
[2020-09-08T10:09:59.302-0300][gc,heap        ] GC(461)   class space    used 4252K, capacity 5101K, committed 6016K, reserved 1048576K
[2020-09-08T10:09:59.302-0300][gc,start       ] GC(461) Pause Young (Mixed) (G1 Evacuation Pause)
[2020-09-08T10:09:59.302-0300][gc,task        ] GC(461) Using 4 workers of 4 for evacuation
[2020-09-08T10:09:59.328-0300][gc,phases      ] GC(461)   Pre Evacuate Collection Set: 0.1ms
[2020-09-08T10:09:59.328-0300][gc,phases      ] GC(461)   Evacuate Collection Set: 21.6ms
[2020-09-08T10:09:59.328-0300][gc,phases      ] GC(461)   Post Evacuate Collection Set: 2.1ms
[2020-09-08T10:09:59.328-0300][gc,phases      ] GC(461)   Other: 2.6ms
[2020-09-08T10:09:59.328-0300][gc,heap        ] GC(461) Eden regions: 1->0(36)
[2020-09-08T10:09:59.328-0300][gc,heap        ] GC(461) Survivor regions: 5->1(1)
[2020-09-08T10:09:59.328-0300][gc,heap        ] GC(461) Old regions: 47->51
[2020-09-08T10:09:59.328-0300][gc,heap        ] GC(461) Humongous regions: 4->4
[2020-09-08T10:09:59.328-0300][gc,metaspace   ] GC(461) Metaspace: 40971K->40971K(1089536K)
[2020-09-08T10:09:59.328-0300][gc,heap        ] GC(461) Heap after GC invocations=462 (full 1): garbage-first heap   total 109568K, used 54212K [0x0000000083000000, 0x0000000100000000)
[2020-09-08T10:09:59.328-0300][gc,heap        ] GC(461)   region size 1024K, 1 young (1024K), 1 survivors (1024K)
[2020-09-08T10:09:59.328-0300][gc,heap        ] GC(461)  Metaspace       used 40971K, capacity 43387K, committed 46208K, reserved 1089536K
[2020-09-08T10:09:59.329-0300][gc,heap        ] GC(461)   class space    used 4252K, capacity 5101K, committed 6016K, reserved 1048576K
[2020-09-08T10:09:59.329-0300][gc             ] GC(461) Pause Young (Mixed) (G1 Evacuation Pause) 53M->52M(107M) 26.803ms
[2020-09-08T10:09:59.329-0300][gc,cpu         ] GC(461) User=0.08s Sys=0.02s Real=0.02s
[2020-09-08T10:10:02.108-0300][gc,heap        ] GC(462) Heap before GC invocations=462 (full 1): garbage-first heap   total 109568K, used 90052K [0x0000000083000000, 0x0000000100000000)
[2020-09-08T10:10:02.108-0300][gc,heap        ] GC(462)   region size 1024K, 37 young (37888K), 1 survivors (1024K)
[2020-09-08T10:10:02.108-0300][gc,heap        ] GC(462)  Metaspace       used 40976K, capacity 43387K, committed 46208K, reserved 1089536K
[2020-09-08T10:10:02.108-0300][gc,heap        ] GC(462)   class space    used 4252K, capacity 5101K, committed 6016K, reserved 1048576K
[2020-09-08T10:10:02.109-0300][gc,start       ] GC(462) Pause Young (Normal) (G1 Evacuation Pause)
[2020-09-08T10:10:02.109-0300][gc,task        ] GC(462) Using 4 workers of 4 for evacuation
[2020-09-08T10:10:02.130-0300][gc,phases      ] GC(462)   Pre Evacuate Collection Set: 0.0ms
[2020-09-08T10:10:02.130-0300][gc,phases      ] GC(462)   Evacuate Collection Set: 15.1ms
[2020-09-08T10:10:02.130-0300][gc,phases      ] GC(462)   Post Evacuate Collection Set: 4.8ms
[2020-09-08T10:10:02.130-0300][gc,phases      ] GC(462)   Other: 2.2ms
[2020-09-08T10:10:02.131-0300][gc,heap        ] GC(462) Eden regions: 36->0(35)
[2020-09-08T10:10:02.131-0300][gc,heap        ] GC(462) Survivor regions: 1->2(5)
[2020-09-08T10:10:02.131-0300][gc,heap        ] GC(462) Old regions: 51->51
[2020-09-08T10:10:02.131-0300][gc,heap        ] GC(462) Humongous regions: 4->4
[2020-09-08T10:10:02.131-0300][gc,metaspace   ] GC(462) Metaspace: 40976K->40976K(1089536K)
[2020-09-08T10:10:02.131-0300][gc,heap        ] GC(462) Heap after GC invocations=463 (full 1): garbage-first heap   total 109568K, used 55309K [0x0000000083000000, 0x0000000100000000)
[2020-09-08T10:10:02.131-0300][gc,heap        ] GC(462)   region size 1024K, 2 young (2048K), 2 survivors (2048K)
[2020-09-08T10:10:02.131-0300][gc,heap        ] GC(462)  Metaspace       used 40976K, capacity 43387K, committed 46208K, reserved 1089536K
[2020-09-08T10:10:02.131-0300][gc,heap        ] GC(462)   class space    used 4252K, capacity 5101K, committed 6016K, reserved 1048576K
[2020-09-08T10:10:02.131-0300][gc             ] GC(462) Pause Young (Normal) (G1 Evacuation Pause) 88M->54M(107M) 22.500ms
[2020-09-08T10:10:02.132-0300][gc,cpu         ] GC(462) User=0.06s Sys=0.01s Real=0.03s
[2020-09-08T10:10:07.292-0300][gc,heap        ] GC(463) Heap before GC invocations=463 (full 1): garbage-first heap   total 109568K, used 90125K [0x0000000083000000, 0x0000000100000000)
[2020-09-08T10:10:07.293-0300][gc,heap        ] GC(463)   region size 1024K, 37 young (37888K), 2 survivors (2048K)
[2020-09-08T10:10:07.293-0300][gc,heap        ] GC(463)  Metaspace       used 40976K, capacity 43387K, committed 46208K, reserved 1089536K
[2020-09-08T10:10:07.293-0300][gc,heap        ] GC(463)   class space    used 4252K, capacity 5101K, committed 6016K, reserved 1048576K
[2020-09-08T10:10:07.293-0300][gc,start       ] GC(463) Pause Young (Normal) (G1 Evacuation Pause)
[2020-09-08T10:10:07.293-0300][gc,task        ] GC(463) Using 4 workers of 4 for evacuation
[2020-09-08T10:10:07.309-0300][gc,phases      ] GC(463)   Pre Evacuate Collection Set: 0.0ms
[2020-09-08T10:10:07.309-0300][gc,phases      ] GC(463)   Evacuate Collection Set: 12.1ms
[2020-09-08T10:10:07.309-0300][gc,phases      ] GC(463)   Post Evacuate Collection Set: 2.4ms
[2020-09-08T10:10:07.309-0300][gc,phases      ] GC(463)   Other: 2.2ms
[2020-09-08T10:10:07.310-0300][gc,heap        ] GC(463) Eden regions: 35->0(34)
[2020-09-08T10:10:07.310-0300][gc,heap        ] GC(463) Survivor regions: 2->3(5)
[2020-09-08T10:10:07.310-0300][gc,heap        ] GC(463) Old regions: 51->51
[2020-09-08T10:10:07.310-0300][gc,heap        ] GC(463) Humongous regions: 4->4
[2020-09-08T10:10:07.310-0300][gc,metaspace   ] GC(463) Metaspace: 40976K->40976K(1089536K)
[2020-09-08T10:10:07.310-0300][gc,heap        ] GC(463) Heap after GC invocations=464 (full 1): garbage-first heap   total 109568K, used 55602K [0x0000000083000000, 0x0000000100000000)
[2020-09-08T10:10:07.310-0300][gc,heap        ] GC(463)   region size 1024K, 3 young (3072K), 3 survivors (3072K)
[2020-09-08T10:10:07.310-0300][gc,heap        ] GC(463)  Metaspace       used 40976K, capacity 43387K, committed 46208K, reserved 1089536K
[2020-09-08T10:10:07.310-0300][gc,heap        ] GC(463)   class space    used 4252K, capacity 5101K, committed 6016K, reserved 1048576K
[2020-09-08T10:10:07.310-0300][gc             ] GC(463) Pause Young (Normal) (G1 Evacuation Pause) 89M->54M(107M) 16.679ms
[2020-09-08T10:10:07.310-0300][gc,cpu         ] GC(463) User=0.04s Sys=0.01s Real=0.01s
[2020-09-08T10:10:12.268-0300][gc,heap        ] GC(464) Heap before GC invocations=464 (full 1): garbage-first heap   total 109568K, used 89394K [0x0000000083000000, 0x0000000100000000)
[2020-09-08T10:10:12.268-0300][gc,heap        ] GC(464)   region size 1024K, 37 young (37888K), 3 survivors (3072K)
[2020-09-08T10:10:12.268-0300][gc,heap        ] GC(464)  Metaspace       used 40976K, capacity 43387K, committed 46208K, reserved 1089536K
[2020-09-08T10:10:12.269-0300][gc,heap        ] GC(464)   class space    used 4252K, capacity 5101K, committed 6016K, reserved 1048576K
[2020-09-08T10:10:12.269-0300][gc,start       ] GC(464) Pause Young (Concurrent Start) (G1 Evacuation Pause)
[2020-09-08T10:10:12.269-0300][gc,task        ] GC(464) Using 4 workers of 4 for evacuation
[2020-09-08T10:10:12.289-0300][gc,phases      ] GC(464)   Pre Evacuate Collection Set: 0.3ms
[2020-09-08T10:10:12.289-0300][gc,phases      ] GC(464)   Evacuate Collection Set: 16.8ms
[2020-09-08T10:10:12.289-0300][gc,phases      ] GC(464)   Post Evacuate Collection Set: 1.5ms
[2020-09-08T10:10:12.289-0300][gc,phases      ] GC(464)   Other: 2.2ms
[2020-09-08T10:10:12.289-0300][gc,heap        ] GC(464) Eden regions: 34->0(34)
[2020-09-08T10:10:12.290-0300][gc,heap        ] GC(464) Survivor regions: 3->3(5)
[2020-09-08T10:10:12.290-0300][gc,heap        ] GC(464) Old regions: 51->51
[2020-09-08T10:10:12.290-0300][gc,heap        ] GC(464) Humongous regions: 4->4
[2020-09-08T10:10:12.290-0300][gc,metaspace   ] GC(464) Metaspace: 40976K->40976K(1089536K)
[2020-09-08T10:10:12.290-0300][gc,heap        ] GC(464) Heap after GC invocations=465 (full 1): garbage-first heap   total 109568K, used 56475K [0x0000000083000000, 0x0000000100000000)
[2020-09-08T10:10:12.290-0300][gc,heap        ] GC(464)   region size 1024K, 3 young (3072K), 3 survivors (3072K)
[2020-09-08T10:10:12.290-0300][gc,heap        ] GC(464)  Metaspace       used 40976K, capacity 43387K, committed 46208K, reserved 1089536K
[2020-09-08T10:10:12.290-0300][gc,heap        ] GC(464)   class space    used 4252K, capacity 5101K, committed 6016K, reserved 1048576K
[2020-09-08T10:10:12.290-0300][gc             ] GC(464) Pause Young (Concurrent Start) (G1 Evacuation Pause) 88M->55M(107M) 21.051ms
[2020-09-08T10:10:12.290-0300][gc,cpu         ] GC(464) User=0.06s Sys=0.01s Real=0.02s
[2020-09-08T10:10:12.290-0300][gc             ] GC(465) Concurrent Cycle
[2020-09-08T10:10:12.291-0300][gc,marking     ] GC(465) Concurrent Clear Claimed Marks
[2020-09-08T10:10:12.291-0300][gc,marking     ] GC(465) Concurrent Clear Claimed Marks 0.456ms
[2020-09-08T10:10:12.291-0300][gc,marking     ] GC(465) Concurrent Scan Root Regions
[2020-09-08T10:10:12.303-0300][gc,marking     ] GC(465) Concurrent Scan Root Regions 11.374ms
[2020-09-08T10:10:12.303-0300][gc,marking     ] GC(465) Concurrent Mark (2069.777s)
[2020-09-08T10:10:12.303-0300][gc,marking     ] GC(465) Concurrent Mark From Roots
[2020-09-08T10:10:12.303-0300][gc,task        ] GC(465) Using 1 workers of 1 for marking
[2020-09-08T10:10:12.659-0300][gc,marking     ] GC(465) Concurrent Mark From Roots 355.132ms
[2020-09-08T10:10:12.659-0300][gc,marking     ] GC(465) Concurrent Preclean
[2020-09-08T10:10:12.660-0300][gc,marking     ] GC(465) Concurrent Preclean 1.591ms
[2020-09-08T10:10:12.660-0300][gc,marking     ] GC(465) Concurrent Mark (2069.777s, 2070.134s) 357.108ms
[2020-09-08T10:10:12.666-0300][gc,start       ] GC(465) Pause Remark
[2020-09-08T10:10:12.708-0300][gc,stringtable ] GC(465) Cleaned string and symbol table, strings: 23056 processed, 0 removed, symbols: 95040 processed, 3 removed
[2020-09-08T10:10:12.710-0300][gc             ] GC(465) Pause Remark 68M->68M(107M) 44.168ms
[2020-09-08T10:10:12.711-0300][gc,cpu         ] GC(465) User=0.13s Sys=0.01s Real=0.04s
[2020-09-08T10:10:12.712-0300][gc,marking     ] GC(465) Concurrent Rebuild Remembered Sets
[2020-09-08T10:10:12.922-0300][gc,marking     ] GC(465) Concurrent Rebuild Remembered Sets 210.467ms
[2020-09-08T10:10:12.925-0300][gc,start       ] GC(465) Pause Cleanup
[2020-09-08T10:10:12.926-0300][gc             ] GC(465) Pause Cleanup 70M->70M(107M) 0.831ms
[2020-09-08T10:10:12.927-0300][gc,cpu         ] GC(465) User=0.00s Sys=0.00s Real=0.00s
[2020-09-08T10:10:12.927-0300][gc,marking     ] GC(465) Concurrent Cleanup for Next Mark
[2020-09-08T10:10:12.930-0300][gc,marking     ] GC(465) Concurrent Cleanup for Next Mark 2.665ms
[2020-09-08T10:10:12.930-0300][gc             ] GC(465) Concurrent Cycle 639.845ms
[2020-09-08T10:10:17.002-0300][gc,heap        ] GC(466) Heap before GC invocations=466 (full 1): garbage-first heap   total 109568K, used 90267K [0x0000000083000000, 0x0000000100000000)
[2020-09-08T10:10:17.002-0300][gc,heap        ] GC(466)   region size 1024K, 37 young (37888K), 3 survivors (3072K)
[2020-09-08T10:10:17.003-0300][gc,heap        ] GC(466)  Metaspace       used 40976K, capacity 43387K, committed 46208K, reserved 1089536K
[2020-09-08T10:10:17.003-0300][gc,heap        ] GC(466)   class space    used 4252K, capacity 5101K, committed 6016K, reserved 1048576K
[2020-09-08T10:10:17.003-0300][gc,start       ] GC(466) Pause Young (Prepare Mixed) (G1 Evacuation Pause)
[2020-09-08T10:10:17.003-0300][gc,task        ] GC(466) Using 4 workers of 4 for evacuation
[2020-09-08T10:10:17.023-0300][gc,phases      ] GC(466)   Pre Evacuate Collection Set: 0.0ms
[2020-09-08T10:10:17.023-0300][gc,phases      ] GC(466)   Evacuate Collection Set: 15.7ms
[2020-09-08T10:10:17.023-0300][gc,phases      ] GC(466)   Post Evacuate Collection Set: 1.9ms
[2020-09-08T10:10:17.023-0300][gc,phases      ] GC(466)   Other: 3.1ms
[2020-09-08T10:10:17.023-0300][gc,heap        ] GC(466) Eden regions: 34->0(3)
[2020-09-08T10:10:17.023-0300][gc,heap        ] GC(466) Survivor regions: 3->2(5)
[2020-09-08T10:10:17.023-0300][gc,heap        ] GC(466) Old regions: 51->52
[2020-09-08T10:10:17.023-0300][gc,heap        ] GC(466) Humongous regions: 4->4
[2020-09-08T10:10:17.023-0300][gc,metaspace   ] GC(466) Metaspace: 40976K->40976K(1089536K)
[2020-09-08T10:10:17.023-0300][gc,heap        ] GC(466) Heap after GC invocations=467 (full 1): garbage-first heap   total 109568K, used 55860K [0x0000000083000000, 0x0000000100000000)
[2020-09-08T10:10:17.024-0300][gc,heap        ] GC(466)   region size 1024K, 2 young (2048K), 2 survivors (2048K)
[2020-09-08T10:10:17.024-0300][gc,heap        ] GC(466)  Metaspace       used 40976K, capacity 43387K, committed 46208K, reserved 1089536K
[2020-09-08T10:10:17.024-0300][gc,heap        ] GC(466)   class space    used 4252K, capacity 5101K, committed 6016K, reserved 1048576K
[2020-09-08T10:10:17.024-0300][gc             ] GC(466) Pause Young (Prepare Mixed) (G1 Evacuation Pause) 89M->54M(107M) 20.690ms
[2020-09-08T10:10:17.024-0300][gc,cpu         ] GC(466) User=0.06s Sys=0.01s Real=0.02s
[2020-09-08T10:10:17.528-0300][gc,heap        ] GC(467) Heap before GC invocations=467 (full 1): garbage-first heap   total 109568K, used 57908K [0x0000000083000000, 0x0000000100000000)
[2020-09-08T10:10:17.528-0300][gc,heap        ] GC(467)   region size 1024K, 5 young (5120K), 2 survivors (2048K)
[2020-09-08T10:10:17.528-0300][gc,heap        ] GC(467)  Metaspace       used 40976K, capacity 43387K, committed 46208K, reserved 1089536K
[2020-09-08T10:10:17.528-0300][gc,heap        ] GC(467)   class space    used 4252K, capacity 5101K, committed 6016K, reserved 1048576K
[2020-09-08T10:10:17.528-0300][gc,start       ] GC(467) Pause Young (Mixed) (G1 Evacuation Pause)
[2020-09-08T10:10:17.528-0300][gc,task        ] GC(467) Using 4 workers of 4 for evacuation
[2020-09-08T10:10:17.553-0300][gc,phases      ] GC(467)   Pre Evacuate Collection Set: 0.1ms
[2020-09-08T10:10:17.553-0300][gc,phases      ] GC(467)   Evacuate Collection Set: 21.6ms
[2020-09-08T10:10:17.553-0300][gc,phases      ] GC(467)   Post Evacuate Collection Set: 1.7ms
[2020-09-08T10:10:17.553-0300][gc,phases      ] GC(467)   Other: 2.0ms
[2020-09-08T10:10:17.553-0300][gc,heap        ] GC(467) Eden regions: 3->0(35)
[2020-09-08T10:10:17.553-0300][gc,heap        ] GC(467) Survivor regions: 2->1(1)
[2020-09-08T10:10:17.553-0300][gc,heap        ] GC(467) Old regions: 52->51
[2020-09-08T10:10:17.553-0300][gc,heap        ] GC(467) Humongous regions: 4->4
[2020-09-08T10:10:17.554-0300][gc,metaspace   ] GC(467) Metaspace: 40976K->40976K(1089536K)
[2020-09-08T10:10:17.554-0300][gc,heap        ] GC(467) Heap after GC invocations=468 (full 1): garbage-first heap   total 109568K, used 55129K [0x0000000083000000, 0x0000000100000000)
[2020-09-08T10:10:17.554-0300][gc,heap        ] GC(467)   region size 1024K, 1 young (1024K), 1 survivors (1024K)
[2020-09-08T10:10:17.554-0300][gc,heap        ] GC(467)  Metaspace       used 40976K, capacity 43387K, committed 46208K, reserved 1089536K
[2020-09-08T10:10:17.554-0300][gc,heap        ] GC(467)   class space    used 4252K, capacity 5101K, committed 6016K, reserved 1048576K
[2020-09-08T10:10:17.554-0300][gc             ] GC(467) Pause Young (Mixed) (G1 Evacuation Pause) 57M->53M(107M) 25.593ms
[2020-09-08T10:10:17.554-0300][gc,cpu         ] GC(467) User=0.08s Sys=0.01s Real=0.03s
[2020-09-08T10:10:24.964-0300][gc,heap        ] GC(468) Heap before GC invocations=468 (full 1): garbage-first heap   total 109568K, used 89945K [0x0000000083000000, 0x0000000100000000)
[2020-09-08T10:10:24.964-0300][gc,heap        ] GC(468)   region size 1024K, 36 young (36864K), 1 survivors (1024K)
[2020-09-08T10:10:24.964-0300][gc,heap        ] GC(468)  Metaspace       used 40976K, capacity 43387K, committed 46208K, reserved 1089536K
[2020-09-08T10:10:24.964-0300][gc,heap        ] GC(468)   class space    used 4252K, capacity 5101K, committed 6016K, reserved 1048576K
[2020-09-08T10:10:24.965-0300][gc,start       ] GC(468) Pause Young (Normal) (G1 Evacuation Pause)
[2020-09-08T10:10:24.965-0300][gc,task        ] GC(468) Using 4 workers of 4 for evacuation
[2020-09-08T10:10:24.981-0300][gc,phases      ] GC(468)   Pre Evacuate Collection Set: 0.0ms
[2020-09-08T10:10:24.981-0300][gc,phases      ] GC(468)   Evacuate Collection Set: 13.1ms
[2020-09-08T10:10:24.981-0300][gc,phases      ] GC(468)   Post Evacuate Collection Set: 1.7ms
[2020-09-08T10:10:24.981-0300][gc,phases      ] GC(468)   Other: 2.2ms
[2020-09-08T10:10:24.981-0300][gc,heap        ] GC(468) Eden regions: 35->0(35)
[2020-09-08T10:10:24.981-0300][gc,heap        ] GC(468) Survivor regions: 1->2(5)
[2020-09-08T10:10:24.982-0300][gc,heap        ] GC(468) Old regions: 51->51
[2020-09-08T10:10:24.982-0300][gc,heap        ] GC(468) Humongous regions: 4->4
[2020-09-08T10:10:24.982-0300][gc,metaspace   ] GC(468) Metaspace: 40976K->40976K(1089536K)
[2020-09-08T10:10:24.982-0300][gc,heap        ] GC(468) Heap after GC invocations=469 (full 1): garbage-first heap   total 109568K, used 55738K [0x0000000083000000, 0x0000000100000000)
[2020-09-08T10:10:24.982-0300][gc,heap        ] GC(468)   region size 1024K, 2 young (2048K), 2 survivors (2048K)
[2020-09-08T10:10:24.982-0300][gc,heap        ] GC(468)  Metaspace       used 40976K, capacity 43387K, committed 46208K, reserved 1089536K
[2020-09-08T10:10:24.982-0300][gc,heap        ] GC(468)   class space    used 4252K, capacity 5101K, committed 6016K, reserved 1048576K
[2020-09-08T10:10:24.982-0300][gc             ] GC(468) Pause Young (Normal) (G1 Evacuation Pause) 88M->54M(107M) 17.291ms
[2020-09-08T10:10:24.982-0300][gc,cpu         ] GC(468) User=0.05s Sys=0.00s Real=0.02s
[2020-09-08T10:10:33.484-0300][gc,heap        ] GC(469) Heap before GC invocations=469 (full 1): garbage-first heap   total 109568K, used 90554K [0x0000000083000000, 0x0000000100000000)
[2020-09-08T10:10:33.484-0300][gc,heap        ] GC(469)   region size 1024K, 37 young (37888K), 2 survivors (2048K)
[2020-09-08T10:10:33.484-0300][gc,heap        ] GC(469)  Metaspace       used 40976K, capacity 43387K, committed 46208K, reserved 1089536K
[2020-09-08T10:10:33.484-0300][gc,heap        ] GC(469)   class space    used 4252K, capacity 5101K, committed 6016K, reserved 1048576K
[2020-09-08T10:10:33.484-0300][gc,start       ] GC(469) Pause Young (Normal) (G1 Evacuation Pause)
[2020-09-08T10:10:33.484-0300][gc,task        ] GC(469) Using 4 workers of 4 for evacuation
[2020-09-08T10:10:33.498-0300][gc,phases      ] GC(469)   Pre Evacuate Collection Set: 0.0ms
[2020-09-08T10:10:33.498-0300][gc,phases      ] GC(469)   Evacuate Collection Set: 10.3ms
[2020-09-08T10:10:33.498-0300][gc,phases      ] GC(469)   Post Evacuate Collection Set: 1.6ms
[2020-09-08T10:10:33.498-0300][gc,phases      ] GC(469)   Other: 2.4ms
[2020-09-08T10:10:33.498-0300][gc,heap        ] GC(469) Eden regions: 35->0(35)
[2020-09-08T10:10:33.498-0300][gc,heap        ] GC(469) Survivor regions: 2->2(5)
[2020-09-08T10:10:33.498-0300][gc,heap        ] GC(469) Old regions: 51->51
[2020-09-08T10:10:33.498-0300][gc,heap        ] GC(469) Humongous regions: 4->4
[2020-09-08T10:10:33.498-0300][gc,metaspace   ] GC(469) Metaspace: 40976K->40976K(1089536K)
[2020-09-08T10:10:33.499-0300][gc,heap        ] GC(469) Heap after GC invocations=470 (full 1): garbage-first heap   total 109568K, used 55759K [0x0000000083000000, 0x0000000100000000)
[2020-09-08T10:10:33.499-0300][gc,heap        ] GC(469)   region size 1024K, 2 young (2048K), 2 survivors (2048K)
[2020-09-08T10:10:33.499-0300][gc,heap        ] GC(469)  Metaspace       used 40976K, capacity 43387K, committed 46208K, reserved 1089536K
[2020-09-08T10:10:33.499-0300][gc,heap        ] GC(469)   class space    used 4252K, capacity 5101K, committed 6016K, reserved 1048576K
[2020-09-08T10:10:33.499-0300][gc             ] GC(469) Pause Young (Normal) (G1 Evacuation Pause) 89M->54M(107M) 14.425ms
[2020-09-08T10:10:33.499-0300][gc,cpu         ] GC(469) User=0.03s Sys=0.00s Real=0.01s
[2020-09-08T10:10:41.356-0300][gc,heap        ] GC(470) Heap before GC invocations=470 (full 1): garbage-first heap   total 109568K, used 90575K [0x0000000083000000, 0x0000000100000000)
[2020-09-08T10:10:41.356-0300][gc,heap        ] GC(470)   region size 1024K, 37 young (37888K), 2 survivors (2048K)
[2020-09-08T10:10:41.356-0300][gc,heap        ] GC(470)  Metaspace       used 40976K, capacity 43387K, committed 46208K, reserved 1089536K
[2020-09-08T10:10:41.356-0300][gc,heap        ] GC(470)   class space    used 4252K, capacity 5101K, committed 6016K, reserved 1048576K
[2020-09-08T10:10:41.357-0300][gc,start       ] GC(470) Pause Young (Concurrent Start) (G1 Evacuation Pause)
[2020-09-08T10:10:41.357-0300][gc,task        ] GC(470) Using 4 workers of 4 for evacuation
[2020-09-08T10:10:41.372-0300][gc,phases      ] GC(470)   Pre Evacuate Collection Set: 0.4ms
[2020-09-08T10:10:41.372-0300][gc,phases      ] GC(470)   Evacuate Collection Set: 11.3ms
[2020-09-08T10:10:41.372-0300][gc,phases      ] GC(470)   Post Evacuate Collection Set: 1.8ms
[2020-09-08T10:10:41.372-0300][gc,phases      ] GC(470)   Other: 2.0ms
[2020-09-08T10:10:41.372-0300][gc,heap        ] GC(470) Eden regions: 35->0(35)
[2020-09-08T10:10:41.372-0300][gc,heap        ] GC(470) Survivor regions: 2->2(5)
[2020-09-08T10:10:41.372-0300][gc,heap        ] GC(470) Old regions: 51->51
[2020-09-08T10:10:41.372-0300][gc,heap        ] GC(470) Humongous regions: 4->4
[2020-09-08T10:10:41.372-0300][gc,metaspace   ] GC(470) Metaspace: 40976K->40976K(1089536K)
[2020-09-08T10:10:41.372-0300][gc,heap        ] GC(470) Heap after GC invocations=471 (full 1): garbage-first heap   total 109568K, used 56198K [0x0000000083000000, 0x0000000100000000)
[2020-09-08T10:10:41.372-0300][gc,heap        ] GC(470)   region size 1024K, 2 young (2048K), 2 survivors (2048K)
[2020-09-08T10:10:41.372-0300][gc,heap        ] GC(470)  Metaspace       used 40976K, capacity 43387K, committed 46208K, reserved 1089536K
[2020-09-08T10:10:41.372-0300][gc,heap        ] GC(470)   class space    used 4252K, capacity 5101K, committed 6016K, reserved 1048576K
[2020-09-08T10:10:41.372-0300][gc             ] GC(470) Pause Young (Concurrent Start) (G1 Evacuation Pause) 89M->54M(107M) 15.826ms
[2020-09-08T10:10:41.373-0300][gc,cpu         ] GC(470) User=0.05s Sys=0.00s Real=0.02s
[2020-09-08T10:10:41.373-0300][gc             ] GC(471) Concurrent Cycle
[2020-09-08T10:10:41.373-0300][gc,marking     ] GC(471) Concurrent Clear Claimed Marks
[2020-09-08T10:10:41.373-0300][gc,marking     ] GC(471) Concurrent Clear Claimed Marks 0.301ms
[2020-09-08T10:10:41.374-0300][gc,marking     ] GC(471) Concurrent Scan Root Regions
[2020-09-08T10:10:41.382-0300][gc,marking     ] GC(471) Concurrent Scan Root Regions 8.127ms
[2020-09-08T10:10:41.382-0300][gc,marking     ] GC(471) Concurrent Mark (2098.855s)
[2020-09-08T10:10:41.382-0300][gc,marking     ] GC(471) Concurrent Mark From Roots
[2020-09-08T10:10:41.382-0300][gc,task        ] GC(471) Using 1 workers of 1 for marking
[2020-09-08T10:10:41.685-0300][gc,marking     ] GC(471) Concurrent Mark From Roots 303.250ms
[2020-09-08T10:10:41.685-0300][gc,marking     ] GC(471) Concurrent Preclean
[2020-09-08T10:10:41.686-0300][gc,marking     ] GC(471) Concurrent Preclean 1.108ms
[2020-09-08T10:10:41.687-0300][gc,marking     ] GC(471) Concurrent Mark (2098.855s, 2099.160s) 304.658ms
[2020-09-08T10:10:41.689-0300][gc,start       ] GC(471) Pause Remark
[2020-09-08T10:10:41.737-0300][gc,stringtable ] GC(471) Cleaned string and symbol table, strings: 23056 processed, 17 removed, symbols: 95037 processed, 0 removed
[2020-09-08T10:10:41.739-0300][gc             ] GC(471) Pause Remark 56M->56M(107M) 49.976ms
[2020-09-08T10:10:41.739-0300][gc,cpu         ] GC(471) User=0.17s Sys=0.01s Real=0.05s
[2020-09-08T10:10:41.740-0300][gc,marking     ] GC(471) Concurrent Rebuild Remembered Sets
[2020-09-08T10:10:41.962-0300][gc,marking     ] GC(471) Concurrent Rebuild Remembered Sets 221.902ms
[2020-09-08T10:10:41.965-0300][gc,start       ] GC(471) Pause Cleanup
[2020-09-08T10:10:41.966-0300][gc             ] GC(471) Pause Cleanup 58M->58M(107M) 0.583ms
[2020-09-08T10:10:41.966-0300][gc,cpu         ] GC(471) User=0.00s Sys=0.00s Real=0.00s
[2020-09-08T10:10:41.967-0300][gc,marking     ] GC(471) Concurrent Cleanup for Next Mark
[2020-09-08T10:10:41.970-0300][gc,marking     ] GC(471) Concurrent Cleanup for Next Mark 2.862ms
[2020-09-08T10:10:41.970-0300][gc             ] GC(471) Concurrent Cycle 597.015ms
[2020-09-08T10:10:49.708-0300][gc,heap        ] GC(472) Heap before GC invocations=472 (full 1): garbage-first heap   total 109568K, used 91014K [0x0000000083000000, 0x0000000100000000)
[2020-09-08T10:10:49.708-0300][gc,heap        ] GC(472)   region size 1024K, 37 young (37888K), 2 survivors (2048K)
[2020-09-08T10:10:49.708-0300][gc,heap        ] GC(472)  Metaspace       used 40604K, capacity 42814K, committed 46208K, reserved 1089536K
[2020-09-08T10:10:49.709-0300][gc,heap        ] GC(472)   class space    used 4150K, capacity 4903K, committed 6016K, reserved 1048576K
[2020-09-08T10:10:49.709-0300][gc,start       ] GC(472) Pause Young (Prepare Mixed) (G1 Evacuation Pause)
[2020-09-08T10:10:49.709-0300][gc,task        ] GC(472) Using 4 workers of 4 for evacuation
[2020-09-08T10:10:49.727-0300][gc,phases      ] GC(472)   Pre Evacuate Collection Set: 0.0ms
[2020-09-08T10:10:49.727-0300][gc,phases      ] GC(472)   Evacuate Collection Set: 14.8ms
[2020-09-08T10:10:49.727-0300][gc,phases      ] GC(472)   Post Evacuate Collection Set: 1.6ms
[2020-09-08T10:10:49.727-0300][gc,phases      ] GC(472)   Other: 2.3ms
[2020-09-08T10:10:49.727-0300][gc,heap        ] GC(472) Eden regions: 35->0(3)
[2020-09-08T10:10:49.727-0300][gc,heap        ] GC(472) Survivor regions: 2->2(5)
[2020-09-08T10:10:49.727-0300][gc,heap        ] GC(472) Old regions: 51->51
[2020-09-08T10:10:49.727-0300][gc,heap        ] GC(472) Humongous regions: 4->4
[2020-09-08T10:10:49.727-0300][gc,metaspace   ] GC(472) Metaspace: 40604K->40604K(1089536K)
[2020-09-08T10:10:49.727-0300][gc,heap        ] GC(472) Heap after GC invocations=473 (full 1): garbage-first heap   total 109568K, used 56280K [0x0000000083000000, 0x0000000100000000)
[2020-09-08T10:10:49.728-0300][gc,heap        ] GC(472)   region size 1024K, 2 young (2048K), 2 survivors (2048K)
[2020-09-08T10:10:49.728-0300][gc,heap        ] GC(472)  Metaspace       used 40604K, capacity 42814K, committed 46208K, reserved 1089536K
[2020-09-08T10:10:49.728-0300][gc,heap        ] GC(472)   class space    used 4150K, capacity 4903K, committed 6016K, reserved 1048576K
[2020-09-08T10:10:49.728-0300][gc             ] GC(472) Pause Young (Prepare Mixed) (G1 Evacuation Pause) 89M->54M(107M) 18.700ms
[2020-09-08T10:10:49.728-0300][gc,cpu         ] GC(472) User=0.05s Sys=0.01s Real=0.02s
[2020-09-08T10:10:50.368-0300][gc,heap        ] GC(473) Heap before GC invocations=473 (full 1): garbage-first heap   total 109568K, used 59352K [0x0000000083000000, 0x0000000100000000)
[2020-09-08T10:10:50.368-0300][gc,heap        ] GC(473)   region size 1024K, 5 young (5120K), 2 survivors (2048K)
[2020-09-08T10:10:50.368-0300][gc,heap        ] GC(473)  Metaspace       used 40604K, capacity 42814K, committed 46208K, reserved 1089536K
[2020-09-08T10:10:50.368-0300][gc,heap        ] GC(473)   class space    used 4150K, capacity 4903K, committed 6016K, reserved 1048576K
[2020-09-08T10:10:50.368-0300][gc,start       ] GC(473) Pause Young (Mixed) (G1 Evacuation Pause)
[2020-09-08T10:10:50.368-0300][gc,task        ] GC(473) Using 4 workers of 4 for evacuation
[2020-09-08T10:10:50.398-0300][gc,phases      ] GC(473)   Pre Evacuate Collection Set: 0.1ms
[2020-09-08T10:10:50.398-0300][gc,phases      ] GC(473)   Evacuate Collection Set: 26.4ms
[2020-09-08T10:10:50.398-0300][gc,phases      ] GC(473)   Post Evacuate Collection Set: 1.7ms
[2020-09-08T10:10:50.398-0300][gc,phases      ] GC(473)   Other: 1.9ms
[2020-09-08T10:10:50.398-0300][gc,heap        ] GC(473) Eden regions: 3->0(37)
[2020-09-08T10:10:50.398-0300][gc,heap        ] GC(473) Survivor regions: 2->1(1)
[2020-09-08T10:10:50.398-0300][gc,heap        ] GC(473) Old regions: 51->50
[2020-09-08T10:10:50.398-0300][gc,heap        ] GC(473) Humongous regions: 4->4
[2020-09-08T10:10:50.398-0300][gc,metaspace   ] GC(473) Metaspace: 40604K->40604K(1089536K)
[2020-09-08T10:10:50.398-0300][gc,heap        ] GC(473) Heap after GC invocations=474 (full 1): garbage-first heap   total 109568K, used 53480K [0x0000000083000000, 0x0000000100000000)
[2020-09-08T10:10:50.398-0300][gc,heap        ] GC(473)   region size 1024K, 1 young (1024K), 1 survivors (1024K)
[2020-09-08T10:10:50.398-0300][gc,heap        ] GC(473)  Metaspace       used 40604K, capacity 42814K, committed 46208K, reserved 1089536K
[2020-09-08T10:10:50.398-0300][gc,heap        ] GC(473)   class space    used 4150K, capacity 4903K, committed 6016K, reserved 1048576K
[2020-09-08T10:10:50.398-0300][gc             ] GC(473) Pause Young (Mixed) (G1 Evacuation Pause) 57M->52M(107M) 30.282ms
[2020-09-08T10:10:50.399-0300][gc,cpu         ] GC(473) User=0.10s Sys=0.01s Real=0.03s
[2020-09-08T10:10:59.190-0300][gc,heap        ] GC(474) Heap before GC invocations=474 (full 1): garbage-first heap   total 109568K, used 90344K [0x0000000083000000, 0x0000000100000000)
[2020-09-08T10:10:59.190-0300][gc,heap        ] GC(474)   region size 1024K, 38 young (38912K), 1 survivors (1024K)
[2020-09-08T10:10:59.190-0300][gc,heap        ] GC(474)  Metaspace       used 40604K, capacity 42814K, committed 46208K, reserved 1089536K
[2020-09-08T10:10:59.190-0300][gc,heap        ] GC(474)   class space    used 4150K, capacity 4903K, committed 6016K, reserved 1048576K
[2020-09-08T10:10:59.191-0300][gc,start       ] GC(474) Pause Young (Normal) (G1 Evacuation Pause)
[2020-09-08T10:10:59.191-0300][gc,task        ] GC(474) Using 4 workers of 4 for evacuation
[2020-09-08T10:10:59.204-0300][gc,phases      ] GC(474)   Pre Evacuate Collection Set: 0.0ms
[2020-09-08T10:10:59.204-0300][gc,phases      ] GC(474)   Evacuate Collection Set: 9.7ms
[2020-09-08T10:10:59.205-0300][gc,phases      ] GC(474)   Post Evacuate Collection Set: 2.2ms
[2020-09-08T10:10:59.205-0300][gc,phases      ] GC(474)   Other: 2.2ms
[2020-09-08T10:10:59.205-0300][gc,heap        ] GC(474) Eden regions: 37->0(37)
[2020-09-08T10:10:59.205-0300][gc,heap        ] GC(474) Survivor regions: 1->1(5)
[2020-09-08T10:10:59.205-0300][gc,heap        ] GC(474) Old regions: 50->50
[2020-09-08T10:10:59.205-0300][gc,heap        ] GC(474) Humongous regions: 4->4
[2020-09-08T10:10:59.205-0300][gc,metaspace   ] GC(474) Metaspace: 40604K->40604K(1089536K)
[2020-09-08T10:10:59.205-0300][gc,heap        ] GC(474) Heap after GC invocations=475 (full 1): garbage-first heap   total 109568K, used 53645K [0x0000000083000000, 0x0000000100000000)
[2020-09-08T10:10:59.205-0300][gc,heap        ] GC(474)   region size 1024K, 1 young (1024K), 1 survivors (1024K)
[2020-09-08T10:10:59.206-0300][gc,heap        ] GC(474)  Metaspace       used 40604K, capacity 42814K, committed 46208K, reserved 1089536K
[2020-09-08T10:10:59.206-0300][gc,heap        ] GC(474)   class space    used 4150K, capacity 4903K, committed 6016K, reserved 1048576K
[2020-09-08T10:10:59.206-0300][gc             ] GC(474) Pause Young (Normal) (G1 Evacuation Pause) 89M->52M(107M) 15.117ms
[2020-09-08T10:10:59.206-0300][gc,cpu         ] GC(474) User=0.04s Sys=0.01s Real=0.02s
[2020-09-08T10:11:07.163-0300][gc,heap        ] GC(475) Heap before GC invocations=475 (full 1): garbage-first heap   total 109568K, used 90509K [0x0000000083000000, 0x0000000100000000)
[2020-09-08T10:11:07.163-0300][gc,heap        ] GC(475)   region size 1024K, 38 young (38912K), 1 survivors (1024K)
[2020-09-08T10:11:07.163-0300][gc,heap        ] GC(475)  Metaspace       used 40605K, capacity 42814K, committed 46208K, reserved 1089536K
[2020-09-08T10:11:07.163-0300][gc,heap        ] GC(475)   class space    used 4150K, capacity 4903K, committed 6016K, reserved 1048576K
[2020-09-08T10:11:07.163-0300][gc,start       ] GC(475) Pause Young (Normal) (G1 Evacuation Pause)
[2020-09-08T10:11:07.163-0300][gc,task        ] GC(475) Using 4 workers of 4 for evacuation
[2020-09-08T10:11:07.179-0300][gc,phases      ] GC(475)   Pre Evacuate Collection Set: 0.1ms
[2020-09-08T10:11:07.179-0300][gc,phases      ] GC(475)   Evacuate Collection Set: 11.2ms
[2020-09-08T10:11:07.179-0300][gc,phases      ] GC(475)   Post Evacuate Collection Set: 3.2ms
[2020-09-08T10:11:07.179-0300][gc,phases      ] GC(475)   Other: 1.8ms
[2020-09-08T10:11:07.179-0300][gc,heap        ] GC(475) Eden regions: 37->0(36)
[2020-09-08T10:11:07.179-0300][gc,heap        ] GC(475) Survivor regions: 1->2(5)
[2020-09-08T10:11:07.179-0300][gc,heap        ] GC(475) Old regions: 50->50
[2020-09-08T10:11:07.179-0300][gc,heap        ] GC(475) Humongous regions: 4->4
[2020-09-08T10:11:07.179-0300][gc,metaspace   ] GC(475) Metaspace: 40605K->40605K(1089536K)
[2020-09-08T10:11:07.179-0300][gc,heap        ] GC(475) Heap after GC invocations=476 (full 1): garbage-first heap   total 109568K, used 54723K [0x0000000083000000, 0x0000000100000000)
[2020-09-08T10:11:07.179-0300][gc,heap        ] GC(475)   region size 1024K, 2 young (2048K), 2 survivors (2048K)
[2020-09-08T10:11:07.179-0300][gc,heap        ] GC(475)  Metaspace       used 40605K, capacity 42814K, committed 46208K, reserved 1089536K
[2020-09-08T10:11:07.179-0300][gc,heap        ] GC(475)   class space    used 4150K, capacity 4903K, committed 6016K, reserved 1048576K
[2020-09-08T10:11:07.180-0300][gc             ] GC(475) Pause Young (Normal) (G1 Evacuation Pause) 89M->53M(107M) 16.552ms
[2020-09-08T10:11:07.180-0300][gc,cpu         ] GC(475) User=0.05s Sys=0.01s Real=0.01s
[2020-09-08T10:11:12.951-0300][gc,heap        ] GC(476) Heap before GC invocations=476 (full 1): garbage-first heap   total 109568K, used 90563K [0x0000000083000000, 0x0000000100000000)
[2020-09-08T10:11:12.951-0300][gc,heap        ] GC(476)   region size 1024K, 38 young (38912K), 2 survivors (2048K)
[2020-09-08T10:11:12.952-0300][gc,heap        ] GC(476)  Metaspace       used 40605K, capacity 42814K, committed 46208K, reserved 1089536K
[2020-09-08T10:11:12.952-0300][gc,heap        ] GC(476)   class space    used 4150K, capacity 4903K, committed 6016K, reserved 1048576K
[2020-09-08T10:11:12.952-0300][gc,start       ] GC(476) Pause Young (Concurrent Start) (G1 Evacuation Pause)
[2020-09-08T10:11:12.952-0300][gc,task        ] GC(476) Using 4 workers of 4 for evacuation
[2020-09-08T10:11:12.967-0300][gc,phases      ] GC(476)   Pre Evacuate Collection Set: 0.2ms
[2020-09-08T10:11:12.967-0300][gc,phases      ] GC(476)   Evacuate Collection Set: 10.7ms
[2020-09-08T10:11:12.967-0300][gc,phases      ] GC(476)   Post Evacuate Collection Set: 2.8ms
[2020-09-08T10:11:12.967-0300][gc,phases      ] GC(476)   Other: 2.1ms
[2020-09-08T10:11:12.967-0300][gc,heap        ] GC(476) Eden regions: 36->0(36)
[2020-09-08T10:11:12.967-0300][gc,heap        ] GC(476) Survivor regions: 2->2(5)
[2020-09-08T10:11:12.968-0300][gc,heap        ] GC(476) Old regions: 50->50
[2020-09-08T10:11:12.968-0300][gc,heap        ] GC(476) Humongous regions: 4->4
[2020-09-08T10:11:12.968-0300][gc,metaspace   ] GC(476) Metaspace: 40605K->40605K(1089536K)
[2020-09-08T10:11:12.968-0300][gc,heap        ] GC(476) Heap after GC invocations=477 (full 1): garbage-first heap   total 109568K, used 54383K [0x0000000083000000, 0x0000000100000000)
[2020-09-08T10:11:12.968-0300][gc,heap        ] GC(476)   region size 1024K, 2 young (2048K), 2 survivors (2048K)
[2020-09-08T10:11:12.968-0300][gc,heap        ] GC(476)  Metaspace       used 40605K, capacity 42814K, committed 46208K, reserved 1089536K
[2020-09-08T10:11:12.968-0300][gc,heap        ] GC(476)   class space    used 4150K, capacity 4903K, committed 6016K, reserved 1048576K
[2020-09-08T10:11:12.968-0300][gc             ] GC(476) Pause Young (Concurrent Start) (G1 Evacuation Pause) 89M->53M(107M) 16.367ms
[2020-09-08T10:11:12.969-0300][gc,cpu         ] GC(476) User=0.04s Sys=0.01s Real=0.01s
[2020-09-08T10:11:12.969-0300][gc             ] GC(477) Concurrent Cycle
[2020-09-08T10:11:12.969-0300][gc,marking     ] GC(477) Concurrent Clear Claimed Marks
[2020-09-08T10:11:12.969-0300][gc,marking     ] GC(477) Concurrent Clear Claimed Marks 0.292ms
[2020-09-08T10:11:12.969-0300][gc,marking     ] GC(477) Concurrent Scan Root Regions
[2020-09-08T10:11:12.979-0300][gc,marking     ] GC(477) Concurrent Scan Root Regions 10.059ms
[2020-09-08T10:11:12.980-0300][gc,marking     ] GC(477) Concurrent Mark (2130.453s)
[2020-09-08T10:11:12.980-0300][gc,marking     ] GC(477) Concurrent Mark From Roots
[2020-09-08T10:11:12.980-0300][gc,task        ] GC(477) Using 1 workers of 1 for marking
[2020-09-08T10:11:13.286-0300][gc,marking     ] GC(477) Concurrent Mark From Roots 306.350ms
[2020-09-08T10:11:13.286-0300][gc,marking     ] GC(477) Concurrent Preclean
[2020-09-08T10:11:13.287-0300][gc,marking     ] GC(477) Concurrent Preclean 1.155ms
[2020-09-08T10:11:13.287-0300][gc,marking     ] GC(477) Concurrent Mark (2130.453s, 2130.761s) 307.783ms
[2020-09-08T10:11:13.290-0300][gc,start       ] GC(477) Pause Remark
[2020-09-08T10:11:13.325-0300][gc,stringtable ] GC(477) Cleaned string and symbol table, strings: 23039 processed, 0 removed, symbols: 95037 processed, 7 removed
[2020-09-08T10:11:13.326-0300][gc             ] GC(477) Pause Remark 54M->54M(107M) 35.586ms
[2020-09-08T10:11:13.326-0300][gc,cpu         ] GC(477) User=0.13s Sys=0.00s Real=0.04s
[2020-09-08T10:11:13.327-0300][gc,marking     ] GC(477) Concurrent Rebuild Remembered Sets
[2020-09-08T10:11:13.498-0300][gc,marking     ] GC(477) Concurrent Rebuild Remembered Sets 171.599ms
[2020-09-08T10:11:13.501-0300][gc,start       ] GC(477) Pause Cleanup
[2020-09-08T10:11:13.501-0300][gc             ] GC(477) Pause Cleanup 54M->54M(107M) 0.460ms
[2020-09-08T10:11:13.502-0300][gc,cpu         ] GC(477) User=0.00s Sys=0.00s Real=0.00s
[2020-09-08T10:11:13.502-0300][gc,marking     ] GC(477) Concurrent Cleanup for Next Mark
[2020-09-08T10:11:13.503-0300][gc,marking     ] GC(477) Concurrent Cleanup for Next Mark 1.153ms
[2020-09-08T10:11:13.503-0300][gc             ] GC(477) Concurrent Cycle 534.742ms
[2020-09-08T10:11:22.864-0300][gc,heap        ] GC(478) Heap before GC invocations=478 (full 1): garbage-first heap   total 109568K, used 90223K [0x0000000083000000, 0x0000000100000000)
[2020-09-08T10:11:22.865-0300][gc,heap        ] GC(478)   region size 1024K, 38 young (38912K), 2 survivors (2048K)
[2020-09-08T10:11:22.865-0300][gc,heap        ] GC(478)  Metaspace       used 40607K, capacity 42814K, committed 46208K, reserved 1089536K
[2020-09-08T10:11:22.865-0300][gc,heap        ] GC(478)   class space    used 4150K, capacity 4903K, committed 6016K, reserved 1048576K
[2020-09-08T10:11:22.865-0300][gc,start       ] GC(478) Pause Young (Prepare Mixed) (G1 Evacuation Pause)
[2020-09-08T10:11:22.865-0300][gc,task        ] GC(478) Using 4 workers of 4 for evacuation
[2020-09-08T10:11:22.888-0300][gc,phases      ] GC(478)   Pre Evacuate Collection Set: 0.1ms
[2020-09-08T10:11:22.889-0300][gc,phases      ] GC(478)   Evacuate Collection Set: 19.2ms
[2020-09-08T10:11:22.889-0300][gc,phases      ] GC(478)   Post Evacuate Collection Set: 2.5ms
[2020-09-08T10:11:22.889-0300][gc,phases      ] GC(478)   Other: 2.3ms
[2020-09-08T10:11:22.889-0300][gc,heap        ] GC(478) Eden regions: 36->0(2)
[2020-09-08T10:11:22.889-0300][gc,heap        ] GC(478) Survivor regions: 2->3(5)
[2020-09-08T10:11:22.889-0300][gc,heap        ] GC(478) Old regions: 50->50
[2020-09-08T10:11:22.889-0300][gc,heap        ] GC(478) Humongous regions: 4->4
[2020-09-08T10:11:22.889-0300][gc,metaspace   ] GC(478) Metaspace: 40607K->40607K(1089536K)
[2020-09-08T10:11:22.889-0300][gc,heap        ] GC(478) Heap after GC invocations=479 (full 1): garbage-first heap   total 109568K, used 55452K [0x0000000083000000, 0x0000000100000000)
[2020-09-08T10:11:22.889-0300][gc,heap        ] GC(478)   region size 1024K, 3 young (3072K), 3 survivors (3072K)
[2020-09-08T10:11:22.889-0300][gc,heap        ] GC(478)  Metaspace       used 40607K, capacity 42814K, committed 46208K, reserved 1089536K
[2020-09-08T10:11:22.889-0300][gc,heap        ] GC(478)   class space    used 4150K, capacity 4903K, committed 6016K, reserved 1048576K
[2020-09-08T10:11:22.889-0300][gc             ] GC(478) Pause Young (Prepare Mixed) (G1 Evacuation Pause) 89M->54M(107M) 24.387ms
[2020-09-08T10:11:22.890-0300][gc,cpu         ] GC(478) User=0.08s Sys=0.00s Real=0.02s
[2020-09-08T10:11:22.992-0300][gc,heap        ] GC(479) Heap before GC invocations=479 (full 1): garbage-first heap   total 109568K, used 57500K [0x0000000083000000, 0x0000000100000000)
[2020-09-08T10:11:22.992-0300][gc,heap        ] GC(479)   region size 1024K, 5 young (5120K), 3 survivors (3072K)
[2020-09-08T10:11:22.992-0300][gc,heap        ] GC(479)  Metaspace       used 40611K, capacity 42814K, committed 46208K, reserved 1089536K
[2020-09-08T10:11:22.992-0300][gc,heap        ] GC(479)   class space    used 4150K, capacity 4903K, committed 6016K, reserved 1048576K
[2020-09-08T10:11:22.993-0300][gc,start       ] GC(479) Pause Young (Mixed) (G1 Evacuation Pause)
[2020-09-08T10:11:22.993-0300][gc,task        ] GC(479) Using 4 workers of 4 for evacuation
[2020-09-08T10:11:23.025-0300][gc,phases      ] GC(479)   Pre Evacuate Collection Set: 0.1ms
[2020-09-08T10:11:23.025-0300][gc,phases      ] GC(479)   Evacuate Collection Set: 29.2ms
[2020-09-08T10:11:23.025-0300][gc,phases      ] GC(479)   Post Evacuate Collection Set: 1.3ms
[2020-09-08T10:11:23.025-0300][gc,phases      ] GC(479)   Other: 2.8ms
[2020-09-08T10:11:23.025-0300][gc,heap        ] GC(479) Eden regions: 2->0(36)
[2020-09-08T10:11:23.025-0300][gc,heap        ] GC(479) Survivor regions: 3->1(1)
[2020-09-08T10:11:23.025-0300][gc,heap        ] GC(479) Old regions: 50->51
[2020-09-08T10:11:23.025-0300][gc,heap        ] GC(479) Humongous regions: 4->4
[2020-09-08T10:11:23.025-0300][gc,metaspace   ] GC(479) Metaspace: 40611K->40611K(1089536K)
[2020-09-08T10:11:23.026-0300][gc,heap        ] GC(479) Heap after GC invocations=480 (full 1): garbage-first heap   total 109568K, used 54556K [0x0000000083000000, 0x0000000100000000)
[2020-09-08T10:11:23.026-0300][gc,heap        ] GC(479)   region size 1024K, 1 young (1024K), 1 survivors (1024K)
[2020-09-08T10:11:23.026-0300][gc,heap        ] GC(479)  Metaspace       used 40611K, capacity 42814K, committed 46208K, reserved 1089536K
[2020-09-08T10:11:23.026-0300][gc,heap        ] GC(479)   class space    used 4150K, capacity 4903K, committed 6016K, reserved 1048576K
[2020-09-08T10:11:23.026-0300][gc             ] GC(479) Pause Young (Mixed) (G1 Evacuation Pause) 56M->53M(107M) 33.185ms
[2020-09-08T10:11:23.026-0300][gc,cpu         ] GC(479) User=0.12s Sys=0.00s Real=0.03s
[2020-09-08T10:11:29.004-0300][gc,heap        ] GC(480) Heap before GC invocations=480 (full 1): garbage-first heap   total 109568K, used 90396K [0x0000000083000000, 0x0000000100000000)
[2020-09-08T10:11:29.004-0300][gc,heap        ] GC(480)   region size 1024K, 37 young (37888K), 1 survivors (1024K)
[2020-09-08T10:11:29.004-0300][gc,heap        ] GC(480)  Metaspace       used 40637K, capacity 42837K, committed 46208K, reserved 1089536K
[2020-09-08T10:11:29.004-0300][gc,heap        ] GC(480)   class space    used 4151K, capacity 4906K, committed 6016K, reserved 1048576K
[2020-09-08T10:11:29.004-0300][gc,start       ] GC(480) Pause Young (Normal) (G1 Evacuation Pause)
[2020-09-08T10:11:29.004-0300][gc,task        ] GC(480) Using 4 workers of 4 for evacuation
[2020-09-08T10:11:29.022-0300][gc,phases      ] GC(480)   Pre Evacuate Collection Set: 0.0ms
[2020-09-08T10:11:29.022-0300][gc,phases      ] GC(480)   Evacuate Collection Set: 13.9ms
[2020-09-08T10:11:29.022-0300][gc,phases      ] GC(480)   Post Evacuate Collection Set: 1.9ms
[2020-09-08T10:11:29.022-0300][gc,phases      ] GC(480)   Other: 2.2ms
[2020-09-08T10:11:29.022-0300][gc,heap        ] GC(480) Eden regions: 36->0(35)
[2020-09-08T10:11:29.022-0300][gc,heap        ] GC(480) Survivor regions: 1->2(5)
[2020-09-08T10:11:29.022-0300][gc,heap        ] GC(480) Old regions: 51->51
[2020-09-08T10:11:29.022-0300][gc,heap        ] GC(480) Humongous regions: 4->4
[2020-09-08T10:11:29.022-0300][gc,metaspace   ] GC(480) Metaspace: 40637K->40637K(1089536K)
[2020-09-08T10:11:29.022-0300][gc,heap        ] GC(480) Heap after GC invocations=481 (full 1): garbage-first heap   total 109568K, used 55807K [0x0000000083000000, 0x0000000100000000)
[2020-09-08T10:11:29.022-0300][gc,heap        ] GC(480)   region size 1024K, 2 young (2048K), 2 survivors (2048K)
[2020-09-08T10:11:29.022-0300][gc,heap        ] GC(480)  Metaspace       used 40637K, capacity 42837K, committed 46208K, reserved 1089536K
[2020-09-08T10:11:29.023-0300][gc,heap        ] GC(480)   class space    used 4151K, capacity 4906K, committed 6016K, reserved 1048576K
[2020-09-08T10:11:29.023-0300][gc             ] GC(480) Pause Young (Normal) (G1 Evacuation Pause) 89M->54M(107M) 18.202ms
[2020-09-08T10:11:29.023-0300][gc,cpu         ] GC(480) User=0.05s Sys=0.00s Real=0.02s
[2020-09-08T10:11:32.733-0300][gc,heap        ] GC(481) Heap before GC invocations=481 (full 1): garbage-first heap   total 109568K, used 90623K [0x0000000083000000, 0x0000000100000000)
[2020-09-08T10:11:32.733-0300][gc,heap        ] GC(481)   region size 1024K, 37 young (37888K), 2 survivors (2048K)
[2020-09-08T10:11:32.733-0300][gc,heap        ] GC(481)  Metaspace       used 40650K, capacity 42849K, committed 46208K, reserved 1089536K
[2020-09-08T10:11:32.733-0300][gc,heap        ] GC(481)   class space    used 4153K, capacity 4908K, committed 6016K, reserved 1048576K
[2020-09-08T10:11:32.733-0300][gc,start       ] GC(481) Pause Young (Normal) (G1 Evacuation Pause)
[2020-09-08T10:11:32.733-0300][gc,task        ] GC(481) Using 4 workers of 4 for evacuation
[2020-09-08T10:11:32.754-0300][gc,phases      ] GC(481)   Pre Evacuate Collection Set: 0.1ms
[2020-09-08T10:11:32.754-0300][gc,phases      ] GC(481)   Evacuate Collection Set: 15.7ms
[2020-09-08T10:11:32.754-0300][gc,phases      ] GC(481)   Post Evacuate Collection Set: 3.1ms
[2020-09-08T10:11:32.754-0300][gc,phases      ] GC(481)   Other: 2.4ms
[2020-09-08T10:11:32.754-0300][gc,heap        ] GC(481) Eden regions: 35->0(34)
[2020-09-08T10:11:32.755-0300][gc,heap        ] GC(481) Survivor regions: 2->3(5)
[2020-09-08T10:11:32.755-0300][gc,heap        ] GC(481) Old regions: 51->51
[2020-09-08T10:11:32.755-0300][gc,heap        ] GC(481) Humongous regions: 4->4
[2020-09-08T10:11:32.755-0300][gc,metaspace   ] GC(481) Metaspace: 40650K->40650K(1089536K)
[2020-09-08T10:11:32.755-0300][gc,heap        ] GC(481) Heap after GC invocations=482 (full 1): garbage-first heap   total 109568K, used 56837K [0x0000000083000000, 0x0000000100000000)
[2020-09-08T10:11:32.755-0300][gc,heap        ] GC(481)   region size 1024K, 3 young (3072K), 3 survivors (3072K)
[2020-09-08T10:11:32.755-0300][gc,heap        ] GC(481)  Metaspace       used 40650K, capacity 42849K, committed 46208K, reserved 1089536K
[2020-09-08T10:11:32.755-0300][gc,heap        ] GC(481)   class space    used 4153K, capacity 4908K, committed 6016K, reserved 1048576K
[2020-09-08T10:11:32.755-0300][gc             ] GC(481) Pause Young (Normal) (G1 Evacuation Pause) 89M->55M(107M) 22.283ms
[2020-09-08T10:11:32.756-0300][gc,cpu         ] GC(481) User=0.05s Sys=0.02s Real=0.02s
[2020-09-08T10:11:40.566-0300][gc,heap        ] GC(482) Heap before GC invocations=482 (full 1): garbage-first heap   total 109568K, used 90629K [0x0000000083000000, 0x0000000100000000)
[2020-09-08T10:11:40.566-0300][gc,heap        ] GC(482)   region size 1024K, 37 young (37888K), 3 survivors (3072K)
[2020-09-08T10:11:40.566-0300][gc,heap        ] GC(482)  Metaspace       used 40681K, capacity 42925K, committed 46208K, reserved 1089536K
[2020-09-08T10:11:40.566-0300][gc,heap        ] GC(482)   class space    used 4154K, capacity 4910K, committed 6016K, reserved 1048576K
[2020-09-08T10:11:40.566-0300][gc,start       ] GC(482) Pause Young (Concurrent Start) (G1 Evacuation Pause)
[2020-09-08T10:11:40.566-0300][gc,task        ] GC(482) Using 4 workers of 4 for evacuation
[2020-09-08T10:11:40.591-0300][gc,phases      ] GC(482)   Pre Evacuate Collection Set: 0.3ms
[2020-09-08T10:11:40.591-0300][gc,phases      ] GC(482)   Evacuate Collection Set: 20.6ms
[2020-09-08T10:11:40.591-0300][gc,phases      ] GC(482)   Post Evacuate Collection Set: 2.2ms
[2020-09-08T10:11:40.591-0300][gc,phases      ] GC(482)   Other: 2.6ms
[2020-09-08T10:11:40.592-0300][gc,heap        ] GC(482) Eden regions: 34->0(33)
[2020-09-08T10:11:40.592-0300][gc,heap        ] GC(482) Survivor regions: 3->4(5)
[2020-09-08T10:11:40.592-0300][gc,heap        ] GC(482) Old regions: 51->51
[2020-09-08T10:11:40.592-0300][gc,heap        ] GC(482) Humongous regions: 4->4
[2020-09-08T10:11:40.592-0300][gc,metaspace   ] GC(482) Metaspace: 40681K->40681K(1089536K)
[2020-09-08T10:11:40.592-0300][gc,heap        ] GC(482) Heap after GC invocations=483 (full 1): garbage-first heap   total 109568K, used 58126K [0x0000000083000000, 0x0000000100000000)
[2020-09-08T10:11:40.592-0300][gc,heap        ] GC(482)   region size 1024K, 4 young (4096K), 4 survivors (4096K)
[2020-09-08T10:11:40.592-0300][gc,heap        ] GC(482)  Metaspace       used 40681K, capacity 42925K, committed 46208K, reserved 1089536K
[2020-09-08T10:11:40.592-0300][gc,heap        ] GC(482)   class space    used 4154K, capacity 4910K, committed 6016K, reserved 1048576K
[2020-09-08T10:11:40.592-0300][gc             ] GC(482) Pause Young (Concurrent Start) (G1 Evacuation Pause) 89M->56M(107M) 25.763ms
[2020-09-08T10:11:40.592-0300][gc,cpu         ] GC(482) User=0.08s Sys=0.01s Real=0.03s
[2020-09-08T10:11:40.592-0300][gc             ] GC(483) Concurrent Cycle
[2020-09-08T10:11:40.593-0300][gc,marking     ] GC(483) Concurrent Clear Claimed Marks
[2020-09-08T10:11:40.593-0300][gc,marking     ] GC(483) Concurrent Clear Claimed Marks 0.313ms
[2020-09-08T10:11:40.593-0300][gc,marking     ] GC(483) Concurrent Scan Root Regions
[2020-09-08T10:11:40.612-0300][gc,marking     ] GC(483) Concurrent Scan Root Regions 19.290ms
[2020-09-08T10:11:40.612-0300][gc,marking     ] GC(483) Concurrent Mark (2158.086s)
[2020-09-08T10:11:40.612-0300][gc,marking     ] GC(483) Concurrent Mark From Roots
[2020-09-08T10:11:40.612-0300][gc,task        ] GC(483) Using 1 workers of 1 for marking
[2020-09-08T10:11:40.933-0300][gc,marking     ] GC(483) Concurrent Mark From Roots 320.474ms
[2020-09-08T10:11:40.933-0300][gc,marking     ] GC(483) Concurrent Preclean
[2020-09-08T10:11:40.934-0300][gc,marking     ] GC(483) Concurrent Preclean 1.387ms
[2020-09-08T10:11:40.935-0300][gc,marking     ] GC(483) Concurrent Mark (2158.086s, 2158.408s) 322.143ms
[2020-09-08T10:11:40.937-0300][gc,start       ] GC(483) Pause Remark
[2020-09-08T10:11:40.974-0300][gc,stringtable ] GC(483) Cleaned string and symbol table, strings: 23076 processed, 1 removed, symbols: 95049 processed, 0 removed
[2020-09-08T10:11:40.974-0300][gc             ] GC(483) Pause Remark 58M->58M(107M) 37.039ms
[2020-09-08T10:11:40.975-0300][gc,cpu         ] GC(483) User=0.12s Sys=0.00s Real=0.04s
[2020-09-08T10:11:40.976-0300][gc,marking     ] GC(483) Concurrent Rebuild Remembered Sets
[2020-09-08T10:11:41.157-0300][gc,marking     ] GC(483) Concurrent Rebuild Remembered Sets 181.506ms
[2020-09-08T10:11:41.160-0300][gc,start       ] GC(483) Pause Cleanup
[2020-09-08T10:11:41.161-0300][gc             ] GC(483) Pause Cleanup 58M->58M(107M) 0.489ms
[2020-09-08T10:11:41.161-0300][gc,cpu         ] GC(483) User=0.00s Sys=0.00s Real=0.01s
[2020-09-08T10:11:41.162-0300][gc,marking     ] GC(483) Concurrent Cleanup for Next Mark
[2020-09-08T10:11:41.163-0300][gc,marking     ] GC(483) Concurrent Cleanup for Next Mark 1.457ms
[2020-09-08T10:11:41.163-0300][gc             ] GC(483) Concurrent Cycle 570.729ms
[2020-09-08T10:11:53.374-0300][gc,heap        ] GC(484) Heap before GC invocations=484 (full 1): garbage-first heap   total 109568K, used 90894K [0x0000000083000000, 0x0000000100000000)
[2020-09-08T10:11:53.374-0300][gc,heap        ] GC(484)   region size 1024K, 37 young (37888K), 4 survivors (4096K)
[2020-09-08T10:11:53.374-0300][gc,heap        ] GC(484)  Metaspace       used 40681K, capacity 42925K, committed 46208K, reserved 1089536K
[2020-09-08T10:11:53.375-0300][gc,heap        ] GC(484)   class space    used 4154K, capacity 4910K, committed 6016K, reserved 1048576K
[2020-09-08T10:11:53.375-0300][gc,start       ] GC(484) Pause Young (Prepare Mixed) (G1 Evacuation Pause)
[2020-09-08T10:11:53.375-0300][gc,task        ] GC(484) Using 4 workers of 4 for evacuation
[2020-09-08T10:11:53.398-0300][gc,phases      ] GC(484)   Pre Evacuate Collection Set: 0.0ms
[2020-09-08T10:11:53.398-0300][gc,phases      ] GC(484)   Evacuate Collection Set: 19.7ms
[2020-09-08T10:11:53.398-0300][gc,phases      ] GC(484)   Post Evacuate Collection Set: 2.0ms
[2020-09-08T10:11:53.398-0300][gc,phases      ] GC(484)   Other: 2.2ms
[2020-09-08T10:11:53.399-0300][gc,heap        ] GC(484) Eden regions: 33->0(2)
[2020-09-08T10:11:53.399-0300][gc,heap        ] GC(484) Survivor regions: 4->3(5)
[2020-09-08T10:11:53.399-0300][gc,heap        ] GC(484) Old regions: 51->52
[2020-09-08T10:11:53.399-0300][gc,heap        ] GC(484) Humongous regions: 4->4
[2020-09-08T10:11:53.399-0300][gc,metaspace   ] GC(484) Metaspace: 40681K->40681K(1089536K)
[2020-09-08T10:11:53.399-0300][gc,heap        ] GC(484) Heap after GC invocations=485 (full 1): garbage-first heap   total 109568K, used 57934K [0x0000000083000000, 0x0000000100000000)
[2020-09-08T10:11:53.399-0300][gc,heap        ] GC(484)   region size 1024K, 3 young (3072K), 3 survivors (3072K)
[2020-09-08T10:11:53.399-0300][gc,heap        ] GC(484)  Metaspace       used 40681K, capacity 42925K, committed 46208K, reserved 1089536K
[2020-09-08T10:11:53.399-0300][gc,heap        ] GC(484)   class space    used 4154K, capacity 4910K, committed 6016K, reserved 1048576K
[2020-09-08T10:11:53.399-0300][gc             ] GC(484) Pause Young (Prepare Mixed) (G1 Evacuation Pause) 89M->56M(107M) 24.241ms
[2020-09-08T10:11:53.399-0300][gc,cpu         ] GC(484) User=0.07s Sys=0.01s Real=0.02s
[2020-09-08T10:11:53.623-0300][gc,heap        ] GC(485) Heap before GC invocations=485 (full 1): garbage-first heap   total 109568K, used 58958K [0x0000000083000000, 0x0000000100000000)
[2020-09-08T10:11:53.623-0300][gc,heap        ] GC(485)   region size 1024K, 5 young (5120K), 3 survivors (3072K)
[2020-09-08T10:11:53.623-0300][gc,heap        ] GC(485)  Metaspace       used 40681K, capacity 42925K, committed 46208K, reserved 1089536K
[2020-09-08T10:11:53.623-0300][gc,heap        ] GC(485)   class space    used 4154K, capacity 4910K, committed 6016K, reserved 1048576K
[2020-09-08T10:11:53.623-0300][gc,start       ] GC(485) Pause Young (Mixed) (G1 Evacuation Pause)
[2020-09-08T10:11:53.623-0300][gc,task        ] GC(485) Using 4 workers of 4 for evacuation
[2020-09-08T10:11:53.652-0300][gc,phases      ] GC(485)   Pre Evacuate Collection Set: 0.1ms
[2020-09-08T10:11:53.652-0300][gc,phases      ] GC(485)   Evacuate Collection Set: 24.8ms
[2020-09-08T10:11:53.652-0300][gc,phases      ] GC(485)   Post Evacuate Collection Set: 1.4ms
[2020-09-08T10:11:53.652-0300][gc,phases      ] GC(485)   Other: 2.7ms
[2020-09-08T10:11:53.652-0300][gc,heap        ] GC(485) Eden regions: 2->0(35)
[2020-09-08T10:11:53.652-0300][gc,heap        ] GC(485) Survivor regions: 3->1(1)
[2020-09-08T10:11:53.652-0300][gc,heap        ] GC(485) Old regions: 52->51
[2020-09-08T10:11:53.652-0300][gc,heap        ] GC(485) Humongous regions: 4->4
[2020-09-08T10:11:53.652-0300][gc,metaspace   ] GC(485) Metaspace: 40681K->40681K(1089536K)
[2020-09-08T10:11:53.652-0300][gc,heap        ] GC(485) Heap after GC invocations=486 (full 1): garbage-first heap   total 109568K, used 54827K [0x0000000083000000, 0x0000000100000000)
[2020-09-08T10:11:53.652-0300][gc,heap        ] GC(485)   region size 1024K, 1 young (1024K), 1 survivors (1024K)
[2020-09-08T10:11:53.652-0300][gc,heap        ] GC(485)  Metaspace       used 40681K, capacity 42925K, committed 46208K, reserved 1089536K
[2020-09-08T10:11:53.652-0300][gc,heap        ] GC(485)   class space    used 4154K, capacity 4910K, committed 6016K, reserved 1048576K
[2020-09-08T10:11:53.653-0300][gc             ] GC(485) Pause Young (Mixed) (G1 Evacuation Pause) 58M->53M(107M) 29.073ms
[2020-09-08T10:11:53.653-0300][gc,cpu         ] GC(485) User=0.09s Sys=0.01s Real=0.03s
[2020-09-08T10:11:59.697-0300][gc,heap        ] GC(486) Heap before GC invocations=486 (full 1): garbage-first heap   total 109568K, used 89643K [0x0000000083000000, 0x0000000100000000)
[2020-09-08T10:11:59.697-0300][gc,heap        ] GC(486)   region size 1024K, 36 young (36864K), 1 survivors (1024K)
[2020-09-08T10:11:59.697-0300][gc,heap        ] GC(486)  Metaspace       used 40681K, capacity 42925K, committed 46208K, reserved 1089536K
[2020-09-08T10:11:59.697-0300][gc,heap        ] GC(486)   class space    used 4154K, capacity 4910K, committed 6016K, reserved 1048576K
[2020-09-08T10:11:59.697-0300][gc,start       ] GC(486) Pause Young (Normal) (G1 Evacuation Pause)
[2020-09-08T10:11:59.697-0300][gc,task        ] GC(486) Using 4 workers of 4 for evacuation
[2020-09-08T10:11:59.714-0300][gc,phases      ] GC(486)   Pre Evacuate Collection Set: 0.0ms
[2020-09-08T10:11:59.714-0300][gc,phases      ] GC(486)   Evacuate Collection Set: 13.4ms
[2020-09-08T10:11:59.714-0300][gc,phases      ] GC(486)   Post Evacuate Collection Set: 2.0ms
[2020-09-08T10:11:59.714-0300][gc,phases      ] GC(486)   Other: 2.0ms
[2020-09-08T10:11:59.714-0300][gc,heap        ] GC(486) Eden regions: 35->0(34)
[2020-09-08T10:11:59.714-0300][gc,heap        ] GC(486) Survivor regions: 1->2(5)
[2020-09-08T10:11:59.714-0300][gc,heap        ] GC(486) Old regions: 51->51
[2020-09-08T10:11:59.714-0300][gc,heap        ] GC(486) Humongous regions: 4->4
[2020-09-08T10:11:59.715-0300][gc,metaspace   ] GC(486) Metaspace: 40681K->40681K(1089536K)
[2020-09-08T10:11:59.715-0300][gc,heap        ] GC(486) Heap after GC invocations=487 (full 1): garbage-first heap   total 109568K, used 55691K [0x0000000083000000, 0x0000000100000000)
[2020-09-08T10:11:59.715-0300][gc,heap        ] GC(486)   region size 1024K, 2 young (2048K), 2 survivors (2048K)
[2020-09-08T10:11:59.715-0300][gc,heap        ] GC(486)  Metaspace       used 40681K, capacity 42925K, committed 46208K, reserved 1089536K
[2020-09-08T10:11:59.715-0300][gc,heap        ] GC(486)   class space    used 4154K, capacity 4910K, committed 6016K, reserved 1048576K
[2020-09-08T10:11:59.715-0300][gc             ] GC(486) Pause Young (Normal) (G1 Evacuation Pause) 88M->54M(107M) 17.656ms
[2020-09-08T10:11:59.715-0300][gc,cpu         ] GC(486) User=0.06s Sys=0.00s Real=0.02s
[2020-09-08T10:12:03.291-0300][gc,heap        ] GC(487) Heap before GC invocations=487 (full 1): garbage-first heap   total 109568K, used 89483K [0x0000000083000000, 0x0000000100000000)
[2020-09-08T10:12:03.291-0300][gc,heap        ] GC(487)   region size 1024K, 36 young (36864K), 2 survivors (2048K)
[2020-09-08T10:12:03.291-0300][gc,heap        ] GC(487)  Metaspace       used 40681K, capacity 42925K, committed 46208K, reserved 1089536K
[2020-09-08T10:12:03.291-0300][gc,heap        ] GC(487)   class space    used 4154K, capacity 4910K, committed 6016K, reserved 1048576K
[2020-09-08T10:12:03.292-0300][gc,start       ] GC(487) Pause Young (Normal) (G1 Evacuation Pause)
[2020-09-08T10:12:03.292-0300][gc,task        ] GC(487) Using 4 workers of 4 for evacuation
[2020-09-08T10:12:03.331-0300][gc,phases      ] GC(487)   Pre Evacuate Collection Set: 0.1ms
[2020-09-08T10:12:03.331-0300][gc,phases      ] GC(487)   Evacuate Collection Set: 29.7ms
[2020-09-08T10:12:03.331-0300][gc,phases      ] GC(487)   Post Evacuate Collection Set: 7.5ms
[2020-09-08T10:12:03.331-0300][gc,phases      ] GC(487)   Other: 2.7ms
[2020-09-08T10:12:03.332-0300][gc,heap        ] GC(487) Eden regions: 34->0(32)
[2020-09-08T10:12:03.332-0300][gc,heap        ] GC(487) Survivor regions: 2->4(5)
[2020-09-08T10:12:03.332-0300][gc,heap        ] GC(487) Old regions: 51->51
[2020-09-08T10:12:03.332-0300][gc,heap        ] GC(487) Humongous regions: 4->4
[2020-09-08T10:12:03.332-0300][gc,metaspace   ] GC(487) Metaspace: 40681K->40681K(1089536K)
[2020-09-08T10:12:03.332-0300][gc,heap        ] GC(487) Heap after GC invocations=488 (full 1): garbage-first heap   total 109568K, used 58346K [0x0000000083000000, 0x0000000100000000)
[2020-09-08T10:12:03.332-0300][gc,heap        ] GC(487)   region size 1024K, 4 young (4096K), 4 survivors (4096K)
[2020-09-08T10:12:03.332-0300][gc,heap        ] GC(487)  Metaspace       used 40681K, capacity 42925K, committed 46208K, reserved 1089536K
[2020-09-08T10:12:03.332-0300][gc,heap        ] GC(487)   class space    used 4154K, capacity 4910K, committed 6016K, reserved 1048576K
[2020-09-08T10:12:03.332-0300][gc             ] GC(487) Pause Young (Normal) (G1 Evacuation Pause) 88M->56M(107M) 40.365ms
[2020-09-08T10:12:03.333-0300][gc,cpu         ] GC(487) User=0.08s Sys=0.01s Real=0.04s
[2020-09-08T10:12:08.700-0300][gc,heap        ] GC(488) Heap before GC invocations=488 (full 1): garbage-first heap   total 109568K, used 90090K [0x0000000083000000, 0x0000000100000000)
[2020-09-08T10:12:08.700-0300][gc,heap        ] GC(488)   region size 1024K, 36 young (36864K), 4 survivors (4096K)
[2020-09-08T10:12:08.700-0300][gc,heap        ] GC(488)  Metaspace       used 40685K, capacity 42925K, committed 46208K, reserved 1089536K
[2020-09-08T10:12:08.700-0300][gc,heap        ] GC(488)   class space    used 4154K, capacity 4910K, committed 6016K, reserved 1048576K
[2020-09-08T10:12:08.700-0300][gc,start       ] GC(488) Pause Young (Concurrent Start) (G1 Evacuation Pause)
[2020-09-08T10:12:08.700-0300][gc,task        ] GC(488) Using 4 workers of 4 for evacuation
[2020-09-08T10:12:08.729-0300][gc,phases      ] GC(488)   Pre Evacuate Collection Set: 0.2ms
[2020-09-08T10:12:08.729-0300][gc,phases      ] GC(488)   Evacuate Collection Set: 23.7ms
[2020-09-08T10:12:08.729-0300][gc,phases      ] GC(488)   Post Evacuate Collection Set: 3.1ms
[2020-09-08T10:12:08.729-0300][gc,phases      ] GC(488)   Other: 2.4ms
[2020-09-08T10:12:08.729-0300][gc,heap        ] GC(488) Eden regions: 32->0(32)
[2020-09-08T10:12:08.730-0300][gc,heap        ] GC(488) Survivor regions: 4->2(5)
[2020-09-08T10:12:08.730-0300][gc,heap        ] GC(488) Old regions: 51->53
[2020-09-08T10:12:08.730-0300][gc,heap        ] GC(488) Humongous regions: 4->4
[2020-09-08T10:12:08.730-0300][gc,metaspace   ] GC(488) Metaspace: 40685K->40685K(1089536K)
[2020-09-08T10:12:08.730-0300][gc,heap        ] GC(488) Heap after GC invocations=489 (full 1): garbage-first heap   total 109568K, used 58099K [0x0000000083000000, 0x0000000100000000)
[2020-09-08T10:12:08.730-0300][gc,heap        ] GC(488)   region size 1024K, 2 young (2048K), 2 survivors (2048K)
[2020-09-08T10:12:08.730-0300][gc,heap        ] GC(488)  Metaspace       used 40685K, capacity 42925K, committed 46208K, reserved 1089536K
[2020-09-08T10:12:08.730-0300][gc,heap        ] GC(488)   class space    used 4154K, capacity 4910K, committed 6016K, reserved 1048576K
[2020-09-08T10:12:08.730-0300][gc             ] GC(488) Pause Young (Concurrent Start) (G1 Evacuation Pause) 88M->56M(107M) 29.636ms
[2020-09-08T10:12:08.731-0300][gc,cpu         ] GC(488) User=0.08s Sys=0.02s Real=0.03s
[2020-09-08T10:12:08.731-0300][gc             ] GC(489) Concurrent Cycle
[2020-09-08T10:12:08.731-0300][gc,marking     ] GC(489) Concurrent Clear Claimed Marks
[2020-09-08T10:12:08.731-0300][gc,marking     ] GC(489) Concurrent Clear Claimed Marks 0.439ms
[2020-09-08T10:12:08.732-0300][gc,marking     ] GC(489) Concurrent Scan Root Regions
[2020-09-08T10:12:08.743-0300][gc,marking     ] GC(489) Concurrent Scan Root Regions 11.036ms
[2020-09-08T10:12:08.743-0300][gc,marking     ] GC(489) Concurrent Mark (2186.216s)
[2020-09-08T10:12:08.743-0300][gc,marking     ] GC(489) Concurrent Mark From Roots
[2020-09-08T10:12:08.743-0300][gc,task        ] GC(489) Using 1 workers of 1 for marking
[2020-09-08T10:12:09.171-0300][gc,marking     ] GC(489) Concurrent Mark From Roots 428.251ms
[2020-09-08T10:12:09.171-0300][gc,marking     ] GC(489) Concurrent Preclean
[2020-09-08T10:12:09.172-0300][gc,marking     ] GC(489) Concurrent Preclean 1.193ms
[2020-09-08T10:12:09.173-0300][gc,marking     ] GC(489) Concurrent Mark (2186.216s, 2186.646s) 429.766ms
[2020-09-08T10:12:09.176-0300][gc,start       ] GC(489) Pause Remark
[2020-09-08T10:12:09.211-0300][gc,stringtable ] GC(489) Cleaned string and symbol table, strings: 23090 processed, 0 removed, symbols: 95049 processed, 0 removed
[2020-09-08T10:12:09.212-0300][gc             ] GC(489) Pause Remark 62M->62M(107M) 35.575ms
[2020-09-08T10:12:09.212-0300][gc,cpu         ] GC(489) User=0.13s Sys=0.00s Real=0.04s
[2020-09-08T10:12:09.213-0300][gc,marking     ] GC(489) Concurrent Rebuild Remembered Sets
[2020-09-08T10:12:09.411-0300][gc,marking     ] GC(489) Concurrent Rebuild Remembered Sets 198.289ms
[2020-09-08T10:12:09.414-0300][gc,start       ] GC(489) Pause Cleanup
[2020-09-08T10:12:09.415-0300][gc             ] GC(489) Pause Cleanup 63M->63M(107M) 0.497ms
[2020-09-08T10:12:09.415-0300][gc,cpu         ] GC(489) User=0.00s Sys=0.00s Real=0.00s
[2020-09-08T10:12:09.416-0300][gc,marking     ] GC(489) Concurrent Cleanup for Next Mark
[2020-09-08T10:12:09.417-0300][gc,marking     ] GC(489) Concurrent Cleanup for Next Mark 1.202ms
[2020-09-08T10:12:09.417-0300][gc             ] GC(489) Concurrent Cycle 686.149ms
[2020-09-08T10:12:15.772-0300][gc,heap        ] GC(490) Heap before GC invocations=490 (full 1): garbage-first heap   total 109568K, used 89843K [0x0000000083000000, 0x0000000100000000)
[2020-09-08T10:12:15.772-0300][gc,heap        ] GC(490)   region size 1024K, 34 young (34816K), 2 survivors (2048K)
[2020-09-08T10:12:15.772-0300][gc,heap        ] GC(490)  Metaspace       used 40685K, capacity 42925K, committed 46208K, reserved 1089536K
[2020-09-08T10:12:15.772-0300][gc,heap        ] GC(490)   class space    used 4154K, capacity 4910K, committed 6016K, reserved 1048576K
[2020-09-08T10:12:15.772-0300][gc,start       ] GC(490) Pause Young (Prepare Mixed) (G1 Evacuation Pause)
[2020-09-08T10:12:15.772-0300][gc,task        ] GC(490) Using 4 workers of 4 for evacuation
[2020-09-08T10:12:15.793-0300][gc,phases      ] GC(490)   Pre Evacuate Collection Set: 0.0ms
[2020-09-08T10:12:15.793-0300][gc,phases      ] GC(490)   Evacuate Collection Set: 17.4ms
[2020-09-08T10:12:15.793-0300][gc,phases      ] GC(490)   Post Evacuate Collection Set: 1.8ms
[2020-09-08T10:12:15.794-0300][gc,phases      ] GC(490)   Other: 2.4ms
[2020-09-08T10:12:15.794-0300][gc,heap        ] GC(490) Eden regions: 32->0(2)
[2020-09-08T10:12:15.794-0300][gc,heap        ] GC(490) Survivor regions: 2->3(5)
[2020-09-08T10:12:15.794-0300][gc,heap        ] GC(490) Old regions: 53->53
[2020-09-08T10:12:15.794-0300][gc,heap        ] GC(490) Humongous regions: 4->4
[2020-09-08T10:12:15.794-0300][gc,metaspace   ] GC(490) Metaspace: 40685K->40685K(1089536K)
[2020-09-08T10:12:15.794-0300][gc,heap        ] GC(490) Heap after GC invocations=491 (full 1): garbage-first heap   total 109568K, used 59283K [0x0000000083000000, 0x0000000100000000)
[2020-09-08T10:12:15.794-0300][gc,heap        ] GC(490)   region size 1024K, 3 young (3072K), 3 survivors (3072K)
[2020-09-08T10:12:15.794-0300][gc,heap        ] GC(490)  Metaspace       used 40685K, capacity 42925K, committed 46208K, reserved 1089536K
[2020-09-08T10:12:15.794-0300][gc,heap        ] GC(490)   class space    used 4154K, capacity 4910K, committed 6016K, reserved 1048576K
[2020-09-08T10:12:15.794-0300][gc             ] GC(490) Pause Young (Prepare Mixed) (G1 Evacuation Pause) 88M->57M(107M) 21.857ms
[2020-09-08T10:12:15.794-0300][gc,cpu         ] GC(490) User=0.07s Sys=0.01s Real=0.02s
[2020-09-08T10:12:15.818-0300][gc,heap        ] GC(491) Heap before GC invocations=491 (full 1): garbage-first heap   total 109568K, used 61331K [0x0000000083000000, 0x0000000100000000)
[2020-09-08T10:12:15.819-0300][gc,heap        ] GC(491)   region size 1024K, 5 young (5120K), 3 survivors (3072K)
[2020-09-08T10:12:15.819-0300][gc,heap        ] GC(491)  Metaspace       used 40685K, capacity 42925K, committed 46208K, reserved 1089536K
[2020-09-08T10:12:15.819-0300][gc,heap        ] GC(491)   class space    used 4154K, capacity 4910K, committed 6016K, reserved 1048576K
[2020-09-08T10:12:15.819-0300][gc,start       ] GC(491) Pause Young (Mixed) (G1 Evacuation Pause)
[2020-09-08T10:12:15.819-0300][gc,task        ] GC(491) Using 4 workers of 4 for evacuation
[2020-09-08T10:12:15.852-0300][gc,phases      ] GC(491)   Pre Evacuate Collection Set: 0.1ms
[2020-09-08T10:12:15.852-0300][gc,phases      ] GC(491)   Evacuate Collection Set: 29.8ms
[2020-09-08T10:12:15.852-0300][gc,phases      ] GC(491)   Post Evacuate Collection Set: 1.5ms
[2020-09-08T10:12:15.852-0300][gc,phases      ] GC(491)   Other: 2.4ms
[2020-09-08T10:12:15.853-0300][gc,heap        ] GC(491) Eden regions: 2->0(31)
[2020-09-08T10:12:15.853-0300][gc,heap        ] GC(491) Survivor regions: 3->1(1)
[2020-09-08T10:12:15.853-0300][gc,heap        ] GC(491) Old regions: 53->54
[2020-09-08T10:12:15.853-0300][gc,heap        ] GC(491) Humongous regions: 4->4
[2020-09-08T10:12:15.853-0300][gc,metaspace   ] GC(491) Metaspace: 40685K->40685K(1089536K)
[2020-09-08T10:12:15.853-0300][gc,heap        ] GC(491) Heap after GC invocations=492 (full 1): garbage-first heap   total 109568K, used 57962K [0x0000000083000000, 0x0000000100000000)
[2020-09-08T10:12:15.853-0300][gc,heap        ] GC(491)   region size 1024K, 1 young (1024K), 1 survivors (1024K)
[2020-09-08T10:12:15.853-0300][gc,heap        ] GC(491)  Metaspace       used 40685K, capacity 42925K, committed 46208K, reserved 1089536K
[2020-09-08T10:12:15.853-0300][gc,heap        ] GC(491)   class space    used 4154K, capacity 4910K, committed 6016K, reserved 1048576K
[2020-09-08T10:12:15.853-0300][gc             ] GC(491) Pause Young (Mixed) (G1 Evacuation Pause) 59M->56M(107M) 33.918ms
[2020-09-08T10:12:15.853-0300][gc,cpu         ] GC(491) User=0.12s Sys=0.01s Real=0.04s
[2020-09-08T10:12:27.443-0300][gc,heap        ] GC(492) Heap before GC invocations=492 (full 1): garbage-first heap   total 109568K, used 89706K [0x0000000083000000, 0x0000000100000000)
[2020-09-08T10:12:27.443-0300][gc,heap        ] GC(492)   region size 1024K, 32 young (32768K), 1 survivors (1024K)
[2020-09-08T10:12:27.443-0300][gc,heap        ] GC(492)  Metaspace       used 40685K, capacity 42925K, committed 46208K, reserved 1089536K
[2020-09-08T10:12:27.443-0300][gc,heap        ] GC(492)   class space    used 4154K, capacity 4910K, committed 6016K, reserved 1048576K
[2020-09-08T10:12:27.443-0300][gc,start       ] GC(492) Pause Young (Normal) (G1 Evacuation Pause)
[2020-09-08T10:12:27.443-0300][gc,task        ] GC(492) Using 4 workers of 4 for evacuation
[2020-09-08T10:12:27.460-0300][gc,phases      ] GC(492)   Pre Evacuate Collection Set: 0.0ms
[2020-09-08T10:12:27.461-0300][gc,phases      ] GC(492)   Evacuate Collection Set: 13.4ms
[2020-09-08T10:12:27.461-0300][gc,phases      ] GC(492)   Post Evacuate Collection Set: 1.9ms
[2020-09-08T10:12:27.461-0300][gc,phases      ] GC(492)   Other: 2.3ms
[2020-09-08T10:12:27.461-0300][gc,heap        ] GC(492) Eden regions: 31->0(31)
[2020-09-08T10:12:27.461-0300][gc,heap        ] GC(492) Survivor regions: 1->2(4)
[2020-09-08T10:12:27.461-0300][gc,heap        ] GC(492) Old regions: 54->54
[2020-09-08T10:12:27.461-0300][gc,heap        ] GC(492) Humongous regions: 4->4
[2020-09-08T10:12:27.461-0300][gc,metaspace   ] GC(492) Metaspace: 40685K->40685K(1089536K)
[2020-09-08T10:12:27.461-0300][gc,heap        ] GC(492) Heap after GC invocations=493 (full 1): garbage-first heap   total 109568K, used 58722K [0x0000000083000000, 0x0000000100000000)
[2020-09-08T10:12:27.461-0300][gc,heap        ] GC(492)   region size 1024K, 2 young (2048K), 2 survivors (2048K)
[2020-09-08T10:12:27.461-0300][gc,heap        ] GC(492)  Metaspace       used 40685K, capacity 42925K, committed 46208K, reserved 1089536K
[2020-09-08T10:12:27.461-0300][gc,heap        ] GC(492)   class space    used 4154K, capacity 4910K, committed 6016K, reserved 1048576K
[2020-09-08T10:12:27.461-0300][gc             ] GC(492) Pause Young (Normal) (G1 Evacuation Pause) 87M->57M(107M) 17.932ms
[2020-09-08T10:12:27.462-0300][gc,cpu         ] GC(492) User=0.06s Sys=0.00s Real=0.02s
[2020-09-08T10:12:34.840-0300][gc,heap        ] GC(493) Heap before GC invocations=493 (full 1): garbage-first heap   total 109568K, used 89442K [0x0000000083000000, 0x0000000100000000)
[2020-09-08T10:12:34.840-0300][gc,heap        ] GC(493)   region size 1024K, 33 young (33792K), 2 survivors (2048K)
[2020-09-08T10:12:34.840-0300][gc,heap        ] GC(493)  Metaspace       used 40688K, capacity 42925K, committed 46208K, reserved 1089536K
[2020-09-08T10:12:34.840-0300][gc,heap        ] GC(493)   class space    used 4154K, capacity 4910K, committed 6016K, reserved 1048576K
[2020-09-08T10:12:34.840-0300][gc,start       ] GC(493) Pause Young (Normal) (G1 Evacuation Pause)
[2020-09-08T10:12:34.840-0300][gc,task        ] GC(493) Using 4 workers of 4 for evacuation
[2020-09-08T10:12:34.862-0300][gc,phases      ] GC(493)   Pre Evacuate Collection Set: 0.1ms
[2020-09-08T10:12:34.862-0300][gc,phases      ] GC(493)   Evacuate Collection Set: 16.0ms
[2020-09-08T10:12:34.862-0300][gc,phases      ] GC(493)   Post Evacuate Collection Set: 3.4ms
[2020-09-08T10:12:34.862-0300][gc,phases      ] GC(493)   Other: 2.9ms
[2020-09-08T10:12:34.862-0300][gc,heap        ] GC(493) Eden regions: 31->0(31)
[2020-09-08T10:12:34.862-0300][gc,heap        ] GC(493) Survivor regions: 2->2(5)
[2020-09-08T10:12:34.862-0300][gc,heap        ] GC(493) Old regions: 54->54
[2020-09-08T10:12:34.862-0300][gc,heap        ] GC(493) Humongous regions: 4->4
[2020-09-08T10:12:34.862-0300][gc,metaspace   ] GC(493) Metaspace: 40688K->40688K(1089536K)
[2020-09-08T10:12:34.862-0300][gc,heap        ] GC(493) Heap after GC invocations=494 (full 1): garbage-first heap   total 109568K, used 59199K [0x0000000083000000, 0x0000000100000000)
[2020-09-08T10:12:34.862-0300][gc,heap        ] GC(493)   region size 1024K, 2 young (2048K), 2 survivors (2048K)
[2020-09-08T10:12:34.863-0300][gc,heap        ] GC(493)  Metaspace       used 40688K, capacity 42925K, committed 46208K, reserved 1089536K
[2020-09-08T10:12:34.863-0300][gc,heap        ] GC(493)   class space    used 4154K, capacity 4910K, committed 6016K, reserved 1048576K
[2020-09-08T10:12:34.863-0300][gc             ] GC(493) Pause Young (Normal) (G1 Evacuation Pause) 88M->57M(107M) 22.382ms
[2020-09-08T10:12:34.863-0300][gc,cpu         ] GC(493) User=0.08s Sys=0.00s Real=0.03s
[2020-09-08T10:12:44.415-0300][gc,heap        ] GC(494) Heap before GC invocations=494 (full 1): garbage-first heap   total 109568K, used 89919K [0x0000000083000000, 0x0000000100000000)
[2020-09-08T10:12:44.415-0300][gc,heap        ] GC(494)   region size 1024K, 33 young (33792K), 2 survivors (2048K)
[2020-09-08T10:12:44.415-0300][gc,heap        ] GC(494)  Metaspace       used 40702K, capacity 42925K, committed 46208K, reserved 1089536K
[2020-09-08T10:12:44.415-0300][gc,heap        ] GC(494)   class space    used 4154K, capacity 4910K, committed 6016K, reserved 1048576K
[2020-09-08T10:12:44.416-0300][gc,start       ] GC(494) Pause Young (Concurrent Start) (G1 Evacuation Pause)
[2020-09-08T10:12:44.416-0300][gc,task        ] GC(494) Using 4 workers of 4 for evacuation
[2020-09-08T10:12:44.436-0300][gc,phases      ] GC(494)   Pre Evacuate Collection Set: 0.2ms
[2020-09-08T10:12:44.436-0300][gc,phases      ] GC(494)   Evacuate Collection Set: 15.3ms
[2020-09-08T10:12:44.436-0300][gc,phases      ] GC(494)   Post Evacuate Collection Set: 2.1ms
[2020-09-08T10:12:44.436-0300][gc,phases      ] GC(494)   Other: 2.6ms
[2020-09-08T10:12:44.436-0300][gc,heap        ] GC(494) Eden regions: 31->0(31)
[2020-09-08T10:12:44.436-0300][gc,heap        ] GC(494) Survivor regions: 2->3(5)
[2020-09-08T10:12:44.436-0300][gc,heap        ] GC(494) Old regions: 54->54
[2020-09-08T10:12:44.436-0300][gc,heap        ] GC(494) Humongous regions: 4->4
[2020-09-08T10:12:44.436-0300][gc,metaspace   ] GC(494) Metaspace: 40702K->40702K(1089536K)
[2020-09-08T10:12:44.436-0300][gc,heap        ] GC(494) Heap after GC invocations=495 (full 1): garbage-first heap   total 109568K, used 59714K [0x0000000083000000, 0x0000000100000000)
[2020-09-08T10:12:44.436-0300][gc,heap        ] GC(494)   region size 1024K, 3 young (3072K), 3 survivors (3072K)
[2020-09-08T10:12:44.436-0300][gc,heap        ] GC(494)  Metaspace       used 40702K, capacity 42925K, committed 46208K, reserved 1089536K
[2020-09-08T10:12:44.436-0300][gc,heap        ] GC(494)   class space    used 4154K, capacity 4910K, committed 6016K, reserved 1048576K
[2020-09-08T10:12:44.436-0300][gc             ] GC(494) Pause Young (Concurrent Start) (G1 Evacuation Pause) 88M->58M(107M) 20.522ms
[2020-09-08T10:12:44.437-0300][gc,cpu         ] GC(494) User=0.06s Sys=0.01s Real=0.02s
[2020-09-08T10:12:44.437-0300][gc             ] GC(495) Concurrent Cycle
[2020-09-08T10:12:44.437-0300][gc,marking     ] GC(495) Concurrent Clear Claimed Marks
[2020-09-08T10:12:44.437-0300][gc,marking     ] GC(495) Concurrent Clear Claimed Marks 0.271ms
[2020-09-08T10:12:44.437-0300][gc,marking     ] GC(495) Concurrent Scan Root Regions
[2020-09-08T10:12:44.447-0300][gc,marking     ] GC(495) Concurrent Scan Root Regions 10.002ms
[2020-09-08T10:12:44.448-0300][gc,marking     ] GC(495) Concurrent Mark (2221.921s)
[2020-09-08T10:12:44.448-0300][gc,marking     ] GC(495) Concurrent Mark From Roots
[2020-09-08T10:12:44.448-0300][gc,task        ] GC(495) Using 1 workers of 1 for marking
[2020-09-08T10:12:44.805-0300][gc,marking     ] GC(495) Concurrent Mark From Roots 357.606ms
[2020-09-08T10:12:44.805-0300][gc,marking     ] GC(495) Concurrent Preclean
[2020-09-08T10:12:44.808-0300][gc,marking     ] GC(495) Concurrent Preclean 2.133ms
[2020-09-08T10:12:44.808-0300][gc,marking     ] GC(495) Concurrent Mark (2221.921s, 2222.281s) 360.054ms
[2020-09-08T10:12:44.811-0300][gc,start       ] GC(495) Pause Remark
[2020-09-08T10:12:44.847-0300][gc,stringtable ] GC(495) Cleaned string and symbol table, strings: 23091 processed, 0 removed, symbols: 95049 processed, 0 removed
[2020-09-08T10:12:44.848-0300][gc             ] GC(495) Pause Remark 61M->61M(107M) 36.666ms
[2020-09-08T10:12:44.848-0300][gc,cpu         ] GC(495) User=0.13s Sys=0.00s Real=0.03s
[2020-09-08T10:12:44.849-0300][gc,marking     ] GC(495) Concurrent Rebuild Remembered Sets
[2020-09-08T10:12:45.067-0300][gc,marking     ] GC(495) Concurrent Rebuild Remembered Sets 217.476ms
[2020-09-08T10:12:45.070-0300][gc,start       ] GC(495) Pause Cleanup
[2020-09-08T10:12:45.071-0300][gc             ] GC(495) Pause Cleanup 62M->62M(107M) 0.498ms
[2020-09-08T10:12:45.071-0300][gc,cpu         ] GC(495) User=0.00s Sys=0.00s Real=0.01s
[2020-09-08T10:12:45.072-0300][gc,marking     ] GC(495) Concurrent Cleanup for Next Mark
[2020-09-08T10:12:45.073-0300][gc,marking     ] GC(495) Concurrent Cleanup for Next Mark 1.376ms
[2020-09-08T10:12:45.073-0300][gc             ] GC(495) Concurrent Cycle 636.075ms
[2020-09-08T10:12:54.901-0300][gc,heap        ] GC(496) Heap before GC invocations=496 (full 1): garbage-first heap   total 109568K, used 90434K [0x0000000083000000, 0x0000000100000000)
[2020-09-08T10:12:54.901-0300][gc,heap        ] GC(496)   region size 1024K, 34 young (34816K), 3 survivors (3072K)
[2020-09-08T10:12:54.901-0300][gc,heap        ] GC(496)  Metaspace       used 40707K, capacity 42925K, committed 46208K, reserved 1089536K
[2020-09-08T10:12:54.901-0300][gc,heap        ] GC(496)   class space    used 4154K, capacity 4910K, committed 6016K, reserved 1048576K
[2020-09-08T10:12:54.902-0300][gc,start       ] GC(496) Pause Young (Prepare Mixed) (G1 Evacuation Pause)
[2020-09-08T10:12:54.902-0300][gc,task        ] GC(496) Using 4 workers of 4 for evacuation
[2020-09-08T10:12:54.922-0300][gc,phases      ] GC(496)   Pre Evacuate Collection Set: 0.1ms
[2020-09-08T10:12:54.922-0300][gc,phases      ] GC(496)   Evacuate Collection Set: 16.6ms
[2020-09-08T10:12:54.922-0300][gc,phases      ] GC(496)   Post Evacuate Collection Set: 2.0ms
[2020-09-08T10:12:54.923-0300][gc,phases      ] GC(496)   Other: 2.5ms
[2020-09-08T10:12:54.923-0300][gc,heap        ] GC(496) Eden regions: 31->0(2)
[2020-09-08T10:12:54.923-0300][gc,heap        ] GC(496) Survivor regions: 3->3(5)
[2020-09-08T10:12:54.923-0300][gc,heap        ] GC(496) Old regions: 54->54
[2020-09-08T10:12:54.923-0300][gc,heap        ] GC(496) Humongous regions: 4->4
[2020-09-08T10:12:54.923-0300][gc,metaspace   ] GC(496) Metaspace: 40707K->40707K(1089536K)
[2020-09-08T10:12:54.923-0300][gc,heap        ] GC(496) Heap after GC invocations=497 (full 1): garbage-first heap   total 109568K, used 59975K [0x0000000083000000, 0x0000000100000000)
[2020-09-08T10:12:54.923-0300][gc,heap        ] GC(496)   region size 1024K, 3 young (3072K), 3 survivors (3072K)
[2020-09-08T10:12:54.923-0300][gc,heap        ] GC(496)  Metaspace       used 40707K, capacity 42925K, committed 46208K, reserved 1089536K
[2020-09-08T10:12:54.923-0300][gc,heap        ] GC(496)   class space    used 4154K, capacity 4910K, committed 6016K, reserved 1048576K
[2020-09-08T10:12:54.923-0300][gc             ] GC(496) Pause Young (Prepare Mixed) (G1 Evacuation Pause) 89M->58M(107M) 21.257ms
[2020-09-08T10:12:54.923-0300][gc,cpu         ] GC(496) User=0.07s Sys=0.00s Real=0.02s
[2020-09-08T10:12:55.347-0300][gc,heap        ] GC(497) Heap before GC invocations=497 (full 1): garbage-first heap   total 109568K, used 62023K [0x0000000083000000, 0x0000000100000000)
[2020-09-08T10:12:55.347-0300][gc,heap        ] GC(497)   region size 1024K, 5 young (5120K), 3 survivors (3072K)
[2020-09-08T10:12:55.347-0300][gc,heap        ] GC(497)  Metaspace       used 40707K, capacity 42925K, committed 46208K, reserved 1089536K
[2020-09-08T10:12:55.347-0300][gc,heap        ] GC(497)   class space    used 4154K, capacity 4910K, committed 6016K, reserved 1048576K
[2020-09-08T10:12:55.347-0300][gc,start       ] GC(497) Pause Young (Mixed) (G1 Evacuation Pause)
[2020-09-08T10:12:55.347-0300][gc,task        ] GC(497) Using 4 workers of 4 for evacuation
[2020-09-08T10:12:55.388-0300][gc,phases      ] GC(497)   Pre Evacuate Collection Set: 0.1ms
[2020-09-08T10:12:55.388-0300][gc,phases      ] GC(497)   Evacuate Collection Set: 36.8ms
[2020-09-08T10:12:55.388-0300][gc,phases      ] GC(497)   Post Evacuate Collection Set: 1.9ms
[2020-09-08T10:12:55.388-0300][gc,phases      ] GC(497)   Other: 2.3ms
[2020-09-08T10:12:55.388-0300][gc,heap        ] GC(497) Eden regions: 2->0(32)
[2020-09-08T10:12:55.388-0300][gc,heap        ] GC(497) Survivor regions: 3->1(1)
[2020-09-08T10:12:55.388-0300][gc,heap        ] GC(497) Old regions: 54->54
[2020-09-08T10:12:55.388-0300][gc,heap        ] GC(497) Humongous regions: 4->4
[2020-09-08T10:12:55.388-0300][gc,metaspace   ] GC(497) Metaspace: 40707K->40707K(1089536K)
[2020-09-08T10:12:55.388-0300][gc,heap        ] GC(497) Heap after GC invocations=498 (full 1): garbage-first heap   total 109568K, used 57392K [0x0000000083000000, 0x0000000100000000)
[2020-09-08T10:12:55.388-0300][gc,heap        ] GC(497)   region size 1024K, 1 young (1024K), 1 survivors (1024K)
[2020-09-08T10:12:55.388-0300][gc,heap        ] GC(497)  Metaspace       used 40707K, capacity 42925K, committed 46208K, reserved 1089536K
[2020-09-08T10:12:55.388-0300][gc,heap        ] GC(497)   class space    used 4154K, capacity 4910K, committed 6016K, reserved 1048576K
[2020-09-08T10:12:55.388-0300][gc             ] GC(497) Pause Young (Mixed) (G1 Evacuation Pause) 60M->56M(107M) 41.253ms
[2020-09-08T10:12:55.389-0300][gc,cpu         ] GC(497) User=0.14s Sys=0.01s Real=0.04s
[2020-09-08T10:12:59.899-0300][gc,heap        ] GC(498) Heap before GC invocations=498 (full 1): garbage-first heap   total 109568K, used 89136K [0x0000000083000000, 0x0000000100000000)
[2020-09-08T10:12:59.899-0300][gc,heap        ] GC(498)   region size 1024K, 33 young (33792K), 1 survivors (1024K)
[2020-09-08T10:12:59.899-0300][gc,heap        ] GC(498)  Metaspace       used 40707K, capacity 42925K, committed 46208K, reserved 1089536K
[2020-09-08T10:12:59.899-0300][gc,heap        ] GC(498)   class space    used 4154K, capacity 4910K, committed 6016K, reserved 1048576K
[2020-09-08T10:12:59.899-0300][gc,start       ] GC(498) Pause Young (Normal) (G1 Evacuation Pause)
[2020-09-08T10:12:59.900-0300][gc,task        ] GC(498) Using 4 workers of 4 for evacuation
[2020-09-08T10:12:59.924-0300][gc,phases      ] GC(498)   Pre Evacuate Collection Set: 0.1ms
[2020-09-08T10:12:59.924-0300][gc,phases      ] GC(498)   Evacuate Collection Set: 19.0ms
[2020-09-08T10:12:59.924-0300][gc,phases      ] GC(498)   Post Evacuate Collection Set: 2.8ms
[2020-09-08T10:12:59.924-0300][gc,phases      ] GC(498)   Other: 3.0ms
[2020-09-08T10:12:59.924-0300][gc,heap        ] GC(498) Eden regions: 32->0(31)
[2020-09-08T10:12:59.924-0300][gc,heap        ] GC(498) Survivor regions: 1->2(5)
[2020-09-08T10:12:59.924-0300][gc,heap        ] GC(498) Old regions: 54->54
[2020-09-08T10:12:59.924-0300][gc,heap        ] GC(498) Humongous regions: 4->4
[2020-09-08T10:12:59.924-0300][gc,metaspace   ] GC(498) Metaspace: 40707K->40707K(1089536K)
[2020-09-08T10:12:59.924-0300][gc,heap        ] GC(498) Heap after GC invocations=499 (full 1): garbage-first heap   total 109568K, used 58836K [0x0000000083000000, 0x0000000100000000)
[2020-09-08T10:12:59.924-0300][gc,heap        ] GC(498)   region size 1024K, 2 young (2048K), 2 survivors (2048K)
[2020-09-08T10:12:59.924-0300][gc,heap        ] GC(498)  Metaspace       used 40707K, capacity 42925K, committed 46208K, reserved 1089536K
[2020-09-08T10:12:59.924-0300][gc,heap        ] GC(498)   class space    used 4154K, capacity 4910K, committed 6016K, reserved 1048576K
[2020-09-08T10:12:59.925-0300][gc             ] GC(498) Pause Young (Normal) (G1 Evacuation Pause) 88M->57M(107M) 25.191ms
[2020-09-08T10:12:59.926-0300][gc,cpu         ] GC(498) User=0.06s Sys=0.00s Real=0.03s
[2020-09-08T10:13:10.937-0300][gc,heap        ] GC(499) Heap before GC invocations=499 (full 1): garbage-first heap   total 109568K, used 89556K [0x0000000083000000, 0x0000000100000000)
[2020-09-08T10:13:10.937-0300][gc,heap        ] GC(499)   region size 1024K, 33 young (33792K), 2 survivors (2048K)
[2020-09-08T10:13:10.937-0300][gc,heap        ] GC(499)  Metaspace       used 40707K, capacity 42925K, committed 46208K, reserved 1089536K
[2020-09-08T10:13:10.937-0300][gc,heap        ] GC(499)   class space    used 4154K, capacity 4910K, committed 6016K, reserved 1048576K
[2020-09-08T10:13:10.938-0300][gc,start       ] GC(499) Pause Young (Normal) (G1 Evacuation Pause)
[2020-09-08T10:13:10.938-0300][gc,task        ] GC(499) Using 4 workers of 4 for evacuation
[2020-09-08T10:13:10.955-0300][gc,phases      ] GC(499)   Pre Evacuate Collection Set: 0.1ms
[2020-09-08T10:13:10.956-0300][gc,phases      ] GC(499)   Evacuate Collection Set: 13.2ms
[2020-09-08T10:13:10.956-0300][gc,phases      ] GC(499)   Post Evacuate Collection Set: 2.8ms
[2020-09-08T10:13:10.956-0300][gc,phases      ] GC(499)   Other: 2.3ms
[2020-09-08T10:13:10.956-0300][gc,heap        ] GC(499) Eden regions: 31->0(30)
[2020-09-08T10:13:10.956-0300][gc,heap        ] GC(499) Survivor regions: 2->3(5)
[2020-09-08T10:13:10.956-0300][gc,heap        ] GC(499) Old regions: 54->54
[2020-09-08T10:13:10.956-0300][gc,heap        ] GC(499) Humongous regions: 4->4
[2020-09-08T10:13:10.956-0300][gc,metaspace   ] GC(499) Metaspace: 40707K->40707K(1089536K)
[2020-09-08T10:13:10.956-0300][gc,heap        ] GC(499) Heap after GC invocations=500 (full 1): garbage-first heap   total 109568K, used 59370K [0x0000000083000000, 0x0000000100000000)
[2020-09-08T10:13:10.956-0300][gc,heap        ] GC(499)   region size 1024K, 3 young (3072K), 3 survivors (3072K)
[2020-09-08T10:13:10.956-0300][gc,heap        ] GC(499)  Metaspace       used 40707K, capacity 42925K, committed 46208K, reserved 1089536K
[2020-09-08T10:13:10.956-0300][gc,heap        ] GC(499)   class space    used 4154K, capacity 4910K, committed 6016K, reserved 1048576K
[2020-09-08T10:13:10.956-0300][gc             ] GC(499) Pause Young (Normal) (G1 Evacuation Pause) 88M->57M(107M) 18.834ms
[2020-09-08T10:13:10.957-0300][gc,cpu         ] GC(499) User=0.06s Sys=0.00s Real=0.02s
[2020-09-08T10:13:23.544-0300][gc,heap        ] GC(500) Heap before GC invocations=500 (full 1): garbage-first heap   total 109568K, used 89066K [0x0000000083000000, 0x0000000100000000)
[2020-09-08T10:13:23.544-0300][gc,heap        ] GC(500)   region size 1024K, 33 young (33792K), 3 survivors (3072K)
[2020-09-08T10:13:23.544-0300][gc,heap        ] GC(500)  Metaspace       used 40709K, capacity 42989K, committed 46464K, reserved 1089536K
[2020-09-08T10:13:23.544-0300][gc,heap        ] GC(500)   class space    used 4154K, capacity 4910K, committed 6016K, reserved 1048576K
[2020-09-08T10:13:23.545-0300][gc,start       ] GC(500) Pause Young (Concurrent Start) (G1 Evacuation Pause)
[2020-09-08T10:13:23.545-0300][gc,task        ] GC(500) Using 4 workers of 4 for evacuation
[2020-09-08T10:13:23.562-0300][gc,phases      ] GC(500)   Pre Evacuate Collection Set: 0.2ms
[2020-09-08T10:13:23.562-0300][gc,phases      ] GC(500)   Evacuate Collection Set: 13.3ms
[2020-09-08T10:13:23.563-0300][gc,phases      ] GC(500)   Post Evacuate Collection Set: 2.3ms
[2020-09-08T10:13:23.563-0300][gc,phases      ] GC(500)   Other: 2.3ms
[2020-09-08T10:13:23.563-0300][gc,heap        ] GC(500) Eden regions: 30->0(32)
[2020-09-08T10:13:23.563-0300][gc,heap        ] GC(500) Survivor regions: 3->2(5)
[2020-09-08T10:13:23.563-0300][gc,heap        ] GC(500) Old regions: 54->54
[2020-09-08T10:13:23.563-0300][gc,heap        ] GC(500) Humongous regions: 4->4
[2020-09-08T10:13:23.563-0300][gc,metaspace   ] GC(500) Metaspace: 40709K->40709K(1089536K)
[2020-09-08T10:13:23.563-0300][gc,heap        ] GC(500) Heap after GC invocations=501 (full 1): garbage-first heap   total 109568K, used 58998K [0x0000000083000000, 0x0000000100000000)
[2020-09-08T10:13:23.563-0300][gc,heap        ] GC(500)   region size 1024K, 2 young (2048K), 2 survivors (2048K)
[2020-09-08T10:13:23.563-0300][gc,heap        ] GC(500)  Metaspace       used 40709K, capacity 42989K, committed 46464K, reserved 1089536K
[2020-09-08T10:13:23.563-0300][gc,heap        ] GC(500)   class space    used 4154K, capacity 4910K, committed 6016K, reserved 1048576K
[2020-09-08T10:13:23.563-0300][gc             ] GC(500) Pause Young (Concurrent Start) (G1 Evacuation Pause) 87M->57M(107M) 18.377ms
[2020-09-08T10:13:23.564-0300][gc,cpu         ] GC(500) User=0.05s Sys=0.00s Real=0.02s
[2020-09-08T10:13:23.564-0300][gc             ] GC(501) Concurrent Cycle
[2020-09-08T10:13:23.564-0300][gc,marking     ] GC(501) Concurrent Clear Claimed Marks
[2020-09-08T10:13:23.564-0300][gc,marking     ] GC(501) Concurrent Clear Claimed Marks 0.343ms
[2020-09-08T10:13:23.564-0300][gc,marking     ] GC(501) Concurrent Scan Root Regions
[2020-09-08T10:13:23.576-0300][gc,marking     ] GC(501) Concurrent Scan Root Regions 11.282ms
[2020-09-08T10:13:23.576-0300][gc,marking     ] GC(501) Concurrent Mark (2261.049s)
[2020-09-08T10:13:23.576-0300][gc,marking     ] GC(501) Concurrent Mark From Roots
[2020-09-08T10:13:23.576-0300][gc,task        ] GC(501) Using 1 workers of 1 for marking
[2020-09-08T10:13:23.931-0300][gc,marking     ] GC(501) Concurrent Mark From Roots 355.260ms
[2020-09-08T10:13:23.931-0300][gc,marking     ] GC(501) Concurrent Preclean
[2020-09-08T10:13:23.932-0300][gc,marking     ] GC(501) Concurrent Preclean 1.099ms
[2020-09-08T10:13:23.933-0300][gc,marking     ] GC(501) Concurrent Mark (2261.049s, 2261.406s) 356.639ms
[2020-09-08T10:13:23.936-0300][gc,start       ] GC(501) Pause Remark
[2020-09-08T10:13:23.986-0300][gc,stringtable ] GC(501) Cleaned string and symbol table, strings: 23096 processed, 0 removed, symbols: 95049 processed, 0 removed
[2020-09-08T10:13:23.987-0300][gc             ] GC(501) Pause Remark 60M->60M(107M) 51.388ms
[2020-09-08T10:13:23.987-0300][gc,cpu         ] GC(501) User=0.17s Sys=0.02s Real=0.05s
[2020-09-08T10:13:23.988-0300][gc,marking     ] GC(501) Concurrent Rebuild Remembered Sets
[2020-09-08T10:13:24.209-0300][gc,marking     ] GC(501) Concurrent Rebuild Remembered Sets 221.429ms
[2020-09-08T10:13:24.213-0300][gc,start       ] GC(501) Pause Cleanup
[2020-09-08T10:13:24.213-0300][gc             ] GC(501) Pause Cleanup 61M->61M(107M) 0.544ms
[2020-09-08T10:13:24.214-0300][gc,cpu         ] GC(501) User=0.00s Sys=0.00s Real=0.00s
[2020-09-08T10:13:24.214-0300][gc,marking     ] GC(501) Concurrent Cleanup for Next Mark
[2020-09-08T10:13:24.216-0300][gc,marking     ] GC(501) Concurrent Cleanup for Next Mark 2.096ms
[2020-09-08T10:13:24.217-0300][gc             ] GC(501) Concurrent Cycle 652.875ms
[2020-09-08T10:13:33.541-0300][gc,heap        ] GC(502) Heap before GC invocations=502 (full 1): garbage-first heap   total 109568K, used 90742K [0x0000000083000000, 0x0000000100000000)
[2020-09-08T10:13:33.541-0300][gc,heap        ] GC(502)   region size 1024K, 34 young (34816K), 2 survivors (2048K)
[2020-09-08T10:13:33.541-0300][gc,heap        ] GC(502)  Metaspace       used 40686K, capacity 42956K, committed 46464K, reserved 1089536K
[2020-09-08T10:13:33.541-0300][gc,heap        ] GC(502)   class space    used 4149K, capacity 4900K, committed 6016K, reserved 1048576K
[2020-09-08T10:13:33.541-0300][gc,start       ] GC(502) Pause Young (Prepare Mixed) (G1 Evacuation Pause)
[2020-09-08T10:13:33.541-0300][gc,task        ] GC(502) Using 4 workers of 4 for evacuation
[2020-09-08T10:13:33.564-0300][gc,phases      ] GC(502)   Pre Evacuate Collection Set: 0.0ms
[2020-09-08T10:13:33.564-0300][gc,phases      ] GC(502)   Evacuate Collection Set: 18.6ms
[2020-09-08T10:13:33.564-0300][gc,phases      ] GC(502)   Post Evacuate Collection Set: 2.8ms
[2020-09-08T10:13:33.564-0300][gc,phases      ] GC(502)   Other: 2.1ms
[2020-09-08T10:13:33.564-0300][gc,heap        ] GC(502) Eden regions: 32->0(2)
[2020-09-08T10:13:33.564-0300][gc,heap        ] GC(502) Survivor regions: 2->3(5)
[2020-09-08T10:13:33.565-0300][gc,heap        ] GC(502) Old regions: 54->54
[2020-09-08T10:13:33.565-0300][gc,heap        ] GC(502) Humongous regions: 4->4
[2020-09-08T10:13:33.565-0300][gc,metaspace   ] GC(502) Metaspace: 40686K->40686K(1089536K)
[2020-09-08T10:13:33.565-0300][gc,heap        ] GC(502) Heap after GC invocations=503 (full 1): garbage-first heap   total 109568K, used 59471K [0x0000000083000000, 0x0000000100000000)
[2020-09-08T10:13:33.565-0300][gc,heap        ] GC(502)   region size 1024K, 3 young (3072K), 3 survivors (3072K)
[2020-09-08T10:13:33.565-0300][gc,heap        ] GC(502)  Metaspace       used 40686K, capacity 42956K, committed 46464K, reserved 1089536K
[2020-09-08T10:13:33.565-0300][gc,heap        ] GC(502)   class space    used 4149K, capacity 4900K, committed 6016K, reserved 1048576K
[2020-09-08T10:13:33.565-0300][gc             ] GC(502) Pause Young (Prepare Mixed) (G1 Evacuation Pause) 89M->58M(107M) 23.680ms
[2020-09-08T10:13:33.565-0300][gc,cpu         ] GC(502) User=0.05s Sys=0.00s Real=0.02s
[2020-09-08T10:13:33.796-0300][gc,heap        ] GC(503) Heap before GC invocations=503 (full 1): garbage-first heap   total 109568K, used 60495K [0x0000000083000000, 0x0000000100000000)
[2020-09-08T10:13:33.796-0300][gc,heap        ] GC(503)   region size 1024K, 5 young (5120K), 3 survivors (3072K)
[2020-09-08T10:13:33.796-0300][gc,heap        ] GC(503)  Metaspace       used 40686K, capacity 42956K, committed 46464K, reserved 1089536K
[2020-09-08T10:13:33.797-0300][gc,heap        ] GC(503)   class space    used 4149K, capacity 4900K, committed 6016K, reserved 1048576K
[2020-09-08T10:13:33.797-0300][gc,start       ] GC(503) Pause Young (Mixed) (G1 Evacuation Pause)
[2020-09-08T10:13:33.797-0300][gc,task        ] GC(503) Using 4 workers of 4 for evacuation
[2020-09-08T10:13:33.846-0300][gc,phases      ] GC(503)   Pre Evacuate Collection Set: 0.1ms
[2020-09-08T10:13:33.846-0300][gc,phases      ] GC(503)   Evacuate Collection Set: 44.9ms
[2020-09-08T10:13:33.846-0300][gc,phases      ] GC(503)   Post Evacuate Collection Set: 2.3ms
[2020-09-08T10:13:33.847-0300][gc,phases      ] GC(503)   Other: 2.7ms
[2020-09-08T10:13:33.847-0300][gc,heap        ] GC(503) Eden regions: 2->0(33)
[2020-09-08T10:13:33.847-0300][gc,heap        ] GC(503) Survivor regions: 3->1(1)
[2020-09-08T10:13:33.847-0300][gc,heap        ] GC(503) Old regions: 54->52
[2020-09-08T10:13:33.847-0300][gc,heap        ] GC(503) Humongous regions: 4->4
[2020-09-08T10:13:33.847-0300][gc,metaspace   ] GC(503) Metaspace: 40686K->40686K(1089536K)
[2020-09-08T10:13:33.847-0300][gc,heap        ] GC(503) Heap after GC invocations=504 (full 1): garbage-first heap   total 109568K, used 55967K [0x0000000083000000, 0x0000000100000000)
[2020-09-08T10:13:33.847-0300][gc,heap        ] GC(503)   region size 1024K, 1 young (1024K), 1 survivors (1024K)
[2020-09-08T10:13:33.847-0300][gc,heap        ] GC(503)  Metaspace       used 40686K, capacity 42956K, committed 46464K, reserved 1089536K
[2020-09-08T10:13:33.847-0300][gc,heap        ] GC(503)   class space    used 4149K, capacity 4900K, committed 6016K, reserved 1048576K
[2020-09-08T10:13:33.847-0300][gc             ] GC(503) Pause Young (Mixed) (G1 Evacuation Pause) 60M->54M(107M) 50.345ms
[2020-09-08T10:13:33.848-0300][gc,cpu         ] GC(503) User=0.12s Sys=0.01s Real=0.05s
[2020-09-08T10:13:54.483-0300][gc,heap        ] GC(504) Heap before GC invocations=504 (full 1): garbage-first heap   total 109568K, used 88735K [0x0000000083000000, 0x0000000100000000)
[2020-09-08T10:13:54.484-0300][gc,heap        ] GC(504)   region size 1024K, 34 young (34816K), 1 survivors (1024K)
[2020-09-08T10:13:54.484-0300][gc,heap        ] GC(504)  Metaspace       used 40686K, capacity 42956K, committed 46464K, reserved 1089536K
[2020-09-08T10:13:54.484-0300][gc,heap        ] GC(504)   class space    used 4149K, capacity 4900K, committed 6016K, reserved 1048576K
[2020-09-08T10:13:54.484-0300][gc,start       ] GC(504) Pause Young (Normal) (G1 Evacuation Pause)
[2020-09-08T10:13:54.484-0300][gc,task        ] GC(504) Using 4 workers of 4 for evacuation
[2020-09-08T10:13:54.499-0300][gc,phases      ] GC(504)   Pre Evacuate Collection Set: 0.0ms
[2020-09-08T10:13:54.499-0300][gc,phases      ] GC(504)   Evacuate Collection Set: 11.4ms
[2020-09-08T10:13:54.499-0300][gc,phases      ] GC(504)   Post Evacuate Collection Set: 2.0ms
[2020-09-08T10:13:54.499-0300][gc,phases      ] GC(504)   Other: 2.1ms
[2020-09-08T10:13:54.499-0300][gc,heap        ] GC(504) Eden regions: 33->0(33)
[2020-09-08T10:13:54.499-0300][gc,heap        ] GC(504) Survivor regions: 1->2(5)
[2020-09-08T10:13:54.499-0300][gc,heap        ] GC(504) Old regions: 52->52
[2020-09-08T10:13:54.499-0300][gc,heap        ] GC(504) Humongous regions: 4->4
[2020-09-08T10:13:54.499-0300][gc,metaspace   ] GC(504) Metaspace: 40686K->40686K(1089536K)
[2020-09-08T10:13:54.499-0300][gc,heap        ] GC(504) Heap after GC invocations=505 (full 1): garbage-first heap   total 109568K, used 56584K [0x0000000083000000, 0x0000000100000000)
[2020-09-08T10:13:54.499-0300][gc,heap        ] GC(504)   region size 1024K, 2 young (2048K), 2 survivors (2048K)
[2020-09-08T10:13:54.500-0300][gc,heap        ] GC(504)  Metaspace       used 40686K, capacity 42956K, committed 46464K, reserved 1089536K
[2020-09-08T10:13:54.500-0300][gc,heap        ] GC(504)   class space    used 4149K, capacity 4900K, committed 6016K, reserved 1048576K
[2020-09-08T10:13:54.500-0300][gc             ] GC(504) Pause Young (Normal) (G1 Evacuation Pause) 87M->55M(107M) 15.435ms
[2020-09-08T10:13:54.500-0300][gc,cpu         ] GC(504) User=0.05s Sys=0.00s Real=0.01s
[2020-09-08T10:14:06.447-0300][gc,heap        ] GC(505) Heap before GC invocations=505 (full 1): garbage-first heap   total 109568K, used 89352K [0x0000000083000000, 0x0000000100000000)
[2020-09-08T10:14:06.447-0300][gc,heap        ] GC(505)   region size 1024K, 35 young (35840K), 2 survivors (2048K)
[2020-09-08T10:14:06.447-0300][gc,heap        ] GC(505)  Metaspace       used 40686K, capacity 42956K, committed 46464K, reserved 1089536K
[2020-09-08T10:14:06.447-0300][gc,heap        ] GC(505)   class space    used 4149K, capacity 4900K, committed 6016K, reserved 1048576K
[2020-09-08T10:14:06.448-0300][gc,start       ] GC(505) Pause Young (Normal) (G1 Evacuation Pause)
[2020-09-08T10:14:06.448-0300][gc,task        ] GC(505) Using 4 workers of 4 for evacuation
[2020-09-08T10:14:06.462-0300][gc,phases      ] GC(505)   Pre Evacuate Collection Set: 0.0ms
[2020-09-08T10:14:06.462-0300][gc,phases      ] GC(505)   Evacuate Collection Set: 9.9ms
[2020-09-08T10:14:06.462-0300][gc,phases      ] GC(505)   Post Evacuate Collection Set: 2.9ms
[2020-09-08T10:14:06.462-0300][gc,phases      ] GC(505)   Other: 1.9ms
[2020-09-08T10:14:06.462-0300][gc,heap        ] GC(505) Eden regions: 33->0(33)
[2020-09-08T10:14:06.462-0300][gc,heap        ] GC(505) Survivor regions: 2->2(5)
[2020-09-08T10:14:06.462-0300][gc,heap        ] GC(505) Old regions: 52->52
[2020-09-08T10:14:06.462-0300][gc,heap        ] GC(505) Humongous regions: 4->4
[2020-09-08T10:14:06.462-0300][gc,metaspace   ] GC(505) Metaspace: 40686K->40686K(1089536K)
[2020-09-08T10:14:06.462-0300][gc,heap        ] GC(505) Heap after GC invocations=506 (full 1): garbage-first heap   total 109568K, used 57264K [0x0000000083000000, 0x0000000100000000)
[2020-09-08T10:14:06.462-0300][gc,heap        ] GC(505)   region size 1024K, 2 young (2048K), 2 survivors (2048K)
[2020-09-08T10:14:06.462-0300][gc,heap        ] GC(505)  Metaspace       used 40686K, capacity 42956K, committed 46464K, reserved 1089536K
[2020-09-08T10:14:06.463-0300][gc,heap        ] GC(505)   class space    used 4149K, capacity 4900K, committed 6016K, reserved 1048576K
[2020-09-08T10:14:06.463-0300][gc             ] GC(505) Pause Young (Normal) (G1 Evacuation Pause) 88M->55M(107M) 14.942ms
[2020-09-08T10:14:06.463-0300][gc,cpu         ] GC(505) User=0.05s Sys=0.00s Real=0.02s
[2020-09-08T10:14:29.843-0300][gc,heap        ] GC(506) Heap before GC invocations=506 (full 1): garbage-first heap   total 109568K, used 90032K [0x0000000083000000, 0x0000000100000000)
[2020-09-08T10:14:29.843-0300][gc,heap        ] GC(506)   region size 1024K, 35 young (35840K), 2 survivors (2048K)
[2020-09-08T10:14:29.843-0300][gc,heap        ] GC(506)  Metaspace       used 40687K, capacity 42956K, committed 46464K, reserved 1089536K
[2020-09-08T10:14:29.843-0300][gc,heap        ] GC(506)   class space    used 4149K, capacity 4900K, committed 6016K, reserved 1048576K
[2020-09-08T10:14:29.843-0300][gc,start       ] GC(506) Pause Young (Concurrent Start) (G1 Evacuation Pause)
[2020-09-08T10:14:29.843-0300][gc,task        ] GC(506) Using 4 workers of 4 for evacuation
[2020-09-08T10:14:29.859-0300][gc,phases      ] GC(506)   Pre Evacuate Collection Set: 0.2ms
[2020-09-08T10:14:29.859-0300][gc,phases      ] GC(506)   Evacuate Collection Set: 11.9ms
[2020-09-08T10:14:29.859-0300][gc,phases      ] GC(506)   Post Evacuate Collection Set: 2.3ms
[2020-09-08T10:14:29.859-0300][gc,phases      ] GC(506)   Other: 1.9ms
[2020-09-08T10:14:29.859-0300][gc,heap        ] GC(506) Eden regions: 33->0(33)
[2020-09-08T10:14:29.859-0300][gc,heap        ] GC(506) Survivor regions: 2->2(5)
[2020-09-08T10:14:29.859-0300][gc,heap        ] GC(506) Old regions: 52->52
[2020-09-08T10:14:29.860-0300][gc,heap        ] GC(506) Humongous regions: 4->4
[2020-09-08T10:14:29.860-0300][gc,metaspace   ] GC(506) Metaspace: 40687K->40687K(1089536K)
[2020-09-08T10:14:29.860-0300][gc,heap        ] GC(506) Heap after GC invocations=507 (full 1): garbage-first heap   total 109568K, used 57331K [0x0000000083000000, 0x0000000100000000)
[2020-09-08T10:14:29.860-0300][gc,heap        ] GC(506)   region size 1024K, 2 young (2048K), 2 survivors (2048K)
[2020-09-08T10:14:29.860-0300][gc,heap        ] GC(506)  Metaspace       used 40687K, capacity 42956K, committed 46464K, reserved 1089536K
[2020-09-08T10:14:29.860-0300][gc,heap        ] GC(506)   class space    used 4149K, capacity 4900K, committed 6016K, reserved 1048576K
[2020-09-08T10:14:29.860-0300][gc             ] GC(506) Pause Young (Concurrent Start) (G1 Evacuation Pause) 88M->55M(107M) 16.637ms
[2020-09-08T10:14:29.860-0300][gc,cpu         ] GC(506) User=0.06s Sys=0.00s Real=0.01s
[2020-09-08T10:14:29.861-0300][gc             ] GC(507) Concurrent Cycle
[2020-09-08T10:14:29.861-0300][gc,marking     ] GC(507) Concurrent Clear Claimed Marks
[2020-09-08T10:14:29.861-0300][gc,marking     ] GC(507) Concurrent Clear Claimed Marks 0.266ms
[2020-09-08T10:14:29.861-0300][gc,marking     ] GC(507) Concurrent Scan Root Regions
[2020-09-08T10:14:29.870-0300][gc,marking     ] GC(507) Concurrent Scan Root Regions 8.356ms
[2020-09-08T10:14:29.870-0300][gc,marking     ] GC(507) Concurrent Mark (2327.343s)
[2020-09-08T10:14:29.870-0300][gc,marking     ] GC(507) Concurrent Mark From Roots
[2020-09-08T10:14:29.870-0300][gc,task        ] GC(507) Using 1 workers of 1 for marking
[2020-09-08T10:14:30.155-0300][gc,marking     ] GC(507) Concurrent Mark From Roots 285.567ms
[2020-09-08T10:14:30.156-0300][gc,marking     ] GC(507) Concurrent Preclean
[2020-09-08T10:14:30.157-0300][gc,marking     ] GC(507) Concurrent Preclean 1.025ms
[2020-09-08T10:14:30.157-0300][gc,marking     ] GC(507) Concurrent Mark (2327.343s, 2327.630s) 286.878ms
[2020-09-08T10:14:30.159-0300][gc,start       ] GC(507) Pause Remark
[2020-09-08T10:14:30.195-0300][gc,stringtable ] GC(507) Cleaned string and symbol table, strings: 23096 processed, 0 removed, symbols: 95049 processed, 0 removed
[2020-09-08T10:14:30.196-0300][gc             ] GC(507) Pause Remark 56M->56M(107M) 37.260ms
[2020-09-08T10:14:30.196-0300][gc,cpu         ] GC(507) User=0.12s Sys=0.00s Real=0.04s
[2020-09-08T10:14:30.197-0300][gc,marking     ] GC(507) Concurrent Rebuild Remembered Sets
[2020-09-08T10:14:30.380-0300][gc,marking     ] GC(507) Concurrent Rebuild Remembered Sets 183.066ms
[2020-09-08T10:14:30.382-0300][gc,start       ] GC(507) Pause Cleanup
[2020-09-08T10:14:30.383-0300][gc             ] GC(507) Pause Cleanup 57M->57M(107M) 0.543ms
[2020-09-08T10:14:30.383-0300][gc,cpu         ] GC(507) User=0.00s Sys=0.00s Real=0.00s
[2020-09-08T10:14:30.384-0300][gc,marking     ] GC(507) Concurrent Cleanup for Next Mark
[2020-09-08T10:14:30.385-0300][gc,marking     ] GC(507) Concurrent Cleanup for Next Mark 1.127ms
[2020-09-08T10:14:30.385-0300][gc             ] GC(507) Concurrent Cycle 524.330ms
[2020-09-08T10:14:59.471-0300][gc,heap        ] GC(508) Heap before GC invocations=508 (full 1): garbage-first heap   total 109568K, used 90099K [0x0000000083000000, 0x0000000100000000)
[2020-09-08T10:14:59.471-0300][gc,heap        ] GC(508)   region size 1024K, 35 young (35840K), 2 survivors (2048K)
[2020-09-08T10:14:59.471-0300][gc,heap        ] GC(508)  Metaspace       used 40701K, capacity 42956K, committed 46464K, reserved 1089536K
[2020-09-08T10:14:59.471-0300][gc,heap        ] GC(508)   class space    used 4150K, capacity 4900K, committed 6016K, reserved 1048576K
[2020-09-08T10:14:59.472-0300][gc,start       ] GC(508) Pause Young (Prepare Mixed) (G1 Evacuation Pause)
[2020-09-08T10:14:59.472-0300][gc,task        ] GC(508) Using 4 workers of 4 for evacuation
[2020-09-08T10:14:59.488-0300][gc,phases      ] GC(508)   Pre Evacuate Collection Set: 0.0ms
[2020-09-08T10:14:59.488-0300][gc,phases      ] GC(508)   Evacuate Collection Set: 12.8ms
[2020-09-08T10:14:59.488-0300][gc,phases      ] GC(508)   Post Evacuate Collection Set: 2.2ms
[2020-09-08T10:14:59.488-0300][gc,phases      ] GC(508)   Other: 1.7ms
[2020-09-08T10:14:59.488-0300][gc,heap        ] GC(508) Eden regions: 33->0(2)
[2020-09-08T10:14:59.488-0300][gc,heap        ] GC(508) Survivor regions: 2->3(5)
[2020-09-08T10:14:59.488-0300][gc,heap        ] GC(508) Old regions: 52->52
[2020-09-08T10:14:59.488-0300][gc,heap        ] GC(508) Humongous regions: 4->4
[2020-09-08T10:14:59.488-0300][gc,metaspace   ] GC(508) Metaspace: 40701K->40701K(1089536K)
[2020-09-08T10:14:59.488-0300][gc,heap        ] GC(508) Heap after GC invocations=509 (full 1): garbage-first heap   total 109568K, used 57658K [0x0000000083000000, 0x0000000100000000)
[2020-09-08T10:14:59.488-0300][gc,heap        ] GC(508)   region size 1024K, 3 young (3072K), 3 survivors (3072K)
[2020-09-08T10:14:59.489-0300][gc,heap        ] GC(508)  Metaspace       used 40701K, capacity 42956K, committed 46464K, reserved 1089536K
[2020-09-08T10:14:59.489-0300][gc,heap        ] GC(508)   class space    used 4150K, capacity 4900K, committed 6016K, reserved 1048576K
[2020-09-08T10:14:59.489-0300][gc             ] GC(508) Pause Young (Prepare Mixed) (G1 Evacuation Pause) 88M->56M(107M) 17.062ms
[2020-09-08T10:14:59.489-0300][gc,cpu         ] GC(508) User=0.06s Sys=0.00s Real=0.01s
[2020-09-08T10:15:00.062-0300][gc,heap        ] GC(509) Heap before GC invocations=509 (full 1): garbage-first heap   total 109568K, used 59706K [0x0000000083000000, 0x0000000100000000)
[2020-09-08T10:15:00.062-0300][gc,heap        ] GC(509)   region size 1024K, 5 young (5120K), 3 survivors (3072K)
[2020-09-08T10:15:00.062-0300][gc,heap        ] GC(509)  Metaspace       used 40701K, capacity 42956K, committed 46464K, reserved 1089536K
[2020-09-08T10:15:00.062-0300][gc,heap        ] GC(509)   class space    used 4150K, capacity 4900K, committed 6016K, reserved 1048576K
[2020-09-08T10:15:00.062-0300][gc,start       ] GC(509) Pause Young (Mixed) (G1 Evacuation Pause)
[2020-09-08T10:15:00.062-0300][gc,task        ] GC(509) Using 4 workers of 4 for evacuation
[2020-09-08T10:15:00.090-0300][gc,phases      ] GC(509)   Pre Evacuate Collection Set: 0.1ms
[2020-09-08T10:15:00.090-0300][gc,phases      ] GC(509)   Evacuate Collection Set: 24.3ms
[2020-09-08T10:15:00.090-0300][gc,phases      ] GC(509)   Post Evacuate Collection Set: 2.2ms
[2020-09-08T10:15:00.090-0300][gc,phases      ] GC(509)   Other: 1.7ms
[2020-09-08T10:15:00.090-0300][gc,heap        ] GC(509) Eden regions: 2->0(36)
[2020-09-08T10:15:00.090-0300][gc,heap        ] GC(509) Survivor regions: 3->1(1)
[2020-09-08T10:15:00.090-0300][gc,heap        ] GC(509) Old regions: 52->49
[2020-09-08T10:15:00.090-0300][gc,heap        ] GC(509) Humongous regions: 4->4
[2020-09-08T10:15:00.090-0300][gc,metaspace   ] GC(509) Metaspace: 40701K->40701K(1089536K)
[2020-09-08T10:15:00.090-0300][gc,heap        ] GC(509) Heap after GC invocations=510 (full 1): garbage-first heap   total 109568K, used 52869K [0x0000000083000000, 0x0000000100000000)
[2020-09-08T10:15:00.090-0300][gc,heap        ] GC(509)   region size 1024K, 1 young (1024K), 1 survivors (1024K)
[2020-09-08T10:15:00.090-0300][gc,heap        ] GC(509)  Metaspace       used 40701K, capacity 42956K, committed 46464K, reserved 1089536K
[2020-09-08T10:15:00.090-0300][gc,heap        ] GC(509)   class space    used 4150K, capacity 4900K, committed 6016K, reserved 1048576K
[2020-09-08T10:15:00.091-0300][gc             ] GC(509) Pause Young (Mixed) (G1 Evacuation Pause) 58M->51M(107M) 28.577ms
[2020-09-08T10:15:00.091-0300][gc,cpu         ] GC(509) User=0.09s Sys=0.00s Real=0.03s
[2020-09-08T10:15:21.794-0300][gc,heap        ] GC(510) Heap before GC invocations=510 (full 1): garbage-first heap   total 109568K, used 88709K [0x0000000083000000, 0x0000000100000000)
[2020-09-08T10:15:21.794-0300][gc,heap        ] GC(510)   region size 1024K, 37 young (37888K), 1 survivors (1024K)
[2020-09-08T10:15:21.794-0300][gc,heap        ] GC(510)  Metaspace       used 40701K, capacity 42956K, committed 46464K, reserved 1089536K
[2020-09-08T10:15:21.794-0300][gc,heap        ] GC(510)   class space    used 4150K, capacity 4900K, committed 6016K, reserved 1048576K
[2020-09-08T10:15:21.794-0300][gc,start       ] GC(510) Pause Young (Normal) (G1 Evacuation Pause)
[2020-09-08T10:15:21.794-0300][gc,task        ] GC(510) Using 4 workers of 4 for evacuation
[2020-09-08T10:15:21.808-0300][gc,phases      ] GC(510)   Pre Evacuate Collection Set: 0.0ms
[2020-09-08T10:15:21.808-0300][gc,phases      ] GC(510)   Evacuate Collection Set: 9.8ms
[2020-09-08T10:15:21.808-0300][gc,phases      ] GC(510)   Post Evacuate Collection Set: 2.7ms
[2020-09-08T10:15:21.808-0300][gc,phases      ] GC(510)   Other: 1.7ms
[2020-09-08T10:15:21.808-0300][gc,heap        ] GC(510) Eden regions: 36->0(36)
[2020-09-08T10:15:21.808-0300][gc,heap        ] GC(510) Survivor regions: 1->2(5)
[2020-09-08T10:15:21.809-0300][gc,heap        ] GC(510) Old regions: 49->49
[2020-09-08T10:15:21.809-0300][gc,heap        ] GC(510) Humongous regions: 4->4
[2020-09-08T10:15:21.809-0300][gc,metaspace   ] GC(510) Metaspace: 40701K->40701K(1089536K)
[2020-09-08T10:15:21.809-0300][gc,heap        ] GC(510) Heap after GC invocations=511 (full 1): garbage-first heap   total 109568K, used 53467K [0x0000000083000000, 0x0000000100000000)
[2020-09-08T10:15:21.809-0300][gc,heap        ] GC(510)   region size 1024K, 2 young (2048K), 2 survivors (2048K)
[2020-09-08T10:15:21.809-0300][gc,heap        ] GC(510)  Metaspace       used 40701K, capacity 42956K, committed 46464K, reserved 1089536K
[2020-09-08T10:15:21.809-0300][gc,heap        ] GC(510)   class space    used 4150K, capacity 4900K, committed 6016K, reserved 1048576K
[2020-09-08T10:15:21.809-0300][gc             ] GC(510) Pause Young (Normal) (G1 Evacuation Pause) 87M->52M(107M) 14.594ms
[2020-09-08T10:15:21.809-0300][gc,cpu         ] GC(510) User=0.05s Sys=0.00s Real=0.01s
[2020-09-08T10:15:46.884-0300][gc,heap        ] GC(511) Heap before GC invocations=511 (full 1): garbage-first heap   total 109568K, used 89307K [0x0000000083000000, 0x0000000100000000)
[2020-09-08T10:15:46.884-0300][gc,heap        ] GC(511)   region size 1024K, 38 young (38912K), 2 survivors (2048K)
[2020-09-08T10:15:46.884-0300][gc,heap        ] GC(511)  Metaspace       used 40701K, capacity 42956K, committed 46464K, reserved 1089536K
[2020-09-08T10:15:46.884-0300][gc,heap        ] GC(511)   class space    used 4150K, capacity 4900K, committed 6016K, reserved 1048576K
[2020-09-08T10:15:46.884-0300][gc,start       ] GC(511) Pause Young (Normal) (G1 Evacuation Pause)
[2020-09-08T10:15:46.884-0300][gc,task        ] GC(511) Using 4 workers of 4 for evacuation
[2020-09-08T10:15:46.896-0300][gc,phases      ] GC(511)   Pre Evacuate Collection Set: 0.1ms
[2020-09-08T10:15:46.896-0300][gc,phases      ] GC(511)   Evacuate Collection Set: 9.0ms
[2020-09-08T10:15:46.896-0300][gc,phases      ] GC(511)   Post Evacuate Collection Set: 2.0ms
[2020-09-08T10:15:46.896-0300][gc,phases      ] GC(511)   Other: 1.6ms
[2020-09-08T10:15:46.897-0300][gc,heap        ] GC(511) Eden regions: 36->0(36)
[2020-09-08T10:15:46.897-0300][gc,heap        ] GC(511) Survivor regions: 2->2(5)
[2020-09-08T10:15:46.897-0300][gc,heap        ] GC(511) Old regions: 49->49
[2020-09-08T10:15:46.897-0300][gc,heap        ] GC(511) Humongous regions: 4->4
[2020-09-08T10:15:46.897-0300][gc,metaspace   ] GC(511) Metaspace: 40701K->40701K(1089536K)
[2020-09-08T10:15:46.897-0300][gc,heap        ] GC(511) Heap after GC invocations=512 (full 1): garbage-first heap   total 109568K, used 54152K [0x0000000083000000, 0x0000000100000000)
[2020-09-08T10:15:46.897-0300][gc,heap        ] GC(511)   region size 1024K, 2 young (2048K), 2 survivors (2048K)
[2020-09-08T10:15:46.897-0300][gc,heap        ] GC(511)  Metaspace       used 40701K, capacity 42956K, committed 46464K, reserved 1089536K
[2020-09-08T10:15:46.897-0300][gc,heap        ] GC(511)   class space    used 4150K, capacity 4900K, committed 6016K, reserved 1048576K
[2020-09-08T10:15:46.897-0300][gc             ] GC(511) Pause Young (Normal) (G1 Evacuation Pause) 88M->52M(107M) 12.851ms
[2020-09-08T10:15:46.897-0300][gc,cpu         ] GC(511) User=0.03s Sys=0.00s Real=0.01s
[2020-09-08T10:16:08.821-0300][gc,heap        ] GC(512) Heap before GC invocations=512 (full 1): garbage-first heap   total 109568K, used 89992K [0x0000000083000000, 0x0000000100000000)
[2020-09-08T10:16:08.822-0300][gc,heap        ] GC(512)   region size 1024K, 38 young (38912K), 2 survivors (2048K)
[2020-09-08T10:16:08.822-0300][gc,heap        ] GC(512)  Metaspace       used 40701K, capacity 42956K, committed 46464K, reserved 1089536K
[2020-09-08T10:16:08.822-0300][gc,heap        ] GC(512)   class space    used 4150K, capacity 4900K, committed 6016K, reserved 1048576K
[2020-09-08T10:16:08.822-0300][gc,start       ] GC(512) Pause Young (Concurrent Start) (G1 Evacuation Pause)
[2020-09-08T10:16:08.822-0300][gc,task        ] GC(512) Using 4 workers of 4 for evacuation
[2020-09-08T10:16:08.840-0300][gc,phases      ] GC(512)   Pre Evacuate Collection Set: 0.5ms
[2020-09-08T10:16:08.841-0300][gc,phases      ] GC(512)   Evacuate Collection Set: 13.5ms
[2020-09-08T10:16:08.841-0300][gc,phases      ] GC(512)   Post Evacuate Collection Set: 2.7ms
[2020-09-08T10:16:08.841-0300][gc,phases      ] GC(512)   Other: 2.4ms
[2020-09-08T10:16:08.841-0300][gc,heap        ] GC(512) Eden regions: 36->0(35)
[2020-09-08T10:16:08.841-0300][gc,heap        ] GC(512) Survivor regions: 2->3(5)
[2020-09-08T10:16:08.841-0300][gc,heap        ] GC(512) Old regions: 49->49
[2020-09-08T10:16:08.841-0300][gc,heap        ] GC(512) Humongous regions: 4->4
[2020-09-08T10:16:08.841-0300][gc,metaspace   ] GC(512) Metaspace: 40701K->40701K(1089536K)
[2020-09-08T10:16:08.841-0300][gc,heap        ] GC(512) Heap after GC invocations=513 (full 1): garbage-first heap   total 109568K, used 55014K [0x0000000083000000, 0x0000000100000000)
[2020-09-08T10:16:08.841-0300][gc,heap        ] GC(512)   region size 1024K, 3 young (3072K), 3 survivors (3072K)
[2020-09-08T10:16:08.841-0300][gc,heap        ] GC(512)  Metaspace       used 40701K, capacity 42956K, committed 46464K, reserved 1089536K
[2020-09-08T10:16:08.841-0300][gc,heap        ] GC(512)   class space    used 4150K, capacity 4900K, committed 6016K, reserved 1048576K
[2020-09-08T10:16:08.841-0300][gc             ] GC(512) Pause Young (Concurrent Start) (G1 Evacuation Pause) 88M->53M(107M) 19.171ms
[2020-09-08T10:16:08.842-0300][gc,cpu         ] GC(512) User=0.05s Sys=0.01s Real=0.02s
[2020-09-08T10:16:08.842-0300][gc             ] GC(513) Concurrent Cycle
[2020-09-08T10:16:08.842-0300][gc,marking     ] GC(513) Concurrent Clear Claimed Marks
[2020-09-08T10:16:08.842-0300][gc,marking     ] GC(513) Concurrent Clear Claimed Marks 0.325ms
[2020-09-08T10:16:08.842-0300][gc,marking     ] GC(513) Concurrent Scan Root Regions
[2020-09-08T10:16:08.857-0300][gc,marking     ] GC(513) Concurrent Scan Root Regions 14.169ms
[2020-09-08T10:16:08.857-0300][gc,marking     ] GC(513) Concurrent Mark (2426.330s)
[2020-09-08T10:16:08.857-0300][gc,marking     ] GC(513) Concurrent Mark From Roots
[2020-09-08T10:16:08.857-0300][gc,task        ] GC(513) Using 1 workers of 1 for marking
[2020-09-08T10:16:09.173-0300][gc,marking     ] GC(513) Concurrent Mark From Roots 316.606ms
[2020-09-08T10:16:09.174-0300][gc,marking     ] GC(513) Concurrent Preclean
[2020-09-08T10:16:09.175-0300][gc,marking     ] GC(513) Concurrent Preclean 1.374ms
[2020-09-08T10:16:09.175-0300][gc,marking     ] GC(513) Concurrent Mark (2426.330s, 2426.649s) 318.328ms
[2020-09-08T10:16:09.177-0300][gc,start       ] GC(513) Pause Remark
[2020-09-08T10:16:09.210-0300][gc,stringtable ] GC(513) Cleaned string and symbol table, strings: 23145 processed, 2 removed, symbols: 95050 processed, 0 removed
[2020-09-08T10:16:09.211-0300][gc             ] GC(513) Pause Remark 56M->56M(107M) 34.209ms
[2020-09-08T10:16:09.211-0300][gc,cpu         ] GC(513) User=0.12s Sys=0.00s Real=0.04s
[2020-09-08T10:16:09.212-0300][gc,marking     ] GC(513) Concurrent Rebuild Remembered Sets
[2020-09-08T10:16:09.381-0300][gc,marking     ] GC(513) Concurrent Rebuild Remembered Sets 169.160ms
[2020-09-08T10:16:09.383-0300][gc,start       ] GC(513) Pause Cleanup
[2020-09-08T10:16:09.384-0300][gc             ] GC(513) Pause Cleanup 57M->57M(107M) 0.465ms
[2020-09-08T10:16:09.384-0300][gc,cpu         ] GC(513) User=0.00s Sys=0.00s Real=0.00s
[2020-09-08T10:16:09.385-0300][gc,marking     ] GC(513) Concurrent Cleanup for Next Mark
[2020-09-08T10:16:09.386-0300][gc,marking     ] GC(513) Concurrent Cleanup for Next Mark 1.230ms
[2020-09-08T10:16:09.386-0300][gc             ] GC(513) Concurrent Cycle 544.251ms
[2020-09-08T10:16:34.279-0300][gc,heap        ] GC(514) Heap before GC invocations=514 (full 1): garbage-first heap   total 109568K, used 89830K [0x0000000083000000, 0x0000000100000000)
[2020-09-08T10:16:34.279-0300][gc,heap        ] GC(514)   region size 1024K, 38 young (38912K), 3 survivors (3072K)
[2020-09-08T10:16:34.279-0300][gc,heap        ] GC(514)  Metaspace       used 40701K, capacity 42956K, committed 46464K, reserved 1089536K
[2020-09-08T10:16:34.279-0300][gc,heap        ] GC(514)   class space    used 4150K, capacity 4900K, committed 6016K, reserved 1048576K
[2020-09-08T10:16:34.280-0300][gc,start       ] GC(514) Pause Young (Prepare Mixed) (G1 Evacuation Pause)
[2020-09-08T10:16:34.280-0300][gc,task        ] GC(514) Using 4 workers of 4 for evacuation
[2020-09-08T10:16:34.297-0300][gc,phases      ] GC(514)   Pre Evacuate Collection Set: 0.0ms
[2020-09-08T10:16:34.297-0300][gc,phases      ] GC(514)   Evacuate Collection Set: 13.9ms
[2020-09-08T10:16:34.297-0300][gc,phases      ] GC(514)   Post Evacuate Collection Set: 2.1ms
[2020-09-08T10:16:34.297-0300][gc,phases      ] GC(514)   Other: 1.8ms
[2020-09-08T10:16:34.297-0300][gc,heap        ] GC(514) Eden regions: 35->0(2)
[2020-09-08T10:16:34.297-0300][gc,heap        ] GC(514) Survivor regions: 3->3(5)
[2020-09-08T10:16:34.297-0300][gc,heap        ] GC(514) Old regions: 49->49
[2020-09-08T10:16:34.297-0300][gc,heap        ] GC(514) Humongous regions: 4->4
[2020-09-08T10:16:34.297-0300][gc,metaspace   ] GC(514) Metaspace: 40701K->40701K(1089536K)
[2020-09-08T10:16:34.297-0300][gc,heap        ] GC(514) Heap after GC invocations=515 (full 1): garbage-first heap   total 109568K, used 55209K [0x0000000083000000, 0x0000000100000000)
[2020-09-08T10:16:34.298-0300][gc,heap        ] GC(514)   region size 1024K, 3 young (3072K), 3 survivors (3072K)
[2020-09-08T10:16:34.298-0300][gc,heap        ] GC(514)  Metaspace       used 40701K, capacity 42956K, committed 46464K, reserved 1089536K
[2020-09-08T10:16:34.298-0300][gc,heap        ] GC(514)   class space    used 4150K, capacity 4900K, committed 6016K, reserved 1048576K
[2020-09-08T10:16:34.298-0300][gc             ] GC(514) Pause Young (Prepare Mixed) (G1 Evacuation Pause) 88M->53M(107M) 18.025ms
[2020-09-08T10:16:34.298-0300][gc,cpu         ] GC(514) User=0.06s Sys=0.00s Real=0.02s
[2020-09-08T10:16:36.601-0300][gc,heap        ] GC(515) Heap before GC invocations=515 (full 1): garbage-first heap   total 109568K, used 56233K [0x0000000083000000, 0x0000000100000000)
[2020-09-08T10:16:36.601-0300][gc,heap        ] GC(515)   region size 1024K, 5 young (5120K), 3 survivors (3072K)
[2020-09-08T10:16:36.601-0300][gc,heap        ] GC(515)  Metaspace       used 40701K, capacity 42956K, committed 46464K, reserved 1089536K
[2020-09-08T10:16:36.602-0300][gc,heap        ] GC(515)   class space    used 4150K, capacity 4900K, committed 6016K, reserved 1048576K
[2020-09-08T10:16:36.602-0300][gc,start       ] GC(515) Pause Young (Mixed) (G1 Evacuation Pause)
[2020-09-08T10:16:36.602-0300][gc,task        ] GC(515) Using 4 workers of 4 for evacuation
[2020-09-08T10:16:36.632-0300][gc,phases      ] GC(515)   Pre Evacuate Collection Set: 0.1ms
[2020-09-08T10:16:36.632-0300][gc,phases      ] GC(515)   Evacuate Collection Set: 27.0ms
[2020-09-08T10:16:36.632-0300][gc,phases      ] GC(515)   Post Evacuate Collection Set: 1.8ms
[2020-09-08T10:16:36.632-0300][gc,phases      ] GC(515)   Other: 1.6ms
[2020-09-08T10:16:36.632-0300][gc,heap        ] GC(515) Eden regions: 2->0(37)
[2020-09-08T10:16:36.632-0300][gc,heap        ] GC(515) Survivor regions: 3->1(1)
[2020-09-08T10:16:36.632-0300][gc,heap        ] GC(515) Old regions: 49->49
[2020-09-08T10:16:36.632-0300][gc,heap        ] GC(515) Humongous regions: 4->4
[2020-09-08T10:16:36.632-0300][gc,metaspace   ] GC(515) Metaspace: 40701K->40701K(1089536K)
[2020-09-08T10:16:36.632-0300][gc,heap        ] GC(515) Heap after GC invocations=516 (full 1): garbage-first heap   total 109568K, used 52306K [0x0000000083000000, 0x0000000100000000)
[2020-09-08T10:16:36.632-0300][gc,heap        ] GC(515)   region size 1024K, 1 young (1024K), 1 survivors (1024K)
[2020-09-08T10:16:36.632-0300][gc,heap        ] GC(515)  Metaspace       used 40701K, capacity 42956K, committed 46464K, reserved 1089536K
[2020-09-08T10:16:36.632-0300][gc,heap        ] GC(515)   class space    used 4150K, capacity 4900K, committed 6016K, reserved 1048576K
[2020-09-08T10:16:36.633-0300][gc             ] GC(515) Pause Young (Mixed) (G1 Evacuation Pause) 55M->51M(107M) 30.775ms
[2020-09-08T10:16:36.633-0300][gc,cpu         ] GC(515) User=0.11s Sys=0.01s Real=0.03s
[2020-09-08T10:16:56.163-0300][gc,heap        ] GC(516) Heap before GC invocations=516 (full 1): garbage-first heap   total 109568K, used 89170K [0x0000000083000000, 0x0000000100000000)
[2020-09-08T10:16:56.163-0300][gc,heap        ] GC(516)   region size 1024K, 38 young (38912K), 1 survivors (1024K)
[2020-09-08T10:16:56.163-0300][gc,heap        ] GC(516)  Metaspace       used 40703K, capacity 42956K, committed 46464K, reserved 1089536K
[2020-09-08T10:16:56.163-0300][gc,heap        ] GC(516)   class space    used 4150K, capacity 4900K, committed 6016K, reserved 1048576K
[2020-09-08T10:16:56.163-0300][gc,start       ] GC(516) Pause Young (Normal) (G1 Evacuation Pause)
[2020-09-08T10:16:56.163-0300][gc,task        ] GC(516) Using 4 workers of 4 for evacuation
[2020-09-08T10:16:56.175-0300][gc,phases      ] GC(516)   Pre Evacuate Collection Set: 0.0ms
[2020-09-08T10:16:56.175-0300][gc,phases      ] GC(516)   Evacuate Collection Set: 8.5ms
[2020-09-08T10:16:56.175-0300][gc,phases      ] GC(516)   Post Evacuate Collection Set: 2.0ms
[2020-09-08T10:16:56.175-0300][gc,phases      ] GC(516)   Other: 1.5ms
[2020-09-08T10:16:56.175-0300][gc,heap        ] GC(516) Eden regions: 37->0(37)
[2020-09-08T10:16:56.175-0300][gc,heap        ] GC(516) Survivor regions: 1->1(5)
[2020-09-08T10:16:56.175-0300][gc,heap        ] GC(516) Old regions: 49->49
[2020-09-08T10:16:56.175-0300][gc,heap        ] GC(516) Humongous regions: 4->4
[2020-09-08T10:16:56.175-0300][gc,metaspace   ] GC(516) Metaspace: 40703K->40703K(1089536K)
[2020-09-08T10:16:56.175-0300][gc,heap        ] GC(516) Heap after GC invocations=517 (full 1): garbage-first heap   total 109568K, used 52389K [0x0000000083000000, 0x0000000100000000)
[2020-09-08T10:16:56.175-0300][gc,heap        ] GC(516)   region size 1024K, 1 young (1024K), 1 survivors (1024K)
[2020-09-08T10:16:56.175-0300][gc,heap        ] GC(516)  Metaspace       used 40703K, capacity 42956K, committed 46464K, reserved 1089536K
[2020-09-08T10:16:56.175-0300][gc,heap        ] GC(516)   class space    used 4150K, capacity 4900K, committed 6016K, reserved 1048576K
[2020-09-08T10:16:56.175-0300][gc             ] GC(516) Pause Young (Normal) (G1 Evacuation Pause) 88M->51M(107M) 12.472ms
[2020-09-08T10:16:56.176-0300][gc,cpu         ] GC(516) User=0.03s Sys=0.01s Real=0.01s
[2020-09-08T10:17:13.169-0300][gc,heap        ] GC(517) Heap before GC invocations=517 (full 1): garbage-first heap   total 109568K, used 89253K [0x0000000083000000, 0x0000000100000000)
[2020-09-08T10:17:13.169-0300][gc,heap        ] GC(517)   region size 1024K, 38 young (38912K), 1 survivors (1024K)
[2020-09-08T10:17:13.169-0300][gc,heap        ] GC(517)  Metaspace       used 40704K, capacity 42956K, committed 46464K, reserved 1089536K
[2020-09-08T10:17:13.169-0300][gc,heap        ] GC(517)   class space    used 4150K, capacity 4900K, committed 6016K, reserved 1048576K
[2020-09-08T10:17:13.170-0300][gc,start       ] GC(517) Pause Young (Normal) (G1 Evacuation Pause)
[2020-09-08T10:17:13.170-0300][gc,task        ] GC(517) Using 4 workers of 4 for evacuation
[2020-09-08T10:17:13.185-0300][gc,phases      ] GC(517)   Pre Evacuate Collection Set: 0.0ms
[2020-09-08T10:17:13.185-0300][gc,phases      ] GC(517)   Evacuate Collection Set: 11.4ms
[2020-09-08T10:17:13.186-0300][gc,phases      ] GC(517)   Post Evacuate Collection Set: 3.1ms
[2020-09-08T10:17:13.186-0300][gc,phases      ] GC(517)   Other: 1.9ms
[2020-09-08T10:17:13.186-0300][gc,heap        ] GC(517) Eden regions: 37->0(37)
[2020-09-08T10:17:13.186-0300][gc,heap        ] GC(517) Survivor regions: 1->2(5)
[2020-09-08T10:17:13.186-0300][gc,heap        ] GC(517) Old regions: 49->49
[2020-09-08T10:17:13.186-0300][gc,heap        ] GC(517) Humongous regions: 4->4
[2020-09-08T10:17:13.186-0300][gc,metaspace   ] GC(517) Metaspace: 40704K->40704K(1089536K)
[2020-09-08T10:17:13.186-0300][gc,heap        ] GC(517) Heap after GC invocations=518 (full 1): garbage-first heap   total 109568K, used 53028K [0x0000000083000000, 0x0000000100000000)
[2020-09-08T10:17:13.186-0300][gc,heap        ] GC(517)   region size 1024K, 2 young (2048K), 2 survivors (2048K)
[2020-09-08T10:17:13.186-0300][gc,heap        ] GC(517)  Metaspace       used 40704K, capacity 42956K, committed 46464K, reserved 1089536K
[2020-09-08T10:17:13.186-0300][gc,heap        ] GC(517)   class space    used 4150K, capacity 4900K, committed 6016K, reserved 1048576K
[2020-09-08T10:17:13.186-0300][gc             ] GC(517) Pause Young (Normal) (G1 Evacuation Pause) 88M->51M(107M) 16.581ms
[2020-09-08T10:17:13.187-0300][gc,cpu         ] GC(517) User=0.05s Sys=0.01s Real=0.02s
[2020-09-08T10:17:37.460-0300][gc,heap        ] GC(518) Heap before GC invocations=518 (full 1): garbage-first heap   total 109568K, used 89892K [0x0000000083000000, 0x0000000100000000)
[2020-09-08T10:17:37.460-0300][gc,heap        ] GC(518)   region size 1024K, 39 young (39936K), 2 survivors (2048K)
[2020-09-08T10:17:37.460-0300][gc,heap        ] GC(518)  Metaspace       used 40705K, capacity 42956K, committed 46464K, reserved 1089536K
[2020-09-08T10:17:37.460-0300][gc,heap        ] GC(518)   class space    used 4150K, capacity 4900K, committed 6016K, reserved 1048576K
[2020-09-08T10:17:37.461-0300][gc,start       ] GC(518) Pause Young (Concurrent Start) (G1 Evacuation Pause)
[2020-09-08T10:17:37.461-0300][gc,task        ] GC(518) Using 4 workers of 4 for evacuation
[2020-09-08T10:17:37.473-0300][gc,phases      ] GC(518)   Pre Evacuate Collection Set: 0.2ms
[2020-09-08T10:17:37.473-0300][gc,phases      ] GC(518)   Evacuate Collection Set: 9.0ms
[2020-09-08T10:17:37.473-0300][gc,phases      ] GC(518)   Post Evacuate Collection Set: 2.2ms
[2020-09-08T10:17:37.474-0300][gc,phases      ] GC(518)   Other: 1.6ms
[2020-09-08T10:17:37.474-0300][gc,heap        ] GC(518) Eden regions: 37->0(37)
[2020-09-08T10:17:37.474-0300][gc,heap        ] GC(518) Survivor regions: 2->2(5)
[2020-09-08T10:17:37.474-0300][gc,heap        ] GC(518) Old regions: 49->49
[2020-09-08T10:17:37.474-0300][gc,heap        ] GC(518) Humongous regions: 4->4
[2020-09-08T10:17:37.474-0300][gc,metaspace   ] GC(518) Metaspace: 40705K->40705K(1089536K)
[2020-09-08T10:17:37.474-0300][gc,heap        ] GC(518) Heap after GC invocations=519 (full 1): garbage-first heap   total 109568K, used 53029K [0x0000000083000000, 0x0000000100000000)
[2020-09-08T10:17:37.474-0300][gc,heap        ] GC(518)   region size 1024K, 2 young (2048K), 2 survivors (2048K)
[2020-09-08T10:17:37.474-0300][gc,heap        ] GC(518)  Metaspace       used 40705K, capacity 42956K, committed 46464K, reserved 1089536K
[2020-09-08T10:17:37.474-0300][gc,heap        ] GC(518)   class space    used 4150K, capacity 4900K, committed 6016K, reserved 1048576K
[2020-09-08T10:17:37.474-0300][gc             ] GC(518) Pause Young (Concurrent Start) (G1 Evacuation Pause) 88M->51M(107M) 13.416ms
[2020-09-08T10:17:37.474-0300][gc,cpu         ] GC(518) User=0.04s Sys=0.00s Real=0.02s
[2020-09-08T10:17:37.474-0300][gc             ] GC(519) Concurrent Cycle
[2020-09-08T10:17:37.475-0300][gc,marking     ] GC(519) Concurrent Clear Claimed Marks
[2020-09-08T10:17:37.475-0300][gc,marking     ] GC(519) Concurrent Clear Claimed Marks 0.457ms
[2020-09-08T10:17:37.475-0300][gc,marking     ] GC(519) Concurrent Scan Root Regions
[2020-09-08T10:17:37.482-0300][gc,marking     ] GC(519) Concurrent Scan Root Regions 6.483ms
[2020-09-08T10:17:37.482-0300][gc,marking     ] GC(519) Concurrent Mark (2514.955s)
[2020-09-08T10:17:37.482-0300][gc,marking     ] GC(519) Concurrent Mark From Roots
[2020-09-08T10:17:37.482-0300][gc,task        ] GC(519) Using 1 workers of 1 for marking
[2020-09-08T10:17:37.757-0300][gc,marking     ] GC(519) Concurrent Mark From Roots 274.796ms
[2020-09-08T10:17:37.757-0300][gc,marking     ] GC(519) Concurrent Preclean
[2020-09-08T10:17:37.758-0300][gc,marking     ] GC(519) Concurrent Preclean 1.040ms
[2020-09-08T10:17:37.758-0300][gc,marking     ] GC(519) Concurrent Mark (2514.955s, 2515.231s) 276.150ms
[2020-09-08T10:17:37.760-0300][gc,start       ] GC(519) Pause Remark
[2020-09-08T10:17:37.800-0300][gc,stringtable ] GC(519) Cleaned string and symbol table, strings: 23187 processed, 0 removed, symbols: 95050 processed, 0 removed
[2020-09-08T10:17:37.800-0300][gc             ] GC(519) Pause Remark 52M->52M(107M) 40.578ms
[2020-09-08T10:17:37.801-0300][gc,cpu         ] GC(519) User=0.14s Sys=0.00s Real=0.04s
[2020-09-08T10:17:37.801-0300][gc,marking     ] GC(519) Concurrent Rebuild Remembered Sets
[2020-09-08T10:17:37.965-0300][gc,marking     ] GC(519) Concurrent Rebuild Remembered Sets 163.835ms
[2020-09-08T10:17:37.967-0300][gc,start       ] GC(519) Pause Cleanup
[2020-09-08T10:17:37.967-0300][gc             ] GC(519) Pause Cleanup 52M->52M(107M) 0.488ms
[2020-09-08T10:17:37.968-0300][gc,cpu         ] GC(519) User=0.00s Sys=0.00s Real=0.00s
[2020-09-08T10:17:37.968-0300][gc,marking     ] GC(519) Concurrent Cleanup for Next Mark
[2020-09-08T10:17:37.969-0300][gc,marking     ] GC(519) Concurrent Cleanup for Next Mark 1.148ms
[2020-09-08T10:17:37.970-0300][gc             ] GC(519) Concurrent Cycle 495.158ms
[2020-09-08T10:17:56.919-0300][gc,heap        ] GC(520) Heap before GC invocations=520 (full 1): garbage-first heap   total 109568K, used 89893K [0x0000000083000000, 0x0000000100000000)
[2020-09-08T10:17:56.919-0300][gc,heap        ] GC(520)   region size 1024K, 39 young (39936K), 2 survivors (2048K)
[2020-09-08T10:17:56.920-0300][gc,heap        ] GC(520)  Metaspace       used 40705K, capacity 42956K, committed 46464K, reserved 1089536K
[2020-09-08T10:17:56.920-0300][gc,heap        ] GC(520)   class space    used 4150K, capacity 4900K, committed 6016K, reserved 1048576K
[2020-09-08T10:17:56.920-0300][gc,start       ] GC(520) Pause Young (Prepare Mixed) (G1 Evacuation Pause)
[2020-09-08T10:17:56.920-0300][gc,task        ] GC(520) Using 4 workers of 4 for evacuation
[2020-09-08T10:17:56.935-0300][gc,phases      ] GC(520)   Pre Evacuate Collection Set: 0.0ms
[2020-09-08T10:17:56.935-0300][gc,phases      ] GC(520)   Evacuate Collection Set: 11.8ms
[2020-09-08T10:17:56.935-0300][gc,phases      ] GC(520)   Post Evacuate Collection Set: 2.0ms
[2020-09-08T10:17:56.935-0300][gc,phases      ] GC(520)   Other: 1.5ms
[2020-09-08T10:17:56.935-0300][gc,heap        ] GC(520) Eden regions: 37->0(3)
[2020-09-08T10:17:56.935-0300][gc,heap        ] GC(520) Survivor regions: 2->2(5)
[2020-09-08T10:17:56.935-0300][gc,heap        ] GC(520) Old regions: 49->49
[2020-09-08T10:17:56.935-0300][gc,heap        ] GC(520) Humongous regions: 4->4
[2020-09-08T10:17:56.935-0300][gc,metaspace   ] GC(520) Metaspace: 40705K->40705K(1089536K)
[2020-09-08T10:17:56.935-0300][gc,heap        ] GC(520) Heap after GC invocations=521 (full 1): garbage-first heap   total 109568K, used 53730K [0x0000000083000000, 0x0000000100000000)
[2020-09-08T10:17:56.935-0300][gc,heap        ] GC(520)   region size 1024K, 2 young (2048K), 2 survivors (2048K)
[2020-09-08T10:17:56.935-0300][gc,heap        ] GC(520)  Metaspace       used 40705K, capacity 42956K, committed 46464K, reserved 1089536K
[2020-09-08T10:17:56.935-0300][gc,heap        ] GC(520)   class space    used 4150K, capacity 4900K, committed 6016K, reserved 1048576K
[2020-09-08T10:17:56.935-0300][gc             ] GC(520) Pause Young (Prepare Mixed) (G1 Evacuation Pause) 88M->52M(107M) 15.623ms
[2020-09-08T10:17:56.936-0300][gc,cpu         ] GC(520) User=0.05s Sys=0.01s Real=0.02s
[2020-09-08T10:17:57.433-0300][gc,heap        ] GC(521) Heap before GC invocations=521 (full 1): garbage-first heap   total 109568K, used 56802K [0x0000000083000000, 0x0000000100000000)
[2020-09-08T10:17:57.433-0300][gc,heap        ] GC(521)   region size 1024K, 5 young (5120K), 2 survivors (2048K)
[2020-09-08T10:17:57.433-0300][gc,heap        ] GC(521)  Metaspace       used 40705K, capacity 42956K, committed 46464K, reserved 1089536K
[2020-09-08T10:17:57.433-0300][gc,heap        ] GC(521)   class space    used 4150K, capacity 4900K, committed 6016K, reserved 1048576K
[2020-09-08T10:17:57.433-0300][gc,start       ] GC(521) Pause Young (Mixed) (G1 Evacuation Pause)
[2020-09-08T10:17:57.433-0300][gc,task        ] GC(521) Using 4 workers of 4 for evacuation
[2020-09-08T10:17:57.459-0300][gc,phases      ] GC(521)   Pre Evacuate Collection Set: 0.1ms
[2020-09-08T10:17:57.459-0300][gc,phases      ] GC(521)   Evacuate Collection Set: 23.1ms
[2020-09-08T10:17:57.459-0300][gc,phases      ] GC(521)   Post Evacuate Collection Set: 1.3ms
[2020-09-08T10:17:57.459-0300][gc,phases      ] GC(521)   Other: 1.6ms
[2020-09-08T10:17:57.459-0300][gc,heap        ] GC(521) Eden regions: 3->0(39)
[2020-09-08T10:17:57.459-0300][gc,heap        ] GC(521) Survivor regions: 2->1(1)
[2020-09-08T10:17:57.459-0300][gc,heap        ] GC(521) Old regions: 49->47
[2020-09-08T10:17:57.459-0300][gc,heap        ] GC(521) Humongous regions: 4->4
[2020-09-08T10:17:57.459-0300][gc,metaspace   ] GC(521) Metaspace: 40705K->40705K(1089536K)
[2020-09-08T10:17:57.460-0300][gc,heap        ] GC(521) Heap after GC invocations=522 (full 1): garbage-first heap   total 109568K, used 50578K [0x0000000083000000, 0x0000000100000000)
[2020-09-08T10:17:57.460-0300][gc,heap        ] GC(521)   region size 1024K, 1 young (1024K), 1 survivors (1024K)
[2020-09-08T10:17:57.460-0300][gc,heap        ] GC(521)  Metaspace       used 40705K, capacity 42956K, committed 46464K, reserved 1089536K
[2020-09-08T10:17:57.460-0300][gc,heap        ] GC(521)   class space    used 4150K, capacity 4900K, committed 6016K, reserved 1048576K
[2020-09-08T10:17:57.460-0300][gc             ] GC(521) Pause Young (Mixed) (G1 Evacuation Pause) 55M->49M(107M) 26.550ms
[2020-09-08T10:17:57.460-0300][gc,cpu         ] GC(521) User=0.09s Sys=0.01s Real=0.02s
[2020-09-08T10:18:03.063-0300][gc,heap        ] GC(522) Heap before GC invocations=522 (full 1): garbage-first heap   total 109568K, used 89490K [0x0000000083000000, 0x0000000100000000)
[2020-09-08T10:18:03.063-0300][gc,heap        ] GC(522)   region size 1024K, 40 young (40960K), 1 survivors (1024K)
[2020-09-08T10:18:03.063-0300][gc,heap        ] GC(522)  Metaspace       used 40705K, capacity 42956K, committed 46464K, reserved 1089536K
[2020-09-08T10:18:03.063-0300][gc,heap        ] GC(522)   class space    used 4150K, capacity 4900K, committed 6016K, reserved 1048576K
[2020-09-08T10:18:03.063-0300][gc,start       ] GC(522) Pause Young (Normal) (G1 Evacuation Pause)
[2020-09-08T10:18:03.063-0300][gc,task        ] GC(522) Using 4 workers of 4 for evacuation
[2020-09-08T10:18:03.084-0300][gc,phases      ] GC(522)   Pre Evacuate Collection Set: 0.0ms
[2020-09-08T10:18:03.084-0300][gc,phases      ] GC(522)   Evacuate Collection Set: 16.2ms
[2020-09-08T10:18:03.084-0300][gc,phases      ] GC(522)   Post Evacuate Collection Set: 2.8ms
[2020-09-08T10:18:03.084-0300][gc,phases      ] GC(522)   Other: 1.9ms
[2020-09-08T10:18:03.084-0300][gc,heap        ] GC(522) Eden regions: 39->0(38)
[2020-09-08T10:18:03.084-0300][gc,heap        ] GC(522) Survivor regions: 1->2(5)
[2020-09-08T10:18:03.084-0300][gc,heap        ] GC(522) Old regions: 47->47
[2020-09-08T10:18:03.084-0300][gc,heap        ] GC(522) Humongous regions: 4->4
[2020-09-08T10:18:03.084-0300][gc,metaspace   ] GC(522) Metaspace: 40705K->40705K(1089536K)
[2020-09-08T10:18:03.084-0300][gc,heap        ] GC(522) Heap after GC invocations=523 (full 1): garbage-first heap   total 109568K, used 52181K [0x0000000083000000, 0x0000000100000000)
[2020-09-08T10:18:03.084-0300][gc,heap        ] GC(522)   region size 1024K, 2 young (2048K), 2 survivors (2048K)
[2020-09-08T10:18:03.084-0300][gc,heap        ] GC(522)  Metaspace       used 40705K, capacity 42956K, committed 46464K, reserved 1089536K
[2020-09-08T10:18:03.084-0300][gc,heap        ] GC(522)   class space    used 4150K, capacity 4900K, committed 6016K, reserved 1048576K
[2020-09-08T10:18:03.084-0300][gc             ] GC(522) Pause Young (Normal) (G1 Evacuation Pause) 88M->50M(107M) 21.234ms
[2020-09-08T10:18:03.085-0300][gc,cpu         ] GC(522) User=0.05s Sys=0.02s Real=0.02s
[2020-09-08T10:18:08.156-0300][gc,heap        ] GC(523) Heap before GC invocations=523 (full 1): garbage-first heap   total 109568K, used 90069K [0x0000000083000000, 0x0000000100000000)
[2020-09-08T10:18:08.156-0300][gc,heap        ] GC(523)   region size 1024K, 40 young (40960K), 2 survivors (2048K)
[2020-09-08T10:18:08.156-0300][gc,heap        ] GC(523)  Metaspace       used 40705K, capacity 42956K, committed 46464K, reserved 1089536K
[2020-09-08T10:18:08.156-0300][gc,heap        ] GC(523)   class space    used 4150K, capacity 4900K, committed 6016K, reserved 1048576K
[2020-09-08T10:18:08.157-0300][gc,start       ] GC(523) Pause Young (Normal) (G1 Evacuation Pause)
[2020-09-08T10:18:08.157-0300][gc,task        ] GC(523) Using 4 workers of 4 for evacuation
[2020-09-08T10:18:08.172-0300][gc,phases      ] GC(523)   Pre Evacuate Collection Set: 0.0ms
[2020-09-08T10:18:08.172-0300][gc,phases      ] GC(523)   Evacuate Collection Set: 12.4ms
[2020-09-08T10:18:08.172-0300][gc,phases      ] GC(523)   Post Evacuate Collection Set: 2.0ms
[2020-09-08T10:18:08.173-0300][gc,phases      ] GC(523)   Other: 1.9ms
[2020-09-08T10:18:08.173-0300][gc,heap        ] GC(523) Eden regions: 38->0(37)
[2020-09-08T10:18:08.173-0300][gc,heap        ] GC(523) Survivor regions: 2->3(5)
[2020-09-08T10:18:08.173-0300][gc,heap        ] GC(523) Old regions: 47->47
[2020-09-08T10:18:08.173-0300][gc,heap        ] GC(523) Humongous regions: 4->4
[2020-09-08T10:18:08.173-0300][gc,metaspace   ] GC(523) Metaspace: 40705K->40705K(1089536K)
[2020-09-08T10:18:08.173-0300][gc,heap        ] GC(523) Heap after GC invocations=524 (full 1): garbage-first heap   total 109568K, used 53039K [0x0000000083000000, 0x0000000100000000)
[2020-09-08T10:18:08.173-0300][gc,heap        ] GC(523)   region size 1024K, 3 young (3072K), 3 survivors (3072K)
[2020-09-08T10:18:08.173-0300][gc,heap        ] GC(523)  Metaspace       used 40705K, capacity 42956K, committed 46464K, reserved 1089536K
[2020-09-08T10:18:08.173-0300][gc,heap        ] GC(523)   class space    used 4150K, capacity 4900K, committed 6016K, reserved 1048576K
[2020-09-08T10:18:08.173-0300][gc             ] GC(523) Pause Young (Normal) (G1 Evacuation Pause) 88M->51M(107M) 16.462ms
[2020-09-08T10:18:08.174-0300][gc,cpu         ] GC(523) User=0.05s Sys=0.00s Real=0.02s
[2020-09-08T10:18:31.867-0300][gc,heap        ] GC(524) Heap before GC invocations=524 (full 1): garbage-first heap   total 109568K, used 89903K [0x0000000083000000, 0x0000000100000000)
[2020-09-08T10:18:31.867-0300][gc,heap        ] GC(524)   region size 1024K, 40 young (40960K), 3 survivors (3072K)
[2020-09-08T10:18:31.867-0300][gc,heap        ] GC(524)  Metaspace       used 40706K, capacity 42956K, committed 46464K, reserved 1089536K
[2020-09-08T10:18:31.867-0300][gc,heap        ] GC(524)   class space    used 4150K, capacity 4900K, committed 6016K, reserved 1048576K
[2020-09-08T10:18:31.867-0300][gc,start       ] GC(524) Pause Young (Concurrent Start) (G1 Evacuation Pause)
[2020-09-08T10:18:31.867-0300][gc,task        ] GC(524) Using 4 workers of 4 for evacuation
[2020-09-08T10:18:31.887-0300][gc,phases      ] GC(524)   Pre Evacuate Collection Set: 0.2ms
[2020-09-08T10:18:31.887-0300][gc,phases      ] GC(524)   Evacuate Collection Set: 15.7ms
[2020-09-08T10:18:31.887-0300][gc,phases      ] GC(524)   Post Evacuate Collection Set: 1.9ms
[2020-09-08T10:18:31.887-0300][gc,phases      ] GC(524)   Other: 1.8ms
[2020-09-08T10:18:31.887-0300][gc,heap        ] GC(524) Eden regions: 37->0(37)
[2020-09-08T10:18:31.887-0300][gc,heap        ] GC(524) Survivor regions: 3->2(5)
[2020-09-08T10:18:31.887-0300][gc,heap        ] GC(524) Old regions: 47->49
[2020-09-08T10:18:31.887-0300][gc,heap        ] GC(524) Humongous regions: 4->4
[2020-09-08T10:18:31.887-0300][gc,metaspace   ] GC(524) Metaspace: 40706K->40706K(1089536K)
[2020-09-08T10:18:31.887-0300][gc,heap        ] GC(524) Heap after GC invocations=525 (full 1): garbage-first heap   total 109568K, used 53441K [0x0000000083000000, 0x0000000100000000)
[2020-09-08T10:18:31.887-0300][gc,heap        ] GC(524)   region size 1024K, 2 young (2048K), 2 survivors (2048K)
[2020-09-08T10:18:31.887-0300][gc,heap        ] GC(524)  Metaspace       used 40706K, capacity 42956K, committed 46464K, reserved 1089536K
[2020-09-08T10:18:31.887-0300][gc,heap        ] GC(524)   class space    used 4150K, capacity 4900K, committed 6016K, reserved 1048576K
[2020-09-08T10:18:31.887-0300][gc             ] GC(524) Pause Young (Concurrent Start) (G1 Evacuation Pause) 88M->52M(107M) 20.081ms
[2020-09-08T10:18:31.888-0300][gc,cpu         ] GC(524) User=0.06s Sys=0.01s Real=0.02s
[2020-09-08T10:18:31.888-0300][gc             ] GC(525) Concurrent Cycle
[2020-09-08T10:18:31.888-0300][gc,marking     ] GC(525) Concurrent Clear Claimed Marks
[2020-09-08T10:18:31.888-0300][gc,marking     ] GC(525) Concurrent Clear Claimed Marks 0.380ms
[2020-09-08T10:18:31.889-0300][gc,marking     ] GC(525) Concurrent Scan Root Regions
[2020-09-08T10:18:31.897-0300][gc,marking     ] GC(525) Concurrent Scan Root Regions 8.536ms
[2020-09-08T10:18:31.898-0300][gc,marking     ] GC(525) Concurrent Mark (2569.371s)
[2020-09-08T10:18:31.898-0300][gc,marking     ] GC(525) Concurrent Mark From Roots
[2020-09-08T10:18:31.898-0300][gc,task        ] GC(525) Using 1 workers of 1 for marking
[2020-09-08T10:18:32.176-0300][gc,marking     ] GC(525) Concurrent Mark From Roots 278.001ms
[2020-09-08T10:18:32.176-0300][gc,marking     ] GC(525) Concurrent Preclean
[2020-09-08T10:18:32.177-0300][gc,marking     ] GC(525) Concurrent Preclean 1.104ms
[2020-09-08T10:18:32.177-0300][gc,marking     ] GC(525) Concurrent Mark (2569.371s, 2569.650s) 279.401ms
[2020-09-08T10:18:32.179-0300][gc,start       ] GC(525) Pause Remark
[2020-09-08T10:18:32.212-0300][gc,stringtable ] GC(525) Cleaned string and symbol table, strings: 23191 processed, 0 removed, symbols: 95050 processed, 0 removed
[2020-09-08T10:18:32.213-0300][gc             ] GC(525) Pause Remark 53M->53M(107M) 33.570ms
[2020-09-08T10:18:32.213-0300][gc,cpu         ] GC(525) User=0.13s Sys=0.00s Real=0.04s
[2020-09-08T10:18:32.214-0300][gc,marking     ] GC(525) Concurrent Rebuild Remembered Sets
[2020-09-08T10:18:32.380-0300][gc,marking     ] GC(525) Concurrent Rebuild Remembered Sets 166.112ms
[2020-09-08T10:18:32.383-0300][gc,start       ] GC(525) Pause Cleanup
[2020-09-08T10:18:32.383-0300][gc             ] GC(525) Pause Cleanup 53M->53M(107M) 0.519ms
[2020-09-08T10:18:32.383-0300][gc,cpu         ] GC(525) User=0.00s Sys=0.00s Real=0.00s
[2020-09-08T10:18:32.384-0300][gc,marking     ] GC(525) Concurrent Cleanup for Next Mark
[2020-09-08T10:18:32.385-0300][gc,marking     ] GC(525) Concurrent Cleanup for Next Mark 1.424ms
[2020-09-08T10:18:32.386-0300][gc             ] GC(525) Concurrent Cycle 497.637ms
[2020-09-08T10:18:46.780-0300][gc,heap        ] GC(526) Heap before GC invocations=526 (full 1): garbage-first heap   total 109568K, used 90305K [0x0000000083000000, 0x0000000100000000)
[2020-09-08T10:18:46.780-0300][gc,heap        ] GC(526)   region size 1024K, 39 young (39936K), 2 survivors (2048K)
[2020-09-08T10:18:46.780-0300][gc,heap        ] GC(526)  Metaspace       used 40724K, capacity 42956K, committed 46464K, reserved 1089536K
[2020-09-08T10:18:46.780-0300][gc,heap        ] GC(526)   class space    used 4150K, capacity 4900K, committed 6016K, reserved 1048576K
[2020-09-08T10:18:46.780-0300][gc,start       ] GC(526) Pause Young (Prepare Mixed) (G1 Evacuation Pause)
[2020-09-08T10:18:46.780-0300][gc,task        ] GC(526) Using 4 workers of 4 for evacuation
[2020-09-08T10:18:46.799-0300][gc,phases      ] GC(526)   Pre Evacuate Collection Set: 0.0ms
[2020-09-08T10:18:46.800-0300][gc,phases      ] GC(526)   Evacuate Collection Set: 16.1ms
[2020-09-08T10:18:46.800-0300][gc,phases      ] GC(526)   Post Evacuate Collection Set: 1.9ms
[2020-09-08T10:18:46.800-0300][gc,phases      ] GC(526)   Other: 1.8ms
[2020-09-08T10:18:46.800-0300][gc,heap        ] GC(526) Eden regions: 37->0(2)
[2020-09-08T10:18:46.800-0300][gc,heap        ] GC(526) Survivor regions: 2->3(5)
[2020-09-08T10:18:46.800-0300][gc,heap        ] GC(526) Old regions: 49->49
[2020-09-08T10:18:46.800-0300][gc,heap        ] GC(526) Humongous regions: 4->4
[2020-09-08T10:18:46.800-0300][gc,metaspace   ] GC(526) Metaspace: 40724K->40724K(1089536K)
[2020-09-08T10:18:46.800-0300][gc,heap        ] GC(526) Heap after GC invocations=527 (full 1): garbage-first heap   total 109568K, used 54201K [0x0000000083000000, 0x0000000100000000)
[2020-09-08T10:18:46.800-0300][gc,heap        ] GC(526)   region size 1024K, 3 young (3072K), 3 survivors (3072K)
[2020-09-08T10:18:46.800-0300][gc,heap        ] GC(526)  Metaspace       used 40724K, capacity 42956K, committed 46464K, reserved 1089536K
[2020-09-08T10:18:46.800-0300][gc,heap        ] GC(526)   class space    used 4150K, capacity 4900K, committed 6016K, reserved 1048576K
[2020-09-08T10:18:46.800-0300][gc             ] GC(526) Pause Young (Prepare Mixed) (G1 Evacuation Pause) 89M->52M(107M) 20.203ms
[2020-09-08T10:18:46.801-0300][gc,cpu         ] GC(526) User=0.06s Sys=0.01s Real=0.02s
[2020-09-08T10:18:46.874-0300][gc,heap        ] GC(527) Heap before GC invocations=527 (full 1): garbage-first heap   total 109568K, used 55225K [0x0000000083000000, 0x0000000100000000)
[2020-09-08T10:18:46.874-0300][gc,heap        ] GC(527)   region size 1024K, 5 young (5120K), 3 survivors (3072K)
[2020-09-08T10:18:46.874-0300][gc,heap        ] GC(527)  Metaspace       used 40724K, capacity 42956K, committed 46464K, reserved 1089536K
[2020-09-08T10:18:46.874-0300][gc,heap        ] GC(527)   class space    used 4150K, capacity 4900K, committed 6016K, reserved 1048576K
[2020-09-08T10:18:46.874-0300][gc,start       ] GC(527) Pause Young (Mixed) (G1 Evacuation Pause)
[2020-09-08T10:18:46.874-0300][gc,task        ] GC(527) Using 4 workers of 4 for evacuation
[2020-09-08T10:18:46.895-0300][gc,phases      ] GC(527)   Pre Evacuate Collection Set: 0.1ms
[2020-09-08T10:18:46.895-0300][gc,phases      ] GC(527)   Evacuate Collection Set: 18.0ms
[2020-09-08T10:18:46.896-0300][gc,phases      ] GC(527)   Post Evacuate Collection Set: 1.6ms
[2020-09-08T10:18:46.896-0300][gc,phases      ] GC(527)   Other: 1.7ms
[2020-09-08T10:18:46.896-0300][gc,heap        ] GC(527) Eden regions: 2->0(36)
[2020-09-08T10:18:46.896-0300][gc,heap        ] GC(527) Survivor regions: 3->1(1)
[2020-09-08T10:18:46.896-0300][gc,heap        ] GC(527) Old regions: 49->50
[2020-09-08T10:18:46.896-0300][gc,heap        ] GC(527) Humongous regions: 4->4
[2020-09-08T10:18:46.896-0300][gc,metaspace   ] GC(527) Metaspace: 40724K->40724K(1089536K)
[2020-09-08T10:18:46.896-0300][gc,heap        ] GC(527) Heap after GC invocations=528 (full 1): garbage-first heap   total 109568K, used 53341K [0x0000000083000000, 0x0000000100000000)
[2020-09-08T10:18:46.896-0300][gc,heap        ] GC(527)   region size 1024K, 1 young (1024K), 1 survivors (1024K)
[2020-09-08T10:18:46.896-0300][gc,heap        ] GC(527)  Metaspace       used 40724K, capacity 42956K, committed 46464K, reserved 1089536K
[2020-09-08T10:18:46.896-0300][gc,heap        ] GC(527)   class space    used 4150K, capacity 4900K, committed 6016K, reserved 1048576K
[2020-09-08T10:18:46.896-0300][gc             ] GC(527) Pause Young (Mixed) (G1 Evacuation Pause) 54M->52M(107M) 21.792ms
[2020-09-08T10:18:46.897-0300][gc,cpu         ] GC(527) User=0.07s Sys=0.01s Real=0.02s
[2020-09-08T10:18:50.659-0300][gc,heap        ] GC(528) Heap before GC invocations=528 (full 1): garbage-first heap   total 109568K, used 89181K [0x0000000083000000, 0x0000000100000000)
[2020-09-08T10:18:50.659-0300][gc,heap        ] GC(528)   region size 1024K, 37 young (37888K), 1 survivors (1024K)
[2020-09-08T10:18:50.659-0300][gc,heap        ] GC(528)  Metaspace       used 40724K, capacity 42956K, committed 46464K, reserved 1089536K
[2020-09-08T10:18:50.659-0300][gc,heap        ] GC(528)   class space    used 4150K, capacity 4900K, committed 6016K, reserved 1048576K
[2020-09-08T10:18:50.659-0300][gc,start       ] GC(528) Pause Young (Normal) (G1 Evacuation Pause)
[2020-09-08T10:18:50.659-0300][gc,task        ] GC(528) Using 4 workers of 4 for evacuation
[2020-09-08T10:18:50.676-0300][gc,phases      ] GC(528)   Pre Evacuate Collection Set: 0.2ms
[2020-09-08T10:18:50.676-0300][gc,phases      ] GC(528)   Evacuate Collection Set: 11.7ms
[2020-09-08T10:18:50.676-0300][gc,phases      ] GC(528)   Post Evacuate Collection Set: 2.6ms
[2020-09-08T10:18:50.676-0300][gc,phases      ] GC(528)   Other: 2.8ms
[2020-09-08T10:18:50.676-0300][gc,heap        ] GC(528) Eden regions: 36->0(36)
[2020-09-08T10:18:50.676-0300][gc,heap        ] GC(528) Survivor regions: 1->2(5)
[2020-09-08T10:18:50.677-0300][gc,heap        ] GC(528) Old regions: 50->50
[2020-09-08T10:18:50.677-0300][gc,heap        ] GC(528) Humongous regions: 4->4
[2020-09-08T10:18:50.677-0300][gc,metaspace   ] GC(528) Metaspace: 40724K->40724K(1089536K)
[2020-09-08T10:18:50.677-0300][gc,heap        ] GC(528) Heap after GC invocations=529 (full 1): garbage-first heap   total 109568K, used 53995K [0x0000000083000000, 0x0000000100000000)
[2020-09-08T10:18:50.677-0300][gc,heap        ] GC(528)   region size 1024K, 2 young (2048K), 2 survivors (2048K)
[2020-09-08T10:18:50.677-0300][gc,heap        ] GC(528)  Metaspace       used 40724K, capacity 42956K, committed 46464K, reserved 1089536K
[2020-09-08T10:18:50.677-0300][gc,heap        ] GC(528)   class space    used 4150K, capacity 4900K, committed 6016K, reserved 1048576K
[2020-09-08T10:18:50.677-0300][gc             ] GC(528) Pause Young (Normal) (G1 Evacuation Pause) 88M->52M(107M) 17.723ms
[2020-09-08T10:18:50.677-0300][gc,cpu         ] GC(528) User=0.04s Sys=0.01s Real=0.02s
[2020-09-08T10:18:58.404-0300][gc,heap        ] GC(529) Heap before GC invocations=529 (full 1): garbage-first heap   total 109568K, used 89835K [0x0000000083000000, 0x0000000100000000)
[2020-09-08T10:18:58.404-0300][gc,heap        ] GC(529)   region size 1024K, 38 young (38912K), 2 survivors (2048K)
[2020-09-08T10:18:58.404-0300][gc,heap        ] GC(529)  Metaspace       used 40724K, capacity 42956K, committed 46464K, reserved 1089536K
[2020-09-08T10:18:58.404-0300][gc,heap        ] GC(529)   class space    used 4150K, capacity 4900K, committed 6016K, reserved 1048576K
[2020-09-08T10:18:58.404-0300][gc,start       ] GC(529) Pause Young (Normal) (G1 Evacuation Pause)
[2020-09-08T10:18:58.404-0300][gc,task        ] GC(529) Using 4 workers of 4 for evacuation
[2020-09-08T10:18:58.417-0300][gc,phases      ] GC(529)   Pre Evacuate Collection Set: 0.0ms
[2020-09-08T10:18:58.417-0300][gc,phases      ] GC(529)   Evacuate Collection Set: 9.5ms
[2020-09-08T10:18:58.417-0300][gc,phases      ] GC(529)   Post Evacuate Collection Set: 1.7ms
[2020-09-08T10:18:58.417-0300][gc,phases      ] GC(529)   Other: 1.5ms
[2020-09-08T10:18:58.417-0300][gc,heap        ] GC(529) Eden regions: 36->0(36)
[2020-09-08T10:18:58.417-0300][gc,heap        ] GC(529) Survivor regions: 2->2(5)
[2020-09-08T10:18:58.417-0300][gc,heap        ] GC(529) Old regions: 50->50
[2020-09-08T10:18:58.417-0300][gc,heap        ] GC(529) Humongous regions: 4->4
[2020-09-08T10:18:58.417-0300][gc,metaspace   ] GC(529) Metaspace: 40724K->40724K(1089536K)
[2020-09-08T10:18:58.417-0300][gc,heap        ] GC(529) Heap after GC invocations=530 (full 1): garbage-first heap   total 109568K, used 54302K [0x0000000083000000, 0x0000000100000000)
[2020-09-08T10:18:58.417-0300][gc,heap        ] GC(529)   region size 1024K, 2 young (2048K), 2 survivors (2048K)
[2020-09-08T10:18:58.417-0300][gc,heap        ] GC(529)  Metaspace       used 40724K, capacity 42956K, committed 46464K, reserved 1089536K
[2020-09-08T10:18:58.417-0300][gc,heap        ] GC(529)   class space    used 4150K, capacity 4900K, committed 6016K, reserved 1048576K
[2020-09-08T10:18:58.417-0300][gc             ] GC(529) Pause Young (Normal) (G1 Evacuation Pause) 88M->53M(107M) 13.167ms
[2020-09-08T10:18:58.418-0300][gc,cpu         ] GC(529) User=0.04s Sys=0.00s Real=0.01s
[2020-09-08T10:19:10.161-0300][gc,heap        ] GC(530) Heap before GC invocations=530 (full 1): garbage-first heap   total 109568K, used 90142K [0x0000000083000000, 0x0000000100000000)
[2020-09-08T10:19:10.161-0300][gc,heap        ] GC(530)   region size 1024K, 38 young (38912K), 2 survivors (2048K)
[2020-09-08T10:19:10.161-0300][gc,heap        ] GC(530)  Metaspace       used 40724K, capacity 42956K, committed 46464K, reserved 1089536K
[2020-09-08T10:19:10.162-0300][gc,heap        ] GC(530)   class space    used 4150K, capacity 4900K, committed 6016K, reserved 1048576K
[2020-09-08T10:19:10.162-0300][gc,start       ] GC(530) Pause Young (Concurrent Start) (G1 Evacuation Pause)
[2020-09-08T10:19:10.162-0300][gc,task        ] GC(530) Using 4 workers of 4 for evacuation
[2020-09-08T10:19:10.182-0300][gc,phases      ] GC(530)   Pre Evacuate Collection Set: 0.2ms
[2020-09-08T10:19:10.182-0300][gc,phases      ] GC(530)   Evacuate Collection Set: 15.2ms
[2020-09-08T10:19:10.182-0300][gc,phases      ] GC(530)   Post Evacuate Collection Set: 3.5ms
[2020-09-08T10:19:10.183-0300][gc,phases      ] GC(530)   Other: 2.0ms
[2020-09-08T10:19:10.183-0300][gc,heap        ] GC(530) Eden regions: 36->0(36)
[2020-09-08T10:19:10.183-0300][gc,heap        ] GC(530) Survivor regions: 2->2(5)
[2020-09-08T10:19:10.183-0300][gc,heap        ] GC(530) Old regions: 50->50
[2020-09-08T10:19:10.183-0300][gc,heap        ] GC(530) Humongous regions: 4->4
[2020-09-08T10:19:10.183-0300][gc,metaspace   ] GC(530) Metaspace: 40724K->40724K(1089536K)
[2020-09-08T10:19:10.183-0300][gc,heap        ] GC(530) Heap after GC invocations=531 (full 1): garbage-first heap   total 109568K, used 54770K [0x0000000083000000, 0x0000000100000000)
[2020-09-08T10:19:10.183-0300][gc,heap        ] GC(530)   region size 1024K, 2 young (2048K), 2 survivors (2048K)
[2020-09-08T10:19:10.183-0300][gc,heap        ] GC(530)  Metaspace       used 40724K, capacity 42956K, committed 46464K, reserved 1089536K
[2020-09-08T10:19:10.183-0300][gc,heap        ] GC(530)   class space    used 4150K, capacity 4900K, committed 6016K, reserved 1048576K
[2020-09-08T10:19:10.183-0300][gc             ] GC(530) Pause Young (Concurrent Start) (G1 Evacuation Pause) 89M->53M(107M) 21.141ms
[2020-09-08T10:19:10.183-0300][gc,cpu         ] GC(530) User=0.05s Sys=0.01s Real=0.02s
[2020-09-08T10:19:10.184-0300][gc             ] GC(531) Concurrent Cycle
[2020-09-08T10:19:10.184-0300][gc,marking     ] GC(531) Concurrent Clear Claimed Marks
[2020-09-08T10:19:10.184-0300][gc,marking     ] GC(531) Concurrent Clear Claimed Marks 0.295ms
[2020-09-08T10:19:10.185-0300][gc,marking     ] GC(531) Concurrent Scan Root Regions
[2020-09-08T10:19:10.192-0300][gc,marking     ] GC(531) Concurrent Scan Root Regions 7.723ms
[2020-09-08T10:19:10.192-0300][gc,marking     ] GC(531) Concurrent Mark (2607.666s)
[2020-09-08T10:19:10.192-0300][gc,marking     ] GC(531) Concurrent Mark From Roots
[2020-09-08T10:19:10.192-0300][gc,task        ] GC(531) Using 1 workers of 1 for marking
[2020-09-08T10:19:10.510-0300][gc,marking     ] GC(531) Concurrent Mark From Roots 317.063ms
[2020-09-08T10:19:10.510-0300][gc,marking     ] GC(531) Concurrent Preclean
[2020-09-08T10:19:10.511-0300][gc,marking     ] GC(531) Concurrent Preclean 1.456ms
[2020-09-08T10:19:10.511-0300][gc,marking     ] GC(531) Concurrent Mark (2607.666s, 2607.985s) 318.821ms
[2020-09-08T10:19:10.515-0300][gc,start       ] GC(531) Pause Remark
[2020-09-08T10:19:10.559-0300][gc,stringtable ] GC(531) Cleaned string and symbol table, strings: 23192 processed, 0 removed, symbols: 95050 processed, 0 removed
[2020-09-08T10:19:10.560-0300][gc             ] GC(531) Pause Remark 56M->56M(107M) 45.782ms
[2020-09-08T10:19:10.561-0300][gc,cpu         ] GC(531) User=0.13s Sys=0.00s Real=0.04s
[2020-09-08T10:19:10.562-0300][gc,marking     ] GC(531) Concurrent Rebuild Remembered Sets
[2020-09-08T10:19:10.757-0300][gc,marking     ] GC(531) Concurrent Rebuild Remembered Sets 195.854ms
[2020-09-08T10:19:10.761-0300][gc,start       ] GC(531) Pause Cleanup
[2020-09-08T10:19:10.761-0300][gc             ] GC(531) Pause Cleanup 57M->57M(107M) 0.644ms
[2020-09-08T10:19:10.762-0300][gc,cpu         ] GC(531) User=0.00s Sys=0.00s Real=0.01s
[2020-09-08T10:19:10.762-0300][gc,marking     ] GC(531) Concurrent Cleanup for Next Mark
[2020-09-08T10:19:10.764-0300][gc,marking     ] GC(531) Concurrent Cleanup for Next Mark 1.668ms
[2020-09-08T10:19:10.764-0300][gc             ] GC(531) Concurrent Cycle 580.130ms
[2020-09-08T10:19:36.918-0300][gc,heap        ] GC(532) Heap before GC invocations=532 (full 1): garbage-first heap   total 109568K, used 90610K [0x0000000083000000, 0x0000000100000000)
[2020-09-08T10:19:36.918-0300][gc,heap        ] GC(532)   region size 1024K, 38 young (38912K), 2 survivors (2048K)
[2020-09-08T10:19:36.918-0300][gc,heap        ] GC(532)  Metaspace       used 40724K, capacity 42956K, committed 46464K, reserved 1089536K
[2020-09-08T10:19:36.918-0300][gc,heap        ] GC(532)   class space    used 4150K, capacity 4900K, committed 6016K, reserved 1048576K
[2020-09-08T10:19:36.919-0300][gc,start       ] GC(532) Pause Young (Prepare Mixed) (G1 Evacuation Pause)
[2020-09-08T10:19:36.919-0300][gc,task        ] GC(532) Using 4 workers of 4 for evacuation
[2020-09-08T10:19:36.933-0300][gc,phases      ] GC(532)   Pre Evacuate Collection Set: 0.0ms
[2020-09-08T10:19:36.934-0300][gc,phases      ] GC(532)   Evacuate Collection Set: 11.7ms
[2020-09-08T10:19:36.934-0300][gc,phases      ] GC(532)   Post Evacuate Collection Set: 2.0ms
[2020-09-08T10:19:36.934-0300][gc,phases      ] GC(532)   Other: 1.6ms
[2020-09-08T10:19:36.934-0300][gc,heap        ] GC(532) Eden regions: 36->0(3)
[2020-09-08T10:19:36.934-0300][gc,heap        ] GC(532) Survivor regions: 2->2(5)
[2020-09-08T10:19:36.934-0300][gc,heap        ] GC(532) Old regions: 50->50
[2020-09-08T10:19:36.934-0300][gc,heap        ] GC(532) Humongous regions: 4->4
[2020-09-08T10:19:36.934-0300][gc,metaspace   ] GC(532) Metaspace: 40724K->40724K(1089536K)
[2020-09-08T10:19:36.934-0300][gc,heap        ] GC(532) Heap after GC invocations=533 (full 1): garbage-first heap   total 109568K, used 54552K [0x0000000083000000, 0x0000000100000000)
[2020-09-08T10:19:36.934-0300][gc,heap        ] GC(532)   region size 1024K, 2 young (2048K), 2 survivors (2048K)
[2020-09-08T10:19:36.934-0300][gc,heap        ] GC(532)  Metaspace       used 40724K, capacity 42956K, committed 46464K, reserved 1089536K
[2020-09-08T10:19:36.934-0300][gc,heap        ] GC(532)   class space    used 4150K, capacity 4900K, committed 6016K, reserved 1048576K
[2020-09-08T10:19:36.934-0300][gc             ] GC(532) Pause Young (Prepare Mixed) (G1 Evacuation Pause) 89M->53M(107M) 15.642ms
[2020-09-08T10:19:36.934-0300][gc,cpu         ] GC(532) User=0.04s Sys=0.00s Real=0.02s
[2020-09-08T10:19:38.206-0300][gc,heap        ] GC(533) Heap before GC invocations=533 (full 1): garbage-first heap   total 109568K, used 57624K [0x0000000083000000, 0x0000000100000000)
[2020-09-08T10:19:38.206-0300][gc,heap        ] GC(533)   region size 1024K, 5 young (5120K), 2 survivors (2048K)
[2020-09-08T10:19:38.206-0300][gc,heap        ] GC(533)  Metaspace       used 40724K, capacity 42956K, committed 46464K, reserved 1089536K
[2020-09-08T10:19:38.206-0300][gc,heap        ] GC(533)   class space    used 4150K, capacity 4900K, committed 6016K, reserved 1048576K
[2020-09-08T10:19:38.206-0300][gc,start       ] GC(533) Pause Young (Mixed) (G1 Evacuation Pause)
[2020-09-08T10:19:38.206-0300][gc,task        ] GC(533) Using 4 workers of 4 for evacuation
[2020-09-08T10:19:38.234-0300][gc,phases      ] GC(533)   Pre Evacuate Collection Set: 0.1ms
[2020-09-08T10:19:38.234-0300][gc,phases      ] GC(533)   Evacuate Collection Set: 25.2ms
[2020-09-08T10:19:38.234-0300][gc,phases      ] GC(533)   Post Evacuate Collection Set: 1.5ms
[2020-09-08T10:19:38.234-0300][gc,phases      ] GC(533)   Other: 1.6ms
[2020-09-08T10:19:38.234-0300][gc,heap        ] GC(533) Eden regions: 3->0(37)
[2020-09-08T10:19:38.234-0300][gc,heap        ] GC(533) Survivor regions: 2->1(1)
[2020-09-08T10:19:38.235-0300][gc,heap        ] GC(533) Old regions: 50->49
[2020-09-08T10:19:38.235-0300][gc,heap        ] GC(533) Humongous regions: 4->4
[2020-09-08T10:19:38.235-0300][gc,metaspace   ] GC(533) Metaspace: 40724K->40724K(1089536K)
[2020-09-08T10:19:38.235-0300][gc,heap        ] GC(533) Heap after GC invocations=534 (full 1): garbage-first heap   total 109568K, used 52158K [0x0000000083000000, 0x0000000100000000)
[2020-09-08T10:19:38.235-0300][gc,heap        ] GC(533)   region size 1024K, 1 young (1024K), 1 survivors (1024K)
[2020-09-08T10:19:38.235-0300][gc,heap        ] GC(533)  Metaspace       used 40724K, capacity 42956K, committed 46464K, reserved 1089536K
[2020-09-08T10:19:38.235-0300][gc,heap        ] GC(533)   class space    used 4150K, capacity 4900K, committed 6016K, reserved 1048576K
[2020-09-08T10:19:38.235-0300][gc             ] GC(533) Pause Young (Mixed) (G1 Evacuation Pause) 56M->50M(107M) 28.802ms
[2020-09-08T10:19:38.235-0300][gc,cpu         ] GC(533) User=0.10s Sys=0.00s Real=0.03s
[2020-09-08T10:20:11.176-0300][gc,heap        ] GC(534) Heap before GC invocations=534 (full 1): garbage-first heap   total 109568K, used 89022K [0x0000000083000000, 0x0000000100000000)
[2020-09-08T10:20:11.176-0300][gc,heap        ] GC(534)   region size 1024K, 38 young (38912K), 1 survivors (1024K)
[2020-09-08T10:20:11.176-0300][gc,heap        ] GC(534)  Metaspace       used 40727K, capacity 42956K, committed 46464K, reserved 1089536K
[2020-09-08T10:20:11.176-0300][gc,heap        ] GC(534)   class space    used 4150K, capacity 4900K, committed 6016K, reserved 1048576K
[2020-09-08T10:20:11.177-0300][gc,start       ] GC(534) Pause Young (Normal) (G1 Evacuation Pause)
[2020-09-08T10:20:11.177-0300][gc,task        ] GC(534) Using 4 workers of 4 for evacuation
[2020-09-08T10:20:11.190-0300][gc,phases      ] GC(534)   Pre Evacuate Collection Set: 0.0ms
[2020-09-08T10:20:11.190-0300][gc,phases      ] GC(534)   Evacuate Collection Set: 9.2ms
[2020-09-08T10:20:11.190-0300][gc,phases      ] GC(534)   Post Evacuate Collection Set: 3.1ms
[2020-09-08T10:20:11.190-0300][gc,phases      ] GC(534)   Other: 1.4ms
[2020-09-08T10:20:11.190-0300][gc,heap        ] GC(534) Eden regions: 37->0(37)
[2020-09-08T10:20:11.190-0300][gc,heap        ] GC(534) Survivor regions: 1->1(5)
[2020-09-08T10:20:11.190-0300][gc,heap        ] GC(534) Old regions: 49->49
[2020-09-08T10:20:11.190-0300][gc,heap        ] GC(534) Humongous regions: 4->4
[2020-09-08T10:20:11.190-0300][gc,metaspace   ] GC(534) Metaspace: 40727K->40727K(1089536K)
[2020-09-08T10:20:11.191-0300][gc,heap        ] GC(534) Heap after GC invocations=535 (full 1): garbage-first heap   total 109568K, used 52730K [0x0000000083000000, 0x0000000100000000)
[2020-09-08T10:20:11.191-0300][gc,heap        ] GC(534)   region size 1024K, 1 young (1024K), 1 survivors (1024K)
[2020-09-08T10:20:11.191-0300][gc,heap        ] GC(534)  Metaspace       used 40727K, capacity 42956K, committed 46464K, reserved 1089536K
[2020-09-08T10:20:11.191-0300][gc,heap        ] GC(534)   class space    used 4150K, capacity 4900K, committed 6016K, reserved 1048576K
[2020-09-08T10:20:11.191-0300][gc             ] GC(534) Pause Young (Normal) (G1 Evacuation Pause) 87M->51M(107M) 14.176ms
[2020-09-08T10:20:11.191-0300][gc,cpu         ] GC(534) User=0.04s Sys=0.00s Real=0.02s
[2020-09-08T10:20:50.253-0300][gc,heap        ] GC(535) Heap before GC invocations=535 (full 1): garbage-first heap   total 109568K, used 89594K [0x0000000083000000, 0x0000000100000000)
[2020-09-08T10:20:50.253-0300][gc,heap        ] GC(535)   region size 1024K, 38 young (38912K), 1 survivors (1024K)
[2020-09-08T10:20:50.253-0300][gc,heap        ] GC(535)  Metaspace       used 40730K, capacity 42956K, committed 46464K, reserved 1089536K
[2020-09-08T10:20:50.253-0300][gc,heap        ] GC(535)   class space    used 4150K, capacity 4900K, committed 6016K, reserved 1048576K
[2020-09-08T10:20:50.253-0300][gc,start       ] GC(535) Pause Young (Normal) (G1 Evacuation Pause)
[2020-09-08T10:20:50.253-0300][gc,task        ] GC(535) Using 4 workers of 4 for evacuation
[2020-09-08T10:20:50.264-0300][gc,phases      ] GC(535)   Pre Evacuate Collection Set: 0.0ms
[2020-09-08T10:20:50.264-0300][gc,phases      ] GC(535)   Evacuate Collection Set: 7.7ms
[2020-09-08T10:20:50.264-0300][gc,phases      ] GC(535)   Post Evacuate Collection Set: 2.2ms
[2020-09-08T10:20:50.264-0300][gc,phases      ] GC(535)   Other: 1.4ms
[2020-09-08T10:20:50.264-0300][gc,heap        ] GC(535) Eden regions: 37->0(37)
[2020-09-08T10:20:50.264-0300][gc,heap        ] GC(535) Survivor regions: 1->2(5)
[2020-09-08T10:20:50.264-0300][gc,heap        ] GC(535) Old regions: 49->49
[2020-09-08T10:20:50.264-0300][gc,heap        ] GC(535) Humongous regions: 4->4
[2020-09-08T10:20:50.264-0300][gc,metaspace   ] GC(535) Metaspace: 40730K->40730K(1089536K)
[2020-09-08T10:20:50.264-0300][gc,heap        ] GC(535) Heap after GC invocations=536 (full 1): garbage-first heap   total 109568K, used 53056K [0x0000000083000000, 0x0000000100000000)
[2020-09-08T10:20:50.265-0300][gc,heap        ] GC(535)   region size 1024K, 2 young (2048K), 2 survivors (2048K)
[2020-09-08T10:20:50.265-0300][gc,heap        ] GC(535)  Metaspace       used 40730K, capacity 42956K, committed 46464K, reserved 1089536K
[2020-09-08T10:20:50.265-0300][gc,heap        ] GC(535)   class space    used 4150K, capacity 4900K, committed 6016K, reserved 1048576K
[2020-09-08T10:20:50.265-0300][gc             ] GC(535) Pause Young (Normal) (G1 Evacuation Pause) 88M->51M(107M) 11.643ms
[2020-09-08T10:20:50.265-0300][gc,cpu         ] GC(535) User=0.02s Sys=0.01s Real=0.01s
[2020-09-08T10:21:12.910-0300][gc,heap        ] GC(536) Heap before GC invocations=536 (full 1): garbage-first heap   total 109568K, used 89920K [0x0000000083000000, 0x0000000100000000)
[2020-09-08T10:21:12.910-0300][gc,heap        ] GC(536)   region size 1024K, 39 young (39936K), 2 survivors (2048K)
[2020-09-08T10:21:12.910-0300][gc,heap        ] GC(536)  Metaspace       used 40753K, capacity 42956K, committed 46464K, reserved 1089536K
[2020-09-08T10:21:12.910-0300][gc,heap        ] GC(536)   class space    used 4150K, capacity 4900K, committed 6016K, reserved 1048576K
[2020-09-08T10:21:12.910-0300][gc,start       ] GC(536) Pause Young (Concurrent Start) (G1 Evacuation Pause)
[2020-09-08T10:21:12.911-0300][gc,task        ] GC(536) Using 4 workers of 4 for evacuation
[2020-09-08T10:21:12.925-0300][gc,phases      ] GC(536)   Pre Evacuate Collection Set: 0.2ms
[2020-09-08T10:21:12.925-0300][gc,phases      ] GC(536)   Evacuate Collection Set: 10.2ms
[2020-09-08T10:21:12.925-0300][gc,phases      ] GC(536)   Post Evacuate Collection Set: 2.6ms
[2020-09-08T10:21:12.925-0300][gc,phases      ] GC(536)   Other: 1.4ms
[2020-09-08T10:21:12.925-0300][gc,heap        ] GC(536) Eden regions: 37->0(37)
[2020-09-08T10:21:12.925-0300][gc,heap        ] GC(536) Survivor regions: 2->2(5)
[2020-09-08T10:21:12.925-0300][gc,heap        ] GC(536) Old regions: 49->49
[2020-09-08T10:21:12.925-0300][gc,heap        ] GC(536) Humongous regions: 4->4
[2020-09-08T10:21:12.925-0300][gc,metaspace   ] GC(536) Metaspace: 40753K->40753K(1089536K)
[2020-09-08T10:21:12.925-0300][gc,heap        ] GC(536) Heap after GC invocations=537 (full 1): garbage-first heap   total 109568K, used 53545K [0x0000000083000000, 0x0000000100000000)
[2020-09-08T10:21:12.925-0300][gc,heap        ] GC(536)   region size 1024K, 2 young (2048K), 2 survivors (2048K)
[2020-09-08T10:21:12.925-0300][gc,heap        ] GC(536)  Metaspace       used 40753K, capacity 42956K, committed 46464K, reserved 1089536K
[2020-09-08T10:21:12.925-0300][gc,heap        ] GC(536)   class space    used 4150K, capacity 4900K, committed 6016K, reserved 1048576K
[2020-09-08T10:21:12.925-0300][gc             ] GC(536) Pause Young (Concurrent Start) (G1 Evacuation Pause) 88M->52M(107M) 14.840ms
[2020-09-08T10:21:12.926-0300][gc,cpu         ] GC(536) User=0.05s Sys=0.00s Real=0.02s
[2020-09-08T10:21:12.926-0300][gc             ] GC(537) Concurrent Cycle
[2020-09-08T10:21:12.926-0300][gc,marking     ] GC(537) Concurrent Clear Claimed Marks
[2020-09-08T10:21:12.926-0300][gc,marking     ] GC(537) Concurrent Clear Claimed Marks 0.288ms
[2020-09-08T10:21:12.926-0300][gc,marking     ] GC(537) Concurrent Scan Root Regions
[2020-09-08T10:21:12.937-0300][gc,marking     ] GC(537) Concurrent Scan Root Regions 10.295ms
[2020-09-08T10:21:12.937-0300][gc,marking     ] GC(537) Concurrent Mark (2730.411s)
[2020-09-08T10:21:12.937-0300][gc,marking     ] GC(537) Concurrent Mark From Roots
[2020-09-08T10:21:12.937-0300][gc,task        ] GC(537) Using 1 workers of 1 for marking
[2020-09-08T10:21:13.222-0300][gc,marking     ] GC(537) Concurrent Mark From Roots 284.441ms
[2020-09-08T10:21:13.222-0300][gc,marking     ] GC(537) Concurrent Preclean
[2020-09-08T10:21:13.223-0300][gc,marking     ] GC(537) Concurrent Preclean 1.071ms
[2020-09-08T10:21:13.223-0300][gc,marking     ] GC(537) Concurrent Mark (2730.411s, 2730.696s) 285.831ms
[2020-09-08T10:21:13.224-0300][gc,start       ] GC(537) Pause Remark
[2020-09-08T10:21:13.258-0300][gc,stringtable ] GC(537) Cleaned string and symbol table, strings: 23201 processed, 0 removed, symbols: 95050 processed, 0 removed
[2020-09-08T10:21:13.259-0300][gc             ] GC(537) Pause Remark 54M->54M(107M) 34.969ms
[2020-09-08T10:21:13.259-0300][gc,cpu         ] GC(537) User=0.12s Sys=0.01s Real=0.03s
[2020-09-08T10:21:13.260-0300][gc,marking     ] GC(537) Concurrent Rebuild Remembered Sets
[2020-09-08T10:21:13.422-0300][gc,marking     ] GC(537) Concurrent Rebuild Remembered Sets 161.731ms
[2020-09-08T10:21:13.423-0300][gc,start       ] GC(537) Pause Cleanup
[2020-09-08T10:21:13.424-0300][gc             ] GC(537) Pause Cleanup 54M->54M(107M) 0.465ms
[2020-09-08T10:21:13.424-0300][gc,cpu         ] GC(537) User=0.00s Sys=0.00s Real=0.00s
[2020-09-08T10:21:13.424-0300][gc,marking     ] GC(537) Concurrent Cleanup for Next Mark
[2020-09-08T10:21:13.426-0300][gc,marking     ] GC(537) Concurrent Cleanup for Next Mark 1.204ms
[2020-09-08T10:21:13.426-0300][gc             ] GC(537) Concurrent Cycle 500.200ms
[2020-09-08T10:21:38.036-0300][gc,heap        ] GC(538) Heap before GC invocations=538 (full 1): garbage-first heap   total 109568K, used 90409K [0x0000000083000000, 0x0000000100000000)
[2020-09-08T10:21:38.036-0300][gc,heap        ] GC(538)   region size 1024K, 39 young (39936K), 2 survivors (2048K)
[2020-09-08T10:21:38.036-0300][gc,heap        ] GC(538)  Metaspace       used 40754K, capacity 42956K, committed 46464K, reserved 1089536K
[2020-09-08T10:21:38.036-0300][gc,heap        ] GC(538)   class space    used 4150K, capacity 4900K, committed 6016K, reserved 1048576K
[2020-09-08T10:21:38.036-0300][gc,start       ] GC(538) Pause Young (Prepare Mixed) (G1 Evacuation Pause)
[2020-09-08T10:21:38.036-0300][gc,task        ] GC(538) Using 4 workers of 4 for evacuation
[2020-09-08T10:21:38.050-0300][gc,phases      ] GC(538)   Pre Evacuate Collection Set: 0.0ms
[2020-09-08T10:21:38.050-0300][gc,phases      ] GC(538)   Evacuate Collection Set: 10.8ms
[2020-09-08T10:21:38.050-0300][gc,phases      ] GC(538)   Post Evacuate Collection Set: 2.2ms
[2020-09-08T10:21:38.050-0300][gc,phases      ] GC(538)   Other: 1.4ms
[2020-09-08T10:21:38.050-0300][gc,heap        ] GC(538) Eden regions: 37->0(3)
[2020-09-08T10:21:38.050-0300][gc,heap        ] GC(538) Survivor regions: 2->2(5)
[2020-09-08T10:21:38.051-0300][gc,heap        ] GC(538) Old regions: 49->49
[2020-09-08T10:21:38.051-0300][gc,heap        ] GC(538) Humongous regions: 4->4
[2020-09-08T10:21:38.051-0300][gc,metaspace   ] GC(538) Metaspace: 40754K->40754K(1089536K)
[2020-09-08T10:21:38.051-0300][gc,heap        ] GC(538) Heap after GC invocations=539 (full 1): garbage-first heap   total 109568K, used 53609K [0x0000000083000000, 0x0000000100000000)
[2020-09-08T10:21:38.051-0300][gc,heap        ] GC(538)   region size 1024K, 2 young (2048K), 2 survivors (2048K)
[2020-09-08T10:21:38.051-0300][gc,heap        ] GC(538)  Metaspace       used 40754K, capacity 42956K, committed 46464K, reserved 1089536K
[2020-09-08T10:21:38.051-0300][gc,heap        ] GC(538)   class space    used 4150K, capacity 4900K, committed 6016K, reserved 1048576K
[2020-09-08T10:21:38.051-0300][gc             ] GC(538) Pause Young (Prepare Mixed) (G1 Evacuation Pause) 89M->52M(107M) 14.766ms
[2020-09-08T10:21:38.051-0300][gc,cpu         ] GC(538) User=0.05s Sys=0.00s Real=0.02s
[2020-09-08T10:21:43.537-0300][gc,heap        ] GC(539) Heap before GC invocations=539 (full 1): garbage-first heap   total 109568K, used 56681K [0x0000000083000000, 0x0000000100000000)
[2020-09-08T10:21:43.537-0300][gc,heap        ] GC(539)   region size 1024K, 5 young (5120K), 2 survivors (2048K)
[2020-09-08T10:21:43.537-0300][gc,heap        ] GC(539)  Metaspace       used 40754K, capacity 42956K, committed 46464K, reserved 1089536K
[2020-09-08T10:21:43.537-0300][gc,heap        ] GC(539)   class space    used 4150K, capacity 4900K, committed 6016K, reserved 1048576K
[2020-09-08T10:21:43.537-0300][gc,start       ] GC(539) Pause Young (Mixed) (G1 Evacuation Pause)
[2020-09-08T10:21:43.538-0300][gc,task        ] GC(539) Using 4 workers of 4 for evacuation
[2020-09-08T10:21:43.570-0300][gc,phases      ] GC(539)   Pre Evacuate Collection Set: 0.1ms
[2020-09-08T10:21:43.570-0300][gc,phases      ] GC(539)   Evacuate Collection Set: 29.0ms
[2020-09-08T10:21:43.570-0300][gc,phases      ] GC(539)   Post Evacuate Collection Set: 1.8ms
[2020-09-08T10:21:43.570-0300][gc,phases      ] GC(539)   Other: 1.7ms
[2020-09-08T10:21:43.570-0300][gc,heap        ] GC(539) Eden regions: 3->0(39)
[2020-09-08T10:21:43.570-0300][gc,heap        ] GC(539) Survivor regions: 2->1(1)
[2020-09-08T10:21:43.570-0300][gc,heap        ] GC(539) Old regions: 49->46
[2020-09-08T10:21:43.570-0300][gc,heap        ] GC(539) Humongous regions: 4->4
[2020-09-08T10:21:43.570-0300][gc,metaspace   ] GC(539) Metaspace: 40754K->40754K(1089536K)
[2020-09-08T10:21:43.570-0300][gc,heap        ] GC(539) Heap after GC invocations=540 (full 1): garbage-first heap   total 109568K, used 49346K [0x0000000083000000, 0x0000000100000000)
[2020-09-08T10:21:43.570-0300][gc,heap        ] GC(539)   region size 1024K, 1 young (1024K), 1 survivors (1024K)
[2020-09-08T10:21:43.570-0300][gc,heap        ] GC(539)  Metaspace       used 40754K, capacity 42956K, committed 46464K, reserved 1089536K
[2020-09-08T10:21:43.570-0300][gc,heap        ] GC(539)   class space    used 4150K, capacity 4900K, committed 6016K, reserved 1048576K
[2020-09-08T10:21:43.570-0300][gc             ] GC(539) Pause Young (Mixed) (G1 Evacuation Pause) 55M->48M(107M) 32.913ms
[2020-09-08T10:21:43.572-0300][gc,cpu         ] GC(539) User=0.08s Sys=0.01s Real=0.03s
[2020-09-08T10:22:16.823-0300][gc,heap        ] GC(540) Heap before GC invocations=540 (full 1): garbage-first heap   total 109568K, used 88258K [0x0000000083000000, 0x0000000100000000)
[2020-09-08T10:22:16.823-0300][gc,heap        ] GC(540)   region size 1024K, 40 young (40960K), 1 survivors (1024K)
[2020-09-08T10:22:16.823-0300][gc,heap        ] GC(540)  Metaspace       used 40754K, capacity 42956K, committed 46464K, reserved 1089536K
[2020-09-08T10:22:16.823-0300][gc,heap        ] GC(540)   class space    used 4150K, capacity 4900K, committed 6016K, reserved 1048576K
[2020-09-08T10:22:16.823-0300][gc,start       ] GC(540) Pause Young (Normal) (G1 Evacuation Pause)
[2020-09-08T10:22:16.823-0300][gc,task        ] GC(540) Using 4 workers of 4 for evacuation
[2020-09-08T10:22:16.843-0300][gc,phases      ] GC(540)   Pre Evacuate Collection Set: 0.0ms
[2020-09-08T10:22:16.843-0300][gc,phases      ] GC(540)   Evacuate Collection Set: 14.8ms
[2020-09-08T10:22:16.843-0300][gc,phases      ] GC(540)   Post Evacuate Collection Set: 3.6ms
[2020-09-08T10:22:16.843-0300][gc,phases      ] GC(540)   Other: 1.5ms
[2020-09-08T10:22:16.843-0300][gc,heap        ] GC(540) Eden regions: 39->0(39)
[2020-09-08T10:22:16.843-0300][gc,heap        ] GC(540) Survivor regions: 1->2(5)
[2020-09-08T10:22:16.843-0300][gc,heap        ] GC(540) Old regions: 46->46
[2020-09-08T10:22:16.843-0300][gc,heap        ] GC(540) Humongous regions: 4->4
[2020-09-08T10:22:16.843-0300][gc,metaspace   ] GC(540) Metaspace: 40754K->40754K(1089536K)
[2020-09-08T10:22:16.843-0300][gc,heap        ] GC(540) Heap after GC invocations=541 (full 1): garbage-first heap   total 109568K, used 50263K [0x0000000083000000, 0x0000000100000000)
[2020-09-08T10:22:16.843-0300][gc,heap        ] GC(540)   region size 1024K, 2 young (2048K), 2 survivors (2048K)
[2020-09-08T10:22:16.843-0300][gc,heap        ] GC(540)  Metaspace       used 40754K, capacity 42956K, committed 46464K, reserved 1089536K
[2020-09-08T10:22:16.843-0300][gc,heap        ] GC(540)   class space    used 4150K, capacity 4900K, committed 6016K, reserved 1048576K
[2020-09-08T10:22:16.844-0300][gc             ] GC(540) Pause Young (Normal) (G1 Evacuation Pause) 87M->49M(107M) 20.299ms
[2020-09-08T10:22:16.844-0300][gc,cpu         ] GC(540) User=0.05s Sys=0.01s Real=0.02s
[2020-09-08T10:22:50.946-0300][gc,heap        ] GC(541) Heap before GC invocations=541 (full 1): garbage-first heap   total 109568K, used 89175K [0x0000000083000000, 0x0000000100000000)
[2020-09-08T10:22:50.946-0300][gc,heap        ] GC(541)   region size 1024K, 41 young (41984K), 2 survivors (2048K)
[2020-09-08T10:22:50.946-0300][gc,heap        ] GC(541)  Metaspace       used 40771K, capacity 42956K, committed 46464K, reserved 1089536K
[2020-09-08T10:22:50.946-0300][gc,heap        ] GC(541)   class space    used 4150K, capacity 4900K, committed 6016K, reserved 1048576K
[2020-09-08T10:22:50.946-0300][gc,start       ] GC(541) Pause Young (Normal) (G1 Evacuation Pause)
[2020-09-08T10:22:50.946-0300][gc,task        ] GC(541) Using 4 workers of 4 for evacuation
[2020-09-08T10:22:50.957-0300][gc,phases      ] GC(541)   Pre Evacuate Collection Set: 0.0ms
[2020-09-08T10:22:50.957-0300][gc,phases      ] GC(541)   Evacuate Collection Set: 7.7ms
[2020-09-08T10:22:50.957-0300][gc,phases      ] GC(541)   Post Evacuate Collection Set: 2.2ms
[2020-09-08T10:22:50.958-0300][gc,phases      ] GC(541)   Other: 1.3ms
[2020-09-08T10:22:50.958-0300][gc,heap        ] GC(541) Eden regions: 39->0(39)
[2020-09-08T10:22:50.958-0300][gc,heap        ] GC(541) Survivor regions: 2->2(6)
[2020-09-08T10:22:50.958-0300][gc,heap        ] GC(541) Old regions: 46->46
[2020-09-08T10:22:50.958-0300][gc,heap        ] GC(541) Humongous regions: 4->4
[2020-09-08T10:22:50.958-0300][gc,metaspace   ] GC(541) Metaspace: 40771K->40771K(1089536K)
[2020-09-08T10:22:50.958-0300][gc,heap        ] GC(541) Heap after GC invocations=542 (full 1): garbage-first heap   total 109568K, used 50635K [0x0000000083000000, 0x0000000100000000)
[2020-09-08T10:22:50.958-0300][gc,heap        ] GC(541)   region size 1024K, 2 young (2048K), 2 survivors (2048K)
[2020-09-08T10:22:50.958-0300][gc,heap        ] GC(541)  Metaspace       used 40771K, capacity 42956K, committed 46464K, reserved 1089536K
[2020-09-08T10:22:50.958-0300][gc,heap        ] GC(541)   class space    used 4150K, capacity 4900K, committed 6016K, reserved 1048576K
[2020-09-08T10:22:50.958-0300][gc             ] GC(541) Pause Young (Normal) (G1 Evacuation Pause) 88M->49M(107M) 11.649ms
[2020-09-08T10:22:50.958-0300][gc,cpu         ] GC(541) User=0.03s Sys=0.00s Real=0.01s
[2020-09-08T10:23:20.501-0300][gc,heap        ] GC(542) Heap before GC invocations=542 (full 1): garbage-first heap   total 109568K, used 89547K [0x0000000083000000, 0x0000000100000000)
[2020-09-08T10:23:20.501-0300][gc,heap        ] GC(542)   region size 1024K, 41 young (41984K), 2 survivors (2048K)
[2020-09-08T10:23:20.501-0300][gc,heap        ] GC(542)  Metaspace       used 40771K, capacity 42956K, committed 46464K, reserved 1089536K
[2020-09-08T10:23:20.501-0300][gc,heap        ] GC(542)   class space    used 4150K, capacity 4900K, committed 6016K, reserved 1048576K
[2020-09-08T10:23:20.501-0300][gc,start       ] GC(542) Pause Young (Concurrent Start) (G1 Evacuation Pause)
[2020-09-08T10:23:20.501-0300][gc,task        ] GC(542) Using 4 workers of 4 for evacuation
[2020-09-08T10:23:20.516-0300][gc,phases      ] GC(542)   Pre Evacuate Collection Set: 0.2ms
[2020-09-08T10:23:20.516-0300][gc,phases      ] GC(542)   Evacuate Collection Set: 11.4ms
[2020-09-08T10:23:20.516-0300][gc,phases      ] GC(542)   Post Evacuate Collection Set: 2.7ms
[2020-09-08T10:23:20.517-0300][gc,phases      ] GC(542)   Other: 1.4ms
[2020-09-08T10:23:20.517-0300][gc,heap        ] GC(542) Eden regions: 39->0(39)
[2020-09-08T10:23:20.517-0300][gc,heap        ] GC(542) Survivor regions: 2->3(6)
[2020-09-08T10:23:20.517-0300][gc,heap        ] GC(542) Old regions: 46->46
[2020-09-08T10:23:20.517-0300][gc,heap        ] GC(542) Humongous regions: 4->4
[2020-09-08T10:23:20.517-0300][gc,metaspace   ] GC(542) Metaspace: 40771K->40771K(1089536K)
[2020-09-08T10:23:20.517-0300][gc,heap        ] GC(542) Heap after GC invocations=543 (full 1): garbage-first heap   total 109568K, used 51149K [0x0000000083000000, 0x0000000100000000)
[2020-09-08T10:23:20.517-0300][gc,heap        ] GC(542)   region size 1024K, 3 young (3072K), 3 survivors (3072K)
[2020-09-08T10:23:20.517-0300][gc,heap        ] GC(542)  Metaspace       used 40771K, capacity 42956K, committed 46464K, reserved 1089536K
[2020-09-08T10:23:20.517-0300][gc,heap        ] GC(542)   class space    used 4150K, capacity 4900K, committed 6016K, reserved 1048576K
[2020-09-08T10:23:20.517-0300][gc             ] GC(542) Pause Young (Concurrent Start) (G1 Evacuation Pause) 88M->49M(107M) 16.343ms
[2020-09-08T10:23:20.518-0300][gc,cpu         ] GC(542) User=0.04s Sys=0.01s Real=0.01s
[2020-09-08T10:23:20.518-0300][gc             ] GC(543) Concurrent Cycle
[2020-09-08T10:23:20.518-0300][gc,marking     ] GC(543) Concurrent Clear Claimed Marks
[2020-09-08T10:23:20.518-0300][gc,marking     ] GC(543) Concurrent Clear Claimed Marks 0.469ms
[2020-09-08T10:23:20.518-0300][gc,marking     ] GC(543) Concurrent Scan Root Regions
[2020-09-08T10:23:20.530-0300][gc,marking     ] GC(543) Concurrent Scan Root Regions 11.600ms
[2020-09-08T10:23:20.530-0300][gc,marking     ] GC(543) Concurrent Mark (2858.004s)
[2020-09-08T10:23:20.530-0300][gc,marking     ] GC(543) Concurrent Mark From Roots
[2020-09-08T10:23:20.530-0300][gc,task        ] GC(543) Using 1 workers of 1 for marking
[2020-09-08T10:23:20.789-0300][gc,marking     ] GC(543) Concurrent Mark From Roots 258.441ms
[2020-09-08T10:23:20.789-0300][gc,marking     ] GC(543) Concurrent Preclean
[2020-09-08T10:23:20.790-0300][gc,marking     ] GC(543) Concurrent Preclean 1.012ms
[2020-09-08T10:23:20.790-0300][gc,marking     ] GC(543) Concurrent Mark (2858.004s, 2858.264s) 259.768ms
[2020-09-08T10:23:20.791-0300][gc,start       ] GC(543) Pause Remark
[2020-09-08T10:23:20.840-0300][gc,stringtable ] GC(543) Cleaned string and symbol table, strings: 23217 processed, 1 removed, symbols: 95050 processed, 0 removed
[2020-09-08T10:23:20.841-0300][gc             ] GC(543) Pause Remark 52M->52M(107M) 49.301ms
[2020-09-08T10:23:20.841-0300][gc,cpu         ] GC(543) User=0.18s Sys=0.00s Real=0.05s
[2020-09-08T10:23:20.841-0300][gc,marking     ] GC(543) Concurrent Rebuild Remembered Sets
[2020-09-08T10:23:20.997-0300][gc,marking     ] GC(543) Concurrent Rebuild Remembered Sets 155.645ms
[2020-09-08T10:23:20.998-0300][gc,start       ] GC(543) Pause Cleanup
[2020-09-08T10:23:20.999-0300][gc             ] GC(543) Pause Cleanup 52M->52M(107M) 0.638ms
[2020-09-08T10:23:20.999-0300][gc,cpu         ] GC(543) User=0.00s Sys=0.00s Real=0.00s
[2020-09-08T10:23:21.000-0300][gc,marking     ] GC(543) Concurrent Cleanup for Next Mark
[2020-09-08T10:23:21.001-0300][gc,marking     ] GC(543) Concurrent Cleanup for Next Mark 1.297ms
[2020-09-08T10:23:21.001-0300][gc             ] GC(543) Concurrent Cycle 483.350ms
[2020-09-08T10:23:49.705-0300][gc,heap        ] GC(544) Heap before GC invocations=544 (full 1): garbage-first heap   total 109568K, used 90061K [0x0000000083000000, 0x0000000100000000)
[2020-09-08T10:23:49.705-0300][gc,heap        ] GC(544)   region size 1024K, 42 young (43008K), 3 survivors (3072K)
[2020-09-08T10:23:49.705-0300][gc,heap        ] GC(544)  Metaspace       used 40673K, capacity 42795K, committed 46464K, reserved 1089536K
[2020-09-08T10:23:49.705-0300][gc,heap        ] GC(544)   class space    used 4122K, capacity 4847K, committed 6016K, reserved 1048576K
[2020-09-08T10:23:49.705-0300][gc,start       ] GC(544) Pause Young (Prepare Mixed) (G1 Evacuation Pause)
[2020-09-08T10:23:49.706-0300][gc,task        ] GC(544) Using 4 workers of 4 for evacuation
[2020-09-08T10:23:49.722-0300][gc,phases      ] GC(544)   Pre Evacuate Collection Set: 0.0ms
[2020-09-08T10:23:49.722-0300][gc,phases      ] GC(544)   Evacuate Collection Set: 13.0ms
[2020-09-08T10:23:49.722-0300][gc,phases      ] GC(544)   Post Evacuate Collection Set: 2.1ms
[2020-09-08T10:23:49.722-0300][gc,phases      ] GC(544)   Other: 1.3ms
[2020-09-08T10:23:49.722-0300][gc,heap        ] GC(544) Eden regions: 39->0(2)
[2020-09-08T10:23:49.722-0300][gc,heap        ] GC(544) Survivor regions: 3->3(6)
[2020-09-08T10:23:49.722-0300][gc,heap        ] GC(544) Old regions: 46->46
[2020-09-08T10:23:49.722-0300][gc,heap        ] GC(544) Humongous regions: 4->4
[2020-09-08T10:23:49.722-0300][gc,metaspace   ] GC(544) Metaspace: 40673K->40673K(1089536K)
[2020-09-08T10:23:49.722-0300][gc,heap        ] GC(544) Heap after GC invocations=545 (full 1): garbage-first heap   total 109568K, used 51616K [0x0000000083000000, 0x0000000100000000)
[2020-09-08T10:23:49.722-0300][gc,heap        ] GC(544)   region size 1024K, 3 young (3072K), 3 survivors (3072K)
[2020-09-08T10:23:49.722-0300][gc,heap        ] GC(544)  Metaspace       used 40673K, capacity 42795K, committed 46464K, reserved 1089536K
[2020-09-08T10:23:49.722-0300][gc,heap        ] GC(544)   class space    used 4122K, capacity 4847K, committed 6016K, reserved 1048576K
[2020-09-08T10:23:49.722-0300][gc             ] GC(544) Pause Young (Prepare Mixed) (G1 Evacuation Pause) 88M->50M(107M) 16.996ms
[2020-09-08T10:23:49.723-0300][gc,cpu         ] GC(544) User=0.06s Sys=0.00s Real=0.02s
[2020-09-08T10:23:50.687-0300][gc,heap        ] GC(545) Heap before GC invocations=545 (full 1): garbage-first heap   total 109568K, used 53664K [0x0000000083000000, 0x0000000100000000)
[2020-09-08T10:23:50.687-0300][gc,heap        ] GC(545)   region size 1024K, 5 young (5120K), 3 survivors (3072K)
[2020-09-08T10:23:50.687-0300][gc,heap        ] GC(545)  Metaspace       used 40673K, capacity 42795K, committed 46464K, reserved 1089536K
[2020-09-08T10:23:50.687-0300][gc,heap        ] GC(545)   class space    used 4122K, capacity 4847K, committed 6016K, reserved 1048576K
[2020-09-08T10:23:50.687-0300][gc,start       ] GC(545) Pause Young (Mixed) (G1 Evacuation Pause)
[2020-09-08T10:23:50.687-0300][gc,task        ] GC(545) Using 4 workers of 4 for evacuation
[2020-09-08T10:23:50.711-0300][gc,phases      ] GC(545)   Pre Evacuate Collection Set: 0.1ms
[2020-09-08T10:23:50.711-0300][gc,phases      ] GC(545)   Evacuate Collection Set: 21.1ms
[2020-09-08T10:23:50.711-0300][gc,phases      ] GC(545)   Post Evacuate Collection Set: 1.6ms
[2020-09-08T10:23:50.711-0300][gc,phases      ] GC(545)   Other: 1.4ms
[2020-09-08T10:23:50.711-0300][gc,heap        ] GC(545) Eden regions: 2->0(40)
[2020-09-08T10:23:50.711-0300][gc,heap        ] GC(545) Survivor regions: 3->1(1)
[2020-09-08T10:23:50.711-0300][gc,heap        ] GC(545) Old regions: 46->46
[2020-09-08T10:23:50.711-0300][gc,heap        ] GC(545) Humongous regions: 4->4
[2020-09-08T10:23:50.711-0300][gc,metaspace   ] GC(545) Metaspace: 40673K->40673K(1089536K)
[2020-09-08T10:23:50.711-0300][gc,heap        ] GC(545) Heap after GC invocations=546 (full 1): garbage-first heap   total 109568K, used 49246K [0x0000000083000000, 0x0000000100000000)
[2020-09-08T10:23:50.711-0300][gc,heap        ] GC(545)   region size 1024K, 1 young (1024K), 1 survivors (1024K)
[2020-09-08T10:23:50.711-0300][gc,heap        ] GC(545)  Metaspace       used 40673K, capacity 42795K, committed 46464K, reserved 1089536K
[2020-09-08T10:23:50.711-0300][gc,heap        ] GC(545)   class space    used 4122K, capacity 4847K, committed 6016K, reserved 1048576K
[2020-09-08T10:23:50.712-0300][gc             ] GC(545) Pause Young (Mixed) (G1 Evacuation Pause) 52M->48M(107M) 24.429ms
[2020-09-08T10:23:50.712-0300][gc,cpu         ] GC(545) User=0.08s Sys=0.00s Real=0.03s
[2020-09-08T10:24:15.119-0300][gc,heap        ] GC(546) Heap before GC invocations=546 (full 1): garbage-first heap   total 109568K, used 89182K [0x0000000083000000, 0x0000000100000000)
[2020-09-08T10:24:15.119-0300][gc,heap        ] GC(546)   region size 1024K, 41 young (41984K), 1 survivors (1024K)
[2020-09-08T10:24:15.119-0300][gc,heap        ] GC(546)  Metaspace       used 40673K, capacity 42795K, committed 46464K, reserved 1089536K
[2020-09-08T10:24:15.119-0300][gc,heap        ] GC(546)   class space    used 4122K, capacity 4847K, committed 6016K, reserved 1048576K
[2020-09-08T10:24:15.119-0300][gc,start       ] GC(546) Pause Young (Normal) (G1 Evacuation Pause)
[2020-09-08T10:24:15.119-0300][gc,task        ] GC(546) Using 4 workers of 4 for evacuation
[2020-09-08T10:24:15.132-0300][gc,phases      ] GC(546)   Pre Evacuate Collection Set: 0.0ms
[2020-09-08T10:24:15.132-0300][gc,phases      ] GC(546)   Evacuate Collection Set: 9.4ms
[2020-09-08T10:24:15.132-0300][gc,phases      ] GC(546)   Post Evacuate Collection Set: 2.7ms
[2020-09-08T10:24:15.132-0300][gc,phases      ] GC(546)   Other: 1.5ms
[2020-09-08T10:24:15.133-0300][gc,heap        ] GC(546) Eden regions: 40->0(40)
[2020-09-08T10:24:15.133-0300][gc,heap        ] GC(546) Survivor regions: 1->2(6)
[2020-09-08T10:24:15.133-0300][gc,heap        ] GC(546) Old regions: 46->46
[2020-09-08T10:24:15.133-0300][gc,heap        ] GC(546) Humongous regions: 4->4
[2020-09-08T10:24:15.133-0300][gc,metaspace   ] GC(546) Metaspace: 40673K->40673K(1089536K)
[2020-09-08T10:24:15.133-0300][gc,heap        ] GC(546) Heap after GC invocations=547 (full 1): garbage-first heap   total 109568K, used 49892K [0x0000000083000000, 0x0000000100000000)
[2020-09-08T10:24:15.133-0300][gc,heap        ] GC(546)   region size 1024K, 2 young (2048K), 2 survivors (2048K)
[2020-09-08T10:24:15.133-0300][gc,heap        ] GC(546)  Metaspace       used 40673K, capacity 42795K, committed 46464K, reserved 1089536K
[2020-09-08T10:24:15.133-0300][gc,heap        ] GC(546)   class space    used 4122K, capacity 4847K, committed 6016K, reserved 1048576K
[2020-09-08T10:24:15.133-0300][gc             ] GC(546) Pause Young (Normal) (G1 Evacuation Pause) 88M->48M(107M) 13.806ms
[2020-09-08T10:24:15.134-0300][gc,cpu         ] GC(546) User=0.04s Sys=0.00s Real=0.02s
[2020-09-08T10:24:55.284-0300][gc,heap        ] GC(547) Heap before GC invocations=547 (full 1): garbage-first heap   total 109568K, used 89828K [0x0000000083000000, 0x0000000100000000)
[2020-09-08T10:24:55.284-0300][gc,heap        ] GC(547)   region size 1024K, 42 young (43008K), 2 survivors (2048K)
[2020-09-08T10:24:55.284-0300][gc,heap        ] GC(547)  Metaspace       used 40673K, capacity 42795K, committed 46464K, reserved 1089536K
[2020-09-08T10:24:55.284-0300][gc,heap        ] GC(547)   class space    used 4122K, capacity 4847K, committed 6016K, reserved 1048576K
[2020-09-08T10:24:55.284-0300][gc,start       ] GC(547) Pause Young (Normal) (G1 Evacuation Pause)
[2020-09-08T10:24:55.284-0300][gc,task        ] GC(547) Using 4 workers of 4 for evacuation
[2020-09-08T10:24:55.295-0300][gc,phases      ] GC(547)   Pre Evacuate Collection Set: 0.0ms
[2020-09-08T10:24:55.296-0300][gc,phases      ] GC(547)   Evacuate Collection Set: 7.9ms
[2020-09-08T10:24:55.296-0300][gc,phases      ] GC(547)   Post Evacuate Collection Set: 2.2ms
[2020-09-08T10:24:55.296-0300][gc,phases      ] GC(547)   Other: 1.3ms
[2020-09-08T10:24:55.296-0300][gc,heap        ] GC(547) Eden regions: 40->0(40)
[2020-09-08T10:24:55.296-0300][gc,heap        ] GC(547) Survivor regions: 2->2(6)
[2020-09-08T10:24:55.296-0300][gc,heap        ] GC(547) Old regions: 46->46
[2020-09-08T10:24:55.296-0300][gc,heap        ] GC(547) Humongous regions: 4->4
[2020-09-08T10:24:55.296-0300][gc,metaspace   ] GC(547) Metaspace: 40673K->40673K(1089536K)
[2020-09-08T10:24:55.296-0300][gc,heap        ] GC(547) Heap after GC invocations=548 (full 1): garbage-first heap   total 109568K, used 50375K [0x0000000083000000, 0x0000000100000000)
[2020-09-08T10:24:55.296-0300][gc,heap        ] GC(547)   region size 1024K, 2 young (2048K), 2 survivors (2048K)
[2020-09-08T10:24:55.296-0300][gc,heap        ] GC(547)  Metaspace       used 40673K, capacity 42795K, committed 46464K, reserved 1089536K
[2020-09-08T10:24:55.296-0300][gc,heap        ] GC(547)   class space    used 4122K, capacity 4847K, committed 6016K, reserved 1048576K
[2020-09-08T10:24:55.296-0300][gc             ] GC(547) Pause Young (Normal) (G1 Evacuation Pause) 88M->49M(107M) 11.867ms
[2020-09-08T10:24:55.296-0300][gc,cpu         ] GC(547) User=0.03s Sys=0.01s Real=0.01s
[2020-09-08T10:25:19.331-0300][gc,heap        ] GC(548) Heap before GC invocations=548 (full 1): garbage-first heap   total 109568K, used 90311K [0x0000000083000000, 0x0000000100000000)
[2020-09-08T10:25:19.331-0300][gc,heap        ] GC(548)   region size 1024K, 42 young (43008K), 2 survivors (2048K)
[2020-09-08T10:25:19.331-0300][gc,heap        ] GC(548)  Metaspace       used 40673K, capacity 42795K, committed 46464K, reserved 1089536K
[2020-09-08T10:25:19.331-0300][gc,heap        ] GC(548)   class space    used 4122K, capacity 4847K, committed 6016K, reserved 1048576K
[2020-09-08T10:25:19.331-0300][gc,start       ] GC(548) Pause Young (Concurrent Start) (G1 Evacuation Pause)
[2020-09-08T10:25:19.331-0300][gc,task        ] GC(548) Using 4 workers of 4 for evacuation
[2020-09-08T10:25:19.345-0300][gc,phases      ] GC(548)   Pre Evacuate Collection Set: 0.2ms
[2020-09-08T10:25:19.345-0300][gc,phases      ] GC(548)   Evacuate Collection Set: 10.4ms
[2020-09-08T10:25:19.345-0300][gc,phases      ] GC(548)   Post Evacuate Collection Set: 2.6ms
[2020-09-08T10:25:19.346-0300][gc,phases      ] GC(548)   Other: 1.5ms
[2020-09-08T10:25:19.346-0300][gc,heap        ] GC(548) Eden regions: 40->0(40)
[2020-09-08T10:25:19.346-0300][gc,heap        ] GC(548) Survivor regions: 2->2(6)
[2020-09-08T10:25:19.346-0300][gc,heap        ] GC(548) Old regions: 46->46
[2020-09-08T10:25:19.346-0300][gc,heap        ] GC(548) Humongous regions: 4->4
[2020-09-08T10:25:19.346-0300][gc,metaspace   ] GC(548) Metaspace: 40673K->40673K(1089536K)
[2020-09-08T10:25:19.346-0300][gc,heap        ] GC(548) Heap after GC invocations=549 (full 1): garbage-first heap   total 109568K, used 50805K [0x0000000083000000, 0x0000000100000000)
[2020-09-08T10:25:19.346-0300][gc,heap        ] GC(548)   region size 1024K, 2 young (2048K), 2 survivors (2048K)
[2020-09-08T10:25:19.346-0300][gc,heap        ] GC(548)  Metaspace       used 40673K, capacity 42795K, committed 46464K, reserved 1089536K
[2020-09-08T10:25:19.346-0300][gc,heap        ] GC(548)   class space    used 4122K, capacity 4847K, committed 6016K, reserved 1048576K
[2020-09-08T10:25:19.346-0300][gc             ] GC(548) Pause Young (Concurrent Start) (G1 Evacuation Pause) 89M->49M(107M) 14.919ms
[2020-09-08T10:25:19.346-0300][gc,cpu         ] GC(548) User=0.04s Sys=0.00s Real=0.01s
[2020-09-08T10:25:19.347-0300][gc             ] GC(549) Concurrent Cycle
[2020-09-08T10:25:19.347-0300][gc,marking     ] GC(549) Concurrent Clear Claimed Marks
[2020-09-08T10:25:19.348-0300][gc,marking     ] GC(549) Concurrent Clear Claimed Marks 0.260ms
[2020-09-08T10:25:19.348-0300][gc,marking     ] GC(549) Concurrent Scan Root Regions
[2020-09-08T10:25:19.358-0300][gc,marking     ] GC(549) Concurrent Scan Root Regions 10.101ms
[2020-09-08T10:25:19.358-0300][gc,marking     ] GC(549) Concurrent Mark (2976.831s)
[2020-09-08T10:25:19.358-0300][gc,marking     ] GC(549) Concurrent Mark From Roots
[2020-09-08T10:25:19.358-0300][gc,task        ] GC(549) Using 1 workers of 1 for marking
[2020-09-08T10:25:19.628-0300][gc,marking     ] GC(549) Concurrent Mark From Roots 270.217ms
[2020-09-08T10:25:19.628-0300][gc,marking     ] GC(549) Concurrent Preclean
[2020-09-08T10:25:19.629-0300][gc,marking     ] GC(549) Concurrent Preclean 1.044ms
[2020-09-08T10:25:19.629-0300][gc,marking     ] GC(549) Concurrent Mark (2976.831s, 2977.103s) 271.548ms
[2020-09-08T10:25:19.631-0300][gc,start       ] GC(549) Pause Remark
[2020-09-08T10:25:19.666-0300][gc,stringtable ] GC(549) Cleaned string and symbol table, strings: 23221 processed, 0 removed, symbols: 95050 processed, 0 removed
[2020-09-08T10:25:19.667-0300][gc             ] GC(549) Pause Remark 51M->51M(107M) 36.314ms
[2020-09-08T10:25:19.667-0300][gc,cpu         ] GC(549) User=0.13s Sys=0.01s Real=0.03s
[2020-09-08T10:25:19.669-0300][gc,marking     ] GC(549) Concurrent Rebuild Remembered Sets
[2020-09-08T10:25:19.825-0300][gc,marking     ] GC(549) Concurrent Rebuild Remembered Sets 156.177ms
[2020-09-08T10:25:19.826-0300][gc,start       ] GC(549) Pause Cleanup
[2020-09-08T10:25:19.827-0300][gc             ] GC(549) Pause Cleanup 52M->52M(107M) 0.548ms
[2020-09-08T10:25:19.827-0300][gc,cpu         ] GC(549) User=0.00s Sys=0.00s Real=0.00s
[2020-09-08T10:25:19.828-0300][gc,marking     ] GC(549) Concurrent Cleanup for Next Mark
[2020-09-08T10:25:19.829-0300][gc,marking     ] GC(549) Concurrent Cleanup for Next Mark 1.163ms
[2020-09-08T10:25:19.829-0300][gc             ] GC(549) Concurrent Cycle 481.951ms
[2020-09-08T10:25:51.029-0300][gc,heap        ] GC(550) Heap before GC invocations=550 (full 1): garbage-first heap   total 109568K, used 90741K [0x0000000083000000, 0x0000000100000000)
[2020-09-08T10:25:51.029-0300][gc,heap        ] GC(550)   region size 1024K, 42 young (43008K), 2 survivors (2048K)
[2020-09-08T10:25:51.029-0300][gc,heap        ] GC(550)  Metaspace       used 40674K, capacity 42795K, committed 46464K, reserved 1089536K
[2020-09-08T10:25:51.029-0300][gc,heap        ] GC(550)   class space    used 4122K, capacity 4847K, committed 6016K, reserved 1048576K
[2020-09-08T10:25:51.029-0300][gc,start       ] GC(550) Pause Young (Prepare Mixed) (G1 Evacuation Pause)
[2020-09-08T10:25:51.029-0300][gc,task        ] GC(550) Using 4 workers of 4 for evacuation
[2020-09-08T10:25:51.044-0300][gc,phases      ] GC(550)   Pre Evacuate Collection Set: 0.0ms
[2020-09-08T10:25:51.044-0300][gc,phases      ] GC(550)   Evacuate Collection Set: 11.7ms
[2020-09-08T10:25:51.044-0300][gc,phases      ] GC(550)   Post Evacuate Collection Set: 2.2ms
[2020-09-08T10:25:51.044-0300][gc,phases      ] GC(550)   Other: 1.3ms
[2020-09-08T10:25:51.044-0300][gc,heap        ] GC(550) Eden regions: 40->0(2)
[2020-09-08T10:25:51.044-0300][gc,heap        ] GC(550) Survivor regions: 2->3(6)
[2020-09-08T10:25:51.044-0300][gc,heap        ] GC(550) Old regions: 46->46
[2020-09-08T10:25:51.044-0300][gc,heap        ] GC(550) Humongous regions: 4->4
[2020-09-08T10:25:51.044-0300][gc,metaspace   ] GC(550) Metaspace: 40674K->40674K(1089536K)
[2020-09-08T10:25:51.044-0300][gc,heap        ] GC(550) Heap after GC invocations=551 (full 1): garbage-first heap   total 109568K, used 50937K [0x0000000083000000, 0x0000000100000000)
[2020-09-08T10:25:51.044-0300][gc,heap        ] GC(550)   region size 1024K, 3 young (3072K), 3 survivors (3072K)
[2020-09-08T10:25:51.044-0300][gc,heap        ] GC(550)  Metaspace       used 40674K, capacity 42795K, committed 46464K, reserved 1089536K
[2020-09-08T10:25:51.044-0300][gc,heap        ] GC(550)   class space    used 4122K, capacity 4847K, committed 6016K, reserved 1048576K
[2020-09-08T10:25:51.045-0300][gc             ] GC(550) Pause Young (Prepare Mixed) (G1 Evacuation Pause) 89M->49M(107M) 15.435ms
[2020-09-08T10:25:51.045-0300][gc,cpu         ] GC(550) User=0.05s Sys=0.01s Real=0.02s
[2020-09-08T10:25:53.231-0300][gc,heap        ] GC(551) Heap before GC invocations=551 (full 1): garbage-first heap   total 109568K, used 51961K [0x0000000083000000, 0x0000000100000000)
[2020-09-08T10:25:53.231-0300][gc,heap        ] GC(551)   region size 1024K, 5 young (5120K), 3 survivors (3072K)
[2020-09-08T10:25:53.231-0300][gc,heap        ] GC(551)  Metaspace       used 40674K, capacity 42795K, committed 46464K, reserved 1089536K
[2020-09-08T10:25:53.231-0300][gc,heap        ] GC(551)   class space    used 4122K, capacity 4847K, committed 6016K, reserved 1048576K
[2020-09-08T10:25:53.232-0300][gc,start       ] GC(551) Pause Young (Mixed) (G1 Evacuation Pause)
[2020-09-08T10:25:53.232-0300][gc,task        ] GC(551) Using 4 workers of 4 for evacuation
[2020-09-08T10:25:53.253-0300][gc,phases      ] GC(551)   Pre Evacuate Collection Set: 0.1ms
[2020-09-08T10:25:53.253-0300][gc,phases      ] GC(551)   Evacuate Collection Set: 18.7ms
[2020-09-08T10:25:53.253-0300][gc,phases      ] GC(551)   Post Evacuate Collection Set: 1.6ms
[2020-09-08T10:25:53.253-0300][gc,phases      ] GC(551)   Other: 1.3ms
[2020-09-08T10:25:53.253-0300][gc,heap        ] GC(551) Eden regions: 2->0(41)
[2020-09-08T10:25:53.253-0300][gc,heap        ] GC(551) Survivor regions: 3->1(1)
[2020-09-08T10:25:53.253-0300][gc,heap        ] GC(551) Old regions: 46->46
[2020-09-08T10:25:53.253-0300][gc,heap        ] GC(551) Humongous regions: 4->4
[2020-09-08T10:25:53.253-0300][gc,metaspace   ] GC(551) Metaspace: 40674K->40674K(1089536K)
[2020-09-08T10:25:53.253-0300][gc,heap        ] GC(551) Heap after GC invocations=552 (full 1): garbage-first heap   total 109568K, used 48867K [0x0000000083000000, 0x0000000100000000)
[2020-09-08T10:25:53.254-0300][gc,heap        ] GC(551)   region size 1024K, 1 young (1024K), 1 survivors (1024K)
[2020-09-08T10:25:53.254-0300][gc,heap        ] GC(551)  Metaspace       used 40674K, capacity 42795K, committed 46464K, reserved 1089536K
[2020-09-08T10:25:53.254-0300][gc,heap        ] GC(551)   class space    used 4122K, capacity 4847K, committed 6016K, reserved 1048576K
[2020-09-08T10:25:53.254-0300][gc             ] GC(551) Pause Young (Mixed) (G1 Evacuation Pause) 51M->47M(107M) 22.225ms
[2020-09-08T10:25:53.254-0300][gc,cpu         ] GC(551) User=0.08s Sys=0.01s Real=0.02s
[2020-09-08T10:26:32.474-0300][gc,heap        ] GC(552) Heap before GC invocations=552 (full 1): garbage-first heap   total 109568K, used 89827K [0x0000000083000000, 0x0000000100000000)
[2020-09-08T10:26:32.474-0300][gc,heap        ] GC(552)   region size 1024K, 42 young (43008K), 1 survivors (1024K)
[2020-09-08T10:26:32.474-0300][gc,heap        ] GC(552)  Metaspace       used 40674K, capacity 42795K, committed 46464K, reserved 1089536K
[2020-09-08T10:26:32.474-0300][gc,heap        ] GC(552)   class space    used 4122K, capacity 4847K, committed 6016K, reserved 1048576K
[2020-09-08T10:26:32.474-0300][gc,start       ] GC(552) Pause Young (Normal) (G1 Evacuation Pause)
[2020-09-08T10:26:32.474-0300][gc,task        ] GC(552) Using 4 workers of 4 for evacuation
[2020-09-08T10:26:32.488-0300][gc,phases      ] GC(552)   Pre Evacuate Collection Set: 0.0ms
[2020-09-08T10:26:32.488-0300][gc,phases      ] GC(552)   Evacuate Collection Set: 8.7ms
[2020-09-08T10:26:32.488-0300][gc,phases      ] GC(552)   Post Evacuate Collection Set: 3.8ms
[2020-09-08T10:26:32.488-0300][gc,phases      ] GC(552)   Other: 1.2ms
[2020-09-08T10:26:32.488-0300][gc,heap        ] GC(552) Eden regions: 41->0(41)
[2020-09-08T10:26:32.488-0300][gc,heap        ] GC(552) Survivor regions: 1->1(6)
[2020-09-08T10:26:32.488-0300][gc,heap        ] GC(552) Old regions: 46->46
[2020-09-08T10:26:32.488-0300][gc,heap        ] GC(552) Humongous regions: 4->4
[2020-09-08T10:26:32.488-0300][gc,metaspace   ] GC(552) Metaspace: 40674K->40674K(1089536K)
[2020-09-08T10:26:32.488-0300][gc,heap        ] GC(552) Heap after GC invocations=553 (full 1): garbage-first heap   total 109568K, used 49472K [0x0000000083000000, 0x0000000100000000)
[2020-09-08T10:26:32.488-0300][gc,heap        ] GC(552)   region size 1024K, 1 young (1024K), 1 survivors (1024K)
[2020-09-08T10:26:32.488-0300][gc,heap        ] GC(552)  Metaspace       used 40674K, capacity 42795K, committed 46464K, reserved 1089536K
[2020-09-08T10:26:32.488-0300][gc,heap        ] GC(552)   class space    used 4122K, capacity 4847K, committed 6016K, reserved 1048576K
[2020-09-08T10:26:32.488-0300][gc             ] GC(552) Pause Young (Normal) (G1 Evacuation Pause) 88M->48M(107M) 14.048ms
[2020-09-08T10:26:32.489-0300][gc,cpu         ] GC(552) User=0.04s Sys=0.00s Real=0.01s
[2020-09-08T10:27:09.458-0300][gc,heap        ] GC(553) Heap before GC invocations=553 (full 1): garbage-first heap   total 109568K, used 90432K [0x0000000083000000, 0x0000000100000000)
[2020-09-08T10:27:09.458-0300][gc,heap        ] GC(553)   region size 1024K, 42 young (43008K), 1 survivors (1024K)
[2020-09-08T10:27:09.458-0300][gc,heap        ] GC(553)  Metaspace       used 40674K, capacity 42795K, committed 46464K, reserved 1089536K
[2020-09-08T10:27:09.458-0300][gc,heap        ] GC(553)   class space    used 4122K, capacity 4847K, committed 6016K, reserved 1048576K
[2020-09-08T10:27:09.459-0300][gc,start       ] GC(553) Pause Young (Normal) (G1 Evacuation Pause)
[2020-09-08T10:27:09.459-0300][gc,task        ] GC(553) Using 4 workers of 4 for evacuation
[2020-09-08T10:27:09.470-0300][gc,phases      ] GC(553)   Pre Evacuate Collection Set: 0.0ms
[2020-09-08T10:27:09.470-0300][gc,phases      ] GC(553)   Evacuate Collection Set: 7.3ms
[2020-09-08T10:27:09.470-0300][gc,phases      ] GC(553)   Post Evacuate Collection Set: 2.8ms
[2020-09-08T10:27:09.470-0300][gc,phases      ] GC(553)   Other: 1.2ms
[2020-09-08T10:27:09.470-0300][gc,heap        ] GC(553) Eden regions: 41->0(40)
[2020-09-08T10:27:09.470-0300][gc,heap        ] GC(553) Survivor regions: 1->2(6)
[2020-09-08T10:27:09.470-0300][gc,heap        ] GC(553) Old regions: 46->46
[2020-09-08T10:27:09.470-0300][gc,heap        ] GC(553) Humongous regions: 4->4
[2020-09-08T10:27:09.470-0300][gc,metaspace   ] GC(553) Metaspace: 40674K->40674K(1089536K)
[2020-09-08T10:27:09.470-0300][gc,heap        ] GC(553) Heap after GC invocations=554 (full 1): garbage-first heap   total 109568K, used 49836K [0x0000000083000000, 0x0000000100000000)
[2020-09-08T10:27:09.470-0300][gc,heap        ] GC(553)   region size 1024K, 2 young (2048K), 2 survivors (2048K)
[2020-09-08T10:27:09.470-0300][gc,heap        ] GC(553)  Metaspace       used 40674K, capacity 42795K, committed 46464K, reserved 1089536K
[2020-09-08T10:27:09.470-0300][gc,heap        ] GC(553)   class space    used 4122K, capacity 4847K, committed 6016K, reserved 1048576K
[2020-09-08T10:27:09.471-0300][gc             ] GC(553) Pause Young (Normal) (G1 Evacuation Pause) 89M->48M(107M) 11.914ms
[2020-09-08T10:27:09.471-0300][gc,cpu         ] GC(553) User=0.04s Sys=0.00s Real=0.01s
[2020-09-08T10:27:27.923-0300][gc,heap        ] GC(554) Heap before GC invocations=554 (full 1): garbage-first heap   total 109568K, used 89771K [0x0000000083000000, 0x0000000100000000)
[2020-09-08T10:27:27.923-0300][gc,heap        ] GC(554)   region size 1024K, 42 young (43008K), 2 survivors (2048K)
[2020-09-08T10:27:27.923-0300][gc,heap        ] GC(554)  Metaspace       used 40674K, capacity 42795K, committed 46464K, reserved 1089536K
[2020-09-08T10:27:27.923-0300][gc,heap        ] GC(554)   class space    used 4122K, capacity 4847K, committed 6016K, reserved 1048576K
[2020-09-08T10:27:27.923-0300][gc,start       ] GC(554) Pause Young (Concurrent Start) (G1 Evacuation Pause)
[2020-09-08T10:27:27.923-0300][gc,task        ] GC(554) Using 4 workers of 4 for evacuation
[2020-09-08T10:27:27.938-0300][gc,phases      ] GC(554)   Pre Evacuate Collection Set: 0.3ms
[2020-09-08T10:27:27.938-0300][gc,phases      ] GC(554)   Evacuate Collection Set: 11.4ms
[2020-09-08T10:27:27.938-0300][gc,phases      ] GC(554)   Post Evacuate Collection Set: 2.0ms
[2020-09-08T10:27:27.938-0300][gc,phases      ] GC(554)   Other: 1.4ms
[2020-09-08T10:27:27.938-0300][gc,heap        ] GC(554) Eden regions: 40->0(40)
[2020-09-08T10:27:27.938-0300][gc,heap        ] GC(554) Survivor regions: 2->2(6)
[2020-09-08T10:27:27.938-0300][gc,heap        ] GC(554) Old regions: 46->46
[2020-09-08T10:27:27.939-0300][gc,heap        ] GC(554) Humongous regions: 4->4
[2020-09-08T10:27:27.939-0300][gc,metaspace   ] GC(554) Metaspace: 40674K->40674K(1089536K)
[2020-09-08T10:27:27.939-0300][gc,heap        ] GC(554) Heap after GC invocations=555 (full 1): garbage-first heap   total 109568K, used 50499K [0x0000000083000000, 0x0000000100000000)
[2020-09-08T10:27:27.939-0300][gc,heap        ] GC(554)   region size 1024K, 2 young (2048K), 2 survivors (2048K)
[2020-09-08T10:27:27.939-0300][gc,heap        ] GC(554)  Metaspace       used 40674K, capacity 42795K, committed 46464K, reserved 1089536K
[2020-09-08T10:27:27.939-0300][gc,heap        ] GC(554)   class space    used 4122K, capacity 4847K, committed 6016K, reserved 1048576K
[2020-09-08T10:27:27.939-0300][gc             ] GC(554) Pause Young (Concurrent Start) (G1 Evacuation Pause) 88M->49M(107M) 15.453ms
[2020-09-08T10:27:27.939-0300][gc,cpu         ] GC(554) User=0.04s Sys=0.01s Real=0.01s
[2020-09-08T10:27:27.940-0300][gc             ] GC(555) Concurrent Cycle
[2020-09-08T10:27:27.940-0300][gc,marking     ] GC(555) Concurrent Clear Claimed Marks
[2020-09-08T10:27:27.941-0300][gc,marking     ] GC(555) Concurrent Clear Claimed Marks 0.402ms
[2020-09-08T10:27:27.941-0300][gc,marking     ] GC(555) Concurrent Scan Root Regions
[2020-09-08T10:27:27.949-0300][gc,marking     ] GC(555) Concurrent Scan Root Regions 8.413ms
[2020-09-08T10:27:27.950-0300][gc,marking     ] GC(555) Concurrent Mark (3105.423s)
[2020-09-08T10:27:27.950-0300][gc,marking     ] GC(555) Concurrent Mark From Roots
[2020-09-08T10:27:27.950-0300][gc,task        ] GC(555) Using 1 workers of 1 for marking
[2020-09-08T10:27:28.233-0300][gc,marking     ] GC(555) Concurrent Mark From Roots 283.413ms
[2020-09-08T10:27:28.233-0300][gc,marking     ] GC(555) Concurrent Preclean
[2020-09-08T10:27:28.235-0300][gc,marking     ] GC(555) Concurrent Preclean 1.333ms
[2020-09-08T10:27:28.235-0300][gc,marking     ] GC(555) Concurrent Mark (3105.423s, 3105.708s) 285.053ms
[2020-09-08T10:27:28.236-0300][gc,start       ] GC(555) Pause Remark
[2020-09-08T10:27:28.296-0300][gc,stringtable ] GC(555) Cleaned string and symbol table, strings: 23225 processed, 10 removed, symbols: 95050 processed, 0 removed
[2020-09-08T10:27:28.297-0300][gc             ] GC(555) Pause Remark 53M->53M(107M) 60.805ms
[2020-09-08T10:27:28.297-0300][gc,cpu         ] GC(555) User=0.18s Sys=0.00s Real=0.06s
[2020-09-08T10:27:28.298-0300][gc,marking     ] GC(555) Concurrent Rebuild Remembered Sets
[2020-09-08T10:27:28.454-0300][gc,marking     ] GC(555) Concurrent Rebuild Remembered Sets 156.144ms
[2020-09-08T10:27:28.455-0300][gc,start       ] GC(555) Pause Cleanup
[2020-09-08T10:27:28.456-0300][gc             ] GC(555) Pause Cleanup 53M->53M(107M) 0.697ms
[2020-09-08T10:27:28.456-0300][gc,cpu         ] GC(555) User=0.00s Sys=0.00s Real=0.00s
[2020-09-08T10:27:28.457-0300][gc,marking     ] GC(555) Concurrent Cleanup for Next Mark
[2020-09-08T10:27:28.459-0300][gc,marking     ] GC(555) Concurrent Cleanup for Next Mark 1.855ms
[2020-09-08T10:27:28.459-0300][gc             ] GC(555) Concurrent Cycle 518.350ms
[2020-09-08T10:27:36.002-0300][gc,heap        ] GC(556) Heap before GC invocations=556 (full 1): garbage-first heap   total 109568K, used 90435K [0x0000000083000000, 0x0000000100000000)
[2020-09-08T10:27:36.003-0300][gc,heap        ] GC(556)   region size 1024K, 42 young (43008K), 2 survivors (2048K)
[2020-09-08T10:27:36.003-0300][gc,heap        ] GC(556)  Metaspace       used 40625K, capacity 42707K, committed 46464K, reserved 1089536K
[2020-09-08T10:27:36.003-0300][gc,heap        ] GC(556)   class space    used 4096K, capacity 4795K, committed 6016K, reserved 1048576K
[2020-09-08T10:27:36.003-0300][gc,start       ] GC(556) Pause Young (Prepare Mixed) (G1 Evacuation Pause)
[2020-09-08T10:27:36.003-0300][gc,task        ] GC(556) Using 4 workers of 4 for evacuation
[2020-09-08T10:27:36.018-0300][gc,phases      ] GC(556)   Pre Evacuate Collection Set: 0.0ms
[2020-09-08T10:27:36.018-0300][gc,phases      ] GC(556)   Evacuate Collection Set: 12.4ms
[2020-09-08T10:27:36.018-0300][gc,phases      ] GC(556)   Post Evacuate Collection Set: 2.2ms
[2020-09-08T10:27:36.019-0300][gc,phases      ] GC(556)   Other: 1.2ms
[2020-09-08T10:27:36.019-0300][gc,heap        ] GC(556) Eden regions: 40->0(2)
[2020-09-08T10:27:36.019-0300][gc,heap        ] GC(556) Survivor regions: 2->3(6)
[2020-09-08T10:27:36.019-0300][gc,heap        ] GC(556) Old regions: 46->46
[2020-09-08T10:27:36.019-0300][gc,heap        ] GC(556) Humongous regions: 4->4
[2020-09-08T10:27:36.019-0300][gc,metaspace   ] GC(556) Metaspace: 40625K->40625K(1089536K)
[2020-09-08T10:27:36.019-0300][gc,heap        ] GC(556) Heap after GC invocations=557 (full 1): garbage-first heap   total 109568K, used 50785K [0x0000000083000000, 0x0000000100000000)
[2020-09-08T10:27:36.019-0300][gc,heap        ] GC(556)   region size 1024K, 3 young (3072K), 3 survivors (3072K)
[2020-09-08T10:27:36.019-0300][gc,heap        ] GC(556)  Metaspace       used 40625K, capacity 42707K, committed 46464K, reserved 1089536K
[2020-09-08T10:27:36.019-0300][gc,heap        ] GC(556)   class space    used 4096K, capacity 4795K, committed 6016K, reserved 1048576K
[2020-09-08T10:27:36.019-0300][gc             ] GC(556) Pause Young (Prepare Mixed) (G1 Evacuation Pause) 89M->49M(107M) 16.158ms
[2020-09-08T10:27:36.019-0300][gc,cpu         ] GC(556) User=0.05s Sys=0.00s Real=0.01s
[2020-09-08T10:27:36.103-0300][gc,heap        ] GC(557) Heap before GC invocations=557 (full 1): garbage-first heap   total 109568K, used 52833K [0x0000000083000000, 0x0000000100000000)
[2020-09-08T10:27:36.103-0300][gc,heap        ] GC(557)   region size 1024K, 5 young (5120K), 3 survivors (3072K)
[2020-09-08T10:27:36.103-0300][gc,heap        ] GC(557)  Metaspace       used 40626K, capacity 42707K, committed 46464K, reserved 1089536K
[2020-09-08T10:27:36.103-0300][gc,heap        ] GC(557)   class space    used 4096K, capacity 4795K, committed 6016K, reserved 1048576K
[2020-09-08T10:27:36.104-0300][gc,start       ] GC(557) Pause Young (Mixed) (G1 Evacuation Pause)
[2020-09-08T10:27:36.104-0300][gc,task        ] GC(557) Using 4 workers of 4 for evacuation
[2020-09-08T10:27:36.133-0300][gc,phases      ] GC(557)   Pre Evacuate Collection Set: 0.1ms
[2020-09-08T10:27:36.133-0300][gc,phases      ] GC(557)   Evacuate Collection Set: 26.6ms
[2020-09-08T10:27:36.133-0300][gc,phases      ] GC(557)   Post Evacuate Collection Set: 1.6ms
[2020-09-08T10:27:36.133-0300][gc,phases      ] GC(557)   Other: 1.3ms
[2020-09-08T10:27:36.133-0300][gc,heap        ] GC(557) Eden regions: 2->0(41)
[2020-09-08T10:27:36.133-0300][gc,heap        ] GC(557) Survivor regions: 3->1(1)
[2020-09-08T10:27:36.133-0300][gc,heap        ] GC(557) Old regions: 46->45
[2020-09-08T10:27:36.133-0300][gc,heap        ] GC(557) Humongous regions: 4->4
[2020-09-08T10:27:36.133-0300][gc,metaspace   ] GC(557) Metaspace: 40626K->40626K(1089536K)
[2020-09-08T10:27:36.133-0300][gc,heap        ] GC(557) Heap after GC invocations=558 (full 1): garbage-first heap   total 109568K, used 48546K [0x0000000083000000, 0x0000000100000000)
[2020-09-08T10:27:36.133-0300][gc,heap        ] GC(557)   region size 1024K, 1 young (1024K), 1 survivors (1024K)
[2020-09-08T10:27:36.133-0300][gc,heap        ] GC(557)  Metaspace       used 40626K, capacity 42707K, committed 46464K, reserved 1089536K
[2020-09-08T10:27:36.133-0300][gc,heap        ] GC(557)   class space    used 4096K, capacity 4795K, committed 6016K, reserved 1048576K
[2020-09-08T10:27:36.134-0300][gc             ] GC(557) Pause Young (Mixed) (G1 Evacuation Pause) 51M->47M(107M) 29.993ms
[2020-09-08T10:27:36.134-0300][gc,cpu         ] GC(557) User=0.11s Sys=0.01s Real=0.03s
[2020-09-08T10:27:45.630-0300][gc,heap        ] GC(558) Heap before GC invocations=558 (full 1): garbage-first heap   total 109568K, used 89506K [0x0000000083000000, 0x0000000100000000)
[2020-09-08T10:27:45.630-0300][gc,heap        ] GC(558)   region size 1024K, 42 young (43008K), 1 survivors (1024K)
[2020-09-08T10:27:45.630-0300][gc,heap        ] GC(558)  Metaspace       used 40652K, capacity 42707K, committed 46464K, reserved 1089536K
[2020-09-08T10:27:45.630-0300][gc,heap        ] GC(558)   class space    used 4096K, capacity 4795K, committed 6016K, reserved 1048576K
[2020-09-08T10:27:45.630-0300][gc,start       ] GC(558) Pause Young (Normal) (G1 Evacuation Pause)
[2020-09-08T10:27:45.630-0300][gc,task        ] GC(558) Using 4 workers of 4 for evacuation
[2020-09-08T10:27:45.657-0300][gc,phases      ] GC(558)   Pre Evacuate Collection Set: 0.1ms
[2020-09-08T10:27:45.657-0300][gc,phases      ] GC(558)   Evacuate Collection Set: 20.9ms
[2020-09-08T10:27:45.657-0300][gc,phases      ] GC(558)   Post Evacuate Collection Set: 4.7ms
[2020-09-08T10:27:45.657-0300][gc,phases      ] GC(558)   Other: 1.8ms
[2020-09-08T10:27:45.658-0300][gc,heap        ] GC(558) Eden regions: 41->0(42)
[2020-09-08T10:27:45.658-0300][gc,heap        ] GC(558) Survivor regions: 1->1(6)
[2020-09-08T10:27:45.658-0300][gc,heap        ] GC(558) Old regions: 45->45
[2020-09-08T10:27:45.658-0300][gc,heap        ] GC(558) Humongous regions: 4->4
[2020-09-08T10:27:45.658-0300][gc,metaspace   ] GC(558) Metaspace: 40652K->40652K(1089536K)
[2020-09-08T10:27:45.658-0300][gc,heap        ] GC(558) Heap after GC invocations=559 (full 1): garbage-first heap   total 109568K, used 48759K [0x0000000083000000, 0x0000000100000000)
[2020-09-08T10:27:45.658-0300][gc,heap        ] GC(558)   region size 1024K, 1 young (1024K), 1 survivors (1024K)
[2020-09-08T10:27:45.658-0300][gc,heap        ] GC(558)  Metaspace       used 40652K, capacity 42707K, committed 46464K, reserved 1089536K
[2020-09-08T10:27:45.658-0300][gc,heap        ] GC(558)   class space    used 4096K, capacity 4795K, committed 6016K, reserved 1048576K
[2020-09-08T10:27:45.658-0300][gc             ] GC(558) Pause Young (Normal) (G1 Evacuation Pause) 88M->47M(107M) 28.013ms
[2020-09-08T10:27:45.658-0300][gc,cpu         ] GC(558) User=0.09s Sys=0.02s Real=0.03s
[2020-09-08T10:28:10.079-0300][gc,heap        ] GC(559) Heap before GC invocations=559 (full 1): garbage-first heap   total 109568K, used 90743K [0x0000000083000000, 0x0000000100000000)
[2020-09-08T10:28:10.079-0300][gc,heap        ] GC(559)   region size 1024K, 43 young (44032K), 1 survivors (1024K)
[2020-09-08T10:28:10.079-0300][gc,heap        ] GC(559)  Metaspace       used 40655K, capacity 42771K, committed 46464K, reserved 1089536K
[2020-09-08T10:28:10.079-0300][gc,heap        ] GC(559)   class space    used 4096K, capacity 4795K, committed 6016K, reserved 1048576K
[2020-09-08T10:28:10.079-0300][gc,start       ] GC(559) Pause Young (Normal) (G1 Evacuation Pause)
[2020-09-08T10:28:10.079-0300][gc,task        ] GC(559) Using 4 workers of 4 for evacuation
[2020-09-08T10:28:10.092-0300][gc,phases      ] GC(559)   Pre Evacuate Collection Set: 0.0ms
[2020-09-08T10:28:10.092-0300][gc,phases      ] GC(559)   Evacuate Collection Set: 8.7ms
[2020-09-08T10:28:10.092-0300][gc,phases      ] GC(559)   Post Evacuate Collection Set: 2.9ms
[2020-09-08T10:28:10.092-0300][gc,phases      ] GC(559)   Other: 1.2ms
[2020-09-08T10:28:10.092-0300][gc,heap        ] GC(559) Eden regions: 42->0(41)
[2020-09-08T10:28:10.092-0300][gc,heap        ] GC(559) Survivor regions: 1->2(6)
[2020-09-08T10:28:10.092-0300][gc,heap        ] GC(559) Old regions: 45->45
[2020-09-08T10:28:10.092-0300][gc,heap        ] GC(559) Humongous regions: 4->4
[2020-09-08T10:28:10.092-0300][gc,metaspace   ] GC(559) Metaspace: 40655K->40655K(1089536K)
[2020-09-08T10:28:10.092-0300][gc,heap        ] GC(559) Heap after GC invocations=560 (full 1): garbage-first heap   total 109568K, used 49741K [0x0000000083000000, 0x0000000100000000)
[2020-09-08T10:28:10.092-0300][gc,heap        ] GC(559)   region size 1024K, 2 young (2048K), 2 survivors (2048K)
[2020-09-08T10:28:10.092-0300][gc,heap        ] GC(559)  Metaspace       used 40655K, capacity 42771K, committed 46464K, reserved 1089536K
[2020-09-08T10:28:10.092-0300][gc,heap        ] GC(559)   class space    used 4096K, capacity 4795K, committed 6016K, reserved 1048576K
[2020-09-08T10:28:10.092-0300][gc             ] GC(559) Pause Young (Normal) (G1 Evacuation Pause) 89M->48M(107M) 13.261ms
[2020-09-08T10:28:10.093-0300][gc,cpu         ] GC(559) User=0.05s Sys=0.00s Real=0.02s
[2020-09-08T10:28:47.300-0300][gc,heap        ] GC(560) Heap before GC invocations=560 (full 1): garbage-first heap   total 109568K, used 90701K [0x0000000083000000, 0x0000000100000000)
[2020-09-08T10:28:47.301-0300][gc,heap        ] GC(560)   region size 1024K, 43 young (44032K), 2 survivors (2048K)
[2020-09-08T10:28:47.301-0300][gc,heap        ] GC(560)  Metaspace       used 40767K, capacity 42861K, committed 46464K, reserved 1089536K
[2020-09-08T10:28:47.301-0300][gc,heap        ] GC(560)   class space    used 4114K, capacity 4824K, committed 6016K, reserved 1048576K
[2020-09-08T10:28:47.301-0300][gc,start       ] GC(560) Pause Young (Concurrent Start) (G1 Evacuation Pause)
[2020-09-08T10:28:47.301-0300][gc,task        ] GC(560) Using 4 workers of 4 for evacuation
[2020-09-08T10:28:47.315-0300][gc,phases      ] GC(560)   Pre Evacuate Collection Set: 0.2ms
[2020-09-08T10:28:47.315-0300][gc,phases      ] GC(560)   Evacuate Collection Set: 9.7ms
[2020-09-08T10:28:47.315-0300][gc,phases      ] GC(560)   Post Evacuate Collection Set: 3.1ms
[2020-09-08T10:28:47.315-0300][gc,phases      ] GC(560)   Other: 1.3ms
[2020-09-08T10:28:47.315-0300][gc,heap        ] GC(560) Eden regions: 41->0(41)
[2020-09-08T10:28:47.315-0300][gc,heap        ] GC(560) Survivor regions: 2->2(6)
[2020-09-08T10:28:47.315-0300][gc,heap        ] GC(560) Old regions: 45->45
[2020-09-08T10:28:47.315-0300][gc,heap        ] GC(560) Humongous regions: 4->4
[2020-09-08T10:28:47.315-0300][gc,metaspace   ] GC(560) Metaspace: 40767K->40767K(1089536K)
[2020-09-08T10:28:47.315-0300][gc,heap        ] GC(560) Heap after GC invocations=561 (full 1): garbage-first heap   total 109568K, used 50092K [0x0000000083000000, 0x0000000100000000)
[2020-09-08T10:28:47.315-0300][gc,heap        ] GC(560)   region size 1024K, 2 young (2048K), 2 survivors (2048K)
[2020-09-08T10:28:47.316-0300][gc,heap        ] GC(560)  Metaspace       used 40767K, capacity 42861K, committed 46464K, reserved 1089536K
[2020-09-08T10:28:47.316-0300][gc,heap        ] GC(560)   class space    used 4114K, capacity 4824K, committed 6016K, reserved 1048576K
[2020-09-08T10:28:47.316-0300][gc             ] GC(560) Pause Young (Concurrent Start) (G1 Evacuation Pause) 89M->48M(107M) 14.809ms
[2020-09-08T10:28:47.316-0300][gc,cpu         ] GC(560) User=0.05s Sys=0.00s Real=0.01s
[2020-09-08T10:28:47.316-0300][gc             ] GC(561) Concurrent Cycle
[2020-09-08T10:28:47.316-0300][gc,marking     ] GC(561) Concurrent Clear Claimed Marks
[2020-09-08T10:28:47.317-0300][gc,marking     ] GC(561) Concurrent Clear Claimed Marks 0.303ms
[2020-09-08T10:28:47.317-0300][gc,marking     ] GC(561) Concurrent Scan Root Regions
[2020-09-08T10:28:47.325-0300][gc,marking     ] GC(561) Concurrent Scan Root Regions 8.681ms
[2020-09-08T10:28:47.325-0300][gc,marking     ] GC(561) Concurrent Mark (3184.799s)
[2020-09-08T10:28:47.326-0300][gc,marking     ] GC(561) Concurrent Mark From Roots
[2020-09-08T10:28:47.326-0300][gc,task        ] GC(561) Using 1 workers of 1 for marking
[2020-09-08T10:28:47.581-0300][gc,marking     ] GC(561) Concurrent Mark From Roots 255.798ms
[2020-09-08T10:28:47.581-0300][gc,marking     ] GC(561) Concurrent Preclean
[2020-09-08T10:28:47.583-0300][gc,marking     ] GC(561) Concurrent Preclean 1.207ms
[2020-09-08T10:28:47.583-0300][gc,marking     ] GC(561) Concurrent Mark (3184.799s, 3185.057s) 257.621ms
[2020-09-08T10:28:47.585-0300][gc,start       ] GC(561) Pause Remark
[2020-09-08T10:28:47.620-0300][gc,stringtable ] GC(561) Cleaned string and symbol table, strings: 23282 processed, 0 removed, symbols: 95149 processed, 1 removed
[2020-09-08T10:28:47.621-0300][gc             ] GC(561) Pause Remark 49M->49M(107M) 35.517ms
[2020-09-08T10:28:47.621-0300][gc,cpu         ] GC(561) User=0.13s Sys=0.00s Real=0.04s
[2020-09-08T10:28:47.622-0300][gc,marking     ] GC(561) Concurrent Rebuild Remembered Sets
[2020-09-08T10:28:47.776-0300][gc,marking     ] GC(561) Concurrent Rebuild Remembered Sets 153.758ms
[2020-09-08T10:28:47.777-0300][gc,start       ] GC(561) Pause Cleanup
[2020-09-08T10:28:47.778-0300][gc             ] GC(561) Pause Cleanup 50M->50M(107M) 0.496ms
[2020-09-08T10:28:47.778-0300][gc,cpu         ] GC(561) User=0.00s Sys=0.00s Real=0.00s
[2020-09-08T10:28:47.778-0300][gc,marking     ] GC(561) Concurrent Cleanup for Next Mark
[2020-09-08T10:28:47.780-0300][gc,marking     ] GC(561) Concurrent Cleanup for Next Mark 1.150ms
[2020-09-08T10:28:47.780-0300][gc             ] GC(561) Concurrent Cycle 463.605ms
[2020-09-08T10:29:17.590-0300][gc,heap        ] GC(562) Heap before GC invocations=562 (full 1): garbage-first heap   total 109568K, used 91052K [0x0000000083000000, 0x0000000100000000)
[2020-09-08T10:29:17.590-0300][gc,heap        ] GC(562)   region size 1024K, 43 young (44032K), 2 survivors (2048K)
[2020-09-08T10:29:17.590-0300][gc,heap        ] GC(562)  Metaspace       used 40767K, capacity 42861K, committed 46464K, reserved 1089536K
[2020-09-08T10:29:17.590-0300][gc,heap        ] GC(562)   class space    used 4114K, capacity 4824K, committed 6016K, reserved 1048576K
[2020-09-08T10:29:17.590-0300][gc,start       ] GC(562) Pause Young (Prepare Mixed) (G1 Evacuation Pause)
[2020-09-08T10:29:17.590-0300][gc,task        ] GC(562) Using 4 workers of 4 for evacuation
[2020-09-08T10:29:17.606-0300][gc,phases      ] GC(562)   Pre Evacuate Collection Set: 0.0ms
[2020-09-08T10:29:17.607-0300][gc,phases      ] GC(562)   Evacuate Collection Set: 12.3ms
[2020-09-08T10:29:17.607-0300][gc,phases      ] GC(562)   Post Evacuate Collection Set: 2.7ms
[2020-09-08T10:29:17.607-0300][gc,phases      ] GC(562)   Other: 1.3ms
[2020-09-08T10:29:17.607-0300][gc,heap        ] GC(562) Eden regions: 41->0(2)
[2020-09-08T10:29:17.607-0300][gc,heap        ] GC(562) Survivor regions: 2->3(6)
[2020-09-08T10:29:17.607-0300][gc,heap        ] GC(562) Old regions: 45->45
[2020-09-08T10:29:17.607-0300][gc,heap        ] GC(562) Humongous regions: 4->4
[2020-09-08T10:29:17.607-0300][gc,metaspace   ] GC(562) Metaspace: 40767K->40767K(1089536K)
[2020-09-08T10:29:17.607-0300][gc,heap        ] GC(562) Heap after GC invocations=563 (full 1): garbage-first heap   total 109568K, used 50281K [0x0000000083000000, 0x0000000100000000)
[2020-09-08T10:29:17.607-0300][gc,heap        ] GC(562)   region size 1024K, 3 young (3072K), 3 survivors (3072K)
[2020-09-08T10:29:17.607-0300][gc,heap        ] GC(562)  Metaspace       used 40767K, capacity 42861K, committed 46464K, reserved 1089536K
[2020-09-08T10:29:17.607-0300][gc,heap        ] GC(562)   class space    used 4114K, capacity 4824K, committed 6016K, reserved 1048576K
[2020-09-08T10:29:17.607-0300][gc             ] GC(562) Pause Young (Prepare Mixed) (G1 Evacuation Pause) 89M->49M(107M) 16.873ms
[2020-09-08T10:29:17.608-0300][gc,cpu         ] GC(562) User=0.05s Sys=0.00s Real=0.02s
[2020-09-08T10:29:17.711-0300][gc,heap        ] GC(563) Heap before GC invocations=563 (full 1): garbage-first heap   total 109568K, used 52329K [0x0000000083000000, 0x0000000100000000)
[2020-09-08T10:29:17.711-0300][gc,heap        ] GC(563)   region size 1024K, 5 young (5120K), 3 survivors (3072K)
[2020-09-08T10:29:17.711-0300][gc,heap        ] GC(563)  Metaspace       used 40767K, capacity 42861K, committed 46464K, reserved 1089536K
[2020-09-08T10:29:17.711-0300][gc,heap        ] GC(563)   class space    used 4114K, capacity 4824K, committed 6016K, reserved 1048576K
[2020-09-08T10:29:17.711-0300][gc,start       ] GC(563) Pause Young (Mixed) (G1 Evacuation Pause)
[2020-09-08T10:29:17.711-0300][gc,task        ] GC(563) Using 4 workers of 4 for evacuation
[2020-09-08T10:29:17.731-0300][gc,phases      ] GC(563)   Pre Evacuate Collection Set: 0.1ms
[2020-09-08T10:29:17.732-0300][gc,phases      ] GC(563)   Evacuate Collection Set: 15.3ms
[2020-09-08T10:29:17.732-0300][gc,phases      ] GC(563)   Post Evacuate Collection Set: 3.7ms
[2020-09-08T10:29:17.732-0300][gc,phases      ] GC(563)   Other: 1.3ms
[2020-09-08T10:29:17.732-0300][gc,heap        ] GC(563) Eden regions: 2->0(41)
[2020-09-08T10:29:17.732-0300][gc,heap        ] GC(563) Survivor regions: 3->1(1)
[2020-09-08T10:29:17.732-0300][gc,heap        ] GC(563) Old regions: 45->46
[2020-09-08T10:29:17.732-0300][gc,heap        ] GC(563) Humongous regions: 4->4
[2020-09-08T10:29:17.732-0300][gc,metaspace   ] GC(563) Metaspace: 40767K->40767K(1089536K)
[2020-09-08T10:29:17.732-0300][gc,heap        ] GC(563) Heap after GC invocations=564 (full 1): garbage-first heap   total 109568K, used 49381K [0x0000000083000000, 0x0000000100000000)
[2020-09-08T10:29:17.732-0300][gc,heap        ] GC(563)   region size 1024K, 1 young (1024K), 1 survivors (1024K)
[2020-09-08T10:29:17.732-0300][gc,heap        ] GC(563)  Metaspace       used 40767K, capacity 42861K, committed 46464K, reserved 1089536K
[2020-09-08T10:29:17.732-0300][gc,heap        ] GC(563)   class space    used 4114K, capacity 4824K, committed 6016K, reserved 1048576K
[2020-09-08T10:29:17.733-0300][gc             ] GC(563) Pause Young (Mixed) (G1 Evacuation Pause) 51M->48M(107M) 21.099ms
[2020-09-08T10:29:17.733-0300][gc,cpu         ] GC(563) User=0.06s Sys=0.01s Real=0.02s
[2020-09-08T10:29:36.628-0300][gc,heap        ] GC(564) Heap before GC invocations=564 (full 1): garbage-first heap   total 109568K, used 90341K [0x0000000083000000, 0x0000000100000000)
[2020-09-08T10:29:36.628-0300][gc,heap        ] GC(564)   region size 1024K, 42 young (43008K), 1 survivors (1024K)
[2020-09-08T10:29:36.628-0300][gc,heap        ] GC(564)  Metaspace       used 40779K, capacity 42870K, committed 46464K, reserved 1089536K
[2020-09-08T10:29:36.628-0300][gc,heap        ] GC(564)   class space    used 4114K, capacity 4824K, committed 6016K, reserved 1048576K
[2020-09-08T10:29:36.628-0300][gc,start       ] GC(564) Pause Young (Normal) (G1 Evacuation Pause)
[2020-09-08T10:29:36.628-0300][gc,task        ] GC(564) Using 4 workers of 4 for evacuation
[2020-09-08T10:29:36.641-0300][gc,phases      ] GC(564)   Pre Evacuate Collection Set: 0.0ms
[2020-09-08T10:29:36.641-0300][gc,phases      ] GC(564)   Evacuate Collection Set: 10.2ms
[2020-09-08T10:29:36.641-0300][gc,phases      ] GC(564)   Post Evacuate Collection Set: 1.9ms
[2020-09-08T10:29:36.642-0300][gc,phases      ] GC(564)   Other: 1.6ms
[2020-09-08T10:29:36.642-0300][gc,heap        ] GC(564) Eden regions: 41->0(40)
[2020-09-08T10:29:36.642-0300][gc,heap        ] GC(564) Survivor regions: 1->2(6)
[2020-09-08T10:29:36.642-0300][gc,heap        ] GC(564) Old regions: 46->46
[2020-09-08T10:29:36.642-0300][gc,heap        ] GC(564) Humongous regions: 4->4
[2020-09-08T10:29:36.642-0300][gc,metaspace   ] GC(564) Metaspace: 40779K->40779K(1089536K)
[2020-09-08T10:29:36.642-0300][gc,heap        ] GC(564) Heap after GC invocations=565 (full 1): garbage-first heap   total 109568K, used 50545K [0x0000000083000000, 0x0000000100000000)
[2020-09-08T10:29:36.642-0300][gc,heap        ] GC(564)   region size 1024K, 2 young (2048K), 2 survivors (2048K)
[2020-09-08T10:29:36.642-0300][gc,heap        ] GC(564)  Metaspace       used 40779K, capacity 42870K, committed 46464K, reserved 1089536K
[2020-09-08T10:29:36.642-0300][gc,heap        ] GC(564)   class space    used 4114K, capacity 4824K, committed 6016K, reserved 1048576K
[2020-09-08T10:29:36.642-0300][gc             ] GC(564) Pause Young (Normal) (G1 Evacuation Pause) 89M->49M(107M) 13.988ms
[2020-09-08T10:29:36.643-0300][gc,cpu         ] GC(564) User=0.04s Sys=0.00s Real=0.02s
[2020-09-08T10:29:50.800-0300][gc,heap        ] GC(565) Heap before GC invocations=565 (full 1): garbage-first heap   total 109568K, used 90481K [0x0000000083000000, 0x0000000100000000)
[2020-09-08T10:29:50.800-0300][gc,heap        ] GC(565)   region size 1024K, 42 young (43008K), 2 survivors (2048K)
[2020-09-08T10:29:50.800-0300][gc,heap        ] GC(565)  Metaspace       used 40781K, capacity 42870K, committed 46464K, reserved 1089536K
[2020-09-08T10:29:50.800-0300][gc,heap        ] GC(565)   class space    used 4114K, capacity 4824K, committed 6016K, reserved 1048576K
[2020-09-08T10:29:50.800-0300][gc,start       ] GC(565) Pause Young (Normal) (G1 Evacuation Pause)
[2020-09-08T10:29:50.800-0300][gc,task        ] GC(565) Using 4 workers of 4 for evacuation
[2020-09-08T10:29:50.813-0300][gc,phases      ] GC(565)   Pre Evacuate Collection Set: 0.2ms
[2020-09-08T10:29:50.813-0300][gc,phases      ] GC(565)   Evacuate Collection Set: 9.1ms
[2020-09-08T10:29:50.813-0300][gc,phases      ] GC(565)   Post Evacuate Collection Set: 2.0ms
[2020-09-08T10:29:50.813-0300][gc,phases      ] GC(565)   Other: 1.3ms
[2020-09-08T10:29:50.813-0300][gc,heap        ] GC(565) Eden regions: 40->0(40)
[2020-09-08T10:29:50.813-0300][gc,heap        ] GC(565) Survivor regions: 2->2(6)
[2020-09-08T10:29:50.813-0300][gc,heap        ] GC(565) Old regions: 46->46
[2020-09-08T10:29:50.813-0300][gc,heap        ] GC(565) Humongous regions: 4->4
[2020-09-08T10:29:50.813-0300][gc,metaspace   ] GC(565) Metaspace: 40781K->40781K(1089536K)
[2020-09-08T10:29:50.813-0300][gc,heap        ] GC(565) Heap after GC invocations=566 (full 1): garbage-first heap   total 109568K, used 50818K [0x0000000083000000, 0x0000000100000000)
[2020-09-08T10:29:50.813-0300][gc,heap        ] GC(565)   region size 1024K, 2 young (2048K), 2 survivors (2048K)
[2020-09-08T10:29:50.813-0300][gc,heap        ] GC(565)  Metaspace       used 40781K, capacity 42870K, committed 46464K, reserved 1089536K
[2020-09-08T10:29:50.813-0300][gc,heap        ] GC(565)   class space    used 4114K, capacity 4824K, committed 6016K, reserved 1048576K
[2020-09-08T10:29:50.813-0300][gc             ] GC(565) Pause Young (Normal) (G1 Evacuation Pause) 89M->49M(107M) 13.035ms
[2020-09-08T10:29:50.814-0300][gc,cpu         ] GC(565) User=0.04s Sys=0.00s Real=0.02s
[2020-09-08T10:30:06.422-0300][gc,heap        ] GC(566) Heap before GC invocations=566 (full 1): garbage-first heap   total 109568K, used 90754K [0x0000000083000000, 0x0000000100000000)
[2020-09-08T10:30:06.422-0300][gc,heap        ] GC(566)   region size 1024K, 42 young (43008K), 2 survivors (2048K)
[2020-09-08T10:30:06.422-0300][gc,heap        ] GC(566)  Metaspace       used 40781K, capacity 42870K, committed 46464K, reserved 1089536K
[2020-09-08T10:30:06.422-0300][gc,heap        ] GC(566)   class space    used 4114K, capacity 4824K, committed 6016K, reserved 1048576K
[2020-09-08T10:30:06.422-0300][gc,start       ] GC(566) Pause Young (Concurrent Start) (G1 Evacuation Pause)
[2020-09-08T10:30:06.422-0300][gc,task        ] GC(566) Using 4 workers of 4 for evacuation
[2020-09-08T10:30:06.438-0300][gc,phases      ] GC(566)   Pre Evacuate Collection Set: 0.2ms
[2020-09-08T10:30:06.438-0300][gc,phases      ] GC(566)   Evacuate Collection Set: 11.9ms
[2020-09-08T10:30:06.438-0300][gc,phases      ] GC(566)   Post Evacuate Collection Set: 2.8ms
[2020-09-08T10:30:06.439-0300][gc,phases      ] GC(566)   Other: 1.4ms
[2020-09-08T10:30:06.439-0300][gc,heap        ] GC(566) Eden regions: 40->0(39)
[2020-09-08T10:30:06.439-0300][gc,heap        ] GC(566) Survivor regions: 2->3(6)
[2020-09-08T10:30:06.439-0300][gc,heap        ] GC(566) Old regions: 46->46
[2020-09-08T10:30:06.439-0300][gc,heap        ] GC(566) Humongous regions: 4->4
[2020-09-08T10:30:06.439-0300][gc,metaspace   ] GC(566) Metaspace: 40781K->40781K(1089536K)
[2020-09-08T10:30:06.439-0300][gc,heap        ] GC(566) Heap after GC invocations=567 (full 1): garbage-first heap   total 109568K, used 51370K [0x0000000083000000, 0x0000000100000000)
[2020-09-08T10:30:06.439-0300][gc,heap        ] GC(566)   region size 1024K, 3 young (3072K), 3 survivors (3072K)
[2020-09-08T10:30:06.439-0300][gc,heap        ] GC(566)  Metaspace       used 40781K, capacity 42870K, committed 46464K, reserved 1089536K
[2020-09-08T10:30:06.439-0300][gc,heap        ] GC(566)   class space    used 4114K, capacity 4824K, committed 6016K, reserved 1048576K
[2020-09-08T10:30:06.439-0300][gc             ] GC(566) Pause Young (Concurrent Start) (G1 Evacuation Pause) 89M->50M(107M) 16.670ms
[2020-09-08T10:30:06.439-0300][gc,cpu         ] GC(566) User=0.05s Sys=0.00s Real=0.01s
[2020-09-08T10:30:06.439-0300][gc             ] GC(567) Concurrent Cycle
[2020-09-08T10:30:06.440-0300][gc,marking     ] GC(567) Concurrent Clear Claimed Marks
[2020-09-08T10:30:06.440-0300][gc,marking     ] GC(567) Concurrent Clear Claimed Marks 0.338ms
[2020-09-08T10:30:06.440-0300][gc,marking     ] GC(567) Concurrent Scan Root Regions
[2020-09-08T10:30:06.452-0300][gc,marking     ] GC(567) Concurrent Scan Root Regions 12.227ms
[2020-09-08T10:30:06.452-0300][gc,marking     ] GC(567) Concurrent Mark (3263.926s)
[2020-09-08T10:30:06.452-0300][gc,marking     ] GC(567) Concurrent Mark From Roots
[2020-09-08T10:30:06.453-0300][gc,task        ] GC(567) Using 1 workers of 1 for marking
[2020-09-08T10:30:06.700-0300][gc,marking     ] GC(567) Concurrent Mark From Roots 247.972ms
[2020-09-08T10:30:06.701-0300][gc,marking     ] GC(567) Concurrent Preclean
[2020-09-08T10:30:06.702-0300][gc,marking     ] GC(567) Concurrent Preclean 1.036ms
[2020-09-08T10:30:06.702-0300][gc,marking     ] GC(567) Concurrent Mark (3263.926s, 3264.175s) 249.275ms
[2020-09-08T10:30:06.703-0300][gc,start       ] GC(567) Pause Remark
[2020-09-08T10:30:06.748-0300][gc,stringtable ] GC(567) Cleaned string and symbol table, strings: 23282 processed, 1 removed, symbols: 95148 processed, 0 removed
[2020-09-08T10:30:06.750-0300][gc             ] GC(567) Pause Remark 51M->51M(107M) 46.795ms
[2020-09-08T10:30:06.750-0300][gc,cpu         ] GC(567) User=0.17s Sys=0.00s Real=0.04s
[2020-09-08T10:30:06.751-0300][gc,marking     ] GC(567) Concurrent Rebuild Remembered Sets
[2020-09-08T10:30:06.903-0300][gc,marking     ] GC(567) Concurrent Rebuild Remembered Sets 152.886ms
[2020-09-08T10:30:06.905-0300][gc,start       ] GC(567) Pause Cleanup
[2020-09-08T10:30:06.905-0300][gc             ] GC(567) Pause Cleanup 51M->51M(107M) 0.488ms
[2020-09-08T10:30:06.906-0300][gc,cpu         ] GC(567) User=0.00s Sys=0.00s Real=0.00s
[2020-09-08T10:30:06.906-0300][gc,marking     ] GC(567) Concurrent Cleanup for Next Mark
[2020-09-08T10:30:06.907-0300][gc,marking     ] GC(567) Concurrent Cleanup for Next Mark 1.250ms
[2020-09-08T10:30:06.907-0300][gc             ] GC(567) Concurrent Cycle 467.986ms
[2020-09-08T10:30:30.244-0300][gc,heap        ] GC(568) Heap before GC invocations=568 (full 1): garbage-first heap   total 109568K, used 90282K [0x0000000083000000, 0x0000000100000000)
[2020-09-08T10:30:30.244-0300][gc,heap        ] GC(568)   region size 1024K, 42 young (43008K), 3 survivors (3072K)
[2020-09-08T10:30:30.244-0300][gc,heap        ] GC(568)  Metaspace       used 40576K, capacity 42602K, committed 46464K, reserved 1089536K
[2020-09-08T10:30:30.244-0300][gc,heap        ] GC(568)   class space    used 4055K, capacity 4709K, committed 6016K, reserved 1048576K
[2020-09-08T10:30:30.245-0300][gc,start       ] GC(568) Pause Young (Prepare Mixed) (G1 Evacuation Pause)
[2020-09-08T10:30:30.245-0300][gc,task        ] GC(568) Using 4 workers of 4 for evacuation
[2020-09-08T10:30:30.261-0300][gc,phases      ] GC(568)   Pre Evacuate Collection Set: 0.0ms
[2020-09-08T10:30:30.261-0300][gc,phases      ] GC(568)   Evacuate Collection Set: 13.7ms
[2020-09-08T10:30:30.261-0300][gc,phases      ] GC(568)   Post Evacuate Collection Set: 2.1ms
[2020-09-08T10:30:30.262-0300][gc,phases      ] GC(568)   Other: 1.3ms
[2020-09-08T10:30:30.262-0300][gc,heap        ] GC(568) Eden regions: 39->0(2)
[2020-09-08T10:30:30.262-0300][gc,heap        ] GC(568) Survivor regions: 3->3(6)
[2020-09-08T10:30:30.262-0300][gc,heap        ] GC(568) Old regions: 46->46
[2020-09-08T10:30:30.262-0300][gc,heap        ] GC(568) Humongous regions: 4->4
[2020-09-08T10:30:30.262-0300][gc,metaspace   ] GC(568) Metaspace: 40576K->40576K(1089536K)
[2020-09-08T10:30:30.262-0300][gc,heap        ] GC(568) Heap after GC invocations=569 (full 1): garbage-first heap   total 109568K, used 51568K [0x0000000083000000, 0x0000000100000000)
[2020-09-08T10:30:30.262-0300][gc,heap        ] GC(568)   region size 1024K, 3 young (3072K), 3 survivors (3072K)
[2020-09-08T10:30:30.262-0300][gc,heap        ] GC(568)  Metaspace       used 40576K, capacity 42602K, committed 46464K, reserved 1089536K
[2020-09-08T10:30:30.262-0300][gc,heap        ] GC(568)   class space    used 4055K, capacity 4709K, committed 6016K, reserved 1048576K
[2020-09-08T10:30:30.262-0300][gc             ] GC(568) Pause Young (Prepare Mixed) (G1 Evacuation Pause) 89M->50M(107M) 17.492ms
[2020-09-08T10:30:30.262-0300][gc,cpu         ] GC(568) User=0.05s Sys=0.00s Real=0.02s
[2020-09-08T10:30:30.619-0300][gc,heap        ] GC(569) Heap before GC invocations=569 (full 1): garbage-first heap   total 109568K, used 52592K [0x0000000083000000, 0x0000000100000000)
[2020-09-08T10:30:30.619-0300][gc,heap        ] GC(569)   region size 1024K, 5 young (5120K), 3 survivors (3072K)
[2020-09-08T10:30:30.620-0300][gc,heap        ] GC(569)  Metaspace       used 40576K, capacity 42602K, committed 46464K, reserved 1089536K
[2020-09-08T10:30:30.620-0300][gc,heap        ] GC(569)   class space    used 4055K, capacity 4709K, committed 6016K, reserved 1048576K
[2020-09-08T10:30:30.620-0300][gc,start       ] GC(569) Pause Young (Mixed) (G1 Evacuation Pause)
[2020-09-08T10:30:30.620-0300][gc,task        ] GC(569) Using 4 workers of 4 for evacuation
[2020-09-08T10:30:30.646-0300][gc,phases      ] GC(569)   Pre Evacuate Collection Set: 0.1ms
[2020-09-08T10:30:30.646-0300][gc,phases      ] GC(569)   Evacuate Collection Set: 23.7ms
[2020-09-08T10:30:30.646-0300][gc,phases      ] GC(569)   Post Evacuate Collection Set: 1.5ms
[2020-09-08T10:30:30.646-0300][gc,phases      ] GC(569)   Other: 1.3ms
[2020-09-08T10:30:30.646-0300][gc,heap        ] GC(569) Eden regions: 2->0(41)
[2020-09-08T10:30:30.646-0300][gc,heap        ] GC(569) Survivor regions: 3->1(1)
[2020-09-08T10:30:30.646-0300][gc,heap        ] GC(569) Old regions: 46->46
[2020-09-08T10:30:30.646-0300][gc,heap        ] GC(569) Humongous regions: 4->4
[2020-09-08T10:30:30.646-0300][gc,metaspace   ] GC(569) Metaspace: 40576K->40576K(1089536K)
[2020-09-08T10:30:30.646-0300][gc,heap        ] GC(569) Heap after GC invocations=570 (full 1): garbage-first heap   total 109568K, used 49621K [0x0000000083000000, 0x0000000100000000)
[2020-09-08T10:30:30.646-0300][gc,heap        ] GC(569)   region size 1024K, 1 young (1024K), 1 survivors (1024K)
[2020-09-08T10:30:30.647-0300][gc,heap        ] GC(569)  Metaspace       used 40576K, capacity 42602K, committed 46464K, reserved 1089536K
[2020-09-08T10:30:30.647-0300][gc,heap        ] GC(569)   class space    used 4055K, capacity 4709K, committed 6016K, reserved 1048576K
[2020-09-08T10:30:30.647-0300][gc             ] GC(569) Pause Young (Mixed) (G1 Evacuation Pause) 52M->48M(107M) 26.894ms
[2020-09-08T10:30:30.647-0300][gc,cpu         ] GC(569) User=0.09s Sys=0.00s Real=0.03s
[2020-09-08T10:31:07.351-0300][gc,heap        ] GC(570) Heap before GC invocations=570 (full 1): garbage-first heap   total 109568K, used 90581K [0x0000000083000000, 0x0000000100000000)
[2020-09-08T10:31:07.351-0300][gc,heap        ] GC(570)   region size 1024K, 42 young (43008K), 1 survivors (1024K)
[2020-09-08T10:31:07.351-0300][gc,heap        ] GC(570)  Metaspace       used 40576K, capacity 42602K, committed 46464K, reserved 1089536K
[2020-09-08T10:31:07.351-0300][gc,heap        ] GC(570)   class space    used 4055K, capacity 4709K, committed 6016K, reserved 1048576K
[2020-09-08T10:31:07.352-0300][gc,start       ] GC(570) Pause Young (Normal) (G1 Evacuation Pause)
[2020-09-08T10:31:07.352-0300][gc,task        ] GC(570) Using 4 workers of 4 for evacuation
[2020-09-08T10:31:07.364-0300][gc,phases      ] GC(570)   Pre Evacuate Collection Set: 0.0ms
[2020-09-08T10:31:07.364-0300][gc,phases      ] GC(570)   Evacuate Collection Set: 9.3ms
[2020-09-08T10:31:07.364-0300][gc,phases      ] GC(570)   Post Evacuate Collection Set: 2.6ms
[2020-09-08T10:31:07.365-0300][gc,phases      ] GC(570)   Other: 1.2ms
[2020-09-08T10:31:07.365-0300][gc,heap        ] GC(570) Eden regions: 41->0(41)
[2020-09-08T10:31:07.365-0300][gc,heap        ] GC(570) Survivor regions: 1->1(6)
[2020-09-08T10:31:07.365-0300][gc,heap        ] GC(570) Old regions: 46->46
[2020-09-08T10:31:07.365-0300][gc,heap        ] GC(570) Humongous regions: 4->4
[2020-09-08T10:31:07.365-0300][gc,metaspace   ] GC(570) Metaspace: 40576K->40576K(1089536K)
[2020-09-08T10:31:07.365-0300][gc,heap        ] GC(570) Heap after GC invocations=571 (full 1): garbage-first heap   total 109568K, used 50180K [0x0000000083000000, 0x0000000100000000)
[2020-09-08T10:31:07.365-0300][gc,heap        ] GC(570)   region size 1024K, 1 young (1024K), 1 survivors (1024K)
[2020-09-08T10:31:07.365-0300][gc,heap        ] GC(570)  Metaspace       used 40576K, capacity 42602K, committed 46464K, reserved 1089536K
[2020-09-08T10:31:07.365-0300][gc,heap        ] GC(570)   class space    used 4055K, capacity 4709K, committed 6016K, reserved 1048576K
[2020-09-08T10:31:07.365-0300][gc             ] GC(570) Pause Young (Normal) (G1 Evacuation Pause) 89M->49M(107M) 13.530ms
[2020-09-08T10:31:07.365-0300][gc,cpu         ] GC(570) User=0.05s Sys=0.00s Real=0.01s
[2020-09-08T10:31:36.822-0300][gc,heap        ] GC(571) Heap before GC invocations=571 (full 1): garbage-first heap   total 109568K, used 91140K [0x0000000083000000, 0x0000000100000000)
[2020-09-08T10:31:36.822-0300][gc,heap        ] GC(571)   region size 1024K, 42 young (43008K), 1 survivors (1024K)
[2020-09-08T10:31:36.822-0300][gc,heap        ] GC(571)  Metaspace       used 40576K, capacity 42602K, committed 46464K, reserved 1089536K
[2020-09-08T10:31:36.822-0300][gc,heap        ] GC(571)   class space    used 4055K, capacity 4709K, committed 6016K, reserved 1048576K
[2020-09-08T10:31:36.822-0300][gc,start       ] GC(571) Pause Young (Normal) (G1 Evacuation Pause)
[2020-09-08T10:31:36.822-0300][gc,task        ] GC(571) Using 4 workers of 4 for evacuation
[2020-09-08T10:31:36.832-0300][gc,phases      ] GC(571)   Pre Evacuate Collection Set: 0.3ms
[2020-09-08T10:31:36.832-0300][gc,phases      ] GC(571)   Evacuate Collection Set: 6.4ms
[2020-09-08T10:31:36.832-0300][gc,phases      ] GC(571)   Post Evacuate Collection Set: 2.0ms
[2020-09-08T10:31:36.832-0300][gc,phases      ] GC(571)   Other: 1.3ms
[2020-09-08T10:31:36.832-0300][gc,heap        ] GC(571) Eden regions: 41->0(40)
[2020-09-08T10:31:36.832-0300][gc,heap        ] GC(571) Survivor regions: 1->2(6)
[2020-09-08T10:31:36.832-0300][gc,heap        ] GC(571) Old regions: 46->46
[2020-09-08T10:31:36.832-0300][gc,heap        ] GC(571) Humongous regions: 4->4
[2020-09-08T10:31:36.832-0300][gc,metaspace   ] GC(571) Metaspace: 40576K->40576K(1089536K)
[2020-09-08T10:31:36.832-0300][gc,heap        ] GC(571) Heap after GC invocations=572 (full 1): garbage-first heap   total 109568K, used 50275K [0x0000000083000000, 0x0000000100000000)
[2020-09-08T10:31:36.832-0300][gc,heap        ] GC(571)   region size 1024K, 2 young (2048K), 2 survivors (2048K)
[2020-09-08T10:31:36.832-0300][gc,heap        ] GC(571)  Metaspace       used 40576K, capacity 42602K, committed 46464K, reserved 1089536K
[2020-09-08T10:31:36.832-0300][gc,heap        ] GC(571)   class space    used 4055K, capacity 4709K, committed 6016K, reserved 1048576K
[2020-09-08T10:31:36.833-0300][gc             ] GC(571) Pause Young (Normal) (G1 Evacuation Pause) 90M->49M(107M) 10.322ms
[2020-09-08T10:31:36.833-0300][gc,cpu         ] GC(571) User=0.03s Sys=0.00s Real=0.01s
[2020-09-08T10:32:09.332-0300][gc,heap        ] GC(572) Heap before GC invocations=572 (full 1): garbage-first heap   total 109568K, used 90211K [0x0000000083000000, 0x0000000100000000)
[2020-09-08T10:32:09.332-0300][gc,heap        ] GC(572)   region size 1024K, 42 young (43008K), 2 survivors (2048K)
[2020-09-08T10:32:09.332-0300][gc,heap        ] GC(572)  Metaspace       used 40626K, capacity 42678K, committed 46464K, reserved 1089536K
[2020-09-08T10:32:09.332-0300][gc,heap        ] GC(572)   class space    used 4068K, capacity 4734K, committed 6016K, reserved 1048576K
[2020-09-08T10:32:09.332-0300][gc,start       ] GC(572) Pause Young (Normal) (G1 Evacuation Pause)
[2020-09-08T10:32:09.332-0300][gc,task        ] GC(572) Using 4 workers of 4 for evacuation
[2020-09-08T10:32:09.345-0300][gc,phases      ] GC(572)   Pre Evacuate Collection Set: 0.1ms
[2020-09-08T10:32:09.345-0300][gc,phases      ] GC(572)   Evacuate Collection Set: 9.2ms
[2020-09-08T10:32:09.345-0300][gc,phases      ] GC(572)   Post Evacuate Collection Set: 2.8ms
[2020-09-08T10:32:09.345-0300][gc,phases      ] GC(572)   Other: 1.3ms
[2020-09-08T10:32:09.345-0300][gc,heap        ] GC(572) Eden regions: 40->0(40)
[2020-09-08T10:32:09.345-0300][gc,heap        ] GC(572) Survivor regions: 2->2(6)
[2020-09-08T10:32:09.345-0300][gc,heap        ] GC(572) Old regions: 46->46
[2020-09-08T10:32:09.345-0300][gc,heap        ] GC(572) Humongous regions: 4->4
[2020-09-08T10:32:09.345-0300][gc,metaspace   ] GC(572) Metaspace: 40626K->40626K(1089536K)
[2020-09-08T10:32:09.345-0300][gc,heap        ] GC(572) Heap after GC invocations=573 (full 1): garbage-first heap   total 109568K, used 50917K [0x0000000083000000, 0x0000000100000000)
[2020-09-08T10:32:09.345-0300][gc,heap        ] GC(572)   region size 1024K, 2 young (2048K), 2 survivors (2048K)
[2020-09-08T10:32:09.345-0300][gc,heap        ] GC(572)  Metaspace       used 40626K, capacity 42678K, committed 46464K, reserved 1089536K
[2020-09-08T10:32:09.346-0300][gc,heap        ] GC(572)   class space    used 4068K, capacity 4734K, committed 6016K, reserved 1048576K
[2020-09-08T10:32:09.346-0300][gc             ] GC(572) Pause Young (Normal) (G1 Evacuation Pause) 89M->49M(107M) 13.638ms
[2020-09-08T10:32:09.346-0300][gc,cpu         ] GC(572) User=0.03s Sys=0.01s Real=0.01s
[2020-09-08T10:32:36.775-0300][gc,heap        ] GC(573) Heap before GC invocations=573 (full 1): garbage-first heap   total 109568K, used 90853K [0x0000000083000000, 0x0000000100000000)
[2020-09-08T10:32:36.775-0300][gc,heap        ] GC(573)   region size 1024K, 42 young (43008K), 2 survivors (2048K)
[2020-09-08T10:32:36.775-0300][gc,heap        ] GC(573)  Metaspace       used 40626K, capacity 42678K, committed 46464K, reserved 1089536K
[2020-09-08T10:32:36.775-0300][gc,heap        ] GC(573)   class space    used 4068K, capacity 4734K, committed 6016K, reserved 1048576K
[2020-09-08T10:32:36.776-0300][gc,start       ] GC(573) Pause Young (Normal) (G1 Evacuation Pause)
[2020-09-08T10:32:36.776-0300][gc,task        ] GC(573) Using 4 workers of 4 for evacuation
[2020-09-08T10:32:36.788-0300][gc,phases      ] GC(573)   Pre Evacuate Collection Set: 0.0ms
[2020-09-08T10:32:36.789-0300][gc,phases      ] GC(573)   Evacuate Collection Set: 9.4ms
[2020-09-08T10:32:36.789-0300][gc,phases      ] GC(573)   Post Evacuate Collection Set: 2.6ms
[2020-09-08T10:32:36.789-0300][gc,phases      ] GC(573)   Other: 1.3ms
[2020-09-08T10:32:36.789-0300][gc,heap        ] GC(573) Eden regions: 40->0(40)
[2020-09-08T10:32:36.789-0300][gc,heap        ] GC(573) Survivor regions: 2->3(6)
[2020-09-08T10:32:36.789-0300][gc,heap        ] GC(573) Old regions: 46->46
[2020-09-08T10:32:36.789-0300][gc,heap        ] GC(573) Humongous regions: 4->4
[2020-09-08T10:32:36.789-0300][gc,metaspace   ] GC(573) Metaspace: 40626K->40626K(1089536K)
[2020-09-08T10:32:36.789-0300][gc,heap        ] GC(573) Heap after GC invocations=574 (full 1): garbage-first heap   total 109568K, used 51288K [0x0000000083000000, 0x0000000100000000)
[2020-09-08T10:32:36.789-0300][gc,heap        ] GC(573)   region size 1024K, 3 young (3072K), 3 survivors (3072K)
[2020-09-08T10:32:36.789-0300][gc,heap        ] GC(573)  Metaspace       used 40626K, capacity 42678K, committed 46464K, reserved 1089536K
[2020-09-08T10:32:36.789-0300][gc,heap        ] GC(573)   class space    used 4068K, capacity 4734K, committed 6016K, reserved 1048576K
[2020-09-08T10:32:36.789-0300][gc             ] GC(573) Pause Young (Normal) (G1 Evacuation Pause) 89M->50M(107M) 13.638ms
[2020-09-08T10:32:36.789-0300][gc,cpu         ] GC(573) User=0.04s Sys=0.00s Real=0.01s
[2020-09-08T10:33:01.265-0300][gc,heap        ] GC(574) Heap before GC invocations=574 (full 1): garbage-first heap   total 109568K, used 91224K [0x0000000083000000, 0x0000000100000000)
[2020-09-08T10:33:01.266-0300][gc,heap        ] GC(574)   region size 1024K, 43 young (44032K), 3 survivors (3072K)
[2020-09-08T10:33:01.266-0300][gc,heap        ] GC(574)  Metaspace       used 40626K, capacity 42678K, committed 46464K, reserved 1089536K
[2020-09-08T10:33:01.266-0300][gc,heap        ] GC(574)   class space    used 4068K, capacity 4734K, committed 6016K, reserved 1048576K
[2020-09-08T10:33:01.266-0300][gc,start       ] GC(574) Pause Young (Normal) (G1 Evacuation Pause)
[2020-09-08T10:33:01.266-0300][gc,task        ] GC(574) Using 4 workers of 4 for evacuation
[2020-09-08T10:33:01.282-0300][gc,phases      ] GC(574)   Pre Evacuate Collection Set: 0.0ms
[2020-09-08T10:33:01.282-0300][gc,phases      ] GC(574)   Evacuate Collection Set: 12.2ms
[2020-09-08T10:33:01.282-0300][gc,phases      ] GC(574)   Post Evacuate Collection Set: 3.0ms
[2020-09-08T10:33:01.282-0300][gc,phases      ] GC(574)   Other: 1.3ms
[2020-09-08T10:33:01.282-0300][gc,heap        ] GC(574) Eden regions: 40->0(39)
[2020-09-08T10:33:01.282-0300][gc,heap        ] GC(574) Survivor regions: 3->3(6)
[2020-09-08T10:33:01.282-0300][gc,heap        ] GC(574) Old regions: 46->46
[2020-09-08T10:33:01.282-0300][gc,heap        ] GC(574) Humongous regions: 4->4
[2020-09-08T10:33:01.282-0300][gc,metaspace   ] GC(574) Metaspace: 40626K->40626K(1089536K)
[2020-09-08T10:33:01.282-0300][gc,heap        ] GC(574) Heap after GC invocations=575 (full 1): garbage-first heap   total 109568K, used 52044K [0x0000000083000000, 0x0000000100000000)
[2020-09-08T10:33:01.282-0300][gc,heap        ] GC(574)   region size 1024K, 3 young (3072K), 3 survivors (3072K)
[2020-09-08T10:33:01.282-0300][gc,heap        ] GC(574)  Metaspace       used 40626K, capacity 42678K, committed 46464K, reserved 1089536K
[2020-09-08T10:33:01.283-0300][gc,heap        ] GC(574)   class space    used 4068K, capacity 4734K, committed 6016K, reserved 1048576K
[2020-09-08T10:33:01.283-0300][gc             ] GC(574) Pause Young (Normal) (G1 Evacuation Pause) 90M->50M(107M) 16.783ms
[2020-09-08T10:33:01.283-0300][gc,cpu         ] GC(574) User=0.05s Sys=0.00s Real=0.02s
[2020-09-08T10:33:33.549-0300][gc,heap        ] GC(575) Heap before GC invocations=575 (full 1): garbage-first heap   total 109568K, used 90956K [0x0000000083000000, 0x0000000100000000)
[2020-09-08T10:33:33.549-0300][gc,heap        ] GC(575)   region size 1024K, 42 young (43008K), 3 survivors (3072K)
[2020-09-08T10:33:33.549-0300][gc,heap        ] GC(575)  Metaspace       used 40626K, capacity 42678K, committed 46464K, reserved 1089536K
[2020-09-08T10:33:33.549-0300][gc,heap        ] GC(575)   class space    used 4068K, capacity 4734K, committed 6016K, reserved 1048576K
[2020-09-08T10:33:33.549-0300][gc,start       ] GC(575) Pause Young (Normal) (G1 Evacuation Pause)
[2020-09-08T10:33:33.549-0300][gc,task        ] GC(575) Using 4 workers of 4 for evacuation
[2020-09-08T10:33:33.563-0300][gc,phases      ] GC(575)   Pre Evacuate Collection Set: 0.1ms
[2020-09-08T10:33:33.563-0300][gc,phases      ] GC(575)   Evacuate Collection Set: 10.4ms
[2020-09-08T10:33:33.563-0300][gc,phases      ] GC(575)   Post Evacuate Collection Set: 2.3ms
[2020-09-08T10:33:33.563-0300][gc,phases      ] GC(575)   Other: 1.2ms
[2020-09-08T10:33:33.563-0300][gc,heap        ] GC(575) Eden regions: 39->0(39)
[2020-09-08T10:33:33.563-0300][gc,heap        ] GC(575) Survivor regions: 3->3(6)
[2020-09-08T10:33:33.563-0300][gc,heap        ] GC(575) Old regions: 46->46
[2020-09-08T10:33:33.563-0300][gc,heap        ] GC(575) Humongous regions: 4->4
[2020-09-08T10:33:33.563-0300][gc,metaspace   ] GC(575) Metaspace: 40626K->40626K(1089536K)
[2020-09-08T10:33:33.563-0300][gc,heap        ] GC(575) Heap after GC invocations=576 (full 1): garbage-first heap   total 109568K, used 51723K [0x0000000083000000, 0x0000000100000000)
[2020-09-08T10:33:33.563-0300][gc,heap        ] GC(575)   region size 1024K, 3 young (3072K), 3 survivors (3072K)
[2020-09-08T10:33:33.563-0300][gc,heap        ] GC(575)  Metaspace       used 40626K, capacity 42678K, committed 46464K, reserved 1089536K
[2020-09-08T10:33:33.564-0300][gc,heap        ] GC(575)   class space    used 4068K, capacity 4734K, committed 6016K, reserved 1048576K
[2020-09-08T10:33:33.564-0300][gc             ] GC(575) Pause Young (Normal) (G1 Evacuation Pause) 89M->50M(107M) 14.341ms
[2020-09-08T10:33:33.564-0300][gc,cpu         ] GC(575) User=0.05s Sys=0.00s Real=0.02s
[2020-09-08T10:33:57.158-0300][gc,heap        ] GC(576) Heap before GC invocations=576 (full 1): garbage-first heap   total 109568K, used 90635K [0x0000000083000000, 0x0000000100000000)
[2020-09-08T10:33:57.158-0300][gc,heap        ] GC(576)   region size 1024K, 42 young (43008K), 3 survivors (3072K)
[2020-09-08T10:33:57.158-0300][gc,heap        ] GC(576)  Metaspace       used 40626K, capacity 42678K, committed 46464K, reserved 1089536K
[2020-09-08T10:33:57.158-0300][gc,heap        ] GC(576)   class space    used 4068K, capacity 4734K, committed 6016K, reserved 1048576K
[2020-09-08T10:33:57.158-0300][gc,start       ] GC(576) Pause Young (Normal) (G1 Evacuation Pause)
[2020-09-08T10:33:57.158-0300][gc,task        ] GC(576) Using 4 workers of 4 for evacuation
[2020-09-08T10:33:57.175-0300][gc,phases      ] GC(576)   Pre Evacuate Collection Set: 0.1ms
[2020-09-08T10:33:57.175-0300][gc,phases      ] GC(576)   Evacuate Collection Set: 13.3ms
[2020-09-08T10:33:57.175-0300][gc,phases      ] GC(576)   Post Evacuate Collection Set: 2.1ms
[2020-09-08T10:33:57.175-0300][gc,phases      ] GC(576)   Other: 1.4ms
[2020-09-08T10:33:57.175-0300][gc,heap        ] GC(576) Eden regions: 39->0(38)
[2020-09-08T10:33:57.175-0300][gc,heap        ] GC(576) Survivor regions: 3->4(6)
[2020-09-08T10:33:57.175-0300][gc,heap        ] GC(576) Old regions: 46->46
[2020-09-08T10:33:57.175-0300][gc,heap        ] GC(576) Humongous regions: 4->4
[2020-09-08T10:33:57.175-0300][gc,metaspace   ] GC(576) Metaspace: 40626K->40626K(1089536K)
[2020-09-08T10:33:57.175-0300][gc,heap        ] GC(576) Heap after GC invocations=577 (full 1): garbage-first heap   total 109568K, used 52470K [0x0000000083000000, 0x0000000100000000)
[2020-09-08T10:33:57.175-0300][gc,heap        ] GC(576)   region size 1024K, 4 young (4096K), 4 survivors (4096K)
[2020-09-08T10:33:57.175-0300][gc,heap        ] GC(576)  Metaspace       used 40626K, capacity 42678K, committed 46464K, reserved 1089536K
[2020-09-08T10:33:57.176-0300][gc,heap        ] GC(576)   class space    used 4068K, capacity 4734K, committed 6016K, reserved 1048576K
[2020-09-08T10:33:57.176-0300][gc             ] GC(576) Pause Young (Normal) (G1 Evacuation Pause) 89M->51M(107M) 17.364ms
[2020-09-08T10:33:57.176-0300][gc,cpu         ] GC(576) User=0.05s Sys=0.00s Real=0.02s
[2020-09-08T10:34:14.700-0300][gc,heap        ] GC(577) Heap before GC invocations=577 (full 1): garbage-first heap   total 109568K, used 90358K [0x0000000083000000, 0x0000000100000000)
[2020-09-08T10:34:14.700-0300][gc,heap        ] GC(577)   region size 1024K, 42 young (43008K), 4 survivors (4096K)
[2020-09-08T10:34:14.700-0300][gc,heap        ] GC(577)  Metaspace       used 40626K, capacity 42678K, committed 46464K, reserved 1089536K
[2020-09-08T10:34:14.700-0300][gc,heap        ] GC(577)   class space    used 4068K, capacity 4734K, committed 6016K, reserved 1048576K
[2020-09-08T10:34:14.700-0300][gc,start       ] GC(577) Pause Young (Normal) (G1 Evacuation Pause)
[2020-09-08T10:34:14.700-0300][gc,task        ] GC(577) Using 4 workers of 4 for evacuation
[2020-09-08T10:34:14.717-0300][gc,phases      ] GC(577)   Pre Evacuate Collection Set: 0.0ms
[2020-09-08T10:34:14.717-0300][gc,phases      ] GC(577)   Evacuate Collection Set: 13.4ms
[2020-09-08T10:34:14.717-0300][gc,phases      ] GC(577)   Post Evacuate Collection Set: 2.7ms
[2020-09-08T10:34:14.717-0300][gc,phases      ] GC(577)   Other: 1.3ms
[2020-09-08T10:34:14.717-0300][gc,heap        ] GC(577) Eden regions: 38->0(38)
[2020-09-08T10:34:14.717-0300][gc,heap        ] GC(577) Survivor regions: 4->4(6)
[2020-09-08T10:34:14.717-0300][gc,heap        ] GC(577) Old regions: 46->46
[2020-09-08T10:34:14.717-0300][gc,heap        ] GC(577) Humongous regions: 4->4
[2020-09-08T10:34:14.718-0300][gc,metaspace   ] GC(577) Metaspace: 40626K->40626K(1089536K)
[2020-09-08T10:34:14.718-0300][gc,heap        ] GC(577) Heap after GC invocations=578 (full 1): garbage-first heap   total 109568K, used 52812K [0x0000000083000000, 0x0000000100000000)
[2020-09-08T10:34:14.718-0300][gc,heap        ] GC(577)   region size 1024K, 4 young (4096K), 4 survivors (4096K)
[2020-09-08T10:34:14.718-0300][gc,heap        ] GC(577)  Metaspace       used 40626K, capacity 42678K, committed 46464K, reserved 1089536K
[2020-09-08T10:34:14.718-0300][gc,heap        ] GC(577)   class space    used 4068K, capacity 4734K, committed 6016K, reserved 1048576K
[2020-09-08T10:34:14.718-0300][gc             ] GC(577) Pause Young (Normal) (G1 Evacuation Pause) 89M->51M(107M) 17.717ms
[2020-09-08T10:34:14.718-0300][gc,cpu         ] GC(577) User=0.06s Sys=0.01s Real=0.02s
[2020-09-08T10:34:43.796-0300][gc,heap        ] GC(578) Heap before GC invocations=578 (full 1): garbage-first heap   total 109568K, used 90700K [0x0000000083000000, 0x0000000100000000)
[2020-09-08T10:34:43.796-0300][gc,heap        ] GC(578)   region size 1024K, 42 young (43008K), 4 survivors (4096K)
[2020-09-08T10:34:43.796-0300][gc,heap        ] GC(578)  Metaspace       used 40626K, capacity 42678K, committed 46464K, reserved 1089536K
[2020-09-08T10:34:43.796-0300][gc,heap        ] GC(578)   class space    used 4068K, capacity 4734K, committed 6016K, reserved 1048576K
[2020-09-08T10:34:43.796-0300][gc,start       ] GC(578) Pause Young (Normal) (G1 Evacuation Pause)
[2020-09-08T10:34:43.796-0300][gc,task        ] GC(578) Using 4 workers of 4 for evacuation
[2020-09-08T10:34:43.814-0300][gc,phases      ] GC(578)   Pre Evacuate Collection Set: 0.0ms
[2020-09-08T10:34:43.815-0300][gc,phases      ] GC(578)   Evacuate Collection Set: 14.7ms
[2020-09-08T10:34:43.815-0300][gc,phases      ] GC(578)   Post Evacuate Collection Set: 2.3ms
[2020-09-08T10:34:43.815-0300][gc,phases      ] GC(578)   Other: 1.3ms
[2020-09-08T10:34:43.815-0300][gc,heap        ] GC(578) Eden regions: 38->0(37)
[2020-09-08T10:34:43.815-0300][gc,heap        ] GC(578) Survivor regions: 4->4(6)
[2020-09-08T10:34:43.815-0300][gc,heap        ] GC(578) Old regions: 46->47
[2020-09-08T10:34:43.815-0300][gc,heap        ] GC(578) Humongous regions: 4->4
[2020-09-08T10:34:43.815-0300][gc,metaspace   ] GC(578) Metaspace: 40626K->40626K(1089536K)
[2020-09-08T10:34:43.815-0300][gc,heap        ] GC(578) Heap after GC invocations=579 (full 1): garbage-first heap   total 109568K, used 53086K [0x0000000083000000, 0x0000000100000000)
[2020-09-08T10:34:43.815-0300][gc,heap        ] GC(578)   region size 1024K, 4 young (4096K), 4 survivors (4096K)
[2020-09-08T10:34:43.815-0300][gc,heap        ] GC(578)  Metaspace       used 40626K, capacity 42678K, committed 46464K, reserved 1089536K
[2020-09-08T10:34:43.815-0300][gc,heap        ] GC(578)   class space    used 4068K, capacity 4734K, committed 6016K, reserved 1048576K
[2020-09-08T10:34:43.816-0300][gc             ] GC(578) Pause Young (Normal) (G1 Evacuation Pause) 89M->51M(107M) 19.174ms
[2020-09-08T10:34:43.816-0300][gc,cpu         ] GC(578) User=0.06s Sys=0.01s Real=0.02s
[2020-09-08T10:34:52.069-0300][gc,heap        ] GC(579) Heap before GC invocations=579 (full 1): garbage-first heap   total 109568K, used 89950K [0x0000000083000000, 0x0000000100000000)
[2020-09-08T10:34:52.069-0300][gc,heap        ] GC(579)   region size 1024K, 41 young (41984K), 4 survivors (4096K)
[2020-09-08T10:34:52.069-0300][gc,heap        ] GC(579)  Metaspace       used 40634K, capacity 42678K, committed 46464K, reserved 1089536K
[2020-09-08T10:34:52.069-0300][gc,heap        ] GC(579)   class space    used 4069K, capacity 4734K, committed 6016K, reserved 1048576K
[2020-09-08T10:34:52.069-0300][gc,start       ] GC(579) Pause Young (Normal) (G1 Evacuation Pause)
[2020-09-08T10:34:52.069-0300][gc,task        ] GC(579) Using 4 workers of 4 for evacuation
[2020-09-08T10:34:52.097-0300][gc,phases      ] GC(579)   Pre Evacuate Collection Set: 0.0ms
[2020-09-08T10:34:52.097-0300][gc,phases      ] GC(579)   Evacuate Collection Set: 23.9ms
[2020-09-08T10:34:52.097-0300][gc,phases      ] GC(579)   Post Evacuate Collection Set: 2.8ms
[2020-09-08T10:34:52.098-0300][gc,phases      ] GC(579)   Other: 1.5ms
[2020-09-08T10:34:52.098-0300][gc,heap        ] GC(579) Eden regions: 37->0(35)
[2020-09-08T10:34:52.098-0300][gc,heap        ] GC(579) Survivor regions: 4->5(6)
[2020-09-08T10:34:52.098-0300][gc,heap        ] GC(579) Old regions: 47->47
[2020-09-08T10:34:52.098-0300][gc,heap        ] GC(579) Humongous regions: 4->4
[2020-09-08T10:34:52.098-0300][gc,metaspace   ] GC(579) Metaspace: 40634K->40634K(1089536K)
[2020-09-08T10:34:52.098-0300][gc,heap        ] GC(579) Heap after GC invocations=580 (full 1): garbage-first heap   total 109568K, used 54047K [0x0000000083000000, 0x0000000100000000)
[2020-09-08T10:34:52.098-0300][gc,heap        ] GC(579)   region size 1024K, 5 young (5120K), 5 survivors (5120K)
[2020-09-08T10:34:52.098-0300][gc,heap        ] GC(579)  Metaspace       used 40634K, capacity 42678K, committed 46464K, reserved 1089536K
[2020-09-08T10:34:52.098-0300][gc,heap        ] GC(579)   class space    used 4069K, capacity 4734K, committed 6016K, reserved 1048576K
[2020-09-08T10:34:52.098-0300][gc             ] GC(579) Pause Young (Normal) (G1 Evacuation Pause) 88M->52M(107M) 28.644ms
[2020-09-08T10:34:52.099-0300][gc,cpu         ] GC(579) User=0.10s Sys=0.01s Real=0.03s
[2020-09-08T10:34:56.095-0300][gc,heap        ] GC(580) Heap before GC invocations=580 (full 1): garbage-first heap   total 109568K, used 88863K [0x0000000083000000, 0x0000000100000000)
[2020-09-08T10:34:56.095-0300][gc,heap        ] GC(580)   region size 1024K, 40 young (40960K), 5 survivors (5120K)
[2020-09-08T10:34:56.095-0300][gc,heap        ] GC(580)  Metaspace       used 40636K, capacity 42678K, committed 46464K, reserved 1089536K
[2020-09-08T10:34:56.095-0300][gc,heap        ] GC(580)   class space    used 4069K, capacity 4734K, committed 6016K, reserved 1048576K
[2020-09-08T10:34:56.096-0300][gc,start       ] GC(580) Pause Young (Normal) (G1 Evacuation Pause)
[2020-09-08T10:34:56.096-0300][gc,task        ] GC(580) Using 4 workers of 4 for evacuation
[2020-09-08T10:34:56.122-0300][gc,phases      ] GC(580)   Pre Evacuate Collection Set: 0.0ms
[2020-09-08T10:34:56.122-0300][gc,phases      ] GC(580)   Evacuate Collection Set: 23.0ms
[2020-09-08T10:34:56.123-0300][gc,phases      ] GC(580)   Post Evacuate Collection Set: 2.0ms
[2020-09-08T10:34:56.123-0300][gc,phases      ] GC(580)   Other: 2.2ms
[2020-09-08T10:34:56.123-0300][gc,heap        ] GC(580) Eden regions: 35->0(34)
[2020-09-08T10:34:56.123-0300][gc,heap        ] GC(580) Survivor regions: 5->5(5)
[2020-09-08T10:34:56.123-0300][gc,heap        ] GC(580) Old regions: 47->48
[2020-09-08T10:34:56.123-0300][gc,heap        ] GC(580) Humongous regions: 4->4
[2020-09-08T10:34:56.123-0300][gc,metaspace   ] GC(580) Metaspace: 40636K->40636K(1089536K)
[2020-09-08T10:34:56.123-0300][gc,heap        ] GC(580) Heap after GC invocations=581 (full 1): garbage-first heap   total 109568K, used 56378K [0x0000000083000000, 0x0000000100000000)
[2020-09-08T10:34:56.123-0300][gc,heap        ] GC(580)   region size 1024K, 5 young (5120K), 5 survivors (5120K)
[2020-09-08T10:34:56.123-0300][gc,heap        ] GC(580)  Metaspace       used 40636K, capacity 42678K, committed 46464K, reserved 1089536K
[2020-09-08T10:34:56.123-0300][gc,heap        ] GC(580)   class space    used 4069K, capacity 4734K, committed 6016K, reserved 1048576K
[2020-09-08T10:34:56.123-0300][gc             ] GC(580) Pause Young (Normal) (G1 Evacuation Pause) 87M->55M(107M) 27.420ms
[2020-09-08T10:34:56.123-0300][gc,cpu         ] GC(580) User=0.09s Sys=0.01s Real=0.03s
[2020-09-08T10:34:59.852-0300][gc,heap        ] GC(581) Heap before GC invocations=581 (full 1): garbage-first heap   total 109568K, used 90170K [0x0000000083000000, 0x0000000100000000)
[2020-09-08T10:34:59.852-0300][gc,heap        ] GC(581)   region size 1024K, 39 young (39936K), 5 survivors (5120K)
[2020-09-08T10:34:59.852-0300][gc,heap        ] GC(581)  Metaspace       used 40636K, capacity 42678K, committed 46464K, reserved 1089536K
[2020-09-08T10:34:59.852-0300][gc,heap        ] GC(581)   class space    used 4069K, capacity 4734K, committed 6016K, reserved 1048576K
[2020-09-08T10:34:59.853-0300][gc,start       ] GC(581) Pause Young (Normal) (G1 Evacuation Pause)
[2020-09-08T10:34:59.853-0300][gc,task        ] GC(581) Using 4 workers of 4 for evacuation
[2020-09-08T10:34:59.874-0300][gc,phases      ] GC(581)   Pre Evacuate Collection Set: 0.0ms
[2020-09-08T10:34:59.874-0300][gc,phases      ] GC(581)   Evacuate Collection Set: 18.7ms
[2020-09-08T10:34:59.875-0300][gc,phases      ] GC(581)   Post Evacuate Collection Set: 1.7ms
[2020-09-08T10:34:59.875-0300][gc,phases      ] GC(581)   Other: 1.8ms
[2020-09-08T10:34:59.875-0300][gc,heap        ] GC(581) Eden regions: 34->0(33)
[2020-09-08T10:34:59.875-0300][gc,heap        ] GC(581) Survivor regions: 5->4(5)
[2020-09-08T10:34:59.875-0300][gc,heap        ] GC(581) Old regions: 48->50
[2020-09-08T10:34:59.875-0300][gc,heap        ] GC(581) Humongous regions: 4->4
[2020-09-08T10:34:59.875-0300][gc,metaspace   ] GC(581) Metaspace: 40636K->40636K(1089536K)
[2020-09-08T10:34:59.875-0300][gc,heap        ] GC(581) Heap after GC invocations=582 (full 1): garbage-first heap   total 109568K, used 56872K [0x0000000083000000, 0x0000000100000000)
[2020-09-08T10:34:59.875-0300][gc,heap        ] GC(581)   region size 1024K, 4 young (4096K), 4 survivors (4096K)
[2020-09-08T10:34:59.875-0300][gc,heap        ] GC(581)  Metaspace       used 40636K, capacity 42678K, committed 46464K, reserved 1089536K
[2020-09-08T10:34:59.875-0300][gc,heap        ] GC(581)   class space    used 4069K, capacity 4734K, committed 6016K, reserved 1048576K
[2020-09-08T10:34:59.875-0300][gc             ] GC(581) Pause Young (Normal) (G1 Evacuation Pause) 89M->55M(107M) 22.635ms
[2020-09-08T10:34:59.876-0300][gc,cpu         ] GC(581) User=0.08s Sys=0.00s Real=0.02s
[2020-09-08T10:35:04.724-0300][gc,heap        ] GC(582) Heap before GC invocations=582 (full 1): garbage-first heap   total 109568K, used 89640K [0x0000000083000000, 0x0000000100000000)
[2020-09-08T10:35:04.724-0300][gc,heap        ] GC(582)   region size 1024K, 37 young (37888K), 4 survivors (4096K)
[2020-09-08T10:35:04.724-0300][gc,heap        ] GC(582)  Metaspace       used 40636K, capacity 42678K, committed 46464K, reserved 1089536K
[2020-09-08T10:35:04.724-0300][gc,heap        ] GC(582)   class space    used 4069K, capacity 4734K, committed 6016K, reserved 1048576K
[2020-09-08T10:35:04.725-0300][gc,start       ] GC(582) Pause Young (Normal) (G1 Evacuation Pause)
[2020-09-08T10:35:04.725-0300][gc,task        ] GC(582) Using 4 workers of 4 for evacuation
[2020-09-08T10:35:04.757-0300][gc,phases      ] GC(582)   Pre Evacuate Collection Set: 0.0ms
[2020-09-08T10:35:04.757-0300][gc,phases      ] GC(582)   Evacuate Collection Set: 27.2ms
[2020-09-08T10:35:04.757-0300][gc,phases      ] GC(582)   Post Evacuate Collection Set: 3.3ms
[2020-09-08T10:35:04.758-0300][gc,phases      ] GC(582)   Other: 2.9ms
[2020-09-08T10:35:04.758-0300][gc,heap        ] GC(582) Eden regions: 33->0(31)
[2020-09-08T10:35:04.758-0300][gc,heap        ] GC(582) Survivor regions: 4->4(5)
[2020-09-08T10:35:04.758-0300][gc,heap        ] GC(582) Old regions: 50->52
[2020-09-08T10:35:04.758-0300][gc,heap        ] GC(582) Humongous regions: 4->4
[2020-09-08T10:35:04.758-0300][gc,metaspace   ] GC(582) Metaspace: 40636K->40636K(1089536K)
[2020-09-08T10:35:04.758-0300][gc,heap        ] GC(582) Heap after GC invocations=583 (full 1): garbage-first heap   total 109568K, used 58669K [0x0000000083000000, 0x0000000100000000)
[2020-09-08T10:35:04.758-0300][gc,heap        ] GC(582)   region size 1024K, 4 young (4096K), 4 survivors (4096K)
[2020-09-08T10:35:04.758-0300][gc,heap        ] GC(582)  Metaspace       used 40636K, capacity 42678K, committed 46464K, reserved 1089536K
[2020-09-08T10:35:04.758-0300][gc,heap        ] GC(582)   class space    used 4069K, capacity 4734K, committed 6016K, reserved 1048576K
[2020-09-08T10:35:04.758-0300][gc             ] GC(582) Pause Young (Normal) (G1 Evacuation Pause) 88M->57M(107M) 33.733ms
[2020-09-08T10:35:04.759-0300][gc,cpu         ] GC(582) User=0.10s Sys=0.01s Real=0.03s
[2020-09-08T10:35:07.710-0300][gc,heap        ] GC(583) Heap before GC invocations=583 (full 1): garbage-first heap   total 109568K, used 89389K [0x0000000083000000, 0x0000000100000000)
[2020-09-08T10:35:07.711-0300][gc,heap        ] GC(583)   region size 1024K, 35 young (35840K), 4 survivors (4096K)
[2020-09-08T10:35:07.711-0300][gc,heap        ] GC(583)  Metaspace       used 40663K, capacity 42717K, committed 46464K, reserved 1089536K
[2020-09-08T10:35:07.711-0300][gc,heap        ] GC(583)   class space    used 4075K, capacity 4746K, committed 6016K, reserved 1048576K
[2020-09-08T10:35:07.711-0300][gc,start       ] GC(583) Pause Young (Normal) (G1 Evacuation Pause)
[2020-09-08T10:35:07.711-0300][gc,task        ] GC(583) Using 4 workers of 4 for evacuation
[2020-09-08T10:35:07.734-0300][gc,phases      ] GC(583)   Pre Evacuate Collection Set: 0.0ms
[2020-09-08T10:35:07.735-0300][gc,phases      ] GC(583)   Evacuate Collection Set: 20.1ms
[2020-09-08T10:35:07.735-0300][gc,phases      ] GC(583)   Post Evacuate Collection Set: 1.9ms
[2020-09-08T10:35:07.735-0300][gc,phases      ] GC(583)   Other: 2.0ms
[2020-09-08T10:35:07.735-0300][gc,heap        ] GC(583) Eden regions: 31->0(30)
[2020-09-08T10:35:07.735-0300][gc,heap        ] GC(583) Survivor regions: 4->4(5)
[2020-09-08T10:35:07.735-0300][gc,heap        ] GC(583) Old regions: 52->53
[2020-09-08T10:35:07.735-0300][gc,heap        ] GC(583) Humongous regions: 4->4
[2020-09-08T10:35:07.735-0300][gc,metaspace   ] GC(583) Metaspace: 40663K->40663K(1089536K)
[2020-09-08T10:35:07.735-0300][gc,heap        ] GC(583) Heap after GC invocations=584 (full 1): garbage-first heap   total 109568K, used 60398K [0x0000000083000000, 0x0000000100000000)
[2020-09-08T10:35:07.735-0300][gc,heap        ] GC(583)   region size 1024K, 4 young (4096K), 4 survivors (4096K)
[2020-09-08T10:35:07.735-0300][gc,heap        ] GC(583)  Metaspace       used 40663K, capacity 42717K, committed 46464K, reserved 1089536K
[2020-09-08T10:35:07.735-0300][gc,heap        ] GC(583)   class space    used 4075K, capacity 4746K, committed 6016K, reserved 1048576K
[2020-09-08T10:35:07.735-0300][gc             ] GC(583) Pause Young (Normal) (G1 Evacuation Pause) 88M->58M(107M) 24.251ms
[2020-09-08T10:35:07.736-0300][gc,cpu         ] GC(583) User=0.08s Sys=0.01s Real=0.02s
[2020-09-08T10:35:11.843-0300][gc,heap        ] GC(584) Heap before GC invocations=584 (full 1): garbage-first heap   total 109568K, used 90094K [0x0000000083000000, 0x0000000100000000)
[2020-09-08T10:35:11.843-0300][gc,heap        ] GC(584)   region size 1024K, 34 young (34816K), 4 survivors (4096K)
[2020-09-08T10:35:11.843-0300][gc,heap        ] GC(584)  Metaspace       used 40663K, capacity 42717K, committed 46464K, reserved 1089536K
[2020-09-08T10:35:11.843-0300][gc,heap        ] GC(584)   class space    used 4075K, capacity 4746K, committed 6016K, reserved 1048576K
[2020-09-08T10:35:11.843-0300][gc,start       ] GC(584) Pause Young (Normal) (G1 Evacuation Pause)
[2020-09-08T10:35:11.843-0300][gc,task        ] GC(584) Using 4 workers of 4 for evacuation
[2020-09-08T10:35:11.865-0300][gc,phases      ] GC(584)   Pre Evacuate Collection Set: 0.0ms
[2020-09-08T10:35:11.865-0300][gc,phases      ] GC(584)   Evacuate Collection Set: 18.3ms
[2020-09-08T10:35:11.865-0300][gc,phases      ] GC(584)   Post Evacuate Collection Set: 2.3ms
[2020-09-08T10:35:11.866-0300][gc,phases      ] GC(584)   Other: 2.1ms
[2020-09-08T10:35:11.866-0300][gc,heap        ] GC(584) Eden regions: 30->0(30)
[2020-09-08T10:35:11.866-0300][gc,heap        ] GC(584) Survivor regions: 4->2(5)
[2020-09-08T10:35:11.866-0300][gc,heap        ] GC(584) Old regions: 53->55
[2020-09-08T10:35:11.866-0300][gc,heap        ] GC(584) Humongous regions: 4->4
[2020-09-08T10:35:11.866-0300][gc,metaspace   ] GC(584) Metaspace: 40663K->40663K(1089536K)
[2020-09-08T10:35:11.866-0300][gc,heap        ] GC(584) Heap after GC invocations=585 (full 1): garbage-first heap   total 109568K, used 60041K [0x0000000083000000, 0x0000000100000000)
[2020-09-08T10:35:11.866-0300][gc,heap        ] GC(584)   region size 1024K, 2 young (2048K), 2 survivors (2048K)
[2020-09-08T10:35:11.866-0300][gc,heap        ] GC(584)  Metaspace       used 40663K, capacity 42717K, committed 46464K, reserved 1089536K
[2020-09-08T10:35:11.866-0300][gc,heap        ] GC(584)   class space    used 4075K, capacity 4746K, committed 6016K, reserved 1048576K
[2020-09-08T10:35:11.866-0300][gc             ] GC(584) Pause Young (Normal) (G1 Evacuation Pause) 88M->58M(107M) 23.016ms
[2020-09-08T10:35:11.867-0300][gc,cpu         ] GC(584) User=0.06s Sys=0.02s Real=0.02s
[2020-09-08T10:35:22.864-0300][gc,heap        ] GC(585) Heap before GC invocations=585 (full 1): garbage-first heap   total 109568K, used 89737K [0x0000000083000000, 0x0000000100000000)
[2020-09-08T10:35:22.864-0300][gc,heap        ] GC(585)   region size 1024K, 32 young (32768K), 2 survivors (2048K)
[2020-09-08T10:35:22.864-0300][gc,heap        ] GC(585)  Metaspace       used 40663K, capacity 42717K, committed 46464K, reserved 1089536K
[2020-09-08T10:35:22.864-0300][gc,heap        ] GC(585)   class space    used 4075K, capacity 4746K, committed 6016K, reserved 1048576K
[2020-09-08T10:35:22.865-0300][gc,start       ] GC(585) Pause Young (Normal) (G1 Evacuation Pause)
[2020-09-08T10:35:22.865-0300][gc,task        ] GC(585) Using 4 workers of 4 for evacuation
[2020-09-08T10:35:22.881-0300][gc,phases      ] GC(585)   Pre Evacuate Collection Set: 0.0ms
[2020-09-08T10:35:22.881-0300][gc,phases      ] GC(585)   Evacuate Collection Set: 12.5ms
[2020-09-08T10:35:22.881-0300][gc,phases      ] GC(585)   Post Evacuate Collection Set: 1.9ms
[2020-09-08T10:35:22.881-0300][gc,phases      ] GC(585)   Other: 2.2ms
[2020-09-08T10:35:22.881-0300][gc,heap        ] GC(585) Eden regions: 30->0(30)
[2020-09-08T10:35:22.881-0300][gc,heap        ] GC(585) Survivor regions: 2->3(4)
[2020-09-08T10:35:22.881-0300][gc,heap        ] GC(585) Old regions: 55->55
[2020-09-08T10:35:22.881-0300][gc,heap        ] GC(585) Humongous regions: 4->4
[2020-09-08T10:35:22.881-0300][gc,metaspace   ] GC(585) Metaspace: 40663K->40663K(1089536K)
[2020-09-08T10:35:22.881-0300][gc,heap        ] GC(585) Heap after GC invocations=586 (full 1): garbage-first heap   total 109568K, used 60380K [0x0000000083000000, 0x0000000100000000)
[2020-09-08T10:35:22.881-0300][gc,heap        ] GC(585)   region size 1024K, 3 young (3072K), 3 survivors (3072K)
[2020-09-08T10:35:22.881-0300][gc,heap        ] GC(585)  Metaspace       used 40663K, capacity 42717K, committed 46464K, reserved 1089536K
[2020-09-08T10:35:22.882-0300][gc,heap        ] GC(585)   class space    used 4075K, capacity 4746K, committed 6016K, reserved 1048576K
[2020-09-08T10:35:22.882-0300][gc             ] GC(585) Pause Young (Normal) (G1 Evacuation Pause) 88M->58M(107M) 16.914ms
[2020-09-08T10:35:22.882-0300][gc,cpu         ] GC(585) User=0.06s Sys=0.00s Real=0.02s
[2020-09-08T10:35:33.539-0300][gc,heap        ] GC(586) Heap before GC invocations=586 (full 1): garbage-first heap   total 109568K, used 90076K [0x0000000083000000, 0x0000000100000000)
[2020-09-08T10:35:33.539-0300][gc,heap        ] GC(586)   region size 1024K, 33 young (33792K), 3 survivors (3072K)
[2020-09-08T10:35:33.539-0300][gc,heap        ] GC(586)  Metaspace       used 40663K, capacity 42717K, committed 46464K, reserved 1089536K
[2020-09-08T10:35:33.539-0300][gc,heap        ] GC(586)   class space    used 4075K, capacity 4746K, committed 6016K, reserved 1048576K
[2020-09-08T10:35:33.540-0300][gc,start       ] GC(586) Pause Young (Normal) (G1 Evacuation Pause)
[2020-09-08T10:35:33.540-0300][gc,task        ] GC(586) Using 4 workers of 4 for evacuation
[2020-09-08T10:35:33.558-0300][gc,phases      ] GC(586)   Pre Evacuate Collection Set: 0.1ms
[2020-09-08T10:35:33.558-0300][gc,phases      ] GC(586)   Evacuate Collection Set: 14.6ms
[2020-09-08T10:35:33.558-0300][gc,phases      ] GC(586)   Post Evacuate Collection Set: 2.1ms
[2020-09-08T10:35:33.558-0300][gc,phases      ] GC(586)   Other: 2.2ms
[2020-09-08T10:35:33.558-0300][gc,heap        ] GC(586) Eden regions: 30->0(30)
[2020-09-08T10:35:33.558-0300][gc,heap        ] GC(586) Survivor regions: 3->3(5)
[2020-09-08T10:35:33.558-0300][gc,heap        ] GC(586) Old regions: 55->55
[2020-09-08T10:35:33.558-0300][gc,heap        ] GC(586) Humongous regions: 4->4
[2020-09-08T10:35:33.558-0300][gc,metaspace   ] GC(586) Metaspace: 40663K->40663K(1089536K)
[2020-09-08T10:35:33.559-0300][gc,heap        ] GC(586) Heap after GC invocations=587 (full 1): garbage-first heap   total 109568K, used 60692K [0x0000000083000000, 0x0000000100000000)
[2020-09-08T10:35:33.559-0300][gc,heap        ] GC(586)   region size 1024K, 3 young (3072K), 3 survivors (3072K)
[2020-09-08T10:35:33.559-0300][gc,heap        ] GC(586)  Metaspace       used 40663K, capacity 42717K, committed 46464K, reserved 1089536K
[2020-09-08T10:35:33.559-0300][gc,heap        ] GC(586)   class space    used 4075K, capacity 4746K, committed 6016K, reserved 1048576K
[2020-09-08T10:35:33.559-0300][gc             ] GC(586) Pause Young (Normal) (G1 Evacuation Pause) 88M->59M(107M) 19.293ms
[2020-09-08T10:35:33.559-0300][gc,cpu         ] GC(586) User=0.06s Sys=0.01s Real=0.02s
[2020-09-08T10:35:37.190-0300][gc,heap        ] GC(587) Heap before GC invocations=587 (full 1): garbage-first heap   total 109568K, used 90388K [0x0000000083000000, 0x0000000100000000)
[2020-09-08T10:35:37.191-0300][gc,heap        ] GC(587)   region size 1024K, 33 young (33792K), 3 survivors (3072K)
[2020-09-08T10:35:37.191-0300][gc,heap        ] GC(587)  Metaspace       used 40663K, capacity 42717K, committed 46464K, reserved 1089536K
[2020-09-08T10:35:37.191-0300][gc,heap        ] GC(587)   class space    used 4075K, capacity 4746K, committed 6016K, reserved 1048576K
[2020-09-08T10:35:37.191-0300][gc,start       ] GC(587) Pause Young (Normal) (G1 Evacuation Pause)
[2020-09-08T10:35:37.191-0300][gc,task        ] GC(587) Using 4 workers of 4 for evacuation
[2020-09-08T10:35:37.212-0300][gc,phases      ] GC(587)   Pre Evacuate Collection Set: 0.0ms
[2020-09-08T10:35:37.212-0300][gc,phases      ] GC(587)   Evacuate Collection Set: 17.3ms
[2020-09-08T10:35:37.212-0300][gc,phases      ] GC(587)   Post Evacuate Collection Set: 2.0ms
[2020-09-08T10:35:37.212-0300][gc,phases      ] GC(587)   Other: 2.4ms
[2020-09-08T10:35:37.212-0300][gc,heap        ] GC(587) Eden regions: 30->0(29)
[2020-09-08T10:35:37.213-0300][gc,heap        ] GC(587) Survivor regions: 3->4(5)
[2020-09-08T10:35:37.213-0300][gc,heap        ] GC(587) Old regions: 55->55
[2020-09-08T10:35:37.213-0300][gc,heap        ] GC(587) Humongous regions: 4->4
[2020-09-08T10:35:37.213-0300][gc,metaspace   ] GC(587) Metaspace: 40663K->40663K(1089536K)
[2020-09-08T10:35:37.213-0300][gc,heap        ] GC(587) Heap after GC invocations=588 (full 1): garbage-first heap   total 109568K, used 62044K [0x0000000083000000, 0x0000000100000000)
[2020-09-08T10:35:37.213-0300][gc,heap        ] GC(587)   region size 1024K, 4 young (4096K), 4 survivors (4096K)
[2020-09-08T10:35:37.213-0300][gc,heap        ] GC(587)  Metaspace       used 40663K, capacity 42717K, committed 46464K, reserved 1089536K
[2020-09-08T10:35:37.213-0300][gc,heap        ] GC(587)   class space    used 4075K, capacity 4746K, committed 6016K, reserved 1048576K
[2020-09-08T10:35:37.213-0300][gc             ] GC(587) Pause Young (Normal) (G1 Evacuation Pause) 89M->60M(107M) 21.739ms
[2020-09-08T10:35:37.213-0300][gc,cpu         ] GC(587) User=0.07s Sys=0.00s Real=0.02s
[2020-09-08T10:35:43.550-0300][gc,heap        ] GC(588) Heap before GC invocations=588 (full 1): garbage-first heap   total 109568K, used 90716K [0x0000000083000000, 0x0000000100000000)
[2020-09-08T10:35:43.551-0300][gc,heap        ] GC(588)   region size 1024K, 33 young (33792K), 4 survivors (4096K)
[2020-09-08T10:35:43.551-0300][gc,heap        ] GC(588)  Metaspace       used 40663K, capacity 42717K, committed 46464K, reserved 1089536K
[2020-09-08T10:35:43.551-0300][gc,heap        ] GC(588)   class space    used 4075K, capacity 4746K, committed 6016K, reserved 1048576K
[2020-09-08T10:35:43.551-0300][gc,start       ] GC(588) Pause Young (Normal) (G1 Evacuation Pause)
[2020-09-08T10:35:43.551-0300][gc,task        ] GC(588) Using 4 workers of 4 for evacuation
[2020-09-08T10:35:43.572-0300][gc,phases      ] GC(588)   Pre Evacuate Collection Set: 0.0ms
[2020-09-08T10:35:43.572-0300][gc,phases      ] GC(588)   Evacuate Collection Set: 17.5ms
[2020-09-08T10:35:43.572-0300][gc,phases      ] GC(588)   Post Evacuate Collection Set: 1.8ms
[2020-09-08T10:35:43.572-0300][gc,phases      ] GC(588)   Other: 2.1ms
[2020-09-08T10:35:43.572-0300][gc,heap        ] GC(588) Eden regions: 29->0(28)
[2020-09-08T10:35:43.572-0300][gc,heap        ] GC(588) Survivor regions: 4->4(5)
[2020-09-08T10:35:43.572-0300][gc,heap        ] GC(588) Old regions: 55->56
[2020-09-08T10:35:43.572-0300][gc,heap        ] GC(588) Humongous regions: 4->4
[2020-09-08T10:35:43.572-0300][gc,metaspace   ] GC(588) Metaspace: 40663K->40663K(1089536K)
[2020-09-08T10:35:43.572-0300][gc,heap        ] GC(588) Heap after GC invocations=589 (full 1): garbage-first heap   total 109568K, used 62670K [0x0000000083000000, 0x0000000100000000)
[2020-09-08T10:35:43.572-0300][gc,heap        ] GC(588)   region size 1024K, 4 young (4096K), 4 survivors (4096K)
[2020-09-08T10:35:43.572-0300][gc,heap        ] GC(588)  Metaspace       used 40663K, capacity 42717K, committed 46464K, reserved 1089536K
[2020-09-08T10:35:43.572-0300][gc,heap        ] GC(588)   class space    used 4075K, capacity 4746K, committed 6016K, reserved 1048576K
[2020-09-08T10:35:43.573-0300][gc             ] GC(588) Pause Young (Normal) (G1 Evacuation Pause) 89M->61M(107M) 21.611ms
[2020-09-08T10:35:43.573-0300][gc,cpu         ] GC(588) User=0.08s Sys=0.01s Real=0.02s
[2020-09-08T10:35:54.447-0300][gc,heap        ] GC(589) Heap before GC invocations=589 (full 1): garbage-first heap   total 109568K, used 90318K [0x0000000083000000, 0x0000000100000000)
[2020-09-08T10:35:54.447-0300][gc,heap        ] GC(589)   region size 1024K, 32 young (32768K), 4 survivors (4096K)
[2020-09-08T10:35:54.447-0300][gc,heap        ] GC(589)  Metaspace       used 40663K, capacity 42717K, committed 46464K, reserved 1089536K
[2020-09-08T10:35:54.447-0300][gc,heap        ] GC(589)   class space    used 4075K, capacity 4746K, committed 6016K, reserved 1048576K
[2020-09-08T10:35:54.447-0300][gc,start       ] GC(589) Pause Young (Normal) (G1 Evacuation Pause)
[2020-09-08T10:35:54.447-0300][gc,task        ] GC(589) Using 4 workers of 4 for evacuation
[2020-09-08T10:35:54.468-0300][gc,phases      ] GC(589)   Pre Evacuate Collection Set: 0.0ms
[2020-09-08T10:35:54.468-0300][gc,phases      ] GC(589)   Evacuate Collection Set: 17.2ms
[2020-09-08T10:35:54.468-0300][gc,phases      ] GC(589)   Post Evacuate Collection Set: 2.1ms
[2020-09-08T10:35:54.468-0300][gc,phases      ] GC(589)   Other: 2.2ms
[2020-09-08T10:35:54.468-0300][gc,heap        ] GC(589) Eden regions: 28->0(28)
[2020-09-08T10:35:54.468-0300][gc,heap        ] GC(589) Survivor regions: 4->2(4)
[2020-09-08T10:35:54.468-0300][gc,heap        ] GC(589) Old regions: 56->58
[2020-09-08T10:35:54.468-0300][gc,heap        ] GC(589) Humongous regions: 4->4
[2020-09-08T10:35:54.468-0300][gc,metaspace   ] GC(589) Metaspace: 40663K->40663K(1089536K)
[2020-09-08T10:35:54.469-0300][gc,heap        ] GC(589) Heap after GC invocations=590 (full 1): garbage-first heap   total 109568K, used 63040K [0x0000000083000000, 0x0000000100000000)
[2020-09-08T10:35:54.469-0300][gc,heap        ] GC(589)   region size 1024K, 2 young (2048K), 2 survivors (2048K)
[2020-09-08T10:35:54.469-0300][gc,heap        ] GC(589)  Metaspace       used 40663K, capacity 42717K, committed 46464K, reserved 1089536K
[2020-09-08T10:35:54.469-0300][gc,heap        ] GC(589)   class space    used 4075K, capacity 4746K, committed 6016K, reserved 1048576K
[2020-09-08T10:35:54.469-0300][gc             ] GC(589) Pause Young (Normal) (G1 Evacuation Pause) 89M->61M(107M) 21.617ms
[2020-09-08T10:35:54.469-0300][gc,cpu         ] GC(589) User=0.07s Sys=0.01s Real=0.02s
[2020-09-08T10:36:03.696-0300][gc,heap        ] GC(590) Heap before GC invocations=590 (full 1): garbage-first heap   total 109568K, used 90688K [0x0000000083000000, 0x0000000100000000)
[2020-09-08T10:36:03.696-0300][gc,heap        ] GC(590)   region size 1024K, 30 young (30720K), 2 survivors (2048K)
[2020-09-08T10:36:03.696-0300][gc,heap        ] GC(590)  Metaspace       used 40663K, capacity 42717K, committed 46464K, reserved 1089536K
[2020-09-08T10:36:03.696-0300][gc,heap        ] GC(590)   class space    used 4075K, capacity 4746K, committed 6016K, reserved 1048576K
[2020-09-08T10:36:03.697-0300][gc,start       ] GC(590) Pause Young (Concurrent Start) (G1 Evacuation Pause)
[2020-09-08T10:36:03.697-0300][gc,task        ] GC(590) Using 4 workers of 4 for evacuation
[2020-09-08T10:36:03.718-0300][gc,phases      ] GC(590)   Pre Evacuate Collection Set: 0.2ms
[2020-09-08T10:36:03.718-0300][gc,phases      ] GC(590)   Evacuate Collection Set: 16.6ms
[2020-09-08T10:36:03.718-0300][gc,phases      ] GC(590)   Post Evacuate Collection Set: 2.7ms
[2020-09-08T10:36:03.718-0300][gc,phases      ] GC(590)   Other: 2.1ms
[2020-09-08T10:36:03.718-0300][gc,heap        ] GC(590) Eden regions: 28->0(27)
[2020-09-08T10:36:03.718-0300][gc,heap        ] GC(590) Survivor regions: 2->3(4)
[2020-09-08T10:36:03.718-0300][gc,heap        ] GC(590) Old regions: 58->58
[2020-09-08T10:36:03.718-0300][gc,heap        ] GC(590) Humongous regions: 4->4
[2020-09-08T10:36:03.718-0300][gc,metaspace   ] GC(590) Metaspace: 40663K->40663K(1089536K)
[2020-09-08T10:36:03.718-0300][gc,heap        ] GC(590) Heap after GC invocations=591 (full 1): garbage-first heap   total 109568K, used 64215K [0x0000000083000000, 0x0000000100000000)
[2020-09-08T10:36:03.718-0300][gc,heap        ] GC(590)   region size 1024K, 3 young (3072K), 3 survivors (3072K)
[2020-09-08T10:36:03.718-0300][gc,heap        ] GC(590)  Metaspace       used 40663K, capacity 42717K, committed 46464K, reserved 1089536K
[2020-09-08T10:36:03.718-0300][gc,heap        ] GC(590)   class space    used 4075K, capacity 4746K, committed 6016K, reserved 1048576K
[2020-09-08T10:36:03.719-0300][gc             ] GC(590) Pause Young (Concurrent Start) (G1 Evacuation Pause) 89M->62M(107M) 21.949ms
[2020-09-08T10:36:03.719-0300][gc,cpu         ] GC(590) User=0.07s Sys=0.00s Real=0.02s
[2020-09-08T10:36:03.721-0300][gc             ] GC(591) Concurrent Cycle
[2020-09-08T10:36:03.721-0300][gc,marking     ] GC(591) Concurrent Clear Claimed Marks
[2020-09-08T10:36:03.721-0300][gc,marking     ] GC(591) Concurrent Clear Claimed Marks 0.334ms
[2020-09-08T10:36:03.721-0300][gc,marking     ] GC(591) Concurrent Scan Root Regions
[2020-09-08T10:36:03.731-0300][gc,marking     ] GC(591) Concurrent Scan Root Regions 10.181ms
[2020-09-08T10:36:03.732-0300][gc,marking     ] GC(591) Concurrent Mark (3621.205s)
[2020-09-08T10:36:03.732-0300][gc,marking     ] GC(591) Concurrent Mark From Roots
[2020-09-08T10:36:03.732-0300][gc,task        ] GC(591) Using 1 workers of 1 for marking
[2020-09-08T10:36:04.048-0300][gc,marking     ] GC(591) Concurrent Mark From Roots 316.329ms
[2020-09-08T10:36:04.048-0300][gc,marking     ] GC(591) Concurrent Preclean
[2020-09-08T10:36:04.049-0300][gc,marking     ] GC(591) Concurrent Preclean 1.250ms
[2020-09-08T10:36:04.049-0300][gc,marking     ] GC(591) Concurrent Mark (3621.205s, 3621.523s) 317.913ms
[2020-09-08T10:36:04.053-0300][gc,start       ] GC(591) Pause Remark
[2020-09-08T10:36:04.098-0300][gc,stringtable ] GC(591) Cleaned string and symbol table, strings: 23291 processed, 2 removed, symbols: 95156 processed, 8 removed
[2020-09-08T10:36:04.099-0300][gc             ] GC(591) Pause Remark 66M->66M(107M) 45.971ms
[2020-09-08T10:36:04.099-0300][gc,cpu         ] GC(591) User=0.13s Sys=0.00s Real=0.04s
[2020-09-08T10:36:04.100-0300][gc,marking     ] GC(591) Concurrent Rebuild Remembered Sets
[2020-09-08T10:36:04.294-0300][gc,marking     ] GC(591) Concurrent Rebuild Remembered Sets 193.305ms
[2020-09-08T10:36:04.297-0300][gc,start       ] GC(591) Pause Cleanup
[2020-09-08T10:36:04.298-0300][gc             ] GC(591) Pause Cleanup 66M->66M(107M) 0.560ms
[2020-09-08T10:36:04.298-0300][gc,cpu         ] GC(591) User=0.00s Sys=0.00s Real=0.00s
[2020-09-08T10:36:04.299-0300][gc,marking     ] GC(591) Concurrent Cleanup for Next Mark
[2020-09-08T10:36:04.300-0300][gc,marking     ] GC(591) Concurrent Cleanup for Next Mark 1.446ms
[2020-09-08T10:36:04.300-0300][gc             ] GC(591) Concurrent Cycle 579.779ms
[2020-09-08T10:36:25.615-0300][gc,heap        ] GC(592) Heap before GC invocations=592 (full 1): garbage-first heap   total 109568K, used 90839K [0x0000000083000000, 0x0000000100000000)
[2020-09-08T10:36:25.615-0300][gc,heap        ] GC(592)   region size 1024K, 30 young (30720K), 3 survivors (3072K)
[2020-09-08T10:36:25.615-0300][gc,heap        ] GC(592)  Metaspace       used 40663K, capacity 42717K, committed 46464K, reserved 1089536K
[2020-09-08T10:36:25.615-0300][gc,heap        ] GC(592)   class space    used 4075K, capacity 4746K, committed 6016K, reserved 1048576K
[2020-09-08T10:36:25.616-0300][gc,start       ] GC(592) Pause Young (Prepare Mixed) (G1 Evacuation Pause)
[2020-09-08T10:36:25.616-0300][gc,task        ] GC(592) Using 4 workers of 4 for evacuation
[2020-09-08T10:36:25.634-0300][gc,phases      ] GC(592)   Pre Evacuate Collection Set: 0.0ms
[2020-09-08T10:36:25.635-0300][gc,phases      ] GC(592)   Evacuate Collection Set: 15.2ms
[2020-09-08T10:36:25.635-0300][gc,phases      ] GC(592)   Post Evacuate Collection Set: 2.1ms
[2020-09-08T10:36:25.635-0300][gc,phases      ] GC(592)   Other: 1.9ms
[2020-09-08T10:36:25.635-0300][gc,heap        ] GC(592) Eden regions: 27->0(3)
[2020-09-08T10:36:25.635-0300][gc,heap        ] GC(592) Survivor regions: 3->2(4)
[2020-09-08T10:36:25.635-0300][gc,heap        ] GC(592) Old regions: 58->59
[2020-09-08T10:36:25.635-0300][gc,heap        ] GC(592) Humongous regions: 4->4
[2020-09-08T10:36:25.635-0300][gc,metaspace   ] GC(592) Metaspace: 40663K->40663K(1089536K)
[2020-09-08T10:36:25.635-0300][gc,heap        ] GC(592) Heap after GC invocations=593 (full 1): garbage-first heap   total 109568K, used 63639K [0x0000000083000000, 0x0000000100000000)
[2020-09-08T10:36:25.635-0300][gc,heap        ] GC(592)   region size 1024K, 2 young (2048K), 2 survivors (2048K)
[2020-09-08T10:36:25.635-0300][gc,heap        ] GC(592)  Metaspace       used 40663K, capacity 42717K, committed 46464K, reserved 1089536K
[2020-09-08T10:36:25.635-0300][gc,heap        ] GC(592)   class space    used 4075K, capacity 4746K, committed 6016K, reserved 1048576K
[2020-09-08T10:36:25.635-0300][gc             ] GC(592) Pause Young (Prepare Mixed) (G1 Evacuation Pause) 89M->62M(107M) 19.485ms
[2020-09-08T10:36:25.636-0300][gc,cpu         ] GC(592) User=0.07s Sys=0.00s Real=0.02s
[2020-09-08T10:36:27.151-0300][gc,heap        ] GC(593) Heap before GC invocations=593 (full 1): garbage-first heap   total 109568K, used 66711K [0x0000000083000000, 0x0000000100000000)
[2020-09-08T10:36:27.151-0300][gc,heap        ] GC(593)   region size 1024K, 5 young (5120K), 2 survivors (2048K)
[2020-09-08T10:36:27.151-0300][gc,heap        ] GC(593)  Metaspace       used 40663K, capacity 42717K, committed 46464K, reserved 1089536K
[2020-09-08T10:36:27.151-0300][gc,heap        ] GC(593)   class space    used 4075K, capacity 4746K, committed 6016K, reserved 1048576K
[2020-09-08T10:36:27.152-0300][gc,start       ] GC(593) Pause Young (Mixed) (G1 Evacuation Pause)
[2020-09-08T10:36:27.152-0300][gc,task        ] GC(593) Using 4 workers of 4 for evacuation
[2020-09-08T10:36:27.184-0300][gc,phases      ] GC(593)   Pre Evacuate Collection Set: 0.1ms
[2020-09-08T10:36:27.184-0300][gc,phases      ] GC(593)   Evacuate Collection Set: 29.1ms
[2020-09-08T10:36:27.184-0300][gc,phases      ] GC(593)   Post Evacuate Collection Set: 1.7ms
[2020-09-08T10:36:27.184-0300][gc,phases      ] GC(593)   Other: 1.8ms
[2020-09-08T10:36:27.184-0300][gc,heap        ] GC(593) Eden regions: 3->0(4)
[2020-09-08T10:36:27.184-0300][gc,heap        ] GC(593) Survivor regions: 2->1(1)
[2020-09-08T10:36:27.184-0300][gc,heap        ] GC(593) Old regions: 59->53
[2020-09-08T10:36:27.184-0300][gc,heap        ] GC(593) Humongous regions: 4->4
[2020-09-08T10:36:27.184-0300][gc,metaspace   ] GC(593) Metaspace: 40663K->40663K(1089536K)
[2020-09-08T10:36:27.185-0300][gc,heap        ] GC(593) Heap after GC invocations=594 (full 1): garbage-first heap   total 109568K, used 56712K [0x0000000083000000, 0x0000000100000000)
[2020-09-08T10:36:27.185-0300][gc,heap        ] GC(593)   region size 1024K, 1 young (1024K), 1 survivors (1024K)
[2020-09-08T10:36:27.185-0300][gc,heap        ] GC(593)  Metaspace       used 40663K, capacity 42717K, committed 46464K, reserved 1089536K
[2020-09-08T10:36:27.185-0300][gc,heap        ] GC(593)   class space    used 4075K, capacity 4746K, committed 6016K, reserved 1048576K
[2020-09-08T10:36:27.185-0300][gc             ] GC(593) Pause Young (Mixed) (G1 Evacuation Pause) 65M->55M(107M) 32.905ms
[2020-09-08T10:36:27.185-0300][gc,cpu         ] GC(593) User=0.11s Sys=0.00s Real=0.03s
[2020-09-08T10:36:30.767-0300][gc,heap        ] GC(594) Heap before GC invocations=594 (full 1): garbage-first heap   total 109568K, used 60808K [0x0000000083000000, 0x0000000100000000)
[2020-09-08T10:36:30.767-0300][gc,heap        ] GC(594)   region size 1024K, 5 young (5120K), 1 survivors (1024K)
[2020-09-08T10:36:30.767-0300][gc,heap        ] GC(594)  Metaspace       used 40663K, capacity 42717K, committed 46464K, reserved 1089536K
[2020-09-08T10:36:30.767-0300][gc,heap        ] GC(594)   class space    used 4075K, capacity 4746K, committed 6016K, reserved 1048576K
[2020-09-08T10:36:30.767-0300][gc,start       ] GC(594) Pause Young (Mixed) (G1 Evacuation Pause)
[2020-09-08T10:36:30.767-0300][gc,task        ] GC(594) Using 4 workers of 4 for evacuation
[2020-09-08T10:36:30.790-0300][gc,phases      ] GC(594)   Pre Evacuate Collection Set: 0.1ms
[2020-09-08T10:36:30.790-0300][gc,phases      ] GC(594)   Evacuate Collection Set: 19.6ms
[2020-09-08T10:36:30.790-0300][gc,phases      ] GC(594)   Post Evacuate Collection Set: 1.6ms
[2020-09-08T10:36:30.790-0300][gc,phases      ] GC(594)   Other: 1.8ms
[2020-09-08T10:36:30.790-0300][gc,heap        ] GC(594) Eden regions: 4->0(32)
[2020-09-08T10:36:30.790-0300][gc,heap        ] GC(594) Survivor regions: 1->1(1)
[2020-09-08T10:36:30.790-0300][gc,heap        ] GC(594) Old regions: 53->52
[2020-09-08T10:36:30.790-0300][gc,heap        ] GC(594) Humongous regions: 4->4
[2020-09-08T10:36:30.790-0300][gc,metaspace   ] GC(594) Metaspace: 40663K->40663K(1089536K)
[2020-09-08T10:36:30.791-0300][gc,heap        ] GC(594) Heap after GC invocations=595 (full 1): garbage-first heap   total 109568K, used 55948K [0x0000000083000000, 0x0000000100000000)
[2020-09-08T10:36:30.791-0300][gc,heap        ] GC(594)   region size 1024K, 1 young (1024K), 1 survivors (1024K)
[2020-09-08T10:36:30.791-0300][gc,heap        ] GC(594)  Metaspace       used 40663K, capacity 42717K, committed 46464K, reserved 1089536K
[2020-09-08T10:36:30.791-0300][gc,heap        ] GC(594)   class space    used 4075K, capacity 4746K, committed 6016K, reserved 1048576K
[2020-09-08T10:36:30.791-0300][gc             ] GC(594) Pause Young (Mixed) (G1 Evacuation Pause) 59M->54M(107M) 23.391ms
[2020-09-08T10:36:30.791-0300][gc,cpu         ] GC(594) User=0.07s Sys=0.00s Real=0.03s
[2020-09-08T10:36:44.474-0300][gc,heap        ] GC(595) Heap before GC invocations=595 (full 1): garbage-first heap   total 109568K, used 87692K [0x0000000083000000, 0x0000000100000000)
[2020-09-08T10:36:44.474-0300][gc,heap        ] GC(595)   region size 1024K, 33 young (33792K), 1 survivors (1024K)
[2020-09-08T10:36:44.474-0300][gc,heap        ] GC(595)  Metaspace       used 40664K, capacity 42717K, committed 46464K, reserved 1089536K
[2020-09-08T10:36:44.474-0300][gc,heap        ] GC(595)   class space    used 4075K, capacity 4746K, committed 6016K, reserved 1048576K
[2020-09-08T10:36:44.474-0300][gc,start       ] GC(595) Pause Young (Normal) (G1 Evacuation Pause)
[2020-09-08T10:36:44.475-0300][gc,task        ] GC(595) Using 4 workers of 4 for evacuation
[2020-09-08T10:36:44.486-0300][gc,phases      ] GC(595)   Pre Evacuate Collection Set: 0.0ms
[2020-09-08T10:36:44.486-0300][gc,phases      ] GC(595)   Evacuate Collection Set: 8.8ms
[2020-09-08T10:36:44.486-0300][gc,phases      ] GC(595)   Post Evacuate Collection Set: 1.8ms
[2020-09-08T10:36:44.486-0300][gc,phases      ] GC(595)   Other: 1.5ms
[2020-09-08T10:36:44.486-0300][gc,heap        ] GC(595) Eden regions: 32->0(33)
[2020-09-08T10:36:44.486-0300][gc,heap        ] GC(595) Survivor regions: 1->1(5)
[2020-09-08T10:36:44.487-0300][gc,heap        ] GC(595) Old regions: 52->52
[2020-09-08T10:36:44.487-0300][gc,heap        ] GC(595) Humongous regions: 4->4
[2020-09-08T10:36:44.487-0300][gc,metaspace   ] GC(595) Metaspace: 40664K->40664K(1089536K)
[2020-09-08T10:36:44.487-0300][gc,heap        ] GC(595) Heap after GC invocations=596 (full 1): garbage-first heap   total 109568K, used 56482K [0x0000000083000000, 0x0000000100000000)
[2020-09-08T10:36:44.487-0300][gc,heap        ] GC(595)   region size 1024K, 1 young (1024K), 1 survivors (1024K)
[2020-09-08T10:36:44.487-0300][gc,heap        ] GC(595)  Metaspace       used 40664K, capacity 42717K, committed 46464K, reserved 1089536K
[2020-09-08T10:36:44.487-0300][gc,heap        ] GC(595)   class space    used 4075K, capacity 4746K, committed 6016K, reserved 1048576K
[2020-09-08T10:36:44.487-0300][gc             ] GC(595) Pause Young (Normal) (G1 Evacuation Pause) 86M->55M(107M) 12.406ms
[2020-09-08T10:36:44.487-0300][gc,cpu         ] GC(595) User=0.04s Sys=0.00s Real=0.01s
[2020-09-08T10:36:57.956-0300][gc,heap        ] GC(596) Heap before GC invocations=596 (full 1): garbage-first heap   total 109568K, used 89250K [0x0000000083000000, 0x0000000100000000)
[2020-09-08T10:36:57.956-0300][gc,heap        ] GC(596)   region size 1024K, 34 young (34816K), 1 survivors (1024K)
[2020-09-08T10:36:57.956-0300][gc,heap        ] GC(596)  Metaspace       used 40684K, capacity 42746K, committed 46464K, reserved 1089536K
[2020-09-08T10:36:57.956-0300][gc,heap        ] GC(596)   class space    used 4081K, capacity 4757K, committed 6016K, reserved 1048576K
[2020-09-08T10:36:57.957-0300][gc,start       ] GC(596) Pause Young (Normal) (G1 Evacuation Pause)
[2020-09-08T10:36:57.957-0300][gc,task        ] GC(596) Using 4 workers of 4 for evacuation
[2020-09-08T10:36:57.969-0300][gc,phases      ] GC(596)   Pre Evacuate Collection Set: 0.0ms
[2020-09-08T10:36:57.969-0300][gc,phases      ] GC(596)   Evacuate Collection Set: 8.7ms
[2020-09-08T10:36:57.969-0300][gc,phases      ] GC(596)   Post Evacuate Collection Set: 2.3ms
[2020-09-08T10:36:57.969-0300][gc,phases      ] GC(596)   Other: 1.5ms
[2020-09-08T10:36:57.969-0300][gc,heap        ] GC(596) Eden regions: 33->0(33)
[2020-09-08T10:36:57.969-0300][gc,heap        ] GC(596) Survivor regions: 1->2(5)
[2020-09-08T10:36:57.969-0300][gc,heap        ] GC(596) Old regions: 52->52
[2020-09-08T10:36:57.969-0300][gc,heap        ] GC(596) Humongous regions: 4->4
[2020-09-08T10:36:57.969-0300][gc,metaspace   ] GC(596) Metaspace: 40684K->40684K(1089536K)
[2020-09-08T10:36:57.969-0300][gc,heap        ] GC(596) Heap after GC invocations=597 (full 1): garbage-first heap   total 109568K, used 57136K [0x0000000083000000, 0x0000000100000000)
[2020-09-08T10:36:57.969-0300][gc,heap        ] GC(596)   region size 1024K, 2 young (2048K), 2 survivors (2048K)
[2020-09-08T10:36:57.969-0300][gc,heap        ] GC(596)  Metaspace       used 40684K, capacity 42746K, committed 46464K, reserved 1089536K
[2020-09-08T10:36:57.969-0300][gc,heap        ] GC(596)   class space    used 4081K, capacity 4757K, committed 6016K, reserved 1048576K
[2020-09-08T10:36:57.969-0300][gc             ] GC(596) Pause Young (Normal) (G1 Evacuation Pause) 88M->55M(107M) 12.795ms
[2020-09-08T10:36:57.970-0300][gc,cpu         ] GC(596) User=0.04s Sys=0.00s Real=0.01s
[2020-09-08T10:37:07.420-0300][gc,heap        ] GC(597) Heap before GC invocations=597 (full 1): garbage-first heap   total 109568K, used 89904K [0x0000000083000000, 0x0000000100000000)
[2020-09-08T10:37:07.420-0300][gc,heap        ] GC(597)   region size 1024K, 35 young (35840K), 2 survivors (2048K)
[2020-09-08T10:37:07.420-0300][gc,heap        ] GC(597)  Metaspace       used 40684K, capacity 42746K, committed 46464K, reserved 1089536K
[2020-09-08T10:37:07.420-0300][gc,heap        ] GC(597)   class space    used 4081K, capacity 4757K, committed 6016K, reserved 1048576K
[2020-09-08T10:37:07.421-0300][gc,start       ] GC(597) Pause Young (Normal) (G1 Evacuation Pause)
[2020-09-08T10:37:07.421-0300][gc,task        ] GC(597) Using 4 workers of 4 for evacuation
[2020-09-08T10:37:07.435-0300][gc,phases      ] GC(597)   Pre Evacuate Collection Set: 0.0ms
[2020-09-08T10:37:07.435-0300][gc,phases      ] GC(597)   Evacuate Collection Set: 11.0ms
[2020-09-08T10:37:07.435-0300][gc,phases      ] GC(597)   Post Evacuate Collection Set: 2.7ms
[2020-09-08T10:37:07.436-0300][gc,phases      ] GC(597)   Other: 1.4ms
[2020-09-08T10:37:07.436-0300][gc,heap        ] GC(597) Eden regions: 33->0(32)
[2020-09-08T10:37:07.436-0300][gc,heap        ] GC(597) Survivor regions: 2->3(5)
[2020-09-08T10:37:07.436-0300][gc,heap        ] GC(597) Old regions: 52->52
[2020-09-08T10:37:07.436-0300][gc,heap        ] GC(597) Humongous regions: 4->4
[2020-09-08T10:37:07.436-0300][gc,metaspace   ] GC(597) Metaspace: 40684K->40684K(1089536K)
[2020-09-08T10:37:07.436-0300][gc,heap        ] GC(597) Heap after GC invocations=598 (full 1): garbage-first heap   total 109568K, used 57917K [0x0000000083000000, 0x0000000100000000)
[2020-09-08T10:37:07.436-0300][gc,heap        ] GC(597)   region size 1024K, 3 young (3072K), 3 survivors (3072K)
[2020-09-08T10:37:07.436-0300][gc,heap        ] GC(597)  Metaspace       used 40684K, capacity 42746K, committed 46464K, reserved 1089536K
[2020-09-08T10:37:07.436-0300][gc,heap        ] GC(597)   class space    used 4081K, capacity 4757K, committed 6016K, reserved 1048576K
[2020-09-08T10:37:07.436-0300][gc             ] GC(597) Pause Young (Normal) (G1 Evacuation Pause) 88M->56M(107M) 15.639ms
[2020-09-08T10:37:07.436-0300][gc,cpu         ] GC(597) User=0.05s Sys=0.01s Real=0.02s
[2020-09-08T10:37:16.797-0300][gc,heap        ] GC(598) Heap before GC invocations=598 (full 1): garbage-first heap   total 109568K, used 89661K [0x0000000083000000, 0x0000000100000000)
[2020-09-08T10:37:16.797-0300][gc,heap        ] GC(598)   region size 1024K, 35 young (35840K), 3 survivors (3072K)
[2020-09-08T10:37:16.797-0300][gc,heap        ] GC(598)  Metaspace       used 40684K, capacity 42746K, committed 46464K, reserved 1089536K
[2020-09-08T10:37:16.797-0300][gc,heap        ] GC(598)   class space    used 4081K, capacity 4757K, committed 6016K, reserved 1048576K
[2020-09-08T10:37:16.797-0300][gc,start       ] GC(598) Pause Young (Normal) (G1 Evacuation Pause)
[2020-09-08T10:37:16.797-0300][gc,task        ] GC(598) Using 4 workers of 4 for evacuation
[2020-09-08T10:37:16.811-0300][gc,phases      ] GC(598)   Pre Evacuate Collection Set: 0.0ms
[2020-09-08T10:37:16.811-0300][gc,phases      ] GC(598)   Evacuate Collection Set: 10.8ms
[2020-09-08T10:37:16.811-0300][gc,phases      ] GC(598)   Post Evacuate Collection Set: 2.0ms
[2020-09-08T10:37:16.811-0300][gc,phases      ] GC(598)   Other: 1.4ms
[2020-09-08T10:37:16.811-0300][gc,heap        ] GC(598) Eden regions: 32->0(33)
[2020-09-08T10:37:16.811-0300][gc,heap        ] GC(598) Survivor regions: 3->3(5)
[2020-09-08T10:37:16.811-0300][gc,heap        ] GC(598) Old regions: 52->52
[2020-09-08T10:37:16.812-0300][gc,heap        ] GC(598) Humongous regions: 4->4
[2020-09-08T10:37:16.812-0300][gc,metaspace   ] GC(598) Metaspace: 40684K->40684K(1089536K)
[2020-09-08T10:37:16.812-0300][gc,heap        ] GC(598) Heap after GC invocations=599 (full 1): garbage-first heap   total 109568K, used 57863K [0x0000000083000000, 0x0000000100000000)
[2020-09-08T10:37:16.812-0300][gc,heap        ] GC(598)   region size 1024K, 3 young (3072K), 3 survivors (3072K)
[2020-09-08T10:37:16.812-0300][gc,heap        ] GC(598)  Metaspace       used 40684K, capacity 42746K, committed 46464K, reserved 1089536K
[2020-09-08T10:37:16.812-0300][gc,heap        ] GC(598)   class space    used 4081K, capacity 4757K, committed 6016K, reserved 1048576K
[2020-09-08T10:37:16.812-0300][gc             ] GC(598) Pause Young (Normal) (G1 Evacuation Pause) 88M->56M(107M) 14.596ms
[2020-09-08T10:37:16.812-0300][gc,cpu         ] GC(598) User=0.04s Sys=0.01s Real=0.02s
[2020-09-08T10:37:23.024-0300][gc,heap        ] GC(599) Heap before GC invocations=599 (full 1): garbage-first heap   total 109568K, used 90631K [0x0000000083000000, 0x0000000100000000)
[2020-09-08T10:37:23.024-0300][gc,heap        ] GC(599)   region size 1024K, 36 young (36864K), 3 survivors (3072K)
[2020-09-08T10:37:23.024-0300][gc,heap        ] GC(599)  Metaspace       used 40684K, capacity 42746K, committed 46464K, reserved 1089536K
[2020-09-08T10:37:23.024-0300][gc,heap        ] GC(599)   class space    used 4081K, capacity 4757K, committed 6016K, reserved 1048576K
[2020-09-08T10:37:23.024-0300][gc,start       ] GC(599) Pause Young (Normal) (G1 Evacuation Pause)
[2020-09-08T10:37:23.024-0300][gc,task        ] GC(599) Using 4 workers of 4 for evacuation
[2020-09-08T10:37:23.040-0300][gc,phases      ] GC(599)   Pre Evacuate Collection Set: 0.0ms
[2020-09-08T10:37:23.040-0300][gc,phases      ] GC(599)   Evacuate Collection Set: 13.1ms
[2020-09-08T10:37:23.040-0300][gc,phases      ] GC(599)   Post Evacuate Collection Set: 1.7ms
[2020-09-08T10:37:23.040-0300][gc,phases      ] GC(599)   Other: 1.5ms
[2020-09-08T10:37:23.040-0300][gc,heap        ] GC(599) Eden regions: 33->0(33)
[2020-09-08T10:37:23.040-0300][gc,heap        ] GC(599) Survivor regions: 3->3(5)
[2020-09-08T10:37:23.040-0300][gc,heap        ] GC(599) Old regions: 52->52
[2020-09-08T10:37:23.040-0300][gc,heap        ] GC(599) Humongous regions: 4->4
[2020-09-08T10:37:23.040-0300][gc,metaspace   ] GC(599) Metaspace: 40684K->40684K(1089536K)
[2020-09-08T10:37:23.040-0300][gc,heap        ] GC(599) Heap after GC invocations=600 (full 1): garbage-first heap   total 109568K, used 58482K [0x0000000083000000, 0x0000000100000000)
[2020-09-08T10:37:23.041-0300][gc,heap        ] GC(599)   region size 1024K, 3 young (3072K), 3 survivors (3072K)
[2020-09-08T10:37:23.041-0300][gc,heap        ] GC(599)  Metaspace       used 40684K, capacity 42746K, committed 46464K, reserved 1089536K
[2020-09-08T10:37:23.041-0300][gc,heap        ] GC(599)   class space    used 4081K, capacity 4757K, committed 6016K, reserved 1048576K
[2020-09-08T10:37:23.041-0300][gc             ] GC(599) Pause Young (Normal) (G1 Evacuation Pause) 89M->57M(107M) 16.789ms
[2020-09-08T10:37:23.041-0300][gc,cpu         ] GC(599) User=0.05s Sys=0.01s Real=0.02s
[2020-09-08T10:37:39.579-0300][gc,heap        ] GC(600) Heap before GC invocations=600 (full 1): garbage-first heap   total 109568K, used 91250K [0x0000000083000000, 0x0000000100000000)
[2020-09-08T10:37:39.579-0300][gc,heap        ] GC(600)   region size 1024K, 36 young (36864K), 3 survivors (3072K)
[2020-09-08T10:37:39.579-0300][gc,heap        ] GC(600)  Metaspace       used 40687K, capacity 42746K, committed 46464K, reserved 1089536K
[2020-09-08T10:37:39.579-0300][gc,heap        ] GC(600)   class space    used 4081K, capacity 4757K, committed 6016K, reserved 1048576K
[2020-09-08T10:37:39.579-0300][gc,start       ] GC(600) Pause Young (Normal) (G1 Evacuation Pause)
[2020-09-08T10:37:39.579-0300][gc,task        ] GC(600) Using 4 workers of 4 for evacuation
[2020-09-08T10:37:39.596-0300][gc,phases      ] GC(600)   Pre Evacuate Collection Set: 0.0ms
[2020-09-08T10:37:39.596-0300][gc,phases      ] GC(600)   Evacuate Collection Set: 13.5ms
[2020-09-08T10:37:39.596-0300][gc,phases      ] GC(600)   Post Evacuate Collection Set: 1.9ms
[2020-09-08T10:37:39.596-0300][gc,phases      ] GC(600)   Other: 1.6ms
[2020-09-08T10:37:39.596-0300][gc,heap        ] GC(600) Eden regions: 33->0(32)
[2020-09-08T10:37:39.596-0300][gc,heap        ] GC(600) Survivor regions: 3->3(5)
[2020-09-08T10:37:39.596-0300][gc,heap        ] GC(600) Old regions: 52->53
[2020-09-08T10:37:39.596-0300][gc,heap        ] GC(600) Humongous regions: 4->4
[2020-09-08T10:37:39.596-0300][gc,metaspace   ] GC(600) Metaspace: 40687K->40687K(1089536K)
[2020-09-08T10:37:39.597-0300][gc,heap        ] GC(600) Heap after GC invocations=601 (full 1): garbage-first heap   total 109568K, used 58741K [0x0000000083000000, 0x0000000100000000)
[2020-09-08T10:37:39.597-0300][gc,heap        ] GC(600)   region size 1024K, 3 young (3072K), 3 survivors (3072K)
[2020-09-08T10:37:39.597-0300][gc,heap        ] GC(600)  Metaspace       used 40687K, capacity 42746K, committed 46464K, reserved 1089536K
[2020-09-08T10:37:39.597-0300][gc,heap        ] GC(600)   class space    used 4081K, capacity 4757K, committed 6016K, reserved 1048576K
[2020-09-08T10:37:39.597-0300][gc             ] GC(600) Pause Young (Normal) (G1 Evacuation Pause) 90M->57M(107M) 17.363ms
[2020-09-08T10:37:39.597-0300][gc,cpu         ] GC(600) User=0.06s Sys=0.01s Real=0.02s
[2020-09-08T10:37:58.288-0300][gc,heap        ] GC(601) Heap before GC invocations=601 (full 1): garbage-first heap   total 109568K, used 90485K [0x0000000083000000, 0x0000000100000000)
[2020-09-08T10:37:58.288-0300][gc,heap        ] GC(601)   region size 1024K, 35 young (35840K), 3 survivors (3072K)
[2020-09-08T10:37:58.288-0300][gc,heap        ] GC(601)  Metaspace       used 40689K, capacity 42746K, committed 46464K, reserved 1089536K
[2020-09-08T10:37:58.288-0300][gc,heap        ] GC(601)   class space    used 4081K, capacity 4757K, committed 6016K, reserved 1048576K
[2020-09-08T10:37:58.288-0300][gc,start       ] GC(601) Pause Young (Normal) (G1 Evacuation Pause)
[2020-09-08T10:37:58.288-0300][gc,task        ] GC(601) Using 4 workers of 4 for evacuation
[2020-09-08T10:37:58.304-0300][gc,phases      ] GC(601)   Pre Evacuate Collection Set: 0.0ms
[2020-09-08T10:37:58.304-0300][gc,phases      ] GC(601)   Evacuate Collection Set: 12.5ms
[2020-09-08T10:37:58.304-0300][gc,phases      ] GC(601)   Post Evacuate Collection Set: 1.9ms
[2020-09-08T10:37:58.304-0300][gc,phases      ] GC(601)   Other: 1.5ms
[2020-09-08T10:37:58.304-0300][gc,heap        ] GC(601) Eden regions: 32->0(32)
[2020-09-08T10:37:58.304-0300][gc,heap        ] GC(601) Survivor regions: 3->3(5)
[2020-09-08T10:37:58.304-0300][gc,heap        ] GC(601) Old regions: 53->53
[2020-09-08T10:37:58.304-0300][gc,heap        ] GC(601) Humongous regions: 4->4
[2020-09-08T10:37:58.304-0300][gc,metaspace   ] GC(601) Metaspace: 40689K->40689K(1089536K)
[2020-09-08T10:37:58.304-0300][gc,heap        ] GC(601) Heap after GC invocations=602 (full 1): garbage-first heap   total 109568K, used 58620K [0x0000000083000000, 0x0000000100000000)
[2020-09-08T10:37:58.305-0300][gc,heap        ] GC(601)   region size 1024K, 3 young (3072K), 3 survivors (3072K)
[2020-09-08T10:37:58.305-0300][gc,heap        ] GC(601)  Metaspace       used 40689K, capacity 42746K, committed 46464K, reserved 1089536K
[2020-09-08T10:37:58.305-0300][gc,heap        ] GC(601)   class space    used 4081K, capacity 4757K, committed 6016K, reserved 1048576K
[2020-09-08T10:37:58.305-0300][gc             ] GC(601) Pause Young (Normal) (G1 Evacuation Pause) 89M->57M(107M) 16.341ms
[2020-09-08T10:37:58.305-0300][gc,cpu         ] GC(601) User=0.05s Sys=0.00s Real=0.02s
[2020-09-08T10:38:06.681-0300][gc,heap        ] GC(602) Heap before GC invocations=602 (full 1): garbage-first heap   total 109568K, used 90364K [0x0000000083000000, 0x0000000100000000)
[2020-09-08T10:38:06.681-0300][gc,heap        ] GC(602)   region size 1024K, 35 young (35840K), 3 survivors (3072K)
[2020-09-08T10:38:06.681-0300][gc,heap        ] GC(602)  Metaspace       used 40691K, capacity 42746K, committed 46464K, reserved 1089536K
[2020-09-08T10:38:06.681-0300][gc,heap        ] GC(602)   class space    used 4081K, capacity 4757K, committed 6016K, reserved 1048576K
[2020-09-08T10:38:06.682-0300][gc,start       ] GC(602) Pause Young (Normal) (G1 Evacuation Pause)
[2020-09-08T10:38:06.682-0300][gc,task        ] GC(602) Using 4 workers of 4 for evacuation
[2020-09-08T10:38:06.700-0300][gc,phases      ] GC(602)   Pre Evacuate Collection Set: 0.0ms
[2020-09-08T10:38:06.700-0300][gc,phases      ] GC(602)   Evacuate Collection Set: 14.9ms
[2020-09-08T10:38:06.700-0300][gc,phases      ] GC(602)   Post Evacuate Collection Set: 2.2ms
[2020-09-08T10:38:06.700-0300][gc,phases      ] GC(602)   Other: 1.5ms
[2020-09-08T10:38:06.700-0300][gc,heap        ] GC(602) Eden regions: 32->0(31)
[2020-09-08T10:38:06.700-0300][gc,heap        ] GC(602) Survivor regions: 3->4(5)
[2020-09-08T10:38:06.700-0300][gc,heap        ] GC(602) Old regions: 53->53
[2020-09-08T10:38:06.700-0300][gc,heap        ] GC(602) Humongous regions: 4->4
[2020-09-08T10:38:06.700-0300][gc,metaspace   ] GC(602) Metaspace: 40691K->40691K(1089536K)
[2020-09-08T10:38:06.700-0300][gc,heap        ] GC(602) Heap after GC invocations=603 (full 1): garbage-first heap   total 109568K, used 59204K [0x0000000083000000, 0x0000000100000000)
[2020-09-08T10:38:06.701-0300][gc,heap        ] GC(602)   region size 1024K, 4 young (4096K), 4 survivors (4096K)
[2020-09-08T10:38:06.701-0300][gc,heap        ] GC(602)  Metaspace       used 40691K, capacity 42746K, committed 46464K, reserved 1089536K
[2020-09-08T10:38:06.701-0300][gc,heap        ] GC(602)   class space    used 4081K, capacity 4757K, committed 6016K, reserved 1048576K
[2020-09-08T10:38:06.701-0300][gc             ] GC(602) Pause Young (Normal) (G1 Evacuation Pause) 89M->57M(107M) 19.114ms
[2020-09-08T10:38:06.701-0300][gc,cpu         ] GC(602) User=0.06s Sys=0.01s Real=0.02s
[2020-09-08T10:38:14.003-0300][gc,heap        ] GC(603) Heap before GC invocations=603 (full 1): garbage-first heap   total 109568K, used 89924K [0x0000000083000000, 0x0000000100000000)
[2020-09-08T10:38:14.003-0300][gc,heap        ] GC(603)   region size 1024K, 35 young (35840K), 4 survivors (4096K)
[2020-09-08T10:38:14.003-0300][gc,heap        ] GC(603)  Metaspace       used 40691K, capacity 42746K, committed 46464K, reserved 1089536K
[2020-09-08T10:38:14.003-0300][gc,heap        ] GC(603)   class space    used 4081K, capacity 4757K, committed 6016K, reserved 1048576K
[2020-09-08T10:38:14.004-0300][gc,start       ] GC(603) Pause Young (Normal) (G1 Evacuation Pause)
[2020-09-08T10:38:14.004-0300][gc,task        ] GC(603) Using 4 workers of 4 for evacuation
[2020-09-08T10:38:14.034-0300][gc,phases      ] GC(603)   Pre Evacuate Collection Set: 0.0ms
[2020-09-08T10:38:14.035-0300][gc,phases      ] GC(603)   Evacuate Collection Set: 26.4ms
[2020-09-08T10:38:14.035-0300][gc,phases      ] GC(603)   Post Evacuate Collection Set: 3.2ms
[2020-09-08T10:38:14.035-0300][gc,phases      ] GC(603)   Other: 1.8ms
[2020-09-08T10:38:14.035-0300][gc,heap        ] GC(603) Eden regions: 31->0(32)
[2020-09-08T10:38:14.035-0300][gc,heap        ] GC(603) Survivor regions: 4->3(5)
[2020-09-08T10:38:14.035-0300][gc,heap        ] GC(603) Old regions: 53->54
[2020-09-08T10:38:14.035-0300][gc,heap        ] GC(603) Humongous regions: 4->4
[2020-09-08T10:38:14.035-0300][gc,metaspace   ] GC(603) Metaspace: 40691K->40691K(1089536K)
[2020-09-08T10:38:14.035-0300][gc,heap        ] GC(603) Heap after GC invocations=604 (full 1): garbage-first heap   total 109568K, used 59457K [0x0000000083000000, 0x0000000100000000)
[2020-09-08T10:38:14.035-0300][gc,heap        ] GC(603)   region size 1024K, 3 young (3072K), 3 survivors (3072K)
[2020-09-08T10:38:14.035-0300][gc,heap        ] GC(603)  Metaspace       used 40691K, capacity 42746K, committed 46464K, reserved 1089536K
[2020-09-08T10:38:14.035-0300][gc,heap        ] GC(603)   class space    used 4081K, capacity 4757K, committed 6016K, reserved 1048576K
[2020-09-08T10:38:14.036-0300][gc             ] GC(603) Pause Young (Normal) (G1 Evacuation Pause) 88M->58M(107M) 32.016ms
[2020-09-08T10:38:14.036-0300][gc,cpu         ] GC(603) User=0.07s Sys=0.01s Real=0.03s
[2020-09-08T10:38:28.520-0300][gc,heap        ] GC(604) Heap before GC invocations=604 (full 1): garbage-first heap   total 109568K, used 91201K [0x0000000083000000, 0x0000000100000000)
[2020-09-08T10:38:28.520-0300][gc,heap        ] GC(604)   region size 1024K, 35 young (35840K), 3 survivors (3072K)
[2020-09-08T10:38:28.520-0300][gc,heap        ] GC(604)  Metaspace       used 40691K, capacity 42746K, committed 46464K, reserved 1089536K
[2020-09-08T10:38:28.521-0300][gc,heap        ] GC(604)   class space    used 4081K, capacity 4757K, committed 6016K, reserved 1048576K
[2020-09-08T10:38:28.521-0300][gc,start       ] GC(604) Pause Young (Normal) (G1 Evacuation Pause)
[2020-09-08T10:38:28.521-0300][gc,task        ] GC(604) Using 4 workers of 4 for evacuation
[2020-09-08T10:38:28.537-0300][gc,phases      ] GC(604)   Pre Evacuate Collection Set: 0.0ms
[2020-09-08T10:38:28.537-0300][gc,phases      ] GC(604)   Evacuate Collection Set: 13.3ms
[2020-09-08T10:38:28.537-0300][gc,phases      ] GC(604)   Post Evacuate Collection Set: 2.0ms
[2020-09-08T10:38:28.537-0300][gc,phases      ] GC(604)   Other: 1.5ms
[2020-09-08T10:38:28.538-0300][gc,heap        ] GC(604) Eden regions: 32->0(32)
[2020-09-08T10:38:28.538-0300][gc,heap        ] GC(604) Survivor regions: 3->3(5)
[2020-09-08T10:38:28.538-0300][gc,heap        ] GC(604) Old regions: 54->54
[2020-09-08T10:38:28.538-0300][gc,heap        ] GC(604) Humongous regions: 4->4
[2020-09-08T10:38:28.538-0300][gc,metaspace   ] GC(604) Metaspace: 40691K->40691K(1089536K)
[2020-09-08T10:38:28.538-0300][gc,heap        ] GC(604) Heap after GC invocations=605 (full 1): garbage-first heap   total 109568K, used 59619K [0x0000000083000000, 0x0000000100000000)
[2020-09-08T10:38:28.538-0300][gc,heap        ] GC(604)   region size 1024K, 3 young (3072K), 3 survivors (3072K)
[2020-09-08T10:38:28.538-0300][gc,heap        ] GC(604)  Metaspace       used 40691K, capacity 42746K, committed 46464K, reserved 1089536K
[2020-09-08T10:38:28.538-0300][gc,heap        ] GC(604)   class space    used 4081K, capacity 4757K, committed 6016K, reserved 1048576K
[2020-09-08T10:38:28.538-0300][gc             ] GC(604) Pause Young (Normal) (G1 Evacuation Pause) 90M->58M(107M) 17.225ms
[2020-09-08T10:38:28.538-0300][gc,cpu         ] GC(604) User=0.06s Sys=0.01s Real=0.02s
[2020-09-08T10:38:45.990-0300][gc,heap        ] GC(605) Heap before GC invocations=605 (full 1): garbage-first heap   total 109568K, used 91363K [0x0000000083000000, 0x0000000100000000)
[2020-09-08T10:38:45.990-0300][gc,heap        ] GC(605)   region size 1024K, 35 young (35840K), 3 survivors (3072K)
[2020-09-08T10:38:45.990-0300][gc,heap        ] GC(605)  Metaspace       used 40691K, capacity 42746K, committed 46464K, reserved 1089536K
[2020-09-08T10:38:45.990-0300][gc,heap        ] GC(605)   class space    used 4081K, capacity 4757K, committed 6016K, reserved 1048576K
[2020-09-08T10:38:45.991-0300][gc,start       ] GC(605) Pause Young (Normal) (G1 Evacuation Pause)
[2020-09-08T10:38:45.991-0300][gc,task        ] GC(605) Using 4 workers of 4 for evacuation
[2020-09-08T10:38:46.008-0300][gc,phases      ] GC(605)   Pre Evacuate Collection Set: 0.0ms
[2020-09-08T10:38:46.008-0300][gc,phases      ] GC(605)   Evacuate Collection Set: 14.5ms
[2020-09-08T10:38:46.008-0300][gc,phases      ] GC(605)   Post Evacuate Collection Set: 2.0ms
[2020-09-08T10:38:46.008-0300][gc,phases      ] GC(605)   Other: 1.6ms
[2020-09-08T10:38:46.009-0300][gc,heap        ] GC(605) Eden regions: 32->0(32)
[2020-09-08T10:38:46.009-0300][gc,heap        ] GC(605) Survivor regions: 3->3(5)
[2020-09-08T10:38:46.009-0300][gc,heap        ] GC(605) Old regions: 54->54
[2020-09-08T10:38:46.009-0300][gc,heap        ] GC(605) Humongous regions: 4->4
[2020-09-08T10:38:46.009-0300][gc,metaspace   ] GC(605) Metaspace: 40691K->40691K(1089536K)
[2020-09-08T10:38:46.009-0300][gc,heap        ] GC(605) Heap after GC invocations=606 (full 1): garbage-first heap   total 109568K, used 60052K [0x0000000083000000, 0x0000000100000000)
[2020-09-08T10:38:46.009-0300][gc,heap        ] GC(605)   region size 1024K, 3 young (3072K), 3 survivors (3072K)
[2020-09-08T10:38:46.009-0300][gc,heap        ] GC(605)  Metaspace       used 40691K, capacity 42746K, committed 46464K, reserved 1089536K
[2020-09-08T10:38:46.009-0300][gc,heap        ] GC(605)   class space    used 4081K, capacity 4757K, committed 6016K, reserved 1048576K
[2020-09-08T10:38:46.009-0300][gc             ] GC(605) Pause Young (Normal) (G1 Evacuation Pause) 90M->58M(107M) 18.427ms
[2020-09-08T10:38:46.009-0300][gc,cpu         ] GC(605) User=0.06s Sys=0.01s Real=0.02s
[2020-09-08T10:38:58.691-0300][gc,heap        ] GC(606) Heap before GC invocations=606 (full 1): garbage-first heap   total 109568K, used 91796K [0x0000000083000000, 0x0000000100000000)
[2020-09-08T10:38:58.691-0300][gc,heap        ] GC(606)   region size 1024K, 35 young (35840K), 3 survivors (3072K)
[2020-09-08T10:38:58.691-0300][gc,heap        ] GC(606)  Metaspace       used 40691K, capacity 42746K, committed 46464K, reserved 1089536K
[2020-09-08T10:38:58.691-0300][gc,heap        ] GC(606)   class space    used 4081K, capacity 4757K, committed 6016K, reserved 1048576K
[2020-09-08T10:38:58.691-0300][gc,start       ] GC(606) Pause Young (Normal) (G1 Evacuation Pause)
[2020-09-08T10:38:58.691-0300][gc,task        ] GC(606) Using 4 workers of 4 for evacuation
[2020-09-08T10:38:58.709-0300][gc,phases      ] GC(606)   Pre Evacuate Collection Set: 0.0ms
[2020-09-08T10:38:58.709-0300][gc,phases      ] GC(606)   Evacuate Collection Set: 14.2ms
[2020-09-08T10:38:58.710-0300][gc,phases      ] GC(606)   Post Evacuate Collection Set: 3.0ms
[2020-09-08T10:38:58.710-0300][gc,phases      ] GC(606)   Other: 1.5ms
[2020-09-08T10:38:58.710-0300][gc,heap        ] GC(606) Eden regions: 32->0(32)
[2020-09-08T10:38:58.710-0300][gc,heap        ] GC(606) Survivor regions: 3->3(5)
[2020-09-08T10:38:58.710-0300][gc,heap        ] GC(606) Old regions: 54->54
[2020-09-08T10:38:58.710-0300][gc,heap        ] GC(606) Humongous regions: 4->4
[2020-09-08T10:38:58.710-0300][gc,metaspace   ] GC(606) Metaspace: 40691K->40691K(1089536K)
[2020-09-08T10:38:58.710-0300][gc,heap        ] GC(606) Heap after GC invocations=607 (full 1): garbage-first heap   total 109568K, used 60015K [0x0000000083000000, 0x0000000100000000)
[2020-09-08T10:38:58.710-0300][gc,heap        ] GC(606)   region size 1024K, 3 young (3072K), 3 survivors (3072K)
[2020-09-08T10:38:58.710-0300][gc,heap        ] GC(606)  Metaspace       used 40691K, capacity 42746K, committed 46464K, reserved 1089536K
[2020-09-08T10:38:58.710-0300][gc,heap        ] GC(606)   class space    used 4081K, capacity 4757K, committed 6016K, reserved 1048576K
[2020-09-08T10:38:58.710-0300][gc             ] GC(606) Pause Young (Normal) (G1 Evacuation Pause) 90M->58M(107M) 19.129ms
[2020-09-08T10:38:58.711-0300][gc,cpu         ] GC(606) User=0.06s Sys=0.01s Real=0.01s
[2020-09-08T10:39:10.026-0300][gc,heap        ] GC(607) Heap before GC invocations=607 (full 1): garbage-first heap   total 109568K, used 91759K [0x0000000083000000, 0x0000000100000000)
[2020-09-08T10:39:10.026-0300][gc,heap        ] GC(607)   region size 1024K, 35 young (35840K), 3 survivors (3072K)
[2020-09-08T10:39:10.026-0300][gc,heap        ] GC(607)  Metaspace       used 40691K, capacity 42746K, committed 46464K, reserved 1089536K
[2020-09-08T10:39:10.027-0300][gc,heap        ] GC(607)   class space    used 4081K, capacity 4757K, committed 6016K, reserved 1048576K
[2020-09-08T10:39:10.027-0300][gc,start       ] GC(607) Pause Young (Normal) (G1 Evacuation Pause)
[2020-09-08T10:39:10.027-0300][gc,task        ] GC(607) Using 4 workers of 4 for evacuation
[2020-09-08T10:39:10.042-0300][gc,phases      ] GC(607)   Pre Evacuate Collection Set: 0.0ms
[2020-09-08T10:39:10.042-0300][gc,phases      ] GC(607)   Evacuate Collection Set: 11.8ms
[2020-09-08T10:39:10.042-0300][gc,phases      ] GC(607)   Post Evacuate Collection Set: 2.8ms
[2020-09-08T10:39:10.043-0300][gc,phases      ] GC(607)   Other: 1.4ms
[2020-09-08T10:39:10.043-0300][gc,heap        ] GC(607) Eden regions: 32->0(32)
[2020-09-08T10:39:10.043-0300][gc,heap        ] GC(607) Survivor regions: 3->3(5)
[2020-09-08T10:39:10.043-0300][gc,heap        ] GC(607) Old regions: 54->54
[2020-09-08T10:39:10.043-0300][gc,heap        ] GC(607) Humongous regions: 4->4
[2020-09-08T10:39:10.043-0300][gc,metaspace   ] GC(607) Metaspace: 40691K->40691K(1089536K)
[2020-09-08T10:39:10.043-0300][gc,heap        ] GC(607) Heap after GC invocations=608 (full 1): garbage-first heap   total 109568K, used 60141K [0x0000000083000000, 0x0000000100000000)
[2020-09-08T10:39:10.043-0300][gc,heap        ] GC(607)   region size 1024K, 3 young (3072K), 3 survivors (3072K)
[2020-09-08T10:39:10.043-0300][gc,heap        ] GC(607)  Metaspace       used 40691K, capacity 42746K, committed 46464K, reserved 1089536K
[2020-09-08T10:39:10.043-0300][gc,heap        ] GC(607)   class space    used 4081K, capacity 4757K, committed 6016K, reserved 1048576K
[2020-09-08T10:39:10.043-0300][gc             ] GC(607) Pause Young (Normal) (G1 Evacuation Pause) 90M->58M(107M) 16.409ms
[2020-09-08T10:39:10.044-0300][gc,cpu         ] GC(607) User=0.05s Sys=0.01s Real=0.02s
[2020-09-08T10:39:26.744-0300][gc,heap        ] GC(608) Heap before GC invocations=608 (full 1): garbage-first heap   total 109568K, used 91885K [0x0000000083000000, 0x0000000100000000)
[2020-09-08T10:39:26.744-0300][gc,heap        ] GC(608)   region size 1024K, 35 young (35840K), 3 survivors (3072K)
[2020-09-08T10:39:26.744-0300][gc,heap        ] GC(608)  Metaspace       used 40691K, capacity 42746K, committed 46464K, reserved 1089536K
[2020-09-08T10:39:26.744-0300][gc,heap        ] GC(608)   class space    used 4081K, capacity 4757K, committed 6016K, reserved 1048576K
[2020-09-08T10:39:26.744-0300][gc,start       ] GC(608) Pause Young (Normal) (G1 Evacuation Pause)
[2020-09-08T10:39:26.744-0300][gc,task        ] GC(608) Using 4 workers of 4 for evacuation
[2020-09-08T10:39:26.759-0300][gc,phases      ] GC(608)   Pre Evacuate Collection Set: 0.0ms
[2020-09-08T10:39:26.759-0300][gc,phases      ] GC(608)   Evacuate Collection Set: 11.8ms
[2020-09-08T10:39:26.759-0300][gc,phases      ] GC(608)   Post Evacuate Collection Set: 1.8ms
[2020-09-08T10:39:26.759-0300][gc,phases      ] GC(608)   Other: 1.4ms
[2020-09-08T10:39:26.759-0300][gc,heap        ] GC(608) Eden regions: 32->0(32)
[2020-09-08T10:39:26.759-0300][gc,heap        ] GC(608) Survivor regions: 3->3(5)
[2020-09-08T10:39:26.760-0300][gc,heap        ] GC(608) Old regions: 54->54
[2020-09-08T10:39:26.760-0300][gc,heap        ] GC(608) Humongous regions: 4->4
[2020-09-08T10:39:26.760-0300][gc,metaspace   ] GC(608) Metaspace: 40691K->40691K(1089536K)
[2020-09-08T10:39:26.760-0300][gc,heap        ] GC(608) Heap after GC invocations=609 (full 1): garbage-first heap   total 109568K, used 59899K [0x0000000083000000, 0x0000000100000000)
[2020-09-08T10:39:26.760-0300][gc,heap        ] GC(608)   region size 1024K, 3 young (3072K), 3 survivors (3072K)
[2020-09-08T10:39:26.760-0300][gc,heap        ] GC(608)  Metaspace       used 40691K, capacity 42746K, committed 46464K, reserved 1089536K
[2020-09-08T10:39:26.760-0300][gc,heap        ] GC(608)   class space    used 4081K, capacity 4757K, committed 6016K, reserved 1048576K
[2020-09-08T10:39:26.760-0300][gc             ] GC(608) Pause Young (Normal) (G1 Evacuation Pause) 90M->58M(107M) 15.527ms
[2020-09-08T10:39:26.761-0300][gc,cpu         ] GC(608) User=0.05s Sys=0.01s Real=0.01s
[2020-09-08T10:39:57.318-0300][gc,heap        ] GC(609) Heap before GC invocations=609 (full 1): garbage-first heap   total 109568K, used 91643K [0x0000000083000000, 0x0000000100000000)
[2020-09-08T10:39:57.318-0300][gc,heap        ] GC(609)   region size 1024K, 35 young (35840K), 3 survivors (3072K)
[2020-09-08T10:39:57.318-0300][gc,heap        ] GC(609)  Metaspace       used 40692K, capacity 42746K, committed 46464K, reserved 1089536K
[2020-09-08T10:39:57.318-0300][gc,heap        ] GC(609)   class space    used 4081K, capacity 4757K, committed 6016K, reserved 1048576K
[2020-09-08T10:39:57.318-0300][gc,start       ] GC(609) Pause Young (Normal) (G1 Evacuation Pause)
[2020-09-08T10:39:57.318-0300][gc,task        ] GC(609) Using 4 workers of 4 for evacuation
[2020-09-08T10:39:57.333-0300][gc,phases      ] GC(609)   Pre Evacuate Collection Set: 0.0ms
[2020-09-08T10:39:57.333-0300][gc,phases      ] GC(609)   Evacuate Collection Set: 11.2ms
[2020-09-08T10:39:57.333-0300][gc,phases      ] GC(609)   Post Evacuate Collection Set: 2.2ms
[2020-09-08T10:39:57.333-0300][gc,phases      ] GC(609)   Other: 1.4ms
[2020-09-08T10:39:57.333-0300][gc,heap        ] GC(609) Eden regions: 32->0(32)
[2020-09-08T10:39:57.333-0300][gc,heap        ] GC(609) Survivor regions: 3->3(5)
[2020-09-08T10:39:57.333-0300][gc,heap        ] GC(609) Old regions: 54->54
[2020-09-08T10:39:57.333-0300][gc,heap        ] GC(609) Humongous regions: 4->4
[2020-09-08T10:39:57.333-0300][gc,metaspace   ] GC(609) Metaspace: 40692K->40692K(1089536K)
[2020-09-08T10:39:57.333-0300][gc,heap        ] GC(609) Heap after GC invocations=610 (full 1): garbage-first heap   total 109568K, used 59751K [0x0000000083000000, 0x0000000100000000)
[2020-09-08T10:39:57.333-0300][gc,heap        ] GC(609)   region size 1024K, 3 young (3072K), 3 survivors (3072K)
[2020-09-08T10:39:57.333-0300][gc,heap        ] GC(609)  Metaspace       used 40692K, capacity 42746K, committed 46464K, reserved 1089536K
[2020-09-08T10:39:57.333-0300][gc,heap        ] GC(609)   class space    used 4081K, capacity 4757K, committed 6016K, reserved 1048576K
[2020-09-08T10:39:57.333-0300][gc             ] GC(609) Pause Young (Normal) (G1 Evacuation Pause) 90M->58M(107M) 15.221ms
[2020-09-08T10:39:57.334-0300][gc,cpu         ] GC(609) User=0.05s Sys=0.00s Real=0.02s
[2020-09-08T10:40:18.809-0300][gc,heap        ] GC(610) Heap before GC invocations=610 (full 1): garbage-first heap   total 109568K, used 91495K [0x0000000083000000, 0x0000000100000000)
[2020-09-08T10:40:18.810-0300][gc,heap        ] GC(610)   region size 1024K, 35 young (35840K), 3 survivors (3072K)
[2020-09-08T10:40:18.810-0300][gc,heap        ] GC(610)  Metaspace       used 40692K, capacity 42746K, committed 46464K, reserved 1089536K
[2020-09-08T10:40:18.810-0300][gc,heap        ] GC(610)   class space    used 4081K, capacity 4757K, committed 6016K, reserved 1048576K
[2020-09-08T10:40:18.810-0300][gc,start       ] GC(610) Pause Young (Normal) (G1 Evacuation Pause)
[2020-09-08T10:40:18.810-0300][gc,task        ] GC(610) Using 4 workers of 4 for evacuation
[2020-09-08T10:40:18.824-0300][gc,phases      ] GC(610)   Pre Evacuate Collection Set: 0.0ms
[2020-09-08T10:40:18.824-0300][gc,phases      ] GC(610)   Evacuate Collection Set: 10.3ms
[2020-09-08T10:40:18.824-0300][gc,phases      ] GC(610)   Post Evacuate Collection Set: 2.8ms
[2020-09-08T10:40:18.824-0300][gc,phases      ] GC(610)   Other: 1.6ms
[2020-09-08T10:40:18.824-0300][gc,heap        ] GC(610) Eden regions: 32->0(32)
[2020-09-08T10:40:18.824-0300][gc,heap        ] GC(610) Survivor regions: 3->3(5)
[2020-09-08T10:40:18.824-0300][gc,heap        ] GC(610) Old regions: 54->54
[2020-09-08T10:40:18.824-0300][gc,heap        ] GC(610) Humongous regions: 4->4
[2020-09-08T10:40:18.825-0300][gc,metaspace   ] GC(610) Metaspace: 40692K->40692K(1089536K)
[2020-09-08T10:40:18.825-0300][gc,heap        ] GC(610) Heap after GC invocations=611 (full 1): garbage-first heap   total 109568K, used 59742K [0x0000000083000000, 0x0000000100000000)
[2020-09-08T10:40:18.825-0300][gc,heap        ] GC(610)   region size 1024K, 3 young (3072K), 3 survivors (3072K)
[2020-09-08T10:40:18.825-0300][gc,heap        ] GC(610)  Metaspace       used 40692K, capacity 42746K, committed 46464K, reserved 1089536K
[2020-09-08T10:40:18.825-0300][gc,heap        ] GC(610)   class space    used 4081K, capacity 4757K, committed 6016K, reserved 1048576K
[2020-09-08T10:40:18.825-0300][gc             ] GC(610) Pause Young (Normal) (G1 Evacuation Pause) 90M->58M(107M) 14.817ms
[2020-09-08T10:40:18.825-0300][gc,cpu         ] GC(610) User=0.04s Sys=0.01s Real=0.02s
[2020-09-08T10:40:47.636-0300][gc,heap        ] GC(611) Heap before GC invocations=611 (full 1): garbage-first heap   total 109568K, used 91486K [0x0000000083000000, 0x0000000100000000)
[2020-09-08T10:40:47.636-0300][gc,heap        ] GC(611)   region size 1024K, 35 young (35840K), 3 survivors (3072K)
[2020-09-08T10:40:47.636-0300][gc,heap        ] GC(611)  Metaspace       used 40694K, capacity 42746K, committed 46464K, reserved 1089536K
[2020-09-08T10:40:47.636-0300][gc,heap        ] GC(611)   class space    used 4081K, capacity 4757K, committed 6016K, reserved 1048576K
[2020-09-08T10:40:47.637-0300][gc,start       ] GC(611) Pause Young (Normal) (G1 Evacuation Pause)
[2020-09-08T10:40:47.637-0300][gc,task        ] GC(611) Using 4 workers of 4 for evacuation
[2020-09-08T10:40:47.652-0300][gc,phases      ] GC(611)   Pre Evacuate Collection Set: 0.0ms
[2020-09-08T10:40:47.652-0300][gc,phases      ] GC(611)   Evacuate Collection Set: 11.7ms
[2020-09-08T10:40:47.652-0300][gc,phases      ] GC(611)   Post Evacuate Collection Set: 2.2ms
[2020-09-08T10:40:47.652-0300][gc,phases      ] GC(611)   Other: 1.3ms
[2020-09-08T10:40:47.652-0300][gc,heap        ] GC(611) Eden regions: 32->0(32)
[2020-09-08T10:40:47.652-0300][gc,heap        ] GC(611) Survivor regions: 3->3(5)
[2020-09-08T10:40:47.652-0300][gc,heap        ] GC(611) Old regions: 54->54
[2020-09-08T10:40:47.652-0300][gc,heap        ] GC(611) Humongous regions: 4->4
[2020-09-08T10:40:47.652-0300][gc,metaspace   ] GC(611) Metaspace: 40694K->40694K(1089536K)
[2020-09-08T10:40:47.652-0300][gc,heap        ] GC(611) Heap after GC invocations=612 (full 1): garbage-first heap   total 109568K, used 59941K [0x0000000083000000, 0x0000000100000000)
[2020-09-08T10:40:47.652-0300][gc,heap        ] GC(611)   region size 1024K, 3 young (3072K), 3 survivors (3072K)
[2020-09-08T10:40:47.652-0300][gc,heap        ] GC(611)  Metaspace       used 40694K, capacity 42746K, committed 46464K, reserved 1089536K
[2020-09-08T10:40:47.652-0300][gc,heap        ] GC(611)   class space    used 4081K, capacity 4757K, committed 6016K, reserved 1048576K
[2020-09-08T10:40:47.652-0300][gc             ] GC(611) Pause Young (Normal) (G1 Evacuation Pause) 90M->58M(107M) 15.658ms
[2020-09-08T10:40:47.653-0300][gc,cpu         ] GC(611) User=0.04s Sys=0.01s Real=0.02s
[2020-09-08T10:41:07.254-0300][gc,heap        ] GC(612) Heap before GC invocations=612 (full 1): garbage-first heap   total 109568K, used 91685K [0x0000000083000000, 0x0000000100000000)
[2020-09-08T10:41:07.254-0300][gc,heap        ] GC(612)   region size 1024K, 35 young (35840K), 3 survivors (3072K)
[2020-09-08T10:41:07.254-0300][gc,heap        ] GC(612)  Metaspace       used 40694K, capacity 42746K, committed 46464K, reserved 1089536K
[2020-09-08T10:41:07.254-0300][gc,heap        ] GC(612)   class space    used 4081K, capacity 4757K, committed 6016K, reserved 1048576K
[2020-09-08T10:41:07.255-0300][gc,start       ] GC(612) Pause Young (Normal) (G1 Evacuation Pause)
[2020-09-08T10:41:07.255-0300][gc,task        ] GC(612) Using 4 workers of 4 for evacuation
[2020-09-08T10:41:07.271-0300][gc,phases      ] GC(612)   Pre Evacuate Collection Set: 0.0ms
[2020-09-08T10:41:07.271-0300][gc,phases      ] GC(612)   Evacuate Collection Set: 12.7ms
[2020-09-08T10:41:07.271-0300][gc,phases      ] GC(612)   Post Evacuate Collection Set: 2.9ms
[2020-09-08T10:41:07.271-0300][gc,phases      ] GC(612)   Other: 1.4ms
[2020-09-08T10:41:07.271-0300][gc,heap        ] GC(612) Eden regions: 32->0(32)
[2020-09-08T10:41:07.271-0300][gc,heap        ] GC(612) Survivor regions: 3->3(5)
[2020-09-08T10:41:07.272-0300][gc,heap        ] GC(612) Old regions: 54->54
[2020-09-08T10:41:07.272-0300][gc,heap        ] GC(612) Humongous regions: 4->4
[2020-09-08T10:41:07.272-0300][gc,metaspace   ] GC(612) Metaspace: 40694K->40694K(1089536K)
[2020-09-08T10:41:07.272-0300][gc,heap        ] GC(612) Heap after GC invocations=613 (full 1): garbage-first heap   total 109568K, used 60425K [0x0000000083000000, 0x0000000100000000)
[2020-09-08T10:41:07.272-0300][gc,heap        ] GC(612)   region size 1024K, 3 young (3072K), 3 survivors (3072K)
[2020-09-08T10:41:07.272-0300][gc,heap        ] GC(612)  Metaspace       used 40694K, capacity 42746K, committed 46464K, reserved 1089536K
[2020-09-08T10:41:07.272-0300][gc,heap        ] GC(612)   class space    used 4081K, capacity 4757K, committed 6016K, reserved 1048576K
[2020-09-08T10:41:07.272-0300][gc             ] GC(612) Pause Young (Normal) (G1 Evacuation Pause) 90M->59M(107M) 17.224ms
[2020-09-08T10:41:07.272-0300][gc,cpu         ] GC(612) User=0.05s Sys=0.00s Real=0.02s
[2020-09-08T10:41:30.013-0300][gc,heap        ] GC(613) Heap before GC invocations=613 (full 1): garbage-first heap   total 109568K, used 92169K [0x0000000083000000, 0x0000000100000000)
[2020-09-08T10:41:30.013-0300][gc,heap        ] GC(613)   region size 1024K, 35 young (35840K), 3 survivors (3072K)
[2020-09-08T10:41:30.014-0300][gc,heap        ] GC(613)  Metaspace       used 40694K, capacity 42746K, committed 46464K, reserved 1089536K
[2020-09-08T10:41:30.014-0300][gc,heap        ] GC(613)   class space    used 4081K, capacity 4757K, committed 6016K, reserved 1048576K
[2020-09-08T10:41:30.014-0300][gc,start       ] GC(613) Pause Young (Normal) (G1 Evacuation Pause)
[2020-09-08T10:41:30.014-0300][gc,task        ] GC(613) Using 4 workers of 4 for evacuation
[2020-09-08T10:41:30.028-0300][gc,phases      ] GC(613)   Pre Evacuate Collection Set: 0.0ms
[2020-09-08T10:41:30.029-0300][gc,phases      ] GC(613)   Evacuate Collection Set: 11.6ms
[2020-09-08T10:41:30.029-0300][gc,phases      ] GC(613)   Post Evacuate Collection Set: 2.2ms
[2020-09-08T10:41:30.029-0300][gc,phases      ] GC(613)   Other: 1.3ms
[2020-09-08T10:41:30.029-0300][gc,heap        ] GC(613) Eden regions: 32->0(32)
[2020-09-08T10:41:30.029-0300][gc,heap        ] GC(613) Survivor regions: 3->2(5)
[2020-09-08T10:41:30.029-0300][gc,heap        ] GC(613) Old regions: 54->55
[2020-09-08T10:41:30.029-0300][gc,heap        ] GC(613) Humongous regions: 4->4
[2020-09-08T10:41:30.029-0300][gc,metaspace   ] GC(613) Metaspace: 40694K->40694K(1089536K)
[2020-09-08T10:41:30.029-0300][gc,heap        ] GC(613) Heap after GC invocations=614 (full 1): garbage-first heap   total 109568K, used 59914K [0x0000000083000000, 0x0000000100000000)
[2020-09-08T10:41:30.029-0300][gc,heap        ] GC(613)   region size 1024K, 2 young (2048K), 2 survivors (2048K)
[2020-09-08T10:41:30.029-0300][gc,heap        ] GC(613)  Metaspace       used 40694K, capacity 42746K, committed 46464K, reserved 1089536K
[2020-09-08T10:41:30.029-0300][gc,heap        ] GC(613)   class space    used 4081K, capacity 4757K, committed 6016K, reserved 1048576K
[2020-09-08T10:41:30.029-0300][gc             ] GC(613) Pause Young (Normal) (G1 Evacuation Pause) 91M->58M(107M) 15.471ms
[2020-09-08T10:41:30.030-0300][gc,cpu         ] GC(613) User=0.05s Sys=0.00s Real=0.01s
[2020-09-08T10:41:45.775-0300][gc,heap        ] GC(614) Heap before GC invocations=614 (full 1): garbage-first heap   total 109568K, used 91658K [0x0000000083000000, 0x0000000100000000)
[2020-09-08T10:41:45.775-0300][gc,heap        ] GC(614)   region size 1024K, 34 young (34816K), 2 survivors (2048K)
[2020-09-08T10:41:45.775-0300][gc,heap        ] GC(614)  Metaspace       used 40694K, capacity 42746K, committed 46464K, reserved 1089536K
[2020-09-08T10:41:45.775-0300][gc,heap        ] GC(614)   class space    used 4081K, capacity 4757K, committed 6016K, reserved 1048576K
[2020-09-08T10:41:45.775-0300][gc,start       ] GC(614) Pause Young (Normal) (G1 Evacuation Pause)
[2020-09-08T10:41:45.775-0300][gc,task        ] GC(614) Using 4 workers of 4 for evacuation
[2020-09-08T10:41:45.790-0300][gc,phases      ] GC(614)   Pre Evacuate Collection Set: 0.0ms
[2020-09-08T10:41:45.790-0300][gc,phases      ] GC(614)   Evacuate Collection Set: 12.1ms
[2020-09-08T10:41:45.790-0300][gc,phases      ] GC(614)   Post Evacuate Collection Set: 2.2ms
[2020-09-08T10:41:45.791-0300][gc,phases      ] GC(614)   Other: 1.4ms
[2020-09-08T10:41:45.791-0300][gc,heap        ] GC(614) Eden regions: 32->0(31)
[2020-09-08T10:41:45.791-0300][gc,heap        ] GC(614) Survivor regions: 2->3(5)
[2020-09-08T10:41:45.791-0300][gc,heap        ] GC(614) Old regions: 55->55
[2020-09-08T10:41:45.791-0300][gc,heap        ] GC(614) Humongous regions: 4->4
[2020-09-08T10:41:45.791-0300][gc,metaspace   ] GC(614) Metaspace: 40694K->40694K(1089536K)
[2020-09-08T10:41:45.791-0300][gc,heap        ] GC(614) Heap after GC invocations=615 (full 1): garbage-first heap   total 109568K, used 60550K [0x0000000083000000, 0x0000000100000000)
[2020-09-08T10:41:45.791-0300][gc,heap        ] GC(614)   region size 1024K, 3 young (3072K), 3 survivors (3072K)
[2020-09-08T10:41:45.791-0300][gc,heap        ] GC(614)  Metaspace       used 40694K, capacity 42746K, committed 46464K, reserved 1089536K
[2020-09-08T10:41:45.791-0300][gc,heap        ] GC(614)   class space    used 4081K, capacity 4757K, committed 6016K, reserved 1048576K
[2020-09-08T10:41:45.791-0300][gc             ] GC(614) Pause Young (Normal) (G1 Evacuation Pause) 90M->59M(107M) 16.045ms
[2020-09-08T10:41:45.791-0300][gc,cpu         ] GC(614) User=0.04s Sys=0.01s Real=0.02s
[2020-09-08T10:41:59.352-0300][gc,heap        ] GC(615) Heap before GC invocations=615 (full 1): garbage-first heap   total 109568K, used 91270K [0x0000000083000000, 0x0000000100000000)
[2020-09-08T10:41:59.352-0300][gc,heap        ] GC(615)   region size 1024K, 34 young (34816K), 3 survivors (3072K)
[2020-09-08T10:41:59.352-0300][gc,heap        ] GC(615)  Metaspace       used 40694K, capacity 42746K, committed 46464K, reserved 1089536K
[2020-09-08T10:41:59.352-0300][gc,heap        ] GC(615)   class space    used 4081K, capacity 4757K, committed 6016K, reserved 1048576K
[2020-09-08T10:41:59.353-0300][gc,start       ] GC(615) Pause Young (Normal) (G1 Evacuation Pause)
[2020-09-08T10:41:59.353-0300][gc,task        ] GC(615) Using 4 workers of 4 for evacuation
[2020-09-08T10:41:59.368-0300][gc,phases      ] GC(615)   Pre Evacuate Collection Set: 0.0ms
[2020-09-08T10:41:59.368-0300][gc,phases      ] GC(615)   Evacuate Collection Set: 12.2ms
[2020-09-08T10:41:59.368-0300][gc,phases      ] GC(615)   Post Evacuate Collection Set: 1.8ms
[2020-09-08T10:41:59.368-0300][gc,phases      ] GC(615)   Other: 1.3ms
[2020-09-08T10:41:59.368-0300][gc,heap        ] GC(615) Eden regions: 31->0(31)
[2020-09-08T10:41:59.368-0300][gc,heap        ] GC(615) Survivor regions: 3->3(5)
[2020-09-08T10:41:59.368-0300][gc,heap        ] GC(615) Old regions: 55->55
[2020-09-08T10:41:59.368-0300][gc,heap        ] GC(615) Humongous regions: 4->4
[2020-09-08T10:41:59.368-0300][gc,metaspace   ] GC(615) Metaspace: 40694K->40694K(1089536K)
[2020-09-08T10:41:59.368-0300][gc,heap        ] GC(615) Heap after GC invocations=616 (full 1): garbage-first heap   total 109568K, used 60843K [0x0000000083000000, 0x0000000100000000)
[2020-09-08T10:41:59.368-0300][gc,heap        ] GC(615)   region size 1024K, 3 young (3072K), 3 survivors (3072K)
[2020-09-08T10:41:59.368-0300][gc,heap        ] GC(615)  Metaspace       used 40694K, capacity 42746K, committed 46464K, reserved 1089536K
[2020-09-08T10:41:59.368-0300][gc,heap        ] GC(615)   class space    used 4081K, capacity 4757K, committed 6016K, reserved 1048576K
[2020-09-08T10:41:59.368-0300][gc             ] GC(615) Pause Young (Normal) (G1 Evacuation Pause) 90M->59M(107M) 15.800ms
[2020-09-08T10:41:59.369-0300][gc,cpu         ] GC(615) User=0.05s Sys=0.00s Real=0.01s
[2020-09-08T10:42:17.303-0300][gc,heap        ] GC(616) Heap before GC invocations=616 (full 1): garbage-first heap   total 109568K, used 91563K [0x0000000083000000, 0x0000000100000000)
[2020-09-08T10:42:17.303-0300][gc,heap        ] GC(616)   region size 1024K, 34 young (34816K), 3 survivors (3072K)
[2020-09-08T10:42:17.303-0300][gc,heap        ] GC(616)  Metaspace       used 40697K, capacity 42751K, committed 46464K, reserved 1089536K
[2020-09-08T10:42:17.303-0300][gc,heap        ] GC(616)   class space    used 4081K, capacity 4757K, committed 6016K, reserved 1048576K
[2020-09-08T10:42:17.303-0300][gc,start       ] GC(616) Pause Young (Normal) (G1 Evacuation Pause)
[2020-09-08T10:42:17.303-0300][gc,task        ] GC(616) Using 4 workers of 4 for evacuation
[2020-09-08T10:42:17.325-0300][gc,phases      ] GC(616)   Pre Evacuate Collection Set: 0.1ms
[2020-09-08T10:42:17.325-0300][gc,phases      ] GC(616)   Evacuate Collection Set: 17.2ms
[2020-09-08T10:42:17.325-0300][gc,phases      ] GC(616)   Post Evacuate Collection Set: 3.4ms
[2020-09-08T10:42:17.326-0300][gc,phases      ] GC(616)   Other: 1.6ms
[2020-09-08T10:42:17.326-0300][gc,heap        ] GC(616) Eden regions: 31->0(31)
[2020-09-08T10:42:17.326-0300][gc,heap        ] GC(616) Survivor regions: 3->3(5)
[2020-09-08T10:42:17.326-0300][gc,heap        ] GC(616) Old regions: 55->55
[2020-09-08T10:42:17.326-0300][gc,heap        ] GC(616) Humongous regions: 4->4
[2020-09-08T10:42:17.326-0300][gc,metaspace   ] GC(616) Metaspace: 40697K->40697K(1089536K)
[2020-09-08T10:42:17.326-0300][gc,heap        ] GC(616) Heap after GC invocations=617 (full 1): garbage-first heap   total 109568K, used 60903K [0x0000000083000000, 0x0000000100000000)
[2020-09-08T10:42:17.326-0300][gc,heap        ] GC(616)   region size 1024K, 3 young (3072K), 3 survivors (3072K)
[2020-09-08T10:42:17.326-0300][gc,heap        ] GC(616)  Metaspace       used 40697K, capacity 42751K, committed 46464K, reserved 1089536K
[2020-09-08T10:42:17.326-0300][gc,heap        ] GC(616)   class space    used 4081K, capacity 4757K, committed 6016K, reserved 1048576K
[2020-09-08T10:42:17.326-0300][gc             ] GC(616) Pause Young (Normal) (G1 Evacuation Pause) 90M->59M(107M) 23.056ms
[2020-09-08T10:42:17.326-0300][gc,cpu         ] GC(616) User=0.06s Sys=0.00s Real=0.02s
[2020-09-08T10:42:42.400-0300][gc,heap        ] GC(617) Heap before GC invocations=617 (full 1): garbage-first heap   total 109568K, used 91623K [0x0000000083000000, 0x0000000100000000)
[2020-09-08T10:42:42.400-0300][gc,heap        ] GC(617)   region size 1024K, 34 young (34816K), 3 survivors (3072K)
[2020-09-08T10:42:42.400-0300][gc,heap        ] GC(617)  Metaspace       used 40697K, capacity 42751K, committed 46464K, reserved 1089536K
[2020-09-08T10:42:42.400-0300][gc,heap        ] GC(617)   class space    used 4081K, capacity 4757K, committed 6016K, reserved 1048576K
[2020-09-08T10:42:42.400-0300][gc,start       ] GC(617) Pause Young (Normal) (G1 Evacuation Pause)
[2020-09-08T10:42:42.400-0300][gc,task        ] GC(617) Using 4 workers of 4 for evacuation
[2020-09-08T10:42:42.415-0300][gc,phases      ] GC(617)   Pre Evacuate Collection Set: 0.0ms
[2020-09-08T10:42:42.415-0300][gc,phases      ] GC(617)   Evacuate Collection Set: 11.2ms
[2020-09-08T10:42:42.415-0300][gc,phases      ] GC(617)   Post Evacuate Collection Set: 2.1ms
[2020-09-08T10:42:42.415-0300][gc,phases      ] GC(617)   Other: 1.4ms
[2020-09-08T10:42:42.415-0300][gc,heap        ] GC(617) Eden regions: 31->0(31)
[2020-09-08T10:42:42.415-0300][gc,heap        ] GC(617) Survivor regions: 3->3(5)
[2020-09-08T10:42:42.416-0300][gc,heap        ] GC(617) Old regions: 55->55
[2020-09-08T10:42:42.416-0300][gc,heap        ] GC(617) Humongous regions: 4->4
[2020-09-08T10:42:42.416-0300][gc,metaspace   ] GC(617) Metaspace: 40697K->40697K(1089536K)
[2020-09-08T10:42:42.416-0300][gc,heap        ] GC(617) Heap after GC invocations=618 (full 1): garbage-first heap   total 109568K, used 60748K [0x0000000083000000, 0x0000000100000000)
[2020-09-08T10:42:42.416-0300][gc,heap        ] GC(617)   region size 1024K, 3 young (3072K), 3 survivors (3072K)
[2020-09-08T10:42:42.416-0300][gc,heap        ] GC(617)  Metaspace       used 40697K, capacity 42751K, committed 46464K, reserved 1089536K
[2020-09-08T10:42:42.416-0300][gc,heap        ] GC(617)   class space    used 4081K, capacity 4757K, committed 6016K, reserved 1048576K
[2020-09-08T10:42:42.416-0300][gc             ] GC(617) Pause Young (Normal) (G1 Evacuation Pause) 90M->59M(107M) 15.568ms
[2020-09-08T10:42:42.417-0300][gc,cpu         ] GC(617) User=0.05s Sys=0.00s Real=0.02s
[2020-09-08T10:43:03.550-0300][gc,heap        ] GC(618) Heap before GC invocations=618 (full 1): garbage-first heap   total 109568K, used 91468K [0x0000000083000000, 0x0000000100000000)
[2020-09-08T10:43:03.551-0300][gc,heap        ] GC(618)   region size 1024K, 34 young (34816K), 3 survivors (3072K)
[2020-09-08T10:43:03.551-0300][gc,heap        ] GC(618)  Metaspace       used 40697K, capacity 42751K, committed 46464K, reserved 1089536K
[2020-09-08T10:43:03.551-0300][gc,heap        ] GC(618)   class space    used 4081K, capacity 4757K, committed 6016K, reserved 1048576K
[2020-09-08T10:43:03.551-0300][gc,start       ] GC(618) Pause Young (Normal) (G1 Evacuation Pause)
[2020-09-08T10:43:03.551-0300][gc,task        ] GC(618) Using 4 workers of 4 for evacuation
[2020-09-08T10:43:03.566-0300][gc,phases      ] GC(618)   Pre Evacuate Collection Set: 0.0ms
[2020-09-08T10:43:03.566-0300][gc,phases      ] GC(618)   Evacuate Collection Set: 11.3ms
[2020-09-08T10:43:03.566-0300][gc,phases      ] GC(618)   Post Evacuate Collection Set: 2.8ms
[2020-09-08T10:43:03.566-0300][gc,phases      ] GC(618)   Other: 1.4ms
[2020-09-08T10:43:03.566-0300][gc,heap        ] GC(618) Eden regions: 31->0(31)
[2020-09-08T10:43:03.566-0300][gc,heap        ] GC(618) Survivor regions: 3->3(5)
[2020-09-08T10:43:03.566-0300][gc,heap        ] GC(618) Old regions: 55->55
[2020-09-08T10:43:03.566-0300][gc,heap        ] GC(618) Humongous regions: 4->4
[2020-09-08T10:43:03.566-0300][gc,metaspace   ] GC(618) Metaspace: 40697K->40697K(1089536K)
[2020-09-08T10:43:03.566-0300][gc,heap        ] GC(618) Heap after GC invocations=619 (full 1): garbage-first heap   total 109568K, used 60810K [0x0000000083000000, 0x0000000100000000)
[2020-09-08T10:43:03.567-0300][gc,heap        ] GC(618)   region size 1024K, 3 young (3072K), 3 survivors (3072K)
[2020-09-08T10:43:03.567-0300][gc,heap        ] GC(618)  Metaspace       used 40697K, capacity 42751K, committed 46464K, reserved 1089536K
[2020-09-08T10:43:03.567-0300][gc,heap        ] GC(618)   class space    used 4081K, capacity 4757K, committed 6016K, reserved 1048576K
[2020-09-08T10:43:03.567-0300][gc             ] GC(618) Pause Young (Normal) (G1 Evacuation Pause) 90M->59M(107M) 15.806ms
[2020-09-08T10:43:03.567-0300][gc,cpu         ] GC(618) User=0.04s Sys=0.01s Real=0.01s
[2020-09-08T10:43:35.303-0300][gc,heap        ] GC(619) Heap before GC invocations=619 (full 1): garbage-first heap   total 109568K, used 91530K [0x0000000083000000, 0x0000000100000000)
[2020-09-08T10:43:35.303-0300][gc,heap        ] GC(619)   region size 1024K, 34 young (34816K), 3 survivors (3072K)
[2020-09-08T10:43:35.303-0300][gc,heap        ] GC(619)  Metaspace       used 40697K, capacity 42751K, committed 46464K, reserved 1089536K
[2020-09-08T10:43:35.303-0300][gc,heap        ] GC(619)   class space    used 4081K, capacity 4757K, committed 6016K, reserved 1048576K
[2020-09-08T10:43:35.304-0300][gc,start       ] GC(619) Pause Young (Normal) (G1 Evacuation Pause)
[2020-09-08T10:43:35.304-0300][gc,task        ] GC(619) Using 4 workers of 4 for evacuation
[2020-09-08T10:43:35.318-0300][gc,phases      ] GC(619)   Pre Evacuate Collection Set: 0.0ms
[2020-09-08T10:43:35.318-0300][gc,phases      ] GC(619)   Evacuate Collection Set: 10.9ms
[2020-09-08T10:43:35.318-0300][gc,phases      ] GC(619)   Post Evacuate Collection Set: 2.3ms
[2020-09-08T10:43:35.318-0300][gc,phases      ] GC(619)   Other: 1.5ms
[2020-09-08T10:43:35.318-0300][gc,heap        ] GC(619) Eden regions: 31->0(31)
[2020-09-08T10:43:35.318-0300][gc,heap        ] GC(619) Survivor regions: 3->3(5)
[2020-09-08T10:43:35.318-0300][gc,heap        ] GC(619) Old regions: 55->55
[2020-09-08T10:43:35.318-0300][gc,heap        ] GC(619) Humongous regions: 4->4
[2020-09-08T10:43:35.318-0300][gc,metaspace   ] GC(619) Metaspace: 40697K->40697K(1089536K)
[2020-09-08T10:43:35.318-0300][gc,heap        ] GC(619) Heap after GC invocations=620 (full 1): garbage-first heap   total 109568K, used 60693K [0x0000000083000000, 0x0000000100000000)
[2020-09-08T10:43:35.318-0300][gc,heap        ] GC(619)   region size 1024K, 3 young (3072K), 3 survivors (3072K)
[2020-09-08T10:43:35.318-0300][gc,heap        ] GC(619)  Metaspace       used 40697K, capacity 42751K, committed 46464K, reserved 1089536K
[2020-09-08T10:43:35.318-0300][gc,heap        ] GC(619)   class space    used 4081K, capacity 4757K, committed 6016K, reserved 1048576K
[2020-09-08T10:43:35.319-0300][gc             ] GC(619) Pause Young (Normal) (G1 Evacuation Pause) 90M->59M(107M) 15.020ms
[2020-09-08T10:43:35.319-0300][gc,cpu         ] GC(619) User=0.04s Sys=0.00s Real=0.01s
[2020-09-08T10:44:00.039-0300][gc,heap        ] GC(620) Heap before GC invocations=620 (full 1): garbage-first heap   total 109568K, used 91413K [0x0000000083000000, 0x0000000100000000)
[2020-09-08T10:44:00.039-0300][gc,heap        ] GC(620)   region size 1024K, 34 young (34816K), 3 survivors (3072K)
[2020-09-08T10:44:00.039-0300][gc,heap        ] GC(620)  Metaspace       used 40697K, capacity 42751K, committed 46464K, reserved 1089536K
[2020-09-08T10:44:00.039-0300][gc,heap        ] GC(620)   class space    used 4081K, capacity 4757K, committed 6016K, reserved 1048576K
[2020-09-08T10:44:00.039-0300][gc,start       ] GC(620) Pause Young (Normal) (G1 Evacuation Pause)
[2020-09-08T10:44:00.039-0300][gc,task        ] GC(620) Using 4 workers of 4 for evacuation
[2020-09-08T10:44:00.058-0300][gc,phases      ] GC(620)   Pre Evacuate Collection Set: 0.0ms
[2020-09-08T10:44:00.058-0300][gc,phases      ] GC(620)   Evacuate Collection Set: 15.5ms
[2020-09-08T10:44:00.058-0300][gc,phases      ] GC(620)   Post Evacuate Collection Set: 2.1ms
[2020-09-08T10:44:00.058-0300][gc,phases      ] GC(620)   Other: 1.3ms
[2020-09-08T10:44:00.058-0300][gc,heap        ] GC(620) Eden regions: 31->0(31)
[2020-09-08T10:44:00.058-0300][gc,heap        ] GC(620) Survivor regions: 3->3(5)
[2020-09-08T10:44:00.058-0300][gc,heap        ] GC(620) Old regions: 55->55
[2020-09-08T10:44:00.058-0300][gc,heap        ] GC(620) Humongous regions: 4->4
[2020-09-08T10:44:00.058-0300][gc,metaspace   ] GC(620) Metaspace: 40697K->40697K(1089536K)
[2020-09-08T10:44:00.058-0300][gc,heap        ] GC(620) Heap after GC invocations=621 (full 1): garbage-first heap   total 109568K, used 60576K [0x0000000083000000, 0x0000000100000000)
[2020-09-08T10:44:00.058-0300][gc,heap        ] GC(620)   region size 1024K, 3 young (3072K), 3 survivors (3072K)
[2020-09-08T10:44:00.058-0300][gc,heap        ] GC(620)  Metaspace       used 40697K, capacity 42751K, committed 46464K, reserved 1089536K
[2020-09-08T10:44:00.058-0300][gc,heap        ] GC(620)   class space    used 4081K, capacity 4757K, committed 6016K, reserved 1048576K
[2020-09-08T10:44:00.058-0300][gc             ] GC(620) Pause Young (Normal) (G1 Evacuation Pause) 90M->59M(107M) 19.262ms
[2020-09-08T10:44:00.059-0300][gc,cpu         ] GC(620) User=0.05s Sys=0.01s Real=0.02s
[2020-09-08T10:44:27.343-0300][gc,heap        ] GC(621) Heap before GC invocations=621 (full 1): garbage-first heap   total 109568K, used 91296K [0x0000000083000000, 0x0000000100000000)
[2020-09-08T10:44:27.343-0300][gc,heap        ] GC(621)   region size 1024K, 34 young (34816K), 3 survivors (3072K)
[2020-09-08T10:44:27.343-0300][gc,heap        ] GC(621)  Metaspace       used 40697K, capacity 42751K, committed 46464K, reserved 1089536K
[2020-09-08T10:44:27.343-0300][gc,heap        ] GC(621)   class space    used 4081K, capacity 4757K, committed 6016K, reserved 1048576K
[2020-09-08T10:44:27.343-0300][gc,start       ] GC(621) Pause Young (Normal) (G1 Evacuation Pause)
[2020-09-08T10:44:27.343-0300][gc,task        ] GC(621) Using 4 workers of 4 for evacuation
[2020-09-08T10:44:27.357-0300][gc,phases      ] GC(621)   Pre Evacuate Collection Set: 0.1ms
[2020-09-08T10:44:27.357-0300][gc,phases      ] GC(621)   Evacuate Collection Set: 10.2ms
[2020-09-08T10:44:27.357-0300][gc,phases      ] GC(621)   Post Evacuate Collection Set: 2.5ms
[2020-09-08T10:44:27.358-0300][gc,phases      ] GC(621)   Other: 1.4ms
[2020-09-08T10:44:27.358-0300][gc,heap        ] GC(621) Eden regions: 31->0(31)
[2020-09-08T10:44:27.358-0300][gc,heap        ] GC(621) Survivor regions: 3->3(5)
[2020-09-08T10:44:27.358-0300][gc,heap        ] GC(621) Old regions: 55->55
[2020-09-08T10:44:27.358-0300][gc,heap        ] GC(621) Humongous regions: 4->4
[2020-09-08T10:44:27.358-0300][gc,metaspace   ] GC(621) Metaspace: 40697K->40697K(1089536K)
[2020-09-08T10:44:27.358-0300][gc,heap        ] GC(621) Heap after GC invocations=622 (full 1): garbage-first heap   total 109568K, used 60660K [0x0000000083000000, 0x0000000100000000)
[2020-09-08T10:44:27.358-0300][gc,heap        ] GC(621)   region size 1024K, 3 young (3072K), 3 survivors (3072K)
[2020-09-08T10:44:27.358-0300][gc,heap        ] GC(621)  Metaspace       used 40697K, capacity 42751K, committed 46464K, reserved 1089536K
[2020-09-08T10:44:27.358-0300][gc,heap        ] GC(621)   class space    used 4081K, capacity 4757K, committed 6016K, reserved 1048576K
[2020-09-08T10:44:27.358-0300][gc             ] GC(621) Pause Young (Normal) (G1 Evacuation Pause) 90M->59M(107M) 14.597ms
[2020-09-08T10:44:27.358-0300][gc,cpu         ] GC(621) User=0.04s Sys=0.01s Real=0.01s
[2020-09-08T10:44:59.189-0300][gc,heap        ] GC(622) Heap before GC invocations=622 (full 1): garbage-first heap   total 109568K, used 91380K [0x0000000083000000, 0x0000000100000000)
[2020-09-08T10:44:59.189-0300][gc,heap        ] GC(622)   region size 1024K, 34 young (34816K), 3 survivors (3072K)
[2020-09-08T10:44:59.189-0300][gc,heap        ] GC(622)  Metaspace       used 40697K, capacity 42751K, committed 46464K, reserved 1089536K
[2020-09-08T10:44:59.189-0300][gc,heap        ] GC(622)   class space    used 4081K, capacity 4757K, committed 6016K, reserved 1048576K
[2020-09-08T10:44:59.189-0300][gc,start       ] GC(622) Pause Young (Normal) (G1 Evacuation Pause)
[2020-09-08T10:44:59.189-0300][gc,task        ] GC(622) Using 4 workers of 4 for evacuation
[2020-09-08T10:44:59.202-0300][gc,phases      ] GC(622)   Pre Evacuate Collection Set: 0.0ms
[2020-09-08T10:44:59.202-0300][gc,phases      ] GC(622)   Evacuate Collection Set: 10.0ms
[2020-09-08T10:44:59.202-0300][gc,phases      ] GC(622)   Post Evacuate Collection Set: 2.0ms
[2020-09-08T10:44:59.202-0300][gc,phases      ] GC(622)   Other: 1.3ms
[2020-09-08T10:44:59.202-0300][gc,heap        ] GC(622) Eden regions: 31->0(31)
[2020-09-08T10:44:59.202-0300][gc,heap        ] GC(622) Survivor regions: 3->3(5)
[2020-09-08T10:44:59.203-0300][gc,heap        ] GC(622) Old regions: 55->55
[2020-09-08T10:44:59.203-0300][gc,heap        ] GC(622) Humongous regions: 4->4
[2020-09-08T10:44:59.203-0300][gc,metaspace   ] GC(622) Metaspace: 40697K->40697K(1089536K)
[2020-09-08T10:44:59.203-0300][gc,heap        ] GC(622) Heap after GC invocations=623 (full 1): garbage-first heap   total 109568K, used 60441K [0x0000000083000000, 0x0000000100000000)
[2020-09-08T10:44:59.203-0300][gc,heap        ] GC(622)   region size 1024K, 3 young (3072K), 3 survivors (3072K)
[2020-09-08T10:44:59.203-0300][gc,heap        ] GC(622)  Metaspace       used 40697K, capacity 42751K, committed 46464K, reserved 1089536K
[2020-09-08T10:44:59.203-0300][gc,heap        ] GC(622)   class space    used 4081K, capacity 4757K, committed 6016K, reserved 1048576K
[2020-09-08T10:44:59.203-0300][gc             ] GC(622) Pause Young (Normal) (G1 Evacuation Pause) 90M->59M(107M) 13.711ms
[2020-09-08T10:44:59.205-0300][gc,cpu         ] GC(622) User=0.04s Sys=0.00s Real=0.02s
[2020-09-08T10:45:30.373-0300][gc,heap        ] GC(623) Heap before GC invocations=623 (full 1): garbage-first heap   total 109568K, used 91161K [0x0000000083000000, 0x0000000100000000)
[2020-09-08T10:45:30.373-0300][gc,heap        ] GC(623)   region size 1024K, 34 young (34816K), 3 survivors (3072K)
[2020-09-08T10:45:30.373-0300][gc,heap        ] GC(623)  Metaspace       used 40697K, capacity 42751K, committed 46464K, reserved 1089536K
[2020-09-08T10:45:30.373-0300][gc,heap        ] GC(623)   class space    used 4081K, capacity 4757K, committed 6016K, reserved 1048576K
[2020-09-08T10:45:30.373-0300][gc,start       ] GC(623) Pause Young (Normal) (G1 Evacuation Pause)
[2020-09-08T10:45:30.373-0300][gc,task        ] GC(623) Using 4 workers of 4 for evacuation
[2020-09-08T10:45:30.386-0300][gc,phases      ] GC(623)   Pre Evacuate Collection Set: 0.0ms
[2020-09-08T10:45:30.387-0300][gc,phases      ] GC(623)   Evacuate Collection Set: 9.8ms
[2020-09-08T10:45:30.387-0300][gc,phases      ] GC(623)   Post Evacuate Collection Set: 2.5ms
[2020-09-08T10:45:30.387-0300][gc,phases      ] GC(623)   Other: 1.3ms
[2020-09-08T10:45:30.387-0300][gc,heap        ] GC(623) Eden regions: 31->0(31)
[2020-09-08T10:45:30.387-0300][gc,heap        ] GC(623) Survivor regions: 3->3(5)
[2020-09-08T10:45:30.387-0300][gc,heap        ] GC(623) Old regions: 55->55
[2020-09-08T10:45:30.387-0300][gc,heap        ] GC(623) Humongous regions: 4->4
[2020-09-08T10:45:30.387-0300][gc,metaspace   ] GC(623) Metaspace: 40697K->40697K(1089536K)
[2020-09-08T10:45:30.387-0300][gc,heap        ] GC(623) Heap after GC invocations=624 (full 1): garbage-first heap   total 109568K, used 60533K [0x0000000083000000, 0x0000000100000000)
[2020-09-08T10:45:30.387-0300][gc,heap        ] GC(623)   region size 1024K, 3 young (3072K), 3 survivors (3072K)
[2020-09-08T10:45:30.387-0300][gc,heap        ] GC(623)  Metaspace       used 40697K, capacity 42751K, committed 46464K, reserved 1089536K
[2020-09-08T10:45:30.387-0300][gc,heap        ] GC(623)   class space    used 4081K, capacity 4757K, committed 6016K, reserved 1048576K
[2020-09-08T10:45:30.387-0300][gc             ] GC(623) Pause Young (Normal) (G1 Evacuation Pause) 90M->59M(107M) 14.047ms
[2020-09-08T10:45:30.388-0300][gc,cpu         ] GC(623) User=0.04s Sys=0.00s Real=0.01s
[2020-09-08T10:45:59.853-0300][gc,heap        ] GC(624) Heap before GC invocations=624 (full 1): garbage-first heap   total 109568K, used 91253K [0x0000000083000000, 0x0000000100000000)
[2020-09-08T10:45:59.853-0300][gc,heap        ] GC(624)   region size 1024K, 34 young (34816K), 3 survivors (3072K)
[2020-09-08T10:45:59.853-0300][gc,heap        ] GC(624)  Metaspace       used 40698K, capacity 42751K, committed 46464K, reserved 1089536K
[2020-09-08T10:45:59.853-0300][gc,heap        ] GC(624)   class space    used 4081K, capacity 4757K, committed 6016K, reserved 1048576K
[2020-09-08T10:45:59.853-0300][gc,start       ] GC(624) Pause Young (Normal) (G1 Evacuation Pause)
[2020-09-08T10:45:59.853-0300][gc,task        ] GC(624) Using 4 workers of 4 for evacuation
[2020-09-08T10:45:59.866-0300][gc,phases      ] GC(624)   Pre Evacuate Collection Set: 0.1ms
[2020-09-08T10:45:59.866-0300][gc,phases      ] GC(624)   Evacuate Collection Set: 10.1ms
[2020-09-08T10:45:59.866-0300][gc,phases      ] GC(624)   Post Evacuate Collection Set: 1.9ms
[2020-09-08T10:45:59.866-0300][gc,phases      ] GC(624)   Other: 1.2ms
[2020-09-08T10:45:59.866-0300][gc,heap        ] GC(624) Eden regions: 31->0(31)
[2020-09-08T10:45:59.867-0300][gc,heap        ] GC(624) Survivor regions: 3->3(5)
[2020-09-08T10:45:59.867-0300][gc,heap        ] GC(624) Old regions: 55->55
[2020-09-08T10:45:59.867-0300][gc,heap        ] GC(624) Humongous regions: 4->4
[2020-09-08T10:45:59.867-0300][gc,metaspace   ] GC(624) Metaspace: 40698K->40698K(1089536K)
[2020-09-08T10:45:59.867-0300][gc,heap        ] GC(624) Heap after GC invocations=625 (full 1): garbage-first heap   total 109568K, used 60377K [0x0000000083000000, 0x0000000100000000)
[2020-09-08T10:45:59.867-0300][gc,heap        ] GC(624)   region size 1024K, 3 young (3072K), 3 survivors (3072K)
[2020-09-08T10:45:59.867-0300][gc,heap        ] GC(624)  Metaspace       used 40698K, capacity 42751K, committed 46464K, reserved 1089536K
[2020-09-08T10:45:59.867-0300][gc,heap        ] GC(624)   class space    used 4081K, capacity 4757K, committed 6016K, reserved 1048576K
[2020-09-08T10:45:59.867-0300][gc             ] GC(624) Pause Young (Normal) (G1 Evacuation Pause) 90M->58M(107M) 13.702ms
[2020-09-08T10:45:59.867-0300][gc,cpu         ] GC(624) User=0.04s Sys=0.01s Real=0.01s
[2020-09-08T10:46:27.859-0300][gc,heap        ] GC(625) Heap before GC invocations=625 (full 1): garbage-first heap   total 109568K, used 91097K [0x0000000083000000, 0x0000000100000000)
[2020-09-08T10:46:27.859-0300][gc,heap        ] GC(625)   region size 1024K, 34 young (34816K), 3 survivors (3072K)
[2020-09-08T10:46:27.859-0300][gc,heap        ] GC(625)  Metaspace       used 40698K, capacity 42751K, committed 46464K, reserved 1089536K
[2020-09-08T10:46:27.859-0300][gc,heap        ] GC(625)   class space    used 4081K, capacity 4757K, committed 6016K, reserved 1048576K
[2020-09-08T10:46:27.859-0300][gc,start       ] GC(625) Pause Young (Normal) (G1 Evacuation Pause)
[2020-09-08T10:46:27.859-0300][gc,task        ] GC(625) Using 4 workers of 4 for evacuation
[2020-09-08T10:46:27.873-0300][gc,phases      ] GC(625)   Pre Evacuate Collection Set: 0.0ms
[2020-09-08T10:46:27.873-0300][gc,phases      ] GC(625)   Evacuate Collection Set: 10.3ms
[2020-09-08T10:46:27.873-0300][gc,phases      ] GC(625)   Post Evacuate Collection Set: 2.7ms
[2020-09-08T10:46:27.873-0300][gc,phases      ] GC(625)   Other: 1.3ms
[2020-09-08T10:46:27.873-0300][gc,heap        ] GC(625) Eden regions: 31->0(31)
[2020-09-08T10:46:27.873-0300][gc,heap        ] GC(625) Survivor regions: 3->3(5)
[2020-09-08T10:46:27.873-0300][gc,heap        ] GC(625) Old regions: 55->55
[2020-09-08T10:46:27.873-0300][gc,heap        ] GC(625) Humongous regions: 4->4
[2020-09-08T10:46:27.873-0300][gc,metaspace   ] GC(625) Metaspace: 40698K->40698K(1089536K)
[2020-09-08T10:46:27.873-0300][gc,heap        ] GC(625) Heap after GC invocations=626 (full 1): garbage-first heap   total 109568K, used 60510K [0x0000000083000000, 0x0000000100000000)
[2020-09-08T10:46:27.873-0300][gc,heap        ] GC(625)   region size 1024K, 3 young (3072K), 3 survivors (3072K)
[2020-09-08T10:46:27.873-0300][gc,heap        ] GC(625)  Metaspace       used 40698K, capacity 42751K, committed 46464K, reserved 1089536K
[2020-09-08T10:46:27.873-0300][gc,heap        ] GC(625)   class space    used 4081K, capacity 4757K, committed 6016K, reserved 1048576K
[2020-09-08T10:46:27.874-0300][gc             ] GC(625) Pause Young (Normal) (G1 Evacuation Pause) 89M->59M(107M) 14.604ms
[2020-09-08T10:46:27.874-0300][gc,cpu         ] GC(625) User=0.05s Sys=0.01s Real=0.02s
[2020-09-08T10:46:59.187-0300][gc,heap        ] GC(626) Heap before GC invocations=626 (full 1): garbage-first heap   total 109568K, used 91230K [0x0000000083000000, 0x0000000100000000)
[2020-09-08T10:46:59.188-0300][gc,heap        ] GC(626)   region size 1024K, 34 young (34816K), 3 survivors (3072K)
[2020-09-08T10:46:59.188-0300][gc,heap        ] GC(626)  Metaspace       used 40698K, capacity 42751K, committed 46464K, reserved 1089536K
[2020-09-08T10:46:59.188-0300][gc,heap        ] GC(626)   class space    used 4081K, capacity 4757K, committed 6016K, reserved 1048576K
[2020-09-08T10:46:59.188-0300][gc,start       ] GC(626) Pause Young (Normal) (G1 Evacuation Pause)
[2020-09-08T10:46:59.188-0300][gc,task        ] GC(626) Using 4 workers of 4 for evacuation
[2020-09-08T10:46:59.200-0300][gc,phases      ] GC(626)   Pre Evacuate Collection Set: 0.0ms
[2020-09-08T10:46:59.200-0300][gc,phases      ] GC(626)   Evacuate Collection Set: 9.5ms
[2020-09-08T10:46:59.200-0300][gc,phases      ] GC(626)   Post Evacuate Collection Set: 2.1ms
[2020-09-08T10:46:59.201-0300][gc,phases      ] GC(626)   Other: 1.3ms
[2020-09-08T10:46:59.201-0300][gc,heap        ] GC(626) Eden regions: 31->0(31)
[2020-09-08T10:46:59.201-0300][gc,heap        ] GC(626) Survivor regions: 3->3(5)
[2020-09-08T10:46:59.201-0300][gc,heap        ] GC(626) Old regions: 55->55
[2020-09-08T10:46:59.201-0300][gc,heap        ] GC(626) Humongous regions: 4->4
[2020-09-08T10:46:59.201-0300][gc,metaspace   ] GC(626) Metaspace: 40698K->40698K(1089536K)
[2020-09-08T10:46:59.201-0300][gc,heap        ] GC(626) Heap after GC invocations=627 (full 1): garbage-first heap   total 109568K, used 60583K [0x0000000083000000, 0x0000000100000000)
[2020-09-08T10:46:59.201-0300][gc,heap        ] GC(626)   region size 1024K, 3 young (3072K), 3 survivors (3072K)
[2020-09-08T10:46:59.201-0300][gc,heap        ] GC(626)  Metaspace       used 40698K, capacity 42751K, committed 46464K, reserved 1089536K
[2020-09-08T10:46:59.201-0300][gc,heap        ] GC(626)   class space    used 4081K, capacity 4757K, committed 6016K, reserved 1048576K
[2020-09-08T10:46:59.201-0300][gc             ] GC(626) Pause Young (Normal) (G1 Evacuation Pause) 90M->59M(107M) 13.318ms
[2020-09-08T10:46:59.201-0300][gc,cpu         ] GC(626) User=0.04s Sys=0.00s Real=0.02s
[2020-09-08T10:47:23.550-0300][gc,heap        ] GC(627) Heap before GC invocations=627 (full 1): garbage-first heap   total 109568K, used 91303K [0x0000000083000000, 0x0000000100000000)
[2020-09-08T10:47:23.550-0300][gc,heap        ] GC(627)   region size 1024K, 34 young (34816K), 3 survivors (3072K)
[2020-09-08T10:47:23.550-0300][gc,heap        ] GC(627)  Metaspace       used 40701K, capacity 42751K, committed 46464K, reserved 1089536K
[2020-09-08T10:47:23.550-0300][gc,heap        ] GC(627)   class space    used 4081K, capacity 4757K, committed 6016K, reserved 1048576K
[2020-09-08T10:47:23.551-0300][gc,start       ] GC(627) Pause Young (Normal) (G1 Evacuation Pause)
[2020-09-08T10:47:23.551-0300][gc,task        ] GC(627) Using 4 workers of 4 for evacuation
[2020-09-08T10:47:23.564-0300][gc,phases      ] GC(627)   Pre Evacuate Collection Set: 0.0ms
[2020-09-08T10:47:23.564-0300][gc,phases      ] GC(627)   Evacuate Collection Set: 9.9ms
[2020-09-08T10:47:23.564-0300][gc,phases      ] GC(627)   Post Evacuate Collection Set: 2.8ms
[2020-09-08T10:47:23.564-0300][gc,phases      ] GC(627)   Other: 1.2ms
[2020-09-08T10:47:23.564-0300][gc,heap        ] GC(627) Eden regions: 31->0(31)
[2020-09-08T10:47:23.564-0300][gc,heap        ] GC(627) Survivor regions: 3->3(5)
[2020-09-08T10:47:23.565-0300][gc,heap        ] GC(627) Old regions: 55->55
[2020-09-08T10:47:23.565-0300][gc,heap        ] GC(627) Humongous regions: 4->4
[2020-09-08T10:47:23.565-0300][gc,metaspace   ] GC(627) Metaspace: 40701K->40701K(1089536K)
[2020-09-08T10:47:23.565-0300][gc,heap        ] GC(627) Heap after GC invocations=628 (full 1): garbage-first heap   total 109568K, used 60731K [0x0000000083000000, 0x0000000100000000)
[2020-09-08T10:47:23.565-0300][gc,heap        ] GC(627)   region size 1024K, 3 young (3072K), 3 survivors (3072K)
[2020-09-08T10:47:23.565-0300][gc,heap        ] GC(627)  Metaspace       used 40701K, capacity 42751K, committed 46464K, reserved 1089536K
[2020-09-08T10:47:23.565-0300][gc,heap        ] GC(627)   class space    used 4081K, capacity 4757K, committed 6016K, reserved 1048576K
[2020-09-08T10:47:23.565-0300][gc             ] GC(627) Pause Young (Normal) (G1 Evacuation Pause) 90M->59M(107M) 14.310ms
[2020-09-08T10:47:23.565-0300][gc,cpu         ] GC(627) User=0.05s Sys=0.00s Real=0.02s
[2020-09-08T10:47:51.521-0300][gc,heap        ] GC(628) Heap before GC invocations=628 (full 1): garbage-first heap   total 109568K, used 91451K [0x0000000083000000, 0x0000000100000000)
[2020-09-08T10:47:51.521-0300][gc,heap        ] GC(628)   region size 1024K, 34 young (34816K), 3 survivors (3072K)
[2020-09-08T10:47:51.521-0300][gc,heap        ] GC(628)  Metaspace       used 40708K, capacity 42751K, committed 46464K, reserved 1089536K
[2020-09-08T10:47:51.521-0300][gc,heap        ] GC(628)   class space    used 4081K, capacity 4757K, committed 6016K, reserved 1048576K
[2020-09-08T10:47:51.522-0300][gc,start       ] GC(628) Pause Young (Normal) (G1 Evacuation Pause)
[2020-09-08T10:47:51.522-0300][gc,task        ] GC(628) Using 4 workers of 4 for evacuation
[2020-09-08T10:47:51.534-0300][gc,phases      ] GC(628)   Pre Evacuate Collection Set: 0.0ms
[2020-09-08T10:47:51.534-0300][gc,phases      ] GC(628)   Evacuate Collection Set: 9.8ms
[2020-09-08T10:47:51.534-0300][gc,phases      ] GC(628)   Post Evacuate Collection Set: 1.9ms
[2020-09-08T10:47:51.534-0300][gc,phases      ] GC(628)   Other: 1.3ms
[2020-09-08T10:47:51.534-0300][gc,heap        ] GC(628) Eden regions: 31->0(31)
[2020-09-08T10:47:51.535-0300][gc,heap        ] GC(628) Survivor regions: 3->3(5)
[2020-09-08T10:47:51.535-0300][gc,heap        ] GC(628) Old regions: 55->55
[2020-09-08T10:47:51.535-0300][gc,heap        ] GC(628) Humongous regions: 4->4
[2020-09-08T10:47:51.535-0300][gc,metaspace   ] GC(628) Metaspace: 40708K->40708K(1089536K)
[2020-09-08T10:47:51.535-0300][gc,heap        ] GC(628) Heap after GC invocations=629 (full 1): garbage-first heap   total 109568K, used 60662K [0x0000000083000000, 0x0000000100000000)
[2020-09-08T10:47:51.535-0300][gc,heap        ] GC(628)   region size 1024K, 3 young (3072K), 3 survivors (3072K)
[2020-09-08T10:47:51.535-0300][gc,heap        ] GC(628)  Metaspace       used 40708K, capacity 42751K, committed 46464K, reserved 1089536K
[2020-09-08T10:47:51.535-0300][gc,heap        ] GC(628)   class space    used 4081K, capacity 4757K, committed 6016K, reserved 1048576K
[2020-09-08T10:47:51.535-0300][gc             ] GC(628) Pause Young (Normal) (G1 Evacuation Pause) 90M->59M(107M) 13.391ms
[2020-09-08T10:47:51.535-0300][gc,cpu         ] GC(628) User=0.04s Sys=0.01s Real=0.01s
[2020-09-08T10:48:21.317-0300][gc,heap        ] GC(629) Heap before GC invocations=629 (full 1): garbage-first heap   total 109568K, used 91382K [0x0000000083000000, 0x0000000100000000)
[2020-09-08T10:48:21.317-0300][gc,heap        ] GC(629)   region size 1024K, 34 young (34816K), 3 survivors (3072K)
[2020-09-08T10:48:21.317-0300][gc,heap        ] GC(629)  Metaspace       used 40708K, capacity 42751K, committed 46464K, reserved 1089536K
[2020-09-08T10:48:21.317-0300][gc,heap        ] GC(629)   class space    used 4081K, capacity 4757K, committed 6016K, reserved 1048576K
[2020-09-08T10:48:21.317-0300][gc,start       ] GC(629) Pause Young (Normal) (G1 Evacuation Pause)
[2020-09-08T10:48:21.317-0300][gc,task        ] GC(629) Using 4 workers of 4 for evacuation
[2020-09-08T10:48:21.330-0300][gc,phases      ] GC(629)   Pre Evacuate Collection Set: 0.0ms
[2020-09-08T10:48:21.330-0300][gc,phases      ] GC(629)   Evacuate Collection Set: 9.9ms
[2020-09-08T10:48:21.330-0300][gc,phases      ] GC(629)   Post Evacuate Collection Set: 2.6ms
[2020-09-08T10:48:21.331-0300][gc,phases      ] GC(629)   Other: 1.1ms
[2020-09-08T10:48:21.331-0300][gc,heap        ] GC(629) Eden regions: 31->0(31)
[2020-09-08T10:48:21.331-0300][gc,heap        ] GC(629) Survivor regions: 3->3(5)
[2020-09-08T10:48:21.331-0300][gc,heap        ] GC(629) Old regions: 55->55
[2020-09-08T10:48:21.331-0300][gc,heap        ] GC(629) Humongous regions: 4->4
[2020-09-08T10:48:21.331-0300][gc,metaspace   ] GC(629) Metaspace: 40708K->40708K(1089536K)
[2020-09-08T10:48:21.331-0300][gc,heap        ] GC(629) Heap after GC invocations=630 (full 1): garbage-first heap   total 109568K, used 60626K [0x0000000083000000, 0x0000000100000000)
[2020-09-08T10:48:21.331-0300][gc,heap        ] GC(629)   region size 1024K, 3 young (3072K), 3 survivors (3072K)
[2020-09-08T10:48:21.331-0300][gc,heap        ] GC(629)  Metaspace       used 40708K, capacity 42751K, committed 46464K, reserved 1089536K
[2020-09-08T10:48:21.331-0300][gc,heap        ] GC(629)   class space    used 4081K, capacity 4757K, committed 6016K, reserved 1048576K
[2020-09-08T10:48:21.331-0300][gc             ] GC(629) Pause Young (Normal) (G1 Evacuation Pause) 90M->59M(107M) 14.074ms
[2020-09-08T10:48:21.331-0300][gc,cpu         ] GC(629) User=0.04s Sys=0.01s Real=0.02s
[2020-09-08T10:48:38.980-0300][gc,heap        ] GC(630) Heap before GC invocations=630 (full 1): garbage-first heap   total 109568K, used 91346K [0x0000000083000000, 0x0000000100000000)
[2020-09-08T10:48:38.980-0300][gc,heap        ] GC(630)   region size 1024K, 34 young (34816K), 3 survivors (3072K)
[2020-09-08T10:48:38.980-0300][gc,heap        ] GC(630)  Metaspace       used 40708K, capacity 42751K, committed 46464K, reserved 1089536K
[2020-09-08T10:48:38.980-0300][gc,heap        ] GC(630)   class space    used 4081K, capacity 4757K, committed 6016K, reserved 1048576K
[2020-09-08T10:48:38.980-0300][gc,start       ] GC(630) Pause Young (Normal) (G1 Evacuation Pause)
[2020-09-08T10:48:38.980-0300][gc,task        ] GC(630) Using 4 workers of 4 for evacuation
[2020-09-08T10:48:38.995-0300][gc,phases      ] GC(630)   Pre Evacuate Collection Set: 0.0ms
[2020-09-08T10:48:38.996-0300][gc,phases      ] GC(630)   Evacuate Collection Set: 11.9ms
[2020-09-08T10:48:38.996-0300][gc,phases      ] GC(630)   Post Evacuate Collection Set: 2.3ms
[2020-09-08T10:48:38.996-0300][gc,phases      ] GC(630)   Other: 1.2ms
[2020-09-08T10:48:38.996-0300][gc,heap        ] GC(630) Eden regions: 31->0(31)
[2020-09-08T10:48:38.996-0300][gc,heap        ] GC(630) Survivor regions: 3->3(5)
[2020-09-08T10:48:38.996-0300][gc,heap        ] GC(630) Old regions: 55->55
[2020-09-08T10:48:38.996-0300][gc,heap        ] GC(630) Humongous regions: 4->4
[2020-09-08T10:48:38.996-0300][gc,metaspace   ] GC(630) Metaspace: 40708K->40708K(1089536K)
[2020-09-08T10:48:38.996-0300][gc,heap        ] GC(630) Heap after GC invocations=631 (full 1): garbage-first heap   total 109568K, used 61270K [0x0000000083000000, 0x0000000100000000)
[2020-09-08T10:48:38.996-0300][gc,heap        ] GC(630)   region size 1024K, 3 young (3072K), 3 survivors (3072K)
[2020-09-08T10:48:38.996-0300][gc,heap        ] GC(630)  Metaspace       used 40708K, capacity 42751K, committed 46464K, reserved 1089536K
[2020-09-08T10:48:38.996-0300][gc,heap        ] GC(630)   class space    used 4081K, capacity 4757K, committed 6016K, reserved 1048576K
[2020-09-08T10:48:38.996-0300][gc             ] GC(630) Pause Young (Normal) (G1 Evacuation Pause) 90M->59M(107M) 16.026ms
[2020-09-08T10:48:38.997-0300][gc,cpu         ] GC(630) User=0.05s Sys=0.00s Real=0.02s
[2020-09-08T10:48:46.178-0300][gc,heap        ] GC(631) Heap before GC invocations=631 (full 1): garbage-first heap   total 109568K, used 91990K [0x0000000083000000, 0x0000000100000000)
[2020-09-08T10:48:46.178-0300][gc,heap        ] GC(631)   region size 1024K, 34 young (34816K), 3 survivors (3072K)
[2020-09-08T10:48:46.178-0300][gc,heap        ] GC(631)  Metaspace       used 40708K, capacity 42751K, committed 46464K, reserved 1089536K
[2020-09-08T10:48:46.178-0300][gc,heap        ] GC(631)   class space    used 4081K, capacity 4757K, committed 6016K, reserved 1048576K
[2020-09-08T10:48:46.179-0300][gc,start       ] GC(631) Pause Young (Normal) (G1 Evacuation Pause)
[2020-09-08T10:48:46.179-0300][gc,task        ] GC(631) Using 4 workers of 4 for evacuation
[2020-09-08T10:48:46.196-0300][gc,phases      ] GC(631)   Pre Evacuate Collection Set: 0.0ms
[2020-09-08T10:48:46.196-0300][gc,phases      ] GC(631)   Evacuate Collection Set: 14.3ms
[2020-09-08T10:48:46.196-0300][gc,phases      ] GC(631)   Post Evacuate Collection Set: 2.0ms
[2020-09-08T10:48:46.196-0300][gc,phases      ] GC(631)   Other: 1.4ms
[2020-09-08T10:48:46.196-0300][gc,heap        ] GC(631) Eden regions: 31->0(29)
[2020-09-08T10:48:46.196-0300][gc,heap        ] GC(631) Survivor regions: 3->4(5)
[2020-09-08T10:48:46.196-0300][gc,heap        ] GC(631) Old regions: 55->55
[2020-09-08T10:48:46.196-0300][gc,heap        ] GC(631) Humongous regions: 4->4
[2020-09-08T10:48:46.196-0300][gc,metaspace   ] GC(631) Metaspace: 40708K->40708K(1089536K)
[2020-09-08T10:48:46.197-0300][gc,heap        ] GC(631) Heap after GC invocations=632 (full 1): garbage-first heap   total 109568K, used 62323K [0x0000000083000000, 0x0000000100000000)
[2020-09-08T10:48:46.197-0300][gc,heap        ] GC(631)   region size 1024K, 4 young (4096K), 4 survivors (4096K)
[2020-09-08T10:48:46.197-0300][gc,heap        ] GC(631)  Metaspace       used 40708K, capacity 42751K, committed 46464K, reserved 1089536K
[2020-09-08T10:48:46.197-0300][gc,heap        ] GC(631)   class space    used 4081K, capacity 4757K, committed 6016K, reserved 1048576K
[2020-09-08T10:48:46.197-0300][gc             ] GC(631) Pause Young (Normal) (G1 Evacuation Pause) 90M->60M(107M) 18.220ms
[2020-09-08T10:48:46.197-0300][gc,cpu         ] GC(631) User=0.06s Sys=0.00s Real=0.02s
[2020-09-08T10:49:04.701-0300][gc,heap        ] GC(632) Heap before GC invocations=632 (full 1): garbage-first heap   total 109568K, used 90995K [0x0000000083000000, 0x0000000100000000)
[2020-09-08T10:49:04.701-0300][gc,heap        ] GC(632)   region size 1024K, 33 young (33792K), 4 survivors (4096K)
[2020-09-08T10:49:04.701-0300][gc,heap        ] GC(632)  Metaspace       used 40708K, capacity 42751K, committed 46464K, reserved 1089536K
[2020-09-08T10:49:04.701-0300][gc,heap        ] GC(632)   class space    used 4081K, capacity 4757K, committed 6016K, reserved 1048576K
[2020-09-08T10:49:04.701-0300][gc,start       ] GC(632) Pause Young (Normal) (G1 Evacuation Pause)
[2020-09-08T10:49:04.701-0300][gc,task        ] GC(632) Using 4 workers of 4 for evacuation
[2020-09-08T10:49:04.719-0300][gc,phases      ] GC(632)   Pre Evacuate Collection Set: 0.0ms
[2020-09-08T10:49:04.719-0300][gc,phases      ] GC(632)   Evacuate Collection Set: 14.6ms
[2020-09-08T10:49:04.719-0300][gc,phases      ] GC(632)   Post Evacuate Collection Set: 2.4ms
[2020-09-08T10:49:04.720-0300][gc,phases      ] GC(632)   Other: 1.4ms
[2020-09-08T10:49:04.720-0300][gc,heap        ] GC(632) Eden regions: 29->0(30)
[2020-09-08T10:49:04.720-0300][gc,heap        ] GC(632) Survivor regions: 4->3(5)
[2020-09-08T10:49:04.720-0300][gc,heap        ] GC(632) Old regions: 55->56
[2020-09-08T10:49:04.720-0300][gc,heap        ] GC(632) Humongous regions: 4->4
[2020-09-08T10:49:04.720-0300][gc,metaspace   ] GC(632) Metaspace: 40708K->40708K(1089536K)
[2020-09-08T10:49:04.720-0300][gc,heap        ] GC(632) Heap after GC invocations=633 (full 1): garbage-first heap   total 109568K, used 62345K [0x0000000083000000, 0x0000000100000000)
[2020-09-08T10:49:04.720-0300][gc,heap        ] GC(632)   region size 1024K, 3 young (3072K), 3 survivors (3072K)
[2020-09-08T10:49:04.720-0300][gc,heap        ] GC(632)  Metaspace       used 40708K, capacity 42751K, committed 46464K, reserved 1089536K
[2020-09-08T10:49:04.720-0300][gc,heap        ] GC(632)   class space    used 4081K, capacity 4757K, committed 6016K, reserved 1048576K
[2020-09-08T10:49:04.720-0300][gc             ] GC(632) Pause Young (Normal) (G1 Evacuation Pause) 89M->60M(107M) 18.795ms
[2020-09-08T10:49:04.720-0300][gc,cpu         ] GC(632) User=0.06s Sys=0.01s Real=0.01s
[2020-09-08T10:49:34.415-0300][gc,heap        ] GC(633) Heap before GC invocations=633 (full 1): garbage-first heap   total 109568K, used 92041K [0x0000000083000000, 0x0000000100000000)
[2020-09-08T10:49:34.415-0300][gc,heap        ] GC(633)   region size 1024K, 33 young (33792K), 3 survivors (3072K)
[2020-09-08T10:49:34.415-0300][gc,heap        ] GC(633)  Metaspace       used 40710K, capacity 42751K, committed 46464K, reserved 1089536K
[2020-09-08T10:49:34.415-0300][gc,heap        ] GC(633)   class space    used 4081K, capacity 4757K, committed 6016K, reserved 1048576K
[2020-09-08T10:49:34.415-0300][gc,start       ] GC(633) Pause Young (Normal) (G1 Evacuation Pause)
[2020-09-08T10:49:34.415-0300][gc,task        ] GC(633) Using 4 workers of 4 for evacuation
[2020-09-08T10:49:34.437-0300][gc,phases      ] GC(633)   Pre Evacuate Collection Set: 0.1ms
[2020-09-08T10:49:34.437-0300][gc,phases      ] GC(633)   Evacuate Collection Set: 18.0ms
[2020-09-08T10:49:34.437-0300][gc,phases      ] GC(633)   Post Evacuate Collection Set: 2.3ms
[2020-09-08T10:49:34.437-0300][gc,phases      ] GC(633)   Other: 1.7ms
[2020-09-08T10:49:34.437-0300][gc,heap        ] GC(633) Eden regions: 30->0(30)
[2020-09-08T10:49:34.437-0300][gc,heap        ] GC(633) Survivor regions: 3->3(5)
[2020-09-08T10:49:34.437-0300][gc,heap        ] GC(633) Old regions: 56->56
[2020-09-08T10:49:34.437-0300][gc,heap        ] GC(633) Humongous regions: 4->4
[2020-09-08T10:49:34.437-0300][gc,metaspace   ] GC(633) Metaspace: 40710K->40710K(1089536K)
[2020-09-08T10:49:34.437-0300][gc,heap        ] GC(633) Heap after GC invocations=634 (full 1): garbage-first heap   total 109568K, used 62619K [0x0000000083000000, 0x0000000100000000)
[2020-09-08T10:49:34.437-0300][gc,heap        ] GC(633)   region size 1024K, 3 young (3072K), 3 survivors (3072K)
[2020-09-08T10:49:34.437-0300][gc,heap        ] GC(633)  Metaspace       used 40710K, capacity 42751K, committed 46464K, reserved 1089536K
[2020-09-08T10:49:34.437-0300][gc,heap        ] GC(633)   class space    used 4081K, capacity 4757K, committed 6016K, reserved 1048576K
[2020-09-08T10:49:34.438-0300][gc             ] GC(633) Pause Young (Normal) (G1 Evacuation Pause) 90M->61M(107M) 22.307ms
[2020-09-08T10:49:34.438-0300][gc,cpu         ] GC(633) User=0.06s Sys=0.01s Real=0.02s
[2020-09-08T10:49:44.199-0300][gc,heap        ] GC(634) Heap before GC invocations=634 (full 1): garbage-first heap   total 109568K, used 92315K [0x0000000083000000, 0x0000000100000000)
[2020-09-08T10:49:44.199-0300][gc,heap        ] GC(634)   region size 1024K, 33 young (33792K), 3 survivors (3072K)
[2020-09-08T10:49:44.199-0300][gc,heap        ] GC(634)  Metaspace       used 40710K, capacity 42751K, committed 46464K, reserved 1089536K
[2020-09-08T10:49:44.199-0300][gc,heap        ] GC(634)   class space    used 4081K, capacity 4757K, committed 6016K, reserved 1048576K
[2020-09-08T10:49:44.199-0300][gc,start       ] GC(634) Pause Young (Normal) (G1 Evacuation Pause)
[2020-09-08T10:49:44.199-0300][gc,task        ] GC(634) Using 4 workers of 4 for evacuation
[2020-09-08T10:49:44.219-0300][gc,phases      ] GC(634)   Pre Evacuate Collection Set: 0.0ms
[2020-09-08T10:49:44.219-0300][gc,phases      ] GC(634)   Evacuate Collection Set: 16.2ms
[2020-09-08T10:49:44.219-0300][gc,phases      ] GC(634)   Post Evacuate Collection Set: 1.9ms
[2020-09-08T10:49:44.219-0300][gc,phases      ] GC(634)   Other: 1.7ms
[2020-09-08T10:49:44.219-0300][gc,heap        ] GC(634) Eden regions: 30->0(27)
[2020-09-08T10:49:44.219-0300][gc,heap        ] GC(634) Survivor regions: 3->4(5)
[2020-09-08T10:49:44.219-0300][gc,heap        ] GC(634) Old regions: 56->57
[2020-09-08T10:49:44.219-0300][gc,heap        ] GC(634) Humongous regions: 4->4
[2020-09-08T10:49:44.219-0300][gc,metaspace   ] GC(634) Metaspace: 40710K->40710K(1089536K)
[2020-09-08T10:49:44.219-0300][gc,heap        ] GC(634) Heap after GC invocations=635 (full 1): garbage-first heap   total 109568K, used 63762K [0x0000000083000000, 0x0000000100000000)
[2020-09-08T10:49:44.219-0300][gc,heap        ] GC(634)   region size 1024K, 4 young (4096K), 4 survivors (4096K)
[2020-09-08T10:49:44.219-0300][gc,heap        ] GC(634)  Metaspace       used 40710K, capacity 42751K, committed 46464K, reserved 1089536K
[2020-09-08T10:49:44.219-0300][gc,heap        ] GC(634)   class space    used 4081K, capacity 4757K, committed 6016K, reserved 1048576K
[2020-09-08T10:49:44.219-0300][gc             ] GC(634) Pause Young (Normal) (G1 Evacuation Pause) 91M->62M(107M) 20.103ms
[2020-09-08T10:49:44.220-0300][gc,cpu         ] GC(634) User=0.06s Sys=0.01s Real=0.02s
[2020-09-08T10:49:59.773-0300][gc,heap        ] GC(635) Heap before GC invocations=635 (full 1): garbage-first heap   total 109568K, used 90386K [0x0000000083000000, 0x0000000100000000)
[2020-09-08T10:49:59.773-0300][gc,heap        ] GC(635)   region size 1024K, 31 young (31744K), 4 survivors (4096K)
[2020-09-08T10:49:59.773-0300][gc,heap        ] GC(635)  Metaspace       used 40710K, capacity 42751K, committed 46464K, reserved 1089536K
[2020-09-08T10:49:59.773-0300][gc,heap        ] GC(635)   class space    used 4081K, capacity 4757K, committed 6016K, reserved 1048576K
[2020-09-08T10:49:59.774-0300][gc,start       ] GC(635) Pause Young (Normal) (G1 Evacuation Pause)
[2020-09-08T10:49:59.774-0300][gc,task        ] GC(635) Using 4 workers of 4 for evacuation
[2020-09-08T10:49:59.790-0300][gc,phases      ] GC(635)   Pre Evacuate Collection Set: 0.0ms
[2020-09-08T10:49:59.790-0300][gc,phases      ] GC(635)   Evacuate Collection Set: 13.2ms
[2020-09-08T10:49:59.790-0300][gc,phases      ] GC(635)   Post Evacuate Collection Set: 1.9ms
[2020-09-08T10:49:59.790-0300][gc,phases      ] GC(635)   Other: 1.6ms
[2020-09-08T10:49:59.790-0300][gc,heap        ] GC(635) Eden regions: 27->0(28)
[2020-09-08T10:49:59.790-0300][gc,heap        ] GC(635) Survivor regions: 4->3(4)
[2020-09-08T10:49:59.790-0300][gc,heap        ] GC(635) Old regions: 57->58
[2020-09-08T10:49:59.790-0300][gc,heap        ] GC(635) Humongous regions: 4->4
[2020-09-08T10:49:59.790-0300][gc,metaspace   ] GC(635) Metaspace: 40710K->40710K(1089536K)
[2020-09-08T10:49:59.790-0300][gc,heap        ] GC(635) Heap after GC invocations=636 (full 1): garbage-first heap   total 109568K, used 63765K [0x0000000083000000, 0x0000000100000000)
[2020-09-08T10:49:59.790-0300][gc,heap        ] GC(635)   region size 1024K, 3 young (3072K), 3 survivors (3072K)
[2020-09-08T10:49:59.790-0300][gc,heap        ] GC(635)  Metaspace       used 40710K, capacity 42751K, committed 46464K, reserved 1089536K
[2020-09-08T10:49:59.791-0300][gc,heap        ] GC(635)   class space    used 4081K, capacity 4757K, committed 6016K, reserved 1048576K
[2020-09-08T10:49:59.791-0300][gc             ] GC(635) Pause Young (Normal) (G1 Evacuation Pause) 89M->62M(107M) 16.985ms
[2020-09-08T10:49:59.791-0300][gc,cpu         ] GC(635) User=0.05s Sys=0.01s Real=0.02s
[2020-09-08T10:50:18.664-0300][gc,heap        ] GC(636) Heap before GC invocations=636 (full 1): garbage-first heap   total 109568K, used 91413K [0x0000000083000000, 0x0000000100000000)
[2020-09-08T10:50:18.664-0300][gc,heap        ] GC(636)   region size 1024K, 31 young (31744K), 3 survivors (3072K)
[2020-09-08T10:50:18.664-0300][gc,heap        ] GC(636)  Metaspace       used 40714K, capacity 42755K, committed 46464K, reserved 1089536K
[2020-09-08T10:50:18.664-0300][gc,heap        ] GC(636)   class space    used 4081K, capacity 4757K, committed 6016K, reserved 1048576K
[2020-09-08T10:50:18.665-0300][gc,start       ] GC(636) Pause Young (Normal) (G1 Evacuation Pause)
[2020-09-08T10:50:18.665-0300][gc,task        ] GC(636) Using 4 workers of 4 for evacuation
[2020-09-08T10:50:18.681-0300][gc,phases      ] GC(636)   Pre Evacuate Collection Set: 0.0ms
[2020-09-08T10:50:18.681-0300][gc,phases      ] GC(636)   Evacuate Collection Set: 12.5ms
[2020-09-08T10:50:18.681-0300][gc,phases      ] GC(636)   Post Evacuate Collection Set: 2.7ms
[2020-09-08T10:50:18.681-0300][gc,phases      ] GC(636)   Other: 1.4ms
[2020-09-08T10:50:18.681-0300][gc,heap        ] GC(636) Eden regions: 28->0(28)
[2020-09-08T10:50:18.681-0300][gc,heap        ] GC(636) Survivor regions: 3->3(4)
[2020-09-08T10:50:18.681-0300][gc,heap        ] GC(636) Old regions: 58->58
[2020-09-08T10:50:18.681-0300][gc,heap        ] GC(636) Humongous regions: 4->4
[2020-09-08T10:50:18.681-0300][gc,metaspace   ] GC(636) Metaspace: 40714K->40714K(1089536K)
[2020-09-08T10:50:18.681-0300][gc,heap        ] GC(636) Heap after GC invocations=637 (full 1): garbage-first heap   total 109568K, used 64315K [0x0000000083000000, 0x0000000100000000)
[2020-09-08T10:50:18.681-0300][gc,heap        ] GC(636)   region size 1024K, 3 young (3072K), 3 survivors (3072K)
[2020-09-08T10:50:18.681-0300][gc,heap        ] GC(636)  Metaspace       used 40714K, capacity 42755K, committed 46464K, reserved 1089536K
[2020-09-08T10:50:18.682-0300][gc,heap        ] GC(636)   class space    used 4081K, capacity 4757K, committed 6016K, reserved 1048576K
[2020-09-08T10:50:18.682-0300][gc             ] GC(636) Pause Young (Normal) (G1 Evacuation Pause) 90M->62M(107M) 17.124ms
[2020-09-08T10:50:18.683-0300][gc,cpu         ] GC(636) User=0.05s Sys=0.01s Real=0.02s
[2020-09-08T10:50:30.231-0300][gc,heap        ] GC(637) Heap before GC invocations=637 (full 1): garbage-first heap   total 109568K, used 91963K [0x0000000083000000, 0x0000000100000000)
[2020-09-08T10:50:30.231-0300][gc,heap        ] GC(637)   region size 1024K, 31 young (31744K), 3 survivors (3072K)
[2020-09-08T10:50:30.231-0300][gc,heap        ] GC(637)  Metaspace       used 40714K, capacity 42755K, committed 46464K, reserved 1089536K
[2020-09-08T10:50:30.231-0300][gc,heap        ] GC(637)   class space    used 4081K, capacity 4757K, committed 6016K, reserved 1048576K
[2020-09-08T10:50:30.232-0300][gc,start       ] GC(637) Pause Young (Normal) (G1 Evacuation Pause)
[2020-09-08T10:50:30.232-0300][gc,task        ] GC(637) Using 4 workers of 4 for evacuation
[2020-09-08T10:50:30.244-0300][gc,phases      ] GC(637)   Pre Evacuate Collection Set: 0.0ms
[2020-09-08T10:50:30.244-0300][gc,phases      ] GC(637)   Evacuate Collection Set: 10.1ms
[2020-09-08T10:50:30.245-0300][gc,phases      ] GC(637)   Post Evacuate Collection Set: 1.7ms
[2020-09-08T10:50:30.245-0300][gc,phases      ] GC(637)   Other: 1.4ms
[2020-09-08T10:50:30.245-0300][gc,heap        ] GC(637) Eden regions: 28->0(28)
[2020-09-08T10:50:30.245-0300][gc,heap        ] GC(637) Survivor regions: 3->2(4)
[2020-09-08T10:50:30.245-0300][gc,heap        ] GC(637) Old regions: 58->59
[2020-09-08T10:50:30.245-0300][gc,heap        ] GC(637) Humongous regions: 4->4
[2020-09-08T10:50:30.245-0300][gc,metaspace   ] GC(637) Metaspace: 40714K->40714K(1089536K)
[2020-09-08T10:50:30.245-0300][gc,heap        ] GC(637) Heap after GC invocations=638 (full 1): garbage-first heap   total 109568K, used 64151K [0x0000000083000000, 0x0000000100000000)
[2020-09-08T10:50:30.245-0300][gc,heap        ] GC(637)   region size 1024K, 2 young (2048K), 2 survivors (2048K)
[2020-09-08T10:50:30.245-0300][gc,heap        ] GC(637)  Metaspace       used 40714K, capacity 42755K, committed 46464K, reserved 1089536K
[2020-09-08T10:50:30.245-0300][gc,heap        ] GC(637)   class space    used 4081K, capacity 4757K, committed 6016K, reserved 1048576K
[2020-09-08T10:50:30.245-0300][gc             ] GC(637) Pause Young (Normal) (G1 Evacuation Pause) 90M->62M(107M) 13.586ms
[2020-09-08T10:50:30.245-0300][gc,cpu         ] GC(637) User=0.04s Sys=0.00s Real=0.01s
[2020-09-08T10:50:54.456-0300][gc,heap        ] GC(638) Heap before GC invocations=638 (full 1): garbage-first heap   total 109568K, used 91799K [0x0000000083000000, 0x0000000100000000)
[2020-09-08T10:50:54.456-0300][gc,heap        ] GC(638)   region size 1024K, 30 young (30720K), 2 survivors (2048K)
[2020-09-08T10:50:54.456-0300][gc,heap        ] GC(638)  Metaspace       used 40714K, capacity 42755K, committed 46464K, reserved 1089536K
[2020-09-08T10:50:54.456-0300][gc,heap        ] GC(638)   class space    used 4081K, capacity 4757K, committed 6016K, reserved 1048576K
[2020-09-08T10:50:54.456-0300][gc,start       ] GC(638) Pause Young (Normal) (G1 Evacuation Pause)
[2020-09-08T10:50:54.456-0300][gc,task        ] GC(638) Using 4 workers of 4 for evacuation
[2020-09-08T10:50:54.468-0300][gc,phases      ] GC(638)   Pre Evacuate Collection Set: 0.0ms
[2020-09-08T10:50:54.468-0300][gc,phases      ] GC(638)   Evacuate Collection Set: 8.5ms
[2020-09-08T10:50:54.468-0300][gc,phases      ] GC(638)   Post Evacuate Collection Set: 1.8ms
[2020-09-08T10:50:54.468-0300][gc,phases      ] GC(638)   Other: 1.4ms
[2020-09-08T10:50:54.468-0300][gc,heap        ] GC(638) Eden regions: 28->0(28)
[2020-09-08T10:50:54.468-0300][gc,heap        ] GC(638) Survivor regions: 2->2(4)
[2020-09-08T10:50:54.468-0300][gc,heap        ] GC(638) Old regions: 59->59
[2020-09-08T10:50:54.468-0300][gc,heap        ] GC(638) Humongous regions: 4->4
[2020-09-08T10:50:54.468-0300][gc,metaspace   ] GC(638) Metaspace: 40714K->40714K(1089536K)
[2020-09-08T10:50:54.468-0300][gc,heap        ] GC(638) Heap after GC invocations=639 (full 1): garbage-first heap   total 109568K, used 64295K [0x0000000083000000, 0x0000000100000000)
[2020-09-08T10:50:54.468-0300][gc,heap        ] GC(638)   region size 1024K, 2 young (2048K), 2 survivors (2048K)
[2020-09-08T10:50:54.468-0300][gc,heap        ] GC(638)  Metaspace       used 40714K, capacity 42755K, committed 46464K, reserved 1089536K
[2020-09-08T10:50:54.468-0300][gc,heap        ] GC(638)   class space    used 4081K, capacity 4757K, committed 6016K, reserved 1048576K
[2020-09-08T10:50:54.468-0300][gc             ] GC(638) Pause Young (Normal) (G1 Evacuation Pause) 90M->62M(107M) 12.118ms
[2020-09-08T10:50:54.469-0300][gc,cpu         ] GC(638) User=0.03s Sys=0.00s Real=0.01s
[2020-09-08T10:51:13.386-0300][gc,heap        ] GC(639) Heap before GC invocations=639 (full 1): garbage-first heap   total 109568K, used 91943K [0x0000000083000000, 0x0000000100000000)
[2020-09-08T10:51:13.386-0300][gc,heap        ] GC(639)   region size 1024K, 30 young (30720K), 2 survivors (2048K)
[2020-09-08T10:51:13.386-0300][gc,heap        ] GC(639)  Metaspace       used 40714K, capacity 42755K, committed 46464K, reserved 1089536K
[2020-09-08T10:51:13.386-0300][gc,heap        ] GC(639)   class space    used 4081K, capacity 4757K, committed 6016K, reserved 1048576K
[2020-09-08T10:51:13.386-0300][gc,start       ] GC(639) Pause Young (Normal) (G1 Evacuation Pause)
[2020-09-08T10:51:13.386-0300][gc,task        ] GC(639) Using 4 workers of 4 for evacuation
[2020-09-08T10:51:13.399-0300][gc,phases      ] GC(639)   Pre Evacuate Collection Set: 0.0ms
[2020-09-08T10:51:13.399-0300][gc,phases      ] GC(639)   Evacuate Collection Set: 9.2ms
[2020-09-08T10:51:13.399-0300][gc,phases      ] GC(639)   Post Evacuate Collection Set: 2.5ms
[2020-09-08T10:51:13.399-0300][gc,phases      ] GC(639)   Other: 1.5ms
[2020-09-08T10:51:13.400-0300][gc,heap        ] GC(639) Eden regions: 28->0(28)
[2020-09-08T10:51:13.400-0300][gc,heap        ] GC(639) Survivor regions: 2->2(4)
[2020-09-08T10:51:13.400-0300][gc,heap        ] GC(639) Old regions: 59->59
[2020-09-08T10:51:13.400-0300][gc,heap        ] GC(639) Humongous regions: 4->4
[2020-09-08T10:51:13.400-0300][gc,metaspace   ] GC(639) Metaspace: 40714K->40714K(1089536K)
[2020-09-08T10:51:13.400-0300][gc,heap        ] GC(639) Heap after GC invocations=640 (full 1): garbage-first heap   total 109568K, used 64629K [0x0000000083000000, 0x0000000100000000)
[2020-09-08T10:51:13.400-0300][gc,heap        ] GC(639)   region size 1024K, 2 young (2048K), 2 survivors (2048K)
[2020-09-08T10:51:13.400-0300][gc,heap        ] GC(639)  Metaspace       used 40714K, capacity 42755K, committed 46464K, reserved 1089536K
[2020-09-08T10:51:13.400-0300][gc,heap        ] GC(639)   class space    used 4081K, capacity 4757K, committed 6016K, reserved 1048576K
[2020-09-08T10:51:13.400-0300][gc             ] GC(639) Pause Young (Normal) (G1 Evacuation Pause) 90M->63M(107M) 13.504ms
[2020-09-08T10:51:13.400-0300][gc,cpu         ] GC(639) User=0.04s Sys=0.01s Real=0.01s
[2020-09-08T10:51:30.455-0300][gc,heap        ] GC(640) Heap before GC invocations=640 (full 1): garbage-first heap   total 109568K, used 92277K [0x0000000083000000, 0x0000000100000000)
[2020-09-08T10:51:30.455-0300][gc,heap        ] GC(640)   region size 1024K, 30 young (30720K), 2 survivors (2048K)
[2020-09-08T10:51:30.455-0300][gc,heap        ] GC(640)  Metaspace       used 40714K, capacity 42755K, committed 46464K, reserved 1089536K
[2020-09-08T10:51:30.455-0300][gc,heap        ] GC(640)   class space    used 4081K, capacity 4757K, committed 6016K, reserved 1048576K
[2020-09-08T10:51:30.456-0300][gc,start       ] GC(640) Pause Young (Normal) (G1 Evacuation Pause)
[2020-09-08T10:51:30.456-0300][gc,task        ] GC(640) Using 4 workers of 4 for evacuation
[2020-09-08T10:51:30.468-0300][gc,phases      ] GC(640)   Pre Evacuate Collection Set: 0.0ms
[2020-09-08T10:51:30.468-0300][gc,phases      ] GC(640)   Evacuate Collection Set: 9.6ms
[2020-09-08T10:51:30.468-0300][gc,phases      ] GC(640)   Post Evacuate Collection Set: 1.8ms
[2020-09-08T10:51:30.468-0300][gc,phases      ] GC(640)   Other: 1.3ms
[2020-09-08T10:51:30.468-0300][gc,heap        ] GC(640) Eden regions: 28->0(28)
[2020-09-08T10:51:30.468-0300][gc,heap        ] GC(640) Survivor regions: 2->2(4)
[2020-09-08T10:51:30.468-0300][gc,heap        ] GC(640) Old regions: 59->59
[2020-09-08T10:51:30.468-0300][gc,heap        ] GC(640) Humongous regions: 4->4
[2020-09-08T10:51:30.468-0300][gc,metaspace   ] GC(640) Metaspace: 40714K->40714K(1089536K)
[2020-09-08T10:51:30.468-0300][gc,heap        ] GC(640) Heap after GC invocations=641 (full 1): garbage-first heap   total 109568K, used 64763K [0x0000000083000000, 0x0000000100000000)
[2020-09-08T10:51:30.469-0300][gc,heap        ] GC(640)   region size 1024K, 2 young (2048K), 2 survivors (2048K)
[2020-09-08T10:51:30.469-0300][gc,heap        ] GC(640)  Metaspace       used 40714K, capacity 42755K, committed 46464K, reserved 1089536K
[2020-09-08T10:51:30.469-0300][gc,heap        ] GC(640)   class space    used 4081K, capacity 4757K, committed 6016K, reserved 1048576K
[2020-09-08T10:51:30.469-0300][gc             ] GC(640) Pause Young (Normal) (G1 Evacuation Pause) 91M->63M(107M) 13.064ms
[2020-09-08T10:51:30.469-0300][gc,cpu         ] GC(640) User=0.05s Sys=0.00s Real=0.01s
[2020-09-08T10:51:46.539-0300][gc,heap        ] GC(641) Heap before GC invocations=641 (full 1): garbage-first heap   total 109568K, used 92411K [0x0000000083000000, 0x0000000100000000)
[2020-09-08T10:51:46.540-0300][gc,heap        ] GC(641)   region size 1024K, 30 young (30720K), 2 survivors (2048K)
[2020-09-08T10:51:46.540-0300][gc,heap        ] GC(641)  Metaspace       used 40714K, capacity 42755K, committed 46464K, reserved 1089536K
[2020-09-08T10:51:46.540-0300][gc,heap        ] GC(641)   class space    used 4081K, capacity 4757K, committed 6016K, reserved 1048576K
[2020-09-08T10:51:46.540-0300][gc,start       ] GC(641) Pause Young (Normal) (G1 Evacuation Pause)
[2020-09-08T10:51:46.540-0300][gc,task        ] GC(641) Using 4 workers of 4 for evacuation
[2020-09-08T10:51:46.552-0300][gc,phases      ] GC(641)   Pre Evacuate Collection Set: 0.0ms
[2020-09-08T10:51:46.552-0300][gc,phases      ] GC(641)   Evacuate Collection Set: 9.8ms
[2020-09-08T10:51:46.552-0300][gc,phases      ] GC(641)   Post Evacuate Collection Set: 1.7ms
[2020-09-08T10:51:46.553-0300][gc,phases      ] GC(641)   Other: 1.2ms
[2020-09-08T10:51:46.553-0300][gc,heap        ] GC(641) Eden regions: 28->0(27)
[2020-09-08T10:51:46.553-0300][gc,heap        ] GC(641) Survivor regions: 2->3(4)
[2020-09-08T10:51:46.553-0300][gc,heap        ] GC(641) Old regions: 59->59
[2020-09-08T10:51:46.553-0300][gc,heap        ] GC(641) Humongous regions: 4->4
[2020-09-08T10:51:46.553-0300][gc,metaspace   ] GC(641) Metaspace: 40714K->40714K(1089536K)
[2020-09-08T10:51:46.553-0300][gc,heap        ] GC(641) Heap after GC invocations=642 (full 1): garbage-first heap   total 109568K, used 65086K [0x0000000083000000, 0x0000000100000000)
[2020-09-08T10:51:46.553-0300][gc,heap        ] GC(641)   region size 1024K, 3 young (3072K), 3 survivors (3072K)
[2020-09-08T10:51:46.553-0300][gc,heap        ] GC(641)  Metaspace       used 40714K, capacity 42755K, committed 46464K, reserved 1089536K
[2020-09-08T10:51:46.553-0300][gc,heap        ] GC(641)   class space    used 4081K, capacity 4757K, committed 6016K, reserved 1048576K
[2020-09-08T10:51:46.553-0300][gc             ] GC(641) Pause Young (Normal) (G1 Evacuation Pause) 91M->63M(107M) 13.253ms
[2020-09-08T10:51:46.553-0300][gc,cpu         ] GC(641) User=0.04s Sys=0.00s Real=0.02s
[2020-09-08T10:52:09.602-0300][gc,heap        ] GC(642) Heap before GC invocations=642 (full 1): garbage-first heap   total 109568K, used 91710K [0x0000000083000000, 0x0000000100000000)
[2020-09-08T10:52:09.602-0300][gc,heap        ] GC(642)   region size 1024K, 30 young (30720K), 3 survivors (3072K)
[2020-09-08T10:52:09.602-0300][gc,heap        ] GC(642)  Metaspace       used 40714K, capacity 42755K, committed 46464K, reserved 1089536K
[2020-09-08T10:52:09.602-0300][gc,heap        ] GC(642)   class space    used 4081K, capacity 4757K, committed 6016K, reserved 1048576K
[2020-09-08T10:52:09.603-0300][gc,start       ] GC(642) Pause Young (Normal) (G1 Evacuation Pause)
[2020-09-08T10:52:09.603-0300][gc,task        ] GC(642) Using 4 workers of 4 for evacuation
[2020-09-08T10:52:09.618-0300][gc,phases      ] GC(642)   Pre Evacuate Collection Set: 0.0ms
[2020-09-08T10:52:09.618-0300][gc,phases      ] GC(642)   Evacuate Collection Set: 11.6ms
[2020-09-08T10:52:09.618-0300][gc,phases      ] GC(642)   Post Evacuate Collection Set: 2.6ms
[2020-09-08T10:52:09.618-0300][gc,phases      ] GC(642)   Other: 1.6ms
[2020-09-08T10:52:09.618-0300][gc,heap        ] GC(642) Eden regions: 27->0(26)
[2020-09-08T10:52:09.618-0300][gc,heap        ] GC(642) Survivor regions: 3->3(4)
[2020-09-08T10:52:09.618-0300][gc,heap        ] GC(642) Old regions: 59->60
[2020-09-08T10:52:09.618-0300][gc,heap        ] GC(642) Humongous regions: 4->4
[2020-09-08T10:52:09.618-0300][gc,metaspace   ] GC(642) Metaspace: 40714K->40714K(1089536K)
[2020-09-08T10:52:09.618-0300][gc,heap        ] GC(642) Heap after GC invocations=643 (full 1): garbage-first heap   total 109568K, used 65503K [0x0000000083000000, 0x0000000100000000)
[2020-09-08T10:52:09.618-0300][gc,heap        ] GC(642)   region size 1024K, 3 young (3072K), 3 survivors (3072K)
[2020-09-08T10:52:09.618-0300][gc,heap        ] GC(642)  Metaspace       used 40714K, capacity 42755K, committed 46464K, reserved 1089536K
[2020-09-08T10:52:09.618-0300][gc,heap        ] GC(642)   class space    used 4081K, capacity 4757K, committed 6016K, reserved 1048576K
[2020-09-08T10:52:09.618-0300][gc             ] GC(642) Pause Young (Normal) (G1 Evacuation Pause) 90M->63M(107M) 15.947ms
[2020-09-08T10:52:09.620-0300][gc,cpu         ] GC(642) User=0.05s Sys=0.01s Real=0.01s
[2020-09-08T10:52:27.365-0300][gc,heap        ] GC(643) Heap before GC invocations=643 (full 1): garbage-first heap   total 109568K, used 91103K [0x0000000083000000, 0x0000000100000000)
[2020-09-08T10:52:27.365-0300][gc,heap        ] GC(643)   region size 1024K, 29 young (29696K), 3 survivors (3072K)
[2020-09-08T10:52:27.365-0300][gc,heap        ] GC(643)  Metaspace       used 40714K, capacity 42755K, committed 46464K, reserved 1089536K
[2020-09-08T10:52:27.365-0300][gc,heap        ] GC(643)   class space    used 4081K, capacity 4757K, committed 6016K, reserved 1048576K
[2020-09-08T10:52:27.365-0300][gc,start       ] GC(643) Pause Young (Normal) (G1 Evacuation Pause)
[2020-09-08T10:52:27.365-0300][gc,task        ] GC(643) Using 4 workers of 4 for evacuation
[2020-09-08T10:52:27.379-0300][gc,phases      ] GC(643)   Pre Evacuate Collection Set: 0.0ms
[2020-09-08T10:52:27.379-0300][gc,phases      ] GC(643)   Evacuate Collection Set: 10.4ms
[2020-09-08T10:52:27.379-0300][gc,phases      ] GC(643)   Post Evacuate Collection Set: 1.9ms
[2020-09-08T10:52:27.379-0300][gc,phases      ] GC(643)   Other: 1.2ms
[2020-09-08T10:52:27.379-0300][gc,heap        ] GC(643) Eden regions: 26->0(26)
[2020-09-08T10:52:27.379-0300][gc,heap        ] GC(643) Survivor regions: 3->3(4)
[2020-09-08T10:52:27.379-0300][gc,heap        ] GC(643) Old regions: 60->60
[2020-09-08T10:52:27.379-0300][gc,heap        ] GC(643) Humongous regions: 4->4
[2020-09-08T10:52:27.379-0300][gc,metaspace   ] GC(643) Metaspace: 40714K->40714K(1089536K)
[2020-09-08T10:52:27.379-0300][gc,heap        ] GC(643) Heap after GC invocations=644 (full 1): garbage-first heap   total 109568K, used 65426K [0x0000000083000000, 0x0000000100000000)
[2020-09-08T10:52:27.379-0300][gc,heap        ] GC(643)   region size 1024K, 3 young (3072K), 3 survivors (3072K)
[2020-09-08T10:52:27.379-0300][gc,heap        ] GC(643)  Metaspace       used 40714K, capacity 42755K, committed 46464K, reserved 1089536K
[2020-09-08T10:52:27.379-0300][gc,heap        ] GC(643)   class space    used 4081K, capacity 4757K, committed 6016K, reserved 1048576K
[2020-09-08T10:52:27.379-0300][gc             ] GC(643) Pause Young (Normal) (G1 Evacuation Pause) 89M->63M(107M) 14.027ms
[2020-09-08T10:52:27.380-0300][gc,cpu         ] GC(643) User=0.04s Sys=0.01s Real=0.01s
[2020-09-08T10:52:59.183-0300][gc,heap        ] GC(644) Heap before GC invocations=644 (full 1): garbage-first heap   total 109568K, used 91026K [0x0000000083000000, 0x0000000100000000)
[2020-09-08T10:52:59.184-0300][gc,heap        ] GC(644)   region size 1024K, 29 young (29696K), 3 survivors (3072K)
[2020-09-08T10:52:59.184-0300][gc,heap        ] GC(644)  Metaspace       used 40714K, capacity 42755K, committed 46464K, reserved 1089536K
[2020-09-08T10:52:59.184-0300][gc,heap        ] GC(644)   class space    used 4081K, capacity 4757K, committed 6016K, reserved 1048576K
[2020-09-08T10:52:59.184-0300][gc,start       ] GC(644) Pause Young (Normal) (G1 Evacuation Pause)
[2020-09-08T10:52:59.184-0300][gc,task        ] GC(644) Using 4 workers of 4 for evacuation
[2020-09-08T10:52:59.197-0300][gc,phases      ] GC(644)   Pre Evacuate Collection Set: 0.0ms
[2020-09-08T10:52:59.197-0300][gc,phases      ] GC(644)   Evacuate Collection Set: 9.8ms
[2020-09-08T10:52:59.197-0300][gc,phases      ] GC(644)   Post Evacuate Collection Set: 2.1ms
[2020-09-08T10:52:59.197-0300][gc,phases      ] GC(644)   Other: 1.2ms
[2020-09-08T10:52:59.197-0300][gc,heap        ] GC(644) Eden regions: 26->0(26)
[2020-09-08T10:52:59.197-0300][gc,heap        ] GC(644) Survivor regions: 3->3(4)
[2020-09-08T10:52:59.197-0300][gc,heap        ] GC(644) Old regions: 60->60
[2020-09-08T10:52:59.197-0300][gc,heap        ] GC(644) Humongous regions: 4->4
[2020-09-08T10:52:59.197-0300][gc,metaspace   ] GC(644) Metaspace: 40714K->40714K(1089536K)
[2020-09-08T10:52:59.197-0300][gc,heap        ] GC(644) Heap after GC invocations=645 (full 1): garbage-first heap   total 109568K, used 65613K [0x0000000083000000, 0x0000000100000000)
[2020-09-08T10:52:59.197-0300][gc,heap        ] GC(644)   region size 1024K, 3 young (3072K), 3 survivors (3072K)
[2020-09-08T10:52:59.197-0300][gc,heap        ] GC(644)  Metaspace       used 40714K, capacity 42755K, committed 46464K, reserved 1089536K
[2020-09-08T10:52:59.197-0300][gc,heap        ] GC(644)   class space    used 4081K, capacity 4757K, committed 6016K, reserved 1048576K
[2020-09-08T10:52:59.197-0300][gc             ] GC(644) Pause Young (Normal) (G1 Evacuation Pause) 89M->64M(107M) 13.508ms
[2020-09-08T10:52:59.198-0300][gc,cpu         ] GC(644) User=0.04s Sys=0.00s Real=0.01s
[2020-09-08T10:53:22.620-0300][gc,heap        ] GC(645) Heap before GC invocations=645 (full 1): garbage-first heap   total 109568K, used 91213K [0x0000000083000000, 0x0000000100000000)
[2020-09-08T10:53:22.620-0300][gc,heap        ] GC(645)   region size 1024K, 29 young (29696K), 3 survivors (3072K)
[2020-09-08T10:53:22.620-0300][gc,heap        ] GC(645)  Metaspace       used 40714K, capacity 42755K, committed 46464K, reserved 1089536K
[2020-09-08T10:53:22.620-0300][gc,heap        ] GC(645)   class space    used 4081K, capacity 4757K, committed 6016K, reserved 1048576K
[2020-09-08T10:53:22.620-0300][gc,start       ] GC(645) Pause Young (Normal) (G1 Evacuation Pause)
[2020-09-08T10:53:22.620-0300][gc,task        ] GC(645) Using 4 workers of 4 for evacuation
[2020-09-08T10:53:22.633-0300][gc,phases      ] GC(645)   Pre Evacuate Collection Set: 0.0ms
[2020-09-08T10:53:22.633-0300][gc,phases      ] GC(645)   Evacuate Collection Set: 9.9ms
[2020-09-08T10:53:22.633-0300][gc,phases      ] GC(645)   Post Evacuate Collection Set: 2.1ms
[2020-09-08T10:53:22.634-0300][gc,phases      ] GC(645)   Other: 1.6ms
[2020-09-08T10:53:22.634-0300][gc,heap        ] GC(645) Eden regions: 26->0(26)
[2020-09-08T10:53:22.634-0300][gc,heap        ] GC(645) Survivor regions: 3->3(4)
[2020-09-08T10:53:22.634-0300][gc,heap        ] GC(645) Old regions: 60->60
[2020-09-08T10:53:22.634-0300][gc,heap        ] GC(645) Humongous regions: 4->4
[2020-09-08T10:53:22.634-0300][gc,metaspace   ] GC(645) Metaspace: 40714K->40714K(1089536K)
[2020-09-08T10:53:22.634-0300][gc,heap        ] GC(645) Heap after GC invocations=646 (full 1): garbage-first heap   total 109568K, used 65618K [0x0000000083000000, 0x0000000100000000)
[2020-09-08T10:53:22.634-0300][gc,heap        ] GC(645)   region size 1024K, 3 young (3072K), 3 survivors (3072K)
[2020-09-08T10:53:22.634-0300][gc,heap        ] GC(645)  Metaspace       used 40714K, capacity 42755K, committed 46464K, reserved 1089536K
[2020-09-08T10:53:22.634-0300][gc,heap        ] GC(645)   class space    used 4081K, capacity 4757K, committed 6016K, reserved 1048576K
[2020-09-08T10:53:22.634-0300][gc             ] GC(645) Pause Young (Normal) (G1 Evacuation Pause) 90M->64M(107M) 13.774ms
[2020-09-08T10:53:22.634-0300][gc,cpu         ] GC(645) User=0.04s Sys=0.01s Real=0.02s
[2020-09-08T10:53:54.292-0300][gc,heap        ] GC(646) Heap before GC invocations=646 (full 1): garbage-first heap   total 109568K, used 91218K [0x0000000083000000, 0x0000000100000000)
[2020-09-08T10:53:54.292-0300][gc,heap        ] GC(646)   region size 1024K, 29 young (29696K), 3 survivors (3072K)
[2020-09-08T10:53:54.293-0300][gc,heap        ] GC(646)  Metaspace       used 40714K, capacity 42755K, committed 46464K, reserved 1089536K
[2020-09-08T10:53:54.293-0300][gc,heap        ] GC(646)   class space    used 4081K, capacity 4757K, committed 6016K, reserved 1048576K
[2020-09-08T10:53:54.293-0300][gc,start       ] GC(646) Pause Young (Normal) (G1 Evacuation Pause)
[2020-09-08T10:53:54.293-0300][gc,task        ] GC(646) Using 4 workers of 4 for evacuation
[2020-09-08T10:53:54.305-0300][gc,phases      ] GC(646)   Pre Evacuate Collection Set: 0.0ms
[2020-09-08T10:53:54.305-0300][gc,phases      ] GC(646)   Evacuate Collection Set: 8.8ms
[2020-09-08T10:53:54.305-0300][gc,phases      ] GC(646)   Post Evacuate Collection Set: 2.3ms
[2020-09-08T10:53:54.305-0300][gc,phases      ] GC(646)   Other: 1.2ms
[2020-09-08T10:53:54.305-0300][gc,heap        ] GC(646) Eden regions: 26->0(27)
[2020-09-08T10:53:54.305-0300][gc,heap        ] GC(646) Survivor regions: 3->2(4)
[2020-09-08T10:53:54.305-0300][gc,heap        ] GC(646) Old regions: 60->60
[2020-09-08T10:53:54.305-0300][gc,heap        ] GC(646) Humongous regions: 4->4
[2020-09-08T10:53:54.305-0300][gc,metaspace   ] GC(646) Metaspace: 40714K->40714K(1089536K)
[2020-09-08T10:53:54.305-0300][gc,heap        ] GC(646) Heap after GC invocations=647 (full 1): garbage-first heap   total 109568K, used 65153K [0x0000000083000000, 0x0000000100000000)
[2020-09-08T10:53:54.305-0300][gc,heap        ] GC(646)   region size 1024K, 2 young (2048K), 2 survivors (2048K)
[2020-09-08T10:53:54.305-0300][gc,heap        ] GC(646)  Metaspace       used 40714K, capacity 42755K, committed 46464K, reserved 1089536K
[2020-09-08T10:53:54.305-0300][gc,heap        ] GC(646)   class space    used 4081K, capacity 4757K, committed 6016K, reserved 1048576K
[2020-09-08T10:53:54.305-0300][gc             ] GC(646) Pause Young (Normal) (G1 Evacuation Pause) 90M->63M(107M) 12.698ms
[2020-09-08T10:53:54.306-0300][gc,cpu         ] GC(646) User=0.04s Sys=0.01s Real=0.01s
[2020-09-08T10:54:16.483-0300][gc,heap        ] GC(647) Heap before GC invocations=647 (full 1): garbage-first heap   total 109568K, used 91777K [0x0000000083000000, 0x0000000100000000)
[2020-09-08T10:54:16.483-0300][gc,heap        ] GC(647)   region size 1024K, 29 young (29696K), 2 survivors (2048K)
[2020-09-08T10:54:16.483-0300][gc,heap        ] GC(647)  Metaspace       used 40714K, capacity 42755K, committed 46464K, reserved 1089536K
[2020-09-08T10:54:16.483-0300][gc,heap        ] GC(647)   class space    used 4081K, capacity 4757K, committed 6016K, reserved 1048576K
[2020-09-08T10:54:16.483-0300][gc,start       ] GC(647) Pause Young (Normal) (G1 Evacuation Pause)
[2020-09-08T10:54:16.483-0300][gc,task        ] GC(647) Using 4 workers of 4 for evacuation
[2020-09-08T10:54:16.495-0300][gc,phases      ] GC(647)   Pre Evacuate Collection Set: 0.0ms
[2020-09-08T10:54:16.495-0300][gc,phases      ] GC(647)   Evacuate Collection Set: 8.1ms
[2020-09-08T10:54:16.495-0300][gc,phases      ] GC(647)   Post Evacuate Collection Set: 2.5ms
[2020-09-08T10:54:16.495-0300][gc,phases      ] GC(647)   Other: 1.1ms
[2020-09-08T10:54:16.495-0300][gc,heap        ] GC(647) Eden regions: 27->0(27)
[2020-09-08T10:54:16.495-0300][gc,heap        ] GC(647) Survivor regions: 2->2(4)
[2020-09-08T10:54:16.495-0300][gc,heap        ] GC(647) Old regions: 60->60
[2020-09-08T10:54:16.495-0300][gc,heap        ] GC(647) Humongous regions: 4->4
[2020-09-08T10:54:16.495-0300][gc,metaspace   ] GC(647) Metaspace: 40714K->40714K(1089536K)
[2020-09-08T10:54:16.495-0300][gc,heap        ] GC(647) Heap after GC invocations=648 (full 1): garbage-first heap   total 109568K, used 65197K [0x0000000083000000, 0x0000000100000000)
[2020-09-08T10:54:16.495-0300][gc,heap        ] GC(647)   region size 1024K, 2 young (2048K), 2 survivors (2048K)
[2020-09-08T10:54:16.495-0300][gc,heap        ] GC(647)  Metaspace       used 40714K, capacity 42755K, committed 46464K, reserved 1089536K
[2020-09-08T10:54:16.495-0300][gc,heap        ] GC(647)   class space    used 4081K, capacity 4757K, committed 6016K, reserved 1048576K
[2020-09-08T10:54:16.495-0300][gc             ] GC(647) Pause Young (Normal) (G1 Evacuation Pause) 90M->63M(107M) 12.245ms
[2020-09-08T10:54:16.496-0300][gc,cpu         ] GC(647) User=0.04s Sys=0.01s Real=0.01s
[2020-09-08T10:54:34.514-0300][gc,heap        ] GC(648) Heap before GC invocations=648 (full 1): garbage-first heap   total 109568K, used 91821K [0x0000000083000000, 0x0000000100000000)
[2020-09-08T10:54:34.514-0300][gc,heap        ] GC(648)   region size 1024K, 29 young (29696K), 2 survivors (2048K)
[2020-09-08T10:54:34.514-0300][gc,heap        ] GC(648)  Metaspace       used 40714K, capacity 42755K, committed 46464K, reserved 1089536K
[2020-09-08T10:54:34.514-0300][gc,heap        ] GC(648)   class space    used 4081K, capacity 4757K, committed 6016K, reserved 1048576K
[2020-09-08T10:54:34.514-0300][gc,start       ] GC(648) Pause Young (Normal) (G1 Evacuation Pause)
[2020-09-08T10:54:34.514-0300][gc,task        ] GC(648) Using 4 workers of 4 for evacuation
[2020-09-08T10:54:34.532-0300][gc,phases      ] GC(648)   Pre Evacuate Collection Set: 0.1ms
[2020-09-08T10:54:34.532-0300][gc,phases      ] GC(648)   Evacuate Collection Set: 14.3ms
[2020-09-08T10:54:34.532-0300][gc,phases      ] GC(648)   Post Evacuate Collection Set: 2.6ms
[2020-09-08T10:54:34.533-0300][gc,phases      ] GC(648)   Other: 1.5ms
[2020-09-08T10:54:34.533-0300][gc,heap        ] GC(648) Eden regions: 27->0(26)
[2020-09-08T10:54:34.533-0300][gc,heap        ] GC(648) Survivor regions: 2->3(4)
[2020-09-08T10:54:34.533-0300][gc,heap        ] GC(648) Old regions: 60->60
[2020-09-08T10:54:34.533-0300][gc,heap        ] GC(648) Humongous regions: 4->4
[2020-09-08T10:54:34.533-0300][gc,metaspace   ] GC(648) Metaspace: 40714K->40714K(1089536K)
[2020-09-08T10:54:34.533-0300][gc,heap        ] GC(648) Heap after GC invocations=649 (full 1): garbage-first heap   total 109568K, used 65678K [0x0000000083000000, 0x0000000100000000)
[2020-09-08T10:54:34.533-0300][gc,heap        ] GC(648)   region size 1024K, 3 young (3072K), 3 survivors (3072K)
[2020-09-08T10:54:34.533-0300][gc,heap        ] GC(648)  Metaspace       used 40714K, capacity 42755K, committed 46464K, reserved 1089536K
[2020-09-08T10:54:34.533-0300][gc,heap        ] GC(648)   class space    used 4081K, capacity 4757K, committed 6016K, reserved 1048576K
[2020-09-08T10:54:34.533-0300][gc             ] GC(648) Pause Young (Normal) (G1 Evacuation Pause) 90M->64M(107M) 19.252ms
[2020-09-08T10:54:34.534-0300][gc,cpu         ] GC(648) User=0.04s Sys=0.01s Real=0.02s
[2020-09-08T10:55:04.592-0300][gc,heap        ] GC(649) Heap before GC invocations=649 (full 1): garbage-first heap   total 109568K, used 91278K [0x0000000083000000, 0x0000000100000000)
[2020-09-08T10:55:04.592-0300][gc,heap        ] GC(649)   region size 1024K, 29 young (29696K), 3 survivors (3072K)
[2020-09-08T10:55:04.592-0300][gc,heap        ] GC(649)  Metaspace       used 40714K, capacity 42755K, committed 46464K, reserved 1089536K
[2020-09-08T10:55:04.592-0300][gc,heap        ] GC(649)   class space    used 4081K, capacity 4757K, committed 6016K, reserved 1048576K
[2020-09-08T10:55:04.592-0300][gc,start       ] GC(649) Pause Young (Normal) (G1 Evacuation Pause)
[2020-09-08T10:55:04.592-0300][gc,task        ] GC(649) Using 4 workers of 4 for evacuation
[2020-09-08T10:55:04.606-0300][gc,phases      ] GC(649)   Pre Evacuate Collection Set: 0.0ms
[2020-09-08T10:55:04.606-0300][gc,phases      ] GC(649)   Evacuate Collection Set: 9.8ms
[2020-09-08T10:55:04.606-0300][gc,phases      ] GC(649)   Post Evacuate Collection Set: 2.9ms
[2020-09-08T10:55:04.606-0300][gc,phases      ] GC(649)   Other: 1.3ms
[2020-09-08T10:55:04.606-0300][gc,heap        ] GC(649) Eden regions: 26->0(27)
[2020-09-08T10:55:04.606-0300][gc,heap        ] GC(649) Survivor regions: 3->2(4)
[2020-09-08T10:55:04.606-0300][gc,heap        ] GC(649) Old regions: 60->60
[2020-09-08T10:55:04.606-0300][gc,heap        ] GC(649) Humongous regions: 4->4
[2020-09-08T10:55:04.606-0300][gc,metaspace   ] GC(649) Metaspace: 40714K->40714K(1089536K)
[2020-09-08T10:55:04.606-0300][gc,heap        ] GC(649) Heap after GC invocations=650 (full 1): garbage-first heap   total 109568K, used 65640K [0x0000000083000000, 0x0000000100000000)
[2020-09-08T10:55:04.606-0300][gc,heap        ] GC(649)   region size 1024K, 2 young (2048K), 2 survivors (2048K)
[2020-09-08T10:55:04.606-0300][gc,heap        ] GC(649)  Metaspace       used 40714K, capacity 42755K, committed 46464K, reserved 1089536K
[2020-09-08T10:55:04.606-0300][gc,heap        ] GC(649)   class space    used 4081K, capacity 4757K, committed 6016K, reserved 1048576K
[2020-09-08T10:55:04.607-0300][gc             ] GC(649) Pause Young (Normal) (G1 Evacuation Pause) 90M->64M(107M) 14.382ms
[2020-09-08T10:55:04.607-0300][gc,cpu         ] GC(649) User=0.04s Sys=0.01s Real=0.01s
[2020-09-08T10:55:29.813-0300][gc,heap        ] GC(650) Heap before GC invocations=650 (full 1): garbage-first heap   total 109568K, used 92264K [0x0000000083000000, 0x0000000100000000)
[2020-09-08T10:55:29.813-0300][gc,heap        ] GC(650)   region size 1024K, 29 young (29696K), 2 survivors (2048K)
[2020-09-08T10:55:29.813-0300][gc,heap        ] GC(650)  Metaspace       used 40714K, capacity 42755K, committed 46464K, reserved 1089536K
[2020-09-08T10:55:29.813-0300][gc,heap        ] GC(650)   class space    used 4081K, capacity 4757K, committed 6016K, reserved 1048576K
[2020-09-08T10:55:29.814-0300][gc,start       ] GC(650) Pause Young (Normal) (G1 Evacuation Pause)
[2020-09-08T10:55:29.814-0300][gc,task        ] GC(650) Using 4 workers of 4 for evacuation
[2020-09-08T10:55:29.825-0300][gc,phases      ] GC(650)   Pre Evacuate Collection Set: 0.0ms
[2020-09-08T10:55:29.825-0300][gc,phases      ] GC(650)   Evacuate Collection Set: 8.4ms
[2020-09-08T10:55:29.825-0300][gc,phases      ] GC(650)   Post Evacuate Collection Set: 2.4ms
[2020-09-08T10:55:29.825-0300][gc,phases      ] GC(650)   Other: 1.1ms
[2020-09-08T10:55:29.825-0300][gc,heap        ] GC(650) Eden regions: 27->0(27)
[2020-09-08T10:55:29.826-0300][gc,heap        ] GC(650) Survivor regions: 2->2(4)
[2020-09-08T10:55:29.826-0300][gc,heap        ] GC(650) Old regions: 60->60
[2020-09-08T10:55:29.826-0300][gc,heap        ] GC(650) Humongous regions: 4->4
[2020-09-08T10:55:29.826-0300][gc,metaspace   ] GC(650) Metaspace: 40714K->40714K(1089536K)
[2020-09-08T10:55:29.826-0300][gc,heap        ] GC(650) Heap after GC invocations=651 (full 1): garbage-first heap   total 109568K, used 65485K [0x0000000083000000, 0x0000000100000000)
[2020-09-08T10:55:29.826-0300][gc,heap        ] GC(650)   region size 1024K, 2 young (2048K), 2 survivors (2048K)
[2020-09-08T10:55:29.826-0300][gc,heap        ] GC(650)  Metaspace       used 40714K, capacity 42755K, committed 46464K, reserved 1089536K
[2020-09-08T10:55:29.826-0300][gc,heap        ] GC(650)   class space    used 4081K, capacity 4757K, committed 6016K, reserved 1048576K
[2020-09-08T10:55:29.826-0300][gc             ] GC(650) Pause Young (Normal) (G1 Evacuation Pause) 91M->63M(107M) 12.429ms
[2020-09-08T10:55:29.826-0300][gc,cpu         ] GC(650) User=0.04s Sys=0.00s Real=0.01s
[2020-09-08T10:55:53.014-0300][gc,heap        ] GC(651) Heap before GC invocations=651 (full 1): garbage-first heap   total 109568K, used 92109K [0x0000000083000000, 0x0000000100000000)
[2020-09-08T10:55:53.014-0300][gc,heap        ] GC(651)   region size 1024K, 29 young (29696K), 2 survivors (2048K)
[2020-09-08T10:55:53.014-0300][gc,heap        ] GC(651)  Metaspace       used 40718K, capacity 42755K, committed 46464K, reserved 1089536K
[2020-09-08T10:55:53.014-0300][gc,heap        ] GC(651)   class space    used 4081K, capacity 4757K, committed 6016K, reserved 1048576K
[2020-09-08T10:55:53.014-0300][gc,start       ] GC(651) Pause Young (Normal) (G1 Evacuation Pause)
[2020-09-08T10:55:53.014-0300][gc,task        ] GC(651) Using 4 workers of 4 for evacuation
[2020-09-08T10:55:53.026-0300][gc,phases      ] GC(651)   Pre Evacuate Collection Set: 0.0ms
[2020-09-08T10:55:53.026-0300][gc,phases      ] GC(651)   Evacuate Collection Set: 8.7ms
[2020-09-08T10:55:53.026-0300][gc,phases      ] GC(651)   Post Evacuate Collection Set: 2.0ms
[2020-09-08T10:55:53.026-0300][gc,phases      ] GC(651)   Other: 1.3ms
[2020-09-08T10:55:53.026-0300][gc,heap        ] GC(651) Eden regions: 27->0(27)
[2020-09-08T10:55:53.026-0300][gc,heap        ] GC(651) Survivor regions: 2->2(4)
[2020-09-08T10:55:53.026-0300][gc,heap        ] GC(651) Old regions: 60->60
[2020-09-08T10:55:53.026-0300][gc,heap        ] GC(651) Humongous regions: 4->4
[2020-09-08T10:55:53.027-0300][gc,metaspace   ] GC(651) Metaspace: 40718K->40718K(1089536K)
[2020-09-08T10:55:53.027-0300][gc,heap        ] GC(651) Heap after GC invocations=652 (full 1): garbage-first heap   total 109568K, used 65553K [0x0000000083000000, 0x0000000100000000)
[2020-09-08T10:55:53.027-0300][gc,heap        ] GC(651)   region size 1024K, 2 young (2048K), 2 survivors (2048K)
[2020-09-08T10:55:53.027-0300][gc,heap        ] GC(651)  Metaspace       used 40718K, capacity 42755K, committed 46464K, reserved 1089536K
[2020-09-08T10:55:53.027-0300][gc,heap        ] GC(651)   class space    used 4081K, capacity 4757K, committed 6016K, reserved 1048576K
[2020-09-08T10:55:53.027-0300][gc             ] GC(651) Pause Young (Normal) (G1 Evacuation Pause) 90M->64M(107M) 12.383ms
[2020-09-08T10:55:53.027-0300][gc,cpu         ] GC(651) User=0.04s Sys=0.00s Real=0.01s
[2020-09-08T10:56:07.473-0300][gc,heap        ] GC(652) Heap before GC invocations=652 (full 1): garbage-first heap   total 109568K, used 92177K [0x0000000083000000, 0x0000000100000000)
[2020-09-08T10:56:07.473-0300][gc,heap        ] GC(652)   region size 1024K, 29 young (29696K), 2 survivors (2048K)
[2020-09-08T10:56:07.473-0300][gc,heap        ] GC(652)  Metaspace       used 40727K, capacity 42819K, committed 46720K, reserved 1089536K
[2020-09-08T10:56:07.473-0300][gc,heap        ] GC(652)   class space    used 4081K, capacity 4757K, committed 6016K, reserved 1048576K
[2020-09-08T10:56:07.473-0300][gc,start       ] GC(652) Pause Young (Normal) (G1 Evacuation Pause)
[2020-09-08T10:56:07.473-0300][gc,task        ] GC(652) Using 4 workers of 4 for evacuation
[2020-09-08T10:56:07.497-0300][gc,phases      ] GC(652)   Pre Evacuate Collection Set: 0.1ms
[2020-09-08T10:56:07.497-0300][gc,phases      ] GC(652)   Evacuate Collection Set: 16.4ms
[2020-09-08T10:56:07.497-0300][gc,phases      ] GC(652)   Post Evacuate Collection Set: 5.9ms
[2020-09-08T10:56:07.497-0300][gc,phases      ] GC(652)   Other: 1.6ms
[2020-09-08T10:56:07.497-0300][gc,heap        ] GC(652) Eden regions: 27->0(26)
[2020-09-08T10:56:07.497-0300][gc,heap        ] GC(652) Survivor regions: 2->3(4)
[2020-09-08T10:56:07.497-0300][gc,heap        ] GC(652) Old regions: 60->60
[2020-09-08T10:56:07.497-0300][gc,heap        ] GC(652) Humongous regions: 4->4
[2020-09-08T10:56:07.497-0300][gc,metaspace   ] GC(652) Metaspace: 40727K->40727K(1089536K)
[2020-09-08T10:56:07.497-0300][gc,heap        ] GC(652) Heap after GC invocations=653 (full 1): garbage-first heap   total 109568K, used 66009K [0x0000000083000000, 0x0000000100000000)
[2020-09-08T10:56:07.498-0300][gc,heap        ] GC(652)   region size 1024K, 3 young (3072K), 3 survivors (3072K)
[2020-09-08T10:56:07.498-0300][gc,heap        ] GC(652)  Metaspace       used 40727K, capacity 42819K, committed 46720K, reserved 1089536K
[2020-09-08T10:56:07.498-0300][gc,heap        ] GC(652)   class space    used 4081K, capacity 4757K, committed 6016K, reserved 1048576K
[2020-09-08T10:56:07.498-0300][gc             ] GC(652) Pause Young (Normal) (G1 Evacuation Pause) 91M->64M(107M) 24.683ms
[2020-09-08T10:56:07.498-0300][gc,cpu         ] GC(652) User=0.06s Sys=0.01s Real=0.02s
[2020-09-08T10:56:18.367-0300][gc,heap        ] GC(653) Heap before GC invocations=653 (full 1): garbage-first heap   total 109568K, used 91609K [0x0000000083000000, 0x0000000100000000)
[2020-09-08T10:56:18.367-0300][gc,heap        ] GC(653)   region size 1024K, 29 young (29696K), 3 survivors (3072K)
[2020-09-08T10:56:18.367-0300][gc,heap        ] GC(653)  Metaspace       used 40727K, capacity 42819K, committed 46720K, reserved 1089536K
[2020-09-08T10:56:18.367-0300][gc,heap        ] GC(653)   class space    used 4081K, capacity 4757K, committed 6016K, reserved 1048576K
[2020-09-08T10:56:18.368-0300][gc,start       ] GC(653) Pause Young (Normal) (G1 Evacuation Pause)
[2020-09-08T10:56:18.368-0300][gc,task        ] GC(653) Using 4 workers of 4 for evacuation
[2020-09-08T10:56:18.383-0300][gc,phases      ] GC(653)   Pre Evacuate Collection Set: 0.1ms
[2020-09-08T10:56:18.383-0300][gc,phases      ] GC(653)   Evacuate Collection Set: 12.5ms
[2020-09-08T10:56:18.383-0300][gc,phases      ] GC(653)   Post Evacuate Collection Set: 1.6ms
[2020-09-08T10:56:18.383-0300][gc,phases      ] GC(653)   Other: 1.6ms
[2020-09-08T10:56:18.383-0300][gc,heap        ] GC(653) Eden regions: 26->0(26)
[2020-09-08T10:56:18.383-0300][gc,heap        ] GC(653) Survivor regions: 3->3(4)
[2020-09-08T10:56:18.383-0300][gc,heap        ] GC(653) Old regions: 60->60
[2020-09-08T10:56:18.383-0300][gc,heap        ] GC(653) Humongous regions: 4->4
[2020-09-08T10:56:18.383-0300][gc,metaspace   ] GC(653) Metaspace: 40727K->40727K(1089536K)
[2020-09-08T10:56:18.383-0300][gc,heap        ] GC(653) Heap after GC invocations=654 (full 1): garbage-first heap   total 109568K, used 66317K [0x0000000083000000, 0x0000000100000000)
[2020-09-08T10:56:18.383-0300][gc,heap        ] GC(653)   region size 1024K, 3 young (3072K), 3 survivors (3072K)
[2020-09-08T10:56:18.384-0300][gc,heap        ] GC(653)  Metaspace       used 40727K, capacity 42819K, committed 46720K, reserved 1089536K
[2020-09-08T10:56:18.384-0300][gc,heap        ] GC(653)   class space    used 4081K, capacity 4757K, committed 6016K, reserved 1048576K
[2020-09-08T10:56:18.384-0300][gc             ] GC(653) Pause Young (Normal) (G1 Evacuation Pause) 90M->64M(107M) 16.032ms
[2020-09-08T10:56:18.384-0300][gc,cpu         ] GC(653) User=0.04s Sys=0.00s Real=0.02s
[2020-09-08T10:56:39.391-0300][gc,heap        ] GC(654) Heap before GC invocations=654 (full 1): garbage-first heap   total 109568K, used 91917K [0x0000000083000000, 0x0000000100000000)
[2020-09-08T10:56:39.391-0300][gc,heap        ] GC(654)   region size 1024K, 29 young (29696K), 3 survivors (3072K)
[2020-09-08T10:56:39.391-0300][gc,heap        ] GC(654)  Metaspace       used 40727K, capacity 42819K, committed 46720K, reserved 1089536K
[2020-09-08T10:56:39.391-0300][gc,heap        ] GC(654)   class space    used 4081K, capacity 4757K, committed 6016K, reserved 1048576K
[2020-09-08T10:56:39.391-0300][gc,start       ] GC(654) Pause Young (Normal) (G1 Evacuation Pause)
[2020-09-08T10:56:39.391-0300][gc,task        ] GC(654) Using 4 workers of 4 for evacuation
[2020-09-08T10:56:39.405-0300][gc,phases      ] GC(654)   Pre Evacuate Collection Set: 0.0ms
[2020-09-08T10:56:39.405-0300][gc,phases      ] GC(654)   Evacuate Collection Set: 11.1ms
[2020-09-08T10:56:39.405-0300][gc,phases      ] GC(654)   Post Evacuate Collection Set: 2.0ms
[2020-09-08T10:56:39.405-0300][gc,phases      ] GC(654)   Other: 1.3ms
[2020-09-08T10:56:39.405-0300][gc,heap        ] GC(654) Eden regions: 26->0(25)
[2020-09-08T10:56:39.405-0300][gc,heap        ] GC(654) Survivor regions: 3->3(4)
[2020-09-08T10:56:39.405-0300][gc,heap        ] GC(654) Old regions: 60->61
[2020-09-08T10:56:39.405-0300][gc,heap        ] GC(654) Humongous regions: 4->4
[2020-09-08T10:56:39.405-0300][gc,metaspace   ] GC(654) Metaspace: 40727K->40727K(1089536K)
[2020-09-08T10:56:39.405-0300][gc,heap        ] GC(654) Heap after GC invocations=655 (full 1): garbage-first heap   total 109568K, used 66599K [0x0000000083000000, 0x0000000100000000)
[2020-09-08T10:56:39.405-0300][gc,heap        ] GC(654)   region size 1024K, 3 young (3072K), 3 survivors (3072K)
[2020-09-08T10:56:39.406-0300][gc,heap        ] GC(654)  Metaspace       used 40727K, capacity 42819K, committed 46720K, reserved 1089536K
[2020-09-08T10:56:39.406-0300][gc,heap        ] GC(654)   class space    used 4081K, capacity 4757K, committed 6016K, reserved 1048576K
[2020-09-08T10:56:39.406-0300][gc             ] GC(654) Pause Young (Normal) (G1 Evacuation Pause) 90M->65M(107M) 14.737ms
[2020-09-08T10:56:39.406-0300][gc,cpu         ] GC(654) User=0.05s Sys=0.00s Real=0.01s
[2020-09-08T10:57:00.061-0300][gc,heap        ] GC(655) Heap before GC invocations=655 (full 1): garbage-first heap   total 109568K, used 91175K [0x0000000083000000, 0x0000000100000000)
[2020-09-08T10:57:00.061-0300][gc,heap        ] GC(655)   region size 1024K, 28 young (28672K), 3 survivors (3072K)
[2020-09-08T10:57:00.061-0300][gc,heap        ] GC(655)  Metaspace       used 40727K, capacity 42819K, committed 46720K, reserved 1089536K
[2020-09-08T10:57:00.061-0300][gc,heap        ] GC(655)   class space    used 4081K, capacity 4757K, committed 6016K, reserved 1048576K
[2020-09-08T10:57:00.061-0300][gc,start       ] GC(655) Pause Young (Normal) (G1 Evacuation Pause)
[2020-09-08T10:57:00.061-0300][gc,task        ] GC(655) Using 4 workers of 4 for evacuation
[2020-09-08T10:57:00.078-0300][gc,phases      ] GC(655)   Pre Evacuate Collection Set: 0.0ms
[2020-09-08T10:57:00.078-0300][gc,phases      ] GC(655)   Evacuate Collection Set: 13.6ms
[2020-09-08T10:57:00.078-0300][gc,phases      ] GC(655)   Post Evacuate Collection Set: 2.2ms
[2020-09-08T10:57:00.078-0300][gc,phases      ] GC(655)   Other: 1.2ms
[2020-09-08T10:57:00.078-0300][gc,heap        ] GC(655) Eden regions: 25->0(25)
[2020-09-08T10:57:00.078-0300][gc,heap        ] GC(655) Survivor regions: 3->3(4)
[2020-09-08T10:57:00.079-0300][gc,heap        ] GC(655) Old regions: 61->61
[2020-09-08T10:57:00.079-0300][gc,heap        ] GC(655) Humongous regions: 4->4
[2020-09-08T10:57:00.079-0300][gc,metaspace   ] GC(655) Metaspace: 40727K->40727K(1089536K)
[2020-09-08T10:57:00.079-0300][gc,heap        ] GC(655) Heap after GC invocations=656 (full 1): garbage-first heap   total 109568K, used 66850K [0x0000000083000000, 0x0000000100000000)
[2020-09-08T10:57:00.079-0300][gc,heap        ] GC(655)   region size 1024K, 3 young (3072K), 3 survivors (3072K)
[2020-09-08T10:57:00.079-0300][gc,heap        ] GC(655)  Metaspace       used 40727K, capacity 42819K, committed 46720K, reserved 1089536K
[2020-09-08T10:57:00.079-0300][gc,heap        ] GC(655)   class space    used 4081K, capacity 4757K, committed 6016K, reserved 1048576K
[2020-09-08T10:57:00.079-0300][gc             ] GC(655) Pause Young (Normal) (G1 Evacuation Pause) 90M->65M(107M) 17.480ms
[2020-09-08T10:57:00.079-0300][gc,cpu         ] GC(655) User=0.04s Sys=0.00s Real=0.01s
[2020-09-08T10:57:24.340-0300][gc,heap        ] GC(656) Heap before GC invocations=656 (full 1): garbage-first heap   total 109568K, used 91426K [0x0000000083000000, 0x0000000100000000)
[2020-09-08T10:57:24.340-0300][gc,heap        ] GC(656)   region size 1024K, 28 young (28672K), 3 survivors (3072K)
[2020-09-08T10:57:24.340-0300][gc,heap        ] GC(656)  Metaspace       used 40727K, capacity 42819K, committed 46720K, reserved 1089536K
[2020-09-08T10:57:24.340-0300][gc,heap        ] GC(656)   class space    used 4081K, capacity 4757K, committed 6016K, reserved 1048576K
[2020-09-08T10:57:24.340-0300][gc,start       ] GC(656) Pause Young (Normal) (G1 Evacuation Pause)
[2020-09-08T10:57:24.340-0300][gc,task        ] GC(656) Using 4 workers of 4 for evacuation
[2020-09-08T10:57:24.354-0300][gc,phases      ] GC(656)   Pre Evacuate Collection Set: 0.0ms
[2020-09-08T10:57:24.354-0300][gc,phases      ] GC(656)   Evacuate Collection Set: 10.8ms
[2020-09-08T10:57:24.354-0300][gc,phases      ] GC(656)   Post Evacuate Collection Set: 2.4ms
[2020-09-08T10:57:24.354-0300][gc,phases      ] GC(656)   Other: 1.3ms
[2020-09-08T10:57:24.354-0300][gc,heap        ] GC(656) Eden regions: 25->0(25)
[2020-09-08T10:57:24.354-0300][gc,heap        ] GC(656) Survivor regions: 3->3(4)
[2020-09-08T10:57:24.355-0300][gc,heap        ] GC(656) Old regions: 61->61
[2020-09-08T10:57:24.355-0300][gc,heap        ] GC(656) Humongous regions: 4->4
[2020-09-08T10:57:24.355-0300][gc,metaspace   ] GC(656) Metaspace: 40727K->40727K(1089536K)
[2020-09-08T10:57:24.355-0300][gc,heap        ] GC(656) Heap after GC invocations=657 (full 1): garbage-first heap   total 109568K, used 66720K [0x0000000083000000, 0x0000000100000000)
[2020-09-08T10:57:24.355-0300][gc,heap        ] GC(656)   region size 1024K, 3 young (3072K), 3 survivors (3072K)
[2020-09-08T10:57:24.355-0300][gc,heap        ] GC(656)  Metaspace       used 40727K, capacity 42819K, committed 46720K, reserved 1089536K
[2020-09-08T10:57:24.355-0300][gc,heap        ] GC(656)   class space    used 4081K, capacity 4757K, committed 6016K, reserved 1048576K
[2020-09-08T10:57:24.355-0300][gc             ] GC(656) Pause Young (Normal) (G1 Evacuation Pause) 90M->65M(107M) 14.888ms
[2020-09-08T10:57:24.355-0300][gc,cpu         ] GC(656) User=0.04s Sys=0.00s Real=0.02s
[2020-09-08T10:57:51.035-0300][gc,heap        ] GC(657) Heap before GC invocations=657 (full 1): garbage-first heap   total 109568K, used 91296K [0x0000000083000000, 0x0000000100000000)
[2020-09-08T10:57:51.035-0300][gc,heap        ] GC(657)   region size 1024K, 28 young (28672K), 3 survivors (3072K)
[2020-09-08T10:57:51.035-0300][gc,heap        ] GC(657)  Metaspace       used 40727K, capacity 42819K, committed 46720K, reserved 1089536K
[2020-09-08T10:57:51.035-0300][gc,heap        ] GC(657)   class space    used 4081K, capacity 4757K, committed 6016K, reserved 1048576K
[2020-09-08T10:57:51.035-0300][gc,start       ] GC(657) Pause Young (Normal) (G1 Evacuation Pause)
[2020-09-08T10:57:51.036-0300][gc,task        ] GC(657) Using 4 workers of 4 for evacuation
[2020-09-08T10:57:51.048-0300][gc,phases      ] GC(657)   Pre Evacuate Collection Set: 0.0ms
[2020-09-08T10:57:51.048-0300][gc,phases      ] GC(657)   Evacuate Collection Set: 9.2ms
[2020-09-08T10:57:51.048-0300][gc,phases      ] GC(657)   Post Evacuate Collection Set: 2.0ms
[2020-09-08T10:57:51.048-0300][gc,phases      ] GC(657)   Other: 1.2ms
[2020-09-08T10:57:51.048-0300][gc,heap        ] GC(657) Eden regions: 25->0(26)
[2020-09-08T10:57:51.048-0300][gc,heap        ] GC(657) Survivor regions: 3->2(4)
[2020-09-08T10:57:51.048-0300][gc,heap        ] GC(657) Old regions: 61->61
[2020-09-08T10:57:51.048-0300][gc,heap        ] GC(657) Humongous regions: 4->4
[2020-09-08T10:57:51.048-0300][gc,metaspace   ] GC(657) Metaspace: 40727K->40727K(1089536K)
[2020-09-08T10:57:51.048-0300][gc,heap        ] GC(657) Heap after GC invocations=658 (full 1): garbage-first heap   total 109568K, used 66602K [0x0000000083000000, 0x0000000100000000)
[2020-09-08T10:57:51.048-0300][gc,heap        ] GC(657)   region size 1024K, 2 young (2048K), 2 survivors (2048K)
[2020-09-08T10:57:51.048-0300][gc,heap        ] GC(657)  Metaspace       used 40727K, capacity 42819K, committed 46720K, reserved 1089536K
[2020-09-08T10:57:51.048-0300][gc,heap        ] GC(657)   class space    used 4081K, capacity 4757K, committed 6016K, reserved 1048576K
[2020-09-08T10:57:51.048-0300][gc             ] GC(657) Pause Young (Normal) (G1 Evacuation Pause) 90M->65M(107M) 12.909ms
[2020-09-08T10:57:51.049-0300][gc,cpu         ] GC(657) User=0.03s Sys=0.00s Real=0.01s
[2020-09-08T10:58:10.035-0300][gc,heap        ] GC(658) Heap before GC invocations=658 (full 1): garbage-first heap   total 109568K, used 92202K [0x0000000083000000, 0x0000000100000000)
[2020-09-08T10:58:10.035-0300][gc,heap        ] GC(658)   region size 1024K, 28 young (28672K), 2 survivors (2048K)
[2020-09-08T10:58:10.035-0300][gc,heap        ] GC(658)  Metaspace       used 40727K, capacity 42819K, committed 46720K, reserved 1089536K
[2020-09-08T10:58:10.035-0300][gc,heap        ] GC(658)   class space    used 4081K, capacity 4757K, committed 6016K, reserved 1048576K
[2020-09-08T10:58:10.035-0300][gc,start       ] GC(658) Pause Young (Normal) (G1 Evacuation Pause)
[2020-09-08T10:58:10.035-0300][gc,task        ] GC(658) Using 4 workers of 4 for evacuation
[2020-09-08T10:58:10.048-0300][gc,phases      ] GC(658)   Pre Evacuate Collection Set: 0.1ms
[2020-09-08T10:58:10.048-0300][gc,phases      ] GC(658)   Evacuate Collection Set: 9.4ms
[2020-09-08T10:58:10.048-0300][gc,phases      ] GC(658)   Post Evacuate Collection Set: 2.7ms
[2020-09-08T10:58:10.048-0300][gc,phases      ] GC(658)   Other: 1.2ms
[2020-09-08T10:58:10.049-0300][gc,heap        ] GC(658) Eden regions: 26->0(25)
[2020-09-08T10:58:10.049-0300][gc,heap        ] GC(658) Survivor regions: 2->3(4)
[2020-09-08T10:58:10.049-0300][gc,heap        ] GC(658) Old regions: 61->61
[2020-09-08T10:58:10.049-0300][gc,heap        ] GC(658) Humongous regions: 4->4
[2020-09-08T10:58:10.049-0300][gc,metaspace   ] GC(658) Metaspace: 40727K->40727K(1089536K)
[2020-09-08T10:58:10.049-0300][gc,heap        ] GC(658) Heap after GC invocations=659 (full 1): garbage-first heap   total 109568K, used 66799K [0x0000000083000000, 0x0000000100000000)
[2020-09-08T10:58:10.049-0300][gc,heap        ] GC(658)   region size 1024K, 3 young (3072K), 3 survivors (3072K)
[2020-09-08T10:58:10.049-0300][gc,heap        ] GC(658)  Metaspace       used 40727K, capacity 42819K, committed 46720K, reserved 1089536K
[2020-09-08T10:58:10.049-0300][gc,heap        ] GC(658)   class space    used 4081K, capacity 4757K, committed 6016K, reserved 1048576K
[2020-09-08T10:58:10.049-0300][gc             ] GC(658) Pause Young (Normal) (G1 Evacuation Pause) 91M->65M(107M) 13.692ms
[2020-09-08T10:58:10.049-0300][gc,cpu         ] GC(658) User=0.04s Sys=0.00s Real=0.01s
[2020-09-08T10:58:34.464-0300][gc,heap        ] GC(659) Heap before GC invocations=659 (full 1): garbage-first heap   total 109568K, used 91375K [0x0000000083000000, 0x0000000100000000)
[2020-09-08T10:58:34.464-0300][gc,heap        ] GC(659)   region size 1024K, 28 young (28672K), 3 survivors (3072K)
[2020-09-08T10:58:34.464-0300][gc,heap        ] GC(659)  Metaspace       used 40727K, capacity 42819K, committed 46720K, reserved 1089536K
[2020-09-08T10:58:34.464-0300][gc,heap        ] GC(659)   class space    used 4081K, capacity 4757K, committed 6016K, reserved 1048576K
[2020-09-08T10:58:34.464-0300][gc,start       ] GC(659) Pause Young (Normal) (G1 Evacuation Pause)
[2020-09-08T10:58:34.464-0300][gc,task        ] GC(659) Using 4 workers of 4 for evacuation
[2020-09-08T10:58:34.476-0300][gc,phases      ] GC(659)   Pre Evacuate Collection Set: 0.0ms
[2020-09-08T10:58:34.476-0300][gc,phases      ] GC(659)   Evacuate Collection Set: 8.8ms
[2020-09-08T10:58:34.476-0300][gc,phases      ] GC(659)   Post Evacuate Collection Set: 2.0ms
[2020-09-08T10:58:34.476-0300][gc,phases      ] GC(659)   Other: 1.3ms
[2020-09-08T10:58:34.476-0300][gc,heap        ] GC(659) Eden regions: 25->0(25)
[2020-09-08T10:58:34.476-0300][gc,heap        ] GC(659) Survivor regions: 3->3(4)
[2020-09-08T10:58:34.476-0300][gc,heap        ] GC(659) Old regions: 61->61
[2020-09-08T10:58:34.476-0300][gc,heap        ] GC(659) Humongous regions: 4->4
[2020-09-08T10:58:34.476-0300][gc,metaspace   ] GC(659) Metaspace: 40727K->40727K(1089536K)
[2020-09-08T10:58:34.476-0300][gc,heap        ] GC(659) Heap after GC invocations=660 (full 1): garbage-first heap   total 109568K, used 66703K [0x0000000083000000, 0x0000000100000000)
[2020-09-08T10:58:34.476-0300][gc,heap        ] GC(659)   region size 1024K, 3 young (3072K), 3 survivors (3072K)
[2020-09-08T10:58:34.476-0300][gc,heap        ] GC(659)  Metaspace       used 40727K, capacity 42819K, committed 46720K, reserved 1089536K
[2020-09-08T10:58:34.476-0300][gc,heap        ] GC(659)   class space    used 4081K, capacity 4757K, committed 6016K, reserved 1048576K
[2020-09-08T10:58:34.476-0300][gc             ] GC(659) Pause Young (Normal) (G1 Evacuation Pause) 90M->65M(107M) 12.386ms
[2020-09-08T10:58:34.477-0300][gc,cpu         ] GC(659) User=0.03s Sys=0.01s Real=0.01s
[2020-09-08T10:58:55.975-0300][gc,heap        ] GC(660) Heap before GC invocations=660 (full 1): garbage-first heap   total 109568K, used 91279K [0x0000000083000000, 0x0000000100000000)
[2020-09-08T10:58:55.976-0300][gc,heap        ] GC(660)   region size 1024K, 28 young (28672K), 3 survivors (3072K)
[2020-09-08T10:58:55.976-0300][gc,heap        ] GC(660)  Metaspace       used 40742K, capacity 42819K, committed 46720K, reserved 1089536K
[2020-09-08T10:58:55.976-0300][gc,heap        ] GC(660)   class space    used 4082K, capacity 4757K, committed 6016K, reserved 1048576K
[2020-09-08T10:58:55.976-0300][gc,start       ] GC(660) Pause Young (Normal) (G1 Evacuation Pause)
[2020-09-08T10:58:55.976-0300][gc,task        ] GC(660) Using 4 workers of 4 for evacuation
[2020-09-08T10:58:55.989-0300][gc,phases      ] GC(660)   Pre Evacuate Collection Set: 0.0ms
[2020-09-08T10:58:55.989-0300][gc,phases      ] GC(660)   Evacuate Collection Set: 9.9ms
[2020-09-08T10:58:55.989-0300][gc,phases      ] GC(660)   Post Evacuate Collection Set: 1.9ms
[2020-09-08T10:58:55.989-0300][gc,phases      ] GC(660)   Other: 1.2ms
[2020-09-08T10:58:55.989-0300][gc,heap        ] GC(660) Eden regions: 25->0(25)
[2020-09-08T10:58:55.989-0300][gc,heap        ] GC(660) Survivor regions: 3->3(4)
[2020-09-08T10:58:55.989-0300][gc,heap        ] GC(660) Old regions: 61->61
[2020-09-08T10:58:55.989-0300][gc,heap        ] GC(660) Humongous regions: 4->4
[2020-09-08T10:58:55.989-0300][gc,metaspace   ] GC(660) Metaspace: 40742K->40742K(1089536K)
[2020-09-08T10:58:55.989-0300][gc,heap        ] GC(660) Heap after GC invocations=661 (full 1): garbage-first heap   total 109568K, used 66897K [0x0000000083000000, 0x0000000100000000)
[2020-09-08T10:58:55.989-0300][gc,heap        ] GC(660)   region size 1024K, 3 young (3072K), 3 survivors (3072K)
[2020-09-08T10:58:55.989-0300][gc,heap        ] GC(660)  Metaspace       used 40742K, capacity 42819K, committed 46720K, reserved 1089536K
[2020-09-08T10:58:55.989-0300][gc,heap        ] GC(660)   class space    used 4082K, capacity 4757K, committed 6016K, reserved 1048576K
[2020-09-08T10:58:55.989-0300][gc             ] GC(660) Pause Young (Normal) (G1 Evacuation Pause) 90M->65M(107M) 13.520ms
[2020-09-08T10:58:55.990-0300][gc,cpu         ] GC(660) User=0.04s Sys=0.00s Real=0.01s
[2020-09-08T10:59:09.507-0300][gc,heap        ] GC(661) Heap before GC invocations=661 (full 1): garbage-first heap   total 109568K, used 91473K [0x0000000083000000, 0x0000000100000000)
[2020-09-08T10:59:09.508-0300][gc,heap        ] GC(661)   region size 1024K, 28 young (28672K), 3 survivors (3072K)
[2020-09-08T10:59:09.508-0300][gc,heap        ] GC(661)  Metaspace       used 40750K, capacity 42831K, committed 46720K, reserved 1089536K
[2020-09-08T10:59:09.508-0300][gc,heap        ] GC(661)   class space    used 4082K, capacity 4757K, committed 6016K, reserved 1048576K
[2020-09-08T10:59:09.508-0300][gc,start       ] GC(661) Pause Young (Normal) (G1 Evacuation Pause)
[2020-09-08T10:59:09.508-0300][gc,task        ] GC(661) Using 4 workers of 4 for evacuation
[2020-09-08T10:59:09.522-0300][gc,phases      ] GC(661)   Pre Evacuate Collection Set: 0.1ms
[2020-09-08T10:59:09.522-0300][gc,phases      ] GC(661)   Evacuate Collection Set: 10.9ms
[2020-09-08T10:59:09.522-0300][gc,phases      ] GC(661)   Post Evacuate Collection Set: 2.5ms
[2020-09-08T10:59:09.523-0300][gc,phases      ] GC(661)   Other: 1.3ms
[2020-09-08T10:59:09.523-0300][gc,heap        ] GC(661) Eden regions: 25->0(25)
[2020-09-08T10:59:09.523-0300][gc,heap        ] GC(661) Survivor regions: 3->2(4)
[2020-09-08T10:59:09.523-0300][gc,heap        ] GC(661) Old regions: 61->62
[2020-09-08T10:59:09.523-0300][gc,heap        ] GC(661) Humongous regions: 4->4
[2020-09-08T10:59:09.523-0300][gc,metaspace   ] GC(661) Metaspace: 40750K->40750K(1089536K)
[2020-09-08T10:59:09.523-0300][gc,heap        ] GC(661) Heap after GC invocations=662 (full 1): garbage-first heap   total 109568K, used 66944K [0x0000000083000000, 0x0000000100000000)
[2020-09-08T10:59:09.523-0300][gc,heap        ] GC(661)   region size 1024K, 2 young (2048K), 2 survivors (2048K)
[2020-09-08T10:59:09.523-0300][gc,heap        ] GC(661)  Metaspace       used 40750K, capacity 42831K, committed 46720K, reserved 1089536K
[2020-09-08T10:59:09.523-0300][gc,heap        ] GC(661)   class space    used 4082K, capacity 4757K, committed 6016K, reserved 1048576K
[2020-09-08T10:59:09.523-0300][gc             ] GC(661) Pause Young (Normal) (G1 Evacuation Pause) 90M->65M(107M) 15.193ms
[2020-09-08T10:59:09.523-0300][gc,cpu         ] GC(661) User=0.05s Sys=0.00s Real=0.02s
[2020-09-08T10:59:27.343-0300][gc,heap        ] GC(662) Heap before GC invocations=662 (full 1): garbage-first heap   total 109568K, used 91520K [0x0000000083000000, 0x0000000100000000)
[2020-09-08T10:59:27.344-0300][gc,heap        ] GC(662)   region size 1024K, 27 young (27648K), 2 survivors (2048K)
[2020-09-08T10:59:27.344-0300][gc,heap        ] GC(662)  Metaspace       used 40750K, capacity 42831K, committed 46720K, reserved 1089536K
[2020-09-08T10:59:27.344-0300][gc,heap        ] GC(662)   class space    used 4082K, capacity 4757K, committed 6016K, reserved 1048576K
[2020-09-08T10:59:27.344-0300][gc,start       ] GC(662) Pause Young (Normal) (G1 Evacuation Pause)
[2020-09-08T10:59:27.344-0300][gc,task        ] GC(662) Using 4 workers of 4 for evacuation
[2020-09-08T10:59:27.357-0300][gc,phases      ] GC(662)   Pre Evacuate Collection Set: 0.0ms
[2020-09-08T10:59:27.357-0300][gc,phases      ] GC(662)   Evacuate Collection Set: 10.1ms
[2020-09-08T10:59:27.357-0300][gc,phases      ] GC(662)   Post Evacuate Collection Set: 1.9ms
[2020-09-08T10:59:27.357-0300][gc,phases      ] GC(662)   Other: 1.2ms
[2020-09-08T10:59:27.357-0300][gc,heap        ] GC(662) Eden regions: 25->0(24)
[2020-09-08T10:59:27.357-0300][gc,heap        ] GC(662) Survivor regions: 2->3(4)
[2020-09-08T10:59:27.357-0300][gc,heap        ] GC(662) Old regions: 62->62
[2020-09-08T10:59:27.357-0300][gc,heap        ] GC(662) Humongous regions: 4->4
[2020-09-08T10:59:27.357-0300][gc,metaspace   ] GC(662) Metaspace: 40750K->40750K(1089536K)
[2020-09-08T10:59:27.357-0300][gc,heap        ] GC(662) Heap after GC invocations=663 (full 1): garbage-first heap   total 109568K, used 67280K [0x0000000083000000, 0x0000000100000000)
[2020-09-08T10:59:27.357-0300][gc,heap        ] GC(662)   region size 1024K, 3 young (3072K), 3 survivors (3072K)
[2020-09-08T10:59:27.357-0300][gc,heap        ] GC(662)  Metaspace       used 40750K, capacity 42831K, committed 46720K, reserved 1089536K
[2020-09-08T10:59:27.357-0300][gc,heap        ] GC(662)   class space    used 4082K, capacity 4757K, committed 6016K, reserved 1048576K
[2020-09-08T10:59:27.358-0300][gc             ] GC(662) Pause Young (Normal) (G1 Evacuation Pause) 90M->65M(107M) 13.652ms
[2020-09-08T10:59:27.358-0300][gc,cpu         ] GC(662) User=0.04s Sys=0.00s Real=0.01s
[2020-09-08T10:59:50.820-0300][gc,heap        ] GC(663) Heap before GC invocations=663 (full 1): garbage-first heap   total 109568K, used 90832K [0x0000000083000000, 0x0000000100000000)
[2020-09-08T10:59:50.820-0300][gc,heap        ] GC(663)   region size 1024K, 27 young (27648K), 3 survivors (3072K)
[2020-09-08T10:59:50.820-0300][gc,heap        ] GC(663)  Metaspace       used 40750K, capacity 42831K, committed 46720K, reserved 1089536K
[2020-09-08T10:59:50.820-0300][gc,heap        ] GC(663)   class space    used 4082K, capacity 4757K, committed 6016K, reserved 1048576K
[2020-09-08T10:59:50.820-0300][gc,start       ] GC(663) Pause Young (Normal) (G1 Evacuation Pause)
[2020-09-08T10:59:50.820-0300][gc,task        ] GC(663) Using 4 workers of 4 for evacuation
[2020-09-08T10:59:50.833-0300][gc,phases      ] GC(663)   Pre Evacuate Collection Set: 0.0ms
[2020-09-08T10:59:50.833-0300][gc,phases      ] GC(663)   Evacuate Collection Set: 9.9ms
[2020-09-08T10:59:50.833-0300][gc,phases      ] GC(663)   Post Evacuate Collection Set: 1.7ms
[2020-09-08T10:59:50.833-0300][gc,phases      ] GC(663)   Other: 1.2ms
[2020-09-08T10:59:50.833-0300][gc,heap        ] GC(663) Eden regions: 24->0(25)
[2020-09-08T10:59:50.833-0300][gc,heap        ] GC(663) Survivor regions: 3->2(4)
[2020-09-08T10:59:50.833-0300][gc,heap        ] GC(663) Old regions: 62->62
[2020-09-08T10:59:50.833-0300][gc,heap        ] GC(663) Humongous regions: 4->4
[2020-09-08T10:59:50.833-0300][gc,metaspace   ] GC(663) Metaspace: 40750K->40750K(1089536K)
[2020-09-08T10:59:50.833-0300][gc,heap        ] GC(663) Heap after GC invocations=664 (full 1): garbage-first heap   total 109568K, used 67184K [0x0000000083000000, 0x0000000100000000)
[2020-09-08T10:59:50.833-0300][gc,heap        ] GC(663)   region size 1024K, 2 young (2048K), 2 survivors (2048K)
[2020-09-08T10:59:50.833-0300][gc,heap        ] GC(663)  Metaspace       used 40750K, capacity 42831K, committed 46720K, reserved 1089536K
[2020-09-08T10:59:50.833-0300][gc,heap        ] GC(663)   class space    used 4082K, capacity 4757K, committed 6016K, reserved 1048576K
[2020-09-08T10:59:50.833-0300][gc             ] GC(663) Pause Young (Normal) (G1 Evacuation Pause) 89M->65M(107M) 13.267ms
[2020-09-08T10:59:50.834-0300][gc,cpu         ] GC(663) User=0.04s Sys=0.01s Real=0.02s
[2020-09-08T11:00:00.431-0300][gc,heap        ] GC(664) Heap before GC invocations=664 (full 1): garbage-first heap   total 109568K, used 91760K [0x0000000083000000, 0x0000000100000000)
[2020-09-08T11:00:00.431-0300][gc,heap        ] GC(664)   region size 1024K, 27 young (27648K), 2 survivors (2048K)
[2020-09-08T11:00:00.431-0300][gc,heap        ] GC(664)  Metaspace       used 40750K, capacity 42831K, committed 46720K, reserved 1089536K
[2020-09-08T11:00:00.431-0300][gc,heap        ] GC(664)   class space    used 4082K, capacity 4757K, committed 6016K, reserved 1048576K
[2020-09-08T11:00:00.431-0300][gc,start       ] GC(664) Pause Young (Normal) (G1 Evacuation Pause)
[2020-09-08T11:00:00.432-0300][gc,task        ] GC(664) Using 4 workers of 4 for evacuation
[2020-09-08T11:00:00.445-0300][gc,phases      ] GC(664)   Pre Evacuate Collection Set: 0.1ms
[2020-09-08T11:00:00.445-0300][gc,phases      ] GC(664)   Evacuate Collection Set: 9.7ms
[2020-09-08T11:00:00.445-0300][gc,phases      ] GC(664)   Post Evacuate Collection Set: 2.4ms
[2020-09-08T11:00:00.445-0300][gc,phases      ] GC(664)   Other: 1.4ms
[2020-09-08T11:00:00.445-0300][gc,heap        ] GC(664) Eden regions: 25->0(24)
[2020-09-08T11:00:00.445-0300][gc,heap        ] GC(664) Survivor regions: 2->3(4)
[2020-09-08T11:00:00.445-0300][gc,heap        ] GC(664) Old regions: 62->62
[2020-09-08T11:00:00.445-0300][gc,heap        ] GC(664) Humongous regions: 4->4
[2020-09-08T11:00:00.445-0300][gc,metaspace   ] GC(664) Metaspace: 40750K->40750K(1089536K)
[2020-09-08T11:00:00.445-0300][gc,heap        ] GC(664) Heap after GC invocations=665 (full 1): garbage-first heap   total 109568K, used 67374K [0x0000000083000000, 0x0000000100000000)
[2020-09-08T11:00:00.445-0300][gc,heap        ] GC(664)   region size 1024K, 3 young (3072K), 3 survivors (3072K)
[2020-09-08T11:00:00.445-0300][gc,heap        ] GC(664)  Metaspace       used 40750K, capacity 42831K, committed 46720K, reserved 1089536K
[2020-09-08T11:00:00.445-0300][gc,heap        ] GC(664)   class space    used 4082K, capacity 4757K, committed 6016K, reserved 1048576K
[2020-09-08T11:00:00.445-0300][gc             ] GC(664) Pause Young (Normal) (G1 Evacuation Pause) 90M->65M(107M) 13.909ms
[2020-09-08T11:00:00.446-0300][gc,cpu         ] GC(664) User=0.04s Sys=0.00s Real=0.01s
[2020-09-08T11:00:15.480-0300][gc,heap        ] GC(665) Heap before GC invocations=665 (full 1): garbage-first heap   total 109568K, used 90926K [0x0000000083000000, 0x0000000100000000)
[2020-09-08T11:00:15.480-0300][gc,heap        ] GC(665)   region size 1024K, 27 young (27648K), 3 survivors (3072K)
[2020-09-08T11:00:15.480-0300][gc,heap        ] GC(665)  Metaspace       used 40750K, capacity 42831K, committed 46720K, reserved 1089536K
[2020-09-08T11:00:15.480-0300][gc,heap        ] GC(665)   class space    used 4082K, capacity 4757K, committed 6016K, reserved 1048576K
[2020-09-08T11:00:15.480-0300][gc,start       ] GC(665) Pause Young (Normal) (G1 Evacuation Pause)
[2020-09-08T11:00:15.480-0300][gc,task        ] GC(665) Using 4 workers of 4 for evacuation
[2020-09-08T11:00:15.495-0300][gc,phases      ] GC(665)   Pre Evacuate Collection Set: 0.1ms
[2020-09-08T11:00:15.495-0300][gc,phases      ] GC(665)   Evacuate Collection Set: 9.3ms
[2020-09-08T11:00:15.495-0300][gc,phases      ] GC(665)   Post Evacuate Collection Set: 4.2ms
[2020-09-08T11:00:15.495-0300][gc,phases      ] GC(665)   Other: 1.3ms
[2020-09-08T11:00:15.495-0300][gc,heap        ] GC(665) Eden regions: 24->0(25)
[2020-09-08T11:00:15.495-0300][gc,heap        ] GC(665) Survivor regions: 3->2(4)
[2020-09-08T11:00:15.495-0300][gc,heap        ] GC(665) Old regions: 62->62
[2020-09-08T11:00:15.495-0300][gc,heap        ] GC(665) Humongous regions: 4->4
[2020-09-08T11:00:15.495-0300][gc,metaspace   ] GC(665) Metaspace: 40750K->40750K(1089536K)
[2020-09-08T11:00:15.495-0300][gc,heap        ] GC(665) Heap after GC invocations=666 (full 1): garbage-first heap   total 109568K, used 67184K [0x0000000083000000, 0x0000000100000000)
[2020-09-08T11:00:15.495-0300][gc,heap        ] GC(665)   region size 1024K, 2 young (2048K), 2 survivors (2048K)
[2020-09-08T11:00:15.496-0300][gc,heap        ] GC(665)  Metaspace       used 40750K, capacity 42831K, committed 46720K, reserved 1089536K
[2020-09-08T11:00:15.496-0300][gc,heap        ] GC(665)   class space    used 4082K, capacity 4757K, committed 6016K, reserved 1048576K
[2020-09-08T11:00:15.496-0300][gc             ] GC(665) Pause Young (Normal) (G1 Evacuation Pause) 89M->65M(107M) 15.535ms
[2020-09-08T11:00:15.496-0300][gc,cpu         ] GC(665) User=0.04s Sys=0.00s Real=0.02s
[2020-09-08T11:00:26.038-0300][gc,heap        ] GC(666) Heap before GC invocations=666 (full 1): garbage-first heap   total 109568K, used 91760K [0x0000000083000000, 0x0000000100000000)
[2020-09-08T11:00:26.038-0300][gc,heap        ] GC(666)   region size 1024K, 27 young (27648K), 2 survivors (2048K)
[2020-09-08T11:00:26.038-0300][gc,heap        ] GC(666)  Metaspace       used 40750K, capacity 42831K, committed 46720K, reserved 1089536K
[2020-09-08T11:00:26.038-0300][gc,heap        ] GC(666)   class space    used 4082K, capacity 4757K, committed 6016K, reserved 1048576K
[2020-09-08T11:00:26.038-0300][gc,start       ] GC(666) Pause Young (Normal) (G1 Evacuation Pause)
[2020-09-08T11:00:26.038-0300][gc,task        ] GC(666) Using 4 workers of 4 for evacuation
[2020-09-08T11:00:26.051-0300][gc,phases      ] GC(666)   Pre Evacuate Collection Set: 0.1ms
[2020-09-08T11:00:26.051-0300][gc,phases      ] GC(666)   Evacuate Collection Set: 10.2ms
[2020-09-08T11:00:26.051-0300][gc,phases      ] GC(666)   Post Evacuate Collection Set: 1.7ms
[2020-09-08T11:00:26.051-0300][gc,phases      ] GC(666)   Other: 1.2ms
[2020-09-08T11:00:26.051-0300][gc,heap        ] GC(666) Eden regions: 25->0(24)
[2020-09-08T11:00:26.051-0300][gc,heap        ] GC(666) Survivor regions: 2->3(4)
[2020-09-08T11:00:26.051-0300][gc,heap        ] GC(666) Old regions: 62->62
[2020-09-08T11:00:26.051-0300][gc,heap        ] GC(666) Humongous regions: 4->4
[2020-09-08T11:00:26.051-0300][gc,metaspace   ] GC(666) Metaspace: 40750K->40750K(1089536K)
[2020-09-08T11:00:26.051-0300][gc,heap        ] GC(666) Heap after GC invocations=667 (full 1): garbage-first heap   total 109568K, used 67575K [0x0000000083000000, 0x0000000100000000)
[2020-09-08T11:00:26.051-0300][gc,heap        ] GC(666)   region size 1024K, 3 young (3072K), 3 survivors (3072K)
[2020-09-08T11:00:26.052-0300][gc,heap        ] GC(666)  Metaspace       used 40750K, capacity 42831K, committed 46720K, reserved 1089536K
[2020-09-08T11:00:26.052-0300][gc,heap        ] GC(666)   class space    used 4082K, capacity 4757K, committed 6016K, reserved 1048576K
[2020-09-08T11:00:26.052-0300][gc             ] GC(666) Pause Young (Normal) (G1 Evacuation Pause) 90M->65M(107M) 13.435ms
[2020-09-08T11:00:26.052-0300][gc,cpu         ] GC(666) User=0.04s Sys=0.00s Real=0.02s
[2020-09-08T11:00:36.570-0300][gc,heap        ] GC(667) Heap before GC invocations=667 (full 1): garbage-first heap   total 109568K, used 91127K [0x0000000083000000, 0x0000000100000000)
[2020-09-08T11:00:36.570-0300][gc,heap        ] GC(667)   region size 1024K, 27 young (27648K), 3 survivors (3072K)
[2020-09-08T11:00:36.571-0300][gc,heap        ] GC(667)  Metaspace       used 40750K, capacity 42831K, committed 46720K, reserved 1089536K
[2020-09-08T11:00:36.571-0300][gc,heap        ] GC(667)   class space    used 4082K, capacity 4757K, committed 6016K, reserved 1048576K
[2020-09-08T11:00:36.571-0300][gc,start       ] GC(667) Pause Young (Normal) (G1 Evacuation Pause)
[2020-09-08T11:00:36.571-0300][gc,task        ] GC(667) Using 4 workers of 4 for evacuation
[2020-09-08T11:00:36.590-0300][gc,phases      ] GC(667)   Pre Evacuate Collection Set: 0.1ms
[2020-09-08T11:00:36.590-0300][gc,phases      ] GC(667)   Evacuate Collection Set: 15.5ms
[2020-09-08T11:00:36.590-0300][gc,phases      ] GC(667)   Post Evacuate Collection Set: 2.6ms
[2020-09-08T11:00:36.590-0300][gc,phases      ] GC(667)   Other: 1.6ms
[2020-09-08T11:00:36.590-0300][gc,heap        ] GC(667) Eden regions: 24->0(24)
[2020-09-08T11:00:36.591-0300][gc,heap        ] GC(667) Survivor regions: 3->3(4)
[2020-09-08T11:00:36.591-0300][gc,heap        ] GC(667) Old regions: 62->62
[2020-09-08T11:00:36.591-0300][gc,heap        ] GC(667) Humongous regions: 4->4
[2020-09-08T11:00:36.591-0300][gc,metaspace   ] GC(667) Metaspace: 40750K->40750K(1089536K)
[2020-09-08T11:00:36.591-0300][gc,heap        ] GC(667) Heap after GC invocations=668 (full 1): garbage-first heap   total 109568K, used 67697K [0x0000000083000000, 0x0000000100000000)
[2020-09-08T11:00:36.591-0300][gc,heap        ] GC(667)   region size 1024K, 3 young (3072K), 3 survivors (3072K)
[2020-09-08T11:00:36.591-0300][gc,heap        ] GC(667)  Metaspace       used 40750K, capacity 42831K, committed 46720K, reserved 1089536K
[2020-09-08T11:00:36.591-0300][gc,heap        ] GC(667)   class space    used 4082K, capacity 4757K, committed 6016K, reserved 1048576K
[2020-09-08T11:00:36.591-0300][gc             ] GC(667) Pause Young (Normal) (G1 Evacuation Pause) 89M->66M(107M) 20.238ms
[2020-09-08T11:00:36.592-0300][gc,cpu         ] GC(667) User=0.05s Sys=0.00s Real=0.02s
[2020-09-08T11:00:47.348-0300][gc,heap        ] GC(668) Heap before GC invocations=668 (full 1): garbage-first heap   total 109568K, used 91249K [0x0000000083000000, 0x0000000100000000)
[2020-09-08T11:00:47.348-0300][gc,heap        ] GC(668)   region size 1024K, 27 young (27648K), 3 survivors (3072K)
[2020-09-08T11:00:47.348-0300][gc,heap        ] GC(668)  Metaspace       used 40775K, capacity 42831K, committed 46720K, reserved 1089536K
[2020-09-08T11:00:47.348-0300][gc,heap        ] GC(668)   class space    used 4082K, capacity 4757K, committed 6016K, reserved 1048576K
[2020-09-08T11:00:47.348-0300][gc,start       ] GC(668) Pause Young (Normal) (G1 Evacuation Pause)
[2020-09-08T11:00:47.348-0300][gc,task        ] GC(668) Using 4 workers of 4 for evacuation
[2020-09-08T11:00:47.369-0300][gc,phases      ] GC(668)   Pre Evacuate Collection Set: 0.1ms
[2020-09-08T11:00:47.369-0300][gc,phases      ] GC(668)   Evacuate Collection Set: 14.9ms
[2020-09-08T11:00:47.369-0300][gc,phases      ] GC(668)   Post Evacuate Collection Set: 4.7ms
[2020-09-08T11:00:47.369-0300][gc,phases      ] GC(668)   Other: 1.3ms
[2020-09-08T11:00:47.369-0300][gc,heap        ] GC(668) Eden regions: 24->0(24)
[2020-09-08T11:00:47.369-0300][gc,heap        ] GC(668) Survivor regions: 3->3(4)
[2020-09-08T11:00:47.369-0300][gc,heap        ] GC(668) Old regions: 62->62
[2020-09-08T11:00:47.369-0300][gc,heap        ] GC(668) Humongous regions: 4->4
[2020-09-08T11:00:47.369-0300][gc,metaspace   ] GC(668) Metaspace: 40775K->40775K(1089536K)
[2020-09-08T11:00:47.369-0300][gc,heap        ] GC(668) Heap after GC invocations=669 (full 1): garbage-first heap   total 109568K, used 67948K [0x0000000083000000, 0x0000000100000000)
[2020-09-08T11:00:47.369-0300][gc,heap        ] GC(668)   region size 1024K, 3 young (3072K), 3 survivors (3072K)
[2020-09-08T11:00:47.369-0300][gc,heap        ] GC(668)  Metaspace       used 40775K, capacity 42831K, committed 46720K, reserved 1089536K
[2020-09-08T11:00:47.370-0300][gc,heap        ] GC(668)   class space    used 4082K, capacity 4757K, committed 6016K, reserved 1048576K
[2020-09-08T11:00:47.370-0300][gc             ] GC(668) Pause Young (Normal) (G1 Evacuation Pause) 90M->66M(107M) 21.417ms
[2020-09-08T11:00:47.370-0300][gc,cpu         ] GC(668) User=0.05s Sys=0.01s Real=0.02s
[2020-09-08T11:00:56.890-0300][gc,heap        ] GC(669) Heap before GC invocations=669 (full 1): garbage-first heap   total 109568K, used 91500K [0x0000000083000000, 0x0000000100000000)
[2020-09-08T11:00:56.890-0300][gc,heap        ] GC(669)   region size 1024K, 27 young (27648K), 3 survivors (3072K)
[2020-09-08T11:00:56.890-0300][gc,heap        ] GC(669)  Metaspace       used 40804K, capacity 42831K, committed 46720K, reserved 1089536K
[2020-09-08T11:00:56.890-0300][gc,heap        ] GC(669)   class space    used 4082K, capacity 4757K, committed 6016K, reserved 1048576K
[2020-09-08T11:00:56.890-0300][gc,start       ] GC(669) Pause Young (Normal) (G1 Evacuation Pause)
[2020-09-08T11:00:56.890-0300][gc,task        ] GC(669) Using 4 workers of 4 for evacuation
[2020-09-08T11:00:56.903-0300][gc,phases      ] GC(669)   Pre Evacuate Collection Set: 0.0ms
[2020-09-08T11:00:56.903-0300][gc,phases      ] GC(669)   Evacuate Collection Set: 10.5ms
[2020-09-08T11:00:56.903-0300][gc,phases      ] GC(669)   Post Evacuate Collection Set: 1.9ms
[2020-09-08T11:00:56.904-0300][gc,phases      ] GC(669)   Other: 1.1ms
[2020-09-08T11:00:56.904-0300][gc,heap        ] GC(669) Eden regions: 24->0(24)
[2020-09-08T11:00:56.904-0300][gc,heap        ] GC(669) Survivor regions: 3->3(4)
[2020-09-08T11:00:56.904-0300][gc,heap        ] GC(669) Old regions: 62->62
[2020-09-08T11:00:56.904-0300][gc,heap        ] GC(669) Humongous regions: 4->4
[2020-09-08T11:00:56.904-0300][gc,metaspace   ] GC(669) Metaspace: 40804K->40804K(1089536K)
[2020-09-08T11:00:56.904-0300][gc,heap        ] GC(669) Heap after GC invocations=670 (full 1): garbage-first heap   total 109568K, used 68114K [0x0000000083000000, 0x0000000100000000)
[2020-09-08T11:00:56.904-0300][gc,heap        ] GC(669)   region size 1024K, 3 young (3072K), 3 survivors (3072K)
[2020-09-08T11:00:56.904-0300][gc,heap        ] GC(669)  Metaspace       used 40804K, capacity 42831K, committed 46720K, reserved 1089536K
[2020-09-08T11:00:56.904-0300][gc,heap        ] GC(669)   class space    used 4082K, capacity 4757K, committed 6016K, reserved 1048576K
[2020-09-08T11:00:56.904-0300][gc             ] GC(669) Pause Young (Normal) (G1 Evacuation Pause) 90M->66M(107M) 13.994ms
[2020-09-08T11:00:56.904-0300][gc,cpu         ] GC(669) User=0.05s Sys=0.00s Real=0.02s
[2020-09-08T11:01:03.980-0300][gc,heap        ] GC(670) Heap before GC invocations=670 (full 1): garbage-first heap   total 109568K, used 91666K [0x0000000083000000, 0x0000000100000000)
[2020-09-08T11:01:03.981-0300][gc,heap        ] GC(670)   region size 1024K, 27 young (27648K), 3 survivors (3072K)
[2020-09-08T11:01:03.981-0300][gc,heap        ] GC(670)  Metaspace       used 40804K, capacity 42831K, committed 46720K, reserved 1089536K
[2020-09-08T11:01:03.981-0300][gc,heap        ] GC(670)   class space    used 4082K, capacity 4757K, committed 6016K, reserved 1048576K
[2020-09-08T11:01:03.981-0300][gc,start       ] GC(670) Pause Young (Normal) (G1 Evacuation Pause)
[2020-09-08T11:01:03.981-0300][gc,task        ] GC(670) Using 4 workers of 4 for evacuation
[2020-09-08T11:01:03.996-0300][gc,phases      ] GC(670)   Pre Evacuate Collection Set: 0.0ms
[2020-09-08T11:01:03.996-0300][gc,phases      ] GC(670)   Evacuate Collection Set: 11.4ms
[2020-09-08T11:01:03.996-0300][gc,phases      ] GC(670)   Post Evacuate Collection Set: 2.5ms
[2020-09-08T11:01:03.996-0300][gc,phases      ] GC(670)   Other: 1.4ms
[2020-09-08T11:01:03.996-0300][gc,heap        ] GC(670) Eden regions: 24->0(23)
[2020-09-08T11:01:03.996-0300][gc,heap        ] GC(670) Survivor regions: 3->3(4)
[2020-09-08T11:01:03.996-0300][gc,heap        ] GC(670) Old regions: 62->63
[2020-09-08T11:01:03.996-0300][gc,heap        ] GC(670) Humongous regions: 4->4
[2020-09-08T11:01:03.996-0300][gc,metaspace   ] GC(670) Metaspace: 40804K->40804K(1089536K)
[2020-09-08T11:01:03.996-0300][gc,heap        ] GC(670) Heap after GC invocations=671 (full 1): garbage-first heap   total 109568K, used 68437K [0x0000000083000000, 0x0000000100000000)
[2020-09-08T11:01:03.996-0300][gc,heap        ] GC(670)   region size 1024K, 3 young (3072K), 3 survivors (3072K)
[2020-09-08T11:01:03.996-0300][gc,heap        ] GC(670)  Metaspace       used 40804K, capacity 42831K, committed 46720K, reserved 1089536K
[2020-09-08T11:01:03.996-0300][gc,heap        ] GC(670)   class space    used 4082K, capacity 4757K, committed 6016K, reserved 1048576K
[2020-09-08T11:01:03.997-0300][gc             ] GC(670) Pause Young (Normal) (G1 Evacuation Pause) 90M->66M(107M) 15.537ms
[2020-09-08T11:01:03.997-0300][gc,cpu         ] GC(670) User=0.04s Sys=0.01s Real=0.01s
[2020-09-08T11:01:16.140-0300][gc,heap        ] GC(671) Heap before GC invocations=671 (full 1): garbage-first heap   total 109568K, used 90965K [0x0000000083000000, 0x0000000100000000)
[2020-09-08T11:01:16.140-0300][gc,heap        ] GC(671)   region size 1024K, 26 young (26624K), 3 survivors (3072K)
[2020-09-08T11:01:16.140-0300][gc,heap        ] GC(671)  Metaspace       used 40804K, capacity 42831K, committed 46720K, reserved 1089536K
[2020-09-08T11:01:16.140-0300][gc,heap        ] GC(671)   class space    used 4082K, capacity 4757K, committed 6016K, reserved 1048576K
[2020-09-08T11:01:16.140-0300][gc,start       ] GC(671) Pause Young (Normal) (G1 Evacuation Pause)
[2020-09-08T11:01:16.140-0300][gc,task        ] GC(671) Using 4 workers of 4 for evacuation
[2020-09-08T11:01:16.151-0300][gc,phases      ] GC(671)   Pre Evacuate Collection Set: 0.0ms
[2020-09-08T11:01:16.152-0300][gc,phases      ] GC(671)   Evacuate Collection Set: 8.8ms
[2020-09-08T11:01:16.152-0300][gc,phases      ] GC(671)   Post Evacuate Collection Set: 1.7ms
[2020-09-08T11:01:16.152-0300][gc,phases      ] GC(671)   Other: 1.2ms
[2020-09-08T11:01:16.152-0300][gc,heap        ] GC(671) Eden regions: 23->0(25)
[2020-09-08T11:01:16.152-0300][gc,heap        ] GC(671) Survivor regions: 3->2(4)
[2020-09-08T11:01:16.152-0300][gc,heap        ] GC(671) Old regions: 63->63
[2020-09-08T11:01:16.152-0300][gc,heap        ] GC(671) Humongous regions: 4->4
[2020-09-08T11:01:16.152-0300][gc,metaspace   ] GC(671) Metaspace: 40804K->40804K(1089536K)
[2020-09-08T11:01:16.152-0300][gc,heap        ] GC(671) Heap after GC invocations=672 (full 1): garbage-first heap   total 109568K, used 68032K [0x0000000083000000, 0x0000000100000000)
[2020-09-08T11:01:16.152-0300][gc,heap        ] GC(671)   region size 1024K, 2 young (2048K), 2 survivors (2048K)
[2020-09-08T11:01:16.152-0300][gc,heap        ] GC(671)  Metaspace       used 40804K, capacity 42831K, committed 46720K, reserved 1089536K
[2020-09-08T11:01:16.152-0300][gc,heap        ] GC(671)   class space    used 4082K, capacity 4757K, committed 6016K, reserved 1048576K
[2020-09-08T11:01:16.152-0300][gc             ] GC(671) Pause Young (Normal) (G1 Evacuation Pause) 89M->66M(107M) 12.094ms
[2020-09-08T11:01:16.152-0300][gc,cpu         ] GC(671) User=0.04s Sys=0.00s Real=0.02s
[2020-09-08T11:01:34.557-0300][gc,heap        ] GC(672) Heap before GC invocations=672 (full 1): garbage-first heap   total 109568K, used 92608K [0x0000000083000000, 0x0000000100000000)
[2020-09-08T11:01:34.557-0300][gc,heap        ] GC(672)   region size 1024K, 27 young (27648K), 2 survivors (2048K)
[2020-09-08T11:01:34.557-0300][gc,heap        ] GC(672)  Metaspace       used 40804K, capacity 42831K, committed 46720K, reserved 1089536K
[2020-09-08T11:01:34.557-0300][gc,heap        ] GC(672)   class space    used 4082K, capacity 4757K, committed 6016K, reserved 1048576K
[2020-09-08T11:01:34.557-0300][gc,start       ] GC(672) Pause Young (Normal) (G1 Evacuation Pause)
[2020-09-08T11:01:34.557-0300][gc,task        ] GC(672) Using 4 workers of 4 for evacuation
[2020-09-08T11:01:34.569-0300][gc,phases      ] GC(672)   Pre Evacuate Collection Set: 0.1ms
[2020-09-08T11:01:34.570-0300][gc,phases      ] GC(672)   Evacuate Collection Set: 9.2ms
[2020-09-08T11:01:34.570-0300][gc,phases      ] GC(672)   Post Evacuate Collection Set: 1.9ms
[2020-09-08T11:01:34.570-0300][gc,phases      ] GC(672)   Other: 1.2ms
[2020-09-08T11:01:34.570-0300][gc,heap        ] GC(672) Eden regions: 25->0(24)
[2020-09-08T11:01:34.570-0300][gc,heap        ] GC(672) Survivor regions: 2->2(4)
[2020-09-08T11:01:34.570-0300][gc,heap        ] GC(672) Old regions: 63->63
[2020-09-08T11:01:34.570-0300][gc,heap        ] GC(672) Humongous regions: 4->4
[2020-09-08T11:01:34.570-0300][gc,metaspace   ] GC(672) Metaspace: 40804K->40804K(1089536K)
[2020-09-08T11:01:34.570-0300][gc,heap        ] GC(672) Heap after GC invocations=673 (full 1): garbage-first heap   total 109568K, used 68039K [0x0000000083000000, 0x0000000100000000)
[2020-09-08T11:01:34.570-0300][gc,heap        ] GC(672)   region size 1024K, 2 young (2048K), 2 survivors (2048K)
[2020-09-08T11:01:34.570-0300][gc,heap        ] GC(672)  Metaspace       used 40804K, capacity 42831K, committed 46720K, reserved 1089536K
[2020-09-08T11:01:34.570-0300][gc,heap        ] GC(672)   class space    used 4082K, capacity 4757K, committed 6016K, reserved 1048576K
[2020-09-08T11:01:34.570-0300][gc             ] GC(672) Pause Young (Normal) (G1 Evacuation Pause) 91M->66M(107M) 12.865ms
[2020-09-08T11:01:34.570-0300][gc,cpu         ] GC(672) User=0.03s Sys=0.01s Real=0.01s
[2020-09-08T11:01:50.814-0300][gc,heap        ] GC(673) Heap before GC invocations=673 (full 1): garbage-first heap   total 109568K, used 91591K [0x0000000083000000, 0x0000000100000000)
[2020-09-08T11:01:50.814-0300][gc,heap        ] GC(673)   region size 1024K, 26 young (26624K), 2 survivors (2048K)
[2020-09-08T11:01:50.814-0300][gc,heap        ] GC(673)  Metaspace       used 40804K, capacity 42831K, committed 46720K, reserved 1089536K
[2020-09-08T11:01:50.814-0300][gc,heap        ] GC(673)   class space    used 4082K, capacity 4757K, committed 6016K, reserved 1048576K
[2020-09-08T11:01:50.814-0300][gc,start       ] GC(673) Pause Young (Normal) (G1 Evacuation Pause)
[2020-09-08T11:01:50.814-0300][gc,task        ] GC(673) Using 4 workers of 4 for evacuation
[2020-09-08T11:01:50.826-0300][gc,phases      ] GC(673)   Pre Evacuate Collection Set: 0.0ms
[2020-09-08T11:01:50.826-0300][gc,phases      ] GC(673)   Evacuate Collection Set: 8.7ms
[2020-09-08T11:01:50.826-0300][gc,phases      ] GC(673)   Post Evacuate Collection Set: 1.9ms
[2020-09-08T11:01:50.826-0300][gc,phases      ] GC(673)   Other: 1.3ms
[2020-09-08T11:01:50.826-0300][gc,heap        ] GC(673) Eden regions: 24->0(24)
[2020-09-08T11:01:50.826-0300][gc,heap        ] GC(673) Survivor regions: 2->2(4)
[2020-09-08T11:01:50.826-0300][gc,heap        ] GC(673) Old regions: 63->63
[2020-09-08T11:01:50.826-0300][gc,heap        ] GC(673) Humongous regions: 4->4
[2020-09-08T11:01:50.826-0300][gc,metaspace   ] GC(673) Metaspace: 40804K->40804K(1089536K)
[2020-09-08T11:01:50.826-0300][gc,heap        ] GC(673) Heap after GC invocations=674 (full 1): garbage-first heap   total 109568K, used 67952K [0x0000000083000000, 0x0000000100000000)
[2020-09-08T11:01:50.826-0300][gc,heap        ] GC(673)   region size 1024K, 2 young (2048K), 2 survivors (2048K)
[2020-09-08T11:01:50.826-0300][gc,heap        ] GC(673)  Metaspace       used 40804K, capacity 42831K, committed 46720K, reserved 1089536K
[2020-09-08T11:01:50.827-0300][gc,heap        ] GC(673)   class space    used 4082K, capacity 4757K, committed 6016K, reserved 1048576K
[2020-09-08T11:01:50.827-0300][gc             ] GC(673) Pause Young (Normal) (G1 Evacuation Pause) 90M->66M(107M) 12.260ms
[2020-09-08T11:01:50.827-0300][gc,cpu         ] GC(673) User=0.03s Sys=0.00s Real=0.01s
[2020-09-08T11:02:05.968-0300][gc,heap        ] GC(674) Heap before GC invocations=674 (full 1): garbage-first heap   total 109568K, used 91504K [0x0000000083000000, 0x0000000100000000)
[2020-09-08T11:02:05.968-0300][gc,heap        ] GC(674)   region size 1024K, 26 young (26624K), 2 survivors (2048K)
[2020-09-08T11:02:05.968-0300][gc,heap        ] GC(674)  Metaspace       used 40804K, capacity 42831K, committed 46720K, reserved 1089536K
[2020-09-08T11:02:05.968-0300][gc,heap        ] GC(674)   class space    used 4082K, capacity 4757K, committed 6016K, reserved 1048576K
[2020-09-08T11:02:05.968-0300][gc,start       ] GC(674) Pause Young (Normal) (G1 Evacuation Pause)
[2020-09-08T11:02:05.968-0300][gc,task        ] GC(674) Using 4 workers of 4 for evacuation
[2020-09-08T11:02:05.981-0300][gc,phases      ] GC(674)   Pre Evacuate Collection Set: 0.1ms
[2020-09-08T11:02:05.981-0300][gc,phases      ] GC(674)   Evacuate Collection Set: 9.7ms
[2020-09-08T11:02:05.981-0300][gc,phases      ] GC(674)   Post Evacuate Collection Set: 2.4ms
[2020-09-08T11:02:05.982-0300][gc,phases      ] GC(674)   Other: 1.6ms
[2020-09-08T11:02:05.982-0300][gc,heap        ] GC(674) Eden regions: 24->0(23)
[2020-09-08T11:02:05.982-0300][gc,heap        ] GC(674) Survivor regions: 2->3(4)
[2020-09-08T11:02:05.982-0300][gc,heap        ] GC(674) Old regions: 63->63
[2020-09-08T11:02:05.982-0300][gc,heap        ] GC(674) Humongous regions: 4->4
[2020-09-08T11:02:05.982-0300][gc,metaspace   ] GC(674) Metaspace: 40804K->40804K(1089536K)
[2020-09-08T11:02:05.982-0300][gc,heap        ] GC(674) Heap after GC invocations=675 (full 1): garbage-first heap   total 109568K, used 68355K [0x0000000083000000, 0x0000000100000000)
[2020-09-08T11:02:05.982-0300][gc,heap        ] GC(674)   region size 1024K, 3 young (3072K), 3 survivors (3072K)
[2020-09-08T11:02:05.982-0300][gc,heap        ] GC(674)  Metaspace       used 40804K, capacity 42831K, committed 46720K, reserved 1089536K
[2020-09-08T11:02:05.982-0300][gc,heap        ] GC(674)   class space    used 4082K, capacity 4757K, committed 6016K, reserved 1048576K
[2020-09-08T11:02:05.982-0300][gc             ] GC(674) Pause Young (Normal) (G1 Evacuation Pause) 90M->66M(107M) 14.121ms
[2020-09-08T11:02:05.982-0300][gc,cpu         ] GC(674) User=0.04s Sys=0.01s Real=0.02s
[2020-09-08T11:02:12.204-0300][gc,heap        ] GC(675) Heap before GC invocations=675 (full 1): garbage-first heap   total 109568K, used 90883K [0x0000000083000000, 0x0000000100000000)
[2020-09-08T11:02:12.204-0300][gc,heap        ] GC(675)   region size 1024K, 26 young (26624K), 3 survivors (3072K)
[2020-09-08T11:02:12.204-0300][gc,heap        ] GC(675)  Metaspace       used 40804K, capacity 42831K, committed 46720K, reserved 1089536K
[2020-09-08T11:02:12.204-0300][gc,heap        ] GC(675)   class space    used 4082K, capacity 4757K, committed 6016K, reserved 1048576K
[2020-09-08T11:02:12.205-0300][gc,start       ] GC(675) Pause Young (Normal) (G1 Evacuation Pause)
[2020-09-08T11:02:12.205-0300][gc,task        ] GC(675) Using 4 workers of 4 for evacuation
[2020-09-08T11:02:12.220-0300][gc,phases      ] GC(675)   Pre Evacuate Collection Set: 0.1ms
[2020-09-08T11:02:12.220-0300][gc,phases      ] GC(675)   Evacuate Collection Set: 12.1ms
[2020-09-08T11:02:12.220-0300][gc,phases      ] GC(675)   Post Evacuate Collection Set: 1.8ms
[2020-09-08T11:02:12.220-0300][gc,phases      ] GC(675)   Other: 1.9ms
[2020-09-08T11:02:12.220-0300][gc,heap        ] GC(675) Eden regions: 23->0(24)
[2020-09-08T11:02:12.220-0300][gc,heap        ] GC(675) Survivor regions: 3->2(4)
[2020-09-08T11:02:12.220-0300][gc,heap        ] GC(675) Old regions: 63->63
[2020-09-08T11:02:12.220-0300][gc,heap        ] GC(675) Humongous regions: 4->4
[2020-09-08T11:02:12.220-0300][gc,metaspace   ] GC(675) Metaspace: 40804K->40804K(1089536K)
[2020-09-08T11:02:12.220-0300][gc,heap        ] GC(675) Heap after GC invocations=676 (full 1): garbage-first heap   total 109568K, used 68191K [0x0000000083000000, 0x0000000100000000)
[2020-09-08T11:02:12.220-0300][gc,heap        ] GC(675)   region size 1024K, 2 young (2048K), 2 survivors (2048K)
[2020-09-08T11:02:12.220-0300][gc,heap        ] GC(675)  Metaspace       used 40804K, capacity 42831K, committed 46720K, reserved 1089536K
[2020-09-08T11:02:12.221-0300][gc,heap        ] GC(675)   class space    used 4082K, capacity 4757K, committed 6016K, reserved 1048576K
[2020-09-08T11:02:12.221-0300][gc             ] GC(675) Pause Young (Normal) (G1 Evacuation Pause) 89M->66M(107M) 16.009ms
[2020-09-08T11:02:12.221-0300][gc,cpu         ] GC(675) User=0.04s Sys=0.00s Real=0.02s
[2020-09-08T11:02:32.841-0300][gc,heap        ] GC(676) Heap before GC invocations=676 (full 1): garbage-first heap   total 109568K, used 91743K [0x0000000083000000, 0x0000000100000000)
[2020-09-08T11:02:32.841-0300][gc,heap        ] GC(676)   region size 1024K, 26 young (26624K), 2 survivors (2048K)
[2020-09-08T11:02:32.841-0300][gc,heap        ] GC(676)  Metaspace       used 40804K, capacity 42831K, committed 46720K, reserved 1089536K
[2020-09-08T11:02:32.841-0300][gc,heap        ] GC(676)   class space    used 4082K, capacity 4757K, committed 6016K, reserved 1048576K
[2020-09-08T11:02:32.842-0300][gc,start       ] GC(676) Pause Young (Normal) (G1 Evacuation Pause)
[2020-09-08T11:02:32.842-0300][gc,task        ] GC(676) Using 4 workers of 4 for evacuation
[2020-09-08T11:02:32.854-0300][gc,phases      ] GC(676)   Pre Evacuate Collection Set: 0.0ms
[2020-09-08T11:02:32.854-0300][gc,phases      ] GC(676)   Evacuate Collection Set: 9.0ms
[2020-09-08T11:02:32.854-0300][gc,phases      ] GC(676)   Post Evacuate Collection Set: 2.0ms
[2020-09-08T11:02:32.854-0300][gc,phases      ] GC(676)   Other: 1.3ms
[2020-09-08T11:02:32.854-0300][gc,heap        ] GC(676) Eden regions: 24->0(24)
[2020-09-08T11:02:32.854-0300][gc,heap        ] GC(676) Survivor regions: 2->2(4)
[2020-09-08T11:02:32.854-0300][gc,heap        ] GC(676) Old regions: 63->63
[2020-09-08T11:02:32.854-0300][gc,heap        ] GC(676) Humongous regions: 4->4
[2020-09-08T11:02:32.854-0300][gc,metaspace   ] GC(676) Metaspace: 40804K->40804K(1089536K)
[2020-09-08T11:02:32.854-0300][gc,heap        ] GC(676) Heap after GC invocations=677 (full 1): garbage-first heap   total 109568K, used 68191K [0x0000000083000000, 0x0000000100000000)
[2020-09-08T11:02:32.855-0300][gc,heap        ] GC(676)   region size 1024K, 2 young (2048K), 2 survivors (2048K)
[2020-09-08T11:02:32.855-0300][gc,heap        ] GC(676)  Metaspace       used 40804K, capacity 42831K, committed 46720K, reserved 1089536K
[2020-09-08T11:02:32.855-0300][gc,heap        ] GC(676)   class space    used 4082K, capacity 4757K, committed 6016K, reserved 1048576K
[2020-09-08T11:02:32.855-0300][gc             ] GC(676) Pause Young (Normal) (G1 Evacuation Pause) 90M->66M(107M) 13.090ms
[2020-09-08T11:02:32.855-0300][gc,cpu         ] GC(676) User=0.05s Sys=0.01s Real=0.01s
[2020-09-08T11:02:51.937-0300][gc,heap        ] GC(677) Heap before GC invocations=677 (full 1): garbage-first heap   total 109568K, used 91743K [0x0000000083000000, 0x0000000100000000)
[2020-09-08T11:02:51.937-0300][gc,heap        ] GC(677)   region size 1024K, 26 young (26624K), 2 survivors (2048K)
[2020-09-08T11:02:51.937-0300][gc,heap        ] GC(677)  Metaspace       used 40804K, capacity 42831K, committed 46720K, reserved 1089536K
[2020-09-08T11:02:51.937-0300][gc,heap        ] GC(677)   class space    used 4082K, capacity 4757K, committed 6016K, reserved 1048576K
[2020-09-08T11:02:51.937-0300][gc,start       ] GC(677) Pause Young (Normal) (G1 Evacuation Pause)
[2020-09-08T11:02:51.937-0300][gc,task        ] GC(677) Using 4 workers of 4 for evacuation
[2020-09-08T11:02:51.950-0300][gc,phases      ] GC(677)   Pre Evacuate Collection Set: 0.0ms
[2020-09-08T11:02:51.950-0300][gc,phases      ] GC(677)   Evacuate Collection Set: 9.7ms
[2020-09-08T11:02:51.950-0300][gc,phases      ] GC(677)   Post Evacuate Collection Set: 2.1ms
[2020-09-08T11:02:51.950-0300][gc,phases      ] GC(677)   Other: 1.2ms
[2020-09-08T11:02:51.950-0300][gc,heap        ] GC(677) Eden regions: 24->0(23)
[2020-09-08T11:02:51.950-0300][gc,heap        ] GC(677) Survivor regions: 2->3(4)
[2020-09-08T11:02:51.950-0300][gc,heap        ] GC(677) Old regions: 63->63
[2020-09-08T11:02:51.950-0300][gc,heap        ] GC(677) Humongous regions: 4->4
[2020-09-08T11:02:51.950-0300][gc,metaspace   ] GC(677) Metaspace: 40804K->40804K(1089536K)
[2020-09-08T11:02:51.950-0300][gc,heap        ] GC(677) Heap after GC invocations=678 (full 1): garbage-first heap   total 109568K, used 68574K [0x0000000083000000, 0x0000000100000000)
[2020-09-08T11:02:51.951-0300][gc,heap        ] GC(677)   region size 1024K, 3 young (3072K), 3 survivors (3072K)
[2020-09-08T11:02:51.951-0300][gc,heap        ] GC(677)  Metaspace       used 40804K, capacity 42831K, committed 46720K, reserved 1089536K
[2020-09-08T11:02:51.951-0300][gc,heap        ] GC(677)   class space    used 4082K, capacity 4757K, committed 6016K, reserved 1048576K
[2020-09-08T11:02:51.951-0300][gc             ] GC(677) Pause Young (Normal) (G1 Evacuation Pause) 90M->66M(107M) 13.458ms
[2020-09-08T11:02:51.951-0300][gc,cpu         ] GC(677) User=0.04s Sys=0.01s Real=0.02s
[2020-09-08T11:03:10.755-0300][gc,heap        ] GC(678) Heap before GC invocations=678 (full 1): garbage-first heap   total 109568K, used 91102K [0x0000000083000000, 0x0000000100000000)
[2020-09-08T11:03:10.755-0300][gc,heap        ] GC(678)   region size 1024K, 26 young (26624K), 3 survivors (3072K)
[2020-09-08T11:03:10.755-0300][gc,heap        ] GC(678)  Metaspace       used 40804K, capacity 42831K, committed 46720K, reserved 1089536K
[2020-09-08T11:03:10.755-0300][gc,heap        ] GC(678)   class space    used 4082K, capacity 4757K, committed 6016K, reserved 1048576K
[2020-09-08T11:03:10.755-0300][gc,start       ] GC(678) Pause Young (Normal) (G1 Evacuation Pause)
[2020-09-08T11:03:10.755-0300][gc,task        ] GC(678) Using 4 workers of 4 for evacuation
[2020-09-08T11:03:10.769-0300][gc,phases      ] GC(678)   Pre Evacuate Collection Set: 0.0ms
[2020-09-08T11:03:10.769-0300][gc,phases      ] GC(678)   Evacuate Collection Set: 10.0ms
[2020-09-08T11:03:10.769-0300][gc,phases      ] GC(678)   Post Evacuate Collection Set: 2.8ms
[2020-09-08T11:03:10.769-0300][gc,phases      ] GC(678)   Other: 1.1ms
[2020-09-08T11:03:10.769-0300][gc,heap        ] GC(678) Eden regions: 23->0(23)
[2020-09-08T11:03:10.769-0300][gc,heap        ] GC(678) Survivor regions: 3->3(4)
[2020-09-08T11:03:10.769-0300][gc,heap        ] GC(678) Old regions: 63->63
[2020-09-08T11:03:10.769-0300][gc,heap        ] GC(678) Humongous regions: 4->4
[2020-09-08T11:03:10.769-0300][gc,metaspace   ] GC(678) Metaspace: 40804K->40804K(1089536K)
[2020-09-08T11:03:10.769-0300][gc,heap        ] GC(678) Heap after GC invocations=679 (full 1): garbage-first heap   total 109568K, used 68469K [0x0000000083000000, 0x0000000100000000)
[2020-09-08T11:03:10.769-0300][gc,heap        ] GC(678)   region size 1024K, 3 young (3072K), 3 survivors (3072K)
[2020-09-08T11:03:10.770-0300][gc,heap        ] GC(678)  Metaspace       used 40804K, capacity 42831K, committed 46720K, reserved 1089536K
[2020-09-08T11:03:10.770-0300][gc,heap        ] GC(678)   class space    used 4082K, capacity 4757K, committed 6016K, reserved 1048576K
[2020-09-08T11:03:10.770-0300][gc             ] GC(678) Pause Young (Normal) (G1 Evacuation Pause) 89M->66M(107M) 14.489ms
[2020-09-08T11:03:10.770-0300][gc,cpu         ] GC(678) User=0.04s Sys=0.00s Real=0.01s
[2020-09-08T11:03:41.961-0300][gc,heap        ] GC(679) Heap before GC invocations=679 (full 1): garbage-first heap   total 109568K, used 92021K [0x0000000083000000, 0x0000000100000000)
[2020-09-08T11:03:41.961-0300][gc,heap        ] GC(679)   region size 1024K, 26 young (26624K), 3 survivors (3072K)
[2020-09-08T11:03:41.961-0300][gc,heap        ] GC(679)  Metaspace       used 40804K, capacity 42831K, committed 46720K, reserved 1089536K
[2020-09-08T11:03:41.961-0300][gc,heap        ] GC(679)   class space    used 4082K, capacity 4757K, committed 6016K, reserved 1048576K
[2020-09-08T11:03:41.962-0300][gc,start       ] GC(679) Pause Young (Normal) (G1 Evacuation Pause)
[2020-09-08T11:03:41.962-0300][gc,task        ] GC(679) Using 4 workers of 4 for evacuation
[2020-09-08T11:03:41.973-0300][gc,phases      ] GC(679)   Pre Evacuate Collection Set: 0.0ms
[2020-09-08T11:03:41.973-0300][gc,phases      ] GC(679)   Evacuate Collection Set: 8.4ms
[2020-09-08T11:03:41.973-0300][gc,phases      ] GC(679)   Post Evacuate Collection Set: 2.0ms
[2020-09-08T11:03:41.973-0300][gc,phases      ] GC(679)   Other: 1.2ms
[2020-09-08T11:03:41.973-0300][gc,heap        ] GC(679) Eden regions: 23->0(24)
[2020-09-08T11:03:41.974-0300][gc,heap        ] GC(679) Survivor regions: 3->2(4)
[2020-09-08T11:03:41.974-0300][gc,heap        ] GC(679) Old regions: 63->63
[2020-09-08T11:03:41.974-0300][gc,heap        ] GC(679) Humongous regions: 4->4
[2020-09-08T11:03:41.974-0300][gc,metaspace   ] GC(679) Metaspace: 40804K->40804K(1089536K)
[2020-09-08T11:03:41.974-0300][gc,heap        ] GC(679) Heap after GC invocations=680 (full 1): garbage-first heap   total 109568K, used 68218K [0x0000000083000000, 0x0000000100000000)
[2020-09-08T11:03:41.974-0300][gc,heap        ] GC(679)   region size 1024K, 2 young (2048K), 2 survivors (2048K)
[2020-09-08T11:03:41.974-0300][gc,heap        ] GC(679)  Metaspace       used 40804K, capacity 42831K, committed 46720K, reserved 1089536K
[2020-09-08T11:03:41.974-0300][gc,heap        ] GC(679)   class space    used 4082K, capacity 4757K, committed 6016K, reserved 1048576K
[2020-09-08T11:03:41.974-0300][gc             ] GC(679) Pause Young (Normal) (G1 Evacuation Pause) 89M->66M(107M) 12.302ms
[2020-09-08T11:03:41.974-0300][gc,cpu         ] GC(679) User=0.04s Sys=0.00s Real=0.01s
[2020-09-08T11:04:08.546-0300][gc,heap        ] GC(680) Heap before GC invocations=680 (full 1): garbage-first heap   total 109568K, used 91770K [0x0000000083000000, 0x0000000100000000)
[2020-09-08T11:04:08.546-0300][gc,heap        ] GC(680)   region size 1024K, 26 young (26624K), 2 survivors (2048K)
[2020-09-08T11:04:08.546-0300][gc,heap        ] GC(680)  Metaspace       used 40804K, capacity 42831K, committed 46720K, reserved 1089536K
[2020-09-08T11:04:08.546-0300][gc,heap        ] GC(680)   class space    used 4082K, capacity 4757K, committed 6016K, reserved 1048576K
[2020-09-08T11:04:08.546-0300][gc,start       ] GC(680) Pause Young (Normal) (G1 Evacuation Pause)
[2020-09-08T11:04:08.546-0300][gc,task        ] GC(680) Using 4 workers of 4 for evacuation
[2020-09-08T11:04:08.558-0300][gc,phases      ] GC(680)   Pre Evacuate Collection Set: 0.0ms
[2020-09-08T11:04:08.558-0300][gc,phases      ] GC(680)   Evacuate Collection Set: 8.3ms
[2020-09-08T11:04:08.558-0300][gc,phases      ] GC(680)   Post Evacuate Collection Set: 2.3ms
[2020-09-08T11:04:08.558-0300][gc,phases      ] GC(680)   Other: 1.3ms
[2020-09-08T11:04:08.558-0300][gc,heap        ] GC(680) Eden regions: 24->0(24)
[2020-09-08T11:04:08.558-0300][gc,heap        ] GC(680) Survivor regions: 2->2(4)
[2020-09-08T11:04:08.558-0300][gc,heap        ] GC(680) Old regions: 63->63
[2020-09-08T11:04:08.558-0300][gc,heap        ] GC(680) Humongous regions: 4->4
[2020-09-08T11:04:08.558-0300][gc,metaspace   ] GC(680) Metaspace: 40804K->40804K(1089536K)
[2020-09-08T11:04:08.558-0300][gc,heap        ] GC(680) Heap after GC invocations=681 (full 1): garbage-first heap   total 109568K, used 68165K [0x0000000083000000, 0x0000000100000000)
[2020-09-08T11:04:08.558-0300][gc,heap        ] GC(680)   region size 1024K, 2 young (2048K), 2 survivors (2048K)
[2020-09-08T11:04:08.558-0300][gc,heap        ] GC(680)  Metaspace       used 40804K, capacity 42831K, committed 46720K, reserved 1089536K
[2020-09-08T11:04:08.558-0300][gc,heap        ] GC(680)   class space    used 4082K, capacity 4757K, committed 6016K, reserved 1048576K
[2020-09-08T11:04:08.558-0300][gc             ] GC(680) Pause Young (Normal) (G1 Evacuation Pause) 90M->66M(107M) 12.357ms
[2020-09-08T11:04:08.558-0300][gc,cpu         ] GC(680) User=0.03s Sys=0.01s Real=0.01s
[2020-09-08T11:04:37.353-0300][gc,heap        ] GC(681) Heap before GC invocations=681 (full 1): garbage-first heap   total 109568K, used 91717K [0x0000000083000000, 0x0000000100000000)
[2020-09-08T11:04:37.353-0300][gc,heap        ] GC(681)   region size 1024K, 26 young (26624K), 2 survivors (2048K)
[2020-09-08T11:04:37.353-0300][gc,heap        ] GC(681)  Metaspace       used 40804K, capacity 42831K, committed 46720K, reserved 1089536K
[2020-09-08T11:04:37.353-0300][gc,heap        ] GC(681)   class space    used 4082K, capacity 4757K, committed 6016K, reserved 1048576K
[2020-09-08T11:04:37.353-0300][gc,start       ] GC(681) Pause Young (Normal) (G1 Evacuation Pause)
[2020-09-08T11:04:37.353-0300][gc,task        ] GC(681) Using 4 workers of 4 for evacuation
[2020-09-08T11:04:37.365-0300][gc,phases      ] GC(681)   Pre Evacuate Collection Set: 0.0ms
[2020-09-08T11:04:37.365-0300][gc,phases      ] GC(681)   Evacuate Collection Set: 8.8ms
[2020-09-08T11:04:37.366-0300][gc,phases      ] GC(681)   Post Evacuate Collection Set: 2.3ms
[2020-09-08T11:04:37.366-0300][gc,phases      ] GC(681)   Other: 1.4ms
[2020-09-08T11:04:37.366-0300][gc,heap        ] GC(681) Eden regions: 24->0(24)
[2020-09-08T11:04:37.366-0300][gc,heap        ] GC(681) Survivor regions: 2->2(4)
[2020-09-08T11:04:37.366-0300][gc,heap        ] GC(681) Old regions: 63->63
[2020-09-08T11:04:37.366-0300][gc,heap        ] GC(681) Humongous regions: 4->4
[2020-09-08T11:04:37.366-0300][gc,metaspace   ] GC(681) Metaspace: 40804K->40804K(1089536K)
[2020-09-08T11:04:37.366-0300][gc,heap        ] GC(681) Heap after GC invocations=682 (full 1): garbage-first heap   total 109568K, used 68340K [0x0000000083000000, 0x0000000100000000)
[2020-09-08T11:04:37.366-0300][gc,heap        ] GC(681)   region size 1024K, 2 young (2048K), 2 survivors (2048K)
[2020-09-08T11:04:37.366-0300][gc,heap        ] GC(681)  Metaspace       used 40804K, capacity 42831K, committed 46720K, reserved 1089536K
[2020-09-08T11:04:37.366-0300][gc,heap        ] GC(681)   class space    used 4082K, capacity 4757K, committed 6016K, reserved 1048576K
[2020-09-08T11:04:37.366-0300][gc             ] GC(681) Pause Young (Normal) (G1 Evacuation Pause) 90M->66M(107M) 12.888ms
[2020-09-08T11:04:37.366-0300][gc,cpu         ] GC(681) User=0.04s Sys=0.00s Real=0.01s
[2020-09-08T11:05:06.906-0300][gc,heap        ] GC(682) Heap before GC invocations=682 (full 1): garbage-first heap   total 109568K, used 91892K [0x0000000083000000, 0x0000000100000000)
[2020-09-08T11:05:06.906-0300][gc,heap        ] GC(682)   region size 1024K, 26 young (26624K), 2 survivors (2048K)
[2020-09-08T11:05:06.906-0300][gc,heap        ] GC(682)  Metaspace       used 40805K, capacity 42831K, committed 46720K, reserved 1089536K
[2020-09-08T11:05:06.906-0300][gc,heap        ] GC(682)   class space    used 4082K, capacity 4757K, committed 6016K, reserved 1048576K
[2020-09-08T11:05:06.907-0300][gc,start       ] GC(682) Pause Young (Normal) (G1 Evacuation Pause)
[2020-09-08T11:05:06.907-0300][gc,task        ] GC(682) Using 4 workers of 4 for evacuation
[2020-09-08T11:05:06.918-0300][gc,phases      ] GC(682)   Pre Evacuate Collection Set: 0.0ms
[2020-09-08T11:05:06.918-0300][gc,phases      ] GC(682)   Evacuate Collection Set: 8.5ms
[2020-09-08T11:05:06.918-0300][gc,phases      ] GC(682)   Post Evacuate Collection Set: 2.3ms
[2020-09-08T11:05:06.918-0300][gc,phases      ] GC(682)   Other: 1.1ms
[2020-09-08T11:05:06.918-0300][gc,heap        ] GC(682) Eden regions: 24->0(24)
[2020-09-08T11:05:06.918-0300][gc,heap        ] GC(682) Survivor regions: 2->2(4)
[2020-09-08T11:05:06.918-0300][gc,heap        ] GC(682) Old regions: 63->63
[2020-09-08T11:05:06.919-0300][gc,heap        ] GC(682) Humongous regions: 4->4
[2020-09-08T11:05:06.919-0300][gc,metaspace   ] GC(682) Metaspace: 40805K->40805K(1089536K)
[2020-09-08T11:05:06.919-0300][gc,heap        ] GC(682) Heap after GC invocations=683 (full 1): garbage-first heap   total 109568K, used 68212K [0x0000000083000000, 0x0000000100000000)
[2020-09-08T11:05:06.919-0300][gc,heap        ] GC(682)   region size 1024K, 2 young (2048K), 2 survivors (2048K)
[2020-09-08T11:05:06.919-0300][gc,heap        ] GC(682)  Metaspace       used 40805K, capacity 42831K, committed 46720K, reserved 1089536K
[2020-09-08T11:05:06.919-0300][gc,heap        ] GC(682)   class space    used 4082K, capacity 4757K, committed 6016K, reserved 1048576K
[2020-09-08T11:05:06.919-0300][gc             ] GC(682) Pause Young (Normal) (G1 Evacuation Pause) 90M->66M(107M) 12.332ms
[2020-09-08T11:05:06.919-0300][gc,cpu         ] GC(682) User=0.03s Sys=0.00s Real=0.01s
[2020-09-08T11:05:36.169-0300][gc,heap        ] GC(683) Heap before GC invocations=683 (full 1): garbage-first heap   total 109568K, used 91764K [0x0000000083000000, 0x0000000100000000)
[2020-09-08T11:05:36.169-0300][gc,heap        ] GC(683)   region size 1024K, 26 young (26624K), 2 survivors (2048K)
[2020-09-08T11:05:36.169-0300][gc,heap        ] GC(683)  Metaspace       used 40805K, capacity 42831K, committed 46720K, reserved 1089536K
[2020-09-08T11:05:36.169-0300][gc,heap        ] GC(683)   class space    used 4082K, capacity 4757K, committed 6016K, reserved 1048576K
[2020-09-08T11:05:36.170-0300][gc,start       ] GC(683) Pause Young (Normal) (G1 Evacuation Pause)
[2020-09-08T11:05:36.170-0300][gc,task        ] GC(683) Using 4 workers of 4 for evacuation
[2020-09-08T11:05:36.190-0300][gc,phases      ] GC(683)   Pre Evacuate Collection Set: 0.0ms
[2020-09-08T11:05:36.190-0300][gc,phases      ] GC(683)   Evacuate Collection Set: 16.5ms
[2020-09-08T11:05:36.190-0300][gc,phases      ] GC(683)   Post Evacuate Collection Set: 2.8ms
[2020-09-08T11:05:36.190-0300][gc,phases      ] GC(683)   Other: 1.1ms
[2020-09-08T11:05:36.190-0300][gc,heap        ] GC(683) Eden regions: 24->0(24)
[2020-09-08T11:05:36.190-0300][gc,heap        ] GC(683) Survivor regions: 2->2(4)
[2020-09-08T11:05:36.190-0300][gc,heap        ] GC(683) Old regions: 63->63
[2020-09-08T11:05:36.190-0300][gc,heap        ] GC(683) Humongous regions: 4->4
[2020-09-08T11:05:36.190-0300][gc,metaspace   ] GC(683) Metaspace: 40805K->40805K(1089536K)
[2020-09-08T11:05:36.190-0300][gc,heap        ] GC(683) Heap after GC invocations=684 (full 1): garbage-first heap   total 109568K, used 68250K [0x0000000083000000, 0x0000000100000000)
[2020-09-08T11:05:36.190-0300][gc,heap        ] GC(683)   region size 1024K, 2 young (2048K), 2 survivors (2048K)
[2020-09-08T11:05:36.190-0300][gc,heap        ] GC(683)  Metaspace       used 40805K, capacity 42831K, committed 46720K, reserved 1089536K
[2020-09-08T11:05:36.190-0300][gc,heap        ] GC(683)   class space    used 4082K, capacity 4757K, committed 6016K, reserved 1048576K
[2020-09-08T11:05:36.190-0300][gc             ] GC(683) Pause Young (Normal) (G1 Evacuation Pause) 90M->66M(107M) 20.843ms
[2020-09-08T11:05:36.191-0300][gc,cpu         ] GC(683) User=0.05s Sys=0.00s Real=0.02s
[2020-09-08T11:06:00.034-0300][gc,heap        ] GC(684) Heap before GC invocations=684 (full 1): garbage-first heap   total 109568K, used 91802K [0x0000000083000000, 0x0000000100000000)
[2020-09-08T11:06:00.034-0300][gc,heap        ] GC(684)   region size 1024K, 26 young (26624K), 2 survivors (2048K)
[2020-09-08T11:06:00.034-0300][gc,heap        ] GC(684)  Metaspace       used 40805K, capacity 42831K, committed 46720K, reserved 1089536K
[2020-09-08T11:06:00.034-0300][gc,heap        ] GC(684)   class space    used 4082K, capacity 4757K, committed 6016K, reserved 1048576K
[2020-09-08T11:06:00.034-0300][gc,start       ] GC(684) Pause Young (Normal) (G1 Evacuation Pause)
[2020-09-08T11:06:00.034-0300][gc,task        ] GC(684) Using 4 workers of 4 for evacuation
[2020-09-08T11:06:00.049-0300][gc,phases      ] GC(684)   Pre Evacuate Collection Set: 0.0ms
[2020-09-08T11:06:00.049-0300][gc,phases      ] GC(684)   Evacuate Collection Set: 11.7ms
[2020-09-08T11:06:00.049-0300][gc,phases      ] GC(684)   Post Evacuate Collection Set: 2.4ms
[2020-09-08T11:06:00.049-0300][gc,phases      ] GC(684)   Other: 1.1ms
[2020-09-08T11:06:00.049-0300][gc,heap        ] GC(684) Eden regions: 24->0(24)
[2020-09-08T11:06:00.049-0300][gc,heap        ] GC(684) Survivor regions: 2->2(4)
[2020-09-08T11:06:00.049-0300][gc,heap        ] GC(684) Old regions: 63->63
[2020-09-08T11:06:00.049-0300][gc,heap        ] GC(684) Humongous regions: 4->4
[2020-09-08T11:06:00.049-0300][gc,metaspace   ] GC(684) Metaspace: 40805K->40805K(1089536K)
[2020-09-08T11:06:00.049-0300][gc,heap        ] GC(684) Heap after GC invocations=685 (full 1): garbage-first heap   total 109568K, used 68459K [0x0000000083000000, 0x0000000100000000)
[2020-09-08T11:06:00.050-0300][gc,heap        ] GC(684)   region size 1024K, 2 young (2048K), 2 survivors (2048K)
[2020-09-08T11:06:00.050-0300][gc,heap        ] GC(684)  Metaspace       used 40805K, capacity 42831K, committed 46720K, reserved 1089536K
[2020-09-08T11:06:00.050-0300][gc,heap        ] GC(684)   class space    used 4082K, capacity 4757K, committed 6016K, reserved 1048576K
[2020-09-08T11:06:00.050-0300][gc             ] GC(684) Pause Young (Normal) (G1 Evacuation Pause) 90M->66M(107M) 15.656ms
[2020-09-08T11:06:00.050-0300][gc,cpu         ] GC(684) User=0.03s Sys=0.00s Real=0.01s
[2020-09-08T11:06:17.459-0300][gc,heap        ] GC(685) Heap before GC invocations=685 (full 1): garbage-first heap   total 109568K, used 92011K [0x0000000083000000, 0x0000000100000000)
[2020-09-08T11:06:17.459-0300][gc,heap        ] GC(685)   region size 1024K, 26 young (26624K), 2 survivors (2048K)
[2020-09-08T11:06:17.459-0300][gc,heap        ] GC(685)  Metaspace       used 40805K, capacity 42831K, committed 46720K, reserved 1089536K
[2020-09-08T11:06:17.459-0300][gc,heap        ] GC(685)   class space    used 4082K, capacity 4757K, committed 6016K, reserved 1048576K
[2020-09-08T11:06:17.459-0300][gc,start       ] GC(685) Pause Young (Normal) (G1 Evacuation Pause)
[2020-09-08T11:06:17.459-0300][gc,task        ] GC(685) Using 4 workers of 4 for evacuation
[2020-09-08T11:06:17.481-0300][gc,phases      ] GC(685)   Pre Evacuate Collection Set: 0.0ms
[2020-09-08T11:06:17.481-0300][gc,phases      ] GC(685)   Evacuate Collection Set: 18.2ms
[2020-09-08T11:06:17.481-0300][gc,phases      ] GC(685)   Post Evacuate Collection Set: 3.1ms
[2020-09-08T11:06:17.481-0300][gc,phases      ] GC(685)   Other: 1.1ms
[2020-09-08T11:06:17.481-0300][gc,heap        ] GC(685) Eden regions: 24->0(24)
[2020-09-08T11:06:17.482-0300][gc,heap        ] GC(685) Survivor regions: 2->2(4)
[2020-09-08T11:06:17.482-0300][gc,heap        ] GC(685) Old regions: 63->63
[2020-09-08T11:06:17.482-0300][gc,heap        ] GC(685) Humongous regions: 4->4
[2020-09-08T11:06:17.482-0300][gc,metaspace   ] GC(685) Metaspace: 40805K->40805K(1089536K)
[2020-09-08T11:06:17.482-0300][gc,heap        ] GC(685) Heap after GC invocations=686 (full 1): garbage-first heap   total 109568K, used 68503K [0x0000000083000000, 0x0000000100000000)
[2020-09-08T11:06:17.482-0300][gc,heap        ] GC(685)   region size 1024K, 2 young (2048K), 2 survivors (2048K)
[2020-09-08T11:06:17.482-0300][gc,heap        ] GC(685)  Metaspace       used 40805K, capacity 42831K, committed 46720K, reserved 1089536K
[2020-09-08T11:06:17.482-0300][gc,heap        ] GC(685)   class space    used 4082K, capacity 4757K, committed 6016K, reserved 1048576K
[2020-09-08T11:06:17.482-0300][gc             ] GC(685) Pause Young (Normal) (G1 Evacuation Pause) 90M->66M(107M) 22.806ms
[2020-09-08T11:06:17.482-0300][gc,cpu         ] GC(685) User=0.05s Sys=0.00s Real=0.03s
[2020-09-08T11:06:30.199-0300][gc,heap        ] GC(686) Heap before GC invocations=686 (full 1): garbage-first heap   total 109568K, used 92055K [0x0000000083000000, 0x0000000100000000)
[2020-09-08T11:06:30.199-0300][gc,heap        ] GC(686)   region size 1024K, 26 young (26624K), 2 survivors (2048K)
[2020-09-08T11:06:30.199-0300][gc,heap        ] GC(686)  Metaspace       used 40805K, capacity 42831K, committed 46720K, reserved 1089536K
[2020-09-08T11:06:30.199-0300][gc,heap        ] GC(686)   class space    used 4082K, capacity 4757K, committed 6016K, reserved 1048576K
[2020-09-08T11:06:30.200-0300][gc,start       ] GC(686) Pause Young (Normal) (G1 Evacuation Pause)
[2020-09-08T11:06:30.200-0300][gc,task        ] GC(686) Using 4 workers of 4 for evacuation
[2020-09-08T11:06:30.211-0300][gc,phases      ] GC(686)   Pre Evacuate Collection Set: 0.1ms
[2020-09-08T11:06:30.211-0300][gc,phases      ] GC(686)   Evacuate Collection Set: 8.9ms
[2020-09-08T11:06:30.211-0300][gc,phases      ] GC(686)   Post Evacuate Collection Set: 1.8ms
[2020-09-08T11:06:30.211-0300][gc,phases      ] GC(686)   Other: 1.1ms
[2020-09-08T11:06:30.211-0300][gc,heap        ] GC(686) Eden regions: 24->0(24)
[2020-09-08T11:06:30.211-0300][gc,heap        ] GC(686) Survivor regions: 2->2(4)
[2020-09-08T11:06:30.211-0300][gc,heap        ] GC(686) Old regions: 63->63
[2020-09-08T11:06:30.212-0300][gc,heap        ] GC(686) Humongous regions: 4->4
[2020-09-08T11:06:30.212-0300][gc,metaspace   ] GC(686) Metaspace: 40805K->40805K(1089536K)
[2020-09-08T11:06:30.212-0300][gc,heap        ] GC(686) Heap after GC invocations=687 (full 1): garbage-first heap   total 109568K, used 68507K [0x0000000083000000, 0x0000000100000000)
[2020-09-08T11:06:30.212-0300][gc,heap        ] GC(686)   region size 1024K, 2 young (2048K), 2 survivors (2048K)
[2020-09-08T11:06:30.212-0300][gc,heap        ] GC(686)  Metaspace       used 40805K, capacity 42831K, committed 46720K, reserved 1089536K
[2020-09-08T11:06:30.212-0300][gc,heap        ] GC(686)   class space    used 4082K, capacity 4757K, committed 6016K, reserved 1048576K
[2020-09-08T11:06:30.212-0300][gc             ] GC(686) Pause Young (Normal) (G1 Evacuation Pause) 90M->66M(107M) 12.361ms
[2020-09-08T11:06:30.212-0300][gc,cpu         ] GC(686) User=0.04s Sys=0.00s Real=0.02s
[2020-09-08T11:06:39.696-0300][gc,heap        ] GC(687) Heap before GC invocations=687 (full 1): garbage-first heap   total 109568K, used 92059K [0x0000000083000000, 0x0000000100000000)
[2020-09-08T11:06:39.696-0300][gc,heap        ] GC(687)   region size 1024K, 26 young (26624K), 2 survivors (2048K)
[2020-09-08T11:06:39.696-0300][gc,heap        ] GC(687)  Metaspace       used 40805K, capacity 42831K, committed 46720K, reserved 1089536K
[2020-09-08T11:06:39.696-0300][gc,heap        ] GC(687)   class space    used 4082K, capacity 4757K, committed 6016K, reserved 1048576K
[2020-09-08T11:06:39.696-0300][gc,start       ] GC(687) Pause Young (Normal) (G1 Evacuation Pause)
[2020-09-08T11:06:39.696-0300][gc,task        ] GC(687) Using 4 workers of 4 for evacuation
[2020-09-08T11:06:39.710-0300][gc,phases      ] GC(687)   Pre Evacuate Collection Set: 0.0ms
[2020-09-08T11:06:39.710-0300][gc,phases      ] GC(687)   Evacuate Collection Set: 10.6ms
[2020-09-08T11:06:39.710-0300][gc,phases      ] GC(687)   Post Evacuate Collection Set: 1.8ms
[2020-09-08T11:06:39.710-0300][gc,phases      ] GC(687)   Other: 1.5ms
[2020-09-08T11:06:39.710-0300][gc,heap        ] GC(687) Eden regions: 24->0(23)
[2020-09-08T11:06:39.710-0300][gc,heap        ] GC(687) Survivor regions: 2->3(4)
[2020-09-08T11:06:39.710-0300][gc,heap        ] GC(687) Old regions: 63->63
[2020-09-08T11:06:39.710-0300][gc,heap        ] GC(687) Humongous regions: 4->4
[2020-09-08T11:06:39.710-0300][gc,metaspace   ] GC(687) Metaspace: 40805K->40805K(1089536K)
[2020-09-08T11:06:39.710-0300][gc,heap        ] GC(687) Heap after GC invocations=688 (full 1): garbage-first heap   total 109568K, used 69053K [0x0000000083000000, 0x0000000100000000)
[2020-09-08T11:06:39.710-0300][gc,heap        ] GC(687)   region size 1024K, 3 young (3072K), 3 survivors (3072K)
[2020-09-08T11:06:39.710-0300][gc,heap        ] GC(687)  Metaspace       used 40805K, capacity 42831K, committed 46720K, reserved 1089536K
[2020-09-08T11:06:39.710-0300][gc,heap        ] GC(687)   class space    used 4082K, capacity 4757K, committed 6016K, reserved 1048576K
[2020-09-08T11:06:39.710-0300][gc             ] GC(687) Pause Young (Normal) (G1 Evacuation Pause) 90M->67M(107M) 14.140ms
[2020-09-08T11:06:39.710-0300][gc,cpu         ] GC(687) User=0.04s Sys=0.00s Real=0.01s
[2020-09-08T11:06:52.376-0300][gc,heap        ] GC(688) Heap before GC invocations=688 (full 1): garbage-first heap   total 109568K, used 91581K [0x0000000083000000, 0x0000000100000000)
[2020-09-08T11:06:52.376-0300][gc,heap        ] GC(688)   region size 1024K, 26 young (26624K), 3 survivors (3072K)
[2020-09-08T11:06:52.376-0300][gc,heap        ] GC(688)  Metaspace       used 40805K, capacity 42831K, committed 46720K, reserved 1089536K
[2020-09-08T11:06:52.376-0300][gc,heap        ] GC(688)   class space    used 4082K, capacity 4757K, committed 6016K, reserved 1048576K
[2020-09-08T11:06:52.377-0300][gc,start       ] GC(688) Pause Young (Normal) (G1 Evacuation Pause)
[2020-09-08T11:06:52.377-0300][gc,task        ] GC(688) Using 4 workers of 4 for evacuation
[2020-09-08T11:06:52.393-0300][gc,phases      ] GC(688)   Pre Evacuate Collection Set: 0.0ms
[2020-09-08T11:06:52.393-0300][gc,phases      ] GC(688)   Evacuate Collection Set: 12.7ms
[2020-09-08T11:06:52.393-0300][gc,phases      ] GC(688)   Post Evacuate Collection Set: 2.7ms
[2020-09-08T11:06:52.393-0300][gc,phases      ] GC(688)   Other: 1.6ms
[2020-09-08T11:06:52.393-0300][gc,heap        ] GC(688) Eden regions: 23->0(22)
[2020-09-08T11:06:52.393-0300][gc,heap        ] GC(688) Survivor regions: 3->3(4)
[2020-09-08T11:06:52.393-0300][gc,heap        ] GC(688) Old regions: 63->64
[2020-09-08T11:06:52.394-0300][gc,heap        ] GC(688) Humongous regions: 4->4
[2020-09-08T11:06:52.394-0300][gc,metaspace   ] GC(688) Metaspace: 40805K->40805K(1089536K)
[2020-09-08T11:06:52.394-0300][gc,heap        ] GC(688) Heap after GC invocations=689 (full 1): garbage-first heap   total 109568K, used 69586K [0x0000000083000000, 0x0000000100000000)
[2020-09-08T11:06:52.394-0300][gc,heap        ] GC(688)   region size 1024K, 3 young (3072K), 3 survivors (3072K)
[2020-09-08T11:06:52.394-0300][gc,heap        ] GC(688)  Metaspace       used 40805K, capacity 42831K, committed 46720K, reserved 1089536K
[2020-09-08T11:06:52.394-0300][gc,heap        ] GC(688)   class space    used 4082K, capacity 4757K, committed 6016K, reserved 1048576K
[2020-09-08T11:06:52.394-0300][gc             ] GC(688) Pause Young (Normal) (G1 Evacuation Pause) 90M->67M(107M) 17.203ms
[2020-09-08T11:06:52.394-0300][gc,cpu         ] GC(688) User=0.06s Sys=0.00s Real=0.02s
[2020-09-08T11:06:59.225-0300][gc,heap        ] GC(689) Heap before GC invocations=689 (full 1): garbage-first heap   total 109568K, used 91090K [0x0000000083000000, 0x0000000100000000)
[2020-09-08T11:06:59.225-0300][gc,heap        ] GC(689)   region size 1024K, 25 young (25600K), 3 survivors (3072K)
[2020-09-08T11:06:59.225-0300][gc,heap        ] GC(689)  Metaspace       used 40805K, capacity 42831K, committed 46720K, reserved 1089536K
[2020-09-08T11:06:59.225-0300][gc,heap        ] GC(689)   class space    used 4082K, capacity 4757K, committed 6016K, reserved 1048576K
[2020-09-08T11:06:59.226-0300][gc,start       ] GC(689) Pause Young (Normal) (G1 Evacuation Pause)
[2020-09-08T11:06:59.226-0300][gc,task        ] GC(689) Using 4 workers of 4 for evacuation
[2020-09-08T11:06:59.246-0300][gc,phases      ] GC(689)   Pre Evacuate Collection Set: 0.0ms
[2020-09-08T11:06:59.246-0300][gc,phases      ] GC(689)   Evacuate Collection Set: 17.4ms
[2020-09-08T11:06:59.246-0300][gc,phases      ] GC(689)   Post Evacuate Collection Set: 2.2ms
[2020-09-08T11:06:59.246-0300][gc,phases      ] GC(689)   Other: 1.3ms
[2020-09-08T11:06:59.246-0300][gc,heap        ] GC(689) Eden regions: 22->0(22)
[2020-09-08T11:06:59.246-0300][gc,heap        ] GC(689) Survivor regions: 3->3(4)
[2020-09-08T11:06:59.247-0300][gc,heap        ] GC(689) Old regions: 64->64
[2020-09-08T11:06:59.247-0300][gc,heap        ] GC(689) Humongous regions: 4->4
[2020-09-08T11:06:59.247-0300][gc,metaspace   ] GC(689) Metaspace: 40805K->40805K(1089536K)
[2020-09-08T11:06:59.247-0300][gc,heap        ] GC(689) Heap after GC invocations=690 (full 1): garbage-first heap   total 109568K, used 70133K [0x0000000083000000, 0x0000000100000000)
[2020-09-08T11:06:59.247-0300][gc,heap        ] GC(689)   region size 1024K, 3 young (3072K), 3 survivors (3072K)
[2020-09-08T11:06:59.247-0300][gc,heap        ] GC(689)  Metaspace       used 40805K, capacity 42831K, committed 46720K, reserved 1089536K
[2020-09-08T11:06:59.247-0300][gc,heap        ] GC(689)   class space    used 4082K, capacity 4757K, committed 6016K, reserved 1048576K
[2020-09-08T11:06:59.247-0300][gc             ] GC(689) Pause Young (Normal) (G1 Evacuation Pause) 89M->68M(107M) 21.367ms
[2020-09-08T11:06:59.248-0300][gc,cpu         ] GC(689) User=0.06s Sys=0.00s Real=0.02s
[2020-09-08T11:07:10.377-0300][gc,heap        ] GC(690) Heap before GC invocations=690 (full 1): garbage-first heap   total 109568K, used 91637K [0x0000000083000000, 0x0000000100000000)
[2020-09-08T11:07:10.377-0300][gc,heap        ] GC(690)   region size 1024K, 25 young (25600K), 3 survivors (3072K)
[2020-09-08T11:07:10.377-0300][gc,heap        ] GC(690)  Metaspace       used 40805K, capacity 42831K, committed 46720K, reserved 1089536K
[2020-09-08T11:07:10.377-0300][gc,heap        ] GC(690)   class space    used 4082K, capacity 4757K, committed 6016K, reserved 1048576K
[2020-09-08T11:07:10.377-0300][gc,start       ] GC(690) Pause Young (Normal) (G1 Evacuation Pause)
[2020-09-08T11:07:10.377-0300][gc,task        ] GC(690) Using 4 workers of 4 for evacuation
[2020-09-08T11:07:10.397-0300][gc,phases      ] GC(690)   Pre Evacuate Collection Set: 0.1ms
[2020-09-08T11:07:10.397-0300][gc,phases      ] GC(690)   Evacuate Collection Set: 14.9ms
[2020-09-08T11:07:10.398-0300][gc,phases      ] GC(690)   Post Evacuate Collection Set: 4.0ms
[2020-09-08T11:07:10.398-0300][gc,phases      ] GC(690)   Other: 1.8ms
[2020-09-08T11:07:10.398-0300][gc,heap        ] GC(690) Eden regions: 22->0(21)
[2020-09-08T11:07:10.398-0300][gc,heap        ] GC(690) Survivor regions: 3->3(4)
[2020-09-08T11:07:10.398-0300][gc,heap        ] GC(690) Old regions: 64->65
[2020-09-08T11:07:10.398-0300][gc,heap        ] GC(690) Humongous regions: 4->4
[2020-09-08T11:07:10.398-0300][gc,metaspace   ] GC(690) Metaspace: 40805K->40805K(1089536K)
[2020-09-08T11:07:10.398-0300][gc,heap        ] GC(690) Heap after GC invocations=691 (full 1): garbage-first heap   total 109568K, used 70647K [0x0000000083000000, 0x0000000100000000)
[2020-09-08T11:07:10.398-0300][gc,heap        ] GC(690)   region size 1024K, 3 young (3072K), 3 survivors (3072K)
[2020-09-08T11:07:10.398-0300][gc,heap        ] GC(690)  Metaspace       used 40805K, capacity 42831K, committed 46720K, reserved 1089536K
[2020-09-08T11:07:10.398-0300][gc,heap        ] GC(690)   class space    used 4082K, capacity 4757K, committed 6016K, reserved 1048576K
[2020-09-08T11:07:10.399-0300][gc             ] GC(690) Pause Young (Normal) (G1 Evacuation Pause) 90M->68M(107M) 21.243ms
[2020-09-08T11:07:10.399-0300][gc,cpu         ] GC(690) User=0.06s Sys=0.00s Real=0.02s
[2020-09-08T11:07:16.431-0300][gc,heap        ] GC(691) Heap before GC invocations=691 (full 1): garbage-first heap   total 109568K, used 91127K [0x0000000083000000, 0x0000000100000000)
[2020-09-08T11:07:16.431-0300][gc,heap        ] GC(691)   region size 1024K, 24 young (24576K), 3 survivors (3072K)
[2020-09-08T11:07:16.431-0300][gc,heap        ] GC(691)  Metaspace       used 40805K, capacity 42831K, committed 46720K, reserved 1089536K
[2020-09-08T11:07:16.431-0300][gc,heap        ] GC(691)   class space    used 4082K, capacity 4757K, committed 6016K, reserved 1048576K
[2020-09-08T11:07:16.431-0300][gc,start       ] GC(691) Pause Young (Normal) (G1 Evacuation Pause)
[2020-09-08T11:07:16.431-0300][gc,task        ] GC(691) Using 4 workers of 4 for evacuation
[2020-09-08T11:07:16.446-0300][gc,phases      ] GC(691)   Pre Evacuate Collection Set: 0.1ms
[2020-09-08T11:07:16.446-0300][gc,phases      ] GC(691)   Evacuate Collection Set: 11.8ms
[2020-09-08T11:07:16.446-0300][gc,phases      ] GC(691)   Post Evacuate Collection Set: 1.7ms
[2020-09-08T11:07:16.446-0300][gc,phases      ] GC(691)   Other: 1.5ms
[2020-09-08T11:07:16.446-0300][gc,heap        ] GC(691) Eden regions: 21->0(21)
[2020-09-08T11:07:16.446-0300][gc,heap        ] GC(691) Survivor regions: 3->2(3)
[2020-09-08T11:07:16.446-0300][gc,heap        ] GC(691) Old regions: 65->66
[2020-09-08T11:07:16.446-0300][gc,heap        ] GC(691) Humongous regions: 4->4
[2020-09-08T11:07:16.446-0300][gc,metaspace   ] GC(691) Metaspace: 40805K->40805K(1089536K)
[2020-09-08T11:07:16.446-0300][gc,heap        ] GC(691) Heap after GC invocations=692 (full 1): garbage-first heap   total 109568K, used 70826K [0x0000000083000000, 0x0000000100000000)
[2020-09-08T11:07:16.446-0300][gc,heap        ] GC(691)   region size 1024K, 2 young (2048K), 2 survivors (2048K)
[2020-09-08T11:07:16.446-0300][gc,heap        ] GC(691)  Metaspace       used 40805K, capacity 42831K, committed 46720K, reserved 1089536K
[2020-09-08T11:07:16.446-0300][gc,heap        ] GC(691)   class space    used 4082K, capacity 4757K, committed 6016K, reserved 1048576K
[2020-09-08T11:07:16.447-0300][gc             ] GC(691) Pause Young (Normal) (G1 Evacuation Pause) 89M->69M(107M) 15.473ms
[2020-09-08T11:07:16.447-0300][gc,cpu         ] GC(691) User=0.04s Sys=0.01s Real=0.01s
[2020-09-08T11:07:26.568-0300][gc,heap        ] GC(692) Heap before GC invocations=692 (full 1): garbage-first heap   total 109568K, used 91306K [0x0000000083000000, 0x0000000100000000)
[2020-09-08T11:07:26.568-0300][gc,heap        ] GC(692)   region size 1024K, 23 young (23552K), 2 survivors (2048K)
[2020-09-08T11:07:26.568-0300][gc,heap        ] GC(692)  Metaspace       used 40805K, capacity 42831K, committed 46720K, reserved 1089536K
[2020-09-08T11:07:26.568-0300][gc,heap        ] GC(692)   class space    used 4082K, capacity 4757K, committed 6016K, reserved 1048576K
[2020-09-08T11:07:26.568-0300][gc,start       ] GC(692) Pause Young (Normal) (G1 Evacuation Pause)
[2020-09-08T11:07:26.568-0300][gc,task        ] GC(692) Using 4 workers of 4 for evacuation
[2020-09-08T11:07:26.588-0300][gc,phases      ] GC(692)   Pre Evacuate Collection Set: 0.1ms
[2020-09-08T11:07:26.588-0300][gc,phases      ] GC(692)   Evacuate Collection Set: 16.5ms
[2020-09-08T11:07:26.588-0300][gc,phases      ] GC(692)   Post Evacuate Collection Set: 2.1ms
[2020-09-08T11:07:26.589-0300][gc,phases      ] GC(692)   Other: 1.7ms
[2020-09-08T11:07:26.589-0300][gc,heap        ] GC(692) Eden regions: 21->0(21)
[2020-09-08T11:07:26.589-0300][gc,heap        ] GC(692) Survivor regions: 2->2(3)
[2020-09-08T11:07:26.589-0300][gc,heap        ] GC(692) Old regions: 66->66
[2020-09-08T11:07:26.589-0300][gc,heap        ] GC(692) Humongous regions: 4->4
[2020-09-08T11:07:26.589-0300][gc,metaspace   ] GC(692) Metaspace: 40805K->40805K(1089536K)
[2020-09-08T11:07:26.589-0300][gc,heap        ] GC(692) Heap after GC invocations=693 (full 1): garbage-first heap   total 109568K, used 71242K [0x0000000083000000, 0x0000000100000000)
[2020-09-08T11:07:26.589-0300][gc,heap        ] GC(692)   region size 1024K, 2 young (2048K), 2 survivors (2048K)
[2020-09-08T11:07:26.589-0300][gc,heap        ] GC(692)  Metaspace       used 40805K, capacity 42831K, committed 46720K, reserved 1089536K
[2020-09-08T11:07:26.589-0300][gc,heap        ] GC(692)   class space    used 4082K, capacity 4757K, committed 6016K, reserved 1048576K
[2020-09-08T11:07:26.589-0300][gc             ] GC(692) Pause Young (Normal) (G1 Evacuation Pause) 90M->69M(107M) 20.803ms
[2020-09-08T11:07:26.591-0300][gc,cpu         ] GC(692) User=0.08s Sys=0.00s Real=0.02s
[2020-09-08T11:07:43.127-0300][gc,heap        ] GC(693) Heap before GC invocations=693 (full 1): garbage-first heap   total 109568K, used 91722K [0x0000000083000000, 0x0000000100000000)
[2020-09-08T11:07:43.127-0300][gc,heap        ] GC(693)   region size 1024K, 23 young (23552K), 2 survivors (2048K)
[2020-09-08T11:07:43.127-0300][gc,heap        ] GC(693)  Metaspace       used 40805K, capacity 42831K, committed 46720K, reserved 1089536K
[2020-09-08T11:07:43.127-0300][gc,heap        ] GC(693)   class space    used 4082K, capacity 4757K, committed 6016K, reserved 1048576K
[2020-09-08T11:07:43.127-0300][gc,start       ] GC(693) Pause Young (Normal) (G1 Evacuation Pause)
[2020-09-08T11:07:43.127-0300][gc,task        ] GC(693) Using 4 workers of 4 for evacuation
[2020-09-08T11:07:43.140-0300][gc,phases      ] GC(693)   Pre Evacuate Collection Set: 0.0ms
[2020-09-08T11:07:43.140-0300][gc,phases      ] GC(693)   Evacuate Collection Set: 9.7ms
[2020-09-08T11:07:43.140-0300][gc,phases      ] GC(693)   Post Evacuate Collection Set: 1.8ms
[2020-09-08T11:07:43.140-0300][gc,phases      ] GC(693)   Other: 1.4ms
[2020-09-08T11:07:43.140-0300][gc,heap        ] GC(693) Eden regions: 21->0(21)
[2020-09-08T11:07:43.140-0300][gc,heap        ] GC(693) Survivor regions: 2->2(3)
[2020-09-08T11:07:43.140-0300][gc,heap        ] GC(693) Old regions: 66->66
[2020-09-08T11:07:43.140-0300][gc,heap        ] GC(693) Humongous regions: 4->4
[2020-09-08T11:07:43.140-0300][gc,metaspace   ] GC(693) Metaspace: 40805K->40805K(1089536K)
[2020-09-08T11:07:43.140-0300][gc,heap        ] GC(693) Heap after GC invocations=694 (full 1): garbage-first heap   total 109568K, used 71391K [0x0000000083000000, 0x0000000100000000)
[2020-09-08T11:07:43.140-0300][gc,heap        ] GC(693)   region size 1024K, 2 young (2048K), 2 survivors (2048K)
[2020-09-08T11:07:43.140-0300][gc,heap        ] GC(693)  Metaspace       used 40805K, capacity 42831K, committed 46720K, reserved 1089536K
[2020-09-08T11:07:43.140-0300][gc,heap        ] GC(693)   class space    used 4082K, capacity 4757K, committed 6016K, reserved 1048576K
[2020-09-08T11:07:43.140-0300][gc             ] GC(693) Pause Young (Normal) (G1 Evacuation Pause) 90M->69M(107M) 13.358ms
[2020-09-08T11:07:43.141-0300][gc,cpu         ] GC(693) User=0.04s Sys=0.00s Real=0.01s
[2020-09-08T11:07:58.302-0300][gc,heap        ] GC(694) Heap before GC invocations=694 (full 1): garbage-first heap   total 109568K, used 91871K [0x0000000083000000, 0x0000000100000000)
[2020-09-08T11:07:58.302-0300][gc,heap        ] GC(694)   region size 1024K, 23 young (23552K), 2 survivors (2048K)
[2020-09-08T11:07:58.302-0300][gc,heap        ] GC(694)  Metaspace       used 40805K, capacity 42831K, committed 46720K, reserved 1089536K
[2020-09-08T11:07:58.302-0300][gc,heap        ] GC(694)   class space    used 4082K, capacity 4757K, committed 6016K, reserved 1048576K
[2020-09-08T11:07:58.302-0300][gc,start       ] GC(694) Pause Young (Normal) (G1 Evacuation Pause)
[2020-09-08T11:07:58.302-0300][gc,task        ] GC(694) Using 4 workers of 4 for evacuation
[2020-09-08T11:07:58.313-0300][gc,phases      ] GC(694)   Pre Evacuate Collection Set: 0.0ms
[2020-09-08T11:07:58.313-0300][gc,phases      ] GC(694)   Evacuate Collection Set: 7.9ms
[2020-09-08T11:07:58.313-0300][gc,phases      ] GC(694)   Post Evacuate Collection Set: 1.9ms
[2020-09-08T11:07:58.313-0300][gc,phases      ] GC(694)   Other: 1.4ms
[2020-09-08T11:07:58.313-0300][gc,heap        ] GC(694) Eden regions: 21->0(21)
[2020-09-08T11:07:58.313-0300][gc,heap        ] GC(694) Survivor regions: 2->2(3)
[2020-09-08T11:07:58.313-0300][gc,heap        ] GC(694) Old regions: 66->66
[2020-09-08T11:07:58.313-0300][gc,heap        ] GC(694) Humongous regions: 4->4
[2020-09-08T11:07:58.313-0300][gc,metaspace   ] GC(694) Metaspace: 40805K->40805K(1089536K)
[2020-09-08T11:07:58.313-0300][gc,heap        ] GC(694) Heap after GC invocations=695 (full 1): garbage-first heap   total 109568K, used 71392K [0x0000000083000000, 0x0000000100000000)
[2020-09-08T11:07:58.313-0300][gc,heap        ] GC(694)   region size 1024K, 2 young (2048K), 2 survivors (2048K)
[2020-09-08T11:07:58.314-0300][gc,heap        ] GC(694)  Metaspace       used 40805K, capacity 42831K, committed 46720K, reserved 1089536K
[2020-09-08T11:07:58.314-0300][gc,heap        ] GC(694)   class space    used 4082K, capacity 4757K, committed 6016K, reserved 1048576K
[2020-09-08T11:07:58.314-0300][gc             ] GC(694) Pause Young (Normal) (G1 Evacuation Pause) 90M->69M(107M) 11.509ms
[2020-09-08T11:07:58.314-0300][gc,cpu         ] GC(694) User=0.03s Sys=0.00s Real=0.01s
[2020-09-08T11:08:13.166-0300][gc,heap        ] GC(695) Heap before GC invocations=695 (full 1): garbage-first heap   total 109568K, used 91872K [0x0000000083000000, 0x0000000100000000)
[2020-09-08T11:08:13.166-0300][gc,heap        ] GC(695)   region size 1024K, 23 young (23552K), 2 survivors (2048K)
[2020-09-08T11:08:13.167-0300][gc,heap        ] GC(695)  Metaspace       used 40805K, capacity 42831K, committed 46720K, reserved 1089536K
[2020-09-08T11:08:13.167-0300][gc,heap        ] GC(695)   class space    used 4082K, capacity 4757K, committed 6016K, reserved 1048576K
[2020-09-08T11:08:13.167-0300][gc,start       ] GC(695) Pause Young (Normal) (G1 Evacuation Pause)
[2020-09-08T11:08:13.167-0300][gc,task        ] GC(695) Using 4 workers of 4 for evacuation
[2020-09-08T11:08:13.179-0300][gc,phases      ] GC(695)   Pre Evacuate Collection Set: 0.0ms
[2020-09-08T11:08:13.179-0300][gc,phases      ] GC(695)   Evacuate Collection Set: 9.2ms
[2020-09-08T11:08:13.179-0300][gc,phases      ] GC(695)   Post Evacuate Collection Set: 2.3ms
[2020-09-08T11:08:13.179-0300][gc,phases      ] GC(695)   Other: 1.3ms
[2020-09-08T11:08:13.180-0300][gc,heap        ] GC(695) Eden regions: 21->0(21)
[2020-09-08T11:08:13.180-0300][gc,heap        ] GC(695) Survivor regions: 2->2(3)
[2020-09-08T11:08:13.180-0300][gc,heap        ] GC(695) Old regions: 66->66
[2020-09-08T11:08:13.180-0300][gc,heap        ] GC(695) Humongous regions: 4->4
[2020-09-08T11:08:13.180-0300][gc,metaspace   ] GC(695) Metaspace: 40805K->40805K(1089536K)
[2020-09-08T11:08:13.180-0300][gc,heap        ] GC(695) Heap after GC invocations=696 (full 1): garbage-first heap   total 109568K, used 71639K [0x0000000083000000, 0x0000000100000000)
[2020-09-08T11:08:13.180-0300][gc,heap        ] GC(695)   region size 1024K, 2 young (2048K), 2 survivors (2048K)
[2020-09-08T11:08:13.180-0300][gc,heap        ] GC(695)  Metaspace       used 40805K, capacity 42831K, committed 46720K, reserved 1089536K
[2020-09-08T11:08:13.180-0300][gc,heap        ] GC(695)   class space    used 4082K, capacity 4757K, committed 6016K, reserved 1048576K
[2020-09-08T11:08:13.180-0300][gc             ] GC(695) Pause Young (Normal) (G1 Evacuation Pause) 90M->69M(107M) 13.214ms
[2020-09-08T11:08:13.180-0300][gc,cpu         ] GC(695) User=0.04s Sys=0.00s Real=0.01s
[2020-09-08T11:08:25.206-0300][gc,heap        ] GC(696) Heap before GC invocations=696 (full 1): garbage-first heap   total 109568K, used 92119K [0x0000000083000000, 0x0000000100000000)
[2020-09-08T11:08:25.206-0300][gc,heap        ] GC(696)   region size 1024K, 23 young (23552K), 2 survivors (2048K)
[2020-09-08T11:08:25.206-0300][gc,heap        ] GC(696)  Metaspace       used 40807K, capacity 42831K, committed 46720K, reserved 1089536K
[2020-09-08T11:08:25.206-0300][gc,heap        ] GC(696)   class space    used 4082K, capacity 4757K, committed 6016K, reserved 1048576K
[2020-09-08T11:08:25.206-0300][gc,start       ] GC(696) Pause Young (Normal) (G1 Evacuation Pause)
[2020-09-08T11:08:25.207-0300][gc,task        ] GC(696) Using 4 workers of 4 for evacuation
[2020-09-08T11:08:25.220-0300][gc,phases      ] GC(696)   Pre Evacuate Collection Set: 0.0ms
[2020-09-08T11:08:25.220-0300][gc,phases      ] GC(696)   Evacuate Collection Set: 10.6ms
[2020-09-08T11:08:25.220-0300][gc,phases      ] GC(696)   Post Evacuate Collection Set: 1.6ms
[2020-09-08T11:08:25.220-0300][gc,phases      ] GC(696)   Other: 1.5ms
[2020-09-08T11:08:25.220-0300][gc,heap        ] GC(696) Eden regions: 21->0(20)
[2020-09-08T11:08:25.220-0300][gc,heap        ] GC(696) Survivor regions: 2->2(3)
[2020-09-08T11:08:25.220-0300][gc,heap        ] GC(696) Old regions: 66->67
[2020-09-08T11:08:25.220-0300][gc,heap        ] GC(696) Humongous regions: 4->4
[2020-09-08T11:08:25.220-0300][gc,metaspace   ] GC(696) Metaspace: 40807K->40807K(1089536K)
[2020-09-08T11:08:25.220-0300][gc,heap        ] GC(696) Heap after GC invocations=697 (full 1): garbage-first heap   total 109568K, used 71951K [0x0000000083000000, 0x0000000100000000)
[2020-09-08T11:08:25.220-0300][gc,heap        ] GC(696)   region size 1024K, 2 young (2048K), 2 survivors (2048K)
[2020-09-08T11:08:25.220-0300][gc,heap        ] GC(696)  Metaspace       used 40807K, capacity 42831K, committed 46720K, reserved 1089536K
[2020-09-08T11:08:25.221-0300][gc,heap        ] GC(696)   class space    used 4082K, capacity 4757K, committed 6016K, reserved 1048576K
[2020-09-08T11:08:25.221-0300][gc             ] GC(696) Pause Young (Normal) (G1 Evacuation Pause) 90M->70M(107M) 14.104ms
[2020-09-08T11:08:25.221-0300][gc,cpu         ] GC(696) User=0.04s Sys=0.00s Real=0.02s
[2020-09-08T11:08:35.484-0300][gc,heap        ] GC(697) Heap before GC invocations=697 (full 1): garbage-first heap   total 109568K, used 91407K [0x0000000083000000, 0x0000000100000000)
[2020-09-08T11:08:35.484-0300][gc,heap        ] GC(697)   region size 1024K, 22 young (22528K), 2 survivors (2048K)
[2020-09-08T11:08:35.484-0300][gc,heap        ] GC(697)  Metaspace       used 40807K, capacity 42831K, committed 46720K, reserved 1089536K
[2020-09-08T11:08:35.484-0300][gc,heap        ] GC(697)   class space    used 4082K, capacity 4757K, committed 6016K, reserved 1048576K
[2020-09-08T11:08:35.484-0300][gc,start       ] GC(697) Pause Young (Normal) (G1 Evacuation Pause)
[2020-09-08T11:08:35.484-0300][gc,task        ] GC(697) Using 4 workers of 4 for evacuation
[2020-09-08T11:08:35.496-0300][gc,phases      ] GC(697)   Pre Evacuate Collection Set: 0.0ms
[2020-09-08T11:08:35.496-0300][gc,phases      ] GC(697)   Evacuate Collection Set: 9.3ms
[2020-09-08T11:08:35.496-0300][gc,phases      ] GC(697)   Post Evacuate Collection Set: 1.6ms
[2020-09-08T11:08:35.496-0300][gc,phases      ] GC(697)   Other: 1.4ms
[2020-09-08T11:08:35.496-0300][gc,heap        ] GC(697) Eden regions: 20->0(20)
[2020-09-08T11:08:35.496-0300][gc,heap        ] GC(697) Survivor regions: 2->2(3)
[2020-09-08T11:08:35.496-0300][gc,heap        ] GC(697) Old regions: 67->67
[2020-09-08T11:08:35.496-0300][gc,heap        ] GC(697) Humongous regions: 4->4
[2020-09-08T11:08:35.496-0300][gc,metaspace   ] GC(697) Metaspace: 40807K->40807K(1089536K)
[2020-09-08T11:08:35.496-0300][gc,heap        ] GC(697) Heap after GC invocations=698 (full 1): garbage-first heap   total 109568K, used 72278K [0x0000000083000000, 0x0000000100000000)
[2020-09-08T11:08:35.496-0300][gc,heap        ] GC(697)   region size 1024K, 2 young (2048K), 2 survivors (2048K)
[2020-09-08T11:08:35.496-0300][gc,heap        ] GC(697)  Metaspace       used 40807K, capacity 42831K, committed 46720K, reserved 1089536K
[2020-09-08T11:08:35.496-0300][gc,heap        ] GC(697)   class space    used 4082K, capacity 4757K, committed 6016K, reserved 1048576K
[2020-09-08T11:08:35.497-0300][gc             ] GC(697) Pause Young (Normal) (G1 Evacuation Pause) 90M->70M(107M) 12.559ms
[2020-09-08T11:08:35.497-0300][gc,cpu         ] GC(697) User=0.04s Sys=0.00s Real=0.01s
[2020-09-08T11:08:54.280-0300][gc,heap        ] GC(698) Heap before GC invocations=698 (full 1): garbage-first heap   total 109568K, used 91734K [0x0000000083000000, 0x0000000100000000)
[2020-09-08T11:08:54.280-0300][gc,heap        ] GC(698)   region size 1024K, 22 young (22528K), 2 survivors (2048K)
[2020-09-08T11:08:54.280-0300][gc,heap        ] GC(698)  Metaspace       used 40807K, capacity 42831K, committed 46720K, reserved 1089536K
[2020-09-08T11:08:54.280-0300][gc,heap        ] GC(698)   class space    used 4082K, capacity 4757K, committed 6016K, reserved 1048576K
[2020-09-08T11:08:54.280-0300][gc,start       ] GC(698) Pause Young (Normal) (G1 Evacuation Pause)
[2020-09-08T11:08:54.280-0300][gc,task        ] GC(698) Using 4 workers of 4 for evacuation
[2020-09-08T11:08:54.292-0300][gc,phases      ] GC(698)   Pre Evacuate Collection Set: 0.0ms
[2020-09-08T11:08:54.292-0300][gc,phases      ] GC(698)   Evacuate Collection Set: 9.5ms
[2020-09-08T11:08:54.292-0300][gc,phases      ] GC(698)   Post Evacuate Collection Set: 1.7ms
[2020-09-08T11:08:54.292-0300][gc,phases      ] GC(698)   Other: 1.3ms
[2020-09-08T11:08:54.292-0300][gc,heap        ] GC(698) Eden regions: 20->0(20)
[2020-09-08T11:08:54.292-0300][gc,heap        ] GC(698) Survivor regions: 2->2(3)
[2020-09-08T11:08:54.292-0300][gc,heap        ] GC(698) Old regions: 67->67
[2020-09-08T11:08:54.293-0300][gc,heap        ] GC(698) Humongous regions: 4->4
[2020-09-08T11:08:54.293-0300][gc,metaspace   ] GC(698) Metaspace: 40807K->40807K(1089536K)
[2020-09-08T11:08:54.293-0300][gc,heap        ] GC(698) Heap after GC invocations=699 (full 1): garbage-first heap   total 109568K, used 72482K [0x0000000083000000, 0x0000000100000000)
[2020-09-08T11:08:54.293-0300][gc,heap        ] GC(698)   region size 1024K, 2 young (2048K), 2 survivors (2048K)
[2020-09-08T11:08:54.293-0300][gc,heap        ] GC(698)  Metaspace       used 40807K, capacity 42831K, committed 46720K, reserved 1089536K
[2020-09-08T11:08:54.293-0300][gc,heap        ] GC(698)   class space    used 4082K, capacity 4757K, committed 6016K, reserved 1048576K
[2020-09-08T11:08:54.293-0300][gc             ] GC(698) Pause Young (Normal) (G1 Evacuation Pause) 90M->70M(107M) 12.888ms
[2020-09-08T11:08:54.293-0300][gc,cpu         ] GC(698) User=0.04s Sys=0.01s Real=0.02s
[2020-09-08T11:09:03.553-0300][gc,heap        ] GC(699) Heap before GC invocations=699 (full 1): garbage-first heap   total 109568K, used 91938K [0x0000000083000000, 0x0000000100000000)
[2020-09-08T11:09:03.554-0300][gc,heap        ] GC(699)   region size 1024K, 22 young (22528K), 2 survivors (2048K)
[2020-09-08T11:09:03.554-0300][gc,heap        ] GC(699)  Metaspace       used 40807K, capacity 42831K, committed 46720K, reserved 1089536K
[2020-09-08T11:09:03.554-0300][gc,heap        ] GC(699)   class space    used 4082K, capacity 4757K, committed 6016K, reserved 1048576K
[2020-09-08T11:09:03.554-0300][gc,start       ] GC(699) Pause Young (Normal) (G1 Evacuation Pause)
[2020-09-08T11:09:03.554-0300][gc,task        ] GC(699) Using 4 workers of 4 for evacuation
[2020-09-08T11:09:03.567-0300][gc,phases      ] GC(699)   Pre Evacuate Collection Set: 0.0ms
[2020-09-08T11:09:03.567-0300][gc,phases      ] GC(699)   Evacuate Collection Set: 10.1ms
[2020-09-08T11:09:03.567-0300][gc,phases      ] GC(699)   Post Evacuate Collection Set: 2.3ms
[2020-09-08T11:09:03.567-0300][gc,phases      ] GC(699)   Other: 1.3ms
[2020-09-08T11:09:03.567-0300][gc,heap        ] GC(699) Eden regions: 20->0(20)
[2020-09-08T11:09:03.568-0300][gc,heap        ] GC(699) Survivor regions: 2->2(3)
[2020-09-08T11:09:03.568-0300][gc,heap        ] GC(699) Old regions: 67->67
[2020-09-08T11:09:03.568-0300][gc,heap        ] GC(699) Humongous regions: 4->4
[2020-09-08T11:09:03.568-0300][gc,metaspace   ] GC(699) Metaspace: 40807K->40807K(1089536K)
[2020-09-08T11:09:03.568-0300][gc,heap        ] GC(699) Heap after GC invocations=700 (full 1): garbage-first heap   total 109568K, used 72806K [0x0000000083000000, 0x0000000100000000)
[2020-09-08T11:09:03.568-0300][gc,heap        ] GC(699)   region size 1024K, 2 young (2048K), 2 survivors (2048K)
[2020-09-08T11:09:03.568-0300][gc,heap        ] GC(699)  Metaspace       used 40807K, capacity 42831K, committed 46720K, reserved 1089536K
[2020-09-08T11:09:03.568-0300][gc,heap        ] GC(699)   class space    used 4082K, capacity 4757K, committed 6016K, reserved 1048576K
[2020-09-08T11:09:03.568-0300][gc             ] GC(699) Pause Young (Normal) (G1 Evacuation Pause) 90M->71M(107M) 14.121ms
[2020-09-08T11:09:03.569-0300][gc,cpu         ] GC(699) User=0.05s Sys=0.00s Real=0.01s
[2020-09-08T11:09:12.440-0300][gc,heap        ] GC(700) Heap before GC invocations=700 (full 1): garbage-first heap   total 109568K, used 92262K [0x0000000083000000, 0x0000000100000000)
[2020-09-08T11:09:12.440-0300][gc,heap        ] GC(700)   region size 1024K, 22 young (22528K), 2 survivors (2048K)
[2020-09-08T11:09:12.440-0300][gc,heap        ] GC(700)  Metaspace       used 40807K, capacity 42831K, committed 46720K, reserved 1089536K
[2020-09-08T11:09:12.440-0300][gc,heap        ] GC(700)   class space    used 4082K, capacity 4757K, committed 6016K, reserved 1048576K
[2020-09-08T11:09:12.440-0300][gc,start       ] GC(700) Pause Young (Normal) (G1 Evacuation Pause)
[2020-09-08T11:09:12.440-0300][gc,task        ] GC(700) Using 4 workers of 4 for evacuation
[2020-09-08T11:09:12.451-0300][gc,phases      ] GC(700)   Pre Evacuate Collection Set: 0.0ms
[2020-09-08T11:09:12.451-0300][gc,phases      ] GC(700)   Evacuate Collection Set: 8.3ms
[2020-09-08T11:09:12.451-0300][gc,phases      ] GC(700)   Post Evacuate Collection Set: 1.4ms
[2020-09-08T11:09:12.451-0300][gc,phases      ] GC(700)   Other: 1.4ms
[2020-09-08T11:09:12.451-0300][gc,heap        ] GC(700) Eden regions: 20->0(19)
[2020-09-08T11:09:12.451-0300][gc,heap        ] GC(700) Survivor regions: 2->2(3)
[2020-09-08T11:09:12.451-0300][gc,heap        ] GC(700) Old regions: 67->68
[2020-09-08T11:09:12.451-0300][gc,heap        ] GC(700) Humongous regions: 4->4
[2020-09-08T11:09:12.452-0300][gc,metaspace   ] GC(700) Metaspace: 40807K->40807K(1089536K)
[2020-09-08T11:09:12.452-0300][gc,heap        ] GC(700) Heap after GC invocations=701 (full 1): garbage-first heap   total 109568K, used 72610K [0x0000000083000000, 0x0000000100000000)
[2020-09-08T11:09:12.452-0300][gc,heap        ] GC(700)   region size 1024K, 2 young (2048K), 2 survivors (2048K)
[2020-09-08T11:09:12.452-0300][gc,heap        ] GC(700)  Metaspace       used 40807K, capacity 42831K, committed 46720K, reserved 1089536K
[2020-09-08T11:09:12.452-0300][gc,heap        ] GC(700)   class space    used 4082K, capacity 4757K, committed 6016K, reserved 1048576K
[2020-09-08T11:09:12.452-0300][gc             ] GC(700) Pause Young (Normal) (G1 Evacuation Pause) 91M->70M(107M) 11.730ms
[2020-09-08T11:09:12.452-0300][gc,cpu         ] GC(700) User=0.03s Sys=0.00s Real=0.02s
[2020-09-08T11:09:26.379-0300][gc,heap        ] GC(701) Heap before GC invocations=701 (full 1): garbage-first heap   total 109568K, used 91042K [0x0000000083000000, 0x0000000100000000)
[2020-09-08T11:09:26.379-0300][gc,heap        ] GC(701)   region size 1024K, 21 young (21504K), 2 survivors (2048K)
[2020-09-08T11:09:26.379-0300][gc,heap        ] GC(701)  Metaspace       used 40809K, capacity 42831K, committed 46720K, reserved 1089536K
[2020-09-08T11:09:26.379-0300][gc,heap        ] GC(701)   class space    used 4082K, capacity 4757K, committed 6016K, reserved 1048576K
[2020-09-08T11:09:26.380-0300][gc,start       ] GC(701) Pause Young (Normal) (G1 Evacuation Pause)
[2020-09-08T11:09:26.380-0300][gc,task        ] GC(701) Using 4 workers of 4 for evacuation
[2020-09-08T11:09:26.390-0300][gc,phases      ] GC(701)   Pre Evacuate Collection Set: 0.0ms
[2020-09-08T11:09:26.390-0300][gc,phases      ] GC(701)   Evacuate Collection Set: 7.2ms
[2020-09-08T11:09:26.390-0300][gc,phases      ] GC(701)   Post Evacuate Collection Set: 1.9ms
[2020-09-08T11:09:26.390-0300][gc,phases      ] GC(701)   Other: 1.4ms
[2020-09-08T11:09:26.390-0300][gc,heap        ] GC(701) Eden regions: 19->0(19)
[2020-09-08T11:09:26.390-0300][gc,heap        ] GC(701) Survivor regions: 2->2(3)
[2020-09-08T11:09:26.390-0300][gc,heap        ] GC(701) Old regions: 68->68
[2020-09-08T11:09:26.390-0300][gc,heap        ] GC(701) Humongous regions: 4->4
[2020-09-08T11:09:26.390-0300][gc,metaspace   ] GC(701) Metaspace: 40809K->40809K(1089536K)
[2020-09-08T11:09:26.390-0300][gc,heap        ] GC(701) Heap after GC invocations=702 (full 1): garbage-first heap   total 109568K, used 72738K [0x0000000083000000, 0x0000000100000000)
[2020-09-08T11:09:26.390-0300][gc,heap        ] GC(701)   region size 1024K, 2 young (2048K), 2 survivors (2048K)
[2020-09-08T11:09:26.390-0300][gc,heap        ] GC(701)  Metaspace       used 40809K, capacity 42831K, committed 46720K, reserved 1089536K
[2020-09-08T11:09:26.390-0300][gc,heap        ] GC(701)   class space    used 4082K, capacity 4757K, committed 6016K, reserved 1048576K
[2020-09-08T11:09:26.391-0300][gc             ] GC(701) Pause Young (Normal) (G1 Evacuation Pause) 89M->71M(107M) 10.903ms
[2020-09-08T11:09:26.391-0300][gc,cpu         ] GC(701) User=0.03s Sys=0.00s Real=0.02s
[2020-09-08T11:09:44.274-0300][gc,heap        ] GC(702) Heap before GC invocations=702 (full 1): garbage-first heap   total 109568K, used 91170K [0x0000000083000000, 0x0000000100000000)
[2020-09-08T11:09:44.274-0300][gc,heap        ] GC(702)   region size 1024K, 21 young (21504K), 2 survivors (2048K)
[2020-09-08T11:09:44.274-0300][gc,heap        ] GC(702)  Metaspace       used 40814K, capacity 42831K, committed 46720K, reserved 1089536K
[2020-09-08T11:09:44.275-0300][gc,heap        ] GC(702)   class space    used 4082K, capacity 4757K, committed 6016K, reserved 1048576K
[2020-09-08T11:09:44.275-0300][gc,start       ] GC(702) Pause Young (Normal) (G1 Evacuation Pause)
[2020-09-08T11:09:44.275-0300][gc,task        ] GC(702) Using 4 workers of 4 for evacuation
[2020-09-08T11:09:44.294-0300][gc,phases      ] GC(702)   Pre Evacuate Collection Set: 0.1ms
[2020-09-08T11:09:44.294-0300][gc,phases      ] GC(702)   Evacuate Collection Set: 15.9ms
[2020-09-08T11:09:44.294-0300][gc,phases      ] GC(702)   Post Evacuate Collection Set: 2.3ms
[2020-09-08T11:09:44.294-0300][gc,phases      ] GC(702)   Other: 1.3ms
[2020-09-08T11:09:44.294-0300][gc,heap        ] GC(702) Eden regions: 19->0(19)
[2020-09-08T11:09:44.294-0300][gc,heap        ] GC(702) Survivor regions: 2->2(3)
[2020-09-08T11:09:44.294-0300][gc,heap        ] GC(702) Old regions: 68->68
[2020-09-08T11:09:44.294-0300][gc,heap        ] GC(702) Humongous regions: 4->4
[2020-09-08T11:09:44.294-0300][gc,metaspace   ] GC(702) Metaspace: 40814K->40814K(1089536K)
[2020-09-08T11:09:44.294-0300][gc,heap        ] GC(702) Heap after GC invocations=703 (full 1): garbage-first heap   total 109568K, used 72971K [0x0000000083000000, 0x0000000100000000)
[2020-09-08T11:09:44.295-0300][gc,heap        ] GC(702)   region size 1024K, 2 young (2048K), 2 survivors (2048K)
[2020-09-08T11:09:44.295-0300][gc,heap        ] GC(702)  Metaspace       used 40814K, capacity 42831K, committed 46720K, reserved 1089536K
[2020-09-08T11:09:44.295-0300][gc,heap        ] GC(702)   class space    used 4082K, capacity 4757K, committed 6016K, reserved 1048576K
[2020-09-08T11:09:44.295-0300][gc             ] GC(702) Pause Young (Normal) (G1 Evacuation Pause) 90M->71M(107M) 19.998ms
[2020-09-08T11:09:44.295-0300][gc,cpu         ] GC(702) User=0.07s Sys=0.00s Real=0.02s
[2020-09-08T11:09:56.369-0300][gc,heap        ] GC(703) Heap before GC invocations=703 (full 1): garbage-first heap   total 109568K, used 91402K [0x0000000083000000, 0x0000000100000000)
[2020-09-08T11:09:56.369-0300][gc,heap        ] GC(703)   region size 1024K, 21 young (21504K), 2 survivors (2048K)
[2020-09-08T11:09:56.370-0300][gc,heap        ] GC(703)  Metaspace       used 40814K, capacity 42831K, committed 46720K, reserved 1089536K
[2020-09-08T11:09:56.370-0300][gc,heap        ] GC(703)   class space    used 4082K, capacity 4757K, committed 6016K, reserved 1048576K
[2020-09-08T11:09:56.370-0300][gc,start       ] GC(703) Pause Young (Normal) (G1 Evacuation Pause)
[2020-09-08T11:09:56.370-0300][gc,task        ] GC(703) Using 4 workers of 4 for evacuation
[2020-09-08T11:09:56.382-0300][gc,phases      ] GC(703)   Pre Evacuate Collection Set: 0.1ms
[2020-09-08T11:09:56.382-0300][gc,phases      ] GC(703)   Evacuate Collection Set: 9.2ms
[2020-09-08T11:09:56.382-0300][gc,phases      ] GC(703)   Post Evacuate Collection Set: 1.8ms
[2020-09-08T11:09:56.382-0300][gc,phases      ] GC(703)   Other: 1.4ms
[2020-09-08T11:09:56.382-0300][gc,heap        ] GC(703) Eden regions: 19->0(19)
[2020-09-08T11:09:56.382-0300][gc,heap        ] GC(703) Survivor regions: 2->2(3)
[2020-09-08T11:09:56.382-0300][gc,heap        ] GC(703) Old regions: 68->68
[2020-09-08T11:09:56.382-0300][gc,heap        ] GC(703) Humongous regions: 4->4
[2020-09-08T11:09:56.382-0300][gc,metaspace   ] GC(703) Metaspace: 40814K->40814K(1089536K)
[2020-09-08T11:09:56.382-0300][gc,heap        ] GC(703) Heap after GC invocations=704 (full 1): garbage-first heap   total 109568K, used 73053K [0x0000000083000000, 0x0000000100000000)
[2020-09-08T11:09:56.382-0300][gc,heap        ] GC(703)   region size 1024K, 2 young (2048K), 2 survivors (2048K)
[2020-09-08T11:09:56.382-0300][gc,heap        ] GC(703)  Metaspace       used 40814K, capacity 42831K, committed 46720K, reserved 1089536K
[2020-09-08T11:09:56.382-0300][gc,heap        ] GC(703)   class space    used 4082K, capacity 4757K, committed 6016K, reserved 1048576K
[2020-09-08T11:09:56.383-0300][gc             ] GC(703) Pause Young (Normal) (G1 Evacuation Pause) 90M->71M(107M) 12.867ms
[2020-09-08T11:09:56.383-0300][gc,cpu         ] GC(703) User=0.04s Sys=0.00s Real=0.02s
[2020-09-08T11:10:06.844-0300][gc,heap        ] GC(704) Heap before GC invocations=704 (full 1): garbage-first heap   total 109568K, used 91485K [0x0000000083000000, 0x0000000100000000)
[2020-09-08T11:10:06.844-0300][gc,heap        ] GC(704)   region size 1024K, 21 young (21504K), 2 survivors (2048K)
[2020-09-08T11:10:06.844-0300][gc,heap        ] GC(704)  Metaspace       used 40814K, capacity 42831K, committed 46720K, reserved 1089536K
[2020-09-08T11:10:06.844-0300][gc,heap        ] GC(704)   class space    used 4082K, capacity 4757K, committed 6016K, reserved 1048576K
[2020-09-08T11:10:06.844-0300][gc,start       ] GC(704) Pause Young (Normal) (G1 Evacuation Pause)
[2020-09-08T11:10:06.844-0300][gc,task        ] GC(704) Using 4 workers of 4 for evacuation
[2020-09-08T11:10:06.856-0300][gc,phases      ] GC(704)   Pre Evacuate Collection Set: 0.0ms
[2020-09-08T11:10:06.856-0300][gc,phases      ] GC(704)   Evacuate Collection Set: 8.5ms
[2020-09-08T11:10:06.856-0300][gc,phases      ] GC(704)   Post Evacuate Collection Set: 2.3ms
[2020-09-08T11:10:06.856-0300][gc,phases      ] GC(704)   Other: 1.3ms
[2020-09-08T11:10:06.856-0300][gc,heap        ] GC(704) Eden regions: 19->0(19)
[2020-09-08T11:10:06.856-0300][gc,heap        ] GC(704) Survivor regions: 2->2(3)
[2020-09-08T11:10:06.856-0300][gc,heap        ] GC(704) Old regions: 68->68
[2020-09-08T11:10:06.856-0300][gc,heap        ] GC(704) Humongous regions: 4->4
[2020-09-08T11:10:06.857-0300][gc,metaspace   ] GC(704) Metaspace: 40814K->40814K(1089536K)
[2020-09-08T11:10:06.857-0300][gc,heap        ] GC(704) Heap after GC invocations=705 (full 1): garbage-first heap   total 109568K, used 73393K [0x0000000083000000, 0x0000000100000000)
[2020-09-08T11:10:06.857-0300][gc,heap        ] GC(704)   region size 1024K, 2 young (2048K), 2 survivors (2048K)
[2020-09-08T11:10:06.857-0300][gc,heap        ] GC(704)  Metaspace       used 40814K, capacity 42831K, committed 46720K, reserved 1089536K
[2020-09-08T11:10:06.857-0300][gc,heap        ] GC(704)   class space    used 4082K, capacity 4757K, committed 6016K, reserved 1048576K
[2020-09-08T11:10:06.857-0300][gc             ] GC(704) Pause Young (Normal) (G1 Evacuation Pause) 90M->71M(107M) 12.564ms
[2020-09-08T11:10:06.857-0300][gc,cpu         ] GC(704) User=0.04s Sys=0.00s Real=0.01s
[2020-09-08T11:10:20.557-0300][gc,heap        ] GC(705) Heap before GC invocations=705 (full 1): garbage-first heap   total 109568K, used 91825K [0x0000000083000000, 0x0000000100000000)
[2020-09-08T11:10:20.557-0300][gc,heap        ] GC(705)   region size 1024K, 21 young (21504K), 2 survivors (2048K)
[2020-09-08T11:10:20.557-0300][gc,heap        ] GC(705)  Metaspace       used 40814K, capacity 42831K, committed 46720K, reserved 1089536K
[2020-09-08T11:10:20.557-0300][gc,heap        ] GC(705)   class space    used 4082K, capacity 4757K, committed 6016K, reserved 1048576K
[2020-09-08T11:10:20.558-0300][gc,start       ] GC(705) Pause Young (Normal) (G1 Evacuation Pause)
[2020-09-08T11:10:20.558-0300][gc,task        ] GC(705) Using 4 workers of 4 for evacuation
[2020-09-08T11:10:20.568-0300][gc,phases      ] GC(705)   Pre Evacuate Collection Set: 0.0ms
[2020-09-08T11:10:20.568-0300][gc,phases      ] GC(705)   Evacuate Collection Set: 8.1ms
[2020-09-08T11:10:20.568-0300][gc,phases      ] GC(705)   Post Evacuate Collection Set: 1.7ms
[2020-09-08T11:10:20.569-0300][gc,phases      ] GC(705)   Other: 1.3ms
[2020-09-08T11:10:20.569-0300][gc,heap        ] GC(705) Eden regions: 19->0(19)
[2020-09-08T11:10:20.569-0300][gc,heap        ] GC(705) Survivor regions: 2->2(3)
[2020-09-08T11:10:20.569-0300][gc,heap        ] GC(705) Old regions: 68->68
[2020-09-08T11:10:20.569-0300][gc,heap        ] GC(705) Humongous regions: 4->4
[2020-09-08T11:10:20.569-0300][gc,metaspace   ] GC(705) Metaspace: 40814K->40814K(1089536K)
[2020-09-08T11:10:20.569-0300][gc,heap        ] GC(705) Heap after GC invocations=706 (full 1): garbage-first heap   total 109568K, used 73253K [0x0000000083000000, 0x0000000100000000)
[2020-09-08T11:10:20.569-0300][gc,heap        ] GC(705)   region size 1024K, 2 young (2048K), 2 survivors (2048K)
[2020-09-08T11:10:20.569-0300][gc,heap        ] GC(705)  Metaspace       used 40814K, capacity 42831K, committed 46720K, reserved 1089536K
[2020-09-08T11:10:20.569-0300][gc,heap        ] GC(705)   class space    used 4082K, capacity 4757K, committed 6016K, reserved 1048576K
[2020-09-08T11:10:20.569-0300][gc             ] GC(705) Pause Young (Normal) (G1 Evacuation Pause) 90M->71M(107M) 11.573ms
[2020-09-08T11:10:20.569-0300][gc,cpu         ] GC(705) User=0.04s Sys=0.00s Real=0.01s
[2020-09-08T11:10:35.564-0300][gc,heap        ] GC(706) Heap before GC invocations=706 (full 1): garbage-first heap   total 109568K, used 91685K [0x0000000083000000, 0x0000000100000000)
[2020-09-08T11:10:35.564-0300][gc,heap        ] GC(706)   region size 1024K, 21 young (21504K), 2 survivors (2048K)
[2020-09-08T11:10:35.564-0300][gc,heap        ] GC(706)  Metaspace       used 40814K, capacity 42831K, committed 46720K, reserved 1089536K
[2020-09-08T11:10:35.565-0300][gc,heap        ] GC(706)   class space    used 4082K, capacity 4757K, committed 6016K, reserved 1048576K
[2020-09-08T11:10:35.565-0300][gc,start       ] GC(706) Pause Young (Normal) (G1 Evacuation Pause)
[2020-09-08T11:10:35.565-0300][gc,task        ] GC(706) Using 4 workers of 4 for evacuation
[2020-09-08T11:10:35.575-0300][gc,phases      ] GC(706)   Pre Evacuate Collection Set: 0.1ms
[2020-09-08T11:10:35.575-0300][gc,phases      ] GC(706)   Evacuate Collection Set: 7.5ms
[2020-09-08T11:10:35.575-0300][gc,phases      ] GC(706)   Post Evacuate Collection Set: 1.5ms
[2020-09-08T11:10:35.575-0300][gc,phases      ] GC(706)   Other: 1.3ms
[2020-09-08T11:10:35.575-0300][gc,heap        ] GC(706) Eden regions: 19->0(19)
[2020-09-08T11:10:35.575-0300][gc,heap        ] GC(706) Survivor regions: 2->2(3)
[2020-09-08T11:10:35.575-0300][gc,heap        ] GC(706) Old regions: 68->68
[2020-09-08T11:10:35.575-0300][gc,heap        ] GC(706) Humongous regions: 4->4
[2020-09-08T11:10:35.575-0300][gc,metaspace   ] GC(706) Metaspace: 40814K->40814K(1089536K)
[2020-09-08T11:10:35.575-0300][gc,heap        ] GC(706) Heap after GC invocations=707 (full 1): garbage-first heap   total 109568K, used 73307K [0x0000000083000000, 0x0000000100000000)
[2020-09-08T11:10:35.575-0300][gc,heap        ] GC(706)   region size 1024K, 2 young (2048K), 2 survivors (2048K)
[2020-09-08T11:10:35.575-0300][gc,heap        ] GC(706)  Metaspace       used 40814K, capacity 42831K, committed 46720K, reserved 1089536K
[2020-09-08T11:10:35.575-0300][gc,heap        ] GC(706)   class space    used 4082K, capacity 4757K, committed 6016K, reserved 1048576K
[2020-09-08T11:10:35.575-0300][gc             ] GC(706) Pause Young (Normal) (G1 Evacuation Pause) 90M->71M(107M) 10.706ms
[2020-09-08T11:10:35.576-0300][gc,cpu         ] GC(706) User=0.03s Sys=0.00s Real=0.01s
[2020-09-08T11:10:55.991-0300][gc,heap        ] GC(707) Heap before GC invocations=707 (full 1): garbage-first heap   total 109568K, used 91739K [0x0000000083000000, 0x0000000100000000)
[2020-09-08T11:10:55.991-0300][gc,heap        ] GC(707)   region size 1024K, 21 young (21504K), 2 survivors (2048K)
[2020-09-08T11:10:55.991-0300][gc,heap        ] GC(707)  Metaspace       used 40814K, capacity 42831K, committed 46720K, reserved 1089536K
[2020-09-08T11:10:55.991-0300][gc,heap        ] GC(707)   class space    used 4082K, capacity 4757K, committed 6016K, reserved 1048576K
[2020-09-08T11:10:55.992-0300][gc,start       ] GC(707) Pause Young (Normal) (G1 Evacuation Pause)
[2020-09-08T11:10:55.992-0300][gc,task        ] GC(707) Using 4 workers of 4 for evacuation
[2020-09-08T11:10:56.002-0300][gc,phases      ] GC(707)   Pre Evacuate Collection Set: 0.0ms
[2020-09-08T11:10:56.002-0300][gc,phases      ] GC(707)   Evacuate Collection Set: 7.3ms
[2020-09-08T11:10:56.002-0300][gc,phases      ] GC(707)   Post Evacuate Collection Set: 1.6ms
[2020-09-08T11:10:56.002-0300][gc,phases      ] GC(707)   Other: 2.2ms
[2020-09-08T11:10:56.002-0300][gc,heap        ] GC(707) Eden regions: 19->0(19)
[2020-09-08T11:10:56.002-0300][gc,heap        ] GC(707) Survivor regions: 2->2(3)
[2020-09-08T11:10:56.002-0300][gc,heap        ] GC(707) Old regions: 68->68
[2020-09-08T11:10:56.002-0300][gc,heap        ] GC(707) Humongous regions: 4->4
[2020-09-08T11:10:56.002-0300][gc,metaspace   ] GC(707) Metaspace: 40814K->40814K(1089536K)
[2020-09-08T11:10:56.002-0300][gc,heap        ] GC(707) Heap after GC invocations=708 (full 1): garbage-first heap   total 109568K, used 73371K [0x0000000083000000, 0x0000000100000000)
[2020-09-08T11:10:56.002-0300][gc,heap        ] GC(707)   region size 1024K, 2 young (2048K), 2 survivors (2048K)
[2020-09-08T11:10:56.002-0300][gc,heap        ] GC(707)  Metaspace       used 40814K, capacity 42831K, committed 46720K, reserved 1089536K
[2020-09-08T11:10:56.002-0300][gc,heap        ] GC(707)   class space    used 4082K, capacity 4757K, committed 6016K, reserved 1048576K
[2020-09-08T11:10:56.003-0300][gc             ] GC(707) Pause Young (Normal) (G1 Evacuation Pause) 90M->71M(107M) 10.590ms
[2020-09-08T11:10:56.003-0300][gc,cpu         ] GC(707) User=0.03s Sys=0.00s Real=0.01s
[2020-09-08T11:11:08.612-0300][gc,heap        ] GC(708) Heap before GC invocations=708 (full 1): garbage-first heap   total 109568K, used 91803K [0x0000000083000000, 0x0000000100000000)
[2020-09-08T11:11:08.612-0300][gc,heap        ] GC(708)   region size 1024K, 21 young (21504K), 2 survivors (2048K)
[2020-09-08T11:11:08.612-0300][gc,heap        ] GC(708)  Metaspace       used 40814K, capacity 42831K, committed 46720K, reserved 1089536K
[2020-09-08T11:11:08.612-0300][gc,heap        ] GC(708)   class space    used 4082K, capacity 4757K, committed 6016K, reserved 1048576K
[2020-09-08T11:11:08.612-0300][gc,start       ] GC(708) Pause Young (Normal) (G1 Evacuation Pause)
[2020-09-08T11:11:08.612-0300][gc,task        ] GC(708) Using 4 workers of 4 for evacuation
[2020-09-08T11:11:08.623-0300][gc,phases      ] GC(708)   Pre Evacuate Collection Set: 0.0ms
[2020-09-08T11:11:08.623-0300][gc,phases      ] GC(708)   Evacuate Collection Set: 8.0ms
[2020-09-08T11:11:08.623-0300][gc,phases      ] GC(708)   Post Evacuate Collection Set: 2.0ms
[2020-09-08T11:11:08.623-0300][gc,phases      ] GC(708)   Other: 1.1ms
[2020-09-08T11:11:08.624-0300][gc,heap        ] GC(708) Eden regions: 19->0(19)
[2020-09-08T11:11:08.624-0300][gc,heap        ] GC(708) Survivor regions: 2->2(3)
[2020-09-08T11:11:08.624-0300][gc,heap        ] GC(708) Old regions: 68->68
[2020-09-08T11:11:08.624-0300][gc,heap        ] GC(708) Humongous regions: 4->4
[2020-09-08T11:11:08.624-0300][gc,metaspace   ] GC(708) Metaspace: 40814K->40814K(1089536K)
[2020-09-08T11:11:08.624-0300][gc,heap        ] GC(708) Heap after GC invocations=709 (full 1): garbage-first heap   total 109568K, used 73323K [0x0000000083000000, 0x0000000100000000)
[2020-09-08T11:11:08.624-0300][gc,heap        ] GC(708)   region size 1024K, 2 young (2048K), 2 survivors (2048K)
[2020-09-08T11:11:08.624-0300][gc,heap        ] GC(708)  Metaspace       used 40814K, capacity 42831K, committed 46720K, reserved 1089536K
[2020-09-08T11:11:08.624-0300][gc,heap        ] GC(708)   class space    used 4082K, capacity 4757K, committed 6016K, reserved 1048576K
[2020-09-08T11:11:08.624-0300][gc             ] GC(708) Pause Young (Normal) (G1 Evacuation Pause) 90M->71M(107M) 11.600ms
[2020-09-08T11:11:08.624-0300][gc,cpu         ] GC(708) User=0.04s Sys=0.00s Real=0.01s
[2020-09-08T11:11:16.276-0300][gc,heap        ] GC(709) Heap before GC invocations=709 (full 1): garbage-first heap   total 109568K, used 91755K [0x0000000083000000, 0x0000000100000000)
[2020-09-08T11:11:16.277-0300][gc,heap        ] GC(709)   region size 1024K, 21 young (21504K), 2 survivors (2048K)
[2020-09-08T11:11:16.277-0300][gc,heap        ] GC(709)  Metaspace       used 40814K, capacity 42831K, committed 46720K, reserved 1089536K
[2020-09-08T11:11:16.277-0300][gc,heap        ] GC(709)   class space    used 4082K, capacity 4757K, committed 6016K, reserved 1048576K
[2020-09-08T11:11:16.277-0300][gc,start       ] GC(709) Pause Young (Normal) (G1 Evacuation Pause)
[2020-09-08T11:11:16.277-0300][gc,task        ] GC(709) Using 4 workers of 4 for evacuation
[2020-09-08T11:11:16.287-0300][gc,phases      ] GC(709)   Pre Evacuate Collection Set: 0.1ms
[2020-09-08T11:11:16.287-0300][gc,phases      ] GC(709)   Evacuate Collection Set: 7.7ms
[2020-09-08T11:11:16.287-0300][gc,phases      ] GC(709)   Post Evacuate Collection Set: 1.5ms
[2020-09-08T11:11:16.287-0300][gc,phases      ] GC(709)   Other: 1.4ms
[2020-09-08T11:11:16.287-0300][gc,heap        ] GC(709) Eden regions: 19->0(19)
[2020-09-08T11:11:16.287-0300][gc,heap        ] GC(709) Survivor regions: 2->2(3)
[2020-09-08T11:11:16.287-0300][gc,heap        ] GC(709) Old regions: 68->68
[2020-09-08T11:11:16.288-0300][gc,heap        ] GC(709) Humongous regions: 4->4
[2020-09-08T11:11:16.288-0300][gc,metaspace   ] GC(709) Metaspace: 40814K->40814K(1089536K)
[2020-09-08T11:11:16.288-0300][gc,heap        ] GC(709) Heap after GC invocations=710 (full 1): garbage-first heap   total 109568K, used 73417K [0x0000000083000000, 0x0000000100000000)
[2020-09-08T11:11:16.288-0300][gc,heap        ] GC(709)   region size 1024K, 2 young (2048K), 2 survivors (2048K)
[2020-09-08T11:11:16.288-0300][gc,heap        ] GC(709)  Metaspace       used 40814K, capacity 42831K, committed 46720K, reserved 1089536K
[2020-09-08T11:11:16.288-0300][gc,heap        ] GC(709)   class space    used 4082K, capacity 4757K, committed 6016K, reserved 1048576K
[2020-09-08T11:11:16.288-0300][gc             ] GC(709) Pause Young (Normal) (G1 Evacuation Pause) 90M->71M(107M) 10.935ms
[2020-09-08T11:11:16.288-0300][gc,cpu         ] GC(709) User=0.03s Sys=0.01s Real=0.01s
[2020-09-08T11:11:20.339-0300][gc,heap        ] GC(710) Heap before GC invocations=710 (full 1): garbage-first heap   total 109568K, used 91849K [0x0000000083000000, 0x0000000100000000)
[2020-09-08T11:11:20.339-0300][gc,heap        ] GC(710)   region size 1024K, 21 young (21504K), 2 survivors (2048K)
[2020-09-08T11:11:20.339-0300][gc,heap        ] GC(710)  Metaspace       used 40814K, capacity 42831K, committed 46720K, reserved 1089536K
[2020-09-08T11:11:20.339-0300][gc,heap        ] GC(710)   class space    used 4082K, capacity 4757K, committed 6016K, reserved 1048576K
[2020-09-08T11:11:20.339-0300][gc,start       ] GC(710) Pause Young (Normal) (G1 Evacuation Pause)
[2020-09-08T11:11:20.339-0300][gc,task        ] GC(710) Using 4 workers of 4 for evacuation
[2020-09-08T11:11:20.353-0300][gc,phases      ] GC(710)   Pre Evacuate Collection Set: 0.0ms
[2020-09-08T11:11:20.353-0300][gc,phases      ] GC(710)   Evacuate Collection Set: 11.3ms
[2020-09-08T11:11:20.354-0300][gc,phases      ] GC(710)   Post Evacuate Collection Set: 2.3ms
[2020-09-08T11:11:20.354-0300][gc,phases      ] GC(710)   Other: 1.2ms
[2020-09-08T11:11:20.354-0300][gc,heap        ] GC(710) Eden regions: 19->0(18)
[2020-09-08T11:11:20.354-0300][gc,heap        ] GC(710) Survivor regions: 2->3(3)
[2020-09-08T11:11:20.354-0300][gc,heap        ] GC(710) Old regions: 68->68
[2020-09-08T11:11:20.354-0300][gc,heap        ] GC(710) Humongous regions: 4->4
[2020-09-08T11:11:20.354-0300][gc,metaspace   ] GC(710) Metaspace: 40814K->40814K(1089536K)
[2020-09-08T11:11:20.354-0300][gc,heap        ] GC(710) Heap after GC invocations=711 (full 1): garbage-first heap   total 109568K, used 73848K [0x0000000083000000, 0x0000000100000000)
[2020-09-08T11:11:20.354-0300][gc,heap        ] GC(710)   region size 1024K, 3 young (3072K), 3 survivors (3072K)
[2020-09-08T11:11:20.354-0300][gc,heap        ] GC(710)  Metaspace       used 40814K, capacity 42831K, committed 46720K, reserved 1089536K
[2020-09-08T11:11:20.354-0300][gc,heap        ] GC(710)   class space    used 4082K, capacity 4757K, committed 6016K, reserved 1048576K
[2020-09-08T11:11:20.354-0300][gc             ] GC(710) Pause Young (Normal) (G1 Evacuation Pause) 90M->72M(107M) 15.137ms
[2020-09-08T11:11:20.354-0300][gc,cpu         ] GC(710) User=0.04s Sys=0.00s Real=0.02s
[2020-09-08T11:11:22.899-0300][gc,heap        ] GC(711) Heap before GC invocations=711 (full 1): garbage-first heap   total 109568K, used 91256K [0x0000000083000000, 0x0000000100000000)
[2020-09-08T11:11:22.899-0300][gc,heap        ] GC(711)   region size 1024K, 21 young (21504K), 3 survivors (3072K)
[2020-09-08T11:11:22.899-0300][gc,heap        ] GC(711)  Metaspace       used 40814K, capacity 42831K, committed 46720K, reserved 1089536K
[2020-09-08T11:11:22.899-0300][gc,heap        ] GC(711)   class space    used 4082K, capacity 4757K, committed 6016K, reserved 1048576K
[2020-09-08T11:11:22.899-0300][gc,start       ] GC(711) Pause Young (Normal) (G1 Evacuation Pause)
[2020-09-08T11:11:22.899-0300][gc,task        ] GC(711) Using 4 workers of 4 for evacuation
[2020-09-08T11:11:22.916-0300][gc,phases      ] GC(711)   Pre Evacuate Collection Set: 0.0ms
[2020-09-08T11:11:22.916-0300][gc,phases      ] GC(711)   Evacuate Collection Set: 14.2ms
[2020-09-08T11:11:22.916-0300][gc,phases      ] GC(711)   Post Evacuate Collection Set: 2.1ms
[2020-09-08T11:11:22.917-0300][gc,phases      ] GC(711)   Other: 1.3ms
[2020-09-08T11:11:22.917-0300][gc,heap        ] GC(711) Eden regions: 18->0(17)
[2020-09-08T11:11:22.917-0300][gc,heap        ] GC(711) Survivor regions: 3->3(3)
[2020-09-08T11:11:22.917-0300][gc,heap        ] GC(711) Old regions: 68->69
[2020-09-08T11:11:22.917-0300][gc,heap        ] GC(711) Humongous regions: 4->4
[2020-09-08T11:11:22.917-0300][gc,metaspace   ] GC(711) Metaspace: 40814K->40814K(1089536K)
[2020-09-08T11:11:22.917-0300][gc,heap        ] GC(711) Heap after GC invocations=712 (full 1): garbage-first heap   total 109568K, used 74901K [0x0000000083000000, 0x0000000100000000)
[2020-09-08T11:11:22.917-0300][gc,heap        ] GC(711)   region size 1024K, 3 young (3072K), 3 survivors (3072K)
[2020-09-08T11:11:22.917-0300][gc,heap        ] GC(711)  Metaspace       used 40814K, capacity 42831K, committed 46720K, reserved 1089536K
[2020-09-08T11:11:22.917-0300][gc,heap        ] GC(711)   class space    used 4082K, capacity 4757K, committed 6016K, reserved 1048576K
[2020-09-08T11:11:22.917-0300][gc             ] GC(711) Pause Young (Normal) (G1 Evacuation Pause) 90M->73M(107M) 18.076ms
[2020-09-08T11:11:22.917-0300][gc,cpu         ] GC(711) User=0.06s Sys=0.00s Real=0.02s
[2020-09-08T11:11:25.901-0300][gc,heap        ] GC(712) Heap before GC invocations=712 (full 1): garbage-first heap   total 109568K, used 91285K [0x0000000083000000, 0x0000000100000000)
[2020-09-08T11:11:25.901-0300][gc,heap        ] GC(712)   region size 1024K, 20 young (20480K), 3 survivors (3072K)
[2020-09-08T11:11:25.901-0300][gc,heap        ] GC(712)  Metaspace       used 40814K, capacity 42831K, committed 46720K, reserved 1089536K
[2020-09-08T11:11:25.902-0300][gc,heap        ] GC(712)   class space    used 4082K, capacity 4757K, committed 6016K, reserved 1048576K
[2020-09-08T11:11:25.902-0300][gc,start       ] GC(712) Pause Young (Normal) (G1 Evacuation Pause)
[2020-09-08T11:11:25.902-0300][gc,task        ] GC(712) Using 4 workers of 4 for evacuation
[2020-09-08T11:11:25.917-0300][gc,phases      ] GC(712)   Pre Evacuate Collection Set: 0.0ms
[2020-09-08T11:11:25.917-0300][gc,phases      ] GC(712)   Evacuate Collection Set: 13.0ms
[2020-09-08T11:11:25.917-0300][gc,phases      ] GC(712)   Post Evacuate Collection Set: 1.4ms
[2020-09-08T11:11:25.917-0300][gc,phases      ] GC(712)   Other: 1.4ms
[2020-09-08T11:11:25.917-0300][gc,heap        ] GC(712) Eden regions: 17->0(17)
[2020-09-08T11:11:25.918-0300][gc,heap        ] GC(712) Survivor regions: 3->2(3)
[2020-09-08T11:11:25.918-0300][gc,heap        ] GC(712) Old regions: 69->70
[2020-09-08T11:11:25.918-0300][gc,heap        ] GC(712) Humongous regions: 4->4
[2020-09-08T11:11:25.918-0300][gc,metaspace   ] GC(712) Metaspace: 40814K->40814K(1089536K)
[2020-09-08T11:11:25.918-0300][gc,heap        ] GC(712) Heap after GC invocations=713 (full 1): garbage-first heap   total 109568K, used 75693K [0x0000000083000000, 0x0000000100000000)
[2020-09-08T11:11:25.918-0300][gc,heap        ] GC(712)   region size 1024K, 2 young (2048K), 2 survivors (2048K)
[2020-09-08T11:11:25.918-0300][gc,heap        ] GC(712)  Metaspace       used 40814K, capacity 42831K, committed 46720K, reserved 1089536K
[2020-09-08T11:11:25.918-0300][gc,heap        ] GC(712)   class space    used 4082K, capacity 4757K, committed 6016K, reserved 1048576K
[2020-09-08T11:11:25.918-0300][gc             ] GC(712) Pause Young (Normal) (G1 Evacuation Pause) 90M->73M(107M) 16.220ms
[2020-09-08T11:11:25.918-0300][gc,cpu         ] GC(712) User=0.05s Sys=0.00s Real=0.01s
[2020-09-08T11:11:29.852-0300][gc,heap        ] GC(713) Heap before GC invocations=713 (full 1): garbage-first heap   total 109568K, used 92077K [0x0000000083000000, 0x0000000100000000)
[2020-09-08T11:11:29.852-0300][gc,heap        ] GC(713)   region size 1024K, 19 young (19456K), 2 survivors (2048K)
[2020-09-08T11:11:29.852-0300][gc,heap        ] GC(713)  Metaspace       used 40814K, capacity 42831K, committed 46720K, reserved 1089536K
[2020-09-08T11:11:29.852-0300][gc,heap        ] GC(713)   class space    used 4082K, capacity 4757K, committed 6016K, reserved 1048576K
[2020-09-08T11:11:29.852-0300][gc,start       ] GC(713) Pause Young (Normal) (G1 Evacuation Pause)
[2020-09-08T11:11:29.852-0300][gc,task        ] GC(713) Using 4 workers of 4 for evacuation
[2020-09-08T11:11:29.874-0300][gc,phases      ] GC(713)   Pre Evacuate Collection Set: 0.0ms
[2020-09-08T11:11:29.874-0300][gc,phases      ] GC(713)   Evacuate Collection Set: 18.9ms
[2020-09-08T11:11:29.874-0300][gc,phases      ] GC(713)   Post Evacuate Collection Set: 2.0ms
[2020-09-08T11:11:29.875-0300][gc,phases      ] GC(713)   Other: 1.6ms
[2020-09-08T11:11:29.875-0300][gc,heap        ] GC(713) Eden regions: 17->0(15)
[2020-09-08T11:11:29.875-0300][gc,heap        ] GC(713) Survivor regions: 2->3(3)
[2020-09-08T11:11:29.875-0300][gc,heap        ] GC(713) Old regions: 70->71
[2020-09-08T11:11:29.875-0300][gc,heap        ] GC(713) Humongous regions: 4->4
[2020-09-08T11:11:29.875-0300][gc,metaspace   ] GC(713) Metaspace: 40814K->40814K(1089536K)
[2020-09-08T11:11:29.875-0300][gc,heap        ] GC(713) Heap after GC invocations=714 (full 1): garbage-first heap   total 109568K, used 77100K [0x0000000083000000, 0x0000000100000000)
[2020-09-08T11:11:29.875-0300][gc,heap        ] GC(713)   region size 1024K, 3 young (3072K), 3 survivors (3072K)
[2020-09-08T11:11:29.875-0300][gc,heap        ] GC(713)  Metaspace       used 40814K, capacity 42831K, committed 46720K, reserved 1089536K
[2020-09-08T11:11:29.875-0300][gc,heap        ] GC(713)   class space    used 4082K, capacity 4757K, committed 6016K, reserved 1048576K
[2020-09-08T11:11:29.875-0300][gc             ] GC(713) Pause Young (Normal) (G1 Evacuation Pause) 90M->75M(107M) 22.881ms
[2020-09-08T11:11:29.875-0300][gc,cpu         ] GC(713) User=0.06s Sys=0.01s Real=0.02s
[2020-09-08T11:11:38.325-0300][gc,heap        ] GC(714) Heap before GC invocations=714 (full 1): garbage-first heap   total 109568K, used 91436K [0x0000000083000000, 0x0000000100000000)
[2020-09-08T11:11:38.325-0300][gc,heap        ] GC(714)   region size 1024K, 18 young (18432K), 3 survivors (3072K)
[2020-09-08T11:11:38.325-0300][gc,heap        ] GC(714)  Metaspace       used 40814K, capacity 42831K, committed 46720K, reserved 1089536K
[2020-09-08T11:11:38.325-0300][gc,heap        ] GC(714)   class space    used 4082K, capacity 4757K, committed 6016K, reserved 1048576K
[2020-09-08T11:11:38.325-0300][gc,start       ] GC(714) Pause Young (Normal) (G1 Evacuation Pause)
[2020-09-08T11:11:38.325-0300][gc,task        ] GC(714) Using 4 workers of 4 for evacuation
[2020-09-08T11:11:38.337-0300][gc,phases      ] GC(714)   Pre Evacuate Collection Set: 0.0ms
[2020-09-08T11:11:38.337-0300][gc,phases      ] GC(714)   Evacuate Collection Set: 9.2ms
[2020-09-08T11:11:38.337-0300][gc,phases      ] GC(714)   Post Evacuate Collection Set: 1.6ms
[2020-09-08T11:11:38.337-0300][gc,phases      ] GC(714)   Other: 1.4ms
[2020-09-08T11:11:38.337-0300][gc,heap        ] GC(714) Eden regions: 15->0(16)
[2020-09-08T11:11:38.337-0300][gc,heap        ] GC(714) Survivor regions: 3->1(3)
[2020-09-08T11:11:38.338-0300][gc,heap        ] GC(714) Old regions: 71->72
[2020-09-08T11:11:38.338-0300][gc,heap        ] GC(714) Humongous regions: 4->4
[2020-09-08T11:11:38.338-0300][gc,metaspace   ] GC(714) Metaspace: 40814K->40814K(1089536K)
[2020-09-08T11:11:38.338-0300][gc,heap        ] GC(714) Heap after GC invocations=715 (full 1): garbage-first heap   total 109568K, used 76405K [0x0000000083000000, 0x0000000100000000)
[2020-09-08T11:11:38.338-0300][gc,heap        ] GC(714)   region size 1024K, 1 young (1024K), 1 survivors (1024K)
[2020-09-08T11:11:38.338-0300][gc,heap        ] GC(714)  Metaspace       used 40814K, capacity 42831K, committed 46720K, reserved 1089536K
[2020-09-08T11:11:38.338-0300][gc,heap        ] GC(714)   class space    used 4082K, capacity 4757K, committed 6016K, reserved 1048576K
[2020-09-08T11:11:38.338-0300][gc             ] GC(714) Pause Young (Normal) (G1 Evacuation Pause) 90M->74M(107M) 12.766ms
[2020-09-08T11:11:38.338-0300][gc,cpu         ] GC(714) User=0.04s Sys=0.01s Real=0.01s
[2020-09-08T11:11:43.487-0300][gc,heap        ] GC(715) Heap before GC invocations=715 (full 1): garbage-first heap   total 109568K, used 91765K [0x0000000083000000, 0x0000000100000000)
[2020-09-08T11:11:43.487-0300][gc,heap        ] GC(715)   region size 1024K, 17 young (17408K), 1 survivors (1024K)
[2020-09-08T11:11:43.487-0300][gc,heap        ] GC(715)  Metaspace       used 40814K, capacity 42831K, committed 46720K, reserved 1089536K
[2020-09-08T11:11:43.487-0300][gc,heap        ] GC(715)   class space    used 4082K, capacity 4757K, committed 6016K, reserved 1048576K
[2020-09-08T11:11:43.487-0300][gc,start       ] GC(715) Pause Young (Normal) (G1 Evacuation Pause)
[2020-09-08T11:11:43.487-0300][gc,task        ] GC(715) Using 4 workers of 4 for evacuation
[2020-09-08T11:11:43.496-0300][gc,phases      ] GC(715)   Pre Evacuate Collection Set: 0.0ms
[2020-09-08T11:11:43.496-0300][gc,phases      ] GC(715)   Evacuate Collection Set: 6.1ms
[2020-09-08T11:11:43.496-0300][gc,phases      ] GC(715)   Post Evacuate Collection Set: 1.4ms
[2020-09-08T11:11:43.496-0300][gc,phases      ] GC(715)   Other: 1.5ms
[2020-09-08T11:11:43.496-0300][gc,heap        ] GC(715) Eden regions: 16->0(16)
[2020-09-08T11:11:43.496-0300][gc,heap        ] GC(715) Survivor regions: 1->1(3)
[2020-09-08T11:11:43.496-0300][gc,heap        ] GC(715) Old regions: 72->72
[2020-09-08T11:11:43.496-0300][gc,heap        ] GC(715) Humongous regions: 4->4
[2020-09-08T11:11:43.496-0300][gc,metaspace   ] GC(715) Metaspace: 40814K->40814K(1089536K)
[2020-09-08T11:11:43.497-0300][gc,heap        ] GC(715) Heap after GC invocations=716 (full 1): garbage-first heap   total 109568K, used 76675K [0x0000000083000000, 0x0000000100000000)
[2020-09-08T11:11:43.497-0300][gc,heap        ] GC(715)   region size 1024K, 1 young (1024K), 1 survivors (1024K)
[2020-09-08T11:11:43.497-0300][gc,heap        ] GC(715)  Metaspace       used 40814K, capacity 42831K, committed 46720K, reserved 1089536K
[2020-09-08T11:11:43.497-0300][gc,heap        ] GC(715)   class space    used 4082K, capacity 4757K, committed 6016K, reserved 1048576K
[2020-09-08T11:11:43.497-0300][gc             ] GC(715) Pause Young (Normal) (G1 Evacuation Pause) 90M->74M(107M) 9.354ms
[2020-09-08T11:11:43.497-0300][gc,cpu         ] GC(715) User=0.03s Sys=0.00s Real=0.01s
[2020-09-08T11:11:47.330-0300][gc,heap        ] GC(716) Heap before GC invocations=716 (full 1): garbage-first heap   total 109568K, used 92035K [0x0000000083000000, 0x0000000100000000)
[2020-09-08T11:11:47.330-0300][gc,heap        ] GC(716)   region size 1024K, 17 young (17408K), 1 survivors (1024K)
[2020-09-08T11:11:47.330-0300][gc,heap        ] GC(716)  Metaspace       used 40814K, capacity 42831K, committed 46720K, reserved 1089536K
[2020-09-08T11:11:47.330-0300][gc,heap        ] GC(716)   class space    used 4082K, capacity 4757K, committed 6016K, reserved 1048576K
[2020-09-08T11:11:47.330-0300][gc,start       ] GC(716) Pause Young (Normal) (G1 Evacuation Pause)
[2020-09-08T11:11:47.330-0300][gc,task        ] GC(716) Using 4 workers of 4 for evacuation
[2020-09-08T11:11:47.341-0300][gc,phases      ] GC(716)   Pre Evacuate Collection Set: 0.0ms
[2020-09-08T11:11:47.341-0300][gc,phases      ] GC(716)   Evacuate Collection Set: 8.3ms
[2020-09-08T11:11:47.341-0300][gc,phases      ] GC(716)   Post Evacuate Collection Set: 1.3ms
[2020-09-08T11:11:47.341-0300][gc,phases      ] GC(716)   Other: 1.6ms
[2020-09-08T11:11:47.341-0300][gc,heap        ] GC(716) Eden regions: 16->0(15)
[2020-09-08T11:11:47.341-0300][gc,heap        ] GC(716) Survivor regions: 1->2(3)
[2020-09-08T11:11:47.341-0300][gc,heap        ] GC(716) Old regions: 72->72
[2020-09-08T11:11:47.341-0300][gc,heap        ] GC(716) Humongous regions: 4->4
[2020-09-08T11:11:47.341-0300][gc,metaspace   ] GC(716) Metaspace: 40814K->40814K(1089536K)
[2020-09-08T11:11:47.341-0300][gc,heap        ] GC(716) Heap after GC invocations=717 (full 1): garbage-first heap   total 109568K, used 77241K [0x0000000083000000, 0x0000000100000000)
[2020-09-08T11:11:47.341-0300][gc,heap        ] GC(716)   region size 1024K, 2 young (2048K), 2 survivors (2048K)
[2020-09-08T11:11:47.342-0300][gc,heap        ] GC(716)  Metaspace       used 40814K, capacity 42831K, committed 46720K, reserved 1089536K
[2020-09-08T11:11:47.342-0300][gc,heap        ] GC(716)   class space    used 4082K, capacity 4757K, committed 6016K, reserved 1048576K
[2020-09-08T11:11:47.342-0300][gc             ] GC(716) Pause Young (Normal) (G1 Evacuation Pause) 90M->75M(107M) 11.558ms
[2020-09-08T11:11:47.342-0300][gc,cpu         ] GC(716) User=0.04s Sys=0.00s Real=0.02s
[2020-09-08T11:11:49.255-0300][gc,heap        ] GC(717) Heap before GC invocations=717 (full 1): garbage-first heap   total 109568K, used 91577K [0x0000000083000000, 0x0000000100000000)
[2020-09-08T11:11:49.255-0300][gc,heap        ] GC(717)   region size 1024K, 17 young (17408K), 2 survivors (2048K)
[2020-09-08T11:11:49.255-0300][gc,heap        ] GC(717)  Metaspace       used 40814K, capacity 42831K, committed 46720K, reserved 1089536K
[2020-09-08T11:11:49.255-0300][gc,heap        ] GC(717)   class space    used 4082K, capacity 4757K, committed 6016K, reserved 1048576K
[2020-09-08T11:11:49.255-0300][gc,start       ] GC(717) Pause Young (Normal) (G1 Evacuation Pause)
[2020-09-08T11:11:49.255-0300][gc,task        ] GC(717) Using 4 workers of 4 for evacuation
[2020-09-08T11:11:49.271-0300][gc,phases      ] GC(717)   Pre Evacuate Collection Set: 0.0ms
[2020-09-08T11:11:49.271-0300][gc,phases      ] GC(717)   Evacuate Collection Set: 12.6ms
[2020-09-08T11:11:49.271-0300][gc,phases      ] GC(717)   Post Evacuate Collection Set: 1.7ms
[2020-09-08T11:11:49.271-0300][gc,phases      ] GC(717)   Other: 1.7ms
[2020-09-08T11:11:49.271-0300][gc,heap        ] GC(717) Eden regions: 15->0(14)
[2020-09-08T11:11:49.271-0300][gc,heap        ] GC(717) Survivor regions: 2->3(3)
[2020-09-08T11:11:49.271-0300][gc,heap        ] GC(717) Old regions: 72->72
[2020-09-08T11:11:49.271-0300][gc,heap        ] GC(717) Humongous regions: 4->4
[2020-09-08T11:11:49.271-0300][gc,metaspace   ] GC(717) Metaspace: 40814K->40814K(1089536K)
[2020-09-08T11:11:49.271-0300][gc,heap        ] GC(717) Heap after GC invocations=718 (full 1): garbage-first heap   total 109568K, used 78014K [0x0000000083000000, 0x0000000100000000)
[2020-09-08T11:11:49.271-0300][gc,heap        ] GC(717)   region size 1024K, 3 young (3072K), 3 survivors (3072K)
[2020-09-08T11:11:49.271-0300][gc,heap        ] GC(717)  Metaspace       used 40814K, capacity 42831K, committed 46720K, reserved 1089536K
[2020-09-08T11:11:49.272-0300][gc,heap        ] GC(717)   class space    used 4082K, capacity 4757K, committed 6016K, reserved 1048576K
[2020-09-08T11:11:49.272-0300][gc             ] GC(717) Pause Young (Normal) (G1 Evacuation Pause) 90M->76M(107M) 16.483ms
[2020-09-08T11:11:49.272-0300][gc,cpu         ] GC(717) User=0.05s Sys=0.00s Real=0.02s
[2020-09-08T11:11:51.295-0300][gc,heap        ] GC(718) Heap before GC invocations=718 (full 1): garbage-first heap   total 109568K, used 91326K [0x0000000083000000, 0x0000000100000000)
[2020-09-08T11:11:51.295-0300][gc,heap        ] GC(718)   region size 1024K, 17 young (17408K), 3 survivors (3072K)
[2020-09-08T11:11:51.295-0300][gc,heap        ] GC(718)  Metaspace       used 40814K, capacity 42831K, committed 46720K, reserved 1089536K
[2020-09-08T11:11:51.295-0300][gc,heap        ] GC(718)   class space    used 4082K, capacity 4757K, committed 6016K, reserved 1048576K
[2020-09-08T11:11:51.296-0300][gc,start       ] GC(718) Pause Young (Normal) (G1 Evacuation Pause)
[2020-09-08T11:11:51.296-0300][gc,task        ] GC(718) Using 4 workers of 4 for evacuation
[2020-09-08T11:11:51.311-0300][gc,phases      ] GC(718)   Pre Evacuate Collection Set: 0.0ms
[2020-09-08T11:11:51.311-0300][gc,phases      ] GC(718)   Evacuate Collection Set: 12.6ms
[2020-09-08T11:11:51.311-0300][gc,phases      ] GC(718)   Post Evacuate Collection Set: 1.6ms
[2020-09-08T11:11:51.311-0300][gc,phases      ] GC(718)   Other: 1.6ms
[2020-09-08T11:11:51.312-0300][gc,heap        ] GC(718) Eden regions: 14->0(13)
[2020-09-08T11:11:51.312-0300][gc,heap        ] GC(718) Survivor regions: 3->3(3)
[2020-09-08T11:11:51.312-0300][gc,heap        ] GC(718) Old regions: 72->73
[2020-09-08T11:11:51.312-0300][gc,heap        ] GC(718) Humongous regions: 4->4
[2020-09-08T11:11:51.312-0300][gc,metaspace   ] GC(718) Metaspace: 40814K->40814K(1089536K)
[2020-09-08T11:11:51.312-0300][gc,heap        ] GC(718) Heap after GC invocations=719 (full 1): garbage-first heap   total 109568K, used 78629K [0x0000000083000000, 0x0000000100000000)
[2020-09-08T11:11:51.312-0300][gc,heap        ] GC(718)   region size 1024K, 3 young (3072K), 3 survivors (3072K)
[2020-09-08T11:11:51.312-0300][gc,heap        ] GC(718)  Metaspace       used 40814K, capacity 42831K, committed 46720K, reserved 1089536K
[2020-09-08T11:11:51.312-0300][gc,heap        ] GC(718)   class space    used 4082K, capacity 4757K, committed 6016K, reserved 1048576K
[2020-09-08T11:11:51.312-0300][gc             ] GC(718) Pause Young (Normal) (G1 Evacuation Pause) 90M->76M(107M) 16.498ms
[2020-09-08T11:11:51.312-0300][gc,cpu         ] GC(718) User=0.05s Sys=0.00s Real=0.02s
[2020-09-08T11:11:52.548-0300][gc,heap        ] GC(719) Heap before GC invocations=719 (full 1): garbage-first heap   total 109568K, used 90917K [0x0000000083000000, 0x0000000100000000)
[2020-09-08T11:11:52.549-0300][gc,heap        ] GC(719)   region size 1024K, 16 young (16384K), 3 survivors (3072K)
[2020-09-08T11:11:52.549-0300][gc,heap        ] GC(719)  Metaspace       used 40814K, capacity 42831K, committed 46720K, reserved 1089536K
[2020-09-08T11:11:52.549-0300][gc,heap        ] GC(719)   class space    used 4082K, capacity 4757K, committed 6016K, reserved 1048576K
[2020-09-08T11:11:52.549-0300][gc,start       ] GC(719) Pause Young (Normal) (G1 Evacuation Pause)
[2020-09-08T11:11:52.549-0300][gc,task        ] GC(719) Using 4 workers of 4 for evacuation
[2020-09-08T11:11:52.569-0300][gc,phases      ] GC(719)   Pre Evacuate Collection Set: 0.0ms
[2020-09-08T11:11:52.569-0300][gc,phases      ] GC(719)   Evacuate Collection Set: 16.2ms
[2020-09-08T11:11:52.569-0300][gc,phases      ] GC(719)   Post Evacuate Collection Set: 2.1ms
[2020-09-08T11:11:52.569-0300][gc,phases      ] GC(719)   Other: 1.8ms
[2020-09-08T11:11:52.569-0300][gc,heap        ] GC(719) Eden regions: 13->0(14)
[2020-09-08T11:11:52.569-0300][gc,heap        ] GC(719) Survivor regions: 3->2(2)
[2020-09-08T11:11:52.569-0300][gc,heap        ] GC(719) Old regions: 73->74
[2020-09-08T11:11:52.569-0300][gc,heap        ] GC(719) Humongous regions: 4->4
[2020-09-08T11:11:52.569-0300][gc,metaspace   ] GC(719) Metaspace: 40814K->40814K(1089536K)
[2020-09-08T11:11:52.569-0300][gc,heap        ] GC(719) Heap after GC invocations=720 (full 1): garbage-first heap   total 109568K, used 79150K [0x0000000083000000, 0x0000000100000000)
[2020-09-08T11:11:52.569-0300][gc,heap        ] GC(719)   region size 1024K, 2 young (2048K), 2 survivors (2048K)
[2020-09-08T11:11:52.569-0300][gc,heap        ] GC(719)  Metaspace       used 40814K, capacity 42831K, committed 46720K, reserved 1089536K
[2020-09-08T11:11:52.569-0300][gc,heap        ] GC(719)   class space    used 4082K, capacity 4757K, committed 6016K, reserved 1048576K
[2020-09-08T11:11:52.569-0300][gc             ] GC(719) Pause Young (Normal) (G1 Evacuation Pause) 89M->77M(107M) 20.465ms
[2020-09-08T11:11:52.570-0300][gc,cpu         ] GC(719) User=0.07s Sys=0.00s Real=0.02s
[2020-09-08T11:11:53.554-0300][gc,heap        ] GC(720) Heap before GC invocations=720 (full 1): garbage-first heap   total 109568K, used 92462K [0x0000000083000000, 0x0000000100000000)
[2020-09-08T11:11:53.554-0300][gc,heap        ] GC(720)   region size 1024K, 16 young (16384K), 2 survivors (2048K)
[2020-09-08T11:11:53.554-0300][gc,heap        ] GC(720)  Metaspace       used 40814K, capacity 42831K, committed 46720K, reserved 1089536K
[2020-09-08T11:11:53.554-0300][gc,heap        ] GC(720)   class space    used 4082K, capacity 4757K, committed 6016K, reserved 1048576K
[2020-09-08T11:11:53.555-0300][gc,start       ] GC(720) Pause Young (Normal) (G1 Evacuation Pause)
[2020-09-08T11:11:53.555-0300][gc,task        ] GC(720) Using 4 workers of 4 for evacuation
[2020-09-08T11:11:53.570-0300][gc,phases      ] GC(720)   Pre Evacuate Collection Set: 0.1ms
[2020-09-08T11:11:53.571-0300][gc,phases      ] GC(720)   Evacuate Collection Set: 12.3ms
[2020-09-08T11:11:53.571-0300][gc,phases      ] GC(720)   Post Evacuate Collection Set: 1.6ms
[2020-09-08T11:11:53.571-0300][gc,phases      ] GC(720)   Other: 2.2ms
[2020-09-08T11:11:53.571-0300][gc,heap        ] GC(720) Eden regions: 14->0(13)
[2020-09-08T11:11:53.571-0300][gc,heap        ] GC(720) Survivor regions: 2->2(2)
[2020-09-08T11:11:53.571-0300][gc,heap        ] GC(720) Old regions: 74->75
[2020-09-08T11:11:53.571-0300][gc,heap        ] GC(720) Humongous regions: 4->4
[2020-09-08T11:11:53.571-0300][gc,metaspace   ] GC(720) Metaspace: 40814K->40814K(1089536K)
[2020-09-08T11:11:53.571-0300][gc,heap        ] GC(720) Heap after GC invocations=721 (full 1): garbage-first heap   total 109568K, used 79852K [0x0000000083000000, 0x0000000100000000)
[2020-09-08T11:11:53.571-0300][gc,heap        ] GC(720)   region size 1024K, 2 young (2048K), 2 survivors (2048K)
[2020-09-08T11:11:53.571-0300][gc,heap        ] GC(720)  Metaspace       used 40814K, capacity 42831K, committed 46720K, reserved 1089536K
[2020-09-08T11:11:53.571-0300][gc,heap        ] GC(720)   class space    used 4082K, capacity 4757K, committed 6016K, reserved 1048576K
[2020-09-08T11:11:53.571-0300][gc             ] GC(720) Pause Young (Normal) (G1 Evacuation Pause) 91M->77M(107M) 16.404ms
[2020-09-08T11:11:53.571-0300][gc,cpu         ] GC(720) User=0.05s Sys=0.00s Real=0.02s
[2020-09-08T11:11:54.978-0300][gc,heap        ] GC(721) Heap before GC invocations=721 (full 1): garbage-first heap   total 109568K, used 93164K [0x0000000083000000, 0x0000000100000000)
[2020-09-08T11:11:54.978-0300][gc,heap        ] GC(721)   region size 1024K, 15 young (15360K), 2 survivors (2048K)
[2020-09-08T11:11:54.978-0300][gc,heap        ] GC(721)  Metaspace       used 40814K, capacity 42831K, committed 46720K, reserved 1089536K
[2020-09-08T11:11:54.978-0300][gc,heap        ] GC(721)   class space    used 4082K, capacity 4757K, committed 6016K, reserved 1048576K
[2020-09-08T11:11:54.979-0300][gc,start       ] GC(721) Pause Young (Normal) (G1 Evacuation Pause)
[2020-09-08T11:11:54.979-0300][gc,task        ] GC(721) Using 4 workers of 4 for evacuation
[2020-09-08T11:11:54.993-0300][gc,phases      ] GC(721)   Pre Evacuate Collection Set: 0.0ms
[2020-09-08T11:11:54.993-0300][gc,phases      ] GC(721)   Evacuate Collection Set: 11.0ms
[2020-09-08T11:11:54.993-0300][gc,phases      ] GC(721)   Post Evacuate Collection Set: 1.7ms
[2020-09-08T11:11:54.993-0300][gc,phases      ] GC(721)   Other: 1.7ms
[2020-09-08T11:11:54.993-0300][gc,heap        ] GC(721) Eden regions: 13->0(12)
[2020-09-08T11:11:54.993-0300][gc,heap        ] GC(721) Survivor regions: 2->2(2)
[2020-09-08T11:11:54.993-0300][gc,heap        ] GC(721) Old regions: 75->75
[2020-09-08T11:11:54.993-0300][gc,heap        ] GC(721) Humongous regions: 4->4
[2020-09-08T11:11:54.993-0300][gc,metaspace   ] GC(721) Metaspace: 40814K->40814K(1089536K)
[2020-09-08T11:11:54.993-0300][gc,heap        ] GC(721) Heap after GC invocations=722 (full 1): garbage-first heap   total 109568K, used 80443K [0x0000000083000000, 0x0000000100000000)
[2020-09-08T11:11:54.993-0300][gc,heap        ] GC(721)   region size 1024K, 2 young (2048K), 2 survivors (2048K)
[2020-09-08T11:11:54.993-0300][gc,heap        ] GC(721)  Metaspace       used 40814K, capacity 42831K, committed 46720K, reserved 1089536K
[2020-09-08T11:11:54.993-0300][gc,heap        ] GC(721)   class space    used 4082K, capacity 4757K, committed 6016K, reserved 1048576K
[2020-09-08T11:11:54.993-0300][gc             ] GC(721) Pause Young (Normal) (G1 Evacuation Pause) 90M->78M(107M) 14.717ms
[2020-09-08T11:11:54.994-0300][gc,cpu         ] GC(721) User=0.04s Sys=0.00s Real=0.02s
[2020-09-08T11:11:56.942-0300][gc,heap        ] GC(722) Heap before GC invocations=722 (full 1): garbage-first heap   total 109568K, used 91707K [0x0000000083000000, 0x0000000100000000)
[2020-09-08T11:11:56.942-0300][gc,heap        ] GC(722)   region size 1024K, 14 young (14336K), 2 survivors (2048K)
[2020-09-08T11:11:56.942-0300][gc,heap        ] GC(722)  Metaspace       used 40814K, capacity 42831K, committed 46720K, reserved 1089536K
[2020-09-08T11:11:56.942-0300][gc,heap        ] GC(722)   class space    used 4082K, capacity 4757K, committed 6016K, reserved 1048576K
[2020-09-08T11:11:56.943-0300][gc,start       ] GC(722) Pause Young (Normal) (G1 Evacuation Pause)
[2020-09-08T11:11:56.943-0300][gc,task        ] GC(722) Using 4 workers of 4 for evacuation
[2020-09-08T11:11:56.958-0300][gc,phases      ] GC(722)   Pre Evacuate Collection Set: 0.0ms
[2020-09-08T11:11:56.958-0300][gc,phases      ] GC(722)   Evacuate Collection Set: 12.8ms
[2020-09-08T11:11:56.958-0300][gc,phases      ] GC(722)   Post Evacuate Collection Set: 1.5ms
[2020-09-08T11:11:56.959-0300][gc,phases      ] GC(722)   Other: 1.9ms
[2020-09-08T11:11:56.959-0300][gc,heap        ] GC(722) Eden regions: 12->0(12)
[2020-09-08T11:11:56.959-0300][gc,heap        ] GC(722) Survivor regions: 2->2(2)
[2020-09-08T11:11:56.959-0300][gc,heap        ] GC(722) Old regions: 75->76
[2020-09-08T11:11:56.959-0300][gc,heap        ] GC(722) Humongous regions: 4->4
[2020-09-08T11:11:56.959-0300][gc,metaspace   ] GC(722) Metaspace: 40814K->40814K(1089536K)
[2020-09-08T11:11:56.959-0300][gc,heap        ] GC(722) Heap after GC invocations=723 (full 1): garbage-first heap   total 109568K, used 81044K [0x0000000083000000, 0x0000000100000000)
[2020-09-08T11:11:56.959-0300][gc,heap        ] GC(722)   region size 1024K, 2 young (2048K), 2 survivors (2048K)
[2020-09-08T11:11:56.959-0300][gc,heap        ] GC(722)  Metaspace       used 40814K, capacity 42831K, committed 46720K, reserved 1089536K
[2020-09-08T11:11:56.959-0300][gc,heap        ] GC(722)   class space    used 4082K, capacity 4757K, committed 6016K, reserved 1048576K
[2020-09-08T11:11:56.959-0300][gc             ] GC(722) Pause Young (Normal) (G1 Evacuation Pause) 90M->79M(107M) 16.542ms
[2020-09-08T11:11:56.959-0300][gc,cpu         ] GC(722) User=0.04s Sys=0.01s Real=0.01s
[2020-09-08T11:11:58.696-0300][gc,heap        ] GC(723) Heap before GC invocations=723 (full 1): garbage-first heap   total 109568K, used 92308K [0x0000000083000000, 0x0000000100000000)
[2020-09-08T11:11:58.696-0300][gc,heap        ] GC(723)   region size 1024K, 14 young (14336K), 2 survivors (2048K)
[2020-09-08T11:11:58.696-0300][gc,heap        ] GC(723)  Metaspace       used 40814K, capacity 42831K, committed 46720K, reserved 1089536K
[2020-09-08T11:11:58.697-0300][gc,heap        ] GC(723)   class space    used 4082K, capacity 4757K, committed 6016K, reserved 1048576K
[2020-09-08T11:11:58.697-0300][gc,start       ] GC(723) Pause Young (Normal) (G1 Evacuation Pause)
[2020-09-08T11:11:58.697-0300][gc,task        ] GC(723) Using 4 workers of 4 for evacuation
[2020-09-08T11:11:58.712-0300][gc,phases      ] GC(723)   Pre Evacuate Collection Set: 0.0ms
[2020-09-08T11:11:58.712-0300][gc,phases      ] GC(723)   Evacuate Collection Set: 11.6ms
[2020-09-08T11:11:58.712-0300][gc,phases      ] GC(723)   Post Evacuate Collection Set: 1.7ms
[2020-09-08T11:11:58.712-0300][gc,phases      ] GC(723)   Other: 1.9ms
[2020-09-08T11:11:58.712-0300][gc,heap        ] GC(723) Eden regions: 12->0(11)
[2020-09-08T11:11:58.712-0300][gc,heap        ] GC(723) Survivor regions: 2->2(2)
[2020-09-08T11:11:58.712-0300][gc,heap        ] GC(723) Old regions: 76->77
[2020-09-08T11:11:58.712-0300][gc,heap        ] GC(723) Humongous regions: 4->4
[2020-09-08T11:11:58.712-0300][gc,metaspace   ] GC(723) Metaspace: 40814K->40814K(1089536K)
[2020-09-08T11:11:58.712-0300][gc,heap        ] GC(723) Heap after GC invocations=724 (full 1): garbage-first heap   total 109568K, used 81626K [0x0000000083000000, 0x0000000100000000)
[2020-09-08T11:11:58.712-0300][gc,heap        ] GC(723)   region size 1024K, 2 young (2048K), 2 survivors (2048K)
[2020-09-08T11:11:58.712-0300][gc,heap        ] GC(723)  Metaspace       used 40814K, capacity 42831K, committed 46720K, reserved 1089536K
[2020-09-08T11:11:58.712-0300][gc,heap        ] GC(723)   class space    used 4082K, capacity 4757K, committed 6016K, reserved 1048576K
[2020-09-08T11:11:58.713-0300][gc             ] GC(723) Pause Young (Normal) (G1 Evacuation Pause) 91M->79M(107M) 15.709ms
[2020-09-08T11:11:58.713-0300][gc,cpu         ] GC(723) User=0.04s Sys=0.00s Real=0.02s
[2020-09-08T11:12:00.030-0300][gc,heap        ] GC(724) Heap before GC invocations=724 (full 1): garbage-first heap   total 109568K, used 92890K [0x0000000083000000, 0x0000000100000000)
[2020-09-08T11:12:00.030-0300][gc,heap        ] GC(724)   region size 1024K, 13 young (13312K), 2 survivors (2048K)
[2020-09-08T11:12:00.030-0300][gc,heap        ] GC(724)  Metaspace       used 40820K, capacity 42831K, committed 46720K, reserved 1089536K
[2020-09-08T11:12:00.030-0300][gc,heap        ] GC(724)   class space    used 4082K, capacity 4757K, committed 6016K, reserved 1048576K
[2020-09-08T11:12:00.031-0300][gc,start       ] GC(724) Pause Young (Normal) (G1 Evacuation Pause)
[2020-09-08T11:12:00.031-0300][gc,task        ] GC(724) Using 4 workers of 4 for evacuation
[2020-09-08T11:12:00.050-0300][gc,phases      ] GC(724)   Pre Evacuate Collection Set: 0.0ms
[2020-09-08T11:12:00.050-0300][gc,phases      ] GC(724)   Evacuate Collection Set: 11.2ms
[2020-09-08T11:12:00.050-0300][gc,phases      ] GC(724)   Post Evacuate Collection Set: 6.9ms
[2020-09-08T11:12:00.051-0300][gc,phases      ] GC(724)   Other: 2.1ms
[2020-09-08T11:12:00.051-0300][gc,heap        ] GC(724) Eden regions: 11->0(12)
[2020-09-08T11:12:00.051-0300][gc,heap        ] GC(724) Survivor regions: 2->1(2)
[2020-09-08T11:12:00.051-0300][gc,heap        ] GC(724) Old regions: 77->77
[2020-09-08T11:12:00.051-0300][gc,heap        ] GC(724) Humongous regions: 4->4
[2020-09-08T11:12:00.051-0300][gc,metaspace   ] GC(724) Metaspace: 40820K->40820K(1089536K)
[2020-09-08T11:12:00.051-0300][gc,heap        ] GC(724) Heap after GC invocations=725 (full 1): garbage-first heap   total 109568K, used 81963K [0x0000000083000000, 0x0000000100000000)
[2020-09-08T11:12:00.051-0300][gc,heap        ] GC(724)   region size 1024K, 1 young (1024K), 1 survivors (1024K)
[2020-09-08T11:12:00.051-0300][gc,heap        ] GC(724)  Metaspace       used 40820K, capacity 42831K, committed 46720K, reserved 1089536K
[2020-09-08T11:12:00.051-0300][gc,heap        ] GC(724)   class space    used 4082K, capacity 4757K, committed 6016K, reserved 1048576K
[2020-09-08T11:12:00.051-0300][gc             ] GC(724) Pause Young (Normal) (G1 Evacuation Pause) 90M->80M(107M) 20.540ms
[2020-09-08T11:12:00.051-0300][gc,cpu         ] GC(724) User=0.05s Sys=0.02s Real=0.03s
