[2020-12-23T00:00:10.122-0400][gc,heap        ] GC(369088) Heap before GC invocations=369064 (full 10679): garbage-first heap   total 73728K, used 58659K [0x0000000083000000, 0x0000000100000000)
[2020-12-23T00:00:10.123-0400][gc,heap        ] GC(369088)   region size 1024K, 11 young (11264K), 1 survivors (1024K)
[2020-12-23T00:00:10.123-0400][gc,heap        ] GC(369088)  Metaspace       used 61001K, capacity 63721K, committed 64768K, reserved 1107968K
[2020-12-23T00:00:10.123-0400][gc,heap        ] GC(369088)   class space    used 5712K, capacity 6559K, committed 6912K, reserved 1048576K
[2020-12-23T00:00:10.123-0400][gc,start       ] GC(369088) Pause Young (Normal) (G1 Evacuation Pause)
[2020-12-23T00:00:10.123-0400][gc,task        ] GC(369088) Using 4 workers of 4 for evacuation
[2020-12-23T00:00:10.129-0400][gc,phases      ] GC(369088)   Pre Evacuate Collection Set: 0.0ms
[2020-12-23T00:00:10.129-0400][gc,phases      ] GC(369088)   Evacuate Collection Set: 4.0ms
[2020-12-23T00:00:10.129-0400][gc,phases      ] GC(369088)   Post Evacuate Collection Set: 1.5ms
[2020-12-23T00:00:10.129-0400][gc,phases      ] GC(369088)   Other: 1.0ms
[2020-12-23T00:00:10.129-0400][gc,heap        ] GC(369088) Eden regions: 10->0(10)
[2020-12-23T00:00:10.129-0400][gc,heap        ] GC(369088) Survivor regions: 1->1(2)
[2020-12-23T00:00:10.129-0400][gc,heap        ] GC(369088) Old regions: 47->47
[2020-12-23T00:00:10.129-0400][gc,heap        ] GC(369088) Humongous regions: 4->4
[2020-12-23T00:00:10.130-0400][gc,metaspace   ] GC(369088) Metaspace: 61001K->61001K(1107968K)
[2020-12-23T00:00:10.130-0400][gc,heap        ] GC(369088) Heap after GC invocations=369065 (full 10679): garbage-first heap   total 73728K, used 49534K [0x0000000083000000, 0x0000000100000000)
[2020-12-23T00:00:10.130-0400][gc,heap        ] GC(369088)   region size 1024K, 1 young (1024K), 1 survivors (1024K)
[2020-12-23T00:00:10.130-0400][gc,heap        ] GC(369088)  Metaspace       used 61001K, capacity 63721K, committed 64768K, reserved 1107968K
[2020-12-23T00:00:10.130-0400][gc,heap        ] GC(369088)   class space    used 5712K, capacity 6559K, committed 6912K, reserved 1048576K
[2020-12-23T00:00:10.130-0400][gc             ] GC(369088) Pause Young (Normal) (G1 Evacuation Pause) 58M->48M(72M) 6.874ms
[2020-12-23T00:00:10.130-0400][gc,cpu         ] GC(369088) User=0.02s Sys=0.00s Real=0.01s
[2020-12-23T00:00:33.877-0400][gc,heap        ] GC(369089) Heap before GC invocations=369065 (full 10679): garbage-first heap   total 73728K, used 58750K [0x0000000083000000, 0x0000000100000000)
[2020-12-23T00:00:33.877-0400][gc,heap        ] GC(369089)   region size 1024K, 11 young (11264K), 1 survivors (1024K)
[2020-12-23T00:00:33.877-0400][gc,heap        ] GC(369089)  Metaspace       used 61001K, capacity 63721K, committed 64768K, reserved 1107968K
[2020-12-23T00:00:33.877-0400][gc,heap        ] GC(369089)   class space    used 5712K, capacity 6559K, committed 6912K, reserved 1048576K
[2020-12-23T00:00:33.878-0400][gc,start       ] GC(369089) Pause Young (Normal) (G1 Evacuation Pause)
[2020-12-23T00:00:33.878-0400][gc,task        ] GC(369089) Using 4 workers of 4 for evacuation
[2020-12-23T00:00:33.884-0400][gc,phases      ] GC(369089)   Pre Evacuate Collection Set: 0.0ms
[2020-12-23T00:00:33.884-0400][gc,phases      ] GC(369089)   Evacuate Collection Set: 4.1ms
[2020-12-23T00:00:33.884-0400][gc,phases      ] GC(369089)   Post Evacuate Collection Set: 1.3ms
[2020-12-23T00:00:33.884-0400][gc,phases      ] GC(369089)   Other: 1.0ms
[2020-12-23T00:00:33.884-0400][gc,heap        ] GC(369089) Eden regions: 10->0(10)
[2020-12-23T00:00:33.884-0400][gc,heap        ] GC(369089) Survivor regions: 1->1(2)
[2020-12-23T00:00:33.884-0400][gc,heap        ] GC(369089) Old regions: 47->47
[2020-12-23T00:00:33.884-0400][gc,heap        ] GC(369089) Humongous regions: 4->4
[2020-12-23T00:00:33.884-0400][gc,metaspace   ] GC(369089) Metaspace: 61001K->61001K(1107968K)
[2020-12-23T00:00:33.884-0400][gc,heap        ] GC(369089) Heap after GC invocations=369066 (full 10679): garbage-first heap   total 73728K, used 49542K [0x0000000083000000, 0x0000000100000000)
[2020-12-23T00:00:33.884-0400][gc,heap        ] GC(369089)   region size 1024K, 1 young (1024K), 1 survivors (1024K)
[2020-12-23T00:00:33.884-0400][gc,heap        ] GC(369089)  Metaspace       used 61001K, capacity 63721K, committed 64768K, reserved 1107968K
[2020-12-23T00:00:33.884-0400][gc,heap        ] GC(369089)   class space    used 5712K, capacity 6559K, committed 6912K, reserved 1048576K
[2020-12-23T00:00:33.884-0400][gc             ] GC(369089) Pause Young (Normal) (G1 Evacuation Pause) 58M->48M(72M) 6.835ms
[2020-12-23T00:00:33.885-0400][gc,cpu         ] GC(369089) User=0.01s Sys=0.01s Real=0.00s
[2020-12-23T00:00:56.286-0400][gc,heap        ] GC(369090) Heap before GC invocations=369066 (full 10679): garbage-first heap   total 73728K, used 58758K [0x0000000083000000, 0x0000000100000000)
[2020-12-23T00:00:56.286-0400][gc,heap        ] GC(369090)   region size 1024K, 11 young (11264K), 1 survivors (1024K)
[2020-12-23T00:00:56.286-0400][gc,heap        ] GC(369090)  Metaspace       used 61001K, capacity 63721K, committed 64768K, reserved 1107968K
[2020-12-23T00:00:56.286-0400][gc,heap        ] GC(369090)   class space    used 5712K, capacity 6559K, committed 6912K, reserved 1048576K
[2020-12-23T00:00:56.286-0400][gc,start       ] GC(369090) Pause Young (Normal) (G1 Evacuation Pause)
[2020-12-23T00:00:56.286-0400][gc,task        ] GC(369090) Using 4 workers of 4 for evacuation
[2020-12-23T00:00:56.293-0400][gc,phases      ] GC(369090)   Pre Evacuate Collection Set: 0.0ms
[2020-12-23T00:00:56.293-0400][gc,phases      ] GC(369090)   Evacuate Collection Set: 4.2ms
[2020-12-23T00:00:56.293-0400][gc,phases      ] GC(369090)   Post Evacuate Collection Set: 1.6ms
[2020-12-23T00:00:56.293-0400][gc,phases      ] GC(369090)   Other: 0.9ms
[2020-12-23T00:00:56.293-0400][gc,heap        ] GC(369090) Eden regions: 10->0(10)
[2020-12-23T00:00:56.293-0400][gc,heap        ] GC(369090) Survivor regions: 1->1(2)
[2020-12-23T00:00:56.293-0400][gc,heap        ] GC(369090) Old regions: 47->47
[2020-12-23T00:00:56.293-0400][gc,heap        ] GC(369090) Humongous regions: 4->4
[2020-12-23T00:00:56.293-0400][gc,metaspace   ] GC(369090) Metaspace: 61001K->61001K(1107968K)
[2020-12-23T00:00:56.293-0400][gc,heap        ] GC(369090) Heap after GC invocations=369067 (full 10679): garbage-first heap   total 73728K, used 49572K [0x0000000083000000, 0x0000000100000000)
[2020-12-23T00:00:56.293-0400][gc,heap        ] GC(369090)   region size 1024K, 1 young (1024K), 1 survivors (1024K)
[2020-12-23T00:00:56.293-0400][gc,heap        ] GC(369090)  Metaspace       used 61001K, capacity 63721K, committed 64768K, reserved 1107968K
[2020-12-23T00:00:56.293-0400][gc,heap        ] GC(369090)   class space    used 5712K, capacity 6559K, committed 6912K, reserved 1048576K
[2020-12-23T00:00:56.293-0400][gc             ] GC(369090) Pause Young (Normal) (G1 Evacuation Pause) 58M->48M(72M) 7.122ms
[2020-12-23T00:00:56.293-0400][gc,cpu         ] GC(369090) User=0.01s Sys=0.01s Real=0.00s
[2020-12-23T00:01:03.877-0400][gc,heap        ] GC(369091) Heap before GC invocations=369067 (full 10679): garbage-first heap   total 73728K, used 58788K [0x0000000083000000, 0x0000000100000000)
[2020-12-23T00:01:03.877-0400][gc,heap        ] GC(369091)   region size 1024K, 11 young (11264K), 1 survivors (1024K)
[2020-12-23T00:01:03.877-0400][gc,heap        ] GC(369091)  Metaspace       used 61001K, capacity 63721K, committed 64768K, reserved 1107968K
[2020-12-23T00:01:03.877-0400][gc,heap        ] GC(369091)   class space    used 5712K, capacity 6559K, committed 6912K, reserved 1048576K
[2020-12-23T00:01:03.877-0400][gc,start       ] GC(369091) Pause Young (Normal) (G1 Evacuation Pause)
[2020-12-23T00:01:03.877-0400][gc,task        ] GC(369091) Using 4 workers of 4 for evacuation
[2020-12-23T00:01:03.885-0400][gc,phases      ] GC(369091)   Pre Evacuate Collection Set: 0.0ms
[2020-12-23T00:01:03.885-0400][gc,phases      ] GC(369091)   Evacuate Collection Set: 4.9ms
[2020-12-23T00:01:03.885-0400][gc,phases      ] GC(369091)   Post Evacuate Collection Set: 1.9ms
[2020-12-23T00:01:03.885-0400][gc,phases      ] GC(369091)   Other: 1.0ms
[2020-12-23T00:01:03.885-0400][gc,heap        ] GC(369091) Eden regions: 10->0(10)
[2020-12-23T00:01:03.885-0400][gc,heap        ] GC(369091) Survivor regions: 1->1(2)
[2020-12-23T00:01:03.885-0400][gc,heap        ] GC(369091) Old regions: 47->47
[2020-12-23T00:01:03.885-0400][gc,heap        ] GC(369091) Humongous regions: 4->4
[2020-12-23T00:01:03.885-0400][gc,metaspace   ] GC(369091) Metaspace: 61001K->61001K(1107968K)
[2020-12-23T00:01:03.885-0400][gc,heap        ] GC(369091) Heap after GC invocations=369068 (full 10679): garbage-first heap   total 73728K, used 49768K [0x0000000083000000, 0x0000000100000000)
[2020-12-23T00:01:03.885-0400][gc,heap        ] GC(369091)   region size 1024K, 1 young (1024K), 1 survivors (1024K)
[2020-12-23T00:01:03.885-0400][gc,heap        ] GC(369091)  Metaspace       used 61001K, capacity 63721K, committed 64768K, reserved 1107968K
[2020-12-23T00:01:03.885-0400][gc,heap        ] GC(369091)   class space    used 5712K, capacity 6559K, committed 6912K, reserved 1048576K
[2020-12-23T00:01:03.885-0400][gc             ] GC(369091) Pause Young (Normal) (G1 Evacuation Pause) 58M->48M(72M) 8.327ms
[2020-12-23T00:01:03.886-0400][gc,cpu         ] GC(369091) User=0.01s Sys=0.01s Real=0.00s
[2020-12-23T00:01:18.674-0400][gc,heap        ] GC(369092) Heap before GC invocations=369068 (full 10679): garbage-first heap   total 73728K, used 58984K [0x0000000083000000, 0x0000000100000000)
[2020-12-23T00:01:18.674-0400][gc,heap        ] GC(369092)   region size 1024K, 11 young (11264K), 1 survivors (1024K)
[2020-12-23T00:01:18.674-0400][gc,heap        ] GC(369092)  Metaspace       used 61001K, capacity 63721K, committed 64768K, reserved 1107968K
[2020-12-23T00:01:18.674-0400][gc,heap        ] GC(369092)   class space    used 5712K, capacity 6559K, committed 6912K, reserved 1048576K
[2020-12-23T00:01:18.674-0400][gc,start       ] GC(369092) Pause Young (Normal) (G1 Evacuation Pause)
[2020-12-23T00:01:18.674-0400][gc,task        ] GC(369092) Using 4 workers of 4 for evacuation
[2020-12-23T00:01:18.680-0400][gc,phases      ] GC(369092)   Pre Evacuate Collection Set: 0.0ms
[2020-12-23T00:01:18.680-0400][gc,phases      ] GC(369092)   Evacuate Collection Set: 4.2ms
[2020-12-23T00:01:18.680-0400][gc,phases      ] GC(369092)   Post Evacuate Collection Set: 1.4ms
[2020-12-23T00:01:18.681-0400][gc,phases      ] GC(369092)   Other: 1.0ms
[2020-12-23T00:01:18.681-0400][gc,heap        ] GC(369092) Eden regions: 10->0(9)
[2020-12-23T00:01:18.681-0400][gc,heap        ] GC(369092) Survivor regions: 1->1(2)
[2020-12-23T00:01:18.681-0400][gc,heap        ] GC(369092) Old regions: 47->48
[2020-12-23T00:01:18.681-0400][gc,heap        ] GC(369092) Humongous regions: 4->4
[2020-12-23T00:01:18.681-0400][gc,metaspace   ] GC(369092) Metaspace: 61001K->61001K(1107968K)
[2020-12-23T00:01:18.681-0400][gc,heap        ] GC(369092) Heap after GC invocations=369069 (full 10679): garbage-first heap   total 73728K, used 49591K [0x0000000083000000, 0x0000000100000000)
[2020-12-23T00:01:18.681-0400][gc,heap        ] GC(369092)   region size 1024K, 1 young (1024K), 1 survivors (1024K)
[2020-12-23T00:01:18.681-0400][gc,heap        ] GC(369092)  Metaspace       used 61001K, capacity 63721K, committed 64768K, reserved 1107968K
[2020-12-23T00:01:18.681-0400][gc,heap        ] GC(369092)   class space    used 5712K, capacity 6559K, committed 6912K, reserved 1048576K
[2020-12-23T00:01:18.681-0400][gc             ] GC(369092) Pause Young (Normal) (G1 Evacuation Pause) 58M->48M(72M) 6.886ms
[2020-12-23T00:01:18.681-0400][gc,cpu         ] GC(369092) User=0.00s Sys=0.02s Real=0.01s
[2020-12-23T00:01:47.439-0400][gc,heap        ] GC(369093) Heap before GC invocations=369069 (full 10679): garbage-first heap   total 73728K, used 57783K [0x0000000083000000, 0x0000000100000000)
[2020-12-23T00:01:47.440-0400][gc,heap        ] GC(369093)   region size 1024K, 10 young (10240K), 1 survivors (1024K)
[2020-12-23T00:01:47.440-0400][gc,heap        ] GC(369093)  Metaspace       used 61001K, capacity 63721K, committed 64768K, reserved 1107968K
[2020-12-23T00:01:47.440-0400][gc,heap        ] GC(369093)   class space    used 5712K, capacity 6559K, committed 6912K, reserved 1048576K
[2020-12-23T00:01:47.440-0400][gc,start       ] GC(369093) Pause Young (Normal) (G1 Evacuation Pause)
[2020-12-23T00:01:47.440-0400][gc,task        ] GC(369093) Using 4 workers of 4 for evacuation
[2020-12-23T00:01:47.446-0400][gc,phases      ] GC(369093)   Pre Evacuate Collection Set: 0.0ms
[2020-12-23T00:01:47.447-0400][gc,phases      ] GC(369093)   Evacuate Collection Set: 4.3ms
[2020-12-23T00:01:47.447-0400][gc,phases      ] GC(369093)   Post Evacuate Collection Set: 1.6ms
[2020-12-23T00:01:47.447-0400][gc,phases      ] GC(369093)   Other: 1.3ms
[2020-12-23T00:01:47.447-0400][gc,heap        ] GC(369093) Eden regions: 9->0(9)
[2020-12-23T00:01:47.447-0400][gc,heap        ] GC(369093) Survivor regions: 1->1(2)
[2020-12-23T00:01:47.447-0400][gc,heap        ] GC(369093) Old regions: 48->48
[2020-12-23T00:01:47.447-0400][gc,heap        ] GC(369093) Humongous regions: 4->4
[2020-12-23T00:01:47.447-0400][gc,metaspace   ] GC(369093) Metaspace: 61001K->61001K(1107968K)
[2020-12-23T00:01:47.447-0400][gc,heap        ] GC(369093) Heap after GC invocations=369070 (full 10679): garbage-first heap   total 73728K, used 49553K [0x0000000083000000, 0x0000000100000000)
[2020-12-23T00:01:47.447-0400][gc,heap        ] GC(369093)   region size 1024K, 1 young (1024K), 1 survivors (1024K)
[2020-12-23T00:01:47.447-0400][gc,heap        ] GC(369093)  Metaspace       used 61001K, capacity 63721K, committed 64768K, reserved 1107968K
[2020-12-23T00:01:47.447-0400][gc,heap        ] GC(369093)   class space    used 5712K, capacity 6559K, committed 6912K, reserved 1048576K
[2020-12-23T00:01:47.447-0400][gc             ] GC(369093) Pause Young (Normal) (G1 Evacuation Pause) 57M->48M(72M) 7.398ms
[2020-12-23T00:01:47.448-0400][gc,cpu         ] GC(369093) User=0.02s Sys=0.00s Real=0.01s
[2020-12-23T00:01:50.924-0400][gc,task        ] GC(369094) Using 3 workers of 4 for full compaction
[2020-12-23T00:01:50.924-0400][gc,start       ] GC(369094) Pause Full (System.gc())
[2020-12-23T00:01:50.924-0400][gc,heap        ] GC(369094) Heap before GC invocations=369070 (full 10679): garbage-first heap   total 73728K, used 52625K [0x0000000083000000, 0x0000000100000000)
[2020-12-23T00:01:50.924-0400][gc,heap        ] GC(369094)   region size 1024K, 5 young (5120K), 1 survivors (1024K)
[2020-12-23T00:01:50.924-0400][gc,heap        ] GC(369094)  Metaspace       used 61001K, capacity 63721K, committed 64768K, reserved 1107968K
[2020-12-23T00:01:50.924-0400][gc,heap        ] GC(369094)   class space    used 5712K, capacity 6559K, committed 6912K, reserved 1048576K
[2020-12-23T00:01:50.927-0400][gc,phases,start] GC(369094) Phase 1: Mark live objects
[2020-12-23T00:01:51.070-0400][gc,stringtable ] GC(369094) Cleaned string and symbol table, strings: 32200 processed, 0 removed, symbols: 131451 processed, 0 removed
[2020-12-23T00:01:51.070-0400][gc,phases      ] GC(369094) Phase 1: Mark live objects 142.807ms
[2020-12-23T00:01:51.070-0400][gc,phases,start] GC(369094) Phase 2: Prepare for compaction
[2020-12-23T00:01:51.100-0400][gc,phases      ] GC(369094) Phase 2: Prepare for compaction 29.806ms
[2020-12-23T00:01:51.100-0400][gc,phases,start] GC(369094) Phase 3: Adjust pointers
[2020-12-23T00:01:51.180-0400][gc,phases      ] GC(369094) Phase 3: Adjust pointers 80.432ms
[2020-12-23T00:01:51.180-0400][gc,phases,start] GC(369094) Phase 4: Compact heap
[2020-12-23T00:01:51.206-0400][gc,phases      ] GC(369094) Phase 4: Compact heap 25.203ms
[2020-12-23T00:01:51.242-0400][gc,heap        ] GC(369094) Eden regions: 4->0(11)
[2020-12-23T00:01:51.242-0400][gc,heap        ] GC(369094) Survivor regions: 1->0(2)
[2020-12-23T00:01:51.242-0400][gc,heap        ] GC(369094) Old regions: 48->46
[2020-12-23T00:01:51.242-0400][gc,heap        ] GC(369094) Humongous regions: 4->4
[2020-12-23T00:01:51.242-0400][gc,metaspace   ] GC(369094) Metaspace: 61001K->61001K(1107968K)
[2020-12-23T00:01:51.242-0400][gc,heap        ] GC(369094) Heap after GC invocations=369071 (full 10680): garbage-first heap   total 73728K, used 48998K [0x0000000083000000, 0x0000000100000000)
[2020-12-23T00:01:51.242-0400][gc,heap        ] GC(369094)   region size 1024K, 0 young (0K), 0 survivors (0K)
[2020-12-23T00:01:51.242-0400][gc,heap        ] GC(369094)  Metaspace       used 61001K, capacity 63721K, committed 64768K, reserved 1107968K
[2020-12-23T00:01:51.242-0400][gc,heap        ] GC(369094)   class space    used 5712K, capacity 6559K, committed 6912K, reserved 1048576K
[2020-12-23T00:01:51.242-0400][gc             ] GC(369094) Pause Full (System.gc()) 52M->47M(72M) 318.336ms
[2020-12-23T00:01:51.243-0400][gc,cpu         ] GC(369094) User=0.84s Sys=0.00s Real=0.32s
[2020-12-23T00:02:09.078-0400][gc,heap        ] GC(369095) Heap before GC invocations=369071 (full 10680): garbage-first heap   total 73728K, used 59238K [0x0000000083000000, 0x0000000100000000)
[2020-12-23T00:02:09.078-0400][gc,heap        ] GC(369095)   region size 1024K, 11 young (11264K), 0 survivors (0K)
[2020-12-23T00:02:09.078-0400][gc,heap        ] GC(369095)  Metaspace       used 61001K, capacity 63721K, committed 64768K, reserved 1107968K
[2020-12-23T00:02:09.078-0400][gc,heap        ] GC(369095)   class space    used 5712K, capacity 6559K, committed 6912K, reserved 1048576K
[2020-12-23T00:02:09.078-0400][gc,start       ] GC(369095) Pause Young (Normal) (G1 Evacuation Pause)
[2020-12-23T00:02:09.078-0400][gc,task        ] GC(369095) Using 4 workers of 4 for evacuation
[2020-12-23T00:02:09.084-0400][gc,phases      ] GC(369095)   Pre Evacuate Collection Set: 0.0ms
[2020-12-23T00:02:09.084-0400][gc,phases      ] GC(369095)   Evacuate Collection Set: 3.2ms
[2020-12-23T00:02:09.084-0400][gc,phases      ] GC(369095)   Post Evacuate Collection Set: 1.7ms
[2020-12-23T00:02:09.084-0400][gc,phases      ] GC(369095)   Other: 1.0ms
[2020-12-23T00:02:09.084-0400][gc,heap        ] GC(369095) Eden regions: 11->0(10)
[2020-12-23T00:02:09.084-0400][gc,heap        ] GC(369095) Survivor regions: 0->1(2)
[2020-12-23T00:02:09.084-0400][gc,heap        ] GC(369095) Old regions: 46->46
[2020-12-23T00:02:09.084-0400][gc,heap        ] GC(369095) Humongous regions: 4->4
[2020-12-23T00:02:09.084-0400][gc,metaspace   ] GC(369095) Metaspace: 61001K->61001K(1107968K)
[2020-12-23T00:02:09.084-0400][gc,heap        ] GC(369095) Heap after GC invocations=369072 (full 10680): garbage-first heap   total 73728K, used 49314K [0x0000000083000000, 0x0000000100000000)
[2020-12-23T00:02:09.084-0400][gc,heap        ] GC(369095)   region size 1024K, 1 young (1024K), 1 survivors (1024K)
[2020-12-23T00:02:09.085-0400][gc,heap        ] GC(369095)  Metaspace       used 61001K, capacity 63721K, committed 64768K, reserved 1107968K
[2020-12-23T00:02:09.085-0400][gc,heap        ] GC(369095)   class space    used 5712K, capacity 6559K, committed 6912K, reserved 1048576K
[2020-12-23T00:02:09.085-0400][gc             ] GC(369095) Pause Young (Normal) (G1 Evacuation Pause) 58M->48M(72M) 6.285ms
[2020-12-23T00:02:09.085-0400][gc,cpu         ] GC(369095) User=0.01s Sys=0.01s Real=0.00s
[2020-12-23T00:02:51.163-0400][gc,heap        ] GC(369096) Heap before GC invocations=369072 (full 10680): garbage-first heap   total 73728K, used 58530K [0x0000000083000000, 0x0000000100000000)
[2020-12-23T00:02:51.163-0400][gc,heap        ] GC(369096)   region size 1024K, 11 young (11264K), 1 survivors (1024K)
[2020-12-23T00:02:51.163-0400][gc,heap        ] GC(369096)  Metaspace       used 61001K, capacity 63721K, committed 64768K, reserved 1107968K
[2020-12-23T00:02:51.163-0400][gc,heap        ] GC(369096)   class space    used 5712K, capacity 6559K, committed 6912K, reserved 1048576K
[2020-12-23T00:02:51.164-0400][gc,start       ] GC(369096) Pause Young (Normal) (G1 Evacuation Pause)
[2020-12-23T00:02:51.164-0400][gc,task        ] GC(369096) Using 4 workers of 4 for evacuation
[2020-12-23T00:02:51.169-0400][gc,phases      ] GC(369096)   Pre Evacuate Collection Set: 0.0ms
[2020-12-23T00:02:51.169-0400][gc,phases      ] GC(369096)   Evacuate Collection Set: 3.1ms
[2020-12-23T00:02:51.169-0400][gc,phases      ] GC(369096)   Post Evacuate Collection Set: 1.9ms
[2020-12-23T00:02:51.170-0400][gc,phases      ] GC(369096)   Other: 1.0ms
[2020-12-23T00:02:51.170-0400][gc,heap        ] GC(369096) Eden regions: 10->0(11)
[2020-12-23T00:02:51.170-0400][gc,heap        ] GC(369096) Survivor regions: 1->1(2)
[2020-12-23T00:02:51.170-0400][gc,heap        ] GC(369096) Old regions: 46->46
[2020-12-23T00:02:51.170-0400][gc,heap        ] GC(369096) Humongous regions: 4->4
[2020-12-23T00:02:51.170-0400][gc,metaspace   ] GC(369096) Metaspace: 61001K->61001K(1107968K)
[2020-12-23T00:02:51.170-0400][gc,heap        ] GC(369096) Heap after GC invocations=369073 (full 10680): garbage-first heap   total 73728K, used 49286K [0x0000000083000000, 0x0000000100000000)
[2020-12-23T00:02:51.170-0400][gc,heap        ] GC(369096)   region size 1024K, 1 young (1024K), 1 survivors (1024K)
[2020-12-23T00:02:51.170-0400][gc,heap        ] GC(369096)  Metaspace       used 61001K, capacity 63721K, committed 64768K, reserved 1107968K
[2020-12-23T00:02:51.170-0400][gc,heap        ] GC(369096)   class space    used 5712K, capacity 6559K, committed 6912K, reserved 1048576K
[2020-12-23T00:02:51.170-0400][gc             ] GC(369096) Pause Young (Normal) (G1 Evacuation Pause) 58M->48M(72M) 6.538ms
[2020-12-23T00:02:51.170-0400][gc,cpu         ] GC(369096) User=0.02s Sys=0.00s Real=0.01s
[2020-12-23T00:03:08.690-0400][gc,heap        ] GC(369097) Heap before GC invocations=369073 (full 10680): garbage-first heap   total 73728K, used 59526K [0x0000000083000000, 0x0000000100000000)
[2020-12-23T00:03:08.690-0400][gc,heap        ] GC(369097)   region size 1024K, 12 young (12288K), 1 survivors (1024K)
[2020-12-23T00:03:08.690-0400][gc,heap        ] GC(369097)  Metaspace       used 61001K, capacity 63721K, committed 64768K, reserved 1107968K
[2020-12-23T00:03:08.690-0400][gc,heap        ] GC(369097)   class space    used 5712K, capacity 6559K, committed 6912K, reserved 1048576K
[2020-12-23T00:03:08.690-0400][gc,start       ] GC(369097) Pause Young (Normal) (G1 Evacuation Pause)
[2020-12-23T00:03:08.690-0400][gc,task        ] GC(369097) Using 4 workers of 4 for evacuation
[2020-12-23T00:03:08.696-0400][gc,phases      ] GC(369097)   Pre Evacuate Collection Set: 0.0ms
[2020-12-23T00:03:08.696-0400][gc,phases      ] GC(369097)   Evacuate Collection Set: 3.5ms
[2020-12-23T00:03:08.696-0400][gc,phases      ] GC(369097)   Post Evacuate Collection Set: 1.7ms
[2020-12-23T00:03:08.696-0400][gc,phases      ] GC(369097)   Other: 0.9ms
[2020-12-23T00:03:08.696-0400][gc,heap        ] GC(369097) Eden regions: 11->0(11)
[2020-12-23T00:03:08.696-0400][gc,heap        ] GC(369097) Survivor regions: 1->1(2)
[2020-12-23T00:03:08.696-0400][gc,heap        ] GC(369097) Old regions: 46->46
[2020-12-23T00:03:08.696-0400][gc,heap        ] GC(369097) Humongous regions: 4->4
[2020-12-23T00:03:08.696-0400][gc,metaspace   ] GC(369097) Metaspace: 61001K->61001K(1107968K)
[2020-12-23T00:03:08.696-0400][gc,heap        ] GC(369097) Heap after GC invocations=369074 (full 10680): garbage-first heap   total 73728K, used 49416K [0x0000000083000000, 0x0000000100000000)
[2020-12-23T00:03:08.696-0400][gc,heap        ] GC(369097)   region size 1024K, 1 young (1024K), 1 survivors (1024K)
[2020-12-23T00:03:08.696-0400][gc,heap        ] GC(369097)  Metaspace       used 61001K, capacity 63721K, committed 64768K, reserved 1107968K
[2020-12-23T00:03:08.696-0400][gc,heap        ] GC(369097)   class space    used 5712K, capacity 6559K, committed 6912K, reserved 1048576K
[2020-12-23T00:03:08.696-0400][gc             ] GC(369097) Pause Young (Normal) (G1 Evacuation Pause) 59M->48M(72M) 6.510ms
[2020-12-23T00:03:08.697-0400][gc,cpu         ] GC(369097) User=0.01s Sys=0.01s Real=0.01s
[2020-12-23T00:03:15.747-0400][gc,heap        ] GC(369098) Heap before GC invocations=369074 (full 10680): garbage-first heap   total 73728K, used 59656K [0x0000000083000000, 0x0000000100000000)
[2020-12-23T00:03:15.747-0400][gc,heap        ] GC(369098)   region size 1024K, 12 young (12288K), 1 survivors (1024K)
[2020-12-23T00:03:15.748-0400][gc,heap        ] GC(369098)  Metaspace       used 61001K, capacity 63721K, committed 64768K, reserved 1107968K
[2020-12-23T00:03:15.748-0400][gc,heap        ] GC(369098)   class space    used 5712K, capacity 6559K, committed 6912K, reserved 1048576K
[2020-12-23T00:03:15.748-0400][gc,start       ] GC(369098) Pause Young (Normal) (G1 Evacuation Pause)
[2020-12-23T00:03:15.748-0400][gc,task        ] GC(369098) Using 4 workers of 4 for evacuation
[2020-12-23T00:03:15.753-0400][gc,phases      ] GC(369098)   Pre Evacuate Collection Set: 0.0ms
[2020-12-23T00:03:15.753-0400][gc,phases      ] GC(369098)   Evacuate Collection Set: 3.4ms
[2020-12-23T00:03:15.753-0400][gc,phases      ] GC(369098)   Post Evacuate Collection Set: 1.3ms
[2020-12-23T00:03:15.753-0400][gc,phases      ] GC(369098)   Other: 1.0ms
[2020-12-23T00:03:15.753-0400][gc,heap        ] GC(369098) Eden regions: 11->0(11)
[2020-12-23T00:03:15.753-0400][gc,heap        ] GC(369098) Survivor regions: 1->1(2)
[2020-12-23T00:03:15.753-0400][gc,heap        ] GC(369098) Old regions: 46->46
[2020-12-23T00:03:15.753-0400][gc,heap        ] GC(369098) Humongous regions: 4->4
[2020-12-23T00:03:15.754-0400][gc,metaspace   ] GC(369098) Metaspace: 61001K->61001K(1107968K)
[2020-12-23T00:03:15.754-0400][gc,heap        ] GC(369098) Heap after GC invocations=369075 (full 10680): garbage-first heap   total 73728K, used 49396K [0x0000000083000000, 0x0000000100000000)
[2020-12-23T00:03:15.754-0400][gc,heap        ] GC(369098)   region size 1024K, 1 young (1024K), 1 survivors (1024K)
[2020-12-23T00:03:15.754-0400][gc,heap        ] GC(369098)  Metaspace       used 61001K, capacity 63721K, committed 64768K, reserved 1107968K
[2020-12-23T00:03:15.754-0400][gc,heap        ] GC(369098)   class space    used 5712K, capacity 6559K, committed 6912K, reserved 1048576K
[2020-12-23T00:03:15.754-0400][gc             ] GC(369098) Pause Young (Normal) (G1 Evacuation Pause) 59M->48M(72M) 6.118ms
[2020-12-23T00:03:15.754-0400][gc,cpu         ] GC(369098) User=0.01s Sys=0.01s Real=0.00s
[2020-12-23T00:03:56.444-0400][gc,heap        ] GC(369099) Heap before GC invocations=369075 (full 10680): garbage-first heap   total 73728K, used 59636K [0x0000000083000000, 0x0000000100000000)
[2020-12-23T00:03:56.444-0400][gc,heap        ] GC(369099)   region size 1024K, 12 young (12288K), 1 survivors (1024K)
[2020-12-23T00:03:56.444-0400][gc,heap        ] GC(369099)  Metaspace       used 61001K, capacity 63721K, committed 64768K, reserved 1107968K
[2020-12-23T00:03:56.444-0400][gc,heap        ] GC(369099)   class space    used 5712K, capacity 6559K, committed 6912K, reserved 1048576K
[2020-12-23T00:03:56.444-0400][gc,start       ] GC(369099) Pause Young (Normal) (G1 Evacuation Pause)
[2020-12-23T00:03:56.444-0400][gc,task        ] GC(369099) Using 4 workers of 4 for evacuation
[2020-12-23T00:03:56.449-0400][gc,phases      ] GC(369099)   Pre Evacuate Collection Set: 0.0ms
[2020-12-23T00:03:56.449-0400][gc,phases      ] GC(369099)   Evacuate Collection Set: 3.4ms
[2020-12-23T00:03:56.449-0400][gc,phases      ] GC(369099)   Post Evacuate Collection Set: 1.5ms
[2020-12-23T00:03:56.450-0400][gc,phases      ] GC(369099)   Other: 0.9ms
[2020-12-23T00:03:56.450-0400][gc,heap        ] GC(369099) Eden regions: 11->0(11)
[2020-12-23T00:03:56.450-0400][gc,heap        ] GC(369099) Survivor regions: 1->1(2)
[2020-12-23T00:03:56.450-0400][gc,heap        ] GC(369099) Old regions: 46->46
[2020-12-23T00:03:56.450-0400][gc,heap        ] GC(369099) Humongous regions: 4->4
[2020-12-23T00:03:56.450-0400][gc,metaspace   ] GC(369099) Metaspace: 61001K->61001K(1107968K)
[2020-12-23T00:03:56.450-0400][gc,heap        ] GC(369099) Heap after GC invocations=369076 (full 10680): garbage-first heap   total 73728K, used 49371K [0x0000000083000000, 0x0000000100000000)
[2020-12-23T00:03:56.450-0400][gc,heap        ] GC(369099)   region size 1024K, 1 young (1024K), 1 survivors (1024K)
[2020-12-23T00:03:56.450-0400][gc,heap        ] GC(369099)  Metaspace       used 61001K, capacity 63721K, committed 64768K, reserved 1107968K
[2020-12-23T00:03:56.450-0400][gc,heap        ] GC(369099)   class space    used 5712K, capacity 6559K, committed 6912K, reserved 1048576K
[2020-12-23T00:03:56.450-0400][gc             ] GC(369099) Pause Young (Normal) (G1 Evacuation Pause) 59M->48M(72M) 6.251ms
[2020-12-23T00:03:56.451-0400][gc,cpu         ] GC(369099) User=0.01s Sys=0.01s Real=0.01s
[2020-12-23T00:04:14.958-0400][gc,heap        ] GC(369100) Heap before GC invocations=369076 (full 10680): garbage-first heap   total 73728K, used 59611K [0x0000000083000000, 0x0000000100000000)
[2020-12-23T00:04:14.959-0400][gc,heap        ] GC(369100)   region size 1024K, 12 young (12288K), 1 survivors (1024K)
[2020-12-23T00:04:14.959-0400][gc,heap        ] GC(369100)  Metaspace       used 61001K, capacity 63721K, committed 64768K, reserved 1107968K
[2020-12-23T00:04:14.959-0400][gc,heap        ] GC(369100)   class space    used 5712K, capacity 6559K, committed 6912K, reserved 1048576K
[2020-12-23T00:04:14.959-0400][gc,start       ] GC(369100) Pause Young (Normal) (G1 Evacuation Pause)
[2020-12-23T00:04:14.959-0400][gc,task        ] GC(369100) Using 4 workers of 4 for evacuation
[2020-12-23T00:04:14.964-0400][gc,phases      ] GC(369100)   Pre Evacuate Collection Set: 0.0ms
[2020-12-23T00:04:14.965-0400][gc,phases      ] GC(369100)   Evacuate Collection Set: 3.2ms
[2020-12-23T00:04:14.965-0400][gc,phases      ] GC(369100)   Post Evacuate Collection Set: 1.9ms
[2020-12-23T00:04:14.965-0400][gc,phases      ] GC(369100)   Other: 0.9ms
[2020-12-23T00:04:14.965-0400][gc,heap        ] GC(369100) Eden regions: 11->0(11)
[2020-12-23T00:04:14.965-0400][gc,heap        ] GC(369100) Survivor regions: 1->1(2)
[2020-12-23T00:04:14.965-0400][gc,heap        ] GC(369100) Old regions: 46->46
[2020-12-23T00:04:14.965-0400][gc,heap        ] GC(369100) Humongous regions: 4->4
[2020-12-23T00:04:14.965-0400][gc,metaspace   ] GC(369100) Metaspace: 61001K->61001K(1107968K)
[2020-12-23T00:04:14.965-0400][gc,heap        ] GC(369100) Heap after GC invocations=369077 (full 10680): garbage-first heap   total 73728K, used 49347K [0x0000000083000000, 0x0000000100000000)
[2020-12-23T00:04:14.965-0400][gc,heap        ] GC(369100)   region size 1024K, 1 young (1024K), 1 survivors (1024K)
[2020-12-23T00:04:14.965-0400][gc,heap        ] GC(369100)  Metaspace       used 61001K, capacity 63721K, committed 64768K, reserved 1107968K
[2020-12-23T00:04:14.965-0400][gc,heap        ] GC(369100)   class space    used 5712K, capacity 6559K, committed 6912K, reserved 1048576K
[2020-12-23T00:04:14.965-0400][gc             ] GC(369100) Pause Young (Normal) (G1 Evacuation Pause) 59M->48M(72M) 6.421ms
[2020-12-23T00:04:14.965-0400][gc,cpu         ] GC(369100) User=0.01s Sys=0.01s Real=0.00s
[2020-12-23T00:04:51.177-0400][gc,heap        ] GC(369101) Heap before GC invocations=369077 (full 10680): garbage-first heap   total 73728K, used 59587K [0x0000000083000000, 0x0000000100000000)
[2020-12-23T00:04:51.177-0400][gc,heap        ] GC(369101)   region size 1024K, 12 young (12288K), 1 survivors (1024K)
[2020-12-23T00:04:51.177-0400][gc,heap        ] GC(369101)  Metaspace       used 61001K, capacity 63721K, committed 64768K, reserved 1107968K
[2020-12-23T00:04:51.177-0400][gc,heap        ] GC(369101)   class space    used 5712K, capacity 6559K, committed 6912K, reserved 1048576K
[2020-12-23T00:04:51.177-0400][gc,start       ] GC(369101) Pause Young (Normal) (G1 Evacuation Pause)
[2020-12-23T00:04:51.177-0400][gc,task        ] GC(369101) Using 4 workers of 4 for evacuation
[2020-12-23T00:04:51.183-0400][gc,phases      ] GC(369101)   Pre Evacuate Collection Set: 0.0ms
[2020-12-23T00:04:51.183-0400][gc,phases      ] GC(369101)   Evacuate Collection Set: 3.4ms
[2020-12-23T00:04:51.183-0400][gc,phases      ] GC(369101)   Post Evacuate Collection Set: 1.6ms
[2020-12-23T00:04:51.183-0400][gc,phases      ] GC(369101)   Other: 0.9ms
[2020-12-23T00:04:51.183-0400][gc,heap        ] GC(369101) Eden regions: 11->0(11)
[2020-12-23T00:04:51.183-0400][gc,heap        ] GC(369101) Survivor regions: 1->1(2)
[2020-12-23T00:04:51.183-0400][gc,heap        ] GC(369101) Old regions: 46->46
[2020-12-23T00:04:51.183-0400][gc,heap        ] GC(369101) Humongous regions: 4->4
[2020-12-23T00:04:51.183-0400][gc,metaspace   ] GC(369101) Metaspace: 61001K->61001K(1107968K)
[2020-12-23T00:04:51.183-0400][gc,heap        ] GC(369101) Heap after GC invocations=369078 (full 10680): garbage-first heap   total 73728K, used 49330K [0x0000000083000000, 0x0000000100000000)
[2020-12-23T00:04:51.183-0400][gc,heap        ] GC(369101)   region size 1024K, 1 young (1024K), 1 survivors (1024K)
[2020-12-23T00:04:51.183-0400][gc,heap        ] GC(369101)  Metaspace       used 61001K, capacity 63721K, committed 64768K, reserved 1107968K
[2020-12-23T00:04:51.184-0400][gc,heap        ] GC(369101)   class space    used 5712K, capacity 6559K, committed 6912K, reserved 1048576K
[2020-12-23T00:04:51.184-0400][gc             ] GC(369101) Pause Young (Normal) (G1 Evacuation Pause) 59M->48M(72M) 6.326ms
[2020-12-23T00:04:51.184-0400][gc,cpu         ] GC(369101) User=0.01s Sys=0.01s Real=0.00s
[2020-12-23T00:05:05.920-0400][gc,heap        ] GC(369102) Heap before GC invocations=369078 (full 10680): garbage-first heap   total 73728K, used 60594K [0x0000000083000000, 0x0000000100000000)
[2020-12-23T00:05:05.920-0400][gc,heap        ] GC(369102)   region size 1024K, 12 young (12288K), 1 survivors (1024K)
[2020-12-23T00:05:05.920-0400][gc,heap        ] GC(369102)  Metaspace       used 61001K, capacity 63721K, committed 64768K, reserved 1107968K
[2020-12-23T00:05:05.920-0400][gc,heap        ] GC(369102)   class space    used 5712K, capacity 6559K, committed 6912K, reserved 1048576K
[2020-12-23T00:05:05.920-0400][gc,start       ] GC(369102) Pause Young (Normal) (G1 Evacuation Pause)
[2020-12-23T00:05:05.920-0400][gc,task        ] GC(369102) Using 4 workers of 4 for evacuation
[2020-12-23T00:05:05.925-0400][gc,phases      ] GC(369102)   Pre Evacuate Collection Set: 0.0ms
[2020-12-23T00:05:05.926-0400][gc,phases      ] GC(369102)   Evacuate Collection Set: 3.2ms
[2020-12-23T00:05:05.926-0400][gc,phases      ] GC(369102)   Post Evacuate Collection Set: 1.6ms
[2020-12-23T00:05:05.926-0400][gc,phases      ] GC(369102)   Other: 0.8ms
[2020-12-23T00:05:05.926-0400][gc,heap        ] GC(369102) Eden regions: 11->0(11)
[2020-12-23T00:05:05.926-0400][gc,heap        ] GC(369102) Survivor regions: 1->1(2)
[2020-12-23T00:05:05.926-0400][gc,heap        ] GC(369102) Old regions: 46->46
[2020-12-23T00:05:05.926-0400][gc,heap        ] GC(369102) Humongous regions: 4->4
[2020-12-23T00:05:05.926-0400][gc,metaspace   ] GC(369102) Metaspace: 61001K->61001K(1107968K)
[2020-12-23T00:05:05.926-0400][gc,heap        ] GC(369102) Heap after GC invocations=369079 (full 10680): garbage-first heap   total 73728K, used 49353K [0x0000000083000000, 0x0000000100000000)
[2020-12-23T00:05:05.926-0400][gc,heap        ] GC(369102)   region size 1024K, 1 young (1024K), 1 survivors (1024K)
[2020-12-23T00:05:05.926-0400][gc,heap        ] GC(369102)  Metaspace       used 61001K, capacity 63721K, committed 64768K, reserved 1107968K
[2020-12-23T00:05:05.926-0400][gc,heap        ] GC(369102)   class space    used 5712K, capacity 6559K, committed 6912K, reserved 1048576K
[2020-12-23T00:05:05.926-0400][gc             ] GC(369102) Pause Young (Normal) (G1 Evacuation Pause) 59M->48M(72M) 6.061ms
[2020-12-23T00:05:05.926-0400][gc,cpu         ] GC(369102) User=0.01s Sys=0.01s Real=0.01s
[2020-12-23T00:05:20.067-0400][gc,heap        ] GC(369103) Heap before GC invocations=369079 (full 10680): garbage-first heap   total 73728K, used 59593K [0x0000000083000000, 0x0000000100000000)
[2020-12-23T00:05:20.067-0400][gc,heap        ] GC(369103)   region size 1024K, 12 young (12288K), 1 survivors (1024K)
[2020-12-23T00:05:20.067-0400][gc,heap        ] GC(369103)  Metaspace       used 61001K, capacity 63721K, committed 64768K, reserved 1107968K
[2020-12-23T00:05:20.067-0400][gc,heap        ] GC(369103)   class space    used 5712K, capacity 6559K, committed 6912K, reserved 1048576K
[2020-12-23T00:05:20.067-0400][gc,start       ] GC(369103) Pause Young (Normal) (G1 Evacuation Pause)
[2020-12-23T00:05:20.067-0400][gc,task        ] GC(369103) Using 4 workers of 4 for evacuation
[2020-12-23T00:05:20.075-0400][gc,phases      ] GC(369103)   Pre Evacuate Collection Set: 0.0ms
[2020-12-23T00:05:20.075-0400][gc,phases      ] GC(369103)   Evacuate Collection Set: 4.8ms
[2020-12-23T00:05:20.075-0400][gc,phases      ] GC(369103)   Post Evacuate Collection Set: 1.8ms
[2020-12-23T00:05:20.075-0400][gc,phases      ] GC(369103)   Other: 1.3ms
[2020-12-23T00:05:20.075-0400][gc,heap        ] GC(369103) Eden regions: 11->0(11)
[2020-12-23T00:05:20.075-0400][gc,heap        ] GC(369103) Survivor regions: 1->1(2)
[2020-12-23T00:05:20.075-0400][gc,heap        ] GC(369103) Old regions: 46->46
[2020-12-23T00:05:20.075-0400][gc,heap        ] GC(369103) Humongous regions: 4->4
[2020-12-23T00:05:20.075-0400][gc,metaspace   ] GC(369103) Metaspace: 61001K->61001K(1107968K)
[2020-12-23T00:05:20.075-0400][gc,heap        ] GC(369103) Heap after GC invocations=369080 (full 10680): garbage-first heap   total 73728K, used 49575K [0x0000000083000000, 0x0000000100000000)
[2020-12-23T00:05:20.075-0400][gc,heap        ] GC(369103)   region size 1024K, 1 young (1024K), 1 survivors (1024K)
[2020-12-23T00:05:20.075-0400][gc,heap        ] GC(369103)  Metaspace       used 61001K, capacity 63721K, committed 64768K, reserved 1107968K
[2020-12-23T00:05:20.075-0400][gc,heap        ] GC(369103)   class space    used 5712K, capacity 6559K, committed 6912K, reserved 1048576K
[2020-12-23T00:05:20.076-0400][gc             ] GC(369103) Pause Young (Normal) (G1 Evacuation Pause) 59M->48M(72M) 8.315ms
[2020-12-23T00:05:20.076-0400][gc,cpu         ] GC(369103) User=0.01s Sys=0.01s Real=0.01s
[2020-12-23T00:05:38.874-0400][gc,heap        ] GC(369104) Heap before GC invocations=369080 (full 10680): garbage-first heap   total 73728K, used 59815K [0x0000000083000000, 0x0000000100000000)
[2020-12-23T00:05:38.874-0400][gc,heap        ] GC(369104)   region size 1024K, 12 young (12288K), 1 survivors (1024K)
[2020-12-23T00:05:38.874-0400][gc,heap        ] GC(369104)  Metaspace       used 61001K, capacity 63721K, committed 64768K, reserved 1107968K
[2020-12-23T00:05:38.874-0400][gc,heap        ] GC(369104)   class space    used 5712K, capacity 6559K, committed 6912K, reserved 1048576K
[2020-12-23T00:05:38.874-0400][gc,start       ] GC(369104) Pause Young (Normal) (G1 Evacuation Pause)
[2020-12-23T00:05:38.874-0400][gc,task        ] GC(369104) Using 4 workers of 4 for evacuation
[2020-12-23T00:05:38.880-0400][gc,phases      ] GC(369104)   Pre Evacuate Collection Set: 0.0ms
[2020-12-23T00:05:38.880-0400][gc,phases      ] GC(369104)   Evacuate Collection Set: 3.9ms
[2020-12-23T00:05:38.880-0400][gc,phases      ] GC(369104)   Post Evacuate Collection Set: 1.4ms
[2020-12-23T00:05:38.880-0400][gc,phases      ] GC(369104)   Other: 0.8ms
[2020-12-23T00:05:38.880-0400][gc,heap        ] GC(369104) Eden regions: 11->0(11)
[2020-12-23T00:05:38.880-0400][gc,heap        ] GC(369104) Survivor regions: 1->1(2)
[2020-12-23T00:05:38.880-0400][gc,heap        ] GC(369104) Old regions: 46->46
[2020-12-23T00:05:38.881-0400][gc,heap        ] GC(369104) Humongous regions: 4->4
[2020-12-23T00:05:38.881-0400][gc,metaspace   ] GC(369104) Metaspace: 61001K->61001K(1107968K)
[2020-12-23T00:05:38.881-0400][gc,heap        ] GC(369104) Heap after GC invocations=369081 (full 10680): garbage-first heap   total 73728K, used 49589K [0x0000000083000000, 0x0000000100000000)
[2020-12-23T00:05:38.881-0400][gc,heap        ] GC(369104)   region size 1024K, 1 young (1024K), 1 survivors (1024K)
[2020-12-23T00:05:38.881-0400][gc,heap        ] GC(369104)  Metaspace       used 61001K, capacity 63721K, committed 64768K, reserved 1107968K
[2020-12-23T00:05:38.881-0400][gc,heap        ] GC(369104)   class space    used 5712K, capacity 6559K, committed 6912K, reserved 1048576K
[2020-12-23T00:05:38.881-0400][gc             ] GC(369104) Pause Young (Normal) (G1 Evacuation Pause) 59M->48M(72M) 6.658ms
[2020-12-23T00:05:38.881-0400][gc,cpu         ] GC(369104) User=0.01s Sys=0.01s Real=0.01s
[2020-12-23T00:06:03.487-0400][gc,heap        ] GC(369105) Heap before GC invocations=369081 (full 10680): garbage-first heap   total 73728K, used 59829K [0x0000000083000000, 0x0000000100000000)
[2020-12-23T00:06:03.487-0400][gc,heap        ] GC(369105)   region size 1024K, 12 young (12288K), 1 survivors (1024K)
[2020-12-23T00:06:03.487-0400][gc,heap        ] GC(369105)  Metaspace       used 61001K, capacity 63721K, committed 64768K, reserved 1107968K
[2020-12-23T00:06:03.487-0400][gc,heap        ] GC(369105)   class space    used 5712K, capacity 6559K, committed 6912K, reserved 1048576K
[2020-12-23T00:06:03.487-0400][gc,start       ] GC(369105) Pause Young (Normal) (G1 Evacuation Pause)
[2020-12-23T00:06:03.487-0400][gc,task        ] GC(369105) Using 4 workers of 4 for evacuation
[2020-12-23T00:06:03.494-0400][gc,phases      ] GC(369105)   Pre Evacuate Collection Set: 0.0ms
[2020-12-23T00:06:03.494-0400][gc,phases      ] GC(369105)   Evacuate Collection Set: 4.7ms
[2020-12-23T00:06:03.494-0400][gc,phases      ] GC(369105)   Post Evacuate Collection Set: 1.6ms
[2020-12-23T00:06:03.495-0400][gc,phases      ] GC(369105)   Other: 0.9ms
[2020-12-23T00:06:03.495-0400][gc,heap        ] GC(369105) Eden regions: 11->0(11)
[2020-12-23T00:06:03.495-0400][gc,heap        ] GC(369105) Survivor regions: 1->1(2)
[2020-12-23T00:06:03.495-0400][gc,heap        ] GC(369105) Old regions: 46->46
[2020-12-23T00:06:03.495-0400][gc,heap        ] GC(369105) Humongous regions: 4->4
[2020-12-23T00:06:03.495-0400][gc,metaspace   ] GC(369105) Metaspace: 61001K->61001K(1107968K)
[2020-12-23T00:06:03.495-0400][gc,heap        ] GC(369105) Heap after GC invocations=369082 (full 10680): garbage-first heap   total 73728K, used 49822K [0x0000000083000000, 0x0000000100000000)
[2020-12-23T00:06:03.495-0400][gc,heap        ] GC(369105)   region size 1024K, 1 young (1024K), 1 survivors (1024K)
[2020-12-23T00:06:03.495-0400][gc,heap        ] GC(369105)  Metaspace       used 61001K, capacity 63721K, committed 64768K, reserved 1107968K
[2020-12-23T00:06:03.495-0400][gc,heap        ] GC(369105)   class space    used 5712K, capacity 6559K, committed 6912K, reserved 1048576K
[2020-12-23T00:06:03.495-0400][gc             ] GC(369105) Pause Young (Normal) (G1 Evacuation Pause) 59M->48M(72M) 7.629ms
[2020-12-23T00:06:03.495-0400][gc,cpu         ] GC(369105) User=0.02s Sys=0.00s Real=0.00s
[2020-12-23T00:06:33.876-0400][gc,heap        ] GC(369106) Heap before GC invocations=369082 (full 10680): garbage-first heap   total 73728K, used 60062K [0x0000000083000000, 0x0000000100000000)
[2020-12-23T00:06:33.876-0400][gc,heap        ] GC(369106)   region size 1024K, 12 young (12288K), 1 survivors (1024K)
[2020-12-23T00:06:33.876-0400][gc,heap        ] GC(369106)  Metaspace       used 61001K, capacity 63721K, committed 64768K, reserved 1107968K
[2020-12-23T00:06:33.876-0400][gc,heap        ] GC(369106)   class space    used 5712K, capacity 6559K, committed 6912K, reserved 1048576K
[2020-12-23T00:06:33.876-0400][gc,start       ] GC(369106) Pause Young (Normal) (G1 Evacuation Pause)
[2020-12-23T00:06:33.876-0400][gc,task        ] GC(369106) Using 4 workers of 4 for evacuation
[2020-12-23T00:06:33.882-0400][gc,phases      ] GC(369106)   Pre Evacuate Collection Set: 0.0ms
[2020-12-23T00:06:33.882-0400][gc,phases      ] GC(369106)   Evacuate Collection Set: 3.8ms
[2020-12-23T00:06:33.882-0400][gc,phases      ] GC(369106)   Post Evacuate Collection Set: 1.5ms
[2020-12-23T00:06:33.883-0400][gc,phases      ] GC(369106)   Other: 0.9ms
[2020-12-23T00:06:33.883-0400][gc,heap        ] GC(369106) Eden regions: 11->0(11)
[2020-12-23T00:06:33.883-0400][gc,heap        ] GC(369106) Survivor regions: 1->1(2)
[2020-12-23T00:06:33.883-0400][gc,heap        ] GC(369106) Old regions: 46->46
[2020-12-23T00:06:33.883-0400][gc,heap        ] GC(369106) Humongous regions: 4->4
[2020-12-23T00:06:33.883-0400][gc,metaspace   ] GC(369106) Metaspace: 61001K->61001K(1107968K)
[2020-12-23T00:06:33.883-0400][gc,heap        ] GC(369106) Heap after GC invocations=369083 (full 10680): garbage-first heap   total 73728K, used 49612K [0x0000000083000000, 0x0000000100000000)
[2020-12-23T00:06:33.883-0400][gc,heap        ] GC(369106)   region size 1024K, 1 young (1024K), 1 survivors (1024K)
[2020-12-23T00:06:33.883-0400][gc,heap        ] GC(369106)  Metaspace       used 61001K, capacity 63721K, committed 64768K, reserved 1107968K
[2020-12-23T00:06:33.883-0400][gc,heap        ] GC(369106)   class space    used 5712K, capacity 6559K, committed 6912K, reserved 1048576K
[2020-12-23T00:06:33.883-0400][gc             ] GC(369106) Pause Young (Normal) (G1 Evacuation Pause) 59M->48M(72M) 6.720ms
[2020-12-23T00:06:33.883-0400][gc,cpu         ] GC(369106) User=0.02s Sys=0.01s Real=0.00s
[2020-12-23T00:06:50.924-0400][gc,task        ] GC(369107) Using 3 workers of 4 for full compaction
[2020-12-23T00:06:50.924-0400][gc,start       ] GC(369107) Pause Full (System.gc())
[2020-12-23T00:06:50.924-0400][gc,heap        ] GC(369107) Heap before GC invocations=369083 (full 10680): garbage-first heap   total 73728K, used 54732K [0x0000000083000000, 0x0000000100000000)
[2020-12-23T00:06:50.924-0400][gc,heap        ] GC(369107)   region size 1024K, 8 young (8192K), 1 survivors (1024K)
[2020-12-23T00:06:50.924-0400][gc,heap        ] GC(369107)  Metaspace       used 61001K, capacity 63721K, committed 64768K, reserved 1107968K
[2020-12-23T00:06:50.924-0400][gc,heap        ] GC(369107)   class space    used 5712K, capacity 6559K, committed 6912K, reserved 1048576K
[2020-12-23T00:06:50.927-0400][gc,phases,start] GC(369107) Phase 1: Mark live objects
[2020-12-23T00:06:51.068-0400][gc,stringtable ] GC(369107) Cleaned string and symbol table, strings: 32200 processed, 0 removed, symbols: 131451 processed, 0 removed
[2020-12-23T00:06:51.068-0400][gc,phases      ] GC(369107) Phase 1: Mark live objects 141.484ms
[2020-12-23T00:06:51.068-0400][gc,phases,start] GC(369107) Phase 2: Prepare for compaction
[2020-12-23T00:06:51.100-0400][gc,phases      ] GC(369107) Phase 2: Prepare for compaction 31.358ms
[2020-12-23T00:06:51.100-0400][gc,phases,start] GC(369107) Phase 3: Adjust pointers
[2020-12-23T00:06:51.179-0400][gc,phases      ] GC(369107) Phase 3: Adjust pointers 78.690ms
[2020-12-23T00:06:51.179-0400][gc,phases,start] GC(369107) Phase 4: Compact heap
[2020-12-23T00:06:51.202-0400][gc,phases      ] GC(369107) Phase 4: Compact heap 22.831ms
[2020-12-23T00:06:51.237-0400][gc,heap        ] GC(369107) Eden regions: 7->0(11)
[2020-12-23T00:06:51.237-0400][gc,heap        ] GC(369107) Survivor regions: 1->0(2)
[2020-12-23T00:06:51.237-0400][gc,heap        ] GC(369107) Old regions: 46->47
[2020-12-23T00:06:51.237-0400][gc,heap        ] GC(369107) Humongous regions: 4->4
[2020-12-23T00:06:51.237-0400][gc,metaspace   ] GC(369107) Metaspace: 61001K->61001K(1107968K)
[2020-12-23T00:06:51.237-0400][gc,heap        ] GC(369107) Heap after GC invocations=369084 (full 10681): garbage-first heap   total 73728K, used 48737K [0x0000000083000000, 0x0000000100000000)
[2020-12-23T00:06:51.237-0400][gc,heap        ] GC(369107)   region size 1024K, 0 young (0K), 0 survivors (0K)
[2020-12-23T00:06:51.237-0400][gc,heap        ] GC(369107)  Metaspace       used 61001K, capacity 63721K, committed 64768K, reserved 1107968K
[2020-12-23T00:06:51.237-0400][gc,heap        ] GC(369107)   class space    used 5712K, capacity 6559K, committed 6912K, reserved 1048576K
[2020-12-23T00:06:51.237-0400][gc             ] GC(369107) Pause Full (System.gc()) 55M->47M(72M) 313.059ms
[2020-12-23T00:06:51.237-0400][gc,cpu         ] GC(369107) User=0.66s Sys=0.18s Real=0.32s
[2020-12-23T00:07:06.472-0400][gc,heap        ] GC(369108) Heap before GC invocations=369084 (full 10681): garbage-first heap   total 73728K, used 58977K [0x0000000083000000, 0x0000000100000000)
[2020-12-23T00:07:06.472-0400][gc,heap        ] GC(369108)   region size 1024K, 11 young (11264K), 0 survivors (0K)
[2020-12-23T00:07:06.472-0400][gc,heap        ] GC(369108)  Metaspace       used 61001K, capacity 63721K, committed 64768K, reserved 1107968K
[2020-12-23T00:07:06.472-0400][gc,heap        ] GC(369108)   class space    used 5712K, capacity 6559K, committed 6912K, reserved 1048576K
[2020-12-23T00:07:06.472-0400][gc,start       ] GC(369108) Pause Young (Normal) (G1 Evacuation Pause)
[2020-12-23T00:07:06.472-0400][gc,task        ] GC(369108) Using 4 workers of 4 for evacuation
[2020-12-23T00:07:06.478-0400][gc,phases      ] GC(369108)   Pre Evacuate Collection Set: 0.0ms
[2020-12-23T00:07:06.478-0400][gc,phases      ] GC(369108)   Evacuate Collection Set: 3.1ms
[2020-12-23T00:07:06.478-0400][gc,phases      ] GC(369108)   Post Evacuate Collection Set: 1.8ms
[2020-12-23T00:07:06.478-0400][gc,phases      ] GC(369108)   Other: 1.0ms
[2020-12-23T00:07:06.478-0400][gc,heap        ] GC(369108) Eden regions: 11->0(10)
[2020-12-23T00:07:06.478-0400][gc,heap        ] GC(369108) Survivor regions: 0->1(2)
[2020-12-23T00:07:06.478-0400][gc,heap        ] GC(369108) Old regions: 47->47
[2020-12-23T00:07:06.478-0400][gc,heap        ] GC(369108) Humongous regions: 4->4
[2020-12-23T00:07:06.478-0400][gc,metaspace   ] GC(369108) Metaspace: 61001K->61001K(1107968K)
[2020-12-23T00:07:06.478-0400][gc,heap        ] GC(369108) Heap after GC invocations=369085 (full 10681): garbage-first heap   total 73728K, used 49048K [0x0000000083000000, 0x0000000100000000)
[2020-12-23T00:07:06.478-0400][gc,heap        ] GC(369108)   region size 1024K, 1 young (1024K), 1 survivors (1024K)
[2020-12-23T00:07:06.478-0400][gc,heap        ] GC(369108)  Metaspace       used 61001K, capacity 63721K, committed 64768K, reserved 1107968K
[2020-12-23T00:07:06.478-0400][gc,heap        ] GC(369108)   class space    used 5712K, capacity 6559K, committed 6912K, reserved 1048576K
[2020-12-23T00:07:06.479-0400][gc             ] GC(369108) Pause Young (Normal) (G1 Evacuation Pause) 58M->47M(72M) 6.175ms
[2020-12-23T00:07:06.479-0400][gc,cpu         ] GC(369108) User=0.01s Sys=0.00s Real=0.01s
[2020-12-23T00:07:33.371-0400][gc,heap        ] GC(369109) Heap before GC invocations=369085 (full 10681): garbage-first heap   total 73728K, used 58264K [0x0000000083000000, 0x0000000100000000)
[2020-12-23T00:07:33.371-0400][gc,heap        ] GC(369109)   region size 1024K, 11 young (11264K), 1 survivors (1024K)
[2020-12-23T00:07:33.371-0400][gc,heap        ] GC(369109)  Metaspace       used 61001K, capacity 63721K, committed 64768K, reserved 1107968K
[2020-12-23T00:07:33.371-0400][gc,heap        ] GC(369109)   class space    used 5712K, capacity 6559K, committed 6912K, reserved 1048576K
[2020-12-23T00:07:33.371-0400][gc,start       ] GC(369109) Pause Young (Normal) (G1 Evacuation Pause)
[2020-12-23T00:07:33.371-0400][gc,task        ] GC(369109) Using 4 workers of 4 for evacuation
[2020-12-23T00:07:33.377-0400][gc,phases      ] GC(369109)   Pre Evacuate Collection Set: 0.0ms
[2020-12-23T00:07:33.377-0400][gc,phases      ] GC(369109)   Evacuate Collection Set: 3.3ms
[2020-12-23T00:07:33.377-0400][gc,phases      ] GC(369109)   Post Evacuate Collection Set: 1.9ms
[2020-12-23T00:07:33.377-0400][gc,phases      ] GC(369109)   Other: 0.9ms
[2020-12-23T00:07:33.377-0400][gc,heap        ] GC(369109) Eden regions: 10->0(10)
[2020-12-23T00:07:33.377-0400][gc,heap        ] GC(369109) Survivor regions: 1->1(2)
[2020-12-23T00:07:33.377-0400][gc,heap        ] GC(369109) Old regions: 47->47
[2020-12-23T00:07:33.377-0400][gc,heap        ] GC(369109) Humongous regions: 4->4
[2020-12-23T00:07:33.377-0400][gc,metaspace   ] GC(369109) Metaspace: 61001K->61001K(1107968K)
[2020-12-23T00:07:33.377-0400][gc,heap        ] GC(369109) Heap after GC invocations=369086 (full 10681): garbage-first heap   total 73728K, used 49046K [0x0000000083000000, 0x0000000100000000)
[2020-12-23T00:07:33.377-0400][gc,heap        ] GC(369109)   region size 1024K, 1 young (1024K), 1 survivors (1024K)
[2020-12-23T00:07:33.377-0400][gc,heap        ] GC(369109)  Metaspace       used 61001K, capacity 63721K, committed 64768K, reserved 1107968K
[2020-12-23T00:07:33.377-0400][gc,heap        ] GC(369109)   class space    used 5712K, capacity 6559K, committed 6912K, reserved 1048576K
[2020-12-23T00:07:33.377-0400][gc             ] GC(369109) Pause Young (Normal) (G1 Evacuation Pause) 57M->47M(72M) 6.434ms
[2020-12-23T00:07:33.378-0400][gc,cpu         ] GC(369109) User=0.00s Sys=0.00s Real=0.01s
[2020-12-23T00:08:00.025-0400][gc,heap        ] GC(369110) Heap before GC invocations=369086 (full 10681): garbage-first heap   total 73728K, used 58262K [0x0000000083000000, 0x0000000100000000)
[2020-12-23T00:08:00.025-0400][gc,heap        ] GC(369110)   region size 1024K, 11 young (11264K), 1 survivors (1024K)
[2020-12-23T00:08:00.025-0400][gc,heap        ] GC(369110)  Metaspace       used 61001K, capacity 63721K, committed 64768K, reserved 1107968K
[2020-12-23T00:08:00.025-0400][gc,heap        ] GC(369110)   class space    used 5712K, capacity 6559K, committed 6912K, reserved 1048576K
[2020-12-23T00:08:00.025-0400][gc,start       ] GC(369110) Pause Young (Normal) (G1 Evacuation Pause)
[2020-12-23T00:08:00.026-0400][gc,task        ] GC(369110) Using 4 workers of 4 for evacuation
[2020-12-23T00:08:00.032-0400][gc,phases      ] GC(369110)   Pre Evacuate Collection Set: 0.0ms
[2020-12-23T00:08:00.032-0400][gc,phases      ] GC(369110)   Evacuate Collection Set: 4.0ms
[2020-12-23T00:08:00.032-0400][gc,phases      ] GC(369110)   Post Evacuate Collection Set: 1.5ms
[2020-12-23T00:08:00.032-0400][gc,phases      ] GC(369110)   Other: 1.0ms
[2020-12-23T00:08:00.032-0400][gc,heap        ] GC(369110) Eden regions: 10->0(10)
[2020-12-23T00:08:00.032-0400][gc,heap        ] GC(369110) Survivor regions: 1->1(2)
[2020-12-23T00:08:00.032-0400][gc,heap        ] GC(369110) Old regions: 47->47
[2020-12-23T00:08:00.032-0400][gc,heap        ] GC(369110) Humongous regions: 4->4
[2020-12-23T00:08:00.032-0400][gc,metaspace   ] GC(369110) Metaspace: 61001K->61001K(1107968K)
[2020-12-23T00:08:00.032-0400][gc,heap        ] GC(369110) Heap after GC invocations=369087 (full 10681): garbage-first heap   total 73728K, used 49282K [0x0000000083000000, 0x0000000100000000)
[2020-12-23T00:08:00.032-0400][gc,heap        ] GC(369110)   region size 1024K, 1 young (1024K), 1 survivors (1024K)
[2020-12-23T00:08:00.032-0400][gc,heap        ] GC(369110)  Metaspace       used 61001K, capacity 63721K, committed 64768K, reserved 1107968K
[2020-12-23T00:08:00.032-0400][gc,heap        ] GC(369110)   class space    used 5712K, capacity 6559K, committed 6912K, reserved 1048576K
[2020-12-23T00:08:00.032-0400][gc             ] GC(369110) Pause Young (Normal) (G1 Evacuation Pause) 57M->48M(72M) 6.912ms
[2020-12-23T00:08:00.033-0400][gc,cpu         ] GC(369110) User=0.02s Sys=0.00s Real=0.01s
[2020-12-23T00:08:11.964-0400][gc,heap        ] GC(369111) Heap before GC invocations=369087 (full 10681): garbage-first heap   total 73728K, used 58498K [0x0000000083000000, 0x0000000100000000)
[2020-12-23T00:08:11.964-0400][gc,heap        ] GC(369111)   region size 1024K, 11 young (11264K), 1 survivors (1024K)
[2020-12-23T00:08:11.964-0400][gc,heap        ] GC(369111)  Metaspace       used 61001K, capacity 63721K, committed 64768K, reserved 1107968K
[2020-12-23T00:08:11.964-0400][gc,heap        ] GC(369111)   class space    used 5712K, capacity 6559K, committed 6912K, reserved 1048576K
[2020-12-23T00:08:11.964-0400][gc,start       ] GC(369111) Pause Young (Normal) (G1 Evacuation Pause)
[2020-12-23T00:08:11.964-0400][gc,task        ] GC(369111) Using 4 workers of 4 for evacuation
[2020-12-23T00:08:11.971-0400][gc,phases      ] GC(369111)   Pre Evacuate Collection Set: 0.0ms
[2020-12-23T00:08:11.971-0400][gc,phases      ] GC(369111)   Evacuate Collection Set: 4.1ms
[2020-12-23T00:08:11.971-0400][gc,phases      ] GC(369111)   Post Evacuate Collection Set: 2.0ms
[2020-12-23T00:08:11.971-0400][gc,phases      ] GC(369111)   Other: 0.9ms
[2020-12-23T00:08:11.971-0400][gc,heap        ] GC(369111) Eden regions: 10->0(10)
[2020-12-23T00:08:11.971-0400][gc,heap        ] GC(369111) Survivor regions: 1->1(2)
[2020-12-23T00:08:11.971-0400][gc,heap        ] GC(369111) Old regions: 47->47
[2020-12-23T00:08:11.971-0400][gc,heap        ] GC(369111) Humongous regions: 4->4
[2020-12-23T00:08:11.971-0400][gc,metaspace   ] GC(369111) Metaspace: 61001K->61001K(1107968K)
[2020-12-23T00:08:11.971-0400][gc,heap        ] GC(369111) Heap after GC invocations=369088 (full 10681): garbage-first heap   total 73728K, used 49208K [0x0000000083000000, 0x0000000100000000)
[2020-12-23T00:08:11.971-0400][gc,heap        ] GC(369111)   region size 1024K, 1 young (1024K), 1 survivors (1024K)
[2020-12-23T00:08:11.971-0400][gc,heap        ] GC(369111)  Metaspace       used 61001K, capacity 63721K, committed 64768K, reserved 1107968K
[2020-12-23T00:08:11.971-0400][gc,heap        ] GC(369111)   class space    used 5712K, capacity 6559K, committed 6912K, reserved 1048576K
[2020-12-23T00:08:11.971-0400][gc             ] GC(369111) Pause Young (Normal) (G1 Evacuation Pause) 58M->48M(72M) 7.538ms
[2020-12-23T00:08:11.972-0400][gc,cpu         ] GC(369111) User=0.01s Sys=0.02s Real=0.01s
[2020-12-23T00:08:37.032-0400][gc,heap        ] GC(369112) Heap before GC invocations=369088 (full 10681): garbage-first heap   total 73728K, used 58424K [0x0000000083000000, 0x0000000100000000)
[2020-12-23T00:08:37.033-0400][gc,heap        ] GC(369112)   region size 1024K, 11 young (11264K), 1 survivors (1024K)
[2020-12-23T00:08:37.033-0400][gc,heap        ] GC(369112)  Metaspace       used 61001K, capacity 63721K, committed 64768K, reserved 1107968K
[2020-12-23T00:08:37.033-0400][gc,heap        ] GC(369112)   class space    used 5712K, capacity 6559K, committed 6912K, reserved 1048576K
[2020-12-23T00:08:37.033-0400][gc,start       ] GC(369112) Pause Young (Normal) (G1 Evacuation Pause)
[2020-12-23T00:08:37.033-0400][gc,task        ] GC(369112) Using 4 workers of 4 for evacuation
[2020-12-23T00:08:37.039-0400][gc,phases      ] GC(369112)   Pre Evacuate Collection Set: 0.0ms
[2020-12-23T00:08:37.039-0400][gc,phases      ] GC(369112)   Evacuate Collection Set: 3.7ms
[2020-12-23T00:08:37.039-0400][gc,phases      ] GC(369112)   Post Evacuate Collection Set: 1.6ms
[2020-12-23T00:08:37.039-0400][gc,phases      ] GC(369112)   Other: 0.9ms
[2020-12-23T00:08:37.039-0400][gc,heap        ] GC(369112) Eden regions: 10->0(10)
[2020-12-23T00:08:37.039-0400][gc,heap        ] GC(369112) Survivor regions: 1->1(2)
[2020-12-23T00:08:37.039-0400][gc,heap        ] GC(369112) Old regions: 47->47
[2020-12-23T00:08:37.039-0400][gc,heap        ] GC(369112) Humongous regions: 4->4
[2020-12-23T00:08:37.039-0400][gc,metaspace   ] GC(369112) Metaspace: 61001K->61001K(1107968K)
[2020-12-23T00:08:37.039-0400][gc,heap        ] GC(369112) Heap after GC invocations=369089 (full 10681): garbage-first heap   total 73728K, used 49217K [0x0000000083000000, 0x0000000100000000)
[2020-12-23T00:08:37.039-0400][gc,heap        ] GC(369112)   region size 1024K, 1 young (1024K), 1 survivors (1024K)
[2020-12-23T00:08:37.039-0400][gc,heap        ] GC(369112)  Metaspace       used 61001K, capacity 63721K, committed 64768K, reserved 1107968K
[2020-12-23T00:08:37.039-0400][gc,heap        ] GC(369112)   class space    used 5712K, capacity 6559K, committed 6912K, reserved 1048576K
[2020-12-23T00:08:37.039-0400][gc             ] GC(369112) Pause Young (Normal) (G1 Evacuation Pause) 58M->48M(72M) 6.562ms
[2020-12-23T00:08:37.040-0400][gc,cpu         ] GC(369112) User=0.01s Sys=0.01s Real=0.01s
[2020-12-23T00:09:05.717-0400][gc,heap        ] GC(369113) Heap before GC invocations=369089 (full 10681): garbage-first heap   total 73728K, used 59457K [0x0000000083000000, 0x0000000100000000)
[2020-12-23T00:09:05.717-0400][gc,heap        ] GC(369113)   region size 1024K, 11 young (11264K), 1 survivors (1024K)
[2020-12-23T00:09:05.717-0400][gc,heap        ] GC(369113)  Metaspace       used 61001K, capacity 63721K, committed 64768K, reserved 1107968K
[2020-12-23T00:09:05.717-0400][gc,heap        ] GC(369113)   class space    used 5712K, capacity 6559K, committed 6912K, reserved 1048576K
[2020-12-23T00:09:05.717-0400][gc,start       ] GC(369113) Pause Young (Normal) (G1 Evacuation Pause)
[2020-12-23T00:09:05.717-0400][gc,task        ] GC(369113) Using 4 workers of 4 for evacuation
[2020-12-23T00:09:05.724-0400][gc,phases      ] GC(369113)   Pre Evacuate Collection Set: 0.0ms
[2020-12-23T00:09:05.724-0400][gc,phases      ] GC(369113)   Evacuate Collection Set: 4.3ms
[2020-12-23T00:09:05.724-0400][gc,phases      ] GC(369113)   Post Evacuate Collection Set: 1.5ms
[2020-12-23T00:09:05.724-0400][gc,phases      ] GC(369113)   Other: 0.8ms
[2020-12-23T00:09:05.724-0400][gc,heap        ] GC(369113) Eden regions: 10->0(10)
[2020-12-23T00:09:05.724-0400][gc,heap        ] GC(369113) Survivor regions: 1->1(2)
[2020-12-23T00:09:05.724-0400][gc,heap        ] GC(369113) Old regions: 47->47
[2020-12-23T00:09:05.724-0400][gc,heap        ] GC(369113) Humongous regions: 4->4
[2020-12-23T00:09:05.724-0400][gc,metaspace   ] GC(369113) Metaspace: 61001K->61001K(1107968K)
[2020-12-23T00:09:05.724-0400][gc,heap        ] GC(369113) Heap after GC invocations=369090 (full 10681): garbage-first heap   total 73728K, used 49348K [0x0000000083000000, 0x0000000100000000)
[2020-12-23T00:09:05.724-0400][gc,heap        ] GC(369113)   region size 1024K, 1 young (1024K), 1 survivors (1024K)
[2020-12-23T00:09:05.724-0400][gc,heap        ] GC(369113)  Metaspace       used 61001K, capacity 63721K, committed 64768K, reserved 1107968K
[2020-12-23T00:09:05.724-0400][gc,heap        ] GC(369113)   class space    used 5712K, capacity 6559K, committed 6912K, reserved 1048576K
[2020-12-23T00:09:05.724-0400][gc             ] GC(369113) Pause Young (Normal) (G1 Evacuation Pause) 58M->48M(72M) 7.189ms
[2020-12-23T00:09:05.725-0400][gc,cpu         ] GC(369113) User=0.01s Sys=0.01s Real=0.00s
[2020-12-23T00:09:14.445-0400][gc,heap        ] GC(369114) Heap before GC invocations=369090 (full 10681): garbage-first heap   total 73728K, used 58564K [0x0000000083000000, 0x0000000100000000)
[2020-12-23T00:09:14.445-0400][gc,heap        ] GC(369114)   region size 1024K, 11 young (11264K), 1 survivors (1024K)
[2020-12-23T00:09:14.445-0400][gc,heap        ] GC(369114)  Metaspace       used 61001K, capacity 63721K, committed 64768K, reserved 1107968K
[2020-12-23T00:09:14.446-0400][gc,heap        ] GC(369114)   class space    used 5712K, capacity 6559K, committed 6912K, reserved 1048576K
[2020-12-23T00:09:14.446-0400][gc,start       ] GC(369114) Pause Young (Normal) (G1 Evacuation Pause)
[2020-12-23T00:09:14.446-0400][gc,task        ] GC(369114) Using 4 workers of 4 for evacuation
[2020-12-23T00:09:14.453-0400][gc,phases      ] GC(369114)   Pre Evacuate Collection Set: 0.0ms
[2020-12-23T00:09:14.453-0400][gc,phases      ] GC(369114)   Evacuate Collection Set: 4.9ms
[2020-12-23T00:09:14.453-0400][gc,phases      ] GC(369114)   Post Evacuate Collection Set: 1.5ms
[2020-12-23T00:09:14.453-0400][gc,phases      ] GC(369114)   Other: 1.2ms
[2020-12-23T00:09:14.453-0400][gc,heap        ] GC(369114) Eden regions: 10->0(10)
[2020-12-23T00:09:14.453-0400][gc,heap        ] GC(369114) Survivor regions: 1->1(2)
[2020-12-23T00:09:14.453-0400][gc,heap        ] GC(369114) Old regions: 47->47
[2020-12-23T00:09:14.453-0400][gc,heap        ] GC(369114) Humongous regions: 4->4
[2020-12-23T00:09:14.453-0400][gc,metaspace   ] GC(369114) Metaspace: 61001K->61001K(1107968K)
[2020-12-23T00:09:14.453-0400][gc,heap        ] GC(369114) Heap after GC invocations=369091 (full 10681): garbage-first heap   total 73728K, used 49591K [0x0000000083000000, 0x0000000100000000)
[2020-12-23T00:09:14.453-0400][gc,heap        ] GC(369114)   region size 1024K, 1 young (1024K), 1 survivors (1024K)
[2020-12-23T00:09:14.453-0400][gc,heap        ] GC(369114)  Metaspace       used 61001K, capacity 63721K, committed 64768K, reserved 1107968K
[2020-12-23T00:09:14.453-0400][gc,heap        ] GC(369114)   class space    used 5712K, capacity 6559K, committed 6912K, reserved 1048576K
[2020-12-23T00:09:14.453-0400][gc             ] GC(369114) Pause Young (Normal) (G1 Evacuation Pause) 58M->48M(72M) 7.713ms
[2020-12-23T00:09:14.454-0400][gc,cpu         ] GC(369114) User=0.02s Sys=0.02s Real=0.00s
[2020-12-23T00:09:16.496-0400][gc,heap        ] GC(369115) Heap before GC invocations=369091 (full 10681): garbage-first heap   total 73728K, used 58807K [0x0000000083000000, 0x0000000100000000)
[2020-12-23T00:09:16.496-0400][gc,heap        ] GC(369115)   region size 1024K, 11 young (11264K), 1 survivors (1024K)
[2020-12-23T00:09:16.496-0400][gc,heap        ] GC(369115)  Metaspace       used 61001K, capacity 63721K, committed 64768K, reserved 1107968K
[2020-12-23T00:09:16.496-0400][gc,heap        ] GC(369115)   class space    used 5712K, capacity 6559K, committed 6912K, reserved 1048576K
[2020-12-23T00:09:16.496-0400][gc,start       ] GC(369115) Pause Young (Normal) (G1 Evacuation Pause)
[2020-12-23T00:09:16.496-0400][gc,task        ] GC(369115) Using 4 workers of 4 for evacuation
[2020-12-23T00:09:16.504-0400][gc,phases      ] GC(369115)   Pre Evacuate Collection Set: 0.1ms
[2020-12-23T00:09:16.504-0400][gc,phases      ] GC(369115)   Evacuate Collection Set: 5.6ms
[2020-12-23T00:09:16.504-0400][gc,phases      ] GC(369115)   Post Evacuate Collection Set: 1.6ms
[2020-12-23T00:09:16.504-0400][gc,phases      ] GC(369115)   Other: 1.0ms
[2020-12-23T00:09:16.504-0400][gc,heap        ] GC(369115) Eden regions: 10->0(10)
[2020-12-23T00:09:16.504-0400][gc,heap        ] GC(369115) Survivor regions: 1->1(2)
[2020-12-23T00:09:16.504-0400][gc,heap        ] GC(369115) Old regions: 47->47
[2020-12-23T00:09:16.505-0400][gc,heap        ] GC(369115) Humongous regions: 4->4
[2020-12-23T00:09:16.505-0400][gc,metaspace   ] GC(369115) Metaspace: 61001K->61001K(1107968K)
[2020-12-23T00:09:16.505-0400][gc,heap        ] GC(369115) Heap after GC invocations=369092 (full 10681): garbage-first heap   total 73728K, used 49591K [0x0000000083000000, 0x0000000100000000)
[2020-12-23T00:09:16.505-0400][gc,heap        ] GC(369115)   region size 1024K, 1 young (1024K), 1 survivors (1024K)
[2020-12-23T00:09:16.505-0400][gc,heap        ] GC(369115)  Metaspace       used 61001K, capacity 63721K, committed 64768K, reserved 1107968K
[2020-12-23T00:09:16.505-0400][gc,heap        ] GC(369115)   class space    used 5712K, capacity 6559K, committed 6912K, reserved 1048576K
[2020-12-23T00:09:16.505-0400][gc             ] GC(369115) Pause Young (Normal) (G1 Evacuation Pause) 58M->48M(72M) 8.611ms
[2020-12-23T00:09:16.505-0400][gc,cpu         ] GC(369115) User=0.02s Sys=0.00s Real=0.00s
[2020-12-23T00:09:18.714-0400][gc,heap        ] GC(369116) Heap before GC invocations=369092 (full 10681): garbage-first heap   total 73728K, used 58807K [0x0000000083000000, 0x0000000100000000)
[2020-12-23T00:09:18.715-0400][gc,heap        ] GC(369116)   region size 1024K, 11 young (11264K), 1 survivors (1024K)
[2020-12-23T00:09:18.715-0400][gc,heap        ] GC(369116)  Metaspace       used 61001K, capacity 63721K, committed 64768K, reserved 1107968K
[2020-12-23T00:09:18.715-0400][gc,heap        ] GC(369116)   class space    used 5712K, capacity 6559K, committed 6912K, reserved 1048576K
[2020-12-23T00:09:18.715-0400][gc,start       ] GC(369116) Pause Young (Normal) (G1 Evacuation Pause)
[2020-12-23T00:09:18.715-0400][gc,task        ] GC(369116) Using 4 workers of 4 for evacuation
[2020-12-23T00:09:18.722-0400][gc,phases      ] GC(369116)   Pre Evacuate Collection Set: 0.0ms
[2020-12-23T00:09:18.722-0400][gc,phases      ] GC(369116)   Evacuate Collection Set: 5.0ms
[2020-12-23T00:09:18.722-0400][gc,phases      ] GC(369116)   Post Evacuate Collection Set: 1.1ms
[2020-12-23T00:09:18.722-0400][gc,phases      ] GC(369116)   Other: 0.9ms
[2020-12-23T00:09:18.722-0400][gc,heap        ] GC(369116) Eden regions: 10->0(10)
[2020-12-23T00:09:18.722-0400][gc,heap        ] GC(369116) Survivor regions: 1->1(2)
[2020-12-23T00:09:18.722-0400][gc,heap        ] GC(369116) Old regions: 47->47
[2020-12-23T00:09:18.722-0400][gc,heap        ] GC(369116) Humongous regions: 4->4
[2020-12-23T00:09:18.722-0400][gc,metaspace   ] GC(369116) Metaspace: 61001K->61001K(1107968K)
[2020-12-23T00:09:18.722-0400][gc,heap        ] GC(369116) Heap after GC invocations=369093 (full 10681): garbage-first heap   total 73728K, used 49614K [0x0000000083000000, 0x0000000100000000)
[2020-12-23T00:09:18.722-0400][gc,heap        ] GC(369116)   region size 1024K, 1 young (1024K), 1 survivors (1024K)
[2020-12-23T00:09:18.722-0400][gc,heap        ] GC(369116)  Metaspace       used 61001K, capacity 63721K, committed 64768K, reserved 1107968K
[2020-12-23T00:09:18.722-0400][gc,heap        ] GC(369116)   class space    used 5712K, capacity 6559K, committed 6912K, reserved 1048576K
[2020-12-23T00:09:18.722-0400][gc             ] GC(369116) Pause Young (Normal) (G1 Evacuation Pause) 58M->48M(72M) 7.502ms
[2020-12-23T00:09:18.723-0400][gc,cpu         ] GC(369116) User=0.01s Sys=0.01s Real=0.01s
[2020-12-23T00:09:21.495-0400][gc,heap        ] GC(369117) Heap before GC invocations=369093 (full 10681): garbage-first heap   total 73728K, used 58830K [0x0000000083000000, 0x0000000100000000)
[2020-12-23T00:09:21.496-0400][gc,heap        ] GC(369117)   region size 1024K, 11 young (11264K), 1 survivors (1024K)
[2020-12-23T00:09:21.496-0400][gc,heap        ] GC(369117)  Metaspace       used 61001K, capacity 63721K, committed 64768K, reserved 1107968K
[2020-12-23T00:09:21.496-0400][gc,heap        ] GC(369117)   class space    used 5712K, capacity 6559K, committed 6912K, reserved 1048576K
[2020-12-23T00:09:21.496-0400][gc,start       ] GC(369117) Pause Young (Normal) (G1 Evacuation Pause)
[2020-12-23T00:09:21.496-0400][gc,task        ] GC(369117) Using 4 workers of 4 for evacuation
[2020-12-23T00:09:21.503-0400][gc,phases      ] GC(369117)   Pre Evacuate Collection Set: 0.0ms
[2020-12-23T00:09:21.503-0400][gc,phases      ] GC(369117)   Evacuate Collection Set: 5.2ms
[2020-12-23T00:09:21.503-0400][gc,phases      ] GC(369117)   Post Evacuate Collection Set: 1.4ms
[2020-12-23T00:09:21.503-0400][gc,phases      ] GC(369117)   Other: 0.9ms
[2020-12-23T00:09:21.503-0400][gc,heap        ] GC(369117) Eden regions: 10->0(10)
[2020-12-23T00:09:21.503-0400][gc,heap        ] GC(369117) Survivor regions: 1->1(2)
[2020-12-23T00:09:21.503-0400][gc,heap        ] GC(369117) Old regions: 47->47
[2020-12-23T00:09:21.503-0400][gc,heap        ] GC(369117) Humongous regions: 4->4
[2020-12-23T00:09:21.503-0400][gc,metaspace   ] GC(369117) Metaspace: 61001K->61001K(1107968K)
[2020-12-23T00:09:21.503-0400][gc,heap        ] GC(369117) Heap after GC invocations=369094 (full 10681): garbage-first heap   total 73728K, used 49601K [0x0000000083000000, 0x0000000100000000)
[2020-12-23T00:09:21.504-0400][gc,heap        ] GC(369117)   region size 1024K, 1 young (1024K), 1 survivors (1024K)
[2020-12-23T00:09:21.504-0400][gc,heap        ] GC(369117)  Metaspace       used 61001K, capacity 63721K, committed 64768K, reserved 1107968K
[2020-12-23T00:09:21.504-0400][gc,heap        ] GC(369117)   class space    used 5712K, capacity 6559K, committed 6912K, reserved 1048576K
[2020-12-23T00:09:21.504-0400][gc             ] GC(369117) Pause Young (Normal) (G1 Evacuation Pause) 58M->48M(72M) 7.999ms
[2020-12-23T00:09:21.504-0400][gc,cpu         ] GC(369117) User=0.02s Sys=0.01s Real=0.00s
[2020-12-23T00:09:22.623-0400][gc,heap        ] GC(369118) Heap before GC invocations=369094 (full 10681): garbage-first heap   total 73728K, used 58817K [0x0000000083000000, 0x0000000100000000)
[2020-12-23T00:09:22.623-0400][gc,heap        ] GC(369118)   region size 1024K, 11 young (11264K), 1 survivors (1024K)
[2020-12-23T00:09:22.624-0400][gc,heap        ] GC(369118)  Metaspace       used 61001K, capacity 63721K, committed 64768K, reserved 1107968K
[2020-12-23T00:09:22.624-0400][gc,heap        ] GC(369118)   class space    used 5712K, capacity 6559K, committed 6912K, reserved 1048576K
[2020-12-23T00:09:22.624-0400][gc,start       ] GC(369118) Pause Young (Normal) (G1 Evacuation Pause)
[2020-12-23T00:09:22.624-0400][gc,task        ] GC(369118) Using 4 workers of 4 for evacuation
[2020-12-23T00:09:22.633-0400][gc,phases      ] GC(369118)   Pre Evacuate Collection Set: 0.0ms
[2020-12-23T00:09:22.633-0400][gc,phases      ] GC(369118)   Evacuate Collection Set: 6.6ms
[2020-12-23T00:09:22.633-0400][gc,phases      ] GC(369118)   Post Evacuate Collection Set: 2.1ms
[2020-12-23T00:09:22.634-0400][gc,phases      ] GC(369118)   Other: 1.2ms
[2020-12-23T00:09:22.634-0400][gc,heap        ] GC(369118) Eden regions: 10->0(9)
[2020-12-23T00:09:22.634-0400][gc,heap        ] GC(369118) Survivor regions: 1->1(2)
[2020-12-23T00:09:22.634-0400][gc,heap        ] GC(369118) Old regions: 47->47
[2020-12-23T00:09:22.634-0400][gc,heap        ] GC(369118) Humongous regions: 4->4
[2020-12-23T00:09:22.634-0400][gc,metaspace   ] GC(369118) Metaspace: 61001K->61001K(1107968K)
[2020-12-23T00:09:22.634-0400][gc,heap        ] GC(369118) Heap after GC invocations=369095 (full 10681): garbage-first heap   total 73728K, used 49761K [0x0000000083000000, 0x0000000100000000)
[2020-12-23T00:09:22.634-0400][gc,heap        ] GC(369118)   region size 1024K, 1 young (1024K), 1 survivors (1024K)
[2020-12-23T00:09:22.635-0400][gc,heap        ] GC(369118)  Metaspace       used 61001K, capacity 63721K, committed 64768K, reserved 1107968K
[2020-12-23T00:09:22.635-0400][gc,heap        ] GC(369118)   class space    used 5712K, capacity 6559K, committed 6912K, reserved 1048576K
[2020-12-23T00:09:22.635-0400][gc             ] GC(369118) Pause Young (Normal) (G1 Evacuation Pause) 58M->48M(72M) 10.795ms
[2020-12-23T00:09:22.635-0400][gc,cpu         ] GC(369118) User=0.03s Sys=0.00s Real=0.01s
[2020-12-23T00:09:23.359-0400][gc,heap        ] GC(369119) Heap before GC invocations=369095 (full 10681): garbage-first heap   total 73728K, used 57953K [0x0000000083000000, 0x0000000100000000)
[2020-12-23T00:09:23.360-0400][gc,heap        ] GC(369119)   region size 1024K, 10 young (10240K), 1 survivors (1024K)
[2020-12-23T00:09:23.360-0400][gc,heap        ] GC(369119)  Metaspace       used 61001K, capacity 63721K, committed 64768K, reserved 1107968K
[2020-12-23T00:09:23.360-0400][gc,heap        ] GC(369119)   class space    used 5712K, capacity 6559K, committed 6912K, reserved 1048576K
[2020-12-23T00:09:23.360-0400][gc,start       ] GC(369119) Pause Young (Normal) (G1 Evacuation Pause)
[2020-12-23T00:09:23.360-0400][gc,task        ] GC(369119) Using 4 workers of 4 for evacuation
[2020-12-23T00:09:23.368-0400][gc,phases      ] GC(369119)   Pre Evacuate Collection Set: 0.0ms
[2020-12-23T00:09:23.368-0400][gc,phases      ] GC(369119)   Evacuate Collection Set: 6.1ms
[2020-12-23T00:09:23.368-0400][gc,phases      ] GC(369119)   Post Evacuate Collection Set: 1.1ms
[2020-12-23T00:09:23.368-0400][gc,phases      ] GC(369119)   Other: 1.0ms
[2020-12-23T00:09:23.368-0400][gc,heap        ] GC(369119) Eden regions: 9->0(9)
[2020-12-23T00:09:23.368-0400][gc,heap        ] GC(369119) Survivor regions: 1->1(2)
[2020-12-23T00:09:23.368-0400][gc,heap        ] GC(369119) Old regions: 47->47
[2020-12-23T00:09:23.368-0400][gc,heap        ] GC(369119) Humongous regions: 4->4
[2020-12-23T00:09:23.368-0400][gc,metaspace   ] GC(369119) Metaspace: 61001K->61001K(1107968K)
[2020-12-23T00:09:23.368-0400][gc,heap        ] GC(369119) Heap after GC invocations=369096 (full 10681): garbage-first heap   total 73728K, used 49761K [0x0000000083000000, 0x0000000100000000)
[2020-12-23T00:09:23.368-0400][gc,heap        ] GC(369119)   region size 1024K, 1 young (1024K), 1 survivors (1024K)
[2020-12-23T00:09:23.368-0400][gc,heap        ] GC(369119)  Metaspace       used 61001K, capacity 63721K, committed 64768K, reserved 1107968K
[2020-12-23T00:09:23.368-0400][gc,heap        ] GC(369119)   class space    used 5712K, capacity 6559K, committed 6912K, reserved 1048576K
[2020-12-23T00:09:23.368-0400][gc             ] GC(369119) Pause Young (Normal) (G1 Evacuation Pause) 57M->48M(72M) 8.533ms
[2020-12-23T00:09:23.369-0400][gc,cpu         ] GC(369119) User=0.01s Sys=0.01s Real=0.01s
[2020-12-23T00:09:25.467-0400][gc,heap        ] GC(369120) Heap before GC invocations=369096 (full 10681): garbage-first heap   total 73728K, used 58977K [0x0000000083000000, 0x0000000100000000)
[2020-12-23T00:09:25.467-0400][gc,heap        ] GC(369120)   region size 1024K, 10 young (10240K), 1 survivors (1024K)
[2020-12-23T00:09:25.467-0400][gc,heap        ] GC(369120)  Metaspace       used 61001K, capacity 63721K, committed 64768K, reserved 1107968K
[2020-12-23T00:09:25.467-0400][gc,heap        ] GC(369120)   class space    used 5712K, capacity 6559K, committed 6912K, reserved 1048576K
[2020-12-23T00:09:25.467-0400][gc,start       ] GC(369120) Pause Young (Normal) (G1 Evacuation Pause)
[2020-12-23T00:09:25.467-0400][gc,task        ] GC(369120) Using 4 workers of 4 for evacuation
[2020-12-23T00:09:25.475-0400][gc,phases      ] GC(369120)   Pre Evacuate Collection Set: 0.1ms
[2020-12-23T00:09:25.475-0400][gc,phases      ] GC(369120)   Evacuate Collection Set: 5.8ms
[2020-12-23T00:09:25.475-0400][gc,phases      ] GC(369120)   Post Evacuate Collection Set: 1.2ms
[2020-12-23T00:09:25.475-0400][gc,phases      ] GC(369120)   Other: 1.0ms
[2020-12-23T00:09:25.475-0400][gc,heap        ] GC(369120) Eden regions: 9->0(9)
[2020-12-23T00:09:25.475-0400][gc,heap        ] GC(369120) Survivor regions: 1->1(2)
[2020-12-23T00:09:25.475-0400][gc,heap        ] GC(369120) Old regions: 47->47
[2020-12-23T00:09:25.475-0400][gc,heap        ] GC(369120) Humongous regions: 4->4
[2020-12-23T00:09:25.476-0400][gc,metaspace   ] GC(369120) Metaspace: 61001K->61001K(1107968K)
[2020-12-23T00:09:25.476-0400][gc,heap        ] GC(369120) Heap after GC invocations=369097 (full 10681): garbage-first heap   total 73728K, used 49761K [0x0000000083000000, 0x0000000100000000)
[2020-12-23T00:09:25.476-0400][gc,heap        ] GC(369120)   region size 1024K, 1 young (1024K), 1 survivors (1024K)
[2020-12-23T00:09:25.476-0400][gc,heap        ] GC(369120)  Metaspace       used 61001K, capacity 63721K, committed 64768K, reserved 1107968K
[2020-12-23T00:09:25.476-0400][gc,heap        ] GC(369120)   class space    used 5712K, capacity 6559K, committed 6912K, reserved 1048576K
[2020-12-23T00:09:25.476-0400][gc             ] GC(369120) Pause Young (Normal) (G1 Evacuation Pause) 57M->48M(72M) 8.634ms
[2020-12-23T00:09:25.476-0400][gc,cpu         ] GC(369120) User=0.02s Sys=0.00s Real=0.01s
[2020-12-23T00:09:27.051-0400][gc,heap        ] GC(369121) Heap before GC invocations=369097 (full 10681): garbage-first heap   total 73728K, used 57953K [0x0000000083000000, 0x0000000100000000)
[2020-12-23T00:09:27.051-0400][gc,heap        ] GC(369121)   region size 1024K, 10 young (10240K), 1 survivors (1024K)
[2020-12-23T00:09:27.051-0400][gc,heap        ] GC(369121)  Metaspace       used 61001K, capacity 63721K, committed 64768K, reserved 1107968K
[2020-12-23T00:09:27.051-0400][gc,heap        ] GC(369121)   class space    used 5712K, capacity 6559K, committed 6912K, reserved 1048576K
[2020-12-23T00:09:27.051-0400][gc,start       ] GC(369121) Pause Young (Normal) (G1 Evacuation Pause)
[2020-12-23T00:09:27.051-0400][gc,task        ] GC(369121) Using 4 workers of 4 for evacuation
[2020-12-23T00:09:27.059-0400][gc,phases      ] GC(369121)   Pre Evacuate Collection Set: 0.1ms
[2020-12-23T00:09:27.059-0400][gc,phases      ] GC(369121)   Evacuate Collection Set: 5.7ms
[2020-12-23T00:09:27.059-0400][gc,phases      ] GC(369121)   Post Evacuate Collection Set: 1.5ms
[2020-12-23T00:09:27.059-0400][gc,phases      ] GC(369121)   Other: 1.2ms
[2020-12-23T00:09:27.060-0400][gc,heap        ] GC(369121) Eden regions: 9->0(9)
[2020-12-23T00:09:27.060-0400][gc,heap        ] GC(369121) Survivor regions: 1->1(2)
[2020-12-23T00:09:27.060-0400][gc,heap        ] GC(369121) Old regions: 47->47
[2020-12-23T00:09:27.060-0400][gc,heap        ] GC(369121) Humongous regions: 4->4
[2020-12-23T00:09:27.060-0400][gc,metaspace   ] GC(369121) Metaspace: 61001K->61001K(1107968K)
[2020-12-23T00:09:27.060-0400][gc,heap        ] GC(369121) Heap after GC invocations=369098 (full 10681): garbage-first heap   total 73728K, used 49697K [0x0000000083000000, 0x0000000100000000)
[2020-12-23T00:09:27.060-0400][gc,heap        ] GC(369121)   region size 1024K, 1 young (1024K), 1 survivors (1024K)
[2020-12-23T00:09:27.060-0400][gc,heap        ] GC(369121)  Metaspace       used 61001K, capacity 63721K, committed 64768K, reserved 1107968K
[2020-12-23T00:09:27.060-0400][gc,heap        ] GC(369121)   class space    used 5712K, capacity 6559K, committed 6912K, reserved 1048576K
[2020-12-23T00:09:27.060-0400][gc             ] GC(369121) Pause Young (Normal) (G1 Evacuation Pause) 57M->48M(72M) 9.053ms
[2020-12-23T00:09:27.060-0400][gc,cpu         ] GC(369121) User=0.01s Sys=0.01s Real=0.01s
[2020-12-23T00:09:28.941-0400][gc,heap        ] GC(369122) Heap before GC invocations=369098 (full 10681): garbage-first heap   total 73728K, used 57889K [0x0000000083000000, 0x0000000100000000)
[2020-12-23T00:09:28.942-0400][gc,heap        ] GC(369122)   region size 1024K, 10 young (10240K), 1 survivors (1024K)
[2020-12-23T00:09:28.942-0400][gc,heap        ] GC(369122)  Metaspace       used 61001K, capacity 63721K, committed 64768K, reserved 1107968K
[2020-12-23T00:09:28.942-0400][gc,heap        ] GC(369122)   class space    used 5712K, capacity 6559K, committed 6912K, reserved 1048576K
[2020-12-23T00:09:28.942-0400][gc,start       ] GC(369122) Pause Young (Normal) (G1 Evacuation Pause)
[2020-12-23T00:09:28.942-0400][gc,task        ] GC(369122) Using 4 workers of 4 for evacuation
[2020-12-23T00:09:28.950-0400][gc,phases      ] GC(369122)   Pre Evacuate Collection Set: 0.0ms
[2020-12-23T00:09:28.950-0400][gc,phases      ] GC(369122)   Evacuate Collection Set: 5.7ms
[2020-12-23T00:09:28.950-0400][gc,phases      ] GC(369122)   Post Evacuate Collection Set: 1.3ms
[2020-12-23T00:09:28.950-0400][gc,phases      ] GC(369122)   Other: 1.0ms
[2020-12-23T00:09:28.950-0400][gc,heap        ] GC(369122) Eden regions: 9->0(9)
[2020-12-23T00:09:28.950-0400][gc,heap        ] GC(369122) Survivor regions: 1->1(2)
[2020-12-23T00:09:28.950-0400][gc,heap        ] GC(369122) Old regions: 47->47
[2020-12-23T00:09:28.950-0400][gc,heap        ] GC(369122) Humongous regions: 4->4
[2020-12-23T00:09:28.950-0400][gc,metaspace   ] GC(369122) Metaspace: 61001K->61001K(1107968K)
[2020-12-23T00:09:28.950-0400][gc,heap        ] GC(369122) Heap after GC invocations=369099 (full 10681): garbage-first heap   total 73728K, used 49659K [0x0000000083000000, 0x0000000100000000)
[2020-12-23T00:09:28.950-0400][gc,heap        ] GC(369122)   region size 1024K, 1 young (1024K), 1 survivors (1024K)
[2020-12-23T00:09:28.950-0400][gc,heap        ] GC(369122)  Metaspace       used 61001K, capacity 63721K, committed 64768K, reserved 1107968K
[2020-12-23T00:09:28.950-0400][gc,heap        ] GC(369122)   class space    used 5712K, capacity 6559K, committed 6912K, reserved 1048576K
[2020-12-23T00:09:28.950-0400][gc             ] GC(369122) Pause Young (Normal) (G1 Evacuation Pause) 57M->48M(72M) 8.475ms
[2020-12-23T00:09:28.951-0400][gc,cpu         ] GC(369122) User=0.03s Sys=0.00s Real=0.01s
[2020-12-23T00:09:30.692-0400][gc,heap        ] GC(369123) Heap before GC invocations=369099 (full 10681): garbage-first heap   total 73728K, used 57851K [0x0000000083000000, 0x0000000100000000)
[2020-12-23T00:09:30.692-0400][gc,heap        ] GC(369123)   region size 1024K, 10 young (10240K), 1 survivors (1024K)
[2020-12-23T00:09:30.692-0400][gc,heap        ] GC(369123)  Metaspace       used 61001K, capacity 63721K, committed 64768K, reserved 1107968K
[2020-12-23T00:09:30.692-0400][gc,heap        ] GC(369123)   class space    used 5712K, capacity 6559K, committed 6912K, reserved 1048576K
[2020-12-23T00:09:30.692-0400][gc,start       ] GC(369123) Pause Young (Normal) (G1 Evacuation Pause)
[2020-12-23T00:09:30.692-0400][gc,task        ] GC(369123) Using 4 workers of 4 for evacuation
[2020-12-23T00:09:30.699-0400][gc,phases      ] GC(369123)   Pre Evacuate Collection Set: 0.0ms
[2020-12-23T00:09:30.699-0400][gc,phases      ] GC(369123)   Evacuate Collection Set: 5.2ms
[2020-12-23T00:09:30.699-0400][gc,phases      ] GC(369123)   Post Evacuate Collection Set: 1.4ms
[2020-12-23T00:09:30.700-0400][gc,phases      ] GC(369123)   Other: 0.8ms
[2020-12-23T00:09:30.700-0400][gc,heap        ] GC(369123) Eden regions: 9->0(9)
[2020-12-23T00:09:30.700-0400][gc,heap        ] GC(369123) Survivor regions: 1->1(2)
[2020-12-23T00:09:30.700-0400][gc,heap        ] GC(369123) Old regions: 47->48
[2020-12-23T00:09:30.700-0400][gc,heap        ] GC(369123) Humongous regions: 4->4
[2020-12-23T00:09:30.700-0400][gc,metaspace   ] GC(369123) Metaspace: 61001K->61001K(1107968K)
[2020-12-23T00:09:30.700-0400][gc,heap        ] GC(369123) Heap after GC invocations=369100 (full 10681): garbage-first heap   total 73728K, used 49702K [0x0000000083000000, 0x0000000100000000)
[2020-12-23T00:09:30.700-0400][gc,heap        ] GC(369123)   region size 1024K, 1 young (1024K), 1 survivors (1024K)
[2020-12-23T00:09:30.700-0400][gc,heap        ] GC(369123)  Metaspace       used 61001K, capacity 63721K, committed 64768K, reserved 1107968K
[2020-12-23T00:09:30.700-0400][gc,heap        ] GC(369123)   class space    used 5712K, capacity 6559K, committed 6912K, reserved 1048576K
[2020-12-23T00:09:30.700-0400][gc             ] GC(369123) Pause Young (Normal) (G1 Evacuation Pause) 57M->48M(72M) 7.984ms
[2020-12-23T00:09:30.700-0400][gc,cpu         ] GC(369123) User=0.02s Sys=0.00s Real=0.01s
[2020-12-23T00:09:33.609-0400][gc,heap        ] GC(369124) Heap before GC invocations=369100 (full 10681): garbage-first heap   total 73728K, used 57894K [0x0000000083000000, 0x0000000100000000)
[2020-12-23T00:09:33.609-0400][gc,heap        ] GC(369124)   region size 1024K, 10 young (10240K), 1 survivors (1024K)
[2020-12-23T00:09:33.609-0400][gc,heap        ] GC(369124)  Metaspace       used 61001K, capacity 63721K, committed 64768K, reserved 1107968K
[2020-12-23T00:09:33.610-0400][gc,heap        ] GC(369124)   class space    used 5712K, capacity 6559K, committed 6912K, reserved 1048576K
[2020-12-23T00:09:33.610-0400][gc,start       ] GC(369124) Pause Young (Normal) (G1 Evacuation Pause)
[2020-12-23T00:09:33.610-0400][gc,task        ] GC(369124) Using 4 workers of 4 for evacuation
[2020-12-23T00:09:33.619-0400][gc,phases      ] GC(369124)   Pre Evacuate Collection Set: 0.0ms
[2020-12-23T00:09:33.619-0400][gc,phases      ] GC(369124)   Evacuate Collection Set: 7.3ms
[2020-12-23T00:09:33.619-0400][gc,phases      ] GC(369124)   Post Evacuate Collection Set: 1.2ms
[2020-12-23T00:09:33.619-0400][gc,phases      ] GC(369124)   Other: 1.1ms
[2020-12-23T00:09:33.619-0400][gc,heap        ] GC(369124) Eden regions: 9->0(8)
[2020-12-23T00:09:33.619-0400][gc,heap        ] GC(369124) Survivor regions: 1->1(2)
[2020-12-23T00:09:33.619-0400][gc,heap        ] GC(369124) Old regions: 48->48
[2020-12-23T00:09:33.619-0400][gc,heap        ] GC(369124) Humongous regions: 4->4
[2020-12-23T00:09:33.619-0400][gc,metaspace   ] GC(369124) Metaspace: 61001K->61001K(1107968K)
[2020-12-23T00:09:33.619-0400][gc,heap        ] GC(369124) Heap after GC invocations=369101 (full 10681): garbage-first heap   total 73728K, used 49725K [0x0000000083000000, 0x0000000100000000)
[2020-12-23T00:09:33.619-0400][gc,heap        ] GC(369124)   region size 1024K, 1 young (1024K), 1 survivors (1024K)
[2020-12-23T00:09:33.619-0400][gc,heap        ] GC(369124)  Metaspace       used 61001K, capacity 63721K, committed 64768K, reserved 1107968K
[2020-12-23T00:09:33.619-0400][gc,heap        ] GC(369124)   class space    used 5712K, capacity 6559K, committed 6912K, reserved 1048576K
[2020-12-23T00:09:33.620-0400][gc             ] GC(369124) Pause Young (Normal) (G1 Evacuation Pause) 57M->48M(72M) 9.774ms
[2020-12-23T00:09:33.620-0400][gc,cpu         ] GC(369124) User=0.01s Sys=0.02s Real=0.01s
[2020-12-23T00:09:44.133-0400][gc,heap        ] GC(369125) Heap before GC invocations=369101 (full 10681): garbage-first heap   total 73728K, used 56893K [0x0000000083000000, 0x0000000100000000)
[2020-12-23T00:09:44.133-0400][gc,heap        ] GC(369125)   region size 1024K, 9 young (9216K), 1 survivors (1024K)
[2020-12-23T00:09:44.133-0400][gc,heap        ] GC(369125)  Metaspace       used 61001K, capacity 63721K, committed 64768K, reserved 1107968K
[2020-12-23T00:09:44.133-0400][gc,heap        ] GC(369125)   class space    used 5712K, capacity 6559K, committed 6912K, reserved 1048576K
[2020-12-23T00:09:44.134-0400][gc,start       ] GC(369125) Pause Young (Normal) (G1 Evacuation Pause)
[2020-12-23T00:09:44.134-0400][gc,task        ] GC(369125) Using 4 workers of 4 for evacuation
[2020-12-23T00:09:44.141-0400][gc,phases      ] GC(369125)   Pre Evacuate Collection Set: 0.0ms
[2020-12-23T00:09:44.141-0400][gc,phases      ] GC(369125)   Evacuate Collection Set: 5.5ms
[2020-12-23T00:09:44.141-0400][gc,phases      ] GC(369125)   Post Evacuate Collection Set: 1.3ms
[2020-12-23T00:09:44.141-0400][gc,phases      ] GC(369125)   Other: 1.1ms
[2020-12-23T00:09:44.141-0400][gc,heap        ] GC(369125) Eden regions: 8->0(8)
[2020-12-23T00:09:44.141-0400][gc,heap        ] GC(369125) Survivor regions: 1->1(2)
[2020-12-23T00:09:44.141-0400][gc,heap        ] GC(369125) Old regions: 48->48
[2020-12-23T00:09:44.142-0400][gc,heap        ] GC(369125) Humongous regions: 4->4
[2020-12-23T00:09:44.142-0400][gc,metaspace   ] GC(369125) Metaspace: 61001K->61001K(1107968K)
[2020-12-23T00:09:44.142-0400][gc,heap        ] GC(369125) Heap after GC invocations=369102 (full 10681): garbage-first heap   total 73728K, used 49806K [0x0000000083000000, 0x0000000100000000)
[2020-12-23T00:09:44.142-0400][gc,heap        ] GC(369125)   region size 1024K, 1 young (1024K), 1 survivors (1024K)
[2020-12-23T00:09:44.142-0400][gc,heap        ] GC(369125)  Metaspace       used 61001K, capacity 63721K, committed 64768K, reserved 1107968K
[2020-12-23T00:09:44.142-0400][gc,heap        ] GC(369125)   class space    used 5712K, capacity 6559K, committed 6912K, reserved 1048576K
[2020-12-23T00:09:44.142-0400][gc             ] GC(369125) Pause Young (Normal) (G1 Evacuation Pause) 56M->48M(72M) 8.333ms
[2020-12-23T00:09:44.142-0400][gc,cpu         ] GC(369125) User=0.02s Sys=0.01s Real=0.01s
[2020-12-23T00:09:55.490-0400][gc,heap        ] GC(369126) Heap before GC invocations=369102 (full 10681): garbage-first heap   total 73728K, used 56974K [0x0000000083000000, 0x0000000100000000)
[2020-12-23T00:09:55.490-0400][gc,heap        ] GC(369126)   region size 1024K, 9 young (9216K), 1 survivors (1024K)
[2020-12-23T00:09:55.490-0400][gc,heap        ] GC(369126)  Metaspace       used 61001K, capacity 63721K, committed 64768K, reserved 1107968K
[2020-12-23T00:09:55.490-0400][gc,heap        ] GC(369126)   class space    used 5712K, capacity 6559K, committed 6912K, reserved 1048576K
[2020-12-23T00:09:55.490-0400][gc,start       ] GC(369126) Pause Young (Normal) (G1 Evacuation Pause)
[2020-12-23T00:09:55.490-0400][gc,task        ] GC(369126) Using 4 workers of 4 for evacuation
[2020-12-23T00:09:55.498-0400][gc,phases      ] GC(369126)   Pre Evacuate Collection Set: 0.0ms
[2020-12-23T00:09:55.498-0400][gc,phases      ] GC(369126)   Evacuate Collection Set: 4.9ms
[2020-12-23T00:09:55.498-0400][gc,phases      ] GC(369126)   Post Evacuate Collection Set: 1.5ms
[2020-12-23T00:09:55.498-0400][gc,phases      ] GC(369126)   Other: 0.9ms
[2020-12-23T00:09:55.498-0400][gc,heap        ] GC(369126) Eden regions: 8->0(8)
[2020-12-23T00:09:55.498-0400][gc,heap        ] GC(369126) Survivor regions: 1->1(2)
[2020-12-23T00:09:55.498-0400][gc,heap        ] GC(369126) Old regions: 48->48
[2020-12-23T00:09:55.498-0400][gc,heap        ] GC(369126) Humongous regions: 4->4
[2020-12-23T00:09:55.498-0400][gc,metaspace   ] GC(369126) Metaspace: 61001K->61001K(1107968K)
[2020-12-23T00:09:55.498-0400][gc,heap        ] GC(369126) Heap after GC invocations=369103 (full 10681): garbage-first heap   total 73728K, used 49688K [0x0000000083000000, 0x0000000100000000)
[2020-12-23T00:09:55.498-0400][gc,heap        ] GC(369126)   region size 1024K, 1 young (1024K), 1 survivors (1024K)
[2020-12-23T00:09:55.498-0400][gc,heap        ] GC(369126)  Metaspace       used 61001K, capacity 63721K, committed 64768K, reserved 1107968K
[2020-12-23T00:09:55.498-0400][gc,heap        ] GC(369126)   class space    used 5712K, capacity 6559K, committed 6912K, reserved 1048576K
[2020-12-23T00:09:55.498-0400][gc             ] GC(369126) Pause Young (Normal) (G1 Evacuation Pause) 56M->48M(72M) 7.819ms
[2020-12-23T00:09:55.498-0400][gc,cpu         ] GC(369126) User=0.01s Sys=0.01s Real=0.01s
[2020-12-23T00:10:07.258-0400][gc,heap        ] GC(369127) Heap before GC invocations=369103 (full 10681): garbage-first heap   total 73728K, used 57880K [0x0000000083000000, 0x0000000100000000)
[2020-12-23T00:10:07.258-0400][gc,heap        ] GC(369127)   region size 1024K, 9 young (9216K), 1 survivors (1024K)
[2020-12-23T00:10:07.258-0400][gc,heap        ] GC(369127)  Metaspace       used 61001K, capacity 63721K, committed 64768K, reserved 1107968K
[2020-12-23T00:10:07.259-0400][gc,heap        ] GC(369127)   class space    used 5712K, capacity 6559K, committed 6912K, reserved 1048576K
[2020-12-23T00:10:07.259-0400][gc,start       ] GC(369127) Pause Young (Normal) (G1 Evacuation Pause)
[2020-12-23T00:10:07.259-0400][gc,task        ] GC(369127) Using 4 workers of 4 for evacuation
[2020-12-23T00:10:07.266-0400][gc,phases      ] GC(369127)   Pre Evacuate Collection Set: 0.0ms
[2020-12-23T00:10:07.266-0400][gc,phases      ] GC(369127)   Evacuate Collection Set: 4.9ms
[2020-12-23T00:10:07.266-0400][gc,phases      ] GC(369127)   Post Evacuate Collection Set: 1.5ms
[2020-12-23T00:10:07.266-0400][gc,phases      ] GC(369127)   Other: 1.1ms
[2020-12-23T00:10:07.266-0400][gc,heap        ] GC(369127) Eden regions: 8->0(8)
[2020-12-23T00:10:07.266-0400][gc,heap        ] GC(369127) Survivor regions: 1->1(2)
[2020-12-23T00:10:07.266-0400][gc,heap        ] GC(369127) Old regions: 48->48
[2020-12-23T00:10:07.266-0400][gc,heap        ] GC(369127) Humongous regions: 4->4
[2020-12-23T00:10:07.266-0400][gc,metaspace   ] GC(369127) Metaspace: 61001K->61001K(1107968K)
[2020-12-23T00:10:07.266-0400][gc,heap        ] GC(369127) Heap after GC invocations=369104 (full 10681): garbage-first heap   total 73728K, used 49725K [0x0000000083000000, 0x0000000100000000)
[2020-12-23T00:10:07.266-0400][gc,heap        ] GC(369127)   region size 1024K, 1 young (1024K), 1 survivors (1024K)
[2020-12-23T00:10:07.266-0400][gc,heap        ] GC(369127)  Metaspace       used 61001K, capacity 63721K, committed 64768K, reserved 1107968K
[2020-12-23T00:10:07.266-0400][gc,heap        ] GC(369127)   class space    used 5712K, capacity 6559K, committed 6912K, reserved 1048576K
[2020-12-23T00:10:07.266-0400][gc             ] GC(369127) Pause Young (Normal) (G1 Evacuation Pause) 56M->48M(72M) 7.707ms
[2020-12-23T00:10:07.267-0400][gc,cpu         ] GC(369127) User=0.02s Sys=0.01s Real=0.01s
[2020-12-23T00:10:17.721-0400][gc,heap        ] GC(369128) Heap before GC invocations=369104 (full 10681): garbage-first heap   total 73728K, used 56893K [0x0000000083000000, 0x0000000100000000)
[2020-12-23T00:10:17.721-0400][gc,heap        ] GC(369128)   region size 1024K, 9 young (9216K), 1 survivors (1024K)
[2020-12-23T00:10:17.721-0400][gc,heap        ] GC(369128)  Metaspace       used 61001K, capacity 63721K, committed 64768K, reserved 1107968K
[2020-12-23T00:10:17.721-0400][gc,heap        ] GC(369128)   class space    used 5712K, capacity 6559K, committed 6912K, reserved 1048576K
[2020-12-23T00:10:17.721-0400][gc,start       ] GC(369128) Pause Young (Normal) (G1 Evacuation Pause)
[2020-12-23T00:10:17.721-0400][gc,task        ] GC(369128) Using 4 workers of 4 for evacuation
[2020-12-23T00:10:17.728-0400][gc,phases      ] GC(369128)   Pre Evacuate Collection Set: 0.0ms
[2020-12-23T00:10:17.728-0400][gc,phases      ] GC(369128)   Evacuate Collection Set: 4.8ms
[2020-12-23T00:10:17.728-0400][gc,phases      ] GC(369128)   Post Evacuate Collection Set: 1.3ms
[2020-12-23T00:10:17.728-0400][gc,phases      ] GC(369128)   Other: 0.9ms
[2020-12-23T00:10:17.728-0400][gc,heap        ] GC(369128) Eden regions: 8->0(8)
[2020-12-23T00:10:17.728-0400][gc,heap        ] GC(369128) Survivor regions: 1->1(2)
[2020-12-23T00:10:17.728-0400][gc,heap        ] GC(369128) Old regions: 48->48
[2020-12-23T00:10:17.728-0400][gc,heap        ] GC(369128) Humongous regions: 4->4
[2020-12-23T00:10:17.728-0400][gc,metaspace   ] GC(369128) Metaspace: 61001K->61001K(1107968K)
[2020-12-23T00:10:17.728-0400][gc,heap        ] GC(369128) Heap after GC invocations=369105 (full 10681): garbage-first heap   total 73728K, used 49650K [0x0000000083000000, 0x0000000100000000)
[2020-12-23T00:10:17.728-0400][gc,heap        ] GC(369128)   region size 1024K, 1 young (1024K), 1 survivors (1024K)
[2020-12-23T00:10:17.728-0400][gc,heap        ] GC(369128)  Metaspace       used 61001K, capacity 63721K, committed 64768K, reserved 1107968K
[2020-12-23T00:10:17.728-0400][gc,heap        ] GC(369128)   class space    used 5712K, capacity 6559K, committed 6912K, reserved 1048576K
[2020-12-23T00:10:17.728-0400][gc             ] GC(369128) Pause Young (Normal) (G1 Evacuation Pause) 56M->48M(72M) 7.368ms
[2020-12-23T00:10:17.729-0400][gc,cpu         ] GC(369128) User=0.01s Sys=0.01s Real=0.01s
[2020-12-23T00:10:25.178-0400][gc,heap        ] GC(369129) Heap before GC invocations=369105 (full 10681): garbage-first heap   total 73728K, used 56818K [0x0000000083000000, 0x0000000100000000)
[2020-12-23T00:10:25.178-0400][gc,heap        ] GC(369129)   region size 1024K, 9 young (9216K), 1 survivors (1024K)
[2020-12-23T00:10:25.178-0400][gc,heap        ] GC(369129)  Metaspace       used 61001K, capacity 63721K, committed 64768K, reserved 1107968K
[2020-12-23T00:10:25.178-0400][gc,heap        ] GC(369129)   class space    used 5712K, capacity 6559K, committed 6912K, reserved 1048576K
[2020-12-23T00:10:25.178-0400][gc,start       ] GC(369129) Pause Young (Normal) (G1 Evacuation Pause)
[2020-12-23T00:10:25.178-0400][gc,task        ] GC(369129) Using 4 workers of 4 for evacuation
[2020-12-23T00:10:25.185-0400][gc,phases      ] GC(369129)   Pre Evacuate Collection Set: 0.0ms
[2020-12-23T00:10:25.185-0400][gc,phases      ] GC(369129)   Evacuate Collection Set: 4.7ms
[2020-12-23T00:10:25.185-0400][gc,phases      ] GC(369129)   Post Evacuate Collection Set: 1.8ms
[2020-12-23T00:10:25.185-0400][gc,phases      ] GC(369129)   Other: 0.8ms
[2020-12-23T00:10:25.185-0400][gc,heap        ] GC(369129) Eden regions: 8->0(8)
[2020-12-23T00:10:25.186-0400][gc,heap        ] GC(369129) Survivor regions: 1->1(2)
[2020-12-23T00:10:25.186-0400][gc,heap        ] GC(369129) Old regions: 48->48
[2020-12-23T00:10:25.186-0400][gc,heap        ] GC(369129) Humongous regions: 4->4
[2020-12-23T00:10:25.186-0400][gc,metaspace   ] GC(369129) Metaspace: 61001K->61001K(1107968K)
[2020-12-23T00:10:25.186-0400][gc,heap        ] GC(369129) Heap after GC invocations=369106 (full 10681): garbage-first heap   total 73728K, used 49655K [0x0000000083000000, 0x0000000100000000)
[2020-12-23T00:10:25.186-0400][gc,heap        ] GC(369129)   region size 1024K, 1 young (1024K), 1 survivors (1024K)
[2020-12-23T00:10:25.186-0400][gc,heap        ] GC(369129)  Metaspace       used 61001K, capacity 63721K, committed 64768K, reserved 1107968K
[2020-12-23T00:10:25.186-0400][gc,heap        ] GC(369129)   class space    used 5712K, capacity 6559K, committed 6912K, reserved 1048576K
[2020-12-23T00:10:25.186-0400][gc             ] GC(369129) Pause Young (Normal) (G1 Evacuation Pause) 56M->48M(72M) 7.944ms
[2020-12-23T00:10:25.186-0400][gc,cpu         ] GC(369129) User=0.02s Sys=0.00s Real=0.01s
[2020-12-23T00:10:36.867-0400][gc,heap        ] GC(369130) Heap before GC invocations=369106 (full 10681): garbage-first heap   total 73728K, used 56823K [0x0000000083000000, 0x0000000100000000)
[2020-12-23T00:10:36.867-0400][gc,heap        ] GC(369130)   region size 1024K, 9 young (9216K), 1 survivors (1024K)
[2020-12-23T00:10:36.867-0400][gc,heap        ] GC(369130)  Metaspace       used 61001K, capacity 63721K, committed 64768K, reserved 1107968K
[2020-12-23T00:10:36.867-0400][gc,heap        ] GC(369130)   class space    used 5712K, capacity 6559K, committed 6912K, reserved 1048576K
[2020-12-23T00:10:36.867-0400][gc,start       ] GC(369130) Pause Young (Normal) (G1 Evacuation Pause)
[2020-12-23T00:10:36.867-0400][gc,task        ] GC(369130) Using 4 workers of 4 for evacuation
[2020-12-23T00:10:36.873-0400][gc,phases      ] GC(369130)   Pre Evacuate Collection Set: 0.0ms
[2020-12-23T00:10:36.874-0400][gc,phases      ] GC(369130)   Evacuate Collection Set: 4.6ms
[2020-12-23T00:10:36.874-0400][gc,phases      ] GC(369130)   Post Evacuate Collection Set: 1.4ms
[2020-12-23T00:10:36.874-0400][gc,phases      ] GC(369130)   Other: 0.8ms
[2020-12-23T00:10:36.874-0400][gc,heap        ] GC(369130) Eden regions: 8->0(8)
[2020-12-23T00:10:36.874-0400][gc,heap        ] GC(369130) Survivor regions: 1->1(2)
[2020-12-23T00:10:36.874-0400][gc,heap        ] GC(369130) Old regions: 48->48
[2020-12-23T00:10:36.874-0400][gc,heap        ] GC(369130) Humongous regions: 4->4
[2020-12-23T00:10:36.874-0400][gc,metaspace   ] GC(369130) Metaspace: 61001K->61001K(1107968K)
[2020-12-23T00:10:36.874-0400][gc,heap        ] GC(369130) Heap after GC invocations=369107 (full 10681): garbage-first heap   total 73728K, used 49689K [0x0000000083000000, 0x0000000100000000)
[2020-12-23T00:10:36.874-0400][gc,heap        ] GC(369130)   region size 1024K, 1 young (1024K), 1 survivors (1024K)
[2020-12-23T00:10:36.874-0400][gc,heap        ] GC(369130)  Metaspace       used 61001K, capacity 63721K, committed 64768K, reserved 1107968K
[2020-12-23T00:10:36.874-0400][gc,heap        ] GC(369130)   class space    used 5712K, capacity 6559K, committed 6912K, reserved 1048576K
[2020-12-23T00:10:36.874-0400][gc             ] GC(369130) Pause Young (Normal) (G1 Evacuation Pause) 56M->48M(72M) 7.299ms
[2020-12-23T00:10:36.874-0400][gc,cpu         ] GC(369130) User=0.01s Sys=0.01s Real=0.00s
[2020-12-23T00:10:44.736-0400][gc,heap        ] GC(369131) Heap before GC invocations=369107 (full 10681): garbage-first heap   total 73728K, used 56857K [0x0000000083000000, 0x0000000100000000)
[2020-12-23T00:10:44.736-0400][gc,heap        ] GC(369131)   region size 1024K, 9 young (9216K), 1 survivors (1024K)
[2020-12-23T00:10:44.736-0400][gc,heap        ] GC(369131)  Metaspace       used 61001K, capacity 63721K, committed 64768K, reserved 1107968K
[2020-12-23T00:10:44.736-0400][gc,heap        ] GC(369131)   class space    used 5712K, capacity 6559K, committed 6912K, reserved 1048576K
[2020-12-23T00:10:44.737-0400][gc,start       ] GC(369131) Pause Young (Normal) (G1 Evacuation Pause)
[2020-12-23T00:10:44.737-0400][gc,task        ] GC(369131) Using 4 workers of 4 for evacuation
[2020-12-23T00:10:44.744-0400][gc,phases      ] GC(369131)   Pre Evacuate Collection Set: 0.0ms
[2020-12-23T00:10:44.744-0400][gc,phases      ] GC(369131)   Evacuate Collection Set: 5.8ms
[2020-12-23T00:10:44.744-0400][gc,phases      ] GC(369131)   Post Evacuate Collection Set: 1.2ms
[2020-12-23T00:10:44.744-0400][gc,phases      ] GC(369131)   Other: 0.9ms
[2020-12-23T00:10:44.744-0400][gc,heap        ] GC(369131) Eden regions: 8->0(8)
[2020-12-23T00:10:44.744-0400][gc,heap        ] GC(369131) Survivor regions: 1->1(2)
[2020-12-23T00:10:44.744-0400][gc,heap        ] GC(369131) Old regions: 48->48
[2020-12-23T00:10:44.744-0400][gc,heap        ] GC(369131) Humongous regions: 4->4
[2020-12-23T00:10:44.745-0400][gc,metaspace   ] GC(369131) Metaspace: 61001K->61001K(1107968K)
[2020-12-23T00:10:44.745-0400][gc,heap        ] GC(369131) Heap after GC invocations=369108 (full 10681): garbage-first heap   total 73728K, used 49876K [0x0000000083000000, 0x0000000100000000)
[2020-12-23T00:10:44.745-0400][gc,heap        ] GC(369131)   region size 1024K, 1 young (1024K), 1 survivors (1024K)
[2020-12-23T00:10:44.745-0400][gc,heap        ] GC(369131)  Metaspace       used 61001K, capacity 63721K, committed 64768K, reserved 1107968K
[2020-12-23T00:10:44.745-0400][gc,heap        ] GC(369131)   class space    used 5712K, capacity 6559K, committed 6912K, reserved 1048576K
[2020-12-23T00:10:44.745-0400][gc             ] GC(369131) Pause Young (Normal) (G1 Evacuation Pause) 56M->48M(72M) 8.355ms
[2020-12-23T00:10:44.745-0400][gc,cpu         ] GC(369131) User=0.01s Sys=0.01s Real=0.00s
[2020-12-23T00:10:53.799-0400][gc,heap        ] GC(369132) Heap before GC invocations=369108 (full 10681): garbage-first heap   total 73728K, used 57044K [0x0000000083000000, 0x0000000100000000)
[2020-12-23T00:10:53.799-0400][gc,heap        ] GC(369132)   region size 1024K, 9 young (9216K), 1 survivors (1024K)
[2020-12-23T00:10:53.799-0400][gc,heap        ] GC(369132)  Metaspace       used 61001K, capacity 63721K, committed 64768K, reserved 1107968K
[2020-12-23T00:10:53.799-0400][gc,heap        ] GC(369132)   class space    used 5712K, capacity 6559K, committed 6912K, reserved 1048576K
[2020-12-23T00:10:53.800-0400][gc,start       ] GC(369132) Pause Young (Normal) (G1 Evacuation Pause)
[2020-12-23T00:10:53.800-0400][gc,task        ] GC(369132) Using 4 workers of 4 for evacuation
[2020-12-23T00:10:53.807-0400][gc,phases      ] GC(369132)   Pre Evacuate Collection Set: 0.0ms
[2020-12-23T00:10:53.807-0400][gc,phases      ] GC(369132)   Evacuate Collection Set: 5.5ms
[2020-12-23T00:10:53.807-0400][gc,phases      ] GC(369132)   Post Evacuate Collection Set: 1.3ms
[2020-12-23T00:10:53.807-0400][gc,phases      ] GC(369132)   Other: 1.5ms
[2020-12-23T00:10:53.807-0400][gc,heap        ] GC(369132) Eden regions: 8->0(8)
[2020-12-23T00:10:53.808-0400][gc,heap        ] GC(369132) Survivor regions: 1->1(2)
[2020-12-23T00:10:53.808-0400][gc,heap        ] GC(369132) Old regions: 48->48
[2020-12-23T00:10:53.808-0400][gc,heap        ] GC(369132) Humongous regions: 4->4
[2020-12-23T00:10:53.808-0400][gc,metaspace   ] GC(369132) Metaspace: 61001K->61001K(1107968K)
[2020-12-23T00:10:53.808-0400][gc,heap        ] GC(369132) Heap after GC invocations=369109 (full 10681): garbage-first heap   total 73728K, used 49885K [0x0000000083000000, 0x0000000100000000)
[2020-12-23T00:10:53.808-0400][gc,heap        ] GC(369132)   region size 1024K, 1 young (1024K), 1 survivors (1024K)
[2020-12-23T00:10:53.808-0400][gc,heap        ] GC(369132)  Metaspace       used 61001K, capacity 63721K, committed 64768K, reserved 1107968K
[2020-12-23T00:10:53.808-0400][gc,heap        ] GC(369132)   class space    used 5712K, capacity 6559K, committed 6912K, reserved 1048576K
[2020-12-23T00:10:53.808-0400][gc             ] GC(369132) Pause Young (Normal) (G1 Evacuation Pause) 56M->48M(72M) 8.245ms
[2020-12-23T00:10:53.808-0400][gc,cpu         ] GC(369132) User=0.02s Sys=0.01s Real=0.01s
[2020-12-23T00:10:54.507-0400][gc,heap        ] GC(369133) Heap before GC invocations=369109 (full 10681): garbage-first heap   total 73728K, used 57053K [0x0000000083000000, 0x0000000100000000)
[2020-12-23T00:10:54.507-0400][gc,heap        ] GC(369133)   region size 1024K, 9 young (9216K), 1 survivors (1024K)
[2020-12-23T00:10:54.507-0400][gc,heap        ] GC(369133)  Metaspace       used 61001K, capacity 63721K, committed 64768K, reserved 1107968K
[2020-12-23T00:10:54.507-0400][gc,heap        ] GC(369133)   class space    used 5712K, capacity 6559K, committed 6912K, reserved 1048576K
[2020-12-23T00:10:54.507-0400][gc,start       ] GC(369133) Pause Young (Normal) (G1 Evacuation Pause)
[2020-12-23T00:10:54.507-0400][gc,task        ] GC(369133) Using 4 workers of 4 for evacuation
[2020-12-23T00:10:54.515-0400][gc,phases      ] GC(369133)   Pre Evacuate Collection Set: 0.0ms
[2020-12-23T00:10:54.515-0400][gc,phases      ] GC(369133)   Evacuate Collection Set: 5.2ms
[2020-12-23T00:10:54.515-0400][gc,phases      ] GC(369133)   Post Evacuate Collection Set: 1.7ms
[2020-12-23T00:10:54.515-0400][gc,phases      ] GC(369133)   Other: 1.1ms
[2020-12-23T00:10:54.515-0400][gc,heap        ] GC(369133) Eden regions: 8->0(8)
[2020-12-23T00:10:54.515-0400][gc,heap        ] GC(369133) Survivor regions: 1->1(2)
[2020-12-23T00:10:54.515-0400][gc,heap        ] GC(369133) Old regions: 48->48
[2020-12-23T00:10:54.515-0400][gc,heap        ] GC(369133) Humongous regions: 4->4
[2020-12-23T00:10:54.515-0400][gc,metaspace   ] GC(369133) Metaspace: 61001K->61001K(1107968K)
[2020-12-23T00:10:54.515-0400][gc,heap        ] GC(369133) Heap after GC invocations=369110 (full 10681): garbage-first heap   total 73728K, used 49987K [0x0000000083000000, 0x0000000100000000)
[2020-12-23T00:10:54.515-0400][gc,heap        ] GC(369133)   region size 1024K, 1 young (1024K), 1 survivors (1024K)
[2020-12-23T00:10:54.515-0400][gc,heap        ] GC(369133)  Metaspace       used 61001K, capacity 63721K, committed 64768K, reserved 1107968K
[2020-12-23T00:10:54.515-0400][gc,heap        ] GC(369133)   class space    used 5712K, capacity 6559K, committed 6912K, reserved 1048576K
[2020-12-23T00:10:54.515-0400][gc             ] GC(369133) Pause Young (Normal) (G1 Evacuation Pause) 56M->48M(72M) 8.429ms
[2020-12-23T00:10:54.516-0400][gc,cpu         ] GC(369133) User=0.01s Sys=0.02s Real=0.00s
[2020-12-23T00:10:55.453-0400][gc,heap        ] GC(369134) Heap before GC invocations=369110 (full 10681): garbage-first heap   total 73728K, used 57155K [0x0000000083000000, 0x0000000100000000)
[2020-12-23T00:10:55.453-0400][gc,heap        ] GC(369134)   region size 1024K, 9 young (9216K), 1 survivors (1024K)
[2020-12-23T00:10:55.453-0400][gc,heap        ] GC(369134)  Metaspace       used 61001K, capacity 63721K, committed 64768K, reserved 1107968K
[2020-12-23T00:10:55.454-0400][gc,heap        ] GC(369134)   class space    used 5712K, capacity 6559K, committed 6912K, reserved 1048576K
[2020-12-23T00:10:55.454-0400][gc,start       ] GC(369134) Pause Young (Normal) (G1 Evacuation Pause)
[2020-12-23T00:10:55.454-0400][gc,task        ] GC(369134) Using 4 workers of 4 for evacuation
[2020-12-23T00:10:55.461-0400][gc,phases      ] GC(369134)   Pre Evacuate Collection Set: 0.0ms
[2020-12-23T00:10:55.461-0400][gc,phases      ] GC(369134)   Evacuate Collection Set: 5.4ms
[2020-12-23T00:10:55.461-0400][gc,phases      ] GC(369134)   Post Evacuate Collection Set: 1.4ms
[2020-12-23T00:10:55.461-0400][gc,phases      ] GC(369134)   Other: 0.9ms
[2020-12-23T00:10:55.461-0400][gc,heap        ] GC(369134) Eden regions: 8->0(8)
[2020-12-23T00:10:55.461-0400][gc,heap        ] GC(369134) Survivor regions: 1->1(2)
[2020-12-23T00:10:55.461-0400][gc,heap        ] GC(369134) Old regions: 48->48
[2020-12-23T00:10:55.461-0400][gc,heap        ] GC(369134) Humongous regions: 4->4
[2020-12-23T00:10:55.461-0400][gc,metaspace   ] GC(369134) Metaspace: 61001K->61001K(1107968K)
[2020-12-23T00:10:55.461-0400][gc,heap        ] GC(369134) Heap after GC invocations=369111 (full 10681): garbage-first heap   total 73728K, used 50079K [0x0000000083000000, 0x0000000100000000)
[2020-12-23T00:10:55.461-0400][gc,heap        ] GC(369134)   region size 1024K, 1 young (1024K), 1 survivors (1024K)
[2020-12-23T00:10:55.462-0400][gc,heap        ] GC(369134)  Metaspace       used 61001K, capacity 63721K, committed 64768K, reserved 1107968K
[2020-12-23T00:10:55.462-0400][gc,heap        ] GC(369134)   class space    used 5712K, capacity 6559K, committed 6912K, reserved 1048576K
[2020-12-23T00:10:55.462-0400][gc             ] GC(369134) Pause Young (Normal) (G1 Evacuation Pause) 56M->48M(72M) 8.022ms
[2020-12-23T00:10:55.462-0400][gc,cpu         ] GC(369134) User=0.03s Sys=0.00s Real=0.01s
[2020-12-23T00:10:57.169-0400][gc,heap        ] GC(369135) Heap before GC invocations=369111 (full 10681): garbage-first heap   total 73728K, used 57247K [0x0000000083000000, 0x0000000100000000)
[2020-12-23T00:10:57.169-0400][gc,heap        ] GC(369135)   region size 1024K, 9 young (9216K), 1 survivors (1024K)
[2020-12-23T00:10:57.169-0400][gc,heap        ] GC(369135)  Metaspace       used 61001K, capacity 63721K, committed 64768K, reserved 1107968K
[2020-12-23T00:10:57.169-0400][gc,heap        ] GC(369135)   class space    used 5712K, capacity 6559K, committed 6912K, reserved 1048576K
[2020-12-23T00:10:57.169-0400][gc,start       ] GC(369135) Pause Young (Normal) (G1 Evacuation Pause)
[2020-12-23T00:10:57.169-0400][gc,task        ] GC(369135) Using 4 workers of 4 for evacuation
[2020-12-23T00:10:57.177-0400][gc,phases      ] GC(369135)   Pre Evacuate Collection Set: 0.0ms
[2020-12-23T00:10:57.177-0400][gc,phases      ] GC(369135)   Evacuate Collection Set: 6.0ms
[2020-12-23T00:10:57.177-0400][gc,phases      ] GC(369135)   Post Evacuate Collection Set: 1.2ms
[2020-12-23T00:10:57.177-0400][gc,phases      ] GC(369135)   Other: 1.1ms
[2020-12-23T00:10:57.177-0400][gc,heap        ] GC(369135) Eden regions: 8->0(8)
[2020-12-23T00:10:57.177-0400][gc,heap        ] GC(369135) Survivor regions: 1->1(2)
[2020-12-23T00:10:57.177-0400][gc,heap        ] GC(369135) Old regions: 48->48
[2020-12-23T00:10:57.177-0400][gc,heap        ] GC(369135) Humongous regions: 4->4
[2020-12-23T00:10:57.177-0400][gc,metaspace   ] GC(369135) Metaspace: 61001K->61001K(1107968K)
[2020-12-23T00:10:57.177-0400][gc,heap        ] GC(369135) Heap after GC invocations=369112 (full 10681): garbage-first heap   total 73728K, used 50128K [0x0000000083000000, 0x0000000100000000)
[2020-12-23T00:10:57.177-0400][gc,heap        ] GC(369135)   region size 1024K, 1 young (1024K), 1 survivors (1024K)
[2020-12-23T00:10:57.178-0400][gc,heap        ] GC(369135)  Metaspace       used 61001K, capacity 63721K, committed 64768K, reserved 1107968K
[2020-12-23T00:10:57.178-0400][gc,heap        ] GC(369135)   class space    used 5712K, capacity 6559K, committed 6912K, reserved 1048576K
[2020-12-23T00:10:57.178-0400][gc             ] GC(369135) Pause Young (Normal) (G1 Evacuation Pause) 56M->48M(72M) 8.954ms
[2020-12-23T00:10:57.178-0400][gc,cpu         ] GC(369135) User=0.01s Sys=0.01s Real=0.01s
[2020-12-23T00:10:58.273-0400][gc,heap        ] GC(369136) Heap before GC invocations=369112 (full 10681): garbage-first heap   total 73728K, used 57296K [0x0000000083000000, 0x0000000100000000)
[2020-12-23T00:10:58.273-0400][gc,heap        ] GC(369136)   region size 1024K, 9 young (9216K), 1 survivors (1024K)
[2020-12-23T00:10:58.273-0400][gc,heap        ] GC(369136)  Metaspace       used 61001K, capacity 63721K, committed 64768K, reserved 1107968K
[2020-12-23T00:10:58.273-0400][gc,heap        ] GC(369136)   class space    used 5712K, capacity 6559K, committed 6912K, reserved 1048576K
[2020-12-23T00:10:58.274-0400][gc,start       ] GC(369136) Pause Young (Normal) (G1 Evacuation Pause)
[2020-12-23T00:10:58.274-0400][gc,task        ] GC(369136) Using 4 workers of 4 for evacuation
[2020-12-23T00:10:58.281-0400][gc,phases      ] GC(369136)   Pre Evacuate Collection Set: 0.0ms
[2020-12-23T00:10:58.281-0400][gc,phases      ] GC(369136)   Evacuate Collection Set: 5.2ms
[2020-12-23T00:10:58.281-0400][gc,phases      ] GC(369136)   Post Evacuate Collection Set: 1.3ms
[2020-12-23T00:10:58.281-0400][gc,phases      ] GC(369136)   Other: 1.1ms
[2020-12-23T00:10:58.281-0400][gc,heap        ] GC(369136) Eden regions: 8->0(8)
[2020-12-23T00:10:58.281-0400][gc,heap        ] GC(369136) Survivor regions: 1->1(2)
[2020-12-23T00:10:58.281-0400][gc,heap        ] GC(369136) Old regions: 48->48
[2020-12-23T00:10:58.281-0400][gc,heap        ] GC(369136) Humongous regions: 4->4
[2020-12-23T00:10:58.281-0400][gc,metaspace   ] GC(369136) Metaspace: 61001K->61001K(1107968K)
[2020-12-23T00:10:58.281-0400][gc,heap        ] GC(369136) Heap after GC invocations=369113 (full 10681): garbage-first heap   total 73728K, used 50021K [0x0000000083000000, 0x0000000100000000)
[2020-12-23T00:10:58.281-0400][gc,heap        ] GC(369136)   region size 1024K, 1 young (1024K), 1 survivors (1024K)
[2020-12-23T00:10:58.281-0400][gc,heap        ] GC(369136)  Metaspace       used 61001K, capacity 63721K, committed 64768K, reserved 1107968K
[2020-12-23T00:10:58.281-0400][gc,heap        ] GC(369136)   class space    used 5712K, capacity 6559K, committed 6912K, reserved 1048576K
[2020-12-23T00:10:58.281-0400][gc             ] GC(369136) Pause Young (Normal) (G1 Evacuation Pause) 56M->48M(72M) 7.878ms
[2020-12-23T00:10:58.282-0400][gc,cpu         ] GC(369136) User=0.02s Sys=0.00s Real=0.01s
[2020-12-23T00:11:01.190-0400][gc,heap        ] GC(369137) Heap before GC invocations=369113 (full 10681): garbage-first heap   total 73728K, used 57189K [0x0000000083000000, 0x0000000100000000)
[2020-12-23T00:11:01.190-0400][gc,heap        ] GC(369137)   region size 1024K, 9 young (9216K), 1 survivors (1024K)
[2020-12-23T00:11:01.190-0400][gc,heap        ] GC(369137)  Metaspace       used 61001K, capacity 63721K, committed 64768K, reserved 1107968K
[2020-12-23T00:11:01.190-0400][gc,heap        ] GC(369137)   class space    used 5712K, capacity 6559K, committed 6912K, reserved 1048576K
[2020-12-23T00:11:01.190-0400][gc,start       ] GC(369137) Pause Young (Normal) (G1 Evacuation Pause)
[2020-12-23T00:11:01.190-0400][gc,task        ] GC(369137) Using 4 workers of 4 for evacuation
[2020-12-23T00:11:01.197-0400][gc,phases      ] GC(369137)   Pre Evacuate Collection Set: 0.1ms
[2020-12-23T00:11:01.197-0400][gc,phases      ] GC(369137)   Evacuate Collection Set: 4.9ms
[2020-12-23T00:11:01.197-0400][gc,phases      ] GC(369137)   Post Evacuate Collection Set: 1.5ms
[2020-12-23T00:11:01.197-0400][gc,phases      ] GC(369137)   Other: 0.9ms
[2020-12-23T00:11:01.197-0400][gc,heap        ] GC(369137) Eden regions: 8->0(8)
[2020-12-23T00:11:01.197-0400][gc,heap        ] GC(369137) Survivor regions: 1->1(2)
[2020-12-23T00:11:01.198-0400][gc,heap        ] GC(369137) Old regions: 48->48
[2020-12-23T00:11:01.198-0400][gc,heap        ] GC(369137) Humongous regions: 4->4
[2020-12-23T00:11:01.198-0400][gc,metaspace   ] GC(369137) Metaspace: 61001K->61001K(1107968K)
[2020-12-23T00:11:01.198-0400][gc,heap        ] GC(369137) Heap after GC invocations=369114 (full 10681): garbage-first heap   total 73728K, used 50000K [0x0000000083000000, 0x0000000100000000)
[2020-12-23T00:11:01.198-0400][gc,heap        ] GC(369137)   region size 1024K, 1 young (1024K), 1 survivors (1024K)
[2020-12-23T00:11:01.198-0400][gc,heap        ] GC(369137)  Metaspace       used 61001K, capacity 63721K, committed 64768K, reserved 1107968K
[2020-12-23T00:11:01.198-0400][gc,heap        ] GC(369137)   class space    used 5712K, capacity 6559K, committed 6912K, reserved 1048576K
[2020-12-23T00:11:01.198-0400][gc             ] GC(369137) Pause Young (Normal) (G1 Evacuation Pause) 56M->48M(72M) 8.081ms
[2020-12-23T00:11:01.198-0400][gc,cpu         ] GC(369137) User=0.01s Sys=0.01s Real=0.01s
[2020-12-23T00:11:01.747-0400][gc,heap        ] GC(369138) Heap before GC invocations=369114 (full 10681): garbage-first heap   total 73728K, used 57168K [0x0000000083000000, 0x0000000100000000)
[2020-12-23T00:11:01.747-0400][gc,heap        ] GC(369138)   region size 1024K, 9 young (9216K), 1 survivors (1024K)
[2020-12-23T00:11:01.747-0400][gc,heap        ] GC(369138)  Metaspace       used 61001K, capacity 63721K, committed 64768K, reserved 1107968K
[2020-12-23T00:11:01.747-0400][gc,heap        ] GC(369138)   class space    used 5712K, capacity 6559K, committed 6912K, reserved 1048576K
[2020-12-23T00:11:01.747-0400][gc,start       ] GC(369138) Pause Young (Normal) (G1 Evacuation Pause)
[2020-12-23T00:11:01.747-0400][gc,task        ] GC(369138) Using 4 workers of 4 for evacuation
[2020-12-23T00:11:01.754-0400][gc,phases      ] GC(369138)   Pre Evacuate Collection Set: 0.1ms
[2020-12-23T00:11:01.754-0400][gc,phases      ] GC(369138)   Evacuate Collection Set: 4.9ms
[2020-12-23T00:11:01.754-0400][gc,phases      ] GC(369138)   Post Evacuate Collection Set: 1.3ms
[2020-12-23T00:11:01.754-0400][gc,phases      ] GC(369138)   Other: 1.1ms
[2020-12-23T00:11:01.754-0400][gc,heap        ] GC(369138) Eden regions: 8->0(8)
[2020-12-23T00:11:01.754-0400][gc,heap        ] GC(369138) Survivor regions: 1->1(2)
[2020-12-23T00:11:01.754-0400][gc,heap        ] GC(369138) Old regions: 48->48
[2020-12-23T00:11:01.754-0400][gc,heap        ] GC(369138) Humongous regions: 4->4
[2020-12-23T00:11:01.754-0400][gc,metaspace   ] GC(369138) Metaspace: 61001K->61001K(1107968K)
[2020-12-23T00:11:01.754-0400][gc,heap        ] GC(369138) Heap after GC invocations=369115 (full 10681): garbage-first heap   total 73728K, used 50105K [0x0000000083000000, 0x0000000100000000)
[2020-12-23T00:11:01.754-0400][gc,heap        ] GC(369138)   region size 1024K, 1 young (1024K), 1 survivors (1024K)
[2020-12-23T00:11:01.754-0400][gc,heap        ] GC(369138)  Metaspace       used 61001K, capacity 63721K, committed 64768K, reserved 1107968K
[2020-12-23T00:11:01.755-0400][gc,heap        ] GC(369138)   class space    used 5712K, capacity 6559K, committed 6912K, reserved 1048576K
[2020-12-23T00:11:01.755-0400][gc             ] GC(369138) Pause Young (Normal) (G1 Evacuation Pause) 56M->48M(72M) 7.631ms
[2020-12-23T00:11:01.755-0400][gc,cpu         ] GC(369138) User=0.02s Sys=0.00s Real=0.00s
[2020-12-23T00:11:02.426-0400][gc,heap        ] GC(369139) Heap before GC invocations=369115 (full 10681): garbage-first heap   total 73728K, used 58297K [0x0000000083000000, 0x0000000100000000)
[2020-12-23T00:11:02.426-0400][gc,heap        ] GC(369139)   region size 1024K, 9 young (9216K), 1 survivors (1024K)
[2020-12-23T00:11:02.426-0400][gc,heap        ] GC(369139)  Metaspace       used 61001K, capacity 63721K, committed 64768K, reserved 1107968K
[2020-12-23T00:11:02.426-0400][gc,heap        ] GC(369139)   class space    used 5712K, capacity 6559K, committed 6912K, reserved 1048576K
[2020-12-23T00:11:02.426-0400][gc,start       ] GC(369139) Pause Young (Normal) (G1 Evacuation Pause)
[2020-12-23T00:11:02.426-0400][gc,task        ] GC(369139) Using 4 workers of 4 for evacuation
[2020-12-23T00:11:02.435-0400][gc,phases      ] GC(369139)   Pre Evacuate Collection Set: 0.0ms
[2020-12-23T00:11:02.435-0400][gc,phases      ] GC(369139)   Evacuate Collection Set: 5.9ms
[2020-12-23T00:11:02.435-0400][gc,phases      ] GC(369139)   Post Evacuate Collection Set: 1.6ms
[2020-12-23T00:11:02.435-0400][gc,phases      ] GC(369139)   Other: 1.2ms
[2020-12-23T00:11:02.435-0400][gc,heap        ] GC(369139) Eden regions: 8->0(8)
[2020-12-23T00:11:02.435-0400][gc,heap        ] GC(369139) Survivor regions: 1->1(2)
[2020-12-23T00:11:02.435-0400][gc,heap        ] GC(369139) Old regions: 48->48
[2020-12-23T00:11:02.435-0400][gc,heap        ] GC(369139) Humongous regions: 4->4
[2020-12-23T00:11:02.435-0400][gc,metaspace   ] GC(369139) Metaspace: 61001K->61001K(1107968K)
[2020-12-23T00:11:02.435-0400][gc,heap        ] GC(369139) Heap after GC invocations=369116 (full 10681): garbage-first heap   total 73728K, used 50131K [0x0000000083000000, 0x0000000100000000)
[2020-12-23T00:11:02.435-0400][gc,heap        ] GC(369139)   region size 1024K, 1 young (1024K), 1 survivors (1024K)
[2020-12-23T00:11:02.435-0400][gc,heap        ] GC(369139)  Metaspace       used 61001K, capacity 63721K, committed 64768K, reserved 1107968K
[2020-12-23T00:11:02.435-0400][gc,heap        ] GC(369139)   class space    used 5712K, capacity 6559K, committed 6912K, reserved 1048576K
[2020-12-23T00:11:02.436-0400][gc             ] GC(369139) Pause Young (Normal) (G1 Evacuation Pause) 56M->48M(72M) 9.126ms
[2020-12-23T00:11:02.436-0400][gc,cpu         ] GC(369139) User=0.02s Sys=0.01s Real=0.01s
[2020-12-23T00:11:03.667-0400][gc,heap        ] GC(369140) Heap before GC invocations=369116 (full 10681): garbage-first heap   total 73728K, used 57299K [0x0000000083000000, 0x0000000100000000)
[2020-12-23T00:11:03.667-0400][gc,heap        ] GC(369140)   region size 1024K, 9 young (9216K), 1 survivors (1024K)
[2020-12-23T00:11:03.667-0400][gc,heap        ] GC(369140)  Metaspace       used 61001K, capacity 63721K, committed 64768K, reserved 1107968K
[2020-12-23T00:11:03.667-0400][gc,heap        ] GC(369140)   class space    used 5712K, capacity 6559K, committed 6912K, reserved 1048576K
[2020-12-23T00:11:03.667-0400][gc,start       ] GC(369140) Pause Young (Normal) (G1 Evacuation Pause)
[2020-12-23T00:11:03.667-0400][gc,task        ] GC(369140) Using 4 workers of 4 for evacuation
[2020-12-23T00:11:03.674-0400][gc,phases      ] GC(369140)   Pre Evacuate Collection Set: 0.0ms
[2020-12-23T00:11:03.674-0400][gc,phases      ] GC(369140)   Evacuate Collection Set: 4.8ms
[2020-12-23T00:11:03.674-0400][gc,phases      ] GC(369140)   Post Evacuate Collection Set: 1.4ms
[2020-12-23T00:11:03.674-0400][gc,phases      ] GC(369140)   Other: 0.8ms
[2020-12-23T00:11:03.674-0400][gc,heap        ] GC(369140) Eden regions: 8->0(8)
[2020-12-23T00:11:03.674-0400][gc,heap        ] GC(369140) Survivor regions: 1->1(2)
[2020-12-23T00:11:03.674-0400][gc,heap        ] GC(369140) Old regions: 48->48
[2020-12-23T00:11:03.674-0400][gc,heap        ] GC(369140) Humongous regions: 4->4
[2020-12-23T00:11:03.674-0400][gc,metaspace   ] GC(369140) Metaspace: 61001K->61001K(1107968K)
[2020-12-23T00:11:03.674-0400][gc,heap        ] GC(369140) Heap after GC invocations=369117 (full 10681): garbage-first heap   total 73728K, used 50083K [0x0000000083000000, 0x0000000100000000)
[2020-12-23T00:11:03.674-0400][gc,heap        ] GC(369140)   region size 1024K, 1 young (1024K), 1 survivors (1024K)
[2020-12-23T00:11:03.674-0400][gc,heap        ] GC(369140)  Metaspace       used 61001K, capacity 63721K, committed 64768K, reserved 1107968K
[2020-12-23T00:11:03.674-0400][gc,heap        ] GC(369140)   class space    used 5712K, capacity 6559K, committed 6912K, reserved 1048576K
[2020-12-23T00:11:03.675-0400][gc             ] GC(369140) Pause Young (Normal) (G1 Evacuation Pause) 56M->48M(72M) 7.609ms
[2020-12-23T00:11:03.675-0400][gc,cpu         ] GC(369140) User=0.02s Sys=0.00s Real=0.00s
[2020-12-23T00:11:05.193-0400][gc,heap        ] GC(369141) Heap before GC invocations=369117 (full 10681): garbage-first heap   total 73728K, used 57251K [0x0000000083000000, 0x0000000100000000)
[2020-12-23T00:11:05.193-0400][gc,heap        ] GC(369141)   region size 1024K, 9 young (9216K), 1 survivors (1024K)
[2020-12-23T00:11:05.193-0400][gc,heap        ] GC(369141)  Metaspace       used 61001K, capacity 63721K, committed 64768K, reserved 1107968K
[2020-12-23T00:11:05.193-0400][gc,heap        ] GC(369141)   class space    used 5712K, capacity 6559K, committed 6912K, reserved 1048576K
[2020-12-23T00:11:05.194-0400][gc,start       ] GC(369141) Pause Young (Normal) (G1 Evacuation Pause)
[2020-12-23T00:11:05.194-0400][gc,task        ] GC(369141) Using 4 workers of 4 for evacuation
[2020-12-23T00:11:05.200-0400][gc,phases      ] GC(369141)   Pre Evacuate Collection Set: 0.0ms
[2020-12-23T00:11:05.200-0400][gc,phases      ] GC(369141)   Evacuate Collection Set: 4.5ms
[2020-12-23T00:11:05.200-0400][gc,phases      ] GC(369141)   Post Evacuate Collection Set: 1.5ms
[2020-12-23T00:11:05.200-0400][gc,phases      ] GC(369141)   Other: 0.9ms
[2020-12-23T00:11:05.200-0400][gc,heap        ] GC(369141) Eden regions: 8->0(8)
[2020-12-23T00:11:05.200-0400][gc,heap        ] GC(369141) Survivor regions: 1->1(2)
[2020-12-23T00:11:05.200-0400][gc,heap        ] GC(369141) Old regions: 48->48
[2020-12-23T00:11:05.201-0400][gc,heap        ] GC(369141) Humongous regions: 4->4
[2020-12-23T00:11:05.201-0400][gc,metaspace   ] GC(369141) Metaspace: 61001K->61001K(1107968K)
[2020-12-23T00:11:05.201-0400][gc,heap        ] GC(369141) Heap after GC invocations=369118 (full 10681): garbage-first heap   total 73728K, used 50079K [0x0000000083000000, 0x0000000100000000)
[2020-12-23T00:11:05.201-0400][gc,heap        ] GC(369141)   region size 1024K, 1 young (1024K), 1 survivors (1024K)
[2020-12-23T00:11:05.201-0400][gc,heap        ] GC(369141)  Metaspace       used 61001K, capacity 63721K, committed 64768K, reserved 1107968K
[2020-12-23T00:11:05.201-0400][gc,heap        ] GC(369141)   class space    used 5712K, capacity 6559K, committed 6912K, reserved 1048576K
[2020-12-23T00:11:05.201-0400][gc             ] GC(369141) Pause Young (Normal) (G1 Evacuation Pause) 56M->48M(72M) 7.343ms
[2020-12-23T00:11:05.201-0400][gc,cpu         ] GC(369141) User=0.01s Sys=0.01s Real=0.01s
[2020-12-23T00:11:06.929-0400][gc,heap        ] GC(369142) Heap before GC invocations=369118 (full 10681): garbage-first heap   total 73728K, used 58271K [0x0000000083000000, 0x0000000100000000)
[2020-12-23T00:11:06.929-0400][gc,heap        ] GC(369142)   region size 1024K, 9 young (9216K), 1 survivors (1024K)
[2020-12-23T00:11:06.929-0400][gc,heap        ] GC(369142)  Metaspace       used 61001K, capacity 63721K, committed 64768K, reserved 1107968K
[2020-12-23T00:11:06.929-0400][gc,heap        ] GC(369142)   class space    used 5712K, capacity 6559K, committed 6912K, reserved 1048576K
[2020-12-23T00:11:06.929-0400][gc,start       ] GC(369142) Pause Young (Normal) (G1 Evacuation Pause)
[2020-12-23T00:11:06.929-0400][gc,task        ] GC(369142) Using 4 workers of 4 for evacuation
[2020-12-23T00:11:06.935-0400][gc,phases      ] GC(369142)   Pre Evacuate Collection Set: 0.0ms
[2020-12-23T00:11:06.935-0400][gc,phases      ] GC(369142)   Evacuate Collection Set: 4.5ms
[2020-12-23T00:11:06.935-0400][gc,phases      ] GC(369142)   Post Evacuate Collection Set: 1.1ms
[2020-12-23T00:11:06.936-0400][gc,phases      ] GC(369142)   Other: 0.8ms
[2020-12-23T00:11:06.936-0400][gc,heap        ] GC(369142) Eden regions: 8->0(8)
[2020-12-23T00:11:06.936-0400][gc,heap        ] GC(369142) Survivor regions: 1->1(2)
[2020-12-23T00:11:06.936-0400][gc,heap        ] GC(369142) Old regions: 48->48
[2020-12-23T00:11:06.936-0400][gc,heap        ] GC(369142) Humongous regions: 4->4
[2020-12-23T00:11:06.936-0400][gc,metaspace   ] GC(369142) Metaspace: 61001K->61001K(1107968K)
[2020-12-23T00:11:06.936-0400][gc,heap        ] GC(369142) Heap after GC invocations=369119 (full 10681): garbage-first heap   total 73728K, used 50061K [0x0000000083000000, 0x0000000100000000)
[2020-12-23T00:11:06.936-0400][gc,heap        ] GC(369142)   region size 1024K, 1 young (1024K), 1 survivors (1024K)
[2020-12-23T00:11:06.936-0400][gc,heap        ] GC(369142)  Metaspace       used 61001K, capacity 63721K, committed 64768K, reserved 1107968K
[2020-12-23T00:11:06.936-0400][gc,heap        ] GC(369142)   class space    used 5712K, capacity 6559K, committed 6912K, reserved 1048576K
[2020-12-23T00:11:06.936-0400][gc             ] GC(369142) Pause Young (Normal) (G1 Evacuation Pause) 56M->48M(72M) 6.897ms
[2020-12-23T00:11:06.936-0400][gc,cpu         ] GC(369142) User=0.01s Sys=0.01s Real=0.01s
[2020-12-23T00:11:08.069-0400][gc,heap        ] GC(369143) Heap before GC invocations=369119 (full 10681): garbage-first heap   total 73728K, used 57229K [0x0000000083000000, 0x0000000100000000)
[2020-12-23T00:11:08.069-0400][gc,heap        ] GC(369143)   region size 1024K, 9 young (9216K), 1 survivors (1024K)
[2020-12-23T00:11:08.069-0400][gc,heap        ] GC(369143)  Metaspace       used 61001K, capacity 63721K, committed 64768K, reserved 1107968K
[2020-12-23T00:11:08.069-0400][gc,heap        ] GC(369143)   class space    used 5712K, capacity 6559K, committed 6912K, reserved 1048576K
[2020-12-23T00:11:08.069-0400][gc,start       ] GC(369143) Pause Young (Normal) (G1 Evacuation Pause)
[2020-12-23T00:11:08.069-0400][gc,task        ] GC(369143) Using 4 workers of 4 for evacuation
[2020-12-23T00:11:08.080-0400][gc,phases      ] GC(369143)   Pre Evacuate Collection Set: 0.0ms
[2020-12-23T00:11:08.080-0400][gc,phases      ] GC(369143)   Evacuate Collection Set: 8.2ms
[2020-12-23T00:11:08.080-0400][gc,phases      ] GC(369143)   Post Evacuate Collection Set: 1.4ms
[2020-12-23T00:11:08.080-0400][gc,phases      ] GC(369143)   Other: 1.0ms
[2020-12-23T00:11:08.080-0400][gc,heap        ] GC(369143) Eden regions: 8->0(8)
[2020-12-23T00:11:08.080-0400][gc,heap        ] GC(369143) Survivor regions: 1->1(2)
[2020-12-23T00:11:08.080-0400][gc,heap        ] GC(369143) Old regions: 48->48
[2020-12-23T00:11:08.080-0400][gc,heap        ] GC(369143) Humongous regions: 4->4
[2020-12-23T00:11:08.080-0400][gc,metaspace   ] GC(369143) Metaspace: 61001K->61001K(1107968K)
[2020-12-23T00:11:08.080-0400][gc,heap        ] GC(369143) Heap after GC invocations=369120 (full 10681): garbage-first heap   total 73728K, used 50111K [0x0000000083000000, 0x0000000100000000)
[2020-12-23T00:11:08.080-0400][gc,heap        ] GC(369143)   region size 1024K, 1 young (1024K), 1 survivors (1024K)
[2020-12-23T00:11:08.080-0400][gc,heap        ] GC(369143)  Metaspace       used 61001K, capacity 63721K, committed 64768K, reserved 1107968K
[2020-12-23T00:11:08.080-0400][gc,heap        ] GC(369143)   class space    used 5712K, capacity 6559K, committed 6912K, reserved 1048576K
[2020-12-23T00:11:08.080-0400][gc             ] GC(369143) Pause Young (Normal) (G1 Evacuation Pause) 56M->48M(72M) 11.004ms
[2020-12-23T00:11:08.081-0400][gc,cpu         ] GC(369143) User=0.02s Sys=0.00s Real=0.01s
[2020-12-23T00:11:08.906-0400][gc,heap        ] GC(369144) Heap before GC invocations=369120 (full 10681): garbage-first heap   total 73728K, used 57279K [0x0000000083000000, 0x0000000100000000)
[2020-12-23T00:11:08.906-0400][gc,heap        ] GC(369144)   region size 1024K, 9 young (9216K), 1 survivors (1024K)
[2020-12-23T00:11:08.906-0400][gc,heap        ] GC(369144)  Metaspace       used 61001K, capacity 63721K, committed 64768K, reserved 1107968K
[2020-12-23T00:11:08.906-0400][gc,heap        ] GC(369144)   class space    used 5712K, capacity 6559K, committed 6912K, reserved 1048576K
[2020-12-23T00:11:08.906-0400][gc,start       ] GC(369144) Pause Young (Normal) (G1 Evacuation Pause)
[2020-12-23T00:11:08.906-0400][gc,task        ] GC(369144) Using 4 workers of 4 for evacuation
[2020-12-23T00:11:08.915-0400][gc,phases      ] GC(369144)   Pre Evacuate Collection Set: 0.0ms
[2020-12-23T00:11:08.915-0400][gc,phases      ] GC(369144)   Evacuate Collection Set: 5.9ms
[2020-12-23T00:11:08.915-0400][gc,phases      ] GC(369144)   Post Evacuate Collection Set: 2.2ms
[2020-12-23T00:11:08.916-0400][gc,phases      ] GC(369144)   Other: 1.2ms
[2020-12-23T00:11:08.916-0400][gc,heap        ] GC(369144) Eden regions: 8->0(8)
[2020-12-23T00:11:08.916-0400][gc,heap        ] GC(369144) Survivor regions: 1->1(2)
[2020-12-23T00:11:08.916-0400][gc,heap        ] GC(369144) Old regions: 48->48
[2020-12-23T00:11:08.916-0400][gc,heap        ] GC(369144) Humongous regions: 4->4
[2020-12-23T00:11:08.916-0400][gc,metaspace   ] GC(369144) Metaspace: 61001K->61001K(1107968K)
[2020-12-23T00:11:08.916-0400][gc,heap        ] GC(369144) Heap after GC invocations=369121 (full 10681): garbage-first heap   total 73728K, used 50158K [0x0000000083000000, 0x0000000100000000)
[2020-12-23T00:11:08.916-0400][gc,heap        ] GC(369144)   region size 1024K, 1 young (1024K), 1 survivors (1024K)
[2020-12-23T00:11:08.916-0400][gc,heap        ] GC(369144)  Metaspace       used 61001K, capacity 63721K, committed 64768K, reserved 1107968K
[2020-12-23T00:11:08.916-0400][gc,heap        ] GC(369144)   class space    used 5712K, capacity 6559K, committed 6912K, reserved 1048576K
[2020-12-23T00:11:08.916-0400][gc             ] GC(369144) Pause Young (Normal) (G1 Evacuation Pause) 56M->48M(72M) 10.046ms
[2020-12-23T00:11:08.918-0400][gc,cpu         ] GC(369144) User=0.02s Sys=0.01s Real=0.01s
[2020-12-23T00:11:24.122-0400][gc,heap        ] GC(369145) Heap before GC invocations=369121 (full 10681): garbage-first heap   total 73728K, used 57326K [0x0000000083000000, 0x0000000100000000)
[2020-12-23T00:11:24.123-0400][gc,heap        ] GC(369145)   region size 1024K, 9 young (9216K), 1 survivors (1024K)
[2020-12-23T00:11:24.123-0400][gc,heap        ] GC(369145)  Metaspace       used 61001K, capacity 63721K, committed 64768K, reserved 1107968K
[2020-12-23T00:11:24.123-0400][gc,heap        ] GC(369145)   class space    used 5712K, capacity 6559K, committed 6912K, reserved 1048576K
[2020-12-23T00:11:24.123-0400][gc,start       ] GC(369145) Pause Young (Normal) (G1 Evacuation Pause)
[2020-12-23T00:11:24.123-0400][gc,task        ] GC(369145) Using 4 workers of 4 for evacuation
[2020-12-23T00:11:24.129-0400][gc,phases      ] GC(369145)   Pre Evacuate Collection Set: 0.0ms
[2020-12-23T00:11:24.129-0400][gc,phases      ] GC(369145)   Evacuate Collection Set: 4.2ms
[2020-12-23T00:11:24.129-0400][gc,phases      ] GC(369145)   Post Evacuate Collection Set: 1.6ms
[2020-12-23T00:11:24.130-0400][gc,phases      ] GC(369145)   Other: 1.0ms
[2020-12-23T00:11:24.130-0400][gc,heap        ] GC(369145) Eden regions: 8->0(8)
[2020-12-23T00:11:24.130-0400][gc,heap        ] GC(369145) Survivor regions: 1->1(2)
[2020-12-23T00:11:24.130-0400][gc,heap        ] GC(369145) Old regions: 48->48
[2020-12-23T00:11:24.130-0400][gc,heap        ] GC(369145) Humongous regions: 4->4
[2020-12-23T00:11:24.130-0400][gc,metaspace   ] GC(369145) Metaspace: 61001K->61001K(1107968K)
[2020-12-23T00:11:24.130-0400][gc,heap        ] GC(369145) Heap after GC invocations=369122 (full 10681): garbage-first heap   total 73728K, used 50061K [0x0000000083000000, 0x0000000100000000)
[2020-12-23T00:11:24.130-0400][gc,heap        ] GC(369145)   region size 1024K, 1 young (1024K), 1 survivors (1024K)
[2020-12-23T00:11:24.130-0400][gc,heap        ] GC(369145)  Metaspace       used 61001K, capacity 63721K, committed 64768K, reserved 1107968K
[2020-12-23T00:11:24.130-0400][gc,heap        ] GC(369145)   class space    used 5712K, capacity 6559K, committed 6912K, reserved 1048576K
[2020-12-23T00:11:24.130-0400][gc             ] GC(369145) Pause Young (Normal) (G1 Evacuation Pause) 56M->48M(72M) 7.541ms
[2020-12-23T00:11:24.131-0400][gc,cpu         ] GC(369145) User=0.02s Sys=0.00s Real=0.01s
[2020-12-23T00:11:48.639-0400][gc,heap        ] GC(369146) Heap before GC invocations=369122 (full 10681): garbage-first heap   total 73728K, used 57229K [0x0000000083000000, 0x0000000100000000)
[2020-12-23T00:11:48.639-0400][gc,heap        ] GC(369146)   region size 1024K, 9 young (9216K), 1 survivors (1024K)
[2020-12-23T00:11:48.639-0400][gc,heap        ] GC(369146)  Metaspace       used 61001K, capacity 63721K, committed 64768K, reserved 1107968K
[2020-12-23T00:11:48.639-0400][gc,heap        ] GC(369146)   class space    used 5712K, capacity 6559K, committed 6912K, reserved 1048576K
[2020-12-23T00:11:48.639-0400][gc,start       ] GC(369146) Pause Young (Normal) (G1 Evacuation Pause)
[2020-12-23T00:11:48.639-0400][gc,task        ] GC(369146) Using 4 workers of 4 for evacuation
[2020-12-23T00:11:48.645-0400][gc,phases      ] GC(369146)   Pre Evacuate Collection Set: 0.0ms
[2020-12-23T00:11:48.645-0400][gc,phases      ] GC(369146)   Evacuate Collection Set: 3.7ms
[2020-12-23T00:11:48.645-0400][gc,phases      ] GC(369146)   Post Evacuate Collection Set: 1.3ms
[2020-12-23T00:11:48.645-0400][gc,phases      ] GC(369146)   Other: 1.0ms
[2020-12-23T00:11:48.645-0400][gc,heap        ] GC(369146) Eden regions: 8->0(8)
[2020-12-23T00:11:48.645-0400][gc,heap        ] GC(369146) Survivor regions: 1->1(2)
[2020-12-23T00:11:48.645-0400][gc,heap        ] GC(369146) Old regions: 48->48
[2020-12-23T00:11:48.645-0400][gc,heap        ] GC(369146) Humongous regions: 4->4
[2020-12-23T00:11:48.645-0400][gc,metaspace   ] GC(369146) Metaspace: 61001K->61001K(1107968K)
[2020-12-23T00:11:48.645-0400][gc,heap        ] GC(369146) Heap after GC invocations=369123 (full 10681): garbage-first heap   total 73728K, used 49891K [0x0000000083000000, 0x0000000100000000)
[2020-12-23T00:11:48.645-0400][gc,heap        ] GC(369146)   region size 1024K, 1 young (1024K), 1 survivors (1024K)
[2020-12-23T00:11:48.645-0400][gc,heap        ] GC(369146)  Metaspace       used 61001K, capacity 63721K, committed 64768K, reserved 1107968K
[2020-12-23T00:11:48.645-0400][gc,heap        ] GC(369146)   class space    used 5712K, capacity 6559K, committed 6912K, reserved 1048576K
[2020-12-23T00:11:48.645-0400][gc             ] GC(369146) Pause Young (Normal) (G1 Evacuation Pause) 56M->48M(72M) 6.346ms
[2020-12-23T00:11:48.646-0400][gc,cpu         ] GC(369146) User=0.01s Sys=0.00s Real=0.00s
[2020-12-23T00:11:50.924-0400][gc,task        ] GC(369147) Using 3 workers of 4 for full compaction
[2020-12-23T00:11:50.924-0400][gc,start       ] GC(369147) Pause Full (System.gc())
[2020-12-23T00:11:50.924-0400][gc,heap        ] GC(369147) Heap before GC invocations=369123 (full 10681): garbage-first heap   total 73728K, used 50915K [0x0000000083000000, 0x0000000100000000)
[2020-12-23T00:11:50.925-0400][gc,heap        ] GC(369147)   region size 1024K, 3 young (3072K), 1 survivors (1024K)
[2020-12-23T00:11:50.925-0400][gc,heap        ] GC(369147)  Metaspace       used 61001K, capacity 63721K, committed 64768K, reserved 1107968K
[2020-12-23T00:11:50.925-0400][gc,heap        ] GC(369147)   class space    used 5712K, capacity 6559K, committed 6912K, reserved 1048576K
[2020-12-23T00:11:50.927-0400][gc,phases,start] GC(369147) Phase 1: Mark live objects
[2020-12-23T00:11:51.071-0400][gc,stringtable ] GC(369147) Cleaned string and symbol table, strings: 32200 processed, 0 removed, symbols: 131451 processed, 0 removed
[2020-12-23T00:11:51.071-0400][gc,phases      ] GC(369147) Phase 1: Mark live objects 143.595ms
[2020-12-23T00:11:51.071-0400][gc,phases,start] GC(369147) Phase 2: Prepare for compaction
[2020-12-23T00:11:51.100-0400][gc,phases      ] GC(369147) Phase 2: Prepare for compaction 29.546ms
[2020-12-23T00:11:51.100-0400][gc,phases,start] GC(369147) Phase 3: Adjust pointers
[2020-12-23T00:11:51.178-0400][gc,phases      ] GC(369147) Phase 3: Adjust pointers 77.389ms
[2020-12-23T00:11:51.178-0400][gc,phases,start] GC(369147) Phase 4: Compact heap
[2020-12-23T00:11:51.202-0400][gc,phases      ] GC(369147) Phase 4: Compact heap 24.360ms
[2020-12-23T00:11:51.238-0400][gc,heap        ] GC(369147) Eden regions: 2->0(10)
[2020-12-23T00:11:51.239-0400][gc,heap        ] GC(369147) Survivor regions: 1->0(2)
[2020-12-23T00:11:51.239-0400][gc,heap        ] GC(369147) Old regions: 48->46
[2020-12-23T00:11:51.239-0400][gc,heap        ] GC(369147) Humongous regions: 4->4
[2020-12-23T00:11:51.239-0400][gc,metaspace   ] GC(369147) Metaspace: 61001K->61001K(1107968K)
[2020-12-23T00:11:51.239-0400][gc,heap        ] GC(369147) Heap after GC invocations=369124 (full 10682): garbage-first heap   total 73728K, used 48713K [0x0000000083000000, 0x0000000100000000)
[2020-12-23T00:11:51.239-0400][gc,heap        ] GC(369147)   region size 1024K, 0 young (0K), 0 survivors (0K)
[2020-12-23T00:11:51.239-0400][gc,heap        ] GC(369147)  Metaspace       used 61001K, capacity 63721K, committed 64768K, reserved 1107968K
[2020-12-23T00:11:51.239-0400][gc,heap        ] GC(369147)   class space    used 5712K, capacity 6559K, committed 6912K, reserved 1048576K
[2020-12-23T00:11:51.239-0400][gc             ] GC(369147) Pause Full (System.gc()) 50M->47M(72M) 314.564ms
[2020-12-23T00:11:51.239-0400][gc,cpu         ] GC(369147) User=0.84s Sys=0.00s Real=0.32s
[2020-12-23T00:12:09.580-0400][gc,heap        ] GC(369148) Heap before GC invocations=369124 (full 10682): garbage-first heap   total 73728K, used 57929K [0x0000000083000000, 0x0000000100000000)
[2020-12-23T00:12:09.581-0400][gc,heap        ] GC(369148)   region size 1024K, 10 young (10240K), 0 survivors (0K)
[2020-12-23T00:12:09.581-0400][gc,heap        ] GC(369148)  Metaspace       used 61001K, capacity 63721K, committed 64768K, reserved 1107968K
[2020-12-23T00:12:09.581-0400][gc,heap        ] GC(369148)   class space    used 5712K, capacity 6559K, committed 6912K, reserved 1048576K
[2020-12-23T00:12:09.581-0400][gc,start       ] GC(369148) Pause Young (Normal) (G1 Evacuation Pause)
[2020-12-23T00:12:09.581-0400][gc,task        ] GC(369148) Using 4 workers of 4 for evacuation
[2020-12-23T00:12:09.587-0400][gc,phases      ] GC(369148)   Pre Evacuate Collection Set: 0.0ms
[2020-12-23T00:12:09.587-0400][gc,phases      ] GC(369148)   Evacuate Collection Set: 3.5ms
[2020-12-23T00:12:09.587-0400][gc,phases      ] GC(369148)   Post Evacuate Collection Set: 1.6ms
[2020-12-23T00:12:09.587-0400][gc,phases      ] GC(369148)   Other: 1.0ms
[2020-12-23T00:12:09.587-0400][gc,heap        ] GC(369148) Eden regions: 10->0(9)
[2020-12-23T00:12:09.587-0400][gc,heap        ] GC(369148) Survivor regions: 0->1(2)
[2020-12-23T00:12:09.587-0400][gc,heap        ] GC(369148) Old regions: 46->46
[2020-12-23T00:12:09.587-0400][gc,heap        ] GC(369148) Humongous regions: 4->4
[2020-12-23T00:12:09.587-0400][gc,metaspace   ] GC(369148) Metaspace: 61001K->61001K(1107968K)
[2020-12-23T00:12:09.587-0400][gc,heap        ] GC(369148) Heap after GC invocations=369125 (full 10682): garbage-first heap   total 73728K, used 49079K [0x0000000083000000, 0x0000000100000000)
[2020-12-23T00:12:09.587-0400][gc,heap        ] GC(369148)   region size 1024K, 1 young (1024K), 1 survivors (1024K)
[2020-12-23T00:12:09.587-0400][gc,heap        ] GC(369148)  Metaspace       used 61001K, capacity 63721K, committed 64768K, reserved 1107968K
[2020-12-23T00:12:09.587-0400][gc,heap        ] GC(369148)   class space    used 5712K, capacity 6559K, committed 6912K, reserved 1048576K
[2020-12-23T00:12:09.587-0400][gc             ] GC(369148) Pause Young (Normal) (G1 Evacuation Pause) 57M->47M(72M) 6.462ms
[2020-12-23T00:12:09.587-0400][gc,cpu         ] GC(369148) User=0.01s Sys=0.01s Real=0.01s
[2020-12-23T00:12:22.240-0400][gc,heap        ] GC(369149) Heap before GC invocations=369125 (full 10682): garbage-first heap   total 73728K, used 57271K [0x0000000083000000, 0x0000000100000000)
[2020-12-23T00:12:22.240-0400][gc,heap        ] GC(369149)   region size 1024K, 10 young (10240K), 1 survivors (1024K)
[2020-12-23T00:12:22.240-0400][gc,heap        ] GC(369149)  Metaspace       used 61001K, capacity 63721K, committed 64768K, reserved 1107968K
[2020-12-23T00:12:22.240-0400][gc,heap        ] GC(369149)   class space    used 5712K, capacity 6559K, committed 6912K, reserved 1048576K
[2020-12-23T00:12:22.240-0400][gc,start       ] GC(369149) Pause Young (Normal) (G1 Evacuation Pause)
[2020-12-23T00:12:22.241-0400][gc,task        ] GC(369149) Using 4 workers of 4 for evacuation
[2020-12-23T00:12:22.246-0400][gc,phases      ] GC(369149)   Pre Evacuate Collection Set: 0.0ms
[2020-12-23T00:12:22.246-0400][gc,phases      ] GC(369149)   Evacuate Collection Set: 3.1ms
[2020-12-23T00:12:22.246-0400][gc,phases      ] GC(369149)   Post Evacuate Collection Set: 1.7ms
[2020-12-23T00:12:22.246-0400][gc,phases      ] GC(369149)   Other: 0.9ms
[2020-12-23T00:12:22.246-0400][gc,heap        ] GC(369149) Eden regions: 9->0(10)
[2020-12-23T00:12:22.246-0400][gc,heap        ] GC(369149) Survivor regions: 1->1(2)
[2020-12-23T00:12:22.246-0400][gc,heap        ] GC(369149) Old regions: 46->46
[2020-12-23T00:12:22.246-0400][gc,heap        ] GC(369149) Humongous regions: 4->4
[2020-12-23T00:12:22.246-0400][gc,metaspace   ] GC(369149) Metaspace: 61001K->61001K(1107968K)
[2020-12-23T00:12:22.246-0400][gc,heap        ] GC(369149) Heap after GC invocations=369126 (full 10682): garbage-first heap   total 73728K, used 49064K [0x0000000083000000, 0x0000000100000000)
[2020-12-23T00:12:22.246-0400][gc,heap        ] GC(369149)   region size 1024K, 1 young (1024K), 1 survivors (1024K)
[2020-12-23T00:12:22.246-0400][gc,heap        ] GC(369149)  Metaspace       used 61001K, capacity 63721K, committed 64768K, reserved 1107968K
[2020-12-23T00:12:22.246-0400][gc,heap        ] GC(369149)   class space    used 5712K, capacity 6559K, committed 6912K, reserved 1048576K
[2020-12-23T00:12:22.247-0400][gc             ] GC(369149) Pause Young (Normal) (G1 Evacuation Pause) 56M->47M(72M) 6.067ms
[2020-12-23T00:12:22.247-0400][gc,cpu         ] GC(369149) User=0.02s Sys=0.00s Real=0.01s
[2020-12-23T00:12:48.104-0400][gc,heap        ] GC(369150) Heap before GC invocations=369126 (full 10682): garbage-first heap   total 73728K, used 58280K [0x0000000083000000, 0x0000000100000000)
[2020-12-23T00:12:48.104-0400][gc,heap        ] GC(369150)   region size 1024K, 11 young (11264K), 1 survivors (1024K)
[2020-12-23T00:12:48.104-0400][gc,heap        ] GC(369150)  Metaspace       used 61001K, capacity 63721K, committed 64768K, reserved 1107968K
[2020-12-23T00:12:48.104-0400][gc,heap        ] GC(369150)   class space    used 5712K, capacity 6559K, committed 6912K, reserved 1048576K
[2020-12-23T00:12:48.104-0400][gc,start       ] GC(369150) Pause Young (Normal) (G1 Evacuation Pause)
[2020-12-23T00:12:48.104-0400][gc,task        ] GC(369150) Using 4 workers of 4 for evacuation
[2020-12-23T00:12:48.110-0400][gc,phases      ] GC(369150)   Pre Evacuate Collection Set: 0.0ms
[2020-12-23T00:12:48.110-0400][gc,phases      ] GC(369150)   Evacuate Collection Set: 3.2ms
[2020-12-23T00:12:48.110-0400][gc,phases      ] GC(369150)   Post Evacuate Collection Set: 1.4ms
[2020-12-23T00:12:48.110-0400][gc,phases      ] GC(369150)   Other: 0.9ms
[2020-12-23T00:12:48.110-0400][gc,heap        ] GC(369150) Eden regions: 10->0(10)
[2020-12-23T00:12:48.110-0400][gc,heap        ] GC(369150) Survivor regions: 1->1(2)
[2020-12-23T00:12:48.110-0400][gc,heap        ] GC(369150) Old regions: 46->46
[2020-12-23T00:12:48.110-0400][gc,heap        ] GC(369150) Humongous regions: 4->4
[2020-12-23T00:12:48.110-0400][gc,metaspace   ] GC(369150) Metaspace: 61001K->61001K(1107968K)
[2020-12-23T00:12:48.110-0400][gc,heap        ] GC(369150) Heap after GC invocations=369127 (full 10682): garbage-first heap   total 73728K, used 49059K [0x0000000083000000, 0x0000000100000000)
[2020-12-23T00:12:48.110-0400][gc,heap        ] GC(369150)   region size 1024K, 1 young (1024K), 1 survivors (1024K)
[2020-12-23T00:12:48.110-0400][gc,heap        ] GC(369150)  Metaspace       used 61001K, capacity 63721K, committed 64768K, reserved 1107968K
[2020-12-23T00:12:48.110-0400][gc,heap        ] GC(369150)   class space    used 5712K, capacity 6559K, committed 6912K, reserved 1048576K
[2020-12-23T00:12:48.110-0400][gc             ] GC(369150) Pause Young (Normal) (G1 Evacuation Pause) 57M->47M(72M) 5.961ms
[2020-12-23T00:12:48.111-0400][gc,cpu         ] GC(369150) User=0.01s Sys=0.01s Real=0.01s
[2020-12-23T00:13:03.584-0400][gc,heap        ] GC(369151) Heap before GC invocations=369127 (full 10682): garbage-first heap   total 73728K, used 59299K [0x0000000083000000, 0x0000000100000000)
[2020-12-23T00:13:03.584-0400][gc,heap        ] GC(369151)   region size 1024K, 11 young (11264K), 1 survivors (1024K)
[2020-12-23T00:13:03.584-0400][gc,heap        ] GC(369151)  Metaspace       used 61001K, capacity 63721K, committed 64768K, reserved 1107968K
[2020-12-23T00:13:03.584-0400][gc,heap        ] GC(369151)   class space    used 5712K, capacity 6559K, committed 6912K, reserved 1048576K
[2020-12-23T00:13:03.584-0400][gc,start       ] GC(369151) Pause Young (Normal) (G1 Evacuation Pause)
[2020-12-23T00:13:03.584-0400][gc,task        ] GC(369151) Using 4 workers of 4 for evacuation
[2020-12-23T00:13:03.591-0400][gc,phases      ] GC(369151)   Pre Evacuate Collection Set: 0.0ms
[2020-12-23T00:13:03.591-0400][gc,phases      ] GC(369151)   Evacuate Collection Set: 4.1ms
[2020-12-23T00:13:03.591-0400][gc,phases      ] GC(369151)   Post Evacuate Collection Set: 1.7ms
[2020-12-23T00:13:03.591-0400][gc,phases      ] GC(369151)   Other: 1.0ms
[2020-12-23T00:13:03.591-0400][gc,heap        ] GC(369151) Eden regions: 10->0(10)
[2020-12-23T00:13:03.591-0400][gc,heap        ] GC(369151) Survivor regions: 1->1(2)
[2020-12-23T00:13:03.591-0400][gc,heap        ] GC(369151) Old regions: 46->46
[2020-12-23T00:13:03.591-0400][gc,heap        ] GC(369151) Humongous regions: 4->4
[2020-12-23T00:13:03.591-0400][gc,metaspace   ] GC(369151) Metaspace: 61001K->61001K(1107968K)
[2020-12-23T00:13:03.591-0400][gc,heap        ] GC(369151) Heap after GC invocations=369128 (full 10682): garbage-first heap   total 73728K, used 49191K [0x0000000083000000, 0x0000000100000000)
[2020-12-23T00:13:03.591-0400][gc,heap        ] GC(369151)   region size 1024K, 1 young (1024K), 1 survivors (1024K)
[2020-12-23T00:13:03.591-0400][gc,heap        ] GC(369151)  Metaspace       used 61001K, capacity 63721K, committed 64768K, reserved 1107968K
[2020-12-23T00:13:03.591-0400][gc,heap        ] GC(369151)   class space    used 5712K, capacity 6559K, committed 6912K, reserved 1048576K
[2020-12-23T00:13:03.591-0400][gc             ] GC(369151) Pause Young (Normal) (G1 Evacuation Pause) 57M->48M(72M) 7.134ms
[2020-12-23T00:13:03.592-0400][gc,cpu         ] GC(369151) User=0.02s Sys=0.00s Real=0.01s
[2020-12-23T00:13:30.047-0400][gc,heap        ] GC(369152) Heap before GC invocations=369128 (full 10682): garbage-first heap   total 73728K, used 58407K [0x0000000083000000, 0x0000000100000000)
[2020-12-23T00:13:30.047-0400][gc,heap        ] GC(369152)   region size 1024K, 11 young (11264K), 1 survivors (1024K)
[2020-12-23T00:13:30.048-0400][gc,heap        ] GC(369152)  Metaspace       used 61001K, capacity 63721K, committed 64768K, reserved 1107968K
[2020-12-23T00:13:30.048-0400][gc,heap        ] GC(369152)   class space    used 5712K, capacity 6559K, committed 6912K, reserved 1048576K
[2020-12-23T00:13:30.048-0400][gc,start       ] GC(369152) Pause Young (Normal) (G1 Evacuation Pause)
[2020-12-23T00:13:30.048-0400][gc,task        ] GC(369152) Using 4 workers of 4 for evacuation
[2020-12-23T00:13:30.053-0400][gc,phases      ] GC(369152)   Pre Evacuate Collection Set: 0.0ms
[2020-12-23T00:13:30.053-0400][gc,phases      ] GC(369152)   Evacuate Collection Set: 3.5ms
[2020-12-23T00:13:30.053-0400][gc,phases      ] GC(369152)   Post Evacuate Collection Set: 1.4ms
[2020-12-23T00:13:30.054-0400][gc,phases      ] GC(369152)   Other: 1.3ms
[2020-12-23T00:13:30.054-0400][gc,heap        ] GC(369152) Eden regions: 10->0(10)
[2020-12-23T00:13:30.054-0400][gc,heap        ] GC(369152) Survivor regions: 1->1(2)
[2020-12-23T00:13:30.054-0400][gc,heap        ] GC(369152) Old regions: 46->46
[2020-12-23T00:13:30.054-0400][gc,heap        ] GC(369152) Humongous regions: 4->4
[2020-12-23T00:13:30.054-0400][gc,metaspace   ] GC(369152) Metaspace: 61001K->61001K(1107968K)
[2020-12-23T00:13:30.054-0400][gc,heap        ] GC(369152) Heap after GC invocations=369129 (full 10682): garbage-first heap   total 73728K, used 49154K [0x0000000083000000, 0x0000000100000000)
[2020-12-23T00:13:30.054-0400][gc,heap        ] GC(369152)   region size 1024K, 1 young (1024K), 1 survivors (1024K)
[2020-12-23T00:13:30.054-0400][gc,heap        ] GC(369152)  Metaspace       used 61001K, capacity 63721K, committed 64768K, reserved 1107968K
[2020-12-23T00:13:30.054-0400][gc,heap        ] GC(369152)   class space    used 5712K, capacity 6559K, committed 6912K, reserved 1048576K
[2020-12-23T00:13:30.054-0400][gc             ] GC(369152) Pause Young (Normal) (G1 Evacuation Pause) 58M->48M(72M) 6.297ms
[2020-12-23T00:13:30.054-0400][gc,cpu         ] GC(369152) User=0.01s Sys=0.00s Real=0.00s
[2020-12-23T00:13:57.082-0400][gc,heap        ] GC(369153) Heap before GC invocations=369129 (full 10682): garbage-first heap   total 73728K, used 58370K [0x0000000083000000, 0x0000000100000000)
[2020-12-23T00:13:57.082-0400][gc,heap        ] GC(369153)   region size 1024K, 11 young (11264K), 1 survivors (1024K)
[2020-12-23T00:13:57.082-0400][gc,heap        ] GC(369153)  Metaspace       used 61001K, capacity 63721K, committed 64768K, reserved 1107968K
[2020-12-23T00:13:57.082-0400][gc,heap        ] GC(369153)   class space    used 5712K, capacity 6559K, committed 6912K, reserved 1048576K
[2020-12-23T00:13:57.082-0400][gc,start       ] GC(369153) Pause Young (Normal) (G1 Evacuation Pause)
[2020-12-23T00:13:57.082-0400][gc,task        ] GC(369153) Using 4 workers of 4 for evacuation
[2020-12-23T00:13:57.088-0400][gc,phases      ] GC(369153)   Pre Evacuate Collection Set: 0.0ms
[2020-12-23T00:13:57.088-0400][gc,phases      ] GC(369153)   Evacuate Collection Set: 3.6ms
[2020-12-23T00:13:57.088-0400][gc,phases      ] GC(369153)   Post Evacuate Collection Set: 1.5ms
[2020-12-23T00:13:57.088-0400][gc,phases      ] GC(369153)   Other: 0.9ms
[2020-12-23T00:13:57.088-0400][gc,heap        ] GC(369153) Eden regions: 10->0(10)
[2020-12-23T00:13:57.088-0400][gc,heap        ] GC(369153) Survivor regions: 1->1(2)
[2020-12-23T00:13:57.088-0400][gc,heap        ] GC(369153) Old regions: 46->46
[2020-12-23T00:13:57.088-0400][gc,heap        ] GC(369153) Humongous regions: 4->4
[2020-12-23T00:13:57.089-0400][gc,metaspace   ] GC(369153) Metaspace: 61001K->61001K(1107968K)
[2020-12-23T00:13:57.089-0400][gc,heap        ] GC(369153) Heap after GC invocations=369130 (full 10682): garbage-first heap   total 73728K, used 49202K [0x0000000083000000, 0x0000000100000000)
[2020-12-23T00:13:57.089-0400][gc,heap        ] GC(369153)   region size 1024K, 1 young (1024K), 1 survivors (1024K)
[2020-12-23T00:13:57.089-0400][gc,heap        ] GC(369153)  Metaspace       used 61001K, capacity 63721K, committed 64768K, reserved 1107968K
[2020-12-23T00:13:57.089-0400][gc,heap        ] GC(369153)   class space    used 5712K, capacity 6559K, committed 6912K, reserved 1048576K
[2020-12-23T00:13:57.089-0400][gc             ] GC(369153) Pause Young (Normal) (G1 Evacuation Pause) 58M->48M(72M) 6.480ms
[2020-12-23T00:13:57.089-0400][gc,cpu         ] GC(369153) User=0.01s Sys=0.00s Real=0.01s
[2020-12-23T00:14:16.399-0400][gc,heap        ] GC(369154) Heap before GC invocations=369130 (full 10682): garbage-first heap   total 73728K, used 58418K [0x0000000083000000, 0x0000000100000000)
[2020-12-23T00:14:16.400-0400][gc,heap        ] GC(369154)   region size 1024K, 11 young (11264K), 1 survivors (1024K)
[2020-12-23T00:14:16.400-0400][gc,heap        ] GC(369154)  Metaspace       used 61001K, capacity 63721K, committed 64768K, reserved 1107968K
[2020-12-23T00:14:16.400-0400][gc,heap        ] GC(369154)   class space    used 5712K, capacity 6559K, committed 6912K, reserved 1048576K
[2020-12-23T00:14:16.400-0400][gc,start       ] GC(369154) Pause Young (Normal) (G1 Evacuation Pause)
[2020-12-23T00:14:16.400-0400][gc,task        ] GC(369154) Using 4 workers of 4 for evacuation
[2020-12-23T00:14:16.406-0400][gc,phases      ] GC(369154)   Pre Evacuate Collection Set: 0.0ms
[2020-12-23T00:14:16.406-0400][gc,phases      ] GC(369154)   Evacuate Collection Set: 4.4ms
[2020-12-23T00:14:16.406-0400][gc,phases      ] GC(369154)   Post Evacuate Collection Set: 1.6ms
[2020-12-23T00:14:16.407-0400][gc,phases      ] GC(369154)   Other: 0.9ms
[2020-12-23T00:14:16.407-0400][gc,heap        ] GC(369154) Eden regions: 10->0(10)
[2020-12-23T00:14:16.407-0400][gc,heap        ] GC(369154) Survivor regions: 1->1(2)
[2020-12-23T00:14:16.407-0400][gc,heap        ] GC(369154) Old regions: 46->46
[2020-12-23T00:14:16.407-0400][gc,heap        ] GC(369154) Humongous regions: 4->4
[2020-12-23T00:14:16.407-0400][gc,metaspace   ] GC(369154) Metaspace: 61001K->61001K(1107968K)
[2020-12-23T00:14:16.407-0400][gc,heap        ] GC(369154) Heap after GC invocations=369131 (full 10682): garbage-first heap   total 73728K, used 49248K [0x0000000083000000, 0x0000000100000000)
[2020-12-23T00:14:16.407-0400][gc,heap        ] GC(369154)   region size 1024K, 1 young (1024K), 1 survivors (1024K)
[2020-12-23T00:14:16.407-0400][gc,heap        ] GC(369154)  Metaspace       used 61001K, capacity 63721K, committed 64768K, reserved 1107968K
[2020-12-23T00:14:16.407-0400][gc,heap        ] GC(369154)   class space    used 5712K, capacity 6559K, committed 6912K, reserved 1048576K
[2020-12-23T00:14:16.407-0400][gc             ] GC(369154) Pause Young (Normal) (G1 Evacuation Pause) 58M->48M(72M) 7.354ms
[2020-12-23T00:14:16.407-0400][gc,cpu         ] GC(369154) User=0.01s Sys=0.00s Real=0.01s
[2020-12-23T00:14:31.952-0400][gc,heap        ] GC(369155) Heap before GC invocations=369131 (full 10682): garbage-first heap   total 73728K, used 58464K [0x0000000083000000, 0x0000000100000000)
[2020-12-23T00:14:31.952-0400][gc,heap        ] GC(369155)   region size 1024K, 11 young (11264K), 1 survivors (1024K)
[2020-12-23T00:14:31.952-0400][gc,heap        ] GC(369155)  Metaspace       used 61001K, capacity 63721K, committed 64768K, reserved 1107968K
[2020-12-23T00:14:31.952-0400][gc,heap        ] GC(369155)   class space    used 5712K, capacity 6559K, committed 6912K, reserved 1048576K
[2020-12-23T00:14:31.952-0400][gc,start       ] GC(369155) Pause Young (Normal) (G1 Evacuation Pause)
[2020-12-23T00:14:31.952-0400][gc,task        ] GC(369155) Using 4 workers of 4 for evacuation
[2020-12-23T00:14:31.958-0400][gc,phases      ] GC(369155)   Pre Evacuate Collection Set: 0.0ms
[2020-12-23T00:14:31.958-0400][gc,phases      ] GC(369155)   Evacuate Collection Set: 3.8ms
[2020-12-23T00:14:31.958-0400][gc,phases      ] GC(369155)   Post Evacuate Collection Set: 1.3ms
[2020-12-23T00:14:31.958-0400][gc,phases      ] GC(369155)   Other: 0.9ms
[2020-12-23T00:14:31.958-0400][gc,heap        ] GC(369155) Eden regions: 10->0(10)
[2020-12-23T00:14:31.958-0400][gc,heap        ] GC(369155) Survivor regions: 1->1(2)
[2020-12-23T00:14:31.958-0400][gc,heap        ] GC(369155) Old regions: 46->46
[2020-12-23T00:14:31.958-0400][gc,heap        ] GC(369155) Humongous regions: 4->4
[2020-12-23T00:14:31.958-0400][gc,metaspace   ] GC(369155) Metaspace: 61001K->61001K(1107968K)
[2020-12-23T00:14:31.958-0400][gc,heap        ] GC(369155) Heap after GC invocations=369132 (full 10682): garbage-first heap   total 73728K, used 49192K [0x0000000083000000, 0x0000000100000000)
[2020-12-23T00:14:31.958-0400][gc,heap        ] GC(369155)   region size 1024K, 1 young (1024K), 1 survivors (1024K)
[2020-12-23T00:14:31.958-0400][gc,heap        ] GC(369155)  Metaspace       used 61001K, capacity 63721K, committed 64768K, reserved 1107968K
[2020-12-23T00:14:31.958-0400][gc,heap        ] GC(369155)   class space    used 5712K, capacity 6559K, committed 6912K, reserved 1048576K
[2020-12-23T00:14:31.958-0400][gc             ] GC(369155) Pause Young (Normal) (G1 Evacuation Pause) 58M->48M(72M) 6.355ms
[2020-12-23T00:14:31.958-0400][gc,cpu         ] GC(369155) User=0.01s Sys=0.01s Real=0.01s
[2020-12-23T00:14:44.367-0400][gc,heap        ] GC(369156) Heap before GC invocations=369132 (full 10682): garbage-first heap   total 73728K, used 58408K [0x0000000083000000, 0x0000000100000000)
[2020-12-23T00:14:44.367-0400][gc,heap        ] GC(369156)   region size 1024K, 11 young (11264K), 1 survivors (1024K)
[2020-12-23T00:14:44.367-0400][gc,heap        ] GC(369156)  Metaspace       used 61001K, capacity 63721K, committed 64768K, reserved 1107968K
[2020-12-23T00:14:44.367-0400][gc,heap        ] GC(369156)   class space    used 5712K, capacity 6559K, committed 6912K, reserved 1048576K
[2020-12-23T00:14:44.367-0400][gc,start       ] GC(369156) Pause Young (Normal) (G1 Evacuation Pause)
[2020-12-23T00:14:44.367-0400][gc,task        ] GC(369156) Using 4 workers of 4 for evacuation
[2020-12-23T00:14:44.374-0400][gc,phases      ] GC(369156)   Pre Evacuate Collection Set: 0.0ms
[2020-12-23T00:14:44.374-0400][gc,phases      ] GC(369156)   Evacuate Collection Set: 4.2ms
[2020-12-23T00:14:44.374-0400][gc,phases      ] GC(369156)   Post Evacuate Collection Set: 1.5ms
[2020-12-23T00:14:44.374-0400][gc,phases      ] GC(369156)   Other: 1.0ms
[2020-12-23T00:14:44.374-0400][gc,heap        ] GC(369156) Eden regions: 10->0(10)
[2020-12-23T00:14:44.374-0400][gc,heap        ] GC(369156) Survivor regions: 1->1(2)
[2020-12-23T00:14:44.374-0400][gc,heap        ] GC(369156) Old regions: 46->46
[2020-12-23T00:14:44.374-0400][gc,heap        ] GC(369156) Humongous regions: 4->4
[2020-12-23T00:14:44.374-0400][gc,metaspace   ] GC(369156) Metaspace: 61001K->61001K(1107968K)
[2020-12-23T00:14:44.374-0400][gc,heap        ] GC(369156) Heap after GC invocations=369133 (full 10682): garbage-first heap   total 73728K, used 49314K [0x0000000083000000, 0x0000000100000000)
[2020-12-23T00:14:44.374-0400][gc,heap        ] GC(369156)   region size 1024K, 1 young (1024K), 1 survivors (1024K)
[2020-12-23T00:14:44.374-0400][gc,heap        ] GC(369156)  Metaspace       used 61001K, capacity 63721K, committed 64768K, reserved 1107968K
[2020-12-23T00:14:44.374-0400][gc,heap        ] GC(369156)   class space    used 5712K, capacity 6559K, committed 6912K, reserved 1048576K
[2020-12-23T00:14:44.374-0400][gc             ] GC(369156) Pause Young (Normal) (G1 Evacuation Pause) 58M->48M(72M) 7.048ms
[2020-12-23T00:14:44.375-0400][gc,cpu         ] GC(369156) User=0.02s Sys=0.00s Real=0.00s
[2020-12-23T00:15:01.087-0400][gc,heap        ] GC(369157) Heap before GC invocations=369133 (full 10682): garbage-first heap   total 73728K, used 58530K [0x0000000083000000, 0x0000000100000000)
[2020-12-23T00:15:01.087-0400][gc,heap        ] GC(369157)   region size 1024K, 11 young (11264K), 1 survivors (1024K)
[2020-12-23T00:15:01.087-0400][gc,heap        ] GC(369157)  Metaspace       used 61001K, capacity 63721K, committed 64768K, reserved 1107968K
[2020-12-23T00:15:01.087-0400][gc,heap        ] GC(369157)   class space    used 5712K, capacity 6559K, committed 6912K, reserved 1048576K
[2020-12-23T00:15:01.087-0400][gc,start       ] GC(369157) Pause Young (Normal) (G1 Evacuation Pause)
[2020-12-23T00:15:01.087-0400][gc,task        ] GC(369157) Using 4 workers of 4 for evacuation
[2020-12-23T00:15:01.094-0400][gc,phases      ] GC(369157)   Pre Evacuate Collection Set: 0.0ms
[2020-12-23T00:15:01.094-0400][gc,phases      ] GC(369157)   Evacuate Collection Set: 4.8ms
[2020-12-23T00:15:01.094-0400][gc,phases      ] GC(369157)   Post Evacuate Collection Set: 1.5ms
[2020-12-23T00:15:01.094-0400][gc,phases      ] GC(369157)   Other: 0.8ms
[2020-12-23T00:15:01.094-0400][gc,heap        ] GC(369157) Eden regions: 10->0(10)
[2020-12-23T00:15:01.094-0400][gc,heap        ] GC(369157) Survivor regions: 1->1(2)
[2020-12-23T00:15:01.094-0400][gc,heap        ] GC(369157) Old regions: 46->46
[2020-12-23T00:15:01.094-0400][gc,heap        ] GC(369157) Humongous regions: 4->4
[2020-12-23T00:15:01.094-0400][gc,metaspace   ] GC(369157) Metaspace: 61001K->61001K(1107968K)
[2020-12-23T00:15:01.094-0400][gc,heap        ] GC(369157) Heap after GC invocations=369134 (full 10682): garbage-first heap   total 73728K, used 49491K [0x0000000083000000, 0x0000000100000000)
[2020-12-23T00:15:01.094-0400][gc,heap        ] GC(369157)   region size 1024K, 1 young (1024K), 1 survivors (1024K)
[2020-12-23T00:15:01.094-0400][gc,heap        ] GC(369157)  Metaspace       used 61001K, capacity 63721K, committed 64768K, reserved 1107968K
[2020-12-23T00:15:01.095-0400][gc,heap        ] GC(369157)   class space    used 5712K, capacity 6559K, committed 6912K, reserved 1048576K
[2020-12-23T00:15:01.095-0400][gc             ] GC(369157) Pause Young (Normal) (G1 Evacuation Pause) 58M->48M(72M) 7.686ms
[2020-12-23T00:15:01.095-0400][gc,cpu         ] GC(369157) User=0.02s Sys=0.00s Real=0.00s
[2020-12-23T00:15:15.683-0400][gc,heap        ] GC(369158) Heap before GC invocations=369134 (full 10682): garbage-first heap   total 73728K, used 58707K [0x0000000083000000, 0x0000000100000000)
[2020-12-23T00:15:15.683-0400][gc,heap        ] GC(369158)   region size 1024K, 11 young (11264K), 1 survivors (1024K)
[2020-12-23T00:15:15.683-0400][gc,heap        ] GC(369158)  Metaspace       used 61001K, capacity 63721K, committed 64768K, reserved 1107968K
[2020-12-23T00:15:15.683-0400][gc,heap        ] GC(369158)   class space    used 5712K, capacity 6559K, committed 6912K, reserved 1048576K
[2020-12-23T00:15:15.683-0400][gc,start       ] GC(369158) Pause Young (Normal) (G1 Evacuation Pause)
[2020-12-23T00:15:15.683-0400][gc,task        ] GC(369158) Using 4 workers of 4 for evacuation
[2020-12-23T00:15:15.691-0400][gc,phases      ] GC(369158)   Pre Evacuate Collection Set: 0.0ms
[2020-12-23T00:15:15.691-0400][gc,phases      ] GC(369158)   Evacuate Collection Set: 5.4ms
[2020-12-23T00:15:15.691-0400][gc,phases      ] GC(369158)   Post Evacuate Collection Set: 1.5ms
[2020-12-23T00:15:15.691-0400][gc,phases      ] GC(369158)   Other: 1.1ms
[2020-12-23T00:15:15.691-0400][gc,heap        ] GC(369158) Eden regions: 10->0(10)
[2020-12-23T00:15:15.691-0400][gc,heap        ] GC(369158) Survivor regions: 1->1(2)
[2020-12-23T00:15:15.691-0400][gc,heap        ] GC(369158) Old regions: 46->46
[2020-12-23T00:15:15.691-0400][gc,heap        ] GC(369158) Humongous regions: 4->4
[2020-12-23T00:15:15.691-0400][gc,metaspace   ] GC(369158) Metaspace: 61001K->61001K(1107968K)
[2020-12-23T00:15:15.691-0400][gc,heap        ] GC(369158) Heap after GC invocations=369135 (full 10682): garbage-first heap   total 73728K, used 49520K [0x0000000083000000, 0x0000000100000000)
[2020-12-23T00:15:15.691-0400][gc,heap        ] GC(369158)   region size 1024K, 1 young (1024K), 1 survivors (1024K)
[2020-12-23T00:15:15.691-0400][gc,heap        ] GC(369158)  Metaspace       used 61001K, capacity 63721K, committed 64768K, reserved 1107968K
[2020-12-23T00:15:15.691-0400][gc,heap        ] GC(369158)   class space    used 5712K, capacity 6559K, committed 6912K, reserved 1048576K
[2020-12-23T00:15:15.691-0400][gc             ] GC(369158) Pause Young (Normal) (G1 Evacuation Pause) 58M->48M(72M) 8.242ms
[2020-12-23T00:15:15.691-0400][gc,cpu         ] GC(369158) User=0.02s Sys=0.00s Real=0.01s
[2020-12-23T00:15:22.701-0400][gc,heap        ] GC(369159) Heap before GC invocations=369135 (full 10682): garbage-first heap   total 73728K, used 58736K [0x0000000083000000, 0x0000000100000000)
[2020-12-23T00:15:22.701-0400][gc,heap        ] GC(369159)   region size 1024K, 11 young (11264K), 1 survivors (1024K)
[2020-12-23T00:15:22.701-0400][gc,heap        ] GC(369159)  Metaspace       used 61001K, capacity 63721K, committed 64768K, reserved 1107968K
[2020-12-23T00:15:22.701-0400][gc,heap        ] GC(369159)   class space    used 5712K, capacity 6559K, committed 6912K, reserved 1048576K
[2020-12-23T00:15:22.702-0400][gc,start       ] GC(369159) Pause Young (Normal) (G1 Evacuation Pause)
[2020-12-23T00:15:22.702-0400][gc,task        ] GC(369159) Using 4 workers of 4 for evacuation
[2020-12-23T00:15:22.709-0400][gc,phases      ] GC(369159)   Pre Evacuate Collection Set: 0.0ms
[2020-12-23T00:15:22.709-0400][gc,phases      ] GC(369159)   Evacuate Collection Set: 5.4ms
[2020-12-23T00:15:22.709-0400][gc,phases      ] GC(369159)   Post Evacuate Collection Set: 1.3ms
[2020-12-23T00:15:22.709-0400][gc,phases      ] GC(369159)   Other: 0.9ms
[2020-12-23T00:15:22.709-0400][gc,heap        ] GC(369159) Eden regions: 10->0(10)
[2020-12-23T00:15:22.709-0400][gc,heap        ] GC(369159) Survivor regions: 1->1(2)
[2020-12-23T00:15:22.709-0400][gc,heap        ] GC(369159) Old regions: 46->46
[2020-12-23T00:15:22.709-0400][gc,heap        ] GC(369159) Humongous regions: 4->4
[2020-12-23T00:15:22.709-0400][gc,metaspace   ] GC(369159) Metaspace: 61001K->61001K(1107968K)
[2020-12-23T00:15:22.709-0400][gc,heap        ] GC(369159) Heap after GC invocations=369136 (full 10682): garbage-first heap   total 73728K, used 49692K [0x0000000083000000, 0x0000000100000000)
[2020-12-23T00:15:22.709-0400][gc,heap        ] GC(369159)   region size 1024K, 1 young (1024K), 1 survivors (1024K)
[2020-12-23T00:15:22.709-0400][gc,heap        ] GC(369159)  Metaspace       used 61001K, capacity 63721K, committed 64768K, reserved 1107968K
[2020-12-23T00:15:22.710-0400][gc,heap        ] GC(369159)   class space    used 5712K, capacity 6559K, committed 6912K, reserved 1048576K
[2020-12-23T00:15:22.710-0400][gc             ] GC(369159) Pause Young (Normal) (G1 Evacuation Pause) 58M->48M(72M) 8.031ms
[2020-12-23T00:15:22.710-0400][gc,cpu         ] GC(369159) User=0.01s Sys=0.01s Real=0.01s
[2020-12-23T00:15:43.891-0400][gc,heap        ] GC(369160) Heap before GC invocations=369136 (full 10682): garbage-first heap   total 73728K, used 58908K [0x0000000083000000, 0x0000000100000000)
[2020-12-23T00:15:43.891-0400][gc,heap        ] GC(369160)   region size 1024K, 11 young (11264K), 1 survivors (1024K)
[2020-12-23T00:15:43.891-0400][gc,heap        ] GC(369160)  Metaspace       used 61001K, capacity 63721K, committed 64768K, reserved 1107968K
[2020-12-23T00:15:43.891-0400][gc,heap        ] GC(369160)   class space    used 5712K, capacity 6559K, committed 6912K, reserved 1048576K
[2020-12-23T00:15:43.891-0400][gc,start       ] GC(369160) Pause Young (Normal) (G1 Evacuation Pause)
[2020-12-23T00:15:43.891-0400][gc,task        ] GC(369160) Using 4 workers of 4 for evacuation
[2020-12-23T00:15:43.899-0400][gc,phases      ] GC(369160)   Pre Evacuate Collection Set: 0.0ms
[2020-12-23T00:15:43.899-0400][gc,phases      ] GC(369160)   Evacuate Collection Set: 5.5ms
[2020-12-23T00:15:43.899-0400][gc,phases      ] GC(369160)   Post Evacuate Collection Set: 1.4ms
[2020-12-23T00:15:43.899-0400][gc,phases      ] GC(369160)   Other: 0.9ms
[2020-12-23T00:15:43.899-0400][gc,heap        ] GC(369160) Eden regions: 10->0(10)
[2020-12-23T00:15:43.899-0400][gc,heap        ] GC(369160) Survivor regions: 1->2(2)
[2020-12-23T00:15:43.899-0400][gc,heap        ] GC(369160) Old regions: 46->46
[2020-12-23T00:15:43.899-0400][gc,heap        ] GC(369160) Humongous regions: 4->4
[2020-12-23T00:15:43.899-0400][gc,metaspace   ] GC(369160) Metaspace: 61001K->61001K(1107968K)
[2020-12-23T00:15:43.899-0400][gc,heap        ] GC(369160) Heap after GC invocations=369137 (full 10682): garbage-first heap   total 73728K, used 49779K [0x0000000083000000, 0x0000000100000000)
[2020-12-23T00:15:43.899-0400][gc,heap        ] GC(369160)   region size 1024K, 2 young (2048K), 2 survivors (2048K)
[2020-12-23T00:15:43.899-0400][gc,heap        ] GC(369160)  Metaspace       used 61001K, capacity 63721K, committed 64768K, reserved 1107968K
[2020-12-23T00:15:43.899-0400][gc,heap        ] GC(369160)   class space    used 5712K, capacity 6559K, committed 6912K, reserved 1048576K
[2020-12-23T00:15:43.899-0400][gc             ] GC(369160) Pause Young (Normal) (G1 Evacuation Pause) 58M->48M(72M) 8.232ms
[2020-12-23T00:15:43.900-0400][gc,cpu         ] GC(369160) User=0.02s Sys=0.01s Real=0.01s
[2020-12-23T00:16:03.102-0400][gc,heap        ] GC(369161) Heap before GC invocations=369137 (full 10682): garbage-first heap   total 73728K, used 58995K [0x0000000083000000, 0x0000000100000000)
[2020-12-23T00:16:03.102-0400][gc,heap        ] GC(369161)   region size 1024K, 12 young (12288K), 2 survivors (2048K)
[2020-12-23T00:16:03.102-0400][gc,heap        ] GC(369161)  Metaspace       used 61001K, capacity 63721K, committed 64768K, reserved 1107968K
[2020-12-23T00:16:03.102-0400][gc,heap        ] GC(369161)   class space    used 5712K, capacity 6559K, committed 6912K, reserved 1048576K
[2020-12-23T00:16:03.102-0400][gc,start       ] GC(369161) Pause Young (Normal) (G1 Evacuation Pause)
[2020-12-23T00:16:03.102-0400][gc,task        ] GC(369161) Using 4 workers of 4 for evacuation
[2020-12-23T00:16:03.110-0400][gc,phases      ] GC(369161)   Pre Evacuate Collection Set: 0.0ms
[2020-12-23T00:16:03.110-0400][gc,phases      ] GC(369161)   Evacuate Collection Set: 5.3ms
[2020-12-23T00:16:03.110-0400][gc,phases      ] GC(369161)   Post Evacuate Collection Set: 1.8ms
[2020-12-23T00:16:03.110-0400][gc,phases      ] GC(369161)   Other: 1.0ms
[2020-12-23T00:16:03.111-0400][gc,heap        ] GC(369161) Eden regions: 10->0(10)
[2020-12-23T00:16:03.111-0400][gc,heap        ] GC(369161) Survivor regions: 2->1(2)
[2020-12-23T00:16:03.111-0400][gc,heap        ] GC(369161) Old regions: 46->46
[2020-12-23T00:16:03.111-0400][gc,heap        ] GC(369161) Humongous regions: 4->4
[2020-12-23T00:16:03.111-0400][gc,metaspace   ] GC(369161) Metaspace: 61001K->61001K(1107968K)
[2020-12-23T00:16:03.111-0400][gc,heap        ] GC(369161) Heap after GC invocations=369138 (full 10682): garbage-first heap   total 73728K, used 49737K [0x0000000083000000, 0x0000000100000000)
[2020-12-23T00:16:03.111-0400][gc,heap        ] GC(369161)   region size 1024K, 1 young (1024K), 1 survivors (1024K)
[2020-12-23T00:16:03.111-0400][gc,heap        ] GC(369161)  Metaspace       used 61001K, capacity 63721K, committed 64768K, reserved 1107968K
[2020-12-23T00:16:03.111-0400][gc,heap        ] GC(369161)   class space    used 5712K, capacity 6559K, committed 6912K, reserved 1048576K
[2020-12-23T00:16:03.111-0400][gc             ] GC(369161) Pause Young (Normal) (G1 Evacuation Pause) 58M->48M(72M) 8.548ms
[2020-12-23T00:16:03.111-0400][gc,cpu         ] GC(369161) User=0.02s Sys=0.01s Real=0.01s
[2020-12-23T00:16:26.492-0400][gc,heap        ] GC(369162) Heap before GC invocations=369138 (full 10682): garbage-first heap   total 73728K, used 58953K [0x0000000083000000, 0x0000000100000000)
[2020-12-23T00:16:26.492-0400][gc,heap        ] GC(369162)   region size 1024K, 11 young (11264K), 1 survivors (1024K)
[2020-12-23T00:16:26.492-0400][gc,heap        ] GC(369162)  Metaspace       used 61001K, capacity 63721K, committed 64768K, reserved 1107968K
[2020-12-23T00:16:26.492-0400][gc,heap        ] GC(369162)   class space    used 5712K, capacity 6559K, committed 6912K, reserved 1048576K
[2020-12-23T00:16:26.492-0400][gc,start       ] GC(369162) Pause Young (Normal) (G1 Evacuation Pause)
[2020-12-23T00:16:26.492-0400][gc,task        ] GC(369162) Using 4 workers of 4 for evacuation
[2020-12-23T00:16:26.499-0400][gc,phases      ] GC(369162)   Pre Evacuate Collection Set: 0.0ms
[2020-12-23T00:16:26.499-0400][gc,phases      ] GC(369162)   Evacuate Collection Set: 4.5ms
[2020-12-23T00:16:26.499-0400][gc,phases      ] GC(369162)   Post Evacuate Collection Set: 1.5ms
[2020-12-23T00:16:26.499-0400][gc,phases      ] GC(369162)   Other: 0.8ms
[2020-12-23T00:16:26.499-0400][gc,heap        ] GC(369162) Eden regions: 10->0(10)
[2020-12-23T00:16:26.499-0400][gc,heap        ] GC(369162) Survivor regions: 1->1(2)
[2020-12-23T00:16:26.499-0400][gc,heap        ] GC(369162) Old regions: 46->46
[2020-12-23T00:16:26.499-0400][gc,heap        ] GC(369162) Humongous regions: 4->4
[2020-12-23T00:16:26.499-0400][gc,metaspace   ] GC(369162) Metaspace: 61001K->61001K(1107968K)
[2020-12-23T00:16:26.499-0400][gc,heap        ] GC(369162) Heap after GC invocations=369139 (full 10682): garbage-first heap   total 73728K, used 49541K [0x0000000083000000, 0x0000000100000000)
[2020-12-23T00:16:26.499-0400][gc,heap        ] GC(369162)   region size 1024K, 1 young (1024K), 1 survivors (1024K)
[2020-12-23T00:16:26.499-0400][gc,heap        ] GC(369162)  Metaspace       used 61001K, capacity 63721K, committed 64768K, reserved 1107968K
[2020-12-23T00:16:26.499-0400][gc,heap        ] GC(369162)   class space    used 5712K, capacity 6559K, committed 6912K, reserved 1048576K
[2020-12-23T00:16:26.500-0400][gc             ] GC(369162) Pause Young (Normal) (G1 Evacuation Pause) 58M->48M(72M) 7.304ms
[2020-12-23T00:16:26.500-0400][gc,cpu         ] GC(369162) User=0.02s Sys=0.00s Real=0.01s
[2020-12-23T00:16:45.921-0400][gc,heap        ] GC(369163) Heap before GC invocations=369139 (full 10682): garbage-first heap   total 73728K, used 58757K [0x0000000083000000, 0x0000000100000000)
[2020-12-23T00:16:45.921-0400][gc,heap        ] GC(369163)   region size 1024K, 11 young (11264K), 1 survivors (1024K)
[2020-12-23T00:16:45.921-0400][gc,heap        ] GC(369163)  Metaspace       used 61001K, capacity 63721K, committed 64768K, reserved 1107968K
[2020-12-23T00:16:45.921-0400][gc,heap        ] GC(369163)   class space    used 5712K, capacity 6559K, committed 6912K, reserved 1048576K
[2020-12-23T00:16:45.921-0400][gc,start       ] GC(369163) Pause Young (Normal) (G1 Evacuation Pause)
[2020-12-23T00:16:45.921-0400][gc,task        ] GC(369163) Using 4 workers of 4 for evacuation
[2020-12-23T00:16:45.928-0400][gc,phases      ] GC(369163)   Pre Evacuate Collection Set: 0.1ms
[2020-12-23T00:16:45.928-0400][gc,phases      ] GC(369163)   Evacuate Collection Set: 4.7ms
[2020-12-23T00:16:45.928-0400][gc,phases      ] GC(369163)   Post Evacuate Collection Set: 1.4ms
[2020-12-23T00:16:45.928-0400][gc,phases      ] GC(369163)   Other: 0.9ms
[2020-12-23T00:16:45.928-0400][gc,heap        ] GC(369163) Eden regions: 10->0(10)
[2020-12-23T00:16:45.928-0400][gc,heap        ] GC(369163) Survivor regions: 1->1(2)
[2020-12-23T00:16:45.928-0400][gc,heap        ] GC(369163) Old regions: 46->47
[2020-12-23T00:16:45.928-0400][gc,heap        ] GC(369163) Humongous regions: 4->4
[2020-12-23T00:16:45.929-0400][gc,metaspace   ] GC(369163) Metaspace: 61001K->61001K(1107968K)
[2020-12-23T00:16:45.929-0400][gc,heap        ] GC(369163) Heap after GC invocations=369140 (full 10682): garbage-first heap   total 73728K, used 49552K [0x0000000083000000, 0x0000000100000000)
[2020-12-23T00:16:45.929-0400][gc,heap        ] GC(369163)   region size 1024K, 1 young (1024K), 1 survivors (1024K)
[2020-12-23T00:16:45.929-0400][gc,heap        ] GC(369163)  Metaspace       used 61001K, capacity 63721K, committed 64768K, reserved 1107968K
[2020-12-23T00:16:45.929-0400][gc,heap        ] GC(369163)   class space    used 5712K, capacity 6559K, committed 6912K, reserved 1048576K
[2020-12-23T00:16:45.929-0400][gc             ] GC(369163) Pause Young (Normal) (G1 Evacuation Pause) 58M->48M(72M) 7.524ms
[2020-12-23T00:16:45.929-0400][gc,cpu         ] GC(369163) User=0.02s Sys=0.01s Real=0.01s
[2020-12-23T00:16:50.924-0400][gc,task        ] GC(369164) Using 3 workers of 4 for full compaction
[2020-12-23T00:16:50.924-0400][gc,start       ] GC(369164) Pause Full (System.gc())
[2020-12-23T00:16:50.924-0400][gc,heap        ] GC(369164) Heap before GC invocations=369140 (full 10682): garbage-first heap   total 73728K, used 49552K [0x0000000083000000, 0x0000000100000000)
[2020-12-23T00:16:50.924-0400][gc,heap        ] GC(369164)   region size 1024K, 3 young (3072K), 1 survivors (1024K)
[2020-12-23T00:16:50.924-0400][gc,heap        ] GC(369164)  Metaspace       used 61001K, capacity 63721K, committed 64768K, reserved 1107968K
[2020-12-23T00:16:50.924-0400][gc,heap        ] GC(369164)   class space    used 5712K, capacity 6559K, committed 6912K, reserved 1048576K
[2020-12-23T00:16:50.927-0400][gc,phases,start] GC(369164) Phase 1: Mark live objects
[2020-12-23T00:16:51.070-0400][gc,stringtable ] GC(369164) Cleaned string and symbol table, strings: 32200 processed, 0 removed, symbols: 131451 processed, 0 removed
[2020-12-23T00:16:51.070-0400][gc,phases      ] GC(369164) Phase 1: Mark live objects 142.554ms
[2020-12-23T00:16:51.070-0400][gc,phases,start] GC(369164) Phase 2: Prepare for compaction
[2020-12-23T00:16:51.099-0400][gc,phases      ] GC(369164) Phase 2: Prepare for compaction 29.723ms
[2020-12-23T00:16:51.100-0400][gc,phases,start] GC(369164) Phase 3: Adjust pointers
[2020-12-23T00:16:51.178-0400][gc,phases      ] GC(369164) Phase 3: Adjust pointers 78.057ms
[2020-12-23T00:16:51.178-0400][gc,phases,start] GC(369164) Phase 4: Compact heap
[2020-12-23T00:16:51.198-0400][gc,phases      ] GC(369164) Phase 4: Compact heap 20.600ms
[2020-12-23T00:16:51.234-0400][gc,heap        ] GC(369164) Eden regions: 2->0(11)
[2020-12-23T00:16:51.234-0400][gc,heap        ] GC(369164) Survivor regions: 1->0(2)
[2020-12-23T00:16:51.234-0400][gc,heap        ] GC(369164) Old regions: 47->46
[2020-12-23T00:16:51.234-0400][gc,heap        ] GC(369164) Humongous regions: 4->4
[2020-12-23T00:16:51.234-0400][gc,metaspace   ] GC(369164) Metaspace: 61001K->61001K(1107968K)
[2020-12-23T00:16:51.234-0400][gc,heap        ] GC(369164) Heap after GC invocations=369141 (full 10683): garbage-first heap   total 73728K, used 48793K [0x0000000083000000, 0x0000000100000000)
[2020-12-23T00:16:51.234-0400][gc,heap        ] GC(369164)   region size 1024K, 0 young (0K), 0 survivors (0K)
[2020-12-23T00:16:51.234-0400][gc,heap        ] GC(369164)  Metaspace       used 61001K, capacity 63721K, committed 64768K, reserved 1107968K
[2020-12-23T00:16:51.234-0400][gc,heap        ] GC(369164)   class space    used 5712K, capacity 6559K, committed 6912K, reserved 1048576K
[2020-12-23T00:16:51.234-0400][gc             ] GC(369164) Pause Full (System.gc()) 49M->47M(72M) 310.422ms
[2020-12-23T00:16:51.234-0400][gc,cpu         ] GC(369164) User=0.83s Sys=0.00s Real=0.31s
[2020-12-23T00:17:08.819-0400][gc,heap        ] GC(369165) Heap before GC invocations=369141 (full 10683): garbage-first heap   total 73728K, used 59033K [0x0000000083000000, 0x0000000100000000)
[2020-12-23T00:17:08.819-0400][gc,heap        ] GC(369165)   region size 1024K, 11 young (11264K), 0 survivors (0K)
[2020-12-23T00:17:08.819-0400][gc,heap        ] GC(369165)  Metaspace       used 61001K, capacity 63721K, committed 64768K, reserved 1107968K
[2020-12-23T00:17:08.819-0400][gc,heap        ] GC(369165)   class space    used 5712K, capacity 6559K, committed 6912K, reserved 1048576K
[2020-12-23T00:17:08.819-0400][gc,start       ] GC(369165) Pause Young (Normal) (G1 Evacuation Pause)
[2020-12-23T00:17:08.820-0400][gc,task        ] GC(369165) Using 4 workers of 4 for evacuation
[2020-12-23T00:17:08.826-0400][gc,phases      ] GC(369165)   Pre Evacuate Collection Set: 0.0ms
[2020-12-23T00:17:08.826-0400][gc,phases      ] GC(369165)   Evacuate Collection Set: 3.3ms
[2020-12-23T00:17:08.826-0400][gc,phases      ] GC(369165)   Post Evacuate Collection Set: 2.2ms
[2020-12-23T00:17:08.826-0400][gc,phases      ] GC(369165)   Other: 0.9ms
[2020-12-23T00:17:08.826-0400][gc,heap        ] GC(369165) Eden regions: 11->0(10)
[2020-12-23T00:17:08.826-0400][gc,heap        ] GC(369165) Survivor regions: 0->1(2)
[2020-12-23T00:17:08.826-0400][gc,heap        ] GC(369165) Old regions: 46->46
[2020-12-23T00:17:08.826-0400][gc,heap        ] GC(369165) Humongous regions: 4->4
[2020-12-23T00:17:08.826-0400][gc,metaspace   ] GC(369165) Metaspace: 61001K->61001K(1107968K)
[2020-12-23T00:17:08.826-0400][gc,heap        ] GC(369165) Heap after GC invocations=369142 (full 10683): garbage-first heap   total 73728K, used 49114K [0x0000000083000000, 0x0000000100000000)
[2020-12-23T00:17:08.826-0400][gc,heap        ] GC(369165)   region size 1024K, 1 young (1024K), 1 survivors (1024K)
[2020-12-23T00:17:08.826-0400][gc,heap        ] GC(369165)  Metaspace       used 61001K, capacity 63721K, committed 64768K, reserved 1107968K
[2020-12-23T00:17:08.826-0400][gc,heap        ] GC(369165)   class space    used 5712K, capacity 6559K, committed 6912K, reserved 1048576K
[2020-12-23T00:17:08.826-0400][gc             ] GC(369165) Pause Young (Normal) (G1 Evacuation Pause) 58M->47M(72M) 6.793ms
[2020-12-23T00:17:08.827-0400][gc,cpu         ] GC(369165) User=0.02s Sys=0.00s Real=0.01s
[2020-12-23T00:17:42.816-0400][gc,heap        ] GC(369166) Heap before GC invocations=369142 (full 10683): garbage-first heap   total 73728K, used 58330K [0x0000000083000000, 0x0000000100000000)
[2020-12-23T00:17:42.816-0400][gc,heap        ] GC(369166)   region size 1024K, 11 young (11264K), 1 survivors (1024K)
[2020-12-23T00:17:42.816-0400][gc,heap        ] GC(369166)  Metaspace       used 61001K, capacity 63721K, committed 64768K, reserved 1107968K
[2020-12-23T00:17:42.816-0400][gc,heap        ] GC(369166)   class space    used 5712K, capacity 6559K, committed 6912K, reserved 1048576K
[2020-12-23T00:17:42.816-0400][gc,start       ] GC(369166) Pause Young (Normal) (G1 Evacuation Pause)
[2020-12-23T00:17:42.816-0400][gc,task        ] GC(369166) Using 4 workers of 4 for evacuation
[2020-12-23T00:17:42.821-0400][gc,phases      ] GC(369166)   Pre Evacuate Collection Set: 0.0ms
[2020-12-23T00:17:42.821-0400][gc,phases      ] GC(369166)   Evacuate Collection Set: 3.0ms
[2020-12-23T00:17:42.821-0400][gc,phases      ] GC(369166)   Post Evacuate Collection Set: 1.5ms
[2020-12-23T00:17:42.821-0400][gc,phases      ] GC(369166)   Other: 0.9ms
[2020-12-23T00:17:42.821-0400][gc,heap        ] GC(369166) Eden regions: 10->0(10)
[2020-12-23T00:17:42.822-0400][gc,heap        ] GC(369166) Survivor regions: 1->1(2)
[2020-12-23T00:17:42.822-0400][gc,heap        ] GC(369166) Old regions: 46->46
[2020-12-23T00:17:42.822-0400][gc,heap        ] GC(369166) Humongous regions: 4->4
[2020-12-23T00:17:42.822-0400][gc,metaspace   ] GC(369166) Metaspace: 61001K->61001K(1107968K)
[2020-12-23T00:17:42.822-0400][gc,heap        ] GC(369166) Heap after GC invocations=369143 (full 10683): garbage-first heap   total 73728K, used 49074K [0x0000000083000000, 0x0000000100000000)
[2020-12-23T00:17:42.822-0400][gc,heap        ] GC(369166)   region size 1024K, 1 young (1024K), 1 survivors (1024K)
[2020-12-23T00:17:42.822-0400][gc,heap        ] GC(369166)  Metaspace       used 61001K, capacity 63721K, committed 64768K, reserved 1107968K
[2020-12-23T00:17:42.822-0400][gc,heap        ] GC(369166)   class space    used 5712K, capacity 6559K, committed 6912K, reserved 1048576K
[2020-12-23T00:17:42.822-0400][gc             ] GC(369166) Pause Young (Normal) (G1 Evacuation Pause) 57M->47M(72M) 5.901ms
[2020-12-23T00:17:42.822-0400][gc,cpu         ] GC(369166) User=0.01s Sys=0.01s Real=0.00s
[2020-12-23T00:17:56.251-0400][gc,heap        ] GC(369167) Heap before GC invocations=369143 (full 10683): garbage-first heap   total 73728K, used 58290K [0x0000000083000000, 0x0000000100000000)
[2020-12-23T00:17:56.251-0400][gc,heap        ] GC(369167)   region size 1024K, 11 young (11264K), 1 survivors (1024K)
[2020-12-23T00:17:56.251-0400][gc,heap        ] GC(369167)  Metaspace       used 61001K, capacity 63721K, committed 64768K, reserved 1107968K
[2020-12-23T00:17:56.252-0400][gc,heap        ] GC(369167)   class space    used 5712K, capacity 6559K, committed 6912K, reserved 1048576K
[2020-12-23T00:17:56.252-0400][gc,start       ] GC(369167) Pause Young (Normal) (G1 Evacuation Pause)
[2020-12-23T00:17:56.252-0400][gc,task        ] GC(369167) Using 4 workers of 4 for evacuation
[2020-12-23T00:17:56.258-0400][gc,phases      ] GC(369167)   Pre Evacuate Collection Set: 0.0ms
[2020-12-23T00:17:56.258-0400][gc,phases      ] GC(369167)   Evacuate Collection Set: 3.8ms
[2020-12-23T00:17:56.258-0400][gc,phases      ] GC(369167)   Post Evacuate Collection Set: 1.7ms
[2020-12-23T00:17:56.258-0400][gc,phases      ] GC(369167)   Other: 0.9ms
[2020-12-23T00:17:56.258-0400][gc,heap        ] GC(369167) Eden regions: 10->0(11)
[2020-12-23T00:17:56.258-0400][gc,heap        ] GC(369167) Survivor regions: 1->1(2)
[2020-12-23T00:17:56.258-0400][gc,heap        ] GC(369167) Old regions: 46->46
[2020-12-23T00:17:56.258-0400][gc,heap        ] GC(369167) Humongous regions: 4->4
[2020-12-23T00:17:56.258-0400][gc,metaspace   ] GC(369167) Metaspace: 61001K->61001K(1107968K)
[2020-12-23T00:17:56.258-0400][gc,heap        ] GC(369167) Heap after GC invocations=369144 (full 10683): garbage-first heap   total 73728K, used 49268K [0x0000000083000000, 0x0000000100000000)
[2020-12-23T00:17:56.258-0400][gc,heap        ] GC(369167)   region size 1024K, 1 young (1024K), 1 survivors (1024K)
[2020-12-23T00:17:56.258-0400][gc,heap        ] GC(369167)  Metaspace       used 61001K, capacity 63721K, committed 64768K, reserved 1107968K
[2020-12-23T00:17:56.258-0400][gc,heap        ] GC(369167)   class space    used 5712K, capacity 6559K, committed 6912K, reserved 1048576K
[2020-12-23T00:17:56.259-0400][gc             ] GC(369167) Pause Young (Normal) (G1 Evacuation Pause) 57M->48M(72M) 6.817ms
[2020-12-23T00:17:56.259-0400][gc,cpu         ] GC(369167) User=0.01s Sys=0.01s Real=0.01s
[2020-12-23T00:18:03.892-0400][gc,heap        ] GC(369168) Heap before GC invocations=369144 (full 10683): garbage-first heap   total 73728K, used 60532K [0x0000000083000000, 0x0000000100000000)
[2020-12-23T00:18:03.892-0400][gc,heap        ] GC(369168)   region size 1024K, 12 young (12288K), 1 survivors (1024K)
[2020-12-23T00:18:03.892-0400][gc,heap        ] GC(369168)  Metaspace       used 61001K, capacity 63721K, committed 64768K, reserved 1107968K
[2020-12-23T00:18:03.892-0400][gc,heap        ] GC(369168)   class space    used 5712K, capacity 6559K, committed 6912K, reserved 1048576K
[2020-12-23T00:18:03.893-0400][gc,start       ] GC(369168) Pause Young (Normal) (G1 Evacuation Pause)
[2020-12-23T00:18:03.893-0400][gc,task        ] GC(369168) Using 4 workers of 4 for evacuation
[2020-12-23T00:18:03.900-0400][gc,phases      ] GC(369168)   Pre Evacuate Collection Set: 0.0ms
[2020-12-23T00:18:03.900-0400][gc,phases      ] GC(369168)   Evacuate Collection Set: 5.0ms
[2020-12-23T00:18:03.900-0400][gc,phases      ] GC(369168)   Post Evacuate Collection Set: 1.7ms
[2020-12-23T00:18:03.900-0400][gc,phases      ] GC(369168)   Other: 1.0ms
[2020-12-23T00:18:03.900-0400][gc,heap        ] GC(369168) Eden regions: 11->0(11)
[2020-12-23T00:18:03.900-0400][gc,heap        ] GC(369168) Survivor regions: 1->1(2)
[2020-12-23T00:18:03.900-0400][gc,heap        ] GC(369168) Old regions: 46->46
[2020-12-23T00:18:03.900-0400][gc,heap        ] GC(369168) Humongous regions: 4->4
[2020-12-23T00:18:03.900-0400][gc,metaspace   ] GC(369168) Metaspace: 61001K->61001K(1107968K)
[2020-12-23T00:18:03.900-0400][gc,heap        ] GC(369168) Heap after GC invocations=369145 (full 10683): garbage-first heap   total 73728K, used 49466K [0x0000000083000000, 0x0000000100000000)
[2020-12-23T00:18:03.900-0400][gc,heap        ] GC(369168)   region size 1024K, 1 young (1024K), 1 survivors (1024K)
[2020-12-23T00:18:03.900-0400][gc,heap        ] GC(369168)  Metaspace       used 61001K, capacity 63721K, committed 64768K, reserved 1107968K
[2020-12-23T00:18:03.900-0400][gc,heap        ] GC(369168)   class space    used 5712K, capacity 6559K, committed 6912K, reserved 1048576K
[2020-12-23T00:18:03.901-0400][gc             ] GC(369168) Pause Young (Normal) (G1 Evacuation Pause) 59M->48M(72M) 7.943ms
[2020-12-23T00:18:03.901-0400][gc,cpu         ] GC(369168) User=0.01s Sys=0.01s Real=0.01s
[2020-12-23T00:18:25.798-0400][gc,heap        ] GC(369169) Heap before GC invocations=369145 (full 10683): garbage-first heap   total 73728K, used 59706K [0x0000000083000000, 0x0000000100000000)
[2020-12-23T00:18:25.798-0400][gc,heap        ] GC(369169)   region size 1024K, 12 young (12288K), 1 survivors (1024K)
[2020-12-23T00:18:25.798-0400][gc,heap        ] GC(369169)  Metaspace       used 61001K, capacity 63721K, committed 64768K, reserved 1107968K
[2020-12-23T00:18:25.798-0400][gc,heap        ] GC(369169)   class space    used 5712K, capacity 6559K, committed 6912K, reserved 1048576K
[2020-12-23T00:18:25.798-0400][gc,start       ] GC(369169) Pause Young (Normal) (G1 Evacuation Pause)
[2020-12-23T00:18:25.798-0400][gc,task        ] GC(369169) Using 4 workers of 4 for evacuation
[2020-12-23T00:18:25.804-0400][gc,phases      ] GC(369169)   Pre Evacuate Collection Set: 0.0ms
[2020-12-23T00:18:25.804-0400][gc,phases      ] GC(369169)   Evacuate Collection Set: 4.1ms
[2020-12-23T00:18:25.805-0400][gc,phases      ] GC(369169)   Post Evacuate Collection Set: 1.8ms
[2020-12-23T00:18:25.805-0400][gc,phases      ] GC(369169)   Other: 0.9ms
[2020-12-23T00:18:25.805-0400][gc,heap        ] GC(369169) Eden regions: 11->0(11)
[2020-12-23T00:18:25.805-0400][gc,heap        ] GC(369169) Survivor regions: 1->1(2)
[2020-12-23T00:18:25.805-0400][gc,heap        ] GC(369169) Old regions: 46->46
[2020-12-23T00:18:25.805-0400][gc,heap        ] GC(369169) Humongous regions: 4->4
[2020-12-23T00:18:25.805-0400][gc,metaspace   ] GC(369169) Metaspace: 61001K->61001K(1107968K)
[2020-12-23T00:18:25.805-0400][gc,heap        ] GC(369169) Heap after GC invocations=369146 (full 10683): garbage-first heap   total 73728K, used 49488K [0x0000000083000000, 0x0000000100000000)
[2020-12-23T00:18:25.805-0400][gc,heap        ] GC(369169)   region size 1024K, 1 young (1024K), 1 survivors (1024K)
[2020-12-23T00:18:25.805-0400][gc,heap        ] GC(369169)  Metaspace       used 61001K, capacity 63721K, committed 64768K, reserved 1107968K
[2020-12-23T00:18:25.805-0400][gc,heap        ] GC(369169)   class space    used 5712K, capacity 6559K, committed 6912K, reserved 1048576K
[2020-12-23T00:18:25.805-0400][gc             ] GC(369169) Pause Young (Normal) (G1 Evacuation Pause) 59M->48M(72M) 7.278ms
[2020-12-23T00:18:25.805-0400][gc,cpu         ] GC(369169) User=0.02s Sys=0.00s Real=0.00s
[2020-12-23T00:18:57.502-0400][gc,heap        ] GC(369170) Heap before GC invocations=369146 (full 10683): garbage-first heap   total 73728K, used 59728K [0x0000000083000000, 0x0000000100000000)
[2020-12-23T00:18:57.502-0400][gc,heap        ] GC(369170)   region size 1024K, 12 young (12288K), 1 survivors (1024K)
[2020-12-23T00:18:57.502-0400][gc,heap        ] GC(369170)  Metaspace       used 61001K, capacity 63721K, committed 64768K, reserved 1107968K
[2020-12-23T00:18:57.502-0400][gc,heap        ] GC(369170)   class space    used 5712K, capacity 6559K, committed 6912K, reserved 1048576K
[2020-12-23T00:18:57.502-0400][gc,start       ] GC(369170) Pause Young (Normal) (G1 Evacuation Pause)
[2020-12-23T00:18:57.502-0400][gc,task        ] GC(369170) Using 4 workers of 4 for evacuation
[2020-12-23T00:18:57.509-0400][gc,phases      ] GC(369170)   Pre Evacuate Collection Set: 0.0ms
[2020-12-23T00:18:57.509-0400][gc,phases      ] GC(369170)   Evacuate Collection Set: 4.6ms
[2020-12-23T00:18:57.509-0400][gc,phases      ] GC(369170)   Post Evacuate Collection Set: 1.6ms
[2020-12-23T00:18:57.509-0400][gc,phases      ] GC(369170)   Other: 1.1ms
[2020-12-23T00:18:57.509-0400][gc,heap        ] GC(369170) Eden regions: 11->0(11)
[2020-12-23T00:18:57.509-0400][gc,heap        ] GC(369170) Survivor regions: 1->1(2)
[2020-12-23T00:18:57.509-0400][gc,heap        ] GC(369170) Old regions: 46->46
[2020-12-23T00:18:57.510-0400][gc,heap        ] GC(369170) Humongous regions: 4->4
[2020-12-23T00:18:57.510-0400][gc,metaspace   ] GC(369170) Metaspace: 61001K->61001K(1107968K)
[2020-12-23T00:18:57.510-0400][gc,heap        ] GC(369170) Heap after GC invocations=369147 (full 10683): garbage-first heap   total 73728K, used 49447K [0x0000000083000000, 0x0000000100000000)
[2020-12-23T00:18:57.510-0400][gc,heap        ] GC(369170)   region size 1024K, 1 young (1024K), 1 survivors (1024K)
[2020-12-23T00:18:57.510-0400][gc,heap        ] GC(369170)  Metaspace       used 61001K, capacity 63721K, committed 64768K, reserved 1107968K
[2020-12-23T00:18:57.510-0400][gc,heap        ] GC(369170)   class space    used 5712K, capacity 6559K, committed 6912K, reserved 1048576K
[2020-12-23T00:18:57.510-0400][gc             ] GC(369170) Pause Young (Normal) (G1 Evacuation Pause) 59M->48M(72M) 7.598ms
[2020-12-23T00:18:57.510-0400][gc,cpu         ] GC(369170) User=0.01s Sys=0.01s Real=0.01s
[2020-12-23T00:19:18.306-0400][gc,heap        ] GC(369171) Heap before GC invocations=369147 (full 10683): garbage-first heap   total 73728K, used 59687K [0x0000000083000000, 0x0000000100000000)
[2020-12-23T00:19:18.306-0400][gc,heap        ] GC(369171)   region size 1024K, 12 young (12288K), 1 survivors (1024K)
[2020-12-23T00:19:18.306-0400][gc,heap        ] GC(369171)  Metaspace       used 61001K, capacity 63721K, committed 64768K, reserved 1107968K
[2020-12-23T00:19:18.306-0400][gc,heap        ] GC(369171)   class space    used 5712K, capacity 6559K, committed 6912K, reserved 1048576K
[2020-12-23T00:19:18.306-0400][gc,start       ] GC(369171) Pause Young (Normal) (G1 Evacuation Pause)
[2020-12-23T00:19:18.307-0400][gc,task        ] GC(369171) Using 4 workers of 4 for evacuation
[2020-12-23T00:19:18.313-0400][gc,phases      ] GC(369171)   Pre Evacuate Collection Set: 0.0ms
[2020-12-23T00:19:18.313-0400][gc,phases      ] GC(369171)   Evacuate Collection Set: 4.1ms
[2020-12-23T00:19:18.313-0400][gc,phases      ] GC(369171)   Post Evacuate Collection Set: 1.6ms
[2020-12-23T00:19:18.313-0400][gc,phases      ] GC(369171)   Other: 0.9ms
[2020-12-23T00:19:18.313-0400][gc,heap        ] GC(369171) Eden regions: 11->0(11)
[2020-12-23T00:19:18.313-0400][gc,heap        ] GC(369171) Survivor regions: 1->1(2)
[2020-12-23T00:19:18.313-0400][gc,heap        ] GC(369171) Old regions: 46->46
[2020-12-23T00:19:18.313-0400][gc,heap        ] GC(369171) Humongous regions: 4->4
[2020-12-23T00:19:18.313-0400][gc,metaspace   ] GC(369171) Metaspace: 61001K->61001K(1107968K)
[2020-12-23T00:19:18.313-0400][gc,heap        ] GC(369171) Heap after GC invocations=369148 (full 10683): garbage-first heap   total 73728K, used 49426K [0x0000000083000000, 0x0000000100000000)
[2020-12-23T00:19:18.313-0400][gc,heap        ] GC(369171)   region size 1024K, 1 young (1024K), 1 survivors (1024K)
[2020-12-23T00:19:18.313-0400][gc,heap        ] GC(369171)  Metaspace       used 61001K, capacity 63721K, committed 64768K, reserved 1107968K
[2020-12-23T00:19:18.313-0400][gc,heap        ] GC(369171)   class space    used 5712K, capacity 6559K, committed 6912K, reserved 1048576K
[2020-12-23T00:19:18.314-0400][gc             ] GC(369171) Pause Young (Normal) (G1 Evacuation Pause) 59M->48M(72M) 7.069ms
[2020-12-23T00:19:18.314-0400][gc,cpu         ] GC(369171) User=0.02s Sys=0.00s Real=0.00s
[2020-12-23T00:19:36.686-0400][gc,heap        ] GC(369172) Heap before GC invocations=369148 (full 10683): garbage-first heap   total 73728K, used 59666K [0x0000000083000000, 0x0000000100000000)
[2020-12-23T00:19:36.686-0400][gc,heap        ] GC(369172)   region size 1024K, 12 young (12288K), 1 survivors (1024K)
[2020-12-23T00:19:36.686-0400][gc,heap        ] GC(369172)  Metaspace       used 61001K, capacity 63721K, committed 64768K, reserved 1107968K
[2020-12-23T00:19:36.686-0400][gc,heap        ] GC(369172)   class space    used 5712K, capacity 6559K, committed 6912K, reserved 1048576K
[2020-12-23T00:19:36.686-0400][gc,start       ] GC(369172) Pause Young (Normal) (G1 Evacuation Pause)
[2020-12-23T00:19:36.687-0400][gc,task        ] GC(369172) Using 4 workers of 4 for evacuation
[2020-12-23T00:19:36.693-0400][gc,phases      ] GC(369172)   Pre Evacuate Collection Set: 0.0ms
[2020-12-23T00:19:36.693-0400][gc,phases      ] GC(369172)   Evacuate Collection Set: 4.3ms
[2020-12-23T00:19:36.693-0400][gc,phases      ] GC(369172)   Post Evacuate Collection Set: 1.8ms
[2020-12-23T00:19:36.694-0400][gc,phases      ] GC(369172)   Other: 1.1ms
[2020-12-23T00:19:36.694-0400][gc,heap        ] GC(369172) Eden regions: 11->0(11)
[2020-12-23T00:19:36.694-0400][gc,heap        ] GC(369172) Survivor regions: 1->1(2)
[2020-12-23T00:19:36.694-0400][gc,heap        ] GC(369172) Old regions: 46->46
[2020-12-23T00:19:36.694-0400][gc,heap        ] GC(369172) Humongous regions: 4->4
[2020-12-23T00:19:36.694-0400][gc,metaspace   ] GC(369172) Metaspace: 61001K->61001K(1107968K)
[2020-12-23T00:19:36.694-0400][gc,heap        ] GC(369172) Heap after GC invocations=369149 (full 10683): garbage-first heap   total 73728K, used 49374K [0x0000000083000000, 0x0000000100000000)
[2020-12-23T00:19:36.694-0400][gc,heap        ] GC(369172)   region size 1024K, 1 young (1024K), 1 survivors (1024K)
[2020-12-23T00:19:36.694-0400][gc,heap        ] GC(369172)  Metaspace       used 61001K, capacity 63721K, committed 64768K, reserved 1107968K
[2020-12-23T00:19:36.694-0400][gc,heap        ] GC(369172)   class space    used 5712K, capacity 6559K, committed 6912K, reserved 1048576K
[2020-12-23T00:19:36.694-0400][gc             ] GC(369172) Pause Young (Normal) (G1 Evacuation Pause) 59M->48M(72M) 7.631ms
[2020-12-23T00:19:36.694-0400][gc,cpu         ] GC(369172) User=0.01s Sys=0.00s Real=0.00s
[2020-12-23T00:19:39.675-0400][gc,heap        ] GC(369173) Heap before GC invocations=369149 (full 10683): garbage-first heap   total 73728K, used 59614K [0x0000000083000000, 0x0000000100000000)
[2020-12-23T00:19:39.675-0400][gc,heap        ] GC(369173)   region size 1024K, 12 young (12288K), 1 survivors (1024K)
[2020-12-23T00:19:39.675-0400][gc,heap        ] GC(369173)  Metaspace       used 61001K, capacity 63721K, committed 64768K, reserved 1107968K
[2020-12-23T00:19:39.675-0400][gc,heap        ] GC(369173)   class space    used 5712K, capacity 6559K, committed 6912K, reserved 1048576K
[2020-12-23T00:19:39.675-0400][gc,start       ] GC(369173) Pause Young (Normal) (G1 Evacuation Pause)
[2020-12-23T00:19:39.675-0400][gc,task        ] GC(369173) Using 4 workers of 4 for evacuation
[2020-12-23T00:19:39.682-0400][gc,phases      ] GC(369173)   Pre Evacuate Collection Set: 0.0ms
[2020-12-23T00:19:39.682-0400][gc,phases      ] GC(369173)   Evacuate Collection Set: 4.4ms
[2020-12-23T00:19:39.682-0400][gc,phases      ] GC(369173)   Post Evacuate Collection Set: 1.6ms
[2020-12-23T00:19:39.682-0400][gc,phases      ] GC(369173)   Other: 1.0ms
[2020-12-23T00:19:39.682-0400][gc,heap        ] GC(369173) Eden regions: 11->0(11)
[2020-12-23T00:19:39.682-0400][gc,heap        ] GC(369173) Survivor regions: 1->1(2)
[2020-12-23T00:19:39.682-0400][gc,heap        ] GC(369173) Old regions: 46->46
[2020-12-23T00:19:39.682-0400][gc,heap        ] GC(369173) Humongous regions: 4->4
[2020-12-23T00:19:39.682-0400][gc,metaspace   ] GC(369173) Metaspace: 61001K->61001K(1107968K)
[2020-12-23T00:19:39.682-0400][gc,heap        ] GC(369173) Heap after GC invocations=369150 (full 10683): garbage-first heap   total 73728K, used 49326K [0x0000000083000000, 0x0000000100000000)
[2020-12-23T00:19:39.682-0400][gc,heap        ] GC(369173)   region size 1024K, 1 young (1024K), 1 survivors (1024K)
[2020-12-23T00:19:39.683-0400][gc,heap        ] GC(369173)  Metaspace       used 61001K, capacity 63721K, committed 64768K, reserved 1107968K
[2020-12-23T00:19:39.683-0400][gc,heap        ] GC(369173)   class space    used 5712K, capacity 6559K, committed 6912K, reserved 1048576K
[2020-12-23T00:19:39.683-0400][gc             ] GC(369173) Pause Young (Normal) (G1 Evacuation Pause) 59M->48M(72M) 7.368ms
[2020-12-23T00:19:39.683-0400][gc,cpu         ] GC(369173) User=0.01s Sys=0.01s Real=0.01s
[2020-12-23T00:19:54.084-0400][gc,heap        ] GC(369174) Heap before GC invocations=369150 (full 10683): garbage-first heap   total 73728K, used 59566K [0x0000000083000000, 0x0000000100000000)
[2020-12-23T00:19:54.084-0400][gc,heap        ] GC(369174)   region size 1024K, 12 young (12288K), 1 survivors (1024K)
[2020-12-23T00:19:54.084-0400][gc,heap        ] GC(369174)  Metaspace       used 61001K, capacity 63721K, committed 64768K, reserved 1107968K
[2020-12-23T00:19:54.084-0400][gc,heap        ] GC(369174)   class space    used 5712K, capacity 6559K, committed 6912K, reserved 1048576K
[2020-12-23T00:19:54.084-0400][gc,start       ] GC(369174) Pause Young (Normal) (G1 Evacuation Pause)
[2020-12-23T00:19:54.084-0400][gc,task        ] GC(369174) Using 4 workers of 4 for evacuation
[2020-12-23T00:19:54.090-0400][gc,phases      ] GC(369174)   Pre Evacuate Collection Set: 0.0ms
[2020-12-23T00:19:54.090-0400][gc,phases      ] GC(369174)   Evacuate Collection Set: 4.4ms
[2020-12-23T00:19:54.090-0400][gc,phases      ] GC(369174)   Post Evacuate Collection Set: 1.5ms
[2020-12-23T00:19:54.091-0400][gc,phases      ] GC(369174)   Other: 0.9ms
[2020-12-23T00:19:54.091-0400][gc,heap        ] GC(369174) Eden regions: 11->0(11)
[2020-12-23T00:19:54.091-0400][gc,heap        ] GC(369174) Survivor regions: 1->1(2)
[2020-12-23T00:19:54.091-0400][gc,heap        ] GC(369174) Old regions: 46->46
[2020-12-23T00:19:54.091-0400][gc,heap        ] GC(369174) Humongous regions: 4->4
[2020-12-23T00:19:54.091-0400][gc,metaspace   ] GC(369174) Metaspace: 61001K->61001K(1107968K)
[2020-12-23T00:19:54.091-0400][gc,heap        ] GC(369174) Heap after GC invocations=369151 (full 10683): garbage-first heap   total 73728K, used 49408K [0x0000000083000000, 0x0000000100000000)
[2020-12-23T00:19:54.091-0400][gc,heap        ] GC(369174)   region size 1024K, 1 young (1024K), 1 survivors (1024K)
[2020-12-23T00:19:54.091-0400][gc,heap        ] GC(369174)  Metaspace       used 61001K, capacity 63721K, committed 64768K, reserved 1107968K
[2020-12-23T00:19:54.091-0400][gc,heap        ] GC(369174)   class space    used 5712K, capacity 6559K, committed 6912K, reserved 1048576K
[2020-12-23T00:19:54.091-0400][gc             ] GC(369174) Pause Young (Normal) (G1 Evacuation Pause) 59M->48M(72M) 7.207ms
[2020-12-23T00:19:54.091-0400][gc,cpu         ] GC(369174) User=0.01s Sys=0.00s Real=0.01s
[2020-12-23T00:20:06.607-0400][gc,heap        ] GC(369175) Heap before GC invocations=369151 (full 10683): garbage-first heap   total 73728K, used 59648K [0x0000000083000000, 0x0000000100000000)
[2020-12-23T00:20:06.607-0400][gc,heap        ] GC(369175)   region size 1024K, 12 young (12288K), 1 survivors (1024K)
[2020-12-23T00:20:06.607-0400][gc,heap        ] GC(369175)  Metaspace       used 61001K, capacity 63721K, committed 64768K, reserved 1107968K
[2020-12-23T00:20:06.607-0400][gc,heap        ] GC(369175)   class space    used 5712K, capacity 6559K, committed 6912K, reserved 1048576K
[2020-12-23T00:20:06.607-0400][gc,start       ] GC(369175) Pause Young (Normal) (G1 Evacuation Pause)
[2020-12-23T00:20:06.607-0400][gc,task        ] GC(369175) Using 4 workers of 4 for evacuation
[2020-12-23T00:20:06.614-0400][gc,phases      ] GC(369175)   Pre Evacuate Collection Set: 0.0ms
[2020-12-23T00:20:06.614-0400][gc,phases      ] GC(369175)   Evacuate Collection Set: 4.8ms
[2020-12-23T00:20:06.615-0400][gc,phases      ] GC(369175)   Post Evacuate Collection Set: 1.6ms
[2020-12-23T00:20:06.615-0400][gc,phases      ] GC(369175)   Other: 0.9ms
[2020-12-23T00:20:06.615-0400][gc,heap        ] GC(369175) Eden regions: 11->0(11)
[2020-12-23T00:20:06.615-0400][gc,heap        ] GC(369175) Survivor regions: 1->1(2)
[2020-12-23T00:20:06.615-0400][gc,heap        ] GC(369175) Old regions: 46->46
[2020-12-23T00:20:06.615-0400][gc,heap        ] GC(369175) Humongous regions: 4->4
[2020-12-23T00:20:06.615-0400][gc,metaspace   ] GC(369175) Metaspace: 61001K->61001K(1107968K)
[2020-12-23T00:20:06.615-0400][gc,heap        ] GC(369175) Heap after GC invocations=369152 (full 10683): garbage-first heap   total 73728K, used 49656K [0x0000000083000000, 0x0000000100000000)
[2020-12-23T00:20:06.615-0400][gc,heap        ] GC(369175)   region size 1024K, 1 young (1024K), 1 survivors (1024K)
[2020-12-23T00:20:06.615-0400][gc,heap        ] GC(369175)  Metaspace       used 61001K, capacity 63721K, committed 64768K, reserved 1107968K
[2020-12-23T00:20:06.615-0400][gc,heap        ] GC(369175)   class space    used 5712K, capacity 6559K, committed 6912K, reserved 1048576K
[2020-12-23T00:20:06.615-0400][gc             ] GC(369175) Pause Young (Normal) (G1 Evacuation Pause) 59M->48M(72M) 7.855ms
[2020-12-23T00:20:06.615-0400][gc,cpu         ] GC(369175) User=0.02s Sys=0.01s Real=0.00s
[2020-12-23T00:20:21.336-0400][gc,heap        ] GC(369176) Heap before GC invocations=369152 (full 10683): garbage-first heap   total 73728K, used 59896K [0x0000000083000000, 0x0000000100000000)
[2020-12-23T00:20:21.336-0400][gc,heap        ] GC(369176)   region size 1024K, 12 young (12288K), 1 survivors (1024K)
[2020-12-23T00:20:21.336-0400][gc,heap        ] GC(369176)  Metaspace       used 61001K, capacity 63721K, committed 64768K, reserved 1107968K
[2020-12-23T00:20:21.336-0400][gc,heap        ] GC(369176)   class space    used 5712K, capacity 6559K, committed 6912K, reserved 1048576K
[2020-12-23T00:20:21.337-0400][gc,start       ] GC(369176) Pause Young (Normal) (G1 Evacuation Pause)
[2020-12-23T00:20:21.337-0400][gc,task        ] GC(369176) Using 4 workers of 4 for evacuation
[2020-12-23T00:20:21.344-0400][gc,phases      ] GC(369176)   Pre Evacuate Collection Set: 0.0ms
[2020-12-23T00:20:21.344-0400][gc,phases      ] GC(369176)   Evacuate Collection Set: 5.2ms
[2020-12-23T00:20:21.344-0400][gc,phases      ] GC(369176)   Post Evacuate Collection Set: 1.7ms
[2020-12-23T00:20:21.344-0400][gc,phases      ] GC(369176)   Other: 0.9ms
[2020-12-23T00:20:21.344-0400][gc,heap        ] GC(369176) Eden regions: 11->0(11)
[2020-12-23T00:20:21.344-0400][gc,heap        ] GC(369176) Survivor regions: 1->1(2)
[2020-12-23T00:20:21.344-0400][gc,heap        ] GC(369176) Old regions: 46->46
[2020-12-23T00:20:21.344-0400][gc,heap        ] GC(369176) Humongous regions: 4->4
[2020-12-23T00:20:21.344-0400][gc,metaspace   ] GC(369176) Metaspace: 61001K->61001K(1107968K)
[2020-12-23T00:20:21.345-0400][gc,heap        ] GC(369176) Heap after GC invocations=369153 (full 10683): garbage-first heap   total 73728K, used 49599K [0x0000000083000000, 0x0000000100000000)
[2020-12-23T00:20:21.345-0400][gc,heap        ] GC(369176)   region size 1024K, 1 young (1024K), 1 survivors (1024K)
[2020-12-23T00:20:21.345-0400][gc,heap        ] GC(369176)  Metaspace       used 61001K, capacity 63721K, committed 64768K, reserved 1107968K
[2020-12-23T00:20:21.345-0400][gc,heap        ] GC(369176)   class space    used 5712K, capacity 6559K, committed 6912K, reserved 1048576K
[2020-12-23T00:20:21.345-0400][gc             ] GC(369176) Pause Young (Normal) (G1 Evacuation Pause) 59M->48M(72M) 8.238ms
[2020-12-23T00:20:21.345-0400][gc,cpu         ] GC(369176) User=0.01s Sys=0.02s Real=0.00s
[2020-12-23T00:20:51.481-0400][gc,heap        ] GC(369177) Heap before GC invocations=369153 (full 10683): garbage-first heap   total 73728K, used 59839K [0x0000000083000000, 0x0000000100000000)
[2020-12-23T00:20:51.481-0400][gc,heap        ] GC(369177)   region size 1024K, 12 young (12288K), 1 survivors (1024K)
[2020-12-23T00:20:51.482-0400][gc,heap        ] GC(369177)  Metaspace       used 61001K, capacity 63721K, committed 64768K, reserved 1107968K
[2020-12-23T00:20:51.482-0400][gc,heap        ] GC(369177)   class space    used 5712K, capacity 6559K, committed 6912K, reserved 1048576K
[2020-12-23T00:20:51.482-0400][gc,start       ] GC(369177) Pause Young (Normal) (G1 Evacuation Pause)
[2020-12-23T00:20:51.482-0400][gc,task        ] GC(369177) Using 4 workers of 4 for evacuation
[2020-12-23T00:20:51.489-0400][gc,phases      ] GC(369177)   Pre Evacuate Collection Set: 0.0ms
[2020-12-23T00:20:51.489-0400][gc,phases      ] GC(369177)   Evacuate Collection Set: 4.9ms
[2020-12-23T00:20:51.489-0400][gc,phases      ] GC(369177)   Post Evacuate Collection Set: 1.5ms
[2020-12-23T00:20:51.489-0400][gc,phases      ] GC(369177)   Other: 0.9ms
[2020-12-23T00:20:51.489-0400][gc,heap        ] GC(369177) Eden regions: 11->0(10)
[2020-12-23T00:20:51.489-0400][gc,heap        ] GC(369177) Survivor regions: 1->1(2)
[2020-12-23T00:20:51.489-0400][gc,heap        ] GC(369177) Old regions: 46->46
[2020-12-23T00:20:51.489-0400][gc,heap        ] GC(369177) Humongous regions: 4->4
[2020-12-23T00:20:51.489-0400][gc,metaspace   ] GC(369177) Metaspace: 61001K->61001K(1107968K)
[2020-12-23T00:20:51.489-0400][gc,heap        ] GC(369177) Heap after GC invocations=369154 (full 10683): garbage-first heap   total 73728K, used 49700K [0x0000000083000000, 0x0000000100000000)
[2020-12-23T00:20:51.489-0400][gc,heap        ] GC(369177)   region size 1024K, 1 young (1024K), 1 survivors (1024K)
[2020-12-23T00:20:51.489-0400][gc,heap        ] GC(369177)  Metaspace       used 61001K, capacity 63721K, committed 64768K, reserved 1107968K
[2020-12-23T00:20:51.489-0400][gc,heap        ] GC(369177)   class space    used 5712K, capacity 6559K, committed 6912K, reserved 1048576K
[2020-12-23T00:20:51.490-0400][gc             ] GC(369177) Pause Young (Normal) (G1 Evacuation Pause) 59M->48M(72M) 7.732ms
[2020-12-23T00:20:51.490-0400][gc,cpu         ] GC(369177) User=0.01s Sys=0.01s Real=0.01s
[2020-12-23T00:21:07.527-0400][gc,heap        ] GC(369178) Heap before GC invocations=369154 (full 10683): garbage-first heap   total 73728K, used 59940K [0x0000000083000000, 0x0000000100000000)
[2020-12-23T00:21:07.527-0400][gc,heap        ] GC(369178)   region size 1024K, 11 young (11264K), 1 survivors (1024K)
[2020-12-23T00:21:07.527-0400][gc,heap        ] GC(369178)  Metaspace       used 61001K, capacity 63721K, committed 64768K, reserved 1107968K
[2020-12-23T00:21:07.527-0400][gc,heap        ] GC(369178)   class space    used 5712K, capacity 6559K, committed 6912K, reserved 1048576K
[2020-12-23T00:21:07.527-0400][gc,start       ] GC(369178) Pause Young (Normal) (G1 Evacuation Pause)
[2020-12-23T00:21:07.527-0400][gc,task        ] GC(369178) Using 4 workers of 4 for evacuation
[2020-12-23T00:21:07.534-0400][gc,phases      ] GC(369178)   Pre Evacuate Collection Set: 0.0ms
[2020-12-23T00:21:07.534-0400][gc,phases      ] GC(369178)   Evacuate Collection Set: 5.2ms
[2020-12-23T00:21:07.534-0400][gc,phases      ] GC(369178)   Post Evacuate Collection Set: 1.6ms
[2020-12-23T00:21:07.534-0400][gc,phases      ] GC(369178)   Other: 0.9ms
[2020-12-23T00:21:07.535-0400][gc,heap        ] GC(369178) Eden regions: 10->0(10)
[2020-12-23T00:21:07.535-0400][gc,heap        ] GC(369178) Survivor regions: 1->1(2)
[2020-12-23T00:21:07.535-0400][gc,heap        ] GC(369178) Old regions: 46->46
[2020-12-23T00:21:07.535-0400][gc,heap        ] GC(369178) Humongous regions: 4->4
[2020-12-23T00:21:07.535-0400][gc,metaspace   ] GC(369178) Metaspace: 61001K->61001K(1107968K)
[2020-12-23T00:21:07.535-0400][gc,heap        ] GC(369178) Heap after GC invocations=369155 (full 10683): garbage-first heap   total 73728K, used 49778K [0x0000000083000000, 0x0000000100000000)
[2020-12-23T00:21:07.535-0400][gc,heap        ] GC(369178)   region size 1024K, 1 young (1024K), 1 survivors (1024K)
[2020-12-23T00:21:07.535-0400][gc,heap        ] GC(369178)  Metaspace       used 61001K, capacity 63721K, committed 64768K, reserved 1107968K
[2020-12-23T00:21:07.535-0400][gc,heap        ] GC(369178)   class space    used 5712K, capacity 6559K, committed 6912K, reserved 1048576K
[2020-12-23T00:21:07.535-0400][gc             ] GC(369178) Pause Young (Normal) (G1 Evacuation Pause) 58M->48M(72M) 8.094ms
[2020-12-23T00:21:07.535-0400][gc,cpu         ] GC(369178) User=0.01s Sys=0.01s Real=0.00s
[2020-12-23T00:21:32.136-0400][gc,heap        ] GC(369179) Heap before GC invocations=369155 (full 10683): garbage-first heap   total 73728K, used 60018K [0x0000000083000000, 0x0000000100000000)
[2020-12-23T00:21:32.137-0400][gc,heap        ] GC(369179)   region size 1024K, 11 young (11264K), 1 survivors (1024K)
[2020-12-23T00:21:32.137-0400][gc,heap        ] GC(369179)  Metaspace       used 61001K, capacity 63721K, committed 64768K, reserved 1107968K
[2020-12-23T00:21:32.137-0400][gc,heap        ] GC(369179)   class space    used 5712K, capacity 6559K, committed 6912K, reserved 1048576K
[2020-12-23T00:21:32.137-0400][gc,start       ] GC(369179) Pause Young (Normal) (G1 Evacuation Pause)
[2020-12-23T00:21:32.137-0400][gc,task        ] GC(369179) Using 4 workers of 4 for evacuation
[2020-12-23T00:21:32.143-0400][gc,phases      ] GC(369179)   Pre Evacuate Collection Set: 0.0ms
[2020-12-23T00:21:32.143-0400][gc,phases      ] GC(369179)   Evacuate Collection Set: 4.4ms
[2020-12-23T00:21:32.143-0400][gc,phases      ] GC(369179)   Post Evacuate Collection Set: 1.6ms
[2020-12-23T00:21:32.144-0400][gc,phases      ] GC(369179)   Other: 0.9ms
[2020-12-23T00:21:32.144-0400][gc,heap        ] GC(369179) Eden regions: 10->0(10)
[2020-12-23T00:21:32.144-0400][gc,heap        ] GC(369179) Survivor regions: 1->1(2)
[2020-12-23T00:21:32.144-0400][gc,heap        ] GC(369179) Old regions: 46->46
[2020-12-23T00:21:32.144-0400][gc,heap        ] GC(369179) Humongous regions: 4->4
[2020-12-23T00:21:32.144-0400][gc,metaspace   ] GC(369179) Metaspace: 61001K->61001K(1107968K)
[2020-12-23T00:21:32.144-0400][gc,heap        ] GC(369179) Heap after GC invocations=369156 (full 10683): garbage-first heap   total 73728K, used 49582K [0x0000000083000000, 0x0000000100000000)
[2020-12-23T00:21:32.144-0400][gc,heap        ] GC(369179)   region size 1024K, 1 young (1024K), 1 survivors (1024K)
[2020-12-23T00:21:32.144-0400][gc,heap        ] GC(369179)  Metaspace       used 61001K, capacity 63721K, committed 64768K, reserved 1107968K
[2020-12-23T00:21:32.144-0400][gc,heap        ] GC(369179)   class space    used 5712K, capacity 6559K, committed 6912K, reserved 1048576K
[2020-12-23T00:21:32.144-0400][gc             ] GC(369179) Pause Young (Normal) (G1 Evacuation Pause) 58M->48M(72M) 7.262ms
[2020-12-23T00:21:32.144-0400][gc,cpu         ] GC(369179) User=0.02s Sys=0.00s Real=0.00s
[2020-12-23T00:21:50.924-0400][gc,task        ] GC(369180) Using 3 workers of 4 for full compaction
[2020-12-23T00:21:50.924-0400][gc,start       ] GC(369180) Pause Full (System.gc())
[2020-12-23T00:21:50.924-0400][gc,heap        ] GC(369180) Heap before GC invocations=369156 (full 10683): garbage-first heap   total 73728K, used 53678K [0x0000000083000000, 0x0000000100000000)
[2020-12-23T00:21:50.924-0400][gc,heap        ] GC(369180)   region size 1024K, 7 young (7168K), 1 survivors (1024K)
[2020-12-23T00:21:50.924-0400][gc,heap        ] GC(369180)  Metaspace       used 61001K, capacity 63721K, committed 64768K, reserved 1107968K
[2020-12-23T00:21:50.924-0400][gc,heap        ] GC(369180)   class space    used 5712K, capacity 6559K, committed 6912K, reserved 1048576K
[2020-12-23T00:21:50.927-0400][gc,phases,start] GC(369180) Phase 1: Mark live objects
[2020-12-23T00:21:51.073-0400][gc,stringtable ] GC(369180) Cleaned string and symbol table, strings: 32200 processed, 0 removed, symbols: 131451 processed, 0 removed
[2020-12-23T00:21:51.073-0400][gc,phases      ] GC(369180) Phase 1: Mark live objects 146.152ms
[2020-12-23T00:21:51.073-0400][gc,phases,start] GC(369180) Phase 2: Prepare for compaction
[2020-12-23T00:21:51.103-0400][gc,phases      ] GC(369180) Phase 2: Prepare for compaction 29.939ms
[2020-12-23T00:21:51.103-0400][gc,phases,start] GC(369180) Phase 3: Adjust pointers
[2020-12-23T00:21:51.183-0400][gc,phases      ] GC(369180) Phase 3: Adjust pointers 79.800ms
[2020-12-23T00:21:51.183-0400][gc,phases,start] GC(369180) Phase 4: Compact heap
[2020-12-23T00:21:51.208-0400][gc,phases      ] GC(369180) Phase 4: Compact heap 24.591ms
[2020-12-23T00:21:51.243-0400][gc,heap        ] GC(369180) Eden regions: 6->0(11)
[2020-12-23T00:21:51.243-0400][gc,heap        ] GC(369180) Survivor regions: 1->0(2)
[2020-12-23T00:21:51.243-0400][gc,heap        ] GC(369180) Old regions: 46->46
[2020-12-23T00:21:51.243-0400][gc,heap        ] GC(369180) Humongous regions: 4->4
[2020-12-23T00:21:51.243-0400][gc,metaspace   ] GC(369180) Metaspace: 61001K->61001K(1107968K)
[2020-12-23T00:21:51.243-0400][gc,heap        ] GC(369180) Heap after GC invocations=369157 (full 10684): garbage-first heap   total 73728K, used 48729K [0x0000000083000000, 0x0000000100000000)
[2020-12-23T00:21:51.243-0400][gc,heap        ] GC(369180)   region size 1024K, 0 young (0K), 0 survivors (0K)
[2020-12-23T00:21:51.243-0400][gc,heap        ] GC(369180)  Metaspace       used 61001K, capacity 63721K, committed 64768K, reserved 1107968K
[2020-12-23T00:21:51.243-0400][gc,heap        ] GC(369180)   class space    used 5712K, capacity 6559K, committed 6912K, reserved 1048576K
[2020-12-23T00:21:51.243-0400][gc             ] GC(369180) Pause Full (System.gc()) 53M->47M(72M) 319.362ms
[2020-12-23T00:21:51.245-0400][gc,cpu         ] GC(369180) User=0.84s Sys=0.00s Real=0.32s
[2020-12-23T00:22:11.630-0400][gc,heap        ] GC(369181) Heap before GC invocations=369157 (full 10684): garbage-first heap   total 73728K, used 58969K [0x0000000083000000, 0x0000000100000000)
[2020-12-23T00:22:11.631-0400][gc,heap        ] GC(369181)   region size 1024K, 11 young (11264K), 0 survivors (0K)
[2020-12-23T00:22:11.631-0400][gc,heap        ] GC(369181)  Metaspace       used 61001K, capacity 63721K, committed 64768K, reserved 1107968K
[2020-12-23T00:22:11.631-0400][gc,heap        ] GC(369181)   class space    used 5712K, capacity 6559K, committed 6912K, reserved 1048576K
[2020-12-23T00:22:11.631-0400][gc,start       ] GC(369181) Pause Young (Normal) (G1 Evacuation Pause)
[2020-12-23T00:22:11.631-0400][gc,task        ] GC(369181) Using 4 workers of 4 for evacuation
[2020-12-23T00:22:11.637-0400][gc,phases      ] GC(369181)   Pre Evacuate Collection Set: 0.0ms
[2020-12-23T00:22:11.637-0400][gc,phases      ] GC(369181)   Evacuate Collection Set: 3.1ms
[2020-12-23T00:22:11.637-0400][gc,phases      ] GC(369181)   Post Evacuate Collection Set: 2.2ms
[2020-12-23T00:22:11.637-0400][gc,phases      ] GC(369181)   Other: 0.9ms
[2020-12-23T00:22:11.637-0400][gc,heap        ] GC(369181) Eden regions: 11->0(10)
[2020-12-23T00:22:11.637-0400][gc,heap        ] GC(369181) Survivor regions: 0->1(2)
[2020-12-23T00:22:11.637-0400][gc,heap        ] GC(369181) Old regions: 46->46
[2020-12-23T00:22:11.637-0400][gc,heap        ] GC(369181) Humongous regions: 4->4
[2020-12-23T00:22:11.637-0400][gc,metaspace   ] GC(369181) Metaspace: 61001K->61001K(1107968K)
[2020-12-23T00:22:11.637-0400][gc,heap        ] GC(369181) Heap after GC invocations=369158 (full 10684): garbage-first heap   total 73728K, used 49064K [0x0000000083000000, 0x0000000100000000)
[2020-12-23T00:22:11.637-0400][gc,heap        ] GC(369181)   region size 1024K, 1 young (1024K), 1 survivors (1024K)
[2020-12-23T00:22:11.637-0400][gc,heap        ] GC(369181)  Metaspace       used 61001K, capacity 63721K, committed 64768K, reserved 1107968K
[2020-12-23T00:22:11.637-0400][gc,heap        ] GC(369181)   class space    used 5712K, capacity 6559K, committed 6912K, reserved 1048576K
[2020-12-23T00:22:11.637-0400][gc             ] GC(369181) Pause Young (Normal) (G1 Evacuation Pause) 58M->47M(72M) 6.658ms
[2020-12-23T00:22:11.638-0400][gc,cpu         ] GC(369181) User=0.01s Sys=0.01s Real=0.01s
[2020-12-23T00:22:41.968-0400][gc,heap        ] GC(369182) Heap before GC invocations=369158 (full 10684): garbage-first heap   total 73728K, used 58280K [0x0000000083000000, 0x0000000100000000)
[2020-12-23T00:22:41.968-0400][gc,heap        ] GC(369182)   region size 1024K, 11 young (11264K), 1 survivors (1024K)
[2020-12-23T00:22:41.968-0400][gc,heap        ] GC(369182)  Metaspace       used 61001K, capacity 63721K, committed 64768K, reserved 1107968K
[2020-12-23T00:22:41.968-0400][gc,heap        ] GC(369182)   class space    used 5712K, capacity 6559K, committed 6912K, reserved 1048576K
[2020-12-23T00:22:41.968-0400][gc,start       ] GC(369182) Pause Young (Normal) (G1 Evacuation Pause)
[2020-12-23T00:22:41.968-0400][gc,task        ] GC(369182) Using 4 workers of 4 for evacuation
[2020-12-23T00:22:41.973-0400][gc,phases      ] GC(369182)   Pre Evacuate Collection Set: 0.0ms
[2020-12-23T00:22:41.973-0400][gc,phases      ] GC(369182)   Evacuate Collection Set: 3.1ms
[2020-12-23T00:22:41.973-0400][gc,phases      ] GC(369182)   Post Evacuate Collection Set: 1.5ms
[2020-12-23T00:22:41.973-0400][gc,phases      ] GC(369182)   Other: 0.8ms
[2020-12-23T00:22:41.973-0400][gc,heap        ] GC(369182) Eden regions: 10->0(11)
[2020-12-23T00:22:41.973-0400][gc,heap        ] GC(369182) Survivor regions: 1->1(2)
[2020-12-23T00:22:41.973-0400][gc,heap        ] GC(369182) Old regions: 46->46
[2020-12-23T00:22:41.974-0400][gc,heap        ] GC(369182) Humongous regions: 4->4
[2020-12-23T00:22:41.974-0400][gc,metaspace   ] GC(369182) Metaspace: 61001K->61001K(1107968K)
[2020-12-23T00:22:41.974-0400][gc,heap        ] GC(369182) Heap after GC invocations=369159 (full 10684): garbage-first heap   total 73728K, used 49066K [0x0000000083000000, 0x0000000100000000)
[2020-12-23T00:22:41.974-0400][gc,heap        ] GC(369182)   region size 1024K, 1 young (1024K), 1 survivors (1024K)
[2020-12-23T00:22:41.974-0400][gc,heap        ] GC(369182)  Metaspace       used 61001K, capacity 63721K, committed 64768K, reserved 1107968K
[2020-12-23T00:22:41.974-0400][gc,heap        ] GC(369182)   class space    used 5712K, capacity 6559K, committed 6912K, reserved 1048576K
[2020-12-23T00:22:41.974-0400][gc             ] GC(369182) Pause Young (Normal) (G1 Evacuation Pause) 57M->47M(72M) 5.876ms
[2020-12-23T00:22:41.974-0400][gc,cpu         ] GC(369182) User=0.01s Sys=0.01s Real=0.00s
[2020-12-23T00:23:09.197-0400][gc,heap        ] GC(369183) Heap before GC invocations=369159 (full 10684): garbage-first heap   total 73728K, used 59306K [0x0000000083000000, 0x0000000100000000)
[2020-12-23T00:23:09.197-0400][gc,heap        ] GC(369183)   region size 1024K, 12 young (12288K), 1 survivors (1024K)
[2020-12-23T00:23:09.197-0400][gc,heap        ] GC(369183)  Metaspace       used 61001K, capacity 63721K, committed 64768K, reserved 1107968K
[2020-12-23T00:23:09.197-0400][gc,heap        ] GC(369183)   class space    used 5712K, capacity 6559K, committed 6912K, reserved 1048576K
[2020-12-23T00:23:09.197-0400][gc,start       ] GC(369183) Pause Young (Normal) (G1 Evacuation Pause)
[2020-12-23T00:23:09.197-0400][gc,task        ] GC(369183) Using 4 workers of 4 for evacuation
[2020-12-23T00:23:09.203-0400][gc,phases      ] GC(369183)   Pre Evacuate Collection Set: 0.0ms
[2020-12-23T00:23:09.203-0400][gc,phases      ] GC(369183)   Evacuate Collection Set: 3.7ms
[2020-12-23T00:23:09.203-0400][gc,phases      ] GC(369183)   Post Evacuate Collection Set: 1.7ms
[2020-12-23T00:23:09.204-0400][gc,phases      ] GC(369183)   Other: 0.9ms
[2020-12-23T00:23:09.204-0400][gc,heap        ] GC(369183) Eden regions: 11->0(11)
[2020-12-23T00:23:09.204-0400][gc,heap        ] GC(369183) Survivor regions: 1->1(2)
[2020-12-23T00:23:09.204-0400][gc,heap        ] GC(369183) Old regions: 46->46
[2020-12-23T00:23:09.204-0400][gc,heap        ] GC(369183) Humongous regions: 4->4
[2020-12-23T00:23:09.204-0400][gc,metaspace   ] GC(369183) Metaspace: 61001K->61001K(1107968K)
[2020-12-23T00:23:09.204-0400][gc,heap        ] GC(369183) Heap after GC invocations=369160 (full 10684): garbage-first heap   total 73728K, used 49220K [0x0000000083000000, 0x0000000100000000)
[2020-12-23T00:23:09.204-0400][gc,heap        ] GC(369183)   region size 1024K, 1 young (1024K), 1 survivors (1024K)
[2020-12-23T00:23:09.204-0400][gc,heap        ] GC(369183)  Metaspace       used 61001K, capacity 63721K, committed 64768K, reserved 1107968K
[2020-12-23T00:23:09.204-0400][gc,heap        ] GC(369183)   class space    used 5712K, capacity 6559K, committed 6912K, reserved 1048576K
[2020-12-23T00:23:09.204-0400][gc             ] GC(369183) Pause Young (Normal) (G1 Evacuation Pause) 58M->48M(72M) 6.811ms
[2020-12-23T00:23:09.204-0400][gc,cpu         ] GC(369183) User=0.02s Sys=0.00s Real=0.00s
[2020-12-23T00:23:37.230-0400][gc,heap        ] GC(369184) Heap before GC invocations=369160 (full 10684): garbage-first heap   total 73728K, used 59460K [0x0000000083000000, 0x0000000100000000)
[2020-12-23T00:23:37.230-0400][gc,heap        ] GC(369184)   region size 1024K, 12 young (12288K), 1 survivors (1024K)
[2020-12-23T00:23:37.230-0400][gc,heap        ] GC(369184)  Metaspace       used 61001K, capacity 63721K, committed 64768K, reserved 1107968K
[2020-12-23T00:23:37.230-0400][gc,heap        ] GC(369184)   class space    used 5712K, capacity 6559K, committed 6912K, reserved 1048576K
[2020-12-23T00:23:37.230-0400][gc,start       ] GC(369184) Pause Young (Normal) (G1 Evacuation Pause)
[2020-12-23T00:23:37.230-0400][gc,task        ] GC(369184) Using 4 workers of 4 for evacuation
[2020-12-23T00:23:37.236-0400][gc,phases      ] GC(369184)   Pre Evacuate Collection Set: 0.0ms
[2020-12-23T00:23:37.236-0400][gc,phases      ] GC(369184)   Evacuate Collection Set: 3.5ms
[2020-12-23T00:23:37.236-0400][gc,phases      ] GC(369184)   Post Evacuate Collection Set: 1.6ms
[2020-12-23T00:23:37.236-0400][gc,phases      ] GC(369184)   Other: 0.8ms
[2020-12-23T00:23:37.236-0400][gc,heap        ] GC(369184) Eden regions: 11->0(11)
[2020-12-23T00:23:37.236-0400][gc,heap        ] GC(369184) Survivor regions: 1->1(2)
[2020-12-23T00:23:37.236-0400][gc,heap        ] GC(369184) Old regions: 46->46
[2020-12-23T00:23:37.236-0400][gc,heap        ] GC(369184) Humongous regions: 4->4
[2020-12-23T00:23:37.236-0400][gc,metaspace   ] GC(369184) Metaspace: 61001K->61001K(1107968K)
[2020-12-23T00:23:37.236-0400][gc,heap        ] GC(369184) Heap after GC invocations=369161 (full 10684): garbage-first heap   total 73728K, used 49151K [0x0000000083000000, 0x0000000100000000)
[2020-12-23T00:23:37.236-0400][gc,heap        ] GC(369184)   region size 1024K, 1 young (1024K), 1 survivors (1024K)
[2020-12-23T00:23:37.236-0400][gc,heap        ] GC(369184)  Metaspace       used 61001K, capacity 63721K, committed 64768K, reserved 1107968K
[2020-12-23T00:23:37.236-0400][gc,heap        ] GC(369184)   class space    used 5712K, capacity 6559K, committed 6912K, reserved 1048576K
[2020-12-23T00:23:37.236-0400][gc             ] GC(369184) Pause Young (Normal) (G1 Evacuation Pause) 59M->47M(72M) 6.343ms
[2020-12-23T00:23:37.236-0400][gc,cpu         ] GC(369184) User=0.01s Sys=0.00s Real=0.01s
[2020-12-23T00:24:09.949-0400][gc,heap        ] GC(369185) Heap before GC invocations=369161 (full 10684): garbage-first heap   total 73728K, used 59391K [0x0000000083000000, 0x0000000100000000)
[2020-12-23T00:24:09.950-0400][gc,heap        ] GC(369185)   region size 1024K, 12 young (12288K), 1 survivors (1024K)
[2020-12-23T00:24:09.950-0400][gc,heap        ] GC(369185)  Metaspace       used 61001K, capacity 63721K, committed 64768K, reserved 1107968K
[2020-12-23T00:24:09.950-0400][gc,heap        ] GC(369185)   class space    used 5712K, capacity 6559K, committed 6912K, reserved 1048576K
[2020-12-23T00:24:09.950-0400][gc,start       ] GC(369185) Pause Young (Normal) (G1 Evacuation Pause)
[2020-12-23T00:24:09.950-0400][gc,task        ] GC(369185) Using 4 workers of 4 for evacuation
[2020-12-23T00:24:09.956-0400][gc,phases      ] GC(369185)   Pre Evacuate Collection Set: 0.0ms
[2020-12-23T00:24:09.956-0400][gc,phases      ] GC(369185)   Evacuate Collection Set: 3.9ms
[2020-12-23T00:24:09.956-0400][gc,phases      ] GC(369185)   Post Evacuate Collection Set: 1.5ms
[2020-12-23T00:24:09.956-0400][gc,phases      ] GC(369185)   Other: 0.9ms
[2020-12-23T00:24:09.956-0400][gc,heap        ] GC(369185) Eden regions: 11->0(11)
[2020-12-23T00:24:09.956-0400][gc,heap        ] GC(369185) Survivor regions: 1->1(2)
[2020-12-23T00:24:09.956-0400][gc,heap        ] GC(369185) Old regions: 46->46
[2020-12-23T00:24:09.956-0400][gc,heap        ] GC(369185) Humongous regions: 4->4
[2020-12-23T00:24:09.956-0400][gc,metaspace   ] GC(369185) Metaspace: 61001K->61001K(1107968K)
[2020-12-23T00:24:09.956-0400][gc,heap        ] GC(369185) Heap after GC invocations=369162 (full 10684): garbage-first heap   total 73728K, used 49244K [0x0000000083000000, 0x0000000100000000)
[2020-12-23T00:24:09.956-0400][gc,heap        ] GC(369185)   region size 1024K, 1 young (1024K), 1 survivors (1024K)
[2020-12-23T00:24:09.956-0400][gc,heap        ] GC(369185)  Metaspace       used 61001K, capacity 63721K, committed 64768K, reserved 1107968K
[2020-12-23T00:24:09.956-0400][gc,heap        ] GC(369185)   class space    used 5712K, capacity 6559K, committed 6912K, reserved 1048576K
[2020-12-23T00:24:09.956-0400][gc             ] GC(369185) Pause Young (Normal) (G1 Evacuation Pause) 58M->48M(72M) 6.627ms
[2020-12-23T00:24:09.957-0400][gc,cpu         ] GC(369185) User=0.02s Sys=0.00s Real=0.01s
[2020-12-23T00:24:41.907-0400][gc,heap        ] GC(369186) Heap before GC invocations=369162 (full 10684): garbage-first heap   total 73728K, used 59484K [0x0000000083000000, 0x0000000100000000)
[2020-12-23T00:24:41.907-0400][gc,heap        ] GC(369186)   region size 1024K, 12 young (12288K), 1 survivors (1024K)
[2020-12-23T00:24:41.907-0400][gc,heap        ] GC(369186)  Metaspace       used 61001K, capacity 63721K, committed 64768K, reserved 1107968K
[2020-12-23T00:24:41.907-0400][gc,heap        ] GC(369186)   class space    used 5712K, capacity 6559K, committed 6912K, reserved 1048576K
[2020-12-23T00:24:41.907-0400][gc,start       ] GC(369186) Pause Young (Normal) (G1 Evacuation Pause)
[2020-12-23T00:24:41.907-0400][gc,task        ] GC(369186) Using 4 workers of 4 for evacuation
[2020-12-23T00:24:41.913-0400][gc,phases      ] GC(369186)   Pre Evacuate Collection Set: 0.0ms
[2020-12-23T00:24:41.913-0400][gc,phases      ] GC(369186)   Evacuate Collection Set: 3.6ms
[2020-12-23T00:24:41.913-0400][gc,phases      ] GC(369186)   Post Evacuate Collection Set: 1.6ms
[2020-12-23T00:24:41.913-0400][gc,phases      ] GC(369186)   Other: 0.9ms
[2020-12-23T00:24:41.913-0400][gc,heap        ] GC(369186) Eden regions: 11->0(11)
[2020-12-23T00:24:41.913-0400][gc,heap        ] GC(369186) Survivor regions: 1->1(2)
[2020-12-23T00:24:41.913-0400][gc,heap        ] GC(369186) Old regions: 46->46
[2020-12-23T00:24:41.913-0400][gc,heap        ] GC(369186) Humongous regions: 4->4
[2020-12-23T00:24:41.913-0400][gc,metaspace   ] GC(369186) Metaspace: 61001K->61001K(1107968K)
[2020-12-23T00:24:41.913-0400][gc,heap        ] GC(369186) Heap after GC invocations=369163 (full 10684): garbage-first heap   total 73728K, used 49244K [0x0000000083000000, 0x0000000100000000)
[2020-12-23T00:24:41.913-0400][gc,heap        ] GC(369186)   region size 1024K, 1 young (1024K), 1 survivors (1024K)
[2020-12-23T00:24:41.913-0400][gc,heap        ] GC(369186)  Metaspace       used 61001K, capacity 63721K, committed 64768K, reserved 1107968K
[2020-12-23T00:24:41.913-0400][gc,heap        ] GC(369186)   class space    used 5712K, capacity 6559K, committed 6912K, reserved 1048576K
[2020-12-23T00:24:41.914-0400][gc             ] GC(369186) Pause Young (Normal) (G1 Evacuation Pause) 59M->48M(72M) 6.506ms
[2020-12-23T00:24:41.914-0400][gc,cpu         ] GC(369186) User=0.01s Sys=0.01s Real=0.00s
[2020-12-23T00:25:04.024-0400][gc,heap        ] GC(369187) Heap before GC invocations=369163 (full 10684): garbage-first heap   total 73728K, used 60508K [0x0000000083000000, 0x0000000100000000)
[2020-12-23T00:25:04.025-0400][gc,heap        ] GC(369187)   region size 1024K, 12 young (12288K), 1 survivors (1024K)
[2020-12-23T00:25:04.025-0400][gc,heap        ] GC(369187)  Metaspace       used 61001K, capacity 63721K, committed 64768K, reserved 1107968K
[2020-12-23T00:25:04.025-0400][gc,heap        ] GC(369187)   class space    used 5712K, capacity 6559K, committed 6912K, reserved 1048576K
[2020-12-23T00:25:04.025-0400][gc,start       ] GC(369187) Pause Young (Normal) (G1 Evacuation Pause)
[2020-12-23T00:25:04.025-0400][gc,task        ] GC(369187) Using 4 workers of 4 for evacuation
[2020-12-23T00:25:04.031-0400][gc,phases      ] GC(369187)   Pre Evacuate Collection Set: 0.0ms
[2020-12-23T00:25:04.031-0400][gc,phases      ] GC(369187)   Evacuate Collection Set: 3.9ms
[2020-12-23T00:25:04.031-0400][gc,phases      ] GC(369187)   Post Evacuate Collection Set: 1.7ms
[2020-12-23T00:25:04.031-0400][gc,phases      ] GC(369187)   Other: 0.8ms
[2020-12-23T00:25:04.031-0400][gc,heap        ] GC(369187) Eden regions: 11->0(11)
[2020-12-23T00:25:04.031-0400][gc,heap        ] GC(369187) Survivor regions: 1->1(2)
[2020-12-23T00:25:04.031-0400][gc,heap        ] GC(369187) Old regions: 46->46
[2020-12-23T00:25:04.031-0400][gc,heap        ] GC(369187) Humongous regions: 4->4
[2020-12-23T00:25:04.031-0400][gc,metaspace   ] GC(369187) Metaspace: 61001K->61001K(1107968K)
[2020-12-23T00:25:04.031-0400][gc,heap        ] GC(369187) Heap after GC invocations=369164 (full 10684): garbage-first heap   total 73728K, used 49323K [0x0000000083000000, 0x0000000100000000)
[2020-12-23T00:25:04.031-0400][gc,heap        ] GC(369187)   region size 1024K, 1 young (1024K), 1 survivors (1024K)
[2020-12-23T00:25:04.031-0400][gc,heap        ] GC(369187)  Metaspace       used 61001K, capacity 63721K, committed 64768K, reserved 1107968K
[2020-12-23T00:25:04.032-0400][gc,heap        ] GC(369187)   class space    used 5712K, capacity 6559K, committed 6912K, reserved 1048576K
[2020-12-23T00:25:04.032-0400][gc             ] GC(369187) Pause Young (Normal) (G1 Evacuation Pause) 59M->48M(72M) 6.775ms
[2020-12-23T00:25:04.032-0400][gc,cpu         ] GC(369187) User=0.02s Sys=0.00s Real=0.01s
[2020-12-23T00:25:43.894-0400][gc,heap        ] GC(369188) Heap before GC invocations=369164 (full 10684): garbage-first heap   total 73728K, used 59563K [0x0000000083000000, 0x0000000100000000)
[2020-12-23T00:25:43.894-0400][gc,heap        ] GC(369188)   region size 1024K, 12 young (12288K), 1 survivors (1024K)
[2020-12-23T00:25:43.894-0400][gc,heap        ] GC(369188)  Metaspace       used 61001K, capacity 63721K, committed 64768K, reserved 1107968K
[2020-12-23T00:25:43.894-0400][gc,heap        ] GC(369188)   class space    used 5712K, capacity 6559K, committed 6912K, reserved 1048576K
[2020-12-23T00:25:43.894-0400][gc,start       ] GC(369188) Pause Young (Normal) (G1 Evacuation Pause)
[2020-12-23T00:25:43.894-0400][gc,task        ] GC(369188) Using 4 workers of 4 for evacuation
[2020-12-23T00:25:43.900-0400][gc,phases      ] GC(369188)   Pre Evacuate Collection Set: 0.1ms
[2020-12-23T00:25:43.900-0400][gc,phases      ] GC(369188)   Evacuate Collection Set: 4.0ms
[2020-12-23T00:25:43.901-0400][gc,phases      ] GC(369188)   Post Evacuate Collection Set: 1.5ms
[2020-12-23T00:25:43.901-0400][gc,phases      ] GC(369188)   Other: 0.8ms
[2020-12-23T00:25:43.901-0400][gc,heap        ] GC(369188) Eden regions: 11->0(11)
[2020-12-23T00:25:43.901-0400][gc,heap        ] GC(369188) Survivor regions: 1->1(2)
[2020-12-23T00:25:43.901-0400][gc,heap        ] GC(369188) Old regions: 46->46
[2020-12-23T00:25:43.901-0400][gc,heap        ] GC(369188) Humongous regions: 4->4
[2020-12-23T00:25:43.901-0400][gc,metaspace   ] GC(369188) Metaspace: 61001K->61001K(1107968K)
[2020-12-23T00:25:43.901-0400][gc,heap        ] GC(369188) Heap after GC invocations=369165 (full 10684): garbage-first heap   total 73728K, used 49385K [0x0000000083000000, 0x0000000100000000)
[2020-12-23T00:25:43.901-0400][gc,heap        ] GC(369188)   region size 1024K, 1 young (1024K), 1 survivors (1024K)
[2020-12-23T00:25:43.901-0400][gc,heap        ] GC(369188)  Metaspace       used 61001K, capacity 63721K, committed 64768K, reserved 1107968K
[2020-12-23T00:25:43.901-0400][gc,heap        ] GC(369188)   class space    used 5712K, capacity 6559K, committed 6912K, reserved 1048576K
[2020-12-23T00:25:43.901-0400][gc             ] GC(369188) Pause Young (Normal) (G1 Evacuation Pause) 59M->48M(72M) 7.061ms
[2020-12-23T00:25:43.902-0400][gc,cpu         ] GC(369188) User=0.01s Sys=0.01s Real=0.01s
[2020-12-23T00:26:04.097-0400][gc,heap        ] GC(369189) Heap before GC invocations=369165 (full 10684): garbage-first heap   total 73728K, used 60649K [0x0000000083000000, 0x0000000100000000)
[2020-12-23T00:26:04.098-0400][gc,heap        ] GC(369189)   region size 1024K, 12 young (12288K), 1 survivors (1024K)
[2020-12-23T00:26:04.098-0400][gc,heap        ] GC(369189)  Metaspace       used 61001K, capacity 63721K, committed 64768K, reserved 1107968K
[2020-12-23T00:26:04.098-0400][gc,heap        ] GC(369189)   class space    used 5712K, capacity 6559K, committed 6912K, reserved 1048576K
[2020-12-23T00:26:04.098-0400][gc,start       ] GC(369189) Pause Young (Normal) (G1 Evacuation Pause)
[2020-12-23T00:26:04.098-0400][gc,task        ] GC(369189) Using 4 workers of 4 for evacuation
[2020-12-23T00:26:04.105-0400][gc,phases      ] GC(369189)   Pre Evacuate Collection Set: 0.0ms
[2020-12-23T00:26:04.105-0400][gc,phases      ] GC(369189)   Evacuate Collection Set: 4.2ms
[2020-12-23T00:26:04.105-0400][gc,phases      ] GC(369189)   Post Evacuate Collection Set: 2.0ms
[2020-12-23T00:26:04.105-0400][gc,phases      ] GC(369189)   Other: 0.9ms
[2020-12-23T00:26:04.105-0400][gc,heap        ] GC(369189) Eden regions: 11->0(11)
[2020-12-23T00:26:04.105-0400][gc,heap        ] GC(369189) Survivor regions: 1->1(2)
[2020-12-23T00:26:04.105-0400][gc,heap        ] GC(369189) Old regions: 46->46
[2020-12-23T00:26:04.105-0400][gc,heap        ] GC(369189) Humongous regions: 4->4
[2020-12-23T00:26:04.105-0400][gc,metaspace   ] GC(369189) Metaspace: 61001K->61001K(1107968K)
[2020-12-23T00:26:04.105-0400][gc,heap        ] GC(369189) Heap after GC invocations=369166 (full 10684): garbage-first heap   total 73728K, used 49363K [0x0000000083000000, 0x0000000100000000)
[2020-12-23T00:26:04.105-0400][gc,heap        ] GC(369189)   region size 1024K, 1 young (1024K), 1 survivors (1024K)
[2020-12-23T00:26:04.105-0400][gc,heap        ] GC(369189)  Metaspace       used 61001K, capacity 63721K, committed 64768K, reserved 1107968K
[2020-12-23T00:26:04.105-0400][gc,heap        ] GC(369189)   class space    used 5712K, capacity 6559K, committed 6912K, reserved 1048576K
[2020-12-23T00:26:04.105-0400][gc             ] GC(369189) Pause Young (Normal) (G1 Evacuation Pause) 59M->48M(72M) 7.372ms
[2020-12-23T00:26:04.105-0400][gc,cpu         ] GC(369189) User=0.03s Sys=0.00s Real=0.00s
[2020-12-23T00:26:16.367-0400][gc,heap        ] GC(369190) Heap before GC invocations=369166 (full 10684): garbage-first heap   total 73728K, used 59603K [0x0000000083000000, 0x0000000100000000)
[2020-12-23T00:26:16.367-0400][gc,heap        ] GC(369190)   region size 1024K, 12 young (12288K), 1 survivors (1024K)
[2020-12-23T00:26:16.367-0400][gc,heap        ] GC(369190)  Metaspace       used 61001K, capacity 63721K, committed 64768K, reserved 1107968K
[2020-12-23T00:26:16.367-0400][gc,heap        ] GC(369190)   class space    used 5712K, capacity 6559K, committed 6912K, reserved 1048576K
[2020-12-23T00:26:16.367-0400][gc,start       ] GC(369190) Pause Young (Normal) (G1 Evacuation Pause)
[2020-12-23T00:26:16.367-0400][gc,task        ] GC(369190) Using 4 workers of 4 for evacuation
[2020-12-23T00:26:16.374-0400][gc,phases      ] GC(369190)   Pre Evacuate Collection Set: 0.0ms
[2020-12-23T00:26:16.374-0400][gc,phases      ] GC(369190)   Evacuate Collection Set: 4.1ms
[2020-12-23T00:26:16.374-0400][gc,phases      ] GC(369190)   Post Evacuate Collection Set: 1.5ms
[2020-12-23T00:26:16.374-0400][gc,phases      ] GC(369190)   Other: 1.0ms
[2020-12-23T00:26:16.374-0400][gc,heap        ] GC(369190) Eden regions: 11->0(11)
[2020-12-23T00:26:16.374-0400][gc,heap        ] GC(369190) Survivor regions: 1->1(2)
[2020-12-23T00:26:16.374-0400][gc,heap        ] GC(369190) Old regions: 46->46
[2020-12-23T00:26:16.374-0400][gc,heap        ] GC(369190) Humongous regions: 4->4
[2020-12-23T00:26:16.374-0400][gc,metaspace   ] GC(369190) Metaspace: 61001K->61001K(1107968K)
[2020-12-23T00:26:16.374-0400][gc,heap        ] GC(369190) Heap after GC invocations=369167 (full 10684): garbage-first heap   total 73728K, used 49241K [0x0000000083000000, 0x0000000100000000)
[2020-12-23T00:26:16.374-0400][gc,heap        ] GC(369190)   region size 1024K, 1 young (1024K), 1 survivors (1024K)
[2020-12-23T00:26:16.374-0400][gc,heap        ] GC(369190)  Metaspace       used 61001K, capacity 63721K, committed 64768K, reserved 1107968K
[2020-12-23T00:26:16.374-0400][gc,heap        ] GC(369190)   class space    used 5712K, capacity 6559K, committed 6912K, reserved 1048576K
[2020-12-23T00:26:16.374-0400][gc             ] GC(369190) Pause Young (Normal) (G1 Evacuation Pause) 59M->48M(72M) 6.926ms
[2020-12-23T00:26:16.375-0400][gc,cpu         ] GC(369190) User=0.01s Sys=0.00s Real=0.00s
[2020-12-23T00:26:50.924-0400][gc,task        ] GC(369191) Using 3 workers of 4 for full compaction
[2020-12-23T00:26:50.924-0400][gc,start       ] GC(369191) Pause Full (System.gc())
[2020-12-23T00:26:50.924-0400][gc,heap        ] GC(369191) Heap before GC invocations=369167 (full 10684): garbage-first heap   total 73728K, used 57433K [0x0000000083000000, 0x0000000100000000)
[2020-12-23T00:26:50.924-0400][gc,heap        ] GC(369191)   region size 1024K, 11 young (11264K), 1 survivors (1024K)
[2020-12-23T00:26:50.924-0400][gc,heap        ] GC(369191)  Metaspace       used 61001K, capacity 63721K, committed 64768K, reserved 1107968K
[2020-12-23T00:26:50.924-0400][gc,heap        ] GC(369191)   class space    used 5712K, capacity 6559K, committed 6912K, reserved 1048576K
[2020-12-23T00:26:50.927-0400][gc,phases,start] GC(369191) Phase 1: Mark live objects
[2020-12-23T00:26:51.069-0400][gc,stringtable ] GC(369191) Cleaned string and symbol table, strings: 32200 processed, 0 removed, symbols: 131451 processed, 0 removed
[2020-12-23T00:26:51.069-0400][gc,phases      ] GC(369191) Phase 1: Mark live objects 141.963ms
[2020-12-23T00:26:51.069-0400][gc,phases,start] GC(369191) Phase 2: Prepare for compaction
[2020-12-23T00:26:51.099-0400][gc,phases      ] GC(369191) Phase 2: Prepare for compaction 29.878ms
[2020-12-23T00:26:51.099-0400][gc,phases,start] GC(369191) Phase 3: Adjust pointers
[2020-12-23T00:26:51.176-0400][gc,phases      ] GC(369191) Phase 3: Adjust pointers 77.098ms
[2020-12-23T00:26:51.176-0400][gc,phases,start] GC(369191) Phase 4: Compact heap
[2020-12-23T00:26:51.200-0400][gc,phases      ] GC(369191) Phase 4: Compact heap 23.969ms
[2020-12-23T00:26:51.235-0400][gc,heap        ] GC(369191) Eden regions: 10->0(11)
[2020-12-23T00:26:51.235-0400][gc,heap        ] GC(369191) Survivor regions: 1->0(2)
[2020-12-23T00:26:51.235-0400][gc,heap        ] GC(369191) Old regions: 46->46
[2020-12-23T00:26:51.235-0400][gc,heap        ] GC(369191) Humongous regions: 4->4
[2020-12-23T00:26:51.235-0400][gc,metaspace   ] GC(369191) Metaspace: 61001K->61001K(1107968K)
[2020-12-23T00:26:51.236-0400][gc,heap        ] GC(369191) Heap after GC invocations=369168 (full 10685): garbage-first heap   total 73728K, used 48617K [0x0000000083000000, 0x0000000100000000)
[2020-12-23T00:26:51.236-0400][gc,heap        ] GC(369191)   region size 1024K, 0 young (0K), 0 survivors (0K)
[2020-12-23T00:26:51.236-0400][gc,heap        ] GC(369191)  Metaspace       used 61001K, capacity 63721K, committed 64768K, reserved 1107968K
[2020-12-23T00:26:51.236-0400][gc,heap        ] GC(369191)   class space    used 5712K, capacity 6559K, committed 6912K, reserved 1048576K
[2020-12-23T00:26:51.236-0400][gc             ] GC(369191) Pause Full (System.gc()) 57M->47M(72M) 311.814ms
[2020-12-23T00:26:51.236-0400][gc,cpu         ] GC(369191) User=0.56s Sys=0.27s Real=0.32s
[2020-12-23T00:27:03.876-0400][gc,heap        ] GC(369192) Heap before GC invocations=369168 (full 10685): garbage-first heap   total 73728K, used 58857K [0x0000000083000000, 0x0000000100000000)
[2020-12-23T00:27:03.876-0400][gc,heap        ] GC(369192)   region size 1024K, 11 young (11264K), 0 survivors (0K)
[2020-12-23T00:27:03.876-0400][gc,heap        ] GC(369192)  Metaspace       used 61001K, capacity 63721K, committed 64768K, reserved 1107968K
[2020-12-23T00:27:03.876-0400][gc,heap        ] GC(369192)   class space    used 5712K, capacity 6559K, committed 6912K, reserved 1048576K
[2020-12-23T00:27:03.876-0400][gc,start       ] GC(369192) Pause Young (Normal) (G1 Evacuation Pause)
[2020-12-23T00:27:03.877-0400][gc,task        ] GC(369192) Using 4 workers of 4 for evacuation
[2020-12-23T00:27:03.882-0400][gc,phases      ] GC(369192)   Pre Evacuate Collection Set: 0.0ms
[2020-12-23T00:27:03.882-0400][gc,phases      ] GC(369192)   Evacuate Collection Set: 2.8ms
[2020-12-23T00:27:03.882-0400][gc,phases      ] GC(369192)   Post Evacuate Collection Set: 1.7ms
[2020-12-23T00:27:03.882-0400][gc,phases      ] GC(369192)   Other: 0.9ms
[2020-12-23T00:27:03.882-0400][gc,heap        ] GC(369192) Eden regions: 11->0(11)
[2020-12-23T00:27:03.882-0400][gc,heap        ] GC(369192) Survivor regions: 0->1(2)
[2020-12-23T00:27:03.882-0400][gc,heap        ] GC(369192) Old regions: 46->46
[2020-12-23T00:27:03.882-0400][gc,heap        ] GC(369192) Humongous regions: 4->4
[2020-12-23T00:27:03.882-0400][gc,metaspace   ] GC(369192) Metaspace: 61001K->61001K(1107968K)
[2020-12-23T00:27:03.882-0400][gc,heap        ] GC(369192) Heap after GC invocations=369169 (full 10685): garbage-first heap   total 73728K, used 48881K [0x0000000083000000, 0x0000000100000000)
[2020-12-23T00:27:03.882-0400][gc,heap        ] GC(369192)   region size 1024K, 1 young (1024K), 1 survivors (1024K)
[2020-12-23T00:27:03.882-0400][gc,heap        ] GC(369192)  Metaspace       used 61001K, capacity 63721K, committed 64768K, reserved 1107968K
[2020-12-23T00:27:03.882-0400][gc,heap        ] GC(369192)   class space    used 5712K, capacity 6559K, committed 6912K, reserved 1048576K
[2020-12-23T00:27:03.882-0400][gc             ] GC(369192) Pause Young (Normal) (G1 Evacuation Pause) 58M->47M(72M) 5.822ms
[2020-12-23T00:27:03.882-0400][gc,cpu         ] GC(369192) User=0.02s Sys=0.00s Real=0.00s
[2020-12-23T00:27:39.066-0400][gc,heap        ] GC(369193) Heap before GC invocations=369169 (full 10685): garbage-first heap   total 73728K, used 59121K [0x0000000083000000, 0x0000000100000000)
[2020-12-23T00:27:39.067-0400][gc,heap        ] GC(369193)   region size 1024K, 12 young (12288K), 1 survivors (1024K)
[2020-12-23T00:27:39.067-0400][gc,heap        ] GC(369193)  Metaspace       used 61001K, capacity 63721K, committed 64768K, reserved 1107968K
[2020-12-23T00:27:39.067-0400][gc,heap        ] GC(369193)   class space    used 5712K, capacity 6559K, committed 6912K, reserved 1048576K
[2020-12-23T00:27:39.067-0400][gc,start       ] GC(369193) Pause Young (Normal) (G1 Evacuation Pause)
[2020-12-23T00:27:39.067-0400][gc,task        ] GC(369193) Using 4 workers of 4 for evacuation
[2020-12-23T00:27:39.073-0400][gc,phases      ] GC(369193)   Pre Evacuate Collection Set: 0.0ms
[2020-12-23T00:27:39.073-0400][gc,phases      ] GC(369193)   Evacuate Collection Set: 3.1ms
[2020-12-23T00:27:39.073-0400][gc,phases      ] GC(369193)   Post Evacuate Collection Set: 2.1ms
[2020-12-23T00:27:39.073-0400][gc,phases      ] GC(369193)   Other: 1.2ms
[2020-12-23T00:27:39.073-0400][gc,heap        ] GC(369193) Eden regions: 11->0(11)
[2020-12-23T00:27:39.073-0400][gc,heap        ] GC(369193) Survivor regions: 1->1(2)
[2020-12-23T00:27:39.073-0400][gc,heap        ] GC(369193) Old regions: 46->46
[2020-12-23T00:27:39.073-0400][gc,heap        ] GC(369193) Humongous regions: 4->4
[2020-12-23T00:27:39.073-0400][gc,metaspace   ] GC(369193) Metaspace: 61001K->61001K(1107968K)
[2020-12-23T00:27:39.073-0400][gc,heap        ] GC(369193) Heap after GC invocations=369170 (full 10685): garbage-first heap   total 73728K, used 48921K [0x0000000083000000, 0x0000000100000000)
[2020-12-23T00:27:39.073-0400][gc,heap        ] GC(369193)   region size 1024K, 1 young (1024K), 1 survivors (1024K)
[2020-12-23T00:27:39.074-0400][gc,heap        ] GC(369193)  Metaspace       used 61001K, capacity 63721K, committed 64768K, reserved 1107968K
[2020-12-23T00:27:39.074-0400][gc,heap        ] GC(369193)   class space    used 5712K, capacity 6559K, committed 6912K, reserved 1048576K
[2020-12-23T00:27:39.074-0400][gc             ] GC(369193) Pause Young (Normal) (G1 Evacuation Pause) 58M->47M(72M) 6.751ms
[2020-12-23T00:27:39.074-0400][gc,cpu         ] GC(369193) User=0.01s Sys=0.00s Real=0.00s
[2020-12-23T00:28:05.399-0400][gc,heap        ] GC(369194) Heap before GC invocations=369170 (full 10685): garbage-first heap   total 73728K, used 59161K [0x0000000083000000, 0x0000000100000000)
[2020-12-23T00:28:05.400-0400][gc,heap        ] GC(369194)   region size 1024K, 12 young (12288K), 1 survivors (1024K)
[2020-12-23T00:28:05.400-0400][gc,heap        ] GC(369194)  Metaspace       used 61001K, capacity 63721K, committed 64768K, reserved 1107968K
[2020-12-23T00:28:05.400-0400][gc,heap        ] GC(369194)   class space    used 5712K, capacity 6559K, committed 6912K, reserved 1048576K
[2020-12-23T00:28:05.400-0400][gc,start       ] GC(369194) Pause Young (Normal) (G1 Evacuation Pause)
[2020-12-23T00:28:05.400-0400][gc,task        ] GC(369194) Using 4 workers of 4 for evacuation
[2020-12-23T00:28:05.406-0400][gc,phases      ] GC(369194)   Pre Evacuate Collection Set: 0.0ms
[2020-12-23T00:28:05.406-0400][gc,phases      ] GC(369194)   Evacuate Collection Set: 3.4ms
[2020-12-23T00:28:05.406-0400][gc,phases      ] GC(369194)   Post Evacuate Collection Set: 1.9ms
[2020-12-23T00:28:05.406-0400][gc,phases      ] GC(369194)   Other: 0.9ms
[2020-12-23T00:28:05.406-0400][gc,heap        ] GC(369194) Eden regions: 11->0(11)
[2020-12-23T00:28:05.406-0400][gc,heap        ] GC(369194) Survivor regions: 1->1(2)
[2020-12-23T00:28:05.406-0400][gc,heap        ] GC(369194) Old regions: 46->46
[2020-12-23T00:28:05.406-0400][gc,heap        ] GC(369194) Humongous regions: 4->4
[2020-12-23T00:28:05.406-0400][gc,metaspace   ] GC(369194) Metaspace: 61001K->61001K(1107968K)
[2020-12-23T00:28:05.406-0400][gc,heap        ] GC(369194) Heap after GC invocations=369171 (full 10685): garbage-first heap   total 73728K, used 49001K [0x0000000083000000, 0x0000000100000000)
[2020-12-23T00:28:05.406-0400][gc,heap        ] GC(369194)   region size 1024K, 1 young (1024K), 1 survivors (1024K)
[2020-12-23T00:28:05.406-0400][gc,heap        ] GC(369194)  Metaspace       used 61001K, capacity 63721K, committed 64768K, reserved 1107968K
[2020-12-23T00:28:05.406-0400][gc,heap        ] GC(369194)   class space    used 5712K, capacity 6559K, committed 6912K, reserved 1048576K
[2020-12-23T00:28:05.406-0400][gc             ] GC(369194) Pause Young (Normal) (G1 Evacuation Pause) 58M->47M(72M) 6.524ms
[2020-12-23T00:28:05.406-0400][gc,cpu         ] GC(369194) User=0.02s Sys=0.00s Real=0.01s
[2020-12-23T00:28:42.025-0400][gc,heap        ] GC(369195) Heap before GC invocations=369171 (full 10685): garbage-first heap   total 73728K, used 59241K [0x0000000083000000, 0x0000000100000000)
[2020-12-23T00:28:42.025-0400][gc,heap        ] GC(369195)   region size 1024K, 12 young (12288K), 1 survivors (1024K)
[2020-12-23T00:28:42.025-0400][gc,heap        ] GC(369195)  Metaspace       used 61001K, capacity 63721K, committed 64768K, reserved 1107968K
[2020-12-23T00:28:42.025-0400][gc,heap        ] GC(369195)   class space    used 5712K, capacity 6559K, committed 6912K, reserved 1048576K
[2020-12-23T00:28:42.025-0400][gc,start       ] GC(369195) Pause Young (Normal) (G1 Evacuation Pause)
[2020-12-23T00:28:42.025-0400][gc,task        ] GC(369195) Using 4 workers of 4 for evacuation
[2020-12-23T00:28:42.030-0400][gc,phases      ] GC(369195)   Pre Evacuate Collection Set: 0.0ms
[2020-12-23T00:28:42.030-0400][gc,phases      ] GC(369195)   Evacuate Collection Set: 3.3ms
[2020-12-23T00:28:42.031-0400][gc,phases      ] GC(369195)   Post Evacuate Collection Set: 1.5ms
[2020-12-23T00:28:42.031-0400][gc,phases      ] GC(369195)   Other: 0.9ms
[2020-12-23T00:28:42.031-0400][gc,heap        ] GC(369195) Eden regions: 11->0(11)
[2020-12-23T00:28:42.031-0400][gc,heap        ] GC(369195) Survivor regions: 1->1(2)
[2020-12-23T00:28:42.031-0400][gc,heap        ] GC(369195) Old regions: 46->46
[2020-12-23T00:28:42.031-0400][gc,heap        ] GC(369195) Humongous regions: 4->4
[2020-12-23T00:28:42.031-0400][gc,metaspace   ] GC(369195) Metaspace: 61001K->61001K(1107968K)
[2020-12-23T00:28:42.031-0400][gc,heap        ] GC(369195) Heap after GC invocations=369172 (full 10685): garbage-first heap   total 73728K, used 49014K [0x0000000083000000, 0x0000000100000000)
[2020-12-23T00:28:42.031-0400][gc,heap        ] GC(369195)   region size 1024K, 1 young (1024K), 1 survivors (1024K)
[2020-12-23T00:28:42.031-0400][gc,heap        ] GC(369195)  Metaspace       used 61001K, capacity 63721K, committed 64768K, reserved 1107968K
[2020-12-23T00:28:42.031-0400][gc,heap        ] GC(369195)   class space    used 5712K, capacity 6559K, committed 6912K, reserved 1048576K
[2020-12-23T00:28:42.031-0400][gc             ] GC(369195) Pause Young (Normal) (G1 Evacuation Pause) 58M->47M(72M) 6.058ms
[2020-12-23T00:28:42.031-0400][gc,cpu         ] GC(369195) User=0.01s Sys=0.01s Real=0.01s
[2020-12-23T00:29:13.710-0400][gc,heap        ] GC(369196) Heap before GC invocations=369172 (full 10685): garbage-first heap   total 73728K, used 59254K [0x0000000083000000, 0x0000000100000000)
[2020-12-23T00:29:13.710-0400][gc,heap        ] GC(369196)   region size 1024K, 12 young (12288K), 1 survivors (1024K)
[2020-12-23T00:29:13.710-0400][gc,heap        ] GC(369196)  Metaspace       used 61001K, capacity 63721K, committed 64768K, reserved 1107968K
[2020-12-23T00:29:13.711-0400][gc,heap        ] GC(369196)   class space    used 5712K, capacity 6559K, committed 6912K, reserved 1048576K
[2020-12-23T00:29:13.711-0400][gc,start       ] GC(369196) Pause Young (Normal) (G1 Evacuation Pause)
[2020-12-23T00:29:13.711-0400][gc,task        ] GC(369196) Using 4 workers of 4 for evacuation
[2020-12-23T00:29:13.716-0400][gc,phases      ] GC(369196)   Pre Evacuate Collection Set: 0.0ms
[2020-12-23T00:29:13.716-0400][gc,phases      ] GC(369196)   Evacuate Collection Set: 3.4ms
[2020-12-23T00:29:13.716-0400][gc,phases      ] GC(369196)   Post Evacuate Collection Set: 1.6ms
[2020-12-23T00:29:13.717-0400][gc,phases      ] GC(369196)   Other: 0.9ms
[2020-12-23T00:29:13.717-0400][gc,heap        ] GC(369196) Eden regions: 11->0(11)
[2020-12-23T00:29:13.717-0400][gc,heap        ] GC(369196) Survivor regions: 1->1(2)
[2020-12-23T00:29:13.717-0400][gc,heap        ] GC(369196) Old regions: 46->46
[2020-12-23T00:29:13.717-0400][gc,heap        ] GC(369196) Humongous regions: 4->4
[2020-12-23T00:29:13.717-0400][gc,metaspace   ] GC(369196) Metaspace: 61001K->61001K(1107968K)
[2020-12-23T00:29:13.717-0400][gc,heap        ] GC(369196) Heap after GC invocations=369173 (full 10685): garbage-first heap   total 73728K, used 49112K [0x0000000083000000, 0x0000000100000000)
[2020-12-23T00:29:13.717-0400][gc,heap        ] GC(369196)   region size 1024K, 1 young (1024K), 1 survivors (1024K)
[2020-12-23T00:29:13.717-0400][gc,heap        ] GC(369196)  Metaspace       used 61001K, capacity 63721K, committed 64768K, reserved 1107968K
[2020-12-23T00:29:13.727-0400][gc,heap        ] GC(369196)   class space    used 5712K, capacity 6559K, committed 6912K, reserved 1048576K
[2020-12-23T00:29:13.728-0400][gc             ] GC(369196) Pause Young (Normal) (G1 Evacuation Pause) 58M->47M(72M) 16.885ms
[2020-12-23T00:29:13.728-0400][gc,cpu         ] GC(369196) User=0.02s Sys=0.00s Real=0.02s
[2020-12-23T00:29:44.017-0400][gc,heap        ] GC(369197) Heap before GC invocations=369173 (full 10685): garbage-first heap   total 73728K, used 59352K [0x0000000083000000, 0x0000000100000000)
[2020-12-23T00:29:44.017-0400][gc,heap        ] GC(369197)   region size 1024K, 12 young (12288K), 1 survivors (1024K)
[2020-12-23T00:29:44.017-0400][gc,heap        ] GC(369197)  Metaspace       used 61001K, capacity 63721K, committed 64768K, reserved 1107968K
[2020-12-23T00:29:44.017-0400][gc,heap        ] GC(369197)   class space    used 5712K, capacity 6559K, committed 6912K, reserved 1048576K
[2020-12-23T00:29:44.017-0400][gc,start       ] GC(369197) Pause Young (Normal) (G1 Evacuation Pause)
[2020-12-23T00:29:44.017-0400][gc,task        ] GC(369197) Using 4 workers of 4 for evacuation
[2020-12-23T00:29:44.024-0400][gc,phases      ] GC(369197)   Pre Evacuate Collection Set: 0.0ms
[2020-12-23T00:29:44.024-0400][gc,phases      ] GC(369197)   Evacuate Collection Set: 3.5ms
[2020-12-23T00:29:44.024-0400][gc,phases      ] GC(369197)   Post Evacuate Collection Set: 2.8ms
[2020-12-23T00:29:44.024-0400][gc,phases      ] GC(369197)   Other: 1.0ms
[2020-12-23T00:29:44.024-0400][gc,heap        ] GC(369197) Eden regions: 11->0(11)
[2020-12-23T00:29:44.024-0400][gc,heap        ] GC(369197) Survivor regions: 1->1(2)
[2020-12-23T00:29:44.025-0400][gc,heap        ] GC(369197) Old regions: 46->46
[2020-12-23T00:29:44.025-0400][gc,heap        ] GC(369197) Humongous regions: 4->4
[2020-12-23T00:29:44.025-0400][gc,metaspace   ] GC(369197) Metaspace: 61001K->61001K(1107968K)
[2020-12-23T00:29:44.025-0400][gc,heap        ] GC(369197) Heap after GC invocations=369174 (full 10685): garbage-first heap   total 73728K, used 49037K [0x0000000083000000, 0x0000000100000000)
[2020-12-23T00:29:44.025-0400][gc,heap        ] GC(369197)   region size 1024K, 1 young (1024K), 1 survivors (1024K)
[2020-12-23T00:29:44.025-0400][gc,heap        ] GC(369197)  Metaspace       used 61001K, capacity 63721K, committed 64768K, reserved 1107968K
[2020-12-23T00:29:44.025-0400][gc,heap        ] GC(369197)   class space    used 5712K, capacity 6559K, committed 6912K, reserved 1048576K
[2020-12-23T00:29:44.025-0400][gc             ] GC(369197) Pause Young (Normal) (G1 Evacuation Pause) 58M->47M(72M) 7.971ms
[2020-12-23T00:29:44.026-0400][gc,cpu         ] GC(369197) User=0.01s Sys=0.01s Real=0.01s
[2020-12-23T00:30:04.222-0400][gc,heap        ] GC(369198) Heap before GC invocations=369174 (full 10685): garbage-first heap   total 73728K, used 59277K [0x0000000083000000, 0x0000000100000000)
[2020-12-23T00:30:04.222-0400][gc,heap        ] GC(369198)   region size 1024K, 12 young (12288K), 1 survivors (1024K)
[2020-12-23T00:30:04.222-0400][gc,heap        ] GC(369198)  Metaspace       used 61001K, capacity 63721K, committed 64768K, reserved 1107968K
[2020-12-23T00:30:04.222-0400][gc,heap        ] GC(369198)   class space    used 5712K, capacity 6559K, committed 6912K, reserved 1048576K
[2020-12-23T00:30:04.223-0400][gc,start       ] GC(369198) Pause Young (Normal) (G1 Evacuation Pause)
[2020-12-23T00:30:04.223-0400][gc,task        ] GC(369198) Using 4 workers of 4 for evacuation
[2020-12-23T00:30:04.229-0400][gc,phases      ] GC(369198)   Pre Evacuate Collection Set: 0.0ms
[2020-12-23T00:30:04.229-0400][gc,phases      ] GC(369198)   Evacuate Collection Set: 4.2ms
[2020-12-23T00:30:04.229-0400][gc,phases      ] GC(369198)   Post Evacuate Collection Set: 1.8ms
[2020-12-23T00:30:04.229-0400][gc,phases      ] GC(369198)   Other: 0.8ms
[2020-12-23T00:30:04.229-0400][gc,heap        ] GC(369198) Eden regions: 11->0(11)
[2020-12-23T00:30:04.229-0400][gc,heap        ] GC(369198) Survivor regions: 1->1(2)
[2020-12-23T00:30:04.230-0400][gc,heap        ] GC(369198) Old regions: 46->46
[2020-12-23T00:30:04.230-0400][gc,heap        ] GC(369198) Humongous regions: 4->4
[2020-12-23T00:30:04.230-0400][gc,metaspace   ] GC(369198) Metaspace: 61001K->61001K(1107968K)
[2020-12-23T00:30:04.230-0400][gc,heap        ] GC(369198) Heap after GC invocations=369175 (full 10685): garbage-first heap   total 73728K, used 49136K [0x0000000083000000, 0x0000000100000000)
[2020-12-23T00:30:04.230-0400][gc,heap        ] GC(369198)   region size 1024K, 1 young (1024K), 1 survivors (1024K)
[2020-12-23T00:30:04.230-0400][gc,heap        ] GC(369198)  Metaspace       used 61001K, capacity 63721K, committed 64768K, reserved 1107968K
[2020-12-23T00:30:04.230-0400][gc,heap        ] GC(369198)   class space    used 5712K, capacity 6559K, committed 6912K, reserved 1048576K
[2020-12-23T00:30:04.230-0400][gc             ] GC(369198) Pause Young (Normal) (G1 Evacuation Pause) 58M->47M(72M) 7.392ms
[2020-12-23T00:30:04.230-0400][gc,cpu         ] GC(369198) User=0.02s Sys=0.00s Real=0.01s
[2020-12-23T00:30:26.085-0400][gc,heap        ] GC(369199) Heap before GC invocations=369175 (full 10685): garbage-first heap   total 73728K, used 60400K [0x0000000083000000, 0x0000000100000000)
[2020-12-23T00:30:26.085-0400][gc,heap        ] GC(369199)   region size 1024K, 12 young (12288K), 1 survivors (1024K)
[2020-12-23T00:30:26.085-0400][gc,heap        ] GC(369199)  Metaspace       used 61001K, capacity 63721K, committed 64768K, reserved 1107968K
[2020-12-23T00:30:26.085-0400][gc,heap        ] GC(369199)   class space    used 5712K, capacity 6559K, committed 6912K, reserved 1048576K
[2020-12-23T00:30:26.086-0400][gc,start       ] GC(369199) Pause Young (Normal) (G1 Evacuation Pause)
[2020-12-23T00:30:26.086-0400][gc,task        ] GC(369199) Using 4 workers of 4 for evacuation
[2020-12-23T00:30:26.092-0400][gc,phases      ] GC(369199)   Pre Evacuate Collection Set: 0.0ms
[2020-12-23T00:30:26.092-0400][gc,phases      ] GC(369199)   Evacuate Collection Set: 4.0ms
[2020-12-23T00:30:26.092-0400][gc,phases      ] GC(369199)   Post Evacuate Collection Set: 1.6ms
[2020-12-23T00:30:26.092-0400][gc,phases      ] GC(369199)   Other: 0.9ms
[2020-12-23T00:30:26.092-0400][gc,heap        ] GC(369199) Eden regions: 11->0(11)
[2020-12-23T00:30:26.092-0400][gc,heap        ] GC(369199) Survivor regions: 1->1(2)
[2020-12-23T00:30:26.092-0400][gc,heap        ] GC(369199) Old regions: 46->46
[2020-12-23T00:30:26.092-0400][gc,heap        ] GC(369199) Humongous regions: 4->4
[2020-12-23T00:30:26.092-0400][gc,metaspace   ] GC(369199) Metaspace: 61001K->61001K(1107968K)
[2020-12-23T00:30:26.092-0400][gc,heap        ] GC(369199) Heap after GC invocations=369176 (full 10685): garbage-first heap   total 73728K, used 49200K [0x0000000083000000, 0x0000000100000000)
[2020-12-23T00:30:26.092-0400][gc,heap        ] GC(369199)   region size 1024K, 1 young (1024K), 1 survivors (1024K)
[2020-12-23T00:30:26.092-0400][gc,heap        ] GC(369199)  Metaspace       used 61001K, capacity 63721K, committed 64768K, reserved 1107968K
[2020-12-23T00:30:26.092-0400][gc,heap        ] GC(369199)   class space    used 5712K, capacity 6559K, committed 6912K, reserved 1048576K
[2020-12-23T00:30:26.092-0400][gc             ] GC(369199) Pause Young (Normal) (G1 Evacuation Pause) 58M->48M(72M) 6.826ms
[2020-12-23T00:30:26.093-0400][gc,cpu         ] GC(369199) User=0.01s Sys=0.01s Real=0.01s
[2020-12-23T00:31:04.934-0400][gc,heap        ] GC(369200) Heap before GC invocations=369176 (full 10685): garbage-first heap   total 73728K, used 59440K [0x0000000083000000, 0x0000000100000000)
[2020-12-23T00:31:04.934-0400][gc,heap        ] GC(369200)   region size 1024K, 12 young (12288K), 1 survivors (1024K)
[2020-12-23T00:31:04.934-0400][gc,heap        ] GC(369200)  Metaspace       used 61001K, capacity 63721K, committed 64768K, reserved 1107968K
[2020-12-23T00:31:04.934-0400][gc,heap        ] GC(369200)   class space    used 5712K, capacity 6559K, committed 6912K, reserved 1048576K
[2020-12-23T00:31:04.934-0400][gc,start       ] GC(369200) Pause Young (Normal) (G1 Evacuation Pause)
[2020-12-23T00:31:04.934-0400][gc,task        ] GC(369200) Using 4 workers of 4 for evacuation
[2020-12-23T00:31:04.941-0400][gc,phases      ] GC(369200)   Pre Evacuate Collection Set: 0.0ms
[2020-12-23T00:31:04.941-0400][gc,phases      ] GC(369200)   Evacuate Collection Set: 4.3ms
[2020-12-23T00:31:04.941-0400][gc,phases      ] GC(369200)   Post Evacuate Collection Set: 1.6ms
[2020-12-23T00:31:04.941-0400][gc,phases      ] GC(369200)   Other: 0.9ms
[2020-12-23T00:31:04.941-0400][gc,heap        ] GC(369200) Eden regions: 11->0(11)
[2020-12-23T00:31:04.941-0400][gc,heap        ] GC(369200) Survivor regions: 1->1(2)
[2020-12-23T00:31:04.941-0400][gc,heap        ] GC(369200) Old regions: 46->46
[2020-12-23T00:31:04.941-0400][gc,heap        ] GC(369200) Humongous regions: 4->4
[2020-12-23T00:31:04.941-0400][gc,metaspace   ] GC(369200) Metaspace: 61001K->61001K(1107968K)
[2020-12-23T00:31:04.941-0400][gc,heap        ] GC(369200) Heap after GC invocations=369177 (full 10685): garbage-first heap   total 73728K, used 49278K [0x0000000083000000, 0x0000000100000000)
[2020-12-23T00:31:04.941-0400][gc,heap        ] GC(369200)   region size 1024K, 1 young (1024K), 1 survivors (1024K)
[2020-12-23T00:31:04.941-0400][gc,heap        ] GC(369200)  Metaspace       used 61001K, capacity 63721K, committed 64768K, reserved 1107968K
[2020-12-23T00:31:04.941-0400][gc,heap        ] GC(369200)   class space    used 5712K, capacity 6559K, committed 6912K, reserved 1048576K
[2020-12-23T00:31:04.941-0400][gc             ] GC(369200) Pause Young (Normal) (G1 Evacuation Pause) 59M->48M(72M) 7.266ms
[2020-12-23T00:31:04.942-0400][gc,cpu         ] GC(369200) User=0.02s Sys=0.00s Real=0.01s
[2020-12-23T00:31:41.070-0400][gc,heap        ] GC(369201) Heap before GC invocations=369177 (full 10685): garbage-first heap   total 73728K, used 59518K [0x0000000083000000, 0x0000000100000000)
[2020-12-23T00:31:41.070-0400][gc,heap        ] GC(369201)   region size 1024K, 12 young (12288K), 1 survivors (1024K)
[2020-12-23T00:31:41.070-0400][gc,heap        ] GC(369201)  Metaspace       used 61001K, capacity 63721K, committed 64768K, reserved 1107968K
[2020-12-23T00:31:41.070-0400][gc,heap        ] GC(369201)   class space    used 5712K, capacity 6559K, committed 6912K, reserved 1048576K
[2020-12-23T00:31:41.071-0400][gc,start       ] GC(369201) Pause Young (Normal) (G1 Evacuation Pause)
[2020-12-23T00:31:41.071-0400][gc,task        ] GC(369201) Using 4 workers of 4 for evacuation
[2020-12-23T00:31:41.077-0400][gc,phases      ] GC(369201)   Pre Evacuate Collection Set: 0.0ms
[2020-12-23T00:31:41.077-0400][gc,phases      ] GC(369201)   Evacuate Collection Set: 4.1ms
[2020-12-23T00:31:41.077-0400][gc,phases      ] GC(369201)   Post Evacuate Collection Set: 1.7ms
[2020-12-23T00:31:41.077-0400][gc,phases      ] GC(369201)   Other: 0.9ms
[2020-12-23T00:31:41.077-0400][gc,heap        ] GC(369201) Eden regions: 11->0(11)
[2020-12-23T00:31:41.077-0400][gc,heap        ] GC(369201) Survivor regions: 1->1(2)
[2020-12-23T00:31:41.077-0400][gc,heap        ] GC(369201) Old regions: 46->46
[2020-12-23T00:31:41.077-0400][gc,heap        ] GC(369201) Humongous regions: 4->4
[2020-12-23T00:31:41.077-0400][gc,metaspace   ] GC(369201) Metaspace: 61001K->61001K(1107968K)
[2020-12-23T00:31:41.078-0400][gc,heap        ] GC(369201) Heap after GC invocations=369178 (full 10685): garbage-first heap   total 73728K, used 49259K [0x0000000083000000, 0x0000000100000000)
[2020-12-23T00:31:41.078-0400][gc,heap        ] GC(369201)   region size 1024K, 1 young (1024K), 1 survivors (1024K)
[2020-12-23T00:31:41.078-0400][gc,heap        ] GC(369201)  Metaspace       used 61001K, capacity 63721K, committed 64768K, reserved 1107968K
[2020-12-23T00:31:41.078-0400][gc,heap        ] GC(369201)   class space    used 5712K, capacity 6559K, committed 6912K, reserved 1048576K
[2020-12-23T00:31:41.078-0400][gc             ] GC(369201) Pause Young (Normal) (G1 Evacuation Pause) 59M->48M(72M) 7.218ms
[2020-12-23T00:31:41.078-0400][gc,cpu         ] GC(369201) User=0.01s Sys=0.01s Real=0.01s
[2020-12-23T00:31:50.924-0400][gc,task        ] GC(369202) Using 3 workers of 4 for full compaction
[2020-12-23T00:31:50.924-0400][gc,start       ] GC(369202) Pause Full (System.gc())
[2020-12-23T00:31:50.924-0400][gc,heap        ] GC(369202) Heap before GC invocations=369178 (full 10685): garbage-first heap   total 73728K, used 51307K [0x0000000083000000, 0x0000000100000000)
[2020-12-23T00:31:50.924-0400][gc,heap        ] GC(369202)   region size 1024K, 4 young (4096K), 1 survivors (1024K)
[2020-12-23T00:31:50.925-0400][gc,heap        ] GC(369202)  Metaspace       used 61001K, capacity 63721K, committed 64768K, reserved 1107968K
[2020-12-23T00:31:50.925-0400][gc,heap        ] GC(369202)   class space    used 5712K, capacity 6559K, committed 6912K, reserved 1048576K
[2020-12-23T00:31:50.927-0400][gc,phases,start] GC(369202) Phase 1: Mark live objects
[2020-12-23T00:31:51.071-0400][gc,stringtable ] GC(369202) Cleaned string and symbol table, strings: 32200 processed, 0 removed, symbols: 131451 processed, 0 removed
[2020-12-23T00:31:51.071-0400][gc,phases      ] GC(369202) Phase 1: Mark live objects 144.155ms
[2020-12-23T00:31:51.071-0400][gc,phases,start] GC(369202) Phase 2: Prepare for compaction
[2020-12-23T00:31:51.102-0400][gc,phases      ] GC(369202) Phase 2: Prepare for compaction 30.787ms
[2020-12-23T00:31:51.102-0400][gc,phases,start] GC(369202) Phase 3: Adjust pointers
[2020-12-23T00:31:51.181-0400][gc,phases      ] GC(369202) Phase 3: Adjust pointers 78.819ms
[2020-12-23T00:31:51.181-0400][gc,phases,start] GC(369202) Phase 4: Compact heap
[2020-12-23T00:31:51.203-0400][gc,phases      ] GC(369202) Phase 4: Compact heap 21.314ms
[2020-12-23T00:31:51.238-0400][gc,heap        ] GC(369202) Eden regions: 3->0(12)
[2020-12-23T00:31:51.238-0400][gc,heap        ] GC(369202) Survivor regions: 1->0(2)
[2020-12-23T00:31:51.238-0400][gc,heap        ] GC(369202) Old regions: 46->46
[2020-12-23T00:31:51.238-0400][gc,heap        ] GC(369202) Humongous regions: 4->4
[2020-12-23T00:31:51.238-0400][gc,metaspace   ] GC(369202) Metaspace: 61001K->61001K(1107968K)
[2020-12-23T00:31:51.238-0400][gc,heap        ] GC(369202) Heap after GC invocations=369179 (full 10686): garbage-first heap   total 73728K, used 48600K [0x0000000083000000, 0x0000000100000000)
[2020-12-23T00:31:51.238-0400][gc,heap        ] GC(369202)   region size 1024K, 0 young (0K), 0 survivors (0K)
[2020-12-23T00:31:51.238-0400][gc,heap        ] GC(369202)  Metaspace       used 61001K, capacity 63721K, committed 64768K, reserved 1107968K
[2020-12-23T00:31:51.238-0400][gc,heap        ] GC(369202)   class space    used 5712K, capacity 6559K, committed 6912K, reserved 1048576K
[2020-12-23T00:31:51.238-0400][gc             ] GC(369202) Pause Full (System.gc()) 50M->47M(72M) 313.818ms
[2020-12-23T00:31:51.238-0400][gc,cpu         ] GC(369202) User=0.84s Sys=0.00s Real=0.32s
[2020-12-23T00:32:05.611-0400][gc,heap        ] GC(369203) Heap before GC invocations=369179 (full 10686): garbage-first heap   total 73728K, used 59864K [0x0000000083000000, 0x0000000100000000)
[2020-12-23T00:32:05.611-0400][gc,heap        ] GC(369203)   region size 1024K, 12 young (12288K), 0 survivors (0K)
[2020-12-23T00:32:05.611-0400][gc,heap        ] GC(369203)  Metaspace       used 61001K, capacity 63721K, committed 64768K, reserved 1107968K
[2020-12-23T00:32:05.611-0400][gc,heap        ] GC(369203)   class space    used 5712K, capacity 6559K, committed 6912K, reserved 1048576K
[2020-12-23T00:32:05.611-0400][gc,start       ] GC(369203) Pause Young (Normal) (G1 Evacuation Pause)
[2020-12-23T00:32:05.611-0400][gc,task        ] GC(369203) Using 4 workers of 4 for evacuation
[2020-12-23T00:32:05.618-0400][gc,phases      ] GC(369203)   Pre Evacuate Collection Set: 0.0ms
[2020-12-23T00:32:05.618-0400][gc,phases      ] GC(369203)   Evacuate Collection Set: 4.3ms
[2020-12-23T00:32:05.618-0400][gc,phases      ] GC(369203)   Post Evacuate Collection Set: 2.0ms
[2020-12-23T00:32:05.619-0400][gc,phases      ] GC(369203)   Other: 0.9ms
[2020-12-23T00:32:05.619-0400][gc,heap        ] GC(369203) Eden regions: 12->0(11)
[2020-12-23T00:32:05.619-0400][gc,heap        ] GC(369203) Survivor regions: 0->1(2)
[2020-12-23T00:32:05.619-0400][gc,heap        ] GC(369203) Old regions: 46->46
[2020-12-23T00:32:05.619-0400][gc,heap        ] GC(369203) Humongous regions: 4->4
[2020-12-23T00:32:05.619-0400][gc,metaspace   ] GC(369203) Metaspace: 61001K->61001K(1107968K)
[2020-12-23T00:32:05.619-0400][gc,heap        ] GC(369203) Heap after GC invocations=369180 (full 10686): garbage-first heap   total 73728K, used 49246K [0x0000000083000000, 0x0000000100000000)
[2020-12-23T00:32:05.619-0400][gc,heap        ] GC(369203)   region size 1024K, 1 young (1024K), 1 survivors (1024K)
[2020-12-23T00:32:05.619-0400][gc,heap        ] GC(369203)  Metaspace       used 61001K, capacity 63721K, committed 64768K, reserved 1107968K
[2020-12-23T00:32:05.619-0400][gc,heap        ] GC(369203)   class space    used 5712K, capacity 6559K, committed 6912K, reserved 1048576K
[2020-12-23T00:32:05.619-0400][gc             ] GC(369203) Pause Young (Normal) (G1 Evacuation Pause) 59M->48M(72M) 7.785ms
[2020-12-23T00:32:05.619-0400][gc,cpu         ] GC(369203) User=0.02s Sys=0.00s Real=0.01s
[2020-12-23T00:32:24.943-0400][gc,heap        ] GC(369204) Heap before GC invocations=369180 (full 10686): garbage-first heap   total 73728K, used 59486K [0x0000000083000000, 0x0000000100000000)
[2020-12-23T00:32:24.943-0400][gc,heap        ] GC(369204)   region size 1024K, 12 young (12288K), 1 survivors (1024K)
[2020-12-23T00:32:24.943-0400][gc,heap        ] GC(369204)  Metaspace       used 61001K, capacity 63721K, committed 64768K, reserved 1107968K
[2020-12-23T00:32:24.943-0400][gc,heap        ] GC(369204)   class space    used 5712K, capacity 6559K, committed 6912K, reserved 1048576K
[2020-12-23T00:32:24.944-0400][gc,start       ] GC(369204) Pause Young (Normal) (G1 Evacuation Pause)
[2020-12-23T00:32:24.944-0400][gc,task        ] GC(369204) Using 4 workers of 4 for evacuation
[2020-12-23T00:32:24.949-0400][gc,phases      ] GC(369204)   Pre Evacuate Collection Set: 0.0ms
[2020-12-23T00:32:24.950-0400][gc,phases      ] GC(369204)   Evacuate Collection Set: 3.9ms
[2020-12-23T00:32:24.950-0400][gc,phases      ] GC(369204)   Post Evacuate Collection Set: 1.4ms
[2020-12-23T00:32:24.950-0400][gc,phases      ] GC(369204)   Other: 0.9ms
[2020-12-23T00:32:24.950-0400][gc,heap        ] GC(369204) Eden regions: 11->0(11)
[2020-12-23T00:32:24.950-0400][gc,heap        ] GC(369204) Survivor regions: 1->1(2)
[2020-12-23T00:32:24.950-0400][gc,heap        ] GC(369204) Old regions: 46->46
[2020-12-23T00:32:24.950-0400][gc,heap        ] GC(369204) Humongous regions: 4->4
[2020-12-23T00:32:24.950-0400][gc,metaspace   ] GC(369204) Metaspace: 61001K->61001K(1107968K)
[2020-12-23T00:32:24.950-0400][gc,heap        ] GC(369204) Heap after GC invocations=369181 (full 10686): garbage-first heap   total 73728K, used 49101K [0x0000000083000000, 0x0000000100000000)
[2020-12-23T00:32:24.950-0400][gc,heap        ] GC(369204)   region size 1024K, 1 young (1024K), 1 survivors (1024K)
[2020-12-23T00:32:24.950-0400][gc,heap        ] GC(369204)  Metaspace       used 61001K, capacity 63721K, committed 64768K, reserved 1107968K
[2020-12-23T00:32:24.950-0400][gc,heap        ] GC(369204)   class space    used 5712K, capacity 6559K, committed 6912K, reserved 1048576K
[2020-12-23T00:32:24.950-0400][gc             ] GC(369204) Pause Young (Normal) (G1 Evacuation Pause) 59M->47M(72M) 6.621ms
[2020-12-23T00:32:24.950-0400][gc,cpu         ] GC(369204) User=0.01s Sys=0.01s Real=0.01s
[2020-12-23T00:32:49.825-0400][gc,heap        ] GC(369205) Heap before GC invocations=369181 (full 10686): garbage-first heap   total 73728K, used 59341K [0x0000000083000000, 0x0000000100000000)
[2020-12-23T00:32:49.825-0400][gc,heap        ] GC(369205)   region size 1024K, 12 young (12288K), 1 survivors (1024K)
[2020-12-23T00:32:49.825-0400][gc,heap        ] GC(369205)  Metaspace       used 61001K, capacity 63721K, committed 64768K, reserved 1107968K
[2020-12-23T00:32:49.825-0400][gc,heap        ] GC(369205)   class space    used 5712K, capacity 6559K, committed 6912K, reserved 1048576K
[2020-12-23T00:32:49.825-0400][gc,start       ] GC(369205) Pause Young (Normal) (G1 Evacuation Pause)
[2020-12-23T00:32:49.825-0400][gc,task        ] GC(369205) Using 4 workers of 4 for evacuation
[2020-12-23T00:32:49.832-0400][gc,phases      ] GC(369205)   Pre Evacuate Collection Set: 0.0ms
[2020-12-23T00:32:49.832-0400][gc,phases      ] GC(369205)   Evacuate Collection Set: 4.2ms
[2020-12-23T00:32:49.832-0400][gc,phases      ] GC(369205)   Post Evacuate Collection Set: 1.6ms
[2020-12-23T00:32:49.832-0400][gc,phases      ] GC(369205)   Other: 1.0ms
[2020-12-23T00:32:49.832-0400][gc,heap        ] GC(369205) Eden regions: 11->0(11)
[2020-12-23T00:32:49.832-0400][gc,heap        ] GC(369205) Survivor regions: 1->1(2)
[2020-12-23T00:32:49.832-0400][gc,heap        ] GC(369205) Old regions: 46->46
[2020-12-23T00:32:49.832-0400][gc,heap        ] GC(369205) Humongous regions: 4->4
[2020-12-23T00:32:49.832-0400][gc,metaspace   ] GC(369205) Metaspace: 61001K->61001K(1107968K)
[2020-12-23T00:32:49.832-0400][gc,heap        ] GC(369205) Heap after GC invocations=369182 (full 10686): garbage-first heap   total 73728K, used 49275K [0x0000000083000000, 0x0000000100000000)
[2020-12-23T00:32:49.832-0400][gc,heap        ] GC(369205)   region size 1024K, 1 young (1024K), 1 survivors (1024K)
[2020-12-23T00:32:49.832-0400][gc,heap        ] GC(369205)  Metaspace       used 61001K, capacity 63721K, committed 64768K, reserved 1107968K
[2020-12-23T00:32:49.832-0400][gc,heap        ] GC(369205)   class space    used 5712K, capacity 6559K, committed 6912K, reserved 1048576K
[2020-12-23T00:32:49.832-0400][gc             ] GC(369205) Pause Young (Normal) (G1 Evacuation Pause) 58M->48M(72M) 7.053ms
[2020-12-23T00:32:49.832-0400][gc,cpu         ] GC(369205) User=0.01s Sys=0.01s Real=0.01s
[2020-12-23T00:32:58.216-0400][gc,heap        ] GC(369206) Heap before GC invocations=369182 (full 10686): garbage-first heap   total 73728K, used 59515K [0x0000000083000000, 0x0000000100000000)
[2020-12-23T00:32:58.216-0400][gc,heap        ] GC(369206)   region size 1024K, 12 young (12288K), 1 survivors (1024K)
[2020-12-23T00:32:58.216-0400][gc,heap        ] GC(369206)  Metaspace       used 61001K, capacity 63721K, committed 64768K, reserved 1107968K
[2020-12-23T00:32:58.216-0400][gc,heap        ] GC(369206)   class space    used 5712K, capacity 6559K, committed 6912K, reserved 1048576K
[2020-12-23T00:32:58.216-0400][gc,start       ] GC(369206) Pause Young (Normal) (G1 Evacuation Pause)
[2020-12-23T00:32:58.216-0400][gc,task        ] GC(369206) Using 4 workers of 4 for evacuation
[2020-12-23T00:32:58.224-0400][gc,phases      ] GC(369206)   Pre Evacuate Collection Set: 0.0ms
[2020-12-23T00:32:58.224-0400][gc,phases      ] GC(369206)   Evacuate Collection Set: 5.5ms
[2020-12-23T00:32:58.224-0400][gc,phases      ] GC(369206)   Post Evacuate Collection Set: 1.5ms
[2020-12-23T00:32:58.224-0400][gc,phases      ] GC(369206)   Other: 1.1ms
[2020-12-23T00:32:58.224-0400][gc,heap        ] GC(369206) Eden regions: 11->0(11)
[2020-12-23T00:32:58.224-0400][gc,heap        ] GC(369206) Survivor regions: 1->1(2)
[2020-12-23T00:32:58.224-0400][gc,heap        ] GC(369206) Old regions: 46->46
[2020-12-23T00:32:58.224-0400][gc,heap        ] GC(369206) Humongous regions: 4->4
[2020-12-23T00:32:58.224-0400][gc,metaspace   ] GC(369206) Metaspace: 61001K->61001K(1107968K)
[2020-12-23T00:32:58.224-0400][gc,heap        ] GC(369206) Heap after GC invocations=369183 (full 10686): garbage-first heap   total 73728K, used 49611K [0x0000000083000000, 0x0000000100000000)
[2020-12-23T00:32:58.224-0400][gc,heap        ] GC(369206)   region size 1024K, 1 young (1024K), 1 survivors (1024K)
[2020-12-23T00:32:58.225-0400][gc,heap        ] GC(369206)  Metaspace       used 61001K, capacity 63721K, committed 64768K, reserved 1107968K
[2020-12-23T00:32:58.225-0400][gc,heap        ] GC(369206)   class space    used 5712K, capacity 6559K, committed 6912K, reserved 1048576K
[2020-12-23T00:32:58.225-0400][gc             ] GC(369206) Pause Young (Normal) (G1 Evacuation Pause) 59M->48M(72M) 8.462ms
[2020-12-23T00:32:58.225-0400][gc,cpu         ] GC(369206) User=0.01s Sys=0.01s Real=0.00s
[2020-12-23T00:33:05.175-0400][gc,heap        ] GC(369207) Heap before GC invocations=369183 (full 10686): garbage-first heap   total 73728K, used 59851K [0x0000000083000000, 0x0000000100000000)
[2020-12-23T00:33:05.175-0400][gc,heap        ] GC(369207)   region size 1024K, 12 young (12288K), 1 survivors (1024K)
[2020-12-23T00:33:05.175-0400][gc,heap        ] GC(369207)  Metaspace       used 61001K, capacity 63721K, committed 64768K, reserved 1107968K
[2020-12-23T00:33:05.175-0400][gc,heap        ] GC(369207)   class space    used 5712K, capacity 6559K, committed 6912K, reserved 1048576K
[2020-12-23T00:33:05.175-0400][gc,start       ] GC(369207) Pause Young (Normal) (G1 Evacuation Pause)
[2020-12-23T00:33:05.175-0400][gc,task        ] GC(369207) Using 4 workers of 4 for evacuation
[2020-12-23T00:33:05.184-0400][gc,phases      ] GC(369207)   Pre Evacuate Collection Set: 0.0ms
[2020-12-23T00:33:05.184-0400][gc,phases      ] GC(369207)   Evacuate Collection Set: 6.7ms
[2020-12-23T00:33:05.184-0400][gc,phases      ] GC(369207)   Post Evacuate Collection Set: 1.5ms
[2020-12-23T00:33:05.184-0400][gc,phases      ] GC(369207)   Other: 1.0ms
[2020-12-23T00:33:05.185-0400][gc,heap        ] GC(369207) Eden regions: 11->0(10)
[2020-12-23T00:33:05.185-0400][gc,heap        ] GC(369207) Survivor regions: 1->2(2)
[2020-12-23T00:33:05.185-0400][gc,heap        ] GC(369207) Old regions: 46->46
[2020-12-23T00:33:05.185-0400][gc,heap        ] GC(369207) Humongous regions: 4->4
[2020-12-23T00:33:05.185-0400][gc,metaspace   ] GC(369207) Metaspace: 61001K->61001K(1107968K)
[2020-12-23T00:33:05.185-0400][gc,heap        ] GC(369207) Heap after GC invocations=369184 (full 10686): garbage-first heap   total 73728K, used 50070K [0x0000000083000000, 0x0000000100000000)
[2020-12-23T00:33:05.185-0400][gc,heap        ] GC(369207)   region size 1024K, 2 young (2048K), 2 survivors (2048K)
[2020-12-23T00:33:05.185-0400][gc,heap        ] GC(369207)  Metaspace       used 61001K, capacity 63721K, committed 64768K, reserved 1107968K
[2020-12-23T00:33:05.185-0400][gc,heap        ] GC(369207)   class space    used 5712K, capacity 6559K, committed 6912K, reserved 1048576K
[2020-12-23T00:33:05.185-0400][gc             ] GC(369207) Pause Young (Normal) (G1 Evacuation Pause) 59M->48M(72M) 9.615ms
[2020-12-23T00:33:05.185-0400][gc,cpu         ] GC(369207) User=0.02s Sys=0.01s Real=0.01s
[2020-12-23T00:33:09.609-0400][gc,heap        ] GC(369208) Heap before GC invocations=369184 (full 10686): garbage-first heap   total 73728K, used 59286K [0x0000000083000000, 0x0000000100000000)
[2020-12-23T00:33:09.609-0400][gc,heap        ] GC(369208)   region size 1024K, 12 young (12288K), 2 survivors (2048K)
[2020-12-23T00:33:09.609-0400][gc,heap        ] GC(369208)  Metaspace       used 61001K, capacity 63721K, committed 64768K, reserved 1107968K
[2020-12-23T00:33:09.609-0400][gc,heap        ] GC(369208)   class space    used 5712K, capacity 6559K, committed 6912K, reserved 1048576K
[2020-12-23T00:33:09.609-0400][gc,start       ] GC(369208) Pause Young (Normal) (G1 Evacuation Pause)
[2020-12-23T00:33:09.609-0400][gc,task        ] GC(369208) Using 4 workers of 4 for evacuation
[2020-12-23T00:33:09.619-0400][gc,phases      ] GC(369208)   Pre Evacuate Collection Set: 0.0ms
[2020-12-23T00:33:09.619-0400][gc,phases      ] GC(369208)   Evacuate Collection Set: 7.3ms
[2020-12-23T00:33:09.619-0400][gc,phases      ] GC(369208)   Post Evacuate Collection Set: 2.0ms
[2020-12-23T00:33:09.619-0400][gc,phases      ] GC(369208)   Other: 0.9ms
[2020-12-23T00:33:09.619-0400][gc,heap        ] GC(369208) Eden regions: 10->0(9)
[2020-12-23T00:33:09.619-0400][gc,heap        ] GC(369208) Survivor regions: 2->2(2)
[2020-12-23T00:33:09.619-0400][gc,heap        ] GC(369208) Old regions: 46->47
[2020-12-23T00:33:09.620-0400][gc,heap        ] GC(369208) Humongous regions: 4->4
[2020-12-23T00:33:09.620-0400][gc,metaspace   ] GC(369208) Metaspace: 61001K->61001K(1107968K)
[2020-12-23T00:33:09.620-0400][gc,heap        ] GC(369208) Heap after GC invocations=369185 (full 10686): garbage-first heap   total 73728K, used 50199K [0x0000000083000000, 0x0000000100000000)
[2020-12-23T00:33:09.620-0400][gc,heap        ] GC(369208)   region size 1024K, 2 young (2048K), 2 survivors (2048K)
[2020-12-23T00:33:09.620-0400][gc,heap        ] GC(369208)  Metaspace       used 61001K, capacity 63721K, committed 64768K, reserved 1107968K
[2020-12-23T00:33:09.620-0400][gc,heap        ] GC(369208)   class space    used 5712K, capacity 6559K, committed 6912K, reserved 1048576K
[2020-12-23T00:33:09.620-0400][gc             ] GC(369208) Pause Young (Normal) (G1 Evacuation Pause) 58M->49M(72M) 10.921ms
[2020-12-23T00:33:09.620-0400][gc,cpu         ] GC(369208) User=0.01s Sys=0.01s Real=0.01s
[2020-12-23T00:33:17.317-0400][gc,heap        ] GC(369209) Heap before GC invocations=369185 (full 10686): garbage-first heap   total 73728K, used 58391K [0x0000000083000000, 0x0000000100000000)
[2020-12-23T00:33:17.317-0400][gc,heap        ] GC(369209)   region size 1024K, 11 young (11264K), 2 survivors (2048K)
[2020-12-23T00:33:17.317-0400][gc,heap        ] GC(369209)  Metaspace       used 61001K, capacity 63721K, committed 64768K, reserved 1107968K
[2020-12-23T00:33:17.317-0400][gc,heap        ] GC(369209)   class space    used 5712K, capacity 6559K, committed 6912K, reserved 1048576K
[2020-12-23T00:33:17.317-0400][gc,start       ] GC(369209) Pause Young (Normal) (G1 Evacuation Pause)
[2020-12-23T00:33:17.317-0400][gc,task        ] GC(369209) Using 4 workers of 4 for evacuation
[2020-12-23T00:33:17.326-0400][gc,phases      ] GC(369209)   Pre Evacuate Collection Set: 0.1ms
[2020-12-23T00:33:17.326-0400][gc,phases      ] GC(369209)   Evacuate Collection Set: 7.0ms
[2020-12-23T00:33:17.326-0400][gc,phases      ] GC(369209)   Post Evacuate Collection Set: 1.3ms
[2020-12-23T00:33:17.327-0400][gc,phases      ] GC(369209)   Other: 1.1ms
[2020-12-23T00:33:17.327-0400][gc,heap        ] GC(369209) Eden regions: 9->0(9)
[2020-12-23T00:33:17.327-0400][gc,heap        ] GC(369209) Survivor regions: 2->2(2)
[2020-12-23T00:33:17.327-0400][gc,heap        ] GC(369209) Old regions: 47->47
[2020-12-23T00:33:17.327-0400][gc,heap        ] GC(369209) Humongous regions: 4->4
[2020-12-23T00:33:17.327-0400][gc,metaspace   ] GC(369209) Metaspace: 61001K->61001K(1107968K)
[2020-12-23T00:33:17.327-0400][gc,heap        ] GC(369209) Heap after GC invocations=369186 (full 10686): garbage-first heap   total 73728K, used 50597K [0x0000000083000000, 0x0000000100000000)
[2020-12-23T00:33:17.327-0400][gc,heap        ] GC(369209)   region size 1024K, 2 young (2048K), 2 survivors (2048K)
[2020-12-23T00:33:17.327-0400][gc,heap        ] GC(369209)  Metaspace       used 61001K, capacity 63721K, committed 64768K, reserved 1107968K
[2020-12-23T00:33:17.327-0400][gc,heap        ] GC(369209)   class space    used 5712K, capacity 6559K, committed 6912K, reserved 1048576K
[2020-12-23T00:33:17.327-0400][gc             ] GC(369209) Pause Young (Normal) (G1 Evacuation Pause) 58M->49M(72M) 9.829ms
[2020-12-23T00:33:17.327-0400][gc,cpu         ] GC(369209) User=0.01s Sys=0.01s Real=0.01s
[2020-12-23T00:33:32.047-0400][gc,heap        ] GC(369210) Heap before GC invocations=369186 (full 10686): garbage-first heap   total 73728K, used 59813K [0x0000000083000000, 0x0000000100000000)
[2020-12-23T00:33:32.047-0400][gc,heap        ] GC(369210)   region size 1024K, 11 young (11264K), 2 survivors (2048K)
[2020-12-23T00:33:32.047-0400][gc,heap        ] GC(369210)  Metaspace       used 61001K, capacity 63721K, committed 64768K, reserved 1107968K
[2020-12-23T00:33:32.047-0400][gc,heap        ] GC(369210)   class space    used 5712K, capacity 6559K, committed 6912K, reserved 1048576K
[2020-12-23T00:33:32.047-0400][gc,start       ] GC(369210) Pause Young (Normal) (G1 Evacuation Pause)
[2020-12-23T00:33:32.047-0400][gc,task        ] GC(369210) Using 4 workers of 4 for evacuation
[2020-12-23T00:33:32.055-0400][gc,phases      ] GC(369210)   Pre Evacuate Collection Set: 0.0ms
[2020-12-23T00:33:32.055-0400][gc,phases      ] GC(369210)   Evacuate Collection Set: 5.7ms
[2020-12-23T00:33:32.055-0400][gc,phases      ] GC(369210)   Post Evacuate Collection Set: 1.3ms
[2020-12-23T00:33:32.056-0400][gc,phases      ] GC(369210)   Other: 1.0ms
[2020-12-23T00:33:32.056-0400][gc,heap        ] GC(369210) Eden regions: 9->0(9)
[2020-12-23T00:33:32.056-0400][gc,heap        ] GC(369210) Survivor regions: 2->1(2)
[2020-12-23T00:33:32.056-0400][gc,heap        ] GC(369210) Old regions: 47->48
[2020-12-23T00:33:32.056-0400][gc,heap        ] GC(369210) Humongous regions: 4->4
[2020-12-23T00:33:32.056-0400][gc,metaspace   ] GC(369210) Metaspace: 61001K->61001K(1107968K)
[2020-12-23T00:33:32.056-0400][gc,heap        ] GC(369210) Heap after GC invocations=369187 (full 10686): garbage-first heap   total 73728K, used 50607K [0x0000000083000000, 0x0000000100000000)
[2020-12-23T00:33:32.056-0400][gc,heap        ] GC(369210)   region size 1024K, 1 young (1024K), 1 survivors (1024K)
[2020-12-23T00:33:32.056-0400][gc,heap        ] GC(369210)  Metaspace       used 61001K, capacity 63721K, committed 64768K, reserved 1107968K
[2020-12-23T00:33:32.056-0400][gc,heap        ] GC(369210)   class space    used 5712K, capacity 6559K, committed 6912K, reserved 1048576K
[2020-12-23T00:33:32.056-0400][gc             ] GC(369210) Pause Young (Normal) (G1 Evacuation Pause) 58M->49M(72M) 8.593ms
[2020-12-23T00:33:32.056-0400][gc,cpu         ] GC(369210) User=0.01s Sys=0.02s Real=0.01s
[2020-12-23T00:33:48.112-0400][gc,heap        ] GC(369211) Heap before GC invocations=369187 (full 10686): garbage-first heap   total 73728K, used 58799K [0x0000000083000000, 0x0000000100000000)
[2020-12-23T00:33:48.112-0400][gc,heap        ] GC(369211)   region size 1024K, 10 young (10240K), 1 survivors (1024K)
[2020-12-23T00:33:48.112-0400][gc,heap        ] GC(369211)  Metaspace       used 61001K, capacity 63721K, committed 64768K, reserved 1107968K
[2020-12-23T00:33:48.112-0400][gc,heap        ] GC(369211)   class space    used 5712K, capacity 6559K, committed 6912K, reserved 1048576K
[2020-12-23T00:33:48.113-0400][gc,start       ] GC(369211) Pause Young (Normal) (G1 Evacuation Pause)
[2020-12-23T00:33:48.113-0400][gc,task        ] GC(369211) Using 4 workers of 4 for evacuation
[2020-12-23T00:33:48.119-0400][gc,phases      ] GC(369211)   Pre Evacuate Collection Set: 0.0ms
[2020-12-23T00:33:48.119-0400][gc,phases      ] GC(369211)   Evacuate Collection Set: 4.3ms
[2020-12-23T00:33:48.119-0400][gc,phases      ] GC(369211)   Post Evacuate Collection Set: 1.5ms
[2020-12-23T00:33:48.119-0400][gc,phases      ] GC(369211)   Other: 0.9ms
[2020-12-23T00:33:48.119-0400][gc,heap        ] GC(369211) Eden regions: 9->0(9)
[2020-12-23T00:33:48.119-0400][gc,heap        ] GC(369211) Survivor regions: 1->1(2)
[2020-12-23T00:33:48.119-0400][gc,heap        ] GC(369211) Old regions: 48->48
[2020-12-23T00:33:48.119-0400][gc,heap        ] GC(369211) Humongous regions: 4->4
[2020-12-23T00:33:48.119-0400][gc,metaspace   ] GC(369211) Metaspace: 61001K->61001K(1107968K)
[2020-12-23T00:33:48.119-0400][gc,heap        ] GC(369211) Heap after GC invocations=369188 (full 10686): garbage-first heap   total 73728K, used 50384K [0x0000000083000000, 0x0000000100000000)
[2020-12-23T00:33:48.120-0400][gc,heap        ] GC(369211)   region size 1024K, 1 young (1024K), 1 survivors (1024K)
[2020-12-23T00:33:48.120-0400][gc,heap        ] GC(369211)  Metaspace       used 61001K, capacity 63721K, committed 64768K, reserved 1107968K
[2020-12-23T00:33:48.120-0400][gc,heap        ] GC(369211)   class space    used 5712K, capacity 6559K, committed 6912K, reserved 1048576K
[2020-12-23T00:33:48.120-0400][gc             ] GC(369211) Pause Young (Normal) (G1 Evacuation Pause) 58M->49M(72M) 7.091ms
[2020-12-23T00:33:48.120-0400][gc,cpu         ] GC(369211) User=0.01s Sys=0.01s Real=0.01s
[2020-12-23T00:33:54.914-0400][gc,heap        ] GC(369212) Heap before GC invocations=369188 (full 10686): garbage-first heap   total 73728K, used 58576K [0x0000000083000000, 0x0000000100000000)
[2020-12-23T00:33:54.914-0400][gc,heap        ] GC(369212)   region size 1024K, 10 young (10240K), 1 survivors (1024K)
[2020-12-23T00:33:54.914-0400][gc,heap        ] GC(369212)  Metaspace       used 61001K, capacity 63721K, committed 64768K, reserved 1107968K
[2020-12-23T00:33:54.914-0400][gc,heap        ] GC(369212)   class space    used 5712K, capacity 6559K, committed 6912K, reserved 1048576K
[2020-12-23T00:33:54.914-0400][gc,start       ] GC(369212) Pause Young (Normal) (G1 Evacuation Pause)
[2020-12-23T00:33:54.914-0400][gc,task        ] GC(369212) Using 4 workers of 4 for evacuation
[2020-12-23T00:33:54.925-0400][gc,phases      ] GC(369212)   Pre Evacuate Collection Set: 0.0ms
[2020-12-23T00:33:54.925-0400][gc,phases      ] GC(369212)   Evacuate Collection Set: 6.8ms
[2020-12-23T00:33:54.926-0400][gc,phases      ] GC(369212)   Post Evacuate Collection Set: 3.4ms
[2020-12-23T00:33:54.926-0400][gc,phases      ] GC(369212)   Other: 1.4ms
[2020-12-23T00:33:54.926-0400][gc,heap        ] GC(369212) Eden regions: 9->0(9)
[2020-12-23T00:33:54.926-0400][gc,heap        ] GC(369212) Survivor regions: 1->1(2)
[2020-12-23T00:33:54.926-0400][gc,heap        ] GC(369212) Old regions: 48->48
[2020-12-23T00:33:54.926-0400][gc,heap        ] GC(369212) Humongous regions: 4->4
[2020-12-23T00:33:54.926-0400][gc,metaspace   ] GC(369212) Metaspace: 61001K->61001K(1107968K)
[2020-12-23T00:33:54.926-0400][gc,heap        ] GC(369212) Heap after GC invocations=369189 (full 10686): garbage-first heap   total 73728K, used 50744K [0x0000000083000000, 0x0000000100000000)
[2020-12-23T00:33:54.926-0400][gc,heap        ] GC(369212)   region size 1024K, 1 young (1024K), 1 survivors (1024K)
[2020-12-23T00:33:54.926-0400][gc,heap        ] GC(369212)  Metaspace       used 61001K, capacity 63721K, committed 64768K, reserved 1107968K
[2020-12-23T00:33:54.926-0400][gc,heap        ] GC(369212)   class space    used 5712K, capacity 6559K, committed 6912K, reserved 1048576K
[2020-12-23T00:33:54.927-0400][gc             ] GC(369212) Pause Young (Normal) (G1 Evacuation Pause) 58M->49M(72M) 12.244ms
[2020-12-23T00:33:54.928-0400][gc,cpu         ] GC(369212) User=0.02s Sys=0.02s Real=0.02s
[2020-12-23T00:34:02.478-0400][gc,heap        ] GC(369213) Heap before GC invocations=369189 (full 10686): garbage-first heap   total 73728K, used 58936K [0x0000000083000000, 0x0000000100000000)
[2020-12-23T00:34:02.478-0400][gc,heap        ] GC(369213)   region size 1024K, 10 young (10240K), 1 survivors (1024K)
[2020-12-23T00:34:02.478-0400][gc,heap        ] GC(369213)  Metaspace       used 61001K, capacity 63721K, committed 64768K, reserved 1107968K
[2020-12-23T00:34:02.479-0400][gc,heap        ] GC(369213)   class space    used 5712K, capacity 6559K, committed 6912K, reserved 1048576K
[2020-12-23T00:34:02.479-0400][gc,start       ] GC(369213) Pause Young (Normal) (G1 Evacuation Pause)
[2020-12-23T00:34:02.479-0400][gc,task        ] GC(369213) Using 4 workers of 4 for evacuation
[2020-12-23T00:34:02.487-0400][gc,phases      ] GC(369213)   Pre Evacuate Collection Set: 0.0ms
[2020-12-23T00:34:02.487-0400][gc,phases      ] GC(369213)   Evacuate Collection Set: 6.1ms
[2020-12-23T00:34:02.487-0400][gc,phases      ] GC(369213)   Post Evacuate Collection Set: 1.9ms
[2020-12-23T00:34:02.488-0400][gc,phases      ] GC(369213)   Other: 1.0ms
[2020-12-23T00:34:02.488-0400][gc,heap        ] GC(369213) Eden regions: 9->0(9)
[2020-12-23T00:34:02.488-0400][gc,heap        ] GC(369213) Survivor regions: 1->1(2)
[2020-12-23T00:34:02.488-0400][gc,heap        ] GC(369213) Old regions: 48->48
[2020-12-23T00:34:02.488-0400][gc,heap        ] GC(369213) Humongous regions: 4->4
[2020-12-23T00:34:02.488-0400][gc,metaspace   ] GC(369213) Metaspace: 61001K->61001K(1107968K)
[2020-12-23T00:34:02.488-0400][gc,heap        ] GC(369213) Heap after GC invocations=369190 (full 10686): garbage-first heap   total 73728K, used 50897K [0x0000000083000000, 0x0000000100000000)
[2020-12-23T00:34:02.488-0400][gc,heap        ] GC(369213)   region size 1024K, 1 young (1024K), 1 survivors (1024K)
[2020-12-23T00:34:02.488-0400][gc,heap        ] GC(369213)  Metaspace       used 61001K, capacity 63721K, committed 64768K, reserved 1107968K
[2020-12-23T00:34:02.488-0400][gc,heap        ] GC(369213)   class space    used 5712K, capacity 6559K, committed 6912K, reserved 1048576K
[2020-12-23T00:34:02.488-0400][gc             ] GC(369213) Pause Young (Normal) (G1 Evacuation Pause) 58M->49M(72M) 9.451ms
[2020-12-23T00:34:02.488-0400][gc,cpu         ] GC(369213) User=0.03s Sys=0.00s Real=0.01s
[2020-12-23T00:34:13.889-0400][gc,heap        ] GC(369214) Heap before GC invocations=369190 (full 10686): garbage-first heap   total 73728K, used 60113K [0x0000000083000000, 0x0000000100000000)
[2020-12-23T00:34:13.890-0400][gc,heap        ] GC(369214)   region size 1024K, 10 young (10240K), 1 survivors (1024K)
[2020-12-23T00:34:13.890-0400][gc,heap        ] GC(369214)  Metaspace       used 61001K, capacity 63721K, committed 64768K, reserved 1107968K
[2020-12-23T00:34:13.890-0400][gc,heap        ] GC(369214)   class space    used 5712K, capacity 6559K, committed 6912K, reserved 1048576K
[2020-12-23T00:34:13.890-0400][gc,start       ] GC(369214) Pause Young (Normal) (G1 Evacuation Pause)
[2020-12-23T00:34:13.890-0400][gc,task        ] GC(369214) Using 4 workers of 4 for evacuation
[2020-12-23T00:34:13.898-0400][gc,phases      ] GC(369214)   Pre Evacuate Collection Set: 0.0ms
[2020-12-23T00:34:13.898-0400][gc,phases      ] GC(369214)   Evacuate Collection Set: 6.1ms
[2020-12-23T00:34:13.898-0400][gc,phases      ] GC(369214)   Post Evacuate Collection Set: 1.7ms
[2020-12-23T00:34:13.898-0400][gc,phases      ] GC(369214)   Other: 1.0ms
[2020-12-23T00:34:13.898-0400][gc,heap        ] GC(369214) Eden regions: 9->0(8)
[2020-12-23T00:34:13.898-0400][gc,heap        ] GC(369214) Survivor regions: 1->2(2)
[2020-12-23T00:34:13.898-0400][gc,heap        ] GC(369214) Old regions: 48->48
[2020-12-23T00:34:13.899-0400][gc,heap        ] GC(369214) Humongous regions: 4->4
[2020-12-23T00:34:13.899-0400][gc,metaspace   ] GC(369214) Metaspace: 61001K->61001K(1107968K)
[2020-12-23T00:34:13.899-0400][gc,heap        ] GC(369214) Heap after GC invocations=369191 (full 10686): garbage-first heap   total 73728K, used 50960K [0x0000000083000000, 0x0000000100000000)
[2020-12-23T00:34:13.899-0400][gc,heap        ] GC(369214)   region size 1024K, 2 young (2048K), 2 survivors (2048K)
[2020-12-23T00:34:13.899-0400][gc,heap        ] GC(369214)  Metaspace       used 61001K, capacity 63721K, committed 64768K, reserved 1107968K
[2020-12-23T00:34:13.899-0400][gc,heap        ] GC(369214)   class space    used 5712K, capacity 6559K, committed 6912K, reserved 1048576K
[2020-12-23T00:34:13.899-0400][gc             ] GC(369214) Pause Young (Normal) (G1 Evacuation Pause) 58M->49M(72M) 9.099ms
[2020-12-23T00:34:13.899-0400][gc,cpu         ] GC(369214) User=0.02s Sys=0.01s Real=0.01s
[2020-12-23T00:34:37.736-0400][gc,heap        ] GC(369215) Heap before GC invocations=369191 (full 10686): garbage-first heap   total 73728K, used 59152K [0x0000000083000000, 0x0000000100000000)
[2020-12-23T00:34:37.736-0400][gc,heap        ] GC(369215)   region size 1024K, 10 young (10240K), 2 survivors (2048K)
[2020-12-23T00:34:37.737-0400][gc,heap        ] GC(369215)  Metaspace       used 61001K, capacity 63721K, committed 64768K, reserved 1107968K
[2020-12-23T00:34:37.737-0400][gc,heap        ] GC(369215)   class space    used 5712K, capacity 6559K, committed 6912K, reserved 1048576K
[2020-12-23T00:34:37.737-0400][gc,start       ] GC(369215) Pause Young (Normal) (G1 Evacuation Pause)
[2020-12-23T00:34:37.737-0400][gc,task        ] GC(369215) Using 4 workers of 4 for evacuation
[2020-12-23T00:34:37.745-0400][gc,phases      ] GC(369215)   Pre Evacuate Collection Set: 0.0ms
[2020-12-23T00:34:37.745-0400][gc,phases      ] GC(369215)   Evacuate Collection Set: 5.9ms
[2020-12-23T00:34:37.745-0400][gc,phases      ] GC(369215)   Post Evacuate Collection Set: 1.8ms
[2020-12-23T00:34:37.745-0400][gc,phases      ] GC(369215)   Other: 1.0ms
[2020-12-23T00:34:37.745-0400][gc,heap        ] GC(369215) Eden regions: 8->0(9)
[2020-12-23T00:34:37.745-0400][gc,heap        ] GC(369215) Survivor regions: 2->1(2)
[2020-12-23T00:34:37.745-0400][gc,heap        ] GC(369215) Old regions: 48->48
[2020-12-23T00:34:37.745-0400][gc,heap        ] GC(369215) Humongous regions: 4->4
[2020-12-23T00:34:37.746-0400][gc,metaspace   ] GC(369215) Metaspace: 61001K->61001K(1107968K)
[2020-12-23T00:34:37.746-0400][gc,heap        ] GC(369215) Heap after GC invocations=369192 (full 10686): garbage-first heap   total 73728K, used 50919K [0x0000000083000000, 0x0000000100000000)
[2020-12-23T00:34:37.746-0400][gc,heap        ] GC(369215)   region size 1024K, 1 young (1024K), 1 survivors (1024K)
[2020-12-23T00:34:37.746-0400][gc,heap        ] GC(369215)  Metaspace       used 61001K, capacity 63721K, committed 64768K, reserved 1107968K
[2020-12-23T00:34:37.746-0400][gc,heap        ] GC(369215)   class space    used 5712K, capacity 6559K, committed 6912K, reserved 1048576K
[2020-12-23T00:34:37.746-0400][gc             ] GC(369215) Pause Young (Normal) (G1 Evacuation Pause) 57M->49M(72M) 9.061ms
[2020-12-23T00:34:37.746-0400][gc,cpu         ] GC(369215) User=0.02s Sys=0.02s Real=0.01s
[2020-12-23T00:35:03.354-0400][gc,heap        ] GC(369216) Heap before GC invocations=369192 (full 10686): garbage-first heap   total 73728K, used 59111K [0x0000000083000000, 0x0000000100000000)
[2020-12-23T00:35:03.354-0400][gc,heap        ] GC(369216)   region size 1024K, 10 young (10240K), 1 survivors (1024K)
[2020-12-23T00:35:03.354-0400][gc,heap        ] GC(369216)  Metaspace       used 61001K, capacity 63721K, committed 64768K, reserved 1107968K
[2020-12-23T00:35:03.354-0400][gc,heap        ] GC(369216)   class space    used 5712K, capacity 6559K, committed 6912K, reserved 1048576K
[2020-12-23T00:35:03.354-0400][gc,start       ] GC(369216) Pause Young (Normal) (G1 Evacuation Pause)
[2020-12-23T00:35:03.354-0400][gc,task        ] GC(369216) Using 4 workers of 4 for evacuation
[2020-12-23T00:35:03.362-0400][gc,phases      ] GC(369216)   Pre Evacuate Collection Set: 0.0ms
[2020-12-23T00:35:03.362-0400][gc,phases      ] GC(369216)   Evacuate Collection Set: 5.6ms
[2020-12-23T00:35:03.362-0400][gc,phases      ] GC(369216)   Post Evacuate Collection Set: 1.7ms
[2020-12-23T00:35:03.362-0400][gc,phases      ] GC(369216)   Other: 0.9ms
[2020-12-23T00:35:03.362-0400][gc,heap        ] GC(369216) Eden regions: 9->0(9)
[2020-12-23T00:35:03.362-0400][gc,heap        ] GC(369216) Survivor regions: 1->1(2)
[2020-12-23T00:35:03.362-0400][gc,heap        ] GC(369216) Old regions: 48->48
[2020-12-23T00:35:03.362-0400][gc,heap        ] GC(369216) Humongous regions: 4->4
[2020-12-23T00:35:03.362-0400][gc,metaspace   ] GC(369216) Metaspace: 61001K->61001K(1107968K)
[2020-12-23T00:35:03.362-0400][gc,heap        ] GC(369216) Heap after GC invocations=369193 (full 10686): garbage-first heap   total 73728K, used 50914K [0x0000000083000000, 0x0000000100000000)
[2020-12-23T00:35:03.362-0400][gc,heap        ] GC(369216)   region size 1024K, 1 young (1024K), 1 survivors (1024K)
[2020-12-23T00:35:03.362-0400][gc,heap        ] GC(369216)  Metaspace       used 61001K, capacity 63721K, committed 64768K, reserved 1107968K
[2020-12-23T00:35:03.362-0400][gc,heap        ] GC(369216)   class space    used 5712K, capacity 6559K, committed 6912K, reserved 1048576K
[2020-12-23T00:35:03.363-0400][gc             ] GC(369216) Pause Young (Normal) (G1 Evacuation Pause) 58M->49M(72M) 8.534ms
[2020-12-23T00:35:03.363-0400][gc,cpu         ] GC(369216) User=0.02s Sys=0.00s Real=0.01s
[2020-12-23T00:35:23.891-0400][gc,heap        ] GC(369217) Heap before GC invocations=369193 (full 10686): garbage-first heap   total 73728K, used 59106K [0x0000000083000000, 0x0000000100000000)
[2020-12-23T00:35:23.891-0400][gc,heap        ] GC(369217)   region size 1024K, 10 young (10240K), 1 survivors (1024K)
[2020-12-23T00:35:23.891-0400][gc,heap        ] GC(369217)  Metaspace       used 61001K, capacity 63721K, committed 64768K, reserved 1107968K
[2020-12-23T00:35:23.891-0400][gc,heap        ] GC(369217)   class space    used 5712K, capacity 6559K, committed 6912K, reserved 1048576K
[2020-12-23T00:35:23.891-0400][gc,start       ] GC(369217) Pause Young (Normal) (G1 Evacuation Pause)
[2020-12-23T00:35:23.891-0400][gc,task        ] GC(369217) Using 4 workers of 4 for evacuation
[2020-12-23T00:35:23.899-0400][gc,phases      ] GC(369217)   Pre Evacuate Collection Set: 0.0ms
[2020-12-23T00:35:23.899-0400][gc,phases      ] GC(369217)   Evacuate Collection Set: 5.3ms
[2020-12-23T00:35:23.899-0400][gc,phases      ] GC(369217)   Post Evacuate Collection Set: 1.7ms
[2020-12-23T00:35:23.899-0400][gc,phases      ] GC(369217)   Other: 1.0ms
[2020-12-23T00:35:23.899-0400][gc,heap        ] GC(369217) Eden regions: 9->0(9)
[2020-12-23T00:35:23.899-0400][gc,heap        ] GC(369217) Survivor regions: 1->1(2)
[2020-12-23T00:35:23.899-0400][gc,heap        ] GC(369217) Old regions: 48->48
[2020-12-23T00:35:23.899-0400][gc,heap        ] GC(369217) Humongous regions: 4->4
[2020-12-23T00:35:23.899-0400][gc,metaspace   ] GC(369217) Metaspace: 61001K->61001K(1107968K)
[2020-12-23T00:35:23.899-0400][gc,heap        ] GC(369217) Heap after GC invocations=369194 (full 10686): garbage-first heap   total 73728K, used 50879K [0x0000000083000000, 0x0000000100000000)
[2020-12-23T00:35:23.899-0400][gc,heap        ] GC(369217)   region size 1024K, 1 young (1024K), 1 survivors (1024K)
[2020-12-23T00:35:23.899-0400][gc,heap        ] GC(369217)  Metaspace       used 61001K, capacity 63721K, committed 64768K, reserved 1107968K
[2020-12-23T00:35:23.899-0400][gc,heap        ] GC(369217)   class space    used 5712K, capacity 6559K, committed 6912K, reserved 1048576K
[2020-12-23T00:35:23.899-0400][gc             ] GC(369217) Pause Young (Normal) (G1 Evacuation Pause) 58M->49M(72M) 8.269ms
[2020-12-23T00:35:23.899-0400][gc,cpu         ] GC(369217) User=0.01s Sys=0.01s Real=0.01s
[2020-12-23T00:35:45.840-0400][gc,heap        ] GC(369218) Heap before GC invocations=369194 (full 10686): garbage-first heap   total 73728K, used 59071K [0x0000000083000000, 0x0000000100000000)
[2020-12-23T00:35:45.840-0400][gc,heap        ] GC(369218)   region size 1024K, 10 young (10240K), 1 survivors (1024K)
[2020-12-23T00:35:45.840-0400][gc,heap        ] GC(369218)  Metaspace       used 61001K, capacity 63721K, committed 64768K, reserved 1107968K
[2020-12-23T00:35:45.840-0400][gc,heap        ] GC(369218)   class space    used 5712K, capacity 6559K, committed 6912K, reserved 1048576K
[2020-12-23T00:35:45.840-0400][gc,start       ] GC(369218) Pause Young (Normal) (G1 Evacuation Pause)
[2020-12-23T00:35:45.840-0400][gc,task        ] GC(369218) Using 4 workers of 4 for evacuation
[2020-12-23T00:35:45.848-0400][gc,phases      ] GC(369218)   Pre Evacuate Collection Set: 0.0ms
[2020-12-23T00:35:45.848-0400][gc,phases      ] GC(369218)   Evacuate Collection Set: 5.9ms
[2020-12-23T00:35:45.848-0400][gc,phases      ] GC(369218)   Post Evacuate Collection Set: 1.4ms
[2020-12-23T00:35:45.848-0400][gc,phases      ] GC(369218)   Other: 0.9ms
[2020-12-23T00:35:45.848-0400][gc,heap        ] GC(369218) Eden regions: 9->0(8)
[2020-12-23T00:35:45.849-0400][gc,heap        ] GC(369218) Survivor regions: 1->1(2)
[2020-12-23T00:35:45.849-0400][gc,heap        ] GC(369218) Old regions: 48->48
[2020-12-23T00:35:45.849-0400][gc,heap        ] GC(369218) Humongous regions: 4->4
[2020-12-23T00:35:45.849-0400][gc,metaspace   ] GC(369218) Metaspace: 61001K->61001K(1107968K)
[2020-12-23T00:35:45.849-0400][gc,heap        ] GC(369218) Heap after GC invocations=369195 (full 10686): garbage-first heap   total 73728K, used 50853K [0x0000000083000000, 0x0000000100000000)
[2020-12-23T00:35:45.849-0400][gc,heap        ] GC(369218)   region size 1024K, 1 young (1024K), 1 survivors (1024K)
[2020-12-23T00:35:45.849-0400][gc,heap        ] GC(369218)  Metaspace       used 61001K, capacity 63721K, committed 64768K, reserved 1107968K
[2020-12-23T00:35:45.849-0400][gc,heap        ] GC(369218)   class space    used 5712K, capacity 6559K, committed 6912K, reserved 1048576K
[2020-12-23T00:35:45.849-0400][gc             ] GC(369218) Pause Young (Normal) (G1 Evacuation Pause) 58M->49M(72M) 8.700ms
[2020-12-23T00:35:45.849-0400][gc,cpu         ] GC(369218) User=0.02s Sys=0.01s Real=0.01s
[2020-12-23T00:35:48.835-0400][gc,heap        ] GC(369219) Heap before GC invocations=369195 (full 10686): garbage-first heap   total 73728K, used 58021K [0x0000000083000000, 0x0000000100000000)
[2020-12-23T00:35:48.835-0400][gc,heap        ] GC(369219)   region size 1024K, 9 young (9216K), 1 survivors (1024K)
[2020-12-23T00:35:48.835-0400][gc,heap        ] GC(369219)  Metaspace       used 61001K, capacity 63721K, committed 64768K, reserved 1107968K
[2020-12-23T00:35:48.835-0400][gc,heap        ] GC(369219)   class space    used 5712K, capacity 6559K, committed 6912K, reserved 1048576K
[2020-12-23T00:35:48.835-0400][gc,start       ] GC(369219) Pause Young (Normal) (G1 Evacuation Pause)
[2020-12-23T00:35:48.835-0400][gc,task        ] GC(369219) Using 4 workers of 4 for evacuation
[2020-12-23T00:35:48.844-0400][gc,phases      ] GC(369219)   Pre Evacuate Collection Set: 0.0ms
[2020-12-23T00:35:48.844-0400][gc,phases      ] GC(369219)   Evacuate Collection Set: 6.6ms
[2020-12-23T00:35:48.844-0400][gc,phases      ] GC(369219)   Post Evacuate Collection Set: 1.5ms
[2020-12-23T00:35:48.844-0400][gc,phases      ] GC(369219)   Other: 0.9ms
[2020-12-23T00:35:48.844-0400][gc,heap        ] GC(369219) Eden regions: 8->0(8)
[2020-12-23T00:35:48.844-0400][gc,heap        ] GC(369219) Survivor regions: 1->1(2)
[2020-12-23T00:35:48.844-0400][gc,heap        ] GC(369219) Old regions: 48->48
[2020-12-23T00:35:48.844-0400][gc,heap        ] GC(369219) Humongous regions: 4->4
[2020-12-23T00:35:48.844-0400][gc,metaspace   ] GC(369219) Metaspace: 61001K->61001K(1107968K)
[2020-12-23T00:35:48.844-0400][gc,heap        ] GC(369219) Heap after GC invocations=369196 (full 10686): garbage-first heap   total 73728K, used 50881K [0x0000000083000000, 0x0000000100000000)
[2020-12-23T00:35:48.844-0400][gc,heap        ] GC(369219)   region size 1024K, 1 young (1024K), 1 survivors (1024K)
[2020-12-23T00:35:48.844-0400][gc,heap        ] GC(369219)  Metaspace       used 61001K, capacity 63721K, committed 64768K, reserved 1107968K
[2020-12-23T00:35:48.844-0400][gc,heap        ] GC(369219)   class space    used 5712K, capacity 6559K, committed 6912K, reserved 1048576K
[2020-12-23T00:35:48.844-0400][gc             ] GC(369219) Pause Young (Normal) (G1 Evacuation Pause) 57M->49M(72M) 9.404ms
[2020-12-23T00:35:48.845-0400][gc,cpu         ] GC(369219) User=0.02s Sys=0.01s Real=0.01s
[2020-12-23T00:35:49.743-0400][gc,heap        ] GC(369220) Heap before GC invocations=369196 (full 10686): garbage-first heap   total 73728K, used 58049K [0x0000000083000000, 0x0000000100000000)
[2020-12-23T00:35:49.743-0400][gc,heap        ] GC(369220)   region size 1024K, 9 young (9216K), 1 survivors (1024K)
[2020-12-23T00:35:49.743-0400][gc,heap        ] GC(369220)  Metaspace       used 61001K, capacity 63721K, committed 64768K, reserved 1107968K
[2020-12-23T00:35:49.743-0400][gc,heap        ] GC(369220)   class space    used 5712K, capacity 6559K, committed 6912K, reserved 1048576K
[2020-12-23T00:35:49.743-0400][gc,start       ] GC(369220) Pause Young (Normal) (G1 Evacuation Pause)
[2020-12-23T00:35:49.743-0400][gc,task        ] GC(369220) Using 4 workers of 4 for evacuation
[2020-12-23T00:35:49.751-0400][gc,phases      ] GC(369220)   Pre Evacuate Collection Set: 0.0ms
[2020-12-23T00:35:49.751-0400][gc,phases      ] GC(369220)   Evacuate Collection Set: 5.7ms
[2020-12-23T00:35:49.751-0400][gc,phases      ] GC(369220)   Post Evacuate Collection Set: 1.4ms
[2020-12-23T00:35:49.751-0400][gc,phases      ] GC(369220)   Other: 0.9ms
[2020-12-23T00:35:49.751-0400][gc,heap        ] GC(369220) Eden regions: 8->0(7)
[2020-12-23T00:35:49.751-0400][gc,heap        ] GC(369220) Survivor regions: 1->2(2)
[2020-12-23T00:35:49.751-0400][gc,heap        ] GC(369220) Old regions: 48->48
[2020-12-23T00:35:49.752-0400][gc,heap        ] GC(369220) Humongous regions: 4->4
[2020-12-23T00:35:49.752-0400][gc,metaspace   ] GC(369220) Metaspace: 61001K->61001K(1107968K)
[2020-12-23T00:35:49.752-0400][gc,heap        ] GC(369220) Heap after GC invocations=369197 (full 10686): garbage-first heap   total 73728K, used 51100K [0x0000000083000000, 0x0000000100000000)
[2020-12-23T00:35:49.752-0400][gc,heap        ] GC(369220)   region size 1024K, 2 young (2048K), 2 survivors (2048K)
[2020-12-23T00:35:49.752-0400][gc,heap        ] GC(369220)  Metaspace       used 61001K, capacity 63721K, committed 64768K, reserved 1107968K
[2020-12-23T00:35:49.752-0400][gc,heap        ] GC(369220)   class space    used 5712K, capacity 6559K, committed 6912K, reserved 1048576K
[2020-12-23T00:35:49.752-0400][gc             ] GC(369220) Pause Young (Normal) (G1 Evacuation Pause) 57M->49M(72M) 8.604ms
[2020-12-23T00:35:49.752-0400][gc,cpu         ] GC(369220) User=0.03s Sys=0.00s Real=0.01s
[2020-12-23T00:35:51.093-0400][gc,heap        ] GC(369221) Heap before GC invocations=369197 (full 10686): garbage-first heap   total 73728K, used 58268K [0x0000000083000000, 0x0000000100000000)
[2020-12-23T00:35:51.093-0400][gc,heap        ] GC(369221)   region size 1024K, 9 young (9216K), 2 survivors (2048K)
[2020-12-23T00:35:51.093-0400][gc,heap        ] GC(369221)  Metaspace       used 61001K, capacity 63721K, committed 64768K, reserved 1107968K
[2020-12-23T00:35:51.093-0400][gc,heap        ] GC(369221)   class space    used 5712K, capacity 6559K, committed 6912K, reserved 1048576K
[2020-12-23T00:35:51.093-0400][gc,start       ] GC(369221) Pause Young (Normal) (G1 Evacuation Pause)
[2020-12-23T00:35:51.093-0400][gc,task        ] GC(369221) Using 4 workers of 4 for evacuation
[2020-12-23T00:35:51.100-0400][gc,phases      ] GC(369221)   Pre Evacuate Collection Set: 0.0ms
[2020-12-23T00:35:51.100-0400][gc,phases      ] GC(369221)   Evacuate Collection Set: 5.3ms
[2020-12-23T00:35:51.100-0400][gc,phases      ] GC(369221)   Post Evacuate Collection Set: 1.2ms
[2020-12-23T00:35:51.100-0400][gc,phases      ] GC(369221)   Other: 0.8ms
[2020-12-23T00:35:51.100-0400][gc,heap        ] GC(369221) Eden regions: 7->0(8)
[2020-12-23T00:35:51.100-0400][gc,heap        ] GC(369221) Survivor regions: 2->1(2)
[2020-12-23T00:35:51.100-0400][gc,heap        ] GC(369221) Old regions: 48->48
[2020-12-23T00:35:51.100-0400][gc,heap        ] GC(369221) Humongous regions: 4->4
[2020-12-23T00:35:51.100-0400][gc,metaspace   ] GC(369221) Metaspace: 61001K->61001K(1107968K)
[2020-12-23T00:35:51.100-0400][gc,heap        ] GC(369221) Heap after GC invocations=369198 (full 10686): garbage-first heap   total 73728K, used 50885K [0x0000000083000000, 0x0000000100000000)
[2020-12-23T00:35:51.101-0400][gc,heap        ] GC(369221)   region size 1024K, 1 young (1024K), 1 survivors (1024K)
[2020-12-23T00:35:51.101-0400][gc,heap        ] GC(369221)  Metaspace       used 61001K, capacity 63721K, committed 64768K, reserved 1107968K
[2020-12-23T00:35:51.101-0400][gc,heap        ] GC(369221)   class space    used 5712K, capacity 6559K, committed 6912K, reserved 1048576K
[2020-12-23T00:35:51.101-0400][gc             ] GC(369221) Pause Young (Normal) (G1 Evacuation Pause) 56M->49M(72M) 7.753ms
[2020-12-23T00:35:51.101-0400][gc,cpu         ] GC(369221) User=0.02s Sys=0.01s Real=0.01s
[2020-12-23T00:35:52.431-0400][gc,heap        ] GC(369222) Heap before GC invocations=369198 (full 10686): garbage-first heap   total 73728K, used 59077K [0x0000000083000000, 0x0000000100000000)
[2020-12-23T00:35:52.432-0400][gc,heap        ] GC(369222)   region size 1024K, 9 young (9216K), 1 survivors (1024K)
[2020-12-23T00:35:52.432-0400][gc,heap        ] GC(369222)  Metaspace       used 61001K, capacity 63721K, committed 64768K, reserved 1107968K
[2020-12-23T00:35:52.432-0400][gc,heap        ] GC(369222)   class space    used 5712K, capacity 6559K, committed 6912K, reserved 1048576K
[2020-12-23T00:35:52.432-0400][gc,start       ] GC(369222) Pause Young (Normal) (G1 Evacuation Pause)
[2020-12-23T00:35:52.432-0400][gc,task        ] GC(369222) Using 4 workers of 4 for evacuation
[2020-12-23T00:35:52.438-0400][gc,phases      ] GC(369222)   Pre Evacuate Collection Set: 0.0ms
[2020-12-23T00:35:52.438-0400][gc,phases      ] GC(369222)   Evacuate Collection Set: 4.3ms
[2020-12-23T00:35:52.438-0400][gc,phases      ] GC(369222)   Post Evacuate Collection Set: 1.1ms
[2020-12-23T00:35:52.438-0400][gc,phases      ] GC(369222)   Other: 0.9ms
[2020-12-23T00:35:52.438-0400][gc,heap        ] GC(369222) Eden regions: 8->0(8)
[2020-12-23T00:35:52.438-0400][gc,heap        ] GC(369222) Survivor regions: 1->1(2)
[2020-12-23T00:35:52.438-0400][gc,heap        ] GC(369222) Old regions: 48->48
[2020-12-23T00:35:52.438-0400][gc,heap        ] GC(369222) Humongous regions: 4->4
[2020-12-23T00:35:52.438-0400][gc,metaspace   ] GC(369222) Metaspace: 61001K->61001K(1107968K)
[2020-12-23T00:35:52.438-0400][gc,heap        ] GC(369222) Heap after GC invocations=369199 (full 10686): garbage-first heap   total 73728K, used 50893K [0x0000000083000000, 0x0000000100000000)
[2020-12-23T00:35:52.439-0400][gc,heap        ] GC(369222)   region size 1024K, 1 young (1024K), 1 survivors (1024K)
[2020-12-23T00:35:52.439-0400][gc,heap        ] GC(369222)  Metaspace       used 61001K, capacity 63721K, committed 64768K, reserved 1107968K
[2020-12-23T00:35:52.439-0400][gc,heap        ] GC(369222)   class space    used 5712K, capacity 6559K, committed 6912K, reserved 1048576K
[2020-12-23T00:35:52.439-0400][gc             ] GC(369222) Pause Young (Normal) (G1 Evacuation Pause) 57M->49M(72M) 6.940ms
[2020-12-23T00:35:52.439-0400][gc,cpu         ] GC(369222) User=0.02s Sys=0.00s Real=0.01s
[2020-12-23T00:35:54.282-0400][gc,heap        ] GC(369223) Heap before GC invocations=369199 (full 10686): garbage-first heap   total 73728K, used 58061K [0x0000000083000000, 0x0000000100000000)
[2020-12-23T00:35:54.282-0400][gc,heap        ] GC(369223)   region size 1024K, 9 young (9216K), 1 survivors (1024K)
[2020-12-23T00:35:54.282-0400][gc,heap        ] GC(369223)  Metaspace       used 61001K, capacity 63721K, committed 64768K, reserved 1107968K
[2020-12-23T00:35:54.283-0400][gc,heap        ] GC(369223)   class space    used 5712K, capacity 6559K, committed 6912K, reserved 1048576K
[2020-12-23T00:35:54.283-0400][gc,start       ] GC(369223) Pause Young (Normal) (G1 Evacuation Pause)
[2020-12-23T00:35:54.283-0400][gc,task        ] GC(369223) Using 4 workers of 4 for evacuation
[2020-12-23T00:35:54.289-0400][gc,phases      ] GC(369223)   Pre Evacuate Collection Set: 0.0ms
[2020-12-23T00:35:54.289-0400][gc,phases      ] GC(369223)   Evacuate Collection Set: 4.4ms
[2020-12-23T00:35:54.289-0400][gc,phases      ] GC(369223)   Post Evacuate Collection Set: 1.2ms
[2020-12-23T00:35:54.289-0400][gc,phases      ] GC(369223)   Other: 0.9ms
[2020-12-23T00:35:54.289-0400][gc,heap        ] GC(369223) Eden regions: 8->0(8)
[2020-12-23T00:35:54.289-0400][gc,heap        ] GC(369223) Survivor regions: 1->1(2)
[2020-12-23T00:35:54.289-0400][gc,heap        ] GC(369223) Old regions: 48->48
[2020-12-23T00:35:54.289-0400][gc,heap        ] GC(369223) Humongous regions: 4->4
[2020-12-23T00:35:54.289-0400][gc,metaspace   ] GC(369223) Metaspace: 61001K->61001K(1107968K)
[2020-12-23T00:35:54.289-0400][gc,heap        ] GC(369223) Heap after GC invocations=369200 (full 10686): garbage-first heap   total 73728K, used 50833K [0x0000000083000000, 0x0000000100000000)
[2020-12-23T00:35:54.289-0400][gc,heap        ] GC(369223)   region size 1024K, 1 young (1024K), 1 survivors (1024K)
[2020-12-23T00:35:54.289-0400][gc,heap        ] GC(369223)  Metaspace       used 61001K, capacity 63721K, committed 64768K, reserved 1107968K
[2020-12-23T00:35:54.289-0400][gc,heap        ] GC(369223)   class space    used 5712K, capacity 6559K, committed 6912K, reserved 1048576K
[2020-12-23T00:35:54.290-0400][gc             ] GC(369223) Pause Young (Normal) (G1 Evacuation Pause) 57M->49M(72M) 6.800ms
[2020-12-23T00:35:54.290-0400][gc,cpu         ] GC(369223) User=0.02s Sys=0.00s Real=0.01s
[2020-12-23T00:35:55.610-0400][gc,heap        ] GC(369224) Heap before GC invocations=369200 (full 10686): garbage-first heap   total 73728K, used 59025K [0x0000000083000000, 0x0000000100000000)
[2020-12-23T00:35:55.610-0400][gc,heap        ] GC(369224)   region size 1024K, 9 young (9216K), 1 survivors (1024K)
[2020-12-23T00:35:55.610-0400][gc,heap        ] GC(369224)  Metaspace       used 61001K, capacity 63721K, committed 64768K, reserved 1107968K
[2020-12-23T00:35:55.610-0400][gc,heap        ] GC(369224)   class space    used 5712K, capacity 6559K, committed 6912K, reserved 1048576K
[2020-12-23T00:35:55.610-0400][gc,start       ] GC(369224) Pause Young (Normal) (G1 Evacuation Pause)
[2020-12-23T00:35:55.610-0400][gc,task        ] GC(369224) Using 4 workers of 4 for evacuation
[2020-12-23T00:35:55.617-0400][gc,phases      ] GC(369224)   Pre Evacuate Collection Set: 0.0ms
[2020-12-23T00:35:55.617-0400][gc,phases      ] GC(369224)   Evacuate Collection Set: 4.9ms
[2020-12-23T00:35:55.617-0400][gc,phases      ] GC(369224)   Post Evacuate Collection Set: 1.1ms
[2020-12-23T00:35:55.617-0400][gc,phases      ] GC(369224)   Other: 1.0ms
[2020-12-23T00:35:55.617-0400][gc,heap        ] GC(369224) Eden regions: 8->0(8)
[2020-12-23T00:35:55.617-0400][gc,heap        ] GC(369224) Survivor regions: 1->1(2)
[2020-12-23T00:35:55.617-0400][gc,heap        ] GC(369224) Old regions: 48->48
[2020-12-23T00:35:55.617-0400][gc,heap        ] GC(369224) Humongous regions: 4->4
[2020-12-23T00:35:55.617-0400][gc,metaspace   ] GC(369224) Metaspace: 61001K->61001K(1107968K)
[2020-12-23T00:35:55.617-0400][gc,heap        ] GC(369224) Heap after GC invocations=369201 (full 10686): garbage-first heap   total 73728K, used 50864K [0x0000000083000000, 0x0000000100000000)
[2020-12-23T00:35:55.617-0400][gc,heap        ] GC(369224)   region size 1024K, 1 young (1024K), 1 survivors (1024K)
[2020-12-23T00:35:55.617-0400][gc,heap        ] GC(369224)  Metaspace       used 61001K, capacity 63721K, committed 64768K, reserved 1107968K
[2020-12-23T00:35:55.617-0400][gc,heap        ] GC(369224)   class space    used 5712K, capacity 6559K, committed 6912K, reserved 1048576K
[2020-12-23T00:35:55.617-0400][gc             ] GC(369224) Pause Young (Normal) (G1 Evacuation Pause) 57M->49M(72M) 7.376ms
[2020-12-23T00:35:55.618-0400][gc,cpu         ] GC(369224) User=0.01s Sys=0.01s Real=0.01s
[2020-12-23T00:35:57.321-0400][gc,heap        ] GC(369225) Heap before GC invocations=369201 (full 10686): garbage-first heap   total 73728K, used 58032K [0x0000000083000000, 0x0000000100000000)
[2020-12-23T00:35:57.321-0400][gc,heap        ] GC(369225)   region size 1024K, 9 young (9216K), 1 survivors (1024K)
[2020-12-23T00:35:57.321-0400][gc,heap        ] GC(369225)  Metaspace       used 61001K, capacity 63721K, committed 64768K, reserved 1107968K
[2020-12-23T00:35:57.321-0400][gc,heap        ] GC(369225)   class space    used 5712K, capacity 6559K, committed 6912K, reserved 1048576K
[2020-12-23T00:35:57.321-0400][gc,start       ] GC(369225) Pause Young (Normal) (G1 Evacuation Pause)
[2020-12-23T00:35:57.321-0400][gc,task        ] GC(369225) Using 4 workers of 4 for evacuation
[2020-12-23T00:35:57.330-0400][gc,phases      ] GC(369225)   Pre Evacuate Collection Set: 0.0ms
[2020-12-23T00:35:57.330-0400][gc,phases      ] GC(369225)   Evacuate Collection Set: 6.6ms
[2020-12-23T00:35:57.330-0400][gc,phases      ] GC(369225)   Post Evacuate Collection Set: 1.5ms
[2020-12-23T00:35:57.330-0400][gc,phases      ] GC(369225)   Other: 0.9ms
[2020-12-23T00:35:57.330-0400][gc,heap        ] GC(369225) Eden regions: 8->0(8)
[2020-12-23T00:35:57.330-0400][gc,heap        ] GC(369225) Survivor regions: 1->1(2)
[2020-12-23T00:35:57.330-0400][gc,heap        ] GC(369225) Old regions: 48->48
[2020-12-23T00:35:57.330-0400][gc,heap        ] GC(369225) Humongous regions: 4->4
[2020-12-23T00:35:57.330-0400][gc,metaspace   ] GC(369225) Metaspace: 61001K->61001K(1107968K)
[2020-12-23T00:35:57.330-0400][gc,heap        ] GC(369225) Heap after GC invocations=369202 (full 10686): garbage-first heap   total 73728K, used 50808K [0x0000000083000000, 0x0000000100000000)
[2020-12-23T00:35:57.331-0400][gc,heap        ] GC(369225)   region size 1024K, 1 young (1024K), 1 survivors (1024K)
[2020-12-23T00:35:57.331-0400][gc,heap        ] GC(369225)  Metaspace       used 61001K, capacity 63721K, committed 64768K, reserved 1107968K
[2020-12-23T00:35:57.331-0400][gc,heap        ] GC(369225)   class space    used 5712K, capacity 6559K, committed 6912K, reserved 1048576K
[2020-12-23T00:35:57.331-0400][gc             ] GC(369225) Pause Young (Normal) (G1 Evacuation Pause) 57M->49M(72M) 9.445ms
[2020-12-23T00:35:57.331-0400][gc,cpu         ] GC(369225) User=0.03s Sys=0.00s Real=0.01s
[2020-12-23T00:36:10.162-0400][gc,heap        ] GC(369226) Heap before GC invocations=369202 (full 10686): garbage-first heap   total 73728K, used 57976K [0x0000000083000000, 0x0000000100000000)
[2020-12-23T00:36:10.162-0400][gc,heap        ] GC(369226)   region size 1024K, 9 young (9216K), 1 survivors (1024K)
[2020-12-23T00:36:10.162-0400][gc,heap        ] GC(369226)  Metaspace       used 61001K, capacity 63721K, committed 64768K, reserved 1107968K
[2020-12-23T00:36:10.162-0400][gc,heap        ] GC(369226)   class space    used 5712K, capacity 6559K, committed 6912K, reserved 1048576K
[2020-12-23T00:36:10.162-0400][gc,start       ] GC(369226) Pause Young (Normal) (G1 Evacuation Pause)
[2020-12-23T00:36:10.162-0400][gc,task        ] GC(369226) Using 4 workers of 4 for evacuation
[2020-12-23T00:36:10.169-0400][gc,phases      ] GC(369226)   Pre Evacuate Collection Set: 0.0ms
[2020-12-23T00:36:10.169-0400][gc,phases      ] GC(369226)   Evacuate Collection Set: 4.4ms
[2020-12-23T00:36:10.169-0400][gc,phases      ] GC(369226)   Post Evacuate Collection Set: 1.4ms
[2020-12-23T00:36:10.169-0400][gc,phases      ] GC(369226)   Other: 0.9ms
[2020-12-23T00:36:10.169-0400][gc,heap        ] GC(369226) Eden regions: 8->0(8)
[2020-12-23T00:36:10.169-0400][gc,heap        ] GC(369226) Survivor regions: 1->1(2)
[2020-12-23T00:36:10.169-0400][gc,heap        ] GC(369226) Old regions: 48->48
[2020-12-23T00:36:10.169-0400][gc,heap        ] GC(369226) Humongous regions: 4->4
[2020-12-23T00:36:10.169-0400][gc,metaspace   ] GC(369226) Metaspace: 61001K->61001K(1107968K)
[2020-12-23T00:36:10.169-0400][gc,heap        ] GC(369226) Heap after GC invocations=369203 (full 10686): garbage-first heap   total 73728K, used 50824K [0x0000000083000000, 0x0000000100000000)
[2020-12-23T00:36:10.169-0400][gc,heap        ] GC(369226)   region size 1024K, 1 young (1024K), 1 survivors (1024K)
[2020-12-23T00:36:10.169-0400][gc,heap        ] GC(369226)  Metaspace       used 61001K, capacity 63721K, committed 64768K, reserved 1107968K
[2020-12-23T00:36:10.169-0400][gc,heap        ] GC(369226)   class space    used 5712K, capacity 6559K, committed 6912K, reserved 1048576K
[2020-12-23T00:36:10.169-0400][gc             ] GC(369226) Pause Young (Normal) (G1 Evacuation Pause) 57M->49M(72M) 7.072ms
[2020-12-23T00:36:10.169-0400][gc,cpu         ] GC(369226) User=0.02s Sys=0.01s Real=0.01s
[2020-12-23T00:36:26.048-0400][gc,heap        ] GC(369227) Heap before GC invocations=369203 (full 10686): garbage-first heap   total 73728K, used 57992K [0x0000000083000000, 0x0000000100000000)
[2020-12-23T00:36:26.048-0400][gc,heap        ] GC(369227)   region size 1024K, 9 young (9216K), 1 survivors (1024K)
[2020-12-23T00:36:26.049-0400][gc,heap        ] GC(369227)  Metaspace       used 61001K, capacity 63721K, committed 64768K, reserved 1107968K
[2020-12-23T00:36:26.049-0400][gc,heap        ] GC(369227)   class space    used 5712K, capacity 6559K, committed 6912K, reserved 1048576K
[2020-12-23T00:36:26.049-0400][gc,start       ] GC(369227) Pause Young (Normal) (G1 Evacuation Pause)
[2020-12-23T00:36:26.049-0400][gc,task        ] GC(369227) Using 4 workers of 4 for evacuation
[2020-12-23T00:36:26.056-0400][gc,phases      ] GC(369227)   Pre Evacuate Collection Set: 0.0ms
[2020-12-23T00:36:26.056-0400][gc,phases      ] GC(369227)   Evacuate Collection Set: 5.0ms
[2020-12-23T00:36:26.056-0400][gc,phases      ] GC(369227)   Post Evacuate Collection Set: 1.5ms
[2020-12-23T00:36:26.056-0400][gc,phases      ] GC(369227)   Other: 1.0ms
[2020-12-23T00:36:26.056-0400][gc,heap        ] GC(369227) Eden regions: 8->0(8)
[2020-12-23T00:36:26.056-0400][gc,heap        ] GC(369227) Survivor regions: 1->1(2)
[2020-12-23T00:36:26.056-0400][gc,heap        ] GC(369227) Old regions: 48->48
[2020-12-23T00:36:26.056-0400][gc,heap        ] GC(369227) Humongous regions: 4->4
[2020-12-23T00:36:26.057-0400][gc,metaspace   ] GC(369227) Metaspace: 61001K->61001K(1107968K)
[2020-12-23T00:36:26.057-0400][gc,heap        ] GC(369227) Heap after GC invocations=369204 (full 10686): garbage-first heap   total 73728K, used 50752K [0x0000000083000000, 0x0000000100000000)
[2020-12-23T00:36:26.057-0400][gc,heap        ] GC(369227)   region size 1024K, 1 young (1024K), 1 survivors (1024K)
[2020-12-23T00:36:26.057-0400][gc,heap        ] GC(369227)  Metaspace       used 61001K, capacity 63721K, committed 64768K, reserved 1107968K
[2020-12-23T00:36:26.057-0400][gc,heap        ] GC(369227)   class space    used 5712K, capacity 6559K, committed 6912K, reserved 1048576K
[2020-12-23T00:36:26.057-0400][gc             ] GC(369227) Pause Young (Normal) (G1 Evacuation Pause) 57M->49M(72M) 8.050ms
[2020-12-23T00:36:26.057-0400][gc,cpu         ] GC(369227) User=0.01s Sys=0.01s Real=0.01s
[2020-12-23T00:36:50.019-0400][gc,heap        ] GC(369228) Heap before GC invocations=369204 (full 10686): garbage-first heap   total 73728K, used 57920K [0x0000000083000000, 0x0000000100000000)
[2020-12-23T00:36:50.019-0400][gc,heap        ] GC(369228)   region size 1024K, 9 young (9216K), 1 survivors (1024K)
[2020-12-23T00:36:50.019-0400][gc,heap        ] GC(369228)  Metaspace       used 61001K, capacity 63721K, committed 64768K, reserved 1107968K
[2020-12-23T00:36:50.019-0400][gc,heap        ] GC(369228)   class space    used 5712K, capacity 6559K, committed 6912K, reserved 1048576K
[2020-12-23T00:36:50.019-0400][gc,start       ] GC(369228) Pause Young (Normal) (G1 Evacuation Pause)
[2020-12-23T00:36:50.019-0400][gc,task        ] GC(369228) Using 4 workers of 4 for evacuation
[2020-12-23T00:36:50.026-0400][gc,phases      ] GC(369228)   Pre Evacuate Collection Set: 0.0ms
[2020-12-23T00:36:50.026-0400][gc,phases      ] GC(369228)   Evacuate Collection Set: 3.9ms
[2020-12-23T00:36:50.026-0400][gc,phases      ] GC(369228)   Post Evacuate Collection Set: 1.6ms
[2020-12-23T00:36:50.026-0400][gc,phases      ] GC(369228)   Other: 1.0ms
[2020-12-23T00:36:50.026-0400][gc,heap        ] GC(369228) Eden regions: 8->0(8)
[2020-12-23T00:36:50.026-0400][gc,heap        ] GC(369228) Survivor regions: 1->1(2)
[2020-12-23T00:36:50.026-0400][gc,heap        ] GC(369228) Old regions: 48->48
[2020-12-23T00:36:50.026-0400][gc,heap        ] GC(369228) Humongous regions: 4->4
[2020-12-23T00:36:50.026-0400][gc,metaspace   ] GC(369228) Metaspace: 61001K->61001K(1107968K)
[2020-12-23T00:36:50.026-0400][gc,heap        ] GC(369228) Heap after GC invocations=369205 (full 10686): garbage-first heap   total 73728K, used 50666K [0x0000000083000000, 0x0000000100000000)
[2020-12-23T00:36:50.026-0400][gc,heap        ] GC(369228)   region size 1024K, 1 young (1024K), 1 survivors (1024K)
[2020-12-23T00:36:50.026-0400][gc,heap        ] GC(369228)  Metaspace       used 61001K, capacity 63721K, committed 64768K, reserved 1107968K
[2020-12-23T00:36:50.026-0400][gc,heap        ] GC(369228)   class space    used 5712K, capacity 6559K, committed 6912K, reserved 1048576K
[2020-12-23T00:36:50.026-0400][gc             ] GC(369228) Pause Young (Normal) (G1 Evacuation Pause) 57M->49M(72M) 6.879ms
[2020-12-23T00:36:50.026-0400][gc,cpu         ] GC(369228) User=0.01s Sys=0.00s Real=0.01s
[2020-12-23T00:36:50.924-0400][gc,task        ] GC(369229) Using 3 workers of 4 for full compaction
[2020-12-23T00:36:50.924-0400][gc,start       ] GC(369229) Pause Full (System.gc())
[2020-12-23T00:36:50.924-0400][gc,heap        ] GC(369229) Heap before GC invocations=369205 (full 10686): garbage-first heap   total 73728K, used 50666K [0x0000000083000000, 0x0000000100000000)
[2020-12-23T00:36:50.924-0400][gc,heap        ] GC(369229)   region size 1024K, 2 young (2048K), 1 survivors (1024K)
[2020-12-23T00:36:50.924-0400][gc,heap        ] GC(369229)  Metaspace       used 61001K, capacity 63721K, committed 64768K, reserved 1107968K
[2020-12-23T00:36:50.924-0400][gc,heap        ] GC(369229)   class space    used 5712K, capacity 6559K, committed 6912K, reserved 1048576K
[2020-12-23T00:36:50.927-0400][gc,phases,start] GC(369229) Phase 1: Mark live objects
[2020-12-23T00:36:51.068-0400][gc,stringtable ] GC(369229) Cleaned string and symbol table, strings: 32200 processed, 0 removed, symbols: 131451 processed, 0 removed
[2020-12-23T00:36:51.069-0400][gc,phases      ] GC(369229) Phase 1: Mark live objects 141.680ms
[2020-12-23T00:36:51.069-0400][gc,phases,start] GC(369229) Phase 2: Prepare for compaction
[2020-12-23T00:36:51.098-0400][gc,phases      ] GC(369229) Phase 2: Prepare for compaction 29.674ms
[2020-12-23T00:36:51.098-0400][gc,phases,start] GC(369229) Phase 3: Adjust pointers
[2020-12-23T00:36:51.178-0400][gc,phases      ] GC(369229) Phase 3: Adjust pointers 79.367ms
[2020-12-23T00:36:51.178-0400][gc,phases,start] GC(369229) Phase 4: Compact heap
[2020-12-23T00:36:51.201-0400][gc,phases      ] GC(369229) Phase 4: Compact heap 23.395ms
[2020-12-23T00:36:51.237-0400][gc,heap        ] GC(369229) Eden regions: 1->0(9)
[2020-12-23T00:36:51.237-0400][gc,heap        ] GC(369229) Survivor regions: 1->0(2)
[2020-12-23T00:36:51.237-0400][gc,heap        ] GC(369229) Old regions: 48->47
[2020-12-23T00:36:51.237-0400][gc,heap        ] GC(369229) Humongous regions: 4->4
[2020-12-23T00:36:51.237-0400][gc,metaspace   ] GC(369229) Metaspace: 61001K->61001K(1107968K)
[2020-12-23T00:36:51.237-0400][gc,heap        ] GC(369229) Heap after GC invocations=369206 (full 10687): garbage-first heap   total 73728K, used 48869K [0x0000000083000000, 0x0000000100000000)
[2020-12-23T00:36:51.237-0400][gc,heap        ] GC(369229)   region size 1024K, 0 young (0K), 0 survivors (0K)
[2020-12-23T00:36:51.237-0400][gc,heap        ] GC(369229)  Metaspace       used 61001K, capacity 63721K, committed 64768K, reserved 1107968K
[2020-12-23T00:36:51.237-0400][gc,heap        ] GC(369229)   class space    used 5712K, capacity 6559K, committed 6912K, reserved 1048576K
[2020-12-23T00:36:51.238-0400][gc             ] GC(369229) Pause Full (System.gc()) 50M->47M(72M) 313.670ms
[2020-12-23T00:36:51.239-0400][gc,cpu         ] GC(369229) User=0.84s Sys=0.00s Real=0.32s
[2020-12-23T00:37:04.524-0400][gc,heap        ] GC(369230) Heap before GC invocations=369206 (full 10687): garbage-first heap   total 73728K, used 57061K [0x0000000083000000, 0x0000000100000000)
[2020-12-23T00:37:04.524-0400][gc,heap        ] GC(369230)   region size 1024K, 9 young (9216K), 0 survivors (0K)
[2020-12-23T00:37:04.524-0400][gc,heap        ] GC(369230)  Metaspace       used 61001K, capacity 63721K, committed 64768K, reserved 1107968K
[2020-12-23T00:37:04.524-0400][gc,heap        ] GC(369230)   class space    used 5712K, capacity 6559K, committed 6912K, reserved 1048576K
[2020-12-23T00:37:04.525-0400][gc,start       ] GC(369230) Pause Young (Normal) (G1 Evacuation Pause)
[2020-12-23T00:37:04.525-0400][gc,task        ] GC(369230) Using 4 workers of 4 for evacuation
[2020-12-23T00:37:04.530-0400][gc,phases      ] GC(369230)   Pre Evacuate Collection Set: 0.0ms
[2020-12-23T00:37:04.530-0400][gc,phases      ] GC(369230)   Evacuate Collection Set: 3.1ms
[2020-12-23T00:37:04.530-0400][gc,phases      ] GC(369230)   Post Evacuate Collection Set: 1.7ms
[2020-12-23T00:37:04.530-0400][gc,phases      ] GC(369230)   Other: 0.9ms
[2020-12-23T00:37:04.530-0400][gc,heap        ] GC(369230) Eden regions: 9->0(9)
[2020-12-23T00:37:04.530-0400][gc,heap        ] GC(369230) Survivor regions: 0->1(2)
[2020-12-23T00:37:04.530-0400][gc,heap        ] GC(369230) Old regions: 47->47
[2020-12-23T00:37:04.530-0400][gc,heap        ] GC(369230) Humongous regions: 4->4
[2020-12-23T00:37:04.530-0400][gc,metaspace   ] GC(369230) Metaspace: 61001K->61001K(1107968K)
[2020-12-23T00:37:04.530-0400][gc,heap        ] GC(369230) Heap after GC invocations=369207 (full 10687): garbage-first heap   total 73728K, used 49177K [0x0000000083000000, 0x0000000100000000)
[2020-12-23T00:37:04.531-0400][gc,heap        ] GC(369230)   region size 1024K, 1 young (1024K), 1 survivors (1024K)
[2020-12-23T00:37:04.531-0400][gc,heap        ] GC(369230)  Metaspace       used 61001K, capacity 63721K, committed 64768K, reserved 1107968K
[2020-12-23T00:37:04.531-0400][gc,heap        ] GC(369230)   class space    used 5712K, capacity 6559K, committed 6912K, reserved 1048576K
[2020-12-23T00:37:04.531-0400][gc             ] GC(369230) Pause Young (Normal) (G1 Evacuation Pause) 56M->48M(72M) 6.280ms
[2020-12-23T00:37:04.531-0400][gc,cpu         ] GC(369230) User=0.01s Sys=0.01s Real=0.01s
[2020-12-23T00:37:37.070-0400][gc,heap        ] GC(369231) Heap before GC invocations=369207 (full 10687): garbage-first heap   total 73728K, used 57369K [0x0000000083000000, 0x0000000100000000)
[2020-12-23T00:37:37.070-0400][gc,heap        ] GC(369231)   region size 1024K, 10 young (10240K), 1 survivors (1024K)
[2020-12-23T00:37:37.070-0400][gc,heap        ] GC(369231)  Metaspace       used 61001K, capacity 63721K, committed 64768K, reserved 1107968K
[2020-12-23T00:37:37.070-0400][gc,heap        ] GC(369231)   class space    used 5712K, capacity 6559K, committed 6912K, reserved 1048576K
[2020-12-23T00:37:37.070-0400][gc,start       ] GC(369231) Pause Young (Normal) (G1 Evacuation Pause)
[2020-12-23T00:37:37.070-0400][gc,task        ] GC(369231) Using 4 workers of 4 for evacuation
[2020-12-23T00:37:37.076-0400][gc,phases      ] GC(369231)   Pre Evacuate Collection Set: 0.0ms
[2020-12-23T00:37:37.076-0400][gc,phases      ] GC(369231)   Evacuate Collection Set: 3.3ms
[2020-12-23T00:37:37.076-0400][gc,phases      ] GC(369231)   Post Evacuate Collection Set: 1.7ms
[2020-12-23T00:37:37.076-0400][gc,phases      ] GC(369231)   Other: 0.9ms
[2020-12-23T00:37:37.076-0400][gc,heap        ] GC(369231) Eden regions: 9->0(9)
[2020-12-23T00:37:37.076-0400][gc,heap        ] GC(369231) Survivor regions: 1->1(2)
[2020-12-23T00:37:37.076-0400][gc,heap        ] GC(369231) Old regions: 47->47
[2020-12-23T00:37:37.076-0400][gc,heap        ] GC(369231) Humongous regions: 4->4
[2020-12-23T00:37:37.076-0400][gc,metaspace   ] GC(369231) Metaspace: 61001K->61001K(1107968K)
[2020-12-23T00:37:37.076-0400][gc,heap        ] GC(369231) Heap after GC invocations=369208 (full 10687): garbage-first heap   total 73728K, used 49216K [0x0000000083000000, 0x0000000100000000)
[2020-12-23T00:37:37.077-0400][gc,heap        ] GC(369231)   region size 1024K, 1 young (1024K), 1 survivors (1024K)
[2020-12-23T00:37:37.077-0400][gc,heap        ] GC(369231)  Metaspace       used 61001K, capacity 63721K, committed 64768K, reserved 1107968K
[2020-12-23T00:37:37.077-0400][gc,heap        ] GC(369231)   class space    used 5712K, capacity 6559K, committed 6912K, reserved 1048576K
[2020-12-23T00:37:37.077-0400][gc             ] GC(369231) Pause Young (Normal) (G1 Evacuation Pause) 57M->48M(72M) 6.314ms
[2020-12-23T00:37:37.077-0400][gc,cpu         ] GC(369231) User=0.00s Sys=0.01s Real=0.01s
[2020-12-23T00:38:01.591-0400][gc,heap        ] GC(369232) Heap before GC invocations=369208 (full 10687): garbage-first heap   total 73728K, used 57408K [0x0000000083000000, 0x0000000100000000)
[2020-12-23T00:38:01.591-0400][gc,heap        ] GC(369232)   region size 1024K, 10 young (10240K), 1 survivors (1024K)
[2020-12-23T00:38:01.591-0400][gc,heap        ] GC(369232)  Metaspace       used 61001K, capacity 63721K, committed 64768K, reserved 1107968K
[2020-12-23T00:38:01.591-0400][gc,heap        ] GC(369232)   class space    used 5712K, capacity 6559K, committed 6912K, reserved 1048576K
[2020-12-23T00:38:01.591-0400][gc,start       ] GC(369232) Pause Young (Normal) (G1 Evacuation Pause)
[2020-12-23T00:38:01.591-0400][gc,task        ] GC(369232) Using 4 workers of 4 for evacuation
[2020-12-23T00:38:01.597-0400][gc,phases      ] GC(369232)   Pre Evacuate Collection Set: 0.0ms
[2020-12-23T00:38:01.597-0400][gc,phases      ] GC(369232)   Evacuate Collection Set: 3.9ms
[2020-12-23T00:38:01.597-0400][gc,phases      ] GC(369232)   Post Evacuate Collection Set: 1.5ms
[2020-12-23T00:38:01.597-0400][gc,phases      ] GC(369232)   Other: 0.9ms
[2020-12-23T00:38:01.597-0400][gc,heap        ] GC(369232) Eden regions: 9->0(9)
[2020-12-23T00:38:01.597-0400][gc,heap        ] GC(369232) Survivor regions: 1->1(2)
[2020-12-23T00:38:01.597-0400][gc,heap        ] GC(369232) Old regions: 47->47
[2020-12-23T00:38:01.597-0400][gc,heap        ] GC(369232) Humongous regions: 4->4
[2020-12-23T00:38:01.597-0400][gc,metaspace   ] GC(369232) Metaspace: 61001K->61001K(1107968K)
[2020-12-23T00:38:01.597-0400][gc,heap        ] GC(369232) Heap after GC invocations=369209 (full 10687): garbage-first heap   total 73728K, used 49431K [0x0000000083000000, 0x0000000100000000)
[2020-12-23T00:38:01.598-0400][gc,heap        ] GC(369232)   region size 1024K, 1 young (1024K), 1 survivors (1024K)
[2020-12-23T00:38:01.598-0400][gc,heap        ] GC(369232)  Metaspace       used 61001K, capacity 63721K, committed 64768K, reserved 1107968K
[2020-12-23T00:38:01.598-0400][gc,heap        ] GC(369232)   class space    used 5712K, capacity 6559K, committed 6912K, reserved 1048576K
[2020-12-23T00:38:01.598-0400][gc             ] GC(369232) Pause Young (Normal) (G1 Evacuation Pause) 57M->48M(72M) 6.813ms
[2020-12-23T00:38:01.598-0400][gc,cpu         ] GC(369232) User=0.02s Sys=0.00s Real=0.01s
[2020-12-23T00:38:25.969-0400][gc,heap        ] GC(369233) Heap before GC invocations=369209 (full 10687): garbage-first heap   total 73728K, used 57623K [0x0000000083000000, 0x0000000100000000)
[2020-12-23T00:38:25.969-0400][gc,heap        ] GC(369233)   region size 1024K, 10 young (10240K), 1 survivors (1024K)
[2020-12-23T00:38:25.969-0400][gc,heap        ] GC(369233)  Metaspace       used 61001K, capacity 63721K, committed 64768K, reserved 1107968K
[2020-12-23T00:38:25.969-0400][gc,heap        ] GC(369233)   class space    used 5712K, capacity 6559K, committed 6912K, reserved 1048576K
[2020-12-23T00:38:25.970-0400][gc,start       ] GC(369233) Pause Young (Normal) (G1 Evacuation Pause)
[2020-12-23T00:38:25.970-0400][gc,task        ] GC(369233) Using 4 workers of 4 for evacuation
[2020-12-23T00:38:25.976-0400][gc,phases      ] GC(369233)   Pre Evacuate Collection Set: 0.0ms
[2020-12-23T00:38:25.976-0400][gc,phases      ] GC(369233)   Evacuate Collection Set: 3.8ms
[2020-12-23T00:38:25.976-0400][gc,phases      ] GC(369233)   Post Evacuate Collection Set: 1.8ms
[2020-12-23T00:38:25.976-0400][gc,phases      ] GC(369233)   Other: 0.9ms
[2020-12-23T00:38:25.976-0400][gc,heap        ] GC(369233) Eden regions: 9->0(9)
[2020-12-23T00:38:25.976-0400][gc,heap        ] GC(369233) Survivor regions: 1->1(2)
[2020-12-23T00:38:25.976-0400][gc,heap        ] GC(369233) Old regions: 47->47
[2020-12-23T00:38:25.976-0400][gc,heap        ] GC(369233) Humongous regions: 4->4
[2020-12-23T00:38:25.976-0400][gc,metaspace   ] GC(369233) Metaspace: 61001K->61001K(1107968K)
[2020-12-23T00:38:25.976-0400][gc,heap        ] GC(369233) Heap after GC invocations=369210 (full 10687): garbage-first heap   total 73728K, used 49348K [0x0000000083000000, 0x0000000100000000)
[2020-12-23T00:38:25.976-0400][gc,heap        ] GC(369233)   region size 1024K, 1 young (1024K), 1 survivors (1024K)
[2020-12-23T00:38:25.976-0400][gc,heap        ] GC(369233)  Metaspace       used 61001K, capacity 63721K, committed 64768K, reserved 1107968K
[2020-12-23T00:38:25.976-0400][gc,heap        ] GC(369233)   class space    used 5712K, capacity 6559K, committed 6912K, reserved 1048576K
[2020-12-23T00:38:25.977-0400][gc             ] GC(369233) Pause Young (Normal) (G1 Evacuation Pause) 57M->48M(72M) 6.988ms
[2020-12-23T00:38:25.977-0400][gc,cpu         ] GC(369233) User=0.01s Sys=0.01s Real=0.01s
[2020-12-23T00:38:51.878-0400][gc,heap        ] GC(369234) Heap before GC invocations=369210 (full 10687): garbage-first heap   total 73728K, used 57540K [0x0000000083000000, 0x0000000100000000)
[2020-12-23T00:38:51.878-0400][gc,heap        ] GC(369234)   region size 1024K, 10 young (10240K), 1 survivors (1024K)
[2020-12-23T00:38:51.879-0400][gc,heap        ] GC(369234)  Metaspace       used 61001K, capacity 63721K, committed 64768K, reserved 1107968K
[2020-12-23T00:38:51.879-0400][gc,heap        ] GC(369234)   class space    used 5712K, capacity 6559K, committed 6912K, reserved 1048576K
[2020-12-23T00:38:51.879-0400][gc,start       ] GC(369234) Pause Young (Normal) (G1 Evacuation Pause)
[2020-12-23T00:38:51.879-0400][gc,task        ] GC(369234) Using 4 workers of 4 for evacuation
[2020-12-23T00:38:51.885-0400][gc,phases      ] GC(369234)   Pre Evacuate Collection Set: 0.0ms
[2020-12-23T00:38:51.885-0400][gc,phases      ] GC(369234)   Evacuate Collection Set: 4.2ms
[2020-12-23T00:38:51.885-0400][gc,phases      ] GC(369234)   Post Evacuate Collection Set: 1.7ms
[2020-12-23T00:38:51.885-0400][gc,phases      ] GC(369234)   Other: 1.0ms
[2020-12-23T00:38:51.885-0400][gc,heap        ] GC(369234) Eden regions: 9->0(9)
[2020-12-23T00:38:51.886-0400][gc,heap        ] GC(369234) Survivor regions: 1->1(2)
[2020-12-23T00:38:51.886-0400][gc,heap        ] GC(369234) Old regions: 47->47
[2020-12-23T00:38:51.886-0400][gc,heap        ] GC(369234) Humongous regions: 4->4
[2020-12-23T00:38:51.886-0400][gc,metaspace   ] GC(369234) Metaspace: 61001K->61001K(1107968K)
[2020-12-23T00:38:51.886-0400][gc,heap        ] GC(369234) Heap after GC invocations=369211 (full 10687): garbage-first heap   total 73728K, used 49413K [0x0000000083000000, 0x0000000100000000)
[2020-12-23T00:38:51.886-0400][gc,heap        ] GC(369234)   region size 1024K, 1 young (1024K), 1 survivors (1024K)
[2020-12-23T00:38:51.886-0400][gc,heap        ] GC(369234)  Metaspace       used 61001K, capacity 63721K, committed 64768K, reserved 1107968K
[2020-12-23T00:38:51.886-0400][gc,heap        ] GC(369234)   class space    used 5712K, capacity 6559K, committed 6912K, reserved 1048576K
[2020-12-23T00:38:51.886-0400][gc             ] GC(369234) Pause Young (Normal) (G1 Evacuation Pause) 57M->48M(72M) 7.247ms
[2020-12-23T00:38:51.886-0400][gc,cpu         ] GC(369234) User=0.01s Sys=0.01s Real=0.01s
[2020-12-23T00:38:53.823-0400][gc,heap        ] GC(369235) Heap before GC invocations=369211 (full 10687): garbage-first heap   total 73728K, used 57605K [0x0000000083000000, 0x0000000100000000)
[2020-12-23T00:38:53.823-0400][gc,heap        ] GC(369235)   region size 1024K, 10 young (10240K), 1 survivors (1024K)
[2020-12-23T00:38:53.823-0400][gc,heap        ] GC(369235)  Metaspace       used 61001K, capacity 63721K, committed 64768K, reserved 1107968K
[2020-12-23T00:38:53.823-0400][gc,heap        ] GC(369235)   class space    used 5712K, capacity 6559K, committed 6912K, reserved 1048576K
[2020-12-23T00:38:53.823-0400][gc,start       ] GC(369235) Pause Young (Normal) (G1 Evacuation Pause)
[2020-12-23T00:38:53.824-0400][gc,task        ] GC(369235) Using 4 workers of 4 for evacuation
[2020-12-23T00:38:53.831-0400][gc,phases      ] GC(369235)   Pre Evacuate Collection Set: 0.0ms
[2020-12-23T00:38:53.831-0400][gc,phases      ] GC(369235)   Evacuate Collection Set: 4.7ms
[2020-12-23T00:38:53.831-0400][gc,phases      ] GC(369235)   Post Evacuate Collection Set: 1.8ms
[2020-12-23T00:38:53.831-0400][gc,phases      ] GC(369235)   Other: 1.2ms
[2020-12-23T00:38:53.831-0400][gc,heap        ] GC(369235) Eden regions: 9->0(9)
[2020-12-23T00:38:53.831-0400][gc,heap        ] GC(369235) Survivor regions: 1->1(2)
[2020-12-23T00:38:53.831-0400][gc,heap        ] GC(369235) Old regions: 47->47
[2020-12-23T00:38:53.831-0400][gc,heap        ] GC(369235) Humongous regions: 4->4
[2020-12-23T00:38:53.831-0400][gc,metaspace   ] GC(369235) Metaspace: 61001K->61001K(1107968K)
[2020-12-23T00:38:53.831-0400][gc,heap        ] GC(369235) Heap after GC invocations=369212 (full 10687): garbage-first heap   total 73728K, used 49390K [0x0000000083000000, 0x0000000100000000)
[2020-12-23T00:38:53.831-0400][gc,heap        ] GC(369235)   region size 1024K, 1 young (1024K), 1 survivors (1024K)
[2020-12-23T00:38:53.832-0400][gc,heap        ] GC(369235)  Metaspace       used 61001K, capacity 63721K, committed 64768K, reserved 1107968K
[2020-12-23T00:38:53.832-0400][gc,heap        ] GC(369235)   class space    used 5712K, capacity 6559K, committed 6912K, reserved 1048576K
[2020-12-23T00:38:53.832-0400][gc             ] GC(369235) Pause Young (Normal) (G1 Evacuation Pause) 57M->48M(72M) 8.419ms
[2020-12-23T00:38:53.832-0400][gc,cpu         ] GC(369235) User=0.01s Sys=0.01s Real=0.01s
[2020-12-23T00:39:02.583-0400][gc,heap        ] GC(369236) Heap before GC invocations=369212 (full 10687): garbage-first heap   total 73728K, used 57582K [0x0000000083000000, 0x0000000100000000)
[2020-12-23T00:39:02.584-0400][gc,heap        ] GC(369236)   region size 1024K, 10 young (10240K), 1 survivors (1024K)
[2020-12-23T00:39:02.584-0400][gc,heap        ] GC(369236)  Metaspace       used 61001K, capacity 63721K, committed 64768K, reserved 1107968K
[2020-12-23T00:39:02.584-0400][gc,heap        ] GC(369236)   class space    used 5712K, capacity 6559K, committed 6912K, reserved 1048576K
[2020-12-23T00:39:02.584-0400][gc,start       ] GC(369236) Pause Young (Normal) (G1 Evacuation Pause)
[2020-12-23T00:39:02.584-0400][gc,task        ] GC(369236) Using 4 workers of 4 for evacuation
[2020-12-23T00:39:02.600-0400][gc,phases      ] GC(369236)   Pre Evacuate Collection Set: 0.0ms
[2020-12-23T00:39:02.600-0400][gc,phases      ] GC(369236)   Evacuate Collection Set: 6.8ms
[2020-12-23T00:39:02.600-0400][gc,phases      ] GC(369236)   Post Evacuate Collection Set: 8.6ms
[2020-12-23T00:39:02.600-0400][gc,phases      ] GC(369236)   Other: 1.0ms
[2020-12-23T00:39:02.600-0400][gc,heap        ] GC(369236) Eden regions: 9->0(9)
[2020-12-23T00:39:02.600-0400][gc,heap        ] GC(369236) Survivor regions: 1->1(2)
[2020-12-23T00:39:02.600-0400][gc,heap        ] GC(369236) Old regions: 47->47
[2020-12-23T00:39:02.600-0400][gc,heap        ] GC(369236) Humongous regions: 4->4
[2020-12-23T00:39:02.600-0400][gc,metaspace   ] GC(369236) Metaspace: 61001K->61001K(1107968K)
[2020-12-23T00:39:02.600-0400][gc,heap        ] GC(369236) Heap after GC invocations=369213 (full 10687): garbage-first heap   total 73728K, used 49616K [0x0000000083000000, 0x0000000100000000)
[2020-12-23T00:39:02.600-0400][gc,heap        ] GC(369236)   region size 1024K, 1 young (1024K), 1 survivors (1024K)
[2020-12-23T00:39:02.600-0400][gc,heap        ] GC(369236)  Metaspace       used 61001K, capacity 63721K, committed 64768K, reserved 1107968K
[2020-12-23T00:39:02.600-0400][gc,heap        ] GC(369236)   class space    used 5712K, capacity 6559K, committed 6912K, reserved 1048576K
[2020-12-23T00:39:02.601-0400][gc             ] GC(369236) Pause Young (Normal) (G1 Evacuation Pause) 57M->48M(72M) 16.741ms
[2020-12-23T00:39:02.601-0400][gc,cpu         ] GC(369236) User=0.03s Sys=0.01s Real=0.02s
[2020-12-23T00:39:23.890-0400][gc,heap        ] GC(369237) Heap before GC invocations=369213 (full 10687): garbage-first heap   total 73728K, used 57808K [0x0000000083000000, 0x0000000100000000)
[2020-12-23T00:39:23.890-0400][gc,heap        ] GC(369237)   region size 1024K, 10 young (10240K), 1 survivors (1024K)
[2020-12-23T00:39:23.891-0400][gc,heap        ] GC(369237)  Metaspace       used 61001K, capacity 63721K, committed 64768K, reserved 1107968K
[2020-12-23T00:39:23.891-0400][gc,heap        ] GC(369237)   class space    used 5712K, capacity 6559K, committed 6912K, reserved 1048576K
[2020-12-23T00:39:23.891-0400][gc,start       ] GC(369237) Pause Young (Normal) (G1 Evacuation Pause)
[2020-12-23T00:39:23.891-0400][gc,task        ] GC(369237) Using 4 workers of 4 for evacuation
[2020-12-23T00:39:23.897-0400][gc,phases      ] GC(369237)   Pre Evacuate Collection Set: 0.0ms
[2020-12-23T00:39:23.897-0400][gc,phases      ] GC(369237)   Evacuate Collection Set: 4.4ms
[2020-12-23T00:39:23.898-0400][gc,phases      ] GC(369237)   Post Evacuate Collection Set: 1.7ms
[2020-12-23T00:39:23.898-0400][gc,phases      ] GC(369237)   Other: 0.9ms
[2020-12-23T00:39:23.898-0400][gc,heap        ] GC(369237) Eden regions: 9->0(9)
[2020-12-23T00:39:23.898-0400][gc,heap        ] GC(369237) Survivor regions: 1->1(2)
[2020-12-23T00:39:23.898-0400][gc,heap        ] GC(369237) Old regions: 47->47
[2020-12-23T00:39:23.898-0400][gc,heap        ] GC(369237) Humongous regions: 4->4
[2020-12-23T00:39:23.898-0400][gc,metaspace   ] GC(369237) Metaspace: 61001K->61001K(1107968K)
[2020-12-23T00:39:23.898-0400][gc,heap        ] GC(369237) Heap after GC invocations=369214 (full 10687): garbage-first heap   total 73728K, used 49529K [0x0000000083000000, 0x0000000100000000)
[2020-12-23T00:39:23.898-0400][gc,heap        ] GC(369237)   region size 1024K, 1 young (1024K), 1 survivors (1024K)
[2020-12-23T00:39:23.898-0400][gc,heap        ] GC(369237)  Metaspace       used 61001K, capacity 63721K, committed 64768K, reserved 1107968K
[2020-12-23T00:39:23.898-0400][gc,heap        ] GC(369237)   class space    used 5712K, capacity 6559K, committed 6912K, reserved 1048576K
[2020-12-23T00:39:23.898-0400][gc             ] GC(369237) Pause Young (Normal) (G1 Evacuation Pause) 57M->48M(72M) 7.472ms
[2020-12-23T00:39:23.898-0400][gc,cpu         ] GC(369237) User=0.02s Sys=0.00s Real=0.01s
[2020-12-23T00:39:50.035-0400][gc,heap        ] GC(369238) Heap before GC invocations=369214 (full 10687): garbage-first heap   total 73728K, used 57721K [0x0000000083000000, 0x0000000100000000)
[2020-12-23T00:39:50.035-0400][gc,heap        ] GC(369238)   region size 1024K, 10 young (10240K), 1 survivors (1024K)
[2020-12-23T00:39:50.035-0400][gc,heap        ] GC(369238)  Metaspace       used 61001K, capacity 63721K, committed 64768K, reserved 1107968K
[2020-12-23T00:39:50.036-0400][gc,heap        ] GC(369238)   class space    used 5712K, capacity 6559K, committed 6912K, reserved 1048576K
[2020-12-23T00:39:50.036-0400][gc,start       ] GC(369238) Pause Young (Normal) (G1 Evacuation Pause)
[2020-12-23T00:39:50.036-0400][gc,task        ] GC(369238) Using 4 workers of 4 for evacuation
[2020-12-23T00:39:50.042-0400][gc,phases      ] GC(369238)   Pre Evacuate Collection Set: 0.0ms
[2020-12-23T00:39:50.042-0400][gc,phases      ] GC(369238)   Evacuate Collection Set: 4.2ms
[2020-12-23T00:39:50.042-0400][gc,phases      ] GC(369238)   Post Evacuate Collection Set: 1.8ms
[2020-12-23T00:39:50.043-0400][gc,phases      ] GC(369238)   Other: 0.9ms
[2020-12-23T00:39:50.043-0400][gc,heap        ] GC(369238) Eden regions: 9->0(9)
[2020-12-23T00:39:50.043-0400][gc,heap        ] GC(369238) Survivor regions: 1->1(2)
[2020-12-23T00:39:50.043-0400][gc,heap        ] GC(369238) Old regions: 47->47
[2020-12-23T00:39:50.043-0400][gc,heap        ] GC(369238) Humongous regions: 4->4
[2020-12-23T00:39:50.043-0400][gc,metaspace   ] GC(369238) Metaspace: 61001K->61001K(1107968K)
[2020-12-23T00:39:50.043-0400][gc,heap        ] GC(369238) Heap after GC invocations=369215 (full 10687): garbage-first heap   total 73728K, used 49458K [0x0000000083000000, 0x0000000100000000)
[2020-12-23T00:39:50.043-0400][gc,heap        ] GC(369238)   region size 1024K, 1 young (1024K), 1 survivors (1024K)
[2020-12-23T00:39:50.043-0400][gc,heap        ] GC(369238)  Metaspace       used 61001K, capacity 63721K, committed 64768K, reserved 1107968K
[2020-12-23T00:39:50.043-0400][gc,heap        ] GC(369238)   class space    used 5712K, capacity 6559K, committed 6912K, reserved 1048576K
[2020-12-23T00:39:50.043-0400][gc             ] GC(369238) Pause Young (Normal) (G1 Evacuation Pause) 57M->48M(72M) 7.307ms
[2020-12-23T00:39:50.043-0400][gc,cpu         ] GC(369238) User=0.01s Sys=0.02s Real=0.00s
[2020-12-23T00:40:03.281-0400][gc,heap        ] GC(369239) Heap before GC invocations=369215 (full 10687): garbage-first heap   total 73728K, used 57650K [0x0000000083000000, 0x0000000100000000)
[2020-12-23T00:40:03.281-0400][gc,heap        ] GC(369239)   region size 1024K, 10 young (10240K), 1 survivors (1024K)
[2020-12-23T00:40:03.281-0400][gc,heap        ] GC(369239)  Metaspace       used 61001K, capacity 63721K, committed 64768K, reserved 1107968K
[2020-12-23T00:40:03.281-0400][gc,heap        ] GC(369239)   class space    used 5712K, capacity 6559K, committed 6912K, reserved 1048576K
[2020-12-23T00:40:03.282-0400][gc,start       ] GC(369239) Pause Young (Normal) (G1 Evacuation Pause)
[2020-12-23T00:40:03.282-0400][gc,task        ] GC(369239) Using 4 workers of 4 for evacuation
[2020-12-23T00:40:03.288-0400][gc,phases      ] GC(369239)   Pre Evacuate Collection Set: 0.0ms
[2020-12-23T00:40:03.288-0400][gc,phases      ] GC(369239)   Evacuate Collection Set: 4.7ms
[2020-12-23T00:40:03.289-0400][gc,phases      ] GC(369239)   Post Evacuate Collection Set: 1.4ms
[2020-12-23T00:40:03.289-0400][gc,phases      ] GC(369239)   Other: 0.9ms
[2020-12-23T00:40:03.289-0400][gc,heap        ] GC(369239) Eden regions: 9->0(9)
[2020-12-23T00:40:03.289-0400][gc,heap        ] GC(369239) Survivor regions: 1->1(2)
[2020-12-23T00:40:03.289-0400][gc,heap        ] GC(369239) Old regions: 47->47
[2020-12-23T00:40:03.289-0400][gc,heap        ] GC(369239) Humongous regions: 4->4
[2020-12-23T00:40:03.289-0400][gc,metaspace   ] GC(369239) Metaspace: 61001K->61001K(1107968K)
[2020-12-23T00:40:03.289-0400][gc,heap        ] GC(369239) Heap after GC invocations=369216 (full 10687): garbage-first heap   total 73728K, used 49669K [0x0000000083000000, 0x0000000100000000)
[2020-12-23T00:40:03.289-0400][gc,heap        ] GC(369239)   region size 1024K, 1 young (1024K), 1 survivors (1024K)
[2020-12-23T00:40:03.289-0400][gc,heap        ] GC(369239)  Metaspace       used 61001K, capacity 63721K, committed 64768K, reserved 1107968K
[2020-12-23T00:40:03.289-0400][gc,heap        ] GC(369239)   class space    used 5712K, capacity 6559K, committed 6912K, reserved 1048576K
[2020-12-23T00:40:03.289-0400][gc             ] GC(369239) Pause Young (Normal) (G1 Evacuation Pause) 57M->48M(72M) 7.577ms
[2020-12-23T00:40:03.289-0400][gc,cpu         ] GC(369239) User=0.02s Sys=0.00s Real=0.01s
[2020-12-23T00:40:23.890-0400][gc,heap        ] GC(369240) Heap before GC invocations=369216 (full 10687): garbage-first heap   total 73728K, used 58885K [0x0000000083000000, 0x0000000100000000)
[2020-12-23T00:40:23.890-0400][gc,heap        ] GC(369240)   region size 1024K, 10 young (10240K), 1 survivors (1024K)
[2020-12-23T00:40:23.890-0400][gc,heap        ] GC(369240)  Metaspace       used 61001K, capacity 63721K, committed 64768K, reserved 1107968K
[2020-12-23T00:40:23.890-0400][gc,heap        ] GC(369240)   class space    used 5712K, capacity 6559K, committed 6912K, reserved 1048576K
[2020-12-23T00:40:23.890-0400][gc,start       ] GC(369240) Pause Young (Normal) (G1 Evacuation Pause)
[2020-12-23T00:40:23.891-0400][gc,task        ] GC(369240) Using 4 workers of 4 for evacuation
[2020-12-23T00:40:23.897-0400][gc,phases      ] GC(369240)   Pre Evacuate Collection Set: 0.0ms
[2020-12-23T00:40:23.897-0400][gc,phases      ] GC(369240)   Evacuate Collection Set: 4.3ms
[2020-12-23T00:40:23.897-0400][gc,phases      ] GC(369240)   Post Evacuate Collection Set: 1.5ms
[2020-12-23T00:40:23.897-0400][gc,phases      ] GC(369240)   Other: 0.9ms
[2020-12-23T00:40:23.897-0400][gc,heap        ] GC(369240) Eden regions: 9->0(9)
[2020-12-23T00:40:23.897-0400][gc,heap        ] GC(369240) Survivor regions: 1->1(2)
[2020-12-23T00:40:23.897-0400][gc,heap        ] GC(369240) Old regions: 47->47
[2020-12-23T00:40:23.897-0400][gc,heap        ] GC(369240) Humongous regions: 4->4
[2020-12-23T00:40:23.897-0400][gc,metaspace   ] GC(369240) Metaspace: 61001K->61001K(1107968K)
[2020-12-23T00:40:23.897-0400][gc,heap        ] GC(369240) Heap after GC invocations=369217 (full 10687): garbage-first heap   total 73728K, used 49585K [0x0000000083000000, 0x0000000100000000)
[2020-12-23T00:40:23.897-0400][gc,heap        ] GC(369240)   region size 1024K, 1 young (1024K), 1 survivors (1024K)
[2020-12-23T00:40:23.897-0400][gc,heap        ] GC(369240)  Metaspace       used 61001K, capacity 63721K, committed 64768K, reserved 1107968K
[2020-12-23T00:40:23.897-0400][gc,heap        ] GC(369240)   class space    used 5712K, capacity 6559K, committed 6912K, reserved 1048576K
[2020-12-23T00:40:23.898-0400][gc             ] GC(369240) Pause Young (Normal) (G1 Evacuation Pause) 57M->48M(72M) 7.029ms
[2020-12-23T00:40:23.898-0400][gc,cpu         ] GC(369240) User=0.01s Sys=0.02s Real=0.01s
[2020-12-23T00:40:34.915-0400][gc,heap        ] GC(369241) Heap before GC invocations=369217 (full 10687): garbage-first heap   total 73728K, used 57777K [0x0000000083000000, 0x0000000100000000)
[2020-12-23T00:40:34.915-0400][gc,heap        ] GC(369241)   region size 1024K, 10 young (10240K), 1 survivors (1024K)
[2020-12-23T00:40:34.915-0400][gc,heap        ] GC(369241)  Metaspace       used 61001K, capacity 63721K, committed 64768K, reserved 1107968K
[2020-12-23T00:40:34.915-0400][gc,heap        ] GC(369241)   class space    used 5712K, capacity 6559K, committed 6912K, reserved 1048576K
[2020-12-23T00:40:34.915-0400][gc,start       ] GC(369241) Pause Young (Normal) (G1 Evacuation Pause)
[2020-12-23T00:40:34.915-0400][gc,task        ] GC(369241) Using 4 workers of 4 for evacuation
[2020-12-23T00:40:34.921-0400][gc,phases      ] GC(369241)   Pre Evacuate Collection Set: 0.0ms
[2020-12-23T00:40:34.921-0400][gc,phases      ] GC(369241)   Evacuate Collection Set: 4.0ms
[2020-12-23T00:40:34.921-0400][gc,phases      ] GC(369241)   Post Evacuate Collection Set: 1.3ms
[2020-12-23T00:40:34.921-0400][gc,phases      ] GC(369241)   Other: 1.0ms
[2020-12-23T00:40:34.921-0400][gc,heap        ] GC(369241) Eden regions: 9->0(9)
[2020-12-23T00:40:34.921-0400][gc,heap        ] GC(369241) Survivor regions: 1->1(2)
[2020-12-23T00:40:34.921-0400][gc,heap        ] GC(369241) Old regions: 47->47
[2020-12-23T00:40:34.921-0400][gc,heap        ] GC(369241) Humongous regions: 4->4
[2020-12-23T00:40:34.921-0400][gc,metaspace   ] GC(369241) Metaspace: 61001K->61001K(1107968K)
[2020-12-23T00:40:34.921-0400][gc,heap        ] GC(369241) Heap after GC invocations=369218 (full 10687): garbage-first heap   total 73728K, used 49431K [0x0000000083000000, 0x0000000100000000)
[2020-12-23T00:40:34.921-0400][gc,heap        ] GC(369241)   region size 1024K, 1 young (1024K), 1 survivors (1024K)
[2020-12-23T00:40:34.921-0400][gc,heap        ] GC(369241)  Metaspace       used 61001K, capacity 63721K, committed 64768K, reserved 1107968K
[2020-12-23T00:40:34.921-0400][gc,heap        ] GC(369241)   class space    used 5712K, capacity 6559K, committed 6912K, reserved 1048576K
[2020-12-23T00:40:34.922-0400][gc             ] GC(369241) Pause Young (Normal) (G1 Evacuation Pause) 57M->48M(72M) 6.495ms
[2020-12-23T00:40:34.922-0400][gc,cpu         ] GC(369241) User=0.01s Sys=0.01s Real=0.01s
[2020-12-23T00:40:57.558-0400][gc,heap        ] GC(369242) Heap before GC invocations=369218 (full 10687): garbage-first heap   total 73728K, used 57623K [0x0000000083000000, 0x0000000100000000)
[2020-12-23T00:40:57.558-0400][gc,heap        ] GC(369242)   region size 1024K, 10 young (10240K), 1 survivors (1024K)
[2020-12-23T00:40:57.558-0400][gc,heap        ] GC(369242)  Metaspace       used 61001K, capacity 63721K, committed 64768K, reserved 1107968K
[2020-12-23T00:40:57.558-0400][gc,heap        ] GC(369242)   class space    used 5712K, capacity 6559K, committed 6912K, reserved 1048576K
[2020-12-23T00:40:57.558-0400][gc,start       ] GC(369242) Pause Young (Normal) (G1 Evacuation Pause)
[2020-12-23T00:40:57.558-0400][gc,task        ] GC(369242) Using 4 workers of 4 for evacuation
[2020-12-23T00:40:57.566-0400][gc,phases      ] GC(369242)   Pre Evacuate Collection Set: 0.4ms
[2020-12-23T00:40:57.566-0400][gc,phases      ] GC(369242)   Evacuate Collection Set: 4.8ms
[2020-12-23T00:40:57.566-0400][gc,phases      ] GC(369242)   Post Evacuate Collection Set: 1.6ms
[2020-12-23T00:40:57.566-0400][gc,phases      ] GC(369242)   Other: 0.9ms
[2020-12-23T00:40:57.566-0400][gc,heap        ] GC(369242) Eden regions: 9->0(9)
[2020-12-23T00:40:57.566-0400][gc,heap        ] GC(369242) Survivor regions: 1->1(2)
[2020-12-23T00:40:57.566-0400][gc,heap        ] GC(369242) Old regions: 47->47
[2020-12-23T00:40:57.566-0400][gc,heap        ] GC(369242) Humongous regions: 4->4
[2020-12-23T00:40:57.566-0400][gc,metaspace   ] GC(369242) Metaspace: 61001K->61001K(1107968K)
[2020-12-23T00:40:57.566-0400][gc,heap        ] GC(369242) Heap after GC invocations=369219 (full 10687): garbage-first heap   total 73728K, used 49513K [0x0000000083000000, 0x0000000100000000)
[2020-12-23T00:40:57.566-0400][gc,heap        ] GC(369242)   region size 1024K, 1 young (1024K), 1 survivors (1024K)
[2020-12-23T00:40:57.566-0400][gc,heap        ] GC(369242)  Metaspace       used 61001K, capacity 63721K, committed 64768K, reserved 1107968K
[2020-12-23T00:40:57.566-0400][gc,heap        ] GC(369242)   class space    used 5712K, capacity 6559K, committed 6912K, reserved 1048576K
[2020-12-23T00:40:57.567-0400][gc             ] GC(369242) Pause Young (Normal) (G1 Evacuation Pause) 57M->48M(72M) 8.327ms
[2020-12-23T00:40:57.567-0400][gc,cpu         ] GC(369242) User=0.02s Sys=0.00s Real=0.01s
[2020-12-23T00:41:05.078-0400][gc,heap        ] GC(369243) Heap before GC invocations=369219 (full 10687): garbage-first heap   total 73728K, used 57705K [0x0000000083000000, 0x0000000100000000)
[2020-12-23T00:41:05.079-0400][gc,heap        ] GC(369243)   region size 1024K, 10 young (10240K), 1 survivors (1024K)
[2020-12-23T00:41:05.079-0400][gc,heap        ] GC(369243)  Metaspace       used 61001K, capacity 63721K, committed 64768K, reserved 1107968K
[2020-12-23T00:41:05.079-0400][gc,heap        ] GC(369243)   class space    used 5712K, capacity 6559K, committed 6912K, reserved 1048576K
[2020-12-23T00:41:05.079-0400][gc,start       ] GC(369243) Pause Young (Normal) (G1 Evacuation Pause)
[2020-12-23T00:41:05.079-0400][gc,task        ] GC(369243) Using 4 workers of 4 for evacuation
[2020-12-23T00:41:05.086-0400][gc,phases      ] GC(369243)   Pre Evacuate Collection Set: 0.0ms
[2020-12-23T00:41:05.086-0400][gc,phases      ] GC(369243)   Evacuate Collection Set: 4.4ms
[2020-12-23T00:41:05.086-0400][gc,phases      ] GC(369243)   Post Evacuate Collection Set: 1.8ms
[2020-12-23T00:41:05.086-0400][gc,phases      ] GC(369243)   Other: 0.9ms
[2020-12-23T00:41:05.086-0400][gc,heap        ] GC(369243) Eden regions: 9->0(9)
[2020-12-23T00:41:05.086-0400][gc,heap        ] GC(369243) Survivor regions: 1->1(2)
[2020-12-23T00:41:05.086-0400][gc,heap        ] GC(369243) Old regions: 47->47
[2020-12-23T00:41:05.086-0400][gc,heap        ] GC(369243) Humongous regions: 4->4
[2020-12-23T00:41:05.086-0400][gc,metaspace   ] GC(369243) Metaspace: 61001K->61001K(1107968K)
[2020-12-23T00:41:05.086-0400][gc,heap        ] GC(369243) Heap after GC invocations=369220 (full 10687): garbage-first heap   total 73728K, used 49616K [0x0000000083000000, 0x0000000100000000)
[2020-12-23T00:41:05.086-0400][gc,heap        ] GC(369243)   region size 1024K, 1 young (1024K), 1 survivors (1024K)
[2020-12-23T00:41:05.086-0400][gc,heap        ] GC(369243)  Metaspace       used 61001K, capacity 63721K, committed 64768K, reserved 1107968K
[2020-12-23T00:41:05.086-0400][gc,heap        ] GC(369243)   class space    used 5712K, capacity 6559K, committed 6912K, reserved 1048576K
[2020-12-23T00:41:05.086-0400][gc             ] GC(369243) Pause Young (Normal) (G1 Evacuation Pause) 57M->48M(72M) 7.513ms
[2020-12-23T00:41:05.086-0400][gc,cpu         ] GC(369243) User=0.02s Sys=0.01s Real=0.01s
[2020-12-23T00:41:33.876-0400][gc,heap        ] GC(369244) Heap before GC invocations=369220 (full 10687): garbage-first heap   total 73728K, used 57808K [0x0000000083000000, 0x0000000100000000)
[2020-12-23T00:41:33.876-0400][gc,heap        ] GC(369244)   region size 1024K, 10 young (10240K), 1 survivors (1024K)
[2020-12-23T00:41:33.876-0400][gc,heap        ] GC(369244)  Metaspace       used 61001K, capacity 63721K, committed 64768K, reserved 1107968K
[2020-12-23T00:41:33.876-0400][gc,heap        ] GC(369244)   class space    used 5712K, capacity 6559K, committed 6912K, reserved 1048576K
[2020-12-23T00:41:33.876-0400][gc,start       ] GC(369244) Pause Young (Normal) (G1 Evacuation Pause)
[2020-12-23T00:41:33.876-0400][gc,task        ] GC(369244) Using 4 workers of 4 for evacuation
[2020-12-23T00:41:33.883-0400][gc,phases      ] GC(369244)   Pre Evacuate Collection Set: 0.0ms
[2020-12-23T00:41:33.883-0400][gc,phases      ] GC(369244)   Evacuate Collection Set: 4.7ms
[2020-12-23T00:41:33.883-0400][gc,phases      ] GC(369244)   Post Evacuate Collection Set: 1.5ms
[2020-12-23T00:41:33.883-0400][gc,phases      ] GC(369244)   Other: 0.9ms
[2020-12-23T00:41:33.883-0400][gc,heap        ] GC(369244) Eden regions: 9->0(9)
[2020-12-23T00:41:33.884-0400][gc,heap        ] GC(369244) Survivor regions: 1->1(2)
[2020-12-23T00:41:33.884-0400][gc,heap        ] GC(369244) Old regions: 47->47
[2020-12-23T00:41:33.884-0400][gc,heap        ] GC(369244) Humongous regions: 4->4
[2020-12-23T00:41:33.884-0400][gc,metaspace   ] GC(369244) Metaspace: 61001K->61001K(1107968K)
[2020-12-23T00:41:33.884-0400][gc,heap        ] GC(369244) Heap after GC invocations=369221 (full 10687): garbage-first heap   total 73728K, used 49608K [0x0000000083000000, 0x0000000100000000)
[2020-12-23T00:41:33.884-0400][gc,heap        ] GC(369244)   region size 1024K, 1 young (1024K), 1 survivors (1024K)
[2020-12-23T00:41:33.884-0400][gc,heap        ] GC(369244)  Metaspace       used 61001K, capacity 63721K, committed 64768K, reserved 1107968K
[2020-12-23T00:41:33.884-0400][gc,heap        ] GC(369244)   class space    used 5712K, capacity 6559K, committed 6912K, reserved 1048576K
[2020-12-23T00:41:33.884-0400][gc             ] GC(369244) Pause Young (Normal) (G1 Evacuation Pause) 57M->48M(72M) 7.580ms
[2020-12-23T00:41:33.884-0400][gc,cpu         ] GC(369244) User=0.02s Sys=0.00s Real=0.00s
[2020-12-23T00:41:50.924-0400][gc,task        ] GC(369245) Using 3 workers of 4 for full compaction
[2020-12-23T00:41:50.924-0400][gc,start       ] GC(369245) Pause Full (System.gc())
[2020-12-23T00:41:50.924-0400][gc,heap        ] GC(369245) Heap before GC invocations=369221 (full 10687): garbage-first heap   total 73728K, used 56776K [0x0000000083000000, 0x0000000100000000)
[2020-12-23T00:41:50.924-0400][gc,heap        ] GC(369245)   region size 1024K, 10 young (10240K), 1 survivors (1024K)
[2020-12-23T00:41:50.924-0400][gc,heap        ] GC(369245)  Metaspace       used 61001K, capacity 63721K, committed 64768K, reserved 1107968K
[2020-12-23T00:41:50.924-0400][gc,heap        ] GC(369245)   class space    used 5712K, capacity 6559K, committed 6912K, reserved 1048576K
[2020-12-23T00:41:50.927-0400][gc,phases,start] GC(369245) Phase 1: Mark live objects
[2020-12-23T00:41:51.074-0400][gc,stringtable ] GC(369245) Cleaned string and symbol table, strings: 32200 processed, 0 removed, symbols: 131451 processed, 0 removed
[2020-12-23T00:41:51.074-0400][gc,phases      ] GC(369245) Phase 1: Mark live objects 147.155ms
[2020-12-23T00:41:51.074-0400][gc,phases,start] GC(369245) Phase 2: Prepare for compaction
[2020-12-23T00:41:51.104-0400][gc,phases      ] GC(369245) Phase 2: Prepare for compaction 30.063ms
[2020-12-23T00:41:51.104-0400][gc,phases,start] GC(369245) Phase 3: Adjust pointers
[2020-12-23T00:41:51.182-0400][gc,phases      ] GC(369245) Phase 3: Adjust pointers 77.419ms
[2020-12-23T00:41:51.182-0400][gc,phases,start] GC(369245) Phase 4: Compact heap
[2020-12-23T00:41:51.208-0400][gc,phases      ] GC(369245) Phase 4: Compact heap 25.779ms
[2020-12-23T00:41:51.243-0400][gc,heap        ] GC(369245) Eden regions: 9->0(10)
[2020-12-23T00:41:51.243-0400][gc,heap        ] GC(369245) Survivor regions: 1->0(2)
[2020-12-23T00:41:51.243-0400][gc,heap        ] GC(369245) Old regions: 47->47
[2020-12-23T00:41:51.243-0400][gc,heap        ] GC(369245) Humongous regions: 4->4
[2020-12-23T00:41:51.243-0400][gc,metaspace   ] GC(369245) Metaspace: 61001K->61001K(1107968K)
[2020-12-23T00:41:51.243-0400][gc,heap        ] GC(369245) Heap after GC invocations=369222 (full 10688): garbage-first heap   total 73728K, used 48933K [0x0000000083000000, 0x0000000100000000)
[2020-12-23T00:41:51.243-0400][gc,heap        ] GC(369245)   region size 1024K, 0 young (0K), 0 survivors (0K)
[2020-12-23T00:41:51.243-0400][gc,heap        ] GC(369245)  Metaspace       used 61001K, capacity 63721K, committed 64768K, reserved 1107968K
[2020-12-23T00:41:51.243-0400][gc,heap        ] GC(369245)   class space    used 5712K, capacity 6559K, committed 6912K, reserved 1048576K
[2020-12-23T00:41:51.243-0400][gc             ] GC(369245) Pause Full (System.gc()) 57M->47M(72M) 319.120ms
[2020-12-23T00:41:51.243-0400][gc,cpu         ] GC(369245) User=0.85s Sys=0.00s Real=0.32s
[2020-12-23T00:42:04.925-0400][gc,heap        ] GC(369246) Heap before GC invocations=369222 (full 10688): garbage-first heap   total 73728K, used 58149K [0x0000000083000000, 0x0000000100000000)
[2020-12-23T00:42:04.925-0400][gc,heap        ] GC(369246)   region size 1024K, 10 young (10240K), 0 survivors (0K)
[2020-12-23T00:42:04.925-0400][gc,heap        ] GC(369246)  Metaspace       used 61001K, capacity 63721K, committed 64768K, reserved 1107968K
[2020-12-23T00:42:04.925-0400][gc,heap        ] GC(369246)   class space    used 5712K, capacity 6559K, committed 6912K, reserved 1048576K
[2020-12-23T00:42:04.925-0400][gc,start       ] GC(369246) Pause Young (Normal) (G1 Evacuation Pause)
[2020-12-23T00:42:04.925-0400][gc,task        ] GC(369246) Using 4 workers of 4 for evacuation
[2020-12-23T00:42:04.934-0400][gc,phases      ] GC(369246)   Pre Evacuate Collection Set: 0.1ms
[2020-12-23T00:42:04.935-0400][gc,phases      ] GC(369246)   Evacuate Collection Set: 5.2ms
[2020-12-23T00:42:04.935-0400][gc,phases      ] GC(369246)   Post Evacuate Collection Set: 3.3ms
[2020-12-23T00:42:04.935-0400][gc,phases      ] GC(369246)   Other: 1.2ms
[2020-12-23T00:42:04.935-0400][gc,heap        ] GC(369246) Eden regions: 10->0(9)
[2020-12-23T00:42:04.935-0400][gc,heap        ] GC(369246) Survivor regions: 0->1(2)
[2020-12-23T00:42:04.935-0400][gc,heap        ] GC(369246) Old regions: 47->47
[2020-12-23T00:42:04.935-0400][gc,heap        ] GC(369246) Humongous regions: 4->4
[2020-12-23T00:42:04.935-0400][gc,metaspace   ] GC(369246) Metaspace: 61001K->61001K(1107968K)
[2020-12-23T00:42:04.935-0400][gc,heap        ] GC(369246) Heap after GC invocations=369223 (full 10688): garbage-first heap   total 73728K, used 49404K [0x0000000083000000, 0x0000000100000000)
[2020-12-23T00:42:04.935-0400][gc,heap        ] GC(369246)   region size 1024K, 1 young (1024K), 1 survivors (1024K)
[2020-12-23T00:42:04.935-0400][gc,heap        ] GC(369246)  Metaspace       used 61001K, capacity 63721K, committed 64768K, reserved 1107968K
[2020-12-23T00:42:04.935-0400][gc,heap        ] GC(369246)   class space    used 5712K, capacity 6559K, committed 6912K, reserved 1048576K
[2020-12-23T00:42:04.936-0400][gc             ] GC(369246) Pause Young (Normal) (G1 Evacuation Pause) 57M->48M(72M) 10.300ms
[2020-12-23T00:42:04.938-0400][gc,cpu         ] GC(369246) User=0.01s Sys=0.01s Real=0.02s
[2020-12-23T00:42:33.877-0400][gc,heap        ] GC(369247) Heap before GC invocations=369223 (full 10688): garbage-first heap   total 73728K, used 57596K [0x0000000083000000, 0x0000000100000000)
[2020-12-23T00:42:33.877-0400][gc,heap        ] GC(369247)   region size 1024K, 10 young (10240K), 1 survivors (1024K)
[2020-12-23T00:42:33.877-0400][gc,heap        ] GC(369247)  Metaspace       used 61001K, capacity 63721K, committed 64768K, reserved 1107968K
[2020-12-23T00:42:33.877-0400][gc,heap        ] GC(369247)   class space    used 5712K, capacity 6559K, committed 6912K, reserved 1048576K
[2020-12-23T00:42:33.877-0400][gc,start       ] GC(369247) Pause Young (Normal) (G1 Evacuation Pause)
[2020-12-23T00:42:33.877-0400][gc,task        ] GC(369247) Using 4 workers of 4 for evacuation
[2020-12-23T00:42:33.885-0400][gc,phases      ] GC(369247)   Pre Evacuate Collection Set: 0.0ms
[2020-12-23T00:42:33.885-0400][gc,phases      ] GC(369247)   Evacuate Collection Set: 4.5ms
[2020-12-23T00:42:33.885-0400][gc,phases      ] GC(369247)   Post Evacuate Collection Set: 2.6ms
[2020-12-23T00:42:33.885-0400][gc,phases      ] GC(369247)   Other: 0.9ms
[2020-12-23T00:42:33.885-0400][gc,heap        ] GC(369247) Eden regions: 9->0(9)
[2020-12-23T00:42:33.886-0400][gc,heap        ] GC(369247) Survivor regions: 1->1(2)
[2020-12-23T00:42:33.886-0400][gc,heap        ] GC(369247) Old regions: 47->47
[2020-12-23T00:42:33.886-0400][gc,heap        ] GC(369247) Humongous regions: 4->4
[2020-12-23T00:42:33.886-0400][gc,metaspace   ] GC(369247) Metaspace: 61001K->61001K(1107968K)
[2020-12-23T00:42:33.886-0400][gc,heap        ] GC(369247) Heap after GC invocations=369224 (full 10688): garbage-first heap   total 73728K, used 49319K [0x0000000083000000, 0x0000000100000000)
[2020-12-23T00:42:33.886-0400][gc,heap        ] GC(369247)   region size 1024K, 1 young (1024K), 1 survivors (1024K)
[2020-12-23T00:42:33.886-0400][gc,heap        ] GC(369247)  Metaspace       used 61001K, capacity 63721K, committed 64768K, reserved 1107968K
[2020-12-23T00:42:33.886-0400][gc,heap        ] GC(369247)   class space    used 5712K, capacity 6559K, committed 6912K, reserved 1048576K
[2020-12-23T00:42:33.886-0400][gc             ] GC(369247) Pause Young (Normal) (G1 Evacuation Pause) 57M->48M(72M) 8.875ms
[2020-12-23T00:42:33.886-0400][gc,cpu         ] GC(369247) User=0.02s Sys=0.00s Real=0.01s
[2020-12-23T00:43:05.290-0400][gc,heap        ] GC(369248) Heap before GC invocations=369224 (full 10688): garbage-first heap   total 73728K, used 57511K [0x0000000083000000, 0x0000000100000000)
[2020-12-23T00:43:05.290-0400][gc,heap        ] GC(369248)   region size 1024K, 10 young (10240K), 1 survivors (1024K)
[2020-12-23T00:43:05.290-0400][gc,heap        ] GC(369248)  Metaspace       used 61001K, capacity 63721K, committed 64768K, reserved 1107968K
[2020-12-23T00:43:05.290-0400][gc,heap        ] GC(369248)   class space    used 5712K, capacity 6559K, committed 6912K, reserved 1048576K
[2020-12-23T00:43:05.290-0400][gc,start       ] GC(369248) Pause Young (Normal) (G1 Evacuation Pause)
[2020-12-23T00:43:05.290-0400][gc,task        ] GC(369248) Using 4 workers of 4 for evacuation
[2020-12-23T00:43:05.296-0400][gc,phases      ] GC(369248)   Pre Evacuate Collection Set: 0.0ms
[2020-12-23T00:43:05.297-0400][gc,phases      ] GC(369248)   Evacuate Collection Set: 3.8ms
[2020-12-23T00:43:05.297-0400][gc,phases      ] GC(369248)   Post Evacuate Collection Set: 1.9ms
[2020-12-23T00:43:05.297-0400][gc,phases      ] GC(369248)   Other: 1.0ms
[2020-12-23T00:43:05.297-0400][gc,heap        ] GC(369248) Eden regions: 9->0(10)
[2020-12-23T00:43:05.297-0400][gc,heap        ] GC(369248) Survivor regions: 1->1(2)
[2020-12-23T00:43:05.297-0400][gc,heap        ] GC(369248) Old regions: 47->47
[2020-12-23T00:43:05.297-0400][gc,heap        ] GC(369248) Humongous regions: 4->4
[2020-12-23T00:43:05.297-0400][gc,metaspace   ] GC(369248) Metaspace: 61001K->61001K(1107968K)
[2020-12-23T00:43:05.297-0400][gc,heap        ] GC(369248) Heap after GC invocations=369225 (full 10688): garbage-first heap   total 73728K, used 49381K [0x0000000083000000, 0x0000000100000000)
[2020-12-23T00:43:05.297-0400][gc,heap        ] GC(369248)   region size 1024K, 1 young (1024K), 1 survivors (1024K)
[2020-12-23T00:43:05.297-0400][gc,heap        ] GC(369248)  Metaspace       used 61001K, capacity 63721K, committed 64768K, reserved 1107968K
[2020-12-23T00:43:05.297-0400][gc,heap        ] GC(369248)   class space    used 5712K, capacity 6559K, committed 6912K, reserved 1048576K
[2020-12-23T00:43:05.297-0400][gc             ] GC(369248) Pause Young (Normal) (G1 Evacuation Pause) 57M->48M(72M) 7.068ms
[2020-12-23T00:43:05.297-0400][gc,cpu         ] GC(369248) User=0.01s Sys=0.02s Real=0.01s
[2020-12-23T00:43:33.354-0400][gc,heap        ] GC(369249) Heap before GC invocations=369225 (full 10688): garbage-first heap   total 73728K, used 59621K [0x0000000083000000, 0x0000000100000000)
[2020-12-23T00:43:33.354-0400][gc,heap        ] GC(369249)   region size 1024K, 11 young (11264K), 1 survivors (1024K)
[2020-12-23T00:43:33.354-0400][gc,heap        ] GC(369249)  Metaspace       used 61001K, capacity 63721K, committed 64768K, reserved 1107968K
[2020-12-23T00:43:33.354-0400][gc,heap        ] GC(369249)   class space    used 5712K, capacity 6559K, committed 6912K, reserved 1048576K
[2020-12-23T00:43:33.354-0400][gc,start       ] GC(369249) Pause Young (Normal) (G1 Evacuation Pause)
[2020-12-23T00:43:33.354-0400][gc,task        ] GC(369249) Using 4 workers of 4 for evacuation
[2020-12-23T00:43:33.360-0400][gc,phases      ] GC(369249)   Pre Evacuate Collection Set: 0.0ms
[2020-12-23T00:43:33.360-0400][gc,phases      ] GC(369249)   Evacuate Collection Set: 3.5ms
[2020-12-23T00:43:33.360-0400][gc,phases      ] GC(369249)   Post Evacuate Collection Set: 1.8ms
[2020-12-23T00:43:33.360-0400][gc,phases      ] GC(369249)   Other: 0.8ms
[2020-12-23T00:43:33.360-0400][gc,heap        ] GC(369249) Eden regions: 10->0(10)
[2020-12-23T00:43:33.360-0400][gc,heap        ] GC(369249) Survivor regions: 1->1(2)
[2020-12-23T00:43:33.360-0400][gc,heap        ] GC(369249) Old regions: 47->47
[2020-12-23T00:43:33.360-0400][gc,heap        ] GC(369249) Humongous regions: 4->4
[2020-12-23T00:43:33.360-0400][gc,metaspace   ] GC(369249) Metaspace: 61001K->61001K(1107968K)
[2020-12-23T00:43:33.360-0400][gc,heap        ] GC(369249) Heap after GC invocations=369226 (full 10688): garbage-first heap   total 73728K, used 49344K [0x0000000083000000, 0x0000000100000000)
[2020-12-23T00:43:33.360-0400][gc,heap        ] GC(369249)   region size 1024K, 1 young (1024K), 1 survivors (1024K)
[2020-12-23T00:43:33.361-0400][gc,heap        ] GC(369249)  Metaspace       used 61001K, capacity 63721K, committed 64768K, reserved 1107968K
[2020-12-23T00:43:33.361-0400][gc,heap        ] GC(369249)   class space    used 5712K, capacity 6559K, committed 6912K, reserved 1048576K
[2020-12-23T00:43:33.361-0400][gc             ] GC(369249) Pause Young (Normal) (G1 Evacuation Pause) 58M->48M(72M) 6.648ms
[2020-12-23T00:43:33.361-0400][gc,cpu         ] GC(369249) User=0.01s Sys=0.01s Real=0.01s
[2020-12-23T00:44:06.307-0400][gc,heap        ] GC(369250) Heap before GC invocations=369226 (full 10688): garbage-first heap   total 73728K, used 58560K [0x0000000083000000, 0x0000000100000000)
[2020-12-23T00:44:06.307-0400][gc,heap        ] GC(369250)   region size 1024K, 11 young (11264K), 1 survivors (1024K)
[2020-12-23T00:44:06.307-0400][gc,heap        ] GC(369250)  Metaspace       used 61001K, capacity 63721K, committed 64768K, reserved 1107968K
[2020-12-23T00:44:06.307-0400][gc,heap        ] GC(369250)   class space    used 5712K, capacity 6559K, committed 6912K, reserved 1048576K
[2020-12-23T00:44:06.307-0400][gc,start       ] GC(369250) Pause Young (Normal) (G1 Evacuation Pause)
[2020-12-23T00:44:06.307-0400][gc,task        ] GC(369250) Using 4 workers of 4 for evacuation
[2020-12-23T00:44:06.313-0400][gc,phases      ] GC(369250)   Pre Evacuate Collection Set: 0.0ms
[2020-12-23T00:44:06.313-0400][gc,phases      ] GC(369250)   Evacuate Collection Set: 3.7ms
[2020-12-23T00:44:06.313-0400][gc,phases      ] GC(369250)   Post Evacuate Collection Set: 1.7ms
[2020-12-23T00:44:06.313-0400][gc,phases      ] GC(369250)   Other: 0.9ms
[2020-12-23T00:44:06.313-0400][gc,heap        ] GC(369250) Eden regions: 10->0(10)
[2020-12-23T00:44:06.313-0400][gc,heap        ] GC(369250) Survivor regions: 1->1(2)
[2020-12-23T00:44:06.313-0400][gc,heap        ] GC(369250) Old regions: 47->47
[2020-12-23T00:44:06.313-0400][gc,heap        ] GC(369250) Humongous regions: 4->4
[2020-12-23T00:44:06.313-0400][gc,metaspace   ] GC(369250) Metaspace: 61001K->61001K(1107968K)
[2020-12-23T00:44:06.313-0400][gc,heap        ] GC(369250) Heap after GC invocations=369227 (full 10688): garbage-first heap   total 73728K, used 49430K [0x0000000083000000, 0x0000000100000000)
[2020-12-23T00:44:06.313-0400][gc,heap        ] GC(369250)   region size 1024K, 1 young (1024K), 1 survivors (1024K)
[2020-12-23T00:44:06.313-0400][gc,heap        ] GC(369250)  Metaspace       used 61001K, capacity 63721K, committed 64768K, reserved 1107968K
[2020-12-23T00:44:06.313-0400][gc,heap        ] GC(369250)   class space    used 5712K, capacity 6559K, committed 6912K, reserved 1048576K
[2020-12-23T00:44:06.314-0400][gc             ] GC(369250) Pause Young (Normal) (G1 Evacuation Pause) 58M->48M(72M) 6.638ms
[2020-12-23T00:44:06.314-0400][gc,cpu         ] GC(369250) User=0.01s Sys=0.00s Real=0.00s
[2020-12-23T00:44:34.866-0400][gc,heap        ] GC(369251) Heap before GC invocations=369227 (full 10688): garbage-first heap   total 73728K, used 58646K [0x0000000083000000, 0x0000000100000000)
[2020-12-23T00:44:34.866-0400][gc,heap        ] GC(369251)   region size 1024K, 11 young (11264K), 1 survivors (1024K)
[2020-12-23T00:44:34.866-0400][gc,heap        ] GC(369251)  Metaspace       used 61001K, capacity 63721K, committed 64768K, reserved 1107968K
[2020-12-23T00:44:34.866-0400][gc,heap        ] GC(369251)   class space    used 5712K, capacity 6559K, committed 6912K, reserved 1048576K
[2020-12-23T00:44:34.866-0400][gc,start       ] GC(369251) Pause Young (Normal) (G1 Evacuation Pause)
[2020-12-23T00:44:34.866-0400][gc,task        ] GC(369251) Using 4 workers of 4 for evacuation
[2020-12-23T00:44:34.872-0400][gc,phases      ] GC(369251)   Pre Evacuate Collection Set: 0.0ms
[2020-12-23T00:44:34.873-0400][gc,phases      ] GC(369251)   Evacuate Collection Set: 3.6ms
[2020-12-23T00:44:34.873-0400][gc,phases      ] GC(369251)   Post Evacuate Collection Set: 1.9ms
[2020-12-23T00:44:34.873-0400][gc,phases      ] GC(369251)   Other: 1.0ms
[2020-12-23T00:44:34.873-0400][gc,heap        ] GC(369251) Eden regions: 10->0(10)
[2020-12-23T00:44:34.873-0400][gc,heap        ] GC(369251) Survivor regions: 1->1(2)
[2020-12-23T00:44:34.873-0400][gc,heap        ] GC(369251) Old regions: 47->47
[2020-12-23T00:44:34.873-0400][gc,heap        ] GC(369251) Humongous regions: 4->4
[2020-12-23T00:44:34.873-0400][gc,metaspace   ] GC(369251) Metaspace: 61001K->61001K(1107968K)
[2020-12-23T00:44:34.873-0400][gc,heap        ] GC(369251) Heap after GC invocations=369228 (full 10688): garbage-first heap   total 73728K, used 49414K [0x0000000083000000, 0x0000000100000000)
[2020-12-23T00:44:34.873-0400][gc,heap        ] GC(369251)   region size 1024K, 1 young (1024K), 1 survivors (1024K)
[2020-12-23T00:44:34.873-0400][gc,heap        ] GC(369251)  Metaspace       used 61001K, capacity 63721K, committed 64768K, reserved 1107968K
[2020-12-23T00:44:34.873-0400][gc,heap        ] GC(369251)   class space    used 5712K, capacity 6559K, committed 6912K, reserved 1048576K
[2020-12-23T00:44:34.873-0400][gc             ] GC(369251) Pause Young (Normal) (G1 Evacuation Pause) 58M->48M(72M) 6.848ms
[2020-12-23T00:44:34.873-0400][gc,cpu         ] GC(369251) User=0.00s Sys=0.01s Real=0.00s
[2020-12-23T00:45:00.024-0400][gc,heap        ] GC(369252) Heap before GC invocations=369228 (full 10688): garbage-first heap   total 73728K, used 59654K [0x0000000083000000, 0x0000000100000000)
[2020-12-23T00:45:00.024-0400][gc,heap        ] GC(369252)   region size 1024K, 11 young (11264K), 1 survivors (1024K)
[2020-12-23T00:45:00.024-0400][gc,heap        ] GC(369252)  Metaspace       used 61001K, capacity 63721K, committed 64768K, reserved 1107968K
[2020-12-23T00:45:00.024-0400][gc,heap        ] GC(369252)   class space    used 5712K, capacity 6559K, committed 6912K, reserved 1048576K
[2020-12-23T00:45:00.024-0400][gc,start       ] GC(369252) Pause Young (Normal) (G1 Evacuation Pause)
[2020-12-23T00:45:00.024-0400][gc,task        ] GC(369252) Using 4 workers of 4 for evacuation
[2020-12-23T00:45:00.030-0400][gc,phases      ] GC(369252)   Pre Evacuate Collection Set: 0.0ms
[2020-12-23T00:45:00.031-0400][gc,phases      ] GC(369252)   Evacuate Collection Set: 3.6ms
[2020-12-23T00:45:00.031-0400][gc,phases      ] GC(369252)   Post Evacuate Collection Set: 2.3ms
[2020-12-23T00:45:00.031-0400][gc,phases      ] GC(369252)   Other: 0.9ms
[2020-12-23T00:45:00.031-0400][gc,heap        ] GC(369252) Eden regions: 10->0(10)
[2020-12-23T00:45:00.031-0400][gc,heap        ] GC(369252) Survivor regions: 1->1(2)
[2020-12-23T00:45:00.031-0400][gc,heap        ] GC(369252) Old regions: 47->47
[2020-12-23T00:45:00.031-0400][gc,heap        ] GC(369252) Humongous regions: 4->4
[2020-12-23T00:45:00.031-0400][gc,metaspace   ] GC(369252) Metaspace: 61001K->61001K(1107968K)
[2020-12-23T00:45:00.031-0400][gc,heap        ] GC(369252) Heap after GC invocations=369229 (full 10688): garbage-first heap   total 73728K, used 49329K [0x0000000083000000, 0x0000000100000000)
[2020-12-23T00:45:00.031-0400][gc,heap        ] GC(369252)   region size 1024K, 1 young (1024K), 1 survivors (1024K)
[2020-12-23T00:45:00.031-0400][gc,heap        ] GC(369252)  Metaspace       used 61001K, capacity 63721K, committed 64768K, reserved 1107968K
[2020-12-23T00:45:00.031-0400][gc,heap        ] GC(369252)   class space    used 5712K, capacity 6559K, committed 6912K, reserved 1048576K
[2020-12-23T00:45:00.031-0400][gc             ] GC(369252) Pause Young (Normal) (G1 Evacuation Pause) 58M->48M(72M) 7.216ms
[2020-12-23T00:45:00.031-0400][gc,cpu         ] GC(369252) User=0.01s Sys=0.00s Real=0.01s
[2020-12-23T00:45:19.056-0400][gc,heap        ] GC(369253) Heap before GC invocations=369229 (full 10688): garbage-first heap   total 73728K, used 58545K [0x0000000083000000, 0x0000000100000000)
[2020-12-23T00:45:19.056-0400][gc,heap        ] GC(369253)   region size 1024K, 11 young (11264K), 1 survivors (1024K)
[2020-12-23T00:45:19.056-0400][gc,heap        ] GC(369253)  Metaspace       used 61001K, capacity 63721K, committed 64768K, reserved 1107968K
[2020-12-23T00:45:19.056-0400][gc,heap        ] GC(369253)   class space    used 5712K, capacity 6559K, committed 6912K, reserved 1048576K
[2020-12-23T00:45:19.056-0400][gc,start       ] GC(369253) Pause Young (Normal) (G1 Evacuation Pause)
[2020-12-23T00:45:19.056-0400][gc,task        ] GC(369253) Using 4 workers of 4 for evacuation
[2020-12-23T00:45:19.064-0400][gc,phases      ] GC(369253)   Pre Evacuate Collection Set: 0.0ms
[2020-12-23T00:45:19.064-0400][gc,phases      ] GC(369253)   Evacuate Collection Set: 5.2ms
[2020-12-23T00:45:19.064-0400][gc,phases      ] GC(369253)   Post Evacuate Collection Set: 2.1ms
[2020-12-23T00:45:19.064-0400][gc,phases      ] GC(369253)   Other: 0.8ms
[2020-12-23T00:45:19.064-0400][gc,heap        ] GC(369253) Eden regions: 10->0(10)
[2020-12-23T00:45:19.064-0400][gc,heap        ] GC(369253) Survivor regions: 1->1(2)
[2020-12-23T00:45:19.064-0400][gc,heap        ] GC(369253) Old regions: 47->47
[2020-12-23T00:45:19.064-0400][gc,heap        ] GC(369253) Humongous regions: 4->4
[2020-12-23T00:45:19.064-0400][gc,metaspace   ] GC(369253) Metaspace: 61001K->61001K(1107968K)
[2020-12-23T00:45:19.065-0400][gc,heap        ] GC(369253) Heap after GC invocations=369230 (full 10688): garbage-first heap   total 73728K, used 49356K [0x0000000083000000, 0x0000000100000000)
[2020-12-23T00:45:19.065-0400][gc,heap        ] GC(369253)   region size 1024K, 1 young (1024K), 1 survivors (1024K)
[2020-12-23T00:45:19.065-0400][gc,heap        ] GC(369253)  Metaspace       used 61001K, capacity 63721K, committed 64768K, reserved 1107968K
[2020-12-23T00:45:19.065-0400][gc,heap        ] GC(369253)   class space    used 5712K, capacity 6559K, committed 6912K, reserved 1048576K
[2020-12-23T00:45:19.065-0400][gc             ] GC(369253) Pause Young (Normal) (G1 Evacuation Pause) 58M->48M(72M) 8.683ms
[2020-12-23T00:45:19.065-0400][gc,cpu         ] GC(369253) User=0.01s Sys=0.01s Real=0.00s
[2020-12-23T00:45:59.425-0400][gc,heap        ] GC(369254) Heap before GC invocations=369230 (full 10688): garbage-first heap   total 73728K, used 59596K [0x0000000083000000, 0x0000000100000000)
[2020-12-23T00:45:59.425-0400][gc,heap        ] GC(369254)   region size 1024K, 11 young (11264K), 1 survivors (1024K)
[2020-12-23T00:45:59.425-0400][gc,heap        ] GC(369254)  Metaspace       used 61001K, capacity 63721K, committed 64768K, reserved 1107968K
[2020-12-23T00:45:59.425-0400][gc,heap        ] GC(369254)   class space    used 5712K, capacity 6559K, committed 6912K, reserved 1048576K
[2020-12-23T00:45:59.426-0400][gc,start       ] GC(369254) Pause Young (Normal) (G1 Evacuation Pause)
[2020-12-23T00:45:59.426-0400][gc,task        ] GC(369254) Using 4 workers of 4 for evacuation
[2020-12-23T00:45:59.431-0400][gc,phases      ] GC(369254)   Pre Evacuate Collection Set: 0.0ms
[2020-12-23T00:45:59.431-0400][gc,phases      ] GC(369254)   Evacuate Collection Set: 3.4ms
[2020-12-23T00:45:59.431-0400][gc,phases      ] GC(369254)   Post Evacuate Collection Set: 1.6ms
[2020-12-23T00:45:59.431-0400][gc,phases      ] GC(369254)   Other: 0.9ms
[2020-12-23T00:45:59.431-0400][gc,heap        ] GC(369254) Eden regions: 10->0(10)
[2020-12-23T00:45:59.431-0400][gc,heap        ] GC(369254) Survivor regions: 1->1(2)
[2020-12-23T00:45:59.431-0400][gc,heap        ] GC(369254) Old regions: 47->47
[2020-12-23T00:45:59.432-0400][gc,heap        ] GC(369254) Humongous regions: 4->4
[2020-12-23T00:45:59.432-0400][gc,metaspace   ] GC(369254) Metaspace: 61001K->61001K(1107968K)
[2020-12-23T00:45:59.432-0400][gc,heap        ] GC(369254) Heap after GC invocations=369231 (full 10688): garbage-first heap   total 73728K, used 49383K [0x0000000083000000, 0x0000000100000000)
[2020-12-23T00:45:59.432-0400][gc,heap        ] GC(369254)   region size 1024K, 1 young (1024K), 1 survivors (1024K)
[2020-12-23T00:45:59.432-0400][gc,heap        ] GC(369254)  Metaspace       used 61001K, capacity 63721K, committed 64768K, reserved 1107968K
[2020-12-23T00:45:59.432-0400][gc,heap        ] GC(369254)   class space    used 5712K, capacity 6559K, committed 6912K, reserved 1048576K
[2020-12-23T00:45:59.432-0400][gc             ] GC(369254) Pause Young (Normal) (G1 Evacuation Pause) 58M->48M(72M) 6.320ms
[2020-12-23T00:45:59.432-0400][gc,cpu         ] GC(369254) User=0.02s Sys=0.00s Real=0.01s
[2020-12-23T00:46:32.302-0400][gc,heap        ] GC(369255) Heap before GC invocations=369231 (full 10688): garbage-first heap   total 73728K, used 59623K [0x0000000083000000, 0x0000000100000000)
[2020-12-23T00:46:32.302-0400][gc,heap        ] GC(369255)   region size 1024K, 11 young (11264K), 1 survivors (1024K)
[2020-12-23T00:46:32.302-0400][gc,heap        ] GC(369255)  Metaspace       used 61001K, capacity 63721K, committed 64768K, reserved 1107968K
[2020-12-23T00:46:32.302-0400][gc,heap        ] GC(369255)   class space    used 5712K, capacity 6559K, committed 6912K, reserved 1048576K
[2020-12-23T00:46:32.302-0400][gc,start       ] GC(369255) Pause Young (Normal) (G1 Evacuation Pause)
[2020-12-23T00:46:32.302-0400][gc,task        ] GC(369255) Using 4 workers of 4 for evacuation
[2020-12-23T00:46:32.308-0400][gc,phases      ] GC(369255)   Pre Evacuate Collection Set: 0.0ms
[2020-12-23T00:46:32.309-0400][gc,phases      ] GC(369255)   Evacuate Collection Set: 3.6ms
[2020-12-23T00:46:32.309-0400][gc,phases      ] GC(369255)   Post Evacuate Collection Set: 1.9ms
[2020-12-23T00:46:32.309-0400][gc,phases      ] GC(369255)   Other: 0.9ms
[2020-12-23T00:46:32.309-0400][gc,heap        ] GC(369255) Eden regions: 10->0(10)
[2020-12-23T00:46:32.309-0400][gc,heap        ] GC(369255) Survivor regions: 1->1(2)
[2020-12-23T00:46:32.309-0400][gc,heap        ] GC(369255) Old regions: 47->47
[2020-12-23T00:46:32.309-0400][gc,heap        ] GC(369255) Humongous regions: 4->4
[2020-12-23T00:46:32.309-0400][gc,metaspace   ] GC(369255) Metaspace: 61001K->61001K(1107968K)
[2020-12-23T00:46:32.309-0400][gc,heap        ] GC(369255) Heap after GC invocations=369232 (full 10688): garbage-first heap   total 73728K, used 49401K [0x0000000083000000, 0x0000000100000000)
[2020-12-23T00:46:32.309-0400][gc,heap        ] GC(369255)   region size 1024K, 1 young (1024K), 1 survivors (1024K)
[2020-12-23T00:46:32.309-0400][gc,heap        ] GC(369255)  Metaspace       used 61001K, capacity 63721K, committed 64768K, reserved 1107968K
[2020-12-23T00:46:32.309-0400][gc,heap        ] GC(369255)   class space    used 5712K, capacity 6559K, committed 6912K, reserved 1048576K
[2020-12-23T00:46:32.309-0400][gc             ] GC(369255) Pause Young (Normal) (G1 Evacuation Pause) 58M->48M(72M) 6.783ms
[2020-12-23T00:46:32.309-0400][gc,cpu         ] GC(369255) User=0.01s Sys=0.01s Real=0.01s
[2020-12-23T00:46:50.924-0400][gc,task        ] GC(369256) Using 3 workers of 4 for full compaction
[2020-12-23T00:46:50.924-0400][gc,start       ] GC(369256) Pause Full (System.gc())
[2020-12-23T00:46:50.924-0400][gc,heap        ] GC(369256) Heap before GC invocations=369232 (full 10688): garbage-first heap   total 73728K, used 53497K [0x0000000083000000, 0x0000000100000000)
[2020-12-23T00:46:50.924-0400][gc,heap        ] GC(369256)   region size 1024K, 6 young (6144K), 1 survivors (1024K)
[2020-12-23T00:46:50.924-0400][gc,heap        ] GC(369256)  Metaspace       used 61001K, capacity 63721K, committed 64768K, reserved 1107968K
[2020-12-23T00:46:50.924-0400][gc,heap        ] GC(369256)   class space    used 5712K, capacity 6559K, committed 6912K, reserved 1048576K
[2020-12-23T00:46:50.927-0400][gc,phases,start] GC(369256) Phase 1: Mark live objects
[2020-12-23T00:46:51.067-0400][gc,stringtable ] GC(369256) Cleaned string and symbol table, strings: 32200 processed, 0 removed, symbols: 131451 processed, 0 removed
[2020-12-23T00:46:51.067-0400][gc,phases      ] GC(369256) Phase 1: Mark live objects 140.781ms
[2020-12-23T00:46:51.067-0400][gc,phases,start] GC(369256) Phase 2: Prepare for compaction
[2020-12-23T00:46:51.098-0400][gc,phases      ] GC(369256) Phase 2: Prepare for compaction 30.169ms
[2020-12-23T00:46:51.098-0400][gc,phases,start] GC(369256) Phase 3: Adjust pointers
[2020-12-23T00:46:51.175-0400][gc,phases      ] GC(369256) Phase 3: Adjust pointers 77.567ms
[2020-12-23T00:46:51.175-0400][gc,phases,start] GC(369256) Phase 4: Compact heap
[2020-12-23T00:46:51.198-0400][gc,phases      ] GC(369256) Phase 4: Compact heap 22.392ms
[2020-12-23T00:46:51.234-0400][gc,heap        ] GC(369256) Eden regions: 5->0(11)
[2020-12-23T00:46:51.234-0400][gc,heap        ] GC(369256) Survivor regions: 1->0(2)
[2020-12-23T00:46:51.234-0400][gc,heap        ] GC(369256) Old regions: 47->47
[2020-12-23T00:46:51.234-0400][gc,heap        ] GC(369256) Humongous regions: 4->4
[2020-12-23T00:46:51.235-0400][gc,metaspace   ] GC(369256) Metaspace: 61001K->61001K(1107968K)
[2020-12-23T00:46:51.235-0400][gc,heap        ] GC(369256) Heap after GC invocations=369233 (full 10689): garbage-first heap   total 73728K, used 48700K [0x0000000083000000, 0x0000000100000000)
[2020-12-23T00:46:51.235-0400][gc,heap        ] GC(369256)   region size 1024K, 0 young (0K), 0 survivors (0K)
[2020-12-23T00:46:51.235-0400][gc,heap        ] GC(369256)  Metaspace       used 61001K, capacity 63721K, committed 64768K, reserved 1107968K
[2020-12-23T00:46:51.235-0400][gc,heap        ] GC(369256)   class space    used 5712K, capacity 6559K, committed 6912K, reserved 1048576K
[2020-12-23T00:46:51.235-0400][gc             ] GC(369256) Pause Full (System.gc()) 52M->47M(72M) 311.075ms
[2020-12-23T00:46:51.235-0400][gc,cpu         ] GC(369256) User=0.83s Sys=0.00s Real=0.31s
[2020-12-23T00:47:22.401-0400][gc,heap        ] GC(369257) Heap before GC invocations=369233 (full 10689): garbage-first heap   total 73728K, used 58940K [0x0000000083000000, 0x0000000100000000)
[2020-12-23T00:47:22.401-0400][gc,heap        ] GC(369257)   region size 1024K, 11 young (11264K), 0 survivors (0K)
[2020-12-23T00:47:22.401-0400][gc,heap        ] GC(369257)  Metaspace       used 61001K, capacity 63721K, committed 64768K, reserved 1107968K
[2020-12-23T00:47:22.401-0400][gc,heap        ] GC(369257)   class space    used 5712K, capacity 6559K, committed 6912K, reserved 1048576K
[2020-12-23T00:47:22.401-0400][gc,start       ] GC(369257) Pause Young (Normal) (G1 Evacuation Pause)
[2020-12-23T00:47:22.402-0400][gc,task        ] GC(369257) Using 4 workers of 4 for evacuation
[2020-12-23T00:47:22.407-0400][gc,phases      ] GC(369257)   Pre Evacuate Collection Set: 0.0ms
[2020-12-23T00:47:22.407-0400][gc,phases      ] GC(369257)   Evacuate Collection Set: 3.2ms
[2020-12-23T00:47:22.407-0400][gc,phases      ] GC(369257)   Post Evacuate Collection Set: 1.9ms
[2020-12-23T00:47:22.407-0400][gc,phases      ] GC(369257)   Other: 1.0ms
[2020-12-23T00:47:22.407-0400][gc,heap        ] GC(369257) Eden regions: 11->0(10)
[2020-12-23T00:47:22.407-0400][gc,heap        ] GC(369257) Survivor regions: 0->1(2)
[2020-12-23T00:47:22.408-0400][gc,heap        ] GC(369257) Old regions: 47->47
[2020-12-23T00:47:22.408-0400][gc,heap        ] GC(369257) Humongous regions: 4->4
[2020-12-23T00:47:22.408-0400][gc,metaspace   ] GC(369257) Metaspace: 61001K->61001K(1107968K)
[2020-12-23T00:47:22.408-0400][gc,heap        ] GC(369257) Heap after GC invocations=369234 (full 10689): garbage-first heap   total 73728K, used 48980K [0x0000000083000000, 0x0000000100000000)
[2020-12-23T00:47:22.408-0400][gc,heap        ] GC(369257)   region size 1024K, 1 young (1024K), 1 survivors (1024K)
[2020-12-23T00:47:22.408-0400][gc,heap        ] GC(369257)  Metaspace       used 61001K, capacity 63721K, committed 64768K, reserved 1107968K
[2020-12-23T00:47:22.408-0400][gc,heap        ] GC(369257)   class space    used 5712K, capacity 6559K, committed 6912K, reserved 1048576K
[2020-12-23T00:47:22.408-0400][gc             ] GC(369257) Pause Young (Normal) (G1 Evacuation Pause) 58M->47M(72M) 6.476ms
[2020-12-23T00:47:22.408-0400][gc,cpu         ] GC(369257) User=0.01s Sys=0.00s Real=0.01s
[2020-12-23T00:48:03.892-0400][gc,heap        ] GC(369258) Heap before GC invocations=369234 (full 10689): garbage-first heap   total 73728K, used 58196K [0x0000000083000000, 0x0000000100000000)
[2020-12-23T00:48:03.892-0400][gc,heap        ] GC(369258)   region size 1024K, 11 young (11264K), 1 survivors (1024K)
[2020-12-23T00:48:03.893-0400][gc,heap        ] GC(369258)  Metaspace       used 61001K, capacity 63721K, committed 64768K, reserved 1107968K
[2020-12-23T00:48:03.893-0400][gc,heap        ] GC(369258)   class space    used 5712K, capacity 6559K, committed 6912K, reserved 1048576K
[2020-12-23T00:48:03.893-0400][gc,start       ] GC(369258) Pause Young (Normal) (G1 Evacuation Pause)
[2020-12-23T00:48:03.893-0400][gc,task        ] GC(369258) Using 4 workers of 4 for evacuation
[2020-12-23T00:48:03.898-0400][gc,phases      ] GC(369258)   Pre Evacuate Collection Set: 0.0ms
[2020-12-23T00:48:03.898-0400][gc,phases      ] GC(369258)   Evacuate Collection Set: 3.1ms
[2020-12-23T00:48:03.898-0400][gc,phases      ] GC(369258)   Post Evacuate Collection Set: 1.5ms
[2020-12-23T00:48:03.898-0400][gc,phases      ] GC(369258)   Other: 0.9ms
[2020-12-23T00:48:03.898-0400][gc,heap        ] GC(369258) Eden regions: 10->0(10)
[2020-12-23T00:48:03.898-0400][gc,heap        ] GC(369258) Survivor regions: 1->1(2)
[2020-12-23T00:48:03.898-0400][gc,heap        ] GC(369258) Old regions: 47->47
[2020-12-23T00:48:03.898-0400][gc,heap        ] GC(369258) Humongous regions: 4->4
[2020-12-23T00:48:03.898-0400][gc,metaspace   ] GC(369258) Metaspace: 61001K->61001K(1107968K)
[2020-12-23T00:48:03.898-0400][gc,heap        ] GC(369258) Heap after GC invocations=369235 (full 10689): garbage-first heap   total 73728K, used 49020K [0x0000000083000000, 0x0000000100000000)
[2020-12-23T00:48:03.898-0400][gc,heap        ] GC(369258)   region size 1024K, 1 young (1024K), 1 survivors (1024K)
[2020-12-23T00:48:03.898-0400][gc,heap        ] GC(369258)  Metaspace       used 61001K, capacity 63721K, committed 64768K, reserved 1107968K
[2020-12-23T00:48:03.899-0400][gc,heap        ] GC(369258)   class space    used 5712K, capacity 6559K, committed 6912K, reserved 1048576K
[2020-12-23T00:48:03.899-0400][gc             ] GC(369258) Pause Young (Normal) (G1 Evacuation Pause) 57M->47M(72M) 5.852ms
[2020-12-23T00:48:03.899-0400][gc,cpu         ] GC(369258) User=0.02s Sys=0.00s Real=0.01s
[2020-12-23T00:48:33.222-0400][gc,heap        ] GC(369259) Heap before GC invocations=369235 (full 10689): garbage-first heap   total 73728K, used 58236K [0x0000000083000000, 0x0000000100000000)
[2020-12-23T00:48:33.222-0400][gc,heap        ] GC(369259)   region size 1024K, 11 young (11264K), 1 survivors (1024K)
[2020-12-23T00:48:33.222-0400][gc,heap        ] GC(369259)  Metaspace       used 61001K, capacity 63721K, committed 64768K, reserved 1107968K
[2020-12-23T00:48:33.222-0400][gc,heap        ] GC(369259)   class space    used 5712K, capacity 6559K, committed 6912K, reserved 1048576K
[2020-12-23T00:48:33.222-0400][gc,start       ] GC(369259) Pause Young (Normal) (G1 Evacuation Pause)
[2020-12-23T00:48:33.222-0400][gc,task        ] GC(369259) Using 4 workers of 4 for evacuation
[2020-12-23T00:48:33.227-0400][gc,phases      ] GC(369259)   Pre Evacuate Collection Set: 0.0ms
[2020-12-23T00:48:33.227-0400][gc,phases      ] GC(369259)   Evacuate Collection Set: 2.9ms
[2020-12-23T00:48:33.227-0400][gc,phases      ] GC(369259)   Post Evacuate Collection Set: 1.8ms
[2020-12-23T00:48:33.227-0400][gc,phases      ] GC(369259)   Other: 0.9ms
[2020-12-23T00:48:33.227-0400][gc,heap        ] GC(369259) Eden regions: 10->0(10)
[2020-12-23T00:48:33.227-0400][gc,heap        ] GC(369259) Survivor regions: 1->1(2)
[2020-12-23T00:48:33.228-0400][gc,heap        ] GC(369259) Old regions: 47->47
[2020-12-23T00:48:33.228-0400][gc,heap        ] GC(369259) Humongous regions: 4->4
[2020-12-23T00:48:33.228-0400][gc,metaspace   ] GC(369259) Metaspace: 61001K->61001K(1107968K)
[2020-12-23T00:48:33.228-0400][gc,heap        ] GC(369259) Heap after GC invocations=369236 (full 10689): garbage-first heap   total 73728K, used 49000K [0x0000000083000000, 0x0000000100000000)
[2020-12-23T00:48:33.228-0400][gc,heap        ] GC(369259)   region size 1024K, 1 young (1024K), 1 survivors (1024K)
[2020-12-23T00:48:33.228-0400][gc,heap        ] GC(369259)  Metaspace       used 61001K, capacity 63721K, committed 64768K, reserved 1107968K
[2020-12-23T00:48:33.228-0400][gc,heap        ] GC(369259)   class space    used 5712K, capacity 6559K, committed 6912K, reserved 1048576K
[2020-12-23T00:48:33.228-0400][gc             ] GC(369259) Pause Young (Normal) (G1 Evacuation Pause) 57M->47M(72M) 6.065ms
[2020-12-23T00:48:33.228-0400][gc,cpu         ] GC(369259) User=0.00s Sys=0.01s Real=0.01s
[2020-12-23T00:48:59.579-0400][gc,heap        ] GC(369260) Heap before GC invocations=369236 (full 10689): garbage-first heap   total 73728K, used 58216K [0x0000000083000000, 0x0000000100000000)
[2020-12-23T00:48:59.579-0400][gc,heap        ] GC(369260)   region size 1024K, 11 young (11264K), 1 survivors (1024K)
[2020-12-23T00:48:59.580-0400][gc,heap        ] GC(369260)  Metaspace       used 61001K, capacity 63721K, committed 64768K, reserved 1107968K
[2020-12-23T00:48:59.580-0400][gc,heap        ] GC(369260)   class space    used 5712K, capacity 6559K, committed 6912K, reserved 1048576K
[2020-12-23T00:48:59.580-0400][gc,start       ] GC(369260) Pause Young (Normal) (G1 Evacuation Pause)
[2020-12-23T00:48:59.580-0400][gc,task        ] GC(369260) Using 4 workers of 4 for evacuation
[2020-12-23T00:48:59.586-0400][gc,phases      ] GC(369260)   Pre Evacuate Collection Set: 0.0ms
[2020-12-23T00:48:59.586-0400][gc,phases      ] GC(369260)   Evacuate Collection Set: 3.7ms
[2020-12-23T00:48:59.586-0400][gc,phases      ] GC(369260)   Post Evacuate Collection Set: 1.8ms
[2020-12-23T00:48:59.586-0400][gc,phases      ] GC(369260)   Other: 1.1ms
[2020-12-23T00:48:59.586-0400][gc,heap        ] GC(369260) Eden regions: 10->0(10)
[2020-12-23T00:48:59.586-0400][gc,heap        ] GC(369260) Survivor regions: 1->1(2)
[2020-12-23T00:48:59.586-0400][gc,heap        ] GC(369260) Old regions: 47->47
[2020-12-23T00:48:59.586-0400][gc,heap        ] GC(369260) Humongous regions: 4->4
[2020-12-23T00:48:59.586-0400][gc,metaspace   ] GC(369260) Metaspace: 61001K->61001K(1107968K)
[2020-12-23T00:48:59.586-0400][gc,heap        ] GC(369260) Heap after GC invocations=369237 (full 10689): garbage-first heap   total 73728K, used 49055K [0x0000000083000000, 0x0000000100000000)
[2020-12-23T00:48:59.586-0400][gc,heap        ] GC(369260)   region size 1024K, 1 young (1024K), 1 survivors (1024K)
[2020-12-23T00:48:59.587-0400][gc,heap        ] GC(369260)  Metaspace       used 61001K, capacity 63721K, committed 64768K, reserved 1107968K
[2020-12-23T00:48:59.587-0400][gc,heap        ] GC(369260)   class space    used 5712K, capacity 6559K, committed 6912K, reserved 1048576K
[2020-12-23T00:48:59.587-0400][gc             ] GC(369260) Pause Young (Normal) (G1 Evacuation Pause) 57M->47M(72M) 7.000ms
[2020-12-23T00:48:59.587-0400][gc,cpu         ] GC(369260) User=0.01s Sys=0.00s Real=0.01s
[2020-12-23T00:49:11.524-0400][gc,heap        ] GC(369261) Heap before GC invocations=369237 (full 10689): garbage-first heap   total 73728K, used 58271K [0x0000000083000000, 0x0000000100000000)
[2020-12-23T00:49:11.525-0400][gc,heap        ] GC(369261)   region size 1024K, 11 young (11264K), 1 survivors (1024K)
[2020-12-23T00:49:11.525-0400][gc,heap        ] GC(369261)  Metaspace       used 61001K, capacity 63721K, committed 64768K, reserved 1107968K
[2020-12-23T00:49:11.525-0400][gc,heap        ] GC(369261)   class space    used 5712K, capacity 6559K, committed 6912K, reserved 1048576K
[2020-12-23T00:49:11.525-0400][gc,start       ] GC(369261) Pause Young (Normal) (G1 Evacuation Pause)
[2020-12-23T00:49:11.525-0400][gc,task        ] GC(369261) Using 4 workers of 4 for evacuation
[2020-12-23T00:49:11.531-0400][gc,phases      ] GC(369261)   Pre Evacuate Collection Set: 0.0ms
[2020-12-23T00:49:11.531-0400][gc,phases      ] GC(369261)   Evacuate Collection Set: 3.7ms
[2020-12-23T00:49:11.531-0400][gc,phases      ] GC(369261)   Post Evacuate Collection Set: 1.8ms
[2020-12-23T00:49:11.531-0400][gc,phases      ] GC(369261)   Other: 0.9ms
[2020-12-23T00:49:11.531-0400][gc,heap        ] GC(369261) Eden regions: 10->0(10)
[2020-12-23T00:49:11.532-0400][gc,heap        ] GC(369261) Survivor regions: 1->1(2)
[2020-12-23T00:49:11.532-0400][gc,heap        ] GC(369261) Old regions: 47->47
[2020-12-23T00:49:11.532-0400][gc,heap        ] GC(369261) Humongous regions: 4->4
[2020-12-23T00:49:11.532-0400][gc,metaspace   ] GC(369261) Metaspace: 61001K->61001K(1107968K)
[2020-12-23T00:49:11.532-0400][gc,heap        ] GC(369261) Heap after GC invocations=369238 (full 10689): garbage-first heap   total 73728K, used 49175K [0x0000000083000000, 0x0000000100000000)
[2020-12-23T00:49:11.532-0400][gc,heap        ] GC(369261)   region size 1024K, 1 young (1024K), 1 survivors (1024K)
[2020-12-23T00:49:11.532-0400][gc,heap        ] GC(369261)  Metaspace       used 61001K, capacity 63721K, committed 64768K, reserved 1107968K
[2020-12-23T00:49:11.532-0400][gc,heap        ] GC(369261)   class space    used 5712K, capacity 6559K, committed 6912K, reserved 1048576K
[2020-12-23T00:49:11.532-0400][gc             ] GC(369261) Pause Young (Normal) (G1 Evacuation Pause) 57M->48M(72M) 7.153ms
[2020-12-23T00:49:11.532-0400][gc,cpu         ] GC(369261) User=0.01s Sys=0.01s Real=0.01s
[2020-12-23T00:49:32.555-0400][gc,heap        ] GC(369262) Heap before GC invocations=369238 (full 10689): garbage-first heap   total 73728K, used 59415K [0x0000000083000000, 0x0000000100000000)
[2020-12-23T00:49:32.556-0400][gc,heap        ] GC(369262)   region size 1024K, 11 young (11264K), 1 survivors (1024K)
[2020-12-23T00:49:32.556-0400][gc,heap        ] GC(369262)  Metaspace       used 61001K, capacity 63721K, committed 64768K, reserved 1107968K
[2020-12-23T00:49:32.556-0400][gc,heap        ] GC(369262)   class space    used 5712K, capacity 6559K, committed 6912K, reserved 1048576K
[2020-12-23T00:49:32.556-0400][gc,start       ] GC(369262) Pause Young (Normal) (G1 Evacuation Pause)
[2020-12-23T00:49:32.556-0400][gc,task        ] GC(369262) Using 4 workers of 4 for evacuation
[2020-12-23T00:49:32.562-0400][gc,phases      ] GC(369262)   Pre Evacuate Collection Set: 0.0ms
[2020-12-23T00:49:32.562-0400][gc,phases      ] GC(369262)   Evacuate Collection Set: 4.1ms
[2020-12-23T00:49:32.562-0400][gc,phases      ] GC(369262)   Post Evacuate Collection Set: 1.7ms
[2020-12-23T00:49:32.562-0400][gc,phases      ] GC(369262)   Other: 0.9ms
[2020-12-23T00:49:32.562-0400][gc,heap        ] GC(369262) Eden regions: 10->0(10)
[2020-12-23T00:49:32.563-0400][gc,heap        ] GC(369262) Survivor regions: 1->1(2)
[2020-12-23T00:49:32.563-0400][gc,heap        ] GC(369262) Old regions: 47->47
[2020-12-23T00:49:32.563-0400][gc,heap        ] GC(369262) Humongous regions: 4->4
[2020-12-23T00:49:32.563-0400][gc,metaspace   ] GC(369262) Metaspace: 61001K->61001K(1107968K)
[2020-12-23T00:49:32.563-0400][gc,heap        ] GC(369262) Heap after GC invocations=369239 (full 10689): garbage-first heap   total 73728K, used 49257K [0x0000000083000000, 0x0000000100000000)
[2020-12-23T00:49:32.563-0400][gc,heap        ] GC(369262)   region size 1024K, 1 young (1024K), 1 survivors (1024K)
[2020-12-23T00:49:32.563-0400][gc,heap        ] GC(369262)  Metaspace       used 61001K, capacity 63721K, committed 64768K, reserved 1107968K
[2020-12-23T00:49:32.563-0400][gc,heap        ] GC(369262)   class space    used 5712K, capacity 6559K, committed 6912K, reserved 1048576K
[2020-12-23T00:49:32.563-0400][gc             ] GC(369262) Pause Young (Normal) (G1 Evacuation Pause) 58M->48M(72M) 7.086ms
[2020-12-23T00:49:32.563-0400][gc,cpu         ] GC(369262) User=0.01s Sys=0.01s Real=0.00s
[2020-12-23T00:50:00.025-0400][gc,heap        ] GC(369263) Heap before GC invocations=369239 (full 10689): garbage-first heap   total 73728K, used 58473K [0x0000000083000000, 0x0000000100000000)
[2020-12-23T00:50:00.025-0400][gc,heap        ] GC(369263)   region size 1024K, 11 young (11264K), 1 survivors (1024K)
[2020-12-23T00:50:00.025-0400][gc,heap        ] GC(369263)  Metaspace       used 61001K, capacity 63721K, committed 64768K, reserved 1107968K
[2020-12-23T00:50:00.025-0400][gc,heap        ] GC(369263)   class space    used 5712K, capacity 6559K, committed 6912K, reserved 1048576K
[2020-12-23T00:50:00.025-0400][gc,start       ] GC(369263) Pause Young (Normal) (G1 Evacuation Pause)
[2020-12-23T00:50:00.025-0400][gc,task        ] GC(369263) Using 4 workers of 4 for evacuation
[2020-12-23T00:50:00.032-0400][gc,phases      ] GC(369263)   Pre Evacuate Collection Set: 0.0ms
[2020-12-23T00:50:00.032-0400][gc,phases      ] GC(369263)   Evacuate Collection Set: 4.3ms
[2020-12-23T00:50:00.032-0400][gc,phases      ] GC(369263)   Post Evacuate Collection Set: 1.7ms
[2020-12-23T00:50:00.032-0400][gc,phases      ] GC(369263)   Other: 1.0ms
[2020-12-23T00:50:00.032-0400][gc,heap        ] GC(369263) Eden regions: 10->0(10)
[2020-12-23T00:50:00.032-0400][gc,heap        ] GC(369263) Survivor regions: 1->1(2)
[2020-12-23T00:50:00.032-0400][gc,heap        ] GC(369263) Old regions: 47->47
[2020-12-23T00:50:00.032-0400][gc,heap        ] GC(369263) Humongous regions: 4->4
[2020-12-23T00:50:00.032-0400][gc,metaspace   ] GC(369263) Metaspace: 61001K->61001K(1107968K)
[2020-12-23T00:50:00.032-0400][gc,heap        ] GC(369263) Heap after GC invocations=369240 (full 10689): garbage-first heap   total 73728K, used 49260K [0x0000000083000000, 0x0000000100000000)
[2020-12-23T00:50:00.032-0400][gc,heap        ] GC(369263)   region size 1024K, 1 young (1024K), 1 survivors (1024K)
[2020-12-23T00:50:00.032-0400][gc,heap        ] GC(369263)  Metaspace       used 61001K, capacity 63721K, committed 64768K, reserved 1107968K
[2020-12-23T00:50:00.032-0400][gc,heap        ] GC(369263)   class space    used 5712K, capacity 6559K, committed 6912K, reserved 1048576K
[2020-12-23T00:50:00.032-0400][gc             ] GC(369263) Pause Young (Normal) (G1 Evacuation Pause) 58M->48M(72M) 7.305ms
[2020-12-23T00:50:00.032-0400][gc,cpu         ] GC(369263) User=0.01s Sys=0.01s Real=0.01s
[2020-12-23T00:50:18.007-0400][gc,heap        ] GC(369264) Heap before GC invocations=369240 (full 10689): garbage-first heap   total 73728K, used 58476K [0x0000000083000000, 0x0000000100000000)
[2020-12-23T00:50:18.007-0400][gc,heap        ] GC(369264)   region size 1024K, 11 young (11264K), 1 survivors (1024K)
[2020-12-23T00:50:18.007-0400][gc,heap        ] GC(369264)  Metaspace       used 61001K, capacity 63721K, committed 64768K, reserved 1107968K
[2020-12-23T00:50:18.007-0400][gc,heap        ] GC(369264)   class space    used 5712K, capacity 6559K, committed 6912K, reserved 1048576K
[2020-12-23T00:50:18.007-0400][gc,start       ] GC(369264) Pause Young (Normal) (G1 Evacuation Pause)
[2020-12-23T00:50:18.007-0400][gc,task        ] GC(369264) Using 4 workers of 4 for evacuation
[2020-12-23T00:50:18.014-0400][gc,phases      ] GC(369264)   Pre Evacuate Collection Set: 0.0ms
[2020-12-23T00:50:18.014-0400][gc,phases      ] GC(369264)   Evacuate Collection Set: 4.1ms
[2020-12-23T00:50:18.014-0400][gc,phases      ] GC(369264)   Post Evacuate Collection Set: 1.9ms
[2020-12-23T00:50:18.014-0400][gc,phases      ] GC(369264)   Other: 0.9ms
[2020-12-23T00:50:18.014-0400][gc,heap        ] GC(369264) Eden regions: 10->0(10)
[2020-12-23T00:50:18.014-0400][gc,heap        ] GC(369264) Survivor regions: 1->1(2)
[2020-12-23T00:50:18.014-0400][gc,heap        ] GC(369264) Old regions: 47->47
[2020-12-23T00:50:18.014-0400][gc,heap        ] GC(369264) Humongous regions: 4->4
[2020-12-23T00:50:18.014-0400][gc,metaspace   ] GC(369264) Metaspace: 61001K->61001K(1107968K)
[2020-12-23T00:50:18.014-0400][gc,heap        ] GC(369264) Heap after GC invocations=369241 (full 10689): garbage-first heap   total 73728K, used 49350K [0x0000000083000000, 0x0000000100000000)
[2020-12-23T00:50:18.014-0400][gc,heap        ] GC(369264)   region size 1024K, 1 young (1024K), 1 survivors (1024K)
[2020-12-23T00:50:18.014-0400][gc,heap        ] GC(369264)  Metaspace       used 61001K, capacity 63721K, committed 64768K, reserved 1107968K
[2020-12-23T00:50:18.015-0400][gc,heap        ] GC(369264)   class space    used 5712K, capacity 6559K, committed 6912K, reserved 1048576K
[2020-12-23T00:50:18.015-0400][gc             ] GC(369264) Pause Young (Normal) (G1 Evacuation Pause) 58M->48M(72M) 7.511ms
[2020-12-23T00:50:18.015-0400][gc,cpu         ] GC(369264) User=0.01s Sys=0.01s Real=0.00s
[2020-12-23T00:50:56.265-0400][gc,heap        ] GC(369265) Heap before GC invocations=369241 (full 10689): garbage-first heap   total 73728K, used 58566K [0x0000000083000000, 0x0000000100000000)
[2020-12-23T00:50:56.266-0400][gc,heap        ] GC(369265)   region size 1024K, 11 young (11264K), 1 survivors (1024K)
[2020-12-23T00:50:56.266-0400][gc,heap        ] GC(369265)  Metaspace       used 61001K, capacity 63721K, committed 64768K, reserved 1107968K
[2020-12-23T00:50:56.266-0400][gc,heap        ] GC(369265)   class space    used 5712K, capacity 6559K, committed 6912K, reserved 1048576K
[2020-12-23T00:50:56.266-0400][gc,start       ] GC(369265) Pause Young (Normal) (G1 Evacuation Pause)
[2020-12-23T00:50:56.266-0400][gc,task        ] GC(369265) Using 4 workers of 4 for evacuation
[2020-12-23T00:50:56.272-0400][gc,phases      ] GC(369265)   Pre Evacuate Collection Set: 0.0ms
[2020-12-23T00:50:56.272-0400][gc,phases      ] GC(369265)   Evacuate Collection Set: 4.2ms
[2020-12-23T00:50:56.272-0400][gc,phases      ] GC(369265)   Post Evacuate Collection Set: 1.6ms
[2020-12-23T00:50:56.272-0400][gc,phases      ] GC(369265)   Other: 0.9ms
[2020-12-23T00:50:56.272-0400][gc,heap        ] GC(369265) Eden regions: 10->0(10)
[2020-12-23T00:50:56.272-0400][gc,heap        ] GC(369265) Survivor regions: 1->1(2)
[2020-12-23T00:50:56.272-0400][gc,heap        ] GC(369265) Old regions: 47->47
[2020-12-23T00:50:56.272-0400][gc,heap        ] GC(369265) Humongous regions: 4->4
[2020-12-23T00:50:56.273-0400][gc,metaspace   ] GC(369265) Metaspace: 61001K->61001K(1107968K)
[2020-12-23T00:50:56.273-0400][gc,heap        ] GC(369265) Heap after GC invocations=369242 (full 10689): garbage-first heap   total 73728K, used 49321K [0x0000000083000000, 0x0000000100000000)
[2020-12-23T00:50:56.273-0400][gc,heap        ] GC(369265)   region size 1024K, 1 young (1024K), 1 survivors (1024K)
[2020-12-23T00:50:56.273-0400][gc,heap        ] GC(369265)  Metaspace       used 61001K, capacity 63721K, committed 64768K, reserved 1107968K
[2020-12-23T00:50:56.273-0400][gc,heap        ] GC(369265)   class space    used 5712K, capacity 6559K, committed 6912K, reserved 1048576K
[2020-12-23T00:50:56.273-0400][gc             ] GC(369265) Pause Young (Normal) (G1 Evacuation Pause) 58M->48M(72M) 7.029ms
[2020-12-23T00:50:56.273-0400][gc,cpu         ] GC(369265) User=0.02s Sys=0.00s Real=0.00s
[2020-12-23T00:51:31.293-0400][gc,heap        ] GC(369266) Heap before GC invocations=369242 (full 10689): garbage-first heap   total 73728K, used 58537K [0x0000000083000000, 0x0000000100000000)
[2020-12-23T00:51:31.293-0400][gc,heap        ] GC(369266)   region size 1024K, 11 young (11264K), 1 survivors (1024K)
[2020-12-23T00:51:31.293-0400][gc,heap        ] GC(369266)  Metaspace       used 61001K, capacity 63721K, committed 64768K, reserved 1107968K
[2020-12-23T00:51:31.293-0400][gc,heap        ] GC(369266)   class space    used 5712K, capacity 6559K, committed 6912K, reserved 1048576K
[2020-12-23T00:51:31.293-0400][gc,start       ] GC(369266) Pause Young (Normal) (G1 Evacuation Pause)
[2020-12-23T00:51:31.293-0400][gc,task        ] GC(369266) Using 4 workers of 4 for evacuation
[2020-12-23T00:51:31.299-0400][gc,phases      ] GC(369266)   Pre Evacuate Collection Set: 0.0ms
[2020-12-23T00:51:31.299-0400][gc,phases      ] GC(369266)   Evacuate Collection Set: 3.8ms
[2020-12-23T00:51:31.299-0400][gc,phases      ] GC(369266)   Post Evacuate Collection Set: 1.6ms
[2020-12-23T00:51:31.300-0400][gc,phases      ] GC(369266)   Other: 0.9ms
[2020-12-23T00:51:31.300-0400][gc,heap        ] GC(369266) Eden regions: 10->0(10)
[2020-12-23T00:51:31.300-0400][gc,heap        ] GC(369266) Survivor regions: 1->1(2)
[2020-12-23T00:51:31.300-0400][gc,heap        ] GC(369266) Old regions: 47->47
[2020-12-23T00:51:31.300-0400][gc,heap        ] GC(369266) Humongous regions: 4->4
[2020-12-23T00:51:31.300-0400][gc,metaspace   ] GC(369266) Metaspace: 61001K->61001K(1107968K)
[2020-12-23T00:51:31.300-0400][gc,heap        ] GC(369266) Heap after GC invocations=369243 (full 10689): garbage-first heap   total 73728K, used 49180K [0x0000000083000000, 0x0000000100000000)
[2020-12-23T00:51:31.300-0400][gc,heap        ] GC(369266)   region size 1024K, 1 young (1024K), 1 survivors (1024K)
[2020-12-23T00:51:31.300-0400][gc,heap        ] GC(369266)  Metaspace       used 61001K, capacity 63721K, committed 64768K, reserved 1107968K
[2020-12-23T00:51:31.300-0400][gc,heap        ] GC(369266)   class space    used 5712K, capacity 6559K, committed 6912K, reserved 1048576K
[2020-12-23T00:51:31.300-0400][gc             ] GC(369266) Pause Young (Normal) (G1 Evacuation Pause) 58M->48M(72M) 6.761ms
[2020-12-23T00:51:31.300-0400][gc,cpu         ] GC(369266) User=0.01s Sys=0.01s Real=0.01s
[2020-12-23T00:51:50.924-0400][gc,task        ] GC(369267) Using 3 workers of 4 for full compaction
[2020-12-23T00:51:50.924-0400][gc,start       ] GC(369267) Pause Full (System.gc())
[2020-12-23T00:51:50.924-0400][gc,heap        ] GC(369267) Heap before GC invocations=369243 (full 10689): garbage-first heap   total 73728K, used 54300K [0x0000000083000000, 0x0000000100000000)
[2020-12-23T00:51:50.924-0400][gc,heap        ] GC(369267)   region size 1024K, 8 young (8192K), 1 survivors (1024K)
[2020-12-23T00:51:50.924-0400][gc,heap        ] GC(369267)  Metaspace       used 61001K, capacity 63721K, committed 64768K, reserved 1107968K
[2020-12-23T00:51:50.924-0400][gc,heap        ] GC(369267)   class space    used 5712K, capacity 6559K, committed 6912K, reserved 1048576K
[2020-12-23T00:51:50.927-0400][gc,phases,start] GC(369267) Phase 1: Mark live objects
[2020-12-23T00:51:51.075-0400][gc,stringtable ] GC(369267) Cleaned string and symbol table, strings: 32200 processed, 0 removed, symbols: 131451 processed, 0 removed
[2020-12-23T00:51:51.075-0400][gc,phases      ] GC(369267) Phase 1: Mark live objects 147.888ms
[2020-12-23T00:51:51.075-0400][gc,phases,start] GC(369267) Phase 2: Prepare for compaction
[2020-12-23T00:51:51.106-0400][gc,phases      ] GC(369267) Phase 2: Prepare for compaction 30.544ms
[2020-12-23T00:51:51.106-0400][gc,phases,start] GC(369267) Phase 3: Adjust pointers
[2020-12-23T00:51:51.182-0400][gc,phases      ] GC(369267) Phase 3: Adjust pointers 76.593ms
[2020-12-23T00:51:51.182-0400][gc,phases,start] GC(369267) Phase 4: Compact heap
[2020-12-23T00:51:51.202-0400][gc,phases      ] GC(369267) Phase 4: Compact heap 19.971ms
[2020-12-23T00:51:51.238-0400][gc,heap        ] GC(369267) Eden regions: 7->0(11)
[2020-12-23T00:51:51.238-0400][gc,heap        ] GC(369267) Survivor regions: 1->0(2)
[2020-12-23T00:51:51.238-0400][gc,heap        ] GC(369267) Old regions: 47->47
[2020-12-23T00:51:51.238-0400][gc,heap        ] GC(369267) Humongous regions: 4->4
[2020-12-23T00:51:51.238-0400][gc,metaspace   ] GC(369267) Metaspace: 61001K->61001K(1107968K)
[2020-12-23T00:51:51.238-0400][gc,heap        ] GC(369267) Heap after GC invocations=369244 (full 10690): garbage-first heap   total 73728K, used 48739K [0x0000000083000000, 0x0000000100000000)
[2020-12-23T00:51:51.238-0400][gc,heap        ] GC(369267)   region size 1024K, 0 young (0K), 0 survivors (0K)
[2020-12-23T00:51:51.238-0400][gc,heap        ] GC(369267)  Metaspace       used 61001K, capacity 63721K, committed 64768K, reserved 1107968K
[2020-12-23T00:51:51.238-0400][gc,heap        ] GC(369267)   class space    used 5712K, capacity 6559K, committed 6912K, reserved 1048576K
[2020-12-23T00:51:51.239-0400][gc             ] GC(369267) Pause Full (System.gc()) 54M->47M(72M) 314.235ms
[2020-12-23T00:51:51.239-0400][gc,cpu         ] GC(369267) User=0.84s Sys=0.00s Real=0.32s
[2020-12-23T00:52:20.029-0400][gc,heap        ] GC(369268) Heap before GC invocations=369244 (full 10690): garbage-first heap   total 73728K, used 58979K [0x0000000083000000, 0x0000000100000000)
[2020-12-23T00:52:20.029-0400][gc,heap        ] GC(369268)   region size 1024K, 11 young (11264K), 0 survivors (0K)
[2020-12-23T00:52:20.029-0400][gc,heap        ] GC(369268)  Metaspace       used 61001K, capacity 63721K, committed 64768K, reserved 1107968K
[2020-12-23T00:52:20.029-0400][gc,heap        ] GC(369268)   class space    used 5712K, capacity 6559K, committed 6912K, reserved 1048576K
[2020-12-23T00:52:20.029-0400][gc,start       ] GC(369268) Pause Young (Normal) (G1 Evacuation Pause)
[2020-12-23T00:52:20.029-0400][gc,task        ] GC(369268) Using 4 workers of 4 for evacuation
[2020-12-23T00:52:20.035-0400][gc,phases      ] GC(369268)   Pre Evacuate Collection Set: 0.0ms
[2020-12-23T00:52:20.035-0400][gc,phases      ] GC(369268)   Evacuate Collection Set: 3.3ms
[2020-12-23T00:52:20.035-0400][gc,phases      ] GC(369268)   Post Evacuate Collection Set: 1.8ms
[2020-12-23T00:52:20.035-0400][gc,phases      ] GC(369268)   Other: 1.0ms
[2020-12-23T00:52:20.035-0400][gc,heap        ] GC(369268) Eden regions: 11->0(10)
[2020-12-23T00:52:20.035-0400][gc,heap        ] GC(369268) Survivor regions: 0->1(2)
[2020-12-23T00:52:20.035-0400][gc,heap        ] GC(369268) Old regions: 47->47
[2020-12-23T00:52:20.035-0400][gc,heap        ] GC(369268) Humongous regions: 4->4
[2020-12-23T00:52:20.035-0400][gc,metaspace   ] GC(369268) Metaspace: 61001K->61001K(1107968K)
[2020-12-23T00:52:20.035-0400][gc,heap        ] GC(369268) Heap after GC invocations=369245 (full 10690): garbage-first heap   total 73728K, used 49019K [0x0000000083000000, 0x0000000100000000)
[2020-12-23T00:52:20.035-0400][gc,heap        ] GC(369268)   region size 1024K, 1 young (1024K), 1 survivors (1024K)
[2020-12-23T00:52:20.035-0400][gc,heap        ] GC(369268)  Metaspace       used 61001K, capacity 63721K, committed 64768K, reserved 1107968K
[2020-12-23T00:52:20.035-0400][gc,heap        ] GC(369268)   class space    used 5712K, capacity 6559K, committed 6912K, reserved 1048576K
[2020-12-23T00:52:20.036-0400][gc             ] GC(369268) Pause Young (Normal) (G1 Evacuation Pause) 58M->47M(72M) 6.351ms
[2020-12-23T00:52:20.036-0400][gc,cpu         ] GC(369268) User=0.01s Sys=0.00s Real=0.01s
[2020-12-23T00:52:57.004-0400][gc,heap        ] GC(369269) Heap before GC invocations=369245 (full 10690): garbage-first heap   total 73728K, used 58235K [0x0000000083000000, 0x0000000100000000)
[2020-12-23T00:52:57.004-0400][gc,heap        ] GC(369269)   region size 1024K, 11 young (11264K), 1 survivors (1024K)
[2020-12-23T00:52:57.004-0400][gc,heap        ] GC(369269)  Metaspace       used 61001K, capacity 63721K, committed 64768K, reserved 1107968K
[2020-12-23T00:52:57.004-0400][gc,heap        ] GC(369269)   class space    used 5712K, capacity 6559K, committed 6912K, reserved 1048576K
[2020-12-23T00:52:57.004-0400][gc,start       ] GC(369269) Pause Young (Normal) (G1 Evacuation Pause)
[2020-12-23T00:52:57.004-0400][gc,task        ] GC(369269) Using 4 workers of 4 for evacuation
[2020-12-23T00:52:57.009-0400][gc,phases      ] GC(369269)   Pre Evacuate Collection Set: 0.0ms
[2020-12-23T00:52:57.010-0400][gc,phases      ] GC(369269)   Evacuate Collection Set: 3.2ms
[2020-12-23T00:52:57.010-0400][gc,phases      ] GC(369269)   Post Evacuate Collection Set: 1.9ms
[2020-12-23T00:52:57.010-0400][gc,phases      ] GC(369269)   Other: 0.8ms
[2020-12-23T00:52:57.010-0400][gc,heap        ] GC(369269) Eden regions: 10->0(10)
[2020-12-23T00:52:57.010-0400][gc,heap        ] GC(369269) Survivor regions: 1->1(2)
[2020-12-23T00:52:57.010-0400][gc,heap        ] GC(369269) Old regions: 47->47
[2020-12-23T00:52:57.010-0400][gc,heap        ] GC(369269) Humongous regions: 4->4
[2020-12-23T00:52:57.010-0400][gc,metaspace   ] GC(369269) Metaspace: 61001K->61001K(1107968K)
[2020-12-23T00:52:57.010-0400][gc,heap        ] GC(369269) Heap after GC invocations=369246 (full 10690): garbage-first heap   total 73728K, used 49016K [0x0000000083000000, 0x0000000100000000)
[2020-12-23T00:52:57.010-0400][gc,heap        ] GC(369269)   region size 1024K, 1 young (1024K), 1 survivors (1024K)
[2020-12-23T00:52:57.010-0400][gc,heap        ] GC(369269)  Metaspace       used 61001K, capacity 63721K, committed 64768K, reserved 1107968K
[2020-12-23T00:52:57.010-0400][gc,heap        ] GC(369269)   class space    used 5712K, capacity 6559K, committed 6912K, reserved 1048576K
[2020-12-23T00:52:57.010-0400][gc             ] GC(369269) Pause Young (Normal) (G1 Evacuation Pause) 57M->47M(72M) 6.532ms
[2020-12-23T00:52:57.011-0400][gc,cpu         ] GC(369269) User=0.01s Sys=0.01s Real=0.01s
[2020-12-23T00:53:18.377-0400][gc,heap        ] GC(369270) Heap before GC invocations=369246 (full 10690): garbage-first heap   total 73728K, used 59256K [0x0000000083000000, 0x0000000100000000)
[2020-12-23T00:53:18.377-0400][gc,heap        ] GC(369270)   region size 1024K, 11 young (11264K), 1 survivors (1024K)
[2020-12-23T00:53:18.377-0400][gc,heap        ] GC(369270)  Metaspace       used 61001K, capacity 63721K, committed 64768K, reserved 1107968K
[2020-12-23T00:53:18.377-0400][gc,heap        ] GC(369270)   class space    used 5712K, capacity 6559K, committed 6912K, reserved 1048576K
[2020-12-23T00:53:18.377-0400][gc,start       ] GC(369270) Pause Young (Normal) (G1 Evacuation Pause)
[2020-12-23T00:53:18.377-0400][gc,task        ] GC(369270) Using 4 workers of 4 for evacuation
[2020-12-23T00:53:18.383-0400][gc,phases      ] GC(369270)   Pre Evacuate Collection Set: 0.0ms
[2020-12-23T00:53:18.383-0400][gc,phases      ] GC(369270)   Evacuate Collection Set: 3.3ms
[2020-12-23T00:53:18.383-0400][gc,phases      ] GC(369270)   Post Evacuate Collection Set: 1.9ms
[2020-12-23T00:53:18.383-0400][gc,phases      ] GC(369270)   Other: 0.9ms
[2020-12-23T00:53:18.383-0400][gc,heap        ] GC(369270) Eden regions: 10->0(10)
[2020-12-23T00:53:18.383-0400][gc,heap        ] GC(369270) Survivor regions: 1->1(2)
[2020-12-23T00:53:18.383-0400][gc,heap        ] GC(369270) Old regions: 47->47
[2020-12-23T00:53:18.383-0400][gc,heap        ] GC(369270) Humongous regions: 4->4
[2020-12-23T00:53:18.383-0400][gc,metaspace   ] GC(369270) Metaspace: 61001K->61001K(1107968K)
[2020-12-23T00:53:18.383-0400][gc,heap        ] GC(369270) Heap after GC invocations=369247 (full 10690): garbage-first heap   total 73728K, used 49102K [0x0000000083000000, 0x0000000100000000)
[2020-12-23T00:53:18.383-0400][gc,heap        ] GC(369270)   region size 1024K, 1 young (1024K), 1 survivors (1024K)
[2020-12-23T00:53:18.384-0400][gc,heap        ] GC(369270)  Metaspace       used 61001K, capacity 63721K, committed 64768K, reserved 1107968K
[2020-12-23T00:53:18.384-0400][gc,heap        ] GC(369270)   class space    used 5712K, capacity 6559K, committed 6912K, reserved 1048576K
[2020-12-23T00:53:18.384-0400][gc             ] GC(369270) Pause Young (Normal) (G1 Evacuation Pause) 57M->47M(72M) 6.524ms
[2020-12-23T00:53:18.384-0400][gc,cpu         ] GC(369270) User=0.01s Sys=0.00s Real=0.00s
[2020-12-23T00:53:50.351-0400][gc,heap        ] GC(369271) Heap before GC invocations=369247 (full 10690): garbage-first heap   total 73728K, used 59342K [0x0000000083000000, 0x0000000100000000)
[2020-12-23T00:53:50.351-0400][gc,heap        ] GC(369271)   region size 1024K, 11 young (11264K), 1 survivors (1024K)
[2020-12-23T00:53:50.351-0400][gc,heap        ] GC(369271)  Metaspace       used 61001K, capacity 63721K, committed 64768K, reserved 1107968K
[2020-12-23T00:53:50.351-0400][gc,heap        ] GC(369271)   class space    used 5712K, capacity 6559K, committed 6912K, reserved 1048576K
[2020-12-23T00:53:50.351-0400][gc,start       ] GC(369271) Pause Young (Normal) (G1 Evacuation Pause)
[2020-12-23T00:53:50.351-0400][gc,task        ] GC(369271) Using 4 workers of 4 for evacuation
[2020-12-23T00:53:50.357-0400][gc,phases      ] GC(369271)   Pre Evacuate Collection Set: 0.0ms
[2020-12-23T00:53:50.357-0400][gc,phases      ] GC(369271)   Evacuate Collection Set: 3.6ms
[2020-12-23T00:53:50.357-0400][gc,phases      ] GC(369271)   Post Evacuate Collection Set: 1.7ms
[2020-12-23T00:53:50.357-0400][gc,phases      ] GC(369271)   Other: 0.8ms
[2020-12-23T00:53:50.357-0400][gc,heap        ] GC(369271) Eden regions: 10->0(10)
[2020-12-23T00:53:50.358-0400][gc,heap        ] GC(369271) Survivor regions: 1->1(2)
[2020-12-23T00:53:50.358-0400][gc,heap        ] GC(369271) Old regions: 47->47
[2020-12-23T00:53:50.358-0400][gc,heap        ] GC(369271) Humongous regions: 4->4
[2020-12-23T00:53:50.358-0400][gc,metaspace   ] GC(369271) Metaspace: 61001K->61001K(1107968K)
[2020-12-23T00:53:50.358-0400][gc,heap        ] GC(369271) Heap after GC invocations=369248 (full 10690): garbage-first heap   total 73728K, used 49140K [0x0000000083000000, 0x0000000100000000)
[2020-12-23T00:53:50.358-0400][gc,heap        ] GC(369271)   region size 1024K, 1 young (1024K), 1 survivors (1024K)
[2020-12-23T00:53:50.358-0400][gc,heap        ] GC(369271)  Metaspace       used 61001K, capacity 63721K, committed 64768K, reserved 1107968K
[2020-12-23T00:53:50.358-0400][gc,heap        ] GC(369271)   class space    used 5712K, capacity 6559K, committed 6912K, reserved 1048576K
[2020-12-23T00:53:50.358-0400][gc             ] GC(369271) Pause Young (Normal) (G1 Evacuation Pause) 57M->47M(72M) 6.660ms
[2020-12-23T00:53:50.358-0400][gc,cpu         ] GC(369271) User=0.01s Sys=0.00s Real=0.01s
[2020-12-23T00:54:21.698-0400][gc,heap        ] GC(369272) Heap before GC invocations=369248 (full 10690): garbage-first heap   total 73728K, used 58356K [0x0000000083000000, 0x0000000100000000)
[2020-12-23T00:54:21.698-0400][gc,heap        ] GC(369272)   region size 1024K, 11 young (11264K), 1 survivors (1024K)
[2020-12-23T00:54:21.698-0400][gc,heap        ] GC(369272)  Metaspace       used 61001K, capacity 63721K, committed 64768K, reserved 1107968K
[2020-12-23T00:54:21.698-0400][gc,heap        ] GC(369272)   class space    used 5712K, capacity 6559K, committed 6912K, reserved 1048576K
[2020-12-23T00:54:21.698-0400][gc,start       ] GC(369272) Pause Young (Normal) (G1 Evacuation Pause)
[2020-12-23T00:54:21.698-0400][gc,task        ] GC(369272) Using 4 workers of 4 for evacuation
[2020-12-23T00:54:21.704-0400][gc,phases      ] GC(369272)   Pre Evacuate Collection Set: 0.0ms
[2020-12-23T00:54:21.704-0400][gc,phases      ] GC(369272)   Evacuate Collection Set: 3.6ms
[2020-12-23T00:54:21.704-0400][gc,phases      ] GC(369272)   Post Evacuate Collection Set: 1.9ms
[2020-12-23T00:54:21.705-0400][gc,phases      ] GC(369272)   Other: 0.9ms
[2020-12-23T00:54:21.705-0400][gc,heap        ] GC(369272) Eden regions: 10->0(10)
[2020-12-23T00:54:21.705-0400][gc,heap        ] GC(369272) Survivor regions: 1->1(2)
[2020-12-23T00:54:21.705-0400][gc,heap        ] GC(369272) Old regions: 47->47
[2020-12-23T00:54:21.705-0400][gc,heap        ] GC(369272) Humongous regions: 4->4
[2020-12-23T00:54:21.705-0400][gc,metaspace   ] GC(369272) Metaspace: 61001K->61001K(1107968K)
[2020-12-23T00:54:21.705-0400][gc,heap        ] GC(369272) Heap after GC invocations=369249 (full 10690): garbage-first heap   total 73728K, used 49238K [0x0000000083000000, 0x0000000100000000)
[2020-12-23T00:54:21.705-0400][gc,heap        ] GC(369272)   region size 1024K, 1 young (1024K), 1 survivors (1024K)
[2020-12-23T00:54:21.705-0400][gc,heap        ] GC(369272)  Metaspace       used 61001K, capacity 63721K, committed 64768K, reserved 1107968K
[2020-12-23T00:54:21.705-0400][gc,heap        ] GC(369272)   class space    used 5712K, capacity 6559K, committed 6912K, reserved 1048576K
[2020-12-23T00:54:21.705-0400][gc             ] GC(369272) Pause Young (Normal) (G1 Evacuation Pause) 57M->48M(72M) 6.815ms
[2020-12-23T00:54:21.705-0400][gc,cpu         ] GC(369272) User=0.01s Sys=0.01s Real=0.00s
[2020-12-23T00:54:53.525-0400][gc,heap        ] GC(369273) Heap before GC invocations=369249 (full 10690): garbage-first heap   total 73728K, used 58454K [0x0000000083000000, 0x0000000100000000)
[2020-12-23T00:54:53.525-0400][gc,heap        ] GC(369273)   region size 1024K, 11 young (11264K), 1 survivors (1024K)
[2020-12-23T00:54:53.525-0400][gc,heap        ] GC(369273)  Metaspace       used 61001K, capacity 63721K, committed 64768K, reserved 1107968K
[2020-12-23T00:54:53.525-0400][gc,heap        ] GC(369273)   class space    used 5712K, capacity 6559K, committed 6912K, reserved 1048576K
[2020-12-23T00:54:53.525-0400][gc,start       ] GC(369273) Pause Young (Normal) (G1 Evacuation Pause)
[2020-12-23T00:54:53.525-0400][gc,task        ] GC(369273) Using 4 workers of 4 for evacuation
[2020-12-23T00:54:53.531-0400][gc,phases      ] GC(369273)   Pre Evacuate Collection Set: 0.0ms
[2020-12-23T00:54:53.531-0400][gc,phases      ] GC(369273)   Evacuate Collection Set: 3.7ms
[2020-12-23T00:54:53.531-0400][gc,phases      ] GC(369273)   Post Evacuate Collection Set: 1.8ms
[2020-12-23T00:54:53.531-0400][gc,phases      ] GC(369273)   Other: 0.9ms
[2020-12-23T00:54:53.531-0400][gc,heap        ] GC(369273) Eden regions: 10->0(10)
[2020-12-23T00:54:53.531-0400][gc,heap        ] GC(369273) Survivor regions: 1->1(2)
[2020-12-23T00:54:53.532-0400][gc,heap        ] GC(369273) Old regions: 47->47
[2020-12-23T00:54:53.532-0400][gc,heap        ] GC(369273) Humongous regions: 4->4
[2020-12-23T00:54:53.532-0400][gc,metaspace   ] GC(369273) Metaspace: 61001K->61001K(1107968K)
[2020-12-23T00:54:53.532-0400][gc,heap        ] GC(369273) Heap after GC invocations=369250 (full 10690): garbage-first heap   total 73728K, used 49228K [0x0000000083000000, 0x0000000100000000)
[2020-12-23T00:54:53.532-0400][gc,heap        ] GC(369273)   region size 1024K, 1 young (1024K), 1 survivors (1024K)
[2020-12-23T00:54:53.532-0400][gc,heap        ] GC(369273)  Metaspace       used 61001K, capacity 63721K, committed 64768K, reserved 1107968K
[2020-12-23T00:54:53.532-0400][gc,heap        ] GC(369273)   class space    used 5712K, capacity 6559K, committed 6912K, reserved 1048576K
[2020-12-23T00:54:53.532-0400][gc             ] GC(369273) Pause Young (Normal) (G1 Evacuation Pause) 58M->48M(72M) 6.790ms
[2020-12-23T00:54:53.532-0400][gc,cpu         ] GC(369273) User=0.02s Sys=0.01s Real=0.01s
[2020-12-23T00:55:18.224-0400][gc,heap        ] GC(369274) Heap before GC invocations=369250 (full 10690): garbage-first heap   total 73728K, used 58444K [0x0000000083000000, 0x0000000100000000)
[2020-12-23T00:55:18.225-0400][gc,heap        ] GC(369274)   region size 1024K, 11 young (11264K), 1 survivors (1024K)
[2020-12-23T00:55:18.225-0400][gc,heap        ] GC(369274)  Metaspace       used 61001K, capacity 63721K, committed 64768K, reserved 1107968K
[2020-12-23T00:55:18.225-0400][gc,heap        ] GC(369274)   class space    used 5712K, capacity 6559K, committed 6912K, reserved 1048576K
[2020-12-23T00:55:18.225-0400][gc,start       ] GC(369274) Pause Young (Normal) (G1 Evacuation Pause)
[2020-12-23T00:55:18.225-0400][gc,task        ] GC(369274) Using 4 workers of 4 for evacuation
[2020-12-23T00:55:18.232-0400][gc,phases      ] GC(369274)   Pre Evacuate Collection Set: 0.0ms
[2020-12-23T00:55:18.232-0400][gc,phases      ] GC(369274)   Evacuate Collection Set: 4.4ms
[2020-12-23T00:55:18.232-0400][gc,phases      ] GC(369274)   Post Evacuate Collection Set: 1.9ms
[2020-12-23T00:55:18.232-0400][gc,phases      ] GC(369274)   Other: 1.0ms
[2020-12-23T00:55:18.232-0400][gc,heap        ] GC(369274) Eden regions: 10->0(10)
[2020-12-23T00:55:18.232-0400][gc,heap        ] GC(369274) Survivor regions: 1->1(2)
[2020-12-23T00:55:18.232-0400][gc,heap        ] GC(369274) Old regions: 47->47
[2020-12-23T00:55:18.232-0400][gc,heap        ] GC(369274) Humongous regions: 4->4
[2020-12-23T00:55:18.232-0400][gc,metaspace   ] GC(369274) Metaspace: 61001K->61001K(1107968K)
[2020-12-23T00:55:18.232-0400][gc,heap        ] GC(369274) Heap after GC invocations=369251 (full 10690): garbage-first heap   total 73728K, used 49291K [0x0000000083000000, 0x0000000100000000)
[2020-12-23T00:55:18.232-0400][gc,heap        ] GC(369274)   region size 1024K, 1 young (1024K), 1 survivors (1024K)
[2020-12-23T00:55:18.232-0400][gc,heap        ] GC(369274)  Metaspace       used 61001K, capacity 63721K, committed 64768K, reserved 1107968K
[2020-12-23T00:55:18.232-0400][gc,heap        ] GC(369274)   class space    used 5712K, capacity 6559K, committed 6912K, reserved 1048576K
[2020-12-23T00:55:18.233-0400][gc             ] GC(369274) Pause Young (Normal) (G1 Evacuation Pause) 58M->48M(72M) 7.667ms
[2020-12-23T00:55:18.233-0400][gc,cpu         ] GC(369274) User=0.01s Sys=0.01s Real=0.01s
[2020-12-23T00:56:00.025-0400][gc,heap        ] GC(369275) Heap before GC invocations=369251 (full 10690): garbage-first heap   total 73728K, used 58507K [0x0000000083000000, 0x0000000100000000)
[2020-12-23T00:56:00.025-0400][gc,heap        ] GC(369275)   region size 1024K, 11 young (11264K), 1 survivors (1024K)
[2020-12-23T00:56:00.025-0400][gc,heap        ] GC(369275)  Metaspace       used 61001K, capacity 63721K, committed 64768K, reserved 1107968K
[2020-12-23T00:56:00.025-0400][gc,heap        ] GC(369275)   class space    used 5712K, capacity 6559K, committed 6912K, reserved 1048576K
[2020-12-23T00:56:00.025-0400][gc,start       ] GC(369275) Pause Young (Normal) (G1 Evacuation Pause)
[2020-12-23T00:56:00.025-0400][gc,task        ] GC(369275) Using 4 workers of 4 for evacuation
[2020-12-23T00:56:00.031-0400][gc,phases      ] GC(369275)   Pre Evacuate Collection Set: 0.0ms
[2020-12-23T00:56:00.032-0400][gc,phases      ] GC(369275)   Evacuate Collection Set: 4.2ms
[2020-12-23T00:56:00.032-0400][gc,phases      ] GC(369275)   Post Evacuate Collection Set: 1.7ms
[2020-12-23T00:56:00.032-0400][gc,phases      ] GC(369275)   Other: 1.0ms
[2020-12-23T00:56:00.032-0400][gc,heap        ] GC(369275) Eden regions: 10->0(10)
[2020-12-23T00:56:00.032-0400][gc,heap        ] GC(369275) Survivor regions: 1->1(2)
[2020-12-23T00:56:00.032-0400][gc,heap        ] GC(369275) Old regions: 47->47
[2020-12-23T00:56:00.032-0400][gc,heap        ] GC(369275) Humongous regions: 4->4
[2020-12-23T00:56:00.032-0400][gc,metaspace   ] GC(369275) Metaspace: 61001K->61001K(1107968K)
[2020-12-23T00:56:00.032-0400][gc,heap        ] GC(369275) Heap after GC invocations=369252 (full 10690): garbage-first heap   total 73728K, used 49376K [0x0000000083000000, 0x0000000100000000)
[2020-12-23T00:56:00.032-0400][gc,heap        ] GC(369275)   region size 1024K, 1 young (1024K), 1 survivors (1024K)
[2020-12-23T00:56:00.032-0400][gc,heap        ] GC(369275)  Metaspace       used 61001K, capacity 63721K, committed 64768K, reserved 1107968K
[2020-12-23T00:56:00.032-0400][gc,heap        ] GC(369275)   class space    used 5712K, capacity 6559K, committed 6912K, reserved 1048576K
[2020-12-23T00:56:00.032-0400][gc             ] GC(369275) Pause Young (Normal) (G1 Evacuation Pause) 58M->48M(72M) 7.210ms
[2020-12-23T00:56:00.032-0400][gc,cpu         ] GC(369275) User=0.02s Sys=0.00s Real=0.01s
[2020-12-23T00:56:34.448-0400][gc,heap        ] GC(369276) Heap before GC invocations=369252 (full 10690): garbage-first heap   total 73728K, used 58592K [0x0000000083000000, 0x0000000100000000)
[2020-12-23T00:56:34.448-0400][gc,heap        ] GC(369276)   region size 1024K, 11 young (11264K), 1 survivors (1024K)
[2020-12-23T00:56:34.448-0400][gc,heap        ] GC(369276)  Metaspace       used 61001K, capacity 63721K, committed 64768K, reserved 1107968K
[2020-12-23T00:56:34.448-0400][gc,heap        ] GC(369276)   class space    used 5712K, capacity 6559K, committed 6912K, reserved 1048576K
[2020-12-23T00:56:34.448-0400][gc,start       ] GC(369276) Pause Young (Normal) (G1 Evacuation Pause)
[2020-12-23T00:56:34.449-0400][gc,task        ] GC(369276) Using 4 workers of 4 for evacuation
[2020-12-23T00:56:34.455-0400][gc,phases      ] GC(369276)   Pre Evacuate Collection Set: 0.0ms
[2020-12-23T00:56:34.455-0400][gc,phases      ] GC(369276)   Evacuate Collection Set: 3.9ms
[2020-12-23T00:56:34.455-0400][gc,phases      ] GC(369276)   Post Evacuate Collection Set: 1.6ms
[2020-12-23T00:56:34.455-0400][gc,phases      ] GC(369276)   Other: 1.0ms
[2020-12-23T00:56:34.455-0400][gc,heap        ] GC(369276) Eden regions: 10->0(10)
[2020-12-23T00:56:34.455-0400][gc,heap        ] GC(369276) Survivor regions: 1->1(2)
[2020-12-23T00:56:34.455-0400][gc,heap        ] GC(369276) Old regions: 47->47
[2020-12-23T00:56:34.455-0400][gc,heap        ] GC(369276) Humongous regions: 4->4
[2020-12-23T00:56:34.455-0400][gc,metaspace   ] GC(369276) Metaspace: 61001K->61001K(1107968K)
[2020-12-23T00:56:34.455-0400][gc,heap        ] GC(369276) Heap after GC invocations=369253 (full 10690): garbage-first heap   total 73728K, used 49326K [0x0000000083000000, 0x0000000100000000)
[2020-12-23T00:56:34.455-0400][gc,heap        ] GC(369276)   region size 1024K, 1 young (1024K), 1 survivors (1024K)
[2020-12-23T00:56:34.455-0400][gc,heap        ] GC(369276)  Metaspace       used 61001K, capacity 63721K, committed 64768K, reserved 1107968K
[2020-12-23T00:56:34.455-0400][gc,heap        ] GC(369276)   class space    used 5712K, capacity 6559K, committed 6912K, reserved 1048576K
[2020-12-23T00:56:34.455-0400][gc             ] GC(369276) Pause Young (Normal) (G1 Evacuation Pause) 58M->48M(72M) 6.937ms
[2020-12-23T00:56:34.456-0400][gc,cpu         ] GC(369276) User=0.01s Sys=0.02s Real=0.00s
[2020-12-23T00:56:50.924-0400][gc,task        ] GC(369277) Using 3 workers of 4 for full compaction
[2020-12-23T00:56:50.924-0400][gc,start       ] GC(369277) Pause Full (System.gc())
[2020-12-23T00:56:50.924-0400][gc,heap        ] GC(369277) Heap before GC invocations=369253 (full 10690): garbage-first heap   total 73728K, used 51374K [0x0000000083000000, 0x0000000100000000)
[2020-12-23T00:56:50.924-0400][gc,heap        ] GC(369277)   region size 1024K, 5 young (5120K), 1 survivors (1024K)
[2020-12-23T00:56:50.924-0400][gc,heap        ] GC(369277)  Metaspace       used 61001K, capacity 63721K, committed 64768K, reserved 1107968K
[2020-12-23T00:56:50.924-0400][gc,heap        ] GC(369277)   class space    used 5712K, capacity 6559K, committed 6912K, reserved 1048576K
[2020-12-23T00:56:50.927-0400][gc,phases,start] GC(369277) Phase 1: Mark live objects
[2020-12-23T00:56:51.071-0400][gc,stringtable ] GC(369277) Cleaned string and symbol table, strings: 32200 processed, 0 removed, symbols: 131451 processed, 0 removed
[2020-12-23T00:56:51.071-0400][gc,phases      ] GC(369277) Phase 1: Mark live objects 143.961ms
[2020-12-23T00:56:51.071-0400][gc,phases,start] GC(369277) Phase 2: Prepare for compaction
[2020-12-23T00:56:51.101-0400][gc,phases      ] GC(369277) Phase 2: Prepare for compaction 29.528ms
[2020-12-23T00:56:51.101-0400][gc,phases,start] GC(369277) Phase 3: Adjust pointers
[2020-12-23T00:56:51.180-0400][gc,phases      ] GC(369277) Phase 3: Adjust pointers 79.546ms
[2020-12-23T00:56:51.180-0400][gc,phases,start] GC(369277) Phase 4: Compact heap
[2020-12-23T00:56:51.203-0400][gc,phases      ] GC(369277) Phase 4: Compact heap 22.701ms
[2020-12-23T00:56:51.239-0400][gc,heap        ] GC(369277) Eden regions: 4->0(11)
[2020-12-23T00:56:51.239-0400][gc,heap        ] GC(369277) Survivor regions: 1->0(2)
[2020-12-23T00:56:51.239-0400][gc,heap        ] GC(369277) Old regions: 47->46
[2020-12-23T00:56:51.239-0400][gc,heap        ] GC(369277) Humongous regions: 4->4
[2020-12-23T00:56:51.239-0400][gc,metaspace   ] GC(369277) Metaspace: 61001K->61001K(1107968K)
[2020-12-23T00:56:51.239-0400][gc,heap        ] GC(369277) Heap after GC invocations=369254 (full 10691): garbage-first heap   total 73728K, used 48545K [0x0000000083000000, 0x0000000100000000)
[2020-12-23T00:56:51.240-0400][gc,heap        ] GC(369277)   region size 1024K, 0 young (0K), 0 survivors (0K)
[2020-12-23T00:56:51.240-0400][gc,heap        ] GC(369277)  Metaspace       used 61001K, capacity 63721K, committed 64768K, reserved 1107968K
[2020-12-23T00:56:51.240-0400][gc,heap        ] GC(369277)   class space    used 5712K, capacity 6559K, committed 6912K, reserved 1048576K
[2020-12-23T00:56:51.240-0400][gc             ] GC(369277) Pause Full (System.gc()) 51M->47M(72M) 315.602ms
[2020-12-23T00:56:51.240-0400][gc,cpu         ] GC(369277) User=0.84s Sys=0.00s Real=0.32s
[2020-12-23T00:57:24.984-0400][gc,heap        ] GC(369278) Heap before GC invocations=369254 (full 10691): garbage-first heap   total 73728K, used 59809K [0x0000000083000000, 0x0000000100000000)
[2020-12-23T00:57:24.985-0400][gc,heap        ] GC(369278)   region size 1024K, 11 young (11264K), 0 survivors (0K)
[2020-12-23T00:57:24.985-0400][gc,heap        ] GC(369278)  Metaspace       used 61001K, capacity 63721K, committed 64768K, reserved 1107968K
[2020-12-23T00:57:24.985-0400][gc,heap        ] GC(369278)   class space    used 5712K, capacity 6559K, committed 6912K, reserved 1048576K
[2020-12-23T00:57:24.985-0400][gc,start       ] GC(369278) Pause Young (Normal) (G1 Evacuation Pause)
[2020-12-23T00:57:24.985-0400][gc,task        ] GC(369278) Using 4 workers of 4 for evacuation
[2020-12-23T00:57:24.990-0400][gc,phases      ] GC(369278)   Pre Evacuate Collection Set: 0.0ms
[2020-12-23T00:57:24.990-0400][gc,phases      ] GC(369278)   Evacuate Collection Set: 2.9ms
[2020-12-23T00:57:24.990-0400][gc,phases      ] GC(369278)   Post Evacuate Collection Set: 1.8ms
[2020-12-23T00:57:24.990-0400][gc,phases      ] GC(369278)   Other: 0.9ms
[2020-12-23T00:57:24.990-0400][gc,heap        ] GC(369278) Eden regions: 11->0(11)
[2020-12-23T00:57:24.990-0400][gc,heap        ] GC(369278) Survivor regions: 0->1(2)
[2020-12-23T00:57:24.990-0400][gc,heap        ] GC(369278) Old regions: 46->46
[2020-12-23T00:57:24.990-0400][gc,heap        ] GC(369278) Humongous regions: 4->4
[2020-12-23T00:57:24.990-0400][gc,metaspace   ] GC(369278) Metaspace: 61001K->61001K(1107968K)
[2020-12-23T00:57:24.991-0400][gc,heap        ] GC(369278) Heap after GC invocations=369255 (full 10691): garbage-first heap   total 73728K, used 48835K [0x0000000083000000, 0x0000000100000000)
[2020-12-23T00:57:24.991-0400][gc,heap        ] GC(369278)   region size 1024K, 1 young (1024K), 1 survivors (1024K)
[2020-12-23T00:57:24.991-0400][gc,heap        ] GC(369278)  Metaspace       used 61001K, capacity 63721K, committed 64768K, reserved 1107968K
[2020-12-23T00:57:24.991-0400][gc,heap        ] GC(369278)   class space    used 5712K, capacity 6559K, committed 6912K, reserved 1048576K
[2020-12-23T00:57:24.991-0400][gc             ] GC(369278) Pause Young (Normal) (G1 Evacuation Pause) 58M->47M(72M) 5.891ms
[2020-12-23T00:57:24.991-0400][gc,cpu         ] GC(369278) User=0.02s Sys=0.00s Real=0.01s
[2020-12-23T00:58:05.258-0400][gc,heap        ] GC(369279) Heap before GC invocations=369255 (full 10691): garbage-first heap   total 73728K, used 59075K [0x0000000083000000, 0x0000000100000000)
[2020-12-23T00:58:05.259-0400][gc,heap        ] GC(369279)   region size 1024K, 12 young (12288K), 1 survivors (1024K)
[2020-12-23T00:58:05.259-0400][gc,heap        ] GC(369279)  Metaspace       used 61001K, capacity 63721K, committed 64768K, reserved 1107968K
[2020-12-23T00:58:05.259-0400][gc,heap        ] GC(369279)   class space    used 5712K, capacity 6559K, committed 6912K, reserved 1048576K
[2020-12-23T00:58:05.259-0400][gc,start       ] GC(369279) Pause Young (Normal) (G1 Evacuation Pause)
[2020-12-23T00:58:05.259-0400][gc,task        ] GC(369279) Using 4 workers of 4 for evacuation
[2020-12-23T00:58:05.264-0400][gc,phases      ] GC(369279)   Pre Evacuate Collection Set: 0.0ms
[2020-12-23T00:58:05.264-0400][gc,phases      ] GC(369279)   Evacuate Collection Set: 3.2ms
[2020-12-23T00:58:05.264-0400][gc,phases      ] GC(369279)   Post Evacuate Collection Set: 1.8ms
[2020-12-23T00:58:05.265-0400][gc,phases      ] GC(369279)   Other: 0.9ms
[2020-12-23T00:58:05.265-0400][gc,heap        ] GC(369279) Eden regions: 11->0(11)
[2020-12-23T00:58:05.265-0400][gc,heap        ] GC(369279) Survivor regions: 1->1(2)
[2020-12-23T00:58:05.265-0400][gc,heap        ] GC(369279) Old regions: 46->46
[2020-12-23T00:58:05.265-0400][gc,heap        ] GC(369279) Humongous regions: 4->4
[2020-12-23T00:58:05.265-0400][gc,metaspace   ] GC(369279) Metaspace: 61001K->61001K(1107968K)
[2020-12-23T00:58:05.265-0400][gc,heap        ] GC(369279) Heap after GC invocations=369256 (full 10691): garbage-first heap   total 73728K, used 48944K [0x0000000083000000, 0x0000000100000000)
[2020-12-23T00:58:05.265-0400][gc,heap        ] GC(369279)   region size 1024K, 1 young (1024K), 1 survivors (1024K)
[2020-12-23T00:58:05.265-0400][gc,heap        ] GC(369279)  Metaspace       used 61001K, capacity 63721K, committed 64768K, reserved 1107968K
[2020-12-23T00:58:05.265-0400][gc,heap        ] GC(369279)   class space    used 5712K, capacity 6559K, committed 6912K, reserved 1048576K
[2020-12-23T00:58:05.265-0400][gc             ] GC(369279) Pause Young (Normal) (G1 Evacuation Pause) 58M->47M(72M) 6.335ms
[2020-12-23T00:58:05.265-0400][gc,cpu         ] GC(369279) User=0.01s Sys=0.01s Real=0.00s
[2020-12-23T00:58:43.890-0400][gc,heap        ] GC(369280) Heap before GC invocations=369256 (full 10691): garbage-first heap   total 73728K, used 59184K [0x0000000083000000, 0x0000000100000000)
[2020-12-23T00:58:43.891-0400][gc,heap        ] GC(369280)   region size 1024K, 12 young (12288K), 1 survivors (1024K)
[2020-12-23T00:58:43.891-0400][gc,heap        ] GC(369280)  Metaspace       used 61001K, capacity 63721K, committed 64768K, reserved 1107968K
[2020-12-23T00:58:43.891-0400][gc,heap        ] GC(369280)   class space    used 5712K, capacity 6559K, committed 6912K, reserved 1048576K
[2020-12-23T00:58:43.891-0400][gc,start       ] GC(369280) Pause Young (Normal) (G1 Evacuation Pause)
[2020-12-23T00:58:43.891-0400][gc,task        ] GC(369280) Using 4 workers of 4 for evacuation
[2020-12-23T00:58:43.896-0400][gc,phases      ] GC(369280)   Pre Evacuate Collection Set: 0.0ms
[2020-12-23T00:58:43.896-0400][gc,phases      ] GC(369280)   Evacuate Collection Set: 3.1ms
[2020-12-23T00:58:43.897-0400][gc,phases      ] GC(369280)   Post Evacuate Collection Set: 1.8ms
[2020-12-23T00:58:43.897-0400][gc,phases      ] GC(369280)   Other: 0.9ms
[2020-12-23T00:58:43.897-0400][gc,heap        ] GC(369280) Eden regions: 11->0(11)
[2020-12-23T00:58:43.897-0400][gc,heap        ] GC(369280) Survivor regions: 1->1(2)
[2020-12-23T00:58:43.897-0400][gc,heap        ] GC(369280) Old regions: 46->46
[2020-12-23T00:58:43.897-0400][gc,heap        ] GC(369280) Humongous regions: 4->4
[2020-12-23T00:58:43.897-0400][gc,metaspace   ] GC(369280) Metaspace: 61001K->61001K(1107968K)
[2020-12-23T00:58:43.897-0400][gc,heap        ] GC(369280) Heap after GC invocations=369257 (full 10691): garbage-first heap   total 73728K, used 48900K [0x0000000083000000, 0x0000000100000000)
[2020-12-23T00:58:43.897-0400][gc,heap        ] GC(369280)   region size 1024K, 1 young (1024K), 1 survivors (1024K)
[2020-12-23T00:58:43.897-0400][gc,heap        ] GC(369280)  Metaspace       used 61001K, capacity 63721K, committed 64768K, reserved 1107968K
[2020-12-23T00:58:43.897-0400][gc,heap        ] GC(369280)   class space    used 5712K, capacity 6559K, committed 6912K, reserved 1048576K
[2020-12-23T00:58:43.897-0400][gc             ] GC(369280) Pause Young (Normal) (G1 Evacuation Pause) 58M->47M(72M) 6.319ms
[2020-12-23T00:58:43.897-0400][gc,cpu         ] GC(369280) User=0.02s Sys=0.00s Real=0.01s
[2020-12-23T00:59:20.314-0400][gc,heap        ] GC(369281) Heap before GC invocations=369257 (full 10691): garbage-first heap   total 73728K, used 59140K [0x0000000083000000, 0x0000000100000000)
[2020-12-23T00:59:20.314-0400][gc,heap        ] GC(369281)   region size 1024K, 12 young (12288K), 1 survivors (1024K)
[2020-12-23T00:59:20.314-0400][gc,heap        ] GC(369281)  Metaspace       used 61001K, capacity 63721K, committed 64768K, reserved 1107968K
[2020-12-23T00:59:20.314-0400][gc,heap        ] GC(369281)   class space    used 5712K, capacity 6559K, committed 6912K, reserved 1048576K
[2020-12-23T00:59:20.315-0400][gc,start       ] GC(369281) Pause Young (Normal) (G1 Evacuation Pause)
[2020-12-23T00:59:20.315-0400][gc,task        ] GC(369281) Using 4 workers of 4 for evacuation
[2020-12-23T00:59:20.320-0400][gc,phases      ] GC(369281)   Pre Evacuate Collection Set: 0.0ms
[2020-12-23T00:59:20.320-0400][gc,phases      ] GC(369281)   Evacuate Collection Set: 3.0ms
[2020-12-23T00:59:20.320-0400][gc,phases      ] GC(369281)   Post Evacuate Collection Set: 1.6ms
[2020-12-23T00:59:20.320-0400][gc,phases      ] GC(369281)   Other: 0.9ms
[2020-12-23T00:59:20.320-0400][gc,heap        ] GC(369281) Eden regions: 11->0(11)
[2020-12-23T00:59:20.320-0400][gc,heap        ] GC(369281) Survivor regions: 1->1(2)
[2020-12-23T00:59:20.320-0400][gc,heap        ] GC(369281) Old regions: 46->46
[2020-12-23T00:59:20.320-0400][gc,heap        ] GC(369281) Humongous regions: 4->4
[2020-12-23T00:59:20.320-0400][gc,metaspace   ] GC(369281) Metaspace: 61001K->61001K(1107968K)
[2020-12-23T00:59:20.320-0400][gc,heap        ] GC(369281) Heap after GC invocations=369258 (full 10691): garbage-first heap   total 73728K, used 48855K [0x0000000083000000, 0x0000000100000000)
[2020-12-23T00:59:20.320-0400][gc,heap        ] GC(369281)   region size 1024K, 1 young (1024K), 1 survivors (1024K)
[2020-12-23T00:59:20.320-0400][gc,heap        ] GC(369281)  Metaspace       used 61001K, capacity 63721K, committed 64768K, reserved 1107968K
[2020-12-23T00:59:20.321-0400][gc,heap        ] GC(369281)   class space    used 5712K, capacity 6559K, committed 6912K, reserved 1048576K
[2020-12-23T00:59:20.321-0400][gc             ] GC(369281) Pause Young (Normal) (G1 Evacuation Pause) 58M->47M(72M) 5.951ms
[2020-12-23T00:59:20.321-0400][gc,cpu         ] GC(369281) User=0.01s Sys=0.01s Real=0.01s
[2020-12-23T00:59:56.364-0400][gc,heap        ] GC(369282) Heap before GC invocations=369258 (full 10691): garbage-first heap   total 73728K, used 59095K [0x0000000083000000, 0x0000000100000000)
[2020-12-23T00:59:56.364-0400][gc,heap        ] GC(369282)   region size 1024K, 12 young (12288K), 1 survivors (1024K)
[2020-12-23T00:59:56.364-0400][gc,heap        ] GC(369282)  Metaspace       used 61001K, capacity 63721K, committed 64768K, reserved 1107968K
[2020-12-23T00:59:56.364-0400][gc,heap        ] GC(369282)   class space    used 5712K, capacity 6559K, committed 6912K, reserved 1048576K
[2020-12-23T00:59:56.365-0400][gc,start       ] GC(369282) Pause Young (Normal) (G1 Evacuation Pause)
[2020-12-23T00:59:56.365-0400][gc,task        ] GC(369282) Using 4 workers of 4 for evacuation
[2020-12-23T00:59:56.370-0400][gc,phases      ] GC(369282)   Pre Evacuate Collection Set: 0.0ms
[2020-12-23T00:59:56.370-0400][gc,phases      ] GC(369282)   Evacuate Collection Set: 3.3ms
[2020-12-23T00:59:56.370-0400][gc,phases      ] GC(369282)   Post Evacuate Collection Set: 1.8ms
[2020-12-23T00:59:56.370-0400][gc,phases      ] GC(369282)   Other: 0.8ms
[2020-12-23T00:59:56.371-0400][gc,heap        ] GC(369282) Eden regions: 11->0(11)
[2020-12-23T00:59:56.371-0400][gc,heap        ] GC(369282) Survivor regions: 1->1(2)
[2020-12-23T00:59:56.371-0400][gc,heap        ] GC(369282) Old regions: 46->46
[2020-12-23T00:59:56.371-0400][gc,heap        ] GC(369282) Humongous regions: 4->4
[2020-12-23T00:59:56.371-0400][gc,metaspace   ] GC(369282) Metaspace: 61001K->61001K(1107968K)
[2020-12-23T00:59:56.371-0400][gc,heap        ] GC(369282) Heap after GC invocations=369259 (full 10691): garbage-first heap   total 73728K, used 48891K [0x0000000083000000, 0x0000000100000000)
[2020-12-23T00:59:56.371-0400][gc,heap        ] GC(369282)   region size 1024K, 1 young (1024K), 1 survivors (1024K)
[2020-12-23T00:59:56.371-0400][gc,heap        ] GC(369282)  Metaspace       used 61001K, capacity 63721K, committed 64768K, reserved 1107968K
[2020-12-23T00:59:56.371-0400][gc,heap        ] GC(369282)   class space    used 5712K, capacity 6559K, committed 6912K, reserved 1048576K
[2020-12-23T00:59:56.371-0400][gc             ] GC(369282) Pause Young (Normal) (G1 Evacuation Pause) 58M->47M(72M) 6.482ms
[2020-12-23T00:59:56.371-0400][gc,cpu         ] GC(369282) User=0.01s Sys=0.01s Real=0.01s
[2020-12-23T01:00:06.550-0400][gc,heap        ] GC(369283) Heap before GC invocations=369259 (full 10691): garbage-first heap   total 73728K, used 59131K [0x0000000083000000, 0x0000000100000000)
[2020-12-23T01:00:06.550-0400][gc,heap        ] GC(369283)   region size 1024K, 12 young (12288K), 1 survivors (1024K)
[2020-12-23T01:00:06.550-0400][gc,heap        ] GC(369283)  Metaspace       used 61001K, capacity 63721K, committed 64768K, reserved 1107968K
[2020-12-23T01:00:06.550-0400][gc,heap        ] GC(369283)   class space    used 5712K, capacity 6559K, committed 6912K, reserved 1048576K
[2020-12-23T01:00:06.550-0400][gc,start       ] GC(369283) Pause Young (Normal) (G1 Evacuation Pause)
[2020-12-23T01:00:06.550-0400][gc,task        ] GC(369283) Using 4 workers of 4 for evacuation
[2020-12-23T01:00:06.556-0400][gc,phases      ] GC(369283)   Pre Evacuate Collection Set: 0.1ms
[2020-12-23T01:00:06.557-0400][gc,phases      ] GC(369283)   Evacuate Collection Set: 3.6ms
[2020-12-23T01:00:06.557-0400][gc,phases      ] GC(369283)   Post Evacuate Collection Set: 1.9ms
[2020-12-23T01:00:06.557-0400][gc,phases      ] GC(369283)   Other: 1.1ms
[2020-12-23T01:00:06.557-0400][gc,heap        ] GC(369283) Eden regions: 11->0(11)
[2020-12-23T01:00:06.557-0400][gc,heap        ] GC(369283) Survivor regions: 1->1(2)
[2020-12-23T01:00:06.557-0400][gc,heap        ] GC(369283) Old regions: 46->46
[2020-12-23T01:00:06.557-0400][gc,heap        ] GC(369283) Humongous regions: 4->4
[2020-12-23T01:00:06.557-0400][gc,metaspace   ] GC(369283) Metaspace: 61001K->61001K(1107968K)
[2020-12-23T01:00:06.557-0400][gc,heap        ] GC(369283) Heap after GC invocations=369260 (full 10691): garbage-first heap   total 73728K, used 48978K [0x0000000083000000, 0x0000000100000000)
[2020-12-23T01:00:06.557-0400][gc,heap        ] GC(369283)   region size 1024K, 1 young (1024K), 1 survivors (1024K)
[2020-12-23T01:00:06.557-0400][gc,heap        ] GC(369283)  Metaspace       used 61001K, capacity 63721K, committed 64768K, reserved 1107968K
[2020-12-23T01:00:06.557-0400][gc,heap        ] GC(369283)   class space    used 5712K, capacity 6559K, committed 6912K, reserved 1048576K
[2020-12-23T01:00:06.557-0400][gc             ] GC(369283) Pause Young (Normal) (G1 Evacuation Pause) 58M->47M(72M) 7.256ms
[2020-12-23T01:00:06.558-0400][gc,cpu         ] GC(369283) User=0.02s Sys=0.00s Real=0.01s
[2020-12-23T01:00:59.425-0400][gc,heap        ] GC(369284) Heap before GC invocations=369260 (full 10691): garbage-first heap   total 73728K, used 59218K [0x0000000083000000, 0x0000000100000000)
[2020-12-23T01:00:59.425-0400][gc,heap        ] GC(369284)   region size 1024K, 12 young (12288K), 1 survivors (1024K)
[2020-12-23T01:00:59.425-0400][gc,heap        ] GC(369284)  Metaspace       used 61001K, capacity 63721K, committed 64768K, reserved 1107968K
[2020-12-23T01:00:59.426-0400][gc,heap        ] GC(369284)   class space    used 5712K, capacity 6559K, committed 6912K, reserved 1048576K
[2020-12-23T01:00:59.426-0400][gc,start       ] GC(369284) Pause Young (Normal) (G1 Evacuation Pause)
[2020-12-23T01:00:59.426-0400][gc,task        ] GC(369284) Using 4 workers of 4 for evacuation
[2020-12-23T01:00:59.431-0400][gc,phases      ] GC(369284)   Pre Evacuate Collection Set: 0.0ms
[2020-12-23T01:00:59.431-0400][gc,phases      ] GC(369284)   Evacuate Collection Set: 3.0ms
[2020-12-23T01:00:59.431-0400][gc,phases      ] GC(369284)   Post Evacuate Collection Set: 1.7ms
[2020-12-23T01:00:59.432-0400][gc,phases      ] GC(369284)   Other: 1.3ms
[2020-12-23T01:00:59.432-0400][gc,heap        ] GC(369284) Eden regions: 11->0(11)
[2020-12-23T01:00:59.432-0400][gc,heap        ] GC(369284) Survivor regions: 1->1(2)
[2020-12-23T01:00:59.432-0400][gc,heap        ] GC(369284) Old regions: 46->46
[2020-12-23T01:00:59.432-0400][gc,heap        ] GC(369284) Humongous regions: 4->4
[2020-12-23T01:00:59.432-0400][gc,metaspace   ] GC(369284) Metaspace: 61001K->61001K(1107968K)
[2020-12-23T01:00:59.432-0400][gc,heap        ] GC(369284) Heap after GC invocations=369261 (full 10691): garbage-first heap   total 73728K, used 48886K [0x0000000083000000, 0x0000000100000000)
[2020-12-23T01:00:59.432-0400][gc,heap        ] GC(369284)   region size 1024K, 1 young (1024K), 1 survivors (1024K)
[2020-12-23T01:00:59.432-0400][gc,heap        ] GC(369284)  Metaspace       used 61001K, capacity 63721K, committed 64768K, reserved 1107968K
[2020-12-23T01:00:59.432-0400][gc,heap        ] GC(369284)   class space    used 5712K, capacity 6559K, committed 6912K, reserved 1048576K
[2020-12-23T01:00:59.432-0400][gc             ] GC(369284) Pause Young (Normal) (G1 Evacuation Pause) 58M->47M(72M) 6.136ms
[2020-12-23T01:00:59.432-0400][gc,cpu         ] GC(369284) User=0.01s Sys=0.01s Real=0.00s
[2020-12-23T01:01:37.352-0400][gc,heap        ] GC(369285) Heap before GC invocations=369261 (full 10691): garbage-first heap   total 73728K, used 59126K [0x0000000083000000, 0x0000000100000000)
[2020-12-23T01:01:37.352-0400][gc,heap        ] GC(369285)   region size 1024K, 12 young (12288K), 1 survivors (1024K)
[2020-12-23T01:01:37.352-0400][gc,heap        ] GC(369285)  Metaspace       used 61001K, capacity 63721K, committed 64768K, reserved 1107968K
[2020-12-23T01:01:37.352-0400][gc,heap        ] GC(369285)   class space    used 5712K, capacity 6559K, committed 6912K, reserved 1048576K
[2020-12-23T01:01:37.352-0400][gc,start       ] GC(369285) Pause Young (Normal) (G1 Evacuation Pause)
[2020-12-23T01:01:37.352-0400][gc,task        ] GC(369285) Using 4 workers of 4 for evacuation
[2020-12-23T01:01:37.358-0400][gc,phases      ] GC(369285)   Pre Evacuate Collection Set: 0.0ms
[2020-12-23T01:01:37.358-0400][gc,phases      ] GC(369285)   Evacuate Collection Set: 3.4ms
[2020-12-23T01:01:37.358-0400][gc,phases      ] GC(369285)   Post Evacuate Collection Set: 1.7ms
[2020-12-23T01:01:37.358-0400][gc,phases      ] GC(369285)   Other: 0.9ms
[2020-12-23T01:01:37.358-0400][gc,heap        ] GC(369285) Eden regions: 11->0(11)
[2020-12-23T01:01:37.358-0400][gc,heap        ] GC(369285) Survivor regions: 1->1(2)
[2020-12-23T01:01:37.358-0400][gc,heap        ] GC(369285) Old regions: 46->46
[2020-12-23T01:01:37.359-0400][gc,heap        ] GC(369285) Humongous regions: 4->4
[2020-12-23T01:01:37.359-0400][gc,metaspace   ] GC(369285) Metaspace: 61001K->61001K(1107968K)
[2020-12-23T01:01:37.359-0400][gc,heap        ] GC(369285) Heap after GC invocations=369262 (full 10691): garbage-first heap   total 73728K, used 48953K [0x0000000083000000, 0x0000000100000000)
[2020-12-23T01:01:37.359-0400][gc,heap        ] GC(369285)   region size 1024K, 1 young (1024K), 1 survivors (1024K)
[2020-12-23T01:01:37.359-0400][gc,heap        ] GC(369285)  Metaspace       used 61001K, capacity 63721K, committed 64768K, reserved 1107968K
[2020-12-23T01:01:37.359-0400][gc,heap        ] GC(369285)   class space    used 5712K, capacity 6559K, committed 6912K, reserved 1048576K
[2020-12-23T01:01:37.359-0400][gc             ] GC(369285) Pause Young (Normal) (G1 Evacuation Pause) 58M->47M(72M) 6.415ms
[2020-12-23T01:01:37.359-0400][gc,cpu         ] GC(369285) User=0.02s Sys=0.00s Real=0.01s
[2020-12-23T01:01:50.924-0400][gc,task        ] GC(369286) Using 3 workers of 4 for full compaction
[2020-12-23T01:01:50.924-0400][gc,start       ] GC(369286) Pause Full (System.gc())
[2020-12-23T01:01:50.924-0400][gc,heap        ] GC(369286) Heap before GC invocations=369262 (full 10691): garbage-first heap   total 73728K, used 52025K [0x0000000083000000, 0x0000000100000000)
[2020-12-23T01:01:50.924-0400][gc,heap        ] GC(369286)   region size 1024K, 5 young (5120K), 1 survivors (1024K)
[2020-12-23T01:01:50.924-0400][gc,heap        ] GC(369286)  Metaspace       used 61001K, capacity 63721K, committed 64768K, reserved 1107968K
[2020-12-23T01:01:50.925-0400][gc,heap        ] GC(369286)   class space    used 5712K, capacity 6559K, committed 6912K, reserved 1048576K
[2020-12-23T01:01:50.927-0400][gc,phases,start] GC(369286) Phase 1: Mark live objects
[2020-12-23T01:01:51.074-0400][gc,stringtable ] GC(369286) Cleaned string and symbol table, strings: 32200 processed, 0 removed, symbols: 131451 processed, 0 removed
[2020-12-23T01:01:51.074-0400][gc,phases      ] GC(369286) Phase 1: Mark live objects 146.940ms
[2020-12-23T01:01:51.074-0400][gc,phases,start] GC(369286) Phase 2: Prepare for compaction
[2020-12-23T01:01:51.104-0400][gc,phases      ] GC(369286) Phase 2: Prepare for compaction 29.930ms
[2020-12-23T01:01:51.104-0400][gc,phases,start] GC(369286) Phase 3: Adjust pointers
[2020-12-23T01:01:51.182-0400][gc,phases      ] GC(369286) Phase 3: Adjust pointers 78.324ms
[2020-12-23T01:01:51.182-0400][gc,phases,start] GC(369286) Phase 4: Compact heap
[2020-12-23T01:01:51.203-0400][gc,phases      ] GC(369286) Phase 4: Compact heap 21.090ms
[2020-12-23T01:01:51.238-0400][gc,heap        ] GC(369286) Eden regions: 4->0(12)
[2020-12-23T01:01:51.239-0400][gc,heap        ] GC(369286) Survivor regions: 1->0(2)
[2020-12-23T01:01:51.239-0400][gc,heap        ] GC(369286) Old regions: 46->46
[2020-12-23T01:01:51.239-0400][gc,heap        ] GC(369286) Humongous regions: 4->4
[2020-12-23T01:01:51.239-0400][gc,metaspace   ] GC(369286) Metaspace: 61001K->61001K(1107968K)
[2020-12-23T01:01:51.239-0400][gc,heap        ] GC(369286) Heap after GC invocations=369263 (full 10692): garbage-first heap   total 73728K, used 48420K [0x0000000083000000, 0x0000000100000000)
[2020-12-23T01:01:51.239-0400][gc,heap        ] GC(369286)   region size 1024K, 0 young (0K), 0 survivors (0K)
[2020-12-23T01:01:51.239-0400][gc,heap        ] GC(369286)  Metaspace       used 61001K, capacity 63721K, committed 64768K, reserved 1107968K
[2020-12-23T01:01:51.239-0400][gc,heap        ] GC(369286)   class space    used 5712K, capacity 6559K, committed 6912K, reserved 1048576K
[2020-12-23T01:01:51.239-0400][gc             ] GC(369286) Pause Full (System.gc()) 51M->47M(72M) 314.683ms
[2020-12-23T01:01:51.239-0400][gc,cpu         ] GC(369286) User=0.84s Sys=0.00s Real=0.32s
[2020-12-23T01:02:23.893-0400][gc,heap        ] GC(369287) Heap before GC invocations=369263 (full 10692): garbage-first heap   total 73728K, used 59684K [0x0000000083000000, 0x0000000100000000)
[2020-12-23T01:02:23.893-0400][gc,heap        ] GC(369287)   region size 1024K, 12 young (12288K), 0 survivors (0K)
[2020-12-23T01:02:23.893-0400][gc,heap        ] GC(369287)  Metaspace       used 61001K, capacity 63721K, committed 64768K, reserved 1107968K
[2020-12-23T01:02:23.893-0400][gc,heap        ] GC(369287)   class space    used 5712K, capacity 6559K, committed 6912K, reserved 1048576K
[2020-12-23T01:02:23.893-0400][gc,start       ] GC(369287) Pause Young (Normal) (G1 Evacuation Pause)
[2020-12-23T01:02:23.893-0400][gc,task        ] GC(369287) Using 4 workers of 4 for evacuation
[2020-12-23T01:02:23.899-0400][gc,phases      ] GC(369287)   Pre Evacuate Collection Set: 0.0ms
[2020-12-23T01:02:23.899-0400][gc,phases      ] GC(369287)   Evacuate Collection Set: 3.1ms
[2020-12-23T01:02:23.899-0400][gc,phases      ] GC(369287)   Post Evacuate Collection Set: 1.9ms
[2020-12-23T01:02:23.899-0400][gc,phases      ] GC(369287)   Other: 0.9ms
[2020-12-23T01:02:23.899-0400][gc,heap        ] GC(369287) Eden regions: 12->0(11)
[2020-12-23T01:02:23.899-0400][gc,heap        ] GC(369287) Survivor regions: 0->1(2)
[2020-12-23T01:02:23.899-0400][gc,heap        ] GC(369287) Old regions: 46->46
[2020-12-23T01:02:23.899-0400][gc,heap        ] GC(369287) Humongous regions: 4->4
[2020-12-23T01:02:23.899-0400][gc,metaspace   ] GC(369287) Metaspace: 61001K->61001K(1107968K)
[2020-12-23T01:02:23.899-0400][gc,heap        ] GC(369287) Heap after GC invocations=369264 (full 10692): garbage-first heap   total 73728K, used 48705K [0x0000000083000000, 0x0000000100000000)
[2020-12-23T01:02:23.899-0400][gc,heap        ] GC(369287)   region size 1024K, 1 young (1024K), 1 survivors (1024K)
[2020-12-23T01:02:23.900-0400][gc,heap        ] GC(369287)  Metaspace       used 61001K, capacity 63721K, committed 64768K, reserved 1107968K
[2020-12-23T01:02:23.900-0400][gc,heap        ] GC(369287)   class space    used 5712K, capacity 6559K, committed 6912K, reserved 1048576K
[2020-12-23T01:02:23.900-0400][gc             ] GC(369287) Pause Young (Normal) (G1 Evacuation Pause) 59M->47M(72M) 6.351ms
[2020-12-23T01:02:23.900-0400][gc,cpu         ] GC(369287) User=0.01s Sys=0.00s Real=0.01s
[2020-12-23T01:03:00.025-0400][gc,heap        ] GC(369288) Heap before GC invocations=369264 (full 10692): garbage-first heap   total 73728K, used 58945K [0x0000000083000000, 0x0000000100000000)
[2020-12-23T01:03:00.025-0400][gc,heap        ] GC(369288)   region size 1024K, 12 young (12288K), 1 survivors (1024K)
[2020-12-23T01:03:00.025-0400][gc,heap        ] GC(369288)  Metaspace       used 61001K, capacity 63721K, committed 64768K, reserved 1107968K
[2020-12-23T01:03:00.025-0400][gc,heap        ] GC(369288)   class space    used 5712K, capacity 6559K, committed 6912K, reserved 1048576K
[2020-12-23T01:03:00.025-0400][gc,start       ] GC(369288) Pause Young (Normal) (G1 Evacuation Pause)
[2020-12-23T01:03:00.025-0400][gc,task        ] GC(369288) Using 4 workers of 4 for evacuation
[2020-12-23T01:03:00.030-0400][gc,phases      ] GC(369288)   Pre Evacuate Collection Set: 0.0ms
[2020-12-23T01:03:00.030-0400][gc,phases      ] GC(369288)   Evacuate Collection Set: 3.4ms
[2020-12-23T01:03:00.031-0400][gc,phases      ] GC(369288)   Post Evacuate Collection Set: 1.6ms
[2020-12-23T01:03:00.031-0400][gc,phases      ] GC(369288)   Other: 0.9ms
[2020-12-23T01:03:00.031-0400][gc,heap        ] GC(369288) Eden regions: 11->0(11)
[2020-12-23T01:03:00.031-0400][gc,heap        ] GC(369288) Survivor regions: 1->1(2)
[2020-12-23T01:03:00.031-0400][gc,heap        ] GC(369288) Old regions: 46->46
[2020-12-23T01:03:00.031-0400][gc,heap        ] GC(369288) Humongous regions: 4->4
[2020-12-23T01:03:00.031-0400][gc,metaspace   ] GC(369288) Metaspace: 61001K->61001K(1107968K)
[2020-12-23T01:03:00.031-0400][gc,heap        ] GC(369288) Heap after GC invocations=369265 (full 10692): garbage-first heap   total 73728K, used 48777K [0x0000000083000000, 0x0000000100000000)
[2020-12-23T01:03:00.031-0400][gc,heap        ] GC(369288)   region size 1024K, 1 young (1024K), 1 survivors (1024K)
[2020-12-23T01:03:00.031-0400][gc,heap        ] GC(369288)  Metaspace       used 61001K, capacity 63721K, committed 64768K, reserved 1107968K
[2020-12-23T01:03:00.031-0400][gc,heap        ] GC(369288)   class space    used 5712K, capacity 6559K, committed 6912K, reserved 1048576K
[2020-12-23T01:03:00.031-0400][gc             ] GC(369288) Pause Young (Normal) (G1 Evacuation Pause) 58M->47M(72M) 6.239ms
[2020-12-23T01:03:00.031-0400][gc,cpu         ] GC(369288) User=0.01s Sys=0.01s Real=0.01s
[2020-12-23T01:03:33.894-0400][gc,heap        ] GC(369289) Heap before GC invocations=369265 (full 10692): garbage-first heap   total 73728K, used 60041K [0x0000000083000000, 0x0000000100000000)
[2020-12-23T01:03:33.894-0400][gc,heap        ] GC(369289)   region size 1024K, 12 young (12288K), 1 survivors (1024K)
[2020-12-23T01:03:33.894-0400][gc,heap        ] GC(369289)  Metaspace       used 61001K, capacity 63721K, committed 64768K, reserved 1107968K
[2020-12-23T01:03:33.894-0400][gc,heap        ] GC(369289)   class space    used 5712K, capacity 6559K, committed 6912K, reserved 1048576K
[2020-12-23T01:03:33.894-0400][gc,start       ] GC(369289) Pause Young (Normal) (G1 Evacuation Pause)
[2020-12-23T01:03:33.894-0400][gc,task        ] GC(369289) Using 4 workers of 4 for evacuation
[2020-12-23T01:03:33.900-0400][gc,phases      ] GC(369289)   Pre Evacuate Collection Set: 0.0ms
[2020-12-23T01:03:33.900-0400][gc,phases      ] GC(369289)   Evacuate Collection Set: 3.4ms
[2020-12-23T01:03:33.900-0400][gc,phases      ] GC(369289)   Post Evacuate Collection Set: 1.6ms
[2020-12-23T01:03:33.900-0400][gc,phases      ] GC(369289)   Other: 0.8ms
[2020-12-23T01:03:33.900-0400][gc,heap        ] GC(369289) Eden regions: 11->0(11)
[2020-12-23T01:03:33.900-0400][gc,heap        ] GC(369289) Survivor regions: 1->1(2)
[2020-12-23T01:03:33.900-0400][gc,heap        ] GC(369289) Old regions: 46->46
[2020-12-23T01:03:33.900-0400][gc,heap        ] GC(369289) Humongous regions: 4->4
[2020-12-23T01:03:33.900-0400][gc,metaspace   ] GC(369289) Metaspace: 61001K->61001K(1107968K)
[2020-12-23T01:03:33.900-0400][gc,heap        ] GC(369289) Heap after GC invocations=369266 (full 10692): garbage-first heap   total 73728K, used 48860K [0x0000000083000000, 0x0000000100000000)
[2020-12-23T01:03:33.900-0400][gc,heap        ] GC(369289)   region size 1024K, 1 young (1024K), 1 survivors (1024K)
[2020-12-23T01:03:33.900-0400][gc,heap        ] GC(369289)  Metaspace       used 61001K, capacity 63721K, committed 64768K, reserved 1107968K
[2020-12-23T01:03:33.900-0400][gc,heap        ] GC(369289)   class space    used 5712K, capacity 6559K, committed 6912K, reserved 1048576K
[2020-12-23T01:03:33.900-0400][gc             ] GC(369289) Pause Young (Normal) (G1 Evacuation Pause) 58M->47M(72M) 6.270ms
[2020-12-23T01:03:33.901-0400][gc,cpu         ] GC(369289) User=0.01s Sys=0.01s Real=0.01s
[2020-12-23T01:04:08.879-0400][gc,heap        ] GC(369290) Heap before GC invocations=369266 (full 10692): garbage-first heap   total 73728K, used 59100K [0x0000000083000000, 0x0000000100000000)
[2020-12-23T01:04:08.879-0400][gc,heap        ] GC(369290)   region size 1024K, 12 young (12288K), 1 survivors (1024K)
[2020-12-23T01:04:08.879-0400][gc,heap        ] GC(369290)  Metaspace       used 61001K, capacity 63721K, committed 64768K, reserved 1107968K
[2020-12-23T01:04:08.879-0400][gc,heap        ] GC(369290)   class space    used 5712K, capacity 6559K, committed 6912K, reserved 1048576K
[2020-12-23T01:04:08.879-0400][gc,start       ] GC(369290) Pause Young (Normal) (G1 Evacuation Pause)
[2020-12-23T01:04:08.879-0400][gc,task        ] GC(369290) Using 4 workers of 4 for evacuation
[2020-12-23T01:04:08.885-0400][gc,phases      ] GC(369290)   Pre Evacuate Collection Set: 0.0ms
[2020-12-23T01:04:08.885-0400][gc,phases      ] GC(369290)   Evacuate Collection Set: 3.8ms
[2020-12-23T01:04:08.886-0400][gc,phases      ] GC(369290)   Post Evacuate Collection Set: 1.6ms
[2020-12-23T01:04:08.886-0400][gc,phases      ] GC(369290)   Other: 0.9ms
[2020-12-23T01:04:08.886-0400][gc,heap        ] GC(369290) Eden regions: 11->0(11)
[2020-12-23T01:04:08.886-0400][gc,heap        ] GC(369290) Survivor regions: 1->1(2)
[2020-12-23T01:04:08.886-0400][gc,heap        ] GC(369290) Old regions: 46->46
[2020-12-23T01:04:08.886-0400][gc,heap        ] GC(369290) Humongous regions: 4->4
[2020-12-23T01:04:08.886-0400][gc,metaspace   ] GC(369290) Metaspace: 61001K->61001K(1107968K)
[2020-12-23T01:04:08.886-0400][gc,heap        ] GC(369290) Heap after GC invocations=369267 (full 10692): garbage-first heap   total 73728K, used 48918K [0x0000000083000000, 0x0000000100000000)
[2020-12-23T01:04:08.886-0400][gc,heap        ] GC(369290)   region size 1024K, 1 young (1024K), 1 survivors (1024K)
[2020-12-23T01:04:08.886-0400][gc,heap        ] GC(369290)  Metaspace       used 61001K, capacity 63721K, committed 64768K, reserved 1107968K
[2020-12-23T01:04:08.886-0400][gc,heap        ] GC(369290)   class space    used 5712K, capacity 6559K, committed 6912K, reserved 1048576K
[2020-12-23T01:04:08.886-0400][gc             ] GC(369290) Pause Young (Normal) (G1 Evacuation Pause) 58M->47M(72M) 6.722ms
[2020-12-23T01:04:08.886-0400][gc,cpu         ] GC(369290) User=0.01s Sys=0.01s Real=0.01s
[2020-12-23T01:04:38.856-0400][gc,heap        ] GC(369291) Heap before GC invocations=369267 (full 10692): garbage-first heap   total 73728K, used 59158K [0x0000000083000000, 0x0000000100000000)
[2020-12-23T01:04:38.856-0400][gc,heap        ] GC(369291)   region size 1024K, 12 young (12288K), 1 survivors (1024K)
[2020-12-23T01:04:38.856-0400][gc,heap        ] GC(369291)  Metaspace       used 61001K, capacity 63721K, committed 64768K, reserved 1107968K
[2020-12-23T01:04:38.856-0400][gc,heap        ] GC(369291)   class space    used 5712K, capacity 6559K, committed 6912K, reserved 1048576K
[2020-12-23T01:04:38.856-0400][gc,start       ] GC(369291) Pause Young (Normal) (G1 Evacuation Pause)
[2020-12-23T01:04:38.856-0400][gc,task        ] GC(369291) Using 4 workers of 4 for evacuation
[2020-12-23T01:04:38.862-0400][gc,phases      ] GC(369291)   Pre Evacuate Collection Set: 0.0ms
[2020-12-23T01:04:38.862-0400][gc,phases      ] GC(369291)   Evacuate Collection Set: 3.8ms
[2020-12-23T01:04:38.863-0400][gc,phases      ] GC(369291)   Post Evacuate Collection Set: 1.9ms
[2020-12-23T01:04:38.863-0400][gc,phases      ] GC(369291)   Other: 0.8ms
[2020-12-23T01:04:38.863-0400][gc,heap        ] GC(369291) Eden regions: 11->0(11)
[2020-12-23T01:04:38.863-0400][gc,heap        ] GC(369291) Survivor regions: 1->1(2)
[2020-12-23T01:04:38.863-0400][gc,heap        ] GC(369291) Old regions: 46->46
[2020-12-23T01:04:38.863-0400][gc,heap        ] GC(369291) Humongous regions: 4->4
[2020-12-23T01:04:38.863-0400][gc,metaspace   ] GC(369291) Metaspace: 61001K->61001K(1107968K)
[2020-12-23T01:04:38.863-0400][gc,heap        ] GC(369291) Heap after GC invocations=369268 (full 10692): garbage-first heap   total 73728K, used 48964K [0x0000000083000000, 0x0000000100000000)
[2020-12-23T01:04:38.863-0400][gc,heap        ] GC(369291)   region size 1024K, 1 young (1024K), 1 survivors (1024K)
[2020-12-23T01:04:38.863-0400][gc,heap        ] GC(369291)  Metaspace       used 61001K, capacity 63721K, committed 64768K, reserved 1107968K
[2020-12-23T01:04:38.863-0400][gc,heap        ] GC(369291)   class space    used 5712K, capacity 6559K, committed 6912K, reserved 1048576K
[2020-12-23T01:04:38.863-0400][gc             ] GC(369291) Pause Young (Normal) (G1 Evacuation Pause) 58M->47M(72M) 7.004ms
[2020-12-23T01:04:38.863-0400][gc,cpu         ] GC(369291) User=0.01s Sys=0.01s Real=0.00s
[2020-12-23T01:05:09.560-0400][gc,heap        ] GC(369292) Heap before GC invocations=369268 (full 10692): garbage-first heap   total 73728K, used 59204K [0x0000000083000000, 0x0000000100000000)
[2020-12-23T01:05:09.560-0400][gc,heap        ] GC(369292)   region size 1024K, 12 young (12288K), 1 survivors (1024K)
[2020-12-23T01:05:09.560-0400][gc,heap        ] GC(369292)  Metaspace       used 61001K, capacity 63721K, committed 64768K, reserved 1107968K
[2020-12-23T01:05:09.560-0400][gc,heap        ] GC(369292)   class space    used 5712K, capacity 6559K, committed 6912K, reserved 1048576K
[2020-12-23T01:05:09.560-0400][gc,start       ] GC(369292) Pause Young (Normal) (G1 Evacuation Pause)
[2020-12-23T01:05:09.560-0400][gc,task        ] GC(369292) Using 4 workers of 4 for evacuation
[2020-12-23T01:05:09.566-0400][gc,phases      ] GC(369292)   Pre Evacuate Collection Set: 0.0ms
[2020-12-23T01:05:09.566-0400][gc,phases      ] GC(369292)   Evacuate Collection Set: 4.0ms
[2020-12-23T01:05:09.566-0400][gc,phases      ] GC(369292)   Post Evacuate Collection Set: 1.5ms
[2020-12-23T01:05:09.566-0400][gc,phases      ] GC(369292)   Other: 0.9ms
[2020-12-23T01:05:09.566-0400][gc,heap        ] GC(369292) Eden regions: 11->0(11)
[2020-12-23T01:05:09.566-0400][gc,heap        ] GC(369292) Survivor regions: 1->1(2)
[2020-12-23T01:05:09.566-0400][gc,heap        ] GC(369292) Old regions: 46->46
[2020-12-23T01:05:09.566-0400][gc,heap        ] GC(369292) Humongous regions: 4->4
[2020-12-23T01:05:09.566-0400][gc,metaspace   ] GC(369292) Metaspace: 61001K->61001K(1107968K)
[2020-12-23T01:05:09.566-0400][gc,heap        ] GC(369292) Heap after GC invocations=369269 (full 10692): garbage-first heap   total 73728K, used 49059K [0x0000000083000000, 0x0000000100000000)
[2020-12-23T01:05:09.566-0400][gc,heap        ] GC(369292)   region size 1024K, 1 young (1024K), 1 survivors (1024K)
[2020-12-23T01:05:09.566-0400][gc,heap        ] GC(369292)  Metaspace       used 61001K, capacity 63721K, committed 64768K, reserved 1107968K
[2020-12-23T01:05:09.567-0400][gc,heap        ] GC(369292)   class space    used 5712K, capacity 6559K, committed 6912K, reserved 1048576K
[2020-12-23T01:05:09.567-0400][gc             ] GC(369292) Pause Young (Normal) (G1 Evacuation Pause) 58M->47M(72M) 6.785ms
[2020-12-23T01:05:09.567-0400][gc,cpu         ] GC(369292) User=0.02s Sys=0.00s Real=0.01s
[2020-12-23T01:05:34.801-0400][gc,heap        ] GC(369293) Heap before GC invocations=369269 (full 10692): garbage-first heap   total 73728K, used 59299K [0x0000000083000000, 0x0000000100000000)
[2020-12-23T01:05:34.801-0400][gc,heap        ] GC(369293)   region size 1024K, 12 young (12288K), 1 survivors (1024K)
[2020-12-23T01:05:34.801-0400][gc,heap        ] GC(369293)  Metaspace       used 61001K, capacity 63721K, committed 64768K, reserved 1107968K
[2020-12-23T01:05:34.801-0400][gc,heap        ] GC(369293)   class space    used 5712K, capacity 6559K, committed 6912K, reserved 1048576K
[2020-12-23T01:05:34.802-0400][gc,start       ] GC(369293) Pause Young (Normal) (G1 Evacuation Pause)
[2020-12-23T01:05:34.802-0400][gc,task        ] GC(369293) Using 4 workers of 4 for evacuation
[2020-12-23T01:05:34.807-0400][gc,phases      ] GC(369293)   Pre Evacuate Collection Set: 0.0ms
[2020-12-23T01:05:34.807-0400][gc,phases      ] GC(369293)   Evacuate Collection Set: 3.5ms
[2020-12-23T01:05:34.807-0400][gc,phases      ] GC(369293)   Post Evacuate Collection Set: 1.5ms
[2020-12-23T01:05:34.808-0400][gc,phases      ] GC(369293)   Other: 0.9ms
[2020-12-23T01:05:34.808-0400][gc,heap        ] GC(369293) Eden regions: 11->0(11)
[2020-12-23T01:05:34.808-0400][gc,heap        ] GC(369293) Survivor regions: 1->1(2)
[2020-12-23T01:05:34.808-0400][gc,heap        ] GC(369293) Old regions: 46->46
[2020-12-23T01:05:34.808-0400][gc,heap        ] GC(369293) Humongous regions: 4->4
[2020-12-23T01:05:34.808-0400][gc,metaspace   ] GC(369293) Metaspace: 61001K->61001K(1107968K)
[2020-12-23T01:05:34.808-0400][gc,heap        ] GC(369293) Heap after GC invocations=369270 (full 10692): garbage-first heap   total 73728K, used 48924K [0x0000000083000000, 0x0000000100000000)
[2020-12-23T01:05:34.808-0400][gc,heap        ] GC(369293)   region size 1024K, 1 young (1024K), 1 survivors (1024K)
[2020-12-23T01:05:34.808-0400][gc,heap        ] GC(369293)  Metaspace       used 61001K, capacity 63721K, committed 64768K, reserved 1107968K
[2020-12-23T01:05:34.808-0400][gc,heap        ] GC(369293)   class space    used 5712K, capacity 6559K, committed 6912K, reserved 1048576K
[2020-12-23T01:05:34.808-0400][gc             ] GC(369293) Pause Young (Normal) (G1 Evacuation Pause) 58M->47M(72M) 6.424ms
[2020-12-23T01:05:34.808-0400][gc,cpu         ] GC(369293) User=0.01s Sys=0.01s Real=0.01s
[2020-12-23T01:06:10.406-0400][gc,heap        ] GC(369294) Heap before GC invocations=369270 (full 10692): garbage-first heap   total 73728K, used 59164K [0x0000000083000000, 0x0000000100000000)
[2020-12-23T01:06:10.406-0400][gc,heap        ] GC(369294)   region size 1024K, 12 young (12288K), 1 survivors (1024K)
[2020-12-23T01:06:10.406-0400][gc,heap        ] GC(369294)  Metaspace       used 61001K, capacity 63721K, committed 64768K, reserved 1107968K
[2020-12-23T01:06:10.406-0400][gc,heap        ] GC(369294)   class space    used 5712K, capacity 6559K, committed 6912K, reserved 1048576K
[2020-12-23T01:06:10.406-0400][gc,start       ] GC(369294) Pause Young (Normal) (G1 Evacuation Pause)
[2020-12-23T01:06:10.406-0400][gc,task        ] GC(369294) Using 4 workers of 4 for evacuation
[2020-12-23T01:06:10.413-0400][gc,phases      ] GC(369294)   Pre Evacuate Collection Set: 0.0ms
[2020-12-23T01:06:10.413-0400][gc,phases      ] GC(369294)   Evacuate Collection Set: 5.0ms
[2020-12-23T01:06:10.413-0400][gc,phases      ] GC(369294)   Post Evacuate Collection Set: 1.7ms
[2020-12-23T01:06:10.413-0400][gc,phases      ] GC(369294)   Other: 0.9ms
[2020-12-23T01:06:10.413-0400][gc,heap        ] GC(369294) Eden regions: 11->0(11)
[2020-12-23T01:06:10.414-0400][gc,heap        ] GC(369294) Survivor regions: 1->1(2)
[2020-12-23T01:06:10.414-0400][gc,heap        ] GC(369294) Old regions: 46->46
[2020-12-23T01:06:10.414-0400][gc,heap        ] GC(369294) Humongous regions: 4->4
[2020-12-23T01:06:10.414-0400][gc,metaspace   ] GC(369294) Metaspace: 61001K->61001K(1107968K)
[2020-12-23T01:06:10.414-0400][gc,heap        ] GC(369294) Heap after GC invocations=369271 (full 10692): garbage-first heap   total 73728K, used 49018K [0x0000000083000000, 0x0000000100000000)
[2020-12-23T01:06:10.414-0400][gc,heap        ] GC(369294)   region size 1024K, 1 young (1024K), 1 survivors (1024K)
[2020-12-23T01:06:10.414-0400][gc,heap        ] GC(369294)  Metaspace       used 61001K, capacity 63721K, committed 64768K, reserved 1107968K
[2020-12-23T01:06:10.414-0400][gc,heap        ] GC(369294)   class space    used 5712K, capacity 6559K, committed 6912K, reserved 1048576K
[2020-12-23T01:06:10.414-0400][gc             ] GC(369294) Pause Young (Normal) (G1 Evacuation Pause) 58M->47M(72M) 7.985ms
[2020-12-23T01:06:10.414-0400][gc,cpu         ] GC(369294) User=0.02s Sys=0.00s Real=0.00s
[2020-12-23T01:06:50.923-0400][gc,task        ] GC(369295) Using 3 workers of 4 for full compaction
[2020-12-23T01:06:50.923-0400][gc,start       ] GC(369295) Pause Full (System.gc())
[2020-12-23T01:06:50.924-0400][gc,heap        ] GC(369295) Heap before GC invocations=369271 (full 10692): garbage-first heap   total 73728K, used 55162K [0x0000000083000000, 0x0000000100000000)
[2020-12-23T01:06:50.924-0400][gc,heap        ] GC(369295)   region size 1024K, 9 young (9216K), 1 survivors (1024K)
[2020-12-23T01:06:50.924-0400][gc,heap        ] GC(369295)  Metaspace       used 61001K, capacity 63721K, committed 64768K, reserved 1107968K
[2020-12-23T01:06:50.924-0400][gc,heap        ] GC(369295)   class space    used 5712K, capacity 6559K, committed 6912K, reserved 1048576K
[2020-12-23T01:06:50.926-0400][gc,phases,start] GC(369295) Phase 1: Mark live objects
[2020-12-23T01:06:51.069-0400][gc,stringtable ] GC(369295) Cleaned string and symbol table, strings: 32200 processed, 0 removed, symbols: 131451 processed, 0 removed
[2020-12-23T01:06:51.069-0400][gc,phases      ] GC(369295) Phase 1: Mark live objects 142.752ms
[2020-12-23T01:06:51.069-0400][gc,phases,start] GC(369295) Phase 2: Prepare for compaction
[2020-12-23T01:06:51.099-0400][gc,phases      ] GC(369295) Phase 2: Prepare for compaction 29.634ms
[2020-12-23T01:06:51.099-0400][gc,phases,start] GC(369295) Phase 3: Adjust pointers
[2020-12-23T01:06:51.175-0400][gc,phases      ] GC(369295) Phase 3: Adjust pointers 76.566ms
[2020-12-23T01:06:51.175-0400][gc,phases,start] GC(369295) Phase 4: Compact heap
[2020-12-23T01:06:51.200-0400][gc,phases      ] GC(369295) Phase 4: Compact heap 24.523ms
[2020-12-23T01:06:51.235-0400][gc,heap        ] GC(369295) Eden regions: 8->0(11)
[2020-12-23T01:06:51.235-0400][gc,heap        ] GC(369295) Survivor regions: 1->0(2)
[2020-12-23T01:06:51.235-0400][gc,heap        ] GC(369295) Old regions: 46->47
[2020-12-23T01:06:51.235-0400][gc,heap        ] GC(369295) Humongous regions: 4->4
[2020-12-23T01:06:51.235-0400][gc,metaspace   ] GC(369295) Metaspace: 61001K->61001K(1107968K)
[2020-12-23T01:06:51.235-0400][gc,heap        ] GC(369295) Heap after GC invocations=369272 (full 10693): garbage-first heap   total 73728K, used 48523K [0x0000000083000000, 0x0000000100000000)
[2020-12-23T01:06:51.235-0400][gc,heap        ] GC(369295)   region size 1024K, 0 young (0K), 0 survivors (0K)
[2020-12-23T01:06:51.235-0400][gc,heap        ] GC(369295)  Metaspace       used 61001K, capacity 63721K, committed 64768K, reserved 1107968K
[2020-12-23T01:06:51.236-0400][gc,heap        ] GC(369295)   class space    used 5712K, capacity 6559K, committed 6912K, reserved 1048576K
[2020-12-23T01:06:51.236-0400][gc             ] GC(369295) Pause Full (System.gc()) 55M->47M(72M) 312.122ms
[2020-12-23T01:06:51.236-0400][gc,cpu         ] GC(369295) User=0.83s Sys=0.00s Real=0.32s
[2020-12-23T01:07:21.059-0400][gc,heap        ] GC(369296) Heap before GC invocations=369272 (full 10693): garbage-first heap   total 73728K, used 58763K [0x0000000083000000, 0x0000000100000000)
[2020-12-23T01:07:21.060-0400][gc,heap        ] GC(369296)   region size 1024K, 11 young (11264K), 0 survivors (0K)
[2020-12-23T01:07:21.060-0400][gc,heap        ] GC(369296)  Metaspace       used 61001K, capacity 63721K, committed 64768K, reserved 1107968K
[2020-12-23T01:07:21.060-0400][gc,heap        ] GC(369296)   class space    used 5712K, capacity 6559K, committed 6912K, reserved 1048576K
[2020-12-23T01:07:21.060-0400][gc,start       ] GC(369296) Pause Young (Normal) (G1 Evacuation Pause)
[2020-12-23T01:07:21.060-0400][gc,task        ] GC(369296) Using 4 workers of 4 for evacuation
[2020-12-23T01:07:21.066-0400][gc,phases      ] GC(369296)   Pre Evacuate Collection Set: 0.0ms
[2020-12-23T01:07:21.066-0400][gc,phases      ] GC(369296)   Evacuate Collection Set: 3.1ms
[2020-12-23T01:07:21.066-0400][gc,phases      ] GC(369296)   Post Evacuate Collection Set: 2.1ms
[2020-12-23T01:07:21.066-0400][gc,phases      ] GC(369296)   Other: 0.9ms
[2020-12-23T01:07:21.066-0400][gc,heap        ] GC(369296) Eden regions: 11->0(10)
[2020-12-23T01:07:21.066-0400][gc,heap        ] GC(369296) Survivor regions: 0->1(2)
[2020-12-23T01:07:21.066-0400][gc,heap        ] GC(369296) Old regions: 47->47
[2020-12-23T01:07:21.066-0400][gc,heap        ] GC(369296) Humongous regions: 4->4
[2020-12-23T01:07:21.066-0400][gc,metaspace   ] GC(369296) Metaspace: 61001K->61001K(1107968K)
[2020-12-23T01:07:21.066-0400][gc,heap        ] GC(369296) Heap after GC invocations=369273 (full 10693): garbage-first heap   total 73728K, used 48842K [0x0000000083000000, 0x0000000100000000)
[2020-12-23T01:07:21.066-0400][gc,heap        ] GC(369296)   region size 1024K, 1 young (1024K), 1 survivors (1024K)
[2020-12-23T01:07:21.066-0400][gc,heap        ] GC(369296)  Metaspace       used 61001K, capacity 63721K, committed 64768K, reserved 1107968K
[2020-12-23T01:07:21.066-0400][gc,heap        ] GC(369296)   class space    used 5712K, capacity 6559K, committed 6912K, reserved 1048576K
[2020-12-23T01:07:21.066-0400][gc             ] GC(369296) Pause Young (Normal) (G1 Evacuation Pause) 58M->47M(72M) 6.624ms
[2020-12-23T01:07:21.067-0400][gc,cpu         ] GC(369296) User=0.01s Sys=0.01s Real=0.01s
[2020-12-23T01:07:51.241-0400][gc,heap        ] GC(369297) Heap before GC invocations=369273 (full 10693): garbage-first heap   total 73728K, used 58058K [0x0000000083000000, 0x0000000100000000)
[2020-12-23T01:07:51.241-0400][gc,heap        ] GC(369297)   region size 1024K, 11 young (11264K), 1 survivors (1024K)
[2020-12-23T01:07:51.241-0400][gc,heap        ] GC(369297)  Metaspace       used 61001K, capacity 63721K, committed 64768K, reserved 1107968K
[2020-12-23T01:07:51.241-0400][gc,heap        ] GC(369297)   class space    used 5712K, capacity 6559K, committed 6912K, reserved 1048576K
[2020-12-23T01:07:51.241-0400][gc,start       ] GC(369297) Pause Young (Normal) (G1 Evacuation Pause)
[2020-12-23T01:07:51.241-0400][gc,task        ] GC(369297) Using 4 workers of 4 for evacuation
[2020-12-23T01:07:51.247-0400][gc,phases      ] GC(369297)   Pre Evacuate Collection Set: 0.0ms
[2020-12-23T01:07:51.247-0400][gc,phases      ] GC(369297)   Evacuate Collection Set: 3.6ms
[2020-12-23T01:07:51.247-0400][gc,phases      ] GC(369297)   Post Evacuate Collection Set: 1.4ms
[2020-12-23T01:07:51.247-0400][gc,phases      ] GC(369297)   Other: 0.8ms
[2020-12-23T01:07:51.247-0400][gc,heap        ] GC(369297) Eden regions: 10->0(10)
[2020-12-23T01:07:51.247-0400][gc,heap        ] GC(369297) Survivor regions: 1->1(2)
[2020-12-23T01:07:51.247-0400][gc,heap        ] GC(369297) Old regions: 47->47
[2020-12-23T01:07:51.247-0400][gc,heap        ] GC(369297) Humongous regions: 4->4
[2020-12-23T01:07:51.247-0400][gc,metaspace   ] GC(369297) Metaspace: 61001K->61001K(1107968K)
[2020-12-23T01:07:51.247-0400][gc,heap        ] GC(369297) Heap after GC invocations=369274 (full 10693): garbage-first heap   total 73728K, used 49021K [0x0000000083000000, 0x0000000100000000)
[2020-12-23T01:07:51.247-0400][gc,heap        ] GC(369297)   region size 1024K, 1 young (1024K), 1 survivors (1024K)
[2020-12-23T01:07:51.247-0400][gc,heap        ] GC(369297)  Metaspace       used 61001K, capacity 63721K, committed 64768K, reserved 1107968K
[2020-12-23T01:07:51.247-0400][gc,heap        ] GC(369297)   class space    used 5712K, capacity 6559K, committed 6912K, reserved 1048576K
[2020-12-23T01:07:51.247-0400][gc             ] GC(369297) Pause Young (Normal) (G1 Evacuation Pause) 57M->47M(72M) 6.242ms
[2020-12-23T01:07:51.248-0400][gc,cpu         ] GC(369297) User=0.02s Sys=0.00s Real=0.01s
[2020-12-23T01:08:11.494-0400][gc,heap        ] GC(369298) Heap before GC invocations=369274 (full 10693): garbage-first heap   total 73728K, used 58237K [0x0000000083000000, 0x0000000100000000)
[2020-12-23T01:08:11.494-0400][gc,heap        ] GC(369298)   region size 1024K, 11 young (11264K), 1 survivors (1024K)
[2020-12-23T01:08:11.494-0400][gc,heap        ] GC(369298)  Metaspace       used 61001K, capacity 63721K, committed 64768K, reserved 1107968K
[2020-12-23T01:08:11.494-0400][gc,heap        ] GC(369298)   class space    used 5712K, capacity 6559K, committed 6912K, reserved 1048576K
[2020-12-23T01:08:11.494-0400][gc,start       ] GC(369298) Pause Young (Normal) (G1 Evacuation Pause)
[2020-12-23T01:08:11.494-0400][gc,task        ] GC(369298) Using 4 workers of 4 for evacuation
[2020-12-23T01:08:11.501-0400][gc,phases      ] GC(369298)   Pre Evacuate Collection Set: 0.0ms
[2020-12-23T01:08:11.501-0400][gc,phases      ] GC(369298)   Evacuate Collection Set: 3.5ms
[2020-12-23T01:08:11.501-0400][gc,phases      ] GC(369298)   Post Evacuate Collection Set: 2.3ms
[2020-12-23T01:08:11.501-0400][gc,phases      ] GC(369298)   Other: 1.3ms
[2020-12-23T01:08:11.502-0400][gc,heap        ] GC(369298) Eden regions: 10->0(10)
[2020-12-23T01:08:11.502-0400][gc,heap        ] GC(369298) Survivor regions: 1->1(2)
[2020-12-23T01:08:11.502-0400][gc,heap        ] GC(369298) Old regions: 47->47
[2020-12-23T01:08:11.502-0400][gc,heap        ] GC(369298) Humongous regions: 4->4
[2020-12-23T01:08:11.502-0400][gc,metaspace   ] GC(369298) Metaspace: 61001K->61001K(1107968K)
[2020-12-23T01:08:11.502-0400][gc,heap        ] GC(369298) Heap after GC invocations=369275 (full 10693): garbage-first heap   total 73728K, used 48911K [0x0000000083000000, 0x0000000100000000)
[2020-12-23T01:08:11.502-0400][gc,heap        ] GC(369298)   region size 1024K, 1 young (1024K), 1 survivors (1024K)
[2020-12-23T01:08:11.502-0400][gc,heap        ] GC(369298)  Metaspace       used 61001K, capacity 63721K, committed 64768K, reserved 1107968K
[2020-12-23T01:08:11.502-0400][gc,heap        ] GC(369298)   class space    used 5712K, capacity 6559K, committed 6912K, reserved 1048576K
[2020-12-23T01:08:11.502-0400][gc             ] GC(369298) Pause Young (Normal) (G1 Evacuation Pause) 57M->47M(72M) 7.899ms
[2020-12-23T01:08:11.502-0400][gc,cpu         ] GC(369298) User=0.01s Sys=0.00s Real=0.01s
[2020-12-23T01:08:33.876-0400][gc,heap        ] GC(369299) Heap before GC invocations=369275 (full 10693): garbage-first heap   total 73728K, used 58127K [0x0000000083000000, 0x0000000100000000)
[2020-12-23T01:08:33.876-0400][gc,heap        ] GC(369299)   region size 1024K, 11 young (11264K), 1 survivors (1024K)
[2020-12-23T01:08:33.876-0400][gc,heap        ] GC(369299)  Metaspace       used 61001K, capacity 63721K, committed 64768K, reserved 1107968K
[2020-12-23T01:08:33.876-0400][gc,heap        ] GC(369299)   class space    used 5712K, capacity 6559K, committed 6912K, reserved 1048576K
[2020-12-23T01:08:33.876-0400][gc,start       ] GC(369299) Pause Young (Normal) (G1 Evacuation Pause)
[2020-12-23T01:08:33.876-0400][gc,task        ] GC(369299) Using 4 workers of 4 for evacuation
[2020-12-23T01:08:33.882-0400][gc,phases      ] GC(369299)   Pre Evacuate Collection Set: 0.0ms
[2020-12-23T01:08:33.882-0400][gc,phases      ] GC(369299)   Evacuate Collection Set: 3.5ms
[2020-12-23T01:08:33.882-0400][gc,phases      ] GC(369299)   Post Evacuate Collection Set: 1.6ms
[2020-12-23T01:08:33.882-0400][gc,phases      ] GC(369299)   Other: 0.9ms
[2020-12-23T01:08:33.882-0400][gc,heap        ] GC(369299) Eden regions: 10->0(10)
[2020-12-23T01:08:33.882-0400][gc,heap        ] GC(369299) Survivor regions: 1->1(2)
[2020-12-23T01:08:33.882-0400][gc,heap        ] GC(369299) Old regions: 47->47
[2020-12-23T01:08:33.883-0400][gc,heap        ] GC(369299) Humongous regions: 4->4
[2020-12-23T01:08:33.883-0400][gc,metaspace   ] GC(369299) Metaspace: 61001K->61001K(1107968K)
[2020-12-23T01:08:33.883-0400][gc,heap        ] GC(369299) Heap after GC invocations=369276 (full 10693): garbage-first heap   total 73728K, used 48973K [0x0000000083000000, 0x0000000100000000)
[2020-12-23T01:08:33.883-0400][gc,heap        ] GC(369299)   region size 1024K, 1 young (1024K), 1 survivors (1024K)
[2020-12-23T01:08:33.883-0400][gc,heap        ] GC(369299)  Metaspace       used 61001K, capacity 63721K, committed 64768K, reserved 1107968K
[2020-12-23T01:08:33.883-0400][gc,heap        ] GC(369299)   class space    used 5712K, capacity 6559K, committed 6912K, reserved 1048576K
[2020-12-23T01:08:33.883-0400][gc             ] GC(369299) Pause Young (Normal) (G1 Evacuation Pause) 57M->47M(72M) 6.469ms
[2020-12-23T01:08:33.883-0400][gc,cpu         ] GC(369299) User=0.01s Sys=0.01s Real=0.00s
[2020-12-23T01:09:02.140-0400][gc,heap        ] GC(369300) Heap before GC invocations=369276 (full 10693): garbage-first heap   total 73728K, used 58189K [0x0000000083000000, 0x0000000100000000)
[2020-12-23T01:09:02.140-0400][gc,heap        ] GC(369300)   region size 1024K, 11 young (11264K), 1 survivors (1024K)
[2020-12-23T01:09:02.140-0400][gc,heap        ] GC(369300)  Metaspace       used 61001K, capacity 63721K, committed 64768K, reserved 1107968K
[2020-12-23T01:09:02.140-0400][gc,heap        ] GC(369300)   class space    used 5712K, capacity 6559K, committed 6912K, reserved 1048576K
[2020-12-23T01:09:02.140-0400][gc,start       ] GC(369300) Pause Young (Normal) (G1 Evacuation Pause)
[2020-12-23T01:09:02.140-0400][gc,task        ] GC(369300) Using 4 workers of 4 for evacuation
[2020-12-23T01:09:02.146-0400][gc,phases      ] GC(369300)   Pre Evacuate Collection Set: 0.0ms
[2020-12-23T01:09:02.146-0400][gc,phases      ] GC(369300)   Evacuate Collection Set: 4.0ms
[2020-12-23T01:09:02.147-0400][gc,phases      ] GC(369300)   Post Evacuate Collection Set: 1.6ms
[2020-12-23T01:09:02.147-0400][gc,phases      ] GC(369300)   Other: 0.9ms
[2020-12-23T01:09:02.147-0400][gc,heap        ] GC(369300) Eden regions: 10->0(10)
[2020-12-23T01:09:02.147-0400][gc,heap        ] GC(369300) Survivor regions: 1->1(2)
[2020-12-23T01:09:02.147-0400][gc,heap        ] GC(369300) Old regions: 47->47
[2020-12-23T01:09:02.147-0400][gc,heap        ] GC(369300) Humongous regions: 4->4
[2020-12-23T01:09:02.147-0400][gc,metaspace   ] GC(369300) Metaspace: 61001K->61001K(1107968K)
[2020-12-23T01:09:02.147-0400][gc,heap        ] GC(369300) Heap after GC invocations=369277 (full 10693): garbage-first heap   total 73728K, used 49127K [0x0000000083000000, 0x0000000100000000)
[2020-12-23T01:09:02.147-0400][gc,heap        ] GC(369300)   region size 1024K, 1 young (1024K), 1 survivors (1024K)
[2020-12-23T01:09:02.147-0400][gc,heap        ] GC(369300)  Metaspace       used 61001K, capacity 63721K, committed 64768K, reserved 1107968K
[2020-12-23T01:09:02.147-0400][gc,heap        ] GC(369300)   class space    used 5712K, capacity 6559K, committed 6912K, reserved 1048576K
[2020-12-23T01:09:02.147-0400][gc             ] GC(369300) Pause Young (Normal) (G1 Evacuation Pause) 57M->47M(72M) 7.135ms
[2020-12-23T01:09:02.148-0400][gc,cpu         ] GC(369300) User=0.01s Sys=0.00s Real=0.01s
[2020-12-23T01:09:36.193-0400][gc,heap        ] GC(369301) Heap before GC invocations=369277 (full 10693): garbage-first heap   total 73728K, used 58343K [0x0000000083000000, 0x0000000100000000)
[2020-12-23T01:09:36.193-0400][gc,heap        ] GC(369301)   region size 1024K, 11 young (11264K), 1 survivors (1024K)
[2020-12-23T01:09:36.193-0400][gc,heap        ] GC(369301)  Metaspace       used 61001K, capacity 63721K, committed 64768K, reserved 1107968K
[2020-12-23T01:09:36.193-0400][gc,heap        ] GC(369301)   class space    used 5712K, capacity 6559K, committed 6912K, reserved 1048576K
[2020-12-23T01:09:36.193-0400][gc,start       ] GC(369301) Pause Young (Normal) (G1 Evacuation Pause)
[2020-12-23T01:09:36.193-0400][gc,task        ] GC(369301) Using 4 workers of 4 for evacuation
[2020-12-23T01:09:36.199-0400][gc,phases      ] GC(369301)   Pre Evacuate Collection Set: 0.0ms
[2020-12-23T01:09:36.199-0400][gc,phases      ] GC(369301)   Evacuate Collection Set: 3.4ms
[2020-12-23T01:09:36.199-0400][gc,phases      ] GC(369301)   Post Evacuate Collection Set: 1.6ms
[2020-12-23T01:09:36.199-0400][gc,phases      ] GC(369301)   Other: 0.8ms
[2020-12-23T01:09:36.199-0400][gc,heap        ] GC(369301) Eden regions: 10->0(10)
[2020-12-23T01:09:36.199-0400][gc,heap        ] GC(369301) Survivor regions: 1->1(2)
[2020-12-23T01:09:36.199-0400][gc,heap        ] GC(369301) Old regions: 47->47
[2020-12-23T01:09:36.199-0400][gc,heap        ] GC(369301) Humongous regions: 4->4
[2020-12-23T01:09:36.199-0400][gc,metaspace   ] GC(369301) Metaspace: 61001K->61001K(1107968K)
[2020-12-23T01:09:36.199-0400][gc,heap        ] GC(369301) Heap after GC invocations=369278 (full 10693): garbage-first heap   total 73728K, used 49009K [0x0000000083000000, 0x0000000100000000)
[2020-12-23T01:09:36.200-0400][gc,heap        ] GC(369301)   region size 1024K, 1 young (1024K), 1 survivors (1024K)
[2020-12-23T01:09:36.200-0400][gc,heap        ] GC(369301)  Metaspace       used 61001K, capacity 63721K, committed 64768K, reserved 1107968K
[2020-12-23T01:09:36.200-0400][gc,heap        ] GC(369301)   class space    used 5712K, capacity 6559K, committed 6912K, reserved 1048576K
[2020-12-23T01:09:36.200-0400][gc             ] GC(369301) Pause Young (Normal) (G1 Evacuation Pause) 57M->47M(72M) 6.468ms
[2020-12-23T01:09:36.200-0400][gc,cpu         ] GC(369301) User=0.01s Sys=0.01s Real=0.01s
[2020-12-23T01:10:02.801-0400][gc,heap        ] GC(369302) Heap before GC invocations=369278 (full 10693): garbage-first heap   total 73728K, used 58225K [0x0000000083000000, 0x0000000100000000)
[2020-12-23T01:10:02.801-0400][gc,heap        ] GC(369302)   region size 1024K, 11 young (11264K), 1 survivors (1024K)
[2020-12-23T01:10:02.801-0400][gc,heap        ] GC(369302)  Metaspace       used 61001K, capacity 63721K, committed 64768K, reserved 1107968K
[2020-12-23T01:10:02.801-0400][gc,heap        ] GC(369302)   class space    used 5712K, capacity 6559K, committed 6912K, reserved 1048576K
[2020-12-23T01:10:02.802-0400][gc,start       ] GC(369302) Pause Young (Normal) (G1 Evacuation Pause)
[2020-12-23T01:10:02.802-0400][gc,task        ] GC(369302) Using 4 workers of 4 for evacuation
[2020-12-23T01:10:02.808-0400][gc,phases      ] GC(369302)   Pre Evacuate Collection Set: 0.0ms
[2020-12-23T01:10:02.808-0400][gc,phases      ] GC(369302)   Evacuate Collection Set: 3.9ms
[2020-12-23T01:10:02.808-0400][gc,phases      ] GC(369302)   Post Evacuate Collection Set: 1.6ms
[2020-12-23T01:10:02.808-0400][gc,phases      ] GC(369302)   Other: 0.9ms
[2020-12-23T01:10:02.808-0400][gc,heap        ] GC(369302) Eden regions: 10->0(10)
[2020-12-23T01:10:02.808-0400][gc,heap        ] GC(369302) Survivor regions: 1->1(2)
[2020-12-23T01:10:02.808-0400][gc,heap        ] GC(369302) Old regions: 47->47
[2020-12-23T01:10:02.808-0400][gc,heap        ] GC(369302) Humongous regions: 4->4
[2020-12-23T01:10:02.808-0400][gc,metaspace   ] GC(369302) Metaspace: 61001K->61001K(1107968K)
[2020-12-23T01:10:02.808-0400][gc,heap        ] GC(369302) Heap after GC invocations=369279 (full 10693): garbage-first heap   total 73728K, used 49124K [0x0000000083000000, 0x0000000100000000)
[2020-12-23T01:10:02.808-0400][gc,heap        ] GC(369302)   region size 1024K, 1 young (1024K), 1 survivors (1024K)
[2020-12-23T01:10:02.808-0400][gc,heap        ] GC(369302)  Metaspace       used 61001K, capacity 63721K, committed 64768K, reserved 1107968K
[2020-12-23T01:10:02.808-0400][gc,heap        ] GC(369302)   class space    used 5712K, capacity 6559K, committed 6912K, reserved 1048576K
[2020-12-23T01:10:02.808-0400][gc             ] GC(369302) Pause Young (Normal) (G1 Evacuation Pause) 57M->47M(72M) 6.779ms
[2020-12-23T01:10:02.809-0400][gc,cpu         ] GC(369302) User=0.02s Sys=0.00s Real=0.01s
[2020-12-23T01:10:30.060-0400][gc,heap        ] GC(369303) Heap before GC invocations=369279 (full 10693): garbage-first heap   total 73728K, used 58340K [0x0000000083000000, 0x0000000100000000)
[2020-12-23T01:10:30.060-0400][gc,heap        ] GC(369303)   region size 1024K, 11 young (11264K), 1 survivors (1024K)
[2020-12-23T01:10:30.060-0400][gc,heap        ] GC(369303)  Metaspace       used 61001K, capacity 63721K, committed 64768K, reserved 1107968K
[2020-12-23T01:10:30.060-0400][gc,heap        ] GC(369303)   class space    used 5712K, capacity 6559K, committed 6912K, reserved 1048576K
[2020-12-23T01:10:30.060-0400][gc,start       ] GC(369303) Pause Young (Normal) (G1 Evacuation Pause)
[2020-12-23T01:10:30.060-0400][gc,task        ] GC(369303) Using 4 workers of 4 for evacuation
[2020-12-23T01:10:30.066-0400][gc,phases      ] GC(369303)   Pre Evacuate Collection Set: 0.0ms
[2020-12-23T01:10:30.066-0400][gc,phases      ] GC(369303)   Evacuate Collection Set: 3.4ms
[2020-12-23T01:10:30.066-0400][gc,phases      ] GC(369303)   Post Evacuate Collection Set: 1.8ms
[2020-12-23T01:10:30.066-0400][gc,phases      ] GC(369303)   Other: 0.8ms
[2020-12-23T01:10:30.066-0400][gc,heap        ] GC(369303) Eden regions: 10->0(10)
[2020-12-23T01:10:30.066-0400][gc,heap        ] GC(369303) Survivor regions: 1->1(2)
[2020-12-23T01:10:30.066-0400][gc,heap        ] GC(369303) Old regions: 47->47
[2020-12-23T01:10:30.066-0400][gc,heap        ] GC(369303) Humongous regions: 4->4
[2020-12-23T01:10:30.066-0400][gc,metaspace   ] GC(369303) Metaspace: 61001K->61001K(1107968K)
[2020-12-23T01:10:30.066-0400][gc,heap        ] GC(369303) Heap after GC invocations=369280 (full 10693): garbage-first heap   total 73728K, used 48995K [0x0000000083000000, 0x0000000100000000)
[2020-12-23T01:10:30.066-0400][gc,heap        ] GC(369303)   region size 1024K, 1 young (1024K), 1 survivors (1024K)
[2020-12-23T01:10:30.066-0400][gc,heap        ] GC(369303)  Metaspace       used 61001K, capacity 63721K, committed 64768K, reserved 1107968K
[2020-12-23T01:10:30.066-0400][gc,heap        ] GC(369303)   class space    used 5712K, capacity 6559K, committed 6912K, reserved 1048576K
[2020-12-23T01:10:30.067-0400][gc             ] GC(369303) Pause Young (Normal) (G1 Evacuation Pause) 57M->47M(72M) 6.450ms
[2020-12-23T01:10:30.067-0400][gc,cpu         ] GC(369303) User=0.01s Sys=0.00s Real=0.01s
[2020-12-23T01:11:03.370-0400][gc,heap        ] GC(369304) Heap before GC invocations=369280 (full 10693): garbage-first heap   total 73728K, used 58211K [0x0000000083000000, 0x0000000100000000)
[2020-12-23T01:11:03.370-0400][gc,heap        ] GC(369304)   region size 1024K, 11 young (11264K), 1 survivors (1024K)
[2020-12-23T01:11:03.370-0400][gc,heap        ] GC(369304)  Metaspace       used 61001K, capacity 63721K, committed 64768K, reserved 1107968K
[2020-12-23T01:11:03.370-0400][gc,heap        ] GC(369304)   class space    used 5712K, capacity 6559K, committed 6912K, reserved 1048576K
[2020-12-23T01:11:03.370-0400][gc,start       ] GC(369304) Pause Young (Normal) (G1 Evacuation Pause)
[2020-12-23T01:11:03.370-0400][gc,task        ] GC(369304) Using 4 workers of 4 for evacuation
[2020-12-23T01:11:03.376-0400][gc,phases      ] GC(369304)   Pre Evacuate Collection Set: 0.0ms
[2020-12-23T01:11:03.376-0400][gc,phases      ] GC(369304)   Evacuate Collection Set: 3.8ms
[2020-12-23T01:11:03.376-0400][gc,phases      ] GC(369304)   Post Evacuate Collection Set: 1.5ms
[2020-12-23T01:11:03.376-0400][gc,phases      ] GC(369304)   Other: 0.9ms
[2020-12-23T01:11:03.376-0400][gc,heap        ] GC(369304) Eden regions: 10->0(10)
[2020-12-23T01:11:03.376-0400][gc,heap        ] GC(369304) Survivor regions: 1->1(2)
[2020-12-23T01:11:03.377-0400][gc,heap        ] GC(369304) Old regions: 47->47
[2020-12-23T01:11:03.377-0400][gc,heap        ] GC(369304) Humongous regions: 4->4
[2020-12-23T01:11:03.377-0400][gc,metaspace   ] GC(369304) Metaspace: 61001K->61001K(1107968K)
[2020-12-23T01:11:03.377-0400][gc,heap        ] GC(369304) Heap after GC invocations=369281 (full 10693): garbage-first heap   total 73728K, used 49103K [0x0000000083000000, 0x0000000100000000)
[2020-12-23T01:11:03.377-0400][gc,heap        ] GC(369304)   region size 1024K, 1 young (1024K), 1 survivors (1024K)
[2020-12-23T01:11:03.377-0400][gc,heap        ] GC(369304)  Metaspace       used 61001K, capacity 63721K, committed 64768K, reserved 1107968K
[2020-12-23T01:11:03.377-0400][gc,heap        ] GC(369304)   class space    used 5712K, capacity 6559K, committed 6912K, reserved 1048576K
[2020-12-23T01:11:03.377-0400][gc             ] GC(369304) Pause Young (Normal) (G1 Evacuation Pause) 57M->47M(72M) 6.607ms
[2020-12-23T01:11:03.377-0400][gc,cpu         ] GC(369304) User=0.02s Sys=0.00s Real=0.01s
[2020-12-23T01:11:28.229-0400][gc,heap        ] GC(369305) Heap before GC invocations=369281 (full 10693): garbage-first heap   total 73728K, used 58319K [0x0000000083000000, 0x0000000100000000)
[2020-12-23T01:11:28.230-0400][gc,heap        ] GC(369305)   region size 1024K, 11 young (11264K), 1 survivors (1024K)
[2020-12-23T01:11:28.230-0400][gc,heap        ] GC(369305)  Metaspace       used 61001K, capacity 63721K, committed 64768K, reserved 1107968K
[2020-12-23T01:11:28.230-0400][gc,heap        ] GC(369305)   class space    used 5712K, capacity 6559K, committed 6912K, reserved 1048576K
[2020-12-23T01:11:28.230-0400][gc,start       ] GC(369305) Pause Young (Normal) (G1 Evacuation Pause)
[2020-12-23T01:11:28.230-0400][gc,task        ] GC(369305) Using 4 workers of 4 for evacuation
[2020-12-23T01:11:28.236-0400][gc,phases      ] GC(369305)   Pre Evacuate Collection Set: 0.0ms
[2020-12-23T01:11:28.236-0400][gc,phases      ] GC(369305)   Evacuate Collection Set: 3.7ms
[2020-12-23T01:11:28.236-0400][gc,phases      ] GC(369305)   Post Evacuate Collection Set: 1.4ms
[2020-12-23T01:11:28.236-0400][gc,phases      ] GC(369305)   Other: 0.9ms
[2020-12-23T01:11:28.236-0400][gc,heap        ] GC(369305) Eden regions: 10->0(10)
[2020-12-23T01:11:28.236-0400][gc,heap        ] GC(369305) Survivor regions: 1->1(2)
[2020-12-23T01:11:28.236-0400][gc,heap        ] GC(369305) Old regions: 47->47
[2020-12-23T01:11:28.236-0400][gc,heap        ] GC(369305) Humongous regions: 4->4
[2020-12-23T01:11:28.236-0400][gc,metaspace   ] GC(369305) Metaspace: 61001K->61001K(1107968K)
[2020-12-23T01:11:28.236-0400][gc,heap        ] GC(369305) Heap after GC invocations=369282 (full 10693): garbage-first heap   total 73728K, used 49098K [0x0000000083000000, 0x0000000100000000)
[2020-12-23T01:11:28.236-0400][gc,heap        ] GC(369305)   region size 1024K, 1 young (1024K), 1 survivors (1024K)
[2020-12-23T01:11:28.236-0400][gc,heap        ] GC(369305)  Metaspace       used 61001K, capacity 63721K, committed 64768K, reserved 1107968K
[2020-12-23T01:11:28.236-0400][gc,heap        ] GC(369305)   class space    used 5712K, capacity 6559K, committed 6912K, reserved 1048576K
[2020-12-23T01:11:28.236-0400][gc             ] GC(369305) Pause Young (Normal) (G1 Evacuation Pause) 57M->47M(72M) 6.400ms
[2020-12-23T01:11:28.236-0400][gc,cpu         ] GC(369305) User=0.01s Sys=0.01s Real=0.01s
[2020-12-23T01:11:46.242-0400][gc,heap        ] GC(369306) Heap before GC invocations=369282 (full 10693): garbage-first heap   total 73728K, used 58314K [0x0000000083000000, 0x0000000100000000)
[2020-12-23T01:11:46.242-0400][gc,heap        ] GC(369306)   region size 1024K, 11 young (11264K), 1 survivors (1024K)
[2020-12-23T01:11:46.242-0400][gc,heap        ] GC(369306)  Metaspace       used 61001K, capacity 63721K, committed 64768K, reserved 1107968K
[2020-12-23T01:11:46.242-0400][gc,heap        ] GC(369306)   class space    used 5712K, capacity 6559K, committed 6912K, reserved 1048576K
[2020-12-23T01:11:46.242-0400][gc,start       ] GC(369306) Pause Young (Normal) (G1 Evacuation Pause)
[2020-12-23T01:11:46.242-0400][gc,task        ] GC(369306) Using 4 workers of 4 for evacuation
[2020-12-23T01:11:46.250-0400][gc,phases      ] GC(369306)   Pre Evacuate Collection Set: 0.0ms
[2020-12-23T01:11:46.250-0400][gc,phases      ] GC(369306)   Evacuate Collection Set: 6.1ms
[2020-12-23T01:11:46.250-0400][gc,phases      ] GC(369306)   Post Evacuate Collection Set: 1.4ms
[2020-12-23T01:11:46.250-0400][gc,phases      ] GC(369306)   Other: 0.8ms
[2020-12-23T01:11:46.250-0400][gc,heap        ] GC(369306) Eden regions: 10->0(9)
[2020-12-23T01:11:46.250-0400][gc,heap        ] GC(369306) Survivor regions: 1->2(2)
[2020-12-23T01:11:46.250-0400][gc,heap        ] GC(369306) Old regions: 47->47
[2020-12-23T01:11:46.250-0400][gc,heap        ] GC(369306) Humongous regions: 4->4
[2020-12-23T01:11:46.250-0400][gc,metaspace   ] GC(369306) Metaspace: 61001K->61001K(1107968K)
[2020-12-23T01:11:46.251-0400][gc,heap        ] GC(369306) Heap after GC invocations=369283 (full 10693): garbage-first heap   total 73728K, used 49769K [0x0000000083000000, 0x0000000100000000)
[2020-12-23T01:11:46.251-0400][gc,heap        ] GC(369306)   region size 1024K, 2 young (2048K), 2 survivors (2048K)
[2020-12-23T01:11:46.251-0400][gc,heap        ] GC(369306)  Metaspace       used 61001K, capacity 63721K, committed 64768K, reserved 1107968K
[2020-12-23T01:11:46.251-0400][gc,heap        ] GC(369306)   class space    used 5712K, capacity 6559K, committed 6912K, reserved 1048576K
[2020-12-23T01:11:46.251-0400][gc             ] GC(369306) Pause Young (Normal) (G1 Evacuation Pause) 57M->48M(72M) 8.846ms
[2020-12-23T01:11:46.251-0400][gc,cpu         ] GC(369306) User=0.01s Sys=0.01s Real=0.01s
[2020-12-23T01:11:50.924-0400][gc,task        ] GC(369307) Using 3 workers of 4 for full compaction
[2020-12-23T01:11:50.924-0400][gc,start       ] GC(369307) Pause Full (System.gc())
[2020-12-23T01:11:50.924-0400][gc,heap        ] GC(369307) Heap before GC invocations=369283 (full 10693): garbage-first heap   total 73728K, used 56937K [0x0000000083000000, 0x0000000100000000)
[2020-12-23T01:11:50.924-0400][gc,heap        ] GC(369307)   region size 1024K, 9 young (9216K), 2 survivors (2048K)
[2020-12-23T01:11:50.924-0400][gc,heap        ] GC(369307)  Metaspace       used 61001K, capacity 63721K, committed 64768K, reserved 1107968K
[2020-12-23T01:11:50.924-0400][gc,heap        ] GC(369307)   class space    used 5712K, capacity 6559K, committed 6912K, reserved 1048576K
[2020-12-23T01:11:50.927-0400][gc,phases,start] GC(369307) Phase 1: Mark live objects
[2020-12-23T01:11:51.073-0400][gc,stringtable ] GC(369307) Cleaned string and symbol table, strings: 32200 processed, 0 removed, symbols: 131451 processed, 0 removed
[2020-12-23T01:11:51.073-0400][gc,phases      ] GC(369307) Phase 1: Mark live objects 146.495ms
[2020-12-23T01:11:51.073-0400][gc,phases,start] GC(369307) Phase 2: Prepare for compaction
[2020-12-23T01:11:51.103-0400][gc,phases      ] GC(369307) Phase 2: Prepare for compaction 30.080ms
[2020-12-23T01:11:51.103-0400][gc,phases,start] GC(369307) Phase 3: Adjust pointers
[2020-12-23T01:11:51.182-0400][gc,phases      ] GC(369307) Phase 3: Adjust pointers 78.641ms
[2020-12-23T01:11:51.182-0400][gc,phases,start] GC(369307) Phase 4: Compact heap
[2020-12-23T01:11:51.205-0400][gc,phases      ] GC(369307) Phase 4: Compact heap 22.928ms
[2020-12-23T01:11:51.241-0400][gc,heap        ] GC(369307) Eden regions: 7->0(11)
[2020-12-23T01:11:51.241-0400][gc,heap        ] GC(369307) Survivor regions: 2->0(2)
[2020-12-23T01:11:51.241-0400][gc,heap        ] GC(369307) Old regions: 47->46
[2020-12-23T01:11:51.241-0400][gc,heap        ] GC(369307) Humongous regions: 6->4
[2020-12-23T01:11:51.241-0400][gc,metaspace   ] GC(369307) Metaspace: 61001K->61001K(1107968K)
[2020-12-23T01:11:51.241-0400][gc,heap        ] GC(369307) Heap after GC invocations=369284 (full 10694): garbage-first heap   total 73728K, used 48492K [0x0000000083000000, 0x0000000100000000)
[2020-12-23T01:11:51.241-0400][gc,heap        ] GC(369307)   region size 1024K, 0 young (0K), 0 survivors (0K)
[2020-12-23T01:11:51.241-0400][gc,heap        ] GC(369307)  Metaspace       used 61001K, capacity 63721K, committed 64768K, reserved 1107968K
[2020-12-23T01:11:51.241-0400][gc,heap        ] GC(369307)   class space    used 5712K, capacity 6559K, committed 6912K, reserved 1048576K
[2020-12-23T01:11:51.241-0400][gc             ] GC(369307) Pause Full (System.gc()) 57M->47M(72M) 316.922ms
[2020-12-23T01:11:51.241-0400][gc,cpu         ] GC(369307) User=0.85s Sys=0.00s Real=0.32s
[2020-12-23T01:12:04.093-0400][gc,heap        ] GC(369308) Heap before GC invocations=369284 (full 10694): garbage-first heap   total 73728K, used 59756K [0x0000000083000000, 0x0000000100000000)
[2020-12-23T01:12:04.094-0400][gc,heap        ] GC(369308)   region size 1024K, 11 young (11264K), 0 survivors (0K)
[2020-12-23T01:12:04.094-0400][gc,heap        ] GC(369308)  Metaspace       used 61008K, capacity 63733K, committed 64768K, reserved 1107968K
[2020-12-23T01:12:04.094-0400][gc,heap        ] GC(369308)   class space    used 5714K, capacity 6561K, committed 6912K, reserved 1048576K
[2020-12-23T01:12:04.094-0400][gc,start       ] GC(369308) Pause Young (Normal) (G1 Evacuation Pause)
[2020-12-23T01:12:04.094-0400][gc,task        ] GC(369308) Using 4 workers of 4 for evacuation
[2020-12-23T01:12:04.100-0400][gc,phases      ] GC(369308)   Pre Evacuate Collection Set: 0.0ms
[2020-12-23T01:12:04.100-0400][gc,phases      ] GC(369308)   Evacuate Collection Set: 3.5ms
[2020-12-23T01:12:04.100-0400][gc,phases      ] GC(369308)   Post Evacuate Collection Set: 2.5ms
[2020-12-23T01:12:04.101-0400][gc,phases      ] GC(369308)   Other: 0.8ms
[2020-12-23T01:12:04.101-0400][gc,heap        ] GC(369308) Eden regions: 11->0(9)
[2020-12-23T01:12:04.101-0400][gc,heap        ] GC(369308) Survivor regions: 0->2(2)
[2020-12-23T01:12:04.101-0400][gc,heap        ] GC(369308) Old regions: 46->46
[2020-12-23T01:12:04.101-0400][gc,heap        ] GC(369308) Humongous regions: 4->4
[2020-12-23T01:12:04.101-0400][gc,metaspace   ] GC(369308) Metaspace: 61008K->61008K(1107968K)
[2020-12-23T01:12:04.101-0400][gc,heap        ] GC(369308) Heap after GC invocations=369285 (full 10694): garbage-first heap   total 73728K, used 49691K [0x0000000083000000, 0x0000000100000000)
[2020-12-23T01:12:04.101-0400][gc,heap        ] GC(369308)   region size 1024K, 2 young (2048K), 2 survivors (2048K)
[2020-12-23T01:12:04.101-0400][gc,heap        ] GC(369308)  Metaspace       used 61008K, capacity 63733K, committed 64768K, reserved 1107968K
[2020-12-23T01:12:04.101-0400][gc,heap        ] GC(369308)   class space    used 5714K, capacity 6561K, committed 6912K, reserved 1048576K
[2020-12-23T01:12:04.101-0400][gc             ] GC(369308) Pause Young (Normal) (G1 Evacuation Pause) 58M->48M(72M) 7.390ms
[2020-12-23T01:12:04.101-0400][gc,cpu         ] GC(369308) User=0.02s Sys=0.00s Real=0.01s
[2020-12-23T01:12:27.755-0400][gc,heap        ] GC(369309) Heap before GC invocations=369285 (full 10694): garbage-first heap   total 73728K, used 58907K [0x0000000083000000, 0x0000000100000000)
[2020-12-23T01:12:27.755-0400][gc,heap        ] GC(369309)   region size 1024K, 11 young (11264K), 2 survivors (2048K)
[2020-12-23T01:12:27.755-0400][gc,heap        ] GC(369309)  Metaspace       used 61008K, capacity 63733K, committed 64768K, reserved 1107968K
[2020-12-23T01:12:27.755-0400][gc,heap        ] GC(369309)   class space    used 5714K, capacity 6561K, committed 6912K, reserved 1048576K
[2020-12-23T01:12:27.755-0400][gc,start       ] GC(369309) Pause Young (Normal) (G1 Evacuation Pause)
[2020-12-23T01:12:27.755-0400][gc,task        ] GC(369309) Using 4 workers of 4 for evacuation
[2020-12-23T01:12:27.760-0400][gc,phases      ] GC(369309)   Pre Evacuate Collection Set: 0.0ms
[2020-12-23T01:12:27.760-0400][gc,phases      ] GC(369309)   Evacuate Collection Set: 3.5ms
[2020-12-23T01:12:27.761-0400][gc,phases      ] GC(369309)   Post Evacuate Collection Set: 1.5ms
[2020-12-23T01:12:27.761-0400][gc,phases      ] GC(369309)   Other: 0.9ms
[2020-12-23T01:12:27.761-0400][gc,heap        ] GC(369309) Eden regions: 9->0(10)
[2020-12-23T01:12:27.761-0400][gc,heap        ] GC(369309) Survivor regions: 2->1(2)
[2020-12-23T01:12:27.761-0400][gc,heap        ] GC(369309) Old regions: 46->46
[2020-12-23T01:12:27.761-0400][gc,heap        ] GC(369309) Humongous regions: 4->4
[2020-12-23T01:12:27.761-0400][gc,metaspace   ] GC(369309) Metaspace: 61008K->61008K(1107968K)
[2020-12-23T01:12:27.761-0400][gc,heap        ] GC(369309) Heap after GC invocations=369286 (full 10694): garbage-first heap   total 73728K, used 48970K [0x0000000083000000, 0x0000000100000000)
[2020-12-23T01:12:27.761-0400][gc,heap        ] GC(369309)   region size 1024K, 1 young (1024K), 1 survivors (1024K)
[2020-12-23T01:12:27.761-0400][gc,heap        ] GC(369309)  Metaspace       used 61008K, capacity 63733K, committed 64768K, reserved 1107968K
[2020-12-23T01:12:27.761-0400][gc,heap        ] GC(369309)   class space    used 5714K, capacity 6561K, committed 6912K, reserved 1048576K
[2020-12-23T01:12:27.761-0400][gc             ] GC(369309) Pause Young (Normal) (G1 Evacuation Pause) 57M->47M(72M) 6.284ms
[2020-12-23T01:12:27.761-0400][gc,cpu         ] GC(369309) User=0.01s Sys=0.01s Real=0.01s
[2020-12-23T01:13:04.868-0400][gc,heap        ] GC(369310) Heap before GC invocations=369286 (full 10694): garbage-first heap   total 73728K, used 58186K [0x0000000083000000, 0x0000000100000000)
[2020-12-23T01:13:04.868-0400][gc,heap        ] GC(369310)   region size 1024K, 11 young (11264K), 1 survivors (1024K)
[2020-12-23T01:13:04.868-0400][gc,heap        ] GC(369310)  Metaspace       used 61008K, capacity 63733K, committed 64768K, reserved 1107968K
[2020-12-23T01:13:04.869-0400][gc,heap        ] GC(369310)   class space    used 5714K, capacity 6561K, committed 6912K, reserved 1048576K
[2020-12-23T01:13:04.869-0400][gc,start       ] GC(369310) Pause Young (Normal) (G1 Evacuation Pause)
[2020-12-23T01:13:04.869-0400][gc,task        ] GC(369310) Using 4 workers of 4 for evacuation
[2020-12-23T01:13:04.875-0400][gc,phases      ] GC(369310)   Pre Evacuate Collection Set: 0.0ms
[2020-12-23T01:13:04.875-0400][gc,phases      ] GC(369310)   Evacuate Collection Set: 3.9ms
[2020-12-23T01:13:04.875-0400][gc,phases      ] GC(369310)   Post Evacuate Collection Set: 1.6ms
[2020-12-23T01:13:04.875-0400][gc,phases      ] GC(369310)   Other: 1.0ms
[2020-12-23T01:13:04.875-0400][gc,heap        ] GC(369310) Eden regions: 10->0(10)
[2020-12-23T01:13:04.875-0400][gc,heap        ] GC(369310) Survivor regions: 1->1(2)
[2020-12-23T01:13:04.875-0400][gc,heap        ] GC(369310) Old regions: 46->46
[2020-12-23T01:13:04.875-0400][gc,heap        ] GC(369310) Humongous regions: 4->4
[2020-12-23T01:13:04.875-0400][gc,metaspace   ] GC(369310) Metaspace: 61008K->61008K(1107968K)
[2020-12-23T01:13:04.875-0400][gc,heap        ] GC(369310) Heap after GC invocations=369287 (full 10694): garbage-first heap   total 73728K, used 48998K [0x0000000083000000, 0x0000000100000000)
[2020-12-23T01:13:04.875-0400][gc,heap        ] GC(369310)   region size 1024K, 1 young (1024K), 1 survivors (1024K)
[2020-12-23T01:13:04.875-0400][gc,heap        ] GC(369310)  Metaspace       used 61008K, capacity 63733K, committed 64768K, reserved 1107968K
[2020-12-23T01:13:04.875-0400][gc,heap        ] GC(369310)   class space    used 5714K, capacity 6561K, committed 6912K, reserved 1048576K
[2020-12-23T01:13:04.875-0400][gc             ] GC(369310) Pause Young (Normal) (G1 Evacuation Pause) 57M->47M(72M) 6.708ms
[2020-12-23T01:13:04.876-0400][gc,cpu         ] GC(369310) User=0.02s Sys=0.00s Real=0.00s
[2020-12-23T01:13:35.248-0400][gc,heap        ] GC(369311) Heap before GC invocations=369287 (full 10694): garbage-first heap   total 73728K, used 58214K [0x0000000083000000, 0x0000000100000000)
[2020-12-23T01:13:35.248-0400][gc,heap        ] GC(369311)   region size 1024K, 11 young (11264K), 1 survivors (1024K)
[2020-12-23T01:13:35.248-0400][gc,heap        ] GC(369311)  Metaspace       used 61008K, capacity 63733K, committed 64768K, reserved 1107968K
[2020-12-23T01:13:35.248-0400][gc,heap        ] GC(369311)   class space    used 5714K, capacity 6561K, committed 6912K, reserved 1048576K
[2020-12-23T01:13:35.248-0400][gc,start       ] GC(369311) Pause Young (Normal) (G1 Evacuation Pause)
[2020-12-23T01:13:35.248-0400][gc,task        ] GC(369311) Using 4 workers of 4 for evacuation
[2020-12-23T01:13:35.254-0400][gc,phases      ] GC(369311)   Pre Evacuate Collection Set: 0.0ms
[2020-12-23T01:13:35.254-0400][gc,phases      ] GC(369311)   Evacuate Collection Set: 3.8ms
[2020-12-23T01:13:35.254-0400][gc,phases      ] GC(369311)   Post Evacuate Collection Set: 1.5ms
[2020-12-23T01:13:35.254-0400][gc,phases      ] GC(369311)   Other: 0.9ms
[2020-12-23T01:13:35.254-0400][gc,heap        ] GC(369311) Eden regions: 10->0(10)
[2020-12-23T01:13:35.254-0400][gc,heap        ] GC(369311) Survivor regions: 1->1(2)
[2020-12-23T01:13:35.255-0400][gc,heap        ] GC(369311) Old regions: 46->46
[2020-12-23T01:13:35.255-0400][gc,heap        ] GC(369311) Humongous regions: 4->4
[2020-12-23T01:13:35.255-0400][gc,metaspace   ] GC(369311) Metaspace: 61008K->61008K(1107968K)
[2020-12-23T01:13:35.255-0400][gc,heap        ] GC(369311) Heap after GC invocations=369288 (full 10694): garbage-first heap   total 73728K, used 48961K [0x0000000083000000, 0x0000000100000000)
[2020-12-23T01:13:35.255-0400][gc,heap        ] GC(369311)   region size 1024K, 1 young (1024K), 1 survivors (1024K)
[2020-12-23T01:13:35.255-0400][gc,heap        ] GC(369311)  Metaspace       used 61008K, capacity 63733K, committed 64768K, reserved 1107968K
[2020-12-23T01:13:35.255-0400][gc,heap        ] GC(369311)   class space    used 5714K, capacity 6561K, committed 6912K, reserved 1048576K
[2020-12-23T01:13:35.255-0400][gc             ] GC(369311) Pause Young (Normal) (G1 Evacuation Pause) 57M->47M(72M) 6.680ms
[2020-12-23T01:13:35.255-0400][gc,cpu         ] GC(369311) User=0.01s Sys=0.01s Real=0.00s
[2020-12-23T01:14:05.510-0400][gc,heap        ] GC(369312) Heap before GC invocations=369288 (full 10694): garbage-first heap   total 73728K, used 58177K [0x0000000083000000, 0x0000000100000000)
[2020-12-23T01:14:05.510-0400][gc,heap        ] GC(369312)   region size 1024K, 11 young (11264K), 1 survivors (1024K)
[2020-12-23T01:14:05.510-0400][gc,heap        ] GC(369312)  Metaspace       used 61008K, capacity 63733K, committed 64768K, reserved 1107968K
[2020-12-23T01:14:05.511-0400][gc,heap        ] GC(369312)   class space    used 5714K, capacity 6561K, committed 6912K, reserved 1048576K
[2020-12-23T01:14:05.511-0400][gc,start       ] GC(369312) Pause Young (Normal) (G1 Evacuation Pause)
[2020-12-23T01:14:05.511-0400][gc,task        ] GC(369312) Using 4 workers of 4 for evacuation
[2020-12-23T01:14:05.517-0400][gc,phases      ] GC(369312)   Pre Evacuate Collection Set: 0.0ms
[2020-12-23T01:14:05.517-0400][gc,phases      ] GC(369312)   Evacuate Collection Set: 4.1ms
[2020-12-23T01:14:05.517-0400][gc,phases      ] GC(369312)   Post Evacuate Collection Set: 1.9ms
[2020-12-23T01:14:05.518-0400][gc,phases      ] GC(369312)   Other: 0.9ms
[2020-12-23T01:14:05.518-0400][gc,heap        ] GC(369312) Eden regions: 10->0(10)
[2020-12-23T01:14:05.518-0400][gc,heap        ] GC(369312) Survivor regions: 1->1(2)
[2020-12-23T01:14:05.518-0400][gc,heap        ] GC(369312) Old regions: 46->46
[2020-12-23T01:14:05.518-0400][gc,heap        ] GC(369312) Humongous regions: 4->4
[2020-12-23T01:14:05.518-0400][gc,metaspace   ] GC(369312) Metaspace: 61008K->61008K(1107968K)
[2020-12-23T01:14:05.518-0400][gc,heap        ] GC(369312) Heap after GC invocations=369289 (full 10694): garbage-first heap   total 73728K, used 49071K [0x0000000083000000, 0x0000000100000000)
[2020-12-23T01:14:05.518-0400][gc,heap        ] GC(369312)   region size 1024K, 1 young (1024K), 1 survivors (1024K)
[2020-12-23T01:14:05.518-0400][gc,heap        ] GC(369312)  Metaspace       used 61008K, capacity 63733K, committed 64768K, reserved 1107968K
[2020-12-23T01:14:05.518-0400][gc,heap        ] GC(369312)   class space    used 5714K, capacity 6561K, committed 6912K, reserved 1048576K
[2020-12-23T01:14:05.518-0400][gc             ] GC(369312) Pause Young (Normal) (G1 Evacuation Pause) 57M->47M(72M) 7.291ms
[2020-12-23T01:14:05.518-0400][gc,cpu         ] GC(369312) User=0.01s Sys=0.01s Real=0.01s
[2020-12-23T01:14:30.822-0400][gc,heap        ] GC(369313) Heap before GC invocations=369289 (full 10694): garbage-first heap   total 73728K, used 58287K [0x0000000083000000, 0x0000000100000000)
[2020-12-23T01:14:30.822-0400][gc,heap        ] GC(369313)   region size 1024K, 11 young (11264K), 1 survivors (1024K)
[2020-12-23T01:14:30.823-0400][gc,heap        ] GC(369313)  Metaspace       used 61008K, capacity 63733K, committed 64768K, reserved 1107968K
[2020-12-23T01:14:30.823-0400][gc,heap        ] GC(369313)   class space    used 5714K, capacity 6561K, committed 6912K, reserved 1048576K
[2020-12-23T01:14:30.823-0400][gc,start       ] GC(369313) Pause Young (Normal) (G1 Evacuation Pause)
[2020-12-23T01:14:30.823-0400][gc,task        ] GC(369313) Using 4 workers of 4 for evacuation
[2020-12-23T01:14:30.829-0400][gc,phases      ] GC(369313)   Pre Evacuate Collection Set: 0.0ms
[2020-12-23T01:14:30.829-0400][gc,phases      ] GC(369313)   Evacuate Collection Set: 3.7ms
[2020-12-23T01:14:30.829-0400][gc,phases      ] GC(369313)   Post Evacuate Collection Set: 1.7ms
[2020-12-23T01:14:30.829-0400][gc,phases      ] GC(369313)   Other: 0.9ms
[2020-12-23T01:14:30.829-0400][gc,heap        ] GC(369313) Eden regions: 10->0(10)
[2020-12-23T01:14:30.829-0400][gc,heap        ] GC(369313) Survivor regions: 1->1(2)
[2020-12-23T01:14:30.829-0400][gc,heap        ] GC(369313) Old regions: 46->46
[2020-12-23T01:14:30.829-0400][gc,heap        ] GC(369313) Humongous regions: 4->4
[2020-12-23T01:14:30.829-0400][gc,metaspace   ] GC(369313) Metaspace: 61008K->61008K(1107968K)
[2020-12-23T01:14:30.829-0400][gc,heap        ] GC(369313) Heap after GC invocations=369290 (full 10694): garbage-first heap   total 73728K, used 49007K [0x0000000083000000, 0x0000000100000000)
[2020-12-23T01:14:30.829-0400][gc,heap        ] GC(369313)   region size 1024K, 1 young (1024K), 1 survivors (1024K)
[2020-12-23T01:14:30.829-0400][gc,heap        ] GC(369313)  Metaspace       used 61008K, capacity 63733K, committed 64768K, reserved 1107968K
[2020-12-23T01:14:30.829-0400][gc,heap        ] GC(369313)   class space    used 5714K, capacity 6561K, committed 6912K, reserved 1048576K
[2020-12-23T01:14:30.829-0400][gc             ] GC(369313) Pause Young (Normal) (G1 Evacuation Pause) 57M->47M(72M) 6.730ms
[2020-12-23T01:14:30.830-0400][gc,cpu         ] GC(369313) User=0.02s Sys=0.00s Real=0.01s
[2020-12-23T01:14:56.105-0400][gc,heap        ] GC(369314) Heap before GC invocations=369290 (full 10694): garbage-first heap   total 73728K, used 58223K [0x0000000083000000, 0x0000000100000000)
[2020-12-23T01:14:56.105-0400][gc,heap        ] GC(369314)   region size 1024K, 11 young (11264K), 1 survivors (1024K)
[2020-12-23T01:14:56.105-0400][gc,heap        ] GC(369314)  Metaspace       used 61008K, capacity 63733K, committed 64768K, reserved 1107968K
[2020-12-23T01:14:56.105-0400][gc,heap        ] GC(369314)   class space    used 5714K, capacity 6561K, committed 6912K, reserved 1048576K
[2020-12-23T01:14:56.105-0400][gc,start       ] GC(369314) Pause Young (Normal) (G1 Evacuation Pause)
[2020-12-23T01:14:56.105-0400][gc,task        ] GC(369314) Using 4 workers of 4 for evacuation
[2020-12-23T01:14:56.112-0400][gc,phases      ] GC(369314)   Pre Evacuate Collection Set: 0.0ms
[2020-12-23T01:14:56.112-0400][gc,phases      ] GC(369314)   Evacuate Collection Set: 4.4ms
[2020-12-23T01:14:56.112-0400][gc,phases      ] GC(369314)   Post Evacuate Collection Set: 1.8ms
[2020-12-23T01:14:56.112-0400][gc,phases      ] GC(369314)   Other: 0.8ms
[2020-12-23T01:14:56.112-0400][gc,heap        ] GC(369314) Eden regions: 10->0(10)
[2020-12-23T01:14:56.112-0400][gc,heap        ] GC(369314) Survivor regions: 1->1(2)
[2020-12-23T01:14:56.112-0400][gc,heap        ] GC(369314) Old regions: 46->46
[2020-12-23T01:14:56.112-0400][gc,heap        ] GC(369314) Humongous regions: 4->4
[2020-12-23T01:14:56.112-0400][gc,metaspace   ] GC(369314) Metaspace: 61008K->61008K(1107968K)
[2020-12-23T01:14:56.112-0400][gc,heap        ] GC(369314) Heap after GC invocations=369291 (full 10694): garbage-first heap   total 73728K, used 49179K [0x0000000083000000, 0x0000000100000000)
[2020-12-23T01:14:56.112-0400][gc,heap        ] GC(369314)   region size 1024K, 1 young (1024K), 1 survivors (1024K)
[2020-12-23T01:14:56.112-0400][gc,heap        ] GC(369314)  Metaspace       used 61008K, capacity 63733K, committed 64768K, reserved 1107968K
[2020-12-23T01:14:56.112-0400][gc,heap        ] GC(369314)   class space    used 5714K, capacity 6561K, committed 6912K, reserved 1048576K
[2020-12-23T01:14:56.113-0400][gc             ] GC(369314) Pause Young (Normal) (G1 Evacuation Pause) 57M->48M(72M) 7.332ms
[2020-12-23T01:14:56.113-0400][gc,cpu         ] GC(369314) User=0.01s Sys=0.01s Real=0.01s
[2020-12-23T01:15:26.511-0400][gc,heap        ] GC(369315) Heap before GC invocations=369291 (full 10694): garbage-first heap   total 73728K, used 59419K [0x0000000083000000, 0x0000000100000000)
[2020-12-23T01:15:26.512-0400][gc,heap        ] GC(369315)   region size 1024K, 11 young (11264K), 1 survivors (1024K)
[2020-12-23T01:15:26.512-0400][gc,heap        ] GC(369315)  Metaspace       used 61008K, capacity 63733K, committed 64768K, reserved 1107968K
[2020-12-23T01:15:26.512-0400][gc,heap        ] GC(369315)   class space    used 5714K, capacity 6561K, committed 6912K, reserved 1048576K
[2020-12-23T01:15:26.512-0400][gc,start       ] GC(369315) Pause Young (Normal) (G1 Evacuation Pause)
[2020-12-23T01:15:26.512-0400][gc,task        ] GC(369315) Using 4 workers of 4 for evacuation
[2020-12-23T01:15:26.518-0400][gc,phases      ] GC(369315)   Pre Evacuate Collection Set: 0.0ms
[2020-12-23T01:15:26.518-0400][gc,phases      ] GC(369315)   Evacuate Collection Set: 4.4ms
[2020-12-23T01:15:26.518-0400][gc,phases      ] GC(369315)   Post Evacuate Collection Set: 1.5ms
[2020-12-23T01:15:26.519-0400][gc,phases      ] GC(369315)   Other: 0.9ms
[2020-12-23T01:15:26.519-0400][gc,heap        ] GC(369315) Eden regions: 10->0(10)
[2020-12-23T01:15:26.519-0400][gc,heap        ] GC(369315) Survivor regions: 1->1(2)
[2020-12-23T01:15:26.519-0400][gc,heap        ] GC(369315) Old regions: 46->46
[2020-12-23T01:15:26.519-0400][gc,heap        ] GC(369315) Humongous regions: 4->4
[2020-12-23T01:15:26.519-0400][gc,metaspace   ] GC(369315) Metaspace: 61008K->61008K(1107968K)
[2020-12-23T01:15:26.519-0400][gc,heap        ] GC(369315) Heap after GC invocations=369292 (full 10694): garbage-first heap   total 73728K, used 49146K [0x0000000083000000, 0x0000000100000000)
[2020-12-23T01:15:26.519-0400][gc,heap        ] GC(369315)   region size 1024K, 1 young (1024K), 1 survivors (1024K)
[2020-12-23T01:15:26.519-0400][gc,heap        ] GC(369315)  Metaspace       used 61008K, capacity 63733K, committed 64768K, reserved 1107968K
[2020-12-23T01:15:26.519-0400][gc,heap        ] GC(369315)   class space    used 5714K, capacity 6561K, committed 6912K, reserved 1048576K
[2020-12-23T01:15:26.519-0400][gc             ] GC(369315) Pause Young (Normal) (G1 Evacuation Pause) 58M->47M(72M) 7.339ms
[2020-12-23T01:15:26.519-0400][gc,cpu         ] GC(369315) User=0.03s Sys=0.00s Real=0.01s
[2020-12-23T01:16:00.041-0400][gc,heap        ] GC(369316) Heap before GC invocations=369292 (full 10694): garbage-first heap   total 73728K, used 58362K [0x0000000083000000, 0x0000000100000000)
[2020-12-23T01:16:00.041-0400][gc,heap        ] GC(369316)   region size 1024K, 11 young (11264K), 1 survivors (1024K)
[2020-12-23T01:16:00.041-0400][gc,heap        ] GC(369316)  Metaspace       used 61008K, capacity 63733K, committed 64768K, reserved 1107968K
[2020-12-23T01:16:00.041-0400][gc,heap        ] GC(369316)   class space    used 5714K, capacity 6561K, committed 6912K, reserved 1048576K
[2020-12-23T01:16:00.041-0400][gc,start       ] GC(369316) Pause Young (Normal) (G1 Evacuation Pause)
[2020-12-23T01:16:00.041-0400][gc,task        ] GC(369316) Using 4 workers of 4 for evacuation
[2020-12-23T01:16:00.047-0400][gc,phases      ] GC(369316)   Pre Evacuate Collection Set: 0.0ms
[2020-12-23T01:16:00.047-0400][gc,phases      ] GC(369316)   Evacuate Collection Set: 4.4ms
[2020-12-23T01:16:00.047-0400][gc,phases      ] GC(369316)   Post Evacuate Collection Set: 1.5ms
[2020-12-23T01:16:00.048-0400][gc,phases      ] GC(369316)   Other: 0.9ms
[2020-12-23T01:16:00.048-0400][gc,heap        ] GC(369316) Eden regions: 10->0(10)
[2020-12-23T01:16:00.048-0400][gc,heap        ] GC(369316) Survivor regions: 1->1(2)
[2020-12-23T01:16:00.048-0400][gc,heap        ] GC(369316) Old regions: 46->46
[2020-12-23T01:16:00.048-0400][gc,heap        ] GC(369316) Humongous regions: 4->4
[2020-12-23T01:16:00.048-0400][gc,metaspace   ] GC(369316) Metaspace: 61008K->61008K(1107968K)
[2020-12-23T01:16:00.048-0400][gc,heap        ] GC(369316) Heap after GC invocations=369293 (full 10694): garbage-first heap   total 73728K, used 49149K [0x0000000083000000, 0x0000000100000000)
[2020-12-23T01:16:00.048-0400][gc,heap        ] GC(369316)   region size 1024K, 1 young (1024K), 1 survivors (1024K)
[2020-12-23T01:16:00.048-0400][gc,heap        ] GC(369316)  Metaspace       used 61008K, capacity 63733K, committed 64768K, reserved 1107968K
[2020-12-23T01:16:00.048-0400][gc,heap        ] GC(369316)   class space    used 5714K, capacity 6561K, committed 6912K, reserved 1048576K
[2020-12-23T01:16:00.048-0400][gc             ] GC(369316) Pause Young (Normal) (G1 Evacuation Pause) 57M->47M(72M) 7.142ms
[2020-12-23T01:16:00.048-0400][gc,cpu         ] GC(369316) User=0.01s Sys=0.01s Real=0.01s
[2020-12-23T01:16:37.086-0400][gc,heap        ] GC(369317) Heap before GC invocations=369293 (full 10694): garbage-first heap   total 73728K, used 58365K [0x0000000083000000, 0x0000000100000000)
[2020-12-23T01:16:37.086-0400][gc,heap        ] GC(369317)   region size 1024K, 11 young (11264K), 1 survivors (1024K)
[2020-12-23T01:16:37.086-0400][gc,heap        ] GC(369317)  Metaspace       used 61008K, capacity 63733K, committed 64768K, reserved 1107968K
[2020-12-23T01:16:37.086-0400][gc,heap        ] GC(369317)   class space    used 5714K, capacity 6561K, committed 6912K, reserved 1048576K
[2020-12-23T01:16:37.086-0400][gc,start       ] GC(369317) Pause Young (Normal) (G1 Evacuation Pause)
[2020-12-23T01:16:37.086-0400][gc,task        ] GC(369317) Using 4 workers of 4 for evacuation
[2020-12-23T01:16:37.092-0400][gc,phases      ] GC(369317)   Pre Evacuate Collection Set: 0.0ms
[2020-12-23T01:16:37.092-0400][gc,phases      ] GC(369317)   Evacuate Collection Set: 3.9ms
[2020-12-23T01:16:37.092-0400][gc,phases      ] GC(369317)   Post Evacuate Collection Set: 1.5ms
[2020-12-23T01:16:37.092-0400][gc,phases      ] GC(369317)   Other: 1.0ms
[2020-12-23T01:16:37.092-0400][gc,heap        ] GC(369317) Eden regions: 10->0(10)
[2020-12-23T01:16:37.092-0400][gc,heap        ] GC(369317) Survivor regions: 1->1(2)
[2020-12-23T01:16:37.092-0400][gc,heap        ] GC(369317) Old regions: 46->46
[2020-12-23T01:16:37.093-0400][gc,heap        ] GC(369317) Humongous regions: 4->4
[2020-12-23T01:16:37.093-0400][gc,metaspace   ] GC(369317) Metaspace: 61008K->61008K(1107968K)
[2020-12-23T01:16:37.093-0400][gc,heap        ] GC(369317) Heap after GC invocations=369294 (full 10694): garbage-first heap   total 73728K, used 49032K [0x0000000083000000, 0x0000000100000000)
[2020-12-23T01:16:37.093-0400][gc,heap        ] GC(369317)   region size 1024K, 1 young (1024K), 1 survivors (1024K)
[2020-12-23T01:16:37.093-0400][gc,heap        ] GC(369317)  Metaspace       used 61008K, capacity 63733K, committed 64768K, reserved 1107968K
[2020-12-23T01:16:37.093-0400][gc,heap        ] GC(369317)   class space    used 5714K, capacity 6561K, committed 6912K, reserved 1048576K
[2020-12-23T01:16:37.093-0400][gc             ] GC(369317) Pause Young (Normal) (G1 Evacuation Pause) 57M->47M(72M) 6.750ms
[2020-12-23T01:16:37.093-0400][gc,cpu         ] GC(369317) User=0.02s Sys=0.00s Real=0.00s
[2020-12-23T01:16:50.924-0400][gc,task        ] GC(369318) Using 3 workers of 4 for full compaction
[2020-12-23T01:16:50.924-0400][gc,start       ] GC(369318) Pause Full (System.gc())
[2020-12-23T01:16:50.924-0400][gc,heap        ] GC(369318) Heap before GC invocations=369294 (full 10694): garbage-first heap   total 73728K, used 52104K [0x0000000083000000, 0x0000000100000000)
[2020-12-23T01:16:50.925-0400][gc,heap        ] GC(369318)   region size 1024K, 5 young (5120K), 1 survivors (1024K)
[2020-12-23T01:16:50.925-0400][gc,heap        ] GC(369318)  Metaspace       used 61008K, capacity 63733K, committed 64768K, reserved 1107968K
[2020-12-23T01:16:50.925-0400][gc,heap        ] GC(369318)   class space    used 5714K, capacity 6561K, committed 6912K, reserved 1048576K
[2020-12-23T01:16:50.927-0400][gc,phases,start] GC(369318) Phase 1: Mark live objects
[2020-12-23T01:16:51.071-0400][gc,stringtable ] GC(369318) Cleaned string and symbol table, strings: 32200 processed, 0 removed, symbols: 131455 processed, 0 removed
[2020-12-23T01:16:51.072-0400][gc,phases      ] GC(369318) Phase 1: Mark live objects 144.476ms
[2020-12-23T01:16:51.072-0400][gc,phases,start] GC(369318) Phase 2: Prepare for compaction
[2020-12-23T01:16:51.102-0400][gc,phases      ] GC(369318) Phase 2: Prepare for compaction 29.822ms
[2020-12-23T01:16:51.102-0400][gc,phases,start] GC(369318) Phase 3: Adjust pointers
[2020-12-23T01:16:51.178-0400][gc,phases      ] GC(369318) Phase 3: Adjust pointers 76.583ms
[2020-12-23T01:16:51.178-0400][gc,phases,start] GC(369318) Phase 4: Compact heap
[2020-12-23T01:16:51.200-0400][gc,phases      ] GC(369318) Phase 4: Compact heap 22.091ms
[2020-12-23T01:16:51.235-0400][gc,heap        ] GC(369318) Eden regions: 4->0(11)
[2020-12-23T01:16:51.235-0400][gc,heap        ] GC(369318) Survivor regions: 1->0(2)
[2020-12-23T01:16:51.236-0400][gc,heap        ] GC(369318) Old regions: 46->46
[2020-12-23T01:16:51.236-0400][gc,heap        ] GC(369318) Humongous regions: 4->4
[2020-12-23T01:16:51.236-0400][gc,metaspace   ] GC(369318) Metaspace: 61008K->61008K(1107968K)
[2020-12-23T01:16:51.236-0400][gc,heap        ] GC(369318) Heap after GC invocations=369295 (full 10695): garbage-first heap   total 73728K, used 48471K [0x0000000083000000, 0x0000000100000000)
[2020-12-23T01:16:51.236-0400][gc,heap        ] GC(369318)   region size 1024K, 0 young (0K), 0 survivors (0K)
[2020-12-23T01:16:51.236-0400][gc,heap        ] GC(369318)  Metaspace       used 61008K, capacity 63733K, committed 64768K, reserved 1107968K
[2020-12-23T01:16:51.236-0400][gc,heap        ] GC(369318)   class space    used 5714K, capacity 6561K, committed 6912K, reserved 1048576K
[2020-12-23T01:16:51.236-0400][gc             ] GC(369318) Pause Full (System.gc()) 51M->47M(72M) 311.541ms
[2020-12-23T01:16:51.236-0400][gc,cpu         ] GC(369318) User=0.52s Sys=0.31s Real=0.32s
[2020-12-23T01:17:22.278-0400][gc,heap        ] GC(369319) Heap before GC invocations=369295 (full 10695): garbage-first heap   total 73728K, used 58711K [0x0000000083000000, 0x0000000100000000)
[2020-12-23T01:17:22.278-0400][gc,heap        ] GC(369319)   region size 1024K, 11 young (11264K), 0 survivors (0K)
[2020-12-23T01:17:22.278-0400][gc,heap        ] GC(369319)  Metaspace       used 61008K, capacity 63733K, committed 64768K, reserved 1107968K
[2020-12-23T01:17:22.278-0400][gc,heap        ] GC(369319)   class space    used 5714K, capacity 6561K, committed 6912K, reserved 1048576K
[2020-12-23T01:17:22.278-0400][gc,start       ] GC(369319) Pause Young (Normal) (G1 Evacuation Pause)
[2020-12-23T01:17:22.278-0400][gc,task        ] GC(369319) Using 4 workers of 4 for evacuation
[2020-12-23T01:17:22.283-0400][gc,phases      ] GC(369319)   Pre Evacuate Collection Set: 0.0ms
[2020-12-23T01:17:22.283-0400][gc,phases      ] GC(369319)   Evacuate Collection Set: 2.9ms
[2020-12-23T01:17:22.283-0400][gc,phases      ] GC(369319)   Post Evacuate Collection Set: 1.8ms
[2020-12-23T01:17:22.284-0400][gc,phases      ] GC(369319)   Other: 0.8ms
[2020-12-23T01:17:22.284-0400][gc,heap        ] GC(369319) Eden regions: 11->0(11)
[2020-12-23T01:17:22.284-0400][gc,heap        ] GC(369319) Survivor regions: 0->1(2)
[2020-12-23T01:17:22.284-0400][gc,heap        ] GC(369319) Old regions: 46->46
[2020-12-23T01:17:22.284-0400][gc,heap        ] GC(369319) Humongous regions: 4->4
[2020-12-23T01:17:22.284-0400][gc,metaspace   ] GC(369319) Metaspace: 61008K->61008K(1107968K)
[2020-12-23T01:17:22.284-0400][gc,heap        ] GC(369319) Heap after GC invocations=369296 (full 10695): garbage-first heap   total 73728K, used 48752K [0x0000000083000000, 0x0000000100000000)
[2020-12-23T01:17:22.284-0400][gc,heap        ] GC(369319)   region size 1024K, 1 young (1024K), 1 survivors (1024K)
[2020-12-23T01:17:22.284-0400][gc,heap        ] GC(369319)  Metaspace       used 61008K, capacity 63733K, committed 64768K, reserved 1107968K
[2020-12-23T01:17:22.284-0400][gc,heap        ] GC(369319)   class space    used 5714K, capacity 6561K, committed 6912K, reserved 1048576K
[2020-12-23T01:17:22.284-0400][gc             ] GC(369319) Pause Young (Normal) (G1 Evacuation Pause) 58M->47M(72M) 5.905ms
[2020-12-23T01:17:22.284-0400][gc,cpu         ] GC(369319) User=0.01s Sys=0.00s Real=0.00s
[2020-12-23T01:18:03.352-0400][gc,heap        ] GC(369320) Heap before GC invocations=369296 (full 10695): garbage-first heap   total 73728K, used 58992K [0x0000000083000000, 0x0000000100000000)
[2020-12-23T01:18:03.352-0400][gc,heap        ] GC(369320)   region size 1024K, 12 young (12288K), 1 survivors (1024K)
[2020-12-23T01:18:03.352-0400][gc,heap        ] GC(369320)  Metaspace       used 61008K, capacity 63733K, committed 64768K, reserved 1107968K
[2020-12-23T01:18:03.352-0400][gc,heap        ] GC(369320)   class space    used 5714K, capacity 6561K, committed 6912K, reserved 1048576K
[2020-12-23T01:18:03.352-0400][gc,start       ] GC(369320) Pause Young (Normal) (G1 Evacuation Pause)
[2020-12-23T01:18:03.353-0400][gc,task        ] GC(369320) Using 4 workers of 4 for evacuation
[2020-12-23T01:18:03.358-0400][gc,phases      ] GC(369320)   Pre Evacuate Collection Set: 0.0ms
[2020-12-23T01:18:03.358-0400][gc,phases      ] GC(369320)   Evacuate Collection Set: 3.0ms
[2020-12-23T01:18:03.358-0400][gc,phases      ] GC(369320)   Post Evacuate Collection Set: 1.6ms
[2020-12-23T01:18:03.358-0400][gc,phases      ] GC(369320)   Other: 1.0ms
[2020-12-23T01:18:03.358-0400][gc,heap        ] GC(369320) Eden regions: 11->0(11)
[2020-12-23T01:18:03.358-0400][gc,heap        ] GC(369320) Survivor regions: 1->1(2)
[2020-12-23T01:18:03.358-0400][gc,heap        ] GC(369320) Old regions: 46->46
[2020-12-23T01:18:03.358-0400][gc,heap        ] GC(369320) Humongous regions: 4->4
[2020-12-23T01:18:03.358-0400][gc,metaspace   ] GC(369320) Metaspace: 61008K->61008K(1107968K)
[2020-12-23T01:18:03.358-0400][gc,heap        ] GC(369320) Heap after GC invocations=369297 (full 10695): garbage-first heap   total 73728K, used 48801K [0x0000000083000000, 0x0000000100000000)
[2020-12-23T01:18:03.358-0400][gc,heap        ] GC(369320)   region size 1024K, 1 young (1024K), 1 survivors (1024K)
[2020-12-23T01:18:03.358-0400][gc,heap        ] GC(369320)  Metaspace       used 61008K, capacity 63733K, committed 64768K, reserved 1107968K
[2020-12-23T01:18:03.358-0400][gc,heap        ] GC(369320)   class space    used 5714K, capacity 6561K, committed 6912K, reserved 1048576K
[2020-12-23T01:18:03.358-0400][gc             ] GC(369320) Pause Young (Normal) (G1 Evacuation Pause) 58M->47M(72M) 5.915ms
[2020-12-23T01:18:03.359-0400][gc,cpu         ] GC(369320) User=0.01s Sys=0.01s Real=0.01s
[2020-12-23T01:18:42.009-0400][gc,heap        ] GC(369321) Heap before GC invocations=369297 (full 10695): garbage-first heap   total 73728K, used 59041K [0x0000000083000000, 0x0000000100000000)
[2020-12-23T01:18:42.010-0400][gc,heap        ] GC(369321)   region size 1024K, 12 young (12288K), 1 survivors (1024K)
[2020-12-23T01:18:42.010-0400][gc,heap        ] GC(369321)  Metaspace       used 61008K, capacity 63733K, committed 64768K, reserved 1107968K
[2020-12-23T01:18:42.010-0400][gc,heap        ] GC(369321)   class space    used 5714K, capacity 6561K, committed 6912K, reserved 1048576K
[2020-12-23T01:18:42.010-0400][gc,start       ] GC(369321) Pause Young (Normal) (G1 Evacuation Pause)
[2020-12-23T01:18:42.010-0400][gc,task        ] GC(369321) Using 4 workers of 4 for evacuation
[2020-12-23T01:18:42.015-0400][gc,phases      ] GC(369321)   Pre Evacuate Collection Set: 0.0ms
[2020-12-23T01:18:42.015-0400][gc,phases      ] GC(369321)   Evacuate Collection Set: 3.0ms
[2020-12-23T01:18:42.015-0400][gc,phases      ] GC(369321)   Post Evacuate Collection Set: 1.9ms
[2020-12-23T01:18:42.016-0400][gc,phases      ] GC(369321)   Other: 0.9ms
[2020-12-23T01:18:42.016-0400][gc,heap        ] GC(369321) Eden regions: 11->0(11)
[2020-12-23T01:18:42.016-0400][gc,heap        ] GC(369321) Survivor regions: 1->1(2)
[2020-12-23T01:18:42.016-0400][gc,heap        ] GC(369321) Old regions: 46->46
[2020-12-23T01:18:42.016-0400][gc,heap        ] GC(369321) Humongous regions: 4->4
[2020-12-23T01:18:42.016-0400][gc,metaspace   ] GC(369321) Metaspace: 61008K->61008K(1107968K)
[2020-12-23T01:18:42.016-0400][gc,heap        ] GC(369321) Heap after GC invocations=369298 (full 10695): garbage-first heap   total 73728K, used 48849K [0x0000000083000000, 0x0000000100000000)
[2020-12-23T01:18:42.016-0400][gc,heap        ] GC(369321)   region size 1024K, 1 young (1024K), 1 survivors (1024K)
[2020-12-23T01:18:42.016-0400][gc,heap        ] GC(369321)  Metaspace       used 61008K, capacity 63733K, committed 64768K, reserved 1107968K
[2020-12-23T01:18:42.016-0400][gc,heap        ] GC(369321)   class space    used 5714K, capacity 6561K, committed 6912K, reserved 1048576K
[2020-12-23T01:18:42.016-0400][gc             ] GC(369321) Pause Young (Normal) (G1 Evacuation Pause) 58M->47M(72M) 6.177ms
[2020-12-23T01:18:42.016-0400][gc,cpu         ] GC(369321) User=0.02s Sys=0.00s Real=0.01s
[2020-12-23T01:19:10.962-0400][gc,heap        ] GC(369322) Heap before GC invocations=369298 (full 10695): garbage-first heap   total 73728K, used 59089K [0x0000000083000000, 0x0000000100000000)
[2020-12-23T01:19:10.962-0400][gc,heap        ] GC(369322)   region size 1024K, 12 young (12288K), 1 survivors (1024K)
[2020-12-23T01:19:10.962-0400][gc,heap        ] GC(369322)  Metaspace       used 61008K, capacity 63733K, committed 64768K, reserved 1107968K
[2020-12-23T01:19:10.962-0400][gc,heap        ] GC(369322)   class space    used 5714K, capacity 6561K, committed 6912K, reserved 1048576K
[2020-12-23T01:19:10.962-0400][gc,start       ] GC(369322) Pause Young (Normal) (G1 Evacuation Pause)
[2020-12-23T01:19:10.962-0400][gc,task        ] GC(369322) Using 4 workers of 4 for evacuation
[2020-12-23T01:19:10.968-0400][gc,phases      ] GC(369322)   Pre Evacuate Collection Set: 0.0ms
[2020-12-23T01:19:10.968-0400][gc,phases      ] GC(369322)   Evacuate Collection Set: 3.5ms
[2020-12-23T01:19:10.968-0400][gc,phases      ] GC(369322)   Post Evacuate Collection Set: 1.6ms
[2020-12-23T01:19:10.968-0400][gc,phases      ] GC(369322)   Other: 1.0ms
[2020-12-23T01:19:10.968-0400][gc,heap        ] GC(369322) Eden regions: 11->0(11)
[2020-12-23T01:19:10.968-0400][gc,heap        ] GC(369322) Survivor regions: 1->1(2)
[2020-12-23T01:19:10.968-0400][gc,heap        ] GC(369322) Old regions: 46->46
[2020-12-23T01:19:10.968-0400][gc,heap        ] GC(369322) Humongous regions: 4->4
[2020-12-23T01:19:10.968-0400][gc,metaspace   ] GC(369322) Metaspace: 61008K->61008K(1107968K)
[2020-12-23T01:19:10.968-0400][gc,heap        ] GC(369322) Heap after GC invocations=369299 (full 10695): garbage-first heap   total 73728K, used 48912K [0x0000000083000000, 0x0000000100000000)
[2020-12-23T01:19:10.969-0400][gc,heap        ] GC(369322)   region size 1024K, 1 young (1024K), 1 survivors (1024K)
[2020-12-23T01:19:10.969-0400][gc,heap        ] GC(369322)  Metaspace       used 61008K, capacity 63733K, committed 64768K, reserved 1107968K
[2020-12-23T01:19:10.969-0400][gc,heap        ] GC(369322)   class space    used 5714K, capacity 6561K, committed 6912K, reserved 1048576K
[2020-12-23T01:19:10.969-0400][gc             ] GC(369322) Pause Young (Normal) (G1 Evacuation Pause) 58M->47M(72M) 6.477ms
[2020-12-23T01:19:10.969-0400][gc,cpu         ] GC(369322) User=0.00s Sys=0.02s Real=0.01s
[2020-12-23T01:19:49.004-0400][gc,heap        ] GC(369323) Heap before GC invocations=369299 (full 10695): garbage-first heap   total 73728K, used 59152K [0x0000000083000000, 0x0000000100000000)
[2020-12-23T01:19:49.004-0400][gc,heap        ] GC(369323)   region size 1024K, 12 young (12288K), 1 survivors (1024K)
[2020-12-23T01:19:49.004-0400][gc,heap        ] GC(369323)  Metaspace       used 61008K, capacity 63733K, committed 64768K, reserved 1107968K
[2020-12-23T01:19:49.004-0400][gc,heap        ] GC(369323)   class space    used 5714K, capacity 6561K, committed 6912K, reserved 1048576K
[2020-12-23T01:19:49.004-0400][gc,start       ] GC(369323) Pause Young (Normal) (G1 Evacuation Pause)
[2020-12-23T01:19:49.004-0400][gc,task        ] GC(369323) Using 4 workers of 4 for evacuation
[2020-12-23T01:19:49.010-0400][gc,phases      ] GC(369323)   Pre Evacuate Collection Set: 0.0ms
[2020-12-23T01:19:49.010-0400][gc,phases      ] GC(369323)   Evacuate Collection Set: 3.6ms
[2020-12-23T01:19:49.010-0400][gc,phases      ] GC(369323)   Post Evacuate Collection Set: 1.6ms
[2020-12-23T01:19:49.010-0400][gc,phases      ] GC(369323)   Other: 0.9ms
[2020-12-23T01:19:49.010-0400][gc,heap        ] GC(369323) Eden regions: 11->0(11)
[2020-12-23T01:19:49.010-0400][gc,heap        ] GC(369323) Survivor regions: 1->1(2)
[2020-12-23T01:19:49.010-0400][gc,heap        ] GC(369323) Old regions: 46->46
[2020-12-23T01:19:49.010-0400][gc,heap        ] GC(369323) Humongous regions: 4->4
[2020-12-23T01:19:49.010-0400][gc,metaspace   ] GC(369323) Metaspace: 61008K->61008K(1107968K)
[2020-12-23T01:19:49.010-0400][gc,heap        ] GC(369323) Heap after GC invocations=369300 (full 10695): garbage-first heap   total 73728K, used 48900K [0x0000000083000000, 0x0000000100000000)
[2020-12-23T01:19:49.010-0400][gc,heap        ] GC(369323)   region size 1024K, 1 young (1024K), 1 survivors (1024K)
[2020-12-23T01:19:49.010-0400][gc,heap        ] GC(369323)  Metaspace       used 61008K, capacity 63733K, committed 64768K, reserved 1107968K
[2020-12-23T01:19:49.010-0400][gc,heap        ] GC(369323)   class space    used 5714K, capacity 6561K, committed 6912K, reserved 1048576K
[2020-12-23T01:19:49.011-0400][gc             ] GC(369323) Pause Young (Normal) (G1 Evacuation Pause) 58M->47M(72M) 6.391ms
[2020-12-23T01:19:49.011-0400][gc,cpu         ] GC(369323) User=0.02s Sys=0.01s Real=0.01s
[2020-12-23T01:20:16.072-0400][gc,heap        ] GC(369324) Heap before GC invocations=369300 (full 10695): garbage-first heap   total 73728K, used 59140K [0x0000000083000000, 0x0000000100000000)
[2020-12-23T01:20:16.073-0400][gc,heap        ] GC(369324)   region size 1024K, 12 young (12288K), 1 survivors (1024K)
[2020-12-23T01:20:16.073-0400][gc,heap        ] GC(369324)  Metaspace       used 61008K, capacity 63733K, committed 64768K, reserved 1107968K
[2020-12-23T01:20:16.073-0400][gc,heap        ] GC(369324)   class space    used 5714K, capacity 6561K, committed 6912K, reserved 1048576K
[2020-12-23T01:20:16.073-0400][gc,start       ] GC(369324) Pause Young (Normal) (G1 Evacuation Pause)
[2020-12-23T01:20:16.073-0400][gc,task        ] GC(369324) Using 4 workers of 4 for evacuation
[2020-12-23T01:20:16.079-0400][gc,phases      ] GC(369324)   Pre Evacuate Collection Set: 0.0ms
[2020-12-23T01:20:16.079-0400][gc,phases      ] GC(369324)   Evacuate Collection Set: 3.9ms
[2020-12-23T01:20:16.079-0400][gc,phases      ] GC(369324)   Post Evacuate Collection Set: 1.6ms
[2020-12-23T01:20:16.079-0400][gc,phases      ] GC(369324)   Other: 0.9ms
[2020-12-23T01:20:16.079-0400][gc,heap        ] GC(369324) Eden regions: 11->0(11)
[2020-12-23T01:20:16.079-0400][gc,heap        ] GC(369324) Survivor regions: 1->1(2)
[2020-12-23T01:20:16.079-0400][gc,heap        ] GC(369324) Old regions: 46->46
[2020-12-23T01:20:16.079-0400][gc,heap        ] GC(369324) Humongous regions: 4->4
[2020-12-23T01:20:16.079-0400][gc,metaspace   ] GC(369324) Metaspace: 61008K->61008K(1107968K)
[2020-12-23T01:20:16.079-0400][gc,heap        ] GC(369324) Heap after GC invocations=369301 (full 10695): garbage-first heap   total 73728K, used 48995K [0x0000000083000000, 0x0000000100000000)
[2020-12-23T01:20:16.079-0400][gc,heap        ] GC(369324)   region size 1024K, 1 young (1024K), 1 survivors (1024K)
[2020-12-23T01:20:16.079-0400][gc,heap        ] GC(369324)  Metaspace       used 61008K, capacity 63733K, committed 64768K, reserved 1107968K
[2020-12-23T01:20:16.080-0400][gc,heap        ] GC(369324)   class space    used 5714K, capacity 6561K, committed 6912K, reserved 1048576K
[2020-12-23T01:20:16.080-0400][gc             ] GC(369324) Pause Young (Normal) (G1 Evacuation Pause) 58M->47M(72M) 6.816ms
[2020-12-23T01:20:16.080-0400][gc,cpu         ] GC(369324) User=0.01s Sys=0.01s Real=0.01s
[2020-12-23T01:20:43.373-0400][gc,heap        ] GC(369325) Heap before GC invocations=369301 (full 10695): garbage-first heap   total 73728K, used 59235K [0x0000000083000000, 0x0000000100000000)
[2020-12-23T01:20:43.373-0400][gc,heap        ] GC(369325)   region size 1024K, 12 young (12288K), 1 survivors (1024K)
[2020-12-23T01:20:43.373-0400][gc,heap        ] GC(369325)  Metaspace       used 61008K, capacity 63733K, committed 64768K, reserved 1107968K
[2020-12-23T01:20:43.373-0400][gc,heap        ] GC(369325)   class space    used 5714K, capacity 6561K, committed 6912K, reserved 1048576K
[2020-12-23T01:20:43.373-0400][gc,start       ] GC(369325) Pause Young (Normal) (G1 Evacuation Pause)
[2020-12-23T01:20:43.373-0400][gc,task        ] GC(369325) Using 4 workers of 4 for evacuation
[2020-12-23T01:20:43.379-0400][gc,phases      ] GC(369325)   Pre Evacuate Collection Set: 0.0ms
[2020-12-23T01:20:43.379-0400][gc,phases      ] GC(369325)   Evacuate Collection Set: 4.1ms
[2020-12-23T01:20:43.379-0400][gc,phases      ] GC(369325)   Post Evacuate Collection Set: 1.4ms
[2020-12-23T01:20:43.379-0400][gc,phases      ] GC(369325)   Other: 0.8ms
[2020-12-23T01:20:43.379-0400][gc,heap        ] GC(369325) Eden regions: 11->0(11)
[2020-12-23T01:20:43.379-0400][gc,heap        ] GC(369325) Survivor regions: 1->1(2)
[2020-12-23T01:20:43.380-0400][gc,heap        ] GC(369325) Old regions: 46->46
[2020-12-23T01:20:43.380-0400][gc,heap        ] GC(369325) Humongous regions: 4->4
[2020-12-23T01:20:43.380-0400][gc,metaspace   ] GC(369325) Metaspace: 61008K->61008K(1107968K)
[2020-12-23T01:20:43.380-0400][gc,heap        ] GC(369325) Heap after GC invocations=369302 (full 10695): garbage-first heap   total 73728K, used 49072K [0x0000000083000000, 0x0000000100000000)
[2020-12-23T01:20:43.380-0400][gc,heap        ] GC(369325)   region size 1024K, 1 young (1024K), 1 survivors (1024K)
[2020-12-23T01:20:43.380-0400][gc,heap        ] GC(369325)  Metaspace       used 61008K, capacity 63733K, committed 64768K, reserved 1107968K
[2020-12-23T01:20:43.380-0400][gc,heap        ] GC(369325)   class space    used 5714K, capacity 6561K, committed 6912K, reserved 1048576K
[2020-12-23T01:20:43.380-0400][gc             ] GC(369325) Pause Young (Normal) (G1 Evacuation Pause) 58M->47M(72M) 6.877ms
[2020-12-23T01:20:43.380-0400][gc,cpu         ] GC(369325) User=0.02s Sys=0.00s Real=0.01s
[2020-12-23T01:21:23.247-0400][gc,heap        ] GC(369326) Heap before GC invocations=369302 (full 10695): garbage-first heap   total 73728K, used 59312K [0x0000000083000000, 0x0000000100000000)
[2020-12-23T01:21:23.247-0400][gc,heap        ] GC(369326)   region size 1024K, 12 young (12288K), 1 survivors (1024K)
[2020-12-23T01:21:23.247-0400][gc,heap        ] GC(369326)  Metaspace       used 61008K, capacity 63733K, committed 64768K, reserved 1107968K
[2020-12-23T01:21:23.247-0400][gc,heap        ] GC(369326)   class space    used 5714K, capacity 6561K, committed 6912K, reserved 1048576K
[2020-12-23T01:21:23.248-0400][gc,start       ] GC(369326) Pause Young (Normal) (G1 Evacuation Pause)
[2020-12-23T01:21:23.248-0400][gc,task        ] GC(369326) Using 4 workers of 4 for evacuation
[2020-12-23T01:21:23.254-0400][gc,phases      ] GC(369326)   Pre Evacuate Collection Set: 0.0ms
[2020-12-23T01:21:23.254-0400][gc,phases      ] GC(369326)   Evacuate Collection Set: 3.8ms
[2020-12-23T01:21:23.254-0400][gc,phases      ] GC(369326)   Post Evacuate Collection Set: 1.8ms
[2020-12-23T01:21:23.254-0400][gc,phases      ] GC(369326)   Other: 0.9ms
[2020-12-23T01:21:23.254-0400][gc,heap        ] GC(369326) Eden regions: 11->0(11)
[2020-12-23T01:21:23.254-0400][gc,heap        ] GC(369326) Survivor regions: 1->1(2)
[2020-12-23T01:21:23.254-0400][gc,heap        ] GC(369326) Old regions: 46->46
[2020-12-23T01:21:23.254-0400][gc,heap        ] GC(369326) Humongous regions: 4->4
[2020-12-23T01:21:23.254-0400][gc,metaspace   ] GC(369326) Metaspace: 61008K->61008K(1107968K)
[2020-12-23T01:21:23.254-0400][gc,heap        ] GC(369326) Heap after GC invocations=369303 (full 10695): garbage-first heap   total 73728K, used 49050K [0x0000000083000000, 0x0000000100000000)
[2020-12-23T01:21:23.254-0400][gc,heap        ] GC(369326)   region size 1024K, 1 young (1024K), 1 survivors (1024K)
[2020-12-23T01:21:23.254-0400][gc,heap        ] GC(369326)  Metaspace       used 61008K, capacity 63733K, committed 64768K, reserved 1107968K
[2020-12-23T01:21:23.254-0400][gc,heap        ] GC(369326)   class space    used 5714K, capacity 6561K, committed 6912K, reserved 1048576K
[2020-12-23T01:21:23.254-0400][gc             ] GC(369326) Pause Young (Normal) (G1 Evacuation Pause) 58M->47M(72M) 6.812ms
[2020-12-23T01:21:23.255-0400][gc,cpu         ] GC(369326) User=0.01s Sys=0.01s Real=0.00s
[2020-12-23T01:21:50.924-0400][gc,task        ] GC(369327) Using 3 workers of 4 for full compaction
[2020-12-23T01:21:50.924-0400][gc,start       ] GC(369327) Pause Full (System.gc())
[2020-12-23T01:21:50.924-0400][gc,heap        ] GC(369327) Heap before GC invocations=369303 (full 10695): garbage-first heap   total 73728K, used 55194K [0x0000000083000000, 0x0000000100000000)
[2020-12-23T01:21:50.924-0400][gc,heap        ] GC(369327)   region size 1024K, 9 young (9216K), 1 survivors (1024K)
[2020-12-23T01:21:50.925-0400][gc,heap        ] GC(369327)  Metaspace       used 61008K, capacity 63733K, committed 64768K, reserved 1107968K
[2020-12-23T01:21:50.925-0400][gc,heap        ] GC(369327)   class space    used 5714K, capacity 6561K, committed 6912K, reserved 1048576K
[2020-12-23T01:21:50.927-0400][gc,phases,start] GC(369327) Phase 1: Mark live objects
[2020-12-23T01:21:51.073-0400][gc,stringtable ] GC(369327) Cleaned string and symbol table, strings: 32200 processed, 0 removed, symbols: 131455 processed, 0 removed
[2020-12-23T01:21:51.073-0400][gc,phases      ] GC(369327) Phase 1: Mark live objects 145.710ms
[2020-12-23T01:21:51.073-0400][gc,phases,start] GC(369327) Phase 2: Prepare for compaction
[2020-12-23T01:21:51.102-0400][gc,phases      ] GC(369327) Phase 2: Prepare for compaction 29.582ms
[2020-12-23T01:21:51.102-0400][gc,phases,start] GC(369327) Phase 3: Adjust pointers
[2020-12-23T01:21:51.180-0400][gc,phases      ] GC(369327) Phase 3: Adjust pointers 77.574ms
[2020-12-23T01:21:51.180-0400][gc,phases,start] GC(369327) Phase 4: Compact heap
[2020-12-23T01:21:51.205-0400][gc,phases      ] GC(369327) Phase 4: Compact heap 24.573ms
[2020-12-23T01:21:51.240-0400][gc,heap        ] GC(369327) Eden regions: 8->0(12)
[2020-12-23T01:21:51.241-0400][gc,heap        ] GC(369327) Survivor regions: 1->0(2)
[2020-12-23T01:21:51.241-0400][gc,heap        ] GC(369327) Old regions: 46->46
[2020-12-23T01:21:51.241-0400][gc,heap        ] GC(369327) Humongous regions: 4->4
[2020-12-23T01:21:51.241-0400][gc,metaspace   ] GC(369327) Metaspace: 61008K->61008K(1107968K)
[2020-12-23T01:21:51.241-0400][gc,heap        ] GC(369327) Heap after GC invocations=369304 (full 10696): garbage-first heap   total 73728K, used 48604K [0x0000000083000000, 0x0000000100000000)
[2020-12-23T01:21:51.241-0400][gc,heap        ] GC(369327)   region size 1024K, 0 young (0K), 0 survivors (0K)
[2020-12-23T01:21:51.241-0400][gc,heap        ] GC(369327)  Metaspace       used 61008K, capacity 63733K, committed 64768K, reserved 1107968K
[2020-12-23T01:21:51.241-0400][gc,heap        ] GC(369327)   class space    used 5714K, capacity 6561K, committed 6912K, reserved 1048576K
[2020-12-23T01:21:51.241-0400][gc             ] GC(369327) Pause Full (System.gc()) 55M->47M(72M) 316.619ms
[2020-12-23T01:21:51.241-0400][gc,cpu         ] GC(369327) User=0.83s Sys=0.00s Real=0.32s
[2020-12-23T01:22:23.890-0400][gc,heap        ] GC(369328) Heap before GC invocations=369304 (full 10696): garbage-first heap   total 73728K, used 59868K [0x0000000083000000, 0x0000000100000000)
[2020-12-23T01:22:23.890-0400][gc,heap        ] GC(369328)   region size 1024K, 12 young (12288K), 0 survivors (0K)
[2020-12-23T01:22:23.891-0400][gc,heap        ] GC(369328)  Metaspace       used 61008K, capacity 63733K, committed 64768K, reserved 1107968K
[2020-12-23T01:22:23.891-0400][gc,heap        ] GC(369328)   class space    used 5714K, capacity 6561K, committed 6912K, reserved 1048576K
[2020-12-23T01:22:23.891-0400][gc,start       ] GC(369328) Pause Young (Normal) (G1 Evacuation Pause)
[2020-12-23T01:22:23.891-0400][gc,task        ] GC(369328) Using 4 workers of 4 for evacuation
[2020-12-23T01:22:23.896-0400][gc,phases      ] GC(369328)   Pre Evacuate Collection Set: 0.0ms
[2020-12-23T01:22:23.896-0400][gc,phases      ] GC(369328)   Evacuate Collection Set: 3.0ms
[2020-12-23T01:22:23.896-0400][gc,phases      ] GC(369328)   Post Evacuate Collection Set: 1.8ms
[2020-12-23T01:22:23.896-0400][gc,phases      ] GC(369328)   Other: 0.8ms
[2020-12-23T01:22:23.896-0400][gc,heap        ] GC(369328) Eden regions: 12->0(11)
[2020-12-23T01:22:23.896-0400][gc,heap        ] GC(369328) Survivor regions: 0->1(2)
[2020-12-23T01:22:23.896-0400][gc,heap        ] GC(369328) Old regions: 46->46
[2020-12-23T01:22:23.897-0400][gc,heap        ] GC(369328) Humongous regions: 4->4
[2020-12-23T01:22:23.897-0400][gc,metaspace   ] GC(369328) Metaspace: 61008K->61008K(1107968K)
[2020-12-23T01:22:23.897-0400][gc,heap        ] GC(369328) Heap after GC invocations=369305 (full 10696): garbage-first heap   total 73728K, used 48871K [0x0000000083000000, 0x0000000100000000)
[2020-12-23T01:22:23.897-0400][gc,heap        ] GC(369328)   region size 1024K, 1 young (1024K), 1 survivors (1024K)
[2020-12-23T01:22:23.897-0400][gc,heap        ] GC(369328)  Metaspace       used 61008K, capacity 63733K, committed 64768K, reserved 1107968K
[2020-12-23T01:22:23.897-0400][gc,heap        ] GC(369328)   class space    used 5714K, capacity 6561K, committed 6912K, reserved 1048576K
[2020-12-23T01:22:23.897-0400][gc             ] GC(369328) Pause Young (Normal) (G1 Evacuation Pause) 59M->47M(72M) 6.175ms
[2020-12-23T01:22:23.897-0400][gc,cpu         ] GC(369328) User=0.01s Sys=0.00s Real=0.01s
[2020-12-23T01:23:00.980-0400][gc,heap        ] GC(369329) Heap before GC invocations=369305 (full 10696): garbage-first heap   total 73728K, used 60135K [0x0000000083000000, 0x0000000100000000)
[2020-12-23T01:23:00.980-0400][gc,heap        ] GC(369329)   region size 1024K, 12 young (12288K), 1 survivors (1024K)
[2020-12-23T01:23:00.980-0400][gc,heap        ] GC(369329)  Metaspace       used 61008K, capacity 63733K, committed 64768K, reserved 1107968K
[2020-12-23T01:23:00.980-0400][gc,heap        ] GC(369329)   class space    used 5714K, capacity 6561K, committed 6912K, reserved 1048576K
[2020-12-23T01:23:00.980-0400][gc,start       ] GC(369329) Pause Young (Normal) (G1 Evacuation Pause)
[2020-12-23T01:23:00.981-0400][gc,task        ] GC(369329) Using 4 workers of 4 for evacuation
[2020-12-23T01:23:00.986-0400][gc,phases      ] GC(369329)   Pre Evacuate Collection Set: 0.0ms
[2020-12-23T01:23:00.986-0400][gc,phases      ] GC(369329)   Evacuate Collection Set: 3.3ms
[2020-12-23T01:23:00.986-0400][gc,phases      ] GC(369329)   Post Evacuate Collection Set: 1.9ms
[2020-12-23T01:23:00.986-0400][gc,phases      ] GC(369329)   Other: 0.8ms
[2020-12-23T01:23:00.987-0400][gc,heap        ] GC(369329) Eden regions: 11->0(11)
[2020-12-23T01:23:00.987-0400][gc,heap        ] GC(369329) Survivor regions: 1->1(2)
[2020-12-23T01:23:00.987-0400][gc,heap        ] GC(369329) Old regions: 46->46
[2020-12-23T01:23:00.987-0400][gc,heap        ] GC(369329) Humongous regions: 4->4
[2020-12-23T01:23:00.987-0400][gc,metaspace   ] GC(369329) Metaspace: 61008K->61008K(1107968K)
[2020-12-23T01:23:00.987-0400][gc,heap        ] GC(369329) Heap after GC invocations=369306 (full 10696): garbage-first heap   total 73728K, used 48967K [0x0000000083000000, 0x0000000100000000)
[2020-12-23T01:23:00.987-0400][gc,heap        ] GC(369329)   region size 1024K, 1 young (1024K), 1 survivors (1024K)
[2020-12-23T01:23:00.987-0400][gc,heap        ] GC(369329)  Metaspace       used 61008K, capacity 63733K, committed 64768K, reserved 1107968K
[2020-12-23T01:23:00.987-0400][gc,heap        ] GC(369329)   class space    used 5714K, capacity 6561K, committed 6912K, reserved 1048576K
[2020-12-23T01:23:00.987-0400][gc             ] GC(369329) Pause Young (Normal) (G1 Evacuation Pause) 58M->47M(72M) 6.526ms
[2020-12-23T01:23:00.987-0400][gc,cpu         ] GC(369329) User=0.01s Sys=0.01s Real=0.01s
[2020-12-23T01:23:40.087-0400][gc,heap        ] GC(369330) Heap before GC invocations=369306 (full 10696): garbage-first heap   total 73728K, used 59207K [0x0000000083000000, 0x0000000100000000)
[2020-12-23T01:23:40.087-0400][gc,heap        ] GC(369330)   region size 1024K, 12 young (12288K), 1 survivors (1024K)
[2020-12-23T01:23:40.087-0400][gc,heap        ] GC(369330)  Metaspace       used 61008K, capacity 63733K, committed 64768K, reserved 1107968K
[2020-12-23T01:23:40.087-0400][gc,heap        ] GC(369330)   class space    used 5714K, capacity 6561K, committed 6912K, reserved 1048576K
[2020-12-23T01:23:40.087-0400][gc,start       ] GC(369330) Pause Young (Normal) (G1 Evacuation Pause)
[2020-12-23T01:23:40.087-0400][gc,task        ] GC(369330) Using 4 workers of 4 for evacuation
[2020-12-23T01:23:40.092-0400][gc,phases      ] GC(369330)   Pre Evacuate Collection Set: 0.0ms
[2020-12-23T01:23:40.092-0400][gc,phases      ] GC(369330)   Evacuate Collection Set: 3.3ms
[2020-12-23T01:23:40.092-0400][gc,phases      ] GC(369330)   Post Evacuate Collection Set: 1.6ms
[2020-12-23T01:23:40.093-0400][gc,phases      ] GC(369330)   Other: 0.8ms
[2020-12-23T01:23:40.093-0400][gc,heap        ] GC(369330) Eden regions: 11->0(11)
[2020-12-23T01:23:40.093-0400][gc,heap        ] GC(369330) Survivor regions: 1->1(2)
[2020-12-23T01:23:40.093-0400][gc,heap        ] GC(369330) Old regions: 46->46
[2020-12-23T01:23:40.093-0400][gc,heap        ] GC(369330) Humongous regions: 4->4
[2020-12-23T01:23:40.093-0400][gc,metaspace   ] GC(369330) Metaspace: 61008K->61008K(1107968K)
[2020-12-23T01:23:40.093-0400][gc,heap        ] GC(369330) Heap after GC invocations=369307 (full 10696): garbage-first heap   total 73728K, used 49011K [0x0000000083000000, 0x0000000100000000)
[2020-12-23T01:23:40.093-0400][gc,heap        ] GC(369330)   region size 1024K, 1 young (1024K), 1 survivors (1024K)
[2020-12-23T01:23:40.093-0400][gc,heap        ] GC(369330)  Metaspace       used 61008K, capacity 63733K, committed 64768K, reserved 1107968K
[2020-12-23T01:23:40.093-0400][gc,heap        ] GC(369330)   class space    used 5714K, capacity 6561K, committed 6912K, reserved 1048576K
[2020-12-23T01:23:40.093-0400][gc             ] GC(369330) Pause Young (Normal) (G1 Evacuation Pause) 58M->47M(72M) 6.193ms
[2020-12-23T01:23:40.093-0400][gc,cpu         ] GC(369330) User=0.01s Sys=0.01s Real=0.00s
[2020-12-23T01:24:14.221-0400][gc,heap        ] GC(369331) Heap before GC invocations=369307 (full 10696): garbage-first heap   total 73728K, used 59251K [0x0000000083000000, 0x0000000100000000)
[2020-12-23T01:24:14.221-0400][gc,heap        ] GC(369331)   region size 1024K, 12 young (12288K), 1 survivors (1024K)
[2020-12-23T01:24:14.221-0400][gc,heap        ] GC(369331)  Metaspace       used 61008K, capacity 63733K, committed 64768K, reserved 1107968K
[2020-12-23T01:24:14.221-0400][gc,heap        ] GC(369331)   class space    used 5714K, capacity 6561K, committed 6912K, reserved 1048576K
[2020-12-23T01:24:14.222-0400][gc,start       ] GC(369331) Pause Young (Normal) (G1 Evacuation Pause)
[2020-12-23T01:24:14.222-0400][gc,task        ] GC(369331) Using 4 workers of 4 for evacuation
[2020-12-23T01:24:14.227-0400][gc,phases      ] GC(369331)   Pre Evacuate Collection Set: 0.0ms
[2020-12-23T01:24:14.227-0400][gc,phases      ] GC(369331)   Evacuate Collection Set: 3.1ms
[2020-12-23T01:24:14.227-0400][gc,phases      ] GC(369331)   Post Evacuate Collection Set: 1.9ms
[2020-12-23T01:24:14.227-0400][gc,phases      ] GC(369331)   Other: 0.9ms
[2020-12-23T01:24:14.228-0400][gc,heap        ] GC(369331) Eden regions: 11->0(11)
[2020-12-23T01:24:14.228-0400][gc,heap        ] GC(369331) Survivor regions: 1->1(2)
[2020-12-23T01:24:14.228-0400][gc,heap        ] GC(369331) Old regions: 46->46
[2020-12-23T01:24:14.228-0400][gc,heap        ] GC(369331) Humongous regions: 4->4
[2020-12-23T01:24:14.228-0400][gc,metaspace   ] GC(369331) Metaspace: 61008K->61008K(1107968K)
[2020-12-23T01:24:14.228-0400][gc,heap        ] GC(369331) Heap after GC invocations=369308 (full 10696): garbage-first heap   total 73728K, used 48945K [0x0000000083000000, 0x0000000100000000)
[2020-12-23T01:24:14.228-0400][gc,heap        ] GC(369331)   region size 1024K, 1 young (1024K), 1 survivors (1024K)
[2020-12-23T01:24:14.228-0400][gc,heap        ] GC(369331)  Metaspace       used 61008K, capacity 63733K, committed 64768K, reserved 1107968K
[2020-12-23T01:24:14.228-0400][gc,heap        ] GC(369331)   class space    used 5714K, capacity 6561K, committed 6912K, reserved 1048576K
[2020-12-23T01:24:14.228-0400][gc             ] GC(369331) Pause Young (Normal) (G1 Evacuation Pause) 58M->47M(72M) 6.392ms
[2020-12-23T01:24:14.228-0400][gc,cpu         ] GC(369331) User=0.01s Sys=0.01s Real=0.01s
[2020-12-23T01:24:52.414-0400][gc,heap        ] GC(369332) Heap before GC invocations=369308 (full 10696): garbage-first heap   total 73728K, used 60209K [0x0000000083000000, 0x0000000100000000)
[2020-12-23T01:24:52.414-0400][gc,heap        ] GC(369332)   region size 1024K, 12 young (12288K), 1 survivors (1024K)
[2020-12-23T01:24:52.415-0400][gc,heap        ] GC(369332)  Metaspace       used 61008K, capacity 63733K, committed 64768K, reserved 1107968K
[2020-12-23T01:24:52.415-0400][gc,heap        ] GC(369332)   class space    used 5714K, capacity 6561K, committed 6912K, reserved 1048576K
[2020-12-23T01:24:52.415-0400][gc,start       ] GC(369332) Pause Young (Normal) (G1 Evacuation Pause)
[2020-12-23T01:24:52.415-0400][gc,task        ] GC(369332) Using 4 workers of 4 for evacuation
[2020-12-23T01:24:52.420-0400][gc,phases      ] GC(369332)   Pre Evacuate Collection Set: 0.0ms
[2020-12-23T01:24:52.420-0400][gc,phases      ] GC(369332)   Evacuate Collection Set: 3.5ms
[2020-12-23T01:24:52.421-0400][gc,phases      ] GC(369332)   Post Evacuate Collection Set: 1.5ms
[2020-12-23T01:24:52.421-0400][gc,phases      ] GC(369332)   Other: 0.9ms
[2020-12-23T01:24:52.421-0400][gc,heap        ] GC(369332) Eden regions: 11->0(11)
[2020-12-23T01:24:52.421-0400][gc,heap        ] GC(369332) Survivor regions: 1->1(2)
[2020-12-23T01:24:52.421-0400][gc,heap        ] GC(369332) Old regions: 46->46
[2020-12-23T01:24:52.421-0400][gc,heap        ] GC(369332) Humongous regions: 4->4
[2020-12-23T01:24:52.421-0400][gc,metaspace   ] GC(369332) Metaspace: 61008K->61008K(1107968K)
[2020-12-23T01:24:52.421-0400][gc,heap        ] GC(369332) Heap after GC invocations=369309 (full 10696): garbage-first heap   total 73728K, used 49028K [0x0000000083000000, 0x0000000100000000)
[2020-12-23T01:24:52.421-0400][gc,heap        ] GC(369332)   region size 1024K, 1 young (1024K), 1 survivors (1024K)
[2020-12-23T01:24:52.421-0400][gc,heap        ] GC(369332)  Metaspace       used 61008K, capacity 63733K, committed 64768K, reserved 1107968K
[2020-12-23T01:24:52.421-0400][gc,heap        ] GC(369332)   class space    used 5714K, capacity 6561K, committed 6912K, reserved 1048576K
[2020-12-23T01:24:52.421-0400][gc             ] GC(369332) Pause Young (Normal) (G1 Evacuation Pause) 58M->47M(72M) 6.443ms
[2020-12-23T01:24:52.421-0400][gc,cpu         ] GC(369332) User=0.00s Sys=0.00s Real=0.01s
[2020-12-23T01:25:22.466-0400][gc,heap        ] GC(369333) Heap before GC invocations=369309 (full 10696): garbage-first heap   total 73728K, used 59268K [0x0000000083000000, 0x0000000100000000)
[2020-12-23T01:25:22.466-0400][gc,heap        ] GC(369333)   region size 1024K, 12 young (12288K), 1 survivors (1024K)
[2020-12-23T01:25:22.466-0400][gc,heap        ] GC(369333)  Metaspace       used 61008K, capacity 63733K, committed 64768K, reserved 1107968K
[2020-12-23T01:25:22.466-0400][gc,heap        ] GC(369333)   class space    used 5714K, capacity 6561K, committed 6912K, reserved 1048576K
[2020-12-23T01:25:22.466-0400][gc,start       ] GC(369333) Pause Young (Normal) (G1 Evacuation Pause)
[2020-12-23T01:25:22.466-0400][gc,task        ] GC(369333) Using 4 workers of 4 for evacuation
[2020-12-23T01:25:22.473-0400][gc,phases      ] GC(369333)   Pre Evacuate Collection Set: 0.1ms
[2020-12-23T01:25:22.473-0400][gc,phases      ] GC(369333)   Evacuate Collection Set: 4.0ms
[2020-12-23T01:25:22.473-0400][gc,phases      ] GC(369333)   Post Evacuate Collection Set: 1.7ms
[2020-12-23T01:25:22.473-0400][gc,phases      ] GC(369333)   Other: 0.8ms
[2020-12-23T01:25:22.473-0400][gc,heap        ] GC(369333) Eden regions: 11->0(11)
[2020-12-23T01:25:22.473-0400][gc,heap        ] GC(369333) Survivor regions: 1->1(2)
[2020-12-23T01:25:22.473-0400][gc,heap        ] GC(369333) Old regions: 46->46
[2020-12-23T01:25:22.473-0400][gc,heap        ] GC(369333) Humongous regions: 4->4
[2020-12-23T01:25:22.473-0400][gc,metaspace   ] GC(369333) Metaspace: 61008K->61008K(1107968K)
[2020-12-23T01:25:22.473-0400][gc,heap        ] GC(369333) Heap after GC invocations=369310 (full 10696): garbage-first heap   total 73728K, used 49186K [0x0000000083000000, 0x0000000100000000)
[2020-12-23T01:25:22.473-0400][gc,heap        ] GC(369333)   region size 1024K, 1 young (1024K), 1 survivors (1024K)
[2020-12-23T01:25:22.473-0400][gc,heap        ] GC(369333)  Metaspace       used 61008K, capacity 63733K, committed 64768K, reserved 1107968K
[2020-12-23T01:25:22.473-0400][gc,heap        ] GC(369333)   class space    used 5714K, capacity 6561K, committed 6912K, reserved 1048576K
[2020-12-23T01:25:22.473-0400][gc             ] GC(369333) Pause Young (Normal) (G1 Evacuation Pause) 58M->48M(72M) 7.096ms
[2020-12-23T01:25:22.474-0400][gc,cpu         ] GC(369333) User=0.01s Sys=0.00s Real=0.00s
[2020-12-23T01:26:04.218-0400][gc,heap        ] GC(369334) Heap before GC invocations=369310 (full 10696): garbage-first heap   total 73728K, used 60450K [0x0000000083000000, 0x0000000100000000)
[2020-12-23T01:26:04.218-0400][gc,heap        ] GC(369334)   region size 1024K, 12 young (12288K), 1 survivors (1024K)
[2020-12-23T01:26:04.218-0400][gc,heap        ] GC(369334)  Metaspace       used 61008K, capacity 63733K, committed 64768K, reserved 1107968K
[2020-12-23T01:26:04.218-0400][gc,heap        ] GC(369334)   class space    used 5714K, capacity 6561K, committed 6912K, reserved 1048576K
[2020-12-23T01:26:04.218-0400][gc,start       ] GC(369334) Pause Young (Normal) (G1 Evacuation Pause)
[2020-12-23T01:26:04.218-0400][gc,task        ] GC(369334) Using 4 workers of 4 for evacuation
[2020-12-23T01:26:04.224-0400][gc,phases      ] GC(369334)   Pre Evacuate Collection Set: 0.0ms
[2020-12-23T01:26:04.224-0400][gc,phases      ] GC(369334)   Evacuate Collection Set: 3.6ms
[2020-12-23T01:26:04.224-0400][gc,phases      ] GC(369334)   Post Evacuate Collection Set: 1.7ms
[2020-12-23T01:26:04.224-0400][gc,phases      ] GC(369334)   Other: 0.8ms
[2020-12-23T01:26:04.224-0400][gc,heap        ] GC(369334) Eden regions: 11->0(11)
[2020-12-23T01:26:04.224-0400][gc,heap        ] GC(369334) Survivor regions: 1->1(2)
[2020-12-23T01:26:04.224-0400][gc,heap        ] GC(369334) Old regions: 46->46
[2020-12-23T01:26:04.225-0400][gc,heap        ] GC(369334) Humongous regions: 4->4
[2020-12-23T01:26:04.225-0400][gc,metaspace   ] GC(369334) Metaspace: 61008K->61008K(1107968K)
[2020-12-23T01:26:04.225-0400][gc,heap        ] GC(369334) Heap after GC invocations=369311 (full 10696): garbage-first heap   total 73728K, used 49170K [0x0000000083000000, 0x0000000100000000)
[2020-12-23T01:26:04.225-0400][gc,heap        ] GC(369334)   region size 1024K, 1 young (1024K), 1 survivors (1024K)
[2020-12-23T01:26:04.225-0400][gc,heap        ] GC(369334)  Metaspace       used 61008K, capacity 63733K, committed 64768K, reserved 1107968K
[2020-12-23T01:26:04.225-0400][gc,heap        ] GC(369334)   class space    used 5714K, capacity 6561K, committed 6912K, reserved 1048576K
[2020-12-23T01:26:04.225-0400][gc             ] GC(369334) Pause Young (Normal) (G1 Evacuation Pause) 59M->48M(72M) 6.522ms
[2020-12-23T01:26:04.225-0400][gc,cpu         ] GC(369334) User=0.02s Sys=0.00s Real=0.00s
[2020-12-23T01:26:34.190-0400][gc,heap        ] GC(369335) Heap before GC invocations=369311 (full 10696): garbage-first heap   total 73728K, used 59410K [0x0000000083000000, 0x0000000100000000)
[2020-12-23T01:26:34.190-0400][gc,heap        ] GC(369335)   region size 1024K, 12 young (12288K), 1 survivors (1024K)
[2020-12-23T01:26:34.190-0400][gc,heap        ] GC(369335)  Metaspace       used 61008K, capacity 63733K, committed 64768K, reserved 1107968K
[2020-12-23T01:26:34.190-0400][gc,heap        ] GC(369335)   class space    used 5714K, capacity 6561K, committed 6912K, reserved 1048576K
[2020-12-23T01:26:34.190-0400][gc,start       ] GC(369335) Pause Young (Normal) (G1 Evacuation Pause)
[2020-12-23T01:26:34.190-0400][gc,task        ] GC(369335) Using 4 workers of 4 for evacuation
[2020-12-23T01:26:34.196-0400][gc,phases      ] GC(369335)   Pre Evacuate Collection Set: 0.0ms
[2020-12-23T01:26:34.196-0400][gc,phases      ] GC(369335)   Evacuate Collection Set: 3.5ms
[2020-12-23T01:26:34.196-0400][gc,phases      ] GC(369335)   Post Evacuate Collection Set: 1.4ms
[2020-12-23T01:26:34.196-0400][gc,phases      ] GC(369335)   Other: 0.8ms
[2020-12-23T01:26:34.196-0400][gc,heap        ] GC(369335) Eden regions: 11->0(11)
[2020-12-23T01:26:34.196-0400][gc,heap        ] GC(369335) Survivor regions: 1->1(2)
[2020-12-23T01:26:34.196-0400][gc,heap        ] GC(369335) Old regions: 46->46
[2020-12-23T01:26:34.196-0400][gc,heap        ] GC(369335) Humongous regions: 4->4
[2020-12-23T01:26:34.196-0400][gc,metaspace   ] GC(369335) Metaspace: 61008K->61008K(1107968K)
[2020-12-23T01:26:34.196-0400][gc,heap        ] GC(369335) Heap after GC invocations=369312 (full 10696): garbage-first heap   total 73728K, used 49099K [0x0000000083000000, 0x0000000100000000)
[2020-12-23T01:26:34.196-0400][gc,heap        ] GC(369335)   region size 1024K, 1 young (1024K), 1 survivors (1024K)
[2020-12-23T01:26:34.196-0400][gc,heap        ] GC(369335)  Metaspace       used 61008K, capacity 63733K, committed 64768K, reserved 1107968K
[2020-12-23T01:26:34.196-0400][gc,heap        ] GC(369335)   class space    used 5714K, capacity 6561K, committed 6912K, reserved 1048576K
[2020-12-23T01:26:34.196-0400][gc             ] GC(369335) Pause Young (Normal) (G1 Evacuation Pause) 59M->47M(72M) 6.327ms
[2020-12-23T01:26:34.197-0400][gc,cpu         ] GC(369335) User=0.01s Sys=0.01s Real=0.01s
[2020-12-23T01:26:50.923-0400][gc,task        ] GC(369336) Using 3 workers of 4 for full compaction
[2020-12-23T01:26:50.924-0400][gc,start       ] GC(369336) Pause Full (System.gc())
[2020-12-23T01:26:50.924-0400][gc,heap        ] GC(369336) Heap before GC invocations=369312 (full 10696): garbage-first heap   total 73728K, used 51147K [0x0000000083000000, 0x0000000100000000)
[2020-12-23T01:26:50.924-0400][gc,heap        ] GC(369336)   region size 1024K, 4 young (4096K), 1 survivors (1024K)
[2020-12-23T01:26:50.924-0400][gc,heap        ] GC(369336)  Metaspace       used 61008K, capacity 63733K, committed 64768K, reserved 1107968K
[2020-12-23T01:26:50.924-0400][gc,heap        ] GC(369336)   class space    used 5714K, capacity 6561K, committed 6912K, reserved 1048576K
[2020-12-23T01:26:50.926-0400][gc,phases,start] GC(369336) Phase 1: Mark live objects
[2020-12-23T01:26:51.070-0400][gc,stringtable ] GC(369336) Cleaned string and symbol table, strings: 32200 processed, 0 removed, symbols: 131455 processed, 0 removed
[2020-12-23T01:26:51.070-0400][gc,phases      ] GC(369336) Phase 1: Mark live objects 144.113ms
[2020-12-23T01:26:51.070-0400][gc,phases,start] GC(369336) Phase 2: Prepare for compaction
[2020-12-23T01:26:51.101-0400][gc,phases      ] GC(369336) Phase 2: Prepare for compaction 30.425ms
[2020-12-23T01:26:51.101-0400][gc,phases,start] GC(369336) Phase 3: Adjust pointers
[2020-12-23T01:26:51.180-0400][gc,phases      ] GC(369336) Phase 3: Adjust pointers 78.851ms
[2020-12-23T01:26:51.180-0400][gc,phases,start] GC(369336) Phase 4: Compact heap
[2020-12-23T01:26:51.200-0400][gc,phases      ] GC(369336) Phase 4: Compact heap 20.368ms
[2020-12-23T01:26:51.237-0400][gc,heap        ] GC(369336) Eden regions: 3->0(12)
[2020-12-23T01:26:51.237-0400][gc,heap        ] GC(369336) Survivor regions: 1->0(2)
[2020-12-23T01:26:51.237-0400][gc,heap        ] GC(369336) Old regions: 46->46
[2020-12-23T01:26:51.237-0400][gc,heap        ] GC(369336) Humongous regions: 4->4
[2020-12-23T01:26:51.237-0400][gc,metaspace   ] GC(369336) Metaspace: 61008K->61008K(1107968K)
[2020-12-23T01:26:51.237-0400][gc,heap        ] GC(369336) Heap after GC invocations=369313 (full 10697): garbage-first heap   total 73728K, used 48505K [0x0000000083000000, 0x0000000100000000)
[2020-12-23T01:26:51.237-0400][gc,heap        ] GC(369336)   region size 1024K, 0 young (0K), 0 survivors (0K)
[2020-12-23T01:26:51.237-0400][gc,heap        ] GC(369336)  Metaspace       used 61008K, capacity 63733K, committed 64768K, reserved 1107968K
[2020-12-23T01:26:51.237-0400][gc,heap        ] GC(369336)   class space    used 5714K, capacity 6561K, committed 6912K, reserved 1048576K
[2020-12-23T01:26:51.237-0400][gc             ] GC(369336) Pause Full (System.gc()) 50M->47M(72M) 313.909ms
[2020-12-23T01:26:51.238-0400][gc,cpu         ] GC(369336) User=0.84s Sys=0.00s Real=0.32s
[2020-12-23T01:27:11.243-0400][gc,heap        ] GC(369337) Heap before GC invocations=369313 (full 10697): garbage-first heap   total 73728K, used 59769K [0x0000000083000000, 0x0000000100000000)
[2020-12-23T01:27:11.243-0400][gc,heap        ] GC(369337)   region size 1024K, 12 young (12288K), 0 survivors (0K)
[2020-12-23T01:27:11.243-0400][gc,heap        ] GC(369337)  Metaspace       used 61008K, capacity 63733K, committed 64768K, reserved 1107968K
[2020-12-23T01:27:11.243-0400][gc,heap        ] GC(369337)   class space    used 5714K, capacity 6561K, committed 6912K, reserved 1048576K
[2020-12-23T01:27:11.243-0400][gc,start       ] GC(369337) Pause Young (Normal) (G1 Evacuation Pause)
[2020-12-23T01:27:11.243-0400][gc,task        ] GC(369337) Using 4 workers of 4 for evacuation
[2020-12-23T01:27:11.249-0400][gc,phases      ] GC(369337)   Pre Evacuate Collection Set: 0.0ms
[2020-12-23T01:27:11.249-0400][gc,phases      ] GC(369337)   Evacuate Collection Set: 3.1ms
[2020-12-23T01:27:11.249-0400][gc,phases      ] GC(369337)   Post Evacuate Collection Set: 2.0ms
[2020-12-23T01:27:11.249-0400][gc,phases      ] GC(369337)   Other: 0.9ms
[2020-12-23T01:27:11.249-0400][gc,heap        ] GC(369337) Eden regions: 12->0(11)
[2020-12-23T01:27:11.249-0400][gc,heap        ] GC(369337) Survivor regions: 0->1(2)
[2020-12-23T01:27:11.249-0400][gc,heap        ] GC(369337) Old regions: 46->46
[2020-12-23T01:27:11.249-0400][gc,heap        ] GC(369337) Humongous regions: 4->4
[2020-12-23T01:27:11.249-0400][gc,metaspace   ] GC(369337) Metaspace: 61008K->61008K(1107968K)
[2020-12-23T01:27:11.249-0400][gc,heap        ] GC(369337) Heap after GC invocations=369314 (full 10697): garbage-first heap   total 73728K, used 48723K [0x0000000083000000, 0x0000000100000000)
[2020-12-23T01:27:11.249-0400][gc,heap        ] GC(369337)   region size 1024K, 1 young (1024K), 1 survivors (1024K)
[2020-12-23T01:27:11.249-0400][gc,heap        ] GC(369337)  Metaspace       used 61008K, capacity 63733K, committed 64768K, reserved 1107968K
[2020-12-23T01:27:11.250-0400][gc,heap        ] GC(369337)   class space    used 5714K, capacity 6561K, committed 6912K, reserved 1048576K
[2020-12-23T01:27:11.250-0400][gc             ] GC(369337) Pause Young (Normal) (G1 Evacuation Pause) 59M->47M(72M) 6.527ms
[2020-12-23T01:27:11.250-0400][gc,cpu         ] GC(369337) User=0.01s Sys=0.01s Real=0.01s
[2020-12-23T01:27:55.045-0400][gc,heap        ] GC(369338) Heap before GC invocations=369314 (full 10697): garbage-first heap   total 73728K, used 58963K [0x0000000083000000, 0x0000000100000000)
[2020-12-23T01:27:55.045-0400][gc,heap        ] GC(369338)   region size 1024K, 12 young (12288K), 1 survivors (1024K)
[2020-12-23T01:27:55.045-0400][gc,heap        ] GC(369338)  Metaspace       used 61008K, capacity 63733K, committed 64768K, reserved 1107968K
[2020-12-23T01:27:55.045-0400][gc,heap        ] GC(369338)   class space    used 5714K, capacity 6561K, committed 6912K, reserved 1048576K
[2020-12-23T01:27:55.045-0400][gc,start       ] GC(369338) Pause Young (Normal) (G1 Evacuation Pause)
[2020-12-23T01:27:55.045-0400][gc,task        ] GC(369338) Using 4 workers of 4 for evacuation
[2020-12-23T01:27:55.051-0400][gc,phases      ] GC(369338)   Pre Evacuate Collection Set: 0.0ms
[2020-12-23T01:27:55.051-0400][gc,phases      ] GC(369338)   Evacuate Collection Set: 2.8ms
[2020-12-23T01:27:55.051-0400][gc,phases      ] GC(369338)   Post Evacuate Collection Set: 1.9ms
[2020-12-23T01:27:55.051-0400][gc,phases      ] GC(369338)   Other: 0.8ms
[2020-12-23T01:27:55.051-0400][gc,heap        ] GC(369338) Eden regions: 11->0(11)
[2020-12-23T01:27:55.051-0400][gc,heap        ] GC(369338) Survivor regions: 1->1(2)
[2020-12-23T01:27:55.051-0400][gc,heap        ] GC(369338) Old regions: 46->46
[2020-12-23T01:27:55.051-0400][gc,heap        ] GC(369338) Humongous regions: 4->4
[2020-12-23T01:27:55.051-0400][gc,metaspace   ] GC(369338) Metaspace: 61008K->61008K(1107968K)
[2020-12-23T01:27:55.051-0400][gc,heap        ] GC(369338) Heap after GC invocations=369315 (full 10697): garbage-first heap   total 73728K, used 48759K [0x0000000083000000, 0x0000000100000000)
[2020-12-23T01:27:55.051-0400][gc,heap        ] GC(369338)   region size 1024K, 1 young (1024K), 1 survivors (1024K)
[2020-12-23T01:27:55.051-0400][gc,heap        ] GC(369338)  Metaspace       used 61008K, capacity 63733K, committed 64768K, reserved 1107968K
[2020-12-23T01:27:55.051-0400][gc,heap        ] GC(369338)   class space    used 5714K, capacity 6561K, committed 6912K, reserved 1048576K
[2020-12-23T01:27:55.051-0400][gc             ] GC(369338) Pause Young (Normal) (G1 Evacuation Pause) 58M->47M(72M) 6.056ms
[2020-12-23T01:27:55.052-0400][gc,cpu         ] GC(369338) User=0.01s Sys=0.00s Real=0.01s
[2020-12-23T01:28:33.893-0400][gc,heap        ] GC(369339) Heap before GC invocations=369315 (full 10697): garbage-first heap   total 73728K, used 60023K [0x0000000083000000, 0x0000000100000000)
[2020-12-23T01:28:33.893-0400][gc,heap        ] GC(369339)   region size 1024K, 12 young (12288K), 1 survivors (1024K)
[2020-12-23T01:28:33.893-0400][gc,heap        ] GC(369339)  Metaspace       used 61008K, capacity 63733K, committed 64768K, reserved 1107968K
[2020-12-23T01:28:33.893-0400][gc,heap        ] GC(369339)   class space    used 5714K, capacity 6561K, committed 6912K, reserved 1048576K
[2020-12-23T01:28:33.893-0400][gc,start       ] GC(369339) Pause Young (Normal) (G1 Evacuation Pause)
[2020-12-23T01:28:33.893-0400][gc,task        ] GC(369339) Using 4 workers of 4 for evacuation
[2020-12-23T01:28:33.899-0400][gc,phases      ] GC(369339)   Pre Evacuate Collection Set: 0.0ms
[2020-12-23T01:28:33.899-0400][gc,phases      ] GC(369339)   Evacuate Collection Set: 3.3ms
[2020-12-23T01:28:33.899-0400][gc,phases      ] GC(369339)   Post Evacuate Collection Set: 1.7ms
[2020-12-23T01:28:33.899-0400][gc,phases      ] GC(369339)   Other: 0.9ms
[2020-12-23T01:28:33.899-0400][gc,heap        ] GC(369339) Eden regions: 11->0(11)
[2020-12-23T01:28:33.899-0400][gc,heap        ] GC(369339) Survivor regions: 1->1(2)
[2020-12-23T01:28:33.899-0400][gc,heap        ] GC(369339) Old regions: 46->46
[2020-12-23T01:28:33.899-0400][gc,heap        ] GC(369339) Humongous regions: 4->4
[2020-12-23T01:28:33.899-0400][gc,metaspace   ] GC(369339) Metaspace: 61008K->61008K(1107968K)
[2020-12-23T01:28:33.899-0400][gc,heap        ] GC(369339) Heap after GC invocations=369316 (full 10697): garbage-first heap   total 73728K, used 48877K [0x0000000083000000, 0x0000000100000000)
[2020-12-23T01:28:33.899-0400][gc,heap        ] GC(369339)   region size 1024K, 1 young (1024K), 1 survivors (1024K)
[2020-12-23T01:28:33.899-0400][gc,heap        ] GC(369339)  Metaspace       used 61008K, capacity 63733K, committed 64768K, reserved 1107968K
[2020-12-23T01:28:33.899-0400][gc,heap        ] GC(369339)   class space    used 5714K, capacity 6561K, committed 6912K, reserved 1048576K
[2020-12-23T01:28:33.900-0400][gc             ] GC(369339) Pause Young (Normal) (G1 Evacuation Pause) 58M->47M(72M) 6.326ms
[2020-12-23T01:28:33.900-0400][gc,cpu         ] GC(369339) User=0.01s Sys=0.01s Real=0.01s
[2020-12-23T01:29:08.251-0400][gc,heap        ] GC(369340) Heap before GC invocations=369316 (full 10697): garbage-first heap   total 73728K, used 59117K [0x0000000083000000, 0x0000000100000000)
[2020-12-23T01:29:08.251-0400][gc,heap        ] GC(369340)   region size 1024K, 12 young (12288K), 1 survivors (1024K)
[2020-12-23T01:29:08.251-0400][gc,heap        ] GC(369340)  Metaspace       used 61008K, capacity 63733K, committed 64768K, reserved 1107968K
[2020-12-23T01:29:08.251-0400][gc,heap        ] GC(369340)   class space    used 5714K, capacity 6561K, committed 6912K, reserved 1048576K
[2020-12-23T01:29:08.251-0400][gc,start       ] GC(369340) Pause Young (Normal) (G1 Evacuation Pause)
[2020-12-23T01:29:08.251-0400][gc,task        ] GC(369340) Using 4 workers of 4 for evacuation
[2020-12-23T01:29:08.257-0400][gc,phases      ] GC(369340)   Pre Evacuate Collection Set: 0.0ms
[2020-12-23T01:29:08.257-0400][gc,phases      ] GC(369340)   Evacuate Collection Set: 3.4ms
[2020-12-23T01:29:08.257-0400][gc,phases      ] GC(369340)   Post Evacuate Collection Set: 1.7ms
[2020-12-23T01:29:08.257-0400][gc,phases      ] GC(369340)   Other: 0.9ms
[2020-12-23T01:29:08.257-0400][gc,heap        ] GC(369340) Eden regions: 11->0(11)
[2020-12-23T01:29:08.258-0400][gc,heap        ] GC(369340) Survivor regions: 1->1(2)
[2020-12-23T01:29:08.258-0400][gc,heap        ] GC(369340) Old regions: 46->46
[2020-12-23T01:29:08.258-0400][gc,heap        ] GC(369340) Humongous regions: 4->4
[2020-12-23T01:29:08.258-0400][gc,metaspace   ] GC(369340) Metaspace: 61008K->61008K(1107968K)
[2020-12-23T01:29:08.258-0400][gc,heap        ] GC(369340) Heap after GC invocations=369317 (full 10697): garbage-first heap   total 73728K, used 48903K [0x0000000083000000, 0x0000000100000000)
[2020-12-23T01:29:08.258-0400][gc,heap        ] GC(369340)   region size 1024K, 1 young (1024K), 1 survivors (1024K)
[2020-12-23T01:29:08.258-0400][gc,heap        ] GC(369340)  Metaspace       used 61008K, capacity 63733K, committed 64768K, reserved 1107968K
[2020-12-23T01:29:08.258-0400][gc,heap        ] GC(369340)   class space    used 5714K, capacity 6561K, committed 6912K, reserved 1048576K
[2020-12-23T01:29:08.258-0400][gc             ] GC(369340) Pause Young (Normal) (G1 Evacuation Pause) 58M->47M(72M) 6.511ms
[2020-12-23T01:29:08.258-0400][gc,cpu         ] GC(369340) User=0.02s Sys=0.00s Real=0.01s
[2020-12-23T01:29:43.892-0400][gc,heap        ] GC(369341) Heap before GC invocations=369317 (full 10697): garbage-first heap   total 73728K, used 59143K [0x0000000083000000, 0x0000000100000000)
[2020-12-23T01:29:43.892-0400][gc,heap        ] GC(369341)   region size 1024K, 12 young (12288K), 1 survivors (1024K)
[2020-12-23T01:29:43.892-0400][gc,heap        ] GC(369341)  Metaspace       used 61008K, capacity 63733K, committed 64768K, reserved 1107968K
[2020-12-23T01:29:43.893-0400][gc,heap        ] GC(369341)   class space    used 5714K, capacity 6561K, committed 6912K, reserved 1048576K
[2020-12-23T01:29:43.893-0400][gc,start       ] GC(369341) Pause Young (Normal) (G1 Evacuation Pause)
[2020-12-23T01:29:43.893-0400][gc,task        ] GC(369341) Using 4 workers of 4 for evacuation
[2020-12-23T01:29:43.898-0400][gc,phases      ] GC(369341)   Pre Evacuate Collection Set: 0.0ms
[2020-12-23T01:29:43.899-0400][gc,phases      ] GC(369341)   Evacuate Collection Set: 3.4ms
[2020-12-23T01:29:43.899-0400][gc,phases      ] GC(369341)   Post Evacuate Collection Set: 1.7ms
[2020-12-23T01:29:43.899-0400][gc,phases      ] GC(369341)   Other: 0.9ms
[2020-12-23T01:29:43.899-0400][gc,heap        ] GC(369341) Eden regions: 11->0(11)
[2020-12-23T01:29:43.899-0400][gc,heap        ] GC(369341) Survivor regions: 1->1(2)
[2020-12-23T01:29:43.899-0400][gc,heap        ] GC(369341) Old regions: 46->46
[2020-12-23T01:29:43.899-0400][gc,heap        ] GC(369341) Humongous regions: 4->4
[2020-12-23T01:29:43.899-0400][gc,metaspace   ] GC(369341) Metaspace: 61008K->61008K(1107968K)
[2020-12-23T01:29:43.899-0400][gc,heap        ] GC(369341) Heap after GC invocations=369318 (full 10697): garbage-first heap   total 73728K, used 48910K [0x0000000083000000, 0x0000000100000000)
[2020-12-23T01:29:43.899-0400][gc,heap        ] GC(369341)   region size 1024K, 1 young (1024K), 1 survivors (1024K)
[2020-12-23T01:29:43.899-0400][gc,heap        ] GC(369341)  Metaspace       used 61008K, capacity 63733K, committed 64768K, reserved 1107968K
[2020-12-23T01:29:43.899-0400][gc,heap        ] GC(369341)   class space    used 5714K, capacity 6561K, committed 6912K, reserved 1048576K
[2020-12-23T01:29:43.899-0400][gc             ] GC(369341) Pause Young (Normal) (G1 Evacuation Pause) 58M->47M(72M) 6.472ms
[2020-12-23T01:29:43.899-0400][gc,cpu         ] GC(369341) User=0.01s Sys=0.00s Real=0.01s
[2020-12-23T01:30:05.035-0400][gc,heap        ] GC(369342) Heap before GC invocations=369318 (full 10697): garbage-first heap   total 73728K, used 59150K [0x0000000083000000, 0x0000000100000000)
[2020-12-23T01:30:05.035-0400][gc,heap        ] GC(369342)   region size 1024K, 12 young (12288K), 1 survivors (1024K)
[2020-12-23T01:30:05.035-0400][gc,heap        ] GC(369342)  Metaspace       used 61008K, capacity 63733K, committed 64768K, reserved 1107968K
[2020-12-23T01:30:05.035-0400][gc,heap        ] GC(369342)   class space    used 5714K, capacity 6561K, committed 6912K, reserved 1048576K
[2020-12-23T01:30:05.035-0400][gc,start       ] GC(369342) Pause Young (Normal) (G1 Evacuation Pause)
[2020-12-23T01:30:05.035-0400][gc,task        ] GC(369342) Using 4 workers of 4 for evacuation
[2020-12-23T01:30:05.042-0400][gc,phases      ] GC(369342)   Pre Evacuate Collection Set: 0.1ms
[2020-12-23T01:30:05.042-0400][gc,phases      ] GC(369342)   Evacuate Collection Set: 3.9ms
[2020-12-23T01:30:05.042-0400][gc,phases      ] GC(369342)   Post Evacuate Collection Set: 2.0ms
[2020-12-23T01:30:05.042-0400][gc,phases      ] GC(369342)   Other: 0.9ms
[2020-12-23T01:30:05.042-0400][gc,heap        ] GC(369342) Eden regions: 11->0(11)
[2020-12-23T01:30:05.042-0400][gc,heap        ] GC(369342) Survivor regions: 1->1(2)
[2020-12-23T01:30:05.042-0400][gc,heap        ] GC(369342) Old regions: 46->46
[2020-12-23T01:30:05.042-0400][gc,heap        ] GC(369342) Humongous regions: 4->4
[2020-12-23T01:30:05.042-0400][gc,metaspace   ] GC(369342) Metaspace: 61008K->61008K(1107968K)
[2020-12-23T01:30:05.042-0400][gc,heap        ] GC(369342) Heap after GC invocations=369319 (full 10697): garbage-first heap   total 73728K, used 49023K [0x0000000083000000, 0x0000000100000000)
[2020-12-23T01:30:05.042-0400][gc,heap        ] GC(369342)   region size 1024K, 1 young (1024K), 1 survivors (1024K)
[2020-12-23T01:30:05.042-0400][gc,heap        ] GC(369342)  Metaspace       used 61008K, capacity 63733K, committed 64768K, reserved 1107968K
[2020-12-23T01:30:05.042-0400][gc,heap        ] GC(369342)   class space    used 5714K, capacity 6561K, committed 6912K, reserved 1048576K
[2020-12-23T01:30:05.042-0400][gc             ] GC(369342) Pause Young (Normal) (G1 Evacuation Pause) 58M->47M(72M) 7.149ms
[2020-12-23T01:30:05.043-0400][gc,cpu         ] GC(369342) User=0.01s Sys=0.01s Real=0.01s
[2020-12-23T01:30:37.989-0400][gc,heap        ] GC(369343) Heap before GC invocations=369319 (full 10697): garbage-first heap   total 73728K, used 59263K [0x0000000083000000, 0x0000000100000000)
[2020-12-23T01:30:37.989-0400][gc,heap        ] GC(369343)   region size 1024K, 12 young (12288K), 1 survivors (1024K)
[2020-12-23T01:30:37.989-0400][gc,heap        ] GC(369343)  Metaspace       used 61008K, capacity 63733K, committed 64768K, reserved 1107968K
[2020-12-23T01:30:37.989-0400][gc,heap        ] GC(369343)   class space    used 5714K, capacity 6561K, committed 6912K, reserved 1048576K
[2020-12-23T01:30:37.989-0400][gc,start       ] GC(369343) Pause Young (Normal) (G1 Evacuation Pause)
[2020-12-23T01:30:37.989-0400][gc,task        ] GC(369343) Using 4 workers of 4 for evacuation
[2020-12-23T01:30:37.995-0400][gc,phases      ] GC(369343)   Pre Evacuate Collection Set: 0.0ms
[2020-12-23T01:30:37.995-0400][gc,phases      ] GC(369343)   Evacuate Collection Set: 3.6ms
[2020-12-23T01:30:37.995-0400][gc,phases      ] GC(369343)   Post Evacuate Collection Set: 1.6ms
[2020-12-23T01:30:37.995-0400][gc,phases      ] GC(369343)   Other: 0.8ms
[2020-12-23T01:30:37.995-0400][gc,heap        ] GC(369343) Eden regions: 11->0(11)
[2020-12-23T01:30:37.995-0400][gc,heap        ] GC(369343) Survivor regions: 1->1(2)
[2020-12-23T01:30:37.995-0400][gc,heap        ] GC(369343) Old regions: 46->46
[2020-12-23T01:30:37.995-0400][gc,heap        ] GC(369343) Humongous regions: 4->4
[2020-12-23T01:30:37.995-0400][gc,metaspace   ] GC(369343) Metaspace: 61008K->61008K(1107968K)
[2020-12-23T01:30:37.995-0400][gc,heap        ] GC(369343) Heap after GC invocations=369320 (full 10697): garbage-first heap   total 73728K, used 48986K [0x0000000083000000, 0x0000000100000000)
[2020-12-23T01:30:37.995-0400][gc,heap        ] GC(369343)   region size 1024K, 1 young (1024K), 1 survivors (1024K)
[2020-12-23T01:30:37.995-0400][gc,heap        ] GC(369343)  Metaspace       used 61008K, capacity 63733K, committed 64768K, reserved 1107968K
[2020-12-23T01:30:37.995-0400][gc,heap        ] GC(369343)   class space    used 5714K, capacity 6561K, committed 6912K, reserved 1048576K
[2020-12-23T01:30:37.996-0400][gc             ] GC(369343) Pause Young (Normal) (G1 Evacuation Pause) 58M->47M(72M) 6.401ms
[2020-12-23T01:30:37.996-0400][gc,cpu         ] GC(369343) User=0.01s Sys=0.01s Real=0.01s
[2020-12-23T01:31:14.348-0400][gc,heap        ] GC(369344) Heap before GC invocations=369320 (full 10697): garbage-first heap   total 73728K, used 59226K [0x0000000083000000, 0x0000000100000000)
[2020-12-23T01:31:14.348-0400][gc,heap        ] GC(369344)   region size 1024K, 12 young (12288K), 1 survivors (1024K)
[2020-12-23T01:31:14.348-0400][gc,heap        ] GC(369344)  Metaspace       used 61008K, capacity 63733K, committed 64768K, reserved 1107968K
[2020-12-23T01:31:14.348-0400][gc,heap        ] GC(369344)   class space    used 5714K, capacity 6561K, committed 6912K, reserved 1048576K
[2020-12-23T01:31:14.348-0400][gc,start       ] GC(369344) Pause Young (Normal) (G1 Evacuation Pause)
[2020-12-23T01:31:14.348-0400][gc,task        ] GC(369344) Using 4 workers of 4 for evacuation
[2020-12-23T01:31:14.354-0400][gc,phases      ] GC(369344)   Pre Evacuate Collection Set: 0.0ms
[2020-12-23T01:31:14.354-0400][gc,phases      ] GC(369344)   Evacuate Collection Set: 3.7ms
[2020-12-23T01:31:14.354-0400][gc,phases      ] GC(369344)   Post Evacuate Collection Set: 1.6ms
[2020-12-23T01:31:14.354-0400][gc,phases      ] GC(369344)   Other: 0.9ms
[2020-12-23T01:31:14.354-0400][gc,heap        ] GC(369344) Eden regions: 11->0(11)
[2020-12-23T01:31:14.354-0400][gc,heap        ] GC(369344) Survivor regions: 1->1(2)
[2020-12-23T01:31:14.354-0400][gc,heap        ] GC(369344) Old regions: 46->46
[2020-12-23T01:31:14.354-0400][gc,heap        ] GC(369344) Humongous regions: 4->4
[2020-12-23T01:31:14.354-0400][gc,metaspace   ] GC(369344) Metaspace: 61008K->61008K(1107968K)
[2020-12-23T01:31:14.354-0400][gc,heap        ] GC(369344) Heap after GC invocations=369321 (full 10697): garbage-first heap   total 73728K, used 48966K [0x0000000083000000, 0x0000000100000000)
[2020-12-23T01:31:14.354-0400][gc,heap        ] GC(369344)   region size 1024K, 1 young (1024K), 1 survivors (1024K)
[2020-12-23T01:31:14.354-0400][gc,heap        ] GC(369344)  Metaspace       used 61008K, capacity 63733K, committed 64768K, reserved 1107968K
[2020-12-23T01:31:14.354-0400][gc,heap        ] GC(369344)   class space    used 5714K, capacity 6561K, committed 6912K, reserved 1048576K
[2020-12-23T01:31:14.354-0400][gc             ] GC(369344) Pause Young (Normal) (G1 Evacuation Pause) 58M->47M(72M) 6.490ms
[2020-12-23T01:31:14.355-0400][gc,cpu         ] GC(369344) User=0.02s Sys=0.00s Real=0.00s
[2020-12-23T01:31:50.924-0400][gc,task        ] GC(369345) Using 3 workers of 4 for full compaction
[2020-12-23T01:31:50.924-0400][gc,start       ] GC(369345) Pause Full (System.gc())
[2020-12-23T01:31:50.924-0400][gc,heap        ] GC(369345) Heap before GC invocations=369321 (full 10697): garbage-first heap   total 73728K, used 57158K [0x0000000083000000, 0x0000000100000000)
[2020-12-23T01:31:50.924-0400][gc,heap        ] GC(369345)   region size 1024K, 11 young (11264K), 1 survivors (1024K)
[2020-12-23T01:31:50.924-0400][gc,heap        ] GC(369345)  Metaspace       used 61008K, capacity 63733K, committed 64768K, reserved 1107968K
[2020-12-23T01:31:50.924-0400][gc,heap        ] GC(369345)   class space    used 5714K, capacity 6561K, committed 6912K, reserved 1048576K
[2020-12-23T01:31:50.926-0400][gc,phases,start] GC(369345) Phase 1: Mark live objects
[2020-12-23T01:31:51.067-0400][gc,stringtable ] GC(369345) Cleaned string and symbol table, strings: 32200 processed, 0 removed, symbols: 131455 processed, 0 removed
[2020-12-23T01:31:51.067-0400][gc,phases      ] GC(369345) Phase 1: Mark live objects 140.585ms
[2020-12-23T01:31:51.067-0400][gc,phases,start] GC(369345) Phase 2: Prepare for compaction
[2020-12-23T01:31:51.098-0400][gc,phases      ] GC(369345) Phase 2: Prepare for compaction 30.584ms
[2020-12-23T01:31:51.098-0400][gc,phases,start] GC(369345) Phase 3: Adjust pointers
[2020-12-23T01:31:51.176-0400][gc,phases      ] GC(369345) Phase 3: Adjust pointers 78.723ms
[2020-12-23T01:31:51.177-0400][gc,phases,start] GC(369345) Phase 4: Compact heap
[2020-12-23T01:31:51.199-0400][gc,phases      ] GC(369345) Phase 4: Compact heap 22.286ms
[2020-12-23T01:31:51.235-0400][gc,heap        ] GC(369345) Eden regions: 10->0(12)
[2020-12-23T01:31:51.236-0400][gc,heap        ] GC(369345) Survivor regions: 1->0(2)
[2020-12-23T01:31:51.236-0400][gc,heap        ] GC(369345) Old regions: 46->46
[2020-12-23T01:31:51.236-0400][gc,heap        ] GC(369345) Humongous regions: 4->4
[2020-12-23T01:31:51.236-0400][gc,metaspace   ] GC(369345) Metaspace: 61008K->61008K(1107968K)
[2020-12-23T01:31:51.236-0400][gc,heap        ] GC(369345) Heap after GC invocations=369322 (full 10698): garbage-first heap   total 73728K, used 48547K [0x0000000083000000, 0x0000000100000000)
[2020-12-23T01:31:51.236-0400][gc,heap        ] GC(369345)   region size 1024K, 0 young (0K), 0 survivors (0K)
[2020-12-23T01:31:51.236-0400][gc,heap        ] GC(369345)  Metaspace       used 61008K, capacity 63733K, committed 64768K, reserved 1107968K
[2020-12-23T01:31:51.236-0400][gc,heap        ] GC(369345)   class space    used 5714K, capacity 6561K, committed 6912K, reserved 1048576K
[2020-12-23T01:31:51.236-0400][gc             ] GC(369345) Pause Full (System.gc()) 56M->47M(72M) 312.017ms
[2020-12-23T01:31:51.236-0400][gc,cpu         ] GC(369345) User=0.83s Sys=0.00s Real=0.32s
[2020-12-23T01:32:22.283-0400][gc,heap        ] GC(369346) Heap before GC invocations=369322 (full 10698): garbage-first heap   total 73728K, used 59811K [0x0000000083000000, 0x0000000100000000)
[2020-12-23T01:32:22.283-0400][gc,heap        ] GC(369346)   region size 1024K, 12 young (12288K), 0 survivors (0K)
[2020-12-23T01:32:22.284-0400][gc,heap        ] GC(369346)  Metaspace       used 61008K, capacity 63733K, committed 64768K, reserved 1107968K
[2020-12-23T01:32:22.284-0400][gc,heap        ] GC(369346)   class space    used 5714K, capacity 6561K, committed 6912K, reserved 1048576K
[2020-12-23T01:32:22.284-0400][gc,start       ] GC(369346) Pause Young (Normal) (G1 Evacuation Pause)
[2020-12-23T01:32:22.284-0400][gc,task        ] GC(369346) Using 4 workers of 4 for evacuation
[2020-12-23T01:32:22.289-0400][gc,phases      ] GC(369346)   Pre Evacuate Collection Set: 0.0ms
[2020-12-23T01:32:22.289-0400][gc,phases      ] GC(369346)   Evacuate Collection Set: 3.4ms
[2020-12-23T01:32:22.289-0400][gc,phases      ] GC(369346)   Post Evacuate Collection Set: 1.8ms
[2020-12-23T01:32:22.290-0400][gc,phases      ] GC(369346)   Other: 0.8ms
[2020-12-23T01:32:22.290-0400][gc,heap        ] GC(369346) Eden regions: 12->0(11)
[2020-12-23T01:32:22.290-0400][gc,heap        ] GC(369346) Survivor regions: 0->1(2)
[2020-12-23T01:32:22.290-0400][gc,heap        ] GC(369346) Old regions: 46->46
[2020-12-23T01:32:22.290-0400][gc,heap        ] GC(369346) Humongous regions: 4->4
[2020-12-23T01:32:22.290-0400][gc,metaspace   ] GC(369346) Metaspace: 61008K->61008K(1107968K)
[2020-12-23T01:32:22.290-0400][gc,heap        ] GC(369346) Heap after GC invocations=369323 (full 10698): garbage-first heap   total 73728K, used 48889K [0x0000000083000000, 0x0000000100000000)
[2020-12-23T01:32:22.290-0400][gc,heap        ] GC(369346)   region size 1024K, 1 young (1024K), 1 survivors (1024K)
[2020-12-23T01:32:22.290-0400][gc,heap        ] GC(369346)  Metaspace       used 61008K, capacity 63733K, committed 64768K, reserved 1107968K
[2020-12-23T01:32:22.290-0400][gc,heap        ] GC(369346)   class space    used 5714K, capacity 6561K, committed 6912K, reserved 1048576K
[2020-12-23T01:32:22.290-0400][gc             ] GC(369346) Pause Young (Normal) (G1 Evacuation Pause) 59M->47M(72M) 6.417ms
[2020-12-23T01:32:22.290-0400][gc,cpu         ] GC(369346) User=0.01s Sys=0.01s Real=0.01s
[2020-12-23T01:32:59.424-0400][gc,heap        ] GC(369347) Heap before GC invocations=369323 (full 10698): garbage-first heap   total 73728K, used 59129K [0x0000000083000000, 0x0000000100000000)
[2020-12-23T01:32:59.425-0400][gc,heap        ] GC(369347)   region size 1024K, 12 young (12288K), 1 survivors (1024K)
[2020-12-23T01:32:59.425-0400][gc,heap        ] GC(369347)  Metaspace       used 61008K, capacity 63733K, committed 64768K, reserved 1107968K
[2020-12-23T01:32:59.425-0400][gc,heap        ] GC(369347)   class space    used 5714K, capacity 6561K, committed 6912K, reserved 1048576K
[2020-12-23T01:32:59.425-0400][gc,start       ] GC(369347) Pause Young (Normal) (G1 Evacuation Pause)
[2020-12-23T01:32:59.425-0400][gc,task        ] GC(369347) Using 4 workers of 4 for evacuation
[2020-12-23T01:32:59.430-0400][gc,phases      ] GC(369347)   Pre Evacuate Collection Set: 0.0ms
[2020-12-23T01:32:59.431-0400][gc,phases      ] GC(369347)   Evacuate Collection Set: 3.4ms
[2020-12-23T01:32:59.431-0400][gc,phases      ] GC(369347)   Post Evacuate Collection Set: 1.5ms
[2020-12-23T01:32:59.431-0400][gc,phases      ] GC(369347)   Other: 0.9ms
[2020-12-23T01:32:59.431-0400][gc,heap        ] GC(369347) Eden regions: 11->0(11)
[2020-12-23T01:32:59.431-0400][gc,heap        ] GC(369347) Survivor regions: 1->1(2)
[2020-12-23T01:32:59.431-0400][gc,heap        ] GC(369347) Old regions: 46->46
[2020-12-23T01:32:59.431-0400][gc,heap        ] GC(369347) Humongous regions: 4->4
[2020-12-23T01:32:59.431-0400][gc,metaspace   ] GC(369347) Metaspace: 61008K->61008K(1107968K)
[2020-12-23T01:32:59.431-0400][gc,heap        ] GC(369347) Heap after GC invocations=369324 (full 10698): garbage-first heap   total 73728K, used 48962K [0x0000000083000000, 0x0000000100000000)
[2020-12-23T01:32:59.431-0400][gc,heap        ] GC(369347)   region size 1024K, 1 young (1024K), 1 survivors (1024K)
[2020-12-23T01:32:59.431-0400][gc,heap        ] GC(369347)  Metaspace       used 61008K, capacity 63733K, committed 64768K, reserved 1107968K
[2020-12-23T01:32:59.431-0400][gc,heap        ] GC(369347)   class space    used 5714K, capacity 6561K, committed 6912K, reserved 1048576K
[2020-12-23T01:32:59.431-0400][gc             ] GC(369347) Pause Young (Normal) (G1 Evacuation Pause) 58M->47M(72M) 6.311ms
[2020-12-23T01:32:59.431-0400][gc,cpu         ] GC(369347) User=0.01s Sys=0.01s Real=0.01s
[2020-12-23T01:33:31.764-0400][gc,heap        ] GC(369348) Heap before GC invocations=369324 (full 10698): garbage-first heap   total 73728K, used 59202K [0x0000000083000000, 0x0000000100000000)
[2020-12-23T01:33:31.764-0400][gc,heap        ] GC(369348)   region size 1024K, 12 young (12288K), 1 survivors (1024K)
[2020-12-23T01:33:31.764-0400][gc,heap        ] GC(369348)  Metaspace       used 61008K, capacity 63733K, committed 64768K, reserved 1107968K
[2020-12-23T01:33:31.764-0400][gc,heap        ] GC(369348)   class space    used 5714K, capacity 6561K, committed 6912K, reserved 1048576K
[2020-12-23T01:33:31.764-0400][gc,start       ] GC(369348) Pause Young (Normal) (G1 Evacuation Pause)
[2020-12-23T01:33:31.764-0400][gc,task        ] GC(369348) Using 4 workers of 4 for evacuation
[2020-12-23T01:33:31.770-0400][gc,phases      ] GC(369348)   Pre Evacuate Collection Set: 0.0ms
[2020-12-23T01:33:31.770-0400][gc,phases      ] GC(369348)   Evacuate Collection Set: 3.6ms
[2020-12-23T01:33:31.770-0400][gc,phases      ] GC(369348)   Post Evacuate Collection Set: 1.6ms
[2020-12-23T01:33:31.770-0400][gc,phases      ] GC(369348)   Other: 0.8ms
[2020-12-23T01:33:31.770-0400][gc,heap        ] GC(369348) Eden regions: 11->0(11)
[2020-12-23T01:33:31.770-0400][gc,heap        ] GC(369348) Survivor regions: 1->1(2)
[2020-12-23T01:33:31.770-0400][gc,heap        ] GC(369348) Old regions: 46->46
[2020-12-23T01:33:31.770-0400][gc,heap        ] GC(369348) Humongous regions: 4->4
[2020-12-23T01:33:31.770-0400][gc,metaspace   ] GC(369348) Metaspace: 61008K->61008K(1107968K)
[2020-12-23T01:33:31.770-0400][gc,heap        ] GC(369348) Heap after GC invocations=369325 (full 10698): garbage-first heap   total 73728K, used 49046K [0x0000000083000000, 0x0000000100000000)
[2020-12-23T01:33:31.770-0400][gc,heap        ] GC(369348)   region size 1024K, 1 young (1024K), 1 survivors (1024K)
[2020-12-23T01:33:31.770-0400][gc,heap        ] GC(369348)  Metaspace       used 61008K, capacity 63733K, committed 64768K, reserved 1107968K
[2020-12-23T01:33:31.771-0400][gc,heap        ] GC(369348)   class space    used 5714K, capacity 6561K, committed 6912K, reserved 1048576K
[2020-12-23T01:33:31.771-0400][gc             ] GC(369348) Pause Young (Normal) (G1 Evacuation Pause) 58M->47M(72M) 6.582ms
[2020-12-23T01:33:31.771-0400][gc,cpu         ] GC(369348) User=0.01s Sys=0.00s Real=0.01s
[2020-12-23T01:34:07.577-0400][gc,heap        ] GC(369349) Heap before GC invocations=369325 (full 10698): garbage-first heap   total 73728K, used 59286K [0x0000000083000000, 0x0000000100000000)
[2020-12-23T01:34:07.577-0400][gc,heap        ] GC(369349)   region size 1024K, 12 young (12288K), 1 survivors (1024K)
[2020-12-23T01:34:07.577-0400][gc,heap        ] GC(369349)  Metaspace       used 61008K, capacity 63733K, committed 64768K, reserved 1107968K
[2020-12-23T01:34:07.577-0400][gc,heap        ] GC(369349)   class space    used 5714K, capacity 6561K, committed 6912K, reserved 1048576K
[2020-12-23T01:34:07.577-0400][gc,start       ] GC(369349) Pause Young (Normal) (G1 Evacuation Pause)
[2020-12-23T01:34:07.577-0400][gc,task        ] GC(369349) Using 4 workers of 4 for evacuation
[2020-12-23T01:34:07.583-0400][gc,phases      ] GC(369349)   Pre Evacuate Collection Set: 0.0ms
[2020-12-23T01:34:07.583-0400][gc,phases      ] GC(369349)   Evacuate Collection Set: 4.1ms
[2020-12-23T01:34:07.583-0400][gc,phases      ] GC(369349)   Post Evacuate Collection Set: 1.6ms
[2020-12-23T01:34:07.583-0400][gc,phases      ] GC(369349)   Other: 0.9ms
[2020-12-23T01:34:07.584-0400][gc,heap        ] GC(369349) Eden regions: 11->0(11)
[2020-12-23T01:34:07.584-0400][gc,heap        ] GC(369349) Survivor regions: 1->1(2)
[2020-12-23T01:34:07.584-0400][gc,heap        ] GC(369349) Old regions: 46->46
[2020-12-23T01:34:07.584-0400][gc,heap        ] GC(369349) Humongous regions: 4->4
[2020-12-23T01:34:07.584-0400][gc,metaspace   ] GC(369349) Metaspace: 61008K->61008K(1107968K)
[2020-12-23T01:34:07.584-0400][gc,heap        ] GC(369349) Heap after GC invocations=369326 (full 10698): garbage-first heap   total 73728K, used 49056K [0x0000000083000000, 0x0000000100000000)
[2020-12-23T01:34:07.584-0400][gc,heap        ] GC(369349)   region size 1024K, 1 young (1024K), 1 survivors (1024K)
[2020-12-23T01:34:07.584-0400][gc,heap        ] GC(369349)  Metaspace       used 61008K, capacity 63733K, committed 64768K, reserved 1107968K
[2020-12-23T01:34:07.584-0400][gc,heap        ] GC(369349)   class space    used 5714K, capacity 6561K, committed 6912K, reserved 1048576K
[2020-12-23T01:34:07.584-0400][gc             ] GC(369349) Pause Young (Normal) (G1 Evacuation Pause) 58M->47M(72M) 7.012ms
[2020-12-23T01:34:07.584-0400][gc,cpu         ] GC(369349) User=0.01s Sys=0.01s Real=0.00s
[2020-12-23T01:34:38.997-0400][gc,heap        ] GC(369350) Heap before GC invocations=369326 (full 10698): garbage-first heap   total 73728K, used 59296K [0x0000000083000000, 0x0000000100000000)
[2020-12-23T01:34:38.997-0400][gc,heap        ] GC(369350)   region size 1024K, 12 young (12288K), 1 survivors (1024K)
[2020-12-23T01:34:38.997-0400][gc,heap        ] GC(369350)  Metaspace       used 61008K, capacity 63733K, committed 64768K, reserved 1107968K
[2020-12-23T01:34:38.997-0400][gc,heap        ] GC(369350)   class space    used 5714K, capacity 6561K, committed 6912K, reserved 1048576K
[2020-12-23T01:34:38.997-0400][gc,start       ] GC(369350) Pause Young (Normal) (G1 Evacuation Pause)
[2020-12-23T01:34:38.997-0400][gc,task        ] GC(369350) Using 4 workers of 4 for evacuation
[2020-12-23T01:34:39.003-0400][gc,phases      ] GC(369350)   Pre Evacuate Collection Set: 0.0ms
[2020-12-23T01:34:39.003-0400][gc,phases      ] GC(369350)   Evacuate Collection Set: 3.7ms
[2020-12-23T01:34:39.003-0400][gc,phases      ] GC(369350)   Post Evacuate Collection Set: 1.6ms
[2020-12-23T01:34:39.004-0400][gc,phases      ] GC(369350)   Other: 0.9ms
[2020-12-23T01:34:39.004-0400][gc,heap        ] GC(369350) Eden regions: 11->0(11)
[2020-12-23T01:34:39.004-0400][gc,heap        ] GC(369350) Survivor regions: 1->1(2)
[2020-12-23T01:34:39.004-0400][gc,heap        ] GC(369350) Old regions: 46->46
[2020-12-23T01:34:39.004-0400][gc,heap        ] GC(369350) Humongous regions: 4->4
[2020-12-23T01:34:39.004-0400][gc,metaspace   ] GC(369350) Metaspace: 61008K->61008K(1107968K)
[2020-12-23T01:34:39.004-0400][gc,heap        ] GC(369350) Heap after GC invocations=369327 (full 10698): garbage-first heap   total 73728K, used 49108K [0x0000000083000000, 0x0000000100000000)
[2020-12-23T01:34:39.004-0400][gc,heap        ] GC(369350)   region size 1024K, 1 young (1024K), 1 survivors (1024K)
[2020-12-23T01:34:39.004-0400][gc,heap        ] GC(369350)  Metaspace       used 61008K, capacity 63733K, committed 64768K, reserved 1107968K
[2020-12-23T01:34:39.004-0400][gc,heap        ] GC(369350)   class space    used 5714K, capacity 6561K, committed 6912K, reserved 1048576K
[2020-12-23T01:34:39.004-0400][gc             ] GC(369350) Pause Young (Normal) (G1 Evacuation Pause) 58M->47M(72M) 6.882ms
[2020-12-23T01:34:39.004-0400][gc,cpu         ] GC(369350) User=0.01s Sys=0.01s Real=0.00s
[2020-12-23T01:35:13.892-0400][gc,heap        ] GC(369351) Heap before GC invocations=369327 (full 10698): garbage-first heap   total 73728K, used 59348K [0x0000000083000000, 0x0000000100000000)
[2020-12-23T01:35:13.892-0400][gc,heap        ] GC(369351)   region size 1024K, 12 young (12288K), 1 survivors (1024K)
[2020-12-23T01:35:13.892-0400][gc,heap        ] GC(369351)  Metaspace       used 61008K, capacity 63733K, committed 64768K, reserved 1107968K
[2020-12-23T01:35:13.892-0400][gc,heap        ] GC(369351)   class space    used 5714K, capacity 6561K, committed 6912K, reserved 1048576K
[2020-12-23T01:35:13.892-0400][gc,start       ] GC(369351) Pause Young (Normal) (G1 Evacuation Pause)
[2020-12-23T01:35:13.892-0400][gc,task        ] GC(369351) Using 4 workers of 4 for evacuation
[2020-12-23T01:35:13.899-0400][gc,phases      ] GC(369351)   Pre Evacuate Collection Set: 0.0ms
[2020-12-23T01:35:13.899-0400][gc,phases      ] GC(369351)   Evacuate Collection Set: 4.5ms
[2020-12-23T01:35:13.899-0400][gc,phases      ] GC(369351)   Post Evacuate Collection Set: 1.5ms
[2020-12-23T01:35:13.899-0400][gc,phases      ] GC(369351)   Other: 0.9ms
[2020-12-23T01:35:13.899-0400][gc,heap        ] GC(369351) Eden regions: 11->0(11)
[2020-12-23T01:35:13.899-0400][gc,heap        ] GC(369351) Survivor regions: 1->1(2)
[2020-12-23T01:35:13.899-0400][gc,heap        ] GC(369351) Old regions: 46->46
[2020-12-23T01:35:13.899-0400][gc,heap        ] GC(369351) Humongous regions: 4->4
[2020-12-23T01:35:13.899-0400][gc,metaspace   ] GC(369351) Metaspace: 61008K->61008K(1107968K)
[2020-12-23T01:35:13.899-0400][gc,heap        ] GC(369351) Heap after GC invocations=369328 (full 10698): garbage-first heap   total 73728K, used 49045K [0x0000000083000000, 0x0000000100000000)
[2020-12-23T01:35:13.899-0400][gc,heap        ] GC(369351)   region size 1024K, 1 young (1024K), 1 survivors (1024K)
[2020-12-23T01:35:13.899-0400][gc,heap        ] GC(369351)  Metaspace       used 61008K, capacity 63733K, committed 64768K, reserved 1107968K
[2020-12-23T01:35:13.899-0400][gc,heap        ] GC(369351)   class space    used 5714K, capacity 6561K, committed 6912K, reserved 1048576K
[2020-12-23T01:35:13.899-0400][gc             ] GC(369351) Pause Young (Normal) (G1 Evacuation Pause) 58M->47M(72M) 7.276ms
[2020-12-23T01:35:13.899-0400][gc,cpu         ] GC(369351) User=0.02s Sys=0.00s Real=0.01s
[2020-12-23T01:35:57.058-0400][gc,heap        ] GC(369352) Heap before GC invocations=369328 (full 10698): garbage-first heap   total 73728K, used 59285K [0x0000000083000000, 0x0000000100000000)
[2020-12-23T01:35:57.058-0400][gc,heap        ] GC(369352)   region size 1024K, 12 young (12288K), 1 survivors (1024K)
[2020-12-23T01:35:57.058-0400][gc,heap        ] GC(369352)  Metaspace       used 61008K, capacity 63733K, committed 64768K, reserved 1107968K
[2020-12-23T01:35:57.058-0400][gc,heap        ] GC(369352)   class space    used 5714K, capacity 6561K, committed 6912K, reserved 1048576K
[2020-12-23T01:35:57.059-0400][gc,start       ] GC(369352) Pause Young (Normal) (G1 Evacuation Pause)
[2020-12-23T01:35:57.059-0400][gc,task        ] GC(369352) Using 4 workers of 4 for evacuation
[2020-12-23T01:35:57.064-0400][gc,phases      ] GC(369352)   Pre Evacuate Collection Set: 0.0ms
[2020-12-23T01:35:57.064-0400][gc,phases      ] GC(369352)   Evacuate Collection Set: 3.6ms
[2020-12-23T01:35:57.065-0400][gc,phases      ] GC(369352)   Post Evacuate Collection Set: 1.6ms
[2020-12-23T01:35:57.065-0400][gc,phases      ] GC(369352)   Other: 1.2ms
[2020-12-23T01:35:57.065-0400][gc,heap        ] GC(369352) Eden regions: 11->0(11)
[2020-12-23T01:35:57.065-0400][gc,heap        ] GC(369352) Survivor regions: 1->1(2)
[2020-12-23T01:35:57.065-0400][gc,heap        ] GC(369352) Old regions: 46->46
[2020-12-23T01:35:57.065-0400][gc,heap        ] GC(369352) Humongous regions: 4->4
[2020-12-23T01:35:57.065-0400][gc,metaspace   ] GC(369352) Metaspace: 61008K->61008K(1107968K)
[2020-12-23T01:35:57.065-0400][gc,heap        ] GC(369352) Heap after GC invocations=369329 (full 10698): garbage-first heap   total 73728K, used 48943K [0x0000000083000000, 0x0000000100000000)
[2020-12-23T01:35:57.065-0400][gc,heap        ] GC(369352)   region size 1024K, 1 young (1024K), 1 survivors (1024K)
[2020-12-23T01:35:57.065-0400][gc,heap        ] GC(369352)  Metaspace       used 61008K, capacity 63733K, committed 64768K, reserved 1107968K
[2020-12-23T01:35:57.065-0400][gc,heap        ] GC(369352)   class space    used 5714K, capacity 6561K, committed 6912K, reserved 1048576K
[2020-12-23T01:35:57.065-0400][gc             ] GC(369352) Pause Young (Normal) (G1 Evacuation Pause) 58M->47M(72M) 6.668ms
[2020-12-23T01:35:57.065-0400][gc,cpu         ] GC(369352) User=0.01s Sys=0.01s Real=0.00s
[2020-12-23T01:36:19.598-0400][gc,heap        ] GC(369353) Heap before GC invocations=369329 (full 10698): garbage-first heap   total 73728K, used 60207K [0x0000000083000000, 0x0000000100000000)
[2020-12-23T01:36:19.598-0400][gc,heap        ] GC(369353)   region size 1024K, 12 young (12288K), 1 survivors (1024K)
[2020-12-23T01:36:19.598-0400][gc,heap        ] GC(369353)  Metaspace       used 61008K, capacity 63733K, committed 64768K, reserved 1107968K
[2020-12-23T01:36:19.598-0400][gc,heap        ] GC(369353)   class space    used 5714K, capacity 6561K, committed 6912K, reserved 1048576K
[2020-12-23T01:36:19.599-0400][gc,start       ] GC(369353) Pause Young (Normal) (G1 Evacuation Pause)
[2020-12-23T01:36:19.599-0400][gc,task        ] GC(369353) Using 4 workers of 4 for evacuation
[2020-12-23T01:36:19.604-0400][gc,phases      ] GC(369353)   Pre Evacuate Collection Set: 0.0ms
[2020-12-23T01:36:19.604-0400][gc,phases      ] GC(369353)   Evacuate Collection Set: 3.1ms
[2020-12-23T01:36:19.604-0400][gc,phases      ] GC(369353)   Post Evacuate Collection Set: 1.6ms
[2020-12-23T01:36:19.604-0400][gc,phases      ] GC(369353)   Other: 1.0ms
[2020-12-23T01:36:19.604-0400][gc,heap        ] GC(369353) Eden regions: 11->0(11)
[2020-12-23T01:36:19.604-0400][gc,heap        ] GC(369353) Survivor regions: 1->1(2)
[2020-12-23T01:36:19.604-0400][gc,heap        ] GC(369353) Old regions: 46->46
[2020-12-23T01:36:19.604-0400][gc,heap        ] GC(369353) Humongous regions: 4->4
[2020-12-23T01:36:19.604-0400][gc,metaspace   ] GC(369353) Metaspace: 61008K->61008K(1107968K)
[2020-12-23T01:36:19.604-0400][gc,heap        ] GC(369353) Heap after GC invocations=369330 (full 10698): garbage-first heap   total 73728K, used 48950K [0x0000000083000000, 0x0000000100000000)
[2020-12-23T01:36:19.605-0400][gc,heap        ] GC(369353)   region size 1024K, 1 young (1024K), 1 survivors (1024K)
[2020-12-23T01:36:19.605-0400][gc,heap        ] GC(369353)  Metaspace       used 61008K, capacity 63733K, committed 64768K, reserved 1107968K
[2020-12-23T01:36:19.605-0400][gc,heap        ] GC(369353)   class space    used 5714K, capacity 6561K, committed 6912K, reserved 1048576K
[2020-12-23T01:36:19.605-0400][gc             ] GC(369353) Pause Young (Normal) (G1 Evacuation Pause) 58M->47M(72M) 6.138ms
[2020-12-23T01:36:19.605-0400][gc,cpu         ] GC(369353) User=0.02s Sys=0.00s Real=0.00s
[2020-12-23T01:36:43.890-0400][gc,heap        ] GC(369354) Heap before GC invocations=369330 (full 10698): garbage-first heap   total 73728K, used 59190K [0x0000000083000000, 0x0000000100000000)
[2020-12-23T01:36:43.891-0400][gc,heap        ] GC(369354)   region size 1024K, 12 young (12288K), 1 survivors (1024K)
[2020-12-23T01:36:43.891-0400][gc,heap        ] GC(369354)  Metaspace       used 61008K, capacity 63733K, committed 64768K, reserved 1107968K
[2020-12-23T01:36:43.891-0400][gc,heap        ] GC(369354)   class space    used 5714K, capacity 6561K, committed 6912K, reserved 1048576K
[2020-12-23T01:36:43.891-0400][gc,start       ] GC(369354) Pause Young (Normal) (G1 Evacuation Pause)
[2020-12-23T01:36:43.891-0400][gc,task        ] GC(369354) Using 4 workers of 4 for evacuation
[2020-12-23T01:36:43.896-0400][gc,phases      ] GC(369354)   Pre Evacuate Collection Set: 0.0ms
[2020-12-23T01:36:43.896-0400][gc,phases      ] GC(369354)   Evacuate Collection Set: 3.2ms
[2020-12-23T01:36:43.896-0400][gc,phases      ] GC(369354)   Post Evacuate Collection Set: 1.4ms
[2020-12-23T01:36:43.896-0400][gc,phases      ] GC(369354)   Other: 0.9ms
[2020-12-23T01:36:43.896-0400][gc,heap        ] GC(369354) Eden regions: 11->0(11)
[2020-12-23T01:36:43.896-0400][gc,heap        ] GC(369354) Survivor regions: 1->1(2)
[2020-12-23T01:36:43.896-0400][gc,heap        ] GC(369354) Old regions: 46->46
[2020-12-23T01:36:43.896-0400][gc,heap        ] GC(369354) Humongous regions: 4->4
[2020-12-23T01:36:43.896-0400][gc,metaspace   ] GC(369354) Metaspace: 61008K->61008K(1107968K)
[2020-12-23T01:36:43.896-0400][gc,heap        ] GC(369354) Heap after GC invocations=369331 (full 10698): garbage-first heap   total 73728K, used 48893K [0x0000000083000000, 0x0000000100000000)
[2020-12-23T01:36:43.896-0400][gc,heap        ] GC(369354)   region size 1024K, 1 young (1024K), 1 survivors (1024K)
[2020-12-23T01:36:43.896-0400][gc,heap        ] GC(369354)  Metaspace       used 61008K, capacity 63733K, committed 64768K, reserved 1107968K
[2020-12-23T01:36:43.897-0400][gc,heap        ] GC(369354)   class space    used 5714K, capacity 6561K, committed 6912K, reserved 1048576K
[2020-12-23T01:36:43.897-0400][gc             ] GC(369354) Pause Young (Normal) (G1 Evacuation Pause) 58M->47M(72M) 5.835ms
[2020-12-23T01:36:43.897-0400][gc,cpu         ] GC(369354) User=0.01s Sys=0.01s Real=0.01s
[2020-12-23T01:36:50.924-0400][gc,task        ] GC(369355) Using 3 workers of 4 for full compaction
[2020-12-23T01:36:50.924-0400][gc,start       ] GC(369355) Pause Full (System.gc())
[2020-12-23T01:36:50.924-0400][gc,heap        ] GC(369355) Heap before GC invocations=369331 (full 10698): garbage-first heap   total 73728K, used 49917K [0x0000000083000000, 0x0000000100000000)
[2020-12-23T01:36:50.924-0400][gc,heap        ] GC(369355)   region size 1024K, 3 young (3072K), 1 survivors (1024K)
[2020-12-23T01:36:50.924-0400][gc,heap        ] GC(369355)  Metaspace       used 61008K, capacity 63733K, committed 64768K, reserved 1107968K
[2020-12-23T01:36:50.924-0400][gc,heap        ] GC(369355)   class space    used 5714K, capacity 6561K, committed 6912K, reserved 1048576K
[2020-12-23T01:36:50.927-0400][gc,phases,start] GC(369355) Phase 1: Mark live objects
[2020-12-23T01:36:51.070-0400][gc,stringtable ] GC(369355) Cleaned string and symbol table, strings: 32200 processed, 0 removed, symbols: 131455 processed, 0 removed
[2020-12-23T01:36:51.070-0400][gc,phases      ] GC(369355) Phase 1: Mark live objects 142.627ms
[2020-12-23T01:36:51.070-0400][gc,phases,start] GC(369355) Phase 2: Prepare for compaction
[2020-12-23T01:36:51.100-0400][gc,phases      ] GC(369355) Phase 2: Prepare for compaction 30.492ms
[2020-12-23T01:36:51.100-0400][gc,phases,start] GC(369355) Phase 3: Adjust pointers
[2020-12-23T01:36:51.179-0400][gc,phases      ] GC(369355) Phase 3: Adjust pointers 78.205ms
[2020-12-23T01:36:51.179-0400][gc,phases,start] GC(369355) Phase 4: Compact heap
[2020-12-23T01:36:51.200-0400][gc,phases      ] GC(369355) Phase 4: Compact heap 21.347ms
[2020-12-23T01:36:51.236-0400][gc,heap        ] GC(369355) Eden regions: 2->0(11)
[2020-12-23T01:36:51.236-0400][gc,heap        ] GC(369355) Survivor regions: 1->0(2)
[2020-12-23T01:36:51.236-0400][gc,heap        ] GC(369355) Old regions: 46->47
[2020-12-23T01:36:51.236-0400][gc,heap        ] GC(369355) Humongous regions: 4->4
[2020-12-23T01:36:51.236-0400][gc,metaspace   ] GC(369355) Metaspace: 61008K->61008K(1107968K)
[2020-12-23T01:36:51.237-0400][gc,heap        ] GC(369355) Heap after GC invocations=369332 (full 10699): garbage-first heap   total 73728K, used 48467K [0x0000000083000000, 0x0000000100000000)
[2020-12-23T01:36:51.237-0400][gc,heap        ] GC(369355)   region size 1024K, 0 young (0K), 0 survivors (0K)
[2020-12-23T01:36:51.237-0400][gc,heap        ] GC(369355)  Metaspace       used 61008K, capacity 63733K, committed 64768K, reserved 1107968K
[2020-12-23T01:36:51.237-0400][gc,heap        ] GC(369355)   class space    used 5714K, capacity 6561K, committed 6912K, reserved 1048576K
[2020-12-23T01:36:51.237-0400][gc             ] GC(369355) Pause Full (System.gc()) 49M->47M(72M) 312.536ms
[2020-12-23T01:36:51.237-0400][gc,cpu         ] GC(369355) User=0.83s Sys=0.00s Real=0.32s
[2020-12-23T01:37:20.144-0400][gc,heap        ] GC(369356) Heap before GC invocations=369332 (full 10699): garbage-first heap   total 73728K, used 58707K [0x0000000083000000, 0x0000000100000000)
[2020-12-23T01:37:20.144-0400][gc,heap        ] GC(369356)   region size 1024K, 11 young (11264K), 0 survivors (0K)
[2020-12-23T01:37:20.144-0400][gc,heap        ] GC(369356)  Metaspace       used 61008K, capacity 63733K, committed 64768K, reserved 1107968K
[2020-12-23T01:37:20.144-0400][gc,heap        ] GC(369356)   class space    used 5714K, capacity 6561K, committed 6912K, reserved 1048576K
[2020-12-23T01:37:20.144-0400][gc,start       ] GC(369356) Pause Young (Normal) (G1 Evacuation Pause)
[2020-12-23T01:37:20.144-0400][gc,task        ] GC(369356) Using 4 workers of 4 for evacuation
[2020-12-23T01:37:20.150-0400][gc,phases      ] GC(369356)   Pre Evacuate Collection Set: 0.0ms
[2020-12-23T01:37:20.150-0400][gc,phases      ] GC(369356)   Evacuate Collection Set: 3.3ms
[2020-12-23T01:37:20.150-0400][gc,phases      ] GC(369356)   Post Evacuate Collection Set: 2.1ms
[2020-12-23T01:37:20.150-0400][gc,phases      ] GC(369356)   Other: 0.8ms
[2020-12-23T01:37:20.150-0400][gc,heap        ] GC(369356) Eden regions: 11->0(11)
[2020-12-23T01:37:20.150-0400][gc,heap        ] GC(369356) Survivor regions: 0->1(2)
[2020-12-23T01:37:20.150-0400][gc,heap        ] GC(369356) Old regions: 47->47
[2020-12-23T01:37:20.150-0400][gc,heap        ] GC(369356) Humongous regions: 4->4
[2020-12-23T01:37:20.150-0400][gc,metaspace   ] GC(369356) Metaspace: 61008K->61008K(1107968K)
[2020-12-23T01:37:20.150-0400][gc,heap        ] GC(369356) Heap after GC invocations=369333 (full 10699): garbage-first heap   total 73728K, used 48795K [0x0000000083000000, 0x0000000100000000)
[2020-12-23T01:37:20.151-0400][gc,heap        ] GC(369356)   region size 1024K, 1 young (1024K), 1 survivors (1024K)
[2020-12-23T01:37:20.151-0400][gc,heap        ] GC(369356)  Metaspace       used 61008K, capacity 63733K, committed 64768K, reserved 1107968K
[2020-12-23T01:37:20.151-0400][gc,heap        ] GC(369356)   class space    used 5714K, capacity 6561K, committed 6912K, reserved 1048576K
[2020-12-23T01:37:20.151-0400][gc             ] GC(369356) Pause Young (Normal) (G1 Evacuation Pause) 58M->47M(72M) 6.654ms
[2020-12-23T01:37:20.151-0400][gc,cpu         ] GC(369356) User=0.01s Sys=0.02s Real=0.01s
[2020-12-23T01:37:59.002-0400][gc,heap        ] GC(369357) Heap before GC invocations=369333 (full 10699): garbage-first heap   total 73728K, used 59035K [0x0000000083000000, 0x0000000100000000)
[2020-12-23T01:37:59.002-0400][gc,heap        ] GC(369357)   region size 1024K, 12 young (12288K), 1 survivors (1024K)
[2020-12-23T01:37:59.002-0400][gc,heap        ] GC(369357)  Metaspace       used 61008K, capacity 63733K, committed 64768K, reserved 1107968K
[2020-12-23T01:37:59.003-0400][gc,heap        ] GC(369357)   class space    used 5714K, capacity 6561K, committed 6912K, reserved 1048576K
[2020-12-23T01:37:59.003-0400][gc,start       ] GC(369357) Pause Young (Normal) (G1 Evacuation Pause)
[2020-12-23T01:37:59.003-0400][gc,task        ] GC(369357) Using 4 workers of 4 for evacuation
[2020-12-23T01:37:59.008-0400][gc,phases      ] GC(369357)   Pre Evacuate Collection Set: 0.0ms
[2020-12-23T01:37:59.008-0400][gc,phases      ] GC(369357)   Evacuate Collection Set: 3.4ms
[2020-12-23T01:37:59.008-0400][gc,phases      ] GC(369357)   Post Evacuate Collection Set: 1.5ms
[2020-12-23T01:37:59.008-0400][gc,phases      ] GC(369357)   Other: 1.0ms
[2020-12-23T01:37:59.009-0400][gc,heap        ] GC(369357) Eden regions: 11->0(11)
[2020-12-23T01:37:59.009-0400][gc,heap        ] GC(369357) Survivor regions: 1->1(2)
[2020-12-23T01:37:59.009-0400][gc,heap        ] GC(369357) Old regions: 47->47
[2020-12-23T01:37:59.009-0400][gc,heap        ] GC(369357) Humongous regions: 4->4
[2020-12-23T01:37:59.009-0400][gc,metaspace   ] GC(369357) Metaspace: 61008K->61008K(1107968K)
[2020-12-23T01:37:59.009-0400][gc,heap        ] GC(369357) Heap after GC invocations=369334 (full 10699): garbage-first heap   total 73728K, used 48852K [0x0000000083000000, 0x0000000100000000)
[2020-12-23T01:37:59.009-0400][gc,heap        ] GC(369357)   region size 1024K, 1 young (1024K), 1 survivors (1024K)
[2020-12-23T01:37:59.009-0400][gc,heap        ] GC(369357)  Metaspace       used 61008K, capacity 63733K, committed 64768K, reserved 1107968K
[2020-12-23T01:37:59.009-0400][gc,heap        ] GC(369357)   class space    used 5714K, capacity 6561K, committed 6912K, reserved 1048576K
[2020-12-23T01:37:59.009-0400][gc             ] GC(369357) Pause Young (Normal) (G1 Evacuation Pause) 58M->47M(72M) 6.286ms
[2020-12-23T01:37:59.009-0400][gc,cpu         ] GC(369357) User=0.01s Sys=0.00s Real=0.01s
[2020-12-23T01:38:29.804-0400][gc,heap        ] GC(369358) Heap before GC invocations=369334 (full 10699): garbage-first heap   total 73728K, used 59092K [0x0000000083000000, 0x0000000100000000)
[2020-12-23T01:38:29.804-0400][gc,heap        ] GC(369358)   region size 1024K, 12 young (12288K), 1 survivors (1024K)
[2020-12-23T01:38:29.804-0400][gc,heap        ] GC(369358)  Metaspace       used 61008K, capacity 63733K, committed 64768K, reserved 1107968K
[2020-12-23T01:38:29.804-0400][gc,heap        ] GC(369358)   class space    used 5714K, capacity 6561K, committed 6912K, reserved 1048576K
[2020-12-23T01:38:29.804-0400][gc,start       ] GC(369358) Pause Young (Normal) (G1 Evacuation Pause)
[2020-12-23T01:38:29.804-0400][gc,task        ] GC(369358) Using 4 workers of 4 for evacuation
[2020-12-23T01:38:29.810-0400][gc,phases      ] GC(369358)   Pre Evacuate Collection Set: 0.0ms
[2020-12-23T01:38:29.810-0400][gc,phases      ] GC(369358)   Evacuate Collection Set: 3.9ms
[2020-12-23T01:38:29.810-0400][gc,phases      ] GC(369358)   Post Evacuate Collection Set: 1.6ms
[2020-12-23T01:38:29.810-0400][gc,phases      ] GC(369358)   Other: 0.8ms
[2020-12-23T01:38:29.810-0400][gc,heap        ] GC(369358) Eden regions: 11->0(11)
[2020-12-23T01:38:29.810-0400][gc,heap        ] GC(369358) Survivor regions: 1->1(2)
[2020-12-23T01:38:29.810-0400][gc,heap        ] GC(369358) Old regions: 47->47
[2020-12-23T01:38:29.811-0400][gc,heap        ] GC(369358) Humongous regions: 4->4
[2020-12-23T01:38:29.811-0400][gc,metaspace   ] GC(369358) Metaspace: 61008K->61008K(1107968K)
[2020-12-23T01:38:29.811-0400][gc,heap        ] GC(369358) Heap after GC invocations=369335 (full 10699): garbage-first heap   total 73728K, used 48972K [0x0000000083000000, 0x0000000100000000)
[2020-12-23T01:38:29.811-0400][gc,heap        ] GC(369358)   region size 1024K, 1 young (1024K), 1 survivors (1024K)
[2020-12-23T01:38:29.811-0400][gc,heap        ] GC(369358)  Metaspace       used 61008K, capacity 63733K, committed 64768K, reserved 1107968K
[2020-12-23T01:38:29.811-0400][gc,heap        ] GC(369358)   class space    used 5714K, capacity 6561K, committed 6912K, reserved 1048576K
[2020-12-23T01:38:29.811-0400][gc             ] GC(369358) Pause Young (Normal) (G1 Evacuation Pause) 58M->47M(72M) 6.770ms
[2020-12-23T01:38:29.811-0400][gc,cpu         ] GC(369358) User=0.01s Sys=0.01s Real=0.01s
[2020-12-23T01:39:00.756-0400][gc,heap        ] GC(369359) Heap before GC invocations=369335 (full 10699): garbage-first heap   total 73728K, used 59212K [0x0000000083000000, 0x0000000100000000)
[2020-12-23T01:39:00.756-0400][gc,heap        ] GC(369359)   region size 1024K, 12 young (12288K), 1 survivors (1024K)
[2020-12-23T01:39:00.756-0400][gc,heap        ] GC(369359)  Metaspace       used 61008K, capacity 63733K, committed 64768K, reserved 1107968K
[2020-12-23T01:39:00.756-0400][gc,heap        ] GC(369359)   class space    used 5714K, capacity 6561K, committed 6912K, reserved 1048576K
[2020-12-23T01:39:00.756-0400][gc,start       ] GC(369359) Pause Young (Normal) (G1 Evacuation Pause)
[2020-12-23T01:39:00.756-0400][gc,task        ] GC(369359) Using 4 workers of 4 for evacuation
[2020-12-23T01:39:00.762-0400][gc,phases      ] GC(369359)   Pre Evacuate Collection Set: 0.0ms
[2020-12-23T01:39:00.762-0400][gc,phases      ] GC(369359)   Evacuate Collection Set: 3.7ms
[2020-12-23T01:39:00.762-0400][gc,phases      ] GC(369359)   Post Evacuate Collection Set: 1.9ms
[2020-12-23T01:39:00.763-0400][gc,phases      ] GC(369359)   Other: 1.1ms
[2020-12-23T01:39:00.763-0400][gc,heap        ] GC(369359) Eden regions: 11->0(10)
[2020-12-23T01:39:00.763-0400][gc,heap        ] GC(369359) Survivor regions: 1->1(2)
[2020-12-23T01:39:00.763-0400][gc,heap        ] GC(369359) Old regions: 47->47
[2020-12-23T01:39:00.763-0400][gc,heap        ] GC(369359) Humongous regions: 4->4
[2020-12-23T01:39:00.763-0400][gc,metaspace   ] GC(369359) Metaspace: 61008K->61008K(1107968K)
[2020-12-23T01:39:00.763-0400][gc,heap        ] GC(369359) Heap after GC invocations=369336 (full 10699): garbage-first heap   total 73728K, used 49018K [0x0000000083000000, 0x0000000100000000)
[2020-12-23T01:39:00.763-0400][gc,heap        ] GC(369359)   region size 1024K, 1 young (1024K), 1 survivors (1024K)
[2020-12-23T01:39:00.763-0400][gc,heap        ] GC(369359)  Metaspace       used 61008K, capacity 63733K, committed 64768K, reserved 1107968K
[2020-12-23T01:39:00.763-0400][gc,heap        ] GC(369359)   class space    used 5714K, capacity 6561K, committed 6912K, reserved 1048576K
[2020-12-23T01:39:00.763-0400][gc             ] GC(369359) Pause Young (Normal) (G1 Evacuation Pause) 58M->47M(72M) 6.932ms
[2020-12-23T01:39:00.763-0400][gc,cpu         ] GC(369359) User=0.02s Sys=0.00s Real=0.00s
[2020-12-23T01:39:33.876-0400][gc,heap        ] GC(369360) Heap before GC invocations=369336 (full 10699): garbage-first heap   total 73728K, used 58234K [0x0000000083000000, 0x0000000100000000)
[2020-12-23T01:39:33.876-0400][gc,heap        ] GC(369360)   region size 1024K, 11 young (11264K), 1 survivors (1024K)
[2020-12-23T01:39:33.876-0400][gc,heap        ] GC(369360)  Metaspace       used 61008K, capacity 63733K, committed 64768K, reserved 1107968K
[2020-12-23T01:39:33.876-0400][gc,heap        ] GC(369360)   class space    used 5714K, capacity 6561K, committed 6912K, reserved 1048576K
[2020-12-23T01:39:33.876-0400][gc,start       ] GC(369360) Pause Young (Normal) (G1 Evacuation Pause)
[2020-12-23T01:39:33.876-0400][gc,task        ] GC(369360) Using 4 workers of 4 for evacuation
[2020-12-23T01:39:33.882-0400][gc,phases      ] GC(369360)   Pre Evacuate Collection Set: 0.0ms
[2020-12-23T01:39:33.882-0400][gc,phases      ] GC(369360)   Evacuate Collection Set: 3.6ms
[2020-12-23T01:39:33.882-0400][gc,phases      ] GC(369360)   Post Evacuate Collection Set: 1.5ms
[2020-12-23T01:39:33.882-0400][gc,phases      ] GC(369360)   Other: 0.8ms
[2020-12-23T01:39:33.882-0400][gc,heap        ] GC(369360) Eden regions: 10->0(10)
[2020-12-23T01:39:33.882-0400][gc,heap        ] GC(369360) Survivor regions: 1->1(2)
[2020-12-23T01:39:33.882-0400][gc,heap        ] GC(369360) Old regions: 47->47
[2020-12-23T01:39:33.882-0400][gc,heap        ] GC(369360) Humongous regions: 4->4
[2020-12-23T01:39:33.882-0400][gc,metaspace   ] GC(369360) Metaspace: 61008K->61008K(1107968K)
[2020-12-23T01:39:33.882-0400][gc,heap        ] GC(369360) Heap after GC invocations=369337 (full 10699): garbage-first heap   total 73728K, used 48993K [0x0000000083000000, 0x0000000100000000)
[2020-12-23T01:39:33.882-0400][gc,heap        ] GC(369360)   region size 1024K, 1 young (1024K), 1 survivors (1024K)
[2020-12-23T01:39:33.883-0400][gc,heap        ] GC(369360)  Metaspace       used 61008K, capacity 63733K, committed 64768K, reserved 1107968K
[2020-12-23T01:39:33.883-0400][gc,heap        ] GC(369360)   class space    used 5714K, capacity 6561K, committed 6912K, reserved 1048576K
[2020-12-23T01:39:33.883-0400][gc             ] GC(369360) Pause Young (Normal) (G1 Evacuation Pause) 57M->47M(72M) 6.440ms
[2020-12-23T01:39:33.883-0400][gc,cpu         ] GC(369360) User=0.00s Sys=0.01s Real=0.00s
[2020-12-23T01:40:01.300-0400][gc,heap        ] GC(369361) Heap before GC invocations=369337 (full 10699): garbage-first heap   total 73728K, used 58209K [0x0000000083000000, 0x0000000100000000)
[2020-12-23T01:40:01.300-0400][gc,heap        ] GC(369361)   region size 1024K, 11 young (11264K), 1 survivors (1024K)
[2020-12-23T01:40:01.300-0400][gc,heap        ] GC(369361)  Metaspace       used 61008K, capacity 63733K, committed 64768K, reserved 1107968K
[2020-12-23T01:40:01.300-0400][gc,heap        ] GC(369361)   class space    used 5714K, capacity 6561K, committed 6912K, reserved 1048576K
[2020-12-23T01:40:01.300-0400][gc,start       ] GC(369361) Pause Young (Normal) (G1 Evacuation Pause)
[2020-12-23T01:40:01.300-0400][gc,task        ] GC(369361) Using 4 workers of 4 for evacuation
[2020-12-23T01:40:01.306-0400][gc,phases      ] GC(369361)   Pre Evacuate Collection Set: 0.0ms
[2020-12-23T01:40:01.306-0400][gc,phases      ] GC(369361)   Evacuate Collection Set: 3.9ms
[2020-12-23T01:40:01.306-0400][gc,phases      ] GC(369361)   Post Evacuate Collection Set: 1.6ms
[2020-12-23T01:40:01.307-0400][gc,phases      ] GC(369361)   Other: 0.9ms
[2020-12-23T01:40:01.307-0400][gc,heap        ] GC(369361) Eden regions: 10->0(10)
[2020-12-23T01:40:01.307-0400][gc,heap        ] GC(369361) Survivor regions: 1->1(2)
[2020-12-23T01:40:01.307-0400][gc,heap        ] GC(369361) Old regions: 47->47
[2020-12-23T01:40:01.307-0400][gc,heap        ] GC(369361) Humongous regions: 4->4
[2020-12-23T01:40:01.307-0400][gc,metaspace   ] GC(369361) Metaspace: 61008K->61008K(1107968K)
[2020-12-23T01:40:01.307-0400][gc,heap        ] GC(369361) Heap after GC invocations=369338 (full 10699): garbage-first heap   total 73728K, used 49086K [0x0000000083000000, 0x0000000100000000)
[2020-12-23T01:40:01.307-0400][gc,heap        ] GC(369361)   region size 1024K, 1 young (1024K), 1 survivors (1024K)
[2020-12-23T01:40:01.307-0400][gc,heap        ] GC(369361)  Metaspace       used 61008K, capacity 63733K, committed 64768K, reserved 1107968K
[2020-12-23T01:40:01.307-0400][gc,heap        ] GC(369361)   class space    used 5714K, capacity 6561K, committed 6912K, reserved 1048576K
[2020-12-23T01:40:01.307-0400][gc             ] GC(369361) Pause Young (Normal) (G1 Evacuation Pause) 57M->47M(72M) 6.767ms
[2020-12-23T01:40:01.307-0400][gc,cpu         ] GC(369361) User=0.02s Sys=0.00s Real=0.01s
[2020-12-23T01:40:36.027-0400][gc,heap        ] GC(369362) Heap before GC invocations=369338 (full 10699): garbage-first heap   total 73728K, used 58302K [0x0000000083000000, 0x0000000100000000)
[2020-12-23T01:40:36.027-0400][gc,heap        ] GC(369362)   region size 1024K, 11 young (11264K), 1 survivors (1024K)
[2020-12-23T01:40:36.027-0400][gc,heap        ] GC(369362)  Metaspace       used 61008K, capacity 63733K, committed 64768K, reserved 1107968K
[2020-12-23T01:40:36.027-0400][gc,heap        ] GC(369362)   class space    used 5714K, capacity 6561K, committed 6912K, reserved 1048576K
[2020-12-23T01:40:36.027-0400][gc,start       ] GC(369362) Pause Young (Normal) (G1 Evacuation Pause)
[2020-12-23T01:40:36.027-0400][gc,task        ] GC(369362) Using 4 workers of 4 for evacuation
[2020-12-23T01:40:36.033-0400][gc,phases      ] GC(369362)   Pre Evacuate Collection Set: 0.0ms
[2020-12-23T01:40:36.033-0400][gc,phases      ] GC(369362)   Evacuate Collection Set: 3.6ms
[2020-12-23T01:40:36.033-0400][gc,phases      ] GC(369362)   Post Evacuate Collection Set: 1.5ms
[2020-12-23T01:40:36.033-0400][gc,phases      ] GC(369362)   Other: 0.8ms
[2020-12-23T01:40:36.033-0400][gc,heap        ] GC(369362) Eden regions: 10->0(10)
[2020-12-23T01:40:36.033-0400][gc,heap        ] GC(369362) Survivor regions: 1->1(2)
[2020-12-23T01:40:36.033-0400][gc,heap        ] GC(369362) Old regions: 47->47
[2020-12-23T01:40:36.033-0400][gc,heap        ] GC(369362) Humongous regions: 4->4
[2020-12-23T01:40:36.033-0400][gc,metaspace   ] GC(369362) Metaspace: 61008K->61008K(1107968K)
[2020-12-23T01:40:36.033-0400][gc,heap        ] GC(369362) Heap after GC invocations=369339 (full 10699): garbage-first heap   total 73728K, used 48978K [0x0000000083000000, 0x0000000100000000)
[2020-12-23T01:40:36.033-0400][gc,heap        ] GC(369362)   region size 1024K, 1 young (1024K), 1 survivors (1024K)
[2020-12-23T01:40:36.033-0400][gc,heap        ] GC(369362)  Metaspace       used 61008K, capacity 63733K, committed 64768K, reserved 1107968K
[2020-12-23T01:40:36.033-0400][gc,heap        ] GC(369362)   class space    used 5714K, capacity 6561K, committed 6912K, reserved 1048576K
[2020-12-23T01:40:36.033-0400][gc             ] GC(369362) Pause Young (Normal) (G1 Evacuation Pause) 57M->47M(72M) 6.439ms
[2020-12-23T01:40:36.034-0400][gc,cpu         ] GC(369362) User=0.02s Sys=0.01s Real=0.00s
[2020-12-23T01:40:59.425-0400][gc,heap        ] GC(369363) Heap before GC invocations=369339 (full 10699): garbage-first heap   total 73728K, used 58194K [0x0000000083000000, 0x0000000100000000)
[2020-12-23T01:40:59.425-0400][gc,heap        ] GC(369363)   region size 1024K, 11 young (11264K), 1 survivors (1024K)
[2020-12-23T01:40:59.425-0400][gc,heap        ] GC(369363)  Metaspace       used 61008K, capacity 63733K, committed 64768K, reserved 1107968K
[2020-12-23T01:40:59.425-0400][gc,heap        ] GC(369363)   class space    used 5714K, capacity 6561K, committed 6912K, reserved 1048576K
[2020-12-23T01:40:59.425-0400][gc,start       ] GC(369363) Pause Young (Normal) (G1 Evacuation Pause)
[2020-12-23T01:40:59.426-0400][gc,task        ] GC(369363) Using 4 workers of 4 for evacuation
[2020-12-23T01:40:59.431-0400][gc,phases      ] GC(369363)   Pre Evacuate Collection Set: 0.0ms
[2020-12-23T01:40:59.431-0400][gc,phases      ] GC(369363)   Evacuate Collection Set: 3.8ms
[2020-12-23T01:40:59.431-0400][gc,phases      ] GC(369363)   Post Evacuate Collection Set: 1.4ms
[2020-12-23T01:40:59.432-0400][gc,phases      ] GC(369363)   Other: 0.9ms
[2020-12-23T01:40:59.432-0400][gc,heap        ] GC(369363) Eden regions: 10->0(10)
[2020-12-23T01:40:59.432-0400][gc,heap        ] GC(369363) Survivor regions: 1->1(2)
[2020-12-23T01:40:59.432-0400][gc,heap        ] GC(369363) Old regions: 47->47
[2020-12-23T01:40:59.432-0400][gc,heap        ] GC(369363) Humongous regions: 4->4
[2020-12-23T01:40:59.432-0400][gc,metaspace   ] GC(369363) Metaspace: 61008K->61008K(1107968K)
[2020-12-23T01:40:59.432-0400][gc,heap        ] GC(369363) Heap after GC invocations=369340 (full 10699): garbage-first heap   total 73728K, used 49009K [0x0000000083000000, 0x0000000100000000)
[2020-12-23T01:40:59.432-0400][gc,heap        ] GC(369363)   region size 1024K, 1 young (1024K), 1 survivors (1024K)
[2020-12-23T01:40:59.432-0400][gc,heap        ] GC(369363)  Metaspace       used 61008K, capacity 63733K, committed 64768K, reserved 1107968K
[2020-12-23T01:40:59.432-0400][gc,heap        ] GC(369363)   class space    used 5714K, capacity 6561K, committed 6912K, reserved 1048576K
[2020-12-23T01:40:59.432-0400][gc             ] GC(369363) Pause Young (Normal) (G1 Evacuation Pause) 57M->47M(72M) 6.610ms
[2020-12-23T01:40:59.432-0400][gc,cpu         ] GC(369363) User=0.02s Sys=0.00s Real=0.01s
[2020-12-23T01:41:29.933-0400][gc,heap        ] GC(369364) Heap before GC invocations=369340 (full 10699): garbage-first heap   total 73728K, used 58225K [0x0000000083000000, 0x0000000100000000)
[2020-12-23T01:41:29.933-0400][gc,heap        ] GC(369364)   region size 1024K, 11 young (11264K), 1 survivors (1024K)
[2020-12-23T01:41:29.933-0400][gc,heap        ] GC(369364)  Metaspace       used 61008K, capacity 63733K, committed 64768K, reserved 1107968K
[2020-12-23T01:41:29.933-0400][gc,heap        ] GC(369364)   class space    used 5714K, capacity 6561K, committed 6912K, reserved 1048576K
[2020-12-23T01:41:29.934-0400][gc,start       ] GC(369364) Pause Young (Normal) (G1 Evacuation Pause)
[2020-12-23T01:41:29.934-0400][gc,task        ] GC(369364) Using 4 workers of 4 for evacuation
[2020-12-23T01:41:29.940-0400][gc,phases      ] GC(369364)   Pre Evacuate Collection Set: 0.0ms
[2020-12-23T01:41:29.940-0400][gc,phases      ] GC(369364)   Evacuate Collection Set: 3.9ms
[2020-12-23T01:41:29.940-0400][gc,phases      ] GC(369364)   Post Evacuate Collection Set: 1.7ms
[2020-12-23T01:41:29.940-0400][gc,phases      ] GC(369364)   Other: 1.0ms
[2020-12-23T01:41:29.940-0400][gc,heap        ] GC(369364) Eden regions: 10->0(10)
[2020-12-23T01:41:29.940-0400][gc,heap        ] GC(369364) Survivor regions: 1->1(2)
[2020-12-23T01:41:29.940-0400][gc,heap        ] GC(369364) Old regions: 47->47
[2020-12-23T01:41:29.940-0400][gc,heap        ] GC(369364) Humongous regions: 4->4
[2020-12-23T01:41:29.940-0400][gc,metaspace   ] GC(369364) Metaspace: 61008K->61008K(1107968K)
[2020-12-23T01:41:29.940-0400][gc,heap        ] GC(369364) Heap after GC invocations=369341 (full 10699): garbage-first heap   total 73728K, used 49100K [0x0000000083000000, 0x0000000100000000)
[2020-12-23T01:41:29.940-0400][gc,heap        ] GC(369364)   region size 1024K, 1 young (1024K), 1 survivors (1024K)
[2020-12-23T01:41:29.940-0400][gc,heap        ] GC(369364)  Metaspace       used 61008K, capacity 63733K, committed 64768K, reserved 1107968K
[2020-12-23T01:41:29.940-0400][gc,heap        ] GC(369364)   class space    used 5714K, capacity 6561K, committed 6912K, reserved 1048576K
[2020-12-23T01:41:29.940-0400][gc             ] GC(369364) Pause Young (Normal) (G1 Evacuation Pause) 57M->47M(72M) 6.913ms
[2020-12-23T01:41:29.941-0400][gc,cpu         ] GC(369364) User=0.02s Sys=0.00s Real=0.01s
[2020-12-23T01:41:50.924-0400][gc,task        ] GC(369365) Using 3 workers of 4 for full compaction
[2020-12-23T01:41:50.924-0400][gc,start       ] GC(369365) Pause Full (System.gc())
[2020-12-23T01:41:50.924-0400][gc,heap        ] GC(369365) Heap before GC invocations=369341 (full 10699): garbage-first heap   total 73728K, used 57292K [0x0000000083000000, 0x0000000100000000)
[2020-12-23T01:41:50.924-0400][gc,heap        ] GC(369365)   region size 1024K, 11 young (11264K), 1 survivors (1024K)
[2020-12-23T01:41:50.925-0400][gc,heap        ] GC(369365)  Metaspace       used 61008K, capacity 63733K, committed 64768K, reserved 1107968K
[2020-12-23T01:41:50.925-0400][gc,heap        ] GC(369365)   class space    used 5714K, capacity 6561K, committed 6912K, reserved 1048576K
[2020-12-23T01:41:50.928-0400][gc,phases,start] GC(369365) Phase 1: Mark live objects
[2020-12-23T01:41:51.078-0400][gc,stringtable ] GC(369365) Cleaned string and symbol table, strings: 32200 processed, 0 removed, symbols: 131455 processed, 0 removed
[2020-12-23T01:41:51.078-0400][gc,phases      ] GC(369365) Phase 1: Mark live objects 150.304ms
[2020-12-23T01:41:51.078-0400][gc,phases,start] GC(369365) Phase 2: Prepare for compaction
[2020-12-23T01:41:51.108-0400][gc,phases      ] GC(369365) Phase 2: Prepare for compaction 29.894ms
[2020-12-23T01:41:51.108-0400][gc,phases,start] GC(369365) Phase 3: Adjust pointers
[2020-12-23T01:41:51.187-0400][gc,phases      ] GC(369365) Phase 3: Adjust pointers 78.701ms
[2020-12-23T01:41:51.187-0400][gc,phases,start] GC(369365) Phase 4: Compact heap
[2020-12-23T01:41:51.210-0400][gc,phases      ] GC(369365) Phase 4: Compact heap 22.767ms
[2020-12-23T01:41:51.245-0400][gc,heap        ] GC(369365) Eden regions: 10->0(11)
[2020-12-23T01:41:51.246-0400][gc,heap        ] GC(369365) Survivor regions: 1->0(2)
[2020-12-23T01:41:51.246-0400][gc,heap        ] GC(369365) Old regions: 47->47
[2020-12-23T01:41:51.246-0400][gc,heap        ] GC(369365) Humongous regions: 4->4
[2020-12-23T01:41:51.246-0400][gc,metaspace   ] GC(369365) Metaspace: 61008K->61008K(1107968K)
[2020-12-23T01:41:51.246-0400][gc,heap        ] GC(369365) Heap after GC invocations=369342 (full 10700): garbage-first heap   total 73728K, used 48610K [0x0000000083000000, 0x0000000100000000)
[2020-12-23T01:41:51.246-0400][gc,heap        ] GC(369365)   region size 1024K, 0 young (0K), 0 survivors (0K)
[2020-12-23T01:41:51.246-0400][gc,heap        ] GC(369365)  Metaspace       used 61008K, capacity 63733K, committed 64768K, reserved 1107968K
[2020-12-23T01:41:51.246-0400][gc,heap        ] GC(369365)   class space    used 5714K, capacity 6561K, committed 6912K, reserved 1048576K
[2020-12-23T01:41:51.246-0400][gc             ] GC(369365) Pause Full (System.gc()) 57M->47M(72M) 321.787ms
[2020-12-23T01:41:51.247-0400][gc,cpu         ] GC(369365) User=0.87s Sys=0.00s Real=0.33s
[2020-12-23T01:42:13.894-0400][gc,heap        ] GC(369366) Heap before GC invocations=369342 (full 10700): garbage-first heap   total 73728K, used 59874K [0x0000000083000000, 0x0000000100000000)
[2020-12-23T01:42:13.894-0400][gc,heap        ] GC(369366)   region size 1024K, 11 young (11264K), 0 survivors (0K)
[2020-12-23T01:42:13.894-0400][gc,heap        ] GC(369366)  Metaspace       used 61008K, capacity 63733K, committed 64768K, reserved 1107968K
[2020-12-23T01:42:13.894-0400][gc,heap        ] GC(369366)   class space    used 5714K, capacity 6561K, committed 6912K, reserved 1048576K
[2020-12-23T01:42:13.894-0400][gc,start       ] GC(369366) Pause Young (Normal) (G1 Evacuation Pause)
[2020-12-23T01:42:13.894-0400][gc,task        ] GC(369366) Using 4 workers of 4 for evacuation
[2020-12-23T01:42:13.900-0400][gc,phases      ] GC(369366)   Pre Evacuate Collection Set: 0.1ms
[2020-12-23T01:42:13.900-0400][gc,phases      ] GC(369366)   Evacuate Collection Set: 2.8ms
[2020-12-23T01:42:13.900-0400][gc,phases      ] GC(369366)   Post Evacuate Collection Set: 2.0ms
[2020-12-23T01:42:13.900-0400][gc,phases      ] GC(369366)   Other: 1.0ms
[2020-12-23T01:42:13.900-0400][gc,heap        ] GC(369366) Eden regions: 11->0(10)
[2020-12-23T01:42:13.900-0400][gc,heap        ] GC(369366) Survivor regions: 0->1(2)
[2020-12-23T01:42:13.900-0400][gc,heap        ] GC(369366) Old regions: 47->47
[2020-12-23T01:42:13.900-0400][gc,heap        ] GC(369366) Humongous regions: 4->4
[2020-12-23T01:42:13.900-0400][gc,metaspace   ] GC(369366) Metaspace: 61008K->61008K(1107968K)
[2020-12-23T01:42:13.900-0400][gc,heap        ] GC(369366) Heap after GC invocations=369343 (full 10700): garbage-first heap   total 73728K, used 48916K [0x0000000083000000, 0x0000000100000000)
[2020-12-23T01:42:13.900-0400][gc,heap        ] GC(369366)   region size 1024K, 1 young (1024K), 1 survivors (1024K)
[2020-12-23T01:42:13.900-0400][gc,heap        ] GC(369366)  Metaspace       used 61008K, capacity 63733K, committed 64768K, reserved 1107968K
[2020-12-23T01:42:13.900-0400][gc,heap        ] GC(369366)   class space    used 5714K, capacity 6561K, committed 6912K, reserved 1048576K
[2020-12-23T01:42:13.901-0400][gc             ] GC(369366) Pause Young (Normal) (G1 Evacuation Pause) 58M->47M(72M) 6.266ms
[2020-12-23T01:42:13.901-0400][gc,cpu         ] GC(369366) User=0.01s Sys=0.01s Real=0.01s
[2020-12-23T01:42:53.890-0400][gc,heap        ] GC(369367) Heap before GC invocations=369343 (full 10700): garbage-first heap   total 73728K, used 58132K [0x0000000083000000, 0x0000000100000000)
[2020-12-23T01:42:53.891-0400][gc,heap        ] GC(369367)   region size 1024K, 11 young (11264K), 1 survivors (1024K)
[2020-12-23T01:42:53.891-0400][gc,heap        ] GC(369367)  Metaspace       used 61008K, capacity 63733K, committed 64768K, reserved 1107968K
[2020-12-23T01:42:53.891-0400][gc,heap        ] GC(369367)   class space    used 5714K, capacity 6561K, committed 6912K, reserved 1048576K
[2020-12-23T01:42:53.891-0400][gc,start       ] GC(369367) Pause Young (Normal) (G1 Evacuation Pause)
[2020-12-23T01:42:53.891-0400][gc,task        ] GC(369367) Using 4 workers of 4 for evacuation
[2020-12-23T01:42:53.896-0400][gc,phases      ] GC(369367)   Pre Evacuate Collection Set: 0.0ms
[2020-12-23T01:42:53.896-0400][gc,phases      ] GC(369367)   Evacuate Collection Set: 2.9ms
[2020-12-23T01:42:53.896-0400][gc,phases      ] GC(369367)   Post Evacuate Collection Set: 1.8ms
[2020-12-23T01:42:53.896-0400][gc,phases      ] GC(369367)   Other: 0.9ms
[2020-12-23T01:42:53.896-0400][gc,heap        ] GC(369367) Eden regions: 10->0(10)
[2020-12-23T01:42:53.896-0400][gc,heap        ] GC(369367) Survivor regions: 1->1(2)
[2020-12-23T01:42:53.897-0400][gc,heap        ] GC(369367) Old regions: 47->47
[2020-12-23T01:42:53.897-0400][gc,heap        ] GC(369367) Humongous regions: 4->4
[2020-12-23T01:42:53.897-0400][gc,metaspace   ] GC(369367) Metaspace: 61008K->61008K(1107968K)
[2020-12-23T01:42:53.897-0400][gc,heap        ] GC(369367) Heap after GC invocations=369344 (full 10700): garbage-first heap   total 73728K, used 48896K [0x0000000083000000, 0x0000000100000000)
[2020-12-23T01:42:53.897-0400][gc,heap        ] GC(369367)   region size 1024K, 1 young (1024K), 1 survivors (1024K)
[2020-12-23T01:42:53.897-0400][gc,heap        ] GC(369367)  Metaspace       used 61008K, capacity 63733K, committed 64768K, reserved 1107968K
[2020-12-23T01:42:53.897-0400][gc,heap        ] GC(369367)   class space    used 5714K, capacity 6561K, committed 6912K, reserved 1048576K
[2020-12-23T01:42:53.897-0400][gc             ] GC(369367) Pause Young (Normal) (G1 Evacuation Pause) 57M->47M(72M) 6.009ms
[2020-12-23T01:42:53.897-0400][gc,cpu         ] GC(369367) User=0.01s Sys=0.01s Real=0.01s
[2020-12-23T01:43:30.045-0400][gc,heap        ] GC(369368) Heap before GC invocations=369344 (full 10700): garbage-first heap   total 73728K, used 59136K [0x0000000083000000, 0x0000000100000000)
[2020-12-23T01:43:30.045-0400][gc,heap        ] GC(369368)   region size 1024K, 11 young (11264K), 1 survivors (1024K)
[2020-12-23T01:43:30.045-0400][gc,heap        ] GC(369368)  Metaspace       used 61008K, capacity 63733K, committed 64768K, reserved 1107968K
[2020-12-23T01:43:30.045-0400][gc,heap        ] GC(369368)   class space    used 5714K, capacity 6561K, committed 6912K, reserved 1048576K
[2020-12-23T01:43:30.045-0400][gc,start       ] GC(369368) Pause Young (Normal) (G1 Evacuation Pause)
[2020-12-23T01:43:30.045-0400][gc,task        ] GC(369368) Using 4 workers of 4 for evacuation
[2020-12-23T01:43:30.051-0400][gc,phases      ] GC(369368)   Pre Evacuate Collection Set: 0.0ms
[2020-12-23T01:43:30.051-0400][gc,phases      ] GC(369368)   Evacuate Collection Set: 3.4ms
[2020-12-23T01:43:30.051-0400][gc,phases      ] GC(369368)   Post Evacuate Collection Set: 1.6ms
[2020-12-23T01:43:30.051-0400][gc,phases      ] GC(369368)   Other: 0.8ms
[2020-12-23T01:43:30.051-0400][gc,heap        ] GC(369368) Eden regions: 10->0(10)
[2020-12-23T01:43:30.051-0400][gc,heap        ] GC(369368) Survivor regions: 1->1(2)
[2020-12-23T01:43:30.051-0400][gc,heap        ] GC(369368) Old regions: 47->47
[2020-12-23T01:43:30.051-0400][gc,heap        ] GC(369368) Humongous regions: 4->4
[2020-12-23T01:43:30.051-0400][gc,metaspace   ] GC(369368) Metaspace: 61008K->61008K(1107968K)
[2020-12-23T01:43:30.051-0400][gc,heap        ] GC(369368) Heap after GC invocations=369345 (full 10700): garbage-first heap   total 73728K, used 48979K [0x0000000083000000, 0x0000000100000000)
[2020-12-23T01:43:30.051-0400][gc,heap        ] GC(369368)   region size 1024K, 1 young (1024K), 1 survivors (1024K)
[2020-12-23T01:43:30.051-0400][gc,heap        ] GC(369368)  Metaspace       used 61008K, capacity 63733K, committed 64768K, reserved 1107968K
[2020-12-23T01:43:30.051-0400][gc,heap        ] GC(369368)   class space    used 5714K, capacity 6561K, committed 6912K, reserved 1048576K
[2020-12-23T01:43:30.051-0400][gc             ] GC(369368) Pause Young (Normal) (G1 Evacuation Pause) 57M->47M(72M) 6.256ms
[2020-12-23T01:43:30.051-0400][gc,cpu         ] GC(369368) User=0.01s Sys=0.00s Real=0.01s
[2020-12-23T01:44:03.715-0400][gc,heap        ] GC(369369) Heap before GC invocations=369345 (full 10700): garbage-first heap   total 73728K, used 58195K [0x0000000083000000, 0x0000000100000000)
[2020-12-23T01:44:03.715-0400][gc,heap        ] GC(369369)   region size 1024K, 11 young (11264K), 1 survivors (1024K)
[2020-12-23T01:44:03.715-0400][gc,heap        ] GC(369369)  Metaspace       used 61008K, capacity 63733K, committed 64768K, reserved 1107968K
[2020-12-23T01:44:03.715-0400][gc,heap        ] GC(369369)   class space    used 5714K, capacity 6561K, committed 6912K, reserved 1048576K
[2020-12-23T01:44:03.715-0400][gc,start       ] GC(369369) Pause Young (Normal) (G1 Evacuation Pause)
[2020-12-23T01:44:03.715-0400][gc,task        ] GC(369369) Using 4 workers of 4 for evacuation
[2020-12-23T01:44:03.721-0400][gc,phases      ] GC(369369)   Pre Evacuate Collection Set: 0.0ms
[2020-12-23T01:44:03.721-0400][gc,phases      ] GC(369369)   Evacuate Collection Set: 3.4ms
[2020-12-23T01:44:03.721-0400][gc,phases      ] GC(369369)   Post Evacuate Collection Set: 1.8ms
[2020-12-23T01:44:03.721-0400][gc,phases      ] GC(369369)   Other: 0.9ms
[2020-12-23T01:44:03.721-0400][gc,heap        ] GC(369369) Eden regions: 10->0(10)
[2020-12-23T01:44:03.721-0400][gc,heap        ] GC(369369) Survivor regions: 1->1(2)
[2020-12-23T01:44:03.721-0400][gc,heap        ] GC(369369) Old regions: 47->47
[2020-12-23T01:44:03.722-0400][gc,heap        ] GC(369369) Humongous regions: 4->4
[2020-12-23T01:44:03.722-0400][gc,metaspace   ] GC(369369) Metaspace: 61008K->61008K(1107968K)
[2020-12-23T01:44:03.722-0400][gc,heap        ] GC(369369) Heap after GC invocations=369346 (full 10700): garbage-first heap   total 73728K, used 49059K [0x0000000083000000, 0x0000000100000000)
[2020-12-23T01:44:03.722-0400][gc,heap        ] GC(369369)   region size 1024K, 1 young (1024K), 1 survivors (1024K)
[2020-12-23T01:44:03.722-0400][gc,heap        ] GC(369369)  Metaspace       used 61008K, capacity 63733K, committed 64768K, reserved 1107968K
[2020-12-23T01:44:03.722-0400][gc,heap        ] GC(369369)   class space    used 5714K, capacity 6561K, committed 6912K, reserved 1048576K
[2020-12-23T01:44:03.722-0400][gc             ] GC(369369) Pause Young (Normal) (G1 Evacuation Pause) 57M->47M(72M) 6.560ms
[2020-12-23T01:44:03.722-0400][gc,cpu         ] GC(369369) User=0.02s Sys=0.00s Real=0.01s
[2020-12-23T01:44:36.936-0400][gc,heap        ] GC(369370) Heap before GC invocations=369346 (full 10700): garbage-first heap   total 73728K, used 58275K [0x0000000083000000, 0x0000000100000000)
[2020-12-23T01:44:36.937-0400][gc,heap        ] GC(369370)   region size 1024K, 11 young (11264K), 1 survivors (1024K)
[2020-12-23T01:44:36.937-0400][gc,heap        ] GC(369370)  Metaspace       used 61008K, capacity 63733K, committed 64768K, reserved 1107968K
[2020-12-23T01:44:36.937-0400][gc,heap        ] GC(369370)   class space    used 5714K, capacity 6561K, committed 6912K, reserved 1048576K
[2020-12-23T01:44:36.937-0400][gc,start       ] GC(369370) Pause Young (Normal) (G1 Evacuation Pause)
[2020-12-23T01:44:36.937-0400][gc,task        ] GC(369370) Using 4 workers of 4 for evacuation
[2020-12-23T01:44:36.943-0400][gc,phases      ] GC(369370)   Pre Evacuate Collection Set: 0.0ms
[2020-12-23T01:44:36.943-0400][gc,phases      ] GC(369370)   Evacuate Collection Set: 3.4ms
[2020-12-23T01:44:36.943-0400][gc,phases      ] GC(369370)   Post Evacuate Collection Set: 2.0ms
[2020-12-23T01:44:36.943-0400][gc,phases      ] GC(369370)   Other: 1.0ms
[2020-12-23T01:44:36.943-0400][gc,heap        ] GC(369370) Eden regions: 10->0(10)
[2020-12-23T01:44:36.943-0400][gc,heap        ] GC(369370) Survivor regions: 1->1(2)
[2020-12-23T01:44:36.943-0400][gc,heap        ] GC(369370) Old regions: 47->47
[2020-12-23T01:44:36.943-0400][gc,heap        ] GC(369370) Humongous regions: 4->4
[2020-12-23T01:44:36.943-0400][gc,metaspace   ] GC(369370) Metaspace: 61008K->61008K(1107968K)
[2020-12-23T01:44:36.943-0400][gc,heap        ] GC(369370) Heap after GC invocations=369347 (full 10700): garbage-first heap   total 73728K, used 49064K [0x0000000083000000, 0x0000000100000000)
[2020-12-23T01:44:36.943-0400][gc,heap        ] GC(369370)   region size 1024K, 1 young (1024K), 1 survivors (1024K)
[2020-12-23T01:44:36.943-0400][gc,heap        ] GC(369370)  Metaspace       used 61008K, capacity 63733K, committed 64768K, reserved 1107968K
[2020-12-23T01:44:36.944-0400][gc,heap        ] GC(369370)   class space    used 5714K, capacity 6561K, committed 6912K, reserved 1048576K
[2020-12-23T01:44:36.944-0400][gc             ] GC(369370) Pause Young (Normal) (G1 Evacuation Pause) 57M->47M(72M) 6.784ms
[2020-12-23T01:44:36.944-0400][gc,cpu         ] GC(369370) User=0.01s Sys=0.01s Real=0.00s
[2020-12-23T01:45:04.311-0400][gc,heap        ] GC(369371) Heap before GC invocations=369347 (full 10700): garbage-first heap   total 73728K, used 58280K [0x0000000083000000, 0x0000000100000000)
[2020-12-23T01:45:04.311-0400][gc,heap        ] GC(369371)   region size 1024K, 11 young (11264K), 1 survivors (1024K)
[2020-12-23T01:45:04.311-0400][gc,heap        ] GC(369371)  Metaspace       used 61008K, capacity 63733K, committed 64768K, reserved 1107968K
[2020-12-23T01:45:04.311-0400][gc,heap        ] GC(369371)   class space    used 5714K, capacity 6561K, committed 6912K, reserved 1048576K
[2020-12-23T01:45:04.312-0400][gc,start       ] GC(369371) Pause Young (Normal) (G1 Evacuation Pause)
[2020-12-23T01:45:04.312-0400][gc,task        ] GC(369371) Using 4 workers of 4 for evacuation
[2020-12-23T01:45:04.320-0400][gc,phases      ] GC(369371)   Pre Evacuate Collection Set: 0.0ms
[2020-12-23T01:45:04.320-0400][gc,phases      ] GC(369371)   Evacuate Collection Set: 5.5ms
[2020-12-23T01:45:04.320-0400][gc,phases      ] GC(369371)   Post Evacuate Collection Set: 2.0ms
[2020-12-23T01:45:04.320-0400][gc,phases      ] GC(369371)   Other: 0.9ms
[2020-12-23T01:45:04.320-0400][gc,heap        ] GC(369371) Eden regions: 10->0(10)
[2020-12-23T01:45:04.320-0400][gc,heap        ] GC(369371) Survivor regions: 1->1(2)
[2020-12-23T01:45:04.320-0400][gc,heap        ] GC(369371) Old regions: 47->47
[2020-12-23T01:45:04.320-0400][gc,heap        ] GC(369371) Humongous regions: 4->4
[2020-12-23T01:45:04.320-0400][gc,metaspace   ] GC(369371) Metaspace: 61008K->61008K(1107968K)
[2020-12-23T01:45:04.320-0400][gc,heap        ] GC(369371) Heap after GC invocations=369348 (full 10700): garbage-first heap   total 73728K, used 49128K [0x0000000083000000, 0x0000000100000000)
[2020-12-23T01:45:04.320-0400][gc,heap        ] GC(369371)   region size 1024K, 1 young (1024K), 1 survivors (1024K)
[2020-12-23T01:45:04.320-0400][gc,heap        ] GC(369371)  Metaspace       used 61008K, capacity 63733K, committed 64768K, reserved 1107968K
[2020-12-23T01:45:04.320-0400][gc,heap        ] GC(369371)   class space    used 5714K, capacity 6561K, committed 6912K, reserved 1048576K
[2020-12-23T01:45:04.320-0400][gc             ] GC(369371) Pause Young (Normal) (G1 Evacuation Pause) 57M->47M(72M) 8.815ms
[2020-12-23T01:45:04.321-0400][gc,cpu         ] GC(369371) User=0.02s Sys=0.00s Real=0.01s
[2020-12-23T01:45:23.877-0400][gc,heap        ] GC(369372) Heap before GC invocations=369348 (full 10700): garbage-first heap   total 73728K, used 58344K [0x0000000083000000, 0x0000000100000000)
[2020-12-23T01:45:23.877-0400][gc,heap        ] GC(369372)   region size 1024K, 11 young (11264K), 1 survivors (1024K)
[2020-12-23T01:45:23.877-0400][gc,heap        ] GC(369372)  Metaspace       used 61008K, capacity 63733K, committed 64768K, reserved 1107968K
[2020-12-23T01:45:23.877-0400][gc,heap        ] GC(369372)   class space    used 5714K, capacity 6561K, committed 6912K, reserved 1048576K
[2020-12-23T01:45:23.877-0400][gc,start       ] GC(369372) Pause Young (Normal) (G1 Evacuation Pause)
[2020-12-23T01:45:23.877-0400][gc,task        ] GC(369372) Using 4 workers of 4 for evacuation
[2020-12-23T01:45:23.883-0400][gc,phases      ] GC(369372)   Pre Evacuate Collection Set: 0.0ms
[2020-12-23T01:45:23.883-0400][gc,phases      ] GC(369372)   Evacuate Collection Set: 3.5ms
[2020-12-23T01:45:23.883-0400][gc,phases      ] GC(369372)   Post Evacuate Collection Set: 1.4ms
[2020-12-23T01:45:23.883-0400][gc,phases      ] GC(369372)   Other: 0.8ms
[2020-12-23T01:45:23.883-0400][gc,heap        ] GC(369372) Eden regions: 10->0(10)
[2020-12-23T01:45:23.883-0400][gc,heap        ] GC(369372) Survivor regions: 1->1(2)
[2020-12-23T01:45:23.883-0400][gc,heap        ] GC(369372) Old regions: 47->47
[2020-12-23T01:45:23.883-0400][gc,heap        ] GC(369372) Humongous regions: 4->4
[2020-12-23T01:45:23.883-0400][gc,metaspace   ] GC(369372) Metaspace: 61008K->61008K(1107968K)
[2020-12-23T01:45:23.883-0400][gc,heap        ] GC(369372) Heap after GC invocations=369349 (full 10700): garbage-first heap   total 73728K, used 49060K [0x0000000083000000, 0x0000000100000000)
[2020-12-23T01:45:23.883-0400][gc,heap        ] GC(369372)   region size 1024K, 1 young (1024K), 1 survivors (1024K)
[2020-12-23T01:45:23.883-0400][gc,heap        ] GC(369372)  Metaspace       used 61008K, capacity 63733K, committed 64768K, reserved 1107968K
[2020-12-23T01:45:23.883-0400][gc,heap        ] GC(369372)   class space    used 5714K, capacity 6561K, committed 6912K, reserved 1048576K
[2020-12-23T01:45:23.883-0400][gc             ] GC(369372) Pause Young (Normal) (G1 Evacuation Pause) 57M->47M(72M) 6.190ms
[2020-12-23T01:45:23.883-0400][gc,cpu         ] GC(369372) User=0.01s Sys=0.00s Real=0.00s
[2020-12-23T01:46:03.079-0400][gc,heap        ] GC(369373) Heap before GC invocations=369349 (full 10700): garbage-first heap   total 73728K, used 58276K [0x0000000083000000, 0x0000000100000000)
[2020-12-23T01:46:03.080-0400][gc,heap        ] GC(369373)   region size 1024K, 11 young (11264K), 1 survivors (1024K)
[2020-12-23T01:46:03.080-0400][gc,heap        ] GC(369373)  Metaspace       used 61008K, capacity 63733K, committed 64768K, reserved 1107968K
[2020-12-23T01:46:03.080-0400][gc,heap        ] GC(369373)   class space    used 5714K, capacity 6561K, committed 6912K, reserved 1048576K
[2020-12-23T01:46:03.080-0400][gc,start       ] GC(369373) Pause Young (Normal) (G1 Evacuation Pause)
[2020-12-23T01:46:03.080-0400][gc,task        ] GC(369373) Using 4 workers of 4 for evacuation
[2020-12-23T01:46:03.086-0400][gc,phases      ] GC(369373)   Pre Evacuate Collection Set: 0.0ms
[2020-12-23T01:46:03.086-0400][gc,phases      ] GC(369373)   Evacuate Collection Set: 3.9ms
[2020-12-23T01:46:03.086-0400][gc,phases      ] GC(369373)   Post Evacuate Collection Set: 1.6ms
[2020-12-23T01:46:03.086-0400][gc,phases      ] GC(369373)   Other: 0.9ms
[2020-12-23T01:46:03.086-0400][gc,heap        ] GC(369373) Eden regions: 10->0(10)
[2020-12-23T01:46:03.086-0400][gc,heap        ] GC(369373) Survivor regions: 1->1(2)
[2020-12-23T01:46:03.086-0400][gc,heap        ] GC(369373) Old regions: 47->47
[2020-12-23T01:46:03.086-0400][gc,heap        ] GC(369373) Humongous regions: 4->4
[2020-12-23T01:46:03.086-0400][gc,metaspace   ] GC(369373) Metaspace: 61008K->61008K(1107968K)
[2020-12-23T01:46:03.086-0400][gc,heap        ] GC(369373) Heap after GC invocations=369350 (full 10700): garbage-first heap   total 73728K, used 49128K [0x0000000083000000, 0x0000000100000000)
[2020-12-23T01:46:03.086-0400][gc,heap        ] GC(369373)   region size 1024K, 1 young (1024K), 1 survivors (1024K)
[2020-12-23T01:46:03.086-0400][gc,heap        ] GC(369373)  Metaspace       used 61008K, capacity 63733K, committed 64768K, reserved 1107968K
[2020-12-23T01:46:03.086-0400][gc,heap        ] GC(369373)   class space    used 5714K, capacity 6561K, committed 6912K, reserved 1048576K
[2020-12-23T01:46:03.087-0400][gc             ] GC(369373) Pause Young (Normal) (G1 Evacuation Pause) 57M->47M(72M) 6.712ms
[2020-12-23T01:46:03.087-0400][gc,cpu         ] GC(369373) User=0.01s Sys=0.01s Real=0.01s
[2020-12-23T01:46:21.099-0400][gc,heap        ] GC(369374) Heap before GC invocations=369350 (full 10700): garbage-first heap   total 73728K, used 58344K [0x0000000083000000, 0x0000000100000000)
[2020-12-23T01:46:21.099-0400][gc,heap        ] GC(369374)   region size 1024K, 11 young (11264K), 1 survivors (1024K)
[2020-12-23T01:46:21.099-0400][gc,heap        ] GC(369374)  Metaspace       used 61008K, capacity 63733K, committed 64768K, reserved 1107968K
[2020-12-23T01:46:21.099-0400][gc,heap        ] GC(369374)   class space    used 5714K, capacity 6561K, committed 6912K, reserved 1048576K
[2020-12-23T01:46:21.099-0400][gc,start       ] GC(369374) Pause Young (Normal) (G1 Evacuation Pause)
[2020-12-23T01:46:21.099-0400][gc,task        ] GC(369374) Using 4 workers of 4 for evacuation
[2020-12-23T01:46:21.105-0400][gc,phases      ] GC(369374)   Pre Evacuate Collection Set: 0.0ms
[2020-12-23T01:46:21.106-0400][gc,phases      ] GC(369374)   Evacuate Collection Set: 3.9ms
[2020-12-23T01:46:21.106-0400][gc,phases      ] GC(369374)   Post Evacuate Collection Set: 1.6ms
[2020-12-23T01:46:21.106-0400][gc,phases      ] GC(369374)   Other: 0.9ms
[2020-12-23T01:46:21.106-0400][gc,heap        ] GC(369374) Eden regions: 10->0(10)
[2020-12-23T01:46:21.106-0400][gc,heap        ] GC(369374) Survivor regions: 1->1(2)
[2020-12-23T01:46:21.106-0400][gc,heap        ] GC(369374) Old regions: 47->47
[2020-12-23T01:46:21.106-0400][gc,heap        ] GC(369374) Humongous regions: 4->4
[2020-12-23T01:46:21.106-0400][gc,metaspace   ] GC(369374) Metaspace: 61008K->61008K(1107968K)
[2020-12-23T01:46:21.106-0400][gc,heap        ] GC(369374) Heap after GC invocations=369351 (full 10700): garbage-first heap   total 73728K, used 49168K [0x0000000083000000, 0x0000000100000000)
[2020-12-23T01:46:21.106-0400][gc,heap        ] GC(369374)   region size 1024K, 1 young (1024K), 1 survivors (1024K)
[2020-12-23T01:46:21.106-0400][gc,heap        ] GC(369374)  Metaspace       used 61008K, capacity 63733K, committed 64768K, reserved 1107968K
[2020-12-23T01:46:21.106-0400][gc,heap        ] GC(369374)   class space    used 5714K, capacity 6561K, committed 6912K, reserved 1048576K
[2020-12-23T01:46:21.106-0400][gc             ] GC(369374) Pause Young (Normal) (G1 Evacuation Pause) 57M->48M(72M) 6.947ms
[2020-12-23T01:46:21.106-0400][gc,cpu         ] GC(369374) User=0.01s Sys=0.01s Real=0.01s
[2020-12-23T01:46:50.924-0400][gc,task        ] GC(369375) Using 3 workers of 4 for full compaction
[2020-12-23T01:46:50.924-0400][gc,start       ] GC(369375) Pause Full (System.gc())
[2020-12-23T01:46:50.924-0400][gc,heap        ] GC(369375) Heap before GC invocations=369351 (full 10700): garbage-first heap   total 73728K, used 54288K [0x0000000083000000, 0x0000000100000000)
[2020-12-23T01:46:50.924-0400][gc,heap        ] GC(369375)   region size 1024K, 8 young (8192K), 1 survivors (1024K)
[2020-12-23T01:46:50.924-0400][gc,heap        ] GC(369375)  Metaspace       used 61008K, capacity 63733K, committed 64768K, reserved 1107968K
[2020-12-23T01:46:50.924-0400][gc,heap        ] GC(369375)   class space    used 5714K, capacity 6561K, committed 6912K, reserved 1048576K
[2020-12-23T01:46:50.927-0400][gc,phases,start] GC(369375) Phase 1: Mark live objects
[2020-12-23T01:46:51.115-0400][gc,stringtable ] GC(369375) Cleaned string and symbol table, strings: 32200 processed, 0 removed, symbols: 131455 processed, 0 removed
[2020-12-23T01:46:51.115-0400][gc,phases      ] GC(369375) Phase 1: Mark live objects 187.804ms
[2020-12-23T01:46:51.115-0400][gc,phases,start] GC(369375) Phase 2: Prepare for compaction
[2020-12-23T01:46:51.148-0400][gc,phases      ] GC(369375) Phase 2: Prepare for compaction 32.706ms
[2020-12-23T01:46:51.148-0400][gc,phases,start] GC(369375) Phase 3: Adjust pointers
[2020-12-23T01:46:51.235-0400][gc,phases      ] GC(369375) Phase 3: Adjust pointers 86.567ms
[2020-12-23T01:46:51.235-0400][gc,phases,start] GC(369375) Phase 4: Compact heap
[2020-12-23T01:46:51.258-0400][gc,phases      ] GC(369375) Phase 4: Compact heap 22.766ms
[2020-12-23T01:46:51.293-0400][gc,heap        ] GC(369375) Eden regions: 7->0(11)
[2020-12-23T01:46:51.293-0400][gc,heap        ] GC(369375) Survivor regions: 1->0(2)
[2020-12-23T01:46:51.293-0400][gc,heap        ] GC(369375) Old regions: 47->47
[2020-12-23T01:46:51.293-0400][gc,heap        ] GC(369375) Humongous regions: 4->4
[2020-12-23T01:46:51.293-0400][gc,metaspace   ] GC(369375) Metaspace: 61008K->61001K(1107968K)
[2020-12-23T01:46:51.293-0400][gc,heap        ] GC(369375) Heap after GC invocations=369352 (full 10701): garbage-first heap   total 73728K, used 48540K [0x0000000083000000, 0x0000000100000000)
[2020-12-23T01:46:51.293-0400][gc,heap        ] GC(369375)   region size 1024K, 0 young (0K), 0 survivors (0K)
[2020-12-23T01:46:51.294-0400][gc,heap        ] GC(369375)  Metaspace       used 61001K, capacity 63721K, committed 64768K, reserved 1107968K
[2020-12-23T01:46:51.294-0400][gc,heap        ] GC(369375)   class space    used 5712K, capacity 6559K, committed 6912K, reserved 1048576K
[2020-12-23T01:46:51.294-0400][gc             ] GC(369375) Pause Full (System.gc()) 54M->47M(72M) 369.706ms
[2020-12-23T01:46:51.294-0400][gc,cpu         ] GC(369375) User=0.99s Sys=0.00s Real=0.37s
[2020-12-23T01:46:58.450-0400][gc,task        ] GC(369376) Using 2 workers of 4 for full compaction
[2020-12-23T01:46:58.450-0400][gc,start       ] GC(369376) Pause Full (System.gc())
[2020-12-23T01:46:58.450-0400][gc,heap        ] GC(369376) Heap before GC invocations=369352 (full 10701): garbage-first heap   total 73728K, used 51612K [0x0000000083000000, 0x0000000100000000)
[2020-12-23T01:46:58.450-0400][gc,heap        ] GC(369376)   region size 1024K, 4 young (4096K), 0 survivors (0K)
[2020-12-23T01:46:58.450-0400][gc,heap        ] GC(369376)  Metaspace       used 61001K, capacity 63721K, committed 64768K, reserved 1107968K
[2020-12-23T01:46:58.450-0400][gc,heap        ] GC(369376)   class space    used 5712K, capacity 6559K, committed 6912K, reserved 1048576K
[2020-12-23T01:46:58.453-0400][gc,phases,start] GC(369376) Phase 1: Mark live objects
[2020-12-23T01:46:58.634-0400][gc,stringtable ] GC(369376) Cleaned string and symbol table, strings: 32200 processed, 0 removed, symbols: 131455 processed, 4 removed
[2020-12-23T01:46:58.634-0400][gc,phases      ] GC(369376) Phase 1: Mark live objects 181.512ms
[2020-12-23T01:46:58.635-0400][gc,phases,start] GC(369376) Phase 2: Prepare for compaction
[2020-12-23T01:46:58.673-0400][gc,phases      ] GC(369376) Phase 2: Prepare for compaction 38.763ms
[2020-12-23T01:46:58.673-0400][gc,phases,start] GC(369376) Phase 3: Adjust pointers
[2020-12-23T01:46:58.770-0400][gc,phases      ] GC(369376) Phase 3: Adjust pointers 96.586ms
[2020-12-23T01:46:58.770-0400][gc,phases,start] GC(369376) Phase 4: Compact heap
[2020-12-23T01:46:58.796-0400][gc,phases      ] GC(369376) Phase 4: Compact heap 25.686ms
[2020-12-23T01:46:58.831-0400][gc,heap        ] GC(369376) Eden regions: 4->0(12)
[2020-12-23T01:46:58.831-0400][gc,heap        ] GC(369376) Survivor regions: 0->0(2)
[2020-12-23T01:46:58.831-0400][gc,heap        ] GC(369376) Old regions: 47->46
[2020-12-23T01:46:58.831-0400][gc,heap        ] GC(369376) Humongous regions: 4->4
[2020-12-23T01:46:58.831-0400][gc,metaspace   ] GC(369376) Metaspace: 61001K->61001K(1107968K)
[2020-12-23T01:46:58.831-0400][gc,heap        ] GC(369376) Heap after GC invocations=369353 (full 10702): garbage-first heap   total 73728K, used 48510K [0x0000000083000000, 0x0000000100000000)
[2020-12-23T01:46:58.831-0400][gc,heap        ] GC(369376)   region size 1024K, 0 young (0K), 0 survivors (0K)
[2020-12-23T01:46:58.831-0400][gc,heap        ] GC(369376)  Metaspace       used 61001K, capacity 63721K, committed 64768K, reserved 1107968K
[2020-12-23T01:46:58.831-0400][gc,heap        ] GC(369376)   class space    used 5712K, capacity 6559K, committed 6912K, reserved 1048576K
[2020-12-23T01:46:58.831-0400][gc             ] GC(369376) Pause Full (System.gc()) 51M->47M(72M) 381.289ms
[2020-12-23T01:46:58.832-0400][gc,cpu         ] GC(369376) User=0.69s Sys=0.03s Real=0.38s
[2020-12-23T01:47:14.128-0400][gc,heap        ] GC(369377) Heap before GC invocations=369353 (full 10702): garbage-first heap   total 73728K, used 59774K [0x0000000083000000, 0x0000000100000000)
[2020-12-23T01:47:14.128-0400][gc,heap        ] GC(369377)   region size 1024K, 12 young (12288K), 0 survivors (0K)
[2020-12-23T01:47:14.128-0400][gc,heap        ] GC(369377)  Metaspace       used 61010K, capacity 63731K, committed 64768K, reserved 1107968K
[2020-12-23T01:47:14.128-0400][gc,heap        ] GC(369377)   class space    used 5714K, capacity 6562K, committed 6912K, reserved 1048576K
[2020-12-23T01:47:14.128-0400][gc,start       ] GC(369377) Pause Young (Normal) (G1 Evacuation Pause)
[2020-12-23T01:47:14.128-0400][gc,task        ] GC(369377) Using 4 workers of 4 for evacuation
[2020-12-23T01:47:14.140-0400][gc,phases      ] GC(369377)   Pre Evacuate Collection Set: 0.0ms
[2020-12-23T01:47:14.140-0400][gc,phases      ] GC(369377)   Evacuate Collection Set: 7.6ms
[2020-12-23T01:47:14.140-0400][gc,phases      ] GC(369377)   Post Evacuate Collection Set: 2.9ms
[2020-12-23T01:47:14.140-0400][gc,phases      ] GC(369377)   Other: 0.9ms
[2020-12-23T01:47:14.140-0400][gc,heap        ] GC(369377) Eden regions: 12->0(11)
[2020-12-23T01:47:14.140-0400][gc,heap        ] GC(369377) Survivor regions: 0->1(2)
[2020-12-23T01:47:14.140-0400][gc,heap        ] GC(369377) Old regions: 46->46
[2020-12-23T01:47:14.140-0400][gc,heap        ] GC(369377) Humongous regions: 4->4
[2020-12-23T01:47:14.140-0400][gc,metaspace   ] GC(369377) Metaspace: 61010K->61010K(1107968K)
[2020-12-23T01:47:14.140-0400][gc,heap        ] GC(369377) Heap after GC invocations=369354 (full 10702): garbage-first heap   total 73728K, used 49314K [0x0000000083000000, 0x0000000100000000)
[2020-12-23T01:47:14.140-0400][gc,heap        ] GC(369377)   region size 1024K, 1 young (1024K), 1 survivors (1024K)
[2020-12-23T01:47:14.140-0400][gc,heap        ] GC(369377)  Metaspace       used 61010K, capacity 63731K, committed 64768K, reserved 1107968K
[2020-12-23T01:47:14.140-0400][gc,heap        ] GC(369377)   class space    used 5714K, capacity 6562K, committed 6912K, reserved 1048576K
[2020-12-23T01:47:14.140-0400][gc             ] GC(369377) Pause Young (Normal) (G1 Evacuation Pause) 59M->48M(72M) 11.939ms
[2020-12-23T01:47:14.140-0400][gc,cpu         ] GC(369377) User=0.02s Sys=0.01s Real=0.01s
[2020-12-23T01:47:22.828-0400][gc,heap        ] GC(369378) Heap before GC invocations=369354 (full 10702): garbage-first heap   total 73728K, used 59554K [0x0000000083000000, 0x0000000100000000)
[2020-12-23T01:47:22.828-0400][gc,heap        ] GC(369378)   region size 1024K, 12 young (12288K), 1 survivors (1024K)
[2020-12-23T01:47:22.828-0400][gc,heap        ] GC(369378)  Metaspace       used 61010K, capacity 63731K, committed 64768K, reserved 1107968K
[2020-12-23T01:47:22.828-0400][gc,heap        ] GC(369378)   class space    used 5714K, capacity 6562K, committed 6912K, reserved 1048576K
[2020-12-23T01:47:22.828-0400][gc,start       ] GC(369378) Pause Young (Normal) (G1 Evacuation Pause)
[2020-12-23T01:47:22.828-0400][gc,task        ] GC(369378) Using 4 workers of 4 for evacuation
[2020-12-23T01:47:22.835-0400][gc,phases      ] GC(369378)   Pre Evacuate Collection Set: 0.0ms
[2020-12-23T01:47:22.835-0400][gc,phases      ] GC(369378)   Evacuate Collection Set: 5.2ms
[2020-12-23T01:47:22.835-0400][gc,phases      ] GC(369378)   Post Evacuate Collection Set: 1.4ms
[2020-12-23T01:47:22.835-0400][gc,phases      ] GC(369378)   Other: 0.8ms
[2020-12-23T01:47:22.835-0400][gc,heap        ] GC(369378) Eden regions: 11->0(11)
[2020-12-23T01:47:22.836-0400][gc,heap        ] GC(369378) Survivor regions: 1->1(2)
[2020-12-23T01:47:22.836-0400][gc,heap        ] GC(369378) Old regions: 46->46
[2020-12-23T01:47:22.836-0400][gc,heap        ] GC(369378) Humongous regions: 4->4
[2020-12-23T01:47:22.836-0400][gc,metaspace   ] GC(369378) Metaspace: 61010K->61010K(1107968K)
[2020-12-23T01:47:22.836-0400][gc,heap        ] GC(369378) Heap after GC invocations=369355 (full 10702): garbage-first heap   total 73728K, used 49317K [0x0000000083000000, 0x0000000100000000)
[2020-12-23T01:47:22.836-0400][gc,heap        ] GC(369378)   region size 1024K, 1 young (1024K), 1 survivors (1024K)
[2020-12-23T01:47:22.836-0400][gc,heap        ] GC(369378)  Metaspace       used 61010K, capacity 63731K, committed 64768K, reserved 1107968K
[2020-12-23T01:47:22.836-0400][gc,heap        ] GC(369378)   class space    used 5714K, capacity 6562K, committed 6912K, reserved 1048576K
[2020-12-23T01:47:22.836-0400][gc             ] GC(369378) Pause Young (Normal) (G1 Evacuation Pause) 59M->48M(72M) 7.915ms
[2020-12-23T01:47:22.836-0400][gc,cpu         ] GC(369378) User=0.01s Sys=0.01s Real=0.01s
[2020-12-23T01:47:40.970-0400][gc,heap        ] GC(369379) Heap before GC invocations=369355 (full 10702): garbage-first heap   total 73728K, used 60581K [0x0000000083000000, 0x0000000100000000)
[2020-12-23T01:47:40.970-0400][gc,heap        ] GC(369379)   region size 1024K, 12 young (12288K), 1 survivors (1024K)
[2020-12-23T01:47:40.970-0400][gc,heap        ] GC(369379)  Metaspace       used 61014K, capacity 63737K, committed 64768K, reserved 1107968K
[2020-12-23T01:47:40.970-0400][gc,heap        ] GC(369379)   class space    used 5715K, capacity 6563K, committed 6912K, reserved 1048576K
[2020-12-23T01:47:40.970-0400][gc,start       ] GC(369379) Pause Young (Normal) (G1 Evacuation Pause)
[2020-12-23T01:47:40.971-0400][gc,task        ] GC(369379) Using 4 workers of 4 for evacuation
[2020-12-23T01:47:40.982-0400][gc,phases      ] GC(369379)   Pre Evacuate Collection Set: 0.0ms
[2020-12-23T01:47:40.982-0400][gc,phases      ] GC(369379)   Evacuate Collection Set: 8.3ms
[2020-12-23T01:47:40.982-0400][gc,phases      ] GC(369379)   Post Evacuate Collection Set: 2.1ms
[2020-12-23T01:47:40.982-0400][gc,phases      ] GC(369379)   Other: 1.0ms
[2020-12-23T01:47:40.982-0400][gc,heap        ] GC(369379) Eden regions: 11->0(10)
[2020-12-23T01:47:40.982-0400][gc,heap        ] GC(369379) Survivor regions: 1->1(2)
[2020-12-23T01:47:40.982-0400][gc,heap        ] GC(369379) Old regions: 46->46
[2020-12-23T01:47:40.982-0400][gc,heap        ] GC(369379) Humongous regions: 4->4
[2020-12-23T01:47:40.982-0400][gc,metaspace   ] GC(369379) Metaspace: 61014K->61014K(1107968K)
[2020-12-23T01:47:40.982-0400][gc,heap        ] GC(369379) Heap after GC invocations=369356 (full 10702): garbage-first heap   total 73728K, used 49317K [0x0000000083000000, 0x0000000100000000)
[2020-12-23T01:47:40.982-0400][gc,heap        ] GC(369379)   region size 1024K, 1 young (1024K), 1 survivors (1024K)
[2020-12-23T01:47:40.982-0400][gc,heap        ] GC(369379)  Metaspace       used 61014K, capacity 63737K, committed 64768K, reserved 1107968K
[2020-12-23T01:47:40.982-0400][gc,heap        ] GC(369379)   class space    used 5715K, capacity 6563K, committed 6912K, reserved 1048576K
[2020-12-23T01:47:40.983-0400][gc             ] GC(369379) Pause Young (Normal) (G1 Evacuation Pause) 59M->48M(72M) 12.166ms
[2020-12-23T01:47:40.984-0400][gc,cpu         ] GC(369379) User=0.03s Sys=0.00s Real=0.01s
[2020-12-23T01:47:56.786-0400][gc,heap        ] GC(369380) Heap before GC invocations=369356 (full 10702): garbage-first heap   total 73728K, used 58533K [0x0000000083000000, 0x0000000100000000)
[2020-12-23T01:47:56.786-0400][gc,heap        ] GC(369380)   region size 1024K, 11 young (11264K), 1 survivors (1024K)
[2020-12-23T01:47:56.786-0400][gc,heap        ] GC(369380)  Metaspace       used 61014K, capacity 63737K, committed 64768K, reserved 1107968K
[2020-12-23T01:47:56.786-0400][gc,heap        ] GC(369380)   class space    used 5715K, capacity 6563K, committed 6912K, reserved 1048576K
[2020-12-23T01:47:56.786-0400][gc,start       ] GC(369380) Pause Young (Normal) (G1 Evacuation Pause)
[2020-12-23T01:47:56.786-0400][gc,task        ] GC(369380) Using 4 workers of 4 for evacuation
[2020-12-23T01:47:56.800-0400][gc,phases      ] GC(369380)   Pre Evacuate Collection Set: 0.1ms
[2020-12-23T01:47:56.800-0400][gc,phases      ] GC(369380)   Evacuate Collection Set: 10.6ms
[2020-12-23T01:47:56.800-0400][gc,phases      ] GC(369380)   Post Evacuate Collection Set: 2.4ms
[2020-12-23T01:47:56.800-0400][gc,phases      ] GC(369380)   Other: 0.9ms
[2020-12-23T01:47:56.800-0400][gc,heap        ] GC(369380) Eden regions: 10->0(10)
[2020-12-23T01:47:56.801-0400][gc,heap        ] GC(369380) Survivor regions: 1->1(2)
[2020-12-23T01:47:56.801-0400][gc,heap        ] GC(369380) Old regions: 46->46
[2020-12-23T01:47:56.801-0400][gc,heap        ] GC(369380) Humongous regions: 4->4
[2020-12-23T01:47:56.801-0400][gc,metaspace   ] GC(369380) Metaspace: 61014K->61014K(1107968K)
[2020-12-23T01:47:56.801-0400][gc,heap        ] GC(369380) Heap after GC invocations=369357 (full 10702): garbage-first heap   total 73728K, used 49381K [0x0000000083000000, 0x0000000100000000)
[2020-12-23T01:47:56.801-0400][gc,heap        ] GC(369380)   region size 1024K, 1 young (1024K), 1 survivors (1024K)
[2020-12-23T01:47:56.801-0400][gc,heap        ] GC(369380)  Metaspace       used 61014K, capacity 63737K, committed 64768K, reserved 1107968K
[2020-12-23T01:47:56.801-0400][gc,heap        ] GC(369380)   class space    used 5715K, capacity 6563K, committed 6912K, reserved 1048576K
[2020-12-23T01:47:56.801-0400][gc             ] GC(369380) Pause Young (Normal) (G1 Evacuation Pause) 58M->48M(72M) 15.070ms
[2020-12-23T01:47:56.802-0400][gc,cpu         ] GC(369380) User=0.02s Sys=0.02s Real=0.01s
[2020-12-23T01:48:00.011-0400][gc,heap        ] GC(369381) Heap before GC invocations=369357 (full 10702): garbage-first heap   total 73728K, used 58597K [0x0000000083000000, 0x0000000100000000)
[2020-12-23T01:48:00.011-0400][gc,heap        ] GC(369381)   region size 1024K, 11 young (11264K), 1 survivors (1024K)
[2020-12-23T01:48:00.011-0400][gc,heap        ] GC(369381)  Metaspace       used 61014K, capacity 63737K, committed 64768K, reserved 1107968K
[2020-12-23T01:48:00.011-0400][gc,heap        ] GC(369381)   class space    used 5715K, capacity 6563K, committed 6912K, reserved 1048576K
[2020-12-23T01:48:00.011-0400][gc,start       ] GC(369381) Pause Young (Normal) (G1 Evacuation Pause)
[2020-12-23T01:48:00.011-0400][gc,task        ] GC(369381) Using 4 workers of 4 for evacuation
[2020-12-23T01:48:00.020-0400][gc,phases      ] GC(369381)   Pre Evacuate Collection Set: 0.0ms
[2020-12-23T01:48:00.020-0400][gc,phases      ] GC(369381)   Evacuate Collection Set: 7.0ms
[2020-12-23T01:48:00.020-0400][gc,phases      ] GC(369381)   Post Evacuate Collection Set: 1.3ms
[2020-12-23T01:48:00.020-0400][gc,phases      ] GC(369381)   Other: 0.9ms
[2020-12-23T01:48:00.020-0400][gc,heap        ] GC(369381) Eden regions: 10->0(10)
[2020-12-23T01:48:00.020-0400][gc,heap        ] GC(369381) Survivor regions: 1->1(2)
[2020-12-23T01:48:00.020-0400][gc,heap        ] GC(369381) Old regions: 46->46
[2020-12-23T01:48:00.020-0400][gc,heap        ] GC(369381) Humongous regions: 4->4
[2020-12-23T01:48:00.020-0400][gc,metaspace   ] GC(369381) Metaspace: 61014K->61014K(1107968K)
[2020-12-23T01:48:00.020-0400][gc,heap        ] GC(369381) Heap after GC invocations=369358 (full 10702): garbage-first heap   total 73728K, used 49415K [0x0000000083000000, 0x0000000100000000)
[2020-12-23T01:48:00.020-0400][gc,heap        ] GC(369381)   region size 1024K, 1 young (1024K), 1 survivors (1024K)
[2020-12-23T01:48:00.020-0400][gc,heap        ] GC(369381)  Metaspace       used 61014K, capacity 63737K, committed 64768K, reserved 1107968K
[2020-12-23T01:48:00.021-0400][gc,heap        ] GC(369381)   class space    used 5715K, capacity 6563K, committed 6912K, reserved 1048576K
[2020-12-23T01:48:00.021-0400][gc             ] GC(369381) Pause Young (Normal) (G1 Evacuation Pause) 58M->48M(72M) 9.672ms
[2020-12-23T01:48:00.021-0400][gc,cpu         ] GC(369381) User=0.01s Sys=0.01s Real=0.01s
[2020-12-23T01:48:15.074-0400][gc,heap        ] GC(369382) Heap before GC invocations=369358 (full 10702): garbage-first heap   total 73728K, used 58631K [0x0000000083000000, 0x0000000100000000)
[2020-12-23T01:48:15.075-0400][gc,heap        ] GC(369382)   region size 1024K, 11 young (11264K), 1 survivors (1024K)
[2020-12-23T01:48:15.075-0400][gc,heap        ] GC(369382)  Metaspace       used 61014K, capacity 63737K, committed 64768K, reserved 1107968K
[2020-12-23T01:48:15.075-0400][gc,heap        ] GC(369382)   class space    used 5715K, capacity 6563K, committed 6912K, reserved 1048576K
[2020-12-23T01:48:15.075-0400][gc,start       ] GC(369382) Pause Young (Normal) (G1 Evacuation Pause)
[2020-12-23T01:48:15.075-0400][gc,task        ] GC(369382) Using 4 workers of 4 for evacuation
[2020-12-23T01:48:15.083-0400][gc,phases      ] GC(369382)   Pre Evacuate Collection Set: 0.0ms
[2020-12-23T01:48:15.083-0400][gc,phases      ] GC(369382)   Evacuate Collection Set: 5.7ms
[2020-12-23T01:48:15.083-0400][gc,phases      ] GC(369382)   Post Evacuate Collection Set: 1.9ms
[2020-12-23T01:48:15.084-0400][gc,phases      ] GC(369382)   Other: 1.2ms
[2020-12-23T01:48:15.084-0400][gc,heap        ] GC(369382) Eden regions: 10->0(10)
[2020-12-23T01:48:15.084-0400][gc,heap        ] GC(369382) Survivor regions: 1->1(2)
[2020-12-23T01:48:15.084-0400][gc,heap        ] GC(369382) Old regions: 46->46
[2020-12-23T01:48:15.084-0400][gc,heap        ] GC(369382) Humongous regions: 4->4
[2020-12-23T01:48:15.084-0400][gc,metaspace   ] GC(369382) Metaspace: 61014K->61014K(1107968K)
[2020-12-23T01:48:15.084-0400][gc,heap        ] GC(369382) Heap after GC invocations=369359 (full 10702): garbage-first heap   total 73728K, used 49399K [0x0000000083000000, 0x0000000100000000)
[2020-12-23T01:48:15.084-0400][gc,heap        ] GC(369382)   region size 1024K, 1 young (1024K), 1 survivors (1024K)
[2020-12-23T01:48:15.084-0400][gc,heap        ] GC(369382)  Metaspace       used 61014K, capacity 63737K, committed 64768K, reserved 1107968K
[2020-12-23T01:48:15.084-0400][gc,heap        ] GC(369382)   class space    used 5715K, capacity 6563K, committed 6912K, reserved 1048576K
[2020-12-23T01:48:15.085-0400][gc             ] GC(369382) Pause Young (Normal) (G1 Evacuation Pause) 58M->48M(72M) 9.576ms
[2020-12-23T01:48:15.086-0400][gc,cpu         ] GC(369382) User=0.03s Sys=0.00s Real=0.02s
[2020-12-23T01:48:18.951-0400][gc,heap        ] GC(369383) Heap before GC invocations=369359 (full 10702): garbage-first heap   total 73728K, used 58615K [0x0000000083000000, 0x0000000100000000)
[2020-12-23T01:48:18.952-0400][gc,heap        ] GC(369383)   region size 1024K, 11 young (11264K), 1 survivors (1024K)
[2020-12-23T01:48:18.952-0400][gc,heap        ] GC(369383)  Metaspace       used 61014K, capacity 63737K, committed 64768K, reserved 1107968K
[2020-12-23T01:48:18.952-0400][gc,heap        ] GC(369383)   class space    used 5715K, capacity 6563K, committed 6912K, reserved 1048576K
[2020-12-23T01:48:18.952-0400][gc,start       ] GC(369383) Pause Young (Normal) (G1 Evacuation Pause)
[2020-12-23T01:48:18.952-0400][gc,task        ] GC(369383) Using 4 workers of 4 for evacuation
[2020-12-23T01:48:18.960-0400][gc,phases      ] GC(369383)   Pre Evacuate Collection Set: 0.0ms
[2020-12-23T01:48:18.961-0400][gc,phases      ] GC(369383)   Evacuate Collection Set: 5.9ms
[2020-12-23T01:48:18.961-0400][gc,phases      ] GC(369383)   Post Evacuate Collection Set: 2.0ms
[2020-12-23T01:48:18.961-0400][gc,phases      ] GC(369383)   Other: 1.0ms
[2020-12-23T01:48:18.961-0400][gc,heap        ] GC(369383) Eden regions: 10->0(10)
[2020-12-23T01:48:18.961-0400][gc,heap        ] GC(369383) Survivor regions: 1->1(2)
[2020-12-23T01:48:18.961-0400][gc,heap        ] GC(369383) Old regions: 46->46
[2020-12-23T01:48:18.961-0400][gc,heap        ] GC(369383) Humongous regions: 4->4
[2020-12-23T01:48:18.961-0400][gc,metaspace   ] GC(369383) Metaspace: 61014K->61014K(1107968K)
[2020-12-23T01:48:18.961-0400][gc,heap        ] GC(369383) Heap after GC invocations=369360 (full 10702): garbage-first heap   total 73728K, used 49404K [0x0000000083000000, 0x0000000100000000)
[2020-12-23T01:48:18.961-0400][gc,heap        ] GC(369383)   region size 1024K, 1 young (1024K), 1 survivors (1024K)
[2020-12-23T01:48:18.961-0400][gc,heap        ] GC(369383)  Metaspace       used 61014K, capacity 63737K, committed 64768K, reserved 1107968K
[2020-12-23T01:48:18.961-0400][gc,heap        ] GC(369383)   class space    used 5715K, capacity 6563K, committed 6912K, reserved 1048576K
[2020-12-23T01:48:18.961-0400][gc             ] GC(369383) Pause Young (Normal) (G1 Evacuation Pause) 58M->48M(72M) 9.334ms
[2020-12-23T01:48:18.961-0400][gc,cpu         ] GC(369383) User=0.03s Sys=0.00s Real=0.01s
[2020-12-23T01:48:33.893-0400][gc,heap        ] GC(369384) Heap before GC invocations=369360 (full 10702): garbage-first heap   total 73728K, used 58620K [0x0000000083000000, 0x0000000100000000)
[2020-12-23T01:48:33.893-0400][gc,heap        ] GC(369384)   region size 1024K, 11 young (11264K), 1 survivors (1024K)
[2020-12-23T01:48:33.894-0400][gc,heap        ] GC(369384)  Metaspace       used 61014K, capacity 63737K, committed 64768K, reserved 1107968K
[2020-12-23T01:48:33.894-0400][gc,heap        ] GC(369384)   class space    used 5715K, capacity 6563K, committed 6912K, reserved 1048576K
[2020-12-23T01:48:33.894-0400][gc,start       ] GC(369384) Pause Young (Normal) (G1 Evacuation Pause)
[2020-12-23T01:48:33.894-0400][gc,task        ] GC(369384) Using 4 workers of 4 for evacuation
[2020-12-23T01:48:33.908-0400][gc,phases      ] GC(369384)   Pre Evacuate Collection Set: 0.0ms
[2020-12-23T01:48:33.908-0400][gc,phases      ] GC(369384)   Evacuate Collection Set: 12.2ms
[2020-12-23T01:48:33.908-0400][gc,phases      ] GC(369384)   Post Evacuate Collection Set: 1.7ms
[2020-12-23T01:48:33.909-0400][gc,phases      ] GC(369384)   Other: 1.0ms
[2020-12-23T01:48:33.909-0400][gc,heap        ] GC(369384) Eden regions: 10->0(10)
[2020-12-23T01:48:33.909-0400][gc,heap        ] GC(369384) Survivor regions: 1->1(2)
[2020-12-23T01:48:33.909-0400][gc,heap        ] GC(369384) Old regions: 46->46
[2020-12-23T01:48:33.909-0400][gc,heap        ] GC(369384) Humongous regions: 4->4
[2020-12-23T01:48:33.909-0400][gc,metaspace   ] GC(369384) Metaspace: 61014K->61014K(1107968K)
[2020-12-23T01:48:33.909-0400][gc,heap        ] GC(369384) Heap after GC invocations=369361 (full 10702): garbage-first heap   total 73728K, used 49318K [0x0000000083000000, 0x0000000100000000)
[2020-12-23T01:48:33.909-0400][gc,heap        ] GC(369384)   region size 1024K, 1 young (1024K), 1 survivors (1024K)
[2020-12-23T01:48:33.909-0400][gc,heap        ] GC(369384)  Metaspace       used 61014K, capacity 63737K, committed 64768K, reserved 1107968K
[2020-12-23T01:48:33.909-0400][gc,heap        ] GC(369384)   class space    used 5715K, capacity 6563K, committed 6912K, reserved 1048576K
[2020-12-23T01:48:33.909-0400][gc             ] GC(369384) Pause Young (Normal) (G1 Evacuation Pause) 58M->48M(72M) 15.290ms
[2020-12-23T01:48:33.909-0400][gc,cpu         ] GC(369384) User=0.03s Sys=0.01s Real=0.02s
[2020-12-23T01:48:36.689-0400][gc,heap        ] GC(369385) Heap before GC invocations=369361 (full 10702): garbage-first heap   total 73728K, used 58534K [0x0000000083000000, 0x0000000100000000)
[2020-12-23T01:48:36.689-0400][gc,heap        ] GC(369385)   region size 1024K, 11 young (11264K), 1 survivors (1024K)
[2020-12-23T01:48:36.689-0400][gc,heap        ] GC(369385)  Metaspace       used 61014K, capacity 63737K, committed 64768K, reserved 1107968K
[2020-12-23T01:48:36.689-0400][gc,heap        ] GC(369385)   class space    used 5715K, capacity 6563K, committed 6912K, reserved 1048576K
[2020-12-23T01:48:36.690-0400][gc,start       ] GC(369385) Pause Young (Normal) (G1 Evacuation Pause)
[2020-12-23T01:48:36.690-0400][gc,task        ] GC(369385) Using 4 workers of 4 for evacuation
[2020-12-23T01:48:36.702-0400][gc,phases      ] GC(369385)   Pre Evacuate Collection Set: 0.0ms
[2020-12-23T01:48:36.702-0400][gc,phases      ] GC(369385)   Evacuate Collection Set: 10.3ms
[2020-12-23T01:48:36.702-0400][gc,phases      ] GC(369385)   Post Evacuate Collection Set: 1.7ms
[2020-12-23T01:48:36.703-0400][gc,phases      ] GC(369385)   Other: 0.9ms
[2020-12-23T01:48:36.703-0400][gc,heap        ] GC(369385) Eden regions: 10->0(9)
[2020-12-23T01:48:36.703-0400][gc,heap        ] GC(369385) Survivor regions: 1->2(2)
[2020-12-23T01:48:36.703-0400][gc,heap        ] GC(369385) Old regions: 46->47
[2020-12-23T01:48:36.703-0400][gc,heap        ] GC(369385) Humongous regions: 4->4
[2020-12-23T01:48:36.703-0400][gc,metaspace   ] GC(369385) Metaspace: 61014K->61014K(1107968K)
[2020-12-23T01:48:36.703-0400][gc,heap        ] GC(369385) Heap after GC invocations=369362 (full 10702): garbage-first heap   total 73728K, used 50589K [0x0000000083000000, 0x0000000100000000)
[2020-12-23T01:48:36.703-0400][gc,heap        ] GC(369385)   region size 1024K, 2 young (2048K), 2 survivors (2048K)
[2020-12-23T01:48:36.703-0400][gc,heap        ] GC(369385)  Metaspace       used 61014K, capacity 63737K, committed 64768K, reserved 1107968K
[2020-12-23T01:48:36.703-0400][gc,heap        ] GC(369385)   class space    used 5715K, capacity 6563K, committed 6912K, reserved 1048576K
[2020-12-23T01:48:36.703-0400][gc             ] GC(369385) Pause Young (Normal) (G1 Evacuation Pause) 57M->49M(72M) 13.886ms
[2020-12-23T01:48:36.704-0400][gc,cpu         ] GC(369385) User=0.03s Sys=0.02s Real=0.01s
[2020-12-23T01:48:42.996-0400][gc,heap        ] GC(369386) Heap before GC invocations=369362 (full 10702): garbage-first heap   total 73728K, used 58781K [0x0000000083000000, 0x0000000100000000)
[2020-12-23T01:48:42.996-0400][gc,heap        ] GC(369386)   region size 1024K, 11 young (11264K), 2 survivors (2048K)
[2020-12-23T01:48:42.996-0400][gc,heap        ] GC(369386)  Metaspace       used 61014K, capacity 63737K, committed 64768K, reserved 1107968K
[2020-12-23T01:48:42.996-0400][gc,heap        ] GC(369386)   class space    used 5715K, capacity 6563K, committed 6912K, reserved 1048576K
[2020-12-23T01:48:42.996-0400][gc,start       ] GC(369386) Pause Young (Normal) (G1 Evacuation Pause)
[2020-12-23T01:48:42.996-0400][gc,task        ] GC(369386) Using 4 workers of 4 for evacuation
[2020-12-23T01:48:43.004-0400][gc,phases      ] GC(369386)   Pre Evacuate Collection Set: 0.0ms
[2020-12-23T01:48:43.004-0400][gc,phases      ] GC(369386)   Evacuate Collection Set: 5.9ms
[2020-12-23T01:48:43.004-0400][gc,phases      ] GC(369386)   Post Evacuate Collection Set: 1.5ms
[2020-12-23T01:48:43.004-0400][gc,phases      ] GC(369386)   Other: 0.8ms
[2020-12-23T01:48:43.004-0400][gc,heap        ] GC(369386) Eden regions: 9->0(9)
[2020-12-23T01:48:43.004-0400][gc,heap        ] GC(369386) Survivor regions: 2->1(2)
[2020-12-23T01:48:43.004-0400][gc,heap        ] GC(369386) Old regions: 47->47
[2020-12-23T01:48:43.004-0400][gc,heap        ] GC(369386) Humongous regions: 4->4
[2020-12-23T01:48:43.004-0400][gc,metaspace   ] GC(369386) Metaspace: 61014K->61014K(1107968K)
[2020-12-23T01:48:43.005-0400][gc,heap        ] GC(369386) Heap after GC invocations=369363 (full 10702): garbage-first heap   total 73728K, used 49553K [0x0000000083000000, 0x0000000100000000)
[2020-12-23T01:48:43.005-0400][gc,heap        ] GC(369386)   region size 1024K, 1 young (1024K), 1 survivors (1024K)
[2020-12-23T01:48:43.005-0400][gc,heap        ] GC(369386)  Metaspace       used 61014K, capacity 63737K, committed 64768K, reserved 1107968K
[2020-12-23T01:48:43.005-0400][gc,heap        ] GC(369386)   class space    used 5715K, capacity 6563K, committed 6912K, reserved 1048576K
[2020-12-23T01:48:43.005-0400][gc             ] GC(369386) Pause Young (Normal) (G1 Evacuation Pause) 58M->48M(72M) 8.670ms
[2020-12-23T01:48:43.005-0400][gc,cpu         ] GC(369386) User=0.01s Sys=0.01s Real=0.00s
[2020-12-23T01:48:54.296-0400][gc,heap        ] GC(369387) Heap before GC invocations=369363 (full 10702): garbage-first heap   total 73728K, used 58769K [0x0000000083000000, 0x0000000100000000)
[2020-12-23T01:48:54.297-0400][gc,heap        ] GC(369387)   region size 1024K, 10 young (10240K), 1 survivors (1024K)
[2020-12-23T01:48:54.297-0400][gc,heap        ] GC(369387)  Metaspace       used 61016K, capacity 63740K, committed 64768K, reserved 1107968K
[2020-12-23T01:48:54.297-0400][gc,heap        ] GC(369387)   class space    used 5715K, capacity 6564K, committed 6912K, reserved 1048576K
[2020-12-23T01:48:54.297-0400][gc,start       ] GC(369387) Pause Young (Normal) (G1 Evacuation Pause)
[2020-12-23T01:48:54.297-0400][gc,task        ] GC(369387) Using 4 workers of 4 for evacuation
[2020-12-23T01:48:54.307-0400][gc,phases      ] GC(369387)   Pre Evacuate Collection Set: 0.0ms
[2020-12-23T01:48:54.307-0400][gc,phases      ] GC(369387)   Evacuate Collection Set: 7.5ms
[2020-12-23T01:48:54.307-0400][gc,phases      ] GC(369387)   Post Evacuate Collection Set: 2.0ms
[2020-12-23T01:48:54.307-0400][gc,phases      ] GC(369387)   Other: 1.2ms
[2020-12-23T01:48:54.307-0400][gc,heap        ] GC(369387) Eden regions: 9->0(9)
[2020-12-23T01:48:54.308-0400][gc,heap        ] GC(369387) Survivor regions: 1->1(2)
[2020-12-23T01:48:54.308-0400][gc,heap        ] GC(369387) Old regions: 47->47
[2020-12-23T01:48:54.308-0400][gc,heap        ] GC(369387) Humongous regions: 4->4
[2020-12-23T01:48:54.308-0400][gc,metaspace   ] GC(369387) Metaspace: 61016K->61016K(1107968K)
[2020-12-23T01:48:54.308-0400][gc,heap        ] GC(369387) Heap after GC invocations=369364 (full 10702): garbage-first heap   total 73728K, used 50148K [0x0000000083000000, 0x0000000100000000)
[2020-12-23T01:48:54.308-0400][gc,heap        ] GC(369387)   region size 1024K, 1 young (1024K), 1 survivors (1024K)
[2020-12-23T01:48:54.308-0400][gc,heap        ] GC(369387)  Metaspace       used 61016K, capacity 63740K, committed 64768K, reserved 1107968K
[2020-12-23T01:48:54.308-0400][gc,heap        ] GC(369387)   class space    used 5715K, capacity 6564K, committed 6912K, reserved 1048576K
[2020-12-23T01:48:54.308-0400][gc             ] GC(369387) Pause Young (Normal) (G1 Evacuation Pause) 57M->48M(72M) 11.036ms
[2020-12-23T01:48:54.308-0400][gc,cpu         ] GC(369387) User=0.03s Sys=0.00s Real=0.01s
[2020-12-23T01:48:59.705-0400][gc,heap        ] GC(369388) Heap before GC invocations=369364 (full 10702): garbage-first heap   total 73728K, used 58340K [0x0000000083000000, 0x0000000100000000)
[2020-12-23T01:48:59.705-0400][gc,heap        ] GC(369388)   region size 1024K, 10 young (10240K), 1 survivors (1024K)
[2020-12-23T01:48:59.705-0400][gc,heap        ] GC(369388)  Metaspace       used 61016K, capacity 63740K, committed 64768K, reserved 1107968K
[2020-12-23T01:48:59.705-0400][gc,heap        ] GC(369388)   class space    used 5715K, capacity 6564K, committed 6912K, reserved 1048576K
[2020-12-23T01:48:59.705-0400][gc,start       ] GC(369388) Pause Young (Normal) (G1 Evacuation Pause)
[2020-12-23T01:48:59.705-0400][gc,task        ] GC(369388) Using 4 workers of 4 for evacuation
[2020-12-23T01:48:59.710-0400][gc,phases      ] GC(369388)   Pre Evacuate Collection Set: 0.0ms
[2020-12-23T01:48:59.710-0400][gc,phases      ] GC(369388)   Evacuate Collection Set: 3.1ms
[2020-12-23T01:48:59.710-0400][gc,phases      ] GC(369388)   Post Evacuate Collection Set: 1.1ms
[2020-12-23T01:48:59.710-0400][gc,phases      ] GC(369388)   Other: 0.8ms
[2020-12-23T01:48:59.710-0400][gc,heap        ] GC(369388) Eden regions: 9->0(10)
[2020-12-23T01:48:59.710-0400][gc,heap        ] GC(369388) Survivor regions: 1->1(2)
[2020-12-23T01:48:59.710-0400][gc,heap        ] GC(369388) Old regions: 47->47
[2020-12-23T01:48:59.710-0400][gc,heap        ] GC(369388) Humongous regions: 4->4
[2020-12-23T01:48:59.710-0400][gc,metaspace   ] GC(369388) Metaspace: 61016K->61016K(1107968K)
[2020-12-23T01:48:59.710-0400][gc,heap        ] GC(369388) Heap after GC invocations=369365 (full 10702): garbage-first heap   total 73728K, used 49460K [0x0000000083000000, 0x0000000100000000)
[2020-12-23T01:48:59.710-0400][gc,heap        ] GC(369388)   region size 1024K, 1 young (1024K), 1 survivors (1024K)
[2020-12-23T01:48:59.710-0400][gc,heap        ] GC(369388)  Metaspace       used 61016K, capacity 63740K, committed 64768K, reserved 1107968K
[2020-12-23T01:48:59.710-0400][gc,heap        ] GC(369388)   class space    used 5715K, capacity 6564K, committed 6912K, reserved 1048576K
[2020-12-23T01:48:59.711-0400][gc             ] GC(369388) Pause Young (Normal) (G1 Evacuation Pause) 57M->48M(72M) 5.491ms
[2020-12-23T01:48:59.711-0400][gc,cpu         ] GC(369388) User=0.01s Sys=0.00s Real=0.01s
[2020-12-23T01:49:09.665-0400][gc,heap        ] GC(369389) Heap before GC invocations=369365 (full 10702): garbage-first heap   total 73728K, used 58676K [0x0000000083000000, 0x0000000100000000)
[2020-12-23T01:49:09.665-0400][gc,heap        ] GC(369389)   region size 1024K, 11 young (11264K), 1 survivors (1024K)
[2020-12-23T01:49:09.665-0400][gc,heap        ] GC(369389)  Metaspace       used 61017K, capacity 63743K, committed 64768K, reserved 1107968K
[2020-12-23T01:49:09.665-0400][gc,heap        ] GC(369389)   class space    used 5716K, capacity 6565K, committed 6912K, reserved 1048576K
[2020-12-23T01:49:09.665-0400][gc,start       ] GC(369389) Pause Young (Normal) (G1 Evacuation Pause)
[2020-12-23T01:49:09.665-0400][gc,task        ] GC(369389) Using 4 workers of 4 for evacuation
[2020-12-23T01:49:09.674-0400][gc,phases      ] GC(369389)   Pre Evacuate Collection Set: 0.0ms
[2020-12-23T01:49:09.674-0400][gc,phases      ] GC(369389)   Evacuate Collection Set: 6.2ms
[2020-12-23T01:49:09.674-0400][gc,phases      ] GC(369389)   Post Evacuate Collection Set: 2.1ms
[2020-12-23T01:49:09.674-0400][gc,phases      ] GC(369389)   Other: 0.9ms
[2020-12-23T01:49:09.674-0400][gc,heap        ] GC(369389) Eden regions: 10->0(10)
[2020-12-23T01:49:09.674-0400][gc,heap        ] GC(369389) Survivor regions: 1->1(2)
[2020-12-23T01:49:09.674-0400][gc,heap        ] GC(369389) Old regions: 47->47
[2020-12-23T01:49:09.674-0400][gc,heap        ] GC(369389) Humongous regions: 4->4
[2020-12-23T01:49:09.674-0400][gc,metaspace   ] GC(369389) Metaspace: 61017K->61017K(1107968K)
[2020-12-23T01:49:09.674-0400][gc,heap        ] GC(369389) Heap after GC invocations=369366 (full 10702): garbage-first heap   total 73728K, used 49532K [0x0000000083000000, 0x0000000100000000)
[2020-12-23T01:49:09.675-0400][gc,heap        ] GC(369389)   region size 1024K, 1 young (1024K), 1 survivors (1024K)
[2020-12-23T01:49:09.675-0400][gc,heap        ] GC(369389)  Metaspace       used 61017K, capacity 63743K, committed 64768K, reserved 1107968K
[2020-12-23T01:49:09.675-0400][gc,heap        ] GC(369389)   class space    used 5716K, capacity 6565K, committed 6912K, reserved 1048576K
[2020-12-23T01:49:09.675-0400][gc             ] GC(369389) Pause Young (Normal) (G1 Evacuation Pause) 58M->48M(72M) 9.630ms
[2020-12-23T01:49:09.675-0400][gc,cpu         ] GC(369389) User=0.01s Sys=0.01s Real=0.01s
[2020-12-23T01:49:12.525-0400][gc,heap        ] GC(369390) Heap before GC invocations=369366 (full 10702): garbage-first heap   total 73728K, used 58748K [0x0000000083000000, 0x0000000100000000)
[2020-12-23T01:49:12.525-0400][gc,heap        ] GC(369390)   region size 1024K, 11 young (11264K), 1 survivors (1024K)
[2020-12-23T01:49:12.525-0400][gc,heap        ] GC(369390)  Metaspace       used 61017K, capacity 63743K, committed 64768K, reserved 1107968K
[2020-12-23T01:49:12.525-0400][gc,heap        ] GC(369390)   class space    used 5716K, capacity 6565K, committed 6912K, reserved 1048576K
[2020-12-23T01:49:12.525-0400][gc,start       ] GC(369390) Pause Young (Normal) (G1 Evacuation Pause)
[2020-12-23T01:49:12.525-0400][gc,task        ] GC(369390) Using 4 workers of 4 for evacuation
[2020-12-23T01:49:12.532-0400][gc,phases      ] GC(369390)   Pre Evacuate Collection Set: 0.0ms
[2020-12-23T01:49:12.532-0400][gc,phases      ] GC(369390)   Evacuate Collection Set: 4.7ms
[2020-12-23T01:49:12.532-0400][gc,phases      ] GC(369390)   Post Evacuate Collection Set: 1.6ms
[2020-12-23T01:49:12.532-0400][gc,phases      ] GC(369390)   Other: 0.8ms
[2020-12-23T01:49:12.532-0400][gc,heap        ] GC(369390) Eden regions: 10->0(10)
[2020-12-23T01:49:12.532-0400][gc,heap        ] GC(369390) Survivor regions: 1->1(2)
[2020-12-23T01:49:12.532-0400][gc,heap        ] GC(369390) Old regions: 47->47
[2020-12-23T01:49:12.532-0400][gc,heap        ] GC(369390) Humongous regions: 4->4
[2020-12-23T01:49:12.532-0400][gc,metaspace   ] GC(369390) Metaspace: 61017K->61017K(1107968K)
[2020-12-23T01:49:12.532-0400][gc,heap        ] GC(369390) Heap after GC invocations=369367 (full 10702): garbage-first heap   total 73728K, used 49561K [0x0000000083000000, 0x0000000100000000)
[2020-12-23T01:49:12.533-0400][gc,heap        ] GC(369390)   region size 1024K, 1 young (1024K), 1 survivors (1024K)
[2020-12-23T01:49:12.533-0400][gc,heap        ] GC(369390)  Metaspace       used 61017K, capacity 63743K, committed 64768K, reserved 1107968K
[2020-12-23T01:49:12.533-0400][gc,heap        ] GC(369390)   class space    used 5716K, capacity 6565K, committed 6912K, reserved 1048576K
[2020-12-23T01:49:12.533-0400][gc             ] GC(369390) Pause Young (Normal) (G1 Evacuation Pause) 58M->48M(72M) 7.558ms
[2020-12-23T01:49:12.533-0400][gc,cpu         ] GC(369390) User=0.00s Sys=0.01s Real=0.01s
[2020-12-23T01:49:28.588-0400][gc,heap        ] GC(369391) Heap before GC invocations=369367 (full 10702): garbage-first heap   total 73728K, used 59801K [0x0000000083000000, 0x0000000100000000)
[2020-12-23T01:49:28.588-0400][gc,heap        ] GC(369391)   region size 1024K, 11 young (11264K), 1 survivors (1024K)
[2020-12-23T01:49:28.588-0400][gc,heap        ] GC(369391)  Metaspace       used 61021K, capacity 63749K, committed 64768K, reserved 1107968K
[2020-12-23T01:49:28.588-0400][gc,heap        ] GC(369391)   class space    used 5716K, capacity 6566K, committed 6912K, reserved 1048576K
[2020-12-23T01:49:28.588-0400][gc,start       ] GC(369391) Pause Young (Normal) (G1 Evacuation Pause)
[2020-12-23T01:49:28.588-0400][gc,task        ] GC(369391) Using 4 workers of 4 for evacuation
[2020-12-23T01:49:28.595-0400][gc,phases      ] GC(369391)   Pre Evacuate Collection Set: 0.0ms
[2020-12-23T01:49:28.595-0400][gc,phases      ] GC(369391)   Evacuate Collection Set: 4.4ms
[2020-12-23T01:49:28.595-0400][gc,phases      ] GC(369391)   Post Evacuate Collection Set: 1.7ms
[2020-12-23T01:49:28.595-0400][gc,phases      ] GC(369391)   Other: 1.1ms
[2020-12-23T01:49:28.595-0400][gc,heap        ] GC(369391) Eden regions: 10->0(10)
[2020-12-23T01:49:28.595-0400][gc,heap        ] GC(369391) Survivor regions: 1->1(2)
[2020-12-23T01:49:28.595-0400][gc,heap        ] GC(369391) Old regions: 47->47
[2020-12-23T01:49:28.595-0400][gc,heap        ] GC(369391) Humongous regions: 4->4
[2020-12-23T01:49:28.595-0400][gc,metaspace   ] GC(369391) Metaspace: 61021K->61021K(1107968K)
[2020-12-23T01:49:28.595-0400][gc,heap        ] GC(369391) Heap after GC invocations=369368 (full 10702): garbage-first heap   total 73728K, used 49615K [0x0000000083000000, 0x0000000100000000)
[2020-12-23T01:49:28.595-0400][gc,heap        ] GC(369391)   region size 1024K, 1 young (1024K), 1 survivors (1024K)
[2020-12-23T01:49:28.595-0400][gc,heap        ] GC(369391)  Metaspace       used 61021K, capacity 63749K, committed 64768K, reserved 1107968K
[2020-12-23T01:49:28.595-0400][gc,heap        ] GC(369391)   class space    used 5716K, capacity 6566K, committed 6912K, reserved 1048576K
[2020-12-23T01:49:28.596-0400][gc             ] GC(369391) Pause Young (Normal) (G1 Evacuation Pause) 58M->48M(72M) 7.464ms
[2020-12-23T01:49:28.596-0400][gc,cpu         ] GC(369391) User=0.02s Sys=0.00s Real=0.01s
[2020-12-23T01:49:33.889-0400][gc,heap        ] GC(369392) Heap before GC invocations=369368 (full 10702): garbage-first heap   total 73728K, used 58831K [0x0000000083000000, 0x0000000100000000)
[2020-12-23T01:49:33.889-0400][gc,heap        ] GC(369392)   region size 1024K, 11 young (11264K), 1 survivors (1024K)
[2020-12-23T01:49:33.889-0400][gc,heap        ] GC(369392)  Metaspace       used 61021K, capacity 63749K, committed 64768K, reserved 1107968K
[2020-12-23T01:49:33.889-0400][gc,heap        ] GC(369392)   class space    used 5716K, capacity 6566K, committed 6912K, reserved 1048576K
[2020-12-23T01:49:33.889-0400][gc,start       ] GC(369392) Pause Young (Normal) (G1 Evacuation Pause)
[2020-12-23T01:49:33.889-0400][gc,task        ] GC(369392) Using 4 workers of 4 for evacuation
[2020-12-23T01:49:33.895-0400][gc,phases      ] GC(369392)   Pre Evacuate Collection Set: 0.0ms
[2020-12-23T01:49:33.895-0400][gc,phases      ] GC(369392)   Evacuate Collection Set: 3.4ms
[2020-12-23T01:49:33.895-0400][gc,phases      ] GC(369392)   Post Evacuate Collection Set: 1.4ms
[2020-12-23T01:49:33.895-0400][gc,phases      ] GC(369392)   Other: 1.0ms
[2020-12-23T01:49:33.895-0400][gc,heap        ] GC(369392) Eden regions: 10->0(10)
[2020-12-23T01:49:33.895-0400][gc,heap        ] GC(369392) Survivor regions: 1->1(2)
[2020-12-23T01:49:33.895-0400][gc,heap        ] GC(369392) Old regions: 47->47
[2020-12-23T01:49:33.895-0400][gc,heap        ] GC(369392) Humongous regions: 4->4
[2020-12-23T01:49:33.895-0400][gc,metaspace   ] GC(369392) Metaspace: 61021K->61021K(1107968K)
[2020-12-23T01:49:33.895-0400][gc,heap        ] GC(369392) Heap after GC invocations=369369 (full 10702): garbage-first heap   total 73728K, used 49640K [0x0000000083000000, 0x0000000100000000)
[2020-12-23T01:49:33.895-0400][gc,heap        ] GC(369392)   region size 1024K, 1 young (1024K), 1 survivors (1024K)
[2020-12-23T01:49:33.895-0400][gc,heap        ] GC(369392)  Metaspace       used 61021K, capacity 63749K, committed 64768K, reserved 1107968K
[2020-12-23T01:49:33.895-0400][gc,heap        ] GC(369392)   class space    used 5716K, capacity 6566K, committed 6912K, reserved 1048576K
[2020-12-23T01:49:33.895-0400][gc             ] GC(369392) Pause Young (Normal) (G1 Evacuation Pause) 58M->48M(72M) 6.248ms
[2020-12-23T01:49:33.896-0400][gc,cpu         ] GC(369392) User=0.01s Sys=0.01s Real=0.00s
[2020-12-23T01:49:46.414-0400][gc,heap        ] GC(369393) Heap before GC invocations=369369 (full 10702): garbage-first heap   total 73728K, used 59880K [0x0000000083000000, 0x0000000100000000)
[2020-12-23T01:49:46.415-0400][gc,heap        ] GC(369393)   region size 1024K, 11 young (11264K), 1 survivors (1024K)
[2020-12-23T01:49:46.415-0400][gc,heap        ] GC(369393)  Metaspace       used 61025K, capacity 63755K, committed 64768K, reserved 1107968K
[2020-12-23T01:49:46.415-0400][gc,heap        ] GC(369393)   class space    used 5717K, capacity 6568K, committed 6912K, reserved 1048576K
[2020-12-23T01:49:46.415-0400][gc,start       ] GC(369393) Pause Young (Normal) (G1 Evacuation Pause)
[2020-12-23T01:49:46.415-0400][gc,task        ] GC(369393) Using 4 workers of 4 for evacuation
[2020-12-23T01:49:46.425-0400][gc,phases      ] GC(369393)   Pre Evacuate Collection Set: 0.0ms
[2020-12-23T01:49:46.425-0400][gc,phases      ] GC(369393)   Evacuate Collection Set: 6.4ms
[2020-12-23T01:49:46.425-0400][gc,phases      ] GC(369393)   Post Evacuate Collection Set: 3.2ms
[2020-12-23T01:49:46.425-0400][gc,phases      ] GC(369393)   Other: 1.1ms
[2020-12-23T01:49:46.426-0400][gc,heap        ] GC(369393) Eden regions: 10->0(10)
[2020-12-23T01:49:46.426-0400][gc,heap        ] GC(369393) Survivor regions: 1->1(2)
[2020-12-23T01:49:46.426-0400][gc,heap        ] GC(369393) Old regions: 47->47
[2020-12-23T01:49:46.426-0400][gc,heap        ] GC(369393) Humongous regions: 4->4
[2020-12-23T01:49:46.426-0400][gc,metaspace   ] GC(369393) Metaspace: 61025K->61025K(1107968K)
[2020-12-23T01:49:46.426-0400][gc,heap        ] GC(369393) Heap after GC invocations=369370 (full 10702): garbage-first heap   total 73728K, used 49796K [0x0000000083000000, 0x0000000100000000)
[2020-12-23T01:49:46.426-0400][gc,heap        ] GC(369393)   region size 1024K, 1 young (1024K), 1 survivors (1024K)
[2020-12-23T01:49:46.426-0400][gc,heap        ] GC(369393)  Metaspace       used 61025K, capacity 63755K, committed 64768K, reserved 1107968K
[2020-12-23T01:49:46.426-0400][gc,heap        ] GC(369393)   class space    used 5717K, capacity 6568K, committed 6912K, reserved 1048576K
[2020-12-23T01:49:46.426-0400][gc             ] GC(369393) Pause Young (Normal) (G1 Evacuation Pause) 58M->48M(72M) 11.105ms
[2020-12-23T01:49:46.426-0400][gc,cpu         ] GC(369393) User=0.01s Sys=0.01s Real=0.02s
[2020-12-23T01:49:49.530-0400][gc,heap        ] GC(369394) Heap before GC invocations=369370 (full 10702): garbage-first heap   total 73728K, used 59012K [0x0000000083000000, 0x0000000100000000)
[2020-12-23T01:49:49.530-0400][gc,heap        ] GC(369394)   region size 1024K, 11 young (11264K), 1 survivors (1024K)
[2020-12-23T01:49:49.530-0400][gc,heap        ] GC(369394)  Metaspace       used 61025K, capacity 63755K, committed 64768K, reserved 1107968K
[2020-12-23T01:49:49.530-0400][gc,heap        ] GC(369394)   class space    used 5717K, capacity 6568K, committed 6912K, reserved 1048576K
[2020-12-23T01:49:49.530-0400][gc,start       ] GC(369394) Pause Young (Normal) (G1 Evacuation Pause)
[2020-12-23T01:49:49.530-0400][gc,task        ] GC(369394) Using 4 workers of 4 for evacuation
[2020-12-23T01:49:49.536-0400][gc,phases      ] GC(369394)   Pre Evacuate Collection Set: 0.0ms
[2020-12-23T01:49:49.536-0400][gc,phases      ] GC(369394)   Evacuate Collection Set: 3.6ms
[2020-12-23T01:49:49.536-0400][gc,phases      ] GC(369394)   Post Evacuate Collection Set: 1.3ms
[2020-12-23T01:49:49.536-0400][gc,phases      ] GC(369394)   Other: 0.8ms
[2020-12-23T01:49:49.536-0400][gc,heap        ] GC(369394) Eden regions: 10->0(10)
[2020-12-23T01:49:49.536-0400][gc,heap        ] GC(369394) Survivor regions: 1->1(2)
[2020-12-23T01:49:49.536-0400][gc,heap        ] GC(369394) Old regions: 47->47
[2020-12-23T01:49:49.536-0400][gc,heap        ] GC(369394) Humongous regions: 4->4
[2020-12-23T01:49:49.536-0400][gc,metaspace   ] GC(369394) Metaspace: 61025K->61025K(1107968K)
[2020-12-23T01:49:49.536-0400][gc,heap        ] GC(369394) Heap after GC invocations=369371 (full 10702): garbage-first heap   total 73728K, used 49931K [0x0000000083000000, 0x0000000100000000)
[2020-12-23T01:49:49.536-0400][gc,heap        ] GC(369394)   region size 1024K, 1 young (1024K), 1 survivors (1024K)
[2020-12-23T01:49:49.536-0400][gc,heap        ] GC(369394)  Metaspace       used 61025K, capacity 63755K, committed 64768K, reserved 1107968K
[2020-12-23T01:49:49.536-0400][gc,heap        ] GC(369394)   class space    used 5717K, capacity 6568K, committed 6912K, reserved 1048576K
[2020-12-23T01:49:49.536-0400][gc             ] GC(369394) Pause Young (Normal) (G1 Evacuation Pause) 58M->48M(72M) 6.233ms
[2020-12-23T01:49:49.536-0400][gc,cpu         ] GC(369394) User=0.02s Sys=0.00s Real=0.01s
[2020-12-23T01:50:03.893-0400][gc,heap        ] GC(369395) Heap before GC invocations=369371 (full 10702): garbage-first heap   total 73728K, used 59147K [0x0000000083000000, 0x0000000100000000)
[2020-12-23T01:50:03.894-0400][gc,heap        ] GC(369395)   region size 1024K, 11 young (11264K), 1 survivors (1024K)
[2020-12-23T01:50:03.894-0400][gc,heap        ] GC(369395)  Metaspace       used 61025K, capacity 63755K, committed 64768K, reserved 1107968K
[2020-12-23T01:50:03.894-0400][gc,heap        ] GC(369395)   class space    used 5717K, capacity 6568K, committed 6912K, reserved 1048576K
[2020-12-23T01:50:03.894-0400][gc,start       ] GC(369395) Pause Young (Normal) (G1 Evacuation Pause)
[2020-12-23T01:50:03.894-0400][gc,task        ] GC(369395) Using 4 workers of 4 for evacuation
[2020-12-23T01:50:03.903-0400][gc,phases      ] GC(369395)   Pre Evacuate Collection Set: 0.0ms
[2020-12-23T01:50:03.903-0400][gc,phases      ] GC(369395)   Evacuate Collection Set: 6.1ms
[2020-12-23T01:50:03.903-0400][gc,phases      ] GC(369395)   Post Evacuate Collection Set: 2.1ms
[2020-12-23T01:50:03.903-0400][gc,phases      ] GC(369395)   Other: 1.2ms
[2020-12-23T01:50:03.903-0400][gc,heap        ] GC(369395) Eden regions: 10->0(10)
[2020-12-23T01:50:03.903-0400][gc,heap        ] GC(369395) Survivor regions: 1->1(2)
[2020-12-23T01:50:03.903-0400][gc,heap        ] GC(369395) Old regions: 47->47
[2020-12-23T01:50:03.904-0400][gc,heap        ] GC(369395) Humongous regions: 4->4
[2020-12-23T01:50:03.904-0400][gc,metaspace   ] GC(369395) Metaspace: 61025K->61025K(1107968K)
[2020-12-23T01:50:03.904-0400][gc,heap        ] GC(369395) Heap after GC invocations=369372 (full 10702): garbage-first heap   total 73728K, used 49779K [0x0000000083000000, 0x0000000100000000)
[2020-12-23T01:50:03.904-0400][gc,heap        ] GC(369395)   region size 1024K, 1 young (1024K), 1 survivors (1024K)
[2020-12-23T01:50:03.904-0400][gc,heap        ] GC(369395)  Metaspace       used 61025K, capacity 63755K, committed 64768K, reserved 1107968K
[2020-12-23T01:50:03.904-0400][gc,heap        ] GC(369395)   class space    used 5717K, capacity 6568K, committed 6912K, reserved 1048576K
[2020-12-23T01:50:03.904-0400][gc             ] GC(369395) Pause Young (Normal) (G1 Evacuation Pause) 58M->48M(72M) 10.478ms
[2020-12-23T01:50:03.905-0400][gc,cpu         ] GC(369395) User=0.03s Sys=0.00s Real=0.01s
[2020-12-23T01:50:06.328-0400][gc,heap        ] GC(369396) Heap before GC invocations=369372 (full 10702): garbage-first heap   total 73728K, used 58995K [0x0000000083000000, 0x0000000100000000)
[2020-12-23T01:50:06.328-0400][gc,heap        ] GC(369396)   region size 1024K, 11 young (11264K), 1 survivors (1024K)
[2020-12-23T01:50:06.328-0400][gc,heap        ] GC(369396)  Metaspace       used 61025K, capacity 63755K, committed 64768K, reserved 1107968K
[2020-12-23T01:50:06.328-0400][gc,heap        ] GC(369396)   class space    used 5717K, capacity 6568K, committed 6912K, reserved 1048576K
[2020-12-23T01:50:06.329-0400][gc,start       ] GC(369396) Pause Young (Normal) (G1 Evacuation Pause)
[2020-12-23T01:50:06.329-0400][gc,task        ] GC(369396) Using 4 workers of 4 for evacuation
[2020-12-23T01:50:06.342-0400][gc,phases      ] GC(369396)   Pre Evacuate Collection Set: 0.0ms
[2020-12-23T01:50:06.342-0400][gc,phases      ] GC(369396)   Evacuate Collection Set: 11.5ms
[2020-12-23T01:50:06.342-0400][gc,phases      ] GC(369396)   Post Evacuate Collection Set: 1.6ms
[2020-12-23T01:50:06.342-0400][gc,phases      ] GC(369396)   Other: 0.9ms
[2020-12-23T01:50:06.342-0400][gc,heap        ] GC(369396) Eden regions: 10->0(8)
[2020-12-23T01:50:06.342-0400][gc,heap        ] GC(369396) Survivor regions: 1->2(2)
[2020-12-23T01:50:06.343-0400][gc,heap        ] GC(369396) Old regions: 47->47
[2020-12-23T01:50:06.343-0400][gc,heap        ] GC(369396) Humongous regions: 4->4
[2020-12-23T01:50:06.343-0400][gc,metaspace   ] GC(369396) Metaspace: 61025K->61025K(1107968K)
[2020-12-23T01:50:06.343-0400][gc,heap        ] GC(369396) Heap after GC invocations=369373 (full 10702): garbage-first heap   total 73728K, used 51201K [0x0000000083000000, 0x0000000100000000)
[2020-12-23T01:50:06.343-0400][gc,heap        ] GC(369396)   region size 1024K, 2 young (2048K), 2 survivors (2048K)
[2020-12-23T01:50:06.343-0400][gc,heap        ] GC(369396)  Metaspace       used 61025K, capacity 63755K, committed 64768K, reserved 1107968K
[2020-12-23T01:50:06.343-0400][gc,heap        ] GC(369396)   class space    used 5717K, capacity 6568K, committed 6912K, reserved 1048576K
[2020-12-23T01:50:06.343-0400][gc             ] GC(369396) Pause Young (Normal) (G1 Evacuation Pause) 58M->50M(72M) 14.377ms
[2020-12-23T01:50:06.343-0400][gc,cpu         ] GC(369396) User=0.02s Sys=0.01s Real=0.01s
[2020-12-23T01:50:06.388-0400][gc,heap        ] GC(369397) Heap before GC invocations=369373 (full 10702): garbage-first heap   total 73728K, used 60417K [0x0000000083000000, 0x0000000100000000)
[2020-12-23T01:50:06.388-0400][gc,heap        ] GC(369397)   region size 1024K, 10 young (10240K), 2 survivors (2048K)
[2020-12-23T01:50:06.388-0400][gc,heap        ] GC(369397)  Metaspace       used 61025K, capacity 63755K, committed 64768K, reserved 1107968K
[2020-12-23T01:50:06.388-0400][gc,heap        ] GC(369397)   class space    used 5717K, capacity 6568K, committed 6912K, reserved 1048576K
[2020-12-23T01:50:06.388-0400][gc,start       ] GC(369397) Pause Young (Normal) (G1 Evacuation Pause)
[2020-12-23T01:50:06.388-0400][gc,task        ] GC(369397) Using 4 workers of 4 for evacuation
[2020-12-23T01:50:06.402-0400][gc,phases      ] GC(369397)   Pre Evacuate Collection Set: 0.0ms
[2020-12-23T01:50:06.402-0400][gc,phases      ] GC(369397)   Evacuate Collection Set: 12.3ms
[2020-12-23T01:50:06.402-0400][gc,phases      ] GC(369397)   Post Evacuate Collection Set: 0.6ms
[2020-12-23T01:50:06.402-0400][gc,phases      ] GC(369397)   Other: 0.8ms
[2020-12-23T01:50:06.402-0400][gc,heap        ] GC(369397) Eden regions: 8->0(7)
[2020-12-23T01:50:06.402-0400][gc,heap        ] GC(369397) Survivor regions: 2->1(2)
[2020-12-23T01:50:06.402-0400][gc,heap        ] GC(369397) Old regions: 47->49
[2020-12-23T01:50:06.402-0400][gc,heap        ] GC(369397) Humongous regions: 6->5
[2020-12-23T01:50:06.402-0400][gc,metaspace   ] GC(369397) Metaspace: 61025K->61025K(1107968K)
[2020-12-23T01:50:06.402-0400][gc,heap        ] GC(369397) Heap after GC invocations=369374 (full 10702): garbage-first heap   total 73728K, used 52361K [0x0000000083000000, 0x0000000100000000)
[2020-12-23T01:50:06.402-0400][gc,heap        ] GC(369397)   region size 1024K, 1 young (1024K), 1 survivors (1024K)
[2020-12-23T01:50:06.402-0400][gc,heap        ] GC(369397)  Metaspace       used 61025K, capacity 63755K, committed 64768K, reserved 1107968K
[2020-12-23T01:50:06.403-0400][gc,heap        ] GC(369397)   class space    used 5717K, capacity 6568K, committed 6912K, reserved 1048576K
[2020-12-23T01:50:06.403-0400][gc             ] GC(369397) Pause Young (Normal) (G1 Evacuation Pause) 59M->51M(72M) 14.144ms
[2020-12-23T01:50:06.403-0400][gc,cpu         ] GC(369397) User=0.02s Sys=0.02s Real=0.01s
[2020-12-23T01:50:06.405-0400][gc,heap        ] GC(369398) Heap before GC invocations=369374 (full 10702): garbage-first heap   total 73728K, used 52361K [0x0000000083000000, 0x0000000100000000)
[2020-12-23T01:50:06.405-0400][gc,heap        ] GC(369398)   region size 1024K, 2 young (2048K), 1 survivors (1024K)
[2020-12-23T01:50:06.405-0400][gc,heap        ] GC(369398)  Metaspace       used 61025K, capacity 63755K, committed 64768K, reserved 1107968K
[2020-12-23T01:50:06.405-0400][gc,heap        ] GC(369398)   class space    used 5717K, capacity 6568K, committed 6912K, reserved 1048576K
[2020-12-23T01:50:06.405-0400][gc,start       ] GC(369398) Pause Young (Concurrent Start) (G1 Humongous Allocation)
[2020-12-23T01:50:06.405-0400][gc,task        ] GC(369398) Using 4 workers of 4 for evacuation
[2020-12-23T01:50:06.413-0400][gc,phases      ] GC(369398)   Pre Evacuate Collection Set: 0.3ms
[2020-12-23T01:50:06.413-0400][gc,phases      ] GC(369398)   Evacuate Collection Set: 6.9ms
[2020-12-23T01:50:06.414-0400][gc,phases      ] GC(369398)   Post Evacuate Collection Set: 0.6ms
[2020-12-23T01:50:06.414-0400][gc,phases      ] GC(369398)   Other: 0.9ms
[2020-12-23T01:50:06.414-0400][gc,heap        ] GC(369398) Eden regions: 1->0(7)
[2020-12-23T01:50:06.414-0400][gc,heap        ] GC(369398) Survivor regions: 1->1(1)
[2020-12-23T01:50:06.414-0400][gc,heap        ] GC(369398) Old regions: 49->49
[2020-12-23T01:50:06.414-0400][gc,heap        ] GC(369398) Humongous regions: 5->5
[2020-12-23T01:50:06.414-0400][gc,metaspace   ] GC(369398) Metaspace: 61025K->61025K(1107968K)
[2020-12-23T01:50:06.414-0400][gc,heap        ] GC(369398) Heap after GC invocations=369375 (full 10702): garbage-first heap   total 73728K, used 53578K [0x0000000083000000, 0x0000000100000000)
[2020-12-23T01:50:06.414-0400][gc,heap        ] GC(369398)   region size 1024K, 1 young (1024K), 1 survivors (1024K)
[2020-12-23T01:50:06.414-0400][gc,heap        ] GC(369398)  Metaspace       used 61025K, capacity 63755K, committed 64768K, reserved 1107968K
[2020-12-23T01:50:06.414-0400][gc,heap        ] GC(369398)   class space    used 5717K, capacity 6568K, committed 6912K, reserved 1048576K
[2020-12-23T01:50:06.414-0400][gc             ] GC(369398) Pause Young (Concurrent Start) (G1 Humongous Allocation) 52M->52M(72M) 9.038ms
[2020-12-23T01:50:06.414-0400][gc,cpu         ] GC(369398) User=0.01s Sys=0.01s Real=0.01s
[2020-12-23T01:50:06.414-0400][gc             ] GC(369399) Concurrent Cycle
[2020-12-23T01:50:06.415-0400][gc,marking     ] GC(369399) Concurrent Clear Claimed Marks
[2020-12-23T01:50:06.415-0400][gc,marking     ] GC(369399) Concurrent Clear Claimed Marks 0.551ms
[2020-12-23T01:50:06.415-0400][gc,marking     ] GC(369399) Concurrent Scan Root Regions
[2020-12-23T01:50:06.417-0400][gc,marking     ] GC(369399) Concurrent Scan Root Regions 1.935ms
[2020-12-23T01:50:06.418-0400][gc,marking     ] GC(369399) Concurrent Mark (3199121.172s)
[2020-12-23T01:50:06.418-0400][gc,marking     ] GC(369399) Concurrent Mark From Roots
[2020-12-23T01:50:06.418-0400][gc,task        ] GC(369399) Using 1 workers of 1 for marking
[2020-12-23T01:50:06.838-0400][gc,marking     ] GC(369399) Concurrent Mark From Roots 420.453ms
[2020-12-23T01:50:06.838-0400][gc,marking     ] GC(369399) Concurrent Preclean
[2020-12-23T01:50:06.839-0400][gc,marking     ] GC(369399) Concurrent Preclean 1.073ms
[2020-12-23T01:50:06.839-0400][gc,marking     ] GC(369399) Concurrent Mark (3199121.172s, 3199121.594s) 421.915ms
[2020-12-23T01:50:06.843-0400][gc,start       ] GC(369399) Pause Remark
[2020-12-23T01:50:06.918-0400][gc,stringtable ] GC(369399) Cleaned string and symbol table, strings: 32385 processed, 0 removed, symbols: 131469 processed, 0 removed
[2020-12-23T01:50:06.919-0400][gc             ] GC(369399) Pause Remark 54M->53M(72M) 75.756ms
[2020-12-23T01:50:06.919-0400][gc,cpu         ] GC(369399) User=0.16s Sys=0.00s Real=0.08s
[2020-12-23T01:50:06.920-0400][gc,marking     ] GC(369399) Concurrent Rebuild Remembered Sets
[2020-12-23T01:50:07.160-0400][gc,marking     ] GC(369399) Concurrent Rebuild Remembered Sets 239.960ms
[2020-12-23T01:50:07.161-0400][gc,start       ] GC(369399) Pause Cleanup
[2020-12-23T01:50:07.161-0400][gc             ] GC(369399) Pause Cleanup 53M->53M(72M) 0.532ms
[2020-12-23T01:50:07.162-0400][gc,cpu         ] GC(369399) User=0.00s Sys=0.00s Real=0.00s
[2020-12-23T01:50:07.162-0400][gc,marking     ] GC(369399) Concurrent Cleanup for Next Mark
[2020-12-23T01:50:07.163-0400][gc,marking     ] GC(369399) Concurrent Cleanup for Next Mark 1.104ms
[2020-12-23T01:50:07.163-0400][gc             ] GC(369399) Concurrent Cycle 748.692ms
[2020-12-23T01:50:09.440-0400][gc,heap        ] GC(369400) Heap before GC invocations=369376 (full 10702): garbage-first heap   total 73728K, used 59722K [0x0000000083000000, 0x0000000100000000)
[2020-12-23T01:50:09.441-0400][gc,heap        ] GC(369400)   region size 1024K, 8 young (8192K), 1 survivors (1024K)
[2020-12-23T01:50:09.441-0400][gc,heap        ] GC(369400)  Metaspace       used 61025K, capacity 63755K, committed 64768K, reserved 1107968K
[2020-12-23T01:50:09.441-0400][gc,heap        ] GC(369400)   class space    used 5717K, capacity 6568K, committed 6912K, reserved 1048576K
[2020-12-23T01:50:09.441-0400][gc,start       ] GC(369400) Pause Young (Normal) (G1 Evacuation Pause)
[2020-12-23T01:50:09.441-0400][gc,task        ] GC(369400) Using 4 workers of 4 for evacuation
[2020-12-23T01:50:09.452-0400][gc,phases      ] GC(369400)   Pre Evacuate Collection Set: 0.0ms
[2020-12-23T01:50:09.452-0400][gc,phases      ] GC(369400)   Evacuate Collection Set: 9.5ms
[2020-12-23T01:50:09.452-0400][gc,phases      ] GC(369400)   Post Evacuate Collection Set: 1.3ms
[2020-12-23T01:50:09.452-0400][gc,phases      ] GC(369400)   Other: 0.8ms
[2020-12-23T01:50:09.453-0400][gc,heap        ] GC(369400) Eden regions: 7->0(6)
[2020-12-23T01:50:09.453-0400][gc,heap        ] GC(369400) Survivor regions: 1->1(1)
[2020-12-23T01:50:09.453-0400][gc,heap        ] GC(369400) Old regions: 49->50
[2020-12-23T01:50:09.453-0400][gc,heap        ] GC(369400) Humongous regions: 5->5
[2020-12-23T01:50:09.453-0400][gc,metaspace   ] GC(369400) Metaspace: 61025K->61025K(1107968K)
[2020-12-23T01:50:09.453-0400][gc,heap        ] GC(369400) Heap after GC invocations=369377 (full 10702): garbage-first heap   total 73728K, used 53789K [0x0000000083000000, 0x0000000100000000)
[2020-12-23T01:50:09.453-0400][gc,heap        ] GC(369400)   region size 1024K, 1 young (1024K), 1 survivors (1024K)
[2020-12-23T01:50:09.453-0400][gc,heap        ] GC(369400)  Metaspace       used 61025K, capacity 63755K, committed 64768K, reserved 1107968K
[2020-12-23T01:50:09.453-0400][gc,heap        ] GC(369400)   class space    used 5717K, capacity 6568K, committed 6912K, reserved 1048576K
[2020-12-23T01:50:09.453-0400][gc             ] GC(369400) Pause Young (Normal) (G1 Evacuation Pause) 59M->52M(72M) 12.137ms
[2020-12-23T01:50:09.453-0400][gc,cpu         ] GC(369400) User=0.04s Sys=0.00s Real=0.01s
[2020-12-23T01:50:13.149-0400][gc,heap        ] GC(369401) Heap before GC invocations=369377 (full 10702): garbage-first heap   total 73728K, used 58909K [0x0000000083000000, 0x0000000100000000)
[2020-12-23T01:50:13.149-0400][gc,heap        ] GC(369401)   region size 1024K, 7 young (7168K), 1 survivors (1024K)
[2020-12-23T01:50:13.149-0400][gc,heap        ] GC(369401)  Metaspace       used 61025K, capacity 63755K, committed 64768K, reserved 1107968K
[2020-12-23T01:50:13.149-0400][gc,heap        ] GC(369401)   class space    used 5717K, capacity 6568K, committed 6912K, reserved 1048576K
[2020-12-23T01:50:13.149-0400][gc,start       ] GC(369401) Pause Young (Concurrent Start) (G1 Evacuation Pause)
[2020-12-23T01:50:13.149-0400][gc,task        ] GC(369401) Using 4 workers of 4 for evacuation
[2020-12-23T01:50:13.155-0400][gc,phases      ] GC(369401)   Pre Evacuate Collection Set: 0.2ms
[2020-12-23T01:50:13.155-0400][gc,phases      ] GC(369401)   Evacuate Collection Set: 4.0ms
[2020-12-23T01:50:13.155-0400][gc,phases      ] GC(369401)   Post Evacuate Collection Set: 1.2ms
[2020-12-23T01:50:13.155-0400][gc,phases      ] GC(369401)   Other: 0.9ms
[2020-12-23T01:50:13.155-0400][gc,heap        ] GC(369401) Eden regions: 6->0(6)
[2020-12-23T01:50:13.155-0400][gc,heap        ] GC(369401) Survivor regions: 1->1(1)
[2020-12-23T01:50:13.155-0400][gc,heap        ] GC(369401) Old regions: 50->50
[2020-12-23T01:50:13.155-0400][gc,heap        ] GC(369401) Humongous regions: 5->5
[2020-12-23T01:50:13.155-0400][gc,metaspace   ] GC(369401) Metaspace: 61025K->61025K(1107968K)
[2020-12-23T01:50:13.155-0400][gc,heap        ] GC(369401) Heap after GC invocations=369378 (full 10702): garbage-first heap   total 73728K, used 53329K [0x0000000083000000, 0x0000000100000000)
[2020-12-23T01:50:13.155-0400][gc,heap        ] GC(369401)   region size 1024K, 1 young (1024K), 1 survivors (1024K)
[2020-12-23T01:50:13.155-0400][gc,heap        ] GC(369401)  Metaspace       used 61025K, capacity 63755K, committed 64768K, reserved 1107968K
[2020-12-23T01:50:13.156-0400][gc,heap        ] GC(369401)   class space    used 5717K, capacity 6568K, committed 6912K, reserved 1048576K
[2020-12-23T01:50:13.156-0400][gc             ] GC(369401) Pause Young (Concurrent Start) (G1 Evacuation Pause) 58M->52M(72M) 6.728ms
[2020-12-23T01:50:13.156-0400][gc,cpu         ] GC(369401) User=0.01s Sys=0.01s Real=0.01s
[2020-12-23T01:50:13.156-0400][gc             ] GC(369402) Concurrent Cycle
[2020-12-23T01:50:13.156-0400][gc,marking     ] GC(369402) Concurrent Clear Claimed Marks
[2020-12-23T01:50:13.156-0400][gc,marking     ] GC(369402) Concurrent Clear Claimed Marks 0.249ms
[2020-12-23T01:50:13.156-0400][gc,marking     ] GC(369402) Concurrent Scan Root Regions
[2020-12-23T01:50:13.158-0400][gc,marking     ] GC(369402) Concurrent Scan Root Regions 1.974ms
[2020-12-23T01:50:13.159-0400][gc,marking     ] GC(369402) Concurrent Mark (3199127.913s)
[2020-12-23T01:50:13.159-0400][gc,marking     ] GC(369402) Concurrent Mark From Roots
[2020-12-23T01:50:13.159-0400][gc,task        ] GC(369402) Using 1 workers of 1 for marking
[2020-12-23T01:50:13.486-0400][gc,marking     ] GC(369402) Concurrent Mark From Roots 327.874ms
[2020-12-23T01:50:13.487-0400][gc,marking     ] GC(369402) Concurrent Preclean
[2020-12-23T01:50:13.487-0400][gc,marking     ] GC(369402) Concurrent Preclean 0.691ms
[2020-12-23T01:50:13.487-0400][gc,marking     ] GC(369402) Concurrent Mark (3199127.913s, 3199128.242s) 328.824ms
[2020-12-23T01:50:13.488-0400][gc,start       ] GC(369402) Pause Remark
[2020-12-23T01:50:13.540-0400][gc,stringtable ] GC(369402) Cleaned string and symbol table, strings: 32385 processed, 0 removed, symbols: 131469 processed, 0 removed
[2020-12-23T01:50:13.541-0400][gc             ] GC(369402) Pause Remark 52M->50M(72M) 52.475ms
[2020-12-23T01:50:13.541-0400][gc,cpu         ] GC(369402) User=0.16s Sys=0.00s Real=0.05s
[2020-12-23T01:50:13.541-0400][gc,marking     ] GC(369402) Concurrent Rebuild Remembered Sets
[2020-12-23T01:50:13.735-0400][gc,marking     ] GC(369402) Concurrent Rebuild Remembered Sets 194.076ms
[2020-12-23T01:50:13.736-0400][gc,start       ] GC(369402) Pause Cleanup
[2020-12-23T01:50:13.737-0400][gc             ] GC(369402) Pause Cleanup 50M->50M(72M) 0.581ms
[2020-12-23T01:50:13.737-0400][gc,cpu         ] GC(369402) User=0.00s Sys=0.00s Real=0.00s
[2020-12-23T01:50:13.738-0400][gc,marking     ] GC(369402) Concurrent Cleanup for Next Mark
[2020-12-23T01:50:13.738-0400][gc,marking     ] GC(369402) Concurrent Cleanup for Next Mark 0.761ms
[2020-12-23T01:50:13.739-0400][gc             ] GC(369402) Concurrent Cycle 582.575ms
[2020-12-23T01:50:21.401-0400][gc,heap        ] GC(369403) Heap before GC invocations=369379 (full 10702): garbage-first heap   total 73728K, used 56401K [0x0000000083000000, 0x0000000100000000)
[2020-12-23T01:50:21.401-0400][gc,heap        ] GC(369403)   region size 1024K, 7 young (7168K), 1 survivors (1024K)
[2020-12-23T01:50:21.401-0400][gc,heap        ] GC(369403)  Metaspace       used 61029K, capacity 63761K, committed 64768K, reserved 1107968K
[2020-12-23T01:50:21.401-0400][gc,heap        ] GC(369403)   class space    used 5718K, capacity 6570K, committed 6912K, reserved 1048576K
[2020-12-23T01:50:21.401-0400][gc,start       ] GC(369403) Pause Young (Normal) (G1 Evacuation Pause)
[2020-12-23T01:50:21.402-0400][gc,task        ] GC(369403) Using 4 workers of 4 for evacuation
[2020-12-23T01:50:21.408-0400][gc,phases      ] GC(369403)   Pre Evacuate Collection Set: 0.0ms
[2020-12-23T01:50:21.408-0400][gc,phases      ] GC(369403)   Evacuate Collection Set: 4.4ms
[2020-12-23T01:50:21.408-0400][gc,phases      ] GC(369403)   Post Evacuate Collection Set: 1.8ms
[2020-12-23T01:50:21.409-0400][gc,phases      ] GC(369403)   Other: 0.9ms
[2020-12-23T01:50:21.409-0400][gc,heap        ] GC(369403) Eden regions: 6->0(7)
[2020-12-23T01:50:21.409-0400][gc,heap        ] GC(369403) Survivor regions: 1->1(1)
[2020-12-23T01:50:21.409-0400][gc,heap        ] GC(369403) Old regions: 49->49
[2020-12-23T01:50:21.409-0400][gc,heap        ] GC(369403) Humongous regions: 4->4
[2020-12-23T01:50:21.409-0400][gc,metaspace   ] GC(369403) Metaspace: 61029K->61029K(1107968K)
[2020-12-23T01:50:21.409-0400][gc,heap        ] GC(369403) Heap after GC invocations=369380 (full 10702): garbage-first heap   total 73728K, used 51577K [0x0000000083000000, 0x0000000100000000)
[2020-12-23T01:50:21.409-0400][gc,heap        ] GC(369403)   region size 1024K, 1 young (1024K), 1 survivors (1024K)
[2020-12-23T01:50:21.409-0400][gc,heap        ] GC(369403)  Metaspace       used 61029K, capacity 63761K, committed 64768K, reserved 1107968K
[2020-12-23T01:50:21.409-0400][gc,heap        ] GC(369403)   class space    used 5718K, capacity 6570K, committed 6912K, reserved 1048576K
[2020-12-23T01:50:21.409-0400][gc             ] GC(369403) Pause Young (Normal) (G1 Evacuation Pause) 56M->50M(72M) 7.568ms
[2020-12-23T01:50:21.409-0400][gc,cpu         ] GC(369403) User=0.01s Sys=0.01s Real=0.01s
[2020-12-23T01:50:27.339-0400][gc,heap        ] GC(369404) Heap before GC invocations=369380 (full 10702): garbage-first heap   total 73728K, used 57721K [0x0000000083000000, 0x0000000100000000)
[2020-12-23T01:50:27.339-0400][gc,heap        ] GC(369404)   region size 1024K, 8 young (8192K), 1 survivors (1024K)
[2020-12-23T01:50:27.339-0400][gc,heap        ] GC(369404)  Metaspace       used 61029K, capacity 63761K, committed 64768K, reserved 1107968K
[2020-12-23T01:50:27.339-0400][gc,heap        ] GC(369404)   class space    used 5718K, capacity 6570K, committed 6912K, reserved 1048576K
[2020-12-23T01:50:27.339-0400][gc,start       ] GC(369404) Pause Young (Concurrent Start) (G1 Evacuation Pause)
[2020-12-23T01:50:27.339-0400][gc,task        ] GC(369404) Using 4 workers of 4 for evacuation
[2020-12-23T01:50:27.351-0400][gc,phases      ] GC(369404)   Pre Evacuate Collection Set: 0.2ms
[2020-12-23T01:50:27.351-0400][gc,phases      ] GC(369404)   Evacuate Collection Set: 7.5ms
[2020-12-23T01:50:27.351-0400][gc,phases      ] GC(369404)   Post Evacuate Collection Set: 3.5ms
[2020-12-23T01:50:27.352-0400][gc,phases      ] GC(369404)   Other: 1.1ms
[2020-12-23T01:50:27.352-0400][gc,heap        ] GC(369404) Eden regions: 7->0(7)
[2020-12-23T01:50:27.352-0400][gc,heap        ] GC(369404) Survivor regions: 1->1(1)
[2020-12-23T01:50:27.352-0400][gc,heap        ] GC(369404) Old regions: 49->49
[2020-12-23T01:50:27.352-0400][gc,heap        ] GC(369404) Humongous regions: 4->4
[2020-12-23T01:50:27.352-0400][gc,metaspace   ] GC(369404) Metaspace: 61029K->61029K(1107968K)
[2020-12-23T01:50:27.352-0400][gc,heap        ] GC(369404) Heap after GC invocations=369381 (full 10702): garbage-first heap   total 73728K, used 52267K [0x0000000083000000, 0x0000000100000000)
[2020-12-23T01:50:27.352-0400][gc,heap        ] GC(369404)   region size 1024K, 1 young (1024K), 1 survivors (1024K)
[2020-12-23T01:50:27.352-0400][gc,heap        ] GC(369404)  Metaspace       used 61029K, capacity 63761K, committed 64768K, reserved 1107968K
[2020-12-23T01:50:27.352-0400][gc,heap        ] GC(369404)   class space    used 5718K, capacity 6570K, committed 6912K, reserved 1048576K
[2020-12-23T01:50:27.352-0400][gc             ] GC(369404) Pause Young (Concurrent Start) (G1 Evacuation Pause) 57M->51M(72M) 12.765ms
[2020-12-23T01:50:27.352-0400][gc,cpu         ] GC(369404) User=0.02s Sys=0.01s Real=0.01s
[2020-12-23T01:50:27.352-0400][gc             ] GC(369405) Concurrent Cycle
[2020-12-23T01:50:27.353-0400][gc,marking     ] GC(369405) Concurrent Clear Claimed Marks
[2020-12-23T01:50:27.353-0400][gc,marking     ] GC(369405) Concurrent Clear Claimed Marks 0.624ms
[2020-12-23T01:50:27.353-0400][gc,marking     ] GC(369405) Concurrent Scan Root Regions
[2020-12-23T01:50:27.359-0400][gc,marking     ] GC(369405) Concurrent Scan Root Regions 5.458ms
[2020-12-23T01:50:27.359-0400][gc,marking     ] GC(369405) Concurrent Mark (3199142.113s)
[2020-12-23T01:50:27.359-0400][gc,marking     ] GC(369405) Concurrent Mark From Roots
[2020-12-23T01:50:27.359-0400][gc,task        ] GC(369405) Using 1 workers of 1 for marking
[2020-12-23T01:50:27.718-0400][gc,marking     ] GC(369405) Concurrent Mark From Roots 358.761ms
[2020-12-23T01:50:27.718-0400][gc,marking     ] GC(369405) Concurrent Preclean
[2020-12-23T01:50:27.719-0400][gc,marking     ] GC(369405) Concurrent Preclean 0.897ms
[2020-12-23T01:50:27.719-0400][gc,marking     ] GC(369405) Concurrent Mark (3199142.113s, 3199142.473s) 359.984ms
[2020-12-23T01:50:27.720-0400][gc,start       ] GC(369405) Pause Remark
[2020-12-23T01:50:27.780-0400][gc,stringtable ] GC(369405) Cleaned string and symbol table, strings: 32387 processed, 0 removed, symbols: 131473 processed, 0 removed
[2020-12-23T01:50:27.781-0400][gc             ] GC(369405) Pause Remark 54M->54M(72M) 61.069ms
[2020-12-23T01:50:27.781-0400][gc,cpu         ] GC(369405) User=0.16s Sys=0.00s Real=0.06s
[2020-12-23T01:50:27.782-0400][gc,marking     ] GC(369405) Concurrent Rebuild Remembered Sets
[2020-12-23T01:50:27.987-0400][gc,marking     ] GC(369405) Concurrent Rebuild Remembered Sets 205.914ms
[2020-12-23T01:50:27.988-0400][gc,start       ] GC(369405) Pause Cleanup
[2020-12-23T01:50:27.989-0400][gc             ] GC(369405) Pause Cleanup 54M->54M(72M) 0.588ms
[2020-12-23T01:50:27.989-0400][gc,cpu         ] GC(369405) User=0.00s Sys=0.00s Real=0.00s
[2020-12-23T01:50:27.990-0400][gc,marking     ] GC(369405) Concurrent Cleanup for Next Mark
[2020-12-23T01:50:27.991-0400][gc,marking     ] GC(369405) Concurrent Cleanup for Next Mark 1.031ms
[2020-12-23T01:50:27.991-0400][gc             ] GC(369405) Concurrent Cycle 638.432ms
[2020-12-23T01:50:35.306-0400][gc,heap        ] GC(369406) Heap before GC invocations=369382 (full 10702): garbage-first heap   total 73728K, used 58411K [0x0000000083000000, 0x0000000100000000)
[2020-12-23T01:50:35.306-0400][gc,heap        ] GC(369406)   region size 1024K, 8 young (8192K), 1 survivors (1024K)
[2020-12-23T01:50:35.306-0400][gc,heap        ] GC(369406)  Metaspace       used 61029K, capacity 63761K, committed 64768K, reserved 1107968K
[2020-12-23T01:50:35.306-0400][gc,heap        ] GC(369406)   class space    used 5718K, capacity 6570K, committed 6912K, reserved 1048576K
[2020-12-23T01:50:35.306-0400][gc,start       ] GC(369406) Pause Young (Normal) (G1 Evacuation Pause)
[2020-12-23T01:50:35.306-0400][gc,task        ] GC(369406) Using 4 workers of 4 for evacuation
[2020-12-23T01:50:35.312-0400][gc,phases      ] GC(369406)   Pre Evacuate Collection Set: 0.0ms
[2020-12-23T01:50:35.312-0400][gc,phases      ] GC(369406)   Evacuate Collection Set: 4.4ms
[2020-12-23T01:50:35.312-0400][gc,phases      ] GC(369406)   Post Evacuate Collection Set: 1.2ms
[2020-12-23T01:50:35.313-0400][gc,phases      ] GC(369406)   Other: 0.8ms
[2020-12-23T01:50:35.313-0400][gc,heap        ] GC(369406) Eden regions: 7->0(7)
[2020-12-23T01:50:35.313-0400][gc,heap        ] GC(369406) Survivor regions: 1->1(1)
[2020-12-23T01:50:35.313-0400][gc,heap        ] GC(369406) Old regions: 49->49
[2020-12-23T01:50:35.313-0400][gc,heap        ] GC(369406) Humongous regions: 4->4
[2020-12-23T01:50:35.313-0400][gc,metaspace   ] GC(369406) Metaspace: 61029K->61029K(1107968K)
[2020-12-23T01:50:35.313-0400][gc,heap        ] GC(369406) Heap after GC invocations=369383 (full 10702): garbage-first heap   total 73728K, used 51517K [0x0000000083000000, 0x0000000100000000)
[2020-12-23T01:50:35.313-0400][gc,heap        ] GC(369406)   region size 1024K, 1 young (1024K), 1 survivors (1024K)
[2020-12-23T01:50:35.313-0400][gc,heap        ] GC(369406)  Metaspace       used 61029K, capacity 63761K, committed 64768K, reserved 1107968K
[2020-12-23T01:50:35.313-0400][gc,heap        ] GC(369406)   class space    used 5718K, capacity 6570K, committed 6912K, reserved 1048576K
[2020-12-23T01:50:35.313-0400][gc             ] GC(369406) Pause Young (Normal) (G1 Evacuation Pause) 58M->50M(72M) 6.924ms
[2020-12-23T01:50:35.313-0400][gc,cpu         ] GC(369406) User=0.02s Sys=0.00s Real=0.00s
[2020-12-23T01:50:45.645-0400][gc,heap        ] GC(369407) Heap before GC invocations=369383 (full 10702): garbage-first heap   total 73728K, used 57661K [0x0000000083000000, 0x0000000100000000)
[2020-12-23T01:50:45.645-0400][gc,heap        ] GC(369407)   region size 1024K, 8 young (8192K), 1 survivors (1024K)
[2020-12-23T01:50:45.645-0400][gc,heap        ] GC(369407)  Metaspace       used 61029K, capacity 63761K, committed 64768K, reserved 1107968K
[2020-12-23T01:50:45.646-0400][gc,heap        ] GC(369407)   class space    used 5718K, capacity 6570K, committed 6912K, reserved 1048576K
[2020-12-23T01:50:45.646-0400][gc,start       ] GC(369407) Pause Young (Concurrent Start) (G1 Evacuation Pause)
[2020-12-23T01:50:45.646-0400][gc,task        ] GC(369407) Using 4 workers of 4 for evacuation
[2020-12-23T01:50:45.659-0400][gc,phases      ] GC(369407)   Pre Evacuate Collection Set: 0.3ms
[2020-12-23T01:50:45.660-0400][gc,phases      ] GC(369407)   Evacuate Collection Set: 10.4ms
[2020-12-23T01:50:45.660-0400][gc,phases      ] GC(369407)   Post Evacuate Collection Set: 2.1ms
[2020-12-23T01:50:45.660-0400][gc,phases      ] GC(369407)   Other: 1.4ms
[2020-12-23T01:50:45.660-0400][gc,heap        ] GC(369407) Eden regions: 7->0(7)
[2020-12-23T01:50:45.660-0400][gc,heap        ] GC(369407) Survivor regions: 1->1(1)
[2020-12-23T01:50:45.660-0400][gc,heap        ] GC(369407) Old regions: 49->49
[2020-12-23T01:50:45.660-0400][gc,heap        ] GC(369407) Humongous regions: 4->4
[2020-12-23T01:50:45.660-0400][gc,metaspace   ] GC(369407) Metaspace: 61029K->61029K(1107968K)
[2020-12-23T01:50:45.660-0400][gc,heap        ] GC(369407) Heap after GC invocations=369384 (full 10702): garbage-first heap   total 73728K, used 52605K [0x0000000083000000, 0x0000000100000000)
[2020-12-23T01:50:45.660-0400][gc,heap        ] GC(369407)   region size 1024K, 1 young (1024K), 1 survivors (1024K)
[2020-12-23T01:50:45.660-0400][gc,heap        ] GC(369407)  Metaspace       used 61029K, capacity 63761K, committed 64768K, reserved 1107968K
[2020-12-23T01:50:45.660-0400][gc,heap        ] GC(369407)   class space    used 5718K, capacity 6570K, committed 6912K, reserved 1048576K
[2020-12-23T01:50:45.660-0400][gc             ] GC(369407) Pause Young (Concurrent Start) (G1 Evacuation Pause) 57M->51M(72M) 14.612ms
[2020-12-23T01:50:45.660-0400][gc,cpu         ] GC(369407) User=0.02s Sys=0.02s Real=0.01s
[2020-12-23T01:50:45.661-0400][gc             ] GC(369408) Concurrent Cycle
[2020-12-23T01:50:45.661-0400][gc,marking     ] GC(369408) Concurrent Clear Claimed Marks
[2020-12-23T01:50:45.661-0400][gc,marking     ] GC(369408) Concurrent Clear Claimed Marks 0.366ms
[2020-12-23T01:50:45.661-0400][gc,marking     ] GC(369408) Concurrent Scan Root Regions
[2020-12-23T01:50:45.667-0400][gc,marking     ] GC(369408) Concurrent Scan Root Regions 5.872ms
[2020-12-23T01:50:45.667-0400][gc,marking     ] GC(369408) Concurrent Mark (3199160.422s)
[2020-12-23T01:50:45.668-0400][gc,marking     ] GC(369408) Concurrent Mark From Roots
[2020-12-23T01:50:45.668-0400][gc,task        ] GC(369408) Using 1 workers of 1 for marking
[2020-12-23T01:50:46.028-0400][gc,marking     ] GC(369408) Concurrent Mark From Roots 360.869ms
[2020-12-23T01:50:46.029-0400][gc,marking     ] GC(369408) Concurrent Preclean
[2020-12-23T01:50:46.030-0400][gc,marking     ] GC(369408) Concurrent Preclean 1.107ms
[2020-12-23T01:50:46.030-0400][gc,marking     ] GC(369408) Concurrent Mark (3199160.422s, 3199160.785s) 362.469ms
[2020-12-23T01:50:46.031-0400][gc,start       ] GC(369408) Pause Remark
[2020-12-23T01:50:46.091-0400][gc,stringtable ] GC(369408) Cleaned string and symbol table, strings: 32387 processed, 0 removed, symbols: 131473 processed, 0 removed
[2020-12-23T01:50:46.092-0400][gc             ] GC(369408) Pause Remark 54M->54M(72M) 60.811ms
[2020-12-23T01:50:46.092-0400][gc,cpu         ] GC(369408) User=0.16s Sys=0.00s Real=0.06s
[2020-12-23T01:50:46.092-0400][gc,marking     ] GC(369408) Concurrent Rebuild Remembered Sets
[2020-12-23T01:50:46.298-0400][gc,marking     ] GC(369408) Concurrent Rebuild Remembered Sets 205.512ms
[2020-12-23T01:50:46.299-0400][gc,start       ] GC(369408) Pause Cleanup
[2020-12-23T01:50:46.299-0400][gc             ] GC(369408) Pause Cleanup 54M->54M(72M) 0.512ms
[2020-12-23T01:50:46.300-0400][gc,cpu         ] GC(369408) User=0.00s Sys=0.00s Real=0.00s
[2020-12-23T01:50:46.300-0400][gc,marking     ] GC(369408) Concurrent Cleanup for Next Mark
[2020-12-23T01:50:46.301-0400][gc,marking     ] GC(369408) Concurrent Cleanup for Next Mark 1.080ms
[2020-12-23T01:50:46.301-0400][gc             ] GC(369408) Concurrent Cycle 640.332ms
[2020-12-23T01:50:53.986-0400][gc,heap        ] GC(369409) Heap before GC invocations=369385 (full 10702): garbage-first heap   total 73728K, used 58749K [0x0000000083000000, 0x0000000100000000)
[2020-12-23T01:50:53.987-0400][gc,heap        ] GC(369409)   region size 1024K, 8 young (8192K), 1 survivors (1024K)
[2020-12-23T01:50:53.987-0400][gc,heap        ] GC(369409)  Metaspace       used 61030K, capacity 63761K, committed 64768K, reserved 1107968K
[2020-12-23T01:50:53.987-0400][gc,heap        ] GC(369409)   class space    used 5718K, capacity 6570K, committed 6912K, reserved 1048576K
[2020-12-23T01:50:53.987-0400][gc,start       ] GC(369409) Pause Young (Normal) (G1 Evacuation Pause)
[2020-12-23T01:50:53.987-0400][gc,task        ] GC(369409) Using 4 workers of 4 for evacuation
[2020-12-23T01:50:53.999-0400][gc,phases      ] GC(369409)   Pre Evacuate Collection Set: 0.0ms
[2020-12-23T01:50:53.999-0400][gc,phases      ] GC(369409)   Evacuate Collection Set: 8.6ms
[2020-12-23T01:50:53.999-0400][gc,phases      ] GC(369409)   Post Evacuate Collection Set: 2.5ms
[2020-12-23T01:50:53.999-0400][gc,phases      ] GC(369409)   Other: 0.9ms
[2020-12-23T01:50:53.999-0400][gc,heap        ] GC(369409) Eden regions: 7->0(6)
[2020-12-23T01:50:53.999-0400][gc,heap        ] GC(369409) Survivor regions: 1->1(1)
[2020-12-23T01:50:53.999-0400][gc,heap        ] GC(369409) Old regions: 49->50
[2020-12-23T01:50:53.999-0400][gc,heap        ] GC(369409) Humongous regions: 4->4
[2020-12-23T01:50:53.999-0400][gc,metaspace   ] GC(369409) Metaspace: 61030K->61030K(1107968K)
[2020-12-23T01:50:53.999-0400][gc,heap        ] GC(369409) Heap after GC invocations=369386 (full 10702): garbage-first heap   total 73728K, used 52613K [0x0000000083000000, 0x0000000100000000)
[2020-12-23T01:50:53.999-0400][gc,heap        ] GC(369409)   region size 1024K, 1 young (1024K), 1 survivors (1024K)
[2020-12-23T01:50:53.999-0400][gc,heap        ] GC(369409)  Metaspace       used 61030K, capacity 63761K, committed 64768K, reserved 1107968K
[2020-12-23T01:50:53.999-0400][gc,heap        ] GC(369409)   class space    used 5718K, capacity 6570K, committed 6912K, reserved 1048576K
[2020-12-23T01:50:54.000-0400][gc             ] GC(369409) Pause Young (Normal) (G1 Evacuation Pause) 58M->51M(72M) 12.628ms
[2020-12-23T01:50:54.000-0400][gc,cpu         ] GC(369409) User=0.04s Sys=0.00s Real=0.01s
[2020-12-23T01:51:02.996-0400][gc,heap        ] GC(369410) Heap before GC invocations=369386 (full 10702): garbage-first heap   total 73728K, used 57733K [0x0000000083000000, 0x0000000100000000)
[2020-12-23T01:51:02.996-0400][gc,heap        ] GC(369410)   region size 1024K, 7 young (7168K), 1 survivors (1024K)
[2020-12-23T01:51:02.997-0400][gc,heap        ] GC(369410)  Metaspace       used 61030K, capacity 63761K, committed 64768K, reserved 1107968K
[2020-12-23T01:51:02.997-0400][gc,heap        ] GC(369410)   class space    used 5718K, capacity 6570K, committed 6912K, reserved 1048576K
[2020-12-23T01:51:02.997-0400][gc,start       ] GC(369410) Pause Young (Concurrent Start) (G1 Evacuation Pause)
[2020-12-23T01:51:02.997-0400][gc,task        ] GC(369410) Using 4 workers of 4 for evacuation
[2020-12-23T01:51:03.007-0400][gc,phases      ] GC(369410)   Pre Evacuate Collection Set: 0.4ms
[2020-12-23T01:51:03.007-0400][gc,phases      ] GC(369410)   Evacuate Collection Set: 6.7ms
[2020-12-23T01:51:03.007-0400][gc,phases      ] GC(369410)   Post Evacuate Collection Set: 1.8ms
[2020-12-23T01:51:03.007-0400][gc,phases      ] GC(369410)   Other: 1.8ms
[2020-12-23T01:51:03.007-0400][gc,heap        ] GC(369410) Eden regions: 6->0(6)
[2020-12-23T01:51:03.007-0400][gc,heap        ] GC(369410) Survivor regions: 1->1(1)
[2020-12-23T01:51:03.007-0400][gc,heap        ] GC(369410) Old regions: 50->50
[2020-12-23T01:51:03.007-0400][gc,heap        ] GC(369410) Humongous regions: 4->4
[2020-12-23T01:51:03.007-0400][gc,metaspace   ] GC(369410) Metaspace: 61030K->61030K(1107968K)
[2020-12-23T01:51:03.007-0400][gc,heap        ] GC(369410) Heap after GC invocations=369387 (full 10702): garbage-first heap   total 73728K, used 52727K [0x0000000083000000, 0x0000000100000000)
[2020-12-23T01:51:03.007-0400][gc,heap        ] GC(369410)   region size 1024K, 1 young (1024K), 1 survivors (1024K)
[2020-12-23T01:51:03.007-0400][gc,heap        ] GC(369410)  Metaspace       used 61030K, capacity 63761K, committed 64768K, reserved 1107968K
[2020-12-23T01:51:03.007-0400][gc,heap        ] GC(369410)   class space    used 5718K, capacity 6570K, committed 6912K, reserved 1048576K
[2020-12-23T01:51:03.008-0400][gc             ] GC(369410) Pause Young (Concurrent Start) (G1 Evacuation Pause) 57M->51M(72M) 10.607ms
[2020-12-23T01:51:03.008-0400][gc,cpu         ] GC(369410) User=0.03s Sys=0.00s Real=0.01s
[2020-12-23T01:51:03.008-0400][gc             ] GC(369411) Concurrent Cycle
[2020-12-23T01:51:03.008-0400][gc,marking     ] GC(369411) Concurrent Clear Claimed Marks
[2020-12-23T01:51:03.008-0400][gc,marking     ] GC(369411) Concurrent Clear Claimed Marks 0.343ms
[2020-12-23T01:51:03.009-0400][gc,marking     ] GC(369411) Concurrent Scan Root Regions
[2020-12-23T01:51:03.016-0400][gc,marking     ] GC(369411) Concurrent Scan Root Regions 6.976ms
[2020-12-23T01:51:03.016-0400][gc,marking     ] GC(369411) Concurrent Mark (3199177.770s)
[2020-12-23T01:51:03.016-0400][gc,marking     ] GC(369411) Concurrent Mark From Roots
[2020-12-23T01:51:03.016-0400][gc,task        ] GC(369411) Using 1 workers of 1 for marking
[2020-12-23T01:51:03.425-0400][gc,marking     ] GC(369411) Concurrent Mark From Roots 408.708ms
[2020-12-23T01:51:03.425-0400][gc,marking     ] GC(369411) Concurrent Preclean
[2020-12-23T01:51:03.425-0400][gc,marking     ] GC(369411) Concurrent Preclean 0.696ms
[2020-12-23T01:51:03.425-0400][gc,marking     ] GC(369411) Concurrent Mark (3199177.770s, 3199178.180s) 409.762ms
[2020-12-23T01:51:03.426-0400][gc,start       ] GC(369411) Pause Remark
[2020-12-23T01:51:03.491-0400][gc,stringtable ] GC(369411) Cleaned string and symbol table, strings: 32387 processed, 0 removed, symbols: 131473 processed, 0 removed
[2020-12-23T01:51:03.491-0400][gc             ] GC(369411) Pause Remark 54M->54M(72M) 64.856ms
[2020-12-23T01:51:03.492-0400][gc,cpu         ] GC(369411) User=0.10s Sys=0.07s Real=0.06s
[2020-12-23T01:51:03.492-0400][gc,marking     ] GC(369411) Concurrent Rebuild Remembered Sets
[2020-12-23T01:51:03.760-0400][gc,heap        ] GC(369412) Heap before GC invocations=369387 (full 10702): garbage-first heap   total 73728K, used 58871K [0x0000000083000000, 0x0000000100000000)
[2020-12-23T01:51:03.760-0400][gc,heap        ] GC(369412)   region size 1024K, 7 young (7168K), 1 survivors (1024K)
[2020-12-23T01:51:03.760-0400][gc,heap        ] GC(369412)  Metaspace       used 61030K, capacity 63761K, committed 64768K, reserved 1107968K
[2020-12-23T01:51:03.760-0400][gc,heap        ] GC(369412)   class space    used 5718K, capacity 6570K, committed 6912K, reserved 1048576K
[2020-12-23T01:51:03.761-0400][gc,start       ] GC(369412) Pause Young (Normal) (G1 Evacuation Pause)
[2020-12-23T01:51:03.761-0400][gc,task        ] GC(369412) Using 4 workers of 4 for evacuation
[2020-12-23T01:51:03.773-0400][gc,phases      ] GC(369412)   Pre Evacuate Collection Set: 0.0ms
[2020-12-23T01:51:03.774-0400][gc,phases      ] GC(369412)   Evacuate Collection Set: 9.3ms
[2020-12-23T01:51:03.774-0400][gc,phases      ] GC(369412)   Post Evacuate Collection Set: 3.0ms
[2020-12-23T01:51:03.774-0400][gc,phases      ] GC(369412)   Other: 1.0ms
[2020-12-23T01:51:03.774-0400][gc,heap        ] GC(369412) Eden regions: 6->0(6)
[2020-12-23T01:51:03.774-0400][gc,heap        ] GC(369412) Survivor regions: 1->1(1)
[2020-12-23T01:51:03.774-0400][gc,heap        ] GC(369412) Old regions: 50->50
[2020-12-23T01:51:03.774-0400][gc,heap        ] GC(369412) Humongous regions: 4->4
[2020-12-23T01:51:03.774-0400][gc,metaspace   ] GC(369412) Metaspace: 61030K->61030K(1107968K)
[2020-12-23T01:51:03.774-0400][gc,heap        ] GC(369412) Heap after GC invocations=369388 (full 10702): garbage-first heap   total 73728K, used 53519K [0x0000000083000000, 0x0000000100000000)
[2020-12-23T01:51:03.774-0400][gc,heap        ] GC(369412)   region size 1024K, 1 young (1024K), 1 survivors (1024K)
[2020-12-23T01:51:03.774-0400][gc,heap        ] GC(369412)  Metaspace       used 61030K, capacity 63761K, committed 64768K, reserved 1107968K
[2020-12-23T01:51:03.774-0400][gc,heap        ] GC(369412)   class space    used 5718K, capacity 6570K, committed 6912K, reserved 1048576K
[2020-12-23T01:51:03.774-0400][gc             ] GC(369412) Pause Young (Normal) (G1 Evacuation Pause) 57M->52M(72M) 13.669ms
[2020-12-23T01:51:03.774-0400][gc,cpu         ] GC(369412) User=0.04s Sys=0.00s Real=0.01s
[2020-12-23T01:51:03.827-0400][gc,marking     ] GC(369411) Concurrent Rebuild Remembered Sets 334.760ms
[2020-12-23T01:51:03.828-0400][gc,start       ] GC(369411) Pause Cleanup
[2020-12-23T01:51:03.828-0400][gc             ] GC(369411) Pause Cleanup 54M->54M(72M) 0.516ms
[2020-12-23T01:51:03.829-0400][gc,cpu         ] GC(369411) User=0.00s Sys=0.00s Real=0.00s
[2020-12-23T01:51:03.829-0400][gc,marking     ] GC(369411) Concurrent Cleanup for Next Mark
[2020-12-23T01:51:03.830-0400][gc,marking     ] GC(369411) Concurrent Cleanup for Next Mark 1.000ms
[2020-12-23T01:51:03.830-0400][gc             ] GC(369411) Concurrent Cycle 822.016ms
[2020-12-23T01:51:10.088-0400][gc,heap        ] GC(369413) Heap before GC invocations=369389 (full 10702): garbage-first heap   total 73728K, used 58639K [0x0000000083000000, 0x0000000100000000)
[2020-12-23T01:51:10.088-0400][gc,heap        ] GC(369413)   region size 1024K, 7 young (7168K), 1 survivors (1024K)
[2020-12-23T01:51:10.088-0400][gc,heap        ] GC(369413)  Metaspace       used 61030K, capacity 63761K, committed 64768K, reserved 1107968K
[2020-12-23T01:51:10.088-0400][gc,heap        ] GC(369413)   class space    used 5718K, capacity 6570K, committed 6912K, reserved 1048576K
[2020-12-23T01:51:10.088-0400][gc,start       ] GC(369413) Pause Young (Prepare Mixed) (G1 Evacuation Pause)
[2020-12-23T01:51:10.088-0400][gc,task        ] GC(369413) Using 4 workers of 4 for evacuation
[2020-12-23T01:51:10.095-0400][gc,phases      ] GC(369413)   Pre Evacuate Collection Set: 0.0ms
[2020-12-23T01:51:10.095-0400][gc,phases      ] GC(369413)   Evacuate Collection Set: 5.6ms
[2020-12-23T01:51:10.095-0400][gc,phases      ] GC(369413)   Post Evacuate Collection Set: 0.9ms
[2020-12-23T01:51:10.095-0400][gc,phases      ] GC(369413)   Other: 0.8ms
[2020-12-23T01:51:10.095-0400][gc,heap        ] GC(369413) Eden regions: 6->0(2)
[2020-12-23T01:51:10.095-0400][gc,heap        ] GC(369413) Survivor regions: 1->1(1)
[2020-12-23T01:51:10.096-0400][gc,heap        ] GC(369413) Old regions: 50->51
[2020-12-23T01:51:10.096-0400][gc,heap        ] GC(369413) Humongous regions: 4->4
[2020-12-23T01:51:10.096-0400][gc,metaspace   ] GC(369413) Metaspace: 61030K->61030K(1107968K)
[2020-12-23T01:51:10.096-0400][gc,heap        ] GC(369413) Heap after GC invocations=369390 (full 10702): garbage-first heap   total 73728K, used 52811K [0x0000000083000000, 0x0000000100000000)
[2020-12-23T01:51:10.096-0400][gc,heap        ] GC(369413)   region size 1024K, 1 young (1024K), 1 survivors (1024K)
[2020-12-23T01:51:10.096-0400][gc,heap        ] GC(369413)  Metaspace       used 61030K, capacity 63761K, committed 64768K, reserved 1107968K
[2020-12-23T01:51:10.096-0400][gc,heap        ] GC(369413)   class space    used 5718K, capacity 6570K, committed 6912K, reserved 1048576K
[2020-12-23T01:51:10.096-0400][gc             ] GC(369413) Pause Young (Prepare Mixed) (G1 Evacuation Pause) 58M->51M(72M) 7.910ms
[2020-12-23T01:51:10.096-0400][gc,cpu         ] GC(369413) User=0.02s Sys=0.00s Real=0.01s
[2020-12-23T01:51:13.893-0400][gc,heap        ] GC(369414) Heap before GC invocations=369390 (full 10702): garbage-first heap   total 73728K, used 53835K [0x0000000083000000, 0x0000000100000000)
[2020-12-23T01:51:13.893-0400][gc,heap        ] GC(369414)   region size 1024K, 3 young (3072K), 1 survivors (1024K)
[2020-12-23T01:51:13.893-0400][gc,heap        ] GC(369414)  Metaspace       used 61030K, capacity 63761K, committed 64768K, reserved 1107968K
[2020-12-23T01:51:13.893-0400][gc,heap        ] GC(369414)   class space    used 5718K, capacity 6570K, committed 6912K, reserved 1048576K
[2020-12-23T01:51:13.893-0400][gc,start       ] GC(369414) Pause Young (Mixed) (G1 Evacuation Pause)
[2020-12-23T01:51:13.893-0400][gc,task        ] GC(369414) Using 4 workers of 4 for evacuation
[2020-12-23T01:51:13.898-0400][gc,phases      ] GC(369414)   Pre Evacuate Collection Set: 0.0ms
[2020-12-23T01:51:13.898-0400][gc,phases      ] GC(369414)   Evacuate Collection Set: 2.9ms
[2020-12-23T01:51:13.898-0400][gc,phases      ] GC(369414)   Post Evacuate Collection Set: 1.0ms
[2020-12-23T01:51:13.898-0400][gc,phases      ] GC(369414)   Other: 0.9ms
[2020-12-23T01:51:13.898-0400][gc,heap        ] GC(369414) Eden regions: 2->0(6)
[2020-12-23T01:51:13.898-0400][gc,heap        ] GC(369414) Survivor regions: 1->1(1)
[2020-12-23T01:51:13.898-0400][gc,heap        ] GC(369414) Old regions: 51->50
[2020-12-23T01:51:13.898-0400][gc,heap        ] GC(369414) Humongous regions: 4->4
[2020-12-23T01:51:13.898-0400][gc,metaspace   ] GC(369414) Metaspace: 61030K->61030K(1107968K)
[2020-12-23T01:51:13.898-0400][gc,heap        ] GC(369414) Heap after GC invocations=369391 (full 10702): garbage-first heap   total 73728K, used 52517K [0x0000000083000000, 0x0000000100000000)
[2020-12-23T01:51:13.899-0400][gc,heap        ] GC(369414)   region size 1024K, 1 young (1024K), 1 survivors (1024K)
[2020-12-23T01:51:13.899-0400][gc,heap        ] GC(369414)  Metaspace       used 61030K, capacity 63761K, committed 64768K, reserved 1107968K
[2020-12-23T01:51:13.899-0400][gc,heap        ] GC(369414)   class space    used 5718K, capacity 6570K, committed 6912K, reserved 1048576K
[2020-12-23T01:51:13.899-0400][gc             ] GC(369414) Pause Young (Mixed) (G1 Evacuation Pause) 53M->51M(72M) 5.278ms
[2020-12-23T01:51:13.899-0400][gc,cpu         ] GC(369414) User=0.01s Sys=0.00s Real=0.01s
[2020-12-23T01:51:27.507-0400][gc,heap        ] GC(369415) Heap before GC invocations=369391 (full 10702): garbage-first heap   total 73728K, used 57637K [0x0000000083000000, 0x0000000100000000)
[2020-12-23T01:51:27.507-0400][gc,heap        ] GC(369415)   region size 1024K, 7 young (7168K), 1 survivors (1024K)
[2020-12-23T01:51:27.507-0400][gc,heap        ] GC(369415)  Metaspace       used 61032K, capacity 63764K, committed 64768K, reserved 1107968K
[2020-12-23T01:51:27.507-0400][gc,heap        ] GC(369415)   class space    used 5719K, capacity 6571K, committed 6912K, reserved 1048576K
[2020-12-23T01:51:27.508-0400][gc,start       ] GC(369415) Pause Young (Concurrent Start) (G1 Evacuation Pause)
[2020-12-23T01:51:27.508-0400][gc,task        ] GC(369415) Using 4 workers of 4 for evacuation
[2020-12-23T01:51:27.521-0400][gc,phases      ] GC(369415)   Pre Evacuate Collection Set: 0.3ms
[2020-12-23T01:51:27.521-0400][gc,phases      ] GC(369415)   Evacuate Collection Set: 10.0ms
[2020-12-23T01:51:27.521-0400][gc,phases      ] GC(369415)   Post Evacuate Collection Set: 2.4ms
[2020-12-23T01:51:27.521-0400][gc,phases      ] GC(369415)   Other: 1.2ms
[2020-12-23T01:51:27.521-0400][gc,heap        ] GC(369415) Eden regions: 6->0(7)
[2020-12-23T01:51:27.522-0400][gc,heap        ] GC(369415) Survivor regions: 1->1(1)
[2020-12-23T01:51:27.522-0400][gc,heap        ] GC(369415) Old regions: 50->50
[2020-12-23T01:51:27.522-0400][gc,heap        ] GC(369415) Humongous regions: 4->4
[2020-12-23T01:51:27.522-0400][gc,metaspace   ] GC(369415) Metaspace: 61032K->61032K(1107968K)
[2020-12-23T01:51:27.522-0400][gc,heap        ] GC(369415) Heap after GC invocations=369392 (full 10702): garbage-first heap   total 73728K, used 52658K [0x0000000083000000, 0x0000000100000000)
[2020-12-23T01:51:27.522-0400][gc,heap        ] GC(369415)   region size 1024K, 1 young (1024K), 1 survivors (1024K)
[2020-12-23T01:51:27.522-0400][gc,heap        ] GC(369415)  Metaspace       used 61032K, capacity 63764K, committed 64768K, reserved 1107968K
[2020-12-23T01:51:27.522-0400][gc,heap        ] GC(369415)   class space    used 5719K, capacity 6571K, committed 6912K, reserved 1048576K
[2020-12-23T01:51:27.522-0400][gc             ] GC(369415) Pause Young (Concurrent Start) (G1 Evacuation Pause) 57M->51M(72M) 14.430ms
[2020-12-23T01:51:27.522-0400][gc,cpu         ] GC(369415) User=0.01s Sys=0.01s Real=0.01s
[2020-12-23T01:51:27.523-0400][gc             ] GC(369416) Concurrent Cycle
[2020-12-23T01:51:27.523-0400][gc,marking     ] GC(369416) Concurrent Clear Claimed Marks
[2020-12-23T01:51:27.523-0400][gc,marking     ] GC(369416) Concurrent Clear Claimed Marks 0.332ms
[2020-12-23T01:51:27.523-0400][gc,marking     ] GC(369416) Concurrent Scan Root Regions
[2020-12-23T01:51:27.527-0400][gc,marking     ] GC(369416) Concurrent Scan Root Regions 3.269ms
[2020-12-23T01:51:27.527-0400][gc,marking     ] GC(369416) Concurrent Mark (3199202.281s)
[2020-12-23T01:51:27.527-0400][gc,marking     ] GC(369416) Concurrent Mark From Roots
[2020-12-23T01:51:27.527-0400][gc,task        ] GC(369416) Using 1 workers of 1 for marking
[2020-12-23T01:51:27.897-0400][gc,marking     ] GC(369416) Concurrent Mark From Roots 370.472ms
[2020-12-23T01:51:27.897-0400][gc,marking     ] GC(369416) Concurrent Preclean
[2020-12-23T01:51:27.898-0400][gc,marking     ] GC(369416) Concurrent Preclean 0.724ms
[2020-12-23T01:51:27.898-0400][gc,marking     ] GC(369416) Concurrent Mark (3199202.281s, 3199202.653s) 371.480ms
[2020-12-23T01:51:27.899-0400][gc,start       ] GC(369416) Pause Remark
[2020-12-23T01:51:27.975-0400][gc,stringtable ] GC(369416) Cleaned string and symbol table, strings: 32388 processed, 0 removed, symbols: 131475 processed, 0 removed
[2020-12-23T01:51:27.976-0400][gc             ] GC(369416) Pause Remark 51M->51M(72M) 76.468ms
[2020-12-23T01:51:27.976-0400][gc,cpu         ] GC(369416) User=0.17s Sys=0.00s Real=0.08s
[2020-12-23T01:51:27.977-0400][gc,marking     ] GC(369416) Concurrent Rebuild Remembered Sets
[2020-12-23T01:51:28.215-0400][gc,marking     ] GC(369416) Concurrent Rebuild Remembered Sets 237.547ms
[2020-12-23T01:51:28.216-0400][gc,start       ] GC(369416) Pause Cleanup
[2020-12-23T01:51:28.217-0400][gc             ] GC(369416) Pause Cleanup 51M->51M(72M) 0.747ms
[2020-12-23T01:51:28.217-0400][gc,cpu         ] GC(369416) User=0.00s Sys=0.00s Real=0.00s
[2020-12-23T01:51:28.217-0400][gc,marking     ] GC(369416) Concurrent Cleanup for Next Mark
[2020-12-23T01:51:28.218-0400][gc,marking     ] GC(369416) Concurrent Cleanup for Next Mark 0.837ms
[2020-12-23T01:51:28.218-0400][gc             ] GC(369416) Concurrent Cycle 695.820ms
[2020-12-23T01:51:29.873-0400][gc,heap        ] GC(369417) Heap before GC invocations=369393 (full 10702): garbage-first heap   total 73728K, used 59826K [0x0000000083000000, 0x0000000100000000)
[2020-12-23T01:51:29.873-0400][gc,heap        ] GC(369417)   region size 1024K, 8 young (8192K), 1 survivors (1024K)
[2020-12-23T01:51:29.873-0400][gc,heap        ] GC(369417)  Metaspace       used 61032K, capacity 63764K, committed 64768K, reserved 1107968K
[2020-12-23T01:51:29.873-0400][gc,heap        ] GC(369417)   class space    used 5719K, capacity 6571K, committed 6912K, reserved 1048576K
[2020-12-23T01:51:29.873-0400][gc,start       ] GC(369417) Pause Young (Prepare Mixed) (G1 Evacuation Pause)
[2020-12-23T01:51:29.873-0400][gc,task        ] GC(369417) Using 4 workers of 4 for evacuation
[2020-12-23T01:51:29.892-0400][gc,phases      ] GC(369417)   Pre Evacuate Collection Set: 0.1ms
[2020-12-23T01:51:29.892-0400][gc,phases      ] GC(369417)   Evacuate Collection Set: 15.5ms
[2020-12-23T01:51:29.893-0400][gc,phases      ] GC(369417)   Post Evacuate Collection Set: 3.1ms
[2020-12-23T01:51:29.893-0400][gc,phases      ] GC(369417)   Other: 1.1ms
[2020-12-23T01:51:29.893-0400][gc,heap        ] GC(369417) Eden regions: 7->0(2)
[2020-12-23T01:51:29.893-0400][gc,heap        ] GC(369417) Survivor regions: 1->1(1)
[2020-12-23T01:51:29.893-0400][gc,heap        ] GC(369417) Old regions: 50->50
[2020-12-23T01:51:29.893-0400][gc,heap        ] GC(369417) Humongous regions: 4->4
[2020-12-23T01:51:29.893-0400][gc,metaspace   ] GC(369417) Metaspace: 61032K->61032K(1107968K)
[2020-12-23T01:51:29.893-0400][gc,heap        ] GC(369417) Heap after GC invocations=369394 (full 10702): garbage-first heap   total 73728K, used 54142K [0x0000000083000000, 0x0000000100000000)
[2020-12-23T01:51:29.893-0400][gc,heap        ] GC(369417)   region size 1024K, 1 young (1024K), 1 survivors (1024K)
[2020-12-23T01:51:29.893-0400][gc,heap        ] GC(369417)  Metaspace       used 61032K, capacity 63764K, committed 64768K, reserved 1107968K
[2020-12-23T01:51:29.893-0400][gc,heap        ] GC(369417)   class space    used 5719K, capacity 6571K, committed 6912K, reserved 1048576K
[2020-12-23T01:51:29.893-0400][gc             ] GC(369417) Pause Young (Prepare Mixed) (G1 Evacuation Pause) 58M->52M(72M) 20.051ms
[2020-12-23T01:51:29.893-0400][gc,cpu         ] GC(369417) User=0.05s Sys=0.00s Real=0.02s
[2020-12-23T01:51:29.912-0400][gc,heap        ] GC(369418) Heap before GC invocations=369394 (full 10702): garbage-first heap   total 73728K, used 55166K [0x0000000083000000, 0x0000000100000000)
[2020-12-23T01:51:29.912-0400][gc,heap        ] GC(369418)   region size 1024K, 3 young (3072K), 1 survivors (1024K)
[2020-12-23T01:51:29.912-0400][gc,heap        ] GC(369418)  Metaspace       used 61032K, capacity 63764K, committed 64768K, reserved 1107968K
[2020-12-23T01:51:29.912-0400][gc,heap        ] GC(369418)   class space    used 5719K, capacity 6571K, committed 6912K, reserved 1048576K
[2020-12-23T01:51:29.912-0400][gc,start       ] GC(369418) Pause Young (Mixed) (G1 Evacuation Pause)
[2020-12-23T01:51:29.912-0400][gc,task        ] GC(369418) Using 4 workers of 4 for evacuation
[2020-12-23T01:51:29.929-0400][gc,phases      ] GC(369418)   Pre Evacuate Collection Set: 0.1ms
[2020-12-23T01:51:29.929-0400][gc,phases      ] GC(369418)   Evacuate Collection Set: 13.7ms
[2020-12-23T01:51:29.929-0400][gc,phases      ] GC(369418)   Post Evacuate Collection Set: 1.9ms
[2020-12-23T01:51:29.929-0400][gc,phases      ] GC(369418)   Other: 1.3ms
[2020-12-23T01:51:29.929-0400][gc,heap        ] GC(369418) Eden regions: 2->0(6)
[2020-12-23T01:51:29.929-0400][gc,heap        ] GC(369418) Survivor regions: 1->1(1)
[2020-12-23T01:51:29.929-0400][gc,heap        ] GC(369418) Old regions: 50->50
[2020-12-23T01:51:29.929-0400][gc,heap        ] GC(369418) Humongous regions: 4->4
[2020-12-23T01:51:29.929-0400][gc,metaspace   ] GC(369418) Metaspace: 61032K->61032K(1107968K)
[2020-12-23T01:51:29.929-0400][gc,heap        ] GC(369418) Heap after GC invocations=369395 (full 10702): garbage-first heap   total 73728K, used 53522K [0x0000000083000000, 0x0000000100000000)
[2020-12-23T01:51:29.930-0400][gc,heap        ] GC(369418)   region size 1024K, 1 young (1024K), 1 survivors (1024K)
[2020-12-23T01:51:29.930-0400][gc,heap        ] GC(369418)  Metaspace       used 61032K, capacity 63764K, committed 64768K, reserved 1107968K
[2020-12-23T01:51:29.930-0400][gc,heap        ] GC(369418)   class space    used 5719K, capacity 6571K, committed 6912K, reserved 1048576K
[2020-12-23T01:51:29.930-0400][gc             ] GC(369418) Pause Young (Mixed) (G1 Evacuation Pause) 54M->52M(72M) 17.784ms
[2020-12-23T01:51:29.930-0400][gc,cpu         ] GC(369418) User=0.05s Sys=0.00s Real=0.02s
[2020-12-23T01:51:33.704-0400][gc,heap        ] GC(369419) Heap before GC invocations=369395 (full 10702): garbage-first heap   total 73728K, used 58642K [0x0000000083000000, 0x0000000100000000)
[2020-12-23T01:51:33.704-0400][gc,heap        ] GC(369419)   region size 1024K, 7 young (7168K), 1 survivors (1024K)
[2020-12-23T01:51:33.704-0400][gc,heap        ] GC(369419)  Metaspace       used 61032K, capacity 63764K, committed 64768K, reserved 1107968K
[2020-12-23T01:51:33.704-0400][gc,heap        ] GC(369419)   class space    used 5719K, capacity 6571K, committed 6912K, reserved 1048576K
[2020-12-23T01:51:33.704-0400][gc,start       ] GC(369419) Pause Young (Concurrent Start) (G1 Evacuation Pause)
[2020-12-23T01:51:33.704-0400][gc,task        ] GC(369419) Using 4 workers of 4 for evacuation
[2020-12-23T01:51:33.713-0400][gc,phases      ] GC(369419)   Pre Evacuate Collection Set: 0.2ms
[2020-12-23T01:51:33.713-0400][gc,phases      ] GC(369419)   Evacuate Collection Set: 6.6ms
[2020-12-23T01:51:33.713-0400][gc,phases      ] GC(369419)   Post Evacuate Collection Set: 0.9ms
[2020-12-23T01:51:33.713-0400][gc,phases      ] GC(369419)   Other: 0.9ms
[2020-12-23T01:51:33.713-0400][gc,heap        ] GC(369419) Eden regions: 6->0(5)
[2020-12-23T01:51:33.713-0400][gc,heap        ] GC(369419) Survivor regions: 1->1(1)
[2020-12-23T01:51:33.713-0400][gc,heap        ] GC(369419) Old regions: 50->51
[2020-12-23T01:51:33.713-0400][gc,heap        ] GC(369419) Humongous regions: 4->4
[2020-12-23T01:51:33.713-0400][gc,metaspace   ] GC(369419) Metaspace: 61032K->61032K(1107968K)
[2020-12-23T01:51:33.713-0400][gc,heap        ] GC(369419) Heap after GC invocations=369396 (full 10702): garbage-first heap   total 73728K, used 55209K [0x0000000083000000, 0x0000000100000000)
[2020-12-23T01:51:33.713-0400][gc,heap        ] GC(369419)   region size 1024K, 1 young (1024K), 1 survivors (1024K)
[2020-12-23T01:51:33.713-0400][gc,heap        ] GC(369419)  Metaspace       used 61032K, capacity 63764K, committed 64768K, reserved 1107968K
[2020-12-23T01:51:33.713-0400][gc,heap        ] GC(369419)   class space    used 5719K, capacity 6571K, committed 6912K, reserved 1048576K
[2020-12-23T01:51:33.713-0400][gc             ] GC(369419) Pause Young (Concurrent Start) (G1 Evacuation Pause) 58M->53M(72M) 9.114ms
[2020-12-23T01:51:33.714-0400][gc,cpu         ] GC(369419) User=0.02s Sys=0.01s Real=0.01s
[2020-12-23T01:51:33.715-0400][gc             ] GC(369420) Concurrent Cycle
[2020-12-23T01:51:33.715-0400][gc,marking     ] GC(369420) Concurrent Clear Claimed Marks
[2020-12-23T01:51:33.715-0400][gc,marking     ] GC(369420) Concurrent Clear Claimed Marks 0.343ms
[2020-12-23T01:51:33.715-0400][gc,marking     ] GC(369420) Concurrent Scan Root Regions
[2020-12-23T01:51:33.718-0400][gc,marking     ] GC(369420) Concurrent Scan Root Regions 2.527ms
[2020-12-23T01:51:33.718-0400][gc,marking     ] GC(369420) Concurrent Mark (3199208.473s)
[2020-12-23T01:51:33.718-0400][gc,marking     ] GC(369420) Concurrent Mark From Roots
[2020-12-23T01:51:33.718-0400][gc,task        ] GC(369420) Using 1 workers of 1 for marking
[2020-12-23T01:51:33.988-0400][gc,heap        ] GC(369421) Heap before GC invocations=369396 (full 10702): garbage-first heap   total 73728K, used 60329K [0x0000000083000000, 0x0000000100000000)
[2020-12-23T01:51:33.988-0400][gc,heap        ] GC(369421)   region size 1024K, 6 young (6144K), 1 survivors (1024K)
[2020-12-23T01:51:33.988-0400][gc,heap        ] GC(369421)  Metaspace       used 61032K, capacity 63764K, committed 64768K, reserved 1107968K
[2020-12-23T01:51:33.988-0400][gc,heap        ] GC(369421)   class space    used 5719K, capacity 6571K, committed 6912K, reserved 1048576K
[2020-12-23T01:51:33.989-0400][gc,start       ] GC(369421) Pause Young (Normal) (G1 Evacuation Pause)
[2020-12-23T01:51:33.989-0400][gc,task        ] GC(369421) Using 4 workers of 4 for evacuation
[2020-12-23T01:51:33.998-0400][gc,phases      ] GC(369421)   Pre Evacuate Collection Set: 0.1ms
[2020-12-23T01:51:33.998-0400][gc,phases      ] GC(369421)   Evacuate Collection Set: 7.4ms
[2020-12-23T01:51:33.998-0400][gc,phases      ] GC(369421)   Post Evacuate Collection Set: 0.7ms
[2020-12-23T01:51:33.998-0400][gc,phases      ] GC(369421)   Other: 1.4ms
[2020-12-23T01:51:33.998-0400][gc,heap        ] GC(369421) Eden regions: 5->0(4)
[2020-12-23T01:51:33.998-0400][gc,heap        ] GC(369421) Survivor regions: 1->1(1)
[2020-12-23T01:51:33.998-0400][gc,heap        ] GC(369421) Old regions: 51->52
[2020-12-23T01:51:33.998-0400][gc,heap        ] GC(369421) Humongous regions: 4->4
[2020-12-23T01:51:33.998-0400][gc,metaspace   ] GC(369421) Metaspace: 61032K->61032K(1107968K)
[2020-12-23T01:51:33.998-0400][gc,heap        ] GC(369421) Heap after GC invocations=369397 (full 10702): garbage-first heap   total 73728K, used 54880K [0x0000000083000000, 0x0000000100000000)
[2020-12-23T01:51:33.999-0400][gc,heap        ] GC(369421)   region size 1024K, 1 young (1024K), 1 survivors (1024K)
[2020-12-23T01:51:33.999-0400][gc,heap        ] GC(369421)  Metaspace       used 61032K, capacity 63764K, committed 64768K, reserved 1107968K
[2020-12-23T01:51:33.999-0400][gc,heap        ] GC(369421)   class space    used 5719K, capacity 6571K, committed 6912K, reserved 1048576K
[2020-12-23T01:51:33.999-0400][gc             ] GC(369421) Pause Young (Normal) (G1 Evacuation Pause) 58M->53M(72M) 10.418ms
[2020-12-23T01:51:33.999-0400][gc,cpu         ] GC(369421) User=0.02s Sys=0.00s Real=0.01s
[2020-12-23T01:51:34.138-0400][gc,marking     ] GC(369420) Concurrent Mark From Roots 419.920ms
[2020-12-23T01:51:34.138-0400][gc,marking     ] GC(369420) Concurrent Preclean
[2020-12-23T01:51:34.139-0400][gc,marking     ] GC(369420) Concurrent Preclean 0.766ms
[2020-12-23T01:51:34.139-0400][gc,marking     ] GC(369420) Concurrent Mark (3199208.473s, 3199208.894s) 420.941ms
[2020-12-23T01:51:34.140-0400][gc,start       ] GC(369420) Pause Remark
[2020-12-23T01:51:34.180-0400][gc,stringtable ] GC(369420) Cleaned string and symbol table, strings: 32388 processed, 0 removed, symbols: 131475 processed, 0 removed
[2020-12-23T01:51:34.181-0400][gc             ] GC(369420) Pause Remark 53M->53M(72M) 41.052ms
[2020-12-23T01:51:34.181-0400][gc,cpu         ] GC(369420) User=0.16s Sys=0.00s Real=0.04s
[2020-12-23T01:51:34.181-0400][gc,marking     ] GC(369420) Concurrent Rebuild Remembered Sets
[2020-12-23T01:51:34.381-0400][gc,marking     ] GC(369420) Concurrent Rebuild Remembered Sets 199.880ms
[2020-12-23T01:51:34.382-0400][gc,start       ] GC(369420) Pause Cleanup
[2020-12-23T01:51:34.382-0400][gc             ] GC(369420) Pause Cleanup 54M->54M(72M) 0.459ms
[2020-12-23T01:51:34.383-0400][gc,cpu         ] GC(369420) User=0.01s Sys=0.00s Real=0.00s
[2020-12-23T01:51:34.383-0400][gc,marking     ] GC(369420) Concurrent Cleanup for Next Mark
[2020-12-23T01:51:34.384-0400][gc,marking     ] GC(369420) Concurrent Cleanup for Next Mark 0.962ms
[2020-12-23T01:51:34.384-0400][gc             ] GC(369420) Concurrent Cycle 669.063ms
[2020-12-23T01:51:43.890-0400][gc,heap        ] GC(369422) Heap before GC invocations=369398 (full 10702): garbage-first heap   total 73728K, used 58976K [0x0000000083000000, 0x0000000100000000)
[2020-12-23T01:51:43.890-0400][gc,heap        ] GC(369422)   region size 1024K, 5 young (5120K), 1 survivors (1024K)
[2020-12-23T01:51:43.890-0400][gc,heap        ] GC(369422)  Metaspace       used 61032K, capacity 63764K, committed 64768K, reserved 1107968K
[2020-12-23T01:51:43.890-0400][gc,heap        ] GC(369422)   class space    used 5719K, capacity 6571K, committed 6912K, reserved 1048576K
[2020-12-23T01:51:43.890-0400][gc,start       ] GC(369422) Pause Young (Prepare Mixed) (G1 Evacuation Pause)
[2020-12-23T01:51:43.890-0400][gc,task        ] GC(369422) Using 4 workers of 4 for evacuation
[2020-12-23T01:51:43.895-0400][gc,phases      ] GC(369422)   Pre Evacuate Collection Set: 0.0ms
[2020-12-23T01:51:43.895-0400][gc,phases      ] GC(369422)   Evacuate Collection Set: 3.0ms
[2020-12-23T01:51:43.895-0400][gc,phases      ] GC(369422)   Post Evacuate Collection Set: 1.2ms
[2020-12-23T01:51:43.896-0400][gc,phases      ] GC(369422)   Other: 0.9ms
[2020-12-23T01:51:43.896-0400][gc,heap        ] GC(369422) Eden regions: 4->0(2)
[2020-12-23T01:51:43.896-0400][gc,heap        ] GC(369422) Survivor regions: 1->1(1)
[2020-12-23T01:51:43.896-0400][gc,heap        ] GC(369422) Old regions: 52->52
[2020-12-23T01:51:43.896-0400][gc,heap        ] GC(369422) Humongous regions: 4->4
[2020-12-23T01:51:43.896-0400][gc,metaspace   ] GC(369422) Metaspace: 61032K->61032K(1107968K)
[2020-12-23T01:51:43.896-0400][gc,heap        ] GC(369422) Heap after GC invocations=369399 (full 10702): garbage-first heap   total 73728K, used 54900K [0x0000000083000000, 0x0000000100000000)
[2020-12-23T01:51:43.896-0400][gc,heap        ] GC(369422)   region size 1024K, 1 young (1024K), 1 survivors (1024K)
[2020-12-23T01:51:43.896-0400][gc,heap        ] GC(369422)  Metaspace       used 61032K, capacity 63764K, committed 64768K, reserved 1107968K
[2020-12-23T01:51:43.896-0400][gc,heap        ] GC(369422)   class space    used 5719K, capacity 6571K, committed 6912K, reserved 1048576K
[2020-12-23T01:51:43.896-0400][gc             ] GC(369422) Pause Young (Prepare Mixed) (G1 Evacuation Pause) 57M->53M(72M) 5.584ms
[2020-12-23T01:51:43.896-0400][gc,cpu         ] GC(369422) User=0.01s Sys=0.01s Real=0.01s
[2020-12-23T01:51:44.424-0400][gc,heap        ] GC(369423) Heap before GC invocations=369399 (full 10702): garbage-first heap   total 73728K, used 56948K [0x0000000083000000, 0x0000000100000000)
[2020-12-23T01:51:44.425-0400][gc,heap        ] GC(369423)   region size 1024K, 3 young (3072K), 1 survivors (1024K)
[2020-12-23T01:51:44.425-0400][gc,heap        ] GC(369423)  Metaspace       used 61032K, capacity 63764K, committed 64768K, reserved 1107968K
[2020-12-23T01:51:44.425-0400][gc,heap        ] GC(369423)   class space    used 5719K, capacity 6571K, committed 6912K, reserved 1048576K
[2020-12-23T01:51:44.425-0400][gc,start       ] GC(369423) Pause Young (Mixed) (G1 Evacuation Pause)
[2020-12-23T01:51:44.425-0400][gc,task        ] GC(369423) Using 4 workers of 4 for evacuation
[2020-12-23T01:51:44.431-0400][gc,phases      ] GC(369423)   Pre Evacuate Collection Set: 0.1ms
[2020-12-23T01:51:44.431-0400][gc,phases      ] GC(369423)   Evacuate Collection Set: 3.6ms
[2020-12-23T01:51:44.431-0400][gc,phases      ] GC(369423)   Post Evacuate Collection Set: 2.0ms
[2020-12-23T01:51:44.432-0400][gc,phases      ] GC(369423)   Other: 1.2ms
[2020-12-23T01:51:44.432-0400][gc,heap        ] GC(369423) Eden regions: 2->0(6)
[2020-12-23T01:51:44.432-0400][gc,heap        ] GC(369423) Survivor regions: 1->1(1)
[2020-12-23T01:51:44.432-0400][gc,heap        ] GC(369423) Old regions: 52->50
[2020-12-23T01:51:44.432-0400][gc,heap        ] GC(369423) Humongous regions: 4->4
[2020-12-23T01:51:44.432-0400][gc,metaspace   ] GC(369423) Metaspace: 61032K->61032K(1107968K)
[2020-12-23T01:51:44.432-0400][gc,heap        ] GC(369423) Heap after GC invocations=369400 (full 10702): garbage-first heap   total 73728K, used 53045K [0x0000000083000000, 0x0000000100000000)
[2020-12-23T01:51:44.432-0400][gc,heap        ] GC(369423)   region size 1024K, 1 young (1024K), 1 survivors (1024K)
[2020-12-23T01:51:44.432-0400][gc,heap        ] GC(369423)  Metaspace       used 61032K, capacity 63764K, committed 64768K, reserved 1107968K
[2020-12-23T01:51:44.432-0400][gc,heap        ] GC(369423)   class space    used 5719K, capacity 6571K, committed 6912K, reserved 1048576K
[2020-12-23T01:51:44.433-0400][gc             ] GC(369423) Pause Young (Mixed) (G1 Evacuation Pause) 55M->51M(72M) 7.624ms
[2020-12-23T01:51:44.434-0400][gc,cpu         ] GC(369423) User=0.02s Sys=0.01s Real=0.01s
[2020-12-23T01:51:50.924-0400][gc,task        ] GC(369424) Using 3 workers of 4 for full compaction
[2020-12-23T01:51:50.924-0400][gc,start       ] GC(369424) Pause Full (System.gc())
[2020-12-23T01:51:50.925-0400][gc,heap        ] GC(369424) Heap before GC invocations=369400 (full 10702): garbage-first heap   total 73728K, used 54069K [0x0000000083000000, 0x0000000100000000)
[2020-12-23T01:51:50.925-0400][gc,heap        ] GC(369424)   region size 1024K, 4 young (4096K), 1 survivors (1024K)
[2020-12-23T01:51:50.925-0400][gc,heap        ] GC(369424)  Metaspace       used 61036K, capacity 63770K, committed 64768K, reserved 1107968K
[2020-12-23T01:51:50.925-0400][gc,heap        ] GC(369424)   class space    used 5720K, capacity 6573K, committed 6912K, reserved 1048576K
[2020-12-23T01:51:50.928-0400][gc,phases,start] GC(369424) Phase 1: Mark live objects
[2020-12-23T01:51:51.105-0400][gc,stringtable ] GC(369424) Cleaned string and symbol table, strings: 32390 processed, 0 removed, symbols: 131479 processed, 0 removed
[2020-12-23T01:51:51.105-0400][gc,phases      ] GC(369424) Phase 1: Mark live objects 177.879ms
[2020-12-23T01:51:51.106-0400][gc,phases,start] GC(369424) Phase 2: Prepare for compaction
[2020-12-23T01:51:51.144-0400][gc,phases      ] GC(369424) Phase 2: Prepare for compaction 38.229ms
[2020-12-23T01:51:51.144-0400][gc,phases,start] GC(369424) Phase 3: Adjust pointers
[2020-12-23T01:51:51.240-0400][gc,phases      ] GC(369424) Phase 3: Adjust pointers 96.148ms
[2020-12-23T01:51:51.240-0400][gc,phases,start] GC(369424) Phase 4: Compact heap
[2020-12-23T01:51:51.271-0400][gc,phases      ] GC(369424) Phase 4: Compact heap 31.201ms
[2020-12-23T01:51:51.314-0400][gc,heap        ] GC(369424) Eden regions: 3->0(9)
[2020-12-23T01:51:51.314-0400][gc,heap        ] GC(369424) Survivor regions: 1->0(1)
[2020-12-23T01:51:51.314-0400][gc,heap        ] GC(369424) Old regions: 50->46
[2020-12-23T01:51:51.314-0400][gc,heap        ] GC(369424) Humongous regions: 4->4
[2020-12-23T01:51:51.314-0400][gc,metaspace   ] GC(369424) Metaspace: 61036K->61036K(1107968K)
[2020-12-23T01:51:51.315-0400][gc,heap        ] GC(369424) Heap after GC invocations=369401 (full 10703): garbage-first heap   total 73728K, used 49115K [0x0000000083000000, 0x0000000100000000)
[2020-12-23T01:51:51.315-0400][gc,heap        ] GC(369424)   region size 1024K, 0 young (0K), 0 survivors (0K)
[2020-12-23T01:51:51.315-0400][gc,heap        ] GC(369424)  Metaspace       used 61036K, capacity 63770K, committed 64768K, reserved 1107968K
[2020-12-23T01:51:51.315-0400][gc,heap        ] GC(369424)   class space    used 5720K, capacity 6573K, committed 6912K, reserved 1048576K
[2020-12-23T01:51:51.315-0400][gc             ] GC(369424) Pause Full (System.gc()) 54M->47M(72M) 390.369ms
[2020-12-23T01:51:51.315-0400][gc,cpu         ] GC(369424) User=0.89s Sys=0.05s Real=0.39s
[2020-12-23T01:51:54.048-0400][gc,heap        ] GC(369425) Heap before GC invocations=369401 (full 10703): garbage-first heap   total 73728K, used 57307K [0x0000000083000000, 0x0000000100000000)
[2020-12-23T01:51:54.048-0400][gc,heap        ] GC(369425)   region size 1024K, 9 young (9216K), 0 survivors (0K)
[2020-12-23T01:51:54.048-0400][gc,heap        ] GC(369425)  Metaspace       used 61036K, capacity 63770K, committed 64768K, reserved 1107968K
[2020-12-23T01:51:54.048-0400][gc,heap        ] GC(369425)   class space    used 5720K, capacity 6573K, committed 6912K, reserved 1048576K
[2020-12-23T01:51:54.049-0400][gc,start       ] GC(369425) Pause Young (Concurrent Start) (G1 Evacuation Pause)
[2020-12-23T01:51:54.049-0400][gc,task        ] GC(369425) Using 4 workers of 4 for evacuation
[2020-12-23T01:51:54.057-0400][gc,phases      ] GC(369425)   Pre Evacuate Collection Set: 0.2ms
[2020-12-23T01:51:54.057-0400][gc,phases      ] GC(369425)   Evacuate Collection Set: 6.0ms
[2020-12-23T01:51:54.057-0400][gc,phases      ] GC(369425)   Post Evacuate Collection Set: 1.6ms
[2020-12-23T01:51:54.057-0400][gc,phases      ] GC(369425)   Other: 0.9ms
[2020-12-23T01:51:54.057-0400][gc,heap        ] GC(369425) Eden regions: 9->0(9)
[2020-12-23T01:51:54.057-0400][gc,heap        ] GC(369425) Survivor regions: 0->1(2)
[2020-12-23T01:51:54.057-0400][gc,heap        ] GC(369425) Old regions: 46->46
[2020-12-23T01:51:54.058-0400][gc,heap        ] GC(369425) Humongous regions: 4->4
[2020-12-23T01:51:54.058-0400][gc,metaspace   ] GC(369425) Metaspace: 61036K->61036K(1107968K)
[2020-12-23T01:51:54.058-0400][gc,heap        ] GC(369425) Heap after GC invocations=369402 (full 10703): garbage-first heap   total 73728K, used 49167K [0x0000000083000000, 0x0000000100000000)
[2020-12-23T01:51:54.058-0400][gc,heap        ] GC(369425)   region size 1024K, 1 young (1024K), 1 survivors (1024K)
[2020-12-23T01:51:54.058-0400][gc,heap        ] GC(369425)  Metaspace       used 61036K, capacity 63770K, committed 64768K, reserved 1107968K
[2020-12-23T01:51:54.058-0400][gc,heap        ] GC(369425)   class space    used 5720K, capacity 6573K, committed 6912K, reserved 1048576K
[2020-12-23T01:51:54.058-0400][gc             ] GC(369425) Pause Young (Concurrent Start) (G1 Evacuation Pause) 56M->48M(72M) 9.246ms
[2020-12-23T01:51:54.058-0400][gc,cpu         ] GC(369425) User=0.02s Sys=0.00s Real=0.01s
[2020-12-23T01:51:54.058-0400][gc             ] GC(369426) Concurrent Cycle
[2020-12-23T01:51:54.058-0400][gc,marking     ] GC(369426) Concurrent Clear Claimed Marks
[2020-12-23T01:51:54.059-0400][gc,marking     ] GC(369426) Concurrent Clear Claimed Marks 0.273ms
[2020-12-23T01:51:54.059-0400][gc,marking     ] GC(369426) Concurrent Scan Root Regions
[2020-12-23T01:51:54.061-0400][gc,marking     ] GC(369426) Concurrent Scan Root Regions 2.362ms
[2020-12-23T01:51:54.061-0400][gc,marking     ] GC(369426) Concurrent Mark (3199228.816s)
[2020-12-23T01:51:54.061-0400][gc,marking     ] GC(369426) Concurrent Mark From Roots
[2020-12-23T01:51:54.061-0400][gc,task        ] GC(369426) Using 1 workers of 1 for marking
[2020-12-23T01:51:54.470-0400][gc,marking     ] GC(369426) Concurrent Mark From Roots 409.040ms
[2020-12-23T01:51:54.470-0400][gc,marking     ] GC(369426) Concurrent Preclean
[2020-12-23T01:51:54.471-0400][gc,marking     ] GC(369426) Concurrent Preclean 0.839ms
[2020-12-23T01:51:54.471-0400][gc,marking     ] GC(369426) Concurrent Mark (3199228.816s, 3199229.226s) 410.153ms
[2020-12-23T01:51:54.472-0400][gc,start       ] GC(369426) Pause Remark
[2020-12-23T01:51:54.515-0400][gc,stringtable ] GC(369426) Cleaned string and symbol table, strings: 32390 processed, 0 removed, symbols: 131479 processed, 0 removed
[2020-12-23T01:51:54.516-0400][gc             ] GC(369426) Pause Remark 49M->49M(72M) 43.505ms
[2020-12-23T01:51:54.516-0400][gc,cpu         ] GC(369426) User=0.16s Sys=0.00s Real=0.05s
[2020-12-23T01:51:54.517-0400][gc,marking     ] GC(369426) Concurrent Rebuild Remembered Sets
[2020-12-23T01:51:54.707-0400][gc,marking     ] GC(369426) Concurrent Rebuild Remembered Sets 190.293ms
[2020-12-23T01:51:54.708-0400][gc,start       ] GC(369426) Pause Cleanup
[2020-12-23T01:51:54.708-0400][gc             ] GC(369426) Pause Cleanup 49M->49M(72M) 0.458ms
[2020-12-23T01:51:54.708-0400][gc,cpu         ] GC(369426) User=0.00s Sys=0.00s Real=0.00s
[2020-12-23T01:51:54.709-0400][gc,marking     ] GC(369426) Concurrent Cleanup for Next Mark
[2020-12-23T01:51:54.710-0400][gc,marking     ] GC(369426) Concurrent Cleanup for Next Mark 0.924ms
[2020-12-23T01:51:54.710-0400][gc             ] GC(369426) Concurrent Cycle 651.657ms
[2020-12-23T01:52:03.625-0400][gc,heap        ] GC(369427) Heap before GC invocations=369403 (full 10703): garbage-first heap   total 73728K, used 58383K [0x0000000083000000, 0x0000000100000000)
[2020-12-23T01:52:03.625-0400][gc,heap        ] GC(369427)   region size 1024K, 10 young (10240K), 1 survivors (1024K)
[2020-12-23T01:52:03.625-0400][gc,heap        ] GC(369427)  Metaspace       used 61036K, capacity 63770K, committed 64768K, reserved 1107968K
[2020-12-23T01:52:03.625-0400][gc,heap        ] GC(369427)   class space    used 5720K, capacity 6573K, committed 6912K, reserved 1048576K
[2020-12-23T01:52:03.626-0400][gc,start       ] GC(369427) Pause Young (Normal) (G1 Evacuation Pause)
[2020-12-23T01:52:03.626-0400][gc,task        ] GC(369427) Using 4 workers of 4 for evacuation
[2020-12-23T01:52:03.633-0400][gc,phases      ] GC(369427)   Pre Evacuate Collection Set: 0.1ms
[2020-12-23T01:52:03.633-0400][gc,phases      ] GC(369427)   Evacuate Collection Set: 4.5ms
[2020-12-23T01:52:03.633-0400][gc,phases      ] GC(369427)   Post Evacuate Collection Set: 2.2ms
[2020-12-23T01:52:03.633-0400][gc,phases      ] GC(369427)   Other: 1.2ms
[2020-12-23T01:52:03.633-0400][gc,heap        ] GC(369427) Eden regions: 9->0(9)
[2020-12-23T01:52:03.634-0400][gc,heap        ] GC(369427) Survivor regions: 1->1(2)
[2020-12-23T01:52:03.634-0400][gc,heap        ] GC(369427) Old regions: 46->46
[2020-12-23T01:52:03.634-0400][gc,heap        ] GC(369427) Humongous regions: 4->4
[2020-12-23T01:52:03.634-0400][gc,metaspace   ] GC(369427) Metaspace: 61036K->61036K(1107968K)
[2020-12-23T01:52:03.634-0400][gc,heap        ] GC(369427) Heap after GC invocations=369404 (full 10703): garbage-first heap   total 73728K, used 49289K [0x0000000083000000, 0x0000000100000000)
[2020-12-23T01:52:03.634-0400][gc,heap        ] GC(369427)   region size 1024K, 1 young (1024K), 1 survivors (1024K)
[2020-12-23T01:52:03.634-0400][gc,heap        ] GC(369427)  Metaspace       used 61036K, capacity 63770K, committed 64768K, reserved 1107968K
[2020-12-23T01:52:03.634-0400][gc,heap        ] GC(369427)   class space    used 5720K, capacity 6573K, committed 6912K, reserved 1048576K
[2020-12-23T01:52:03.634-0400][gc             ] GC(369427) Pause Young (Normal) (G1 Evacuation Pause) 57M->48M(72M) 8.614ms
[2020-12-23T01:52:03.634-0400][gc,cpu         ] GC(369427) User=0.02s Sys=0.00s Real=0.01s
[2020-12-23T01:52:10.774-0400][gc,heap        ] GC(369428) Heap before GC invocations=369404 (full 10703): garbage-first heap   total 73728K, used 58505K [0x0000000083000000, 0x0000000100000000)
[2020-12-23T01:52:10.774-0400][gc,heap        ] GC(369428)   region size 1024K, 10 young (10240K), 1 survivors (1024K)
[2020-12-23T01:52:10.774-0400][gc,heap        ] GC(369428)  Metaspace       used 61036K, capacity 63770K, committed 64768K, reserved 1107968K
[2020-12-23T01:52:10.774-0400][gc,heap        ] GC(369428)   class space    used 5720K, capacity 6573K, committed 6912K, reserved 1048576K
[2020-12-23T01:52:10.774-0400][gc,start       ] GC(369428) Pause Young (Concurrent Start) (G1 Evacuation Pause)
[2020-12-23T01:52:10.774-0400][gc,task        ] GC(369428) Using 4 workers of 4 for evacuation
[2020-12-23T01:52:10.785-0400][gc,phases      ] GC(369428)   Pre Evacuate Collection Set: 0.3ms
[2020-12-23T01:52:10.785-0400][gc,phases      ] GC(369428)   Evacuate Collection Set: 8.4ms
[2020-12-23T01:52:10.785-0400][gc,phases      ] GC(369428)   Post Evacuate Collection Set: 1.9ms
[2020-12-23T01:52:10.785-0400][gc,phases      ] GC(369428)   Other: 0.9ms
[2020-12-23T01:52:10.785-0400][gc,heap        ] GC(369428) Eden regions: 9->0(9)
[2020-12-23T01:52:10.786-0400][gc,heap        ] GC(369428) Survivor regions: 1->2(2)
[2020-12-23T01:52:10.786-0400][gc,heap        ] GC(369428) Old regions: 46->46
[2020-12-23T01:52:10.786-0400][gc,heap        ] GC(369428) Humongous regions: 4->4
[2020-12-23T01:52:10.786-0400][gc,metaspace   ] GC(369428) Metaspace: 61036K->61036K(1107968K)
[2020-12-23T01:52:10.786-0400][gc,heap        ] GC(369428) Heap after GC invocations=369405 (full 10703): garbage-first heap   total 73728K, used 50183K [0x0000000083000000, 0x0000000100000000)
[2020-12-23T01:52:10.786-0400][gc,heap        ] GC(369428)   region size 1024K, 2 young (2048K), 2 survivors (2048K)
[2020-12-23T01:52:10.786-0400][gc,heap        ] GC(369428)  Metaspace       used 61036K, capacity 63770K, committed 64768K, reserved 1107968K
[2020-12-23T01:52:10.786-0400][gc,heap        ] GC(369428)   class space    used 5720K, capacity 6573K, committed 6912K, reserved 1048576K
[2020-12-23T01:52:10.786-0400][gc             ] GC(369428) Pause Young (Concurrent Start) (G1 Evacuation Pause) 57M->49M(72M) 11.933ms
[2020-12-23T01:52:10.786-0400][gc,cpu         ] GC(369428) User=0.02s Sys=0.01s Real=0.02s
[2020-12-23T01:52:10.786-0400][gc             ] GC(369429) Concurrent Cycle
[2020-12-23T01:52:10.786-0400][gc,marking     ] GC(369429) Concurrent Clear Claimed Marks
[2020-12-23T01:52:10.787-0400][gc,marking     ] GC(369429) Concurrent Clear Claimed Marks 0.562ms
[2020-12-23T01:52:10.787-0400][gc,marking     ] GC(369429) Concurrent Scan Root Regions
[2020-12-23T01:52:10.793-0400][gc,marking     ] GC(369429) Concurrent Scan Root Regions 5.806ms
[2020-12-23T01:52:10.793-0400][gc,marking     ] GC(369429) Concurrent Mark (3199245.548s)
[2020-12-23T01:52:10.793-0400][gc,marking     ] GC(369429) Concurrent Mark From Roots
[2020-12-23T01:52:10.793-0400][gc,task        ] GC(369429) Using 1 workers of 1 for marking
[2020-12-23T01:52:11.156-0400][gc,marking     ] GC(369429) Concurrent Mark From Roots 362.947ms
[2020-12-23T01:52:11.156-0400][gc,marking     ] GC(369429) Concurrent Preclean
[2020-12-23T01:52:11.157-0400][gc,marking     ] GC(369429) Concurrent Preclean 1.252ms
[2020-12-23T01:52:11.158-0400][gc,marking     ] GC(369429) Concurrent Mark (3199245.548s, 3199245.912s) 364.525ms
[2020-12-23T01:52:11.158-0400][gc,start       ] GC(369429) Pause Remark
[2020-12-23T01:52:11.221-0400][gc,stringtable ] GC(369429) Cleaned string and symbol table, strings: 32390 processed, 0 removed, symbols: 131479 processed, 0 removed
[2020-12-23T01:52:11.222-0400][gc             ] GC(369429) Pause Remark 52M->52M(72M) 63.602ms
[2020-12-23T01:52:11.222-0400][gc,cpu         ] GC(369429) User=0.09s Sys=0.08s Real=0.06s
[2020-12-23T01:52:11.223-0400][gc,marking     ] GC(369429) Concurrent Rebuild Remembered Sets
[2020-12-23T01:52:11.432-0400][gc,marking     ] GC(369429) Concurrent Rebuild Remembered Sets 209.092ms
[2020-12-23T01:52:11.433-0400][gc,start       ] GC(369429) Pause Cleanup
[2020-12-23T01:52:11.434-0400][gc             ] GC(369429) Pause Cleanup 52M->52M(72M) 0.537ms
[2020-12-23T01:52:11.434-0400][gc,cpu         ] GC(369429) User=0.00s Sys=0.00s Real=0.00s
[2020-12-23T01:52:11.434-0400][gc,marking     ] GC(369429) Concurrent Cleanup for Next Mark
[2020-12-23T01:52:11.435-0400][gc,marking     ] GC(369429) Concurrent Cleanup for Next Mark 1.118ms
[2020-12-23T01:52:11.435-0400][gc             ] GC(369429) Concurrent Cycle 649.115ms
[2020-12-23T01:52:20.658-0400][gc,heap        ] GC(369430) Heap before GC invocations=369406 (full 10703): garbage-first heap   total 73728K, used 58375K [0x0000000083000000, 0x0000000100000000)
[2020-12-23T01:52:20.658-0400][gc,heap        ] GC(369430)   region size 1024K, 11 young (11264K), 2 survivors (2048K)
[2020-12-23T01:52:20.658-0400][gc,heap        ] GC(369430)  Metaspace       used 61036K, capacity 63770K, committed 64768K, reserved 1107968K
[2020-12-23T01:52:20.658-0400][gc,heap        ] GC(369430)   class space    used 5720K, capacity 6573K, committed 6912K, reserved 1048576K
[2020-12-23T01:52:20.658-0400][gc,start       ] GC(369430) Pause Young (Normal) (G1 Evacuation Pause)
[2020-12-23T01:52:20.658-0400][gc,task        ] GC(369430) Using 4 workers of 4 for evacuation
[2020-12-23T01:52:20.665-0400][gc,phases      ] GC(369430)   Pre Evacuate Collection Set: 0.0ms
[2020-12-23T01:52:20.665-0400][gc,phases      ] GC(369430)   Evacuate Collection Set: 4.5ms
[2020-12-23T01:52:20.665-0400][gc,phases      ] GC(369430)   Post Evacuate Collection Set: 1.6ms
[2020-12-23T01:52:20.665-0400][gc,phases      ] GC(369430)   Other: 0.9ms
[2020-12-23T01:52:20.665-0400][gc,heap        ] GC(369430) Eden regions: 9->0(9)
[2020-12-23T01:52:20.665-0400][gc,heap        ] GC(369430) Survivor regions: 2->1(2)
[2020-12-23T01:52:20.665-0400][gc,heap        ] GC(369430) Old regions: 46->47
[2020-12-23T01:52:20.665-0400][gc,heap        ] GC(369430) Humongous regions: 4->4
[2020-12-23T01:52:20.665-0400][gc,metaspace   ] GC(369430) Metaspace: 61036K->61036K(1107968K)
[2020-12-23T01:52:20.665-0400][gc,heap        ] GC(369430) Heap after GC invocations=369407 (full 10703): garbage-first heap   total 73728K, used 49376K [0x0000000083000000, 0x0000000100000000)
[2020-12-23T01:52:20.665-0400][gc,heap        ] GC(369430)   region size 1024K, 1 young (1024K), 1 survivors (1024K)
[2020-12-23T01:52:20.665-0400][gc,heap        ] GC(369430)  Metaspace       used 61036K, capacity 63770K, committed 64768K, reserved 1107968K
[2020-12-23T01:52:20.665-0400][gc,heap        ] GC(369430)   class space    used 5720K, capacity 6573K, committed 6912K, reserved 1048576K
[2020-12-23T01:52:20.665-0400][gc             ] GC(369430) Pause Young (Normal) (G1 Evacuation Pause) 58M->48M(72M) 7.457ms
[2020-12-23T01:52:20.666-0400][gc,cpu         ] GC(369430) User=0.03s Sys=0.00s Real=0.00s
[2020-12-23T01:52:33.075-0400][gc,heap        ] GC(369431) Heap before GC invocations=369407 (full 10703): garbage-first heap   total 73728K, used 58592K [0x0000000083000000, 0x0000000100000000)
[2020-12-23T01:52:33.076-0400][gc,heap        ] GC(369431)   region size 1024K, 10 young (10240K), 1 survivors (1024K)
[2020-12-23T01:52:33.076-0400][gc,heap        ] GC(369431)  Metaspace       used 61036K, capacity 63770K, committed 64768K, reserved 1107968K
[2020-12-23T01:52:33.076-0400][gc,heap        ] GC(369431)   class space    used 5720K, capacity 6573K, committed 6912K, reserved 1048576K
[2020-12-23T01:52:33.076-0400][gc,start       ] GC(369431) Pause Young (Concurrent Start) (G1 Evacuation Pause)
[2020-12-23T01:52:33.076-0400][gc,task        ] GC(369431) Using 4 workers of 4 for evacuation
[2020-12-23T01:52:33.097-0400][gc,phases      ] GC(369431)   Pre Evacuate Collection Set: 0.4ms
[2020-12-23T01:52:33.097-0400][gc,phases      ] GC(369431)   Evacuate Collection Set: 17.6ms
[2020-12-23T01:52:33.097-0400][gc,phases      ] GC(369431)   Post Evacuate Collection Set: 2.2ms
[2020-12-23T01:52:33.097-0400][gc,phases      ] GC(369431)   Other: 1.3ms
[2020-12-23T01:52:33.097-0400][gc,heap        ] GC(369431) Eden regions: 9->0(9)
[2020-12-23T01:52:33.097-0400][gc,heap        ] GC(369431) Survivor regions: 1->1(2)
[2020-12-23T01:52:33.097-0400][gc,heap        ] GC(369431) Old regions: 47->47
[2020-12-23T01:52:33.097-0400][gc,heap        ] GC(369431) Humongous regions: 4->4
[2020-12-23T01:52:33.097-0400][gc,metaspace   ] GC(369431) Metaspace: 61036K->61036K(1107968K)
[2020-12-23T01:52:33.097-0400][gc,heap        ] GC(369431) Heap after GC invocations=369408 (full 10703): garbage-first heap   total 73728K, used 50013K [0x0000000083000000, 0x0000000100000000)
[2020-12-23T01:52:33.097-0400][gc,heap        ] GC(369431)   region size 1024K, 1 young (1024K), 1 survivors (1024K)
[2020-12-23T01:52:33.097-0400][gc,heap        ] GC(369431)  Metaspace       used 61036K, capacity 63770K, committed 64768K, reserved 1107968K
[2020-12-23T01:52:33.097-0400][gc,heap        ] GC(369431)   class space    used 5720K, capacity 6573K, committed 6912K, reserved 1048576K
[2020-12-23T01:52:33.098-0400][gc             ] GC(369431) Pause Young (Concurrent Start) (G1 Evacuation Pause) 57M->48M(72M) 21.599ms
[2020-12-23T01:52:33.098-0400][gc,cpu         ] GC(369431) User=0.02s Sys=0.02s Real=0.02s
[2020-12-23T01:52:33.098-0400][gc             ] GC(369432) Concurrent Cycle
[2020-12-23T01:52:33.098-0400][gc,marking     ] GC(369432) Concurrent Clear Claimed Marks
[2020-12-23T01:52:33.098-0400][gc,marking     ] GC(369432) Concurrent Clear Claimed Marks 0.313ms
[2020-12-23T01:52:33.098-0400][gc,marking     ] GC(369432) Concurrent Scan Root Regions
[2020-12-23T01:52:33.103-0400][gc,marking     ] GC(369432) Concurrent Scan Root Regions 4.551ms
[2020-12-23T01:52:33.103-0400][gc,marking     ] GC(369432) Concurrent Mark (3199267.858s)
[2020-12-23T01:52:33.103-0400][gc,marking     ] GC(369432) Concurrent Mark From Roots
[2020-12-23T01:52:33.103-0400][gc,task        ] GC(369432) Using 1 workers of 1 for marking
[2020-12-23T01:52:33.530-0400][gc,marking     ] GC(369432) Concurrent Mark From Roots 426.594ms
[2020-12-23T01:52:33.530-0400][gc,marking     ] GC(369432) Concurrent Preclean
[2020-12-23T01:52:33.531-0400][gc,marking     ] GC(369432) Concurrent Preclean 0.615ms
[2020-12-23T01:52:33.531-0400][gc,marking     ] GC(369432) Concurrent Mark (3199267.858s, 3199268.285s) 427.507ms
[2020-12-23T01:52:33.532-0400][gc,start       ] GC(369432) Pause Remark
[2020-12-23T01:52:33.597-0400][gc,stringtable ] GC(369432) Cleaned string and symbol table, strings: 32390 processed, 0 removed, symbols: 131479 processed, 0 removed
[2020-12-23T01:52:33.598-0400][gc             ] GC(369432) Pause Remark 54M->54M(72M) 66.680ms
[2020-12-23T01:52:33.598-0400][gc,cpu         ] GC(369432) User=0.15s Sys=0.00s Real=0.07s
[2020-12-23T01:52:33.599-0400][gc,marking     ] GC(369432) Concurrent Rebuild Remembered Sets
[2020-12-23T01:52:33.862-0400][gc,marking     ] GC(369432) Concurrent Rebuild Remembered Sets 263.085ms
[2020-12-23T01:52:33.863-0400][gc,start       ] GC(369432) Pause Cleanup
[2020-12-23T01:52:33.863-0400][gc             ] GC(369432) Pause Cleanup 54M->54M(72M) 0.589ms
[2020-12-23T01:52:33.864-0400][gc,cpu         ] GC(369432) User=0.00s Sys=0.00s Real=0.00s
[2020-12-23T01:52:33.864-0400][gc,marking     ] GC(369432) Concurrent Cleanup for Next Mark
[2020-12-23T01:52:33.865-0400][gc,marking     ] GC(369432) Concurrent Cleanup for Next Mark 1.055ms
[2020-12-23T01:52:33.865-0400][gc             ] GC(369432) Concurrent Cycle 767.316ms
[2020-12-23T01:52:35.680-0400][gc,heap        ] GC(369433) Heap before GC invocations=369409 (full 10703): garbage-first heap   total 73728K, used 58205K [0x0000000083000000, 0x0000000100000000)
[2020-12-23T01:52:35.680-0400][gc,heap        ] GC(369433)   region size 1024K, 10 young (10240K), 1 survivors (1024K)
[2020-12-23T01:52:35.680-0400][gc,heap        ] GC(369433)  Metaspace       used 61036K, capacity 63770K, committed 64768K, reserved 1107968K
[2020-12-23T01:52:35.680-0400][gc,heap        ] GC(369433)   class space    used 5720K, capacity 6573K, committed 6912K, reserved 1048576K
[2020-12-23T01:52:35.680-0400][gc,start       ] GC(369433) Pause Young (Normal) (G1 Evacuation Pause)
[2020-12-23T01:52:35.680-0400][gc,task        ] GC(369433) Using 4 workers of 4 for evacuation
[2020-12-23T01:52:35.690-0400][gc,phases      ] GC(369433)   Pre Evacuate Collection Set: 0.0ms
[2020-12-23T01:52:35.690-0400][gc,phases      ] GC(369433)   Evacuate Collection Set: 5.9ms
[2020-12-23T01:52:35.690-0400][gc,phases      ] GC(369433)   Post Evacuate Collection Set: 3.4ms
[2020-12-23T01:52:35.690-0400][gc,phases      ] GC(369433)   Other: 0.9ms
[2020-12-23T01:52:35.690-0400][gc,heap        ] GC(369433) Eden regions: 9->0(9)
[2020-12-23T01:52:35.690-0400][gc,heap        ] GC(369433) Survivor regions: 1->1(2)
[2020-12-23T01:52:35.690-0400][gc,heap        ] GC(369433) Old regions: 47->47
[2020-12-23T01:52:35.690-0400][gc,heap        ] GC(369433) Humongous regions: 4->4
[2020-12-23T01:52:35.690-0400][gc,metaspace   ] GC(369433) Metaspace: 61036K->61036K(1107968K)
[2020-12-23T01:52:35.690-0400][gc,heap        ] GC(369433) Heap after GC invocations=369410 (full 10703): garbage-first heap   total 73728K, used 49703K [0x0000000083000000, 0x0000000100000000)
[2020-12-23T01:52:35.690-0400][gc,heap        ] GC(369433)   region size 1024K, 1 young (1024K), 1 survivors (1024K)
[2020-12-23T01:52:35.690-0400][gc,heap        ] GC(369433)  Metaspace       used 61036K, capacity 63770K, committed 64768K, reserved 1107968K
[2020-12-23T01:52:35.690-0400][gc,heap        ] GC(369433)   class space    used 5720K, capacity 6573K, committed 6912K, reserved 1048576K
[2020-12-23T01:52:35.691-0400][gc             ] GC(369433) Pause Young (Normal) (G1 Evacuation Pause) 57M->48M(72M) 10.572ms
[2020-12-23T01:52:35.691-0400][gc,cpu         ] GC(369433) User=0.03s Sys=0.00s Real=0.01s
[2020-12-23T01:52:48.124-0400][gc,heap        ] GC(369434) Heap before GC invocations=369410 (full 10703): garbage-first heap   total 73728K, used 57895K [0x0000000083000000, 0x0000000100000000)
[2020-12-23T01:52:48.124-0400][gc,heap        ] GC(369434)   region size 1024K, 10 young (10240K), 1 survivors (1024K)
[2020-12-23T01:52:48.124-0400][gc,heap        ] GC(369434)  Metaspace       used 61038K, capacity 63773K, committed 64768K, reserved 1107968K
[2020-12-23T01:52:48.124-0400][gc,heap        ] GC(369434)   class space    used 5721K, capacity 6574K, committed 6912K, reserved 1048576K
[2020-12-23T01:52:48.124-0400][gc,start       ] GC(369434) Pause Young (Concurrent Start) (G1 Evacuation Pause)
[2020-12-23T01:52:48.124-0400][gc,task        ] GC(369434) Using 4 workers of 4 for evacuation
[2020-12-23T01:52:48.132-0400][gc,phases      ] GC(369434)   Pre Evacuate Collection Set: 0.2ms
[2020-12-23T01:52:48.132-0400][gc,phases      ] GC(369434)   Evacuate Collection Set: 4.9ms
[2020-12-23T01:52:48.132-0400][gc,phases      ] GC(369434)   Post Evacuate Collection Set: 1.7ms
[2020-12-23T01:52:48.132-0400][gc,phases      ] GC(369434)   Other: 1.0ms
[2020-12-23T01:52:48.132-0400][gc,heap        ] GC(369434) Eden regions: 9->0(10)
[2020-12-23T01:52:48.132-0400][gc,heap        ] GC(369434) Survivor regions: 1->1(2)
[2020-12-23T01:52:48.132-0400][gc,heap        ] GC(369434) Old regions: 47->47
[2020-12-23T01:52:48.132-0400][gc,heap        ] GC(369434) Humongous regions: 4->4
[2020-12-23T01:52:48.132-0400][gc,metaspace   ] GC(369434) Metaspace: 61038K->61038K(1107968K)
[2020-12-23T01:52:48.132-0400][gc,heap        ] GC(369434) Heap after GC invocations=369411 (full 10703): garbage-first heap   total 73728K, used 49505K [0x0000000083000000, 0x0000000100000000)
[2020-12-23T01:52:48.132-0400][gc,heap        ] GC(369434)   region size 1024K, 1 young (1024K), 1 survivors (1024K)
[2020-12-23T01:52:48.132-0400][gc,heap        ] GC(369434)  Metaspace       used 61038K, capacity 63773K, committed 64768K, reserved 1107968K
[2020-12-23T01:52:48.133-0400][gc,heap        ] GC(369434)   class space    used 5721K, capacity 6574K, committed 6912K, reserved 1048576K
[2020-12-23T01:52:48.133-0400][gc             ] GC(369434) Pause Young (Concurrent Start) (G1 Evacuation Pause) 57M->48M(72M) 8.316ms
[2020-12-23T01:52:48.133-0400][gc,cpu         ] GC(369434) User=0.02s Sys=0.01s Real=0.01s
[2020-12-23T01:52:48.133-0400][gc             ] GC(369435) Concurrent Cycle
[2020-12-23T01:52:48.133-0400][gc,marking     ] GC(369435) Concurrent Clear Claimed Marks
[2020-12-23T01:52:48.133-0400][gc,marking     ] GC(369435) Concurrent Clear Claimed Marks 0.350ms
[2020-12-23T01:52:48.134-0400][gc,marking     ] GC(369435) Concurrent Scan Root Regions
[2020-12-23T01:52:48.137-0400][gc,marking     ] GC(369435) Concurrent Scan Root Regions 3.195ms
[2020-12-23T01:52:48.137-0400][gc,marking     ] GC(369435) Concurrent Mark (3199282.891s)
[2020-12-23T01:52:48.137-0400][gc,marking     ] GC(369435) Concurrent Mark From Roots
[2020-12-23T01:52:48.137-0400][gc,task        ] GC(369435) Using 1 workers of 1 for marking
[2020-12-23T01:52:48.460-0400][gc,marking     ] GC(369435) Concurrent Mark From Roots 323.563ms
[2020-12-23T01:52:48.461-0400][gc,marking     ] GC(369435) Concurrent Preclean
[2020-12-23T01:52:48.461-0400][gc,marking     ] GC(369435) Concurrent Preclean 0.674ms
[2020-12-23T01:52:48.461-0400][gc,marking     ] GC(369435) Concurrent Mark (3199282.891s, 3199283.216s) 324.489ms
[2020-12-23T01:52:48.462-0400][gc,start       ] GC(369435) Pause Remark
[2020-12-23T01:52:48.504-0400][gc,stringtable ] GC(369435) Cleaned string and symbol table, strings: 32391 processed, 0 removed, symbols: 131481 processed, 0 removed
[2020-12-23T01:52:48.504-0400][gc             ] GC(369435) Pause Remark 48M->48M(72M) 42.282ms
[2020-12-23T01:52:48.505-0400][gc,cpu         ] GC(369435) User=0.16s Sys=0.00s Real=0.04s
[2020-12-23T01:52:48.505-0400][gc,marking     ] GC(369435) Concurrent Rebuild Remembered Sets
[2020-12-23T01:52:48.694-0400][gc,marking     ] GC(369435) Concurrent Rebuild Remembered Sets 189.087ms
[2020-12-23T01:52:48.695-0400][gc,start       ] GC(369435) Pause Cleanup
[2020-12-23T01:52:48.695-0400][gc             ] GC(369435) Pause Cleanup 48M->48M(72M) 0.458ms
[2020-12-23T01:52:48.695-0400][gc,cpu         ] GC(369435) User=0.00s Sys=0.00s Real=0.00s
[2020-12-23T01:52:48.696-0400][gc,marking     ] GC(369435) Concurrent Cleanup for Next Mark
[2020-12-23T01:52:48.697-0400][gc,marking     ] GC(369435) Concurrent Cleanup for Next Mark 0.856ms
[2020-12-23T01:52:48.697-0400][gc             ] GC(369435) Concurrent Cycle 563.739ms
[2020-12-23T01:53:04.290-0400][gc,heap        ] GC(369436) Heap before GC invocations=369412 (full 10703): garbage-first heap   total 73728K, used 58721K [0x0000000083000000, 0x0000000100000000)
[2020-12-23T01:53:04.290-0400][gc,heap        ] GC(369436)   region size 1024K, 11 young (11264K), 1 survivors (1024K)
[2020-12-23T01:53:04.290-0400][gc,heap        ] GC(369436)  Metaspace       used 61038K, capacity 63773K, committed 64768K, reserved 1107968K
[2020-12-23T01:53:04.290-0400][gc,heap        ] GC(369436)   class space    used 5721K, capacity 6574K, committed 6912K, reserved 1048576K
[2020-12-23T01:53:04.290-0400][gc,start       ] GC(369436) Pause Young (Normal) (G1 Evacuation Pause)
[2020-12-23T01:53:04.290-0400][gc,task        ] GC(369436) Using 4 workers of 4 for evacuation
[2020-12-23T01:53:04.302-0400][gc,phases      ] GC(369436)   Pre Evacuate Collection Set: 0.0ms
[2020-12-23T01:53:04.302-0400][gc,phases      ] GC(369436)   Evacuate Collection Set: 6.7ms
[2020-12-23T01:53:04.302-0400][gc,phases      ] GC(369436)   Post Evacuate Collection Set: 4.1ms
[2020-12-23T01:53:04.302-0400][gc,phases      ] GC(369436)   Other: 1.2ms
[2020-12-23T01:53:04.302-0400][gc,heap        ] GC(369436) Eden regions: 10->0(10)
[2020-12-23T01:53:04.302-0400][gc,heap        ] GC(369436) Survivor regions: 1->1(2)
[2020-12-23T01:53:04.302-0400][gc,heap        ] GC(369436) Old regions: 47->47
[2020-12-23T01:53:04.302-0400][gc,heap        ] GC(369436) Humongous regions: 4->4
[2020-12-23T01:53:04.302-0400][gc,metaspace   ] GC(369436) Metaspace: 61038K->61038K(1107968K)
[2020-12-23T01:53:04.302-0400][gc,heap        ] GC(369436) Heap after GC invocations=369413 (full 10703): garbage-first heap   total 73728K, used 50029K [0x0000000083000000, 0x0000000100000000)
[2020-12-23T01:53:04.302-0400][gc,heap        ] GC(369436)   region size 1024K, 1 young (1024K), 1 survivors (1024K)
[2020-12-23T01:53:04.302-0400][gc,heap        ] GC(369436)  Metaspace       used 61038K, capacity 63773K, committed 64768K, reserved 1107968K
[2020-12-23T01:53:04.302-0400][gc,heap        ] GC(369436)   class space    used 5721K, capacity 6574K, committed 6912K, reserved 1048576K
[2020-12-23T01:53:04.303-0400][gc             ] GC(369436) Pause Young (Normal) (G1 Evacuation Pause) 58M->48M(72M) 12.426ms
[2020-12-23T01:53:04.303-0400][gc,cpu         ] GC(369436) User=0.02s Sys=0.02s Real=0.01s
[2020-12-23T01:53:13.893-0400][gc,heap        ] GC(369437) Heap before GC invocations=369413 (full 10703): garbage-first heap   total 73728K, used 59245K [0x0000000083000000, 0x0000000100000000)
[2020-12-23T01:53:13.894-0400][gc,heap        ] GC(369437)   region size 1024K, 11 young (11264K), 1 survivors (1024K)
[2020-12-23T01:53:13.894-0400][gc,heap        ] GC(369437)  Metaspace       used 61038K, capacity 63773K, committed 64768K, reserved 1107968K
[2020-12-23T01:53:13.894-0400][gc,heap        ] GC(369437)   class space    used 5721K, capacity 6574K, committed 6912K, reserved 1048576K
[2020-12-23T01:53:13.894-0400][gc,start       ] GC(369437) Pause Young (Concurrent Start) (G1 Evacuation Pause)
[2020-12-23T01:53:13.894-0400][gc,task        ] GC(369437) Using 4 workers of 4 for evacuation
[2020-12-23T01:53:13.901-0400][gc,phases      ] GC(369437)   Pre Evacuate Collection Set: 0.2ms
[2020-12-23T01:53:13.901-0400][gc,phases      ] GC(369437)   Evacuate Collection Set: 4.7ms
[2020-12-23T01:53:13.901-0400][gc,phases      ] GC(369437)   Post Evacuate Collection Set: 1.5ms
[2020-12-23T01:53:13.901-0400][gc,phases      ] GC(369437)   Other: 1.0ms
[2020-12-23T01:53:13.901-0400][gc,heap        ] GC(369437) Eden regions: 10->0(10)
[2020-12-23T01:53:13.901-0400][gc,heap        ] GC(369437) Survivor regions: 1->1(2)
[2020-12-23T01:53:13.901-0400][gc,heap        ] GC(369437) Old regions: 47->47
[2020-12-23T01:53:13.901-0400][gc,heap        ] GC(369437) Humongous regions: 4->4
[2020-12-23T01:53:13.901-0400][gc,metaspace   ] GC(369437) Metaspace: 61038K->61038K(1107968K)
[2020-12-23T01:53:13.901-0400][gc,heap        ] GC(369437) Heap after GC invocations=369414 (full 10703): garbage-first heap   total 73728K, used 49545K [0x0000000083000000, 0x0000000100000000)
[2020-12-23T01:53:13.901-0400][gc,heap        ] GC(369437)   region size 1024K, 1 young (1024K), 1 survivors (1024K)
[2020-12-23T01:53:13.901-0400][gc,heap        ] GC(369437)  Metaspace       used 61038K, capacity 63773K, committed 64768K, reserved 1107968K
[2020-12-23T01:53:13.901-0400][gc,heap        ] GC(369437)   class space    used 5721K, capacity 6574K, committed 6912K, reserved 1048576K
[2020-12-23T01:53:13.902-0400][gc             ] GC(369437) Pause Young (Concurrent Start) (G1 Evacuation Pause) 58M->48M(72M) 7.709ms
[2020-12-23T01:53:13.902-0400][gc,cpu         ] GC(369437) User=0.02s Sys=0.00s Real=0.01s
[2020-12-23T01:53:13.903-0400][gc             ] GC(369438) Concurrent Cycle
[2020-12-23T01:53:13.903-0400][gc,marking     ] GC(369438) Concurrent Clear Claimed Marks
[2020-12-23T01:53:13.904-0400][gc,marking     ] GC(369438) Concurrent Clear Claimed Marks 0.457ms
[2020-12-23T01:53:13.904-0400][gc,marking     ] GC(369438) Concurrent Scan Root Regions
[2020-12-23T01:53:13.906-0400][gc,marking     ] GC(369438) Concurrent Scan Root Regions 2.473ms
[2020-12-23T01:53:13.906-0400][gc,marking     ] GC(369438) Concurrent Mark (3199308.661s)
[2020-12-23T01:53:13.906-0400][gc,marking     ] GC(369438) Concurrent Mark From Roots
[2020-12-23T01:53:13.907-0400][gc,task        ] GC(369438) Using 1 workers of 1 for marking
[2020-12-23T01:53:14.241-0400][gc,marking     ] GC(369438) Concurrent Mark From Roots 334.424ms
[2020-12-23T01:53:14.241-0400][gc,marking     ] GC(369438) Concurrent Preclean
[2020-12-23T01:53:14.242-0400][gc,marking     ] GC(369438) Concurrent Preclean 0.740ms
[2020-12-23T01:53:14.242-0400][gc,marking     ] GC(369438) Concurrent Mark (3199308.661s, 3199308.996s) 335.419ms
[2020-12-23T01:53:14.243-0400][gc,start       ] GC(369438) Pause Remark
[2020-12-23T01:53:14.284-0400][gc,stringtable ] GC(369438) Cleaned string and symbol table, strings: 32391 processed, 0 removed, symbols: 131481 processed, 0 removed
[2020-12-23T01:53:14.284-0400][gc             ] GC(369438) Pause Remark 48M->48M(72M) 41.683ms
[2020-12-23T01:53:14.284-0400][gc,cpu         ] GC(369438) User=0.16s Sys=0.00s Real=0.04s
[2020-12-23T01:53:14.285-0400][gc,marking     ] GC(369438) Concurrent Rebuild Remembered Sets
[2020-12-23T01:53:14.476-0400][gc,marking     ] GC(369438) Concurrent Rebuild Remembered Sets 190.900ms
[2020-12-23T01:53:14.476-0400][gc,start       ] GC(369438) Pause Cleanup
[2020-12-23T01:53:14.477-0400][gc             ] GC(369438) Pause Cleanup 48M->48M(72M) 0.578ms
[2020-12-23T01:53:14.477-0400][gc,cpu         ] GC(369438) User=0.00s Sys=0.00s Real=0.00s
[2020-12-23T01:53:14.477-0400][gc,marking     ] GC(369438) Concurrent Cleanup for Next Mark
[2020-12-23T01:53:14.478-0400][gc,marking     ] GC(369438) Concurrent Cleanup for Next Mark 0.993ms
[2020-12-23T01:53:14.478-0400][gc             ] GC(369438) Concurrent Cycle 575.283ms
[2020-12-23T01:53:22.079-0400][gc,heap        ] GC(369439) Heap before GC invocations=369415 (full 10703): garbage-first heap   total 73728K, used 59785K [0x0000000083000000, 0x0000000100000000)
[2020-12-23T01:53:22.079-0400][gc,heap        ] GC(369439)   region size 1024K, 11 young (11264K), 1 survivors (1024K)
[2020-12-23T01:53:22.079-0400][gc,heap        ] GC(369439)  Metaspace       used 61040K, capacity 63776K, committed 64768K, reserved 1107968K
[2020-12-23T01:53:22.079-0400][gc,heap        ] GC(369439)   class space    used 5721K, capacity 6575K, committed 6912K, reserved 1048576K
[2020-12-23T01:53:22.080-0400][gc,start       ] GC(369439) Pause Young (Normal) (G1 Evacuation Pause)
[2020-12-23T01:53:22.080-0400][gc,task        ] GC(369439) Using 4 workers of 4 for evacuation
[2020-12-23T01:53:22.095-0400][gc,phases      ] GC(369439)   Pre Evacuate Collection Set: 0.0ms
[2020-12-23T01:53:22.095-0400][gc,phases      ] GC(369439)   Evacuate Collection Set: 11.8ms
[2020-12-23T01:53:22.095-0400][gc,phases      ] GC(369439)   Post Evacuate Collection Set: 2.9ms
[2020-12-23T01:53:22.095-0400][gc,phases      ] GC(369439)   Other: 0.9ms
[2020-12-23T01:53:22.095-0400][gc,heap        ] GC(369439) Eden regions: 10->0(9)
[2020-12-23T01:53:22.095-0400][gc,heap        ] GC(369439) Survivor regions: 1->2(2)
[2020-12-23T01:53:22.095-0400][gc,heap        ] GC(369439) Old regions: 47->47
[2020-12-23T01:53:22.095-0400][gc,heap        ] GC(369439) Humongous regions: 4->4
[2020-12-23T01:53:22.095-0400][gc,metaspace   ] GC(369439) Metaspace: 61040K->61040K(1107968K)
[2020-12-23T01:53:22.095-0400][gc,heap        ] GC(369439) Heap after GC invocations=369416 (full 10703): garbage-first heap   total 73728K, used 50840K [0x0000000083000000, 0x0000000100000000)
[2020-12-23T01:53:22.096-0400][gc,heap        ] GC(369439)   region size 1024K, 2 young (2048K), 2 survivors (2048K)
[2020-12-23T01:53:22.096-0400][gc,heap        ] GC(369439)  Metaspace       used 61040K, capacity 63776K, committed 64768K, reserved 1107968K
[2020-12-23T01:53:22.096-0400][gc,heap        ] GC(369439)   class space    used 5721K, capacity 6575K, committed 6912K, reserved 1048576K
[2020-12-23T01:53:22.096-0400][gc             ] GC(369439) Pause Young (Normal) (G1 Evacuation Pause) 58M->49M(72M) 16.131ms
[2020-12-23T01:53:22.096-0400][gc,cpu         ] GC(369439) User=0.04s Sys=0.00s Real=0.02s
[2020-12-23T01:53:25.330-0400][gc,heap        ] GC(369440) Heap before GC invocations=369416 (full 10703): garbage-first heap   total 73728K, used 59032K [0x0000000083000000, 0x0000000100000000)
[2020-12-23T01:53:25.330-0400][gc,heap        ] GC(369440)   region size 1024K, 11 young (11264K), 2 survivors (2048K)
[2020-12-23T01:53:25.330-0400][gc,heap        ] GC(369440)  Metaspace       used 61040K, capacity 63776K, committed 64768K, reserved 1107968K
[2020-12-23T01:53:25.330-0400][gc,heap        ] GC(369440)   class space    used 5721K, capacity 6575K, committed 6912K, reserved 1048576K
[2020-12-23T01:53:25.330-0400][gc,start       ] GC(369440) Pause Young (Concurrent Start) (G1 Evacuation Pause)
[2020-12-23T01:53:25.330-0400][gc,task        ] GC(369440) Using 4 workers of 4 for evacuation
[2020-12-23T01:53:25.336-0400][gc,phases      ] GC(369440)   Pre Evacuate Collection Set: 0.2ms
[2020-12-23T01:53:25.336-0400][gc,phases      ] GC(369440)   Evacuate Collection Set: 4.8ms
[2020-12-23T01:53:25.336-0400][gc,phases      ] GC(369440)   Post Evacuate Collection Set: 1.0ms
[2020-12-23T01:53:25.337-0400][gc,phases      ] GC(369440)   Other: 0.9ms
[2020-12-23T01:53:25.337-0400][gc,heap        ] GC(369440) Eden regions: 9->0(10)
[2020-12-23T01:53:25.337-0400][gc,heap        ] GC(369440) Survivor regions: 2->1(2)
[2020-12-23T01:53:25.337-0400][gc,heap        ] GC(369440) Old regions: 47->47
[2020-12-23T01:53:25.337-0400][gc,heap        ] GC(369440) Humongous regions: 4->4
[2020-12-23T01:53:25.337-0400][gc,metaspace   ] GC(369440) Metaspace: 61040K->61040K(1107968K)
[2020-12-23T01:53:25.337-0400][gc,heap        ] GC(369440) Heap after GC invocations=369417 (full 10703): garbage-first heap   total 73728K, used 49723K [0x0000000083000000, 0x0000000100000000)
[2020-12-23T01:53:25.337-0400][gc,heap        ] GC(369440)   region size 1024K, 1 young (1024K), 1 survivors (1024K)
[2020-12-23T01:53:25.337-0400][gc,heap        ] GC(369440)  Metaspace       used 61040K, capacity 63776K, committed 64768K, reserved 1107968K
[2020-12-23T01:53:25.337-0400][gc,heap        ] GC(369440)   class space    used 5721K, capacity 6575K, committed 6912K, reserved 1048576K
[2020-12-23T01:53:25.337-0400][gc             ] GC(369440) Pause Young (Concurrent Start) (G1 Evacuation Pause) 58M->48M(72M) 7.239ms
[2020-12-23T01:53:25.337-0400][gc,cpu         ] GC(369440) User=0.02s Sys=0.00s Real=0.01s
[2020-12-23T01:53:25.337-0400][gc             ] GC(369441) Concurrent Cycle
[2020-12-23T01:53:25.337-0400][gc,marking     ] GC(369441) Concurrent Clear Claimed Marks
[2020-12-23T01:53:25.338-0400][gc,marking     ] GC(369441) Concurrent Clear Claimed Marks 0.386ms
[2020-12-23T01:53:25.338-0400][gc,marking     ] GC(369441) Concurrent Scan Root Regions
[2020-12-23T01:53:25.340-0400][gc,marking     ] GC(369441) Concurrent Scan Root Regions 2.109ms
[2020-12-23T01:53:25.340-0400][gc,marking     ] GC(369441) Concurrent Mark (3199320.095s)
[2020-12-23T01:53:25.340-0400][gc,marking     ] GC(369441) Concurrent Mark From Roots
[2020-12-23T01:53:25.340-0400][gc,task        ] GC(369441) Using 1 workers of 1 for marking
[2020-12-23T01:53:25.673-0400][gc,marking     ] GC(369441) Concurrent Mark From Roots 332.549ms
[2020-12-23T01:53:25.673-0400][gc,marking     ] GC(369441) Concurrent Preclean
[2020-12-23T01:53:25.674-0400][gc,marking     ] GC(369441) Concurrent Preclean 0.740ms
[2020-12-23T01:53:25.674-0400][gc,marking     ] GC(369441) Concurrent Mark (3199320.095s, 3199320.428s) 333.540ms
[2020-12-23T01:53:25.675-0400][gc,start       ] GC(369441) Pause Remark
[2020-12-23T01:53:25.714-0400][gc,stringtable ] GC(369441) Cleaned string and symbol table, strings: 32392 processed, 0 removed, symbols: 131483 processed, 0 removed
[2020-12-23T01:53:25.715-0400][gc             ] GC(369441) Pause Remark 48M->48M(72M) 40.572ms
[2020-12-23T01:53:25.715-0400][gc,cpu         ] GC(369441) User=0.10s Sys=0.06s Real=0.04s
[2020-12-23T01:53:25.716-0400][gc,marking     ] GC(369441) Concurrent Rebuild Remembered Sets
[2020-12-23T01:53:25.905-0400][gc,marking     ] GC(369441) Concurrent Rebuild Remembered Sets 189.485ms
[2020-12-23T01:53:25.906-0400][gc,start       ] GC(369441) Pause Cleanup
[2020-12-23T01:53:25.906-0400][gc             ] GC(369441) Pause Cleanup 48M->48M(72M) 0.454ms
[2020-12-23T01:53:25.907-0400][gc,cpu         ] GC(369441) User=0.00s Sys=0.00s Real=0.00s
[2020-12-23T01:53:25.907-0400][gc,marking     ] GC(369441) Concurrent Cleanup for Next Mark
[2020-12-23T01:53:25.908-0400][gc,marking     ] GC(369441) Concurrent Cleanup for Next Mark 1.014ms
[2020-12-23T01:53:25.908-0400][gc             ] GC(369441) Concurrent Cycle 570.657ms
[2020-12-23T01:53:39.550-0400][gc,heap        ] GC(369442) Heap before GC invocations=369418 (full 10703): garbage-first heap   total 73728K, used 58939K [0x0000000083000000, 0x0000000100000000)
[2020-12-23T01:53:39.550-0400][gc,heap        ] GC(369442)   region size 1024K, 11 young (11264K), 1 survivors (1024K)
[2020-12-23T01:53:39.550-0400][gc,heap        ] GC(369442)  Metaspace       used 61040K, capacity 63776K, committed 64768K, reserved 1107968K
[2020-12-23T01:53:39.550-0400][gc,heap        ] GC(369442)   class space    used 5721K, capacity 6575K, committed 6912K, reserved 1048576K
[2020-12-23T01:53:39.550-0400][gc,start       ] GC(369442) Pause Young (Normal) (G1 Evacuation Pause)
[2020-12-23T01:53:39.550-0400][gc,task        ] GC(369442) Using 4 workers of 4 for evacuation
[2020-12-23T01:53:39.560-0400][gc,phases      ] GC(369442)   Pre Evacuate Collection Set: 0.0ms
[2020-12-23T01:53:39.560-0400][gc,phases      ] GC(369442)   Evacuate Collection Set: 7.0ms
[2020-12-23T01:53:39.560-0400][gc,phases      ] GC(369442)   Post Evacuate Collection Set: 2.3ms
[2020-12-23T01:53:39.561-0400][gc,phases      ] GC(369442)   Other: 0.9ms
[2020-12-23T01:53:39.561-0400][gc,heap        ] GC(369442) Eden regions: 10->0(10)
[2020-12-23T01:53:39.561-0400][gc,heap        ] GC(369442) Survivor regions: 1->1(2)
[2020-12-23T01:53:39.561-0400][gc,heap        ] GC(369442) Old regions: 47->47
[2020-12-23T01:53:39.561-0400][gc,heap        ] GC(369442) Humongous regions: 4->4
[2020-12-23T01:53:39.561-0400][gc,metaspace   ] GC(369442) Metaspace: 61040K->61040K(1107968K)
[2020-12-23T01:53:39.561-0400][gc,heap        ] GC(369442) Heap after GC invocations=369419 (full 10703): garbage-first heap   total 73728K, used 50341K [0x0000000083000000, 0x0000000100000000)
[2020-12-23T01:53:39.561-0400][gc,heap        ] GC(369442)   region size 1024K, 1 young (1024K), 1 survivors (1024K)
[2020-12-23T01:53:39.561-0400][gc,heap        ] GC(369442)  Metaspace       used 61040K, capacity 63776K, committed 64768K, reserved 1107968K
[2020-12-23T01:53:39.561-0400][gc,heap        ] GC(369442)   class space    used 5721K, capacity 6575K, committed 6912K, reserved 1048576K
[2020-12-23T01:53:39.561-0400][gc             ] GC(369442) Pause Young (Normal) (G1 Evacuation Pause) 58M->49M(72M) 10.834ms
[2020-12-23T01:53:39.561-0400][gc,cpu         ] GC(369442) User=0.04s Sys=0.00s Real=0.01s
[2020-12-23T01:53:52.170-0400][gc,heap        ] GC(369443) Heap before GC invocations=369419 (full 10703): garbage-first heap   total 73728K, used 59557K [0x0000000083000000, 0x0000000100000000)
[2020-12-23T01:53:52.170-0400][gc,heap        ] GC(369443)   region size 1024K, 11 young (11264K), 1 survivors (1024K)
[2020-12-23T01:53:52.170-0400][gc,heap        ] GC(369443)  Metaspace       used 61046K, capacity 63785K, committed 64768K, reserved 1107968K
[2020-12-23T01:53:52.170-0400][gc,heap        ] GC(369443)   class space    used 5722K, capacity 6577K, committed 6912K, reserved 1048576K
[2020-12-23T01:53:52.170-0400][gc,start       ] GC(369443) Pause Young (Concurrent Start) (G1 Evacuation Pause)
[2020-12-23T01:53:52.170-0400][gc,task        ] GC(369443) Using 4 workers of 4 for evacuation
[2020-12-23T01:53:52.177-0400][gc,phases      ] GC(369443)   Pre Evacuate Collection Set: 0.2ms
[2020-12-23T01:53:52.177-0400][gc,phases      ] GC(369443)   Evacuate Collection Set: 4.3ms
[2020-12-23T01:53:52.177-0400][gc,phases      ] GC(369443)   Post Evacuate Collection Set: 1.5ms
[2020-12-23T01:53:52.177-0400][gc,phases      ] GC(369443)   Other: 1.0ms
[2020-12-23T01:53:52.177-0400][gc,heap        ] GC(369443) Eden regions: 10->0(10)
[2020-12-23T01:53:52.177-0400][gc,heap        ] GC(369443) Survivor regions: 1->1(2)
[2020-12-23T01:53:52.177-0400][gc,heap        ] GC(369443) Old regions: 47->47
[2020-12-23T01:53:52.177-0400][gc,heap        ] GC(369443) Humongous regions: 4->4
[2020-12-23T01:53:52.177-0400][gc,metaspace   ] GC(369443) Metaspace: 61046K->61046K(1107968K)
[2020-12-23T01:53:52.177-0400][gc,heap        ] GC(369443) Heap after GC invocations=369420 (full 10703): garbage-first heap   total 73728K, used 49640K [0x0000000083000000, 0x0000000100000000)
[2020-12-23T01:53:52.177-0400][gc,heap        ] GC(369443)   region size 1024K, 1 young (1024K), 1 survivors (1024K)
[2020-12-23T01:53:52.177-0400][gc,heap        ] GC(369443)  Metaspace       used 61046K, capacity 63785K, committed 64768K, reserved 1107968K
[2020-12-23T01:53:52.177-0400][gc,heap        ] GC(369443)   class space    used 5722K, capacity 6577K, committed 6912K, reserved 1048576K
[2020-12-23T01:53:52.177-0400][gc             ] GC(369443) Pause Young (Concurrent Start) (G1 Evacuation Pause) 59M->48M(72M) 7.354ms
[2020-12-23T01:53:52.177-0400][gc,cpu         ] GC(369443) User=0.01s Sys=0.01s Real=0.01s
[2020-12-23T01:53:52.179-0400][gc             ] GC(369444) Concurrent Cycle
[2020-12-23T01:53:52.179-0400][gc,marking     ] GC(369444) Concurrent Clear Claimed Marks
[2020-12-23T01:53:52.179-0400][gc,marking     ] GC(369444) Concurrent Clear Claimed Marks 0.341ms
[2020-12-23T01:53:52.179-0400][gc,marking     ] GC(369444) Concurrent Scan Root Regions
[2020-12-23T01:53:52.182-0400][gc,marking     ] GC(369444) Concurrent Scan Root Regions 2.223ms
[2020-12-23T01:53:52.182-0400][gc,marking     ] GC(369444) Concurrent Mark (3199346.936s)
[2020-12-23T01:53:52.182-0400][gc,marking     ] GC(369444) Concurrent Mark From Roots
[2020-12-23T01:53:52.182-0400][gc,task        ] GC(369444) Using 1 workers of 1 for marking
[2020-12-23T01:53:52.530-0400][gc,heap        ] GC(369445) Heap before GC invocations=369420 (full 10703): garbage-first heap   total 73728K, used 58856K [0x0000000083000000, 0x0000000100000000)
[2020-12-23T01:53:52.530-0400][gc,heap        ] GC(369445)   region size 1024K, 11 young (11264K), 1 survivors (1024K)
[2020-12-23T01:53:52.530-0400][gc,heap        ] GC(369445)  Metaspace       used 61050K, capacity 63785K, committed 64768K, reserved 1107968K
[2020-12-23T01:53:52.530-0400][gc,heap        ] GC(369445)   class space    used 5722K, capacity 6577K, committed 6912K, reserved 1048576K
[2020-12-23T01:53:52.530-0400][gc,start       ] GC(369445) Pause Young (Normal) (G1 Evacuation Pause)
[2020-12-23T01:53:52.530-0400][gc,task        ] GC(369445) Using 4 workers of 4 for evacuation
[2020-12-23T01:53:52.543-0400][gc,phases      ] GC(369445)   Pre Evacuate Collection Set: 0.0ms
[2020-12-23T01:53:52.543-0400][gc,phases      ] GC(369445)   Evacuate Collection Set: 9.4ms
[2020-12-23T01:53:52.543-0400][gc,phases      ] GC(369445)   Post Evacuate Collection Set: 2.9ms
[2020-12-23T01:53:52.543-0400][gc,phases      ] GC(369445)   Other: 0.9ms
[2020-12-23T01:53:52.543-0400][gc,heap        ] GC(369445) Eden regions: 10->0(10)
[2020-12-23T01:53:52.543-0400][gc,heap        ] GC(369445) Survivor regions: 1->1(2)
[2020-12-23T01:53:52.543-0400][gc,heap        ] GC(369445) Old regions: 47->47
[2020-12-23T01:53:52.543-0400][gc,heap        ] GC(369445) Humongous regions: 4->4
[2020-12-23T01:53:52.543-0400][gc,metaspace   ] GC(369445) Metaspace: 61050K->61050K(1107968K)
[2020-12-23T01:53:52.543-0400][gc,heap        ] GC(369445) Heap after GC invocations=369421 (full 10703): garbage-first heap   total 73728K, used 49754K [0x0000000083000000, 0x0000000100000000)
[2020-12-23T01:53:52.543-0400][gc,heap        ] GC(369445)   region size 1024K, 1 young (1024K), 1 survivors (1024K)
[2020-12-23T01:53:52.543-0400][gc,heap        ] GC(369445)  Metaspace       used 61050K, capacity 63785K, committed 64768K, reserved 1107968K
[2020-12-23T01:53:52.543-0400][gc,heap        ] GC(369445)   class space    used 5722K, capacity 6577K, committed 6912K, reserved 1048576K
[2020-12-23T01:53:52.543-0400][gc             ] GC(369445) Pause Young (Normal) (G1 Evacuation Pause) 58M->48M(72M) 13.571ms
[2020-12-23T01:53:52.544-0400][gc,cpu         ] GC(369445) User=0.03s Sys=0.00s Real=0.01s
[2020-12-23T01:53:52.568-0400][gc,marking     ] GC(369444) Concurrent Mark From Roots 385.681ms
[2020-12-23T01:53:52.568-0400][gc,marking     ] GC(369444) Concurrent Preclean
[2020-12-23T01:53:52.568-0400][gc,marking     ] GC(369444) Concurrent Preclean 0.638ms
[2020-12-23T01:53:52.568-0400][gc,marking     ] GC(369444) Concurrent Mark (3199346.936s, 3199347.323s) 386.615ms
[2020-12-23T01:53:52.569-0400][gc,start       ] GC(369444) Pause Remark
[2020-12-23T01:53:52.613-0400][gc,stringtable ] GC(369444) Cleaned string and symbol table, strings: 32393 processed, 0 removed, symbols: 131487 processed, 0 removed
[2020-12-23T01:53:52.613-0400][gc             ] GC(369444) Pause Remark 48M->48M(72M) 43.984ms
[2020-12-23T01:53:52.613-0400][gc,cpu         ] GC(369444) User=0.12s Sys=0.04s Real=0.04s
[2020-12-23T01:53:52.614-0400][gc,marking     ] GC(369444) Concurrent Rebuild Remembered Sets
[2020-12-23T01:53:52.821-0400][gc,marking     ] GC(369444) Concurrent Rebuild Remembered Sets 207.462ms
[2020-12-23T01:53:52.822-0400][gc,start       ] GC(369444) Pause Cleanup
[2020-12-23T01:53:52.823-0400][gc             ] GC(369444) Pause Cleanup 48M->48M(72M) 0.582ms
[2020-12-23T01:53:52.823-0400][gc,cpu         ] GC(369444) User=0.00s Sys=0.01s Real=0.00s
[2020-12-23T01:53:52.823-0400][gc,marking     ] GC(369444) Concurrent Cleanup for Next Mark
[2020-12-23T01:53:52.824-0400][gc,marking     ] GC(369444) Concurrent Cleanup for Next Mark 0.959ms
[2020-12-23T01:53:52.824-0400][gc             ] GC(369444) Concurrent Cycle 645.431ms
[2020-12-23T01:54:28.730-0400][gc,heap        ] GC(369446) Heap before GC invocations=369422 (full 10703): garbage-first heap   total 73728K, used 58970K [0x0000000083000000, 0x0000000100000000)
[2020-12-23T01:54:28.731-0400][gc,heap        ] GC(369446)   region size 1024K, 11 young (11264K), 1 survivors (1024K)
[2020-12-23T01:54:28.731-0400][gc,heap        ] GC(369446)  Metaspace       used 61050K, capacity 63785K, committed 64768K, reserved 1107968K
[2020-12-23T01:54:28.731-0400][gc,heap        ] GC(369446)   class space    used 5722K, capacity 6577K, committed 6912K, reserved 1048576K
[2020-12-23T01:54:28.731-0400][gc,start       ] GC(369446) Pause Young (Normal) (G1 Evacuation Pause)
[2020-12-23T01:54:28.731-0400][gc,task        ] GC(369446) Using 4 workers of 4 for evacuation
[2020-12-23T01:54:28.737-0400][gc,phases      ] GC(369446)   Pre Evacuate Collection Set: 0.0ms
[2020-12-23T01:54:28.737-0400][gc,phases      ] GC(369446)   Evacuate Collection Set: 3.8ms
[2020-12-23T01:54:28.737-0400][gc,phases      ] GC(369446)   Post Evacuate Collection Set: 1.9ms
[2020-12-23T01:54:28.737-0400][gc,phases      ] GC(369446)   Other: 0.9ms
[2020-12-23T01:54:28.737-0400][gc,heap        ] GC(369446) Eden regions: 10->0(10)
[2020-12-23T01:54:28.737-0400][gc,heap        ] GC(369446) Survivor regions: 1->1(2)
[2020-12-23T01:54:28.737-0400][gc,heap        ] GC(369446) Old regions: 47->47
[2020-12-23T01:54:28.737-0400][gc,heap        ] GC(369446) Humongous regions: 4->4
[2020-12-23T01:54:28.738-0400][gc,metaspace   ] GC(369446) Metaspace: 61050K->61050K(1107968K)
[2020-12-23T01:54:28.738-0400][gc,heap        ] GC(369446) Heap after GC invocations=369423 (full 10703): garbage-first heap   total 73728K, used 49768K [0x0000000083000000, 0x0000000100000000)
[2020-12-23T01:54:28.738-0400][gc,heap        ] GC(369446)   region size 1024K, 1 young (1024K), 1 survivors (1024K)
[2020-12-23T01:54:28.738-0400][gc,heap        ] GC(369446)  Metaspace       used 61050K, capacity 63785K, committed 64768K, reserved 1107968K
[2020-12-23T01:54:28.738-0400][gc,heap        ] GC(369446)   class space    used 5722K, capacity 6577K, committed 6912K, reserved 1048576K
[2020-12-23T01:54:28.738-0400][gc             ] GC(369446) Pause Young (Normal) (G1 Evacuation Pause) 58M->48M(72M) 7.200ms
[2020-12-23T01:54:28.738-0400][gc,cpu         ] GC(369446) User=0.02s Sys=0.00s Real=0.01s
[2020-12-23T01:55:00.129-0400][gc,heap        ] GC(369447) Heap before GC invocations=369423 (full 10703): garbage-first heap   total 73728K, used 58984K [0x0000000083000000, 0x0000000100000000)
[2020-12-23T01:55:00.129-0400][gc,heap        ] GC(369447)   region size 1024K, 11 young (11264K), 1 survivors (1024K)
[2020-12-23T01:55:00.129-0400][gc,heap        ] GC(369447)  Metaspace       used 61050K, capacity 63785K, committed 64768K, reserved 1107968K
[2020-12-23T01:55:00.129-0400][gc,heap        ] GC(369447)   class space    used 5722K, capacity 6577K, committed 6912K, reserved 1048576K
[2020-12-23T01:55:00.129-0400][gc,start       ] GC(369447) Pause Young (Concurrent Start) (G1 Evacuation Pause)
[2020-12-23T01:55:00.129-0400][gc,task        ] GC(369447) Using 4 workers of 4 for evacuation
[2020-12-23T01:55:00.137-0400][gc,phases      ] GC(369447)   Pre Evacuate Collection Set: 0.2ms
[2020-12-23T01:55:00.137-0400][gc,phases      ] GC(369447)   Evacuate Collection Set: 5.1ms
[2020-12-23T01:55:00.137-0400][gc,phases      ] GC(369447)   Post Evacuate Collection Set: 1.6ms
[2020-12-23T01:55:00.137-0400][gc,phases      ] GC(369447)   Other: 1.0ms
[2020-12-23T01:55:00.137-0400][gc,heap        ] GC(369447) Eden regions: 10->0(10)
[2020-12-23T01:55:00.137-0400][gc,heap        ] GC(369447) Survivor regions: 1->1(2)
[2020-12-23T01:55:00.137-0400][gc,heap        ] GC(369447) Old regions: 47->47
[2020-12-23T01:55:00.137-0400][gc,heap        ] GC(369447) Humongous regions: 4->4
[2020-12-23T01:55:00.137-0400][gc,metaspace   ] GC(369447) Metaspace: 61050K->61050K(1107968K)
[2020-12-23T01:55:00.137-0400][gc,heap        ] GC(369447) Heap after GC invocations=369424 (full 10703): garbage-first heap   total 73728K, used 49878K [0x0000000083000000, 0x0000000100000000)
[2020-12-23T01:55:00.137-0400][gc,heap        ] GC(369447)   region size 1024K, 1 young (1024K), 1 survivors (1024K)
[2020-12-23T01:55:00.137-0400][gc,heap        ] GC(369447)  Metaspace       used 61050K, capacity 63785K, committed 64768K, reserved 1107968K
[2020-12-23T01:55:00.138-0400][gc,heap        ] GC(369447)   class space    used 5722K, capacity 6577K, committed 6912K, reserved 1048576K
[2020-12-23T01:55:00.138-0400][gc             ] GC(369447) Pause Young (Concurrent Start) (G1 Evacuation Pause) 58M->48M(72M) 8.286ms
[2020-12-23T01:55:00.138-0400][gc,cpu         ] GC(369447) User=0.01s Sys=0.01s Real=0.01s
[2020-12-23T01:55:00.138-0400][gc             ] GC(369448) Concurrent Cycle
[2020-12-23T01:55:00.138-0400][gc,marking     ] GC(369448) Concurrent Clear Claimed Marks
[2020-12-23T01:55:00.138-0400][gc,marking     ] GC(369448) Concurrent Clear Claimed Marks 0.410ms
[2020-12-23T01:55:00.139-0400][gc,marking     ] GC(369448) Concurrent Scan Root Regions
[2020-12-23T01:55:00.143-0400][gc,marking     ] GC(369448) Concurrent Scan Root Regions 4.348ms
[2020-12-23T01:55:00.143-0400][gc,marking     ] GC(369448) Concurrent Mark (3199414.898s)
[2020-12-23T01:55:00.143-0400][gc,marking     ] GC(369448) Concurrent Mark From Roots
[2020-12-23T01:55:00.143-0400][gc,task        ] GC(369448) Using 1 workers of 1 for marking
[2020-12-23T01:55:00.482-0400][gc,marking     ] GC(369448) Concurrent Mark From Roots 339.109ms
[2020-12-23T01:55:00.482-0400][gc,marking     ] GC(369448) Concurrent Preclean
[2020-12-23T01:55:00.483-0400][gc,marking     ] GC(369448) Concurrent Preclean 0.665ms
[2020-12-23T01:55:00.483-0400][gc,marking     ] GC(369448) Concurrent Mark (3199414.898s, 3199415.238s) 340.050ms
[2020-12-23T01:55:00.484-0400][gc,start       ] GC(369448) Pause Remark
[2020-12-23T01:55:00.525-0400][gc,stringtable ] GC(369448) Cleaned string and symbol table, strings: 32393 processed, 0 removed, symbols: 131487 processed, 0 removed
[2020-12-23T01:55:00.526-0400][gc             ] GC(369448) Pause Remark 51M->51M(72M) 41.725ms
[2020-12-23T01:55:00.526-0400][gc,cpu         ] GC(369448) User=0.16s Sys=0.00s Real=0.05s
[2020-12-23T01:55:00.526-0400][gc,marking     ] GC(369448) Concurrent Rebuild Remembered Sets
[2020-12-23T01:55:00.715-0400][gc,marking     ] GC(369448) Concurrent Rebuild Remembered Sets 189.212ms
[2020-12-23T01:55:00.716-0400][gc,start       ] GC(369448) Pause Cleanup
[2020-12-23T01:55:00.717-0400][gc             ] GC(369448) Pause Cleanup 51M->51M(72M) 0.500ms
[2020-12-23T01:55:00.717-0400][gc,cpu         ] GC(369448) User=0.00s Sys=0.00s Real=0.00s
[2020-12-23T01:55:00.717-0400][gc,marking     ] GC(369448) Concurrent Cleanup for Next Mark
[2020-12-23T01:55:00.718-0400][gc,marking     ] GC(369448) Concurrent Cleanup for Next Mark 0.907ms
[2020-12-23T01:55:00.718-0400][gc             ] GC(369448) Concurrent Cycle 580.136ms
[2020-12-23T01:55:33.891-0400][gc,heap        ] GC(369449) Heap before GC invocations=369425 (full 10703): garbage-first heap   total 73728K, used 59094K [0x0000000083000000, 0x0000000100000000)
[2020-12-23T01:55:33.891-0400][gc,heap        ] GC(369449)   region size 1024K, 11 young (11264K), 1 survivors (1024K)
[2020-12-23T01:55:33.891-0400][gc,heap        ] GC(369449)  Metaspace       used 61050K, capacity 63785K, committed 64768K, reserved 1107968K
[2020-12-23T01:55:33.891-0400][gc,heap        ] GC(369449)   class space    used 5722K, capacity 6577K, committed 6912K, reserved 1048576K
[2020-12-23T01:55:33.891-0400][gc,start       ] GC(369449) Pause Young (Normal) (G1 Evacuation Pause)
[2020-12-23T01:55:33.891-0400][gc,task        ] GC(369449) Using 4 workers of 4 for evacuation
[2020-12-23T01:55:33.898-0400][gc,phases      ] GC(369449)   Pre Evacuate Collection Set: 0.0ms
[2020-12-23T01:55:33.898-0400][gc,phases      ] GC(369449)   Evacuate Collection Set: 5.0ms
[2020-12-23T01:55:33.899-0400][gc,phases      ] GC(369449)   Post Evacuate Collection Set: 1.6ms
[2020-12-23T01:55:33.899-0400][gc,phases      ] GC(369449)   Other: 1.1ms
[2020-12-23T01:55:33.899-0400][gc,heap        ] GC(369449) Eden regions: 10->0(10)
[2020-12-23T01:55:33.899-0400][gc,heap        ] GC(369449) Survivor regions: 1->1(2)
[2020-12-23T01:55:33.899-0400][gc,heap        ] GC(369449) Old regions: 47->47
[2020-12-23T01:55:33.899-0400][gc,heap        ] GC(369449) Humongous regions: 4->4
[2020-12-23T01:55:33.899-0400][gc,metaspace   ] GC(369449) Metaspace: 61050K->61050K(1107968K)
[2020-12-23T01:55:33.899-0400][gc,heap        ] GC(369449) Heap after GC invocations=369426 (full 10703): garbage-first heap   total 73728K, used 49919K [0x0000000083000000, 0x0000000100000000)
[2020-12-23T01:55:33.899-0400][gc,heap        ] GC(369449)   region size 1024K, 1 young (1024K), 1 survivors (1024K)
[2020-12-23T01:55:33.899-0400][gc,heap        ] GC(369449)  Metaspace       used 61050K, capacity 63785K, committed 64768K, reserved 1107968K
[2020-12-23T01:55:33.899-0400][gc,heap        ] GC(369449)   class space    used 5722K, capacity 6577K, committed 6912K, reserved 1048576K
[2020-12-23T01:55:33.899-0400][gc             ] GC(369449) Pause Young (Normal) (G1 Evacuation Pause) 58M->48M(72M) 8.086ms
[2020-12-23T01:55:33.899-0400][gc,cpu         ] GC(369449) User=0.01s Sys=0.01s Real=0.01s
[2020-12-23T01:56:10.897-0400][gc,heap        ] GC(369450) Heap before GC invocations=369426 (full 10703): garbage-first heap   total 73728K, used 59135K [0x0000000083000000, 0x0000000100000000)
[2020-12-23T01:56:10.898-0400][gc,heap        ] GC(369450)   region size 1024K, 11 young (11264K), 1 survivors (1024K)
[2020-12-23T01:56:10.898-0400][gc,heap        ] GC(369450)  Metaspace       used 61050K, capacity 63785K, committed 64768K, reserved 1107968K
[2020-12-23T01:56:10.898-0400][gc,heap        ] GC(369450)   class space    used 5722K, capacity 6577K, committed 6912K, reserved 1048576K
[2020-12-23T01:56:10.898-0400][gc,start       ] GC(369450) Pause Young (Concurrent Start) (G1 Evacuation Pause)
[2020-12-23T01:56:10.898-0400][gc,task        ] GC(369450) Using 4 workers of 4 for evacuation
[2020-12-23T01:56:10.906-0400][gc,phases      ] GC(369450)   Pre Evacuate Collection Set: 0.3ms
[2020-12-23T01:56:10.906-0400][gc,phases      ] GC(369450)   Evacuate Collection Set: 5.0ms
[2020-12-23T01:56:10.906-0400][gc,phases      ] GC(369450)   Post Evacuate Collection Set: 2.0ms
[2020-12-23T01:56:10.906-0400][gc,phases      ] GC(369450)   Other: 1.1ms
[2020-12-23T01:56:10.906-0400][gc,heap        ] GC(369450) Eden regions: 10->0(10)
[2020-12-23T01:56:10.906-0400][gc,heap        ] GC(369450) Survivor regions: 1->1(2)
[2020-12-23T01:56:10.906-0400][gc,heap        ] GC(369450) Old regions: 47->47
[2020-12-23T01:56:10.906-0400][gc,heap        ] GC(369450) Humongous regions: 4->4
[2020-12-23T01:56:10.906-0400][gc,metaspace   ] GC(369450) Metaspace: 61050K->61050K(1107968K)
[2020-12-23T01:56:10.907-0400][gc,heap        ] GC(369450) Heap after GC invocations=369427 (full 10703): garbage-first heap   total 73728K, used 49940K [0x0000000083000000, 0x0000000100000000)
[2020-12-23T01:56:10.907-0400][gc,heap        ] GC(369450)   region size 1024K, 1 young (1024K), 1 survivors (1024K)
[2020-12-23T01:56:10.907-0400][gc,heap        ] GC(369450)  Metaspace       used 61050K, capacity 63785K, committed 64768K, reserved 1107968K
[2020-12-23T01:56:10.907-0400][gc,heap        ] GC(369450)   class space    used 5722K, capacity 6577K, committed 6912K, reserved 1048576K
[2020-12-23T01:56:10.907-0400][gc             ] GC(369450) Pause Young (Concurrent Start) (G1 Evacuation Pause) 58M->48M(72M) 8.847ms
[2020-12-23T01:56:10.907-0400][gc,cpu         ] GC(369450) User=0.03s Sys=0.00s Real=0.01s
[2020-12-23T01:56:10.907-0400][gc             ] GC(369451) Concurrent Cycle
[2020-12-23T01:56:10.907-0400][gc,marking     ] GC(369451) Concurrent Clear Claimed Marks
[2020-12-23T01:56:10.908-0400][gc,marking     ] GC(369451) Concurrent Clear Claimed Marks 0.347ms
[2020-12-23T01:56:10.908-0400][gc,marking     ] GC(369451) Concurrent Scan Root Regions
[2020-12-23T01:56:10.913-0400][gc,marking     ] GC(369451) Concurrent Scan Root Regions 4.948ms
[2020-12-23T01:56:10.913-0400][gc,marking     ] GC(369451) Concurrent Mark (3199485.668s)
[2020-12-23T01:56:10.913-0400][gc,marking     ] GC(369451) Concurrent Mark From Roots
[2020-12-23T01:56:10.913-0400][gc,task        ] GC(369451) Using 1 workers of 1 for marking
[2020-12-23T01:56:11.245-0400][gc,marking     ] GC(369451) Concurrent Mark From Roots 331.538ms
[2020-12-23T01:56:11.245-0400][gc,marking     ] GC(369451) Concurrent Preclean
[2020-12-23T01:56:11.245-0400][gc,marking     ] GC(369451) Concurrent Preclean 0.620ms
[2020-12-23T01:56:11.246-0400][gc,marking     ] GC(369451) Concurrent Mark (3199485.668s, 3199486.000s) 332.428ms
[2020-12-23T01:56:11.246-0400][gc,start       ] GC(369451) Pause Remark
[2020-12-23T01:56:11.286-0400][gc,stringtable ] GC(369451) Cleaned string and symbol table, strings: 32393 processed, 0 removed, symbols: 131487 processed, 0 removed
[2020-12-23T01:56:11.287-0400][gc             ] GC(369451) Pause Remark 49M->49M(72M) 40.591ms
[2020-12-23T01:56:11.287-0400][gc,cpu         ] GC(369451) User=0.15s Sys=0.00s Real=0.04s
[2020-12-23T01:56:11.287-0400][gc,marking     ] GC(369451) Concurrent Rebuild Remembered Sets
[2020-12-23T01:56:11.479-0400][gc,marking     ] GC(369451) Concurrent Rebuild Remembered Sets 192.097ms
[2020-12-23T01:56:11.480-0400][gc,start       ] GC(369451) Pause Cleanup
[2020-12-23T01:56:11.481-0400][gc             ] GC(369451) Pause Cleanup 49M->49M(72M) 0.459ms
[2020-12-23T01:56:11.481-0400][gc,cpu         ] GC(369451) User=0.00s Sys=0.00s Real=0.00s
[2020-12-23T01:56:11.481-0400][gc,marking     ] GC(369451) Concurrent Cleanup for Next Mark
[2020-12-23T01:56:11.482-0400][gc,marking     ] GC(369451) Concurrent Cleanup for Next Mark 0.903ms
[2020-12-23T01:56:11.482-0400][gc             ] GC(369451) Concurrent Cycle 574.976ms
[2020-12-23T01:56:50.924-0400][gc,task        ] GC(369452) Using 3 workers of 4 for full compaction
[2020-12-23T01:56:50.924-0400][gc,start       ] GC(369452) Pause Full (System.gc())
[2020-12-23T01:56:50.924-0400][gc,heap        ] GC(369452) Heap before GC invocations=369428 (full 10703): garbage-first heap   total 73728K, used 56084K [0x0000000083000000, 0x0000000100000000)
[2020-12-23T01:56:50.924-0400][gc,heap        ] GC(369452)   region size 1024K, 9 young (9216K), 1 survivors (1024K)
[2020-12-23T01:56:50.924-0400][gc,heap        ] GC(369452)  Metaspace       used 61050K, capacity 63785K, committed 64768K, reserved 1107968K
[2020-12-23T01:56:50.924-0400][gc,heap        ] GC(369452)   class space    used 5722K, capacity 6577K, committed 6912K, reserved 1048576K
[2020-12-23T01:56:50.927-0400][gc,phases,start] GC(369452) Phase 1: Mark live objects
[2020-12-23T01:56:51.070-0400][gc,stringtable ] GC(369452) Cleaned string and symbol table, strings: 32393 processed, 0 removed, symbols: 131487 processed, 0 removed
[2020-12-23T01:56:51.070-0400][gc,phases      ] GC(369452) Phase 1: Mark live objects 143.552ms
[2020-12-23T01:56:51.070-0400][gc,phases,start] GC(369452) Phase 2: Prepare for compaction
[2020-12-23T01:56:51.100-0400][gc,phases      ] GC(369452) Phase 2: Prepare for compaction 29.770ms
[2020-12-23T01:56:51.100-0400][gc,phases,start] GC(369452) Phase 3: Adjust pointers
[2020-12-23T01:56:51.179-0400][gc,phases      ] GC(369452) Phase 3: Adjust pointers 79.170ms
[2020-12-23T01:56:51.180-0400][gc,phases,start] GC(369452) Phase 4: Compact heap
[2020-12-23T01:56:51.204-0400][gc,phases      ] GC(369452) Phase 4: Compact heap 24.900ms
[2020-12-23T01:56:51.241-0400][gc,heap        ] GC(369452) Eden regions: 8->0(12)
[2020-12-23T01:56:51.241-0400][gc,heap        ] GC(369452) Survivor regions: 1->0(2)
[2020-12-23T01:56:51.241-0400][gc,heap        ] GC(369452) Old regions: 47->46
[2020-12-23T01:56:51.241-0400][gc,heap        ] GC(369452) Humongous regions: 4->4
[2020-12-23T01:56:51.241-0400][gc,metaspace   ] GC(369452) Metaspace: 61050K->61050K(1107968K)
[2020-12-23T01:56:51.241-0400][gc,heap        ] GC(369452) Heap after GC invocations=369429 (full 10704): garbage-first heap   total 73728K, used 48829K [0x0000000083000000, 0x0000000100000000)
[2020-12-23T01:56:51.241-0400][gc,heap        ] GC(369452)   region size 1024K, 0 young (0K), 0 survivors (0K)
[2020-12-23T01:56:51.241-0400][gc,heap        ] GC(369452)  Metaspace       used 61050K, capacity 63785K, committed 64768K, reserved 1107968K
[2020-12-23T01:56:51.241-0400][gc,heap        ] GC(369452)   class space    used 5722K, capacity 6577K, committed 6912K, reserved 1048576K
[2020-12-23T01:56:51.241-0400][gc             ] GC(369452) Pause Full (System.gc()) 56M->47M(72M) 316.951ms
[2020-12-23T01:56:51.241-0400][gc,cpu         ] GC(369452) User=0.78s Sys=0.08s Real=0.32s
[2020-12-23T01:57:26.448-0400][gc,heap        ] GC(369453) Heap before GC invocations=369429 (full 10704): garbage-first heap   total 73728K, used 61117K [0x0000000083000000, 0x0000000100000000)
[2020-12-23T01:57:26.449-0400][gc,heap        ] GC(369453)   region size 1024K, 12 young (12288K), 0 survivors (0K)
[2020-12-23T01:57:26.449-0400][gc,heap        ] GC(369453)  Metaspace       used 61050K, capacity 63785K, committed 64768K, reserved 1107968K
[2020-12-23T01:57:26.449-0400][gc,heap        ] GC(369453)   class space    used 5722K, capacity 6577K, committed 6912K, reserved 1048576K
[2020-12-23T01:57:26.449-0400][gc,start       ] GC(369453) Pause Young (Concurrent Start) (G1 Evacuation Pause)
[2020-12-23T01:57:26.449-0400][gc,task        ] GC(369453) Using 4 workers of 4 for evacuation
[2020-12-23T01:57:26.456-0400][gc,phases      ] GC(369453)   Pre Evacuate Collection Set: 0.2ms
[2020-12-23T01:57:26.456-0400][gc,phases      ] GC(369453)   Evacuate Collection Set: 4.3ms
[2020-12-23T01:57:26.456-0400][gc,phases      ] GC(369453)   Post Evacuate Collection Set: 1.9ms
[2020-12-23T01:57:26.456-0400][gc,phases      ] GC(369453)   Other: 1.0ms
[2020-12-23T01:57:26.456-0400][gc,heap        ] GC(369453) Eden regions: 12->0(11)
[2020-12-23T01:57:26.456-0400][gc,heap        ] GC(369453) Survivor regions: 0->1(2)
[2020-12-23T01:57:26.456-0400][gc,heap        ] GC(369453) Old regions: 46->46
[2020-12-23T01:57:26.456-0400][gc,heap        ] GC(369453) Humongous regions: 4->4
[2020-12-23T01:57:26.456-0400][gc,metaspace   ] GC(369453) Metaspace: 61050K->61050K(1107968K)
[2020-12-23T01:57:26.456-0400][gc,heap        ] GC(369453) Heap after GC invocations=369430 (full 10704): garbage-first heap   total 73728K, used 49132K [0x0000000083000000, 0x0000000100000000)
[2020-12-23T01:57:26.456-0400][gc,heap        ] GC(369453)   region size 1024K, 1 young (1024K), 1 survivors (1024K)
[2020-12-23T01:57:26.456-0400][gc,heap        ] GC(369453)  Metaspace       used 61050K, capacity 63785K, committed 64768K, reserved 1107968K
[2020-12-23T01:57:26.457-0400][gc,heap        ] GC(369453)   class space    used 5722K, capacity 6577K, committed 6912K, reserved 1048576K
[2020-12-23T01:57:26.457-0400][gc             ] GC(369453) Pause Young (Concurrent Start) (G1 Evacuation Pause) 59M->47M(72M) 7.855ms
[2020-12-23T01:57:26.457-0400][gc,cpu         ] GC(369453) User=0.02s Sys=0.00s Real=0.01s
[2020-12-23T01:57:26.458-0400][gc             ] GC(369454) Concurrent Cycle
[2020-12-23T01:57:26.458-0400][gc,marking     ] GC(369454) Concurrent Clear Claimed Marks
[2020-12-23T01:57:26.458-0400][gc,marking     ] GC(369454) Concurrent Clear Claimed Marks 0.360ms
[2020-12-23T01:57:26.458-0400][gc,marking     ] GC(369454) Concurrent Scan Root Regions
[2020-12-23T01:57:26.462-0400][gc,marking     ] GC(369454) Concurrent Scan Root Regions 3.520ms
[2020-12-23T01:57:26.462-0400][gc,marking     ] GC(369454) Concurrent Mark (3199561.216s)
[2020-12-23T01:57:26.462-0400][gc,marking     ] GC(369454) Concurrent Mark From Roots
[2020-12-23T01:57:26.462-0400][gc,task        ] GC(369454) Using 1 workers of 1 for marking
[2020-12-23T01:57:26.789-0400][gc,marking     ] GC(369454) Concurrent Mark From Roots 327.195ms
[2020-12-23T01:57:26.789-0400][gc,marking     ] GC(369454) Concurrent Preclean
[2020-12-23T01:57:26.790-0400][gc,marking     ] GC(369454) Concurrent Preclean 0.682ms
[2020-12-23T01:57:26.790-0400][gc,marking     ] GC(369454) Concurrent Mark (3199561.216s, 3199561.545s) 328.152ms
[2020-12-23T01:57:26.791-0400][gc,start       ] GC(369454) Pause Remark
[2020-12-23T01:57:26.831-0400][gc,stringtable ] GC(369454) Cleaned string and symbol table, strings: 32393 processed, 0 removed, symbols: 131487 processed, 0 removed
[2020-12-23T01:57:26.831-0400][gc             ] GC(369454) Pause Remark 48M->48M(72M) 40.670ms
[2020-12-23T01:57:26.832-0400][gc,cpu         ] GC(369454) User=0.09s Sys=0.05s Real=0.04s
[2020-12-23T01:57:26.832-0400][gc,marking     ] GC(369454) Concurrent Rebuild Remembered Sets
[2020-12-23T01:57:27.023-0400][gc,marking     ] GC(369454) Concurrent Rebuild Remembered Sets 191.165ms
[2020-12-23T01:57:27.024-0400][gc,start       ] GC(369454) Pause Cleanup
[2020-12-23T01:57:27.024-0400][gc             ] GC(369454) Pause Cleanup 48M->48M(72M) 0.454ms
[2020-12-23T01:57:27.024-0400][gc,cpu         ] GC(369454) User=0.00s Sys=0.00s Real=0.00s
[2020-12-23T01:57:27.025-0400][gc,marking     ] GC(369454) Concurrent Cleanup for Next Mark
[2020-12-23T01:57:27.026-0400][gc,marking     ] GC(369454) Concurrent Cleanup for Next Mark 1.109ms
[2020-12-23T01:57:27.026-0400][gc             ] GC(369454) Concurrent Cycle 568.323ms
[2020-12-23T01:58:01.933-0400][gc,heap        ] GC(369455) Heap before GC invocations=369431 (full 10704): garbage-first heap   total 73728K, used 59372K [0x0000000083000000, 0x0000000100000000)
[2020-12-23T01:58:01.933-0400][gc,heap        ] GC(369455)   region size 1024K, 12 young (12288K), 1 survivors (1024K)
[2020-12-23T01:58:01.933-0400][gc,heap        ] GC(369455)  Metaspace       used 61050K, capacity 63785K, committed 64768K, reserved 1107968K
[2020-12-23T01:58:01.933-0400][gc,heap        ] GC(369455)   class space    used 5722K, capacity 6577K, committed 6912K, reserved 1048576K
[2020-12-23T01:58:01.934-0400][gc,start       ] GC(369455) Pause Young (Normal) (G1 Evacuation Pause)
[2020-12-23T01:58:01.934-0400][gc,task        ] GC(369455) Using 4 workers of 4 for evacuation
[2020-12-23T01:58:01.941-0400][gc,phases      ] GC(369455)   Pre Evacuate Collection Set: 0.0ms
[2020-12-23T01:58:01.941-0400][gc,phases      ] GC(369455)   Evacuate Collection Set: 5.0ms
[2020-12-23T01:58:01.941-0400][gc,phases      ] GC(369455)   Post Evacuate Collection Set: 1.7ms
[2020-12-23T01:58:01.941-0400][gc,phases      ] GC(369455)   Other: 1.0ms
[2020-12-23T01:58:01.941-0400][gc,heap        ] GC(369455) Eden regions: 11->0(11)
[2020-12-23T01:58:01.941-0400][gc,heap        ] GC(369455) Survivor regions: 1->1(2)
[2020-12-23T01:58:01.941-0400][gc,heap        ] GC(369455) Old regions: 46->46
[2020-12-23T01:58:01.941-0400][gc,heap        ] GC(369455) Humongous regions: 4->4
[2020-12-23T01:58:01.941-0400][gc,metaspace   ] GC(369455) Metaspace: 61050K->61050K(1107968K)
[2020-12-23T01:58:01.941-0400][gc,heap        ] GC(369455) Heap after GC invocations=369432 (full 10704): garbage-first heap   total 73728K, used 49304K [0x0000000083000000, 0x0000000100000000)
[2020-12-23T01:58:01.941-0400][gc,heap        ] GC(369455)   region size 1024K, 1 young (1024K), 1 survivors (1024K)
[2020-12-23T01:58:01.941-0400][gc,heap        ] GC(369455)  Metaspace       used 61050K, capacity 63785K, committed 64768K, reserved 1107968K
[2020-12-23T01:58:01.941-0400][gc,heap        ] GC(369455)   class space    used 5722K, capacity 6577K, committed 6912K, reserved 1048576K
[2020-12-23T01:58:01.942-0400][gc             ] GC(369455) Pause Young (Normal) (G1 Evacuation Pause) 58M->48M(72M) 7.890ms
[2020-12-23T01:58:01.942-0400][gc,cpu         ] GC(369455) User=0.01s Sys=0.01s Real=0.01s
[2020-12-23T01:58:43.877-0400][gc,heap        ] GC(369456) Heap before GC invocations=369432 (full 10704): garbage-first heap   total 73728K, used 59544K [0x0000000083000000, 0x0000000100000000)
[2020-12-23T01:58:43.877-0400][gc,heap        ] GC(369456)   region size 1024K, 12 young (12288K), 1 survivors (1024K)
[2020-12-23T01:58:43.877-0400][gc,heap        ] GC(369456)  Metaspace       used 61050K, capacity 63785K, committed 64768K, reserved 1107968K
[2020-12-23T01:58:43.877-0400][gc,heap        ] GC(369456)   class space    used 5722K, capacity 6577K, committed 6912K, reserved 1048576K
[2020-12-23T01:58:43.877-0400][gc,start       ] GC(369456) Pause Young (Concurrent Start) (G1 Evacuation Pause)
[2020-12-23T01:58:43.877-0400][gc,task        ] GC(369456) Using 4 workers of 4 for evacuation
[2020-12-23T01:58:43.885-0400][gc,phases      ] GC(369456)   Pre Evacuate Collection Set: 0.2ms
[2020-12-23T01:58:43.885-0400][gc,phases      ] GC(369456)   Evacuate Collection Set: 4.5ms
[2020-12-23T01:58:43.885-0400][gc,phases      ] GC(369456)   Post Evacuate Collection Set: 2.0ms
[2020-12-23T01:58:43.885-0400][gc,phases      ] GC(369456)   Other: 0.9ms
[2020-12-23T01:58:43.885-0400][gc,heap        ] GC(369456) Eden regions: 11->0(11)
[2020-12-23T01:58:43.885-0400][gc,heap        ] GC(369456) Survivor regions: 1->1(2)
[2020-12-23T01:58:43.885-0400][gc,heap        ] GC(369456) Old regions: 46->46
[2020-12-23T01:58:43.885-0400][gc,heap        ] GC(369456) Humongous regions: 4->4
[2020-12-23T01:58:43.885-0400][gc,metaspace   ] GC(369456) Metaspace: 61050K->61050K(1107968K)
[2020-12-23T01:58:43.885-0400][gc,heap        ] GC(369456) Heap after GC invocations=369433 (full 10704): garbage-first heap   total 73728K, used 49287K [0x0000000083000000, 0x0000000100000000)
[2020-12-23T01:58:43.885-0400][gc,heap        ] GC(369456)   region size 1024K, 1 young (1024K), 1 survivors (1024K)
[2020-12-23T01:58:43.885-0400][gc,heap        ] GC(369456)  Metaspace       used 61050K, capacity 63785K, committed 64768K, reserved 1107968K
[2020-12-23T01:58:43.885-0400][gc,heap        ] GC(369456)   class space    used 5722K, capacity 6577K, committed 6912K, reserved 1048576K
[2020-12-23T01:58:43.886-0400][gc             ] GC(369456) Pause Young (Concurrent Start) (G1 Evacuation Pause) 59M->48M(72M) 8.194ms
[2020-12-23T01:58:43.886-0400][gc,cpu         ] GC(369456) User=0.01s Sys=0.01s Real=0.01s
[2020-12-23T01:58:43.887-0400][gc             ] GC(369457) Concurrent Cycle
[2020-12-23T01:58:43.887-0400][gc,marking     ] GC(369457) Concurrent Clear Claimed Marks
[2020-12-23T01:58:43.888-0400][gc,marking     ] GC(369457) Concurrent Clear Claimed Marks 0.410ms
[2020-12-23T01:58:43.888-0400][gc,marking     ] GC(369457) Concurrent Scan Root Regions
[2020-12-23T01:58:43.891-0400][gc,marking     ] GC(369457) Concurrent Scan Root Regions 3.305ms
[2020-12-23T01:58:43.891-0400][gc,marking     ] GC(369457) Concurrent Mark (3199638.646s)
[2020-12-23T01:58:43.891-0400][gc,marking     ] GC(369457) Concurrent Mark From Roots
[2020-12-23T01:58:43.891-0400][gc,task        ] GC(369457) Using 1 workers of 1 for marking
[2020-12-23T01:58:44.222-0400][gc,marking     ] GC(369457) Concurrent Mark From Roots 330.903ms
[2020-12-23T01:58:44.222-0400][gc,marking     ] GC(369457) Concurrent Preclean
[2020-12-23T01:58:44.223-0400][gc,marking     ] GC(369457) Concurrent Preclean 0.667ms
[2020-12-23T01:58:44.223-0400][gc,marking     ] GC(369457) Concurrent Mark (3199638.646s, 3199638.978s) 331.831ms
[2020-12-23T01:58:44.224-0400][gc,start       ] GC(369457) Pause Remark
[2020-12-23T01:58:44.264-0400][gc,stringtable ] GC(369457) Cleaned string and symbol table, strings: 32393 processed, 0 removed, symbols: 131487 processed, 0 removed
[2020-12-23T01:58:44.264-0400][gc             ] GC(369457) Pause Remark 48M->48M(72M) 40.417ms
[2020-12-23T01:58:44.264-0400][gc,cpu         ] GC(369457) User=0.16s Sys=0.00s Real=0.04s
[2020-12-23T01:58:44.265-0400][gc,marking     ] GC(369457) Concurrent Rebuild Remembered Sets
[2020-12-23T01:58:44.456-0400][gc,marking     ] GC(369457) Concurrent Rebuild Remembered Sets 191.662ms
[2020-12-23T01:58:44.457-0400][gc,start       ] GC(369457) Pause Cleanup
[2020-12-23T01:58:44.458-0400][gc             ] GC(369457) Pause Cleanup 48M->48M(72M) 0.429ms
[2020-12-23T01:58:44.458-0400][gc,cpu         ] GC(369457) User=0.00s Sys=0.00s Real=0.00s
[2020-12-23T01:58:44.458-0400][gc,marking     ] GC(369457) Concurrent Cleanup for Next Mark
[2020-12-23T01:58:44.459-0400][gc,marking     ] GC(369457) Concurrent Cleanup for Next Mark 0.913ms
[2020-12-23T01:58:44.459-0400][gc             ] GC(369457) Concurrent Cycle 571.829ms
[2020-12-23T01:59:22.795-0400][gc,heap        ] GC(369458) Heap before GC invocations=369434 (full 10704): garbage-first heap   total 73728K, used 60551K [0x0000000083000000, 0x0000000100000000)
[2020-12-23T01:59:22.795-0400][gc,heap        ] GC(369458)   region size 1024K, 12 young (12288K), 1 survivors (1024K)
[2020-12-23T01:59:22.795-0400][gc,heap        ] GC(369458)  Metaspace       used 61050K, capacity 63785K, committed 64768K, reserved 1107968K
[2020-12-23T01:59:22.795-0400][gc,heap        ] GC(369458)   class space    used 5722K, capacity 6577K, committed 6912K, reserved 1048576K
[2020-12-23T01:59:22.795-0400][gc,start       ] GC(369458) Pause Young (Normal) (G1 Evacuation Pause)
[2020-12-23T01:59:22.795-0400][gc,task        ] GC(369458) Using 4 workers of 4 for evacuation
[2020-12-23T01:59:22.802-0400][gc,phases      ] GC(369458)   Pre Evacuate Collection Set: 0.0ms
[2020-12-23T01:59:22.802-0400][gc,phases      ] GC(369458)   Evacuate Collection Set: 4.9ms
[2020-12-23T01:59:22.803-0400][gc,phases      ] GC(369458)   Post Evacuate Collection Set: 1.7ms
[2020-12-23T01:59:22.803-0400][gc,phases      ] GC(369458)   Other: 0.8ms
[2020-12-23T01:59:22.803-0400][gc,heap        ] GC(369458) Eden regions: 11->0(11)
[2020-12-23T01:59:22.803-0400][gc,heap        ] GC(369458) Survivor regions: 1->1(2)
[2020-12-23T01:59:22.803-0400][gc,heap        ] GC(369458) Old regions: 46->46
[2020-12-23T01:59:22.803-0400][gc,heap        ] GC(369458) Humongous regions: 4->4
[2020-12-23T01:59:22.803-0400][gc,metaspace   ] GC(369458) Metaspace: 61050K->61050K(1107968K)
[2020-12-23T01:59:22.803-0400][gc,heap        ] GC(369458) Heap after GC invocations=369435 (full 10704): garbage-first heap   total 73728K, used 49199K [0x0000000083000000, 0x0000000100000000)
[2020-12-23T01:59:22.803-0400][gc,heap        ] GC(369458)   region size 1024K, 1 young (1024K), 1 survivors (1024K)
[2020-12-23T01:59:22.803-0400][gc,heap        ] GC(369458)  Metaspace       used 61050K, capacity 63785K, committed 64768K, reserved 1107968K
[2020-12-23T01:59:22.803-0400][gc,heap        ] GC(369458)   class space    used 5722K, capacity 6577K, committed 6912K, reserved 1048576K
[2020-12-23T01:59:22.803-0400][gc             ] GC(369458) Pause Young (Normal) (G1 Evacuation Pause) 59M->48M(72M) 8.011ms
[2020-12-23T01:59:22.803-0400][gc,cpu         ] GC(369458) User=0.01s Sys=0.02s Real=0.01s
[2020-12-23T01:59:57.199-0400][gc,heap        ] GC(369459) Heap before GC invocations=369435 (full 10704): garbage-first heap   total 73728K, used 59439K [0x0000000083000000, 0x0000000100000000)
[2020-12-23T01:59:57.199-0400][gc,heap        ] GC(369459)   region size 1024K, 12 young (12288K), 1 survivors (1024K)
[2020-12-23T01:59:57.199-0400][gc,heap        ] GC(369459)  Metaspace       used 61050K, capacity 63785K, committed 64768K, reserved 1107968K
[2020-12-23T01:59:57.199-0400][gc,heap        ] GC(369459)   class space    used 5722K, capacity 6577K, committed 6912K, reserved 1048576K
[2020-12-23T01:59:57.199-0400][gc,start       ] GC(369459) Pause Young (Concurrent Start) (G1 Evacuation Pause)
[2020-12-23T01:59:57.199-0400][gc,task        ] GC(369459) Using 4 workers of 4 for evacuation
[2020-12-23T01:59:57.207-0400][gc,phases      ] GC(369459)   Pre Evacuate Collection Set: 0.2ms
[2020-12-23T01:59:57.207-0400][gc,phases      ] GC(369459)   Evacuate Collection Set: 5.0ms
[2020-12-23T01:59:57.207-0400][gc,phases      ] GC(369459)   Post Evacuate Collection Set: 1.8ms
[2020-12-23T01:59:57.207-0400][gc,phases      ] GC(369459)   Other: 1.0ms
[2020-12-23T01:59:57.207-0400][gc,heap        ] GC(369459) Eden regions: 11->0(11)
[2020-12-23T01:59:57.207-0400][gc,heap        ] GC(369459) Survivor regions: 1->1(2)
[2020-12-23T01:59:57.207-0400][gc,heap        ] GC(369459) Old regions: 46->46
[2020-12-23T01:59:57.207-0400][gc,heap        ] GC(369459) Humongous regions: 4->4
[2020-12-23T01:59:57.207-0400][gc,metaspace   ] GC(369459) Metaspace: 61050K->61050K(1107968K)
[2020-12-23T01:59:57.207-0400][gc,heap        ] GC(369459) Heap after GC invocations=369436 (full 10704): garbage-first heap   total 73728K, used 49124K [0x0000000083000000, 0x0000000100000000)
[2020-12-23T01:59:57.207-0400][gc,heap        ] GC(369459)   region size 1024K, 1 young (1024K), 1 survivors (1024K)
[2020-12-23T01:59:57.208-0400][gc,heap        ] GC(369459)  Metaspace       used 61050K, capacity 63785K, committed 64768K, reserved 1107968K
[2020-12-23T01:59:57.208-0400][gc,heap        ] GC(369459)   class space    used 5722K, capacity 6577K, committed 6912K, reserved 1048576K
[2020-12-23T01:59:57.208-0400][gc             ] GC(369459) Pause Young (Concurrent Start) (G1 Evacuation Pause) 59M->47M(72M) 8.427ms
[2020-12-23T01:59:57.208-0400][gc,cpu         ] GC(369459) User=0.01s Sys=0.01s Real=0.01s
[2020-12-23T01:59:57.208-0400][gc             ] GC(369460) Concurrent Cycle
[2020-12-23T01:59:57.208-0400][gc,marking     ] GC(369460) Concurrent Clear Claimed Marks
[2020-12-23T01:59:57.209-0400][gc,marking     ] GC(369460) Concurrent Clear Claimed Marks 0.315ms
[2020-12-23T01:59:57.209-0400][gc,marking     ] GC(369460) Concurrent Scan Root Regions
[2020-12-23T01:59:57.215-0400][gc,marking     ] GC(369460) Concurrent Scan Root Regions 5.816ms
[2020-12-23T01:59:57.215-0400][gc,marking     ] GC(369460) Concurrent Mark (3199711.970s)
[2020-12-23T01:59:57.215-0400][gc,marking     ] GC(369460) Concurrent Mark From Roots
[2020-12-23T01:59:57.215-0400][gc,task        ] GC(369460) Using 1 workers of 1 for marking
[2020-12-23T01:59:57.543-0400][gc,marking     ] GC(369460) Concurrent Mark From Roots 327.961ms
[2020-12-23T01:59:57.543-0400][gc,marking     ] GC(369460) Concurrent Preclean
[2020-12-23T01:59:57.544-0400][gc,marking     ] GC(369460) Concurrent Preclean 0.666ms
[2020-12-23T01:59:57.544-0400][gc,marking     ] GC(369460) Concurrent Mark (3199711.970s, 3199712.299s) 328.933ms
[2020-12-23T01:59:57.545-0400][gc,start       ] GC(369460) Pause Remark
[2020-12-23T01:59:57.585-0400][gc,stringtable ] GC(369460) Cleaned string and symbol table, strings: 32393 processed, 0 removed, symbols: 131487 processed, 0 removed
[2020-12-23T01:59:57.586-0400][gc             ] GC(369460) Pause Remark 48M->48M(72M) 41.054ms
[2020-12-23T01:59:57.586-0400][gc,cpu         ] GC(369460) User=0.10s Sys=0.06s Real=0.05s
[2020-12-23T01:59:57.586-0400][gc,marking     ] GC(369460) Concurrent Rebuild Remembered Sets
[2020-12-23T01:59:57.778-0400][gc,marking     ] GC(369460) Concurrent Rebuild Remembered Sets 192.169ms
[2020-12-23T01:59:57.779-0400][gc,start       ] GC(369460) Pause Cleanup
[2020-12-23T01:59:57.780-0400][gc             ] GC(369460) Pause Cleanup 49M->49M(72M) 0.584ms
[2020-12-23T01:59:57.780-0400][gc,cpu         ] GC(369460) User=0.00s Sys=0.00s Real=0.00s
[2020-12-23T01:59:57.780-0400][gc,marking     ] GC(369460) Concurrent Cleanup for Next Mark
[2020-12-23T01:59:57.781-0400][gc,marking     ] GC(369460) Concurrent Cleanup for Next Mark 1.056ms
[2020-12-23T01:59:57.781-0400][gc             ] GC(369460) Concurrent Cycle 573.240ms
[2020-12-23T02:00:20.908-0400][gc,heap        ] GC(369461) Heap before GC invocations=369437 (full 10704): garbage-first heap   total 73728K, used 59364K [0x0000000083000000, 0x0000000100000000)
[2020-12-23T02:00:20.908-0400][gc,heap        ] GC(369461)   region size 1024K, 12 young (12288K), 1 survivors (1024K)
[2020-12-23T02:00:20.908-0400][gc,heap        ] GC(369461)  Metaspace       used 61050K, capacity 63785K, committed 64768K, reserved 1107968K
[2020-12-23T02:00:20.908-0400][gc,heap        ] GC(369461)   class space    used 5722K, capacity 6577K, committed 6912K, reserved 1048576K
[2020-12-23T02:00:20.908-0400][gc,start       ] GC(369461) Pause Young (Normal) (G1 Evacuation Pause)
[2020-12-23T02:00:20.908-0400][gc,task        ] GC(369461) Using 4 workers of 4 for evacuation
[2020-12-23T02:00:20.916-0400][gc,phases      ] GC(369461)   Pre Evacuate Collection Set: 0.0ms
[2020-12-23T02:00:20.916-0400][gc,phases      ] GC(369461)   Evacuate Collection Set: 6.1ms
[2020-12-23T02:00:20.917-0400][gc,phases      ] GC(369461)   Post Evacuate Collection Set: 1.8ms
[2020-12-23T02:00:20.917-0400][gc,phases      ] GC(369461)   Other: 0.9ms
[2020-12-23T02:00:20.917-0400][gc,heap        ] GC(369461) Eden regions: 11->0(11)
[2020-12-23T02:00:20.917-0400][gc,heap        ] GC(369461) Survivor regions: 1->1(2)
[2020-12-23T02:00:20.917-0400][gc,heap        ] GC(369461) Old regions: 46->46
[2020-12-23T02:00:20.917-0400][gc,heap        ] GC(369461) Humongous regions: 4->4
[2020-12-23T02:00:20.917-0400][gc,metaspace   ] GC(369461) Metaspace: 61050K->61050K(1107968K)
[2020-12-23T02:00:20.917-0400][gc,heap        ] GC(369461) Heap after GC invocations=369438 (full 10704): garbage-first heap   total 73728K, used 49239K [0x0000000083000000, 0x0000000100000000)
[2020-12-23T02:00:20.917-0400][gc,heap        ] GC(369461)   region size 1024K, 1 young (1024K), 1 survivors (1024K)
[2020-12-23T02:00:20.917-0400][gc,heap        ] GC(369461)  Metaspace       used 61050K, capacity 63785K, committed 64768K, reserved 1107968K
[2020-12-23T02:00:20.917-0400][gc,heap        ] GC(369461)   class space    used 5722K, capacity 6577K, committed 6912K, reserved 1048576K
[2020-12-23T02:00:20.917-0400][gc             ] GC(369461) Pause Young (Normal) (G1 Evacuation Pause) 58M->48M(72M) 9.217ms
[2020-12-23T02:00:20.917-0400][gc,cpu         ] GC(369461) User=0.02s Sys=0.00s Real=0.01s
[2020-12-23T02:01:03.650-0400][gc,heap        ] GC(369462) Heap before GC invocations=369438 (full 10704): garbage-first heap   total 73728K, used 59479K [0x0000000083000000, 0x0000000100000000)
[2020-12-23T02:01:03.650-0400][gc,heap        ] GC(369462)   region size 1024K, 12 young (12288K), 1 survivors (1024K)
[2020-12-23T02:01:03.650-0400][gc,heap        ] GC(369462)  Metaspace       used 61050K, capacity 63785K, committed 64768K, reserved 1107968K
[2020-12-23T02:01:03.650-0400][gc,heap        ] GC(369462)   class space    used 5722K, capacity 6577K, committed 6912K, reserved 1048576K
[2020-12-23T02:01:03.650-0400][gc,start       ] GC(369462) Pause Young (Concurrent Start) (G1 Evacuation Pause)
[2020-12-23T02:01:03.650-0400][gc,task        ] GC(369462) Using 4 workers of 4 for evacuation
[2020-12-23T02:01:03.658-0400][gc,phases      ] GC(369462)   Pre Evacuate Collection Set: 0.2ms
[2020-12-23T02:01:03.658-0400][gc,phases      ] GC(369462)   Evacuate Collection Set: 4.9ms
[2020-12-23T02:01:03.658-0400][gc,phases      ] GC(369462)   Post Evacuate Collection Set: 2.0ms
[2020-12-23T02:01:03.658-0400][gc,phases      ] GC(369462)   Other: 1.0ms
[2020-12-23T02:01:03.658-0400][gc,heap        ] GC(369462) Eden regions: 11->0(11)
[2020-12-23T02:01:03.658-0400][gc,heap        ] GC(369462) Survivor regions: 1->1(2)
[2020-12-23T02:01:03.658-0400][gc,heap        ] GC(369462) Old regions: 46->46
[2020-12-23T02:01:03.658-0400][gc,heap        ] GC(369462) Humongous regions: 4->4
[2020-12-23T02:01:03.658-0400][gc,metaspace   ] GC(369462) Metaspace: 61050K->61050K(1107968K)
[2020-12-23T02:01:03.658-0400][gc,heap        ] GC(369462) Heap after GC invocations=369439 (full 10704): garbage-first heap   total 73728K, used 49370K [0x0000000083000000, 0x0000000100000000)
[2020-12-23T02:01:03.658-0400][gc,heap        ] GC(369462)   region size 1024K, 1 young (1024K), 1 survivors (1024K)
[2020-12-23T02:01:03.658-0400][gc,heap        ] GC(369462)  Metaspace       used 61050K, capacity 63785K, committed 64768K, reserved 1107968K
[2020-12-23T02:01:03.658-0400][gc,heap        ] GC(369462)   class space    used 5722K, capacity 6577K, committed 6912K, reserved 1048576K
[2020-12-23T02:01:03.658-0400][gc             ] GC(369462) Pause Young (Concurrent Start) (G1 Evacuation Pause) 59M->48M(72M) 8.452ms
[2020-12-23T02:01:03.659-0400][gc,cpu         ] GC(369462) User=0.02s Sys=0.01s Real=0.01s
[2020-12-23T02:01:03.659-0400][gc             ] GC(369463) Concurrent Cycle
[2020-12-23T02:01:03.659-0400][gc,marking     ] GC(369463) Concurrent Clear Claimed Marks
[2020-12-23T02:01:03.659-0400][gc,marking     ] GC(369463) Concurrent Clear Claimed Marks 0.333ms
[2020-12-23T02:01:03.659-0400][gc,marking     ] GC(369463) Concurrent Scan Root Regions
[2020-12-23T02:01:03.664-0400][gc,marking     ] GC(369463) Concurrent Scan Root Regions 4.177ms
[2020-12-23T02:01:03.664-0400][gc,marking     ] GC(369463) Concurrent Mark (3199778.418s)
[2020-12-23T02:01:03.664-0400][gc,marking     ] GC(369463) Concurrent Mark From Roots
[2020-12-23T02:01:03.664-0400][gc,task        ] GC(369463) Using 1 workers of 1 for marking
[2020-12-23T02:01:04.002-0400][gc,marking     ] GC(369463) Concurrent Mark From Roots 337.759ms
[2020-12-23T02:01:04.002-0400][gc,marking     ] GC(369463) Concurrent Preclean
[2020-12-23T02:01:04.002-0400][gc,marking     ] GC(369463) Concurrent Preclean 0.624ms
[2020-12-23T02:01:04.002-0400][gc,marking     ] GC(369463) Concurrent Mark (3199778.418s, 3199778.757s) 338.697ms
[2020-12-23T02:01:04.003-0400][gc,start       ] GC(369463) Pause Remark
[2020-12-23T02:01:04.043-0400][gc,stringtable ] GC(369463) Cleaned string and symbol table, strings: 32393 processed, 0 removed, symbols: 131487 processed, 0 removed
[2020-12-23T02:01:04.044-0400][gc             ] GC(369463) Pause Remark 49M->49M(72M) 40.479ms
[2020-12-23T02:01:04.044-0400][gc,cpu         ] GC(369463) User=0.16s Sys=0.00s Real=0.04s
[2020-12-23T02:01:04.044-0400][gc,marking     ] GC(369463) Concurrent Rebuild Remembered Sets
[2020-12-23T02:01:04.233-0400][gc,marking     ] GC(369463) Concurrent Rebuild Remembered Sets 189.057ms
[2020-12-23T02:01:04.234-0400][gc,start       ] GC(369463) Pause Cleanup
[2020-12-23T02:01:04.234-0400][gc             ] GC(369463) Pause Cleanup 49M->49M(72M) 0.474ms
[2020-12-23T02:01:04.234-0400][gc,cpu         ] GC(369463) User=0.00s Sys=0.00s Real=0.00s
[2020-12-23T02:01:04.235-0400][gc,marking     ] GC(369463) Concurrent Cleanup for Next Mark
[2020-12-23T02:01:04.236-0400][gc,marking     ] GC(369463) Concurrent Cleanup for Next Mark 0.855ms
[2020-12-23T02:01:04.236-0400][gc             ] GC(369463) Concurrent Cycle 576.944ms
[2020-12-23T02:01:50.923-0400][gc,task        ] GC(369464) Using 3 workers of 4 for full compaction
[2020-12-23T02:01:50.924-0400][gc,start       ] GC(369464) Pause Full (System.gc())
[2020-12-23T02:01:50.924-0400][gc,heap        ] GC(369464) Heap before GC invocations=369440 (full 10704): garbage-first heap   total 73728K, used 57516K [0x0000000083000000, 0x0000000100000000)
[2020-12-23T02:01:50.924-0400][gc,heap        ] GC(369464)   region size 1024K, 11 young (11264K), 1 survivors (1024K)
[2020-12-23T02:01:50.924-0400][gc,heap        ] GC(369464)  Metaspace       used 61050K, capacity 63785K, committed 64768K, reserved 1107968K
[2020-12-23T02:01:50.924-0400][gc,heap        ] GC(369464)   class space    used 5722K, capacity 6577K, committed 6912K, reserved 1048576K
[2020-12-23T02:01:50.926-0400][gc,phases,start] GC(369464) Phase 1: Mark live objects
[2020-12-23T02:01:51.071-0400][gc,stringtable ] GC(369464) Cleaned string and symbol table, strings: 32393 processed, 0 removed, symbols: 131487 processed, 0 removed
[2020-12-23T02:01:51.071-0400][gc,phases      ] GC(369464) Phase 1: Mark live objects 145.482ms
[2020-12-23T02:01:51.072-0400][gc,phases,start] GC(369464) Phase 2: Prepare for compaction
[2020-12-23T02:01:51.101-0400][gc,phases      ] GC(369464) Phase 2: Prepare for compaction 29.908ms
[2020-12-23T02:01:51.102-0400][gc,phases,start] GC(369464) Phase 3: Adjust pointers
[2020-12-23T02:01:51.182-0400][gc,phases      ] GC(369464) Phase 3: Adjust pointers 80.594ms
[2020-12-23T02:01:51.182-0400][gc,phases,start] GC(369464) Phase 4: Compact heap
[2020-12-23T02:01:51.204-0400][gc,phases      ] GC(369464) Phase 4: Compact heap 21.772ms
[2020-12-23T02:01:51.240-0400][gc,heap        ] GC(369464) Eden regions: 10->0(12)
[2020-12-23T02:01:51.240-0400][gc,heap        ] GC(369464) Survivor regions: 1->0(2)
[2020-12-23T02:01:51.240-0400][gc,heap        ] GC(369464) Old regions: 45->46
[2020-12-23T02:01:51.240-0400][gc,heap        ] GC(369464) Humongous regions: 4->4
[2020-12-23T02:01:51.240-0400][gc,metaspace   ] GC(369464) Metaspace: 61050K->61050K(1107968K)
[2020-12-23T02:01:51.240-0400][gc,heap        ] GC(369464) Heap after GC invocations=369441 (full 10705): garbage-first heap   total 73728K, used 48818K [0x0000000083000000, 0x0000000100000000)
[2020-12-23T02:01:51.240-0400][gc,heap        ] GC(369464)   region size 1024K, 0 young (0K), 0 survivors (0K)
[2020-12-23T02:01:51.240-0400][gc,heap        ] GC(369464)  Metaspace       used 61050K, capacity 63785K, committed 64768K, reserved 1107968K
[2020-12-23T02:01:51.240-0400][gc,heap        ] GC(369464)   class space    used 5722K, capacity 6577K, committed 6912K, reserved 1048576K
[2020-12-23T02:01:51.240-0400][gc             ] GC(369464) Pause Full (System.gc()) 57M->47M(72M) 316.641ms
[2020-12-23T02:01:51.240-0400][gc,cpu         ] GC(369464) User=0.85s Sys=0.00s Real=0.32s
[2020-12-23T02:02:24.503-0400][gc,heap        ] GC(369465) Heap before GC invocations=369441 (full 10705): garbage-first heap   total 73728K, used 60082K [0x0000000083000000, 0x0000000100000000)
[2020-12-23T02:02:24.503-0400][gc,heap        ] GC(369465)   region size 1024K, 12 young (12288K), 0 survivors (0K)
[2020-12-23T02:02:24.503-0400][gc,heap        ] GC(369465)  Metaspace       used 61050K, capacity 63785K, committed 64768K, reserved 1107968K
[2020-12-23T02:02:24.503-0400][gc,heap        ] GC(369465)   class space    used 5722K, capacity 6577K, committed 6912K, reserved 1048576K
[2020-12-23T02:02:24.503-0400][gc,start       ] GC(369465) Pause Young (Concurrent Start) (G1 Evacuation Pause)
[2020-12-23T02:02:24.503-0400][gc,task        ] GC(369465) Using 4 workers of 4 for evacuation
[2020-12-23T02:02:24.510-0400][gc,phases      ] GC(369465)   Pre Evacuate Collection Set: 0.3ms
[2020-12-23T02:02:24.510-0400][gc,phases      ] GC(369465)   Evacuate Collection Set: 4.3ms
[2020-12-23T02:02:24.510-0400][gc,phases      ] GC(369465)   Post Evacuate Collection Set: 1.9ms
[2020-12-23T02:02:24.510-0400][gc,phases      ] GC(369465)   Other: 1.0ms
[2020-12-23T02:02:24.510-0400][gc,heap        ] GC(369465) Eden regions: 12->0(11)
[2020-12-23T02:02:24.511-0400][gc,heap        ] GC(369465) Survivor regions: 0->1(2)
[2020-12-23T02:02:24.511-0400][gc,heap        ] GC(369465) Old regions: 46->46
[2020-12-23T02:02:24.511-0400][gc,heap        ] GC(369465) Humongous regions: 4->4
[2020-12-23T02:02:24.511-0400][gc,metaspace   ] GC(369465) Metaspace: 61050K->61050K(1107968K)
[2020-12-23T02:02:24.511-0400][gc,heap        ] GC(369465) Heap after GC invocations=369442 (full 10705): garbage-first heap   total 73728K, used 49148K [0x0000000083000000, 0x0000000100000000)
[2020-12-23T02:02:24.511-0400][gc,heap        ] GC(369465)   region size 1024K, 1 young (1024K), 1 survivors (1024K)
[2020-12-23T02:02:24.511-0400][gc,heap        ] GC(369465)  Metaspace       used 61050K, capacity 63785K, committed 64768K, reserved 1107968K
[2020-12-23T02:02:24.511-0400][gc,heap        ] GC(369465)   class space    used 5722K, capacity 6577K, committed 6912K, reserved 1048576K
[2020-12-23T02:02:24.511-0400][gc             ] GC(369465) Pause Young (Concurrent Start) (G1 Evacuation Pause) 59M->47M(72M) 7.935ms
[2020-12-23T02:02:24.511-0400][gc,cpu         ] GC(369465) User=0.02s Sys=0.00s Real=0.01s
[2020-12-23T02:02:24.511-0400][gc             ] GC(369466) Concurrent Cycle
[2020-12-23T02:02:24.512-0400][gc,marking     ] GC(369466) Concurrent Clear Claimed Marks
[2020-12-23T02:02:24.512-0400][gc,marking     ] GC(369466) Concurrent Clear Claimed Marks 0.401ms
[2020-12-23T02:02:24.512-0400][gc,marking     ] GC(369466) Concurrent Scan Root Regions
[2020-12-23T02:02:24.516-0400][gc,marking     ] GC(369466) Concurrent Scan Root Regions 3.472ms
[2020-12-23T02:02:24.516-0400][gc,marking     ] GC(369466) Concurrent Mark (3199859.270s)
[2020-12-23T02:02:24.516-0400][gc,marking     ] GC(369466) Concurrent Mark From Roots
[2020-12-23T02:02:24.516-0400][gc,task        ] GC(369466) Using 1 workers of 1 for marking
[2020-12-23T02:02:24.843-0400][gc,marking     ] GC(369466) Concurrent Mark From Roots 327.236ms
[2020-12-23T02:02:24.843-0400][gc,marking     ] GC(369466) Concurrent Preclean
[2020-12-23T02:02:24.844-0400][gc,marking     ] GC(369466) Concurrent Preclean 0.696ms
[2020-12-23T02:02:24.844-0400][gc,marking     ] GC(369466) Concurrent Mark (3199859.270s, 3199859.599s) 328.216ms
[2020-12-23T02:02:24.845-0400][gc,start       ] GC(369466) Pause Remark
[2020-12-23T02:02:24.885-0400][gc,stringtable ] GC(369466) Cleaned string and symbol table, strings: 32393 processed, 0 removed, symbols: 131487 processed, 0 removed
[2020-12-23T02:02:24.886-0400][gc             ] GC(369466) Pause Remark 48M->48M(72M) 41.078ms
[2020-12-23T02:02:24.886-0400][gc,cpu         ] GC(369466) User=0.10s Sys=0.06s Real=0.05s
[2020-12-23T02:02:24.886-0400][gc,marking     ] GC(369466) Concurrent Rebuild Remembered Sets
[2020-12-23T02:02:25.076-0400][gc,marking     ] GC(369466) Concurrent Rebuild Remembered Sets 189.511ms
[2020-12-23T02:02:25.076-0400][gc,start       ] GC(369466) Pause Cleanup
[2020-12-23T02:02:25.077-0400][gc             ] GC(369466) Pause Cleanup 48M->48M(72M) 0.480ms
[2020-12-23T02:02:25.077-0400][gc,cpu         ] GC(369466) User=0.00s Sys=0.00s Real=0.00s
[2020-12-23T02:02:25.077-0400][gc,marking     ] GC(369466) Concurrent Cleanup for Next Mark
[2020-12-23T02:02:25.078-0400][gc,marking     ] GC(369466) Concurrent Cleanup for Next Mark 0.941ms
[2020-12-23T02:02:25.078-0400][gc             ] GC(369466) Concurrent Cycle 567.006ms
[2020-12-23T02:03:03.893-0400][gc,heap        ] GC(369467) Heap before GC invocations=369443 (full 10705): garbage-first heap   total 73728K, used 59388K [0x0000000083000000, 0x0000000100000000)
[2020-12-23T02:03:03.893-0400][gc,heap        ] GC(369467)   region size 1024K, 12 young (12288K), 1 survivors (1024K)
[2020-12-23T02:03:03.894-0400][gc,heap        ] GC(369467)  Metaspace       used 61050K, capacity 63785K, committed 64768K, reserved 1107968K
[2020-12-23T02:03:03.894-0400][gc,heap        ] GC(369467)   class space    used 5722K, capacity 6577K, committed 6912K, reserved 1048576K
[2020-12-23T02:03:03.894-0400][gc,start       ] GC(369467) Pause Young (Normal) (G1 Evacuation Pause)
[2020-12-23T02:03:03.894-0400][gc,task        ] GC(369467) Using 4 workers of 4 for evacuation
[2020-12-23T02:03:03.901-0400][gc,phases      ] GC(369467)   Pre Evacuate Collection Set: 0.0ms
[2020-12-23T02:03:03.901-0400][gc,phases      ] GC(369467)   Evacuate Collection Set: 5.2ms
[2020-12-23T02:03:03.901-0400][gc,phases      ] GC(369467)   Post Evacuate Collection Set: 1.7ms
[2020-12-23T02:03:03.901-0400][gc,phases      ] GC(369467)   Other: 0.9ms
[2020-12-23T02:03:03.901-0400][gc,heap        ] GC(369467) Eden regions: 11->0(11)
[2020-12-23T02:03:03.901-0400][gc,heap        ] GC(369467) Survivor regions: 1->1(2)
[2020-12-23T02:03:03.901-0400][gc,heap        ] GC(369467) Old regions: 46->46
[2020-12-23T02:03:03.902-0400][gc,heap        ] GC(369467) Humongous regions: 4->4
[2020-12-23T02:03:03.902-0400][gc,metaspace   ] GC(369467) Metaspace: 61050K->61050K(1107968K)
[2020-12-23T02:03:03.902-0400][gc,heap        ] GC(369467) Heap after GC invocations=369444 (full 10705): garbage-first heap   total 73728K, used 49234K [0x0000000083000000, 0x0000000100000000)
[2020-12-23T02:03:03.902-0400][gc,heap        ] GC(369467)   region size 1024K, 1 young (1024K), 1 survivors (1024K)
[2020-12-23T02:03:03.902-0400][gc,heap        ] GC(369467)  Metaspace       used 61050K, capacity 63785K, committed 64768K, reserved 1107968K
[2020-12-23T02:03:03.902-0400][gc,heap        ] GC(369467)   class space    used 5722K, capacity 6577K, committed 6912K, reserved 1048576K
[2020-12-23T02:03:03.902-0400][gc             ] GC(369467) Pause Young (Normal) (G1 Evacuation Pause) 58M->48M(72M) 8.140ms
[2020-12-23T02:03:03.902-0400][gc,cpu         ] GC(369467) User=0.03s Sys=0.01s Real=0.01s
[2020-12-23T02:03:41.109-0400][gc,heap        ] GC(369468) Heap before GC invocations=369444 (full 10705): garbage-first heap   total 73728K, used 59474K [0x0000000083000000, 0x0000000100000000)
[2020-12-23T02:03:41.109-0400][gc,heap        ] GC(369468)   region size 1024K, 12 young (12288K), 1 survivors (1024K)
[2020-12-23T02:03:41.109-0400][gc,heap        ] GC(369468)  Metaspace       used 61050K, capacity 63785K, committed 64768K, reserved 1107968K
[2020-12-23T02:03:41.109-0400][gc,heap        ] GC(369468)   class space    used 5722K, capacity 6577K, committed 6912K, reserved 1048576K
[2020-12-23T02:03:41.109-0400][gc,start       ] GC(369468) Pause Young (Concurrent Start) (G1 Evacuation Pause)
[2020-12-23T02:03:41.109-0400][gc,task        ] GC(369468) Using 4 workers of 4 for evacuation
[2020-12-23T02:03:41.116-0400][gc,phases      ] GC(369468)   Pre Evacuate Collection Set: 0.2ms
[2020-12-23T02:03:41.116-0400][gc,phases      ] GC(369468)   Evacuate Collection Set: 4.7ms
[2020-12-23T02:03:41.116-0400][gc,phases      ] GC(369468)   Post Evacuate Collection Set: 1.6ms
[2020-12-23T02:03:41.117-0400][gc,phases      ] GC(369468)   Other: 1.1ms
[2020-12-23T02:03:41.117-0400][gc,heap        ] GC(369468) Eden regions: 11->0(11)
[2020-12-23T02:03:41.117-0400][gc,heap        ] GC(369468) Survivor regions: 1->1(2)
[2020-12-23T02:03:41.117-0400][gc,heap        ] GC(369468) Old regions: 46->46
[2020-12-23T02:03:41.117-0400][gc,heap        ] GC(369468) Humongous regions: 4->4
[2020-12-23T02:03:41.117-0400][gc,metaspace   ] GC(369468) Metaspace: 61050K->61050K(1107968K)
[2020-12-23T02:03:41.117-0400][gc,heap        ] GC(369468) Heap after GC invocations=369445 (full 10705): garbage-first heap   total 73728K, used 49299K [0x0000000083000000, 0x0000000100000000)
[2020-12-23T02:03:41.117-0400][gc,heap        ] GC(369468)   region size 1024K, 1 young (1024K), 1 survivors (1024K)
[2020-12-23T02:03:41.117-0400][gc,heap        ] GC(369468)  Metaspace       used 61050K, capacity 63785K, committed 64768K, reserved 1107968K
[2020-12-23T02:03:41.117-0400][gc,heap        ] GC(369468)   class space    used 5722K, capacity 6577K, committed 6912K, reserved 1048576K
[2020-12-23T02:03:41.117-0400][gc             ] GC(369468) Pause Young (Concurrent Start) (G1 Evacuation Pause) 59M->48M(72M) 7.917ms
[2020-12-23T02:03:41.117-0400][gc,cpu         ] GC(369468) User=0.01s Sys=0.01s Real=0.01s
[2020-12-23T02:03:41.117-0400][gc             ] GC(369469) Concurrent Cycle
[2020-12-23T02:03:41.118-0400][gc,marking     ] GC(369469) Concurrent Clear Claimed Marks
[2020-12-23T02:03:41.118-0400][gc,marking     ] GC(369469) Concurrent Clear Claimed Marks 0.330ms
[2020-12-23T02:03:41.118-0400][gc,marking     ] GC(369469) Concurrent Scan Root Regions
[2020-12-23T02:03:41.122-0400][gc,marking     ] GC(369469) Concurrent Scan Root Regions 3.330ms
[2020-12-23T02:03:41.122-0400][gc,marking     ] GC(369469) Concurrent Mark (3199935.876s)
[2020-12-23T02:03:41.122-0400][gc,marking     ] GC(369469) Concurrent Mark From Roots
[2020-12-23T02:03:41.122-0400][gc,task        ] GC(369469) Using 1 workers of 1 for marking
[2020-12-23T02:03:41.457-0400][gc,marking     ] GC(369469) Concurrent Mark From Roots 335.605ms
[2020-12-23T02:03:41.457-0400][gc,marking     ] GC(369469) Concurrent Preclean
[2020-12-23T02:03:41.458-0400][gc,marking     ] GC(369469) Concurrent Preclean 0.731ms
[2020-12-23T02:03:41.458-0400][gc,marking     ] GC(369469) Concurrent Mark (3199935.876s, 3199936.213s) 336.645ms
[2020-12-23T02:03:41.459-0400][gc,start       ] GC(369469) Pause Remark
[2020-12-23T02:03:41.507-0400][gc,stringtable ] GC(369469) Cleaned string and symbol table, strings: 32393 processed, 0 removed, symbols: 131487 processed, 0 removed
[2020-12-23T02:03:41.508-0400][gc             ] GC(369469) Pause Remark 48M->48M(72M) 49.055ms
[2020-12-23T02:03:41.508-0400][gc,cpu         ] GC(369469) User=0.16s Sys=0.00s Real=0.05s
[2020-12-23T02:03:41.509-0400][gc,marking     ] GC(369469) Concurrent Rebuild Remembered Sets
[2020-12-23T02:03:41.704-0400][gc,marking     ] GC(369469) Concurrent Rebuild Remembered Sets 195.428ms
[2020-12-23T02:03:41.705-0400][gc,start       ] GC(369469) Pause Cleanup
[2020-12-23T02:03:41.705-0400][gc             ] GC(369469) Pause Cleanup 48M->48M(72M) 0.457ms
[2020-12-23T02:03:41.705-0400][gc,cpu         ] GC(369469) User=0.00s Sys=0.00s Real=0.00s
[2020-12-23T02:03:41.706-0400][gc,marking     ] GC(369469) Concurrent Cleanup for Next Mark
[2020-12-23T02:03:41.707-0400][gc,marking     ] GC(369469) Concurrent Cleanup for Next Mark 0.908ms
[2020-12-23T02:03:41.707-0400][gc             ] GC(369469) Concurrent Cycle 589.289ms
[2020-12-23T02:04:20.989-0400][gc,heap        ] GC(369470) Heap before GC invocations=369446 (full 10705): garbage-first heap   total 73728K, used 59539K [0x0000000083000000, 0x0000000100000000)
[2020-12-23T02:04:20.989-0400][gc,heap        ] GC(369470)   region size 1024K, 12 young (12288K), 1 survivors (1024K)
[2020-12-23T02:04:20.989-0400][gc,heap        ] GC(369470)  Metaspace       used 61050K, capacity 63785K, committed 64768K, reserved 1107968K
[2020-12-23T02:04:20.989-0400][gc,heap        ] GC(369470)   class space    used 5722K, capacity 6577K, committed 6912K, reserved 1048576K
[2020-12-23T02:04:20.990-0400][gc,start       ] GC(369470) Pause Young (Normal) (G1 Evacuation Pause)
[2020-12-23T02:04:20.990-0400][gc,task        ] GC(369470) Using 4 workers of 4 for evacuation
[2020-12-23T02:04:20.997-0400][gc,phases      ] GC(369470)   Pre Evacuate Collection Set: 0.0ms
[2020-12-23T02:04:20.997-0400][gc,phases      ] GC(369470)   Evacuate Collection Set: 4.8ms
[2020-12-23T02:04:20.997-0400][gc,phases      ] GC(369470)   Post Evacuate Collection Set: 1.7ms
[2020-12-23T02:04:20.997-0400][gc,phases      ] GC(369470)   Other: 0.9ms
[2020-12-23T02:04:20.997-0400][gc,heap        ] GC(369470) Eden regions: 11->0(11)
[2020-12-23T02:04:20.997-0400][gc,heap        ] GC(369470) Survivor regions: 1->1(2)
[2020-12-23T02:04:20.997-0400][gc,heap        ] GC(369470) Old regions: 46->46
[2020-12-23T02:04:20.997-0400][gc,heap        ] GC(369470) Humongous regions: 4->4
[2020-12-23T02:04:20.997-0400][gc,metaspace   ] GC(369470) Metaspace: 61050K->61050K(1107968K)
[2020-12-23T02:04:20.997-0400][gc,heap        ] GC(369470) Heap after GC invocations=369447 (full 10705): garbage-first heap   total 73728K, used 49219K [0x0000000083000000, 0x0000000100000000)
[2020-12-23T02:04:20.997-0400][gc,heap        ] GC(369470)   region size 1024K, 1 young (1024K), 1 survivors (1024K)
[2020-12-23T02:04:20.997-0400][gc,heap        ] GC(369470)  Metaspace       used 61050K, capacity 63785K, committed 64768K, reserved 1107968K
[2020-12-23T02:04:20.997-0400][gc,heap        ] GC(369470)   class space    used 5722K, capacity 6577K, committed 6912K, reserved 1048576K
[2020-12-23T02:04:20.998-0400][gc             ] GC(369470) Pause Young (Normal) (G1 Evacuation Pause) 59M->48M(72M) 7.872ms
[2020-12-23T02:04:20.998-0400][gc,cpu         ] GC(369470) User=0.02s Sys=0.01s Real=0.01s
[2020-12-23T02:05:00.024-0400][gc,heap        ] GC(369471) Heap before GC invocations=369447 (full 10705): garbage-first heap   total 73728K, used 60483K [0x0000000083000000, 0x0000000100000000)
[2020-12-23T02:05:00.024-0400][gc,heap        ] GC(369471)   region size 1024K, 12 young (12288K), 1 survivors (1024K)
[2020-12-23T02:05:00.024-0400][gc,heap        ] GC(369471)  Metaspace       used 61050K, capacity 63785K, committed 64768K, reserved 1107968K
[2020-12-23T02:05:00.024-0400][gc,heap        ] GC(369471)   class space    used 5722K, capacity 6577K, committed 6912K, reserved 1048576K
[2020-12-23T02:05:00.024-0400][gc,start       ] GC(369471) Pause Young (Concurrent Start) (G1 Evacuation Pause)
[2020-12-23T02:05:00.024-0400][gc,task        ] GC(369471) Using 4 workers of 4 for evacuation
[2020-12-23T02:05:00.032-0400][gc,phases      ] GC(369471)   Pre Evacuate Collection Set: 0.2ms
[2020-12-23T02:05:00.032-0400][gc,phases      ] GC(369471)   Evacuate Collection Set: 5.3ms
[2020-12-23T02:05:00.032-0400][gc,phases      ] GC(369471)   Post Evacuate Collection Set: 1.9ms
[2020-12-23T02:05:00.033-0400][gc,phases      ] GC(369471)   Other: 1.0ms
[2020-12-23T02:05:00.033-0400][gc,heap        ] GC(369471) Eden regions: 11->0(11)
[2020-12-23T02:05:00.033-0400][gc,heap        ] GC(369471) Survivor regions: 1->1(2)
[2020-12-23T02:05:00.033-0400][gc,heap        ] GC(369471) Old regions: 46->46
[2020-12-23T02:05:00.033-0400][gc,heap        ] GC(369471) Humongous regions: 4->4
[2020-12-23T02:05:00.033-0400][gc,metaspace   ] GC(369471) Metaspace: 61050K->61050K(1107968K)
[2020-12-23T02:05:00.033-0400][gc,heap        ] GC(369471) Heap after GC invocations=369448 (full 10705): garbage-first heap   total 73728K, used 49214K [0x0000000083000000, 0x0000000100000000)
[2020-12-23T02:05:00.033-0400][gc,heap        ] GC(369471)   region size 1024K, 1 young (1024K), 1 survivors (1024K)
[2020-12-23T02:05:00.033-0400][gc,heap        ] GC(369471)  Metaspace       used 61050K, capacity 63785K, committed 64768K, reserved 1107968K
[2020-12-23T02:05:00.033-0400][gc,heap        ] GC(369471)   class space    used 5722K, capacity 6577K, committed 6912K, reserved 1048576K
[2020-12-23T02:05:00.033-0400][gc             ] GC(369471) Pause Young (Concurrent Start) (G1 Evacuation Pause) 59M->48M(72M) 8.784ms
[2020-12-23T02:05:00.033-0400][gc,cpu         ] GC(369471) User=0.01s Sys=0.01s Real=0.01s
[2020-12-23T02:05:00.034-0400][gc             ] GC(369472) Concurrent Cycle
[2020-12-23T02:05:00.034-0400][gc,marking     ] GC(369472) Concurrent Clear Claimed Marks
[2020-12-23T02:05:00.034-0400][gc,marking     ] GC(369472) Concurrent Clear Claimed Marks 0.330ms
[2020-12-23T02:05:00.035-0400][gc,marking     ] GC(369472) Concurrent Scan Root Regions
[2020-12-23T02:05:00.037-0400][gc,marking     ] GC(369472) Concurrent Scan Root Regions 2.848ms
[2020-12-23T02:05:00.038-0400][gc,marking     ] GC(369472) Concurrent Mark (3200014.792s)
[2020-12-23T02:05:00.038-0400][gc,marking     ] GC(369472) Concurrent Mark From Roots
[2020-12-23T02:05:00.038-0400][gc,task        ] GC(369472) Using 1 workers of 1 for marking
[2020-12-23T02:05:00.365-0400][gc,marking     ] GC(369472) Concurrent Mark From Roots 326.951ms
[2020-12-23T02:05:00.365-0400][gc,marking     ] GC(369472) Concurrent Preclean
[2020-12-23T02:05:00.365-0400][gc,marking     ] GC(369472) Concurrent Preclean 0.741ms
[2020-12-23T02:05:00.366-0400][gc,marking     ] GC(369472) Concurrent Mark (3200014.792s, 3200015.120s) 328.056ms
[2020-12-23T02:05:00.366-0400][gc,start       ] GC(369472) Pause Remark
[2020-12-23T02:05:00.407-0400][gc,stringtable ] GC(369472) Cleaned string and symbol table, strings: 32393 processed, 0 removed, symbols: 131487 processed, 0 removed
[2020-12-23T02:05:00.408-0400][gc             ] GC(369472) Pause Remark 48M->48M(72M) 41.363ms
[2020-12-23T02:05:00.408-0400][gc,cpu         ] GC(369472) User=0.09s Sys=0.06s Real=0.04s
[2020-12-23T02:05:00.408-0400][gc,marking     ] GC(369472) Concurrent Rebuild Remembered Sets
[2020-12-23T02:05:00.599-0400][gc,marking     ] GC(369472) Concurrent Rebuild Remembered Sets 191.169ms
[2020-12-23T02:05:00.600-0400][gc,start       ] GC(369472) Pause Cleanup
[2020-12-23T02:05:00.601-0400][gc             ] GC(369472) Pause Cleanup 48M->48M(72M) 0.592ms
[2020-12-23T02:05:00.601-0400][gc,cpu         ] GC(369472) User=0.01s Sys=0.00s Real=0.00s
[2020-12-23T02:05:00.601-0400][gc,marking     ] GC(369472) Concurrent Cleanup for Next Mark
[2020-12-23T02:05:00.602-0400][gc,marking     ] GC(369472) Concurrent Cleanup for Next Mark 0.975ms
[2020-12-23T02:05:00.602-0400][gc             ] GC(369472) Concurrent Cycle 568.154ms
[2020-12-23T02:05:20.688-0400][gc,heap        ] GC(369473) Heap before GC invocations=369449 (full 10705): garbage-first heap   total 73728K, used 59454K [0x0000000083000000, 0x0000000100000000)
[2020-12-23T02:05:20.688-0400][gc,heap        ] GC(369473)   region size 1024K, 12 young (12288K), 1 survivors (1024K)
[2020-12-23T02:05:20.688-0400][gc,heap        ] GC(369473)  Metaspace       used 61050K, capacity 63785K, committed 64768K, reserved 1107968K
[2020-12-23T02:05:20.688-0400][gc,heap        ] GC(369473)   class space    used 5722K, capacity 6577K, committed 6912K, reserved 1048576K
[2020-12-23T02:05:20.688-0400][gc,start       ] GC(369473) Pause Young (Normal) (G1 Evacuation Pause)
[2020-12-23T02:05:20.688-0400][gc,task        ] GC(369473) Using 4 workers of 4 for evacuation
[2020-12-23T02:05:20.697-0400][gc,phases      ] GC(369473)   Pre Evacuate Collection Set: 0.0ms
[2020-12-23T02:05:20.697-0400][gc,phases      ] GC(369473)   Evacuate Collection Set: 6.2ms
[2020-12-23T02:05:20.697-0400][gc,phases      ] GC(369473)   Post Evacuate Collection Set: 2.0ms
[2020-12-23T02:05:20.697-0400][gc,phases      ] GC(369473)   Other: 0.8ms
[2020-12-23T02:05:20.697-0400][gc,heap        ] GC(369473) Eden regions: 11->0(11)
[2020-12-23T02:05:20.697-0400][gc,heap        ] GC(369473) Survivor regions: 1->1(2)
[2020-12-23T02:05:20.697-0400][gc,heap        ] GC(369473) Old regions: 46->46
[2020-12-23T02:05:20.697-0400][gc,heap        ] GC(369473) Humongous regions: 4->4
[2020-12-23T02:05:20.697-0400][gc,metaspace   ] GC(369473) Metaspace: 61050K->61050K(1107968K)
[2020-12-23T02:05:20.697-0400][gc,heap        ] GC(369473) Heap after GC invocations=369450 (full 10705): garbage-first heap   total 73728K, used 49228K [0x0000000083000000, 0x0000000100000000)
[2020-12-23T02:05:20.697-0400][gc,heap        ] GC(369473)   region size 1024K, 1 young (1024K), 1 survivors (1024K)
[2020-12-23T02:05:20.697-0400][gc,heap        ] GC(369473)  Metaspace       used 61050K, capacity 63785K, committed 64768K, reserved 1107968K
[2020-12-23T02:05:20.697-0400][gc,heap        ] GC(369473)   class space    used 5722K, capacity 6577K, committed 6912K, reserved 1048576K
[2020-12-23T02:05:20.698-0400][gc             ] GC(369473) Pause Young (Normal) (G1 Evacuation Pause) 59M->48M(72M) 9.406ms
[2020-12-23T02:05:20.698-0400][gc,cpu         ] GC(369473) User=0.03s Sys=0.01s Real=0.01s
[2020-12-23T02:06:03.894-0400][gc,heap        ] GC(369474) Heap before GC invocations=369450 (full 10705): garbage-first heap   total 73728K, used 60492K [0x0000000083000000, 0x0000000100000000)
[2020-12-23T02:06:03.894-0400][gc,heap        ] GC(369474)   region size 1024K, 12 young (12288K), 1 survivors (1024K)
[2020-12-23T02:06:03.894-0400][gc,heap        ] GC(369474)  Metaspace       used 61050K, capacity 63785K, committed 64768K, reserved 1107968K
[2020-12-23T02:06:03.894-0400][gc,heap        ] GC(369474)   class space    used 5722K, capacity 6577K, committed 6912K, reserved 1048576K
[2020-12-23T02:06:03.894-0400][gc,start       ] GC(369474) Pause Young (Concurrent Start) (G1 Evacuation Pause)
[2020-12-23T02:06:03.894-0400][gc,task        ] GC(369474) Using 4 workers of 4 for evacuation
[2020-12-23T02:06:03.902-0400][gc,phases      ] GC(369474)   Pre Evacuate Collection Set: 0.2ms
[2020-12-23T02:06:03.902-0400][gc,phases      ] GC(369474)   Evacuate Collection Set: 4.8ms
[2020-12-23T02:06:03.902-0400][gc,phases      ] GC(369474)   Post Evacuate Collection Set: 1.6ms
[2020-12-23T02:06:03.902-0400][gc,phases      ] GC(369474)   Other: 1.0ms
[2020-12-23T02:06:03.902-0400][gc,heap        ] GC(369474) Eden regions: 11->0(11)
[2020-12-23T02:06:03.902-0400][gc,heap        ] GC(369474) Survivor regions: 1->1(2)
[2020-12-23T02:06:03.902-0400][gc,heap        ] GC(369474) Old regions: 46->46
[2020-12-23T02:06:03.902-0400][gc,heap        ] GC(369474) Humongous regions: 4->4
[2020-12-23T02:06:03.902-0400][gc,metaspace   ] GC(369474) Metaspace: 61050K->61050K(1107968K)
[2020-12-23T02:06:03.902-0400][gc,heap        ] GC(369474) Heap after GC invocations=369451 (full 10705): garbage-first heap   total 73728K, used 49260K [0x0000000083000000, 0x0000000100000000)
[2020-12-23T02:06:03.902-0400][gc,heap        ] GC(369474)   region size 1024K, 1 young (1024K), 1 survivors (1024K)
[2020-12-23T02:06:03.902-0400][gc,heap        ] GC(369474)  Metaspace       used 61050K, capacity 63785K, committed 64768K, reserved 1107968K
[2020-12-23T02:06:03.902-0400][gc,heap        ] GC(369474)   class space    used 5722K, capacity 6577K, committed 6912K, reserved 1048576K
[2020-12-23T02:06:03.902-0400][gc             ] GC(369474) Pause Young (Concurrent Start) (G1 Evacuation Pause) 59M->48M(72M) 7.996ms
[2020-12-23T02:06:03.903-0400][gc,cpu         ] GC(369474) User=0.02s Sys=0.00s Real=0.01s
[2020-12-23T02:06:03.903-0400][gc             ] GC(369475) Concurrent Cycle
[2020-12-23T02:06:03.903-0400][gc,marking     ] GC(369475) Concurrent Clear Claimed Marks
[2020-12-23T02:06:03.903-0400][gc,marking     ] GC(369475) Concurrent Clear Claimed Marks 0.368ms
[2020-12-23T02:06:03.903-0400][gc,marking     ] GC(369475) Concurrent Scan Root Regions
[2020-12-23T02:06:03.907-0400][gc,marking     ] GC(369475) Concurrent Scan Root Regions 3.215ms
[2020-12-23T02:06:03.907-0400][gc,marking     ] GC(369475) Concurrent Mark (3200078.661s)
[2020-12-23T02:06:03.907-0400][gc,marking     ] GC(369475) Concurrent Mark From Roots
[2020-12-23T02:06:03.907-0400][gc,task        ] GC(369475) Using 1 workers of 1 for marking
[2020-12-23T02:06:04.230-0400][gc,marking     ] GC(369475) Concurrent Mark From Roots 323.092ms
[2020-12-23T02:06:04.230-0400][gc,marking     ] GC(369475) Concurrent Preclean
[2020-12-23T02:06:04.231-0400][gc,marking     ] GC(369475) Concurrent Preclean 0.722ms
[2020-12-23T02:06:04.231-0400][gc,marking     ] GC(369475) Concurrent Mark (3200078.661s, 3200078.985s) 324.076ms
[2020-12-23T02:06:04.232-0400][gc,start       ] GC(369475) Pause Remark
[2020-12-23T02:06:04.271-0400][gc,stringtable ] GC(369475) Cleaned string and symbol table, strings: 32393 processed, 0 removed, symbols: 131487 processed, 0 removed
[2020-12-23T02:06:04.272-0400][gc             ] GC(369475) Pause Remark 48M->48M(72M) 40.372ms
[2020-12-23T02:06:04.272-0400][gc,cpu         ] GC(369475) User=0.10s Sys=0.06s Real=0.04s
[2020-12-23T02:06:04.272-0400][gc,marking     ] GC(369475) Concurrent Rebuild Remembered Sets
[2020-12-23T02:06:04.461-0400][gc,marking     ] GC(369475) Concurrent Rebuild Remembered Sets 188.834ms
[2020-12-23T02:06:04.462-0400][gc,start       ] GC(369475) Pause Cleanup
[2020-12-23T02:06:04.462-0400][gc             ] GC(369475) Pause Cleanup 48M->48M(72M) 0.528ms
[2020-12-23T02:06:04.463-0400][gc,cpu         ] GC(369475) User=0.00s Sys=0.00s Real=0.00s
[2020-12-23T02:06:04.463-0400][gc,marking     ] GC(369475) Concurrent Cleanup for Next Mark
[2020-12-23T02:06:04.464-0400][gc,marking     ] GC(369475) Concurrent Cleanup for Next Mark 0.939ms
[2020-12-23T02:06:04.464-0400][gc             ] GC(369475) Concurrent Cycle 561.316ms
[2020-12-23T02:06:37.694-0400][gc,heap        ] GC(369476) Heap before GC invocations=369452 (full 10705): garbage-first heap   total 73728K, used 59500K [0x0000000083000000, 0x0000000100000000)
[2020-12-23T02:06:37.694-0400][gc,heap        ] GC(369476)   region size 1024K, 12 young (12288K), 1 survivors (1024K)
[2020-12-23T02:06:37.694-0400][gc,heap        ] GC(369476)  Metaspace       used 61050K, capacity 63785K, committed 64768K, reserved 1107968K
[2020-12-23T02:06:37.694-0400][gc,heap        ] GC(369476)   class space    used 5722K, capacity 6577K, committed 6912K, reserved 1048576K
[2020-12-23T02:06:37.694-0400][gc,start       ] GC(369476) Pause Young (Normal) (G1 Evacuation Pause)
[2020-12-23T02:06:37.694-0400][gc,task        ] GC(369476) Using 4 workers of 4 for evacuation
[2020-12-23T02:06:37.702-0400][gc,phases      ] GC(369476)   Pre Evacuate Collection Set: 0.1ms
[2020-12-23T02:06:37.703-0400][gc,phases      ] GC(369476)   Evacuate Collection Set: 5.7ms
[2020-12-23T02:06:37.703-0400][gc,phases      ] GC(369476)   Post Evacuate Collection Set: 2.0ms
[2020-12-23T02:06:37.703-0400][gc,phases      ] GC(369476)   Other: 0.8ms
[2020-12-23T02:06:37.703-0400][gc,heap        ] GC(369476) Eden regions: 11->0(11)
[2020-12-23T02:06:37.703-0400][gc,heap        ] GC(369476) Survivor regions: 1->1(2)
[2020-12-23T02:06:37.703-0400][gc,heap        ] GC(369476) Old regions: 46->46
[2020-12-23T02:06:37.703-0400][gc,heap        ] GC(369476) Humongous regions: 4->4
[2020-12-23T02:06:37.703-0400][gc,metaspace   ] GC(369476) Metaspace: 61050K->61050K(1107968K)
[2020-12-23T02:06:37.703-0400][gc,heap        ] GC(369476) Heap after GC invocations=369453 (full 10705): garbage-first heap   total 73728K, used 49284K [0x0000000083000000, 0x0000000100000000)
[2020-12-23T02:06:37.703-0400][gc,heap        ] GC(369476)   region size 1024K, 1 young (1024K), 1 survivors (1024K)
[2020-12-23T02:06:37.703-0400][gc,heap        ] GC(369476)  Metaspace       used 61050K, capacity 63785K, committed 64768K, reserved 1107968K
[2020-12-23T02:06:37.703-0400][gc,heap        ] GC(369476)   class space    used 5722K, capacity 6577K, committed 6912K, reserved 1048576K
[2020-12-23T02:06:37.703-0400][gc             ] GC(369476) Pause Young (Normal) (G1 Evacuation Pause) 59M->48M(72M) 9.032ms
[2020-12-23T02:06:37.703-0400][gc,cpu         ] GC(369476) User=0.02s Sys=0.00s Real=0.01s
[2020-12-23T02:06:50.924-0400][gc,task        ] GC(369477) Using 3 workers of 4 for full compaction
[2020-12-23T02:06:50.924-0400][gc,start       ] GC(369477) Pause Full (System.gc())
[2020-12-23T02:06:50.924-0400][gc,heap        ] GC(369477) Heap before GC invocations=369453 (full 10705): garbage-first heap   total 73728K, used 51332K [0x0000000083000000, 0x0000000100000000)
[2020-12-23T02:06:50.924-0400][gc,heap        ] GC(369477)   region size 1024K, 4 young (4096K), 1 survivors (1024K)
[2020-12-23T02:06:50.924-0400][gc,heap        ] GC(369477)  Metaspace       used 61050K, capacity 63785K, committed 64768K, reserved 1107968K
[2020-12-23T02:06:50.924-0400][gc,heap        ] GC(369477)   class space    used 5722K, capacity 6577K, committed 6912K, reserved 1048576K
[2020-12-23T02:06:50.926-0400][gc,phases,start] GC(369477) Phase 1: Mark live objects
[2020-12-23T02:06:51.071-0400][gc,stringtable ] GC(369477) Cleaned string and symbol table, strings: 32393 processed, 0 removed, symbols: 131487 processed, 0 removed
[2020-12-23T02:06:51.072-0400][gc,phases      ] GC(369477) Phase 1: Mark live objects 145.093ms
[2020-12-23T02:06:51.072-0400][gc,phases,start] GC(369477) Phase 2: Prepare for compaction
[2020-12-23T02:06:51.101-0400][gc,phases      ] GC(369477) Phase 2: Prepare for compaction 29.452ms
[2020-12-23T02:06:51.101-0400][gc,phases,start] GC(369477) Phase 3: Adjust pointers
[2020-12-23T02:06:51.180-0400][gc,phases      ] GC(369477) Phase 3: Adjust pointers 79.174ms
[2020-12-23T02:06:51.181-0400][gc,phases,start] GC(369477) Phase 4: Compact heap
[2020-12-23T02:06:51.203-0400][gc,phases      ] GC(369477) Phase 4: Compact heap 22.839ms
[2020-12-23T02:06:51.240-0400][gc,heap        ] GC(369477) Eden regions: 3->0(11)
[2020-12-23T02:06:51.240-0400][gc,heap        ] GC(369477) Survivor regions: 1->0(2)
[2020-12-23T02:06:51.240-0400][gc,heap        ] GC(369477) Old regions: 46->47
[2020-12-23T02:06:51.240-0400][gc,heap        ] GC(369477) Humongous regions: 4->4
[2020-12-23T02:06:51.240-0400][gc,metaspace   ] GC(369477) Metaspace: 61050K->61050K(1107968K)
[2020-12-23T02:06:51.240-0400][gc,heap        ] GC(369477) Heap after GC invocations=369454 (full 10706): garbage-first heap   total 73728K, used 48803K [0x0000000083000000, 0x0000000100000000)
[2020-12-23T02:06:51.240-0400][gc,heap        ] GC(369477)   region size 1024K, 0 young (0K), 0 survivors (0K)
[2020-12-23T02:06:51.240-0400][gc,heap        ] GC(369477)  Metaspace       used 61050K, capacity 63785K, committed 64768K, reserved 1107968K
[2020-12-23T02:06:51.240-0400][gc,heap        ] GC(369477)   class space    used 5722K, capacity 6577K, committed 6912K, reserved 1048576K
[2020-12-23T02:06:51.241-0400][gc             ] GC(369477) Pause Full (System.gc()) 51M->47M(72M) 316.630ms
[2020-12-23T02:06:51.241-0400][gc,cpu         ] GC(369477) User=0.85s Sys=0.00s Real=0.32s
[2020-12-23T02:07:17.438-0400][gc,heap        ] GC(369478) Heap before GC invocations=369454 (full 10706): garbage-first heap   total 73728K, used 59043K [0x0000000083000000, 0x0000000100000000)
[2020-12-23T02:07:17.438-0400][gc,heap        ] GC(369478)   region size 1024K, 11 young (11264K), 0 survivors (0K)
[2020-12-23T02:07:17.438-0400][gc,heap        ] GC(369478)  Metaspace       used 61050K, capacity 63785K, committed 64768K, reserved 1107968K
[2020-12-23T02:07:17.438-0400][gc,heap        ] GC(369478)   class space    used 5722K, capacity 6577K, committed 6912K, reserved 1048576K
[2020-12-23T02:07:17.438-0400][gc,start       ] GC(369478) Pause Young (Concurrent Start) (G1 Evacuation Pause)
[2020-12-23T02:07:17.438-0400][gc,task        ] GC(369478) Using 4 workers of 4 for evacuation
[2020-12-23T02:07:17.446-0400][gc,phases      ] GC(369478)   Pre Evacuate Collection Set: 0.3ms
[2020-12-23T02:07:17.446-0400][gc,phases      ] GC(369478)   Evacuate Collection Set: 4.7ms
[2020-12-23T02:07:17.446-0400][gc,phases      ] GC(369478)   Post Evacuate Collection Set: 1.7ms
[2020-12-23T02:07:17.446-0400][gc,phases      ] GC(369478)   Other: 0.9ms
[2020-12-23T02:07:17.446-0400][gc,heap        ] GC(369478) Eden regions: 11->0(11)
[2020-12-23T02:07:17.446-0400][gc,heap        ] GC(369478) Survivor regions: 0->1(2)
[2020-12-23T02:07:17.446-0400][gc,heap        ] GC(369478) Old regions: 47->47
[2020-12-23T02:07:17.446-0400][gc,heap        ] GC(369478) Humongous regions: 4->4
[2020-12-23T02:07:17.446-0400][gc,metaspace   ] GC(369478) Metaspace: 61050K->61050K(1107968K)
[2020-12-23T02:07:17.446-0400][gc,heap        ] GC(369478) Heap after GC invocations=369455 (full 10706): garbage-first heap   total 73728K, used 49092K [0x0000000083000000, 0x0000000100000000)
[2020-12-23T02:07:17.446-0400][gc,heap        ] GC(369478)   region size 1024K, 1 young (1024K), 1 survivors (1024K)
[2020-12-23T02:07:17.446-0400][gc,heap        ] GC(369478)  Metaspace       used 61050K, capacity 63785K, committed 64768K, reserved 1107968K
[2020-12-23T02:07:17.446-0400][gc,heap        ] GC(369478)   class space    used 5722K, capacity 6577K, committed 6912K, reserved 1048576K
[2020-12-23T02:07:17.446-0400][gc             ] GC(369478) Pause Young (Concurrent Start) (G1 Evacuation Pause) 58M->47M(72M) 8.038ms
[2020-12-23T02:07:17.446-0400][gc,cpu         ] GC(369478) User=0.01s Sys=0.01s Real=0.01s
[2020-12-23T02:07:17.447-0400][gc             ] GC(369479) Concurrent Cycle
[2020-12-23T02:07:17.447-0400][gc,marking     ] GC(369479) Concurrent Clear Claimed Marks
[2020-12-23T02:07:17.449-0400][gc,marking     ] GC(369479) Concurrent Clear Claimed Marks 1.960ms
[2020-12-23T02:07:17.449-0400][gc,marking     ] GC(369479) Concurrent Scan Root Regions
[2020-12-23T02:07:17.454-0400][gc,marking     ] GC(369479) Concurrent Scan Root Regions 4.566ms
[2020-12-23T02:07:17.454-0400][gc,marking     ] GC(369479) Concurrent Mark (3200152.208s)
[2020-12-23T02:07:17.454-0400][gc,marking     ] GC(369479) Concurrent Mark From Roots
[2020-12-23T02:07:17.454-0400][gc,task        ] GC(369479) Using 1 workers of 1 for marking
[2020-12-23T02:07:17.779-0400][gc,marking     ] GC(369479) Concurrent Mark From Roots 325.134ms
[2020-12-23T02:07:17.779-0400][gc,marking     ] GC(369479) Concurrent Preclean
[2020-12-23T02:07:17.780-0400][gc,marking     ] GC(369479) Concurrent Preclean 0.721ms
[2020-12-23T02:07:17.780-0400][gc,marking     ] GC(369479) Concurrent Mark (3200152.208s, 3200152.534s) 326.132ms
[2020-12-23T02:07:17.781-0400][gc,start       ] GC(369479) Pause Remark
[2020-12-23T02:07:17.821-0400][gc,stringtable ] GC(369479) Cleaned string and symbol table, strings: 32393 processed, 0 removed, symbols: 131487 processed, 0 removed
[2020-12-23T02:07:17.822-0400][gc             ] GC(369479) Pause Remark 48M->48M(72M) 41.127ms
[2020-12-23T02:07:17.822-0400][gc,cpu         ] GC(369479) User=0.09s Sys=0.06s Real=0.04s
[2020-12-23T02:07:17.823-0400][gc,marking     ] GC(369479) Concurrent Rebuild Remembered Sets
[2020-12-23T02:07:18.013-0400][gc,marking     ] GC(369479) Concurrent Rebuild Remembered Sets 190.709ms
[2020-12-23T02:07:18.014-0400][gc,start       ] GC(369479) Pause Cleanup
[2020-12-23T02:07:18.015-0400][gc             ] GC(369479) Pause Cleanup 48M->48M(72M) 0.486ms
[2020-12-23T02:07:18.015-0400][gc,cpu         ] GC(369479) User=0.00s Sys=0.00s Real=0.00s
[2020-12-23T02:07:18.016-0400][gc,marking     ] GC(369479) Concurrent Cleanup for Next Mark
[2020-12-23T02:07:18.017-0400][gc,marking     ] GC(369479) Concurrent Cleanup for Next Mark 0.791ms
[2020-12-23T02:07:18.017-0400][gc             ] GC(369479) Concurrent Cycle 570.155ms
[2020-12-23T02:07:57.716-0400][gc,heap        ] GC(369480) Heap before GC invocations=369456 (full 10706): garbage-first heap   total 73728K, used 60356K [0x0000000083000000, 0x0000000100000000)
[2020-12-23T02:07:57.716-0400][gc,heap        ] GC(369480)   region size 1024K, 12 young (12288K), 1 survivors (1024K)
[2020-12-23T02:07:57.716-0400][gc,heap        ] GC(369480)  Metaspace       used 61050K, capacity 63785K, committed 64768K, reserved 1107968K
[2020-12-23T02:07:57.716-0400][gc,heap        ] GC(369480)   class space    used 5722K, capacity 6577K, committed 6912K, reserved 1048576K
[2020-12-23T02:07:57.717-0400][gc,start       ] GC(369480) Pause Young (Normal) (G1 Evacuation Pause)
[2020-12-23T02:07:57.717-0400][gc,task        ] GC(369480) Using 4 workers of 4 for evacuation
[2020-12-23T02:07:57.724-0400][gc,phases      ] GC(369480)   Pre Evacuate Collection Set: 0.0ms
[2020-12-23T02:07:57.724-0400][gc,phases      ] GC(369480)   Evacuate Collection Set: 5.4ms
[2020-12-23T02:07:57.724-0400][gc,phases      ] GC(369480)   Post Evacuate Collection Set: 1.6ms
[2020-12-23T02:07:57.724-0400][gc,phases      ] GC(369480)   Other: 0.8ms
[2020-12-23T02:07:57.725-0400][gc,heap        ] GC(369480) Eden regions: 11->0(11)
[2020-12-23T02:07:57.725-0400][gc,heap        ] GC(369480) Survivor regions: 1->1(2)
[2020-12-23T02:07:57.725-0400][gc,heap        ] GC(369480) Old regions: 47->47
[2020-12-23T02:07:57.725-0400][gc,heap        ] GC(369480) Humongous regions: 4->4
[2020-12-23T02:07:57.725-0400][gc,metaspace   ] GC(369480) Metaspace: 61050K->61050K(1107968K)
[2020-12-23T02:07:57.725-0400][gc,heap        ] GC(369480) Heap after GC invocations=369457 (full 10706): garbage-first heap   total 73728K, used 49140K [0x0000000083000000, 0x0000000100000000)
[2020-12-23T02:07:57.725-0400][gc,heap        ] GC(369480)   region size 1024K, 1 young (1024K), 1 survivors (1024K)
[2020-12-23T02:07:57.725-0400][gc,heap        ] GC(369480)  Metaspace       used 61050K, capacity 63785K, committed 64768K, reserved 1107968K
[2020-12-23T02:07:57.725-0400][gc,heap        ] GC(369480)   class space    used 5722K, capacity 6577K, committed 6912K, reserved 1048576K
[2020-12-23T02:07:57.725-0400][gc             ] GC(369480) Pause Young (Normal) (G1 Evacuation Pause) 58M->47M(72M) 8.382ms
[2020-12-23T02:07:57.725-0400][gc,cpu         ] GC(369480) User=0.02s Sys=0.01s Real=0.00s
[2020-12-23T02:08:18.208-0400][gc,heap        ] GC(369481) Heap before GC invocations=369457 (full 10706): garbage-first heap   total 73728K, used 59380K [0x0000000083000000, 0x0000000100000000)
[2020-12-23T02:08:18.208-0400][gc,heap        ] GC(369481)   region size 1024K, 12 young (12288K), 1 survivors (1024K)
[2020-12-23T02:08:18.208-0400][gc,heap        ] GC(369481)  Metaspace       used 61050K, capacity 63785K, committed 64768K, reserved 1107968K
[2020-12-23T02:08:18.208-0400][gc,heap        ] GC(369481)   class space    used 5722K, capacity 6577K, committed 6912K, reserved 1048576K
[2020-12-23T02:08:18.208-0400][gc,start       ] GC(369481) Pause Young (Concurrent Start) (G1 Evacuation Pause)
[2020-12-23T02:08:18.208-0400][gc,task        ] GC(369481) Using 4 workers of 4 for evacuation
[2020-12-23T02:08:18.216-0400][gc,phases      ] GC(369481)   Pre Evacuate Collection Set: 0.2ms
[2020-12-23T02:08:18.216-0400][gc,phases      ] GC(369481)   Evacuate Collection Set: 4.3ms
[2020-12-23T02:08:18.216-0400][gc,phases      ] GC(369481)   Post Evacuate Collection Set: 1.9ms
[2020-12-23T02:08:18.216-0400][gc,phases      ] GC(369481)   Other: 1.0ms
[2020-12-23T02:08:18.216-0400][gc,heap        ] GC(369481) Eden regions: 11->0(11)
[2020-12-23T02:08:18.216-0400][gc,heap        ] GC(369481) Survivor regions: 1->1(2)
[2020-12-23T02:08:18.216-0400][gc,heap        ] GC(369481) Old regions: 47->47
[2020-12-23T02:08:18.216-0400][gc,heap        ] GC(369481) Humongous regions: 4->4
[2020-12-23T02:08:18.216-0400][gc,metaspace   ] GC(369481) Metaspace: 61050K->61050K(1107968K)
[2020-12-23T02:08:18.216-0400][gc,heap        ] GC(369481) Heap after GC invocations=369458 (full 10706): garbage-first heap   total 73728K, used 49138K [0x0000000083000000, 0x0000000100000000)
[2020-12-23T02:08:18.216-0400][gc,heap        ] GC(369481)   region size 1024K, 1 young (1024K), 1 survivors (1024K)
[2020-12-23T02:08:18.216-0400][gc,heap        ] GC(369481)  Metaspace       used 61050K, capacity 63785K, committed 64768K, reserved 1107968K
[2020-12-23T02:08:18.216-0400][gc,heap        ] GC(369481)   class space    used 5722K, capacity 6577K, committed 6912K, reserved 1048576K
[2020-12-23T02:08:18.216-0400][gc             ] GC(369481) Pause Young (Concurrent Start) (G1 Evacuation Pause) 58M->47M(72M) 7.898ms
[2020-12-23T02:08:18.216-0400][gc,cpu         ] GC(369481) User=0.02s Sys=0.00s Real=0.01s
[2020-12-23T02:08:18.217-0400][gc             ] GC(369482) Concurrent Cycle
[2020-12-23T02:08:18.217-0400][gc,marking     ] GC(369482) Concurrent Clear Claimed Marks
[2020-12-23T02:08:18.217-0400][gc,marking     ] GC(369482) Concurrent Clear Claimed Marks 0.364ms
[2020-12-23T02:08:18.217-0400][gc,marking     ] GC(369482) Concurrent Scan Root Regions
[2020-12-23T02:08:18.222-0400][gc,marking     ] GC(369482) Concurrent Scan Root Regions 4.315ms
[2020-12-23T02:08:18.222-0400][gc,marking     ] GC(369482) Concurrent Mark (3200212.976s)
[2020-12-23T02:08:18.222-0400][gc,marking     ] GC(369482) Concurrent Mark From Roots
[2020-12-23T02:08:18.222-0400][gc,task        ] GC(369482) Using 1 workers of 1 for marking
[2020-12-23T02:08:18.547-0400][gc,marking     ] GC(369482) Concurrent Mark From Roots 324.951ms
[2020-12-23T02:08:18.547-0400][gc,marking     ] GC(369482) Concurrent Preclean
[2020-12-23T02:08:18.548-0400][gc,marking     ] GC(369482) Concurrent Preclean 0.637ms
[2020-12-23T02:08:18.548-0400][gc,marking     ] GC(369482) Concurrent Mark (3200212.976s, 3200213.302s) 325.827ms
[2020-12-23T02:08:18.548-0400][gc,start       ] GC(369482) Pause Remark
[2020-12-23T02:08:18.589-0400][gc,stringtable ] GC(369482) Cleaned string and symbol table, strings: 32393 processed, 0 removed, symbols: 131487 processed, 0 removed
[2020-12-23T02:08:18.590-0400][gc             ] GC(369482) Pause Remark 48M->48M(72M) 41.810ms
[2020-12-23T02:08:18.590-0400][gc,cpu         ] GC(369482) User=0.10s Sys=0.06s Real=0.04s
[2020-12-23T02:08:18.591-0400][gc,marking     ] GC(369482) Concurrent Rebuild Remembered Sets
[2020-12-23T02:08:18.780-0400][gc,marking     ] GC(369482) Concurrent Rebuild Remembered Sets 189.551ms
[2020-12-23T02:08:18.781-0400][gc,start       ] GC(369482) Pause Cleanup
[2020-12-23T02:08:18.782-0400][gc             ] GC(369482) Pause Cleanup 48M->48M(72M) 0.511ms
[2020-12-23T02:08:18.782-0400][gc,cpu         ] GC(369482) User=0.00s Sys=0.00s Real=0.00s
[2020-12-23T02:08:18.782-0400][gc,marking     ] GC(369482) Concurrent Cleanup for Next Mark
[2020-12-23T02:08:18.783-0400][gc,marking     ] GC(369482) Concurrent Cleanup for Next Mark 0.967ms
[2020-12-23T02:08:18.783-0400][gc             ] GC(369482) Concurrent Cycle 566.498ms
[2020-12-23T02:09:00.687-0400][gc,heap        ] GC(369483) Heap before GC invocations=369459 (full 10706): garbage-first heap   total 73728K, used 59378K [0x0000000083000000, 0x0000000100000000)
[2020-12-23T02:09:00.687-0400][gc,heap        ] GC(369483)   region size 1024K, 12 young (12288K), 1 survivors (1024K)
[2020-12-23T02:09:00.687-0400][gc,heap        ] GC(369483)  Metaspace       used 61050K, capacity 63785K, committed 64768K, reserved 1107968K
[2020-12-23T02:09:00.687-0400][gc,heap        ] GC(369483)   class space    used 5722K, capacity 6577K, committed 6912K, reserved 1048576K
[2020-12-23T02:09:00.687-0400][gc,start       ] GC(369483) Pause Young (Normal) (G1 Evacuation Pause)
[2020-12-23T02:09:00.687-0400][gc,task        ] GC(369483) Using 4 workers of 4 for evacuation
[2020-12-23T02:09:00.695-0400][gc,phases      ] GC(369483)   Pre Evacuate Collection Set: 0.0ms
[2020-12-23T02:09:00.695-0400][gc,phases      ] GC(369483)   Evacuate Collection Set: 4.9ms
[2020-12-23T02:09:00.695-0400][gc,phases      ] GC(369483)   Post Evacuate Collection Set: 2.2ms
[2020-12-23T02:09:00.695-0400][gc,phases      ] GC(369483)   Other: 0.9ms
[2020-12-23T02:09:00.695-0400][gc,heap        ] GC(369483) Eden regions: 11->0(11)
[2020-12-23T02:09:00.695-0400][gc,heap        ] GC(369483) Survivor regions: 1->1(2)
[2020-12-23T02:09:00.695-0400][gc,heap        ] GC(369483) Old regions: 47->47
[2020-12-23T02:09:00.695-0400][gc,heap        ] GC(369483) Humongous regions: 4->4
[2020-12-23T02:09:00.695-0400][gc,metaspace   ] GC(369483) Metaspace: 61050K->61050K(1107968K)
[2020-12-23T02:09:00.695-0400][gc,heap        ] GC(369483) Heap after GC invocations=369460 (full 10706): garbage-first heap   total 73728K, used 49197K [0x0000000083000000, 0x0000000100000000)
[2020-12-23T02:09:00.695-0400][gc,heap        ] GC(369483)   region size 1024K, 1 young (1024K), 1 survivors (1024K)
[2020-12-23T02:09:00.695-0400][gc,heap        ] GC(369483)  Metaspace       used 61050K, capacity 63785K, committed 64768K, reserved 1107968K
[2020-12-23T02:09:00.695-0400][gc,heap        ] GC(369483)   class space    used 5722K, capacity 6577K, committed 6912K, reserved 1048576K
[2020-12-23T02:09:00.695-0400][gc             ] GC(369483) Pause Young (Normal) (G1 Evacuation Pause) 58M->48M(72M) 8.359ms
[2020-12-23T02:09:00.695-0400][gc,cpu         ] GC(369483) User=0.02s Sys=0.01s Real=0.00s
[2020-12-23T02:09:28.792-0400][gc,heap        ] GC(369484) Heap before GC invocations=369460 (full 10706): garbage-first heap   total 73728K, used 59437K [0x0000000083000000, 0x0000000100000000)
[2020-12-23T02:09:28.792-0400][gc,heap        ] GC(369484)   region size 1024K, 12 young (12288K), 1 survivors (1024K)
[2020-12-23T02:09:28.792-0400][gc,heap        ] GC(369484)  Metaspace       used 61050K, capacity 63785K, committed 64768K, reserved 1107968K
[2020-12-23T02:09:28.792-0400][gc,heap        ] GC(369484)   class space    used 5722K, capacity 6577K, committed 6912K, reserved 1048576K
[2020-12-23T02:09:28.793-0400][gc,start       ] GC(369484) Pause Young (Concurrent Start) (G1 Evacuation Pause)
[2020-12-23T02:09:28.793-0400][gc,task        ] GC(369484) Using 4 workers of 4 for evacuation
[2020-12-23T02:09:28.800-0400][gc,phases      ] GC(369484)   Pre Evacuate Collection Set: 0.2ms
[2020-12-23T02:09:28.800-0400][gc,phases      ] GC(369484)   Evacuate Collection Set: 4.7ms
[2020-12-23T02:09:28.800-0400][gc,phases      ] GC(369484)   Post Evacuate Collection Set: 1.4ms
[2020-12-23T02:09:28.800-0400][gc,phases      ] GC(369484)   Other: 1.0ms
[2020-12-23T02:09:28.800-0400][gc,heap        ] GC(369484) Eden regions: 11->0(11)
[2020-12-23T02:09:28.800-0400][gc,heap        ] GC(369484) Survivor regions: 1->1(2)
[2020-12-23T02:09:28.800-0400][gc,heap        ] GC(369484) Old regions: 47->47
[2020-12-23T02:09:28.800-0400][gc,heap        ] GC(369484) Humongous regions: 4->4
[2020-12-23T02:09:28.800-0400][gc,metaspace   ] GC(369484) Metaspace: 61050K->61050K(1107968K)
[2020-12-23T02:09:28.800-0400][gc,heap        ] GC(369484) Heap after GC invocations=369461 (full 10706): garbage-first heap   total 73728K, used 49250K [0x0000000083000000, 0x0000000100000000)
[2020-12-23T02:09:28.800-0400][gc,heap        ] GC(369484)   region size 1024K, 1 young (1024K), 1 survivors (1024K)
[2020-12-23T02:09:28.800-0400][gc,heap        ] GC(369484)  Metaspace       used 61050K, capacity 63785K, committed 64768K, reserved 1107968K
[2020-12-23T02:09:28.800-0400][gc,heap        ] GC(369484)   class space    used 5722K, capacity 6577K, committed 6912K, reserved 1048576K
[2020-12-23T02:09:28.800-0400][gc             ] GC(369484) Pause Young (Concurrent Start) (G1 Evacuation Pause) 59M->48M(72M) 7.796ms
[2020-12-23T02:09:28.800-0400][gc,cpu         ] GC(369484) User=0.01s Sys=0.01s Real=0.01s
[2020-12-23T02:09:28.801-0400][gc             ] GC(369485) Concurrent Cycle
[2020-12-23T02:09:28.801-0400][gc,marking     ] GC(369485) Concurrent Clear Claimed Marks
[2020-12-23T02:09:28.801-0400][gc,marking     ] GC(369485) Concurrent Clear Claimed Marks 0.342ms
[2020-12-23T02:09:28.801-0400][gc,marking     ] GC(369485) Concurrent Scan Root Regions
[2020-12-23T02:09:28.805-0400][gc,marking     ] GC(369485) Concurrent Scan Root Regions 3.588ms
[2020-12-23T02:09:28.805-0400][gc,marking     ] GC(369485) Concurrent Mark (3200283.560s)
[2020-12-23T02:09:28.805-0400][gc,marking     ] GC(369485) Concurrent Mark From Roots
[2020-12-23T02:09:28.805-0400][gc,task        ] GC(369485) Using 1 workers of 1 for marking
[2020-12-23T02:09:29.135-0400][gc,marking     ] GC(369485) Concurrent Mark From Roots 329.601ms
[2020-12-23T02:09:29.135-0400][gc,marking     ] GC(369485) Concurrent Preclean
[2020-12-23T02:09:29.136-0400][gc,marking     ] GC(369485) Concurrent Preclean 0.775ms
[2020-12-23T02:09:29.136-0400][gc,marking     ] GC(369485) Concurrent Mark (3200283.560s, 3200283.890s) 330.656ms
[2020-12-23T02:09:29.136-0400][gc,start       ] GC(369485) Pause Remark
[2020-12-23T02:09:29.176-0400][gc,stringtable ] GC(369485) Cleaned string and symbol table, strings: 32393 processed, 0 removed, symbols: 131487 processed, 0 removed
[2020-12-23T02:09:29.177-0400][gc             ] GC(369485) Pause Remark 48M->48M(72M) 40.600ms
[2020-12-23T02:09:29.177-0400][gc,cpu         ] GC(369485) User=0.15s Sys=0.00s Real=0.04s
[2020-12-23T02:09:29.177-0400][gc,marking     ] GC(369485) Concurrent Rebuild Remembered Sets
[2020-12-23T02:09:29.370-0400][gc,marking     ] GC(369485) Concurrent Rebuild Remembered Sets 192.535ms
[2020-12-23T02:09:29.371-0400][gc,start       ] GC(369485) Pause Cleanup
[2020-12-23T02:09:29.371-0400][gc             ] GC(369485) Pause Cleanup 48M->48M(72M) 0.480ms
[2020-12-23T02:09:29.371-0400][gc,cpu         ] GC(369485) User=0.01s Sys=0.00s Real=0.00s
[2020-12-23T02:09:29.372-0400][gc,marking     ] GC(369485) Concurrent Cleanup for Next Mark
[2020-12-23T02:09:29.373-0400][gc,marking     ] GC(369485) Concurrent Cleanup for Next Mark 0.961ms
[2020-12-23T02:09:29.373-0400][gc             ] GC(369485) Concurrent Cycle 572.073ms
[2020-12-23T02:10:02.155-0400][gc,heap        ] GC(369486) Heap before GC invocations=369462 (full 10706): garbage-first heap   total 73728K, used 59464K [0x0000000083000000, 0x0000000100000000)
[2020-12-23T02:10:02.155-0400][gc,heap        ] GC(369486)   region size 1024K, 12 young (12288K), 1 survivors (1024K)
[2020-12-23T02:10:02.155-0400][gc,heap        ] GC(369486)  Metaspace       used 61050K, capacity 63785K, committed 64768K, reserved 1107968K
[2020-12-23T02:10:02.155-0400][gc,heap        ] GC(369486)   class space    used 5722K, capacity 6577K, committed 6912K, reserved 1048576K
[2020-12-23T02:10:02.155-0400][gc,start       ] GC(369486) Pause Young (Normal) (G1 Evacuation Pause)
[2020-12-23T02:10:02.155-0400][gc,task        ] GC(369486) Using 4 workers of 4 for evacuation
[2020-12-23T02:10:02.162-0400][gc,phases      ] GC(369486)   Pre Evacuate Collection Set: 0.0ms
[2020-12-23T02:10:02.163-0400][gc,phases      ] GC(369486)   Evacuate Collection Set: 5.2ms
[2020-12-23T02:10:02.163-0400][gc,phases      ] GC(369486)   Post Evacuate Collection Set: 1.7ms
[2020-12-23T02:10:02.163-0400][gc,phases      ] GC(369486)   Other: 0.9ms
[2020-12-23T02:10:02.163-0400][gc,heap        ] GC(369486) Eden regions: 11->0(11)
[2020-12-23T02:10:02.163-0400][gc,heap        ] GC(369486) Survivor regions: 1->1(2)
[2020-12-23T02:10:02.163-0400][gc,heap        ] GC(369486) Old regions: 46->46
[2020-12-23T02:10:02.163-0400][gc,heap        ] GC(369486) Humongous regions: 4->4
[2020-12-23T02:10:02.163-0400][gc,metaspace   ] GC(369486) Metaspace: 61050K->61050K(1107968K)
[2020-12-23T02:10:02.163-0400][gc,heap        ] GC(369486) Heap after GC invocations=369463 (full 10706): garbage-first heap   total 73728K, used 49260K [0x0000000083000000, 0x0000000100000000)
[2020-12-23T02:10:02.163-0400][gc,heap        ] GC(369486)   region size 1024K, 1 young (1024K), 1 survivors (1024K)
[2020-12-23T02:10:02.163-0400][gc,heap        ] GC(369486)  Metaspace       used 61050K, capacity 63785K, committed 64768K, reserved 1107968K
[2020-12-23T02:10:02.163-0400][gc,heap        ] GC(369486)   class space    used 5722K, capacity 6577K, committed 6912K, reserved 1048576K
[2020-12-23T02:10:02.163-0400][gc             ] GC(369486) Pause Young (Normal) (G1 Evacuation Pause) 59M->48M(72M) 8.241ms
[2020-12-23T02:10:02.163-0400][gc,cpu         ] GC(369486) User=0.01s Sys=0.01s Real=0.01s
[2020-12-23T02:10:24.602-0400][gc,heap        ] GC(369487) Heap before GC invocations=369463 (full 10706): garbage-first heap   total 73728K, used 59500K [0x0000000083000000, 0x0000000100000000)
[2020-12-23T02:10:24.603-0400][gc,heap        ] GC(369487)   region size 1024K, 12 young (12288K), 1 survivors (1024K)
[2020-12-23T02:10:24.603-0400][gc,heap        ] GC(369487)  Metaspace       used 61050K, capacity 63785K, committed 64768K, reserved 1107968K
[2020-12-23T02:10:24.603-0400][gc,heap        ] GC(369487)   class space    used 5722K, capacity 6577K, committed 6912K, reserved 1048576K
[2020-12-23T02:10:24.603-0400][gc,start       ] GC(369487) Pause Young (Concurrent Start) (G1 Evacuation Pause)
[2020-12-23T02:10:24.603-0400][gc,task        ] GC(369487) Using 4 workers of 4 for evacuation
[2020-12-23T02:10:24.613-0400][gc,phases      ] GC(369487)   Pre Evacuate Collection Set: 0.3ms
[2020-12-23T02:10:24.613-0400][gc,phases      ] GC(369487)   Evacuate Collection Set: 6.0ms
[2020-12-23T02:10:24.613-0400][gc,phases      ] GC(369487)   Post Evacuate Collection Set: 3.0ms
[2020-12-23T02:10:24.614-0400][gc,phases      ] GC(369487)   Other: 1.4ms
[2020-12-23T02:10:24.614-0400][gc,heap        ] GC(369487) Eden regions: 11->0(11)
[2020-12-23T02:10:24.614-0400][gc,heap        ] GC(369487) Survivor regions: 1->1(2)
[2020-12-23T02:10:24.614-0400][gc,heap        ] GC(369487) Old regions: 46->46
[2020-12-23T02:10:24.614-0400][gc,heap        ] GC(369487) Humongous regions: 4->4
[2020-12-23T02:10:24.614-0400][gc,metaspace   ] GC(369487) Metaspace: 61050K->61050K(1107968K)
[2020-12-23T02:10:24.614-0400][gc,heap        ] GC(369487) Heap after GC invocations=369464 (full 10706): garbage-first heap   total 73728K, used 49263K [0x0000000083000000, 0x0000000100000000)
[2020-12-23T02:10:24.614-0400][gc,heap        ] GC(369487)   region size 1024K, 1 young (1024K), 1 survivors (1024K)
[2020-12-23T02:10:24.614-0400][gc,heap        ] GC(369487)  Metaspace       used 61050K, capacity 63785K, committed 64768K, reserved 1107968K
[2020-12-23T02:10:24.615-0400][gc,heap        ] GC(369487)   class space    used 5722K, capacity 6577K, committed 6912K, reserved 1048576K
[2020-12-23T02:10:24.615-0400][gc             ] GC(369487) Pause Young (Concurrent Start) (G1 Evacuation Pause) 59M->48M(72M) 11.835ms
[2020-12-23T02:10:24.615-0400][gc,cpu         ] GC(369487) User=0.03s Sys=0.00s Real=0.01s
[2020-12-23T02:10:24.616-0400][gc             ] GC(369488) Concurrent Cycle
[2020-12-23T02:10:24.616-0400][gc,marking     ] GC(369488) Concurrent Clear Claimed Marks
[2020-12-23T02:10:24.616-0400][gc,marking     ] GC(369488) Concurrent Clear Claimed Marks 0.333ms
[2020-12-23T02:10:24.617-0400][gc,marking     ] GC(369488) Concurrent Scan Root Regions
[2020-12-23T02:10:24.621-0400][gc,marking     ] GC(369488) Concurrent Scan Root Regions 4.117ms
[2020-12-23T02:10:24.621-0400][gc,marking     ] GC(369488) Concurrent Mark (3200339.376s)
[2020-12-23T02:10:24.621-0400][gc,marking     ] GC(369488) Concurrent Mark From Roots
[2020-12-23T02:10:24.621-0400][gc,task        ] GC(369488) Using 1 workers of 1 for marking
[2020-12-23T02:10:24.945-0400][gc,marking     ] GC(369488) Concurrent Mark From Roots 324.260ms
[2020-12-23T02:10:24.945-0400][gc,marking     ] GC(369488) Concurrent Preclean
[2020-12-23T02:10:24.946-0400][gc,marking     ] GC(369488) Concurrent Preclean 0.697ms
[2020-12-23T02:10:24.946-0400][gc,marking     ] GC(369488) Concurrent Mark (3200339.376s, 3200339.701s) 325.259ms
[2020-12-23T02:10:24.947-0400][gc,start       ] GC(369488) Pause Remark
[2020-12-23T02:10:24.988-0400][gc,stringtable ] GC(369488) Cleaned string and symbol table, strings: 32393 processed, 0 removed, symbols: 131487 processed, 0 removed
[2020-12-23T02:10:24.989-0400][gc             ] GC(369488) Pause Remark 48M->48M(72M) 41.587ms
[2020-12-23T02:10:24.989-0400][gc,cpu         ] GC(369488) User=0.10s Sys=0.06s Real=0.04s
[2020-12-23T02:10:24.989-0400][gc,marking     ] GC(369488) Concurrent Rebuild Remembered Sets
[2020-12-23T02:10:25.182-0400][gc,marking     ] GC(369488) Concurrent Rebuild Remembered Sets 192.606ms
[2020-12-23T02:10:25.182-0400][gc,start       ] GC(369488) Pause Cleanup
[2020-12-23T02:10:25.183-0400][gc             ] GC(369488) Pause Cleanup 48M->48M(72M) 0.489ms
[2020-12-23T02:10:25.183-0400][gc,cpu         ] GC(369488) User=0.00s Sys=0.00s Real=0.00s
[2020-12-23T02:10:25.183-0400][gc,marking     ] GC(369488) Concurrent Cleanup for Next Mark
[2020-12-23T02:10:25.184-0400][gc,marking     ] GC(369488) Concurrent Cleanup for Next Mark 0.925ms
[2020-12-23T02:10:25.184-0400][gc             ] GC(369488) Concurrent Cycle 568.636ms
[2020-12-23T02:11:03.352-0400][gc,heap        ] GC(369489) Heap before GC invocations=369465 (full 10706): garbage-first heap   total 73728K, used 59503K [0x0000000083000000, 0x0000000100000000)
[2020-12-23T02:11:03.352-0400][gc,heap        ] GC(369489)   region size 1024K, 12 young (12288K), 1 survivors (1024K)
[2020-12-23T02:11:03.352-0400][gc,heap        ] GC(369489)  Metaspace       used 61050K, capacity 63785K, committed 64768K, reserved 1107968K
[2020-12-23T02:11:03.352-0400][gc,heap        ] GC(369489)   class space    used 5722K, capacity 6577K, committed 6912K, reserved 1048576K
[2020-12-23T02:11:03.353-0400][gc,start       ] GC(369489) Pause Young (Normal) (G1 Evacuation Pause)
[2020-12-23T02:11:03.353-0400][gc,task        ] GC(369489) Using 4 workers of 4 for evacuation
[2020-12-23T02:11:03.360-0400][gc,phases      ] GC(369489)   Pre Evacuate Collection Set: 0.0ms
[2020-12-23T02:11:03.360-0400][gc,phases      ] GC(369489)   Evacuate Collection Set: 5.1ms
[2020-12-23T02:11:03.360-0400][gc,phases      ] GC(369489)   Post Evacuate Collection Set: 1.8ms
[2020-12-23T02:11:03.360-0400][gc,phases      ] GC(369489)   Other: 0.9ms
[2020-12-23T02:11:03.360-0400][gc,heap        ] GC(369489) Eden regions: 11->0(11)
[2020-12-23T02:11:03.360-0400][gc,heap        ] GC(369489) Survivor regions: 1->1(2)
[2020-12-23T02:11:03.360-0400][gc,heap        ] GC(369489) Old regions: 46->46
[2020-12-23T02:11:03.361-0400][gc,heap        ] GC(369489) Humongous regions: 4->4
[2020-12-23T02:11:03.361-0400][gc,metaspace   ] GC(369489) Metaspace: 61050K->61050K(1107968K)
[2020-12-23T02:11:03.361-0400][gc,heap        ] GC(369489) Heap after GC invocations=369466 (full 10706): garbage-first heap   total 73728K, used 49286K [0x0000000083000000, 0x0000000100000000)
[2020-12-23T02:11:03.361-0400][gc,heap        ] GC(369489)   region size 1024K, 1 young (1024K), 1 survivors (1024K)
[2020-12-23T02:11:03.361-0400][gc,heap        ] GC(369489)  Metaspace       used 61050K, capacity 63785K, committed 64768K, reserved 1107968K
[2020-12-23T02:11:03.361-0400][gc,heap        ] GC(369489)   class space    used 5722K, capacity 6577K, committed 6912K, reserved 1048576K
[2020-12-23T02:11:03.361-0400][gc             ] GC(369489) Pause Young (Normal) (G1 Evacuation Pause) 59M->48M(72M) 8.222ms
[2020-12-23T02:11:03.361-0400][gc,cpu         ] GC(369489) User=0.03s Sys=0.00s Real=0.01s
[2020-12-23T02:11:35.470-0400][gc,heap        ] GC(369490) Heap before GC invocations=369466 (full 10706): garbage-first heap   total 73728K, used 59526K [0x0000000083000000, 0x0000000100000000)
[2020-12-23T02:11:35.470-0400][gc,heap        ] GC(369490)   region size 1024K, 12 young (12288K), 1 survivors (1024K)
[2020-12-23T02:11:35.470-0400][gc,heap        ] GC(369490)  Metaspace       used 61050K, capacity 63785K, committed 64768K, reserved 1107968K
[2020-12-23T02:11:35.470-0400][gc,heap        ] GC(369490)   class space    used 5722K, capacity 6577K, committed 6912K, reserved 1048576K
[2020-12-23T02:11:35.470-0400][gc,start       ] GC(369490) Pause Young (Concurrent Start) (G1 Evacuation Pause)
[2020-12-23T02:11:35.470-0400][gc,task        ] GC(369490) Using 4 workers of 4 for evacuation
[2020-12-23T02:11:35.478-0400][gc,phases      ] GC(369490)   Pre Evacuate Collection Set: 0.2ms
[2020-12-23T02:11:35.478-0400][gc,phases      ] GC(369490)   Evacuate Collection Set: 5.1ms
[2020-12-23T02:11:35.478-0400][gc,phases      ] GC(369490)   Post Evacuate Collection Set: 1.5ms
[2020-12-23T02:11:35.478-0400][gc,phases      ] GC(369490)   Other: 1.0ms
[2020-12-23T02:11:35.478-0400][gc,heap        ] GC(369490) Eden regions: 11->0(11)
[2020-12-23T02:11:35.478-0400][gc,heap        ] GC(369490) Survivor regions: 1->1(2)
[2020-12-23T02:11:35.478-0400][gc,heap        ] GC(369490) Old regions: 46->46
[2020-12-23T02:11:35.478-0400][gc,heap        ] GC(369490) Humongous regions: 4->4
[2020-12-23T02:11:35.478-0400][gc,metaspace   ] GC(369490) Metaspace: 61050K->61050K(1107968K)
[2020-12-23T02:11:35.478-0400][gc,heap        ] GC(369490) Heap after GC invocations=369467 (full 10706): garbage-first heap   total 73728K, used 49348K [0x0000000083000000, 0x0000000100000000)
[2020-12-23T02:11:35.478-0400][gc,heap        ] GC(369490)   region size 1024K, 1 young (1024K), 1 survivors (1024K)
[2020-12-23T02:11:35.478-0400][gc,heap        ] GC(369490)  Metaspace       used 61050K, capacity 63785K, committed 64768K, reserved 1107968K
[2020-12-23T02:11:35.478-0400][gc,heap        ] GC(369490)   class space    used 5722K, capacity 6577K, committed 6912K, reserved 1048576K
[2020-12-23T02:11:35.478-0400][gc             ] GC(369490) Pause Young (Concurrent Start) (G1 Evacuation Pause) 59M->48M(72M) 8.167ms
[2020-12-23T02:11:35.479-0400][gc,cpu         ] GC(369490) User=0.02s Sys=0.01s Real=0.01s
[2020-12-23T02:11:35.479-0400][gc             ] GC(369491) Concurrent Cycle
[2020-12-23T02:11:35.479-0400][gc,marking     ] GC(369491) Concurrent Clear Claimed Marks
[2020-12-23T02:11:35.479-0400][gc,marking     ] GC(369491) Concurrent Clear Claimed Marks 0.272ms
[2020-12-23T02:11:35.479-0400][gc,marking     ] GC(369491) Concurrent Scan Root Regions
[2020-12-23T02:11:35.483-0400][gc,marking     ] GC(369491) Concurrent Scan Root Regions 3.771ms
[2020-12-23T02:11:35.483-0400][gc,marking     ] GC(369491) Concurrent Mark (3200410.238s)
[2020-12-23T02:11:35.483-0400][gc,marking     ] GC(369491) Concurrent Mark From Roots
[2020-12-23T02:11:35.483-0400][gc,task        ] GC(369491) Using 1 workers of 1 for marking
[2020-12-23T02:11:35.810-0400][gc,marking     ] GC(369491) Concurrent Mark From Roots 326.722ms
[2020-12-23T02:11:35.810-0400][gc,marking     ] GC(369491) Concurrent Preclean
[2020-12-23T02:11:35.811-0400][gc,marking     ] GC(369491) Concurrent Preclean 1.062ms
[2020-12-23T02:11:35.811-0400][gc,marking     ] GC(369491) Concurrent Mark (3200410.238s, 3200410.566s) 328.052ms
[2020-12-23T02:11:35.812-0400][gc,start       ] GC(369491) Pause Remark
[2020-12-23T02:11:35.853-0400][gc,stringtable ] GC(369491) Cleaned string and symbol table, strings: 32393 processed, 0 removed, symbols: 131487 processed, 0 removed
[2020-12-23T02:11:35.853-0400][gc             ] GC(369491) Pause Remark 48M->48M(72M) 41.427ms
[2020-12-23T02:11:35.853-0400][gc,cpu         ] GC(369491) User=0.15s Sys=0.00s Real=0.04s
[2020-12-23T02:11:35.854-0400][gc,marking     ] GC(369491) Concurrent Rebuild Remembered Sets
[2020-12-23T02:11:36.046-0400][gc,marking     ] GC(369491) Concurrent Rebuild Remembered Sets 191.750ms
[2020-12-23T02:11:36.046-0400][gc,start       ] GC(369491) Pause Cleanup
[2020-12-23T02:11:36.047-0400][gc             ] GC(369491) Pause Cleanup 48M->48M(72M) 0.487ms
[2020-12-23T02:11:36.047-0400][gc,cpu         ] GC(369491) User=0.00s Sys=0.00s Real=0.00s
[2020-12-23T02:11:36.047-0400][gc,marking     ] GC(369491) Concurrent Cleanup for Next Mark
[2020-12-23T02:11:36.048-0400][gc,marking     ] GC(369491) Concurrent Cleanup for Next Mark 1.086ms
[2020-12-23T02:11:36.048-0400][gc             ] GC(369491) Concurrent Cycle 569.729ms
[2020-12-23T02:11:50.924-0400][gc,task        ] GC(369492) Using 3 workers of 4 for full compaction
[2020-12-23T02:11:50.924-0400][gc,start       ] GC(369492) Pause Full (System.gc())
[2020-12-23T02:11:50.924-0400][gc,heap        ] GC(369492) Heap before GC invocations=369468 (full 10706): garbage-first heap   total 73728K, used 51396K [0x0000000083000000, 0x0000000100000000)
[2020-12-23T02:11:50.924-0400][gc,heap        ] GC(369492)   region size 1024K, 5 young (5120K), 1 survivors (1024K)
[2020-12-23T02:11:50.924-0400][gc,heap        ] GC(369492)  Metaspace       used 61050K, capacity 63785K, committed 64768K, reserved 1107968K
[2020-12-23T02:11:50.924-0400][gc,heap        ] GC(369492)   class space    used 5722K, capacity 6577K, committed 6912K, reserved 1048576K
[2020-12-23T02:11:50.927-0400][gc,phases,start] GC(369492) Phase 1: Mark live objects
[2020-12-23T02:11:51.068-0400][gc,stringtable ] GC(369492) Cleaned string and symbol table, strings: 32393 processed, 0 removed, symbols: 131487 processed, 0 removed
[2020-12-23T02:11:51.069-0400][gc,phases      ] GC(369492) Phase 1: Mark live objects 142.110ms
[2020-12-23T02:11:51.069-0400][gc,phases,start] GC(369492) Phase 2: Prepare for compaction
[2020-12-23T02:11:51.099-0400][gc,phases      ] GC(369492) Phase 2: Prepare for compaction 29.750ms
[2020-12-23T02:11:51.099-0400][gc,phases,start] GC(369492) Phase 3: Adjust pointers
[2020-12-23T02:11:51.180-0400][gc,phases      ] GC(369492) Phase 3: Adjust pointers 81.529ms
[2020-12-23T02:11:51.180-0400][gc,phases,start] GC(369492) Phase 4: Compact heap
[2020-12-23T02:11:51.200-0400][gc,phases      ] GC(369492) Phase 4: Compact heap 19.681ms
[2020-12-23T02:11:51.236-0400][gc,heap        ] GC(369492) Eden regions: 4->0(12)
[2020-12-23T02:11:51.236-0400][gc,heap        ] GC(369492) Survivor regions: 1->0(2)
[2020-12-23T02:11:51.236-0400][gc,heap        ] GC(369492) Old regions: 46->46
[2020-12-23T02:11:51.236-0400][gc,heap        ] GC(369492) Humongous regions: 4->4
[2020-12-23T02:11:51.236-0400][gc,metaspace   ] GC(369492) Metaspace: 61050K->61050K(1107968K)
[2020-12-23T02:11:51.236-0400][gc,heap        ] GC(369492) Heap after GC invocations=369469 (full 10707): garbage-first heap   total 73728K, used 48830K [0x0000000083000000, 0x0000000100000000)
[2020-12-23T02:11:51.236-0400][gc,heap        ] GC(369492)   region size 1024K, 0 young (0K), 0 survivors (0K)
[2020-12-23T02:11:51.236-0400][gc,heap        ] GC(369492)  Metaspace       used 61050K, capacity 63785K, committed 64768K, reserved 1107968K
[2020-12-23T02:11:51.236-0400][gc,heap        ] GC(369492)   class space    used 5722K, capacity 6577K, committed 6912K, reserved 1048576K
[2020-12-23T02:11:51.236-0400][gc             ] GC(369492) Pause Full (System.gc()) 51M->47M(72M) 312.289ms
[2020-12-23T02:11:51.237-0400][gc,cpu         ] GC(369492) User=0.84s Sys=0.00s Real=0.32s
[2020-12-23T02:12:23.526-0400][gc,heap        ] GC(369493) Heap before GC invocations=369469 (full 10707): garbage-first heap   total 73728K, used 61118K [0x0000000083000000, 0x0000000100000000)
[2020-12-23T02:12:23.526-0400][gc,heap        ] GC(369493)   region size 1024K, 12 young (12288K), 0 survivors (0K)
[2020-12-23T02:12:23.527-0400][gc,heap        ] GC(369493)  Metaspace       used 61050K, capacity 63785K, committed 64768K, reserved 1107968K
[2020-12-23T02:12:23.527-0400][gc,heap        ] GC(369493)   class space    used 5722K, capacity 6577K, committed 6912K, reserved 1048576K
[2020-12-23T02:12:23.527-0400][gc,start       ] GC(369493) Pause Young (Concurrent Start) (G1 Evacuation Pause)
[2020-12-23T02:12:23.527-0400][gc,task        ] GC(369493) Using 4 workers of 4 for evacuation
[2020-12-23T02:12:23.534-0400][gc,phases      ] GC(369493)   Pre Evacuate Collection Set: 0.2ms
[2020-12-23T02:12:23.534-0400][gc,phases      ] GC(369493)   Evacuate Collection Set: 4.5ms
[2020-12-23T02:12:23.534-0400][gc,phases      ] GC(369493)   Post Evacuate Collection Set: 1.9ms
[2020-12-23T02:12:23.534-0400][gc,phases      ] GC(369493)   Other: 1.0ms
[2020-12-23T02:12:23.534-0400][gc,heap        ] GC(369493) Eden regions: 12->0(11)
[2020-12-23T02:12:23.534-0400][gc,heap        ] GC(369493) Survivor regions: 0->1(2)
[2020-12-23T02:12:23.534-0400][gc,heap        ] GC(369493) Old regions: 46->46
[2020-12-23T02:12:23.534-0400][gc,heap        ] GC(369493) Humongous regions: 4->4
[2020-12-23T02:12:23.534-0400][gc,metaspace   ] GC(369493) Metaspace: 61050K->61050K(1107968K)
[2020-12-23T02:12:23.535-0400][gc,heap        ] GC(369493) Heap after GC invocations=369470 (full 10707): garbage-first heap   total 73728K, used 49172K [0x0000000083000000, 0x0000000100000000)
[2020-12-23T02:12:23.535-0400][gc,heap        ] GC(369493)   region size 1024K, 1 young (1024K), 1 survivors (1024K)
[2020-12-23T02:12:23.535-0400][gc,heap        ] GC(369493)  Metaspace       used 61050K, capacity 63785K, committed 64768K, reserved 1107968K
[2020-12-23T02:12:23.535-0400][gc,heap        ] GC(369493)   class space    used 5722K, capacity 6577K, committed 6912K, reserved 1048576K
[2020-12-23T02:12:23.535-0400][gc             ] GC(369493) Pause Young (Concurrent Start) (G1 Evacuation Pause) 59M->48M(72M) 8.038ms
[2020-12-23T02:12:23.535-0400][gc,cpu         ] GC(369493) User=0.01s Sys=0.01s Real=0.00s
[2020-12-23T02:12:23.535-0400][gc             ] GC(369494) Concurrent Cycle
[2020-12-23T02:12:23.535-0400][gc,marking     ] GC(369494) Concurrent Clear Claimed Marks
[2020-12-23T02:12:23.536-0400][gc,marking     ] GC(369494) Concurrent Clear Claimed Marks 1.307ms
[2020-12-23T02:12:23.537-0400][gc,marking     ] GC(369494) Concurrent Scan Root Regions
[2020-12-23T02:12:23.540-0400][gc,marking     ] GC(369494) Concurrent Scan Root Regions 3.290ms
[2020-12-23T02:12:23.540-0400][gc,marking     ] GC(369494) Concurrent Mark (3200458.295s)
[2020-12-23T02:12:23.540-0400][gc,marking     ] GC(369494) Concurrent Mark From Roots
[2020-12-23T02:12:23.540-0400][gc,task        ] GC(369494) Using 1 workers of 1 for marking
[2020-12-23T02:12:23.865-0400][gc,marking     ] GC(369494) Concurrent Mark From Roots 324.397ms
[2020-12-23T02:12:23.865-0400][gc,marking     ] GC(369494) Concurrent Preclean
[2020-12-23T02:12:23.865-0400][gc,marking     ] GC(369494) Concurrent Preclean 0.629ms
[2020-12-23T02:12:23.865-0400][gc,marking     ] GC(369494) Concurrent Mark (3200458.295s, 3200458.620s) 325.321ms
[2020-12-23T02:12:23.866-0400][gc,start       ] GC(369494) Pause Remark
[2020-12-23T02:12:23.906-0400][gc,stringtable ] GC(369494) Cleaned string and symbol table, strings: 32393 processed, 0 removed, symbols: 131487 processed, 0 removed
[2020-12-23T02:12:23.907-0400][gc             ] GC(369494) Pause Remark 48M->48M(72M) 41.197ms
[2020-12-23T02:12:23.908-0400][gc,cpu         ] GC(369494) User=0.16s Sys=0.00s Real=0.04s
[2020-12-23T02:12:23.908-0400][gc,marking     ] GC(369494) Concurrent Rebuild Remembered Sets
[2020-12-23T02:12:24.101-0400][gc,marking     ] GC(369494) Concurrent Rebuild Remembered Sets 193.391ms
[2020-12-23T02:12:24.102-0400][gc,start       ] GC(369494) Pause Cleanup
[2020-12-23T02:12:24.102-0400][gc             ] GC(369494) Pause Cleanup 49M->49M(72M) 0.467ms
[2020-12-23T02:12:24.103-0400][gc,cpu         ] GC(369494) User=0.01s Sys=0.00s Real=0.00s
[2020-12-23T02:12:24.103-0400][gc,marking     ] GC(369494) Concurrent Cleanup for Next Mark
[2020-12-23T02:12:24.104-0400][gc,marking     ] GC(369494) Concurrent Cleanup for Next Mark 0.893ms
[2020-12-23T02:12:24.104-0400][gc             ] GC(369494) Concurrent Cycle 568.844ms
[2020-12-23T02:13:00.024-0400][gc,heap        ] GC(369495) Heap before GC invocations=369471 (full 10707): garbage-first heap   total 73728K, used 59412K [0x0000000083000000, 0x0000000100000000)
[2020-12-23T02:13:00.024-0400][gc,heap        ] GC(369495)   region size 1024K, 12 young (12288K), 1 survivors (1024K)
[2020-12-23T02:13:00.024-0400][gc,heap        ] GC(369495)  Metaspace       used 61050K, capacity 63785K, committed 64768K, reserved 1107968K
[2020-12-23T02:13:00.024-0400][gc,heap        ] GC(369495)   class space    used 5722K, capacity 6577K, committed 6912K, reserved 1048576K
[2020-12-23T02:13:00.024-0400][gc,start       ] GC(369495) Pause Young (Normal) (G1 Evacuation Pause)
[2020-12-23T02:13:00.024-0400][gc,task        ] GC(369495) Using 4 workers of 4 for evacuation
[2020-12-23T02:13:00.032-0400][gc,phases      ] GC(369495)   Pre Evacuate Collection Set: 0.0ms
[2020-12-23T02:13:00.032-0400][gc,phases      ] GC(369495)   Evacuate Collection Set: 5.3ms
[2020-12-23T02:13:00.032-0400][gc,phases      ] GC(369495)   Post Evacuate Collection Set: 1.6ms
[2020-12-23T02:13:00.032-0400][gc,phases      ] GC(369495)   Other: 0.9ms
[2020-12-23T02:13:00.032-0400][gc,heap        ] GC(369495) Eden regions: 11->0(11)
[2020-12-23T02:13:00.032-0400][gc,heap        ] GC(369495) Survivor regions: 1->1(2)
[2020-12-23T02:13:00.032-0400][gc,heap        ] GC(369495) Old regions: 46->46
[2020-12-23T02:13:00.032-0400][gc,heap        ] GC(369495) Humongous regions: 4->4
[2020-12-23T02:13:00.032-0400][gc,metaspace   ] GC(369495) Metaspace: 61050K->61050K(1107968K)
[2020-12-23T02:13:00.032-0400][gc,heap        ] GC(369495) Heap after GC invocations=369472 (full 10707): garbage-first heap   total 73728K, used 49272K [0x0000000083000000, 0x0000000100000000)
[2020-12-23T02:13:00.032-0400][gc,heap        ] GC(369495)   region size 1024K, 1 young (1024K), 1 survivors (1024K)
[2020-12-23T02:13:00.032-0400][gc,heap        ] GC(369495)  Metaspace       used 61050K, capacity 63785K, committed 64768K, reserved 1107968K
[2020-12-23T02:13:00.032-0400][gc,heap        ] GC(369495)   class space    used 5722K, capacity 6577K, committed 6912K, reserved 1048576K
[2020-12-23T02:13:00.032-0400][gc             ] GC(369495) Pause Young (Normal) (G1 Evacuation Pause) 59M->48M(72M) 8.168ms
[2020-12-23T02:13:00.033-0400][gc,cpu         ] GC(369495) User=0.02s Sys=0.00s Real=0.01s
[2020-12-23T02:13:39.552-0400][gc,heap        ] GC(369496) Heap before GC invocations=369472 (full 10707): garbage-first heap   total 73728K, used 59512K [0x0000000083000000, 0x0000000100000000)
[2020-12-23T02:13:39.552-0400][gc,heap        ] GC(369496)   region size 1024K, 12 young (12288K), 1 survivors (1024K)
[2020-12-23T02:13:39.552-0400][gc,heap        ] GC(369496)  Metaspace       used 61050K, capacity 63785K, committed 64768K, reserved 1107968K
[2020-12-23T02:13:39.552-0400][gc,heap        ] GC(369496)   class space    used 5722K, capacity 6577K, committed 6912K, reserved 1048576K
[2020-12-23T02:13:39.552-0400][gc,start       ] GC(369496) Pause Young (Concurrent Start) (G1 Evacuation Pause)
[2020-12-23T02:13:39.552-0400][gc,task        ] GC(369496) Using 4 workers of 4 for evacuation
[2020-12-23T02:13:39.560-0400][gc,phases      ] GC(369496)   Pre Evacuate Collection Set: 0.2ms
[2020-12-23T02:13:39.560-0400][gc,phases      ] GC(369496)   Evacuate Collection Set: 4.8ms
[2020-12-23T02:13:39.560-0400][gc,phases      ] GC(369496)   Post Evacuate Collection Set: 1.7ms
[2020-12-23T02:13:39.560-0400][gc,phases      ] GC(369496)   Other: 1.0ms
[2020-12-23T02:13:39.560-0400][gc,heap        ] GC(369496) Eden regions: 11->0(11)
[2020-12-23T02:13:39.560-0400][gc,heap        ] GC(369496) Survivor regions: 1->1(2)
[2020-12-23T02:13:39.560-0400][gc,heap        ] GC(369496) Old regions: 46->46
[2020-12-23T02:13:39.560-0400][gc,heap        ] GC(369496) Humongous regions: 4->4
[2020-12-23T02:13:39.560-0400][gc,metaspace   ] GC(369496) Metaspace: 61050K->61050K(1107968K)
[2020-12-23T02:13:39.560-0400][gc,heap        ] GC(369496) Heap after GC invocations=369473 (full 10707): garbage-first heap   total 73728K, used 49265K [0x0000000083000000, 0x0000000100000000)
[2020-12-23T02:13:39.560-0400][gc,heap        ] GC(369496)   region size 1024K, 1 young (1024K), 1 survivors (1024K)
[2020-12-23T02:13:39.560-0400][gc,heap        ] GC(369496)  Metaspace       used 61050K, capacity 63785K, committed 64768K, reserved 1107968K
[2020-12-23T02:13:39.560-0400][gc,heap        ] GC(369496)   class space    used 5722K, capacity 6577K, committed 6912K, reserved 1048576K
[2020-12-23T02:13:39.560-0400][gc             ] GC(369496) Pause Young (Concurrent Start) (G1 Evacuation Pause) 59M->48M(72M) 8.074ms
[2020-12-23T02:13:39.561-0400][gc,cpu         ] GC(369496) User=0.01s Sys=0.01s Real=0.01s
[2020-12-23T02:13:39.561-0400][gc             ] GC(369497) Concurrent Cycle
[2020-12-23T02:13:39.561-0400][gc,marking     ] GC(369497) Concurrent Clear Claimed Marks
[2020-12-23T02:13:39.561-0400][gc,marking     ] GC(369497) Concurrent Clear Claimed Marks 0.331ms
[2020-12-23T02:13:39.561-0400][gc,marking     ] GC(369497) Concurrent Scan Root Regions
[2020-12-23T02:13:39.565-0400][gc,marking     ] GC(369497) Concurrent Scan Root Regions 3.436ms
[2020-12-23T02:13:39.565-0400][gc,marking     ] GC(369497) Concurrent Mark (3200534.319s)
[2020-12-23T02:13:39.565-0400][gc,marking     ] GC(369497) Concurrent Mark From Roots
[2020-12-23T02:13:39.565-0400][gc,task        ] GC(369497) Using 1 workers of 1 for marking
[2020-12-23T02:13:39.884-0400][gc,marking     ] GC(369497) Concurrent Mark From Roots 319.458ms
[2020-12-23T02:13:39.885-0400][gc,marking     ] GC(369497) Concurrent Preclean
[2020-12-23T02:13:39.885-0400][gc,marking     ] GC(369497) Concurrent Preclean 0.657ms
[2020-12-23T02:13:39.885-0400][gc,marking     ] GC(369497) Concurrent Mark (3200534.319s, 3200534.640s) 320.361ms
[2020-12-23T02:13:39.886-0400][gc,start       ] GC(369497) Pause Remark
[2020-12-23T02:13:39.926-0400][gc,stringtable ] GC(369497) Cleaned string and symbol table, strings: 32393 processed, 0 removed, symbols: 131487 processed, 0 removed
[2020-12-23T02:13:39.927-0400][gc             ] GC(369497) Pause Remark 48M->48M(72M) 40.855ms
[2020-12-23T02:13:39.927-0400][gc,cpu         ] GC(369497) User=0.10s Sys=0.06s Real=0.04s
[2020-12-23T02:13:39.927-0400][gc,marking     ] GC(369497) Concurrent Rebuild Remembered Sets
[2020-12-23T02:13:40.114-0400][gc,marking     ] GC(369497) Concurrent Rebuild Remembered Sets 186.678ms
[2020-12-23T02:13:40.115-0400][gc,start       ] GC(369497) Pause Cleanup
[2020-12-23T02:13:40.115-0400][gc             ] GC(369497) Pause Cleanup 48M->48M(72M) 0.426ms
[2020-12-23T02:13:40.115-0400][gc,cpu         ] GC(369497) User=0.00s Sys=0.00s Real=0.00s
[2020-12-23T02:13:40.116-0400][gc,marking     ] GC(369497) Concurrent Cleanup for Next Mark
[2020-12-23T02:13:40.116-0400][gc,marking     ] GC(369497) Concurrent Cleanup for Next Mark 0.930ms
[2020-12-23T02:13:40.117-0400][gc             ] GC(369497) Concurrent Cycle 555.823ms
[2020-12-23T02:14:12.313-0400][gc,heap        ] GC(369498) Heap before GC invocations=369474 (full 10707): garbage-first heap   total 73728K, used 59505K [0x0000000083000000, 0x0000000100000000)
[2020-12-23T02:14:12.313-0400][gc,heap        ] GC(369498)   region size 1024K, 12 young (12288K), 1 survivors (1024K)
[2020-12-23T02:14:12.313-0400][gc,heap        ] GC(369498)  Metaspace       used 61050K, capacity 63785K, committed 64768K, reserved 1107968K
[2020-12-23T02:14:12.313-0400][gc,heap        ] GC(369498)   class space    used 5722K, capacity 6577K, committed 6912K, reserved 1048576K
[2020-12-23T02:14:12.313-0400][gc,start       ] GC(369498) Pause Young (Normal) (G1 Evacuation Pause)
[2020-12-23T02:14:12.313-0400][gc,task        ] GC(369498) Using 4 workers of 4 for evacuation
[2020-12-23T02:14:12.320-0400][gc,phases      ] GC(369498)   Pre Evacuate Collection Set: 0.0ms
[2020-12-23T02:14:12.320-0400][gc,phases      ] GC(369498)   Evacuate Collection Set: 4.8ms
[2020-12-23T02:14:12.320-0400][gc,phases      ] GC(369498)   Post Evacuate Collection Set: 1.7ms
[2020-12-23T02:14:12.321-0400][gc,phases      ] GC(369498)   Other: 0.9ms
[2020-12-23T02:14:12.321-0400][gc,heap        ] GC(369498) Eden regions: 11->0(11)
[2020-12-23T02:14:12.321-0400][gc,heap        ] GC(369498) Survivor regions: 1->1(2)
[2020-12-23T02:14:12.321-0400][gc,heap        ] GC(369498) Old regions: 46->46
[2020-12-23T02:14:12.321-0400][gc,heap        ] GC(369498) Humongous regions: 4->4
[2020-12-23T02:14:12.321-0400][gc,metaspace   ] GC(369498) Metaspace: 61050K->61050K(1107968K)
[2020-12-23T02:14:12.321-0400][gc,heap        ] GC(369498) Heap after GC invocations=369475 (full 10707): garbage-first heap   total 73728K, used 49233K [0x0000000083000000, 0x0000000100000000)
[2020-12-23T02:14:12.321-0400][gc,heap        ] GC(369498)   region size 1024K, 1 young (1024K), 1 survivors (1024K)
[2020-12-23T02:14:12.321-0400][gc,heap        ] GC(369498)  Metaspace       used 61050K, capacity 63785K, committed 64768K, reserved 1107968K
[2020-12-23T02:14:12.321-0400][gc,heap        ] GC(369498)   class space    used 5722K, capacity 6577K, committed 6912K, reserved 1048576K
[2020-12-23T02:14:12.321-0400][gc             ] GC(369498) Pause Young (Normal) (G1 Evacuation Pause) 59M->48M(72M) 7.742ms
[2020-12-23T02:14:12.321-0400][gc,cpu         ] GC(369498) User=0.01s Sys=0.01s Real=0.01s
[2020-12-23T02:14:36.717-0400][gc,heap        ] GC(369499) Heap before GC invocations=369475 (full 10707): garbage-first heap   total 73728K, used 59473K [0x0000000083000000, 0x0000000100000000)
[2020-12-23T02:14:36.717-0400][gc,heap        ] GC(369499)   region size 1024K, 12 young (12288K), 1 survivors (1024K)
[2020-12-23T02:14:36.717-0400][gc,heap        ] GC(369499)  Metaspace       used 61050K, capacity 63785K, committed 64768K, reserved 1107968K
[2020-12-23T02:14:36.717-0400][gc,heap        ] GC(369499)   class space    used 5722K, capacity 6577K, committed 6912K, reserved 1048576K
[2020-12-23T02:14:36.717-0400][gc,start       ] GC(369499) Pause Young (Concurrent Start) (G1 Evacuation Pause)
[2020-12-23T02:14:36.717-0400][gc,task        ] GC(369499) Using 4 workers of 4 for evacuation
[2020-12-23T02:14:36.725-0400][gc,phases      ] GC(369499)   Pre Evacuate Collection Set: 0.2ms
[2020-12-23T02:14:36.725-0400][gc,phases      ] GC(369499)   Evacuate Collection Set: 4.8ms
[2020-12-23T02:14:36.725-0400][gc,phases      ] GC(369499)   Post Evacuate Collection Set: 1.6ms
[2020-12-23T02:14:36.725-0400][gc,phases      ] GC(369499)   Other: 1.0ms
[2020-12-23T02:14:36.725-0400][gc,heap        ] GC(369499) Eden regions: 11->0(11)
[2020-12-23T02:14:36.725-0400][gc,heap        ] GC(369499) Survivor regions: 1->1(2)
[2020-12-23T02:14:36.725-0400][gc,heap        ] GC(369499) Old regions: 46->46
[2020-12-23T02:14:36.725-0400][gc,heap        ] GC(369499) Humongous regions: 4->4
[2020-12-23T02:14:36.725-0400][gc,metaspace   ] GC(369499) Metaspace: 61050K->61050K(1107968K)
[2020-12-23T02:14:36.725-0400][gc,heap        ] GC(369499) Heap after GC invocations=369476 (full 10707): garbage-first heap   total 73728K, used 49249K [0x0000000083000000, 0x0000000100000000)
[2020-12-23T02:14:36.725-0400][gc,heap        ] GC(369499)   region size 1024K, 1 young (1024K), 1 survivors (1024K)
[2020-12-23T02:14:36.725-0400][gc,heap        ] GC(369499)  Metaspace       used 61050K, capacity 63785K, committed 64768K, reserved 1107968K
[2020-12-23T02:14:36.725-0400][gc,heap        ] GC(369499)   class space    used 5722K, capacity 6577K, committed 6912K, reserved 1048576K
[2020-12-23T02:14:36.725-0400][gc             ] GC(369499) Pause Young (Concurrent Start) (G1 Evacuation Pause) 59M->48M(72M) 7.982ms
[2020-12-23T02:14:36.726-0400][gc,cpu         ] GC(369499) User=0.02s Sys=0.01s Real=0.00s
[2020-12-23T02:14:36.726-0400][gc             ] GC(369500) Concurrent Cycle
[2020-12-23T02:14:36.726-0400][gc,marking     ] GC(369500) Concurrent Clear Claimed Marks
[2020-12-23T02:14:36.726-0400][gc,marking     ] GC(369500) Concurrent Clear Claimed Marks 0.273ms
[2020-12-23T02:14:36.726-0400][gc,marking     ] GC(369500) Concurrent Scan Root Regions
[2020-12-23T02:14:36.730-0400][gc,marking     ] GC(369500) Concurrent Scan Root Regions 3.348ms
[2020-12-23T02:14:36.730-0400][gc,marking     ] GC(369500) Concurrent Mark (3200591.484s)
[2020-12-23T02:14:36.730-0400][gc,marking     ] GC(369500) Concurrent Mark From Roots
[2020-12-23T02:14:36.730-0400][gc,task        ] GC(369500) Using 1 workers of 1 for marking
[2020-12-23T02:14:37.053-0400][gc,marking     ] GC(369500) Concurrent Mark From Roots 323.110ms
[2020-12-23T02:14:37.053-0400][gc,marking     ] GC(369500) Concurrent Preclean
[2020-12-23T02:14:37.054-0400][gc,marking     ] GC(369500) Concurrent Preclean 0.841ms
[2020-12-23T02:14:37.054-0400][gc,marking     ] GC(369500) Concurrent Mark (3200591.484s, 3200591.809s) 324.255ms
[2020-12-23T02:14:37.055-0400][gc,start       ] GC(369500) Pause Remark
[2020-12-23T02:14:37.095-0400][gc,stringtable ] GC(369500) Cleaned string and symbol table, strings: 32393 processed, 0 removed, symbols: 131487 processed, 0 removed
[2020-12-23T02:14:37.095-0400][gc             ] GC(369500) Pause Remark 48M->48M(72M) 40.687ms
[2020-12-23T02:14:37.096-0400][gc,cpu         ] GC(369500) User=0.10s Sys=0.06s Real=0.05s
[2020-12-23T02:14:37.096-0400][gc,marking     ] GC(369500) Concurrent Rebuild Remembered Sets
[2020-12-23T02:14:37.284-0400][gc,marking     ] GC(369500) Concurrent Rebuild Remembered Sets 187.848ms
[2020-12-23T02:14:37.284-0400][gc,start       ] GC(369500) Pause Cleanup
[2020-12-23T02:14:37.285-0400][gc             ] GC(369500) Pause Cleanup 48M->48M(72M) 0.484ms
[2020-12-23T02:14:37.285-0400][gc,cpu         ] GC(369500) User=0.00s Sys=0.00s Real=0.00s
[2020-12-23T02:14:37.285-0400][gc,marking     ] GC(369500) Concurrent Cleanup for Next Mark
[2020-12-23T02:14:37.286-0400][gc,marking     ] GC(369500) Concurrent Cleanup for Next Mark 1.045ms
[2020-12-23T02:14:37.287-0400][gc             ] GC(369500) Concurrent Cycle 560.758ms
[2020-12-23T02:15:06.328-0400][gc,heap        ] GC(369501) Heap before GC invocations=369477 (full 10707): garbage-first heap   total 73728K, used 59489K [0x0000000083000000, 0x0000000100000000)
[2020-12-23T02:15:06.328-0400][gc,heap        ] GC(369501)   region size 1024K, 12 young (12288K), 1 survivors (1024K)
[2020-12-23T02:15:06.328-0400][gc,heap        ] GC(369501)  Metaspace       used 61050K, capacity 63785K, committed 64768K, reserved 1107968K
[2020-12-23T02:15:06.328-0400][gc,heap        ] GC(369501)   class space    used 5722K, capacity 6577K, committed 6912K, reserved 1048576K
[2020-12-23T02:15:06.328-0400][gc,start       ] GC(369501) Pause Young (Normal) (G1 Evacuation Pause)
[2020-12-23T02:15:06.328-0400][gc,task        ] GC(369501) Using 4 workers of 4 for evacuation
[2020-12-23T02:15:06.336-0400][gc,phases      ] GC(369501)   Pre Evacuate Collection Set: 0.0ms
[2020-12-23T02:15:06.336-0400][gc,phases      ] GC(369501)   Evacuate Collection Set: 5.5ms
[2020-12-23T02:15:06.336-0400][gc,phases      ] GC(369501)   Post Evacuate Collection Set: 1.7ms
[2020-12-23T02:15:06.336-0400][gc,phases      ] GC(369501)   Other: 0.8ms
[2020-12-23T02:15:06.336-0400][gc,heap        ] GC(369501) Eden regions: 11->0(11)
[2020-12-23T02:15:06.336-0400][gc,heap        ] GC(369501) Survivor regions: 1->1(2)
[2020-12-23T02:15:06.336-0400][gc,heap        ] GC(369501) Old regions: 46->46
[2020-12-23T02:15:06.336-0400][gc,heap        ] GC(369501) Humongous regions: 4->4
[2020-12-23T02:15:06.336-0400][gc,metaspace   ] GC(369501) Metaspace: 61050K->61050K(1107968K)
[2020-12-23T02:15:06.336-0400][gc,heap        ] GC(369501) Heap after GC invocations=369478 (full 10707): garbage-first heap   total 73728K, used 49346K [0x0000000083000000, 0x0000000100000000)
[2020-12-23T02:15:06.336-0400][gc,heap        ] GC(369501)   region size 1024K, 1 young (1024K), 1 survivors (1024K)
[2020-12-23T02:15:06.337-0400][gc,heap        ] GC(369501)  Metaspace       used 61050K, capacity 63785K, committed 64768K, reserved 1107968K
[2020-12-23T02:15:06.337-0400][gc,heap        ] GC(369501)   class space    used 5722K, capacity 6577K, committed 6912K, reserved 1048576K
[2020-12-23T02:15:06.337-0400][gc             ] GC(369501) Pause Young (Normal) (G1 Evacuation Pause) 59M->48M(72M) 8.458ms
[2020-12-23T02:15:06.337-0400][gc,cpu         ] GC(369501) User=0.02s Sys=0.00s Real=0.01s
[2020-12-23T02:15:34.820-0400][gc,heap        ] GC(369502) Heap before GC invocations=369478 (full 10707): garbage-first heap   total 73728K, used 59586K [0x0000000083000000, 0x0000000100000000)
[2020-12-23T02:15:34.820-0400][gc,heap        ] GC(369502)   region size 1024K, 12 young (12288K), 1 survivors (1024K)
[2020-12-23T02:15:34.820-0400][gc,heap        ] GC(369502)  Metaspace       used 61050K, capacity 63785K, committed 64768K, reserved 1107968K
[2020-12-23T02:15:34.820-0400][gc,heap        ] GC(369502)   class space    used 5722K, capacity 6577K, committed 6912K, reserved 1048576K
[2020-12-23T02:15:34.820-0400][gc,start       ] GC(369502) Pause Young (Concurrent Start) (G1 Evacuation Pause)
[2020-12-23T02:15:34.820-0400][gc,task        ] GC(369502) Using 4 workers of 4 for evacuation
[2020-12-23T02:15:34.828-0400][gc,phases      ] GC(369502)   Pre Evacuate Collection Set: 0.2ms
[2020-12-23T02:15:34.828-0400][gc,phases      ] GC(369502)   Evacuate Collection Set: 5.2ms
[2020-12-23T02:15:34.828-0400][gc,phases      ] GC(369502)   Post Evacuate Collection Set: 2.1ms
[2020-12-23T02:15:34.828-0400][gc,phases      ] GC(369502)   Other: 0.9ms
[2020-12-23T02:15:34.828-0400][gc,heap        ] GC(369502) Eden regions: 11->0(11)
[2020-12-23T02:15:34.828-0400][gc,heap        ] GC(369502) Survivor regions: 1->1(2)
[2020-12-23T02:15:34.828-0400][gc,heap        ] GC(369502) Old regions: 46->46
[2020-12-23T02:15:34.828-0400][gc,heap        ] GC(369502) Humongous regions: 4->4
[2020-12-23T02:15:34.828-0400][gc,metaspace   ] GC(369502) Metaspace: 61050K->61050K(1107968K)
[2020-12-23T02:15:34.828-0400][gc,heap        ] GC(369502) Heap after GC invocations=369479 (full 10707): garbage-first heap   total 73728K, used 49376K [0x0000000083000000, 0x0000000100000000)
[2020-12-23T02:15:34.829-0400][gc,heap        ] GC(369502)   region size 1024K, 1 young (1024K), 1 survivors (1024K)
[2020-12-23T02:15:34.829-0400][gc,heap        ] GC(369502)  Metaspace       used 61050K, capacity 63785K, committed 64768K, reserved 1107968K
[2020-12-23T02:15:34.829-0400][gc,heap        ] GC(369502)   class space    used 5722K, capacity 6577K, committed 6912K, reserved 1048576K
[2020-12-23T02:15:34.829-0400][gc             ] GC(369502) Pause Young (Concurrent Start) (G1 Evacuation Pause) 59M->48M(72M) 8.793ms
[2020-12-23T02:15:34.829-0400][gc,cpu         ] GC(369502) User=0.02s Sys=0.01s Real=0.01s
[2020-12-23T02:15:34.829-0400][gc             ] GC(369503) Concurrent Cycle
[2020-12-23T02:15:34.829-0400][gc,marking     ] GC(369503) Concurrent Clear Claimed Marks
[2020-12-23T02:15:34.830-0400][gc,marking     ] GC(369503) Concurrent Clear Claimed Marks 0.479ms
[2020-12-23T02:15:34.831-0400][gc,marking     ] GC(369503) Concurrent Scan Root Regions
[2020-12-23T02:15:34.835-0400][gc,marking     ] GC(369503) Concurrent Scan Root Regions 4.347ms
[2020-12-23T02:15:34.835-0400][gc,marking     ] GC(369503) Concurrent Mark (3200649.590s)
[2020-12-23T02:15:34.835-0400][gc,marking     ] GC(369503) Concurrent Mark From Roots
[2020-12-23T02:15:34.835-0400][gc,task        ] GC(369503) Using 1 workers of 1 for marking
[2020-12-23T02:15:35.169-0400][gc,marking     ] GC(369503) Concurrent Mark From Roots 334.035ms
[2020-12-23T02:15:35.169-0400][gc,marking     ] GC(369503) Concurrent Preclean
[2020-12-23T02:15:35.170-0400][gc,marking     ] GC(369503) Concurrent Preclean 0.693ms
[2020-12-23T02:15:35.170-0400][gc,marking     ] GC(369503) Concurrent Mark (3200649.590s, 3200649.925s) 334.975ms
[2020-12-23T02:15:35.171-0400][gc,start       ] GC(369503) Pause Remark
[2020-12-23T02:15:35.211-0400][gc,stringtable ] GC(369503) Cleaned string and symbol table, strings: 32393 processed, 0 removed, symbols: 131487 processed, 0 removed
[2020-12-23T02:15:35.211-0400][gc             ] GC(369503) Pause Remark 48M->48M(72M) 40.650ms
[2020-12-23T02:15:35.212-0400][gc,cpu         ] GC(369503) User=0.16s Sys=0.00s Real=0.04s
[2020-12-23T02:15:35.213-0400][gc,marking     ] GC(369503) Concurrent Rebuild Remembered Sets
[2020-12-23T02:15:35.403-0400][gc,marking     ] GC(369503) Concurrent Rebuild Remembered Sets 190.830ms
[2020-12-23T02:15:35.404-0400][gc,start       ] GC(369503) Pause Cleanup
[2020-12-23T02:15:35.405-0400][gc             ] GC(369503) Pause Cleanup 48M->48M(72M) 0.443ms
[2020-12-23T02:15:35.405-0400][gc,cpu         ] GC(369503) User=0.00s Sys=0.00s Real=0.00s
[2020-12-23T02:15:35.406-0400][gc,marking     ] GC(369503) Concurrent Cleanup for Next Mark
[2020-12-23T02:15:35.406-0400][gc,marking     ] GC(369503) Concurrent Cleanup for Next Mark 0.810ms
[2020-12-23T02:15:35.406-0400][gc             ] GC(369503) Concurrent Cycle 577.451ms
[2020-12-23T02:16:13.876-0400][gc,heap        ] GC(369504) Heap before GC invocations=369480 (full 10707): garbage-first heap   total 73728K, used 59616K [0x0000000083000000, 0x0000000100000000)
[2020-12-23T02:16:13.876-0400][gc,heap        ] GC(369504)   region size 1024K, 12 young (12288K), 1 survivors (1024K)
[2020-12-23T02:16:13.876-0400][gc,heap        ] GC(369504)  Metaspace       used 61050K, capacity 63785K, committed 64768K, reserved 1107968K
[2020-12-23T02:16:13.876-0400][gc,heap        ] GC(369504)   class space    used 5722K, capacity 6577K, committed 6912K, reserved 1048576K
[2020-12-23T02:16:13.876-0400][gc,start       ] GC(369504) Pause Young (Normal) (G1 Evacuation Pause)
[2020-12-23T02:16:13.876-0400][gc,task        ] GC(369504) Using 4 workers of 4 for evacuation
[2020-12-23T02:16:13.884-0400][gc,phases      ] GC(369504)   Pre Evacuate Collection Set: 0.0ms
[2020-12-23T02:16:13.884-0400][gc,phases      ] GC(369504)   Evacuate Collection Set: 5.3ms
[2020-12-23T02:16:13.884-0400][gc,phases      ] GC(369504)   Post Evacuate Collection Set: 1.7ms
[2020-12-23T02:16:13.884-0400][gc,phases      ] GC(369504)   Other: 0.9ms
[2020-12-23T02:16:13.884-0400][gc,heap        ] GC(369504) Eden regions: 11->0(11)
[2020-12-23T02:16:13.884-0400][gc,heap        ] GC(369504) Survivor regions: 1->1(2)
[2020-12-23T02:16:13.884-0400][gc,heap        ] GC(369504) Old regions: 46->46
[2020-12-23T02:16:13.884-0400][gc,heap        ] GC(369504) Humongous regions: 4->4
[2020-12-23T02:16:13.884-0400][gc,metaspace   ] GC(369504) Metaspace: 61050K->61050K(1107968K)
[2020-12-23T02:16:13.884-0400][gc,heap        ] GC(369504) Heap after GC invocations=369481 (full 10707): garbage-first heap   total 73728K, used 49388K [0x0000000083000000, 0x0000000100000000)
[2020-12-23T02:16:13.884-0400][gc,heap        ] GC(369504)   region size 1024K, 1 young (1024K), 1 survivors (1024K)
[2020-12-23T02:16:13.885-0400][gc,heap        ] GC(369504)  Metaspace       used 61050K, capacity 63785K, committed 64768K, reserved 1107968K
[2020-12-23T02:16:13.885-0400][gc,heap        ] GC(369504)   class space    used 5722K, capacity 6577K, committed 6912K, reserved 1048576K
[2020-12-23T02:16:13.885-0400][gc             ] GC(369504) Pause Young (Normal) (G1 Evacuation Pause) 59M->48M(72M) 8.360ms
[2020-12-23T02:16:13.885-0400][gc,cpu         ] GC(369504) User=0.02s Sys=0.01s Real=0.00s
[2020-12-23T02:16:50.924-0400][gc,task        ] GC(369505) Using 3 workers of 4 for full compaction
[2020-12-23T02:16:50.924-0400][gc,start       ] GC(369505) Pause Full (System.gc())
[2020-12-23T02:16:50.924-0400][gc,heap        ] GC(369505) Heap before GC invocations=369481 (full 10707): garbage-first heap   total 73728K, used 56556K [0x0000000083000000, 0x0000000100000000)
[2020-12-23T02:16:50.924-0400][gc,heap        ] GC(369505)   region size 1024K, 10 young (10240K), 1 survivors (1024K)
[2020-12-23T02:16:50.924-0400][gc,heap        ] GC(369505)  Metaspace       used 61050K, capacity 63785K, committed 64768K, reserved 1107968K
[2020-12-23T02:16:50.924-0400][gc,heap        ] GC(369505)   class space    used 5722K, capacity 6577K, committed 6912K, reserved 1048576K
[2020-12-23T02:16:50.926-0400][gc,phases,start] GC(369505) Phase 1: Mark live objects
[2020-12-23T02:16:51.072-0400][gc,stringtable ] GC(369505) Cleaned string and symbol table, strings: 32393 processed, 0 removed, symbols: 131487 processed, 0 removed
[2020-12-23T02:16:51.073-0400][gc,phases      ] GC(369505) Phase 1: Mark live objects 146.106ms
[2020-12-23T02:16:51.073-0400][gc,phases,start] GC(369505) Phase 2: Prepare for compaction
[2020-12-23T02:16:51.102-0400][gc,phases      ] GC(369505) Phase 2: Prepare for compaction 29.687ms
[2020-12-23T02:16:51.102-0400][gc,phases,start] GC(369505) Phase 3: Adjust pointers
[2020-12-23T02:16:51.183-0400][gc,phases      ] GC(369505) Phase 3: Adjust pointers 80.167ms
[2020-12-23T02:16:51.183-0400][gc,phases,start] GC(369505) Phase 4: Compact heap
[2020-12-23T02:16:51.205-0400][gc,phases      ] GC(369505) Phase 4: Compact heap 22.138ms
[2020-12-23T02:16:51.240-0400][gc,heap        ] GC(369505) Eden regions: 9->0(12)
[2020-12-23T02:16:51.240-0400][gc,heap        ] GC(369505) Survivor regions: 1->0(2)
[2020-12-23T02:16:51.240-0400][gc,heap        ] GC(369505) Old regions: 46->46
[2020-12-23T02:16:51.240-0400][gc,heap        ] GC(369505) Humongous regions: 4->4
[2020-12-23T02:16:51.240-0400][gc,metaspace   ] GC(369505) Metaspace: 61050K->61050K(1107968K)
[2020-12-23T02:16:51.240-0400][gc,heap        ] GC(369505) Heap after GC invocations=369482 (full 10708): garbage-first heap   total 73728K, used 48781K [0x0000000083000000, 0x0000000100000000)
[2020-12-23T02:16:51.240-0400][gc,heap        ] GC(369505)   region size 1024K, 0 young (0K), 0 survivors (0K)
[2020-12-23T02:16:51.240-0400][gc,heap        ] GC(369505)  Metaspace       used 61050K, capacity 63785K, committed 64768K, reserved 1107968K
[2020-12-23T02:16:51.241-0400][gc,heap        ] GC(369505)   class space    used 5722K, capacity 6577K, committed 6912K, reserved 1048576K
[2020-12-23T02:16:51.241-0400][gc             ] GC(369505) Pause Full (System.gc()) 56M->47M(72M) 316.552ms
[2020-12-23T02:16:51.241-0400][gc,cpu         ] GC(369505) User=0.63s Sys=0.22s Real=0.32s
[2020-12-23T02:17:24.395-0400][gc,heap        ] GC(369506) Heap before GC invocations=369482 (full 10708): garbage-first heap   total 73728K, used 60045K [0x0000000083000000, 0x0000000100000000)
[2020-12-23T02:17:24.395-0400][gc,heap        ] GC(369506)   region size 1024K, 12 young (12288K), 0 survivors (0K)
[2020-12-23T02:17:24.395-0400][gc,heap        ] GC(369506)  Metaspace       used 61050K, capacity 63785K, committed 64768K, reserved 1107968K
[2020-12-23T02:17:24.395-0400][gc,heap        ] GC(369506)   class space    used 5722K, capacity 6577K, committed 6912K, reserved 1048576K
[2020-12-23T02:17:24.395-0400][gc,start       ] GC(369506) Pause Young (Concurrent Start) (G1 Evacuation Pause)
[2020-12-23T02:17:24.395-0400][gc,task        ] GC(369506) Using 4 workers of 4 for evacuation
[2020-12-23T02:17:24.402-0400][gc,phases      ] GC(369506)   Pre Evacuate Collection Set: 0.3ms
[2020-12-23T02:17:24.402-0400][gc,phases      ] GC(369506)   Evacuate Collection Set: 4.3ms
[2020-12-23T02:17:24.402-0400][gc,phases      ] GC(369506)   Post Evacuate Collection Set: 2.0ms
[2020-12-23T02:17:24.402-0400][gc,phases      ] GC(369506)   Other: 0.9ms
[2020-12-23T02:17:24.403-0400][gc,heap        ] GC(369506) Eden regions: 12->0(11)
[2020-12-23T02:17:24.403-0400][gc,heap        ] GC(369506) Survivor regions: 0->1(2)
[2020-12-23T02:17:24.403-0400][gc,heap        ] GC(369506) Old regions: 46->46
[2020-12-23T02:17:24.403-0400][gc,heap        ] GC(369506) Humongous regions: 4->4
[2020-12-23T02:17:24.403-0400][gc,metaspace   ] GC(369506) Metaspace: 61050K->61050K(1107968K)
[2020-12-23T02:17:24.403-0400][gc,heap        ] GC(369506) Heap after GC invocations=369483 (full 10708): garbage-first heap   total 73728K, used 49108K [0x0000000083000000, 0x0000000100000000)
[2020-12-23T02:17:24.403-0400][gc,heap        ] GC(369506)   region size 1024K, 1 young (1024K), 1 survivors (1024K)
[2020-12-23T02:17:24.403-0400][gc,heap        ] GC(369506)  Metaspace       used 61050K, capacity 63785K, committed 64768K, reserved 1107968K
[2020-12-23T02:17:24.403-0400][gc,heap        ] GC(369506)   class space    used 5722K, capacity 6577K, committed 6912K, reserved 1048576K
[2020-12-23T02:17:24.403-0400][gc             ] GC(369506) Pause Young (Concurrent Start) (G1 Evacuation Pause) 59M->47M(72M) 7.972ms
[2020-12-23T02:17:24.403-0400][gc,cpu         ] GC(369506) User=0.01s Sys=0.01s Real=0.01s
[2020-12-23T02:17:24.403-0400][gc             ] GC(369507) Concurrent Cycle
[2020-12-23T02:17:24.403-0400][gc,marking     ] GC(369507) Concurrent Clear Claimed Marks
[2020-12-23T02:17:24.404-0400][gc,marking     ] GC(369507) Concurrent Clear Claimed Marks 0.438ms
[2020-12-23T02:17:24.404-0400][gc,marking     ] GC(369507) Concurrent Scan Root Regions
[2020-12-23T02:17:24.407-0400][gc,marking     ] GC(369507) Concurrent Scan Root Regions 2.949ms
[2020-12-23T02:17:24.407-0400][gc,marking     ] GC(369507) Concurrent Mark (3200759.162s)
[2020-12-23T02:17:24.407-0400][gc,marking     ] GC(369507) Concurrent Mark From Roots
[2020-12-23T02:17:24.407-0400][gc,task        ] GC(369507) Using 1 workers of 1 for marking
[2020-12-23T02:17:24.734-0400][gc,marking     ] GC(369507) Concurrent Mark From Roots 326.339ms
[2020-12-23T02:17:24.734-0400][gc,marking     ] GC(369507) Concurrent Preclean
[2020-12-23T02:17:24.734-0400][gc,marking     ] GC(369507) Concurrent Preclean 0.617ms
[2020-12-23T02:17:24.734-0400][gc,marking     ] GC(369507) Concurrent Mark (3200759.162s, 3200759.489s) 327.284ms
[2020-12-23T02:17:24.735-0400][gc,start       ] GC(369507) Pause Remark
[2020-12-23T02:17:24.776-0400][gc,stringtable ] GC(369507) Cleaned string and symbol table, strings: 32393 processed, 0 removed, symbols: 131487 processed, 0 removed
[2020-12-23T02:17:24.776-0400][gc             ] GC(369507) Pause Remark 48M->48M(72M) 41.383ms
[2020-12-23T02:17:24.777-0400][gc,cpu         ] GC(369507) User=0.10s Sys=0.05s Real=0.05s
[2020-12-23T02:17:24.777-0400][gc,marking     ] GC(369507) Concurrent Rebuild Remembered Sets
[2020-12-23T02:17:24.968-0400][gc,marking     ] GC(369507) Concurrent Rebuild Remembered Sets 190.761ms
[2020-12-23T02:17:24.969-0400][gc,start       ] GC(369507) Pause Cleanup
[2020-12-23T02:17:24.969-0400][gc             ] GC(369507) Pause Cleanup 48M->48M(72M) 0.498ms
[2020-12-23T02:17:24.969-0400][gc,cpu         ] GC(369507) User=0.00s Sys=0.00s Real=0.00s
[2020-12-23T02:17:24.969-0400][gc,marking     ] GC(369507) Concurrent Cleanup for Next Mark
[2020-12-23T02:17:24.970-0400][gc,marking     ] GC(369507) Concurrent Cleanup for Next Mark 1.064ms
[2020-12-23T02:17:24.971-0400][gc             ] GC(369507) Concurrent Cycle 567.271ms
[2020-12-23T02:18:03.925-0400][gc,heap        ] GC(369508) Heap before GC invocations=369484 (full 10708): garbage-first heap   total 73728K, used 60372K [0x0000000083000000, 0x0000000100000000)
[2020-12-23T02:18:03.925-0400][gc,heap        ] GC(369508)   region size 1024K, 12 young (12288K), 1 survivors (1024K)
[2020-12-23T02:18:03.925-0400][gc,heap        ] GC(369508)  Metaspace       used 61050K, capacity 63785K, committed 64768K, reserved 1107968K
[2020-12-23T02:18:03.925-0400][gc,heap        ] GC(369508)   class space    used 5722K, capacity 6577K, committed 6912K, reserved 1048576K
[2020-12-23T02:18:03.925-0400][gc,start       ] GC(369508) Pause Young (Normal) (G1 Evacuation Pause)
[2020-12-23T02:18:03.925-0400][gc,task        ] GC(369508) Using 4 workers of 4 for evacuation
[2020-12-23T02:18:03.932-0400][gc,phases      ] GC(369508)   Pre Evacuate Collection Set: 0.0ms
[2020-12-23T02:18:03.932-0400][gc,phases      ] GC(369508)   Evacuate Collection Set: 4.9ms
[2020-12-23T02:18:03.932-0400][gc,phases      ] GC(369508)   Post Evacuate Collection Set: 1.7ms
[2020-12-23T02:18:03.932-0400][gc,phases      ] GC(369508)   Other: 0.9ms
[2020-12-23T02:18:03.932-0400][gc,heap        ] GC(369508) Eden regions: 11->0(11)
[2020-12-23T02:18:03.932-0400][gc,heap        ] GC(369508) Survivor regions: 1->1(2)
[2020-12-23T02:18:03.932-0400][gc,heap        ] GC(369508) Old regions: 46->46
[2020-12-23T02:18:03.933-0400][gc,heap        ] GC(369508) Humongous regions: 4->4
[2020-12-23T02:18:03.933-0400][gc,metaspace   ] GC(369508) Metaspace: 61050K->61050K(1107968K)
[2020-12-23T02:18:03.933-0400][gc,heap        ] GC(369508) Heap after GC invocations=369485 (full 10708): garbage-first heap   total 73728K, used 49158K [0x0000000083000000, 0x0000000100000000)
[2020-12-23T02:18:03.933-0400][gc,heap        ] GC(369508)   region size 1024K, 1 young (1024K), 1 survivors (1024K)
[2020-12-23T02:18:03.933-0400][gc,heap        ] GC(369508)  Metaspace       used 61050K, capacity 63785K, committed 64768K, reserved 1107968K
[2020-12-23T02:18:03.933-0400][gc,heap        ] GC(369508)   class space    used 5722K, capacity 6577K, committed 6912K, reserved 1048576K
[2020-12-23T02:18:03.933-0400][gc             ] GC(369508) Pause Young (Normal) (G1 Evacuation Pause) 58M->48M(72M) 7.903ms
[2020-12-23T02:18:03.933-0400][gc,cpu         ] GC(369508) User=0.01s Sys=0.01s Real=0.01s
[2020-12-23T02:18:44.400-0400][gc,heap        ] GC(369509) Heap before GC invocations=369485 (full 10708): garbage-first heap   total 73728K, used 60422K [0x0000000083000000, 0x0000000100000000)
[2020-12-23T02:18:44.400-0400][gc,heap        ] GC(369509)   region size 1024K, 12 young (12288K), 1 survivors (1024K)
[2020-12-23T02:18:44.400-0400][gc,heap        ] GC(369509)  Metaspace       used 61050K, capacity 63785K, committed 64768K, reserved 1107968K
[2020-12-23T02:18:44.400-0400][gc,heap        ] GC(369509)   class space    used 5722K, capacity 6577K, committed 6912K, reserved 1048576K
[2020-12-23T02:18:44.400-0400][gc,start       ] GC(369509) Pause Young (Concurrent Start) (G1 Evacuation Pause)
[2020-12-23T02:18:44.400-0400][gc,task        ] GC(369509) Using 4 workers of 4 for evacuation
[2020-12-23T02:18:44.407-0400][gc,phases      ] GC(369509)   Pre Evacuate Collection Set: 0.2ms
[2020-12-23T02:18:44.407-0400][gc,phases      ] GC(369509)   Evacuate Collection Set: 4.6ms
[2020-12-23T02:18:44.407-0400][gc,phases      ] GC(369509)   Post Evacuate Collection Set: 1.8ms
[2020-12-23T02:18:44.407-0400][gc,phases      ] GC(369509)   Other: 0.9ms
[2020-12-23T02:18:44.407-0400][gc,heap        ] GC(369509) Eden regions: 11->0(11)
[2020-12-23T02:18:44.407-0400][gc,heap        ] GC(369509) Survivor regions: 1->1(2)
[2020-12-23T02:18:44.407-0400][gc,heap        ] GC(369509) Old regions: 46->46
[2020-12-23T02:18:44.407-0400][gc,heap        ] GC(369509) Humongous regions: 4->4
[2020-12-23T02:18:44.408-0400][gc,metaspace   ] GC(369509) Metaspace: 61050K->61050K(1107968K)
[2020-12-23T02:18:44.408-0400][gc,heap        ] GC(369509) Heap after GC invocations=369486 (full 10708): garbage-first heap   total 73728K, used 49184K [0x0000000083000000, 0x0000000100000000)
[2020-12-23T02:18:44.408-0400][gc,heap        ] GC(369509)   region size 1024K, 1 young (1024K), 1 survivors (1024K)
[2020-12-23T02:18:44.408-0400][gc,heap        ] GC(369509)  Metaspace       used 61050K, capacity 63785K, committed 64768K, reserved 1107968K
[2020-12-23T02:18:44.408-0400][gc,heap        ] GC(369509)   class space    used 5722K, capacity 6577K, committed 6912K, reserved 1048576K
[2020-12-23T02:18:44.408-0400][gc             ] GC(369509) Pause Young (Concurrent Start) (G1 Evacuation Pause) 59M->48M(72M) 7.909ms
[2020-12-23T02:18:44.408-0400][gc,cpu         ] GC(369509) User=0.01s Sys=0.01s Real=0.01s
[2020-12-23T02:18:44.408-0400][gc             ] GC(369510) Concurrent Cycle
[2020-12-23T02:18:44.408-0400][gc,marking     ] GC(369510) Concurrent Clear Claimed Marks
[2020-12-23T02:18:44.409-0400][gc,marking     ] GC(369510) Concurrent Clear Claimed Marks 0.394ms
[2020-12-23T02:18:44.409-0400][gc,marking     ] GC(369510) Concurrent Scan Root Regions
[2020-12-23T02:18:44.412-0400][gc,marking     ] GC(369510) Concurrent Scan Root Regions 3.241ms
[2020-12-23T02:18:44.412-0400][gc,marking     ] GC(369510) Concurrent Mark (3200839.167s)
[2020-12-23T02:18:44.412-0400][gc,marking     ] GC(369510) Concurrent Mark From Roots
[2020-12-23T02:18:44.412-0400][gc,task        ] GC(369510) Using 1 workers of 1 for marking
[2020-12-23T02:18:44.730-0400][gc,marking     ] GC(369510) Concurrent Mark From Roots 317.800ms
[2020-12-23T02:18:44.730-0400][gc,marking     ] GC(369510) Concurrent Preclean
[2020-12-23T02:18:44.731-0400][gc,marking     ] GC(369510) Concurrent Preclean 0.696ms
[2020-12-23T02:18:44.731-0400][gc,marking     ] GC(369510) Concurrent Mark (3200839.167s, 3200839.486s) 318.776ms
[2020-12-23T02:18:44.732-0400][gc,start       ] GC(369510) Pause Remark
[2020-12-23T02:18:44.772-0400][gc,stringtable ] GC(369510) Cleaned string and symbol table, strings: 32393 processed, 0 removed, symbols: 131487 processed, 0 removed
[2020-12-23T02:18:44.773-0400][gc             ] GC(369510) Pause Remark 48M->48M(72M) 41.106ms
[2020-12-23T02:18:44.773-0400][gc,cpu         ] GC(369510) User=0.10s Sys=0.05s Real=0.04s
[2020-12-23T02:18:44.773-0400][gc,marking     ] GC(369510) Concurrent Rebuild Remembered Sets
[2020-12-23T02:18:44.961-0400][gc,marking     ] GC(369510) Concurrent Rebuild Remembered Sets 187.502ms
[2020-12-23T02:18:44.962-0400][gc,start       ] GC(369510) Pause Cleanup
[2020-12-23T02:18:44.962-0400][gc             ] GC(369510) Pause Cleanup 48M->48M(72M) 0.451ms
[2020-12-23T02:18:44.962-0400][gc,cpu         ] GC(369510) User=0.00s Sys=0.00s Real=0.00s
[2020-12-23T02:18:44.963-0400][gc,marking     ] GC(369510) Concurrent Cleanup for Next Mark
[2020-12-23T02:18:44.964-0400][gc,marking     ] GC(369510) Concurrent Cleanup for Next Mark 0.843ms
[2020-12-23T02:18:44.964-0400][gc             ] GC(369510) Concurrent Cycle 555.580ms
[2020-12-23T02:19:11.740-0400][gc,heap        ] GC(369511) Heap before GC invocations=369487 (full 10708): garbage-first heap   total 73728K, used 59424K [0x0000000083000000, 0x0000000100000000)
[2020-12-23T02:19:11.740-0400][gc,heap        ] GC(369511)   region size 1024K, 12 young (12288K), 1 survivors (1024K)
[2020-12-23T02:19:11.740-0400][gc,heap        ] GC(369511)  Metaspace       used 61050K, capacity 63785K, committed 64768K, reserved 1107968K
[2020-12-23T02:19:11.740-0400][gc,heap        ] GC(369511)   class space    used 5722K, capacity 6577K, committed 6912K, reserved 1048576K
[2020-12-23T02:19:11.740-0400][gc,start       ] GC(369511) Pause Young (Normal) (G1 Evacuation Pause)
[2020-12-23T02:19:11.740-0400][gc,task        ] GC(369511) Using 4 workers of 4 for evacuation
[2020-12-23T02:19:11.748-0400][gc,phases      ] GC(369511)   Pre Evacuate Collection Set: 0.0ms
[2020-12-23T02:19:11.748-0400][gc,phases      ] GC(369511)   Evacuate Collection Set: 5.1ms
[2020-12-23T02:19:11.748-0400][gc,phases      ] GC(369511)   Post Evacuate Collection Set: 1.9ms
[2020-12-23T02:19:11.748-0400][gc,phases      ] GC(369511)   Other: 0.8ms
[2020-12-23T02:19:11.748-0400][gc,heap        ] GC(369511) Eden regions: 11->0(11)
[2020-12-23T02:19:11.748-0400][gc,heap        ] GC(369511) Survivor regions: 1->1(2)
[2020-12-23T02:19:11.748-0400][gc,heap        ] GC(369511) Old regions: 46->46
[2020-12-23T02:19:11.748-0400][gc,heap        ] GC(369511) Humongous regions: 4->4
[2020-12-23T02:19:11.748-0400][gc,metaspace   ] GC(369511) Metaspace: 61050K->61050K(1107968K)
[2020-12-23T02:19:11.748-0400][gc,heap        ] GC(369511) Heap after GC invocations=369488 (full 10708): garbage-first heap   total 73728K, used 49226K [0x0000000083000000, 0x0000000100000000)
[2020-12-23T02:19:11.748-0400][gc,heap        ] GC(369511)   region size 1024K, 1 young (1024K), 1 survivors (1024K)
[2020-12-23T02:19:11.748-0400][gc,heap        ] GC(369511)  Metaspace       used 61050K, capacity 63785K, committed 64768K, reserved 1107968K
[2020-12-23T02:19:11.748-0400][gc,heap        ] GC(369511)   class space    used 5722K, capacity 6577K, committed 6912K, reserved 1048576K
[2020-12-23T02:19:11.748-0400][gc             ] GC(369511) Pause Young (Normal) (G1 Evacuation Pause) 59M->48M(72M) 8.287ms
[2020-12-23T02:19:11.749-0400][gc,cpu         ] GC(369511) User=0.02s Sys=0.00s Real=0.01s
[2020-12-23T02:19:45.765-0400][gc,heap        ] GC(369512) Heap before GC invocations=369488 (full 10708): garbage-first heap   total 73728K, used 59466K [0x0000000083000000, 0x0000000100000000)
[2020-12-23T02:19:45.765-0400][gc,heap        ] GC(369512)   region size 1024K, 12 young (12288K), 1 survivors (1024K)
[2020-12-23T02:19:45.765-0400][gc,heap        ] GC(369512)  Metaspace       used 61050K, capacity 63785K, committed 64768K, reserved 1107968K
[2020-12-23T02:19:45.765-0400][gc,heap        ] GC(369512)   class space    used 5722K, capacity 6577K, committed 6912K, reserved 1048576K
[2020-12-23T02:19:45.765-0400][gc,start       ] GC(369512) Pause Young (Concurrent Start) (G1 Evacuation Pause)
[2020-12-23T02:19:45.765-0400][gc,task        ] GC(369512) Using 4 workers of 4 for evacuation
[2020-12-23T02:19:45.772-0400][gc,phases      ] GC(369512)   Pre Evacuate Collection Set: 0.3ms
[2020-12-23T02:19:45.773-0400][gc,phases      ] GC(369512)   Evacuate Collection Set: 4.9ms
[2020-12-23T02:19:45.773-0400][gc,phases      ] GC(369512)   Post Evacuate Collection Set: 1.7ms
[2020-12-23T02:19:45.773-0400][gc,phases      ] GC(369512)   Other: 0.9ms
[2020-12-23T02:19:45.773-0400][gc,heap        ] GC(369512) Eden regions: 11->0(11)
[2020-12-23T02:19:45.773-0400][gc,heap        ] GC(369512) Survivor regions: 1->1(2)
[2020-12-23T02:19:45.773-0400][gc,heap        ] GC(369512) Old regions: 46->46
[2020-12-23T02:19:45.773-0400][gc,heap        ] GC(369512) Humongous regions: 4->4
[2020-12-23T02:19:45.773-0400][gc,metaspace   ] GC(369512) Metaspace: 61050K->61050K(1107968K)
[2020-12-23T02:19:45.773-0400][gc,heap        ] GC(369512) Heap after GC invocations=369489 (full 10708): garbage-first heap   total 73728K, used 49166K [0x0000000083000000, 0x0000000100000000)
[2020-12-23T02:19:45.773-0400][gc,heap        ] GC(369512)   region size 1024K, 1 young (1024K), 1 survivors (1024K)
[2020-12-23T02:19:45.773-0400][gc,heap        ] GC(369512)  Metaspace       used 61050K, capacity 63785K, committed 64768K, reserved 1107968K
[2020-12-23T02:19:45.773-0400][gc,heap        ] GC(369512)   class space    used 5722K, capacity 6577K, committed 6912K, reserved 1048576K
[2020-12-23T02:19:45.773-0400][gc             ] GC(369512) Pause Young (Concurrent Start) (G1 Evacuation Pause) 59M->48M(72M) 8.150ms
[2020-12-23T02:19:45.773-0400][gc,cpu         ] GC(369512) User=0.02s Sys=0.01s Real=0.01s
[2020-12-23T02:19:45.773-0400][gc             ] GC(369513) Concurrent Cycle
[2020-12-23T02:19:45.774-0400][gc,marking     ] GC(369513) Concurrent Clear Claimed Marks
[2020-12-23T02:19:45.774-0400][gc,marking     ] GC(369513) Concurrent Clear Claimed Marks 0.304ms
[2020-12-23T02:19:45.774-0400][gc,marking     ] GC(369513) Concurrent Scan Root Regions
[2020-12-23T02:19:45.778-0400][gc,marking     ] GC(369513) Concurrent Scan Root Regions 3.985ms
[2020-12-23T02:19:45.778-0400][gc,marking     ] GC(369513) Concurrent Mark (3200900.533s)
[2020-12-23T02:19:45.778-0400][gc,marking     ] GC(369513) Concurrent Mark From Roots
[2020-12-23T02:19:45.778-0400][gc,task        ] GC(369513) Using 1 workers of 1 for marking
[2020-12-23T02:19:46.100-0400][gc,marking     ] GC(369513) Concurrent Mark From Roots 321.991ms
[2020-12-23T02:19:46.100-0400][gc,marking     ] GC(369513) Concurrent Preclean
[2020-12-23T02:19:46.101-0400][gc,marking     ] GC(369513) Concurrent Preclean 0.704ms
[2020-12-23T02:19:46.101-0400][gc,marking     ] GC(369513) Concurrent Mark (3200900.533s, 3200900.856s) 322.944ms
[2020-12-23T02:19:46.102-0400][gc,start       ] GC(369513) Pause Remark
[2020-12-23T02:19:46.148-0400][gc,stringtable ] GC(369513) Cleaned string and symbol table, strings: 32393 processed, 73 removed, symbols: 131487 processed, 0 removed
[2020-12-23T02:19:46.149-0400][gc             ] GC(369513) Pause Remark 48M->48M(72M) 47.068ms
[2020-12-23T02:19:46.149-0400][gc,cpu         ] GC(369513) User=0.15s Sys=0.00s Real=0.05s
[2020-12-23T02:19:46.149-0400][gc,marking     ] GC(369513) Concurrent Rebuild Remembered Sets
[2020-12-23T02:19:46.335-0400][gc,marking     ] GC(369513) Concurrent Rebuild Remembered Sets 185.570ms
[2020-12-23T02:19:46.336-0400][gc,start       ] GC(369513) Pause Cleanup
[2020-12-23T02:19:46.336-0400][gc             ] GC(369513) Pause Cleanup 48M->48M(72M) 0.505ms
[2020-12-23T02:19:46.336-0400][gc,cpu         ] GC(369513) User=0.00s Sys=0.00s Real=0.01s
[2020-12-23T02:19:46.336-0400][gc,marking     ] GC(369513) Concurrent Cleanup for Next Mark
[2020-12-23T02:19:46.337-0400][gc,marking     ] GC(369513) Concurrent Cleanup for Next Mark 0.933ms
[2020-12-23T02:19:46.338-0400][gc             ] GC(369513) Concurrent Cycle 564.062ms
[2020-12-23T02:20:15.703-0400][gc,heap        ] GC(369514) Heap before GC invocations=369490 (full 10708): garbage-first heap   total 73728K, used 59406K [0x0000000083000000, 0x0000000100000000)
[2020-12-23T02:20:15.704-0400][gc,heap        ] GC(369514)   region size 1024K, 12 young (12288K), 1 survivors (1024K)
[2020-12-23T02:20:15.704-0400][gc,heap        ] GC(369514)  Metaspace       used 61050K, capacity 63785K, committed 64768K, reserved 1107968K
[2020-12-23T02:20:15.704-0400][gc,heap        ] GC(369514)   class space    used 5722K, capacity 6577K, committed 6912K, reserved 1048576K
[2020-12-23T02:20:15.704-0400][gc,start       ] GC(369514) Pause Young (Normal) (G1 Evacuation Pause)
[2020-12-23T02:20:15.704-0400][gc,task        ] GC(369514) Using 4 workers of 4 for evacuation
[2020-12-23T02:20:15.711-0400][gc,phases      ] GC(369514)   Pre Evacuate Collection Set: 0.0ms
[2020-12-23T02:20:15.711-0400][gc,phases      ] GC(369514)   Evacuate Collection Set: 4.7ms
[2020-12-23T02:20:15.711-0400][gc,phases      ] GC(369514)   Post Evacuate Collection Set: 1.7ms
[2020-12-23T02:20:15.711-0400][gc,phases      ] GC(369514)   Other: 0.9ms
[2020-12-23T02:20:15.711-0400][gc,heap        ] GC(369514) Eden regions: 11->0(11)
[2020-12-23T02:20:15.711-0400][gc,heap        ] GC(369514) Survivor regions: 1->1(2)
[2020-12-23T02:20:15.711-0400][gc,heap        ] GC(369514) Old regions: 46->46
[2020-12-23T02:20:15.711-0400][gc,heap        ] GC(369514) Humongous regions: 4->4
[2020-12-23T02:20:15.711-0400][gc,metaspace   ] GC(369514) Metaspace: 61050K->61050K(1107968K)
[2020-12-23T02:20:15.711-0400][gc,heap        ] GC(369514) Heap after GC invocations=369491 (full 10708): garbage-first heap   total 73728K, used 49200K [0x0000000083000000, 0x0000000100000000)
[2020-12-23T02:20:15.711-0400][gc,heap        ] GC(369514)   region size 1024K, 1 young (1024K), 1 survivors (1024K)
[2020-12-23T02:20:15.711-0400][gc,heap        ] GC(369514)  Metaspace       used 61050K, capacity 63785K, committed 64768K, reserved 1107968K
[2020-12-23T02:20:15.711-0400][gc,heap        ] GC(369514)   class space    used 5722K, capacity 6577K, committed 6912K, reserved 1048576K
[2020-12-23T02:20:15.712-0400][gc             ] GC(369514) Pause Young (Normal) (G1 Evacuation Pause) 58M->48M(72M) 7.671ms
[2020-12-23T02:20:15.712-0400][gc,cpu         ] GC(369514) User=0.02s Sys=0.01s Real=0.01s
[2020-12-23T02:20:35.707-0400][gc,heap        ] GC(369515) Heap before GC invocations=369491 (full 10708): garbage-first heap   total 73728K, used 59440K [0x0000000083000000, 0x0000000100000000)
[2020-12-23T02:20:35.707-0400][gc,heap        ] GC(369515)   region size 1024K, 12 young (12288K), 1 survivors (1024K)
[2020-12-23T02:20:35.707-0400][gc,heap        ] GC(369515)  Metaspace       used 61050K, capacity 63785K, committed 64768K, reserved 1107968K
[2020-12-23T02:20:35.707-0400][gc,heap        ] GC(369515)   class space    used 5722K, capacity 6577K, committed 6912K, reserved 1048576K
[2020-12-23T02:20:35.707-0400][gc,start       ] GC(369515) Pause Young (Concurrent Start) (G1 Evacuation Pause)
[2020-12-23T02:20:35.707-0400][gc,task        ] GC(369515) Using 4 workers of 4 for evacuation
[2020-12-23T02:20:35.715-0400][gc,phases      ] GC(369515)   Pre Evacuate Collection Set: 0.2ms
[2020-12-23T02:20:35.715-0400][gc,phases      ] GC(369515)   Evacuate Collection Set: 5.0ms
[2020-12-23T02:20:35.715-0400][gc,phases      ] GC(369515)   Post Evacuate Collection Set: 1.6ms
[2020-12-23T02:20:35.715-0400][gc,phases      ] GC(369515)   Other: 1.1ms
[2020-12-23T02:20:35.715-0400][gc,heap        ] GC(369515) Eden regions: 11->0(11)
[2020-12-23T02:20:35.715-0400][gc,heap        ] GC(369515) Survivor regions: 1->1(2)
[2020-12-23T02:20:35.715-0400][gc,heap        ] GC(369515) Old regions: 46->46
[2020-12-23T02:20:35.715-0400][gc,heap        ] GC(369515) Humongous regions: 4->4
[2020-12-23T02:20:35.715-0400][gc,metaspace   ] GC(369515) Metaspace: 61050K->61050K(1107968K)
[2020-12-23T02:20:35.715-0400][gc,heap        ] GC(369515) Heap after GC invocations=369492 (full 10708): garbage-first heap   total 73728K, used 49167K [0x0000000083000000, 0x0000000100000000)
[2020-12-23T02:20:35.715-0400][gc,heap        ] GC(369515)   region size 1024K, 1 young (1024K), 1 survivors (1024K)
[2020-12-23T02:20:35.715-0400][gc,heap        ] GC(369515)  Metaspace       used 61050K, capacity 63785K, committed 64768K, reserved 1107968K
[2020-12-23T02:20:35.715-0400][gc,heap        ] GC(369515)   class space    used 5722K, capacity 6577K, committed 6912K, reserved 1048576K
[2020-12-23T02:20:35.715-0400][gc             ] GC(369515) Pause Young (Concurrent Start) (G1 Evacuation Pause) 59M->48M(72M) 8.331ms
[2020-12-23T02:20:35.716-0400][gc,cpu         ] GC(369515) User=0.02s Sys=0.00s Real=0.00s
[2020-12-23T02:20:35.716-0400][gc             ] GC(369516) Concurrent Cycle
[2020-12-23T02:20:35.716-0400][gc,marking     ] GC(369516) Concurrent Clear Claimed Marks
[2020-12-23T02:20:35.716-0400][gc,marking     ] GC(369516) Concurrent Clear Claimed Marks 0.350ms
[2020-12-23T02:20:35.716-0400][gc,marking     ] GC(369516) Concurrent Scan Root Regions
[2020-12-23T02:20:35.720-0400][gc,marking     ] GC(369516) Concurrent Scan Root Regions 3.632ms
[2020-12-23T02:20:35.720-0400][gc,marking     ] GC(369516) Concurrent Mark (3200950.475s)
[2020-12-23T02:20:35.720-0400][gc,marking     ] GC(369516) Concurrent Mark From Roots
[2020-12-23T02:20:35.720-0400][gc,task        ] GC(369516) Using 1 workers of 1 for marking
[2020-12-23T02:20:36.044-0400][gc,marking     ] GC(369516) Concurrent Mark From Roots 323.735ms
[2020-12-23T02:20:36.044-0400][gc,marking     ] GC(369516) Concurrent Preclean
[2020-12-23T02:20:36.045-0400][gc,marking     ] GC(369516) Concurrent Preclean 0.690ms
[2020-12-23T02:20:36.045-0400][gc,marking     ] GC(369516) Concurrent Mark (3200950.475s, 3200950.799s) 324.697ms
[2020-12-23T02:20:36.046-0400][gc,start       ] GC(369516) Pause Remark
[2020-12-23T02:20:36.088-0400][gc,stringtable ] GC(369516) Cleaned string and symbol table, strings: 32320 processed, 0 removed, symbols: 131487 processed, 0 removed
[2020-12-23T02:20:36.088-0400][gc             ] GC(369516) Pause Remark 48M->48M(72M) 42.610ms
[2020-12-23T02:20:36.088-0400][gc,cpu         ] GC(369516) User=0.10s Sys=0.06s Real=0.05s
[2020-12-23T02:20:36.089-0400][gc,marking     ] GC(369516) Concurrent Rebuild Remembered Sets
[2020-12-23T02:20:36.280-0400][gc,marking     ] GC(369516) Concurrent Rebuild Remembered Sets 190.928ms
[2020-12-23T02:20:36.280-0400][gc,start       ] GC(369516) Pause Cleanup
[2020-12-23T02:20:36.281-0400][gc             ] GC(369516) Pause Cleanup 48M->48M(72M) 0.536ms
[2020-12-23T02:20:36.281-0400][gc,cpu         ] GC(369516) User=0.00s Sys=0.00s Real=0.00s
[2020-12-23T02:20:36.281-0400][gc,marking     ] GC(369516) Concurrent Cleanup for Next Mark
[2020-12-23T02:20:36.282-0400][gc,marking     ] GC(369516) Concurrent Cleanup for Next Mark 1.133ms
[2020-12-23T02:20:36.283-0400][gc             ] GC(369516) Concurrent Cycle 566.797ms
[2020-12-23T02:21:10.736-0400][gc,heap        ] GC(369517) Heap before GC invocations=369493 (full 10708): garbage-first heap   total 73728K, used 59407K [0x0000000083000000, 0x0000000100000000)
[2020-12-23T02:21:10.736-0400][gc,heap        ] GC(369517)   region size 1024K, 12 young (12288K), 1 survivors (1024K)
[2020-12-23T02:21:10.737-0400][gc,heap        ] GC(369517)  Metaspace       used 61050K, capacity 63785K, committed 64768K, reserved 1107968K
[2020-12-23T02:21:10.737-0400][gc,heap        ] GC(369517)   class space    used 5722K, capacity 6577K, committed 6912K, reserved 1048576K
[2020-12-23T02:21:10.737-0400][gc,start       ] GC(369517) Pause Young (Normal) (G1 Evacuation Pause)
[2020-12-23T02:21:10.737-0400][gc,task        ] GC(369517) Using 4 workers of 4 for evacuation
[2020-12-23T02:21:10.745-0400][gc,phases      ] GC(369517)   Pre Evacuate Collection Set: 0.0ms
[2020-12-23T02:21:10.745-0400][gc,phases      ] GC(369517)   Evacuate Collection Set: 5.6ms
[2020-12-23T02:21:10.745-0400][gc,phases      ] GC(369517)   Post Evacuate Collection Set: 2.0ms
[2020-12-23T02:21:10.745-0400][gc,phases      ] GC(369517)   Other: 1.0ms
[2020-12-23T02:21:10.745-0400][gc,heap        ] GC(369517) Eden regions: 11->0(11)
[2020-12-23T02:21:10.745-0400][gc,heap        ] GC(369517) Survivor regions: 1->1(2)
[2020-12-23T02:21:10.745-0400][gc,heap        ] GC(369517) Old regions: 46->46
[2020-12-23T02:21:10.745-0400][gc,heap        ] GC(369517) Humongous regions: 4->4
[2020-12-23T02:21:10.745-0400][gc,metaspace   ] GC(369517) Metaspace: 61050K->61050K(1107968K)
[2020-12-23T02:21:10.745-0400][gc,heap        ] GC(369517) Heap after GC invocations=369494 (full 10708): garbage-first heap   total 73728K, used 49332K [0x0000000083000000, 0x0000000100000000)
[2020-12-23T02:21:10.745-0400][gc,heap        ] GC(369517)   region size 1024K, 1 young (1024K), 1 survivors (1024K)
[2020-12-23T02:21:10.745-0400][gc,heap        ] GC(369517)  Metaspace       used 61050K, capacity 63785K, committed 64768K, reserved 1107968K
[2020-12-23T02:21:10.745-0400][gc,heap        ] GC(369517)   class space    used 5722K, capacity 6577K, committed 6912K, reserved 1048576K
[2020-12-23T02:21:10.746-0400][gc             ] GC(369517) Pause Young (Normal) (G1 Evacuation Pause) 59M->48M(72M) 8.791ms
[2020-12-23T02:21:10.746-0400][gc,cpu         ] GC(369517) User=0.03s Sys=0.00s Real=0.01s
[2020-12-23T02:21:50.924-0400][gc,task        ] GC(369518) Using 3 workers of 4 for full compaction
[2020-12-23T02:21:50.924-0400][gc,start       ] GC(369518) Pause Full (System.gc())
[2020-12-23T02:21:50.924-0400][gc,heap        ] GC(369518) Heap before GC invocations=369494 (full 10708): garbage-first heap   total 73728K, used 57524K [0x0000000083000000, 0x0000000100000000)
[2020-12-23T02:21:50.924-0400][gc,heap        ] GC(369518)   region size 1024K, 11 young (11264K), 1 survivors (1024K)
[2020-12-23T02:21:50.924-0400][gc,heap        ] GC(369518)  Metaspace       used 61050K, capacity 63785K, committed 64768K, reserved 1107968K
[2020-12-23T02:21:50.924-0400][gc,heap        ] GC(369518)   class space    used 5722K, capacity 6577K, committed 6912K, reserved 1048576K
[2020-12-23T02:21:50.927-0400][gc,phases,start] GC(369518) Phase 1: Mark live objects
[2020-12-23T02:21:51.071-0400][gc,stringtable ] GC(369518) Cleaned string and symbol table, strings: 32320 processed, 0 removed, symbols: 131487 processed, 0 removed
[2020-12-23T02:21:51.071-0400][gc,phases      ] GC(369518) Phase 1: Mark live objects 144.218ms
[2020-12-23T02:21:51.071-0400][gc,phases,start] GC(369518) Phase 2: Prepare for compaction
[2020-12-23T02:21:51.101-0400][gc,phases      ] GC(369518) Phase 2: Prepare for compaction 30.295ms
[2020-12-23T02:21:51.101-0400][gc,phases,start] GC(369518) Phase 3: Adjust pointers
[2020-12-23T02:21:51.180-0400][gc,phases      ] GC(369518) Phase 3: Adjust pointers 78.154ms
[2020-12-23T02:21:51.180-0400][gc,phases,start] GC(369518) Phase 4: Compact heap
[2020-12-23T02:21:51.200-0400][gc,phases      ] GC(369518) Phase 4: Compact heap 20.463ms
[2020-12-23T02:21:51.236-0400][gc,heap        ] GC(369518) Eden regions: 10->0(12)
[2020-12-23T02:21:51.237-0400][gc,heap        ] GC(369518) Survivor regions: 1->0(2)
[2020-12-23T02:21:51.237-0400][gc,heap        ] GC(369518) Old regions: 46->46
[2020-12-23T02:21:51.237-0400][gc,heap        ] GC(369518) Humongous regions: 4->4
[2020-12-23T02:21:51.237-0400][gc,metaspace   ] GC(369518) Metaspace: 61050K->61050K(1107968K)
[2020-12-23T02:21:51.237-0400][gc,heap        ] GC(369518) Heap after GC invocations=369495 (full 10709): garbage-first heap   total 73728K, used 48758K [0x0000000083000000, 0x0000000100000000)
[2020-12-23T02:21:51.237-0400][gc,heap        ] GC(369518)   region size 1024K, 0 young (0K), 0 survivors (0K)
[2020-12-23T02:21:51.237-0400][gc,heap        ] GC(369518)  Metaspace       used 61050K, capacity 63785K, committed 64768K, reserved 1107968K
[2020-12-23T02:21:51.237-0400][gc,heap        ] GC(369518)   class space    used 5722K, capacity 6577K, committed 6912K, reserved 1048576K
[2020-12-23T02:21:51.237-0400][gc             ] GC(369518) Pause Full (System.gc()) 57M->47M(72M) 313.060ms
[2020-12-23T02:21:51.237-0400][gc,cpu         ] GC(369518) User=0.84s Sys=0.00s Real=0.32s
[2020-12-23T02:22:23.891-0400][gc,heap        ] GC(369519) Heap before GC invocations=369495 (full 10709): garbage-first heap   total 73728K, used 60022K [0x0000000083000000, 0x0000000100000000)
[2020-12-23T02:22:23.891-0400][gc,heap        ] GC(369519)   region size 1024K, 12 young (12288K), 0 survivors (0K)
[2020-12-23T02:22:23.891-0400][gc,heap        ] GC(369519)  Metaspace       used 61050K, capacity 63785K, committed 64768K, reserved 1107968K
[2020-12-23T02:22:23.891-0400][gc,heap        ] GC(369519)   class space    used 5722K, capacity 6577K, committed 6912K, reserved 1048576K
[2020-12-23T02:22:23.891-0400][gc,start       ] GC(369519) Pause Young (Concurrent Start) (G1 Evacuation Pause)
[2020-12-23T02:22:23.891-0400][gc,task        ] GC(369519) Using 4 workers of 4 for evacuation
[2020-12-23T02:22:23.898-0400][gc,phases      ] GC(369519)   Pre Evacuate Collection Set: 0.2ms
[2020-12-23T02:22:23.898-0400][gc,phases      ] GC(369519)   Evacuate Collection Set: 4.5ms
[2020-12-23T02:22:23.898-0400][gc,phases      ] GC(369519)   Post Evacuate Collection Set: 1.9ms
[2020-12-23T02:22:23.898-0400][gc,phases      ] GC(369519)   Other: 0.9ms
[2020-12-23T02:22:23.898-0400][gc,heap        ] GC(369519) Eden regions: 12->0(11)
[2020-12-23T02:22:23.899-0400][gc,heap        ] GC(369519) Survivor regions: 0->1(2)
[2020-12-23T02:22:23.899-0400][gc,heap        ] GC(369519) Old regions: 46->46
[2020-12-23T02:22:23.899-0400][gc,heap        ] GC(369519) Humongous regions: 4->4
[2020-12-23T02:22:23.899-0400][gc,metaspace   ] GC(369519) Metaspace: 61050K->61050K(1107968K)
[2020-12-23T02:22:23.899-0400][gc,heap        ] GC(369519) Heap after GC invocations=369496 (full 10709): garbage-first heap   total 73728K, used 49042K [0x0000000083000000, 0x0000000100000000)
[2020-12-23T02:22:23.899-0400][gc,heap        ] GC(369519)   region size 1024K, 1 young (1024K), 1 survivors (1024K)
[2020-12-23T02:22:23.899-0400][gc,heap        ] GC(369519)  Metaspace       used 61050K, capacity 63785K, committed 64768K, reserved 1107968K
[2020-12-23T02:22:23.899-0400][gc,heap        ] GC(369519)   class space    used 5722K, capacity 6577K, committed 6912K, reserved 1048576K
[2020-12-23T02:22:23.899-0400][gc             ] GC(369519) Pause Young (Concurrent Start) (G1 Evacuation Pause) 59M->47M(72M) 7.938ms
[2020-12-23T02:22:23.899-0400][gc,cpu         ] GC(369519) User=0.02s Sys=0.00s Real=0.01s
[2020-12-23T02:22:23.899-0400][gc             ] GC(369520) Concurrent Cycle
[2020-12-23T02:22:23.899-0400][gc,marking     ] GC(369520) Concurrent Clear Claimed Marks
[2020-12-23T02:22:23.900-0400][gc,marking     ] GC(369520) Concurrent Clear Claimed Marks 0.374ms
[2020-12-23T02:22:23.900-0400][gc,marking     ] GC(369520) Concurrent Scan Root Regions
[2020-12-23T02:22:23.903-0400][gc,marking     ] GC(369520) Concurrent Scan Root Regions 3.064ms
[2020-12-23T02:22:23.903-0400][gc,marking     ] GC(369520) Concurrent Mark (3201058.658s)
[2020-12-23T02:22:23.903-0400][gc,marking     ] GC(369520) Concurrent Mark From Roots
[2020-12-23T02:22:23.903-0400][gc,task        ] GC(369520) Using 1 workers of 1 for marking
[2020-12-23T02:22:24.222-0400][gc,marking     ] GC(369520) Concurrent Mark From Roots 318.845ms
[2020-12-23T02:22:24.222-0400][gc,marking     ] GC(369520) Concurrent Preclean
[2020-12-23T02:22:24.223-0400][gc,marking     ] GC(369520) Concurrent Preclean 0.692ms
[2020-12-23T02:22:24.223-0400][gc,marking     ] GC(369520) Concurrent Mark (3201058.658s, 3201058.977s) 319.817ms
[2020-12-23T02:22:24.223-0400][gc,start       ] GC(369520) Pause Remark
[2020-12-23T02:22:24.265-0400][gc,stringtable ] GC(369520) Cleaned string and symbol table, strings: 32320 processed, 0 removed, symbols: 131487 processed, 0 removed
[2020-12-23T02:22:24.266-0400][gc             ] GC(369520) Pause Remark 48M->48M(72M) 42.590ms
[2020-12-23T02:22:24.266-0400][gc,cpu         ] GC(369520) User=0.10s Sys=0.07s Real=0.05s
[2020-12-23T02:22:24.266-0400][gc,marking     ] GC(369520) Concurrent Rebuild Remembered Sets
[2020-12-23T02:22:24.453-0400][gc,marking     ] GC(369520) Concurrent Rebuild Remembered Sets 186.927ms
[2020-12-23T02:22:24.454-0400][gc,start       ] GC(369520) Pause Cleanup
[2020-12-23T02:22:24.455-0400][gc             ] GC(369520) Pause Cleanup 48M->48M(72M) 0.466ms
[2020-12-23T02:22:24.455-0400][gc,cpu         ] GC(369520) User=0.00s Sys=0.00s Real=0.00s
[2020-12-23T02:22:24.455-0400][gc,marking     ] GC(369520) Concurrent Cleanup for Next Mark
[2020-12-23T02:22:24.456-0400][gc,marking     ] GC(369520) Concurrent Cleanup for Next Mark 0.902ms
[2020-12-23T02:22:24.456-0400][gc             ] GC(369520) Concurrent Cycle 556.840ms
[2020-12-23T02:23:07.036-0400][gc,heap        ] GC(369521) Heap before GC invocations=369497 (full 10709): garbage-first heap   total 73728K, used 59282K [0x0000000083000000, 0x0000000100000000)
[2020-12-23T02:23:07.036-0400][gc,heap        ] GC(369521)   region size 1024K, 12 young (12288K), 1 survivors (1024K)
[2020-12-23T02:23:07.036-0400][gc,heap        ] GC(369521)  Metaspace       used 61050K, capacity 63785K, committed 64768K, reserved 1107968K
[2020-12-23T02:23:07.036-0400][gc,heap        ] GC(369521)   class space    used 5722K, capacity 6577K, committed 6912K, reserved 1048576K
[2020-12-23T02:23:07.036-0400][gc,start       ] GC(369521) Pause Young (Normal) (G1 Evacuation Pause)
[2020-12-23T02:23:07.036-0400][gc,task        ] GC(369521) Using 4 workers of 4 for evacuation
[2020-12-23T02:23:07.044-0400][gc,phases      ] GC(369521)   Pre Evacuate Collection Set: 0.0ms
[2020-12-23T02:23:07.044-0400][gc,phases      ] GC(369521)   Evacuate Collection Set: 4.9ms
[2020-12-23T02:23:07.044-0400][gc,phases      ] GC(369521)   Post Evacuate Collection Set: 2.0ms
[2020-12-23T02:23:07.044-0400][gc,phases      ] GC(369521)   Other: 0.8ms
[2020-12-23T02:23:07.044-0400][gc,heap        ] GC(369521) Eden regions: 11->0(11)
[2020-12-23T02:23:07.044-0400][gc,heap        ] GC(369521) Survivor regions: 1->1(2)
[2020-12-23T02:23:07.044-0400][gc,heap        ] GC(369521) Old regions: 46->46
[2020-12-23T02:23:07.044-0400][gc,heap        ] GC(369521) Humongous regions: 4->4
[2020-12-23T02:23:07.044-0400][gc,metaspace   ] GC(369521) Metaspace: 61050K->61050K(1107968K)
[2020-12-23T02:23:07.044-0400][gc,heap        ] GC(369521) Heap after GC invocations=369498 (full 10709): garbage-first heap   total 73728K, used 49195K [0x0000000083000000, 0x0000000100000000)
[2020-12-23T02:23:07.044-0400][gc,heap        ] GC(369521)   region size 1024K, 1 young (1024K), 1 survivors (1024K)
[2020-12-23T02:23:07.044-0400][gc,heap        ] GC(369521)  Metaspace       used 61050K, capacity 63785K, committed 64768K, reserved 1107968K
[2020-12-23T02:23:07.044-0400][gc,heap        ] GC(369521)   class space    used 5722K, capacity 6577K, committed 6912K, reserved 1048576K
[2020-12-23T02:23:07.044-0400][gc             ] GC(369521) Pause Young (Normal) (G1 Evacuation Pause) 58M->48M(72M) 8.185ms
[2020-12-23T02:23:07.044-0400][gc,cpu         ] GC(369521) User=0.02s Sys=0.00s Real=0.00s
[2020-12-23T02:23:44.294-0400][gc,heap        ] GC(369522) Heap before GC invocations=369498 (full 10709): garbage-first heap   total 73728K, used 60459K [0x0000000083000000, 0x0000000100000000)
[2020-12-23T02:23:44.295-0400][gc,heap        ] GC(369522)   region size 1024K, 12 young (12288K), 1 survivors (1024K)
[2020-12-23T02:23:44.295-0400][gc,heap        ] GC(369522)  Metaspace       used 61050K, capacity 63785K, committed 64768K, reserved 1107968K
[2020-12-23T02:23:44.295-0400][gc,heap        ] GC(369522)   class space    used 5722K, capacity 6577K, committed 6912K, reserved 1048576K
[2020-12-23T02:23:44.295-0400][gc,start       ] GC(369522) Pause Young (Concurrent Start) (G1 Evacuation Pause)
[2020-12-23T02:23:44.295-0400][gc,task        ] GC(369522) Using 4 workers of 4 for evacuation
[2020-12-23T02:23:44.302-0400][gc,phases      ] GC(369522)   Pre Evacuate Collection Set: 0.2ms
[2020-12-23T02:23:44.302-0400][gc,phases      ] GC(369522)   Evacuate Collection Set: 4.6ms
[2020-12-23T02:23:44.302-0400][gc,phases      ] GC(369522)   Post Evacuate Collection Set: 1.6ms
[2020-12-23T02:23:44.302-0400][gc,phases      ] GC(369522)   Other: 1.0ms
[2020-12-23T02:23:44.302-0400][gc,heap        ] GC(369522) Eden regions: 11->0(11)
[2020-12-23T02:23:44.302-0400][gc,heap        ] GC(369522) Survivor regions: 1->1(2)
[2020-12-23T02:23:44.302-0400][gc,heap        ] GC(369522) Old regions: 46->46
[2020-12-23T02:23:44.302-0400][gc,heap        ] GC(369522) Humongous regions: 4->4
[2020-12-23T02:23:44.302-0400][gc,metaspace   ] GC(369522) Metaspace: 61050K->61050K(1107968K)
[2020-12-23T02:23:44.302-0400][gc,heap        ] GC(369522) Heap after GC invocations=369499 (full 10709): garbage-first heap   total 73728K, used 49140K [0x0000000083000000, 0x0000000100000000)
[2020-12-23T02:23:44.302-0400][gc,heap        ] GC(369522)   region size 1024K, 1 young (1024K), 1 survivors (1024K)
[2020-12-23T02:23:44.302-0400][gc,heap        ] GC(369522)  Metaspace       used 61050K, capacity 63785K, committed 64768K, reserved 1107968K
[2020-12-23T02:23:44.302-0400][gc,heap        ] GC(369522)   class space    used 5722K, capacity 6577K, committed 6912K, reserved 1048576K
[2020-12-23T02:23:44.302-0400][gc             ] GC(369522) Pause Young (Concurrent Start) (G1 Evacuation Pause) 59M->47M(72M) 7.642ms
[2020-12-23T02:23:44.303-0400][gc,cpu         ] GC(369522) User=0.01s Sys=0.01s Real=0.01s
[2020-12-23T02:23:44.304-0400][gc             ] GC(369523) Concurrent Cycle
[2020-12-23T02:23:44.304-0400][gc,marking     ] GC(369523) Concurrent Clear Claimed Marks
[2020-12-23T02:23:44.305-0400][gc,marking     ] GC(369523) Concurrent Clear Claimed Marks 0.377ms
[2020-12-23T02:23:44.305-0400][gc,marking     ] GC(369523) Concurrent Scan Root Regions
[2020-12-23T02:23:44.307-0400][gc,marking     ] GC(369523) Concurrent Scan Root Regions 2.654ms
[2020-12-23T02:23:44.308-0400][gc,marking     ] GC(369523) Concurrent Mark (3201139.062s)
[2020-12-23T02:23:44.308-0400][gc,marking     ] GC(369523) Concurrent Mark From Roots
[2020-12-23T02:23:44.308-0400][gc,task        ] GC(369523) Using 1 workers of 1 for marking
[2020-12-23T02:23:44.625-0400][gc,marking     ] GC(369523) Concurrent Mark From Roots 317.008ms
[2020-12-23T02:23:44.625-0400][gc,marking     ] GC(369523) Concurrent Preclean
[2020-12-23T02:23:44.625-0400][gc,marking     ] GC(369523) Concurrent Preclean 0.621ms
[2020-12-23T02:23:44.625-0400][gc,marking     ] GC(369523) Concurrent Mark (3201139.062s, 3201139.380s) 317.903ms
[2020-12-23T02:23:44.626-0400][gc,start       ] GC(369523) Pause Remark
[2020-12-23T02:23:44.666-0400][gc,stringtable ] GC(369523) Cleaned string and symbol table, strings: 32320 processed, 0 removed, symbols: 131487 processed, 0 removed
[2020-12-23T02:23:44.667-0400][gc             ] GC(369523) Pause Remark 48M->48M(72M) 40.966ms
[2020-12-23T02:23:44.667-0400][gc,cpu         ] GC(369523) User=0.15s Sys=0.00s Real=0.04s
[2020-12-23T02:23:44.667-0400][gc,marking     ] GC(369523) Concurrent Rebuild Remembered Sets
[2020-12-23T02:23:44.855-0400][gc,marking     ] GC(369523) Concurrent Rebuild Remembered Sets 187.711ms
[2020-12-23T02:23:44.856-0400][gc,start       ] GC(369523) Pause Cleanup
[2020-12-23T02:23:44.856-0400][gc             ] GC(369523) Pause Cleanup 48M->48M(72M) 0.440ms
[2020-12-23T02:23:44.857-0400][gc,cpu         ] GC(369523) User=0.00s Sys=0.00s Real=0.00s
[2020-12-23T02:23:44.857-0400][gc,marking     ] GC(369523) Concurrent Cleanup for Next Mark
[2020-12-23T02:23:44.858-0400][gc,marking     ] GC(369523) Concurrent Cleanup for Next Mark 0.965ms
[2020-12-23T02:23:44.858-0400][gc             ] GC(369523) Concurrent Cycle 553.998ms
[2020-12-23T02:24:21.687-0400][gc,heap        ] GC(369524) Heap before GC invocations=369500 (full 10709): garbage-first heap   total 73728K, used 59380K [0x0000000083000000, 0x0000000100000000)
[2020-12-23T02:24:21.687-0400][gc,heap        ] GC(369524)   region size 1024K, 12 young (12288K), 1 survivors (1024K)
[2020-12-23T02:24:21.687-0400][gc,heap        ] GC(369524)  Metaspace       used 61050K, capacity 63785K, committed 64768K, reserved 1107968K
[2020-12-23T02:24:21.687-0400][gc,heap        ] GC(369524)   class space    used 5722K, capacity 6577K, committed 6912K, reserved 1048576K
[2020-12-23T02:24:21.687-0400][gc,start       ] GC(369524) Pause Young (Normal) (G1 Evacuation Pause)
[2020-12-23T02:24:21.687-0400][gc,task        ] GC(369524) Using 4 workers of 4 for evacuation
[2020-12-23T02:24:21.694-0400][gc,phases      ] GC(369524)   Pre Evacuate Collection Set: 0.0ms
[2020-12-23T02:24:21.694-0400][gc,phases      ] GC(369524)   Evacuate Collection Set: 4.4ms
[2020-12-23T02:24:21.694-0400][gc,phases      ] GC(369524)   Post Evacuate Collection Set: 1.6ms
[2020-12-23T02:24:21.694-0400][gc,phases      ] GC(369524)   Other: 0.8ms
[2020-12-23T02:24:21.694-0400][gc,heap        ] GC(369524) Eden regions: 11->0(11)
[2020-12-23T02:24:21.694-0400][gc,heap        ] GC(369524) Survivor regions: 1->1(2)
[2020-12-23T02:24:21.694-0400][gc,heap        ] GC(369524) Old regions: 46->46
[2020-12-23T02:24:21.694-0400][gc,heap        ] GC(369524) Humongous regions: 4->4
[2020-12-23T02:24:21.694-0400][gc,metaspace   ] GC(369524) Metaspace: 61050K->61050K(1107968K)
[2020-12-23T02:24:21.694-0400][gc,heap        ] GC(369524) Heap after GC invocations=369501 (full 10709): garbage-first heap   total 73728K, used 49071K [0x0000000083000000, 0x0000000100000000)
[2020-12-23T02:24:21.694-0400][gc,heap        ] GC(369524)   region size 1024K, 1 young (1024K), 1 survivors (1024K)
[2020-12-23T02:24:21.694-0400][gc,heap        ] GC(369524)  Metaspace       used 61050K, capacity 63785K, committed 64768K, reserved 1107968K
[2020-12-23T02:24:21.694-0400][gc,heap        ] GC(369524)   class space    used 5722K, capacity 6577K, committed 6912K, reserved 1048576K
[2020-12-23T02:24:21.694-0400][gc             ] GC(369524) Pause Young (Normal) (G1 Evacuation Pause) 58M->47M(72M) 7.237ms
[2020-12-23T02:24:21.695-0400][gc,cpu         ] GC(369524) User=0.01s Sys=0.01s Real=0.00s
[2020-12-23T02:24:53.892-0400][gc,heap        ] GC(369525) Heap before GC invocations=369501 (full 10709): garbage-first heap   total 73728K, used 59311K [0x0000000083000000, 0x0000000100000000)
[2020-12-23T02:24:53.892-0400][gc,heap        ] GC(369525)   region size 1024K, 12 young (12288K), 1 survivors (1024K)
[2020-12-23T02:24:53.892-0400][gc,heap        ] GC(369525)  Metaspace       used 61050K, capacity 63785K, committed 64768K, reserved 1107968K
[2020-12-23T02:24:53.892-0400][gc,heap        ] GC(369525)   class space    used 5722K, capacity 6577K, committed 6912K, reserved 1048576K
[2020-12-23T02:24:53.892-0400][gc,start       ] GC(369525) Pause Young (Concurrent Start) (G1 Evacuation Pause)
[2020-12-23T02:24:53.892-0400][gc,task        ] GC(369525) Using 4 workers of 4 for evacuation
[2020-12-23T02:24:53.899-0400][gc,phases      ] GC(369525)   Pre Evacuate Collection Set: 0.3ms
[2020-12-23T02:24:53.900-0400][gc,phases      ] GC(369525)   Evacuate Collection Set: 4.8ms
[2020-12-23T02:24:53.900-0400][gc,phases      ] GC(369525)   Post Evacuate Collection Set: 1.8ms
[2020-12-23T02:24:53.900-0400][gc,phases      ] GC(369525)   Other: 0.9ms
[2020-12-23T02:24:53.900-0400][gc,heap        ] GC(369525) Eden regions: 11->0(11)
[2020-12-23T02:24:53.900-0400][gc,heap        ] GC(369525) Survivor regions: 1->1(2)
[2020-12-23T02:24:53.900-0400][gc,heap        ] GC(369525) Old regions: 46->46
[2020-12-23T02:24:53.900-0400][gc,heap        ] GC(369525) Humongous regions: 4->4
[2020-12-23T02:24:53.900-0400][gc,metaspace   ] GC(369525) Metaspace: 61050K->61050K(1107968K)
[2020-12-23T02:24:53.900-0400][gc,heap        ] GC(369525) Heap after GC invocations=369502 (full 10709): garbage-first heap   total 73728K, used 49153K [0x0000000083000000, 0x0000000100000000)
[2020-12-23T02:24:53.900-0400][gc,heap        ] GC(369525)   region size 1024K, 1 young (1024K), 1 survivors (1024K)
[2020-12-23T02:24:53.900-0400][gc,heap        ] GC(369525)  Metaspace       used 61050K, capacity 63785K, committed 64768K, reserved 1107968K
[2020-12-23T02:24:53.900-0400][gc,heap        ] GC(369525)   class space    used 5722K, capacity 6577K, committed 6912K, reserved 1048576K
[2020-12-23T02:24:53.900-0400][gc             ] GC(369525) Pause Young (Concurrent Start) (G1 Evacuation Pause) 58M->48M(72M) 8.231ms
[2020-12-23T02:24:53.900-0400][gc,cpu         ] GC(369525) User=0.02s Sys=0.01s Real=0.01s
[2020-12-23T02:24:53.901-0400][gc             ] GC(369526) Concurrent Cycle
[2020-12-23T02:24:53.901-0400][gc,marking     ] GC(369526) Concurrent Clear Claimed Marks
[2020-12-23T02:24:53.901-0400][gc,marking     ] GC(369526) Concurrent Clear Claimed Marks 0.329ms
[2020-12-23T02:24:53.901-0400][gc,marking     ] GC(369526) Concurrent Scan Root Regions
[2020-12-23T02:24:53.905-0400][gc,marking     ] GC(369526) Concurrent Scan Root Regions 3.357ms
[2020-12-23T02:24:53.905-0400][gc,marking     ] GC(369526) Concurrent Mark (3201208.659s)
[2020-12-23T02:24:53.905-0400][gc,marking     ] GC(369526) Concurrent Mark From Roots
[2020-12-23T02:24:53.905-0400][gc,task        ] GC(369526) Using 1 workers of 1 for marking
[2020-12-23T02:24:54.227-0400][gc,marking     ] GC(369526) Concurrent Mark From Roots 322.497ms
[2020-12-23T02:24:54.227-0400][gc,marking     ] GC(369526) Concurrent Preclean
[2020-12-23T02:24:54.228-0400][gc,marking     ] GC(369526) Concurrent Preclean 0.783ms
[2020-12-23T02:24:54.228-0400][gc,marking     ] GC(369526) Concurrent Mark (3201208.659s, 3201208.983s) 323.659ms
[2020-12-23T02:24:54.229-0400][gc,start       ] GC(369526) Pause Remark
[2020-12-23T02:24:54.272-0400][gc,stringtable ] GC(369526) Cleaned string and symbol table, strings: 32320 processed, 0 removed, symbols: 131487 processed, 0 removed
[2020-12-23T02:24:54.273-0400][gc             ] GC(369526) Pause Remark 48M->48M(72M) 43.140ms
[2020-12-23T02:24:54.273-0400][gc,cpu         ] GC(369526) User=0.10s Sys=0.06s Real=0.04s
[2020-12-23T02:24:54.274-0400][gc,marking     ] GC(369526) Concurrent Rebuild Remembered Sets
[2020-12-23T02:24:54.461-0400][gc,marking     ] GC(369526) Concurrent Rebuild Remembered Sets 187.784ms
[2020-12-23T02:24:54.462-0400][gc,start       ] GC(369526) Pause Cleanup
[2020-12-23T02:24:54.463-0400][gc             ] GC(369526) Pause Cleanup 48M->48M(72M) 0.448ms
[2020-12-23T02:24:54.463-0400][gc,cpu         ] GC(369526) User=0.00s Sys=0.00s Real=0.00s
[2020-12-23T02:24:54.464-0400][gc,marking     ] GC(369526) Concurrent Cleanup for Next Mark
[2020-12-23T02:24:54.464-0400][gc,marking     ] GC(369526) Concurrent Cleanup for Next Mark 0.822ms
[2020-12-23T02:24:54.464-0400][gc             ] GC(369526) Concurrent Cycle 563.841ms
[2020-12-23T02:25:21.359-0400][gc,heap        ] GC(369527) Heap before GC invocations=369503 (full 10709): garbage-first heap   total 73728K, used 59393K [0x0000000083000000, 0x0000000100000000)
[2020-12-23T02:25:21.359-0400][gc,heap        ] GC(369527)   region size 1024K, 12 young (12288K), 1 survivors (1024K)
[2020-12-23T02:25:21.359-0400][gc,heap        ] GC(369527)  Metaspace       used 61050K, capacity 63785K, committed 64768K, reserved 1107968K
[2020-12-23T02:25:21.359-0400][gc,heap        ] GC(369527)   class space    used 5722K, capacity 6577K, committed 6912K, reserved 1048576K
[2020-12-23T02:25:21.359-0400][gc,start       ] GC(369527) Pause Young (Normal) (G1 Evacuation Pause)
[2020-12-23T02:25:21.359-0400][gc,task        ] GC(369527) Using 4 workers of 4 for evacuation
[2020-12-23T02:25:21.367-0400][gc,phases      ] GC(369527)   Pre Evacuate Collection Set: 0.0ms
[2020-12-23T02:25:21.367-0400][gc,phases      ] GC(369527)   Evacuate Collection Set: 5.3ms
[2020-12-23T02:25:21.367-0400][gc,phases      ] GC(369527)   Post Evacuate Collection Set: 1.7ms
[2020-12-23T02:25:21.367-0400][gc,phases      ] GC(369527)   Other: 1.0ms
[2020-12-23T02:25:21.367-0400][gc,heap        ] GC(369527) Eden regions: 11->0(11)
[2020-12-23T02:25:21.367-0400][gc,heap        ] GC(369527) Survivor regions: 1->1(2)
[2020-12-23T02:25:21.367-0400][gc,heap        ] GC(369527) Old regions: 46->46
[2020-12-23T02:25:21.367-0400][gc,heap        ] GC(369527) Humongous regions: 4->4
[2020-12-23T02:25:21.367-0400][gc,metaspace   ] GC(369527) Metaspace: 61050K->61050K(1107968K)
[2020-12-23T02:25:21.367-0400][gc,heap        ] GC(369527) Heap after GC invocations=369504 (full 10709): garbage-first heap   total 73728K, used 49272K [0x0000000083000000, 0x0000000100000000)
[2020-12-23T02:25:21.367-0400][gc,heap        ] GC(369527)   region size 1024K, 1 young (1024K), 1 survivors (1024K)
[2020-12-23T02:25:21.367-0400][gc,heap        ] GC(369527)  Metaspace       used 61050K, capacity 63785K, committed 64768K, reserved 1107968K
[2020-12-23T02:25:21.368-0400][gc,heap        ] GC(369527)   class space    used 5722K, capacity 6577K, committed 6912K, reserved 1048576K
[2020-12-23T02:25:21.368-0400][gc             ] GC(369527) Pause Young (Normal) (G1 Evacuation Pause) 59M->48M(72M) 8.341ms
[2020-12-23T02:25:21.368-0400][gc,cpu         ] GC(369527) User=0.03s Sys=0.00s Real=0.01s
[2020-12-23T02:26:07.771-0400][gc,heap        ] GC(369528) Heap before GC invocations=369504 (full 10709): garbage-first heap   total 73728K, used 59512K [0x0000000083000000, 0x0000000100000000)
[2020-12-23T02:26:07.771-0400][gc,heap        ] GC(369528)   region size 1024K, 12 young (12288K), 1 survivors (1024K)
[2020-12-23T02:26:07.771-0400][gc,heap        ] GC(369528)  Metaspace       used 61050K, capacity 63785K, committed 64768K, reserved 1107968K
[2020-12-23T02:26:07.771-0400][gc,heap        ] GC(369528)   class space    used 5722K, capacity 6577K, committed 6912K, reserved 1048576K
[2020-12-23T02:26:07.771-0400][gc,start       ] GC(369528) Pause Young (Concurrent Start) (G1 Evacuation Pause)
[2020-12-23T02:26:07.771-0400][gc,task        ] GC(369528) Using 4 workers of 4 for evacuation
[2020-12-23T02:26:07.779-0400][gc,phases      ] GC(369528)   Pre Evacuate Collection Set: 0.2ms
[2020-12-23T02:26:07.779-0400][gc,phases      ] GC(369528)   Evacuate Collection Set: 5.3ms
[2020-12-23T02:26:07.779-0400][gc,phases      ] GC(369528)   Post Evacuate Collection Set: 1.7ms
[2020-12-23T02:26:07.779-0400][gc,phases      ] GC(369528)   Other: 0.9ms
[2020-12-23T02:26:07.779-0400][gc,heap        ] GC(369528) Eden regions: 11->0(11)
[2020-12-23T02:26:07.779-0400][gc,heap        ] GC(369528) Survivor regions: 1->1(2)
[2020-12-23T02:26:07.779-0400][gc,heap        ] GC(369528) Old regions: 46->46
[2020-12-23T02:26:07.779-0400][gc,heap        ] GC(369528) Humongous regions: 4->4
[2020-12-23T02:26:07.779-0400][gc,metaspace   ] GC(369528) Metaspace: 61050K->61050K(1107968K)
[2020-12-23T02:26:07.779-0400][gc,heap        ] GC(369528) Heap after GC invocations=369505 (full 10709): garbage-first heap   total 73728K, used 49292K [0x0000000083000000, 0x0000000100000000)
[2020-12-23T02:26:07.779-0400][gc,heap        ] GC(369528)   region size 1024K, 1 young (1024K), 1 survivors (1024K)
[2020-12-23T02:26:07.779-0400][gc,heap        ] GC(369528)  Metaspace       used 61050K, capacity 63785K, committed 64768K, reserved 1107968K
[2020-12-23T02:26:07.779-0400][gc,heap        ] GC(369528)   class space    used 5722K, capacity 6577K, committed 6912K, reserved 1048576K
[2020-12-23T02:26:07.780-0400][gc             ] GC(369528) Pause Young (Concurrent Start) (G1 Evacuation Pause) 59M->48M(72M) 8.546ms
[2020-12-23T02:26:07.780-0400][gc,cpu         ] GC(369528) User=0.02s Sys=0.01s Real=0.01s
[2020-12-23T02:26:07.780-0400][gc             ] GC(369529) Concurrent Cycle
[2020-12-23T02:26:07.780-0400][gc,marking     ] GC(369529) Concurrent Clear Claimed Marks
[2020-12-23T02:26:07.781-0400][gc,marking     ] GC(369529) Concurrent Clear Claimed Marks 0.776ms
[2020-12-23T02:26:07.781-0400][gc,marking     ] GC(369529) Concurrent Scan Root Regions
[2020-12-23T02:26:07.785-0400][gc,marking     ] GC(369529) Concurrent Scan Root Regions 4.376ms
[2020-12-23T02:26:07.785-0400][gc,marking     ] GC(369529) Concurrent Mark (3201282.540s)
[2020-12-23T02:26:07.785-0400][gc,marking     ] GC(369529) Concurrent Mark From Roots
[2020-12-23T02:26:07.786-0400][gc,task        ] GC(369529) Using 1 workers of 1 for marking
[2020-12-23T02:26:08.110-0400][gc,marking     ] GC(369529) Concurrent Mark From Roots 324.920ms
[2020-12-23T02:26:08.111-0400][gc,marking     ] GC(369529) Concurrent Preclean
[2020-12-23T02:26:08.111-0400][gc,marking     ] GC(369529) Concurrent Preclean 0.708ms
[2020-12-23T02:26:08.111-0400][gc,marking     ] GC(369529) Concurrent Mark (3201282.540s, 3201282.866s) 325.882ms
[2020-12-23T02:26:08.112-0400][gc,start       ] GC(369529) Pause Remark
[2020-12-23T02:26:08.178-0400][gc,stringtable ] GC(369529) Cleaned string and symbol table, strings: 32320 processed, 45 removed, symbols: 131487 processed, 0 removed
[2020-12-23T02:26:08.179-0400][gc             ] GC(369529) Pause Remark 48M->48M(72M) 66.923ms
[2020-12-23T02:26:08.179-0400][gc,cpu         ] GC(369529) User=0.22s Sys=0.00s Real=0.07s
[2020-12-23T02:26:08.180-0400][gc,marking     ] GC(369529) Concurrent Rebuild Remembered Sets
[2020-12-23T02:26:08.368-0400][gc,marking     ] GC(369529) Concurrent Rebuild Remembered Sets 188.364ms
[2020-12-23T02:26:08.369-0400][gc,start       ] GC(369529) Pause Cleanup
[2020-12-23T02:26:08.369-0400][gc             ] GC(369529) Pause Cleanup 48M->48M(72M) 0.449ms
[2020-12-23T02:26:08.370-0400][gc,cpu         ] GC(369529) User=0.00s Sys=0.00s Real=0.00s
[2020-12-23T02:26:08.370-0400][gc,marking     ] GC(369529) Concurrent Cleanup for Next Mark
[2020-12-23T02:26:08.371-0400][gc,marking     ] GC(369529) Concurrent Cleanup for Next Mark 0.876ms
[2020-12-23T02:26:08.371-0400][gc             ] GC(369529) Concurrent Cycle 591.176ms
[2020-12-23T02:26:25.151-0400][gc,heap        ] GC(369530) Heap before GC invocations=369506 (full 10709): garbage-first heap   total 73728K, used 59532K [0x0000000083000000, 0x0000000100000000)
[2020-12-23T02:26:25.151-0400][gc,heap        ] GC(369530)   region size 1024K, 12 young (12288K), 1 survivors (1024K)
[2020-12-23T02:26:25.151-0400][gc,heap        ] GC(369530)  Metaspace       used 61029K, capacity 63754K, committed 64768K, reserved 1107968K
[2020-12-23T02:26:25.152-0400][gc,heap        ] GC(369530)   class space    used 5717K, capacity 6568K, committed 6912K, reserved 1048576K
[2020-12-23T02:26:25.152-0400][gc,start       ] GC(369530) Pause Young (Normal) (G1 Evacuation Pause)
[2020-12-23T02:26:25.152-0400][gc,task        ] GC(369530) Using 4 workers of 4 for evacuation
[2020-12-23T02:26:25.159-0400][gc,phases      ] GC(369530)   Pre Evacuate Collection Set: 0.0ms
[2020-12-23T02:26:25.159-0400][gc,phases      ] GC(369530)   Evacuate Collection Set: 5.3ms
[2020-12-23T02:26:25.159-0400][gc,phases      ] GC(369530)   Post Evacuate Collection Set: 1.4ms
[2020-12-23T02:26:25.159-0400][gc,phases      ] GC(369530)   Other: 0.9ms
[2020-12-23T02:26:25.159-0400][gc,heap        ] GC(369530) Eden regions: 11->0(11)
[2020-12-23T02:26:25.159-0400][gc,heap        ] GC(369530) Survivor regions: 1->1(2)
[2020-12-23T02:26:25.159-0400][gc,heap        ] GC(369530) Old regions: 46->46
[2020-12-23T02:26:25.159-0400][gc,heap        ] GC(369530) Humongous regions: 4->4
[2020-12-23T02:26:25.159-0400][gc,metaspace   ] GC(369530) Metaspace: 61029K->61029K(1107968K)
[2020-12-23T02:26:25.159-0400][gc,heap        ] GC(369530) Heap after GC invocations=369507 (full 10709): garbage-first heap   total 73728K, used 49254K [0x0000000083000000, 0x0000000100000000)
[2020-12-23T02:26:25.160-0400][gc,heap        ] GC(369530)   region size 1024K, 1 young (1024K), 1 survivors (1024K)
[2020-12-23T02:26:25.160-0400][gc,heap        ] GC(369530)  Metaspace       used 61029K, capacity 63754K, committed 64768K, reserved 1107968K
[2020-12-23T02:26:25.160-0400][gc,heap        ] GC(369530)   class space    used 5717K, capacity 6568K, committed 6912K, reserved 1048576K
[2020-12-23T02:26:25.160-0400][gc             ] GC(369530) Pause Young (Normal) (G1 Evacuation Pause) 59M->48M(72M) 8.112ms
[2020-12-23T02:26:25.160-0400][gc,cpu         ] GC(369530) User=0.01s Sys=0.01s Real=0.01s
[2020-12-23T02:26:50.923-0400][gc,task        ] GC(369531) Using 3 workers of 4 for full compaction
[2020-12-23T02:26:50.923-0400][gc,start       ] GC(369531) Pause Full (System.gc())
[2020-12-23T02:26:50.924-0400][gc,heap        ] GC(369531) Heap before GC invocations=369507 (full 10709): garbage-first heap   total 73728K, used 54374K [0x0000000083000000, 0x0000000100000000)
[2020-12-23T02:26:50.924-0400][gc,heap        ] GC(369531)   region size 1024K, 7 young (7168K), 1 survivors (1024K)
[2020-12-23T02:26:50.924-0400][gc,heap        ] GC(369531)  Metaspace       used 61029K, capacity 63754K, committed 64768K, reserved 1107968K
[2020-12-23T02:26:50.924-0400][gc,heap        ] GC(369531)   class space    used 5717K, capacity 6568K, committed 6912K, reserved 1048576K
[2020-12-23T02:26:50.926-0400][gc,phases,start] GC(369531) Phase 1: Mark live objects
[2020-12-23T02:26:51.097-0400][gc,stringtable ] GC(369531) Cleaned string and symbol table, strings: 32275 processed, 75 removed, symbols: 131487 processed, 18 removed
[2020-12-23T02:26:51.097-0400][gc,phases      ] GC(369531) Phase 1: Mark live objects 170.768ms
[2020-12-23T02:26:51.097-0400][gc,phases,start] GC(369531) Phase 2: Prepare for compaction
[2020-12-23T02:26:51.127-0400][gc,phases      ] GC(369531) Phase 2: Prepare for compaction 29.755ms
[2020-12-23T02:26:51.127-0400][gc,phases,start] GC(369531) Phase 3: Adjust pointers
[2020-12-23T02:26:51.206-0400][gc,phases      ] GC(369531) Phase 3: Adjust pointers 78.871ms
[2020-12-23T02:26:51.206-0400][gc,phases,start] GC(369531) Phase 4: Compact heap
[2020-12-23T02:26:51.230-0400][gc,phases      ] GC(369531) Phase 4: Compact heap 23.513ms
[2020-12-23T02:26:51.265-0400][gc,heap        ] GC(369531) Eden regions: 6->0(12)
[2020-12-23T02:26:51.265-0400][gc,heap        ] GC(369531) Survivor regions: 1->0(2)
[2020-12-23T02:26:51.265-0400][gc,heap        ] GC(369531) Old regions: 46->46
[2020-12-23T02:26:51.266-0400][gc,heap        ] GC(369531) Humongous regions: 4->4
[2020-12-23T02:26:51.266-0400][gc,metaspace   ] GC(369531) Metaspace: 61029K->61007K(1107968K)
[2020-12-23T02:26:51.266-0400][gc,heap        ] GC(369531) Heap after GC invocations=369508 (full 10710): garbage-first heap   total 73728K, used 48468K [0x0000000083000000, 0x0000000100000000)
[2020-12-23T02:26:51.266-0400][gc,heap        ] GC(369531)   region size 1024K, 0 young (0K), 0 survivors (0K)
[2020-12-23T02:26:51.266-0400][gc,heap        ] GC(369531)  Metaspace       used 61007K, capacity 63721K, committed 64768K, reserved 1107968K
[2020-12-23T02:26:51.266-0400][gc,heap        ] GC(369531)   class space    used 5712K, capacity 6559K, committed 6912K, reserved 1048576K
[2020-12-23T02:26:51.266-0400][gc             ] GC(369531) Pause Full (System.gc()) 53M->47M(72M) 342.366ms
[2020-12-23T02:26:51.266-0400][gc,cpu         ] GC(369531) User=0.91s Sys=0.00s Real=0.35s
[2020-12-23T02:27:09.753-0400][gc,heap        ] GC(369532) Heap before GC invocations=369508 (full 10710): garbage-first heap   total 73728K, used 59732K [0x0000000083000000, 0x0000000100000000)
[2020-12-23T02:27:09.753-0400][gc,heap        ] GC(369532)   region size 1024K, 12 young (12288K), 0 survivors (0K)
[2020-12-23T02:27:09.753-0400][gc,heap        ] GC(369532)  Metaspace       used 61007K, capacity 63721K, committed 64768K, reserved 1107968K
[2020-12-23T02:27:09.753-0400][gc,heap        ] GC(369532)   class space    used 5712K, capacity 6559K, committed 6912K, reserved 1048576K
[2020-12-23T02:27:09.753-0400][gc,start       ] GC(369532) Pause Young (Concurrent Start) (G1 Evacuation Pause)
[2020-12-23T02:27:09.753-0400][gc,task        ] GC(369532) Using 4 workers of 4 for evacuation
[2020-12-23T02:27:09.760-0400][gc,phases      ] GC(369532)   Pre Evacuate Collection Set: 0.3ms
[2020-12-23T02:27:09.760-0400][gc,phases      ] GC(369532)   Evacuate Collection Set: 4.0ms
[2020-12-23T02:27:09.760-0400][gc,phases      ] GC(369532)   Post Evacuate Collection Set: 1.6ms
[2020-12-23T02:27:09.760-0400][gc,phases      ] GC(369532)   Other: 1.0ms
[2020-12-23T02:27:09.760-0400][gc,heap        ] GC(369532) Eden regions: 12->0(11)
[2020-12-23T02:27:09.760-0400][gc,heap        ] GC(369532) Survivor regions: 0->1(2)
[2020-12-23T02:27:09.760-0400][gc,heap        ] GC(369532) Old regions: 46->46
[2020-12-23T02:27:09.760-0400][gc,heap        ] GC(369532) Humongous regions: 4->4
[2020-12-23T02:27:09.760-0400][gc,metaspace   ] GC(369532) Metaspace: 61007K->61007K(1107968K)
[2020-12-23T02:27:09.760-0400][gc,heap        ] GC(369532) Heap after GC invocations=369509 (full 10710): garbage-first heap   total 73728K, used 48718K [0x0000000083000000, 0x0000000100000000)
[2020-12-23T02:27:09.760-0400][gc,heap        ] GC(369532)   region size 1024K, 1 young (1024K), 1 survivors (1024K)
[2020-12-23T02:27:09.760-0400][gc,heap        ] GC(369532)  Metaspace       used 61007K, capacity 63721K, committed 64768K, reserved 1107968K
[2020-12-23T02:27:09.760-0400][gc,heap        ] GC(369532)   class space    used 5712K, capacity 6559K, committed 6912K, reserved 1048576K
[2020-12-23T02:27:09.760-0400][gc             ] GC(369532) Pause Young (Concurrent Start) (G1 Evacuation Pause) 59M->47M(72M) 7.313ms
[2020-12-23T02:27:09.760-0400][gc,cpu         ] GC(369532) User=0.01s Sys=0.01s Real=0.01s
[2020-12-23T02:27:09.761-0400][gc             ] GC(369533) Concurrent Cycle
[2020-12-23T02:27:09.761-0400][gc,marking     ] GC(369533) Concurrent Clear Claimed Marks
[2020-12-23T02:27:09.761-0400][gc,marking     ] GC(369533) Concurrent Clear Claimed Marks 0.293ms
[2020-12-23T02:27:09.761-0400][gc,marking     ] GC(369533) Concurrent Scan Root Regions
[2020-12-23T02:27:09.764-0400][gc,marking     ] GC(369533) Concurrent Scan Root Regions 2.887ms
[2020-12-23T02:27:09.764-0400][gc,marking     ] GC(369533) Concurrent Mark (3201344.519s)
[2020-12-23T02:27:09.764-0400][gc,marking     ] GC(369533) Concurrent Mark From Roots
[2020-12-23T02:27:09.764-0400][gc,task        ] GC(369533) Using 1 workers of 1 for marking
[2020-12-23T02:27:10.085-0400][gc,marking     ] GC(369533) Concurrent Mark From Roots 320.950ms
[2020-12-23T02:27:10.085-0400][gc,marking     ] GC(369533) Concurrent Preclean
[2020-12-23T02:27:10.086-0400][gc,marking     ] GC(369533) Concurrent Preclean 0.668ms
[2020-12-23T02:27:10.086-0400][gc,marking     ] GC(369533) Concurrent Mark (3201344.519s, 3201344.841s) 321.895ms
[2020-12-23T02:27:10.087-0400][gc,start       ] GC(369533) Pause Remark
[2020-12-23T02:27:10.128-0400][gc,stringtable ] GC(369533) Cleaned string and symbol table, strings: 32200 processed, 0 removed, symbols: 131469 processed, 18 removed
[2020-12-23T02:27:10.129-0400][gc             ] GC(369533) Pause Remark 48M->48M(72M) 41.964ms
[2020-12-23T02:27:10.129-0400][gc,cpu         ] GC(369533) User=0.10s Sys=0.06s Real=0.04s
[2020-12-23T02:27:10.130-0400][gc,marking     ] GC(369533) Concurrent Rebuild Remembered Sets
[2020-12-23T02:27:10.319-0400][gc,marking     ] GC(369533) Concurrent Rebuild Remembered Sets 189.460ms
[2020-12-23T02:27:10.320-0400][gc,start       ] GC(369533) Pause Cleanup
[2020-12-23T02:27:10.320-0400][gc             ] GC(369533) Pause Cleanup 48M->48M(72M) 0.452ms
[2020-12-23T02:27:10.320-0400][gc,cpu         ] GC(369533) User=0.00s Sys=0.00s Real=0.00s
[2020-12-23T02:27:10.321-0400][gc,marking     ] GC(369533) Concurrent Cleanup for Next Mark
[2020-12-23T02:27:10.322-0400][gc,marking     ] GC(369533) Concurrent Cleanup for Next Mark 0.973ms
[2020-12-23T02:27:10.322-0400][gc             ] GC(369533) Concurrent Cycle 561.074ms
[2020-12-23T02:27:50.390-0400][gc,heap        ] GC(369534) Heap before GC invocations=369510 (full 10710): garbage-first heap   total 73728K, used 58958K [0x0000000083000000, 0x0000000100000000)
[2020-12-23T02:27:50.390-0400][gc,heap        ] GC(369534)   region size 1024K, 12 young (12288K), 1 survivors (1024K)
[2020-12-23T02:27:50.390-0400][gc,heap        ] GC(369534)  Metaspace       used 61007K, capacity 63721K, committed 64768K, reserved 1107968K
[2020-12-23T02:27:50.390-0400][gc,heap        ] GC(369534)   class space    used 5712K, capacity 6559K, committed 6912K, reserved 1048576K
[2020-12-23T02:27:50.391-0400][gc,start       ] GC(369534) Pause Young (Normal) (G1 Evacuation Pause)
[2020-12-23T02:27:50.391-0400][gc,task        ] GC(369534) Using 4 workers of 4 for evacuation
[2020-12-23T02:27:50.397-0400][gc,phases      ] GC(369534)   Pre Evacuate Collection Set: 0.0ms
[2020-12-23T02:27:50.397-0400][gc,phases      ] GC(369534)   Evacuate Collection Set: 4.4ms
[2020-12-23T02:27:50.397-0400][gc,phases      ] GC(369534)   Post Evacuate Collection Set: 1.8ms
[2020-12-23T02:27:50.398-0400][gc,phases      ] GC(369534)   Other: 1.0ms
[2020-12-23T02:27:50.398-0400][gc,heap        ] GC(369534) Eden regions: 11->0(11)
[2020-12-23T02:27:50.398-0400][gc,heap        ] GC(369534) Survivor regions: 1->1(2)
[2020-12-23T02:27:50.398-0400][gc,heap        ] GC(369534) Old regions: 46->46
[2020-12-23T02:27:50.398-0400][gc,heap        ] GC(369534) Humongous regions: 4->4
[2020-12-23T02:27:50.398-0400][gc,metaspace   ] GC(369534) Metaspace: 61007K->61007K(1107968K)
[2020-12-23T02:27:50.398-0400][gc,heap        ] GC(369534) Heap after GC invocations=369511 (full 10710): garbage-first heap   total 73728K, used 48759K [0x0000000083000000, 0x0000000100000000)
[2020-12-23T02:27:50.398-0400][gc,heap        ] GC(369534)   region size 1024K, 1 young (1024K), 1 survivors (1024K)
[2020-12-23T02:27:50.398-0400][gc,heap        ] GC(369534)  Metaspace       used 61007K, capacity 63721K, committed 64768K, reserved 1107968K
[2020-12-23T02:27:50.398-0400][gc,heap        ] GC(369534)   class space    used 5712K, capacity 6559K, committed 6912K, reserved 1048576K
[2020-12-23T02:27:50.398-0400][gc             ] GC(369534) Pause Young (Normal) (G1 Evacuation Pause) 58M->47M(72M) 7.550ms
[2020-12-23T02:27:50.398-0400][gc,cpu         ] GC(369534) User=0.01s Sys=0.00s Real=0.01s
[2020-12-23T02:28:29.642-0400][gc,heap        ] GC(369535) Heap before GC invocations=369511 (full 10710): garbage-first heap   total 73728K, used 58999K [0x0000000083000000, 0x0000000100000000)
[2020-12-23T02:28:29.642-0400][gc,heap        ] GC(369535)   region size 1024K, 12 young (12288K), 1 survivors (1024K)
[2020-12-23T02:28:29.643-0400][gc,heap        ] GC(369535)  Metaspace       used 61007K, capacity 63721K, committed 64768K, reserved 1107968K
[2020-12-23T02:28:29.643-0400][gc,heap        ] GC(369535)   class space    used 5712K, capacity 6559K, committed 6912K, reserved 1048576K
[2020-12-23T02:28:29.643-0400][gc,start       ] GC(369535) Pause Young (Concurrent Start) (G1 Evacuation Pause)
[2020-12-23T02:28:29.643-0400][gc,task        ] GC(369535) Using 4 workers of 4 for evacuation
[2020-12-23T02:28:29.650-0400][gc,phases      ] GC(369535)   Pre Evacuate Collection Set: 0.2ms
[2020-12-23T02:28:29.650-0400][gc,phases      ] GC(369535)   Evacuate Collection Set: 4.8ms
[2020-12-23T02:28:29.650-0400][gc,phases      ] GC(369535)   Post Evacuate Collection Set: 1.6ms
[2020-12-23T02:28:29.650-0400][gc,phases      ] GC(369535)   Other: 0.9ms
[2020-12-23T02:28:29.650-0400][gc,heap        ] GC(369535) Eden regions: 11->0(11)
[2020-12-23T02:28:29.650-0400][gc,heap        ] GC(369535) Survivor regions: 1->1(2)
[2020-12-23T02:28:29.650-0400][gc,heap        ] GC(369535) Old regions: 46->46
[2020-12-23T02:28:29.650-0400][gc,heap        ] GC(369535) Humongous regions: 4->4
[2020-12-23T02:28:29.650-0400][gc,metaspace   ] GC(369535) Metaspace: 61007K->61007K(1107968K)
[2020-12-23T02:28:29.650-0400][gc,heap        ] GC(369535) Heap after GC invocations=369512 (full 10710): garbage-first heap   total 73728K, used 48870K [0x0000000083000000, 0x0000000100000000)
[2020-12-23T02:28:29.650-0400][gc,heap        ] GC(369535)   region size 1024K, 1 young (1024K), 1 survivors (1024K)
[2020-12-23T02:28:29.651-0400][gc,heap        ] GC(369535)  Metaspace       used 61007K, capacity 63721K, committed 64768K, reserved 1107968K
[2020-12-23T02:28:29.651-0400][gc,heap        ] GC(369535)   class space    used 5712K, capacity 6559K, committed 6912K, reserved 1048576K
[2020-12-23T02:28:29.651-0400][gc             ] GC(369535) Pause Young (Concurrent Start) (G1 Evacuation Pause) 58M->47M(72M) 8.027ms
[2020-12-23T02:28:29.651-0400][gc,cpu         ] GC(369535) User=0.03s Sys=0.00s Real=0.01s
[2020-12-23T02:28:29.651-0400][gc             ] GC(369536) Concurrent Cycle
[2020-12-23T02:28:29.651-0400][gc,marking     ] GC(369536) Concurrent Clear Claimed Marks
[2020-12-23T02:28:29.652-0400][gc,marking     ] GC(369536) Concurrent Clear Claimed Marks 0.340ms
[2020-12-23T02:28:29.653-0400][gc,marking     ] GC(369536) Concurrent Scan Root Regions
[2020-12-23T02:28:29.657-0400][gc,marking     ] GC(369536) Concurrent Scan Root Regions 3.391ms
[2020-12-23T02:28:29.657-0400][gc,marking     ] GC(369536) Concurrent Mark (3201424.412s)
[2020-12-23T02:28:29.657-0400][gc,marking     ] GC(369536) Concurrent Mark From Roots
[2020-12-23T02:28:29.657-0400][gc,task        ] GC(369536) Using 1 workers of 1 for marking
[2020-12-23T02:28:29.975-0400][gc,marking     ] GC(369536) Concurrent Mark From Roots 317.803ms
[2020-12-23T02:28:29.975-0400][gc,marking     ] GC(369536) Concurrent Preclean
[2020-12-23T02:28:29.976-0400][gc,marking     ] GC(369536) Concurrent Preclean 0.626ms
[2020-12-23T02:28:29.976-0400][gc,marking     ] GC(369536) Concurrent Mark (3201424.412s, 3201424.730s) 318.733ms
[2020-12-23T02:28:29.976-0400][gc,start       ] GC(369536) Pause Remark
[2020-12-23T02:28:30.019-0400][gc,stringtable ] GC(369536) Cleaned string and symbol table, strings: 32200 processed, 0 removed, symbols: 131451 processed, 0 removed
[2020-12-23T02:28:30.020-0400][gc             ] GC(369536) Pause Remark 48M->48M(72M) 43.110ms
[2020-12-23T02:28:30.020-0400][gc,cpu         ] GC(369536) User=0.10s Sys=0.06s Real=0.04s
[2020-12-23T02:28:30.020-0400][gc,marking     ] GC(369536) Concurrent Rebuild Remembered Sets
[2020-12-23T02:28:30.210-0400][gc,marking     ] GC(369536) Concurrent Rebuild Remembered Sets 189.734ms
[2020-12-23T02:28:30.210-0400][gc,start       ] GC(369536) Pause Cleanup
[2020-12-23T02:28:30.211-0400][gc             ] GC(369536) Pause Cleanup 48M->48M(72M) 0.491ms
[2020-12-23T02:28:30.211-0400][gc,cpu         ] GC(369536) User=0.00s Sys=0.00s Real=0.00s
[2020-12-23T02:28:30.211-0400][gc,marking     ] GC(369536) Concurrent Cleanup for Next Mark
[2020-12-23T02:28:30.212-0400][gc,marking     ] GC(369536) Concurrent Cleanup for Next Mark 0.936ms
[2020-12-23T02:28:30.212-0400][gc             ] GC(369536) Concurrent Cycle 561.345ms
[2020-12-23T02:29:00.897-0400][gc,heap        ] GC(369537) Heap before GC invocations=369513 (full 10710): garbage-first heap   total 73728K, used 59110K [0x0000000083000000, 0x0000000100000000)
[2020-12-23T02:29:00.897-0400][gc,heap        ] GC(369537)   region size 1024K, 12 young (12288K), 1 survivors (1024K)
[2020-12-23T02:29:00.898-0400][gc,heap        ] GC(369537)  Metaspace       used 61007K, capacity 63721K, committed 64768K, reserved 1107968K
[2020-12-23T02:29:00.898-0400][gc,heap        ] GC(369537)   class space    used 5712K, capacity 6559K, committed 6912K, reserved 1048576K
[2020-12-23T02:29:00.898-0400][gc,start       ] GC(369537) Pause Young (Normal) (G1 Evacuation Pause)
[2020-12-23T02:29:00.898-0400][gc,task        ] GC(369537) Using 4 workers of 4 for evacuation
[2020-12-23T02:29:00.905-0400][gc,phases      ] GC(369537)   Pre Evacuate Collection Set: 0.0ms
[2020-12-23T02:29:00.905-0400][gc,phases      ] GC(369537)   Evacuate Collection Set: 4.7ms
[2020-12-23T02:29:00.905-0400][gc,phases      ] GC(369537)   Post Evacuate Collection Set: 1.7ms
[2020-12-23T02:29:00.905-0400][gc,phases      ] GC(369537)   Other: 0.9ms
[2020-12-23T02:29:00.905-0400][gc,heap        ] GC(369537) Eden regions: 11->0(11)
[2020-12-23T02:29:00.905-0400][gc,heap        ] GC(369537) Survivor regions: 1->1(2)
[2020-12-23T02:29:00.905-0400][gc,heap        ] GC(369537) Old regions: 46->46
[2020-12-23T02:29:00.905-0400][gc,heap        ] GC(369537) Humongous regions: 4->4
[2020-12-23T02:29:00.905-0400][gc,metaspace   ] GC(369537) Metaspace: 61007K->61007K(1107968K)
[2020-12-23T02:29:00.905-0400][gc,heap        ] GC(369537) Heap after GC invocations=369514 (full 10710): garbage-first heap   total 73728K, used 48904K [0x0000000083000000, 0x0000000100000000)
[2020-12-23T02:29:00.905-0400][gc,heap        ] GC(369537)   region size 1024K, 1 young (1024K), 1 survivors (1024K)
[2020-12-23T02:29:00.905-0400][gc,heap        ] GC(369537)  Metaspace       used 61007K, capacity 63721K, committed 64768K, reserved 1107968K
[2020-12-23T02:29:00.905-0400][gc,heap        ] GC(369537)   class space    used 5712K, capacity 6559K, committed 6912K, reserved 1048576K
[2020-12-23T02:29:00.906-0400][gc             ] GC(369537) Pause Young (Normal) (G1 Evacuation Pause) 58M->47M(72M) 7.735ms
[2020-12-23T02:29:00.906-0400][gc,cpu         ] GC(369537) User=0.02s Sys=0.00s Real=0.01s
[2020-12-23T02:29:36.717-0400][gc,heap        ] GC(369538) Heap before GC invocations=369514 (full 10710): garbage-first heap   total 73728K, used 59144K [0x0000000083000000, 0x0000000100000000)
[2020-12-23T02:29:36.717-0400][gc,heap        ] GC(369538)   region size 1024K, 12 young (12288K), 1 survivors (1024K)
[2020-12-23T02:29:36.717-0400][gc,heap        ] GC(369538)  Metaspace       used 61007K, capacity 63721K, committed 64768K, reserved 1107968K
[2020-12-23T02:29:36.717-0400][gc,heap        ] GC(369538)   class space    used 5712K, capacity 6559K, committed 6912K, reserved 1048576K
[2020-12-23T02:29:36.717-0400][gc,start       ] GC(369538) Pause Young (Concurrent Start) (G1 Evacuation Pause)
[2020-12-23T02:29:36.717-0400][gc,task        ] GC(369538) Using 4 workers of 4 for evacuation
[2020-12-23T02:29:36.724-0400][gc,phases      ] GC(369538)   Pre Evacuate Collection Set: 0.2ms
[2020-12-23T02:29:36.724-0400][gc,phases      ] GC(369538)   Evacuate Collection Set: 4.8ms
[2020-12-23T02:29:36.724-0400][gc,phases      ] GC(369538)   Post Evacuate Collection Set: 1.9ms
[2020-12-23T02:29:36.725-0400][gc,phases      ] GC(369538)   Other: 0.9ms
[2020-12-23T02:29:36.725-0400][gc,heap        ] GC(369538) Eden regions: 11->0(11)
[2020-12-23T02:29:36.725-0400][gc,heap        ] GC(369538) Survivor regions: 1->1(2)
[2020-12-23T02:29:36.725-0400][gc,heap        ] GC(369538) Old regions: 46->46
[2020-12-23T02:29:36.725-0400][gc,heap        ] GC(369538) Humongous regions: 4->4
[2020-12-23T02:29:36.725-0400][gc,metaspace   ] GC(369538) Metaspace: 61007K->61007K(1107968K)
[2020-12-23T02:29:36.725-0400][gc,heap        ] GC(369538) Heap after GC invocations=369515 (full 10710): garbage-first heap   total 73728K, used 48814K [0x0000000083000000, 0x0000000100000000)
[2020-12-23T02:29:36.725-0400][gc,heap        ] GC(369538)   region size 1024K, 1 young (1024K), 1 survivors (1024K)
[2020-12-23T02:29:36.725-0400][gc,heap        ] GC(369538)  Metaspace       used 61007K, capacity 63721K, committed 64768K, reserved 1107968K
[2020-12-23T02:29:36.725-0400][gc,heap        ] GC(369538)   class space    used 5712K, capacity 6559K, committed 6912K, reserved 1048576K
[2020-12-23T02:29:36.725-0400][gc             ] GC(369538) Pause Young (Concurrent Start) (G1 Evacuation Pause) 58M->47M(72M) 8.129ms
[2020-12-23T02:29:36.725-0400][gc,cpu         ] GC(369538) User=0.02s Sys=0.01s Real=0.00s
[2020-12-23T02:29:36.727-0400][gc             ] GC(369539) Concurrent Cycle
[2020-12-23T02:29:36.727-0400][gc,marking     ] GC(369539) Concurrent Clear Claimed Marks
[2020-12-23T02:29:36.727-0400][gc,marking     ] GC(369539) Concurrent Clear Claimed Marks 0.227ms
[2020-12-23T02:29:36.727-0400][gc,marking     ] GC(369539) Concurrent Scan Root Regions
[2020-12-23T02:29:36.731-0400][gc,marking     ] GC(369539) Concurrent Scan Root Regions 3.403ms
[2020-12-23T02:29:36.731-0400][gc,marking     ] GC(369539) Concurrent Mark (3201491.485s)
[2020-12-23T02:29:36.731-0400][gc,marking     ] GC(369539) Concurrent Mark From Roots
[2020-12-23T02:29:36.731-0400][gc,task        ] GC(369539) Using 1 workers of 1 for marking
[2020-12-23T02:29:37.054-0400][gc,marking     ] GC(369539) Concurrent Mark From Roots 323.272ms
[2020-12-23T02:29:37.054-0400][gc,marking     ] GC(369539) Concurrent Preclean
[2020-12-23T02:29:37.055-0400][gc,marking     ] GC(369539) Concurrent Preclean 0.672ms
[2020-12-23T02:29:37.055-0400][gc,marking     ] GC(369539) Concurrent Mark (3201491.485s, 3201491.809s) 324.185ms
[2020-12-23T02:29:37.056-0400][gc,start       ] GC(369539) Pause Remark
[2020-12-23T02:29:37.096-0400][gc,stringtable ] GC(369539) Cleaned string and symbol table, strings: 32200 processed, 0 removed, symbols: 131451 processed, 0 removed
[2020-12-23T02:29:37.096-0400][gc             ] GC(369539) Pause Remark 47M->47M(72M) 40.579ms
[2020-12-23T02:29:37.096-0400][gc,cpu         ] GC(369539) User=0.16s Sys=0.00s Real=0.04s
[2020-12-23T02:29:37.097-0400][gc,marking     ] GC(369539) Concurrent Rebuild Remembered Sets
[2020-12-23T02:29:37.288-0400][gc,marking     ] GC(369539) Concurrent Rebuild Remembered Sets 191.025ms
[2020-12-23T02:29:37.288-0400][gc,start       ] GC(369539) Pause Cleanup
[2020-12-23T02:29:37.289-0400][gc             ] GC(369539) Pause Cleanup 47M->47M(72M) 0.481ms
[2020-12-23T02:29:37.289-0400][gc,cpu         ] GC(369539) User=0.00s Sys=0.00s Real=0.00s
[2020-12-23T02:29:37.289-0400][gc,marking     ] GC(369539) Concurrent Cleanup for Next Mark
[2020-12-23T02:29:37.290-0400][gc,marking     ] GC(369539) Concurrent Cleanup for Next Mark 0.921ms
[2020-12-23T02:29:37.290-0400][gc             ] GC(369539) Concurrent Cycle 563.611ms
[2020-12-23T02:30:00.342-0400][gc,heap        ] GC(369540) Heap before GC invocations=369516 (full 10710): garbage-first heap   total 73728K, used 59054K [0x0000000083000000, 0x0000000100000000)
[2020-12-23T02:30:00.342-0400][gc,heap        ] GC(369540)   region size 1024K, 12 young (12288K), 1 survivors (1024K)
[2020-12-23T02:30:00.342-0400][gc,heap        ] GC(369540)  Metaspace       used 61007K, capacity 63721K, committed 64768K, reserved 1107968K
[2020-12-23T02:30:00.342-0400][gc,heap        ] GC(369540)   class space    used 5712K, capacity 6559K, committed 6912K, reserved 1048576K
[2020-12-23T02:30:00.342-0400][gc,start       ] GC(369540) Pause Young (Normal) (G1 Evacuation Pause)
[2020-12-23T02:30:00.342-0400][gc,task        ] GC(369540) Using 4 workers of 4 for evacuation
[2020-12-23T02:30:00.349-0400][gc,phases      ] GC(369540)   Pre Evacuate Collection Set: 0.0ms
[2020-12-23T02:30:00.349-0400][gc,phases      ] GC(369540)   Evacuate Collection Set: 4.9ms
[2020-12-23T02:30:00.349-0400][gc,phases      ] GC(369540)   Post Evacuate Collection Set: 1.5ms
[2020-12-23T02:30:00.349-0400][gc,phases      ] GC(369540)   Other: 0.8ms
[2020-12-23T02:30:00.349-0400][gc,heap        ] GC(369540) Eden regions: 11->0(11)
[2020-12-23T02:30:00.349-0400][gc,heap        ] GC(369540) Survivor regions: 1->1(2)
[2020-12-23T02:30:00.349-0400][gc,heap        ] GC(369540) Old regions: 46->46
[2020-12-23T02:30:00.349-0400][gc,heap        ] GC(369540) Humongous regions: 4->4
[2020-12-23T02:30:00.349-0400][gc,metaspace   ] GC(369540) Metaspace: 61007K->61007K(1107968K)
[2020-12-23T02:30:00.349-0400][gc,heap        ] GC(369540) Heap after GC invocations=369517 (full 10710): garbage-first heap   total 73728K, used 48807K [0x0000000083000000, 0x0000000100000000)
[2020-12-23T02:30:00.349-0400][gc,heap        ] GC(369540)   region size 1024K, 1 young (1024K), 1 survivors (1024K)
[2020-12-23T02:30:00.349-0400][gc,heap        ] GC(369540)  Metaspace       used 61007K, capacity 63721K, committed 64768K, reserved 1107968K
[2020-12-23T02:30:00.349-0400][gc,heap        ] GC(369540)   class space    used 5712K, capacity 6559K, committed 6912K, reserved 1048576K
[2020-12-23T02:30:00.350-0400][gc             ] GC(369540) Pause Young (Normal) (G1 Evacuation Pause) 58M->47M(72M) 7.629ms
[2020-12-23T02:30:00.350-0400][gc,cpu         ] GC(369540) User=0.01s Sys=0.01s Real=0.01s
[2020-12-23T02:30:21.650-0400][gc,heap        ] GC(369541) Heap before GC invocations=369517 (full 10710): garbage-first heap   total 73728K, used 59047K [0x0000000083000000, 0x0000000100000000)
[2020-12-23T02:30:21.650-0400][gc,heap        ] GC(369541)   region size 1024K, 12 young (12288K), 1 survivors (1024K)
[2020-12-23T02:30:21.650-0400][gc,heap        ] GC(369541)  Metaspace       used 61007K, capacity 63721K, committed 64768K, reserved 1107968K
[2020-12-23T02:30:21.650-0400][gc,heap        ] GC(369541)   class space    used 5712K, capacity 6559K, committed 6912K, reserved 1048576K
[2020-12-23T02:30:21.650-0400][gc,start       ] GC(369541) Pause Young (Concurrent Start) (G1 Evacuation Pause)
[2020-12-23T02:30:21.650-0400][gc,task        ] GC(369541) Using 4 workers of 4 for evacuation
[2020-12-23T02:30:21.658-0400][gc,phases      ] GC(369541)   Pre Evacuate Collection Set: 0.3ms
[2020-12-23T02:30:21.658-0400][gc,phases      ] GC(369541)   Evacuate Collection Set: 5.2ms
[2020-12-23T02:30:21.658-0400][gc,phases      ] GC(369541)   Post Evacuate Collection Set: 1.5ms
[2020-12-23T02:30:21.658-0400][gc,phases      ] GC(369541)   Other: 1.0ms
[2020-12-23T02:30:21.658-0400][gc,heap        ] GC(369541) Eden regions: 11->0(11)
[2020-12-23T02:30:21.658-0400][gc,heap        ] GC(369541) Survivor regions: 1->1(2)
[2020-12-23T02:30:21.658-0400][gc,heap        ] GC(369541) Old regions: 46->46
[2020-12-23T02:30:21.658-0400][gc,heap        ] GC(369541) Humongous regions: 4->4
[2020-12-23T02:30:21.658-0400][gc,metaspace   ] GC(369541) Metaspace: 61007K->61007K(1107968K)
[2020-12-23T02:30:21.658-0400][gc,heap        ] GC(369541) Heap after GC invocations=369518 (full 10710): garbage-first heap   total 73728K, used 48952K [0x0000000083000000, 0x0000000100000000)
[2020-12-23T02:30:21.658-0400][gc,heap        ] GC(369541)   region size 1024K, 1 young (1024K), 1 survivors (1024K)
[2020-12-23T02:30:21.658-0400][gc,heap        ] GC(369541)  Metaspace       used 61007K, capacity 63721K, committed 64768K, reserved 1107968K
[2020-12-23T02:30:21.658-0400][gc,heap        ] GC(369541)   class space    used 5712K, capacity 6559K, committed 6912K, reserved 1048576K
[2020-12-23T02:30:21.658-0400][gc             ] GC(369541) Pause Young (Concurrent Start) (G1 Evacuation Pause) 58M->47M(72M) 8.284ms
[2020-12-23T02:30:21.658-0400][gc,cpu         ] GC(369541) User=0.02s Sys=0.00s Real=0.01s
[2020-12-23T02:30:21.659-0400][gc             ] GC(369542) Concurrent Cycle
[2020-12-23T02:30:21.659-0400][gc,marking     ] GC(369542) Concurrent Clear Claimed Marks
[2020-12-23T02:30:21.659-0400][gc,marking     ] GC(369542) Concurrent Clear Claimed Marks 0.341ms
[2020-12-23T02:30:21.659-0400][gc,marking     ] GC(369542) Concurrent Scan Root Regions
[2020-12-23T02:30:21.663-0400][gc,marking     ] GC(369542) Concurrent Scan Root Regions 3.781ms
[2020-12-23T02:30:21.663-0400][gc,marking     ] GC(369542) Concurrent Mark (3201536.418s)
[2020-12-23T02:30:21.663-0400][gc,marking     ] GC(369542) Concurrent Mark From Roots
[2020-12-23T02:30:21.663-0400][gc,task        ] GC(369542) Using 1 workers of 1 for marking
[2020-12-23T02:30:22.002-0400][gc,marking     ] GC(369542) Concurrent Mark From Roots 338.751ms
[2020-12-23T02:30:22.002-0400][gc,marking     ] GC(369542) Concurrent Preclean
[2020-12-23T02:30:22.003-0400][gc,marking     ] GC(369542) Concurrent Preclean 0.753ms
[2020-12-23T02:30:22.003-0400][gc,marking     ] GC(369542) Concurrent Mark (3201536.418s, 3201536.758s) 339.759ms
[2020-12-23T02:30:22.004-0400][gc,start       ] GC(369542) Pause Remark
[2020-12-23T02:30:22.045-0400][gc,stringtable ] GC(369542) Cleaned string and symbol table, strings: 32200 processed, 0 removed, symbols: 131451 processed, 0 removed
[2020-12-23T02:30:22.046-0400][gc             ] GC(369542) Pause Remark 48M->48M(72M) 41.855ms
[2020-12-23T02:30:22.046-0400][gc,cpu         ] GC(369542) User=0.10s Sys=0.06s Real=0.05s
[2020-12-23T02:30:22.046-0400][gc,marking     ] GC(369542) Concurrent Rebuild Remembered Sets
[2020-12-23T02:30:22.236-0400][gc,marking     ] GC(369542) Concurrent Rebuild Remembered Sets 190.438ms
[2020-12-23T02:30:22.237-0400][gc,start       ] GC(369542) Pause Cleanup
[2020-12-23T02:30:22.238-0400][gc             ] GC(369542) Pause Cleanup 48M->48M(72M) 0.540ms
[2020-12-23T02:30:22.238-0400][gc,cpu         ] GC(369542) User=0.00s Sys=0.00s Real=0.00s
[2020-12-23T02:30:22.238-0400][gc,marking     ] GC(369542) Concurrent Cleanup for Next Mark
[2020-12-23T02:30:22.239-0400][gc,marking     ] GC(369542) Concurrent Cleanup for Next Mark 1.000ms
[2020-12-23T02:30:22.239-0400][gc             ] GC(369542) Concurrent Cycle 580.662ms
[2020-12-23T02:31:00.036-0400][gc,heap        ] GC(369543) Heap before GC invocations=369519 (full 10710): garbage-first heap   total 73728K, used 59150K [0x0000000083000000, 0x0000000100000000)
[2020-12-23T02:31:00.037-0400][gc,heap        ] GC(369543)   region size 1024K, 12 young (12288K), 1 survivors (1024K)
[2020-12-23T02:31:00.037-0400][gc,heap        ] GC(369543)  Metaspace       used 61007K, capacity 63721K, committed 64768K, reserved 1107968K
[2020-12-23T02:31:00.037-0400][gc,heap        ] GC(369543)   class space    used 5712K, capacity 6559K, committed 6912K, reserved 1048576K
[2020-12-23T02:31:00.037-0400][gc,start       ] GC(369543) Pause Young (Normal) (G1 Evacuation Pause)
[2020-12-23T02:31:00.037-0400][gc,task        ] GC(369543) Using 4 workers of 4 for evacuation
[2020-12-23T02:31:00.045-0400][gc,phases      ] GC(369543)   Pre Evacuate Collection Set: 0.0ms
[2020-12-23T02:31:00.045-0400][gc,phases      ] GC(369543)   Evacuate Collection Set: 5.6ms
[2020-12-23T02:31:00.045-0400][gc,phases      ] GC(369543)   Post Evacuate Collection Set: 2.0ms
[2020-12-23T02:31:00.045-0400][gc,phases      ] GC(369543)   Other: 0.9ms
[2020-12-23T02:31:00.045-0400][gc,heap        ] GC(369543) Eden regions: 11->0(12)
[2020-12-23T02:31:00.045-0400][gc,heap        ] GC(369543) Survivor regions: 1->1(2)
[2020-12-23T02:31:00.045-0400][gc,heap        ] GC(369543) Old regions: 45->45
[2020-12-23T02:31:00.045-0400][gc,heap        ] GC(369543) Humongous regions: 4->4
[2020-12-23T02:31:00.045-0400][gc,metaspace   ] GC(369543) Metaspace: 61007K->61007K(1107968K)
[2020-12-23T02:31:00.045-0400][gc,heap        ] GC(369543) Heap after GC invocations=369520 (full 10710): garbage-first heap   total 73728K, used 49021K [0x0000000083000000, 0x0000000100000000)
[2020-12-23T02:31:00.045-0400][gc,heap        ] GC(369543)   region size 1024K, 1 young (1024K), 1 survivors (1024K)
[2020-12-23T02:31:00.045-0400][gc,heap        ] GC(369543)  Metaspace       used 61007K, capacity 63721K, committed 64768K, reserved 1107968K
[2020-12-23T02:31:00.046-0400][gc,heap        ] GC(369543)   class space    used 5712K, capacity 6559K, committed 6912K, reserved 1048576K
[2020-12-23T02:31:00.046-0400][gc             ] GC(369543) Pause Young (Normal) (G1 Evacuation Pause) 58M->47M(72M) 8.830ms
[2020-12-23T02:31:00.046-0400][gc,cpu         ] GC(369543) User=0.01s Sys=0.01s Real=0.01s
[2020-12-23T02:31:32.467-0400][gc,heap        ] GC(369544) Heap before GC invocations=369520 (full 10710): garbage-first heap   total 73728K, used 60285K [0x0000000083000000, 0x0000000100000000)
[2020-12-23T02:31:32.468-0400][gc,heap        ] GC(369544)   region size 1024K, 13 young (13312K), 1 survivors (1024K)
[2020-12-23T02:31:32.468-0400][gc,heap        ] GC(369544)  Metaspace       used 61007K, capacity 63721K, committed 64768K, reserved 1107968K
[2020-12-23T02:31:32.468-0400][gc,heap        ] GC(369544)   class space    used 5712K, capacity 6559K, committed 6912K, reserved 1048576K
[2020-12-23T02:31:32.468-0400][gc,start       ] GC(369544) Pause Young (Normal) (G1 Evacuation Pause)
[2020-12-23T02:31:32.468-0400][gc,task        ] GC(369544) Using 4 workers of 4 for evacuation
[2020-12-23T02:31:32.474-0400][gc,phases      ] GC(369544)   Pre Evacuate Collection Set: 0.0ms
[2020-12-23T02:31:32.474-0400][gc,phases      ] GC(369544)   Evacuate Collection Set: 3.5ms
[2020-12-23T02:31:32.474-0400][gc,phases      ] GC(369544)   Post Evacuate Collection Set: 1.9ms
[2020-12-23T02:31:32.474-0400][gc,phases      ] GC(369544)   Other: 0.9ms
[2020-12-23T02:31:32.474-0400][gc,heap        ] GC(369544) Eden regions: 12->0(12)
[2020-12-23T02:31:32.474-0400][gc,heap        ] GC(369544) Survivor regions: 1->1(2)
[2020-12-23T02:31:32.474-0400][gc,heap        ] GC(369544) Old regions: 45->45
[2020-12-23T02:31:32.474-0400][gc,heap        ] GC(369544) Humongous regions: 4->4
[2020-12-23T02:31:32.474-0400][gc,metaspace   ] GC(369544) Metaspace: 61007K->61007K(1107968K)
[2020-12-23T02:31:32.474-0400][gc,heap        ] GC(369544) Heap after GC invocations=369521 (full 10710): garbage-first heap   total 73728K, used 48930K [0x0000000083000000, 0x0000000100000000)
[2020-12-23T02:31:32.474-0400][gc,heap        ] GC(369544)   region size 1024K, 1 young (1024K), 1 survivors (1024K)
[2020-12-23T02:31:32.474-0400][gc,heap        ] GC(369544)  Metaspace       used 61007K, capacity 63721K, committed 64768K, reserved 1107968K
[2020-12-23T02:31:32.474-0400][gc,heap        ] GC(369544)   class space    used 5712K, capacity 6559K, committed 6912K, reserved 1048576K
[2020-12-23T02:31:32.475-0400][gc             ] GC(369544) Pause Young (Normal) (G1 Evacuation Pause) 59M->47M(72M) 6.689ms
[2020-12-23T02:31:32.475-0400][gc,cpu         ] GC(369544) User=0.01s Sys=0.01s Real=0.00s
[2020-12-23T02:31:50.924-0400][gc,task        ] GC(369545) Using 3 workers of 4 for full compaction
[2020-12-23T02:31:50.924-0400][gc,start       ] GC(369545) Pause Full (System.gc())
[2020-12-23T02:31:50.925-0400][gc,heap        ] GC(369545) Heap before GC invocations=369521 (full 10710): garbage-first heap   total 73728K, used 52002K [0x0000000083000000, 0x0000000100000000)
[2020-12-23T02:31:50.925-0400][gc,heap        ] GC(369545)   region size 1024K, 5 young (5120K), 1 survivors (1024K)
[2020-12-23T02:31:50.925-0400][gc,heap        ] GC(369545)  Metaspace       used 61007K, capacity 63721K, committed 64768K, reserved 1107968K
[2020-12-23T02:31:50.925-0400][gc,heap        ] GC(369545)   class space    used 5712K, capacity 6559K, committed 6912K, reserved 1048576K
[2020-12-23T02:31:50.927-0400][gc,phases,start] GC(369545) Phase 1: Mark live objects
[2020-12-23T02:31:51.070-0400][gc,stringtable ] GC(369545) Cleaned string and symbol table, strings: 32200 processed, 0 removed, symbols: 131451 processed, 0 removed
[2020-12-23T02:31:51.070-0400][gc,phases      ] GC(369545) Phase 1: Mark live objects 143.324ms
[2020-12-23T02:31:51.071-0400][gc,phases,start] GC(369545) Phase 2: Prepare for compaction
[2020-12-23T02:31:51.100-0400][gc,phases      ] GC(369545) Phase 2: Prepare for compaction 29.540ms
[2020-12-23T02:31:51.100-0400][gc,phases,start] GC(369545) Phase 3: Adjust pointers
[2020-12-23T02:31:51.179-0400][gc,phases      ] GC(369545) Phase 3: Adjust pointers 78.970ms
[2020-12-23T02:31:51.179-0400][gc,phases,start] GC(369545) Phase 4: Compact heap
[2020-12-23T02:31:51.201-0400][gc,phases      ] GC(369545) Phase 4: Compact heap 21.841ms
[2020-12-23T02:31:51.236-0400][gc,heap        ] GC(369545) Eden regions: 4->0(11)
[2020-12-23T02:31:51.236-0400][gc,heap        ] GC(369545) Survivor regions: 1->0(2)
[2020-12-23T02:31:51.236-0400][gc,heap        ] GC(369545) Old regions: 45->47
[2020-12-23T02:31:51.236-0400][gc,heap        ] GC(369545) Humongous regions: 4->4
[2020-12-23T02:31:51.236-0400][gc,metaspace   ] GC(369545) Metaspace: 61007K->61007K(1107968K)
[2020-12-23T02:31:51.236-0400][gc,heap        ] GC(369545) Heap after GC invocations=369522 (full 10711): garbage-first heap   total 73728K, used 48455K [0x0000000083000000, 0x0000000100000000)
[2020-12-23T02:31:51.237-0400][gc,heap        ] GC(369545)   region size 1024K, 0 young (0K), 0 survivors (0K)
[2020-12-23T02:31:51.237-0400][gc,heap        ] GC(369545)  Metaspace       used 61007K, capacity 63721K, committed 64768K, reserved 1107968K
[2020-12-23T02:31:51.237-0400][gc,heap        ] GC(369545)   class space    used 5712K, capacity 6559K, committed 6912K, reserved 1048576K
[2020-12-23T02:31:51.237-0400][gc             ] GC(369545) Pause Full (System.gc()) 51M->47M(72M) 312.251ms
[2020-12-23T02:31:51.237-0400][gc,cpu         ] GC(369545) User=0.79s Sys=0.05s Real=0.32s
[2020-12-23T02:32:22.244-0400][gc,heap        ] GC(369546) Heap before GC invocations=369522 (full 10711): garbage-first heap   total 73728K, used 58695K [0x0000000083000000, 0x0000000100000000)
[2020-12-23T02:32:22.244-0400][gc,heap        ] GC(369546)   region size 1024K, 11 young (11264K), 0 survivors (0K)
[2020-12-23T02:32:22.244-0400][gc,heap        ] GC(369546)  Metaspace       used 61007K, capacity 63721K, committed 64768K, reserved 1107968K
[2020-12-23T02:32:22.244-0400][gc,heap        ] GC(369546)   class space    used 5712K, capacity 6559K, committed 6912K, reserved 1048576K
[2020-12-23T02:32:22.244-0400][gc,start       ] GC(369546) Pause Young (Concurrent Start) (G1 Evacuation Pause)
[2020-12-23T02:32:22.244-0400][gc,task        ] GC(369546) Using 4 workers of 4 for evacuation
[2020-12-23T02:32:22.251-0400][gc,phases      ] GC(369546)   Pre Evacuate Collection Set: 0.3ms
[2020-12-23T02:32:22.251-0400][gc,phases      ] GC(369546)   Evacuate Collection Set: 4.5ms
[2020-12-23T02:32:22.251-0400][gc,phases      ] GC(369546)   Post Evacuate Collection Set: 1.8ms
[2020-12-23T02:32:22.252-0400][gc,phases      ] GC(369546)   Other: 1.0ms
[2020-12-23T02:32:22.252-0400][gc,heap        ] GC(369546) Eden regions: 11->0(11)
[2020-12-23T02:32:22.252-0400][gc,heap        ] GC(369546) Survivor regions: 0->1(2)
[2020-12-23T02:32:22.252-0400][gc,heap        ] GC(369546) Old regions: 47->47
[2020-12-23T02:32:22.252-0400][gc,heap        ] GC(369546) Humongous regions: 4->4
[2020-12-23T02:32:22.252-0400][gc,metaspace   ] GC(369546) Metaspace: 61007K->61007K(1107968K)
[2020-12-23T02:32:22.252-0400][gc,heap        ] GC(369546) Heap after GC invocations=369523 (full 10711): garbage-first heap   total 73728K, used 48795K [0x0000000083000000, 0x0000000100000000)
[2020-12-23T02:32:22.252-0400][gc,heap        ] GC(369546)   region size 1024K, 1 young (1024K), 1 survivors (1024K)
[2020-12-23T02:32:22.252-0400][gc,heap        ] GC(369546)  Metaspace       used 61007K, capacity 63721K, committed 64768K, reserved 1107968K
[2020-12-23T02:32:22.252-0400][gc,heap        ] GC(369546)   class space    used 5712K, capacity 6559K, committed 6912K, reserved 1048576K
[2020-12-23T02:32:22.252-0400][gc             ] GC(369546) Pause Young (Concurrent Start) (G1 Evacuation Pause) 58M->47M(72M) 7.886ms
[2020-12-23T02:32:22.252-0400][gc,cpu         ] GC(369546) User=0.02s Sys=0.00s Real=0.01s
[2020-12-23T02:32:22.252-0400][gc             ] GC(369547) Concurrent Cycle
[2020-12-23T02:32:22.252-0400][gc,marking     ] GC(369547) Concurrent Clear Claimed Marks
[2020-12-23T02:32:22.253-0400][gc,marking     ] GC(369547) Concurrent Clear Claimed Marks 0.404ms
[2020-12-23T02:32:22.253-0400][gc,marking     ] GC(369547) Concurrent Scan Root Regions
[2020-12-23T02:32:22.256-0400][gc,marking     ] GC(369547) Concurrent Scan Root Regions 3.073ms
[2020-12-23T02:32:22.256-0400][gc,marking     ] GC(369547) Concurrent Mark (3201657.011s)
[2020-12-23T02:32:22.256-0400][gc,marking     ] GC(369547) Concurrent Mark From Roots
[2020-12-23T02:32:22.256-0400][gc,task        ] GC(369547) Using 1 workers of 1 for marking
[2020-12-23T02:32:22.582-0400][gc,marking     ] GC(369547) Concurrent Mark From Roots 325.858ms
[2020-12-23T02:32:22.582-0400][gc,marking     ] GC(369547) Concurrent Preclean
[2020-12-23T02:32:22.583-0400][gc,marking     ] GC(369547) Concurrent Preclean 0.789ms
[2020-12-23T02:32:22.583-0400][gc,marking     ] GC(369547) Concurrent Mark (3201657.011s, 3201657.338s) 326.921ms
[2020-12-23T02:32:22.584-0400][gc,start       ] GC(369547) Pause Remark
[2020-12-23T02:32:22.626-0400][gc,stringtable ] GC(369547) Cleaned string and symbol table, strings: 32200 processed, 0 removed, symbols: 131451 processed, 0 removed
[2020-12-23T02:32:22.627-0400][gc             ] GC(369547) Pause Remark 48M->48M(72M) 42.425ms
[2020-12-23T02:32:22.627-0400][gc,cpu         ] GC(369547) User=0.09s Sys=0.07s Real=0.05s
[2020-12-23T02:32:22.627-0400][gc,marking     ] GC(369547) Concurrent Rebuild Remembered Sets
[2020-12-23T02:32:22.816-0400][gc,marking     ] GC(369547) Concurrent Rebuild Remembered Sets 189.349ms
[2020-12-23T02:32:22.817-0400][gc,start       ] GC(369547) Pause Cleanup
[2020-12-23T02:32:22.818-0400][gc             ] GC(369547) Pause Cleanup 48M->48M(72M) 0.646ms
[2020-12-23T02:32:22.818-0400][gc,cpu         ] GC(369547) User=0.00s Sys=0.00s Real=0.00s
[2020-12-23T02:32:22.818-0400][gc,marking     ] GC(369547) Concurrent Cleanup for Next Mark
[2020-12-23T02:32:22.819-0400][gc,marking     ] GC(369547) Concurrent Cleanup for Next Mark 0.960ms
[2020-12-23T02:32:22.819-0400][gc             ] GC(369547) Concurrent Cycle 566.974ms
[2020-12-23T02:33:00.834-0400][gc,heap        ] GC(369548) Heap before GC invocations=369524 (full 10711): garbage-first heap   total 73728K, used 59035K [0x0000000083000000, 0x0000000100000000)
[2020-12-23T02:33:00.834-0400][gc,heap        ] GC(369548)   region size 1024K, 12 young (12288K), 1 survivors (1024K)
[2020-12-23T02:33:00.834-0400][gc,heap        ] GC(369548)  Metaspace       used 61007K, capacity 63721K, committed 64768K, reserved 1107968K
[2020-12-23T02:33:00.834-0400][gc,heap        ] GC(369548)   class space    used 5712K, capacity 6559K, committed 6912K, reserved 1048576K
[2020-12-23T02:33:00.834-0400][gc,start       ] GC(369548) Pause Young (Normal) (G1 Evacuation Pause)
[2020-12-23T02:33:00.834-0400][gc,task        ] GC(369548) Using 4 workers of 4 for evacuation
[2020-12-23T02:33:00.842-0400][gc,phases      ] GC(369548)   Pre Evacuate Collection Set: 0.0ms
[2020-12-23T02:33:00.842-0400][gc,phases      ] GC(369548)   Evacuate Collection Set: 5.0ms
[2020-12-23T02:33:00.842-0400][gc,phases      ] GC(369548)   Post Evacuate Collection Set: 1.6ms
[2020-12-23T02:33:00.842-0400][gc,phases      ] GC(369548)   Other: 0.9ms
[2020-12-23T02:33:00.842-0400][gc,heap        ] GC(369548) Eden regions: 11->0(11)
[2020-12-23T02:33:00.842-0400][gc,heap        ] GC(369548) Survivor regions: 1->1(2)
[2020-12-23T02:33:00.842-0400][gc,heap        ] GC(369548) Old regions: 47->47
[2020-12-23T02:33:00.842-0400][gc,heap        ] GC(369548) Humongous regions: 4->4
[2020-12-23T02:33:00.842-0400][gc,metaspace   ] GC(369548) Metaspace: 61007K->61007K(1107968K)
[2020-12-23T02:33:00.842-0400][gc,heap        ] GC(369548) Heap after GC invocations=369525 (full 10711): garbage-first heap   total 73728K, used 48869K [0x0000000083000000, 0x0000000100000000)
[2020-12-23T02:33:00.842-0400][gc,heap        ] GC(369548)   region size 1024K, 1 young (1024K), 1 survivors (1024K)
[2020-12-23T02:33:00.842-0400][gc,heap        ] GC(369548)  Metaspace       used 61007K, capacity 63721K, committed 64768K, reserved 1107968K
[2020-12-23T02:33:00.842-0400][gc,heap        ] GC(369548)   class space    used 5712K, capacity 6559K, committed 6912K, reserved 1048576K
[2020-12-23T02:33:00.842-0400][gc             ] GC(369548) Pause Young (Normal) (G1 Evacuation Pause) 58M->47M(72M) 7.920ms
[2020-12-23T02:33:00.842-0400][gc,cpu         ] GC(369548) User=0.01s Sys=0.01s Real=0.01s
[2020-12-23T02:33:27.813-0400][gc,heap        ] GC(369549) Heap before GC invocations=369525 (full 10711): garbage-first heap   total 73728K, used 60133K [0x0000000083000000, 0x0000000100000000)
[2020-12-23T02:33:27.813-0400][gc,heap        ] GC(369549)   region size 1024K, 12 young (12288K), 1 survivors (1024K)
[2020-12-23T02:33:27.814-0400][gc,heap        ] GC(369549)  Metaspace       used 61007K, capacity 63721K, committed 64768K, reserved 1107968K
[2020-12-23T02:33:27.814-0400][gc,heap        ] GC(369549)   class space    used 5712K, capacity 6559K, committed 6912K, reserved 1048576K
[2020-12-23T02:33:27.814-0400][gc,start       ] GC(369549) Pause Young (Concurrent Start) (G1 Evacuation Pause)
[2020-12-23T02:33:27.814-0400][gc,task        ] GC(369549) Using 4 workers of 4 for evacuation
[2020-12-23T02:33:27.821-0400][gc,phases      ] GC(369549)   Pre Evacuate Collection Set: 0.2ms
[2020-12-23T02:33:27.822-0400][gc,phases      ] GC(369549)   Evacuate Collection Set: 5.1ms
[2020-12-23T02:33:27.822-0400][gc,phases      ] GC(369549)   Post Evacuate Collection Set: 1.9ms
[2020-12-23T02:33:27.822-0400][gc,phases      ] GC(369549)   Other: 0.9ms
[2020-12-23T02:33:27.822-0400][gc,heap        ] GC(369549) Eden regions: 11->0(11)
[2020-12-23T02:33:27.822-0400][gc,heap        ] GC(369549) Survivor regions: 1->1(2)
[2020-12-23T02:33:27.822-0400][gc,heap        ] GC(369549) Old regions: 47->47
[2020-12-23T02:33:27.822-0400][gc,heap        ] GC(369549) Humongous regions: 4->4
[2020-12-23T02:33:27.822-0400][gc,metaspace   ] GC(369549) Metaspace: 61007K->61007K(1107968K)
[2020-12-23T02:33:27.822-0400][gc,heap        ] GC(369549) Heap after GC invocations=369526 (full 10711): garbage-first heap   total 73728K, used 48932K [0x0000000083000000, 0x0000000100000000)
[2020-12-23T02:33:27.822-0400][gc,heap        ] GC(369549)   region size 1024K, 1 young (1024K), 1 survivors (1024K)
[2020-12-23T02:33:27.822-0400][gc,heap        ] GC(369549)  Metaspace       used 61007K, capacity 63721K, committed 64768K, reserved 1107968K
[2020-12-23T02:33:27.822-0400][gc,heap        ] GC(369549)   class space    used 5712K, capacity 6559K, committed 6912K, reserved 1048576K
[2020-12-23T02:33:27.822-0400][gc             ] GC(369549) Pause Young (Concurrent Start) (G1 Evacuation Pause) 58M->47M(72M) 8.536ms
[2020-12-23T02:33:27.822-0400][gc,cpu         ] GC(369549) User=0.02s Sys=0.01s Real=0.01s
[2020-12-23T02:33:27.823-0400][gc             ] GC(369550) Concurrent Cycle
[2020-12-23T02:33:27.823-0400][gc,marking     ] GC(369550) Concurrent Clear Claimed Marks
[2020-12-23T02:33:27.823-0400][gc,marking     ] GC(369550) Concurrent Clear Claimed Marks 0.333ms
[2020-12-23T02:33:27.823-0400][gc,marking     ] GC(369550) Concurrent Scan Root Regions
[2020-12-23T02:33:27.827-0400][gc,marking     ] GC(369550) Concurrent Scan Root Regions 3.772ms
[2020-12-23T02:33:27.827-0400][gc,marking     ] GC(369550) Concurrent Mark (3201722.582s)
[2020-12-23T02:33:27.827-0400][gc,marking     ] GC(369550) Concurrent Mark From Roots
[2020-12-23T02:33:27.827-0400][gc,task        ] GC(369550) Using 1 workers of 1 for marking
[2020-12-23T02:33:28.150-0400][gc,marking     ] GC(369550) Concurrent Mark From Roots 323.270ms
[2020-12-23T02:33:28.150-0400][gc,marking     ] GC(369550) Concurrent Preclean
[2020-12-23T02:33:28.151-0400][gc,marking     ] GC(369550) Concurrent Preclean 0.665ms
[2020-12-23T02:33:28.151-0400][gc,marking     ] GC(369550) Concurrent Mark (3201722.582s, 3201722.906s) 324.186ms
[2020-12-23T02:33:28.152-0400][gc,start       ] GC(369550) Pause Remark
[2020-12-23T02:33:28.194-0400][gc,stringtable ] GC(369550) Cleaned string and symbol table, strings: 32200 processed, 0 removed, symbols: 131451 processed, 0 removed
[2020-12-23T02:33:28.194-0400][gc             ] GC(369550) Pause Remark 48M->48M(72M) 42.520ms
[2020-12-23T02:33:28.195-0400][gc,cpu         ] GC(369550) User=0.16s Sys=0.00s Real=0.04s
[2020-12-23T02:33:28.195-0400][gc,marking     ] GC(369550) Concurrent Rebuild Remembered Sets
[2020-12-23T02:33:28.384-0400][gc,marking     ] GC(369550) Concurrent Rebuild Remembered Sets 188.911ms
[2020-12-23T02:33:28.385-0400][gc,start       ] GC(369550) Pause Cleanup
[2020-12-23T02:33:28.385-0400][gc             ] GC(369550) Pause Cleanup 48M->48M(72M) 0.487ms
[2020-12-23T02:33:28.385-0400][gc,cpu         ] GC(369550) User=0.00s Sys=0.00s Real=0.00s
[2020-12-23T02:33:28.385-0400][gc,marking     ] GC(369550) Concurrent Cleanup for Next Mark
[2020-12-23T02:33:28.386-0400][gc,marking     ] GC(369550) Concurrent Cleanup for Next Mark 0.889ms
[2020-12-23T02:33:28.386-0400][gc             ] GC(369550) Concurrent Cycle 563.881ms
[2020-12-23T02:34:03.942-0400][gc,heap        ] GC(369551) Heap before GC invocations=369527 (full 10711): garbage-first heap   total 73728K, used 59172K [0x0000000083000000, 0x0000000100000000)
[2020-12-23T02:34:03.942-0400][gc,heap        ] GC(369551)   region size 1024K, 12 young (12288K), 1 survivors (1024K)
[2020-12-23T02:34:03.942-0400][gc,heap        ] GC(369551)  Metaspace       used 61007K, capacity 63721K, committed 64768K, reserved 1107968K
[2020-12-23T02:34:03.943-0400][gc,heap        ] GC(369551)   class space    used 5712K, capacity 6559K, committed 6912K, reserved 1048576K
[2020-12-23T02:34:03.943-0400][gc,start       ] GC(369551) Pause Young (Normal) (G1 Evacuation Pause)
[2020-12-23T02:34:03.943-0400][gc,task        ] GC(369551) Using 4 workers of 4 for evacuation
[2020-12-23T02:34:03.951-0400][gc,phases      ] GC(369551)   Pre Evacuate Collection Set: 0.1ms
[2020-12-23T02:34:03.951-0400][gc,phases      ] GC(369551)   Evacuate Collection Set: 5.4ms
[2020-12-23T02:34:03.951-0400][gc,phases      ] GC(369551)   Post Evacuate Collection Set: 1.9ms
[2020-12-23T02:34:03.951-0400][gc,phases      ] GC(369551)   Other: 1.1ms
[2020-12-23T02:34:03.951-0400][gc,heap        ] GC(369551) Eden regions: 11->0(10)
[2020-12-23T02:34:03.951-0400][gc,heap        ] GC(369551) Survivor regions: 1->1(2)
[2020-12-23T02:34:03.951-0400][gc,heap        ] GC(369551) Old regions: 47->47
[2020-12-23T02:34:03.951-0400][gc,heap        ] GC(369551) Humongous regions: 4->4
[2020-12-23T02:34:03.951-0400][gc,metaspace   ] GC(369551) Metaspace: 61007K->61007K(1107968K)
[2020-12-23T02:34:03.951-0400][gc,heap        ] GC(369551) Heap after GC invocations=369528 (full 10711): garbage-first heap   total 73728K, used 49059K [0x0000000083000000, 0x0000000100000000)
[2020-12-23T02:34:03.951-0400][gc,heap        ] GC(369551)   region size 1024K, 1 young (1024K), 1 survivors (1024K)
[2020-12-23T02:34:03.951-0400][gc,heap        ] GC(369551)  Metaspace       used 61007K, capacity 63721K, committed 64768K, reserved 1107968K
[2020-12-23T02:34:03.951-0400][gc,heap        ] GC(369551)   class space    used 5712K, capacity 6559K, committed 6912K, reserved 1048576K
[2020-12-23T02:34:03.952-0400][gc             ] GC(369551) Pause Young (Normal) (G1 Evacuation Pause) 58M->47M(72M) 8.870ms
[2020-12-23T02:34:03.952-0400][gc,cpu         ] GC(369551) User=0.02s Sys=0.01s Real=0.01s
[2020-12-23T02:34:35.795-0400][gc,heap        ] GC(369552) Heap before GC invocations=369528 (full 10711): garbage-first heap   total 73728K, used 58275K [0x0000000083000000, 0x0000000100000000)
[2020-12-23T02:34:35.795-0400][gc,heap        ] GC(369552)   region size 1024K, 11 young (11264K), 1 survivors (1024K)
[2020-12-23T02:34:35.795-0400][gc,heap        ] GC(369552)  Metaspace       used 61007K, capacity 63721K, committed 64768K, reserved 1107968K
[2020-12-23T02:34:35.795-0400][gc,heap        ] GC(369552)   class space    used 5712K, capacity 6559K, committed 6912K, reserved 1048576K
[2020-12-23T02:34:35.796-0400][gc,start       ] GC(369552) Pause Young (Concurrent Start) (G1 Evacuation Pause)
[2020-12-23T02:34:35.796-0400][gc,task        ] GC(369552) Using 4 workers of 4 for evacuation
[2020-12-23T02:34:35.803-0400][gc,phases      ] GC(369552)   Pre Evacuate Collection Set: 0.3ms
[2020-12-23T02:34:35.803-0400][gc,phases      ] GC(369552)   Evacuate Collection Set: 4.9ms
[2020-12-23T02:34:35.803-0400][gc,phases      ] GC(369552)   Post Evacuate Collection Set: 1.9ms
[2020-12-23T02:34:35.803-0400][gc,phases      ] GC(369552)   Other: 0.9ms
[2020-12-23T02:34:35.804-0400][gc,heap        ] GC(369552) Eden regions: 10->0(10)
[2020-12-23T02:34:35.804-0400][gc,heap        ] GC(369552) Survivor regions: 1->1(2)
[2020-12-23T02:34:35.804-0400][gc,heap        ] GC(369552) Old regions: 47->47
[2020-12-23T02:34:35.804-0400][gc,heap        ] GC(369552) Humongous regions: 4->4
[2020-12-23T02:34:35.804-0400][gc,metaspace   ] GC(369552) Metaspace: 61007K->61007K(1107968K)
[2020-12-23T02:34:35.804-0400][gc,heap        ] GC(369552) Heap after GC invocations=369529 (full 10711): garbage-first heap   total 73728K, used 48980K [0x0000000083000000, 0x0000000100000000)
[2020-12-23T02:34:35.804-0400][gc,heap        ] GC(369552)   region size 1024K, 1 young (1024K), 1 survivors (1024K)
[2020-12-23T02:34:35.804-0400][gc,heap        ] GC(369552)  Metaspace       used 61007K, capacity 63721K, committed 64768K, reserved 1107968K
[2020-12-23T02:34:35.804-0400][gc,heap        ] GC(369552)   class space    used 5712K, capacity 6559K, committed 6912K, reserved 1048576K
[2020-12-23T02:34:35.804-0400][gc             ] GC(369552) Pause Young (Concurrent Start) (G1 Evacuation Pause) 57M->47M(72M) 8.314ms
[2020-12-23T02:34:35.804-0400][gc,cpu         ] GC(369552) User=0.02s Sys=0.00s Real=0.00s
[2020-12-23T02:34:35.804-0400][gc             ] GC(369553) Concurrent Cycle
[2020-12-23T02:34:35.804-0400][gc,marking     ] GC(369553) Concurrent Clear Claimed Marks
[2020-12-23T02:34:35.805-0400][gc,marking     ] GC(369553) Concurrent Clear Claimed Marks 0.399ms
[2020-12-23T02:34:35.805-0400][gc,marking     ] GC(369553) Concurrent Scan Root Regions
[2020-12-23T02:34:35.808-0400][gc,marking     ] GC(369553) Concurrent Scan Root Regions 3.019ms
[2020-12-23T02:34:35.808-0400][gc,marking     ] GC(369553) Concurrent Mark (3201790.563s)
[2020-12-23T02:34:35.808-0400][gc,marking     ] GC(369553) Concurrent Mark From Roots
[2020-12-23T02:34:35.808-0400][gc,task        ] GC(369553) Using 1 workers of 1 for marking
[2020-12-23T02:34:36.128-0400][gc,marking     ] GC(369553) Concurrent Mark From Roots 319.580ms
[2020-12-23T02:34:36.128-0400][gc,marking     ] GC(369553) Concurrent Preclean
[2020-12-23T02:34:36.128-0400][gc,marking     ] GC(369553) Concurrent Preclean 0.616ms
[2020-12-23T02:34:36.129-0400][gc,marking     ] GC(369553) Concurrent Mark (3201790.563s, 3201790.883s) 320.440ms
[2020-12-23T02:34:36.129-0400][gc,start       ] GC(369553) Pause Remark
[2020-12-23T02:34:36.172-0400][gc,stringtable ] GC(369553) Cleaned string and symbol table, strings: 32200 processed, 0 removed, symbols: 131451 processed, 0 removed
[2020-12-23T02:34:36.173-0400][gc             ] GC(369553) Pause Remark 48M->47M(72M) 43.532ms
[2020-12-23T02:34:36.173-0400][gc,cpu         ] GC(369553) User=0.09s Sys=0.05s Real=0.04s
[2020-12-23T02:34:36.173-0400][gc,marking     ] GC(369553) Concurrent Rebuild Remembered Sets
[2020-12-23T02:34:36.363-0400][gc,marking     ] GC(369553) Concurrent Rebuild Remembered Sets 189.759ms
[2020-12-23T02:34:36.364-0400][gc,start       ] GC(369553) Pause Cleanup
[2020-12-23T02:34:36.364-0400][gc             ] GC(369553) Pause Cleanup 48M->48M(72M) 0.424ms
[2020-12-23T02:34:36.364-0400][gc,cpu         ] GC(369553) User=0.00s Sys=0.00s Real=0.00s
[2020-12-23T02:34:36.365-0400][gc,marking     ] GC(369553) Concurrent Cleanup for Next Mark
[2020-12-23T02:34:36.365-0400][gc,marking     ] GC(369553) Concurrent Cleanup for Next Mark 0.895ms
[2020-12-23T02:34:36.366-0400][gc             ] GC(369553) Concurrent Cycle 561.255ms
[2020-12-23T02:35:06.323-0400][gc,heap        ] GC(369554) Heap before GC invocations=369530 (full 10711): garbage-first heap   total 73728K, used 58175K [0x0000000083000000, 0x0000000100000000)
[2020-12-23T02:35:06.323-0400][gc,heap        ] GC(369554)   region size 1024K, 11 young (11264K), 1 survivors (1024K)
[2020-12-23T02:35:06.323-0400][gc,heap        ] GC(369554)  Metaspace       used 61007K, capacity 63721K, committed 64768K, reserved 1107968K
[2020-12-23T02:35:06.324-0400][gc,heap        ] GC(369554)   class space    used 5712K, capacity 6559K, committed 6912K, reserved 1048576K
[2020-12-23T02:35:06.324-0400][gc,start       ] GC(369554) Pause Young (Normal) (G1 Evacuation Pause)
[2020-12-23T02:35:06.324-0400][gc,task        ] GC(369554) Using 4 workers of 4 for evacuation
[2020-12-23T02:35:06.331-0400][gc,phases      ] GC(369554)   Pre Evacuate Collection Set: 0.0ms
[2020-12-23T02:35:06.331-0400][gc,phases      ] GC(369554)   Evacuate Collection Set: 5.2ms
[2020-12-23T02:35:06.331-0400][gc,phases      ] GC(369554)   Post Evacuate Collection Set: 1.6ms
[2020-12-23T02:35:06.331-0400][gc,phases      ] GC(369554)   Other: 1.0ms
[2020-12-23T02:35:06.331-0400][gc,heap        ] GC(369554) Eden regions: 10->0(11)
[2020-12-23T02:35:06.331-0400][gc,heap        ] GC(369554) Survivor regions: 1->1(2)
[2020-12-23T02:35:06.331-0400][gc,heap        ] GC(369554) Old regions: 46->46
[2020-12-23T02:35:06.332-0400][gc,heap        ] GC(369554) Humongous regions: 4->4
[2020-12-23T02:35:06.332-0400][gc,metaspace   ] GC(369554) Metaspace: 61007K->61007K(1107968K)
[2020-12-23T02:35:06.332-0400][gc,heap        ] GC(369554) Heap after GC invocations=369531 (full 10711): garbage-first heap   total 73728K, used 48956K [0x0000000083000000, 0x0000000100000000)
[2020-12-23T02:35:06.332-0400][gc,heap        ] GC(369554)   region size 1024K, 1 young (1024K), 1 survivors (1024K)
[2020-12-23T02:35:06.332-0400][gc,heap        ] GC(369554)  Metaspace       used 61007K, capacity 63721K, committed 64768K, reserved 1107968K
[2020-12-23T02:35:06.332-0400][gc,heap        ] GC(369554)   class space    used 5712K, capacity 6559K, committed 6912K, reserved 1048576K
[2020-12-23T02:35:06.332-0400][gc             ] GC(369554) Pause Young (Normal) (G1 Evacuation Pause) 57M->47M(72M) 8.248ms
[2020-12-23T02:35:06.332-0400][gc,cpu         ] GC(369554) User=0.03s Sys=0.00s Real=0.01s
[2020-12-23T02:35:52.106-0400][gc,heap        ] GC(369555) Heap before GC invocations=369531 (full 10711): garbage-first heap   total 73728K, used 59196K [0x0000000083000000, 0x0000000100000000)
[2020-12-23T02:35:52.106-0400][gc,heap        ] GC(369555)   region size 1024K, 12 young (12288K), 1 survivors (1024K)
[2020-12-23T02:35:52.106-0400][gc,heap        ] GC(369555)  Metaspace       used 61007K, capacity 63721K, committed 64768K, reserved 1107968K
[2020-12-23T02:35:52.106-0400][gc,heap        ] GC(369555)   class space    used 5712K, capacity 6559K, committed 6912K, reserved 1048576K
[2020-12-23T02:35:52.106-0400][gc,start       ] GC(369555) Pause Young (Normal) (G1 Evacuation Pause)
[2020-12-23T02:35:52.106-0400][gc,task        ] GC(369555) Using 4 workers of 4 for evacuation
[2020-12-23T02:35:52.112-0400][gc,phases      ] GC(369555)   Pre Evacuate Collection Set: 0.0ms
[2020-12-23T02:35:52.112-0400][gc,phases      ] GC(369555)   Evacuate Collection Set: 3.6ms
[2020-12-23T02:35:52.112-0400][gc,phases      ] GC(369555)   Post Evacuate Collection Set: 1.6ms
[2020-12-23T02:35:52.112-0400][gc,phases      ] GC(369555)   Other: 1.2ms
[2020-12-23T02:35:52.112-0400][gc,heap        ] GC(369555) Eden regions: 11->0(11)
[2020-12-23T02:35:52.112-0400][gc,heap        ] GC(369555) Survivor regions: 1->1(2)
[2020-12-23T02:35:52.112-0400][gc,heap        ] GC(369555) Old regions: 46->46
[2020-12-23T02:35:52.112-0400][gc,heap        ] GC(369555) Humongous regions: 4->4
[2020-12-23T02:35:52.112-0400][gc,metaspace   ] GC(369555) Metaspace: 61007K->61007K(1107968K)
[2020-12-23T02:35:52.112-0400][gc,heap        ] GC(369555) Heap after GC invocations=369532 (full 10711): garbage-first heap   total 73728K, used 48863K [0x0000000083000000, 0x0000000100000000)
[2020-12-23T02:35:52.112-0400][gc,heap        ] GC(369555)   region size 1024K, 1 young (1024K), 1 survivors (1024K)
[2020-12-23T02:35:52.112-0400][gc,heap        ] GC(369555)  Metaspace       used 61007K, capacity 63721K, committed 64768K, reserved 1107968K
[2020-12-23T02:35:52.112-0400][gc,heap        ] GC(369555)   class space    used 5712K, capacity 6559K, committed 6912K, reserved 1048576K
[2020-12-23T02:35:52.113-0400][gc             ] GC(369555) Pause Young (Normal) (G1 Evacuation Pause) 58M->47M(72M) 6.333ms
[2020-12-23T02:35:52.113-0400][gc,cpu         ] GC(369555) User=0.01s Sys=0.02s Real=0.00s
[2020-12-23T02:36:11.942-0400][gc,heap        ] GC(369556) Heap before GC invocations=369532 (full 10711): garbage-first heap   total 73728K, used 59103K [0x0000000083000000, 0x0000000100000000)
[2020-12-23T02:36:11.942-0400][gc,heap        ] GC(369556)   region size 1024K, 12 young (12288K), 1 survivors (1024K)
[2020-12-23T02:36:11.943-0400][gc,heap        ] GC(369556)  Metaspace       used 61007K, capacity 63721K, committed 64768K, reserved 1107968K
[2020-12-23T02:36:11.943-0400][gc,heap        ] GC(369556)   class space    used 5712K, capacity 6559K, committed 6912K, reserved 1048576K
[2020-12-23T02:36:11.943-0400][gc,start       ] GC(369556) Pause Young (Normal) (G1 Evacuation Pause)
[2020-12-23T02:36:11.943-0400][gc,task        ] GC(369556) Using 4 workers of 4 for evacuation
[2020-12-23T02:36:11.948-0400][gc,phases      ] GC(369556)   Pre Evacuate Collection Set: 0.0ms
[2020-12-23T02:36:11.948-0400][gc,phases      ] GC(369556)   Evacuate Collection Set: 3.2ms
[2020-12-23T02:36:11.948-0400][gc,phases      ] GC(369556)   Post Evacuate Collection Set: 1.5ms
[2020-12-23T02:36:11.948-0400][gc,phases      ] GC(369556)   Other: 1.0ms
[2020-12-23T02:36:11.949-0400][gc,heap        ] GC(369556) Eden regions: 11->0(11)
[2020-12-23T02:36:11.949-0400][gc,heap        ] GC(369556) Survivor regions: 1->1(2)
[2020-12-23T02:36:11.949-0400][gc,heap        ] GC(369556) Old regions: 46->46
[2020-12-23T02:36:11.949-0400][gc,heap        ] GC(369556) Humongous regions: 4->4
[2020-12-23T02:36:11.949-0400][gc,metaspace   ] GC(369556) Metaspace: 61007K->61007K(1107968K)
[2020-12-23T02:36:11.949-0400][gc,heap        ] GC(369556) Heap after GC invocations=369533 (full 10711): garbage-first heap   total 73728K, used 48841K [0x0000000083000000, 0x0000000100000000)
[2020-12-23T02:36:11.949-0400][gc,heap        ] GC(369556)   region size 1024K, 1 young (1024K), 1 survivors (1024K)
[2020-12-23T02:36:11.949-0400][gc,heap        ] GC(369556)  Metaspace       used 61007K, capacity 63721K, committed 64768K, reserved 1107968K
[2020-12-23T02:36:11.949-0400][gc,heap        ] GC(369556)   class space    used 5712K, capacity 6559K, committed 6912K, reserved 1048576K
[2020-12-23T02:36:11.949-0400][gc             ] GC(369556) Pause Young (Normal) (G1 Evacuation Pause) 58M->47M(72M) 6.130ms
[2020-12-23T02:36:11.949-0400][gc,cpu         ] GC(369556) User=0.02s Sys=0.00s Real=0.01s
[2020-12-23T02:36:41.001-0400][gc,heap        ] GC(369557) Heap before GC invocations=369533 (full 10711): garbage-first heap   total 73728K, used 59081K [0x0000000083000000, 0x0000000100000000)
[2020-12-23T02:36:41.001-0400][gc,heap        ] GC(369557)   region size 1024K, 12 young (12288K), 1 survivors (1024K)
[2020-12-23T02:36:41.001-0400][gc,heap        ] GC(369557)  Metaspace       used 61007K, capacity 63721K, committed 64768K, reserved 1107968K
[2020-12-23T02:36:41.001-0400][gc,heap        ] GC(369557)   class space    used 5712K, capacity 6559K, committed 6912K, reserved 1048576K
[2020-12-23T02:36:41.001-0400][gc,start       ] GC(369557) Pause Young (Normal) (G1 Evacuation Pause)
[2020-12-23T02:36:41.001-0400][gc,task        ] GC(369557) Using 4 workers of 4 for evacuation
[2020-12-23T02:36:41.007-0400][gc,phases      ] GC(369557)   Pre Evacuate Collection Set: 0.1ms
[2020-12-23T02:36:41.007-0400][gc,phases      ] GC(369557)   Evacuate Collection Set: 3.2ms
[2020-12-23T02:36:41.007-0400][gc,phases      ] GC(369557)   Post Evacuate Collection Set: 1.7ms
[2020-12-23T02:36:41.007-0400][gc,phases      ] GC(369557)   Other: 0.8ms
[2020-12-23T02:36:41.007-0400][gc,heap        ] GC(369557) Eden regions: 11->0(11)
[2020-12-23T02:36:41.007-0400][gc,heap        ] GC(369557) Survivor regions: 1->1(2)
[2020-12-23T02:36:41.007-0400][gc,heap        ] GC(369557) Old regions: 46->46
[2020-12-23T02:36:41.007-0400][gc,heap        ] GC(369557) Humongous regions: 4->4
[2020-12-23T02:36:41.007-0400][gc,metaspace   ] GC(369557) Metaspace: 61007K->61007K(1107968K)
[2020-12-23T02:36:41.007-0400][gc,heap        ] GC(369557) Heap after GC invocations=369534 (full 10711): garbage-first heap   total 73728K, used 48818K [0x0000000083000000, 0x0000000100000000)
[2020-12-23T02:36:41.007-0400][gc,heap        ] GC(369557)   region size 1024K, 1 young (1024K), 1 survivors (1024K)
[2020-12-23T02:36:41.007-0400][gc,heap        ] GC(369557)  Metaspace       used 61007K, capacity 63721K, committed 64768K, reserved 1107968K
[2020-12-23T02:36:41.007-0400][gc,heap        ] GC(369557)   class space    used 5712K, capacity 6559K, committed 6912K, reserved 1048576K
[2020-12-23T02:36:41.008-0400][gc             ] GC(369557) Pause Young (Normal) (G1 Evacuation Pause) 58M->47M(72M) 6.226ms
[2020-12-23T02:36:41.008-0400][gc,cpu         ] GC(369557) User=0.01s Sys=0.01s Real=0.01s
[2020-12-23T02:36:50.924-0400][gc,task        ] GC(369558) Using 3 workers of 4 for full compaction
[2020-12-23T02:36:50.924-0400][gc,start       ] GC(369558) Pause Full (System.gc())
[2020-12-23T02:36:50.924-0400][gc,heap        ] GC(369558) Heap before GC invocations=369534 (full 10711): garbage-first heap   total 73728K, used 50866K [0x0000000083000000, 0x0000000100000000)
[2020-12-23T02:36:50.924-0400][gc,heap        ] GC(369558)   region size 1024K, 4 young (4096K), 1 survivors (1024K)
[2020-12-23T02:36:50.924-0400][gc,heap        ] GC(369558)  Metaspace       used 61007K, capacity 63721K, committed 64768K, reserved 1107968K
[2020-12-23T02:36:50.924-0400][gc,heap        ] GC(369558)   class space    used 5712K, capacity 6559K, committed 6912K, reserved 1048576K
[2020-12-23T02:36:50.927-0400][gc,phases,start] GC(369558) Phase 1: Mark live objects
[2020-12-23T02:36:51.068-0400][gc,stringtable ] GC(369558) Cleaned string and symbol table, strings: 32200 processed, 0 removed, symbols: 131451 processed, 0 removed
[2020-12-23T02:36:51.068-0400][gc,phases      ] GC(369558) Phase 1: Mark live objects 141.588ms
[2020-12-23T02:36:51.068-0400][gc,phases,start] GC(369558) Phase 2: Prepare for compaction
[2020-12-23T02:36:51.099-0400][gc,phases      ] GC(369558) Phase 2: Prepare for compaction 30.661ms
[2020-12-23T02:36:51.099-0400][gc,phases,start] GC(369558) Phase 3: Adjust pointers
[2020-12-23T02:36:51.179-0400][gc,phases      ] GC(369558) Phase 3: Adjust pointers 79.760ms
[2020-12-23T02:36:51.179-0400][gc,phases,start] GC(369558) Phase 4: Compact heap
[2020-12-23T02:36:51.199-0400][gc,phases      ] GC(369558) Phase 4: Compact heap 19.654ms
[2020-12-23T02:36:51.234-0400][gc,heap        ] GC(369558) Eden regions: 3->0(12)
[2020-12-23T02:36:51.234-0400][gc,heap        ] GC(369558) Survivor regions: 1->0(2)
[2020-12-23T02:36:51.234-0400][gc,heap        ] GC(369558) Old regions: 46->46
[2020-12-23T02:36:51.234-0400][gc,heap        ] GC(369558) Humongous regions: 4->4
[2020-12-23T02:36:51.234-0400][gc,metaspace   ] GC(369558) Metaspace: 61007K->61007K(1107968K)
[2020-12-23T02:36:51.234-0400][gc,heap        ] GC(369558) Heap after GC invocations=369535 (full 10712): garbage-first heap   total 73728K, used 48394K [0x0000000083000000, 0x0000000100000000)
[2020-12-23T02:36:51.234-0400][gc,heap        ] GC(369558)   region size 1024K, 0 young (0K), 0 survivors (0K)
[2020-12-23T02:36:51.234-0400][gc,heap        ] GC(369558)  Metaspace       used 61007K, capacity 63721K, committed 64768K, reserved 1107968K
[2020-12-23T02:36:51.234-0400][gc,heap        ] GC(369558)   class space    used 5712K, capacity 6559K, committed 6912K, reserved 1048576K
[2020-12-23T02:36:51.234-0400][gc             ] GC(369558) Pause Full (System.gc()) 49M->47M(72M) 310.338ms
[2020-12-23T02:36:51.235-0400][gc,cpu         ] GC(369558) User=0.83s Sys=0.00s Real=0.31s
[2020-12-23T02:37:26.098-0400][gc,heap        ] GC(369559) Heap before GC invocations=369535 (full 10712): garbage-first heap   total 73728K, used 60682K [0x0000000083000000, 0x0000000100000000)
[2020-12-23T02:37:26.099-0400][gc,heap        ] GC(369559)   region size 1024K, 12 young (12288K), 0 survivors (0K)
[2020-12-23T02:37:26.099-0400][gc,heap        ] GC(369559)  Metaspace       used 61007K, capacity 63721K, committed 64768K, reserved 1107968K
[2020-12-23T02:37:26.099-0400][gc,heap        ] GC(369559)   class space    used 5712K, capacity 6559K, committed 6912K, reserved 1048576K
[2020-12-23T02:37:26.099-0400][gc,start       ] GC(369559) Pause Young (Normal) (G1 Evacuation Pause)
[2020-12-23T02:37:26.099-0400][gc,task        ] GC(369559) Using 4 workers of 4 for evacuation
[2020-12-23T02:37:26.104-0400][gc,phases      ] GC(369559)   Pre Evacuate Collection Set: 0.0ms
[2020-12-23T02:37:26.105-0400][gc,phases      ] GC(369559)   Evacuate Collection Set: 3.3ms
[2020-12-23T02:37:26.105-0400][gc,phases      ] GC(369559)   Post Evacuate Collection Set: 1.7ms
[2020-12-23T02:37:26.105-0400][gc,phases      ] GC(369559)   Other: 0.9ms
[2020-12-23T02:37:26.105-0400][gc,heap        ] GC(369559) Eden regions: 12->0(11)
[2020-12-23T02:37:26.105-0400][gc,heap        ] GC(369559) Survivor regions: 0->1(2)
[2020-12-23T02:37:26.105-0400][gc,heap        ] GC(369559) Old regions: 46->46
[2020-12-23T02:37:26.105-0400][gc,heap        ] GC(369559) Humongous regions: 4->4
[2020-12-23T02:37:26.105-0400][gc,metaspace   ] GC(369559) Metaspace: 61007K->61007K(1107968K)
[2020-12-23T02:37:26.105-0400][gc,heap        ] GC(369559) Heap after GC invocations=369536 (full 10712): garbage-first heap   total 73728K, used 48751K [0x0000000083000000, 0x0000000100000000)
[2020-12-23T02:37:26.105-0400][gc,heap        ] GC(369559)   region size 1024K, 1 young (1024K), 1 survivors (1024K)
[2020-12-23T02:37:26.105-0400][gc,heap        ] GC(369559)  Metaspace       used 61007K, capacity 63721K, committed 64768K, reserved 1107968K
[2020-12-23T02:37:26.105-0400][gc,heap        ] GC(369559)   class space    used 5712K, capacity 6559K, committed 6912K, reserved 1048576K
[2020-12-23T02:37:26.105-0400][gc             ] GC(369559) Pause Young (Normal) (G1 Evacuation Pause) 59M->47M(72M) 6.464ms
[2020-12-23T02:37:26.105-0400][gc,cpu         ] GC(369559) User=0.02s Sys=0.00s Real=0.00s
[2020-12-23T02:38:01.480-0400][gc,heap        ] GC(369560) Heap before GC invocations=369536 (full 10712): garbage-first heap   total 73728K, used 58991K [0x0000000083000000, 0x0000000100000000)
[2020-12-23T02:38:01.480-0400][gc,heap        ] GC(369560)   region size 1024K, 12 young (12288K), 1 survivors (1024K)
[2020-12-23T02:38:01.480-0400][gc,heap        ] GC(369560)  Metaspace       used 61007K, capacity 63721K, committed 64768K, reserved 1107968K
[2020-12-23T02:38:01.480-0400][gc,heap        ] GC(369560)   class space    used 5712K, capacity 6559K, committed 6912K, reserved 1048576K
[2020-12-23T02:38:01.480-0400][gc,start       ] GC(369560) Pause Young (Normal) (G1 Evacuation Pause)
[2020-12-23T02:38:01.480-0400][gc,task        ] GC(369560) Using 4 workers of 4 for evacuation
[2020-12-23T02:38:01.486-0400][gc,phases      ] GC(369560)   Pre Evacuate Collection Set: 0.0ms
[2020-12-23T02:38:01.486-0400][gc,phases      ] GC(369560)   Evacuate Collection Set: 3.7ms
[2020-12-23T02:38:01.486-0400][gc,phases      ] GC(369560)   Post Evacuate Collection Set: 2.0ms
[2020-12-23T02:38:01.487-0400][gc,phases      ] GC(369560)   Other: 0.8ms
[2020-12-23T02:38:01.487-0400][gc,heap        ] GC(369560) Eden regions: 11->0(11)
[2020-12-23T02:38:01.487-0400][gc,heap        ] GC(369560) Survivor regions: 1->1(2)
[2020-12-23T02:38:01.487-0400][gc,heap        ] GC(369560) Old regions: 46->46
[2020-12-23T02:38:01.487-0400][gc,heap        ] GC(369560) Humongous regions: 4->4
[2020-12-23T02:38:01.487-0400][gc,metaspace   ] GC(369560) Metaspace: 61007K->61007K(1107968K)
[2020-12-23T02:38:01.487-0400][gc,heap        ] GC(369560) Heap after GC invocations=369537 (full 10712): garbage-first heap   total 73728K, used 48767K [0x0000000083000000, 0x0000000100000000)
[2020-12-23T02:38:01.487-0400][gc,heap        ] GC(369560)   region size 1024K, 1 young (1024K), 1 survivors (1024K)
[2020-12-23T02:38:01.487-0400][gc,heap        ] GC(369560)  Metaspace       used 61007K, capacity 63721K, committed 64768K, reserved 1107968K
[2020-12-23T02:38:01.487-0400][gc,heap        ] GC(369560)   class space    used 5712K, capacity 6559K, committed 6912K, reserved 1048576K
[2020-12-23T02:38:01.487-0400][gc             ] GC(369560) Pause Young (Normal) (G1 Evacuation Pause) 58M->47M(72M) 7.032ms
[2020-12-23T02:38:01.487-0400][gc,cpu         ] GC(369560) User=0.01s Sys=0.01s Real=0.01s
[2020-12-23T02:38:37.046-0400][gc,heap        ] GC(369561) Heap before GC invocations=369537 (full 10712): garbage-first heap   total 73728K, used 59007K [0x0000000083000000, 0x0000000100000000)
[2020-12-23T02:38:37.046-0400][gc,heap        ] GC(369561)   region size 1024K, 12 young (12288K), 1 survivors (1024K)
[2020-12-23T02:38:37.046-0400][gc,heap        ] GC(369561)  Metaspace       used 61007K, capacity 63721K, committed 64768K, reserved 1107968K
[2020-12-23T02:38:37.046-0400][gc,heap        ] GC(369561)   class space    used 5712K, capacity 6559K, committed 6912K, reserved 1048576K
[2020-12-23T02:38:37.047-0400][gc,start       ] GC(369561) Pause Young (Normal) (G1 Evacuation Pause)
[2020-12-23T02:38:37.047-0400][gc,task        ] GC(369561) Using 4 workers of 4 for evacuation
[2020-12-23T02:38:37.052-0400][gc,phases      ] GC(369561)   Pre Evacuate Collection Set: 0.0ms
[2020-12-23T02:38:37.052-0400][gc,phases      ] GC(369561)   Evacuate Collection Set: 3.4ms
[2020-12-23T02:38:37.052-0400][gc,phases      ] GC(369561)   Post Evacuate Collection Set: 1.6ms
[2020-12-23T02:38:37.053-0400][gc,phases      ] GC(369561)   Other: 0.9ms
[2020-12-23T02:38:37.053-0400][gc,heap        ] GC(369561) Eden regions: 11->0(11)
[2020-12-23T02:38:37.053-0400][gc,heap        ] GC(369561) Survivor regions: 1->1(2)
[2020-12-23T02:38:37.053-0400][gc,heap        ] GC(369561) Old regions: 46->46
[2020-12-23T02:38:37.053-0400][gc,heap        ] GC(369561) Humongous regions: 4->4
[2020-12-23T02:38:37.053-0400][gc,metaspace   ] GC(369561) Metaspace: 61007K->61007K(1107968K)
[2020-12-23T02:38:37.053-0400][gc,heap        ] GC(369561) Heap after GC invocations=369538 (full 10712): garbage-first heap   total 73728K, used 48845K [0x0000000083000000, 0x0000000100000000)
[2020-12-23T02:38:37.053-0400][gc,heap        ] GC(369561)   region size 1024K, 1 young (1024K), 1 survivors (1024K)
[2020-12-23T02:38:37.053-0400][gc,heap        ] GC(369561)  Metaspace       used 61007K, capacity 63721K, committed 64768K, reserved 1107968K
[2020-12-23T02:38:37.053-0400][gc,heap        ] GC(369561)   class space    used 5712K, capacity 6559K, committed 6912K, reserved 1048576K
[2020-12-23T02:38:37.053-0400][gc             ] GC(369561) Pause Young (Normal) (G1 Evacuation Pause) 58M->47M(72M) 6.407ms
[2020-12-23T02:38:37.053-0400][gc,cpu         ] GC(369561) User=0.01s Sys=0.00s Real=0.00s
[2020-12-23T02:39:07.023-0400][gc,heap        ] GC(369562) Heap before GC invocations=369538 (full 10712): garbage-first heap   total 73728K, used 59085K [0x0000000083000000, 0x0000000100000000)
[2020-12-23T02:39:07.023-0400][gc,heap        ] GC(369562)   region size 1024K, 12 young (12288K), 1 survivors (1024K)
[2020-12-23T02:39:07.023-0400][gc,heap        ] GC(369562)  Metaspace       used 61007K, capacity 63721K, committed 64768K, reserved 1107968K
[2020-12-23T02:39:07.023-0400][gc,heap        ] GC(369562)   class space    used 5712K, capacity 6559K, committed 6912K, reserved 1048576K
[2020-12-23T02:39:07.023-0400][gc,start       ] GC(369562) Pause Young (Normal) (G1 Evacuation Pause)
[2020-12-23T02:39:07.023-0400][gc,task        ] GC(369562) Using 4 workers of 4 for evacuation
[2020-12-23T02:39:07.029-0400][gc,phases      ] GC(369562)   Pre Evacuate Collection Set: 0.0ms
[2020-12-23T02:39:07.029-0400][gc,phases      ] GC(369562)   Evacuate Collection Set: 4.0ms
[2020-12-23T02:39:07.030-0400][gc,phases      ] GC(369562)   Post Evacuate Collection Set: 1.5ms
[2020-12-23T02:39:07.030-0400][gc,phases      ] GC(369562)   Other: 1.0ms
[2020-12-23T02:39:07.030-0400][gc,heap        ] GC(369562) Eden regions: 11->0(11)
[2020-12-23T02:39:07.030-0400][gc,heap        ] GC(369562) Survivor regions: 1->1(2)
[2020-12-23T02:39:07.030-0400][gc,heap        ] GC(369562) Old regions: 46->46
[2020-12-23T02:39:07.030-0400][gc,heap        ] GC(369562) Humongous regions: 4->4
[2020-12-23T02:39:07.030-0400][gc,metaspace   ] GC(369562) Metaspace: 61007K->61007K(1107968K)
[2020-12-23T02:39:07.030-0400][gc,heap        ] GC(369562) Heap after GC invocations=369539 (full 10712): garbage-first heap   total 73728K, used 49009K [0x0000000083000000, 0x0000000100000000)
[2020-12-23T02:39:07.030-0400][gc,heap        ] GC(369562)   region size 1024K, 1 young (1024K), 1 survivors (1024K)
[2020-12-23T02:39:07.030-0400][gc,heap        ] GC(369562)  Metaspace       used 61007K, capacity 63721K, committed 64768K, reserved 1107968K
[2020-12-23T02:39:07.030-0400][gc,heap        ] GC(369562)   class space    used 5712K, capacity 6559K, committed 6912K, reserved 1048576K
[2020-12-23T02:39:07.030-0400][gc             ] GC(369562) Pause Young (Normal) (G1 Evacuation Pause) 58M->47M(72M) 6.827ms
[2020-12-23T02:39:07.030-0400][gc,cpu         ] GC(369562) User=0.01s Sys=0.01s Real=0.01s
[2020-12-23T02:39:45.599-0400][gc,heap        ] GC(369563) Heap before GC invocations=369539 (full 10712): garbage-first heap   total 73728K, used 59249K [0x0000000083000000, 0x0000000100000000)
[2020-12-23T02:39:45.599-0400][gc,heap        ] GC(369563)   region size 1024K, 12 young (12288K), 1 survivors (1024K)
[2020-12-23T02:39:45.599-0400][gc,heap        ] GC(369563)  Metaspace       used 61007K, capacity 63721K, committed 64768K, reserved 1107968K
[2020-12-23T02:39:45.599-0400][gc,heap        ] GC(369563)   class space    used 5712K, capacity 6559K, committed 6912K, reserved 1048576K
[2020-12-23T02:39:45.599-0400][gc,start       ] GC(369563) Pause Young (Normal) (G1 Evacuation Pause)
[2020-12-23T02:39:45.599-0400][gc,task        ] GC(369563) Using 4 workers of 4 for evacuation
[2020-12-23T02:39:45.605-0400][gc,phases      ] GC(369563)   Pre Evacuate Collection Set: 0.0ms
[2020-12-23T02:39:45.605-0400][gc,phases      ] GC(369563)   Evacuate Collection Set: 3.4ms
[2020-12-23T02:39:45.605-0400][gc,phases      ] GC(369563)   Post Evacuate Collection Set: 1.5ms
[2020-12-23T02:39:45.605-0400][gc,phases      ] GC(369563)   Other: 0.9ms
[2020-12-23T02:39:45.605-0400][gc,heap        ] GC(369563) Eden regions: 11->0(11)
[2020-12-23T02:39:45.605-0400][gc,heap        ] GC(369563) Survivor regions: 1->1(2)
[2020-12-23T02:39:45.605-0400][gc,heap        ] GC(369563) Old regions: 46->46
[2020-12-23T02:39:45.605-0400][gc,heap        ] GC(369563) Humongous regions: 4->4
[2020-12-23T02:39:45.605-0400][gc,metaspace   ] GC(369563) Metaspace: 61007K->61007K(1107968K)
[2020-12-23T02:39:45.605-0400][gc,heap        ] GC(369563) Heap after GC invocations=369540 (full 10712): garbage-first heap   total 73728K, used 48864K [0x0000000083000000, 0x0000000100000000)
[2020-12-23T02:39:45.605-0400][gc,heap        ] GC(369563)   region size 1024K, 1 young (1024K), 1 survivors (1024K)
[2020-12-23T02:39:45.605-0400][gc,heap        ] GC(369563)  Metaspace       used 61007K, capacity 63721K, committed 64768K, reserved 1107968K
[2020-12-23T02:39:45.605-0400][gc,heap        ] GC(369563)   class space    used 5712K, capacity 6559K, committed 6912K, reserved 1048576K
[2020-12-23T02:39:45.605-0400][gc             ] GC(369563) Pause Young (Normal) (G1 Evacuation Pause) 58M->47M(72M) 6.144ms
[2020-12-23T02:39:45.605-0400][gc,cpu         ] GC(369563) User=0.01s Sys=0.01s Real=0.00s
[2020-12-23T02:40:13.892-0400][gc,heap        ] GC(369564) Heap before GC invocations=369540 (full 10712): garbage-first heap   total 73728K, used 60128K [0x0000000083000000, 0x0000000100000000)
[2020-12-23T02:40:13.892-0400][gc,heap        ] GC(369564)   region size 1024K, 12 young (12288K), 1 survivors (1024K)
[2020-12-23T02:40:13.892-0400][gc,heap        ] GC(369564)  Metaspace       used 61007K, capacity 63721K, committed 64768K, reserved 1107968K
[2020-12-23T02:40:13.892-0400][gc,heap        ] GC(369564)   class space    used 5712K, capacity 6559K, committed 6912K, reserved 1048576K
[2020-12-23T02:40:13.892-0400][gc,start       ] GC(369564) Pause Young (Normal) (G1 Evacuation Pause)
[2020-12-23T02:40:13.892-0400][gc,task        ] GC(369564) Using 4 workers of 4 for evacuation
[2020-12-23T02:40:13.899-0400][gc,phases      ] GC(369564)   Pre Evacuate Collection Set: 0.0ms
[2020-12-23T02:40:13.899-0400][gc,phases      ] GC(369564)   Evacuate Collection Set: 3.9ms
[2020-12-23T02:40:13.899-0400][gc,phases      ] GC(369564)   Post Evacuate Collection Set: 1.9ms
[2020-12-23T02:40:13.899-0400][gc,phases      ] GC(369564)   Other: 0.9ms
[2020-12-23T02:40:13.899-0400][gc,heap        ] GC(369564) Eden regions: 11->0(11)
[2020-12-23T02:40:13.899-0400][gc,heap        ] GC(369564) Survivor regions: 1->1(2)
[2020-12-23T02:40:13.899-0400][gc,heap        ] GC(369564) Old regions: 46->46
[2020-12-23T02:40:13.899-0400][gc,heap        ] GC(369564) Humongous regions: 4->4
[2020-12-23T02:40:13.899-0400][gc,metaspace   ] GC(369564) Metaspace: 61007K->61007K(1107968K)
[2020-12-23T02:40:13.899-0400][gc,heap        ] GC(369564) Heap after GC invocations=369541 (full 10712): garbage-first heap   total 73728K, used 49010K [0x0000000083000000, 0x0000000100000000)
[2020-12-23T02:40:13.899-0400][gc,heap        ] GC(369564)   region size 1024K, 1 young (1024K), 1 survivors (1024K)
[2020-12-23T02:40:13.899-0400][gc,heap        ] GC(369564)  Metaspace       used 61007K, capacity 63721K, committed 64768K, reserved 1107968K
[2020-12-23T02:40:13.899-0400][gc,heap        ] GC(369564)   class space    used 5712K, capacity 6559K, committed 6912K, reserved 1048576K
[2020-12-23T02:40:13.900-0400][gc             ] GC(369564) Pause Young (Normal) (G1 Evacuation Pause) 58M->47M(72M) 7.154ms
[2020-12-23T02:40:13.900-0400][gc,cpu         ] GC(369564) User=0.01s Sys=0.01s Real=0.01s
[2020-12-23T02:40:59.983-0400][gc,heap        ] GC(369565) Heap before GC invocations=369541 (full 10712): garbage-first heap   total 73728K, used 60274K [0x0000000083000000, 0x0000000100000000)
[2020-12-23T02:40:59.983-0400][gc,heap        ] GC(369565)   region size 1024K, 12 young (12288K), 1 survivors (1024K)
[2020-12-23T02:40:59.983-0400][gc,heap        ] GC(369565)  Metaspace       used 61007K, capacity 63721K, committed 64768K, reserved 1107968K
[2020-12-23T02:40:59.983-0400][gc,heap        ] GC(369565)   class space    used 5712K, capacity 6559K, committed 6912K, reserved 1048576K
[2020-12-23T02:40:59.983-0400][gc,start       ] GC(369565) Pause Young (Normal) (G1 Evacuation Pause)
[2020-12-23T02:40:59.983-0400][gc,task        ] GC(369565) Using 4 workers of 4 for evacuation
[2020-12-23T02:40:59.989-0400][gc,phases      ] GC(369565)   Pre Evacuate Collection Set: 0.0ms
[2020-12-23T02:40:59.989-0400][gc,phases      ] GC(369565)   Evacuate Collection Set: 3.5ms
[2020-12-23T02:40:59.990-0400][gc,phases      ] GC(369565)   Post Evacuate Collection Set: 1.8ms
[2020-12-23T02:40:59.990-0400][gc,phases      ] GC(369565)   Other: 0.9ms
[2020-12-23T02:40:59.990-0400][gc,heap        ] GC(369565) Eden regions: 11->0(11)
[2020-12-23T02:40:59.990-0400][gc,heap        ] GC(369565) Survivor regions: 1->1(2)
[2020-12-23T02:40:59.990-0400][gc,heap        ] GC(369565) Old regions: 46->46
[2020-12-23T02:40:59.990-0400][gc,heap        ] GC(369565) Humongous regions: 4->4
[2020-12-23T02:40:59.990-0400][gc,metaspace   ] GC(369565) Metaspace: 61007K->61007K(1107968K)
[2020-12-23T02:40:59.990-0400][gc,heap        ] GC(369565) Heap after GC invocations=369542 (full 10712): garbage-first heap   total 73728K, used 48913K [0x0000000083000000, 0x0000000100000000)
[2020-12-23T02:40:59.990-0400][gc,heap        ] GC(369565)   region size 1024K, 1 young (1024K), 1 survivors (1024K)
[2020-12-23T02:40:59.990-0400][gc,heap        ] GC(369565)  Metaspace       used 61007K, capacity 63721K, committed 64768K, reserved 1107968K
[2020-12-23T02:40:59.990-0400][gc,heap        ] GC(369565)   class space    used 5712K, capacity 6559K, committed 6912K, reserved 1048576K
[2020-12-23T02:40:59.990-0400][gc             ] GC(369565) Pause Young (Normal) (G1 Evacuation Pause) 58M->47M(72M) 6.724ms
[2020-12-23T02:40:59.990-0400][gc,cpu         ] GC(369565) User=0.01s Sys=0.01s Real=0.01s
[2020-12-23T02:41:34.298-0400][gc,heap        ] GC(369566) Heap before GC invocations=369542 (full 10712): garbage-first heap   total 73728K, used 60177K [0x0000000083000000, 0x0000000100000000)
[2020-12-23T02:41:34.298-0400][gc,heap        ] GC(369566)   region size 1024K, 12 young (12288K), 1 survivors (1024K)
[2020-12-23T02:41:34.298-0400][gc,heap        ] GC(369566)  Metaspace       used 61007K, capacity 63721K, committed 64768K, reserved 1107968K
[2020-12-23T02:41:34.298-0400][gc,heap        ] GC(369566)   class space    used 5712K, capacity 6559K, committed 6912K, reserved 1048576K
[2020-12-23T02:41:34.298-0400][gc,start       ] GC(369566) Pause Young (Normal) (G1 Evacuation Pause)
[2020-12-23T02:41:34.298-0400][gc,task        ] GC(369566) Using 4 workers of 4 for evacuation
[2020-12-23T02:41:34.305-0400][gc,phases      ] GC(369566)   Pre Evacuate Collection Set: 0.0ms
[2020-12-23T02:41:34.305-0400][gc,phases      ] GC(369566)   Evacuate Collection Set: 3.9ms
[2020-12-23T02:41:34.305-0400][gc,phases      ] GC(369566)   Post Evacuate Collection Set: 1.9ms
[2020-12-23T02:41:34.305-0400][gc,phases      ] GC(369566)   Other: 0.9ms
[2020-12-23T02:41:34.305-0400][gc,heap        ] GC(369566) Eden regions: 11->0(11)
[2020-12-23T02:41:34.305-0400][gc,heap        ] GC(369566) Survivor regions: 1->1(2)
[2020-12-23T02:41:34.305-0400][gc,heap        ] GC(369566) Old regions: 46->46
[2020-12-23T02:41:34.305-0400][gc,heap        ] GC(369566) Humongous regions: 4->4
[2020-12-23T02:41:34.305-0400][gc,metaspace   ] GC(369566) Metaspace: 61007K->61007K(1107968K)
[2020-12-23T02:41:34.305-0400][gc,heap        ] GC(369566) Heap after GC invocations=369543 (full 10712): garbage-first heap   total 73728K, used 48933K [0x0000000083000000, 0x0000000100000000)
[2020-12-23T02:41:34.305-0400][gc,heap        ] GC(369566)   region size 1024K, 1 young (1024K), 1 survivors (1024K)
[2020-12-23T02:41:34.305-0400][gc,heap        ] GC(369566)  Metaspace       used 61007K, capacity 63721K, committed 64768K, reserved 1107968K
[2020-12-23T02:41:34.305-0400][gc,heap        ] GC(369566)   class space    used 5712K, capacity 6559K, committed 6912K, reserved 1048576K
[2020-12-23T02:41:34.306-0400][gc             ] GC(369566) Pause Young (Normal) (G1 Evacuation Pause) 58M->47M(72M) 7.128ms
[2020-12-23T02:41:34.306-0400][gc,cpu         ] GC(369566) User=0.01s Sys=0.01s Real=0.01s
[2020-12-23T02:41:50.924-0400][gc,task        ] GC(369567) Using 3 workers of 4 for full compaction
[2020-12-23T02:41:50.924-0400][gc,start       ] GC(369567) Pause Full (System.gc())
[2020-12-23T02:41:50.924-0400][gc,heap        ] GC(369567) Heap before GC invocations=369543 (full 10712): garbage-first heap   total 73728K, used 53029K [0x0000000083000000, 0x0000000100000000)
[2020-12-23T02:41:50.924-0400][gc,heap        ] GC(369567)   region size 1024K, 7 young (7168K), 1 survivors (1024K)
[2020-12-23T02:41:50.924-0400][gc,heap        ] GC(369567)  Metaspace       used 61007K, capacity 63721K, committed 64768K, reserved 1107968K
[2020-12-23T02:41:50.924-0400][gc,heap        ] GC(369567)   class space    used 5712K, capacity 6559K, committed 6912K, reserved 1048576K
[2020-12-23T02:41:50.927-0400][gc,phases,start] GC(369567) Phase 1: Mark live objects
[2020-12-23T02:41:51.068-0400][gc,stringtable ] GC(369567) Cleaned string and symbol table, strings: 32200 processed, 0 removed, symbols: 131451 processed, 0 removed
[2020-12-23T02:41:51.068-0400][gc,phases      ] GC(369567) Phase 1: Mark live objects 141.242ms
[2020-12-23T02:41:51.068-0400][gc,phases,start] GC(369567) Phase 2: Prepare for compaction
[2020-12-23T02:41:51.098-0400][gc,phases      ] GC(369567) Phase 2: Prepare for compaction 30.599ms
[2020-12-23T02:41:51.099-0400][gc,phases,start] GC(369567) Phase 3: Adjust pointers
[2020-12-23T02:41:51.177-0400][gc,phases      ] GC(369567) Phase 3: Adjust pointers 78.608ms
[2020-12-23T02:41:51.177-0400][gc,phases,start] GC(369567) Phase 4: Compact heap
[2020-12-23T02:41:51.198-0400][gc,phases      ] GC(369567) Phase 4: Compact heap 20.613ms
[2020-12-23T02:41:51.233-0400][gc,heap        ] GC(369567) Eden regions: 6->0(12)
[2020-12-23T02:41:51.233-0400][gc,heap        ] GC(369567) Survivor regions: 1->0(2)
[2020-12-23T02:41:51.233-0400][gc,heap        ] GC(369567) Old regions: 46->45
[2020-12-23T02:41:51.233-0400][gc,heap        ] GC(369567) Humongous regions: 4->4
[2020-12-23T02:41:51.234-0400][gc,metaspace   ] GC(369567) Metaspace: 61007K->61007K(1107968K)
[2020-12-23T02:41:51.234-0400][gc,heap        ] GC(369567) Heap after GC invocations=369544 (full 10713): garbage-first heap   total 71680K, used 48478K [0x0000000083000000, 0x0000000100000000)
[2020-12-23T02:41:51.234-0400][gc,heap        ] GC(369567)   region size 1024K, 0 young (0K), 0 survivors (0K)
[2020-12-23T02:41:51.234-0400][gc,heap        ] GC(369567)  Metaspace       used 61007K, capacity 63721K, committed 64768K, reserved 1107968K
[2020-12-23T02:41:51.234-0400][gc,heap        ] GC(369567)   class space    used 5712K, capacity 6559K, committed 6912K, reserved 1048576K
[2020-12-23T02:41:51.234-0400][gc             ] GC(369567) Pause Full (System.gc()) 53M->47M(70M) 309.821ms
[2020-12-23T02:41:51.234-0400][gc,cpu         ] GC(369567) User=0.83s Sys=0.00s Real=0.31s
[2020-12-23T02:42:26.523-0400][gc,heap        ] GC(369568) Heap before GC invocations=369544 (full 10713): garbage-first heap   total 71680K, used 59742K [0x0000000083000000, 0x0000000100000000)
[2020-12-23T02:42:26.523-0400][gc,heap        ] GC(369568)   region size 1024K, 12 young (12288K), 0 survivors (0K)
[2020-12-23T02:42:26.523-0400][gc,heap        ] GC(369568)  Metaspace       used 61007K, capacity 63721K, committed 64768K, reserved 1107968K
[2020-12-23T02:42:26.523-0400][gc,heap        ] GC(369568)   class space    used 5712K, capacity 6559K, committed 6912K, reserved 1048576K
[2020-12-23T02:42:26.523-0400][gc,start       ] GC(369568) Pause Young (Normal) (G1 Evacuation Pause)
[2020-12-23T02:42:26.523-0400][gc,task        ] GC(369568) Using 4 workers of 4 for evacuation
[2020-12-23T02:42:26.529-0400][gc,phases      ] GC(369568)   Pre Evacuate Collection Set: 0.0ms
[2020-12-23T02:42:26.529-0400][gc,phases      ] GC(369568)   Evacuate Collection Set: 3.0ms
[2020-12-23T02:42:26.529-0400][gc,phases      ] GC(369568)   Post Evacuate Collection Set: 1.9ms
[2020-12-23T02:42:26.529-0400][gc,phases      ] GC(369568)   Other: 1.0ms
[2020-12-23T02:42:26.529-0400][gc,heap        ] GC(369568) Eden regions: 12->0(11)
[2020-12-23T02:42:26.529-0400][gc,heap        ] GC(369568) Survivor regions: 0->1(2)
[2020-12-23T02:42:26.529-0400][gc,heap        ] GC(369568) Old regions: 45->45
[2020-12-23T02:42:26.529-0400][gc,heap        ] GC(369568) Humongous regions: 4->4
[2020-12-23T02:42:26.529-0400][gc,metaspace   ] GC(369568) Metaspace: 61007K->61007K(1107968K)
[2020-12-23T02:42:26.529-0400][gc,heap        ] GC(369568) Heap after GC invocations=369545 (full 10713): garbage-first heap   total 71680K, used 48788K [0x0000000083000000, 0x0000000100000000)
[2020-12-23T02:42:26.529-0400][gc,heap        ] GC(369568)   region size 1024K, 1 young (1024K), 1 survivors (1024K)
[2020-12-23T02:42:26.529-0400][gc,heap        ] GC(369568)  Metaspace       used 61007K, capacity 63721K, committed 64768K, reserved 1107968K
[2020-12-23T02:42:26.529-0400][gc,heap        ] GC(369568)   class space    used 5712K, capacity 6559K, committed 6912K, reserved 1048576K
[2020-12-23T02:42:26.530-0400][gc             ] GC(369568) Pause Young (Normal) (G1 Evacuation Pause) 59M->47M(70M) 6.223ms
[2020-12-23T02:42:26.530-0400][gc,cpu         ] GC(369568) User=0.01s Sys=0.00s Real=0.01s
[2020-12-23T02:43:03.861-0400][gc,heap        ] GC(369569) Heap before GC invocations=369545 (full 10713): garbage-first heap   total 71680K, used 59028K [0x0000000083000000, 0x0000000100000000)
[2020-12-23T02:43:03.861-0400][gc,heap        ] GC(369569)   region size 1024K, 12 young (12288K), 1 survivors (1024K)
[2020-12-23T02:43:03.861-0400][gc,heap        ] GC(369569)  Metaspace       used 61007K, capacity 63721K, committed 64768K, reserved 1107968K
[2020-12-23T02:43:03.861-0400][gc,heap        ] GC(369569)   class space    used 5712K, capacity 6559K, committed 6912K, reserved 1048576K
[2020-12-23T02:43:03.861-0400][gc,start       ] GC(369569) Pause Young (Normal) (G1 Evacuation Pause)
[2020-12-23T02:43:03.861-0400][gc,task        ] GC(369569) Using 4 workers of 4 for evacuation
[2020-12-23T02:43:03.868-0400][gc,phases      ] GC(369569)   Pre Evacuate Collection Set: 0.0ms
[2020-12-23T02:43:03.868-0400][gc,phases      ] GC(369569)   Evacuate Collection Set: 3.7ms
[2020-12-23T02:43:03.868-0400][gc,phases      ] GC(369569)   Post Evacuate Collection Set: 2.2ms
[2020-12-23T02:43:03.868-0400][gc,phases      ] GC(369569)   Other: 0.9ms
[2020-12-23T02:43:03.868-0400][gc,heap        ] GC(369569) Eden regions: 11->0(11)
[2020-12-23T02:43:03.868-0400][gc,heap        ] GC(369569) Survivor regions: 1->1(2)
[2020-12-23T02:43:03.868-0400][gc,heap        ] GC(369569) Old regions: 45->45
[2020-12-23T02:43:03.868-0400][gc,heap        ] GC(369569) Humongous regions: 4->4
[2020-12-23T02:43:03.868-0400][gc,metaspace   ] GC(369569) Metaspace: 61007K->61007K(1107968K)
[2020-12-23T02:43:03.868-0400][gc,heap        ] GC(369569) Heap after GC invocations=369546 (full 10713): garbage-first heap   total 71680K, used 48904K [0x0000000083000000, 0x0000000100000000)
[2020-12-23T02:43:03.868-0400][gc,heap        ] GC(369569)   region size 1024K, 1 young (1024K), 1 survivors (1024K)
[2020-12-23T02:43:03.868-0400][gc,heap        ] GC(369569)  Metaspace       used 61007K, capacity 63721K, committed 64768K, reserved 1107968K
[2020-12-23T02:43:03.868-0400][gc,heap        ] GC(369569)   class space    used 5712K, capacity 6559K, committed 6912K, reserved 1048576K
[2020-12-23T02:43:03.869-0400][gc             ] GC(369569) Pause Young (Normal) (G1 Evacuation Pause) 58M->47M(70M) 7.269ms
[2020-12-23T02:43:03.869-0400][gc,cpu         ] GC(369569) User=0.01s Sys=0.01s Real=0.01s
[2020-12-23T02:43:45.872-0400][gc,heap        ] GC(369570) Heap before GC invocations=369546 (full 10713): garbage-first heap   total 71680K, used 59144K [0x0000000083000000, 0x0000000100000000)
[2020-12-23T02:43:45.873-0400][gc,heap        ] GC(369570)   region size 1024K, 12 young (12288K), 1 survivors (1024K)
[2020-12-23T02:43:45.873-0400][gc,heap        ] GC(369570)  Metaspace       used 61007K, capacity 63721K, committed 64768K, reserved 1107968K
[2020-12-23T02:43:45.873-0400][gc,heap        ] GC(369570)   class space    used 5712K, capacity 6559K, committed 6912K, reserved 1048576K
[2020-12-23T02:43:45.873-0400][gc,start       ] GC(369570) Pause Young (Normal) (G1 Evacuation Pause)
[2020-12-23T02:43:45.873-0400][gc,task        ] GC(369570) Using 4 workers of 4 for evacuation
[2020-12-23T02:43:45.878-0400][gc,phases      ] GC(369570)   Pre Evacuate Collection Set: 0.0ms
[2020-12-23T02:43:45.878-0400][gc,phases      ] GC(369570)   Evacuate Collection Set: 3.2ms
[2020-12-23T02:43:45.878-0400][gc,phases      ] GC(369570)   Post Evacuate Collection Set: 1.5ms
[2020-12-23T02:43:45.878-0400][gc,phases      ] GC(369570)   Other: 0.8ms
[2020-12-23T02:43:45.878-0400][gc,heap        ] GC(369570) Eden regions: 11->0(11)
[2020-12-23T02:43:45.878-0400][gc,heap        ] GC(369570) Survivor regions: 1->1(2)
[2020-12-23T02:43:45.878-0400][gc,heap        ] GC(369570) Old regions: 45->45
[2020-12-23T02:43:45.878-0400][gc,heap        ] GC(369570) Humongous regions: 4->4
[2020-12-23T02:43:45.879-0400][gc,metaspace   ] GC(369570) Metaspace: 61007K->61007K(1107968K)
[2020-12-23T02:43:45.879-0400][gc,heap        ] GC(369570) Heap after GC invocations=369547 (full 10713): garbage-first heap   total 71680K, used 48835K [0x0000000083000000, 0x0000000100000000)
[2020-12-23T02:43:45.879-0400][gc,heap        ] GC(369570)   region size 1024K, 1 young (1024K), 1 survivors (1024K)
[2020-12-23T02:43:45.879-0400][gc,heap        ] GC(369570)  Metaspace       used 61007K, capacity 63721K, committed 64768K, reserved 1107968K
[2020-12-23T02:43:45.879-0400][gc,heap        ] GC(369570)   class space    used 5712K, capacity 6559K, committed 6912K, reserved 1048576K
[2020-12-23T02:43:45.879-0400][gc             ] GC(369570) Pause Young (Normal) (G1 Evacuation Pause) 58M->47M(70M) 5.959ms
[2020-12-23T02:43:45.879-0400][gc,cpu         ] GC(369570) User=0.01s Sys=0.00s Real=0.01s
[2020-12-23T02:44:23.876-0400][gc,heap        ] GC(369571) Heap before GC invocations=369547 (full 10713): garbage-first heap   total 71680K, used 59075K [0x0000000083000000, 0x0000000100000000)
[2020-12-23T02:44:23.876-0400][gc,heap        ] GC(369571)   region size 1024K, 12 young (12288K), 1 survivors (1024K)
[2020-12-23T02:44:23.876-0400][gc,heap        ] GC(369571)  Metaspace       used 61007K, capacity 63721K, committed 64768K, reserved 1107968K
[2020-12-23T02:44:23.876-0400][gc,heap        ] GC(369571)   class space    used 5712K, capacity 6559K, committed 6912K, reserved 1048576K
[2020-12-23T02:44:23.876-0400][gc,start       ] GC(369571) Pause Young (Normal) (G1 Evacuation Pause)
[2020-12-23T02:44:23.876-0400][gc,task        ] GC(369571) Using 4 workers of 4 for evacuation
[2020-12-23T02:44:23.882-0400][gc,phases      ] GC(369571)   Pre Evacuate Collection Set: 0.0ms
[2020-12-23T02:44:23.882-0400][gc,phases      ] GC(369571)   Evacuate Collection Set: 3.3ms
[2020-12-23T02:44:23.882-0400][gc,phases      ] GC(369571)   Post Evacuate Collection Set: 1.6ms
[2020-12-23T02:44:23.882-0400][gc,phases      ] GC(369571)   Other: 0.9ms
[2020-12-23T02:44:23.882-0400][gc,heap        ] GC(369571) Eden regions: 11->0(11)
[2020-12-23T02:44:23.882-0400][gc,heap        ] GC(369571) Survivor regions: 1->1(2)
[2020-12-23T02:44:23.882-0400][gc,heap        ] GC(369571) Old regions: 45->45
[2020-12-23T02:44:23.882-0400][gc,heap        ] GC(369571) Humongous regions: 4->4
[2020-12-23T02:44:23.882-0400][gc,metaspace   ] GC(369571) Metaspace: 61007K->61007K(1107968K)
[2020-12-23T02:44:23.882-0400][gc,heap        ] GC(369571) Heap after GC invocations=369548 (full 10713): garbage-first heap   total 71680K, used 48886K [0x0000000083000000, 0x0000000100000000)
[2020-12-23T02:44:23.882-0400][gc,heap        ] GC(369571)   region size 1024K, 1 young (1024K), 1 survivors (1024K)
[2020-12-23T02:44:23.882-0400][gc,heap        ] GC(369571)  Metaspace       used 61007K, capacity 63721K, committed 64768K, reserved 1107968K
[2020-12-23T02:44:23.882-0400][gc,heap        ] GC(369571)   class space    used 5712K, capacity 6559K, committed 6912K, reserved 1048576K
[2020-12-23T02:44:23.882-0400][gc             ] GC(369571) Pause Young (Normal) (G1 Evacuation Pause) 58M->47M(70M) 6.186ms
[2020-12-23T02:44:23.883-0400][gc,cpu         ] GC(369571) User=0.02s Sys=0.00s Real=0.00s
[2020-12-23T02:45:03.824-0400][gc,heap        ] GC(369572) Heap before GC invocations=369548 (full 10713): garbage-first heap   total 71680K, used 59126K [0x0000000083000000, 0x0000000100000000)
[2020-12-23T02:45:03.824-0400][gc,heap        ] GC(369572)   region size 1024K, 12 young (12288K), 1 survivors (1024K)
[2020-12-23T02:45:03.824-0400][gc,heap        ] GC(369572)  Metaspace       used 61007K, capacity 63721K, committed 64768K, reserved 1107968K
[2020-12-23T02:45:03.824-0400][gc,heap        ] GC(369572)   class space    used 5712K, capacity 6559K, committed 6912K, reserved 1048576K
[2020-12-23T02:45:03.824-0400][gc,start       ] GC(369572) Pause Young (Normal) (G1 Evacuation Pause)
[2020-12-23T02:45:03.824-0400][gc,task        ] GC(369572) Using 4 workers of 4 for evacuation
[2020-12-23T02:45:03.830-0400][gc,phases      ] GC(369572)   Pre Evacuate Collection Set: 0.1ms
[2020-12-23T02:45:03.830-0400][gc,phases      ] GC(369572)   Evacuate Collection Set: 3.4ms
[2020-12-23T02:45:03.830-0400][gc,phases      ] GC(369572)   Post Evacuate Collection Set: 1.7ms
[2020-12-23T02:45:03.830-0400][gc,phases      ] GC(369572)   Other: 0.9ms
[2020-12-23T02:45:03.830-0400][gc,heap        ] GC(369572) Eden regions: 11->0(11)
[2020-12-23T02:45:03.830-0400][gc,heap        ] GC(369572) Survivor regions: 1->1(2)
[2020-12-23T02:45:03.830-0400][gc,heap        ] GC(369572) Old regions: 45->45
[2020-12-23T02:45:03.830-0400][gc,heap        ] GC(369572) Humongous regions: 4->4
[2020-12-23T02:45:03.831-0400][gc,metaspace   ] GC(369572) Metaspace: 61007K->61007K(1107968K)
[2020-12-23T02:45:03.831-0400][gc,heap        ] GC(369572) Heap after GC invocations=369549 (full 10713): garbage-first heap   total 71680K, used 48881K [0x0000000083000000, 0x0000000100000000)
[2020-12-23T02:45:03.831-0400][gc,heap        ] GC(369572)   region size 1024K, 1 young (1024K), 1 survivors (1024K)
[2020-12-23T02:45:03.831-0400][gc,heap        ] GC(369572)  Metaspace       used 61007K, capacity 63721K, committed 64768K, reserved 1107968K
[2020-12-23T02:45:03.831-0400][gc,heap        ] GC(369572)   class space    used 5712K, capacity 6559K, committed 6912K, reserved 1048576K
[2020-12-23T02:45:03.831-0400][gc             ] GC(369572) Pause Young (Normal) (G1 Evacuation Pause) 58M->47M(70M) 6.428ms
[2020-12-23T02:45:03.831-0400][gc,cpu         ] GC(369572) User=0.01s Sys=0.01s Real=0.01s
[2020-12-23T02:45:44.316-0400][gc,heap        ] GC(369573) Heap before GC invocations=369549 (full 10713): garbage-first heap   total 71680K, used 59121K [0x0000000083000000, 0x0000000100000000)
[2020-12-23T02:45:44.316-0400][gc,heap        ] GC(369573)   region size 1024K, 12 young (12288K), 1 survivors (1024K)
[2020-12-23T02:45:44.316-0400][gc,heap        ] GC(369573)  Metaspace       used 61007K, capacity 63721K, committed 64768K, reserved 1107968K
[2020-12-23T02:45:44.316-0400][gc,heap        ] GC(369573)   class space    used 5712K, capacity 6559K, committed 6912K, reserved 1048576K
[2020-12-23T02:45:44.316-0400][gc,start       ] GC(369573) Pause Young (Normal) (G1 Evacuation Pause)
[2020-12-23T02:45:44.317-0400][gc,task        ] GC(369573) Using 4 workers of 4 for evacuation
[2020-12-23T02:45:44.322-0400][gc,phases      ] GC(369573)   Pre Evacuate Collection Set: 0.0ms
[2020-12-23T02:45:44.322-0400][gc,phases      ] GC(369573)   Evacuate Collection Set: 3.1ms
[2020-12-23T02:45:44.322-0400][gc,phases      ] GC(369573)   Post Evacuate Collection Set: 1.5ms
[2020-12-23T02:45:44.322-0400][gc,phases      ] GC(369573)   Other: 0.9ms
[2020-12-23T02:45:44.322-0400][gc,heap        ] GC(369573) Eden regions: 11->0(11)
[2020-12-23T02:45:44.322-0400][gc,heap        ] GC(369573) Survivor regions: 1->1(2)
[2020-12-23T02:45:44.322-0400][gc,heap        ] GC(369573) Old regions: 45->45
[2020-12-23T02:45:44.322-0400][gc,heap        ] GC(369573) Humongous regions: 4->4
[2020-12-23T02:45:44.322-0400][gc,metaspace   ] GC(369573) Metaspace: 61007K->61007K(1107968K)
[2020-12-23T02:45:44.322-0400][gc,heap        ] GC(369573) Heap after GC invocations=369550 (full 10713): garbage-first heap   total 71680K, used 48861K [0x0000000083000000, 0x0000000100000000)
[2020-12-23T02:45:44.322-0400][gc,heap        ] GC(369573)   region size 1024K, 1 young (1024K), 1 survivors (1024K)
[2020-12-23T02:45:44.322-0400][gc,heap        ] GC(369573)  Metaspace       used 61007K, capacity 63721K, committed 64768K, reserved 1107968K
[2020-12-23T02:45:44.322-0400][gc,heap        ] GC(369573)   class space    used 5712K, capacity 6559K, committed 6912K, reserved 1048576K
[2020-12-23T02:45:44.322-0400][gc             ] GC(369573) Pause Young (Normal) (G1 Evacuation Pause) 58M->47M(70M) 5.990ms
[2020-12-23T02:45:44.323-0400][gc,cpu         ] GC(369573) User=0.01s Sys=0.01s Real=0.00s
[2020-12-23T02:46:21.350-0400][gc,heap        ] GC(369574) Heap before GC invocations=369550 (full 10713): garbage-first heap   total 71680K, used 59101K [0x0000000083000000, 0x0000000100000000)
[2020-12-23T02:46:21.350-0400][gc,heap        ] GC(369574)   region size 1024K, 12 young (12288K), 1 survivors (1024K)
[2020-12-23T02:46:21.350-0400][gc,heap        ] GC(369574)  Metaspace       used 61007K, capacity 63721K, committed 64768K, reserved 1107968K
[2020-12-23T02:46:21.350-0400][gc,heap        ] GC(369574)   class space    used 5712K, capacity 6559K, committed 6912K, reserved 1048576K
[2020-12-23T02:46:21.351-0400][gc,start       ] GC(369574) Pause Young (Normal) (G1 Evacuation Pause)
[2020-12-23T02:46:21.351-0400][gc,task        ] GC(369574) Using 4 workers of 4 for evacuation
[2020-12-23T02:46:21.357-0400][gc,phases      ] GC(369574)   Pre Evacuate Collection Set: 0.0ms
[2020-12-23T02:46:21.357-0400][gc,phases      ] GC(369574)   Evacuate Collection Set: 3.9ms
[2020-12-23T02:46:21.357-0400][gc,phases      ] GC(369574)   Post Evacuate Collection Set: 1.6ms
[2020-12-23T02:46:21.357-0400][gc,phases      ] GC(369574)   Other: 0.9ms
[2020-12-23T02:46:21.357-0400][gc,heap        ] GC(369574) Eden regions: 11->0(11)
[2020-12-23T02:46:21.357-0400][gc,heap        ] GC(369574) Survivor regions: 1->1(2)
[2020-12-23T02:46:21.357-0400][gc,heap        ] GC(369574) Old regions: 45->45
[2020-12-23T02:46:21.357-0400][gc,heap        ] GC(369574) Humongous regions: 4->4
[2020-12-23T02:46:21.357-0400][gc,metaspace   ] GC(369574) Metaspace: 61007K->61007K(1107968K)
[2020-12-23T02:46:21.357-0400][gc,heap        ] GC(369574) Heap after GC invocations=369551 (full 10713): garbage-first heap   total 71680K, used 49058K [0x0000000083000000, 0x0000000100000000)
[2020-12-23T02:46:21.357-0400][gc,heap        ] GC(369574)   region size 1024K, 1 young (1024K), 1 survivors (1024K)
[2020-12-23T02:46:21.357-0400][gc,heap        ] GC(369574)  Metaspace       used 61007K, capacity 63721K, committed 64768K, reserved 1107968K
[2020-12-23T02:46:21.357-0400][gc,heap        ] GC(369574)   class space    used 5712K, capacity 6559K, committed 6912K, reserved 1048576K
[2020-12-23T02:46:21.357-0400][gc             ] GC(369574) Pause Young (Normal) (G1 Evacuation Pause) 58M->47M(70M) 6.755ms
[2020-12-23T02:46:21.357-0400][gc,cpu         ] GC(369574) User=0.01s Sys=0.01s Real=0.01s
[2020-12-23T02:46:50.924-0400][gc,task        ] GC(369575) Using 3 workers of 4 for full compaction
[2020-12-23T02:46:50.924-0400][gc,start       ] GC(369575) Pause Full (System.gc())
[2020-12-23T02:46:50.924-0400][gc,heap        ] GC(369575) Heap before GC invocations=369551 (full 10713): garbage-first heap   total 71680K, used 54178K [0x0000000083000000, 0x0000000100000000)
[2020-12-23T02:46:50.924-0400][gc,heap        ] GC(369575)   region size 1024K, 8 young (8192K), 1 survivors (1024K)
[2020-12-23T02:46:50.924-0400][gc,heap        ] GC(369575)  Metaspace       used 61007K, capacity 63721K, committed 64768K, reserved 1107968K
[2020-12-23T02:46:50.924-0400][gc,heap        ] GC(369575)   class space    used 5712K, capacity 6559K, committed 6912K, reserved 1048576K
[2020-12-23T02:46:50.927-0400][gc,phases,start] GC(369575) Phase 1: Mark live objects
[2020-12-23T02:46:51.068-0400][gc,stringtable ] GC(369575) Cleaned string and symbol table, strings: 32200 processed, 0 removed, symbols: 131451 processed, 0 removed
[2020-12-23T02:46:51.069-0400][gc,phases      ] GC(369575) Phase 1: Mark live objects 141.755ms
[2020-12-23T02:46:51.069-0400][gc,phases,start] GC(369575) Phase 2: Prepare for compaction
[2020-12-23T02:46:51.098-0400][gc,phases      ] GC(369575) Phase 2: Prepare for compaction 29.531ms
[2020-12-23T02:46:51.098-0400][gc,phases,start] GC(369575) Phase 3: Adjust pointers
[2020-12-23T02:46:51.177-0400][gc,phases      ] GC(369575) Phase 3: Adjust pointers 78.349ms
[2020-12-23T02:46:51.177-0400][gc,phases,start] GC(369575) Phase 4: Compact heap
[2020-12-23T02:46:51.196-0400][gc,phases      ] GC(369575) Phase 4: Compact heap 19.578ms
[2020-12-23T02:46:51.232-0400][gc,heap        ] GC(369575) Eden regions: 7->0(11)
[2020-12-23T02:46:51.232-0400][gc,heap        ] GC(369575) Survivor regions: 1->0(2)
[2020-12-23T02:46:51.232-0400][gc,heap        ] GC(369575) Old regions: 45->46
[2020-12-23T02:46:51.232-0400][gc,heap        ] GC(369575) Humongous regions: 4->4
[2020-12-23T02:46:51.232-0400][gc,metaspace   ] GC(369575) Metaspace: 61007K->61007K(1107968K)
[2020-12-23T02:46:51.232-0400][gc,heap        ] GC(369575) Heap after GC invocations=369552 (full 10714): garbage-first heap   total 71680K, used 48508K [0x0000000083000000, 0x0000000100000000)
[2020-12-23T02:46:51.233-0400][gc,heap        ] GC(369575)   region size 1024K, 0 young (0K), 0 survivors (0K)
[2020-12-23T02:46:51.233-0400][gc,heap        ] GC(369575)  Metaspace       used 61007K, capacity 63721K, committed 64768K, reserved 1107968K
[2020-12-23T02:46:51.233-0400][gc,heap        ] GC(369575)   class space    used 5712K, capacity 6559K, committed 6912K, reserved 1048576K
[2020-12-23T02:46:51.233-0400][gc             ] GC(369575) Pause Full (System.gc()) 54M->47M(70M) 308.421ms
[2020-12-23T02:46:51.233-0400][gc,cpu         ] GC(369575) User=0.68s Sys=0.15s Real=0.31s
[2020-12-23T02:47:25.462-0400][gc,heap        ] GC(369576) Heap before GC invocations=369552 (full 10714): garbage-first heap   total 71680K, used 58748K [0x0000000083000000, 0x0000000100000000)
[2020-12-23T02:47:25.462-0400][gc,heap        ] GC(369576)   region size 1024K, 11 young (11264K), 0 survivors (0K)
[2020-12-23T02:47:25.462-0400][gc,heap        ] GC(369576)  Metaspace       used 61007K, capacity 63721K, committed 64768K, reserved 1107968K
[2020-12-23T02:47:25.462-0400][gc,heap        ] GC(369576)   class space    used 5712K, capacity 6559K, committed 6912K, reserved 1048576K
[2020-12-23T02:47:25.463-0400][gc,start       ] GC(369576) Pause Young (Normal) (G1 Evacuation Pause)
[2020-12-23T02:47:25.463-0400][gc,task        ] GC(369576) Using 4 workers of 4 for evacuation
[2020-12-23T02:47:25.468-0400][gc,phases      ] GC(369576)   Pre Evacuate Collection Set: 0.0ms
[2020-12-23T02:47:25.468-0400][gc,phases      ] GC(369576)   Evacuate Collection Set: 3.0ms
[2020-12-23T02:47:25.468-0400][gc,phases      ] GC(369576)   Post Evacuate Collection Set: 1.9ms
[2020-12-23T02:47:25.468-0400][gc,phases      ] GC(369576)   Other: 0.9ms
[2020-12-23T02:47:25.468-0400][gc,heap        ] GC(369576) Eden regions: 11->0(10)
[2020-12-23T02:47:25.468-0400][gc,heap        ] GC(369576) Survivor regions: 0->1(2)
[2020-12-23T02:47:25.468-0400][gc,heap        ] GC(369576) Old regions: 46->46
[2020-12-23T02:47:25.468-0400][gc,heap        ] GC(369576) Humongous regions: 4->4
[2020-12-23T02:47:25.469-0400][gc,metaspace   ] GC(369576) Metaspace: 61007K->61007K(1107968K)
[2020-12-23T02:47:25.469-0400][gc,heap        ] GC(369576) Heap after GC invocations=369553 (full 10714): garbage-first heap   total 71680K, used 48818K [0x0000000083000000, 0x0000000100000000)
[2020-12-23T02:47:25.469-0400][gc,heap        ] GC(369576)   region size 1024K, 1 young (1024K), 1 survivors (1024K)
[2020-12-23T02:47:25.469-0400][gc,heap        ] GC(369576)  Metaspace       used 61007K, capacity 63721K, committed 64768K, reserved 1107968K
[2020-12-23T02:47:25.469-0400][gc,heap        ] GC(369576)   class space    used 5712K, capacity 6559K, committed 6912K, reserved 1048576K
[2020-12-23T02:47:25.469-0400][gc             ] GC(369576) Pause Young (Normal) (G1 Evacuation Pause) 58M->47M(70M) 6.470ms
[2020-12-23T02:47:25.469-0400][gc,cpu         ] GC(369576) User=0.01s Sys=0.00s Real=0.01s
[2020-12-23T02:48:02.202-0400][gc,heap        ] GC(369577) Heap before GC invocations=369553 (full 10714): garbage-first heap   total 71680K, used 58034K [0x0000000083000000, 0x0000000100000000)
[2020-12-23T02:48:02.202-0400][gc,heap        ] GC(369577)   region size 1024K, 11 young (11264K), 1 survivors (1024K)
[2020-12-23T02:48:02.202-0400][gc,heap        ] GC(369577)  Metaspace       used 61007K, capacity 63721K, committed 64768K, reserved 1107968K
[2020-12-23T02:48:02.202-0400][gc,heap        ] GC(369577)   class space    used 5712K, capacity 6559K, committed 6912K, reserved 1048576K
[2020-12-23T02:48:02.203-0400][gc,start       ] GC(369577) Pause Young (Normal) (G1 Evacuation Pause)
[2020-12-23T02:48:02.203-0400][gc,task        ] GC(369577) Using 4 workers of 4 for evacuation
[2020-12-23T02:48:02.208-0400][gc,phases      ] GC(369577)   Pre Evacuate Collection Set: 0.0ms
[2020-12-23T02:48:02.209-0400][gc,phases      ] GC(369577)   Evacuate Collection Set: 3.3ms
[2020-12-23T02:48:02.209-0400][gc,phases      ] GC(369577)   Post Evacuate Collection Set: 2.0ms
[2020-12-23T02:48:02.209-0400][gc,phases      ] GC(369577)   Other: 0.9ms
[2020-12-23T02:48:02.209-0400][gc,heap        ] GC(369577) Eden regions: 10->0(10)
[2020-12-23T02:48:02.209-0400][gc,heap        ] GC(369577) Survivor regions: 1->1(2)
[2020-12-23T02:48:02.209-0400][gc,heap        ] GC(369577) Old regions: 46->46
[2020-12-23T02:48:02.209-0400][gc,heap        ] GC(369577) Humongous regions: 4->4
[2020-12-23T02:48:02.209-0400][gc,metaspace   ] GC(369577) Metaspace: 61007K->61007K(1107968K)
[2020-12-23T02:48:02.209-0400][gc,heap        ] GC(369577) Heap after GC invocations=369554 (full 10714): garbage-first heap   total 71680K, used 48914K [0x0000000083000000, 0x0000000100000000)
[2020-12-23T02:48:02.209-0400][gc,heap        ] GC(369577)   region size 1024K, 1 young (1024K), 1 survivors (1024K)
[2020-12-23T02:48:02.209-0400][gc,heap        ] GC(369577)  Metaspace       used 61007K, capacity 63721K, committed 64768K, reserved 1107968K
[2020-12-23T02:48:02.209-0400][gc,heap        ] GC(369577)   class space    used 5712K, capacity 6559K, committed 6912K, reserved 1048576K
[2020-12-23T02:48:02.209-0400][gc             ] GC(369577) Pause Young (Normal) (G1 Evacuation Pause) 57M->47M(70M) 6.625ms
[2020-12-23T02:48:02.209-0400][gc,cpu         ] GC(369577) User=0.01s Sys=0.01s Real=0.01s
[2020-12-23T02:48:43.693-0400][gc,heap        ] GC(369578) Heap before GC invocations=369554 (full 10714): garbage-first heap   total 71680K, used 59154K [0x0000000083000000, 0x0000000100000000)
[2020-12-23T02:48:43.693-0400][gc,heap        ] GC(369578)   region size 1024K, 11 young (11264K), 1 survivors (1024K)
[2020-12-23T02:48:43.694-0400][gc,heap        ] GC(369578)  Metaspace       used 61007K, capacity 63721K, committed 64768K, reserved 1107968K
[2020-12-23T02:48:43.694-0400][gc,heap        ] GC(369578)   class space    used 5712K, capacity 6559K, committed 6912K, reserved 1048576K
[2020-12-23T02:48:43.694-0400][gc,start       ] GC(369578) Pause Young (Normal) (G1 Evacuation Pause)
[2020-12-23T02:48:43.694-0400][gc,task        ] GC(369578) Using 4 workers of 4 for evacuation
[2020-12-23T02:48:43.700-0400][gc,phases      ] GC(369578)   Pre Evacuate Collection Set: 0.0ms
[2020-12-23T02:48:43.700-0400][gc,phases      ] GC(369578)   Evacuate Collection Set: 3.1ms
[2020-12-23T02:48:43.700-0400][gc,phases      ] GC(369578)   Post Evacuate Collection Set: 2.0ms
[2020-12-23T02:48:43.700-0400][gc,phases      ] GC(369578)   Other: 1.0ms
[2020-12-23T02:48:43.700-0400][gc,heap        ] GC(369578) Eden regions: 10->0(10)
[2020-12-23T02:48:43.700-0400][gc,heap        ] GC(369578) Survivor regions: 1->1(2)
[2020-12-23T02:48:43.700-0400][gc,heap        ] GC(369578) Old regions: 46->46
[2020-12-23T02:48:43.700-0400][gc,heap        ] GC(369578) Humongous regions: 4->4
[2020-12-23T02:48:43.700-0400][gc,metaspace   ] GC(369578) Metaspace: 61007K->61007K(1107968K)
[2020-12-23T02:48:43.700-0400][gc,heap        ] GC(369578) Heap after GC invocations=369555 (full 10714): garbage-first heap   total 71680K, used 48840K [0x0000000083000000, 0x0000000100000000)
[2020-12-23T02:48:43.700-0400][gc,heap        ] GC(369578)   region size 1024K, 1 young (1024K), 1 survivors (1024K)
[2020-12-23T02:48:43.700-0400][gc,heap        ] GC(369578)  Metaspace       used 61007K, capacity 63721K, committed 64768K, reserved 1107968K
[2020-12-23T02:48:43.700-0400][gc,heap        ] GC(369578)   class space    used 5712K, capacity 6559K, committed 6912K, reserved 1048576K
[2020-12-23T02:48:43.700-0400][gc             ] GC(369578) Pause Young (Normal) (G1 Evacuation Pause) 57M->47M(70M) 6.456ms
[2020-12-23T02:48:43.700-0400][gc,cpu         ] GC(369578) User=0.01s Sys=0.00s Real=0.01s
[2020-12-23T02:49:03.001-0400][gc,heap        ] GC(369579) Heap before GC invocations=369555 (full 10714): garbage-first heap   total 71680K, used 59080K [0x0000000083000000, 0x0000000100000000)
[2020-12-23T02:49:03.001-0400][gc,heap        ] GC(369579)   region size 1024K, 11 young (11264K), 1 survivors (1024K)
[2020-12-23T02:49:03.001-0400][gc,heap        ] GC(369579)  Metaspace       used 61007K, capacity 63721K, committed 64768K, reserved 1107968K
[2020-12-23T02:49:03.001-0400][gc,heap        ] GC(369579)   class space    used 5712K, capacity 6559K, committed 6912K, reserved 1048576K
[2020-12-23T02:49:03.001-0400][gc,start       ] GC(369579) Pause Young (Normal) (G1 Evacuation Pause)
[2020-12-23T02:49:03.001-0400][gc,task        ] GC(369579) Using 4 workers of 4 for evacuation
[2020-12-23T02:49:03.006-0400][gc,phases      ] GC(369579)   Pre Evacuate Collection Set: 0.0ms
[2020-12-23T02:49:03.006-0400][gc,phases      ] GC(369579)   Evacuate Collection Set: 3.2ms
[2020-12-23T02:49:03.006-0400][gc,phases      ] GC(369579)   Post Evacuate Collection Set: 1.5ms
[2020-12-23T02:49:03.006-0400][gc,phases      ] GC(369579)   Other: 0.8ms
[2020-12-23T02:49:03.006-0400][gc,heap        ] GC(369579) Eden regions: 10->0(10)
[2020-12-23T02:49:03.006-0400][gc,heap        ] GC(369579) Survivor regions: 1->1(2)
[2020-12-23T02:49:03.006-0400][gc,heap        ] GC(369579) Old regions: 46->46
[2020-12-23T02:49:03.007-0400][gc,heap        ] GC(369579) Humongous regions: 4->4
[2020-12-23T02:49:03.007-0400][gc,metaspace   ] GC(369579) Metaspace: 61007K->61007K(1107968K)
[2020-12-23T02:49:03.007-0400][gc,heap        ] GC(369579) Heap after GC invocations=369556 (full 10714): garbage-first heap   total 71680K, used 48867K [0x0000000083000000, 0x0000000100000000)
[2020-12-23T02:49:03.007-0400][gc,heap        ] GC(369579)   region size 1024K, 1 young (1024K), 1 survivors (1024K)
[2020-12-23T02:49:03.007-0400][gc,heap        ] GC(369579)  Metaspace       used 61007K, capacity 63721K, committed 64768K, reserved 1107968K
[2020-12-23T02:49:03.007-0400][gc,heap        ] GC(369579)   class space    used 5712K, capacity 6559K, committed 6912K, reserved 1048576K
[2020-12-23T02:49:03.007-0400][gc             ] GC(369579) Pause Young (Normal) (G1 Evacuation Pause) 57M->47M(70M) 5.949ms
[2020-12-23T02:49:03.007-0400][gc,cpu         ] GC(369579) User=0.00s Sys=0.00s Real=0.01s
[2020-12-23T02:49:23.891-0400][gc,heap        ] GC(369580) Heap before GC invocations=369556 (full 10714): garbage-first heap   total 71680K, used 58083K [0x0000000083000000, 0x0000000100000000)
[2020-12-23T02:49:23.891-0400][gc,heap        ] GC(369580)   region size 1024K, 11 young (11264K), 1 survivors (1024K)
[2020-12-23T02:49:23.891-0400][gc,heap        ] GC(369580)  Metaspace       used 61007K, capacity 63721K, committed 64768K, reserved 1107968K
[2020-12-23T02:49:23.891-0400][gc,heap        ] GC(369580)   class space    used 5712K, capacity 6559K, committed 6912K, reserved 1048576K
[2020-12-23T02:49:23.891-0400][gc,start       ] GC(369580) Pause Young (Normal) (G1 Evacuation Pause)
[2020-12-23T02:49:23.891-0400][gc,task        ] GC(369580) Using 4 workers of 4 for evacuation
[2020-12-23T02:49:23.897-0400][gc,phases      ] GC(369580)   Pre Evacuate Collection Set: 0.0ms
[2020-12-23T02:49:23.897-0400][gc,phases      ] GC(369580)   Evacuate Collection Set: 3.5ms
[2020-12-23T02:49:23.897-0400][gc,phases      ] GC(369580)   Post Evacuate Collection Set: 1.7ms
[2020-12-23T02:49:23.897-0400][gc,phases      ] GC(369580)   Other: 0.8ms
[2020-12-23T02:49:23.897-0400][gc,heap        ] GC(369580) Eden regions: 10->0(10)
[2020-12-23T02:49:23.897-0400][gc,heap        ] GC(369580) Survivor regions: 1->1(2)
[2020-12-23T02:49:23.897-0400][gc,heap        ] GC(369580) Old regions: 46->46
[2020-12-23T02:49:23.897-0400][gc,heap        ] GC(369580) Humongous regions: 4->4
[2020-12-23T02:49:23.897-0400][gc,metaspace   ] GC(369580) Metaspace: 61007K->61007K(1107968K)
[2020-12-23T02:49:23.897-0400][gc,heap        ] GC(369580) Heap after GC invocations=369557 (full 10714): garbage-first heap   total 71680K, used 48933K [0x0000000083000000, 0x0000000100000000)
[2020-12-23T02:49:23.897-0400][gc,heap        ] GC(369580)   region size 1024K, 1 young (1024K), 1 survivors (1024K)
[2020-12-23T02:49:23.897-0400][gc,heap        ] GC(369580)  Metaspace       used 61007K, capacity 63721K, committed 64768K, reserved 1107968K
[2020-12-23T02:49:23.897-0400][gc,heap        ] GC(369580)   class space    used 5712K, capacity 6559K, committed 6912K, reserved 1048576K
[2020-12-23T02:49:23.897-0400][gc             ] GC(369580) Pause Young (Normal) (G1 Evacuation Pause) 57M->47M(70M) 6.404ms
[2020-12-23T02:49:23.898-0400][gc,cpu         ] GC(369580) User=0.01s Sys=0.00s Real=0.01s
[2020-12-23T02:50:03.443-0400][gc,heap        ] GC(369581) Heap before GC invocations=369557 (full 10714): garbage-first heap   total 71680K, used 59173K [0x0000000083000000, 0x0000000100000000)
[2020-12-23T02:50:03.444-0400][gc,heap        ] GC(369581)   region size 1024K, 11 young (11264K), 1 survivors (1024K)
[2020-12-23T02:50:03.444-0400][gc,heap        ] GC(369581)  Metaspace       used 61007K, capacity 63721K, committed 64768K, reserved 1107968K
[2020-12-23T02:50:03.444-0400][gc,heap        ] GC(369581)   class space    used 5712K, capacity 6559K, committed 6912K, reserved 1048576K
[2020-12-23T02:50:03.444-0400][gc,start       ] GC(369581) Pause Young (Normal) (G1 Evacuation Pause)
[2020-12-23T02:50:03.444-0400][gc,task        ] GC(369581) Using 4 workers of 4 for evacuation
[2020-12-23T02:50:03.450-0400][gc,phases      ] GC(369581)   Pre Evacuate Collection Set: 0.0ms
[2020-12-23T02:50:03.450-0400][gc,phases      ] GC(369581)   Evacuate Collection Set: 4.0ms
[2020-12-23T02:50:03.450-0400][gc,phases      ] GC(369581)   Post Evacuate Collection Set: 2.0ms
[2020-12-23T02:50:03.451-0400][gc,phases      ] GC(369581)   Other: 0.9ms
[2020-12-23T02:50:03.451-0400][gc,heap        ] GC(369581) Eden regions: 10->0(10)
[2020-12-23T02:50:03.451-0400][gc,heap        ] GC(369581) Survivor regions: 1->1(2)
[2020-12-23T02:50:03.451-0400][gc,heap        ] GC(369581) Old regions: 46->46
[2020-12-23T02:50:03.451-0400][gc,heap        ] GC(369581) Humongous regions: 4->4
[2020-12-23T02:50:03.451-0400][gc,metaspace   ] GC(369581) Metaspace: 61007K->61007K(1107968K)
[2020-12-23T02:50:03.451-0400][gc,heap        ] GC(369581) Heap after GC invocations=369558 (full 10714): garbage-first heap   total 71680K, used 49155K [0x0000000083000000, 0x0000000100000000)
[2020-12-23T02:50:03.451-0400][gc,heap        ] GC(369581)   region size 1024K, 1 young (1024K), 1 survivors (1024K)
[2020-12-23T02:50:03.451-0400][gc,heap        ] GC(369581)  Metaspace       used 61007K, capacity 63721K, committed 64768K, reserved 1107968K
[2020-12-23T02:50:03.451-0400][gc,heap        ] GC(369581)   class space    used 5712K, capacity 6559K, committed 6912K, reserved 1048576K
[2020-12-23T02:50:03.451-0400][gc             ] GC(369581) Pause Young (Normal) (G1 Evacuation Pause) 57M->48M(70M) 7.339ms
[2020-12-23T02:50:03.451-0400][gc,cpu         ] GC(369581) User=0.01s Sys=0.01s Real=0.01s
[2020-12-23T02:50:33.894-0400][gc,heap        ] GC(369582) Heap before GC invocations=369558 (full 10714): garbage-first heap   total 71680K, used 58371K [0x0000000083000000, 0x0000000100000000)
[2020-12-23T02:50:33.894-0400][gc,heap        ] GC(369582)   region size 1024K, 11 young (11264K), 1 survivors (1024K)
[2020-12-23T02:50:33.894-0400][gc,heap        ] GC(369582)  Metaspace       used 61007K, capacity 63721K, committed 64768K, reserved 1107968K
[2020-12-23T02:50:33.894-0400][gc,heap        ] GC(369582)   class space    used 5712K, capacity 6559K, committed 6912K, reserved 1048576K
[2020-12-23T02:50:33.894-0400][gc,start       ] GC(369582) Pause Young (Normal) (G1 Evacuation Pause)
[2020-12-23T02:50:33.894-0400][gc,task        ] GC(369582) Using 4 workers of 4 for evacuation
[2020-12-23T02:50:33.901-0400][gc,phases      ] GC(369582)   Pre Evacuate Collection Set: 0.0ms
[2020-12-23T02:50:33.901-0400][gc,phases      ] GC(369582)   Evacuate Collection Set: 5.0ms
[2020-12-23T02:50:33.901-0400][gc,phases      ] GC(369582)   Post Evacuate Collection Set: 1.5ms
[2020-12-23T02:50:33.901-0400][gc,phases      ] GC(369582)   Other: 0.9ms
[2020-12-23T02:50:33.902-0400][gc,heap        ] GC(369582) Eden regions: 10->0(10)
[2020-12-23T02:50:33.902-0400][gc,heap        ] GC(369582) Survivor regions: 1->1(2)
[2020-12-23T02:50:33.902-0400][gc,heap        ] GC(369582) Old regions: 46->46
[2020-12-23T02:50:33.902-0400][gc,heap        ] GC(369582) Humongous regions: 4->4
[2020-12-23T02:50:33.902-0400][gc,metaspace   ] GC(369582) Metaspace: 61007K->61007K(1107968K)
[2020-12-23T02:50:33.902-0400][gc,heap        ] GC(369582) Heap after GC invocations=369559 (full 10714): garbage-first heap   total 71680K, used 49042K [0x0000000083000000, 0x0000000100000000)
[2020-12-23T02:50:33.902-0400][gc,heap        ] GC(369582)   region size 1024K, 1 young (1024K), 1 survivors (1024K)
[2020-12-23T02:50:33.902-0400][gc,heap        ] GC(369582)  Metaspace       used 61007K, capacity 63721K, committed 64768K, reserved 1107968K
[2020-12-23T02:50:33.902-0400][gc,heap        ] GC(369582)   class space    used 5712K, capacity 6559K, committed 6912K, reserved 1048576K
[2020-12-23T02:50:33.902-0400][gc             ] GC(369582) Pause Young (Normal) (G1 Evacuation Pause) 58M->47M(70M) 7.898ms
[2020-12-23T02:50:33.902-0400][gc,cpu         ] GC(369582) User=0.01s Sys=0.01s Real=0.01s
[2020-12-23T02:51:07.250-0400][gc,heap        ] GC(369583) Heap before GC invocations=369559 (full 10714): garbage-first heap   total 71680K, used 58258K [0x0000000083000000, 0x0000000100000000)
[2020-12-23T02:51:07.251-0400][gc,heap        ] GC(369583)   region size 1024K, 11 young (11264K), 1 survivors (1024K)
[2020-12-23T02:51:07.251-0400][gc,heap        ] GC(369583)  Metaspace       used 61007K, capacity 63721K, committed 64768K, reserved 1107968K
[2020-12-23T02:51:07.251-0400][gc,heap        ] GC(369583)   class space    used 5712K, capacity 6559K, committed 6912K, reserved 1048576K
[2020-12-23T02:51:07.251-0400][gc,start       ] GC(369583) Pause Young (Normal) (G1 Evacuation Pause)
[2020-12-23T02:51:07.251-0400][gc,task        ] GC(369583) Using 4 workers of 4 for evacuation
[2020-12-23T02:51:07.256-0400][gc,phases      ] GC(369583)   Pre Evacuate Collection Set: 0.0ms
[2020-12-23T02:51:07.257-0400][gc,phases      ] GC(369583)   Evacuate Collection Set: 3.3ms
[2020-12-23T02:51:07.257-0400][gc,phases      ] GC(369583)   Post Evacuate Collection Set: 1.7ms
[2020-12-23T02:51:07.257-0400][gc,phases      ] GC(369583)   Other: 0.9ms
[2020-12-23T02:51:07.257-0400][gc,heap        ] GC(369583) Eden regions: 10->0(10)
[2020-12-23T02:51:07.257-0400][gc,heap        ] GC(369583) Survivor regions: 1->1(2)
[2020-12-23T02:51:07.257-0400][gc,heap        ] GC(369583) Old regions: 46->46
[2020-12-23T02:51:07.257-0400][gc,heap        ] GC(369583) Humongous regions: 4->4
[2020-12-23T02:51:07.257-0400][gc,metaspace   ] GC(369583) Metaspace: 61007K->61007K(1107968K)
[2020-12-23T02:51:07.257-0400][gc,heap        ] GC(369583) Heap after GC invocations=369560 (full 10714): garbage-first heap   total 71680K, used 48969K [0x0000000083000000, 0x0000000100000000)
[2020-12-23T02:51:07.257-0400][gc,heap        ] GC(369583)   region size 1024K, 1 young (1024K), 1 survivors (1024K)
[2020-12-23T02:51:07.257-0400][gc,heap        ] GC(369583)  Metaspace       used 61007K, capacity 63721K, committed 64768K, reserved 1107968K
[2020-12-23T02:51:07.257-0400][gc,heap        ] GC(369583)   class space    used 5712K, capacity 6559K, committed 6912K, reserved 1048576K
[2020-12-23T02:51:07.257-0400][gc             ] GC(369583) Pause Young (Normal) (G1 Evacuation Pause) 57M->47M(70M) 6.418ms
[2020-12-23T02:51:07.257-0400][gc,cpu         ] GC(369583) User=0.02s Sys=0.00s Real=0.01s
[2020-12-23T02:51:43.892-0400][gc,heap        ] GC(369584) Heap before GC invocations=369560 (full 10714): garbage-first heap   total 71680K, used 58185K [0x0000000083000000, 0x0000000100000000)
[2020-12-23T02:51:43.892-0400][gc,heap        ] GC(369584)   region size 1024K, 11 young (11264K), 1 survivors (1024K)
[2020-12-23T02:51:43.892-0400][gc,heap        ] GC(369584)  Metaspace       used 61007K, capacity 63721K, committed 64768K, reserved 1107968K
[2020-12-23T02:51:43.892-0400][gc,heap        ] GC(369584)   class space    used 5712K, capacity 6559K, committed 6912K, reserved 1048576K
[2020-12-23T02:51:43.892-0400][gc,start       ] GC(369584) Pause Young (Normal) (G1 Evacuation Pause)
[2020-12-23T02:51:43.893-0400][gc,task        ] GC(369584) Using 4 workers of 4 for evacuation
[2020-12-23T02:51:43.898-0400][gc,phases      ] GC(369584)   Pre Evacuate Collection Set: 0.0ms
[2020-12-23T02:51:43.898-0400][gc,phases      ] GC(369584)   Evacuate Collection Set: 3.5ms
[2020-12-23T02:51:43.898-0400][gc,phases      ] GC(369584)   Post Evacuate Collection Set: 1.8ms
[2020-12-23T02:51:43.899-0400][gc,phases      ] GC(369584)   Other: 0.8ms
[2020-12-23T02:51:43.899-0400][gc,heap        ] GC(369584) Eden regions: 10->0(10)
[2020-12-23T02:51:43.899-0400][gc,heap        ] GC(369584) Survivor regions: 1->1(2)
[2020-12-23T02:51:43.899-0400][gc,heap        ] GC(369584) Old regions: 46->46
[2020-12-23T02:51:43.899-0400][gc,heap        ] GC(369584) Humongous regions: 4->4
[2020-12-23T02:51:43.899-0400][gc,metaspace   ] GC(369584) Metaspace: 61007K->61007K(1107968K)
[2020-12-23T02:51:43.899-0400][gc,heap        ] GC(369584) Heap after GC invocations=369561 (full 10714): garbage-first heap   total 71680K, used 48917K [0x0000000083000000, 0x0000000100000000)
[2020-12-23T02:51:43.899-0400][gc,heap        ] GC(369584)   region size 1024K, 1 young (1024K), 1 survivors (1024K)
[2020-12-23T02:51:43.899-0400][gc,heap        ] GC(369584)  Metaspace       used 61007K, capacity 63721K, committed 64768K, reserved 1107968K
[2020-12-23T02:51:43.899-0400][gc,heap        ] GC(369584)   class space    used 5712K, capacity 6559K, committed 6912K, reserved 1048576K
[2020-12-23T02:51:43.899-0400][gc             ] GC(369584) Pause Young (Normal) (G1 Evacuation Pause) 57M->47M(70M) 6.526ms
[2020-12-23T02:51:43.899-0400][gc,cpu         ] GC(369584) User=0.01s Sys=0.01s Real=0.01s
[2020-12-23T02:51:50.924-0400][gc,task        ] GC(369585) Using 3 workers of 4 for full compaction
[2020-12-23T02:51:50.924-0400][gc,start       ] GC(369585) Pause Full (System.gc())
[2020-12-23T02:51:50.924-0400][gc,heap        ] GC(369585) Heap before GC invocations=369561 (full 10714): garbage-first heap   total 71680K, used 49941K [0x0000000083000000, 0x0000000100000000)
[2020-12-23T02:51:50.924-0400][gc,heap        ] GC(369585)   region size 1024K, 3 young (3072K), 1 survivors (1024K)
[2020-12-23T02:51:50.924-0400][gc,heap        ] GC(369585)  Metaspace       used 61007K, capacity 63721K, committed 64768K, reserved 1107968K
[2020-12-23T02:51:50.924-0400][gc,heap        ] GC(369585)   class space    used 5712K, capacity 6559K, committed 6912K, reserved 1048576K
[2020-12-23T02:51:50.927-0400][gc,phases,start] GC(369585) Phase 1: Mark live objects
[2020-12-23T02:51:51.070-0400][gc,stringtable ] GC(369585) Cleaned string and symbol table, strings: 32200 processed, 0 removed, symbols: 131451 processed, 0 removed
[2020-12-23T02:51:51.070-0400][gc,phases      ] GC(369585) Phase 1: Mark live objects 143.275ms
[2020-12-23T02:51:51.070-0400][gc,phases,start] GC(369585) Phase 2: Prepare for compaction
[2020-12-23T02:51:51.100-0400][gc,phases      ] GC(369585) Phase 2: Prepare for compaction 29.708ms
[2020-12-23T02:51:51.100-0400][gc,phases,start] GC(369585) Phase 3: Adjust pointers
[2020-12-23T02:51:51.178-0400][gc,phases      ] GC(369585) Phase 3: Adjust pointers 78.138ms
[2020-12-23T02:51:51.178-0400][gc,phases,start] GC(369585) Phase 4: Compact heap
[2020-12-23T02:51:51.197-0400][gc,phases      ] GC(369585) Phase 4: Compact heap 19.085ms
[2020-12-23T02:51:51.233-0400][gc,heap        ] GC(369585) Eden regions: 2->0(12)
[2020-12-23T02:51:51.233-0400][gc,heap        ] GC(369585) Survivor regions: 1->0(2)
[2020-12-23T02:51:51.233-0400][gc,heap        ] GC(369585) Old regions: 46->45
[2020-12-23T02:51:51.233-0400][gc,heap        ] GC(369585) Humongous regions: 4->4
[2020-12-23T02:51:51.234-0400][gc,metaspace   ] GC(369585) Metaspace: 61007K->61007K(1107968K)
[2020-12-23T02:51:51.234-0400][gc,heap        ] GC(369585) Heap after GC invocations=369562 (full 10715): garbage-first heap   total 71680K, used 48382K [0x0000000083000000, 0x0000000100000000)
[2020-12-23T02:51:51.234-0400][gc,heap        ] GC(369585)   region size 1024K, 0 young (0K), 0 survivors (0K)
[2020-12-23T02:51:51.234-0400][gc,heap        ] GC(369585)  Metaspace       used 61007K, capacity 63721K, committed 64768K, reserved 1107968K
[2020-12-23T02:51:51.234-0400][gc,heap        ] GC(369585)   class space    used 5712K, capacity 6559K, committed 6912K, reserved 1048576K
[2020-12-23T02:51:51.234-0400][gc             ] GC(369585) Pause Full (System.gc()) 49M->47M(70M) 309.706ms
[2020-12-23T02:51:51.234-0400][gc,cpu         ] GC(369585) User=0.84s Sys=0.00s Real=0.31s
[2020-12-23T02:52:24.974-0400][gc,heap        ] GC(369586) Heap before GC invocations=369562 (full 10715): garbage-first heap   total 71680K, used 59646K [0x0000000083000000, 0x0000000100000000)
[2020-12-23T02:52:24.974-0400][gc,heap        ] GC(369586)   region size 1024K, 12 young (12288K), 0 survivors (0K)
[2020-12-23T02:52:24.974-0400][gc,heap        ] GC(369586)  Metaspace       used 61007K, capacity 63721K, committed 64768K, reserved 1107968K
[2020-12-23T02:52:24.974-0400][gc,heap        ] GC(369586)   class space    used 5712K, capacity 6559K, committed 6912K, reserved 1048576K
[2020-12-23T02:52:24.974-0400][gc,start       ] GC(369586) Pause Young (Normal) (G1 Evacuation Pause)
[2020-12-23T02:52:24.974-0400][gc,task        ] GC(369586) Using 4 workers of 4 for evacuation
[2020-12-23T02:52:24.980-0400][gc,phases      ] GC(369586)   Pre Evacuate Collection Set: 0.0ms
[2020-12-23T02:52:24.980-0400][gc,phases      ] GC(369586)   Evacuate Collection Set: 3.1ms
[2020-12-23T02:52:24.980-0400][gc,phases      ] GC(369586)   Post Evacuate Collection Set: 2.3ms
[2020-12-23T02:52:24.980-0400][gc,phases      ] GC(369586)   Other: 0.8ms
[2020-12-23T02:52:24.980-0400][gc,heap        ] GC(369586) Eden regions: 12->0(11)
[2020-12-23T02:52:24.980-0400][gc,heap        ] GC(369586) Survivor regions: 0->1(2)
[2020-12-23T02:52:24.980-0400][gc,heap        ] GC(369586) Old regions: 45->45
[2020-12-23T02:52:24.980-0400][gc,heap        ] GC(369586) Humongous regions: 4->4
[2020-12-23T02:52:24.980-0400][gc,metaspace   ] GC(369586) Metaspace: 61007K->61007K(1107968K)
[2020-12-23T02:52:24.980-0400][gc,heap        ] GC(369586) Heap after GC invocations=369563 (full 10715): garbage-first heap   total 71680K, used 48706K [0x0000000083000000, 0x0000000100000000)
[2020-12-23T02:52:24.981-0400][gc,heap        ] GC(369586)   region size 1024K, 1 young (1024K), 1 survivors (1024K)
[2020-12-23T02:52:24.981-0400][gc,heap        ] GC(369586)  Metaspace       used 61007K, capacity 63721K, committed 64768K, reserved 1107968K
[2020-12-23T02:52:24.981-0400][gc,heap        ] GC(369586)   class space    used 5712K, capacity 6559K, committed 6912K, reserved 1048576K
[2020-12-23T02:52:24.981-0400][gc             ] GC(369586) Pause Young (Normal) (G1 Evacuation Pause) 59M->47M(70M) 6.655ms
[2020-12-23T02:52:24.981-0400][gc,cpu         ] GC(369586) User=0.02s Sys=0.00s Real=0.01s
[2020-12-23T02:53:05.299-0400][gc,heap        ] GC(369587) Heap before GC invocations=369563 (full 10715): garbage-first heap   total 71680K, used 58946K [0x0000000083000000, 0x0000000100000000)
[2020-12-23T02:53:05.299-0400][gc,heap        ] GC(369587)   region size 1024K, 12 young (12288K), 1 survivors (1024K)
[2020-12-23T02:53:05.299-0400][gc,heap        ] GC(369587)  Metaspace       used 61007K, capacity 63721K, committed 64768K, reserved 1107968K
[2020-12-23T02:53:05.299-0400][gc,heap        ] GC(369587)   class space    used 5712K, capacity 6559K, committed 6912K, reserved 1048576K
[2020-12-23T02:53:05.299-0400][gc,start       ] GC(369587) Pause Young (Normal) (G1 Evacuation Pause)
[2020-12-23T02:53:05.299-0400][gc,task        ] GC(369587) Using 4 workers of 4 for evacuation
[2020-12-23T02:53:05.305-0400][gc,phases      ] GC(369587)   Pre Evacuate Collection Set: 0.0ms
[2020-12-23T02:53:05.305-0400][gc,phases      ] GC(369587)   Evacuate Collection Set: 3.3ms
[2020-12-23T02:53:05.305-0400][gc,phases      ] GC(369587)   Post Evacuate Collection Set: 1.6ms
[2020-12-23T02:53:05.305-0400][gc,phases      ] GC(369587)   Other: 0.9ms
[2020-12-23T02:53:05.305-0400][gc,heap        ] GC(369587) Eden regions: 11->0(11)
[2020-12-23T02:53:05.305-0400][gc,heap        ] GC(369587) Survivor regions: 1->1(2)
[2020-12-23T02:53:05.305-0400][gc,heap        ] GC(369587) Old regions: 45->45
[2020-12-23T02:53:05.305-0400][gc,heap        ] GC(369587) Humongous regions: 4->4
[2020-12-23T02:53:05.305-0400][gc,metaspace   ] GC(369587) Metaspace: 61007K->61007K(1107968K)
[2020-12-23T02:53:05.305-0400][gc,heap        ] GC(369587) Heap after GC invocations=369564 (full 10715): garbage-first heap   total 71680K, used 48799K [0x0000000083000000, 0x0000000100000000)
[2020-12-23T02:53:05.305-0400][gc,heap        ] GC(369587)   region size 1024K, 1 young (1024K), 1 survivors (1024K)
[2020-12-23T02:53:05.305-0400][gc,heap        ] GC(369587)  Metaspace       used 61007K, capacity 63721K, committed 64768K, reserved 1107968K
[2020-12-23T02:53:05.305-0400][gc,heap        ] GC(369587)   class space    used 5712K, capacity 6559K, committed 6912K, reserved 1048576K
[2020-12-23T02:53:05.306-0400][gc             ] GC(369587) Pause Young (Normal) (G1 Evacuation Pause) 58M->47M(70M) 6.264ms
[2020-12-23T02:53:05.306-0400][gc,cpu         ] GC(369587) User=0.01s Sys=0.00s Real=0.01s
[2020-12-23T02:53:49.685-0400][gc,heap        ] GC(369588) Heap before GC invocations=369564 (full 10715): garbage-first heap   total 71680K, used 59039K [0x0000000083000000, 0x0000000100000000)
[2020-12-23T02:53:49.685-0400][gc,heap        ] GC(369588)   region size 1024K, 12 young (12288K), 1 survivors (1024K)
[2020-12-23T02:53:49.685-0400][gc,heap        ] GC(369588)  Metaspace       used 61007K, capacity 63721K, committed 64768K, reserved 1107968K
[2020-12-23T02:53:49.685-0400][gc,heap        ] GC(369588)   class space    used 5712K, capacity 6559K, committed 6912K, reserved 1048576K
[2020-12-23T02:53:49.685-0400][gc,start       ] GC(369588) Pause Young (Normal) (G1 Evacuation Pause)
[2020-12-23T02:53:49.685-0400][gc,task        ] GC(369588) Using 4 workers of 4 for evacuation
[2020-12-23T02:53:49.691-0400][gc,phases      ] GC(369588)   Pre Evacuate Collection Set: 0.0ms
[2020-12-23T02:53:49.691-0400][gc,phases      ] GC(369588)   Evacuate Collection Set: 3.2ms
[2020-12-23T02:53:49.691-0400][gc,phases      ] GC(369588)   Post Evacuate Collection Set: 1.9ms
[2020-12-23T02:53:49.691-0400][gc,phases      ] GC(369588)   Other: 0.9ms
[2020-12-23T02:53:49.691-0400][gc,heap        ] GC(369588) Eden regions: 11->0(11)
[2020-12-23T02:53:49.691-0400][gc,heap        ] GC(369588) Survivor regions: 1->1(2)
[2020-12-23T02:53:49.691-0400][gc,heap        ] GC(369588) Old regions: 45->45
[2020-12-23T02:53:49.691-0400][gc,heap        ] GC(369588) Humongous regions: 4->4
[2020-12-23T02:53:49.691-0400][gc,metaspace   ] GC(369588) Metaspace: 61007K->61007K(1107968K)
[2020-12-23T02:53:49.691-0400][gc,heap        ] GC(369588) Heap after GC invocations=369565 (full 10715): garbage-first heap   total 71680K, used 48828K [0x0000000083000000, 0x0000000100000000)
[2020-12-23T02:53:49.691-0400][gc,heap        ] GC(369588)   region size 1024K, 1 young (1024K), 1 survivors (1024K)
[2020-12-23T02:53:49.691-0400][gc,heap        ] GC(369588)  Metaspace       used 61007K, capacity 63721K, committed 64768K, reserved 1107968K
[2020-12-23T02:53:49.691-0400][gc,heap        ] GC(369588)   class space    used 5712K, capacity 6559K, committed 6912K, reserved 1048576K
[2020-12-23T02:53:49.691-0400][gc             ] GC(369588) Pause Young (Normal) (G1 Evacuation Pause) 58M->47M(70M) 6.457ms
[2020-12-23T02:53:49.691-0400][gc,cpu         ] GC(369588) User=0.02s Sys=0.00s Real=0.01s
[2020-12-23T02:54:16.088-0400][gc,heap        ] GC(369589) Heap before GC invocations=369565 (full 10715): garbage-first heap   total 71680K, used 60092K [0x0000000083000000, 0x0000000100000000)
[2020-12-23T02:54:16.088-0400][gc,heap        ] GC(369589)   region size 1024K, 12 young (12288K), 1 survivors (1024K)
[2020-12-23T02:54:16.088-0400][gc,heap        ] GC(369589)  Metaspace       used 61007K, capacity 63721K, committed 64768K, reserved 1107968K
[2020-12-23T02:54:16.088-0400][gc,heap        ] GC(369589)   class space    used 5712K, capacity 6559K, committed 6912K, reserved 1048576K
[2020-12-23T02:54:16.088-0400][gc,start       ] GC(369589) Pause Young (Normal) (G1 Evacuation Pause)
[2020-12-23T02:54:16.088-0400][gc,task        ] GC(369589) Using 4 workers of 4 for evacuation
[2020-12-23T02:54:16.095-0400][gc,phases      ] GC(369589)   Pre Evacuate Collection Set: 0.0ms
[2020-12-23T02:54:16.095-0400][gc,phases      ] GC(369589)   Evacuate Collection Set: 3.7ms
[2020-12-23T02:54:16.095-0400][gc,phases      ] GC(369589)   Post Evacuate Collection Set: 1.8ms
[2020-12-23T02:54:16.095-0400][gc,phases      ] GC(369589)   Other: 0.9ms
[2020-12-23T02:54:16.095-0400][gc,heap        ] GC(369589) Eden regions: 11->0(11)
[2020-12-23T02:54:16.095-0400][gc,heap        ] GC(369589) Survivor regions: 1->1(2)
[2020-12-23T02:54:16.095-0400][gc,heap        ] GC(369589) Old regions: 45->45
[2020-12-23T02:54:16.095-0400][gc,heap        ] GC(369589) Humongous regions: 4->4
[2020-12-23T02:54:16.095-0400][gc,metaspace   ] GC(369589) Metaspace: 61007K->61007K(1107968K)
[2020-12-23T02:54:16.095-0400][gc,heap        ] GC(369589) Heap after GC invocations=369566 (full 10715): garbage-first heap   total 71680K, used 48932K [0x0000000083000000, 0x0000000100000000)
[2020-12-23T02:54:16.095-0400][gc,heap        ] GC(369589)   region size 1024K, 1 young (1024K), 1 survivors (1024K)
[2020-12-23T02:54:16.095-0400][gc,heap        ] GC(369589)  Metaspace       used 61007K, capacity 63721K, committed 64768K, reserved 1107968K
[2020-12-23T02:54:16.095-0400][gc,heap        ] GC(369589)   class space    used 5712K, capacity 6559K, committed 6912K, reserved 1048576K
[2020-12-23T02:54:16.095-0400][gc             ] GC(369589) Pause Young (Normal) (G1 Evacuation Pause) 58M->47M(70M) 6.843ms
[2020-12-23T02:54:16.095-0400][gc,cpu         ] GC(369589) User=0.01s Sys=0.00s Real=0.00s
[2020-12-23T02:54:43.876-0400][gc,heap        ] GC(369590) Heap before GC invocations=369566 (full 10715): garbage-first heap   total 71680K, used 59172K [0x0000000083000000, 0x0000000100000000)
[2020-12-23T02:54:43.876-0400][gc,heap        ] GC(369590)   region size 1024K, 12 young (12288K), 1 survivors (1024K)
[2020-12-23T02:54:43.876-0400][gc,heap        ] GC(369590)  Metaspace       used 61007K, capacity 63721K, committed 64768K, reserved 1107968K
[2020-12-23T02:54:43.877-0400][gc,heap        ] GC(369590)   class space    used 5712K, capacity 6559K, committed 6912K, reserved 1048576K
[2020-12-23T02:54:43.877-0400][gc,start       ] GC(369590) Pause Young (Normal) (G1 Evacuation Pause)
[2020-12-23T02:54:43.877-0400][gc,task        ] GC(369590) Using 4 workers of 4 for evacuation
[2020-12-23T02:54:43.884-0400][gc,phases      ] GC(369590)   Pre Evacuate Collection Set: 0.0ms
[2020-12-23T02:54:43.884-0400][gc,phases      ] GC(369590)   Evacuate Collection Set: 4.6ms
[2020-12-23T02:54:43.884-0400][gc,phases      ] GC(369590)   Post Evacuate Collection Set: 1.7ms
[2020-12-23T02:54:43.884-0400][gc,phases      ] GC(369590)   Other: 1.0ms
[2020-12-23T02:54:43.884-0400][gc,heap        ] GC(369590) Eden regions: 11->0(11)
[2020-12-23T02:54:43.884-0400][gc,heap        ] GC(369590) Survivor regions: 1->1(2)
[2020-12-23T02:54:43.884-0400][gc,heap        ] GC(369590) Old regions: 45->45
[2020-12-23T02:54:43.884-0400][gc,heap        ] GC(369590) Humongous regions: 4->4
[2020-12-23T02:54:43.884-0400][gc,metaspace   ] GC(369590) Metaspace: 61007K->61007K(1107968K)
[2020-12-23T02:54:43.884-0400][gc,heap        ] GC(369590) Heap after GC invocations=369567 (full 10715): garbage-first heap   total 71680K, used 49163K [0x0000000083000000, 0x0000000100000000)
[2020-12-23T02:54:43.884-0400][gc,heap        ] GC(369590)   region size 1024K, 1 young (1024K), 1 survivors (1024K)
[2020-12-23T02:54:43.884-0400][gc,heap        ] GC(369590)  Metaspace       used 61007K, capacity 63721K, committed 64768K, reserved 1107968K
[2020-12-23T02:54:43.884-0400][gc,heap        ] GC(369590)   class space    used 5712K, capacity 6559K, committed 6912K, reserved 1048576K
[2020-12-23T02:54:43.884-0400][gc             ] GC(369590) Pause Young (Normal) (G1 Evacuation Pause) 58M->48M(70M) 7.549ms
[2020-12-23T02:54:43.884-0400][gc,cpu         ] GC(369590) User=0.01s Sys=0.01s Real=0.00s
[2020-12-23T02:55:13.037-0400][gc,heap        ] GC(369591) Heap before GC invocations=369567 (full 10715): garbage-first heap   total 71680K, used 59403K [0x0000000083000000, 0x0000000100000000)
[2020-12-23T02:55:13.037-0400][gc,heap        ] GC(369591)   region size 1024K, 12 young (12288K), 1 survivors (1024K)
[2020-12-23T02:55:13.037-0400][gc,heap        ] GC(369591)  Metaspace       used 61007K, capacity 63721K, committed 64768K, reserved 1107968K
[2020-12-23T02:55:13.037-0400][gc,heap        ] GC(369591)   class space    used 5712K, capacity 6559K, committed 6912K, reserved 1048576K
[2020-12-23T02:55:13.037-0400][gc,start       ] GC(369591) Pause Young (Normal) (G1 Evacuation Pause)
[2020-12-23T02:55:13.037-0400][gc,task        ] GC(369591) Using 4 workers of 4 for evacuation
[2020-12-23T02:55:13.044-0400][gc,phases      ] GC(369591)   Pre Evacuate Collection Set: 0.0ms
[2020-12-23T02:55:13.044-0400][gc,phases      ] GC(369591)   Evacuate Collection Set: 4.7ms
[2020-12-23T02:55:13.044-0400][gc,phases      ] GC(369591)   Post Evacuate Collection Set: 1.8ms
[2020-12-23T02:55:13.044-0400][gc,phases      ] GC(369591)   Other: 0.9ms
[2020-12-23T02:55:13.044-0400][gc,heap        ] GC(369591) Eden regions: 11->0(11)
[2020-12-23T02:55:13.044-0400][gc,heap        ] GC(369591) Survivor regions: 1->1(2)
[2020-12-23T02:55:13.044-0400][gc,heap        ] GC(369591) Old regions: 45->45
[2020-12-23T02:55:13.044-0400][gc,heap        ] GC(369591) Humongous regions: 4->4
[2020-12-23T02:55:13.044-0400][gc,metaspace   ] GC(369591) Metaspace: 61007K->61007K(1107968K)
[2020-12-23T02:55:13.044-0400][gc,heap        ] GC(369591) Heap after GC invocations=369568 (full 10715): garbage-first heap   total 71680K, used 49265K [0x0000000083000000, 0x0000000100000000)
[2020-12-23T02:55:13.044-0400][gc,heap        ] GC(369591)   region size 1024K, 1 young (1024K), 1 survivors (1024K)
[2020-12-23T02:55:13.045-0400][gc,heap        ] GC(369591)  Metaspace       used 61007K, capacity 63721K, committed 64768K, reserved 1107968K
[2020-12-23T02:55:13.045-0400][gc,heap        ] GC(369591)   class space    used 5712K, capacity 6559K, committed 6912K, reserved 1048576K
[2020-12-23T02:55:13.045-0400][gc             ] GC(369591) Pause Young (Normal) (G1 Evacuation Pause) 59M->48M(70M) 7.890ms
[2020-12-23T02:55:13.045-0400][gc,cpu         ] GC(369591) User=0.02s Sys=0.01s Real=0.00s
[2020-12-23T02:55:57.142-0400][gc,heap        ] GC(369592) Heap before GC invocations=369568 (full 10715): garbage-first heap   total 71680K, used 59505K [0x0000000083000000, 0x0000000100000000)
[2020-12-23T02:55:57.143-0400][gc,heap        ] GC(369592)   region size 1024K, 12 young (12288K), 1 survivors (1024K)
[2020-12-23T02:55:57.143-0400][gc,heap        ] GC(369592)  Metaspace       used 61007K, capacity 63721K, committed 64768K, reserved 1107968K
[2020-12-23T02:55:57.143-0400][gc,heap        ] GC(369592)   class space    used 5712K, capacity 6559K, committed 6912K, reserved 1048576K
[2020-12-23T02:55:57.143-0400][gc,start       ] GC(369592) Pause Young (Normal) (G1 Evacuation Pause)
[2020-12-23T02:55:57.143-0400][gc,task        ] GC(369592) Using 4 workers of 4 for evacuation
[2020-12-23T02:55:57.149-0400][gc,phases      ] GC(369592)   Pre Evacuate Collection Set: 0.0ms
[2020-12-23T02:55:57.149-0400][gc,phases      ] GC(369592)   Evacuate Collection Set: 3.7ms
[2020-12-23T02:55:57.149-0400][gc,phases      ] GC(369592)   Post Evacuate Collection Set: 1.7ms
[2020-12-23T02:55:57.149-0400][gc,phases      ] GC(369592)   Other: 0.9ms
[2020-12-23T02:55:57.149-0400][gc,heap        ] GC(369592) Eden regions: 11->0(11)
[2020-12-23T02:55:57.149-0400][gc,heap        ] GC(369592) Survivor regions: 1->1(2)
[2020-12-23T02:55:57.149-0400][gc,heap        ] GC(369592) Old regions: 45->45
[2020-12-23T02:55:57.149-0400][gc,heap        ] GC(369592) Humongous regions: 4->4
[2020-12-23T02:55:57.149-0400][gc,metaspace   ] GC(369592) Metaspace: 61007K->61007K(1107968K)
[2020-12-23T02:55:57.149-0400][gc,heap        ] GC(369592) Heap after GC invocations=369569 (full 10715): garbage-first heap   total 71680K, used 48895K [0x0000000083000000, 0x0000000100000000)
[2020-12-23T02:55:57.149-0400][gc,heap        ] GC(369592)   region size 1024K, 1 young (1024K), 1 survivors (1024K)
[2020-12-23T02:55:57.149-0400][gc,heap        ] GC(369592)  Metaspace       used 61007K, capacity 63721K, committed 64768K, reserved 1107968K
[2020-12-23T02:55:57.149-0400][gc,heap        ] GC(369592)   class space    used 5712K, capacity 6559K, committed 6912K, reserved 1048576K
[2020-12-23T02:55:57.149-0400][gc             ] GC(369592) Pause Young (Normal) (G1 Evacuation Pause) 59M->47M(70M) 6.635ms
[2020-12-23T02:55:57.150-0400][gc,cpu         ] GC(369592) User=0.02s Sys=0.00s Real=0.01s
[2020-12-23T02:56:33.891-0400][gc,heap        ] GC(369593) Heap before GC invocations=369569 (full 10715): garbage-first heap   total 71680K, used 59135K [0x0000000083000000, 0x0000000100000000)
[2020-12-23T02:56:33.891-0400][gc,heap        ] GC(369593)   region size 1024K, 12 young (12288K), 1 survivors (1024K)
[2020-12-23T02:56:33.891-0400][gc,heap        ] GC(369593)  Metaspace       used 61007K, capacity 63721K, committed 64768K, reserved 1107968K
[2020-12-23T02:56:33.891-0400][gc,heap        ] GC(369593)   class space    used 5712K, capacity 6559K, committed 6912K, reserved 1048576K
[2020-12-23T02:56:33.891-0400][gc,start       ] GC(369593) Pause Young (Normal) (G1 Evacuation Pause)
[2020-12-23T02:56:33.891-0400][gc,task        ] GC(369593) Using 4 workers of 4 for evacuation
[2020-12-23T02:56:33.897-0400][gc,phases      ] GC(369593)   Pre Evacuate Collection Set: 0.0ms
[2020-12-23T02:56:33.897-0400][gc,phases      ] GC(369593)   Evacuate Collection Set: 3.3ms
[2020-12-23T02:56:33.897-0400][gc,phases      ] GC(369593)   Post Evacuate Collection Set: 2.0ms
[2020-12-23T02:56:33.897-0400][gc,phases      ] GC(369593)   Other: 0.8ms
[2020-12-23T02:56:33.897-0400][gc,heap        ] GC(369593) Eden regions: 11->0(11)
[2020-12-23T02:56:33.897-0400][gc,heap        ] GC(369593) Survivor regions: 1->1(2)
[2020-12-23T02:56:33.897-0400][gc,heap        ] GC(369593) Old regions: 45->45
[2020-12-23T02:56:33.897-0400][gc,heap        ] GC(369593) Humongous regions: 4->4
[2020-12-23T02:56:33.897-0400][gc,metaspace   ] GC(369593) Metaspace: 61007K->61007K(1107968K)
[2020-12-23T02:56:33.897-0400][gc,heap        ] GC(369593) Heap after GC invocations=369570 (full 10715): garbage-first heap   total 71680K, used 48840K [0x0000000083000000, 0x0000000100000000)
[2020-12-23T02:56:33.897-0400][gc,heap        ] GC(369593)   region size 1024K, 1 young (1024K), 1 survivors (1024K)
[2020-12-23T02:56:33.897-0400][gc,heap        ] GC(369593)  Metaspace       used 61007K, capacity 63721K, committed 64768K, reserved 1107968K
[2020-12-23T02:56:33.897-0400][gc,heap        ] GC(369593)   class space    used 5712K, capacity 6559K, committed 6912K, reserved 1048576K
[2020-12-23T02:56:33.898-0400][gc             ] GC(369593) Pause Young (Normal) (G1 Evacuation Pause) 58M->47M(70M) 6.570ms
[2020-12-23T02:56:33.898-0400][gc,cpu         ] GC(369593) User=0.01s Sys=0.00s Real=0.01s
[2020-12-23T02:56:50.924-0400][gc,task        ] GC(369594) Using 3 workers of 4 for full compaction
[2020-12-23T02:56:50.924-0400][gc,start       ] GC(369594) Pause Full (System.gc())
[2020-12-23T02:56:50.924-0400][gc,heap        ] GC(369594) Heap before GC invocations=369570 (full 10715): garbage-first heap   total 71680K, used 51912K [0x0000000083000000, 0x0000000100000000)
[2020-12-23T02:56:50.924-0400][gc,heap        ] GC(369594)   region size 1024K, 6 young (6144K), 1 survivors (1024K)
[2020-12-23T02:56:50.924-0400][gc,heap        ] GC(369594)  Metaspace       used 61007K, capacity 63721K, committed 64768K, reserved 1107968K
[2020-12-23T02:56:50.924-0400][gc,heap        ] GC(369594)   class space    used 5712K, capacity 6559K, committed 6912K, reserved 1048576K
[2020-12-23T02:56:50.927-0400][gc,phases,start] GC(369594) Phase 1: Mark live objects
[2020-12-23T02:56:51.070-0400][gc,stringtable ] GC(369594) Cleaned string and symbol table, strings: 32200 processed, 0 removed, symbols: 131451 processed, 0 removed
[2020-12-23T02:56:51.070-0400][gc,phases      ] GC(369594) Phase 1: Mark live objects 143.010ms
[2020-12-23T02:56:51.070-0400][gc,phases,start] GC(369594) Phase 2: Prepare for compaction
[2020-12-23T02:56:51.101-0400][gc,phases      ] GC(369594) Phase 2: Prepare for compaction 31.141ms
[2020-12-23T02:56:51.101-0400][gc,phases,start] GC(369594) Phase 3: Adjust pointers
[2020-12-23T02:56:51.178-0400][gc,phases      ] GC(369594) Phase 3: Adjust pointers 77.205ms
[2020-12-23T02:56:51.178-0400][gc,phases,start] GC(369594) Phase 4: Compact heap
[2020-12-23T02:56:51.204-0400][gc,phases      ] GC(369594) Phase 4: Compact heap 25.332ms
[2020-12-23T02:56:51.239-0400][gc,heap        ] GC(369594) Eden regions: 5->0(11)
[2020-12-23T02:56:51.239-0400][gc,heap        ] GC(369594) Survivor regions: 1->0(2)
[2020-12-23T02:56:51.239-0400][gc,heap        ] GC(369594) Old regions: 45->46
[2020-12-23T02:56:51.239-0400][gc,heap        ] GC(369594) Humongous regions: 4->4
[2020-12-23T02:56:51.240-0400][gc,metaspace   ] GC(369594) Metaspace: 61007K->61007K(1107968K)
[2020-12-23T02:56:51.240-0400][gc,heap        ] GC(369594) Heap after GC invocations=369571 (full 10716): garbage-first heap   total 71680K, used 48376K [0x0000000083000000, 0x0000000100000000)
[2020-12-23T02:56:51.240-0400][gc,heap        ] GC(369594)   region size 1024K, 0 young (0K), 0 survivors (0K)
[2020-12-23T02:56:51.240-0400][gc,heap        ] GC(369594)  Metaspace       used 61007K, capacity 63721K, committed 64768K, reserved 1107968K
[2020-12-23T02:56:51.240-0400][gc,heap        ] GC(369594)   class space    used 5712K, capacity 6559K, committed 6912K, reserved 1048576K
[2020-12-23T02:56:51.240-0400][gc             ] GC(369594) Pause Full (System.gc()) 52M->47M(70M) 315.558ms
[2020-12-23T02:56:51.240-0400][gc,cpu         ] GC(369594) User=0.83s Sys=0.00s Real=0.32s
[2020-12-23T02:57:23.923-0400][gc,heap        ] GC(369595) Heap before GC invocations=369571 (full 10716): garbage-first heap   total 71680K, used 58616K [0x0000000083000000, 0x0000000100000000)
[2020-12-23T02:57:23.923-0400][gc,heap        ] GC(369595)   region size 1024K, 11 young (11264K), 0 survivors (0K)
[2020-12-23T02:57:23.923-0400][gc,heap        ] GC(369595)  Metaspace       used 61007K, capacity 63721K, committed 64768K, reserved 1107968K
[2020-12-23T02:57:23.923-0400][gc,heap        ] GC(369595)   class space    used 5712K, capacity 6559K, committed 6912K, reserved 1048576K
[2020-12-23T02:57:23.923-0400][gc,start       ] GC(369595) Pause Young (Normal) (G1 Evacuation Pause)
[2020-12-23T02:57:23.923-0400][gc,task        ] GC(369595) Using 4 workers of 4 for evacuation
[2020-12-23T02:57:23.928-0400][gc,phases      ] GC(369595)   Pre Evacuate Collection Set: 0.0ms
[2020-12-23T02:57:23.928-0400][gc,phases      ] GC(369595)   Evacuate Collection Set: 2.7ms
[2020-12-23T02:57:23.929-0400][gc,phases      ] GC(369595)   Post Evacuate Collection Set: 1.8ms
[2020-12-23T02:57:23.929-0400][gc,phases      ] GC(369595)   Other: 0.9ms
[2020-12-23T02:57:23.929-0400][gc,heap        ] GC(369595) Eden regions: 11->0(10)
[2020-12-23T02:57:23.929-0400][gc,heap        ] GC(369595) Survivor regions: 0->1(2)
[2020-12-23T02:57:23.929-0400][gc,heap        ] GC(369595) Old regions: 46->46
[2020-12-23T02:57:23.929-0400][gc,heap        ] GC(369595) Humongous regions: 4->4
[2020-12-23T02:57:23.929-0400][gc,metaspace   ] GC(369595) Metaspace: 61007K->61007K(1107968K)
[2020-12-23T02:57:23.929-0400][gc,heap        ] GC(369595) Heap after GC invocations=369572 (full 10716): garbage-first heap   total 71680K, used 48653K [0x0000000083000000, 0x0000000100000000)
[2020-12-23T02:57:23.929-0400][gc,heap        ] GC(369595)   region size 1024K, 1 young (1024K), 1 survivors (1024K)
[2020-12-23T02:57:23.929-0400][gc,heap        ] GC(369595)  Metaspace       used 61007K, capacity 63721K, committed 64768K, reserved 1107968K
[2020-12-23T02:57:23.929-0400][gc,heap        ] GC(369595)   class space    used 5712K, capacity 6559K, committed 6912K, reserved 1048576K
[2020-12-23T02:57:23.929-0400][gc             ] GC(369595) Pause Young (Normal) (G1 Evacuation Pause) 58M->47M(70M) 5.832ms
[2020-12-23T02:57:23.929-0400][gc,cpu         ] GC(369595) User=0.00s Sys=0.01s Real=0.01s
[2020-12-23T02:58:04.751-0400][gc,heap        ] GC(369596) Heap before GC invocations=369572 (full 10716): garbage-first heap   total 71680K, used 57869K [0x0000000083000000, 0x0000000100000000)
[2020-12-23T02:58:04.751-0400][gc,heap        ] GC(369596)   region size 1024K, 11 young (11264K), 1 survivors (1024K)
[2020-12-23T02:58:04.751-0400][gc,heap        ] GC(369596)  Metaspace       used 61007K, capacity 63721K, committed 64768K, reserved 1107968K
[2020-12-23T02:58:04.751-0400][gc,heap        ] GC(369596)   class space    used 5712K, capacity 6559K, committed 6912K, reserved 1048576K
[2020-12-23T02:58:04.751-0400][gc,start       ] GC(369596) Pause Young (Normal) (G1 Evacuation Pause)
[2020-12-23T02:58:04.751-0400][gc,task        ] GC(369596) Using 4 workers of 4 for evacuation
[2020-12-23T02:58:04.757-0400][gc,phases      ] GC(369596)   Pre Evacuate Collection Set: 0.0ms
[2020-12-23T02:58:04.757-0400][gc,phases      ] GC(369596)   Evacuate Collection Set: 3.1ms
[2020-12-23T02:58:04.757-0400][gc,phases      ] GC(369596)   Post Evacuate Collection Set: 1.7ms
[2020-12-23T02:58:04.757-0400][gc,phases      ] GC(369596)   Other: 1.0ms
[2020-12-23T02:58:04.757-0400][gc,heap        ] GC(369596) Eden regions: 10->0(10)
[2020-12-23T02:58:04.757-0400][gc,heap        ] GC(369596) Survivor regions: 1->1(2)
[2020-12-23T02:58:04.757-0400][gc,heap        ] GC(369596) Old regions: 46->46
[2020-12-23T02:58:04.757-0400][gc,heap        ] GC(369596) Humongous regions: 4->4
[2020-12-23T02:58:04.757-0400][gc,metaspace   ] GC(369596) Metaspace: 61007K->61007K(1107968K)
[2020-12-23T02:58:04.757-0400][gc,heap        ] GC(369596) Heap after GC invocations=369573 (full 10716): garbage-first heap   total 71680K, used 48705K [0x0000000083000000, 0x0000000100000000)
[2020-12-23T02:58:04.757-0400][gc,heap        ] GC(369596)   region size 1024K, 1 young (1024K), 1 survivors (1024K)
[2020-12-23T02:58:04.757-0400][gc,heap        ] GC(369596)  Metaspace       used 61007K, capacity 63721K, committed 64768K, reserved 1107968K
[2020-12-23T02:58:04.757-0400][gc,heap        ] GC(369596)   class space    used 5712K, capacity 6559K, committed 6912K, reserved 1048576K
[2020-12-23T02:58:04.758-0400][gc             ] GC(369596) Pause Young (Normal) (G1 Evacuation Pause) 57M->47M(70M) 6.235ms
[2020-12-23T02:58:04.758-0400][gc,cpu         ] GC(369596) User=0.02s Sys=0.00s Real=0.01s
[2020-12-23T02:58:42.441-0400][gc,heap        ] GC(369597) Heap before GC invocations=369573 (full 10716): garbage-first heap   total 71680K, used 58945K [0x0000000083000000, 0x0000000100000000)
[2020-12-23T02:58:42.441-0400][gc,heap        ] GC(369597)   region size 1024K, 11 young (11264K), 1 survivors (1024K)
[2020-12-23T02:58:42.441-0400][gc,heap        ] GC(369597)  Metaspace       used 61007K, capacity 63721K, committed 64768K, reserved 1107968K
[2020-12-23T02:58:42.441-0400][gc,heap        ] GC(369597)   class space    used 5712K, capacity 6559K, committed 6912K, reserved 1048576K
[2020-12-23T02:58:42.442-0400][gc,start       ] GC(369597) Pause Young (Normal) (G1 Evacuation Pause)
[2020-12-23T02:58:42.442-0400][gc,task        ] GC(369597) Using 4 workers of 4 for evacuation
[2020-12-23T02:58:42.447-0400][gc,phases      ] GC(369597)   Pre Evacuate Collection Set: 0.0ms
[2020-12-23T02:58:42.447-0400][gc,phases      ] GC(369597)   Evacuate Collection Set: 3.1ms
[2020-12-23T02:58:42.447-0400][gc,phases      ] GC(369597)   Post Evacuate Collection Set: 2.0ms
[2020-12-23T02:58:42.448-0400][gc,phases      ] GC(369597)   Other: 0.9ms
[2020-12-23T02:58:42.448-0400][gc,heap        ] GC(369597) Eden regions: 10->0(10)
[2020-12-23T02:58:42.448-0400][gc,heap        ] GC(369597) Survivor regions: 1->1(2)
[2020-12-23T02:58:42.448-0400][gc,heap        ] GC(369597) Old regions: 46->46
[2020-12-23T02:58:42.448-0400][gc,heap        ] GC(369597) Humongous regions: 4->4
[2020-12-23T02:58:42.448-0400][gc,metaspace   ] GC(369597) Metaspace: 61007K->61007K(1107968K)
[2020-12-23T02:58:42.448-0400][gc,heap        ] GC(369597) Heap after GC invocations=369574 (full 10716): garbage-first heap   total 71680K, used 48660K [0x0000000083000000, 0x0000000100000000)
[2020-12-23T02:58:42.448-0400][gc,heap        ] GC(369597)   region size 1024K, 1 young (1024K), 1 survivors (1024K)
[2020-12-23T02:58:42.448-0400][gc,heap        ] GC(369597)  Metaspace       used 61007K, capacity 63721K, committed 64768K, reserved 1107968K
[2020-12-23T02:58:42.448-0400][gc,heap        ] GC(369597)   class space    used 5712K, capacity 6559K, committed 6912K, reserved 1048576K
[2020-12-23T02:58:42.448-0400][gc             ] GC(369597) Pause Young (Normal) (G1 Evacuation Pause) 57M->47M(70M) 6.423ms
[2020-12-23T02:58:42.448-0400][gc,cpu         ] GC(369597) User=0.00s Sys=0.01s Real=0.01s
[2020-12-23T02:59:13.174-0400][gc,heap        ] GC(369598) Heap before GC invocations=369574 (full 10716): garbage-first heap   total 71680K, used 57876K [0x0000000083000000, 0x0000000100000000)
[2020-12-23T02:59:13.174-0400][gc,heap        ] GC(369598)   region size 1024K, 11 young (11264K), 1 survivors (1024K)
[2020-12-23T02:59:13.174-0400][gc,heap        ] GC(369598)  Metaspace       used 61007K, capacity 63721K, committed 64768K, reserved 1107968K
[2020-12-23T02:59:13.174-0400][gc,heap        ] GC(369598)   class space    used 5712K, capacity 6559K, committed 6912K, reserved 1048576K
[2020-12-23T02:59:13.175-0400][gc,start       ] GC(369598) Pause Young (Normal) (G1 Evacuation Pause)
[2020-12-23T02:59:13.175-0400][gc,task        ] GC(369598) Using 4 workers of 4 for evacuation
[2020-12-23T02:59:13.180-0400][gc,phases      ] GC(369598)   Pre Evacuate Collection Set: 0.0ms
[2020-12-23T02:59:13.180-0400][gc,phases      ] GC(369598)   Evacuate Collection Set: 2.8ms
[2020-12-23T02:59:13.180-0400][gc,phases      ] GC(369598)   Post Evacuate Collection Set: 1.9ms
[2020-12-23T02:59:13.180-0400][gc,phases      ] GC(369598)   Other: 0.8ms
[2020-12-23T02:59:13.180-0400][gc,heap        ] GC(369598) Eden regions: 10->0(10)
[2020-12-23T02:59:13.180-0400][gc,heap        ] GC(369598) Survivor regions: 1->1(2)
[2020-12-23T02:59:13.180-0400][gc,heap        ] GC(369598) Old regions: 46->46
[2020-12-23T02:59:13.180-0400][gc,heap        ] GC(369598) Humongous regions: 4->4
[2020-12-23T02:59:13.180-0400][gc,metaspace   ] GC(369598) Metaspace: 61007K->61007K(1107968K)
[2020-12-23T02:59:13.180-0400][gc,heap        ] GC(369598) Heap after GC invocations=369575 (full 10716): garbage-first heap   total 71680K, used 48673K [0x0000000083000000, 0x0000000100000000)
[2020-12-23T02:59:13.180-0400][gc,heap        ] GC(369598)   region size 1024K, 1 young (1024K), 1 survivors (1024K)
[2020-12-23T02:59:13.180-0400][gc,heap        ] GC(369598)  Metaspace       used 61007K, capacity 63721K, committed 64768K, reserved 1107968K
[2020-12-23T02:59:13.180-0400][gc,heap        ] GC(369598)   class space    used 5712K, capacity 6559K, committed 6912K, reserved 1048576K
[2020-12-23T02:59:13.181-0400][gc             ] GC(369598) Pause Young (Normal) (G1 Evacuation Pause) 57M->47M(70M) 6.010ms
[2020-12-23T02:59:13.181-0400][gc,cpu         ] GC(369598) User=0.01s Sys=0.00s Real=0.01s
[2020-12-23T02:59:48.455-0400][gc,heap        ] GC(369599) Heap before GC invocations=369575 (full 10716): garbage-first heap   total 71680K, used 57889K [0x0000000083000000, 0x0000000100000000)
[2020-12-23T02:59:48.455-0400][gc,heap        ] GC(369599)   region size 1024K, 11 young (11264K), 1 survivors (1024K)
[2020-12-23T02:59:48.455-0400][gc,heap        ] GC(369599)  Metaspace       used 61007K, capacity 63721K, committed 64768K, reserved 1107968K
[2020-12-23T02:59:48.455-0400][gc,heap        ] GC(369599)   class space    used 5712K, capacity 6559K, committed 6912K, reserved 1048576K
[2020-12-23T02:59:48.456-0400][gc,start       ] GC(369599) Pause Young (Normal) (G1 Evacuation Pause)
[2020-12-23T02:59:48.456-0400][gc,task        ] GC(369599) Using 4 workers of 4 for evacuation
[2020-12-23T02:59:48.461-0400][gc,phases      ] GC(369599)   Pre Evacuate Collection Set: 0.0ms
[2020-12-23T02:59:48.461-0400][gc,phases      ] GC(369599)   Evacuate Collection Set: 3.0ms
[2020-12-23T02:59:48.461-0400][gc,phases      ] GC(369599)   Post Evacuate Collection Set: 1.4ms
[2020-12-23T02:59:48.461-0400][gc,phases      ] GC(369599)   Other: 0.8ms
[2020-12-23T02:59:48.461-0400][gc,heap        ] GC(369599) Eden regions: 10->0(11)
[2020-12-23T02:59:48.461-0400][gc,heap        ] GC(369599) Survivor regions: 1->1(2)
[2020-12-23T02:59:48.461-0400][gc,heap        ] GC(369599) Old regions: 46->46
[2020-12-23T02:59:48.461-0400][gc,heap        ] GC(369599) Humongous regions: 4->4
[2020-12-23T02:59:48.461-0400][gc,metaspace   ] GC(369599) Metaspace: 61007K->61007K(1107968K)
[2020-12-23T02:59:48.461-0400][gc,heap        ] GC(369599) Heap after GC invocations=369576 (full 10716): garbage-first heap   total 71680K, used 48705K [0x0000000083000000, 0x0000000100000000)
[2020-12-23T02:59:48.461-0400][gc,heap        ] GC(369599)   region size 1024K, 1 young (1024K), 1 survivors (1024K)
[2020-12-23T02:59:48.461-0400][gc,heap        ] GC(369599)  Metaspace       used 61007K, capacity 63721K, committed 64768K, reserved 1107968K
[2020-12-23T02:59:48.461-0400][gc,heap        ] GC(369599)   class space    used 5712K, capacity 6559K, committed 6912K, reserved 1048576K
[2020-12-23T02:59:48.461-0400][gc             ] GC(369599) Pause Young (Normal) (G1 Evacuation Pause) 57M->47M(70M) 5.732ms
[2020-12-23T02:59:48.461-0400][gc,cpu         ] GC(369599) User=0.01s Sys=0.01s Real=0.01s
[2020-12-23T03:00:09.514-0400][gc,heap        ] GC(369600) Heap before GC invocations=369576 (full 10716): garbage-first heap   total 71680K, used 58945K [0x0000000083000000, 0x0000000100000000)
[2020-12-23T03:00:09.514-0400][gc,heap        ] GC(369600)   region size 1024K, 12 young (12288K), 1 survivors (1024K)
[2020-12-23T03:00:09.514-0400][gc,heap        ] GC(369600)  Metaspace       used 61007K, capacity 63721K, committed 64768K, reserved 1107968K
[2020-12-23T03:00:09.514-0400][gc,heap        ] GC(369600)   class space    used 5712K, capacity 6559K, committed 6912K, reserved 1048576K
[2020-12-23T03:00:09.514-0400][gc,start       ] GC(369600) Pause Young (Normal) (G1 Evacuation Pause)
[2020-12-23T03:00:09.514-0400][gc,task        ] GC(369600) Using 4 workers of 4 for evacuation
[2020-12-23T03:00:09.520-0400][gc,phases      ] GC(369600)   Pre Evacuate Collection Set: 0.0ms
[2020-12-23T03:00:09.520-0400][gc,phases      ] GC(369600)   Evacuate Collection Set: 3.4ms
[2020-12-23T03:00:09.520-0400][gc,phases      ] GC(369600)   Post Evacuate Collection Set: 1.5ms
[2020-12-23T03:00:09.520-0400][gc,phases      ] GC(369600)   Other: 0.9ms
[2020-12-23T03:00:09.520-0400][gc,heap        ] GC(369600) Eden regions: 11->0(10)
[2020-12-23T03:00:09.520-0400][gc,heap        ] GC(369600) Survivor regions: 1->1(2)
[2020-12-23T03:00:09.520-0400][gc,heap        ] GC(369600) Old regions: 46->46
[2020-12-23T03:00:09.520-0400][gc,heap        ] GC(369600) Humongous regions: 4->4
[2020-12-23T03:00:09.520-0400][gc,metaspace   ] GC(369600) Metaspace: 61007K->61007K(1107968K)
[2020-12-23T03:00:09.520-0400][gc,heap        ] GC(369600) Heap after GC invocations=369577 (full 10716): garbage-first heap   total 71680K, used 48771K [0x0000000083000000, 0x0000000100000000)
[2020-12-23T03:00:09.520-0400][gc,heap        ] GC(369600)   region size 1024K, 1 young (1024K), 1 survivors (1024K)
[2020-12-23T03:00:09.520-0400][gc,heap        ] GC(369600)  Metaspace       used 61007K, capacity 63721K, committed 64768K, reserved 1107968K
[2020-12-23T03:00:09.520-0400][gc,heap        ] GC(369600)   class space    used 5712K, capacity 6559K, committed 6912K, reserved 1048576K
[2020-12-23T03:00:09.520-0400][gc             ] GC(369600) Pause Young (Normal) (G1 Evacuation Pause) 58M->47M(70M) 6.174ms
[2020-12-23T03:00:09.520-0400][gc,cpu         ] GC(369600) User=0.01s Sys=0.00s Real=0.01s
[2020-12-23T03:00:34.280-0400][gc,heap        ] GC(369601) Heap before GC invocations=369577 (full 10716): garbage-first heap   total 71680K, used 57987K [0x0000000083000000, 0x0000000100000000)
[2020-12-23T03:00:34.280-0400][gc,heap        ] GC(369601)   region size 1024K, 11 young (11264K), 1 survivors (1024K)
[2020-12-23T03:00:34.280-0400][gc,heap        ] GC(369601)  Metaspace       used 61007K, capacity 63721K, committed 64768K, reserved 1107968K
[2020-12-23T03:00:34.280-0400][gc,heap        ] GC(369601)   class space    used 5712K, capacity 6559K, committed 6912K, reserved 1048576K
[2020-12-23T03:00:34.280-0400][gc,start       ] GC(369601) Pause Young (Normal) (G1 Evacuation Pause)
[2020-12-23T03:00:34.280-0400][gc,task        ] GC(369601) Using 4 workers of 4 for evacuation
[2020-12-23T03:00:34.285-0400][gc,phases      ] GC(369601)   Pre Evacuate Collection Set: 0.0ms
[2020-12-23T03:00:34.286-0400][gc,phases      ] GC(369601)   Evacuate Collection Set: 3.3ms
[2020-12-23T03:00:34.286-0400][gc,phases      ] GC(369601)   Post Evacuate Collection Set: 1.7ms
[2020-12-23T03:00:34.286-0400][gc,phases      ] GC(369601)   Other: 0.8ms
[2020-12-23T03:00:34.286-0400][gc,heap        ] GC(369601) Eden regions: 10->0(10)
[2020-12-23T03:00:34.286-0400][gc,heap        ] GC(369601) Survivor regions: 1->1(2)
[2020-12-23T03:00:34.286-0400][gc,heap        ] GC(369601) Old regions: 46->46
[2020-12-23T03:00:34.286-0400][gc,heap        ] GC(369601) Humongous regions: 4->4
[2020-12-23T03:00:34.286-0400][gc,metaspace   ] GC(369601) Metaspace: 61007K->61007K(1107968K)
[2020-12-23T03:00:34.286-0400][gc,heap        ] GC(369601) Heap after GC invocations=369578 (full 10716): garbage-first heap   total 71680K, used 48825K [0x0000000083000000, 0x0000000100000000)
[2020-12-23T03:00:34.286-0400][gc,heap        ] GC(369601)   region size 1024K, 1 young (1024K), 1 survivors (1024K)
[2020-12-23T03:00:34.286-0400][gc,heap        ] GC(369601)  Metaspace       used 61007K, capacity 63721K, committed 64768K, reserved 1107968K
[2020-12-23T03:00:34.286-0400][gc,heap        ] GC(369601)   class space    used 5712K, capacity 6559K, committed 6912K, reserved 1048576K
[2020-12-23T03:00:34.286-0400][gc             ] GC(369601) Pause Young (Normal) (G1 Evacuation Pause) 57M->47M(70M) 6.346ms
[2020-12-23T03:00:34.286-0400][gc,cpu         ] GC(369601) User=0.01s Sys=0.01s Real=0.01s
[2020-12-23T03:01:09.967-0400][gc,heap        ] GC(369602) Heap before GC invocations=369578 (full 10716): garbage-first heap   total 71680K, used 59065K [0x0000000083000000, 0x0000000100000000)
[2020-12-23T03:01:09.967-0400][gc,heap        ] GC(369602)   region size 1024K, 11 young (11264K), 1 survivors (1024K)
[2020-12-23T03:01:09.967-0400][gc,heap        ] GC(369602)  Metaspace       used 61007K, capacity 63721K, committed 64768K, reserved 1107968K
[2020-12-23T03:01:09.967-0400][gc,heap        ] GC(369602)   class space    used 5712K, capacity 6559K, committed 6912K, reserved 1048576K
[2020-12-23T03:01:09.967-0400][gc,start       ] GC(369602) Pause Young (Normal) (G1 Evacuation Pause)
[2020-12-23T03:01:09.967-0400][gc,task        ] GC(369602) Using 4 workers of 4 for evacuation
[2020-12-23T03:01:09.973-0400][gc,phases      ] GC(369602)   Pre Evacuate Collection Set: 0.0ms
[2020-12-23T03:01:09.973-0400][gc,phases      ] GC(369602)   Evacuate Collection Set: 3.7ms
[2020-12-23T03:01:09.973-0400][gc,phases      ] GC(369602)   Post Evacuate Collection Set: 1.7ms
[2020-12-23T03:01:09.973-0400][gc,phases      ] GC(369602)   Other: 0.9ms
[2020-12-23T03:01:09.973-0400][gc,heap        ] GC(369602) Eden regions: 10->0(10)
[2020-12-23T03:01:09.973-0400][gc,heap        ] GC(369602) Survivor regions: 1->1(2)
[2020-12-23T03:01:09.974-0400][gc,heap        ] GC(369602) Old regions: 46->46
[2020-12-23T03:01:09.974-0400][gc,heap        ] GC(369602) Humongous regions: 4->4
[2020-12-23T03:01:09.974-0400][gc,metaspace   ] GC(369602) Metaspace: 61007K->61007K(1107968K)
[2020-12-23T03:01:09.974-0400][gc,heap        ] GC(369602) Heap after GC invocations=369579 (full 10716): garbage-first heap   total 71680K, used 48810K [0x0000000083000000, 0x0000000100000000)
[2020-12-23T03:01:09.974-0400][gc,heap        ] GC(369602)   region size 1024K, 1 young (1024K), 1 survivors (1024K)
[2020-12-23T03:01:09.974-0400][gc,heap        ] GC(369602)  Metaspace       used 61007K, capacity 63721K, committed 64768K, reserved 1107968K
[2020-12-23T03:01:09.974-0400][gc,heap        ] GC(369602)   class space    used 5712K, capacity 6559K, committed 6912K, reserved 1048576K
[2020-12-23T03:01:09.974-0400][gc             ] GC(369602) Pause Young (Normal) (G1 Evacuation Pause) 57M->47M(70M) 6.609ms
[2020-12-23T03:01:09.974-0400][gc,cpu         ] GC(369602) User=0.01s Sys=0.01s Real=0.00s
[2020-12-23T03:01:43.455-0400][gc,heap        ] GC(369603) Heap before GC invocations=369579 (full 10716): garbage-first heap   total 71680K, used 58026K [0x0000000083000000, 0x0000000100000000)
[2020-12-23T03:01:43.456-0400][gc,heap        ] GC(369603)   region size 1024K, 11 young (11264K), 1 survivors (1024K)
[2020-12-23T03:01:43.456-0400][gc,heap        ] GC(369603)  Metaspace       used 61007K, capacity 63721K, committed 64768K, reserved 1107968K
[2020-12-23T03:01:43.456-0400][gc,heap        ] GC(369603)   class space    used 5712K, capacity 6559K, committed 6912K, reserved 1048576K
[2020-12-23T03:01:43.456-0400][gc,start       ] GC(369603) Pause Young (Normal) (G1 Evacuation Pause)
[2020-12-23T03:01:43.456-0400][gc,task        ] GC(369603) Using 4 workers of 4 for evacuation
[2020-12-23T03:01:43.462-0400][gc,phases      ] GC(369603)   Pre Evacuate Collection Set: 0.0ms
[2020-12-23T03:01:43.462-0400][gc,phases      ] GC(369603)   Evacuate Collection Set: 3.6ms
[2020-12-23T03:01:43.462-0400][gc,phases      ] GC(369603)   Post Evacuate Collection Set: 1.8ms
[2020-12-23T03:01:43.462-0400][gc,phases      ] GC(369603)   Other: 0.9ms
[2020-12-23T03:01:43.462-0400][gc,heap        ] GC(369603) Eden regions: 10->0(10)
[2020-12-23T03:01:43.462-0400][gc,heap        ] GC(369603) Survivor regions: 1->1(2)
[2020-12-23T03:01:43.462-0400][gc,heap        ] GC(369603) Old regions: 46->46
[2020-12-23T03:01:43.462-0400][gc,heap        ] GC(369603) Humongous regions: 4->4
[2020-12-23T03:01:43.462-0400][gc,metaspace   ] GC(369603) Metaspace: 61007K->61007K(1107968K)
[2020-12-23T03:01:43.462-0400][gc,heap        ] GC(369603) Heap after GC invocations=369580 (full 10716): garbage-first heap   total 71680K, used 48889K [0x0000000083000000, 0x0000000100000000)
[2020-12-23T03:01:43.462-0400][gc,heap        ] GC(369603)   region size 1024K, 1 young (1024K), 1 survivors (1024K)
[2020-12-23T03:01:43.462-0400][gc,heap        ] GC(369603)  Metaspace       used 61007K, capacity 63721K, committed 64768K, reserved 1107968K
[2020-12-23T03:01:43.462-0400][gc,heap        ] GC(369603)   class space    used 5712K, capacity 6559K, committed 6912K, reserved 1048576K
[2020-12-23T03:01:43.463-0400][gc             ] GC(369603) Pause Young (Normal) (G1 Evacuation Pause) 57M->47M(70M) 6.672ms
[2020-12-23T03:01:43.463-0400][gc,cpu         ] GC(369603) User=0.01s Sys=0.00s Real=0.00s
[2020-12-23T03:01:50.924-0400][gc,task        ] GC(369604) Using 3 workers of 4 for full compaction
[2020-12-23T03:01:50.924-0400][gc,start       ] GC(369604) Pause Full (System.gc())
[2020-12-23T03:01:50.924-0400][gc,heap        ] GC(369604) Heap before GC invocations=369580 (full 10716): garbage-first heap   total 71680K, used 49913K [0x0000000083000000, 0x0000000100000000)
[2020-12-23T03:01:50.924-0400][gc,heap        ] GC(369604)   region size 1024K, 3 young (3072K), 1 survivors (1024K)
[2020-12-23T03:01:50.924-0400][gc,heap        ] GC(369604)  Metaspace       used 61007K, capacity 63721K, committed 64768K, reserved 1107968K
[2020-12-23T03:01:50.924-0400][gc,heap        ] GC(369604)   class space    used 5712K, capacity 6559K, committed 6912K, reserved 1048576K
[2020-12-23T03:01:50.927-0400][gc,phases,start] GC(369604) Phase 1: Mark live objects
[2020-12-23T03:01:51.068-0400][gc,stringtable ] GC(369604) Cleaned string and symbol table, strings: 32200 processed, 0 removed, symbols: 131451 processed, 0 removed
[2020-12-23T03:01:51.069-0400][gc,phases      ] GC(369604) Phase 1: Mark live objects 141.803ms
[2020-12-23T03:01:51.069-0400][gc,phases,start] GC(369604) Phase 2: Prepare for compaction
[2020-12-23T03:01:51.098-0400][gc,phases      ] GC(369604) Phase 2: Prepare for compaction 29.833ms
[2020-12-23T03:01:51.099-0400][gc,phases,start] GC(369604) Phase 3: Adjust pointers
[2020-12-23T03:01:51.178-0400][gc,phases      ] GC(369604) Phase 3: Adjust pointers 79.397ms
[2020-12-23T03:01:51.178-0400][gc,phases,start] GC(369604) Phase 4: Compact heap
[2020-12-23T03:01:51.201-0400][gc,phases      ] GC(369604) Phase 4: Compact heap 23.403ms
[2020-12-23T03:01:51.236-0400][gc,heap        ] GC(369604) Eden regions: 2->0(11)
[2020-12-23T03:01:51.237-0400][gc,heap        ] GC(369604) Survivor regions: 1->0(2)
[2020-12-23T03:01:51.237-0400][gc,heap        ] GC(369604) Old regions: 46->46
[2020-12-23T03:01:51.237-0400][gc,heap        ] GC(369604) Humongous regions: 4->4
[2020-12-23T03:01:51.237-0400][gc,metaspace   ] GC(369604) Metaspace: 61007K->61007K(1107968K)
[2020-12-23T03:01:51.237-0400][gc,heap        ] GC(369604) Heap after GC invocations=369581 (full 10717): garbage-first heap   total 71680K, used 48469K [0x0000000083000000, 0x0000000100000000)
[2020-12-23T03:01:51.237-0400][gc,heap        ] GC(369604)   region size 1024K, 0 young (0K), 0 survivors (0K)
[2020-12-23T03:01:51.237-0400][gc,heap        ] GC(369604)  Metaspace       used 61007K, capacity 63721K, committed 64768K, reserved 1107968K
[2020-12-23T03:01:51.237-0400][gc,heap        ] GC(369604)   class space    used 5712K, capacity 6559K, committed 6912K, reserved 1048576K
[2020-12-23T03:01:51.237-0400][gc             ] GC(369604) Pause Full (System.gc()) 49M->47M(70M) 312.810ms
[2020-12-23T03:01:51.237-0400][gc,cpu         ] GC(369604) User=0.83s Sys=0.00s Real=0.32s
[2020-12-23T03:02:24.459-0400][gc,heap        ] GC(369605) Heap before GC invocations=369581 (full 10717): garbage-first heap   total 71680K, used 58709K [0x0000000083000000, 0x0000000100000000)
[2020-12-23T03:02:24.459-0400][gc,heap        ] GC(369605)   region size 1024K, 11 young (11264K), 0 survivors (0K)
[2020-12-23T03:02:24.459-0400][gc,heap        ] GC(369605)  Metaspace       used 61007K, capacity 63721K, committed 64768K, reserved 1107968K
[2020-12-23T03:02:24.459-0400][gc,heap        ] GC(369605)   class space    used 5712K, capacity 6559K, committed 6912K, reserved 1048576K
[2020-12-23T03:02:24.459-0400][gc,start       ] GC(369605) Pause Young (Normal) (G1 Evacuation Pause)
[2020-12-23T03:02:24.459-0400][gc,task        ] GC(369605) Using 4 workers of 4 for evacuation
[2020-12-23T03:02:24.465-0400][gc,phases      ] GC(369605)   Pre Evacuate Collection Set: 0.0ms
[2020-12-23T03:02:24.465-0400][gc,phases      ] GC(369605)   Evacuate Collection Set: 2.8ms
[2020-12-23T03:02:24.465-0400][gc,phases      ] GC(369605)   Post Evacuate Collection Set: 2.1ms
[2020-12-23T03:02:24.465-0400][gc,phases      ] GC(369605)   Other: 0.9ms
[2020-12-23T03:02:24.465-0400][gc,heap        ] GC(369605) Eden regions: 11->0(10)
[2020-12-23T03:02:24.465-0400][gc,heap        ] GC(369605) Survivor regions: 0->1(2)
[2020-12-23T03:02:24.465-0400][gc,heap        ] GC(369605) Old regions: 46->46
[2020-12-23T03:02:24.465-0400][gc,heap        ] GC(369605) Humongous regions: 4->4
[2020-12-23T03:02:24.465-0400][gc,metaspace   ] GC(369605) Metaspace: 61007K->61007K(1107968K)
[2020-12-23T03:02:24.465-0400][gc,heap        ] GC(369605) Heap after GC invocations=369582 (full 10717): garbage-first heap   total 71680K, used 48726K [0x0000000083000000, 0x0000000100000000)
[2020-12-23T03:02:24.465-0400][gc,heap        ] GC(369605)   region size 1024K, 1 young (1024K), 1 survivors (1024K)
[2020-12-23T03:02:24.465-0400][gc,heap        ] GC(369605)  Metaspace       used 61007K, capacity 63721K, committed 64768K, reserved 1107968K
[2020-12-23T03:02:24.465-0400][gc,heap        ] GC(369605)   class space    used 5712K, capacity 6559K, committed 6912K, reserved 1048576K
[2020-12-23T03:02:24.465-0400][gc             ] GC(369605) Pause Young (Normal) (G1 Evacuation Pause) 58M->47M(70M) 6.182ms
[2020-12-23T03:02:24.466-0400][gc,cpu         ] GC(369605) User=0.01s Sys=0.00s Real=0.01s
[2020-12-23T03:02:58.280-0400][gc,heap        ] GC(369606) Heap before GC invocations=369582 (full 10717): garbage-first heap   total 71680K, used 57942K [0x0000000083000000, 0x0000000100000000)
[2020-12-23T03:02:58.280-0400][gc,heap        ] GC(369606)   region size 1024K, 11 young (11264K), 1 survivors (1024K)
[2020-12-23T03:02:58.280-0400][gc,heap        ] GC(369606)  Metaspace       used 61007K, capacity 63721K, committed 64768K, reserved 1107968K
[2020-12-23T03:02:58.280-0400][gc,heap        ] GC(369606)   class space    used 5712K, capacity 6559K, committed 6912K, reserved 1048576K
[2020-12-23T03:02:58.281-0400][gc,start       ] GC(369606) Pause Young (Normal) (G1 Evacuation Pause)
[2020-12-23T03:02:58.281-0400][gc,task        ] GC(369606) Using 4 workers of 4 for evacuation
[2020-12-23T03:02:58.286-0400][gc,phases      ] GC(369606)   Pre Evacuate Collection Set: 0.0ms
[2020-12-23T03:02:58.286-0400][gc,phases      ] GC(369606)   Evacuate Collection Set: 3.1ms
[2020-12-23T03:02:58.286-0400][gc,phases      ] GC(369606)   Post Evacuate Collection Set: 1.7ms
[2020-12-23T03:02:58.286-0400][gc,phases      ] GC(369606)   Other: 0.9ms
[2020-12-23T03:02:58.286-0400][gc,heap        ] GC(369606) Eden regions: 10->0(10)
[2020-12-23T03:02:58.286-0400][gc,heap        ] GC(369606) Survivor regions: 1->1(2)
[2020-12-23T03:02:58.286-0400][gc,heap        ] GC(369606) Old regions: 46->46
[2020-12-23T03:02:58.286-0400][gc,heap        ] GC(369606) Humongous regions: 4->4
[2020-12-23T03:02:58.286-0400][gc,metaspace   ] GC(369606) Metaspace: 61007K->61007K(1107968K)
[2020-12-23T03:02:58.286-0400][gc,heap        ] GC(369606) Heap after GC invocations=369583 (full 10717): garbage-first heap   total 71680K, used 48765K [0x0000000083000000, 0x0000000100000000)
[2020-12-23T03:02:58.287-0400][gc,heap        ] GC(369606)   region size 1024K, 1 young (1024K), 1 survivors (1024K)
[2020-12-23T03:02:58.287-0400][gc,heap        ] GC(369606)  Metaspace       used 61007K, capacity 63721K, committed 64768K, reserved 1107968K
[2020-12-23T03:02:58.287-0400][gc,heap        ] GC(369606)   class space    used 5712K, capacity 6559K, committed 6912K, reserved 1048576K
[2020-12-23T03:02:58.287-0400][gc             ] GC(369606) Pause Young (Normal) (G1 Evacuation Pause) 57M->47M(70M) 6.200ms
[2020-12-23T03:02:58.287-0400][gc,cpu         ] GC(369606) User=0.02s Sys=0.00s Real=0.01s
[2020-12-23T03:03:22.757-0400][gc,heap        ] GC(369607) Heap before GC invocations=369583 (full 10717): garbage-first heap   total 71680K, used 57981K [0x0000000083000000, 0x0000000100000000)
[2020-12-23T03:03:22.757-0400][gc,heap        ] GC(369607)   region size 1024K, 11 young (11264K), 1 survivors (1024K)
[2020-12-23T03:03:22.757-0400][gc,heap        ] GC(369607)  Metaspace       used 61007K, capacity 63721K, committed 64768K, reserved 1107968K
[2020-12-23T03:03:22.757-0400][gc,heap        ] GC(369607)   class space    used 5712K, capacity 6559K, committed 6912K, reserved 1048576K
[2020-12-23T03:03:22.758-0400][gc,start       ] GC(369607) Pause Young (Normal) (G1 Evacuation Pause)
[2020-12-23T03:03:22.758-0400][gc,task        ] GC(369607) Using 4 workers of 4 for evacuation
[2020-12-23T03:03:22.763-0400][gc,phases      ] GC(369607)   Pre Evacuate Collection Set: 0.0ms
[2020-12-23T03:03:22.763-0400][gc,phases      ] GC(369607)   Evacuate Collection Set: 3.3ms
[2020-12-23T03:03:22.763-0400][gc,phases      ] GC(369607)   Post Evacuate Collection Set: 1.9ms
[2020-12-23T03:03:22.764-0400][gc,phases      ] GC(369607)   Other: 0.9ms
[2020-12-23T03:03:22.764-0400][gc,heap        ] GC(369607) Eden regions: 10->0(10)
[2020-12-23T03:03:22.764-0400][gc,heap        ] GC(369607) Survivor regions: 1->1(2)
[2020-12-23T03:03:22.764-0400][gc,heap        ] GC(369607) Old regions: 46->46
[2020-12-23T03:03:22.764-0400][gc,heap        ] GC(369607) Humongous regions: 4->4
[2020-12-23T03:03:22.764-0400][gc,metaspace   ] GC(369607) Metaspace: 61007K->61007K(1107968K)
[2020-12-23T03:03:22.764-0400][gc,heap        ] GC(369607) Heap after GC invocations=369584 (full 10717): garbage-first heap   total 71680K, used 48882K [0x0000000083000000, 0x0000000100000000)
[2020-12-23T03:03:22.764-0400][gc,heap        ] GC(369607)   region size 1024K, 1 young (1024K), 1 survivors (1024K)
[2020-12-23T03:03:22.764-0400][gc,heap        ] GC(369607)  Metaspace       used 61007K, capacity 63721K, committed 64768K, reserved 1107968K
[2020-12-23T03:03:22.764-0400][gc,heap        ] GC(369607)   class space    used 5712K, capacity 6559K, committed 6912K, reserved 1048576K
[2020-12-23T03:03:22.764-0400][gc             ] GC(369607) Pause Young (Normal) (G1 Evacuation Pause) 57M->47M(70M) 6.472ms
[2020-12-23T03:03:22.764-0400][gc,cpu         ] GC(369607) User=0.01s Sys=0.01s Real=0.00s
[2020-12-23T03:03:52.343-0400][gc,heap        ] GC(369608) Heap before GC invocations=369584 (full 10717): garbage-first heap   total 71680K, used 58098K [0x0000000083000000, 0x0000000100000000)
[2020-12-23T03:03:52.343-0400][gc,heap        ] GC(369608)   region size 1024K, 11 young (11264K), 1 survivors (1024K)
[2020-12-23T03:03:52.343-0400][gc,heap        ] GC(369608)  Metaspace       used 61007K, capacity 63721K, committed 64768K, reserved 1107968K
[2020-12-23T03:03:52.343-0400][gc,heap        ] GC(369608)   class space    used 5712K, capacity 6559K, committed 6912K, reserved 1048576K
[2020-12-23T03:03:52.343-0400][gc,start       ] GC(369608) Pause Young (Normal) (G1 Evacuation Pause)
[2020-12-23T03:03:52.343-0400][gc,task        ] GC(369608) Using 4 workers of 4 for evacuation
[2020-12-23T03:03:52.349-0400][gc,phases      ] GC(369608)   Pre Evacuate Collection Set: 0.0ms
[2020-12-23T03:03:52.349-0400][gc,phases      ] GC(369608)   Evacuate Collection Set: 3.5ms
[2020-12-23T03:03:52.349-0400][gc,phases      ] GC(369608)   Post Evacuate Collection Set: 1.9ms
[2020-12-23T03:03:52.349-0400][gc,phases      ] GC(369608)   Other: 0.8ms
[2020-12-23T03:03:52.350-0400][gc,heap        ] GC(369608) Eden regions: 10->0(10)
[2020-12-23T03:03:52.350-0400][gc,heap        ] GC(369608) Survivor regions: 1->1(2)
[2020-12-23T03:03:52.350-0400][gc,heap        ] GC(369608) Old regions: 46->46
[2020-12-23T03:03:52.350-0400][gc,heap        ] GC(369608) Humongous regions: 4->4
[2020-12-23T03:03:52.350-0400][gc,metaspace   ] GC(369608) Metaspace: 61007K->61007K(1107968K)
[2020-12-23T03:03:52.350-0400][gc,heap        ] GC(369608) Heap after GC invocations=369585 (full 10717): garbage-first heap   total 71680K, used 48855K [0x0000000083000000, 0x0000000100000000)
[2020-12-23T03:03:52.350-0400][gc,heap        ] GC(369608)   region size 1024K, 1 young (1024K), 1 survivors (1024K)
[2020-12-23T03:03:52.350-0400][gc,heap        ] GC(369608)  Metaspace       used 61007K, capacity 63721K, committed 64768K, reserved 1107968K
[2020-12-23T03:03:52.350-0400][gc,heap        ] GC(369608)   class space    used 5712K, capacity 6559K, committed 6912K, reserved 1048576K
[2020-12-23T03:03:52.350-0400][gc             ] GC(369608) Pause Young (Normal) (G1 Evacuation Pause) 57M->47M(70M) 6.777ms
[2020-12-23T03:03:52.350-0400][gc,cpu         ] GC(369608) User=0.01s Sys=0.00s Real=0.01s
[2020-12-23T03:04:19.648-0400][gc,heap        ] GC(369609) Heap before GC invocations=369585 (full 10717): garbage-first heap   total 71680K, used 58071K [0x0000000083000000, 0x0000000100000000)
[2020-12-23T03:04:19.648-0400][gc,heap        ] GC(369609)   region size 1024K, 11 young (11264K), 1 survivors (1024K)
[2020-12-23T03:04:19.648-0400][gc,heap        ] GC(369609)  Metaspace       used 61007K, capacity 63721K, committed 64768K, reserved 1107968K
[2020-12-23T03:04:19.648-0400][gc,heap        ] GC(369609)   class space    used 5712K, capacity 6559K, committed 6912K, reserved 1048576K
[2020-12-23T03:04:19.648-0400][gc,start       ] GC(369609) Pause Young (Normal) (G1 Evacuation Pause)
[2020-12-23T03:04:19.648-0400][gc,task        ] GC(369609) Using 4 workers of 4 for evacuation
[2020-12-23T03:04:19.654-0400][gc,phases      ] GC(369609)   Pre Evacuate Collection Set: 0.0ms
[2020-12-23T03:04:19.654-0400][gc,phases      ] GC(369609)   Evacuate Collection Set: 3.5ms
[2020-12-23T03:04:19.654-0400][gc,phases      ] GC(369609)   Post Evacuate Collection Set: 1.6ms
[2020-12-23T03:04:19.654-0400][gc,phases      ] GC(369609)   Other: 0.9ms
[2020-12-23T03:04:19.654-0400][gc,heap        ] GC(369609) Eden regions: 10->0(10)
[2020-12-23T03:04:19.654-0400][gc,heap        ] GC(369609) Survivor regions: 1->1(2)
[2020-12-23T03:04:19.654-0400][gc,heap        ] GC(369609) Old regions: 46->46
[2020-12-23T03:04:19.654-0400][gc,heap        ] GC(369609) Humongous regions: 4->4
[2020-12-23T03:04:19.654-0400][gc,metaspace   ] GC(369609) Metaspace: 61007K->61007K(1107968K)
[2020-12-23T03:04:19.654-0400][gc,heap        ] GC(369609) Heap after GC invocations=369586 (full 10717): garbage-first heap   total 71680K, used 48875K [0x0000000083000000, 0x0000000100000000)
[2020-12-23T03:04:19.654-0400][gc,heap        ] GC(369609)   region size 1024K, 1 young (1024K), 1 survivors (1024K)
[2020-12-23T03:04:19.654-0400][gc,heap        ] GC(369609)  Metaspace       used 61007K, capacity 63721K, committed 64768K, reserved 1107968K
[2020-12-23T03:04:19.654-0400][gc,heap        ] GC(369609)   class space    used 5712K, capacity 6559K, committed 6912K, reserved 1048576K
[2020-12-23T03:04:19.654-0400][gc             ] GC(369609) Pause Young (Normal) (G1 Evacuation Pause) 57M->47M(70M) 6.305ms
[2020-12-23T03:04:19.654-0400][gc,cpu         ] GC(369609) User=0.01s Sys=0.00s Real=0.00s
[2020-12-23T03:05:02.646-0400][gc,heap        ] GC(369610) Heap before GC invocations=369586 (full 10717): garbage-first heap   total 71680K, used 58091K [0x0000000083000000, 0x0000000100000000)
[2020-12-23T03:05:02.646-0400][gc,heap        ] GC(369610)   region size 1024K, 11 young (11264K), 1 survivors (1024K)
[2020-12-23T03:05:02.646-0400][gc,heap        ] GC(369610)  Metaspace       used 61007K, capacity 63721K, committed 64768K, reserved 1107968K
[2020-12-23T03:05:02.646-0400][gc,heap        ] GC(369610)   class space    used 5712K, capacity 6559K, committed 6912K, reserved 1048576K
[2020-12-23T03:05:02.646-0400][gc,start       ] GC(369610) Pause Young (Normal) (G1 Evacuation Pause)
[2020-12-23T03:05:02.646-0400][gc,task        ] GC(369610) Using 4 workers of 4 for evacuation
[2020-12-23T03:05:02.652-0400][gc,phases      ] GC(369610)   Pre Evacuate Collection Set: 0.0ms
[2020-12-23T03:05:02.652-0400][gc,phases      ] GC(369610)   Evacuate Collection Set: 3.1ms
[2020-12-23T03:05:02.652-0400][gc,phases      ] GC(369610)   Post Evacuate Collection Set: 1.6ms
[2020-12-23T03:05:02.652-0400][gc,phases      ] GC(369610)   Other: 0.9ms
[2020-12-23T03:05:02.652-0400][gc,heap        ] GC(369610) Eden regions: 10->0(10)
[2020-12-23T03:05:02.652-0400][gc,heap        ] GC(369610) Survivor regions: 1->1(2)
[2020-12-23T03:05:02.652-0400][gc,heap        ] GC(369610) Old regions: 46->46
[2020-12-23T03:05:02.652-0400][gc,heap        ] GC(369610) Humongous regions: 4->4
[2020-12-23T03:05:02.652-0400][gc,metaspace   ] GC(369610) Metaspace: 61007K->61007K(1107968K)
[2020-12-23T03:05:02.652-0400][gc,heap        ] GC(369610) Heap after GC invocations=369587 (full 10717): garbage-first heap   total 71680K, used 48840K [0x0000000083000000, 0x0000000100000000)
[2020-12-23T03:05:02.652-0400][gc,heap        ] GC(369610)   region size 1024K, 1 young (1024K), 1 survivors (1024K)
[2020-12-23T03:05:02.652-0400][gc,heap        ] GC(369610)  Metaspace       used 61007K, capacity 63721K, committed 64768K, reserved 1107968K
[2020-12-23T03:05:02.652-0400][gc,heap        ] GC(369610)   class space    used 5712K, capacity 6559K, committed 6912K, reserved 1048576K
[2020-12-23T03:05:02.652-0400][gc             ] GC(369610) Pause Young (Normal) (G1 Evacuation Pause) 57M->47M(70M) 6.119ms
[2020-12-23T03:05:02.652-0400][gc,cpu         ] GC(369610) User=0.01s Sys=0.00s Real=0.00s
[2020-12-23T03:05:20.337-0400][gc,heap        ] GC(369611) Heap before GC invocations=369587 (full 10717): garbage-first heap   total 71680K, used 58056K [0x0000000083000000, 0x0000000100000000)
[2020-12-23T03:05:20.337-0400][gc,heap        ] GC(369611)   region size 1024K, 11 young (11264K), 1 survivors (1024K)
[2020-12-23T03:05:20.337-0400][gc,heap        ] GC(369611)  Metaspace       used 61007K, capacity 63721K, committed 64768K, reserved 1107968K
[2020-12-23T03:05:20.337-0400][gc,heap        ] GC(369611)   class space    used 5712K, capacity 6559K, committed 6912K, reserved 1048576K
[2020-12-23T03:05:20.337-0400][gc,start       ] GC(369611) Pause Young (Normal) (G1 Evacuation Pause)
[2020-12-23T03:05:20.337-0400][gc,task        ] GC(369611) Using 4 workers of 4 for evacuation
[2020-12-23T03:05:20.343-0400][gc,phases      ] GC(369611)   Pre Evacuate Collection Set: 0.0ms
[2020-12-23T03:05:20.343-0400][gc,phases      ] GC(369611)   Evacuate Collection Set: 4.0ms
[2020-12-23T03:05:20.343-0400][gc,phases      ] GC(369611)   Post Evacuate Collection Set: 1.8ms
[2020-12-23T03:05:20.344-0400][gc,phases      ] GC(369611)   Other: 0.9ms
[2020-12-23T03:05:20.344-0400][gc,heap        ] GC(369611) Eden regions: 10->0(10)
[2020-12-23T03:05:20.344-0400][gc,heap        ] GC(369611) Survivor regions: 1->1(2)
[2020-12-23T03:05:20.344-0400][gc,heap        ] GC(369611) Old regions: 46->46
[2020-12-23T03:05:20.344-0400][gc,heap        ] GC(369611) Humongous regions: 4->4
[2020-12-23T03:05:20.344-0400][gc,metaspace   ] GC(369611) Metaspace: 61007K->61007K(1107968K)
[2020-12-23T03:05:20.344-0400][gc,heap        ] GC(369611) Heap after GC invocations=369588 (full 10717): garbage-first heap   total 71680K, used 48836K [0x0000000083000000, 0x0000000100000000)
[2020-12-23T03:05:20.344-0400][gc,heap        ] GC(369611)   region size 1024K, 1 young (1024K), 1 survivors (1024K)
[2020-12-23T03:05:20.344-0400][gc,heap        ] GC(369611)  Metaspace       used 61007K, capacity 63721K, committed 64768K, reserved 1107968K
[2020-12-23T03:05:20.344-0400][gc,heap        ] GC(369611)   class space    used 5712K, capacity 6559K, committed 6912K, reserved 1048576K
[2020-12-23T03:05:20.344-0400][gc             ] GC(369611) Pause Young (Normal) (G1 Evacuation Pause) 57M->47M(70M) 7.090ms
[2020-12-23T03:05:20.344-0400][gc,cpu         ] GC(369611) User=0.02s Sys=0.00s Real=0.00s
[2020-12-23T03:05:50.089-0400][gc,heap        ] GC(369612) Heap before GC invocations=369588 (full 10717): garbage-first heap   total 71680K, used 58052K [0x0000000083000000, 0x0000000100000000)
[2020-12-23T03:05:50.089-0400][gc,heap        ] GC(369612)   region size 1024K, 11 young (11264K), 1 survivors (1024K)
[2020-12-23T03:05:50.089-0400][gc,heap        ] GC(369612)  Metaspace       used 61007K, capacity 63721K, committed 64768K, reserved 1107968K
[2020-12-23T03:05:50.089-0400][gc,heap        ] GC(369612)   class space    used 5712K, capacity 6559K, committed 6912K, reserved 1048576K
[2020-12-23T03:05:50.089-0400][gc,start       ] GC(369612) Pause Young (Normal) (G1 Evacuation Pause)
[2020-12-23T03:05:50.089-0400][gc,task        ] GC(369612) Using 4 workers of 4 for evacuation
[2020-12-23T03:05:50.095-0400][gc,phases      ] GC(369612)   Pre Evacuate Collection Set: 0.0ms
[2020-12-23T03:05:50.096-0400][gc,phases      ] GC(369612)   Evacuate Collection Set: 3.7ms
[2020-12-23T03:05:50.096-0400][gc,phases      ] GC(369612)   Post Evacuate Collection Set: 1.8ms
[2020-12-23T03:05:50.096-0400][gc,phases      ] GC(369612)   Other: 0.9ms
[2020-12-23T03:05:50.096-0400][gc,heap        ] GC(369612) Eden regions: 10->0(10)
[2020-12-23T03:05:50.096-0400][gc,heap        ] GC(369612) Survivor regions: 1->1(2)
[2020-12-23T03:05:50.096-0400][gc,heap        ] GC(369612) Old regions: 46->46
[2020-12-23T03:05:50.096-0400][gc,heap        ] GC(369612) Humongous regions: 4->4
[2020-12-23T03:05:50.096-0400][gc,metaspace   ] GC(369612) Metaspace: 61007K->61007K(1107968K)
[2020-12-23T03:05:50.096-0400][gc,heap        ] GC(369612) Heap after GC invocations=369589 (full 10717): garbage-first heap   total 71680K, used 48907K [0x0000000083000000, 0x0000000100000000)
[2020-12-23T03:05:50.096-0400][gc,heap        ] GC(369612)   region size 1024K, 1 young (1024K), 1 survivors (1024K)
[2020-12-23T03:05:50.096-0400][gc,heap        ] GC(369612)  Metaspace       used 61007K, capacity 63721K, committed 64768K, reserved 1107968K
[2020-12-23T03:05:50.096-0400][gc,heap        ] GC(369612)   class space    used 5712K, capacity 6559K, committed 6912K, reserved 1048576K
[2020-12-23T03:05:50.096-0400][gc             ] GC(369612) Pause Young (Normal) (G1 Evacuation Pause) 57M->47M(70M) 6.769ms
[2020-12-23T03:05:50.096-0400][gc,cpu         ] GC(369612) User=0.01s Sys=0.01s Real=0.01s
[2020-12-23T03:06:11.225-0400][gc,heap        ] GC(369613) Heap before GC invocations=369589 (full 10717): garbage-first heap   total 71680K, used 58123K [0x0000000083000000, 0x0000000100000000)
[2020-12-23T03:06:11.225-0400][gc,heap        ] GC(369613)   region size 1024K, 11 young (11264K), 1 survivors (1024K)
[2020-12-23T03:06:11.225-0400][gc,heap        ] GC(369613)  Metaspace       used 61007K, capacity 63721K, committed 64768K, reserved 1107968K
[2020-12-23T03:06:11.226-0400][gc,heap        ] GC(369613)   class space    used 5712K, capacity 6559K, committed 6912K, reserved 1048576K
[2020-12-23T03:06:11.226-0400][gc,start       ] GC(369613) Pause Young (Normal) (G1 Evacuation Pause)
[2020-12-23T03:06:11.226-0400][gc,task        ] GC(369613) Using 4 workers of 4 for evacuation
[2020-12-23T03:06:11.232-0400][gc,phases      ] GC(369613)   Pre Evacuate Collection Set: 0.0ms
[2020-12-23T03:06:11.232-0400][gc,phases      ] GC(369613)   Evacuate Collection Set: 3.8ms
[2020-12-23T03:06:11.232-0400][gc,phases      ] GC(369613)   Post Evacuate Collection Set: 1.7ms
[2020-12-23T03:06:11.232-0400][gc,phases      ] GC(369613)   Other: 1.0ms
[2020-12-23T03:06:11.232-0400][gc,heap        ] GC(369613) Eden regions: 10->0(10)
[2020-12-23T03:06:11.232-0400][gc,heap        ] GC(369613) Survivor regions: 1->1(2)
[2020-12-23T03:06:11.232-0400][gc,heap        ] GC(369613) Old regions: 46->46
[2020-12-23T03:06:11.232-0400][gc,heap        ] GC(369613) Humongous regions: 4->4
[2020-12-23T03:06:11.232-0400][gc,metaspace   ] GC(369613) Metaspace: 61007K->61007K(1107968K)
[2020-12-23T03:06:11.232-0400][gc,heap        ] GC(369613) Heap after GC invocations=369590 (full 10717): garbage-first heap   total 71680K, used 49029K [0x0000000083000000, 0x0000000100000000)
[2020-12-23T03:06:11.232-0400][gc,heap        ] GC(369613)   region size 1024K, 1 young (1024K), 1 survivors (1024K)
[2020-12-23T03:06:11.232-0400][gc,heap        ] GC(369613)  Metaspace       used 61007K, capacity 63721K, committed 64768K, reserved 1107968K
[2020-12-23T03:06:11.232-0400][gc,heap        ] GC(369613)   class space    used 5712K, capacity 6559K, committed 6912K, reserved 1048576K
[2020-12-23T03:06:11.232-0400][gc             ] GC(369613) Pause Young (Normal) (G1 Evacuation Pause) 57M->47M(70M) 6.779ms
[2020-12-23T03:06:11.233-0400][gc,cpu         ] GC(369613) User=0.01s Sys=0.01s Real=0.00s
[2020-12-23T03:06:36.835-0400][gc,heap        ] GC(369614) Heap before GC invocations=369590 (full 10717): garbage-first heap   total 71680K, used 58245K [0x0000000083000000, 0x0000000100000000)
[2020-12-23T03:06:36.835-0400][gc,heap        ] GC(369614)   region size 1024K, 11 young (11264K), 1 survivors (1024K)
[2020-12-23T03:06:36.835-0400][gc,heap        ] GC(369614)  Metaspace       used 61007K, capacity 63721K, committed 64768K, reserved 1107968K
[2020-12-23T03:06:36.835-0400][gc,heap        ] GC(369614)   class space    used 5712K, capacity 6559K, committed 6912K, reserved 1048576K
[2020-12-23T03:06:36.835-0400][gc,start       ] GC(369614) Pause Young (Normal) (G1 Evacuation Pause)
[2020-12-23T03:06:36.835-0400][gc,task        ] GC(369614) Using 4 workers of 4 for evacuation
[2020-12-23T03:06:36.841-0400][gc,phases      ] GC(369614)   Pre Evacuate Collection Set: 0.0ms
[2020-12-23T03:06:36.841-0400][gc,phases      ] GC(369614)   Evacuate Collection Set: 4.1ms
[2020-12-23T03:06:36.841-0400][gc,phases      ] GC(369614)   Post Evacuate Collection Set: 1.5ms
[2020-12-23T03:06:36.841-0400][gc,phases      ] GC(369614)   Other: 0.9ms
[2020-12-23T03:06:36.841-0400][gc,heap        ] GC(369614) Eden regions: 10->0(10)
[2020-12-23T03:06:36.841-0400][gc,heap        ] GC(369614) Survivor regions: 1->1(2)
[2020-12-23T03:06:36.841-0400][gc,heap        ] GC(369614) Old regions: 46->46
[2020-12-23T03:06:36.841-0400][gc,heap        ] GC(369614) Humongous regions: 4->4
[2020-12-23T03:06:36.841-0400][gc,metaspace   ] GC(369614) Metaspace: 61007K->61007K(1107968K)
[2020-12-23T03:06:36.842-0400][gc,heap        ] GC(369614) Heap after GC invocations=369591 (full 10717): garbage-first heap   total 71680K, used 49072K [0x0000000083000000, 0x0000000100000000)
[2020-12-23T03:06:36.842-0400][gc,heap        ] GC(369614)   region size 1024K, 1 young (1024K), 1 survivors (1024K)
[2020-12-23T03:06:36.842-0400][gc,heap        ] GC(369614)  Metaspace       used 61007K, capacity 63721K, committed 64768K, reserved 1107968K
[2020-12-23T03:06:36.842-0400][gc,heap        ] GC(369614)   class space    used 5712K, capacity 6559K, committed 6912K, reserved 1048576K
[2020-12-23T03:06:36.842-0400][gc             ] GC(369614) Pause Young (Normal) (G1 Evacuation Pause) 57M->47M(70M) 6.886ms
[2020-12-23T03:06:36.842-0400][gc,cpu         ] GC(369614) User=0.02s Sys=0.00s Real=0.01s
[2020-12-23T03:06:50.924-0400][gc,task        ] GC(369615) Using 3 workers of 4 for full compaction
[2020-12-23T03:06:50.924-0400][gc,start       ] GC(369615) Pause Full (System.gc())
[2020-12-23T03:06:50.925-0400][gc,heap        ] GC(369615) Heap before GC invocations=369591 (full 10717): garbage-first heap   total 71680K, used 52144K [0x0000000083000000, 0x0000000100000000)
[2020-12-23T03:06:50.925-0400][gc,heap        ] GC(369615)   region size 1024K, 5 young (5120K), 1 survivors (1024K)
[2020-12-23T03:06:50.925-0400][gc,heap        ] GC(369615)  Metaspace       used 61007K, capacity 63721K, committed 64768K, reserved 1107968K
[2020-12-23T03:06:50.925-0400][gc,heap        ] GC(369615)   class space    used 5712K, capacity 6559K, committed 6912K, reserved 1048576K
[2020-12-23T03:06:50.927-0400][gc,phases,start] GC(369615) Phase 1: Mark live objects
[2020-12-23T03:06:51.072-0400][gc,stringtable ] GC(369615) Cleaned string and symbol table, strings: 32200 processed, 0 removed, symbols: 131451 processed, 0 removed
[2020-12-23T03:06:51.073-0400][gc,phases      ] GC(369615) Phase 1: Mark live objects 145.541ms
[2020-12-23T03:06:51.073-0400][gc,phases,start] GC(369615) Phase 2: Prepare for compaction
[2020-12-23T03:06:51.102-0400][gc,phases      ] GC(369615) Phase 2: Prepare for compaction 29.437ms
[2020-12-23T03:06:51.102-0400][gc,phases,start] GC(369615) Phase 3: Adjust pointers
[2020-12-23T03:06:51.180-0400][gc,phases      ] GC(369615) Phase 3: Adjust pointers 77.330ms
[2020-12-23T03:06:51.180-0400][gc,phases,start] GC(369615) Phase 4: Compact heap
[2020-12-23T03:06:51.201-0400][gc,phases      ] GC(369615) Phase 4: Compact heap 21.573ms
[2020-12-23T03:06:51.237-0400][gc,heap        ] GC(369615) Eden regions: 4->0(11)
[2020-12-23T03:06:51.237-0400][gc,heap        ] GC(369615) Survivor regions: 1->0(2)
[2020-12-23T03:06:51.237-0400][gc,heap        ] GC(369615) Old regions: 46->46
[2020-12-23T03:06:51.237-0400][gc,heap        ] GC(369615) Humongous regions: 4->4
[2020-12-23T03:06:51.237-0400][gc,metaspace   ] GC(369615) Metaspace: 61007K->61007K(1107968K)
[2020-12-23T03:06:51.237-0400][gc,heap        ] GC(369615) Heap after GC invocations=369592 (full 10718): garbage-first heap   total 71680K, used 48593K [0x0000000083000000, 0x0000000100000000)
[2020-12-23T03:06:51.237-0400][gc,heap        ] GC(369615)   region size 1024K, 0 young (0K), 0 survivors (0K)
[2020-12-23T03:06:51.237-0400][gc,heap        ] GC(369615)  Metaspace       used 61007K, capacity 63721K, committed 64768K, reserved 1107968K
[2020-12-23T03:06:51.237-0400][gc,heap        ] GC(369615)   class space    used 5712K, capacity 6559K, committed 6912K, reserved 1048576K
[2020-12-23T03:06:51.237-0400][gc             ] GC(369615) Pause Full (System.gc()) 50M->47M(70M) 312.696ms
[2020-12-23T03:06:51.237-0400][gc,cpu         ] GC(369615) User=0.83s Sys=0.00s Real=0.32s
[2020-12-23T03:07:24.355-0400][gc,heap        ] GC(369616) Heap before GC invocations=369592 (full 10718): garbage-first heap   total 71680K, used 59857K [0x0000000083000000, 0x0000000100000000)
[2020-12-23T03:07:24.355-0400][gc,heap        ] GC(369616)   region size 1024K, 11 young (11264K), 0 survivors (0K)
[2020-12-23T03:07:24.355-0400][gc,heap        ] GC(369616)  Metaspace       used 61007K, capacity 63721K, committed 64768K, reserved 1107968K
[2020-12-23T03:07:24.355-0400][gc,heap        ] GC(369616)   class space    used 5712K, capacity 6559K, committed 6912K, reserved 1048576K
[2020-12-23T03:07:24.355-0400][gc,start       ] GC(369616) Pause Young (Normal) (G1 Evacuation Pause)
[2020-12-23T03:07:24.355-0400][gc,task        ] GC(369616) Using 4 workers of 4 for evacuation
[2020-12-23T03:07:24.361-0400][gc,phases      ] GC(369616)   Pre Evacuate Collection Set: 0.0ms
[2020-12-23T03:07:24.361-0400][gc,phases      ] GC(369616)   Evacuate Collection Set: 2.9ms
[2020-12-23T03:07:24.361-0400][gc,phases      ] GC(369616)   Post Evacuate Collection Set: 1.8ms
[2020-12-23T03:07:24.361-0400][gc,phases      ] GC(369616)   Other: 0.9ms
[2020-12-23T03:07:24.361-0400][gc,heap        ] GC(369616) Eden regions: 11->0(10)
[2020-12-23T03:07:24.361-0400][gc,heap        ] GC(369616) Survivor regions: 0->1(2)
[2020-12-23T03:07:24.361-0400][gc,heap        ] GC(369616) Old regions: 46->46
[2020-12-23T03:07:24.361-0400][gc,heap        ] GC(369616) Humongous regions: 4->4
[2020-12-23T03:07:24.361-0400][gc,metaspace   ] GC(369616) Metaspace: 61007K->61007K(1107968K)
[2020-12-23T03:07:24.361-0400][gc,heap        ] GC(369616) Heap after GC invocations=369593 (full 10718): garbage-first heap   total 71680K, used 48883K [0x0000000083000000, 0x0000000100000000)
[2020-12-23T03:07:24.361-0400][gc,heap        ] GC(369616)   region size 1024K, 1 young (1024K), 1 survivors (1024K)
[2020-12-23T03:07:24.361-0400][gc,heap        ] GC(369616)  Metaspace       used 61007K, capacity 63721K, committed 64768K, reserved 1107968K
[2020-12-23T03:07:24.361-0400][gc,heap        ] GC(369616)   class space    used 5712K, capacity 6559K, committed 6912K, reserved 1048576K
[2020-12-23T03:07:24.361-0400][gc             ] GC(369616) Pause Young (Normal) (G1 Evacuation Pause) 58M->47M(70M) 6.077ms
[2020-12-23T03:07:24.362-0400][gc,cpu         ] GC(369616) User=0.01s Sys=0.00s Real=0.01s
[2020-12-23T03:08:00.352-0400][gc,heap        ] GC(369617) Heap before GC invocations=369593 (full 10718): garbage-first heap   total 71680K, used 58099K [0x0000000083000000, 0x0000000100000000)
[2020-12-23T03:08:00.352-0400][gc,heap        ] GC(369617)   region size 1024K, 11 young (11264K), 1 survivors (1024K)
[2020-12-23T03:08:00.352-0400][gc,heap        ] GC(369617)  Metaspace       used 61007K, capacity 63721K, committed 64768K, reserved 1107968K
[2020-12-23T03:08:00.352-0400][gc,heap        ] GC(369617)   class space    used 5712K, capacity 6559K, committed 6912K, reserved 1048576K
[2020-12-23T03:08:00.352-0400][gc,start       ] GC(369617) Pause Young (Normal) (G1 Evacuation Pause)
[2020-12-23T03:08:00.353-0400][gc,task        ] GC(369617) Using 4 workers of 4 for evacuation
[2020-12-23T03:08:00.358-0400][gc,phases      ] GC(369617)   Pre Evacuate Collection Set: 0.0ms
[2020-12-23T03:08:00.358-0400][gc,phases      ] GC(369617)   Evacuate Collection Set: 3.3ms
[2020-12-23T03:08:00.358-0400][gc,phases      ] GC(369617)   Post Evacuate Collection Set: 2.0ms
[2020-12-23T03:08:00.359-0400][gc,phases      ] GC(369617)   Other: 0.8ms
[2020-12-23T03:08:00.359-0400][gc,heap        ] GC(369617) Eden regions: 10->0(10)
[2020-12-23T03:08:00.359-0400][gc,heap        ] GC(369617) Survivor regions: 1->1(2)
[2020-12-23T03:08:00.359-0400][gc,heap        ] GC(369617) Old regions: 46->46
[2020-12-23T03:08:00.359-0400][gc,heap        ] GC(369617) Humongous regions: 4->4
[2020-12-23T03:08:00.359-0400][gc,metaspace   ] GC(369617) Metaspace: 61007K->61007K(1107968K)
[2020-12-23T03:08:00.359-0400][gc,heap        ] GC(369617) Heap after GC invocations=369594 (full 10718): garbage-first heap   total 71680K, used 48952K [0x0000000083000000, 0x0000000100000000)
[2020-12-23T03:08:00.359-0400][gc,heap        ] GC(369617)   region size 1024K, 1 young (1024K), 1 survivors (1024K)
[2020-12-23T03:08:00.359-0400][gc,heap        ] GC(369617)  Metaspace       used 61007K, capacity 63721K, committed 64768K, reserved 1107968K
[2020-12-23T03:08:00.359-0400][gc,heap        ] GC(369617)   class space    used 5712K, capacity 6559K, committed 6912K, reserved 1048576K
[2020-12-23T03:08:00.359-0400][gc             ] GC(369617) Pause Young (Normal) (G1 Evacuation Pause) 57M->47M(70M) 6.531ms
[2020-12-23T03:08:00.359-0400][gc,cpu         ] GC(369617) User=0.02s Sys=0.00s Real=0.01s
[2020-12-23T03:08:13.508-0400][gc,heap        ] GC(369618) Heap before GC invocations=369594 (full 10718): garbage-first heap   total 71680K, used 58168K [0x0000000083000000, 0x0000000100000000)
[2020-12-23T03:08:13.508-0400][gc,heap        ] GC(369618)   region size 1024K, 11 young (11264K), 1 survivors (1024K)
[2020-12-23T03:08:13.509-0400][gc,heap        ] GC(369618)  Metaspace       used 61007K, capacity 63721K, committed 64768K, reserved 1107968K
[2020-12-23T03:08:13.509-0400][gc,heap        ] GC(369618)   class space    used 5712K, capacity 6559K, committed 6912K, reserved 1048576K
[2020-12-23T03:08:13.509-0400][gc,start       ] GC(369618) Pause Young (Normal) (G1 Evacuation Pause)
[2020-12-23T03:08:13.509-0400][gc,task        ] GC(369618) Using 4 workers of 4 for evacuation
[2020-12-23T03:08:13.514-0400][gc,phases      ] GC(369618)   Pre Evacuate Collection Set: 0.0ms
[2020-12-23T03:08:13.514-0400][gc,phases      ] GC(369618)   Evacuate Collection Set: 3.5ms
[2020-12-23T03:08:13.514-0400][gc,phases      ] GC(369618)   Post Evacuate Collection Set: 1.6ms
[2020-12-23T03:08:13.515-0400][gc,phases      ] GC(369618)   Other: 0.9ms
[2020-12-23T03:08:13.515-0400][gc,heap        ] GC(369618) Eden regions: 10->0(10)
[2020-12-23T03:08:13.515-0400][gc,heap        ] GC(369618) Survivor regions: 1->1(2)
[2020-12-23T03:08:13.515-0400][gc,heap        ] GC(369618) Old regions: 46->46
[2020-12-23T03:08:13.515-0400][gc,heap        ] GC(369618) Humongous regions: 4->4
[2020-12-23T03:08:13.515-0400][gc,metaspace   ] GC(369618) Metaspace: 61007K->61007K(1107968K)
[2020-12-23T03:08:13.515-0400][gc,heap        ] GC(369618) Heap after GC invocations=369595 (full 10718): garbage-first heap   total 71680K, used 48945K [0x0000000083000000, 0x0000000100000000)
[2020-12-23T03:08:13.515-0400][gc,heap        ] GC(369618)   region size 1024K, 1 young (1024K), 1 survivors (1024K)
[2020-12-23T03:08:13.515-0400][gc,heap        ] GC(369618)  Metaspace       used 61007K, capacity 63721K, committed 64768K, reserved 1107968K
[2020-12-23T03:08:13.515-0400][gc,heap        ] GC(369618)   class space    used 5712K, capacity 6559K, committed 6912K, reserved 1048576K
[2020-12-23T03:08:13.515-0400][gc             ] GC(369618) Pause Young (Normal) (G1 Evacuation Pause) 57M->47M(70M) 6.409ms
[2020-12-23T03:08:13.515-0400][gc,cpu         ] GC(369618) User=0.01s Sys=0.01s Real=0.00s
[2020-12-23T03:08:50.528-0400][gc,heap        ] GC(369619) Heap before GC invocations=369595 (full 10718): garbage-first heap   total 71680K, used 58161K [0x0000000083000000, 0x0000000100000000)
[2020-12-23T03:08:50.528-0400][gc,heap        ] GC(369619)   region size 1024K, 11 young (11264K), 1 survivors (1024K)
[2020-12-23T03:08:50.528-0400][gc,heap        ] GC(369619)  Metaspace       used 61007K, capacity 63721K, committed 64768K, reserved 1107968K
[2020-12-23T03:08:50.528-0400][gc,heap        ] GC(369619)   class space    used 5712K, capacity 6559K, committed 6912K, reserved 1048576K
[2020-12-23T03:08:50.528-0400][gc,start       ] GC(369619) Pause Young (Normal) (G1 Evacuation Pause)
[2020-12-23T03:08:50.528-0400][gc,task        ] GC(369619) Using 4 workers of 4 for evacuation
[2020-12-23T03:08:50.534-0400][gc,phases      ] GC(369619)   Pre Evacuate Collection Set: 0.0ms
[2020-12-23T03:08:50.534-0400][gc,phases      ] GC(369619)   Evacuate Collection Set: 3.2ms
[2020-12-23T03:08:50.534-0400][gc,phases      ] GC(369619)   Post Evacuate Collection Set: 1.6ms
[2020-12-23T03:08:50.534-0400][gc,phases      ] GC(369619)   Other: 1.0ms
[2020-12-23T03:08:50.534-0400][gc,heap        ] GC(369619) Eden regions: 10->0(10)
[2020-12-23T03:08:50.534-0400][gc,heap        ] GC(369619) Survivor regions: 1->1(2)
[2020-12-23T03:08:50.534-0400][gc,heap        ] GC(369619) Old regions: 46->46
[2020-12-23T03:08:50.534-0400][gc,heap        ] GC(369619) Humongous regions: 4->4
[2020-12-23T03:08:50.534-0400][gc,metaspace   ] GC(369619) Metaspace: 61007K->61007K(1107968K)
[2020-12-23T03:08:50.534-0400][gc,heap        ] GC(369619) Heap after GC invocations=369596 (full 10718): garbage-first heap   total 71680K, used 48964K [0x0000000083000000, 0x0000000100000000)
[2020-12-23T03:08:50.534-0400][gc,heap        ] GC(369619)   region size 1024K, 1 young (1024K), 1 survivors (1024K)
[2020-12-23T03:08:50.534-0400][gc,heap        ] GC(369619)  Metaspace       used 61007K, capacity 63721K, committed 64768K, reserved 1107968K
[2020-12-23T03:08:50.534-0400][gc,heap        ] GC(369619)   class space    used 5712K, capacity 6559K, committed 6912K, reserved 1048576K
[2020-12-23T03:08:50.534-0400][gc             ] GC(369619) Pause Young (Normal) (G1 Evacuation Pause) 57M->47M(70M) 6.081ms
[2020-12-23T03:08:50.535-0400][gc,cpu         ] GC(369619) User=0.01s Sys=0.00s Real=0.00s
[2020-12-23T03:09:15.585-0400][gc,heap        ] GC(369620) Heap before GC invocations=369596 (full 10718): garbage-first heap   total 71680K, used 58180K [0x0000000083000000, 0x0000000100000000)
[2020-12-23T03:09:15.585-0400][gc,heap        ] GC(369620)   region size 1024K, 11 young (11264K), 1 survivors (1024K)
[2020-12-23T03:09:15.585-0400][gc,heap        ] GC(369620)  Metaspace       used 61007K, capacity 63721K, committed 64768K, reserved 1107968K
[2020-12-23T03:09:15.585-0400][gc,heap        ] GC(369620)   class space    used 5712K, capacity 6559K, committed 6912K, reserved 1048576K
[2020-12-23T03:09:15.586-0400][gc,start       ] GC(369620) Pause Young (Normal) (G1 Evacuation Pause)
[2020-12-23T03:09:15.586-0400][gc,task        ] GC(369620) Using 4 workers of 4 for evacuation
[2020-12-23T03:09:15.591-0400][gc,phases      ] GC(369620)   Pre Evacuate Collection Set: 0.0ms
[2020-12-23T03:09:15.592-0400][gc,phases      ] GC(369620)   Evacuate Collection Set: 3.4ms
[2020-12-23T03:09:15.592-0400][gc,phases      ] GC(369620)   Post Evacuate Collection Set: 1.8ms
[2020-12-23T03:09:15.592-0400][gc,phases      ] GC(369620)   Other: 1.0ms
[2020-12-23T03:09:15.592-0400][gc,heap        ] GC(369620) Eden regions: 10->0(10)
[2020-12-23T03:09:15.592-0400][gc,heap        ] GC(369620) Survivor regions: 1->1(2)
[2020-12-23T03:09:15.592-0400][gc,heap        ] GC(369620) Old regions: 46->46
[2020-12-23T03:09:15.592-0400][gc,heap        ] GC(369620) Humongous regions: 4->4
[2020-12-23T03:09:15.592-0400][gc,metaspace   ] GC(369620) Metaspace: 61007K->61007K(1107968K)
[2020-12-23T03:09:15.592-0400][gc,heap        ] GC(369620) Heap after GC invocations=369597 (full 10718): garbage-first heap   total 71680K, used 49052K [0x0000000083000000, 0x0000000100000000)
[2020-12-23T03:09:15.592-0400][gc,heap        ] GC(369620)   region size 1024K, 1 young (1024K), 1 survivors (1024K)
[2020-12-23T03:09:15.592-0400][gc,heap        ] GC(369620)  Metaspace       used 61007K, capacity 63721K, committed 64768K, reserved 1107968K
[2020-12-23T03:09:15.592-0400][gc,heap        ] GC(369620)   class space    used 5712K, capacity 6559K, committed 6912K, reserved 1048576K
[2020-12-23T03:09:15.592-0400][gc             ] GC(369620) Pause Young (Normal) (G1 Evacuation Pause) 57M->47M(70M) 6.685ms
[2020-12-23T03:09:15.592-0400][gc,cpu         ] GC(369620) User=0.01s Sys=0.01s Real=0.00s
[2020-12-23T03:09:53.877-0400][gc,heap        ] GC(369621) Heap before GC invocations=369597 (full 10718): garbage-first heap   total 71680K, used 58268K [0x0000000083000000, 0x0000000100000000)
[2020-12-23T03:09:53.877-0400][gc,heap        ] GC(369621)   region size 1024K, 11 young (11264K), 1 survivors (1024K)
[2020-12-23T03:09:53.877-0400][gc,heap        ] GC(369621)  Metaspace       used 61007K, capacity 63721K, committed 64768K, reserved 1107968K
[2020-12-23T03:09:53.877-0400][gc,heap        ] GC(369621)   class space    used 5712K, capacity 6559K, committed 6912K, reserved 1048576K
[2020-12-23T03:09:53.877-0400][gc,start       ] GC(369621) Pause Young (Normal) (G1 Evacuation Pause)
[2020-12-23T03:09:53.878-0400][gc,task        ] GC(369621) Using 4 workers of 4 for evacuation
[2020-12-23T03:09:53.883-0400][gc,phases      ] GC(369621)   Pre Evacuate Collection Set: 0.0ms
[2020-12-23T03:09:53.883-0400][gc,phases      ] GC(369621)   Evacuate Collection Set: 3.4ms
[2020-12-23T03:09:53.883-0400][gc,phases      ] GC(369621)   Post Evacuate Collection Set: 1.5ms
[2020-12-23T03:09:53.883-0400][gc,phases      ] GC(369621)   Other: 0.8ms
[2020-12-23T03:09:53.883-0400][gc,heap        ] GC(369621) Eden regions: 10->0(10)
[2020-12-23T03:09:53.883-0400][gc,heap        ] GC(369621) Survivor regions: 1->1(2)
[2020-12-23T03:09:53.883-0400][gc,heap        ] GC(369621) Old regions: 46->46
[2020-12-23T03:09:53.883-0400][gc,heap        ] GC(369621) Humongous regions: 4->4
[2020-12-23T03:09:53.883-0400][gc,metaspace   ] GC(369621) Metaspace: 61007K->61007K(1107968K)
[2020-12-23T03:09:53.883-0400][gc,heap        ] GC(369621) Heap after GC invocations=369598 (full 10718): garbage-first heap   total 71680K, used 49015K [0x0000000083000000, 0x0000000100000000)
[2020-12-23T03:09:53.883-0400][gc,heap        ] GC(369621)   region size 1024K, 1 young (1024K), 1 survivors (1024K)
[2020-12-23T03:09:53.883-0400][gc,heap        ] GC(369621)  Metaspace       used 61007K, capacity 63721K, committed 64768K, reserved 1107968K
[2020-12-23T03:09:53.883-0400][gc,heap        ] GC(369621)   class space    used 5712K, capacity 6559K, committed 6912K, reserved 1048576K
[2020-12-23T03:09:53.884-0400][gc             ] GC(369621) Pause Young (Normal) (G1 Evacuation Pause) 57M->47M(70M) 6.083ms
[2020-12-23T03:09:53.884-0400][gc,cpu         ] GC(369621) User=0.01s Sys=0.01s Real=0.00s
[2020-12-23T03:10:21.683-0400][gc,heap        ] GC(369622) Heap before GC invocations=369598 (full 10718): garbage-first heap   total 71680K, used 58231K [0x0000000083000000, 0x0000000100000000)
[2020-12-23T03:10:21.684-0400][gc,heap        ] GC(369622)   region size 1024K, 11 young (11264K), 1 survivors (1024K)
[2020-12-23T03:10:21.684-0400][gc,heap        ] GC(369622)  Metaspace       used 61007K, capacity 63721K, committed 64768K, reserved 1107968K
[2020-12-23T03:10:21.684-0400][gc,heap        ] GC(369622)   class space    used 5712K, capacity 6559K, committed 6912K, reserved 1048576K
[2020-12-23T03:10:21.684-0400][gc,start       ] GC(369622) Pause Young (Normal) (G1 Evacuation Pause)
[2020-12-23T03:10:21.684-0400][gc,task        ] GC(369622) Using 4 workers of 4 for evacuation
[2020-12-23T03:10:21.690-0400][gc,phases      ] GC(369622)   Pre Evacuate Collection Set: 0.0ms
[2020-12-23T03:10:21.690-0400][gc,phases      ] GC(369622)   Evacuate Collection Set: 3.4ms
[2020-12-23T03:10:21.690-0400][gc,phases      ] GC(369622)   Post Evacuate Collection Set: 1.9ms
[2020-12-23T03:10:21.690-0400][gc,phases      ] GC(369622)   Other: 1.0ms
[2020-12-23T03:10:21.690-0400][gc,heap        ] GC(369622) Eden regions: 10->0(10)
[2020-12-23T03:10:21.690-0400][gc,heap        ] GC(369622) Survivor regions: 1->1(2)
[2020-12-23T03:10:21.690-0400][gc,heap        ] GC(369622) Old regions: 46->46
[2020-12-23T03:10:21.690-0400][gc,heap        ] GC(369622) Humongous regions: 4->4
[2020-12-23T03:10:21.690-0400][gc,metaspace   ] GC(369622) Metaspace: 61007K->61007K(1107968K)
[2020-12-23T03:10:21.690-0400][gc,heap        ] GC(369622) Heap after GC invocations=369599 (full 10718): garbage-first heap   total 71680K, used 49028K [0x0000000083000000, 0x0000000100000000)
[2020-12-23T03:10:21.690-0400][gc,heap        ] GC(369622)   region size 1024K, 1 young (1024K), 1 survivors (1024K)
[2020-12-23T03:10:21.690-0400][gc,heap        ] GC(369622)  Metaspace       used 61007K, capacity 63721K, committed 64768K, reserved 1107968K
[2020-12-23T03:10:21.690-0400][gc,heap        ] GC(369622)   class space    used 5712K, capacity 6559K, committed 6912K, reserved 1048576K
[2020-12-23T03:10:21.690-0400][gc             ] GC(369622) Pause Young (Normal) (G1 Evacuation Pause) 57M->47M(70M) 6.580ms
[2020-12-23T03:10:21.691-0400][gc,cpu         ] GC(369622) User=0.01s Sys=0.00s Real=0.01s
[2020-12-23T03:10:39.622-0400][gc,heap        ] GC(369623) Heap before GC invocations=369599 (full 10718): garbage-first heap   total 71680K, used 58244K [0x0000000083000000, 0x0000000100000000)
[2020-12-23T03:10:39.622-0400][gc,heap        ] GC(369623)   region size 1024K, 11 young (11264K), 1 survivors (1024K)
[2020-12-23T03:10:39.622-0400][gc,heap        ] GC(369623)  Metaspace       used 61007K, capacity 63721K, committed 64768K, reserved 1107968K
[2020-12-23T03:10:39.622-0400][gc,heap        ] GC(369623)   class space    used 5712K, capacity 6559K, committed 6912K, reserved 1048576K
[2020-12-23T03:10:39.623-0400][gc,start       ] GC(369623) Pause Young (Normal) (G1 Evacuation Pause)
[2020-12-23T03:10:39.623-0400][gc,task        ] GC(369623) Using 4 workers of 4 for evacuation
[2020-12-23T03:10:39.628-0400][gc,phases      ] GC(369623)   Pre Evacuate Collection Set: 0.0ms
[2020-12-23T03:10:39.628-0400][gc,phases      ] GC(369623)   Evacuate Collection Set: 3.3ms
[2020-12-23T03:10:39.628-0400][gc,phases      ] GC(369623)   Post Evacuate Collection Set: 1.6ms
[2020-12-23T03:10:39.628-0400][gc,phases      ] GC(369623)   Other: 0.8ms
[2020-12-23T03:10:39.628-0400][gc,heap        ] GC(369623) Eden regions: 10->0(10)
[2020-12-23T03:10:39.628-0400][gc,heap        ] GC(369623) Survivor regions: 1->1(2)
[2020-12-23T03:10:39.628-0400][gc,heap        ] GC(369623) Old regions: 46->46
[2020-12-23T03:10:39.628-0400][gc,heap        ] GC(369623) Humongous regions: 4->4
[2020-12-23T03:10:39.628-0400][gc,metaspace   ] GC(369623) Metaspace: 61007K->61007K(1107968K)
[2020-12-23T03:10:39.628-0400][gc,heap        ] GC(369623) Heap after GC invocations=369600 (full 10718): garbage-first heap   total 71680K, used 48996K [0x0000000083000000, 0x0000000100000000)
[2020-12-23T03:10:39.629-0400][gc,heap        ] GC(369623)   region size 1024K, 1 young (1024K), 1 survivors (1024K)
[2020-12-23T03:10:39.629-0400][gc,heap        ] GC(369623)  Metaspace       used 61007K, capacity 63721K, committed 64768K, reserved 1107968K
[2020-12-23T03:10:39.629-0400][gc,heap        ] GC(369623)   class space    used 5712K, capacity 6559K, committed 6912K, reserved 1048576K
[2020-12-23T03:10:39.629-0400][gc             ] GC(369623) Pause Young (Normal) (G1 Evacuation Pause) 57M->47M(70M) 6.289ms
[2020-12-23T03:10:39.629-0400][gc,cpu         ] GC(369623) User=0.01s Sys=0.02s Real=0.01s
[2020-12-23T03:11:06.544-0400][gc,heap        ] GC(369624) Heap before GC invocations=369600 (full 10718): garbage-first heap   total 71680K, used 58212K [0x0000000083000000, 0x0000000100000000)
[2020-12-23T03:11:06.544-0400][gc,heap        ] GC(369624)   region size 1024K, 11 young (11264K), 1 survivors (1024K)
[2020-12-23T03:11:06.544-0400][gc,heap        ] GC(369624)  Metaspace       used 61007K, capacity 63721K, committed 64768K, reserved 1107968K
[2020-12-23T03:11:06.544-0400][gc,heap        ] GC(369624)   class space    used 5712K, capacity 6559K, committed 6912K, reserved 1048576K
[2020-12-23T03:11:06.544-0400][gc,start       ] GC(369624) Pause Young (Normal) (G1 Evacuation Pause)
[2020-12-23T03:11:06.544-0400][gc,task        ] GC(369624) Using 4 workers of 4 for evacuation
[2020-12-23T03:11:06.551-0400][gc,phases      ] GC(369624)   Pre Evacuate Collection Set: 0.0ms
[2020-12-23T03:11:06.551-0400][gc,phases      ] GC(369624)   Evacuate Collection Set: 4.1ms
[2020-12-23T03:11:06.551-0400][gc,phases      ] GC(369624)   Post Evacuate Collection Set: 1.5ms
[2020-12-23T03:11:06.551-0400][gc,phases      ] GC(369624)   Other: 0.9ms
[2020-12-23T03:11:06.551-0400][gc,heap        ] GC(369624) Eden regions: 10->0(10)
[2020-12-23T03:11:06.551-0400][gc,heap        ] GC(369624) Survivor regions: 1->1(2)
[2020-12-23T03:11:06.551-0400][gc,heap        ] GC(369624) Old regions: 46->46
[2020-12-23T03:11:06.551-0400][gc,heap        ] GC(369624) Humongous regions: 4->4
[2020-12-23T03:11:06.551-0400][gc,metaspace   ] GC(369624) Metaspace: 61007K->61007K(1107968K)
[2020-12-23T03:11:06.551-0400][gc,heap        ] GC(369624) Heap after GC invocations=369601 (full 10718): garbage-first heap   total 71680K, used 49237K [0x0000000083000000, 0x0000000100000000)
[2020-12-23T03:11:06.551-0400][gc,heap        ] GC(369624)   region size 1024K, 1 young (1024K), 1 survivors (1024K)
[2020-12-23T03:11:06.551-0400][gc,heap        ] GC(369624)  Metaspace       used 61007K, capacity 63721K, committed 64768K, reserved 1107968K
[2020-12-23T03:11:06.551-0400][gc,heap        ] GC(369624)   class space    used 5712K, capacity 6559K, committed 6912K, reserved 1048576K
[2020-12-23T03:11:06.551-0400][gc             ] GC(369624) Pause Young (Normal) (G1 Evacuation Pause) 57M->48M(70M) 6.938ms
[2020-12-23T03:11:06.551-0400][gc,cpu         ] GC(369624) User=0.02s Sys=0.00s Real=0.01s
[2020-12-23T03:11:36.919-0400][gc,heap        ] GC(369625) Heap before GC invocations=369601 (full 10718): garbage-first heap   total 71680K, used 58453K [0x0000000083000000, 0x0000000100000000)
[2020-12-23T03:11:36.919-0400][gc,heap        ] GC(369625)   region size 1024K, 11 young (11264K), 1 survivors (1024K)
[2020-12-23T03:11:36.919-0400][gc,heap        ] GC(369625)  Metaspace       used 61007K, capacity 63721K, committed 64768K, reserved 1107968K
[2020-12-23T03:11:36.919-0400][gc,heap        ] GC(369625)   class space    used 5712K, capacity 6559K, committed 6912K, reserved 1048576K
[2020-12-23T03:11:36.919-0400][gc,start       ] GC(369625) Pause Young (Normal) (G1 Evacuation Pause)
[2020-12-23T03:11:36.919-0400][gc,task        ] GC(369625) Using 4 workers of 4 for evacuation
[2020-12-23T03:11:36.925-0400][gc,phases      ] GC(369625)   Pre Evacuate Collection Set: 0.0ms
[2020-12-23T03:11:36.925-0400][gc,phases      ] GC(369625)   Evacuate Collection Set: 4.1ms
[2020-12-23T03:11:36.925-0400][gc,phases      ] GC(369625)   Post Evacuate Collection Set: 1.6ms
[2020-12-23T03:11:36.926-0400][gc,phases      ] GC(369625)   Other: 0.8ms
[2020-12-23T03:11:36.926-0400][gc,heap        ] GC(369625) Eden regions: 10->0(10)
[2020-12-23T03:11:36.926-0400][gc,heap        ] GC(369625) Survivor regions: 1->1(2)
[2020-12-23T03:11:36.926-0400][gc,heap        ] GC(369625) Old regions: 46->46
[2020-12-23T03:11:36.926-0400][gc,heap        ] GC(369625) Humongous regions: 4->4
[2020-12-23T03:11:36.926-0400][gc,metaspace   ] GC(369625) Metaspace: 61007K->61007K(1107968K)
[2020-12-23T03:11:36.926-0400][gc,heap        ] GC(369625) Heap after GC invocations=369602 (full 10718): garbage-first heap   total 71680K, used 49281K [0x0000000083000000, 0x0000000100000000)
[2020-12-23T03:11:36.926-0400][gc,heap        ] GC(369625)   region size 1024K, 1 young (1024K), 1 survivors (1024K)
[2020-12-23T03:11:36.926-0400][gc,heap        ] GC(369625)  Metaspace       used 61007K, capacity 63721K, committed 64768K, reserved 1107968K
[2020-12-23T03:11:36.926-0400][gc,heap        ] GC(369625)   class space    used 5712K, capacity 6559K, committed 6912K, reserved 1048576K
[2020-12-23T03:11:36.926-0400][gc             ] GC(369625) Pause Young (Normal) (G1 Evacuation Pause) 58M->48M(70M) 6.953ms
[2020-12-23T03:11:36.926-0400][gc,cpu         ] GC(369625) User=0.01s Sys=0.00s Real=0.01s
[2020-12-23T03:11:50.924-0400][gc,task        ] GC(369626) Using 3 workers of 4 for full compaction
[2020-12-23T03:11:50.924-0400][gc,start       ] GC(369626) Pause Full (System.gc())
[2020-12-23T03:11:50.924-0400][gc,heap        ] GC(369626) Heap before GC invocations=369602 (full 10718): garbage-first heap   total 71680K, used 51329K [0x0000000083000000, 0x0000000100000000)
[2020-12-23T03:11:50.924-0400][gc,heap        ] GC(369626)   region size 1024K, 5 young (5120K), 1 survivors (1024K)
[2020-12-23T03:11:50.924-0400][gc,heap        ] GC(369626)  Metaspace       used 61007K, capacity 63721K, committed 64768K, reserved 1107968K
[2020-12-23T03:11:50.924-0400][gc,heap        ] GC(369626)   class space    used 5712K, capacity 6559K, committed 6912K, reserved 1048576K
[2020-12-23T03:11:50.926-0400][gc,phases,start] GC(369626) Phase 1: Mark live objects
[2020-12-23T03:11:51.073-0400][gc,stringtable ] GC(369626) Cleaned string and symbol table, strings: 32200 processed, 0 removed, symbols: 131451 processed, 0 removed
[2020-12-23T03:11:51.074-0400][gc,phases      ] GC(369626) Phase 1: Mark live objects 147.338ms
[2020-12-23T03:11:51.074-0400][gc,phases,start] GC(369626) Phase 2: Prepare for compaction
[2020-12-23T03:11:51.103-0400][gc,phases      ] GC(369626) Phase 2: Prepare for compaction 29.589ms
[2020-12-23T03:11:51.103-0400][gc,phases,start] GC(369626) Phase 3: Adjust pointers
[2020-12-23T03:11:51.182-0400][gc,phases      ] GC(369626) Phase 3: Adjust pointers 78.840ms
[2020-12-23T03:11:51.182-0400][gc,phases,start] GC(369626) Phase 4: Compact heap
[2020-12-23T03:11:51.203-0400][gc,phases      ] GC(369626) Phase 4: Compact heap 20.555ms
[2020-12-23T03:11:51.238-0400][gc,heap        ] GC(369626) Eden regions: 4->0(11)
[2020-12-23T03:11:51.238-0400][gc,heap        ] GC(369626) Survivor regions: 1->0(2)
[2020-12-23T03:11:51.238-0400][gc,heap        ] GC(369626) Old regions: 46->45
[2020-12-23T03:11:51.238-0400][gc,heap        ] GC(369626) Humongous regions: 4->4
[2020-12-23T03:11:51.238-0400][gc,metaspace   ] GC(369626) Metaspace: 61007K->61007K(1107968K)
[2020-12-23T03:11:51.238-0400][gc,heap        ] GC(369626) Heap after GC invocations=369603 (full 10719): garbage-first heap   total 71680K, used 48555K [0x0000000083000000, 0x0000000100000000)
[2020-12-23T03:11:51.238-0400][gc,heap        ] GC(369626)   region size 1024K, 0 young (0K), 0 survivors (0K)
[2020-12-23T03:11:51.239-0400][gc,heap        ] GC(369626)  Metaspace       used 61007K, capacity 63721K, committed 64768K, reserved 1107968K
[2020-12-23T03:11:51.239-0400][gc,heap        ] GC(369626)   class space    used 5712K, capacity 6559K, committed 6912K, reserved 1048576K
[2020-12-23T03:11:51.239-0400][gc             ] GC(369626) Pause Full (System.gc()) 51M->47M(70M) 314.964ms
[2020-12-23T03:11:51.239-0400][gc,cpu         ] GC(369626) User=0.86s Sys=0.00s Real=0.32s
[2020-12-23T03:12:27.447-0400][gc,heap        ] GC(369627) Heap before GC invocations=369603 (full 10719): garbage-first heap   total 71680K, used 58795K [0x0000000083000000, 0x0000000100000000)
[2020-12-23T03:12:27.447-0400][gc,heap        ] GC(369627)   region size 1024K, 11 young (11264K), 0 survivors (0K)
[2020-12-23T03:12:27.447-0400][gc,heap        ] GC(369627)  Metaspace       used 61007K, capacity 63721K, committed 64768K, reserved 1107968K
[2020-12-23T03:12:27.447-0400][gc,heap        ] GC(369627)   class space    used 5712K, capacity 6559K, committed 6912K, reserved 1048576K
[2020-12-23T03:12:27.447-0400][gc,start       ] GC(369627) Pause Young (Normal) (G1 Evacuation Pause)
[2020-12-23T03:12:27.447-0400][gc,task        ] GC(369627) Using 4 workers of 4 for evacuation
[2020-12-23T03:12:27.453-0400][gc,phases      ] GC(369627)   Pre Evacuate Collection Set: 0.0ms
[2020-12-23T03:12:27.453-0400][gc,phases      ] GC(369627)   Evacuate Collection Set: 3.0ms
[2020-12-23T03:12:27.453-0400][gc,phases      ] GC(369627)   Post Evacuate Collection Set: 2.0ms
[2020-12-23T03:12:27.453-0400][gc,phases      ] GC(369627)   Other: 0.9ms
[2020-12-23T03:12:27.453-0400][gc,heap        ] GC(369627) Eden regions: 11->0(11)
[2020-12-23T03:12:27.453-0400][gc,heap        ] GC(369627) Survivor regions: 0->1(2)
[2020-12-23T03:12:27.453-0400][gc,heap        ] GC(369627) Old regions: 45->45
[2020-12-23T03:12:27.453-0400][gc,heap        ] GC(369627) Humongous regions: 4->4
[2020-12-23T03:12:27.453-0400][gc,metaspace   ] GC(369627) Metaspace: 61007K->61007K(1107968K)
[2020-12-23T03:12:27.453-0400][gc,heap        ] GC(369627) Heap after GC invocations=369604 (full 10719): garbage-first heap   total 71680K, used 48925K [0x0000000083000000, 0x0000000100000000)
[2020-12-23T03:12:27.453-0400][gc,heap        ] GC(369627)   region size 1024K, 1 young (1024K), 1 survivors (1024K)
[2020-12-23T03:12:27.453-0400][gc,heap        ] GC(369627)  Metaspace       used 61007K, capacity 63721K, committed 64768K, reserved 1107968K
[2020-12-23T03:12:27.453-0400][gc,heap        ] GC(369627)   class space    used 5712K, capacity 6559K, committed 6912K, reserved 1048576K
[2020-12-23T03:12:27.453-0400][gc             ] GC(369627) Pause Young (Normal) (G1 Evacuation Pause) 58M->47M(70M) 6.305ms
[2020-12-23T03:12:27.454-0400][gc,cpu         ] GC(369627) User=0.02s Sys=0.00s Real=0.00s
[2020-12-23T03:13:07.769-0400][gc,heap        ] GC(369628) Heap before GC invocations=369604 (full 10719): garbage-first heap   total 71680K, used 60189K [0x0000000083000000, 0x0000000100000000)
[2020-12-23T03:13:07.769-0400][gc,heap        ] GC(369628)   region size 1024K, 12 young (12288K), 1 survivors (1024K)
[2020-12-23T03:13:07.769-0400][gc,heap        ] GC(369628)  Metaspace       used 61007K, capacity 63721K, committed 64768K, reserved 1107968K
[2020-12-23T03:13:07.769-0400][gc,heap        ] GC(369628)   class space    used 5712K, capacity 6559K, committed 6912K, reserved 1048576K
[2020-12-23T03:13:07.769-0400][gc,start       ] GC(369628) Pause Young (Normal) (G1 Evacuation Pause)
[2020-12-23T03:13:07.769-0400][gc,task        ] GC(369628) Using 4 workers of 4 for evacuation
[2020-12-23T03:13:07.774-0400][gc,phases      ] GC(369628)   Pre Evacuate Collection Set: 0.0ms
[2020-12-23T03:13:07.775-0400][gc,phases      ] GC(369628)   Evacuate Collection Set: 3.2ms
[2020-12-23T03:13:07.775-0400][gc,phases      ] GC(369628)   Post Evacuate Collection Set: 1.8ms
[2020-12-23T03:13:07.775-0400][gc,phases      ] GC(369628)   Other: 0.8ms
[2020-12-23T03:13:07.775-0400][gc,heap        ] GC(369628) Eden regions: 11->0(11)
[2020-12-23T03:13:07.775-0400][gc,heap        ] GC(369628) Survivor regions: 1->1(2)
[2020-12-23T03:13:07.775-0400][gc,heap        ] GC(369628) Old regions: 45->45
[2020-12-23T03:13:07.775-0400][gc,heap        ] GC(369628) Humongous regions: 4->4
[2020-12-23T03:13:07.775-0400][gc,metaspace   ] GC(369628) Metaspace: 61007K->61007K(1107968K)
[2020-12-23T03:13:07.775-0400][gc,heap        ] GC(369628) Heap after GC invocations=369605 (full 10719): garbage-first heap   total 71680K, used 48982K [0x0000000083000000, 0x0000000100000000)
[2020-12-23T03:13:07.775-0400][gc,heap        ] GC(369628)   region size 1024K, 1 young (1024K), 1 survivors (1024K)
[2020-12-23T03:13:07.775-0400][gc,heap        ] GC(369628)  Metaspace       used 61007K, capacity 63721K, committed 64768K, reserved 1107968K
[2020-12-23T03:13:07.775-0400][gc,heap        ] GC(369628)   class space    used 5712K, capacity 6559K, committed 6912K, reserved 1048576K
[2020-12-23T03:13:07.775-0400][gc             ] GC(369628) Pause Young (Normal) (G1 Evacuation Pause) 58M->47M(70M) 6.367ms
[2020-12-23T03:13:07.775-0400][gc,cpu         ] GC(369628) User=0.01s Sys=0.00s Real=0.00s
[2020-12-23T03:13:43.893-0400][gc,heap        ] GC(369629) Heap before GC invocations=369605 (full 10719): garbage-first heap   total 71680K, used 59222K [0x0000000083000000, 0x0000000100000000)
[2020-12-23T03:13:43.893-0400][gc,heap        ] GC(369629)   region size 1024K, 12 young (12288K), 1 survivors (1024K)
[2020-12-23T03:13:43.893-0400][gc,heap        ] GC(369629)  Metaspace       used 61007K, capacity 63721K, committed 64768K, reserved 1107968K
[2020-12-23T03:13:43.893-0400][gc,heap        ] GC(369629)   class space    used 5712K, capacity 6559K, committed 6912K, reserved 1048576K
[2020-12-23T03:13:43.893-0400][gc,start       ] GC(369629) Pause Young (Normal) (G1 Evacuation Pause)
[2020-12-23T03:13:43.893-0400][gc,task        ] GC(369629) Using 4 workers of 4 for evacuation
[2020-12-23T03:13:43.899-0400][gc,phases      ] GC(369629)   Pre Evacuate Collection Set: 0.0ms
[2020-12-23T03:13:43.899-0400][gc,phases      ] GC(369629)   Evacuate Collection Set: 3.3ms
[2020-12-23T03:13:43.899-0400][gc,phases      ] GC(369629)   Post Evacuate Collection Set: 1.7ms
[2020-12-23T03:13:43.899-0400][gc,phases      ] GC(369629)   Other: 0.8ms
[2020-12-23T03:13:43.899-0400][gc,heap        ] GC(369629) Eden regions: 11->0(11)
[2020-12-23T03:13:43.899-0400][gc,heap        ] GC(369629) Survivor regions: 1->1(2)
[2020-12-23T03:13:43.899-0400][gc,heap        ] GC(369629) Old regions: 45->45
[2020-12-23T03:13:43.899-0400][gc,heap        ] GC(369629) Humongous regions: 4->4
[2020-12-23T03:13:43.899-0400][gc,metaspace   ] GC(369629) Metaspace: 61007K->61007K(1107968K)
[2020-12-23T03:13:43.899-0400][gc,heap        ] GC(369629) Heap after GC invocations=369606 (full 10719): garbage-first heap   total 71680K, used 48964K [0x0000000083000000, 0x0000000100000000)
[2020-12-23T03:13:43.899-0400][gc,heap        ] GC(369629)   region size 1024K, 1 young (1024K), 1 survivors (1024K)
[2020-12-23T03:13:43.899-0400][gc,heap        ] GC(369629)  Metaspace       used 61007K, capacity 63721K, committed 64768K, reserved 1107968K
[2020-12-23T03:13:43.899-0400][gc,heap        ] GC(369629)   class space    used 5712K, capacity 6559K, committed 6912K, reserved 1048576K
[2020-12-23T03:13:43.899-0400][gc             ] GC(369629) Pause Young (Normal) (G1 Evacuation Pause) 58M->47M(70M) 6.224ms
[2020-12-23T03:13:43.900-0400][gc,cpu         ] GC(369629) User=0.02s Sys=0.00s Real=0.01s
[2020-12-23T03:14:23.064-0400][gc,heap        ] GC(369630) Heap before GC invocations=369606 (full 10719): garbage-first heap   total 71680K, used 59204K [0x0000000083000000, 0x0000000100000000)
[2020-12-23T03:14:23.064-0400][gc,heap        ] GC(369630)   region size 1024K, 12 young (12288K), 1 survivors (1024K)
[2020-12-23T03:14:23.064-0400][gc,heap        ] GC(369630)  Metaspace       used 61007K, capacity 63721K, committed 64768K, reserved 1107968K
[2020-12-23T03:14:23.064-0400][gc,heap        ] GC(369630)   class space    used 5712K, capacity 6559K, committed 6912K, reserved 1048576K
[2020-12-23T03:14:23.064-0400][gc,start       ] GC(369630) Pause Young (Normal) (G1 Evacuation Pause)
[2020-12-23T03:14:23.064-0400][gc,task        ] GC(369630) Using 4 workers of 4 for evacuation
[2020-12-23T03:14:23.070-0400][gc,phases      ] GC(369630)   Pre Evacuate Collection Set: 0.1ms
[2020-12-23T03:14:23.070-0400][gc,phases      ] GC(369630)   Evacuate Collection Set: 3.2ms
[2020-12-23T03:14:23.070-0400][gc,phases      ] GC(369630)   Post Evacuate Collection Set: 1.6ms
[2020-12-23T03:14:23.070-0400][gc,phases      ] GC(369630)   Other: 0.9ms
[2020-12-23T03:14:23.070-0400][gc,heap        ] GC(369630) Eden regions: 11->0(11)
[2020-12-23T03:14:23.070-0400][gc,heap        ] GC(369630) Survivor regions: 1->1(2)
[2020-12-23T03:14:23.070-0400][gc,heap        ] GC(369630) Old regions: 45->45
[2020-12-23T03:14:23.070-0400][gc,heap        ] GC(369630) Humongous regions: 4->4
[2020-12-23T03:14:23.070-0400][gc,metaspace   ] GC(369630) Metaspace: 61007K->61007K(1107968K)
[2020-12-23T03:14:23.070-0400][gc,heap        ] GC(369630) Heap after GC invocations=369607 (full 10719): garbage-first heap   total 71680K, used 48956K [0x0000000083000000, 0x0000000100000000)
[2020-12-23T03:14:23.070-0400][gc,heap        ] GC(369630)   region size 1024K, 1 young (1024K), 1 survivors (1024K)
[2020-12-23T03:14:23.070-0400][gc,heap        ] GC(369630)  Metaspace       used 61007K, capacity 63721K, committed 64768K, reserved 1107968K
[2020-12-23T03:14:23.070-0400][gc,heap        ] GC(369630)   class space    used 5712K, capacity 6559K, committed 6912K, reserved 1048576K
[2020-12-23T03:14:23.071-0400][gc             ] GC(369630) Pause Young (Normal) (G1 Evacuation Pause) 58M->47M(70M) 6.331ms
[2020-12-23T03:14:23.071-0400][gc,cpu         ] GC(369630) User=0.01s Sys=0.01s Real=0.01s
[2020-12-23T03:14:38.383-0400][gc,heap        ] GC(369631) Heap before GC invocations=369607 (full 10719): garbage-first heap   total 71680K, used 60220K [0x0000000083000000, 0x0000000100000000)
[2020-12-23T03:14:38.384-0400][gc,heap        ] GC(369631)   region size 1024K, 12 young (12288K), 1 survivors (1024K)
[2020-12-23T03:14:38.384-0400][gc,heap        ] GC(369631)  Metaspace       used 61007K, capacity 63721K, committed 64768K, reserved 1107968K
[2020-12-23T03:14:38.384-0400][gc,heap        ] GC(369631)   class space    used 5712K, capacity 6559K, committed 6912K, reserved 1048576K
[2020-12-23T03:14:38.384-0400][gc,start       ] GC(369631) Pause Young (Normal) (G1 Evacuation Pause)
[2020-12-23T03:14:38.384-0400][gc,task        ] GC(369631) Using 4 workers of 4 for evacuation
[2020-12-23T03:14:38.389-0400][gc,phases      ] GC(369631)   Pre Evacuate Collection Set: 0.0ms
[2020-12-23T03:14:38.390-0400][gc,phases      ] GC(369631)   Evacuate Collection Set: 3.5ms
[2020-12-23T03:14:38.390-0400][gc,phases      ] GC(369631)   Post Evacuate Collection Set: 1.3ms
[2020-12-23T03:14:38.390-0400][gc,phases      ] GC(369631)   Other: 1.3ms
[2020-12-23T03:14:38.390-0400][gc,heap        ] GC(369631) Eden regions: 11->0(11)
[2020-12-23T03:14:38.390-0400][gc,heap        ] GC(369631) Survivor regions: 1->1(2)
[2020-12-23T03:14:38.390-0400][gc,heap        ] GC(369631) Old regions: 45->45
[2020-12-23T03:14:38.390-0400][gc,heap        ] GC(369631) Humongous regions: 4->4
[2020-12-23T03:14:38.390-0400][gc,metaspace   ] GC(369631) Metaspace: 61007K->61007K(1107968K)
[2020-12-23T03:14:38.390-0400][gc,heap        ] GC(369631) Heap after GC invocations=369608 (full 10719): garbage-first heap   total 71680K, used 48946K [0x0000000083000000, 0x0000000100000000)
[2020-12-23T03:14:38.390-0400][gc,heap        ] GC(369631)   region size 1024K, 1 young (1024K), 1 survivors (1024K)
[2020-12-23T03:14:38.390-0400][gc,heap        ] GC(369631)  Metaspace       used 61007K, capacity 63721K, committed 64768K, reserved 1107968K
[2020-12-23T03:14:38.390-0400][gc,heap        ] GC(369631)   class space    used 5712K, capacity 6559K, committed 6912K, reserved 1048576K
[2020-12-23T03:14:38.390-0400][gc             ] GC(369631) Pause Young (Normal) (G1 Evacuation Pause) 58M->47M(70M) 6.149ms
[2020-12-23T03:14:38.390-0400][gc,cpu         ] GC(369631) User=0.01s Sys=0.01s Real=0.01s
[2020-12-23T03:14:54.255-0400][gc,heap        ] GC(369632) Heap before GC invocations=369608 (full 10719): garbage-first heap   total 71680K, used 59186K [0x0000000083000000, 0x0000000100000000)
[2020-12-23T03:14:54.255-0400][gc,heap        ] GC(369632)   region size 1024K, 12 young (12288K), 1 survivors (1024K)
[2020-12-23T03:14:54.255-0400][gc,heap        ] GC(369632)  Metaspace       used 61007K, capacity 63721K, committed 64768K, reserved 1107968K
[2020-12-23T03:14:54.255-0400][gc,heap        ] GC(369632)   class space    used 5712K, capacity 6559K, committed 6912K, reserved 1048576K
[2020-12-23T03:14:54.255-0400][gc,start       ] GC(369632) Pause Young (Normal) (G1 Evacuation Pause)
[2020-12-23T03:14:54.255-0400][gc,task        ] GC(369632) Using 4 workers of 4 for evacuation
[2020-12-23T03:14:54.262-0400][gc,phases      ] GC(369632)   Pre Evacuate Collection Set: 0.0ms
[2020-12-23T03:14:54.262-0400][gc,phases      ] GC(369632)   Evacuate Collection Set: 4.6ms
[2020-12-23T03:14:54.262-0400][gc,phases      ] GC(369632)   Post Evacuate Collection Set: 1.5ms
[2020-12-23T03:14:54.262-0400][gc,phases      ] GC(369632)   Other: 0.9ms
[2020-12-23T03:14:54.262-0400][gc,heap        ] GC(369632) Eden regions: 11->0(10)
[2020-12-23T03:14:54.262-0400][gc,heap        ] GC(369632) Survivor regions: 1->2(2)
[2020-12-23T03:14:54.262-0400][gc,heap        ] GC(369632) Old regions: 45->45
[2020-12-23T03:14:54.262-0400][gc,heap        ] GC(369632) Humongous regions: 4->4
[2020-12-23T03:14:54.262-0400][gc,metaspace   ] GC(369632) Metaspace: 61007K->61007K(1107968K)
[2020-12-23T03:14:54.262-0400][gc,heap        ] GC(369632) Heap after GC invocations=369609 (full 10719): garbage-first heap   total 71680K, used 50087K [0x0000000083000000, 0x0000000100000000)
[2020-12-23T03:14:54.262-0400][gc,heap        ] GC(369632)   region size 1024K, 2 young (2048K), 2 survivors (2048K)
[2020-12-23T03:14:54.263-0400][gc,heap        ] GC(369632)  Metaspace       used 61007K, capacity 63721K, committed 64768K, reserved 1107968K
[2020-12-23T03:14:54.263-0400][gc,heap        ] GC(369632)   class space    used 5712K, capacity 6559K, committed 6912K, reserved 1048576K
[2020-12-23T03:14:54.263-0400][gc             ] GC(369632) Pause Young (Normal) (G1 Evacuation Pause) 58M->48M(70M) 7.408ms
[2020-12-23T03:14:54.263-0400][gc,cpu         ] GC(369632) User=0.01s Sys=0.01s Real=0.01s
[2020-12-23T03:15:19.280-0400][gc,heap        ] GC(369633) Heap before GC invocations=369609 (full 10719): garbage-first heap   total 71680K, used 59303K [0x0000000083000000, 0x0000000100000000)
[2020-12-23T03:15:19.280-0400][gc,heap        ] GC(369633)   region size 1024K, 12 young (12288K), 2 survivors (2048K)
[2020-12-23T03:15:19.280-0400][gc,heap        ] GC(369633)  Metaspace       used 61007K, capacity 63721K, committed 64768K, reserved 1107968K
[2020-12-23T03:15:19.281-0400][gc,heap        ] GC(369633)   class space    used 5712K, capacity 6559K, committed 6912K, reserved 1048576K
[2020-12-23T03:15:19.281-0400][gc,start       ] GC(369633) Pause Young (Normal) (G1 Evacuation Pause)
[2020-12-23T03:15:19.281-0400][gc,task        ] GC(369633) Using 4 workers of 4 for evacuation
[2020-12-23T03:15:19.290-0400][gc,phases      ] GC(369633)   Pre Evacuate Collection Set: 0.0ms
[2020-12-23T03:15:19.290-0400][gc,phases      ] GC(369633)   Evacuate Collection Set: 6.4ms
[2020-12-23T03:15:19.290-0400][gc,phases      ] GC(369633)   Post Evacuate Collection Set: 2.2ms
[2020-12-23T03:15:19.290-0400][gc,phases      ] GC(369633)   Other: 0.9ms
[2020-12-23T03:15:19.290-0400][gc,heap        ] GC(369633) Eden regions: 10->0(10)
[2020-12-23T03:15:19.290-0400][gc,heap        ] GC(369633) Survivor regions: 2->1(2)
[2020-12-23T03:15:19.290-0400][gc,heap        ] GC(369633) Old regions: 45->46
[2020-12-23T03:15:19.290-0400][gc,heap        ] GC(369633) Humongous regions: 4->4
[2020-12-23T03:15:19.290-0400][gc,metaspace   ] GC(369633) Metaspace: 61007K->61007K(1107968K)
[2020-12-23T03:15:19.290-0400][gc,heap        ] GC(369633) Heap after GC invocations=369610 (full 10719): garbage-first heap   total 71680K, used 49220K [0x0000000083000000, 0x0000000100000000)
[2020-12-23T03:15:19.290-0400][gc,heap        ] GC(369633)   region size 1024K, 1 young (1024K), 1 survivors (1024K)
[2020-12-23T03:15:19.290-0400][gc,heap        ] GC(369633)  Metaspace       used 61007K, capacity 63721K, committed 64768K, reserved 1107968K
[2020-12-23T03:15:19.290-0400][gc,heap        ] GC(369633)   class space    used 5712K, capacity 6559K, committed 6912K, reserved 1048576K
[2020-12-23T03:15:19.291-0400][gc             ] GC(369633) Pause Young (Normal) (G1 Evacuation Pause) 58M->48M(70M) 9.822ms
[2020-12-23T03:15:19.291-0400][gc,cpu         ] GC(369633) User=0.01s Sys=0.01s Real=0.01s
[2020-12-23T03:15:49.589-0400][gc,heap        ] GC(369634) Heap before GC invocations=369610 (full 10719): garbage-first heap   total 71680K, used 58436K [0x0000000083000000, 0x0000000100000000)
[2020-12-23T03:15:49.589-0400][gc,heap        ] GC(369634)   region size 1024K, 11 young (11264K), 1 survivors (1024K)
[2020-12-23T03:15:49.589-0400][gc,heap        ] GC(369634)  Metaspace       used 61007K, capacity 63721K, committed 64768K, reserved 1107968K
[2020-12-23T03:15:49.590-0400][gc,heap        ] GC(369634)   class space    used 5712K, capacity 6559K, committed 6912K, reserved 1048576K
[2020-12-23T03:15:49.590-0400][gc,start       ] GC(369634) Pause Young (Normal) (G1 Evacuation Pause)
[2020-12-23T03:15:49.590-0400][gc,task        ] GC(369634) Using 4 workers of 4 for evacuation
[2020-12-23T03:15:49.596-0400][gc,phases      ] GC(369634)   Pre Evacuate Collection Set: 0.0ms
[2020-12-23T03:15:49.596-0400][gc,phases      ] GC(369634)   Evacuate Collection Set: 4.0ms
[2020-12-23T03:15:49.596-0400][gc,phases      ] GC(369634)   Post Evacuate Collection Set: 1.4ms
[2020-12-23T03:15:49.596-0400][gc,phases      ] GC(369634)   Other: 1.1ms
[2020-12-23T03:15:49.596-0400][gc,heap        ] GC(369634) Eden regions: 10->0(10)
[2020-12-23T03:15:49.596-0400][gc,heap        ] GC(369634) Survivor regions: 1->1(2)
[2020-12-23T03:15:49.596-0400][gc,heap        ] GC(369634) Old regions: 46->46
[2020-12-23T03:15:49.596-0400][gc,heap        ] GC(369634) Humongous regions: 4->4
[2020-12-23T03:15:49.596-0400][gc,metaspace   ] GC(369634) Metaspace: 61007K->61007K(1107968K)
[2020-12-23T03:15:49.596-0400][gc,heap        ] GC(369634) Heap after GC invocations=369611 (full 10719): garbage-first heap   total 71680K, used 49250K [0x0000000083000000, 0x0000000100000000)
[2020-12-23T03:15:49.596-0400][gc,heap        ] GC(369634)   region size 1024K, 1 young (1024K), 1 survivors (1024K)
[2020-12-23T03:15:49.596-0400][gc,heap        ] GC(369634)  Metaspace       used 61007K, capacity 63721K, committed 64768K, reserved 1107968K
[2020-12-23T03:15:49.596-0400][gc,heap        ] GC(369634)   class space    used 5712K, capacity 6559K, committed 6912K, reserved 1048576K
[2020-12-23T03:15:49.596-0400][gc             ] GC(369634) Pause Young (Normal) (G1 Evacuation Pause) 58M->48M(70M) 6.720ms
[2020-12-23T03:15:49.597-0400][gc,cpu         ] GC(369634) User=0.01s Sys=0.00s Real=0.01s
[2020-12-23T03:16:22.531-0400][gc,heap        ] GC(369635) Heap before GC invocations=369611 (full 10719): garbage-first heap   total 71680K, used 58466K [0x0000000083000000, 0x0000000100000000)
[2020-12-23T03:16:22.531-0400][gc,heap        ] GC(369635)   region size 1024K, 11 young (11264K), 1 survivors (1024K)
[2020-12-23T03:16:22.531-0400][gc,heap        ] GC(369635)  Metaspace       used 61007K, capacity 63721K, committed 64768K, reserved 1107968K
[2020-12-23T03:16:22.531-0400][gc,heap        ] GC(369635)   class space    used 5712K, capacity 6559K, committed 6912K, reserved 1048576K
[2020-12-23T03:16:22.532-0400][gc,start       ] GC(369635) Pause Young (Normal) (G1 Evacuation Pause)
[2020-12-23T03:16:22.532-0400][gc,task        ] GC(369635) Using 4 workers of 4 for evacuation
[2020-12-23T03:16:22.538-0400][gc,phases      ] GC(369635)   Pre Evacuate Collection Set: 0.0ms
[2020-12-23T03:16:22.538-0400][gc,phases      ] GC(369635)   Evacuate Collection Set: 3.7ms
[2020-12-23T03:16:22.538-0400][gc,phases      ] GC(369635)   Post Evacuate Collection Set: 2.1ms
[2020-12-23T03:16:22.538-0400][gc,phases      ] GC(369635)   Other: 0.9ms
[2020-12-23T03:16:22.538-0400][gc,heap        ] GC(369635) Eden regions: 10->0(10)
[2020-12-23T03:16:22.538-0400][gc,heap        ] GC(369635) Survivor regions: 1->1(2)
[2020-12-23T03:16:22.538-0400][gc,heap        ] GC(369635) Old regions: 46->46
[2020-12-23T03:16:22.538-0400][gc,heap        ] GC(369635) Humongous regions: 4->4
[2020-12-23T03:16:22.538-0400][gc,metaspace   ] GC(369635) Metaspace: 61007K->61007K(1107968K)
[2020-12-23T03:16:22.538-0400][gc,heap        ] GC(369635) Heap after GC invocations=369612 (full 10719): garbage-first heap   total 71680K, used 49375K [0x0000000083000000, 0x0000000100000000)
[2020-12-23T03:16:22.538-0400][gc,heap        ] GC(369635)   region size 1024K, 1 young (1024K), 1 survivors (1024K)
[2020-12-23T03:16:22.538-0400][gc,heap        ] GC(369635)  Metaspace       used 61007K, capacity 63721K, committed 64768K, reserved 1107968K
[2020-12-23T03:16:22.539-0400][gc,heap        ] GC(369635)   class space    used 5712K, capacity 6559K, committed 6912K, reserved 1048576K
[2020-12-23T03:16:22.539-0400][gc             ] GC(369635) Pause Young (Normal) (G1 Evacuation Pause) 58M->48M(70M) 7.138ms
[2020-12-23T03:16:22.539-0400][gc,cpu         ] GC(369635) User=0.01s Sys=0.01s Real=0.01s
[2020-12-23T03:16:50.924-0400][gc,task        ] GC(369636) Using 3 workers of 4 for full compaction
[2020-12-23T03:16:50.924-0400][gc,start       ] GC(369636) Pause Full (System.gc())
[2020-12-23T03:16:50.924-0400][gc,heap        ] GC(369636) Heap before GC invocations=369612 (full 10719): garbage-first heap   total 71680K, used 54495K [0x0000000083000000, 0x0000000100000000)
[2020-12-23T03:16:50.924-0400][gc,heap        ] GC(369636)   region size 1024K, 8 young (8192K), 1 survivors (1024K)
[2020-12-23T03:16:50.924-0400][gc,heap        ] GC(369636)  Metaspace       used 61007K, capacity 63721K, committed 64768K, reserved 1107968K
[2020-12-23T03:16:50.924-0400][gc,heap        ] GC(369636)   class space    used 5712K, capacity 6559K, committed 6912K, reserved 1048576K
[2020-12-23T03:16:50.927-0400][gc,phases,start] GC(369636) Phase 1: Mark live objects
[2020-12-23T03:16:51.070-0400][gc,stringtable ] GC(369636) Cleaned string and symbol table, strings: 32201 processed, 1 removed, symbols: 131451 processed, 0 removed
[2020-12-23T03:16:51.070-0400][gc,phases      ] GC(369636) Phase 1: Mark live objects 142.988ms
[2020-12-23T03:16:51.070-0400][gc,phases,start] GC(369636) Phase 2: Prepare for compaction
[2020-12-23T03:16:51.100-0400][gc,phases      ] GC(369636) Phase 2: Prepare for compaction 30.673ms
[2020-12-23T03:16:51.101-0400][gc,phases,start] GC(369636) Phase 3: Adjust pointers
[2020-12-23T03:16:51.179-0400][gc,phases      ] GC(369636) Phase 3: Adjust pointers 78.213ms
[2020-12-23T03:16:51.179-0400][gc,phases,start] GC(369636) Phase 4: Compact heap
[2020-12-23T03:16:51.199-0400][gc,phases      ] GC(369636) Phase 4: Compact heap 20.346ms
[2020-12-23T03:16:51.235-0400][gc,heap        ] GC(369636) Eden regions: 7->0(10)
[2020-12-23T03:16:51.235-0400][gc,heap        ] GC(369636) Survivor regions: 1->0(2)
[2020-12-23T03:16:51.235-0400][gc,heap        ] GC(369636) Old regions: 46->47
[2020-12-23T03:16:51.235-0400][gc,heap        ] GC(369636) Humongous regions: 4->4
[2020-12-23T03:16:51.235-0400][gc,metaspace   ] GC(369636) Metaspace: 61007K->61007K(1107968K)
[2020-12-23T03:16:51.235-0400][gc,heap        ] GC(369636) Heap after GC invocations=369613 (full 10720): garbage-first heap   total 71680K, used 48574K [0x0000000083000000, 0x0000000100000000)
[2020-12-23T03:16:51.235-0400][gc,heap        ] GC(369636)   region size 1024K, 0 young (0K), 0 survivors (0K)
[2020-12-23T03:16:51.235-0400][gc,heap        ] GC(369636)  Metaspace       used 61007K, capacity 63721K, committed 64768K, reserved 1107968K
[2020-12-23T03:16:51.235-0400][gc,heap        ] GC(369636)   class space    used 5712K, capacity 6559K, committed 6912K, reserved 1048576K
[2020-12-23T03:16:51.236-0400][gc             ] GC(369636) Pause Full (System.gc()) 55M->47M(70M) 311.383ms
[2020-12-23T03:16:51.236-0400][gc,cpu         ] GC(369636) User=0.68s Sys=0.16s Real=0.32s
[2020-12-23T03:17:23.889-0400][gc,heap        ] GC(369637) Heap before GC invocations=369613 (full 10720): garbage-first heap   total 71680K, used 57790K [0x0000000083000000, 0x0000000100000000)
[2020-12-23T03:17:23.889-0400][gc,heap        ] GC(369637)   region size 1024K, 10 young (10240K), 0 survivors (0K)
[2020-12-23T03:17:23.889-0400][gc,heap        ] GC(369637)  Metaspace       used 61007K, capacity 63721K, committed 64768K, reserved 1107968K
[2020-12-23T03:17:23.889-0400][gc,heap        ] GC(369637)   class space    used 5712K, capacity 6559K, committed 6912K, reserved 1048576K
[2020-12-23T03:17:23.890-0400][gc,start       ] GC(369637) Pause Young (Normal) (G1 Evacuation Pause)
[2020-12-23T03:17:23.890-0400][gc,task        ] GC(369637) Using 4 workers of 4 for evacuation
[2020-12-23T03:17:23.895-0400][gc,phases      ] GC(369637)   Pre Evacuate Collection Set: 0.0ms
[2020-12-23T03:17:23.895-0400][gc,phases      ] GC(369637)   Evacuate Collection Set: 2.8ms
[2020-12-23T03:17:23.895-0400][gc,phases      ] GC(369637)   Post Evacuate Collection Set: 1.9ms
[2020-12-23T03:17:23.895-0400][gc,phases      ] GC(369637)   Other: 1.0ms
[2020-12-23T03:17:23.895-0400][gc,heap        ] GC(369637) Eden regions: 10->0(9)
[2020-12-23T03:17:23.895-0400][gc,heap        ] GC(369637) Survivor regions: 0->1(2)
[2020-12-23T03:17:23.895-0400][gc,heap        ] GC(369637) Old regions: 47->47
[2020-12-23T03:17:23.895-0400][gc,heap        ] GC(369637) Humongous regions: 4->4
[2020-12-23T03:17:23.895-0400][gc,metaspace   ] GC(369637) Metaspace: 61007K->61007K(1107968K)
[2020-12-23T03:17:23.895-0400][gc,heap        ] GC(369637) Heap after GC invocations=369614 (full 10720): garbage-first heap   total 71680K, used 48814K [0x0000000083000000, 0x0000000100000000)
[2020-12-23T03:17:23.895-0400][gc,heap        ] GC(369637)   region size 1024K, 1 young (1024K), 1 survivors (1024K)
[2020-12-23T03:17:23.895-0400][gc,heap        ] GC(369637)  Metaspace       used 61007K, capacity 63721K, committed 64768K, reserved 1107968K
[2020-12-23T03:17:23.896-0400][gc,heap        ] GC(369637)   class space    used 5712K, capacity 6559K, committed 6912K, reserved 1048576K
[2020-12-23T03:17:23.896-0400][gc             ] GC(369637) Pause Young (Normal) (G1 Evacuation Pause) 57M->47M(70M) 5.953ms
[2020-12-23T03:17:23.896-0400][gc,cpu         ] GC(369637) User=0.02s Sys=0.00s Real=0.01s
[2020-12-23T03:17:59.702-0400][gc,heap        ] GC(369638) Heap before GC invocations=369614 (full 10720): garbage-first heap   total 71680K, used 57006K [0x0000000083000000, 0x0000000100000000)
[2020-12-23T03:17:59.702-0400][gc,heap        ] GC(369638)   region size 1024K, 10 young (10240K), 1 survivors (1024K)
[2020-12-23T03:17:59.702-0400][gc,heap        ] GC(369638)  Metaspace       used 61007K, capacity 63721K, committed 64768K, reserved 1107968K
[2020-12-23T03:17:59.702-0400][gc,heap        ] GC(369638)   class space    used 5712K, capacity 6559K, committed 6912K, reserved 1048576K
[2020-12-23T03:17:59.702-0400][gc,start       ] GC(369638) Pause Young (Normal) (G1 Evacuation Pause)
[2020-12-23T03:17:59.703-0400][gc,task        ] GC(369638) Using 4 workers of 4 for evacuation
[2020-12-23T03:17:59.707-0400][gc,phases      ] GC(369638)   Pre Evacuate Collection Set: 0.0ms
[2020-12-23T03:17:59.707-0400][gc,phases      ] GC(369638)   Evacuate Collection Set: 2.8ms
[2020-12-23T03:17:59.707-0400][gc,phases      ] GC(369638)   Post Evacuate Collection Set: 1.4ms
[2020-12-23T03:17:59.707-0400][gc,phases      ] GC(369638)   Other: 0.8ms
[2020-12-23T03:17:59.707-0400][gc,heap        ] GC(369638) Eden regions: 9->0(9)
[2020-12-23T03:17:59.707-0400][gc,heap        ] GC(369638) Survivor regions: 1->1(2)
[2020-12-23T03:17:59.708-0400][gc,heap        ] GC(369638) Old regions: 47->47
[2020-12-23T03:17:59.708-0400][gc,heap        ] GC(369638) Humongous regions: 4->4
[2020-12-23T03:17:59.708-0400][gc,metaspace   ] GC(369638) Metaspace: 61007K->61007K(1107968K)
[2020-12-23T03:17:59.708-0400][gc,heap        ] GC(369638) Heap after GC invocations=369615 (full 10720): garbage-first heap   total 71680K, used 48786K [0x0000000083000000, 0x0000000100000000)
[2020-12-23T03:17:59.708-0400][gc,heap        ] GC(369638)   region size 1024K, 1 young (1024K), 1 survivors (1024K)
[2020-12-23T03:17:59.708-0400][gc,heap        ] GC(369638)  Metaspace       used 61007K, capacity 63721K, committed 64768K, reserved 1107968K
[2020-12-23T03:17:59.708-0400][gc,heap        ] GC(369638)   class space    used 5712K, capacity 6559K, committed 6912K, reserved 1048576K
[2020-12-23T03:17:59.708-0400][gc             ] GC(369638) Pause Young (Normal) (G1 Evacuation Pause) 56M->47M(70M) 5.514ms
[2020-12-23T03:17:59.708-0400][gc,cpu         ] GC(369638) User=0.01s Sys=0.00s Real=0.01s
[2020-12-23T03:18:31.034-0400][gc,heap        ] GC(369639) Heap before GC invocations=369615 (full 10720): garbage-first heap   total 71680K, used 58002K [0x0000000083000000, 0x0000000100000000)
[2020-12-23T03:18:31.034-0400][gc,heap        ] GC(369639)   region size 1024K, 10 young (10240K), 1 survivors (1024K)
[2020-12-23T03:18:31.034-0400][gc,heap        ] GC(369639)  Metaspace       used 61007K, capacity 63721K, committed 64768K, reserved 1107968K
[2020-12-23T03:18:31.034-0400][gc,heap        ] GC(369639)   class space    used 5712K, capacity 6559K, committed 6912K, reserved 1048576K
[2020-12-23T03:18:31.035-0400][gc,start       ] GC(369639) Pause Young (Normal) (G1 Evacuation Pause)
[2020-12-23T03:18:31.035-0400][gc,task        ] GC(369639) Using 4 workers of 4 for evacuation
[2020-12-23T03:18:31.040-0400][gc,phases      ] GC(369639)   Pre Evacuate Collection Set: 0.0ms
[2020-12-23T03:18:31.040-0400][gc,phases      ] GC(369639)   Evacuate Collection Set: 3.0ms
[2020-12-23T03:18:31.040-0400][gc,phases      ] GC(369639)   Post Evacuate Collection Set: 1.5ms
[2020-12-23T03:18:31.040-0400][gc,phases      ] GC(369639)   Other: 0.9ms
[2020-12-23T03:18:31.040-0400][gc,heap        ] GC(369639) Eden regions: 9->0(9)
[2020-12-23T03:18:31.040-0400][gc,heap        ] GC(369639) Survivor regions: 1->1(2)
[2020-12-23T03:18:31.040-0400][gc,heap        ] GC(369639) Old regions: 47->47
[2020-12-23T03:18:31.040-0400][gc,heap        ] GC(369639) Humongous regions: 4->4
[2020-12-23T03:18:31.040-0400][gc,metaspace   ] GC(369639) Metaspace: 61007K->61007K(1107968K)
[2020-12-23T03:18:31.040-0400][gc,heap        ] GC(369639) Heap after GC invocations=369616 (full 10720): garbage-first heap   total 71680K, used 48884K [0x0000000083000000, 0x0000000100000000)
[2020-12-23T03:18:31.040-0400][gc,heap        ] GC(369639)   region size 1024K, 1 young (1024K), 1 survivors (1024K)
[2020-12-23T03:18:31.040-0400][gc,heap        ] GC(369639)  Metaspace       used 61007K, capacity 63721K, committed 64768K, reserved 1107968K
[2020-12-23T03:18:31.040-0400][gc,heap        ] GC(369639)   class space    used 5712K, capacity 6559K, committed 6912K, reserved 1048576K
[2020-12-23T03:18:31.040-0400][gc             ] GC(369639) Pause Young (Normal) (G1 Evacuation Pause) 56M->47M(70M) 5.775ms
[2020-12-23T03:18:31.040-0400][gc,cpu         ] GC(369639) User=0.02s Sys=0.00s Real=0.01s
[2020-12-23T03:18:58.491-0400][gc,heap        ] GC(369640) Heap before GC invocations=369616 (full 10720): garbage-first heap   total 71680K, used 57076K [0x0000000083000000, 0x0000000100000000)
[2020-12-23T03:18:58.491-0400][gc,heap        ] GC(369640)   region size 1024K, 10 young (10240K), 1 survivors (1024K)
[2020-12-23T03:18:58.491-0400][gc,heap        ] GC(369640)  Metaspace       used 61007K, capacity 63721K, committed 64768K, reserved 1107968K
[2020-12-23T03:18:58.491-0400][gc,heap        ] GC(369640)   class space    used 5712K, capacity 6559K, committed 6912K, reserved 1048576K
[2020-12-23T03:18:58.491-0400][gc,start       ] GC(369640) Pause Young (Normal) (G1 Evacuation Pause)
[2020-12-23T03:18:58.491-0400][gc,task        ] GC(369640) Using 4 workers of 4 for evacuation
[2020-12-23T03:18:58.497-0400][gc,phases      ] GC(369640)   Pre Evacuate Collection Set: 0.0ms
[2020-12-23T03:18:58.497-0400][gc,phases      ] GC(369640)   Evacuate Collection Set: 3.1ms
[2020-12-23T03:18:58.497-0400][gc,phases      ] GC(369640)   Post Evacuate Collection Set: 1.8ms
[2020-12-23T03:18:58.497-0400][gc,phases      ] GC(369640)   Other: 0.8ms
[2020-12-23T03:18:58.497-0400][gc,heap        ] GC(369640) Eden regions: 9->0(10)
[2020-12-23T03:18:58.497-0400][gc,heap        ] GC(369640) Survivor regions: 1->1(2)
[2020-12-23T03:18:58.497-0400][gc,heap        ] GC(369640) Old regions: 47->47
[2020-12-23T03:18:58.497-0400][gc,heap        ] GC(369640) Humongous regions: 4->4
[2020-12-23T03:18:58.497-0400][gc,metaspace   ] GC(369640) Metaspace: 61007K->61007K(1107968K)
[2020-12-23T03:18:58.497-0400][gc,heap        ] GC(369640) Heap after GC invocations=369617 (full 10720): garbage-first heap   total 71680K, used 48887K [0x0000000083000000, 0x0000000100000000)
[2020-12-23T03:18:58.497-0400][gc,heap        ] GC(369640)   region size 1024K, 1 young (1024K), 1 survivors (1024K)
[2020-12-23T03:18:58.497-0400][gc,heap        ] GC(369640)  Metaspace       used 61007K, capacity 63721K, committed 64768K, reserved 1107968K
[2020-12-23T03:18:58.498-0400][gc,heap        ] GC(369640)   class space    used 5712K, capacity 6559K, committed 6912K, reserved 1048576K
[2020-12-23T03:18:58.498-0400][gc             ] GC(369640) Pause Young (Normal) (G1 Evacuation Pause) 56M->47M(70M) 6.253ms
[2020-12-23T03:18:58.498-0400][gc,cpu         ] GC(369640) User=0.01s Sys=0.00s Real=0.01s
[2020-12-23T03:19:13.893-0400][gc,heap        ] GC(369641) Heap before GC invocations=369617 (full 10720): garbage-first heap   total 71680K, used 58103K [0x0000000083000000, 0x0000000100000000)
[2020-12-23T03:19:13.893-0400][gc,heap        ] GC(369641)   region size 1024K, 11 young (11264K), 1 survivors (1024K)
[2020-12-23T03:19:13.893-0400][gc,heap        ] GC(369641)  Metaspace       used 61007K, capacity 63721K, committed 64768K, reserved 1107968K
[2020-12-23T03:19:13.893-0400][gc,heap        ] GC(369641)   class space    used 5712K, capacity 6559K, committed 6912K, reserved 1048576K
[2020-12-23T03:19:13.893-0400][gc,start       ] GC(369641) Pause Young (Normal) (G1 Evacuation Pause)
[2020-12-23T03:19:13.893-0400][gc,task        ] GC(369641) Using 4 workers of 4 for evacuation
[2020-12-23T03:19:13.899-0400][gc,phases      ] GC(369641)   Pre Evacuate Collection Set: 0.0ms
[2020-12-23T03:19:13.899-0400][gc,phases      ] GC(369641)   Evacuate Collection Set: 3.5ms
[2020-12-23T03:19:13.899-0400][gc,phases      ] GC(369641)   Post Evacuate Collection Set: 2.0ms
[2020-12-23T03:19:13.900-0400][gc,phases      ] GC(369641)   Other: 0.9ms
[2020-12-23T03:19:13.900-0400][gc,heap        ] GC(369641) Eden regions: 10->0(9)
[2020-12-23T03:19:13.900-0400][gc,heap        ] GC(369641) Survivor regions: 1->1(2)
[2020-12-23T03:19:13.900-0400][gc,heap        ] GC(369641) Old regions: 47->47
[2020-12-23T03:19:13.900-0400][gc,heap        ] GC(369641) Humongous regions: 4->4
[2020-12-23T03:19:13.900-0400][gc,metaspace   ] GC(369641) Metaspace: 61007K->61007K(1107968K)
[2020-12-23T03:19:13.900-0400][gc,heap        ] GC(369641) Heap after GC invocations=369618 (full 10720): garbage-first heap   total 71680K, used 49023K [0x0000000083000000, 0x0000000100000000)
[2020-12-23T03:19:13.900-0400][gc,heap        ] GC(369641)   region size 1024K, 1 young (1024K), 1 survivors (1024K)
[2020-12-23T03:19:13.900-0400][gc,heap        ] GC(369641)  Metaspace       used 61007K, capacity 63721K, committed 64768K, reserved 1107968K
[2020-12-23T03:19:13.900-0400][gc,heap        ] GC(369641)   class space    used 5712K, capacity 6559K, committed 6912K, reserved 1048576K
[2020-12-23T03:19:13.900-0400][gc             ] GC(369641) Pause Young (Normal) (G1 Evacuation Pause) 57M->47M(70M) 6.756ms
[2020-12-23T03:19:13.900-0400][gc,cpu         ] GC(369641) User=0.01s Sys=0.01s Real=0.01s
[2020-12-23T03:19:50.003-0400][gc,heap        ] GC(369642) Heap before GC invocations=369618 (full 10720): garbage-first heap   total 71680K, used 57215K [0x0000000083000000, 0x0000000100000000)
[2020-12-23T03:19:50.004-0400][gc,heap        ] GC(369642)   region size 1024K, 10 young (10240K), 1 survivors (1024K)
[2020-12-23T03:19:50.004-0400][gc,heap        ] GC(369642)  Metaspace       used 61007K, capacity 63721K, committed 64768K, reserved 1107968K
[2020-12-23T03:19:50.004-0400][gc,heap        ] GC(369642)   class space    used 5712K, capacity 6559K, committed 6912K, reserved 1048576K
[2020-12-23T03:19:50.004-0400][gc,start       ] GC(369642) Pause Young (Normal) (G1 Evacuation Pause)
[2020-12-23T03:19:50.004-0400][gc,task        ] GC(369642) Using 4 workers of 4 for evacuation
[2020-12-23T03:19:50.009-0400][gc,phases      ] GC(369642)   Pre Evacuate Collection Set: 0.0ms
[2020-12-23T03:19:50.009-0400][gc,phases      ] GC(369642)   Evacuate Collection Set: 3.4ms
[2020-12-23T03:19:50.009-0400][gc,phases      ] GC(369642)   Post Evacuate Collection Set: 1.4ms
[2020-12-23T03:19:50.009-0400][gc,phases      ] GC(369642)   Other: 0.9ms
[2020-12-23T03:19:50.009-0400][gc,heap        ] GC(369642) Eden regions: 9->0(9)
[2020-12-23T03:19:50.009-0400][gc,heap        ] GC(369642) Survivor regions: 1->1(2)
[2020-12-23T03:19:50.009-0400][gc,heap        ] GC(369642) Old regions: 47->47
[2020-12-23T03:19:50.009-0400][gc,heap        ] GC(369642) Humongous regions: 4->4
[2020-12-23T03:19:50.010-0400][gc,metaspace   ] GC(369642) Metaspace: 61007K->61007K(1107968K)
[2020-12-23T03:19:50.010-0400][gc,heap        ] GC(369642) Heap after GC invocations=369619 (full 10720): garbage-first heap   total 71680K, used 48914K [0x0000000083000000, 0x0000000100000000)
[2020-12-23T03:19:50.010-0400][gc,heap        ] GC(369642)   region size 1024K, 1 young (1024K), 1 survivors (1024K)
[2020-12-23T03:19:50.010-0400][gc,heap        ] GC(369642)  Metaspace       used 61007K, capacity 63721K, committed 64768K, reserved 1107968K
[2020-12-23T03:19:50.010-0400][gc,heap        ] GC(369642)   class space    used 5712K, capacity 6559K, committed 6912K, reserved 1048576K
[2020-12-23T03:19:50.010-0400][gc             ] GC(369642) Pause Young (Normal) (G1 Evacuation Pause) 56M->47M(70M) 6.083ms
[2020-12-23T03:19:50.010-0400][gc,cpu         ] GC(369642) User=0.01s Sys=0.00s Real=0.01s
[2020-12-23T03:20:13.944-0400][gc,heap        ] GC(369643) Heap before GC invocations=369619 (full 10720): garbage-first heap   total 71680K, used 57106K [0x0000000083000000, 0x0000000100000000)
[2020-12-23T03:20:13.944-0400][gc,heap        ] GC(369643)   region size 1024K, 10 young (10240K), 1 survivors (1024K)
[2020-12-23T03:20:13.944-0400][gc,heap        ] GC(369643)  Metaspace       used 61007K, capacity 63721K, committed 64768K, reserved 1107968K
[2020-12-23T03:20:13.944-0400][gc,heap        ] GC(369643)   class space    used 5712K, capacity 6559K, committed 6912K, reserved 1048576K
[2020-12-23T03:20:13.944-0400][gc,start       ] GC(369643) Pause Young (Normal) (G1 Evacuation Pause)
[2020-12-23T03:20:13.944-0400][gc,task        ] GC(369643) Using 4 workers of 4 for evacuation
[2020-12-23T03:20:13.950-0400][gc,phases      ] GC(369643)   Pre Evacuate Collection Set: 0.1ms
[2020-12-23T03:20:13.950-0400][gc,phases      ] GC(369643)   Evacuate Collection Set: 3.3ms
[2020-12-23T03:20:13.950-0400][gc,phases      ] GC(369643)   Post Evacuate Collection Set: 1.6ms
[2020-12-23T03:20:13.950-0400][gc,phases      ] GC(369643)   Other: 0.8ms
[2020-12-23T03:20:13.950-0400][gc,heap        ] GC(369643) Eden regions: 9->0(9)
[2020-12-23T03:20:13.950-0400][gc,heap        ] GC(369643) Survivor regions: 1->1(2)
[2020-12-23T03:20:13.950-0400][gc,heap        ] GC(369643) Old regions: 47->47
[2020-12-23T03:20:13.950-0400][gc,heap        ] GC(369643) Humongous regions: 4->4
[2020-12-23T03:20:13.950-0400][gc,metaspace   ] GC(369643) Metaspace: 61007K->61007K(1107968K)
[2020-12-23T03:20:13.950-0400][gc,heap        ] GC(369643) Heap after GC invocations=369620 (full 10720): garbage-first heap   total 71680K, used 48973K [0x0000000083000000, 0x0000000100000000)
[2020-12-23T03:20:13.950-0400][gc,heap        ] GC(369643)   region size 1024K, 1 young (1024K), 1 survivors (1024K)
[2020-12-23T03:20:13.950-0400][gc,heap        ] GC(369643)  Metaspace       used 61007K, capacity 63721K, committed 64768K, reserved 1107968K
[2020-12-23T03:20:13.950-0400][gc,heap        ] GC(369643)   class space    used 5712K, capacity 6559K, committed 6912K, reserved 1048576K
[2020-12-23T03:20:13.950-0400][gc             ] GC(369643) Pause Young (Normal) (G1 Evacuation Pause) 56M->47M(70M) 6.164ms
[2020-12-23T03:20:13.951-0400][gc,cpu         ] GC(369643) User=0.01s Sys=0.01s Real=0.01s
[2020-12-23T03:20:31.814-0400][gc,heap        ] GC(369644) Heap before GC invocations=369620 (full 10720): garbage-first heap   total 71680K, used 57165K [0x0000000083000000, 0x0000000100000000)
[2020-12-23T03:20:31.814-0400][gc,heap        ] GC(369644)   region size 1024K, 10 young (10240K), 1 survivors (1024K)
[2020-12-23T03:20:31.814-0400][gc,heap        ] GC(369644)  Metaspace       used 61007K, capacity 63721K, committed 64768K, reserved 1107968K
[2020-12-23T03:20:31.814-0400][gc,heap        ] GC(369644)   class space    used 5712K, capacity 6559K, committed 6912K, reserved 1048576K
[2020-12-23T03:20:31.815-0400][gc,start       ] GC(369644) Pause Young (Normal) (G1 Evacuation Pause)
[2020-12-23T03:20:31.815-0400][gc,task        ] GC(369644) Using 4 workers of 4 for evacuation
[2020-12-23T03:20:31.820-0400][gc,phases      ] GC(369644)   Pre Evacuate Collection Set: 0.0ms
[2020-12-23T03:20:31.820-0400][gc,phases      ] GC(369644)   Evacuate Collection Set: 3.3ms
[2020-12-23T03:20:31.820-0400][gc,phases      ] GC(369644)   Post Evacuate Collection Set: 1.2ms
[2020-12-23T03:20:31.820-0400][gc,phases      ] GC(369644)   Other: 0.9ms
[2020-12-23T03:20:31.820-0400][gc,heap        ] GC(369644) Eden regions: 9->0(9)
[2020-12-23T03:20:31.820-0400][gc,heap        ] GC(369644) Survivor regions: 1->1(2)
[2020-12-23T03:20:31.820-0400][gc,heap        ] GC(369644) Old regions: 47->47
[2020-12-23T03:20:31.820-0400][gc,heap        ] GC(369644) Humongous regions: 4->4
[2020-12-23T03:20:31.820-0400][gc,metaspace   ] GC(369644) Metaspace: 61007K->61007K(1107968K)
[2020-12-23T03:20:31.820-0400][gc,heap        ] GC(369644) Heap after GC invocations=369621 (full 10720): garbage-first heap   total 71680K, used 48942K [0x0000000083000000, 0x0000000100000000)
[2020-12-23T03:20:31.820-0400][gc,heap        ] GC(369644)   region size 1024K, 1 young (1024K), 1 survivors (1024K)
[2020-12-23T03:20:31.820-0400][gc,heap        ] GC(369644)  Metaspace       used 61007K, capacity 63721K, committed 64768K, reserved 1107968K
[2020-12-23T03:20:31.820-0400][gc,heap        ] GC(369644)   class space    used 5712K, capacity 6559K, committed 6912K, reserved 1048576K
[2020-12-23T03:20:31.820-0400][gc             ] GC(369644) Pause Young (Normal) (G1 Evacuation Pause) 56M->47M(70M) 5.827ms
[2020-12-23T03:20:31.820-0400][gc,cpu         ] GC(369644) User=0.02s Sys=0.00s Real=0.01s
[2020-12-23T03:20:59.425-0400][gc,heap        ] GC(369645) Heap before GC invocations=369621 (full 10720): garbage-first heap   total 71680K, used 58158K [0x0000000083000000, 0x0000000100000000)
[2020-12-23T03:20:59.425-0400][gc,heap        ] GC(369645)   region size 1024K, 10 young (10240K), 1 survivors (1024K)
[2020-12-23T03:20:59.425-0400][gc,heap        ] GC(369645)  Metaspace       used 61007K, capacity 63721K, committed 64768K, reserved 1107968K
[2020-12-23T03:20:59.425-0400][gc,heap        ] GC(369645)   class space    used 5712K, capacity 6559K, committed 6912K, reserved 1048576K
[2020-12-23T03:20:59.425-0400][gc,start       ] GC(369645) Pause Young (Normal) (G1 Evacuation Pause)
[2020-12-23T03:20:59.425-0400][gc,task        ] GC(369645) Using 4 workers of 4 for evacuation
[2020-12-23T03:20:59.431-0400][gc,phases      ] GC(369645)   Pre Evacuate Collection Set: 0.0ms
[2020-12-23T03:20:59.431-0400][gc,phases      ] GC(369645)   Evacuate Collection Set: 3.6ms
[2020-12-23T03:20:59.431-0400][gc,phases      ] GC(369645)   Post Evacuate Collection Set: 1.8ms
[2020-12-23T03:20:59.432-0400][gc,phases      ] GC(369645)   Other: 0.8ms
[2020-12-23T03:20:59.432-0400][gc,heap        ] GC(369645) Eden regions: 9->0(9)
[2020-12-23T03:20:59.432-0400][gc,heap        ] GC(369645) Survivor regions: 1->1(2)
[2020-12-23T03:20:59.432-0400][gc,heap        ] GC(369645) Old regions: 47->47
[2020-12-23T03:20:59.432-0400][gc,heap        ] GC(369645) Humongous regions: 4->4
[2020-12-23T03:20:59.432-0400][gc,metaspace   ] GC(369645) Metaspace: 61007K->61007K(1107968K)
[2020-12-23T03:20:59.432-0400][gc,heap        ] GC(369645) Heap after GC invocations=369622 (full 10720): garbage-first heap   total 71680K, used 49050K [0x0000000083000000, 0x0000000100000000)
[2020-12-23T03:20:59.432-0400][gc,heap        ] GC(369645)   region size 1024K, 1 young (1024K), 1 survivors (1024K)
[2020-12-23T03:20:59.432-0400][gc,heap        ] GC(369645)  Metaspace       used 61007K, capacity 63721K, committed 64768K, reserved 1107968K
[2020-12-23T03:20:59.432-0400][gc,heap        ] GC(369645)   class space    used 5712K, capacity 6559K, committed 6912K, reserved 1048576K
[2020-12-23T03:20:59.432-0400][gc             ] GC(369645) Pause Young (Normal) (G1 Evacuation Pause) 56M->47M(70M) 6.708ms
[2020-12-23T03:20:59.432-0400][gc,cpu         ] GC(369645) User=0.02s Sys=0.00s Real=0.01s
[2020-12-23T03:21:25.460-0400][gc,heap        ] GC(369646) Heap before GC invocations=369622 (full 10720): garbage-first heap   total 71680K, used 58266K [0x0000000083000000, 0x0000000100000000)
[2020-12-23T03:21:25.460-0400][gc,heap        ] GC(369646)   region size 1024K, 10 young (10240K), 1 survivors (1024K)
[2020-12-23T03:21:25.460-0400][gc,heap        ] GC(369646)  Metaspace       used 61007K, capacity 63721K, committed 64768K, reserved 1107968K
[2020-12-23T03:21:25.460-0400][gc,heap        ] GC(369646)   class space    used 5712K, capacity 6559K, committed 6912K, reserved 1048576K
[2020-12-23T03:21:25.460-0400][gc,start       ] GC(369646) Pause Young (Normal) (G1 Evacuation Pause)
[2020-12-23T03:21:25.460-0400][gc,task        ] GC(369646) Using 4 workers of 4 for evacuation
[2020-12-23T03:21:25.466-0400][gc,phases      ] GC(369646)   Pre Evacuate Collection Set: 0.0ms
[2020-12-23T03:21:25.466-0400][gc,phases      ] GC(369646)   Evacuate Collection Set: 3.6ms
[2020-12-23T03:21:25.466-0400][gc,phases      ] GC(369646)   Post Evacuate Collection Set: 2.0ms
[2020-12-23T03:21:25.467-0400][gc,phases      ] GC(369646)   Other: 1.1ms
[2020-12-23T03:21:25.467-0400][gc,heap        ] GC(369646) Eden regions: 9->0(9)
[2020-12-23T03:21:25.467-0400][gc,heap        ] GC(369646) Survivor regions: 1->1(2)
[2020-12-23T03:21:25.467-0400][gc,heap        ] GC(369646) Old regions: 47->47
[2020-12-23T03:21:25.467-0400][gc,heap        ] GC(369646) Humongous regions: 4->4
[2020-12-23T03:21:25.467-0400][gc,metaspace   ] GC(369646) Metaspace: 61007K->61007K(1107968K)
[2020-12-23T03:21:25.467-0400][gc,heap        ] GC(369646) Heap after GC invocations=369623 (full 10720): garbage-first heap   total 71680K, used 49068K [0x0000000083000000, 0x0000000100000000)
[2020-12-23T03:21:25.467-0400][gc,heap        ] GC(369646)   region size 1024K, 1 young (1024K), 1 survivors (1024K)
[2020-12-23T03:21:25.467-0400][gc,heap        ] GC(369646)  Metaspace       used 61007K, capacity 63721K, committed 64768K, reserved 1107968K
[2020-12-23T03:21:25.467-0400][gc,heap        ] GC(369646)   class space    used 5712K, capacity 6559K, committed 6912K, reserved 1048576K
[2020-12-23T03:21:25.467-0400][gc             ] GC(369646) Pause Young (Normal) (G1 Evacuation Pause) 56M->47M(70M) 6.924ms
[2020-12-23T03:21:25.467-0400][gc,cpu         ] GC(369646) User=0.01s Sys=0.02s Real=0.01s
[2020-12-23T03:21:50.924-0400][gc,task        ] GC(369647) Using 3 workers of 4 for full compaction
[2020-12-23T03:21:50.924-0400][gc,start       ] GC(369647) Pause Full (System.gc())
[2020-12-23T03:21:50.924-0400][gc,heap        ] GC(369647) Heap before GC invocations=369623 (full 10720): garbage-first heap   total 71680K, used 52140K [0x0000000083000000, 0x0000000100000000)
[2020-12-23T03:21:50.924-0400][gc,heap        ] GC(369647)   region size 1024K, 6 young (6144K), 1 survivors (1024K)
[2020-12-23T03:21:50.924-0400][gc,heap        ] GC(369647)  Metaspace       used 61007K, capacity 63721K, committed 64768K, reserved 1107968K
[2020-12-23T03:21:50.924-0400][gc,heap        ] GC(369647)   class space    used 5712K, capacity 6559K, committed 6912K, reserved 1048576K
[2020-12-23T03:21:50.927-0400][gc,phases,start] GC(369647) Phase 1: Mark live objects
[2020-12-23T03:21:51.073-0400][gc,stringtable ] GC(369647) Cleaned string and symbol table, strings: 32200 processed, 0 removed, symbols: 131451 processed, 0 removed
[2020-12-23T03:21:51.073-0400][gc,phases      ] GC(369647) Phase 1: Mark live objects 146.901ms
[2020-12-23T03:21:51.074-0400][gc,phases,start] GC(369647) Phase 2: Prepare for compaction
[2020-12-23T03:21:51.103-0400][gc,phases      ] GC(369647) Phase 2: Prepare for compaction 29.409ms
[2020-12-23T03:21:51.103-0400][gc,phases,start] GC(369647) Phase 3: Adjust pointers
[2020-12-23T03:21:51.182-0400][gc,phases      ] GC(369647) Phase 3: Adjust pointers 79.097ms
[2020-12-23T03:21:51.182-0400][gc,phases,start] GC(369647) Phase 4: Compact heap
[2020-12-23T03:21:51.205-0400][gc,phases      ] GC(369647) Phase 4: Compact heap 22.284ms
[2020-12-23T03:21:51.240-0400][gc,heap        ] GC(369647) Eden regions: 5->0(11)
[2020-12-23T03:21:51.240-0400][gc,heap        ] GC(369647) Survivor regions: 1->0(2)
[2020-12-23T03:21:51.240-0400][gc,heap        ] GC(369647) Old regions: 47->46
[2020-12-23T03:21:51.240-0400][gc,heap        ] GC(369647) Humongous regions: 4->4
[2020-12-23T03:21:51.240-0400][gc,metaspace   ] GC(369647) Metaspace: 61007K->61007K(1107968K)
[2020-12-23T03:21:51.240-0400][gc,heap        ] GC(369647) Heap after GC invocations=369624 (full 10721): garbage-first heap   total 71680K, used 48494K [0x0000000083000000, 0x0000000100000000)
[2020-12-23T03:21:51.240-0400][gc,heap        ] GC(369647)   region size 1024K, 0 young (0K), 0 survivors (0K)
[2020-12-23T03:21:51.240-0400][gc,heap        ] GC(369647)  Metaspace       used 61007K, capacity 63721K, committed 64768K, reserved 1107968K
[2020-12-23T03:21:51.240-0400][gc,heap        ] GC(369647)   class space    used 5712K, capacity 6559K, committed 6912K, reserved 1048576K
[2020-12-23T03:21:51.241-0400][gc             ] GC(369647) Pause Full (System.gc()) 52M->47M(70M) 316.457ms
[2020-12-23T03:21:51.241-0400][gc,cpu         ] GC(369647) User=0.84s Sys=0.00s Real=0.32s
[2020-12-23T03:22:23.542-0400][gc,heap        ] GC(369648) Heap before GC invocations=369624 (full 10721): garbage-first heap   total 71680K, used 58734K [0x0000000083000000, 0x0000000100000000)
[2020-12-23T03:22:23.542-0400][gc,heap        ] GC(369648)   region size 1024K, 11 young (11264K), 0 survivors (0K)
[2020-12-23T03:22:23.542-0400][gc,heap        ] GC(369648)  Metaspace       used 61007K, capacity 63721K, committed 64768K, reserved 1107968K
[2020-12-23T03:22:23.542-0400][gc,heap        ] GC(369648)   class space    used 5712K, capacity 6559K, committed 6912K, reserved 1048576K
[2020-12-23T03:22:23.542-0400][gc,start       ] GC(369648) Pause Young (Normal) (G1 Evacuation Pause)
[2020-12-23T03:22:23.542-0400][gc,task        ] GC(369648) Using 4 workers of 4 for evacuation
[2020-12-23T03:22:23.548-0400][gc,phases      ] GC(369648)   Pre Evacuate Collection Set: 0.0ms
[2020-12-23T03:22:23.548-0400][gc,phases      ] GC(369648)   Evacuate Collection Set: 3.3ms
[2020-12-23T03:22:23.548-0400][gc,phases      ] GC(369648)   Post Evacuate Collection Set: 1.7ms
[2020-12-23T03:22:23.548-0400][gc,phases      ] GC(369648)   Other: 0.8ms
[2020-12-23T03:22:23.548-0400][gc,heap        ] GC(369648) Eden regions: 11->0(10)
[2020-12-23T03:22:23.548-0400][gc,heap        ] GC(369648) Survivor regions: 0->1(2)
[2020-12-23T03:22:23.548-0400][gc,heap        ] GC(369648) Old regions: 46->46
[2020-12-23T03:22:23.548-0400][gc,heap        ] GC(369648) Humongous regions: 4->4
[2020-12-23T03:22:23.548-0400][gc,metaspace   ] GC(369648) Metaspace: 61007K->61007K(1107968K)
[2020-12-23T03:22:23.548-0400][gc,heap        ] GC(369648) Heap after GC invocations=369625 (full 10721): garbage-first heap   total 71680K, used 48833K [0x0000000083000000, 0x0000000100000000)
[2020-12-23T03:22:23.548-0400][gc,heap        ] GC(369648)   region size 1024K, 1 young (1024K), 1 survivors (1024K)
[2020-12-23T03:22:23.548-0400][gc,heap        ] GC(369648)  Metaspace       used 61007K, capacity 63721K, committed 64768K, reserved 1107968K
[2020-12-23T03:22:23.548-0400][gc,heap        ] GC(369648)   class space    used 5712K, capacity 6559K, committed 6912K, reserved 1048576K
[2020-12-23T03:22:23.548-0400][gc             ] GC(369648) Pause Young (Normal) (G1 Evacuation Pause) 58M->47M(70M) 6.304ms
[2020-12-23T03:22:23.549-0400][gc,cpu         ] GC(369648) User=0.02s Sys=0.00s Real=0.01s
[2020-12-23T03:22:55.754-0400][gc,heap        ] GC(369649) Heap before GC invocations=369625 (full 10721): garbage-first heap   total 71680K, used 58049K [0x0000000083000000, 0x0000000100000000)
[2020-12-23T03:22:55.754-0400][gc,heap        ] GC(369649)   region size 1024K, 11 young (11264K), 1 survivors (1024K)
[2020-12-23T03:22:55.755-0400][gc,heap        ] GC(369649)  Metaspace       used 61007K, capacity 63721K, committed 64768K, reserved 1107968K
[2020-12-23T03:22:55.755-0400][gc,heap        ] GC(369649)   class space    used 5712K, capacity 6559K, committed 6912K, reserved 1048576K
[2020-12-23T03:22:55.755-0400][gc,start       ] GC(369649) Pause Young (Normal) (G1 Evacuation Pause)
[2020-12-23T03:22:55.755-0400][gc,task        ] GC(369649) Using 4 workers of 4 for evacuation
[2020-12-23T03:22:55.760-0400][gc,phases      ] GC(369649)   Pre Evacuate Collection Set: 0.0ms
[2020-12-23T03:22:55.760-0400][gc,phases      ] GC(369649)   Evacuate Collection Set: 3.0ms
[2020-12-23T03:22:55.760-0400][gc,phases      ] GC(369649)   Post Evacuate Collection Set: 1.6ms
[2020-12-23T03:22:55.760-0400][gc,phases      ] GC(369649)   Other: 0.8ms
[2020-12-23T03:22:55.760-0400][gc,heap        ] GC(369649) Eden regions: 10->0(10)
[2020-12-23T03:22:55.760-0400][gc,heap        ] GC(369649) Survivor regions: 1->1(2)
[2020-12-23T03:22:55.760-0400][gc,heap        ] GC(369649) Old regions: 46->46
[2020-12-23T03:22:55.760-0400][gc,heap        ] GC(369649) Humongous regions: 4->4
[2020-12-23T03:22:55.760-0400][gc,metaspace   ] GC(369649) Metaspace: 61007K->61007K(1107968K)
[2020-12-23T03:22:55.760-0400][gc,heap        ] GC(369649) Heap after GC invocations=369626 (full 10721): garbage-first heap   total 71680K, used 48823K [0x0000000083000000, 0x0000000100000000)
[2020-12-23T03:22:55.760-0400][gc,heap        ] GC(369649)   region size 1024K, 1 young (1024K), 1 survivors (1024K)
[2020-12-23T03:22:55.760-0400][gc,heap        ] GC(369649)  Metaspace       used 61007K, capacity 63721K, committed 64768K, reserved 1107968K
[2020-12-23T03:22:55.760-0400][gc,heap        ] GC(369649)   class space    used 5712K, capacity 6559K, committed 6912K, reserved 1048576K
[2020-12-23T03:22:55.761-0400][gc             ] GC(369649) Pause Young (Normal) (G1 Evacuation Pause) 57M->47M(70M) 5.842ms
[2020-12-23T03:22:55.761-0400][gc,cpu         ] GC(369649) User=0.01s Sys=0.01s Real=0.01s
[2020-12-23T03:23:23.893-0400][gc,heap        ] GC(369650) Heap before GC invocations=369626 (full 10721): garbage-first heap   total 71680K, used 58039K [0x0000000083000000, 0x0000000100000000)
[2020-12-23T03:23:23.894-0400][gc,heap        ] GC(369650)   region size 1024K, 11 young (11264K), 1 survivors (1024K)
[2020-12-23T03:23:23.894-0400][gc,heap        ] GC(369650)  Metaspace       used 61007K, capacity 63721K, committed 64768K, reserved 1107968K
[2020-12-23T03:23:23.894-0400][gc,heap        ] GC(369650)   class space    used 5712K, capacity 6559K, committed 6912K, reserved 1048576K
[2020-12-23T03:23:23.894-0400][gc,start       ] GC(369650) Pause Young (Normal) (G1 Evacuation Pause)
[2020-12-23T03:23:23.894-0400][gc,task        ] GC(369650) Using 4 workers of 4 for evacuation
[2020-12-23T03:23:23.899-0400][gc,phases      ] GC(369650)   Pre Evacuate Collection Set: 0.0ms
[2020-12-23T03:23:23.899-0400][gc,phases      ] GC(369650)   Evacuate Collection Set: 3.3ms
[2020-12-23T03:23:23.899-0400][gc,phases      ] GC(369650)   Post Evacuate Collection Set: 1.6ms
[2020-12-23T03:23:23.899-0400][gc,phases      ] GC(369650)   Other: 0.9ms
[2020-12-23T03:23:23.899-0400][gc,heap        ] GC(369650) Eden regions: 10->0(10)
[2020-12-23T03:23:23.899-0400][gc,heap        ] GC(369650) Survivor regions: 1->1(2)
[2020-12-23T03:23:23.900-0400][gc,heap        ] GC(369650) Old regions: 46->46
[2020-12-23T03:23:23.900-0400][gc,heap        ] GC(369650) Humongous regions: 4->4
[2020-12-23T03:23:23.900-0400][gc,metaspace   ] GC(369650) Metaspace: 61007K->61007K(1107968K)
[2020-12-23T03:23:23.900-0400][gc,heap        ] GC(369650) Heap after GC invocations=369627 (full 10721): garbage-first heap   total 71680K, used 48864K [0x0000000083000000, 0x0000000100000000)
[2020-12-23T03:23:23.900-0400][gc,heap        ] GC(369650)   region size 1024K, 1 young (1024K), 1 survivors (1024K)
[2020-12-23T03:23:23.900-0400][gc,heap        ] GC(369650)  Metaspace       used 61007K, capacity 63721K, committed 64768K, reserved 1107968K
[2020-12-23T03:23:23.900-0400][gc,heap        ] GC(369650)   class space    used 5712K, capacity 6559K, committed 6912K, reserved 1048576K
[2020-12-23T03:23:23.900-0400][gc             ] GC(369650) Pause Young (Normal) (G1 Evacuation Pause) 57M->47M(70M) 6.162ms
[2020-12-23T03:23:23.900-0400][gc,cpu         ] GC(369650) User=0.02s Sys=0.00s Real=0.01s
[2020-12-23T03:24:03.893-0400][gc,heap        ] GC(369651) Heap before GC invocations=369627 (full 10721): garbage-first heap   total 71680K, used 58080K [0x0000000083000000, 0x0000000100000000)
[2020-12-23T03:24:03.893-0400][gc,heap        ] GC(369651)   region size 1024K, 11 young (11264K), 1 survivors (1024K)
[2020-12-23T03:24:03.893-0400][gc,heap        ] GC(369651)  Metaspace       used 61007K, capacity 63721K, committed 64768K, reserved 1107968K
[2020-12-23T03:24:03.893-0400][gc,heap        ] GC(369651)   class space    used 5712K, capacity 6559K, committed 6912K, reserved 1048576K
[2020-12-23T03:24:03.893-0400][gc,start       ] GC(369651) Pause Young (Normal) (G1 Evacuation Pause)
[2020-12-23T03:24:03.893-0400][gc,task        ] GC(369651) Using 4 workers of 4 for evacuation
[2020-12-23T03:24:03.899-0400][gc,phases      ] GC(369651)   Pre Evacuate Collection Set: 0.0ms
[2020-12-23T03:24:03.899-0400][gc,phases      ] GC(369651)   Evacuate Collection Set: 3.2ms
[2020-12-23T03:24:03.899-0400][gc,phases      ] GC(369651)   Post Evacuate Collection Set: 1.6ms
[2020-12-23T03:24:03.899-0400][gc,phases      ] GC(369651)   Other: 0.8ms
[2020-12-23T03:24:03.899-0400][gc,heap        ] GC(369651) Eden regions: 10->0(10)
[2020-12-23T03:24:03.899-0400][gc,heap        ] GC(369651) Survivor regions: 1->1(2)
[2020-12-23T03:24:03.899-0400][gc,heap        ] GC(369651) Old regions: 46->46
[2020-12-23T03:24:03.899-0400][gc,heap        ] GC(369651) Humongous regions: 4->4
[2020-12-23T03:24:03.899-0400][gc,metaspace   ] GC(369651) Metaspace: 61007K->61007K(1107968K)
[2020-12-23T03:24:03.899-0400][gc,heap        ] GC(369651) Heap after GC invocations=369628 (full 10721): garbage-first heap   total 71680K, used 48868K [0x0000000083000000, 0x0000000100000000)
[2020-12-23T03:24:03.899-0400][gc,heap        ] GC(369651)   region size 1024K, 1 young (1024K), 1 survivors (1024K)
[2020-12-23T03:24:03.899-0400][gc,heap        ] GC(369651)  Metaspace       used 61007K, capacity 63721K, committed 64768K, reserved 1107968K
[2020-12-23T03:24:03.899-0400][gc,heap        ] GC(369651)   class space    used 5712K, capacity 6559K, committed 6912K, reserved 1048576K
[2020-12-23T03:24:03.899-0400][gc             ] GC(369651) Pause Young (Normal) (G1 Evacuation Pause) 57M->47M(70M) 6.113ms
[2020-12-23T03:24:03.899-0400][gc,cpu         ] GC(369651) User=0.01s Sys=0.01s Real=0.01s
[2020-12-23T03:24:37.674-0400][gc,heap        ] GC(369652) Heap before GC invocations=369628 (full 10721): garbage-first heap   total 71680K, used 59108K [0x0000000083000000, 0x0000000100000000)
[2020-12-23T03:24:37.674-0400][gc,heap        ] GC(369652)   region size 1024K, 11 young (11264K), 1 survivors (1024K)
[2020-12-23T03:24:37.674-0400][gc,heap        ] GC(369652)  Metaspace       used 61007K, capacity 63721K, committed 64768K, reserved 1107968K
[2020-12-23T03:24:37.674-0400][gc,heap        ] GC(369652)   class space    used 5712K, capacity 6559K, committed 6912K, reserved 1048576K
[2020-12-23T03:24:37.674-0400][gc,start       ] GC(369652) Pause Young (Normal) (G1 Evacuation Pause)
[2020-12-23T03:24:37.674-0400][gc,task        ] GC(369652) Using 4 workers of 4 for evacuation
[2020-12-23T03:24:37.679-0400][gc,phases      ] GC(369652)   Pre Evacuate Collection Set: 0.0ms
[2020-12-23T03:24:37.679-0400][gc,phases      ] GC(369652)   Evacuate Collection Set: 3.0ms
[2020-12-23T03:24:37.679-0400][gc,phases      ] GC(369652)   Post Evacuate Collection Set: 1.5ms
[2020-12-23T03:24:37.680-0400][gc,phases      ] GC(369652)   Other: 0.8ms
[2020-12-23T03:24:37.680-0400][gc,heap        ] GC(369652) Eden regions: 10->0(10)
[2020-12-23T03:24:37.680-0400][gc,heap        ] GC(369652) Survivor regions: 1->1(2)
[2020-12-23T03:24:37.680-0400][gc,heap        ] GC(369652) Old regions: 46->46
[2020-12-23T03:24:37.680-0400][gc,heap        ] GC(369652) Humongous regions: 4->4
[2020-12-23T03:24:37.680-0400][gc,metaspace   ] GC(369652) Metaspace: 61007K->61007K(1107968K)
[2020-12-23T03:24:37.680-0400][gc,heap        ] GC(369652) Heap after GC invocations=369629 (full 10721): garbage-first heap   total 71680K, used 48853K [0x0000000083000000, 0x0000000100000000)
[2020-12-23T03:24:37.680-0400][gc,heap        ] GC(369652)   region size 1024K, 1 young (1024K), 1 survivors (1024K)
[2020-12-23T03:24:37.680-0400][gc,heap        ] GC(369652)  Metaspace       used 61007K, capacity 63721K, committed 64768K, reserved 1107968K
[2020-12-23T03:24:37.680-0400][gc,heap        ] GC(369652)   class space    used 5712K, capacity 6559K, committed 6912K, reserved 1048576K
[2020-12-23T03:24:37.680-0400][gc             ] GC(369652) Pause Young (Normal) (G1 Evacuation Pause) 57M->47M(70M) 5.951ms
[2020-12-23T03:24:37.680-0400][gc,cpu         ] GC(369652) User=0.01s Sys=0.01s Real=0.01s
[2020-12-23T03:25:05.138-0400][gc,heap        ] GC(369653) Heap before GC invocations=369629 (full 10721): garbage-first heap   total 71680K, used 58069K [0x0000000083000000, 0x0000000100000000)
[2020-12-23T03:25:05.139-0400][gc,heap        ] GC(369653)   region size 1024K, 11 young (11264K), 1 survivors (1024K)
[2020-12-23T03:25:05.139-0400][gc,heap        ] GC(369653)  Metaspace       used 61007K, capacity 63721K, committed 64768K, reserved 1107968K
[2020-12-23T03:25:05.139-0400][gc,heap        ] GC(369653)   class space    used 5712K, capacity 6559K, committed 6912K, reserved 1048576K
[2020-12-23T03:25:05.139-0400][gc,start       ] GC(369653) Pause Young (Normal) (G1 Evacuation Pause)
[2020-12-23T03:25:05.139-0400][gc,task        ] GC(369653) Using 4 workers of 4 for evacuation
[2020-12-23T03:25:05.145-0400][gc,phases      ] GC(369653)   Pre Evacuate Collection Set: 0.0ms
[2020-12-23T03:25:05.145-0400][gc,phases      ] GC(369653)   Evacuate Collection Set: 3.9ms
[2020-12-23T03:25:05.145-0400][gc,phases      ] GC(369653)   Post Evacuate Collection Set: 1.5ms
[2020-12-23T03:25:05.145-0400][gc,phases      ] GC(369653)   Other: 1.0ms
[2020-12-23T03:25:05.145-0400][gc,heap        ] GC(369653) Eden regions: 10->0(10)
[2020-12-23T03:25:05.145-0400][gc,heap        ] GC(369653) Survivor regions: 1->1(2)
[2020-12-23T03:25:05.145-0400][gc,heap        ] GC(369653) Old regions: 46->46
[2020-12-23T03:25:05.145-0400][gc,heap        ] GC(369653) Humongous regions: 4->4
[2020-12-23T03:25:05.145-0400][gc,metaspace   ] GC(369653) Metaspace: 61007K->61007K(1107968K)
[2020-12-23T03:25:05.145-0400][gc,heap        ] GC(369653) Heap after GC invocations=369630 (full 10721): garbage-first heap   total 71680K, used 49096K [0x0000000083000000, 0x0000000100000000)
[2020-12-23T03:25:05.145-0400][gc,heap        ] GC(369653)   region size 1024K, 1 young (1024K), 1 survivors (1024K)
[2020-12-23T03:25:05.145-0400][gc,heap        ] GC(369653)  Metaspace       used 61007K, capacity 63721K, committed 64768K, reserved 1107968K
[2020-12-23T03:25:05.145-0400][gc,heap        ] GC(369653)   class space    used 5712K, capacity 6559K, committed 6912K, reserved 1048576K
[2020-12-23T03:25:05.146-0400][gc             ] GC(369653) Pause Young (Normal) (G1 Evacuation Pause) 57M->47M(70M) 6.724ms
[2020-12-23T03:25:05.146-0400][gc,cpu         ] GC(369653) User=0.02s Sys=0.00s Real=0.01s
[2020-12-23T03:25:34.109-0400][gc,heap        ] GC(369654) Heap before GC invocations=369630 (full 10721): garbage-first heap   total 71680K, used 58312K [0x0000000083000000, 0x0000000100000000)
[2020-12-23T03:25:34.110-0400][gc,heap        ] GC(369654)   region size 1024K, 11 young (11264K), 1 survivors (1024K)
[2020-12-23T03:25:34.110-0400][gc,heap        ] GC(369654)  Metaspace       used 61007K, capacity 63721K, committed 64768K, reserved 1107968K
[2020-12-23T03:25:34.110-0400][gc,heap        ] GC(369654)   class space    used 5712K, capacity 6559K, committed 6912K, reserved 1048576K
[2020-12-23T03:25:34.110-0400][gc,start       ] GC(369654) Pause Young (Normal) (G1 Evacuation Pause)
[2020-12-23T03:25:34.110-0400][gc,task        ] GC(369654) Using 4 workers of 4 for evacuation
[2020-12-23T03:25:34.116-0400][gc,phases      ] GC(369654)   Pre Evacuate Collection Set: 0.0ms
[2020-12-23T03:25:34.116-0400][gc,phases      ] GC(369654)   Evacuate Collection Set: 3.9ms
[2020-12-23T03:25:34.116-0400][gc,phases      ] GC(369654)   Post Evacuate Collection Set: 1.5ms
[2020-12-23T03:25:34.116-0400][gc,phases      ] GC(369654)   Other: 0.9ms
[2020-12-23T03:25:34.116-0400][gc,heap        ] GC(369654) Eden regions: 10->0(10)
[2020-12-23T03:25:34.116-0400][gc,heap        ] GC(369654) Survivor regions: 1->1(2)
[2020-12-23T03:25:34.116-0400][gc,heap        ] GC(369654) Old regions: 46->46
[2020-12-23T03:25:34.116-0400][gc,heap        ] GC(369654) Humongous regions: 4->4
[2020-12-23T03:25:34.116-0400][gc,metaspace   ] GC(369654) Metaspace: 61007K->61007K(1107968K)
[2020-12-23T03:25:34.116-0400][gc,heap        ] GC(369654) Heap after GC invocations=369631 (full 10721): garbage-first heap   total 71680K, used 49122K [0x0000000083000000, 0x0000000100000000)
[2020-12-23T03:25:34.117-0400][gc,heap        ] GC(369654)   region size 1024K, 1 young (1024K), 1 survivors (1024K)
[2020-12-23T03:25:34.117-0400][gc,heap        ] GC(369654)  Metaspace       used 61007K, capacity 63721K, committed 64768K, reserved 1107968K
[2020-12-23T03:25:34.117-0400][gc,heap        ] GC(369654)   class space    used 5712K, capacity 6559K, committed 6912K, reserved 1048576K
[2020-12-23T03:25:34.117-0400][gc             ] GC(369654) Pause Young (Normal) (G1 Evacuation Pause) 57M->47M(70M) 6.856ms
[2020-12-23T03:25:34.117-0400][gc,cpu         ] GC(369654) User=0.01s Sys=0.02s Real=0.01s
[2020-12-23T03:26:05.780-0400][gc,heap        ] GC(369655) Heap before GC invocations=369631 (full 10721): garbage-first heap   total 71680K, used 58338K [0x0000000083000000, 0x0000000100000000)
[2020-12-23T03:26:05.780-0400][gc,heap        ] GC(369655)   region size 1024K, 11 young (11264K), 1 survivors (1024K)
[2020-12-23T03:26:05.780-0400][gc,heap        ] GC(369655)  Metaspace       used 61007K, capacity 63721K, committed 64768K, reserved 1107968K
[2020-12-23T03:26:05.781-0400][gc,heap        ] GC(369655)   class space    used 5712K, capacity 6559K, committed 6912K, reserved 1048576K
[2020-12-23T03:26:05.781-0400][gc,start       ] GC(369655) Pause Young (Normal) (G1 Evacuation Pause)
[2020-12-23T03:26:05.781-0400][gc,task        ] GC(369655) Using 4 workers of 4 for evacuation
[2020-12-23T03:26:05.788-0400][gc,phases      ] GC(369655)   Pre Evacuate Collection Set: 0.0ms
[2020-12-23T03:26:05.788-0400][gc,phases      ] GC(369655)   Evacuate Collection Set: 5.0ms
[2020-12-23T03:26:05.788-0400][gc,phases      ] GC(369655)   Post Evacuate Collection Set: 1.6ms
[2020-12-23T03:26:05.788-0400][gc,phases      ] GC(369655)   Other: 1.2ms
[2020-12-23T03:26:05.788-0400][gc,heap        ] GC(369655) Eden regions: 10->0(10)
[2020-12-23T03:26:05.788-0400][gc,heap        ] GC(369655) Survivor regions: 1->1(2)
[2020-12-23T03:26:05.788-0400][gc,heap        ] GC(369655) Old regions: 46->46
[2020-12-23T03:26:05.788-0400][gc,heap        ] GC(369655) Humongous regions: 4->4
[2020-12-23T03:26:05.789-0400][gc,metaspace   ] GC(369655) Metaspace: 61007K->61007K(1107968K)
[2020-12-23T03:26:05.789-0400][gc,heap        ] GC(369655) Heap after GC invocations=369632 (full 10721): garbage-first heap   total 71680K, used 49222K [0x0000000083000000, 0x0000000100000000)
[2020-12-23T03:26:05.789-0400][gc,heap        ] GC(369655)   region size 1024K, 1 young (1024K), 1 survivors (1024K)
[2020-12-23T03:26:05.789-0400][gc,heap        ] GC(369655)  Metaspace       used 61007K, capacity 63721K, committed 64768K, reserved 1107968K
[2020-12-23T03:26:05.789-0400][gc,heap        ] GC(369655)   class space    used 5712K, capacity 6559K, committed 6912K, reserved 1048576K
[2020-12-23T03:26:05.789-0400][gc             ] GC(369655) Pause Young (Normal) (G1 Evacuation Pause) 57M->48M(70M) 8.150ms
[2020-12-23T03:26:05.789-0400][gc,cpu         ] GC(369655) User=0.03s Sys=0.00s Real=0.01s
[2020-12-23T03:26:30.740-0400][gc,heap        ] GC(369656) Heap before GC invocations=369632 (full 10721): garbage-first heap   total 71680K, used 58438K [0x0000000083000000, 0x0000000100000000)
[2020-12-23T03:26:30.740-0400][gc,heap        ] GC(369656)   region size 1024K, 11 young (11264K), 1 survivors (1024K)
[2020-12-23T03:26:30.740-0400][gc,heap        ] GC(369656)  Metaspace       used 61007K, capacity 63721K, committed 64768K, reserved 1107968K
[2020-12-23T03:26:30.740-0400][gc,heap        ] GC(369656)   class space    used 5712K, capacity 6559K, committed 6912K, reserved 1048576K
[2020-12-23T03:26:30.740-0400][gc,start       ] GC(369656) Pause Young (Normal) (G1 Evacuation Pause)
[2020-12-23T03:26:30.741-0400][gc,task        ] GC(369656) Using 4 workers of 4 for evacuation
[2020-12-23T03:26:30.746-0400][gc,phases      ] GC(369656)   Pre Evacuate Collection Set: 0.0ms
[2020-12-23T03:26:30.746-0400][gc,phases      ] GC(369656)   Evacuate Collection Set: 3.6ms
[2020-12-23T03:26:30.746-0400][gc,phases      ] GC(369656)   Post Evacuate Collection Set: 1.5ms
[2020-12-23T03:26:30.746-0400][gc,phases      ] GC(369656)   Other: 0.9ms
[2020-12-23T03:26:30.746-0400][gc,heap        ] GC(369656) Eden regions: 10->0(10)
[2020-12-23T03:26:30.747-0400][gc,heap        ] GC(369656) Survivor regions: 1->1(2)
[2020-12-23T03:26:30.747-0400][gc,heap        ] GC(369656) Old regions: 46->46
[2020-12-23T03:26:30.747-0400][gc,heap        ] GC(369656) Humongous regions: 4->4
[2020-12-23T03:26:30.747-0400][gc,metaspace   ] GC(369656) Metaspace: 61007K->61007K(1107968K)
[2020-12-23T03:26:30.747-0400][gc,heap        ] GC(369656) Heap after GC invocations=369633 (full 10721): garbage-first heap   total 71680K, used 49042K [0x0000000083000000, 0x0000000100000000)
[2020-12-23T03:26:30.747-0400][gc,heap        ] GC(369656)   region size 1024K, 1 young (1024K), 1 survivors (1024K)
[2020-12-23T03:26:30.747-0400][gc,heap        ] GC(369656)  Metaspace       used 61007K, capacity 63721K, committed 64768K, reserved 1107968K
[2020-12-23T03:26:30.747-0400][gc,heap        ] GC(369656)   class space    used 5712K, capacity 6559K, committed 6912K, reserved 1048576K
[2020-12-23T03:26:30.747-0400][gc             ] GC(369656) Pause Young (Normal) (G1 Evacuation Pause) 58M->47M(70M) 6.469ms
[2020-12-23T03:26:30.747-0400][gc,cpu         ] GC(369656) User=0.01s Sys=0.01s Real=0.01s
[2020-12-23T03:26:50.924-0400][gc,task        ] GC(369657) Using 3 workers of 4 for full compaction
[2020-12-23T03:26:50.924-0400][gc,start       ] GC(369657) Pause Full (System.gc())
[2020-12-23T03:26:50.924-0400][gc,heap        ] GC(369657) Heap before GC invocations=369633 (full 10721): garbage-first heap   total 71680K, used 52114K [0x0000000083000000, 0x0000000100000000)
[2020-12-23T03:26:50.924-0400][gc,heap        ] GC(369657)   region size 1024K, 6 young (6144K), 1 survivors (1024K)
[2020-12-23T03:26:50.924-0400][gc,heap        ] GC(369657)  Metaspace       used 61007K, capacity 63721K, committed 64768K, reserved 1107968K
[2020-12-23T03:26:50.924-0400][gc,heap        ] GC(369657)   class space    used 5712K, capacity 6559K, committed 6912K, reserved 1048576K
[2020-12-23T03:26:50.927-0400][gc,phases,start] GC(369657) Phase 1: Mark live objects
[2020-12-23T03:26:51.070-0400][gc,stringtable ] GC(369657) Cleaned string and symbol table, strings: 32200 processed, 0 removed, symbols: 131451 processed, 0 removed
[2020-12-23T03:26:51.070-0400][gc,phases      ] GC(369657) Phase 1: Mark live objects 143.049ms
[2020-12-23T03:26:51.070-0400][gc,phases,start] GC(369657) Phase 2: Prepare for compaction
[2020-12-23T03:26:51.101-0400][gc,phases      ] GC(369657) Phase 2: Prepare for compaction 30.658ms
[2020-12-23T03:26:51.101-0400][gc,phases,start] GC(369657) Phase 3: Adjust pointers
[2020-12-23T03:26:51.179-0400][gc,phases      ] GC(369657) Phase 3: Adjust pointers 78.232ms
[2020-12-23T03:26:51.179-0400][gc,phases,start] GC(369657) Phase 4: Compact heap
[2020-12-23T03:26:51.200-0400][gc,phases      ] GC(369657) Phase 4: Compact heap 20.444ms
[2020-12-23T03:26:51.237-0400][gc,heap        ] GC(369657) Eden regions: 5->0(10)
[2020-12-23T03:26:51.237-0400][gc,heap        ] GC(369657) Survivor regions: 1->0(2)
[2020-12-23T03:26:51.237-0400][gc,heap        ] GC(369657) Old regions: 46->46
[2020-12-23T03:26:51.237-0400][gc,heap        ] GC(369657) Humongous regions: 4->4
[2020-12-23T03:26:51.237-0400][gc,metaspace   ] GC(369657) Metaspace: 61007K->61007K(1107968K)
[2020-12-23T03:26:51.237-0400][gc,heap        ] GC(369657) Heap after GC invocations=369634 (full 10722): garbage-first heap   total 71680K, used 48520K [0x0000000083000000, 0x0000000100000000)
[2020-12-23T03:26:51.237-0400][gc,heap        ] GC(369657)   region size 1024K, 0 young (0K), 0 survivors (0K)
[2020-12-23T03:26:51.237-0400][gc,heap        ] GC(369657)  Metaspace       used 61007K, capacity 63721K, committed 64768K, reserved 1107968K
[2020-12-23T03:26:51.237-0400][gc,heap        ] GC(369657)   class space    used 5712K, capacity 6559K, committed 6912K, reserved 1048576K
[2020-12-23T03:26:51.237-0400][gc             ] GC(369657) Pause Full (System.gc()) 52M->47M(70M) 313.216ms
[2020-12-23T03:26:51.237-0400][gc,cpu         ] GC(369657) User=0.85s Sys=0.00s Real=0.32s
[2020-12-23T03:27:09.226-0400][gc,heap        ] GC(369658) Heap before GC invocations=369634 (full 10722): garbage-first heap   total 71680K, used 57736K [0x0000000083000000, 0x0000000100000000)
[2020-12-23T03:27:09.227-0400][gc,heap        ] GC(369658)   region size 1024K, 10 young (10240K), 0 survivors (0K)
[2020-12-23T03:27:09.227-0400][gc,heap        ] GC(369658)  Metaspace       used 61007K, capacity 63721K, committed 64768K, reserved 1107968K
[2020-12-23T03:27:09.227-0400][gc,heap        ] GC(369658)   class space    used 5712K, capacity 6559K, committed 6912K, reserved 1048576K
[2020-12-23T03:27:09.227-0400][gc,start       ] GC(369658) Pause Young (Normal) (G1 Evacuation Pause)
[2020-12-23T03:27:09.227-0400][gc,task        ] GC(369658) Using 4 workers of 4 for evacuation
[2020-12-23T03:27:09.232-0400][gc,phases      ] GC(369658)   Pre Evacuate Collection Set: 0.0ms
[2020-12-23T03:27:09.232-0400][gc,phases      ] GC(369658)   Evacuate Collection Set: 2.8ms
[2020-12-23T03:27:09.232-0400][gc,phases      ] GC(369658)   Post Evacuate Collection Set: 1.6ms
[2020-12-23T03:27:09.232-0400][gc,phases      ] GC(369658)   Other: 0.9ms
[2020-12-23T03:27:09.232-0400][gc,heap        ] GC(369658) Eden regions: 10->0(10)
[2020-12-23T03:27:09.232-0400][gc,heap        ] GC(369658) Survivor regions: 0->1(2)
[2020-12-23T03:27:09.232-0400][gc,heap        ] GC(369658) Old regions: 46->46
[2020-12-23T03:27:09.232-0400][gc,heap        ] GC(369658) Humongous regions: 4->4
[2020-12-23T03:27:09.232-0400][gc,metaspace   ] GC(369658) Metaspace: 61007K->61007K(1107968K)
[2020-12-23T03:27:09.232-0400][gc,heap        ] GC(369658) Heap after GC invocations=369635 (full 10722): garbage-first heap   total 71680K, used 48752K [0x0000000083000000, 0x0000000100000000)
[2020-12-23T03:27:09.232-0400][gc,heap        ] GC(369658)   region size 1024K, 1 young (1024K), 1 survivors (1024K)
[2020-12-23T03:27:09.232-0400][gc,heap        ] GC(369658)  Metaspace       used 61007K, capacity 63721K, committed 64768K, reserved 1107968K
[2020-12-23T03:27:09.232-0400][gc,heap        ] GC(369658)   class space    used 5712K, capacity 6559K, committed 6912K, reserved 1048576K
[2020-12-23T03:27:09.232-0400][gc             ] GC(369658) Pause Young (Normal) (G1 Evacuation Pause) 57M->47M(70M) 5.641ms
[2020-12-23T03:27:09.233-0400][gc,cpu         ] GC(369658) User=0.01s Sys=0.01s Real=0.00s
[2020-12-23T03:27:46.876-0400][gc,heap        ] GC(369659) Heap before GC invocations=369635 (full 10722): garbage-first heap   total 71680K, used 57968K [0x0000000083000000, 0x0000000100000000)
[2020-12-23T03:27:46.876-0400][gc,heap        ] GC(369659)   region size 1024K, 11 young (11264K), 1 survivors (1024K)
[2020-12-23T03:27:46.876-0400][gc,heap        ] GC(369659)  Metaspace       used 61007K, capacity 63721K, committed 64768K, reserved 1107968K
[2020-12-23T03:27:46.876-0400][gc,heap        ] GC(369659)   class space    used 5712K, capacity 6559K, committed 6912K, reserved 1048576K
[2020-12-23T03:27:46.876-0400][gc,start       ] GC(369659) Pause Young (Normal) (G1 Evacuation Pause)
[2020-12-23T03:27:46.876-0400][gc,task        ] GC(369659) Using 4 workers of 4 for evacuation
[2020-12-23T03:27:46.881-0400][gc,phases      ] GC(369659)   Pre Evacuate Collection Set: 0.0ms
[2020-12-23T03:27:46.881-0400][gc,phases      ] GC(369659)   Evacuate Collection Set: 3.1ms
[2020-12-23T03:27:46.881-0400][gc,phases      ] GC(369659)   Post Evacuate Collection Set: 1.4ms
[2020-12-23T03:27:46.881-0400][gc,phases      ] GC(369659)   Other: 0.9ms
[2020-12-23T03:27:46.881-0400][gc,heap        ] GC(369659) Eden regions: 10->0(10)
[2020-12-23T03:27:46.881-0400][gc,heap        ] GC(369659) Survivor regions: 1->1(2)
[2020-12-23T03:27:46.881-0400][gc,heap        ] GC(369659) Old regions: 46->46
[2020-12-23T03:27:46.881-0400][gc,heap        ] GC(369659) Humongous regions: 4->4
[2020-12-23T03:27:46.882-0400][gc,metaspace   ] GC(369659) Metaspace: 61007K->61007K(1107968K)
[2020-12-23T03:27:46.882-0400][gc,heap        ] GC(369659) Heap after GC invocations=369636 (full 10722): garbage-first heap   total 71680K, used 48813K [0x0000000083000000, 0x0000000100000000)
[2020-12-23T03:27:46.882-0400][gc,heap        ] GC(369659)   region size 1024K, 1 young (1024K), 1 survivors (1024K)
[2020-12-23T03:27:46.882-0400][gc,heap        ] GC(369659)  Metaspace       used 61007K, capacity 63721K, committed 64768K, reserved 1107968K
[2020-12-23T03:27:46.882-0400][gc,heap        ] GC(369659)   class space    used 5712K, capacity 6559K, committed 6912K, reserved 1048576K
[2020-12-23T03:27:46.882-0400][gc             ] GC(369659) Pause Young (Normal) (G1 Evacuation Pause) 57M->47M(70M) 5.791ms
[2020-12-23T03:27:46.882-0400][gc,cpu         ] GC(369659) User=0.01s Sys=0.00s Real=0.00s
[2020-12-23T03:28:17.284-0400][gc,heap        ] GC(369660) Heap before GC invocations=369636 (full 10722): garbage-first heap   total 71680K, used 59053K [0x0000000083000000, 0x0000000100000000)
[2020-12-23T03:28:17.284-0400][gc,heap        ] GC(369660)   region size 1024K, 11 young (11264K), 1 survivors (1024K)
[2020-12-23T03:28:17.284-0400][gc,heap        ] GC(369660)  Metaspace       used 61007K, capacity 63721K, committed 64768K, reserved 1107968K
[2020-12-23T03:28:17.284-0400][gc,heap        ] GC(369660)   class space    used 5712K, capacity 6559K, committed 6912K, reserved 1048576K
[2020-12-23T03:28:17.284-0400][gc,start       ] GC(369660) Pause Young (Normal) (G1 Evacuation Pause)
[2020-12-23T03:28:17.284-0400][gc,task        ] GC(369660) Using 4 workers of 4 for evacuation
[2020-12-23T03:28:17.290-0400][gc,phases      ] GC(369660)   Pre Evacuate Collection Set: 0.0ms
[2020-12-23T03:28:17.290-0400][gc,phases      ] GC(369660)   Evacuate Collection Set: 3.4ms
[2020-12-23T03:28:17.290-0400][gc,phases      ] GC(369660)   Post Evacuate Collection Set: 1.7ms
[2020-12-23T03:28:17.290-0400][gc,phases      ] GC(369660)   Other: 0.8ms
[2020-12-23T03:28:17.290-0400][gc,heap        ] GC(369660) Eden regions: 10->0(10)
[2020-12-23T03:28:17.290-0400][gc,heap        ] GC(369660) Survivor regions: 1->1(2)
[2020-12-23T03:28:17.290-0400][gc,heap        ] GC(369660) Old regions: 46->46
[2020-12-23T03:28:17.290-0400][gc,heap        ] GC(369660) Humongous regions: 4->4
[2020-12-23T03:28:17.290-0400][gc,metaspace   ] GC(369660) Metaspace: 61007K->61007K(1107968K)
[2020-12-23T03:28:17.290-0400][gc,heap        ] GC(369660) Heap after GC invocations=369637 (full 10722): garbage-first heap   total 71680K, used 48924K [0x0000000083000000, 0x0000000100000000)
[2020-12-23T03:28:17.290-0400][gc,heap        ] GC(369660)   region size 1024K, 1 young (1024K), 1 survivors (1024K)
[2020-12-23T03:28:17.290-0400][gc,heap        ] GC(369660)  Metaspace       used 61007K, capacity 63721K, committed 64768K, reserved 1107968K
[2020-12-23T03:28:17.290-0400][gc,heap        ] GC(369660)   class space    used 5712K, capacity 6559K, committed 6912K, reserved 1048576K
[2020-12-23T03:28:17.290-0400][gc             ] GC(369660) Pause Young (Normal) (G1 Evacuation Pause) 57M->47M(70M) 6.436ms
[2020-12-23T03:28:17.290-0400][gc,cpu         ] GC(369660) User=0.01s Sys=0.01s Real=0.01s
[2020-12-23T03:28:57.541-0400][gc,heap        ] GC(369661) Heap before GC invocations=369637 (full 10722): garbage-first heap   total 71680K, used 58140K [0x0000000083000000, 0x0000000100000000)
[2020-12-23T03:28:57.541-0400][gc,heap        ] GC(369661)   region size 1024K, 11 young (11264K), 1 survivors (1024K)
[2020-12-23T03:28:57.541-0400][gc,heap        ] GC(369661)  Metaspace       used 61007K, capacity 63721K, committed 64768K, reserved 1107968K
[2020-12-23T03:28:57.541-0400][gc,heap        ] GC(369661)   class space    used 5712K, capacity 6559K, committed 6912K, reserved 1048576K
[2020-12-23T03:28:57.541-0400][gc,start       ] GC(369661) Pause Young (Normal) (G1 Evacuation Pause)
[2020-12-23T03:28:57.542-0400][gc,task        ] GC(369661) Using 4 workers of 4 for evacuation
[2020-12-23T03:28:57.547-0400][gc,phases      ] GC(369661)   Pre Evacuate Collection Set: 0.0ms
[2020-12-23T03:28:57.547-0400][gc,phases      ] GC(369661)   Evacuate Collection Set: 3.3ms
[2020-12-23T03:28:57.547-0400][gc,phases      ] GC(369661)   Post Evacuate Collection Set: 1.5ms
[2020-12-23T03:28:57.547-0400][gc,phases      ] GC(369661)   Other: 0.9ms
[2020-12-23T03:28:57.547-0400][gc,heap        ] GC(369661) Eden regions: 10->0(10)
[2020-12-23T03:28:57.547-0400][gc,heap        ] GC(369661) Survivor regions: 1->1(2)
[2020-12-23T03:28:57.547-0400][gc,heap        ] GC(369661) Old regions: 46->46
[2020-12-23T03:28:57.547-0400][gc,heap        ] GC(369661) Humongous regions: 4->4
[2020-12-23T03:28:57.547-0400][gc,metaspace   ] GC(369661) Metaspace: 61007K->61007K(1107968K)
[2020-12-23T03:28:57.547-0400][gc,heap        ] GC(369661) Heap after GC invocations=369638 (full 10722): garbage-first heap   total 71680K, used 48956K [0x0000000083000000, 0x0000000100000000)
[2020-12-23T03:28:57.547-0400][gc,heap        ] GC(369661)   region size 1024K, 1 young (1024K), 1 survivors (1024K)
[2020-12-23T03:28:57.547-0400][gc,heap        ] GC(369661)  Metaspace       used 61007K, capacity 63721K, committed 64768K, reserved 1107968K
[2020-12-23T03:28:57.548-0400][gc,heap        ] GC(369661)   class space    used 5712K, capacity 6559K, committed 6912K, reserved 1048576K
[2020-12-23T03:28:57.548-0400][gc             ] GC(369661) Pause Young (Normal) (G1 Evacuation Pause) 57M->47M(70M) 6.180ms
[2020-12-23T03:28:57.548-0400][gc,cpu         ] GC(369661) User=0.02s Sys=0.00s Real=0.01s
[2020-12-23T03:29:22.747-0400][gc,heap        ] GC(369662) Heap before GC invocations=369638 (full 10722): garbage-first heap   total 71680K, used 59196K [0x0000000083000000, 0x0000000100000000)
[2020-12-23T03:29:22.747-0400][gc,heap        ] GC(369662)   region size 1024K, 11 young (11264K), 1 survivors (1024K)
[2020-12-23T03:29:22.747-0400][gc,heap        ] GC(369662)  Metaspace       used 61007K, capacity 63721K, committed 64768K, reserved 1107968K
[2020-12-23T03:29:22.747-0400][gc,heap        ] GC(369662)   class space    used 5712K, capacity 6559K, committed 6912K, reserved 1048576K
[2020-12-23T03:29:22.747-0400][gc,start       ] GC(369662) Pause Young (Normal) (G1 Evacuation Pause)
[2020-12-23T03:29:22.747-0400][gc,task        ] GC(369662) Using 4 workers of 4 for evacuation
[2020-12-23T03:29:22.753-0400][gc,phases      ] GC(369662)   Pre Evacuate Collection Set: 0.0ms
[2020-12-23T03:29:22.753-0400][gc,phases      ] GC(369662)   Evacuate Collection Set: 3.7ms
[2020-12-23T03:29:22.753-0400][gc,phases      ] GC(369662)   Post Evacuate Collection Set: 1.7ms
[2020-12-23T03:29:22.753-0400][gc,phases      ] GC(369662)   Other: 0.9ms
[2020-12-23T03:29:22.753-0400][gc,heap        ] GC(369662) Eden regions: 10->0(10)
[2020-12-23T03:29:22.753-0400][gc,heap        ] GC(369662) Survivor regions: 1->1(2)
[2020-12-23T03:29:22.753-0400][gc,heap        ] GC(369662) Old regions: 46->46
[2020-12-23T03:29:22.753-0400][gc,heap        ] GC(369662) Humongous regions: 4->4
[2020-12-23T03:29:22.753-0400][gc,metaspace   ] GC(369662) Metaspace: 61007K->61007K(1107968K)
[2020-12-23T03:29:22.753-0400][gc,heap        ] GC(369662) Heap after GC invocations=369639 (full 10722): garbage-first heap   total 71680K, used 49062K [0x0000000083000000, 0x0000000100000000)
[2020-12-23T03:29:22.753-0400][gc,heap        ] GC(369662)   region size 1024K, 1 young (1024K), 1 survivors (1024K)
[2020-12-23T03:29:22.753-0400][gc,heap        ] GC(369662)  Metaspace       used 61007K, capacity 63721K, committed 64768K, reserved 1107968K
[2020-12-23T03:29:22.753-0400][gc,heap        ] GC(369662)   class space    used 5712K, capacity 6559K, committed 6912K, reserved 1048576K
[2020-12-23T03:29:22.754-0400][gc             ] GC(369662) Pause Young (Normal) (G1 Evacuation Pause) 57M->47M(70M) 6.663ms
[2020-12-23T03:29:22.754-0400][gc,cpu         ] GC(369662) User=0.01s Sys=0.01s Real=0.00s
[2020-12-23T03:29:58.048-0400][gc,heap        ] GC(369663) Heap before GC invocations=369639 (full 10722): garbage-first heap   total 71680K, used 58278K [0x0000000083000000, 0x0000000100000000)
[2020-12-23T03:29:58.048-0400][gc,heap        ] GC(369663)   region size 1024K, 11 young (11264K), 1 survivors (1024K)
[2020-12-23T03:29:58.048-0400][gc,heap        ] GC(369663)  Metaspace       used 61007K, capacity 63721K, committed 64768K, reserved 1107968K
[2020-12-23T03:29:58.049-0400][gc,heap        ] GC(369663)   class space    used 5712K, capacity 6559K, committed 6912K, reserved 1048576K
[2020-12-23T03:29:58.049-0400][gc,start       ] GC(369663) Pause Young (Normal) (G1 Evacuation Pause)
[2020-12-23T03:29:58.049-0400][gc,task        ] GC(369663) Using 4 workers of 4 for evacuation
[2020-12-23T03:29:58.054-0400][gc,phases      ] GC(369663)   Pre Evacuate Collection Set: 0.0ms
[2020-12-23T03:29:58.054-0400][gc,phases      ] GC(369663)   Evacuate Collection Set: 3.3ms
[2020-12-23T03:29:58.054-0400][gc,phases      ] GC(369663)   Post Evacuate Collection Set: 1.8ms
[2020-12-23T03:29:58.055-0400][gc,phases      ] GC(369663)   Other: 0.8ms
[2020-12-23T03:29:58.055-0400][gc,heap        ] GC(369663) Eden regions: 10->0(10)
[2020-12-23T03:29:58.055-0400][gc,heap        ] GC(369663) Survivor regions: 1->1(2)
[2020-12-23T03:29:58.055-0400][gc,heap        ] GC(369663) Old regions: 46->46
[2020-12-23T03:29:58.055-0400][gc,heap        ] GC(369663) Humongous regions: 4->4
[2020-12-23T03:29:58.055-0400][gc,metaspace   ] GC(369663) Metaspace: 61007K->61007K(1107968K)
[2020-12-23T03:29:58.055-0400][gc,heap        ] GC(369663) Heap after GC invocations=369640 (full 10722): garbage-first heap   total 71680K, used 48930K [0x0000000083000000, 0x0000000100000000)
[2020-12-23T03:29:58.055-0400][gc,heap        ] GC(369663)   region size 1024K, 1 young (1024K), 1 survivors (1024K)
[2020-12-23T03:29:58.055-0400][gc,heap        ] GC(369663)  Metaspace       used 61007K, capacity 63721K, committed 64768K, reserved 1107968K
[2020-12-23T03:29:58.055-0400][gc,heap        ] GC(369663)   class space    used 5712K, capacity 6559K, committed 6912K, reserved 1048576K
[2020-12-23T03:29:58.055-0400][gc             ] GC(369663) Pause Young (Normal) (G1 Evacuation Pause) 57M->47M(70M) 6.381ms
[2020-12-23T03:29:58.055-0400][gc,cpu         ] GC(369663) User=0.01s Sys=0.00s Real=0.00s
[2020-12-23T03:30:22.285-0400][gc,heap        ] GC(369664) Heap before GC invocations=369640 (full 10722): garbage-first heap   total 71680K, used 58146K [0x0000000083000000, 0x0000000100000000)
[2020-12-23T03:30:22.285-0400][gc,heap        ] GC(369664)   region size 1024K, 11 young (11264K), 1 survivors (1024K)
[2020-12-23T03:30:22.285-0400][gc,heap        ] GC(369664)  Metaspace       used 61007K, capacity 63721K, committed 64768K, reserved 1107968K
[2020-12-23T03:30:22.285-0400][gc,heap        ] GC(369664)   class space    used 5712K, capacity 6559K, committed 6912K, reserved 1048576K
[2020-12-23T03:30:22.285-0400][gc,start       ] GC(369664) Pause Young (Normal) (G1 Evacuation Pause)
[2020-12-23T03:30:22.285-0400][gc,task        ] GC(369664) Using 4 workers of 4 for evacuation
[2020-12-23T03:30:22.291-0400][gc,phases      ] GC(369664)   Pre Evacuate Collection Set: 0.0ms
[2020-12-23T03:30:22.291-0400][gc,phases      ] GC(369664)   Evacuate Collection Set: 3.6ms
[2020-12-23T03:30:22.291-0400][gc,phases      ] GC(369664)   Post Evacuate Collection Set: 1.8ms
[2020-12-23T03:30:22.291-0400][gc,phases      ] GC(369664)   Other: 0.9ms
[2020-12-23T03:30:22.291-0400][gc,heap        ] GC(369664) Eden regions: 10->0(10)
[2020-12-23T03:30:22.291-0400][gc,heap        ] GC(369664) Survivor regions: 1->1(2)
[2020-12-23T03:30:22.291-0400][gc,heap        ] GC(369664) Old regions: 46->46
[2020-12-23T03:30:22.291-0400][gc,heap        ] GC(369664) Humongous regions: 4->4
[2020-12-23T03:30:22.291-0400][gc,metaspace   ] GC(369664) Metaspace: 61007K->61007K(1107968K)
[2020-12-23T03:30:22.291-0400][gc,heap        ] GC(369664) Heap after GC invocations=369641 (full 10722): garbage-first heap   total 71680K, used 48968K [0x0000000083000000, 0x0000000100000000)
[2020-12-23T03:30:22.291-0400][gc,heap        ] GC(369664)   region size 1024K, 1 young (1024K), 1 survivors (1024K)
[2020-12-23T03:30:22.291-0400][gc,heap        ] GC(369664)  Metaspace       used 61007K, capacity 63721K, committed 64768K, reserved 1107968K
[2020-12-23T03:30:22.291-0400][gc,heap        ] GC(369664)   class space    used 5712K, capacity 6559K, committed 6912K, reserved 1048576K
[2020-12-23T03:30:22.292-0400][gc             ] GC(369664) Pause Young (Normal) (G1 Evacuation Pause) 57M->47M(70M) 6.573ms
[2020-12-23T03:30:22.292-0400][gc,cpu         ] GC(369664) User=0.01s Sys=0.01s Real=0.01s
[2020-12-23T03:31:08.713-0400][gc,heap        ] GC(369665) Heap before GC invocations=369641 (full 10722): garbage-first heap   total 71680K, used 58184K [0x0000000083000000, 0x0000000100000000)
[2020-12-23T03:31:08.714-0400][gc,heap        ] GC(369665)   region size 1024K, 11 young (11264K), 1 survivors (1024K)
[2020-12-23T03:31:08.714-0400][gc,heap        ] GC(369665)  Metaspace       used 61007K, capacity 63721K, committed 64768K, reserved 1107968K
[2020-12-23T03:31:08.714-0400][gc,heap        ] GC(369665)   class space    used 5712K, capacity 6559K, committed 6912K, reserved 1048576K
[2020-12-23T03:31:08.714-0400][gc,start       ] GC(369665) Pause Young (Normal) (G1 Evacuation Pause)
[2020-12-23T03:31:08.714-0400][gc,task        ] GC(369665) Using 4 workers of 4 for evacuation
[2020-12-23T03:31:08.719-0400][gc,phases      ] GC(369665)   Pre Evacuate Collection Set: 0.0ms
[2020-12-23T03:31:08.719-0400][gc,phases      ] GC(369665)   Evacuate Collection Set: 3.3ms
[2020-12-23T03:31:08.719-0400][gc,phases      ] GC(369665)   Post Evacuate Collection Set: 1.6ms
[2020-12-23T03:31:08.719-0400][gc,phases      ] GC(369665)   Other: 0.9ms
[2020-12-23T03:31:08.720-0400][gc,heap        ] GC(369665) Eden regions: 10->0(10)
[2020-12-23T03:31:08.720-0400][gc,heap        ] GC(369665) Survivor regions: 1->1(2)
[2020-12-23T03:31:08.720-0400][gc,heap        ] GC(369665) Old regions: 46->46
[2020-12-23T03:31:08.720-0400][gc,heap        ] GC(369665) Humongous regions: 4->4
[2020-12-23T03:31:08.720-0400][gc,metaspace   ] GC(369665) Metaspace: 61007K->61007K(1107968K)
[2020-12-23T03:31:08.720-0400][gc,heap        ] GC(369665) Heap after GC invocations=369642 (full 10722): garbage-first heap   total 71680K, used 48898K [0x0000000083000000, 0x0000000100000000)
[2020-12-23T03:31:08.720-0400][gc,heap        ] GC(369665)   region size 1024K, 1 young (1024K), 1 survivors (1024K)
[2020-12-23T03:31:08.720-0400][gc,heap        ] GC(369665)  Metaspace       used 61007K, capacity 63721K, committed 64768K, reserved 1107968K
[2020-12-23T03:31:08.720-0400][gc,heap        ] GC(369665)   class space    used 5712K, capacity 6559K, committed 6912K, reserved 1048576K
[2020-12-23T03:31:08.720-0400][gc             ] GC(369665) Pause Young (Normal) (G1 Evacuation Pause) 57M->47M(70M) 6.220ms
[2020-12-23T03:31:08.720-0400][gc,cpu         ] GC(369665) User=0.01s Sys=0.01s Real=0.01s
[2020-12-23T03:31:43.892-0400][gc,heap        ] GC(369666) Heap before GC invocations=369642 (full 10722): garbage-first heap   total 71680K, used 58114K [0x0000000083000000, 0x0000000100000000)
[2020-12-23T03:31:43.892-0400][gc,heap        ] GC(369666)   region size 1024K, 11 young (11264K), 1 survivors (1024K)
[2020-12-23T03:31:43.892-0400][gc,heap        ] GC(369666)  Metaspace       used 61007K, capacity 63721K, committed 64768K, reserved 1107968K
[2020-12-23T03:31:43.892-0400][gc,heap        ] GC(369666)   class space    used 5712K, capacity 6559K, committed 6912K, reserved 1048576K
[2020-12-23T03:31:43.892-0400][gc,start       ] GC(369666) Pause Young (Normal) (G1 Evacuation Pause)
[2020-12-23T03:31:43.893-0400][gc,task        ] GC(369666) Using 4 workers of 4 for evacuation
[2020-12-23T03:31:43.898-0400][gc,phases      ] GC(369666)   Pre Evacuate Collection Set: 0.0ms
[2020-12-23T03:31:43.898-0400][gc,phases      ] GC(369666)   Evacuate Collection Set: 3.3ms
[2020-12-23T03:31:43.898-0400][gc,phases      ] GC(369666)   Post Evacuate Collection Set: 1.8ms
[2020-12-23T03:31:43.898-0400][gc,phases      ] GC(369666)   Other: 0.9ms
[2020-12-23T03:31:43.898-0400][gc,heap        ] GC(369666) Eden regions: 10->0(10)
[2020-12-23T03:31:43.899-0400][gc,heap        ] GC(369666) Survivor regions: 1->1(2)
[2020-12-23T03:31:43.899-0400][gc,heap        ] GC(369666) Old regions: 46->46
[2020-12-23T03:31:43.899-0400][gc,heap        ] GC(369666) Humongous regions: 4->4
[2020-12-23T03:31:43.899-0400][gc,metaspace   ] GC(369666) Metaspace: 61007K->61007K(1107968K)
[2020-12-23T03:31:43.899-0400][gc,heap        ] GC(369666) Heap after GC invocations=369643 (full 10722): garbage-first heap   total 71680K, used 48917K [0x0000000083000000, 0x0000000100000000)
[2020-12-23T03:31:43.899-0400][gc,heap        ] GC(369666)   region size 1024K, 1 young (1024K), 1 survivors (1024K)
[2020-12-23T03:31:43.899-0400][gc,heap        ] GC(369666)  Metaspace       used 61007K, capacity 63721K, committed 64768K, reserved 1107968K
[2020-12-23T03:31:43.899-0400][gc,heap        ] GC(369666)   class space    used 5712K, capacity 6559K, committed 6912K, reserved 1048576K
[2020-12-23T03:31:43.899-0400][gc             ] GC(369666) Pause Young (Normal) (G1 Evacuation Pause) 57M->47M(70M) 6.521ms
[2020-12-23T03:31:43.899-0400][gc,cpu         ] GC(369666) User=0.02s Sys=0.00s Real=0.01s
[2020-12-23T03:31:50.924-0400][gc,task        ] GC(369667) Using 3 workers of 4 for full compaction
[2020-12-23T03:31:50.924-0400][gc,start       ] GC(369667) Pause Full (System.gc())
[2020-12-23T03:31:50.924-0400][gc,heap        ] GC(369667) Heap before GC invocations=369643 (full 10722): garbage-first heap   total 71680K, used 49941K [0x0000000083000000, 0x0000000100000000)
[2020-12-23T03:31:50.924-0400][gc,heap        ] GC(369667)   region size 1024K, 3 young (3072K), 1 survivors (1024K)
[2020-12-23T03:31:50.924-0400][gc,heap        ] GC(369667)  Metaspace       used 61007K, capacity 63721K, committed 64768K, reserved 1107968K
[2020-12-23T03:31:50.924-0400][gc,heap        ] GC(369667)   class space    used 5712K, capacity 6559K, committed 6912K, reserved 1048576K
[2020-12-23T03:31:50.926-0400][gc,phases,start] GC(369667) Phase 1: Mark live objects
[2020-12-23T03:31:51.071-0400][gc,stringtable ] GC(369667) Cleaned string and symbol table, strings: 32200 processed, 0 removed, symbols: 131451 processed, 0 removed
[2020-12-23T03:31:51.071-0400][gc,phases      ] GC(369667) Phase 1: Mark live objects 145.178ms
[2020-12-23T03:31:51.071-0400][gc,phases,start] GC(369667) Phase 2: Prepare for compaction
[2020-12-23T03:31:51.101-0400][gc,phases      ] GC(369667) Phase 2: Prepare for compaction 29.157ms
[2020-12-23T03:31:51.101-0400][gc,phases,start] GC(369667) Phase 3: Adjust pointers
[2020-12-23T03:31:51.177-0400][gc,phases      ] GC(369667) Phase 3: Adjust pointers 76.439ms
[2020-12-23T03:31:51.177-0400][gc,phases,start] GC(369667) Phase 4: Compact heap
[2020-12-23T03:31:51.197-0400][gc,phases      ] GC(369667) Phase 4: Compact heap 19.325ms
[2020-12-23T03:31:51.232-0400][gc,heap        ] GC(369667) Eden regions: 2->0(11)
[2020-12-23T03:31:51.233-0400][gc,heap        ] GC(369667) Survivor regions: 1->0(2)
[2020-12-23T03:31:51.233-0400][gc,heap        ] GC(369667) Old regions: 46->46
[2020-12-23T03:31:51.233-0400][gc,heap        ] GC(369667) Humongous regions: 4->4
[2020-12-23T03:31:51.233-0400][gc,metaspace   ] GC(369667) Metaspace: 61007K->61007K(1107968K)
[2020-12-23T03:31:51.233-0400][gc,heap        ] GC(369667) Heap after GC invocations=369644 (full 10723): garbage-first heap   total 71680K, used 48416K [0x0000000083000000, 0x0000000100000000)
[2020-12-23T03:31:51.233-0400][gc,heap        ] GC(369667)   region size 1024K, 0 young (0K), 0 survivors (0K)
[2020-12-23T03:31:51.233-0400][gc,heap        ] GC(369667)  Metaspace       used 61007K, capacity 63721K, committed 64768K, reserved 1107968K
[2020-12-23T03:31:51.233-0400][gc,heap        ] GC(369667)   class space    used 5712K, capacity 6559K, committed 6912K, reserved 1048576K
[2020-12-23T03:31:51.233-0400][gc             ] GC(369667) Pause Full (System.gc()) 49M->47M(70M) 309.234ms
[2020-12-23T03:31:51.233-0400][gc,cpu         ] GC(369667) User=0.83s Sys=0.00s Real=0.31s
[2020-12-23T03:32:23.894-0400][gc,heap        ] GC(369668) Heap before GC invocations=369644 (full 10723): garbage-first heap   total 71680K, used 58656K [0x0000000083000000, 0x0000000100000000)
[2020-12-23T03:32:23.894-0400][gc,heap        ] GC(369668)   region size 1024K, 11 young (11264K), 0 survivors (0K)
[2020-12-23T03:32:23.894-0400][gc,heap        ] GC(369668)  Metaspace       used 61007K, capacity 63721K, committed 64768K, reserved 1107968K
[2020-12-23T03:32:23.894-0400][gc,heap        ] GC(369668)   class space    used 5712K, capacity 6559K, committed 6912K, reserved 1048576K
[2020-12-23T03:32:23.894-0400][gc,start       ] GC(369668) Pause Young (Normal) (G1 Evacuation Pause)
[2020-12-23T03:32:23.894-0400][gc,task        ] GC(369668) Using 4 workers of 4 for evacuation
[2020-12-23T03:32:23.900-0400][gc,phases      ] GC(369668)   Pre Evacuate Collection Set: 0.0ms
[2020-12-23T03:32:23.900-0400][gc,phases      ] GC(369668)   Evacuate Collection Set: 3.0ms
[2020-12-23T03:32:23.900-0400][gc,phases      ] GC(369668)   Post Evacuate Collection Set: 2.3ms
[2020-12-23T03:32:23.900-0400][gc,phases      ] GC(369668)   Other: 0.9ms
[2020-12-23T03:32:23.900-0400][gc,heap        ] GC(369668) Eden regions: 11->0(10)
[2020-12-23T03:32:23.900-0400][gc,heap        ] GC(369668) Survivor regions: 0->1(2)
[2020-12-23T03:32:23.901-0400][gc,heap        ] GC(369668) Old regions: 46->46
[2020-12-23T03:32:23.901-0400][gc,heap        ] GC(369668) Humongous regions: 4->4
[2020-12-23T03:32:23.901-0400][gc,metaspace   ] GC(369668) Metaspace: 61007K->61007K(1107968K)
[2020-12-23T03:32:23.901-0400][gc,heap        ] GC(369668) Heap after GC invocations=369645 (full 10723): garbage-first heap   total 71680K, used 48755K [0x0000000083000000, 0x0000000100000000)
[2020-12-23T03:32:23.901-0400][gc,heap        ] GC(369668)   region size 1024K, 1 young (1024K), 1 survivors (1024K)
[2020-12-23T03:32:23.901-0400][gc,heap        ] GC(369668)  Metaspace       used 61007K, capacity 63721K, committed 64768K, reserved 1107968K
[2020-12-23T03:32:23.901-0400][gc,heap        ] GC(369668)   class space    used 5712K, capacity 6559K, committed 6912K, reserved 1048576K
[2020-12-23T03:32:23.901-0400][gc             ] GC(369668) Pause Young (Normal) (G1 Evacuation Pause) 58M->47M(70M) 6.622ms
[2020-12-23T03:32:23.901-0400][gc,cpu         ] GC(369668) User=0.01s Sys=0.01s Real=0.01s
[2020-12-23T03:32:59.831-0400][gc,heap        ] GC(369669) Heap before GC invocations=369645 (full 10723): garbage-first heap   total 71680K, used 57971K [0x0000000083000000, 0x0000000100000000)
[2020-12-23T03:32:59.831-0400][gc,heap        ] GC(369669)   region size 1024K, 11 young (11264K), 1 survivors (1024K)
[2020-12-23T03:32:59.831-0400][gc,heap        ] GC(369669)  Metaspace       used 61007K, capacity 63721K, committed 64768K, reserved 1107968K
[2020-12-23T03:32:59.831-0400][gc,heap        ] GC(369669)   class space    used 5712K, capacity 6559K, committed 6912K, reserved 1048576K
[2020-12-23T03:32:59.831-0400][gc,start       ] GC(369669) Pause Young (Normal) (G1 Evacuation Pause)
[2020-12-23T03:32:59.831-0400][gc,task        ] GC(369669) Using 4 workers of 4 for evacuation
[2020-12-23T03:32:59.836-0400][gc,phases      ] GC(369669)   Pre Evacuate Collection Set: 0.0ms
[2020-12-23T03:32:59.837-0400][gc,phases      ] GC(369669)   Evacuate Collection Set: 3.2ms
[2020-12-23T03:32:59.837-0400][gc,phases      ] GC(369669)   Post Evacuate Collection Set: 1.8ms
[2020-12-23T03:32:59.837-0400][gc,phases      ] GC(369669)   Other: 0.9ms
[2020-12-23T03:32:59.837-0400][gc,heap        ] GC(369669) Eden regions: 10->0(10)
[2020-12-23T03:32:59.837-0400][gc,heap        ] GC(369669) Survivor regions: 1->1(2)
[2020-12-23T03:32:59.837-0400][gc,heap        ] GC(369669) Old regions: 46->46
[2020-12-23T03:32:59.837-0400][gc,heap        ] GC(369669) Humongous regions: 4->4
[2020-12-23T03:32:59.837-0400][gc,metaspace   ] GC(369669) Metaspace: 61007K->61007K(1107968K)
[2020-12-23T03:32:59.837-0400][gc,heap        ] GC(369669) Heap after GC invocations=369646 (full 10723): garbage-first heap   total 71680K, used 48793K [0x0000000083000000, 0x0000000100000000)
[2020-12-23T03:32:59.837-0400][gc,heap        ] GC(369669)   region size 1024K, 1 young (1024K), 1 survivors (1024K)
[2020-12-23T03:32:59.837-0400][gc,heap        ] GC(369669)  Metaspace       used 61007K, capacity 63721K, committed 64768K, reserved 1107968K
[2020-12-23T03:32:59.837-0400][gc,heap        ] GC(369669)   class space    used 5712K, capacity 6559K, committed 6912K, reserved 1048576K
[2020-12-23T03:32:59.837-0400][gc             ] GC(369669) Pause Young (Normal) (G1 Evacuation Pause) 57M->47M(70M) 6.299ms
[2020-12-23T03:32:59.837-0400][gc,cpu         ] GC(369669) User=0.02s Sys=0.00s Real=0.01s
[2020-12-23T03:33:30.219-0400][gc,heap        ] GC(369670) Heap before GC invocations=369646 (full 10723): garbage-first heap   total 71680K, used 58009K [0x0000000083000000, 0x0000000100000000)
[2020-12-23T03:33:30.220-0400][gc,heap        ] GC(369670)   region size 1024K, 11 young (11264K), 1 survivors (1024K)
[2020-12-23T03:33:30.220-0400][gc,heap        ] GC(369670)  Metaspace       used 61007K, capacity 63721K, committed 64768K, reserved 1107968K
[2020-12-23T03:33:30.220-0400][gc,heap        ] GC(369670)   class space    used 5712K, capacity 6559K, committed 6912K, reserved 1048576K
[2020-12-23T03:33:30.220-0400][gc,start       ] GC(369670) Pause Young (Normal) (G1 Evacuation Pause)
[2020-12-23T03:33:30.220-0400][gc,task        ] GC(369670) Using 4 workers of 4 for evacuation
[2020-12-23T03:33:30.226-0400][gc,phases      ] GC(369670)   Pre Evacuate Collection Set: 0.1ms
[2020-12-23T03:33:30.226-0400][gc,phases      ] GC(369670)   Evacuate Collection Set: 3.6ms
[2020-12-23T03:33:30.226-0400][gc,phases      ] GC(369670)   Post Evacuate Collection Set: 1.5ms
[2020-12-23T03:33:30.226-0400][gc,phases      ] GC(369670)   Other: 0.9ms
[2020-12-23T03:33:30.226-0400][gc,heap        ] GC(369670) Eden regions: 10->0(10)
[2020-12-23T03:33:30.226-0400][gc,heap        ] GC(369670) Survivor regions: 1->1(2)
[2020-12-23T03:33:30.226-0400][gc,heap        ] GC(369670) Old regions: 46->46
[2020-12-23T03:33:30.226-0400][gc,heap        ] GC(369670) Humongous regions: 4->4
[2020-12-23T03:33:30.226-0400][gc,metaspace   ] GC(369670) Metaspace: 61007K->61007K(1107968K)
[2020-12-23T03:33:30.226-0400][gc,heap        ] GC(369670) Heap after GC invocations=369647 (full 10723): garbage-first heap   total 71680K, used 48894K [0x0000000083000000, 0x0000000100000000)
[2020-12-23T03:33:30.226-0400][gc,heap        ] GC(369670)   region size 1024K, 1 young (1024K), 1 survivors (1024K)
[2020-12-23T03:33:30.226-0400][gc,heap        ] GC(369670)  Metaspace       used 61007K, capacity 63721K, committed 64768K, reserved 1107968K
[2020-12-23T03:33:30.226-0400][gc,heap        ] GC(369670)   class space    used 5712K, capacity 6559K, committed 6912K, reserved 1048576K
[2020-12-23T03:33:30.226-0400][gc             ] GC(369670) Pause Young (Normal) (G1 Evacuation Pause) 57M->47M(70M) 6.427ms
[2020-12-23T03:33:30.226-0400][gc,cpu         ] GC(369670) User=0.01s Sys=0.00s Real=0.01s
[2020-12-23T03:34:00.446-0400][gc,heap        ] GC(369671) Heap before GC invocations=369647 (full 10723): garbage-first heap   total 71680K, used 58110K [0x0000000083000000, 0x0000000100000000)
[2020-12-23T03:34:00.446-0400][gc,heap        ] GC(369671)   region size 1024K, 11 young (11264K), 1 survivors (1024K)
[2020-12-23T03:34:00.446-0400][gc,heap        ] GC(369671)  Metaspace       used 61007K, capacity 63721K, committed 64768K, reserved 1107968K
[2020-12-23T03:34:00.446-0400][gc,heap        ] GC(369671)   class space    used 5712K, capacity 6559K, committed 6912K, reserved 1048576K
[2020-12-23T03:34:00.446-0400][gc,start       ] GC(369671) Pause Young (Normal) (G1 Evacuation Pause)
[2020-12-23T03:34:00.446-0400][gc,task        ] GC(369671) Using 4 workers of 4 for evacuation
[2020-12-23T03:34:00.452-0400][gc,phases      ] GC(369671)   Pre Evacuate Collection Set: 0.0ms
[2020-12-23T03:34:00.452-0400][gc,phases      ] GC(369671)   Evacuate Collection Set: 4.0ms
[2020-12-23T03:34:00.452-0400][gc,phases      ] GC(369671)   Post Evacuate Collection Set: 1.7ms
[2020-12-23T03:34:00.453-0400][gc,phases      ] GC(369671)   Other: 0.8ms
[2020-12-23T03:34:00.453-0400][gc,heap        ] GC(369671) Eden regions: 10->0(10)
[2020-12-23T03:34:00.453-0400][gc,heap        ] GC(369671) Survivor regions: 1->1(2)
[2020-12-23T03:34:00.453-0400][gc,heap        ] GC(369671) Old regions: 46->46
[2020-12-23T03:34:00.453-0400][gc,heap        ] GC(369671) Humongous regions: 4->4
[2020-12-23T03:34:00.453-0400][gc,metaspace   ] GC(369671) Metaspace: 61007K->61007K(1107968K)
[2020-12-23T03:34:00.453-0400][gc,heap        ] GC(369671) Heap after GC invocations=369648 (full 10723): garbage-first heap   total 71680K, used 48995K [0x0000000083000000, 0x0000000100000000)
[2020-12-23T03:34:00.453-0400][gc,heap        ] GC(369671)   region size 1024K, 1 young (1024K), 1 survivors (1024K)
[2020-12-23T03:34:00.453-0400][gc,heap        ] GC(369671)  Metaspace       used 61007K, capacity 63721K, committed 64768K, reserved 1107968K
[2020-12-23T03:34:00.453-0400][gc,heap        ] GC(369671)   class space    used 5712K, capacity 6559K, committed 6912K, reserved 1048576K
[2020-12-23T03:34:00.453-0400][gc             ] GC(369671) Pause Young (Normal) (G1 Evacuation Pause) 57M->47M(70M) 6.962ms
[2020-12-23T03:34:00.453-0400][gc,cpu         ] GC(369671) User=0.01s Sys=0.01s Real=0.00s
[2020-12-23T03:34:33.889-0400][gc,heap        ] GC(369672) Heap before GC invocations=369648 (full 10723): garbage-first heap   total 71680K, used 58211K [0x0000000083000000, 0x0000000100000000)
[2020-12-23T03:34:33.889-0400][gc,heap        ] GC(369672)   region size 1024K, 11 young (11264K), 1 survivors (1024K)
[2020-12-23T03:34:33.889-0400][gc,heap        ] GC(369672)  Metaspace       used 61007K, capacity 63721K, committed 64768K, reserved 1107968K
[2020-12-23T03:34:33.889-0400][gc,heap        ] GC(369672)   class space    used 5712K, capacity 6559K, committed 6912K, reserved 1048576K
[2020-12-23T03:34:33.889-0400][gc,start       ] GC(369672) Pause Young (Normal) (G1 Evacuation Pause)
[2020-12-23T03:34:33.890-0400][gc,task        ] GC(369672) Using 4 workers of 4 for evacuation
[2020-12-23T03:34:33.895-0400][gc,phases      ] GC(369672)   Pre Evacuate Collection Set: 0.0ms
[2020-12-23T03:34:33.895-0400][gc,phases      ] GC(369672)   Evacuate Collection Set: 3.3ms
[2020-12-23T03:34:33.895-0400][gc,phases      ] GC(369672)   Post Evacuate Collection Set: 2.0ms
[2020-12-23T03:34:33.896-0400][gc,phases      ] GC(369672)   Other: 0.8ms
[2020-12-23T03:34:33.896-0400][gc,heap        ] GC(369672) Eden regions: 10->0(10)
[2020-12-23T03:34:33.896-0400][gc,heap        ] GC(369672) Survivor regions: 1->1(2)
[2020-12-23T03:34:33.896-0400][gc,heap        ] GC(369672) Old regions: 46->46
[2020-12-23T03:34:33.896-0400][gc,heap        ] GC(369672) Humongous regions: 4->4
[2020-12-23T03:34:33.896-0400][gc,metaspace   ] GC(369672) Metaspace: 61007K->61007K(1107968K)
[2020-12-23T03:34:33.896-0400][gc,heap        ] GC(369672) Heap after GC invocations=369649 (full 10723): garbage-first heap   total 71680K, used 48927K [0x0000000083000000, 0x0000000100000000)
[2020-12-23T03:34:33.896-0400][gc,heap        ] GC(369672)   region size 1024K, 1 young (1024K), 1 survivors (1024K)
[2020-12-23T03:34:33.896-0400][gc,heap        ] GC(369672)  Metaspace       used 61007K, capacity 63721K, committed 64768K, reserved 1107968K
[2020-12-23T03:34:33.896-0400][gc,heap        ] GC(369672)   class space    used 5712K, capacity 6559K, committed 6912K, reserved 1048576K
[2020-12-23T03:34:33.896-0400][gc             ] GC(369672) Pause Young (Normal) (G1 Evacuation Pause) 57M->47M(70M) 6.719ms
[2020-12-23T03:34:33.896-0400][gc,cpu         ] GC(369672) User=0.01s Sys=0.00s Real=0.01s
[2020-12-23T03:35:04.112-0400][gc,heap        ] GC(369673) Heap before GC invocations=369649 (full 10723): garbage-first heap   total 71680K, used 59167K [0x0000000083000000, 0x0000000100000000)
[2020-12-23T03:35:04.113-0400][gc,heap        ] GC(369673)   region size 1024K, 11 young (11264K), 1 survivors (1024K)
[2020-12-23T03:35:04.113-0400][gc,heap        ] GC(369673)  Metaspace       used 61007K, capacity 63721K, committed 64768K, reserved 1107968K
[2020-12-23T03:35:04.113-0400][gc,heap        ] GC(369673)   class space    used 5712K, capacity 6559K, committed 6912K, reserved 1048576K
[2020-12-23T03:35:04.113-0400][gc,start       ] GC(369673) Pause Young (Normal) (G1 Evacuation Pause)
[2020-12-23T03:35:04.113-0400][gc,task        ] GC(369673) Using 4 workers of 4 for evacuation
[2020-12-23T03:35:04.119-0400][gc,phases      ] GC(369673)   Pre Evacuate Collection Set: 0.0ms
[2020-12-23T03:35:04.119-0400][gc,phases      ] GC(369673)   Evacuate Collection Set: 3.7ms
[2020-12-23T03:35:04.119-0400][gc,phases      ] GC(369673)   Post Evacuate Collection Set: 1.6ms
[2020-12-23T03:35:04.119-0400][gc,phases      ] GC(369673)   Other: 0.9ms
[2020-12-23T03:35:04.119-0400][gc,heap        ] GC(369673) Eden regions: 10->0(10)
[2020-12-23T03:35:04.119-0400][gc,heap        ] GC(369673) Survivor regions: 1->1(2)
[2020-12-23T03:35:04.119-0400][gc,heap        ] GC(369673) Old regions: 46->46
[2020-12-23T03:35:04.119-0400][gc,heap        ] GC(369673) Humongous regions: 4->4
[2020-12-23T03:35:04.119-0400][gc,metaspace   ] GC(369673) Metaspace: 61007K->61007K(1107968K)
[2020-12-23T03:35:04.119-0400][gc,heap        ] GC(369673) Heap after GC invocations=369650 (full 10723): garbage-first heap   total 71680K, used 48928K [0x0000000083000000, 0x0000000100000000)
[2020-12-23T03:35:04.119-0400][gc,heap        ] GC(369673)   region size 1024K, 1 young (1024K), 1 survivors (1024K)
[2020-12-23T03:35:04.119-0400][gc,heap        ] GC(369673)  Metaspace       used 61007K, capacity 63721K, committed 64768K, reserved 1107968K
[2020-12-23T03:35:04.119-0400][gc,heap        ] GC(369673)   class space    used 5712K, capacity 6559K, committed 6912K, reserved 1048576K
[2020-12-23T03:35:04.119-0400][gc             ] GC(369673) Pause Young (Normal) (G1 Evacuation Pause) 57M->47M(70M) 6.624ms
[2020-12-23T03:35:04.120-0400][gc,cpu         ] GC(369673) User=0.01s Sys=0.01s Real=0.01s
[2020-12-23T03:35:41.507-0400][gc,heap        ] GC(369674) Heap before GC invocations=369650 (full 10723): garbage-first heap   total 71680K, used 58144K [0x0000000083000000, 0x0000000100000000)
[2020-12-23T03:35:41.507-0400][gc,heap        ] GC(369674)   region size 1024K, 11 young (11264K), 1 survivors (1024K)
[2020-12-23T03:35:41.507-0400][gc,heap        ] GC(369674)  Metaspace       used 61007K, capacity 63721K, committed 64768K, reserved 1107968K
[2020-12-23T03:35:41.507-0400][gc,heap        ] GC(369674)   class space    used 5712K, capacity 6559K, committed 6912K, reserved 1048576K
[2020-12-23T03:35:41.507-0400][gc,start       ] GC(369674) Pause Young (Normal) (G1 Evacuation Pause)
[2020-12-23T03:35:41.507-0400][gc,task        ] GC(369674) Using 4 workers of 4 for evacuation
[2020-12-23T03:35:41.513-0400][gc,phases      ] GC(369674)   Pre Evacuate Collection Set: 0.0ms
[2020-12-23T03:35:41.513-0400][gc,phases      ] GC(369674)   Evacuate Collection Set: 3.5ms
[2020-12-23T03:35:41.513-0400][gc,phases      ] GC(369674)   Post Evacuate Collection Set: 1.5ms
[2020-12-23T03:35:41.513-0400][gc,phases      ] GC(369674)   Other: 0.8ms
[2020-12-23T03:35:41.513-0400][gc,heap        ] GC(369674) Eden regions: 10->0(10)
[2020-12-23T03:35:41.513-0400][gc,heap        ] GC(369674) Survivor regions: 1->1(2)
[2020-12-23T03:35:41.513-0400][gc,heap        ] GC(369674) Old regions: 46->46
[2020-12-23T03:35:41.513-0400][gc,heap        ] GC(369674) Humongous regions: 4->4
[2020-12-23T03:35:41.513-0400][gc,metaspace   ] GC(369674) Metaspace: 61007K->61007K(1107968K)
[2020-12-23T03:35:41.513-0400][gc,heap        ] GC(369674) Heap after GC invocations=369651 (full 10723): garbage-first heap   total 71680K, used 48828K [0x0000000083000000, 0x0000000100000000)
[2020-12-23T03:35:41.513-0400][gc,heap        ] GC(369674)   region size 1024K, 1 young (1024K), 1 survivors (1024K)
[2020-12-23T03:35:41.514-0400][gc,heap        ] GC(369674)  Metaspace       used 61007K, capacity 63721K, committed 64768K, reserved 1107968K
[2020-12-23T03:35:41.514-0400][gc,heap        ] GC(369674)   class space    used 5712K, capacity 6559K, committed 6912K, reserved 1048576K
[2020-12-23T03:35:41.514-0400][gc             ] GC(369674) Pause Young (Normal) (G1 Evacuation Pause) 57M->47M(70M) 6.281ms
[2020-12-23T03:35:41.514-0400][gc,cpu         ] GC(369674) User=0.00s Sys=0.01s Real=0.00s
[2020-12-23T03:36:01.695-0400][gc,heap        ] GC(369675) Heap before GC invocations=369651 (full 10723): garbage-first heap   total 71680K, used 58044K [0x0000000083000000, 0x0000000100000000)
[2020-12-23T03:36:01.696-0400][gc,heap        ] GC(369675)   region size 1024K, 11 young (11264K), 1 survivors (1024K)
[2020-12-23T03:36:01.696-0400][gc,heap        ] GC(369675)  Metaspace       used 61007K, capacity 63721K, committed 64768K, reserved 1107968K
[2020-12-23T03:36:01.696-0400][gc,heap        ] GC(369675)   class space    used 5712K, capacity 6559K, committed 6912K, reserved 1048576K
[2020-12-23T03:36:01.696-0400][gc,start       ] GC(369675) Pause Young (Normal) (G1 Evacuation Pause)
[2020-12-23T03:36:01.696-0400][gc,task        ] GC(369675) Using 4 workers of 4 for evacuation
[2020-12-23T03:36:01.701-0400][gc,phases      ] GC(369675)   Pre Evacuate Collection Set: 0.0ms
[2020-12-23T03:36:01.701-0400][gc,phases      ] GC(369675)   Evacuate Collection Set: 3.6ms
[2020-12-23T03:36:01.702-0400][gc,phases      ] GC(369675)   Post Evacuate Collection Set: 1.5ms
[2020-12-23T03:36:01.702-0400][gc,phases      ] GC(369675)   Other: 0.9ms
[2020-12-23T03:36:01.702-0400][gc,heap        ] GC(369675) Eden regions: 10->0(10)
[2020-12-23T03:36:01.702-0400][gc,heap        ] GC(369675) Survivor regions: 1->1(2)
[2020-12-23T03:36:01.702-0400][gc,heap        ] GC(369675) Old regions: 46->46
[2020-12-23T03:36:01.702-0400][gc,heap        ] GC(369675) Humongous regions: 4->4
[2020-12-23T03:36:01.702-0400][gc,metaspace   ] GC(369675) Metaspace: 61007K->61007K(1107968K)
[2020-12-23T03:36:01.702-0400][gc,heap        ] GC(369675) Heap after GC invocations=369652 (full 10723): garbage-first heap   total 71680K, used 48894K [0x0000000083000000, 0x0000000100000000)
[2020-12-23T03:36:01.702-0400][gc,heap        ] GC(369675)   region size 1024K, 1 young (1024K), 1 survivors (1024K)
[2020-12-23T03:36:01.702-0400][gc,heap        ] GC(369675)  Metaspace       used 61007K, capacity 63721K, committed 64768K, reserved 1107968K
[2020-12-23T03:36:01.702-0400][gc,heap        ] GC(369675)   class space    used 5712K, capacity 6559K, committed 6912K, reserved 1048576K
[2020-12-23T03:36:01.702-0400][gc             ] GC(369675) Pause Young (Normal) (G1 Evacuation Pause) 57M->47M(70M) 6.321ms
[2020-12-23T03:36:01.702-0400][gc,cpu         ] GC(369675) User=0.01s Sys=0.01s Real=0.00s
[2020-12-23T03:36:26.682-0400][gc,heap        ] GC(369676) Heap before GC invocations=369652 (full 10723): garbage-first heap   total 71680K, used 58110K [0x0000000083000000, 0x0000000100000000)
[2020-12-23T03:36:26.682-0400][gc,heap        ] GC(369676)   region size 1024K, 11 young (11264K), 1 survivors (1024K)
[2020-12-23T03:36:26.682-0400][gc,heap        ] GC(369676)  Metaspace       used 61007K, capacity 63721K, committed 64768K, reserved 1107968K
[2020-12-23T03:36:26.682-0400][gc,heap        ] GC(369676)   class space    used 5712K, capacity 6559K, committed 6912K, reserved 1048576K
[2020-12-23T03:36:26.683-0400][gc,start       ] GC(369676) Pause Young (Normal) (G1 Evacuation Pause)
[2020-12-23T03:36:26.683-0400][gc,task        ] GC(369676) Using 4 workers of 4 for evacuation
[2020-12-23T03:36:26.690-0400][gc,phases      ] GC(369676)   Pre Evacuate Collection Set: 0.0ms
[2020-12-23T03:36:26.690-0400][gc,phases      ] GC(369676)   Evacuate Collection Set: 3.9ms
[2020-12-23T03:36:26.690-0400][gc,phases      ] GC(369676)   Post Evacuate Collection Set: 2.0ms
[2020-12-23T03:36:26.690-0400][gc,phases      ] GC(369676)   Other: 1.5ms
[2020-12-23T03:36:26.690-0400][gc,heap        ] GC(369676) Eden regions: 10->0(10)
[2020-12-23T03:36:26.690-0400][gc,heap        ] GC(369676) Survivor regions: 1->1(2)
[2020-12-23T03:36:26.690-0400][gc,heap        ] GC(369676) Old regions: 46->46
[2020-12-23T03:36:26.690-0400][gc,heap        ] GC(369676) Humongous regions: 4->4
[2020-12-23T03:36:26.690-0400][gc,metaspace   ] GC(369676) Metaspace: 61007K->61007K(1107968K)
[2020-12-23T03:36:26.690-0400][gc,heap        ] GC(369676) Heap after GC invocations=369653 (full 10723): garbage-first heap   total 71680K, used 48815K [0x0000000083000000, 0x0000000100000000)
[2020-12-23T03:36:26.690-0400][gc,heap        ] GC(369676)   region size 1024K, 1 young (1024K), 1 survivors (1024K)
[2020-12-23T03:36:26.690-0400][gc,heap        ] GC(369676)  Metaspace       used 61007K, capacity 63721K, committed 64768K, reserved 1107968K
[2020-12-23T03:36:26.690-0400][gc,heap        ] GC(369676)   class space    used 5712K, capacity 6559K, committed 6912K, reserved 1048576K
[2020-12-23T03:36:26.691-0400][gc             ] GC(369676) Pause Young (Normal) (G1 Evacuation Pause) 57M->47M(70M) 7.935ms
[2020-12-23T03:36:26.691-0400][gc,cpu         ] GC(369676) User=0.01s Sys=0.01s Real=0.01s
[2020-12-23T03:36:50.924-0400][gc,task        ] GC(369677) Using 3 workers of 4 for full compaction
[2020-12-23T03:36:50.924-0400][gc,start       ] GC(369677) Pause Full (System.gc())
[2020-12-23T03:36:50.924-0400][gc,heap        ] GC(369677) Heap before GC invocations=369653 (full 10723): garbage-first heap   total 71680K, used 57007K [0x0000000083000000, 0x0000000100000000)
[2020-12-23T03:36:50.924-0400][gc,heap        ] GC(369677)   region size 1024K, 10 young (10240K), 1 survivors (1024K)
[2020-12-23T03:36:50.925-0400][gc,heap        ] GC(369677)  Metaspace       used 61007K, capacity 63721K, committed 64768K, reserved 1107968K
[2020-12-23T03:36:50.925-0400][gc,heap        ] GC(369677)   class space    used 5712K, capacity 6559K, committed 6912K, reserved 1048576K
[2020-12-23T03:36:50.927-0400][gc,phases,start] GC(369677) Phase 1: Mark live objects
[2020-12-23T03:36:51.073-0400][gc,stringtable ] GC(369677) Cleaned string and symbol table, strings: 32200 processed, 0 removed, symbols: 131451 processed, 0 removed
[2020-12-23T03:36:51.073-0400][gc,phases      ] GC(369677) Phase 1: Mark live objects 146.375ms
[2020-12-23T03:36:51.073-0400][gc,phases,start] GC(369677) Phase 2: Prepare for compaction
[2020-12-23T03:36:51.104-0400][gc,phases      ] GC(369677) Phase 2: Prepare for compaction 30.897ms
[2020-12-23T03:36:51.104-0400][gc,phases,start] GC(369677) Phase 3: Adjust pointers
[2020-12-23T03:36:51.179-0400][gc,phases      ] GC(369677) Phase 3: Adjust pointers 75.090ms
[2020-12-23T03:36:51.179-0400][gc,phases,start] GC(369677) Phase 4: Compact heap
[2020-12-23T03:36:51.199-0400][gc,phases      ] GC(369677) Phase 4: Compact heap 19.557ms
[2020-12-23T03:36:51.234-0400][gc,heap        ] GC(369677) Eden regions: 9->0(11)
[2020-12-23T03:36:51.234-0400][gc,heap        ] GC(369677) Survivor regions: 1->0(2)
[2020-12-23T03:36:51.234-0400][gc,heap        ] GC(369677) Old regions: 46->46
[2020-12-23T03:36:51.234-0400][gc,heap        ] GC(369677) Humongous regions: 4->4
[2020-12-23T03:36:51.235-0400][gc,metaspace   ] GC(369677) Metaspace: 61007K->61007K(1107968K)
[2020-12-23T03:36:51.235-0400][gc,heap        ] GC(369677) Heap after GC invocations=369654 (full 10724): garbage-first heap   total 71680K, used 48440K [0x0000000083000000, 0x0000000100000000)
[2020-12-23T03:36:51.235-0400][gc,heap        ] GC(369677)   region size 1024K, 0 young (0K), 0 survivors (0K)
[2020-12-23T03:36:51.235-0400][gc,heap        ] GC(369677)  Metaspace       used 61007K, capacity 63721K, committed 64768K, reserved 1107968K
[2020-12-23T03:36:51.235-0400][gc,heap        ] GC(369677)   class space    used 5712K, capacity 6559K, committed 6912K, reserved 1048576K
[2020-12-23T03:36:51.235-0400][gc             ] GC(369677) Pause Full (System.gc()) 55M->47M(70M) 310.455ms
[2020-12-23T03:36:51.235-0400][gc,cpu         ] GC(369677) User=0.84s Sys=0.00s Real=0.31s
[2020-12-23T03:37:22.675-0400][gc,heap        ] GC(369678) Heap before GC invocations=369654 (full 10724): garbage-first heap   total 71680K, used 59704K [0x0000000083000000, 0x0000000100000000)
[2020-12-23T03:37:22.675-0400][gc,heap        ] GC(369678)   region size 1024K, 11 young (11264K), 0 survivors (0K)
[2020-12-23T03:37:22.675-0400][gc,heap        ] GC(369678)  Metaspace       used 61007K, capacity 63721K, committed 64768K, reserved 1107968K
[2020-12-23T03:37:22.675-0400][gc,heap        ] GC(369678)   class space    used 5712K, capacity 6559K, committed 6912K, reserved 1048576K
[2020-12-23T03:37:22.675-0400][gc,start       ] GC(369678) Pause Young (Normal) (G1 Evacuation Pause)
[2020-12-23T03:37:22.675-0400][gc,task        ] GC(369678) Using 4 workers of 4 for evacuation
[2020-12-23T03:37:22.681-0400][gc,phases      ] GC(369678)   Pre Evacuate Collection Set: 0.0ms
[2020-12-23T03:37:22.681-0400][gc,phases      ] GC(369678)   Evacuate Collection Set: 3.2ms
[2020-12-23T03:37:22.681-0400][gc,phases      ] GC(369678)   Post Evacuate Collection Set: 1.8ms
[2020-12-23T03:37:22.681-0400][gc,phases      ] GC(369678)   Other: 0.9ms
[2020-12-23T03:37:22.681-0400][gc,heap        ] GC(369678) Eden regions: 11->0(10)
[2020-12-23T03:37:22.681-0400][gc,heap        ] GC(369678) Survivor regions: 0->1(2)
[2020-12-23T03:37:22.681-0400][gc,heap        ] GC(369678) Old regions: 46->46
[2020-12-23T03:37:22.681-0400][gc,heap        ] GC(369678) Humongous regions: 4->4
[2020-12-23T03:37:22.681-0400][gc,metaspace   ] GC(369678) Metaspace: 61007K->61007K(1107968K)
[2020-12-23T03:37:22.681-0400][gc,heap        ] GC(369678) Heap after GC invocations=369655 (full 10724): garbage-first heap   total 71680K, used 48749K [0x0000000083000000, 0x0000000100000000)
[2020-12-23T03:37:22.681-0400][gc,heap        ] GC(369678)   region size 1024K, 1 young (1024K), 1 survivors (1024K)
[2020-12-23T03:37:22.681-0400][gc,heap        ] GC(369678)  Metaspace       used 61007K, capacity 63721K, committed 64768K, reserved 1107968K
[2020-12-23T03:37:22.681-0400][gc,heap        ] GC(369678)   class space    used 5712K, capacity 6559K, committed 6912K, reserved 1048576K
[2020-12-23T03:37:22.681-0400][gc             ] GC(369678) Pause Young (Normal) (G1 Evacuation Pause) 58M->47M(70M) 6.362ms
[2020-12-23T03:37:22.681-0400][gc,cpu         ] GC(369678) User=0.01s Sys=0.00s Real=0.01s
[2020-12-23T03:37:59.911-0400][gc,heap        ] GC(369679) Heap before GC invocations=369655 (full 10724): garbage-first heap   total 71680K, used 57965K [0x0000000083000000, 0x0000000100000000)
[2020-12-23T03:37:59.912-0400][gc,heap        ] GC(369679)   region size 1024K, 11 young (11264K), 1 survivors (1024K)
[2020-12-23T03:37:59.912-0400][gc,heap        ] GC(369679)  Metaspace       used 61007K, capacity 63721K, committed 64768K, reserved 1107968K
[2020-12-23T03:37:59.912-0400][gc,heap        ] GC(369679)   class space    used 5712K, capacity 6559K, committed 6912K, reserved 1048576K
[2020-12-23T03:37:59.912-0400][gc,start       ] GC(369679) Pause Young (Normal) (G1 Evacuation Pause)
[2020-12-23T03:37:59.912-0400][gc,task        ] GC(369679) Using 4 workers of 4 for evacuation
[2020-12-23T03:37:59.917-0400][gc,phases      ] GC(369679)   Pre Evacuate Collection Set: 0.0ms
[2020-12-23T03:37:59.917-0400][gc,phases      ] GC(369679)   Evacuate Collection Set: 3.0ms
[2020-12-23T03:37:59.917-0400][gc,phases      ] GC(369679)   Post Evacuate Collection Set: 1.7ms
[2020-12-23T03:37:59.917-0400][gc,phases      ] GC(369679)   Other: 0.9ms
[2020-12-23T03:37:59.917-0400][gc,heap        ] GC(369679) Eden regions: 10->0(10)
[2020-12-23T03:37:59.917-0400][gc,heap        ] GC(369679) Survivor regions: 1->1(2)
[2020-12-23T03:37:59.917-0400][gc,heap        ] GC(369679) Old regions: 46->46
[2020-12-23T03:37:59.917-0400][gc,heap        ] GC(369679) Humongous regions: 4->4
[2020-12-23T03:37:59.918-0400][gc,metaspace   ] GC(369679) Metaspace: 61007K->61007K(1107968K)
[2020-12-23T03:37:59.918-0400][gc,heap        ] GC(369679) Heap after GC invocations=369656 (full 10724): garbage-first heap   total 71680K, used 48709K [0x0000000083000000, 0x0000000100000000)
[2020-12-23T03:37:59.918-0400][gc,heap        ] GC(369679)   region size 1024K, 1 young (1024K), 1 survivors (1024K)
[2020-12-23T03:37:59.918-0400][gc,heap        ] GC(369679)  Metaspace       used 61007K, capacity 63721K, committed 64768K, reserved 1107968K
[2020-12-23T03:37:59.918-0400][gc,heap        ] GC(369679)   class space    used 5712K, capacity 6559K, committed 6912K, reserved 1048576K
[2020-12-23T03:37:59.918-0400][gc             ] GC(369679) Pause Young (Normal) (G1 Evacuation Pause) 57M->47M(70M) 5.955ms
[2020-12-23T03:37:59.918-0400][gc,cpu         ] GC(369679) User=0.02s Sys=0.01s Real=0.01s
[2020-12-23T03:38:31.763-0400][gc,heap        ] GC(369680) Heap before GC invocations=369656 (full 10724): garbage-first heap   total 71680K, used 57925K [0x0000000083000000, 0x0000000100000000)
[2020-12-23T03:38:31.763-0400][gc,heap        ] GC(369680)   region size 1024K, 11 young (11264K), 1 survivors (1024K)
[2020-12-23T03:38:31.764-0400][gc,heap        ] GC(369680)  Metaspace       used 61007K, capacity 63721K, committed 64768K, reserved 1107968K
[2020-12-23T03:38:31.764-0400][gc,heap        ] GC(369680)   class space    used 5712K, capacity 6559K, committed 6912K, reserved 1048576K
[2020-12-23T03:38:31.764-0400][gc,start       ] GC(369680) Pause Young (Normal) (G1 Evacuation Pause)
[2020-12-23T03:38:31.764-0400][gc,task        ] GC(369680) Using 4 workers of 4 for evacuation
[2020-12-23T03:38:31.769-0400][gc,phases      ] GC(369680)   Pre Evacuate Collection Set: 0.0ms
[2020-12-23T03:38:31.769-0400][gc,phases      ] GC(369680)   Evacuate Collection Set: 3.3ms
[2020-12-23T03:38:31.770-0400][gc,phases      ] GC(369680)   Post Evacuate Collection Set: 1.7ms
[2020-12-23T03:38:31.770-0400][gc,phases      ] GC(369680)   Other: 1.0ms
[2020-12-23T03:38:31.770-0400][gc,heap        ] GC(369680) Eden regions: 10->0(10)
[2020-12-23T03:38:31.770-0400][gc,heap        ] GC(369680) Survivor regions: 1->1(2)
[2020-12-23T03:38:31.770-0400][gc,heap        ] GC(369680) Old regions: 46->46
[2020-12-23T03:38:31.770-0400][gc,heap        ] GC(369680) Humongous regions: 4->4
[2020-12-23T03:38:31.770-0400][gc,metaspace   ] GC(369680) Metaspace: 61007K->61007K(1107968K)
[2020-12-23T03:38:31.770-0400][gc,heap        ] GC(369680) Heap after GC invocations=369657 (full 10724): garbage-first heap   total 71680K, used 48800K [0x0000000083000000, 0x0000000100000000)
[2020-12-23T03:38:31.770-0400][gc,heap        ] GC(369680)   region size 1024K, 1 young (1024K), 1 survivors (1024K)
[2020-12-23T03:38:31.770-0400][gc,heap        ] GC(369680)  Metaspace       used 61007K, capacity 63721K, committed 64768K, reserved 1107968K
[2020-12-23T03:38:31.770-0400][gc,heap        ] GC(369680)   class space    used 5712K, capacity 6559K, committed 6912K, reserved 1048576K
[2020-12-23T03:38:31.770-0400][gc             ] GC(369680) Pause Young (Normal) (G1 Evacuation Pause) 57M->47M(70M) 6.414ms
[2020-12-23T03:38:31.770-0400][gc,cpu         ] GC(369680) User=0.01s Sys=0.01s Real=0.01s
[2020-12-23T03:39:03.889-0400][gc,heap        ] GC(369681) Heap before GC invocations=369657 (full 10724): garbage-first heap   total 71680K, used 58016K [0x0000000083000000, 0x0000000100000000)
[2020-12-23T03:39:03.889-0400][gc,heap        ] GC(369681)   region size 1024K, 11 young (11264K), 1 survivors (1024K)
[2020-12-23T03:39:03.889-0400][gc,heap        ] GC(369681)  Metaspace       used 61007K, capacity 63721K, committed 64768K, reserved 1107968K
[2020-12-23T03:39:03.889-0400][gc,heap        ] GC(369681)   class space    used 5712K, capacity 6559K, committed 6912K, reserved 1048576K
[2020-12-23T03:39:03.890-0400][gc,start       ] GC(369681) Pause Young (Normal) (G1 Evacuation Pause)
[2020-12-23T03:39:03.890-0400][gc,task        ] GC(369681) Using 4 workers of 4 for evacuation
[2020-12-23T03:39:03.896-0400][gc,phases      ] GC(369681)   Pre Evacuate Collection Set: 0.0ms
[2020-12-23T03:39:03.896-0400][gc,phases      ] GC(369681)   Evacuate Collection Set: 3.2ms
[2020-12-23T03:39:03.896-0400][gc,phases      ] GC(369681)   Post Evacuate Collection Set: 2.1ms
[2020-12-23T03:39:03.896-0400][gc,phases      ] GC(369681)   Other: 0.9ms
[2020-12-23T03:39:03.896-0400][gc,heap        ] GC(369681) Eden regions: 10->0(10)
[2020-12-23T03:39:03.896-0400][gc,heap        ] GC(369681) Survivor regions: 1->1(2)
[2020-12-23T03:39:03.896-0400][gc,heap        ] GC(369681) Old regions: 46->46
[2020-12-23T03:39:03.896-0400][gc,heap        ] GC(369681) Humongous regions: 4->4
[2020-12-23T03:39:03.896-0400][gc,metaspace   ] GC(369681) Metaspace: 61007K->61007K(1107968K)
[2020-12-23T03:39:03.896-0400][gc,heap        ] GC(369681) Heap after GC invocations=369658 (full 10724): garbage-first heap   total 71680K, used 48833K [0x0000000083000000, 0x0000000100000000)
[2020-12-23T03:39:03.896-0400][gc,heap        ] GC(369681)   region size 1024K, 1 young (1024K), 1 survivors (1024K)
[2020-12-23T03:39:03.896-0400][gc,heap        ] GC(369681)  Metaspace       used 61007K, capacity 63721K, committed 64768K, reserved 1107968K
[2020-12-23T03:39:03.896-0400][gc,heap        ] GC(369681)   class space    used 5712K, capacity 6559K, committed 6912K, reserved 1048576K
[2020-12-23T03:39:03.896-0400][gc             ] GC(369681) Pause Young (Normal) (G1 Evacuation Pause) 57M->47M(70M) 6.632ms
[2020-12-23T03:39:03.896-0400][gc,cpu         ] GC(369681) User=0.01s Sys=0.02s Real=0.01s
[2020-12-23T03:39:43.565-0400][gc,heap        ] GC(369682) Heap before GC invocations=369658 (full 10724): garbage-first heap   total 71680K, used 59073K [0x0000000083000000, 0x0000000100000000)
[2020-12-23T03:39:43.565-0400][gc,heap        ] GC(369682)   region size 1024K, 11 young (11264K), 1 survivors (1024K)
[2020-12-23T03:39:43.565-0400][gc,heap        ] GC(369682)  Metaspace       used 61007K, capacity 63721K, committed 64768K, reserved 1107968K
[2020-12-23T03:39:43.565-0400][gc,heap        ] GC(369682)   class space    used 5712K, capacity 6559K, committed 6912K, reserved 1048576K
[2020-12-23T03:39:43.565-0400][gc,start       ] GC(369682) Pause Young (Normal) (G1 Evacuation Pause)
[2020-12-23T03:39:43.565-0400][gc,task        ] GC(369682) Using 4 workers of 4 for evacuation
[2020-12-23T03:39:43.573-0400][gc,phases      ] GC(369682)   Pre Evacuate Collection Set: 0.0ms
[2020-12-23T03:39:43.573-0400][gc,phases      ] GC(369682)   Evacuate Collection Set: 4.3ms
[2020-12-23T03:39:43.573-0400][gc,phases      ] GC(369682)   Post Evacuate Collection Set: 3.1ms
[2020-12-23T03:39:43.573-0400][gc,phases      ] GC(369682)   Other: 1.1ms
[2020-12-23T03:39:43.574-0400][gc,heap        ] GC(369682) Eden regions: 10->0(10)
[2020-12-23T03:39:43.574-0400][gc,heap        ] GC(369682) Survivor regions: 1->1(2)
[2020-12-23T03:39:43.574-0400][gc,heap        ] GC(369682) Old regions: 46->46
[2020-12-23T03:39:43.574-0400][gc,heap        ] GC(369682) Humongous regions: 4->4
[2020-12-23T03:39:43.574-0400][gc,metaspace   ] GC(369682) Metaspace: 61007K->61007K(1107968K)
[2020-12-23T03:39:43.574-0400][gc,heap        ] GC(369682) Heap after GC invocations=369659 (full 10724): garbage-first heap   total 71680K, used 48744K [0x0000000083000000, 0x0000000100000000)
[2020-12-23T03:39:43.574-0400][gc,heap        ] GC(369682)   region size 1024K, 1 young (1024K), 1 survivors (1024K)
[2020-12-23T03:39:43.574-0400][gc,heap        ] GC(369682)  Metaspace       used 61007K, capacity 63721K, committed 64768K, reserved 1107968K
[2020-12-23T03:39:43.574-0400][gc,heap        ] GC(369682)   class space    used 5712K, capacity 6559K, committed 6912K, reserved 1048576K
[2020-12-23T03:39:43.574-0400][gc             ] GC(369682) Pause Young (Normal) (G1 Evacuation Pause) 57M->47M(70M) 9.149ms
[2020-12-23T03:39:43.575-0400][gc,cpu         ] GC(369682) User=0.02s Sys=0.00s Real=0.01s
[2020-12-23T03:40:14.650-0400][gc,heap        ] GC(369683) Heap before GC invocations=369659 (full 10724): garbage-first heap   total 71680K, used 57960K [0x0000000083000000, 0x0000000100000000)
[2020-12-23T03:40:14.650-0400][gc,heap        ] GC(369683)   region size 1024K, 11 young (11264K), 1 survivors (1024K)
[2020-12-23T03:40:14.650-0400][gc,heap        ] GC(369683)  Metaspace       used 61007K, capacity 63721K, committed 64768K, reserved 1107968K
[2020-12-23T03:40:14.650-0400][gc,heap        ] GC(369683)   class space    used 5712K, capacity 6559K, committed 6912K, reserved 1048576K
[2020-12-23T03:40:14.650-0400][gc,start       ] GC(369683) Pause Young (Normal) (G1 Evacuation Pause)
[2020-12-23T03:40:14.650-0400][gc,task        ] GC(369683) Using 4 workers of 4 for evacuation
[2020-12-23T03:40:14.656-0400][gc,phases      ] GC(369683)   Pre Evacuate Collection Set: 0.0ms
[2020-12-23T03:40:14.656-0400][gc,phases      ] GC(369683)   Evacuate Collection Set: 3.2ms
[2020-12-23T03:40:14.656-0400][gc,phases      ] GC(369683)   Post Evacuate Collection Set: 1.7ms
[2020-12-23T03:40:14.656-0400][gc,phases      ] GC(369683)   Other: 0.8ms
[2020-12-23T03:40:14.656-0400][gc,heap        ] GC(369683) Eden regions: 10->0(10)
[2020-12-23T03:40:14.656-0400][gc,heap        ] GC(369683) Survivor regions: 1->1(2)
[2020-12-23T03:40:14.656-0400][gc,heap        ] GC(369683) Old regions: 46->46
[2020-12-23T03:40:14.656-0400][gc,heap        ] GC(369683) Humongous regions: 4->4
[2020-12-23T03:40:14.656-0400][gc,metaspace   ] GC(369683) Metaspace: 61007K->61007K(1107968K)
[2020-12-23T03:40:14.656-0400][gc,heap        ] GC(369683) Heap after GC invocations=369660 (full 10724): garbage-first heap   total 71680K, used 48785K [0x0000000083000000, 0x0000000100000000)
[2020-12-23T03:40:14.656-0400][gc,heap        ] GC(369683)   region size 1024K, 1 young (1024K), 1 survivors (1024K)
[2020-12-23T03:40:14.656-0400][gc,heap        ] GC(369683)  Metaspace       used 61007K, capacity 63721K, committed 64768K, reserved 1107968K
[2020-12-23T03:40:14.656-0400][gc,heap        ] GC(369683)   class space    used 5712K, capacity 6559K, committed 6912K, reserved 1048576K
[2020-12-23T03:40:14.656-0400][gc             ] GC(369683) Pause Young (Normal) (G1 Evacuation Pause) 57M->47M(70M) 6.056ms
[2020-12-23T03:40:14.656-0400][gc,cpu         ] GC(369683) User=0.01s Sys=0.01s Real=0.01s
[2020-12-23T03:40:50.030-0400][gc,heap        ] GC(369684) Heap before GC invocations=369660 (full 10724): garbage-first heap   total 71680K, used 58001K [0x0000000083000000, 0x0000000100000000)
[2020-12-23T03:40:50.030-0400][gc,heap        ] GC(369684)   region size 1024K, 11 young (11264K), 1 survivors (1024K)
[2020-12-23T03:40:50.030-0400][gc,heap        ] GC(369684)  Metaspace       used 61007K, capacity 63721K, committed 64768K, reserved 1107968K
[2020-12-23T03:40:50.030-0400][gc,heap        ] GC(369684)   class space    used 5712K, capacity 6559K, committed 6912K, reserved 1048576K
[2020-12-23T03:40:50.030-0400][gc,start       ] GC(369684) Pause Young (Normal) (G1 Evacuation Pause)
[2020-12-23T03:40:50.030-0400][gc,task        ] GC(369684) Using 4 workers of 4 for evacuation
[2020-12-23T03:40:50.038-0400][gc,phases      ] GC(369684)   Pre Evacuate Collection Set: 0.1ms
[2020-12-23T03:40:50.038-0400][gc,phases      ] GC(369684)   Evacuate Collection Set: 4.7ms
[2020-12-23T03:40:50.038-0400][gc,phases      ] GC(369684)   Post Evacuate Collection Set: 2.4ms
[2020-12-23T03:40:50.038-0400][gc,phases      ] GC(369684)   Other: 1.3ms
[2020-12-23T03:40:50.038-0400][gc,heap        ] GC(369684) Eden regions: 10->0(10)
[2020-12-23T03:40:50.039-0400][gc,heap        ] GC(369684) Survivor regions: 1->1(2)
[2020-12-23T03:40:50.039-0400][gc,heap        ] GC(369684) Old regions: 46->46
[2020-12-23T03:40:50.039-0400][gc,heap        ] GC(369684) Humongous regions: 4->4
[2020-12-23T03:40:50.039-0400][gc,metaspace   ] GC(369684) Metaspace: 61007K->61007K(1107968K)
[2020-12-23T03:40:50.039-0400][gc,heap        ] GC(369684) Heap after GC invocations=369661 (full 10724): garbage-first heap   total 71680K, used 48731K [0x0000000083000000, 0x0000000100000000)
[2020-12-23T03:40:50.039-0400][gc,heap        ] GC(369684)   region size 1024K, 1 young (1024K), 1 survivors (1024K)
[2020-12-23T03:40:50.039-0400][gc,heap        ] GC(369684)  Metaspace       used 61007K, capacity 63721K, committed 64768K, reserved 1107968K
[2020-12-23T03:40:50.039-0400][gc,heap        ] GC(369684)   class space    used 5712K, capacity 6559K, committed 6912K, reserved 1048576K
[2020-12-23T03:40:50.039-0400][gc             ] GC(369684) Pause Young (Normal) (G1 Evacuation Pause) 57M->47M(70M) 9.063ms
[2020-12-23T03:40:50.039-0400][gc,cpu         ] GC(369684) User=0.02s Sys=0.00s Real=0.01s
[2020-12-23T03:41:13.889-0400][gc,heap        ] GC(369685) Heap before GC invocations=369661 (full 10724): garbage-first heap   total 71680K, used 58971K [0x0000000083000000, 0x0000000100000000)
[2020-12-23T03:41:13.889-0400][gc,heap        ] GC(369685)   region size 1024K, 11 young (11264K), 1 survivors (1024K)
[2020-12-23T03:41:13.889-0400][gc,heap        ] GC(369685)  Metaspace       used 61007K, capacity 63721K, committed 64768K, reserved 1107968K
[2020-12-23T03:41:13.889-0400][gc,heap        ] GC(369685)   class space    used 5712K, capacity 6559K, committed 6912K, reserved 1048576K
[2020-12-23T03:41:13.890-0400][gc,start       ] GC(369685) Pause Young (Normal) (G1 Evacuation Pause)
[2020-12-23T03:41:13.890-0400][gc,task        ] GC(369685) Using 4 workers of 4 for evacuation
[2020-12-23T03:41:13.895-0400][gc,phases      ] GC(369685)   Pre Evacuate Collection Set: 0.0ms
[2020-12-23T03:41:13.895-0400][gc,phases      ] GC(369685)   Evacuate Collection Set: 3.2ms
[2020-12-23T03:41:13.895-0400][gc,phases      ] GC(369685)   Post Evacuate Collection Set: 1.8ms
[2020-12-23T03:41:13.895-0400][gc,phases      ] GC(369685)   Other: 0.8ms
[2020-12-23T03:41:13.895-0400][gc,heap        ] GC(369685) Eden regions: 10->0(10)
[2020-12-23T03:41:13.895-0400][gc,heap        ] GC(369685) Survivor regions: 1->1(2)
[2020-12-23T03:41:13.895-0400][gc,heap        ] GC(369685) Old regions: 46->46
[2020-12-23T03:41:13.896-0400][gc,heap        ] GC(369685) Humongous regions: 4->4
[2020-12-23T03:41:13.896-0400][gc,metaspace   ] GC(369685) Metaspace: 61007K->61007K(1107968K)
[2020-12-23T03:41:13.896-0400][gc,heap        ] GC(369685) Heap after GC invocations=369662 (full 10724): garbage-first heap   total 71680K, used 48767K [0x0000000083000000, 0x0000000100000000)
[2020-12-23T03:41:13.896-0400][gc,heap        ] GC(369685)   region size 1024K, 1 young (1024K), 1 survivors (1024K)
[2020-12-23T03:41:13.896-0400][gc,heap        ] GC(369685)  Metaspace       used 61007K, capacity 63721K, committed 64768K, reserved 1107968K
[2020-12-23T03:41:13.896-0400][gc,heap        ] GC(369685)   class space    used 5712K, capacity 6559K, committed 6912K, reserved 1048576K
[2020-12-23T03:41:13.896-0400][gc             ] GC(369685) Pause Young (Normal) (G1 Evacuation Pause) 57M->47M(70M) 6.224ms
[2020-12-23T03:41:13.896-0400][gc,cpu         ] GC(369685) User=0.00s Sys=0.01s Real=0.01s
[2020-12-23T03:41:48.793-0400][gc,heap        ] GC(369686) Heap before GC invocations=369662 (full 10724): garbage-first heap   total 71680K, used 57983K [0x0000000083000000, 0x0000000100000000)
[2020-12-23T03:41:48.793-0400][gc,heap        ] GC(369686)   region size 1024K, 11 young (11264K), 1 survivors (1024K)
[2020-12-23T03:41:48.793-0400][gc,heap        ] GC(369686)  Metaspace       used 61007K, capacity 63721K, committed 64768K, reserved 1107968K
[2020-12-23T03:41:48.793-0400][gc,heap        ] GC(369686)   class space    used 5712K, capacity 6559K, committed 6912K, reserved 1048576K
[2020-12-23T03:41:48.793-0400][gc,start       ] GC(369686) Pause Young (Normal) (G1 Evacuation Pause)
[2020-12-23T03:41:48.793-0400][gc,task        ] GC(369686) Using 4 workers of 4 for evacuation
[2020-12-23T03:41:48.799-0400][gc,phases      ] GC(369686)   Pre Evacuate Collection Set: 0.1ms
[2020-12-23T03:41:48.799-0400][gc,phases      ] GC(369686)   Evacuate Collection Set: 3.4ms
[2020-12-23T03:41:48.799-0400][gc,phases      ] GC(369686)   Post Evacuate Collection Set: 1.7ms
[2020-12-23T03:41:48.799-0400][gc,phases      ] GC(369686)   Other: 0.9ms
[2020-12-23T03:41:48.799-0400][gc,heap        ] GC(369686) Eden regions: 10->0(10)
[2020-12-23T03:41:48.799-0400][gc,heap        ] GC(369686) Survivor regions: 1->1(2)
[2020-12-23T03:41:48.799-0400][gc,heap        ] GC(369686) Old regions: 46->46
[2020-12-23T03:41:48.800-0400][gc,heap        ] GC(369686) Humongous regions: 4->4
[2020-12-23T03:41:48.800-0400][gc,metaspace   ] GC(369686) Metaspace: 61007K->61007K(1107968K)
[2020-12-23T03:41:48.800-0400][gc,heap        ] GC(369686) Heap after GC invocations=369663 (full 10724): garbage-first heap   total 71680K, used 48833K [0x0000000083000000, 0x0000000100000000)
[2020-12-23T03:41:48.800-0400][gc,heap        ] GC(369686)   region size 1024K, 1 young (1024K), 1 survivors (1024K)
[2020-12-23T03:41:48.800-0400][gc,heap        ] GC(369686)  Metaspace       used 61007K, capacity 63721K, committed 64768K, reserved 1107968K
[2020-12-23T03:41:48.800-0400][gc,heap        ] GC(369686)   class space    used 5712K, capacity 6559K, committed 6912K, reserved 1048576K
[2020-12-23T03:41:48.800-0400][gc             ] GC(369686) Pause Young (Normal) (G1 Evacuation Pause) 57M->47M(70M) 6.719ms
[2020-12-23T03:41:48.800-0400][gc,cpu         ] GC(369686) User=0.01s Sys=0.01s Real=0.01s
[2020-12-23T03:41:50.924-0400][gc,task        ] GC(369687) Using 3 workers of 4 for full compaction
[2020-12-23T03:41:50.924-0400][gc,start       ] GC(369687) Pause Full (System.gc())
[2020-12-23T03:41:50.924-0400][gc,heap        ] GC(369687) Heap before GC invocations=369663 (full 10724): garbage-first heap   total 71680K, used 50881K [0x0000000083000000, 0x0000000100000000)
[2020-12-23T03:41:50.924-0400][gc,heap        ] GC(369687)   region size 1024K, 5 young (5120K), 1 survivors (1024K)
[2020-12-23T03:41:50.924-0400][gc,heap        ] GC(369687)  Metaspace       used 61007K, capacity 63721K, committed 64768K, reserved 1107968K
[2020-12-23T03:41:50.924-0400][gc,heap        ] GC(369687)   class space    used 5712K, capacity 6559K, committed 6912K, reserved 1048576K
[2020-12-23T03:41:50.927-0400][gc,phases,start] GC(369687) Phase 1: Mark live objects
[2020-12-23T03:41:51.068-0400][gc,stringtable ] GC(369687) Cleaned string and symbol table, strings: 32200 processed, 0 removed, symbols: 131451 processed, 0 removed
[2020-12-23T03:41:51.069-0400][gc,phases      ] GC(369687) Phase 1: Mark live objects 141.592ms
[2020-12-23T03:41:51.069-0400][gc,phases,start] GC(369687) Phase 2: Prepare for compaction
[2020-12-23T03:41:51.098-0400][gc,phases      ] GC(369687) Phase 2: Prepare for compaction 29.830ms
[2020-12-23T03:41:51.099-0400][gc,phases,start] GC(369687) Phase 3: Adjust pointers
[2020-12-23T03:41:51.177-0400][gc,phases      ] GC(369687) Phase 3: Adjust pointers 78.353ms
[2020-12-23T03:41:51.177-0400][gc,phases,start] GC(369687) Phase 4: Compact heap
[2020-12-23T03:41:51.199-0400][gc,phases      ] GC(369687) Phase 4: Compact heap 21.673ms
[2020-12-23T03:41:51.234-0400][gc,heap        ] GC(369687) Eden regions: 4->0(12)
[2020-12-23T03:41:51.234-0400][gc,heap        ] GC(369687) Survivor regions: 1->0(2)
[2020-12-23T03:41:51.234-0400][gc,heap        ] GC(369687) Old regions: 46->45
[2020-12-23T03:41:51.234-0400][gc,heap        ] GC(369687) Humongous regions: 4->4
[2020-12-23T03:41:51.234-0400][gc,metaspace   ] GC(369687) Metaspace: 61007K->61007K(1107968K)
[2020-12-23T03:41:51.234-0400][gc,heap        ] GC(369687) Heap after GC invocations=369664 (full 10725): garbage-first heap   total 71680K, used 48433K [0x0000000083000000, 0x0000000100000000)
[2020-12-23T03:41:51.234-0400][gc,heap        ] GC(369687)   region size 1024K, 0 young (0K), 0 survivors (0K)
[2020-12-23T03:41:51.234-0400][gc,heap        ] GC(369687)  Metaspace       used 61007K, capacity 63721K, committed 64768K, reserved 1107968K
[2020-12-23T03:41:51.234-0400][gc,heap        ] GC(369687)   class space    used 5712K, capacity 6559K, committed 6912K, reserved 1048576K
[2020-12-23T03:41:51.234-0400][gc             ] GC(369687) Pause Full (System.gc()) 50M->47M(70M) 310.177ms
[2020-12-23T03:41:51.235-0400][gc,cpu         ] GC(369687) User=0.82s Sys=0.01s Real=0.31s
[2020-12-23T03:42:22.462-0400][gc,heap        ] GC(369688) Heap before GC invocations=369664 (full 10725): garbage-first heap   total 71680K, used 60721K [0x0000000083000000, 0x0000000100000000)
[2020-12-23T03:42:22.462-0400][gc,heap        ] GC(369688)   region size 1024K, 12 young (12288K), 0 survivors (0K)
[2020-12-23T03:42:22.462-0400][gc,heap        ] GC(369688)  Metaspace       used 61007K, capacity 63721K, committed 64768K, reserved 1107968K
[2020-12-23T03:42:22.462-0400][gc,heap        ] GC(369688)   class space    used 5712K, capacity 6559K, committed 6912K, reserved 1048576K
[2020-12-23T03:42:22.462-0400][gc,start       ] GC(369688) Pause Young (Normal) (G1 Evacuation Pause)
[2020-12-23T03:42:22.462-0400][gc,task        ] GC(369688) Using 4 workers of 4 for evacuation
[2020-12-23T03:42:22.468-0400][gc,phases      ] GC(369688)   Pre Evacuate Collection Set: 0.0ms
[2020-12-23T03:42:22.468-0400][gc,phases      ] GC(369688)   Evacuate Collection Set: 3.1ms
[2020-12-23T03:42:22.468-0400][gc,phases      ] GC(369688)   Post Evacuate Collection Set: 2.0ms
[2020-12-23T03:42:22.468-0400][gc,phases      ] GC(369688)   Other: 0.8ms
[2020-12-23T03:42:22.468-0400][gc,heap        ] GC(369688) Eden regions: 12->0(11)
[2020-12-23T03:42:22.468-0400][gc,heap        ] GC(369688) Survivor regions: 0->1(2)
[2020-12-23T03:42:22.468-0400][gc,heap        ] GC(369688) Old regions: 45->45
[2020-12-23T03:42:22.468-0400][gc,heap        ] GC(369688) Humongous regions: 4->4
[2020-12-23T03:42:22.468-0400][gc,metaspace   ] GC(369688) Metaspace: 61007K->61007K(1107968K)
[2020-12-23T03:42:22.468-0400][gc,heap        ] GC(369688) Heap after GC invocations=369665 (full 10725): garbage-first heap   total 71680K, used 48777K [0x0000000083000000, 0x0000000100000000)
[2020-12-23T03:42:22.468-0400][gc,heap        ] GC(369688)   region size 1024K, 1 young (1024K), 1 survivors (1024K)
[2020-12-23T03:42:22.468-0400][gc,heap        ] GC(369688)  Metaspace       used 61007K, capacity 63721K, committed 64768K, reserved 1107968K
[2020-12-23T03:42:22.468-0400][gc,heap        ] GC(369688)   class space    used 5712K, capacity 6559K, committed 6912K, reserved 1048576K
[2020-12-23T03:42:22.469-0400][gc             ] GC(369688) Pause Young (Normal) (G1 Evacuation Pause) 59M->47M(70M) 6.342ms
[2020-12-23T03:42:22.469-0400][gc,cpu         ] GC(369688) User=0.01s Sys=0.01s Real=0.01s
[2020-12-23T03:42:55.893-0400][gc,heap        ] GC(369689) Heap before GC invocations=369665 (full 10725): garbage-first heap   total 71680K, used 60041K [0x0000000083000000, 0x0000000100000000)
[2020-12-23T03:42:55.893-0400][gc,heap        ] GC(369689)   region size 1024K, 12 young (12288K), 1 survivors (1024K)
[2020-12-23T03:42:55.893-0400][gc,heap        ] GC(369689)  Metaspace       used 61007K, capacity 63721K, committed 64768K, reserved 1107968K
[2020-12-23T03:42:55.893-0400][gc,heap        ] GC(369689)   class space    used 5712K, capacity 6559K, committed 6912K, reserved 1048576K
[2020-12-23T03:42:55.893-0400][gc,start       ] GC(369689) Pause Young (Normal) (G1 Evacuation Pause)
[2020-12-23T03:42:55.893-0400][gc,task        ] GC(369689) Using 4 workers of 4 for evacuation
[2020-12-23T03:42:55.899-0400][gc,phases      ] GC(369689)   Pre Evacuate Collection Set: 0.1ms
[2020-12-23T03:42:55.899-0400][gc,phases      ] GC(369689)   Evacuate Collection Set: 3.4ms
[2020-12-23T03:42:55.899-0400][gc,phases      ] GC(369689)   Post Evacuate Collection Set: 1.7ms
[2020-12-23T03:42:55.899-0400][gc,phases      ] GC(369689)   Other: 0.9ms
[2020-12-23T03:42:55.899-0400][gc,heap        ] GC(369689) Eden regions: 11->0(11)
[2020-12-23T03:42:55.899-0400][gc,heap        ] GC(369689) Survivor regions: 1->1(2)
[2020-12-23T03:42:55.900-0400][gc,heap        ] GC(369689) Old regions: 45->45
[2020-12-23T03:42:55.900-0400][gc,heap        ] GC(369689) Humongous regions: 4->4
[2020-12-23T03:42:55.900-0400][gc,metaspace   ] GC(369689) Metaspace: 61007K->61007K(1107968K)
[2020-12-23T03:42:55.900-0400][gc,heap        ] GC(369689) Heap after GC invocations=369666 (full 10725): garbage-first heap   total 71680K, used 48850K [0x0000000083000000, 0x0000000100000000)
[2020-12-23T03:42:55.900-0400][gc,heap        ] GC(369689)   region size 1024K, 1 young (1024K), 1 survivors (1024K)
[2020-12-23T03:42:55.900-0400][gc,heap        ] GC(369689)  Metaspace       used 61007K, capacity 63721K, committed 64768K, reserved 1107968K
[2020-12-23T03:42:55.900-0400][gc,heap        ] GC(369689)   class space    used 5712K, capacity 6559K, committed 6912K, reserved 1048576K
[2020-12-23T03:42:55.900-0400][gc             ] GC(369689) Pause Young (Normal) (G1 Evacuation Pause) 58M->47M(70M) 6.614ms
[2020-12-23T03:42:55.900-0400][gc,cpu         ] GC(369689) User=0.01s Sys=0.01s Real=0.01s
[2020-12-23T03:43:33.076-0400][gc,heap        ] GC(369690) Heap before GC invocations=369666 (full 10725): garbage-first heap   total 71680K, used 59090K [0x0000000083000000, 0x0000000100000000)
[2020-12-23T03:43:33.076-0400][gc,heap        ] GC(369690)   region size 1024K, 12 young (12288K), 1 survivors (1024K)
[2020-12-23T03:43:33.076-0400][gc,heap        ] GC(369690)  Metaspace       used 61007K, capacity 63721K, committed 64768K, reserved 1107968K
[2020-12-23T03:43:33.077-0400][gc,heap        ] GC(369690)   class space    used 5712K, capacity 6559K, committed 6912K, reserved 1048576K
[2020-12-23T03:43:33.077-0400][gc,start       ] GC(369690) Pause Young (Normal) (G1 Evacuation Pause)
[2020-12-23T03:43:33.077-0400][gc,task        ] GC(369690) Using 4 workers of 4 for evacuation
[2020-12-23T03:43:33.082-0400][gc,phases      ] GC(369690)   Pre Evacuate Collection Set: 0.0ms
[2020-12-23T03:43:33.082-0400][gc,phases      ] GC(369690)   Evacuate Collection Set: 3.3ms
[2020-12-23T03:43:33.082-0400][gc,phases      ] GC(369690)   Post Evacuate Collection Set: 1.7ms
[2020-12-23T03:43:33.082-0400][gc,phases      ] GC(369690)   Other: 0.9ms
[2020-12-23T03:43:33.082-0400][gc,heap        ] GC(369690) Eden regions: 11->0(11)
[2020-12-23T03:43:33.082-0400][gc,heap        ] GC(369690) Survivor regions: 1->1(2)
[2020-12-23T03:43:33.083-0400][gc,heap        ] GC(369690) Old regions: 45->45
[2020-12-23T03:43:33.083-0400][gc,heap        ] GC(369690) Humongous regions: 4->4
[2020-12-23T03:43:33.083-0400][gc,metaspace   ] GC(369690) Metaspace: 61007K->61007K(1107968K)
[2020-12-23T03:43:33.083-0400][gc,heap        ] GC(369690) Heap after GC invocations=369667 (full 10725): garbage-first heap   total 71680K, used 48884K [0x0000000083000000, 0x0000000100000000)
[2020-12-23T03:43:33.083-0400][gc,heap        ] GC(369690)   region size 1024K, 1 young (1024K), 1 survivors (1024K)
[2020-12-23T03:43:33.083-0400][gc,heap        ] GC(369690)  Metaspace       used 61007K, capacity 63721K, committed 64768K, reserved 1107968K
[2020-12-23T03:43:33.083-0400][gc,heap        ] GC(369690)   class space    used 5712K, capacity 6559K, committed 6912K, reserved 1048576K
[2020-12-23T03:43:33.083-0400][gc             ] GC(369690) Pause Young (Normal) (G1 Evacuation Pause) 58M->47M(70M) 6.228ms
[2020-12-23T03:43:33.083-0400][gc,cpu         ] GC(369690) User=0.01s Sys=0.00s Real=0.00s
[2020-12-23T03:44:06.519-0400][gc,heap        ] GC(369691) Heap before GC invocations=369667 (full 10725): garbage-first heap   total 71680K, used 59124K [0x0000000083000000, 0x0000000100000000)
[2020-12-23T03:44:06.519-0400][gc,heap        ] GC(369691)   region size 1024K, 12 young (12288K), 1 survivors (1024K)
[2020-12-23T03:44:06.519-0400][gc,heap        ] GC(369691)  Metaspace       used 61007K, capacity 63721K, committed 64768K, reserved 1107968K
[2020-12-23T03:44:06.519-0400][gc,heap        ] GC(369691)   class space    used 5712K, capacity 6559K, committed 6912K, reserved 1048576K
[2020-12-23T03:44:06.519-0400][gc,start       ] GC(369691) Pause Young (Normal) (G1 Evacuation Pause)
[2020-12-23T03:44:06.519-0400][gc,task        ] GC(369691) Using 4 workers of 4 for evacuation
[2020-12-23T03:44:06.525-0400][gc,phases      ] GC(369691)   Pre Evacuate Collection Set: 0.0ms
[2020-12-23T03:44:06.525-0400][gc,phases      ] GC(369691)   Evacuate Collection Set: 3.6ms
[2020-12-23T03:44:06.525-0400][gc,phases      ] GC(369691)   Post Evacuate Collection Set: 1.6ms
[2020-12-23T03:44:06.525-0400][gc,phases      ] GC(369691)   Other: 0.9ms
[2020-12-23T03:44:06.525-0400][gc,heap        ] GC(369691) Eden regions: 11->0(11)
[2020-12-23T03:44:06.525-0400][gc,heap        ] GC(369691) Survivor regions: 1->1(2)
[2020-12-23T03:44:06.525-0400][gc,heap        ] GC(369691) Old regions: 45->45
[2020-12-23T03:44:06.525-0400][gc,heap        ] GC(369691) Humongous regions: 4->4
[2020-12-23T03:44:06.525-0400][gc,metaspace   ] GC(369691) Metaspace: 61007K->61007K(1107968K)
[2020-12-23T03:44:06.525-0400][gc,heap        ] GC(369691) Heap after GC invocations=369668 (full 10725): garbage-first heap   total 71680K, used 48937K [0x0000000083000000, 0x0000000100000000)
[2020-12-23T03:44:06.525-0400][gc,heap        ] GC(369691)   region size 1024K, 1 young (1024K), 1 survivors (1024K)
[2020-12-23T03:44:06.525-0400][gc,heap        ] GC(369691)  Metaspace       used 61007K, capacity 63721K, committed 64768K, reserved 1107968K
[2020-12-23T03:44:06.526-0400][gc,heap        ] GC(369691)   class space    used 5712K, capacity 6559K, committed 6912K, reserved 1048576K
[2020-12-23T03:44:06.526-0400][gc             ] GC(369691) Pause Young (Normal) (G1 Evacuation Pause) 58M->47M(70M) 6.445ms
[2020-12-23T03:44:06.526-0400][gc,cpu         ] GC(369691) User=0.01s Sys=0.01s Real=0.01s
[2020-12-23T03:44:36.999-0400][gc,heap        ] GC(369692) Heap before GC invocations=369668 (full 10725): garbage-first heap   total 71680K, used 59177K [0x0000000083000000, 0x0000000100000000)
[2020-12-23T03:44:36.999-0400][gc,heap        ] GC(369692)   region size 1024K, 12 young (12288K), 1 survivors (1024K)
[2020-12-23T03:44:36.999-0400][gc,heap        ] GC(369692)  Metaspace       used 61007K, capacity 63721K, committed 64768K, reserved 1107968K
[2020-12-23T03:44:36.999-0400][gc,heap        ] GC(369692)   class space    used 5712K, capacity 6559K, committed 6912K, reserved 1048576K
[2020-12-23T03:44:36.999-0400][gc,start       ] GC(369692) Pause Young (Normal) (G1 Evacuation Pause)
[2020-12-23T03:44:36.999-0400][gc,task        ] GC(369692) Using 4 workers of 4 for evacuation
[2020-12-23T03:44:37.005-0400][gc,phases      ] GC(369692)   Pre Evacuate Collection Set: 0.0ms
[2020-12-23T03:44:37.005-0400][gc,phases      ] GC(369692)   Evacuate Collection Set: 3.6ms
[2020-12-23T03:44:37.005-0400][gc,phases      ] GC(369692)   Post Evacuate Collection Set: 1.6ms
[2020-12-23T03:44:37.006-0400][gc,phases      ] GC(369692)   Other: 1.4ms
[2020-12-23T03:44:37.006-0400][gc,heap        ] GC(369692) Eden regions: 11->0(11)
[2020-12-23T03:44:37.006-0400][gc,heap        ] GC(369692) Survivor regions: 1->1(2)
[2020-12-23T03:44:37.006-0400][gc,heap        ] GC(369692) Old regions: 45->45
[2020-12-23T03:44:37.006-0400][gc,heap        ] GC(369692) Humongous regions: 4->4
[2020-12-23T03:44:37.006-0400][gc,metaspace   ] GC(369692) Metaspace: 61007K->61007K(1107968K)
[2020-12-23T03:44:37.006-0400][gc,heap        ] GC(369692) Heap after GC invocations=369669 (full 10725): garbage-first heap   total 71680K, used 48954K [0x0000000083000000, 0x0000000100000000)
[2020-12-23T03:44:37.006-0400][gc,heap        ] GC(369692)   region size 1024K, 1 young (1024K), 1 survivors (1024K)
[2020-12-23T03:44:37.006-0400][gc,heap        ] GC(369692)  Metaspace       used 61007K, capacity 63721K, committed 64768K, reserved 1107968K
[2020-12-23T03:44:37.006-0400][gc,heap        ] GC(369692)   class space    used 5712K, capacity 6559K, committed 6912K, reserved 1048576K
[2020-12-23T03:44:37.006-0400][gc             ] GC(369692) Pause Young (Normal) (G1 Evacuation Pause) 58M->47M(70M) 7.108ms
[2020-12-23T03:44:37.006-0400][gc,cpu         ] GC(369692) User=0.01s Sys=0.01s Real=0.01s
[2020-12-23T03:45:07.244-0400][gc,heap        ] GC(369693) Heap before GC invocations=369669 (full 10725): garbage-first heap   total 71680K, used 59194K [0x0000000083000000, 0x0000000100000000)
[2020-12-23T03:45:07.244-0400][gc,heap        ] GC(369693)   region size 1024K, 12 young (12288K), 1 survivors (1024K)
[2020-12-23T03:45:07.244-0400][gc,heap        ] GC(369693)  Metaspace       used 61007K, capacity 63721K, committed 64768K, reserved 1107968K
[2020-12-23T03:45:07.244-0400][gc,heap        ] GC(369693)   class space    used 5712K, capacity 6559K, committed 6912K, reserved 1048576K
[2020-12-23T03:45:07.244-0400][gc,start       ] GC(369693) Pause Young (Normal) (G1 Evacuation Pause)
[2020-12-23T03:45:07.244-0400][gc,task        ] GC(369693) Using 4 workers of 4 for evacuation
[2020-12-23T03:45:07.251-0400][gc,phases      ] GC(369693)   Pre Evacuate Collection Set: 0.0ms
[2020-12-23T03:45:07.251-0400][gc,phases      ] GC(369693)   Evacuate Collection Set: 4.1ms
[2020-12-23T03:45:07.251-0400][gc,phases      ] GC(369693)   Post Evacuate Collection Set: 1.5ms
[2020-12-23T03:45:07.251-0400][gc,phases      ] GC(369693)   Other: 1.0ms
[2020-12-23T03:45:07.251-0400][gc,heap        ] GC(369693) Eden regions: 11->0(11)
[2020-12-23T03:45:07.251-0400][gc,heap        ] GC(369693) Survivor regions: 1->1(2)
[2020-12-23T03:45:07.251-0400][gc,heap        ] GC(369693) Old regions: 45->45
[2020-12-23T03:45:07.251-0400][gc,heap        ] GC(369693) Humongous regions: 4->4
[2020-12-23T03:45:07.251-0400][gc,metaspace   ] GC(369693) Metaspace: 61007K->61007K(1107968K)
[2020-12-23T03:45:07.251-0400][gc,heap        ] GC(369693) Heap after GC invocations=369670 (full 10725): garbage-first heap   total 71680K, used 49085K [0x0000000083000000, 0x0000000100000000)
[2020-12-23T03:45:07.251-0400][gc,heap        ] GC(369693)   region size 1024K, 1 young (1024K), 1 survivors (1024K)
[2020-12-23T03:45:07.251-0400][gc,heap        ] GC(369693)  Metaspace       used 61007K, capacity 63721K, committed 64768K, reserved 1107968K
[2020-12-23T03:45:07.251-0400][gc,heap        ] GC(369693)   class space    used 5712K, capacity 6559K, committed 6912K, reserved 1048576K
[2020-12-23T03:45:07.251-0400][gc             ] GC(369693) Pause Young (Normal) (G1 Evacuation Pause) 58M->47M(70M) 7.060ms
[2020-12-23T03:45:07.252-0400][gc,cpu         ] GC(369693) User=0.01s Sys=0.01s Real=0.01s
[2020-12-23T03:45:43.876-0400][gc,heap        ] GC(369694) Heap before GC invocations=369670 (full 10725): garbage-first heap   total 71680K, used 59325K [0x0000000083000000, 0x0000000100000000)
[2020-12-23T03:45:43.876-0400][gc,heap        ] GC(369694)   region size 1024K, 12 young (12288K), 1 survivors (1024K)
[2020-12-23T03:45:43.876-0400][gc,heap        ] GC(369694)  Metaspace       used 61007K, capacity 63721K, committed 64768K, reserved 1107968K
[2020-12-23T03:45:43.876-0400][gc,heap        ] GC(369694)   class space    used 5712K, capacity 6559K, committed 6912K, reserved 1048576K
[2020-12-23T03:45:43.876-0400][gc,start       ] GC(369694) Pause Young (Normal) (G1 Evacuation Pause)
[2020-12-23T03:45:43.877-0400][gc,task        ] GC(369694) Using 4 workers of 4 for evacuation
[2020-12-23T03:45:43.882-0400][gc,phases      ] GC(369694)   Pre Evacuate Collection Set: 0.0ms
[2020-12-23T03:45:43.882-0400][gc,phases      ] GC(369694)   Evacuate Collection Set: 3.7ms
[2020-12-23T03:45:43.883-0400][gc,phases      ] GC(369694)   Post Evacuate Collection Set: 1.6ms
[2020-12-23T03:45:43.883-0400][gc,phases      ] GC(369694)   Other: 0.8ms
[2020-12-23T03:45:43.883-0400][gc,heap        ] GC(369694) Eden regions: 11->0(11)
[2020-12-23T03:45:43.883-0400][gc,heap        ] GC(369694) Survivor regions: 1->1(2)
[2020-12-23T03:45:43.883-0400][gc,heap        ] GC(369694) Old regions: 45->45
[2020-12-23T03:45:43.883-0400][gc,heap        ] GC(369694) Humongous regions: 4->4
[2020-12-23T03:45:43.883-0400][gc,metaspace   ] GC(369694) Metaspace: 61007K->61007K(1107968K)
[2020-12-23T03:45:43.883-0400][gc,heap        ] GC(369694) Heap after GC invocations=369671 (full 10725): garbage-first heap   total 71680K, used 48981K [0x0000000083000000, 0x0000000100000000)
[2020-12-23T03:45:43.883-0400][gc,heap        ] GC(369694)   region size 1024K, 1 young (1024K), 1 survivors (1024K)
[2020-12-23T03:45:43.883-0400][gc,heap        ] GC(369694)  Metaspace       used 61007K, capacity 63721K, committed 64768K, reserved 1107968K
[2020-12-23T03:45:43.883-0400][gc,heap        ] GC(369694)   class space    used 5712K, capacity 6559K, committed 6912K, reserved 1048576K
[2020-12-23T03:45:43.884-0400][gc             ] GC(369694) Pause Young (Normal) (G1 Evacuation Pause) 58M->47M(70M) 7.006ms
[2020-12-23T03:45:43.884-0400][gc,cpu         ] GC(369694) User=0.01s Sys=0.01s Real=0.00s
[2020-12-23T03:46:19.579-0400][gc,heap        ] GC(369695) Heap before GC invocations=369671 (full 10725): garbage-first heap   total 71680K, used 59221K [0x0000000083000000, 0x0000000100000000)
[2020-12-23T03:46:19.579-0400][gc,heap        ] GC(369695)   region size 1024K, 12 young (12288K), 1 survivors (1024K)
[2020-12-23T03:46:19.579-0400][gc,heap        ] GC(369695)  Metaspace       used 61007K, capacity 63721K, committed 64768K, reserved 1107968K
[2020-12-23T03:46:19.579-0400][gc,heap        ] GC(369695)   class space    used 5712K, capacity 6559K, committed 6912K, reserved 1048576K
[2020-12-23T03:46:19.579-0400][gc,start       ] GC(369695) Pause Young (Normal) (G1 Evacuation Pause)
[2020-12-23T03:46:19.579-0400][gc,task        ] GC(369695) Using 4 workers of 4 for evacuation
[2020-12-23T03:46:19.585-0400][gc,phases      ] GC(369695)   Pre Evacuate Collection Set: 0.0ms
[2020-12-23T03:46:19.585-0400][gc,phases      ] GC(369695)   Evacuate Collection Set: 3.7ms
[2020-12-23T03:46:19.585-0400][gc,phases      ] GC(369695)   Post Evacuate Collection Set: 1.7ms
[2020-12-23T03:46:19.586-0400][gc,phases      ] GC(369695)   Other: 0.9ms
[2020-12-23T03:46:19.586-0400][gc,heap        ] GC(369695) Eden regions: 11->0(11)
[2020-12-23T03:46:19.586-0400][gc,heap        ] GC(369695) Survivor regions: 1->1(2)
[2020-12-23T03:46:19.586-0400][gc,heap        ] GC(369695) Old regions: 45->45
[2020-12-23T03:46:19.586-0400][gc,heap        ] GC(369695) Humongous regions: 4->4
[2020-12-23T03:46:19.586-0400][gc,metaspace   ] GC(369695) Metaspace: 61007K->61007K(1107968K)
[2020-12-23T03:46:19.586-0400][gc,heap        ] GC(369695) Heap after GC invocations=369672 (full 10725): garbage-first heap   total 71680K, used 48977K [0x0000000083000000, 0x0000000100000000)
[2020-12-23T03:46:19.586-0400][gc,heap        ] GC(369695)   region size 1024K, 1 young (1024K), 1 survivors (1024K)
[2020-12-23T03:46:19.586-0400][gc,heap        ] GC(369695)  Metaspace       used 61007K, capacity 63721K, committed 64768K, reserved 1107968K
[2020-12-23T03:46:19.586-0400][gc,heap        ] GC(369695)   class space    used 5712K, capacity 6559K, committed 6912K, reserved 1048576K
[2020-12-23T03:46:19.586-0400][gc             ] GC(369695) Pause Young (Normal) (G1 Evacuation Pause) 58M->47M(70M) 6.652ms
[2020-12-23T03:46:19.586-0400][gc,cpu         ] GC(369695) User=0.01s Sys=0.01s Real=0.01s
[2020-12-23T03:46:50.924-0400][gc,task        ] GC(369696) Using 3 workers of 4 for full compaction
[2020-12-23T03:46:50.924-0400][gc,start       ] GC(369696) Pause Full (System.gc())
[2020-12-23T03:46:50.924-0400][gc,heap        ] GC(369696) Heap before GC invocations=369672 (full 10725): garbage-first heap   total 71680K, used 55121K [0x0000000083000000, 0x0000000100000000)
[2020-12-23T03:46:50.924-0400][gc,heap        ] GC(369696)   region size 1024K, 9 young (9216K), 1 survivors (1024K)
[2020-12-23T03:46:50.924-0400][gc,heap        ] GC(369696)  Metaspace       used 61007K, capacity 63721K, committed 64768K, reserved 1107968K
[2020-12-23T03:46:50.924-0400][gc,heap        ] GC(369696)   class space    used 5712K, capacity 6559K, committed 6912K, reserved 1048576K
[2020-12-23T03:46:50.927-0400][gc,phases,start] GC(369696) Phase 1: Mark live objects
[2020-12-23T03:46:51.071-0400][gc,stringtable ] GC(369696) Cleaned string and symbol table, strings: 32200 processed, 0 removed, symbols: 131451 processed, 0 removed
[2020-12-23T03:46:51.071-0400][gc,phases      ] GC(369696) Phase 1: Mark live objects 144.086ms
[2020-12-23T03:46:51.071-0400][gc,phases,start] GC(369696) Phase 2: Prepare for compaction
[2020-12-23T03:46:51.101-0400][gc,phases      ] GC(369696) Phase 2: Prepare for compaction 29.797ms
[2020-12-23T03:46:51.101-0400][gc,phases,start] GC(369696) Phase 3: Adjust pointers
[2020-12-23T03:46:51.180-0400][gc,phases      ] GC(369696) Phase 3: Adjust pointers 79.512ms
[2020-12-23T03:46:51.181-0400][gc,phases,start] GC(369696) Phase 4: Compact heap
[2020-12-23T03:46:51.200-0400][gc,phases      ] GC(369696) Phase 4: Compact heap 19.371ms
[2020-12-23T03:46:51.235-0400][gc,heap        ] GC(369696) Eden regions: 8->0(11)
[2020-12-23T03:46:51.235-0400][gc,heap        ] GC(369696) Survivor regions: 1->0(2)
[2020-12-23T03:46:51.235-0400][gc,heap        ] GC(369696) Old regions: 45->46
[2020-12-23T03:46:51.235-0400][gc,heap        ] GC(369696) Humongous regions: 4->4
[2020-12-23T03:46:51.235-0400][gc,metaspace   ] GC(369696) Metaspace: 61007K->61007K(1107968K)
[2020-12-23T03:46:51.235-0400][gc,heap        ] GC(369696) Heap after GC invocations=369673 (full 10726): garbage-first heap   total 71680K, used 48569K [0x0000000083000000, 0x0000000100000000)
[2020-12-23T03:46:51.236-0400][gc,heap        ] GC(369696)   region size 1024K, 0 young (0K), 0 survivors (0K)
[2020-12-23T03:46:51.236-0400][gc,heap        ] GC(369696)  Metaspace       used 61007K, capacity 63721K, committed 64768K, reserved 1107968K
[2020-12-23T03:46:51.236-0400][gc,heap        ] GC(369696)   class space    used 5712K, capacity 6559K, committed 6912K, reserved 1048576K
[2020-12-23T03:46:51.236-0400][gc             ] GC(369696) Pause Full (System.gc()) 55M->47M(70M) 311.727ms
[2020-12-23T03:46:51.236-0400][gc,cpu         ] GC(369696) User=0.65s Sys=0.18s Real=0.32s
[2020-12-23T03:47:23.039-0400][gc,heap        ] GC(369697) Heap before GC invocations=369673 (full 10726): garbage-first heap   total 71680K, used 58809K [0x0000000083000000, 0x0000000100000000)
[2020-12-23T03:47:23.039-0400][gc,heap        ] GC(369697)   region size 1024K, 11 young (11264K), 0 survivors (0K)
[2020-12-23T03:47:23.039-0400][gc,heap        ] GC(369697)  Metaspace       used 61007K, capacity 63721K, committed 64768K, reserved 1107968K
[2020-12-23T03:47:23.039-0400][gc,heap        ] GC(369697)   class space    used 5712K, capacity 6559K, committed 6912K, reserved 1048576K
[2020-12-23T03:47:23.039-0400][gc,start       ] GC(369697) Pause Young (Normal) (G1 Evacuation Pause)
[2020-12-23T03:47:23.039-0400][gc,task        ] GC(369697) Using 4 workers of 4 for evacuation
[2020-12-23T03:47:23.044-0400][gc,phases      ] GC(369697)   Pre Evacuate Collection Set: 0.0ms
[2020-12-23T03:47:23.044-0400][gc,phases      ] GC(369697)   Evacuate Collection Set: 3.2ms
[2020-12-23T03:47:23.045-0400][gc,phases      ] GC(369697)   Post Evacuate Collection Set: 1.8ms
[2020-12-23T03:47:23.045-0400][gc,phases      ] GC(369697)   Other: 0.9ms
[2020-12-23T03:47:23.045-0400][gc,heap        ] GC(369697) Eden regions: 11->0(10)
[2020-12-23T03:47:23.045-0400][gc,heap        ] GC(369697) Survivor regions: 0->1(2)
[2020-12-23T03:47:23.045-0400][gc,heap        ] GC(369697) Old regions: 46->46
[2020-12-23T03:47:23.045-0400][gc,heap        ] GC(369697) Humongous regions: 4->4
[2020-12-23T03:47:23.045-0400][gc,metaspace   ] GC(369697) Metaspace: 61007K->61007K(1107968K)
[2020-12-23T03:47:23.045-0400][gc,heap        ] GC(369697) Heap after GC invocations=369674 (full 10726): garbage-first heap   total 71680K, used 48860K [0x0000000083000000, 0x0000000100000000)
[2020-12-23T03:47:23.045-0400][gc,heap        ] GC(369697)   region size 1024K, 1 young (1024K), 1 survivors (1024K)
[2020-12-23T03:47:23.045-0400][gc,heap        ] GC(369697)  Metaspace       used 61007K, capacity 63721K, committed 64768K, reserved 1107968K
[2020-12-23T03:47:23.045-0400][gc,heap        ] GC(369697)   class space    used 5712K, capacity 6559K, committed 6912K, reserved 1048576K
[2020-12-23T03:47:23.045-0400][gc             ] GC(369697) Pause Young (Normal) (G1 Evacuation Pause) 58M->47M(70M) 6.394ms
[2020-12-23T03:47:23.045-0400][gc,cpu         ] GC(369697) User=0.02s Sys=0.00s Real=0.00s
[2020-12-23T03:47:59.427-0400][gc,heap        ] GC(369698) Heap before GC invocations=369674 (full 10726): garbage-first heap   total 71680K, used 58076K [0x0000000083000000, 0x0000000100000000)
[2020-12-23T03:47:59.427-0400][gc,heap        ] GC(369698)   region size 1024K, 11 young (11264K), 1 survivors (1024K)
[2020-12-23T03:47:59.427-0400][gc,heap        ] GC(369698)  Metaspace       used 61007K, capacity 63721K, committed 64768K, reserved 1107968K
[2020-12-23T03:47:59.427-0400][gc,heap        ] GC(369698)   class space    used 5712K, capacity 6559K, committed 6912K, reserved 1048576K
[2020-12-23T03:47:59.427-0400][gc,start       ] GC(369698) Pause Young (Normal) (G1 Evacuation Pause)
[2020-12-23T03:47:59.427-0400][gc,task        ] GC(369698) Using 4 workers of 4 for evacuation
[2020-12-23T03:47:59.433-0400][gc,phases      ] GC(369698)   Pre Evacuate Collection Set: 0.0ms
[2020-12-23T03:47:59.433-0400][gc,phases      ] GC(369698)   Evacuate Collection Set: 3.2ms
[2020-12-23T03:47:59.434-0400][gc,phases      ] GC(369698)   Post Evacuate Collection Set: 2.4ms
[2020-12-23T03:47:59.434-0400][gc,phases      ] GC(369698)   Other: 0.9ms
[2020-12-23T03:47:59.434-0400][gc,heap        ] GC(369698) Eden regions: 10->0(10)
[2020-12-23T03:47:59.434-0400][gc,heap        ] GC(369698) Survivor regions: 1->1(2)
[2020-12-23T03:47:59.434-0400][gc,heap        ] GC(369698) Old regions: 46->46
[2020-12-23T03:47:59.434-0400][gc,heap        ] GC(369698) Humongous regions: 4->4
[2020-12-23T03:47:59.434-0400][gc,metaspace   ] GC(369698) Metaspace: 61007K->61007K(1107968K)
[2020-12-23T03:47:59.434-0400][gc,heap        ] GC(369698) Heap after GC invocations=369675 (full 10726): garbage-first heap   total 71680K, used 48922K [0x0000000083000000, 0x0000000100000000)
[2020-12-23T03:47:59.434-0400][gc,heap        ] GC(369698)   region size 1024K, 1 young (1024K), 1 survivors (1024K)
[2020-12-23T03:47:59.434-0400][gc,heap        ] GC(369698)  Metaspace       used 61007K, capacity 63721K, committed 64768K, reserved 1107968K
[2020-12-23T03:47:59.434-0400][gc,heap        ] GC(369698)   class space    used 5712K, capacity 6559K, committed 6912K, reserved 1048576K
[2020-12-23T03:47:59.434-0400][gc             ] GC(369698) Pause Young (Normal) (G1 Evacuation Pause) 57M->47M(70M) 7.073ms
[2020-12-23T03:47:59.434-0400][gc,cpu         ] GC(369698) User=0.01s Sys=0.01s Real=0.00s
[2020-12-23T03:48:35.001-0400][gc,heap        ] GC(369699) Heap before GC invocations=369675 (full 10726): garbage-first heap   total 71680K, used 58138K [0x0000000083000000, 0x0000000100000000)
[2020-12-23T03:48:35.001-0400][gc,heap        ] GC(369699)   region size 1024K, 11 young (11264K), 1 survivors (1024K)
[2020-12-23T03:48:35.001-0400][gc,heap        ] GC(369699)  Metaspace       used 61007K, capacity 63721K, committed 64768K, reserved 1107968K
[2020-12-23T03:48:35.001-0400][gc,heap        ] GC(369699)   class space    used 5712K, capacity 6559K, committed 6912K, reserved 1048576K
[2020-12-23T03:48:35.001-0400][gc,start       ] GC(369699) Pause Young (Normal) (G1 Evacuation Pause)
[2020-12-23T03:48:35.001-0400][gc,task        ] GC(369699) Using 4 workers of 4 for evacuation
[2020-12-23T03:48:35.006-0400][gc,phases      ] GC(369699)   Pre Evacuate Collection Set: 0.0ms
[2020-12-23T03:48:35.006-0400][gc,phases      ] GC(369699)   Evacuate Collection Set: 3.1ms
[2020-12-23T03:48:35.006-0400][gc,phases      ] GC(369699)   Post Evacuate Collection Set: 1.5ms
[2020-12-23T03:48:35.006-0400][gc,phases      ] GC(369699)   Other: 0.8ms
[2020-12-23T03:48:35.006-0400][gc,heap        ] GC(369699) Eden regions: 10->0(10)
[2020-12-23T03:48:35.006-0400][gc,heap        ] GC(369699) Survivor regions: 1->1(2)
[2020-12-23T03:48:35.007-0400][gc,heap        ] GC(369699) Old regions: 46->46
[2020-12-23T03:48:35.007-0400][gc,heap        ] GC(369699) Humongous regions: 4->4
[2020-12-23T03:48:35.007-0400][gc,metaspace   ] GC(369699) Metaspace: 61007K->61007K(1107968K)
[2020-12-23T03:48:35.007-0400][gc,heap        ] GC(369699) Heap after GC invocations=369676 (full 10726): garbage-first heap   total 71680K, used 48894K [0x0000000083000000, 0x0000000100000000)
[2020-12-23T03:48:35.007-0400][gc,heap        ] GC(369699)   region size 1024K, 1 young (1024K), 1 survivors (1024K)
[2020-12-23T03:48:35.007-0400][gc,heap        ] GC(369699)  Metaspace       used 61007K, capacity 63721K, committed 64768K, reserved 1107968K
[2020-12-23T03:48:35.007-0400][gc,heap        ] GC(369699)   class space    used 5712K, capacity 6559K, committed 6912K, reserved 1048576K
[2020-12-23T03:48:35.007-0400][gc             ] GC(369699) Pause Young (Normal) (G1 Evacuation Pause) 57M->47M(70M) 5.908ms
[2020-12-23T03:48:35.007-0400][gc,cpu         ] GC(369699) User=0.02s Sys=0.00s Real=0.01s
[2020-12-23T03:48:58.786-0400][gc,heap        ] GC(369700) Heap before GC invocations=369676 (full 10726): garbage-first heap   total 71680K, used 58110K [0x0000000083000000, 0x0000000100000000)
[2020-12-23T03:48:58.786-0400][gc,heap        ] GC(369700)   region size 1024K, 11 young (11264K), 1 survivors (1024K)
[2020-12-23T03:48:58.786-0400][gc,heap        ] GC(369700)  Metaspace       used 61007K, capacity 63721K, committed 64768K, reserved 1107968K
[2020-12-23T03:48:58.786-0400][gc,heap        ] GC(369700)   class space    used 5712K, capacity 6559K, committed 6912K, reserved 1048576K
[2020-12-23T03:48:58.787-0400][gc,start       ] GC(369700) Pause Young (Normal) (G1 Evacuation Pause)
[2020-12-23T03:48:58.787-0400][gc,task        ] GC(369700) Using 4 workers of 4 for evacuation
[2020-12-23T03:48:58.792-0400][gc,phases      ] GC(369700)   Pre Evacuate Collection Set: 0.0ms
[2020-12-23T03:48:58.792-0400][gc,phases      ] GC(369700)   Evacuate Collection Set: 3.3ms
[2020-12-23T03:48:58.792-0400][gc,phases      ] GC(369700)   Post Evacuate Collection Set: 1.5ms
[2020-12-23T03:48:58.792-0400][gc,phases      ] GC(369700)   Other: 0.8ms
[2020-12-23T03:48:58.792-0400][gc,heap        ] GC(369700) Eden regions: 10->0(10)
[2020-12-23T03:48:58.792-0400][gc,heap        ] GC(369700) Survivor regions: 1->1(2)
[2020-12-23T03:48:58.792-0400][gc,heap        ] GC(369700) Old regions: 46->46
[2020-12-23T03:48:58.792-0400][gc,heap        ] GC(369700) Humongous regions: 4->4
[2020-12-23T03:48:58.792-0400][gc,metaspace   ] GC(369700) Metaspace: 61007K->61007K(1107968K)
[2020-12-23T03:48:58.792-0400][gc,heap        ] GC(369700) Heap after GC invocations=369677 (full 10726): garbage-first heap   total 71680K, used 48928K [0x0000000083000000, 0x0000000100000000)
[2020-12-23T03:48:58.792-0400][gc,heap        ] GC(369700)   region size 1024K, 1 young (1024K), 1 survivors (1024K)
[2020-12-23T03:48:58.792-0400][gc,heap        ] GC(369700)  Metaspace       used 61007K, capacity 63721K, committed 64768K, reserved 1107968K
[2020-12-23T03:48:58.792-0400][gc,heap        ] GC(369700)   class space    used 5712K, capacity 6559K, committed 6912K, reserved 1048576K
[2020-12-23T03:48:58.793-0400][gc             ] GC(369700) Pause Young (Normal) (G1 Evacuation Pause) 57M->47M(70M) 5.988ms
[2020-12-23T03:48:58.793-0400][gc,cpu         ] GC(369700) User=0.01s Sys=0.01s Real=0.00s
[2020-12-23T03:49:09.820-0400][gc,heap        ] GC(369701) Heap before GC invocations=369677 (full 10726): garbage-first heap   total 71680K, used 58144K [0x0000000083000000, 0x0000000100000000)
[2020-12-23T03:49:09.820-0400][gc,heap        ] GC(369701)   region size 1024K, 11 young (11264K), 1 survivors (1024K)
[2020-12-23T03:49:09.821-0400][gc,heap        ] GC(369701)  Metaspace       used 61007K, capacity 63721K, committed 64768K, reserved 1107968K
[2020-12-23T03:49:09.821-0400][gc,heap        ] GC(369701)   class space    used 5712K, capacity 6559K, committed 6912K, reserved 1048576K
[2020-12-23T03:49:09.821-0400][gc,start       ] GC(369701) Pause Young (Normal) (G1 Evacuation Pause)
[2020-12-23T03:49:09.821-0400][gc,task        ] GC(369701) Using 4 workers of 4 for evacuation
[2020-12-23T03:49:09.826-0400][gc,phases      ] GC(369701)   Pre Evacuate Collection Set: 0.0ms
[2020-12-23T03:49:09.826-0400][gc,phases      ] GC(369701)   Evacuate Collection Set: 3.4ms
[2020-12-23T03:49:09.826-0400][gc,phases      ] GC(369701)   Post Evacuate Collection Set: 1.4ms
[2020-12-23T03:49:09.827-0400][gc,phases      ] GC(369701)   Other: 1.2ms
[2020-12-23T03:49:09.827-0400][gc,heap        ] GC(369701) Eden regions: 10->0(10)
[2020-12-23T03:49:09.827-0400][gc,heap        ] GC(369701) Survivor regions: 1->1(2)
[2020-12-23T03:49:09.827-0400][gc,heap        ] GC(369701) Old regions: 46->46
[2020-12-23T03:49:09.827-0400][gc,heap        ] GC(369701) Humongous regions: 4->4
[2020-12-23T03:49:09.827-0400][gc,metaspace   ] GC(369701) Metaspace: 61007K->61007K(1107968K)
[2020-12-23T03:49:09.827-0400][gc,heap        ] GC(369701) Heap after GC invocations=369678 (full 10726): garbage-first heap   total 71680K, used 48966K [0x0000000083000000, 0x0000000100000000)
[2020-12-23T03:49:09.827-0400][gc,heap        ] GC(369701)   region size 1024K, 1 young (1024K), 1 survivors (1024K)
[2020-12-23T03:49:09.827-0400][gc,heap        ] GC(369701)  Metaspace       used 61007K, capacity 63721K, committed 64768K, reserved 1107968K
[2020-12-23T03:49:09.827-0400][gc,heap        ] GC(369701)   class space    used 5712K, capacity 6559K, committed 6912K, reserved 1048576K
[2020-12-23T03:49:09.827-0400][gc             ] GC(369701) Pause Young (Normal) (G1 Evacuation Pause) 57M->47M(70M) 6.178ms
[2020-12-23T03:49:09.827-0400][gc,cpu         ] GC(369701) User=0.02s Sys=0.00s Real=0.01s
[2020-12-23T03:49:30.992-0400][gc,heap        ] GC(369702) Heap before GC invocations=369678 (full 10726): garbage-first heap   total 71680K, used 58182K [0x0000000083000000, 0x0000000100000000)
[2020-12-23T03:49:30.992-0400][gc,heap        ] GC(369702)   region size 1024K, 11 young (11264K), 1 survivors (1024K)
[2020-12-23T03:49:30.992-0400][gc,heap        ] GC(369702)  Metaspace       used 61007K, capacity 63721K, committed 64768K, reserved 1107968K
[2020-12-23T03:49:30.992-0400][gc,heap        ] GC(369702)   class space    used 5712K, capacity 6559K, committed 6912K, reserved 1048576K
[2020-12-23T03:49:30.992-0400][gc,start       ] GC(369702) Pause Young (Normal) (G1 Evacuation Pause)
[2020-12-23T03:49:30.993-0400][gc,task        ] GC(369702) Using 4 workers of 4 for evacuation
[2020-12-23T03:49:30.999-0400][gc,phases      ] GC(369702)   Pre Evacuate Collection Set: 0.0ms
[2020-12-23T03:49:30.999-0400][gc,phases      ] GC(369702)   Evacuate Collection Set: 3.6ms
[2020-12-23T03:49:30.999-0400][gc,phases      ] GC(369702)   Post Evacuate Collection Set: 2.0ms
[2020-12-23T03:49:30.999-0400][gc,phases      ] GC(369702)   Other: 0.9ms
[2020-12-23T03:49:30.999-0400][gc,heap        ] GC(369702) Eden regions: 10->0(10)
[2020-12-23T03:49:30.999-0400][gc,heap        ] GC(369702) Survivor regions: 1->1(2)
[2020-12-23T03:49:30.999-0400][gc,heap        ] GC(369702) Old regions: 46->46
[2020-12-23T03:49:30.999-0400][gc,heap        ] GC(369702) Humongous regions: 4->4
[2020-12-23T03:49:30.999-0400][gc,metaspace   ] GC(369702) Metaspace: 61007K->61007K(1107968K)
[2020-12-23T03:49:30.999-0400][gc,heap        ] GC(369702) Heap after GC invocations=369679 (full 10726): garbage-first heap   total 71680K, used 49013K [0x0000000083000000, 0x0000000100000000)
[2020-12-23T03:49:30.999-0400][gc,heap        ] GC(369702)   region size 1024K, 1 young (1024K), 1 survivors (1024K)
[2020-12-23T03:49:30.999-0400][gc,heap        ] GC(369702)  Metaspace       used 61007K, capacity 63721K, committed 64768K, reserved 1107968K
[2020-12-23T03:49:30.999-0400][gc,heap        ] GC(369702)   class space    used 5712K, capacity 6559K, committed 6912K, reserved 1048576K
[2020-12-23T03:49:30.999-0400][gc             ] GC(369702) Pause Young (Normal) (G1 Evacuation Pause) 57M->47M(70M) 6.935ms
[2020-12-23T03:49:31.000-0400][gc,cpu         ] GC(369702) User=0.01s Sys=0.01s Real=0.01s
[2020-12-23T03:50:00.580-0400][gc,heap        ] GC(369703) Heap before GC invocations=369679 (full 10726): garbage-first heap   total 71680K, used 58229K [0x0000000083000000, 0x0000000100000000)
[2020-12-23T03:50:00.580-0400][gc,heap        ] GC(369703)   region size 1024K, 11 young (11264K), 1 survivors (1024K)
[2020-12-23T03:50:00.580-0400][gc,heap        ] GC(369703)  Metaspace       used 61007K, capacity 63721K, committed 64768K, reserved 1107968K
[2020-12-23T03:50:00.580-0400][gc,heap        ] GC(369703)   class space    used 5712K, capacity 6559K, committed 6912K, reserved 1048576K
[2020-12-23T03:50:00.580-0400][gc,start       ] GC(369703) Pause Young (Normal) (G1 Evacuation Pause)
[2020-12-23T03:50:00.580-0400][gc,task        ] GC(369703) Using 4 workers of 4 for evacuation
[2020-12-23T03:50:00.586-0400][gc,phases      ] GC(369703)   Pre Evacuate Collection Set: 0.0ms
[2020-12-23T03:50:00.587-0400][gc,phases      ] GC(369703)   Evacuate Collection Set: 3.9ms
[2020-12-23T03:50:00.587-0400][gc,phases      ] GC(369703)   Post Evacuate Collection Set: 1.8ms
[2020-12-23T03:50:00.587-0400][gc,phases      ] GC(369703)   Other: 0.8ms
[2020-12-23T03:50:00.587-0400][gc,heap        ] GC(369703) Eden regions: 10->0(10)
[2020-12-23T03:50:00.587-0400][gc,heap        ] GC(369703) Survivor regions: 1->1(2)
[2020-12-23T03:50:00.587-0400][gc,heap        ] GC(369703) Old regions: 46->46
[2020-12-23T03:50:00.587-0400][gc,heap        ] GC(369703) Humongous regions: 4->4
[2020-12-23T03:50:00.587-0400][gc,metaspace   ] GC(369703) Metaspace: 61007K->61007K(1107968K)
[2020-12-23T03:50:00.587-0400][gc,heap        ] GC(369703) Heap after GC invocations=369680 (full 10726): garbage-first heap   total 71680K, used 49072K [0x0000000083000000, 0x0000000100000000)
[2020-12-23T03:50:00.587-0400][gc,heap        ] GC(369703)   region size 1024K, 1 young (1024K), 1 survivors (1024K)
[2020-12-23T03:50:00.587-0400][gc,heap        ] GC(369703)  Metaspace       used 61007K, capacity 63721K, committed 64768K, reserved 1107968K
[2020-12-23T03:50:00.587-0400][gc,heap        ] GC(369703)   class space    used 5712K, capacity 6559K, committed 6912K, reserved 1048576K
[2020-12-23T03:50:00.587-0400][gc             ] GC(369703) Pause Young (Normal) (G1 Evacuation Pause) 57M->47M(70M) 7.023ms
[2020-12-23T03:50:00.587-0400][gc,cpu         ] GC(369703) User=0.01s Sys=0.02s Real=0.01s
[2020-12-23T03:50:21.160-0400][gc,heap        ] GC(369704) Heap before GC invocations=369680 (full 10726): garbage-first heap   total 71680K, used 58288K [0x0000000083000000, 0x0000000100000000)
[2020-12-23T03:50:21.160-0400][gc,heap        ] GC(369704)   region size 1024K, 11 young (11264K), 1 survivors (1024K)
[2020-12-23T03:50:21.160-0400][gc,heap        ] GC(369704)  Metaspace       used 61007K, capacity 63721K, committed 64768K, reserved 1107968K
[2020-12-23T03:50:21.160-0400][gc,heap        ] GC(369704)   class space    used 5712K, capacity 6559K, committed 6912K, reserved 1048576K
[2020-12-23T03:50:21.160-0400][gc,start       ] GC(369704) Pause Young (Normal) (G1 Evacuation Pause)
[2020-12-23T03:50:21.160-0400][gc,task        ] GC(369704) Using 4 workers of 4 for evacuation
[2020-12-23T03:50:21.166-0400][gc,phases      ] GC(369704)   Pre Evacuate Collection Set: 0.0ms
[2020-12-23T03:50:21.166-0400][gc,phases      ] GC(369704)   Evacuate Collection Set: 3.5ms
[2020-12-23T03:50:21.166-0400][gc,phases      ] GC(369704)   Post Evacuate Collection Set: 1.7ms
[2020-12-23T03:50:21.166-0400][gc,phases      ] GC(369704)   Other: 0.9ms
[2020-12-23T03:50:21.166-0400][gc,heap        ] GC(369704) Eden regions: 10->0(10)
[2020-12-23T03:50:21.166-0400][gc,heap        ] GC(369704) Survivor regions: 1->1(2)
[2020-12-23T03:50:21.167-0400][gc,heap        ] GC(369704) Old regions: 46->46
[2020-12-23T03:50:21.167-0400][gc,heap        ] GC(369704) Humongous regions: 4->4
[2020-12-23T03:50:21.167-0400][gc,metaspace   ] GC(369704) Metaspace: 61007K->61007K(1107968K)
[2020-12-23T03:50:21.167-0400][gc,heap        ] GC(369704) Heap after GC invocations=369681 (full 10726): garbage-first heap   total 71680K, used 49076K [0x0000000083000000, 0x0000000100000000)
[2020-12-23T03:50:21.167-0400][gc,heap        ] GC(369704)   region size 1024K, 1 young (1024K), 1 survivors (1024K)
[2020-12-23T03:50:21.167-0400][gc,heap        ] GC(369704)  Metaspace       used 61007K, capacity 63721K, committed 64768K, reserved 1107968K
[2020-12-23T03:50:21.167-0400][gc,heap        ] GC(369704)   class space    used 5712K, capacity 6559K, committed 6912K, reserved 1048576K
[2020-12-23T03:50:21.167-0400][gc             ] GC(369704) Pause Young (Normal) (G1 Evacuation Pause) 57M->47M(70M) 6.761ms
[2020-12-23T03:50:21.167-0400][gc,cpu         ] GC(369704) User=0.00s Sys=0.01s Real=0.01s
[2020-12-23T03:50:54.978-0400][gc,heap        ] GC(369705) Heap before GC invocations=369681 (full 10726): garbage-first heap   total 71680K, used 58292K [0x0000000083000000, 0x0000000100000000)
[2020-12-23T03:50:54.978-0400][gc,heap        ] GC(369705)   region size 1024K, 11 young (11264K), 1 survivors (1024K)
[2020-12-23T03:50:54.978-0400][gc,heap        ] GC(369705)  Metaspace       used 61007K, capacity 63721K, committed 64768K, reserved 1107968K
[2020-12-23T03:50:54.978-0400][gc,heap        ] GC(369705)   class space    used 5712K, capacity 6559K, committed 6912K, reserved 1048576K
[2020-12-23T03:50:54.978-0400][gc,start       ] GC(369705) Pause Young (Normal) (G1 Evacuation Pause)
[2020-12-23T03:50:54.978-0400][gc,task        ] GC(369705) Using 4 workers of 4 for evacuation
[2020-12-23T03:50:54.984-0400][gc,phases      ] GC(369705)   Pre Evacuate Collection Set: 0.0ms
[2020-12-23T03:50:54.984-0400][gc,phases      ] GC(369705)   Evacuate Collection Set: 3.7ms
[2020-12-23T03:50:54.984-0400][gc,phases      ] GC(369705)   Post Evacuate Collection Set: 1.8ms
[2020-12-23T03:50:54.984-0400][gc,phases      ] GC(369705)   Other: 0.8ms
[2020-12-23T03:50:54.984-0400][gc,heap        ] GC(369705) Eden regions: 10->0(10)
[2020-12-23T03:50:54.985-0400][gc,heap        ] GC(369705) Survivor regions: 1->1(2)
[2020-12-23T03:50:54.985-0400][gc,heap        ] GC(369705) Old regions: 46->46
[2020-12-23T03:50:54.985-0400][gc,heap        ] GC(369705) Humongous regions: 4->4
[2020-12-23T03:50:54.985-0400][gc,metaspace   ] GC(369705) Metaspace: 61007K->61007K(1107968K)
[2020-12-23T03:50:54.985-0400][gc,heap        ] GC(369705) Heap after GC invocations=369682 (full 10726): garbage-first heap   total 71680K, used 49126K [0x0000000083000000, 0x0000000100000000)
[2020-12-23T03:50:54.985-0400][gc,heap        ] GC(369705)   region size 1024K, 1 young (1024K), 1 survivors (1024K)
[2020-12-23T03:50:54.985-0400][gc,heap        ] GC(369705)  Metaspace       used 61007K, capacity 63721K, committed 64768K, reserved 1107968K
[2020-12-23T03:50:54.985-0400][gc,heap        ] GC(369705)   class space    used 5712K, capacity 6559K, committed 6912K, reserved 1048576K
[2020-12-23T03:50:54.985-0400][gc             ] GC(369705) Pause Young (Normal) (G1 Evacuation Pause) 57M->47M(70M) 6.811ms
[2020-12-23T03:50:54.985-0400][gc,cpu         ] GC(369705) User=0.01s Sys=0.01s Real=0.00s
[2020-12-23T03:51:26.692-0400][gc,heap        ] GC(369706) Heap before GC invocations=369682 (full 10726): garbage-first heap   total 71680K, used 58342K [0x0000000083000000, 0x0000000100000000)
[2020-12-23T03:51:26.692-0400][gc,heap        ] GC(369706)   region size 1024K, 11 young (11264K), 1 survivors (1024K)
[2020-12-23T03:51:26.692-0400][gc,heap        ] GC(369706)  Metaspace       used 61007K, capacity 63721K, committed 64768K, reserved 1107968K
[2020-12-23T03:51:26.692-0400][gc,heap        ] GC(369706)   class space    used 5712K, capacity 6559K, committed 6912K, reserved 1048576K
[2020-12-23T03:51:26.692-0400][gc,start       ] GC(369706) Pause Young (Normal) (G1 Evacuation Pause)
[2020-12-23T03:51:26.692-0400][gc,task        ] GC(369706) Using 4 workers of 4 for evacuation
[2020-12-23T03:51:26.699-0400][gc,phases      ] GC(369706)   Pre Evacuate Collection Set: 0.0ms
[2020-12-23T03:51:26.699-0400][gc,phases      ] GC(369706)   Evacuate Collection Set: 3.9ms
[2020-12-23T03:51:26.699-0400][gc,phases      ] GC(369706)   Post Evacuate Collection Set: 1.8ms
[2020-12-23T03:51:26.699-0400][gc,phases      ] GC(369706)   Other: 0.9ms
[2020-12-23T03:51:26.699-0400][gc,heap        ] GC(369706) Eden regions: 10->0(10)
[2020-12-23T03:51:26.699-0400][gc,heap        ] GC(369706) Survivor regions: 1->1(2)
[2020-12-23T03:51:26.699-0400][gc,heap        ] GC(369706) Old regions: 46->46
[2020-12-23T03:51:26.699-0400][gc,heap        ] GC(369706) Humongous regions: 4->4
[2020-12-23T03:51:26.699-0400][gc,metaspace   ] GC(369706) Metaspace: 61007K->61007K(1107968K)
[2020-12-23T03:51:26.699-0400][gc,heap        ] GC(369706) Heap after GC invocations=369683 (full 10726): garbage-first heap   total 71680K, used 49168K [0x0000000083000000, 0x0000000100000000)
[2020-12-23T03:51:26.699-0400][gc,heap        ] GC(369706)   region size 1024K, 1 young (1024K), 1 survivors (1024K)
[2020-12-23T03:51:26.699-0400][gc,heap        ] GC(369706)  Metaspace       used 61007K, capacity 63721K, committed 64768K, reserved 1107968K
[2020-12-23T03:51:26.699-0400][gc,heap        ] GC(369706)   class space    used 5712K, capacity 6559K, committed 6912K, reserved 1048576K
[2020-12-23T03:51:26.699-0400][gc             ] GC(369706) Pause Young (Normal) (G1 Evacuation Pause) 57M->48M(70M) 7.082ms
[2020-12-23T03:51:26.700-0400][gc,cpu         ] GC(369706) User=0.02s Sys=0.00s Real=0.01s
[2020-12-23T03:51:50.924-0400][gc,task        ] GC(369707) Using 3 workers of 4 for full compaction
[2020-12-23T03:51:50.924-0400][gc,start       ] GC(369707) Pause Full (System.gc())
[2020-12-23T03:51:50.924-0400][gc,heap        ] GC(369707) Heap before GC invocations=369683 (full 10726): garbage-first heap   total 71680K, used 54288K [0x0000000083000000, 0x0000000100000000)
[2020-12-23T03:51:50.924-0400][gc,heap        ] GC(369707)   region size 1024K, 7 young (7168K), 1 survivors (1024K)
[2020-12-23T03:51:50.924-0400][gc,heap        ] GC(369707)  Metaspace       used 61007K, capacity 63721K, committed 64768K, reserved 1107968K
[2020-12-23T03:51:50.924-0400][gc,heap        ] GC(369707)   class space    used 5712K, capacity 6559K, committed 6912K, reserved 1048576K
[2020-12-23T03:51:50.927-0400][gc,phases,start] GC(369707) Phase 1: Mark live objects
[2020-12-23T03:51:51.070-0400][gc,stringtable ] GC(369707) Cleaned string and symbol table, strings: 32200 processed, 0 removed, symbols: 131451 processed, 0 removed
[2020-12-23T03:51:51.070-0400][gc,phases      ] GC(369707) Phase 1: Mark live objects 143.178ms
[2020-12-23T03:51:51.070-0400][gc,phases,start] GC(369707) Phase 2: Prepare for compaction
[2020-12-23T03:51:51.099-0400][gc,phases      ] GC(369707) Phase 2: Prepare for compaction 29.521ms
[2020-12-23T03:51:51.099-0400][gc,phases,start] GC(369707) Phase 3: Adjust pointers
[2020-12-23T03:51:51.178-0400][gc,phases      ] GC(369707) Phase 3: Adjust pointers 78.425ms
[2020-12-23T03:51:51.178-0400][gc,phases,start] GC(369707) Phase 4: Compact heap
[2020-12-23T03:51:51.199-0400][gc,phases      ] GC(369707) Phase 4: Compact heap 21.012ms
[2020-12-23T03:51:51.235-0400][gc,heap        ] GC(369707) Eden regions: 6->0(11)
[2020-12-23T03:51:51.235-0400][gc,heap        ] GC(369707) Survivor regions: 1->0(2)
[2020-12-23T03:51:51.235-0400][gc,heap        ] GC(369707) Old regions: 46->46
[2020-12-23T03:51:51.235-0400][gc,heap        ] GC(369707) Humongous regions: 4->4
[2020-12-23T03:51:51.235-0400][gc,metaspace   ] GC(369707) Metaspace: 61007K->61007K(1107968K)
[2020-12-23T03:51:51.235-0400][gc,heap        ] GC(369707) Heap after GC invocations=369684 (full 10727): garbage-first heap   total 71680K, used 48420K [0x0000000083000000, 0x0000000100000000)
[2020-12-23T03:51:51.235-0400][gc,heap        ] GC(369707)   region size 1024K, 0 young (0K), 0 survivors (0K)
[2020-12-23T03:51:51.235-0400][gc,heap        ] GC(369707)  Metaspace       used 61007K, capacity 63721K, committed 64768K, reserved 1107968K
[2020-12-23T03:51:51.236-0400][gc,heap        ] GC(369707)   class space    used 5712K, capacity 6559K, committed 6912K, reserved 1048576K
[2020-12-23T03:51:51.236-0400][gc             ] GC(369707) Pause Full (System.gc()) 53M->47M(70M) 311.586ms
[2020-12-23T03:51:51.236-0400][gc,cpu         ] GC(369707) User=0.83s Sys=0.00s Real=0.32s
[2020-12-23T03:52:24.339-0400][gc,heap        ] GC(369708) Heap before GC invocations=369684 (full 10727): garbage-first heap   total 71680K, used 59684K [0x0000000083000000, 0x0000000100000000)
[2020-12-23T03:52:24.339-0400][gc,heap        ] GC(369708)   region size 1024K, 11 young (11264K), 0 survivors (0K)
[2020-12-23T03:52:24.339-0400][gc,heap        ] GC(369708)  Metaspace       used 61007K, capacity 63721K, committed 64768K, reserved 1107968K
[2020-12-23T03:52:24.339-0400][gc,heap        ] GC(369708)   class space    used 5712K, capacity 6559K, committed 6912K, reserved 1048576K
[2020-12-23T03:52:24.339-0400][gc,start       ] GC(369708) Pause Young (Normal) (G1 Evacuation Pause)
[2020-12-23T03:52:24.339-0400][gc,task        ] GC(369708) Using 4 workers of 4 for evacuation
[2020-12-23T03:52:24.344-0400][gc,phases      ] GC(369708)   Pre Evacuate Collection Set: 0.0ms
[2020-12-23T03:52:24.344-0400][gc,phases      ] GC(369708)   Evacuate Collection Set: 2.8ms
[2020-12-23T03:52:24.344-0400][gc,phases      ] GC(369708)   Post Evacuate Collection Set: 1.8ms
[2020-12-23T03:52:24.345-0400][gc,phases      ] GC(369708)   Other: 0.8ms
[2020-12-23T03:52:24.345-0400][gc,heap        ] GC(369708) Eden regions: 11->0(10)
[2020-12-23T03:52:24.345-0400][gc,heap        ] GC(369708) Survivor regions: 0->1(2)
[2020-12-23T03:52:24.345-0400][gc,heap        ] GC(369708) Old regions: 46->46
[2020-12-23T03:52:24.345-0400][gc,heap        ] GC(369708) Humongous regions: 4->4
[2020-12-23T03:52:24.345-0400][gc,metaspace   ] GC(369708) Metaspace: 61007K->61007K(1107968K)
[2020-12-23T03:52:24.345-0400][gc,heap        ] GC(369708) Heap after GC invocations=369685 (full 10727): garbage-first heap   total 71680K, used 48717K [0x0000000083000000, 0x0000000100000000)
[2020-12-23T03:52:24.345-0400][gc,heap        ] GC(369708)   region size 1024K, 1 young (1024K), 1 survivors (1024K)
[2020-12-23T03:52:24.345-0400][gc,heap        ] GC(369708)  Metaspace       used 61007K, capacity 63721K, committed 64768K, reserved 1107968K
[2020-12-23T03:52:24.345-0400][gc,heap        ] GC(369708)   class space    used 5712K, capacity 6559K, committed 6912K, reserved 1048576K
[2020-12-23T03:52:24.345-0400][gc             ] GC(369708) Pause Young (Normal) (G1 Evacuation Pause) 58M->47M(70M) 5.825ms
[2020-12-23T03:52:24.345-0400][gc,cpu         ] GC(369708) User=0.01s Sys=0.01s Real=0.00s
[2020-12-23T03:53:00.944-0400][gc,heap        ] GC(369709) Heap before GC invocations=369685 (full 10727): garbage-first heap   total 71680K, used 57933K [0x0000000083000000, 0x0000000100000000)
[2020-12-23T03:53:00.944-0400][gc,heap        ] GC(369709)   region size 1024K, 11 young (11264K), 1 survivors (1024K)
[2020-12-23T03:53:00.944-0400][gc,heap        ] GC(369709)  Metaspace       used 61007K, capacity 63721K, committed 64768K, reserved 1107968K
[2020-12-23T03:53:00.944-0400][gc,heap        ] GC(369709)   class space    used 5712K, capacity 6559K, committed 6912K, reserved 1048576K
[2020-12-23T03:53:00.944-0400][gc,start       ] GC(369709) Pause Young (Normal) (G1 Evacuation Pause)
[2020-12-23T03:53:00.944-0400][gc,task        ] GC(369709) Using 4 workers of 4 for evacuation
[2020-12-23T03:53:00.950-0400][gc,phases      ] GC(369709)   Pre Evacuate Collection Set: 0.0ms
[2020-12-23T03:53:00.950-0400][gc,phases      ] GC(369709)   Evacuate Collection Set: 3.4ms
[2020-12-23T03:53:00.950-0400][gc,phases      ] GC(369709)   Post Evacuate Collection Set: 1.7ms
[2020-12-23T03:53:00.950-0400][gc,phases      ] GC(369709)   Other: 0.8ms
[2020-12-23T03:53:00.950-0400][gc,heap        ] GC(369709) Eden regions: 10->0(10)
[2020-12-23T03:53:00.950-0400][gc,heap        ] GC(369709) Survivor regions: 1->1(2)
[2020-12-23T03:53:00.950-0400][gc,heap        ] GC(369709) Old regions: 46->46
[2020-12-23T03:53:00.950-0400][gc,heap        ] GC(369709) Humongous regions: 4->4
[2020-12-23T03:53:00.950-0400][gc,metaspace   ] GC(369709) Metaspace: 61007K->61007K(1107968K)
[2020-12-23T03:53:00.950-0400][gc,heap        ] GC(369709) Heap after GC invocations=369686 (full 10727): garbage-first heap   total 71680K, used 48754K [0x0000000083000000, 0x0000000100000000)
[2020-12-23T03:53:00.950-0400][gc,heap        ] GC(369709)   region size 1024K, 1 young (1024K), 1 survivors (1024K)
[2020-12-23T03:53:00.950-0400][gc,heap        ] GC(369709)  Metaspace       used 61007K, capacity 63721K, committed 64768K, reserved 1107968K
[2020-12-23T03:53:00.950-0400][gc,heap        ] GC(369709)   class space    used 5712K, capacity 6559K, committed 6912K, reserved 1048576K
[2020-12-23T03:53:00.950-0400][gc             ] GC(369709) Pause Young (Normal) (G1 Evacuation Pause) 57M->47M(70M) 6.466ms
[2020-12-23T03:53:00.951-0400][gc,cpu         ] GC(369709) User=0.02s Sys=0.00s Real=0.01s
[2020-12-23T03:53:36.124-0400][gc,heap        ] GC(369710) Heap before GC invocations=369686 (full 10727): garbage-first heap   total 71680K, used 57970K [0x0000000083000000, 0x0000000100000000)
[2020-12-23T03:53:36.124-0400][gc,heap        ] GC(369710)   region size 1024K, 11 young (11264K), 1 survivors (1024K)
[2020-12-23T03:53:36.124-0400][gc,heap        ] GC(369710)  Metaspace       used 61007K, capacity 63721K, committed 64768K, reserved 1107968K
[2020-12-23T03:53:36.124-0400][gc,heap        ] GC(369710)   class space    used 5712K, capacity 6559K, committed 6912K, reserved 1048576K
[2020-12-23T03:53:36.124-0400][gc,start       ] GC(369710) Pause Young (Normal) (G1 Evacuation Pause)
[2020-12-23T03:53:36.124-0400][gc,task        ] GC(369710) Using 4 workers of 4 for evacuation
[2020-12-23T03:53:36.129-0400][gc,phases      ] GC(369710)   Pre Evacuate Collection Set: 0.0ms
[2020-12-23T03:53:36.129-0400][gc,phases      ] GC(369710)   Evacuate Collection Set: 2.9ms
[2020-12-23T03:53:36.129-0400][gc,phases      ] GC(369710)   Post Evacuate Collection Set: 1.6ms
[2020-12-23T03:53:36.129-0400][gc,phases      ] GC(369710)   Other: 0.8ms
[2020-12-23T03:53:36.129-0400][gc,heap        ] GC(369710) Eden regions: 10->0(10)
[2020-12-23T03:53:36.129-0400][gc,heap        ] GC(369710) Survivor regions: 1->1(2)
[2020-12-23T03:53:36.129-0400][gc,heap        ] GC(369710) Old regions: 46->46
[2020-12-23T03:53:36.130-0400][gc,heap        ] GC(369710) Humongous regions: 4->4
[2020-12-23T03:53:36.130-0400][gc,metaspace   ] GC(369710) Metaspace: 61007K->61007K(1107968K)
[2020-12-23T03:53:36.130-0400][gc,heap        ] GC(369710) Heap after GC invocations=369687 (full 10727): garbage-first heap   total 71680K, used 48752K [0x0000000083000000, 0x0000000100000000)
[2020-12-23T03:53:36.130-0400][gc,heap        ] GC(369710)   region size 1024K, 1 young (1024K), 1 survivors (1024K)
[2020-12-23T03:53:36.130-0400][gc,heap        ] GC(369710)  Metaspace       used 61007K, capacity 63721K, committed 64768K, reserved 1107968K
[2020-12-23T03:53:36.130-0400][gc,heap        ] GC(369710)   class space    used 5712K, capacity 6559K, committed 6912K, reserved 1048576K
[2020-12-23T03:53:36.130-0400][gc             ] GC(369710) Pause Young (Normal) (G1 Evacuation Pause) 57M->47M(70M) 5.994ms
[2020-12-23T03:53:36.130-0400][gc,cpu         ] GC(369710) User=0.01s Sys=0.01s Real=0.01s
[2020-12-23T03:54:03.353-0400][gc,heap        ] GC(369711) Heap before GC invocations=369687 (full 10727): garbage-first heap   total 71680K, used 57968K [0x0000000083000000, 0x0000000100000000)
[2020-12-23T03:54:03.353-0400][gc,heap        ] GC(369711)   region size 1024K, 11 young (11264K), 1 survivors (1024K)
[2020-12-23T03:54:03.353-0400][gc,heap        ] GC(369711)  Metaspace       used 61007K, capacity 63721K, committed 64768K, reserved 1107968K
[2020-12-23T03:54:03.353-0400][gc,heap        ] GC(369711)   class space    used 5712K, capacity 6559K, committed 6912K, reserved 1048576K
[2020-12-23T03:54:03.353-0400][gc,start       ] GC(369711) Pause Young (Normal) (G1 Evacuation Pause)
[2020-12-23T03:54:03.353-0400][gc,task        ] GC(369711) Using 4 workers of 4 for evacuation
[2020-12-23T03:54:03.359-0400][gc,phases      ] GC(369711)   Pre Evacuate Collection Set: 0.0ms
[2020-12-23T03:54:03.359-0400][gc,phases      ] GC(369711)   Evacuate Collection Set: 3.1ms
[2020-12-23T03:54:03.359-0400][gc,phases      ] GC(369711)   Post Evacuate Collection Set: 1.7ms
[2020-12-23T03:54:03.359-0400][gc,phases      ] GC(369711)   Other: 0.8ms
[2020-12-23T03:54:03.359-0400][gc,heap        ] GC(369711) Eden regions: 10->0(10)
[2020-12-23T03:54:03.359-0400][gc,heap        ] GC(369711) Survivor regions: 1->1(2)
[2020-12-23T03:54:03.359-0400][gc,heap        ] GC(369711) Old regions: 46->46
[2020-12-23T03:54:03.359-0400][gc,heap        ] GC(369711) Humongous regions: 4->4
[2020-12-23T03:54:03.359-0400][gc,metaspace   ] GC(369711) Metaspace: 61007K->61007K(1107968K)
[2020-12-23T03:54:03.359-0400][gc,heap        ] GC(369711) Heap after GC invocations=369688 (full 10727): garbage-first heap   total 71680K, used 48772K [0x0000000083000000, 0x0000000100000000)
[2020-12-23T03:54:03.359-0400][gc,heap        ] GC(369711)   region size 1024K, 1 young (1024K), 1 survivors (1024K)
[2020-12-23T03:54:03.359-0400][gc,heap        ] GC(369711)  Metaspace       used 61007K, capacity 63721K, committed 64768K, reserved 1107968K
[2020-12-23T03:54:03.359-0400][gc,heap        ] GC(369711)   class space    used 5712K, capacity 6559K, committed 6912K, reserved 1048576K
[2020-12-23T03:54:03.360-0400][gc             ] GC(369711) Pause Young (Normal) (G1 Evacuation Pause) 57M->47M(70M) 6.185ms
[2020-12-23T03:54:03.360-0400][gc,cpu         ] GC(369711) User=0.01s Sys=0.01s Real=0.01s
[2020-12-23T03:54:43.895-0400][gc,heap        ] GC(369712) Heap before GC invocations=369688 (full 10727): garbage-first heap   total 71680K, used 57988K [0x0000000083000000, 0x0000000100000000)
[2020-12-23T03:54:43.895-0400][gc,heap        ] GC(369712)   region size 1024K, 11 young (11264K), 1 survivors (1024K)
[2020-12-23T03:54:43.895-0400][gc,heap        ] GC(369712)  Metaspace       used 61007K, capacity 63721K, committed 64768K, reserved 1107968K
[2020-12-23T03:54:43.895-0400][gc,heap        ] GC(369712)   class space    used 5712K, capacity 6559K, committed 6912K, reserved 1048576K
[2020-12-23T03:54:43.895-0400][gc,start       ] GC(369712) Pause Young (Normal) (G1 Evacuation Pause)
[2020-12-23T03:54:43.895-0400][gc,task        ] GC(369712) Using 4 workers of 4 for evacuation
[2020-12-23T03:54:43.903-0400][gc,phases      ] GC(369712)   Pre Evacuate Collection Set: 0.0ms
[2020-12-23T03:54:43.903-0400][gc,phases      ] GC(369712)   Evacuate Collection Set: 4.6ms
[2020-12-23T03:54:43.903-0400][gc,phases      ] GC(369712)   Post Evacuate Collection Set: 2.3ms
[2020-12-23T03:54:43.903-0400][gc,phases      ] GC(369712)   Other: 0.9ms
[2020-12-23T03:54:43.903-0400][gc,heap        ] GC(369712) Eden regions: 10->0(10)
[2020-12-23T03:54:43.903-0400][gc,heap        ] GC(369712) Survivor regions: 1->1(2)
[2020-12-23T03:54:43.903-0400][gc,heap        ] GC(369712) Old regions: 46->46
[2020-12-23T03:54:43.903-0400][gc,heap        ] GC(369712) Humongous regions: 4->4
[2020-12-23T03:54:43.903-0400][gc,metaspace   ] GC(369712) Metaspace: 61007K->61007K(1107968K)
[2020-12-23T03:54:43.903-0400][gc,heap        ] GC(369712) Heap after GC invocations=369689 (full 10727): garbage-first heap   total 71680K, used 48805K [0x0000000083000000, 0x0000000100000000)
[2020-12-23T03:54:43.903-0400][gc,heap        ] GC(369712)   region size 1024K, 1 young (1024K), 1 survivors (1024K)
[2020-12-23T03:54:43.903-0400][gc,heap        ] GC(369712)  Metaspace       used 61007K, capacity 63721K, committed 64768K, reserved 1107968K
[2020-12-23T03:54:43.903-0400][gc,heap        ] GC(369712)   class space    used 5712K, capacity 6559K, committed 6912K, reserved 1048576K
[2020-12-23T03:54:43.903-0400][gc             ] GC(369712) Pause Young (Normal) (G1 Evacuation Pause) 57M->47M(70M) 8.265ms
[2020-12-23T03:54:43.904-0400][gc,cpu         ] GC(369712) User=0.02s Sys=0.00s Real=0.01s
[2020-12-23T03:55:13.855-0400][gc,heap        ] GC(369713) Heap before GC invocations=369689 (full 10727): garbage-first heap   total 71680K, used 58021K [0x0000000083000000, 0x0000000100000000)
[2020-12-23T03:55:13.856-0400][gc,heap        ] GC(369713)   region size 1024K, 11 young (11264K), 1 survivors (1024K)
[2020-12-23T03:55:13.856-0400][gc,heap        ] GC(369713)  Metaspace       used 61007K, capacity 63721K, committed 64768K, reserved 1107968K
[2020-12-23T03:55:13.856-0400][gc,heap        ] GC(369713)   class space    used 5712K, capacity 6559K, committed 6912K, reserved 1048576K
[2020-12-23T03:55:13.856-0400][gc,start       ] GC(369713) Pause Young (Normal) (G1 Evacuation Pause)
[2020-12-23T03:55:13.856-0400][gc,task        ] GC(369713) Using 4 workers of 4 for evacuation
[2020-12-23T03:55:13.862-0400][gc,phases      ] GC(369713)   Pre Evacuate Collection Set: 0.0ms
[2020-12-23T03:55:13.862-0400][gc,phases      ] GC(369713)   Evacuate Collection Set: 3.8ms
[2020-12-23T03:55:13.862-0400][gc,phases      ] GC(369713)   Post Evacuate Collection Set: 1.7ms
[2020-12-23T03:55:13.863-0400][gc,phases      ] GC(369713)   Other: 1.4ms
[2020-12-23T03:55:13.863-0400][gc,heap        ] GC(369713) Eden regions: 10->0(10)
[2020-12-23T03:55:13.863-0400][gc,heap        ] GC(369713) Survivor regions: 1->1(2)
[2020-12-23T03:55:13.863-0400][gc,heap        ] GC(369713) Old regions: 46->46
[2020-12-23T03:55:13.863-0400][gc,heap        ] GC(369713) Humongous regions: 4->4
[2020-12-23T03:55:13.863-0400][gc,metaspace   ] GC(369713) Metaspace: 61007K->61007K(1107968K)
[2020-12-23T03:55:13.863-0400][gc,heap        ] GC(369713) Heap after GC invocations=369690 (full 10727): garbage-first heap   total 71680K, used 48893K [0x0000000083000000, 0x0000000100000000)
[2020-12-23T03:55:13.863-0400][gc,heap        ] GC(369713)   region size 1024K, 1 young (1024K), 1 survivors (1024K)
[2020-12-23T03:55:13.863-0400][gc,heap        ] GC(369713)  Metaspace       used 61007K, capacity 63721K, committed 64768K, reserved 1107968K
[2020-12-23T03:55:13.863-0400][gc,heap        ] GC(369713)   class space    used 5712K, capacity 6559K, committed 6912K, reserved 1048576K
[2020-12-23T03:55:13.863-0400][gc             ] GC(369713) Pause Young (Normal) (G1 Evacuation Pause) 57M->47M(70M) 6.791ms
[2020-12-23T03:55:13.863-0400][gc,cpu         ] GC(369713) User=0.01s Sys=0.01s Real=0.00s
[2020-12-23T03:55:50.701-0400][gc,heap        ] GC(369714) Heap before GC invocations=369690 (full 10727): garbage-first heap   total 71680K, used 58109K [0x0000000083000000, 0x0000000100000000)
[2020-12-23T03:55:50.701-0400][gc,heap        ] GC(369714)   region size 1024K, 11 young (11264K), 1 survivors (1024K)
[2020-12-23T03:55:50.701-0400][gc,heap        ] GC(369714)  Metaspace       used 61007K, capacity 63721K, committed 64768K, reserved 1107968K
[2020-12-23T03:55:50.701-0400][gc,heap        ] GC(369714)   class space    used 5712K, capacity 6559K, committed 6912K, reserved 1048576K
[2020-12-23T03:55:50.701-0400][gc,start       ] GC(369714) Pause Young (Normal) (G1 Evacuation Pause)
[2020-12-23T03:55:50.701-0400][gc,task        ] GC(369714) Using 4 workers of 4 for evacuation
[2020-12-23T03:55:50.706-0400][gc,phases      ] GC(369714)   Pre Evacuate Collection Set: 0.0ms
[2020-12-23T03:55:50.707-0400][gc,phases      ] GC(369714)   Evacuate Collection Set: 3.2ms
[2020-12-23T03:55:50.707-0400][gc,phases      ] GC(369714)   Post Evacuate Collection Set: 1.7ms
[2020-12-23T03:55:50.707-0400][gc,phases      ] GC(369714)   Other: 0.9ms
[2020-12-23T03:55:50.707-0400][gc,heap        ] GC(369714) Eden regions: 10->0(10)
[2020-12-23T03:55:50.707-0400][gc,heap        ] GC(369714) Survivor regions: 1->1(2)
[2020-12-23T03:55:50.707-0400][gc,heap        ] GC(369714) Old regions: 46->46
[2020-12-23T03:55:50.707-0400][gc,heap        ] GC(369714) Humongous regions: 4->4
[2020-12-23T03:55:50.707-0400][gc,metaspace   ] GC(369714) Metaspace: 61007K->61007K(1107968K)
[2020-12-23T03:55:50.707-0400][gc,heap        ] GC(369714) Heap after GC invocations=369691 (full 10727): garbage-first heap   total 71680K, used 48829K [0x0000000083000000, 0x0000000100000000)
[2020-12-23T03:55:50.707-0400][gc,heap        ] GC(369714)   region size 1024K, 1 young (1024K), 1 survivors (1024K)
[2020-12-23T03:55:50.707-0400][gc,heap        ] GC(369714)  Metaspace       used 61007K, capacity 63721K, committed 64768K, reserved 1107968K
[2020-12-23T03:55:50.707-0400][gc,heap        ] GC(369714)   class space    used 5712K, capacity 6559K, committed 6912K, reserved 1048576K
[2020-12-23T03:55:50.707-0400][gc             ] GC(369714) Pause Young (Normal) (G1 Evacuation Pause) 57M->47M(70M) 6.330ms
[2020-12-23T03:55:50.707-0400][gc,cpu         ] GC(369714) User=0.02s Sys=0.00s Real=0.01s
[2020-12-23T03:56:23.893-0400][gc,heap        ] GC(369715) Heap before GC invocations=369691 (full 10727): garbage-first heap   total 71680K, used 59069K [0x0000000083000000, 0x0000000100000000)
[2020-12-23T03:56:23.893-0400][gc,heap        ] GC(369715)   region size 1024K, 11 young (11264K), 1 survivors (1024K)
[2020-12-23T03:56:23.893-0400][gc,heap        ] GC(369715)  Metaspace       used 61007K, capacity 63721K, committed 64768K, reserved 1107968K
[2020-12-23T03:56:23.893-0400][gc,heap        ] GC(369715)   class space    used 5712K, capacity 6559K, committed 6912K, reserved 1048576K
[2020-12-23T03:56:23.893-0400][gc,start       ] GC(369715) Pause Young (Normal) (G1 Evacuation Pause)
[2020-12-23T03:56:23.893-0400][gc,task        ] GC(369715) Using 4 workers of 4 for evacuation
[2020-12-23T03:56:23.899-0400][gc,phases      ] GC(369715)   Pre Evacuate Collection Set: 0.0ms
[2020-12-23T03:56:23.899-0400][gc,phases      ] GC(369715)   Evacuate Collection Set: 3.6ms
[2020-12-23T03:56:23.899-0400][gc,phases      ] GC(369715)   Post Evacuate Collection Set: 1.9ms
[2020-12-23T03:56:23.900-0400][gc,phases      ] GC(369715)   Other: 0.8ms
[2020-12-23T03:56:23.900-0400][gc,heap        ] GC(369715) Eden regions: 10->0(10)
[2020-12-23T03:56:23.900-0400][gc,heap        ] GC(369715) Survivor regions: 1->1(2)
[2020-12-23T03:56:23.900-0400][gc,heap        ] GC(369715) Old regions: 46->46
[2020-12-23T03:56:23.900-0400][gc,heap        ] GC(369715) Humongous regions: 4->4
[2020-12-23T03:56:23.900-0400][gc,metaspace   ] GC(369715) Metaspace: 61007K->61007K(1107968K)
[2020-12-23T03:56:23.900-0400][gc,heap        ] GC(369715) Heap after GC invocations=369692 (full 10727): garbage-first heap   total 71680K, used 48841K [0x0000000083000000, 0x0000000100000000)
[2020-12-23T03:56:23.900-0400][gc,heap        ] GC(369715)   region size 1024K, 1 young (1024K), 1 survivors (1024K)
[2020-12-23T03:56:23.900-0400][gc,heap        ] GC(369715)  Metaspace       used 61007K, capacity 63721K, committed 64768K, reserved 1107968K
[2020-12-23T03:56:23.900-0400][gc,heap        ] GC(369715)   class space    used 5712K, capacity 6559K, committed 6912K, reserved 1048576K
[2020-12-23T03:56:23.900-0400][gc             ] GC(369715) Pause Young (Normal) (G1 Evacuation Pause) 57M->47M(70M) 6.751ms
[2020-12-23T03:56:23.900-0400][gc,cpu         ] GC(369715) User=0.01s Sys=0.01s Real=0.01s
[2020-12-23T03:56:50.924-0400][gc,task        ] GC(369716) Using 3 workers of 4 for full compaction
[2020-12-23T03:56:50.924-0400][gc,start       ] GC(369716) Pause Full (System.gc())
[2020-12-23T03:56:50.924-0400][gc,heap        ] GC(369716) Heap before GC invocations=369692 (full 10727): garbage-first heap   total 71680K, used 53961K [0x0000000083000000, 0x0000000100000000)
[2020-12-23T03:56:50.924-0400][gc,heap        ] GC(369716)   region size 1024K, 8 young (8192K), 1 survivors (1024K)
[2020-12-23T03:56:50.924-0400][gc,heap        ] GC(369716)  Metaspace       used 61007K, capacity 63721K, committed 64768K, reserved 1107968K
[2020-12-23T03:56:50.924-0400][gc,heap        ] GC(369716)   class space    used 5712K, capacity 6559K, committed 6912K, reserved 1048576K
[2020-12-23T03:56:50.927-0400][gc,phases,start] GC(369716) Phase 1: Mark live objects
[2020-12-23T03:56:51.069-0400][gc,stringtable ] GC(369716) Cleaned string and symbol table, strings: 32200 processed, 0 removed, symbols: 131451 processed, 0 removed
[2020-12-23T03:56:51.069-0400][gc,phases      ] GC(369716) Phase 1: Mark live objects 142.623ms
[2020-12-23T03:56:51.069-0400][gc,phases,start] GC(369716) Phase 2: Prepare for compaction
[2020-12-23T03:56:51.100-0400][gc,phases      ] GC(369716) Phase 2: Prepare for compaction 30.757ms
[2020-12-23T03:56:51.100-0400][gc,phases,start] GC(369716) Phase 3: Adjust pointers
[2020-12-23T03:56:51.179-0400][gc,phases      ] GC(369716) Phase 3: Adjust pointers 78.706ms
[2020-12-23T03:56:51.179-0400][gc,phases,start] GC(369716) Phase 4: Compact heap
[2020-12-23T03:56:51.199-0400][gc,phases      ] GC(369716) Phase 4: Compact heap 19.469ms
[2020-12-23T03:56:51.234-0400][gc,heap        ] GC(369716) Eden regions: 7->0(11)
[2020-12-23T03:56:51.234-0400][gc,heap        ] GC(369716) Survivor regions: 1->0(2)
[2020-12-23T03:56:51.234-0400][gc,heap        ] GC(369716) Old regions: 46->46
[2020-12-23T03:56:51.234-0400][gc,heap        ] GC(369716) Humongous regions: 4->4
[2020-12-23T03:56:51.235-0400][gc,metaspace   ] GC(369716) Metaspace: 61007K->61007K(1107968K)
[2020-12-23T03:56:51.235-0400][gc,heap        ] GC(369716) Heap after GC invocations=369693 (full 10728): garbage-first heap   total 71680K, used 48422K [0x0000000083000000, 0x0000000100000000)
[2020-12-23T03:56:51.235-0400][gc,heap        ] GC(369716)   region size 1024K, 0 young (0K), 0 survivors (0K)
[2020-12-23T03:56:51.235-0400][gc,heap        ] GC(369716)  Metaspace       used 61007K, capacity 63721K, committed 64768K, reserved 1107968K
[2020-12-23T03:56:51.235-0400][gc,heap        ] GC(369716)   class space    used 5712K, capacity 6559K, committed 6912K, reserved 1048576K
[2020-12-23T03:56:51.235-0400][gc             ] GC(369716) Pause Full (System.gc()) 53M->47M(70M) 310.621ms
[2020-12-23T03:56:51.235-0400][gc,cpu         ] GC(369716) User=0.84s Sys=0.00s Real=0.31s
[2020-12-23T03:57:23.315-0400][gc,heap        ] GC(369717) Heap before GC invocations=369693 (full 10728): garbage-first heap   total 71680K, used 58662K [0x0000000083000000, 0x0000000100000000)
[2020-12-23T03:57:23.315-0400][gc,heap        ] GC(369717)   region size 1024K, 11 young (11264K), 0 survivors (0K)
[2020-12-23T03:57:23.315-0400][gc,heap        ] GC(369717)  Metaspace       used 61007K, capacity 63721K, committed 64768K, reserved 1107968K
[2020-12-23T03:57:23.315-0400][gc,heap        ] GC(369717)   class space    used 5712K, capacity 6559K, committed 6912K, reserved 1048576K
[2020-12-23T03:57:23.315-0400][gc,start       ] GC(369717) Pause Young (Normal) (G1 Evacuation Pause)
[2020-12-23T03:57:23.315-0400][gc,task        ] GC(369717) Using 4 workers of 4 for evacuation
[2020-12-23T03:57:23.321-0400][gc,phases      ] GC(369717)   Pre Evacuate Collection Set: 0.0ms
[2020-12-23T03:57:23.321-0400][gc,phases      ] GC(369717)   Evacuate Collection Set: 3.1ms
[2020-12-23T03:57:23.321-0400][gc,phases      ] GC(369717)   Post Evacuate Collection Set: 2.4ms
[2020-12-23T03:57:23.321-0400][gc,phases      ] GC(369717)   Other: 0.9ms
[2020-12-23T03:57:23.321-0400][gc,heap        ] GC(369717) Eden regions: 11->0(10)
[2020-12-23T03:57:23.321-0400][gc,heap        ] GC(369717) Survivor regions: 0->1(2)
[2020-12-23T03:57:23.321-0400][gc,heap        ] GC(369717) Old regions: 46->46
[2020-12-23T03:57:23.321-0400][gc,heap        ] GC(369717) Humongous regions: 4->4
[2020-12-23T03:57:23.321-0400][gc,metaspace   ] GC(369717) Metaspace: 61007K->61007K(1107968K)
[2020-12-23T03:57:23.321-0400][gc,heap        ] GC(369717) Heap after GC invocations=369694 (full 10728): garbage-first heap   total 71680K, used 48693K [0x0000000083000000, 0x0000000100000000)
[2020-12-23T03:57:23.322-0400][gc,heap        ] GC(369717)   region size 1024K, 1 young (1024K), 1 survivors (1024K)
[2020-12-23T03:57:23.322-0400][gc,heap        ] GC(369717)  Metaspace       used 61007K, capacity 63721K, committed 64768K, reserved 1107968K
[2020-12-23T03:57:23.322-0400][gc,heap        ] GC(369717)   class space    used 5712K, capacity 6559K, committed 6912K, reserved 1048576K
[2020-12-23T03:57:23.322-0400][gc             ] GC(369717) Pause Young (Normal) (G1 Evacuation Pause) 58M->47M(70M) 6.816ms
[2020-12-23T03:57:23.322-0400][gc,cpu         ] GC(369717) User=0.02s Sys=0.00s Real=0.01s
[2020-12-23T03:58:04.962-0400][gc,heap        ] GC(369718) Heap before GC invocations=369694 (full 10728): garbage-first heap   total 71680K, used 58933K [0x0000000083000000, 0x0000000100000000)
[2020-12-23T03:58:04.963-0400][gc,heap        ] GC(369718)   region size 1024K, 11 young (11264K), 1 survivors (1024K)
[2020-12-23T03:58:04.963-0400][gc,heap        ] GC(369718)  Metaspace       used 61007K, capacity 63721K, committed 64768K, reserved 1107968K
[2020-12-23T03:58:04.963-0400][gc,heap        ] GC(369718)   class space    used 5712K, capacity 6559K, committed 6912K, reserved 1048576K
[2020-12-23T03:58:04.963-0400][gc,start       ] GC(369718) Pause Young (Normal) (G1 Evacuation Pause)
[2020-12-23T03:58:04.963-0400][gc,task        ] GC(369718) Using 4 workers of 4 for evacuation
[2020-12-23T03:58:04.969-0400][gc,phases      ] GC(369718)   Pre Evacuate Collection Set: 0.0ms
[2020-12-23T03:58:04.969-0400][gc,phases      ] GC(369718)   Evacuate Collection Set: 3.4ms
[2020-12-23T03:58:04.969-0400][gc,phases      ] GC(369718)   Post Evacuate Collection Set: 1.7ms
[2020-12-23T03:58:04.969-0400][gc,phases      ] GC(369718)   Other: 1.1ms
[2020-12-23T03:58:04.969-0400][gc,heap        ] GC(369718) Eden regions: 10->0(10)
[2020-12-23T03:58:04.969-0400][gc,heap        ] GC(369718) Survivor regions: 1->1(2)
[2020-12-23T03:58:04.969-0400][gc,heap        ] GC(369718) Old regions: 46->46
[2020-12-23T03:58:04.969-0400][gc,heap        ] GC(369718) Humongous regions: 4->4
[2020-12-23T03:58:04.969-0400][gc,metaspace   ] GC(369718) Metaspace: 61007K->61007K(1107968K)
[2020-12-23T03:58:04.969-0400][gc,heap        ] GC(369718) Heap after GC invocations=369695 (full 10728): garbage-first heap   total 71680K, used 48797K [0x0000000083000000, 0x0000000100000000)
[2020-12-23T03:58:04.969-0400][gc,heap        ] GC(369718)   region size 1024K, 1 young (1024K), 1 survivors (1024K)
[2020-12-23T03:58:04.969-0400][gc,heap        ] GC(369718)  Metaspace       used 61007K, capacity 63721K, committed 64768K, reserved 1107968K
[2020-12-23T03:58:04.969-0400][gc,heap        ] GC(369718)   class space    used 5712K, capacity 6559K, committed 6912K, reserved 1048576K
[2020-12-23T03:58:04.969-0400][gc             ] GC(369718) Pause Young (Normal) (G1 Evacuation Pause) 57M->47M(70M) 6.299ms
[2020-12-23T03:58:04.970-0400][gc,cpu         ] GC(369718) User=0.01s Sys=0.01s Real=0.01s
[2020-12-23T03:58:43.879-0400][gc,heap        ] GC(369719) Heap before GC invocations=369695 (full 10728): garbage-first heap   total 71680K, used 59037K [0x0000000083000000, 0x0000000100000000)
[2020-12-23T03:58:43.879-0400][gc,heap        ] GC(369719)   region size 1024K, 11 young (11264K), 1 survivors (1024K)
[2020-12-23T03:58:43.879-0400][gc,heap        ] GC(369719)  Metaspace       used 61007K, capacity 63721K, committed 64768K, reserved 1107968K
[2020-12-23T03:58:43.879-0400][gc,heap        ] GC(369719)   class space    used 5712K, capacity 6559K, committed 6912K, reserved 1048576K
[2020-12-23T03:58:43.879-0400][gc,start       ] GC(369719) Pause Young (Normal) (G1 Evacuation Pause)
[2020-12-23T03:58:43.879-0400][gc,task        ] GC(369719) Using 4 workers of 4 for evacuation
[2020-12-23T03:58:43.884-0400][gc,phases      ] GC(369719)   Pre Evacuate Collection Set: 0.0ms
[2020-12-23T03:58:43.884-0400][gc,phases      ] GC(369719)   Evacuate Collection Set: 3.0ms
[2020-12-23T03:58:43.884-0400][gc,phases      ] GC(369719)   Post Evacuate Collection Set: 1.5ms
[2020-12-23T03:58:43.884-0400][gc,phases      ] GC(369719)   Other: 0.8ms
[2020-12-23T03:58:43.884-0400][gc,heap        ] GC(369719) Eden regions: 10->0(10)
[2020-12-23T03:58:43.884-0400][gc,heap        ] GC(369719) Survivor regions: 1->1(2)
[2020-12-23T03:58:43.884-0400][gc,heap        ] GC(369719) Old regions: 46->46
[2020-12-23T03:58:43.884-0400][gc,heap        ] GC(369719) Humongous regions: 4->4
[2020-12-23T03:58:43.885-0400][gc,metaspace   ] GC(369719) Metaspace: 61007K->61007K(1107968K)
[2020-12-23T03:58:43.885-0400][gc,heap        ] GC(369719) Heap after GC invocations=369696 (full 10728): garbage-first heap   total 71680K, used 48710K [0x0000000083000000, 0x0000000100000000)
[2020-12-23T03:58:43.885-0400][gc,heap        ] GC(369719)   region size 1024K, 1 young (1024K), 1 survivors (1024K)
[2020-12-23T03:58:43.885-0400][gc,heap        ] GC(369719)  Metaspace       used 61007K, capacity 63721K, committed 64768K, reserved 1107968K
[2020-12-23T03:58:43.885-0400][gc,heap        ] GC(369719)   class space    used 5712K, capacity 6559K, committed 6912K, reserved 1048576K
[2020-12-23T03:58:43.885-0400][gc             ] GC(369719) Pause Young (Normal) (G1 Evacuation Pause) 57M->47M(70M) 5.812ms
[2020-12-23T03:58:43.885-0400][gc,cpu         ] GC(369719) User=0.02s Sys=0.00s Real=0.00s
[2020-12-23T03:59:06.108-0400][gc,heap        ] GC(369720) Heap before GC invocations=369696 (full 10728): garbage-first heap   total 71680K, used 58950K [0x0000000083000000, 0x0000000100000000)
[2020-12-23T03:59:06.109-0400][gc,heap        ] GC(369720)   region size 1024K, 11 young (11264K), 1 survivors (1024K)
[2020-12-23T03:59:06.109-0400][gc,heap        ] GC(369720)  Metaspace       used 61007K, capacity 63721K, committed 64768K, reserved 1107968K
[2020-12-23T03:59:06.109-0400][gc,heap        ] GC(369720)   class space    used 5712K, capacity 6559K, committed 6912K, reserved 1048576K
[2020-12-23T03:59:06.109-0400][gc,start       ] GC(369720) Pause Young (Normal) (G1 Evacuation Pause)
[2020-12-23T03:59:06.109-0400][gc,task        ] GC(369720) Using 4 workers of 4 for evacuation
[2020-12-23T03:59:06.114-0400][gc,phases      ] GC(369720)   Pre Evacuate Collection Set: 0.0ms
[2020-12-23T03:59:06.114-0400][gc,phases      ] GC(369720)   Evacuate Collection Set: 3.1ms
[2020-12-23T03:59:06.114-0400][gc,phases      ] GC(369720)   Post Evacuate Collection Set: 1.5ms
[2020-12-23T03:59:06.114-0400][gc,phases      ] GC(369720)   Other: 0.8ms
[2020-12-23T03:59:06.114-0400][gc,heap        ] GC(369720) Eden regions: 10->0(10)
[2020-12-23T03:59:06.114-0400][gc,heap        ] GC(369720) Survivor regions: 1->1(2)
[2020-12-23T03:59:06.114-0400][gc,heap        ] GC(369720) Old regions: 46->46
[2020-12-23T03:59:06.114-0400][gc,heap        ] GC(369720) Humongous regions: 4->4
[2020-12-23T03:59:06.114-0400][gc,metaspace   ] GC(369720) Metaspace: 61007K->61007K(1107968K)
[2020-12-23T03:59:06.114-0400][gc,heap        ] GC(369720) Heap after GC invocations=369697 (full 10728): garbage-first heap   total 71680K, used 48751K [0x0000000083000000, 0x0000000100000000)
[2020-12-23T03:59:06.115-0400][gc,heap        ] GC(369720)   region size 1024K, 1 young (1024K), 1 survivors (1024K)
[2020-12-23T03:59:06.115-0400][gc,heap        ] GC(369720)  Metaspace       used 61007K, capacity 63721K, committed 64768K, reserved 1107968K
[2020-12-23T03:59:06.115-0400][gc,heap        ] GC(369720)   class space    used 5712K, capacity 6559K, committed 6912K, reserved 1048576K
[2020-12-23T03:59:06.115-0400][gc             ] GC(369720) Pause Young (Normal) (G1 Evacuation Pause) 57M->47M(70M) 6.034ms
[2020-12-23T03:59:06.115-0400][gc,cpu         ] GC(369720) User=0.01s Sys=0.01s Real=0.00s
[2020-12-23T03:59:46.321-0400][gc,heap        ] GC(369721) Heap before GC invocations=369697 (full 10728): garbage-first heap   total 71680K, used 57967K [0x0000000083000000, 0x0000000100000000)
[2020-12-23T03:59:46.321-0400][gc,heap        ] GC(369721)   region size 1024K, 11 young (11264K), 1 survivors (1024K)
[2020-12-23T03:59:46.321-0400][gc,heap        ] GC(369721)  Metaspace       used 61007K, capacity 63721K, committed 64768K, reserved 1107968K
[2020-12-23T03:59:46.321-0400][gc,heap        ] GC(369721)   class space    used 5712K, capacity 6559K, committed 6912K, reserved 1048576K
[2020-12-23T03:59:46.321-0400][gc,start       ] GC(369721) Pause Young (Normal) (G1 Evacuation Pause)
[2020-12-23T03:59:46.321-0400][gc,task        ] GC(369721) Using 4 workers of 4 for evacuation
[2020-12-23T03:59:46.326-0400][gc,phases      ] GC(369721)   Pre Evacuate Collection Set: 0.0ms
[2020-12-23T03:59:46.326-0400][gc,phases      ] GC(369721)   Evacuate Collection Set: 3.1ms
[2020-12-23T03:59:46.327-0400][gc,phases      ] GC(369721)   Post Evacuate Collection Set: 1.5ms
[2020-12-23T03:59:46.327-0400][gc,phases      ] GC(369721)   Other: 0.8ms
[2020-12-23T03:59:46.327-0400][gc,heap        ] GC(369721) Eden regions: 10->0(11)
[2020-12-23T03:59:46.327-0400][gc,heap        ] GC(369721) Survivor regions: 1->1(2)
[2020-12-23T03:59:46.327-0400][gc,heap        ] GC(369721) Old regions: 46->46
[2020-12-23T03:59:46.327-0400][gc,heap        ] GC(369721) Humongous regions: 4->4
[2020-12-23T03:59:46.327-0400][gc,metaspace   ] GC(369721) Metaspace: 61007K->61007K(1107968K)
[2020-12-23T03:59:46.327-0400][gc,heap        ] GC(369721) Heap after GC invocations=369698 (full 10728): garbage-first heap   total 71680K, used 48704K [0x0000000083000000, 0x0000000100000000)
[2020-12-23T03:59:46.327-0400][gc,heap        ] GC(369721)   region size 1024K, 1 young (1024K), 1 survivors (1024K)
[2020-12-23T03:59:46.327-0400][gc,heap        ] GC(369721)  Metaspace       used 61007K, capacity 63721K, committed 64768K, reserved 1107968K
[2020-12-23T03:59:46.327-0400][gc,heap        ] GC(369721)   class space    used 5712K, capacity 6559K, committed 6912K, reserved 1048576K
[2020-12-23T03:59:46.327-0400][gc             ] GC(369721) Pause Young (Normal) (G1 Evacuation Pause) 57M->47M(70M) 5.929ms
[2020-12-23T03:59:46.327-0400][gc,cpu         ] GC(369721) User=0.00s Sys=0.01s Real=0.01s
[2020-12-23T04:00:08.552-0400][gc,heap        ] GC(369722) Heap before GC invocations=369698 (full 10728): garbage-first heap   total 71680K, used 58944K [0x0000000083000000, 0x0000000100000000)
[2020-12-23T04:00:08.552-0400][gc,heap        ] GC(369722)   region size 1024K, 12 young (12288K), 1 survivors (1024K)
[2020-12-23T04:00:08.552-0400][gc,heap        ] GC(369722)  Metaspace       used 61007K, capacity 63721K, committed 64768K, reserved 1107968K
[2020-12-23T04:00:08.552-0400][gc,heap        ] GC(369722)   class space    used 5712K, capacity 6559K, committed 6912K, reserved 1048576K
[2020-12-23T04:00:08.552-0400][gc,start       ] GC(369722) Pause Young (Normal) (G1 Evacuation Pause)
[2020-12-23T04:00:08.552-0400][gc,task        ] GC(369722) Using 4 workers of 4 for evacuation
[2020-12-23T04:00:08.558-0400][gc,phases      ] GC(369722)   Pre Evacuate Collection Set: 0.0ms
[2020-12-23T04:00:08.558-0400][gc,phases      ] GC(369722)   Evacuate Collection Set: 2.9ms
[2020-12-23T04:00:08.558-0400][gc,phases      ] GC(369722)   Post Evacuate Collection Set: 1.8ms
[2020-12-23T04:00:08.558-0400][gc,phases      ] GC(369722)   Other: 1.0ms
[2020-12-23T04:00:08.558-0400][gc,heap        ] GC(369722) Eden regions: 11->0(11)
[2020-12-23T04:00:08.558-0400][gc,heap        ] GC(369722) Survivor regions: 1->1(2)
[2020-12-23T04:00:08.558-0400][gc,heap        ] GC(369722) Old regions: 46->46
[2020-12-23T04:00:08.558-0400][gc,heap        ] GC(369722) Humongous regions: 4->4
[2020-12-23T04:00:08.558-0400][gc,metaspace   ] GC(369722) Metaspace: 61007K->61007K(1107968K)
[2020-12-23T04:00:08.558-0400][gc,heap        ] GC(369722) Heap after GC invocations=369699 (full 10728): garbage-first heap   total 71680K, used 48742K [0x0000000083000000, 0x0000000100000000)
[2020-12-23T04:00:08.558-0400][gc,heap        ] GC(369722)   region size 1024K, 1 young (1024K), 1 survivors (1024K)
[2020-12-23T04:00:08.558-0400][gc,heap        ] GC(369722)  Metaspace       used 61007K, capacity 63721K, committed 64768K, reserved 1107968K
[2020-12-23T04:00:08.558-0400][gc,heap        ] GC(369722)   class space    used 5712K, capacity 6559K, committed 6912K, reserved 1048576K
[2020-12-23T04:00:08.559-0400][gc             ] GC(369722) Pause Young (Normal) (G1 Evacuation Pause) 58M->47M(70M) 6.144ms
[2020-12-23T04:00:08.559-0400][gc,cpu         ] GC(369722) User=0.02s Sys=0.00s Real=0.01s
[2020-12-23T04:00:46.975-0400][gc,heap        ] GC(369723) Heap before GC invocations=369699 (full 10728): garbage-first heap   total 71680K, used 58982K [0x0000000083000000, 0x0000000100000000)
[2020-12-23T04:00:46.975-0400][gc,heap        ] GC(369723)   region size 1024K, 12 young (12288K), 1 survivors (1024K)
[2020-12-23T04:00:46.975-0400][gc,heap        ] GC(369723)  Metaspace       used 61007K, capacity 63721K, committed 64768K, reserved 1107968K
[2020-12-23T04:00:46.975-0400][gc,heap        ] GC(369723)   class space    used 5712K, capacity 6559K, committed 6912K, reserved 1048576K
[2020-12-23T04:00:46.975-0400][gc,start       ] GC(369723) Pause Young (Normal) (G1 Evacuation Pause)
[2020-12-23T04:00:46.975-0400][gc,task        ] GC(369723) Using 4 workers of 4 for evacuation
[2020-12-23T04:00:46.981-0400][gc,phases      ] GC(369723)   Pre Evacuate Collection Set: 0.0ms
[2020-12-23T04:00:46.981-0400][gc,phases      ] GC(369723)   Evacuate Collection Set: 3.2ms
[2020-12-23T04:00:46.981-0400][gc,phases      ] GC(369723)   Post Evacuate Collection Set: 1.8ms
[2020-12-23T04:00:46.981-0400][gc,phases      ] GC(369723)   Other: 1.0ms
[2020-12-23T04:00:46.981-0400][gc,heap        ] GC(369723) Eden regions: 11->0(11)
[2020-12-23T04:00:46.981-0400][gc,heap        ] GC(369723) Survivor regions: 1->1(2)
[2020-12-23T04:00:46.981-0400][gc,heap        ] GC(369723) Old regions: 46->46
[2020-12-23T04:00:46.981-0400][gc,heap        ] GC(369723) Humongous regions: 4->4
[2020-12-23T04:00:46.981-0400][gc,metaspace   ] GC(369723) Metaspace: 61007K->61007K(1107968K)
[2020-12-23T04:00:46.981-0400][gc,heap        ] GC(369723) Heap after GC invocations=369700 (full 10728): garbage-first heap   total 71680K, used 48772K [0x0000000083000000, 0x0000000100000000)
[2020-12-23T04:00:46.981-0400][gc,heap        ] GC(369723)   region size 1024K, 1 young (1024K), 1 survivors (1024K)
[2020-12-23T04:00:46.982-0400][gc,heap        ] GC(369723)  Metaspace       used 61007K, capacity 63721K, committed 64768K, reserved 1107968K
[2020-12-23T04:00:46.982-0400][gc,heap        ] GC(369723)   class space    used 5712K, capacity 6559K, committed 6912K, reserved 1048576K
[2020-12-23T04:00:46.982-0400][gc             ] GC(369723) Pause Young (Normal) (G1 Evacuation Pause) 58M->47M(70M) 6.301ms
[2020-12-23T04:00:46.982-0400][gc,cpu         ] GC(369723) User=0.01s Sys=0.00s Real=0.01s
[2020-12-23T04:01:23.772-0400][gc,heap        ] GC(369724) Heap before GC invocations=369700 (full 10728): garbage-first heap   total 71680K, used 59012K [0x0000000083000000, 0x0000000100000000)
[2020-12-23T04:01:23.773-0400][gc,heap        ] GC(369724)   region size 1024K, 12 young (12288K), 1 survivors (1024K)
[2020-12-23T04:01:23.773-0400][gc,heap        ] GC(369724)  Metaspace       used 61007K, capacity 63721K, committed 64768K, reserved 1107968K
[2020-12-23T04:01:23.773-0400][gc,heap        ] GC(369724)   class space    used 5712K, capacity 6559K, committed 6912K, reserved 1048576K
[2020-12-23T04:01:23.773-0400][gc,start       ] GC(369724) Pause Young (Normal) (G1 Evacuation Pause)
[2020-12-23T04:01:23.773-0400][gc,task        ] GC(369724) Using 4 workers of 4 for evacuation
[2020-12-23T04:01:23.778-0400][gc,phases      ] GC(369724)   Pre Evacuate Collection Set: 0.0ms
[2020-12-23T04:01:23.779-0400][gc,phases      ] GC(369724)   Evacuate Collection Set: 3.5ms
[2020-12-23T04:01:23.779-0400][gc,phases      ] GC(369724)   Post Evacuate Collection Set: 1.6ms
[2020-12-23T04:01:23.779-0400][gc,phases      ] GC(369724)   Other: 0.9ms
[2020-12-23T04:01:23.779-0400][gc,heap        ] GC(369724) Eden regions: 11->0(11)
[2020-12-23T04:01:23.779-0400][gc,heap        ] GC(369724) Survivor regions: 1->1(2)
[2020-12-23T04:01:23.779-0400][gc,heap        ] GC(369724) Old regions: 46->46
[2020-12-23T04:01:23.779-0400][gc,heap        ] GC(369724) Humongous regions: 4->4
[2020-12-23T04:01:23.779-0400][gc,metaspace   ] GC(369724) Metaspace: 61007K->61007K(1107968K)
[2020-12-23T04:01:23.779-0400][gc,heap        ] GC(369724) Heap after GC invocations=369701 (full 10728): garbage-first heap   total 71680K, used 48885K [0x0000000083000000, 0x0000000100000000)
[2020-12-23T04:01:23.779-0400][gc,heap        ] GC(369724)   region size 1024K, 1 young (1024K), 1 survivors (1024K)
[2020-12-23T04:01:23.779-0400][gc,heap        ] GC(369724)  Metaspace       used 61007K, capacity 63721K, committed 64768K, reserved 1107968K
[2020-12-23T04:01:23.779-0400][gc,heap        ] GC(369724)   class space    used 5712K, capacity 6559K, committed 6912K, reserved 1048576K
[2020-12-23T04:01:23.779-0400][gc             ] GC(369724) Pause Young (Normal) (G1 Evacuation Pause) 58M->47M(70M) 6.392ms
[2020-12-23T04:01:23.779-0400][gc,cpu         ] GC(369724) User=0.01s Sys=0.00s Real=0.01s
[2020-12-23T04:01:50.924-0400][gc,task        ] GC(369725) Using 3 workers of 4 for full compaction
[2020-12-23T04:01:50.924-0400][gc,start       ] GC(369725) Pause Full (System.gc())
[2020-12-23T04:01:50.924-0400][gc,heap        ] GC(369725) Heap before GC invocations=369701 (full 10728): garbage-first heap   total 71680K, used 54005K [0x0000000083000000, 0x0000000100000000)
[2020-12-23T04:01:50.924-0400][gc,heap        ] GC(369725)   region size 1024K, 7 young (7168K), 1 survivors (1024K)
[2020-12-23T04:01:50.924-0400][gc,heap        ] GC(369725)  Metaspace       used 61007K, capacity 63721K, committed 64768K, reserved 1107968K
[2020-12-23T04:01:50.924-0400][gc,heap        ] GC(369725)   class space    used 5712K, capacity 6559K, committed 6912K, reserved 1048576K
[2020-12-23T04:01:50.927-0400][gc,phases,start] GC(369725) Phase 1: Mark live objects
[2020-12-23T04:01:51.071-0400][gc,stringtable ] GC(369725) Cleaned string and symbol table, strings: 32200 processed, 0 removed, symbols: 131451 processed, 0 removed
[2020-12-23T04:01:51.071-0400][gc,phases      ] GC(369725) Phase 1: Mark live objects 144.646ms
[2020-12-23T04:01:51.071-0400][gc,phases,start] GC(369725) Phase 2: Prepare for compaction
[2020-12-23T04:01:51.102-0400][gc,phases      ] GC(369725) Phase 2: Prepare for compaction 30.221ms
[2020-12-23T04:01:51.102-0400][gc,phases,start] GC(369725) Phase 3: Adjust pointers
[2020-12-23T04:01:51.178-0400][gc,phases      ] GC(369725) Phase 3: Adjust pointers 76.655ms
[2020-12-23T04:01:51.179-0400][gc,phases,start] GC(369725) Phase 4: Compact heap
[2020-12-23T04:01:51.197-0400][gc,phases      ] GC(369725) Phase 4: Compact heap 18.652ms
[2020-12-23T04:01:51.234-0400][gc,heap        ] GC(369725) Eden regions: 6->0(11)
[2020-12-23T04:01:51.234-0400][gc,heap        ] GC(369725) Survivor regions: 1->0(2)
[2020-12-23T04:01:51.234-0400][gc,heap        ] GC(369725) Old regions: 46->47
[2020-12-23T04:01:51.234-0400][gc,heap        ] GC(369725) Humongous regions: 4->4
[2020-12-23T04:01:51.234-0400][gc,metaspace   ] GC(369725) Metaspace: 61007K->61007K(1107968K)
[2020-12-23T04:01:51.234-0400][gc,heap        ] GC(369725) Heap after GC invocations=369702 (full 10729): garbage-first heap   total 71680K, used 48436K [0x0000000083000000, 0x0000000100000000)
[2020-12-23T04:01:51.234-0400][gc,heap        ] GC(369725)   region size 1024K, 0 young (0K), 0 survivors (0K)
[2020-12-23T04:01:51.234-0400][gc,heap        ] GC(369725)  Metaspace       used 61007K, capacity 63721K, committed 64768K, reserved 1107968K
[2020-12-23T04:01:51.234-0400][gc,heap        ] GC(369725)   class space    used 5712K, capacity 6559K, committed 6912K, reserved 1048576K
[2020-12-23T04:01:51.234-0400][gc             ] GC(369725) Pause Full (System.gc()) 53M->47M(70M) 309.931ms
[2020-12-23T04:01:51.234-0400][gc,cpu         ] GC(369725) User=0.83s Sys=0.00s Real=0.31s
[2020-12-23T04:02:26.064-0400][gc,heap        ] GC(369726) Heap before GC invocations=369702 (full 10729): garbage-first heap   total 71680K, used 58676K [0x0000000083000000, 0x0000000100000000)
[2020-12-23T04:02:26.064-0400][gc,heap        ] GC(369726)   region size 1024K, 11 young (11264K), 0 survivors (0K)
[2020-12-23T04:02:26.064-0400][gc,heap        ] GC(369726)  Metaspace       used 61007K, capacity 63721K, committed 64768K, reserved 1107968K
[2020-12-23T04:02:26.064-0400][gc,heap        ] GC(369726)   class space    used 5712K, capacity 6559K, committed 6912K, reserved 1048576K
[2020-12-23T04:02:26.064-0400][gc,start       ] GC(369726) Pause Young (Normal) (G1 Evacuation Pause)
[2020-12-23T04:02:26.064-0400][gc,task        ] GC(369726) Using 4 workers of 4 for evacuation
[2020-12-23T04:02:26.069-0400][gc,phases      ] GC(369726)   Pre Evacuate Collection Set: 0.0ms
[2020-12-23T04:02:26.069-0400][gc,phases      ] GC(369726)   Evacuate Collection Set: 2.7ms
[2020-12-23T04:02:26.069-0400][gc,phases      ] GC(369726)   Post Evacuate Collection Set: 1.8ms
[2020-12-23T04:02:26.069-0400][gc,phases      ] GC(369726)   Other: 0.8ms
[2020-12-23T04:02:26.069-0400][gc,heap        ] GC(369726) Eden regions: 11->0(10)
[2020-12-23T04:02:26.069-0400][gc,heap        ] GC(369726) Survivor regions: 0->1(2)
[2020-12-23T04:02:26.070-0400][gc,heap        ] GC(369726) Old regions: 47->47
[2020-12-23T04:02:26.070-0400][gc,heap        ] GC(369726) Humongous regions: 4->4
[2020-12-23T04:02:26.070-0400][gc,metaspace   ] GC(369726) Metaspace: 61007K->61007K(1107968K)
[2020-12-23T04:02:26.070-0400][gc,heap        ] GC(369726) Heap after GC invocations=369703 (full 10729): garbage-first heap   total 71680K, used 48657K [0x0000000083000000, 0x0000000100000000)
[2020-12-23T04:02:26.070-0400][gc,heap        ] GC(369726)   region size 1024K, 1 young (1024K), 1 survivors (1024K)
[2020-12-23T04:02:26.070-0400][gc,heap        ] GC(369726)  Metaspace       used 61007K, capacity 63721K, committed 64768K, reserved 1107968K
[2020-12-23T04:02:26.070-0400][gc,heap        ] GC(369726)   class space    used 5712K, capacity 6559K, committed 6912K, reserved 1048576K
[2020-12-23T04:02:26.070-0400][gc             ] GC(369726) Pause Young (Normal) (G1 Evacuation Pause) 58M->47M(70M) 5.844ms
[2020-12-23T04:02:26.070-0400][gc,cpu         ] GC(369726) User=0.01s Sys=0.01s Real=0.01s
[2020-12-23T04:03:03.001-0400][gc,heap        ] GC(369727) Heap before GC invocations=369703 (full 10729): garbage-first heap   total 71680K, used 57873K [0x0000000083000000, 0x0000000100000000)
[2020-12-23T04:03:03.001-0400][gc,heap        ] GC(369727)   region size 1024K, 11 young (11264K), 1 survivors (1024K)
[2020-12-23T04:03:03.001-0400][gc,heap        ] GC(369727)  Metaspace       used 61007K, capacity 63721K, committed 64768K, reserved 1107968K
[2020-12-23T04:03:03.001-0400][gc,heap        ] GC(369727)   class space    used 5712K, capacity 6559K, committed 6912K, reserved 1048576K
[2020-12-23T04:03:03.001-0400][gc,start       ] GC(369727) Pause Young (Normal) (G1 Evacuation Pause)
[2020-12-23T04:03:03.001-0400][gc,task        ] GC(369727) Using 4 workers of 4 for evacuation
[2020-12-23T04:03:03.007-0400][gc,phases      ] GC(369727)   Pre Evacuate Collection Set: 0.0ms
[2020-12-23T04:03:03.007-0400][gc,phases      ] GC(369727)   Evacuate Collection Set: 3.1ms
[2020-12-23T04:03:03.007-0400][gc,phases      ] GC(369727)   Post Evacuate Collection Set: 2.0ms
[2020-12-23T04:03:03.007-0400][gc,phases      ] GC(369727)   Other: 0.8ms
[2020-12-23T04:03:03.007-0400][gc,heap        ] GC(369727) Eden regions: 10->0(10)
[2020-12-23T04:03:03.007-0400][gc,heap        ] GC(369727) Survivor regions: 1->1(2)
[2020-12-23T04:03:03.007-0400][gc,heap        ] GC(369727) Old regions: 47->47
[2020-12-23T04:03:03.007-0400][gc,heap        ] GC(369727) Humongous regions: 4->4
[2020-12-23T04:03:03.007-0400][gc,metaspace   ] GC(369727) Metaspace: 61007K->61007K(1107968K)
[2020-12-23T04:03:03.007-0400][gc,heap        ] GC(369727) Heap after GC invocations=369704 (full 10729): garbage-first heap   total 71680K, used 48763K [0x0000000083000000, 0x0000000100000000)
[2020-12-23T04:03:03.007-0400][gc,heap        ] GC(369727)   region size 1024K, 1 young (1024K), 1 survivors (1024K)
[2020-12-23T04:03:03.007-0400][gc,heap        ] GC(369727)  Metaspace       used 61007K, capacity 63721K, committed 64768K, reserved 1107968K
[2020-12-23T04:03:03.007-0400][gc,heap        ] GC(369727)   class space    used 5712K, capacity 6559K, committed 6912K, reserved 1048576K
[2020-12-23T04:03:03.007-0400][gc             ] GC(369727) Pause Young (Normal) (G1 Evacuation Pause) 57M->47M(70M) 6.331ms
[2020-12-23T04:03:03.007-0400][gc,cpu         ] GC(369727) User=0.01s Sys=0.00s Real=0.01s
[2020-12-23T04:03:33.890-0400][gc,heap        ] GC(369728) Heap before GC invocations=369704 (full 10729): garbage-first heap   total 71680K, used 59003K [0x0000000083000000, 0x0000000100000000)
[2020-12-23T04:03:33.890-0400][gc,heap        ] GC(369728)   region size 1024K, 11 young (11264K), 1 survivors (1024K)
[2020-12-23T04:03:33.890-0400][gc,heap        ] GC(369728)  Metaspace       used 61007K, capacity 63721K, committed 64768K, reserved 1107968K
[2020-12-23T04:03:33.891-0400][gc,heap        ] GC(369728)   class space    used 5712K, capacity 6559K, committed 6912K, reserved 1048576K
[2020-12-23T04:03:33.891-0400][gc,start       ] GC(369728) Pause Young (Normal) (G1 Evacuation Pause)
[2020-12-23T04:03:33.891-0400][gc,task        ] GC(369728) Using 4 workers of 4 for evacuation
[2020-12-23T04:03:33.896-0400][gc,phases      ] GC(369728)   Pre Evacuate Collection Set: 0.0ms
[2020-12-23T04:03:33.896-0400][gc,phases      ] GC(369728)   Evacuate Collection Set: 3.2ms
[2020-12-23T04:03:33.896-0400][gc,phases      ] GC(369728)   Post Evacuate Collection Set: 1.7ms
[2020-12-23T04:03:33.896-0400][gc,phases      ] GC(369728)   Other: 1.3ms
[2020-12-23T04:03:33.896-0400][gc,heap        ] GC(369728) Eden regions: 10->0(10)
[2020-12-23T04:03:33.896-0400][gc,heap        ] GC(369728) Survivor regions: 1->1(2)
[2020-12-23T04:03:33.896-0400][gc,heap        ] GC(369728) Old regions: 47->47
[2020-12-23T04:03:33.896-0400][gc,heap        ] GC(369728) Humongous regions: 4->4
[2020-12-23T04:03:33.896-0400][gc,metaspace   ] GC(369728) Metaspace: 61007K->61007K(1107968K)
[2020-12-23T04:03:33.897-0400][gc,heap        ] GC(369728) Heap after GC invocations=369705 (full 10729): garbage-first heap   total 71680K, used 48834K [0x0000000083000000, 0x0000000100000000)
[2020-12-23T04:03:33.897-0400][gc,heap        ] GC(369728)   region size 1024K, 1 young (1024K), 1 survivors (1024K)
[2020-12-23T04:03:33.897-0400][gc,heap        ] GC(369728)  Metaspace       used 61007K, capacity 63721K, committed 64768K, reserved 1107968K
[2020-12-23T04:03:33.897-0400][gc,heap        ] GC(369728)   class space    used 5712K, capacity 6559K, committed 6912K, reserved 1048576K
[2020-12-23T04:03:33.897-0400][gc             ] GC(369728) Pause Young (Normal) (G1 Evacuation Pause) 57M->47M(70M) 6.129ms
[2020-12-23T04:03:33.897-0400][gc,cpu         ] GC(369728) User=0.00s Sys=0.00s Real=0.01s
[2020-12-23T04:04:08.742-0400][gc,heap        ] GC(369729) Heap before GC invocations=369705 (full 10729): garbage-first heap   total 71680K, used 59074K [0x0000000083000000, 0x0000000100000000)
[2020-12-23T04:04:08.742-0400][gc,heap        ] GC(369729)   region size 1024K, 11 young (11264K), 1 survivors (1024K)
[2020-12-23T04:04:08.742-0400][gc,heap        ] GC(369729)  Metaspace       used 61007K, capacity 63721K, committed 64768K, reserved 1107968K
[2020-12-23T04:04:08.742-0400][gc,heap        ] GC(369729)   class space    used 5712K, capacity 6559K, committed 6912K, reserved 1048576K
[2020-12-23T04:04:08.742-0400][gc,start       ] GC(369729) Pause Young (Normal) (G1 Evacuation Pause)
[2020-12-23T04:04:08.742-0400][gc,task        ] GC(369729) Using 4 workers of 4 for evacuation
[2020-12-23T04:04:08.748-0400][gc,phases      ] GC(369729)   Pre Evacuate Collection Set: 0.0ms
[2020-12-23T04:04:08.748-0400][gc,phases      ] GC(369729)   Evacuate Collection Set: 3.5ms
[2020-12-23T04:04:08.748-0400][gc,phases      ] GC(369729)   Post Evacuate Collection Set: 1.6ms
[2020-12-23T04:04:08.748-0400][gc,phases      ] GC(369729)   Other: 0.8ms
[2020-12-23T04:04:08.748-0400][gc,heap        ] GC(369729) Eden regions: 10->0(10)
[2020-12-23T04:04:08.748-0400][gc,heap        ] GC(369729) Survivor regions: 1->1(2)
[2020-12-23T04:04:08.748-0400][gc,heap        ] GC(369729) Old regions: 47->47
[2020-12-23T04:04:08.749-0400][gc,heap        ] GC(369729) Humongous regions: 4->4
[2020-12-23T04:04:08.749-0400][gc,metaspace   ] GC(369729) Metaspace: 61007K->61007K(1107968K)
[2020-12-23T04:04:08.749-0400][gc,heap        ] GC(369729) Heap after GC invocations=369706 (full 10729): garbage-first heap   total 71680K, used 48834K [0x0000000083000000, 0x0000000100000000)
[2020-12-23T04:04:08.749-0400][gc,heap        ] GC(369729)   region size 1024K, 1 young (1024K), 1 survivors (1024K)
[2020-12-23T04:04:08.749-0400][gc,heap        ] GC(369729)  Metaspace       used 61007K, capacity 63721K, committed 64768K, reserved 1107968K
[2020-12-23T04:04:08.749-0400][gc,heap        ] GC(369729)   class space    used 5712K, capacity 6559K, committed 6912K, reserved 1048576K
[2020-12-23T04:04:08.749-0400][gc             ] GC(369729) Pause Young (Normal) (G1 Evacuation Pause) 57M->47M(70M) 6.486ms
[2020-12-23T04:04:08.749-0400][gc,cpu         ] GC(369729) User=0.01s Sys=0.00s Real=0.01s
[2020-12-23T04:04:40.802-0400][gc,heap        ] GC(369730) Heap before GC invocations=369706 (full 10729): garbage-first heap   total 71680K, used 58050K [0x0000000083000000, 0x0000000100000000)
[2020-12-23T04:04:40.802-0400][gc,heap        ] GC(369730)   region size 1024K, 11 young (11264K), 1 survivors (1024K)
[2020-12-23T04:04:40.802-0400][gc,heap        ] GC(369730)  Metaspace       used 61007K, capacity 63721K, committed 64768K, reserved 1107968K
[2020-12-23T04:04:40.802-0400][gc,heap        ] GC(369730)   class space    used 5712K, capacity 6559K, committed 6912K, reserved 1048576K
[2020-12-23T04:04:40.802-0400][gc,start       ] GC(369730) Pause Young (Normal) (G1 Evacuation Pause)
[2020-12-23T04:04:40.802-0400][gc,task        ] GC(369730) Using 4 workers of 4 for evacuation
[2020-12-23T04:04:40.808-0400][gc,phases      ] GC(369730)   Pre Evacuate Collection Set: 0.0ms
[2020-12-23T04:04:40.808-0400][gc,phases      ] GC(369730)   Evacuate Collection Set: 3.2ms
[2020-12-23T04:04:40.808-0400][gc,phases      ] GC(369730)   Post Evacuate Collection Set: 1.8ms
[2020-12-23T04:04:40.808-0400][gc,phases      ] GC(369730)   Other: 0.8ms
[2020-12-23T04:04:40.808-0400][gc,heap        ] GC(369730) Eden regions: 10->0(10)
[2020-12-23T04:04:40.808-0400][gc,heap        ] GC(369730) Survivor regions: 1->1(2)
[2020-12-23T04:04:40.808-0400][gc,heap        ] GC(369730) Old regions: 47->47
[2020-12-23T04:04:40.808-0400][gc,heap        ] GC(369730) Humongous regions: 4->4
[2020-12-23T04:04:40.808-0400][gc,metaspace   ] GC(369730) Metaspace: 61007K->61007K(1107968K)
[2020-12-23T04:04:40.808-0400][gc,heap        ] GC(369730) Heap after GC invocations=369707 (full 10729): garbage-first heap   total 71680K, used 48848K [0x0000000083000000, 0x0000000100000000)
[2020-12-23T04:04:40.808-0400][gc,heap        ] GC(369730)   region size 1024K, 1 young (1024K), 1 survivors (1024K)
[2020-12-23T04:04:40.808-0400][gc,heap        ] GC(369730)  Metaspace       used 61007K, capacity 63721K, committed 64768K, reserved 1107968K
[2020-12-23T04:04:40.808-0400][gc,heap        ] GC(369730)   class space    used 5712K, capacity 6559K, committed 6912K, reserved 1048576K
[2020-12-23T04:04:40.808-0400][gc             ] GC(369730) Pause Young (Normal) (G1 Evacuation Pause) 57M->47M(70M) 6.294ms
[2020-12-23T04:04:40.809-0400][gc,cpu         ] GC(369730) User=0.01s Sys=0.00s Real=0.01s
[2020-12-23T04:05:08.032-0400][gc,heap        ] GC(369731) Heap before GC invocations=369707 (full 10729): garbage-first heap   total 71680K, used 58064K [0x0000000083000000, 0x0000000100000000)
[2020-12-23T04:05:08.032-0400][gc,heap        ] GC(369731)   region size 1024K, 11 young (11264K), 1 survivors (1024K)
[2020-12-23T04:05:08.032-0400][gc,heap        ] GC(369731)  Metaspace       used 61007K, capacity 63721K, committed 64768K, reserved 1107968K
[2020-12-23T04:05:08.032-0400][gc,heap        ] GC(369731)   class space    used 5712K, capacity 6559K, committed 6912K, reserved 1048576K
[2020-12-23T04:05:08.032-0400][gc,start       ] GC(369731) Pause Young (Normal) (G1 Evacuation Pause)
[2020-12-23T04:05:08.032-0400][gc,task        ] GC(369731) Using 4 workers of 4 for evacuation
[2020-12-23T04:05:08.038-0400][gc,phases      ] GC(369731)   Pre Evacuate Collection Set: 0.1ms
[2020-12-23T04:05:08.038-0400][gc,phases      ] GC(369731)   Evacuate Collection Set: 3.7ms
[2020-12-23T04:05:08.038-0400][gc,phases      ] GC(369731)   Post Evacuate Collection Set: 1.6ms
[2020-12-23T04:05:08.038-0400][gc,phases      ] GC(369731)   Other: 0.8ms
[2020-12-23T04:05:08.038-0400][gc,heap        ] GC(369731) Eden regions: 10->0(10)
[2020-12-23T04:05:08.039-0400][gc,heap        ] GC(369731) Survivor regions: 1->1(2)
[2020-12-23T04:05:08.039-0400][gc,heap        ] GC(369731) Old regions: 47->47
[2020-12-23T04:05:08.039-0400][gc,heap        ] GC(369731) Humongous regions: 4->4
[2020-12-23T04:05:08.039-0400][gc,metaspace   ] GC(369731) Metaspace: 61007K->61007K(1107968K)
[2020-12-23T04:05:08.039-0400][gc,heap        ] GC(369731) Heap after GC invocations=369708 (full 10729): garbage-first heap   total 71680K, used 48931K [0x0000000083000000, 0x0000000100000000)
[2020-12-23T04:05:08.039-0400][gc,heap        ] GC(369731)   region size 1024K, 1 young (1024K), 1 survivors (1024K)
[2020-12-23T04:05:08.039-0400][gc,heap        ] GC(369731)  Metaspace       used 61007K, capacity 63721K, committed 64768K, reserved 1107968K
[2020-12-23T04:05:08.039-0400][gc,heap        ] GC(369731)   class space    used 5712K, capacity 6559K, committed 6912K, reserved 1048576K
[2020-12-23T04:05:08.039-0400][gc             ] GC(369731) Pause Young (Normal) (G1 Evacuation Pause) 57M->47M(70M) 6.716ms
[2020-12-23T04:05:08.039-0400][gc,cpu         ] GC(369731) User=0.01s Sys=0.00s Real=0.01s
[2020-12-23T04:05:20.559-0400][gc,heap        ] GC(369732) Heap before GC invocations=369708 (full 10729): garbage-first heap   total 71680K, used 58147K [0x0000000083000000, 0x0000000100000000)
[2020-12-23T04:05:20.559-0400][gc,heap        ] GC(369732)   region size 1024K, 11 young (11264K), 1 survivors (1024K)
[2020-12-23T04:05:20.559-0400][gc,heap        ] GC(369732)  Metaspace       used 61007K, capacity 63721K, committed 64768K, reserved 1107968K
[2020-12-23T04:05:20.559-0400][gc,heap        ] GC(369732)   class space    used 5712K, capacity 6559K, committed 6912K, reserved 1048576K
[2020-12-23T04:05:20.559-0400][gc,start       ] GC(369732) Pause Young (Normal) (G1 Evacuation Pause)
[2020-12-23T04:05:20.559-0400][gc,task        ] GC(369732) Using 4 workers of 4 for evacuation
[2020-12-23T04:05:20.566-0400][gc,phases      ] GC(369732)   Pre Evacuate Collection Set: 0.0ms
[2020-12-23T04:05:20.566-0400][gc,phases      ] GC(369732)   Evacuate Collection Set: 4.7ms
[2020-12-23T04:05:20.566-0400][gc,phases      ] GC(369732)   Post Evacuate Collection Set: 1.8ms
[2020-12-23T04:05:20.566-0400][gc,phases      ] GC(369732)   Other: 0.9ms
[2020-12-23T04:05:20.566-0400][gc,heap        ] GC(369732) Eden regions: 10->0(9)
[2020-12-23T04:05:20.566-0400][gc,heap        ] GC(369732) Survivor regions: 1->1(2)
[2020-12-23T04:05:20.566-0400][gc,heap        ] GC(369732) Old regions: 47->47
[2020-12-23T04:05:20.566-0400][gc,heap        ] GC(369732) Humongous regions: 4->4
[2020-12-23T04:05:20.566-0400][gc,metaspace   ] GC(369732) Metaspace: 61007K->61007K(1107968K)
[2020-12-23T04:05:20.566-0400][gc,heap        ] GC(369732) Heap after GC invocations=369709 (full 10729): garbage-first heap   total 71680K, used 48964K [0x0000000083000000, 0x0000000100000000)
[2020-12-23T04:05:20.566-0400][gc,heap        ] GC(369732)   region size 1024K, 1 young (1024K), 1 survivors (1024K)
[2020-12-23T04:05:20.566-0400][gc,heap        ] GC(369732)  Metaspace       used 61007K, capacity 63721K, committed 64768K, reserved 1107968K
[2020-12-23T04:05:20.567-0400][gc,heap        ] GC(369732)   class space    used 5712K, capacity 6559K, committed 6912K, reserved 1048576K
[2020-12-23T04:05:20.567-0400][gc             ] GC(369732) Pause Young (Normal) (G1 Evacuation Pause) 57M->47M(70M) 7.762ms
[2020-12-23T04:05:20.567-0400][gc,cpu         ] GC(369732) User=0.03s Sys=0.00s Real=0.01s
[2020-12-23T04:05:50.812-0400][gc,heap        ] GC(369733) Heap before GC invocations=369709 (full 10729): garbage-first heap   total 71680K, used 57156K [0x0000000083000000, 0x0000000100000000)
[2020-12-23T04:05:50.812-0400][gc,heap        ] GC(369733)   region size 1024K, 10 young (10240K), 1 survivors (1024K)
[2020-12-23T04:05:50.812-0400][gc,heap        ] GC(369733)  Metaspace       used 61007K, capacity 63721K, committed 64768K, reserved 1107968K
[2020-12-23T04:05:50.812-0400][gc,heap        ] GC(369733)   class space    used 5712K, capacity 6559K, committed 6912K, reserved 1048576K
[2020-12-23T04:05:50.812-0400][gc,start       ] GC(369733) Pause Young (Normal) (G1 Evacuation Pause)
[2020-12-23T04:05:50.812-0400][gc,task        ] GC(369733) Using 4 workers of 4 for evacuation
[2020-12-23T04:05:50.818-0400][gc,phases      ] GC(369733)   Pre Evacuate Collection Set: 0.0ms
[2020-12-23T04:05:50.818-0400][gc,phases      ] GC(369733)   Evacuate Collection Set: 3.5ms
[2020-12-23T04:05:50.818-0400][gc,phases      ] GC(369733)   Post Evacuate Collection Set: 1.6ms
[2020-12-23T04:05:50.818-0400][gc,phases      ] GC(369733)   Other: 0.9ms
[2020-12-23T04:05:50.818-0400][gc,heap        ] GC(369733) Eden regions: 9->0(9)
[2020-12-23T04:05:50.818-0400][gc,heap        ] GC(369733) Survivor regions: 1->1(2)
[2020-12-23T04:05:50.818-0400][gc,heap        ] GC(369733) Old regions: 47->47
[2020-12-23T04:05:50.818-0400][gc,heap        ] GC(369733) Humongous regions: 4->4
[2020-12-23T04:05:50.818-0400][gc,metaspace   ] GC(369733) Metaspace: 61007K->61007K(1107968K)
[2020-12-23T04:05:50.818-0400][gc,heap        ] GC(369733) Heap after GC invocations=369710 (full 10729): garbage-first heap   total 71680K, used 48887K [0x0000000083000000, 0x0000000100000000)
[2020-12-23T04:05:50.818-0400][gc,heap        ] GC(369733)   region size 1024K, 1 young (1024K), 1 survivors (1024K)
[2020-12-23T04:05:50.819-0400][gc,heap        ] GC(369733)  Metaspace       used 61007K, capacity 63721K, committed 64768K, reserved 1107968K
[2020-12-23T04:05:50.819-0400][gc,heap        ] GC(369733)   class space    used 5712K, capacity 6559K, committed 6912K, reserved 1048576K
[2020-12-23T04:05:50.819-0400][gc             ] GC(369733) Pause Young (Normal) (G1 Evacuation Pause) 56M->47M(70M) 6.426ms
[2020-12-23T04:05:50.819-0400][gc,cpu         ] GC(369733) User=0.01s Sys=0.00s Real=0.01s
[2020-12-23T04:06:17.227-0400][gc,heap        ] GC(369734) Heap before GC invocations=369710 (full 10729): garbage-first heap   total 71680K, used 57079K [0x0000000083000000, 0x0000000100000000)
[2020-12-23T04:06:17.227-0400][gc,heap        ] GC(369734)   region size 1024K, 10 young (10240K), 1 survivors (1024K)
[2020-12-23T04:06:17.227-0400][gc,heap        ] GC(369734)  Metaspace       used 61007K, capacity 63721K, committed 64768K, reserved 1107968K
[2020-12-23T04:06:17.227-0400][gc,heap        ] GC(369734)   class space    used 5712K, capacity 6559K, committed 6912K, reserved 1048576K
[2020-12-23T04:06:17.228-0400][gc,start       ] GC(369734) Pause Young (Normal) (G1 Evacuation Pause)
[2020-12-23T04:06:17.228-0400][gc,task        ] GC(369734) Using 4 workers of 4 for evacuation
[2020-12-23T04:06:17.233-0400][gc,phases      ] GC(369734)   Pre Evacuate Collection Set: 0.0ms
[2020-12-23T04:06:17.234-0400][gc,phases      ] GC(369734)   Evacuate Collection Set: 3.5ms
[2020-12-23T04:06:17.234-0400][gc,phases      ] GC(369734)   Post Evacuate Collection Set: 1.8ms
[2020-12-23T04:06:17.234-0400][gc,phases      ] GC(369734)   Other: 0.9ms
[2020-12-23T04:06:17.234-0400][gc,heap        ] GC(369734) Eden regions: 9->0(9)
[2020-12-23T04:06:17.234-0400][gc,heap        ] GC(369734) Survivor regions: 1->1(2)
[2020-12-23T04:06:17.234-0400][gc,heap        ] GC(369734) Old regions: 47->47
[2020-12-23T04:06:17.234-0400][gc,heap        ] GC(369734) Humongous regions: 4->4
[2020-12-23T04:06:17.234-0400][gc,metaspace   ] GC(369734) Metaspace: 61007K->61007K(1107968K)
[2020-12-23T04:06:17.234-0400][gc,heap        ] GC(369734) Heap after GC invocations=369711 (full 10729): garbage-first heap   total 71680K, used 48899K [0x0000000083000000, 0x0000000100000000)
[2020-12-23T04:06:17.234-0400][gc,heap        ] GC(369734)   region size 1024K, 1 young (1024K), 1 survivors (1024K)
[2020-12-23T04:06:17.234-0400][gc,heap        ] GC(369734)  Metaspace       used 61007K, capacity 63721K, committed 64768K, reserved 1107968K
[2020-12-23T04:06:17.234-0400][gc,heap        ] GC(369734)   class space    used 5712K, capacity 6559K, committed 6912K, reserved 1048576K
[2020-12-23T04:06:17.234-0400][gc             ] GC(369734) Pause Young (Normal) (G1 Evacuation Pause) 56M->47M(70M) 6.594ms
[2020-12-23T04:06:17.234-0400][gc,cpu         ] GC(369734) User=0.01s Sys=0.01s Real=0.00s
[2020-12-23T04:06:50.923-0400][gc,task        ] GC(369735) Using 3 workers of 4 for full compaction
[2020-12-23T04:06:50.924-0400][gc,start       ] GC(369735) Pause Full (System.gc())
[2020-12-23T04:06:50.924-0400][gc,heap        ] GC(369735) Heap before GC invocations=369711 (full 10729): garbage-first heap   total 71680K, used 56067K [0x0000000083000000, 0x0000000100000000)
[2020-12-23T04:06:50.924-0400][gc,heap        ] GC(369735)   region size 1024K, 10 young (10240K), 1 survivors (1024K)
[2020-12-23T04:06:50.924-0400][gc,heap        ] GC(369735)  Metaspace       used 61007K, capacity 63721K, committed 64768K, reserved 1107968K
[2020-12-23T04:06:50.924-0400][gc,heap        ] GC(369735)   class space    used 5712K, capacity 6559K, committed 6912K, reserved 1048576K
[2020-12-23T04:06:50.926-0400][gc,phases,start] GC(369735) Phase 1: Mark live objects
[2020-12-23T04:06:51.069-0400][gc,stringtable ] GC(369735) Cleaned string and symbol table, strings: 32200 processed, 0 removed, symbols: 131451 processed, 0 removed
[2020-12-23T04:06:51.070-0400][gc,phases      ] GC(369735) Phase 1: Mark live objects 143.275ms
[2020-12-23T04:06:51.070-0400][gc,phases,start] GC(369735) Phase 2: Prepare for compaction
[2020-12-23T04:06:51.100-0400][gc,phases      ] GC(369735) Phase 2: Prepare for compaction 30.662ms
[2020-12-23T04:06:51.100-0400][gc,phases,start] GC(369735) Phase 3: Adjust pointers
[2020-12-23T04:06:51.177-0400][gc,phases      ] GC(369735) Phase 3: Adjust pointers 76.843ms
[2020-12-23T04:06:51.177-0400][gc,phases,start] GC(369735) Phase 4: Compact heap
[2020-12-23T04:06:51.198-0400][gc,phases      ] GC(369735) Phase 4: Compact heap 20.810ms
[2020-12-23T04:06:51.235-0400][gc,heap        ] GC(369735) Eden regions: 9->0(10)
[2020-12-23T04:06:51.235-0400][gc,heap        ] GC(369735) Survivor regions: 1->0(2)
[2020-12-23T04:06:51.235-0400][gc,heap        ] GC(369735) Old regions: 47->47
[2020-12-23T04:06:51.235-0400][gc,heap        ] GC(369735) Humongous regions: 4->4
[2020-12-23T04:06:51.235-0400][gc,metaspace   ] GC(369735) Metaspace: 61007K->61007K(1107968K)
[2020-12-23T04:06:51.235-0400][gc,heap        ] GC(369735) Heap after GC invocations=369712 (full 10730): garbage-first heap   total 71680K, used 48551K [0x0000000083000000, 0x0000000100000000)
[2020-12-23T04:06:51.235-0400][gc,heap        ] GC(369735)   region size 1024K, 0 young (0K), 0 survivors (0K)
[2020-12-23T04:06:51.235-0400][gc,heap        ] GC(369735)  Metaspace       used 61007K, capacity 63721K, committed 64768K, reserved 1107968K
[2020-12-23T04:06:51.235-0400][gc,heap        ] GC(369735)   class space    used 5712K, capacity 6559K, committed 6912K, reserved 1048576K
[2020-12-23T04:06:51.235-0400][gc             ] GC(369735) Pause Full (System.gc()) 56M->47M(70M) 311.443ms
[2020-12-23T04:06:51.235-0400][gc,cpu         ] GC(369735) User=0.84s Sys=0.00s Real=0.31s
[2020-12-23T04:07:19.154-0400][gc,heap        ] GC(369736) Heap before GC invocations=369712 (full 10730): garbage-first heap   total 71680K, used 57767K [0x0000000083000000, 0x0000000100000000)
[2020-12-23T04:07:19.154-0400][gc,heap        ] GC(369736)   region size 1024K, 10 young (10240K), 0 survivors (0K)
[2020-12-23T04:07:19.154-0400][gc,heap        ] GC(369736)  Metaspace       used 61007K, capacity 63721K, committed 64768K, reserved 1107968K
[2020-12-23T04:07:19.154-0400][gc,heap        ] GC(369736)   class space    used 5712K, capacity 6559K, committed 6912K, reserved 1048576K
[2020-12-23T04:07:19.154-0400][gc,start       ] GC(369736) Pause Young (Normal) (G1 Evacuation Pause)
[2020-12-23T04:07:19.154-0400][gc,task        ] GC(369736) Using 4 workers of 4 for evacuation
[2020-12-23T04:07:19.160-0400][gc,phases      ] GC(369736)   Pre Evacuate Collection Set: 0.0ms
[2020-12-23T04:07:19.160-0400][gc,phases      ] GC(369736)   Evacuate Collection Set: 3.3ms
[2020-12-23T04:07:19.160-0400][gc,phases      ] GC(369736)   Post Evacuate Collection Set: 2.1ms
[2020-12-23T04:07:19.161-0400][gc,phases      ] GC(369736)   Other: 0.9ms
[2020-12-23T04:07:19.161-0400][gc,heap        ] GC(369736) Eden regions: 10->0(9)
[2020-12-23T04:07:19.161-0400][gc,heap        ] GC(369736) Survivor regions: 0->1(2)
[2020-12-23T04:07:19.161-0400][gc,heap        ] GC(369736) Old regions: 47->47
[2020-12-23T04:07:19.161-0400][gc,heap        ] GC(369736) Humongous regions: 4->4
[2020-12-23T04:07:19.161-0400][gc,metaspace   ] GC(369736) Metaspace: 61007K->61007K(1107968K)
[2020-12-23T04:07:19.161-0400][gc,heap        ] GC(369736) Heap after GC invocations=369713 (full 10730): garbage-first heap   total 71680K, used 48843K [0x0000000083000000, 0x0000000100000000)
[2020-12-23T04:07:19.161-0400][gc,heap        ] GC(369736)   region size 1024K, 1 young (1024K), 1 survivors (1024K)
[2020-12-23T04:07:19.161-0400][gc,heap        ] GC(369736)  Metaspace       used 61007K, capacity 63721K, committed 64768K, reserved 1107968K
[2020-12-23T04:07:19.161-0400][gc,heap        ] GC(369736)   class space    used 5712K, capacity 6559K, committed 6912K, reserved 1048576K
[2020-12-23T04:07:19.162-0400][gc             ] GC(369736) Pause Young (Normal) (G1 Evacuation Pause) 57M->47M(70M) 7.176ms
[2020-12-23T04:07:19.163-0400][gc,cpu         ] GC(369736) User=0.01s Sys=0.01s Real=0.01s
[2020-12-23T04:07:48.612-0400][gc,heap        ] GC(369737) Heap before GC invocations=369713 (full 10730): garbage-first heap   total 71680K, used 57035K [0x0000000083000000, 0x0000000100000000)
[2020-12-23T04:07:48.612-0400][gc,heap        ] GC(369737)   region size 1024K, 10 young (10240K), 1 survivors (1024K)
[2020-12-23T04:07:48.612-0400][gc,heap        ] GC(369737)  Metaspace       used 61007K, capacity 63721K, committed 64768K, reserved 1107968K
[2020-12-23T04:07:48.612-0400][gc,heap        ] GC(369737)   class space    used 5712K, capacity 6559K, committed 6912K, reserved 1048576K
[2020-12-23T04:07:48.612-0400][gc,start       ] GC(369737) Pause Young (Normal) (G1 Evacuation Pause)
[2020-12-23T04:07:48.612-0400][gc,task        ] GC(369737) Using 4 workers of 4 for evacuation
[2020-12-23T04:07:48.617-0400][gc,phases      ] GC(369737)   Pre Evacuate Collection Set: 0.0ms
[2020-12-23T04:07:48.617-0400][gc,phases      ] GC(369737)   Evacuate Collection Set: 3.2ms
[2020-12-23T04:07:48.617-0400][gc,phases      ] GC(369737)   Post Evacuate Collection Set: 1.7ms
[2020-12-23T04:07:48.617-0400][gc,phases      ] GC(369737)   Other: 0.9ms
[2020-12-23T04:07:48.618-0400][gc,heap        ] GC(369737) Eden regions: 9->0(9)
[2020-12-23T04:07:48.618-0400][gc,heap        ] GC(369737) Survivor regions: 1->1(2)
[2020-12-23T04:07:48.618-0400][gc,heap        ] GC(369737) Old regions: 47->47
[2020-12-23T04:07:48.618-0400][gc,heap        ] GC(369737) Humongous regions: 4->4
[2020-12-23T04:07:48.618-0400][gc,metaspace   ] GC(369737) Metaspace: 61007K->61007K(1107968K)
[2020-12-23T04:07:48.618-0400][gc,heap        ] GC(369737) Heap after GC invocations=369714 (full 10730): garbage-first heap   total 71680K, used 48875K [0x0000000083000000, 0x0000000100000000)
[2020-12-23T04:07:48.618-0400][gc,heap        ] GC(369737)   region size 1024K, 1 young (1024K), 1 survivors (1024K)
[2020-12-23T04:07:48.618-0400][gc,heap        ] GC(369737)  Metaspace       used 61007K, capacity 63721K, committed 64768K, reserved 1107968K
[2020-12-23T04:07:48.618-0400][gc,heap        ] GC(369737)   class space    used 5712K, capacity 6559K, committed 6912K, reserved 1048576K
[2020-12-23T04:07:48.618-0400][gc             ] GC(369737) Pause Young (Normal) (G1 Evacuation Pause) 56M->47M(70M) 6.092ms
[2020-12-23T04:07:48.618-0400][gc,cpu         ] GC(369737) User=0.01s Sys=0.01s Real=0.01s
[2020-12-23T04:08:11.090-0400][gc,heap        ] GC(369738) Heap before GC invocations=369714 (full 10730): garbage-first heap   total 71680K, used 57067K [0x0000000083000000, 0x0000000100000000)
[2020-12-23T04:08:11.090-0400][gc,heap        ] GC(369738)   region size 1024K, 10 young (10240K), 1 survivors (1024K)
[2020-12-23T04:08:11.090-0400][gc,heap        ] GC(369738)  Metaspace       used 61007K, capacity 63721K, committed 64768K, reserved 1107968K
[2020-12-23T04:08:11.090-0400][gc,heap        ] GC(369738)   class space    used 5712K, capacity 6559K, committed 6912K, reserved 1048576K
[2020-12-23T04:08:11.091-0400][gc,start       ] GC(369738) Pause Young (Normal) (G1 Evacuation Pause)
[2020-12-23T04:08:11.091-0400][gc,task        ] GC(369738) Using 4 workers of 4 for evacuation
[2020-12-23T04:08:11.097-0400][gc,phases      ] GC(369738)   Pre Evacuate Collection Set: 0.0ms
[2020-12-23T04:08:11.097-0400][gc,phases      ] GC(369738)   Evacuate Collection Set: 3.8ms
[2020-12-23T04:08:11.097-0400][gc,phases      ] GC(369738)   Post Evacuate Collection Set: 1.7ms
[2020-12-23T04:08:11.097-0400][gc,phases      ] GC(369738)   Other: 1.0ms
[2020-12-23T04:08:11.097-0400][gc,heap        ] GC(369738) Eden regions: 9->0(9)
[2020-12-23T04:08:11.097-0400][gc,heap        ] GC(369738) Survivor regions: 1->1(2)
[2020-12-23T04:08:11.097-0400][gc,heap        ] GC(369738) Old regions: 47->47
[2020-12-23T04:08:11.097-0400][gc,heap        ] GC(369738) Humongous regions: 4->4
[2020-12-23T04:08:11.097-0400][gc,metaspace   ] GC(369738) Metaspace: 61007K->61007K(1107968K)
[2020-12-23T04:08:11.097-0400][gc,heap        ] GC(369738) Heap after GC invocations=369715 (full 10730): garbage-first heap   total 71680K, used 48906K [0x0000000083000000, 0x0000000100000000)
[2020-12-23T04:08:11.097-0400][gc,heap        ] GC(369738)   region size 1024K, 1 young (1024K), 1 survivors (1024K)
[2020-12-23T04:08:11.097-0400][gc,heap        ] GC(369738)  Metaspace       used 61007K, capacity 63721K, committed 64768K, reserved 1107968K
[2020-12-23T04:08:11.097-0400][gc,heap        ] GC(369738)   class space    used 5712K, capacity 6559K, committed 6912K, reserved 1048576K
[2020-12-23T04:08:11.097-0400][gc             ] GC(369738) Pause Young (Normal) (G1 Evacuation Pause) 56M->47M(70M) 6.868ms
[2020-12-23T04:08:11.098-0400][gc,cpu         ] GC(369738) User=0.01s Sys=0.00s Real=0.01s
[2020-12-23T04:08:41.372-0400][gc,heap        ] GC(369739) Heap before GC invocations=369715 (full 10730): garbage-first heap   total 71680K, used 57098K [0x0000000083000000, 0x0000000100000000)
[2020-12-23T04:08:41.372-0400][gc,heap        ] GC(369739)   region size 1024K, 10 young (10240K), 1 survivors (1024K)
[2020-12-23T04:08:41.372-0400][gc,heap        ] GC(369739)  Metaspace       used 61007K, capacity 63721K, committed 64768K, reserved 1107968K
[2020-12-23T04:08:41.372-0400][gc,heap        ] GC(369739)   class space    used 5712K, capacity 6559K, committed 6912K, reserved 1048576K
[2020-12-23T04:08:41.372-0400][gc,start       ] GC(369739) Pause Young (Normal) (G1 Evacuation Pause)
[2020-12-23T04:08:41.372-0400][gc,task        ] GC(369739) Using 4 workers of 4 for evacuation
[2020-12-23T04:08:41.378-0400][gc,phases      ] GC(369739)   Pre Evacuate Collection Set: 0.0ms
[2020-12-23T04:08:41.378-0400][gc,phases      ] GC(369739)   Evacuate Collection Set: 3.3ms
[2020-12-23T04:08:41.378-0400][gc,phases      ] GC(369739)   Post Evacuate Collection Set: 1.4ms
[2020-12-23T04:08:41.378-0400][gc,phases      ] GC(369739)   Other: 0.8ms
[2020-12-23T04:08:41.378-0400][gc,heap        ] GC(369739) Eden regions: 9->0(9)
[2020-12-23T04:08:41.378-0400][gc,heap        ] GC(369739) Survivor regions: 1->1(2)
[2020-12-23T04:08:41.378-0400][gc,heap        ] GC(369739) Old regions: 47->47
[2020-12-23T04:08:41.378-0400][gc,heap        ] GC(369739) Humongous regions: 4->4
[2020-12-23T04:08:41.378-0400][gc,metaspace   ] GC(369739) Metaspace: 61007K->61007K(1107968K)
[2020-12-23T04:08:41.378-0400][gc,heap        ] GC(369739) Heap after GC invocations=369716 (full 10730): garbage-first heap   total 71680K, used 48905K [0x0000000083000000, 0x0000000100000000)
[2020-12-23T04:08:41.378-0400][gc,heap        ] GC(369739)   region size 1024K, 1 young (1024K), 1 survivors (1024K)
[2020-12-23T04:08:41.378-0400][gc,heap        ] GC(369739)  Metaspace       used 61007K, capacity 63721K, committed 64768K, reserved 1107968K
[2020-12-23T04:08:41.378-0400][gc,heap        ] GC(369739)   class space    used 5712K, capacity 6559K, committed 6912K, reserved 1048576K
[2020-12-23T04:08:41.378-0400][gc             ] GC(369739) Pause Young (Normal) (G1 Evacuation Pause) 56M->47M(70M) 6.010ms
[2020-12-23T04:08:41.378-0400][gc,cpu         ] GC(369739) User=0.01s Sys=0.00s Real=0.01s
[2020-12-23T04:09:04.686-0400][gc,heap        ] GC(369740) Heap before GC invocations=369716 (full 10730): garbage-first heap   total 71680K, used 57097K [0x0000000083000000, 0x0000000100000000)
[2020-12-23T04:09:04.686-0400][gc,heap        ] GC(369740)   region size 1024K, 10 young (10240K), 1 survivors (1024K)
[2020-12-23T04:09:04.686-0400][gc,heap        ] GC(369740)  Metaspace       used 61007K, capacity 63721K, committed 64768K, reserved 1107968K
[2020-12-23T04:09:04.686-0400][gc,heap        ] GC(369740)   class space    used 5712K, capacity 6559K, committed 6912K, reserved 1048576K
[2020-12-23T04:09:04.686-0400][gc,start       ] GC(369740) Pause Young (Normal) (G1 Evacuation Pause)
[2020-12-23T04:09:04.686-0400][gc,task        ] GC(369740) Using 4 workers of 4 for evacuation
[2020-12-23T04:09:04.691-0400][gc,phases      ] GC(369740)   Pre Evacuate Collection Set: 0.0ms
[2020-12-23T04:09:04.691-0400][gc,phases      ] GC(369740)   Evacuate Collection Set: 3.3ms
[2020-12-23T04:09:04.691-0400][gc,phases      ] GC(369740)   Post Evacuate Collection Set: 1.5ms
[2020-12-23T04:09:04.691-0400][gc,phases      ] GC(369740)   Other: 0.8ms
[2020-12-23T04:09:04.692-0400][gc,heap        ] GC(369740) Eden regions: 9->0(9)
[2020-12-23T04:09:04.692-0400][gc,heap        ] GC(369740) Survivor regions: 1->1(2)
[2020-12-23T04:09:04.692-0400][gc,heap        ] GC(369740) Old regions: 47->47
[2020-12-23T04:09:04.692-0400][gc,heap        ] GC(369740) Humongous regions: 4->4
[2020-12-23T04:09:04.692-0400][gc,metaspace   ] GC(369740) Metaspace: 61007K->61007K(1107968K)
[2020-12-23T04:09:04.692-0400][gc,heap        ] GC(369740) Heap after GC invocations=369717 (full 10730): garbage-first heap   total 71680K, used 48925K [0x0000000083000000, 0x0000000100000000)
[2020-12-23T04:09:04.692-0400][gc,heap        ] GC(369740)   region size 1024K, 1 young (1024K), 1 survivors (1024K)
[2020-12-23T04:09:04.692-0400][gc,heap        ] GC(369740)  Metaspace       used 61007K, capacity 63721K, committed 64768K, reserved 1107968K
[2020-12-23T04:09:04.692-0400][gc,heap        ] GC(369740)   class space    used 5712K, capacity 6559K, committed 6912K, reserved 1048576K
[2020-12-23T04:09:04.692-0400][gc             ] GC(369740) Pause Young (Normal) (G1 Evacuation Pause) 56M->47M(70M) 6.080ms
[2020-12-23T04:09:04.692-0400][gc,cpu         ] GC(369740) User=0.02s Sys=0.00s Real=0.00s
[2020-12-23T04:09:42.270-0400][gc,heap        ] GC(369741) Heap before GC invocations=369717 (full 10730): garbage-first heap   total 71680K, used 58141K [0x0000000083000000, 0x0000000100000000)
[2020-12-23T04:09:42.270-0400][gc,heap        ] GC(369741)   region size 1024K, 10 young (10240K), 1 survivors (1024K)
[2020-12-23T04:09:42.270-0400][gc,heap        ] GC(369741)  Metaspace       used 61007K, capacity 63721K, committed 64768K, reserved 1107968K
[2020-12-23T04:09:42.270-0400][gc,heap        ] GC(369741)   class space    used 5712K, capacity 6559K, committed 6912K, reserved 1048576K
[2020-12-23T04:09:42.270-0400][gc,start       ] GC(369741) Pause Young (Normal) (G1 Evacuation Pause)
[2020-12-23T04:09:42.270-0400][gc,task        ] GC(369741) Using 4 workers of 4 for evacuation
[2020-12-23T04:09:42.275-0400][gc,phases      ] GC(369741)   Pre Evacuate Collection Set: 0.0ms
[2020-12-23T04:09:42.275-0400][gc,phases      ] GC(369741)   Evacuate Collection Set: 3.2ms
[2020-12-23T04:09:42.275-0400][gc,phases      ] GC(369741)   Post Evacuate Collection Set: 1.6ms
[2020-12-23T04:09:42.275-0400][gc,phases      ] GC(369741)   Other: 0.8ms
[2020-12-23T04:09:42.276-0400][gc,heap        ] GC(369741) Eden regions: 9->0(9)
[2020-12-23T04:09:42.276-0400][gc,heap        ] GC(369741) Survivor regions: 1->1(2)
[2020-12-23T04:09:42.276-0400][gc,heap        ] GC(369741) Old regions: 47->47
[2020-12-23T04:09:42.276-0400][gc,heap        ] GC(369741) Humongous regions: 4->4
[2020-12-23T04:09:42.276-0400][gc,metaspace   ] GC(369741) Metaspace: 61007K->61007K(1107968K)
[2020-12-23T04:09:42.276-0400][gc,heap        ] GC(369741) Heap after GC invocations=369718 (full 10730): garbage-first heap   total 71680K, used 48858K [0x0000000083000000, 0x0000000100000000)
[2020-12-23T04:09:42.276-0400][gc,heap        ] GC(369741)   region size 1024K, 1 young (1024K), 1 survivors (1024K)
[2020-12-23T04:09:42.276-0400][gc,heap        ] GC(369741)  Metaspace       used 61007K, capacity 63721K, committed 64768K, reserved 1107968K
[2020-12-23T04:09:42.276-0400][gc,heap        ] GC(369741)   class space    used 5712K, capacity 6559K, committed 6912K, reserved 1048576K
[2020-12-23T04:09:42.276-0400][gc             ] GC(369741) Pause Young (Normal) (G1 Evacuation Pause) 56M->47M(70M) 6.040ms
[2020-12-23T04:09:42.276-0400][gc,cpu         ] GC(369741) User=0.02s Sys=0.00s Real=0.01s
[2020-12-23T04:10:07.656-0400][gc,heap        ] GC(369742) Heap before GC invocations=369718 (full 10730): garbage-first heap   total 71680K, used 57050K [0x0000000083000000, 0x0000000100000000)
[2020-12-23T04:10:07.656-0400][gc,heap        ] GC(369742)   region size 1024K, 10 young (10240K), 1 survivors (1024K)
[2020-12-23T04:10:07.656-0400][gc,heap        ] GC(369742)  Metaspace       used 61007K, capacity 63721K, committed 64768K, reserved 1107968K
[2020-12-23T04:10:07.656-0400][gc,heap        ] GC(369742)   class space    used 5712K, capacity 6559K, committed 6912K, reserved 1048576K
[2020-12-23T04:10:07.656-0400][gc,start       ] GC(369742) Pause Young (Normal) (G1 Evacuation Pause)
[2020-12-23T04:10:07.656-0400][gc,task        ] GC(369742) Using 4 workers of 4 for evacuation
[2020-12-23T04:10:07.663-0400][gc,phases      ] GC(369742)   Pre Evacuate Collection Set: 0.0ms
[2020-12-23T04:10:07.663-0400][gc,phases      ] GC(369742)   Evacuate Collection Set: 4.2ms
[2020-12-23T04:10:07.663-0400][gc,phases      ] GC(369742)   Post Evacuate Collection Set: 2.3ms
[2020-12-23T04:10:07.663-0400][gc,phases      ] GC(369742)   Other: 0.8ms
[2020-12-23T04:10:07.663-0400][gc,heap        ] GC(369742) Eden regions: 9->0(9)
[2020-12-23T04:10:07.663-0400][gc,heap        ] GC(369742) Survivor regions: 1->1(2)
[2020-12-23T04:10:07.663-0400][gc,heap        ] GC(369742) Old regions: 47->47
[2020-12-23T04:10:07.663-0400][gc,heap        ] GC(369742) Humongous regions: 4->4
[2020-12-23T04:10:07.664-0400][gc,metaspace   ] GC(369742) Metaspace: 61007K->61007K(1107968K)
[2020-12-23T04:10:07.664-0400][gc,heap        ] GC(369742) Heap after GC invocations=369719 (full 10730): garbage-first heap   total 71680K, used 48876K [0x0000000083000000, 0x0000000100000000)
[2020-12-23T04:10:07.664-0400][gc,heap        ] GC(369742)   region size 1024K, 1 young (1024K), 1 survivors (1024K)
[2020-12-23T04:10:07.664-0400][gc,heap        ] GC(369742)  Metaspace       used 61007K, capacity 63721K, committed 64768K, reserved 1107968K
[2020-12-23T04:10:07.664-0400][gc,heap        ] GC(369742)   class space    used 5712K, capacity 6559K, committed 6912K, reserved 1048576K
[2020-12-23T04:10:07.664-0400][gc             ] GC(369742) Pause Young (Normal) (G1 Evacuation Pause) 56M->47M(70M) 7.728ms
[2020-12-23T04:10:07.664-0400][gc,cpu         ] GC(369742) User=0.01s Sys=0.00s Real=0.00s
[2020-12-23T04:10:26.180-0400][gc,heap        ] GC(369743) Heap before GC invocations=369719 (full 10730): garbage-first heap   total 71680K, used 57068K [0x0000000083000000, 0x0000000100000000)
[2020-12-23T04:10:26.180-0400][gc,heap        ] GC(369743)   region size 1024K, 10 young (10240K), 1 survivors (1024K)
[2020-12-23T04:10:26.180-0400][gc,heap        ] GC(369743)  Metaspace       used 61007K, capacity 63721K, committed 64768K, reserved 1107968K
[2020-12-23T04:10:26.180-0400][gc,heap        ] GC(369743)   class space    used 5712K, capacity 6559K, committed 6912K, reserved 1048576K
[2020-12-23T04:10:26.180-0400][gc,start       ] GC(369743) Pause Young (Normal) (G1 Evacuation Pause)
[2020-12-23T04:10:26.180-0400][gc,task        ] GC(369743) Using 4 workers of 4 for evacuation
[2020-12-23T04:10:26.185-0400][gc,phases      ] GC(369743)   Pre Evacuate Collection Set: 0.0ms
[2020-12-23T04:10:26.185-0400][gc,phases      ] GC(369743)   Evacuate Collection Set: 3.1ms
[2020-12-23T04:10:26.185-0400][gc,phases      ] GC(369743)   Post Evacuate Collection Set: 1.6ms
[2020-12-23T04:10:26.186-0400][gc,phases      ] GC(369743)   Other: 0.8ms
[2020-12-23T04:10:26.186-0400][gc,heap        ] GC(369743) Eden regions: 9->0(9)
[2020-12-23T04:10:26.186-0400][gc,heap        ] GC(369743) Survivor regions: 1->1(2)
[2020-12-23T04:10:26.186-0400][gc,heap        ] GC(369743) Old regions: 47->47
[2020-12-23T04:10:26.186-0400][gc,heap        ] GC(369743) Humongous regions: 4->4
[2020-12-23T04:10:26.186-0400][gc,metaspace   ] GC(369743) Metaspace: 61007K->61007K(1107968K)
[2020-12-23T04:10:26.186-0400][gc,heap        ] GC(369743) Heap after GC invocations=369720 (full 10730): garbage-first heap   total 71680K, used 48866K [0x0000000083000000, 0x0000000100000000)
[2020-12-23T04:10:26.186-0400][gc,heap        ] GC(369743)   region size 1024K, 1 young (1024K), 1 survivors (1024K)
[2020-12-23T04:10:26.186-0400][gc,heap        ] GC(369743)  Metaspace       used 61007K, capacity 63721K, committed 64768K, reserved 1107968K
[2020-12-23T04:10:26.186-0400][gc,heap        ] GC(369743)   class space    used 5712K, capacity 6559K, committed 6912K, reserved 1048576K
[2020-12-23T04:10:26.186-0400][gc             ] GC(369743) Pause Young (Normal) (G1 Evacuation Pause) 56M->47M(70M) 6.061ms
[2020-12-23T04:10:26.186-0400][gc,cpu         ] GC(369743) User=0.02s Sys=0.00s Real=0.01s
[2020-12-23T04:10:58.173-0400][gc,heap        ] GC(369744) Heap before GC invocations=369720 (full 10730): garbage-first heap   total 71680K, used 57058K [0x0000000083000000, 0x0000000100000000)
[2020-12-23T04:10:58.173-0400][gc,heap        ] GC(369744)   region size 1024K, 10 young (10240K), 1 survivors (1024K)
[2020-12-23T04:10:58.173-0400][gc,heap        ] GC(369744)  Metaspace       used 61007K, capacity 63721K, committed 64768K, reserved 1107968K
[2020-12-23T04:10:58.173-0400][gc,heap        ] GC(369744)   class space    used 5712K, capacity 6559K, committed 6912K, reserved 1048576K
[2020-12-23T04:10:58.173-0400][gc,start       ] GC(369744) Pause Young (Normal) (G1 Evacuation Pause)
[2020-12-23T04:10:58.173-0400][gc,task        ] GC(369744) Using 4 workers of 4 for evacuation
[2020-12-23T04:10:58.179-0400][gc,phases      ] GC(369744)   Pre Evacuate Collection Set: 0.0ms
[2020-12-23T04:10:58.179-0400][gc,phases      ] GC(369744)   Evacuate Collection Set: 3.6ms
[2020-12-23T04:10:58.179-0400][gc,phases      ] GC(369744)   Post Evacuate Collection Set: 1.6ms
[2020-12-23T04:10:58.179-0400][gc,phases      ] GC(369744)   Other: 0.8ms
[2020-12-23T04:10:58.179-0400][gc,heap        ] GC(369744) Eden regions: 9->0(9)
[2020-12-23T04:10:58.179-0400][gc,heap        ] GC(369744) Survivor regions: 1->1(2)
[2020-12-23T04:10:58.179-0400][gc,heap        ] GC(369744) Old regions: 47->47
[2020-12-23T04:10:58.179-0400][gc,heap        ] GC(369744) Humongous regions: 4->4
[2020-12-23T04:10:58.179-0400][gc,metaspace   ] GC(369744) Metaspace: 61007K->61007K(1107968K)
[2020-12-23T04:10:58.179-0400][gc,heap        ] GC(369744) Heap after GC invocations=369721 (full 10730): garbage-first heap   total 71680K, used 48968K [0x0000000083000000, 0x0000000100000000)
[2020-12-23T04:10:58.179-0400][gc,heap        ] GC(369744)   region size 1024K, 1 young (1024K), 1 survivors (1024K)
[2020-12-23T04:10:58.179-0400][gc,heap        ] GC(369744)  Metaspace       used 61007K, capacity 63721K, committed 64768K, reserved 1107968K
[2020-12-23T04:10:58.179-0400][gc,heap        ] GC(369744)   class space    used 5712K, capacity 6559K, committed 6912K, reserved 1048576K
[2020-12-23T04:10:58.179-0400][gc             ] GC(369744) Pause Young (Normal) (G1 Evacuation Pause) 56M->47M(70M) 6.374ms
[2020-12-23T04:10:58.180-0400][gc,cpu         ] GC(369744) User=0.01s Sys=0.00s Real=0.01s
[2020-12-23T04:11:23.891-0400][gc,heap        ] GC(369745) Heap before GC invocations=369721 (full 10730): garbage-first heap   total 71680K, used 58184K [0x0000000083000000, 0x0000000100000000)
[2020-12-23T04:11:23.891-0400][gc,heap        ] GC(369745)   region size 1024K, 10 young (10240K), 1 survivors (1024K)
[2020-12-23T04:11:23.891-0400][gc,heap        ] GC(369745)  Metaspace       used 61007K, capacity 63721K, committed 64768K, reserved 1107968K
[2020-12-23T04:11:23.891-0400][gc,heap        ] GC(369745)   class space    used 5712K, capacity 6559K, committed 6912K, reserved 1048576K
[2020-12-23T04:11:23.891-0400][gc,start       ] GC(369745) Pause Young (Normal) (G1 Evacuation Pause)
[2020-12-23T04:11:23.891-0400][gc,task        ] GC(369745) Using 4 workers of 4 for evacuation
[2020-12-23T04:11:23.897-0400][gc,phases      ] GC(369745)   Pre Evacuate Collection Set: 0.1ms
[2020-12-23T04:11:23.897-0400][gc,phases      ] GC(369745)   Evacuate Collection Set: 3.5ms
[2020-12-23T04:11:23.897-0400][gc,phases      ] GC(369745)   Post Evacuate Collection Set: 1.6ms
[2020-12-23T04:11:23.897-0400][gc,phases      ] GC(369745)   Other: 1.1ms
[2020-12-23T04:11:23.897-0400][gc,heap        ] GC(369745) Eden regions: 9->0(9)
[2020-12-23T04:11:23.897-0400][gc,heap        ] GC(369745) Survivor regions: 1->1(2)
[2020-12-23T04:11:23.897-0400][gc,heap        ] GC(369745) Old regions: 47->47
[2020-12-23T04:11:23.897-0400][gc,heap        ] GC(369745) Humongous regions: 4->4
[2020-12-23T04:11:23.897-0400][gc,metaspace   ] GC(369745) Metaspace: 61007K->61007K(1107968K)
[2020-12-23T04:11:23.897-0400][gc,heap        ] GC(369745) Heap after GC invocations=369722 (full 10730): garbage-first heap   total 71680K, used 49010K [0x0000000083000000, 0x0000000100000000)
[2020-12-23T04:11:23.898-0400][gc,heap        ] GC(369745)   region size 1024K, 1 young (1024K), 1 survivors (1024K)
[2020-12-23T04:11:23.898-0400][gc,heap        ] GC(369745)  Metaspace       used 61007K, capacity 63721K, committed 64768K, reserved 1107968K
[2020-12-23T04:11:23.898-0400][gc,heap        ] GC(369745)   class space    used 5712K, capacity 6559K, committed 6912K, reserved 1048576K
[2020-12-23T04:11:23.898-0400][gc             ] GC(369745) Pause Young (Normal) (G1 Evacuation Pause) 56M->47M(70M) 6.455ms
[2020-12-23T04:11:23.898-0400][gc,cpu         ] GC(369745) User=0.01s Sys=0.01s Real=0.01s
[2020-12-23T04:11:50.924-0400][gc,task        ] GC(369746) Using 3 workers of 4 for full compaction
[2020-12-23T04:11:50.924-0400][gc,start       ] GC(369746) Pause Full (System.gc())
[2020-12-23T04:11:50.925-0400][gc,heap        ] GC(369746) Heap before GC invocations=369722 (full 10730): garbage-first heap   total 71680K, used 54130K [0x0000000083000000, 0x0000000100000000)
[2020-12-23T04:11:50.925-0400][gc,heap        ] GC(369746)   region size 1024K, 8 young (8192K), 1 survivors (1024K)
[2020-12-23T04:11:50.925-0400][gc,heap        ] GC(369746)  Metaspace       used 61007K, capacity 63721K, committed 64768K, reserved 1107968K
[2020-12-23T04:11:50.925-0400][gc,heap        ] GC(369746)   class space    used 5712K, capacity 6559K, committed 6912K, reserved 1048576K
[2020-12-23T04:11:50.927-0400][gc,phases,start] GC(369746) Phase 1: Mark live objects
[2020-12-23T04:11:51.069-0400][gc,stringtable ] GC(369746) Cleaned string and symbol table, strings: 32200 processed, 0 removed, symbols: 131451 processed, 0 removed
[2020-12-23T04:11:51.070-0400][gc,phases      ] GC(369746) Phase 1: Mark live objects 142.571ms
[2020-12-23T04:11:51.070-0400][gc,phases,start] GC(369746) Phase 2: Prepare for compaction
[2020-12-23T04:11:51.100-0400][gc,phases      ] GC(369746) Phase 2: Prepare for compaction 30.238ms
[2020-12-23T04:11:51.100-0400][gc,phases,start] GC(369746) Phase 3: Adjust pointers
[2020-12-23T04:11:51.176-0400][gc,phases      ] GC(369746) Phase 3: Adjust pointers 75.711ms
[2020-12-23T04:11:51.176-0400][gc,phases,start] GC(369746) Phase 4: Compact heap
[2020-12-23T04:11:51.197-0400][gc,phases      ] GC(369746) Phase 4: Compact heap 21.238ms
[2020-12-23T04:11:51.233-0400][gc,heap        ] GC(369746) Eden regions: 7->0(11)
[2020-12-23T04:11:51.233-0400][gc,heap        ] GC(369746) Survivor regions: 1->0(2)
[2020-12-23T04:11:51.233-0400][gc,heap        ] GC(369746) Old regions: 47->46
[2020-12-23T04:11:51.233-0400][gc,heap        ] GC(369746) Humongous regions: 4->4
[2020-12-23T04:11:51.233-0400][gc,metaspace   ] GC(369746) Metaspace: 61007K->61007K(1107968K)
[2020-12-23T04:11:51.234-0400][gc,heap        ] GC(369746) Heap after GC invocations=369723 (full 10731): garbage-first heap   total 71680K, used 48450K [0x0000000083000000, 0x0000000100000000)
[2020-12-23T04:11:51.234-0400][gc,heap        ] GC(369746)   region size 1024K, 0 young (0K), 0 survivors (0K)
[2020-12-23T04:11:51.234-0400][gc,heap        ] GC(369746)  Metaspace       used 61007K, capacity 63721K, committed 64768K, reserved 1107968K
[2020-12-23T04:11:51.234-0400][gc,heap        ] GC(369746)   class space    used 5712K, capacity 6559K, committed 6912K, reserved 1048576K
[2020-12-23T04:11:51.234-0400][gc             ] GC(369746) Pause Full (System.gc()) 54M->47M(70M) 309.400ms
[2020-12-23T04:11:51.234-0400][gc,cpu         ] GC(369746) User=0.70s Sys=0.13s Real=0.31s
[2020-12-23T04:12:26.280-0400][gc,heap        ] GC(369747) Heap before GC invocations=369723 (full 10731): garbage-first heap   total 71680K, used 58690K [0x0000000083000000, 0x0000000100000000)
[2020-12-23T04:12:26.280-0400][gc,heap        ] GC(369747)   region size 1024K, 11 young (11264K), 0 survivors (0K)
[2020-12-23T04:12:26.280-0400][gc,heap        ] GC(369747)  Metaspace       used 61007K, capacity 63721K, committed 64768K, reserved 1107968K
[2020-12-23T04:12:26.281-0400][gc,heap        ] GC(369747)   class space    used 5712K, capacity 6559K, committed 6912K, reserved 1048576K
[2020-12-23T04:12:26.281-0400][gc,start       ] GC(369747) Pause Young (Normal) (G1 Evacuation Pause)
[2020-12-23T04:12:26.281-0400][gc,task        ] GC(369747) Using 4 workers of 4 for evacuation
[2020-12-23T04:12:26.286-0400][gc,phases      ] GC(369747)   Pre Evacuate Collection Set: 0.0ms
[2020-12-23T04:12:26.286-0400][gc,phases      ] GC(369747)   Evacuate Collection Set: 2.9ms
[2020-12-23T04:12:26.286-0400][gc,phases      ] GC(369747)   Post Evacuate Collection Set: 1.8ms
[2020-12-23T04:12:26.286-0400][gc,phases      ] GC(369747)   Other: 0.8ms
[2020-12-23T04:12:26.286-0400][gc,heap        ] GC(369747) Eden regions: 11->0(10)
[2020-12-23T04:12:26.286-0400][gc,heap        ] GC(369747) Survivor regions: 0->1(2)
[2020-12-23T04:12:26.286-0400][gc,heap        ] GC(369747) Old regions: 46->46
[2020-12-23T04:12:26.286-0400][gc,heap        ] GC(369747) Humongous regions: 4->4
[2020-12-23T04:12:26.286-0400][gc,metaspace   ] GC(369747) Metaspace: 61007K->61007K(1107968K)
[2020-12-23T04:12:26.286-0400][gc,heap        ] GC(369747) Heap after GC invocations=369724 (full 10731): garbage-first heap   total 71680K, used 48726K [0x0000000083000000, 0x0000000100000000)
[2020-12-23T04:12:26.286-0400][gc,heap        ] GC(369747)   region size 1024K, 1 young (1024K), 1 survivors (1024K)
[2020-12-23T04:12:26.286-0400][gc,heap        ] GC(369747)  Metaspace       used 61007K, capacity 63721K, committed 64768K, reserved 1107968K
[2020-12-23T04:12:26.286-0400][gc,heap        ] GC(369747)   class space    used 5712K, capacity 6559K, committed 6912K, reserved 1048576K
[2020-12-23T04:12:26.287-0400][gc             ] GC(369747) Pause Young (Normal) (G1 Evacuation Pause) 58M->47M(70M) 5.897ms
[2020-12-23T04:12:26.287-0400][gc,cpu         ] GC(369747) User=0.02s Sys=0.00s Real=0.01s
[2020-12-23T04:13:03.877-0400][gc,heap        ] GC(369748) Heap before GC invocations=369724 (full 10731): garbage-first heap   total 71680K, used 58966K [0x0000000083000000, 0x0000000100000000)
[2020-12-23T04:13:03.878-0400][gc,heap        ] GC(369748)   region size 1024K, 11 young (11264K), 1 survivors (1024K)
[2020-12-23T04:13:03.878-0400][gc,heap        ] GC(369748)  Metaspace       used 61007K, capacity 63721K, committed 64768K, reserved 1107968K
[2020-12-23T04:13:03.878-0400][gc,heap        ] GC(369748)   class space    used 5712K, capacity 6559K, committed 6912K, reserved 1048576K
[2020-12-23T04:13:03.878-0400][gc,start       ] GC(369748) Pause Young (Normal) (G1 Evacuation Pause)
[2020-12-23T04:13:03.878-0400][gc,task        ] GC(369748) Using 4 workers of 4 for evacuation
[2020-12-23T04:13:03.883-0400][gc,phases      ] GC(369748)   Pre Evacuate Collection Set: 0.0ms
[2020-12-23T04:13:03.883-0400][gc,phases      ] GC(369748)   Evacuate Collection Set: 3.2ms
[2020-12-23T04:13:03.883-0400][gc,phases      ] GC(369748)   Post Evacuate Collection Set: 1.5ms
[2020-12-23T04:13:03.883-0400][gc,phases      ] GC(369748)   Other: 1.0ms
[2020-12-23T04:13:03.884-0400][gc,heap        ] GC(369748) Eden regions: 10->0(10)
[2020-12-23T04:13:03.884-0400][gc,heap        ] GC(369748) Survivor regions: 1->1(2)
[2020-12-23T04:13:03.884-0400][gc,heap        ] GC(369748) Old regions: 46->46
[2020-12-23T04:13:03.884-0400][gc,heap        ] GC(369748) Humongous regions: 4->4
[2020-12-23T04:13:03.884-0400][gc,metaspace   ] GC(369748) Metaspace: 61007K->61007K(1107968K)
[2020-12-23T04:13:03.884-0400][gc,heap        ] GC(369748) Heap after GC invocations=369725 (full 10731): garbage-first heap   total 71680K, used 48789K [0x0000000083000000, 0x0000000100000000)
[2020-12-23T04:13:03.884-0400][gc,heap        ] GC(369748)   region size 1024K, 1 young (1024K), 1 survivors (1024K)
[2020-12-23T04:13:03.884-0400][gc,heap        ] GC(369748)  Metaspace       used 61007K, capacity 63721K, committed 64768K, reserved 1107968K
[2020-12-23T04:13:03.884-0400][gc,heap        ] GC(369748)   class space    used 5712K, capacity 6559K, committed 6912K, reserved 1048576K
[2020-12-23T04:13:03.884-0400][gc             ] GC(369748) Pause Young (Normal) (G1 Evacuation Pause) 57M->47M(70M) 6.046ms
[2020-12-23T04:13:03.884-0400][gc,cpu         ] GC(369748) User=0.01s Sys=0.01s Real=0.00s
[2020-12-23T04:13:33.158-0400][gc,heap        ] GC(369749) Heap before GC invocations=369725 (full 10731): garbage-first heap   total 71680K, used 58005K [0x0000000083000000, 0x0000000100000000)
[2020-12-23T04:13:33.158-0400][gc,heap        ] GC(369749)   region size 1024K, 11 young (11264K), 1 survivors (1024K)
[2020-12-23T04:13:33.158-0400][gc,heap        ] GC(369749)  Metaspace       used 61007K, capacity 63721K, committed 64768K, reserved 1107968K
[2020-12-23T04:13:33.158-0400][gc,heap        ] GC(369749)   class space    used 5712K, capacity 6559K, committed 6912K, reserved 1048576K
[2020-12-23T04:13:33.158-0400][gc,start       ] GC(369749) Pause Young (Normal) (G1 Evacuation Pause)
[2020-12-23T04:13:33.158-0400][gc,task        ] GC(369749) Using 4 workers of 4 for evacuation
[2020-12-23T04:13:33.164-0400][gc,phases      ] GC(369749)   Pre Evacuate Collection Set: 0.0ms
[2020-12-23T04:13:33.164-0400][gc,phases      ] GC(369749)   Evacuate Collection Set: 3.6ms
[2020-12-23T04:13:33.164-0400][gc,phases      ] GC(369749)   Post Evacuate Collection Set: 1.9ms
[2020-12-23T04:13:33.164-0400][gc,phases      ] GC(369749)   Other: 0.8ms
[2020-12-23T04:13:33.164-0400][gc,heap        ] GC(369749) Eden regions: 10->0(10)
[2020-12-23T04:13:33.164-0400][gc,heap        ] GC(369749) Survivor regions: 1->1(2)
[2020-12-23T04:13:33.164-0400][gc,heap        ] GC(369749) Old regions: 46->46
[2020-12-23T04:13:33.164-0400][gc,heap        ] GC(369749) Humongous regions: 4->4
[2020-12-23T04:13:33.165-0400][gc,metaspace   ] GC(369749) Metaspace: 61007K->61007K(1107968K)
[2020-12-23T04:13:33.165-0400][gc,heap        ] GC(369749) Heap after GC invocations=369726 (full 10731): garbage-first heap   total 71680K, used 48845K [0x0000000083000000, 0x0000000100000000)
[2020-12-23T04:13:33.165-0400][gc,heap        ] GC(369749)   region size 1024K, 1 young (1024K), 1 survivors (1024K)
[2020-12-23T04:13:33.165-0400][gc,heap        ] GC(369749)  Metaspace       used 61007K, capacity 63721K, committed 64768K, reserved 1107968K
[2020-12-23T04:13:33.165-0400][gc,heap        ] GC(369749)   class space    used 5712K, capacity 6559K, committed 6912K, reserved 1048576K
[2020-12-23T04:13:33.165-0400][gc             ] GC(369749) Pause Young (Normal) (G1 Evacuation Pause) 57M->47M(70M) 6.683ms
[2020-12-23T04:13:33.165-0400][gc,cpu         ] GC(369749) User=0.02s Sys=0.00s Real=0.00s
[2020-12-23T04:14:04.777-0400][gc,heap        ] GC(369750) Heap before GC invocations=369726 (full 10731): garbage-first heap   total 71680K, used 58061K [0x0000000083000000, 0x0000000100000000)
[2020-12-23T04:14:04.777-0400][gc,heap        ] GC(369750)   region size 1024K, 11 young (11264K), 1 survivors (1024K)
[2020-12-23T04:14:04.777-0400][gc,heap        ] GC(369750)  Metaspace       used 61007K, capacity 63721K, committed 64768K, reserved 1107968K
[2020-12-23T04:14:04.777-0400][gc,heap        ] GC(369750)   class space    used 5712K, capacity 6559K, committed 6912K, reserved 1048576K
[2020-12-23T04:14:04.777-0400][gc,start       ] GC(369750) Pause Young (Normal) (G1 Evacuation Pause)
[2020-12-23T04:14:04.777-0400][gc,task        ] GC(369750) Using 4 workers of 4 for evacuation
[2020-12-23T04:14:04.783-0400][gc,phases      ] GC(369750)   Pre Evacuate Collection Set: 0.0ms
[2020-12-23T04:14:04.783-0400][gc,phases      ] GC(369750)   Evacuate Collection Set: 3.5ms
[2020-12-23T04:14:04.783-0400][gc,phases      ] GC(369750)   Post Evacuate Collection Set: 1.6ms
[2020-12-23T04:14:04.783-0400][gc,phases      ] GC(369750)   Other: 0.9ms
[2020-12-23T04:14:04.783-0400][gc,heap        ] GC(369750) Eden regions: 10->0(10)
[2020-12-23T04:14:04.783-0400][gc,heap        ] GC(369750) Survivor regions: 1->1(2)
[2020-12-23T04:14:04.783-0400][gc,heap        ] GC(369750) Old regions: 46->46
[2020-12-23T04:14:04.783-0400][gc,heap        ] GC(369750) Humongous regions: 4->4
[2020-12-23T04:14:04.783-0400][gc,metaspace   ] GC(369750) Metaspace: 61007K->61007K(1107968K)
[2020-12-23T04:14:04.783-0400][gc,heap        ] GC(369750) Heap after GC invocations=369727 (full 10731): garbage-first heap   total 71680K, used 48912K [0x0000000083000000, 0x0000000100000000)
[2020-12-23T04:14:04.783-0400][gc,heap        ] GC(369750)   region size 1024K, 1 young (1024K), 1 survivors (1024K)
[2020-12-23T04:14:04.783-0400][gc,heap        ] GC(369750)  Metaspace       used 61007K, capacity 63721K, committed 64768K, reserved 1107968K
[2020-12-23T04:14:04.783-0400][gc,heap        ] GC(369750)   class space    used 5712K, capacity 6559K, committed 6912K, reserved 1048576K
[2020-12-23T04:14:04.784-0400][gc             ] GC(369750) Pause Young (Normal) (G1 Evacuation Pause) 57M->47M(70M) 6.277ms
[2020-12-23T04:14:04.784-0400][gc,cpu         ] GC(369750) User=0.00s Sys=0.01s Real=0.00s
[2020-12-23T04:14:27.080-0400][gc,heap        ] GC(369751) Heap before GC invocations=369727 (full 10731): garbage-first heap   total 71680K, used 58128K [0x0000000083000000, 0x0000000100000000)
[2020-12-23T04:14:27.080-0400][gc,heap        ] GC(369751)   region size 1024K, 11 young (11264K), 1 survivors (1024K)
[2020-12-23T04:14:27.080-0400][gc,heap        ] GC(369751)  Metaspace       used 61007K, capacity 63721K, committed 64768K, reserved 1107968K
[2020-12-23T04:14:27.080-0400][gc,heap        ] GC(369751)   class space    used 5712K, capacity 6559K, committed 6912K, reserved 1048576K
[2020-12-23T04:14:27.080-0400][gc,start       ] GC(369751) Pause Young (Normal) (G1 Evacuation Pause)
[2020-12-23T04:14:27.080-0400][gc,task        ] GC(369751) Using 4 workers of 4 for evacuation
[2020-12-23T04:14:27.087-0400][gc,phases      ] GC(369751)   Pre Evacuate Collection Set: 0.0ms
[2020-12-23T04:14:27.087-0400][gc,phases      ] GC(369751)   Evacuate Collection Set: 4.0ms
[2020-12-23T04:14:27.087-0400][gc,phases      ] GC(369751)   Post Evacuate Collection Set: 2.1ms
[2020-12-23T04:14:27.087-0400][gc,phases      ] GC(369751)   Other: 1.0ms
[2020-12-23T04:14:27.087-0400][gc,heap        ] GC(369751) Eden regions: 10->0(10)
[2020-12-23T04:14:27.087-0400][gc,heap        ] GC(369751) Survivor regions: 1->1(2)
[2020-12-23T04:14:27.087-0400][gc,heap        ] GC(369751) Old regions: 46->46
[2020-12-23T04:14:27.088-0400][gc,heap        ] GC(369751) Humongous regions: 4->4
[2020-12-23T04:14:27.088-0400][gc,metaspace   ] GC(369751) Metaspace: 61007K->61007K(1107968K)
[2020-12-23T04:14:27.088-0400][gc,heap        ] GC(369751) Heap after GC invocations=369728 (full 10731): garbage-first heap   total 71680K, used 48921K [0x0000000083000000, 0x0000000100000000)
[2020-12-23T04:14:27.088-0400][gc,heap        ] GC(369751)   region size 1024K, 1 young (1024K), 1 survivors (1024K)
[2020-12-23T04:14:27.088-0400][gc,heap        ] GC(369751)  Metaspace       used 61007K, capacity 63721K, committed 64768K, reserved 1107968K
[2020-12-23T04:14:27.088-0400][gc,heap        ] GC(369751)   class space    used 5712K, capacity 6559K, committed 6912K, reserved 1048576K
[2020-12-23T04:14:27.088-0400][gc             ] GC(369751) Pause Young (Normal) (G1 Evacuation Pause) 57M->47M(70M) 7.787ms
[2020-12-23T04:14:27.088-0400][gc,cpu         ] GC(369751) User=0.02s Sys=0.00s Real=0.01s
[2020-12-23T04:15:00.021-0400][gc,heap        ] GC(369752) Heap before GC invocations=369728 (full 10731): garbage-first heap   total 71680K, used 58137K [0x0000000083000000, 0x0000000100000000)
[2020-12-23T04:15:00.022-0400][gc,heap        ] GC(369752)   region size 1024K, 11 young (11264K), 1 survivors (1024K)
[2020-12-23T04:15:00.022-0400][gc,heap        ] GC(369752)  Metaspace       used 61007K, capacity 63721K, committed 64768K, reserved 1107968K
[2020-12-23T04:15:00.022-0400][gc,heap        ] GC(369752)   class space    used 5712K, capacity 6559K, committed 6912K, reserved 1048576K
[2020-12-23T04:15:00.022-0400][gc,start       ] GC(369752) Pause Young (Normal) (G1 Evacuation Pause)
[2020-12-23T04:15:00.022-0400][gc,task        ] GC(369752) Using 4 workers of 4 for evacuation
[2020-12-23T04:15:00.028-0400][gc,phases      ] GC(369752)   Pre Evacuate Collection Set: 0.0ms
[2020-12-23T04:15:00.028-0400][gc,phases      ] GC(369752)   Evacuate Collection Set: 3.7ms
[2020-12-23T04:15:00.028-0400][gc,phases      ] GC(369752)   Post Evacuate Collection Set: 1.5ms
[2020-12-23T04:15:00.028-0400][gc,phases      ] GC(369752)   Other: 1.0ms
[2020-12-23T04:15:00.028-0400][gc,heap        ] GC(369752) Eden regions: 10->0(10)
[2020-12-23T04:15:00.028-0400][gc,heap        ] GC(369752) Survivor regions: 1->1(2)
[2020-12-23T04:15:00.028-0400][gc,heap        ] GC(369752) Old regions: 46->46
[2020-12-23T04:15:00.028-0400][gc,heap        ] GC(369752) Humongous regions: 4->4
[2020-12-23T04:15:00.028-0400][gc,metaspace   ] GC(369752) Metaspace: 61007K->61007K(1107968K)
[2020-12-23T04:15:00.028-0400][gc,heap        ] GC(369752) Heap after GC invocations=369729 (full 10731): garbage-first heap   total 71680K, used 48945K [0x0000000083000000, 0x0000000100000000)
[2020-12-23T04:15:00.028-0400][gc,heap        ] GC(369752)   region size 1024K, 1 young (1024K), 1 survivors (1024K)
[2020-12-23T04:15:00.028-0400][gc,heap        ] GC(369752)  Metaspace       used 61007K, capacity 63721K, committed 64768K, reserved 1107968K
[2020-12-23T04:15:00.028-0400][gc,heap        ] GC(369752)   class space    used 5712K, capacity 6559K, committed 6912K, reserved 1048576K
[2020-12-23T04:15:00.029-0400][gc             ] GC(369752) Pause Young (Normal) (G1 Evacuation Pause) 57M->47M(70M) 6.648ms
[2020-12-23T04:15:00.029-0400][gc,cpu         ] GC(369752) User=0.01s Sys=0.01s Real=0.01s
[2020-12-23T04:15:24.586-0400][gc,heap        ] GC(369753) Heap before GC invocations=369729 (full 10731): garbage-first heap   total 71680K, used 58161K [0x0000000083000000, 0x0000000100000000)
[2020-12-23T04:15:24.586-0400][gc,heap        ] GC(369753)   region size 1024K, 11 young (11264K), 1 survivors (1024K)
[2020-12-23T04:15:24.586-0400][gc,heap        ] GC(369753)  Metaspace       used 61007K, capacity 63721K, committed 64768K, reserved 1107968K
[2020-12-23T04:15:24.586-0400][gc,heap        ] GC(369753)   class space    used 5712K, capacity 6559K, committed 6912K, reserved 1048576K
[2020-12-23T04:15:24.586-0400][gc,start       ] GC(369753) Pause Young (Normal) (G1 Evacuation Pause)
[2020-12-23T04:15:24.586-0400][gc,task        ] GC(369753) Using 4 workers of 4 for evacuation
[2020-12-23T04:15:24.592-0400][gc,phases      ] GC(369753)   Pre Evacuate Collection Set: 0.0ms
[2020-12-23T04:15:24.592-0400][gc,phases      ] GC(369753)   Evacuate Collection Set: 3.9ms
[2020-12-23T04:15:24.593-0400][gc,phases      ] GC(369753)   Post Evacuate Collection Set: 2.0ms
[2020-12-23T04:15:24.593-0400][gc,phases      ] GC(369753)   Other: 0.8ms
[2020-12-23T04:15:24.593-0400][gc,heap        ] GC(369753) Eden regions: 10->0(10)
[2020-12-23T04:15:24.593-0400][gc,heap        ] GC(369753) Survivor regions: 1->1(2)
[2020-12-23T04:15:24.593-0400][gc,heap        ] GC(369753) Old regions: 46->46
[2020-12-23T04:15:24.593-0400][gc,heap        ] GC(369753) Humongous regions: 4->4
[2020-12-23T04:15:24.593-0400][gc,metaspace   ] GC(369753) Metaspace: 61007K->61007K(1107968K)
[2020-12-23T04:15:24.593-0400][gc,heap        ] GC(369753) Heap after GC invocations=369730 (full 10731): garbage-first heap   total 71680K, used 49032K [0x0000000083000000, 0x0000000100000000)
[2020-12-23T04:15:24.593-0400][gc,heap        ] GC(369753)   region size 1024K, 1 young (1024K), 1 survivors (1024K)
[2020-12-23T04:15:24.593-0400][gc,heap        ] GC(369753)  Metaspace       used 61007K, capacity 63721K, committed 64768K, reserved 1107968K
[2020-12-23T04:15:24.593-0400][gc,heap        ] GC(369753)   class space    used 5712K, capacity 6559K, committed 6912K, reserved 1048576K
[2020-12-23T04:15:24.593-0400][gc             ] GC(369753) Pause Young (Normal) (G1 Evacuation Pause) 57M->47M(70M) 7.232ms
[2020-12-23T04:15:24.593-0400][gc,cpu         ] GC(369753) User=0.01s Sys=0.01s Real=0.00s
[2020-12-23T04:16:02.297-0400][gc,heap        ] GC(369754) Heap before GC invocations=369730 (full 10731): garbage-first heap   total 71680K, used 58248K [0x0000000083000000, 0x0000000100000000)
[2020-12-23T04:16:02.297-0400][gc,heap        ] GC(369754)   region size 1024K, 11 young (11264K), 1 survivors (1024K)
[2020-12-23T04:16:02.297-0400][gc,heap        ] GC(369754)  Metaspace       used 61007K, capacity 63721K, committed 64768K, reserved 1107968K
[2020-12-23T04:16:02.297-0400][gc,heap        ] GC(369754)   class space    used 5712K, capacity 6559K, committed 6912K, reserved 1048576K
[2020-12-23T04:16:02.298-0400][gc,start       ] GC(369754) Pause Young (Normal) (G1 Evacuation Pause)
[2020-12-23T04:16:02.298-0400][gc,task        ] GC(369754) Using 4 workers of 4 for evacuation
[2020-12-23T04:16:02.304-0400][gc,phases      ] GC(369754)   Pre Evacuate Collection Set: 0.0ms
[2020-12-23T04:16:02.304-0400][gc,phases      ] GC(369754)   Evacuate Collection Set: 3.9ms
[2020-12-23T04:16:02.304-0400][gc,phases      ] GC(369754)   Post Evacuate Collection Set: 1.9ms
[2020-12-23T04:16:02.304-0400][gc,phases      ] GC(369754)   Other: 0.9ms
[2020-12-23T04:16:02.304-0400][gc,heap        ] GC(369754) Eden regions: 10->0(10)
[2020-12-23T04:16:02.304-0400][gc,heap        ] GC(369754) Survivor regions: 1->1(2)
[2020-12-23T04:16:02.304-0400][gc,heap        ] GC(369754) Old regions: 46->46
[2020-12-23T04:16:02.304-0400][gc,heap        ] GC(369754) Humongous regions: 4->4
[2020-12-23T04:16:02.304-0400][gc,metaspace   ] GC(369754) Metaspace: 61007K->61007K(1107968K)
[2020-12-23T04:16:02.304-0400][gc,heap        ] GC(369754) Heap after GC invocations=369731 (full 10731): garbage-first heap   total 71680K, used 49069K [0x0000000083000000, 0x0000000100000000)
[2020-12-23T04:16:02.304-0400][gc,heap        ] GC(369754)   region size 1024K, 1 young (1024K), 1 survivors (1024K)
[2020-12-23T04:16:02.305-0400][gc,heap        ] GC(369754)  Metaspace       used 61007K, capacity 63721K, committed 64768K, reserved 1107968K
[2020-12-23T04:16:02.305-0400][gc,heap        ] GC(369754)   class space    used 5712K, capacity 6559K, committed 6912K, reserved 1048576K
[2020-12-23T04:16:02.305-0400][gc             ] GC(369754) Pause Young (Normal) (G1 Evacuation Pause) 57M->47M(70M) 7.114ms
[2020-12-23T04:16:02.305-0400][gc,cpu         ] GC(369754) User=0.02s Sys=0.00s Real=0.00s
[2020-12-23T04:16:35.498-0400][gc,heap        ] GC(369755) Heap before GC invocations=369731 (full 10731): garbage-first heap   total 71680K, used 58285K [0x0000000083000000, 0x0000000100000000)
[2020-12-23T04:16:35.498-0400][gc,heap        ] GC(369755)   region size 1024K, 11 young (11264K), 1 survivors (1024K)
[2020-12-23T04:16:35.498-0400][gc,heap        ] GC(369755)  Metaspace       used 61007K, capacity 63721K, committed 64768K, reserved 1107968K
[2020-12-23T04:16:35.498-0400][gc,heap        ] GC(369755)   class space    used 5712K, capacity 6559K, committed 6912K, reserved 1048576K
[2020-12-23T04:16:35.498-0400][gc,start       ] GC(369755) Pause Young (Normal) (G1 Evacuation Pause)
[2020-12-23T04:16:35.498-0400][gc,task        ] GC(369755) Using 4 workers of 4 for evacuation
[2020-12-23T04:16:35.504-0400][gc,phases      ] GC(369755)   Pre Evacuate Collection Set: 0.0ms
[2020-12-23T04:16:35.504-0400][gc,phases      ] GC(369755)   Evacuate Collection Set: 3.7ms
[2020-12-23T04:16:35.504-0400][gc,phases      ] GC(369755)   Post Evacuate Collection Set: 1.5ms
[2020-12-23T04:16:35.504-0400][gc,phases      ] GC(369755)   Other: 0.9ms
[2020-12-23T04:16:35.504-0400][gc,heap        ] GC(369755) Eden regions: 10->0(10)
[2020-12-23T04:16:35.504-0400][gc,heap        ] GC(369755) Survivor regions: 1->1(2)
[2020-12-23T04:16:35.504-0400][gc,heap        ] GC(369755) Old regions: 46->46
[2020-12-23T04:16:35.504-0400][gc,heap        ] GC(369755) Humongous regions: 4->4
[2020-12-23T04:16:35.504-0400][gc,metaspace   ] GC(369755) Metaspace: 61007K->61007K(1107968K)
[2020-12-23T04:16:35.504-0400][gc,heap        ] GC(369755) Heap after GC invocations=369732 (full 10731): garbage-first heap   total 71680K, used 49069K [0x0000000083000000, 0x0000000100000000)
[2020-12-23T04:16:35.504-0400][gc,heap        ] GC(369755)   region size 1024K, 1 young (1024K), 1 survivors (1024K)
[2020-12-23T04:16:35.504-0400][gc,heap        ] GC(369755)  Metaspace       used 61007K, capacity 63721K, committed 64768K, reserved 1107968K
[2020-12-23T04:16:35.505-0400][gc,heap        ] GC(369755)   class space    used 5712K, capacity 6559K, committed 6912K, reserved 1048576K
[2020-12-23T04:16:35.505-0400][gc             ] GC(369755) Pause Young (Normal) (G1 Evacuation Pause) 57M->47M(70M) 6.444ms
[2020-12-23T04:16:35.505-0400][gc,cpu         ] GC(369755) User=0.00s Sys=0.01s Real=0.00s
[2020-12-23T04:16:50.924-0400][gc,task        ] GC(369756) Using 3 workers of 4 for full compaction
[2020-12-23T04:16:50.924-0400][gc,start       ] GC(369756) Pause Full (System.gc())
[2020-12-23T04:16:50.924-0400][gc,heap        ] GC(369756) Heap before GC invocations=369732 (full 10731): garbage-first heap   total 71680K, used 51117K [0x0000000083000000, 0x0000000100000000)
[2020-12-23T04:16:50.924-0400][gc,heap        ] GC(369756)   region size 1024K, 5 young (5120K), 1 survivors (1024K)
[2020-12-23T04:16:50.924-0400][gc,heap        ] GC(369756)  Metaspace       used 61007K, capacity 63721K, committed 64768K, reserved 1107968K
[2020-12-23T04:16:50.924-0400][gc,heap        ] GC(369756)   class space    used 5712K, capacity 6559K, committed 6912K, reserved 1048576K
[2020-12-23T04:16:50.927-0400][gc,phases,start] GC(369756) Phase 1: Mark live objects
[2020-12-23T04:16:51.069-0400][gc,stringtable ] GC(369756) Cleaned string and symbol table, strings: 32200 processed, 0 removed, symbols: 131451 processed, 0 removed
[2020-12-23T04:16:51.069-0400][gc,phases      ] GC(369756) Phase 1: Mark live objects 142.215ms
[2020-12-23T04:16:51.069-0400][gc,phases,start] GC(369756) Phase 2: Prepare for compaction
[2020-12-23T04:16:51.100-0400][gc,phases      ] GC(369756) Phase 2: Prepare for compaction 30.791ms
[2020-12-23T04:16:51.100-0400][gc,phases,start] GC(369756) Phase 3: Adjust pointers
[2020-12-23T04:16:51.180-0400][gc,phases      ] GC(369756) Phase 3: Adjust pointers 79.988ms
[2020-12-23T04:16:51.180-0400][gc,phases,start] GC(369756) Phase 4: Compact heap
[2020-12-23T04:16:51.203-0400][gc,phases      ] GC(369756) Phase 4: Compact heap 22.143ms
[2020-12-23T04:16:51.238-0400][gc,heap        ] GC(369756) Eden regions: 4->0(11)
[2020-12-23T04:16:51.238-0400][gc,heap        ] GC(369756) Survivor regions: 1->0(2)
[2020-12-23T04:16:51.238-0400][gc,heap        ] GC(369756) Old regions: 46->46
[2020-12-23T04:16:51.238-0400][gc,heap        ] GC(369756) Humongous regions: 4->4
[2020-12-23T04:16:51.238-0400][gc,metaspace   ] GC(369756) Metaspace: 61007K->61007K(1107968K)
[2020-12-23T04:16:51.238-0400][gc,heap        ] GC(369756) Heap after GC invocations=369733 (full 10732): garbage-first heap   total 71680K, used 48521K [0x0000000083000000, 0x0000000100000000)
[2020-12-23T04:16:51.238-0400][gc,heap        ] GC(369756)   region size 1024K, 0 young (0K), 0 survivors (0K)
[2020-12-23T04:16:51.239-0400][gc,heap        ] GC(369756)  Metaspace       used 61007K, capacity 63721K, committed 64768K, reserved 1107968K
[2020-12-23T04:16:51.239-0400][gc,heap        ] GC(369756)   class space    used 5712K, capacity 6559K, committed 6912K, reserved 1048576K
[2020-12-23T04:16:51.239-0400][gc             ] GC(369756) Pause Full (System.gc()) 51M->47M(70M) 314.368ms
[2020-12-23T04:16:51.239-0400][gc,cpu         ] GC(369756) User=0.83s Sys=0.00s Real=0.32s
[2020-12-23T04:17:26.345-0400][gc,heap        ] GC(369757) Heap before GC invocations=369733 (full 10732): garbage-first heap   total 71680K, used 58761K [0x0000000083000000, 0x0000000100000000)
[2020-12-23T04:17:26.345-0400][gc,heap        ] GC(369757)   region size 1024K, 11 young (11264K), 0 survivors (0K)
[2020-12-23T04:17:26.345-0400][gc,heap        ] GC(369757)  Metaspace       used 61007K, capacity 63721K, committed 64768K, reserved 1107968K
[2020-12-23T04:17:26.345-0400][gc,heap        ] GC(369757)   class space    used 5712K, capacity 6559K, committed 6912K, reserved 1048576K
[2020-12-23T04:17:26.345-0400][gc,start       ] GC(369757) Pause Young (Normal) (G1 Evacuation Pause)
[2020-12-23T04:17:26.345-0400][gc,task        ] GC(369757) Using 4 workers of 4 for evacuation
[2020-12-23T04:17:26.351-0400][gc,phases      ] GC(369757)   Pre Evacuate Collection Set: 0.0ms
[2020-12-23T04:17:26.351-0400][gc,phases      ] GC(369757)   Evacuate Collection Set: 2.9ms
[2020-12-23T04:17:26.351-0400][gc,phases      ] GC(369757)   Post Evacuate Collection Set: 1.9ms
[2020-12-23T04:17:26.351-0400][gc,phases      ] GC(369757)   Other: 0.9ms
[2020-12-23T04:17:26.351-0400][gc,heap        ] GC(369757) Eden regions: 11->0(10)
[2020-12-23T04:17:26.351-0400][gc,heap        ] GC(369757) Survivor regions: 0->1(2)
[2020-12-23T04:17:26.351-0400][gc,heap        ] GC(369757) Old regions: 46->46
[2020-12-23T04:17:26.351-0400][gc,heap        ] GC(369757) Humongous regions: 4->4
[2020-12-23T04:17:26.351-0400][gc,metaspace   ] GC(369757) Metaspace: 61007K->61007K(1107968K)
[2020-12-23T04:17:26.351-0400][gc,heap        ] GC(369757) Heap after GC invocations=369734 (full 10732): garbage-first heap   total 71680K, used 48761K [0x0000000083000000, 0x0000000100000000)
[2020-12-23T04:17:26.351-0400][gc,heap        ] GC(369757)   region size 1024K, 1 young (1024K), 1 survivors (1024K)
[2020-12-23T04:17:26.351-0400][gc,heap        ] GC(369757)  Metaspace       used 61007K, capacity 63721K, committed 64768K, reserved 1107968K
[2020-12-23T04:17:26.351-0400][gc,heap        ] GC(369757)   class space    used 5712K, capacity 6559K, committed 6912K, reserved 1048576K
[2020-12-23T04:17:26.351-0400][gc             ] GC(369757) Pause Young (Normal) (G1 Evacuation Pause) 58M->47M(70M) 6.192ms
[2020-12-23T04:17:26.352-0400][gc,cpu         ] GC(369757) User=0.02s Sys=0.00s Real=0.01s
[2020-12-23T04:18:06.489-0400][gc,heap        ] GC(369758) Heap before GC invocations=369734 (full 10732): garbage-first heap   total 71680K, used 57977K [0x0000000083000000, 0x0000000100000000)
[2020-12-23T04:18:06.489-0400][gc,heap        ] GC(369758)   region size 1024K, 11 young (11264K), 1 survivors (1024K)
[2020-12-23T04:18:06.489-0400][gc,heap        ] GC(369758)  Metaspace       used 61007K, capacity 63721K, committed 64768K, reserved 1107968K
[2020-12-23T04:18:06.489-0400][gc,heap        ] GC(369758)   class space    used 5712K, capacity 6559K, committed 6912K, reserved 1048576K
[2020-12-23T04:18:06.489-0400][gc,start       ] GC(369758) Pause Young (Normal) (G1 Evacuation Pause)
[2020-12-23T04:18:06.489-0400][gc,task        ] GC(369758) Using 4 workers of 4 for evacuation
[2020-12-23T04:18:06.494-0400][gc,phases      ] GC(369758)   Pre Evacuate Collection Set: 0.0ms
[2020-12-23T04:18:06.494-0400][gc,phases      ] GC(369758)   Evacuate Collection Set: 2.8ms
[2020-12-23T04:18:06.494-0400][gc,phases      ] GC(369758)   Post Evacuate Collection Set: 1.8ms
[2020-12-23T04:18:06.494-0400][gc,phases      ] GC(369758)   Other: 0.8ms
[2020-12-23T04:18:06.494-0400][gc,heap        ] GC(369758) Eden regions: 10->0(10)
[2020-12-23T04:18:06.495-0400][gc,heap        ] GC(369758) Survivor regions: 1->1(2)
[2020-12-23T04:18:06.495-0400][gc,heap        ] GC(369758) Old regions: 46->46
[2020-12-23T04:18:06.495-0400][gc,heap        ] GC(369758) Humongous regions: 4->4
[2020-12-23T04:18:06.495-0400][gc,metaspace   ] GC(369758) Metaspace: 61007K->61007K(1107968K)
[2020-12-23T04:18:06.495-0400][gc,heap        ] GC(369758) Heap after GC invocations=369735 (full 10732): garbage-first heap   total 71680K, used 48755K [0x0000000083000000, 0x0000000100000000)
[2020-12-23T04:18:06.495-0400][gc,heap        ] GC(369758)   region size 1024K, 1 young (1024K), 1 survivors (1024K)
[2020-12-23T04:18:06.495-0400][gc,heap        ] GC(369758)  Metaspace       used 61007K, capacity 63721K, committed 64768K, reserved 1107968K
[2020-12-23T04:18:06.495-0400][gc,heap        ] GC(369758)   class space    used 5712K, capacity 6559K, committed 6912K, reserved 1048576K
[2020-12-23T04:18:06.495-0400][gc             ] GC(369758) Pause Young (Normal) (G1 Evacuation Pause) 57M->47M(70M) 5.973ms
[2020-12-23T04:18:06.495-0400][gc,cpu         ] GC(369758) User=0.01s Sys=0.00s Real=0.00s
[2020-12-23T04:18:43.892-0400][gc,heap        ] GC(369759) Heap before GC invocations=369735 (full 10732): garbage-first heap   total 71680K, used 57971K [0x0000000083000000, 0x0000000100000000)
[2020-12-23T04:18:43.892-0400][gc,heap        ] GC(369759)   region size 1024K, 11 young (11264K), 1 survivors (1024K)
[2020-12-23T04:18:43.892-0400][gc,heap        ] GC(369759)  Metaspace       used 61007K, capacity 63721K, committed 64768K, reserved 1107968K
[2020-12-23T04:18:43.892-0400][gc,heap        ] GC(369759)   class space    used 5712K, capacity 6559K, committed 6912K, reserved 1048576K
[2020-12-23T04:18:43.892-0400][gc,start       ] GC(369759) Pause Young (Normal) (G1 Evacuation Pause)
[2020-12-23T04:18:43.893-0400][gc,task        ] GC(369759) Using 4 workers of 4 for evacuation
[2020-12-23T04:18:43.898-0400][gc,phases      ] GC(369759)   Pre Evacuate Collection Set: 0.0ms
[2020-12-23T04:18:43.898-0400][gc,phases      ] GC(369759)   Evacuate Collection Set: 3.0ms
[2020-12-23T04:18:43.898-0400][gc,phases      ] GC(369759)   Post Evacuate Collection Set: 1.6ms
[2020-12-23T04:18:43.898-0400][gc,phases      ] GC(369759)   Other: 0.9ms
[2020-12-23T04:18:43.898-0400][gc,heap        ] GC(369759) Eden regions: 10->0(10)
[2020-12-23T04:18:43.898-0400][gc,heap        ] GC(369759) Survivor regions: 1->1(2)
[2020-12-23T04:18:43.898-0400][gc,heap        ] GC(369759) Old regions: 46->46
[2020-12-23T04:18:43.898-0400][gc,heap        ] GC(369759) Humongous regions: 4->4
[2020-12-23T04:18:43.898-0400][gc,metaspace   ] GC(369759) Metaspace: 61007K->61007K(1107968K)
[2020-12-23T04:18:43.898-0400][gc,heap        ] GC(369759) Heap after GC invocations=369736 (full 10732): garbage-first heap   total 71680K, used 48829K [0x0000000083000000, 0x0000000100000000)
[2020-12-23T04:18:43.898-0400][gc,heap        ] GC(369759)   region size 1024K, 1 young (1024K), 1 survivors (1024K)
[2020-12-23T04:18:43.898-0400][gc,heap        ] GC(369759)  Metaspace       used 61007K, capacity 63721K, committed 64768K, reserved 1107968K
[2020-12-23T04:18:43.898-0400][gc,heap        ] GC(369759)   class space    used 5712K, capacity 6559K, committed 6912K, reserved 1048576K
[2020-12-23T04:18:43.898-0400][gc             ] GC(369759) Pause Young (Normal) (G1 Evacuation Pause) 57M->47M(70M) 5.912ms
[2020-12-23T04:18:43.899-0400][gc,cpu         ] GC(369759) User=0.01s Sys=0.01s Real=0.01s
[2020-12-23T04:19:07.710-0400][gc,heap        ] GC(369760) Heap before GC invocations=369736 (full 10732): garbage-first heap   total 71680K, used 58045K [0x0000000083000000, 0x0000000100000000)
[2020-12-23T04:19:07.710-0400][gc,heap        ] GC(369760)   region size 1024K, 11 young (11264K), 1 survivors (1024K)
[2020-12-23T04:19:07.710-0400][gc,heap        ] GC(369760)  Metaspace       used 61007K, capacity 63721K, committed 64768K, reserved 1107968K
[2020-12-23T04:19:07.710-0400][gc,heap        ] GC(369760)   class space    used 5712K, capacity 6559K, committed 6912K, reserved 1048576K
[2020-12-23T04:19:07.710-0400][gc,start       ] GC(369760) Pause Young (Normal) (G1 Evacuation Pause)
[2020-12-23T04:19:07.711-0400][gc,task        ] GC(369760) Using 4 workers of 4 for evacuation
[2020-12-23T04:19:07.716-0400][gc,phases      ] GC(369760)   Pre Evacuate Collection Set: 0.0ms
[2020-12-23T04:19:07.716-0400][gc,phases      ] GC(369760)   Evacuate Collection Set: 3.5ms
[2020-12-23T04:19:07.716-0400][gc,phases      ] GC(369760)   Post Evacuate Collection Set: 1.5ms
[2020-12-23T04:19:07.716-0400][gc,phases      ] GC(369760)   Other: 1.0ms
[2020-12-23T04:19:07.716-0400][gc,heap        ] GC(369760) Eden regions: 10->0(10)
[2020-12-23T04:19:07.716-0400][gc,heap        ] GC(369760) Survivor regions: 1->1(2)
[2020-12-23T04:19:07.716-0400][gc,heap        ] GC(369760) Old regions: 46->46
[2020-12-23T04:19:07.716-0400][gc,heap        ] GC(369760) Humongous regions: 4->4
[2020-12-23T04:19:07.716-0400][gc,metaspace   ] GC(369760) Metaspace: 61007K->61007K(1107968K)
[2020-12-23T04:19:07.717-0400][gc,heap        ] GC(369760) Heap after GC invocations=369737 (full 10732): garbage-first heap   total 71680K, used 48956K [0x0000000083000000, 0x0000000100000000)
[2020-12-23T04:19:07.717-0400][gc,heap        ] GC(369760)   region size 1024K, 1 young (1024K), 1 survivors (1024K)
[2020-12-23T04:19:07.717-0400][gc,heap        ] GC(369760)  Metaspace       used 61007K, capacity 63721K, committed 64768K, reserved 1107968K
[2020-12-23T04:19:07.717-0400][gc,heap        ] GC(369760)   class space    used 5712K, capacity 6559K, committed 6912K, reserved 1048576K
[2020-12-23T04:19:07.717-0400][gc             ] GC(369760) Pause Young (Normal) (G1 Evacuation Pause) 57M->47M(70M) 6.316ms
[2020-12-23T04:19:07.717-0400][gc,cpu         ] GC(369760) User=0.01s Sys=0.00s Real=0.01s
[2020-12-23T04:19:35.323-0400][gc,heap        ] GC(369761) Heap before GC invocations=369737 (full 10732): garbage-first heap   total 71680K, used 58172K [0x0000000083000000, 0x0000000100000000)
[2020-12-23T04:19:35.323-0400][gc,heap        ] GC(369761)   region size 1024K, 11 young (11264K), 1 survivors (1024K)
[2020-12-23T04:19:35.323-0400][gc,heap        ] GC(369761)  Metaspace       used 61007K, capacity 63721K, committed 64768K, reserved 1107968K
[2020-12-23T04:19:35.323-0400][gc,heap        ] GC(369761)   class space    used 5712K, capacity 6559K, committed 6912K, reserved 1048576K
[2020-12-23T04:19:35.324-0400][gc,start       ] GC(369761) Pause Young (Normal) (G1 Evacuation Pause)
[2020-12-23T04:19:35.324-0400][gc,task        ] GC(369761) Using 4 workers of 4 for evacuation
[2020-12-23T04:19:35.329-0400][gc,phases      ] GC(369761)   Pre Evacuate Collection Set: 0.0ms
[2020-12-23T04:19:35.329-0400][gc,phases      ] GC(369761)   Evacuate Collection Set: 3.3ms
[2020-12-23T04:19:35.329-0400][gc,phases      ] GC(369761)   Post Evacuate Collection Set: 1.6ms
[2020-12-23T04:19:35.329-0400][gc,phases      ] GC(369761)   Other: 0.8ms
[2020-12-23T04:19:35.329-0400][gc,heap        ] GC(369761) Eden regions: 10->0(10)
[2020-12-23T04:19:35.329-0400][gc,heap        ] GC(369761) Survivor regions: 1->1(2)
[2020-12-23T04:19:35.329-0400][gc,heap        ] GC(369761) Old regions: 46->46
[2020-12-23T04:19:35.329-0400][gc,heap        ] GC(369761) Humongous regions: 4->4
[2020-12-23T04:19:35.329-0400][gc,metaspace   ] GC(369761) Metaspace: 61007K->61007K(1107968K)
[2020-12-23T04:19:35.329-0400][gc,heap        ] GC(369761) Heap after GC invocations=369738 (full 10732): garbage-first heap   total 71680K, used 48977K [0x0000000083000000, 0x0000000100000000)
[2020-12-23T04:19:35.329-0400][gc,heap        ] GC(369761)   region size 1024K, 1 young (1024K), 1 survivors (1024K)
[2020-12-23T04:19:35.330-0400][gc,heap        ] GC(369761)  Metaspace       used 61007K, capacity 63721K, committed 64768K, reserved 1107968K
[2020-12-23T04:19:35.330-0400][gc,heap        ] GC(369761)   class space    used 5712K, capacity 6559K, committed 6912K, reserved 1048576K
[2020-12-23T04:19:35.330-0400][gc             ] GC(369761) Pause Young (Normal) (G1 Evacuation Pause) 57M->47M(70M) 6.228ms
[2020-12-23T04:19:35.330-0400][gc,cpu         ] GC(369761) User=0.01s Sys=0.01s Real=0.01s
[2020-12-23T04:20:04.365-0400][gc,heap        ] GC(369762) Heap before GC invocations=369738 (full 10732): garbage-first heap   total 71680K, used 58193K [0x0000000083000000, 0x0000000100000000)
[2020-12-23T04:20:04.365-0400][gc,heap        ] GC(369762)   region size 1024K, 11 young (11264K), 1 survivors (1024K)
[2020-12-23T04:20:04.365-0400][gc,heap        ] GC(369762)  Metaspace       used 61007K, capacity 63721K, committed 64768K, reserved 1107968K
[2020-12-23T04:20:04.365-0400][gc,heap        ] GC(369762)   class space    used 5712K, capacity 6559K, committed 6912K, reserved 1048576K
[2020-12-23T04:20:04.365-0400][gc,start       ] GC(369762) Pause Young (Normal) (G1 Evacuation Pause)
[2020-12-23T04:20:04.366-0400][gc,task        ] GC(369762) Using 4 workers of 4 for evacuation
[2020-12-23T04:20:04.371-0400][gc,phases      ] GC(369762)   Pre Evacuate Collection Set: 0.0ms
[2020-12-23T04:20:04.371-0400][gc,phases      ] GC(369762)   Evacuate Collection Set: 3.8ms
[2020-12-23T04:20:04.372-0400][gc,phases      ] GC(369762)   Post Evacuate Collection Set: 1.5ms
[2020-12-23T04:20:04.372-0400][gc,phases      ] GC(369762)   Other: 0.9ms
[2020-12-23T04:20:04.372-0400][gc,heap        ] GC(369762) Eden regions: 10->0(10)
[2020-12-23T04:20:04.372-0400][gc,heap        ] GC(369762) Survivor regions: 1->1(2)
[2020-12-23T04:20:04.372-0400][gc,heap        ] GC(369762) Old regions: 46->46
[2020-12-23T04:20:04.372-0400][gc,heap        ] GC(369762) Humongous regions: 4->4
[2020-12-23T04:20:04.372-0400][gc,metaspace   ] GC(369762) Metaspace: 61007K->61007K(1107968K)
[2020-12-23T04:20:04.372-0400][gc,heap        ] GC(369762) Heap after GC invocations=369739 (full 10732): garbage-first heap   total 71680K, used 49059K [0x0000000083000000, 0x0000000100000000)
[2020-12-23T04:20:04.372-0400][gc,heap        ] GC(369762)   region size 1024K, 1 young (1024K), 1 survivors (1024K)
[2020-12-23T04:20:04.372-0400][gc,heap        ] GC(369762)  Metaspace       used 61007K, capacity 63721K, committed 64768K, reserved 1107968K
[2020-12-23T04:20:04.372-0400][gc,heap        ] GC(369762)   class space    used 5712K, capacity 6559K, committed 6912K, reserved 1048576K
[2020-12-23T04:20:04.372-0400][gc             ] GC(369762) Pause Young (Normal) (G1 Evacuation Pause) 57M->47M(70M) 6.717ms
[2020-12-23T04:20:04.372-0400][gc,cpu         ] GC(369762) User=0.02s Sys=0.00s Real=0.01s
[2020-12-23T04:20:22.181-0400][gc,heap        ] GC(369763) Heap before GC invocations=369739 (full 10732): garbage-first heap   total 71680K, used 58275K [0x0000000083000000, 0x0000000100000000)
[2020-12-23T04:20:22.181-0400][gc,heap        ] GC(369763)   region size 1024K, 11 young (11264K), 1 survivors (1024K)
[2020-12-23T04:20:22.181-0400][gc,heap        ] GC(369763)  Metaspace       used 61007K, capacity 63721K, committed 64768K, reserved 1107968K
[2020-12-23T04:20:22.181-0400][gc,heap        ] GC(369763)   class space    used 5712K, capacity 6559K, committed 6912K, reserved 1048576K
[2020-12-23T04:20:22.182-0400][gc,start       ] GC(369763) Pause Young (Normal) (G1 Evacuation Pause)
[2020-12-23T04:20:22.182-0400][gc,task        ] GC(369763) Using 4 workers of 4 for evacuation
[2020-12-23T04:20:22.188-0400][gc,phases      ] GC(369763)   Pre Evacuate Collection Set: 0.0ms
[2020-12-23T04:20:22.189-0400][gc,phases      ] GC(369763)   Evacuate Collection Set: 4.4ms
[2020-12-23T04:20:22.189-0400][gc,phases      ] GC(369763)   Post Evacuate Collection Set: 1.7ms
[2020-12-23T04:20:22.189-0400][gc,phases      ] GC(369763)   Other: 1.1ms
[2020-12-23T04:20:22.189-0400][gc,heap        ] GC(369763) Eden regions: 10->0(10)
[2020-12-23T04:20:22.189-0400][gc,heap        ] GC(369763) Survivor regions: 1->1(2)
[2020-12-23T04:20:22.189-0400][gc,heap        ] GC(369763) Old regions: 46->46
[2020-12-23T04:20:22.189-0400][gc,heap        ] GC(369763) Humongous regions: 4->4
[2020-12-23T04:20:22.189-0400][gc,metaspace   ] GC(369763) Metaspace: 61007K->61007K(1107968K)
[2020-12-23T04:20:22.189-0400][gc,heap        ] GC(369763) Heap after GC invocations=369740 (full 10732): garbage-first heap   total 71680K, used 49069K [0x0000000083000000, 0x0000000100000000)
[2020-12-23T04:20:22.189-0400][gc,heap        ] GC(369763)   region size 1024K, 1 young (1024K), 1 survivors (1024K)
[2020-12-23T04:20:22.189-0400][gc,heap        ] GC(369763)  Metaspace       used 61007K, capacity 63721K, committed 64768K, reserved 1107968K
[2020-12-23T04:20:22.189-0400][gc,heap        ] GC(369763)   class space    used 5712K, capacity 6559K, committed 6912K, reserved 1048576K
[2020-12-23T04:20:22.189-0400][gc             ] GC(369763) Pause Young (Normal) (G1 Evacuation Pause) 57M->47M(70M) 7.540ms
[2020-12-23T04:20:22.189-0400][gc,cpu         ] GC(369763) User=0.01s Sys=0.01s Real=0.01s
[2020-12-23T04:20:59.424-0400][gc,heap        ] GC(369764) Heap before GC invocations=369740 (full 10732): garbage-first heap   total 71680K, used 58285K [0x0000000083000000, 0x0000000100000000)
[2020-12-23T04:20:59.424-0400][gc,heap        ] GC(369764)   region size 1024K, 11 young (11264K), 1 survivors (1024K)
[2020-12-23T04:20:59.424-0400][gc,heap        ] GC(369764)  Metaspace       used 61007K, capacity 63721K, committed 64768K, reserved 1107968K
[2020-12-23T04:20:59.424-0400][gc,heap        ] GC(369764)   class space    used 5712K, capacity 6559K, committed 6912K, reserved 1048576K
[2020-12-23T04:20:59.424-0400][gc,start       ] GC(369764) Pause Young (Normal) (G1 Evacuation Pause)
[2020-12-23T04:20:59.424-0400][gc,task        ] GC(369764) Using 4 workers of 4 for evacuation
[2020-12-23T04:20:59.430-0400][gc,phases      ] GC(369764)   Pre Evacuate Collection Set: 0.0ms
[2020-12-23T04:20:59.430-0400][gc,phases      ] GC(369764)   Evacuate Collection Set: 3.6ms
[2020-12-23T04:20:59.430-0400][gc,phases      ] GC(369764)   Post Evacuate Collection Set: 1.6ms
[2020-12-23T04:20:59.430-0400][gc,phases      ] GC(369764)   Other: 0.9ms
[2020-12-23T04:20:59.430-0400][gc,heap        ] GC(369764) Eden regions: 10->0(10)
[2020-12-23T04:20:59.430-0400][gc,heap        ] GC(369764) Survivor regions: 1->1(2)
[2020-12-23T04:20:59.430-0400][gc,heap        ] GC(369764) Old regions: 46->46
[2020-12-23T04:20:59.431-0400][gc,heap        ] GC(369764) Humongous regions: 4->4
[2020-12-23T04:20:59.431-0400][gc,metaspace   ] GC(369764) Metaspace: 61007K->61007K(1107968K)
[2020-12-23T04:20:59.431-0400][gc,heap        ] GC(369764) Heap after GC invocations=369741 (full 10732): garbage-first heap   total 71680K, used 49016K [0x0000000083000000, 0x0000000100000000)
[2020-12-23T04:20:59.431-0400][gc,heap        ] GC(369764)   region size 1024K, 1 young (1024K), 1 survivors (1024K)
[2020-12-23T04:20:59.431-0400][gc,heap        ] GC(369764)  Metaspace       used 61007K, capacity 63721K, committed 64768K, reserved 1107968K
[2020-12-23T04:20:59.431-0400][gc,heap        ] GC(369764)   class space    used 5712K, capacity 6559K, committed 6912K, reserved 1048576K
[2020-12-23T04:20:59.431-0400][gc             ] GC(369764) Pause Young (Normal) (G1 Evacuation Pause) 57M->47M(70M) 6.470ms
[2020-12-23T04:20:59.431-0400][gc,cpu         ] GC(369764) User=0.02s Sys=0.00s Real=0.01s
[2020-12-23T04:21:28.197-0400][gc,heap        ] GC(369765) Heap before GC invocations=369741 (full 10732): garbage-first heap   total 71680K, used 59256K [0x0000000083000000, 0x0000000100000000)
[2020-12-23T04:21:28.197-0400][gc,heap        ] GC(369765)   region size 1024K, 11 young (11264K), 1 survivors (1024K)
[2020-12-23T04:21:28.197-0400][gc,heap        ] GC(369765)  Metaspace       used 61007K, capacity 63721K, committed 64768K, reserved 1107968K
[2020-12-23T04:21:28.197-0400][gc,heap        ] GC(369765)   class space    used 5712K, capacity 6559K, committed 6912K, reserved 1048576K
[2020-12-23T04:21:28.197-0400][gc,start       ] GC(369765) Pause Young (Normal) (G1 Evacuation Pause)
[2020-12-23T04:21:28.197-0400][gc,task        ] GC(369765) Using 4 workers of 4 for evacuation
[2020-12-23T04:21:28.203-0400][gc,phases      ] GC(369765)   Pre Evacuate Collection Set: 0.0ms
[2020-12-23T04:21:28.203-0400][gc,phases      ] GC(369765)   Evacuate Collection Set: 4.0ms
[2020-12-23T04:21:28.203-0400][gc,phases      ] GC(369765)   Post Evacuate Collection Set: 1.6ms
[2020-12-23T04:21:28.203-0400][gc,phases      ] GC(369765)   Other: 0.9ms
[2020-12-23T04:21:28.204-0400][gc,heap        ] GC(369765) Eden regions: 10->0(10)
[2020-12-23T04:21:28.204-0400][gc,heap        ] GC(369765) Survivor regions: 1->1(2)
[2020-12-23T04:21:28.204-0400][gc,heap        ] GC(369765) Old regions: 46->46
[2020-12-23T04:21:28.204-0400][gc,heap        ] GC(369765) Humongous regions: 4->4
[2020-12-23T04:21:28.204-0400][gc,metaspace   ] GC(369765) Metaspace: 61007K->61007K(1107968K)
[2020-12-23T04:21:28.204-0400][gc,heap        ] GC(369765) Heap after GC invocations=369742 (full 10732): garbage-first heap   total 71680K, used 49040K [0x0000000083000000, 0x0000000100000000)
[2020-12-23T04:21:28.204-0400][gc,heap        ] GC(369765)   region size 1024K, 1 young (1024K), 1 survivors (1024K)
[2020-12-23T04:21:28.204-0400][gc,heap        ] GC(369765)  Metaspace       used 61007K, capacity 63721K, committed 64768K, reserved 1107968K
[2020-12-23T04:21:28.204-0400][gc,heap        ] GC(369765)   class space    used 5712K, capacity 6559K, committed 6912K, reserved 1048576K
[2020-12-23T04:21:28.204-0400][gc             ] GC(369765) Pause Young (Normal) (G1 Evacuation Pause) 57M->47M(70M) 6.873ms
[2020-12-23T04:21:28.204-0400][gc,cpu         ] GC(369765) User=0.01s Sys=0.01s Real=0.00s
[2020-12-23T04:21:50.924-0400][gc,task        ] GC(369766) Using 3 workers of 4 for full compaction
[2020-12-23T04:21:50.924-0400][gc,start       ] GC(369766) Pause Full (System.gc())
[2020-12-23T04:21:50.924-0400][gc,heap        ] GC(369766) Heap before GC invocations=369742 (full 10732): garbage-first heap   total 71680K, used 55184K [0x0000000083000000, 0x0000000100000000)
[2020-12-23T04:21:50.924-0400][gc,heap        ] GC(369766)   region size 1024K, 8 young (8192K), 1 survivors (1024K)
[2020-12-23T04:21:50.924-0400][gc,heap        ] GC(369766)  Metaspace       used 61007K, capacity 63721K, committed 64768K, reserved 1107968K
[2020-12-23T04:21:50.924-0400][gc,heap        ] GC(369766)   class space    used 5712K, capacity 6559K, committed 6912K, reserved 1048576K
[2020-12-23T04:21:50.927-0400][gc,phases,start] GC(369766) Phase 1: Mark live objects
[2020-12-23T04:21:51.068-0400][gc,stringtable ] GC(369766) Cleaned string and symbol table, strings: 32200 processed, 0 removed, symbols: 131451 processed, 0 removed
[2020-12-23T04:21:51.068-0400][gc,phases      ] GC(369766) Phase 1: Mark live objects 140.682ms
[2020-12-23T04:21:51.068-0400][gc,phases,start] GC(369766) Phase 2: Prepare for compaction
[2020-12-23T04:21:51.098-0400][gc,phases      ] GC(369766) Phase 2: Prepare for compaction 30.167ms
[2020-12-23T04:21:51.098-0400][gc,phases,start] GC(369766) Phase 3: Adjust pointers
[2020-12-23T04:21:51.177-0400][gc,phases      ] GC(369766) Phase 3: Adjust pointers 78.592ms
[2020-12-23T04:21:51.177-0400][gc,phases,start] GC(369766) Phase 4: Compact heap
[2020-12-23T04:21:51.197-0400][gc,phases      ] GC(369766) Phase 4: Compact heap 20.543ms
[2020-12-23T04:21:51.233-0400][gc,heap        ] GC(369766) Eden regions: 7->0(10)
[2020-12-23T04:21:51.233-0400][gc,heap        ] GC(369766) Survivor regions: 1->0(2)
[2020-12-23T04:21:51.233-0400][gc,heap        ] GC(369766) Old regions: 46->47
[2020-12-23T04:21:51.233-0400][gc,heap        ] GC(369766) Humongous regions: 4->4
[2020-12-23T04:21:51.233-0400][gc,metaspace   ] GC(369766) Metaspace: 61007K->61007K(1107968K)
[2020-12-23T04:21:51.233-0400][gc,heap        ] GC(369766) Heap after GC invocations=369743 (full 10733): garbage-first heap   total 71680K, used 48469K [0x0000000083000000, 0x0000000100000000)
[2020-12-23T04:21:51.233-0400][gc,heap        ] GC(369766)   region size 1024K, 0 young (0K), 0 survivors (0K)
[2020-12-23T04:21:51.233-0400][gc,heap        ] GC(369766)  Metaspace       used 61007K, capacity 63721K, committed 64768K, reserved 1107968K
[2020-12-23T04:21:51.233-0400][gc,heap        ] GC(369766)   class space    used 5712K, capacity 6559K, committed 6912K, reserved 1048576K
[2020-12-23T04:21:51.233-0400][gc             ] GC(369766) Pause Full (System.gc()) 54M->47M(70M) 309.264ms
[2020-12-23T04:21:51.234-0400][gc,cpu         ] GC(369766) User=0.83s Sys=0.00s Real=0.31s
[2020-12-23T04:22:17.517-0400][gc,heap        ] GC(369767) Heap before GC invocations=369743 (full 10733): garbage-first heap   total 71680K, used 57685K [0x0000000083000000, 0x0000000100000000)
[2020-12-23T04:22:17.517-0400][gc,heap        ] GC(369767)   region size 1024K, 10 young (10240K), 0 survivors (0K)
[2020-12-23T04:22:17.517-0400][gc,heap        ] GC(369767)  Metaspace       used 61007K, capacity 63721K, committed 64768K, reserved 1107968K
[2020-12-23T04:22:17.517-0400][gc,heap        ] GC(369767)   class space    used 5712K, capacity 6559K, committed 6912K, reserved 1048576K
[2020-12-23T04:22:17.517-0400][gc,start       ] GC(369767) Pause Young (Normal) (G1 Evacuation Pause)
[2020-12-23T04:22:17.517-0400][gc,task        ] GC(369767) Using 4 workers of 4 for evacuation
[2020-12-23T04:22:17.523-0400][gc,phases      ] GC(369767)   Pre Evacuate Collection Set: 0.0ms
[2020-12-23T04:22:17.523-0400][gc,phases      ] GC(369767)   Evacuate Collection Set: 3.1ms
[2020-12-23T04:22:17.523-0400][gc,phases      ] GC(369767)   Post Evacuate Collection Set: 1.7ms
[2020-12-23T04:22:17.523-0400][gc,phases      ] GC(369767)   Other: 0.9ms
[2020-12-23T04:22:17.523-0400][gc,heap        ] GC(369767) Eden regions: 10->0(9)
[2020-12-23T04:22:17.523-0400][gc,heap        ] GC(369767) Survivor regions: 0->1(2)
[2020-12-23T04:22:17.523-0400][gc,heap        ] GC(369767) Old regions: 47->47
[2020-12-23T04:22:17.523-0400][gc,heap        ] GC(369767) Humongous regions: 4->4
[2020-12-23T04:22:17.523-0400][gc,metaspace   ] GC(369767) Metaspace: 61007K->61007K(1107968K)
[2020-12-23T04:22:17.523-0400][gc,heap        ] GC(369767) Heap after GC invocations=369744 (full 10733): garbage-first heap   total 71680K, used 48769K [0x0000000083000000, 0x0000000100000000)
[2020-12-23T04:22:17.523-0400][gc,heap        ] GC(369767)   region size 1024K, 1 young (1024K), 1 survivors (1024K)
[2020-12-23T04:22:17.523-0400][gc,heap        ] GC(369767)  Metaspace       used 61007K, capacity 63721K, committed 64768K, reserved 1107968K
[2020-12-23T04:22:17.523-0400][gc,heap        ] GC(369767)   class space    used 5712K, capacity 6559K, committed 6912K, reserved 1048576K
[2020-12-23T04:22:17.523-0400][gc             ] GC(369767) Pause Young (Normal) (G1 Evacuation Pause) 57M->47M(70M) 6.180ms
[2020-12-23T04:22:17.523-0400][gc,cpu         ] GC(369767) User=0.00s Sys=0.01s Real=0.00s
[2020-12-23T04:22:33.890-0400][gc,heap        ] GC(369768) Heap before GC invocations=369744 (full 10733): garbage-first heap   total 71680K, used 56961K [0x0000000083000000, 0x0000000100000000)
[2020-12-23T04:22:33.890-0400][gc,heap        ] GC(369768)   region size 1024K, 10 young (10240K), 1 survivors (1024K)
[2020-12-23T04:22:33.890-0400][gc,heap        ] GC(369768)  Metaspace       used 61007K, capacity 63721K, committed 64768K, reserved 1107968K
[2020-12-23T04:22:33.890-0400][gc,heap        ] GC(369768)   class space    used 5712K, capacity 6559K, committed 6912K, reserved 1048576K
[2020-12-23T04:22:33.890-0400][gc,start       ] GC(369768) Pause Young (Normal) (G1 Evacuation Pause)
[2020-12-23T04:22:33.890-0400][gc,task        ] GC(369768) Using 4 workers of 4 for evacuation
[2020-12-23T04:22:33.896-0400][gc,phases      ] GC(369768)   Pre Evacuate Collection Set: 0.0ms
[2020-12-23T04:22:33.896-0400][gc,phases      ] GC(369768)   Evacuate Collection Set: 3.7ms
[2020-12-23T04:22:33.896-0400][gc,phases      ] GC(369768)   Post Evacuate Collection Set: 1.4ms
[2020-12-23T04:22:33.896-0400][gc,phases      ] GC(369768)   Other: 1.0ms
[2020-12-23T04:22:33.896-0400][gc,heap        ] GC(369768) Eden regions: 9->0(9)
[2020-12-23T04:22:33.896-0400][gc,heap        ] GC(369768) Survivor regions: 1->1(2)
[2020-12-23T04:22:33.896-0400][gc,heap        ] GC(369768) Old regions: 47->47
[2020-12-23T04:22:33.896-0400][gc,heap        ] GC(369768) Humongous regions: 4->4
[2020-12-23T04:22:33.896-0400][gc,metaspace   ] GC(369768) Metaspace: 61007K->61007K(1107968K)
[2020-12-23T04:22:33.896-0400][gc,heap        ] GC(369768) Heap after GC invocations=369745 (full 10733): garbage-first heap   total 71680K, used 48902K [0x0000000083000000, 0x0000000100000000)
[2020-12-23T04:22:33.896-0400][gc,heap        ] GC(369768)   region size 1024K, 1 young (1024K), 1 survivors (1024K)
[2020-12-23T04:22:33.896-0400][gc,heap        ] GC(369768)  Metaspace       used 61007K, capacity 63721K, committed 64768K, reserved 1107968K
[2020-12-23T04:22:33.896-0400][gc,heap        ] GC(369768)   class space    used 5712K, capacity 6559K, committed 6912K, reserved 1048576K
[2020-12-23T04:22:33.897-0400][gc             ] GC(369768) Pause Young (Normal) (G1 Evacuation Pause) 56M->47M(70M) 6.665ms
[2020-12-23T04:22:33.897-0400][gc,cpu         ] GC(369768) User=0.01s Sys=0.00s Real=0.01s
[2020-12-23T04:23:00.451-0400][gc,heap        ] GC(369769) Heap before GC invocations=369745 (full 10733): garbage-first heap   total 71680K, used 57094K [0x0000000083000000, 0x0000000100000000)
[2020-12-23T04:23:00.451-0400][gc,heap        ] GC(369769)   region size 1024K, 10 young (10240K), 1 survivors (1024K)
[2020-12-23T04:23:00.451-0400][gc,heap        ] GC(369769)  Metaspace       used 61007K, capacity 63721K, committed 64768K, reserved 1107968K
[2020-12-23T04:23:00.451-0400][gc,heap        ] GC(369769)   class space    used 5712K, capacity 6559K, committed 6912K, reserved 1048576K
[2020-12-23T04:23:00.452-0400][gc,start       ] GC(369769) Pause Young (Normal) (G1 Evacuation Pause)
[2020-12-23T04:23:00.452-0400][gc,task        ] GC(369769) Using 4 workers of 4 for evacuation
[2020-12-23T04:23:00.458-0400][gc,phases      ] GC(369769)   Pre Evacuate Collection Set: 0.0ms
[2020-12-23T04:23:00.458-0400][gc,phases      ] GC(369769)   Evacuate Collection Set: 4.1ms
[2020-12-23T04:23:00.458-0400][gc,phases      ] GC(369769)   Post Evacuate Collection Set: 1.5ms
[2020-12-23T04:23:00.458-0400][gc,phases      ] GC(369769)   Other: 0.9ms
[2020-12-23T04:23:00.458-0400][gc,heap        ] GC(369769) Eden regions: 9->0(9)
[2020-12-23T04:23:00.458-0400][gc,heap        ] GC(369769) Survivor regions: 1->1(2)
[2020-12-23T04:23:00.458-0400][gc,heap        ] GC(369769) Old regions: 47->47
[2020-12-23T04:23:00.458-0400][gc,heap        ] GC(369769) Humongous regions: 4->4
[2020-12-23T04:23:00.458-0400][gc,metaspace   ] GC(369769) Metaspace: 61007K->61007K(1107968K)
[2020-12-23T04:23:00.458-0400][gc,heap        ] GC(369769) Heap after GC invocations=369746 (full 10733): garbage-first heap   total 71680K, used 49120K [0x0000000083000000, 0x0000000100000000)
[2020-12-23T04:23:00.458-0400][gc,heap        ] GC(369769)   region size 1024K, 1 young (1024K), 1 survivors (1024K)
[2020-12-23T04:23:00.458-0400][gc,heap        ] GC(369769)  Metaspace       used 61007K, capacity 63721K, committed 64768K, reserved 1107968K
[2020-12-23T04:23:00.458-0400][gc,heap        ] GC(369769)   class space    used 5712K, capacity 6559K, committed 6912K, reserved 1048576K
[2020-12-23T04:23:00.459-0400][gc             ] GC(369769) Pause Young (Normal) (G1 Evacuation Pause) 56M->47M(70M) 6.855ms
[2020-12-23T04:23:00.459-0400][gc,cpu         ] GC(369769) User=0.01s Sys=0.01s Real=0.01s
[2020-12-23T04:23:38.217-0400][gc,heap        ] GC(369770) Heap before GC invocations=369746 (full 10733): garbage-first heap   total 71680K, used 57312K [0x0000000083000000, 0x0000000100000000)
[2020-12-23T04:23:38.217-0400][gc,heap        ] GC(369770)   region size 1024K, 10 young (10240K), 1 survivors (1024K)
[2020-12-23T04:23:38.217-0400][gc,heap        ] GC(369770)  Metaspace       used 61007K, capacity 63721K, committed 64768K, reserved 1107968K
[2020-12-23T04:23:38.217-0400][gc,heap        ] GC(369770)   class space    used 5712K, capacity 6559K, committed 6912K, reserved 1048576K
[2020-12-23T04:23:38.217-0400][gc,start       ] GC(369770) Pause Young (Normal) (G1 Evacuation Pause)
[2020-12-23T04:23:38.217-0400][gc,task        ] GC(369770) Using 4 workers of 4 for evacuation
[2020-12-23T04:23:38.223-0400][gc,phases      ] GC(369770)   Pre Evacuate Collection Set: 0.0ms
[2020-12-23T04:23:38.223-0400][gc,phases      ] GC(369770)   Evacuate Collection Set: 3.7ms
[2020-12-23T04:23:38.223-0400][gc,phases      ] GC(369770)   Post Evacuate Collection Set: 1.5ms
[2020-12-23T04:23:38.223-0400][gc,phases      ] GC(369770)   Other: 1.0ms
[2020-12-23T04:23:38.223-0400][gc,heap        ] GC(369770) Eden regions: 9->0(9)
[2020-12-23T04:23:38.223-0400][gc,heap        ] GC(369770) Survivor regions: 1->1(2)
[2020-12-23T04:23:38.223-0400][gc,heap        ] GC(369770) Old regions: 47->47
[2020-12-23T04:23:38.223-0400][gc,heap        ] GC(369770) Humongous regions: 4->4
[2020-12-23T04:23:38.223-0400][gc,metaspace   ] GC(369770) Metaspace: 61007K->61007K(1107968K)
[2020-12-23T04:23:38.223-0400][gc,heap        ] GC(369770) Heap after GC invocations=369747 (full 10733): garbage-first heap   total 71680K, used 49062K [0x0000000083000000, 0x0000000100000000)
[2020-12-23T04:23:38.224-0400][gc,heap        ] GC(369770)   region size 1024K, 1 young (1024K), 1 survivors (1024K)
[2020-12-23T04:23:38.224-0400][gc,heap        ] GC(369770)  Metaspace       used 61007K, capacity 63721K, committed 64768K, reserved 1107968K
[2020-12-23T04:23:38.224-0400][gc,heap        ] GC(369770)   class space    used 5712K, capacity 6559K, committed 6912K, reserved 1048576K
[2020-12-23T04:23:38.224-0400][gc             ] GC(369770) Pause Young (Normal) (G1 Evacuation Pause) 56M->47M(70M) 6.631ms
[2020-12-23T04:23:38.224-0400][gc,cpu         ] GC(369770) User=0.02s Sys=0.00s Real=0.00s
[2020-12-23T04:24:01.242-0400][gc,heap        ] GC(369771) Heap before GC invocations=369747 (full 10733): garbage-first heap   total 71680K, used 57254K [0x0000000083000000, 0x0000000100000000)
[2020-12-23T04:24:01.242-0400][gc,heap        ] GC(369771)   region size 1024K, 10 young (10240K), 1 survivors (1024K)
[2020-12-23T04:24:01.242-0400][gc,heap        ] GC(369771)  Metaspace       used 61007K, capacity 63721K, committed 64768K, reserved 1107968K
[2020-12-23T04:24:01.242-0400][gc,heap        ] GC(369771)   class space    used 5712K, capacity 6559K, committed 6912K, reserved 1048576K
[2020-12-23T04:24:01.243-0400][gc,start       ] GC(369771) Pause Young (Normal) (G1 Evacuation Pause)
[2020-12-23T04:24:01.243-0400][gc,task        ] GC(369771) Using 4 workers of 4 for evacuation
[2020-12-23T04:24:01.249-0400][gc,phases      ] GC(369771)   Pre Evacuate Collection Set: 0.0ms
[2020-12-23T04:24:01.249-0400][gc,phases      ] GC(369771)   Evacuate Collection Set: 3.9ms
[2020-12-23T04:24:01.249-0400][gc,phases      ] GC(369771)   Post Evacuate Collection Set: 1.8ms
[2020-12-23T04:24:01.249-0400][gc,phases      ] GC(369771)   Other: 0.9ms
[2020-12-23T04:24:01.249-0400][gc,heap        ] GC(369771) Eden regions: 9->0(9)
[2020-12-23T04:24:01.249-0400][gc,heap        ] GC(369771) Survivor regions: 1->1(2)
[2020-12-23T04:24:01.249-0400][gc,heap        ] GC(369771) Old regions: 47->47
[2020-12-23T04:24:01.249-0400][gc,heap        ] GC(369771) Humongous regions: 4->4
[2020-12-23T04:24:01.249-0400][gc,metaspace   ] GC(369771) Metaspace: 61007K->61007K(1107968K)
[2020-12-23T04:24:01.249-0400][gc,heap        ] GC(369771) Heap after GC invocations=369748 (full 10733): garbage-first heap   total 71680K, used 49030K [0x0000000083000000, 0x0000000100000000)
[2020-12-23T04:24:01.249-0400][gc,heap        ] GC(369771)   region size 1024K, 1 young (1024K), 1 survivors (1024K)
[2020-12-23T04:24:01.249-0400][gc,heap        ] GC(369771)  Metaspace       used 61007K, capacity 63721K, committed 64768K, reserved 1107968K
[2020-12-23T04:24:01.249-0400][gc,heap        ] GC(369771)   class space    used 5712K, capacity 6559K, committed 6912K, reserved 1048576K
[2020-12-23T04:24:01.250-0400][gc             ] GC(369771) Pause Young (Normal) (G1 Evacuation Pause) 56M->47M(70M) 7.002ms
[2020-12-23T04:24:01.250-0400][gc,cpu         ] GC(369771) User=0.01s Sys=0.01s Real=0.01s
[2020-12-23T04:24:36.184-0400][gc,heap        ] GC(369772) Heap before GC invocations=369748 (full 10733): garbage-first heap   total 71680K, used 57222K [0x0000000083000000, 0x0000000100000000)
[2020-12-23T04:24:36.184-0400][gc,heap        ] GC(369772)   region size 1024K, 10 young (10240K), 1 survivors (1024K)
[2020-12-23T04:24:36.185-0400][gc,heap        ] GC(369772)  Metaspace       used 61007K, capacity 63721K, committed 64768K, reserved 1107968K
[2020-12-23T04:24:36.185-0400][gc,heap        ] GC(369772)   class space    used 5712K, capacity 6559K, committed 6912K, reserved 1048576K
[2020-12-23T04:24:36.185-0400][gc,start       ] GC(369772) Pause Young (Normal) (G1 Evacuation Pause)
[2020-12-23T04:24:36.185-0400][gc,task        ] GC(369772) Using 4 workers of 4 for evacuation
[2020-12-23T04:24:36.191-0400][gc,phases      ] GC(369772)   Pre Evacuate Collection Set: 0.0ms
[2020-12-23T04:24:36.191-0400][gc,phases      ] GC(369772)   Evacuate Collection Set: 3.7ms
[2020-12-23T04:24:36.191-0400][gc,phases      ] GC(369772)   Post Evacuate Collection Set: 1.7ms
[2020-12-23T04:24:36.191-0400][gc,phases      ] GC(369772)   Other: 1.0ms
[2020-12-23T04:24:36.191-0400][gc,heap        ] GC(369772) Eden regions: 9->0(9)
[2020-12-23T04:24:36.191-0400][gc,heap        ] GC(369772) Survivor regions: 1->1(2)
[2020-12-23T04:24:36.191-0400][gc,heap        ] GC(369772) Old regions: 47->47
[2020-12-23T04:24:36.191-0400][gc,heap        ] GC(369772) Humongous regions: 4->4
[2020-12-23T04:24:36.191-0400][gc,metaspace   ] GC(369772) Metaspace: 61007K->61007K(1107968K)
[2020-12-23T04:24:36.191-0400][gc,heap        ] GC(369772) Heap after GC invocations=369749 (full 10733): garbage-first heap   total 71680K, used 48938K [0x0000000083000000, 0x0000000100000000)
[2020-12-23T04:24:36.191-0400][gc,heap        ] GC(369772)   region size 1024K, 1 young (1024K), 1 survivors (1024K)
[2020-12-23T04:24:36.191-0400][gc,heap        ] GC(369772)  Metaspace       used 61007K, capacity 63721K, committed 64768K, reserved 1107968K
[2020-12-23T04:24:36.191-0400][gc,heap        ] GC(369772)   class space    used 5712K, capacity 6559K, committed 6912K, reserved 1048576K
[2020-12-23T04:24:36.191-0400][gc             ] GC(369772) Pause Young (Normal) (G1 Evacuation Pause) 56M->47M(70M) 6.637ms
[2020-12-23T04:24:36.192-0400][gc,cpu         ] GC(369772) User=0.02s Sys=0.01s Real=0.01s
[2020-12-23T04:25:01.604-0400][gc,heap        ] GC(369773) Heap before GC invocations=369749 (full 10733): garbage-first heap   total 71680K, used 57130K [0x0000000083000000, 0x0000000100000000)
[2020-12-23T04:25:01.604-0400][gc,heap        ] GC(369773)   region size 1024K, 10 young (10240K), 1 survivors (1024K)
[2020-12-23T04:25:01.604-0400][gc,heap        ] GC(369773)  Metaspace       used 61007K, capacity 63721K, committed 64768K, reserved 1107968K
[2020-12-23T04:25:01.604-0400][gc,heap        ] GC(369773)   class space    used 5712K, capacity 6559K, committed 6912K, reserved 1048576K
[2020-12-23T04:25:01.604-0400][gc,start       ] GC(369773) Pause Young (Normal) (G1 Evacuation Pause)
[2020-12-23T04:25:01.604-0400][gc,task        ] GC(369773) Using 4 workers of 4 for evacuation
[2020-12-23T04:25:01.611-0400][gc,phases      ] GC(369773)   Pre Evacuate Collection Set: 0.0ms
[2020-12-23T04:25:01.611-0400][gc,phases      ] GC(369773)   Evacuate Collection Set: 4.0ms
[2020-12-23T04:25:01.611-0400][gc,phases      ] GC(369773)   Post Evacuate Collection Set: 1.9ms
[2020-12-23T04:25:01.611-0400][gc,phases      ] GC(369773)   Other: 0.9ms
[2020-12-23T04:25:01.611-0400][gc,heap        ] GC(369773) Eden regions: 9->0(9)
[2020-12-23T04:25:01.611-0400][gc,heap        ] GC(369773) Survivor regions: 1->1(2)
[2020-12-23T04:25:01.611-0400][gc,heap        ] GC(369773) Old regions: 47->47
[2020-12-23T04:25:01.611-0400][gc,heap        ] GC(369773) Humongous regions: 4->4
[2020-12-23T04:25:01.611-0400][gc,metaspace   ] GC(369773) Metaspace: 61007K->61007K(1107968K)
[2020-12-23T04:25:01.611-0400][gc,heap        ] GC(369773) Heap after GC invocations=369750 (full 10733): garbage-first heap   total 71680K, used 49071K [0x0000000083000000, 0x0000000100000000)
[2020-12-23T04:25:01.611-0400][gc,heap        ] GC(369773)   region size 1024K, 1 young (1024K), 1 survivors (1024K)
[2020-12-23T04:25:01.611-0400][gc,heap        ] GC(369773)  Metaspace       used 61007K, capacity 63721K, committed 64768K, reserved 1107968K
[2020-12-23T04:25:01.611-0400][gc,heap        ] GC(369773)   class space    used 5712K, capacity 6559K, committed 6912K, reserved 1048576K
[2020-12-23T04:25:01.612-0400][gc             ] GC(369773) Pause Young (Normal) (G1 Evacuation Pause) 56M->47M(70M) 7.249ms
[2020-12-23T04:25:01.612-0400][gc,cpu         ] GC(369773) User=0.01s Sys=0.01s Real=0.01s
[2020-12-23T04:25:27.446-0400][gc,heap        ] GC(369774) Heap before GC invocations=369750 (full 10733): garbage-first heap   total 71680K, used 58287K [0x0000000083000000, 0x0000000100000000)
[2020-12-23T04:25:27.446-0400][gc,heap        ] GC(369774)   region size 1024K, 10 young (10240K), 1 survivors (1024K)
[2020-12-23T04:25:27.446-0400][gc,heap        ] GC(369774)  Metaspace       used 61007K, capacity 63721K, committed 64768K, reserved 1107968K
[2020-12-23T04:25:27.446-0400][gc,heap        ] GC(369774)   class space    used 5712K, capacity 6559K, committed 6912K, reserved 1048576K
[2020-12-23T04:25:27.446-0400][gc,start       ] GC(369774) Pause Young (Normal) (G1 Evacuation Pause)
[2020-12-23T04:25:27.446-0400][gc,task        ] GC(369774) Using 4 workers of 4 for evacuation
[2020-12-23T04:25:27.452-0400][gc,phases      ] GC(369774)   Pre Evacuate Collection Set: 0.0ms
[2020-12-23T04:25:27.452-0400][gc,phases      ] GC(369774)   Evacuate Collection Set: 3.8ms
[2020-12-23T04:25:27.453-0400][gc,phases      ] GC(369774)   Post Evacuate Collection Set: 1.9ms
[2020-12-23T04:25:27.453-0400][gc,phases      ] GC(369774)   Other: 0.8ms
[2020-12-23T04:25:27.453-0400][gc,heap        ] GC(369774) Eden regions: 9->0(9)
[2020-12-23T04:25:27.453-0400][gc,heap        ] GC(369774) Survivor regions: 1->1(2)
[2020-12-23T04:25:27.453-0400][gc,heap        ] GC(369774) Old regions: 47->47
[2020-12-23T04:25:27.453-0400][gc,heap        ] GC(369774) Humongous regions: 4->4
[2020-12-23T04:25:27.453-0400][gc,metaspace   ] GC(369774) Metaspace: 61007K->61007K(1107968K)
[2020-12-23T04:25:27.453-0400][gc,heap        ] GC(369774) Heap after GC invocations=369751 (full 10733): garbage-first heap   total 71680K, used 49030K [0x0000000083000000, 0x0000000100000000)
[2020-12-23T04:25:27.453-0400][gc,heap        ] GC(369774)   region size 1024K, 1 young (1024K), 1 survivors (1024K)
[2020-12-23T04:25:27.453-0400][gc,heap        ] GC(369774)  Metaspace       used 61007K, capacity 63721K, committed 64768K, reserved 1107968K
[2020-12-23T04:25:27.453-0400][gc,heap        ] GC(369774)   class space    used 5712K, capacity 6559K, committed 6912K, reserved 1048576K
[2020-12-23T04:25:27.453-0400][gc             ] GC(369774) Pause Young (Normal) (G1 Evacuation Pause) 56M->47M(70M) 6.992ms
[2020-12-23T04:25:27.453-0400][gc,cpu         ] GC(369774) User=0.01s Sys=0.01s Real=0.00s
[2020-12-23T04:25:53.893-0400][gc,heap        ] GC(369775) Heap before GC invocations=369751 (full 10733): garbage-first heap   total 71680K, used 57222K [0x0000000083000000, 0x0000000100000000)
[2020-12-23T04:25:53.893-0400][gc,heap        ] GC(369775)   region size 1024K, 10 young (10240K), 1 survivors (1024K)
[2020-12-23T04:25:53.893-0400][gc,heap        ] GC(369775)  Metaspace       used 61007K, capacity 63721K, committed 64768K, reserved 1107968K
[2020-12-23T04:25:53.893-0400][gc,heap        ] GC(369775)   class space    used 5712K, capacity 6559K, committed 6912K, reserved 1048576K
[2020-12-23T04:25:53.893-0400][gc,start       ] GC(369775) Pause Young (Normal) (G1 Evacuation Pause)
[2020-12-23T04:25:53.893-0400][gc,task        ] GC(369775) Using 4 workers of 4 for evacuation
[2020-12-23T04:25:53.899-0400][gc,phases      ] GC(369775)   Pre Evacuate Collection Set: 0.0ms
[2020-12-23T04:25:53.899-0400][gc,phases      ] GC(369775)   Evacuate Collection Set: 3.9ms
[2020-12-23T04:25:53.899-0400][gc,phases      ] GC(369775)   Post Evacuate Collection Set: 1.4ms
[2020-12-23T04:25:53.899-0400][gc,phases      ] GC(369775)   Other: 0.9ms
[2020-12-23T04:25:53.900-0400][gc,heap        ] GC(369775) Eden regions: 9->0(9)
[2020-12-23T04:25:53.900-0400][gc,heap        ] GC(369775) Survivor regions: 1->1(2)
[2020-12-23T04:25:53.900-0400][gc,heap        ] GC(369775) Old regions: 47->47
[2020-12-23T04:25:53.900-0400][gc,heap        ] GC(369775) Humongous regions: 4->4
[2020-12-23T04:25:53.900-0400][gc,metaspace   ] GC(369775) Metaspace: 61007K->61007K(1107968K)
[2020-12-23T04:25:53.900-0400][gc,heap        ] GC(369775) Heap after GC invocations=369752 (full 10733): garbage-first heap   total 71680K, used 49063K [0x0000000083000000, 0x0000000100000000)
[2020-12-23T04:25:53.900-0400][gc,heap        ] GC(369775)   region size 1024K, 1 young (1024K), 1 survivors (1024K)
[2020-12-23T04:25:53.900-0400][gc,heap        ] GC(369775)  Metaspace       used 61007K, capacity 63721K, committed 64768K, reserved 1107968K
[2020-12-23T04:25:53.900-0400][gc,heap        ] GC(369775)   class space    used 5712K, capacity 6559K, committed 6912K, reserved 1048576K
[2020-12-23T04:25:53.900-0400][gc             ] GC(369775) Pause Young (Normal) (G1 Evacuation Pause) 56M->47M(70M) 6.780ms
[2020-12-23T04:25:53.900-0400][gc,cpu         ] GC(369775) User=0.02s Sys=0.00s Real=0.01s
[2020-12-23T04:26:17.490-0400][gc,heap        ] GC(369776) Heap before GC invocations=369752 (full 10733): garbage-first heap   total 71680K, used 57255K [0x0000000083000000, 0x0000000100000000)
[2020-12-23T04:26:17.490-0400][gc,heap        ] GC(369776)   region size 1024K, 10 young (10240K), 1 survivors (1024K)
[2020-12-23T04:26:17.491-0400][gc,heap        ] GC(369776)  Metaspace       used 61007K, capacity 63721K, committed 64768K, reserved 1107968K
[2020-12-23T04:26:17.491-0400][gc,heap        ] GC(369776)   class space    used 5712K, capacity 6559K, committed 6912K, reserved 1048576K
[2020-12-23T04:26:17.491-0400][gc,start       ] GC(369776) Pause Young (Normal) (G1 Evacuation Pause)
[2020-12-23T04:26:17.491-0400][gc,task        ] GC(369776) Using 4 workers of 4 for evacuation
[2020-12-23T04:26:17.498-0400][gc,phases      ] GC(369776)   Pre Evacuate Collection Set: 0.0ms
[2020-12-23T04:26:17.498-0400][gc,phases      ] GC(369776)   Evacuate Collection Set: 4.8ms
[2020-12-23T04:26:17.498-0400][gc,phases      ] GC(369776)   Post Evacuate Collection Set: 1.7ms
[2020-12-23T04:26:17.498-0400][gc,phases      ] GC(369776)   Other: 0.9ms
[2020-12-23T04:26:17.498-0400][gc,heap        ] GC(369776) Eden regions: 9->0(9)
[2020-12-23T04:26:17.498-0400][gc,heap        ] GC(369776) Survivor regions: 1->1(2)
[2020-12-23T04:26:17.498-0400][gc,heap        ] GC(369776) Old regions: 47->47
[2020-12-23T04:26:17.498-0400][gc,heap        ] GC(369776) Humongous regions: 4->4
[2020-12-23T04:26:17.498-0400][gc,metaspace   ] GC(369776) Metaspace: 61007K->61007K(1107968K)
[2020-12-23T04:26:17.498-0400][gc,heap        ] GC(369776) Heap after GC invocations=369753 (full 10733): garbage-first heap   total 71680K, used 49019K [0x0000000083000000, 0x0000000100000000)
[2020-12-23T04:26:17.498-0400][gc,heap        ] GC(369776)   region size 1024K, 1 young (1024K), 1 survivors (1024K)
[2020-12-23T04:26:17.498-0400][gc,heap        ] GC(369776)  Metaspace       used 61007K, capacity 63721K, committed 64768K, reserved 1107968K
[2020-12-23T04:26:17.498-0400][gc,heap        ] GC(369776)   class space    used 5712K, capacity 6559K, committed 6912K, reserved 1048576K
[2020-12-23T04:26:17.499-0400][gc             ] GC(369776) Pause Young (Normal) (G1 Evacuation Pause) 56M->47M(70M) 7.753ms
[2020-12-23T04:26:17.499-0400][gc,cpu         ] GC(369776) User=0.01s Sys=0.02s Real=0.01s
[2020-12-23T04:26:43.985-0400][gc,heap        ] GC(369777) Heap before GC invocations=369753 (full 10733): garbage-first heap   total 71680K, used 57211K [0x0000000083000000, 0x0000000100000000)
[2020-12-23T04:26:43.985-0400][gc,heap        ] GC(369777)   region size 1024K, 10 young (10240K), 1 survivors (1024K)
[2020-12-23T04:26:43.985-0400][gc,heap        ] GC(369777)  Metaspace       used 61007K, capacity 63721K, committed 64768K, reserved 1107968K
[2020-12-23T04:26:43.985-0400][gc,heap        ] GC(369777)   class space    used 5712K, capacity 6559K, committed 6912K, reserved 1048576K
[2020-12-23T04:26:43.985-0400][gc,start       ] GC(369777) Pause Young (Normal) (G1 Evacuation Pause)
[2020-12-23T04:26:43.985-0400][gc,task        ] GC(369777) Using 4 workers of 4 for evacuation
[2020-12-23T04:26:43.991-0400][gc,phases      ] GC(369777)   Pre Evacuate Collection Set: 0.0ms
[2020-12-23T04:26:43.991-0400][gc,phases      ] GC(369777)   Evacuate Collection Set: 3.7ms
[2020-12-23T04:26:43.991-0400][gc,phases      ] GC(369777)   Post Evacuate Collection Set: 1.5ms
[2020-12-23T04:26:43.992-0400][gc,phases      ] GC(369777)   Other: 1.1ms
[2020-12-23T04:26:43.992-0400][gc,heap        ] GC(369777) Eden regions: 9->0(9)
[2020-12-23T04:26:43.992-0400][gc,heap        ] GC(369777) Survivor regions: 1->1(2)
[2020-12-23T04:26:43.992-0400][gc,heap        ] GC(369777) Old regions: 47->47
[2020-12-23T04:26:43.992-0400][gc,heap        ] GC(369777) Humongous regions: 4->4
[2020-12-23T04:26:43.992-0400][gc,metaspace   ] GC(369777) Metaspace: 61007K->61007K(1107968K)
[2020-12-23T04:26:43.992-0400][gc,heap        ] GC(369777) Heap after GC invocations=369754 (full 10733): garbage-first heap   total 71680K, used 48943K [0x0000000083000000, 0x0000000100000000)
[2020-12-23T04:26:43.992-0400][gc,heap        ] GC(369777)   region size 1024K, 1 young (1024K), 1 survivors (1024K)
[2020-12-23T04:26:43.992-0400][gc,heap        ] GC(369777)  Metaspace       used 61007K, capacity 63721K, committed 64768K, reserved 1107968K
[2020-12-23T04:26:43.992-0400][gc,heap        ] GC(369777)   class space    used 5712K, capacity 6559K, committed 6912K, reserved 1048576K
[2020-12-23T04:26:43.992-0400][gc             ] GC(369777) Pause Young (Normal) (G1 Evacuation Pause) 56M->47M(70M) 6.592ms
[2020-12-23T04:26:43.992-0400][gc,cpu         ] GC(369777) User=0.02s Sys=0.00s Real=0.01s
[2020-12-23T04:26:50.924-0400][gc,task        ] GC(369778) Using 3 workers of 4 for full compaction
[2020-12-23T04:26:50.924-0400][gc,start       ] GC(369778) Pause Full (System.gc())
[2020-12-23T04:26:50.924-0400][gc,heap        ] GC(369778) Heap before GC invocations=369754 (full 10733): garbage-first heap   total 71680K, used 48943K [0x0000000083000000, 0x0000000100000000)
[2020-12-23T04:26:50.924-0400][gc,heap        ] GC(369778)   region size 1024K, 3 young (3072K), 1 survivors (1024K)
[2020-12-23T04:26:50.924-0400][gc,heap        ] GC(369778)  Metaspace       used 61007K, capacity 63721K, committed 64768K, reserved 1107968K
[2020-12-23T04:26:50.924-0400][gc,heap        ] GC(369778)   class space    used 5712K, capacity 6559K, committed 6912K, reserved 1048576K
[2020-12-23T04:26:50.927-0400][gc,phases,start] GC(369778) Phase 1: Mark live objects
[2020-12-23T04:26:51.070-0400][gc,stringtable ] GC(369778) Cleaned string and symbol table, strings: 32200 processed, 0 removed, symbols: 131451 processed, 0 removed
[2020-12-23T04:26:51.070-0400][gc,phases      ] GC(369778) Phase 1: Mark live objects 143.891ms
[2020-12-23T04:26:51.070-0400][gc,phases,start] GC(369778) Phase 2: Prepare for compaction
[2020-12-23T04:26:51.101-0400][gc,phases      ] GC(369778) Phase 2: Prepare for compaction 30.912ms
[2020-12-23T04:26:51.101-0400][gc,phases,start] GC(369778) Phase 3: Adjust pointers
[2020-12-23T04:26:51.180-0400][gc,phases      ] GC(369778) Phase 3: Adjust pointers 78.373ms
[2020-12-23T04:26:51.180-0400][gc,phases,start] GC(369778) Phase 4: Compact heap
[2020-12-23T04:26:51.199-0400][gc,phases      ] GC(369778) Phase 4: Compact heap 19.000ms
[2020-12-23T04:26:51.234-0400][gc,heap        ] GC(369778) Eden regions: 2->0(10)
[2020-12-23T04:26:51.234-0400][gc,heap        ] GC(369778) Survivor regions: 1->0(2)
[2020-12-23T04:26:51.234-0400][gc,heap        ] GC(369778) Old regions: 47->46
[2020-12-23T04:26:51.234-0400][gc,heap        ] GC(369778) Humongous regions: 4->4
[2020-12-23T04:26:51.234-0400][gc,metaspace   ] GC(369778) Metaspace: 61007K->61007K(1107968K)
[2020-12-23T04:26:51.234-0400][gc,heap        ] GC(369778) Heap after GC invocations=369755 (full 10734): garbage-first heap   total 71680K, used 48472K [0x0000000083000000, 0x0000000100000000)
[2020-12-23T04:26:51.234-0400][gc,heap        ] GC(369778)   region size 1024K, 0 young (0K), 0 survivors (0K)
[2020-12-23T04:26:51.234-0400][gc,heap        ] GC(369778)  Metaspace       used 61007K, capacity 63721K, committed 64768K, reserved 1107968K
[2020-12-23T04:26:51.235-0400][gc,heap        ] GC(369778)   class space    used 5712K, capacity 6559K, committed 6912K, reserved 1048576K
[2020-12-23T04:26:51.235-0400][gc             ] GC(369778) Pause Full (System.gc()) 49M->47M(70M) 310.636ms
[2020-12-23T04:26:51.235-0400][gc,cpu         ] GC(369778) User=0.54s Sys=0.29s Real=0.31s
[2020-12-23T04:27:05.275-0400][gc,heap        ] GC(369779) Heap before GC invocations=369755 (full 10734): garbage-first heap   total 71680K, used 57688K [0x0000000083000000, 0x0000000100000000)
[2020-12-23T04:27:05.275-0400][gc,heap        ] GC(369779)   region size 1024K, 10 young (10240K), 0 survivors (0K)
[2020-12-23T04:27:05.275-0400][gc,heap        ] GC(369779)  Metaspace       used 61007K, capacity 63721K, committed 64768K, reserved 1107968K
[2020-12-23T04:27:05.275-0400][gc,heap        ] GC(369779)   class space    used 5712K, capacity 6559K, committed 6912K, reserved 1048576K
[2020-12-23T04:27:05.275-0400][gc,start       ] GC(369779) Pause Young (Normal) (G1 Evacuation Pause)
[2020-12-23T04:27:05.275-0400][gc,task        ] GC(369779) Using 4 workers of 4 for evacuation
[2020-12-23T04:27:05.280-0400][gc,phases      ] GC(369779)   Pre Evacuate Collection Set: 0.0ms
[2020-12-23T04:27:05.281-0400][gc,phases      ] GC(369779)   Evacuate Collection Set: 2.7ms
[2020-12-23T04:27:05.281-0400][gc,phases      ] GC(369779)   Post Evacuate Collection Set: 2.1ms
[2020-12-23T04:27:05.281-0400][gc,phases      ] GC(369779)   Other: 0.8ms
[2020-12-23T04:27:05.281-0400][gc,heap        ] GC(369779) Eden regions: 10->0(10)
[2020-12-23T04:27:05.281-0400][gc,heap        ] GC(369779) Survivor regions: 0->1(2)
[2020-12-23T04:27:05.281-0400][gc,heap        ] GC(369779) Old regions: 46->46
[2020-12-23T04:27:05.281-0400][gc,heap        ] GC(369779) Humongous regions: 4->4
[2020-12-23T04:27:05.281-0400][gc,metaspace   ] GC(369779) Metaspace: 61007K->61007K(1107968K)
[2020-12-23T04:27:05.281-0400][gc,heap        ] GC(369779) Heap after GC invocations=369756 (full 10734): garbage-first heap   total 71680K, used 48729K [0x0000000083000000, 0x0000000100000000)
[2020-12-23T04:27:05.281-0400][gc,heap        ] GC(369779)   region size 1024K, 1 young (1024K), 1 survivors (1024K)
[2020-12-23T04:27:05.281-0400][gc,heap        ] GC(369779)  Metaspace       used 61007K, capacity 63721K, committed 64768K, reserved 1107968K
[2020-12-23T04:27:05.281-0400][gc,heap        ] GC(369779)   class space    used 5712K, capacity 6559K, committed 6912K, reserved 1048576K
[2020-12-23T04:27:05.281-0400][gc             ] GC(369779) Pause Young (Normal) (G1 Evacuation Pause) 57M->47M(70M) 6.057ms
[2020-12-23T04:27:05.281-0400][gc,cpu         ] GC(369779) User=0.01s Sys=0.00s Real=0.01s
[2020-12-23T04:27:31.600-0400][gc,heap        ] GC(369780) Heap before GC invocations=369756 (full 10734): garbage-first heap   total 71680K, used 57945K [0x0000000083000000, 0x0000000100000000)
[2020-12-23T04:27:31.600-0400][gc,heap        ] GC(369780)   region size 1024K, 11 young (11264K), 1 survivors (1024K)
[2020-12-23T04:27:31.600-0400][gc,heap        ] GC(369780)  Metaspace       used 61007K, capacity 63721K, committed 64768K, reserved 1107968K
[2020-12-23T04:27:31.601-0400][gc,heap        ] GC(369780)   class space    used 5712K, capacity 6559K, committed 6912K, reserved 1048576K
[2020-12-23T04:27:31.601-0400][gc,start       ] GC(369780) Pause Young (Normal) (G1 Evacuation Pause)
[2020-12-23T04:27:31.601-0400][gc,task        ] GC(369780) Using 4 workers of 4 for evacuation
[2020-12-23T04:27:31.606-0400][gc,phases      ] GC(369780)   Pre Evacuate Collection Set: 0.0ms
[2020-12-23T04:27:31.606-0400][gc,phases      ] GC(369780)   Evacuate Collection Set: 3.3ms
[2020-12-23T04:27:31.606-0400][gc,phases      ] GC(369780)   Post Evacuate Collection Set: 1.7ms
[2020-12-23T04:27:31.607-0400][gc,phases      ] GC(369780)   Other: 0.9ms
[2020-12-23T04:27:31.607-0400][gc,heap        ] GC(369780) Eden regions: 10->0(10)
[2020-12-23T04:27:31.607-0400][gc,heap        ] GC(369780) Survivor regions: 1->1(2)
[2020-12-23T04:27:31.607-0400][gc,heap        ] GC(369780) Old regions: 46->46
[2020-12-23T04:27:31.607-0400][gc,heap        ] GC(369780) Humongous regions: 4->4
[2020-12-23T04:27:31.607-0400][gc,metaspace   ] GC(369780) Metaspace: 61007K->61007K(1107968K)
[2020-12-23T04:27:31.607-0400][gc,heap        ] GC(369780) Heap after GC invocations=369757 (full 10734): garbage-first heap   total 71680K, used 48801K [0x0000000083000000, 0x0000000100000000)
[2020-12-23T04:27:31.607-0400][gc,heap        ] GC(369780)   region size 1024K, 1 young (1024K), 1 survivors (1024K)
[2020-12-23T04:27:31.607-0400][gc,heap        ] GC(369780)  Metaspace       used 61007K, capacity 63721K, committed 64768K, reserved 1107968K
[2020-12-23T04:27:31.607-0400][gc,heap        ] GC(369780)   class space    used 5712K, capacity 6559K, committed 6912K, reserved 1048576K
[2020-12-23T04:27:31.607-0400][gc             ] GC(369780) Pause Young (Normal) (G1 Evacuation Pause) 57M->47M(70M) 6.339ms
[2020-12-23T04:27:31.607-0400][gc,cpu         ] GC(369780) User=0.00s Sys=0.01s Real=0.01s
[2020-12-23T04:28:01.559-0400][gc,heap        ] GC(369781) Heap before GC invocations=369757 (full 10734): garbage-first heap   total 71680K, used 58017K [0x0000000083000000, 0x0000000100000000)
[2020-12-23T04:28:01.559-0400][gc,heap        ] GC(369781)   region size 1024K, 11 young (11264K), 1 survivors (1024K)
[2020-12-23T04:28:01.559-0400][gc,heap        ] GC(369781)  Metaspace       used 61007K, capacity 63721K, committed 64768K, reserved 1107968K
[2020-12-23T04:28:01.559-0400][gc,heap        ] GC(369781)   class space    used 5712K, capacity 6559K, committed 6912K, reserved 1048576K
[2020-12-23T04:28:01.559-0400][gc,start       ] GC(369781) Pause Young (Normal) (G1 Evacuation Pause)
[2020-12-23T04:28:01.559-0400][gc,task        ] GC(369781) Using 4 workers of 4 for evacuation
[2020-12-23T04:28:01.565-0400][gc,phases      ] GC(369781)   Pre Evacuate Collection Set: 0.0ms
[2020-12-23T04:28:01.565-0400][gc,phases      ] GC(369781)   Evacuate Collection Set: 3.7ms
[2020-12-23T04:28:01.565-0400][gc,phases      ] GC(369781)   Post Evacuate Collection Set: 1.7ms
[2020-12-23T04:28:01.566-0400][gc,phases      ] GC(369781)   Other: 0.9ms
[2020-12-23T04:28:01.566-0400][gc,heap        ] GC(369781) Eden regions: 10->0(10)
[2020-12-23T04:28:01.566-0400][gc,heap        ] GC(369781) Survivor regions: 1->1(2)
[2020-12-23T04:28:01.566-0400][gc,heap        ] GC(369781) Old regions: 46->46
[2020-12-23T04:28:01.566-0400][gc,heap        ] GC(369781) Humongous regions: 4->4
[2020-12-23T04:28:01.566-0400][gc,metaspace   ] GC(369781) Metaspace: 61007K->61007K(1107968K)
[2020-12-23T04:28:01.566-0400][gc,heap        ] GC(369781) Heap after GC invocations=369758 (full 10734): garbage-first heap   total 71680K, used 48997K [0x0000000083000000, 0x0000000100000000)
[2020-12-23T04:28:01.566-0400][gc,heap        ] GC(369781)   region size 1024K, 1 young (1024K), 1 survivors (1024K)
[2020-12-23T04:28:01.566-0400][gc,heap        ] GC(369781)  Metaspace       used 61007K, capacity 63721K, committed 64768K, reserved 1107968K
[2020-12-23T04:28:01.566-0400][gc,heap        ] GC(369781)   class space    used 5712K, capacity 6559K, committed 6912K, reserved 1048576K
[2020-12-23T04:28:01.566-0400][gc             ] GC(369781) Pause Young (Normal) (G1 Evacuation Pause) 57M->47M(70M) 6.769ms
[2020-12-23T04:28:01.566-0400][gc,cpu         ] GC(369781) User=0.02s Sys=0.00s Real=0.01s
[2020-12-23T04:28:34.328-0400][gc,heap        ] GC(369782) Heap before GC invocations=369758 (full 10734): garbage-first heap   total 71680K, used 58213K [0x0000000083000000, 0x0000000100000000)
[2020-12-23T04:28:34.328-0400][gc,heap        ] GC(369782)   region size 1024K, 11 young (11264K), 1 survivors (1024K)
[2020-12-23T04:28:34.328-0400][gc,heap        ] GC(369782)  Metaspace       used 61007K, capacity 63721K, committed 64768K, reserved 1107968K
[2020-12-23T04:28:34.328-0400][gc,heap        ] GC(369782)   class space    used 5712K, capacity 6559K, committed 6912K, reserved 1048576K
[2020-12-23T04:28:34.329-0400][gc,start       ] GC(369782) Pause Young (Normal) (G1 Evacuation Pause)
[2020-12-23T04:28:34.329-0400][gc,task        ] GC(369782) Using 4 workers of 4 for evacuation
[2020-12-23T04:28:34.334-0400][gc,phases      ] GC(369782)   Pre Evacuate Collection Set: 0.0ms
[2020-12-23T04:28:34.335-0400][gc,phases      ] GC(369782)   Evacuate Collection Set: 3.6ms
[2020-12-23T04:28:34.335-0400][gc,phases      ] GC(369782)   Post Evacuate Collection Set: 1.6ms
[2020-12-23T04:28:34.335-0400][gc,phases      ] GC(369782)   Other: 0.9ms
[2020-12-23T04:28:34.335-0400][gc,heap        ] GC(369782) Eden regions: 10->0(10)
[2020-12-23T04:28:34.335-0400][gc,heap        ] GC(369782) Survivor regions: 1->1(2)
[2020-12-23T04:28:34.335-0400][gc,heap        ] GC(369782) Old regions: 46->46
[2020-12-23T04:28:34.335-0400][gc,heap        ] GC(369782) Humongous regions: 4->4
[2020-12-23T04:28:34.335-0400][gc,metaspace   ] GC(369782) Metaspace: 61007K->61007K(1107968K)
[2020-12-23T04:28:34.335-0400][gc,heap        ] GC(369782) Heap after GC invocations=369759 (full 10734): garbage-first heap   total 71680K, used 49008K [0x0000000083000000, 0x0000000100000000)
[2020-12-23T04:28:34.335-0400][gc,heap        ] GC(369782)   region size 1024K, 1 young (1024K), 1 survivors (1024K)
[2020-12-23T04:28:34.335-0400][gc,heap        ] GC(369782)  Metaspace       used 61007K, capacity 63721K, committed 64768K, reserved 1107968K
[2020-12-23T04:28:34.335-0400][gc,heap        ] GC(369782)   class space    used 5712K, capacity 6559K, committed 6912K, reserved 1048576K
[2020-12-23T04:28:34.335-0400][gc             ] GC(369782) Pause Young (Normal) (G1 Evacuation Pause) 57M->47M(70M) 6.546ms
[2020-12-23T04:28:34.335-0400][gc,cpu         ] GC(369782) User=0.01s Sys=0.01s Real=0.00s
[2020-12-23T04:29:04.294-0400][gc,heap        ] GC(369783) Heap before GC invocations=369759 (full 10734): garbage-first heap   total 71680K, used 58224K [0x0000000083000000, 0x0000000100000000)
[2020-12-23T04:29:04.294-0400][gc,heap        ] GC(369783)   region size 1024K, 11 young (11264K), 1 survivors (1024K)
[2020-12-23T04:29:04.294-0400][gc,heap        ] GC(369783)  Metaspace       used 61007K, capacity 63721K, committed 64768K, reserved 1107968K
[2020-12-23T04:29:04.294-0400][gc,heap        ] GC(369783)   class space    used 5712K, capacity 6559K, committed 6912K, reserved 1048576K
[2020-12-23T04:29:04.294-0400][gc,start       ] GC(369783) Pause Young (Normal) (G1 Evacuation Pause)
[2020-12-23T04:29:04.294-0400][gc,task        ] GC(369783) Using 4 workers of 4 for evacuation
[2020-12-23T04:29:04.300-0400][gc,phases      ] GC(369783)   Pre Evacuate Collection Set: 0.0ms
[2020-12-23T04:29:04.300-0400][gc,phases      ] GC(369783)   Evacuate Collection Set: 4.2ms
[2020-12-23T04:29:04.300-0400][gc,phases      ] GC(369783)   Post Evacuate Collection Set: 1.6ms
[2020-12-23T04:29:04.300-0400][gc,phases      ] GC(369783)   Other: 0.9ms
[2020-12-23T04:29:04.300-0400][gc,heap        ] GC(369783) Eden regions: 10->0(10)
[2020-12-23T04:29:04.301-0400][gc,heap        ] GC(369783) Survivor regions: 1->1(2)
[2020-12-23T04:29:04.301-0400][gc,heap        ] GC(369783) Old regions: 46->46
[2020-12-23T04:29:04.301-0400][gc,heap        ] GC(369783) Humongous regions: 4->4
[2020-12-23T04:29:04.301-0400][gc,metaspace   ] GC(369783) Metaspace: 61007K->61007K(1107968K)
[2020-12-23T04:29:04.301-0400][gc,heap        ] GC(369783) Heap after GC invocations=369760 (full 10734): garbage-first heap   total 71680K, used 49129K [0x0000000083000000, 0x0000000100000000)
[2020-12-23T04:29:04.301-0400][gc,heap        ] GC(369783)   region size 1024K, 1 young (1024K), 1 survivors (1024K)
[2020-12-23T04:29:04.301-0400][gc,heap        ] GC(369783)  Metaspace       used 61007K, capacity 63721K, committed 64768K, reserved 1107968K
[2020-12-23T04:29:04.301-0400][gc,heap        ] GC(369783)   class space    used 5712K, capacity 6559K, committed 6912K, reserved 1048576K
[2020-12-23T04:29:04.301-0400][gc             ] GC(369783) Pause Young (Normal) (G1 Evacuation Pause) 57M->47M(70M) 7.108ms
[2020-12-23T04:29:04.301-0400][gc,cpu         ] GC(369783) User=0.01s Sys=0.01s Real=0.01s
[2020-12-23T04:29:40.806-0400][gc,heap        ] GC(369784) Heap before GC invocations=369760 (full 10734): garbage-first heap   total 71680K, used 58345K [0x0000000083000000, 0x0000000100000000)
[2020-12-23T04:29:40.806-0400][gc,heap        ] GC(369784)   region size 1024K, 11 young (11264K), 1 survivors (1024K)
[2020-12-23T04:29:40.806-0400][gc,heap        ] GC(369784)  Metaspace       used 61007K, capacity 63721K, committed 64768K, reserved 1107968K
[2020-12-23T04:29:40.806-0400][gc,heap        ] GC(369784)   class space    used 5712K, capacity 6559K, committed 6912K, reserved 1048576K
[2020-12-23T04:29:40.806-0400][gc,start       ] GC(369784) Pause Young (Normal) (G1 Evacuation Pause)
[2020-12-23T04:29:40.806-0400][gc,task        ] GC(369784) Using 4 workers of 4 for evacuation
[2020-12-23T04:29:40.812-0400][gc,phases      ] GC(369784)   Pre Evacuate Collection Set: 0.0ms
[2020-12-23T04:29:40.812-0400][gc,phases      ] GC(369784)   Evacuate Collection Set: 3.5ms
[2020-12-23T04:29:40.812-0400][gc,phases      ] GC(369784)   Post Evacuate Collection Set: 1.6ms
[2020-12-23T04:29:40.812-0400][gc,phases      ] GC(369784)   Other: 0.8ms
[2020-12-23T04:29:40.812-0400][gc,heap        ] GC(369784) Eden regions: 10->0(10)
[2020-12-23T04:29:40.812-0400][gc,heap        ] GC(369784) Survivor regions: 1->1(2)
[2020-12-23T04:29:40.812-0400][gc,heap        ] GC(369784) Old regions: 46->46
[2020-12-23T04:29:40.812-0400][gc,heap        ] GC(369784) Humongous regions: 4->4
[2020-12-23T04:29:40.812-0400][gc,metaspace   ] GC(369784) Metaspace: 61007K->61007K(1107968K)
[2020-12-23T04:29:40.812-0400][gc,heap        ] GC(369784) Heap after GC invocations=369761 (full 10734): garbage-first heap   total 71680K, used 48975K [0x0000000083000000, 0x0000000100000000)
[2020-12-23T04:29:40.812-0400][gc,heap        ] GC(369784)   region size 1024K, 1 young (1024K), 1 survivors (1024K)
[2020-12-23T04:29:40.812-0400][gc,heap        ] GC(369784)  Metaspace       used 61007K, capacity 63721K, committed 64768K, reserved 1107968K
[2020-12-23T04:29:40.812-0400][gc,heap        ] GC(369784)   class space    used 5712K, capacity 6559K, committed 6912K, reserved 1048576K
[2020-12-23T04:29:40.812-0400][gc             ] GC(369784) Pause Young (Normal) (G1 Evacuation Pause) 57M->47M(70M) 6.311ms
[2020-12-23T04:29:40.813-0400][gc,cpu         ] GC(369784) User=0.01s Sys=0.01s Real=0.00s
[2020-12-23T04:30:04.928-0400][gc,heap        ] GC(369785) Heap before GC invocations=369761 (full 10734): garbage-first heap   total 71680K, used 58191K [0x0000000083000000, 0x0000000100000000)
[2020-12-23T04:30:04.928-0400][gc,heap        ] GC(369785)   region size 1024K, 11 young (11264K), 1 survivors (1024K)
[2020-12-23T04:30:04.929-0400][gc,heap        ] GC(369785)  Metaspace       used 61007K, capacity 63721K, committed 64768K, reserved 1107968K
[2020-12-23T04:30:04.929-0400][gc,heap        ] GC(369785)   class space    used 5712K, capacity 6559K, committed 6912K, reserved 1048576K
[2020-12-23T04:30:04.929-0400][gc,start       ] GC(369785) Pause Young (Normal) (G1 Evacuation Pause)
[2020-12-23T04:30:04.929-0400][gc,task        ] GC(369785) Using 4 workers of 4 for evacuation
[2020-12-23T04:30:04.934-0400][gc,phases      ] GC(369785)   Pre Evacuate Collection Set: 0.0ms
[2020-12-23T04:30:04.934-0400][gc,phases      ] GC(369785)   Evacuate Collection Set: 3.6ms
[2020-12-23T04:30:04.934-0400][gc,phases      ] GC(369785)   Post Evacuate Collection Set: 1.5ms
[2020-12-23T04:30:04.935-0400][gc,phases      ] GC(369785)   Other: 0.8ms
[2020-12-23T04:30:04.935-0400][gc,heap        ] GC(369785) Eden regions: 10->0(10)
[2020-12-23T04:30:04.935-0400][gc,heap        ] GC(369785) Survivor regions: 1->1(2)
[2020-12-23T04:30:04.935-0400][gc,heap        ] GC(369785) Old regions: 46->46
[2020-12-23T04:30:04.935-0400][gc,heap        ] GC(369785) Humongous regions: 4->4
[2020-12-23T04:30:04.935-0400][gc,metaspace   ] GC(369785) Metaspace: 61007K->61007K(1107968K)
[2020-12-23T04:30:04.935-0400][gc,heap        ] GC(369785) Heap after GC invocations=369762 (full 10734): garbage-first heap   total 71680K, used 48932K [0x0000000083000000, 0x0000000100000000)
[2020-12-23T04:30:04.935-0400][gc,heap        ] GC(369785)   region size 1024K, 1 young (1024K), 1 survivors (1024K)
[2020-12-23T04:30:04.935-0400][gc,heap        ] GC(369785)  Metaspace       used 61007K, capacity 63721K, committed 64768K, reserved 1107968K
[2020-12-23T04:30:04.935-0400][gc,heap        ] GC(369785)   class space    used 5712K, capacity 6559K, committed 6912K, reserved 1048576K
[2020-12-23T04:30:04.935-0400][gc             ] GC(369785) Pause Young (Normal) (G1 Evacuation Pause) 57M->47M(70M) 6.433ms
[2020-12-23T04:30:04.935-0400][gc,cpu         ] GC(369785) User=0.01s Sys=0.01s Real=0.00s
[2020-12-23T04:30:34.680-0400][gc,heap        ] GC(369786) Heap before GC invocations=369762 (full 10734): garbage-first heap   total 71680K, used 58148K [0x0000000083000000, 0x0000000100000000)
[2020-12-23T04:30:34.680-0400][gc,heap        ] GC(369786)   region size 1024K, 11 young (11264K), 1 survivors (1024K)
[2020-12-23T04:30:34.680-0400][gc,heap        ] GC(369786)  Metaspace       used 61007K, capacity 63721K, committed 64768K, reserved 1107968K
[2020-12-23T04:30:34.680-0400][gc,heap        ] GC(369786)   class space    used 5712K, capacity 6559K, committed 6912K, reserved 1048576K
[2020-12-23T04:30:34.680-0400][gc,start       ] GC(369786) Pause Young (Normal) (G1 Evacuation Pause)
[2020-12-23T04:30:34.680-0400][gc,task        ] GC(369786) Using 4 workers of 4 for evacuation
[2020-12-23T04:30:34.686-0400][gc,phases      ] GC(369786)   Pre Evacuate Collection Set: 0.0ms
[2020-12-23T04:30:34.686-0400][gc,phases      ] GC(369786)   Evacuate Collection Set: 3.2ms
[2020-12-23T04:30:34.686-0400][gc,phases      ] GC(369786)   Post Evacuate Collection Set: 1.6ms
[2020-12-23T04:30:34.686-0400][gc,phases      ] GC(369786)   Other: 0.8ms
[2020-12-23T04:30:34.686-0400][gc,heap        ] GC(369786) Eden regions: 10->0(10)
[2020-12-23T04:30:34.686-0400][gc,heap        ] GC(369786) Survivor regions: 1->1(2)
[2020-12-23T04:30:34.686-0400][gc,heap        ] GC(369786) Old regions: 46->46
[2020-12-23T04:30:34.686-0400][gc,heap        ] GC(369786) Humongous regions: 4->4
[2020-12-23T04:30:34.686-0400][gc,metaspace   ] GC(369786) Metaspace: 61007K->61007K(1107968K)
[2020-12-23T04:30:34.686-0400][gc,heap        ] GC(369786) Heap after GC invocations=369763 (full 10734): garbage-first heap   total 71680K, used 48914K [0x0000000083000000, 0x0000000100000000)
[2020-12-23T04:30:34.686-0400][gc,heap        ] GC(369786)   region size 1024K, 1 young (1024K), 1 survivors (1024K)
[2020-12-23T04:30:34.686-0400][gc,heap        ] GC(369786)  Metaspace       used 61007K, capacity 63721K, committed 64768K, reserved 1107968K
[2020-12-23T04:30:34.686-0400][gc,heap        ] GC(369786)   class space    used 5712K, capacity 6559K, committed 6912K, reserved 1048576K
[2020-12-23T04:30:34.686-0400][gc             ] GC(369786) Pause Young (Normal) (G1 Evacuation Pause) 57M->47M(70M) 6.026ms
[2020-12-23T04:30:34.687-0400][gc,cpu         ] GC(369786) User=0.02s Sys=0.00s Real=0.01s
[2020-12-23T04:31:05.575-0400][gc,heap        ] GC(369787) Heap before GC invocations=369763 (full 10734): garbage-first heap   total 71680K, used 59154K [0x0000000083000000, 0x0000000100000000)
[2020-12-23T04:31:05.576-0400][gc,heap        ] GC(369787)   region size 1024K, 11 young (11264K), 1 survivors (1024K)
[2020-12-23T04:31:05.576-0400][gc,heap        ] GC(369787)  Metaspace       used 61007K, capacity 63721K, committed 64768K, reserved 1107968K
[2020-12-23T04:31:05.576-0400][gc,heap        ] GC(369787)   class space    used 5712K, capacity 6559K, committed 6912K, reserved 1048576K
[2020-12-23T04:31:05.576-0400][gc,start       ] GC(369787) Pause Young (Normal) (G1 Evacuation Pause)
[2020-12-23T04:31:05.576-0400][gc,task        ] GC(369787) Using 4 workers of 4 for evacuation
[2020-12-23T04:31:05.582-0400][gc,phases      ] GC(369787)   Pre Evacuate Collection Set: 0.0ms
[2020-12-23T04:31:05.582-0400][gc,phases      ] GC(369787)   Evacuate Collection Set: 3.9ms
[2020-12-23T04:31:05.582-0400][gc,phases      ] GC(369787)   Post Evacuate Collection Set: 1.6ms
[2020-12-23T04:31:05.582-0400][gc,phases      ] GC(369787)   Other: 1.0ms
[2020-12-23T04:31:05.582-0400][gc,heap        ] GC(369787) Eden regions: 10->0(10)
[2020-12-23T04:31:05.582-0400][gc,heap        ] GC(369787) Survivor regions: 1->1(2)
[2020-12-23T04:31:05.582-0400][gc,heap        ] GC(369787) Old regions: 46->46
[2020-12-23T04:31:05.582-0400][gc,heap        ] GC(369787) Humongous regions: 4->4
[2020-12-23T04:31:05.582-0400][gc,metaspace   ] GC(369787) Metaspace: 61007K->61007K(1107968K)
[2020-12-23T04:31:05.582-0400][gc,heap        ] GC(369787) Heap after GC invocations=369764 (full 10734): garbage-first heap   total 71680K, used 49096K [0x0000000083000000, 0x0000000100000000)
[2020-12-23T04:31:05.583-0400][gc,heap        ] GC(369787)   region size 1024K, 1 young (1024K), 1 survivors (1024K)
[2020-12-23T04:31:05.583-0400][gc,heap        ] GC(369787)  Metaspace       used 61007K, capacity 63721K, committed 64768K, reserved 1107968K
[2020-12-23T04:31:05.583-0400][gc,heap        ] GC(369787)   class space    used 5712K, capacity 6559K, committed 6912K, reserved 1048576K
[2020-12-23T04:31:05.583-0400][gc             ] GC(369787) Pause Young (Normal) (G1 Evacuation Pause) 57M->47M(70M) 6.844ms
[2020-12-23T04:31:05.583-0400][gc,cpu         ] GC(369787) User=0.02s Sys=0.01s Real=0.00s
[2020-12-23T04:31:40.700-0400][gc,heap        ] GC(369788) Heap before GC invocations=369764 (full 10734): garbage-first heap   total 71680K, used 58312K [0x0000000083000000, 0x0000000100000000)
[2020-12-23T04:31:40.701-0400][gc,heap        ] GC(369788)   region size 1024K, 11 young (11264K), 1 survivors (1024K)
[2020-12-23T04:31:40.701-0400][gc,heap        ] GC(369788)  Metaspace       used 61007K, capacity 63721K, committed 64768K, reserved 1107968K
[2020-12-23T04:31:40.701-0400][gc,heap        ] GC(369788)   class space    used 5712K, capacity 6559K, committed 6912K, reserved 1048576K
[2020-12-23T04:31:40.701-0400][gc,start       ] GC(369788) Pause Young (Normal) (G1 Evacuation Pause)
[2020-12-23T04:31:40.701-0400][gc,task        ] GC(369788) Using 4 workers of 4 for evacuation
[2020-12-23T04:31:40.707-0400][gc,phases      ] GC(369788)   Pre Evacuate Collection Set: 0.0ms
[2020-12-23T04:31:40.707-0400][gc,phases      ] GC(369788)   Evacuate Collection Set: 3.7ms
[2020-12-23T04:31:40.707-0400][gc,phases      ] GC(369788)   Post Evacuate Collection Set: 1.6ms
[2020-12-23T04:31:40.707-0400][gc,phases      ] GC(369788)   Other: 0.9ms
[2020-12-23T04:31:40.707-0400][gc,heap        ] GC(369788) Eden regions: 10->0(10)
[2020-12-23T04:31:40.707-0400][gc,heap        ] GC(369788) Survivor regions: 1->1(2)
[2020-12-23T04:31:40.707-0400][gc,heap        ] GC(369788) Old regions: 46->46
[2020-12-23T04:31:40.707-0400][gc,heap        ] GC(369788) Humongous regions: 4->4
[2020-12-23T04:31:40.707-0400][gc,metaspace   ] GC(369788) Metaspace: 61007K->61007K(1107968K)
[2020-12-23T04:31:40.707-0400][gc,heap        ] GC(369788) Heap after GC invocations=369765 (full 10734): garbage-first heap   total 71680K, used 49071K [0x0000000083000000, 0x0000000100000000)
[2020-12-23T04:31:40.707-0400][gc,heap        ] GC(369788)   region size 1024K, 1 young (1024K), 1 survivors (1024K)
[2020-12-23T04:31:40.707-0400][gc,heap        ] GC(369788)  Metaspace       used 61007K, capacity 63721K, committed 64768K, reserved 1107968K
[2020-12-23T04:31:40.707-0400][gc,heap        ] GC(369788)   class space    used 5712K, capacity 6559K, committed 6912K, reserved 1048576K
[2020-12-23T04:31:40.707-0400][gc             ] GC(369788) Pause Young (Normal) (G1 Evacuation Pause) 57M->47M(70M) 6.506ms
[2020-12-23T04:31:40.708-0400][gc,cpu         ] GC(369788) User=0.01s Sys=0.00s Real=0.01s
[2020-12-23T04:31:50.923-0400][gc,task        ] GC(369789) Using 3 workers of 4 for full compaction
[2020-12-23T04:31:50.924-0400][gc,start       ] GC(369789) Pause Full (System.gc())
[2020-12-23T04:31:50.924-0400][gc,heap        ] GC(369789) Heap before GC invocations=369765 (full 10734): garbage-first heap   total 71680K, used 51119K [0x0000000083000000, 0x0000000100000000)
[2020-12-23T04:31:50.924-0400][gc,heap        ] GC(369789)   region size 1024K, 4 young (4096K), 1 survivors (1024K)
[2020-12-23T04:31:50.924-0400][gc,heap        ] GC(369789)  Metaspace       used 61007K, capacity 63721K, committed 64768K, reserved 1107968K
[2020-12-23T04:31:50.924-0400][gc,heap        ] GC(369789)   class space    used 5712K, capacity 6559K, committed 6912K, reserved 1048576K
[2020-12-23T04:31:50.926-0400][gc,phases,start] GC(369789) Phase 1: Mark live objects
[2020-12-23T04:31:51.072-0400][gc,stringtable ] GC(369789) Cleaned string and symbol table, strings: 32200 processed, 0 removed, symbols: 131451 processed, 0 removed
[2020-12-23T04:31:51.072-0400][gc,phases      ] GC(369789) Phase 1: Mark live objects 145.991ms
[2020-12-23T04:31:51.072-0400][gc,phases,start] GC(369789) Phase 2: Prepare for compaction
[2020-12-23T04:31:51.102-0400][gc,phases      ] GC(369789) Phase 2: Prepare for compaction 29.466ms
[2020-12-23T04:31:51.102-0400][gc,phases,start] GC(369789) Phase 3: Adjust pointers
[2020-12-23T04:31:51.187-0400][gc,phases      ] GC(369789) Phase 3: Adjust pointers 85.541ms
[2020-12-23T04:31:51.188-0400][gc,phases,start] GC(369789) Phase 4: Compact heap
[2020-12-23T04:31:51.208-0400][gc,phases      ] GC(369789) Phase 4: Compact heap 20.198ms
[2020-12-23T04:31:51.244-0400][gc,heap        ] GC(369789) Eden regions: 3->0(11)
[2020-12-23T04:31:51.244-0400][gc,heap        ] GC(369789) Survivor regions: 1->0(2)
[2020-12-23T04:31:51.244-0400][gc,heap        ] GC(369789) Old regions: 46->46
[2020-12-23T04:31:51.244-0400][gc,heap        ] GC(369789) Humongous regions: 4->4
[2020-12-23T04:31:51.244-0400][gc,metaspace   ] GC(369789) Metaspace: 61007K->61007K(1107968K)
[2020-12-23T04:31:51.244-0400][gc,heap        ] GC(369789) Heap after GC invocations=369766 (full 10735): garbage-first heap   total 71680K, used 48441K [0x0000000083000000, 0x0000000100000000)
[2020-12-23T04:31:51.244-0400][gc,heap        ] GC(369789)   region size 1024K, 0 young (0K), 0 survivors (0K)
[2020-12-23T04:31:51.244-0400][gc,heap        ] GC(369789)  Metaspace       used 61007K, capacity 63721K, committed 64768K, reserved 1107968K
[2020-12-23T04:31:51.244-0400][gc,heap        ] GC(369789)   class space    used 5712K, capacity 6559K, committed 6912K, reserved 1048576K
[2020-12-23T04:31:51.244-0400][gc             ] GC(369789) Pause Full (System.gc()) 49M->47M(70M) 320.606ms
[2020-12-23T04:31:51.244-0400][gc,cpu         ] GC(369789) User=0.86s Sys=0.00s Real=0.32s
[2020-12-23T04:32:20.092-0400][gc,heap        ] GC(369790) Heap before GC invocations=369766 (full 10735): garbage-first heap   total 71680K, used 59705K [0x0000000083000000, 0x0000000100000000)
[2020-12-23T04:32:20.092-0400][gc,heap        ] GC(369790)   region size 1024K, 11 young (11264K), 0 survivors (0K)
[2020-12-23T04:32:20.092-0400][gc,heap        ] GC(369790)  Metaspace       used 61007K, capacity 63721K, committed 64768K, reserved 1107968K
[2020-12-23T04:32:20.092-0400][gc,heap        ] GC(369790)   class space    used 5712K, capacity 6559K, committed 6912K, reserved 1048576K
[2020-12-23T04:32:20.093-0400][gc,start       ] GC(369790) Pause Young (Normal) (G1 Evacuation Pause)
[2020-12-23T04:32:20.093-0400][gc,task        ] GC(369790) Using 4 workers of 4 for evacuation
[2020-12-23T04:32:20.098-0400][gc,phases      ] GC(369790)   Pre Evacuate Collection Set: 0.0ms
[2020-12-23T04:32:20.098-0400][gc,phases      ] GC(369790)   Evacuate Collection Set: 3.2ms
[2020-12-23T04:32:20.098-0400][gc,phases      ] GC(369790)   Post Evacuate Collection Set: 1.8ms
[2020-12-23T04:32:20.098-0400][gc,phases      ] GC(369790)   Other: 0.9ms
[2020-12-23T04:32:20.098-0400][gc,heap        ] GC(369790) Eden regions: 11->0(10)
[2020-12-23T04:32:20.098-0400][gc,heap        ] GC(369790) Survivor regions: 0->1(2)
[2020-12-23T04:32:20.098-0400][gc,heap        ] GC(369790) Old regions: 46->46
[2020-12-23T04:32:20.098-0400][gc,heap        ] GC(369790) Humongous regions: 4->4
[2020-12-23T04:32:20.099-0400][gc,metaspace   ] GC(369790) Metaspace: 61007K->61007K(1107968K)
[2020-12-23T04:32:20.099-0400][gc,heap        ] GC(369790) Heap after GC invocations=369767 (full 10735): garbage-first heap   total 71680K, used 48790K [0x0000000083000000, 0x0000000100000000)
[2020-12-23T04:32:20.099-0400][gc,heap        ] GC(369790)   region size 1024K, 1 young (1024K), 1 survivors (1024K)
[2020-12-23T04:32:20.099-0400][gc,heap        ] GC(369790)  Metaspace       used 61007K, capacity 63721K, committed 64768K, reserved 1107968K
[2020-12-23T04:32:20.099-0400][gc,heap        ] GC(369790)   class space    used 5712K, capacity 6559K, committed 6912K, reserved 1048576K
[2020-12-23T04:32:20.099-0400][gc             ] GC(369790) Pause Young (Normal) (G1 Evacuation Pause) 58M->47M(70M) 6.330ms
[2020-12-23T04:32:20.099-0400][gc,cpu         ] GC(369790) User=0.01s Sys=0.01s Real=0.01s
[2020-12-23T04:32:46.810-0400][gc,heap        ] GC(369791) Heap before GC invocations=369767 (full 10735): garbage-first heap   total 71680K, used 59030K [0x0000000083000000, 0x0000000100000000)
[2020-12-23T04:32:46.810-0400][gc,heap        ] GC(369791)   region size 1024K, 11 young (11264K), 1 survivors (1024K)
[2020-12-23T04:32:46.811-0400][gc,heap        ] GC(369791)  Metaspace       used 61007K, capacity 63721K, committed 64768K, reserved 1107968K
[2020-12-23T04:32:46.811-0400][gc,heap        ] GC(369791)   class space    used 5712K, capacity 6559K, committed 6912K, reserved 1048576K
[2020-12-23T04:32:46.811-0400][gc,start       ] GC(369791) Pause Young (Normal) (G1 Evacuation Pause)
[2020-12-23T04:32:46.811-0400][gc,task        ] GC(369791) Using 4 workers of 4 for evacuation
[2020-12-23T04:32:46.817-0400][gc,phases      ] GC(369791)   Pre Evacuate Collection Set: 0.0ms
[2020-12-23T04:32:46.817-0400][gc,phases      ] GC(369791)   Evacuate Collection Set: 3.7ms
[2020-12-23T04:32:46.817-0400][gc,phases      ] GC(369791)   Post Evacuate Collection Set: 1.8ms
[2020-12-23T04:32:46.817-0400][gc,phases      ] GC(369791)   Other: 0.9ms
[2020-12-23T04:32:46.817-0400][gc,heap        ] GC(369791) Eden regions: 10->0(10)
[2020-12-23T04:32:46.817-0400][gc,heap        ] GC(369791) Survivor regions: 1->1(2)
[2020-12-23T04:32:46.817-0400][gc,heap        ] GC(369791) Old regions: 46->46
[2020-12-23T04:32:46.817-0400][gc,heap        ] GC(369791) Humongous regions: 4->4
[2020-12-23T04:32:46.817-0400][gc,metaspace   ] GC(369791) Metaspace: 61007K->61007K(1107968K)
[2020-12-23T04:32:46.817-0400][gc,heap        ] GC(369791) Heap after GC invocations=369768 (full 10735): garbage-first heap   total 71680K, used 48804K [0x0000000083000000, 0x0000000100000000)
[2020-12-23T04:32:46.817-0400][gc,heap        ] GC(369791)   region size 1024K, 1 young (1024K), 1 survivors (1024K)
[2020-12-23T04:32:46.817-0400][gc,heap        ] GC(369791)  Metaspace       used 61007K, capacity 63721K, committed 64768K, reserved 1107968K
[2020-12-23T04:32:46.817-0400][gc,heap        ] GC(369791)   class space    used 5712K, capacity 6559K, committed 6912K, reserved 1048576K
[2020-12-23T04:32:46.817-0400][gc             ] GC(369791) Pause Young (Normal) (G1 Evacuation Pause) 57M->47M(70M) 6.696ms
[2020-12-23T04:32:46.818-0400][gc,cpu         ] GC(369791) User=0.01s Sys=0.00s Real=0.01s
[2020-12-23T04:33:17.158-0400][gc,heap        ] GC(369792) Heap before GC invocations=369768 (full 10735): garbage-first heap   total 71680K, used 58020K [0x0000000083000000, 0x0000000100000000)
[2020-12-23T04:33:17.158-0400][gc,heap        ] GC(369792)   region size 1024K, 11 young (11264K), 1 survivors (1024K)
[2020-12-23T04:33:17.158-0400][gc,heap        ] GC(369792)  Metaspace       used 61007K, capacity 63721K, committed 64768K, reserved 1107968K
[2020-12-23T04:33:17.158-0400][gc,heap        ] GC(369792)   class space    used 5712K, capacity 6559K, committed 6912K, reserved 1048576K
[2020-12-23T04:33:17.158-0400][gc,start       ] GC(369792) Pause Young (Normal) (G1 Evacuation Pause)
[2020-12-23T04:33:17.158-0400][gc,task        ] GC(369792) Using 4 workers of 4 for evacuation
[2020-12-23T04:33:17.167-0400][gc,phases      ] GC(369792)   Pre Evacuate Collection Set: 0.0ms
[2020-12-23T04:33:17.167-0400][gc,phases      ] GC(369792)   Evacuate Collection Set: 5.8ms
[2020-12-23T04:33:17.167-0400][gc,phases      ] GC(369792)   Post Evacuate Collection Set: 2.2ms
[2020-12-23T04:33:17.167-0400][gc,phases      ] GC(369792)   Other: 1.2ms
[2020-12-23T04:33:17.167-0400][gc,heap        ] GC(369792) Eden regions: 10->0(10)
[2020-12-23T04:33:17.167-0400][gc,heap        ] GC(369792) Survivor regions: 1->1(2)
[2020-12-23T04:33:17.167-0400][gc,heap        ] GC(369792) Old regions: 46->46
[2020-12-23T04:33:17.167-0400][gc,heap        ] GC(369792) Humongous regions: 4->4
[2020-12-23T04:33:17.167-0400][gc,metaspace   ] GC(369792) Metaspace: 61007K->61007K(1107968K)
[2020-12-23T04:33:17.167-0400][gc,heap        ] GC(369792) Heap after GC invocations=369769 (full 10735): garbage-first heap   total 71680K, used 48966K [0x0000000083000000, 0x0000000100000000)
[2020-12-23T04:33:17.167-0400][gc,heap        ] GC(369792)   region size 1024K, 1 young (1024K), 1 survivors (1024K)
[2020-12-23T04:33:17.167-0400][gc,heap        ] GC(369792)  Metaspace       used 61007K, capacity 63721K, committed 64768K, reserved 1107968K
[2020-12-23T04:33:17.167-0400][gc,heap        ] GC(369792)   class space    used 5712K, capacity 6559K, committed 6912K, reserved 1048576K
[2020-12-23T04:33:17.168-0400][gc             ] GC(369792) Pause Young (Normal) (G1 Evacuation Pause) 57M->47M(70M) 9.412ms
[2020-12-23T04:33:17.168-0400][gc,cpu         ] GC(369792) User=0.02s Sys=0.00s Real=0.01s
[2020-12-23T04:33:57.392-0400][gc,heap        ] GC(369793) Heap before GC invocations=369769 (full 10735): garbage-first heap   total 71680K, used 58182K [0x0000000083000000, 0x0000000100000000)
[2020-12-23T04:33:57.392-0400][gc,heap        ] GC(369793)   region size 1024K, 11 young (11264K), 1 survivors (1024K)
[2020-12-23T04:33:57.392-0400][gc,heap        ] GC(369793)  Metaspace       used 61007K, capacity 63721K, committed 64768K, reserved 1107968K
[2020-12-23T04:33:57.392-0400][gc,heap        ] GC(369793)   class space    used 5712K, capacity 6559K, committed 6912K, reserved 1048576K
[2020-12-23T04:33:57.392-0400][gc,start       ] GC(369793) Pause Young (Normal) (G1 Evacuation Pause)
[2020-12-23T04:33:57.392-0400][gc,task        ] GC(369793) Using 4 workers of 4 for evacuation
[2020-12-23T04:33:57.398-0400][gc,phases      ] GC(369793)   Pre Evacuate Collection Set: 0.0ms
[2020-12-23T04:33:57.398-0400][gc,phases      ] GC(369793)   Evacuate Collection Set: 3.7ms
[2020-12-23T04:33:57.398-0400][gc,phases      ] GC(369793)   Post Evacuate Collection Set: 1.5ms
[2020-12-23T04:33:57.398-0400][gc,phases      ] GC(369793)   Other: 0.8ms
[2020-12-23T04:33:57.398-0400][gc,heap        ] GC(369793) Eden regions: 10->0(10)
[2020-12-23T04:33:57.398-0400][gc,heap        ] GC(369793) Survivor regions: 1->1(2)
[2020-12-23T04:33:57.398-0400][gc,heap        ] GC(369793) Old regions: 46->46
[2020-12-23T04:33:57.398-0400][gc,heap        ] GC(369793) Humongous regions: 4->4
[2020-12-23T04:33:57.398-0400][gc,metaspace   ] GC(369793) Metaspace: 61007K->61007K(1107968K)
[2020-12-23T04:33:57.399-0400][gc,heap        ] GC(369793) Heap after GC invocations=369770 (full 10735): garbage-first heap   total 71680K, used 48974K [0x0000000083000000, 0x0000000100000000)
[2020-12-23T04:33:57.399-0400][gc,heap        ] GC(369793)   region size 1024K, 1 young (1024K), 1 survivors (1024K)
[2020-12-23T04:33:57.399-0400][gc,heap        ] GC(369793)  Metaspace       used 61007K, capacity 63721K, committed 64768K, reserved 1107968K
[2020-12-23T04:33:57.399-0400][gc,heap        ] GC(369793)   class space    used 5712K, capacity 6559K, committed 6912K, reserved 1048576K
[2020-12-23T04:33:57.399-0400][gc             ] GC(369793) Pause Young (Normal) (G1 Evacuation Pause) 57M->47M(70M) 6.536ms
[2020-12-23T04:33:57.399-0400][gc,cpu         ] GC(369793) User=0.01s Sys=0.01s Real=0.01s
[2020-12-23T04:34:22.873-0400][gc,heap        ] GC(369794) Heap before GC invocations=369770 (full 10735): garbage-first heap   total 71680K, used 59214K [0x0000000083000000, 0x0000000100000000)
[2020-12-23T04:34:22.873-0400][gc,heap        ] GC(369794)   region size 1024K, 11 young (11264K), 1 survivors (1024K)
[2020-12-23T04:34:22.873-0400][gc,heap        ] GC(369794)  Metaspace       used 61007K, capacity 63721K, committed 64768K, reserved 1107968K
[2020-12-23T04:34:22.873-0400][gc,heap        ] GC(369794)   class space    used 5712K, capacity 6559K, committed 6912K, reserved 1048576K
[2020-12-23T04:34:22.873-0400][gc,start       ] GC(369794) Pause Young (Normal) (G1 Evacuation Pause)
[2020-12-23T04:34:22.874-0400][gc,task        ] GC(369794) Using 4 workers of 4 for evacuation
[2020-12-23T04:34:22.880-0400][gc,phases      ] GC(369794)   Pre Evacuate Collection Set: 0.0ms
[2020-12-23T04:34:22.880-0400][gc,phases      ] GC(369794)   Evacuate Collection Set: 3.8ms
[2020-12-23T04:34:22.880-0400][gc,phases      ] GC(369794)   Post Evacuate Collection Set: 1.7ms
[2020-12-23T04:34:22.880-0400][gc,phases      ] GC(369794)   Other: 1.0ms
[2020-12-23T04:34:22.880-0400][gc,heap        ] GC(369794) Eden regions: 10->0(10)
[2020-12-23T04:34:22.880-0400][gc,heap        ] GC(369794) Survivor regions: 1->1(2)
[2020-12-23T04:34:22.880-0400][gc,heap        ] GC(369794) Old regions: 46->46
[2020-12-23T04:34:22.880-0400][gc,heap        ] GC(369794) Humongous regions: 4->4
[2020-12-23T04:34:22.880-0400][gc,metaspace   ] GC(369794) Metaspace: 61007K->61007K(1107968K)
[2020-12-23T04:34:22.880-0400][gc,heap        ] GC(369794) Heap after GC invocations=369771 (full 10735): garbage-first heap   total 71680K, used 48946K [0x0000000083000000, 0x0000000100000000)
[2020-12-23T04:34:22.880-0400][gc,heap        ] GC(369794)   region size 1024K, 1 young (1024K), 1 survivors (1024K)
[2020-12-23T04:34:22.880-0400][gc,heap        ] GC(369794)  Metaspace       used 61007K, capacity 63721K, committed 64768K, reserved 1107968K
[2020-12-23T04:34:22.880-0400][gc,heap        ] GC(369794)   class space    used 5712K, capacity 6559K, committed 6912K, reserved 1048576K
[2020-12-23T04:34:22.880-0400][gc             ] GC(369794) Pause Young (Normal) (G1 Evacuation Pause) 57M->47M(70M) 6.949ms
[2020-12-23T04:34:22.881-0400][gc,cpu         ] GC(369794) User=0.01s Sys=0.00s Real=0.01s
[2020-12-23T04:34:59.425-0400][gc,heap        ] GC(369795) Heap before GC invocations=369771 (full 10735): garbage-first heap   total 71680K, used 58162K [0x0000000083000000, 0x0000000100000000)
[2020-12-23T04:34:59.425-0400][gc,heap        ] GC(369795)   region size 1024K, 11 young (11264K), 1 survivors (1024K)
[2020-12-23T04:34:59.425-0400][gc,heap        ] GC(369795)  Metaspace       used 61007K, capacity 63721K, committed 64768K, reserved 1107968K
[2020-12-23T04:34:59.425-0400][gc,heap        ] GC(369795)   class space    used 5712K, capacity 6559K, committed 6912K, reserved 1048576K
[2020-12-23T04:34:59.425-0400][gc,start       ] GC(369795) Pause Young (Normal) (G1 Evacuation Pause)
[2020-12-23T04:34:59.425-0400][gc,task        ] GC(369795) Using 4 workers of 4 for evacuation
[2020-12-23T04:34:59.431-0400][gc,phases      ] GC(369795)   Pre Evacuate Collection Set: 0.0ms
[2020-12-23T04:34:59.431-0400][gc,phases      ] GC(369795)   Evacuate Collection Set: 3.8ms
[2020-12-23T04:34:59.431-0400][gc,phases      ] GC(369795)   Post Evacuate Collection Set: 1.5ms
[2020-12-23T04:34:59.431-0400][gc,phases      ] GC(369795)   Other: 1.1ms
[2020-12-23T04:34:59.431-0400][gc,heap        ] GC(369795) Eden regions: 10->0(10)
[2020-12-23T04:34:59.431-0400][gc,heap        ] GC(369795) Survivor regions: 1->1(2)
[2020-12-23T04:34:59.431-0400][gc,heap        ] GC(369795) Old regions: 46->46
[2020-12-23T04:34:59.431-0400][gc,heap        ] GC(369795) Humongous regions: 4->4
[2020-12-23T04:34:59.431-0400][gc,metaspace   ] GC(369795) Metaspace: 61007K->61007K(1107968K)
[2020-12-23T04:34:59.431-0400][gc,heap        ] GC(369795) Heap after GC invocations=369772 (full 10735): garbage-first heap   total 71680K, used 48834K [0x0000000083000000, 0x0000000100000000)
[2020-12-23T04:34:59.432-0400][gc,heap        ] GC(369795)   region size 1024K, 1 young (1024K), 1 survivors (1024K)
[2020-12-23T04:34:59.432-0400][gc,heap        ] GC(369795)  Metaspace       used 61007K, capacity 63721K, committed 64768K, reserved 1107968K
[2020-12-23T04:34:59.432-0400][gc,heap        ] GC(369795)   class space    used 5712K, capacity 6559K, committed 6912K, reserved 1048576K
[2020-12-23T04:34:59.432-0400][gc             ] GC(369795) Pause Young (Normal) (G1 Evacuation Pause) 57M->47M(70M) 6.742ms
[2020-12-23T04:34:59.432-0400][gc,cpu         ] GC(369795) User=0.01s Sys=0.01s Real=0.01s
[2020-12-23T04:35:30.118-0400][gc,heap        ] GC(369796) Heap before GC invocations=369772 (full 10735): garbage-first heap   total 71680K, used 58050K [0x0000000083000000, 0x0000000100000000)
[2020-12-23T04:35:30.118-0400][gc,heap        ] GC(369796)   region size 1024K, 11 young (11264K), 1 survivors (1024K)
[2020-12-23T04:35:30.118-0400][gc,heap        ] GC(369796)  Metaspace       used 61007K, capacity 63721K, committed 64768K, reserved 1107968K
[2020-12-23T04:35:30.118-0400][gc,heap        ] GC(369796)   class space    used 5712K, capacity 6559K, committed 6912K, reserved 1048576K
[2020-12-23T04:35:30.118-0400][gc,start       ] GC(369796) Pause Young (Normal) (G1 Evacuation Pause)
[2020-12-23T04:35:30.118-0400][gc,task        ] GC(369796) Using 4 workers of 4 for evacuation
[2020-12-23T04:35:30.123-0400][gc,phases      ] GC(369796)   Pre Evacuate Collection Set: 0.0ms
[2020-12-23T04:35:30.124-0400][gc,phases      ] GC(369796)   Evacuate Collection Set: 3.4ms
[2020-12-23T04:35:30.124-0400][gc,phases      ] GC(369796)   Post Evacuate Collection Set: 1.5ms
[2020-12-23T04:35:30.124-0400][gc,phases      ] GC(369796)   Other: 0.9ms
[2020-12-23T04:35:30.124-0400][gc,heap        ] GC(369796) Eden regions: 10->0(10)
[2020-12-23T04:35:30.124-0400][gc,heap        ] GC(369796) Survivor regions: 1->1(2)
[2020-12-23T04:35:30.124-0400][gc,heap        ] GC(369796) Old regions: 46->46
[2020-12-23T04:35:30.124-0400][gc,heap        ] GC(369796) Humongous regions: 4->4
[2020-12-23T04:35:30.124-0400][gc,metaspace   ] GC(369796) Metaspace: 61007K->61007K(1107968K)
[2020-12-23T04:35:30.124-0400][gc,heap        ] GC(369796) Heap after GC invocations=369773 (full 10735): garbage-first heap   total 71680K, used 48888K [0x0000000083000000, 0x0000000100000000)
[2020-12-23T04:35:30.124-0400][gc,heap        ] GC(369796)   region size 1024K, 1 young (1024K), 1 survivors (1024K)
[2020-12-23T04:35:30.124-0400][gc,heap        ] GC(369796)  Metaspace       used 61007K, capacity 63721K, committed 64768K, reserved 1107968K
[2020-12-23T04:35:30.124-0400][gc,heap        ] GC(369796)   class space    used 5712K, capacity 6559K, committed 6912K, reserved 1048576K
[2020-12-23T04:35:30.124-0400][gc             ] GC(369796) Pause Young (Normal) (G1 Evacuation Pause) 57M->47M(70M) 6.190ms
[2020-12-23T04:35:30.124-0400][gc,cpu         ] GC(369796) User=0.02s Sys=0.00s Real=0.00s
[2020-12-23T04:35:57.352-0400][gc,heap        ] GC(369797) Heap before GC invocations=369773 (full 10735): garbage-first heap   total 71680K, used 58104K [0x0000000083000000, 0x0000000100000000)
[2020-12-23T04:35:57.352-0400][gc,heap        ] GC(369797)   region size 1024K, 11 young (11264K), 1 survivors (1024K)
[2020-12-23T04:35:57.352-0400][gc,heap        ] GC(369797)  Metaspace       used 61007K, capacity 63721K, committed 64768K, reserved 1107968K
[2020-12-23T04:35:57.352-0400][gc,heap        ] GC(369797)   class space    used 5712K, capacity 6559K, committed 6912K, reserved 1048576K
[2020-12-23T04:35:57.352-0400][gc,start       ] GC(369797) Pause Young (Normal) (G1 Evacuation Pause)
[2020-12-23T04:35:57.352-0400][gc,task        ] GC(369797) Using 4 workers of 4 for evacuation
[2020-12-23T04:35:57.357-0400][gc,phases      ] GC(369797)   Pre Evacuate Collection Set: 0.0ms
[2020-12-23T04:35:57.357-0400][gc,phases      ] GC(369797)   Evacuate Collection Set: 3.4ms
[2020-12-23T04:35:57.358-0400][gc,phases      ] GC(369797)   Post Evacuate Collection Set: 1.4ms
[2020-12-23T04:35:57.358-0400][gc,phases      ] GC(369797)   Other: 0.8ms
[2020-12-23T04:35:57.358-0400][gc,heap        ] GC(369797) Eden regions: 10->0(10)
[2020-12-23T04:35:57.358-0400][gc,heap        ] GC(369797) Survivor regions: 1->1(2)
[2020-12-23T04:35:57.358-0400][gc,heap        ] GC(369797) Old regions: 46->46
[2020-12-23T04:35:57.358-0400][gc,heap        ] GC(369797) Humongous regions: 4->4
[2020-12-23T04:35:57.358-0400][gc,metaspace   ] GC(369797) Metaspace: 61007K->61007K(1107968K)
[2020-12-23T04:35:57.358-0400][gc,heap        ] GC(369797) Heap after GC invocations=369774 (full 10735): garbage-first heap   total 71680K, used 48842K [0x0000000083000000, 0x0000000100000000)
[2020-12-23T04:35:57.358-0400][gc,heap        ] GC(369797)   region size 1024K, 1 young (1024K), 1 survivors (1024K)
[2020-12-23T04:35:57.358-0400][gc,heap        ] GC(369797)  Metaspace       used 61007K, capacity 63721K, committed 64768K, reserved 1107968K
[2020-12-23T04:35:57.358-0400][gc,heap        ] GC(369797)   class space    used 5712K, capacity 6559K, committed 6912K, reserved 1048576K
[2020-12-23T04:35:57.358-0400][gc             ] GC(369797) Pause Young (Normal) (G1 Evacuation Pause) 57M->47M(70M) 6.032ms
[2020-12-23T04:35:57.358-0400][gc,cpu         ] GC(369797) User=0.01s Sys=0.00s Real=0.01s
[2020-12-23T04:36:23.889-0400][gc,heap        ] GC(369798) Heap before GC invocations=369774 (full 10735): garbage-first heap   total 71680K, used 59082K [0x0000000083000000, 0x0000000100000000)
[2020-12-23T04:36:23.889-0400][gc,heap        ] GC(369798)   region size 1024K, 11 young (11264K), 1 survivors (1024K)
[2020-12-23T04:36:23.889-0400][gc,heap        ] GC(369798)  Metaspace       used 61007K, capacity 63721K, committed 64768K, reserved 1107968K
[2020-12-23T04:36:23.889-0400][gc,heap        ] GC(369798)   class space    used 5712K, capacity 6559K, committed 6912K, reserved 1048576K
[2020-12-23T04:36:23.890-0400][gc,start       ] GC(369798) Pause Young (Normal) (G1 Evacuation Pause)
[2020-12-23T04:36:23.890-0400][gc,task        ] GC(369798) Using 4 workers of 4 for evacuation
[2020-12-23T04:36:23.896-0400][gc,phases      ] GC(369798)   Pre Evacuate Collection Set: 0.0ms
[2020-12-23T04:36:23.896-0400][gc,phases      ] GC(369798)   Evacuate Collection Set: 3.5ms
[2020-12-23T04:36:23.896-0400][gc,phases      ] GC(369798)   Post Evacuate Collection Set: 1.9ms
[2020-12-23T04:36:23.896-0400][gc,phases      ] GC(369798)   Other: 0.8ms
[2020-12-23T04:36:23.896-0400][gc,heap        ] GC(369798) Eden regions: 10->0(10)
[2020-12-23T04:36:23.896-0400][gc,heap        ] GC(369798) Survivor regions: 1->1(2)
[2020-12-23T04:36:23.896-0400][gc,heap        ] GC(369798) Old regions: 46->46
[2020-12-23T04:36:23.896-0400][gc,heap        ] GC(369798) Humongous regions: 4->4
[2020-12-23T04:36:23.896-0400][gc,metaspace   ] GC(369798) Metaspace: 61007K->61007K(1107968K)
[2020-12-23T04:36:23.896-0400][gc,heap        ] GC(369798) Heap after GC invocations=369775 (full 10735): garbage-first heap   total 71680K, used 48903K [0x0000000083000000, 0x0000000100000000)
[2020-12-23T04:36:23.896-0400][gc,heap        ] GC(369798)   region size 1024K, 1 young (1024K), 1 survivors (1024K)
[2020-12-23T04:36:23.896-0400][gc,heap        ] GC(369798)  Metaspace       used 61007K, capacity 63721K, committed 64768K, reserved 1107968K
[2020-12-23T04:36:23.896-0400][gc,heap        ] GC(369798)   class space    used 5712K, capacity 6559K, committed 6912K, reserved 1048576K
[2020-12-23T04:36:23.896-0400][gc             ] GC(369798) Pause Young (Normal) (G1 Evacuation Pause) 57M->47M(70M) 6.742ms
[2020-12-23T04:36:23.896-0400][gc,cpu         ] GC(369798) User=0.01s Sys=0.00s Real=0.01s
[2020-12-23T04:36:49.115-0400][gc,heap        ] GC(369799) Heap before GC invocations=369775 (full 10735): garbage-first heap   total 71680K, used 58119K [0x0000000083000000, 0x0000000100000000)
[2020-12-23T04:36:49.115-0400][gc,heap        ] GC(369799)   region size 1024K, 11 young (11264K), 1 survivors (1024K)
[2020-12-23T04:36:49.115-0400][gc,heap        ] GC(369799)  Metaspace       used 61007K, capacity 63721K, committed 64768K, reserved 1107968K
[2020-12-23T04:36:49.115-0400][gc,heap        ] GC(369799)   class space    used 5712K, capacity 6559K, committed 6912K, reserved 1048576K
[2020-12-23T04:36:49.115-0400][gc,start       ] GC(369799) Pause Young (Normal) (G1 Evacuation Pause)
[2020-12-23T04:36:49.115-0400][gc,task        ] GC(369799) Using 4 workers of 4 for evacuation
[2020-12-23T04:36:49.121-0400][gc,phases      ] GC(369799)   Pre Evacuate Collection Set: 0.1ms
[2020-12-23T04:36:49.121-0400][gc,phases      ] GC(369799)   Evacuate Collection Set: 3.3ms
[2020-12-23T04:36:49.121-0400][gc,phases      ] GC(369799)   Post Evacuate Collection Set: 1.9ms
[2020-12-23T04:36:49.121-0400][gc,phases      ] GC(369799)   Other: 0.9ms
[2020-12-23T04:36:49.121-0400][gc,heap        ] GC(369799) Eden regions: 10->0(10)
[2020-12-23T04:36:49.121-0400][gc,heap        ] GC(369799) Survivor regions: 1->1(2)
[2020-12-23T04:36:49.121-0400][gc,heap        ] GC(369799) Old regions: 46->46
[2020-12-23T04:36:49.122-0400][gc,heap        ] GC(369799) Humongous regions: 4->4
[2020-12-23T04:36:49.122-0400][gc,metaspace   ] GC(369799) Metaspace: 61007K->61007K(1107968K)
[2020-12-23T04:36:49.122-0400][gc,heap        ] GC(369799) Heap after GC invocations=369776 (full 10735): garbage-first heap   total 71680K, used 48812K [0x0000000083000000, 0x0000000100000000)
[2020-12-23T04:36:49.122-0400][gc,heap        ] GC(369799)   region size 1024K, 1 young (1024K), 1 survivors (1024K)
[2020-12-23T04:36:49.122-0400][gc,heap        ] GC(369799)  Metaspace       used 61007K, capacity 63721K, committed 64768K, reserved 1107968K
[2020-12-23T04:36:49.122-0400][gc,heap        ] GC(369799)   class space    used 5712K, capacity 6559K, committed 6912K, reserved 1048576K
[2020-12-23T04:36:49.122-0400][gc             ] GC(369799) Pause Young (Normal) (G1 Evacuation Pause) 57M->47M(70M) 6.540ms
[2020-12-23T04:36:49.122-0400][gc,cpu         ] GC(369799) User=0.01s Sys=0.00s Real=0.01s
[2020-12-23T04:36:50.924-0400][gc,task        ] GC(369800) Using 3 workers of 4 for full compaction
[2020-12-23T04:36:50.924-0400][gc,start       ] GC(369800) Pause Full (System.gc())
[2020-12-23T04:36:50.924-0400][gc,heap        ] GC(369800) Heap before GC invocations=369776 (full 10735): garbage-first heap   total 71680K, used 48812K [0x0000000083000000, 0x0000000100000000)
[2020-12-23T04:36:50.924-0400][gc,heap        ] GC(369800)   region size 1024K, 2 young (2048K), 1 survivors (1024K)
[2020-12-23T04:36:50.924-0400][gc,heap        ] GC(369800)  Metaspace       used 61007K, capacity 63721K, committed 64768K, reserved 1107968K
[2020-12-23T04:36:50.924-0400][gc,heap        ] GC(369800)   class space    used 5712K, capacity 6559K, committed 6912K, reserved 1048576K
[2020-12-23T04:36:50.926-0400][gc,phases,start] GC(369800) Phase 1: Mark live objects
[2020-12-23T04:36:51.068-0400][gc,stringtable ] GC(369800) Cleaned string and symbol table, strings: 32200 processed, 0 removed, symbols: 131451 processed, 0 removed
[2020-12-23T04:36:51.068-0400][gc,phases      ] GC(369800) Phase 1: Mark live objects 142.176ms
[2020-12-23T04:36:51.068-0400][gc,phases,start] GC(369800) Phase 2: Prepare for compaction
[2020-12-23T04:36:51.098-0400][gc,phases      ] GC(369800) Phase 2: Prepare for compaction 29.687ms
[2020-12-23T04:36:51.098-0400][gc,phases,start] GC(369800) Phase 3: Adjust pointers
[2020-12-23T04:36:51.175-0400][gc,phases      ] GC(369800) Phase 3: Adjust pointers 76.735ms
[2020-12-23T04:36:51.175-0400][gc,phases,start] GC(369800) Phase 4: Compact heap
[2020-12-23T04:36:51.198-0400][gc,phases      ] GC(369800) Phase 4: Compact heap 22.745ms
[2020-12-23T04:36:51.233-0400][gc,heap        ] GC(369800) Eden regions: 1->0(12)
[2020-12-23T04:36:51.233-0400][gc,heap        ] GC(369800) Survivor regions: 1->0(2)
[2020-12-23T04:36:51.233-0400][gc,heap        ] GC(369800) Old regions: 46->45
[2020-12-23T04:36:51.233-0400][gc,heap        ] GC(369800) Humongous regions: 4->4
[2020-12-23T04:36:51.234-0400][gc,metaspace   ] GC(369800) Metaspace: 61007K->61007K(1107968K)
[2020-12-23T04:36:51.234-0400][gc,heap        ] GC(369800) Heap after GC invocations=369777 (full 10736): garbage-first heap   total 71680K, used 48384K [0x0000000083000000, 0x0000000100000000)
[2020-12-23T04:36:51.234-0400][gc,heap        ] GC(369800)   region size 1024K, 0 young (0K), 0 survivors (0K)
[2020-12-23T04:36:51.234-0400][gc,heap        ] GC(369800)  Metaspace       used 61007K, capacity 63721K, committed 64768K, reserved 1107968K
[2020-12-23T04:36:51.234-0400][gc,heap        ] GC(369800)   class space    used 5712K, capacity 6559K, committed 6912K, reserved 1048576K
[2020-12-23T04:36:51.234-0400][gc             ] GC(369800) Pause Full (System.gc()) 48M->47M(70M) 310.276ms
[2020-12-23T04:36:51.235-0400][gc,cpu         ] GC(369800) User=0.82s Sys=0.00s Real=0.31s
[2020-12-23T04:37:27.088-0400][gc,heap        ] GC(369801) Heap before GC invocations=369777 (full 10736): garbage-first heap   total 71680K, used 60672K [0x0000000083000000, 0x0000000100000000)
[2020-12-23T04:37:27.089-0400][gc,heap        ] GC(369801)   region size 1024K, 12 young (12288K), 0 survivors (0K)
[2020-12-23T04:37:27.089-0400][gc,heap        ] GC(369801)  Metaspace       used 61007K, capacity 63721K, committed 64768K, reserved 1107968K
[2020-12-23T04:37:27.089-0400][gc,heap        ] GC(369801)   class space    used 5712K, capacity 6559K, committed 6912K, reserved 1048576K
[2020-12-23T04:37:27.089-0400][gc,start       ] GC(369801) Pause Young (Normal) (G1 Evacuation Pause)
[2020-12-23T04:37:27.089-0400][gc,task        ] GC(369801) Using 4 workers of 4 for evacuation
[2020-12-23T04:37:27.095-0400][gc,phases      ] GC(369801)   Pre Evacuate Collection Set: 0.0ms
[2020-12-23T04:37:27.095-0400][gc,phases      ] GC(369801)   Evacuate Collection Set: 3.2ms
[2020-12-23T04:37:27.095-0400][gc,phases      ] GC(369801)   Post Evacuate Collection Set: 2.2ms
[2020-12-23T04:37:27.095-0400][gc,phases      ] GC(369801)   Other: 1.1ms
[2020-12-23T04:37:27.095-0400][gc,heap        ] GC(369801) Eden regions: 12->0(11)
[2020-12-23T04:37:27.095-0400][gc,heap        ] GC(369801) Survivor regions: 0->1(2)
[2020-12-23T04:37:27.095-0400][gc,heap        ] GC(369801) Old regions: 45->45
[2020-12-23T04:37:27.095-0400][gc,heap        ] GC(369801) Humongous regions: 4->4
[2020-12-23T04:37:27.095-0400][gc,metaspace   ] GC(369801) Metaspace: 61007K->61007K(1107968K)
[2020-12-23T04:37:27.095-0400][gc,heap        ] GC(369801) Heap after GC invocations=369778 (full 10736): garbage-first heap   total 71680K, used 48736K [0x0000000083000000, 0x0000000100000000)
[2020-12-23T04:37:27.095-0400][gc,heap        ] GC(369801)   region size 1024K, 1 young (1024K), 1 survivors (1024K)
[2020-12-23T04:37:27.095-0400][gc,heap        ] GC(369801)  Metaspace       used 61007K, capacity 63721K, committed 64768K, reserved 1107968K
[2020-12-23T04:37:27.095-0400][gc,heap        ] GC(369801)   class space    used 5712K, capacity 6559K, committed 6912K, reserved 1048576K
[2020-12-23T04:37:27.096-0400][gc             ] GC(369801) Pause Young (Normal) (G1 Evacuation Pause) 59M->47M(70M) 6.730ms
[2020-12-23T04:37:27.096-0400][gc,cpu         ] GC(369801) User=0.01s Sys=0.01s Real=0.01s
[2020-12-23T04:38:09.873-0400][gc,heap        ] GC(369802) Heap before GC invocations=369778 (full 10736): garbage-first heap   total 71680K, used 58976K [0x0000000083000000, 0x0000000100000000)
[2020-12-23T04:38:09.873-0400][gc,heap        ] GC(369802)   region size 1024K, 12 young (12288K), 1 survivors (1024K)
[2020-12-23T04:38:09.873-0400][gc,heap        ] GC(369802)  Metaspace       used 61007K, capacity 63721K, committed 64768K, reserved 1107968K
[2020-12-23T04:38:09.873-0400][gc,heap        ] GC(369802)   class space    used 5712K, capacity 6559K, committed 6912K, reserved 1048576K
[2020-12-23T04:38:09.873-0400][gc,start       ] GC(369802) Pause Young (Normal) (G1 Evacuation Pause)
[2020-12-23T04:38:09.873-0400][gc,task        ] GC(369802) Using 4 workers of 4 for evacuation
[2020-12-23T04:38:09.879-0400][gc,phases      ] GC(369802)   Pre Evacuate Collection Set: 0.0ms
[2020-12-23T04:38:09.879-0400][gc,phases      ] GC(369802)   Evacuate Collection Set: 3.2ms
[2020-12-23T04:38:09.880-0400][gc,phases      ] GC(369802)   Post Evacuate Collection Set: 2.2ms
[2020-12-23T04:38:09.880-0400][gc,phases      ] GC(369802)   Other: 0.8ms
[2020-12-23T04:38:09.880-0400][gc,heap        ] GC(369802) Eden regions: 11->0(11)
[2020-12-23T04:38:09.880-0400][gc,heap        ] GC(369802) Survivor regions: 1->1(2)
[2020-12-23T04:38:09.880-0400][gc,heap        ] GC(369802) Old regions: 45->45
[2020-12-23T04:38:09.880-0400][gc,heap        ] GC(369802) Humongous regions: 4->4
[2020-12-23T04:38:09.880-0400][gc,metaspace   ] GC(369802) Metaspace: 61007K->61007K(1107968K)
[2020-12-23T04:38:09.880-0400][gc,heap        ] GC(369802) Heap after GC invocations=369779 (full 10736): garbage-first heap   total 71680K, used 48720K [0x0000000083000000, 0x0000000100000000)
[2020-12-23T04:38:09.880-0400][gc,heap        ] GC(369802)   region size 1024K, 1 young (1024K), 1 survivors (1024K)
[2020-12-23T04:38:09.880-0400][gc,heap        ] GC(369802)  Metaspace       used 61007K, capacity 63721K, committed 64768K, reserved 1107968K
[2020-12-23T04:38:09.880-0400][gc,heap        ] GC(369802)   class space    used 5712K, capacity 6559K, committed 6912K, reserved 1048576K
[2020-12-23T04:38:09.880-0400][gc             ] GC(369802) Pause Young (Normal) (G1 Evacuation Pause) 58M->47M(70M) 6.739ms
[2020-12-23T04:38:09.880-0400][gc,cpu         ] GC(369802) User=0.01s Sys=0.01s Real=0.01s
[2020-12-23T04:38:40.266-0400][gc,heap        ] GC(369803) Heap before GC invocations=369779 (full 10736): garbage-first heap   total 71680K, used 58960K [0x0000000083000000, 0x0000000100000000)
[2020-12-23T04:38:40.266-0400][gc,heap        ] GC(369803)   region size 1024K, 12 young (12288K), 1 survivors (1024K)
[2020-12-23T04:38:40.266-0400][gc,heap        ] GC(369803)  Metaspace       used 61007K, capacity 63721K, committed 64768K, reserved 1107968K
[2020-12-23T04:38:40.266-0400][gc,heap        ] GC(369803)   class space    used 5712K, capacity 6559K, committed 6912K, reserved 1048576K
[2020-12-23T04:38:40.266-0400][gc,start       ] GC(369803) Pause Young (Normal) (G1 Evacuation Pause)
[2020-12-23T04:38:40.266-0400][gc,task        ] GC(369803) Using 4 workers of 4 for evacuation
[2020-12-23T04:38:40.272-0400][gc,phases      ] GC(369803)   Pre Evacuate Collection Set: 0.0ms
[2020-12-23T04:38:40.272-0400][gc,phases      ] GC(369803)   Evacuate Collection Set: 3.6ms
[2020-12-23T04:38:40.272-0400][gc,phases      ] GC(369803)   Post Evacuate Collection Set: 1.4ms
[2020-12-23T04:38:40.272-0400][gc,phases      ] GC(369803)   Other: 0.9ms
[2020-12-23T04:38:40.272-0400][gc,heap        ] GC(369803) Eden regions: 11->0(11)
[2020-12-23T04:38:40.272-0400][gc,heap        ] GC(369803) Survivor regions: 1->1(2)
[2020-12-23T04:38:40.272-0400][gc,heap        ] GC(369803) Old regions: 45->45
[2020-12-23T04:38:40.272-0400][gc,heap        ] GC(369803) Humongous regions: 4->4
[2020-12-23T04:38:40.272-0400][gc,metaspace   ] GC(369803) Metaspace: 61007K->61007K(1107968K)
[2020-12-23T04:38:40.272-0400][gc,heap        ] GC(369803) Heap after GC invocations=369780 (full 10736): garbage-first heap   total 71680K, used 48887K [0x0000000083000000, 0x0000000100000000)
[2020-12-23T04:38:40.272-0400][gc,heap        ] GC(369803)   region size 1024K, 1 young (1024K), 1 survivors (1024K)
[2020-12-23T04:38:40.272-0400][gc,heap        ] GC(369803)  Metaspace       used 61007K, capacity 63721K, committed 64768K, reserved 1107968K
[2020-12-23T04:38:40.272-0400][gc,heap        ] GC(369803)   class space    used 5712K, capacity 6559K, committed 6912K, reserved 1048576K
[2020-12-23T04:38:40.272-0400][gc             ] GC(369803) Pause Young (Normal) (G1 Evacuation Pause) 58M->47M(70M) 6.306ms
[2020-12-23T04:38:40.272-0400][gc,cpu         ] GC(369803) User=0.02s Sys=0.01s Real=0.00s
[2020-12-23T04:39:10.760-0400][gc,heap        ] GC(369804) Heap before GC invocations=369780 (full 10736): garbage-first heap   total 71680K, used 59127K [0x0000000083000000, 0x0000000100000000)
[2020-12-23T04:39:10.761-0400][gc,heap        ] GC(369804)   region size 1024K, 12 young (12288K), 1 survivors (1024K)
[2020-12-23T04:39:10.761-0400][gc,heap        ] GC(369804)  Metaspace       used 61007K, capacity 63721K, committed 64768K, reserved 1107968K
[2020-12-23T04:39:10.761-0400][gc,heap        ] GC(369804)   class space    used 5712K, capacity 6559K, committed 6912K, reserved 1048576K
[2020-12-23T04:39:10.761-0400][gc,start       ] GC(369804) Pause Young (Normal) (G1 Evacuation Pause)
[2020-12-23T04:39:10.761-0400][gc,task        ] GC(369804) Using 4 workers of 4 for evacuation
[2020-12-23T04:39:10.767-0400][gc,phases      ] GC(369804)   Pre Evacuate Collection Set: 0.0ms
[2020-12-23T04:39:10.767-0400][gc,phases      ] GC(369804)   Evacuate Collection Set: 3.4ms
[2020-12-23T04:39:10.767-0400][gc,phases      ] GC(369804)   Post Evacuate Collection Set: 1.8ms
[2020-12-23T04:39:10.767-0400][gc,phases      ] GC(369804)   Other: 1.1ms
[2020-12-23T04:39:10.767-0400][gc,heap        ] GC(369804) Eden regions: 11->0(11)
[2020-12-23T04:39:10.767-0400][gc,heap        ] GC(369804) Survivor regions: 1->1(2)
[2020-12-23T04:39:10.767-0400][gc,heap        ] GC(369804) Old regions: 45->45
[2020-12-23T04:39:10.767-0400][gc,heap        ] GC(369804) Humongous regions: 4->4
[2020-12-23T04:39:10.767-0400][gc,metaspace   ] GC(369804) Metaspace: 61007K->61007K(1107968K)
[2020-12-23T04:39:10.767-0400][gc,heap        ] GC(369804) Heap after GC invocations=369781 (full 10736): garbage-first heap   total 71680K, used 48832K [0x0000000083000000, 0x0000000100000000)
[2020-12-23T04:39:10.767-0400][gc,heap        ] GC(369804)   region size 1024K, 1 young (1024K), 1 survivors (1024K)
[2020-12-23T04:39:10.767-0400][gc,heap        ] GC(369804)  Metaspace       used 61007K, capacity 63721K, committed 64768K, reserved 1107968K
[2020-12-23T04:39:10.767-0400][gc,heap        ] GC(369804)   class space    used 5712K, capacity 6559K, committed 6912K, reserved 1048576K
[2020-12-23T04:39:10.767-0400][gc             ] GC(369804) Pause Young (Normal) (G1 Evacuation Pause) 58M->47M(70M) 6.511ms
[2020-12-23T04:39:10.768-0400][gc,cpu         ] GC(369804) User=0.01s Sys=0.00s Real=0.01s
[2020-12-23T04:39:57.530-0400][gc,heap        ] GC(369805) Heap before GC invocations=369781 (full 10736): garbage-first heap   total 71680K, used 59072K [0x0000000083000000, 0x0000000100000000)
[2020-12-23T04:39:57.531-0400][gc,heap        ] GC(369805)   region size 1024K, 12 young (12288K), 1 survivors (1024K)
[2020-12-23T04:39:57.531-0400][gc,heap        ] GC(369805)  Metaspace       used 61007K, capacity 63721K, committed 64768K, reserved 1107968K
[2020-12-23T04:39:57.531-0400][gc,heap        ] GC(369805)   class space    used 5712K, capacity 6559K, committed 6912K, reserved 1048576K
[2020-12-23T04:39:57.531-0400][gc,start       ] GC(369805) Pause Young (Normal) (G1 Evacuation Pause)
[2020-12-23T04:39:57.531-0400][gc,task        ] GC(369805) Using 4 workers of 4 for evacuation
[2020-12-23T04:39:57.536-0400][gc,phases      ] GC(369805)   Pre Evacuate Collection Set: 0.0ms
[2020-12-23T04:39:57.536-0400][gc,phases      ] GC(369805)   Evacuate Collection Set: 3.1ms
[2020-12-23T04:39:57.536-0400][gc,phases      ] GC(369805)   Post Evacuate Collection Set: 1.9ms
[2020-12-23T04:39:57.537-0400][gc,phases      ] GC(369805)   Other: 0.9ms
[2020-12-23T04:39:57.537-0400][gc,heap        ] GC(369805) Eden regions: 11->0(11)
[2020-12-23T04:39:57.537-0400][gc,heap        ] GC(369805) Survivor regions: 1->1(2)
[2020-12-23T04:39:57.537-0400][gc,heap        ] GC(369805) Old regions: 45->45
[2020-12-23T04:39:57.537-0400][gc,heap        ] GC(369805) Humongous regions: 4->4
[2020-12-23T04:39:57.537-0400][gc,metaspace   ] GC(369805) Metaspace: 61007K->61007K(1107968K)
[2020-12-23T04:39:57.537-0400][gc,heap        ] GC(369805) Heap after GC invocations=369782 (full 10736): garbage-first heap   total 71680K, used 48730K [0x0000000083000000, 0x0000000100000000)
[2020-12-23T04:39:57.537-0400][gc,heap        ] GC(369805)   region size 1024K, 1 young (1024K), 1 survivors (1024K)
[2020-12-23T04:39:57.537-0400][gc,heap        ] GC(369805)  Metaspace       used 61007K, capacity 63721K, committed 64768K, reserved 1107968K
[2020-12-23T04:39:57.537-0400][gc,heap        ] GC(369805)   class space    used 5712K, capacity 6559K, committed 6912K, reserved 1048576K
[2020-12-23T04:39:57.537-0400][gc             ] GC(369805) Pause Young (Normal) (G1 Evacuation Pause) 58M->47M(70M) 6.316ms
[2020-12-23T04:39:57.537-0400][gc,cpu         ] GC(369805) User=0.01s Sys=0.01s Real=0.01s
[2020-12-23T04:40:29.653-0400][gc,heap        ] GC(369806) Heap before GC invocations=369782 (full 10736): garbage-first heap   total 71680K, used 58970K [0x0000000083000000, 0x0000000100000000)
[2020-12-23T04:40:29.653-0400][gc,heap        ] GC(369806)   region size 1024K, 12 young (12288K), 1 survivors (1024K)
[2020-12-23T04:40:29.653-0400][gc,heap        ] GC(369806)  Metaspace       used 61007K, capacity 63721K, committed 64768K, reserved 1107968K
[2020-12-23T04:40:29.653-0400][gc,heap        ] GC(369806)   class space    used 5712K, capacity 6559K, committed 6912K, reserved 1048576K
[2020-12-23T04:40:29.653-0400][gc,start       ] GC(369806) Pause Young (Normal) (G1 Evacuation Pause)
[2020-12-23T04:40:29.653-0400][gc,task        ] GC(369806) Using 4 workers of 4 for evacuation
[2020-12-23T04:40:29.659-0400][gc,phases      ] GC(369806)   Pre Evacuate Collection Set: 0.0ms
[2020-12-23T04:40:29.659-0400][gc,phases      ] GC(369806)   Evacuate Collection Set: 3.4ms
[2020-12-23T04:40:29.659-0400][gc,phases      ] GC(369806)   Post Evacuate Collection Set: 1.6ms
[2020-12-23T04:40:29.659-0400][gc,phases      ] GC(369806)   Other: 0.8ms
[2020-12-23T04:40:29.659-0400][gc,heap        ] GC(369806) Eden regions: 11->0(11)
[2020-12-23T04:40:29.659-0400][gc,heap        ] GC(369806) Survivor regions: 1->1(2)
[2020-12-23T04:40:29.659-0400][gc,heap        ] GC(369806) Old regions: 45->45
[2020-12-23T04:40:29.659-0400][gc,heap        ] GC(369806) Humongous regions: 4->4
[2020-12-23T04:40:29.659-0400][gc,metaspace   ] GC(369806) Metaspace: 61007K->61007K(1107968K)
[2020-12-23T04:40:29.659-0400][gc,heap        ] GC(369806) Heap after GC invocations=369783 (full 10736): garbage-first heap   total 71680K, used 48820K [0x0000000083000000, 0x0000000100000000)
[2020-12-23T04:40:29.659-0400][gc,heap        ] GC(369806)   region size 1024K, 1 young (1024K), 1 survivors (1024K)
[2020-12-23T04:40:29.659-0400][gc,heap        ] GC(369806)  Metaspace       used 61007K, capacity 63721K, committed 64768K, reserved 1107968K
[2020-12-23T04:40:29.659-0400][gc,heap        ] GC(369806)   class space    used 5712K, capacity 6559K, committed 6912K, reserved 1048576K
[2020-12-23T04:40:29.659-0400][gc             ] GC(369806) Pause Young (Normal) (G1 Evacuation Pause) 58M->47M(70M) 6.170ms
[2020-12-23T04:40:29.660-0400][gc,cpu         ] GC(369806) User=0.01s Sys=0.00s Real=0.01s
[2020-12-23T04:41:00.022-0400][gc,heap        ] GC(369807) Heap before GC invocations=369783 (full 10736): garbage-first heap   total 71680K, used 59060K [0x0000000083000000, 0x0000000100000000)
[2020-12-23T04:41:00.022-0400][gc,heap        ] GC(369807)   region size 1024K, 12 young (12288K), 1 survivors (1024K)
[2020-12-23T04:41:00.022-0400][gc,heap        ] GC(369807)  Metaspace       used 61007K, capacity 63721K, committed 64768K, reserved 1107968K
[2020-12-23T04:41:00.022-0400][gc,heap        ] GC(369807)   class space    used 5712K, capacity 6559K, committed 6912K, reserved 1048576K
[2020-12-23T04:41:00.022-0400][gc,start       ] GC(369807) Pause Young (Normal) (G1 Evacuation Pause)
[2020-12-23T04:41:00.022-0400][gc,task        ] GC(369807) Using 4 workers of 4 for evacuation
[2020-12-23T04:41:00.028-0400][gc,phases      ] GC(369807)   Pre Evacuate Collection Set: 0.0ms
[2020-12-23T04:41:00.028-0400][gc,phases      ] GC(369807)   Evacuate Collection Set: 3.3ms
[2020-12-23T04:41:00.028-0400][gc,phases      ] GC(369807)   Post Evacuate Collection Set: 1.9ms
[2020-12-23T04:41:00.028-0400][gc,phases      ] GC(369807)   Other: 0.8ms
[2020-12-23T04:41:00.028-0400][gc,heap        ] GC(369807) Eden regions: 11->0(11)
[2020-12-23T04:41:00.028-0400][gc,heap        ] GC(369807) Survivor regions: 1->1(2)
[2020-12-23T04:41:00.029-0400][gc,heap        ] GC(369807) Old regions: 45->45
[2020-12-23T04:41:00.029-0400][gc,heap        ] GC(369807) Humongous regions: 4->4
[2020-12-23T04:41:00.029-0400][gc,metaspace   ] GC(369807) Metaspace: 61007K->61007K(1107968K)
[2020-12-23T04:41:00.029-0400][gc,heap        ] GC(369807) Heap after GC invocations=369784 (full 10736): garbage-first heap   total 71680K, used 48758K [0x0000000083000000, 0x0000000100000000)
[2020-12-23T04:41:00.029-0400][gc,heap        ] GC(369807)   region size 1024K, 1 young (1024K), 1 survivors (1024K)
[2020-12-23T04:41:00.029-0400][gc,heap        ] GC(369807)  Metaspace       used 61007K, capacity 63721K, committed 64768K, reserved 1107968K
[2020-12-23T04:41:00.029-0400][gc,heap        ] GC(369807)   class space    used 5712K, capacity 6559K, committed 6912K, reserved 1048576K
[2020-12-23T04:41:00.029-0400][gc             ] GC(369807) Pause Young (Normal) (G1 Evacuation Pause) 58M->47M(70M) 6.621ms
[2020-12-23T04:41:00.029-0400][gc,cpu         ] GC(369807) User=0.00s Sys=0.01s Real=0.01s
[2020-12-23T04:41:33.263-0400][gc,heap        ] GC(369808) Heap before GC invocations=369784 (full 10736): garbage-first heap   total 71680K, used 60022K [0x0000000083000000, 0x0000000100000000)
[2020-12-23T04:41:33.263-0400][gc,heap        ] GC(369808)   region size 1024K, 12 young (12288K), 1 survivors (1024K)
[2020-12-23T04:41:33.263-0400][gc,heap        ] GC(369808)  Metaspace       used 61007K, capacity 63721K, committed 64768K, reserved 1107968K
[2020-12-23T04:41:33.263-0400][gc,heap        ] GC(369808)   class space    used 5712K, capacity 6559K, committed 6912K, reserved 1048576K
[2020-12-23T04:41:33.263-0400][gc,start       ] GC(369808) Pause Young (Normal) (G1 Evacuation Pause)
[2020-12-23T04:41:33.263-0400][gc,task        ] GC(369808) Using 4 workers of 4 for evacuation
[2020-12-23T04:41:33.269-0400][gc,phases      ] GC(369808)   Pre Evacuate Collection Set: 0.0ms
[2020-12-23T04:41:33.269-0400][gc,phases      ] GC(369808)   Evacuate Collection Set: 3.6ms
[2020-12-23T04:41:33.269-0400][gc,phases      ] GC(369808)   Post Evacuate Collection Set: 2.0ms
[2020-12-23T04:41:33.269-0400][gc,phases      ] GC(369808)   Other: 0.9ms
[2020-12-23T04:41:33.270-0400][gc,heap        ] GC(369808) Eden regions: 11->0(11)
[2020-12-23T04:41:33.270-0400][gc,heap        ] GC(369808) Survivor regions: 1->1(2)
[2020-12-23T04:41:33.270-0400][gc,heap        ] GC(369808) Old regions: 45->45
[2020-12-23T04:41:33.270-0400][gc,heap        ] GC(369808) Humongous regions: 4->4
[2020-12-23T04:41:33.270-0400][gc,metaspace   ] GC(369808) Metaspace: 61007K->61007K(1107968K)
[2020-12-23T04:41:33.270-0400][gc,heap        ] GC(369808) Heap after GC invocations=369785 (full 10736): garbage-first heap   total 71680K, used 48902K [0x0000000083000000, 0x0000000100000000)
[2020-12-23T04:41:33.270-0400][gc,heap        ] GC(369808)   region size 1024K, 1 young (1024K), 1 survivors (1024K)
[2020-12-23T04:41:33.270-0400][gc,heap        ] GC(369808)  Metaspace       used 61007K, capacity 63721K, committed 64768K, reserved 1107968K
[2020-12-23T04:41:33.270-0400][gc,heap        ] GC(369808)   class space    used 5712K, capacity 6559K, committed 6912K, reserved 1048576K
[2020-12-23T04:41:33.270-0400][gc             ] GC(369808) Pause Young (Normal) (G1 Evacuation Pause) 58M->47M(70M) 6.928ms
[2020-12-23T04:41:33.270-0400][gc,cpu         ] GC(369808) User=0.02s Sys=0.01s Real=0.01s
[2020-12-23T04:41:50.924-0400][gc,task        ] GC(369809) Using 3 workers of 4 for full compaction
[2020-12-23T04:41:50.924-0400][gc,start       ] GC(369809) Pause Full (System.gc())
[2020-12-23T04:41:50.924-0400][gc,heap        ] GC(369809) Heap before GC invocations=369785 (full 10736): garbage-first heap   total 71680K, used 54022K [0x0000000083000000, 0x0000000100000000)
[2020-12-23T04:41:50.924-0400][gc,heap        ] GC(369809)   region size 1024K, 8 young (8192K), 1 survivors (1024K)
[2020-12-23T04:41:50.924-0400][gc,heap        ] GC(369809)  Metaspace       used 61007K, capacity 63721K, committed 64768K, reserved 1107968K
[2020-12-23T04:41:50.924-0400][gc,heap        ] GC(369809)   class space    used 5712K, capacity 6559K, committed 6912K, reserved 1048576K
[2020-12-23T04:41:50.927-0400][gc,phases,start] GC(369809) Phase 1: Mark live objects
[2020-12-23T04:41:51.069-0400][gc,stringtable ] GC(369809) Cleaned string and symbol table, strings: 32200 processed, 0 removed, symbols: 131451 processed, 0 removed
[2020-12-23T04:41:51.069-0400][gc,phases      ] GC(369809) Phase 1: Mark live objects 142.430ms
[2020-12-23T04:41:51.069-0400][gc,phases,start] GC(369809) Phase 2: Prepare for compaction
[2020-12-23T04:41:51.099-0400][gc,phases      ] GC(369809) Phase 2: Prepare for compaction 29.932ms
[2020-12-23T04:41:51.099-0400][gc,phases,start] GC(369809) Phase 3: Adjust pointers
[2020-12-23T04:41:51.179-0400][gc,phases      ] GC(369809) Phase 3: Adjust pointers 80.074ms
[2020-12-23T04:41:51.180-0400][gc,phases,start] GC(369809) Phase 4: Compact heap
[2020-12-23T04:41:51.202-0400][gc,phases      ] GC(369809) Phase 4: Compact heap 22.730ms
[2020-12-23T04:41:51.237-0400][gc,heap        ] GC(369809) Eden regions: 7->0(10)
[2020-12-23T04:41:51.238-0400][gc,heap        ] GC(369809) Survivor regions: 1->0(2)
[2020-12-23T04:41:51.238-0400][gc,heap        ] GC(369809) Old regions: 45->47
[2020-12-23T04:41:51.238-0400][gc,heap        ] GC(369809) Humongous regions: 4->4
[2020-12-23T04:41:51.238-0400][gc,metaspace   ] GC(369809) Metaspace: 61007K->61007K(1107968K)
[2020-12-23T04:41:51.238-0400][gc,heap        ] GC(369809) Heap after GC invocations=369786 (full 10737): garbage-first heap   total 71680K, used 48497K [0x0000000083000000, 0x0000000100000000)
[2020-12-23T04:41:51.238-0400][gc,heap        ] GC(369809)   region size 1024K, 0 young (0K), 0 survivors (0K)
[2020-12-23T04:41:51.238-0400][gc,heap        ] GC(369809)  Metaspace       used 61007K, capacity 63721K, committed 64768K, reserved 1107968K
[2020-12-23T04:41:51.238-0400][gc,heap        ] GC(369809)   class space    used 5712K, capacity 6559K, committed 6912K, reserved 1048576K
[2020-12-23T04:41:51.238-0400][gc             ] GC(369809) Pause Full (System.gc()) 54M->47M(70M) 313.908ms
[2020-12-23T04:41:51.238-0400][gc,cpu         ] GC(369809) User=0.68s Sys=0.15s Real=0.32s
[2020-12-23T04:42:16.813-0400][gc,heap        ] GC(369810) Heap before GC invocations=369786 (full 10737): garbage-first heap   total 71680K, used 57713K [0x0000000083000000, 0x0000000100000000)
[2020-12-23T04:42:16.813-0400][gc,heap        ] GC(369810)   region size 1024K, 10 young (10240K), 0 survivors (0K)
[2020-12-23T04:42:16.813-0400][gc,heap        ] GC(369810)  Metaspace       used 61007K, capacity 63721K, committed 64768K, reserved 1107968K
[2020-12-23T04:42:16.813-0400][gc,heap        ] GC(369810)   class space    used 5712K, capacity 6559K, committed 6912K, reserved 1048576K
[2020-12-23T04:42:16.813-0400][gc,start       ] GC(369810) Pause Young (Normal) (G1 Evacuation Pause)
[2020-12-23T04:42:16.813-0400][gc,task        ] GC(369810) Using 4 workers of 4 for evacuation
[2020-12-23T04:42:16.819-0400][gc,phases      ] GC(369810)   Pre Evacuate Collection Set: 0.0ms
[2020-12-23T04:42:16.819-0400][gc,phases      ] GC(369810)   Evacuate Collection Set: 2.9ms
[2020-12-23T04:42:16.819-0400][gc,phases      ] GC(369810)   Post Evacuate Collection Set: 2.2ms
[2020-12-23T04:42:16.819-0400][gc,phases      ] GC(369810)   Other: 0.9ms
[2020-12-23T04:42:16.819-0400][gc,heap        ] GC(369810) Eden regions: 10->0(10)
[2020-12-23T04:42:16.819-0400][gc,heap        ] GC(369810) Survivor regions: 0->1(2)
[2020-12-23T04:42:16.819-0400][gc,heap        ] GC(369810) Old regions: 47->47
[2020-12-23T04:42:16.820-0400][gc,heap        ] GC(369810) Humongous regions: 4->4
[2020-12-23T04:42:16.820-0400][gc,metaspace   ] GC(369810) Metaspace: 61007K->61007K(1107968K)
[2020-12-23T04:42:16.820-0400][gc,heap        ] GC(369810) Heap after GC invocations=369787 (full 10737): garbage-first heap   total 71680K, used 48773K [0x0000000083000000, 0x0000000100000000)
[2020-12-23T04:42:16.820-0400][gc,heap        ] GC(369810)   region size 1024K, 1 young (1024K), 1 survivors (1024K)
[2020-12-23T04:42:16.820-0400][gc,heap        ] GC(369810)  Metaspace       used 61007K, capacity 63721K, committed 64768K, reserved 1107968K
[2020-12-23T04:42:16.820-0400][gc,heap        ] GC(369810)   class space    used 5712K, capacity 6559K, committed 6912K, reserved 1048576K
[2020-12-23T04:42:16.820-0400][gc             ] GC(369810) Pause Young (Normal) (G1 Evacuation Pause) 57M->47M(70M) 6.521ms
[2020-12-23T04:42:16.820-0400][gc,cpu         ] GC(369810) User=0.02s Sys=0.00s Real=0.01s
[2020-12-23T04:42:48.327-0400][gc,heap        ] GC(369811) Heap before GC invocations=369787 (full 10737): garbage-first heap   total 71680K, used 57989K [0x0000000083000000, 0x0000000100000000)
[2020-12-23T04:42:48.327-0400][gc,heap        ] GC(369811)   region size 1024K, 11 young (11264K), 1 survivors (1024K)
[2020-12-23T04:42:48.327-0400][gc,heap        ] GC(369811)  Metaspace       used 61007K, capacity 63721K, committed 64768K, reserved 1107968K
[2020-12-23T04:42:48.327-0400][gc,heap        ] GC(369811)   class space    used 5712K, capacity 6559K, committed 6912K, reserved 1048576K
[2020-12-23T04:42:48.327-0400][gc,start       ] GC(369811) Pause Young (Normal) (G1 Evacuation Pause)
[2020-12-23T04:42:48.327-0400][gc,task        ] GC(369811) Using 4 workers of 4 for evacuation
[2020-12-23T04:42:48.332-0400][gc,phases      ] GC(369811)   Pre Evacuate Collection Set: 0.1ms
[2020-12-23T04:42:48.333-0400][gc,phases      ] GC(369811)   Evacuate Collection Set: 3.1ms
[2020-12-23T04:42:48.333-0400][gc,phases      ] GC(369811)   Post Evacuate Collection Set: 1.5ms
[2020-12-23T04:42:48.333-0400][gc,phases      ] GC(369811)   Other: 0.8ms
[2020-12-23T04:42:48.333-0400][gc,heap        ] GC(369811) Eden regions: 10->0(10)
[2020-12-23T04:42:48.333-0400][gc,heap        ] GC(369811) Survivor regions: 1->1(2)
[2020-12-23T04:42:48.333-0400][gc,heap        ] GC(369811) Old regions: 47->47
[2020-12-23T04:42:48.333-0400][gc,heap        ] GC(369811) Humongous regions: 4->4
[2020-12-23T04:42:48.333-0400][gc,metaspace   ] GC(369811) Metaspace: 61007K->61007K(1107968K)
[2020-12-23T04:42:48.333-0400][gc,heap        ] GC(369811) Heap after GC invocations=369788 (full 10737): garbage-first heap   total 71680K, used 48780K [0x0000000083000000, 0x0000000100000000)
[2020-12-23T04:42:48.333-0400][gc,heap        ] GC(369811)   region size 1024K, 1 young (1024K), 1 survivors (1024K)
[2020-12-23T04:42:48.333-0400][gc,heap        ] GC(369811)  Metaspace       used 61007K, capacity 63721K, committed 64768K, reserved 1107968K
[2020-12-23T04:42:48.333-0400][gc,heap        ] GC(369811)   class space    used 5712K, capacity 6559K, committed 6912K, reserved 1048576K
[2020-12-23T04:42:48.333-0400][gc             ] GC(369811) Pause Young (Normal) (G1 Evacuation Pause) 57M->47M(70M) 5.836ms
[2020-12-23T04:42:48.333-0400][gc,cpu         ] GC(369811) User=0.01s Sys=0.01s Real=0.00s
[2020-12-23T04:43:21.265-0400][gc,heap        ] GC(369812) Heap before GC invocations=369788 (full 10737): garbage-first heap   total 71680K, used 57996K [0x0000000083000000, 0x0000000100000000)
[2020-12-23T04:43:21.265-0400][gc,heap        ] GC(369812)   region size 1024K, 11 young (11264K), 1 survivors (1024K)
[2020-12-23T04:43:21.265-0400][gc,heap        ] GC(369812)  Metaspace       used 61007K, capacity 63721K, committed 64768K, reserved 1107968K
[2020-12-23T04:43:21.265-0400][gc,heap        ] GC(369812)   class space    used 5712K, capacity 6559K, committed 6912K, reserved 1048576K
[2020-12-23T04:43:21.265-0400][gc,start       ] GC(369812) Pause Young (Normal) (G1 Evacuation Pause)
[2020-12-23T04:43:21.265-0400][gc,task        ] GC(369812) Using 4 workers of 4 for evacuation
[2020-12-23T04:43:21.271-0400][gc,phases      ] GC(369812)   Pre Evacuate Collection Set: 0.0ms
[2020-12-23T04:43:21.271-0400][gc,phases      ] GC(369812)   Evacuate Collection Set: 3.1ms
[2020-12-23T04:43:21.271-0400][gc,phases      ] GC(369812)   Post Evacuate Collection Set: 1.9ms
[2020-12-23T04:43:21.271-0400][gc,phases      ] GC(369812)   Other: 0.9ms
[2020-12-23T04:43:21.271-0400][gc,heap        ] GC(369812) Eden regions: 10->0(10)
[2020-12-23T04:43:21.271-0400][gc,heap        ] GC(369812) Survivor regions: 1->1(2)
[2020-12-23T04:43:21.271-0400][gc,heap        ] GC(369812) Old regions: 47->47
[2020-12-23T04:43:21.271-0400][gc,heap        ] GC(369812) Humongous regions: 4->4
[2020-12-23T04:43:21.272-0400][gc,metaspace   ] GC(369812) Metaspace: 61007K->61007K(1107968K)
[2020-12-23T04:43:21.272-0400][gc,heap        ] GC(369812) Heap after GC invocations=369789 (full 10737): garbage-first heap   total 71680K, used 48802K [0x0000000083000000, 0x0000000100000000)
[2020-12-23T04:43:21.272-0400][gc,heap        ] GC(369812)   region size 1024K, 1 young (1024K), 1 survivors (1024K)
[2020-12-23T04:43:21.272-0400][gc,heap        ] GC(369812)  Metaspace       used 61007K, capacity 63721K, committed 64768K, reserved 1107968K
[2020-12-23T04:43:21.272-0400][gc,heap        ] GC(369812)   class space    used 5712K, capacity 6559K, committed 6912K, reserved 1048576K
[2020-12-23T04:43:21.272-0400][gc             ] GC(369812) Pause Young (Normal) (G1 Evacuation Pause) 57M->47M(70M) 6.436ms
[2020-12-23T04:43:21.272-0400][gc,cpu         ] GC(369812) User=0.01s Sys=0.00s Real=0.01s
[2020-12-23T04:44:00.652-0400][gc,heap        ] GC(369813) Heap before GC invocations=369789 (full 10737): garbage-first heap   total 71680K, used 58018K [0x0000000083000000, 0x0000000100000000)
[2020-12-23T04:44:00.652-0400][gc,heap        ] GC(369813)   region size 1024K, 11 young (11264K), 1 survivors (1024K)
[2020-12-23T04:44:00.652-0400][gc,heap        ] GC(369813)  Metaspace       used 61007K, capacity 63721K, committed 64768K, reserved 1107968K
[2020-12-23T04:44:00.652-0400][gc,heap        ] GC(369813)   class space    used 5712K, capacity 6559K, committed 6912K, reserved 1048576K
[2020-12-23T04:44:00.652-0400][gc,start       ] GC(369813) Pause Young (Normal) (G1 Evacuation Pause)
[2020-12-23T04:44:00.652-0400][gc,task        ] GC(369813) Using 4 workers of 4 for evacuation
[2020-12-23T04:44:00.658-0400][gc,phases      ] GC(369813)   Pre Evacuate Collection Set: 0.0ms
[2020-12-23T04:44:00.658-0400][gc,phases      ] GC(369813)   Evacuate Collection Set: 3.5ms
[2020-12-23T04:44:00.658-0400][gc,phases      ] GC(369813)   Post Evacuate Collection Set: 1.6ms
[2020-12-23T04:44:00.658-0400][gc,phases      ] GC(369813)   Other: 0.9ms
[2020-12-23T04:44:00.658-0400][gc,heap        ] GC(369813) Eden regions: 10->0(10)
[2020-12-23T04:44:00.658-0400][gc,heap        ] GC(369813) Survivor regions: 1->1(2)
[2020-12-23T04:44:00.658-0400][gc,heap        ] GC(369813) Old regions: 47->47
[2020-12-23T04:44:00.658-0400][gc,heap        ] GC(369813) Humongous regions: 4->4
[2020-12-23T04:44:00.658-0400][gc,metaspace   ] GC(369813) Metaspace: 61007K->61007K(1107968K)
[2020-12-23T04:44:00.658-0400][gc,heap        ] GC(369813) Heap after GC invocations=369790 (full 10737): garbage-first heap   total 71680K, used 48885K [0x0000000083000000, 0x0000000100000000)
[2020-12-23T04:44:00.658-0400][gc,heap        ] GC(369813)   region size 1024K, 1 young (1024K), 1 survivors (1024K)
[2020-12-23T04:44:00.658-0400][gc,heap        ] GC(369813)  Metaspace       used 61007K, capacity 63721K, committed 64768K, reserved 1107968K
[2020-12-23T04:44:00.659-0400][gc,heap        ] GC(369813)   class space    used 5712K, capacity 6559K, committed 6912K, reserved 1048576K
[2020-12-23T04:44:00.659-0400][gc             ] GC(369813) Pause Young (Normal) (G1 Evacuation Pause) 57M->47M(70M) 6.478ms
[2020-12-23T04:44:00.659-0400][gc,cpu         ] GC(369813) User=0.01s Sys=0.00s Real=0.01s
[2020-12-23T04:44:27.529-0400][gc,heap        ] GC(369814) Heap before GC invocations=369790 (full 10737): garbage-first heap   total 71680K, used 58101K [0x0000000083000000, 0x0000000100000000)
[2020-12-23T04:44:27.529-0400][gc,heap        ] GC(369814)   region size 1024K, 11 young (11264K), 1 survivors (1024K)
[2020-12-23T04:44:27.529-0400][gc,heap        ] GC(369814)  Metaspace       used 61007K, capacity 63721K, committed 64768K, reserved 1107968K
[2020-12-23T04:44:27.529-0400][gc,heap        ] GC(369814)   class space    used 5712K, capacity 6559K, committed 6912K, reserved 1048576K
[2020-12-23T04:44:27.529-0400][gc,start       ] GC(369814) Pause Young (Normal) (G1 Evacuation Pause)
[2020-12-23T04:44:27.529-0400][gc,task        ] GC(369814) Using 4 workers of 4 for evacuation
[2020-12-23T04:44:27.535-0400][gc,phases      ] GC(369814)   Pre Evacuate Collection Set: 0.0ms
[2020-12-23T04:44:27.535-0400][gc,phases      ] GC(369814)   Evacuate Collection Set: 3.3ms
[2020-12-23T04:44:27.535-0400][gc,phases      ] GC(369814)   Post Evacuate Collection Set: 1.7ms
[2020-12-23T04:44:27.535-0400][gc,phases      ] GC(369814)   Other: 1.0ms
[2020-12-23T04:44:27.535-0400][gc,heap        ] GC(369814) Eden regions: 10->0(10)
[2020-12-23T04:44:27.535-0400][gc,heap        ] GC(369814) Survivor regions: 1->1(2)
[2020-12-23T04:44:27.535-0400][gc,heap        ] GC(369814) Old regions: 47->47
[2020-12-23T04:44:27.535-0400][gc,heap        ] GC(369814) Humongous regions: 4->4
[2020-12-23T04:44:27.535-0400][gc,metaspace   ] GC(369814) Metaspace: 61007K->61007K(1107968K)
[2020-12-23T04:44:27.535-0400][gc,heap        ] GC(369814) Heap after GC invocations=369791 (full 10737): garbage-first heap   total 71680K, used 48919K [0x0000000083000000, 0x0000000100000000)
[2020-12-23T04:44:27.535-0400][gc,heap        ] GC(369814)   region size 1024K, 1 young (1024K), 1 survivors (1024K)
[2020-12-23T04:44:27.535-0400][gc,heap        ] GC(369814)  Metaspace       used 61007K, capacity 63721K, committed 64768K, reserved 1107968K
[2020-12-23T04:44:27.535-0400][gc,heap        ] GC(369814)   class space    used 5712K, capacity 6559K, committed 6912K, reserved 1048576K
[2020-12-23T04:44:27.535-0400][gc             ] GC(369814) Pause Young (Normal) (G1 Evacuation Pause) 57M->47M(70M) 6.252ms
[2020-12-23T04:44:27.535-0400][gc,cpu         ] GC(369814) User=0.02s Sys=0.00s Real=0.00s
[2020-12-23T04:45:03.892-0400][gc,heap        ] GC(369815) Heap before GC invocations=369791 (full 10737): garbage-first heap   total 71680K, used 58135K [0x0000000083000000, 0x0000000100000000)
[2020-12-23T04:45:03.893-0400][gc,heap        ] GC(369815)   region size 1024K, 11 young (11264K), 1 survivors (1024K)
[2020-12-23T04:45:03.893-0400][gc,heap        ] GC(369815)  Metaspace       used 61007K, capacity 63721K, committed 64768K, reserved 1107968K
[2020-12-23T04:45:03.893-0400][gc,heap        ] GC(369815)   class space    used 5712K, capacity 6559K, committed 6912K, reserved 1048576K
[2020-12-23T04:45:03.893-0400][gc,start       ] GC(369815) Pause Young (Normal) (G1 Evacuation Pause)
[2020-12-23T04:45:03.893-0400][gc,task        ] GC(369815) Using 4 workers of 4 for evacuation
[2020-12-23T04:45:03.899-0400][gc,phases      ] GC(369815)   Pre Evacuate Collection Set: 0.0ms
[2020-12-23T04:45:03.899-0400][gc,phases      ] GC(369815)   Evacuate Collection Set: 3.9ms
[2020-12-23T04:45:03.899-0400][gc,phases      ] GC(369815)   Post Evacuate Collection Set: 1.5ms
[2020-12-23T04:45:03.899-0400][gc,phases      ] GC(369815)   Other: 0.9ms
[2020-12-23T04:45:03.899-0400][gc,heap        ] GC(369815) Eden regions: 10->0(10)
[2020-12-23T04:45:03.899-0400][gc,heap        ] GC(369815) Survivor regions: 1->1(2)
[2020-12-23T04:45:03.899-0400][gc,heap        ] GC(369815) Old regions: 47->47
[2020-12-23T04:45:03.899-0400][gc,heap        ] GC(369815) Humongous regions: 4->4
[2020-12-23T04:45:03.899-0400][gc,metaspace   ] GC(369815) Metaspace: 61007K->61007K(1107968K)
[2020-12-23T04:45:03.899-0400][gc,heap        ] GC(369815) Heap after GC invocations=369792 (full 10737): garbage-first heap   total 71680K, used 48949K [0x0000000083000000, 0x0000000100000000)
[2020-12-23T04:45:03.899-0400][gc,heap        ] GC(369815)   region size 1024K, 1 young (1024K), 1 survivors (1024K)
[2020-12-23T04:45:03.899-0400][gc,heap        ] GC(369815)  Metaspace       used 61007K, capacity 63721K, committed 64768K, reserved 1107968K
[2020-12-23T04:45:03.899-0400][gc,heap        ] GC(369815)   class space    used 5712K, capacity 6559K, committed 6912K, reserved 1048576K
[2020-12-23T04:45:03.900-0400][gc             ] GC(369815) Pause Young (Normal) (G1 Evacuation Pause) 57M->47M(70M) 6.719ms
[2020-12-23T04:45:03.900-0400][gc,cpu         ] GC(369815) User=0.02s Sys=0.01s Real=0.01s
[2020-12-23T04:45:27.992-0400][gc,heap        ] GC(369816) Heap before GC invocations=369792 (full 10737): garbage-first heap   total 71680K, used 59189K [0x0000000083000000, 0x0000000100000000)
[2020-12-23T04:45:27.992-0400][gc,heap        ] GC(369816)   region size 1024K, 11 young (11264K), 1 survivors (1024K)
[2020-12-23T04:45:27.992-0400][gc,heap        ] GC(369816)  Metaspace       used 61007K, capacity 63721K, committed 64768K, reserved 1107968K
[2020-12-23T04:45:27.992-0400][gc,heap        ] GC(369816)   class space    used 5712K, capacity 6559K, committed 6912K, reserved 1048576K
[2020-12-23T04:45:27.992-0400][gc,start       ] GC(369816) Pause Young (Normal) (G1 Evacuation Pause)
[2020-12-23T04:45:27.992-0400][gc,task        ] GC(369816) Using 4 workers of 4 for evacuation
[2020-12-23T04:45:27.998-0400][gc,phases      ] GC(369816)   Pre Evacuate Collection Set: 0.0ms
[2020-12-23T04:45:27.998-0400][gc,phases      ] GC(369816)   Evacuate Collection Set: 4.0ms
[2020-12-23T04:45:27.998-0400][gc,phases      ] GC(369816)   Post Evacuate Collection Set: 1.8ms
[2020-12-23T04:45:27.998-0400][gc,phases      ] GC(369816)   Other: 0.8ms
[2020-12-23T04:45:27.998-0400][gc,heap        ] GC(369816) Eden regions: 10->0(10)
[2020-12-23T04:45:27.999-0400][gc,heap        ] GC(369816) Survivor regions: 1->1(2)
[2020-12-23T04:45:27.999-0400][gc,heap        ] GC(369816) Old regions: 47->47
[2020-12-23T04:45:27.999-0400][gc,heap        ] GC(369816) Humongous regions: 4->4
[2020-12-23T04:45:27.999-0400][gc,metaspace   ] GC(369816) Metaspace: 61007K->61007K(1107968K)
[2020-12-23T04:45:27.999-0400][gc,heap        ] GC(369816) Heap after GC invocations=369793 (full 10737): garbage-first heap   total 71680K, used 49045K [0x0000000083000000, 0x0000000100000000)
[2020-12-23T04:45:27.999-0400][gc,heap        ] GC(369816)   region size 1024K, 1 young (1024K), 1 survivors (1024K)
[2020-12-23T04:45:27.999-0400][gc,heap        ] GC(369816)  Metaspace       used 61007K, capacity 63721K, committed 64768K, reserved 1107968K
[2020-12-23T04:45:27.999-0400][gc,heap        ] GC(369816)   class space    used 5712K, capacity 6559K, committed 6912K, reserved 1048576K
[2020-12-23T04:45:27.999-0400][gc             ] GC(369816) Pause Young (Normal) (G1 Evacuation Pause) 57M->47M(70M) 7.045ms
[2020-12-23T04:45:27.999-0400][gc,cpu         ] GC(369816) User=0.02s Sys=0.00s Real=0.01s
[2020-12-23T04:46:03.893-0400][gc,heap        ] GC(369817) Heap before GC invocations=369793 (full 10737): garbage-first heap   total 71680K, used 58261K [0x0000000083000000, 0x0000000100000000)
[2020-12-23T04:46:03.894-0400][gc,heap        ] GC(369817)   region size 1024K, 11 young (11264K), 1 survivors (1024K)
[2020-12-23T04:46:03.894-0400][gc,heap        ] GC(369817)  Metaspace       used 61007K, capacity 63721K, committed 64768K, reserved 1107968K
[2020-12-23T04:46:03.894-0400][gc,heap        ] GC(369817)   class space    used 5712K, capacity 6559K, committed 6912K, reserved 1048576K
[2020-12-23T04:46:03.894-0400][gc,start       ] GC(369817) Pause Young (Normal) (G1 Evacuation Pause)
[2020-12-23T04:46:03.894-0400][gc,task        ] GC(369817) Using 4 workers of 4 for evacuation
[2020-12-23T04:46:03.900-0400][gc,phases      ] GC(369817)   Pre Evacuate Collection Set: 0.0ms
[2020-12-23T04:46:03.900-0400][gc,phases      ] GC(369817)   Evacuate Collection Set: 3.9ms
[2020-12-23T04:46:03.900-0400][gc,phases      ] GC(369817)   Post Evacuate Collection Set: 1.7ms
[2020-12-23T04:46:03.900-0400][gc,phases      ] GC(369817)   Other: 0.9ms
[2020-12-23T04:46:03.900-0400][gc,heap        ] GC(369817) Eden regions: 10->0(9)
[2020-12-23T04:46:03.900-0400][gc,heap        ] GC(369817) Survivor regions: 1->1(2)
[2020-12-23T04:46:03.900-0400][gc,heap        ] GC(369817) Old regions: 47->47
[2020-12-23T04:46:03.900-0400][gc,heap        ] GC(369817) Humongous regions: 4->4
[2020-12-23T04:46:03.900-0400][gc,metaspace   ] GC(369817) Metaspace: 61007K->61007K(1107968K)
[2020-12-23T04:46:03.900-0400][gc,heap        ] GC(369817) Heap after GC invocations=369794 (full 10737): garbage-first heap   total 71680K, used 49074K [0x0000000083000000, 0x0000000100000000)
[2020-12-23T04:46:03.901-0400][gc,heap        ] GC(369817)   region size 1024K, 1 young (1024K), 1 survivors (1024K)
[2020-12-23T04:46:03.901-0400][gc,heap        ] GC(369817)  Metaspace       used 61007K, capacity 63721K, committed 64768K, reserved 1107968K
[2020-12-23T04:46:03.901-0400][gc,heap        ] GC(369817)   class space    used 5712K, capacity 6559K, committed 6912K, reserved 1048576K
[2020-12-23T04:46:03.901-0400][gc             ] GC(369817) Pause Young (Normal) (G1 Evacuation Pause) 57M->47M(70M) 6.942ms
[2020-12-23T04:46:03.901-0400][gc,cpu         ] GC(369817) User=0.01s Sys=0.01s Real=0.01s
[2020-12-23T04:46:32.163-0400][gc,heap        ] GC(369818) Heap before GC invocations=369794 (full 10737): garbage-first heap   total 71680K, used 57266K [0x0000000083000000, 0x0000000100000000)
[2020-12-23T04:46:32.163-0400][gc,heap        ] GC(369818)   region size 1024K, 10 young (10240K), 1 survivors (1024K)
[2020-12-23T04:46:32.163-0400][gc,heap        ] GC(369818)  Metaspace       used 61007K, capacity 63721K, committed 64768K, reserved 1107968K
[2020-12-23T04:46:32.163-0400][gc,heap        ] GC(369818)   class space    used 5712K, capacity 6559K, committed 6912K, reserved 1048576K
[2020-12-23T04:46:32.163-0400][gc,start       ] GC(369818) Pause Young (Normal) (G1 Evacuation Pause)
[2020-12-23T04:46:32.163-0400][gc,task        ] GC(369818) Using 4 workers of 4 for evacuation
[2020-12-23T04:46:32.169-0400][gc,phases      ] GC(369818)   Pre Evacuate Collection Set: 0.0ms
[2020-12-23T04:46:32.169-0400][gc,phases      ] GC(369818)   Evacuate Collection Set: 3.6ms
[2020-12-23T04:46:32.169-0400][gc,phases      ] GC(369818)   Post Evacuate Collection Set: 1.7ms
[2020-12-23T04:46:32.169-0400][gc,phases      ] GC(369818)   Other: 0.9ms
[2020-12-23T04:46:32.169-0400][gc,heap        ] GC(369818) Eden regions: 9->0(9)
[2020-12-23T04:46:32.169-0400][gc,heap        ] GC(369818) Survivor regions: 1->1(2)
[2020-12-23T04:46:32.169-0400][gc,heap        ] GC(369818) Old regions: 47->47
[2020-12-23T04:46:32.169-0400][gc,heap        ] GC(369818) Humongous regions: 4->4
[2020-12-23T04:46:32.169-0400][gc,metaspace   ] GC(369818) Metaspace: 61007K->61007K(1107968K)
[2020-12-23T04:46:32.169-0400][gc,heap        ] GC(369818) Heap after GC invocations=369795 (full 10737): garbage-first heap   total 71680K, used 49000K [0x0000000083000000, 0x0000000100000000)
[2020-12-23T04:46:32.169-0400][gc,heap        ] GC(369818)   region size 1024K, 1 young (1024K), 1 survivors (1024K)
[2020-12-23T04:46:32.169-0400][gc,heap        ] GC(369818)  Metaspace       used 61007K, capacity 63721K, committed 64768K, reserved 1107968K
[2020-12-23T04:46:32.169-0400][gc,heap        ] GC(369818)   class space    used 5712K, capacity 6559K, committed 6912K, reserved 1048576K
[2020-12-23T04:46:32.169-0400][gc             ] GC(369818) Pause Young (Normal) (G1 Evacuation Pause) 56M->47M(70M) 6.476ms
[2020-12-23T04:46:32.170-0400][gc,cpu         ] GC(369818) User=0.01s Sys=0.01s Real=0.01s
[2020-12-23T04:46:50.924-0400][gc,task        ] GC(369819) Using 3 workers of 4 for full compaction
[2020-12-23T04:46:50.924-0400][gc,start       ] GC(369819) Pause Full (System.gc())
[2020-12-23T04:46:50.925-0400][gc,heap        ] GC(369819) Heap before GC invocations=369795 (full 10737): garbage-first heap   total 71680K, used 53096K [0x0000000083000000, 0x0000000100000000)
[2020-12-23T04:46:50.925-0400][gc,heap        ] GC(369819)   region size 1024K, 6 young (6144K), 1 survivors (1024K)
[2020-12-23T04:46:50.925-0400][gc,heap        ] GC(369819)  Metaspace       used 61007K, capacity 63721K, committed 64768K, reserved 1107968K
[2020-12-23T04:46:50.925-0400][gc,heap        ] GC(369819)   class space    used 5712K, capacity 6559K, committed 6912K, reserved 1048576K
[2020-12-23T04:46:50.927-0400][gc,phases,start] GC(369819) Phase 1: Mark live objects
[2020-12-23T04:46:51.071-0400][gc,stringtable ] GC(369819) Cleaned string and symbol table, strings: 32200 processed, 0 removed, symbols: 131451 processed, 0 removed
[2020-12-23T04:46:51.071-0400][gc,phases      ] GC(369819) Phase 1: Mark live objects 143.910ms
[2020-12-23T04:46:51.071-0400][gc,phases,start] GC(369819) Phase 2: Prepare for compaction
[2020-12-23T04:46:51.102-0400][gc,phases      ] GC(369819) Phase 2: Prepare for compaction 30.665ms
[2020-12-23T04:46:51.102-0400][gc,phases,start] GC(369819) Phase 3: Adjust pointers
[2020-12-23T04:46:51.181-0400][gc,phases      ] GC(369819) Phase 3: Adjust pointers 78.841ms
[2020-12-23T04:46:51.181-0400][gc,phases,start] GC(369819) Phase 4: Compact heap
[2020-12-23T04:46:51.202-0400][gc,phases      ] GC(369819) Phase 4: Compact heap 21.040ms
[2020-12-23T04:46:51.238-0400][gc,heap        ] GC(369819) Eden regions: 5->0(11)
[2020-12-23T04:46:51.238-0400][gc,heap        ] GC(369819) Survivor regions: 1->0(2)
[2020-12-23T04:46:51.238-0400][gc,heap        ] GC(369819) Old regions: 47->46
[2020-12-23T04:46:51.238-0400][gc,heap        ] GC(369819) Humongous regions: 4->4
[2020-12-23T04:46:51.238-0400][gc,metaspace   ] GC(369819) Metaspace: 61007K->61007K(1107968K)
[2020-12-23T04:46:51.238-0400][gc,heap        ] GC(369819) Heap after GC invocations=369796 (full 10738): garbage-first heap   total 71680K, used 48490K [0x0000000083000000, 0x0000000100000000)
[2020-12-23T04:46:51.238-0400][gc,heap        ] GC(369819)   region size 1024K, 0 young (0K), 0 survivors (0K)
[2020-12-23T04:46:51.238-0400][gc,heap        ] GC(369819)  Metaspace       used 61007K, capacity 63721K, committed 64768K, reserved 1107968K
[2020-12-23T04:46:51.238-0400][gc,heap        ] GC(369819)   class space    used 5712K, capacity 6559K, committed 6912K, reserved 1048576K
[2020-12-23T04:46:51.238-0400][gc             ] GC(369819) Pause Full (System.gc()) 52M->47M(70M) 313.822ms
[2020-12-23T04:46:51.238-0400][gc,cpu         ] GC(369819) User=0.77s Sys=0.07s Real=0.32s
[2020-12-23T04:47:24.319-0400][gc,heap        ] GC(369820) Heap before GC invocations=369796 (full 10738): garbage-first heap   total 71680K, used 58730K [0x0000000083000000, 0x0000000100000000)
[2020-12-23T04:47:24.319-0400][gc,heap        ] GC(369820)   region size 1024K, 11 young (11264K), 0 survivors (0K)
[2020-12-23T04:47:24.319-0400][gc,heap        ] GC(369820)  Metaspace       used 61007K, capacity 63721K, committed 64768K, reserved 1107968K
[2020-12-23T04:47:24.319-0400][gc,heap        ] GC(369820)   class space    used 5712K, capacity 6559K, committed 6912K, reserved 1048576K
[2020-12-23T04:47:24.319-0400][gc,start       ] GC(369820) Pause Young (Normal) (G1 Evacuation Pause)
[2020-12-23T04:47:24.319-0400][gc,task        ] GC(369820) Using 4 workers of 4 for evacuation
[2020-12-23T04:47:24.325-0400][gc,phases      ] GC(369820)   Pre Evacuate Collection Set: 0.0ms
[2020-12-23T04:47:24.325-0400][gc,phases      ] GC(369820)   Evacuate Collection Set: 3.1ms
[2020-12-23T04:47:24.325-0400][gc,phases      ] GC(369820)   Post Evacuate Collection Set: 1.7ms
[2020-12-23T04:47:24.325-0400][gc,phases      ] GC(369820)   Other: 0.9ms
[2020-12-23T04:47:24.325-0400][gc,heap        ] GC(369820) Eden regions: 11->0(10)
[2020-12-23T04:47:24.325-0400][gc,heap        ] GC(369820) Survivor regions: 0->1(2)
[2020-12-23T04:47:24.325-0400][gc,heap        ] GC(369820) Old regions: 46->46
[2020-12-23T04:47:24.325-0400][gc,heap        ] GC(369820) Humongous regions: 4->4
[2020-12-23T04:47:24.325-0400][gc,metaspace   ] GC(369820) Metaspace: 61007K->61007K(1107968K)
[2020-12-23T04:47:24.325-0400][gc,heap        ] GC(369820) Heap after GC invocations=369797 (full 10738): garbage-first heap   total 71680K, used 48757K [0x0000000083000000, 0x0000000100000000)
[2020-12-23T04:47:24.325-0400][gc,heap        ] GC(369820)   region size 1024K, 1 young (1024K), 1 survivors (1024K)
[2020-12-23T04:47:24.325-0400][gc,heap        ] GC(369820)  Metaspace       used 61007K, capacity 63721K, committed 64768K, reserved 1107968K
[2020-12-23T04:47:24.325-0400][gc,heap        ] GC(369820)   class space    used 5712K, capacity 6559K, committed 6912K, reserved 1048576K
[2020-12-23T04:47:24.325-0400][gc             ] GC(369820) Pause Young (Normal) (G1 Evacuation Pause) 58M->47M(70M) 6.189ms
[2020-12-23T04:47:24.326-0400][gc,cpu         ] GC(369820) User=0.01s Sys=0.00s Real=0.01s
[2020-12-23T04:47:57.887-0400][gc,heap        ] GC(369821) Heap before GC invocations=369797 (full 10738): garbage-first heap   total 71680K, used 58997K [0x0000000083000000, 0x0000000100000000)
[2020-12-23T04:47:57.887-0400][gc,heap        ] GC(369821)   region size 1024K, 11 young (11264K), 1 survivors (1024K)
[2020-12-23T04:47:57.887-0400][gc,heap        ] GC(369821)  Metaspace       used 61007K, capacity 63721K, committed 64768K, reserved 1107968K
[2020-12-23T04:47:57.887-0400][gc,heap        ] GC(369821)   class space    used 5712K, capacity 6559K, committed 6912K, reserved 1048576K
[2020-12-23T04:47:57.887-0400][gc,start       ] GC(369821) Pause Young (Normal) (G1 Evacuation Pause)
[2020-12-23T04:47:57.887-0400][gc,task        ] GC(369821) Using 4 workers of 4 for evacuation
[2020-12-23T04:47:57.892-0400][gc,phases      ] GC(369821)   Pre Evacuate Collection Set: 0.0ms
[2020-12-23T04:47:57.892-0400][gc,phases      ] GC(369821)   Evacuate Collection Set: 3.1ms
[2020-12-23T04:47:57.893-0400][gc,phases      ] GC(369821)   Post Evacuate Collection Set: 1.5ms
[2020-12-23T04:47:57.893-0400][gc,phases      ] GC(369821)   Other: 0.8ms
[2020-12-23T04:47:57.893-0400][gc,heap        ] GC(369821) Eden regions: 10->0(10)
[2020-12-23T04:47:57.893-0400][gc,heap        ] GC(369821) Survivor regions: 1->1(2)
[2020-12-23T04:47:57.893-0400][gc,heap        ] GC(369821) Old regions: 46->46
[2020-12-23T04:47:57.893-0400][gc,heap        ] GC(369821) Humongous regions: 4->4
[2020-12-23T04:47:57.893-0400][gc,metaspace   ] GC(369821) Metaspace: 61007K->61007K(1107968K)
[2020-12-23T04:47:57.893-0400][gc,heap        ] GC(369821) Heap after GC invocations=369798 (full 10738): garbage-first heap   total 71680K, used 48796K [0x0000000083000000, 0x0000000100000000)
[2020-12-23T04:47:57.893-0400][gc,heap        ] GC(369821)   region size 1024K, 1 young (1024K), 1 survivors (1024K)
[2020-12-23T04:47:57.893-0400][gc,heap        ] GC(369821)  Metaspace       used 61007K, capacity 63721K, committed 64768K, reserved 1107968K
[2020-12-23T04:47:57.893-0400][gc,heap        ] GC(369821)   class space    used 5712K, capacity 6559K, committed 6912K, reserved 1048576K
[2020-12-23T04:47:57.893-0400][gc             ] GC(369821) Pause Young (Normal) (G1 Evacuation Pause) 57M->47M(70M) 5.906ms
[2020-12-23T04:47:57.893-0400][gc,cpu         ] GC(369821) User=0.00s Sys=0.01s Real=0.00s
[2020-12-23T04:48:41.959-0400][gc,heap        ] GC(369822) Heap before GC invocations=369798 (full 10738): garbage-first heap   total 71680K, used 59036K [0x0000000083000000, 0x0000000100000000)
[2020-12-23T04:48:41.959-0400][gc,heap        ] GC(369822)   region size 1024K, 11 young (11264K), 1 survivors (1024K)
[2020-12-23T04:48:41.959-0400][gc,heap        ] GC(369822)  Metaspace       used 61007K, capacity 63721K, committed 64768K, reserved 1107968K
[2020-12-23T04:48:41.959-0400][gc,heap        ] GC(369822)   class space    used 5712K, capacity 6559K, committed 6912K, reserved 1048576K
[2020-12-23T04:48:41.959-0400][gc,start       ] GC(369822) Pause Young (Normal) (G1 Evacuation Pause)
[2020-12-23T04:48:41.959-0400][gc,task        ] GC(369822) Using 4 workers of 4 for evacuation
[2020-12-23T04:48:41.965-0400][gc,phases      ] GC(369822)   Pre Evacuate Collection Set: 0.0ms
[2020-12-23T04:48:41.965-0400][gc,phases      ] GC(369822)   Evacuate Collection Set: 3.1ms
[2020-12-23T04:48:41.965-0400][gc,phases      ] GC(369822)   Post Evacuate Collection Set: 1.9ms
[2020-12-23T04:48:41.965-0400][gc,phases      ] GC(369822)   Other: 0.8ms
[2020-12-23T04:48:41.965-0400][gc,heap        ] GC(369822) Eden regions: 10->0(10)
[2020-12-23T04:48:41.965-0400][gc,heap        ] GC(369822) Survivor regions: 1->1(2)
[2020-12-23T04:48:41.965-0400][gc,heap        ] GC(369822) Old regions: 46->46
[2020-12-23T04:48:41.965-0400][gc,heap        ] GC(369822) Humongous regions: 4->4
[2020-12-23T04:48:41.965-0400][gc,metaspace   ] GC(369822) Metaspace: 61007K->61007K(1107968K)
[2020-12-23T04:48:41.965-0400][gc,heap        ] GC(369822) Heap after GC invocations=369799 (full 10738): garbage-first heap   total 71680K, used 48819K [0x0000000083000000, 0x0000000100000000)
[2020-12-23T04:48:41.965-0400][gc,heap        ] GC(369822)   region size 1024K, 1 young (1024K), 1 survivors (1024K)
[2020-12-23T04:48:41.965-0400][gc,heap        ] GC(369822)  Metaspace       used 61007K, capacity 63721K, committed 64768K, reserved 1107968K
[2020-12-23T04:48:41.965-0400][gc,heap        ] GC(369822)   class space    used 5712K, capacity 6559K, committed 6912K, reserved 1048576K
[2020-12-23T04:48:41.965-0400][gc             ] GC(369822) Pause Young (Normal) (G1 Evacuation Pause) 57M->47M(70M) 6.477ms
[2020-12-23T04:48:41.966-0400][gc,cpu         ] GC(369822) User=0.02s Sys=0.00s Real=0.01s
[2020-12-23T04:48:59.914-0400][gc,heap        ] GC(369823) Heap before GC invocations=369799 (full 10738): garbage-first heap   total 71680K, used 58035K [0x0000000083000000, 0x0000000100000000)
[2020-12-23T04:48:59.915-0400][gc,heap        ] GC(369823)   region size 1024K, 11 young (11264K), 1 survivors (1024K)
[2020-12-23T04:48:59.915-0400][gc,heap        ] GC(369823)  Metaspace       used 61007K, capacity 63721K, committed 64768K, reserved 1107968K
[2020-12-23T04:48:59.915-0400][gc,heap        ] GC(369823)   class space    used 5712K, capacity 6559K, committed 6912K, reserved 1048576K
[2020-12-23T04:48:59.915-0400][gc,start       ] GC(369823) Pause Young (Normal) (G1 Evacuation Pause)
[2020-12-23T04:48:59.915-0400][gc,task        ] GC(369823) Using 4 workers of 4 for evacuation
[2020-12-23T04:48:59.923-0400][gc,phases      ] GC(369823)   Pre Evacuate Collection Set: 0.0ms
[2020-12-23T04:48:59.923-0400][gc,phases      ] GC(369823)   Evacuate Collection Set: 4.6ms
[2020-12-23T04:48:59.924-0400][gc,phases      ] GC(369823)   Post Evacuate Collection Set: 3.3ms
[2020-12-23T04:48:59.924-0400][gc,phases      ] GC(369823)   Other: 1.1ms
[2020-12-23T04:48:59.924-0400][gc,heap        ] GC(369823) Eden regions: 10->0(10)
[2020-12-23T04:48:59.924-0400][gc,heap        ] GC(369823) Survivor regions: 1->1(2)
[2020-12-23T04:48:59.924-0400][gc,heap        ] GC(369823) Old regions: 46->46
[2020-12-23T04:48:59.924-0400][gc,heap        ] GC(369823) Humongous regions: 4->4
[2020-12-23T04:48:59.924-0400][gc,metaspace   ] GC(369823) Metaspace: 61007K->61007K(1107968K)
[2020-12-23T04:48:59.924-0400][gc,heap        ] GC(369823) Heap after GC invocations=369800 (full 10738): garbage-first heap   total 71680K, used 48755K [0x0000000083000000, 0x0000000100000000)
[2020-12-23T04:48:59.924-0400][gc,heap        ] GC(369823)   region size 1024K, 1 young (1024K), 1 survivors (1024K)
[2020-12-23T04:48:59.924-0400][gc,heap        ] GC(369823)  Metaspace       used 61007K, capacity 63721K, committed 64768K, reserved 1107968K
[2020-12-23T04:48:59.924-0400][gc,heap        ] GC(369823)   class space    used 5712K, capacity 6559K, committed 6912K, reserved 1048576K
[2020-12-23T04:48:59.924-0400][gc             ] GC(369823) Pause Young (Normal) (G1 Evacuation Pause) 57M->47M(70M) 9.423ms
[2020-12-23T04:48:59.924-0400][gc,cpu         ] GC(369823) User=0.01s Sys=0.02s Real=0.01s
[2020-12-23T04:49:12.205-0400][gc,heap        ] GC(369824) Heap before GC invocations=369800 (full 10738): garbage-first heap   total 71680K, used 57971K [0x0000000083000000, 0x0000000100000000)
[2020-12-23T04:49:12.205-0400][gc,heap        ] GC(369824)   region size 1024K, 11 young (11264K), 1 survivors (1024K)
[2020-12-23T04:49:12.205-0400][gc,heap        ] GC(369824)  Metaspace       used 61007K, capacity 63721K, committed 64768K, reserved 1107968K
[2020-12-23T04:49:12.205-0400][gc,heap        ] GC(369824)   class space    used 5712K, capacity 6559K, committed 6912K, reserved 1048576K
[2020-12-23T04:49:12.205-0400][gc,start       ] GC(369824) Pause Young (Normal) (G1 Evacuation Pause)
[2020-12-23T04:49:12.205-0400][gc,task        ] GC(369824) Using 4 workers of 4 for evacuation
[2020-12-23T04:49:12.211-0400][gc,phases      ] GC(369824)   Pre Evacuate Collection Set: 0.0ms
[2020-12-23T04:49:12.211-0400][gc,phases      ] GC(369824)   Evacuate Collection Set: 3.4ms
[2020-12-23T04:49:12.211-0400][gc,phases      ] GC(369824)   Post Evacuate Collection Set: 1.7ms
[2020-12-23T04:49:12.211-0400][gc,phases      ] GC(369824)   Other: 0.9ms
[2020-12-23T04:49:12.211-0400][gc,heap        ] GC(369824) Eden regions: 10->0(10)
[2020-12-23T04:49:12.211-0400][gc,heap        ] GC(369824) Survivor regions: 1->1(2)
[2020-12-23T04:49:12.211-0400][gc,heap        ] GC(369824) Old regions: 46->46
[2020-12-23T04:49:12.211-0400][gc,heap        ] GC(369824) Humongous regions: 4->4
[2020-12-23T04:49:12.211-0400][gc,metaspace   ] GC(369824) Metaspace: 61007K->61007K(1107968K)
[2020-12-23T04:49:12.211-0400][gc,heap        ] GC(369824) Heap after GC invocations=369801 (full 10738): garbage-first heap   total 71680K, used 48877K [0x0000000083000000, 0x0000000100000000)
[2020-12-23T04:49:12.211-0400][gc,heap        ] GC(369824)   region size 1024K, 1 young (1024K), 1 survivors (1024K)
[2020-12-23T04:49:12.211-0400][gc,heap        ] GC(369824)  Metaspace       used 61007K, capacity 63721K, committed 64768K, reserved 1107968K
[2020-12-23T04:49:12.211-0400][gc,heap        ] GC(369824)   class space    used 5712K, capacity 6559K, committed 6912K, reserved 1048576K
[2020-12-23T04:49:12.211-0400][gc             ] GC(369824) Pause Young (Normal) (G1 Evacuation Pause) 57M->47M(70M) 6.428ms
[2020-12-23T04:49:12.212-0400][gc,cpu         ] GC(369824) User=0.01s Sys=0.01s Real=0.01s
[2020-12-23T04:49:40.896-0400][gc,heap        ] GC(369825) Heap before GC invocations=369801 (full 10738): garbage-first heap   total 71680K, used 59117K [0x0000000083000000, 0x0000000100000000)
[2020-12-23T04:49:40.896-0400][gc,heap        ] GC(369825)   region size 1024K, 11 young (11264K), 1 survivors (1024K)
[2020-12-23T04:49:40.897-0400][gc,heap        ] GC(369825)  Metaspace       used 61007K, capacity 63721K, committed 64768K, reserved 1107968K
[2020-12-23T04:49:40.897-0400][gc,heap        ] GC(369825)   class space    used 5712K, capacity 6559K, committed 6912K, reserved 1048576K
[2020-12-23T04:49:40.897-0400][gc,start       ] GC(369825) Pause Young (Normal) (G1 Evacuation Pause)
[2020-12-23T04:49:40.897-0400][gc,task        ] GC(369825) Using 4 workers of 4 for evacuation
[2020-12-23T04:49:40.902-0400][gc,phases      ] GC(369825)   Pre Evacuate Collection Set: 0.0ms
[2020-12-23T04:49:40.903-0400][gc,phases      ] GC(369825)   Evacuate Collection Set: 3.5ms
[2020-12-23T04:49:40.903-0400][gc,phases      ] GC(369825)   Post Evacuate Collection Set: 1.8ms
[2020-12-23T04:49:40.903-0400][gc,phases      ] GC(369825)   Other: 0.8ms
[2020-12-23T04:49:40.903-0400][gc,heap        ] GC(369825) Eden regions: 10->0(10)
[2020-12-23T04:49:40.903-0400][gc,heap        ] GC(369825) Survivor regions: 1->1(2)
[2020-12-23T04:49:40.903-0400][gc,heap        ] GC(369825) Old regions: 46->46
[2020-12-23T04:49:40.903-0400][gc,heap        ] GC(369825) Humongous regions: 4->4
[2020-12-23T04:49:40.903-0400][gc,metaspace   ] GC(369825) Metaspace: 61007K->61007K(1107968K)
[2020-12-23T04:49:40.903-0400][gc,heap        ] GC(369825) Heap after GC invocations=369802 (full 10738): garbage-first heap   total 71680K, used 48891K [0x0000000083000000, 0x0000000100000000)
[2020-12-23T04:49:40.903-0400][gc,heap        ] GC(369825)   region size 1024K, 1 young (1024K), 1 survivors (1024K)
[2020-12-23T04:49:40.903-0400][gc,heap        ] GC(369825)  Metaspace       used 61007K, capacity 63721K, committed 64768K, reserved 1107968K
[2020-12-23T04:49:40.903-0400][gc,heap        ] GC(369825)   class space    used 5712K, capacity 6559K, committed 6912K, reserved 1048576K
[2020-12-23T04:49:40.903-0400][gc             ] GC(369825) Pause Young (Normal) (G1 Evacuation Pause) 57M->47M(70M) 6.452ms
[2020-12-23T04:49:40.903-0400][gc,cpu         ] GC(369825) User=0.01s Sys=0.00s Real=0.00s
[2020-12-23T04:50:07.236-0400][gc,heap        ] GC(369826) Heap before GC invocations=369802 (full 10738): garbage-first heap   total 71680K, used 58107K [0x0000000083000000, 0x0000000100000000)
[2020-12-23T04:50:07.236-0400][gc,heap        ] GC(369826)   region size 1024K, 11 young (11264K), 1 survivors (1024K)
[2020-12-23T04:50:07.236-0400][gc,heap        ] GC(369826)  Metaspace       used 61007K, capacity 63721K, committed 64768K, reserved 1107968K
[2020-12-23T04:50:07.236-0400][gc,heap        ] GC(369826)   class space    used 5712K, capacity 6559K, committed 6912K, reserved 1048576K
[2020-12-23T04:50:07.236-0400][gc,start       ] GC(369826) Pause Young (Normal) (G1 Evacuation Pause)
[2020-12-23T04:50:07.236-0400][gc,task        ] GC(369826) Using 4 workers of 4 for evacuation
[2020-12-23T04:50:07.243-0400][gc,phases      ] GC(369826)   Pre Evacuate Collection Set: 0.0ms
[2020-12-23T04:50:07.243-0400][gc,phases      ] GC(369826)   Evacuate Collection Set: 4.3ms
[2020-12-23T04:50:07.243-0400][gc,phases      ] GC(369826)   Post Evacuate Collection Set: 2.2ms
[2020-12-23T04:50:07.243-0400][gc,phases      ] GC(369826)   Other: 0.9ms
[2020-12-23T04:50:07.244-0400][gc,heap        ] GC(369826) Eden regions: 10->0(10)
[2020-12-23T04:50:07.244-0400][gc,heap        ] GC(369826) Survivor regions: 1->1(2)
[2020-12-23T04:50:07.244-0400][gc,heap        ] GC(369826) Old regions: 46->46
[2020-12-23T04:50:07.244-0400][gc,heap        ] GC(369826) Humongous regions: 4->4
[2020-12-23T04:50:07.244-0400][gc,metaspace   ] GC(369826) Metaspace: 61007K->61007K(1107968K)
[2020-12-23T04:50:07.244-0400][gc,heap        ] GC(369826) Heap after GC invocations=369803 (full 10738): garbage-first heap   total 71680K, used 49133K [0x0000000083000000, 0x0000000100000000)
[2020-12-23T04:50:07.244-0400][gc,heap        ] GC(369826)   region size 1024K, 1 young (1024K), 1 survivors (1024K)
[2020-12-23T04:50:07.244-0400][gc,heap        ] GC(369826)  Metaspace       used 61007K, capacity 63721K, committed 64768K, reserved 1107968K
[2020-12-23T04:50:07.244-0400][gc,heap        ] GC(369826)   class space    used 5712K, capacity 6559K, committed 6912K, reserved 1048576K
[2020-12-23T04:50:07.244-0400][gc             ] GC(369826) Pause Young (Normal) (G1 Evacuation Pause) 57M->47M(70M) 7.784ms
[2020-12-23T04:50:07.244-0400][gc,cpu         ] GC(369826) User=0.01s Sys=0.01s Real=0.00s
[2020-12-23T04:50:43.877-0400][gc,heap        ] GC(369827) Heap before GC invocations=369803 (full 10738): garbage-first heap   total 71680K, used 58349K [0x0000000083000000, 0x0000000100000000)
[2020-12-23T04:50:43.877-0400][gc,heap        ] GC(369827)   region size 1024K, 11 young (11264K), 1 survivors (1024K)
[2020-12-23T04:50:43.877-0400][gc,heap        ] GC(369827)  Metaspace       used 61007K, capacity 63721K, committed 64768K, reserved 1107968K
[2020-12-23T04:50:43.877-0400][gc,heap        ] GC(369827)   class space    used 5712K, capacity 6559K, committed 6912K, reserved 1048576K
[2020-12-23T04:50:43.877-0400][gc,start       ] GC(369827) Pause Young (Normal) (G1 Evacuation Pause)
[2020-12-23T04:50:43.877-0400][gc,task        ] GC(369827) Using 4 workers of 4 for evacuation
[2020-12-23T04:50:43.883-0400][gc,phases      ] GC(369827)   Pre Evacuate Collection Set: 0.0ms
[2020-12-23T04:50:43.883-0400][gc,phases      ] GC(369827)   Evacuate Collection Set: 3.8ms
[2020-12-23T04:50:43.883-0400][gc,phases      ] GC(369827)   Post Evacuate Collection Set: 1.6ms
[2020-12-23T04:50:43.883-0400][gc,phases      ] GC(369827)   Other: 0.8ms
[2020-12-23T04:50:43.884-0400][gc,heap        ] GC(369827) Eden regions: 10->0(10)
[2020-12-23T04:50:43.884-0400][gc,heap        ] GC(369827) Survivor regions: 1->1(2)
[2020-12-23T04:50:43.884-0400][gc,heap        ] GC(369827) Old regions: 46->46
[2020-12-23T04:50:43.884-0400][gc,heap        ] GC(369827) Humongous regions: 4->4
[2020-12-23T04:50:43.884-0400][gc,metaspace   ] GC(369827) Metaspace: 61007K->61007K(1107968K)
[2020-12-23T04:50:43.884-0400][gc,heap        ] GC(369827) Heap after GC invocations=369804 (full 10738): garbage-first heap   total 71680K, used 49053K [0x0000000083000000, 0x0000000100000000)
[2020-12-23T04:50:43.884-0400][gc,heap        ] GC(369827)   region size 1024K, 1 young (1024K), 1 survivors (1024K)
[2020-12-23T04:50:43.884-0400][gc,heap        ] GC(369827)  Metaspace       used 61007K, capacity 63721K, committed 64768K, reserved 1107968K
[2020-12-23T04:50:43.884-0400][gc,heap        ] GC(369827)   class space    used 5712K, capacity 6559K, committed 6912K, reserved 1048576K
[2020-12-23T04:50:43.884-0400][gc             ] GC(369827) Pause Young (Normal) (G1 Evacuation Pause) 57M->47M(70M) 6.830ms
[2020-12-23T04:50:43.884-0400][gc,cpu         ] GC(369827) User=0.01s Sys=0.01s Real=0.00s
[2020-12-23T04:51:19.385-0400][gc,heap        ] GC(369828) Heap before GC invocations=369804 (full 10738): garbage-first heap   total 71680K, used 58269K [0x0000000083000000, 0x0000000100000000)
[2020-12-23T04:51:19.385-0400][gc,heap        ] GC(369828)   region size 1024K, 11 young (11264K), 1 survivors (1024K)
[2020-12-23T04:51:19.385-0400][gc,heap        ] GC(369828)  Metaspace       used 61007K, capacity 63721K, committed 64768K, reserved 1107968K
[2020-12-23T04:51:19.385-0400][gc,heap        ] GC(369828)   class space    used 5712K, capacity 6559K, committed 6912K, reserved 1048576K
[2020-12-23T04:51:19.386-0400][gc,start       ] GC(369828) Pause Young (Normal) (G1 Evacuation Pause)
[2020-12-23T04:51:19.386-0400][gc,task        ] GC(369828) Using 4 workers of 4 for evacuation
[2020-12-23T04:51:19.391-0400][gc,phases      ] GC(369828)   Pre Evacuate Collection Set: 0.0ms
[2020-12-23T04:51:19.391-0400][gc,phases      ] GC(369828)   Evacuate Collection Set: 3.5ms
[2020-12-23T04:51:19.391-0400][gc,phases      ] GC(369828)   Post Evacuate Collection Set: 1.6ms
[2020-12-23T04:51:19.391-0400][gc,phases      ] GC(369828)   Other: 0.9ms
[2020-12-23T04:51:19.391-0400][gc,heap        ] GC(369828) Eden regions: 10->0(10)
[2020-12-23T04:51:19.392-0400][gc,heap        ] GC(369828) Survivor regions: 1->1(2)
[2020-12-23T04:51:19.392-0400][gc,heap        ] GC(369828) Old regions: 46->46
[2020-12-23T04:51:19.392-0400][gc,heap        ] GC(369828) Humongous regions: 4->4
[2020-12-23T04:51:19.392-0400][gc,metaspace   ] GC(369828) Metaspace: 61007K->61007K(1107968K)
[2020-12-23T04:51:19.392-0400][gc,heap        ] GC(369828) Heap after GC invocations=369805 (full 10738): garbage-first heap   total 71680K, used 48978K [0x0000000083000000, 0x0000000100000000)
[2020-12-23T04:51:19.392-0400][gc,heap        ] GC(369828)   region size 1024K, 1 young (1024K), 1 survivors (1024K)
[2020-12-23T04:51:19.392-0400][gc,heap        ] GC(369828)  Metaspace       used 61007K, capacity 63721K, committed 64768K, reserved 1107968K
[2020-12-23T04:51:19.392-0400][gc,heap        ] GC(369828)   class space    used 5712K, capacity 6559K, committed 6912K, reserved 1048576K
[2020-12-23T04:51:19.392-0400][gc             ] GC(369828) Pause Young (Normal) (G1 Evacuation Pause) 57M->47M(70M) 6.368ms
[2020-12-23T04:51:19.392-0400][gc,cpu         ] GC(369828) User=0.01s Sys=0.01s Real=0.01s
[2020-12-23T04:51:50.924-0400][gc,task        ] GC(369829) Using 3 workers of 4 for full compaction
[2020-12-23T04:51:50.924-0400][gc,start       ] GC(369829) Pause Full (System.gc())
[2020-12-23T04:51:50.924-0400][gc,heap        ] GC(369829) Heap before GC invocations=369805 (full 10738): garbage-first heap   total 71680K, used 55122K [0x0000000083000000, 0x0000000100000000)
[2020-12-23T04:51:50.924-0400][gc,heap        ] GC(369829)   region size 1024K, 9 young (9216K), 1 survivors (1024K)
[2020-12-23T04:51:50.924-0400][gc,heap        ] GC(369829)  Metaspace       used 61007K, capacity 63721K, committed 64768K, reserved 1107968K
[2020-12-23T04:51:50.924-0400][gc,heap        ] GC(369829)   class space    used 5712K, capacity 6559K, committed 6912K, reserved 1048576K
[2020-12-23T04:51:50.926-0400][gc,phases,start] GC(369829) Phase 1: Mark live objects
[2020-12-23T04:51:51.070-0400][gc,stringtable ] GC(369829) Cleaned string and symbol table, strings: 32200 processed, 0 removed, symbols: 131451 processed, 0 removed
[2020-12-23T04:51:51.070-0400][gc,phases      ] GC(369829) Phase 1: Mark live objects 144.141ms
[2020-12-23T04:51:51.070-0400][gc,phases,start] GC(369829) Phase 2: Prepare for compaction
[2020-12-23T04:51:51.100-0400][gc,phases      ] GC(369829) Phase 2: Prepare for compaction 29.555ms
[2020-12-23T04:51:51.100-0400][gc,phases,start] GC(369829) Phase 3: Adjust pointers
[2020-12-23T04:51:51.177-0400][gc,phases      ] GC(369829) Phase 3: Adjust pointers 76.781ms
[2020-12-23T04:51:51.177-0400][gc,phases,start] GC(369829) Phase 4: Compact heap
[2020-12-23T04:51:51.199-0400][gc,phases      ] GC(369829) Phase 4: Compact heap 22.121ms
[2020-12-23T04:51:51.234-0400][gc,heap        ] GC(369829) Eden regions: 8->0(11)
[2020-12-23T04:51:51.234-0400][gc,heap        ] GC(369829) Survivor regions: 1->0(2)
[2020-12-23T04:51:51.234-0400][gc,heap        ] GC(369829) Old regions: 46->46
[2020-12-23T04:51:51.234-0400][gc,heap        ] GC(369829) Humongous regions: 4->4
[2020-12-23T04:51:51.234-0400][gc,metaspace   ] GC(369829) Metaspace: 61007K->61007K(1107968K)
[2020-12-23T04:51:51.234-0400][gc,heap        ] GC(369829) Heap after GC invocations=369806 (full 10739): garbage-first heap   total 71680K, used 48439K [0x0000000083000000, 0x0000000100000000)
[2020-12-23T04:51:51.234-0400][gc,heap        ] GC(369829)   region size 1024K, 0 young (0K), 0 survivors (0K)
[2020-12-23T04:51:51.235-0400][gc,heap        ] GC(369829)  Metaspace       used 61007K, capacity 63721K, committed 64768K, reserved 1107968K
[2020-12-23T04:51:51.235-0400][gc,heap        ] GC(369829)   class space    used 5712K, capacity 6559K, committed 6912K, reserved 1048576K
[2020-12-23T04:51:51.235-0400][gc             ] GC(369829) Pause Full (System.gc()) 54M->47M(70M) 310.968ms
[2020-12-23T04:51:51.235-0400][gc,cpu         ] GC(369829) User=0.62s Sys=0.20s Real=0.31s
[2020-12-23T04:52:23.891-0400][gc,heap        ] GC(369830) Heap before GC invocations=369806 (full 10739): garbage-first heap   total 71680K, used 58679K [0x0000000083000000, 0x0000000100000000)
[2020-12-23T04:52:23.891-0400][gc,heap        ] GC(369830)   region size 1024K, 11 young (11264K), 0 survivors (0K)
[2020-12-23T04:52:23.892-0400][gc,heap        ] GC(369830)  Metaspace       used 61007K, capacity 63721K, committed 64768K, reserved 1107968K
[2020-12-23T04:52:23.892-0400][gc,heap        ] GC(369830)   class space    used 5712K, capacity 6559K, committed 6912K, reserved 1048576K
[2020-12-23T04:52:23.892-0400][gc,start       ] GC(369830) Pause Young (Normal) (G1 Evacuation Pause)
[2020-12-23T04:52:23.892-0400][gc,task        ] GC(369830) Using 4 workers of 4 for evacuation
[2020-12-23T04:52:23.897-0400][gc,phases      ] GC(369830)   Pre Evacuate Collection Set: 0.0ms
[2020-12-23T04:52:23.898-0400][gc,phases      ] GC(369830)   Evacuate Collection Set: 3.4ms
[2020-12-23T04:52:23.898-0400][gc,phases      ] GC(369830)   Post Evacuate Collection Set: 1.8ms
[2020-12-23T04:52:23.898-0400][gc,phases      ] GC(369830)   Other: 0.9ms
[2020-12-23T04:52:23.898-0400][gc,heap        ] GC(369830) Eden regions: 11->0(10)
[2020-12-23T04:52:23.898-0400][gc,heap        ] GC(369830) Survivor regions: 0->1(2)
[2020-12-23T04:52:23.898-0400][gc,heap        ] GC(369830) Old regions: 46->46
[2020-12-23T04:52:23.898-0400][gc,heap        ] GC(369830) Humongous regions: 4->4
[2020-12-23T04:52:23.898-0400][gc,metaspace   ] GC(369830) Metaspace: 61007K->61007K(1107968K)
[2020-12-23T04:52:23.898-0400][gc,heap        ] GC(369830) Heap after GC invocations=369807 (full 10739): garbage-first heap   total 71680K, used 48775K [0x0000000083000000, 0x0000000100000000)
[2020-12-23T04:52:23.898-0400][gc,heap        ] GC(369830)   region size 1024K, 1 young (1024K), 1 survivors (1024K)
[2020-12-23T04:52:23.898-0400][gc,heap        ] GC(369830)  Metaspace       used 61007K, capacity 63721K, committed 64768K, reserved 1107968K
[2020-12-23T04:52:23.898-0400][gc,heap        ] GC(369830)   class space    used 5712K, capacity 6559K, committed 6912K, reserved 1048576K
[2020-12-23T04:52:23.898-0400][gc             ] GC(369830) Pause Young (Normal) (G1 Evacuation Pause) 58M->47M(70M) 6.429ms
[2020-12-23T04:52:23.898-0400][gc,cpu         ] GC(369830) User=0.02s Sys=0.00s Real=0.01s
[2020-12-23T04:52:57.308-0400][gc,heap        ] GC(369831) Heap before GC invocations=369807 (full 10739): garbage-first heap   total 71680K, used 59015K [0x0000000083000000, 0x0000000100000000)
[2020-12-23T04:52:57.308-0400][gc,heap        ] GC(369831)   region size 1024K, 11 young (11264K), 1 survivors (1024K)
[2020-12-23T04:52:57.308-0400][gc,heap        ] GC(369831)  Metaspace       used 61007K, capacity 63721K, committed 64768K, reserved 1107968K
[2020-12-23T04:52:57.308-0400][gc,heap        ] GC(369831)   class space    used 5712K, capacity 6559K, committed 6912K, reserved 1048576K
[2020-12-23T04:52:57.309-0400][gc,start       ] GC(369831) Pause Young (Normal) (G1 Evacuation Pause)
[2020-12-23T04:52:57.309-0400][gc,task        ] GC(369831) Using 4 workers of 4 for evacuation
[2020-12-23T04:52:57.314-0400][gc,phases      ] GC(369831)   Pre Evacuate Collection Set: 0.0ms
[2020-12-23T04:52:57.314-0400][gc,phases      ] GC(369831)   Evacuate Collection Set: 3.2ms
[2020-12-23T04:52:57.314-0400][gc,phases      ] GC(369831)   Post Evacuate Collection Set: 1.8ms
[2020-12-23T04:52:57.314-0400][gc,phases      ] GC(369831)   Other: 0.8ms
[2020-12-23T04:52:57.314-0400][gc,heap        ] GC(369831) Eden regions: 10->0(10)
[2020-12-23T04:52:57.314-0400][gc,heap        ] GC(369831) Survivor regions: 1->1(2)
[2020-12-23T04:52:57.314-0400][gc,heap        ] GC(369831) Old regions: 46->46
[2020-12-23T04:52:57.315-0400][gc,heap        ] GC(369831) Humongous regions: 4->4
[2020-12-23T04:52:57.315-0400][gc,metaspace   ] GC(369831) Metaspace: 61007K->61007K(1107968K)
[2020-12-23T04:52:57.315-0400][gc,heap        ] GC(369831) Heap after GC invocations=369808 (full 10739): garbage-first heap   total 71680K, used 48781K [0x0000000083000000, 0x0000000100000000)
[2020-12-23T04:52:57.315-0400][gc,heap        ] GC(369831)   region size 1024K, 1 young (1024K), 1 survivors (1024K)
[2020-12-23T04:52:57.315-0400][gc,heap        ] GC(369831)  Metaspace       used 61007K, capacity 63721K, committed 64768K, reserved 1107968K
[2020-12-23T04:52:57.315-0400][gc,heap        ] GC(369831)   class space    used 5712K, capacity 6559K, committed 6912K, reserved 1048576K
[2020-12-23T04:52:57.315-0400][gc             ] GC(369831) Pause Young (Normal) (G1 Evacuation Pause) 57M->47M(70M) 6.301ms
[2020-12-23T04:52:57.315-0400][gc,cpu         ] GC(369831) User=0.01s Sys=0.01s Real=0.00s
[2020-12-23T04:53:30.890-0400][gc,heap        ] GC(369832) Heap before GC invocations=369808 (full 10739): garbage-first heap   total 71680K, used 57997K [0x0000000083000000, 0x0000000100000000)
[2020-12-23T04:53:30.890-0400][gc,heap        ] GC(369832)   region size 1024K, 11 young (11264K), 1 survivors (1024K)
[2020-12-23T04:53:30.890-0400][gc,heap        ] GC(369832)  Metaspace       used 61007K, capacity 63721K, committed 64768K, reserved 1107968K
[2020-12-23T04:53:30.890-0400][gc,heap        ] GC(369832)   class space    used 5712K, capacity 6559K, committed 6912K, reserved 1048576K
[2020-12-23T04:53:30.890-0400][gc,start       ] GC(369832) Pause Young (Normal) (G1 Evacuation Pause)
[2020-12-23T04:53:30.890-0400][gc,task        ] GC(369832) Using 4 workers of 4 for evacuation
[2020-12-23T04:53:30.896-0400][gc,phases      ] GC(369832)   Pre Evacuate Collection Set: 0.1ms
[2020-12-23T04:53:30.896-0400][gc,phases      ] GC(369832)   Evacuate Collection Set: 3.4ms
[2020-12-23T04:53:30.896-0400][gc,phases      ] GC(369832)   Post Evacuate Collection Set: 1.7ms
[2020-12-23T04:53:30.896-0400][gc,phases      ] GC(369832)   Other: 0.8ms
[2020-12-23T04:53:30.896-0400][gc,heap        ] GC(369832) Eden regions: 10->0(10)
[2020-12-23T04:53:30.896-0400][gc,heap        ] GC(369832) Survivor regions: 1->1(2)
[2020-12-23T04:53:30.896-0400][gc,heap        ] GC(369832) Old regions: 46->46
[2020-12-23T04:53:30.896-0400][gc,heap        ] GC(369832) Humongous regions: 4->4
[2020-12-23T04:53:30.896-0400][gc,metaspace   ] GC(369832) Metaspace: 61007K->61007K(1107968K)
[2020-12-23T04:53:30.896-0400][gc,heap        ] GC(369832) Heap after GC invocations=369809 (full 10739): garbage-first heap   total 71680K, used 48879K [0x0000000083000000, 0x0000000100000000)
[2020-12-23T04:53:30.897-0400][gc,heap        ] GC(369832)   region size 1024K, 1 young (1024K), 1 survivors (1024K)
[2020-12-23T04:53:30.897-0400][gc,heap        ] GC(369832)  Metaspace       used 61007K, capacity 63721K, committed 64768K, reserved 1107968K
[2020-12-23T04:53:30.897-0400][gc,heap        ] GC(369832)   class space    used 5712K, capacity 6559K, committed 6912K, reserved 1048576K
[2020-12-23T04:53:30.897-0400][gc             ] GC(369832) Pause Young (Normal) (G1 Evacuation Pause) 57M->47M(70M) 6.458ms
[2020-12-23T04:53:30.897-0400][gc,cpu         ] GC(369832) User=0.01s Sys=0.00s Real=0.01s
[2020-12-23T04:54:06.176-0400][gc,heap        ] GC(369833) Heap before GC invocations=369809 (full 10739): garbage-first heap   total 71680K, used 58095K [0x0000000083000000, 0x0000000100000000)
[2020-12-23T04:54:06.176-0400][gc,heap        ] GC(369833)   region size 1024K, 11 young (11264K), 1 survivors (1024K)
[2020-12-23T04:54:06.177-0400][gc,heap        ] GC(369833)  Metaspace       used 61007K, capacity 63721K, committed 64768K, reserved 1107968K
[2020-12-23T04:54:06.177-0400][gc,heap        ] GC(369833)   class space    used 5712K, capacity 6559K, committed 6912K, reserved 1048576K
[2020-12-23T04:54:06.177-0400][gc,start       ] GC(369833) Pause Young (Normal) (G1 Evacuation Pause)
[2020-12-23T04:54:06.177-0400][gc,task        ] GC(369833) Using 4 workers of 4 for evacuation
[2020-12-23T04:54:06.183-0400][gc,phases      ] GC(369833)   Pre Evacuate Collection Set: 0.0ms
[2020-12-23T04:54:06.183-0400][gc,phases      ] GC(369833)   Evacuate Collection Set: 3.7ms
[2020-12-23T04:54:06.183-0400][gc,phases      ] GC(369833)   Post Evacuate Collection Set: 1.5ms
[2020-12-23T04:54:06.183-0400][gc,phases      ] GC(369833)   Other: 0.9ms
[2020-12-23T04:54:06.183-0400][gc,heap        ] GC(369833) Eden regions: 10->0(10)
[2020-12-23T04:54:06.183-0400][gc,heap        ] GC(369833) Survivor regions: 1->1(2)
[2020-12-23T04:54:06.183-0400][gc,heap        ] GC(369833) Old regions: 46->46
[2020-12-23T04:54:06.183-0400][gc,heap        ] GC(369833) Humongous regions: 4->4
[2020-12-23T04:54:06.183-0400][gc,metaspace   ] GC(369833) Metaspace: 61007K->61007K(1107968K)
[2020-12-23T04:54:06.183-0400][gc,heap        ] GC(369833) Heap after GC invocations=369810 (full 10739): garbage-first heap   total 71680K, used 48898K [0x0000000083000000, 0x0000000100000000)
[2020-12-23T04:54:06.183-0400][gc,heap        ] GC(369833)   region size 1024K, 1 young (1024K), 1 survivors (1024K)
[2020-12-23T04:54:06.183-0400][gc,heap        ] GC(369833)  Metaspace       used 61007K, capacity 63721K, committed 64768K, reserved 1107968K
[2020-12-23T04:54:06.183-0400][gc,heap        ] GC(369833)   class space    used 5712K, capacity 6559K, committed 6912K, reserved 1048576K
[2020-12-23T04:54:06.183-0400][gc             ] GC(369833) Pause Young (Normal) (G1 Evacuation Pause) 57M->47M(70M) 6.499ms
[2020-12-23T04:54:06.183-0400][gc,cpu         ] GC(369833) User=0.01s Sys=0.00s Real=0.00s
[2020-12-23T04:54:36.251-0400][gc,heap        ] GC(369834) Heap before GC invocations=369810 (full 10739): garbage-first heap   total 71680K, used 59138K [0x0000000083000000, 0x0000000100000000)
[2020-12-23T04:54:36.251-0400][gc,heap        ] GC(369834)   region size 1024K, 11 young (11264K), 1 survivors (1024K)
[2020-12-23T04:54:36.251-0400][gc,heap        ] GC(369834)  Metaspace       used 61007K, capacity 63721K, committed 64768K, reserved 1107968K
[2020-12-23T04:54:36.251-0400][gc,heap        ] GC(369834)   class space    used 5712K, capacity 6559K, committed 6912K, reserved 1048576K
[2020-12-23T04:54:36.251-0400][gc,start       ] GC(369834) Pause Young (Normal) (G1 Evacuation Pause)
[2020-12-23T04:54:36.251-0400][gc,task        ] GC(369834) Using 4 workers of 4 for evacuation
[2020-12-23T04:54:36.257-0400][gc,phases      ] GC(369834)   Pre Evacuate Collection Set: 0.0ms
[2020-12-23T04:54:36.257-0400][gc,phases      ] GC(369834)   Evacuate Collection Set: 3.5ms
[2020-12-23T04:54:36.257-0400][gc,phases      ] GC(369834)   Post Evacuate Collection Set: 1.8ms
[2020-12-23T04:54:36.257-0400][gc,phases      ] GC(369834)   Other: 0.9ms
[2020-12-23T04:54:36.257-0400][gc,heap        ] GC(369834) Eden regions: 10->0(10)
[2020-12-23T04:54:36.257-0400][gc,heap        ] GC(369834) Survivor regions: 1->1(2)
[2020-12-23T04:54:36.257-0400][gc,heap        ] GC(369834) Old regions: 46->46
[2020-12-23T04:54:36.257-0400][gc,heap        ] GC(369834) Humongous regions: 4->4
[2020-12-23T04:54:36.257-0400][gc,metaspace   ] GC(369834) Metaspace: 61007K->61007K(1107968K)
[2020-12-23T04:54:36.257-0400][gc,heap        ] GC(369834) Heap after GC invocations=369811 (full 10739): garbage-first heap   total 71680K, used 48937K [0x0000000083000000, 0x0000000100000000)
[2020-12-23T04:54:36.257-0400][gc,heap        ] GC(369834)   region size 1024K, 1 young (1024K), 1 survivors (1024K)
[2020-12-23T04:54:36.257-0400][gc,heap        ] GC(369834)  Metaspace       used 61007K, capacity 63721K, committed 64768K, reserved 1107968K
[2020-12-23T04:54:36.257-0400][gc,heap        ] GC(369834)   class space    used 5712K, capacity 6559K, committed 6912K, reserved 1048576K
[2020-12-23T04:54:36.258-0400][gc             ] GC(369834) Pause Young (Normal) (G1 Evacuation Pause) 57M->47M(70M) 6.604ms
[2020-12-23T04:54:36.258-0400][gc,cpu         ] GC(369834) User=0.01s Sys=0.01s Real=0.01s
[2020-12-23T04:55:16.292-0400][gc,heap        ] GC(369835) Heap before GC invocations=369811 (full 10739): garbage-first heap   total 71680K, used 58153K [0x0000000083000000, 0x0000000100000000)
[2020-12-23T04:55:16.292-0400][gc,heap        ] GC(369835)   region size 1024K, 11 young (11264K), 1 survivors (1024K)
[2020-12-23T04:55:16.292-0400][gc,heap        ] GC(369835)  Metaspace       used 61007K, capacity 63721K, committed 64768K, reserved 1107968K
[2020-12-23T04:55:16.292-0400][gc,heap        ] GC(369835)   class space    used 5712K, capacity 6559K, committed 6912K, reserved 1048576K
[2020-12-23T04:55:16.292-0400][gc,start       ] GC(369835) Pause Young (Normal) (G1 Evacuation Pause)
[2020-12-23T04:55:16.292-0400][gc,task        ] GC(369835) Using 4 workers of 4 for evacuation
[2020-12-23T04:55:16.298-0400][gc,phases      ] GC(369835)   Pre Evacuate Collection Set: 0.0ms
[2020-12-23T04:55:16.298-0400][gc,phases      ] GC(369835)   Evacuate Collection Set: 3.4ms
[2020-12-23T04:55:16.298-0400][gc,phases      ] GC(369835)   Post Evacuate Collection Set: 1.7ms
[2020-12-23T04:55:16.298-0400][gc,phases      ] GC(369835)   Other: 0.9ms
[2020-12-23T04:55:16.298-0400][gc,heap        ] GC(369835) Eden regions: 10->0(10)
[2020-12-23T04:55:16.298-0400][gc,heap        ] GC(369835) Survivor regions: 1->1(2)
[2020-12-23T04:55:16.298-0400][gc,heap        ] GC(369835) Old regions: 46->46
[2020-12-23T04:55:16.298-0400][gc,heap        ] GC(369835) Humongous regions: 4->4
[2020-12-23T04:55:16.299-0400][gc,metaspace   ] GC(369835) Metaspace: 61007K->61007K(1107968K)
[2020-12-23T04:55:16.299-0400][gc,heap        ] GC(369835) Heap after GC invocations=369812 (full 10739): garbage-first heap   total 71680K, used 48897K [0x0000000083000000, 0x0000000100000000)
[2020-12-23T04:55:16.299-0400][gc,heap        ] GC(369835)   region size 1024K, 1 young (1024K), 1 survivors (1024K)
[2020-12-23T04:55:16.299-0400][gc,heap        ] GC(369835)  Metaspace       used 61007K, capacity 63721K, committed 64768K, reserved 1107968K
[2020-12-23T04:55:16.299-0400][gc,heap        ] GC(369835)   class space    used 5712K, capacity 6559K, committed 6912K, reserved 1048576K
[2020-12-23T04:55:16.299-0400][gc             ] GC(369835) Pause Young (Normal) (G1 Evacuation Pause) 57M->47M(70M) 6.391ms
[2020-12-23T04:55:16.299-0400][gc,cpu         ] GC(369835) User=0.02s Sys=0.00s Real=0.01s
[2020-12-23T04:55:57.148-0400][gc,heap        ] GC(369836) Heap before GC invocations=369812 (full 10739): garbage-first heap   total 71680K, used 58113K [0x0000000083000000, 0x0000000100000000)
[2020-12-23T04:55:57.148-0400][gc,heap        ] GC(369836)   region size 1024K, 11 young (11264K), 1 survivors (1024K)
[2020-12-23T04:55:57.149-0400][gc,heap        ] GC(369836)  Metaspace       used 61007K, capacity 63721K, committed 64768K, reserved 1107968K
[2020-12-23T04:55:57.149-0400][gc,heap        ] GC(369836)   class space    used 5712K, capacity 6559K, committed 6912K, reserved 1048576K
[2020-12-23T04:55:57.149-0400][gc,start       ] GC(369836) Pause Young (Normal) (G1 Evacuation Pause)
[2020-12-23T04:55:57.149-0400][gc,task        ] GC(369836) Using 4 workers of 4 for evacuation
[2020-12-23T04:55:57.154-0400][gc,phases      ] GC(369836)   Pre Evacuate Collection Set: 0.0ms
[2020-12-23T04:55:57.154-0400][gc,phases      ] GC(369836)   Evacuate Collection Set: 3.1ms
[2020-12-23T04:55:57.154-0400][gc,phases      ] GC(369836)   Post Evacuate Collection Set: 1.5ms
[2020-12-23T04:55:57.154-0400][gc,phases      ] GC(369836)   Other: 0.9ms
[2020-12-23T04:55:57.154-0400][gc,heap        ] GC(369836) Eden regions: 10->0(10)
[2020-12-23T04:55:57.154-0400][gc,heap        ] GC(369836) Survivor regions: 1->1(2)
[2020-12-23T04:55:57.154-0400][gc,heap        ] GC(369836) Old regions: 46->46
[2020-12-23T04:55:57.154-0400][gc,heap        ] GC(369836) Humongous regions: 4->4
[2020-12-23T04:55:57.154-0400][gc,metaspace   ] GC(369836) Metaspace: 61007K->61007K(1107968K)
[2020-12-23T04:55:57.154-0400][gc,heap        ] GC(369836) Heap after GC invocations=369813 (full 10739): garbage-first heap   total 71680K, used 48857K [0x0000000083000000, 0x0000000100000000)
[2020-12-23T04:55:57.155-0400][gc,heap        ] GC(369836)   region size 1024K, 1 young (1024K), 1 survivors (1024K)
[2020-12-23T04:55:57.155-0400][gc,heap        ] GC(369836)  Metaspace       used 61007K, capacity 63721K, committed 64768K, reserved 1107968K
[2020-12-23T04:55:57.155-0400][gc,heap        ] GC(369836)   class space    used 5712K, capacity 6559K, committed 6912K, reserved 1048576K
[2020-12-23T04:55:57.155-0400][gc             ] GC(369836) Pause Young (Normal) (G1 Evacuation Pause) 57M->47M(70M) 5.917ms
[2020-12-23T04:55:57.155-0400][gc,cpu         ] GC(369836) User=0.01s Sys=0.00s Real=0.00s
[2020-12-23T04:56:31.769-0400][gc,heap        ] GC(369837) Heap before GC invocations=369813 (full 10739): garbage-first heap   total 71680K, used 59097K [0x0000000083000000, 0x0000000100000000)
[2020-12-23T04:56:31.769-0400][gc,heap        ] GC(369837)   region size 1024K, 11 young (11264K), 1 survivors (1024K)
[2020-12-23T04:56:31.769-0400][gc,heap        ] GC(369837)  Metaspace       used 61007K, capacity 63721K, committed 64768K, reserved 1107968K
[2020-12-23T04:56:31.769-0400][gc,heap        ] GC(369837)   class space    used 5712K, capacity 6559K, committed 6912K, reserved 1048576K
[2020-12-23T04:56:31.769-0400][gc,start       ] GC(369837) Pause Young (Normal) (G1 Evacuation Pause)
[2020-12-23T04:56:31.769-0400][gc,task        ] GC(369837) Using 4 workers of 4 for evacuation
[2020-12-23T04:56:31.775-0400][gc,phases      ] GC(369837)   Pre Evacuate Collection Set: 0.0ms
[2020-12-23T04:56:31.775-0400][gc,phases      ] GC(369837)   Evacuate Collection Set: 3.4ms
[2020-12-23T04:56:31.775-0400][gc,phases      ] GC(369837)   Post Evacuate Collection Set: 1.9ms
[2020-12-23T04:56:31.776-0400][gc,phases      ] GC(369837)   Other: 0.8ms
[2020-12-23T04:56:31.776-0400][gc,heap        ] GC(369837) Eden regions: 10->0(10)
[2020-12-23T04:56:31.776-0400][gc,heap        ] GC(369837) Survivor regions: 1->1(2)
[2020-12-23T04:56:31.776-0400][gc,heap        ] GC(369837) Old regions: 46->46
[2020-12-23T04:56:31.776-0400][gc,heap        ] GC(369837) Humongous regions: 4->4
[2020-12-23T04:56:31.776-0400][gc,metaspace   ] GC(369837) Metaspace: 61007K->61007K(1107968K)
[2020-12-23T04:56:31.776-0400][gc,heap        ] GC(369837) Heap after GC invocations=369814 (full 10739): garbage-first heap   total 71680K, used 48900K [0x0000000083000000, 0x0000000100000000)
[2020-12-23T04:56:31.776-0400][gc,heap        ] GC(369837)   region size 1024K, 1 young (1024K), 1 survivors (1024K)
[2020-12-23T04:56:31.776-0400][gc,heap        ] GC(369837)  Metaspace       used 61007K, capacity 63721K, committed 64768K, reserved 1107968K
[2020-12-23T04:56:31.776-0400][gc,heap        ] GC(369837)   class space    used 5712K, capacity 6559K, committed 6912K, reserved 1048576K
[2020-12-23T04:56:31.776-0400][gc             ] GC(369837) Pause Young (Normal) (G1 Evacuation Pause) 57M->47M(70M) 6.706ms
[2020-12-23T04:56:31.776-0400][gc,cpu         ] GC(369837) User=0.01s Sys=0.00s Real=0.01s
[2020-12-23T04:56:50.924-0400][gc,task        ] GC(369838) Using 3 workers of 4 for full compaction
[2020-12-23T04:56:50.924-0400][gc,start       ] GC(369838) Pause Full (System.gc())
[2020-12-23T04:56:50.924-0400][gc,heap        ] GC(369838) Heap before GC invocations=369814 (full 10739): garbage-first heap   total 71680K, used 51972K [0x0000000083000000, 0x0000000100000000)
[2020-12-23T04:56:50.924-0400][gc,heap        ] GC(369838)   region size 1024K, 5 young (5120K), 1 survivors (1024K)
[2020-12-23T04:56:50.924-0400][gc,heap        ] GC(369838)  Metaspace       used 61007K, capacity 63721K, committed 64768K, reserved 1107968K
[2020-12-23T04:56:50.924-0400][gc,heap        ] GC(369838)   class space    used 5712K, capacity 6559K, committed 6912K, reserved 1048576K
[2020-12-23T04:56:50.927-0400][gc,phases,start] GC(369838) Phase 1: Mark live objects
[2020-12-23T04:56:51.071-0400][gc,stringtable ] GC(369838) Cleaned string and symbol table, strings: 32200 processed, 0 removed, symbols: 131451 processed, 0 removed
[2020-12-23T04:56:51.071-0400][gc,phases      ] GC(369838) Phase 1: Mark live objects 144.538ms
[2020-12-23T04:56:51.071-0400][gc,phases,start] GC(369838) Phase 2: Prepare for compaction
[2020-12-23T04:56:51.102-0400][gc,phases      ] GC(369838) Phase 2: Prepare for compaction 30.787ms
[2020-12-23T04:56:51.102-0400][gc,phases,start] GC(369838) Phase 3: Adjust pointers
[2020-12-23T04:56:51.180-0400][gc,phases      ] GC(369838) Phase 3: Adjust pointers 78.429ms
[2020-12-23T04:56:51.181-0400][gc,phases,start] GC(369838) Phase 4: Compact heap
[2020-12-23T04:56:51.202-0400][gc,phases      ] GC(369838) Phase 4: Compact heap 21.633ms
[2020-12-23T04:56:51.238-0400][gc,heap        ] GC(369838) Eden regions: 4->0(11)
[2020-12-23T04:56:51.238-0400][gc,heap        ] GC(369838) Survivor regions: 1->0(2)
[2020-12-23T04:56:51.238-0400][gc,heap        ] GC(369838) Old regions: 46->46
[2020-12-23T04:56:51.238-0400][gc,heap        ] GC(369838) Humongous regions: 4->4
[2020-12-23T04:56:51.238-0400][gc,metaspace   ] GC(369838) Metaspace: 61007K->61007K(1107968K)
[2020-12-23T04:56:51.238-0400][gc,heap        ] GC(369838) Heap after GC invocations=369815 (full 10740): garbage-first heap   total 71680K, used 48374K [0x0000000083000000, 0x0000000100000000)
[2020-12-23T04:56:51.238-0400][gc,heap        ] GC(369838)   region size 1024K, 0 young (0K), 0 survivors (0K)
[2020-12-23T04:56:51.238-0400][gc,heap        ] GC(369838)  Metaspace       used 61007K, capacity 63721K, committed 64768K, reserved 1107968K
[2020-12-23T04:56:51.238-0400][gc,heap        ] GC(369838)   class space    used 5712K, capacity 6559K, committed 6912K, reserved 1048576K
[2020-12-23T04:56:51.239-0400][gc             ] GC(369838) Pause Full (System.gc()) 51M->47M(70M) 314.441ms
[2020-12-23T04:56:51.239-0400][gc,cpu         ] GC(369838) User=0.84s Sys=0.00s Real=0.32s
[2020-12-23T04:57:24.330-0400][gc,heap        ] GC(369839) Heap before GC invocations=369815 (full 10740): garbage-first heap   total 71680K, used 58614K [0x0000000083000000, 0x0000000100000000)
[2020-12-23T04:57:24.330-0400][gc,heap        ] GC(369839)   region size 1024K, 11 young (11264K), 0 survivors (0K)
[2020-12-23T04:57:24.330-0400][gc,heap        ] GC(369839)  Metaspace       used 61007K, capacity 63721K, committed 64768K, reserved 1107968K
[2020-12-23T04:57:24.330-0400][gc,heap        ] GC(369839)   class space    used 5712K, capacity 6559K, committed 6912K, reserved 1048576K
[2020-12-23T04:57:24.330-0400][gc,start       ] GC(369839) Pause Young (Normal) (G1 Evacuation Pause)
[2020-12-23T04:57:24.331-0400][gc,task        ] GC(369839) Using 4 workers of 4 for evacuation
[2020-12-23T04:57:24.336-0400][gc,phases      ] GC(369839)   Pre Evacuate Collection Set: 0.0ms
[2020-12-23T04:57:24.336-0400][gc,phases      ] GC(369839)   Evacuate Collection Set: 3.0ms
[2020-12-23T04:57:24.336-0400][gc,phases      ] GC(369839)   Post Evacuate Collection Set: 1.9ms
[2020-12-23T04:57:24.336-0400][gc,phases      ] GC(369839)   Other: 0.9ms
[2020-12-23T04:57:24.336-0400][gc,heap        ] GC(369839) Eden regions: 11->0(10)
[2020-12-23T04:57:24.336-0400][gc,heap        ] GC(369839) Survivor regions: 0->1(2)
[2020-12-23T04:57:24.336-0400][gc,heap        ] GC(369839) Old regions: 46->46
[2020-12-23T04:57:24.336-0400][gc,heap        ] GC(369839) Humongous regions: 4->4
[2020-12-23T04:57:24.336-0400][gc,metaspace   ] GC(369839) Metaspace: 61007K->61007K(1107968K)
[2020-12-23T04:57:24.337-0400][gc,heap        ] GC(369839) Heap after GC invocations=369816 (full 10740): garbage-first heap   total 71680K, used 48650K [0x0000000083000000, 0x0000000100000000)
[2020-12-23T04:57:24.337-0400][gc,heap        ] GC(369839)   region size 1024K, 1 young (1024K), 1 survivors (1024K)
[2020-12-23T04:57:24.337-0400][gc,heap        ] GC(369839)  Metaspace       used 61007K, capacity 63721K, committed 64768K, reserved 1107968K
[2020-12-23T04:57:24.337-0400][gc,heap        ] GC(369839)   class space    used 5712K, capacity 6559K, committed 6912K, reserved 1048576K
[2020-12-23T04:57:24.337-0400][gc             ] GC(369839) Pause Young (Normal) (G1 Evacuation Pause) 58M->47M(70M) 6.306ms
[2020-12-23T04:57:24.337-0400][gc,cpu         ] GC(369839) User=0.01s Sys=0.00s Real=0.01s
[2020-12-23T04:57:59.424-0400][gc,heap        ] GC(369840) Heap before GC invocations=369816 (full 10740): garbage-first heap   total 71680K, used 57866K [0x0000000083000000, 0x0000000100000000)
[2020-12-23T04:57:59.425-0400][gc,heap        ] GC(369840)   region size 1024K, 11 young (11264K), 1 survivors (1024K)
[2020-12-23T04:57:59.425-0400][gc,heap        ] GC(369840)  Metaspace       used 61007K, capacity 63721K, committed 64768K, reserved 1107968K
[2020-12-23T04:57:59.425-0400][gc,heap        ] GC(369840)   class space    used 5712K, capacity 6559K, committed 6912K, reserved 1048576K
[2020-12-23T04:57:59.425-0400][gc,start       ] GC(369840) Pause Young (Normal) (G1 Evacuation Pause)
[2020-12-23T04:57:59.425-0400][gc,task        ] GC(369840) Using 4 workers of 4 for evacuation
[2020-12-23T04:57:59.430-0400][gc,phases      ] GC(369840)   Pre Evacuate Collection Set: 0.0ms
[2020-12-23T04:57:59.430-0400][gc,phases      ] GC(369840)   Evacuate Collection Set: 3.0ms
[2020-12-23T04:57:59.430-0400][gc,phases      ] GC(369840)   Post Evacuate Collection Set: 1.4ms
[2020-12-23T04:57:59.430-0400][gc,phases      ] GC(369840)   Other: 0.9ms
[2020-12-23T04:57:59.430-0400][gc,heap        ] GC(369840) Eden regions: 10->0(10)
[2020-12-23T04:57:59.430-0400][gc,heap        ] GC(369840) Survivor regions: 1->1(2)
[2020-12-23T04:57:59.430-0400][gc,heap        ] GC(369840) Old regions: 46->46
[2020-12-23T04:57:59.430-0400][gc,heap        ] GC(369840) Humongous regions: 4->4
[2020-12-23T04:57:59.430-0400][gc,metaspace   ] GC(369840) Metaspace: 61007K->61007K(1107968K)
[2020-12-23T04:57:59.430-0400][gc,heap        ] GC(369840) Heap after GC invocations=369817 (full 10740): garbage-first heap   total 71680K, used 48653K [0x0000000083000000, 0x0000000100000000)
[2020-12-23T04:57:59.430-0400][gc,heap        ] GC(369840)   region size 1024K, 1 young (1024K), 1 survivors (1024K)
[2020-12-23T04:57:59.430-0400][gc,heap        ] GC(369840)  Metaspace       used 61007K, capacity 63721K, committed 64768K, reserved 1107968K
[2020-12-23T04:57:59.430-0400][gc,heap        ] GC(369840)   class space    used 5712K, capacity 6559K, committed 6912K, reserved 1048576K
[2020-12-23T04:57:59.431-0400][gc             ] GC(369840) Pause Young (Normal) (G1 Evacuation Pause) 57M->47M(70M) 5.639ms
[2020-12-23T04:57:59.431-0400][gc,cpu         ] GC(369840) User=0.02s Sys=0.00s Real=0.01s
[2020-12-23T04:58:38.772-0400][gc,heap        ] GC(369841) Heap before GC invocations=369817 (full 10740): garbage-first heap   total 71680K, used 57869K [0x0000000083000000, 0x0000000100000000)
[2020-12-23T04:58:38.773-0400][gc,heap        ] GC(369841)   region size 1024K, 11 young (11264K), 1 survivors (1024K)
[2020-12-23T04:58:38.773-0400][gc,heap        ] GC(369841)  Metaspace       used 61007K, capacity 63721K, committed 64768K, reserved 1107968K
[2020-12-23T04:58:38.773-0400][gc,heap        ] GC(369841)   class space    used 5712K, capacity 6559K, committed 6912K, reserved 1048576K
[2020-12-23T04:58:38.773-0400][gc,start       ] GC(369841) Pause Young (Normal) (G1 Evacuation Pause)
[2020-12-23T04:58:38.773-0400][gc,task        ] GC(369841) Using 4 workers of 4 for evacuation
[2020-12-23T04:58:38.778-0400][gc,phases      ] GC(369841)   Pre Evacuate Collection Set: 0.0ms
[2020-12-23T04:58:38.778-0400][gc,phases      ] GC(369841)   Evacuate Collection Set: 3.0ms
[2020-12-23T04:58:38.778-0400][gc,phases      ] GC(369841)   Post Evacuate Collection Set: 2.0ms
[2020-12-23T04:58:38.779-0400][gc,phases      ] GC(369841)   Other: 0.9ms
[2020-12-23T04:58:38.779-0400][gc,heap        ] GC(369841) Eden regions: 10->0(10)
[2020-12-23T04:58:38.779-0400][gc,heap        ] GC(369841) Survivor regions: 1->1(2)
[2020-12-23T04:58:38.779-0400][gc,heap        ] GC(369841) Old regions: 46->46
[2020-12-23T04:58:38.779-0400][gc,heap        ] GC(369841) Humongous regions: 4->4
[2020-12-23T04:58:38.779-0400][gc,metaspace   ] GC(369841) Metaspace: 61007K->61007K(1107968K)
[2020-12-23T04:58:38.779-0400][gc,heap        ] GC(369841) Heap after GC invocations=369818 (full 10740): garbage-first heap   total 71680K, used 48737K [0x0000000083000000, 0x0000000100000000)
[2020-12-23T04:58:38.779-0400][gc,heap        ] GC(369841)   region size 1024K, 1 young (1024K), 1 survivors (1024K)
[2020-12-23T04:58:38.779-0400][gc,heap        ] GC(369841)  Metaspace       used 61007K, capacity 63721K, committed 64768K, reserved 1107968K
[2020-12-23T04:58:38.779-0400][gc,heap        ] GC(369841)   class space    used 5712K, capacity 6559K, committed 6912K, reserved 1048576K
[2020-12-23T04:58:38.779-0400][gc             ] GC(369841) Pause Young (Normal) (G1 Evacuation Pause) 57M->47M(70M) 6.284ms
[2020-12-23T04:58:38.779-0400][gc,cpu         ] GC(369841) User=0.02s Sys=0.00s Real=0.01s
[2020-12-23T04:59:10.917-0400][gc,heap        ] GC(369842) Heap before GC invocations=369818 (full 10740): garbage-first heap   total 71680K, used 57953K [0x0000000083000000, 0x0000000100000000)
[2020-12-23T04:59:10.917-0400][gc,heap        ] GC(369842)   region size 1024K, 11 young (11264K), 1 survivors (1024K)
[2020-12-23T04:59:10.917-0400][gc,heap        ] GC(369842)  Metaspace       used 61007K, capacity 63721K, committed 64768K, reserved 1107968K
[2020-12-23T04:59:10.917-0400][gc,heap        ] GC(369842)   class space    used 5712K, capacity 6559K, committed 6912K, reserved 1048576K
[2020-12-23T04:59:10.918-0400][gc,start       ] GC(369842) Pause Young (Normal) (G1 Evacuation Pause)
[2020-12-23T04:59:10.918-0400][gc,task        ] GC(369842) Using 4 workers of 4 for evacuation
[2020-12-23T04:59:10.923-0400][gc,phases      ] GC(369842)   Pre Evacuate Collection Set: 0.0ms
[2020-12-23T04:59:10.923-0400][gc,phases      ] GC(369842)   Evacuate Collection Set: 3.2ms
[2020-12-23T04:59:10.923-0400][gc,phases      ] GC(369842)   Post Evacuate Collection Set: 2.0ms
[2020-12-23T04:59:10.924-0400][gc,phases      ] GC(369842)   Other: 0.8ms
[2020-12-23T04:59:10.924-0400][gc,heap        ] GC(369842) Eden regions: 10->0(10)
[2020-12-23T04:59:10.924-0400][gc,heap        ] GC(369842) Survivor regions: 1->1(2)
[2020-12-23T04:59:10.924-0400][gc,heap        ] GC(369842) Old regions: 46->46
[2020-12-23T04:59:10.924-0400][gc,heap        ] GC(369842) Humongous regions: 4->4
[2020-12-23T04:59:10.924-0400][gc,metaspace   ] GC(369842) Metaspace: 61007K->61007K(1107968K)
[2020-12-23T04:59:10.924-0400][gc,heap        ] GC(369842) Heap after GC invocations=369819 (full 10740): garbage-first heap   total 71680K, used 48697K [0x0000000083000000, 0x0000000100000000)
[2020-12-23T04:59:10.924-0400][gc,heap        ] GC(369842)   region size 1024K, 1 young (1024K), 1 survivors (1024K)
[2020-12-23T04:59:10.924-0400][gc,heap        ] GC(369842)  Metaspace       used 61007K, capacity 63721K, committed 64768K, reserved 1107968K
[2020-12-23T04:59:10.924-0400][gc,heap        ] GC(369842)   class space    used 5712K, capacity 6559K, committed 6912K, reserved 1048576K
[2020-12-23T04:59:10.924-0400][gc             ] GC(369842) Pause Young (Normal) (G1 Evacuation Pause) 57M->47M(70M) 6.657ms
[2020-12-23T04:59:10.924-0400][gc,cpu         ] GC(369842) User=0.01s Sys=0.00s Real=0.00s
[2020-12-23T04:59:53.893-0400][gc,heap        ] GC(369843) Heap before GC invocations=369819 (full 10740): garbage-first heap   total 71680K, used 57913K [0x0000000083000000, 0x0000000100000000)
[2020-12-23T04:59:53.893-0400][gc,heap        ] GC(369843)   region size 1024K, 11 young (11264K), 1 survivors (1024K)
[2020-12-23T04:59:53.893-0400][gc,heap        ] GC(369843)  Metaspace       used 61007K, capacity 63721K, committed 64768K, reserved 1107968K
[2020-12-23T04:59:53.893-0400][gc,heap        ] GC(369843)   class space    used 5712K, capacity 6559K, committed 6912K, reserved 1048576K
[2020-12-23T04:59:53.893-0400][gc,start       ] GC(369843) Pause Young (Normal) (G1 Evacuation Pause)
[2020-12-23T04:59:53.893-0400][gc,task        ] GC(369843) Using 4 workers of 4 for evacuation
[2020-12-23T04:59:53.899-0400][gc,phases      ] GC(369843)   Pre Evacuate Collection Set: 0.0ms
[2020-12-23T04:59:53.899-0400][gc,phases      ] GC(369843)   Evacuate Collection Set: 3.1ms
[2020-12-23T04:59:53.899-0400][gc,phases      ] GC(369843)   Post Evacuate Collection Set: 1.8ms
[2020-12-23T04:59:53.899-0400][gc,phases      ] GC(369843)   Other: 0.8ms
[2020-12-23T04:59:53.899-0400][gc,heap        ] GC(369843) Eden regions: 10->0(10)
[2020-12-23T04:59:53.899-0400][gc,heap        ] GC(369843) Survivor regions: 1->1(2)
[2020-12-23T04:59:53.899-0400][gc,heap        ] GC(369843) Old regions: 46->46
[2020-12-23T04:59:53.899-0400][gc,heap        ] GC(369843) Humongous regions: 4->4
[2020-12-23T04:59:53.899-0400][gc,metaspace   ] GC(369843) Metaspace: 61007K->61007K(1107968K)
[2020-12-23T04:59:53.899-0400][gc,heap        ] GC(369843) Heap after GC invocations=369820 (full 10740): garbage-first heap   total 71680K, used 48747K [0x0000000083000000, 0x0000000100000000)
[2020-12-23T04:59:53.899-0400][gc,heap        ] GC(369843)   region size 1024K, 1 young (1024K), 1 survivors (1024K)
[2020-12-23T04:59:53.899-0400][gc,heap        ] GC(369843)  Metaspace       used 61007K, capacity 63721K, committed 64768K, reserved 1107968K
[2020-12-23T04:59:53.899-0400][gc,heap        ] GC(369843)   class space    used 5712K, capacity 6559K, committed 6912K, reserved 1048576K
[2020-12-23T04:59:53.899-0400][gc             ] GC(369843) Pause Young (Normal) (G1 Evacuation Pause) 57M->47M(70M) 6.203ms
[2020-12-23T04:59:53.900-0400][gc,cpu         ] GC(369843) User=0.02s Sys=0.00s Real=0.01s
[2020-12-23T05:00:06.108-0400][gc,heap        ] GC(369844) Heap before GC invocations=369820 (full 10740): garbage-first heap   total 71680K, used 57963K [0x0000000083000000, 0x0000000100000000)
[2020-12-23T05:00:06.109-0400][gc,heap        ] GC(369844)   region size 1024K, 11 young (11264K), 1 survivors (1024K)
[2020-12-23T05:00:06.109-0400][gc,heap        ] GC(369844)  Metaspace       used 61007K, capacity 63721K, committed 64768K, reserved 1107968K
[2020-12-23T05:00:06.109-0400][gc,heap        ] GC(369844)   class space    used 5712K, capacity 6559K, committed 6912K, reserved 1048576K
[2020-12-23T05:00:06.109-0400][gc,start       ] GC(369844) Pause Young (Normal) (G1 Evacuation Pause)
[2020-12-23T05:00:06.109-0400][gc,task        ] GC(369844) Using 4 workers of 4 for evacuation
[2020-12-23T05:00:06.114-0400][gc,phases      ] GC(369844)   Pre Evacuate Collection Set: 0.0ms
[2020-12-23T05:00:06.114-0400][gc,phases      ] GC(369844)   Evacuate Collection Set: 3.2ms
[2020-12-23T05:00:06.114-0400][gc,phases      ] GC(369844)   Post Evacuate Collection Set: 1.4ms
[2020-12-23T05:00:06.114-0400][gc,phases      ] GC(369844)   Other: 0.8ms
[2020-12-23T05:00:06.114-0400][gc,heap        ] GC(369844) Eden regions: 10->0(10)
[2020-12-23T05:00:06.114-0400][gc,heap        ] GC(369844) Survivor regions: 1->1(2)
[2020-12-23T05:00:06.114-0400][gc,heap        ] GC(369844) Old regions: 46->46
[2020-12-23T05:00:06.114-0400][gc,heap        ] GC(369844) Humongous regions: 4->4
[2020-12-23T05:00:06.114-0400][gc,metaspace   ] GC(369844) Metaspace: 61007K->61007K(1107968K)
[2020-12-23T05:00:06.114-0400][gc,heap        ] GC(369844) Heap after GC invocations=369821 (full 10740): garbage-first heap   total 71680K, used 48723K [0x0000000083000000, 0x0000000100000000)
[2020-12-23T05:00:06.114-0400][gc,heap        ] GC(369844)   region size 1024K, 1 young (1024K), 1 survivors (1024K)
[2020-12-23T05:00:06.115-0400][gc,heap        ] GC(369844)  Metaspace       used 61007K, capacity 63721K, committed 64768K, reserved 1107968K
[2020-12-23T05:00:06.115-0400][gc,heap        ] GC(369844)   class space    used 5712K, capacity 6559K, committed 6912K, reserved 1048576K
[2020-12-23T05:00:06.115-0400][gc             ] GC(369844) Pause Young (Normal) (G1 Evacuation Pause) 57M->47M(70M) 5.869ms
[2020-12-23T05:00:06.115-0400][gc,cpu         ] GC(369844) User=0.01s Sys=0.01s Real=0.00s
[2020-12-23T05:00:34.527-0400][gc,heap        ] GC(369845) Heap before GC invocations=369821 (full 10740): garbage-first heap   total 71680K, used 57939K [0x0000000083000000, 0x0000000100000000)
[2020-12-23T05:00:34.527-0400][gc,heap        ] GC(369845)   region size 1024K, 11 young (11264K), 1 survivors (1024K)
[2020-12-23T05:00:34.527-0400][gc,heap        ] GC(369845)  Metaspace       used 61007K, capacity 63721K, committed 64768K, reserved 1107968K
[2020-12-23T05:00:34.527-0400][gc,heap        ] GC(369845)   class space    used 5712K, capacity 6559K, committed 6912K, reserved 1048576K
[2020-12-23T05:00:34.527-0400][gc,start       ] GC(369845) Pause Young (Normal) (G1 Evacuation Pause)
[2020-12-23T05:00:34.527-0400][gc,task        ] GC(369845) Using 4 workers of 4 for evacuation
[2020-12-23T05:00:34.533-0400][gc,phases      ] GC(369845)   Pre Evacuate Collection Set: 0.0ms
[2020-12-23T05:00:34.533-0400][gc,phases      ] GC(369845)   Evacuate Collection Set: 3.4ms
[2020-12-23T05:00:34.533-0400][gc,phases      ] GC(369845)   Post Evacuate Collection Set: 1.4ms
[2020-12-23T05:00:34.533-0400][gc,phases      ] GC(369845)   Other: 0.8ms
[2020-12-23T05:00:34.533-0400][gc,heap        ] GC(369845) Eden regions: 10->0(10)
[2020-12-23T05:00:34.533-0400][gc,heap        ] GC(369845) Survivor regions: 1->1(2)
[2020-12-23T05:00:34.533-0400][gc,heap        ] GC(369845) Old regions: 46->46
[2020-12-23T05:00:34.533-0400][gc,heap        ] GC(369845) Humongous regions: 4->4
[2020-12-23T05:00:34.533-0400][gc,metaspace   ] GC(369845) Metaspace: 61007K->61007K(1107968K)
[2020-12-23T05:00:34.533-0400][gc,heap        ] GC(369845) Heap after GC invocations=369822 (full 10740): garbage-first heap   total 71680K, used 48774K [0x0000000083000000, 0x0000000100000000)
[2020-12-23T05:00:34.533-0400][gc,heap        ] GC(369845)   region size 1024K, 1 young (1024K), 1 survivors (1024K)
[2020-12-23T05:00:34.533-0400][gc,heap        ] GC(369845)  Metaspace       used 61007K, capacity 63721K, committed 64768K, reserved 1107968K
[2020-12-23T05:00:34.533-0400][gc,heap        ] GC(369845)   class space    used 5712K, capacity 6559K, committed 6912K, reserved 1048576K
[2020-12-23T05:00:34.533-0400][gc             ] GC(369845) Pause Young (Normal) (G1 Evacuation Pause) 57M->47M(70M) 6.048ms
[2020-12-23T05:00:34.533-0400][gc,cpu         ] GC(369845) User=0.02s Sys=0.00s Real=0.00s
[2020-12-23T05:01:13.774-0400][gc,heap        ] GC(369846) Heap before GC invocations=369822 (full 10740): garbage-first heap   total 71680K, used 59014K [0x0000000083000000, 0x0000000100000000)
[2020-12-23T05:01:13.774-0400][gc,heap        ] GC(369846)   region size 1024K, 11 young (11264K), 1 survivors (1024K)
[2020-12-23T05:01:13.774-0400][gc,heap        ] GC(369846)  Metaspace       used 61007K, capacity 63721K, committed 64768K, reserved 1107968K
[2020-12-23T05:01:13.774-0400][gc,heap        ] GC(369846)   class space    used 5712K, capacity 6559K, committed 6912K, reserved 1048576K
[2020-12-23T05:01:13.775-0400][gc,start       ] GC(369846) Pause Young (Normal) (G1 Evacuation Pause)
[2020-12-23T05:01:13.775-0400][gc,task        ] GC(369846) Using 4 workers of 4 for evacuation
[2020-12-23T05:01:13.780-0400][gc,phases      ] GC(369846)   Pre Evacuate Collection Set: 0.0ms
[2020-12-23T05:01:13.781-0400][gc,phases      ] GC(369846)   Evacuate Collection Set: 3.7ms
[2020-12-23T05:01:13.781-0400][gc,phases      ] GC(369846)   Post Evacuate Collection Set: 1.6ms
[2020-12-23T05:01:13.781-0400][gc,phases      ] GC(369846)   Other: 0.9ms
[2020-12-23T05:01:13.781-0400][gc,heap        ] GC(369846) Eden regions: 10->0(10)
[2020-12-23T05:01:13.781-0400][gc,heap        ] GC(369846) Survivor regions: 1->1(2)
[2020-12-23T05:01:13.781-0400][gc,heap        ] GC(369846) Old regions: 46->46
[2020-12-23T05:01:13.781-0400][gc,heap        ] GC(369846) Humongous regions: 4->4
[2020-12-23T05:01:13.781-0400][gc,metaspace   ] GC(369846) Metaspace: 61007K->61007K(1107968K)
[2020-12-23T05:01:13.781-0400][gc,heap        ] GC(369846) Heap after GC invocations=369823 (full 10740): garbage-first heap   total 71680K, used 48867K [0x0000000083000000, 0x0000000100000000)
[2020-12-23T05:01:13.781-0400][gc,heap        ] GC(369846)   region size 1024K, 1 young (1024K), 1 survivors (1024K)
[2020-12-23T05:01:13.781-0400][gc,heap        ] GC(369846)  Metaspace       used 61007K, capacity 63721K, committed 64768K, reserved 1107968K
[2020-12-23T05:01:13.781-0400][gc,heap        ] GC(369846)   class space    used 5712K, capacity 6559K, committed 6912K, reserved 1048576K
[2020-12-23T05:01:13.781-0400][gc             ] GC(369846) Pause Young (Normal) (G1 Evacuation Pause) 57M->47M(70M) 6.575ms
[2020-12-23T05:01:13.781-0400][gc,cpu         ] GC(369846) User=0.00s Sys=0.01s Real=0.01s
[2020-12-23T05:01:50.924-0400][gc,task        ] GC(369847) Using 3 workers of 4 for full compaction
[2020-12-23T05:01:50.924-0400][gc,start       ] GC(369847) Pause Full (System.gc())
[2020-12-23T05:01:50.924-0400][gc,heap        ] GC(369847) Heap before GC invocations=369823 (full 10740): garbage-first heap   total 71680K, used 56035K [0x0000000083000000, 0x0000000100000000)
[2020-12-23T05:01:50.924-0400][gc,heap        ] GC(369847)   region size 1024K, 10 young (10240K), 1 survivors (1024K)
[2020-12-23T05:01:50.924-0400][gc,heap        ] GC(369847)  Metaspace       used 61007K, capacity 63721K, committed 64768K, reserved 1107968K
[2020-12-23T05:01:50.924-0400][gc,heap        ] GC(369847)   class space    used 5712K, capacity 6559K, committed 6912K, reserved 1048576K
[2020-12-23T05:01:50.927-0400][gc,phases,start] GC(369847) Phase 1: Mark live objects
[2020-12-23T05:01:51.068-0400][gc,stringtable ] GC(369847) Cleaned string and symbol table, strings: 32200 processed, 0 removed, symbols: 131451 processed, 0 removed
[2020-12-23T05:01:51.069-0400][gc,phases      ] GC(369847) Phase 1: Mark live objects 142.076ms
[2020-12-23T05:01:51.069-0400][gc,phases,start] GC(369847) Phase 2: Prepare for compaction
[2020-12-23T05:01:51.098-0400][gc,phases      ] GC(369847) Phase 2: Prepare for compaction 29.584ms
[2020-12-23T05:01:51.098-0400][gc,phases,start] GC(369847) Phase 3: Adjust pointers
[2020-12-23T05:01:51.177-0400][gc,phases      ] GC(369847) Phase 3: Adjust pointers 78.811ms
[2020-12-23T05:01:51.177-0400][gc,phases,start] GC(369847) Phase 4: Compact heap
[2020-12-23T05:01:51.196-0400][gc,phases      ] GC(369847) Phase 4: Compact heap 18.921ms
[2020-12-23T05:01:51.232-0400][gc,heap        ] GC(369847) Eden regions: 9->0(10)
[2020-12-23T05:01:51.232-0400][gc,heap        ] GC(369847) Survivor regions: 1->0(2)
[2020-12-23T05:01:51.232-0400][gc,heap        ] GC(369847) Old regions: 46->47
[2020-12-23T05:01:51.232-0400][gc,heap        ] GC(369847) Humongous regions: 4->4
[2020-12-23T05:01:51.232-0400][gc,metaspace   ] GC(369847) Metaspace: 61007K->61007K(1107968K)
[2020-12-23T05:01:51.232-0400][gc,heap        ] GC(369847) Heap after GC invocations=369824 (full 10741): garbage-first heap   total 71680K, used 48462K [0x0000000083000000, 0x0000000100000000)
[2020-12-23T05:01:51.232-0400][gc,heap        ] GC(369847)   region size 1024K, 0 young (0K), 0 survivors (0K)
[2020-12-23T05:01:51.232-0400][gc,heap        ] GC(369847)  Metaspace       used 61007K, capacity 63721K, committed 64768K, reserved 1107968K
[2020-12-23T05:01:51.232-0400][gc,heap        ] GC(369847)   class space    used 5712K, capacity 6559K, committed 6912K, reserved 1048576K
[2020-12-23T05:01:51.232-0400][gc             ] GC(369847) Pause Full (System.gc()) 56M->47M(70M) 308.323ms
[2020-12-23T05:01:51.233-0400][gc,cpu         ] GC(369847) User=0.84s Sys=0.00s Real=0.31s
[2020-12-23T05:02:20.370-0400][gc,heap        ] GC(369848) Heap before GC invocations=369824 (full 10741): garbage-first heap   total 71680K, used 57678K [0x0000000083000000, 0x0000000100000000)
[2020-12-23T05:02:20.370-0400][gc,heap        ] GC(369848)   region size 1024K, 10 young (10240K), 0 survivors (0K)
[2020-12-23T05:02:20.370-0400][gc,heap        ] GC(369848)  Metaspace       used 61007K, capacity 63721K, committed 64768K, reserved 1107968K
[2020-12-23T05:02:20.370-0400][gc,heap        ] GC(369848)   class space    used 5712K, capacity 6559K, committed 6912K, reserved 1048576K
[2020-12-23T05:02:20.370-0400][gc,start       ] GC(369848) Pause Young (Normal) (G1 Evacuation Pause)
[2020-12-23T05:02:20.370-0400][gc,task        ] GC(369848) Using 4 workers of 4 for evacuation
[2020-12-23T05:02:20.375-0400][gc,phases      ] GC(369848)   Pre Evacuate Collection Set: 0.0ms
[2020-12-23T05:02:20.376-0400][gc,phases      ] GC(369848)   Evacuate Collection Set: 2.8ms
[2020-12-23T05:02:20.376-0400][gc,phases      ] GC(369848)   Post Evacuate Collection Set: 1.7ms
[2020-12-23T05:02:20.376-0400][gc,phases      ] GC(369848)   Other: 0.9ms
[2020-12-23T05:02:20.376-0400][gc,heap        ] GC(369848) Eden regions: 10->0(10)
[2020-12-23T05:02:20.376-0400][gc,heap        ] GC(369848) Survivor regions: 0->1(2)
[2020-12-23T05:02:20.376-0400][gc,heap        ] GC(369848) Old regions: 47->47
[2020-12-23T05:02:20.376-0400][gc,heap        ] GC(369848) Humongous regions: 4->4
[2020-12-23T05:02:20.376-0400][gc,metaspace   ] GC(369848) Metaspace: 61007K->61007K(1107968K)
[2020-12-23T05:02:20.376-0400][gc,heap        ] GC(369848) Heap after GC invocations=369825 (full 10741): garbage-first heap   total 71680K, used 48739K [0x0000000083000000, 0x0000000100000000)
[2020-12-23T05:02:20.376-0400][gc,heap        ] GC(369848)   region size 1024K, 1 young (1024K), 1 survivors (1024K)
[2020-12-23T05:02:20.376-0400][gc,heap        ] GC(369848)  Metaspace       used 61007K, capacity 63721K, committed 64768K, reserved 1107968K
[2020-12-23T05:02:20.376-0400][gc,heap        ] GC(369848)   class space    used 5712K, capacity 6559K, committed 6912K, reserved 1048576K
[2020-12-23T05:02:20.376-0400][gc             ] GC(369848) Pause Young (Normal) (G1 Evacuation Pause) 57M->47M(70M) 5.834ms
[2020-12-23T05:02:20.376-0400][gc,cpu         ] GC(369848) User=0.02s Sys=0.00s Real=0.01s
[2020-12-23T05:02:54.610-0400][gc,heap        ] GC(369849) Heap before GC invocations=369825 (full 10741): garbage-first heap   total 71680K, used 57955K [0x0000000083000000, 0x0000000100000000)
[2020-12-23T05:02:54.610-0400][gc,heap        ] GC(369849)   region size 1024K, 11 young (11264K), 1 survivors (1024K)
[2020-12-23T05:02:54.610-0400][gc,heap        ] GC(369849)  Metaspace       used 61007K, capacity 63721K, committed 64768K, reserved 1107968K
[2020-12-23T05:02:54.610-0400][gc,heap        ] GC(369849)   class space    used 5712K, capacity 6559K, committed 6912K, reserved 1048576K
[2020-12-23T05:02:54.610-0400][gc,start       ] GC(369849) Pause Young (Normal) (G1 Evacuation Pause)
[2020-12-23T05:02:54.610-0400][gc,task        ] GC(369849) Using 4 workers of 4 for evacuation
[2020-12-23T05:02:54.615-0400][gc,phases      ] GC(369849)   Pre Evacuate Collection Set: 0.0ms
[2020-12-23T05:02:54.615-0400][gc,phases      ] GC(369849)   Evacuate Collection Set: 3.2ms
[2020-12-23T05:02:54.615-0400][gc,phases      ] GC(369849)   Post Evacuate Collection Set: 1.4ms
[2020-12-23T05:02:54.616-0400][gc,phases      ] GC(369849)   Other: 0.8ms
[2020-12-23T05:02:54.616-0400][gc,heap        ] GC(369849) Eden regions: 10->0(10)
[2020-12-23T05:02:54.616-0400][gc,heap        ] GC(369849) Survivor regions: 1->1(2)
[2020-12-23T05:02:54.616-0400][gc,heap        ] GC(369849) Old regions: 47->47
[2020-12-23T05:02:54.616-0400][gc,heap        ] GC(369849) Humongous regions: 4->4
[2020-12-23T05:02:54.616-0400][gc,metaspace   ] GC(369849) Metaspace: 61007K->61007K(1107968K)
[2020-12-23T05:02:54.616-0400][gc,heap        ] GC(369849) Heap after GC invocations=369826 (full 10741): garbage-first heap   total 71680K, used 48753K [0x0000000083000000, 0x0000000100000000)
[2020-12-23T05:02:54.616-0400][gc,heap        ] GC(369849)   region size 1024K, 1 young (1024K), 1 survivors (1024K)
[2020-12-23T05:02:54.616-0400][gc,heap        ] GC(369849)  Metaspace       used 61007K, capacity 63721K, committed 64768K, reserved 1107968K
[2020-12-23T05:02:54.616-0400][gc,heap        ] GC(369849)   class space    used 5712K, capacity 6559K, committed 6912K, reserved 1048576K
[2020-12-23T05:02:54.616-0400][gc             ] GC(369849) Pause Young (Normal) (G1 Evacuation Pause) 57M->47M(70M) 5.917ms
[2020-12-23T05:02:54.616-0400][gc,cpu         ] GC(369849) User=0.01s Sys=0.01s Real=0.01s
[2020-12-23T05:03:18.192-0400][gc,heap        ] GC(369850) Heap before GC invocations=369826 (full 10741): garbage-first heap   total 71680K, used 58993K [0x0000000083000000, 0x0000000100000000)
[2020-12-23T05:03:18.192-0400][gc,heap        ] GC(369850)   region size 1024K, 11 young (11264K), 1 survivors (1024K)
[2020-12-23T05:03:18.192-0400][gc,heap        ] GC(369850)  Metaspace       used 61007K, capacity 63721K, committed 64768K, reserved 1107968K
[2020-12-23T05:03:18.192-0400][gc,heap        ] GC(369850)   class space    used 5712K, capacity 6559K, committed 6912K, reserved 1048576K
[2020-12-23T05:03:18.192-0400][gc,start       ] GC(369850) Pause Young (Normal) (G1 Evacuation Pause)
[2020-12-23T05:03:18.193-0400][gc,task        ] GC(369850) Using 4 workers of 4 for evacuation
[2020-12-23T05:03:18.199-0400][gc,phases      ] GC(369850)   Pre Evacuate Collection Set: 0.0ms
[2020-12-23T05:03:18.199-0400][gc,phases      ] GC(369850)   Evacuate Collection Set: 3.4ms
[2020-12-23T05:03:18.199-0400][gc,phases      ] GC(369850)   Post Evacuate Collection Set: 2.7ms
[2020-12-23T05:03:18.199-0400][gc,phases      ] GC(369850)   Other: 0.8ms
[2020-12-23T05:03:18.199-0400][gc,heap        ] GC(369850) Eden regions: 10->0(10)
[2020-12-23T05:03:18.199-0400][gc,heap        ] GC(369850) Survivor regions: 1->1(2)
[2020-12-23T05:03:18.199-0400][gc,heap        ] GC(369850) Old regions: 47->47
[2020-12-23T05:03:18.200-0400][gc,heap        ] GC(369850) Humongous regions: 4->4
[2020-12-23T05:03:18.200-0400][gc,metaspace   ] GC(369850) Metaspace: 61007K->61007K(1107968K)
[2020-12-23T05:03:18.200-0400][gc,heap        ] GC(369850) Heap after GC invocations=369827 (full 10741): garbage-first heap   total 71680K, used 48882K [0x0000000083000000, 0x0000000100000000)
[2020-12-23T05:03:18.200-0400][gc,heap        ] GC(369850)   region size 1024K, 1 young (1024K), 1 survivors (1024K)
[2020-12-23T05:03:18.200-0400][gc,heap        ] GC(369850)  Metaspace       used 61007K, capacity 63721K, committed 64768K, reserved 1107968K
[2020-12-23T05:03:18.200-0400][gc,heap        ] GC(369850)   class space    used 5712K, capacity 6559K, committed 6912K, reserved 1048576K
[2020-12-23T05:03:18.200-0400][gc             ] GC(369850) Pause Young (Normal) (G1 Evacuation Pause) 57M->47M(70M) 7.457ms
[2020-12-23T05:03:18.200-0400][gc,cpu         ] GC(369850) User=0.01s Sys=0.01s Real=0.01s
[2020-12-23T05:03:55.303-0400][gc,heap        ] GC(369851) Heap before GC invocations=369827 (full 10741): garbage-first heap   total 71680K, used 58098K [0x0000000083000000, 0x0000000100000000)
[2020-12-23T05:03:55.303-0400][gc,heap        ] GC(369851)   region size 1024K, 11 young (11264K), 1 survivors (1024K)
[2020-12-23T05:03:55.303-0400][gc,heap        ] GC(369851)  Metaspace       used 61007K, capacity 63721K, committed 64768K, reserved 1107968K
[2020-12-23T05:03:55.304-0400][gc,heap        ] GC(369851)   class space    used 5712K, capacity 6559K, committed 6912K, reserved 1048576K
[2020-12-23T05:03:55.304-0400][gc,start       ] GC(369851) Pause Young (Normal) (G1 Evacuation Pause)
[2020-12-23T05:03:55.304-0400][gc,task        ] GC(369851) Using 4 workers of 4 for evacuation
[2020-12-23T05:03:55.310-0400][gc,phases      ] GC(369851)   Pre Evacuate Collection Set: 0.0ms
[2020-12-23T05:03:55.310-0400][gc,phases      ] GC(369851)   Evacuate Collection Set: 3.6ms
[2020-12-23T05:03:55.310-0400][gc,phases      ] GC(369851)   Post Evacuate Collection Set: 1.8ms
[2020-12-23T05:03:55.310-0400][gc,phases      ] GC(369851)   Other: 1.0ms
[2020-12-23T05:03:55.310-0400][gc,heap        ] GC(369851) Eden regions: 10->0(10)
[2020-12-23T05:03:55.310-0400][gc,heap        ] GC(369851) Survivor regions: 1->1(2)
[2020-12-23T05:03:55.310-0400][gc,heap        ] GC(369851) Old regions: 47->47
[2020-12-23T05:03:55.310-0400][gc,heap        ] GC(369851) Humongous regions: 4->4
[2020-12-23T05:03:55.310-0400][gc,metaspace   ] GC(369851) Metaspace: 61007K->61007K(1107968K)
[2020-12-23T05:03:55.310-0400][gc,heap        ] GC(369851) Heap after GC invocations=369828 (full 10741): garbage-first heap   total 71680K, used 48938K [0x0000000083000000, 0x0000000100000000)
[2020-12-23T05:03:55.310-0400][gc,heap        ] GC(369851)   region size 1024K, 1 young (1024K), 1 survivors (1024K)
[2020-12-23T05:03:55.310-0400][gc,heap        ] GC(369851)  Metaspace       used 61007K, capacity 63721K, committed 64768K, reserved 1107968K
[2020-12-23T05:03:55.310-0400][gc,heap        ] GC(369851)   class space    used 5712K, capacity 6559K, committed 6912K, reserved 1048576K
[2020-12-23T05:03:55.310-0400][gc             ] GC(369851) Pause Young (Normal) (G1 Evacuation Pause) 57M->47M(70M) 6.677ms
[2020-12-23T05:03:55.311-0400][gc,cpu         ] GC(369851) User=0.02s Sys=0.00s Real=0.01s
[2020-12-23T05:04:24.333-0400][gc,heap        ] GC(369852) Heap before GC invocations=369828 (full 10741): garbage-first heap   total 71680K, used 58154K [0x0000000083000000, 0x0000000100000000)
[2020-12-23T05:04:24.333-0400][gc,heap        ] GC(369852)   region size 1024K, 11 young (11264K), 1 survivors (1024K)
[2020-12-23T05:04:24.333-0400][gc,heap        ] GC(369852)  Metaspace       used 61007K, capacity 63721K, committed 64768K, reserved 1107968K
[2020-12-23T05:04:24.333-0400][gc,heap        ] GC(369852)   class space    used 5712K, capacity 6559K, committed 6912K, reserved 1048576K
[2020-12-23T05:04:24.333-0400][gc,start       ] GC(369852) Pause Young (Normal) (G1 Evacuation Pause)
[2020-12-23T05:04:24.333-0400][gc,task        ] GC(369852) Using 4 workers of 4 for evacuation
[2020-12-23T05:04:24.339-0400][gc,phases      ] GC(369852)   Pre Evacuate Collection Set: 0.0ms
[2020-12-23T05:04:24.339-0400][gc,phases      ] GC(369852)   Evacuate Collection Set: 3.4ms
[2020-12-23T05:04:24.339-0400][gc,phases      ] GC(369852)   Post Evacuate Collection Set: 1.9ms
[2020-12-23T05:04:24.339-0400][gc,phases      ] GC(369852)   Other: 0.8ms
[2020-12-23T05:04:24.339-0400][gc,heap        ] GC(369852) Eden regions: 10->0(10)
[2020-12-23T05:04:24.339-0400][gc,heap        ] GC(369852) Survivor regions: 1->1(2)
[2020-12-23T05:04:24.339-0400][gc,heap        ] GC(369852) Old regions: 47->47
[2020-12-23T05:04:24.339-0400][gc,heap        ] GC(369852) Humongous regions: 4->4
[2020-12-23T05:04:24.339-0400][gc,metaspace   ] GC(369852) Metaspace: 61007K->61007K(1107968K)
[2020-12-23T05:04:24.340-0400][gc,heap        ] GC(369852) Heap after GC invocations=369829 (full 10741): garbage-first heap   total 71680K, used 48876K [0x0000000083000000, 0x0000000100000000)
[2020-12-23T05:04:24.340-0400][gc,heap        ] GC(369852)   region size 1024K, 1 young (1024K), 1 survivors (1024K)
[2020-12-23T05:04:24.340-0400][gc,heap        ] GC(369852)  Metaspace       used 61007K, capacity 63721K, committed 64768K, reserved 1107968K
[2020-12-23T05:04:24.340-0400][gc,heap        ] GC(369852)   class space    used 5712K, capacity 6559K, committed 6912K, reserved 1048576K
[2020-12-23T05:04:24.340-0400][gc             ] GC(369852) Pause Young (Normal) (G1 Evacuation Pause) 57M->47M(70M) 6.650ms
[2020-12-23T05:04:24.340-0400][gc,cpu         ] GC(369852) User=0.01s Sys=0.01s Real=0.01s
[2020-12-23T05:05:05.885-0400][gc,heap        ] GC(369853) Heap before GC invocations=369829 (full 10741): garbage-first heap   total 71680K, used 58092K [0x0000000083000000, 0x0000000100000000)
[2020-12-23T05:05:05.885-0400][gc,heap        ] GC(369853)   region size 1024K, 11 young (11264K), 1 survivors (1024K)
[2020-12-23T05:05:05.885-0400][gc,heap        ] GC(369853)  Metaspace       used 61007K, capacity 63721K, committed 64768K, reserved 1107968K
[2020-12-23T05:05:05.886-0400][gc,heap        ] GC(369853)   class space    used 5712K, capacity 6559K, committed 6912K, reserved 1048576K
[2020-12-23T05:05:05.886-0400][gc,start       ] GC(369853) Pause Young (Normal) (G1 Evacuation Pause)
[2020-12-23T05:05:05.886-0400][gc,task        ] GC(369853) Using 4 workers of 4 for evacuation
[2020-12-23T05:05:05.892-0400][gc,phases      ] GC(369853)   Pre Evacuate Collection Set: 0.0ms
[2020-12-23T05:05:05.892-0400][gc,phases      ] GC(369853)   Evacuate Collection Set: 3.5ms
[2020-12-23T05:05:05.892-0400][gc,phases      ] GC(369853)   Post Evacuate Collection Set: 1.7ms
[2020-12-23T05:05:05.892-0400][gc,phases      ] GC(369853)   Other: 1.3ms
[2020-12-23T05:05:05.892-0400][gc,heap        ] GC(369853) Eden regions: 10->0(9)
[2020-12-23T05:05:05.892-0400][gc,heap        ] GC(369853) Survivor regions: 1->1(2)
[2020-12-23T05:05:05.892-0400][gc,heap        ] GC(369853) Old regions: 47->47
[2020-12-23T05:05:05.892-0400][gc,heap        ] GC(369853) Humongous regions: 4->4
[2020-12-23T05:05:05.892-0400][gc,metaspace   ] GC(369853) Metaspace: 61007K->61007K(1107968K)
[2020-12-23T05:05:05.892-0400][gc,heap        ] GC(369853) Heap after GC invocations=369830 (full 10741): garbage-first heap   total 71680K, used 48928K [0x0000000083000000, 0x0000000100000000)
[2020-12-23T05:05:05.892-0400][gc,heap        ] GC(369853)   region size 1024K, 1 young (1024K), 1 survivors (1024K)
[2020-12-23T05:05:05.892-0400][gc,heap        ] GC(369853)  Metaspace       used 61007K, capacity 63721K, committed 64768K, reserved 1107968K
[2020-12-23T05:05:05.892-0400][gc,heap        ] GC(369853)   class space    used 5712K, capacity 6559K, committed 6912K, reserved 1048576K
[2020-12-23T05:05:05.892-0400][gc             ] GC(369853) Pause Young (Normal) (G1 Evacuation Pause) 57M->47M(70M) 6.544ms
[2020-12-23T05:05:05.893-0400][gc,cpu         ] GC(369853) User=0.02s Sys=0.00s Real=0.00s
[2020-12-23T05:05:22.517-0400][gc,heap        ] GC(369854) Heap before GC invocations=369830 (full 10741): garbage-first heap   total 71680K, used 57120K [0x0000000083000000, 0x0000000100000000)
[2020-12-23T05:05:22.517-0400][gc,heap        ] GC(369854)   region size 1024K, 10 young (10240K), 1 survivors (1024K)
[2020-12-23T05:05:22.517-0400][gc,heap        ] GC(369854)  Metaspace       used 61007K, capacity 63721K, committed 64768K, reserved 1107968K
[2020-12-23T05:05:22.517-0400][gc,heap        ] GC(369854)   class space    used 5712K, capacity 6559K, committed 6912K, reserved 1048576K
[2020-12-23T05:05:22.517-0400][gc,start       ] GC(369854) Pause Young (Normal) (G1 Evacuation Pause)
[2020-12-23T05:05:22.517-0400][gc,task        ] GC(369854) Using 4 workers of 4 for evacuation
[2020-12-23T05:05:22.523-0400][gc,phases      ] GC(369854)   Pre Evacuate Collection Set: 0.0ms
[2020-12-23T05:05:22.523-0400][gc,phases      ] GC(369854)   Evacuate Collection Set: 3.5ms
[2020-12-23T05:05:22.523-0400][gc,phases      ] GC(369854)   Post Evacuate Collection Set: 1.5ms
[2020-12-23T05:05:22.523-0400][gc,phases      ] GC(369854)   Other: 0.8ms
[2020-12-23T05:05:22.523-0400][gc,heap        ] GC(369854) Eden regions: 9->0(9)
[2020-12-23T05:05:22.523-0400][gc,heap        ] GC(369854) Survivor regions: 1->1(2)
[2020-12-23T05:05:22.523-0400][gc,heap        ] GC(369854) Old regions: 47->47
[2020-12-23T05:05:22.523-0400][gc,heap        ] GC(369854) Humongous regions: 4->4
[2020-12-23T05:05:22.523-0400][gc,metaspace   ] GC(369854) Metaspace: 61007K->61007K(1107968K)
[2020-12-23T05:05:22.523-0400][gc,heap        ] GC(369854) Heap after GC invocations=369831 (full 10741): garbage-first heap   total 71680K, used 48913K [0x0000000083000000, 0x0000000100000000)
[2020-12-23T05:05:22.523-0400][gc,heap        ] GC(369854)   region size 1024K, 1 young (1024K), 1 survivors (1024K)
[2020-12-23T05:05:22.523-0400][gc,heap        ] GC(369854)  Metaspace       used 61007K, capacity 63721K, committed 64768K, reserved 1107968K
[2020-12-23T05:05:22.523-0400][gc,heap        ] GC(369854)   class space    used 5712K, capacity 6559K, committed 6912K, reserved 1048576K
[2020-12-23T05:05:22.523-0400][gc             ] GC(369854) Pause Young (Normal) (G1 Evacuation Pause) 56M->47M(70M) 6.262ms
[2020-12-23T05:05:22.524-0400][gc,cpu         ] GC(369854) User=0.01s Sys=0.01s Real=0.00s
[2020-12-23T05:06:00.188-0400][gc,heap        ] GC(369855) Heap before GC invocations=369831 (full 10741): garbage-first heap   total 71680K, used 57105K [0x0000000083000000, 0x0000000100000000)
[2020-12-23T05:06:00.188-0400][gc,heap        ] GC(369855)   region size 1024K, 10 young (10240K), 1 survivors (1024K)
[2020-12-23T05:06:00.188-0400][gc,heap        ] GC(369855)  Metaspace       used 61007K, capacity 63721K, committed 64768K, reserved 1107968K
[2020-12-23T05:06:00.188-0400][gc,heap        ] GC(369855)   class space    used 5712K, capacity 6559K, committed 6912K, reserved 1048576K
[2020-12-23T05:06:00.189-0400][gc,start       ] GC(369855) Pause Young (Normal) (G1 Evacuation Pause)
[2020-12-23T05:06:00.189-0400][gc,task        ] GC(369855) Using 4 workers of 4 for evacuation
[2020-12-23T05:06:00.194-0400][gc,phases      ] GC(369855)   Pre Evacuate Collection Set: 0.0ms
[2020-12-23T05:06:00.194-0400][gc,phases      ] GC(369855)   Evacuate Collection Set: 3.6ms
[2020-12-23T05:06:00.194-0400][gc,phases      ] GC(369855)   Post Evacuate Collection Set: 1.6ms
[2020-12-23T05:06:00.195-0400][gc,phases      ] GC(369855)   Other: 0.8ms
[2020-12-23T05:06:00.195-0400][gc,heap        ] GC(369855) Eden regions: 9->0(9)
[2020-12-23T05:06:00.195-0400][gc,heap        ] GC(369855) Survivor regions: 1->1(2)
[2020-12-23T05:06:00.195-0400][gc,heap        ] GC(369855) Old regions: 47->47
[2020-12-23T05:06:00.195-0400][gc,heap        ] GC(369855) Humongous regions: 4->4
[2020-12-23T05:06:00.195-0400][gc,metaspace   ] GC(369855) Metaspace: 61007K->61007K(1107968K)
[2020-12-23T05:06:00.195-0400][gc,heap        ] GC(369855) Heap after GC invocations=369832 (full 10741): garbage-first heap   total 71680K, used 48961K [0x0000000083000000, 0x0000000100000000)
[2020-12-23T05:06:00.195-0400][gc,heap        ] GC(369855)   region size 1024K, 1 young (1024K), 1 survivors (1024K)
[2020-12-23T05:06:00.195-0400][gc,heap        ] GC(369855)  Metaspace       used 61007K, capacity 63721K, committed 64768K, reserved 1107968K
[2020-12-23T05:06:00.195-0400][gc,heap        ] GC(369855)   class space    used 5712K, capacity 6559K, committed 6912K, reserved 1048576K
[2020-12-23T05:06:00.195-0400][gc             ] GC(369855) Pause Young (Normal) (G1 Evacuation Pause) 56M->47M(70M) 6.526ms
[2020-12-23T05:06:00.195-0400][gc,cpu         ] GC(369855) User=0.01s Sys=0.01s Real=0.00s
[2020-12-23T05:06:31.924-0400][gc,heap        ] GC(369856) Heap before GC invocations=369832 (full 10741): garbage-first heap   total 71680K, used 58177K [0x0000000083000000, 0x0000000100000000)
[2020-12-23T05:06:31.924-0400][gc,heap        ] GC(369856)   region size 1024K, 10 young (10240K), 1 survivors (1024K)
[2020-12-23T05:06:31.924-0400][gc,heap        ] GC(369856)  Metaspace       used 61007K, capacity 63721K, committed 64768K, reserved 1107968K
[2020-12-23T05:06:31.924-0400][gc,heap        ] GC(369856)   class space    used 5712K, capacity 6559K, committed 6912K, reserved 1048576K
[2020-12-23T05:06:31.925-0400][gc,start       ] GC(369856) Pause Young (Normal) (G1 Evacuation Pause)
[2020-12-23T05:06:31.925-0400][gc,task        ] GC(369856) Using 4 workers of 4 for evacuation
[2020-12-23T05:06:31.930-0400][gc,phases      ] GC(369856)   Pre Evacuate Collection Set: 0.0ms
[2020-12-23T05:06:31.931-0400][gc,phases      ] GC(369856)   Evacuate Collection Set: 3.4ms
[2020-12-23T05:06:31.931-0400][gc,phases      ] GC(369856)   Post Evacuate Collection Set: 1.4ms
[2020-12-23T05:06:31.931-0400][gc,phases      ] GC(369856)   Other: 1.4ms
[2020-12-23T05:06:31.931-0400][gc,heap        ] GC(369856) Eden regions: 9->0(9)
[2020-12-23T05:06:31.931-0400][gc,heap        ] GC(369856) Survivor regions: 1->1(2)
[2020-12-23T05:06:31.931-0400][gc,heap        ] GC(369856) Old regions: 47->47
[2020-12-23T05:06:31.931-0400][gc,heap        ] GC(369856) Humongous regions: 4->4
[2020-12-23T05:06:31.931-0400][gc,metaspace   ] GC(369856) Metaspace: 61007K->61007K(1107968K)
[2020-12-23T05:06:31.931-0400][gc,heap        ] GC(369856) Heap after GC invocations=369833 (full 10741): garbage-first heap   total 71680K, used 48854K [0x0000000083000000, 0x0000000100000000)
[2020-12-23T05:06:31.931-0400][gc,heap        ] GC(369856)   region size 1024K, 1 young (1024K), 1 survivors (1024K)
[2020-12-23T05:06:31.931-0400][gc,heap        ] GC(369856)  Metaspace       used 61007K, capacity 63721K, committed 64768K, reserved 1107968K
[2020-12-23T05:06:31.931-0400][gc,heap        ] GC(369856)   class space    used 5712K, capacity 6559K, committed 6912K, reserved 1048576K
[2020-12-23T05:06:31.931-0400][gc             ] GC(369856) Pause Young (Normal) (G1 Evacuation Pause) 56M->47M(70M) 6.533ms
[2020-12-23T05:06:31.931-0400][gc,cpu         ] GC(369856) User=0.01s Sys=0.00s Real=0.01s
[2020-12-23T05:06:50.924-0400][gc,task        ] GC(369857) Using 3 workers of 4 for full compaction
[2020-12-23T05:06:50.924-0400][gc,start       ] GC(369857) Pause Full (System.gc())
[2020-12-23T05:06:50.924-0400][gc,heap        ] GC(369857) Heap before GC invocations=369833 (full 10741): garbage-first heap   total 71680K, used 53974K [0x0000000083000000, 0x0000000100000000)
[2020-12-23T05:06:50.924-0400][gc,heap        ] GC(369857)   region size 1024K, 7 young (7168K), 1 survivors (1024K)
[2020-12-23T05:06:50.924-0400][gc,heap        ] GC(369857)  Metaspace       used 61007K, capacity 63721K, committed 64768K, reserved 1107968K
[2020-12-23T05:06:50.924-0400][gc,heap        ] GC(369857)   class space    used 5712K, capacity 6559K, committed 6912K, reserved 1048576K
[2020-12-23T05:06:50.926-0400][gc,phases,start] GC(369857) Phase 1: Mark live objects
[2020-12-23T05:06:51.068-0400][gc,stringtable ] GC(369857) Cleaned string and symbol table, strings: 32200 processed, 0 removed, symbols: 131451 processed, 0 removed
[2020-12-23T05:06:51.068-0400][gc,phases      ] GC(369857) Phase 1: Mark live objects 141.807ms
[2020-12-23T05:06:51.068-0400][gc,phases,start] GC(369857) Phase 2: Prepare for compaction
[2020-12-23T05:06:51.098-0400][gc,phases      ] GC(369857) Phase 2: Prepare for compaction 30.069ms
[2020-12-23T05:06:51.099-0400][gc,phases,start] GC(369857) Phase 3: Adjust pointers
[2020-12-23T05:06:51.176-0400][gc,phases      ] GC(369857) Phase 3: Adjust pointers 77.174ms
[2020-12-23T05:06:51.176-0400][gc,phases,start] GC(369857) Phase 4: Compact heap
[2020-12-23T05:06:51.195-0400][gc,phases      ] GC(369857) Phase 4: Compact heap 19.134ms
[2020-12-23T05:06:51.231-0400][gc,heap        ] GC(369857) Eden regions: 6->0(10)
[2020-12-23T05:06:51.231-0400][gc,heap        ] GC(369857) Survivor regions: 1->0(2)
[2020-12-23T05:06:51.231-0400][gc,heap        ] GC(369857) Old regions: 47->47
[2020-12-23T05:06:51.231-0400][gc,heap        ] GC(369857) Humongous regions: 4->4
[2020-12-23T05:06:51.232-0400][gc,metaspace   ] GC(369857) Metaspace: 61007K->61007K(1107968K)
[2020-12-23T05:06:51.232-0400][gc,heap        ] GC(369857) Heap after GC invocations=369834 (full 10742): garbage-first heap   total 71680K, used 48468K [0x0000000083000000, 0x0000000100000000)
[2020-12-23T05:06:51.232-0400][gc,heap        ] GC(369857)   region size 1024K, 0 young (0K), 0 survivors (0K)
[2020-12-23T05:06:51.232-0400][gc,heap        ] GC(369857)  Metaspace       used 61007K, capacity 63721K, committed 64768K, reserved 1107968K
[2020-12-23T05:06:51.232-0400][gc,heap        ] GC(369857)   class space    used 5712K, capacity 6559K, committed 6912K, reserved 1048576K
[2020-12-23T05:06:51.232-0400][gc             ] GC(369857) Pause Full (System.gc()) 53M->47M(70M) 307.964ms
[2020-12-23T05:06:51.232-0400][gc,cpu         ] GC(369857) User=0.83s Sys=0.00s Real=0.31s
[2020-12-23T05:07:14.703-0400][gc,heap        ] GC(369858) Heap before GC invocations=369834 (full 10742): garbage-first heap   total 71680K, used 57684K [0x0000000083000000, 0x0000000100000000)
[2020-12-23T05:07:14.703-0400][gc,heap        ] GC(369858)   region size 1024K, 10 young (10240K), 0 survivors (0K)
[2020-12-23T05:07:14.703-0400][gc,heap        ] GC(369858)  Metaspace       used 61007K, capacity 63721K, committed 64768K, reserved 1107968K
[2020-12-23T05:07:14.703-0400][gc,heap        ] GC(369858)   class space    used 5712K, capacity 6559K, committed 6912K, reserved 1048576K
[2020-12-23T05:07:14.703-0400][gc,start       ] GC(369858) Pause Young (Normal) (G1 Evacuation Pause)
[2020-12-23T05:07:14.703-0400][gc,task        ] GC(369858) Using 4 workers of 4 for evacuation
[2020-12-23T05:07:14.709-0400][gc,phases      ] GC(369858)   Pre Evacuate Collection Set: 0.0ms
[2020-12-23T05:07:14.709-0400][gc,phases      ] GC(369858)   Evacuate Collection Set: 2.9ms
[2020-12-23T05:07:14.709-0400][gc,phases      ] GC(369858)   Post Evacuate Collection Set: 2.1ms
[2020-12-23T05:07:14.709-0400][gc,phases      ] GC(369858)   Other: 0.8ms
[2020-12-23T05:07:14.709-0400][gc,heap        ] GC(369858) Eden regions: 10->0(9)
[2020-12-23T05:07:14.709-0400][gc,heap        ] GC(369858) Survivor regions: 0->1(2)
[2020-12-23T05:07:14.709-0400][gc,heap        ] GC(369858) Old regions: 47->47
[2020-12-23T05:07:14.709-0400][gc,heap        ] GC(369858) Humongous regions: 4->4
[2020-12-23T05:07:14.709-0400][gc,metaspace   ] GC(369858) Metaspace: 61007K->61007K(1107968K)
[2020-12-23T05:07:14.709-0400][gc,heap        ] GC(369858) Heap after GC invocations=369835 (full 10742): garbage-first heap   total 71680K, used 48790K [0x0000000083000000, 0x0000000100000000)
[2020-12-23T05:07:14.709-0400][gc,heap        ] GC(369858)   region size 1024K, 1 young (1024K), 1 survivors (1024K)
[2020-12-23T05:07:14.709-0400][gc,heap        ] GC(369858)  Metaspace       used 61007K, capacity 63721K, committed 64768K, reserved 1107968K
[2020-12-23T05:07:14.709-0400][gc,heap        ] GC(369858)   class space    used 5712K, capacity 6559K, committed 6912K, reserved 1048576K
[2020-12-23T05:07:14.710-0400][gc             ] GC(369858) Pause Young (Normal) (G1 Evacuation Pause) 57M->47M(70M) 6.273ms
[2020-12-23T05:07:14.710-0400][gc,cpu         ] GC(369858) User=0.00s Sys=0.01s Real=0.01s
[2020-12-23T05:07:43.889-0400][gc,heap        ] GC(369859) Heap before GC invocations=369835 (full 10742): garbage-first heap   total 71680K, used 56982K [0x0000000083000000, 0x0000000100000000)
[2020-12-23T05:07:43.889-0400][gc,heap        ] GC(369859)   region size 1024K, 10 young (10240K), 1 survivors (1024K)
[2020-12-23T05:07:43.889-0400][gc,heap        ] GC(369859)  Metaspace       used 61007K, capacity 63721K, committed 64768K, reserved 1107968K
[2020-12-23T05:07:43.889-0400][gc,heap        ] GC(369859)   class space    used 5712K, capacity 6559K, committed 6912K, reserved 1048576K
[2020-12-23T05:07:43.889-0400][gc,start       ] GC(369859) Pause Young (Normal) (G1 Evacuation Pause)
[2020-12-23T05:07:43.889-0400][gc,task        ] GC(369859) Using 4 workers of 4 for evacuation
[2020-12-23T05:07:43.895-0400][gc,phases      ] GC(369859)   Pre Evacuate Collection Set: 0.1ms
[2020-12-23T05:07:43.895-0400][gc,phases      ] GC(369859)   Evacuate Collection Set: 3.1ms
[2020-12-23T05:07:43.895-0400][gc,phases      ] GC(369859)   Post Evacuate Collection Set: 1.7ms
[2020-12-23T05:07:43.895-0400][gc,phases      ] GC(369859)   Other: 0.8ms
[2020-12-23T05:07:43.895-0400][gc,heap        ] GC(369859) Eden regions: 9->0(9)
[2020-12-23T05:07:43.895-0400][gc,heap        ] GC(369859) Survivor regions: 1->1(2)
[2020-12-23T05:07:43.895-0400][gc,heap        ] GC(369859) Old regions: 47->47
[2020-12-23T05:07:43.895-0400][gc,heap        ] GC(369859) Humongous regions: 4->4
[2020-12-23T05:07:43.895-0400][gc,metaspace   ] GC(369859) Metaspace: 61007K->61007K(1107968K)
[2020-12-23T05:07:43.895-0400][gc,heap        ] GC(369859) Heap after GC invocations=369836 (full 10742): garbage-first heap   total 71680K, used 48792K [0x0000000083000000, 0x0000000100000000)
[2020-12-23T05:07:43.895-0400][gc,heap        ] GC(369859)   region size 1024K, 1 young (1024K), 1 survivors (1024K)
[2020-12-23T05:07:43.895-0400][gc,heap        ] GC(369859)  Metaspace       used 61007K, capacity 63721K, committed 64768K, reserved 1107968K
[2020-12-23T05:07:43.895-0400][gc,heap        ] GC(369859)   class space    used 5712K, capacity 6559K, committed 6912K, reserved 1048576K
[2020-12-23T05:07:43.895-0400][gc             ] GC(369859) Pause Young (Normal) (G1 Evacuation Pause) 56M->47M(70M) 6.134ms
[2020-12-23T05:07:43.896-0400][gc,cpu         ] GC(369859) User=0.02s Sys=0.00s Real=0.01s
[2020-12-23T05:08:07.715-0400][gc,heap        ] GC(369860) Heap before GC invocations=369836 (full 10742): garbage-first heap   total 71680K, used 58008K [0x0000000083000000, 0x0000000100000000)
[2020-12-23T05:08:07.715-0400][gc,heap        ] GC(369860)   region size 1024K, 10 young (10240K), 1 survivors (1024K)
[2020-12-23T05:08:07.715-0400][gc,heap        ] GC(369860)  Metaspace       used 61007K, capacity 63721K, committed 64768K, reserved 1107968K
[2020-12-23T05:08:07.715-0400][gc,heap        ] GC(369860)   class space    used 5712K, capacity 6559K, committed 6912K, reserved 1048576K
[2020-12-23T05:08:07.715-0400][gc,start       ] GC(369860) Pause Young (Normal) (G1 Evacuation Pause)
[2020-12-23T05:08:07.715-0400][gc,task        ] GC(369860) Using 4 workers of 4 for evacuation
[2020-12-23T05:08:07.721-0400][gc,phases      ] GC(369860)   Pre Evacuate Collection Set: 0.1ms
[2020-12-23T05:08:07.721-0400][gc,phases      ] GC(369860)   Evacuate Collection Set: 3.6ms
[2020-12-23T05:08:07.721-0400][gc,phases      ] GC(369860)   Post Evacuate Collection Set: 1.7ms
[2020-12-23T05:08:07.721-0400][gc,phases      ] GC(369860)   Other: 0.8ms
[2020-12-23T05:08:07.722-0400][gc,heap        ] GC(369860) Eden regions: 9->0(9)
[2020-12-23T05:08:07.722-0400][gc,heap        ] GC(369860) Survivor regions: 1->1(2)
[2020-12-23T05:08:07.722-0400][gc,heap        ] GC(369860) Old regions: 47->47
[2020-12-23T05:08:07.722-0400][gc,heap        ] GC(369860) Humongous regions: 4->4
[2020-12-23T05:08:07.722-0400][gc,metaspace   ] GC(369860) Metaspace: 61007K->61007K(1107968K)
[2020-12-23T05:08:07.722-0400][gc,heap        ] GC(369860) Heap after GC invocations=369837 (full 10742): garbage-first heap   total 71680K, used 48967K [0x0000000083000000, 0x0000000100000000)
[2020-12-23T05:08:07.722-0400][gc,heap        ] GC(369860)   region size 1024K, 1 young (1024K), 1 survivors (1024K)
[2020-12-23T05:08:07.722-0400][gc,heap        ] GC(369860)  Metaspace       used 61007K, capacity 63721K, committed 64768K, reserved 1107968K
[2020-12-23T05:08:07.722-0400][gc,heap        ] GC(369860)   class space    used 5712K, capacity 6559K, committed 6912K, reserved 1048576K
[2020-12-23T05:08:07.722-0400][gc             ] GC(369860) Pause Young (Normal) (G1 Evacuation Pause) 56M->47M(70M) 6.639ms
[2020-12-23T05:08:07.722-0400][gc,cpu         ] GC(369860) User=0.01s Sys=0.01s Real=0.01s
[2020-12-23T05:08:21.629-0400][gc,heap        ] GC(369861) Heap before GC invocations=369837 (full 10742): garbage-first heap   total 71680K, used 57159K [0x0000000083000000, 0x0000000100000000)
[2020-12-23T05:08:21.629-0400][gc,heap        ] GC(369861)   region size 1024K, 10 young (10240K), 1 survivors (1024K)
[2020-12-23T05:08:21.629-0400][gc,heap        ] GC(369861)  Metaspace       used 61007K, capacity 63721K, committed 64768K, reserved 1107968K
[2020-12-23T05:08:21.629-0400][gc,heap        ] GC(369861)   class space    used 5712K, capacity 6559K, committed 6912K, reserved 1048576K
[2020-12-23T05:08:21.629-0400][gc,start       ] GC(369861) Pause Young (Normal) (G1 Evacuation Pause)
[2020-12-23T05:08:21.629-0400][gc,task        ] GC(369861) Using 4 workers of 4 for evacuation
[2020-12-23T05:08:21.635-0400][gc,phases      ] GC(369861)   Pre Evacuate Collection Set: 0.0ms
[2020-12-23T05:08:21.635-0400][gc,phases      ] GC(369861)   Evacuate Collection Set: 3.4ms
[2020-12-23T05:08:21.635-0400][gc,phases      ] GC(369861)   Post Evacuate Collection Set: 1.5ms
[2020-12-23T05:08:21.635-0400][gc,phases      ] GC(369861)   Other: 0.9ms
[2020-12-23T05:08:21.635-0400][gc,heap        ] GC(369861) Eden regions: 9->0(9)
[2020-12-23T05:08:21.635-0400][gc,heap        ] GC(369861) Survivor regions: 1->1(2)
[2020-12-23T05:08:21.635-0400][gc,heap        ] GC(369861) Old regions: 47->47
[2020-12-23T05:08:21.635-0400][gc,heap        ] GC(369861) Humongous regions: 4->4
[2020-12-23T05:08:21.635-0400][gc,metaspace   ] GC(369861) Metaspace: 61007K->61007K(1107968K)
[2020-12-23T05:08:21.635-0400][gc,heap        ] GC(369861) Heap after GC invocations=369838 (full 10742): garbage-first heap   total 71680K, used 48916K [0x0000000083000000, 0x0000000100000000)
[2020-12-23T05:08:21.635-0400][gc,heap        ] GC(369861)   region size 1024K, 1 young (1024K), 1 survivors (1024K)
[2020-12-23T05:08:21.635-0400][gc,heap        ] GC(369861)  Metaspace       used 61007K, capacity 63721K, committed 64768K, reserved 1107968K
[2020-12-23T05:08:21.635-0400][gc,heap        ] GC(369861)   class space    used 5712K, capacity 6559K, committed 6912K, reserved 1048576K
[2020-12-23T05:08:21.635-0400][gc             ] GC(369861) Pause Young (Normal) (G1 Evacuation Pause) 56M->47M(70M) 6.184ms
[2020-12-23T05:08:21.635-0400][gc,cpu         ] GC(369861) User=0.02s Sys=0.00s Real=0.00s
[2020-12-23T05:09:02.188-0400][gc,heap        ] GC(369862) Heap before GC invocations=369838 (full 10742): garbage-first heap   total 71680K, used 57108K [0x0000000083000000, 0x0000000100000000)
[2020-12-23T05:09:02.188-0400][gc,heap        ] GC(369862)   region size 1024K, 10 young (10240K), 1 survivors (1024K)
[2020-12-23T05:09:02.188-0400][gc,heap        ] GC(369862)  Metaspace       used 61007K, capacity 63721K, committed 64768K, reserved 1107968K
[2020-12-23T05:09:02.188-0400][gc,heap        ] GC(369862)   class space    used 5712K, capacity 6559K, committed 6912K, reserved 1048576K
[2020-12-23T05:09:02.188-0400][gc,start       ] GC(369862) Pause Young (Normal) (G1 Evacuation Pause)
[2020-12-23T05:09:02.188-0400][gc,task        ] GC(369862) Using 4 workers of 4 for evacuation
[2020-12-23T05:09:02.194-0400][gc,phases      ] GC(369862)   Pre Evacuate Collection Set: 0.0ms
[2020-12-23T05:09:02.194-0400][gc,phases      ] GC(369862)   Evacuate Collection Set: 3.4ms
[2020-12-23T05:09:02.194-0400][gc,phases      ] GC(369862)   Post Evacuate Collection Set: 1.5ms
[2020-12-23T05:09:02.194-0400][gc,phases      ] GC(369862)   Other: 0.8ms
[2020-12-23T05:09:02.194-0400][gc,heap        ] GC(369862) Eden regions: 9->0(9)
[2020-12-23T05:09:02.194-0400][gc,heap        ] GC(369862) Survivor regions: 1->1(2)
[2020-12-23T05:09:02.194-0400][gc,heap        ] GC(369862) Old regions: 47->47
[2020-12-23T05:09:02.194-0400][gc,heap        ] GC(369862) Humongous regions: 4->4
[2020-12-23T05:09:02.194-0400][gc,metaspace   ] GC(369862) Metaspace: 61007K->61007K(1107968K)
[2020-12-23T05:09:02.194-0400][gc,heap        ] GC(369862) Heap after GC invocations=369839 (full 10742): garbage-first heap   total 71680K, used 48895K [0x0000000083000000, 0x0000000100000000)
[2020-12-23T05:09:02.194-0400][gc,heap        ] GC(369862)   region size 1024K, 1 young (1024K), 1 survivors (1024K)
[2020-12-23T05:09:02.194-0400][gc,heap        ] GC(369862)  Metaspace       used 61007K, capacity 63721K, committed 64768K, reserved 1107968K
[2020-12-23T05:09:02.194-0400][gc,heap        ] GC(369862)   class space    used 5712K, capacity 6559K, committed 6912K, reserved 1048576K
[2020-12-23T05:09:02.194-0400][gc             ] GC(369862) Pause Young (Normal) (G1 Evacuation Pause) 56M->47M(70M) 6.156ms
[2020-12-23T05:09:02.194-0400][gc,cpu         ] GC(369862) User=0.02s Sys=0.00s Real=0.00s
[2020-12-23T05:09:26.341-0400][gc,heap        ] GC(369863) Heap before GC invocations=369839 (full 10742): garbage-first heap   total 71680K, used 57087K [0x0000000083000000, 0x0000000100000000)
[2020-12-23T05:09:26.342-0400][gc,heap        ] GC(369863)   region size 1024K, 10 young (10240K), 1 survivors (1024K)
[2020-12-23T05:09:26.342-0400][gc,heap        ] GC(369863)  Metaspace       used 61007K, capacity 63721K, committed 64768K, reserved 1107968K
[2020-12-23T05:09:26.342-0400][gc,heap        ] GC(369863)   class space    used 5712K, capacity 6559K, committed 6912K, reserved 1048576K
[2020-12-23T05:09:26.342-0400][gc,start       ] GC(369863) Pause Young (Normal) (G1 Evacuation Pause)
[2020-12-23T05:09:26.342-0400][gc,task        ] GC(369863) Using 4 workers of 4 for evacuation
[2020-12-23T05:09:26.347-0400][gc,phases      ] GC(369863)   Pre Evacuate Collection Set: 0.0ms
[2020-12-23T05:09:26.347-0400][gc,phases      ] GC(369863)   Evacuate Collection Set: 3.2ms
[2020-12-23T05:09:26.347-0400][gc,phases      ] GC(369863)   Post Evacuate Collection Set: 1.7ms
[2020-12-23T05:09:26.348-0400][gc,phases      ] GC(369863)   Other: 0.9ms
[2020-12-23T05:09:26.348-0400][gc,heap        ] GC(369863) Eden regions: 9->0(9)
[2020-12-23T05:09:26.348-0400][gc,heap        ] GC(369863) Survivor regions: 1->1(2)
[2020-12-23T05:09:26.348-0400][gc,heap        ] GC(369863) Old regions: 47->47
[2020-12-23T05:09:26.348-0400][gc,heap        ] GC(369863) Humongous regions: 4->4
[2020-12-23T05:09:26.348-0400][gc,metaspace   ] GC(369863) Metaspace: 61007K->61007K(1107968K)
[2020-12-23T05:09:26.348-0400][gc,heap        ] GC(369863) Heap after GC invocations=369840 (full 10742): garbage-first heap   total 71680K, used 48848K [0x0000000083000000, 0x0000000100000000)
[2020-12-23T05:09:26.348-0400][gc,heap        ] GC(369863)   region size 1024K, 1 young (1024K), 1 survivors (1024K)
[2020-12-23T05:09:26.348-0400][gc,heap        ] GC(369863)  Metaspace       used 61007K, capacity 63721K, committed 64768K, reserved 1107968K
[2020-12-23T05:09:26.348-0400][gc,heap        ] GC(369863)   class space    used 5712K, capacity 6559K, committed 6912K, reserved 1048576K
[2020-12-23T05:09:26.348-0400][gc             ] GC(369863) Pause Young (Normal) (G1 Evacuation Pause) 56M->47M(70M) 6.185ms
[2020-12-23T05:09:26.348-0400][gc,cpu         ] GC(369863) User=0.01s Sys=0.01s Real=0.01s
[2020-12-23T05:09:59.426-0400][gc,heap        ] GC(369864) Heap before GC invocations=369840 (full 10742): garbage-first heap   total 71680K, used 57040K [0x0000000083000000, 0x0000000100000000)
[2020-12-23T05:09:59.426-0400][gc,heap        ] GC(369864)   region size 1024K, 10 young (10240K), 1 survivors (1024K)
[2020-12-23T05:09:59.426-0400][gc,heap        ] GC(369864)  Metaspace       used 61007K, capacity 63721K, committed 64768K, reserved 1107968K
[2020-12-23T05:09:59.426-0400][gc,heap        ] GC(369864)   class space    used 5712K, capacity 6559K, committed 6912K, reserved 1048576K
[2020-12-23T05:09:59.426-0400][gc,start       ] GC(369864) Pause Young (Normal) (G1 Evacuation Pause)
[2020-12-23T05:09:59.426-0400][gc,task        ] GC(369864) Using 4 workers of 4 for evacuation
[2020-12-23T05:09:59.431-0400][gc,phases      ] GC(369864)   Pre Evacuate Collection Set: 0.0ms
[2020-12-23T05:09:59.432-0400][gc,phases      ] GC(369864)   Evacuate Collection Set: 3.2ms
[2020-12-23T05:09:59.432-0400][gc,phases      ] GC(369864)   Post Evacuate Collection Set: 1.9ms
[2020-12-23T05:09:59.432-0400][gc,phases      ] GC(369864)   Other: 0.9ms
[2020-12-23T05:09:59.432-0400][gc,heap        ] GC(369864) Eden regions: 9->0(9)
[2020-12-23T05:09:59.432-0400][gc,heap        ] GC(369864) Survivor regions: 1->1(2)
[2020-12-23T05:09:59.432-0400][gc,heap        ] GC(369864) Old regions: 47->47
[2020-12-23T05:09:59.432-0400][gc,heap        ] GC(369864) Humongous regions: 4->4
[2020-12-23T05:09:59.432-0400][gc,metaspace   ] GC(369864) Metaspace: 61007K->61007K(1107968K)
[2020-12-23T05:09:59.432-0400][gc,heap        ] GC(369864) Heap after GC invocations=369841 (full 10742): garbage-first heap   total 71680K, used 48870K [0x0000000083000000, 0x0000000100000000)
[2020-12-23T05:09:59.432-0400][gc,heap        ] GC(369864)   region size 1024K, 1 young (1024K), 1 survivors (1024K)
[2020-12-23T05:09:59.432-0400][gc,heap        ] GC(369864)  Metaspace       used 61007K, capacity 63721K, committed 64768K, reserved 1107968K
[2020-12-23T05:09:59.432-0400][gc,heap        ] GC(369864)   class space    used 5712K, capacity 6559K, committed 6912K, reserved 1048576K
[2020-12-23T05:09:59.432-0400][gc             ] GC(369864) Pause Young (Normal) (G1 Evacuation Pause) 56M->47M(70M) 6.384ms
[2020-12-23T05:09:59.432-0400][gc,cpu         ] GC(369864) User=0.02s Sys=0.00s Real=0.00s
[2020-12-23T05:10:25.169-0400][gc,heap        ] GC(369865) Heap before GC invocations=369841 (full 10742): garbage-first heap   total 71680K, used 57062K [0x0000000083000000, 0x0000000100000000)
[2020-12-23T05:10:25.169-0400][gc,heap        ] GC(369865)   region size 1024K, 10 young (10240K), 1 survivors (1024K)
[2020-12-23T05:10:25.169-0400][gc,heap        ] GC(369865)  Metaspace       used 61007K, capacity 63721K, committed 64768K, reserved 1107968K
[2020-12-23T05:10:25.169-0400][gc,heap        ] GC(369865)   class space    used 5712K, capacity 6559K, committed 6912K, reserved 1048576K
[2020-12-23T05:10:25.169-0400][gc,start       ] GC(369865) Pause Young (Normal) (G1 Evacuation Pause)
[2020-12-23T05:10:25.169-0400][gc,task        ] GC(369865) Using 4 workers of 4 for evacuation
[2020-12-23T05:10:25.175-0400][gc,phases      ] GC(369865)   Pre Evacuate Collection Set: 0.0ms
[2020-12-23T05:10:25.175-0400][gc,phases      ] GC(369865)   Evacuate Collection Set: 3.5ms
[2020-12-23T05:10:25.175-0400][gc,phases      ] GC(369865)   Post Evacuate Collection Set: 1.4ms
[2020-12-23T05:10:25.175-0400][gc,phases      ] GC(369865)   Other: 0.8ms
[2020-12-23T05:10:25.175-0400][gc,heap        ] GC(369865) Eden regions: 9->0(9)
[2020-12-23T05:10:25.175-0400][gc,heap        ] GC(369865) Survivor regions: 1->1(2)
[2020-12-23T05:10:25.175-0400][gc,heap        ] GC(369865) Old regions: 47->47
[2020-12-23T05:10:25.175-0400][gc,heap        ] GC(369865) Humongous regions: 4->4
[2020-12-23T05:10:25.175-0400][gc,metaspace   ] GC(369865) Metaspace: 61007K->61007K(1107968K)
[2020-12-23T05:10:25.175-0400][gc,heap        ] GC(369865) Heap after GC invocations=369842 (full 10742): garbage-first heap   total 71680K, used 48868K [0x0000000083000000, 0x0000000100000000)
[2020-12-23T05:10:25.175-0400][gc,heap        ] GC(369865)   region size 1024K, 1 young (1024K), 1 survivors (1024K)
[2020-12-23T05:10:25.175-0400][gc,heap        ] GC(369865)  Metaspace       used 61007K, capacity 63721K, committed 64768K, reserved 1107968K
[2020-12-23T05:10:25.175-0400][gc,heap        ] GC(369865)   class space    used 5712K, capacity 6559K, committed 6912K, reserved 1048576K
[2020-12-23T05:10:25.175-0400][gc             ] GC(369865) Pause Young (Normal) (G1 Evacuation Pause) 56M->47M(70M) 6.126ms
[2020-12-23T05:10:25.176-0400][gc,cpu         ] GC(369865) User=0.01s Sys=0.01s Real=0.00s
[2020-12-23T05:10:40.445-0400][gc,heap        ] GC(369866) Heap before GC invocations=369842 (full 10742): garbage-first heap   total 71680K, used 57060K [0x0000000083000000, 0x0000000100000000)
[2020-12-23T05:10:40.445-0400][gc,heap        ] GC(369866)   region size 1024K, 10 young (10240K), 1 survivors (1024K)
[2020-12-23T05:10:40.445-0400][gc,heap        ] GC(369866)  Metaspace       used 61007K, capacity 63721K, committed 64768K, reserved 1107968K
[2020-12-23T05:10:40.445-0400][gc,heap        ] GC(369866)   class space    used 5712K, capacity 6559K, committed 6912K, reserved 1048576K
[2020-12-23T05:10:40.445-0400][gc,start       ] GC(369866) Pause Young (Normal) (G1 Evacuation Pause)
[2020-12-23T05:10:40.446-0400][gc,task        ] GC(369866) Using 4 workers of 4 for evacuation
[2020-12-23T05:10:40.451-0400][gc,phases      ] GC(369866)   Pre Evacuate Collection Set: 0.0ms
[2020-12-23T05:10:40.451-0400][gc,phases      ] GC(369866)   Evacuate Collection Set: 3.2ms
[2020-12-23T05:10:40.451-0400][gc,phases      ] GC(369866)   Post Evacuate Collection Set: 1.4ms
[2020-12-23T05:10:40.451-0400][gc,phases      ] GC(369866)   Other: 0.8ms
[2020-12-23T05:10:40.451-0400][gc,heap        ] GC(369866) Eden regions: 9->0(9)
[2020-12-23T05:10:40.451-0400][gc,heap        ] GC(369866) Survivor regions: 1->1(2)
[2020-12-23T05:10:40.451-0400][gc,heap        ] GC(369866) Old regions: 47->47
[2020-12-23T05:10:40.451-0400][gc,heap        ] GC(369866) Humongous regions: 4->4
[2020-12-23T05:10:40.451-0400][gc,metaspace   ] GC(369866) Metaspace: 61007K->61007K(1107968K)
[2020-12-23T05:10:40.451-0400][gc,heap        ] GC(369866) Heap after GC invocations=369843 (full 10742): garbage-first heap   total 71680K, used 48813K [0x0000000083000000, 0x0000000100000000)
[2020-12-23T05:10:40.451-0400][gc,heap        ] GC(369866)   region size 1024K, 1 young (1024K), 1 survivors (1024K)
[2020-12-23T05:10:40.451-0400][gc,heap        ] GC(369866)  Metaspace       used 61007K, capacity 63721K, committed 64768K, reserved 1107968K
[2020-12-23T05:10:40.451-0400][gc,heap        ] GC(369866)   class space    used 5712K, capacity 6559K, committed 6912K, reserved 1048576K
[2020-12-23T05:10:40.451-0400][gc             ] GC(369866) Pause Young (Normal) (G1 Evacuation Pause) 56M->47M(70M) 5.930ms
[2020-12-23T05:10:40.452-0400][gc,cpu         ] GC(369866) User=0.01s Sys=0.00s Real=0.01s
[2020-12-23T05:11:09.659-0400][gc,heap        ] GC(369867) Heap before GC invocations=369843 (full 10742): garbage-first heap   total 71680K, used 57005K [0x0000000083000000, 0x0000000100000000)
[2020-12-23T05:11:09.659-0400][gc,heap        ] GC(369867)   region size 1024K, 10 young (10240K), 1 survivors (1024K)
[2020-12-23T05:11:09.659-0400][gc,heap        ] GC(369867)  Metaspace       used 61007K, capacity 63721K, committed 64768K, reserved 1107968K
[2020-12-23T05:11:09.659-0400][gc,heap        ] GC(369867)   class space    used 5712K, capacity 6559K, committed 6912K, reserved 1048576K
[2020-12-23T05:11:09.659-0400][gc,start       ] GC(369867) Pause Young (Normal) (G1 Evacuation Pause)
[2020-12-23T05:11:09.659-0400][gc,task        ] GC(369867) Using 4 workers of 4 for evacuation
[2020-12-23T05:11:09.666-0400][gc,phases      ] GC(369867)   Pre Evacuate Collection Set: 0.0ms
[2020-12-23T05:11:09.666-0400][gc,phases      ] GC(369867)   Evacuate Collection Set: 4.9ms
[2020-12-23T05:11:09.666-0400][gc,phases      ] GC(369867)   Post Evacuate Collection Set: 1.5ms
[2020-12-23T05:11:09.666-0400][gc,phases      ] GC(369867)   Other: 0.8ms
[2020-12-23T05:11:09.667-0400][gc,heap        ] GC(369867) Eden regions: 9->0(9)
[2020-12-23T05:11:09.667-0400][gc,heap        ] GC(369867) Survivor regions: 1->1(2)
[2020-12-23T05:11:09.667-0400][gc,heap        ] GC(369867) Old regions: 47->47
[2020-12-23T05:11:09.667-0400][gc,heap        ] GC(369867) Humongous regions: 4->4
[2020-12-23T05:11:09.667-0400][gc,metaspace   ] GC(369867) Metaspace: 61007K->61007K(1107968K)
[2020-12-23T05:11:09.667-0400][gc,heap        ] GC(369867) Heap after GC invocations=369844 (full 10742): garbage-first heap   total 71680K, used 48989K [0x0000000083000000, 0x0000000100000000)
[2020-12-23T05:11:09.667-0400][gc,heap        ] GC(369867)   region size 1024K, 1 young (1024K), 1 survivors (1024K)
[2020-12-23T05:11:09.667-0400][gc,heap        ] GC(369867)  Metaspace       used 61007K, capacity 63721K, committed 64768K, reserved 1107968K
[2020-12-23T05:11:09.667-0400][gc,heap        ] GC(369867)   class space    used 5712K, capacity 6559K, committed 6912K, reserved 1048576K
[2020-12-23T05:11:09.667-0400][gc             ] GC(369867) Pause Young (Normal) (G1 Evacuation Pause) 56M->47M(70M) 7.716ms
[2020-12-23T05:11:09.667-0400][gc,cpu         ] GC(369867) User=0.02s Sys=0.00s Real=0.01s
[2020-12-23T05:11:50.924-0400][gc,task        ] GC(369868) Using 3 workers of 4 for full compaction
[2020-12-23T05:11:50.924-0400][gc,start       ] GC(369868) Pause Full (System.gc())
[2020-12-23T05:11:50.924-0400][gc,heap        ] GC(369868) Heap before GC invocations=369844 (full 10742): garbage-first heap   total 71680K, used 55133K [0x0000000083000000, 0x0000000100000000)
[2020-12-23T05:11:50.924-0400][gc,heap        ] GC(369868)   region size 1024K, 9 young (9216K), 1 survivors (1024K)
[2020-12-23T05:11:50.925-0400][gc,heap        ] GC(369868)  Metaspace       used 61007K, capacity 63721K, committed 64768K, reserved 1107968K
[2020-12-23T05:11:50.925-0400][gc,heap        ] GC(369868)   class space    used 5712K, capacity 6559K, committed 6912K, reserved 1048576K
[2020-12-23T05:11:50.927-0400][gc,phases,start] GC(369868) Phase 1: Mark live objects
[2020-12-23T05:11:51.069-0400][gc,stringtable ] GC(369868) Cleaned string and symbol table, strings: 32200 processed, 0 removed, symbols: 131451 processed, 0 removed
[2020-12-23T05:11:51.069-0400][gc,phases      ] GC(369868) Phase 1: Mark live objects 141.819ms
[2020-12-23T05:11:51.069-0400][gc,phases,start] GC(369868) Phase 2: Prepare for compaction
[2020-12-23T05:11:51.098-0400][gc,phases      ] GC(369868) Phase 2: Prepare for compaction 29.517ms
[2020-12-23T05:11:51.099-0400][gc,phases,start] GC(369868) Phase 3: Adjust pointers
[2020-12-23T05:11:51.178-0400][gc,phases      ] GC(369868) Phase 3: Adjust pointers 79.171ms
[2020-12-23T05:11:51.178-0400][gc,phases,start] GC(369868) Phase 4: Compact heap
[2020-12-23T05:11:51.200-0400][gc,phases      ] GC(369868) Phase 4: Compact heap 22.379ms
[2020-12-23T05:11:51.235-0400][gc,heap        ] GC(369868) Eden regions: 8->0(10)
[2020-12-23T05:11:51.236-0400][gc,heap        ] GC(369868) Survivor regions: 1->0(2)
[2020-12-23T05:11:51.236-0400][gc,heap        ] GC(369868) Old regions: 47->47
[2020-12-23T05:11:51.236-0400][gc,heap        ] GC(369868) Humongous regions: 4->4
[2020-12-23T05:11:51.236-0400][gc,metaspace   ] GC(369868) Metaspace: 61007K->61007K(1107968K)
[2020-12-23T05:11:51.236-0400][gc,heap        ] GC(369868) Heap after GC invocations=369845 (full 10743): garbage-first heap   total 71680K, used 48488K [0x0000000083000000, 0x0000000100000000)
[2020-12-23T05:11:51.236-0400][gc,heap        ] GC(369868)   region size 1024K, 0 young (0K), 0 survivors (0K)
[2020-12-23T05:11:51.236-0400][gc,heap        ] GC(369868)  Metaspace       used 61007K, capacity 63721K, committed 64768K, reserved 1107968K
[2020-12-23T05:11:51.236-0400][gc,heap        ] GC(369868)   class space    used 5712K, capacity 6559K, committed 6912K, reserved 1048576K
[2020-12-23T05:11:51.236-0400][gc             ] GC(369868) Pause Full (System.gc()) 55M->47M(70M) 311.651ms
[2020-12-23T05:11:51.236-0400][gc,cpu         ] GC(369868) User=0.84s Sys=0.00s Real=0.32s
[2020-12-23T05:12:10.067-0400][gc,heap        ] GC(369869) Heap before GC invocations=369845 (full 10743): garbage-first heap   total 71680K, used 57704K [0x0000000083000000, 0x0000000100000000)
[2020-12-23T05:12:10.067-0400][gc,heap        ] GC(369869)   region size 1024K, 10 young (10240K), 0 survivors (0K)
[2020-12-23T05:12:10.067-0400][gc,heap        ] GC(369869)  Metaspace       used 61015K, capacity 63733K, committed 64768K, reserved 1107968K
[2020-12-23T05:12:10.067-0400][gc,heap        ] GC(369869)   class space    used 5714K, capacity 6561K, committed 6912K, reserved 1048576K
[2020-12-23T05:12:10.067-0400][gc,start       ] GC(369869) Pause Young (Normal) (G1 Evacuation Pause)
[2020-12-23T05:12:10.067-0400][gc,task        ] GC(369869) Using 4 workers of 4 for evacuation
[2020-12-23T05:12:10.074-0400][gc,phases      ] GC(369869)   Pre Evacuate Collection Set: 0.0ms
[2020-12-23T05:12:10.074-0400][gc,phases      ] GC(369869)   Evacuate Collection Set: 3.2ms
[2020-12-23T05:12:10.074-0400][gc,phases      ] GC(369869)   Post Evacuate Collection Set: 2.8ms
[2020-12-23T05:12:10.074-0400][gc,phases      ] GC(369869)   Other: 0.8ms
[2020-12-23T05:12:10.074-0400][gc,heap        ] GC(369869) Eden regions: 10->0(9)
[2020-12-23T05:12:10.074-0400][gc,heap        ] GC(369869) Survivor regions: 0->1(2)
[2020-12-23T05:12:10.074-0400][gc,heap        ] GC(369869) Old regions: 47->47
[2020-12-23T05:12:10.074-0400][gc,heap        ] GC(369869) Humongous regions: 4->4
[2020-12-23T05:12:10.074-0400][gc,metaspace   ] GC(369869) Metaspace: 61015K->61015K(1107968K)
[2020-12-23T05:12:10.074-0400][gc,heap        ] GC(369869) Heap after GC invocations=369846 (full 10743): garbage-first heap   total 71680K, used 49424K [0x0000000083000000, 0x0000000100000000)
[2020-12-23T05:12:10.074-0400][gc,heap        ] GC(369869)   region size 1024K, 1 young (1024K), 1 survivors (1024K)
[2020-12-23T05:12:10.074-0400][gc,heap        ] GC(369869)  Metaspace       used 61015K, capacity 63733K, committed 64768K, reserved 1107968K
[2020-12-23T05:12:10.074-0400][gc,heap        ] GC(369869)   class space    used 5714K, capacity 6561K, committed 6912K, reserved 1048576K
[2020-12-23T05:12:10.074-0400][gc             ] GC(369869) Pause Young (Normal) (G1 Evacuation Pause) 57M->48M(70M) 7.361ms
[2020-12-23T05:12:10.075-0400][gc,cpu         ] GC(369869) User=0.01s Sys=0.01s Real=0.00s
[2020-12-23T05:12:33.019-0400][gc,heap        ] GC(369870) Heap before GC invocations=369846 (full 10743): garbage-first heap   total 71680K, used 57616K [0x0000000083000000, 0x0000000100000000)
[2020-12-23T05:12:33.019-0400][gc,heap        ] GC(369870)   region size 1024K, 10 young (10240K), 1 survivors (1024K)
[2020-12-23T05:12:33.019-0400][gc,heap        ] GC(369870)  Metaspace       used 61015K, capacity 63733K, committed 64768K, reserved 1107968K
[2020-12-23T05:12:33.019-0400][gc,heap        ] GC(369870)   class space    used 5714K, capacity 6561K, committed 6912K, reserved 1048576K
[2020-12-23T05:12:33.019-0400][gc,start       ] GC(369870) Pause Young (Normal) (G1 Evacuation Pause)
[2020-12-23T05:12:33.019-0400][gc,task        ] GC(369870) Using 4 workers of 4 for evacuation
[2020-12-23T05:12:33.025-0400][gc,phases      ] GC(369870)   Pre Evacuate Collection Set: 0.0ms
[2020-12-23T05:12:33.025-0400][gc,phases      ] GC(369870)   Evacuate Collection Set: 3.2ms
[2020-12-23T05:12:33.025-0400][gc,phases      ] GC(369870)   Post Evacuate Collection Set: 1.6ms
[2020-12-23T05:12:33.025-0400][gc,phases      ] GC(369870)   Other: 0.9ms
[2020-12-23T05:12:33.025-0400][gc,heap        ] GC(369870) Eden regions: 9->0(9)
[2020-12-23T05:12:33.025-0400][gc,heap        ] GC(369870) Survivor regions: 1->1(2)
[2020-12-23T05:12:33.025-0400][gc,heap        ] GC(369870) Old regions: 47->47
[2020-12-23T05:12:33.025-0400][gc,heap        ] GC(369870) Humongous regions: 4->4
[2020-12-23T05:12:33.025-0400][gc,metaspace   ] GC(369870) Metaspace: 61015K->61015K(1107968K)
[2020-12-23T05:12:33.025-0400][gc,heap        ] GC(369870) Heap after GC invocations=369847 (full 10743): garbage-first heap   total 71680K, used 48854K [0x0000000083000000, 0x0000000100000000)
[2020-12-23T05:12:33.025-0400][gc,heap        ] GC(369870)   region size 1024K, 1 young (1024K), 1 survivors (1024K)
[2020-12-23T05:12:33.025-0400][gc,heap        ] GC(369870)  Metaspace       used 61015K, capacity 63733K, committed 64768K, reserved 1107968K
[2020-12-23T05:12:33.025-0400][gc,heap        ] GC(369870)   class space    used 5714K, capacity 6561K, committed 6912K, reserved 1048576K
[2020-12-23T05:12:33.025-0400][gc             ] GC(369870) Pause Young (Normal) (G1 Evacuation Pause) 57M->47M(70M) 6.074ms
[2020-12-23T05:12:33.026-0400][gc,cpu         ] GC(369870) User=0.01s Sys=0.00s Real=0.00s
[2020-12-23T05:13:00.680-0400][gc,heap        ] GC(369871) Heap before GC invocations=369847 (full 10743): garbage-first heap   total 71680K, used 58070K [0x0000000083000000, 0x0000000100000000)
[2020-12-23T05:13:00.680-0400][gc,heap        ] GC(369871)   region size 1024K, 10 young (10240K), 1 survivors (1024K)
[2020-12-23T05:13:00.680-0400][gc,heap        ] GC(369871)  Metaspace       used 61015K, capacity 63733K, committed 64768K, reserved 1107968K
[2020-12-23T05:13:00.680-0400][gc,heap        ] GC(369871)   class space    used 5714K, capacity 6561K, committed 6912K, reserved 1048576K
[2020-12-23T05:13:00.681-0400][gc,start       ] GC(369871) Pause Young (Normal) (G1 Evacuation Pause)
[2020-12-23T05:13:00.681-0400][gc,task        ] GC(369871) Using 4 workers of 4 for evacuation
[2020-12-23T05:13:00.686-0400][gc,phases      ] GC(369871)   Pre Evacuate Collection Set: 0.0ms
[2020-12-23T05:13:00.686-0400][gc,phases      ] GC(369871)   Evacuate Collection Set: 3.8ms
[2020-12-23T05:13:00.687-0400][gc,phases      ] GC(369871)   Post Evacuate Collection Set: 1.5ms
[2020-12-23T05:13:00.687-0400][gc,phases      ] GC(369871)   Other: 0.8ms
[2020-12-23T05:13:00.687-0400][gc,heap        ] GC(369871) Eden regions: 9->0(9)
[2020-12-23T05:13:00.687-0400][gc,heap        ] GC(369871) Survivor regions: 1->1(2)
[2020-12-23T05:13:00.687-0400][gc,heap        ] GC(369871) Old regions: 47->47
[2020-12-23T05:13:00.687-0400][gc,heap        ] GC(369871) Humongous regions: 4->4
[2020-12-23T05:13:00.687-0400][gc,metaspace   ] GC(369871) Metaspace: 61015K->61015K(1107968K)
[2020-12-23T05:13:00.687-0400][gc,heap        ] GC(369871) Heap after GC invocations=369848 (full 10743): garbage-first heap   total 71680K, used 48976K [0x0000000083000000, 0x0000000100000000)
[2020-12-23T05:13:00.687-0400][gc,heap        ] GC(369871)   region size 1024K, 1 young (1024K), 1 survivors (1024K)
[2020-12-23T05:13:00.687-0400][gc,heap        ] GC(369871)  Metaspace       used 61015K, capacity 63733K, committed 64768K, reserved 1107968K
[2020-12-23T05:13:00.687-0400][gc,heap        ] GC(369871)   class space    used 5714K, capacity 6561K, committed 6912K, reserved 1048576K
[2020-12-23T05:13:00.687-0400][gc             ] GC(369871) Pause Young (Normal) (G1 Evacuation Pause) 56M->47M(70M) 6.602ms
[2020-12-23T05:13:00.687-0400][gc,cpu         ] GC(369871) User=0.01s Sys=0.01s Real=0.01s
[2020-12-23T05:13:31.100-0400][gc,heap        ] GC(369872) Heap before GC invocations=369848 (full 10743): garbage-first heap   total 71680K, used 58192K [0x0000000083000000, 0x0000000100000000)
[2020-12-23T05:13:31.100-0400][gc,heap        ] GC(369872)   region size 1024K, 10 young (10240K), 1 survivors (1024K)
[2020-12-23T05:13:31.100-0400][gc,heap        ] GC(369872)  Metaspace       used 61015K, capacity 63733K, committed 64768K, reserved 1107968K
[2020-12-23T05:13:31.100-0400][gc,heap        ] GC(369872)   class space    used 5714K, capacity 6561K, committed 6912K, reserved 1048576K
[2020-12-23T05:13:31.101-0400][gc,start       ] GC(369872) Pause Young (Normal) (G1 Evacuation Pause)
[2020-12-23T05:13:31.101-0400][gc,task        ] GC(369872) Using 4 workers of 4 for evacuation
[2020-12-23T05:13:31.106-0400][gc,phases      ] GC(369872)   Pre Evacuate Collection Set: 0.0ms
[2020-12-23T05:13:31.107-0400][gc,phases      ] GC(369872)   Evacuate Collection Set: 3.9ms
[2020-12-23T05:13:31.107-0400][gc,phases      ] GC(369872)   Post Evacuate Collection Set: 1.5ms
[2020-12-23T05:13:31.107-0400][gc,phases      ] GC(369872)   Other: 0.9ms
[2020-12-23T05:13:31.107-0400][gc,heap        ] GC(369872) Eden regions: 9->0(9)
[2020-12-23T05:13:31.107-0400][gc,heap        ] GC(369872) Survivor regions: 1->1(2)
[2020-12-23T05:13:31.107-0400][gc,heap        ] GC(369872) Old regions: 47->47
[2020-12-23T05:13:31.107-0400][gc,heap        ] GC(369872) Humongous regions: 4->4
[2020-12-23T05:13:31.107-0400][gc,metaspace   ] GC(369872) Metaspace: 61015K->61015K(1107968K)
[2020-12-23T05:13:31.107-0400][gc,heap        ] GC(369872) Heap after GC invocations=369849 (full 10743): garbage-first heap   total 71680K, used 49018K [0x0000000083000000, 0x0000000100000000)
[2020-12-23T05:13:31.107-0400][gc,heap        ] GC(369872)   region size 1024K, 1 young (1024K), 1 survivors (1024K)
[2020-12-23T05:13:31.107-0400][gc,heap        ] GC(369872)  Metaspace       used 61015K, capacity 63733K, committed 64768K, reserved 1107968K
[2020-12-23T05:13:31.107-0400][gc,heap        ] GC(369872)   class space    used 5714K, capacity 6561K, committed 6912K, reserved 1048576K
[2020-12-23T05:13:31.107-0400][gc             ] GC(369872) Pause Young (Normal) (G1 Evacuation Pause) 56M->47M(70M) 6.712ms
[2020-12-23T05:13:31.107-0400][gc,cpu         ] GC(369872) User=0.02s Sys=0.00s Real=0.01s
[2020-12-23T05:14:01.416-0400][gc,heap        ] GC(369873) Heap before GC invocations=369849 (full 10743): garbage-first heap   total 71680K, used 57210K [0x0000000083000000, 0x0000000100000000)
[2020-12-23T05:14:01.417-0400][gc,heap        ] GC(369873)   region size 1024K, 10 young (10240K), 1 survivors (1024K)
[2020-12-23T05:14:01.417-0400][gc,heap        ] GC(369873)  Metaspace       used 61015K, capacity 63733K, committed 64768K, reserved 1107968K
[2020-12-23T05:14:01.417-0400][gc,heap        ] GC(369873)   class space    used 5714K, capacity 6561K, committed 6912K, reserved 1048576K
[2020-12-23T05:14:01.417-0400][gc,start       ] GC(369873) Pause Young (Normal) (G1 Evacuation Pause)
[2020-12-23T05:14:01.417-0400][gc,task        ] GC(369873) Using 4 workers of 4 for evacuation
[2020-12-23T05:14:01.423-0400][gc,phases      ] GC(369873)   Pre Evacuate Collection Set: 0.0ms
[2020-12-23T05:14:01.423-0400][gc,phases      ] GC(369873)   Evacuate Collection Set: 3.9ms
[2020-12-23T05:14:01.423-0400][gc,phases      ] GC(369873)   Post Evacuate Collection Set: 1.8ms
[2020-12-23T05:14:01.423-0400][gc,phases      ] GC(369873)   Other: 0.9ms
[2020-12-23T05:14:01.423-0400][gc,heap        ] GC(369873) Eden regions: 9->0(9)
[2020-12-23T05:14:01.424-0400][gc,heap        ] GC(369873) Survivor regions: 1->1(2)
[2020-12-23T05:14:01.424-0400][gc,heap        ] GC(369873) Old regions: 47->47
[2020-12-23T05:14:01.424-0400][gc,heap        ] GC(369873) Humongous regions: 4->4
[2020-12-23T05:14:01.424-0400][gc,metaspace   ] GC(369873) Metaspace: 61015K->61015K(1107968K)
[2020-12-23T05:14:01.424-0400][gc,heap        ] GC(369873) Heap after GC invocations=369850 (full 10743): garbage-first heap   total 71680K, used 49068K [0x0000000083000000, 0x0000000100000000)
[2020-12-23T05:14:01.424-0400][gc,heap        ] GC(369873)   region size 1024K, 1 young (1024K), 1 survivors (1024K)
[2020-12-23T05:14:01.424-0400][gc,heap        ] GC(369873)  Metaspace       used 61015K, capacity 63733K, committed 64768K, reserved 1107968K
[2020-12-23T05:14:01.424-0400][gc,heap        ] GC(369873)   class space    used 5714K, capacity 6561K, committed 6912K, reserved 1048576K
[2020-12-23T05:14:01.424-0400][gc             ] GC(369873) Pause Young (Normal) (G1 Evacuation Pause) 56M->47M(70M) 7.040ms
[2020-12-23T05:14:01.424-0400][gc,cpu         ] GC(369873) User=0.01s Sys=0.01s Real=0.00s
[2020-12-23T05:14:26.754-0400][gc,heap        ] GC(369874) Heap before GC invocations=369850 (full 10743): garbage-first heap   total 71680K, used 57260K [0x0000000083000000, 0x0000000100000000)
[2020-12-23T05:14:26.754-0400][gc,heap        ] GC(369874)   region size 1024K, 10 young (10240K), 1 survivors (1024K)
[2020-12-23T05:14:26.754-0400][gc,heap        ] GC(369874)  Metaspace       used 61015K, capacity 63733K, committed 64768K, reserved 1107968K
[2020-12-23T05:14:26.754-0400][gc,heap        ] GC(369874)   class space    used 5714K, capacity 6561K, committed 6912K, reserved 1048576K
[2020-12-23T05:14:26.754-0400][gc,start       ] GC(369874) Pause Young (Normal) (G1 Evacuation Pause)
[2020-12-23T05:14:26.754-0400][gc,task        ] GC(369874) Using 4 workers of 4 for evacuation
[2020-12-23T05:14:26.761-0400][gc,phases      ] GC(369874)   Pre Evacuate Collection Set: 0.0ms
[2020-12-23T05:14:26.761-0400][gc,phases      ] GC(369874)   Evacuate Collection Set: 4.3ms
[2020-12-23T05:14:26.761-0400][gc,phases      ] GC(369874)   Post Evacuate Collection Set: 1.6ms
[2020-12-23T05:14:26.761-0400][gc,phases      ] GC(369874)   Other: 0.9ms
[2020-12-23T05:14:26.761-0400][gc,heap        ] GC(369874) Eden regions: 9->0(9)
[2020-12-23T05:14:26.761-0400][gc,heap        ] GC(369874) Survivor regions: 1->1(2)
[2020-12-23T05:14:26.761-0400][gc,heap        ] GC(369874) Old regions: 47->47
[2020-12-23T05:14:26.761-0400][gc,heap        ] GC(369874) Humongous regions: 4->4
[2020-12-23T05:14:26.761-0400][gc,metaspace   ] GC(369874) Metaspace: 61015K->61015K(1107968K)
[2020-12-23T05:14:26.761-0400][gc,heap        ] GC(369874) Heap after GC invocations=369851 (full 10743): garbage-first heap   total 71680K, used 49029K [0x0000000083000000, 0x0000000100000000)
[2020-12-23T05:14:26.761-0400][gc,heap        ] GC(369874)   region size 1024K, 1 young (1024K), 1 survivors (1024K)
[2020-12-23T05:14:26.762-0400][gc,heap        ] GC(369874)  Metaspace       used 61015K, capacity 63733K, committed 64768K, reserved 1107968K
[2020-12-23T05:14:26.762-0400][gc,heap        ] GC(369874)   class space    used 5714K, capacity 6561K, committed 6912K, reserved 1048576K
[2020-12-23T05:14:26.762-0400][gc             ] GC(369874) Pause Young (Normal) (G1 Evacuation Pause) 56M->47M(70M) 7.401ms
[2020-12-23T05:14:26.762-0400][gc,cpu         ] GC(369874) User=0.01s Sys=0.01s Real=0.01s
[2020-12-23T05:14:55.030-0400][gc,heap        ] GC(369875) Heap before GC invocations=369851 (full 10743): garbage-first heap   total 71680K, used 57221K [0x0000000083000000, 0x0000000100000000)
[2020-12-23T05:14:55.031-0400][gc,heap        ] GC(369875)   region size 1024K, 10 young (10240K), 1 survivors (1024K)
[2020-12-23T05:14:55.031-0400][gc,heap        ] GC(369875)  Metaspace       used 61015K, capacity 63733K, committed 64768K, reserved 1107968K
[2020-12-23T05:14:55.031-0400][gc,heap        ] GC(369875)   class space    used 5714K, capacity 6561K, committed 6912K, reserved 1048576K
[2020-12-23T05:14:55.031-0400][gc,start       ] GC(369875) Pause Young (Normal) (G1 Evacuation Pause)
[2020-12-23T05:14:55.031-0400][gc,task        ] GC(369875) Using 4 workers of 4 for evacuation
[2020-12-23T05:14:55.037-0400][gc,phases      ] GC(369875)   Pre Evacuate Collection Set: 0.0ms
[2020-12-23T05:14:55.037-0400][gc,phases      ] GC(369875)   Evacuate Collection Set: 4.0ms
[2020-12-23T05:14:55.037-0400][gc,phases      ] GC(369875)   Post Evacuate Collection Set: 1.5ms
[2020-12-23T05:14:55.037-0400][gc,phases      ] GC(369875)   Other: 0.9ms
[2020-12-23T05:14:55.037-0400][gc,heap        ] GC(369875) Eden regions: 9->0(9)
[2020-12-23T05:14:55.037-0400][gc,heap        ] GC(369875) Survivor regions: 1->1(2)
[2020-12-23T05:14:55.037-0400][gc,heap        ] GC(369875) Old regions: 47->47
[2020-12-23T05:14:55.037-0400][gc,heap        ] GC(369875) Humongous regions: 4->4
[2020-12-23T05:14:55.037-0400][gc,metaspace   ] GC(369875) Metaspace: 61015K->61015K(1107968K)
[2020-12-23T05:14:55.037-0400][gc,heap        ] GC(369875) Heap after GC invocations=369852 (full 10743): garbage-first heap   total 71680K, used 49037K [0x0000000083000000, 0x0000000100000000)
[2020-12-23T05:14:55.037-0400][gc,heap        ] GC(369875)   region size 1024K, 1 young (1024K), 1 survivors (1024K)
[2020-12-23T05:14:55.037-0400][gc,heap        ] GC(369875)  Metaspace       used 61015K, capacity 63733K, committed 64768K, reserved 1107968K
[2020-12-23T05:14:55.037-0400][gc,heap        ] GC(369875)   class space    used 5714K, capacity 6561K, committed 6912K, reserved 1048576K
[2020-12-23T05:14:55.038-0400][gc             ] GC(369875) Pause Young (Normal) (G1 Evacuation Pause) 56M->47M(70M) 6.710ms
[2020-12-23T05:14:55.038-0400][gc,cpu         ] GC(369875) User=0.02s Sys=0.00s Real=0.01s
[2020-12-23T05:15:19.927-0400][gc,heap        ] GC(369876) Heap before GC invocations=369852 (full 10743): garbage-first heap   total 71680K, used 57229K [0x0000000083000000, 0x0000000100000000)
[2020-12-23T05:15:19.928-0400][gc,heap        ] GC(369876)   region size 1024K, 10 young (10240K), 1 survivors (1024K)
[2020-12-23T05:15:19.928-0400][gc,heap        ] GC(369876)  Metaspace       used 61015K, capacity 63733K, committed 64768K, reserved 1107968K
[2020-12-23T05:15:19.928-0400][gc,heap        ] GC(369876)   class space    used 5714K, capacity 6561K, committed 6912K, reserved 1048576K
[2020-12-23T05:15:19.928-0400][gc,start       ] GC(369876) Pause Young (Normal) (G1 Evacuation Pause)
[2020-12-23T05:15:19.928-0400][gc,task        ] GC(369876) Using 4 workers of 4 for evacuation
[2020-12-23T05:15:19.934-0400][gc,phases      ] GC(369876)   Pre Evacuate Collection Set: 0.0ms
[2020-12-23T05:15:19.934-0400][gc,phases      ] GC(369876)   Evacuate Collection Set: 3.9ms
[2020-12-23T05:15:19.934-0400][gc,phases      ] GC(369876)   Post Evacuate Collection Set: 1.5ms
[2020-12-23T05:15:19.934-0400][gc,phases      ] GC(369876)   Other: 0.9ms
[2020-12-23T05:15:19.934-0400][gc,heap        ] GC(369876) Eden regions: 9->0(9)
[2020-12-23T05:15:19.934-0400][gc,heap        ] GC(369876) Survivor regions: 1->1(2)
[2020-12-23T05:15:19.934-0400][gc,heap        ] GC(369876) Old regions: 47->47
[2020-12-23T05:15:19.934-0400][gc,heap        ] GC(369876) Humongous regions: 4->4
[2020-12-23T05:15:19.934-0400][gc,metaspace   ] GC(369876) Metaspace: 61015K->61015K(1107968K)
[2020-12-23T05:15:19.934-0400][gc,heap        ] GC(369876) Heap after GC invocations=369853 (full 10743): garbage-first heap   total 71680K, used 48986K [0x0000000083000000, 0x0000000100000000)
[2020-12-23T05:15:19.934-0400][gc,heap        ] GC(369876)   region size 1024K, 1 young (1024K), 1 survivors (1024K)
[2020-12-23T05:15:19.934-0400][gc,heap        ] GC(369876)  Metaspace       used 61015K, capacity 63733K, committed 64768K, reserved 1107968K
[2020-12-23T05:15:19.934-0400][gc,heap        ] GC(369876)   class space    used 5714K, capacity 6561K, committed 6912K, reserved 1048576K
[2020-12-23T05:15:19.934-0400][gc             ] GC(369876) Pause Young (Normal) (G1 Evacuation Pause) 56M->47M(70M) 6.686ms
[2020-12-23T05:15:19.935-0400][gc,cpu         ] GC(369876) User=0.01s Sys=0.00s Real=0.00s
[2020-12-23T05:15:38.478-0400][gc,heap        ] GC(369877) Heap before GC invocations=369853 (full 10743): garbage-first heap   total 71680K, used 57178K [0x0000000083000000, 0x0000000100000000)
[2020-12-23T05:15:38.478-0400][gc,heap        ] GC(369877)   region size 1024K, 10 young (10240K), 1 survivors (1024K)
[2020-12-23T05:15:38.478-0400][gc,heap        ] GC(369877)  Metaspace       used 61015K, capacity 63733K, committed 64768K, reserved 1107968K
[2020-12-23T05:15:38.478-0400][gc,heap        ] GC(369877)   class space    used 5714K, capacity 6561K, committed 6912K, reserved 1048576K
[2020-12-23T05:15:38.479-0400][gc,start       ] GC(369877) Pause Young (Normal) (G1 Evacuation Pause)
[2020-12-23T05:15:38.479-0400][gc,task        ] GC(369877) Using 4 workers of 4 for evacuation
[2020-12-23T05:15:38.485-0400][gc,phases      ] GC(369877)   Pre Evacuate Collection Set: 0.0ms
[2020-12-23T05:15:38.486-0400][gc,phases      ] GC(369877)   Evacuate Collection Set: 4.5ms
[2020-12-23T05:15:38.486-0400][gc,phases      ] GC(369877)   Post Evacuate Collection Set: 1.7ms
[2020-12-23T05:15:38.486-0400][gc,phases      ] GC(369877)   Other: 0.8ms
[2020-12-23T05:15:38.486-0400][gc,heap        ] GC(369877) Eden regions: 9->0(9)
[2020-12-23T05:15:38.486-0400][gc,heap        ] GC(369877) Survivor regions: 1->1(2)
[2020-12-23T05:15:38.486-0400][gc,heap        ] GC(369877) Old regions: 47->47
[2020-12-23T05:15:38.486-0400][gc,heap        ] GC(369877) Humongous regions: 4->4
[2020-12-23T05:15:38.486-0400][gc,metaspace   ] GC(369877) Metaspace: 61015K->61015K(1107968K)
[2020-12-23T05:15:38.486-0400][gc,heap        ] GC(369877) Heap after GC invocations=369854 (full 10743): garbage-first heap   total 71680K, used 49059K [0x0000000083000000, 0x0000000100000000)
[2020-12-23T05:15:38.486-0400][gc,heap        ] GC(369877)   region size 1024K, 1 young (1024K), 1 survivors (1024K)
[2020-12-23T05:15:38.486-0400][gc,heap        ] GC(369877)  Metaspace       used 61015K, capacity 63733K, committed 64768K, reserved 1107968K
[2020-12-23T05:15:38.486-0400][gc,heap        ] GC(369877)   class space    used 5714K, capacity 6561K, committed 6912K, reserved 1048576K
[2020-12-23T05:15:38.486-0400][gc             ] GC(369877) Pause Young (Normal) (G1 Evacuation Pause) 56M->47M(70M) 7.536ms
[2020-12-23T05:15:38.486-0400][gc,cpu         ] GC(369877) User=0.02s Sys=0.00s Real=0.01s
[2020-12-23T05:16:03.354-0400][gc,heap        ] GC(369878) Heap before GC invocations=369854 (full 10743): garbage-first heap   total 71680K, used 57251K [0x0000000083000000, 0x0000000100000000)
[2020-12-23T05:16:03.354-0400][gc,heap        ] GC(369878)   region size 1024K, 10 young (10240K), 1 survivors (1024K)
[2020-12-23T05:16:03.354-0400][gc,heap        ] GC(369878)  Metaspace       used 61015K, capacity 63733K, committed 64768K, reserved 1107968K
[2020-12-23T05:16:03.354-0400][gc,heap        ] GC(369878)   class space    used 5714K, capacity 6561K, committed 6912K, reserved 1048576K
[2020-12-23T05:16:03.354-0400][gc,start       ] GC(369878) Pause Young (Normal) (G1 Evacuation Pause)
[2020-12-23T05:16:03.354-0400][gc,task        ] GC(369878) Using 4 workers of 4 for evacuation
[2020-12-23T05:16:03.361-0400][gc,phases      ] GC(369878)   Pre Evacuate Collection Set: 0.0ms
[2020-12-23T05:16:03.361-0400][gc,phases      ] GC(369878)   Evacuate Collection Set: 4.3ms
[2020-12-23T05:16:03.361-0400][gc,phases      ] GC(369878)   Post Evacuate Collection Set: 1.7ms
[2020-12-23T05:16:03.361-0400][gc,phases      ] GC(369878)   Other: 0.9ms
[2020-12-23T05:16:03.361-0400][gc,heap        ] GC(369878) Eden regions: 9->0(9)
[2020-12-23T05:16:03.361-0400][gc,heap        ] GC(369878) Survivor regions: 1->1(2)
[2020-12-23T05:16:03.361-0400][gc,heap        ] GC(369878) Old regions: 47->47
[2020-12-23T05:16:03.361-0400][gc,heap        ] GC(369878) Humongous regions: 4->4
[2020-12-23T05:16:03.361-0400][gc,metaspace   ] GC(369878) Metaspace: 61015K->61015K(1107968K)
[2020-12-23T05:16:03.361-0400][gc,heap        ] GC(369878) Heap after GC invocations=369855 (full 10743): garbage-first heap   total 71680K, used 49080K [0x0000000083000000, 0x0000000100000000)
[2020-12-23T05:16:03.361-0400][gc,heap        ] GC(369878)   region size 1024K, 1 young (1024K), 1 survivors (1024K)
[2020-12-23T05:16:03.361-0400][gc,heap        ] GC(369878)  Metaspace       used 61015K, capacity 63733K, committed 64768K, reserved 1107968K
[2020-12-23T05:16:03.361-0400][gc,heap        ] GC(369878)   class space    used 5714K, capacity 6561K, committed 6912K, reserved 1048576K
[2020-12-23T05:16:03.361-0400][gc             ] GC(369878) Pause Young (Normal) (G1 Evacuation Pause) 56M->47M(70M) 7.336ms
[2020-12-23T05:16:03.362-0400][gc,cpu         ] GC(369878) User=0.01s Sys=0.02s Real=0.01s
[2020-12-23T05:16:50.924-0400][gc,task        ] GC(369879) Using 3 workers of 4 for full compaction
[2020-12-23T05:16:50.924-0400][gc,start       ] GC(369879) Pause Full (System.gc())
[2020-12-23T05:16:50.924-0400][gc,heap        ] GC(369879) Heap before GC invocations=369855 (full 10743): garbage-first heap   total 71680K, used 57272K [0x0000000083000000, 0x0000000100000000)
[2020-12-23T05:16:50.925-0400][gc,heap        ] GC(369879)   region size 1024K, 10 young (10240K), 1 survivors (1024K)
[2020-12-23T05:16:50.925-0400][gc,heap        ] GC(369879)  Metaspace       used 61015K, capacity 63733K, committed 64768K, reserved 1107968K
[2020-12-23T05:16:50.925-0400][gc,heap        ] GC(369879)   class space    used 5714K, capacity 6561K, committed 6912K, reserved 1048576K
[2020-12-23T05:16:50.927-0400][gc,phases,start] GC(369879) Phase 1: Mark live objects
[2020-12-23T05:16:51.070-0400][gc,stringtable ] GC(369879) Cleaned string and symbol table, strings: 32200 processed, 0 removed, symbols: 131455 processed, 0 removed
[2020-12-23T05:16:51.070-0400][gc,phases      ] GC(369879) Phase 1: Mark live objects 143.273ms
[2020-12-23T05:16:51.070-0400][gc,phases,start] GC(369879) Phase 2: Prepare for compaction
[2020-12-23T05:16:51.101-0400][gc,phases      ] GC(369879) Phase 2: Prepare for compaction 30.386ms
[2020-12-23T05:16:51.101-0400][gc,phases,start] GC(369879) Phase 3: Adjust pointers
[2020-12-23T05:16:51.180-0400][gc,phases      ] GC(369879) Phase 3: Adjust pointers 79.249ms
[2020-12-23T05:16:51.180-0400][gc,phases,start] GC(369879) Phase 4: Compact heap
[2020-12-23T05:16:51.204-0400][gc,phases      ] GC(369879) Phase 4: Compact heap 23.585ms
[2020-12-23T05:16:51.241-0400][gc,heap        ] GC(369879) Eden regions: 9->0(9)
[2020-12-23T05:16:51.241-0400][gc,heap        ] GC(369879) Survivor regions: 1->0(2)
[2020-12-23T05:16:51.241-0400][gc,heap        ] GC(369879) Old regions: 47->47
[2020-12-23T05:16:51.241-0400][gc,heap        ] GC(369879) Humongous regions: 4->4
[2020-12-23T05:16:51.241-0400][gc,metaspace   ] GC(369879) Metaspace: 61015K->61015K(1107968K)
[2020-12-23T05:16:51.242-0400][gc,heap        ] GC(369879) Heap after GC invocations=369856 (full 10744): garbage-first heap   total 71680K, used 48454K [0x0000000083000000, 0x0000000100000000)
[2020-12-23T05:16:51.242-0400][gc,heap        ] GC(369879)   region size 1024K, 0 young (0K), 0 survivors (0K)
[2020-12-23T05:16:51.242-0400][gc,heap        ] GC(369879)  Metaspace       used 61015K, capacity 63733K, committed 64768K, reserved 1107968K
[2020-12-23T05:16:51.242-0400][gc,heap        ] GC(369879)   class space    used 5714K, capacity 6561K, committed 6912K, reserved 1048576K
[2020-12-23T05:16:51.242-0400][gc             ] GC(369879) Pause Full (System.gc()) 56M->47M(70M) 317.438ms
[2020-12-23T05:16:51.242-0400][gc,cpu         ] GC(369879) User=0.85s Sys=0.00s Real=0.32s
[2020-12-23T05:17:18.019-0400][gc,heap        ] GC(369880) Heap before GC invocations=369856 (full 10744): garbage-first heap   total 71680K, used 57670K [0x0000000083000000, 0x0000000100000000)
[2020-12-23T05:17:18.019-0400][gc,heap        ] GC(369880)   region size 1024K, 9 young (9216K), 0 survivors (0K)
[2020-12-23T05:17:18.019-0400][gc,heap        ] GC(369880)  Metaspace       used 61015K, capacity 63733K, committed 64768K, reserved 1107968K
[2020-12-23T05:17:18.019-0400][gc,heap        ] GC(369880)   class space    used 5714K, capacity 6561K, committed 6912K, reserved 1048576K
[2020-12-23T05:17:18.019-0400][gc,start       ] GC(369880) Pause Young (Normal) (G1 Evacuation Pause)
[2020-12-23T05:17:18.019-0400][gc,task        ] GC(369880) Using 4 workers of 4 for evacuation
[2020-12-23T05:17:18.025-0400][gc,phases      ] GC(369880)   Pre Evacuate Collection Set: 0.0ms
[2020-12-23T05:17:18.025-0400][gc,phases      ] GC(369880)   Evacuate Collection Set: 2.7ms
[2020-12-23T05:17:18.025-0400][gc,phases      ] GC(369880)   Post Evacuate Collection Set: 2.3ms
[2020-12-23T05:17:18.025-0400][gc,phases      ] GC(369880)   Other: 0.8ms
[2020-12-23T05:17:18.025-0400][gc,heap        ] GC(369880) Eden regions: 9->0(9)
[2020-12-23T05:17:18.025-0400][gc,heap        ] GC(369880) Survivor regions: 0->1(2)
[2020-12-23T05:17:18.025-0400][gc,heap        ] GC(369880) Old regions: 47->47
[2020-12-23T05:17:18.025-0400][gc,heap        ] GC(369880) Humongous regions: 4->4
[2020-12-23T05:17:18.025-0400][gc,metaspace   ] GC(369880) Metaspace: 61015K->61015K(1107968K)
[2020-12-23T05:17:18.025-0400][gc,heap        ] GC(369880) Heap after GC invocations=369857 (full 10744): garbage-first heap   total 71680K, used 48693K [0x0000000083000000, 0x0000000100000000)
[2020-12-23T05:17:18.025-0400][gc,heap        ] GC(369880)   region size 1024K, 1 young (1024K), 1 survivors (1024K)
[2020-12-23T05:17:18.026-0400][gc,heap        ] GC(369880)  Metaspace       used 61015K, capacity 63733K, committed 64768K, reserved 1107968K
[2020-12-23T05:17:18.026-0400][gc,heap        ] GC(369880)   class space    used 5714K, capacity 6561K, committed 6912K, reserved 1048576K
[2020-12-23T05:17:18.026-0400][gc             ] GC(369880) Pause Young (Normal) (G1 Evacuation Pause) 56M->47M(70M) 6.375ms
[2020-12-23T05:17:18.026-0400][gc,cpu         ] GC(369880) User=0.01s Sys=0.01s Real=0.01s
[2020-12-23T05:17:49.927-0400][gc,heap        ] GC(369881) Heap before GC invocations=369857 (full 10744): garbage-first heap   total 71680K, used 57909K [0x0000000083000000, 0x0000000100000000)
[2020-12-23T05:17:49.927-0400][gc,heap        ] GC(369881)   region size 1024K, 10 young (10240K), 1 survivors (1024K)
[2020-12-23T05:17:49.927-0400][gc,heap        ] GC(369881)  Metaspace       used 61015K, capacity 63733K, committed 64768K, reserved 1107968K
[2020-12-23T05:17:49.927-0400][gc,heap        ] GC(369881)   class space    used 5714K, capacity 6561K, committed 6912K, reserved 1048576K
[2020-12-23T05:17:49.927-0400][gc,start       ] GC(369881) Pause Young (Normal) (G1 Evacuation Pause)
[2020-12-23T05:17:49.927-0400][gc,task        ] GC(369881) Using 4 workers of 4 for evacuation
[2020-12-23T05:17:49.932-0400][gc,phases      ] GC(369881)   Pre Evacuate Collection Set: 0.0ms
[2020-12-23T05:17:49.932-0400][gc,phases      ] GC(369881)   Evacuate Collection Set: 2.6ms
[2020-12-23T05:17:49.932-0400][gc,phases      ] GC(369881)   Post Evacuate Collection Set: 1.4ms
[2020-12-23T05:17:49.932-0400][gc,phases      ] GC(369881)   Other: 0.8ms
[2020-12-23T05:17:49.932-0400][gc,heap        ] GC(369881) Eden regions: 9->0(9)
[2020-12-23T05:17:49.932-0400][gc,heap        ] GC(369881) Survivor regions: 1->1(2)
[2020-12-23T05:17:49.932-0400][gc,heap        ] GC(369881) Old regions: 47->47
[2020-12-23T05:17:49.932-0400][gc,heap        ] GC(369881) Humongous regions: 4->4
[2020-12-23T05:17:49.932-0400][gc,metaspace   ] GC(369881) Metaspace: 61015K->61015K(1107968K)
[2020-12-23T05:17:49.932-0400][gc,heap        ] GC(369881) Heap after GC invocations=369858 (full 10744): garbage-first heap   total 71680K, used 48633K [0x0000000083000000, 0x0000000100000000)
[2020-12-23T05:17:49.932-0400][gc,heap        ] GC(369881)   region size 1024K, 1 young (1024K), 1 survivors (1024K)
[2020-12-23T05:17:49.932-0400][gc,heap        ] GC(369881)  Metaspace       used 61015K, capacity 63733K, committed 64768K, reserved 1107968K
[2020-12-23T05:17:49.932-0400][gc,heap        ] GC(369881)   class space    used 5714K, capacity 6561K, committed 6912K, reserved 1048576K
[2020-12-23T05:17:49.933-0400][gc             ] GC(369881) Pause Young (Normal) (G1 Evacuation Pause) 56M->47M(70M) 5.540ms
[2020-12-23T05:17:49.933-0400][gc,cpu         ] GC(369881) User=0.02s Sys=0.00s Real=0.00s
[2020-12-23T05:18:21.002-0400][gc,heap        ] GC(369882) Heap before GC invocations=369858 (full 10744): garbage-first heap   total 71680K, used 56825K [0x0000000083000000, 0x0000000100000000)
[2020-12-23T05:18:21.002-0400][gc,heap        ] GC(369882)   region size 1024K, 10 young (10240K), 1 survivors (1024K)
[2020-12-23T05:18:21.002-0400][gc,heap        ] GC(369882)  Metaspace       used 61015K, capacity 63733K, committed 64768K, reserved 1107968K
[2020-12-23T05:18:21.002-0400][gc,heap        ] GC(369882)   class space    used 5714K, capacity 6561K, committed 6912K, reserved 1048576K
[2020-12-23T05:18:21.002-0400][gc,start       ] GC(369882) Pause Young (Normal) (G1 Evacuation Pause)
[2020-12-23T05:18:21.002-0400][gc,task        ] GC(369882) Using 4 workers of 4 for evacuation
[2020-12-23T05:18:21.007-0400][gc,phases      ] GC(369882)   Pre Evacuate Collection Set: 0.0ms
[2020-12-23T05:18:21.007-0400][gc,phases      ] GC(369882)   Evacuate Collection Set: 3.0ms
[2020-12-23T05:18:21.007-0400][gc,phases      ] GC(369882)   Post Evacuate Collection Set: 1.5ms
[2020-12-23T05:18:21.007-0400][gc,phases      ] GC(369882)   Other: 0.8ms
[2020-12-23T05:18:21.007-0400][gc,heap        ] GC(369882) Eden regions: 9->0(9)
[2020-12-23T05:18:21.007-0400][gc,heap        ] GC(369882) Survivor regions: 1->1(2)
[2020-12-23T05:18:21.007-0400][gc,heap        ] GC(369882) Old regions: 47->47
[2020-12-23T05:18:21.007-0400][gc,heap        ] GC(369882) Humongous regions: 4->4
[2020-12-23T05:18:21.007-0400][gc,metaspace   ] GC(369882) Metaspace: 61015K->61015K(1107968K)
[2020-12-23T05:18:21.007-0400][gc,heap        ] GC(369882) Heap after GC invocations=369859 (full 10744): garbage-first heap   total 71680K, used 48722K [0x0000000083000000, 0x0000000100000000)
[2020-12-23T05:18:21.007-0400][gc,heap        ] GC(369882)   region size 1024K, 1 young (1024K), 1 survivors (1024K)
[2020-12-23T05:18:21.008-0400][gc,heap        ] GC(369882)  Metaspace       used 61015K, capacity 63733K, committed 64768K, reserved 1107968K
[2020-12-23T05:18:21.008-0400][gc,heap        ] GC(369882)   class space    used 5714K, capacity 6561K, committed 6912K, reserved 1048576K
[2020-12-23T05:18:21.008-0400][gc             ] GC(369882) Pause Young (Normal) (G1 Evacuation Pause) 56M->47M(70M) 5.760ms
[2020-12-23T05:18:21.008-0400][gc,cpu         ] GC(369882) User=0.01s Sys=0.01s Real=0.01s
[2020-12-23T05:18:54.605-0400][gc,heap        ] GC(369883) Heap before GC invocations=369859 (full 10744): garbage-first heap   total 71680K, used 56914K [0x0000000083000000, 0x0000000100000000)
[2020-12-23T05:18:54.605-0400][gc,heap        ] GC(369883)   region size 1024K, 10 young (10240K), 1 survivors (1024K)
[2020-12-23T05:18:54.605-0400][gc,heap        ] GC(369883)  Metaspace       used 61015K, capacity 63733K, committed 64768K, reserved 1107968K
[2020-12-23T05:18:54.605-0400][gc,heap        ] GC(369883)   class space    used 5714K, capacity 6561K, committed 6912K, reserved 1048576K
[2020-12-23T05:18:54.605-0400][gc,start       ] GC(369883) Pause Young (Normal) (G1 Evacuation Pause)
[2020-12-23T05:18:54.605-0400][gc,task        ] GC(369883) Using 4 workers of 4 for evacuation
[2020-12-23T05:18:54.611-0400][gc,phases      ] GC(369883)   Pre Evacuate Collection Set: 0.0ms
[2020-12-23T05:18:54.611-0400][gc,phases      ] GC(369883)   Evacuate Collection Set: 3.1ms
[2020-12-23T05:18:54.611-0400][gc,phases      ] GC(369883)   Post Evacuate Collection Set: 1.7ms
[2020-12-23T05:18:54.611-0400][gc,phases      ] GC(369883)   Other: 0.9ms
[2020-12-23T05:18:54.611-0400][gc,heap        ] GC(369883) Eden regions: 9->0(9)
[2020-12-23T05:18:54.611-0400][gc,heap        ] GC(369883) Survivor regions: 1->1(2)
[2020-12-23T05:18:54.611-0400][gc,heap        ] GC(369883) Old regions: 47->47
[2020-12-23T05:18:54.611-0400][gc,heap        ] GC(369883) Humongous regions: 4->4
[2020-12-23T05:18:54.611-0400][gc,metaspace   ] GC(369883) Metaspace: 61015K->61015K(1107968K)
[2020-12-23T05:18:54.611-0400][gc,heap        ] GC(369883) Heap after GC invocations=369860 (full 10744): garbage-first heap   total 71680K, used 48790K [0x0000000083000000, 0x0000000100000000)
[2020-12-23T05:18:54.611-0400][gc,heap        ] GC(369883)   region size 1024K, 1 young (1024K), 1 survivors (1024K)
[2020-12-23T05:18:54.611-0400][gc,heap        ] GC(369883)  Metaspace       used 61015K, capacity 63733K, committed 64768K, reserved 1107968K
[2020-12-23T05:18:54.611-0400][gc,heap        ] GC(369883)   class space    used 5714K, capacity 6561K, committed 6912K, reserved 1048576K
[2020-12-23T05:18:54.611-0400][gc             ] GC(369883) Pause Young (Normal) (G1 Evacuation Pause) 56M->47M(70M) 6.055ms
[2020-12-23T05:18:54.611-0400][gc,cpu         ] GC(369883) User=0.01s Sys=0.01s Real=0.01s
[2020-12-23T05:19:11.915-0400][gc,heap        ] GC(369884) Heap before GC invocations=369860 (full 10744): garbage-first heap   total 71680K, used 58006K [0x0000000083000000, 0x0000000100000000)
[2020-12-23T05:19:11.916-0400][gc,heap        ] GC(369884)   region size 1024K, 10 young (10240K), 1 survivors (1024K)
[2020-12-23T05:19:11.916-0400][gc,heap        ] GC(369884)  Metaspace       used 61015K, capacity 63733K, committed 64768K, reserved 1107968K
[2020-12-23T05:19:11.916-0400][gc,heap        ] GC(369884)   class space    used 5714K, capacity 6561K, committed 6912K, reserved 1048576K
[2020-12-23T05:19:11.916-0400][gc,start       ] GC(369884) Pause Young (Normal) (G1 Evacuation Pause)
[2020-12-23T05:19:11.916-0400][gc,task        ] GC(369884) Using 4 workers of 4 for evacuation
[2020-12-23T05:19:11.921-0400][gc,phases      ] GC(369884)   Pre Evacuate Collection Set: 0.0ms
[2020-12-23T05:19:11.921-0400][gc,phases      ] GC(369884)   Evacuate Collection Set: 3.3ms
[2020-12-23T05:19:11.921-0400][gc,phases      ] GC(369884)   Post Evacuate Collection Set: 1.7ms
[2020-12-23T05:19:11.922-0400][gc,phases      ] GC(369884)   Other: 0.8ms
[2020-12-23T05:19:11.922-0400][gc,heap        ] GC(369884) Eden regions: 9->0(9)
[2020-12-23T05:19:11.922-0400][gc,heap        ] GC(369884) Survivor regions: 1->1(2)
[2020-12-23T05:19:11.922-0400][gc,heap        ] GC(369884) Old regions: 47->47
[2020-12-23T05:19:11.922-0400][gc,heap        ] GC(369884) Humongous regions: 4->4
[2020-12-23T05:19:11.922-0400][gc,metaspace   ] GC(369884) Metaspace: 61015K->61015K(1107968K)
[2020-12-23T05:19:11.922-0400][gc,heap        ] GC(369884) Heap after GC invocations=369861 (full 10744): garbage-first heap   total 71680K, used 48871K [0x0000000083000000, 0x0000000100000000)
[2020-12-23T05:19:11.922-0400][gc,heap        ] GC(369884)   region size 1024K, 1 young (1024K), 1 survivors (1024K)
[2020-12-23T05:19:11.922-0400][gc,heap        ] GC(369884)  Metaspace       used 61015K, capacity 63733K, committed 64768K, reserved 1107968K
[2020-12-23T05:19:11.922-0400][gc,heap        ] GC(369884)   class space    used 5714K, capacity 6561K, committed 6912K, reserved 1048576K
[2020-12-23T05:19:11.922-0400][gc             ] GC(369884) Pause Young (Normal) (G1 Evacuation Pause) 56M->47M(70M) 6.260ms
[2020-12-23T05:19:11.922-0400][gc,cpu         ] GC(369884) User=0.02s Sys=0.00s Real=0.00s
[2020-12-23T05:19:40.910-0400][gc,heap        ] GC(369885) Heap before GC invocations=369861 (full 10744): garbage-first heap   total 71680K, used 57063K [0x0000000083000000, 0x0000000100000000)
[2020-12-23T05:19:40.911-0400][gc,heap        ] GC(369885)   region size 1024K, 10 young (10240K), 1 survivors (1024K)
[2020-12-23T05:19:40.911-0400][gc,heap        ] GC(369885)  Metaspace       used 61015K, capacity 63733K, committed 64768K, reserved 1107968K
[2020-12-23T05:19:40.911-0400][gc,heap        ] GC(369885)   class space    used 5714K, capacity 6561K, committed 6912K, reserved 1048576K
[2020-12-23T05:19:40.911-0400][gc,start       ] GC(369885) Pause Young (Normal) (G1 Evacuation Pause)
[2020-12-23T05:19:40.911-0400][gc,task        ] GC(369885) Using 4 workers of 4 for evacuation
[2020-12-23T05:19:40.917-0400][gc,phases      ] GC(369885)   Pre Evacuate Collection Set: 0.0ms
[2020-12-23T05:19:40.917-0400][gc,phases      ] GC(369885)   Evacuate Collection Set: 3.9ms
[2020-12-23T05:19:40.917-0400][gc,phases      ] GC(369885)   Post Evacuate Collection Set: 1.5ms
[2020-12-23T05:19:40.917-0400][gc,phases      ] GC(369885)   Other: 0.9ms
[2020-12-23T05:19:40.917-0400][gc,heap        ] GC(369885) Eden regions: 9->0(9)
[2020-12-23T05:19:40.917-0400][gc,heap        ] GC(369885) Survivor regions: 1->1(2)
[2020-12-23T05:19:40.917-0400][gc,heap        ] GC(369885) Old regions: 47->47
[2020-12-23T05:19:40.917-0400][gc,heap        ] GC(369885) Humongous regions: 4->4
[2020-12-23T05:19:40.917-0400][gc,metaspace   ] GC(369885) Metaspace: 61015K->61015K(1107968K)
[2020-12-23T05:19:40.917-0400][gc,heap        ] GC(369885) Heap after GC invocations=369862 (full 10744): garbage-first heap   total 71680K, used 48856K [0x0000000083000000, 0x0000000100000000)
[2020-12-23T05:19:40.917-0400][gc,heap        ] GC(369885)   region size 1024K, 1 young (1024K), 1 survivors (1024K)
[2020-12-23T05:19:40.917-0400][gc,heap        ] GC(369885)  Metaspace       used 61015K, capacity 63733K, committed 64768K, reserved 1107968K
[2020-12-23T05:19:40.917-0400][gc,heap        ] GC(369885)   class space    used 5714K, capacity 6561K, committed 6912K, reserved 1048576K
[2020-12-23T05:19:40.917-0400][gc             ] GC(369885) Pause Young (Normal) (G1 Evacuation Pause) 56M->47M(70M) 6.558ms
[2020-12-23T05:19:40.918-0400][gc,cpu         ] GC(369885) User=0.01s Sys=0.00s Real=0.01s
[2020-12-23T05:20:04.891-0400][gc,heap        ] GC(369886) Heap before GC invocations=369862 (full 10744): garbage-first heap   total 71680K, used 58072K [0x0000000083000000, 0x0000000100000000)
[2020-12-23T05:20:04.891-0400][gc,heap        ] GC(369886)   region size 1024K, 10 young (10240K), 1 survivors (1024K)
[2020-12-23T05:20:04.891-0400][gc,heap        ] GC(369886)  Metaspace       used 61015K, capacity 63733K, committed 64768K, reserved 1107968K
[2020-12-23T05:20:04.891-0400][gc,heap        ] GC(369886)   class space    used 5714K, capacity 6561K, committed 6912K, reserved 1048576K
[2020-12-23T05:20:04.891-0400][gc,start       ] GC(369886) Pause Young (Normal) (G1 Evacuation Pause)
[2020-12-23T05:20:04.891-0400][gc,task        ] GC(369886) Using 4 workers of 4 for evacuation
[2020-12-23T05:20:04.897-0400][gc,phases      ] GC(369886)   Pre Evacuate Collection Set: 0.0ms
[2020-12-23T05:20:04.897-0400][gc,phases      ] GC(369886)   Evacuate Collection Set: 3.8ms
[2020-12-23T05:20:04.897-0400][gc,phases      ] GC(369886)   Post Evacuate Collection Set: 1.6ms
[2020-12-23T05:20:04.897-0400][gc,phases      ] GC(369886)   Other: 0.8ms
[2020-12-23T05:20:04.897-0400][gc,heap        ] GC(369886) Eden regions: 9->0(9)
[2020-12-23T05:20:04.897-0400][gc,heap        ] GC(369886) Survivor regions: 1->1(2)
[2020-12-23T05:20:04.897-0400][gc,heap        ] GC(369886) Old regions: 47->47
[2020-12-23T05:20:04.897-0400][gc,heap        ] GC(369886) Humongous regions: 4->4
[2020-12-23T05:20:04.897-0400][gc,metaspace   ] GC(369886) Metaspace: 61015K->61015K(1107968K)
[2020-12-23T05:20:04.897-0400][gc,heap        ] GC(369886) Heap after GC invocations=369863 (full 10744): garbage-first heap   total 71680K, used 48996K [0x0000000083000000, 0x0000000100000000)
[2020-12-23T05:20:04.898-0400][gc,heap        ] GC(369886)   region size 1024K, 1 young (1024K), 1 survivors (1024K)
[2020-12-23T05:20:04.898-0400][gc,heap        ] GC(369886)  Metaspace       used 61015K, capacity 63733K, committed 64768K, reserved 1107968K
[2020-12-23T05:20:04.898-0400][gc,heap        ] GC(369886)   class space    used 5714K, capacity 6561K, committed 6912K, reserved 1048576K
[2020-12-23T05:20:04.898-0400][gc             ] GC(369886) Pause Young (Normal) (G1 Evacuation Pause) 56M->47M(70M) 6.716ms
[2020-12-23T05:20:04.898-0400][gc,cpu         ] GC(369886) User=0.02s Sys=0.00s Real=0.01s
[2020-12-23T05:20:21.546-0400][gc,heap        ] GC(369887) Heap before GC invocations=369863 (full 10744): garbage-first heap   total 71680K, used 57188K [0x0000000083000000, 0x0000000100000000)
[2020-12-23T05:20:21.546-0400][gc,heap        ] GC(369887)   region size 1024K, 10 young (10240K), 1 survivors (1024K)
[2020-12-23T05:20:21.546-0400][gc,heap        ] GC(369887)  Metaspace       used 61015K, capacity 63733K, committed 64768K, reserved 1107968K
[2020-12-23T05:20:21.546-0400][gc,heap        ] GC(369887)   class space    used 5714K, capacity 6561K, committed 6912K, reserved 1048576K
[2020-12-23T05:20:21.547-0400][gc,start       ] GC(369887) Pause Young (Normal) (G1 Evacuation Pause)
[2020-12-23T05:20:21.547-0400][gc,task        ] GC(369887) Using 4 workers of 4 for evacuation
[2020-12-23T05:20:21.554-0400][gc,phases      ] GC(369887)   Pre Evacuate Collection Set: 0.0ms
[2020-12-23T05:20:21.554-0400][gc,phases      ] GC(369887)   Evacuate Collection Set: 4.1ms
[2020-12-23T05:20:21.554-0400][gc,phases      ] GC(369887)   Post Evacuate Collection Set: 2.4ms
[2020-12-23T05:20:21.554-0400][gc,phases      ] GC(369887)   Other: 1.1ms
[2020-12-23T05:20:21.554-0400][gc,heap        ] GC(369887) Eden regions: 9->0(9)
[2020-12-23T05:20:21.554-0400][gc,heap        ] GC(369887) Survivor regions: 1->1(2)
[2020-12-23T05:20:21.555-0400][gc,heap        ] GC(369887) Old regions: 47->47
[2020-12-23T05:20:21.555-0400][gc,heap        ] GC(369887) Humongous regions: 4->4
[2020-12-23T05:20:21.555-0400][gc,metaspace   ] GC(369887) Metaspace: 61015K->61015K(1107968K)
[2020-12-23T05:20:21.555-0400][gc,heap        ] GC(369887) Heap after GC invocations=369864 (full 10744): garbage-first heap   total 71680K, used 48955K [0x0000000083000000, 0x0000000100000000)
[2020-12-23T05:20:21.555-0400][gc,heap        ] GC(369887)   region size 1024K, 1 young (1024K), 1 survivors (1024K)
[2020-12-23T05:20:21.555-0400][gc,heap        ] GC(369887)  Metaspace       used 61015K, capacity 63733K, committed 64768K, reserved 1107968K
[2020-12-23T05:20:21.555-0400][gc,heap        ] GC(369887)   class space    used 5714K, capacity 6561K, committed 6912K, reserved 1048576K
[2020-12-23T05:20:21.555-0400][gc             ] GC(369887) Pause Young (Normal) (G1 Evacuation Pause) 56M->47M(70M) 8.373ms
[2020-12-23T05:20:21.555-0400][gc,cpu         ] GC(369887) User=0.01s Sys=0.01s Real=0.00s
[2020-12-23T05:20:43.892-0400][gc,heap        ] GC(369888) Heap before GC invocations=369864 (full 10744): garbage-first heap   total 71680K, used 57147K [0x0000000083000000, 0x0000000100000000)
[2020-12-23T05:20:43.893-0400][gc,heap        ] GC(369888)   region size 1024K, 10 young (10240K), 1 survivors (1024K)
[2020-12-23T05:20:43.893-0400][gc,heap        ] GC(369888)  Metaspace       used 61015K, capacity 63733K, committed 64768K, reserved 1107968K
[2020-12-23T05:20:43.893-0400][gc,heap        ] GC(369888)   class space    used 5714K, capacity 6561K, committed 6912K, reserved 1048576K
[2020-12-23T05:20:43.893-0400][gc,start       ] GC(369888) Pause Young (Normal) (G1 Evacuation Pause)
[2020-12-23T05:20:43.893-0400][gc,task        ] GC(369888) Using 4 workers of 4 for evacuation
[2020-12-23T05:20:43.899-0400][gc,phases      ] GC(369888)   Pre Evacuate Collection Set: 0.0ms
[2020-12-23T05:20:43.899-0400][gc,phases      ] GC(369888)   Evacuate Collection Set: 3.9ms
[2020-12-23T05:20:43.899-0400][gc,phases      ] GC(369888)   Post Evacuate Collection Set: 1.4ms
[2020-12-23T05:20:43.899-0400][gc,phases      ] GC(369888)   Other: 0.9ms
[2020-12-23T05:20:43.899-0400][gc,heap        ] GC(369888) Eden regions: 9->0(9)
[2020-12-23T05:20:43.899-0400][gc,heap        ] GC(369888) Survivor regions: 1->1(2)
[2020-12-23T05:20:43.899-0400][gc,heap        ] GC(369888) Old regions: 47->47
[2020-12-23T05:20:43.899-0400][gc,heap        ] GC(369888) Humongous regions: 4->4
[2020-12-23T05:20:43.899-0400][gc,metaspace   ] GC(369888) Metaspace: 61015K->61015K(1107968K)
[2020-12-23T05:20:43.899-0400][gc,heap        ] GC(369888) Heap after GC invocations=369865 (full 10744): garbage-first heap   total 71680K, used 48930K [0x0000000083000000, 0x0000000100000000)
[2020-12-23T05:20:43.899-0400][gc,heap        ] GC(369888)   region size 1024K, 1 young (1024K), 1 survivors (1024K)
[2020-12-23T05:20:43.899-0400][gc,heap        ] GC(369888)  Metaspace       used 61015K, capacity 63733K, committed 64768K, reserved 1107968K
[2020-12-23T05:20:43.899-0400][gc,heap        ] GC(369888)   class space    used 5714K, capacity 6561K, committed 6912K, reserved 1048576K
[2020-12-23T05:20:43.899-0400][gc             ] GC(369888) Pause Young (Normal) (G1 Evacuation Pause) 56M->47M(70M) 6.543ms
[2020-12-23T05:20:43.901-0400][gc,cpu         ] GC(369888) User=0.01s Sys=0.00s Real=0.01s
[2020-12-23T05:21:13.891-0400][gc,heap        ] GC(369889) Heap before GC invocations=369865 (full 10744): garbage-first heap   total 71680K, used 57122K [0x0000000083000000, 0x0000000100000000)
[2020-12-23T05:21:13.891-0400][gc,heap        ] GC(369889)   region size 1024K, 10 young (10240K), 1 survivors (1024K)
[2020-12-23T05:21:13.891-0400][gc,heap        ] GC(369889)  Metaspace       used 61015K, capacity 63733K, committed 64768K, reserved 1107968K
[2020-12-23T05:21:13.891-0400][gc,heap        ] GC(369889)   class space    used 5714K, capacity 6561K, committed 6912K, reserved 1048576K
[2020-12-23T05:21:13.891-0400][gc,start       ] GC(369889) Pause Young (Normal) (G1 Evacuation Pause)
[2020-12-23T05:21:13.891-0400][gc,task        ] GC(369889) Using 4 workers of 4 for evacuation
[2020-12-23T05:21:13.897-0400][gc,phases      ] GC(369889)   Pre Evacuate Collection Set: 0.0ms
[2020-12-23T05:21:13.897-0400][gc,phases      ] GC(369889)   Evacuate Collection Set: 3.7ms
[2020-12-23T05:21:13.897-0400][gc,phases      ] GC(369889)   Post Evacuate Collection Set: 1.6ms
[2020-12-23T05:21:13.897-0400][gc,phases      ] GC(369889)   Other: 0.8ms
[2020-12-23T05:21:13.897-0400][gc,heap        ] GC(369889) Eden regions: 9->0(9)
[2020-12-23T05:21:13.897-0400][gc,heap        ] GC(369889) Survivor regions: 1->1(2)
[2020-12-23T05:21:13.897-0400][gc,heap        ] GC(369889) Old regions: 47->47
[2020-12-23T05:21:13.897-0400][gc,heap        ] GC(369889) Humongous regions: 4->4
[2020-12-23T05:21:13.897-0400][gc,metaspace   ] GC(369889) Metaspace: 61015K->61015K(1107968K)
[2020-12-23T05:21:13.897-0400][gc,heap        ] GC(369889) Heap after GC invocations=369866 (full 10744): garbage-first heap   total 71680K, used 48988K [0x0000000083000000, 0x0000000100000000)
[2020-12-23T05:21:13.897-0400][gc,heap        ] GC(369889)   region size 1024K, 1 young (1024K), 1 survivors (1024K)
[2020-12-23T05:21:13.897-0400][gc,heap        ] GC(369889)  Metaspace       used 61015K, capacity 63733K, committed 64768K, reserved 1107968K
[2020-12-23T05:21:13.897-0400][gc,heap        ] GC(369889)   class space    used 5714K, capacity 6561K, committed 6912K, reserved 1048576K
[2020-12-23T05:21:13.898-0400][gc             ] GC(369889) Pause Young (Normal) (G1 Evacuation Pause) 56M->47M(70M) 6.545ms
[2020-12-23T05:21:13.898-0400][gc,cpu         ] GC(369889) User=0.02s Sys=0.00s Real=0.01s
[2020-12-23T05:21:46.086-0400][gc,heap        ] GC(369890) Heap before GC invocations=369866 (full 10744): garbage-first heap   total 71680K, used 57180K [0x0000000083000000, 0x0000000100000000)
[2020-12-23T05:21:46.086-0400][gc,heap        ] GC(369890)   region size 1024K, 10 young (10240K), 1 survivors (1024K)
[2020-12-23T05:21:46.086-0400][gc,heap        ] GC(369890)  Metaspace       used 61015K, capacity 63733K, committed 64768K, reserved 1107968K
[2020-12-23T05:21:46.086-0400][gc,heap        ] GC(369890)   class space    used 5714K, capacity 6561K, committed 6912K, reserved 1048576K
[2020-12-23T05:21:46.086-0400][gc,start       ] GC(369890) Pause Young (Normal) (G1 Evacuation Pause)
[2020-12-23T05:21:46.086-0400][gc,task        ] GC(369890) Using 4 workers of 4 for evacuation
[2020-12-23T05:21:46.092-0400][gc,phases      ] GC(369890)   Pre Evacuate Collection Set: 0.0ms
[2020-12-23T05:21:46.092-0400][gc,phases      ] GC(369890)   Evacuate Collection Set: 3.4ms
[2020-12-23T05:21:46.092-0400][gc,phases      ] GC(369890)   Post Evacuate Collection Set: 1.7ms
[2020-12-23T05:21:46.092-0400][gc,phases      ] GC(369890)   Other: 1.0ms
[2020-12-23T05:21:46.092-0400][gc,heap        ] GC(369890) Eden regions: 9->0(9)
[2020-12-23T05:21:46.092-0400][gc,heap        ] GC(369890) Survivor regions: 1->1(2)
[2020-12-23T05:21:46.092-0400][gc,heap        ] GC(369890) Old regions: 47->47
[2020-12-23T05:21:46.092-0400][gc,heap        ] GC(369890) Humongous regions: 4->4
[2020-12-23T05:21:46.092-0400][gc,metaspace   ] GC(369890) Metaspace: 61015K->61015K(1107968K)
[2020-12-23T05:21:46.092-0400][gc,heap        ] GC(369890) Heap after GC invocations=369867 (full 10744): garbage-first heap   total 71680K, used 48894K [0x0000000083000000, 0x0000000100000000)
[2020-12-23T05:21:46.093-0400][gc,heap        ] GC(369890)   region size 1024K, 1 young (1024K), 1 survivors (1024K)
[2020-12-23T05:21:46.093-0400][gc,heap        ] GC(369890)  Metaspace       used 61015K, capacity 63733K, committed 64768K, reserved 1107968K
[2020-12-23T05:21:46.093-0400][gc,heap        ] GC(369890)   class space    used 5714K, capacity 6561K, committed 6912K, reserved 1048576K
[2020-12-23T05:21:46.093-0400][gc             ] GC(369890) Pause Young (Normal) (G1 Evacuation Pause) 56M->47M(70M) 6.346ms
[2020-12-23T05:21:46.093-0400][gc,cpu         ] GC(369890) User=0.01s Sys=0.01s Real=0.00s
[2020-12-23T05:21:50.924-0400][gc,task        ] GC(369891) Using 3 workers of 4 for full compaction
[2020-12-23T05:21:50.924-0400][gc,start       ] GC(369891) Pause Full (System.gc())
[2020-12-23T05:21:50.924-0400][gc,heap        ] GC(369891) Heap before GC invocations=369867 (full 10744): garbage-first heap   total 71680K, used 49918K [0x0000000083000000, 0x0000000100000000)
[2020-12-23T05:21:50.924-0400][gc,heap        ] GC(369891)   region size 1024K, 3 young (3072K), 1 survivors (1024K)
[2020-12-23T05:21:50.924-0400][gc,heap        ] GC(369891)  Metaspace       used 61015K, capacity 63733K, committed 64768K, reserved 1107968K
[2020-12-23T05:21:50.924-0400][gc,heap        ] GC(369891)   class space    used 5714K, capacity 6561K, committed 6912K, reserved 1048576K
[2020-12-23T05:21:50.927-0400][gc,phases,start] GC(369891) Phase 1: Mark live objects
[2020-12-23T05:21:51.073-0400][gc,stringtable ] GC(369891) Cleaned string and symbol table, strings: 32200 processed, 0 removed, symbols: 131455 processed, 0 removed
[2020-12-23T05:21:51.073-0400][gc,phases      ] GC(369891) Phase 1: Mark live objects 146.410ms
[2020-12-23T05:21:51.073-0400][gc,phases,start] GC(369891) Phase 2: Prepare for compaction
[2020-12-23T05:21:51.103-0400][gc,phases      ] GC(369891) Phase 2: Prepare for compaction 29.436ms
[2020-12-23T05:21:51.103-0400][gc,phases,start] GC(369891) Phase 3: Adjust pointers
[2020-12-23T05:21:51.180-0400][gc,phases      ] GC(369891) Phase 3: Adjust pointers 76.961ms
[2020-12-23T05:21:51.180-0400][gc,phases,start] GC(369891) Phase 4: Compact heap
[2020-12-23T05:21:51.200-0400][gc,phases      ] GC(369891) Phase 4: Compact heap 20.216ms
[2020-12-23T05:21:51.235-0400][gc,heap        ] GC(369891) Eden regions: 2->0(10)
[2020-12-23T05:21:51.236-0400][gc,heap        ] GC(369891) Survivor regions: 1->0(2)
[2020-12-23T05:21:51.236-0400][gc,heap        ] GC(369891) Old regions: 47->46
[2020-12-23T05:21:51.236-0400][gc,heap        ] GC(369891) Humongous regions: 4->4
[2020-12-23T05:21:51.236-0400][gc,metaspace   ] GC(369891) Metaspace: 61015K->61015K(1107968K)
[2020-12-23T05:21:51.236-0400][gc,heap        ] GC(369891) Heap after GC invocations=369868 (full 10745): garbage-first heap   total 71680K, used 48473K [0x0000000083000000, 0x0000000100000000)
[2020-12-23T05:21:51.236-0400][gc,heap        ] GC(369891)   region size 1024K, 0 young (0K), 0 survivors (0K)
[2020-12-23T05:21:51.236-0400][gc,heap        ] GC(369891)  Metaspace       used 61015K, capacity 63733K, committed 64768K, reserved 1107968K
[2020-12-23T05:21:51.236-0400][gc,heap        ] GC(369891)   class space    used 5714K, capacity 6561K, committed 6912K, reserved 1048576K
[2020-12-23T05:21:51.236-0400][gc             ] GC(369891) Pause Full (System.gc()) 49M->47M(70M) 311.733ms
[2020-12-23T05:21:51.236-0400][gc,cpu         ] GC(369891) User=0.84s Sys=0.00s Real=0.32s
[2020-12-23T05:22:22.930-0400][gc,heap        ] GC(369892) Heap before GC invocations=369868 (full 10745): garbage-first heap   total 71680K, used 57689K [0x0000000083000000, 0x0000000100000000)
[2020-12-23T05:22:22.931-0400][gc,heap        ] GC(369892)   region size 1024K, 10 young (10240K), 0 survivors (0K)
[2020-12-23T05:22:22.931-0400][gc,heap        ] GC(369892)  Metaspace       used 61015K, capacity 63733K, committed 64768K, reserved 1107968K
[2020-12-23T05:22:22.931-0400][gc,heap        ] GC(369892)   class space    used 5714K, capacity 6561K, committed 6912K, reserved 1048576K
[2020-12-23T05:22:22.931-0400][gc,start       ] GC(369892) Pause Young (Normal) (G1 Evacuation Pause)
[2020-12-23T05:22:22.931-0400][gc,task        ] GC(369892) Using 4 workers of 4 for evacuation
[2020-12-23T05:22:22.936-0400][gc,phases      ] GC(369892)   Pre Evacuate Collection Set: 0.0ms
[2020-12-23T05:22:22.936-0400][gc,phases      ] GC(369892)   Evacuate Collection Set: 2.9ms
[2020-12-23T05:22:22.936-0400][gc,phases      ] GC(369892)   Post Evacuate Collection Set: 1.8ms
[2020-12-23T05:22:22.936-0400][gc,phases      ] GC(369892)   Other: 0.9ms
[2020-12-23T05:22:22.936-0400][gc,heap        ] GC(369892) Eden regions: 10->0(10)
[2020-12-23T05:22:22.936-0400][gc,heap        ] GC(369892) Survivor regions: 0->1(2)
[2020-12-23T05:22:22.936-0400][gc,heap        ] GC(369892) Old regions: 46->46
[2020-12-23T05:22:22.936-0400][gc,heap        ] GC(369892) Humongous regions: 4->4
[2020-12-23T05:22:22.936-0400][gc,metaspace   ] GC(369892) Metaspace: 61015K->61015K(1107968K)
[2020-12-23T05:22:22.937-0400][gc,heap        ] GC(369892) Heap after GC invocations=369869 (full 10745): garbage-first heap   total 71680K, used 48774K [0x0000000083000000, 0x0000000100000000)
[2020-12-23T05:22:22.937-0400][gc,heap        ] GC(369892)   region size 1024K, 1 young (1024K), 1 survivors (1024K)
[2020-12-23T05:22:22.937-0400][gc,heap        ] GC(369892)  Metaspace       used 61015K, capacity 63733K, committed 64768K, reserved 1107968K
[2020-12-23T05:22:22.937-0400][gc,heap        ] GC(369892)   class space    used 5714K, capacity 6561K, committed 6912K, reserved 1048576K
[2020-12-23T05:22:22.937-0400][gc             ] GC(369892) Pause Young (Normal) (G1 Evacuation Pause) 57M->47M(70M) 5.941ms
[2020-12-23T05:22:22.937-0400][gc,cpu         ] GC(369892) User=0.01s Sys=0.01s Real=0.01s
[2020-12-23T05:22:51.793-0400][gc,heap        ] GC(369893) Heap before GC invocations=369869 (full 10745): garbage-first heap   total 71680K, used 57990K [0x0000000083000000, 0x0000000100000000)
[2020-12-23T05:22:51.793-0400][gc,heap        ] GC(369893)   region size 1024K, 11 young (11264K), 1 survivors (1024K)
[2020-12-23T05:22:51.793-0400][gc,heap        ] GC(369893)  Metaspace       used 61015K, capacity 63733K, committed 64768K, reserved 1107968K
[2020-12-23T05:22:51.794-0400][gc,heap        ] GC(369893)   class space    used 5714K, capacity 6561K, committed 6912K, reserved 1048576K
[2020-12-23T05:22:51.794-0400][gc,start       ] GC(369893) Pause Young (Normal) (G1 Evacuation Pause)
[2020-12-23T05:22:51.794-0400][gc,task        ] GC(369893) Using 4 workers of 4 for evacuation
[2020-12-23T05:22:51.799-0400][gc,phases      ] GC(369893)   Pre Evacuate Collection Set: 0.0ms
[2020-12-23T05:22:51.799-0400][gc,phases      ] GC(369893)   Evacuate Collection Set: 3.2ms
[2020-12-23T05:22:51.799-0400][gc,phases      ] GC(369893)   Post Evacuate Collection Set: 1.4ms
[2020-12-23T05:22:51.799-0400][gc,phases      ] GC(369893)   Other: 0.8ms
[2020-12-23T05:22:51.799-0400][gc,heap        ] GC(369893) Eden regions: 10->0(10)
[2020-12-23T05:22:51.799-0400][gc,heap        ] GC(369893) Survivor regions: 1->1(2)
[2020-12-23T05:22:51.799-0400][gc,heap        ] GC(369893) Old regions: 46->46
[2020-12-23T05:22:51.799-0400][gc,heap        ] GC(369893) Humongous regions: 4->4
[2020-12-23T05:22:51.799-0400][gc,metaspace   ] GC(369893) Metaspace: 61015K->61015K(1107968K)
[2020-12-23T05:22:51.799-0400][gc,heap        ] GC(369893) Heap after GC invocations=369870 (full 10745): garbage-first heap   total 71680K, used 48789K [0x0000000083000000, 0x0000000100000000)
[2020-12-23T05:22:51.799-0400][gc,heap        ] GC(369893)   region size 1024K, 1 young (1024K), 1 survivors (1024K)
[2020-12-23T05:22:51.799-0400][gc,heap        ] GC(369893)  Metaspace       used 61015K, capacity 63733K, committed 64768K, reserved 1107968K
[2020-12-23T05:22:51.799-0400][gc,heap        ] GC(369893)   class space    used 5714K, capacity 6561K, committed 6912K, reserved 1048576K
[2020-12-23T05:22:51.800-0400][gc             ] GC(369893) Pause Young (Normal) (G1 Evacuation Pause) 57M->47M(70M) 5.874ms
[2020-12-23T05:22:51.800-0400][gc,cpu         ] GC(369893) User=0.01s Sys=0.01s Real=0.01s
[2020-12-23T05:23:20.781-0400][gc,heap        ] GC(369894) Heap before GC invocations=369870 (full 10745): garbage-first heap   total 71680K, used 58005K [0x0000000083000000, 0x0000000100000000)
[2020-12-23T05:23:20.781-0400][gc,heap        ] GC(369894)   region size 1024K, 11 young (11264K), 1 survivors (1024K)
[2020-12-23T05:23:20.781-0400][gc,heap        ] GC(369894)  Metaspace       used 61015K, capacity 63733K, committed 64768K, reserved 1107968K
[2020-12-23T05:23:20.781-0400][gc,heap        ] GC(369894)   class space    used 5714K, capacity 6561K, committed 6912K, reserved 1048576K
[2020-12-23T05:23:20.781-0400][gc,start       ] GC(369894) Pause Young (Normal) (G1 Evacuation Pause)
[2020-12-23T05:23:20.781-0400][gc,task        ] GC(369894) Using 4 workers of 4 for evacuation
[2020-12-23T05:23:20.786-0400][gc,phases      ] GC(369894)   Pre Evacuate Collection Set: 0.0ms
[2020-12-23T05:23:20.787-0400][gc,phases      ] GC(369894)   Evacuate Collection Set: 3.3ms
[2020-12-23T05:23:20.787-0400][gc,phases      ] GC(369894)   Post Evacuate Collection Set: 1.5ms
[2020-12-23T05:23:20.787-0400][gc,phases      ] GC(369894)   Other: 0.8ms
[2020-12-23T05:23:20.787-0400][gc,heap        ] GC(369894) Eden regions: 10->0(10)
[2020-12-23T05:23:20.787-0400][gc,heap        ] GC(369894) Survivor regions: 1->1(2)
[2020-12-23T05:23:20.787-0400][gc,heap        ] GC(369894) Old regions: 46->46
[2020-12-23T05:23:20.787-0400][gc,heap        ] GC(369894) Humongous regions: 4->4
[2020-12-23T05:23:20.787-0400][gc,metaspace   ] GC(369894) Metaspace: 61015K->61015K(1107968K)
[2020-12-23T05:23:20.787-0400][gc,heap        ] GC(369894) Heap after GC invocations=369871 (full 10745): garbage-first heap   total 71680K, used 48926K [0x0000000083000000, 0x0000000100000000)
[2020-12-23T05:23:20.787-0400][gc,heap        ] GC(369894)   region size 1024K, 1 young (1024K), 1 survivors (1024K)
[2020-12-23T05:23:20.787-0400][gc,heap        ] GC(369894)  Metaspace       used 61015K, capacity 63733K, committed 64768K, reserved 1107968K
[2020-12-23T05:23:20.787-0400][gc,heap        ] GC(369894)   class space    used 5714K, capacity 6561K, committed 6912K, reserved 1048576K
[2020-12-23T05:23:20.787-0400][gc             ] GC(369894) Pause Young (Normal) (G1 Evacuation Pause) 57M->47M(70M) 6.095ms
[2020-12-23T05:23:20.787-0400][gc,cpu         ] GC(369894) User=0.01s Sys=0.00s Real=0.01s
[2020-12-23T05:24:02.650-0400][gc,heap        ] GC(369895) Heap before GC invocations=369871 (full 10745): garbage-first heap   total 71680K, used 58142K [0x0000000083000000, 0x0000000100000000)
[2020-12-23T05:24:02.651-0400][gc,heap        ] GC(369895)   region size 1024K, 11 young (11264K), 1 survivors (1024K)
[2020-12-23T05:24:02.651-0400][gc,heap        ] GC(369895)  Metaspace       used 61015K, capacity 63733K, committed 64768K, reserved 1107968K
[2020-12-23T05:24:02.651-0400][gc,heap        ] GC(369895)   class space    used 5714K, capacity 6561K, committed 6912K, reserved 1048576K
[2020-12-23T05:24:02.651-0400][gc,start       ] GC(369895) Pause Young (Normal) (G1 Evacuation Pause)
[2020-12-23T05:24:02.651-0400][gc,task        ] GC(369895) Using 4 workers of 4 for evacuation
[2020-12-23T05:24:02.656-0400][gc,phases      ] GC(369895)   Pre Evacuate Collection Set: 0.0ms
[2020-12-23T05:24:02.656-0400][gc,phases      ] GC(369895)   Evacuate Collection Set: 3.3ms
[2020-12-23T05:24:02.656-0400][gc,phases      ] GC(369895)   Post Evacuate Collection Set: 1.5ms
[2020-12-23T05:24:02.657-0400][gc,phases      ] GC(369895)   Other: 0.9ms
[2020-12-23T05:24:02.657-0400][gc,heap        ] GC(369895) Eden regions: 10->0(10)
[2020-12-23T05:24:02.657-0400][gc,heap        ] GC(369895) Survivor regions: 1->1(2)
[2020-12-23T05:24:02.657-0400][gc,heap        ] GC(369895) Old regions: 46->46
[2020-12-23T05:24:02.657-0400][gc,heap        ] GC(369895) Humongous regions: 4->4
[2020-12-23T05:24:02.657-0400][gc,metaspace   ] GC(369895) Metaspace: 61015K->61015K(1107968K)
[2020-12-23T05:24:02.657-0400][gc,heap        ] GC(369895) Heap after GC invocations=369872 (full 10745): garbage-first heap   total 71680K, used 48844K [0x0000000083000000, 0x0000000100000000)
[2020-12-23T05:24:02.657-0400][gc,heap        ] GC(369895)   region size 1024K, 1 young (1024K), 1 survivors (1024K)
[2020-12-23T05:24:02.657-0400][gc,heap        ] GC(369895)  Metaspace       used 61015K, capacity 63733K, committed 64768K, reserved 1107968K
[2020-12-23T05:24:02.657-0400][gc,heap        ] GC(369895)   class space    used 5714K, capacity 6561K, committed 6912K, reserved 1048576K
[2020-12-23T05:24:02.657-0400][gc             ] GC(369895) Pause Young (Normal) (G1 Evacuation Pause) 57M->47M(70M) 6.130ms
[2020-12-23T05:24:02.657-0400][gc,cpu         ] GC(369895) User=0.02s Sys=0.00s Real=0.01s
[2020-12-23T05:24:33.898-0400][gc,heap        ] GC(369896) Heap before GC invocations=369872 (full 10745): garbage-first heap   total 71680K, used 58060K [0x0000000083000000, 0x0000000100000000)
[2020-12-23T05:24:33.898-0400][gc,heap        ] GC(369896)   region size 1024K, 11 young (11264K), 1 survivors (1024K)
[2020-12-23T05:24:33.898-0400][gc,heap        ] GC(369896)  Metaspace       used 61015K, capacity 63733K, committed 64768K, reserved 1107968K
[2020-12-23T05:24:33.898-0400][gc,heap        ] GC(369896)   class space    used 5714K, capacity 6561K, committed 6912K, reserved 1048576K
[2020-12-23T05:24:33.898-0400][gc,start       ] GC(369896) Pause Young (Normal) (G1 Evacuation Pause)
[2020-12-23T05:24:33.898-0400][gc,task        ] GC(369896) Using 4 workers of 4 for evacuation
[2020-12-23T05:24:33.905-0400][gc,phases      ] GC(369896)   Pre Evacuate Collection Set: 0.1ms
[2020-12-23T05:24:33.905-0400][gc,phases      ] GC(369896)   Evacuate Collection Set: 4.4ms
[2020-12-23T05:24:33.905-0400][gc,phases      ] GC(369896)   Post Evacuate Collection Set: 2.0ms
[2020-12-23T05:24:33.906-0400][gc,phases      ] GC(369896)   Other: 0.8ms
[2020-12-23T05:24:33.906-0400][gc,heap        ] GC(369896) Eden regions: 10->0(10)
[2020-12-23T05:24:33.906-0400][gc,heap        ] GC(369896) Survivor regions: 1->1(2)
[2020-12-23T05:24:33.906-0400][gc,heap        ] GC(369896) Old regions: 46->46
[2020-12-23T05:24:33.906-0400][gc,heap        ] GC(369896) Humongous regions: 4->4
[2020-12-23T05:24:33.906-0400][gc,metaspace   ] GC(369896) Metaspace: 61015K->61015K(1107968K)
[2020-12-23T05:24:33.906-0400][gc,heap        ] GC(369896) Heap after GC invocations=369873 (full 10745): garbage-first heap   total 71680K, used 48819K [0x0000000083000000, 0x0000000100000000)
[2020-12-23T05:24:33.906-0400][gc,heap        ] GC(369896)   region size 1024K, 1 young (1024K), 1 survivors (1024K)
[2020-12-23T05:24:33.906-0400][gc,heap        ] GC(369896)  Metaspace       used 61015K, capacity 63733K, committed 64768K, reserved 1107968K
[2020-12-23T05:24:33.906-0400][gc,heap        ] GC(369896)   class space    used 5714K, capacity 6561K, committed 6912K, reserved 1048576K
[2020-12-23T05:24:33.906-0400][gc             ] GC(369896) Pause Young (Normal) (G1 Evacuation Pause) 57M->47M(70M) 7.869ms
[2020-12-23T05:24:33.906-0400][gc,cpu         ] GC(369896) User=0.01s Sys=0.00s Real=0.01s
[2020-12-23T05:25:07.980-0400][gc,heap        ] GC(369897) Heap before GC invocations=369873 (full 10745): garbage-first heap   total 71680K, used 58035K [0x0000000083000000, 0x0000000100000000)
[2020-12-23T05:25:07.980-0400][gc,heap        ] GC(369897)   region size 1024K, 11 young (11264K), 1 survivors (1024K)
[2020-12-23T05:25:07.980-0400][gc,heap        ] GC(369897)  Metaspace       used 61015K, capacity 63733K, committed 64768K, reserved 1107968K
[2020-12-23T05:25:07.980-0400][gc,heap        ] GC(369897)   class space    used 5714K, capacity 6561K, committed 6912K, reserved 1048576K
[2020-12-23T05:25:07.980-0400][gc,start       ] GC(369897) Pause Young (Normal) (G1 Evacuation Pause)
[2020-12-23T05:25:07.980-0400][gc,task        ] GC(369897) Using 4 workers of 4 for evacuation
[2020-12-23T05:25:07.986-0400][gc,phases      ] GC(369897)   Pre Evacuate Collection Set: 0.0ms
[2020-12-23T05:25:07.986-0400][gc,phases      ] GC(369897)   Evacuate Collection Set: 3.3ms
[2020-12-23T05:25:07.986-0400][gc,phases      ] GC(369897)   Post Evacuate Collection Set: 1.6ms
[2020-12-23T05:25:07.986-0400][gc,phases      ] GC(369897)   Other: 0.9ms
[2020-12-23T05:25:07.986-0400][gc,heap        ] GC(369897) Eden regions: 10->0(10)
[2020-12-23T05:25:07.986-0400][gc,heap        ] GC(369897) Survivor regions: 1->1(2)
[2020-12-23T05:25:07.986-0400][gc,heap        ] GC(369897) Old regions: 46->46
[2020-12-23T05:25:07.986-0400][gc,heap        ] GC(369897) Humongous regions: 4->4
[2020-12-23T05:25:07.986-0400][gc,metaspace   ] GC(369897) Metaspace: 61015K->61015K(1107968K)
[2020-12-23T05:25:07.986-0400][gc,heap        ] GC(369897) Heap after GC invocations=369874 (full 10745): garbage-first heap   total 71680K, used 48959K [0x0000000083000000, 0x0000000100000000)
[2020-12-23T05:25:07.986-0400][gc,heap        ] GC(369897)   region size 1024K, 1 young (1024K), 1 survivors (1024K)
[2020-12-23T05:25:07.986-0400][gc,heap        ] GC(369897)  Metaspace       used 61015K, capacity 63733K, committed 64768K, reserved 1107968K
[2020-12-23T05:25:07.986-0400][gc,heap        ] GC(369897)   class space    used 5714K, capacity 6561K, committed 6912K, reserved 1048576K
[2020-12-23T05:25:07.987-0400][gc             ] GC(369897) Pause Young (Normal) (G1 Evacuation Pause) 57M->47M(70M) 6.242ms
[2020-12-23T05:25:07.987-0400][gc,cpu         ] GC(369897) User=0.00s Sys=0.01s Real=0.01s
[2020-12-23T05:25:31.275-0400][gc,heap        ] GC(369898) Heap before GC invocations=369874 (full 10745): garbage-first heap   total 71680K, used 58175K [0x0000000083000000, 0x0000000100000000)
[2020-12-23T05:25:31.275-0400][gc,heap        ] GC(369898)   region size 1024K, 11 young (11264K), 1 survivors (1024K)
[2020-12-23T05:25:31.275-0400][gc,heap        ] GC(369898)  Metaspace       used 61015K, capacity 63733K, committed 64768K, reserved 1107968K
[2020-12-23T05:25:31.275-0400][gc,heap        ] GC(369898)   class space    used 5714K, capacity 6561K, committed 6912K, reserved 1048576K
[2020-12-23T05:25:31.275-0400][gc,start       ] GC(369898) Pause Young (Normal) (G1 Evacuation Pause)
[2020-12-23T05:25:31.275-0400][gc,task        ] GC(369898) Using 4 workers of 4 for evacuation
[2020-12-23T05:25:31.281-0400][gc,phases      ] GC(369898)   Pre Evacuate Collection Set: 0.0ms
[2020-12-23T05:25:31.281-0400][gc,phases      ] GC(369898)   Evacuate Collection Set: 3.7ms
[2020-12-23T05:25:31.281-0400][gc,phases      ] GC(369898)   Post Evacuate Collection Set: 1.5ms
[2020-12-23T05:25:31.281-0400][gc,phases      ] GC(369898)   Other: 0.8ms
[2020-12-23T05:25:31.281-0400][gc,heap        ] GC(369898) Eden regions: 10->0(10)
[2020-12-23T05:25:31.281-0400][gc,heap        ] GC(369898) Survivor regions: 1->1(2)
[2020-12-23T05:25:31.281-0400][gc,heap        ] GC(369898) Old regions: 46->46
[2020-12-23T05:25:31.281-0400][gc,heap        ] GC(369898) Humongous regions: 4->4
[2020-12-23T05:25:31.281-0400][gc,metaspace   ] GC(369898) Metaspace: 61015K->61015K(1107968K)
[2020-12-23T05:25:31.281-0400][gc,heap        ] GC(369898) Heap after GC invocations=369875 (full 10745): garbage-first heap   total 71680K, used 48999K [0x0000000083000000, 0x0000000100000000)
[2020-12-23T05:25:31.281-0400][gc,heap        ] GC(369898)   region size 1024K, 1 young (1024K), 1 survivors (1024K)
[2020-12-23T05:25:31.282-0400][gc,heap        ] GC(369898)  Metaspace       used 61015K, capacity 63733K, committed 64768K, reserved 1107968K
[2020-12-23T05:25:31.282-0400][gc,heap        ] GC(369898)   class space    used 5714K, capacity 6561K, committed 6912K, reserved 1048576K
[2020-12-23T05:25:31.282-0400][gc             ] GC(369898) Pause Young (Normal) (G1 Evacuation Pause) 57M->47M(70M) 6.501ms
[2020-12-23T05:25:31.282-0400][gc,cpu         ] GC(369898) User=0.01s Sys=0.01s Real=0.01s
[2020-12-23T05:26:08.647-0400][gc,heap        ] GC(369899) Heap before GC invocations=369875 (full 10745): garbage-first heap   total 71680K, used 58215K [0x0000000083000000, 0x0000000100000000)
[2020-12-23T05:26:08.647-0400][gc,heap        ] GC(369899)   region size 1024K, 11 young (11264K), 1 survivors (1024K)
[2020-12-23T05:26:08.647-0400][gc,heap        ] GC(369899)  Metaspace       used 61015K, capacity 63733K, committed 64768K, reserved 1107968K
[2020-12-23T05:26:08.647-0400][gc,heap        ] GC(369899)   class space    used 5714K, capacity 6561K, committed 6912K, reserved 1048576K
[2020-12-23T05:26:08.647-0400][gc,start       ] GC(369899) Pause Young (Normal) (G1 Evacuation Pause)
[2020-12-23T05:26:08.647-0400][gc,task        ] GC(369899) Using 4 workers of 4 for evacuation
[2020-12-23T05:26:08.653-0400][gc,phases      ] GC(369899)   Pre Evacuate Collection Set: 0.0ms
[2020-12-23T05:26:08.653-0400][gc,phases      ] GC(369899)   Evacuate Collection Set: 4.2ms
[2020-12-23T05:26:08.654-0400][gc,phases      ] GC(369899)   Post Evacuate Collection Set: 1.7ms
[2020-12-23T05:26:08.654-0400][gc,phases      ] GC(369899)   Other: 0.9ms
[2020-12-23T05:26:08.654-0400][gc,heap        ] GC(369899) Eden regions: 10->0(10)
[2020-12-23T05:26:08.654-0400][gc,heap        ] GC(369899) Survivor regions: 1->1(2)
[2020-12-23T05:26:08.654-0400][gc,heap        ] GC(369899) Old regions: 46->46
[2020-12-23T05:26:08.654-0400][gc,heap        ] GC(369899) Humongous regions: 4->4
[2020-12-23T05:26:08.654-0400][gc,metaspace   ] GC(369899) Metaspace: 61015K->61015K(1107968K)
[2020-12-23T05:26:08.654-0400][gc,heap        ] GC(369899) Heap after GC invocations=369876 (full 10745): garbage-first heap   total 71680K, used 49058K [0x0000000083000000, 0x0000000100000000)
[2020-12-23T05:26:08.654-0400][gc,heap        ] GC(369899)   region size 1024K, 1 young (1024K), 1 survivors (1024K)
[2020-12-23T05:26:08.654-0400][gc,heap        ] GC(369899)  Metaspace       used 61015K, capacity 63733K, committed 64768K, reserved 1107968K
[2020-12-23T05:26:08.654-0400][gc,heap        ] GC(369899)   class space    used 5714K, capacity 6561K, committed 6912K, reserved 1048576K
[2020-12-23T05:26:08.654-0400][gc             ] GC(369899) Pause Young (Normal) (G1 Evacuation Pause) 57M->47M(70M) 7.232ms
[2020-12-23T05:26:08.654-0400][gc,cpu         ] GC(369899) User=0.01s Sys=0.02s Real=0.00s
[2020-12-23T05:26:25.553-0400][gc,heap        ] GC(369900) Heap before GC invocations=369876 (full 10745): garbage-first heap   total 71680K, used 58274K [0x0000000083000000, 0x0000000100000000)
[2020-12-23T05:26:25.553-0400][gc,heap        ] GC(369900)   region size 1024K, 11 young (11264K), 1 survivors (1024K)
[2020-12-23T05:26:25.553-0400][gc,heap        ] GC(369900)  Metaspace       used 61015K, capacity 63733K, committed 64768K, reserved 1107968K
[2020-12-23T05:26:25.553-0400][gc,heap        ] GC(369900)   class space    used 5714K, capacity 6561K, committed 6912K, reserved 1048576K
[2020-12-23T05:26:25.553-0400][gc,start       ] GC(369900) Pause Young (Normal) (G1 Evacuation Pause)
[2020-12-23T05:26:25.553-0400][gc,task        ] GC(369900) Using 4 workers of 4 for evacuation
[2020-12-23T05:26:25.559-0400][gc,phases      ] GC(369900)   Pre Evacuate Collection Set: 0.0ms
[2020-12-23T05:26:25.559-0400][gc,phases      ] GC(369900)   Evacuate Collection Set: 3.9ms
[2020-12-23T05:26:25.559-0400][gc,phases      ] GC(369900)   Post Evacuate Collection Set: 1.3ms
[2020-12-23T05:26:25.559-0400][gc,phases      ] GC(369900)   Other: 0.9ms
[2020-12-23T05:26:25.559-0400][gc,heap        ] GC(369900) Eden regions: 10->0(10)
[2020-12-23T05:26:25.559-0400][gc,heap        ] GC(369900) Survivor regions: 1->1(2)
[2020-12-23T05:26:25.560-0400][gc,heap        ] GC(369900) Old regions: 46->46
[2020-12-23T05:26:25.560-0400][gc,heap        ] GC(369900) Humongous regions: 4->4
[2020-12-23T05:26:25.560-0400][gc,metaspace   ] GC(369900) Metaspace: 61015K->61015K(1107968K)
[2020-12-23T05:26:25.560-0400][gc,heap        ] GC(369900) Heap after GC invocations=369877 (full 10745): garbage-first heap   total 71680K, used 49030K [0x0000000083000000, 0x0000000100000000)
[2020-12-23T05:26:25.560-0400][gc,heap        ] GC(369900)   region size 1024K, 1 young (1024K), 1 survivors (1024K)
[2020-12-23T05:26:25.560-0400][gc,heap        ] GC(369900)  Metaspace       used 61015K, capacity 63733K, committed 64768K, reserved 1107968K
[2020-12-23T05:26:25.560-0400][gc,heap        ] GC(369900)   class space    used 5714K, capacity 6561K, committed 6912K, reserved 1048576K
[2020-12-23T05:26:25.560-0400][gc             ] GC(369900) Pause Young (Normal) (G1 Evacuation Pause) 57M->47M(70M) 6.537ms
[2020-12-23T05:26:25.560-0400][gc,cpu         ] GC(369900) User=0.02s Sys=0.00s Real=0.01s
[2020-12-23T05:26:50.924-0400][gc,task        ] GC(369901) Using 3 workers of 4 for full compaction
[2020-12-23T05:26:50.924-0400][gc,start       ] GC(369901) Pause Full (System.gc())
[2020-12-23T05:26:50.924-0400][gc,heap        ] GC(369901) Heap before GC invocations=369877 (full 10745): garbage-first heap   total 71680K, used 53126K [0x0000000083000000, 0x0000000100000000)
[2020-12-23T05:26:50.924-0400][gc,heap        ] GC(369901)   region size 1024K, 7 young (7168K), 1 survivors (1024K)
[2020-12-23T05:26:50.924-0400][gc,heap        ] GC(369901)  Metaspace       used 61015K, capacity 63733K, committed 64768K, reserved 1107968K
[2020-12-23T05:26:50.924-0400][gc,heap        ] GC(369901)   class space    used 5714K, capacity 6561K, committed 6912K, reserved 1048576K
[2020-12-23T05:26:50.926-0400][gc,phases,start] GC(369901) Phase 1: Mark live objects
[2020-12-23T05:26:51.070-0400][gc,stringtable ] GC(369901) Cleaned string and symbol table, strings: 32200 processed, 0 removed, symbols: 131455 processed, 0 removed
[2020-12-23T05:26:51.070-0400][gc,phases      ] GC(369901) Phase 1: Mark live objects 143.796ms
[2020-12-23T05:26:51.070-0400][gc,phases,start] GC(369901) Phase 2: Prepare for compaction
[2020-12-23T05:26:51.100-0400][gc,phases      ] GC(369901) Phase 2: Prepare for compaction 29.877ms
[2020-12-23T05:26:51.100-0400][gc,phases,start] GC(369901) Phase 3: Adjust pointers
[2020-12-23T05:26:51.180-0400][gc,phases      ] GC(369901) Phase 3: Adjust pointers 79.954ms
[2020-12-23T05:26:51.180-0400][gc,phases,start] GC(369901) Phase 4: Compact heap
[2020-12-23T05:26:51.199-0400][gc,phases      ] GC(369901) Phase 4: Compact heap 18.898ms
[2020-12-23T05:26:51.234-0400][gc,heap        ] GC(369901) Eden regions: 6->0(11)
[2020-12-23T05:26:51.234-0400][gc,heap        ] GC(369901) Survivor regions: 1->0(2)
[2020-12-23T05:26:51.234-0400][gc,heap        ] GC(369901) Old regions: 46->45
[2020-12-23T05:26:51.234-0400][gc,heap        ] GC(369901) Humongous regions: 4->4
[2020-12-23T05:26:51.234-0400][gc,metaspace   ] GC(369901) Metaspace: 61015K->61015K(1107968K)
[2020-12-23T05:26:51.235-0400][gc,heap        ] GC(369901) Heap after GC invocations=369878 (full 10746): garbage-first heap   total 71680K, used 48567K [0x0000000083000000, 0x0000000100000000)
[2020-12-23T05:26:51.235-0400][gc,heap        ] GC(369901)   region size 1024K, 0 young (0K), 0 survivors (0K)
[2020-12-23T05:26:51.235-0400][gc,heap        ] GC(369901)  Metaspace       used 61015K, capacity 63733K, committed 64768K, reserved 1107968K
[2020-12-23T05:26:51.235-0400][gc,heap        ] GC(369901)   class space    used 5714K, capacity 6561K, committed 6912K, reserved 1048576K
[2020-12-23T05:26:51.235-0400][gc             ] GC(369901) Pause Full (System.gc()) 53M->47M(70M) 311.156ms
[2020-12-23T05:26:51.235-0400][gc,cpu         ] GC(369901) User=0.83s Sys=0.00s Real=0.31s
[2020-12-23T05:27:10.350-0400][gc,heap        ] GC(369902) Heap before GC invocations=369878 (full 10746): garbage-first heap   total 71680K, used 58807K [0x0000000083000000, 0x0000000100000000)
[2020-12-23T05:27:10.350-0400][gc,heap        ] GC(369902)   region size 1024K, 11 young (11264K), 0 survivors (0K)
[2020-12-23T05:27:10.350-0400][gc,heap        ] GC(369902)  Metaspace       used 61015K, capacity 63733K, committed 64768K, reserved 1107968K
[2020-12-23T05:27:10.350-0400][gc,heap        ] GC(369902)   class space    used 5714K, capacity 6561K, committed 6912K, reserved 1048576K
[2020-12-23T05:27:10.350-0400][gc,start       ] GC(369902) Pause Young (Normal) (G1 Evacuation Pause)
[2020-12-23T05:27:10.350-0400][gc,task        ] GC(369902) Using 4 workers of 4 for evacuation
[2020-12-23T05:27:10.355-0400][gc,phases      ] GC(369902)   Pre Evacuate Collection Set: 0.0ms
[2020-12-23T05:27:10.355-0400][gc,phases      ] GC(369902)   Evacuate Collection Set: 2.5ms
[2020-12-23T05:27:10.355-0400][gc,phases      ] GC(369902)   Post Evacuate Collection Set: 1.8ms
[2020-12-23T05:27:10.356-0400][gc,phases      ] GC(369902)   Other: 0.8ms
[2020-12-23T05:27:10.356-0400][gc,heap        ] GC(369902) Eden regions: 11->0(11)
[2020-12-23T05:27:10.356-0400][gc,heap        ] GC(369902) Survivor regions: 0->1(2)
[2020-12-23T05:27:10.356-0400][gc,heap        ] GC(369902) Old regions: 45->45
[2020-12-23T05:27:10.356-0400][gc,heap        ] GC(369902) Humongous regions: 4->4
[2020-12-23T05:27:10.356-0400][gc,metaspace   ] GC(369902) Metaspace: 61015K->61015K(1107968K)
[2020-12-23T05:27:10.356-0400][gc,heap        ] GC(369902) Heap after GC invocations=369879 (full 10746): garbage-first heap   total 71680K, used 48733K [0x0000000083000000, 0x0000000100000000)
[2020-12-23T05:27:10.356-0400][gc,heap        ] GC(369902)   region size 1024K, 1 young (1024K), 1 survivors (1024K)
[2020-12-23T05:27:10.356-0400][gc,heap        ] GC(369902)  Metaspace       used 61015K, capacity 63733K, committed 64768K, reserved 1107968K
[2020-12-23T05:27:10.356-0400][gc,heap        ] GC(369902)   class space    used 5714K, capacity 6561K, committed 6912K, reserved 1048576K
[2020-12-23T05:27:10.356-0400][gc             ] GC(369902) Pause Young (Normal) (G1 Evacuation Pause) 58M->47M(70M) 5.589ms
[2020-12-23T05:27:10.356-0400][gc,cpu         ] GC(369902) User=0.01s Sys=0.00s Real=0.01s
[2020-12-23T05:27:40.901-0400][gc,heap        ] GC(369903) Heap before GC invocations=369879 (full 10746): garbage-first heap   total 71680K, used 58973K [0x0000000083000000, 0x0000000100000000)
[2020-12-23T05:27:40.901-0400][gc,heap        ] GC(369903)   region size 1024K, 12 young (12288K), 1 survivors (1024K)
[2020-12-23T05:27:40.901-0400][gc,heap        ] GC(369903)  Metaspace       used 61015K, capacity 63733K, committed 64768K, reserved 1107968K
[2020-12-23T05:27:40.901-0400][gc,heap        ] GC(369903)   class space    used 5714K, capacity 6561K, committed 6912K, reserved 1048576K
[2020-12-23T05:27:40.902-0400][gc,start       ] GC(369903) Pause Young (Normal) (G1 Evacuation Pause)
[2020-12-23T05:27:40.902-0400][gc,task        ] GC(369903) Using 4 workers of 4 for evacuation
[2020-12-23T05:27:40.907-0400][gc,phases      ] GC(369903)   Pre Evacuate Collection Set: 0.0ms
[2020-12-23T05:27:40.907-0400][gc,phases      ] GC(369903)   Evacuate Collection Set: 3.0ms
[2020-12-23T05:27:40.907-0400][gc,phases      ] GC(369903)   Post Evacuate Collection Set: 1.6ms
[2020-12-23T05:27:40.907-0400][gc,phases      ] GC(369903)   Other: 0.9ms
[2020-12-23T05:27:40.907-0400][gc,heap        ] GC(369903) Eden regions: 11->0(11)
[2020-12-23T05:27:40.907-0400][gc,heap        ] GC(369903) Survivor regions: 1->1(2)
[2020-12-23T05:27:40.907-0400][gc,heap        ] GC(369903) Old regions: 45->45
[2020-12-23T05:27:40.907-0400][gc,heap        ] GC(369903) Humongous regions: 4->4
[2020-12-23T05:27:40.907-0400][gc,metaspace   ] GC(369903) Metaspace: 61015K->61015K(1107968K)
[2020-12-23T05:27:40.907-0400][gc,heap        ] GC(369903) Heap after GC invocations=369880 (full 10746): garbage-first heap   total 71680K, used 48810K [0x0000000083000000, 0x0000000100000000)
[2020-12-23T05:27:40.907-0400][gc,heap        ] GC(369903)   region size 1024K, 1 young (1024K), 1 survivors (1024K)
[2020-12-23T05:27:40.907-0400][gc,heap        ] GC(369903)  Metaspace       used 61015K, capacity 63733K, committed 64768K, reserved 1107968K
[2020-12-23T05:27:40.907-0400][gc,heap        ] GC(369903)   class space    used 5714K, capacity 6561K, committed 6912K, reserved 1048576K
[2020-12-23T05:27:40.908-0400][gc             ] GC(369903) Pause Young (Normal) (G1 Evacuation Pause) 58M->47M(70M) 5.986ms
[2020-12-23T05:27:40.908-0400][gc,cpu         ] GC(369903) User=0.01s Sys=0.00s Real=0.01s
[2020-12-23T05:28:22.973-0400][gc,heap        ] GC(369904) Heap before GC invocations=369880 (full 10746): garbage-first heap   total 71680K, used 59050K [0x0000000083000000, 0x0000000100000000)
[2020-12-23T05:28:22.973-0400][gc,heap        ] GC(369904)   region size 1024K, 12 young (12288K), 1 survivors (1024K)
[2020-12-23T05:28:22.973-0400][gc,heap        ] GC(369904)  Metaspace       used 61015K, capacity 63733K, committed 64768K, reserved 1107968K
[2020-12-23T05:28:22.973-0400][gc,heap        ] GC(369904)   class space    used 5714K, capacity 6561K, committed 6912K, reserved 1048576K
[2020-12-23T05:28:22.974-0400][gc,start       ] GC(369904) Pause Young (Normal) (G1 Evacuation Pause)
[2020-12-23T05:28:22.974-0400][gc,task        ] GC(369904) Using 4 workers of 4 for evacuation
[2020-12-23T05:28:22.979-0400][gc,phases      ] GC(369904)   Pre Evacuate Collection Set: 0.0ms
[2020-12-23T05:28:22.979-0400][gc,phases      ] GC(369904)   Evacuate Collection Set: 3.4ms
[2020-12-23T05:28:22.979-0400][gc,phases      ] GC(369904)   Post Evacuate Collection Set: 1.8ms
[2020-12-23T05:28:22.980-0400][gc,phases      ] GC(369904)   Other: 0.9ms
[2020-12-23T05:28:22.980-0400][gc,heap        ] GC(369904) Eden regions: 11->0(11)
[2020-12-23T05:28:22.980-0400][gc,heap        ] GC(369904) Survivor regions: 1->1(2)
[2020-12-23T05:28:22.980-0400][gc,heap        ] GC(369904) Old regions: 45->45
[2020-12-23T05:28:22.980-0400][gc,heap        ] GC(369904) Humongous regions: 4->4
[2020-12-23T05:28:22.980-0400][gc,metaspace   ] GC(369904) Metaspace: 61015K->61015K(1107968K)
[2020-12-23T05:28:22.980-0400][gc,heap        ] GC(369904) Heap after GC invocations=369881 (full 10746): garbage-first heap   total 71680K, used 48941K [0x0000000083000000, 0x0000000100000000)
[2020-12-23T05:28:22.980-0400][gc,heap        ] GC(369904)   region size 1024K, 1 young (1024K), 1 survivors (1024K)
[2020-12-23T05:28:22.980-0400][gc,heap        ] GC(369904)  Metaspace       used 61015K, capacity 63733K, committed 64768K, reserved 1107968K
[2020-12-23T05:28:22.980-0400][gc,heap        ] GC(369904)   class space    used 5714K, capacity 6561K, committed 6912K, reserved 1048576K
[2020-12-23T05:28:22.980-0400][gc             ] GC(369904) Pause Young (Normal) (G1 Evacuation Pause) 58M->47M(70M) 6.529ms
[2020-12-23T05:28:22.980-0400][gc,cpu         ] GC(369904) User=0.01s Sys=0.01s Real=0.01s
[2020-12-23T05:29:00.476-0400][gc,heap        ] GC(369905) Heap before GC invocations=369881 (full 10746): garbage-first heap   total 71680K, used 59181K [0x0000000083000000, 0x0000000100000000)
[2020-12-23T05:29:00.477-0400][gc,heap        ] GC(369905)   region size 1024K, 12 young (12288K), 1 survivors (1024K)
[2020-12-23T05:29:00.477-0400][gc,heap        ] GC(369905)  Metaspace       used 61015K, capacity 63733K, committed 64768K, reserved 1107968K
[2020-12-23T05:29:00.477-0400][gc,heap        ] GC(369905)   class space    used 5714K, capacity 6561K, committed 6912K, reserved 1048576K
[2020-12-23T05:29:00.477-0400][gc,start       ] GC(369905) Pause Young (Normal) (G1 Evacuation Pause)
[2020-12-23T05:29:00.477-0400][gc,task        ] GC(369905) Using 4 workers of 4 for evacuation
[2020-12-23T05:29:00.482-0400][gc,phases      ] GC(369905)   Pre Evacuate Collection Set: 0.0ms
[2020-12-23T05:29:00.482-0400][gc,phases      ] GC(369905)   Evacuate Collection Set: 3.3ms
[2020-12-23T05:29:00.482-0400][gc,phases      ] GC(369905)   Post Evacuate Collection Set: 1.6ms
[2020-12-23T05:29:00.483-0400][gc,phases      ] GC(369905)   Other: 0.9ms
[2020-12-23T05:29:00.483-0400][gc,heap        ] GC(369905) Eden regions: 11->0(11)
[2020-12-23T05:29:00.483-0400][gc,heap        ] GC(369905) Survivor regions: 1->1(2)
[2020-12-23T05:29:00.483-0400][gc,heap        ] GC(369905) Old regions: 45->45
[2020-12-23T05:29:00.483-0400][gc,heap        ] GC(369905) Humongous regions: 4->4
[2020-12-23T05:29:00.483-0400][gc,metaspace   ] GC(369905) Metaspace: 61015K->61015K(1107968K)
[2020-12-23T05:29:00.483-0400][gc,heap        ] GC(369905) Heap after GC invocations=369882 (full 10746): garbage-first heap   total 71680K, used 48960K [0x0000000083000000, 0x0000000100000000)
[2020-12-23T05:29:00.483-0400][gc,heap        ] GC(369905)   region size 1024K, 1 young (1024K), 1 survivors (1024K)
[2020-12-23T05:29:00.483-0400][gc,heap        ] GC(369905)  Metaspace       used 61015K, capacity 63733K, committed 64768K, reserved 1107968K
[2020-12-23T05:29:00.483-0400][gc,heap        ] GC(369905)   class space    used 5714K, capacity 6561K, committed 6912K, reserved 1048576K
[2020-12-23T05:29:00.483-0400][gc             ] GC(369905) Pause Young (Normal) (G1 Evacuation Pause) 58M->47M(70M) 6.199ms
[2020-12-23T05:29:00.483-0400][gc,cpu         ] GC(369905) User=0.01s Sys=0.00s Real=0.00s
[2020-12-23T05:29:33.893-0400][gc,heap        ] GC(369906) Heap before GC invocations=369882 (full 10746): garbage-first heap   total 71680K, used 59200K [0x0000000083000000, 0x0000000100000000)
[2020-12-23T05:29:33.893-0400][gc,heap        ] GC(369906)   region size 1024K, 12 young (12288K), 1 survivors (1024K)
[2020-12-23T05:29:33.893-0400][gc,heap        ] GC(369906)  Metaspace       used 61015K, capacity 63733K, committed 64768K, reserved 1107968K
[2020-12-23T05:29:33.893-0400][gc,heap        ] GC(369906)   class space    used 5714K, capacity 6561K, committed 6912K, reserved 1048576K
[2020-12-23T05:29:33.893-0400][gc,start       ] GC(369906) Pause Young (Normal) (G1 Evacuation Pause)
[2020-12-23T05:29:33.893-0400][gc,task        ] GC(369906) Using 4 workers of 4 for evacuation
[2020-12-23T05:29:33.899-0400][gc,phases      ] GC(369906)   Pre Evacuate Collection Set: 0.1ms
[2020-12-23T05:29:33.899-0400][gc,phases      ] GC(369906)   Evacuate Collection Set: 3.3ms
[2020-12-23T05:29:33.899-0400][gc,phases      ] GC(369906)   Post Evacuate Collection Set: 1.6ms
[2020-12-23T05:29:33.899-0400][gc,phases      ] GC(369906)   Other: 0.9ms
[2020-12-23T05:29:33.899-0400][gc,heap        ] GC(369906) Eden regions: 11->0(11)
[2020-12-23T05:29:33.899-0400][gc,heap        ] GC(369906) Survivor regions: 1->1(2)
[2020-12-23T05:29:33.899-0400][gc,heap        ] GC(369906) Old regions: 45->45
[2020-12-23T05:29:33.899-0400][gc,heap        ] GC(369906) Humongous regions: 4->4
[2020-12-23T05:29:33.899-0400][gc,metaspace   ] GC(369906) Metaspace: 61015K->61015K(1107968K)
[2020-12-23T05:29:33.899-0400][gc,heap        ] GC(369906) Heap after GC invocations=369883 (full 10746): garbage-first heap   total 71680K, used 48994K [0x0000000083000000, 0x0000000100000000)
[2020-12-23T05:29:33.899-0400][gc,heap        ] GC(369906)   region size 1024K, 1 young (1024K), 1 survivors (1024K)
[2020-12-23T05:29:33.899-0400][gc,heap        ] GC(369906)  Metaspace       used 61015K, capacity 63733K, committed 64768K, reserved 1107968K
[2020-12-23T05:29:33.899-0400][gc,heap        ] GC(369906)   class space    used 5714K, capacity 6561K, committed 6912K, reserved 1048576K
[2020-12-23T05:29:33.900-0400][gc             ] GC(369906) Pause Young (Normal) (G1 Evacuation Pause) 58M->47M(70M) 6.292ms
[2020-12-23T05:29:33.900-0400][gc,cpu         ] GC(369906) User=0.01s Sys=0.01s Real=0.01s
[2020-12-23T05:30:00.974-0400][gc,heap        ] GC(369907) Heap before GC invocations=369883 (full 10746): garbage-first heap   total 71680K, used 59234K [0x0000000083000000, 0x0000000100000000)
[2020-12-23T05:30:00.974-0400][gc,heap        ] GC(369907)   region size 1024K, 12 young (12288K), 1 survivors (1024K)
[2020-12-23T05:30:00.974-0400][gc,heap        ] GC(369907)  Metaspace       used 61015K, capacity 63733K, committed 64768K, reserved 1107968K
[2020-12-23T05:30:00.974-0400][gc,heap        ] GC(369907)   class space    used 5714K, capacity 6561K, committed 6912K, reserved 1048576K
[2020-12-23T05:30:00.974-0400][gc,start       ] GC(369907) Pause Young (Normal) (G1 Evacuation Pause)
[2020-12-23T05:30:00.974-0400][gc,task        ] GC(369907) Using 4 workers of 4 for evacuation
[2020-12-23T05:30:00.980-0400][gc,phases      ] GC(369907)   Pre Evacuate Collection Set: 0.0ms
[2020-12-23T05:30:00.980-0400][gc,phases      ] GC(369907)   Evacuate Collection Set: 3.6ms
[2020-12-23T05:30:00.980-0400][gc,phases      ] GC(369907)   Post Evacuate Collection Set: 1.4ms
[2020-12-23T05:30:00.980-0400][gc,phases      ] GC(369907)   Other: 0.9ms
[2020-12-23T05:30:00.980-0400][gc,heap        ] GC(369907) Eden regions: 11->0(11)
[2020-12-23T05:30:00.980-0400][gc,heap        ] GC(369907) Survivor regions: 1->1(2)
[2020-12-23T05:30:00.980-0400][gc,heap        ] GC(369907) Old regions: 45->45
[2020-12-23T05:30:00.980-0400][gc,heap        ] GC(369907) Humongous regions: 4->4
[2020-12-23T05:30:00.980-0400][gc,metaspace   ] GC(369907) Metaspace: 61015K->61015K(1107968K)
[2020-12-23T05:30:00.980-0400][gc,heap        ] GC(369907) Heap after GC invocations=369884 (full 10746): garbage-first heap   total 71680K, used 48958K [0x0000000083000000, 0x0000000100000000)
[2020-12-23T05:30:00.980-0400][gc,heap        ] GC(369907)   region size 1024K, 1 young (1024K), 1 survivors (1024K)
[2020-12-23T05:30:00.980-0400][gc,heap        ] GC(369907)  Metaspace       used 61015K, capacity 63733K, committed 64768K, reserved 1107968K
[2020-12-23T05:30:00.980-0400][gc,heap        ] GC(369907)   class space    used 5714K, capacity 6561K, committed 6912K, reserved 1048576K
[2020-12-23T05:30:00.980-0400][gc             ] GC(369907) Pause Young (Normal) (G1 Evacuation Pause) 58M->47M(70M) 6.316ms
[2020-12-23T05:30:00.981-0400][gc,cpu         ] GC(369907) User=0.01s Sys=0.01s Real=0.01s
[2020-12-23T05:30:24.513-0400][gc,heap        ] GC(369908) Heap before GC invocations=369884 (full 10746): garbage-first heap   total 71680K, used 59198K [0x0000000083000000, 0x0000000100000000)
[2020-12-23T05:30:24.513-0400][gc,heap        ] GC(369908)   region size 1024K, 12 young (12288K), 1 survivors (1024K)
[2020-12-23T05:30:24.513-0400][gc,heap        ] GC(369908)  Metaspace       used 61015K, capacity 63733K, committed 64768K, reserved 1107968K
[2020-12-23T05:30:24.514-0400][gc,heap        ] GC(369908)   class space    used 5714K, capacity 6561K, committed 6912K, reserved 1048576K
[2020-12-23T05:30:24.514-0400][gc,start       ] GC(369908) Pause Young (Normal) (G1 Evacuation Pause)
[2020-12-23T05:30:24.514-0400][gc,task        ] GC(369908) Using 4 workers of 4 for evacuation
[2020-12-23T05:30:24.519-0400][gc,phases      ] GC(369908)   Pre Evacuate Collection Set: 0.0ms
[2020-12-23T05:30:24.520-0400][gc,phases      ] GC(369908)   Evacuate Collection Set: 3.2ms
[2020-12-23T05:30:24.520-0400][gc,phases      ] GC(369908)   Post Evacuate Collection Set: 1.9ms
[2020-12-23T05:30:24.520-0400][gc,phases      ] GC(369908)   Other: 1.1ms
[2020-12-23T05:30:24.520-0400][gc,heap        ] GC(369908) Eden regions: 11->0(11)
[2020-12-23T05:30:24.520-0400][gc,heap        ] GC(369908) Survivor regions: 1->1(2)
[2020-12-23T05:30:24.520-0400][gc,heap        ] GC(369908) Old regions: 45->45
[2020-12-23T05:30:24.520-0400][gc,heap        ] GC(369908) Humongous regions: 4->4
[2020-12-23T05:30:24.520-0400][gc,metaspace   ] GC(369908) Metaspace: 61015K->61015K(1107968K)
[2020-12-23T05:30:24.520-0400][gc,heap        ] GC(369908) Heap after GC invocations=369885 (full 10746): garbage-first heap   total 71680K, used 48951K [0x0000000083000000, 0x0000000100000000)
[2020-12-23T05:30:24.520-0400][gc,heap        ] GC(369908)   region size 1024K, 1 young (1024K), 1 survivors (1024K)
[2020-12-23T05:30:24.520-0400][gc,heap        ] GC(369908)  Metaspace       used 61015K, capacity 63733K, committed 64768K, reserved 1107968K
[2020-12-23T05:30:24.520-0400][gc,heap        ] GC(369908)   class space    used 5714K, capacity 6561K, committed 6912K, reserved 1048576K
[2020-12-23T05:30:24.520-0400][gc             ] GC(369908) Pause Young (Normal) (G1 Evacuation Pause) 58M->47M(70M) 6.520ms
[2020-12-23T05:30:24.520-0400][gc,cpu         ] GC(369908) User=0.02s Sys=0.00s Real=0.01s
[2020-12-23T05:31:01.658-0400][gc,heap        ] GC(369909) Heap before GC invocations=369885 (full 10746): garbage-first heap   total 71680K, used 59191K [0x0000000083000000, 0x0000000100000000)
[2020-12-23T05:31:01.658-0400][gc,heap        ] GC(369909)   region size 1024K, 12 young (12288K), 1 survivors (1024K)
[2020-12-23T05:31:01.658-0400][gc,heap        ] GC(369909)  Metaspace       used 61015K, capacity 63733K, committed 64768K, reserved 1107968K
[2020-12-23T05:31:01.658-0400][gc,heap        ] GC(369909)   class space    used 5714K, capacity 6561K, committed 6912K, reserved 1048576K
[2020-12-23T05:31:01.658-0400][gc,start       ] GC(369909) Pause Young (Normal) (G1 Evacuation Pause)
[2020-12-23T05:31:01.658-0400][gc,task        ] GC(369909) Using 4 workers of 4 for evacuation
[2020-12-23T05:31:01.664-0400][gc,phases      ] GC(369909)   Pre Evacuate Collection Set: 0.0ms
[2020-12-23T05:31:01.664-0400][gc,phases      ] GC(369909)   Evacuate Collection Set: 3.7ms
[2020-12-23T05:31:01.664-0400][gc,phases      ] GC(369909)   Post Evacuate Collection Set: 1.6ms
[2020-12-23T05:31:01.664-0400][gc,phases      ] GC(369909)   Other: 0.9ms
[2020-12-23T05:31:01.664-0400][gc,heap        ] GC(369909) Eden regions: 11->0(11)
[2020-12-23T05:31:01.664-0400][gc,heap        ] GC(369909) Survivor regions: 1->1(2)
[2020-12-23T05:31:01.664-0400][gc,heap        ] GC(369909) Old regions: 45->45
[2020-12-23T05:31:01.664-0400][gc,heap        ] GC(369909) Humongous regions: 4->4
[2020-12-23T05:31:01.664-0400][gc,metaspace   ] GC(369909) Metaspace: 61015K->61015K(1107968K)
[2020-12-23T05:31:01.664-0400][gc,heap        ] GC(369909) Heap after GC invocations=369886 (full 10746): garbage-first heap   total 71680K, used 49096K [0x0000000083000000, 0x0000000100000000)
[2020-12-23T05:31:01.664-0400][gc,heap        ] GC(369909)   region size 1024K, 1 young (1024K), 1 survivors (1024K)
[2020-12-23T05:31:01.665-0400][gc,heap        ] GC(369909)  Metaspace       used 61015K, capacity 63733K, committed 64768K, reserved 1107968K
[2020-12-23T05:31:01.665-0400][gc,heap        ] GC(369909)   class space    used 5714K, capacity 6561K, committed 6912K, reserved 1048576K
[2020-12-23T05:31:01.665-0400][gc             ] GC(369909) Pause Young (Normal) (G1 Evacuation Pause) 58M->47M(70M) 6.605ms
[2020-12-23T05:31:01.665-0400][gc,cpu         ] GC(369909) User=0.01s Sys=0.01s Real=0.00s
[2020-12-23T05:31:42.497-0400][gc,heap        ] GC(369910) Heap before GC invocations=369886 (full 10746): garbage-first heap   total 71680K, used 59336K [0x0000000083000000, 0x0000000100000000)
[2020-12-23T05:31:42.497-0400][gc,heap        ] GC(369910)   region size 1024K, 12 young (12288K), 1 survivors (1024K)
[2020-12-23T05:31:42.497-0400][gc,heap        ] GC(369910)  Metaspace       used 61015K, capacity 63733K, committed 64768K, reserved 1107968K
[2020-12-23T05:31:42.497-0400][gc,heap        ] GC(369910)   class space    used 5714K, capacity 6561K, committed 6912K, reserved 1048576K
[2020-12-23T05:31:42.497-0400][gc,start       ] GC(369910) Pause Young (Normal) (G1 Evacuation Pause)
[2020-12-23T05:31:42.497-0400][gc,task        ] GC(369910) Using 4 workers of 4 for evacuation
[2020-12-23T05:31:42.503-0400][gc,phases      ] GC(369910)   Pre Evacuate Collection Set: 0.0ms
[2020-12-23T05:31:42.503-0400][gc,phases      ] GC(369910)   Evacuate Collection Set: 3.5ms
[2020-12-23T05:31:42.503-0400][gc,phases      ] GC(369910)   Post Evacuate Collection Set: 1.6ms
[2020-12-23T05:31:42.503-0400][gc,phases      ] GC(369910)   Other: 0.9ms
[2020-12-23T05:31:42.504-0400][gc,heap        ] GC(369910) Eden regions: 11->0(11)
[2020-12-23T05:31:42.504-0400][gc,heap        ] GC(369910) Survivor regions: 1->1(2)
[2020-12-23T05:31:42.504-0400][gc,heap        ] GC(369910) Old regions: 45->45
[2020-12-23T05:31:42.504-0400][gc,heap        ] GC(369910) Humongous regions: 4->4
[2020-12-23T05:31:42.504-0400][gc,metaspace   ] GC(369910) Metaspace: 61015K->61015K(1107968K)
[2020-12-23T05:31:42.504-0400][gc,heap        ] GC(369910) Heap after GC invocations=369887 (full 10746): garbage-first heap   total 71680K, used 49131K [0x0000000083000000, 0x0000000100000000)
[2020-12-23T05:31:42.504-0400][gc,heap        ] GC(369910)   region size 1024K, 1 young (1024K), 1 survivors (1024K)
[2020-12-23T05:31:42.504-0400][gc,heap        ] GC(369910)  Metaspace       used 61015K, capacity 63733K, committed 64768K, reserved 1107968K
[2020-12-23T05:31:42.504-0400][gc,heap        ] GC(369910)   class space    used 5714K, capacity 6561K, committed 6912K, reserved 1048576K
[2020-12-23T05:31:42.504-0400][gc             ] GC(369910) Pause Young (Normal) (G1 Evacuation Pause) 58M->47M(70M) 6.558ms
[2020-12-23T05:31:42.504-0400][gc,cpu         ] GC(369910) User=0.01s Sys=0.00s Real=0.00s
[2020-12-23T05:31:50.924-0400][gc,task        ] GC(369911) Using 3 workers of 4 for full compaction
[2020-12-23T05:31:50.924-0400][gc,start       ] GC(369911) Pause Full (System.gc())
[2020-12-23T05:31:50.924-0400][gc,heap        ] GC(369911) Heap before GC invocations=369887 (full 10746): garbage-first heap   total 71680K, used 50155K [0x0000000083000000, 0x0000000100000000)
[2020-12-23T05:31:50.924-0400][gc,heap        ] GC(369911)   region size 1024K, 3 young (3072K), 1 survivors (1024K)
[2020-12-23T05:31:50.924-0400][gc,heap        ] GC(369911)  Metaspace       used 61015K, capacity 63733K, committed 64768K, reserved 1107968K
[2020-12-23T05:31:50.925-0400][gc,heap        ] GC(369911)   class space    used 5714K, capacity 6561K, committed 6912K, reserved 1048576K
[2020-12-23T05:31:50.927-0400][gc,phases,start] GC(369911) Phase 1: Mark live objects
[2020-12-23T05:31:51.070-0400][gc,stringtable ] GC(369911) Cleaned string and symbol table, strings: 32200 processed, 0 removed, symbols: 131455 processed, 0 removed
[2020-12-23T05:31:51.070-0400][gc,phases      ] GC(369911) Phase 1: Mark live objects 143.422ms
[2020-12-23T05:31:51.070-0400][gc,phases,start] GC(369911) Phase 2: Prepare for compaction
[2020-12-23T05:31:51.100-0400][gc,phases      ] GC(369911) Phase 2: Prepare for compaction 29.748ms
[2020-12-23T05:31:51.100-0400][gc,phases,start] GC(369911) Phase 3: Adjust pointers
[2020-12-23T05:31:51.179-0400][gc,phases      ] GC(369911) Phase 3: Adjust pointers 78.725ms
[2020-12-23T05:31:51.179-0400][gc,phases,start] GC(369911) Phase 4: Compact heap
[2020-12-23T05:31:51.201-0400][gc,phases      ] GC(369911) Phase 4: Compact heap 21.537ms
[2020-12-23T05:31:51.236-0400][gc,heap        ] GC(369911) Eden regions: 2->0(12)
[2020-12-23T05:31:51.236-0400][gc,heap        ] GC(369911) Survivor regions: 1->0(2)
[2020-12-23T05:31:51.236-0400][gc,heap        ] GC(369911) Old regions: 45->45
[2020-12-23T05:31:51.236-0400][gc,heap        ] GC(369911) Humongous regions: 4->4
[2020-12-23T05:31:51.236-0400][gc,metaspace   ] GC(369911) Metaspace: 61015K->61015K(1107968K)
[2020-12-23T05:31:51.236-0400][gc,heap        ] GC(369911) Heap after GC invocations=369888 (full 10747): garbage-first heap   total 71680K, used 48499K [0x0000000083000000, 0x0000000100000000)
[2020-12-23T05:31:51.236-0400][gc,heap        ] GC(369911)   region size 1024K, 0 young (0K), 0 survivors (0K)
[2020-12-23T05:31:51.236-0400][gc,heap        ] GC(369911)  Metaspace       used 61015K, capacity 63733K, committed 64768K, reserved 1107968K
[2020-12-23T05:31:51.236-0400][gc,heap        ] GC(369911)   class space    used 5714K, capacity 6561K, committed 6912K, reserved 1048576K
[2020-12-23T05:31:51.236-0400][gc             ] GC(369911) Pause Full (System.gc()) 49M->47M(70M) 311.856ms
[2020-12-23T05:31:51.236-0400][gc,cpu         ] GC(369911) User=0.83s Sys=0.00s Real=0.32s
[2020-12-23T05:32:24.354-0400][gc,heap        ] GC(369912) Heap before GC invocations=369888 (full 10747): garbage-first heap   total 71680K, used 59763K [0x0000000083000000, 0x0000000100000000)
[2020-12-23T05:32:24.354-0400][gc,heap        ] GC(369912)   region size 1024K, 12 young (12288K), 0 survivors (0K)
[2020-12-23T05:32:24.354-0400][gc,heap        ] GC(369912)  Metaspace       used 61015K, capacity 63733K, committed 64768K, reserved 1107968K
[2020-12-23T05:32:24.354-0400][gc,heap        ] GC(369912)   class space    used 5714K, capacity 6561K, committed 6912K, reserved 1048576K
[2020-12-23T05:32:24.354-0400][gc,start       ] GC(369912) Pause Young (Normal) (G1 Evacuation Pause)
[2020-12-23T05:32:24.354-0400][gc,task        ] GC(369912) Using 4 workers of 4 for evacuation
[2020-12-23T05:32:24.360-0400][gc,phases      ] GC(369912)   Pre Evacuate Collection Set: 0.0ms
[2020-12-23T05:32:24.360-0400][gc,phases      ] GC(369912)   Evacuate Collection Set: 3.2ms
[2020-12-23T05:32:24.360-0400][gc,phases      ] GC(369912)   Post Evacuate Collection Set: 2.2ms
[2020-12-23T05:32:24.360-0400][gc,phases      ] GC(369912)   Other: 0.9ms
[2020-12-23T05:32:24.360-0400][gc,heap        ] GC(369912) Eden regions: 12->0(11)
[2020-12-23T05:32:24.360-0400][gc,heap        ] GC(369912) Survivor regions: 0->1(2)
[2020-12-23T05:32:24.360-0400][gc,heap        ] GC(369912) Old regions: 45->45
[2020-12-23T05:32:24.360-0400][gc,heap        ] GC(369912) Humongous regions: 4->4
[2020-12-23T05:32:24.360-0400][gc,metaspace   ] GC(369912) Metaspace: 61015K->61015K(1107968K)
[2020-12-23T05:32:24.360-0400][gc,heap        ] GC(369912) Heap after GC invocations=369889 (full 10747): garbage-first heap   total 71680K, used 48831K [0x0000000083000000, 0x0000000100000000)
[2020-12-23T05:32:24.360-0400][gc,heap        ] GC(369912)   region size 1024K, 1 young (1024K), 1 survivors (1024K)
[2020-12-23T05:32:24.360-0400][gc,heap        ] GC(369912)  Metaspace       used 61015K, capacity 63733K, committed 64768K, reserved 1107968K
[2020-12-23T05:32:24.360-0400][gc,heap        ] GC(369912)   class space    used 5714K, capacity 6561K, committed 6912K, reserved 1048576K
[2020-12-23T05:32:24.361-0400][gc             ] GC(369912) Pause Young (Normal) (G1 Evacuation Pause) 59M->47M(70M) 6.600ms
[2020-12-23T05:32:24.361-0400][gc,cpu         ] GC(369912) User=0.01s Sys=0.01s Real=0.01s
[2020-12-23T05:32:58.472-0400][gc,heap        ] GC(369913) Heap before GC invocations=369889 (full 10747): garbage-first heap   total 71680K, used 59071K [0x0000000083000000, 0x0000000100000000)
[2020-12-23T05:32:58.472-0400][gc,heap        ] GC(369913)   region size 1024K, 12 young (12288K), 1 survivors (1024K)
[2020-12-23T05:32:58.472-0400][gc,heap        ] GC(369913)  Metaspace       used 61015K, capacity 63733K, committed 64768K, reserved 1107968K
[2020-12-23T05:32:58.472-0400][gc,heap        ] GC(369913)   class space    used 5714K, capacity 6561K, committed 6912K, reserved 1048576K
[2020-12-23T05:32:58.472-0400][gc,start       ] GC(369913) Pause Young (Normal) (G1 Evacuation Pause)
[2020-12-23T05:32:58.473-0400][gc,task        ] GC(369913) Using 4 workers of 4 for evacuation
[2020-12-23T05:32:58.478-0400][gc,phases      ] GC(369913)   Pre Evacuate Collection Set: 0.0ms
[2020-12-23T05:32:58.478-0400][gc,phases      ] GC(369913)   Evacuate Collection Set: 3.5ms
[2020-12-23T05:32:58.478-0400][gc,phases      ] GC(369913)   Post Evacuate Collection Set: 1.5ms
[2020-12-23T05:32:58.478-0400][gc,phases      ] GC(369913)   Other: 0.9ms
[2020-12-23T05:32:58.478-0400][gc,heap        ] GC(369913) Eden regions: 11->0(11)
[2020-12-23T05:32:58.478-0400][gc,heap        ] GC(369913) Survivor regions: 1->1(2)
[2020-12-23T05:32:58.479-0400][gc,heap        ] GC(369913) Old regions: 45->45
[2020-12-23T05:32:58.479-0400][gc,heap        ] GC(369913) Humongous regions: 4->4
[2020-12-23T05:32:58.479-0400][gc,metaspace   ] GC(369913) Metaspace: 61015K->61015K(1107968K)
[2020-12-23T05:32:58.479-0400][gc,heap        ] GC(369913) Heap after GC invocations=369890 (full 10747): garbage-first heap   total 71680K, used 48874K [0x0000000083000000, 0x0000000100000000)
[2020-12-23T05:32:58.479-0400][gc,heap        ] GC(369913)   region size 1024K, 1 young (1024K), 1 survivors (1024K)
[2020-12-23T05:32:58.479-0400][gc,heap        ] GC(369913)  Metaspace       used 61015K, capacity 63733K, committed 64768K, reserved 1107968K
[2020-12-23T05:32:58.479-0400][gc,heap        ] GC(369913)   class space    used 5714K, capacity 6561K, committed 6912K, reserved 1048576K
[2020-12-23T05:32:58.479-0400][gc             ] GC(369913) Pause Young (Normal) (G1 Evacuation Pause) 58M->47M(70M) 6.526ms
[2020-12-23T05:32:58.479-0400][gc,cpu         ] GC(369913) User=0.00s Sys=0.00s Real=0.01s
[2020-12-23T05:33:31.645-0400][gc,heap        ] GC(369914) Heap before GC invocations=369890 (full 10747): garbage-first heap   total 71680K, used 59114K [0x0000000083000000, 0x0000000100000000)
[2020-12-23T05:33:31.645-0400][gc,heap        ] GC(369914)   region size 1024K, 12 young (12288K), 1 survivors (1024K)
[2020-12-23T05:33:31.645-0400][gc,heap        ] GC(369914)  Metaspace       used 61015K, capacity 63733K, committed 64768K, reserved 1107968K
[2020-12-23T05:33:31.645-0400][gc,heap        ] GC(369914)   class space    used 5714K, capacity 6561K, committed 6912K, reserved 1048576K
[2020-12-23T05:33:31.645-0400][gc,start       ] GC(369914) Pause Young (Normal) (G1 Evacuation Pause)
[2020-12-23T05:33:31.645-0400][gc,task        ] GC(369914) Using 4 workers of 4 for evacuation
[2020-12-23T05:33:31.651-0400][gc,phases      ] GC(369914)   Pre Evacuate Collection Set: 0.0ms
[2020-12-23T05:33:31.652-0400][gc,phases      ] GC(369914)   Evacuate Collection Set: 3.5ms
[2020-12-23T05:33:31.652-0400][gc,phases      ] GC(369914)   Post Evacuate Collection Set: 2.1ms
[2020-12-23T05:33:31.652-0400][gc,phases      ] GC(369914)   Other: 0.9ms
[2020-12-23T05:33:31.652-0400][gc,heap        ] GC(369914) Eden regions: 11->0(11)
[2020-12-23T05:33:31.652-0400][gc,heap        ] GC(369914) Survivor regions: 1->1(2)
[2020-12-23T05:33:31.652-0400][gc,heap        ] GC(369914) Old regions: 45->45
[2020-12-23T05:33:31.652-0400][gc,heap        ] GC(369914) Humongous regions: 4->4
[2020-12-23T05:33:31.652-0400][gc,metaspace   ] GC(369914) Metaspace: 61015K->61015K(1107968K)
[2020-12-23T05:33:31.652-0400][gc,heap        ] GC(369914) Heap after GC invocations=369891 (full 10747): garbage-first heap   total 71680K, used 49001K [0x0000000083000000, 0x0000000100000000)
[2020-12-23T05:33:31.652-0400][gc,heap        ] GC(369914)   region size 1024K, 1 young (1024K), 1 survivors (1024K)
[2020-12-23T05:33:31.652-0400][gc,heap        ] GC(369914)  Metaspace       used 61015K, capacity 63733K, committed 64768K, reserved 1107968K
[2020-12-23T05:33:31.652-0400][gc,heap        ] GC(369914)   class space    used 5714K, capacity 6561K, committed 6912K, reserved 1048576K
[2020-12-23T05:33:31.652-0400][gc             ] GC(369914) Pause Young (Normal) (G1 Evacuation Pause) 58M->47M(70M) 6.919ms
[2020-12-23T05:33:31.652-0400][gc,cpu         ] GC(369914) User=0.01s Sys=0.01s Real=0.01s
[2020-12-23T05:34:03.528-0400][gc,heap        ] GC(369915) Heap before GC invocations=369891 (full 10747): garbage-first heap   total 71680K, used 59241K [0x0000000083000000, 0x0000000100000000)
[2020-12-23T05:34:03.528-0400][gc,heap        ] GC(369915)   region size 1024K, 12 young (12288K), 1 survivors (1024K)
[2020-12-23T05:34:03.528-0400][gc,heap        ] GC(369915)  Metaspace       used 61015K, capacity 63733K, committed 64768K, reserved 1107968K
[2020-12-23T05:34:03.528-0400][gc,heap        ] GC(369915)   class space    used 5714K, capacity 6561K, committed 6912K, reserved 1048576K
[2020-12-23T05:34:03.528-0400][gc,start       ] GC(369915) Pause Young (Normal) (G1 Evacuation Pause)
[2020-12-23T05:34:03.528-0400][gc,task        ] GC(369915) Using 4 workers of 4 for evacuation
[2020-12-23T05:34:03.535-0400][gc,phases      ] GC(369915)   Pre Evacuate Collection Set: 0.0ms
[2020-12-23T05:34:03.535-0400][gc,phases      ] GC(369915)   Evacuate Collection Set: 4.2ms
[2020-12-23T05:34:03.535-0400][gc,phases      ] GC(369915)   Post Evacuate Collection Set: 1.6ms
[2020-12-23T05:34:03.535-0400][gc,phases      ] GC(369915)   Other: 0.9ms
[2020-12-23T05:34:03.535-0400][gc,heap        ] GC(369915) Eden regions: 11->0(11)
[2020-12-23T05:34:03.535-0400][gc,heap        ] GC(369915) Survivor regions: 1->1(2)
[2020-12-23T05:34:03.535-0400][gc,heap        ] GC(369915) Old regions: 45->45
[2020-12-23T05:34:03.535-0400][gc,heap        ] GC(369915) Humongous regions: 4->4
[2020-12-23T05:34:03.535-0400][gc,metaspace   ] GC(369915) Metaspace: 61015K->61015K(1107968K)
[2020-12-23T05:34:03.535-0400][gc,heap        ] GC(369915) Heap after GC invocations=369892 (full 10747): garbage-first heap   total 71680K, used 49148K [0x0000000083000000, 0x0000000100000000)
