[2020-10-07T01:06:33.585-0300][gc,heap] Heap region size: 1M
[2020-10-07T01:06:33.586-0300][gc,heap] Minimum heap 33554432  Initial heap 33554432  Maximum heap 2097152000
[2020-10-07T01:06:33.591-0300][gc     ] Using G1
[2020-10-07T01:06:33.591-0300][gc,heap,coops] Heap address: 0x0000000083000000, size: 2000 MB, Compressed Oops mode: 32-bit
[2020-10-07T01:06:33.593-0300][gc,cds       ] Mark closed archive regions in map: [0x00000000fff00000, 0x00000000fff69ff8]
[2020-10-07T01:06:33.593-0300][gc,cds       ] Mark open archive regions in map: [0x00000000ffe00000, 0x00000000ffe46ff8]
[2020-10-07T01:06:36.462-0300][gc,heap      ] GC(0) Heap before GC invocations=0 (full 0): garbage-first heap   total 34816K, used 16068K [0x0000000083000000, 0x0000000100000000)
[2020-10-07T01:06:36.462-0300][gc,heap      ] GC(0)   region size 1024K, 14 young (14336K), 0 survivors (0K)
[2020-10-07T01:06:36.462-0300][gc,heap      ] GC(0)  Metaspace       used 4477K, capacity 5373K, committed 5504K, reserved 1056768K
[2020-10-07T01:06:36.462-0300][gc,heap      ] GC(0)   class space    used 511K, capacity 610K, committed 640K, reserved 1048576K
[2020-10-07T01:06:36.462-0300][gc,start     ] GC(0) Pause Young (Normal) (G1 Evacuation Pause)
[2020-10-07T01:06:36.462-0300][gc,task      ] GC(0) Using 2 workers of 4 for evacuation
[2020-10-07T01:06:36.499-0300][gc,phases    ] GC(0)   Pre Evacuate Collection Set: 0.0ms
[2020-10-07T01:06:36.499-0300][gc,phases    ] GC(0)   Evacuate Collection Set: 34.8ms
[2020-10-07T01:06:36.499-0300][gc,phases    ] GC(0)   Post Evacuate Collection Set: 1.1ms
[2020-10-07T01:06:36.499-0300][gc,phases    ] GC(0)   Other: 1.0ms
[2020-10-07T01:06:36.499-0300][gc,heap      ] GC(0) Eden regions: 14->0(11)
[2020-10-07T01:06:36.499-0300][gc,heap      ] GC(0) Survivor regions: 0->2(2)
[2020-10-07T01:06:36.499-0300][gc,heap      ] GC(0) Old regions: 2->4
[2020-10-07T01:06:36.499-0300][gc,heap      ] GC(0) Humongous regions: 1->1
[2020-10-07T01:06:36.499-0300][gc,metaspace ] GC(0) Metaspace: 4477K->4477K(1056768K)
[2020-10-07T01:06:36.499-0300][gc,heap      ] GC(0) Heap after GC invocations=1 (full 0): garbage-first heap   total 34816K, used 5201K [0x0000000083000000, 0x0000000100000000)
[2020-10-07T01:06:36.499-0300][gc,heap      ] GC(0)   region size 1024K, 2 young (2048K), 2 survivors (2048K)
[2020-10-07T01:06:36.499-0300][gc,heap      ] GC(0)  Metaspace       used 4477K, capacity 5373K, committed 5504K, reserved 1056768K
[2020-10-07T01:06:36.499-0300][gc,heap      ] GC(0)   class space    used 511K, capacity 610K, committed 640K, reserved 1048576K
[2020-10-07T01:06:36.499-0300][gc           ] GC(0) Pause Young (Normal) (G1 Evacuation Pause) 15M->5M(34M) 37.357ms
[2020-10-07T01:06:36.499-0300][gc,cpu       ] GC(0) User=0.07s Sys=0.01s Real=0.04s
[2020-10-07T01:06:37.542-0300][gc,heap      ] GC(1) Heap before GC invocations=1 (full 0): garbage-first heap   total 34816K, used 11345K [0x0000000083000000, 0x0000000100000000)
[2020-10-07T01:06:37.542-0300][gc,heap      ] GC(1)   region size 1024K, 8 young (8192K), 2 survivors (2048K)
[2020-10-07T01:06:37.542-0300][gc,heap      ] GC(1)  Metaspace       used 5600K, capacity 6116K, committed 6400K, reserved 1056768K
[2020-10-07T01:06:37.542-0300][gc,heap      ] GC(1)   class space    used 616K, capacity 734K, committed 768K, reserved 1048576K
[2020-10-07T01:06:37.542-0300][gc,start     ] GC(1) Pause Young (Normal) (G1 Evacuation Pause)
[2020-10-07T01:06:37.542-0300][gc,task      ] GC(1) Using 2 workers of 4 for evacuation
[2020-10-07T01:06:37.586-0300][gc,phases    ] GC(1)   Pre Evacuate Collection Set: 0.0ms
[2020-10-07T01:06:37.586-0300][gc,phases    ] GC(1)   Evacuate Collection Set: 41.8ms
[2020-10-07T01:06:37.586-0300][gc,phases    ] GC(1)   Post Evacuate Collection Set: 1.2ms
[2020-10-07T01:06:37.586-0300][gc,phases    ] GC(1)   Other: 0.8ms
[2020-10-07T01:06:37.586-0300][gc,heap      ] GC(1) Eden regions: 6->0(10)
[2020-10-07T01:06:37.586-0300][gc,heap      ] GC(1) Survivor regions: 2->1(1)
[2020-10-07T01:06:37.586-0300][gc,heap      ] GC(1) Old regions: 4->6
[2020-10-07T01:06:37.586-0300][gc,heap      ] GC(1) Humongous regions: 1->1
[2020-10-07T01:06:37.586-0300][gc,metaspace ] GC(1) Metaspace: 5600K->5600K(1056768K)
[2020-10-07T01:06:37.586-0300][gc,heap      ] GC(1) Heap after GC invocations=2 (full 0): garbage-first heap   total 34816K, used 5681K [0x0000000083000000, 0x0000000100000000)
[2020-10-07T01:06:37.587-0300][gc,heap      ] GC(1)   region size 1024K, 1 young (1024K), 1 survivors (1024K)
[2020-10-07T01:06:37.587-0300][gc,heap      ] GC(1)  Metaspace       used 5600K, capacity 6116K, committed 6400K, reserved 1056768K
[2020-10-07T01:06:37.587-0300][gc,heap      ] GC(1)   class space    used 616K, capacity 734K, committed 768K, reserved 1048576K
[2020-10-07T01:06:37.587-0300][gc           ] GC(1) Pause Young (Normal) (G1 Evacuation Pause) 11M->5M(34M) 44.516ms
[2020-10-07T01:06:37.587-0300][gc,cpu       ] GC(1) User=0.17s Sys=0.01s Real=0.05s
[2020-10-07T01:06:38.546-0300][gc,heap      ] GC(2) Heap before GC invocations=2 (full 0): garbage-first heap   total 34816K, used 14897K [0x0000000083000000, 0x0000000100000000)
[2020-10-07T01:06:38.546-0300][gc,heap      ] GC(2)   region size 1024K, 9 young (9216K), 1 survivors (1024K)
[2020-10-07T01:06:38.546-0300][gc,heap      ] GC(2)  Metaspace       used 6284K, capacity 6612K, committed 6784K, reserved 1056768K
[2020-10-07T01:06:38.546-0300][gc,heap      ] GC(2)   class space    used 699K, capacity 830K, committed 896K, reserved 1048576K
[2020-10-07T01:06:38.546-0300][gc,start     ] GC(2) Pause Young (Concurrent Start) (G1 Humongous Allocation)
[2020-10-07T01:06:38.547-0300][gc,task      ] GC(2) Using 4 workers of 4 for evacuation
[2020-10-07T01:06:38.563-0300][gc,phases    ] GC(2)   Pre Evacuate Collection Set: 0.1ms
[2020-10-07T01:06:38.563-0300][gc,phases    ] GC(2)   Evacuate Collection Set: 13.3ms
[2020-10-07T01:06:38.563-0300][gc,phases    ] GC(2)   Post Evacuate Collection Set: 1.2ms
[2020-10-07T01:06:38.563-0300][gc,phases    ] GC(2)   Other: 2.5ms
[2020-10-07T01:06:38.563-0300][gc,heap      ] GC(2) Eden regions: 8->0(10)
[2020-10-07T01:06:38.563-0300][gc,heap      ] GC(2) Survivor regions: 1->1(2)
[2020-10-07T01:06:38.563-0300][gc,heap      ] GC(2) Old regions: 6->6
[2020-10-07T01:06:38.563-0300][gc,heap      ] GC(2) Humongous regions: 4->4
[2020-10-07T01:06:38.563-0300][gc,metaspace ] GC(2) Metaspace: 6284K->6284K(1056768K)
[2020-10-07T01:06:38.564-0300][gc,heap      ] GC(2) Heap after GC invocations=3 (full 0): garbage-first heap   total 34816K, used 9372K [0x0000000083000000, 0x0000000100000000)
[2020-10-07T01:06:38.564-0300][gc,heap      ] GC(2)   region size 1024K, 1 young (1024K), 1 survivors (1024K)
[2020-10-07T01:06:38.564-0300][gc,heap      ] GC(2)  Metaspace       used 6284K, capacity 6612K, committed 6784K, reserved 1056768K
[2020-10-07T01:06:38.564-0300][gc,heap      ] GC(2)   class space    used 699K, capacity 830K, committed 896K, reserved 1048576K
[2020-10-07T01:06:38.564-0300][gc           ] GC(2) Pause Young (Concurrent Start) (G1 Humongous Allocation) 16M->9M(34M) 17.742ms
[2020-10-07T01:06:38.564-0300][gc,cpu       ] GC(2) User=0.05s Sys=0.00s Real=0.01s
[2020-10-07T01:06:38.564-0300][gc           ] GC(3) Concurrent Cycle
[2020-10-07T01:06:38.564-0300][gc,marking   ] GC(3) Concurrent Clear Claimed Marks
[2020-10-07T01:06:38.564-0300][gc,marking   ] GC(3) Concurrent Clear Claimed Marks 0.112ms
[2020-10-07T01:06:38.565-0300][gc,marking   ] GC(3) Concurrent Scan Root Regions
[2020-10-07T01:06:38.569-0300][gc,marking   ] GC(3) Concurrent Scan Root Regions 4.131ms
[2020-10-07T01:06:38.569-0300][gc,marking   ] GC(3) Concurrent Mark (5.093s)
[2020-10-07T01:06:38.569-0300][gc,marking   ] GC(3) Concurrent Mark From Roots
[2020-10-07T01:06:38.569-0300][gc,task      ] GC(3) Using 1 workers of 1 for marking
[2020-10-07T01:06:38.630-0300][gc,marking   ] GC(3) Concurrent Mark From Roots 61.409ms
[2020-10-07T01:06:38.630-0300][gc,marking   ] GC(3) Concurrent Preclean
[2020-10-07T01:06:38.631-0300][gc,marking   ] GC(3) Concurrent Preclean 0.399ms
[2020-10-07T01:06:38.631-0300][gc,marking   ] GC(3) Concurrent Mark (5.093s, 5.155s) 62.110ms
[2020-10-07T01:06:38.632-0300][gc,start     ] GC(3) Pause Remark
[2020-10-07T01:06:38.640-0300][gc,stringtable] GC(3) Cleaned string and symbol table, strings: 1995 processed, 29 removed, symbols: 15570 processed, 20 removed
[2020-10-07T01:06:38.641-0300][gc            ] GC(3) Pause Remark 12M->12M(34M) 8.928ms
[2020-10-07T01:06:38.641-0300][gc,cpu        ] GC(3) User=0.01s Sys=0.01s Real=0.01s
[2020-10-07T01:06:38.641-0300][gc,marking    ] GC(3) Concurrent Rebuild Remembered Sets
[2020-10-07T01:06:38.658-0300][gc,marking    ] GC(3) Concurrent Rebuild Remembered Sets 16.289ms
[2020-10-07T01:06:38.658-0300][gc,start      ] GC(3) Pause Cleanup
[2020-10-07T01:06:38.659-0300][gc            ] GC(3) Pause Cleanup 12M->12M(34M) 0.613ms
[2020-10-07T01:06:38.659-0300][gc,cpu        ] GC(3) User=0.01s Sys=0.00s Real=0.00s
[2020-10-07T01:06:38.659-0300][gc,marking    ] GC(3) Concurrent Cleanup for Next Mark
[2020-10-07T01:06:38.661-0300][gc,marking    ] GC(3) Concurrent Cleanup for Next Mark 1.869ms
[2020-10-07T01:06:38.661-0300][gc            ] GC(3) Concurrent Cycle 97.282ms
[2020-10-07T01:06:39.797-0300][gc,heap       ] GC(4) Heap before GC invocations=4 (full 0): garbage-first heap   total 34816K, used 19612K [0x0000000083000000, 0x0000000100000000)
[2020-10-07T01:06:39.797-0300][gc,heap       ] GC(4)   region size 1024K, 11 young (11264K), 1 survivors (1024K)
[2020-10-07T01:06:39.797-0300][gc,heap       ] GC(4)  Metaspace       used 6688K, capacity 7140K, committed 7296K, reserved 1056768K
[2020-10-07T01:06:39.797-0300][gc,heap       ] GC(4)   class space    used 726K, capacity 889K, committed 896K, reserved 1048576K
[2020-10-07T01:06:39.797-0300][gc,start      ] GC(4) Pause Young (Normal) (G1 Evacuation Pause)
[2020-10-07T01:06:39.797-0300][gc,task       ] GC(4) Using 4 workers of 4 for evacuation
[2020-10-07T01:06:39.809-0300][gc,phases     ] GC(4)   Pre Evacuate Collection Set: 0.0ms
[2020-10-07T01:06:39.809-0300][gc,phases     ] GC(4)   Evacuate Collection Set: 10.2ms
[2020-10-07T01:06:39.809-0300][gc,phases     ] GC(4)   Post Evacuate Collection Set: 1.4ms
[2020-10-07T01:06:39.809-0300][gc,phases     ] GC(4)   Other: 0.9ms
[2020-10-07T01:06:39.810-0300][gc,heap       ] GC(4) Eden regions: 10->0(10)
[2020-10-07T01:06:39.810-0300][gc,heap       ] GC(4) Survivor regions: 1->2(2)
[2020-10-07T01:06:39.810-0300][gc,heap       ] GC(4) Old regions: 6->6
[2020-10-07T01:06:39.810-0300][gc,heap       ] GC(4) Humongous regions: 5->4
[2020-10-07T01:06:39.810-0300][gc,metaspace  ] GC(4) Metaspace: 6688K->6688K(1056768K)
[2020-10-07T01:06:39.810-0300][gc,heap       ] GC(4) Heap after GC invocations=5 (full 0): garbage-first heap   total 34816K, used 9570K [0x0000000083000000, 0x0000000100000000)
[2020-10-07T01:06:39.810-0300][gc,heap       ] GC(4)   region size 1024K, 2 young (2048K), 2 survivors (2048K)
[2020-10-07T01:06:39.810-0300][gc,heap       ] GC(4)  Metaspace       used 6688K, capacity 7140K, committed 7296K, reserved 1056768K
[2020-10-07T01:06:39.810-0300][gc,heap       ] GC(4)   class space    used 726K, capacity 889K, committed 896K, reserved 1048576K
[2020-10-07T01:06:39.810-0300][gc            ] GC(4) Pause Young (Normal) (G1 Evacuation Pause) 20M->9M(34M) 13.142ms
[2020-10-07T01:06:39.810-0300][gc,cpu        ] GC(4) User=0.03s Sys=0.00s Real=0.01s
[2020-10-07T01:06:41.251-0300][gc,heap       ] GC(5) Heap before GC invocations=5 (full 0): garbage-first heap   total 34816K, used 19810K [0x0000000083000000, 0x0000000100000000)
[2020-10-07T01:06:41.251-0300][gc,heap       ] GC(5)   region size 1024K, 12 young (12288K), 2 survivors (2048K)
[2020-10-07T01:06:41.251-0300][gc,heap       ] GC(5)  Metaspace       used 8231K, capacity 8827K, committed 9088K, reserved 1056768K
[2020-10-07T01:06:41.251-0300][gc,heap       ] GC(5)   class space    used 910K, capacity 1116K, committed 1152K, reserved 1048576K
[2020-10-07T01:06:41.251-0300][gc,start      ] GC(5) Pause Young (Concurrent Start) (G1 Evacuation Pause)
[2020-10-07T01:06:41.251-0300][gc,task       ] GC(5) Using 4 workers of 4 for evacuation
[2020-10-07T01:06:41.275-0300][gc,phases     ] GC(5)   Pre Evacuate Collection Set: 0.2ms
[2020-10-07T01:06:41.275-0300][gc,phases     ] GC(5)   Evacuate Collection Set: 21.3ms
[2020-10-07T01:06:41.275-0300][gc,phases     ] GC(5)   Post Evacuate Collection Set: 1.4ms
[2020-10-07T01:06:41.275-0300][gc,phases     ] GC(5)   Other: 0.9ms
[2020-10-07T01:06:41.275-0300][gc,heap       ] GC(5) Eden regions: 10->0(11)
[2020-10-07T01:06:41.275-0300][gc,heap       ] GC(5) Survivor regions: 2->2(2)
[2020-10-07T01:06:41.275-0300][gc,heap       ] GC(5) Old regions: 6->6
[2020-10-07T01:06:41.275-0300][gc,heap       ] GC(5) Humongous regions: 4->4
[2020-10-07T01:06:41.275-0300][gc,metaspace  ] GC(5) Metaspace: 8231K->8231K(1056768K)
[2020-10-07T01:06:41.275-0300][gc,heap       ] GC(5) Heap after GC invocations=6 (full 0): garbage-first heap   total 34816K, used 10181K [0x0000000083000000, 0x0000000100000000)
[2020-10-07T01:06:41.275-0300][gc,heap       ] GC(5)   region size 1024K, 2 young (2048K), 2 survivors (2048K)
[2020-10-07T01:06:41.275-0300][gc,heap       ] GC(5)  Metaspace       used 8231K, capacity 8827K, committed 9088K, reserved 1056768K
[2020-10-07T01:06:41.275-0300][gc,heap       ] GC(5)   class space    used 910K, capacity 1116K, committed 1152K, reserved 1048576K
[2020-10-07T01:06:41.276-0300][gc            ] GC(5) Pause Young (Concurrent Start) (G1 Evacuation Pause) 19M->9M(34M) 24.272ms
[2020-10-07T01:06:41.276-0300][gc,cpu        ] GC(5) User=0.09s Sys=0.01s Real=0.03s
[2020-10-07T01:06:41.278-0300][gc            ] GC(6) Concurrent Cycle
[2020-10-07T01:06:41.278-0300][gc,marking    ] GC(6) Concurrent Clear Claimed Marks
[2020-10-07T01:06:41.279-0300][gc,marking    ] GC(6) Concurrent Clear Claimed Marks 0.131ms
[2020-10-07T01:06:41.279-0300][gc,marking    ] GC(6) Concurrent Scan Root Regions
[2020-10-07T01:06:41.286-0300][gc,marking    ] GC(6) Concurrent Scan Root Regions 7.711ms
[2020-10-07T01:06:41.286-0300][gc,marking    ] GC(6) Concurrent Mark (7.811s)
[2020-10-07T01:06:41.287-0300][gc,marking    ] GC(6) Concurrent Mark From Roots
[2020-10-07T01:06:41.287-0300][gc,task       ] GC(6) Using 1 workers of 1 for marking
[2020-10-07T01:06:41.318-0300][gc,marking    ] GC(6) Concurrent Mark From Roots 31.126ms
[2020-10-07T01:06:41.318-0300][gc,marking    ] GC(6) Concurrent Preclean
[2020-10-07T01:06:41.318-0300][gc,marking    ] GC(6) Concurrent Preclean 0.318ms
[2020-10-07T01:06:41.318-0300][gc,marking    ] GC(6) Concurrent Mark (7.811s, 7.842s) 31.839ms
[2020-10-07T01:06:41.319-0300][gc,start      ] GC(6) Pause Remark
[2020-10-07T01:06:41.324-0300][gc,stringtable] GC(6) Cleaned string and symbol table, strings: 2456 processed, 0 removed, symbols: 19590 processed, 21 removed
[2020-10-07T01:06:41.325-0300][gc            ] GC(6) Pause Remark 10M->10M(34M) 6.376ms
[2020-10-07T01:06:41.325-0300][gc,cpu        ] GC(6) User=0.03s Sys=0.00s Real=0.01s
[2020-10-07T01:06:41.326-0300][gc,marking    ] GC(6) Concurrent Rebuild Remembered Sets
[2020-10-07T01:06:41.342-0300][gc,marking    ] GC(6) Concurrent Rebuild Remembered Sets 15.095ms
[2020-10-07T01:06:41.343-0300][gc,start      ] GC(6) Pause Cleanup
[2020-10-07T01:06:41.343-0300][gc            ] GC(6) Pause Cleanup 10M->10M(34M) 0.481ms
[2020-10-07T01:06:41.344-0300][gc,cpu        ] GC(6) User=0.00s Sys=0.00s Real=0.00s
[2020-10-07T01:06:41.345-0300][gc,marking    ] GC(6) Concurrent Cleanup for Next Mark
[2020-10-07T01:06:41.346-0300][gc,marking    ] GC(6) Concurrent Cleanup for Next Mark 1.447ms
[2020-10-07T01:06:41.346-0300][gc            ] GC(6) Concurrent Cycle 68.155ms
[2020-10-07T01:06:42.395-0300][gc,heap       ] GC(7) Heap before GC invocations=7 (full 0): garbage-first heap   total 34816K, used 20421K [0x0000000083000000, 0x0000000100000000)
[2020-10-07T01:06:42.395-0300][gc,heap       ] GC(7)   region size 1024K, 13 young (13312K), 2 survivors (2048K)
[2020-10-07T01:06:42.395-0300][gc,heap       ] GC(7)  Metaspace       used 10273K, capacity 10886K, committed 11136K, reserved 1058816K
[2020-10-07T01:06:42.395-0300][gc,heap       ] GC(7)   class space    used 1117K, capacity 1338K, committed 1408K, reserved 1048576K
[2020-10-07T01:06:42.396-0300][gc,start      ] GC(7) Pause Young (Normal) (G1 Evacuation Pause)
[2020-10-07T01:06:42.396-0300][gc,task       ] GC(7) Using 4 workers of 4 for evacuation
[2020-10-07T01:06:42.412-0300][gc,phases     ] GC(7)   Pre Evacuate Collection Set: 0.1ms
[2020-10-07T01:06:42.412-0300][gc,phases     ] GC(7)   Evacuate Collection Set: 14.1ms
[2020-10-07T01:06:42.412-0300][gc,phases     ] GC(7)   Post Evacuate Collection Set: 1.6ms
[2020-10-07T01:06:42.412-0300][gc,phases     ] GC(7)   Other: 0.7ms
[2020-10-07T01:06:42.412-0300][gc,heap       ] GC(7) Eden regions: 11->0(14)
[2020-10-07T01:06:42.412-0300][gc,heap       ] GC(7) Survivor regions: 2->2(2)
[2020-10-07T01:06:42.412-0300][gc,heap       ] GC(7) Old regions: 6->7
[2020-10-07T01:06:42.412-0300][gc,heap       ] GC(7) Humongous regions: 4->4
[2020-10-07T01:06:42.412-0300][gc,metaspace  ] GC(7) Metaspace: 10273K->10273K(1058816K)
[2020-10-07T01:06:42.412-0300][gc,heap       ] GC(7) Heap after GC invocations=8 (full 0): garbage-first heap   total 41984K, used 11130K [0x0000000083000000, 0x0000000100000000)
[2020-10-07T01:06:42.412-0300][gc,heap       ] GC(7)   region size 1024K, 2 young (2048K), 2 survivors (2048K)
[2020-10-07T01:06:42.412-0300][gc,heap       ] GC(7)  Metaspace       used 10273K, capacity 10886K, committed 11136K, reserved 1058816K
[2020-10-07T01:06:42.412-0300][gc,heap       ] GC(7)   class space    used 1117K, capacity 1338K, committed 1408K, reserved 1048576K
[2020-10-07T01:06:42.413-0300][gc            ] GC(7) Pause Young (Normal) (G1 Evacuation Pause) 20M->10M(41M) 16.997ms
[2020-10-07T01:06:42.413-0300][gc,cpu        ] GC(7) User=0.05s Sys=0.00s Real=0.01s
[2020-10-07T01:06:43.138-0300][gc,heap       ] GC(8) Heap before GC invocations=8 (full 0): garbage-first heap   total 41984K, used 25466K [0x0000000083000000, 0x0000000100000000)
[2020-10-07T01:06:43.139-0300][gc,heap       ] GC(8)   region size 1024K, 16 young (16384K), 2 survivors (2048K)
[2020-10-07T01:06:43.139-0300][gc,heap       ] GC(8)  Metaspace       used 10685K, capacity 11353K, committed 11648K, reserved 1058816K
[2020-10-07T01:06:43.139-0300][gc,heap       ] GC(8)   class space    used 1157K, capacity 1389K, committed 1408K, reserved 1048576K
[2020-10-07T01:06:43.139-0300][gc,start      ] GC(8) Pause Young (Normal) (G1 Evacuation Pause)
[2020-10-07T01:06:43.139-0300][gc,task       ] GC(8) Using 4 workers of 4 for evacuation
[2020-10-07T01:06:43.159-0300][gc,phases     ] GC(8)   Pre Evacuate Collection Set: 0.0ms
[2020-10-07T01:06:43.159-0300][gc,phases     ] GC(8)   Evacuate Collection Set: 18.5ms
[2020-10-07T01:06:43.159-0300][gc,phases     ] GC(8)   Post Evacuate Collection Set: 1.3ms
[2020-10-07T01:06:43.159-0300][gc,phases     ] GC(8)   Other: 0.7ms
[2020-10-07T01:06:43.159-0300][gc,heap       ] GC(8) Eden regions: 14->0(14)
[2020-10-07T01:06:43.159-0300][gc,heap       ] GC(8) Survivor regions: 2->2(2)
[2020-10-07T01:06:43.159-0300][gc,heap       ] GC(8) Old regions: 7->8
[2020-10-07T01:06:43.159-0300][gc,heap       ] GC(8) Humongous regions: 4->4
[2020-10-07T01:06:43.159-0300][gc,metaspace  ] GC(8) Metaspace: 10685K->10685K(1058816K)
[2020-10-07T01:06:43.159-0300][gc,heap       ] GC(8) Heap after GC invocations=9 (full 0): garbage-first heap   total 41984K, used 12188K [0x0000000083000000, 0x0000000100000000)
[2020-10-07T01:06:43.160-0300][gc,heap       ] GC(8)   region size 1024K, 2 young (2048K), 2 survivors (2048K)
[2020-10-07T01:06:43.160-0300][gc,heap       ] GC(8)  Metaspace       used 10685K, capacity 11353K, committed 11648K, reserved 1058816K
[2020-10-07T01:06:43.160-0300][gc,heap       ] GC(8)   class space    used 1157K, capacity 1389K, committed 1408K, reserved 1048576K
[2020-10-07T01:06:43.160-0300][gc            ] GC(8) Pause Young (Normal) (G1 Evacuation Pause) 24M->11M(41M) 21.090ms
[2020-10-07T01:06:43.160-0300][gc,cpu        ] GC(8) User=0.07s Sys=0.01s Real=0.02s
[2020-10-07T01:06:44.619-0300][gc,heap       ] GC(9) Heap before GC invocations=9 (full 0): garbage-first heap   total 41984K, used 25500K [0x0000000083000000, 0x0000000100000000)
[2020-10-07T01:06:44.619-0300][gc,heap       ] GC(9)   region size 1024K, 16 young (16384K), 2 survivors (2048K)
[2020-10-07T01:06:44.619-0300][gc,heap       ] GC(9)  Metaspace       used 12708K, capacity 13480K, committed 13696K, reserved 1060864K
[2020-10-07T01:06:44.619-0300][gc,heap       ] GC(9)   class space    used 1364K, capacity 1644K, committed 1664K, reserved 1048576K
[2020-10-07T01:06:44.619-0300][gc,start      ] GC(9) Pause Young (Normal) (G1 Evacuation Pause)
[2020-10-07T01:06:44.619-0300][gc,task       ] GC(9) Using 4 workers of 4 for evacuation
[2020-10-07T01:06:44.638-0300][gc,phases     ] GC(9)   Pre Evacuate Collection Set: 0.0ms
[2020-10-07T01:06:44.638-0300][gc,phases     ] GC(9)   Evacuate Collection Set: 17.3ms
[2020-10-07T01:06:44.638-0300][gc,phases     ] GC(9)   Post Evacuate Collection Set: 1.1ms
[2020-10-07T01:06:44.638-0300][gc,phases     ] GC(9)   Other: 0.9ms
[2020-10-07T01:06:44.638-0300][gc,heap       ] GC(9) Eden regions: 14->0(14)
[2020-10-07T01:06:44.638-0300][gc,heap       ] GC(9) Survivor regions: 2->1(2)
[2020-10-07T01:06:44.638-0300][gc,heap       ] GC(9) Old regions: 8->9
[2020-10-07T01:06:44.638-0300][gc,heap       ] GC(9) Humongous regions: 4->4
[2020-10-07T01:06:44.638-0300][gc,metaspace  ] GC(9) Metaspace: 12708K->12708K(1060864K)
[2020-10-07T01:06:44.638-0300][gc,heap       ] GC(9) Heap after GC invocations=10 (full 0): garbage-first heap   total 41984K, used 12688K [0x0000000083000000, 0x0000000100000000)
[2020-10-07T01:06:44.639-0300][gc,heap       ] GC(9)   region size 1024K, 1 young (1024K), 1 survivors (1024K)
[2020-10-07T01:06:44.639-0300][gc,heap       ] GC(9)  Metaspace       used 12708K, capacity 13480K, committed 13696K, reserved 1060864K
[2020-10-07T01:06:44.639-0300][gc,heap       ] GC(9)   class space    used 1364K, capacity 1644K, committed 1664K, reserved 1048576K
[2020-10-07T01:06:44.639-0300][gc            ] GC(9) Pause Young (Normal) (G1 Evacuation Pause) 25M->12M(41M) 19.586ms
[2020-10-07T01:06:44.639-0300][gc,cpu        ] GC(9) User=0.06s Sys=0.01s Real=0.02s
[2020-10-07T01:06:45.476-0300][gc,heap       ] GC(10) Heap before GC invocations=10 (full 0): garbage-first heap   total 41984K, used 27024K [0x0000000083000000, 0x0000000100000000)
[2020-10-07T01:06:45.476-0300][gc,heap       ] GC(10)   region size 1024K, 15 young (15360K), 1 survivors (1024K)
[2020-10-07T01:06:45.476-0300][gc,heap       ] GC(10)  Metaspace       used 15673K, capacity 16337K, committed 16640K, reserved 1064960K
[2020-10-07T01:06:45.476-0300][gc,heap       ] GC(10)   class space    used 1674K, capacity 1935K, committed 2048K, reserved 1048576K
[2020-10-07T01:06:45.476-0300][gc,start      ] GC(10) Pause Young (Concurrent Start) (G1 Evacuation Pause)
[2020-10-07T01:06:45.476-0300][gc,task       ] GC(10) Using 4 workers of 4 for evacuation
[2020-10-07T01:06:45.486-0300][gc,phases     ] GC(10)   Pre Evacuate Collection Set: 0.1ms
[2020-10-07T01:06:45.486-0300][gc,phases     ] GC(10)   Evacuate Collection Set: 8.6ms
[2020-10-07T01:06:45.486-0300][gc,phases     ] GC(10)   Post Evacuate Collection Set: 0.9ms
[2020-10-07T01:06:45.486-0300][gc,phases     ] GC(10)   Other: 0.8ms
[2020-10-07T01:06:45.486-0300][gc,heap       ] GC(10) Eden regions: 14->0(14)
[2020-10-07T01:06:45.486-0300][gc,heap       ] GC(10) Survivor regions: 1->2(2)
[2020-10-07T01:06:45.486-0300][gc,heap       ] GC(10) Old regions: 9->9
[2020-10-07T01:06:45.486-0300][gc,heap       ] GC(10) Humongous regions: 4->4
[2020-10-07T01:06:45.486-0300][gc,metaspace  ] GC(10) Metaspace: 15673K->15673K(1064960K)
[2020-10-07T01:06:45.486-0300][gc,heap       ] GC(10) Heap after GC invocations=11 (full 0): garbage-first heap   total 41984K, used 13230K [0x0000000083000000, 0x0000000100000000)
[2020-10-07T01:06:45.487-0300][gc,heap       ] GC(10)   region size 1024K, 2 young (2048K), 2 survivors (2048K)
[2020-10-07T01:06:45.487-0300][gc,heap       ] GC(10)  Metaspace       used 15673K, capacity 16337K, committed 16640K, reserved 1064960K
[2020-10-07T01:06:45.487-0300][gc,heap       ] GC(10)   class space    used 1674K, capacity 1935K, committed 2048K, reserved 1048576K
[2020-10-07T01:06:45.487-0300][gc            ] GC(10) Pause Young (Concurrent Start) (G1 Evacuation Pause) 26M->12M(41M) 10.776ms
[2020-10-07T01:06:45.487-0300][gc,cpu        ] GC(10) User=0.03s Sys=0.00s Real=0.01s
[2020-10-07T01:06:45.487-0300][gc            ] GC(11) Concurrent Cycle
[2020-10-07T01:06:45.487-0300][gc,marking    ] GC(11) Concurrent Clear Claimed Marks
[2020-10-07T01:06:45.487-0300][gc,marking    ] GC(11) Concurrent Clear Claimed Marks 0.181ms
[2020-10-07T01:06:45.488-0300][gc,marking    ] GC(11) Concurrent Scan Root Regions
[2020-10-07T01:06:45.493-0300][gc,marking    ] GC(11) Concurrent Scan Root Regions 5.502ms
[2020-10-07T01:06:45.493-0300][gc,marking    ] GC(11) Concurrent Mark (12.017s)
[2020-10-07T01:06:45.493-0300][gc,marking    ] GC(11) Concurrent Mark From Roots
[2020-10-07T01:06:45.493-0300][gc,task       ] GC(11) Using 1 workers of 1 for marking
[2020-10-07T01:06:45.543-0300][gc,marking    ] GC(11) Concurrent Mark From Roots 49.443ms
[2020-10-07T01:06:45.543-0300][gc,marking    ] GC(11) Concurrent Preclean
[2020-10-07T01:06:45.543-0300][gc,marking    ] GC(11) Concurrent Preclean 0.203ms
[2020-10-07T01:06:45.543-0300][gc,marking    ] GC(11) Concurrent Mark (12.017s, 12.067s) 49.909ms
[2020-10-07T01:06:45.544-0300][gc,start      ] GC(11) Pause Remark
[2020-10-07T01:06:45.554-0300][gc,stringtable] GC(11) Cleaned string and symbol table, strings: 6951 processed, 6 removed, symbols: 44014 processed, 98 removed
[2020-10-07T01:06:45.555-0300][gc            ] GC(11) Pause Remark 14M->14M(41M) 10.973ms
[2020-10-07T01:06:45.555-0300][gc,cpu        ] GC(11) User=0.04s Sys=0.00s Real=0.01s
[2020-10-07T01:06:45.555-0300][gc,marking    ] GC(11) Concurrent Rebuild Remembered Sets
[2020-10-07T01:06:45.581-0300][gc,marking    ] GC(11) Concurrent Rebuild Remembered Sets 26.216ms
[2020-10-07T01:06:45.582-0300][gc,start      ] GC(11) Pause Cleanup
[2020-10-07T01:06:45.582-0300][gc            ] GC(11) Pause Cleanup 15M->15M(41M) 0.487ms
[2020-10-07T01:06:45.582-0300][gc,cpu        ] GC(11) User=0.00s Sys=0.00s Real=0.00s
[2020-10-07T01:06:45.582-0300][gc,marking    ] GC(11) Concurrent Cleanup for Next Mark
[2020-10-07T01:06:45.583-0300][gc,marking    ] GC(11) Concurrent Cleanup for Next Mark 0.952ms
[2020-10-07T01:06:45.584-0300][gc            ] GC(11) Concurrent Cycle 96.498ms
[2020-10-07T01:06:46.493-0300][gc,heap       ] GC(12) Heap before GC invocations=12 (full 0): garbage-first heap   total 41984K, used 27566K [0x0000000083000000, 0x0000000100000000)
[2020-10-07T01:06:46.494-0300][gc,heap       ] GC(12)   region size 1024K, 16 young (16384K), 2 survivors (2048K)
[2020-10-07T01:06:46.494-0300][gc,heap       ] GC(12)  Metaspace       used 16518K, capacity 17420K, committed 17536K, reserved 1064960K
[2020-10-07T01:06:46.494-0300][gc,heap       ] GC(12)   class space    used 1806K, capacity 2158K, committed 2176K, reserved 1048576K
[2020-10-07T01:06:46.494-0300][gc,start      ] GC(12) Pause Young (Normal) (G1 Evacuation Pause)
[2020-10-07T01:06:46.494-0300][gc,task       ] GC(12) Using 4 workers of 4 for evacuation
[2020-10-07T01:06:46.524-0300][gc,phases     ] GC(12)   Pre Evacuate Collection Set: 0.1ms
[2020-10-07T01:06:46.524-0300][gc,phases     ] GC(12)   Evacuate Collection Set: 27.6ms
[2020-10-07T01:06:46.525-0300][gc,phases     ] GC(12)   Post Evacuate Collection Set: 2.3ms
[2020-10-07T01:06:46.525-0300][gc,phases     ] GC(12)   Other: 0.9ms
[2020-10-07T01:06:46.525-0300][gc,heap       ] GC(12) Eden regions: 14->0(14)
[2020-10-07T01:06:46.525-0300][gc,heap       ] GC(12) Survivor regions: 2->2(2)
[2020-10-07T01:06:46.525-0300][gc,heap       ] GC(12) Old regions: 9->10
[2020-10-07T01:06:46.525-0300][gc,heap       ] GC(12) Humongous regions: 4->4
[2020-10-07T01:06:46.525-0300][gc,metaspace  ] GC(12) Metaspace: 16518K->16518K(1064960K)
[2020-10-07T01:06:46.525-0300][gc,heap       ] GC(12) Heap after GC invocations=13 (full 0): garbage-first heap   total 41984K, used 13950K [0x0000000083000000, 0x0000000100000000)
[2020-10-07T01:06:46.525-0300][gc,heap       ] GC(12)   region size 1024K, 2 young (2048K), 2 survivors (2048K)
[2020-10-07T01:06:46.525-0300][gc,heap       ] GC(12)  Metaspace       used 16518K, capacity 17420K, committed 17536K, reserved 1064960K
[2020-10-07T01:06:46.525-0300][gc,heap       ] GC(12)   class space    used 1806K, capacity 2158K, committed 2176K, reserved 1048576K
[2020-10-07T01:06:46.525-0300][gc            ] GC(12) Pause Young (Normal) (G1 Evacuation Pause) 26M->13M(41M) 31.542ms
[2020-10-07T01:06:46.526-0300][gc,cpu        ] GC(12) User=0.09s Sys=0.01s Real=0.04s
[2020-10-07T01:06:47.661-0300][gc,heap       ] GC(13) Heap before GC invocations=13 (full 0): garbage-first heap   total 41984K, used 27262K [0x0000000083000000, 0x0000000100000000)
[2020-10-07T01:06:47.661-0300][gc,heap       ] GC(13)   region size 1024K, 16 young (16384K), 2 survivors (2048K)
[2020-10-07T01:06:47.661-0300][gc,heap       ] GC(13)  Metaspace       used 17462K, capacity 18488K, committed 18688K, reserved 1064960K
[2020-10-07T01:06:47.661-0300][gc,heap       ] GC(13)   class space    used 1882K, capacity 2274K, committed 2304K, reserved 1048576K
[2020-10-07T01:06:47.661-0300][gc,start      ] GC(13) Pause Young (Concurrent Start) (G1 Evacuation Pause)
[2020-10-07T01:06:47.661-0300][gc,task       ] GC(13) Using 4 workers of 4 for evacuation
[2020-10-07T01:06:47.680-0300][gc,phases     ] GC(13)   Pre Evacuate Collection Set: 0.2ms
[2020-10-07T01:06:47.680-0300][gc,phases     ] GC(13)   Evacuate Collection Set: 15.8ms
[2020-10-07T01:06:47.680-0300][gc,phases     ] GC(13)   Post Evacuate Collection Set: 2.2ms
[2020-10-07T01:06:47.680-0300][gc,phases     ] GC(13)   Other: 1.0ms
[2020-10-07T01:06:47.680-0300][gc,heap       ] GC(13) Eden regions: 14->0(18)
[2020-10-07T01:06:47.680-0300][gc,heap       ] GC(13) Survivor regions: 2->2(2)
[2020-10-07T01:06:47.680-0300][gc,heap       ] GC(13) Old regions: 10->11
[2020-10-07T01:06:47.680-0300][gc,heap       ] GC(13) Humongous regions: 4->4
[2020-10-07T01:06:47.680-0300][gc,metaspace  ] GC(13) Metaspace: 17462K->17462K(1064960K)
[2020-10-07T01:06:47.681-0300][gc,heap       ] GC(13) Heap after GC invocations=14 (full 0): garbage-first heap   total 51200K, used 14650K [0x0000000083000000, 0x0000000100000000)
[2020-10-07T01:06:47.681-0300][gc,heap       ] GC(13)   region size 1024K, 2 young (2048K), 2 survivors (2048K)
[2020-10-07T01:06:47.681-0300][gc,heap       ] GC(13)  Metaspace       used 17462K, capacity 18488K, committed 18688K, reserved 1064960K
[2020-10-07T01:06:47.681-0300][gc,heap       ] GC(13)   class space    used 1882K, capacity 2274K, committed 2304K, reserved 1048576K
[2020-10-07T01:06:47.681-0300][gc            ] GC(13) Pause Young (Concurrent Start) (G1 Evacuation Pause) 27M->14M(50M) 19.727ms
[2020-10-07T01:06:47.681-0300][gc,cpu        ] GC(13) User=0.05s Sys=0.02s Real=0.02s
[2020-10-07T01:06:47.681-0300][gc            ] GC(14) Concurrent Cycle
[2020-10-07T01:06:47.681-0300][gc,marking    ] GC(14) Concurrent Clear Claimed Marks
[2020-10-07T01:06:47.681-0300][gc,marking    ] GC(14) Concurrent Clear Claimed Marks 0.178ms
[2020-10-07T01:06:47.681-0300][gc,marking    ] GC(14) Concurrent Scan Root Regions
[2020-10-07T01:06:47.689-0300][gc,marking    ] GC(14) Concurrent Scan Root Regions 7.665ms
[2020-10-07T01:06:47.689-0300][gc,marking    ] GC(14) Concurrent Mark (14.213s)
[2020-10-07T01:06:47.689-0300][gc,marking    ] GC(14) Concurrent Mark From Roots
[2020-10-07T01:06:47.689-0300][gc,task       ] GC(14) Using 1 workers of 1 for marking
[2020-10-07T01:06:47.819-0300][gc,marking    ] GC(14) Concurrent Mark From Roots 129.411ms
[2020-10-07T01:06:47.819-0300][gc,marking    ] GC(14) Concurrent Preclean
[2020-10-07T01:06:47.819-0300][gc,marking    ] GC(14) Concurrent Preclean 0.393ms
[2020-10-07T01:06:47.819-0300][gc,marking    ] GC(14) Concurrent Mark (14.213s, 14.344s) 130.189ms
[2020-10-07T01:06:47.820-0300][gc,start      ] GC(14) Pause Remark
[2020-10-07T01:06:47.831-0300][gc,stringtable] GC(14) Cleaned string and symbol table, strings: 7632 processed, 1 removed, symbols: 48093 processed, 32 removed
[2020-10-07T01:06:47.832-0300][gc            ] GC(14) Pause Remark 17M->17M(50M) 11.897ms
[2020-10-07T01:06:47.832-0300][gc,cpu        ] GC(14) User=0.04s Sys=0.00s Real=0.01s
[2020-10-07T01:06:47.833-0300][gc,marking    ] GC(14) Concurrent Rebuild Remembered Sets
[2020-10-07T01:06:47.877-0300][gc,marking    ] GC(14) Concurrent Rebuild Remembered Sets 43.808ms
[2020-10-07T01:06:47.878-0300][gc,start      ] GC(14) Pause Cleanup
[2020-10-07T01:06:47.878-0300][gc            ] GC(14) Pause Cleanup 18M->18M(50M) 0.495ms
[2020-10-07T01:06:47.878-0300][gc,cpu        ] GC(14) User=0.01s Sys=0.00s Real=0.00s
[2020-10-07T01:06:47.879-0300][gc,marking    ] GC(14) Concurrent Cleanup for Next Mark
[2020-10-07T01:06:47.880-0300][gc,marking    ] GC(14) Concurrent Cleanup for Next Mark 1.534ms
[2020-10-07T01:06:47.880-0300][gc            ] GC(14) Concurrent Cycle 199.310ms
[2020-10-07T01:06:48.562-0300][gc,heap       ] GC(15) Heap before GC invocations=15 (full 0): garbage-first heap   total 51200K, used 32058K [0x0000000083000000, 0x0000000100000000)
[2020-10-07T01:06:48.562-0300][gc,heap       ] GC(15)   region size 1024K, 20 young (20480K), 2 survivors (2048K)
[2020-10-07T01:06:48.562-0300][gc,heap       ] GC(15)  Metaspace       used 18388K, capacity 19554K, committed 19712K, reserved 1067008K
[2020-10-07T01:06:48.562-0300][gc,heap       ] GC(15)   class space    used 2004K, capacity 2479K, committed 2560K, reserved 1048576K
[2020-10-07T01:06:48.563-0300][gc,start      ] GC(15) Pause Young (Normal) (G1 Evacuation Pause)
[2020-10-07T01:06:48.563-0300][gc,task       ] GC(15) Using 4 workers of 4 for evacuation
[2020-10-07T01:06:48.584-0300][gc,phases     ] GC(15)   Pre Evacuate Collection Set: 0.1ms
[2020-10-07T01:06:48.584-0300][gc,phases     ] GC(15)   Evacuate Collection Set: 20.0ms
[2020-10-07T01:06:48.584-0300][gc,phases     ] GC(15)   Post Evacuate Collection Set: 1.2ms
[2020-10-07T01:06:48.584-0300][gc,phases     ] GC(15)   Other: 0.8ms
[2020-10-07T01:06:48.584-0300][gc,heap       ] GC(15) Eden regions: 18->0(18)
[2020-10-07T01:06:48.585-0300][gc,heap       ] GC(15) Survivor regions: 2->3(3)
[2020-10-07T01:06:48.585-0300][gc,heap       ] GC(15) Old regions: 11->11
[2020-10-07T01:06:48.585-0300][gc,heap       ] GC(15) Humongous regions: 4->4
[2020-10-07T01:06:48.585-0300][gc,metaspace  ] GC(15) Metaspace: 18388K->18388K(1067008K)
[2020-10-07T01:06:48.585-0300][gc,heap       ] GC(15) Heap after GC invocations=16 (full 0): garbage-first heap   total 51200K, used 17047K [0x0000000083000000, 0x0000000100000000)
[2020-10-07T01:06:48.585-0300][gc,heap       ] GC(15)   region size 1024K, 3 young (3072K), 3 survivors (3072K)
[2020-10-07T01:06:48.585-0300][gc,heap       ] GC(15)  Metaspace       used 18388K, capacity 19554K, committed 19712K, reserved 1067008K
[2020-10-07T01:06:48.585-0300][gc,heap       ] GC(15)   class space    used 2004K, capacity 2479K, committed 2560K, reserved 1048576K
[2020-10-07T01:06:48.585-0300][gc            ] GC(15) Pause Young (Normal) (G1 Evacuation Pause) 32M->16M(50M) 22.433ms
[2020-10-07T01:06:48.585-0300][gc,cpu        ] GC(15) User=0.08s Sys=0.00s Real=0.03s
[2020-10-07T01:06:48.855-0300][gc,heap       ] GC(16) Heap before GC invocations=16 (full 0): garbage-first heap   total 51200K, used 22167K [0x0000000083000000, 0x0000000100000000)
[2020-10-07T01:06:48.855-0300][gc,heap       ] GC(16)   region size 1024K, 10 young (10240K), 3 survivors (3072K)
[2020-10-07T01:06:48.855-0300][gc,heap       ] GC(16)  Metaspace       used 18704K, capacity 19862K, committed 19968K, reserved 1067008K
[2020-10-07T01:06:48.855-0300][gc,heap       ] GC(16)   class space    used 2037K, capacity 2517K, committed 2560K, reserved 1048576K
[2020-10-07T01:06:48.855-0300][gc,start      ] GC(16) Pause Young (Concurrent Start) (G1 Humongous Allocation)
[2020-10-07T01:06:48.855-0300][gc,task       ] GC(16) Using 4 workers of 4 for evacuation
[2020-10-07T01:06:48.875-0300][gc,phases     ] GC(16)   Pre Evacuate Collection Set: 0.2ms
[2020-10-07T01:06:48.875-0300][gc,phases     ] GC(16)   Evacuate Collection Set: 15.1ms
[2020-10-07T01:06:48.875-0300][gc,phases     ] GC(16)   Post Evacuate Collection Set: 3.9ms
[2020-10-07T01:06:48.875-0300][gc,phases     ] GC(16)   Other: 1.0ms
[2020-10-07T01:06:48.876-0300][gc,heap       ] GC(16) Eden regions: 7->0(14)
[2020-10-07T01:06:48.876-0300][gc,heap       ] GC(16) Survivor regions: 3->1(3)
[2020-10-07T01:06:48.876-0300][gc,heap       ] GC(16) Old regions: 11->14
[2020-10-07T01:06:48.876-0300][gc,heap       ] GC(16) Humongous regions: 4->4
[2020-10-07T01:06:48.876-0300][gc,metaspace  ] GC(16) Metaspace: 18704K->18704K(1067008K)
[2020-10-07T01:06:48.876-0300][gc,heap       ] GC(16) Heap after GC invocations=17 (full 0): garbage-first heap   total 51200K, used 17498K [0x0000000083000000, 0x0000000100000000)
[2020-10-07T01:06:48.876-0300][gc,heap       ] GC(16)   region size 1024K, 1 young (1024K), 1 survivors (1024K)
[2020-10-07T01:06:48.876-0300][gc,heap       ] GC(16)  Metaspace       used 18704K, capacity 19862K, committed 19968K, reserved 1067008K
[2020-10-07T01:06:48.876-0300][gc,heap       ] GC(16)   class space    used 2037K, capacity 2517K, committed 2560K, reserved 1048576K
[2020-10-07T01:06:48.876-0300][gc            ] GC(16) Pause Young (Concurrent Start) (G1 Humongous Allocation) 23M->17M(50M) 21.103ms
[2020-10-07T01:06:48.876-0300][gc,cpu        ] GC(16) User=0.07s Sys=0.01s Real=0.02s
[2020-10-07T01:06:48.877-0300][gc            ] GC(17) Concurrent Cycle
[2020-10-07T01:06:48.877-0300][gc,marking    ] GC(17) Concurrent Clear Claimed Marks
[2020-10-07T01:06:48.877-0300][gc,marking    ] GC(17) Concurrent Clear Claimed Marks 0.351ms
[2020-10-07T01:06:48.877-0300][gc,marking    ] GC(17) Concurrent Scan Root Regions
[2020-10-07T01:06:48.879-0300][gc,marking    ] GC(17) Concurrent Scan Root Regions 1.676ms
[2020-10-07T01:06:48.879-0300][gc,marking    ] GC(17) Concurrent Mark (15.403s)
[2020-10-07T01:06:48.879-0300][gc,marking    ] GC(17) Concurrent Mark From Roots
[2020-10-07T01:06:48.879-0300][gc,task       ] GC(17) Using 1 workers of 1 for marking
[2020-10-07T01:06:49.194-0300][gc,marking    ] GC(17) Concurrent Mark From Roots 315.328ms
[2020-10-07T01:06:49.195-0300][gc,marking    ] GC(17) Concurrent Preclean
[2020-10-07T01:06:49.198-0300][gc,marking    ] GC(17) Concurrent Preclean 3.418ms
[2020-10-07T01:06:49.198-0300][gc,marking    ] GC(17) Concurrent Mark (15.403s, 15.722s) 319.094ms
[2020-10-07T01:06:49.201-0300][gc,start      ] GC(17) Pause Remark
[2020-10-07T01:06:49.260-0300][gc,stringtable] GC(17) Cleaned string and symbol table, strings: 8189 processed, 0 removed, symbols: 51837 processed, 18 removed
[2020-10-07T01:06:49.261-0300][gc            ] GC(17) Pause Remark 30M->30M(50M) 60.772ms
[2020-10-07T01:06:49.261-0300][gc,cpu        ] GC(17) User=0.11s Sys=0.00s Real=0.06s
[2020-10-07T01:06:49.262-0300][gc,marking    ] GC(17) Concurrent Rebuild Remembered Sets
[2020-10-07T01:06:49.437-0300][gc,marking    ] GC(17) Concurrent Rebuild Remembered Sets 174.716ms
[2020-10-07T01:06:49.438-0300][gc,start      ] GC(17) Pause Cleanup
[2020-10-07T01:06:49.439-0300][gc            ] GC(17) Pause Cleanup 39M->39M(50M) 0.600ms
[2020-10-07T01:06:49.439-0300][gc,cpu        ] GC(17) User=0.00s Sys=0.00s Real=0.00s
[2020-10-07T01:06:49.447-0300][gc,marking    ] GC(17) Concurrent Cleanup for Next Mark
[2020-10-07T01:06:49.448-0300][gc,marking    ] GC(17) Concurrent Cleanup for Next Mark 1.241ms
[2020-10-07T01:06:49.448-0300][gc            ] GC(17) Concurrent Cycle 571.767ms
[2020-10-07T01:06:49.630-0300][gc,heap       ] GC(18) Heap before GC invocations=18 (full 0): garbage-first heap   total 51200K, used 43098K [0x0000000083000000, 0x0000000100000000)
[2020-10-07T01:06:49.630-0300][gc,heap       ] GC(18)   region size 1024K, 15 young (15360K), 1 survivors (1024K)
[2020-10-07T01:06:49.630-0300][gc,heap       ] GC(18)  Metaspace       used 19020K, capacity 20203K, committed 20352K, reserved 1067008K
[2020-10-07T01:06:49.630-0300][gc,heap       ] GC(18)   class space    used 2067K, capacity 2567K, committed 2688K, reserved 1048576K
[2020-10-07T01:06:49.630-0300][gc,start      ] GC(18) Pause Young (Normal) (G1 Evacuation Pause)
[2020-10-07T01:06:49.631-0300][gc,task       ] GC(18) Using 4 workers of 4 for evacuation
[2020-10-07T01:06:49.646-0300][gc,phases     ] GC(18)   Pre Evacuate Collection Set: 0.1ms
[2020-10-07T01:06:49.646-0300][gc,phases     ] GC(18)   Evacuate Collection Set: 12.0ms
[2020-10-07T01:06:49.646-0300][gc,phases     ] GC(18)   Post Evacuate Collection Set: 3.1ms
[2020-10-07T01:06:49.647-0300][gc,phases     ] GC(18)   Other: 0.8ms
[2020-10-07T01:06:49.647-0300][gc,heap       ] GC(18) Eden regions: 14->0(12)
[2020-10-07T01:06:49.647-0300][gc,heap       ] GC(18) Survivor regions: 1->2(2)
[2020-10-07T01:06:49.647-0300][gc,heap       ] GC(18) Old regions: 14->14
[2020-10-07T01:06:49.647-0300][gc,heap       ] GC(18) Humongous regions: 16->9
[2020-10-07T01:06:49.647-0300][gc,metaspace  ] GC(18) Metaspace: 19020K->19020K(1067008K)
[2020-10-07T01:06:49.647-0300][gc,heap       ] GC(18) Heap after GC invocations=19 (full 0): garbage-first heap   total 51200K, used 23364K [0x0000000083000000, 0x0000000100000000)
[2020-10-07T01:06:49.647-0300][gc,heap       ] GC(18)   region size 1024K, 2 young (2048K), 2 survivors (2048K)
[2020-10-07T01:06:49.647-0300][gc,heap       ] GC(18)  Metaspace       used 19020K, capacity 20203K, committed 20352K, reserved 1067008K
[2020-10-07T01:06:49.647-0300][gc,heap       ] GC(18)   class space    used 2067K, capacity 2567K, committed 2688K, reserved 1048576K
[2020-10-07T01:06:49.647-0300][gc            ] GC(18) Pause Young (Normal) (G1 Evacuation Pause) 43M->22M(50M) 16.849ms
[2020-10-07T01:06:49.648-0300][gc,cpu        ] GC(18) User=0.03s Sys=0.01s Real=0.02s
[2020-10-07T01:06:50.198-0300][gc,heap       ] GC(19) Heap before GC invocations=19 (full 0): garbage-first heap   total 51200K, used 34628K [0x0000000083000000, 0x0000000100000000)
[2020-10-07T01:06:50.198-0300][gc,heap       ] GC(19)   region size 1024K, 14 young (14336K), 2 survivors (2048K)
[2020-10-07T01:06:50.198-0300][gc,heap       ] GC(19)  Metaspace       used 19113K, capacity 20273K, committed 20608K, reserved 1067008K
[2020-10-07T01:06:50.198-0300][gc,heap       ] GC(19)   class space    used 2073K, capacity 2568K, committed 2688K, reserved 1048576K
[2020-10-07T01:06:50.198-0300][gc,start      ] GC(19) Pause Young (Concurrent Start) (G1 Evacuation Pause)
[2020-10-07T01:06:50.198-0300][gc,task       ] GC(19) Using 4 workers of 4 for evacuation
[2020-10-07T01:06:50.252-0300][gc,phases     ] GC(19)   Pre Evacuate Collection Set: 0.3ms
[2020-10-07T01:06:50.253-0300][gc,phases     ] GC(19)   Evacuate Collection Set: 50.6ms
[2020-10-07T01:06:50.253-0300][gc,phases     ] GC(19)   Post Evacuate Collection Set: 2.6ms
[2020-10-07T01:06:50.253-0300][gc,phases     ] GC(19)   Other: 1.0ms
[2020-10-07T01:06:50.253-0300][gc,heap       ] GC(19) Eden regions: 12->0(14)
[2020-10-07T01:06:50.253-0300][gc,heap       ] GC(19) Survivor regions: 2->2(2)
[2020-10-07T01:06:50.253-0300][gc,heap       ] GC(19) Old regions: 14->18
[2020-10-07T01:06:50.253-0300][gc,heap       ] GC(19) Humongous regions: 9->9
[2020-10-07T01:06:50.253-0300][gc,metaspace  ] GC(19) Metaspace: 19113K->19113K(1067008K)
[2020-10-07T01:06:50.253-0300][gc,heap       ] GC(19) Heap after GC invocations=20 (full 0): garbage-first heap   total 61440K, used 27389K [0x0000000083000000, 0x0000000100000000)
[2020-10-07T01:06:50.253-0300][gc,heap       ] GC(19)   region size 1024K, 2 young (2048K), 2 survivors (2048K)
[2020-10-07T01:06:50.253-0300][gc,heap       ] GC(19)  Metaspace       used 19113K, capacity 20273K, committed 20608K, reserved 1067008K
[2020-10-07T01:06:50.253-0300][gc,heap       ] GC(19)   class space    used 2073K, capacity 2568K, committed 2688K, reserved 1048576K
[2020-10-07T01:06:50.254-0300][gc            ] GC(19) Pause Young (Concurrent Start) (G1 Evacuation Pause) 34M->26M(60M) 55.183ms
[2020-10-07T01:06:50.256-0300][gc,cpu        ] GC(19) User=0.13s Sys=0.01s Real=0.06s
[2020-10-07T01:06:50.256-0300][gc            ] GC(20) Concurrent Cycle
[2020-10-07T01:06:50.256-0300][gc,marking    ] GC(20) Concurrent Clear Claimed Marks
[2020-10-07T01:06:50.257-0300][gc,marking    ] GC(20) Concurrent Clear Claimed Marks 0.292ms
[2020-10-07T01:06:50.257-0300][gc,marking    ] GC(20) Concurrent Scan Root Regions
[2020-10-07T01:06:50.279-0300][gc,marking    ] GC(20) Concurrent Scan Root Regions 22.379ms
[2020-10-07T01:06:50.280-0300][gc,marking    ] GC(20) Concurrent Mark (16.804s)
[2020-10-07T01:06:50.280-0300][gc,marking    ] GC(20) Concurrent Mark From Roots
[2020-10-07T01:06:50.280-0300][gc,task       ] GC(20) Using 1 workers of 1 for marking
[2020-10-07T01:06:50.603-0300][gc,marking    ] GC(20) Concurrent Mark From Roots 323.365ms
[2020-10-07T01:06:50.603-0300][gc,marking    ] GC(20) Concurrent Preclean
[2020-10-07T01:06:50.604-0300][gc,marking    ] GC(20) Concurrent Preclean 0.304ms
[2020-10-07T01:06:50.604-0300][gc,marking    ] GC(20) Concurrent Mark (16.804s, 17.128s) 324.294ms
[2020-10-07T01:06:50.605-0300][gc,start      ] GC(20) Pause Remark
[2020-10-07T01:06:50.634-0300][gc,stringtable] GC(20) Cleaned string and symbol table, strings: 8364 processed, 1 removed, symbols: 52153 processed, 17 removed
[2020-10-07T01:06:50.635-0300][gc            ] GC(20) Pause Remark 32M->32M(60M) 30.705ms
[2020-10-07T01:06:50.635-0300][gc,cpu        ] GC(20) User=0.10s Sys=0.01s Real=0.04s
[2020-10-07T01:06:50.636-0300][gc,marking    ] GC(20) Concurrent Rebuild Remembered Sets
[2020-10-07T01:06:50.794-0300][gc,marking    ] GC(20) Concurrent Rebuild Remembered Sets 158.482ms
[2020-10-07T01:06:50.798-0300][gc,start      ] GC(20) Pause Cleanup
[2020-10-07T01:06:50.799-0300][gc            ] GC(20) Pause Cleanup 34M->34M(60M) 0.531ms
[2020-10-07T01:06:50.799-0300][gc,cpu        ] GC(20) User=0.00s Sys=0.00s Real=0.00s
[2020-10-07T01:06:50.799-0300][gc,marking    ] GC(20) Concurrent Cleanup for Next Mark
[2020-10-07T01:06:50.801-0300][gc,marking    ] GC(20) Concurrent Cleanup for Next Mark 1.488ms
[2020-10-07T01:06:50.801-0300][gc            ] GC(20) Concurrent Cycle 544.911ms
[2020-10-07T01:06:50.943-0300][gc,heap       ] GC(21) Heap before GC invocations=21 (full 0): garbage-first heap   total 61440K, used 40701K [0x0000000083000000, 0x0000000100000000)
[2020-10-07T01:06:50.943-0300][gc,heap       ] GC(21)   region size 1024K, 16 young (16384K), 2 survivors (2048K)
[2020-10-07T01:06:50.943-0300][gc,heap       ] GC(21)  Metaspace       used 19610K, capacity 20756K, committed 20864K, reserved 1067008K
[2020-10-07T01:06:50.943-0300][gc,heap       ] GC(21)   class space    used 2119K, capacity 2614K, committed 2688K, reserved 1048576K
[2020-10-07T01:06:50.943-0300][gc,start      ] GC(21) Pause Young (Normal) (G1 Evacuation Pause)
[2020-10-07T01:06:50.943-0300][gc,task       ] GC(21) Using 4 workers of 4 for evacuation
[2020-10-07T01:06:50.972-0300][gc,phases     ] GC(21)   Pre Evacuate Collection Set: 0.1ms
[2020-10-07T01:06:50.972-0300][gc,phases     ] GC(21)   Evacuate Collection Set: 26.5ms
[2020-10-07T01:06:50.972-0300][gc,phases     ] GC(21)   Post Evacuate Collection Set: 2.0ms
[2020-10-07T01:06:50.972-0300][gc,phases     ] GC(21)   Other: 0.8ms
[2020-10-07T01:06:50.972-0300][gc,heap       ] GC(21) Eden regions: 14->0(13)
[2020-10-07T01:06:50.973-0300][gc,heap       ] GC(21) Survivor regions: 2->2(2)
[2020-10-07T01:06:50.973-0300][gc,heap       ] GC(21) Old regions: 18->20
[2020-10-07T01:06:50.973-0300][gc,heap       ] GC(21) Humongous regions: 9->9
[2020-10-07T01:06:50.973-0300][gc,metaspace  ] GC(21) Metaspace: 19610K->19610K(1067008K)
[2020-10-07T01:06:50.973-0300][gc,heap       ] GC(21) Heap after GC invocations=22 (full 0): garbage-first heap   total 61440K, used 29152K [0x0000000083000000, 0x0000000100000000)
[2020-10-07T01:06:50.973-0300][gc,heap       ] GC(21)   region size 1024K, 2 young (2048K), 2 survivors (2048K)
[2020-10-07T01:06:50.973-0300][gc,heap       ] GC(21)  Metaspace       used 19610K, capacity 20756K, committed 20864K, reserved 1067008K
[2020-10-07T01:06:50.973-0300][gc,heap       ] GC(21)   class space    used 2119K, capacity 2614K, committed 2688K, reserved 1048576K
[2020-10-07T01:06:50.973-0300][gc            ] GC(21) Pause Young (Normal) (G1 Evacuation Pause) 40M->28M(60M) 30.078ms
[2020-10-07T01:06:50.973-0300][gc,cpu        ] GC(21) User=0.09s Sys=0.00s Real=0.03s
[2020-10-07T01:06:50.991-0300][gc,heap       ] GC(22) Heap before GC invocations=22 (full 0): garbage-first heap   total 61440K, used 29152K [0x0000000083000000, 0x0000000100000000)
[2020-10-07T01:06:50.991-0300][gc,heap       ] GC(22)   region size 1024K, 3 young (3072K), 2 survivors (2048K)
[2020-10-07T01:06:50.991-0300][gc,heap       ] GC(22)  Metaspace       used 19618K, capacity 20756K, committed 20864K, reserved 1067008K
[2020-10-07T01:06:50.991-0300][gc,heap       ] GC(22)   class space    used 2121K, capacity 2614K, committed 2688K, reserved 1048576K
[2020-10-07T01:06:50.992-0300][gc,start      ] GC(22) Pause Young (Concurrent Start) (G1 Humongous Allocation)
[2020-10-07T01:06:50.992-0300][gc,task       ] GC(22) Using 4 workers of 4 for evacuation
[2020-10-07T01:06:51.001-0300][gc,phases     ] GC(22)   Pre Evacuate Collection Set: 0.4ms
[2020-10-07T01:06:51.001-0300][gc,phases     ] GC(22)   Evacuate Collection Set: 6.8ms
[2020-10-07T01:06:51.001-0300][gc,phases     ] GC(22)   Post Evacuate Collection Set: 1.1ms
[2020-10-07T01:06:51.001-0300][gc,phases     ] GC(22)   Other: 1.1ms
[2020-10-07T01:06:51.001-0300][gc,heap       ] GC(22) Eden regions: 1->0(12)
[2020-10-07T01:06:51.001-0300][gc,heap       ] GC(22) Survivor regions: 2->1(2)
[2020-10-07T01:06:51.001-0300][gc,heap       ] GC(22) Old regions: 20->21
[2020-10-07T01:06:51.001-0300][gc,heap       ] GC(22) Humongous regions: 9->9
[2020-10-07T01:06:51.001-0300][gc,metaspace  ] GC(22) Metaspace: 19618K->19618K(1067008K)
[2020-10-07T01:06:51.001-0300][gc,heap       ] GC(22) Heap after GC invocations=23 (full 0): garbage-first heap   total 61440K, used 29067K [0x0000000083000000, 0x0000000100000000)
[2020-10-07T01:06:51.001-0300][gc,heap       ] GC(22)   region size 1024K, 1 young (1024K), 1 survivors (1024K)
[2020-10-07T01:06:51.001-0300][gc,heap       ] GC(22)  Metaspace       used 19618K, capacity 20756K, committed 20864K, reserved 1067008K
[2020-10-07T01:06:51.001-0300][gc,heap       ] GC(22)   class space    used 2121K, capacity 2614K, committed 2688K, reserved 1048576K
[2020-10-07T01:06:51.001-0300][gc            ] GC(22) Pause Young (Concurrent Start) (G1 Humongous Allocation) 28M->28M(60M) 9.767ms
[2020-10-07T01:06:51.001-0300][gc,cpu        ] GC(22) User=0.03s Sys=0.01s Real=0.01s
[2020-10-07T01:06:51.002-0300][gc            ] GC(23) Concurrent Cycle
[2020-10-07T01:06:51.002-0300][gc,marking    ] GC(23) Concurrent Clear Claimed Marks
[2020-10-07T01:06:51.002-0300][gc,marking    ] GC(23) Concurrent Clear Claimed Marks 0.298ms
[2020-10-07T01:06:51.002-0300][gc,marking    ] GC(23) Concurrent Scan Root Regions
[2020-10-07T01:06:51.003-0300][gc,marking    ] GC(23) Concurrent Scan Root Regions 0.900ms
[2020-10-07T01:06:51.003-0300][gc,marking    ] GC(23) Concurrent Mark (17.528s)
[2020-10-07T01:06:51.004-0300][gc,marking    ] GC(23) Concurrent Mark From Roots
[2020-10-07T01:06:51.004-0300][gc,task       ] GC(23) Using 1 workers of 1 for marking
[2020-10-07T01:06:51.251-0300][gc,heap       ] GC(24) Heap before GC invocations=23 (full 0): garbage-first heap   total 61440K, used 49547K [0x0000000083000000, 0x0000000100000000)
[2020-10-07T01:06:51.251-0300][gc,heap       ] GC(24)   region size 1024K, 13 young (13312K), 1 survivors (1024K)
[2020-10-07T01:06:51.252-0300][gc,heap       ] GC(24)  Metaspace       used 19690K, capacity 20820K, committed 21120K, reserved 1067008K
[2020-10-07T01:06:51.252-0300][gc,heap       ] GC(24)   class space    used 2128K, capacity 2614K, committed 2688K, reserved 1048576K
[2020-10-07T01:06:51.252-0300][gc,start      ] GC(24) Pause Young (Normal) (G1 Evacuation Pause)
[2020-10-07T01:06:51.252-0300][gc,task       ] GC(24) Using 4 workers of 4 for evacuation
[2020-10-07T01:06:51.273-0300][gc,phases     ] GC(24)   Pre Evacuate Collection Set: 0.1ms
[2020-10-07T01:06:51.273-0300][gc,phases     ] GC(24)   Evacuate Collection Set: 17.6ms
[2020-10-07T01:06:51.273-0300][gc,phases     ] GC(24)   Post Evacuate Collection Set: 2.9ms
[2020-10-07T01:06:51.273-0300][gc,phases     ] GC(24)   Other: 1.1ms
[2020-10-07T01:06:51.274-0300][gc,heap       ] GC(24) Eden regions: 12->0(9)
[2020-10-07T01:06:51.274-0300][gc,heap       ] GC(24) Survivor regions: 1->2(2)
[2020-10-07T01:06:51.274-0300][gc,heap       ] GC(24) Old regions: 21->22
[2020-10-07T01:06:51.274-0300][gc,heap       ] GC(24) Humongous regions: 18->13
[2020-10-07T01:06:51.274-0300][gc,metaspace  ] GC(24) Metaspace: 19690K->19690K(1067008K)
[2020-10-07T01:06:51.274-0300][gc,heap       ] GC(24) Heap after GC invocations=24 (full 0): garbage-first heap   total 61440K, used 35857K [0x0000000083000000, 0x0000000100000000)
[2020-10-07T01:06:51.274-0300][gc,heap       ] GC(24)   region size 1024K, 2 young (2048K), 2 survivors (2048K)
[2020-10-07T01:06:51.274-0300][gc,heap       ] GC(24)  Metaspace       used 19690K, capacity 20820K, committed 21120K, reserved 1067008K
[2020-10-07T01:06:51.274-0300][gc,heap       ] GC(24)   class space    used 2128K, capacity 2614K, committed 2688K, reserved 1048576K
[2020-10-07T01:06:51.274-0300][gc            ] GC(24) Pause Young (Normal) (G1 Evacuation Pause) 49M->35M(60M) 22.428ms
[2020-10-07T01:06:51.274-0300][gc,cpu        ] GC(24) User=0.07s Sys=0.00s Real=0.02s
[2020-10-07T01:06:51.287-0300][gc,marking    ] GC(23) Concurrent Mark From Roots 283.587ms
[2020-10-07T01:06:51.287-0300][gc,marking    ] GC(23) Concurrent Preclean
[2020-10-07T01:06:51.288-0300][gc,marking    ] GC(23) Concurrent Preclean 0.327ms
[2020-10-07T01:06:51.288-0300][gc,marking    ] GC(23) Concurrent Mark (17.528s, 17.812s) 284.296ms
[2020-10-07T01:06:51.289-0300][gc,start      ] GC(23) Pause Remark
[2020-10-07T01:06:51.308-0300][gc,stringtable] GC(23) Cleaned string and symbol table, strings: 8704 processed, 25 removed, symbols: 53634 processed, 19 removed
[2020-10-07T01:06:51.309-0300][gc            ] GC(23) Pause Remark 35M->35M(60M) 19.307ms
[2020-10-07T01:06:51.309-0300][gc,cpu        ] GC(23) User=0.07s Sys=0.00s Real=0.02s
[2020-10-07T01:06:51.309-0300][gc,marking    ] GC(23) Concurrent Rebuild Remembered Sets
[2020-10-07T01:06:51.474-0300][gc,marking    ] GC(23) Concurrent Rebuild Remembered Sets 164.268ms
[2020-10-07T01:06:51.474-0300][gc,start      ] GC(23) Pause Cleanup
[2020-10-07T01:06:51.475-0300][gc            ] GC(23) Pause Cleanup 39M->39M(60M) 0.754ms
[2020-10-07T01:06:51.475-0300][gc,cpu        ] GC(23) User=0.00s Sys=0.00s Real=0.01s
[2020-10-07T01:06:51.481-0300][gc,marking    ] GC(23) Concurrent Cleanup for Next Mark
[2020-10-07T01:06:51.507-0300][gc,marking    ] GC(23) Concurrent Cleanup for Next Mark 26.235ms
[2020-10-07T01:06:51.507-0300][gc            ] GC(23) Concurrent Cycle 505.461ms
[2020-10-07T01:06:51.722-0300][gc,heap       ] GC(25) Heap before GC invocations=25 (full 0): garbage-first heap   total 61440K, used 44049K [0x0000000083000000, 0x0000000100000000)
[2020-10-07T01:06:51.722-0300][gc,heap       ] GC(25)   region size 1024K, 11 young (11264K), 2 survivors (2048K)
[2020-10-07T01:06:51.722-0300][gc,heap       ] GC(25)  Metaspace       used 19819K, capacity 21037K, committed 21120K, reserved 1067008K
[2020-10-07T01:06:51.722-0300][gc,heap       ] GC(25)   class space    used 2144K, capacity 2660K, committed 2688K, reserved 1048576K
[2020-10-07T01:06:51.722-0300][gc,start      ] GC(25) Pause Young (Normal) (G1 Evacuation Pause)
[2020-10-07T01:06:51.722-0300][gc,task       ] GC(25) Using 4 workers of 4 for evacuation
[2020-10-07T01:06:51.744-0300][gc,phases     ] GC(25)   Pre Evacuate Collection Set: 0.1ms
[2020-10-07T01:06:51.744-0300][gc,phases     ] GC(25)   Evacuate Collection Set: 18.5ms
[2020-10-07T01:06:51.744-0300][gc,phases     ] GC(25)   Post Evacuate Collection Set: 2.7ms
[2020-10-07T01:06:51.745-0300][gc,phases     ] GC(25)   Other: 1.0ms
[2020-10-07T01:06:51.745-0300][gc,heap       ] GC(25) Eden regions: 9->0(15)
[2020-10-07T01:06:51.745-0300][gc,heap       ] GC(25) Survivor regions: 2->2(2)
[2020-10-07T01:06:51.745-0300][gc,heap       ] GC(25) Old regions: 22->24
[2020-10-07T01:06:51.745-0300][gc,heap       ] GC(25) Humongous regions: 13->13
[2020-10-07T01:06:51.745-0300][gc,metaspace  ] GC(25) Metaspace: 19819K->19819K(1067008K)
[2020-10-07T01:06:51.745-0300][gc,heap       ] GC(25) Heap after GC invocations=26 (full 0): garbage-first heap   total 80896K, used 36928K [0x0000000083000000, 0x0000000100000000)
[2020-10-07T01:06:51.745-0300][gc,heap       ] GC(25)   region size 1024K, 2 young (2048K), 2 survivors (2048K)
[2020-10-07T01:06:51.745-0300][gc,heap       ] GC(25)  Metaspace       used 19819K, capacity 21037K, committed 21120K, reserved 1067008K
[2020-10-07T01:06:51.745-0300][gc,heap       ] GC(25)   class space    used 2144K, capacity 2660K, committed 2688K, reserved 1048576K
[2020-10-07T01:06:51.745-0300][gc            ] GC(25) Pause Young (Normal) (G1 Evacuation Pause) 44M->36M(79M) 22.834ms
[2020-10-07T01:06:51.745-0300][gc,cpu        ] GC(25) User=0.08s Sys=0.01s Real=0.03s
[2020-10-07T01:06:52.565-0300][gc,heap       ] GC(26) Heap before GC invocations=26 (full 0): garbage-first heap   total 80896K, used 43072K [0x0000000083000000, 0x0000000100000000)
[2020-10-07T01:06:52.566-0300][gc,heap       ] GC(26)   region size 1024K, 10 young (10240K), 2 survivors (2048K)
[2020-10-07T01:06:52.566-0300][gc,heap       ] GC(26)  Metaspace       used 19957K, capacity 21180K, committed 21376K, reserved 1069056K
[2020-10-07T01:06:52.566-0300][gc,heap       ] GC(26)   class space    used 2154K, capacity 2671K, committed 2688K, reserved 1048576K
[2020-10-07T01:06:52.566-0300][gc,start      ] GC(26) Pause Young (Concurrent Start) (G1 Humongous Allocation)
[2020-10-07T01:06:52.566-0300][gc,task       ] GC(26) Using 4 workers of 4 for evacuation
[2020-10-07T01:06:52.620-0300][gc,phases     ] GC(26)   Pre Evacuate Collection Set: 0.3ms
[2020-10-07T01:06:52.620-0300][gc,phases     ] GC(26)   Evacuate Collection Set: 49.3ms
[2020-10-07T01:06:52.620-0300][gc,phases     ] GC(26)   Post Evacuate Collection Set: 4.2ms
[2020-10-07T01:06:52.621-0300][gc,phases     ] GC(26)   Other: 1.1ms
[2020-10-07T01:06:52.621-0300][gc,heap       ] GC(26) Eden regions: 8->0(15)
[2020-10-07T01:06:52.621-0300][gc,heap       ] GC(26) Survivor regions: 2->3(3)
[2020-10-07T01:06:52.621-0300][gc,heap       ] GC(26) Old regions: 24->24
[2020-10-07T01:06:52.621-0300][gc,heap       ] GC(26) Humongous regions: 13->13
[2020-10-07T01:06:52.621-0300][gc,metaspace  ] GC(26) Metaspace: 19957K->19957K(1069056K)
[2020-10-07T01:06:52.621-0300][gc,heap       ] GC(26) Heap after GC invocations=27 (full 0): garbage-first heap   total 80896K, used 38253K [0x0000000083000000, 0x0000000100000000)
[2020-10-07T01:06:52.621-0300][gc,heap       ] GC(26)   region size 1024K, 3 young (3072K), 3 survivors (3072K)
[2020-10-07T01:06:52.621-0300][gc,heap       ] GC(26)  Metaspace       used 19957K, capacity 21180K, committed 21376K, reserved 1069056K
[2020-10-07T01:06:52.621-0300][gc,heap       ] GC(26)   class space    used 2154K, capacity 2671K, committed 2688K, reserved 1048576K
[2020-10-07T01:06:52.621-0300][gc            ] GC(26) Pause Young (Concurrent Start) (G1 Humongous Allocation) 43M->37M(79M) 55.341ms
[2020-10-07T01:06:52.621-0300][gc,cpu        ] GC(26) User=0.11s Sys=0.01s Real=0.05s
[2020-10-07T01:06:52.622-0300][gc            ] GC(27) Concurrent Cycle
[2020-10-07T01:06:52.625-0300][gc,marking    ] GC(27) Concurrent Clear Claimed Marks
[2020-10-07T01:06:52.626-0300][gc,marking    ] GC(27) Concurrent Clear Claimed Marks 3.951ms
[2020-10-07T01:06:52.626-0300][gc,marking    ] GC(27) Concurrent Scan Root Regions
[2020-10-07T01:06:52.641-0300][gc,marking    ] GC(27) Concurrent Scan Root Regions 15.457ms
[2020-10-07T01:06:52.642-0300][gc,marking    ] GC(27) Concurrent Mark (19.166s)
[2020-10-07T01:06:52.642-0300][gc,marking    ] GC(27) Concurrent Mark From Roots
[2020-10-07T01:06:52.642-0300][gc,task       ] GC(27) Using 1 workers of 1 for marking
[2020-10-07T01:06:53.323-0300][gc,marking    ] GC(27) Concurrent Mark From Roots 681.204ms
[2020-10-07T01:06:53.323-0300][gc,marking    ] GC(27) Concurrent Preclean
[2020-10-07T01:06:53.323-0300][gc,marking    ] GC(27) Concurrent Preclean 0.339ms
[2020-10-07T01:06:53.323-0300][gc,marking    ] GC(27) Concurrent Mark (19.166s, 19.847s) 681.848ms
[2020-10-07T01:06:53.324-0300][gc,start      ] GC(27) Pause Remark
[2020-10-07T01:06:53.350-0300][gc,stringtable] GC(27) Cleaned string and symbol table, strings: 9035 processed, 0 removed, symbols: 54378 processed, 22 removed
[2020-10-07T01:06:53.350-0300][gc            ] GC(27) Pause Remark 46M->44M(79M) 25.987ms
[2020-10-07T01:06:53.351-0300][gc,cpu        ] GC(27) User=0.05s Sys=0.00s Real=0.03s
[2020-10-07T01:06:53.351-0300][gc,marking    ] GC(27) Concurrent Rebuild Remembered Sets
[2020-10-07T01:06:53.616-0300][gc,marking    ] GC(27) Concurrent Rebuild Remembered Sets 264.988ms
[2020-10-07T01:06:53.626-0300][gc,start      ] GC(27) Pause Cleanup
[2020-10-07T01:06:53.627-0300][gc            ] GC(27) Pause Cleanup 45M->45M(79M) 0.718ms
[2020-10-07T01:06:53.627-0300][gc,cpu        ] GC(27) User=0.00s Sys=0.00s Real=0.00s
[2020-10-07T01:06:53.633-0300][gc,marking    ] GC(27) Concurrent Cleanup for Next Mark
[2020-10-07T01:06:53.643-0300][gc,marking    ] GC(27) Concurrent Cleanup for Next Mark 10.428ms
[2020-10-07T01:06:53.643-0300][gc            ] GC(27) Concurrent Cycle 1021.812ms
[2020-10-07T01:06:54.593-0300][gc,heap       ] GC(28) Heap before GC invocations=28 (full 0): garbage-first heap   total 80896K, used 51565K [0x0000000083000000, 0x0000000100000000)
[2020-10-07T01:06:54.594-0300][gc,heap       ] GC(28)   region size 1024K, 18 young (18432K), 3 survivors (3072K)
[2020-10-07T01:06:54.594-0300][gc,heap       ] GC(28)  Metaspace       used 20313K, capacity 21692K, committed 22016K, reserved 1069056K
[2020-10-07T01:06:54.594-0300][gc,heap       ] GC(28)   class space    used 2194K, capacity 2723K, committed 2816K, reserved 1048576K
[2020-10-07T01:06:54.594-0300][gc,start      ] GC(28) Pause Young (Normal) (G1 Evacuation Pause)
[2020-10-07T01:06:54.594-0300][gc,task       ] GC(28) Using 4 workers of 4 for evacuation
[2020-10-07T01:06:54.673-0300][gc,phases     ] GC(28)   Pre Evacuate Collection Set: 0.1ms
[2020-10-07T01:06:54.673-0300][gc,phases     ] GC(28)   Evacuate Collection Set: 76.0ms
[2020-10-07T01:06:54.674-0300][gc,phases     ] GC(28)   Post Evacuate Collection Set: 2.9ms
[2020-10-07T01:06:54.674-0300][gc,phases     ] GC(28)   Other: 0.9ms
[2020-10-07T01:06:54.674-0300][gc,heap       ] GC(28) Eden regions: 15->0(17)
[2020-10-07T01:06:54.674-0300][gc,heap       ] GC(28) Survivor regions: 3->3(3)
[2020-10-07T01:06:54.674-0300][gc,heap       ] GC(28) Old regions: 24->25
[2020-10-07T01:06:54.674-0300][gc,heap       ] GC(28) Humongous regions: 12->11
[2020-10-07T01:06:54.674-0300][gc,metaspace  ] GC(28) Metaspace: 20313K->20313K(1069056K)
[2020-10-07T01:06:54.674-0300][gc,heap       ] GC(28) Heap after GC invocations=29 (full 0): garbage-first heap   total 80896K, used 38521K [0x0000000083000000, 0x0000000100000000)
[2020-10-07T01:06:54.674-0300][gc,heap       ] GC(28)   region size 1024K, 3 young (3072K), 3 survivors (3072K)
[2020-10-07T01:06:54.674-0300][gc,heap       ] GC(28)  Metaspace       used 20313K, capacity 21692K, committed 22016K, reserved 1069056K
[2020-10-07T01:06:54.674-0300][gc,heap       ] GC(28)   class space    used 2194K, capacity 2723K, committed 2816K, reserved 1048576K
[2020-10-07T01:06:54.674-0300][gc            ] GC(28) Pause Young (Normal) (G1 Evacuation Pause) 51M->37M(79M) 80.519ms
[2020-10-07T01:06:54.675-0300][gc,cpu        ] GC(28) User=0.18s Sys=0.00s Real=0.08s
[2020-10-07T01:06:55.000-0300][gc,heap       ] GC(29) Heap before GC invocations=29 (full 0): garbage-first heap   total 80896K, used 55929K [0x0000000083000000, 0x0000000100000000)
[2020-10-07T01:06:55.000-0300][gc,heap       ] GC(29)   region size 1024K, 20 young (20480K), 3 survivors (3072K)
[2020-10-07T01:06:55.000-0300][gc,heap       ] GC(29)  Metaspace       used 20364K, capacity 21696K, committed 22016K, reserved 1069056K
[2020-10-07T01:06:55.001-0300][gc,heap       ] GC(29)   class space    used 2195K, capacity 2723K, committed 2816K, reserved 1048576K
[2020-10-07T01:06:55.001-0300][gc,start      ] GC(29) Pause Young (Concurrent Start) (G1 Evacuation Pause)
[2020-10-07T01:06:55.001-0300][gc,task       ] GC(29) Using 4 workers of 4 for evacuation
[2020-10-07T01:06:55.069-0300][gc,phases     ] GC(29)   Pre Evacuate Collection Set: 0.2ms
[2020-10-07T01:06:55.070-0300][gc,phases     ] GC(29)   Evacuate Collection Set: 65.8ms
[2020-10-07T01:06:55.070-0300][gc,phases     ] GC(29)   Post Evacuate Collection Set: 1.9ms
[2020-10-07T01:06:55.070-0300][gc,phases     ] GC(29)   Other: 1.3ms
[2020-10-07T01:06:55.070-0300][gc,heap       ] GC(29) Eden regions: 17->0(17)
[2020-10-07T01:06:55.070-0300][gc,heap       ] GC(29) Survivor regions: 3->2(3)
[2020-10-07T01:06:55.070-0300][gc,heap       ] GC(29) Old regions: 25->28
[2020-10-07T01:06:55.070-0300][gc,heap       ] GC(29) Humongous regions: 11->11
[2020-10-07T01:06:55.070-0300][gc,metaspace  ] GC(29) Metaspace: 20364K->20364K(1069056K)
[2020-10-07T01:06:55.070-0300][gc,heap       ] GC(29) Heap after GC invocations=30 (full 0): garbage-first heap   total 80896K, used 39821K [0x0000000083000000, 0x0000000100000000)
[2020-10-07T01:06:55.070-0300][gc,heap       ] GC(29)   region size 1024K, 2 young (2048K), 2 survivors (2048K)
[2020-10-07T01:06:55.070-0300][gc,heap       ] GC(29)  Metaspace       used 20364K, capacity 21696K, committed 22016K, reserved 1069056K
[2020-10-07T01:06:55.070-0300][gc,heap       ] GC(29)   class space    used 2195K, capacity 2723K, committed 2816K, reserved 1048576K
[2020-10-07T01:06:55.071-0300][gc            ] GC(29) Pause Young (Concurrent Start) (G1 Evacuation Pause) 54M->38M(79M) 69.833ms
[2020-10-07T01:06:55.071-0300][gc,cpu        ] GC(29) User=0.14s Sys=0.01s Real=0.07s
[2020-10-07T01:06:55.071-0300][gc            ] GC(30) Concurrent Cycle
[2020-10-07T01:06:55.072-0300][gc,marking    ] GC(30) Concurrent Clear Claimed Marks
[2020-10-07T01:06:55.073-0300][gc,marking    ] GC(30) Concurrent Clear Claimed Marks 1.011ms
[2020-10-07T01:06:55.073-0300][gc,marking    ] GC(30) Concurrent Scan Root Regions
[2020-10-07T01:06:55.091-0300][gc,marking    ] GC(30) Concurrent Scan Root Regions 18.136ms
[2020-10-07T01:06:55.091-0300][gc,marking    ] GC(30) Concurrent Mark (21.616s)
[2020-10-07T01:06:55.092-0300][gc,marking    ] GC(30) Concurrent Mark From Roots
[2020-10-07T01:06:55.092-0300][gc,task       ] GC(30) Using 1 workers of 1 for marking
[2020-10-07T01:06:55.523-0300][gc,marking    ] GC(30) Concurrent Mark From Roots 431.646ms
[2020-10-07T01:06:55.523-0300][gc,marking    ] GC(30) Concurrent Preclean
[2020-10-07T01:06:55.524-0300][gc,marking    ] GC(30) Concurrent Preclean 0.294ms
[2020-10-07T01:06:55.524-0300][gc,marking    ] GC(30) Concurrent Mark (21.616s, 22.048s) 432.298ms
[2020-10-07T01:06:55.538-0300][gc,start      ] GC(30) Pause Remark
[2020-10-07T01:06:55.560-0300][gc,stringtable] GC(30) Cleaned string and symbol table, strings: 9236 processed, 0 removed, symbols: 54651 processed, 4 removed
[2020-10-07T01:06:55.561-0300][gc            ] GC(30) Pause Remark 46M->44M(79M) 22.882ms
[2020-10-07T01:06:55.562-0300][gc,cpu        ] GC(30) User=0.06s Sys=0.00s Real=0.02s
[2020-10-07T01:06:55.562-0300][gc,marking    ] GC(30) Concurrent Rebuild Remembered Sets
[2020-10-07T01:06:55.839-0300][gc,marking    ] GC(30) Concurrent Rebuild Remembered Sets 277.561ms
[2020-10-07T01:06:55.840-0300][gc,start      ] GC(30) Pause Cleanup
[2020-10-07T01:06:55.841-0300][gc            ] GC(30) Pause Cleanup 48M->48M(79M) 0.500ms
[2020-10-07T01:06:55.841-0300][gc,cpu        ] GC(30) User=0.00s Sys=0.00s Real=0.00s
[2020-10-07T01:06:55.841-0300][gc,marking    ] GC(30) Concurrent Cleanup for Next Mark
[2020-10-07T01:06:55.844-0300][gc,marking    ] GC(30) Concurrent Cleanup for Next Mark 2.297ms
[2020-10-07T01:06:55.844-0300][gc            ] GC(30) Concurrent Cycle 772.934ms
[2020-10-07T01:06:56.104-0300][gc,heap       ] GC(31) Heap before GC invocations=31 (full 0): garbage-first heap   total 80896K, used 55181K [0x0000000083000000, 0x0000000100000000)
[2020-10-07T01:06:56.105-0300][gc,heap       ] GC(31)   region size 1024K, 19 young (19456K), 2 survivors (2048K)
[2020-10-07T01:06:56.105-0300][gc,heap       ] GC(31)  Metaspace       used 20585K, capacity 21950K, committed 22016K, reserved 1069056K
[2020-10-07T01:06:56.105-0300][gc,heap       ] GC(31)   class space    used 2226K, capacity 2759K, committed 2816K, reserved 1048576K
[2020-10-07T01:06:56.105-0300][gc,start      ] GC(31) Pause Young (Normal) (G1 Evacuation Pause)
[2020-10-07T01:06:56.105-0300][gc,task       ] GC(31) Using 4 workers of 4 for evacuation
[2020-10-07T01:06:56.156-0300][gc,phases     ] GC(31)   Pre Evacuate Collection Set: 0.1ms
[2020-10-07T01:06:56.156-0300][gc,phases     ] GC(31)   Evacuate Collection Set: 31.5ms
[2020-10-07T01:06:56.156-0300][gc,phases     ] GC(31)   Post Evacuate Collection Set: 19.1ms
[2020-10-07T01:06:56.157-0300][gc,phases     ] GC(31)   Other: 1.2ms
[2020-10-07T01:06:56.157-0300][gc,heap       ] GC(31) Eden regions: 17->0(49)
[2020-10-07T01:06:56.157-0300][gc,heap       ] GC(31) Survivor regions: 2->2(3)
[2020-10-07T01:06:56.157-0300][gc,heap       ] GC(31) Old regions: 28->28
[2020-10-07T01:06:56.157-0300][gc,heap       ] GC(31) Humongous regions: 9->9
[2020-10-07T01:06:56.157-0300][gc,metaspace  ] GC(31) Metaspace: 20585K->20585K(1069056K)
[2020-10-07T01:06:56.157-0300][gc,heap       ] GC(31) Heap after GC invocations=32 (full 0): garbage-first heap   total 160768K, used 38505K [0x0000000083000000, 0x0000000100000000)
[2020-10-07T01:06:56.157-0300][gc,heap       ] GC(31)   region size 1024K, 2 young (2048K), 2 survivors (2048K)
[2020-10-07T01:06:56.157-0300][gc,heap       ] GC(31)  Metaspace       used 20585K, capacity 21950K, committed 22016K, reserved 1069056K
[2020-10-07T01:06:56.157-0300][gc,heap       ] GC(31)   class space    used 2226K, capacity 2759K, committed 2816K, reserved 1048576K
[2020-10-07T01:06:56.157-0300][gc            ] GC(31) Pause Young (Normal) (G1 Evacuation Pause) 53M->37M(157M) 52.205ms
[2020-10-07T01:06:56.159-0300][gc,cpu        ] GC(31) User=0.12s Sys=0.01s Real=0.05s
[2020-10-07T01:06:57.675-0300][gc,heap       ] GC(32) Heap before GC invocations=32 (full 0): garbage-first heap   total 160768K, used 89705K [0x0000000083000000, 0x0000000100000000)
[2020-10-07T01:06:57.675-0300][gc,heap       ] GC(32)   region size 1024K, 51 young (52224K), 2 survivors (2048K)
[2020-10-07T01:06:57.676-0300][gc,heap       ] GC(32)  Metaspace       used 20691K, capacity 22128K, committed 22272K, reserved 1069056K
[2020-10-07T01:06:57.676-0300][gc,heap       ] GC(32)   class space    used 2239K, capacity 2784K, committed 2816K, reserved 1048576K
[2020-10-07T01:06:57.676-0300][gc,start      ] GC(32) Pause Young (Normal) (G1 Evacuation Pause)
[2020-10-07T01:06:57.676-0300][gc,task       ] GC(32) Using 4 workers of 4 for evacuation
[2020-10-07T01:06:57.700-0300][gc,phases     ] GC(32)   Pre Evacuate Collection Set: 0.1ms
[2020-10-07T01:06:57.700-0300][gc,phases     ] GC(32)   Evacuate Collection Set: 20.8ms
[2020-10-07T01:06:57.700-0300][gc,phases     ] GC(32)   Post Evacuate Collection Set: 3.0ms
[2020-10-07T01:06:57.701-0300][gc,phases     ] GC(32)   Other: 1.2ms
[2020-10-07T01:06:57.701-0300][gc,heap       ] GC(32) Eden regions: 49->0(61)
[2020-10-07T01:06:57.701-0300][gc,heap       ] GC(32) Survivor regions: 2->2(7)
[2020-10-07T01:06:57.701-0300][gc,heap       ] GC(32) Old regions: 28->28
[2020-10-07T01:06:57.701-0300][gc,heap       ] GC(32) Humongous regions: 11->10
[2020-10-07T01:06:57.701-0300][gc,metaspace  ] GC(32) Metaspace: 20691K->20691K(1069056K)
[2020-10-07T01:06:57.701-0300][gc,heap       ] GC(32) Heap after GC invocations=33 (full 0): garbage-first heap   total 160768K, used 39534K [0x0000000083000000, 0x0000000100000000)
[2020-10-07T01:06:57.701-0300][gc,heap       ] GC(32)   region size 1024K, 2 young (2048K), 2 survivors (2048K)
[2020-10-07T01:06:57.701-0300][gc,heap       ] GC(32)  Metaspace       used 20691K, capacity 22128K, committed 22272K, reserved 1069056K
[2020-10-07T01:06:57.701-0300][gc,heap       ] GC(32)   class space    used 2239K, capacity 2784K, committed 2816K, reserved 1048576K
[2020-10-07T01:06:57.701-0300][gc            ] GC(32) Pause Young (Normal) (G1 Evacuation Pause) 88M->38M(157M) 25.339ms
[2020-10-07T01:06:57.701-0300][gc,cpu        ] GC(32) User=0.07s Sys=0.01s Real=0.02s
[2020-10-07T01:06:59.343-0300][gc,heap       ] GC(33) Heap before GC invocations=33 (full 0): garbage-first heap   total 160768K, used 109166K [0x0000000083000000, 0x0000000100000000)
[2020-10-07T01:06:59.343-0300][gc,heap       ] GC(33)   region size 1024K, 63 young (64512K), 2 survivors (2048K)
[2020-10-07T01:06:59.344-0300][gc,heap       ] GC(33)  Metaspace       used 20750K, capacity 22154K, committed 22272K, reserved 1069056K
[2020-10-07T01:06:59.344-0300][gc,heap       ] GC(33)   class space    used 2240K, capacity 2786K, committed 2816K, reserved 1048576K
[2020-10-07T01:06:59.344-0300][gc,start      ] GC(33) Pause Young (Normal) (G1 Evacuation Pause)
[2020-10-07T01:06:59.344-0300][gc,task       ] GC(33) Using 4 workers of 4 for evacuation
[2020-10-07T01:06:59.409-0300][gc,phases     ] GC(33)   Pre Evacuate Collection Set: 0.1ms
[2020-10-07T01:06:59.410-0300][gc,phases     ] GC(33)   Evacuate Collection Set: 59.7ms
[2020-10-07T01:06:59.410-0300][gc,phases     ] GC(33)   Post Evacuate Collection Set: 5.3ms
[2020-10-07T01:06:59.410-0300][gc,phases     ] GC(33)   Other: 1.0ms
[2020-10-07T01:06:59.410-0300][gc,heap       ] GC(33) Eden regions: 61->0(69)
[2020-10-07T01:06:59.410-0300][gc,heap       ] GC(33) Survivor regions: 2->4(8)
[2020-10-07T01:06:59.410-0300][gc,heap       ] GC(33) Old regions: 28->28
[2020-10-07T01:06:59.410-0300][gc,heap       ] GC(33) Humongous regions: 17->9
[2020-10-07T01:06:59.410-0300][gc,metaspace  ] GC(33) Metaspace: 20750K->20750K(1069056K)
[2020-10-07T01:06:59.410-0300][gc,heap       ] GC(33) Heap after GC invocations=34 (full 0): garbage-first heap   total 160768K, used 39666K [0x0000000083000000, 0x0000000100000000)
[2020-10-07T01:06:59.410-0300][gc,heap       ] GC(33)   region size 1024K, 4 young (4096K), 4 survivors (4096K)
[2020-10-07T01:06:59.410-0300][gc,heap       ] GC(33)  Metaspace       used 20750K, capacity 22154K, committed 22272K, reserved 1069056K
[2020-10-07T01:06:59.410-0300][gc,heap       ] GC(33)   class space    used 2240K, capacity 2786K, committed 2816K, reserved 1048576K
[2020-10-07T01:06:59.411-0300][gc            ] GC(33) Pause Young (Normal) (G1 Evacuation Pause) 106M->38M(157M) 66.847ms
[2020-10-07T01:06:59.411-0300][gc,cpu        ] GC(33) User=0.13s Sys=0.02s Real=0.07s
