Dec 24 00:01:45 untangle-main uvmconsole: [1236302.645s][info][gc] GC(19571) Pause Full (System.gc()) 51M->42M(65M) 68.588ms
Dec 24 00:04:26 untangle-main uvmconsole: [1236463.411s][info][gc] GC(19572) Pause Young (Concurrent Start) (G1 Evacuation Pause) 53M->42M(65M) 6.868ms
Dec 24 00:04:26 untangle-main uvmconsole: [1236463.411s][info][gc] GC(19573) Concurrent Cycle
Dec 24 00:04:26 untangle-main uvmconsole: [1236463.486s][info][gc] GC(19573) Pause Remark 42M->42M(65M) 4.625ms
Dec 24 00:04:26 untangle-main uvmconsole: [1236463.504s][info][gc] GC(19573) Pause Cleanup 42M->42M(65M) 0.196ms
Dec 24 00:04:26 untangle-main uvmconsole: [1236463.504s][info][gc] GC(19573) Concurrent Cycle 93.029ms
Dec 24 00:06:45 untangle-main uvmconsole: [1236602.634s][info][gc] GC(19574) Pause Full (System.gc()) 51M->42M(65M) 57.976ms
Dec 24 00:09:36 untangle-main uvmconsole: [1236773.412s][info][gc] GC(19575) Pause Young (Concurrent Start) (G1 Evacuation Pause) 54M->42M(65M) 11.321ms
Dec 24 00:09:36 untangle-main uvmconsole: [1236773.412s][info][gc] GC(19576) Concurrent Cycle
Dec 24 00:09:36 untangle-main uvmconsole: [1236773.486s][info][gc] GC(19576) Pause Remark 42M->42M(65M) 5.655ms
Dec 24 00:09:36 untangle-main uvmconsole: [1236773.504s][info][gc] GC(19576) Pause Cleanup 42M->42M(65M) 0.307ms
Dec 24 00:09:36 untangle-main uvmconsole: [1236773.505s][info][gc] GC(19576) Concurrent Cycle 92.617ms
Dec 24 00:11:45 untangle-main uvmconsole: [1236902.637s][info][gc] GC(19577) Pause Full (System.gc()) 51M->42M(65M) 60.083ms
Dec 24 00:14:16 untangle-main uvmconsole: [1237053.412s][info][gc] GC(19578) Pause Young (Concurrent Start) (G1 Evacuation Pause) 52M->42M(65M) 10.214ms
Dec 24 00:14:16 untangle-main uvmconsole: [1237053.413s][info][gc] GC(19579) Concurrent Cycle
Dec 24 00:14:16 untangle-main uvmconsole: [1237053.476s][info][gc] GC(19579) Pause Remark 42M->42M(65M) 4.064ms
Dec 24 00:14:16 untangle-main uvmconsole: [1237053.494s][info][gc] GC(19579) Pause Cleanup 42M->42M(65M) 0.202ms
Dec 24 00:14:16 untangle-main uvmconsole: [1237053.495s][info][gc] GC(19579) Concurrent Cycle 82.236ms
Dec 24 00:16:26 untangle-main uvmconsole: [1237183.564s][info][gc] GC(19580) Pause Young (Prepare Mixed) (G1 Evacuation Pause) 51M->42M(65M) 5.161ms
Dec 24 00:16:45 untangle-main uvmconsole: [1237202.647s][info][gc] GC(19581) Pause Full (System.gc()) 43M->42M(65M) 68.396ms
Dec 24 00:19:46 untangle-main uvmconsole: [1237383.402s][info][gc] GC(19582) Pause Young (Normal) (G1 Evacuation Pause) 54M->42M(65M) 2.483ms
Dec 24 00:21:45 untangle-main uvmconsole: [1237502.640s][info][gc] GC(19583) Pause Full (System.gc()) 50M->42M(65M) 62.479ms
Dec 24 00:24:26 untangle-main uvmconsole: [1237663.413s][info][gc] GC(19584) Pause Young (Concurrent Start) (G1 Evacuation Pause) 53M->42M(65M) 7.202ms
Dec 24 00:24:26 untangle-main uvmconsole: [1237663.414s][info][gc] GC(19585) Concurrent Cycle
Dec 24 00:24:26 untangle-main uvmconsole: [1237663.470s][info][gc] GC(19585) Pause Remark 42M->42M(65M) 3.834ms
Dec 24 00:24:26 untangle-main uvmconsole: [1237663.489s][info][gc] GC(19585) Pause Cleanup 42M->42M(65M) 0.172ms
Dec 24 00:24:26 untangle-main uvmconsole: [1237663.489s][info][gc] GC(19585) Concurrent Cycle 75.811ms
Dec 24 00:26:45 untangle-main uvmconsole: [1237802.641s][info][gc] GC(19586) Pause Full (System.gc()) 51M->42M(65M) 63.557ms
Dec 24 00:29:26 untangle-main uvmconsole: [1237963.411s][info][gc] GC(19587) Pause Young (Concurrent Start) (G1 Evacuation Pause) 53M->42M(65M) 4.682ms
Dec 24 00:29:26 untangle-main uvmconsole: [1237963.412s][info][gc] GC(19588) Concurrent Cycle
Dec 24 00:29:26 untangle-main uvmconsole: [1237963.479s][info][gc] GC(19588) Pause Remark 42M->42M(65M) 4.031ms
Dec 24 00:29:26 untangle-main uvmconsole: [1237963.497s][info][gc] GC(19588) Pause Cleanup 42M->42M(65M) 0.180ms
Dec 24 00:29:26 untangle-main uvmconsole: [1237963.498s][info][gc] GC(19588) Concurrent Cycle 85.939ms
Dec 24 00:31:45 untangle-main uvmconsole: [1238102.640s][info][gc] GC(19589) Pause Full (System.gc()) 50M->42M(65M) 61.853ms
Dec 24 00:34:46 untangle-main uvmconsole: [1238283.405s][info][gc] GC(19590) Pause Young (Concurrent Start) (G1 Evacuation Pause) 54M->42M(65M) 6.097ms
Dec 24 00:34:46 untangle-main uvmconsole: [1238283.407s][info][gc] GC(19591) Concurrent Cycle
Dec 24 00:34:46 untangle-main uvmconsole: [1238283.470s][info][gc] GC(19591) Pause Remark 42M->42M(65M) 4.538ms
Dec 24 00:34:46 untangle-main uvmconsole: [1238283.488s][info][gc] GC(19591) Pause Cleanup 42M->42M(65M) 0.225ms
Dec 24 00:34:46 untangle-main uvmconsole: [1238283.488s][info][gc] GC(19591) Concurrent Cycle 81.419ms
Dec 24 00:36:45 untangle-main uvmconsole: [1238402.620s][info][gc] GC(19592) Pause Full (System.gc()) 50M->42M(65M) 43.370ms
Dec 24 00:39:16 untangle-main uvmconsole: [1238553.760s][info][gc] GC(19593) Pause Young (Concurrent Start) (G1 Evacuation Pause) 53M->42M(65M) 7.457ms
Dec 24 00:39:16 untangle-main uvmconsole: [1238553.760s][info][gc] GC(19594) Concurrent Cycle
Dec 24 00:39:16 untangle-main uvmconsole: [1238553.836s][info][gc] GC(19594) Pause Remark 42M->42M(65M) 4.637ms
Dec 24 00:39:16 untangle-main uvmconsole: [1238553.859s][info][gc] GC(19594) Pause Cleanup 42M->42M(65M) 0.219ms
Dec 24 00:39:16 untangle-main uvmconsole: [1238553.860s][info][gc] GC(19594) Concurrent Cycle 99.834ms
Dec 24 00:41:45 untangle-main uvmconsole: [1238702.641s][info][gc] GC(19595) Pause Full (System.gc()) 51M->42M(65M) 62.372ms
Dec 24 00:44:26 untangle-main uvmconsole: [1238863.413s][info][gc] GC(19596) Pause Young (Concurrent Start) (G1 Evacuation Pause) 53M->42M(65M) 6.658ms
Dec 24 00:44:26 untangle-main uvmconsole: [1238863.414s][info][gc] GC(19597) Concurrent Cycle
Dec 24 00:44:26 untangle-main uvmconsole: [1238863.478s][info][gc] GC(19597) Pause Remark 42M->42M(65M) 5.114ms
Dec 24 00:44:26 untangle-main uvmconsole: [1238863.496s][info][gc] GC(19597) Pause Cleanup 42M->42M(65M) 0.202ms
Dec 24 00:44:26 untangle-main uvmconsole: [1238863.497s][info][gc] GC(19597) Concurrent Cycle 83.107ms
Dec 24 00:46:45 untangle-main uvmconsole: [1239002.631s][info][gc] GC(19598) Pause Full (System.gc()) 51M->42M(65M) 54.772ms
Dec 24 00:49:46 untangle-main uvmconsole: [1239183.428s][info][gc] GC(19599) Pause Young (Concurrent Start) (G1 Evacuation Pause) 54M->42M(65M) 27.979ms
Dec 24 00:49:46 untangle-main uvmconsole: [1239183.428s][info][gc] GC(19600) Concurrent Cycle
Dec 24 00:49:46 untangle-main uvmconsole: [1239183.471s][info][gc] GC(19600) Pause Remark 42M->42M(65M) 5.203ms
Dec 24 00:49:46 untangle-main uvmconsole: [1239183.490s][info][gc] GC(19600) Pause Cleanup 42M->42M(65M) 0.215ms
Dec 24 00:49:46 untangle-main uvmconsole: [1239183.490s][info][gc] GC(19600) Concurrent Cycle 61.656ms
Dec 24 00:51:45 untangle-main uvmconsole: [1239302.636s][info][gc] GC(19601) Pause Full (System.gc()) 50M->42M(65M) 60.154ms
Dec 24 00:54:26 untangle-main uvmconsole: [1239463.403s][info][gc] GC(19602) Pause Young (Concurrent Start) (G1 Evacuation Pause) 53M->42M(65M) 4.960ms
Dec 24 00:54:26 untangle-main uvmconsole: [1239463.404s][info][gc] GC(19603) Concurrent Cycle
Dec 24 00:54:26 untangle-main uvmconsole: [1239463.464s][info][gc] GC(19603) Pause Remark 42M->42M(65M) 4.202ms
Dec 24 00:54:26 untangle-main uvmconsole: [1239463.482s][info][gc] GC(19603) Pause Cleanup 42M->42M(65M) 0.316ms
Dec 24 00:54:26 untangle-main uvmconsole: [1239463.483s][info][gc] GC(19603) Concurrent Cycle 79.061ms
Dec 24 00:56:45 untangle-main uvmconsole: [1239602.640s][info][gc] GC(19604) Pause Full (System.gc()) 51M->42M(65M) 61.890ms
Dec 24 00:59:07 untangle-main uvmconsole: [1239744.952s][info][gc] GC(19605) Pause Young (Concurrent Start) (G1 Evacuation Pause) 52M->42M(65M) 7.028ms
Dec 24 00:59:07 untangle-main uvmconsole: [1239744.953s][info][gc] GC(19606) Concurrent Cycle
Dec 24 00:59:07 untangle-main uvmconsole: [1239745.016s][info][gc] GC(19606) Pause Remark 42M->42M(65M) 4.498ms
Dec 24 00:59:07 untangle-main uvmconsole: [1239745.035s][info][gc] GC(19606) Pause Cleanup 42M->42M(65M) 0.309ms
Dec 24 00:59:07 untangle-main uvmconsole: [1239745.035s][info][gc] GC(19606) Concurrent Cycle 82.675ms
Dec 24 01:01:26 untangle-main uvmconsole: [1239883.407s][info][gc] GC(19607) Pause Young (Normal) (G1 Evacuation Pause) 51M->42M(65M) 6.244ms
Dec 24 01:01:45 untangle-main uvmconsole: [1239902.639s][info][gc] GC(19608) Pause Full (System.gc()) 43M->42M(65M) 62.840ms
Dec 24 01:04:46 untangle-main uvmconsole: [1240083.414s][info][gc] GC(19609) Pause Young (Concurrent Start) (G1 Evacuation Pause) 54M->42M(65M) 7.740ms
Dec 24 01:04:46 untangle-main uvmconsole: [1240083.415s][info][gc] GC(19610) Concurrent Cycle
Dec 24 01:04:46 untangle-main uvmconsole: [1240083.489s][info][gc] GC(19610) Pause Remark 42M->42M(65M) 4.757ms
Dec 24 01:04:46 untangle-main uvmconsole: [1240083.508s][info][gc] GC(19610) Pause Cleanup 42M->42M(65M) 0.208ms
Dec 24 01:04:46 untangle-main uvmconsole: [1240083.508s][info][gc] GC(19610) Concurrent Cycle 93.305ms
Dec 24 01:06:45 untangle-main uvmconsole: [1240202.618s][info][gc] GC(19611) Pause Full (System.gc()) 49M->42M(65M) 41.748ms
Dec 24 01:09:36 untangle-main uvmconsole: [1240373.408s][info][gc] GC(19612) Pause Young (Concurrent Start) (G1 Evacuation Pause) 54M->42M(65M) 6.607ms
Dec 24 01:09:36 untangle-main uvmconsole: [1240373.408s][info][gc] GC(19613) Concurrent Cycle
Dec 24 01:09:36 untangle-main uvmconsole: [1240373.470s][info][gc] GC(19613) Pause Remark 42M->42M(65M) 4.151ms
Dec 24 01:09:36 untangle-main uvmconsole: [1240373.495s][info][gc] GC(19613) Pause Cleanup 42M->42M(65M) 0.316ms
Dec 24 01:09:36 untangle-main uvmconsole: [1240373.495s][info][gc] GC(19613) Concurrent Cycle 86.600ms
Dec 24 01:11:45 untangle-main uvmconsole: [1240502.640s][info][gc] GC(19614) Pause Full (System.gc()) 50M->42M(65M) 62.127ms
Dec 24 01:14:16 untangle-main uvmconsole: [1240653.406s][info][gc] GC(19615) Pause Young (Concurrent Start) (G1 Evacuation Pause) 52M->42M(65M) 7.392ms
Dec 24 01:14:16 untangle-main uvmconsole: [1240653.406s][info][gc] GC(19616) Concurrent Cycle
Dec 24 01:14:16 untangle-main uvmconsole: [1240653.470s][info][gc] GC(19616) Pause Remark 42M->42M(65M) 3.905ms
Dec 24 01:14:16 untangle-main uvmconsole: [1240653.489s][info][gc] GC(19616) Pause Cleanup 42M->42M(65M) 0.454ms
Dec 24 01:14:16 untangle-main uvmconsole: [1240653.489s][info][gc] GC(19616) Concurrent Cycle 83.292ms
Dec 24 01:16:26 untangle-main uvmconsole: [1240783.415s][info][gc] GC(19617) Pause Young (Normal) (G1 Evacuation Pause) 51M->42M(65M) 7.814ms
Dec 24 01:16:45 untangle-main uvmconsole: [1240802.639s][info][gc] GC(19618) Pause Full (System.gc()) 43M->42M(65M) 60.387ms
Dec 24 01:19:46 untangle-main uvmconsole: [1240983.402s][info][gc] GC(19619) Pause Young (Concurrent Start) (G1 Evacuation Pause) 54M->42M(65M) 3.882ms
Dec 24 01:19:46 untangle-main uvmconsole: [1240983.402s][info][gc] GC(19620) Concurrent Cycle
Dec 24 01:19:46 untangle-main uvmconsole: [1240983.442s][info][gc] GC(19620) Pause Remark 42M->42M(65M) 4.342ms
Dec 24 01:19:46 untangle-main uvmconsole: [1240983.460s][info][gc] GC(19620) Pause Cleanup 42M->42M(65M) 0.211ms
Dec 24 01:19:46 untangle-main uvmconsole: [1240983.460s][info][gc] GC(19620) Concurrent Cycle 57.728ms
Dec 24 01:21:45 untangle-main uvmconsole: [1241102.643s][info][gc] GC(19621) Pause Full (System.gc()) 50M->42M(65M) 66.190ms
Dec 24 01:24:46 untangle-main uvmconsole: [1241283.410s][info][gc] GC(19622) Pause Young (Concurrent Start) (G1 Evacuation Pause) 54M->42M(65M) 7.728ms
Dec 24 01:24:46 untangle-main uvmconsole: [1241283.411s][info][gc] GC(19623) Concurrent Cycle
Dec 24 01:24:46 untangle-main uvmconsole: [1241283.475s][info][gc] GC(19623) Pause Remark 42M->42M(65M) 4.786ms
Dec 24 01:24:46 untangle-main uvmconsole: [1241283.494s][info][gc] GC(19623) Pause Cleanup 42M->42M(65M) 0.155ms
Dec 24 01:24:46 untangle-main uvmconsole: [1241283.494s][info][gc] GC(19623) Concurrent Cycle 83.319ms
Dec 24 01:26:45 untangle-main uvmconsole: [1241402.658s][info][gc] GC(19624) Pause Full (System.gc()) 50M->42M(65M) 79.665ms
Dec 24 01:29:25 untangle-main uvmconsole: [1241563.193s][info][gc] GC(19625) Pause Young (Concurrent Start) (G1 Evacuation Pause) 53M->42M(65M) 6.500ms
Dec 24 01:29:25 untangle-main uvmconsole: [1241563.193s][info][gc] GC(19626) Concurrent Cycle
Dec 24 01:29:25 untangle-main uvmconsole: [1241563.265s][info][gc] GC(19626) Pause Remark 42M->42M(65M) 3.831ms
Dec 24 01:29:25 untangle-main uvmconsole: [1241563.287s][info][gc] GC(19626) Pause Cleanup 42M->42M(65M) 0.180ms
Dec 24 01:29:25 untangle-main uvmconsole: [1241563.287s][info][gc] GC(19626) Concurrent Cycle 93.971ms
Dec 24 01:31:45 untangle-main uvmconsole: [1241702.625s][info][gc] GC(19627) Pause Full (System.gc()) 51M->42M(65M) 47.658ms
Dec 24 01:34:36 untangle-main uvmconsole: [1241873.414s][info][gc] GC(19628) Pause Young (Concurrent Start) (G1 Evacuation Pause) 54M->42M(65M) 7.115ms
Dec 24 01:34:36 untangle-main uvmconsole: [1241873.414s][info][gc] GC(19629) Concurrent Cycle
Dec 24 01:34:36 untangle-main uvmconsole: [1241873.487s][info][gc] GC(19629) Pause Remark 42M->42M(65M) 3.795ms
Dec 24 01:34:36 untangle-main uvmconsole: [1241873.505s][info][gc] GC(19629) Pause Cleanup 42M->42M(65M) 0.193ms
Dec 24 01:34:36 untangle-main uvmconsole: [1241873.505s][info][gc] GC(19629) Concurrent Cycle 91.019ms
Dec 24 01:36:45 untangle-main uvmconsole: [1242002.630s][info][gc] GC(19630) Pause Full (System.gc()) 50M->42M(65M) 51.975ms
Dec 24 01:39:36 untangle-main uvmconsole: [1242173.414s][info][gc] GC(19631) Pause Young (Concurrent Start) (G1 Evacuation Pause) 54M->42M(65M) 6.310ms
Dec 24 01:39:36 untangle-main uvmconsole: [1242173.414s][info][gc] GC(19632) Concurrent Cycle
Dec 24 01:39:36 untangle-main uvmconsole: [1242173.490s][info][gc] GC(19632) Pause Remark 42M->42M(65M) 4.263ms
Dec 24 01:39:36 untangle-main uvmconsole: [1242173.509s][info][gc] GC(19632) Pause Cleanup 42M->42M(65M) 0.174ms
Dec 24 01:39:36 untangle-main uvmconsole: [1242173.509s][info][gc] GC(19632) Concurrent Cycle 94.793ms
Dec 24 01:41:16 untangle-main uvmconsole: [1242273.422s][info][gc] GC(19633) Pause Young (Normal) (G1 Evacuation Pause) 53M->42M(65M) 2.142ms
Dec 24 01:41:22 untangle-main uvmconsole: [1242279.432s][info][gc] GC(19634) Pause Young (Concurrent Start) (G1 Humongous Allocation) 45M->42M(65M) 2.638ms
Dec 24 01:41:22 untangle-main uvmconsole: [1242279.432s][info][gc] GC(19635) Concurrent Cycle
Dec 24 01:41:22 untangle-main uvmconsole: [1242279.477s][info][gc] GC(19635) Pause Remark 53M->53M(65M) 3.969ms
Dec 24 01:41:22 untangle-main uvmconsole: [1242279.499s][info][gc] GC(19635) Pause Cleanup 62M->62M(74M) 0.230ms
Dec 24 01:41:22 untangle-main uvmconsole: [1242279.500s][info][gc] GC(19635) Concurrent Cycle 67.913ms
Dec 24 01:41:22 untangle-main uvmconsole: [1242279.512s][info][gc] GC(19636) Pause Young (Concurrent Start) (G1 Humongous Allocation) 62M->51M(74M) 2.335ms
Dec 24 01:41:22 untangle-main uvmconsole: [1242279.513s][info][gc] GC(19637) Concurrent Cycle
Dec 24 01:41:22 untangle-main uvmconsole: [1242279.665s][info][gc] GC(19637) Pause Remark 104M->104M(110M) 3.897ms
Dec 24 01:41:22 untangle-main uvmconsole: [1242279.672s][info][gc] GC(19638) Pause Young (Normal) (G1 Evacuation Pause) 106M->61M(112M) 2.527ms
Dec 24 01:41:22 untangle-main uvmconsole: [1242279.690s][info][gc] GC(19637) Pause Cleanup 71M->71M(112M) 0.380ms
Dec 24 01:41:22 untangle-main uvmconsole: [1242279.691s][info][gc] GC(19637) Concurrent Cycle 178.403ms
Dec 24 01:41:22 untangle-main uvmconsole: [1242279.720s][info][gc] GC(19639) Pause Young (Normal) (G1 Evacuation Pause) 88M->72M(112M) 7.347ms
Dec 24 01:41:22 untangle-main uvmconsole: [1242279.746s][info][gc] GC(19640) Pause Young (Concurrent Start) (G1 Evacuation Pause) 87M->79M(112M) 7.112ms
Dec 24 01:41:22 untangle-main uvmconsole: [1242279.746s][info][gc] GC(19641) Concurrent Cycle
Dec 24 01:41:22 untangle-main uvmconsole: [1242279.781s][info][gc] GC(19642) Pause Young (Normal) (G1 Evacuation Pause) 88M->83M(112M) 18.996ms
Dec 24 01:41:22 untangle-main uvmconsole: [1242279.795s][info][gc] GC(19643) Pause Young (Normal) (G1 Evacuation Pause) 90M->87M(112M) 3.978ms
Dec 24 01:41:22 untangle-main uvmconsole: [1242279.810s][info][gc] GC(19644) Pause Young (Normal) (G1 Evacuation Pause) 92M->89M(112M) 3.315ms
Dec 24 01:41:22 untangle-main uvmconsole: [1242279.819s][info][gc] GC(19645) Pause Young (Normal) (G1 Evacuation Pause) 93M->91M(112M) 3.158ms
Dec 24 01:41:22 untangle-main uvmconsole: [1242279.828s][info][gc] GC(19646) Pause Young (Normal) (G1 Evacuation Pause) 95M->93M(112M) 2.567ms
Dec 24 01:41:22 untangle-main uvmconsole: [1242279.837s][info][gc] GC(19647) Pause Young (Normal) (G1 Evacuation Pause) 97M->95M(112M) 2.790ms
Dec 24 01:41:22 untangle-main uvmconsole: [1242279.850s][info][gc] GC(19648) Pause Young (Normal) (G1 Evacuation Pause) 99M->97M(112M) 2.972ms
Dec 24 01:41:22 untangle-main uvmconsole: [1242279.857s][info][gc] GC(19641) Pause Remark 97M->97M(112M) 4.248ms
Dec 24 01:41:22 untangle-main uvmconsole: [1242279.894s][info][gc] GC(19641) Pause Cleanup 99M->99M(112M) 0.201ms
Dec 24 01:41:22 untangle-main uvmconsole: [1242279.895s][info][gc] GC(19641) Concurrent Cycle 149.021ms
Dec 24 01:41:22 untangle-main uvmconsole: [1242279.915s][info][gc] GC(19649) Pause Young (Concurrent Start) (G1 Humongous Allocation) 99M->98M(112M) 13.671ms
Dec 24 01:41:22 untangle-main uvmconsole: [1242279.916s][info][gc] GC(19650) Concurrent Cycle
Dec 24 01:41:22 untangle-main uvmconsole: [1242280.006s][info][gc] GC(19650) Pause Remark 105M->105M(112M) 5.103ms
Dec 24 01:41:22 untangle-main uvmconsole: [1242280.033s][info][gc] GC(19651) Pause Young (Normal) (G1 Evacuation Pause) 105M->103M(112M) 21.193ms
Dec 24 01:41:22 untangle-main uvmconsole: [1242280.072s][info][gc] GC(19650) Pause Cleanup 108M->108M(112M) 0.192ms
Dec 24 01:41:22 untangle-main uvmconsole: [1242280.073s][info][gc] GC(19650) Concurrent Cycle 156.968ms
Dec 24 01:41:22 untangle-main uvmconsole: [1242280.129s][info][gc] GC(19652) Pause Young (Normal) (G1 Evacuation Pause) 109M->109M(345M) 27.962ms
Dec 24 01:41:23 untangle-main uvmconsole: [1242280.428s][info][gc] GC(19653) Pause Young (Concurrent Start) (G1 Humongous Allocation) 114M->112M(345M) 147.229ms
Dec 24 01:41:23 untangle-main uvmconsole: [1242280.428s][info][gc] GC(19654) Concurrent Cycle
Dec 24 01:41:23 untangle-main uvmconsole: [1242280.524s][info][gc] GC(19654) Pause Remark 122M->119M(345M) 4.411ms
Dec 24 01:41:23 untangle-main uvmconsole: [1242280.573s][info][gc] GC(19654) Pause Cleanup 119M->119M(345M) 0.520ms
Dec 24 01:41:23 untangle-main uvmconsole: [1242280.574s][info][gc] GC(19654) Concurrent Cycle 146.171ms
Dec 24 01:41:38 untangle-main uvmconsole: [1242296.071s][info][gc] GC(19655) Pause Young (Normal) (G1 Evacuation Pause) 126M->118M(345M) 31.943ms
Dec 24 01:41:38 untangle-main uvmconsole: Starting ChromeDriver 83.0.4103.116 (8f0c18b4dca9b6699eb629be0f51810c24fb6428-refs/branch-heads/4103@{#716}) on port 33064
Dec 24 01:41:38 untangle-main uvmconsole: Only local connections are allowed.
Dec 24 01:41:38 untangle-main uvmconsole: Please see https://chromedriver.chromium.org/security-considerations for suggestions on keeping ChromeDriver safe.
Dec 24 01:41:39 untangle-main uvmconsole: ChromeDriver was started successfully.
Dec 24 01:41:44 untangle-main uvmconsole: Dec 24, 2020 1:41:44 AM org.openqa.selenium.remote.ProtocolHandshake createSession
Dec 24 01:41:44 untangle-main uvmconsole: INFO: Detected dialect: W3C
Dec 24 01:41:45 untangle-main uvmconsole: [1242302.634s][info][gc] GC(19656) Pause Full (System.gc()) 120M->43M(69M) 55.882ms
Dec 24 01:42:30 untangle-main uvmconsole: [1242348.232s][info][gc] GC(19657) Pause Young (Concurrent Start) (G1 Evacuation Pause) 48M->43M(69M) 5.942ms
Dec 24 01:42:30 untangle-main uvmconsole: [1242348.232s][info][gc] GC(19658) Concurrent Cycle
Dec 24 01:42:30 untangle-main uvmconsole: [1242348.290s][info][gc] GC(19658) Pause Remark 43M->43M(69M) 7.086ms
Dec 24 01:42:30 untangle-main uvmconsole: [1242348.309s][info][gc] GC(19658) Pause Cleanup 43M->43M(69M) 0.229ms
Dec 24 01:42:30 untangle-main uvmconsole: [1242348.309s][info][gc] GC(19658) Concurrent Cycle 76.954ms
Dec 24 01:43:56 untangle-main uvmconsole: [1242434.329s][info][gc] GC(19659) Pause Young (Normal) (G1 Evacuation Pause) 49M->43M(69M) 5.048ms
Dec 24 01:45:26 untangle-main uvmconsole: [1242523.405s][info][gc] GC(19660) Pause Young (Concurrent Start) (G1 Evacuation Pause) 49M->43M(69M) 6.481ms
Dec 24 01:45:26 untangle-main uvmconsole: [1242523.405s][info][gc] GC(19661) Concurrent Cycle
Dec 24 01:45:26 untangle-main uvmconsole: [1242523.471s][info][gc] GC(19661) Pause Remark 43M->43M(69M) 3.881ms
Dec 24 01:45:26 untangle-main uvmconsole: [1242523.492s][info][gc] GC(19661) Pause Cleanup 43M->43M(69M) 0.210ms
Dec 24 01:45:26 untangle-main uvmconsole: [1242523.492s][info][gc] GC(19661) Concurrent Cycle 87.178ms
Dec 24 01:46:45 untangle-main uvmconsole: [1242602.631s][info][gc] GC(19662) Pause Full (System.gc()) 48M->43M(68M) 52.598ms
Dec 24 01:48:46 untangle-main uvmconsole: [1242723.400s][info][gc] GC(19663) Pause Young (Concurrent Start) (G1 Evacuation Pause) 51M->43M(68M) 2.469ms
Dec 24 01:48:46 untangle-main uvmconsole: [1242723.400s][info][gc] GC(19664) Concurrent Cycle
Dec 24 01:48:46 untangle-main uvmconsole: [1242723.452s][info][gc] GC(19664) Pause Remark 43M->43M(68M) 4.601ms
Dec 24 01:48:46 untangle-main uvmconsole: [1242723.473s][info][gc] GC(19664) Pause Cleanup 43M->43M(68M) 0.186ms
Dec 24 01:48:46 untangle-main uvmconsole: [1242723.474s][info][gc] GC(19664) Concurrent Cycle 73.917ms
Dec 24 01:50:36 untangle-main uvmconsole: [1242834.047s][info][gc] GC(19665) Pause Young (Normal) (G1 Evacuation Pause) 51M->43M(68M) 7.719ms
Dec 24 01:51:45 untangle-main uvmconsole: [1242902.619s][info][gc] GC(19666) Pause Full (System.gc()) 47M->43M(66M) 41.868ms
Dec 24 01:53:40 untangle-main uvmconsole: [1243017.447s][info][gc] GC(19667) Pause Young (Concurrent Start) (G1 Evacuation Pause) 51M->43M(66M) 3.903ms
Dec 24 01:53:40 untangle-main uvmconsole: [1243017.447s][info][gc] GC(19668) Concurrent Cycle
Dec 24 01:53:40 untangle-main uvmconsole: [1243017.504s][info][gc] GC(19668) Pause Remark 43M->43M(66M) 4.795ms
Dec 24 01:53:40 untangle-main uvmconsole: [1243017.524s][info][gc] GC(19668) Pause Cleanup 43M->43M(66M) 0.328ms
Dec 24 01:53:40 untangle-main uvmconsole: [1243017.524s][info][gc] GC(19668) Concurrent Cycle 77.374ms
Dec 24 01:55:46 untangle-main uvmconsole: [1243143.408s][info][gc] GC(19669) Pause Young (Normal) (G1 Evacuation Pause) 51M->43M(66M) 8.137ms
Dec 24 01:56:45 untangle-main uvmconsole: [1243202.647s][info][gc] GC(19670) Pause Full (System.gc()) 47M->43M(66M) 65.892ms
Dec 24 01:59:16 untangle-main uvmconsole: [1243353.403s][info][gc] GC(19671) Pause Young (Concurrent Start) (G1 Evacuation Pause) 53M->43M(66M) 3.075ms
Dec 24 01:59:16 untangle-main uvmconsole: [1243353.403s][info][gc] GC(19672) Concurrent Cycle
Dec 24 01:59:16 untangle-main uvmconsole: [1243353.455s][info][gc] GC(19672) Pause Remark 43M->43M(66M) 7.913ms
Dec 24 01:59:16 untangle-main uvmconsole: [1243353.474s][info][gc] GC(19672) Pause Cleanup 43M->43M(66M) 0.238ms
Dec 24 01:59:16 untangle-main uvmconsole: [1243353.474s][info][gc] GC(19672) Concurrent Cycle 71.616ms
Dec 24 02:01:36 untangle-main uvmconsole: [1243493.403s][info][gc] GC(19673) Pause Young (Normal) (G1 Evacuation Pause) 52M->43M(66M) 4.384ms
Dec 24 02:01:45 untangle-main uvmconsole: [1243502.641s][info][gc] GC(19674) Pause Full (System.gc()) 43M->43M(66M) 63.042ms
Dec 24 02:04:22 untangle-main uvmconsole: [1243659.685s][info][gc] GC(19675) Pause Young (Concurrent Start) (G1 Evacuation Pause) 54M->43M(66M) 9.660ms
Dec 24 02:04:22 untangle-main uvmconsole: [1243659.685s][info][gc] GC(19676) Concurrent Cycle
Dec 24 02:04:22 untangle-main uvmconsole: [1243659.747s][info][gc] GC(19676) Pause Remark 43M->43M(66M) 4.936ms
Dec 24 02:04:22 untangle-main uvmconsole: [1243659.768s][info][gc] GC(19676) Pause Cleanup 43M->43M(66M) 0.309ms
Dec 24 02:04:22 untangle-main uvmconsole: [1243659.768s][info][gc] GC(19676) Concurrent Cycle 83.555ms
Dec 24 02:06:45 untangle-main uvmconsole: [1243802.620s][info][gc] GC(19677) Pause Full (System.gc()) 52M->43M(66M) 43.766ms
Dec 24 02:09:04 untangle-main uvmconsole: [1243941.422s][info][gc] GC(19678) Pause Young (Concurrent Start) (G1 Evacuation Pause) 53M->43M(66M) 6.998ms
Dec 24 02:09:04 untangle-main uvmconsole: [1243941.423s][info][gc] GC(19679) Concurrent Cycle
Dec 24 02:09:04 untangle-main uvmconsole: [1243941.485s][info][gc] GC(19679) Pause Remark 43M->43M(66M) 5.102ms
Dec 24 02:09:04 untangle-main uvmconsole: [1243941.504s][info][gc] GC(19679) Pause Cleanup 43M->43M(66M) 0.225ms
Dec 24 02:09:04 untangle-main uvmconsole: [1243941.504s][info][gc] GC(19679) Concurrent Cycle 81.835ms
Dec 24 02:11:16 untangle-main uvmconsole: [1244073.407s][info][gc] GC(19680) Pause Young (Normal) (G1 Evacuation Pause) 52M->43M(66M) 6.348ms
Dec 24 02:11:45 untangle-main uvmconsole: [1244102.641s][info][gc] GC(19681) Pause Full (System.gc()) 45M->43M(66M) 60.734ms
Dec 24 02:14:31 untangle-main uvmconsole: [1244268.607s][info][gc] GC(19682) Pause Young (Concurrent Start) (G1 Evacuation Pause) 54M->43M(66M) 7.859ms
Dec 24 02:14:31 untangle-main uvmconsole: [1244268.608s][info][gc] GC(19683) Concurrent Cycle
Dec 24 02:14:32 untangle-main uvmconsole: [1244269.442s][info][gc] GC(19683) Pause Remark 43M->43M(66M) 771.186ms
Dec 24 02:14:32 untangle-main uvmconsole: [1244269.460s][info][gc] GC(19683) Pause Cleanup 43M->43M(66M) 0.230ms
Dec 24 02:14:32 untangle-main uvmconsole: [1244269.461s][info][gc] GC(19683) Concurrent Cycle 853.255ms
Dec 24 02:16:45 untangle-main uvmconsole: [1244402.649s][info][gc] GC(19684) Pause Full (System.gc()) 51M->42M(65M) 72.694ms
Dec 24 02:19:46 untangle-main uvmconsole: [1244583.408s][info][gc] GC(19685) Pause Young (Concurrent Start) (G1 Evacuation Pause) 54M->42M(65M) 4.571ms
Dec 24 02:19:46 untangle-main uvmconsole: [1244583.408s][info][gc] GC(19686) Concurrent Cycle
Dec 24 02:19:46 untangle-main uvmconsole: [1244583.466s][info][gc] GC(19686) Pause Remark 42M->42M(65M) 7.387ms
Dec 24 02:19:46 untangle-main uvmconsole: [1244583.489s][info][gc] GC(19686) Pause Cleanup 42M->42M(65M) 0.197ms
Dec 24 02:19:46 untangle-main uvmconsole: [1244583.490s][info][gc] GC(19686) Concurrent Cycle 81.395ms
Dec 24 02:21:45 untangle-main uvmconsole: [1244702.645s][info][gc] GC(19687) Pause Full (System.gc()) 50M->42M(65M) 66.999ms
Dec 24 02:24:26 untangle-main uvmconsole: [1244863.770s][info][gc] GC(19688) Pause Young (Concurrent Start) (G1 Evacuation Pause) 53M->42M(65M) 2.763ms
Dec 24 02:24:26 untangle-main uvmconsole: [1244863.770s][info][gc] GC(19689) Concurrent Cycle
Dec 24 02:24:26 untangle-main uvmconsole: [1244863.810s][info][gc] GC(19689) Pause Remark 42M->42M(65M) 5.499ms
Dec 24 02:24:26 untangle-main uvmconsole: [1244863.830s][info][gc] GC(19689) Pause Cleanup 42M->42M(65M) 0.170ms
Dec 24 02:24:26 untangle-main uvmconsole: [1244863.830s][info][gc] GC(19689) Concurrent Cycle 60.112ms
Dec 24 02:26:45 untangle-main uvmconsole: [1245002.626s][info][gc] GC(19690) Pause Full (System.gc()) 51M->42M(65M) 49.102ms
Dec 24 02:29:26 untangle-main uvmconsole: [1245163.413s][info][gc] GC(19691) Pause Young (Concurrent Start) (G1 Evacuation Pause) 53M->42M(65M) 7.783ms
Dec 24 02:29:26 untangle-main uvmconsole: [1245163.413s][info][gc] GC(19692) Concurrent Cycle
Dec 24 02:29:26 untangle-main uvmconsole: [1245163.487s][info][gc] GC(19692) Pause Remark 42M->42M(65M) 5.285ms
Dec 24 02:29:26 untangle-main uvmconsole: [1245163.507s][info][gc] GC(19692) Pause Cleanup 42M->42M(65M) 0.236ms
Dec 24 02:29:26 untangle-main uvmconsole: [1245163.507s][info][gc] GC(19692) Concurrent Cycle 94.170ms
Dec 24 02:31:45 untangle-main uvmconsole: [1245302.651s][info][gc] GC(19693) Pause Full (System.gc()) 51M->42M(65M) 74.187ms
Dec 24 02:34:26 untangle-main uvmconsole: [1245463.416s][info][gc] GC(19694) Pause Young (Concurrent Start) (G1 Evacuation Pause) 53M->42M(65M) 7.721ms
Dec 24 02:34:26 untangle-main uvmconsole: [1245463.416s][info][gc] GC(19695) Concurrent Cycle
Dec 24 02:34:26 untangle-main uvmconsole: [1245463.492s][info][gc] GC(19695) Pause Remark 42M->42M(65M) 7.326ms
Dec 24 02:34:26 untangle-main uvmconsole: [1245463.513s][info][gc] GC(19695) Pause Cleanup 42M->42M(65M) 0.224ms
Dec 24 02:34:26 untangle-main uvmconsole: [1245463.514s][info][gc] GC(19695) Concurrent Cycle 97.620ms
Dec 24 02:36:45 untangle-main uvmconsole: [1245602.625s][info][gc] GC(19696) Pause Full (System.gc()) 51M->42M(63M) 49.012ms
Dec 24 02:39:16 untangle-main uvmconsole: [1245753.410s][info][gc] GC(19697) Pause Young (Concurrent Start) (G1 Evacuation Pause) 53M->42M(63M) 7.091ms
Dec 24 02:39:16 untangle-main uvmconsole: [1245753.410s][info][gc] GC(19698) Concurrent Cycle
Dec 24 02:39:16 untangle-main uvmconsole: [1245753.476s][info][gc] GC(19698) Pause Remark 42M->42M(63M) 4.446ms
Dec 24 02:39:16 untangle-main uvmconsole: [1245753.496s][info][gc] GC(19698) Pause Cleanup 42M->42M(63M) 0.183ms
Dec 24 02:39:16 untangle-main uvmconsole: [1245753.496s][info][gc] GC(19698) Concurrent Cycle 86.010ms
Dec 24 02:41:45 untangle-main uvmconsole: [1245902.639s][info][gc] GC(19699) Pause Full (System.gc()) 52M->42M(63M) 60.670ms
Dec 24 02:44:08 untangle-main uvmconsole: [1246046.171s][info][gc] GC(19700) Pause Young (Concurrent Start) (G1 Evacuation Pause) 52M->42M(63M) 5.163ms
Dec 24 02:44:08 untangle-main uvmconsole: [1246046.171s][info][gc] GC(19701) Concurrent Cycle
Dec 24 02:44:08 untangle-main uvmconsole: [1246046.219s][info][gc] GC(19701) Pause Remark 42M->42M(63M) 4.405ms
Dec 24 02:44:08 untangle-main uvmconsole: [1246046.238s][info][gc] GC(19701) Pause Cleanup 42M->42M(63M) 0.248ms
Dec 24 02:44:08 untangle-main uvmconsole: [1246046.239s][info][gc] GC(19701) Concurrent Cycle 67.239ms
Dec 24 02:46:26 untangle-main uvmconsole: [1246183.406s][info][gc] GC(19702) Pause Young (Normal) (G1 Evacuation Pause) 51M->42M(63M) 5.898ms
Dec 24 02:46:45 untangle-main uvmconsole: [1246202.641s][info][gc] GC(19703) Pause Full (System.gc()) 43M->42M(63M) 62.870ms
Dec 24 02:49:16 untangle-main uvmconsole: [1246353.400s][info][gc] GC(19704) Pause Young (Concurrent Start) (G1 Evacuation Pause) 52M->42M(63M) 2.534ms
Dec 24 02:49:16 untangle-main uvmconsole: [1246353.400s][info][gc] GC(19705) Concurrent Cycle
Dec 24 02:49:16 untangle-main uvmconsole: [1246353.441s][info][gc] GC(19705) Pause Remark 42M->42M(63M) 5.303ms
Dec 24 02:49:16 untangle-main uvmconsole: [1246353.459s][info][gc] GC(19705) Pause Cleanup 42M->42M(63M) 0.185ms
Dec 24 02:49:16 untangle-main uvmconsole: [1246353.460s][info][gc] GC(19705) Concurrent Cycle 59.942ms
Dec 24 02:51:36 untangle-main uvmconsole: [1246493.405s][info][gc] GC(19706) Pause Young (Normal) (G1 Evacuation Pause) 51M->42M(63M) 6.083ms
Dec 24 02:51:45 untangle-main uvmconsole: [1246502.639s][info][gc] GC(19707) Pause Full (System.gc()) 43M->42M(63M) 61.686ms
Dec 24 02:54:26 untangle-main uvmconsole: [1246663.415s][info][gc] GC(19708) Pause Young (Concurrent Start) (G1 Evacuation Pause) 53M->42M(63M) 11.295ms
Dec 24 02:54:26 untangle-main uvmconsole: [1246663.415s][info][gc] GC(19709) Concurrent Cycle
Dec 24 02:54:26 untangle-main uvmconsole: [1246663.479s][info][gc] GC(19709) Pause Remark 42M->42M(63M) 4.036ms
Dec 24 02:54:26 untangle-main uvmconsole: [1246663.497s][info][gc] GC(19709) Pause Cleanup 42M->42M(63M) 0.226ms
Dec 24 02:54:26 untangle-main uvmconsole: [1246663.498s][info][gc] GC(19709) Concurrent Cycle 82.492ms
Dec 24 02:56:45 untangle-main uvmconsole: [1246802.640s][info][gc] GC(19710) Pause Full (System.gc()) 51M->42M(63M) 63.799ms
Dec 24 02:59:10 untangle-main uvmconsole: [1246947.847s][info][gc] GC(19711) Pause Young (Concurrent Start) (G1 Evacuation Pause) 52M->42M(63M) 7.788ms
Dec 24 02:59:10 untangle-main uvmconsole: [1246947.847s][info][gc] GC(19712) Concurrent Cycle
Dec 24 02:59:10 untangle-main uvmconsole: [1246947.932s][info][gc] GC(19712) Pause Remark 42M->42M(63M) 4.382ms
Dec 24 02:59:10 untangle-main uvmconsole: [1246947.959s][info][gc] GC(19712) Pause Cleanup 42M->42M(63M) 0.248ms
Dec 24 02:59:10 untangle-main uvmconsole: [1246947.959s][info][gc] GC(19712) Concurrent Cycle 111.766ms
Dec 24 03:01:26 untangle-main uvmconsole: [1247083.403s][info][gc] GC(19713) Pause Young (Normal) (G1 Evacuation Pause) 51M->42M(63M) 2.754ms
Dec 24 03:01:45 untangle-main uvmconsole: [1247102.645s][info][gc] GC(19714) Pause Full (System.gc()) 43M->42M(63M) 67.165ms
Dec 24 03:04:26 untangle-main uvmconsole: [1247263.405s][info][gc] GC(19715) Pause Young (Concurrent Start) (G1 Evacuation Pause) 53M->42M(63M) 4.145ms
Dec 24 03:04:26 untangle-main uvmconsole: [1247263.405s][info][gc] GC(19716) Concurrent Cycle
Dec 24 03:04:26 untangle-main uvmconsole: [1247263.455s][info][gc] GC(19716) Pause Remark 42M->42M(63M) 4.830ms
Dec 24 03:04:26 untangle-main uvmconsole: [1247263.473s][info][gc] GC(19716) Pause Cleanup 42M->42M(63M) 0.263ms
Dec 24 03:04:26 untangle-main uvmconsole: [1247263.474s][info][gc] GC(19716) Concurrent Cycle 68.781ms
Dec 24 03:06:45 untangle-main uvmconsole: [1247402.625s][info][gc] GC(19717) Pause Full (System.gc()) 51M->42M(63M) 47.246ms
Dec 24 03:09:06 untangle-main uvmconsole: [1247543.413s][info][gc] GC(19718) Pause Young (Concurrent Start) (G1 Evacuation Pause) 52M->42M(63M) 8.010ms
Dec 24 03:09:06 untangle-main uvmconsole: [1247543.414s][info][gc] GC(19719) Concurrent Cycle
Dec 24 03:09:06 untangle-main uvmconsole: [1247543.475s][info][gc] GC(19719) Pause Remark 42M->42M(63M) 4.145ms
Dec 24 03:09:06 untangle-main uvmconsole: [1247543.495s][info][gc] GC(19719) Pause Cleanup 42M->42M(63M) 0.314ms
Dec 24 03:09:06 untangle-main uvmconsole: [1247543.495s][info][gc] GC(19719) Concurrent Cycle 81.928ms
Dec 24 03:11:26 untangle-main uvmconsole: [1247683.407s][info][gc] GC(19720) Pause Young (Normal) (G1 Evacuation Pause) 51M->42M(63M) 5.077ms
Dec 24 03:11:45 untangle-main uvmconsole: [1247702.641s][info][gc] GC(19721) Pause Full (System.gc()) 43M->42M(63M) 64.019ms
Dec 24 03:14:06 untangle-main uvmconsole: [1247843.412s][info][gc] GC(19722) Pause Young (Concurrent Start) (G1 Evacuation Pause) 52M->42M(63M) 6.797ms
Dec 24 03:14:06 untangle-main uvmconsole: [1247843.412s][info][gc] GC(19723) Concurrent Cycle
Dec 24 03:14:06 untangle-main uvmconsole: [1247843.472s][info][gc] GC(19723) Pause Remark 42M->42M(63M) 4.532ms
Dec 24 03:14:06 untangle-main uvmconsole: [1247843.491s][info][gc] GC(19723) Pause Cleanup 42M->42M(63M) 0.446ms
Dec 24 03:14:06 untangle-main uvmconsole: [1247843.492s][info][gc] GC(19723) Concurrent Cycle 79.713ms
Dec 24 03:16:26 untangle-main uvmconsole: [1247983.400s][info][gc] GC(19724) Pause Young (Normal) (G1 Evacuation Pause) 51M->42M(63M) 2.065ms
Dec 24 03:16:45 untangle-main uvmconsole: [1248002.638s][info][gc] GC(19725) Pause Full (System.gc()) 43M->42M(63M) 61.354ms
Dec 24 03:19:06 untangle-main uvmconsole: [1248143.974s][info][gc] GC(19726) Pause Young (Concurrent Start) (G1 Evacuation Pause) 52M->42M(63M) 6.446ms
Dec 24 03:19:06 untangle-main uvmconsole: [1248143.974s][info][gc] GC(19727) Concurrent Cycle
Dec 24 03:19:06 untangle-main uvmconsole: [1248144.044s][info][gc] GC(19727) Pause Remark 42M->42M(63M) 6.036ms
Dec 24 03:19:06 untangle-main uvmconsole: [1248144.063s][info][gc] GC(19727) Pause Cleanup 42M->42M(63M) 0.161ms
Dec 24 03:19:06 untangle-main uvmconsole: [1248144.064s][info][gc] GC(19727) Concurrent Cycle 89.299ms
Dec 24 03:21:24 untangle-main uvmconsole: [1248281.518s][info][gc] GC(19728) Pause Young (Normal) (G1 Evacuation Pause) 51M->42M(63M) 2.164ms
Dec 24 03:21:45 untangle-main uvmconsole: [1248302.647s][info][gc] GC(19729) Pause Full (System.gc()) 43M->42M(63M) 70.427ms
Dec 24 03:24:26 untangle-main uvmconsole: [1248463.414s][info][gc] GC(19730) Pause Young (Concurrent Start) (G1 Evacuation Pause) 53M->42M(63M) 7.668ms
Dec 24 03:24:26 untangle-main uvmconsole: [1248463.414s][info][gc] GC(19731) Concurrent Cycle
Dec 24 03:24:26 untangle-main uvmconsole: [1248463.476s][info][gc] GC(19731) Pause Remark 42M->42M(63M) 4.486ms
Dec 24 03:24:26 untangle-main uvmconsole: [1248463.495s][info][gc] GC(19731) Pause Cleanup 42M->42M(63M) 0.170ms
Dec 24 03:24:26 untangle-main uvmconsole: [1248463.495s][info][gc] GC(19731) Concurrent Cycle 80.997ms
Dec 24 03:26:45 untangle-main uvmconsole: [1248602.643s][info][gc] GC(19732) Pause Full (System.gc()) 51M->42M(63M) 62.956ms
Dec 24 03:28:56 untangle-main uvmconsole: [1248733.414s][info][gc] GC(19733) Pause Young (Concurrent Start) (G1 Evacuation Pause) 51M->42M(63M) 7.296ms
Dec 24 03:28:56 untangle-main uvmconsole: [1248733.415s][info][gc] GC(19734) Concurrent Cycle
Dec 24 03:28:56 untangle-main uvmconsole: [1248733.483s][info][gc] GC(19734) Pause Remark 42M->42M(63M) 4.066ms
Dec 24 03:28:56 untangle-main uvmconsole: [1248733.503s][info][gc] GC(19734) Pause Cleanup 42M->42M(63M) 0.246ms
Dec 24 03:28:56 untangle-main uvmconsole: [1248733.503s][info][gc] GC(19734) Concurrent Cycle 88.860ms
Dec 24 03:30:56 untangle-main uvmconsole: [1248853.413s][info][gc] GC(19735) Pause Young (Normal) (G1 Evacuation Pause) 50M->42M(63M) 6.903ms
Dec 24 03:31:45 untangle-main uvmconsole: [1248902.640s][info][gc] GC(19736) Pause Full (System.gc()) 45M->42M(63M) 61.782ms
Dec 24 03:34:16 untangle-main uvmconsole: [1249053.406s][info][gc] GC(19737) Pause Young (Concurrent Start) (G1 Evacuation Pause) 52M->42M(63M) 7.417ms
Dec 24 03:34:16 untangle-main uvmconsole: [1249053.406s][info][gc] GC(19738) Concurrent Cycle
Dec 24 03:34:16 untangle-main uvmconsole: [1249053.473s][info][gc] GC(19738) Pause Remark 42M->42M(63M) 5.073ms
Dec 24 03:34:16 untangle-main uvmconsole: [1249053.492s][info][gc] GC(19738) Pause Cleanup 42M->42M(63M) 0.171ms
Dec 24 03:34:16 untangle-main uvmconsole: [1249053.493s][info][gc] GC(19738) Concurrent Cycle 86.173ms
Dec 24 03:36:28 untangle-main uvmconsole: [1249186.076s][info][gc] GC(19739) Pause Young (Normal) (G1 Evacuation Pause) 51M->42M(63M) 7.433ms
Dec 24 03:36:45 untangle-main uvmconsole: [1249202.648s][info][gc] GC(19740) Pause Full (System.gc()) 43M->42M(63M) 72.004ms
Dec 24 03:39:05 untangle-main uvmconsole: [1249342.813s][info][gc] GC(19741) Pause Young (Concurrent Start) (G1 Evacuation Pause) 52M->42M(63M) 6.803ms
Dec 24 03:39:05 untangle-main uvmconsole: [1249342.813s][info][gc] GC(19742) Concurrent Cycle
Dec 24 03:39:05 untangle-main uvmconsole: [1249342.876s][info][gc] GC(19742) Pause Remark 42M->42M(63M) 4.545ms
Dec 24 03:39:05 untangle-main uvmconsole: [1249342.897s][info][gc] GC(19742) Pause Cleanup 42M->42M(63M) 0.250ms
Dec 24 03:39:05 untangle-main uvmconsole: [1249342.898s][info][gc] GC(19742) Concurrent Cycle 84.989ms
Dec 24 03:41:12 untangle-main uvmconsole: [1249470.233s][info][gc] GC(19743) Pause Young (Normal) (G1 Evacuation Pause) 51M->42M(63M) 5.508ms
Dec 24 03:41:45 untangle-main uvmconsole: [1249502.626s][info][gc] GC(19744) Pause Full (System.gc()) 44M->42M(63M) 48.983ms
Dec 24 03:43:56 untangle-main uvmconsole: [1249633.404s][info][gc] GC(19745) Pause Young (Concurrent Start) (G1 Evacuation Pause) 51M->42M(63M) 2.512ms
Dec 24 03:43:56 untangle-main uvmconsole: [1249633.404s][info][gc] GC(19746) Concurrent Cycle
Dec 24 03:43:56 untangle-main uvmconsole: [1249633.450s][info][gc] GC(19746) Pause Remark 42M->42M(63M) 3.981ms
Dec 24 03:43:56 untangle-main uvmconsole: [1249633.468s][info][gc] GC(19746) Pause Cleanup 42M->42M(63M) 0.348ms
Dec 24 03:43:56 untangle-main uvmconsole: [1249633.469s][info][gc] GC(19746) Concurrent Cycle 64.545ms
Dec 24 03:45:56 untangle-main uvmconsole: [1249753.409s][info][gc] GC(19747) Pause Young (Normal) (G1 Evacuation Pause) 50M->42M(63M) 4.848ms
Dec 24 03:46:45 untangle-main uvmconsole: [1249802.645s][info][gc] GC(19748) Pause Full (System.gc()) 45M->42M(63M) 68.451ms
Dec 24 03:48:56 untangle-main uvmconsole: [1249933.413s][info][gc] GC(19749) Pause Young (Concurrent Start) (G1 Evacuation Pause) 51M->42M(63M) 9.057ms
Dec 24 03:48:56 untangle-main uvmconsole: [1249933.413s][info][gc] GC(19750) Concurrent Cycle
Dec 24 03:48:56 untangle-main uvmconsole: [1249933.472s][info][gc] GC(19750) Pause Remark 42M->42M(63M) 4.039ms
Dec 24 03:48:56 untangle-main uvmconsole: [1249933.490s][info][gc] GC(19750) Pause Cleanup 42M->42M(63M) 0.244ms
Dec 24 03:48:56 untangle-main uvmconsole: [1249933.490s][info][gc] GC(19750) Concurrent Cycle 77.331ms
Dec 24 03:50:56 untangle-main uvmconsole: [1250053.402s][info][gc] GC(19751) Pause Young (Normal) (G1 Evacuation Pause) 50M->42M(63M) 1.717ms
Dec 24 03:51:45 untangle-main uvmconsole: [1250102.624s][info][gc] GC(19752) Pause Full (System.gc()) 45M->42M(63M) 46.849ms
Dec 24 03:53:56 untangle-main uvmconsole: [1250233.417s][info][gc] GC(19753) Pause Young (Concurrent Start) (G1 Evacuation Pause) 51M->42M(63M) 7.328ms
Dec 24 03:53:56 untangle-main uvmconsole: [1250233.418s][info][gc] GC(19754) Concurrent Cycle
Dec 24 03:53:56 untangle-main uvmconsole: [1250233.481s][info][gc] GC(19754) Pause Remark 42M->42M(63M) 4.665ms
Dec 24 03:53:56 untangle-main uvmconsole: [1250233.502s][info][gc] GC(19754) Pause Cleanup 42M->42M(63M) 0.188ms
Dec 24 03:53:56 untangle-main uvmconsole: [1250233.502s][info][gc] GC(19754) Concurrent Cycle 84.653ms
Dec 24 03:55:56 untangle-main uvmconsole: [1250353.408s][info][gc] GC(19755) Pause Young (Normal) (G1 Evacuation Pause) 50M->42M(63M) 5.615ms
Dec 24 03:56:45 untangle-main uvmconsole: [1250402.641s][info][gc] GC(19756) Pause Full (System.gc()) 45M->42M(63M) 62.579ms
Dec 24 03:58:56 untangle-main uvmconsole: [1250533.408s][info][gc] GC(19757) Pause Young (Concurrent Start) (G1 Evacuation Pause) 51M->42M(63M) 8.291ms
Dec 24 03:58:56 untangle-main uvmconsole: [1250533.408s][info][gc] GC(19758) Concurrent Cycle
Dec 24 03:58:56 untangle-main uvmconsole: [1250533.461s][info][gc] GC(19758) Pause Remark 42M->42M(63M) 4.153ms
Dec 24 03:58:56 untangle-main uvmconsole: [1250533.479s][info][gc] GC(19758) Pause Cleanup 42M->42M(63M) 0.171ms
Dec 24 03:58:56 untangle-main uvmconsole: [1250533.480s][info][gc] GC(19758) Concurrent Cycle 71.275ms
Dec 24 04:00:56 untangle-main uvmconsole: [1250653.408s][info][gc] GC(19759) Pause Young (Normal) (G1 Evacuation Pause) 50M->42M(63M) 7.623ms
Dec 24 04:01:45 untangle-main uvmconsole: [1250702.639s][info][gc] GC(19760) Pause Full (System.gc()) 45M->42M(63M) 60.906ms
Dec 24 04:04:06 untangle-main uvmconsole: [1250843.405s][info][gc] GC(19761) Pause Young (Concurrent Start) (G1 Evacuation Pause) 52M->42M(63M) 4.471ms
Dec 24 04:04:06 untangle-main uvmconsole: [1250843.405s][info][gc] GC(19762) Concurrent Cycle
Dec 24 04:04:06 untangle-main uvmconsole: [1250843.459s][info][gc] GC(19762) Pause Remark 42M->42M(63M) 3.971ms
Dec 24 04:04:06 untangle-main uvmconsole: [1250843.478s][info][gc] GC(19762) Pause Cleanup 42M->42M(63M) 0.175ms
Dec 24 04:04:06 untangle-main uvmconsole: [1250843.478s][info][gc] GC(19762) Concurrent Cycle 72.845ms
Dec 24 04:06:16 untangle-main uvmconsole: [1250973.414s][info][gc] GC(19763) Pause Young (Normal) (G1 Evacuation Pause) 51M->42M(63M) 6.423ms
Dec 24 04:06:45 untangle-main uvmconsole: [1251002.619s][info][gc] GC(19764) Pause Full (System.gc()) 43M->42M(63M) 41.685ms
Dec 24 04:08:46 untangle-main uvmconsole: [1251123.405s][info][gc] GC(19765) Pause Young (Concurrent Start) (G1 Evacuation Pause) 51M->42M(63M) 2.632ms
Dec 24 04:08:46 untangle-main uvmconsole: [1251123.405s][info][gc] GC(19766) Concurrent Cycle
Dec 24 04:08:46 untangle-main uvmconsole: [1251123.479s][info][gc] GC(19766) Pause Remark 42M->42M(63M) 4.507ms
Dec 24 04:08:46 untangle-main uvmconsole: [1251123.503s][info][gc] GC(19766) Pause Cleanup 42M->42M(63M) 0.190ms
Dec 24 04:08:46 untangle-main uvmconsole: [1251123.504s][info][gc] GC(19766) Concurrent Cycle 98.166ms
Dec 24 04:10:49 untangle-main uvmconsole: [1251246.899s][info][gc] GC(19767) Pause Young (Normal) (G1 Evacuation Pause) 50M->42M(63M) 5.187ms
Dec 24 04:11:45 untangle-main uvmconsole: [1251302.641s][info][gc] GC(19768) Pause Full (System.gc()) 46M->42M(63M) 63.718ms
Dec 24 04:14:06 untangle-main uvmconsole: [1251443.406s][info][gc] GC(19769) Pause Young (Concurrent Start) (G1 Evacuation Pause) 52M->42M(63M) 4.120ms
Dec 24 04:14:06 untangle-main uvmconsole: [1251443.406s][info][gc] GC(19770) Concurrent Cycle
Dec 24 04:14:06 untangle-main uvmconsole: [1251443.460s][info][gc] GC(19770) Pause Remark 42M->42M(63M) 4.193ms
Dec 24 04:14:06 untangle-main uvmconsole: [1251443.479s][info][gc] GC(19770) Pause Cleanup 42M->42M(63M) 0.199ms
Dec 24 04:14:06 untangle-main uvmconsole: [1251443.479s][info][gc] GC(19770) Concurrent Cycle 73.120ms
Dec 24 04:16:16 untangle-main uvmconsole: [1251573.416s][info][gc] GC(19771) Pause Young (Normal) (G1 Evacuation Pause) 51M->42M(63M) 7.804ms
Dec 24 04:16:45 untangle-main uvmconsole: [1251602.639s][info][gc] GC(19772) Pause Full (System.gc()) 43M->42M(63M) 60.210ms
Dec 24 04:19:16 untangle-main uvmconsole: [1251753.401s][info][gc] GC(19773) Pause Young (Concurrent Start) (G1 Evacuation Pause) 52M->42M(63M) 2.420ms
Dec 24 04:19:16 untangle-main uvmconsole: [1251753.401s][info][gc] GC(19774) Concurrent Cycle
Dec 24 04:19:16 untangle-main uvmconsole: [1251753.438s][info][gc] GC(19774) Pause Remark 42M->42M(63M) 4.839ms
Dec 24 04:19:16 untangle-main uvmconsole: [1251753.457s][info][gc] GC(19774) Pause Cleanup 42M->42M(63M) 0.275ms
Dec 24 04:19:16 untangle-main uvmconsole: [1251753.457s][info][gc] GC(19774) Concurrent Cycle 56.297ms
Dec 24 04:21:26 untangle-main uvmconsole: [1251883.406s][info][gc] GC(19775) Pause Young (Normal) (G1 Evacuation Pause) 51M->42M(63M) 2.650ms
Dec 24 04:21:45 untangle-main uvmconsole: [1251902.635s][info][gc] GC(19776) Pause Full (System.gc()) 43M->42M(63M) 57.558ms
Dec 24 04:24:06 untangle-main uvmconsole: [1252043.411s][info][gc] GC(19777) Pause Young (Concurrent Start) (G1 Evacuation Pause) 52M->42M(63M) 6.555ms
Dec 24 04:24:06 untangle-main uvmconsole: [1252043.411s][info][gc] GC(19778) Concurrent Cycle
Dec 24 04:24:06 untangle-main uvmconsole: [1252043.478s][info][gc] GC(19778) Pause Remark 42M->42M(63M) 4.582ms
Dec 24 04:24:06 untangle-main uvmconsole: [1252043.498s][info][gc] GC(19778) Pause Cleanup 42M->42M(63M) 0.154ms
Dec 24 04:24:06 untangle-main uvmconsole: [1252043.498s][info][gc] GC(19778) Concurrent Cycle 87.163ms
Dec 24 04:26:21 untangle-main uvmconsole: [1252179.355s][info][gc] GC(19779) Pause Young (Normal) (G1 Evacuation Pause) 51M->42M(63M) 2.582ms
Dec 24 04:26:45 untangle-main uvmconsole: [1252202.637s][info][gc] GC(19780) Pause Full (System.gc()) 43M->42M(63M) 57.764ms
Dec 24 04:28:56 untangle-main uvmconsole: [1252333.416s][info][gc] GC(19781) Pause Young (Concurrent Start) (G1 Evacuation Pause) 51M->42M(63M) 7.058ms
Dec 24 04:28:56 untangle-main uvmconsole: [1252333.416s][info][gc] GC(19782) Concurrent Cycle
Dec 24 04:28:56 untangle-main uvmconsole: [1252333.476s][info][gc] GC(19782) Pause Remark 42M->42M(63M) 5.041ms
Dec 24 04:28:56 untangle-main uvmconsole: [1252333.495s][info][gc] GC(19782) Pause Cleanup 42M->42M(63M) 0.219ms
Dec 24 04:28:56 untangle-main uvmconsole: [1252333.495s][info][gc] GC(19782) Concurrent Cycle 79.005ms
Dec 24 04:30:56 untangle-main uvmconsole: [1252453.405s][info][gc] GC(19783) Pause Young (Normal) (G1 Evacuation Pause) 50M->42M(63M) 5.976ms
Dec 24 04:31:45 untangle-main uvmconsole: [1252502.638s][info][gc] GC(19784) Pause Full (System.gc()) 45M->42M(63M) 60.663ms
Dec 24 04:34:06 untangle-main uvmconsole: [1252643.410s][info][gc] GC(19785) Pause Young (Concurrent Start) (G1 Evacuation Pause) 52M->42M(63M) 9.245ms
Dec 24 04:34:06 untangle-main uvmconsole: [1252643.410s][info][gc] GC(19786) Concurrent Cycle
Dec 24 04:34:06 untangle-main uvmconsole: [1252643.485s][info][gc] GC(19786) Pause Remark 42M->42M(63M) 11.551ms
Dec 24 04:34:06 untangle-main uvmconsole: [1252643.503s][info][gc] GC(19786) Pause Cleanup 42M->42M(63M) 0.213ms
Dec 24 04:34:06 untangle-main uvmconsole: [1252643.504s][info][gc] GC(19786) Concurrent Cycle 93.945ms
Dec 24 04:36:26 untangle-main uvmconsole: [1252783.402s][info][gc] GC(19787) Pause Young (Normal) (G1 Evacuation Pause) 51M->42M(63M) 1.978ms
Dec 24 04:36:45 untangle-main uvmconsole: [1252802.637s][info][gc] GC(19788) Pause Full (System.gc()) 43M->42M(63M) 61.406ms
Dec 24 04:39:02 untangle-main uvmconsole: [1252939.772s][info][gc] GC(19789) Pause Young (Concurrent Start) (G1 Evacuation Pause) 52M->42M(63M) 7.381ms
Dec 24 04:39:02 untangle-main uvmconsole: [1252939.772s][info][gc] GC(19790) Concurrent Cycle
Dec 24 04:39:02 untangle-main uvmconsole: [1252939.844s][info][gc] GC(19790) Pause Remark 42M->42M(63M) 4.618ms
Dec 24 04:39:02 untangle-main uvmconsole: [1252939.864s][info][gc] GC(19790) Pause Cleanup 42M->42M(63M) 0.178ms
Dec 24 04:39:02 untangle-main uvmconsole: [1252939.864s][info][gc] GC(19790) Concurrent Cycle 91.922ms
Dec 24 04:41:11 untangle-main uvmconsole: [1253068.488s][info][gc] GC(19791) Pause Young (Normal) (G1 Evacuation Pause) 51M->42M(63M) 4.610ms
Dec 24 04:41:45 untangle-main uvmconsole: [1253102.645s][info][gc] GC(19792) Pause Full (System.gc()) 44M->42M(63M) 66.220ms
Dec 24 04:44:06 untangle-main uvmconsole: [1253243.552s][info][gc] GC(19793) Pause Young (Concurrent Start) (G1 Evacuation Pause) 52M->42M(63M) 8.801ms
Dec 24 04:44:06 untangle-main uvmconsole: [1253243.552s][info][gc] GC(19794) Concurrent Cycle
Dec 24 04:44:06 untangle-main uvmconsole: [1253243.626s][info][gc] GC(19794) Pause Remark 42M->42M(63M) 4.832ms
Dec 24 04:44:06 untangle-main uvmconsole: [1253243.645s][info][gc] GC(19794) Pause Cleanup 42M->42M(63M) 0.201ms
Dec 24 04:44:06 untangle-main uvmconsole: [1253243.646s][info][gc] GC(19794) Concurrent Cycle 93.272ms
Dec 24 04:46:26 untangle-main uvmconsole: [1253383.416s][info][gc] GC(19795) Pause Young (Normal) (G1 Evacuation Pause) 51M->42M(63M) 8.635ms
Dec 24 04:46:45 untangle-main uvmconsole: [1253402.642s][info][gc] GC(19796) Pause Full (System.gc()) 43M->42M(63M) 64.315ms
Dec 24 04:48:56 untangle-main uvmconsole: [1253533.409s][info][gc] GC(19797) Pause Young (Concurrent Start) (G1 Evacuation Pause) 51M->42M(63M) 7.752ms
Dec 24 04:48:56 untangle-main uvmconsole: [1253533.410s][info][gc] GC(19798) Concurrent Cycle
Dec 24 04:48:56 untangle-main uvmconsole: [1253533.488s][info][gc] GC(19798) Pause Remark 42M->42M(63M) 4.749ms
Dec 24 04:48:56 untangle-main uvmconsole: [1253533.507s][info][gc] GC(19798) Pause Cleanup 42M->42M(63M) 0.233ms
Dec 24 04:48:56 untangle-main uvmconsole: [1253533.507s][info][gc] GC(19798) Concurrent Cycle 97.742ms
Dec 24 04:50:56 untangle-main uvmconsole: [1253653.402s][info][gc] GC(19799) Pause Young (Normal) (G1 Evacuation Pause) 50M->42M(63M) 1.952ms
Dec 24 04:51:45 untangle-main uvmconsole: [1253702.650s][info][gc] GC(19800) Pause Full (System.gc()) 45M->42M(63M) 71.303ms
Dec 24 04:54:13 untangle-main uvmconsole: [1253850.454s][info][gc] GC(19801) Pause Young (Concurrent Start) (G1 Evacuation Pause) 52M->42M(63M) 7.216ms
Dec 24 04:54:13 untangle-main uvmconsole: [1253850.454s][info][gc] GC(19802) Concurrent Cycle
Dec 24 04:54:13 untangle-main uvmconsole: [1253850.535s][info][gc] GC(19802) Pause Remark 42M->42M(63M) 4.635ms
Dec 24 04:54:13 untangle-main uvmconsole: [1253850.554s][info][gc] GC(19802) Pause Cleanup 42M->42M(63M) 0.201ms
Dec 24 04:54:13 untangle-main uvmconsole: [1253850.555s][info][gc] GC(19802) Concurrent Cycle 100.379ms
Dec 24 04:56:26 untangle-main uvmconsole: [1253983.408s][info][gc] GC(19803) Pause Young (Normal) (G1 Evacuation Pause) 51M->42M(63M) 5.343ms
Dec 24 04:56:45 untangle-main uvmconsole: [1254002.639s][info][gc] GC(19804) Pause Full (System.gc()) 43M->42M(63M) 61.312ms
Dec 24 04:59:06 untangle-main uvmconsole: [1254143.416s][info][gc] GC(19805) Pause Young (Concurrent Start) (G1 Evacuation Pause) 52M->42M(63M) 10.036ms
Dec 24 04:59:06 untangle-main uvmconsole: [1254143.416s][info][gc] GC(19806) Concurrent Cycle
Dec 24 04:59:06 untangle-main uvmconsole: [1254143.486s][info][gc] GC(19806) Pause Remark 42M->42M(63M) 5.273ms
Dec 24 04:59:06 untangle-main uvmconsole: [1254143.505s][info][gc] GC(19806) Pause Cleanup 42M->42M(63M) 0.253ms
Dec 24 04:59:06 untangle-main uvmconsole: [1254143.506s][info][gc] GC(19806) Concurrent Cycle 89.314ms
Dec 24 05:01:26 untangle-main uvmconsole: [1254283.405s][info][gc] GC(19807) Pause Young (Normal) (G1 Evacuation Pause) 51M->42M(63M) 5.613ms
Dec 24 05:01:45 untangle-main uvmconsole: [1254302.637s][info][gc] GC(19808) Pause Full (System.gc()) 43M->42M(63M) 61.340ms
Dec 24 05:04:06 untangle-main uvmconsole: [1254443.418s][info][gc] GC(19809) Pause Young (Concurrent Start) (G1 Evacuation Pause) 52M->42M(63M) 8.856ms
Dec 24 05:04:06 untangle-main uvmconsole: [1254443.418s][info][gc] GC(19810) Concurrent Cycle
Dec 24 05:04:06 untangle-main uvmconsole: [1254443.486s][info][gc] GC(19810) Pause Remark 42M->42M(63M) 6.708ms
Dec 24 05:04:06 untangle-main uvmconsole: [1254443.507s][info][gc] GC(19810) Pause Cleanup 42M->42M(63M) 0.186ms
Dec 24 05:04:06 untangle-main uvmconsole: [1254443.507s][info][gc] GC(19810) Concurrent Cycle 89.223ms
Dec 24 05:06:26 untangle-main uvmconsole: [1254583.404s][info][gc] GC(19811) Pause Young (Normal) (G1 Evacuation Pause) 51M->42M(63M) 5.245ms
Dec 24 05:06:45 untangle-main uvmconsole: [1254602.618s][info][gc] GC(19812) Pause Full (System.gc()) 43M->42M(63M) 39.112ms
Dec 24 05:08:56 untangle-main uvmconsole: [1254733.404s][info][gc] GC(19813) Pause Young (Concurrent Start) (G1 Evacuation Pause) 51M->42M(63M) 6.247ms
Dec 24 05:08:56 untangle-main uvmconsole: [1254733.405s][info][gc] GC(19814) Concurrent Cycle
Dec 24 05:08:56 untangle-main uvmconsole: [1254733.467s][info][gc] GC(19814) Pause Remark 43M->42M(63M) 4.557ms
Dec 24 05:08:56 untangle-main uvmconsole: [1254733.489s][info][gc] GC(19814) Pause Cleanup 42M->42M(63M) 0.189ms
Dec 24 05:08:56 untangle-main uvmconsole: [1254733.489s][info][gc] GC(19814) Concurrent Cycle 84.745ms
Dec 24 05:10:46 untangle-main uvmconsole: [1254843.407s][info][gc] GC(19815) Pause Young (Normal) (G1 Evacuation Pause) 50M->42M(63M) 4.408ms
Dec 24 05:11:45 untangle-main uvmconsole: [1254902.643s][info][gc] GC(19816) Pause Full (System.gc()) 46M->42M(63M) 64.178ms
Dec 24 05:14:06 untangle-main uvmconsole: [1255043.414s][info][gc] GC(19817) Pause Young (Concurrent Start) (G1 Evacuation Pause) 52M->42M(63M) 6.251ms
Dec 24 05:14:06 untangle-main uvmconsole: [1255043.415s][info][gc] GC(19818) Concurrent Cycle
Dec 24 05:14:06 untangle-main uvmconsole: [1255043.494s][info][gc] GC(19818) Pause Remark 42M->42M(63M) 4.152ms
Dec 24 05:14:06 untangle-main uvmconsole: [1255043.512s][info][gc] GC(19818) Pause Cleanup 42M->42M(63M) 0.259ms
Dec 24 05:14:06 untangle-main uvmconsole: [1255043.513s][info][gc] GC(19818) Concurrent Cycle 98.050ms
Dec 24 05:16:26 untangle-main uvmconsole: [1255183.406s][info][gc] GC(19819) Pause Young (Normal) (G1 Evacuation Pause) 51M->42M(63M) 5.979ms
Dec 24 05:16:45 untangle-main uvmconsole: [1255202.641s][info][gc] GC(19820) Pause Full (System.gc()) 43M->42M(63M) 63.206ms
Dec 24 05:19:08 untangle-main uvmconsole: [1255345.640s][info][gc] GC(19821) Pause Young (Concurrent Start) (G1 Evacuation Pause) 52M->42M(63M) 7.354ms
Dec 24 05:19:08 untangle-main uvmconsole: [1255345.641s][info][gc] GC(19822) Concurrent Cycle
Dec 24 05:19:08 untangle-main uvmconsole: [1255345.730s][info][gc] GC(19822) Pause Remark 42M->42M(63M) 8.219ms
Dec 24 05:19:08 untangle-main uvmconsole: [1255345.753s][info][gc] GC(19822) Pause Cleanup 42M->42M(63M) 0.220ms
Dec 24 05:19:08 untangle-main uvmconsole: [1255345.754s][info][gc] GC(19822) Concurrent Cycle 112.960ms
Dec 24 05:21:26 untangle-main uvmconsole: [1255483.402s][info][gc] GC(19823) Pause Young (Normal) (G1 Evacuation Pause) 51M->42M(63M) 1.860ms
Dec 24 05:21:45 untangle-main uvmconsole: [1255502.639s][info][gc] GC(19824) Pause Full (System.gc()) 43M->42M(63M) 61.099ms
Dec 24 05:24:06 untangle-main uvmconsole: [1255643.407s][info][gc] GC(19825) Pause Young (Concurrent Start) (G1 Evacuation Pause) 52M->42M(63M) 6.017ms
Dec 24 05:24:06 untangle-main uvmconsole: [1255643.407s][info][gc] GC(19826) Concurrent Cycle
Dec 24 05:24:06 untangle-main uvmconsole: [1255643.469s][info][gc] GC(19826) Pause Remark 42M->42M(63M) 5.192ms
Dec 24 05:24:06 untangle-main uvmconsole: [1255643.494s][info][gc] GC(19826) Pause Cleanup 42M->42M(63M) 0.221ms
Dec 24 05:24:06 untangle-main uvmconsole: [1255643.494s][info][gc] GC(19826) Concurrent Cycle 87.258ms
Dec 24 05:26:26 untangle-main uvmconsole: [1255783.405s][info][gc] GC(19827) Pause Young (Normal) (G1 Evacuation Pause) 51M->42M(63M) 5.755ms
Dec 24 05:26:45 untangle-main uvmconsole: [1255802.638s][info][gc] GC(19828) Pause Full (System.gc()) 43M->42M(63M) 59.810ms
Dec 24 05:28:56 untangle-main uvmconsole: [1255933.414s][info][gc] GC(19829) Pause Young (Concurrent Start) (G1 Evacuation Pause) 51M->42M(63M) 7.461ms
Dec 24 05:28:56 untangle-main uvmconsole: [1255933.414s][info][gc] GC(19830) Concurrent Cycle
Dec 24 05:28:56 untangle-main uvmconsole: [1255933.476s][info][gc] GC(19830) Pause Remark 42M->42M(63M) 4.012ms
Dec 24 05:28:56 untangle-main uvmconsole: [1255933.496s][info][gc] GC(19830) Pause Cleanup 42M->42M(63M) 0.153ms
Dec 24 05:28:56 untangle-main uvmconsole: [1255933.497s][info][gc] GC(19830) Concurrent Cycle 82.685ms
Dec 24 05:30:56 untangle-main uvmconsole: [1256053.408s][info][gc] GC(19831) Pause Young (Normal) (G1 Evacuation Pause) 50M->42M(63M) 3.523ms
Dec 24 05:31:45 untangle-main uvmconsole: [1256102.617s][info][gc] GC(19832) Pause Full (System.gc()) 45M->42M(63M) 39.604ms
Dec 24 05:34:16 untangle-main uvmconsole: [1256253.411s][info][gc] GC(19833) Pause Young (Concurrent Start) (G1 Evacuation Pause) 52M->42M(63M) 9.633ms
Dec 24 05:34:16 untangle-main uvmconsole: [1256253.412s][info][gc] GC(19834) Concurrent Cycle
Dec 24 05:34:16 untangle-main uvmconsole: [1256253.502s][info][gc] GC(19834) Pause Remark 42M->42M(63M) 4.431ms
Dec 24 05:34:16 untangle-main uvmconsole: [1256253.522s][info][gc] GC(19834) Pause Cleanup 42M->42M(63M) 0.206ms
Dec 24 05:34:16 untangle-main uvmconsole: [1256253.523s][info][gc] GC(19834) Concurrent Cycle 111.293ms
Dec 24 05:36:33 untangle-main uvmconsole: [1256390.951s][info][gc] GC(19835) Pause Young (Normal) (G1 Evacuation Pause) 51M->42M(63M) 4.727ms
Dec 24 05:36:45 untangle-main uvmconsole: [1256402.635s][info][gc] GC(19836) Pause Full (System.gc()) 43M->42M(63M) 57.414ms
Dec 24 05:38:56 untangle-main uvmconsole: [1256533.407s][info][gc] GC(19837) Pause Young (Concurrent Start) (G1 Evacuation Pause) 51M->42M(63M) 6.554ms
Dec 24 05:38:56 untangle-main uvmconsole: [1256533.407s][info][gc] GC(19838) Concurrent Cycle
Dec 24 05:38:56 untangle-main uvmconsole: [1256533.501s][info][gc] GC(19838) Pause Remark 42M->42M(63M) 17.769ms
Dec 24 05:38:56 untangle-main uvmconsole: [1256533.522s][info][gc] GC(19838) Pause Cleanup 42M->42M(63M) 0.203ms
Dec 24 05:38:56 untangle-main uvmconsole: [1256533.522s][info][gc] GC(19838) Concurrent Cycle 115.020ms
Dec 24 05:40:47 untangle-main uvmconsole: [1256645.207s][info][gc] GC(19839) Pause Young (Normal) (G1 Evacuation Pause) 50M->42M(63M) 5.708ms
Dec 24 05:41:45 untangle-main uvmconsole: [1256702.646s][info][gc] GC(19840) Pause Full (System.gc()) 46M->42M(63M) 68.223ms
Dec 24 05:44:08 untangle-main uvmconsole: [1256845.954s][info][gc] GC(19841) Pause Young (Concurrent Start) (G1 Evacuation Pause) 52M->42M(63M) 2.240ms
Dec 24 05:44:08 untangle-main uvmconsole: [1256845.955s][info][gc] GC(19842) Concurrent Cycle
Dec 24 05:44:08 untangle-main uvmconsole: [1256845.992s][info][gc] GC(19842) Pause Remark 42M->42M(63M) 4.464ms
Dec 24 05:44:08 untangle-main uvmconsole: [1256846.011s][info][gc] GC(19842) Pause Cleanup 42M->42M(63M) 0.581ms
Dec 24 05:44:08 untangle-main uvmconsole: [1256846.011s][info][gc] GC(19842) Concurrent Cycle 56.836ms
Dec 24 05:46:26 untangle-main uvmconsole: [1256983.410s][info][gc] GC(19843) Pause Young (Normal) (G1 Evacuation Pause) 51M->42M(63M) 9.243ms
Dec 24 05:46:45 untangle-main uvmconsole: [1257002.637s][info][gc] GC(19844) Pause Full (System.gc()) 43M->42M(63M) 59.364ms
Dec 24 05:49:16 untangle-main uvmconsole: [1257153.407s][info][gc] GC(19845) Pause Young (Concurrent Start) (G1 Evacuation Pause) 52M->42M(63M) 7.791ms
Dec 24 05:49:16 untangle-main uvmconsole: [1257153.408s][info][gc] GC(19846) Concurrent Cycle
Dec 24 05:49:16 untangle-main uvmconsole: [1257153.469s][info][gc] GC(19846) Pause Remark 42M->42M(63M) 4.153ms
Dec 24 05:49:16 untangle-main uvmconsole: [1257153.487s][info][gc] GC(19846) Pause Cleanup 42M->42M(63M) 0.238ms
Dec 24 05:49:16 untangle-main uvmconsole: [1257153.488s][info][gc] GC(19846) Concurrent Cycle 80.087ms
Dec 24 05:51:36 untangle-main uvmconsole: [1257293.403s][info][gc] GC(19847) Pause Young (Normal) (G1 Evacuation Pause) 51M->42M(63M) 3.855ms
Dec 24 05:51:45 untangle-main uvmconsole: [1257302.641s][info][gc] GC(19848) Pause Full (System.gc()) 43M->42M(63M) 62.593ms
Dec 24 05:54:16 untangle-main uvmconsole: [1257453.409s][info][gc] GC(19849) Pause Young (Concurrent Start) (G1 Evacuation Pause) 52M->42M(63M) 7.456ms
Dec 24 05:54:16 untangle-main uvmconsole: [1257453.409s][info][gc] GC(19850) Concurrent Cycle
Dec 24 05:54:16 untangle-main uvmconsole: [1257453.475s][info][gc] GC(19850) Pause Remark 42M->42M(63M) 5.314ms
Dec 24 05:54:16 untangle-main uvmconsole: [1257453.499s][info][gc] GC(19850) Pause Cleanup 42M->42M(63M) 0.237ms
Dec 24 05:54:16 untangle-main uvmconsole: [1257453.499s][info][gc] GC(19850) Concurrent Cycle 89.332ms
Dec 24 05:56:34 untangle-main uvmconsole: [1257592.279s][info][gc] GC(19851) Pause Young (Normal) (G1 Evacuation Pause) 51M->42M(63M) 4.200ms
Dec 24 05:56:45 untangle-main uvmconsole: [1257602.642s][info][gc] GC(19852) Pause Full (System.gc()) 43M->42M(63M) 64.765ms
Dec 24 05:59:06 untangle-main uvmconsole: [1257743.412s][info][gc] GC(19853) Pause Young (Concurrent Start) (G1 Evacuation Pause) 52M->42M(63M) 10.095ms
Dec 24 05:59:06 untangle-main uvmconsole: [1257743.413s][info][gc] GC(19854) Concurrent Cycle
Dec 24 05:59:06 untangle-main uvmconsole: [1257743.482s][info][gc] GC(19854) Pause Remark 42M->42M(63M) 4.626ms
Dec 24 05:59:06 untangle-main uvmconsole: [1257743.500s][info][gc] GC(19854) Pause Cleanup 42M->42M(63M) 0.189ms
Dec 24 05:59:06 untangle-main uvmconsole: [1257743.501s][info][gc] GC(19854) Concurrent Cycle 88.214ms
Dec 24 06:01:17 untangle-main uvmconsole: [1257875.299s][info][gc] GC(19855) Pause Young (Normal) (G1 Evacuation Pause) 51M->42M(63M) 5.600ms
Dec 24 06:01:45 untangle-main uvmconsole: [1257902.645s][info][gc] GC(19856) Pause Full (System.gc()) 43M->42M(63M) 67.483ms
Dec 24 06:04:15 untangle-main uvmconsole: [1258053.090s][info][gc] GC(19857) Pause Young (Concurrent Start) (G1 Evacuation Pause) 52M->42M(63M) 6.558ms
Dec 24 06:04:15 untangle-main uvmconsole: [1258053.090s][info][gc] GC(19858) Concurrent Cycle
Dec 24 06:04:15 untangle-main uvmconsole: [1258053.148s][info][gc] GC(19858) Pause Remark 42M->42M(63M) 3.810ms
Dec 24 06:04:15 untangle-main uvmconsole: [1258053.167s][info][gc] GC(19858) Pause Cleanup 42M->42M(63M) 0.286ms
Dec 24 06:04:15 untangle-main uvmconsole: [1258053.167s][info][gc] GC(19858) Concurrent Cycle 76.638ms
Dec 24 06:06:31 untangle-main uvmconsole: [1258188.977s][info][gc] GC(19859) Pause Young (Normal) (G1 Evacuation Pause) 51M->42M(63M) 6.208ms
Dec 24 06:06:45 untangle-main uvmconsole: [1258202.643s][info][gc] GC(19860) Pause Full (System.gc()) 43M->42M(63M) 64.354ms
Dec 24 06:08:46 untangle-main uvmconsole: [1258323.407s][info][gc] GC(19861) Pause Young (Concurrent Start) (G1 Evacuation Pause) 52M->42M(63M) 6.820ms
Dec 24 06:08:46 untangle-main uvmconsole: [1258323.407s][info][gc] GC(19862) Concurrent Cycle
Dec 24 06:08:46 untangle-main uvmconsole: [1258323.480s][info][gc] GC(19862) Pause Remark 42M->42M(63M) 4.920ms
Dec 24 06:08:46 untangle-main uvmconsole: [1258323.498s][info][gc] GC(19862) Pause Cleanup 42M->42M(63M) 0.164ms
Dec 24 06:08:46 untangle-main uvmconsole: [1258323.499s][info][gc] GC(19862) Concurrent Cycle 91.419ms
Dec 24 06:10:56 untangle-main uvmconsole: [1258453.408s][info][gc] GC(19863) Pause Young (Normal) (G1 Evacuation Pause) 51M->42M(63M) 3.040ms
Dec 24 06:11:45 untangle-main uvmconsole: [1258502.647s][info][gc] GC(19864) Pause Full (System.gc()) 45M->42M(63M) 69.393ms
Dec 24 06:14:16 untangle-main uvmconsole: [1258653.409s][info][gc] GC(19865) Pause Young (Concurrent Start) (G1 Evacuation Pause) 52M->42M(63M) 7.329ms
Dec 24 06:14:16 untangle-main uvmconsole: [1258653.409s][info][gc] GC(19866) Concurrent Cycle
Dec 24 06:14:16 untangle-main uvmconsole: [1258653.470s][info][gc] GC(19866) Pause Remark 42M->42M(63M) 4.156ms
Dec 24 06:14:16 untangle-main uvmconsole: [1258653.489s][info][gc] GC(19866) Pause Cleanup 42M->42M(63M) 0.189ms
Dec 24 06:14:16 untangle-main uvmconsole: [1258653.489s][info][gc] GC(19866) Concurrent Cycle 80.050ms
Dec 24 06:16:26 untangle-main uvmconsole: [1258783.410s][info][gc] GC(19867) Pause Young (Normal) (G1 Evacuation Pause) 51M->42M(63M) 7.486ms
Dec 24 06:16:45 untangle-main uvmconsole: [1258802.635s][info][gc] GC(19868) Pause Full (System.gc()) 43M->42M(63M) 58.240ms
Dec 24 06:19:06 untangle-main uvmconsole: [1258943.410s][info][gc] GC(19869) Pause Young (Concurrent Start) (G1 Evacuation Pause) 52M->42M(63M) 6.812ms
Dec 24 06:19:06 untangle-main uvmconsole: [1258943.411s][info][gc] GC(19870) Concurrent Cycle
Dec 24 06:19:06 untangle-main uvmconsole: [1258943.493s][info][gc] GC(19870) Pause Remark 42M->42M(63M) 6.375ms
Dec 24 06:19:06 untangle-main uvmconsole: [1258943.512s][info][gc] GC(19870) Pause Cleanup 42M->42M(63M) 0.299ms
Dec 24 06:19:06 untangle-main uvmconsole: [1258943.512s][info][gc] GC(19870) Concurrent Cycle 101.371ms
Dec 24 06:21:26 untangle-main uvmconsole: [1259083.402s][info][gc] GC(19871) Pause Young (Normal) (G1 Evacuation Pause) 51M->42M(63M) 4.964ms
Dec 24 06:21:45 untangle-main uvmconsole: [1259102.640s][info][gc] GC(19872) Pause Full (System.gc()) 43M->42M(63M) 61.743ms
Dec 24 06:24:16 untangle-main uvmconsole: [1259253.413s][info][gc] GC(19873) Pause Young (Concurrent Start) (G1 Evacuation Pause) 52M->42M(63M) 11.493ms
Dec 24 06:24:16 untangle-main uvmconsole: [1259253.413s][info][gc] GC(19874) Concurrent Cycle
Dec 24 06:24:16 untangle-main uvmconsole: [1259253.468s][info][gc] GC(19874) Pause Remark 42M->42M(63M) 7.078ms
Dec 24 06:24:16 untangle-main uvmconsole: [1259253.488s][info][gc] GC(19874) Pause Cleanup 42M->42M(63M) 0.186ms
Dec 24 06:24:16 untangle-main uvmconsole: [1259253.488s][info][gc] GC(19874) Concurrent Cycle 75.028ms
Dec 24 06:26:33 untangle-main uvmconsole: [1259391.264s][info][gc] GC(19875) Pause Young (Normal) (G1 Evacuation Pause) 51M->42M(63M) 2.792ms
Dec 24 06:26:45 untangle-main uvmconsole: [1259402.637s][info][gc] GC(19876) Pause Full (System.gc()) 43M->42M(63M) 59.875ms
Dec 24 06:29:07 untangle-main uvmconsole: [1259544.479s][info][gc] GC(19877) Pause Young (Concurrent Start) (G1 Evacuation Pause) 52M->42M(63M) 6.719ms
Dec 24 06:29:07 untangle-main uvmconsole: [1259544.479s][info][gc] GC(19878) Concurrent Cycle
Dec 24 06:29:07 untangle-main uvmconsole: [1259544.543s][info][gc] GC(19878) Pause Remark 42M->42M(63M) 3.729ms
Dec 24 06:29:07 untangle-main uvmconsole: [1259544.562s][info][gc] GC(19878) Pause Cleanup 42M->42M(63M) 0.276ms
Dec 24 06:29:07 untangle-main uvmconsole: [1259544.562s][info][gc] GC(19878) Concurrent Cycle 83.219ms
Dec 24 06:31:26 untangle-main uvmconsole: [1259683.414s][info][gc] GC(19879) Pause Young (Normal) (G1 Evacuation Pause) 51M->42M(63M) 5.992ms
Dec 24 06:31:45 untangle-main uvmconsole: [1259702.638s][info][gc] GC(19880) Pause Full (System.gc()) 43M->42M(63M) 60.104ms
Dec 24 06:34:06 untangle-main uvmconsole: [1259843.413s][info][gc] GC(19881) Pause Young (Concurrent Start) (G1 Evacuation Pause) 52M->42M(63M) 7.973ms
Dec 24 06:34:06 untangle-main uvmconsole: [1259843.413s][info][gc] GC(19882) Concurrent Cycle
Dec 24 06:34:06 untangle-main uvmconsole: [1259843.490s][info][gc] GC(19882) Pause Remark 42M->42M(63M) 4.188ms
Dec 24 06:34:06 untangle-main uvmconsole: [1259843.509s][info][gc] GC(19882) Pause Cleanup 42M->42M(63M) 0.196ms
Dec 24 06:34:06 untangle-main uvmconsole: [1259843.509s][info][gc] GC(19882) Concurrent Cycle 95.929ms
Dec 24 06:36:19 untangle-main uvmconsole: [1259977.340s][info][gc] GC(19883) Pause Young (Normal) (G1 Evacuation Pause) 51M->42M(63M) 5.797ms
Dec 24 06:36:45 untangle-main uvmconsole: [1260002.625s][info][gc] GC(19884) Pause Full (System.gc()) 43M->42M(63M) 47.738ms
Dec 24 06:39:06 untangle-main uvmconsole: [1260143.413s][info][gc] GC(19885) Pause Young (Concurrent Start) (G1 Evacuation Pause) 52M->42M(63M) 7.718ms
Dec 24 06:39:06 untangle-main uvmconsole: [1260143.413s][info][gc] GC(19886) Concurrent Cycle
Dec 24 06:39:06 untangle-main uvmconsole: [1260143.466s][info][gc] GC(19886) Pause Remark 42M->42M(63M) 3.940ms
Dec 24 06:39:06 untangle-main uvmconsole: [1260143.487s][info][gc] GC(19886) Pause Cleanup 42M->42M(63M) 0.202ms
Dec 24 06:39:06 untangle-main uvmconsole: [1260143.487s][info][gc] GC(19886) Concurrent Cycle 74.413ms
Dec 24 06:41:26 untangle-main uvmconsole: [1260283.405s][info][gc] GC(19887) Pause Young (Normal) (G1 Evacuation Pause) 51M->42M(63M) 4.624ms
Dec 24 06:41:45 untangle-main uvmconsole: [1260302.637s][info][gc] GC(19888) Pause Full (System.gc()) 43M->42M(63M) 59.733ms
Dec 24 06:44:16 untangle-main uvmconsole: [1260453.406s][info][gc] GC(19889) Pause Young (Concurrent Start) (G1 Evacuation Pause) 52M->42M(63M) 5.458ms
Dec 24 06:44:16 untangle-main uvmconsole: [1260453.406s][info][gc] GC(19890) Concurrent Cycle
Dec 24 06:44:16 untangle-main uvmconsole: [1260453.477s][info][gc] GC(19890) Pause Remark 42M->42M(63M) 4.023ms
Dec 24 06:44:16 untangle-main uvmconsole: [1260453.496s][info][gc] GC(19890) Pause Cleanup 42M->42M(63M) 0.293ms
Dec 24 06:44:16 untangle-main uvmconsole: [1260453.497s][info][gc] GC(19890) Concurrent Cycle 90.127ms
Dec 24 06:46:26 untangle-main uvmconsole: [1260583.447s][info][gc] GC(19891) Pause Young (Normal) (G1 Evacuation Pause) 51M->42M(63M) 5.302ms
Dec 24 06:46:45 untangle-main uvmconsole: [1260602.637s][info][gc] GC(19892) Pause Full (System.gc()) 43M->42M(63M) 58.180ms
Dec 24 06:49:16 untangle-main uvmconsole: [1260753.408s][info][gc] GC(19893) Pause Young (Concurrent Start) (G1 Evacuation Pause) 52M->42M(63M) 8.956ms
Dec 24 06:49:16 untangle-main uvmconsole: [1260753.409s][info][gc] GC(19894) Concurrent Cycle
Dec 24 06:49:16 untangle-main uvmconsole: [1260753.483s][info][gc] GC(19894) Pause Remark 42M->42M(63M) 7.091ms
Dec 24 06:49:16 untangle-main uvmconsole: [1260753.501s][info][gc] GC(19894) Pause Cleanup 42M->42M(63M) 0.183ms
Dec 24 06:49:16 untangle-main uvmconsole: [1260753.502s][info][gc] GC(19894) Concurrent Cycle 93.262ms
Dec 24 06:51:26 untangle-main uvmconsole: [1260883.399s][info][gc] GC(19895) Pause Young (Normal) (G1 Evacuation Pause) 51M->42M(63M) 1.721ms
Dec 24 06:51:45 untangle-main uvmconsole: [1260902.638s][info][gc] GC(19896) Pause Full (System.gc()) 43M->42M(63M) 60.749ms
Dec 24 06:53:56 untangle-main uvmconsole: [1261033.411s][info][gc] GC(19897) Pause Young (Concurrent Start) (G1 Evacuation Pause) 51M->42M(63M) 6.687ms
Dec 24 06:53:56 untangle-main uvmconsole: [1261033.411s][info][gc] GC(19898) Concurrent Cycle
Dec 24 06:53:56 untangle-main uvmconsole: [1261033.485s][info][gc] GC(19898) Pause Remark 42M->42M(63M) 5.450ms
Dec 24 06:53:56 untangle-main uvmconsole: [1261033.505s][info][gc] GC(19898) Pause Cleanup 42M->42M(63M) 0.232ms
Dec 24 06:53:56 untangle-main uvmconsole: [1261033.506s][info][gc] GC(19898) Concurrent Cycle 94.692ms
Dec 24 06:55:56 untangle-main uvmconsole: [1261153.413s][info][gc] GC(19899) Pause Young (Normal) (G1 Evacuation Pause) 50M->42M(63M) 4.620ms
Dec 24 06:56:45 untangle-main uvmconsole: [1261202.641s][info][gc] GC(19900) Pause Full (System.gc()) 45M->42M(63M) 64.192ms
Dec 24 06:59:16 untangle-main uvmconsole: [1261353.407s][info][gc] GC(19901) Pause Young (Concurrent Start) (G1 Evacuation Pause) 52M->42M(63M) 7.366ms
Dec 24 06:59:16 untangle-main uvmconsole: [1261353.408s][info][gc] GC(19902) Concurrent Cycle
Dec 24 06:59:16 untangle-main uvmconsole: [1261353.465s][info][gc] GC(19902) Pause Remark 42M->42M(63M) 4.397ms
Dec 24 06:59:16 untangle-main uvmconsole: [1261353.484s][info][gc] GC(19902) Pause Cleanup 42M->42M(63M) 0.289ms
Dec 24 06:59:16 untangle-main uvmconsole: [1261353.484s][info][gc] GC(19902) Concurrent Cycle 76.739ms
Dec 24 07:01:36 untangle-main uvmconsole: [1261493.399s][info][gc] GC(19903) Pause Young (Normal) (G1 Evacuation Pause) 51M->42M(63M) 2.314ms
Dec 24 07:01:45 untangle-main uvmconsole: [1261502.641s][info][gc] GC(19904) Pause Full (System.gc()) 42M->42M(63M) 63.333ms
Dec 24 07:04:07 untangle-main uvmconsole: [1261644.442s][info][gc] GC(19905) Pause Young (Concurrent Start) (G1 Evacuation Pause) 52M->42M(63M) 6.521ms
Dec 24 07:04:07 untangle-main uvmconsole: [1261644.442s][info][gc] GC(19906) Concurrent Cycle
Dec 24 07:04:07 untangle-main uvmconsole: [1261644.512s][info][gc] GC(19906) Pause Remark 42M->42M(63M) 5.540ms
Dec 24 07:04:07 untangle-main uvmconsole: [1261644.532s][info][gc] GC(19906) Pause Cleanup 42M->42M(63M) 0.224ms
Dec 24 07:04:07 untangle-main uvmconsole: [1261644.532s][info][gc] GC(19906) Concurrent Cycle 90.027ms
Dec 24 07:06:26 untangle-main uvmconsole: [1261783.402s][info][gc] GC(19907) Pause Young (Normal) (G1 Evacuation Pause) 51M->42M(63M) 2.112ms
Dec 24 07:06:45 untangle-main uvmconsole: [1261802.640s][info][gc] GC(19908) Pause Full (System.gc()) 43M->42M(63M) 64.165ms
Dec 24 07:08:56 untangle-main uvmconsole: [1261933.414s][info][gc] GC(19909) Pause Young (Concurrent Start) (G1 Evacuation Pause) 52M->42M(63M) 5.837ms
Dec 24 07:08:56 untangle-main uvmconsole: [1261933.414s][info][gc] GC(19910) Concurrent Cycle
Dec 24 07:08:56 untangle-main uvmconsole: [1261933.467s][info][gc] GC(19910) Pause Remark 42M->42M(63M) 3.827ms
Dec 24 07:08:56 untangle-main uvmconsole: [1261933.486s][info][gc] GC(19910) Pause Cleanup 42M->42M(63M) 0.229ms
Dec 24 07:08:56 untangle-main uvmconsole: [1261933.486s][info][gc] GC(19910) Concurrent Cycle 72.205ms
Dec 24 07:11:16 untangle-main uvmconsole: [1262073.405s][info][gc] GC(19911) Pause Young (Normal) (G1 Evacuation Pause) 51M->42M(63M) 5.475ms
Dec 24 07:11:45 untangle-main uvmconsole: [1262102.637s][info][gc] GC(19912) Pause Full (System.gc()) 44M->42M(63M) 56.598ms
Dec 24 07:14:16 untangle-main uvmconsole: [1262253.400s][info][gc] GC(19913) Pause Young (Concurrent Start) (G1 Evacuation Pause) 52M->42M(63M) 2.363ms
Dec 24 07:14:16 untangle-main uvmconsole: [1262253.400s][info][gc] GC(19914) Concurrent Cycle
Dec 24 07:14:16 untangle-main uvmconsole: [1262253.438s][info][gc] GC(19914) Pause Remark 42M->42M(63M) 5.579ms
Dec 24 07:14:16 untangle-main uvmconsole: [1262253.457s][info][gc] GC(19914) Pause Cleanup 42M->42M(63M) 0.225ms
Dec 24 07:14:16 untangle-main uvmconsole: [1262253.457s][info][gc] GC(19914) Concurrent Cycle 57.106ms
Dec 24 07:16:34 untangle-main uvmconsole: [1262391.972s][info][gc] GC(19915) Pause Young (Normal) (G1 Evacuation Pause) 51M->42M(63M) 6.079ms
Dec 24 07:16:45 untangle-main uvmconsole: [1262402.638s][info][gc] GC(19916) Pause Full (System.gc()) 43M->42M(63M) 62.072ms
Dec 24 07:19:16 untangle-main uvmconsole: [1262553.405s][info][gc] GC(19917) Pause Young (Concurrent Start) (G1 Evacuation Pause) 52M->42M(63M) 5.389ms
Dec 24 07:19:16 untangle-main uvmconsole: [1262553.406s][info][gc] GC(19918) Concurrent Cycle
Dec 24 07:19:16 untangle-main uvmconsole: [1262553.446s][info][gc] GC(19918) Pause Remark 42M->42M(63M) 4.485ms
Dec 24 07:19:16 untangle-main uvmconsole: [1262553.466s][info][gc] GC(19918) Pause Cleanup 42M->42M(63M) 0.233ms
Dec 24 07:19:16 untangle-main uvmconsole: [1262553.467s][info][gc] GC(19918) Concurrent Cycle 61.105ms
Dec 24 07:21:27 untangle-main uvmconsole: [1262684.923s][info][gc] GC(19919) Pause Young (Normal) (G1 Evacuation Pause) 51M->42M(63M) 5.932ms
Dec 24 07:21:45 untangle-main uvmconsole: [1262702.639s][info][gc] GC(19920) Pause Full (System.gc()) 43M->42M(63M) 61.831ms
Dec 24 07:24:16 untangle-main uvmconsole: [1262853.407s][info][gc] GC(19921) Pause Young (Concurrent Start) (G1 Evacuation Pause) 52M->42M(63M) 7.529ms
Dec 24 07:24:16 untangle-main uvmconsole: [1262853.408s][info][gc] GC(19922) Concurrent Cycle
Dec 24 07:24:16 untangle-main uvmconsole: [1262853.473s][info][gc] GC(19922) Pause Remark 42M->42M(63M) 4.127ms
Dec 24 07:24:16 untangle-main uvmconsole: [1262853.495s][info][gc] GC(19922) Pause Cleanup 42M->42M(63M) 0.198ms
Dec 24 07:24:16 untangle-main uvmconsole: [1262853.495s][info][gc] GC(19922) Concurrent Cycle 87.871ms
Dec 24 07:26:26 untangle-main uvmconsole: [1262983.407s][info][gc] GC(19923) Pause Young (Normal) (G1 Evacuation Pause) 51M->42M(63M) 5.365ms
Dec 24 07:26:45 untangle-main uvmconsole: [1263002.628s][info][gc] GC(19924) Pause Full (System.gc()) 43M->42M(63M) 50.584ms
Dec 24 07:29:26 untangle-main uvmconsole: [1263163.409s][info][gc] GC(19925) Pause Young (Concurrent Start) (G1 Evacuation Pause) 53M->42M(63M) 7.395ms
Dec 24 07:29:26 untangle-main uvmconsole: [1263163.409s][info][gc] GC(19926) Concurrent Cycle
Dec 24 07:29:26 untangle-main uvmconsole: [1263163.481s][info][gc] GC(19926) Pause Remark 42M->42M(63M) 7.496ms
Dec 24 07:29:26 untangle-main uvmconsole: [1263163.500s][info][gc] GC(19926) Pause Cleanup 42M->42M(63M) 0.219ms
Dec 24 07:29:26 untangle-main uvmconsole: [1263163.501s][info][gc] GC(19926) Concurrent Cycle 91.286ms
Dec 24 07:31:45 untangle-main uvmconsole: [1263302.638s][info][gc] GC(19927) Pause Full (System.gc()) 51M->42M(63M) 61.431ms
Dec 24 07:33:56 untangle-main uvmconsole: [1263433.409s][info][gc] GC(19928) Pause Young (Concurrent Start) (G1 Evacuation Pause) 51M->42M(63M) 3.726ms
Dec 24 07:33:56 untangle-main uvmconsole: [1263433.410s][info][gc] GC(19929) Concurrent Cycle
Dec 24 07:33:56 untangle-main uvmconsole: [1263433.455s][info][gc] GC(19929) Pause Remark 42M->42M(63M) 4.176ms
Dec 24 07:33:56 untangle-main uvmconsole: [1263433.474s][info][gc] GC(19929) Pause Cleanup 42M->42M(63M) 0.225ms
Dec 24 07:33:56 untangle-main uvmconsole: [1263433.475s][info][gc] GC(19929) Concurrent Cycle 64.194ms
Dec 24 07:35:58 untangle-main uvmconsole: [1263555.427s][info][gc] GC(19930) Pause Young (Normal) (G1 Evacuation Pause) 50M->42M(63M) 8.295ms
Dec 24 07:36:45 untangle-main uvmconsole: [1263602.634s][info][gc] GC(19931) Pause Full (System.gc()) 45M->42M(63M) 56.618ms
Dec 24 07:39:06 untangle-main uvmconsole: [1263743.407s][info][gc] GC(19932) Pause Young (Concurrent Start) (G1 Evacuation Pause) 52M->42M(63M) 6.319ms
Dec 24 07:39:06 untangle-main uvmconsole: [1263743.407s][info][gc] GC(19933) Concurrent Cycle
Dec 24 07:39:06 untangle-main uvmconsole: [1263743.474s][info][gc] GC(19933) Pause Remark 42M->42M(63M) 3.778ms
Dec 24 07:39:06 untangle-main uvmconsole: [1263743.516s][info][gc] GC(19933) Pause Cleanup 42M->42M(63M) 20.236ms
Dec 24 07:39:06 untangle-main uvmconsole: [1263743.517s][info][gc] GC(19933) Concurrent Cycle 109.407ms
Dec 24 07:41:22 untangle-main uvmconsole: [1263879.989s][info][gc] GC(19934) Pause Young (Normal) (G1 Evacuation Pause) 51M->42M(63M) 5.244ms
Dec 24 07:41:45 untangle-main uvmconsole: [1263902.634s][info][gc] GC(19935) Pause Full (System.gc()) 43M->42M(63M) 55.219ms
Dec 24 07:43:56 untangle-main uvmconsole: [1264033.408s][info][gc] GC(19936) Pause Young (Concurrent Start) (G1 Evacuation Pause) 51M->42M(63M) 6.927ms
Dec 24 07:43:56 untangle-main uvmconsole: [1264033.408s][info][gc] GC(19937) Concurrent Cycle
Dec 24 07:43:56 untangle-main uvmconsole: [1264033.478s][info][gc] GC(19937) Pause Remark 42M->42M(63M) 3.946ms
Dec 24 07:43:56 untangle-main uvmconsole: [1264033.497s][info][gc] GC(19937) Pause Cleanup 42M->42M(63M) 0.207ms
Dec 24 07:43:56 untangle-main uvmconsole: [1264033.497s][info][gc] GC(19937) Concurrent Cycle 89.120ms
Dec 24 07:45:56 untangle-main uvmconsole: [1264153.407s][info][gc] GC(19938) Pause Young (Normal) (G1 Evacuation Pause) 50M->42M(63M) 4.876ms
Dec 24 07:46:45 untangle-main uvmconsole: [1264202.638s][info][gc] GC(19939) Pause Full (System.gc()) 45M->42M(63M) 60.426ms
Dec 24 07:48:56 untangle-main uvmconsole: [1264333.413s][info][gc] GC(19940) Pause Young (Concurrent Start) (G1 Evacuation Pause) 51M->42M(63M) 4.813ms
Dec 24 07:48:56 untangle-main uvmconsole: [1264333.413s][info][gc] GC(19941) Concurrent Cycle
Dec 24 07:48:56 untangle-main uvmconsole: [1264333.459s][info][gc] GC(19941) Pause Remark 42M->42M(63M) 4.311ms
Dec 24 07:48:56 untangle-main uvmconsole: [1264333.477s][info][gc] GC(19941) Pause Cleanup 42M->42M(63M) 0.190ms
Dec 24 07:48:56 untangle-main uvmconsole: [1264333.478s][info][gc] GC(19941) Concurrent Cycle 64.821ms
Dec 24 07:50:58 untangle-main uvmconsole: [1264455.914s][info][gc] GC(19942) Pause Young (Normal) (G1 Evacuation Pause) 50M->42M(63M) 5.923ms
Dec 24 07:51:45 untangle-main uvmconsole: [1264502.623s][info][gc] GC(19943) Pause Full (System.gc()) 45M->42M(63M) 46.641ms
Dec 24 07:54:16 untangle-main uvmconsole: [1264653.407s][info][gc] GC(19944) Pause Young (Concurrent Start) (G1 Evacuation Pause) 52M->42M(63M) 6.410ms
Dec 24 07:54:16 untangle-main uvmconsole: [1264653.408s][info][gc] GC(19945) Concurrent Cycle
Dec 24 07:54:16 untangle-main uvmconsole: [1264653.487s][info][gc] GC(19945) Pause Remark 42M->42M(63M) 7.124ms
Dec 24 07:54:16 untangle-main uvmconsole: [1264653.508s][info][gc] GC(19945) Pause Cleanup 42M->42M(63M) 0.230ms
Dec 24 07:54:16 untangle-main uvmconsole: [1264653.508s][info][gc] GC(19945) Concurrent Cycle 100.525ms
Dec 24 07:56:28 untangle-main uvmconsole: [1264786.266s][info][gc] GC(19946) Pause Young (Normal) (G1 Evacuation Pause) 51M->42M(63M) 5.638ms
Dec 24 07:56:45 untangle-main uvmconsole: [1264802.637s][info][gc] GC(19947) Pause Full (System.gc()) 43M->42M(63M) 58.432ms
Dec 24 07:59:16 untangle-main uvmconsole: [1264953.406s][info][gc] GC(19948) Pause Young (Concurrent Start) (G1 Evacuation Pause) 52M->42M(63M) 6.751ms
Dec 24 07:59:16 untangle-main uvmconsole: [1264953.407s][info][gc] GC(19949) Concurrent Cycle
Dec 24 07:59:16 untangle-main uvmconsole: [1264953.467s][info][gc] GC(19949) Pause Remark 42M->42M(63M) 4.990ms
Dec 24 07:59:16 untangle-main uvmconsole: [1264953.486s][info][gc] GC(19949) Pause Cleanup 42M->42M(63M) 0.186ms
Dec 24 07:59:16 untangle-main uvmconsole: [1264953.486s][info][gc] GC(19949) Concurrent Cycle 79.446ms
Dec 24 08:01:26 untangle-main uvmconsole: [1265083.408s][info][gc] GC(19950) Pause Young (Normal) (G1 Evacuation Pause) 51M->42M(63M) 5.481ms
Dec 24 08:01:45 untangle-main uvmconsole: [1265102.626s][info][gc] GC(19951) Pause Full (System.gc()) 43M->42M(63M) 50.077ms
Dec 24 08:04:06 untangle-main uvmconsole: [1265243.419s][info][gc] GC(19952) Pause Young (Concurrent Start) (G1 Evacuation Pause) 52M->42M(63M) 8.147ms
Dec 24 08:04:06 untangle-main uvmconsole: [1265243.419s][info][gc] GC(19953) Concurrent Cycle
Dec 24 08:04:06 untangle-main uvmconsole: [1265243.476s][info][gc] GC(19953) Pause Remark 42M->42M(63M) 4.076ms
Dec 24 08:04:06 untangle-main uvmconsole: [1265243.495s][info][gc] GC(19953) Pause Cleanup 42M->42M(63M) 0.237ms
Dec 24 08:04:06 untangle-main uvmconsole: [1265243.495s][info][gc] GC(19953) Concurrent Cycle 76.284ms
Dec 24 08:06:26 untangle-main uvmconsole: [1265383.408s][info][gc] GC(19954) Pause Young (Normal) (G1 Evacuation Pause) 51M->42M(63M) 5.106ms
Dec 24 08:06:45 untangle-main uvmconsole: [1265402.618s][info][gc] GC(19955) Pause Full (System.gc()) 43M->42M(63M) 39.609ms
Dec 24 08:08:56 untangle-main uvmconsole: [1265533.406s][info][gc] GC(19956) Pause Young (Concurrent Start) (G1 Evacuation Pause) 51M->42M(63M) 5.283ms
Dec 24 08:08:56 untangle-main uvmconsole: [1265533.406s][info][gc] GC(19957) Concurrent Cycle
Dec 24 08:08:56 untangle-main uvmconsole: [1265533.463s][info][gc] GC(19957) Pause Remark 42M->42M(63M) 5.779ms
Dec 24 08:08:56 untangle-main uvmconsole: [1265533.482s][info][gc] GC(19957) Pause Cleanup 42M->42M(63M) 0.200ms
Dec 24 08:08:56 untangle-main uvmconsole: [1265533.482s][info][gc] GC(19957) Concurrent Cycle 75.954ms
Dec 24 08:10:56 untangle-main uvmconsole: [1265653.411s][info][gc] GC(19958) Pause Young (Normal) (G1 Evacuation Pause) 50M->42M(63M) 6.952ms
Dec 24 08:11:45 untangle-main uvmconsole: [1265702.642s][info][gc] GC(19959) Pause Full (System.gc()) 45M->42M(63M) 65.367ms
Dec 24 08:13:56 untangle-main uvmconsole: [1265833.404s][info][gc] GC(19960) Pause Young (Concurrent Start) (G1 Evacuation Pause) 51M->42M(63M) 2.890ms
Dec 24 08:13:56 untangle-main uvmconsole: [1265833.404s][info][gc] GC(19961) Concurrent Cycle
Dec 24 08:13:56 untangle-main uvmconsole: [1265833.450s][info][gc] GC(19961) Pause Remark 42M->42M(63M) 4.956ms
Dec 24 08:13:56 untangle-main uvmconsole: [1265833.471s][info][gc] GC(19961) Pause Cleanup 42M->42M(63M) 0.211ms
Dec 24 08:13:56 untangle-main uvmconsole: [1265833.472s][info][gc] GC(19961) Concurrent Cycle 67.571ms
Dec 24 08:15:56 untangle-main uvmconsole: [1265953.413s][info][gc] GC(19962) Pause Young (Normal) (G1 Evacuation Pause) 50M->42M(63M) 6.718ms
Dec 24 08:16:45 untangle-main uvmconsole: [1266002.645s][info][gc] GC(19963) Pause Full (System.gc()) 45M->42M(63M) 67.138ms
Dec 24 08:18:56 untangle-main uvmconsole: [1266133.406s][info][gc] GC(19964) Pause Young (Concurrent Start) (G1 Evacuation Pause) 51M->42M(63M) 6.828ms
Dec 24 08:18:56 untangle-main uvmconsole: [1266133.407s][info][gc] GC(19965) Concurrent Cycle
Dec 24 08:18:56 untangle-main uvmconsole: [1266133.479s][info][gc] GC(19965) Pause Remark 42M->42M(63M) 4.746ms
Dec 24 08:18:56 untangle-main uvmconsole: [1266133.500s][info][gc] GC(19965) Pause Cleanup 42M->42M(63M) 0.187ms
Dec 24 08:18:56 untangle-main uvmconsole: [1266133.500s][info][gc] GC(19965) Concurrent Cycle 93.791ms
Dec 24 08:20:56 untangle-main uvmconsole: [1266253.402s][info][gc] GC(19966) Pause Young (Normal) (G1 Evacuation Pause) 50M->42M(63M) 1.744ms
Dec 24 08:21:45 untangle-main uvmconsole: [1266302.635s][info][gc] GC(19967) Pause Full (System.gc()) 45M->42M(63M) 56.489ms
Dec 24 08:24:16 untangle-main uvmconsole: [1266453.408s][info][gc] GC(19968) Pause Young (Concurrent Start) (G1 Evacuation Pause) 52M->42M(63M) 6.950ms
Dec 24 08:24:16 untangle-main uvmconsole: [1266453.408s][info][gc] GC(19969) Concurrent Cycle
Dec 24 08:24:16 untangle-main uvmconsole: [1266453.475s][info][gc] GC(19969) Pause Remark 42M->42M(63M) 4.905ms
Dec 24 08:24:16 untangle-main uvmconsole: [1266453.496s][info][gc] GC(19969) Pause Cleanup 42M->42M(63M) 0.186ms
Dec 24 08:24:16 untangle-main uvmconsole: [1266453.496s][info][gc] GC(19969) Concurrent Cycle 88.532ms
Dec 24 08:26:35 untangle-main uvmconsole: [1266592.907s][info][gc] GC(19970) Pause Young (Normal) (G1 Evacuation Pause) 51M->42M(63M) 7.097ms
Dec 24 08:26:45 untangle-main uvmconsole: [1266602.651s][info][gc] GC(19971) Pause Full (System.gc()) 43M->42M(63M) 72.289ms
Dec 24 08:29:16 untangle-main uvmconsole: [1266753.405s][info][gc] GC(19972) Pause Young (Concurrent Start) (G1 Evacuation Pause) 52M->42M(63M) 6.335ms
Dec 24 08:29:16 untangle-main uvmconsole: [1266753.406s][info][gc] GC(19973) Concurrent Cycle
Dec 24 08:29:16 untangle-main uvmconsole: [1266753.475s][info][gc] GC(19973) Pause Remark 42M->42M(63M) 4.258ms
Dec 24 08:29:16 untangle-main uvmconsole: [1266753.494s][info][gc] GC(19973) Pause Cleanup 42M->42M(63M) 0.221ms
Dec 24 08:29:16 untangle-main uvmconsole: [1266753.494s][info][gc] GC(19973) Concurrent Cycle 88.583ms
Dec 24 08:31:26 untangle-main uvmconsole: [1266883.899s][info][gc] GC(19974) Pause Young (Normal) (G1 Evacuation Pause) 51M->42M(63M) 4.926ms
Dec 24 08:31:45 untangle-main uvmconsole: [1266902.640s][info][gc] GC(19975) Pause Full (System.gc()) 43M->42M(63M) 62.546ms
Dec 24 08:34:16 untangle-main uvmconsole: [1267053.409s][info][gc] GC(19976) Pause Young (Concurrent Start) (G1 Evacuation Pause) 52M->42M(63M) 6.543ms
Dec 24 08:34:16 untangle-main uvmconsole: [1267053.409s][info][gc] GC(19977) Concurrent Cycle
Dec 24 08:34:16 untangle-main uvmconsole: [1267053.467s][info][gc] GC(19977) Pause Remark 42M->42M(63M) 3.774ms
Dec 24 08:34:16 untangle-main uvmconsole: [1267053.486s][info][gc] GC(19977) Pause Cleanup 42M->42M(63M) 0.178ms
Dec 24 08:34:16 untangle-main uvmconsole: [1267053.486s][info][gc] GC(19977) Concurrent Cycle 76.836ms
Dec 24 08:36:26 untangle-main uvmconsole: [1267183.406s][info][gc] GC(19978) Pause Young (Normal) (G1 Evacuation Pause) 51M->42M(63M) 5.507ms
Dec 24 08:36:45 untangle-main uvmconsole: [1267202.628s][info][gc] GC(19979) Pause Full (System.gc()) 43M->42M(63M) 52.666ms
Dec 24 08:39:06 untangle-main uvmconsole: [1267343.413s][info][gc] GC(19980) Pause Young (Concurrent Start) (G1 Evacuation Pause) 52M->42M(63M) 9.658ms
Dec 24 08:39:06 untangle-main uvmconsole: [1267343.413s][info][gc] GC(19981) Concurrent Cycle
Dec 24 08:39:06 untangle-main uvmconsole: [1267343.473s][info][gc] GC(19981) Pause Remark 42M->42M(63M) 3.971ms
Dec 24 08:39:06 untangle-main uvmconsole: [1267343.492s][info][gc] GC(19981) Pause Cleanup 42M->42M(63M) 0.172ms
Dec 24 08:39:06 untangle-main uvmconsole: [1267343.492s][info][gc] GC(19981) Concurrent Cycle 78.980ms
Dec 24 08:41:16 untangle-main uvmconsole: [1267473.411s][info][gc] GC(19982) Pause Young (Normal) (G1 Evacuation Pause) 51M->42M(63M) 4.715ms
Dec 24 08:41:45 untangle-main uvmconsole: [1267502.640s][info][gc] GC(19983) Pause Full (System.gc()) 43M->42M(63M) 63.852ms
Dec 24 08:44:16 untangle-main uvmconsole: [1267653.407s][info][gc] GC(19984) Pause Young (Concurrent Start) (G1 Evacuation Pause) 52M->42M(63M) 6.503ms
Dec 24 08:44:16 untangle-main uvmconsole: [1267653.407s][info][gc] GC(19985) Concurrent Cycle
Dec 24 08:44:16 untangle-main uvmconsole: [1267653.490s][info][gc] GC(19985) Pause Remark 42M->42M(63M) 15.034ms
Dec 24 08:44:16 untangle-main uvmconsole: [1267653.509s][info][gc] GC(19985) Pause Cleanup 42M->42M(63M) 0.278ms
Dec 24 08:44:16 untangle-main uvmconsole: [1267653.509s][info][gc] GC(19985) Concurrent Cycle 101.979ms
Dec 24 08:46:36 untangle-main uvmconsole: [1267793.405s][info][gc] GC(19986) Pause Young (Normal) (G1 Evacuation Pause) 51M->42M(63M) 4.832ms
Dec 24 08:46:45 untangle-main uvmconsole: [1267802.639s][info][gc] GC(19987) Pause Full (System.gc()) 42M->42M(63M) 60.350ms
Dec 24 08:49:10 untangle-main uvmconsole: [1267947.714s][info][gc] GC(19988) Pause Young (Concurrent Start) (G1 Evacuation Pause) 52M->42M(63M) 5.675ms
Dec 24 08:49:10 untangle-main uvmconsole: [1267947.715s][info][gc] GC(19989) Concurrent Cycle
Dec 24 08:49:10 untangle-main uvmconsole: [1267947.783s][info][gc] GC(19989) Pause Remark 42M->42M(63M) 5.021ms
Dec 24 08:49:10 untangle-main uvmconsole: [1267947.802s][info][gc] GC(19989) Pause Cleanup 42M->42M(63M) 0.213ms
Dec 24 08:49:10 untangle-main uvmconsole: [1267947.802s][info][gc] GC(19989) Concurrent Cycle 87.466ms
Dec 24 08:51:26 untangle-main uvmconsole: [1268083.405s][info][gc] GC(19990) Pause Young (Normal) (G1 Evacuation Pause) 51M->42M(63M) 3.004ms
Dec 24 08:51:45 untangle-main uvmconsole: [1268102.641s][info][gc] GC(19991) Pause Full (System.gc()) 43M->42M(63M) 61.177ms
Dec 24 08:54:06 untangle-main uvmconsole: [1268243.423s][info][gc] GC(19992) Pause Young (Concurrent Start) (G1 Evacuation Pause) 52M->42M(63M) 19.435ms
Dec 24 08:54:06 untangle-main uvmconsole: [1268243.424s][info][gc] GC(19993) Concurrent Cycle
Dec 24 08:54:06 untangle-main uvmconsole: [1268243.482s][info][gc] GC(19993) Pause Remark 42M->42M(63M) 6.119ms
Dec 24 08:54:06 untangle-main uvmconsole: [1268243.505s][info][gc] GC(19993) Pause Cleanup 42M->42M(63M) 0.187ms
Dec 24 08:54:06 untangle-main uvmconsole: [1268243.505s][info][gc] GC(19993) Concurrent Cycle 81.645ms
Dec 24 08:56:20 untangle-main uvmconsole: [1268377.933s][info][gc] GC(19994) Pause Young (Normal) (G1 Evacuation Pause) 51M->42M(63M) 6.595ms
Dec 24 08:56:45 untangle-main uvmconsole: [1268402.641s][info][gc] GC(19995) Pause Full (System.gc()) 43M->42M(63M) 61.488ms
Dec 24 08:59:07 untangle-main uvmconsole: [1268544.485s][info][gc] GC(19996) Pause Young (Concurrent Start) (G1 Evacuation Pause) 52M->42M(63M) 6.582ms
Dec 24 08:59:07 untangle-main uvmconsole: [1268544.485s][info][gc] GC(19997) Concurrent Cycle
Dec 24 08:59:07 untangle-main uvmconsole: [1268544.558s][info][gc] GC(19997) Pause Remark 42M->42M(63M) 10.131ms
Dec 24 08:59:07 untangle-main uvmconsole: [1268544.578s][info][gc] GC(19997) Pause Cleanup 42M->42M(63M) 0.177ms
Dec 24 08:59:07 untangle-main uvmconsole: [1268544.578s][info][gc] GC(19997) Concurrent Cycle 92.410ms
Dec 24 09:01:26 untangle-main uvmconsole: [1268683.414s][info][gc] GC(19998) Pause Young (Normal) (G1 Evacuation Pause) 51M->42M(63M) 6.779ms
Dec 24 09:01:45 untangle-main uvmconsole: [1268702.638s][info][gc] GC(19999) Pause Full (System.gc()) 43M->42M(63M) 59.876ms
Dec 24 09:04:16 untangle-main uvmconsole: [1268853.408s][info][gc] GC(20000) Pause Young (Concurrent Start) (G1 Evacuation Pause) 52M->42M(63M) 6.529ms
Dec 24 09:04:16 untangle-main uvmconsole: [1268853.409s][info][gc] GC(20001) Concurrent Cycle
Dec 24 09:04:16 untangle-main uvmconsole: [1268853.493s][info][gc] GC(20001) Pause Remark 42M->42M(63M) 4.825ms
Dec 24 09:04:16 untangle-main uvmconsole: [1268853.512s][info][gc] GC(20001) Pause Cleanup 42M->42M(63M) 0.203ms
Dec 24 09:04:16 untangle-main uvmconsole: [1268853.513s][info][gc] GC(20001) Concurrent Cycle 104.085ms
Dec 24 09:06:26 untangle-main uvmconsole: [1268983.879s][info][gc] GC(20002) Pause Young (Normal) (G1 Evacuation Pause) 51M->42M(63M) 7.928ms
Dec 24 09:06:45 untangle-main uvmconsole: [1269002.618s][info][gc] GC(20003) Pause Full (System.gc()) 43M->42M(63M) 40.507ms
Dec 24 09:09:06 untangle-main uvmconsole: [1269143.403s][info][gc] GC(20004) Pause Young (Concurrent Start) (G1 Evacuation Pause) 52M->42M(63M) 3.647ms
Dec 24 09:09:06 untangle-main uvmconsole: [1269143.403s][info][gc] GC(20005) Concurrent Cycle
Dec 24 09:09:06 untangle-main uvmconsole: [1269143.441s][info][gc] GC(20005) Pause Remark 42M->42M(63M) 4.258ms
Dec 24 09:09:06 untangle-main uvmconsole: [1269143.460s][info][gc] GC(20005) Pause Cleanup 42M->42M(63M) 0.331ms
Dec 24 09:09:06 untangle-main uvmconsole: [1269143.460s][info][gc] GC(20005) Concurrent Cycle 57.045ms
Dec 24 09:11:26 untangle-main uvmconsole: [1269283.402s][info][gc] GC(20006) Pause Young (Normal) (G1 Evacuation Pause) 51M->42M(63M) 2.948ms
Dec 24 09:11:45 untangle-main uvmconsole: [1269302.640s][info][gc] GC(20007) Pause Full (System.gc()) 43M->42M(63M) 63.729ms
Dec 24 09:13:51 untangle-main uvmconsole: [1269428.600s][info][gc] GC(20008) Pause Young (Concurrent Start) (G1 Evacuation Pause) 51M->42M(63M) 6.986ms
Dec 24 09:13:51 untangle-main uvmconsole: [1269428.600s][info][gc] GC(20009) Concurrent Cycle
Dec 24 09:13:51 untangle-main uvmconsole: [1269428.669s][info][gc] GC(20009) Pause Remark 42M->42M(63M) 7.173ms
Dec 24 09:13:51 untangle-main uvmconsole: [1269428.687s][info][gc] GC(20009) Pause Cleanup 42M->42M(63M) 0.209ms
Dec 24 09:13:51 untangle-main uvmconsole: [1269428.687s][info][gc] GC(20009) Concurrent Cycle 86.845ms
Dec 24 09:15:46 untangle-main uvmconsole: [1269543.496s][info][gc] GC(20010) Pause Young (Normal) (G1 Evacuation Pause) 50M->42M(63M) 4.549ms
Dec 24 09:16:45 untangle-main uvmconsole: [1269602.640s][info][gc] GC(20011) Pause Full (System.gc()) 45M->42M(63M) 62.384ms
Dec 24 09:18:56 untangle-main uvmconsole: [1269733.403s][info][gc] GC(20012) Pause Young (Concurrent Start) (G1 Evacuation Pause) 51M->42M(63M) 2.382ms
Dec 24 09:18:56 untangle-main uvmconsole: [1269733.403s][info][gc] GC(20013) Concurrent Cycle
Dec 24 09:18:56 untangle-main uvmconsole: [1269733.441s][info][gc] GC(20013) Pause Remark 42M->42M(63M) 4.271ms
Dec 24 09:18:56 untangle-main uvmconsole: [1269733.460s][info][gc] GC(20013) Pause Cleanup 42M->42M(63M) 0.379ms
Dec 24 09:18:56 untangle-main uvmconsole: [1269733.460s][info][gc] GC(20013) Concurrent Cycle 57.307ms
Dec 24 09:21:00 untangle-main uvmconsole: [1269857.928s][info][gc] GC(20014) Pause Young (Normal) (G1 Evacuation Pause) 50M->42M(63M) 5.473ms
Dec 24 09:21:45 untangle-main uvmconsole: [1269902.644s][info][gc] GC(20015) Pause Full (System.gc()) 45M->42M(63M) 67.353ms
Dec 24 09:23:56 untangle-main uvmconsole: [1270033.414s][info][gc] GC(20016) Pause Young (Concurrent Start) (G1 Evacuation Pause) 51M->42M(63M) 7.139ms
Dec 24 09:23:56 untangle-main uvmconsole: [1270033.414s][info][gc] GC(20017) Concurrent Cycle
Dec 24 09:23:56 untangle-main uvmconsole: [1270033.479s][info][gc] GC(20017) Pause Remark 42M->42M(63M) 10.525ms
Dec 24 09:23:56 untangle-main uvmconsole: [1270033.497s][info][gc] GC(20017) Pause Cleanup 42M->42M(63M) 0.187ms
Dec 24 09:23:56 untangle-main uvmconsole: [1270033.498s][info][gc] GC(20017) Concurrent Cycle 83.754ms
Dec 24 09:25:56 untangle-main uvmconsole: [1270153.410s][info][gc] GC(20018) Pause Young (Normal) (G1 Evacuation Pause) 50M->42M(63M) 3.204ms
Dec 24 09:26:45 untangle-main uvmconsole: [1270202.625s][info][gc] GC(20019) Pause Full (System.gc()) 45M->42M(63M) 46.153ms
Dec 24 09:29:16 untangle-main uvmconsole: [1270353.407s][info][gc] GC(20020) Pause Young (Concurrent Start) (G1 Evacuation Pause) 52M->42M(63M) 6.214ms
Dec 24 09:29:16 untangle-main uvmconsole: [1270353.409s][info][gc] GC(20021) Concurrent Cycle
Dec 24 09:29:16 untangle-main uvmconsole: [1270353.477s][info][gc] GC(20021) Pause Remark 42M->42M(63M) 3.877ms
Dec 24 09:29:16 untangle-main uvmconsole: [1270353.504s][info][gc] GC(20021) Pause Cleanup 42M->42M(63M) 0.152ms
Dec 24 09:29:16 untangle-main uvmconsole: [1270353.505s][info][gc] GC(20021) Concurrent Cycle 95.686ms
Dec 24 09:31:21 untangle-main uvmconsole: [1270479.251s][info][gc] GC(20022) Pause Young (Normal) (G1 Evacuation Pause) 51M->42M(63M) 6.929ms
Dec 24 09:31:45 untangle-main uvmconsole: [1270502.636s][info][gc] GC(20023) Pause Full (System.gc()) 43M->42M(63M) 59.163ms
Dec 24 09:34:06 untangle-main uvmconsole: [1270643.699s][info][gc] GC(20024) Pause Young (Concurrent Start) (G1 Evacuation Pause) 52M->42M(63M) 2.497ms
Dec 24 09:34:06 untangle-main uvmconsole: [1270643.699s][info][gc] GC(20025) Concurrent Cycle
Dec 24 09:34:06 untangle-main uvmconsole: [1270643.735s][info][gc] GC(20025) Pause Remark 42M->42M(63M) 4.135ms
Dec 24 09:34:06 untangle-main uvmconsole: [1270643.754s][info][gc] GC(20025) Pause Cleanup 42M->42M(63M) 0.218ms
Dec 24 09:34:06 untangle-main uvmconsole: [1270643.754s][info][gc] GC(20025) Concurrent Cycle 55.193ms
Dec 24 09:36:26 untangle-main uvmconsole: [1270783.411s][info][gc] GC(20026) Pause Young (Normal) (G1 Evacuation Pause) 51M->42M(63M) 4.411ms
Dec 24 09:36:45 untangle-main uvmconsole: [1270802.618s][info][gc] GC(20027) Pause Full (System.gc()) 43M->42M(63M) 42.720ms
Dec 24 09:39:26 untangle-main uvmconsole: [1270963.407s][info][gc] GC(20028) Pause Young (Concurrent Start) (G1 Evacuation Pause) 53M->42M(63M) 7.274ms
Dec 24 09:39:26 untangle-main uvmconsole: [1270963.408s][info][gc] GC(20029) Concurrent Cycle
Dec 24 09:39:26 untangle-main uvmconsole: [1270963.484s][info][gc] GC(20029) Pause Remark 42M->42M(63M) 5.033ms
Dec 24 09:39:26 untangle-main uvmconsole: [1270963.502s][info][gc] GC(20029) Pause Cleanup 42M->42M(63M) 0.201ms
Dec 24 09:39:26 untangle-main uvmconsole: [1270963.503s][info][gc] GC(20029) Concurrent Cycle 95.345ms
Dec 24 09:41:45 untangle-main uvmconsole: [1271102.639s][info][gc] GC(20030) Pause Full (System.gc()) 51M->42M(63M) 62.774ms
Dec 24 09:44:16 untangle-main uvmconsole: [1271253.408s][info][gc] GC(20031) Pause Young (Concurrent Start) (G1 Evacuation Pause) 52M->42M(63M) 7.608ms
Dec 24 09:44:16 untangle-main uvmconsole: [1271253.409s][info][gc] GC(20032) Concurrent Cycle
Dec 24 09:44:16 untangle-main uvmconsole: [1271253.477s][info][gc] GC(20032) Pause Remark 42M->42M(63M) 3.999ms
Dec 24 09:44:16 untangle-main uvmconsole: [1271253.495s][info][gc] GC(20032) Pause Cleanup 42M->42M(63M) 0.237ms
Dec 24 09:44:16 untangle-main uvmconsole: [1271253.496s][info][gc] GC(20032) Concurrent Cycle 87.229ms
Dec 24 09:46:26 untangle-main uvmconsole: [1271383.689s][info][gc] GC(20033) Pause Young (Normal) (G1 Evacuation Pause) 51M->42M(63M) 5.420ms
Dec 24 09:46:45 untangle-main uvmconsole: [1271402.641s][info][gc] GC(20034) Pause Full (System.gc()) 43M->42M(63M) 61.460ms
Dec 24 09:49:03 untangle-main uvmconsole: [1271540.591s][info][gc] GC(20035) Pause Young (Concurrent Start) (G1 Evacuation Pause) 52M->42M(63M) 10.817ms
Dec 24 09:49:03 untangle-main uvmconsole: [1271540.592s][info][gc] GC(20036) Concurrent Cycle
Dec 24 09:49:03 untangle-main uvmconsole: [1271540.646s][info][gc] GC(20036) Pause Remark 42M->42M(63M) 4.035ms
Dec 24 09:49:03 untangle-main uvmconsole: [1271540.664s][info][gc] GC(20036) Pause Cleanup 42M->42M(63M) 0.291ms
Dec 24 09:49:03 untangle-main uvmconsole: [1271540.665s][info][gc] GC(20036) Concurrent Cycle 73.185ms
Dec 24 09:51:16 untangle-main uvmconsole: [1271673.413s][info][gc] GC(20037) Pause Young (Normal) (G1 Evacuation Pause) 51M->42M(63M) 6.763ms
Dec 24 09:51:45 untangle-main uvmconsole: [1271702.628s][info][gc] GC(20038) Pause Full (System.gc()) 43M->42M(63M) 51.328ms
Dec 24 09:54:16 untangle-main uvmconsole: [1271853.408s][info][gc] GC(20039) Pause Young (Concurrent Start) (G1 Evacuation Pause) 52M->42M(63M) 6.255ms
Dec 24 09:54:16 untangle-main uvmconsole: [1271853.408s][info][gc] GC(20040) Concurrent Cycle
Dec 24 09:54:16 untangle-main uvmconsole: [1271853.483s][info][gc] GC(20040) Pause Remark 42M->42M(63M) 3.855ms
Dec 24 09:54:16 untangle-main uvmconsole: [1271853.509s][info][gc] GC(20040) Pause Cleanup 42M->42M(63M) 0.264ms
Dec 24 09:54:16 untangle-main uvmconsole: [1271853.510s][info][gc] GC(20040) Concurrent Cycle 101.178ms
Dec 24 09:56:36 untangle-main uvmconsole: [1271993.407s][info][gc] GC(20041) Pause Young (Normal) (G1 Evacuation Pause) 51M->42M(63M) 6.736ms
Dec 24 09:56:45 untangle-main uvmconsole: [1272002.634s][info][gc] GC(20042) Pause Full (System.gc()) 42M->42M(63M) 56.717ms
Dec 24 09:59:12 untangle-main uvmconsole: [1272149.761s][info][gc] GC(20043) Pause Young (Concurrent Start) (G1 Evacuation Pause) 52M->42M(63M) 7.150ms
Dec 24 09:59:12 untangle-main uvmconsole: [1272149.762s][info][gc] GC(20044) Concurrent Cycle
Dec 24 09:59:12 untangle-main uvmconsole: [1272149.817s][info][gc] GC(20044) Pause Remark 42M->42M(63M) 3.880ms
Dec 24 09:59:12 untangle-main uvmconsole: [1272149.836s][info][gc] GC(20044) Pause Cleanup 42M->42M(63M) 0.269ms
Dec 24 09:59:12 untangle-main uvmconsole: [1272149.836s][info][gc] GC(20044) Concurrent Cycle 74.615ms
Dec 24 10:01:26 untangle-main uvmconsole: [1272283.413s][info][gc] GC(20045) Pause Young (Normal) (G1 Evacuation Pause) 51M->42M(63M) 5.394ms
Dec 24 10:01:45 untangle-main uvmconsole: [1272302.636s][info][gc] GC(20046) Pause Full (System.gc()) 43M->42M(63M) 56.935ms
Dec 24 10:04:16 untangle-main uvmconsole: [1272453.405s][info][gc] GC(20047) Pause Young (Concurrent Start) (G1 Evacuation Pause) 52M->42M(63M) 6.647ms
Dec 24 10:04:16 untangle-main uvmconsole: [1272453.406s][info][gc] GC(20048) Concurrent Cycle
Dec 24 10:04:16 untangle-main uvmconsole: [1272453.470s][info][gc] GC(20048) Pause Remark 42M->42M(63M) 3.733ms
Dec 24 10:04:16 untangle-main uvmconsole: [1272453.488s][info][gc] GC(20048) Pause Cleanup 42M->42M(63M) 0.215ms
Dec 24 10:04:16 untangle-main uvmconsole: [1272453.489s][info][gc] GC(20048) Concurrent Cycle 83.010ms
Dec 24 10:06:26 untangle-main uvmconsole: [1272583.406s][info][gc] GC(20049) Pause Young (Normal) (G1 Evacuation Pause) 51M->42M(63M) 4.914ms
Dec 24 10:06:45 untangle-main uvmconsole: [1272602.614s][info][gc] GC(20050) Pause Full (System.gc()) 43M->42M(63M) 37.727ms
Dec 24 10:09:05 untangle-main uvmconsole: [1272742.899s][info][gc] GC(20051) Pause Young (Concurrent Start) (G1 Evacuation Pause) 52M->42M(63M) 7.109ms
Dec 24 10:09:05 untangle-main uvmconsole: [1272742.899s][info][gc] GC(20052) Concurrent Cycle
Dec 24 10:09:05 untangle-main uvmconsole: [1272742.954s][info][gc] GC(20052) Pause Remark 42M->42M(63M) 4.322ms
Dec 24 10:09:05 untangle-main uvmconsole: [1272742.973s][info][gc] GC(20052) Pause Cleanup 42M->42M(63M) 0.180ms
Dec 24 10:09:05 untangle-main uvmconsole: [1272742.974s][info][gc] GC(20052) Concurrent Cycle 74.578ms
Dec 24 10:11:16 untangle-main uvmconsole: [1272873.491s][info][gc] GC(20053) Pause Young (Normal) (G1 Evacuation Pause) 51M->42M(63M) 5.227ms
Dec 24 10:11:45 untangle-main uvmconsole: [1272902.640s][info][gc] GC(20054) Pause Full (System.gc()) 43M->42M(63M) 63.933ms
Dec 24 10:13:56 untangle-main uvmconsole: [1273033.416s][info][gc] GC(20055) Pause Young (Concurrent Start) (G1 Evacuation Pause) 51M->42M(63M) 6.377ms
Dec 24 10:13:56 untangle-main uvmconsole: [1273033.416s][info][gc] GC(20056) Concurrent Cycle
Dec 24 10:13:56 untangle-main uvmconsole: [1273033.478s][info][gc] GC(20056) Pause Remark 42M->42M(63M) 5.251ms
Dec 24 10:13:56 untangle-main uvmconsole: [1273033.497s][info][gc] GC(20056) Pause Cleanup 42M->42M(63M) 0.213ms
Dec 24 10:13:56 untangle-main uvmconsole: [1273033.497s][info][gc] GC(20056) Concurrent Cycle 80.807ms
Dec 24 10:15:59 untangle-main uvmconsole: [1273157.281s][info][gc] GC(20057) Pause Young (Normal) (G1 Evacuation Pause) 50M->42M(63M) 4.919ms
Dec 24 10:16:45 untangle-main uvmconsole: [1273202.639s][info][gc] GC(20058) Pause Full (System.gc()) 45M->42M(63M) 62.926ms
Dec 24 10:19:06 untangle-main uvmconsole: [1273344.321s][info][gc] GC(20059) Pause Young (Concurrent Start) (G1 Evacuation Pause) 52M->42M(63M) 7.129ms
Dec 24 10:19:06 untangle-main uvmconsole: [1273344.321s][info][gc] GC(20060) Concurrent Cycle
Dec 24 10:19:07 untangle-main uvmconsole: [1273344.400s][info][gc] GC(20060) Pause Remark 42M->42M(63M) 5.472ms
Dec 24 10:19:07 untangle-main uvmconsole: [1273344.419s][info][gc] GC(20060) Pause Cleanup 42M->42M(63M) 0.463ms
Dec 24 10:19:07 untangle-main uvmconsole: [1273344.419s][info][gc] GC(20060) Concurrent Cycle 98.076ms
Dec 24 10:21:26 untangle-main uvmconsole: [1273483.413s][info][gc] GC(20061) Pause Young (Normal) (G1 Evacuation Pause) 51M->42M(63M) 7.131ms
Dec 24 10:21:45 untangle-main uvmconsole: [1273502.633s][info][gc] GC(20062) Pause Full (System.gc()) 43M->42M(63M) 54.541ms
Dec 24 10:24:06 untangle-main uvmconsole: [1273643.404s][info][gc] GC(20063) Pause Young (Concurrent Start) (G1 Evacuation Pause) 52M->42M(63M) 4.528ms
Dec 24 10:24:06 untangle-main uvmconsole: [1273643.405s][info][gc] GC(20064) Concurrent Cycle
Dec 24 10:24:06 untangle-main uvmconsole: [1273643.448s][info][gc] GC(20064) Pause Remark 42M->42M(63M) 4.223ms
Dec 24 10:24:06 untangle-main uvmconsole: [1273643.468s][info][gc] GC(20064) Pause Cleanup 42M->42M(63M) 0.260ms
Dec 24 10:24:06 untangle-main uvmconsole: [1273643.469s][info][gc] GC(20064) Concurrent Cycle 64.157ms
Dec 24 10:26:16 untangle-main uvmconsole: [1273773.803s][info][gc] GC(20065) Pause Young (Normal) (G1 Evacuation Pause) 51M->42M(63M) 2.578ms
Dec 24 10:26:45 untangle-main uvmconsole: [1273802.649s][info][gc] GC(20066) Pause Full (System.gc()) 43M->42M(63M) 69.518ms
Dec 24 10:29:16 untangle-main uvmconsole: [1273953.409s][info][gc] GC(20067) Pause Young (Concurrent Start) (G1 Evacuation Pause) 52M->42M(63M) 8.509ms
Dec 24 10:29:16 untangle-main uvmconsole: [1273953.410s][info][gc] GC(20068) Concurrent Cycle
Dec 24 10:29:16 untangle-main uvmconsole: [1273953.483s][info][gc] GC(20068) Pause Remark 42M->42M(63M) 5.562ms
Dec 24 10:29:16 untangle-main uvmconsole: [1273953.514s][info][gc] GC(20068) Pause Cleanup 42M->42M(63M) 0.237ms
Dec 24 10:29:16 untangle-main uvmconsole: [1273953.514s][info][gc] GC(20068) Concurrent Cycle 104.489ms
Dec 24 10:31:36 untangle-main uvmconsole: [1274093.411s][info][gc] GC(20069) Pause Young (Normal) (G1 Evacuation Pause) 51M->42M(63M) 12.465ms
Dec 24 10:31:45 untangle-main uvmconsole: [1274102.624s][info][gc] GC(20070) Pause Full (System.gc()) 43M->42M(63M) 46.823ms
Dec 24 10:33:56 untangle-main uvmconsole: [1274233.406s][info][gc] GC(20071) Pause Young (Concurrent Start) (G1 Evacuation Pause) 51M->42M(63M) 3.001ms
Dec 24 10:33:56 untangle-main uvmconsole: [1274233.406s][info][gc] GC(20072) Concurrent Cycle
Dec 24 10:33:56 untangle-main uvmconsole: [1274233.455s][info][gc] GC(20072) Pause Remark 42M->42M(63M) 6.184ms
Dec 24 10:33:56 untangle-main uvmconsole: [1274233.475s][info][gc] GC(20072) Pause Cleanup 42M->42M(63M) 0.190ms
Dec 24 10:33:56 untangle-main uvmconsole: [1274233.475s][info][gc] GC(20072) Concurrent Cycle 68.825ms
Dec 24 10:35:56 untangle-main uvmconsole: [1274353.405s][info][gc] GC(20073) Pause Young (Normal) (G1 Evacuation Pause) 50M->42M(63M) 2.244ms
Dec 24 10:36:45 untangle-main uvmconsole: [1274402.621s][info][gc] GC(20074) Pause Full (System.gc()) 45M->42M(63M) 43.491ms
Dec 24 10:38:56 untangle-main uvmconsole: [1274533.401s][info][gc] GC(20075) Pause Young (Concurrent Start) (G1 Evacuation Pause) 51M->42M(63M) 2.530ms
Dec 24 10:38:56 untangle-main uvmconsole: [1274533.401s][info][gc] GC(20076) Concurrent Cycle
Dec 24 10:38:56 untangle-main uvmconsole: [1274533.448s][info][gc] GC(20076) Pause Remark 42M->42M(63M) 5.583ms
Dec 24 10:38:56 untangle-main uvmconsole: [1274533.468s][info][gc] GC(20076) Pause Cleanup 42M->42M(63M) 0.355ms
Dec 24 10:38:56 untangle-main uvmconsole: [1274533.468s][info][gc] GC(20076) Concurrent Cycle 66.890ms
Dec 24 10:40:46 untangle-main uvmconsole: [1274643.434s][info][gc] GC(20077) Pause Young (Normal) (G1 Evacuation Pause) 50M->42M(63M) 32.585ms
Dec 24 10:41:45 untangle-main uvmconsole: [1274702.624s][info][gc] GC(20078) Pause Full (System.gc()) 46M->42M(63M) 46.863ms
Dec 24 10:44:06 untangle-main uvmconsole: [1274843.402s][info][gc] GC(20079) Pause Young (Concurrent Start) (G1 Evacuation Pause) 52M->42M(63M) 2.755ms
Dec 24 10:44:06 untangle-main uvmconsole: [1274843.402s][info][gc] GC(20080) Concurrent Cycle
Dec 24 10:44:06 untangle-main uvmconsole: [1274843.444s][info][gc] GC(20080) Pause Remark 42M->42M(63M) 4.051ms
Dec 24 10:44:06 untangle-main uvmconsole: [1274843.472s][info][gc] GC(20080) Pause Cleanup 42M->42M(63M) 0.699ms
Dec 24 10:44:06 untangle-main uvmconsole: [1274843.473s][info][gc] GC(20080) Concurrent Cycle 70.780ms
Dec 24 10:46:26 untangle-main uvmconsole: [1274983.402s][info][gc] GC(20081) Pause Young (Normal) (G1 Evacuation Pause) 51M->42M(63M) 2.670ms
Dec 24 10:46:45 untangle-main uvmconsole: [1275002.621s][info][gc] GC(20082) Pause Full (System.gc()) 43M->42M(63M) 42.140ms
Dec 24 10:49:16 untangle-main uvmconsole: [1275153.403s][info][gc] GC(20083) Pause Young (Concurrent Start) (G1 Evacuation Pause) 52M->42M(63M) 5.149ms
Dec 24 10:49:16 untangle-main uvmconsole: [1275153.403s][info][gc] GC(20084) Concurrent Cycle
Dec 24 10:49:16 untangle-main uvmconsole: [1275153.468s][info][gc] GC(20084) Pause Remark 42M->42M(63M) 11.406ms
Dec 24 10:49:16 untangle-main uvmconsole: [1275153.491s][info][gc] GC(20084) Pause Cleanup 42M->42M(63M) 0.169ms
Dec 24 10:49:16 untangle-main uvmconsole: [1275153.491s][info][gc] GC(20084) Concurrent Cycle 87.702ms
Dec 24 10:51:36 untangle-main uvmconsole: [1275293.401s][info][gc] GC(20085) Pause Young (Normal) (G1 Evacuation Pause) 51M->42M(63M) 2.020ms
Dec 24 10:51:45 untangle-main uvmconsole: [1275302.620s][info][gc] GC(20086) Pause Full (System.gc()) 42M->42M(63M) 44.490ms
Dec 24 10:53:56 untangle-main uvmconsole: [1275433.428s][info][gc] GC(20087) Pause Young (Concurrent Start) (G1 Evacuation Pause) 51M->42M(63M) 25.579ms
Dec 24 10:53:56 untangle-main uvmconsole: [1275433.428s][info][gc] GC(20088) Concurrent Cycle
Dec 24 10:53:56 untangle-main uvmconsole: [1275433.472s][info][gc] GC(20088) Pause Remark 42M->42M(63M) 4.666ms
Dec 24 10:53:56 untangle-main uvmconsole: [1275433.492s][info][gc] GC(20088) Pause Cleanup 42M->42M(63M) 0.286ms
Dec 24 10:53:56 untangle-main uvmconsole: [1275433.492s][info][gc] GC(20088) Concurrent Cycle 63.595ms
Dec 24 10:55:56 untangle-main uvmconsole: [1275553.404s][info][gc] GC(20089) Pause Young (Normal) (G1 Evacuation Pause) 50M->42M(63M) 3.001ms
Dec 24 10:56:45 untangle-main uvmconsole: [1275602.619s][info][gc] GC(20090) Pause Full (System.gc()) 45M->42M(63M) 42.841ms
Dec 24 10:58:56 untangle-main uvmconsole: [1275733.404s][info][gc] GC(20091) Pause Young (Concurrent Start) (G1 Evacuation Pause) 51M->42M(63M) 3.692ms
Dec 24 10:58:56 untangle-main uvmconsole: [1275733.404s][info][gc] GC(20092) Concurrent Cycle
Dec 24 10:58:56 untangle-main uvmconsole: [1275733.447s][info][gc] GC(20092) Pause Remark 42M->42M(63M) 6.156ms
Dec 24 10:58:56 untangle-main uvmconsole: [1275733.466s][info][gc] GC(20092) Pause Cleanup 42M->42M(63M) 0.208ms
Dec 24 10:58:56 untangle-main uvmconsole: [1275733.467s][info][gc] GC(20092) Concurrent Cycle 62.708ms
Dec 24 11:00:54 untangle-main uvmconsole: [1275851.420s][info][gc] GC(20093) Pause Young (Normal) (G1 Evacuation Pause) 50M->42M(63M) 2.479ms
Dec 24 11:01:45 untangle-main uvmconsole: [1275902.627s][info][gc] GC(20094) Pause Full (System.gc()) 45M->42M(63M) 48.669ms
Dec 24 11:03:56 untangle-main uvmconsole: [1276033.405s][info][gc] GC(20095) Pause Young (Concurrent Start) (G1 Evacuation Pause) 51M->42M(63M) 3.008ms
Dec 24 11:03:56 untangle-main uvmconsole: [1276033.405s][info][gc] GC(20096) Concurrent Cycle
Dec 24 11:03:56 untangle-main uvmconsole: [1276033.446s][info][gc] GC(20096) Pause Remark 42M->42M(63M) 5.870ms
Dec 24 11:03:56 untangle-main uvmconsole: [1276033.465s][info][gc] GC(20096) Pause Cleanup 42M->42M(63M) 0.188ms
Dec 24 11:03:56 untangle-main uvmconsole: [1276033.466s][info][gc] GC(20096) Concurrent Cycle 60.721ms
Dec 24 11:06:04 untangle-main uvmconsole: [1276161.509s][info][gc] GC(20097) Pause Young (Normal) (G1 Evacuation Pause) 50M->42M(63M) 2.560ms
Dec 24 11:06:45 untangle-main uvmconsole: [1276202.624s][info][gc] GC(20098) Pause Full (System.gc()) 45M->42M(63M) 46.619ms
Dec 24 11:08:56 untangle-main uvmconsole: [1276333.403s][info][gc] GC(20099) Pause Young (Concurrent Start) (G1 Evacuation Pause) 51M->42M(63M) 2.589ms
Dec 24 11:08:56 untangle-main uvmconsole: [1276333.403s][info][gc] GC(20100) Concurrent Cycle
Dec 24 11:08:56 untangle-main uvmconsole: [1276333.452s][info][gc] GC(20100) Pause Remark 42M->42M(63M) 4.010ms
Dec 24 11:08:56 untangle-main uvmconsole: [1276333.471s][info][gc] GC(20100) Pause Cleanup 42M->42M(63M) 0.155ms
Dec 24 11:08:56 untangle-main uvmconsole: [1276333.472s][info][gc] GC(20100) Concurrent Cycle 68.579ms
Dec 24 11:10:54 untangle-main uvmconsole: [1276451.613s][info][gc] GC(20101) Pause Young (Normal) (G1 Evacuation Pause) 50M->42M(63M) 2.271ms
Dec 24 11:11:45 untangle-main uvmconsole: [1276502.620s][info][gc] GC(20102) Pause Full (System.gc()) 45M->42M(63M) 42.674ms
Dec 24 11:13:57 untangle-main uvmconsole: [1276634.568s][info][gc] GC(20103) Pause Young (Concurrent Start) (G1 Evacuation Pause) 51M->42M(63M) 2.573ms
Dec 24 11:13:57 untangle-main uvmconsole: [1276634.568s][info][gc] GC(20104) Concurrent Cycle
Dec 24 11:13:57 untangle-main uvmconsole: [1276634.626s][info][gc] GC(20104) Pause Remark 42M->42M(63M) 4.785ms
Dec 24 11:13:57 untangle-main uvmconsole: [1276634.645s][info][gc] GC(20104) Pause Cleanup 42M->42M(63M) 0.312ms
Dec 24 11:13:57 untangle-main uvmconsole: [1276634.645s][info][gc] GC(20104) Concurrent Cycle 77.015ms
Dec 24 11:15:56 untangle-main uvmconsole: [1276753.405s][info][gc] GC(20105) Pause Young (Normal) (G1 Evacuation Pause) 50M->42M(63M) 2.020ms
Dec 24 11:16:45 untangle-main uvmconsole: [1276802.620s][info][gc] GC(20106) Pause Full (System.gc()) 45M->42M(63M) 43.766ms
Dec 24 11:18:56 untangle-main uvmconsole: [1276933.407s][info][gc] GC(20107) Pause Young (Concurrent Start) (G1 Evacuation Pause) 51M->42M(63M) 6.609ms
Dec 24 11:18:56 untangle-main uvmconsole: [1276933.407s][info][gc] GC(20108) Concurrent Cycle
Dec 24 11:18:56 untangle-main uvmconsole: [1276933.450s][info][gc] GC(20108) Pause Remark 42M->42M(63M) 3.917ms
Dec 24 11:18:56 untangle-main uvmconsole: [1276933.473s][info][gc] GC(20108) Pause Cleanup 42M->42M(63M) 0.211ms
Dec 24 11:18:56 untangle-main uvmconsole: [1276933.473s][info][gc] GC(20108) Concurrent Cycle 66.464ms
Dec 24 11:20:56 untangle-main uvmconsole: [1277053.415s][info][gc] GC(20109) Pause Young (Normal) (G1 Evacuation Pause) 50M->42M(63M) 6.951ms
Dec 24 11:21:45 untangle-main uvmconsole: [1277102.643s][info][gc] GC(20110) Pause Full (System.gc()) 45M->42M(63M) 66.167ms
Dec 24 11:24:16 untangle-main uvmconsole: [1277253.433s][info][gc] GC(20111) Pause Young (Concurrent Start) (G1 Evacuation Pause) 52M->42M(63M) 33.772ms
Dec 24 11:24:16 untangle-main uvmconsole: [1277253.433s][info][gc] GC(20112) Concurrent Cycle
Dec 24 11:24:16 untangle-main uvmconsole: [1277253.475s][info][gc] GC(20112) Pause Remark 42M->42M(63M) 4.536ms
Dec 24 11:24:16 untangle-main uvmconsole: [1277253.494s][info][gc] GC(20112) Pause Cleanup 42M->42M(63M) 0.168ms
Dec 24 11:24:16 untangle-main uvmconsole: [1277253.495s][info][gc] GC(20112) Concurrent Cycle 61.402ms
Dec 24 11:26:36 untangle-main uvmconsole: [1277393.406s][info][gc] GC(20113) Pause Young (Normal) (G1 Evacuation Pause) 51M->42M(63M) 7.697ms
Dec 24 11:26:45 untangle-main uvmconsole: [1277402.635s][info][gc] GC(20114) Pause Full (System.gc()) 43M->42M(63M) 56.675ms
Dec 24 11:29:26 untangle-main uvmconsole: [1277563.417s][info][gc] GC(20115) Pause Young (Concurrent Start) (G1 Evacuation Pause) 53M->42M(63M) 6.593ms
Dec 24 11:29:26 untangle-main uvmconsole: [1277563.417s][info][gc] GC(20116) Concurrent Cycle
Dec 24 11:29:26 untangle-main uvmconsole: [1277563.487s][info][gc] GC(20116) Pause Remark 42M->42M(63M) 3.915ms
Dec 24 11:29:26 untangle-main uvmconsole: [1277563.509s][info][gc] GC(20116) Pause Cleanup 42M->42M(63M) 0.218ms
Dec 24 11:29:26 untangle-main uvmconsole: [1277563.509s][info][gc] GC(20116) Concurrent Cycle 92.370ms
Dec 24 11:31:45 untangle-main uvmconsole: [1277702.623s][info][gc] GC(20117) Pause Full (System.gc()) 51M->42M(63M) 46.703ms
Dec 24 11:34:06 untangle-main uvmconsole: [1277843.409s][info][gc] GC(20118) Pause Young (Concurrent Start) (G1 Evacuation Pause) 52M->42M(63M) 8.636ms
Dec 24 11:34:06 untangle-main uvmconsole: [1277843.410s][info][gc] GC(20119) Concurrent Cycle
Dec 24 11:34:06 untangle-main uvmconsole: [1277843.462s][info][gc] GC(20119) Pause Remark 42M->42M(63M) 5.101ms
Dec 24 11:34:06 untangle-main uvmconsole: [1277843.483s][info][gc] GC(20119) Pause Cleanup 42M->42M(63M) 0.203ms
Dec 24 11:34:06 untangle-main uvmconsole: [1277843.483s][info][gc] GC(20119) Concurrent Cycle 73.450ms
Dec 24 11:36:16 untangle-main uvmconsole: [1277973.408s][info][gc] GC(20120) Pause Young (Normal) (G1 Evacuation Pause) 51M->42M(63M) 4.197ms
Dec 24 11:36:45 untangle-main uvmconsole: [1278002.625s][info][gc] GC(20121) Pause Full (System.gc()) 43M->42M(63M) 47.526ms
Dec 24 11:38:56 untangle-main uvmconsole: [1278133.404s][info][gc] GC(20122) Pause Young (Concurrent Start) (G1 Evacuation Pause) 51M->42M(63M) 5.449ms
Dec 24 11:38:56 untangle-main uvmconsole: [1278133.405s][info][gc] GC(20123) Concurrent Cycle
Dec 24 11:38:56 untangle-main uvmconsole: [1278133.475s][info][gc] GC(20123) Pause Remark 42M->42M(63M) 5.310ms
Dec 24 11:38:56 untangle-main uvmconsole: [1278133.496s][info][gc] GC(20123) Pause Cleanup 42M->42M(63M) 0.445ms
Dec 24 11:38:56 untangle-main uvmconsole: [1278133.497s][info][gc] GC(20123) Concurrent Cycle 91.399ms
Dec 24 11:40:56 untangle-main uvmconsole: [1278253.409s][info][gc] GC(20124) Pause Young (Normal) (G1 Evacuation Pause) 50M->42M(63M) 6.692ms
Dec 24 11:41:45 untangle-main uvmconsole: [1278302.641s][info][gc] GC(20125) Pause Full (System.gc()) 45M->42M(63M) 62.232ms
Dec 24 11:43:56 untangle-main uvmconsole: [1278433.418s][info][gc] GC(20126) Pause Young (Concurrent Start) (G1 Evacuation Pause) 51M->42M(63M) 9.631ms
Dec 24 11:43:56 untangle-main uvmconsole: [1278433.419s][info][gc] GC(20127) Concurrent Cycle
Dec 24 11:43:56 untangle-main uvmconsole: [1278433.494s][info][gc] GC(20127) Pause Remark 42M->42M(63M) 12.892ms
Dec 24 11:43:56 untangle-main uvmconsole: [1278433.513s][info][gc] GC(20127) Pause Cleanup 42M->42M(63M) 0.212ms
Dec 24 11:43:56 untangle-main uvmconsole: [1278433.514s][info][gc] GC(20127) Concurrent Cycle 94.951ms
Dec 24 11:45:56 untangle-main uvmconsole: [1278553.414s][info][gc] GC(20128) Pause Young (Normal) (G1 Evacuation Pause) 50M->42M(63M) 5.299ms
Dec 24 11:46:45 untangle-main uvmconsole: [1278602.641s][info][gc] GC(20129) Pause Full (System.gc()) 45M->42M(63M) 63.635ms
Dec 24 11:48:56 untangle-main uvmconsole: [1278733.409s][info][gc] GC(20130) Pause Young (Concurrent Start) (G1 Evacuation Pause) 51M->42M(63M) 3.861ms
Dec 24 11:48:56 untangle-main uvmconsole: [1278733.409s][info][gc] GC(20131) Concurrent Cycle
Dec 24 11:48:56 untangle-main uvmconsole: [1278733.461s][info][gc] GC(20131) Pause Remark 42M->42M(63M) 6.455ms
Dec 24 11:48:56 untangle-main uvmconsole: [1278733.480s][info][gc] GC(20131) Pause Cleanup 42M->42M(63M) 0.170ms
Dec 24 11:48:56 untangle-main uvmconsole: [1278733.480s][info][gc] GC(20131) Concurrent Cycle 70.992ms
Dec 24 11:50:56 untangle-main uvmconsole: [1278853.412s][info][gc] GC(20132) Pause Young (Normal) (G1 Evacuation Pause) 50M->42M(63M) 5.083ms
Dec 24 11:51:45 untangle-main uvmconsole: [1278902.637s][info][gc] GC(20133) Pause Full (System.gc()) 45M->42M(63M) 60.677ms
Dec 24 11:54:06 untangle-main uvmconsole: [1279043.407s][info][gc] GC(20134) Pause Young (Concurrent Start) (G1 Evacuation Pause) 52M->42M(63M) 6.807ms
Dec 24 11:54:06 untangle-main uvmconsole: [1279043.407s][info][gc] GC(20135) Concurrent Cycle
Dec 24 11:54:06 untangle-main uvmconsole: [1279043.518s][info][gc] GC(20135) Pause Remark 42M->42M(63M) 5.032ms
Dec 24 11:54:06 untangle-main uvmconsole: [1279043.542s][info][gc] GC(20135) Pause Cleanup 42M->42M(63M) 0.229ms
Dec 24 11:54:06 untangle-main uvmconsole: [1279043.543s][info][gc] GC(20135) Concurrent Cycle 135.249ms
Dec 24 11:56:26 untangle-main uvmconsole: [1279183.405s][info][gc] GC(20136) Pause Young (Normal) (G1 Evacuation Pause) 51M->42M(63M) 5.279ms
Dec 24 11:56:45 untangle-main uvmconsole: [1279202.639s][info][gc] GC(20137) Pause Full (System.gc()) 43M->42M(63M) 62.469ms
Dec 24 11:59:16 untangle-main uvmconsole: [1279353.408s][info][gc] GC(20138) Pause Young (Concurrent Start) (G1 Evacuation Pause) 52M->42M(63M) 8.946ms
Dec 24 11:59:16 untangle-main uvmconsole: [1279353.409s][info][gc] GC(20139) Concurrent Cycle
Dec 24 11:59:16 untangle-main uvmconsole: [1279353.482s][info][gc] GC(20139) Pause Remark 42M->42M(63M) 4.771ms
Dec 24 11:59:16 untangle-main uvmconsole: [1279353.506s][info][gc] GC(20139) Pause Cleanup 42M->42M(63M) 0.196ms
Dec 24 11:59:16 untangle-main uvmconsole: [1279353.506s][info][gc] GC(20139) Concurrent Cycle 97.380ms
Dec 24 12:01:32 untangle-main uvmconsole: [1279490.295s][info][gc] GC(20140) Pause Young (Normal) (G1 Evacuation Pause) 51M->42M(63M) 1.873ms
Dec 24 12:01:45 untangle-main uvmconsole: [1279502.635s][info][gc] GC(20141) Pause Full (System.gc()) 43M->42M(63M) 58.736ms
Dec 24 12:04:09 untangle-main uvmconsole: [1279647.269s][info][gc] GC(20142) Pause Young (Concurrent Start) (G1 Evacuation Pause) 52M->42M(63M) 9.298ms
Dec 24 12:04:09 untangle-main uvmconsole: [1279647.269s][info][gc] GC(20143) Concurrent Cycle
Dec 24 12:04:09 untangle-main uvmconsole: [1279647.331s][info][gc] GC(20143) Pause Remark 42M->42M(63M) 3.916ms
Dec 24 12:04:09 untangle-main uvmconsole: [1279647.350s][info][gc] GC(20143) Pause Cleanup 42M->42M(63M) 0.242ms
Dec 24 12:04:09 untangle-main uvmconsole: [1279647.350s][info][gc] GC(20143) Concurrent Cycle 81.158ms
Dec 24 12:06:26 untangle-main uvmconsole: [1279783.412s][info][gc] GC(20144) Pause Young (Normal) (G1 Evacuation Pause) 51M->42M(63M) 5.220ms
Dec 24 12:06:45 untangle-main uvmconsole: [1279802.622s][info][gc] GC(20145) Pause Full (System.gc()) 43M->42M(63M) 43.834ms
Dec 24 12:09:06 untangle-main uvmconsole: [1279943.391s][info][gc] GC(20146) Pause Young (Concurrent Start) (G1 Evacuation Pause) 52M->42M(63M) 7.553ms
Dec 24 12:09:06 untangle-main uvmconsole: [1279943.392s][info][gc] GC(20147) Concurrent Cycle
Dec 24 12:09:06 untangle-main uvmconsole: [1279943.450s][info][gc] GC(20147) Pause Remark 43M->43M(63M) 3.843ms
Dec 24 12:09:06 untangle-main uvmconsole: [1279943.471s][info][gc] GC(20147) Pause Cleanup 43M->43M(63M) 0.212ms
Dec 24 12:09:06 untangle-main uvmconsole: [1279943.471s][info][gc] GC(20147) Concurrent Cycle 79.537ms
Dec 24 12:11:07 untangle-main uvmconsole: [1280064.640s][info][gc] GC(20148) Pause Young (Normal) (G1 Evacuation Pause) 51M->42M(63M) 5.222ms
Dec 24 12:11:45 untangle-main uvmconsole: [1280102.638s][info][gc] GC(20149) Pause Full (System.gc()) 44M->42M(63M) 60.764ms
Dec 24 12:13:56 untangle-main uvmconsole: [1280233.406s][info][gc] GC(20150) Pause Young (Concurrent Start) (G1 Evacuation Pause) 51M->42M(63M) 3.550ms
Dec 24 12:13:56 untangle-main uvmconsole: [1280233.406s][info][gc] GC(20151) Concurrent Cycle
Dec 24 12:13:56 untangle-main uvmconsole: [1280233.472s][info][gc] GC(20151) Pause Remark 42M->42M(63M) 5.784ms
Dec 24 12:13:56 untangle-main uvmconsole: [1280233.491s][info][gc] GC(20151) Pause Cleanup 42M->42M(63M) 0.273ms
Dec 24 12:13:56 untangle-main uvmconsole: [1280233.491s][info][gc] GC(20151) Concurrent Cycle 84.724ms
Dec 24 12:15:56 untangle-main uvmconsole: [1280353.420s][info][gc] GC(20152) Pause Young (Normal) (G1 Evacuation Pause) 50M->42M(63M) 15.171ms
Dec 24 12:16:45 untangle-main uvmconsole: [1280402.639s][info][gc] GC(20153) Pause Full (System.gc()) 45M->42M(63M) 60.374ms
Dec 24 12:19:06 untangle-main uvmconsole: [1280543.404s][info][gc] GC(20154) Pause Young (Concurrent Start) (G1 Evacuation Pause) 52M->42M(63M) 4.561ms
Dec 24 12:19:06 untangle-main uvmconsole: [1280543.404s][info][gc] GC(20155) Concurrent Cycle
Dec 24 12:19:06 untangle-main uvmconsole: [1280543.447s][info][gc] GC(20155) Pause Remark 42M->42M(63M) 4.131ms
Dec 24 12:19:06 untangle-main uvmconsole: [1280543.465s][info][gc] GC(20155) Pause Cleanup 42M->42M(63M) 0.186ms
Dec 24 12:19:06 untangle-main uvmconsole: [1280543.466s][info][gc] GC(20155) Concurrent Cycle 62.068ms
Dec 24 12:21:16 untangle-main uvmconsole: [1280673.424s][info][gc] GC(20156) Pause Young (Normal) (G1 Evacuation Pause) 51M->42M(63M) 13.175ms
Dec 24 12:21:45 untangle-main uvmconsole: [1280702.646s][info][gc] GC(20157) Pause Full (System.gc()) 43M->42M(63M) 67.098ms
Dec 24 12:24:11 untangle-main uvmconsole: [1280849.302s][info][gc] GC(20158) Pause Young (Concurrent Start) (G1 Evacuation Pause) 52M->42M(63M) 9.061ms
Dec 24 12:24:11 untangle-main uvmconsole: [1280849.303s][info][gc] GC(20159) Concurrent Cycle
Dec 24 12:24:11 untangle-main uvmconsole: [1280849.368s][info][gc] GC(20159) Pause Remark 42M->42M(63M) 4.008ms
Dec 24 12:24:12 untangle-main uvmconsole: [1280849.387s][info][gc] GC(20159) Pause Cleanup 42M->42M(63M) 0.251ms
Dec 24 12:24:12 untangle-main uvmconsole: [1280849.387s][info][gc] GC(20159) Concurrent Cycle 84.244ms
Dec 24 12:26:26 untangle-main uvmconsole: [1280983.411s][info][gc] GC(20160) Pause Young (Normal) (G1 Evacuation Pause) 51M->42M(63M) 4.984ms
Dec 24 12:26:45 untangle-main uvmconsole: [1281002.646s][info][gc] GC(20161) Pause Full (System.gc()) 43M->42M(63M) 69.119ms
Dec 24 12:28:46 untangle-main uvmconsole: [1281123.711s][info][gc] GC(20162) Pause Young (Concurrent Start) (G1 Evacuation Pause) 51M->42M(63M) 8.638ms
Dec 24 12:28:46 untangle-main uvmconsole: [1281123.712s][info][gc] GC(20163) Concurrent Cycle
Dec 24 12:28:46 untangle-main uvmconsole: [1281123.774s][info][gc] GC(20163) Pause Remark 42M->42M(63M) 9.632ms
Dec 24 12:28:46 untangle-main uvmconsole: [1281123.793s][info][gc] GC(20163) Pause Cleanup 42M->42M(63M) 0.161ms
Dec 24 12:28:46 untangle-main uvmconsole: [1281123.794s][info][gc] GC(20163) Concurrent Cycle 81.938ms
Dec 24 12:30:46 untangle-main uvmconsole: [1281243.850s][info][gc] GC(20164) Pause Young (Normal) (G1 Evacuation Pause) 50M->42M(63M) 7.754ms
Dec 24 12:31:45 untangle-main uvmconsole: [1281302.649s][info][gc] GC(20165) Pause Full (System.gc()) 45M->42M(63M) 72.113ms
Dec 24 12:34:06 untangle-main uvmconsole: [1281444.131s][info][gc] GC(20166) Pause Young (Concurrent Start) (G1 Evacuation Pause) 52M->42M(63M) 6.567ms
Dec 24 12:34:06 untangle-main uvmconsole: [1281444.131s][info][gc] GC(20167) Concurrent Cycle
Dec 24 12:34:06 untangle-main uvmconsole: [1281444.192s][info][gc] GC(20167) Pause Remark 42M->42M(63M) 4.896ms
Dec 24 12:34:06 untangle-main uvmconsole: [1281444.213s][info][gc] GC(20167) Pause Cleanup 42M->42M(63M) 0.327ms
Dec 24 12:34:06 untangle-main uvmconsole: [1281444.213s][info][gc] GC(20167) Concurrent Cycle 82.058ms
Dec 24 12:36:24 untangle-main uvmconsole: [1281581.409s][info][gc] GC(20168) Pause Young (Normal) (G1 Evacuation Pause) 51M->42M(63M) 6.853ms
Dec 24 12:36:45 untangle-main uvmconsole: [1281602.614s][info][gc] GC(20169) Pause Full (System.gc()) 43M->42M(63M) 37.895ms
Dec 24 12:39:06 untangle-main uvmconsole: [1281743.406s][info][gc] GC(20170) Pause Young (Concurrent Start) (G1 Evacuation Pause) 52M->42M(63M) 6.010ms
Dec 24 12:39:06 untangle-main uvmconsole: [1281743.407s][info][gc] GC(20171) Concurrent Cycle
Dec 24 12:39:06 untangle-main uvmconsole: [1281743.484s][info][gc] GC(20171) Pause Remark 42M->42M(63M) 3.842ms
Dec 24 12:39:06 untangle-main uvmconsole: [1281743.509s][info][gc] GC(20171) Pause Cleanup 42M->42M(63M) 0.283ms
Dec 24 12:39:06 untangle-main uvmconsole: [1281743.509s][info][gc] GC(20171) Concurrent Cycle 102.648ms
Dec 24 12:41:21 untangle-main uvmconsole: [1281878.691s][info][gc] GC(20172) Pause Young (Normal) (G1 Evacuation Pause) 51M->42M(63M) 3.116ms
Dec 24 12:41:45 untangle-main uvmconsole: [1281902.650s][info][gc] GC(20173) Pause Full (System.gc()) 43M->42M(63M) 71.477ms
Dec 24 12:44:07 untangle-main uvmconsole: [1282044.611s][info][gc] GC(20174) Pause Young (Concurrent Start) (G1 Evacuation Pause) 52M->42M(63M) 7.954ms
Dec 24 12:44:07 untangle-main uvmconsole: [1282044.611s][info][gc] GC(20175) Concurrent Cycle
Dec 24 12:44:07 untangle-main uvmconsole: [1282044.680s][info][gc] GC(20175) Pause Remark 42M->42M(63M) 4.554ms
Dec 24 12:44:07 untangle-main uvmconsole: [1282044.699s][info][gc] GC(20175) Pause Cleanup 42M->42M(63M) 0.260ms
Dec 24 12:44:07 untangle-main uvmconsole: [1282044.699s][info][gc] GC(20175) Concurrent Cycle 87.934ms
Dec 24 12:46:16 untangle-main uvmconsole: [1282173.413s][info][gc] GC(20176) Pause Young (Normal) (G1 Evacuation Pause) 51M->42M(63M) 7.992ms
Dec 24 12:46:45 untangle-main uvmconsole: [1282202.643s][info][gc] GC(20177) Pause Full (System.gc()) 44M->42M(63M) 63.160ms
Dec 24 12:49:16 untangle-main uvmconsole: [1282353.403s][info][gc] GC(20178) Pause Young (Concurrent Start) (G1 Evacuation Pause) 52M->42M(63M) 3.228ms
Dec 24 12:49:16 untangle-main uvmconsole: [1282353.403s][info][gc] GC(20179) Concurrent Cycle
Dec 24 12:49:16 untangle-main uvmconsole: [1282353.461s][info][gc] GC(20179) Pause Remark 42M->42M(63M) 5.409ms
Dec 24 12:49:16 untangle-main uvmconsole: [1282353.483s][info][gc] GC(20179) Pause Cleanup 42M->42M(63M) 0.224ms
Dec 24 12:49:16 untangle-main uvmconsole: [1282353.483s][info][gc] GC(20179) Concurrent Cycle 79.732ms
Dec 24 12:51:32 untangle-main uvmconsole: [1282489.865s][info][gc] GC(20180) Pause Young (Normal) (G1 Evacuation Pause) 51M->42M(63M) 3.050ms
Dec 24 12:51:45 untangle-main uvmconsole: [1282502.642s][info][gc] GC(20181) Pause Full (System.gc()) 43M->42M(63M) 64.222ms
Dec 24 12:54:06 untangle-main uvmconsole: [1282643.413s][info][gc] GC(20182) Pause Young (Concurrent Start) (G1 Evacuation Pause) 52M->42M(63M) 9.099ms
Dec 24 12:54:06 untangle-main uvmconsole: [1282643.414s][info][gc] GC(20183) Concurrent Cycle
Dec 24 12:54:06 untangle-main uvmconsole: [1282643.477s][info][gc] GC(20183) Pause Remark 42M->42M(63M) 6.339ms
Dec 24 12:54:06 untangle-main uvmconsole: [1282643.496s][info][gc] GC(20183) Pause Cleanup 42M->42M(63M) 0.163ms
Dec 24 12:54:06 untangle-main uvmconsole: [1282643.496s][info][gc] GC(20183) Concurrent Cycle 82.106ms
Dec 24 12:56:16 untangle-main uvmconsole: [1282773.412s][info][gc] GC(20184) Pause Young (Normal) (G1 Evacuation Pause) 51M->42M(63M) 5.407ms
Dec 24 12:56:45 untangle-main uvmconsole: [1282802.622s][info][gc] GC(20185) Pause Full (System.gc()) 43M->42M(63M) 46.084ms
Dec 24 12:58:56 untangle-main uvmconsole: [1282933.406s][info][gc] GC(20186) Pause Young (Concurrent Start) (G1 Evacuation Pause) 51M->42M(63M) 4.030ms
Dec 24 12:58:56 untangle-main uvmconsole: [1282933.406s][info][gc] GC(20187) Concurrent Cycle
Dec 24 12:58:56 untangle-main uvmconsole: [1282933.465s][info][gc] GC(20187) Pause Remark 42M->42M(63M) 4.773ms
Dec 24 12:58:56 untangle-main uvmconsole: [1282933.484s][info][gc] GC(20187) Pause Cleanup 42M->42M(63M) 0.199ms
Dec 24 12:58:56 untangle-main uvmconsole: [1282933.484s][info][gc] GC(20187) Concurrent Cycle 78.594ms
Dec 24 13:00:56 untangle-main uvmconsole: [1283053.412s][info][gc] GC(20188) Pause Young (Normal) (G1 Evacuation Pause) 50M->42M(63M) 4.653ms
Dec 24 13:01:45 untangle-main uvmconsole: [1283102.636s][info][gc] GC(20189) Pause Full (System.gc()) 45M->42M(63M) 59.465ms
Dec 24 13:04:06 untangle-main uvmconsole: [1283243.407s][info][gc] GC(20190) Pause Young (Concurrent Start) (G1 Evacuation Pause) 52M->42M(63M) 6.644ms
Dec 24 13:04:06 untangle-main uvmconsole: [1283243.407s][info][gc] GC(20191) Concurrent Cycle
Dec 24 13:04:06 untangle-main uvmconsole: [1283243.509s][info][gc] GC(20191) Pause Remark 42M->42M(63M) 6.112ms
Dec 24 13:04:06 untangle-main uvmconsole: [1283243.531s][info][gc] GC(20191) Pause Cleanup 42M->42M(63M) 0.237ms
Dec 24 13:04:06 untangle-main uvmconsole: [1283243.531s][info][gc] GC(20191) Concurrent Cycle 124.017ms
Dec 24 13:06:26 untangle-main uvmconsole: [1283383.408s][info][gc] GC(20192) Pause Young (Normal) (G1 Evacuation Pause) 51M->42M(63M) 7.415ms
Dec 24 13:06:45 untangle-main uvmconsole: [1283402.638s][info][gc] GC(20193) Pause Full (System.gc()) 43M->42M(63M) 59.062ms
Dec 24 13:08:48 untangle-main uvmconsole: [1283525.984s][info][gc] GC(20194) Pause Young (Concurrent Start) (G1 Evacuation Pause) 51M->42M(63M) 6.327ms
Dec 24 13:08:48 untangle-main uvmconsole: [1283525.984s][info][gc] GC(20195) Concurrent Cycle
Dec 24 13:08:48 untangle-main uvmconsole: [1283526.054s][info][gc] GC(20195) Pause Remark 42M->42M(63M) 7.835ms
Dec 24 13:08:48 untangle-main uvmconsole: [1283526.077s][info][gc] GC(20195) Pause Cleanup 42M->42M(63M) 0.215ms
Dec 24 13:08:48 untangle-main uvmconsole: [1283526.078s][info][gc] GC(20195) Concurrent Cycle 93.805ms
Dec 24 13:10:46 untangle-main uvmconsole: [1283643.414s][info][gc] GC(20196) Pause Young (Normal) (G1 Evacuation Pause) 50M->42M(63M) 5.592ms
Dec 24 13:11:45 untangle-main uvmconsole: [1283702.634s][info][gc] GC(20197) Pause Full (System.gc()) 46M->42M(63M) 57.707ms
Dec 24 13:13:56 untangle-main uvmconsole: [1283833.407s][info][gc] GC(20198) Pause Young (Concurrent Start) (G1 Evacuation Pause) 51M->42M(63M) 7.553ms
Dec 24 13:13:56 untangle-main uvmconsole: [1283833.407s][info][gc] GC(20199) Concurrent Cycle
Dec 24 13:13:56 untangle-main uvmconsole: [1283833.459s][info][gc] GC(20199) Pause Remark 42M->42M(63M) 5.586ms
Dec 24 13:13:56 untangle-main uvmconsole: [1283833.478s][info][gc] GC(20199) Pause Cleanup 42M->42M(63M) 0.166ms
Dec 24 13:13:56 untangle-main uvmconsole: [1283833.478s][info][gc] GC(20199) Concurrent Cycle 70.787ms
Dec 24 13:15:56 untangle-main uvmconsole: [1283953.413s][info][gc] GC(20200) Pause Young (Normal) (G1 Evacuation Pause) 50M->42M(63M) 6.192ms
Dec 24 13:16:45 untangle-main uvmconsole: [1284002.642s][info][gc] GC(20201) Pause Full (System.gc()) 45M->42M(63M) 65.584ms
Dec 24 13:18:56 untangle-main uvmconsole: [1284133.414s][info][gc] GC(20202) Pause Young (Concurrent Start) (G1 Evacuation Pause) 51M->42M(63M) 6.820ms
Dec 24 13:18:56 untangle-main uvmconsole: [1284133.415s][info][gc] GC(20203) Concurrent Cycle
Dec 24 13:18:56 untangle-main uvmconsole: [1284133.484s][info][gc] GC(20203) Pause Remark 42M->42M(63M) 4.837ms
Dec 24 13:18:56 untangle-main uvmconsole: [1284133.503s][info][gc] GC(20203) Pause Cleanup 42M->42M(63M) 0.201ms
Dec 24 13:18:56 untangle-main uvmconsole: [1284133.503s][info][gc] GC(20203) Concurrent Cycle 88.504ms
Dec 24 13:20:48 untangle-main uvmconsole: [1284246.298s][info][gc] GC(20204) Pause Young (Normal) (G1 Evacuation Pause) 50M->42M(63M) 4.876ms
Dec 24 13:21:45 untangle-main uvmconsole: [1284302.619s][info][gc] GC(20205) Pause Full (System.gc()) 45M->42M(63M) 42.876ms
Dec 24 13:24:16 untangle-main uvmconsole: [1284453.402s][info][gc] GC(20206) Pause Young (Concurrent Start) (G1 Evacuation Pause) 52M->42M(63M) 2.323ms
Dec 24 13:24:16 untangle-main uvmconsole: [1284453.402s][info][gc] GC(20207) Concurrent Cycle
Dec 24 13:24:16 untangle-main uvmconsole: [1284453.453s][info][gc] GC(20207) Pause Remark 42M->42M(63M) 6.385ms
Dec 24 13:24:16 untangle-main uvmconsole: [1284453.476s][info][gc] GC(20207) Pause Cleanup 42M->42M(63M) 0.241ms
Dec 24 13:24:16 untangle-main uvmconsole: [1284453.477s][info][gc] GC(20207) Concurrent Cycle 74.650ms
Dec 24 13:26:26 untangle-main uvmconsole: [1284583.847s][info][gc] GC(20208) Pause Young (Normal) (G1 Evacuation Pause) 51M->42M(63M) 4.736ms
Dec 24 13:26:45 untangle-main uvmconsole: [1284602.623s][info][gc] GC(20209) Pause Full (System.gc()) 43M->42M(63M) 45.832ms
Dec 24 13:29:06 untangle-main uvmconsole: [1284743.432s][info][gc] GC(20210) Pause Young (Concurrent Start) (G1 Evacuation Pause) 52M->42M(63M) 30.149ms
Dec 24 13:29:06 untangle-main uvmconsole: [1284743.432s][info][gc] GC(20211) Concurrent Cycle
Dec 24 13:29:06 untangle-main uvmconsole: [1284743.528s][info][gc] GC(20211) Pause Remark 42M->42M(63M) 28.967ms
Dec 24 13:29:06 untangle-main uvmconsole: [1284743.551s][info][gc] GC(20211) Pause Cleanup 42M->42M(63M) 0.190ms
Dec 24 13:29:06 untangle-main uvmconsole: [1284743.552s][info][gc] GC(20211) Concurrent Cycle 119.233ms
Dec 24 13:31:18 untangle-main uvmconsole: [1284875.902s][info][gc] GC(20212) Pause Young (Normal) (G1 Evacuation Pause) 51M->42M(63M) 2.047ms
Dec 24 13:31:45 untangle-main uvmconsole: [1284902.623s][info][gc] GC(20213) Pause Full (System.gc()) 43M->42M(63M) 45.656ms
Dec 24 13:34:08 untangle-main uvmconsole: [1285045.963s][info][gc] GC(20214) Pause Young (Concurrent Start) (G1 Evacuation Pause) 52M->42M(63M) 2.495ms
Dec 24 13:34:08 untangle-main uvmconsole: [1285045.963s][info][gc] GC(20215) Concurrent Cycle
Dec 24 13:34:08 untangle-main uvmconsole: [1285046.010s][info][gc] GC(20215) Pause Remark 42M->42M(63M) 4.881ms
Dec 24 13:34:08 untangle-main uvmconsole: [1285046.029s][info][gc] GC(20215) Pause Cleanup 42M->42M(63M) 0.233ms
Dec 24 13:34:08 untangle-main uvmconsole: [1285046.030s][info][gc] GC(20215) Concurrent Cycle 66.843ms
Dec 24 13:36:26 untangle-main uvmconsole: [1285183.401s][info][gc] GC(20216) Pause Young (Normal) (G1 Evacuation Pause) 51M->42M(63M) 2.377ms
Dec 24 13:36:45 untangle-main uvmconsole: [1285202.626s][info][gc] GC(20217) Pause Full (System.gc()) 43M->42M(63M) 48.903ms
Dec 24 13:38:56 untangle-main uvmconsole: [1285333.405s][info][gc] GC(20218) Pause Young (Concurrent Start) (G1 Evacuation Pause) 52M->42M(63M) 2.516ms
Dec 24 13:38:56 untangle-main uvmconsole: [1285333.405s][info][gc] GC(20219) Concurrent Cycle
Dec 24 13:38:56 untangle-main uvmconsole: [1285333.444s][info][gc] GC(20219) Pause Remark 42M->42M(63M) 4.516ms
Dec 24 13:38:56 untangle-main uvmconsole: [1285333.467s][info][gc] GC(20219) Pause Cleanup 42M->42M(63M) 0.187ms
Dec 24 13:38:56 untangle-main uvmconsole: [1285333.467s][info][gc] GC(20219) Concurrent Cycle 62.293ms
Dec 24 13:41:15 untangle-main uvmconsole: [1285472.626s][info][gc] GC(20220) Pause Young (Normal) (G1 Evacuation Pause) 51M->42M(63M) 1.867ms
Dec 24 13:41:45 untangle-main uvmconsole: [1285502.622s][info][gc] GC(20221) Pause Full (System.gc()) 44M->42M(63M) 44.406ms
Dec 24 13:43:56 untangle-main uvmconsole: [1285633.402s][info][gc] GC(20222) Pause Young (Concurrent Start) (G1 Evacuation Pause) 51M->42M(63M) 2.573ms
Dec 24 13:43:56 untangle-main uvmconsole: [1285633.402s][info][gc] GC(20223) Concurrent Cycle
Dec 24 13:43:56 untangle-main uvmconsole: [1285633.445s][info][gc] GC(20223) Pause Remark 42M->42M(63M) 4.960ms
Dec 24 13:43:56 untangle-main uvmconsole: [1285633.465s][info][gc] GC(20223) Pause Cleanup 42M->42M(63M) 0.241ms
Dec 24 13:43:56 untangle-main uvmconsole: [1285633.465s][info][gc] GC(20223) Concurrent Cycle 62.584ms
Dec 24 13:45:56 untangle-main uvmconsole: [1285753.447s][info][gc] GC(20224) Pause Young (Normal) (G1 Evacuation Pause) 50M->42M(63M) 48.808ms
Dec 24 13:46:45 untangle-main uvmconsole: [1285802.640s][info][gc] GC(20225) Pause Full (System.gc()) 45M->42M(63M) 61.842ms
Dec 24 13:48:36 untangle-main uvmconsole: [1285913.405s][info][gc] GC(20226) Pause Young (Concurrent Start) (G1 Evacuation Pause) 50M->42M(63M) 3.195ms
Dec 24 13:48:36 untangle-main uvmconsole: [1285913.405s][info][gc] GC(20227) Concurrent Cycle
Dec 24 13:48:36 untangle-main uvmconsole: [1285913.447s][info][gc] GC(20227) Pause Remark 42M->42M(63M) 5.673ms
Dec 24 13:48:36 untangle-main uvmconsole: [1285913.467s][info][gc] GC(20227) Pause Cleanup 42M->42M(63M) 0.155ms
Dec 24 13:48:36 untangle-main uvmconsole: [1285913.467s][info][gc] GC(20227) Concurrent Cycle 62.467ms
Dec 24 13:50:26 untangle-main uvmconsole: [1286023.402s][info][gc] GC(20228) Pause Young (Normal) (G1 Evacuation Pause) 49M->42M(63M) 2.089ms
Dec 24 13:51:45 untangle-main uvmconsole: [1286102.623s][info][gc] GC(20229) Pause Full (System.gc()) 47M->42M(63M) 45.747ms
Dec 24 13:53:46 untangle-main uvmconsole: [1286223.402s][info][gc] GC(20230) Pause Young (Concurrent Start) (G1 Evacuation Pause) 50M->42M(63M) 2.554ms
Dec 24 13:53:46 untangle-main uvmconsole: [1286223.402s][info][gc] GC(20231) Concurrent Cycle
Dec 24 13:53:46 untangle-main uvmconsole: [1286223.443s][info][gc] GC(20231) Pause Remark 42M->42M(63M) 5.292ms
Dec 24 13:53:46 untangle-main uvmconsole: [1286223.465s][info][gc] GC(20231) Pause Cleanup 42M->42M(63M) 0.203ms
Dec 24 13:53:46 untangle-main uvmconsole: [1286223.465s][info][gc] GC(20231) Concurrent Cycle 63.384ms
Dec 24 13:55:19 untangle-main uvmconsole: [1286317.196s][info][gc] GC(20232) Pause Young (Normal) (G1 Evacuation Pause) 49M->42M(63M) 2.438ms
Dec 24 13:56:45 untangle-main uvmconsole: [1286402.622s][info][gc] GC(20233) Pause Full (System.gc()) 47M->42M(63M) 45.458ms
Dec 24 13:58:56 untangle-main uvmconsole: [1286533.432s][info][gc] GC(20234) Pause Young (Normal) (G1 Evacuation Pause) 51M->42M(63M) 26.048ms
Dec 24 14:00:56 untangle-main uvmconsole: [1286653.409s][info][gc] GC(20235) Pause Young (Normal) (G1 Evacuation Pause) 50M->42M(63M) 2.986ms
Dec 24 14:01:45 untangle-main uvmconsole: [1286702.636s][info][gc] GC(20236) Pause Full (System.gc()) 45M->42M(63M) 57.321ms
Dec 24 14:03:56 untangle-main uvmconsole: [1286833.415s][info][gc] GC(20237) Pause Young (Normal) (G1 Evacuation Pause) 51M->42M(63M) 5.141ms
Dec 24 14:05:56 untangle-main uvmconsole: [1286953.414s][info][gc] GC(20238) Pause Young (Normal) (G1 Evacuation Pause) 50M->42M(63M) 6.370ms
Dec 24 14:06:45 untangle-main uvmconsole: [1287002.620s][info][gc] GC(20239) Pause Full (System.gc()) 45M->42M(63M) 42.626ms
Dec 24 14:09:06 untangle-main uvmconsole: [1287143.409s][info][gc] GC(20240) Pause Young (Normal) (G1 Evacuation Pause) 52M->42M(63M) 5.056ms
Dec 24 14:11:26 untangle-main uvmconsole: [1287283.408s][info][gc] GC(20241) Pause Young (Normal) (G1 Evacuation Pause) 51M->42M(63M) 6.060ms
Dec 24 14:11:45 untangle-main uvmconsole: [1287302.637s][info][gc] GC(20242) Pause Full (System.gc()) 43M->42M(63M) 58.434ms
Dec 24 14:14:05 untangle-main uvmconsole: [1287443.150s][info][gc] GC(20243) Pause Young (Normal) (G1 Evacuation Pause) 52M->42M(63M) 1.819ms
Dec 24 14:16:16 untangle-main uvmconsole: [1287573.411s][info][gc] GC(20244) Pause Young (Normal) (G1 Evacuation Pause) 51M->42M(63M) 5.570ms
Dec 24 14:16:45 untangle-main uvmconsole: [1287602.636s][info][gc] GC(20245) Pause Full (System.gc()) 43M->42M(63M) 58.504ms
Dec 24 14:18:56 untangle-main uvmconsole: [1287733.403s][info][gc] GC(20246) Pause Young (Normal) (G1 Evacuation Pause) 51M->42M(63M) 2.353ms
Dec 24 14:20:56 untangle-main uvmconsole: [1287853.412s][info][gc] GC(20247) Pause Young (Normal) (G1 Evacuation Pause) 50M->42M(63M) 6.116ms
Dec 24 14:21:45 untangle-main uvmconsole: [1287902.643s][info][gc] GC(20248) Pause Full (System.gc()) 45M->42M(63M) 66.044ms
Dec 24 14:23:56 untangle-main uvmconsole: [1288033.415s][info][gc] GC(20249) Pause Young (Normal) (G1 Evacuation Pause) 51M->42M(63M) 6.231ms
Dec 24 14:26:01 untangle-main uvmconsole: [1288158.937s][info][gc] GC(20250) Pause Young (Normal) (G1 Evacuation Pause) 50M->42M(63M) 4.125ms
Dec 24 14:26:45 untangle-main uvmconsole: [1288202.645s][info][gc] GC(20251) Pause Full (System.gc()) 45M->42M(63M) 67.876ms
Dec 24 14:28:56 untangle-main uvmconsole: [1288333.412s][info][gc] GC(20252) Pause Young (Normal) (G1 Evacuation Pause) 51M->42M(63M) 4.898ms
Dec 24 14:30:50 untangle-main uvmconsole: [1288447.643s][info][gc] GC(20253) Pause Young (Normal) (G1 Evacuation Pause) 50M->42M(63M) 7.311ms
Dec 24 14:31:45 untangle-main uvmconsole: [1288502.617s][info][gc] GC(20254) Pause Full (System.gc()) 46M->42M(63M) 39.532ms
Dec 24 14:34:16 untangle-main uvmconsole: [1288653.406s][info][gc] GC(20255) Pause Young (Normal) (G1 Evacuation Pause) 52M->42M(63M) 4.526ms
Dec 24 14:36:26 untangle-main uvmconsole: [1288783.984s][info][gc] GC(20256) Pause Young (Normal) (G1 Evacuation Pause) 51M->42M(63M) 8.350ms
Dec 24 14:36:45 untangle-main uvmconsole: [1288802.641s][info][gc] GC(20257) Pause Full (System.gc()) 43M->42M(63M) 64.348ms
Dec 24 14:39:06 untangle-main uvmconsole: [1288943.419s][info][gc] GC(20258) Pause Young (Normal) (G1 Evacuation Pause) 52M->42M(63M) 15.876ms
Dec 24 14:41:26 untangle-main uvmconsole: [1289083.405s][info][gc] GC(20259) Pause Young (Normal) (G1 Evacuation Pause) 51M->42M(63M) 4.252ms
Dec 24 14:41:45 untangle-main uvmconsole: [1289102.646s][info][gc] GC(20260) Pause Full (System.gc()) 43M->42M(63M) 68.016ms
Dec 24 14:43:56 untangle-main uvmconsole: [1289233.409s][info][gc] GC(20261) Pause Young (Normal) (G1 Evacuation Pause) 51M->42M(63M) 3.373ms
Dec 24 14:45:59 untangle-main uvmconsole: [1289356.706s][info][gc] GC(20262) Pause Young (Normal) (G1 Evacuation Pause) 50M->42M(63M) 7.606ms
Dec 24 14:46:45 untangle-main uvmconsole: [1289402.639s][info][gc] GC(20263) Pause Full (System.gc()) 45M->42M(63M) 62.585ms
Dec 24 14:49:00 untangle-main uvmconsole: [1289538.074s][info][gc] GC(20264) Pause Young (Normal) (G1 Evacuation Pause) 52M->42M(63M) 8.128ms
Dec 24 14:51:16 untangle-main uvmconsole: [1289673.407s][info][gc] GC(20265) Pause Young (Normal) (G1 Evacuation Pause) 51M->42M(63M) 3.874ms
Dec 24 14:51:45 untangle-main uvmconsole: [1289702.633s][info][gc] GC(20266) Pause Full (System.gc()) 43M->42M(63M) 54.617ms
Dec 24 14:54:10 untangle-main uvmconsole: [1289847.831s][info][gc] GC(20267) Pause Young (Normal) (G1 Evacuation Pause) 52M->42M(63M) 4.352ms
Dec 24 14:56:26 untangle-main uvmconsole: [1289983.405s][info][gc] GC(20268) Pause Young (Normal) (G1 Evacuation Pause) 51M->42M(63M) 2.343ms
Dec 24 14:56:45 untangle-main uvmconsole: [1290002.639s][info][gc] GC(20269) Pause Full (System.gc()) 43M->42M(63M) 61.217ms
Dec 24 14:59:16 untangle-main uvmconsole: [1290153.405s][info][gc] GC(20270) Pause Young (Normal) (G1 Evacuation Pause) 52M->42M(63M) 5.652ms
Dec 24 15:01:36 untangle-main uvmconsole: [1290293.407s][info][gc] GC(20271) Pause Young (Normal) (G1 Evacuation Pause) 51M->42M(63M) 6.864ms
Dec 24 15:01:45 untangle-main uvmconsole: [1290302.640s][info][gc] GC(20272) Pause Full (System.gc()) 43M->42M(63M) 60.722ms
Dec 24 15:04:16 untangle-main uvmconsole: [1290453.404s][info][gc] GC(20273) Pause Young (Normal) (G1 Evacuation Pause) 52M->42M(63M) 4.902ms
Dec 24 15:06:17 untangle-main uvmconsole: [1290574.629s][info][gc] GC(20274) Pause Young (Normal) (G1 Evacuation Pause) 51M->42M(63M) 3.806ms
Dec 24 15:06:45 untangle-main uvmconsole: [1290602.631s][info][gc] GC(20275) Pause Full (System.gc()) 43M->42M(63M) 54.161ms
Dec 24 15:09:06 untangle-main uvmconsole: [1290743.411s][info][gc] GC(20276) Pause Young (Normal) (G1 Evacuation Pause) 52M->42M(63M) 8.514ms
Dec 24 15:11:26 untangle-main uvmconsole: [1290883.403s][info][gc] GC(20277) Pause Young (Normal) (G1 Evacuation Pause) 51M->42M(63M) 4.171ms
Dec 24 15:11:45 untangle-main uvmconsole: [1290902.636s][info][gc] GC(20278) Pause Full (System.gc()) 43M->42M(63M) 57.259ms
Dec 24 15:14:16 untangle-main uvmconsole: [1291053.405s][info][gc] GC(20279) Pause Young (Normal) (G1 Evacuation Pause) 52M->42M(63M) 5.056ms
Dec 24 15:16:36 untangle-main uvmconsole: [1291193.400s][info][gc] GC(20280) Pause Young (Normal) (G1 Evacuation Pause) 51M->42M(63M) 1.607ms
Dec 24 15:16:45 untangle-main uvmconsole: [1291202.640s][info][gc] GC(20281) Pause Full (System.gc()) 43M->42M(63M) 61.593ms
Dec 24 15:19:16 untangle-main uvmconsole: [1291353.405s][info][gc] GC(20282) Pause Young (Normal) (G1 Evacuation Pause) 52M->42M(63M) 4.604ms
Dec 24 15:21:36 untangle-main uvmconsole: [1291493.416s][info][gc] GC(20283) Pause Young (Normal) (G1 Evacuation Pause) 51M->42M(63M) 14.339ms
Dec 24 15:21:45 untangle-main uvmconsole: [1291502.639s][info][gc] GC(20284) Pause Full (System.gc()) 42M->42M(63M) 62.975ms
Dec 24 15:24:00 untangle-main uvmconsole: [1291637.398s][info][gc] GC(20285) Pause Young (Normal) (G1 Evacuation Pause) 52M->42M(63M) 3.825ms
Dec 24 15:26:16 untangle-main uvmconsole: [1291773.405s][info][gc] GC(20286) Pause Young (Normal) (G1 Evacuation Pause) 51M->42M(63M) 4.203ms
Dec 24 15:26:45 untangle-main uvmconsole: [1291802.622s][info][gc] GC(20287) Pause Full (System.gc()) 44M->42M(63M) 44.850ms
Dec 24 15:29:11 untangle-main uvmconsole: [1291948.482s][info][gc] GC(20288) Pause Young (Normal) (G1 Evacuation Pause) 52M->42M(63M) 4.331ms
Dec 24 15:31:26 untangle-main uvmconsole: [1292083.611s][info][gc] GC(20289) Pause Young (Normal) (G1 Evacuation Pause) 51M->42M(63M) 5.862ms
Dec 24 15:31:45 untangle-main uvmconsole: [1292102.638s][info][gc] GC(20290) Pause Full (System.gc()) 43M->42M(63M) 57.615ms
Dec 24 15:34:16 untangle-main uvmconsole: [1292253.405s][info][gc] GC(20291) Pause Young (Normal) (G1 Evacuation Pause) 52M->42M(63M) 3.286ms
Dec 24 15:36:36 untangle-main uvmconsole: [1292393.405s][info][gc] GC(20292) Pause Young (Normal) (G1 Evacuation Pause) 51M->42M(63M) 4.522ms
Dec 24 15:36:45 untangle-main uvmconsole: [1292402.648s][info][gc] GC(20293) Pause Full (System.gc()) 42M->42M(63M) 70.484ms
Dec 24 15:38:56 untangle-main uvmconsole: [1292533.408s][info][gc] GC(20294) Pause Young (Normal) (G1 Evacuation Pause) 51M->42M(63M) 6.972ms
Dec 24 15:40:46 untangle-main uvmconsole: [1292643.406s][info][gc] GC(20295) Pause Young (Normal) (G1 Evacuation Pause) 50M->42M(63M) 3.259ms
Dec 24 15:41:45 untangle-main uvmconsole: [1292702.646s][info][gc] GC(20296) Pause Full (System.gc()) 46M->42M(63M) 66.553ms
Dec 24 15:44:16 untangle-main uvmconsole: [1292853.404s][info][gc] GC(20297) Pause Young (Normal) (G1 Evacuation Pause) 52M->42M(63M) 3.672ms
Dec 24 15:46:27 untangle-main uvmconsole: [1292984.414s][info][gc] GC(20298) Pause Young (Normal) (G1 Evacuation Pause) 51M->42M(63M) 4.445ms
Dec 24 15:46:45 untangle-main uvmconsole: [1293002.639s][info][gc] GC(20299) Pause Full (System.gc()) 43M->42M(63M) 61.049ms
Dec 24 15:49:16 untangle-main uvmconsole: [1293153.405s][info][gc] GC(20300) Pause Young (Normal) (G1 Evacuation Pause) 52M->42M(63M) 3.465ms
Dec 24 15:51:36 untangle-main uvmconsole: [1293293.406s][info][gc] GC(20301) Pause Young (Normal) (G1 Evacuation Pause) 51M->42M(63M) 5.510ms
Dec 24 15:51:45 untangle-main uvmconsole: [1293302.640s][info][gc] GC(20302) Pause Full (System.gc()) 43M->42M(63M) 62.829ms
Dec 24 15:54:16 untangle-main uvmconsole: [1293453.407s][info][gc] GC(20303) Pause Young (Normal) (G1 Evacuation Pause) 52M->42M(63M) 5.160ms
Dec 24 15:56:26 untangle-main uvmconsole: [1293584.258s][info][gc] GC(20304) Pause Young (Normal) (G1 Evacuation Pause) 51M->42M(63M) 6.183ms
Dec 24 15:56:45 untangle-main uvmconsole: [1293602.632s][info][gc] GC(20305) Pause Full (System.gc()) 43M->42M(63M) 54.151ms
Dec 24 15:59:06 untangle-main uvmconsole: [1293743.436s][info][gc] GC(20306) Pause Young (Normal) (G1 Evacuation Pause) 52M->42M(63M) 35.689ms
Dec 24 16:01:26 untangle-main uvmconsole: [1293883.405s][info][gc] GC(20307) Pause Young (Normal) (G1 Evacuation Pause) 51M->42M(63M) 5.060ms
Dec 24 16:01:45 untangle-main uvmconsole: [1293902.641s][info][gc] GC(20308) Pause Full (System.gc()) 43M->42M(63M) 62.937ms
Dec 24 16:04:08 untangle-main uvmconsole: [1294046.102s][info][gc] GC(20309) Pause Young (Normal) (G1 Evacuation Pause) 52M->42M(63M) 2.545ms
Dec 24 16:06:26 untangle-main uvmconsole: [1294183.415s][info][gc] GC(20310) Pause Young (Normal) (G1 Evacuation Pause) 51M->42M(63M) 5.276ms
Dec 24 16:06:45 untangle-main uvmconsole: [1294202.641s][info][gc] GC(20311) Pause Full (System.gc()) 43M->42M(63M) 61.870ms
Dec 24 16:09:06 untangle-main uvmconsole: [1294343.400s][info][gc] GC(20312) Pause Young (Normal) (G1 Evacuation Pause) 52M->42M(63M) 1.412ms
Dec 24 16:11:26 untangle-main uvmconsole: [1294483.409s][info][gc] GC(20313) Pause Young (Normal) (G1 Evacuation Pause) 51M->42M(63M) 5.403ms
Dec 24 16:11:45 untangle-main uvmconsole: [1294502.637s][info][gc] GC(20314) Pause Full (System.gc()) 43M->42M(63M) 59.383ms
Dec 24 16:14:11 untangle-main uvmconsole: [1294648.522s][info][gc] GC(20315) Pause Young (Normal) (G1 Evacuation Pause) 52M->42M(63M) 4.959ms
Dec 24 16:16:16 untangle-main uvmconsole: [1294773.406s][info][gc] GC(20316) Pause Young (Normal) (G1 Evacuation Pause) 51M->42M(63M) 2.869ms
Dec 24 16:16:45 untangle-main uvmconsole: [1294802.637s][info][gc] GC(20317) Pause Full (System.gc()) 43M->42M(63M) 59.792ms
Dec 24 16:19:16 untangle-main uvmconsole: [1294953.403s][info][gc] GC(20318) Pause Young (Normal) (G1 Evacuation Pause) 52M->42M(63M) 4.113ms
Dec 24 16:21:29 untangle-main uvmconsole: [1295086.435s][info][gc] GC(20319) Pause Young (Normal) (G1 Evacuation Pause) 51M->42M(63M) 29.597ms
Dec 24 16:21:45 untangle-main uvmconsole: [1295102.642s][info][gc] GC(20320) Pause Full (System.gc()) 43M->42M(63M) 62.982ms
Dec 24 16:23:56 untangle-main uvmconsole: [1295233.414s][info][gc] GC(20321) Pause Young (Normal) (G1 Evacuation Pause) 51M->42M(63M) 4.619ms
Dec 24 16:25:57 untangle-main uvmconsole: [1295354.855s][info][gc] GC(20322) Pause Young (Normal) (G1 Evacuation Pause) 50M->42M(63M) 4.589ms
Dec 24 16:26:45 untangle-main uvmconsole: [1295402.639s][info][gc] GC(20323) Pause Full (System.gc()) 45M->42M(63M) 61.424ms
Dec 24 16:28:56 untangle-main uvmconsole: [1295533.414s][info][gc] GC(20324) Pause Young (Normal) (G1 Evacuation Pause) 51M->42M(63M) 6.964ms
Dec 24 16:30:56 untangle-main uvmconsole: [1295653.415s][info][gc] GC(20325) Pause Young (Normal) (G1 Evacuation Pause) 50M->42M(63M) 4.258ms
Dec 24 16:31:45 untangle-main uvmconsole: [1295702.618s][info][gc] GC(20326) Pause Full (System.gc()) 45M->42M(63M) 41.112ms
Dec 24 16:33:47 untangle-main uvmconsole: [1295825.074s][info][gc] GC(20327) Pause Young (Normal) (G1 Evacuation Pause) 51M->42M(63M) 7.242ms
Dec 24 16:35:46 untangle-main uvmconsole: [1295943.410s][info][gc] GC(20328) Pause Young (Normal) (G1 Evacuation Pause) 50M->42M(63M) 4.392ms
Dec 24 16:36:45 untangle-main uvmconsole: [1296002.649s][info][gc] GC(20329) Pause Full (System.gc()) 46M->42M(63M) 69.763ms
Dec 24 16:38:54 untangle-main uvmconsole: [1296131.535s][info][gc] GC(20330) Pause Young (Normal) (G1 Evacuation Pause) 51M->42M(63M) 4.959ms
Dec 24 16:40:55 untangle-main uvmconsole: [1296252.596s][info][gc] GC(20331) Pause Young (Normal) (G1 Evacuation Pause) 50M->42M(63M) 5.761ms
Dec 24 16:41:45 untangle-main uvmconsole: [1296302.639s][info][gc] GC(20332) Pause Full (System.gc()) 45M->42M(63M) 63.039ms
Dec 24 16:43:46 untangle-main uvmconsole: [1296423.402s][info][gc] GC(20333) Pause Young (Normal) (G1 Evacuation Pause) 50M->42M(63M) 3.864ms
Dec 24 16:45:30 untangle-main uvmconsole: [1296527.495s][info][gc] GC(20334) Pause Young (Normal) (G1 Evacuation Pause) 49M->42M(63M) 3.899ms
Dec 24 16:46:45 untangle-main uvmconsole: [1296602.647s][info][gc] GC(20335) Pause Full (System.gc()) 47M->42M(63M) 68.529ms
Dec 24 16:49:10 untangle-main uvmconsole: [1296748.083s][info][gc] GC(20336) Pause Young (Normal) (G1 Evacuation Pause) 52M->42M(63M) 5.680ms
Dec 24 16:51:17 untangle-main uvmconsole: [1296875.300s][info][gc] GC(20337) Pause Young (Normal) (G1 Evacuation Pause) 51M->42M(63M) 4.988ms
Dec 24 16:51:45 untangle-main uvmconsole: [1296902.642s][info][gc] GC(20338) Pause Full (System.gc()) 43M->42M(63M) 63.363ms
Dec 24 16:54:16 untangle-main uvmconsole: [1297053.403s][info][gc] GC(20339) Pause Young (Normal) (G1 Evacuation Pause) 52M->42M(63M) 3.482ms
Dec 24 16:56:26 untangle-main uvmconsole: [1297183.479s][info][gc] GC(20340) Pause Young (Normal) (G1 Evacuation Pause) 51M->42M(63M) 4.011ms
Dec 24 16:56:45 untangle-main uvmconsole: [1297202.614s][info][gc] GC(20341) Pause Full (System.gc()) 43M->42M(63M) 38.326ms
Dec 24 16:59:16 untangle-main uvmconsole: [1297353.405s][info][gc] GC(20342) Pause Young (Normal) (G1 Evacuation Pause) 52M->42M(63M) 5.232ms
Dec 24 17:01:36 untangle-main uvmconsole: [1297493.403s][info][gc] GC(20343) Pause Young (Normal) (G1 Evacuation Pause) 51M->42M(63M) 4.419ms
Dec 24 17:01:45 untangle-main uvmconsole: [1297502.619s][info][gc] GC(20344) Pause Full (System.gc()) 43M->42M(63M) 40.881ms
Dec 24 17:04:16 untangle-main uvmconsole: [1297653.421s][info][gc] GC(20345) Pause Young (Normal) (G1 Evacuation Pause) 52M->42M(63M) 14.511ms
Dec 24 17:06:28 untangle-main uvmconsole: [1297785.544s][info][gc] GC(20346) Pause Young (Normal) (G1 Evacuation Pause) 51M->42M(63M) 2.738ms
Dec 24 17:06:45 untangle-main uvmconsole: [1297802.640s][info][gc] GC(20347) Pause Full (System.gc()) 43M->42M(63M) 60.888ms
Dec 24 17:08:56 untangle-main uvmconsole: [1297933.415s][info][gc] GC(20348) Pause Young (Normal) (G1 Evacuation Pause) 52M->42M(63M) 10.985ms
Dec 24 17:11:16 untangle-main uvmconsole: [1298073.406s][info][gc] GC(20349) Pause Young (Normal) (G1 Evacuation Pause) 51M->42M(63M) 7.171ms
Dec 24 17:11:45 untangle-main uvmconsole: [1298102.619s][info][gc] GC(20350) Pause Full (System.gc()) 44M->42M(63M) 41.453ms
Dec 24 17:13:56 untangle-main uvmconsole: [1298233.404s][info][gc] GC(20351) Pause Young (Normal) (G1 Evacuation Pause) 51M->42M(63M) 1.760ms
Dec 24 17:15:56 untangle-main uvmconsole: [1298353.417s][info][gc] GC(20352) Pause Young (Normal) (G1 Evacuation Pause) 50M->42M(63M) 6.291ms
Dec 24 17:16:45 untangle-main uvmconsole: [1298402.640s][info][gc] GC(20353) Pause Full (System.gc()) 45M->42M(63M) 61.464ms
Dec 24 17:18:56 untangle-main uvmconsole: [1298533.416s][info][gc] GC(20354) Pause Young (Normal) (G1 Evacuation Pause) 51M->42M(63M) 5.470ms
Dec 24 17:20:57 untangle-main uvmconsole: [1298654.820s][info][gc] GC(20355) Pause Young (Normal) (G1 Evacuation Pause) 50M->42M(63M) 3.971ms
Dec 24 17:21:45 untangle-main uvmconsole: [1298702.637s][info][gc] GC(20356) Pause Full (System.gc()) 45M->42M(63M) 59.174ms
Dec 24 17:24:11 untangle-main uvmconsole: [1298849.299s][info][gc] GC(20357) Pause Young (Normal) (G1 Evacuation Pause) 52M->42M(63M) 4.796ms
Dec 24 17:26:16 untangle-main uvmconsole: [1298973.410s][info][gc] GC(20358) Pause Young (Normal) (G1 Evacuation Pause) 51M->42M(63M) 5.546ms
Dec 24 17:26:45 untangle-main uvmconsole: [1299002.640s][info][gc] GC(20359) Pause Full (System.gc()) 43M->42M(63M) 60.971ms
Dec 24 17:29:12 untangle-main uvmconsole: [1299149.784s][info][gc] GC(20360) Pause Young (Normal) (G1 Evacuation Pause) 52M->42M(63M) 4.993ms
Dec 24 17:31:26 untangle-main uvmconsole: [1299283.412s][info][gc] GC(20361) Pause Young (Normal) (G1 Evacuation Pause) 51M->42M(63M) 7.260ms
Dec 24 17:31:45 untangle-main uvmconsole: [1299302.641s][info][gc] GC(20362) Pause Full (System.gc()) 43M->42M(63M) 63.166ms
Dec 24 17:33:56 untangle-main uvmconsole: [1299433.413s][info][gc] GC(20363) Pause Young (Normal) (G1 Evacuation Pause) 51M->42M(63M) 5.118ms
Dec 24 17:36:02 untangle-main uvmconsole: [1299559.871s][info][gc] GC(20364) Pause Young (Normal) (G1 Evacuation Pause) 50M->42M(63M) 4.908ms
Dec 24 17:36:45 untangle-main uvmconsole: [1299602.643s][info][gc] GC(20365) Pause Full (System.gc()) 45M->42M(63M) 64.176ms
Dec 24 17:39:06 untangle-main uvmconsole: [1299743.406s][info][gc] GC(20366) Pause Young (Normal) (G1 Evacuation Pause) 52M->42M(63M) 4.864ms
Dec 24 17:41:26 untangle-main uvmconsole: [1299883.403s][info][gc] GC(20367) Pause Young (Normal) (G1 Evacuation Pause) 51M->42M(63M) 2.196ms
Dec 24 17:41:45 untangle-main uvmconsole: [1299902.643s][info][gc] GC(20368) Pause Full (System.gc()) 43M->42M(63M) 65.158ms
Dec 24 17:44:02 untangle-main uvmconsole: [1300039.524s][info][gc] GC(20369) Pause Young (Normal) (G1 Evacuation Pause) 52M->42M(63M) 2.687ms
Dec 24 17:46:16 untangle-main uvmconsole: [1300173.405s][info][gc] GC(20370) Pause Young (Normal) (G1 Evacuation Pause) 51M->42M(63M) 4.492ms
Dec 24 17:46:45 untangle-main uvmconsole: [1300202.634s][info][gc] GC(20371) Pause Full (System.gc()) 44M->42M(63M) 57.679ms
Dec 24 17:49:10 untangle-main uvmconsole: [1300347.858s][info][gc] GC(20372) Pause Young (Normal) (G1 Evacuation Pause) 52M->42M(63M) 33.254ms
Dec 24 17:51:26 untangle-main uvmconsole: [1300483.754s][info][gc] GC(20373) Pause Young (Normal) (G1 Evacuation Pause) 51M->42M(63M) 7.024ms
Dec 24 17:51:45 untangle-main uvmconsole: [1300502.623s][info][gc] GC(20374) Pause Full (System.gc()) 43M->42M(63M) 45.999ms
Dec 24 17:54:16 untangle-main uvmconsole: [1300653.410s][info][gc] GC(20375) Pause Young (Normal) (G1 Evacuation Pause) 52M->42M(63M) 7.314ms
Dec 24 17:56:36 untangle-main uvmconsole: [1300793.406s][info][gc] GC(20376) Pause Young (Normal) (G1 Evacuation Pause) 51M->42M(63M) 5.600ms
Dec 24 17:56:45 untangle-main uvmconsole: [1300802.641s][info][gc] GC(20377) Pause Full (System.gc()) 42M->42M(63M) 61.408ms
Dec 24 17:59:16 untangle-main uvmconsole: [1300953.409s][info][gc] GC(20378) Pause Young (Normal) (G1 Evacuation Pause) 52M->42M(63M) 6.713ms
Dec 24 18:01:18 untangle-main uvmconsole: [1301075.575s][info][gc] GC(20379) Pause Young (Normal) (G1 Evacuation Pause) 51M->42M(63M) 6.320ms
Dec 24 18:01:45 untangle-main uvmconsole: [1301102.623s][info][gc] GC(20380) Pause Full (System.gc()) 43M->42M(63M) 45.738ms
Dec 24 18:04:11 untangle-main uvmconsole: [1301248.727s][info][gc] GC(20381) Pause Young (Normal) (G1 Evacuation Pause) 52M->42M(63M) 6.815ms
Dec 24 18:06:26 untangle-main uvmconsole: [1301383.411s][info][gc] GC(20382) Pause Young (Normal) (G1 Evacuation Pause) 51M->42M(63M) 6.099ms
Dec 24 18:06:45 untangle-main uvmconsole: [1301402.637s][info][gc] GC(20383) Pause Full (System.gc()) 43M->42M(63M) 60.899ms
Dec 24 18:09:06 untangle-main uvmconsole: [1301543.411s][info][gc] GC(20384) Pause Young (Normal) (G1 Evacuation Pause) 52M->42M(63M) 5.830ms
Dec 24 18:11:26 untangle-main uvmconsole: [1301683.401s][info][gc] GC(20385) Pause Young (Normal) (G1 Evacuation Pause) 51M->42M(63M) 1.856ms
Dec 24 18:11:45 untangle-main uvmconsole: [1301702.641s][info][gc] GC(20386) Pause Full (System.gc()) 43M->42M(63M) 61.948ms
Dec 24 18:14:16 untangle-main uvmconsole: [1301853.404s][info][gc] GC(20387) Pause Young (Normal) (G1 Evacuation Pause) 52M->42M(63M) 3.128ms
Dec 24 18:16:36 untangle-main uvmconsole: [1301993.405s][info][gc] GC(20388) Pause Young (Normal) (G1 Evacuation Pause) 51M->42M(63M) 5.866ms
Dec 24 18:16:45 untangle-main uvmconsole: [1302002.634s][info][gc] GC(20389) Pause Full (System.gc()) 42M->42M(63M) 56.950ms
Dec 24 18:19:04 untangle-main uvmconsole: [1302141.444s][info][gc] GC(20390) Pause Young (Normal) (G1 Evacuation Pause) 52M->42M(63M) 4.476ms
Dec 24 18:21:16 untangle-main uvmconsole: [1302273.411s][info][gc] GC(20391) Pause Young (Normal) (G1 Evacuation Pause) 51M->42M(63M) 6.466ms
Dec 24 18:21:45 untangle-main uvmconsole: [1302302.637s][info][gc] GC(20392) Pause Full (System.gc()) 43M->42M(63M) 58.022ms
Dec 24 18:24:07 untangle-main uvmconsole: [1302444.805s][info][gc] GC(20393) Pause Young (Normal) (G1 Evacuation Pause) 52M->42M(63M) 4.356ms
Dec 24 18:26:26 untangle-main uvmconsole: [1302583.414s][info][gc] GC(20394) Pause Young (Normal) (G1 Evacuation Pause) 51M->42M(63M) 6.150ms
Dec 24 18:26:45 untangle-main uvmconsole: [1302602.616s][info][gc] GC(20395) Pause Full (System.gc()) 43M->42M(63M) 39.299ms
Dec 24 18:29:16 untangle-main uvmconsole: [1302753.404s][info][gc] GC(20396) Pause Young (Normal) (G1 Evacuation Pause) 52M->42M(63M) 4.381ms
Dec 24 18:31:36 untangle-main uvmconsole: [1302893.406s][info][gc] GC(20397) Pause Young (Normal) (G1 Evacuation Pause) 51M->42M(63M) 4.364ms
Dec 24 18:31:45 untangle-main uvmconsole: [1302902.639s][info][gc] GC(20398) Pause Full (System.gc()) 43M->42M(63M) 60.518ms
Dec 24 18:33:56 untangle-main uvmconsole: [1303033.415s][info][gc] GC(20399) Pause Young (Normal) (G1 Evacuation Pause) 51M->42M(63M) 6.885ms
Dec 24 18:35:56 untangle-main uvmconsole: [1303153.410s][info][gc] GC(20400) Pause Young (Normal) (G1 Evacuation Pause) 50M->42M(63M) 4.557ms
Dec 24 18:36:45 untangle-main uvmconsole: [1303202.636s][info][gc] GC(20401) Pause Full (System.gc()) 45M->42M(63M) 59.915ms
Dec 24 18:39:06 untangle-main uvmconsole: [1303343.402s][info][gc] GC(20402) Pause Young (Normal) (G1 Evacuation Pause) 52M->42M(63M) 1.708ms
Dec 24 18:41:17 untangle-main uvmconsole: [1303474.473s][info][gc] GC(20403) Pause Young (Normal) (G1 Evacuation Pause) 51M->42M(63M) 5.651ms
Dec 24 18:41:45 untangle-main uvmconsole: [1303502.631s][info][gc] GC(20404) Pause Full (System.gc()) 43M->42M(63M) 54.535ms
Dec 24 18:44:16 untangle-main uvmconsole: [1303653.405s][info][gc] GC(20405) Pause Young (Normal) (G1 Evacuation Pause) 52M->42M(63M) 5.187ms
Dec 24 18:46:33 untangle-main uvmconsole: [1303790.724s][info][gc] GC(20406) Pause Young (Normal) (G1 Evacuation Pause) 51M->42M(63M) 6.305ms
Dec 24 18:46:45 untangle-main uvmconsole: [1303802.646s][info][gc] GC(20407) Pause Full (System.gc()) 43M->42M(63M) 68.450ms
Dec 24 18:49:16 untangle-main uvmconsole: [1303953.404s][info][gc] GC(20408) Pause Young (Normal) (G1 Evacuation Pause) 52M->42M(63M) 5.181ms
Dec 24 18:51:29 untangle-main uvmconsole: [1304086.519s][info][gc] GC(20409) Pause Young (Normal) (G1 Evacuation Pause) 51M->42M(63M) 4.363ms
Dec 24 18:51:45 untangle-main uvmconsole: [1304102.640s][info][gc] GC(20410) Pause Full (System.gc()) 43M->42M(63M) 60.944ms
Dec 24 18:54:03 untangle-main uvmconsole: [1304240.818s][info][gc] GC(20411) Pause Young (Normal) (G1 Evacuation Pause) 52M->42M(63M) 6.391ms
Dec 24 18:56:16 untangle-main uvmconsole: [1304373.415s][info][gc] GC(20412) Pause Young (Normal) (G1 Evacuation Pause) 51M->42M(63M) 6.965ms
Dec 24 18:56:45 untangle-main uvmconsole: [1304402.619s][info][gc] GC(20413) Pause Full (System.gc()) 43M->42M(63M) 41.138ms
Dec 24 18:59:08 untangle-main uvmconsole: [1304546.319s][info][gc] GC(20414) Pause Young (Normal) (G1 Evacuation Pause) 52M->42M(63M) 4.687ms
Dec 24 19:01:26 untangle-main uvmconsole: [1304683.414s][info][gc] GC(20415) Pause Young (Normal) (G1 Evacuation Pause) 51M->42M(63M) 6.860ms
Dec 24 19:01:45 untangle-main uvmconsole: [1304702.619s][info][gc] GC(20416) Pause Full (System.gc()) 43M->42M(63M) 40.800ms
Dec 24 19:04:16 untangle-main uvmconsole: [1304853.403s][info][gc] GC(20417) Pause Young (Normal) (G1 Evacuation Pause) 52M->42M(63M) 4.381ms
Dec 24 19:06:36 untangle-main uvmconsole: [1304993.400s][info][gc] GC(20418) Pause Young (Normal) (G1 Evacuation Pause) 51M->42M(63M) 1.599ms
Dec 24 19:06:45 untangle-main uvmconsole: [1305002.636s][info][gc] GC(20419) Pause Full (System.gc()) 43M->42M(63M) 59.415ms
Dec 24 19:09:06 untangle-main uvmconsole: [1305143.405s][info][gc] GC(20420) Pause Young (Normal) (G1 Evacuation Pause) 52M->42M(63M) 4.019ms
Dec 24 19:11:16 untangle-main uvmconsole: [1305273.400s][info][gc] GC(20421) Pause Young (Normal) (G1 Evacuation Pause) 51M->42M(63M) 1.813ms
Dec 24 19:11:45 untangle-main uvmconsole: [1305302.616s][info][gc] GC(20422) Pause Full (System.gc()) 44M->42M(63M) 36.907ms
Dec 24 19:14:16 untangle-main uvmconsole: [1305453.406s][info][gc] GC(20423) Pause Young (Normal) (G1 Evacuation Pause) 52M->42M(63M) 5.043ms
Dec 24 19:16:30 untangle-main uvmconsole: [1305587.396s][info][gc] GC(20424) Pause Young (Normal) (G1 Evacuation Pause) 51M->42M(63M) 4.998ms
Dec 24 19:16:45 untangle-main uvmconsole: [1305602.643s][info][gc] GC(20425) Pause Full (System.gc()) 43M->42M(63M) 61.097ms
Dec 24 19:19:16 untangle-main uvmconsole: [1305753.407s][info][gc] GC(20426) Pause Young (Normal) (G1 Evacuation Pause) 52M->42M(63M) 6.085ms
Dec 24 19:21:36 untangle-main uvmconsole: [1305893.405s][info][gc] GC(20427) Pause Young (Normal) (G1 Evacuation Pause) 51M->42M(63M) 4.660ms
Dec 24 19:21:45 untangle-main uvmconsole: [1305902.639s][info][gc] GC(20428) Pause Full (System.gc()) 43M->42M(63M) 62.615ms
Dec 24 19:23:56 untangle-main uvmconsole: [1306033.413s][info][gc] GC(20429) Pause Young (Normal) (G1 Evacuation Pause) 51M->42M(63M) 5.052ms
Dec 24 19:25:59 untangle-main uvmconsole: [1306156.761s][info][gc] GC(20430) Pause Young (Normal) (G1 Evacuation Pause) 50M->42M(63M) 2.230ms
Dec 24 19:26:45 untangle-main uvmconsole: [1306202.615s][info][gc] GC(20431) Pause Full (System.gc()) 45M->42M(63M) 37.794ms
Dec 24 19:29:00 untangle-main uvmconsole: [1306337.406s][info][gc] GC(20432) Pause Young (Normal) (G1 Evacuation Pause) 52M->42M(63M) 10.700ms
Dec 24 19:31:16 untangle-main uvmconsole: [1306473.410s][info][gc] GC(20433) Pause Young (Normal) (G1 Evacuation Pause) 51M->42M(63M) 5.293ms
Dec 24 19:31:45 untangle-main uvmconsole: [1306502.620s][info][gc] GC(20434) Pause Full (System.gc()) 43M->42M(63M) 43.585ms
Dec 24 19:34:10 untangle-main uvmconsole: [1306647.499s][info][gc] GC(20435) Pause Young (Normal) (G1 Evacuation Pause) 52M->42M(63M) 5.195ms
Dec 24 19:36:28 untangle-main uvmconsole: [1306785.429s][info][gc] GC(20436) Pause Young (Normal) (G1 Evacuation Pause) 51M->42M(63M) 4.220ms
Dec 24 19:36:45 untangle-main uvmconsole: [1306802.617s][info][gc] GC(20437) Pause Full (System.gc()) 43M->42M(63M) 38.859ms
Dec 24 19:39:06 untangle-main uvmconsole: [1306943.404s][info][gc] GC(20438) Pause Young (Normal) (G1 Evacuation Pause) 52M->42M(63M) 4.297ms
Dec 24 19:41:26 untangle-main uvmconsole: [1307083.404s][info][gc] GC(20439) Pause Young (Normal) (G1 Evacuation Pause) 51M->42M(63M) 3.990ms
Dec 24 19:41:45 untangle-main uvmconsole: [1307102.634s][info][gc] GC(20440) Pause Full (System.gc()) 43M->42M(63M) 55.444ms
Dec 24 19:44:16 untangle-main uvmconsole: [1307253.407s][info][gc] GC(20441) Pause Young (Normal) (G1 Evacuation Pause) 52M->42M(63M) 7.705ms
Dec 24 19:46:23 untangle-main uvmconsole: [1307381.301s][info][gc] GC(20442) Pause Young (Normal) (G1 Evacuation Pause) 51M->42M(63M) 5.514ms
Dec 24 19:46:45 untangle-main uvmconsole: [1307402.646s][info][gc] GC(20443) Pause Full (System.gc()) 43M->42M(63M) 68.284ms
Dec 24 19:48:56 untangle-main uvmconsole: [1307533.410s][info][gc] GC(20444) Pause Young (Normal) (G1 Evacuation Pause) 51M->42M(63M) 4.200ms
Dec 24 19:50:57 untangle-main uvmconsole: [1307654.433s][info][gc] GC(20445) Pause Young (Normal) (G1 Evacuation Pause) 50M->42M(63M) 6.799ms
Dec 24 19:51:45 untangle-main uvmconsole: [1307702.622s][info][gc] GC(20446) Pause Full (System.gc()) 45M->42M(63M) 45.132ms
Dec 24 19:54:16 untangle-main uvmconsole: [1307853.415s][info][gc] GC(20447) Pause Young (Normal) (G1 Evacuation Pause) 52M->42M(63M) 14.254ms
Dec 24 19:56:31 untangle-main uvmconsole: [1307988.793s][info][gc] GC(20448) Pause Young (Normal) (G1 Evacuation Pause) 51M->42M(63M) 4.762ms
Dec 24 19:56:45 untangle-main uvmconsole: [1308002.620s][info][gc] GC(20449) Pause Full (System.gc()) 43M->42M(63M) 43.736ms
Dec 24 19:59:07 untangle-main uvmconsole: [1308144.553s][info][gc] GC(20450) Pause Young (Normal) (G1 Evacuation Pause) 52M->42M(63M) 4.119ms
Dec 24 20:01:26 untangle-main uvmconsole: [1308283.413s][info][gc] GC(20451) Pause Young (Normal) (G1 Evacuation Pause) 51M->42M(63M) 4.580ms
Dec 24 20:01:45 untangle-main uvmconsole: [1308302.640s][info][gc] GC(20452) Pause Full (System.gc()) 43M->42M(63M) 63.409ms
Dec 24 20:04:00 untangle-main uvmconsole: [1308437.977s][info][gc] GC(20453) Pause Young (Normal) (G1 Evacuation Pause) 52M->42M(63M) 7.430ms
Dec 24 20:06:16 untangle-main uvmconsole: [1308573.414s][info][gc] GC(20454) Pause Young (Normal) (G1 Evacuation Pause) 51M->42M(63M) 8.712ms
Dec 24 20:06:45 untangle-main uvmconsole: [1308602.636s][info][gc] GC(20455) Pause Full (System.gc()) 43M->42M(63M) 58.688ms
Dec 24 20:09:06 untangle-main uvmconsole: [1308743.401s][info][gc] GC(20456) Pause Young (Normal) (G1 Evacuation Pause) 52M->42M(63M) 1.868ms
Dec 24 20:11:26 untangle-main uvmconsole: [1308883.404s][info][gc] GC(20457) Pause Young (Normal) (G1 Evacuation Pause) 51M->42M(63M) 5.568ms
Dec 24 20:11:45 untangle-main uvmconsole: [1308902.623s][info][gc] GC(20458) Pause Full (System.gc()) 43M->42M(63M) 46.764ms
Dec 24 20:13:57 untangle-main uvmconsole: [1309034.671s][info][gc] GC(20459) Pause Young (Normal) (G1 Evacuation Pause) 51M->42M(63M) 6.644ms
Dec 24 20:16:00 untangle-main uvmconsole: [1309158.369s][info][gc] GC(20460) Pause Young (Normal) (G1 Evacuation Pause) 50M->42M(63M) 1.659ms
Dec 24 20:16:45 untangle-main uvmconsole: [1309202.639s][info][gc] GC(20461) Pause Full (System.gc()) 45M->42M(63M) 62.954ms
Dec 24 20:19:16 untangle-main uvmconsole: [1309353.407s][info][gc] GC(20462) Pause Young (Normal) (G1 Evacuation Pause) 52M->42M(63M) 7.587ms
Dec 24 20:21:26 untangle-main uvmconsole: [1309483.408s][info][gc] GC(20463) Pause Young (Normal) (G1 Evacuation Pause) 51M->42M(63M) 5.049ms
Dec 24 20:21:45 untangle-main uvmconsole: [1309502.642s][info][gc] GC(20464) Pause Full (System.gc()) 43M->42M(63M) 63.163ms
Dec 24 20:23:56 untangle-main uvmconsole: [1309633.416s][info][gc] GC(20465) Pause Young (Normal) (G1 Evacuation Pause) 51M->42M(63M) 6.714ms
Dec 24 20:25:56 untangle-main uvmconsole: [1309753.415s][info][gc] GC(20466) Pause Young (Normal) (G1 Evacuation Pause) 50M->42M(63M) 4.073ms
Dec 24 20:26:45 untangle-main uvmconsole: [1309802.627s][info][gc] GC(20467) Pause Full (System.gc()) 45M->42M(63M) 50.351ms
Dec 24 20:29:16 untangle-main uvmconsole: [1309953.405s][info][gc] GC(20468) Pause Young (Normal) (G1 Evacuation Pause) 52M->42M(63M) 5.934ms
Dec 24 20:31:36 untangle-main uvmconsole: [1310093.408s][info][gc] GC(20469) Pause Young (Normal) (G1 Evacuation Pause) 51M->42M(63M) 8.647ms
Dec 24 20:31:45 untangle-main uvmconsole: [1310102.642s][info][gc] GC(20470) Pause Full (System.gc()) 42M->42M(63M) 63.773ms
Dec 24 20:33:56 untangle-main uvmconsole: [1310233.417s][info][gc] GC(20471) Pause Young (Normal) (G1 Evacuation Pause) 51M->42M(63M) 6.473ms
Dec 24 20:35:56 untangle-main uvmconsole: [1310353.409s][info][gc] GC(20472) Pause Young (Normal) (G1 Evacuation Pause) 50M->42M(63M) 3.307ms
Dec 24 20:36:45 untangle-main uvmconsole: [1310402.638s][info][gc] GC(20473) Pause Full (System.gc()) 45M->42M(63M) 60.205ms
Dec 24 20:38:56 untangle-main uvmconsole: [1310533.413s][info][gc] GC(20474) Pause Young (Normal) (G1 Evacuation Pause) 52M->42M(63M) 3.646ms
Dec 24 20:41:06 untangle-main uvmconsole: [1310663.825s][info][gc] GC(20475) Pause Young (Normal) (G1 Evacuation Pause) 51M->42M(63M) 1.751ms
Dec 24 20:41:45 untangle-main uvmconsole: [1310702.620s][info][gc] GC(20476) Pause Full (System.gc()) 44M->42M(63M) 42.745ms
Dec 24 20:43:56 untangle-main uvmconsole: [1310833.408s][info][gc] GC(20477) Pause Young (Normal) (G1 Evacuation Pause) 51M->42M(63M) 3.401ms
Dec 24 20:45:56 untangle-main uvmconsole: [1310953.412s][info][gc] GC(20478) Pause Young (Normal) (G1 Evacuation Pause) 50M->42M(63M) 4.147ms
Dec 24 20:46:45 untangle-main uvmconsole: [1311002.632s][info][gc] GC(20479) Pause Full (System.gc()) 45M->42M(63M) 55.568ms
Dec 24 20:48:56 untangle-main uvmconsole: [1311133.414s][info][gc] GC(20480) Pause Young (Normal) (G1 Evacuation Pause) 51M->42M(63M) 4.961ms
Dec 24 20:50:59 untangle-main uvmconsole: [1311256.793s][info][gc] GC(20481) Pause Young (Normal) (G1 Evacuation Pause) 50M->42M(63M) 3.714ms
Dec 24 20:51:45 untangle-main uvmconsole: [1311302.642s][info][gc] GC(20482) Pause Full (System.gc()) 45M->42M(63M) 63.227ms
Dec 24 20:53:56 untangle-main uvmconsole: [1311433.412s][info][gc] GC(20483) Pause Young (Normal) (G1 Evacuation Pause) 51M->42M(63M) 4.617ms
Dec 24 20:55:56 untangle-main uvmconsole: [1311553.410s][info][gc] GC(20484) Pause Young (Normal) (G1 Evacuation Pause) 50M->42M(63M) 3.883ms
Dec 24 20:56:45 untangle-main uvmconsole: [1311602.628s][info][gc] GC(20485) Pause Full (System.gc()) 45M->42M(63M) 49.705ms
Dec 24 20:58:56 untangle-main uvmconsole: [1311733.408s][info][gc] GC(20486) Pause Young (Normal) (G1 Evacuation Pause) 51M->42M(63M) 4.939ms
Dec 24 21:00:56 untangle-main uvmconsole: [1311853.412s][info][gc] GC(20487) Pause Young (Normal) (G1 Evacuation Pause) 50M->42M(63M) 4.921ms
Dec 24 21:01:45 untangle-main uvmconsole: [1311902.643s][info][gc] GC(20488) Pause Full (System.gc()) 45M->42M(63M) 65.991ms
Dec 24 21:03:56 untangle-main uvmconsole: [1312033.412s][info][gc] GC(20489) Pause Young (Normal) (G1 Evacuation Pause) 51M->42M(63M) 4.420ms
Dec 24 21:05:56 untangle-main uvmconsole: [1312153.413s][info][gc] GC(20490) Pause Young (Normal) (G1 Evacuation Pause) 50M->42M(63M) 7.007ms
Dec 24 21:06:45 untangle-main uvmconsole: [1312202.641s][info][gc] GC(20491) Pause Full (System.gc()) 45M->42M(63M) 62.780ms
Dec 24 21:09:06 untangle-main uvmconsole: [1312343.403s][info][gc] GC(20492) Pause Young (Normal) (G1 Evacuation Pause) 52M->42M(63M) 1.848ms
Dec 24 21:11:26 untangle-main uvmconsole: [1312483.402s][info][gc] GC(20493) Pause Young (Normal) (G1 Evacuation Pause) 51M->42M(63M) 2.955ms
Dec 24 21:11:45 untangle-main uvmconsole: [1312502.644s][info][gc] GC(20494) Pause Full (System.gc()) 43M->42M(63M) 66.091ms
Dec 24 21:14:05 untangle-main uvmconsole: [1312642.509s][info][gc] GC(20495) Pause Young (Normal) (G1 Evacuation Pause) 52M->42M(63M) 6.516ms
Dec 24 21:16:16 untangle-main uvmconsole: [1312773.414s][info][gc] GC(20496) Pause Young (Normal) (G1 Evacuation Pause) 51M->42M(63M) 9.281ms
Dec 24 21:16:45 untangle-main uvmconsole: [1312802.635s][info][gc] GC(20497) Pause Full (System.gc()) 43M->42M(63M) 57.414ms
Dec 24 21:19:12 untangle-main uvmconsole: [1312949.498s][info][gc] GC(20498) Pause Young (Normal) (G1 Evacuation Pause) 52M->42M(63M) 5.596ms
Dec 24 21:21:26 untangle-main uvmconsole: [1313083.414s][info][gc] GC(20499) Pause Young (Normal) (G1 Evacuation Pause) 51M->42M(63M) 6.964ms
Dec 24 21:21:45 untangle-main uvmconsole: [1313102.617s][info][gc] GC(20500) Pause Full (System.gc()) 43M->42M(63M) 39.608ms
Dec 24 21:24:16 untangle-main uvmconsole: [1313253.404s][info][gc] GC(20501) Pause Young (Normal) (G1 Evacuation Pause) 52M->42M(63M) 4.581ms
Dec 24 21:26:36 untangle-main uvmconsole: [1313393.423s][info][gc] GC(20502) Pause Young (Normal) (G1 Evacuation Pause) 51M->42M(63M) 21.439ms
Dec 24 21:26:45 untangle-main uvmconsole: [1313402.615s][info][gc] GC(20503) Pause Full (System.gc()) 42M->42M(63M) 37.860ms
Dec 24 21:29:16 untangle-main uvmconsole: [1313553.408s][info][gc] GC(20504) Pause Young (Normal) (G1 Evacuation Pause) 52M->42M(63M) 7.255ms
Dec 24 21:31:24 untangle-main uvmconsole: [1313682.148s][info][gc] GC(20505) Pause Young (Normal) (G1 Evacuation Pause) 51M->42M(63M) 4.816ms
Dec 24 21:31:45 untangle-main uvmconsole: [1313702.619s][info][gc] GC(20506) Pause Full (System.gc()) 43M->42M(63M) 41.180ms
Dec 24 21:33:56 untangle-main uvmconsole: [1313833.424s][info][gc] GC(20507) Pause Young (Normal) (G1 Evacuation Pause) 51M->42M(63M) 14.586ms
Dec 24 21:35:56 untangle-main uvmconsole: [1313953.410s][info][gc] GC(20508) Pause Young (Normal) (G1 Evacuation Pause) 50M->42M(63M) 4.260ms
Dec 24 21:36:45 untangle-main uvmconsole: [1314002.642s][info][gc] GC(20509) Pause Full (System.gc()) 45M->42M(63M) 63.030ms
Dec 24 21:39:05 untangle-main uvmconsole: [1314142.833s][info][gc] GC(20510) Pause Young (Normal) (G1 Evacuation Pause) 52M->42M(63M) 4.981ms
Dec 24 21:41:16 untangle-main uvmconsole: [1314273.460s][info][gc] GC(20511) Pause Young (Normal) (G1 Evacuation Pause) 51M->42M(63M) 1.980ms
Dec 24 21:41:45 untangle-main uvmconsole: [1314302.638s][info][gc] GC(20512) Pause Full (System.gc()) 43M->42M(63M) 60.840ms
Dec 24 21:44:16 untangle-main uvmconsole: [1314453.399s][info][gc] GC(20513) Pause Young (Normal) (G1 Evacuation Pause) 52M->42M(63M) 1.690ms
Dec 24 21:46:34 untangle-main uvmconsole: [1314591.732s][info][gc] GC(20514) Pause Young (Normal) (G1 Evacuation Pause) 51M->42M(63M) 2.304ms
Dec 24 21:46:45 untangle-main uvmconsole: [1314602.639s][info][gc] GC(20515) Pause Full (System.gc()) 43M->42M(63M) 61.003ms
Dec 24 21:49:05 untangle-main uvmconsole: [1314743.174s][info][gc] GC(20516) Pause Young (Normal) (G1 Evacuation Pause) 52M->42M(63M) 4.248ms
Dec 24 21:51:16 untangle-main uvmconsole: [1314873.438s][info][gc] GC(20517) Pause Young (Normal) (G1 Evacuation Pause) 51M->42M(63M) 27.859ms
Dec 24 21:51:45 untangle-main uvmconsole: [1314902.640s][info][gc] GC(20518) Pause Full (System.gc()) 43M->42M(63M) 61.587ms
Dec 24 21:54:16 untangle-main uvmconsole: [1315053.409s][info][gc] GC(20519) Pause Young (Normal) (G1 Evacuation Pause) 52M->42M(63M) 7.140ms
Dec 24 21:56:26 untangle-main uvmconsole: [1315183.929s][info][gc] GC(20520) Pause Young (Normal) (G1 Evacuation Pause) 51M->42M(63M) 3.901ms
Dec 24 21:56:45 untangle-main uvmconsole: [1315202.616s][info][gc] GC(20521) Pause Full (System.gc()) 43M->42M(63M) 38.774ms
Dec 24 21:59:16 untangle-main uvmconsole: [1315353.407s][info][gc] GC(20522) Pause Young (Normal) (G1 Evacuation Pause) 52M->42M(63M) 8.023ms
Dec 24 22:01:36 untangle-main uvmconsole: [1315493.405s][info][gc] GC(20523) Pause Young (Normal) (G1 Evacuation Pause) 51M->42M(63M) 6.484ms
Dec 24 22:01:45 untangle-main uvmconsole: [1315502.648s][info][gc] GC(20524) Pause Full (System.gc()) 43M->42M(63M) 68.983ms
Dec 24 22:03:56 untangle-main uvmconsole: [1315633.416s][info][gc] GC(20525) Pause Young (Normal) (G1 Evacuation Pause) 51M->42M(63M) 6.656ms
Dec 24 22:05:56 untangle-main uvmconsole: [1315753.412s][info][gc] GC(20526) Pause Young (Normal) (G1 Evacuation Pause) 50M->42M(63M) 4.315ms
Dec 24 22:06:45 untangle-main uvmconsole: [1315802.645s][info][gc] GC(20527) Pause Full (System.gc()) 45M->42M(63M) 66.473ms
Dec 24 22:09:04 untangle-main uvmconsole: [1315941.914s][info][gc] GC(20528) Pause Young (Normal) (G1 Evacuation Pause) 52M->42M(63M) 4.782ms
Dec 24 22:11:19 untangle-main uvmconsole: [1316077.205s][info][gc] GC(20529) Pause Young (Normal) (G1 Evacuation Pause) 51M->42M(63M) 4.716ms
Dec 24 22:11:45 untangle-main uvmconsole: [1316102.637s][info][gc] GC(20530) Pause Full (System.gc()) 43M->42M(63M) 60.386ms
Dec 24 22:14:06 untangle-main uvmconsole: [1316243.404s][info][gc] GC(20531) Pause Young (Normal) (G1 Evacuation Pause) 52M->42M(63M) 4.089ms
Dec 24 22:16:26 untangle-main uvmconsole: [1316383.411s][info][gc] GC(20532) Pause Young (Normal) (G1 Evacuation Pause) 51M->42M(63M) 5.297ms
Dec 24 22:16:45 untangle-main uvmconsole: [1316402.638s][info][gc] GC(20533) Pause Full (System.gc()) 43M->42M(63M) 60.821ms
Dec 24 22:19:16 untangle-main uvmconsole: [1316553.408s][info][gc] GC(20534) Pause Young (Normal) (G1 Evacuation Pause) 52M->42M(63M) 6.051ms
Dec 24 22:21:36 untangle-main uvmconsole: [1316693.406s][info][gc] GC(20535) Pause Young (Normal) (G1 Evacuation Pause) 51M->42M(63M) 5.231ms
Dec 24 22:21:45 untangle-main uvmconsole: [1316702.628s][info][gc] GC(20536) Pause Full (System.gc()) 42M->42M(63M) 49.698ms
Dec 24 22:24:06 untangle-main uvmconsole: [1316843.407s][info][gc] GC(20537) Pause Young (Normal) (G1 Evacuation Pause) 52M->42M(63M) 5.605ms
Dec 24 22:26:16 untangle-main uvmconsole: [1316973.414s][info][gc] GC(20538) Pause Young (Normal) (G1 Evacuation Pause) 51M->42M(63M) 4.054ms
Dec 24 22:26:45 untangle-main uvmconsole: [1317002.640s][info][gc] GC(20539) Pause Full (System.gc()) 43M->42M(63M) 63.209ms
Dec 24 22:29:16 untangle-main uvmconsole: [1317153.405s][info][gc] GC(20540) Pause Young (Normal) (G1 Evacuation Pause) 52M->42M(63M) 4.913ms
Dec 24 22:31:32 untangle-main uvmconsole: [1317290.274s][info][gc] GC(20541) Pause Young (Normal) (G1 Evacuation Pause) 51M->42M(63M) 4.744ms
Dec 24 22:31:45 untangle-main uvmconsole: [1317302.624s][info][gc] GC(20542) Pause Full (System.gc()) 43M->42M(63M) 46.835ms
Dec 24 22:33:56 untangle-main uvmconsole: [1317433.418s][info][gc] GC(20543) Pause Young (Normal) (G1 Evacuation Pause) 51M->42M(63M) 8.000ms
Dec 24 22:35:56 untangle-main uvmconsole: [1317553.497s][info][gc] GC(20544) Pause Young (Normal) (G1 Evacuation Pause) 50M->42M(63M) 7.866ms
Dec 24 22:36:45 untangle-main uvmconsole: [1317602.632s][info][gc] GC(20545) Pause Full (System.gc()) 45M->42M(63M) 54.352ms
Dec 24 22:38:56 untangle-main uvmconsole: [1317733.400s][info][gc] GC(20546) Pause Young (Normal) (G1 Evacuation Pause) 51M->42M(63M) 1.641ms
Dec 24 22:40:46 untangle-main uvmconsole: [1317843.406s][info][gc] GC(20547) Pause Young (Normal) (G1 Evacuation Pause) 50M->42M(63M) 3.807ms
Dec 24 22:41:45 untangle-main uvmconsole: [1317902.637s][info][gc] GC(20548) Pause Full (System.gc()) 46M->42M(63M) 60.865ms
Dec 24 22:43:56 untangle-main uvmconsole: [1318033.405s][info][gc] GC(20549) Pause Young (Normal) (G1 Evacuation Pause) 51M->42M(63M) 3.595ms
Dec 24 22:45:56 untangle-main uvmconsole: [1318153.411s][info][gc] GC(20550) Pause Young (Normal) (G1 Evacuation Pause) 50M->42M(63M) 4.450ms
Dec 24 22:46:45 untangle-main uvmconsole: [1318202.638s][info][gc] GC(20551) Pause Full (System.gc()) 45M->42M(63M) 59.348ms
Dec 24 22:48:56 untangle-main uvmconsole: [1318333.410s][info][gc] GC(20552) Pause Young (Normal) (G1 Evacuation Pause) 51M->42M(63M) 4.600ms
Dec 24 22:50:56 untangle-main uvmconsole: [1318453.411s][info][gc] GC(20553) Pause Young (Normal) (G1 Evacuation Pause) 50M->42M(63M) 4.226ms
Dec 24 22:51:45 untangle-main uvmconsole: [1318502.639s][info][gc] GC(20554) Pause Full (System.gc()) 45M->42M(63M) 62.109ms
Dec 24 22:53:56 untangle-main uvmconsole: [1318633.414s][info][gc] GC(20555) Pause Young (Normal) (G1 Evacuation Pause) 51M->42M(63M) 6.455ms
Dec 24 22:55:58 untangle-main uvmconsole: [1318755.533s][info][gc] GC(20556) Pause Young (Normal) (G1 Evacuation Pause) 50M->42M(63M) 6.883ms
Dec 24 22:56:45 untangle-main uvmconsole: [1318802.640s][info][gc] GC(20557) Pause Full (System.gc()) 45M->42M(63M) 62.617ms
Dec 24 22:59:06 untangle-main uvmconsole: [1318943.411s][info][gc] GC(20558) Pause Young (Normal) (G1 Evacuation Pause) 52M->42M(63M) 4.740ms
Dec 24 23:01:16 untangle-main uvmconsole: [1319073.495s][info][gc] GC(20559) Pause Young (Normal) (G1 Evacuation Pause) 51M->42M(63M) 4.295ms
Dec 24 23:01:45 untangle-main uvmconsole: [1319102.625s][info][gc] GC(20560) Pause Full (System.gc()) 43M->42M(63M) 46.398ms
Dec 24 23:03:56 untangle-main uvmconsole: [1319233.412s][info][gc] GC(20561) Pause Young (Normal) (G1 Evacuation Pause) 51M->42M(63M) 4.626ms
Dec 24 23:05:56 untangle-main uvmconsole: [1319353.408s][info][gc] GC(20562) Pause Young (Normal) (G1 Evacuation Pause) 50M->42M(63M) 4.920ms
Dec 24 23:06:45 untangle-main uvmconsole: [1319402.625s][info][gc] GC(20563) Pause Full (System.gc()) 45M->42M(63M) 48.568ms
Dec 24 23:08:56 untangle-main uvmconsole: [1319533.402s][info][gc] GC(20564) Pause Young (Normal) (G1 Evacuation Pause) 51M->42M(63M) 2.735ms
Dec 24 23:10:56 untangle-main uvmconsole: [1319653.399s][info][gc] GC(20565) Pause Young (Normal) (G1 Evacuation Pause) 50M->42M(63M) 1.528ms
Dec 24 23:11:45 untangle-main uvmconsole: [1319702.646s][info][gc] GC(20566) Pause Full (System.gc()) 45M->42M(63M) 68.446ms
Dec 24 23:14:16 untangle-main uvmconsole: [1319853.406s][info][gc] GC(20567) Pause Young (Normal) (G1 Evacuation Pause) 52M->42M(63M) 5.356ms
Dec 24 23:16:26 untangle-main uvmconsole: [1319983.414s][info][gc] GC(20568) Pause Young (Normal) (G1 Evacuation Pause) 51M->42M(63M) 5.226ms
Dec 24 23:16:45 untangle-main uvmconsole: [1320002.640s][info][gc] GC(20569) Pause Full (System.gc()) 43M->42M(63M) 63.517ms
Dec 24 23:19:06 untangle-main uvmconsole: [1320143.412s][info][gc] GC(20570) Pause Young (Normal) (G1 Evacuation Pause) 52M->42M(63M) 5.445ms
Dec 24 23:21:24 untangle-main uvmconsole: [1320281.787s][info][gc] GC(20571) Pause Young (Normal) (G1 Evacuation Pause) 51M->42M(63M) 8.571ms
Dec 24 23:21:45 untangle-main uvmconsole: [1320302.642s][info][gc] GC(20572) Pause Full (System.gc()) 43M->42M(63M) 64.940ms
Dec 24 23:24:08 untangle-main uvmconsole: [1320445.532s][info][gc] GC(20573) Pause Young (Normal) (G1 Evacuation Pause) 52M->42M(63M) 6.495ms
Dec 24 23:26:26 untangle-main uvmconsole: [1320584.079s][info][gc] GC(20574) Pause Young (Normal) (G1 Evacuation Pause) 51M->42M(63M) 4.068ms
Dec 24 23:26:45 untangle-main uvmconsole: [1320602.630s][info][gc] GC(20575) Pause Full (System.gc()) 43M->42M(63M) 52.331ms
Dec 24 23:28:56 untangle-main uvmconsole: [1320733.413s][info][gc] GC(20576) Pause Young (Normal) (G1 Evacuation Pause) 51M->42M(63M) 4.386ms
Dec 24 23:30:56 untangle-main uvmconsole: [1320854.134s][info][gc] GC(20577) Pause Young (Normal) (G1 Evacuation Pause) 50M->42M(63M) 3.786ms
Dec 24 23:31:45 untangle-main uvmconsole: [1320902.652s][info][gc] GC(20578) Pause Full (System.gc()) 45M->42M(63M) 75.338ms
Dec 24 23:34:06 untangle-main uvmconsole: [1321044.178s][info][gc] GC(20579) Pause Young (Normal) (G1 Evacuation Pause) 52M->42M(63M) 4.277ms
Dec 24 23:36:16 untangle-main uvmconsole: [1321173.411s][info][gc] GC(20580) Pause Young (Normal) (G1 Evacuation Pause) 51M->42M(63M) 3.907ms
Dec 24 23:36:45 untangle-main uvmconsole: [1321202.641s][info][gc] GC(20581) Pause Full (System.gc()) 43M->42M(63M) 62.334ms
Dec 24 23:39:06 untangle-main uvmconsole: [1321343.414s][info][gc] GC(20582) Pause Young (Normal) (G1 Evacuation Pause) 52M->42M(63M) 6.209ms
Dec 24 23:41:26 untangle-main uvmconsole: [1321483.403s][info][gc] GC(20583) Pause Young (Normal) (G1 Evacuation Pause) 51M->42M(63M) 4.902ms
Dec 24 23:41:45 untangle-main uvmconsole: [1321502.635s][info][gc] GC(20584) Pause Full (System.gc()) 43M->42M(63M) 56.081ms
Dec 24 23:43:56 untangle-main uvmconsole: [1321634.310s][info][gc] GC(20585) Pause Young (Normal) (G1 Evacuation Pause) 51M->42M(63M) 4.526ms
Dec 24 23:46:04 untangle-main uvmconsole: [1321761.821s][info][gc] GC(20586) Pause Young (Normal) (G1 Evacuation Pause) 50M->42M(63M) 6.245ms
Dec 24 23:46:45 untangle-main uvmconsole: [1321802.636s][info][gc] GC(20587) Pause Full (System.gc()) 45M->42M(63M) 58.649ms
Dec 24 23:48:56 untangle-main uvmconsole: [1321933.417s][info][gc] GC(20588) Pause Young (Normal) (G1 Evacuation Pause) 51M->42M(63M) 6.273ms
Dec 24 23:50:56 untangle-main uvmconsole: [1322053.407s][info][gc] GC(20589) Pause Young (Normal) (G1 Evacuation Pause) 50M->42M(63M) 3.950ms
Dec 24 23:51:45 untangle-main uvmconsole: [1322102.650s][info][gc] GC(20590) Pause Full (System.gc()) 45M->42M(63M) 73.027ms
Dec 24 23:53:56 untangle-main uvmconsole: [1322233.411s][info][gc] GC(20591) Pause Young (Normal) (G1 Evacuation Pause) 51M->42M(63M) 7.160ms
Dec 24 23:55:56 untangle-main uvmconsole: [1322353.406s][info][gc] GC(20592) Pause Young (Normal) (G1 Evacuation Pause) 50M->42M(63M) 5.136ms
Dec 24 23:56:45 untangle-main uvmconsole: [1322402.640s][info][gc] GC(20593) Pause Full (System.gc()) 45M->42M(63M) 63.136ms
Dec 24 23:59:07 untangle-main uvmconsole: [1322545.342s][info][gc] GC(20594) Pause Young (Normal) (G1 Evacuation Pause) 52M->42M(63M) 2.217ms
Dec 25 00:01:26 untangle-main uvmconsole: [1322683.404s][info][gc] GC(20595) Pause Young (Normal) (G1 Evacuation Pause) 51M->42M(63M) 3.422ms
Dec 25 00:01:45 untangle-main uvmconsole: [1322702.643s][info][gc] GC(20596) Pause Full (System.gc()) 43M->42M(63M) 63.756ms
Dec 25 00:04:16 untangle-main uvmconsole: [1322853.406s][info][gc] GC(20597) Pause Young (Normal) (G1 Evacuation Pause) 52M->42M(63M) 6.207ms
Dec 25 00:06:36 untangle-main uvmconsole: [1322993.403s][info][gc] GC(20598) Pause Young (Normal) (G1 Evacuation Pause) 51M->42M(63M) 5.221ms
Dec 25 00:06:45 untangle-main uvmconsole: [1323002.654s][info][gc] GC(20599) Pause Full (System.gc()) 42M->42M(63M) 74.212ms
Dec 25 00:09:01 untangle-main uvmconsole: [1323138.701s][info][gc] GC(20600) Pause Young (Normal) (G1 Evacuation Pause) 52M->42M(63M) 5.060ms
Dec 25 00:11:01 untangle-main uvmconsole: [1323259.297s][info][gc] GC(20601) Pause Young (Normal) (G1 Evacuation Pause) 51M->42M(63M) 3.048ms
Dec 25 00:11:45 untangle-main uvmconsole: [1323302.646s][info][gc] GC(20602) Pause Full (System.gc()) 45M->42M(63M) 69.984ms
Dec 25 00:13:56 untangle-main uvmconsole: [1323433.415s][info][gc] GC(20603) Pause Young (Normal) (G1 Evacuation Pause) 51M->42M(63M) 7.194ms
Dec 25 00:15:56 untangle-main uvmconsole: [1323554.136s][info][gc] GC(20604) Pause Young (Normal) (G1 Evacuation Pause) 50M->42M(63M) 3.738ms
Dec 25 00:16:45 untangle-main uvmconsole: [1323602.618s][info][gc] GC(20605) Pause Full (System.gc()) 45M->42M(63M) 40.974ms
Dec 25 00:18:56 untangle-main uvmconsole: [1323733.416s][info][gc] GC(20606) Pause Young (Normal) (G1 Evacuation Pause) 51M->42M(63M) 6.834ms
Dec 25 00:20:57 untangle-main uvmconsole: [1323855.328s][info][gc] GC(20607) Pause Young (Normal) (G1 Evacuation Pause) 50M->42M(63M) 2.045ms
Dec 25 00:21:45 untangle-main uvmconsole: [1323902.634s][info][gc] GC(20608) Pause Full (System.gc()) 45M->42M(63M) 57.285ms
Dec 25 00:24:16 untangle-main uvmconsole: [1324053.400s][info][gc] GC(20609) Pause Young (Normal) (G1 Evacuation Pause) 52M->42M(63M) 1.859ms
Dec 25 00:26:26 untangle-main uvmconsole: [1324183.413s][info][gc] GC(20610) Pause Young (Normal) (G1 Evacuation Pause) 51M->42M(63M) 4.862ms
Dec 25 00:26:45 untangle-main uvmconsole: [1324202.641s][info][gc] GC(20611) Pause Full (System.gc()) 43M->42M(63M) 62.553ms
Dec 25 00:29:06 untangle-main uvmconsole: [1324343.409s][info][gc] GC(20612) Pause Young (Normal) (G1 Evacuation Pause) 52M->42M(63M) 5.683ms
Dec 25 00:31:16 untangle-main uvmconsole: [1324473.906s][info][gc] GC(20613) Pause Young (Normal) (G1 Evacuation Pause) 51M->42M(63M) 5.490ms
Dec 25 00:31:45 untangle-main uvmconsole: [1324502.621s][info][gc] GC(20614) Pause Full (System.gc()) 43M->42M(63M) 45.110ms
Dec 25 00:34:09 untangle-main uvmconsole: [1324646.540s][info][gc] GC(20615) Pause Young (Normal) (G1 Evacuation Pause) 52M->42M(63M) 5.040ms
Dec 25 00:36:26 untangle-main uvmconsole: [1324783.408s][info][gc] GC(20616) Pause Young (Normal) (G1 Evacuation Pause) 51M->42M(63M) 4.031ms
Dec 25 00:36:45 untangle-main uvmconsole: [1324802.639s][info][gc] GC(20617) Pause Full (System.gc()) 43M->42M(63M) 61.285ms
Dec 25 00:38:56 untangle-main uvmconsole: [1324933.405s][info][gc] GC(20618) Pause Young (Normal) (G1 Evacuation Pause) 51M->42M(63M) 5.010ms
Dec 25 00:40:56 untangle-main uvmconsole: [1325053.406s][info][gc] GC(20619) Pause Young (Normal) (G1 Evacuation Pause) 50M->42M(63M) 5.340ms
Dec 25 00:41:45 untangle-main uvmconsole: [1325102.633s][info][gc] GC(20620) Pause Full (System.gc()) 45M->42M(63M) 55.365ms
Dec 25 00:44:07 untangle-main uvmconsole: [1325245.078s][info][gc] GC(20621) Pause Young (Normal) (G1 Evacuation Pause) 52M->42M(63M) 9.304ms
Dec 25 00:46:16 untangle-main uvmconsole: [1325373.409s][info][gc] GC(20622) Pause Young (Normal) (G1 Evacuation Pause) 51M->42M(63M) 4.312ms
Dec 25 00:46:45 untangle-main uvmconsole: [1325402.615s][info][gc] GC(20623) Pause Full (System.gc()) 43M->42M(63M) 38.937ms
Dec 25 00:48:56 untangle-main uvmconsole: [1325533.420s][info][gc] GC(20624) Pause Young (Normal) (G1 Evacuation Pause) 51M->42M(63M) 9.379ms
Dec 25 00:50:56 untangle-main uvmconsole: [1325653.408s][info][gc] GC(20625) Pause Young (Normal) (G1 Evacuation Pause) 50M->42M(63M) 2.989ms
Dec 25 00:51:45 untangle-main uvmconsole: [1325702.638s][info][gc] GC(20626) Pause Full (System.gc()) 45M->42M(63M) 58.120ms
Dec 25 00:54:16 untangle-main uvmconsole: [1325853.407s][info][gc] GC(20627) Pause Young (Normal) (G1 Evacuation Pause) 52M->42M(63M) 5.951ms
Dec 25 00:56:36 untangle-main uvmconsole: [1325993.402s][info][gc] GC(20628) Pause Young (Normal) (G1 Evacuation Pause) 51M->42M(63M) 3.710ms
Dec 25 00:56:45 untangle-main uvmconsole: [1326002.637s][info][gc] GC(20629) Pause Full (System.gc()) 43M->42M(63M) 58.705ms
Dec 25 00:59:16 untangle-main uvmconsole: [1326153.399s][info][gc] GC(20630) Pause Young (Normal) (G1 Evacuation Pause) 52M->42M(63M) 1.741ms
Dec 25 01:01:29 untangle-main uvmconsole: [1326286.809s][info][gc] GC(20631) Pause Young (Normal) (G1 Evacuation Pause) 51M->42M(63M) 4.187ms
Dec 25 01:01:45 untangle-main uvmconsole: [1326302.634s][info][gc] GC(20632) Pause Full (System.gc()) 43M->42M(63M) 58.357ms
Dec 25 01:03:50 untangle-main uvmconsole: [1326427.753s][info][gc] GC(20633) Pause Young (Normal) (G1 Evacuation Pause) 51M->42M(63M) 1.834ms
Dec 25 01:05:47 untangle-main uvmconsole: [1326545.363s][info][gc] GC(20634) Pause Young (Normal) (G1 Evacuation Pause) 50M->42M(63M) 8.358ms
Dec 25 01:06:45 untangle-main uvmconsole: [1326602.641s][info][gc] GC(20635) Pause Full (System.gc()) 45M->42M(63M) 61.717ms
Dec 25 01:09:06 untangle-main uvmconsole: [1326743.404s][info][gc] GC(20636) Pause Young (Normal) (G1 Evacuation Pause) 52M->42M(63M) 4.698ms
Dec 25 01:11:20 untangle-main uvmconsole: [1326878.294s][info][gc] GC(20637) Pause Young (Normal) (G1 Evacuation Pause) 51M->42M(63M) 1.757ms
Dec 25 01:11:45 untangle-main uvmconsole: [1326902.642s][info][gc] GC(20638) Pause Full (System.gc()) 43M->42M(63M) 64.221ms
Dec 25 01:13:56 untangle-main uvmconsole: [1327033.406s][info][gc] GC(20639) Pause Young (Normal) (G1 Evacuation Pause) 51M->42M(63M) 2.356ms
Dec 25 01:15:58 untangle-main uvmconsole: [1327155.495s][info][gc] GC(20640) Pause Young (Normal) (G1 Evacuation Pause) 50M->42M(63M) 5.052ms
Dec 25 01:16:45 untangle-main uvmconsole: [1327202.621s][info][gc] GC(20641) Pause Full (System.gc()) 45M->42M(63M) 42.884ms
Dec 25 01:19:10 untangle-main uvmconsole: [1327347.814s][info][gc] GC(20642) Pause Young (Normal) (G1 Evacuation Pause) 52M->42M(63M) 5.309ms
Dec 25 01:21:17 untangle-main uvmconsole: [1327474.604s][info][gc] GC(20643) Pause Young (Normal) (G1 Evacuation Pause) 51M->42M(63M) 6.005ms
Dec 25 01:21:45 untangle-main uvmconsole: [1327502.645s][info][gc] GC(20644) Pause Full (System.gc()) 43M->42M(63M) 66.640ms
Dec 25 01:24:16 untangle-main uvmconsole: [1327653.404s][info][gc] GC(20645) Pause Young (Normal) (G1 Evacuation Pause) 52M->42M(63M) 4.126ms
Dec 25 01:26:26 untangle-main uvmconsole: [1327783.410s][info][gc] GC(20646) Pause Young (Normal) (G1 Evacuation Pause) 51M->42M(63M) 5.474ms
Dec 25 01:26:45 untangle-main uvmconsole: [1327802.640s][info][gc] GC(20647) Pause Full (System.gc()) 43M->42M(63M) 62.125ms
Dec 25 01:29:15 untangle-main uvmconsole: [1327953.349s][info][gc] GC(20648) Pause Young (Normal) (G1 Evacuation Pause) 52M->42M(63M) 5.159ms
Dec 25 01:31:26 untangle-main uvmconsole: [1328083.517s][info][gc] GC(20649) Pause Young (Normal) (G1 Evacuation Pause) 51M->42M(63M) 8.502ms
Dec 25 01:31:45 untangle-main uvmconsole: [1328102.641s][info][gc] GC(20650) Pause Full (System.gc()) 43M->42M(63M) 62.230ms
Dec 25 01:34:16 untangle-main uvmconsole: [1328253.408s][info][gc] GC(20651) Pause Young (Normal) (G1 Evacuation Pause) 52M->42M(63M) 6.541ms
Dec 25 01:36:28 untangle-main uvmconsole: [1328386.298s][info][gc] GC(20652) Pause Young (Normal) (G1 Evacuation Pause) 51M->42M(63M) 3.948ms
Dec 25 01:36:45 untangle-main uvmconsole: [1328402.619s][info][gc] GC(20653) Pause Full (System.gc()) 43M->42M(63M) 40.627ms
Dec 25 01:38:56 untangle-main uvmconsole: [1328533.413s][info][gc] GC(20654) Pause Young (Normal) (G1 Evacuation Pause) 52M->42M(63M) 5.108ms
Dec 25 01:41:02 untangle-main uvmconsole: [1328659.457s][info][gc] GC(20655) Pause Young (Normal) (G1 Evacuation Pause) 51M->42M(63M) 6.261ms
Dec 25 01:41:19 untangle-main uvmconsole: [1328677.375s][info][gc] GC(20656) Pause Young (Normal) (G1 Evacuation Pause) 51M->43M(63M) 3.209ms
Dec 25 01:41:20 untangle-main uvmconsole: Starting ChromeDriver 83.0.4103.116 (8f0c18b4dca9b6699eb629be0f51810c24fb6428-refs/branch-heads/4103@{#716}) on port 36530
Dec 25 01:41:20 untangle-main uvmconsole: Only local connections are allowed.
Dec 25 01:41:20 untangle-main uvmconsole: Please see https://chromedriver.chromium.org/security-considerations for suggestions on keeping ChromeDriver safe.
Dec 25 01:41:20 untangle-main uvmconsole: ChromeDriver was started successfully.
Dec 25 01:41:22 untangle-main uvmconsole: Dec 25, 2020 1:41:22 AM org.openqa.selenium.remote.ProtocolHandshake createSession
Dec 25 01:41:22 untangle-main uvmconsole: INFO: Detected dialect: W3C
Dec 25 01:41:45 untangle-main uvmconsole: [1328702.634s][info][gc] GC(20657) Pause Full (System.gc()) 49M->43M(63M) 55.064ms
Dec 25 01:43:36 untangle-main uvmconsole: [1328814.132s][info][gc] GC(20658) Pause Young (Normal) (G1 Evacuation Pause) 51M->43M(63M) 5.585ms
Dec 25 01:45:25 untangle-main uvmconsole: [1328922.663s][info][gc] GC(20659) Pause Young (Normal) (G1 Evacuation Pause) 50M->43M(63M) 1.587ms
Dec 25 01:46:45 untangle-main uvmconsole: [1329002.659s][info][gc] GC(20660) Pause Full (System.gc()) 48M->43M(63M) 81.778ms
Dec 25 01:48:46 untangle-main uvmconsole: [1329123.405s][info][gc] GC(20661) Pause Young (Normal) (G1 Evacuation Pause) 51M->43M(63M) 4.712ms
Dec 25 01:50:26 untangle-main uvmconsole: [1329223.439s][info][gc] GC(20662) Pause Young (Normal) (G1 Evacuation Pause) 50M->43M(63M) 4.550ms
Dec 25 01:51:45 untangle-main uvmconsole: [1329302.638s][info][gc] GC(20663) Pause Full (System.gc()) 48M->43M(63M) 60.264ms
Dec 25 01:53:56 untangle-main uvmconsole: [1329433.414s][info][gc] GC(20664) Pause Young (Normal) (G1 Evacuation Pause) 52M->43M(63M) 4.980ms
Dec 25 01:55:55 untangle-main uvmconsole: [1329553.347s][info][gc] GC(20665) Pause Young (Normal) (G1 Evacuation Pause) 51M->43M(63M) 2.008ms
Dec 25 01:56:45 untangle-main uvmconsole: [1329602.641s][info][gc] GC(20666) Pause Full (System.gc()) 46M->43M(63M) 61.186ms
Dec 25 01:58:46 untangle-main uvmconsole: [1329723.416s][info][gc] GC(20667) Pause Young (Normal) (G1 Evacuation Pause) 51M->43M(63M) 13.400ms
Dec 25 02:00:26 untangle-main uvmconsole: [1329823.498s][info][gc] GC(20668) Pause Young (Normal) (G1 Evacuation Pause) 50M->43M(63M) 6.541ms
Dec 25 02:01:45 untangle-main uvmconsole: [1329902.636s][info][gc] GC(20669) Pause Full (System.gc()) 48M->43M(63M) 57.181ms
Dec 25 02:03:56 untangle-main uvmconsole: [1330033.415s][info][gc] GC(20670) Pause Young (Normal) (G1 Evacuation Pause) 52M->43M(63M) 6.057ms
Dec 25 02:05:56 untangle-main uvmconsole: [1330153.694s][info][gc] GC(20671) Pause Young (Normal) (G1 Evacuation Pause) 51M->43M(63M) 6.056ms
Dec 25 02:06:45 untangle-main uvmconsole: [1330202.642s][info][gc] GC(20672) Pause Full (System.gc()) 46M->43M(63M) 64.640ms
Dec 25 02:08:56 untangle-main uvmconsole: [1330333.404s][info][gc] GC(20673) Pause Young (Normal) (G1 Evacuation Pause) 52M->43M(63M) 5.139ms
Dec 25 02:10:56 untangle-main uvmconsole: [1330453.407s][info][gc] GC(20674) Pause Young (Normal) (G1 Evacuation Pause) 51M->43M(63M) 5.434ms
Dec 25 02:11:45 untangle-main uvmconsole: [1330502.618s][info][gc] GC(20675) Pause Full (System.gc()) 46M->43M(63M) 41.214ms
Dec 25 02:13:36 untangle-main uvmconsole: [1330613.419s][info][gc] GC(20676) Pause Young (Normal) (G1 Evacuation Pause) 51M->43M(63M) 10.358ms
Dec 25 02:15:16 untangle-main uvmconsole: [1330714.029s][info][gc] GC(20677) Pause Young (Normal) (G1 Evacuation Pause) 50M->43M(63M) 5.764ms
Dec 25 02:16:45 untangle-main uvmconsole: [1330802.848s][info][gc] GC(20678) Pause Full (System.gc()) 48M->42M(63M) 271.012ms
Dec 25 02:18:56 untangle-main uvmconsole: [1330933.406s][info][gc] GC(20679) Pause Young (Normal) (G1 Evacuation Pause) 51M->42M(63M) 3.200ms
Dec 25 02:20:56 untangle-main uvmconsole: [1331053.412s][info][gc] GC(20680) Pause Young (Normal) (G1 Evacuation Pause) 50M->42M(63M) 4.359ms
Dec 25 02:21:45 untangle-main uvmconsole: [1331102.645s][info][gc] GC(20681) Pause Full (System.gc()) 45M->42M(63M) 67.502ms
Dec 25 02:24:16 untangle-main uvmconsole: [1331253.403s][info][gc] GC(20682) Pause Young (Normal) (G1 Evacuation Pause) 52M->42M(63M) 1.825ms
Dec 25 02:26:36 untangle-main uvmconsole: [1331393.406s][info][gc] GC(20683) Pause Young (Normal) (G1 Evacuation Pause) 51M->42M(63M) 7.171ms
Dec 25 02:26:45 untangle-main uvmconsole: [1331402.645s][info][gc] GC(20684) Pause Full (System.gc()) 43M->42M(63M) 67.770ms
Dec 25 02:29:26 untangle-main uvmconsole: [1331563.414s][info][gc] GC(20685) Pause Young (Normal) (G1 Evacuation Pause) 53M->42M(63M) 8.419ms
Dec 25 02:31:45 untangle-main uvmconsole: [1331702.647s][info][gc] GC(20686) Pause Full (System.gc()) 51M->42M(63M) 69.777ms
Dec 25 02:33:56 untangle-main uvmconsole: [1331833.416s][info][gc] GC(20687) Pause Young (Normal) (G1 Evacuation Pause) 51M->42M(63M) 7.565ms
Dec 25 02:35:56 untangle-main uvmconsole: [1331953.414s][info][gc] GC(20688) Pause Young (Normal) (G1 Evacuation Pause) 50M->42M(63M) 6.523ms
Dec 25 02:36:45 untangle-main uvmconsole: [1332002.642s][info][gc] GC(20689) Pause Full (System.gc()) 45M->42M(63M) 64.610ms
Dec 25 02:38:52 untangle-main uvmconsole: [1332129.933s][info][gc] GC(20690) Pause Young (Normal) (G1 Evacuation Pause) 51M->42M(63M) 6.019ms
Dec 25 02:40:53 untangle-main uvmconsole: [1332251.171s][info][gc] GC(20691) Pause Young (Normal) (G1 Evacuation Pause) 50M->42M(63M) 5.274ms
Dec 25 02:41:45 untangle-main uvmconsole: [1332302.642s][info][gc] GC(20692) Pause Full (System.gc()) 45M->42M(63M) 62.627ms
Dec 25 02:43:56 untangle-main uvmconsole: [1332433.418s][info][gc] GC(20693) Pause Young (Normal) (G1 Evacuation Pause) 51M->42M(63M) 7.232ms
Dec 25 02:46:00 untangle-main uvmconsole: [1332557.934s][info][gc] GC(20694) Pause Young (Normal) (G1 Evacuation Pause) 50M->42M(63M) 7.760ms
Dec 25 02:46:45 untangle-main uvmconsole: [1332602.641s][info][gc] GC(20695) Pause Full (System.gc()) 45M->42M(63M) 62.342ms
Dec 25 02:48:47 untangle-main uvmconsole: [1332725.152s][info][gc] GC(20696) Pause Young (Normal) (G1 Evacuation Pause) 51M->42M(63M) 3.988ms
Dec 25 02:50:46 untangle-main uvmconsole: [1332843.410s][info][gc] GC(20697) Pause Young (Normal) (G1 Evacuation Pause) 50M->42M(63M) 6.404ms
Dec 25 02:51:45 untangle-main uvmconsole: [1332902.644s][info][gc] GC(20698) Pause Full (System.gc()) 45M->42M(63M) 66.377ms
Dec 25 02:54:16 untangle-main uvmconsole: [1333053.401s][info][gc] GC(20699) Pause Young (Normal) (G1 Evacuation Pause) 52M->42M(63M) 2.988ms
Dec 25 02:56:26 untangle-main uvmconsole: [1333183.519s][info][gc] GC(20700) Pause Young (Normal) (G1 Evacuation Pause) 51M->42M(63M) 2.254ms
Dec 25 02:56:45 untangle-main uvmconsole: [1333202.636s][info][gc] GC(20701) Pause Full (System.gc()) 43M->42M(63M) 55.210ms
Dec 25 02:59:16 untangle-main uvmconsole: [1333353.409s][info][gc] GC(20702) Pause Young (Normal) (G1 Evacuation Pause) 52M->42M(63M) 6.933ms
Dec 25 03:01:36 untangle-main uvmconsole: [1333493.408s][info][gc] GC(20703) Pause Young (Normal) (G1 Evacuation Pause) 51M->42M(63M) 7.984ms
Dec 25 03:01:45 untangle-main uvmconsole: [1333502.637s][info][gc] GC(20704) Pause Full (System.gc()) 42M->42M(63M) 57.772ms
Dec 25 03:03:56 untangle-main uvmconsole: [1333633.414s][info][gc] GC(20705) Pause Young (Normal) (G1 Evacuation Pause) 51M->42M(63M) 7.372ms
Dec 25 03:05:56 untangle-main uvmconsole: [1333753.404s][info][gc] GC(20706) Pause Young (Normal) (G1 Evacuation Pause) 50M->42M(63M) 4.255ms
Dec 25 03:06:45 untangle-main uvmconsole: [1333802.642s][info][gc] GC(20707) Pause Full (System.gc()) 45M->42M(63M) 65.445ms
Dec 25 03:09:06 untangle-main uvmconsole: [1333943.407s][info][gc] GC(20708) Pause Young (Normal) (G1 Evacuation Pause) 52M->42M(63M) 4.719ms
Dec 25 03:11:23 untangle-main uvmconsole: [1334080.742s][info][gc] GC(20709) Pause Young (Normal) (G1 Evacuation Pause) 51M->42M(63M) 7.357ms
Dec 25 03:11:45 untangle-main uvmconsole: [1334102.619s][info][gc] GC(20710) Pause Full (System.gc()) 43M->42M(63M) 42.828ms
Dec 25 03:14:08 untangle-main uvmconsole: [1334245.958s][info][gc] GC(20711) Pause Young (Normal) (G1 Evacuation Pause) 52M->42M(63M) 4.849ms
Dec 25 03:16:26 untangle-main uvmconsole: [1334384.049s][info][gc] GC(20712) Pause Young (Normal) (G1 Evacuation Pause) 51M->42M(63M) 4.625ms
Dec 25 03:16:45 untangle-main uvmconsole: [1334402.640s][info][gc] GC(20713) Pause Full (System.gc()) 43M->42M(63M) 62.900ms
Dec 25 03:18:56 untangle-main uvmconsole: [1334533.411s][info][gc] GC(20714) Pause Young (Normal) (G1 Evacuation Pause) 51M->42M(63M) 3.922ms
Dec 25 03:20:58 untangle-main uvmconsole: [1334656.171s][info][gc] GC(20715) Pause Young (Normal) (G1 Evacuation Pause) 50M->42M(63M) 7.337ms
Dec 25 03:21:45 untangle-main uvmconsole: [1334702.642s][info][gc] GC(20716) Pause Full (System.gc()) 45M->42M(63M) 65.217ms
Dec 25 03:23:49 untangle-main uvmconsole: [1334827.080s][info][gc] GC(20717) Pause Young (Normal) (G1 Evacuation Pause) 51M->42M(63M) 4.832ms
Dec 25 03:25:46 untangle-main uvmconsole: [1334943.411s][info][gc] GC(20718) Pause Young (Normal) (G1 Evacuation Pause) 50M->42M(63M) 6.021ms
Dec 25 03:26:45 untangle-main uvmconsole: [1335002.648s][info][gc] GC(20719) Pause Full (System.gc()) 46M->42M(63M) 68.606ms
Dec 25 03:29:16 untangle-main uvmconsole: [1335153.434s][info][gc] GC(20720) Pause Young (Normal) (G1 Evacuation Pause) 52M->42M(63M) 34.055ms
Dec 25 03:31:28 untangle-main uvmconsole: [1335286.354s][info][gc] GC(20721) Pause Young (Normal) (G1 Evacuation Pause) 51M->42M(63M) 4.007ms
Dec 25 03:31:45 untangle-main uvmconsole: [1335302.643s][info][gc] GC(20722) Pause Full (System.gc()) 43M->42M(63M) 64.004ms
Dec 25 03:33:56 untangle-main uvmconsole: [1335433.413s][info][gc] GC(20723) Pause Young (Normal) (G1 Evacuation Pause) 51M->42M(63M) 4.501ms
Dec 25 03:35:59 untangle-main uvmconsole: [1335556.668s][info][gc] GC(20724) Pause Young (Normal) (G1 Evacuation Pause) 50M->42M(63M) 6.130ms
Dec 25 03:36:45 untangle-main uvmconsole: [1335602.634s][info][gc] GC(20725) Pause Full (System.gc()) 45M->42M(63M) 57.255ms
Dec 25 03:39:06 untangle-main uvmconsole: [1335743.411s][info][gc] GC(20726) Pause Young (Normal) (G1 Evacuation Pause) 52M->42M(63M) 6.913ms
Dec 25 03:41:16 untangle-main uvmconsole: [1335873.411s][info][gc] GC(20727) Pause Young (Normal) (G1 Evacuation Pause) 51M->42M(63M) 4.244ms
Dec 25 03:41:45 untangle-main uvmconsole: [1335902.617s][info][gc] GC(20728) Pause Full (System.gc()) 44M->42M(63M) 39.591ms
Dec 25 03:43:56 untangle-main uvmconsole: [1336033.413s][info][gc] GC(20729) Pause Young (Normal) (G1 Evacuation Pause) 51M->42M(63M) 8.742ms
Dec 25 03:45:56 untangle-main uvmconsole: [1336153.416s][info][gc] GC(20730) Pause Young (Normal) (G1 Evacuation Pause) 50M->42M(63M) 4.737ms
Dec 25 03:46:45 untangle-main uvmconsole: [1336202.642s][info][gc] GC(20731) Pause Full (System.gc()) 45M->42M(63M) 64.611ms
Dec 25 03:49:09 untangle-main uvmconsole: [1336347.097s][info][gc] GC(20732) Pause Young (Normal) (G1 Evacuation Pause) 52M->42M(63M) 32.987ms
Dec 25 03:51:26 untangle-main uvmconsole: [1336483.411s][info][gc] GC(20733) Pause Young (Normal) (G1 Evacuation Pause) 51M->42M(63M) 4.526ms
Dec 25 03:51:45 untangle-main uvmconsole: [1336502.641s][info][gc] GC(20734) Pause Full (System.gc()) 43M->42M(63M) 63.038ms
Dec 25 03:54:16 untangle-main uvmconsole: [1336653.401s][info][gc] GC(20735) Pause Young (Normal) (G1 Evacuation Pause) 52M->42M(63M) 3.702ms
Dec 25 03:56:29 untangle-main uvmconsole: [1336787.302s][info][gc] GC(20736) Pause Young (Normal) (G1 Evacuation Pause) 51M->42M(63M) 5.444ms
Dec 25 03:56:45 untangle-main uvmconsole: [1336802.640s][info][gc] GC(20737) Pause Full (System.gc()) 43M->42M(63M) 61.835ms
Dec 25 03:59:06 untangle-main uvmconsole: [1336943.422s][info][gc] GC(20738) Pause Young (Normal) (G1 Evacuation Pause) 52M->42M(63M) 11.428ms
Dec 25 04:01:20 untangle-main uvmconsole: [1337077.626s][info][gc] GC(20739) Pause Young (Normal) (G1 Evacuation Pause) 51M->42M(63M) 4.629ms
Dec 25 04:01:45 untangle-main uvmconsole: [1337102.641s][info][gc] GC(20740) Pause Full (System.gc()) 43M->42M(63M) 62.623ms
Dec 25 04:04:16 untangle-main uvmconsole: [1337253.405s][info][gc] GC(20741) Pause Young (Normal) (G1 Evacuation Pause) 52M->42M(63M) 5.717ms
Dec 25 04:06:30 untangle-main uvmconsole: [1337387.650s][info][gc] GC(20742) Pause Young (Normal) (G1 Evacuation Pause) 51M->42M(63M) 4.384ms
Dec 25 04:06:45 untangle-main uvmconsole: [1337402.636s][info][gc] GC(20743) Pause Full (System.gc()) 43M->42M(63M) 58.742ms
Dec 25 04:08:56 untangle-main uvmconsole: [1337533.406s][info][gc] GC(20744) Pause Young (Normal) (G1 Evacuation Pause) 51M->42M(63M) 4.974ms
Dec 25 04:10:56 untangle-main uvmconsole: [1337653.405s][info][gc] GC(20745) Pause Young (Normal) (G1 Evacuation Pause) 50M->42M(63M) 3.936ms
Dec 25 04:11:45 untangle-main uvmconsole: [1337702.614s][info][gc] GC(20746) Pause Full (System.gc()) 45M->42M(63M) 37.144ms
Dec 25 04:14:16 untangle-main uvmconsole: [1337853.404s][info][gc] GC(20747) Pause Young (Normal) (G1 Evacuation Pause) 52M->42M(63M) 4.883ms
Dec 25 04:16:26 untangle-main uvmconsole: [1337983.405s][info][gc] GC(20748) Pause Young (Normal) (G1 Evacuation Pause) 51M->42M(63M) 4.290ms
Dec 25 04:16:45 untangle-main uvmconsole: [1338002.637s][info][gc] GC(20749) Pause Full (System.gc()) 43M->42M(63M) 60.243ms
Dec 25 04:19:10 untangle-main uvmconsole: [1338148.096s][info][gc] GC(20750) Pause Young (Normal) (G1 Evacuation Pause) 52M->42M(63M) 7.314ms
Dec 25 04:21:26 untangle-main uvmconsole: [1338283.501s][info][gc] GC(20751) Pause Young (Normal) (G1 Evacuation Pause) 51M->42M(63M) 5.793ms
Dec 25 04:21:45 untangle-main uvmconsole: [1338302.641s][info][gc] GC(20752) Pause Full (System.gc()) 43M->42M(63M) 60.833ms
Dec 25 04:23:56 untangle-main uvmconsole: [1338433.404s][info][gc] GC(20753) Pause Young (Normal) (G1 Evacuation Pause) 51M->42M(63M) 3.610ms
Dec 25 04:25:56 untangle-main uvmconsole: [1338553.403s][info][gc] GC(20754) Pause Young (Normal) (G1 Evacuation Pause) 50M->42M(63M) 1.733ms
Dec 25 04:26:45 untangle-main uvmconsole: [1338602.641s][info][gc] GC(20755) Pause Full (System.gc()) 45M->42M(63M) 63.762ms
Dec 25 04:28:46 untangle-main uvmconsole: [1338723.405s][info][gc] GC(20756) Pause Young (Normal) (G1 Evacuation Pause) 50M->42M(63M) 3.191ms
Dec 25 04:30:31 untangle-main uvmconsole: [1338828.458s][info][gc] GC(20757) Pause Young (Normal) (G1 Evacuation Pause) 49M->42M(63M) 5.359ms
Dec 25 04:31:45 untangle-main uvmconsole: [1338902.650s][info][gc] GC(20758) Pause Full (System.gc()) 47M->42M(63M) 71.201ms
Dec 25 04:33:56 untangle-main uvmconsole: [1339033.407s][info][gc] GC(20759) Pause Young (Normal) (G1 Evacuation Pause) 51M->42M(63M) 6.443ms
Dec 25 04:35:46 untangle-main uvmconsole: [1339144.198s][info][gc] GC(20760) Pause Young (Normal) (G1 Evacuation Pause) 50M->42M(63M) 2.503ms
Dec 25 04:36:45 untangle-main uvmconsole: [1339202.650s][info][gc] GC(20761) Pause Full (System.gc()) 46M->42M(63M) 72.965ms
Dec 25 04:38:56 untangle-main uvmconsole: [1339333.406s][info][gc] GC(20762) Pause Young (Normal) (G1 Evacuation Pause) 51M->42M(63M) 6.348ms
Dec 25 04:40:52 untangle-main uvmconsole: [1339449.570s][info][gc] GC(20763) Pause Young (Normal) (G1 Evacuation Pause) 50M->42M(63M) 6.556ms
Dec 25 04:41:45 untangle-main uvmconsole: [1339502.619s][info][gc] GC(20764) Pause Full (System.gc()) 45M->42M(63M) 42.313ms
Dec 25 04:43:56 untangle-main uvmconsole: [1339633.414s][info][gc] GC(20765) Pause Young (Normal) (G1 Evacuation Pause) 51M->42M(63M) 4.729ms
Dec 25 04:46:01 untangle-main uvmconsole: [1339758.909s][info][gc] GC(20766) Pause Young (Normal) (G1 Evacuation Pause) 50M->42M(63M) 7.079ms
Dec 25 04:46:45 untangle-main uvmconsole: [1339802.618s][info][gc] GC(20767) Pause Full (System.gc()) 45M->42M(63M) 40.647ms
Dec 25 04:49:16 untangle-main uvmconsole: [1339953.405s][info][gc] GC(20768) Pause Young (Normal) (G1 Evacuation Pause) 52M->42M(63M) 3.978ms
Dec 25 04:51:26 untangle-main uvmconsole: [1340083.411s][info][gc] GC(20769) Pause Young (Normal) (G1 Evacuation Pause) 51M->42M(63M) 4.707ms
Dec 25 04:51:45 untangle-main uvmconsole: [1340102.641s][info][gc] GC(20770) Pause Full (System.gc()) 43M->42M(63M) 62.721ms
Dec 25 04:54:06 untangle-main uvmconsole: [1340243.406s][info][gc] GC(20771) Pause Young (Normal) (G1 Evacuation Pause) 52M->42M(63M) 4.153ms
Dec 25 04:56:26 untangle-main uvmconsole: [1340383.403s][info][gc] GC(20772) Pause Young (Normal) (G1 Evacuation Pause) 51M->42M(63M) 1.844ms
Dec 25 04:56:45 untangle-main uvmconsole: [1340402.640s][info][gc] GC(20773) Pause Full (System.gc()) 43M->42M(63M) 62.947ms
Dec 25 04:59:08 untangle-main uvmconsole: [1340545.499s][info][gc] GC(20774) Pause Young (Normal) (G1 Evacuation Pause) 52M->42M(63M) 10.442ms
Dec 25 05:01:26 untangle-main uvmconsole: [1340683.414s][info][gc] GC(20775) Pause Young (Normal) (G1 Evacuation Pause) 51M->42M(63M) 4.504ms
Dec 25 05:01:45 untangle-main uvmconsole: [1340702.638s][info][gc] GC(20776) Pause Full (System.gc()) 43M->42M(63M) 60.799ms
Dec 25 05:04:06 untangle-main uvmconsole: [1340843.409s][info][gc] GC(20777) Pause Young (Normal) (G1 Evacuation Pause) 52M->42M(63M) 5.775ms
Dec 25 05:06:26 untangle-main uvmconsole: [1340983.405s][info][gc] GC(20778) Pause Young (Normal) (G1 Evacuation Pause) 51M->42M(63M) 5.161ms
Dec 25 05:06:45 untangle-main uvmconsole: [1341002.634s][info][gc] GC(20779) Pause Full (System.gc()) 43M->42M(63M) 57.019ms
Dec 25 05:09:02 untangle-main uvmconsole: [1341139.641s][info][gc] GC(20780) Pause Young (Normal) (G1 Evacuation Pause) 52M->42M(63M) 4.974ms
Dec 25 05:11:12 untangle-main uvmconsole: [1341269.732s][info][gc] GC(20781) Pause Young (Normal) (G1 Evacuation Pause) 51M->42M(63M) 4.440ms
Dec 25 05:11:45 untangle-main uvmconsole: [1341302.637s][info][gc] GC(20782) Pause Full (System.gc()) 44M->42M(63M) 57.641ms
Dec 25 05:14:16 untangle-main uvmconsole: [1341453.405s][info][gc] GC(20783) Pause Young (Normal) (G1 Evacuation Pause) 52M->42M(63M) 5.314ms
Dec 25 05:16:29 untangle-main uvmconsole: [1341586.520s][info][gc] GC(20784) Pause Young (Normal) (G1 Evacuation Pause) 51M->42M(63M) 4.920ms
Dec 25 05:16:45 untangle-main uvmconsole: [1341602.630s][info][gc] GC(20785) Pause Full (System.gc()) 43M->42M(63M) 51.074ms
Dec 25 05:19:16 untangle-main uvmconsole: [1341753.404s][info][gc] GC(20786) Pause Young (Normal) (G1 Evacuation Pause) 52M->42M(63M) 4.787ms
Dec 25 05:21:36 untangle-main uvmconsole: [1341893.408s][info][gc] GC(20787) Pause Young (Normal) (G1 Evacuation Pause) 51M->42M(63M) 5.160ms
Dec 25 05:21:45 untangle-main uvmconsole: [1341902.638s][info][gc] GC(20788) Pause Full (System.gc()) 42M->42M(63M) 61.166ms
Dec 25 05:24:31 untangle-main uvmconsole: [1342068.512s][info][gc] GC(20789) Pause Young (Normal) (G1 Evacuation Pause) 53M->42M(63M) 7.379ms
Dec 25 05:26:45 untangle-main uvmconsole: [1342202.642s][info][gc] GC(20790) Pause Full (System.gc()) 51M->42M(63M) 65.451ms
Dec 25 05:28:36 untangle-main uvmconsole: [1342313.403s][info][gc] GC(20791) Pause Young (Normal) (G1 Evacuation Pause) 50M->42M(63M) 3.422ms
Dec 25 05:30:22 untangle-main uvmconsole: [1342420.347s][info][gc] GC(20792) Pause Young (Normal) (G1 Evacuation Pause) 49M->42M(63M) 5.700ms
Dec 25 05:31:45 untangle-main uvmconsole: [1342502.646s][info][gc] GC(20793) Pause Full (System.gc()) 47M->42M(63M) 62.263ms
Dec 25 05:33:44 untangle-main uvmconsole: [1342621.726s][info][gc] GC(20794) Pause Young (Normal) (G1 Evacuation Pause) 50M->42M(63M) 40.616ms
Dec 25 05:35:26 untangle-main uvmconsole: [1342723.411s][info][gc] GC(20795) Pause Young (Normal) (G1 Evacuation Pause) 49M->42M(63M) 6.058ms
Dec 25 05:36:45 untangle-main uvmconsole: [1342802.642s][info][gc] GC(20796) Pause Full (System.gc()) 47M->42M(63M) 64.687ms
Dec 25 05:38:56 untangle-main uvmconsole: [1342933.406s][info][gc] GC(20797) Pause Young (Normal) (G1 Evacuation Pause) 51M->42M(63M) 4.644ms
Dec 25 05:40:56 untangle-main uvmconsole: [1343053.404s][info][gc] GC(20798) Pause Young (Normal) (G1 Evacuation Pause) 50M->42M(63M) 4.229ms
Dec 25 05:41:45 untangle-main uvmconsole: [1343102.640s][info][gc] GC(20799) Pause Full (System.gc()) 45M->42M(63M) 60.981ms
Dec 25 05:43:56 untangle-main uvmconsole: [1343233.409s][info][gc] GC(20800) Pause Young (Normal) (G1 Evacuation Pause) 51M->42M(63M) 6.366ms
Dec 25 05:45:47 untangle-main uvmconsole: [1343344.694s][info][gc] GC(20801) Pause Young (Normal) (G1 Evacuation Pause) 50M->42M(63M) 2.120ms
Dec 25 05:46:45 untangle-main uvmconsole: [1343402.662s][info][gc] GC(20802) Pause Full (System.gc()) 45M->42M(63M) 83.570ms
Dec 25 05:49:16 untangle-main uvmconsole: [1343553.402s][info][gc] GC(20803) Pause Young (Normal) (G1 Evacuation Pause) 52M->42M(63M) 2.450ms
Dec 25 05:51:30 untangle-main uvmconsole: [1343688.336s][info][gc] GC(20804) Pause Young (Normal) (G1 Evacuation Pause) 51M->42M(63M) 10.061ms
Dec 25 05:51:45 untangle-main uvmconsole: [1343702.647s][info][gc] GC(20805) Pause Full (System.gc()) 43M->42M(63M) 67.606ms
Dec 25 05:54:16 untangle-main uvmconsole: [1343853.405s][info][gc] GC(20806) Pause Young (Normal) (G1 Evacuation Pause) 52M->42M(63M) 4.297ms
Dec 25 05:56:31 untangle-main uvmconsole: [1343988.931s][info][gc] GC(20807) Pause Young (Normal) (G1 Evacuation Pause) 51M->42M(63M) 4.628ms
Dec 25 05:56:45 untangle-main uvmconsole: [1344002.638s][info][gc] GC(20808) Pause Full (System.gc()) 43M->42M(63M) 61.013ms
Dec 25 05:59:16 untangle-main uvmconsole: [1344153.405s][info][gc] GC(20809) Pause Young (Normal) (G1 Evacuation Pause) 52M->42M(63M) 5.354ms
Dec 25 06:01:26 untangle-main uvmconsole: [1344283.411s][info][gc] GC(20810) Pause Young (Normal) (G1 Evacuation Pause) 51M->42M(63M) 4.874ms
Dec 25 06:01:45 untangle-main uvmconsole: [1344302.625s][info][gc] GC(20811) Pause Full (System.gc()) 43M->42M(63M) 46.089ms
Dec 25 06:03:56 untangle-main uvmconsole: [1344433.408s][info][gc] GC(20812) Pause Young (Normal) (G1 Evacuation Pause) 51M->42M(63M) 7.225ms
Dec 25 06:05:56 untangle-main uvmconsole: [1344553.405s][info][gc] GC(20813) Pause Young (Normal) (G1 Evacuation Pause) 50M->42M(63M) 4.678ms
Dec 25 06:06:45 untangle-main uvmconsole: [1344602.633s][info][gc] GC(20814) Pause Full (System.gc()) 45M->42M(63M) 55.985ms
Dec 25 06:08:54 untangle-main uvmconsole: [1344731.584s][info][gc] GC(20815) Pause Young (Normal) (G1 Evacuation Pause) 51M->42M(63M) 6.420ms
Dec 25 06:10:47 untangle-main uvmconsole: [1344844.784s][info][gc] GC(20816) Pause Young (Normal) (G1 Evacuation Pause) 50M->42M(63M) 5.878ms
Dec 25 06:11:45 untangle-main uvmconsole: [1344902.618s][info][gc] GC(20817) Pause Full (System.gc()) 45M->42M(63M) 39.797ms
Dec 25 06:13:56 untangle-main uvmconsole: [1345033.414s][info][gc] GC(20818) Pause Young (Normal) (G1 Evacuation Pause) 51M->42M(63M) 4.953ms
Dec 25 06:15:57 untangle-main uvmconsole: [1345155.100s][info][gc] GC(20819) Pause Young (Normal) (G1 Evacuation Pause) 50M->42M(63M) 5.111ms
Dec 25 06:16:45 untangle-main uvmconsole: [1345202.637s][info][gc] GC(20820) Pause Full (System.gc()) 45M->42M(63M) 58.662ms
Dec 25 06:18:56 untangle-main uvmconsole: [1345333.407s][info][gc] GC(20821) Pause Young (Normal) (G1 Evacuation Pause) 51M->42M(63M) 4.495ms
Dec 25 06:20:56 untangle-main uvmconsole: [1345453.407s][info][gc] GC(20822) Pause Young (Normal) (G1 Evacuation Pause) 50M->42M(63M) 8.169ms
Dec 25 06:21:45 untangle-main uvmconsole: [1345502.645s][info][gc] GC(20823) Pause Full (System.gc()) 45M->42M(63M) 65.221ms
Dec 25 06:23:56 untangle-main uvmconsole: [1345633.405s][info][gc] GC(20824) Pause Young (Normal) (G1 Evacuation Pause) 51M->42M(63M) 2.369ms
Dec 25 06:25:56 untangle-main uvmconsole: [1345753.419s][info][gc] GC(20825) Pause Young (Normal) (G1 Evacuation Pause) 50M->42M(63M) 9.575ms
Dec 25 06:26:45 untangle-main uvmconsole: [1345802.638s][info][gc] GC(20826) Pause Full (System.gc()) 45M->42M(63M) 60.198ms
Dec 25 06:29:16 untangle-main uvmconsole: [1345953.406s][info][gc] GC(20827) Pause Young (Normal) (G1 Evacuation Pause) 52M->42M(63M) 5.607ms
Dec 25 06:31:31 untangle-main uvmconsole: [1346089.340s][info][gc] GC(20828) Pause Young (Normal) (G1 Evacuation Pause) 51M->42M(63M) 6.168ms
Dec 25 06:31:45 untangle-main uvmconsole: [1346102.619s][info][gc] GC(20829) Pause Full (System.gc()) 43M->42M(63M) 41.285ms
Dec 25 06:34:16 untangle-main uvmconsole: [1346253.405s][info][gc] GC(20830) Pause Young (Normal) (G1 Evacuation Pause) 52M->42M(63M) 4.504ms
Dec 25 06:36:26 untangle-main uvmconsole: [1346383.411s][info][gc] GC(20831) Pause Young (Normal) (G1 Evacuation Pause) 51M->42M(63M) 4.836ms
Dec 25 06:36:45 untangle-main uvmconsole: [1346402.645s][info][gc] GC(20832) Pause Full (System.gc()) 43M->42M(63M) 65.854ms
Dec 25 06:38:56 untangle-main uvmconsole: [1346534.091s][info][gc] GC(20833) Pause Young (Normal) (G1 Evacuation Pause) 52M->42M(63M) 4.984ms
Dec 25 06:41:16 untangle-main uvmconsole: [1346673.400s][info][gc] GC(20834) Pause Young (Normal) (G1 Evacuation Pause) 51M->42M(63M) 3.047ms
Dec 25 06:41:45 untangle-main uvmconsole: [1346702.624s][info][gc] GC(20835) Pause Full (System.gc()) 44M->42M(63M) 47.520ms
Dec 25 06:44:26 untangle-main uvmconsole: [1346863.407s][info][gc] GC(20836) Pause Young (Normal) (G1 Evacuation Pause) 53M->42M(63M) 4.124ms
Dec 25 06:46:45 untangle-main uvmconsole: [1347002.645s][info][gc] GC(20837) Pause Full (System.gc()) 51M->42M(63M) 67.194ms
Dec 25 06:48:46 untangle-main uvmconsole: [1347123.408s][info][gc] GC(20838) Pause Young (Normal) (G1 Evacuation Pause) 50M->42M(63M) 7.426ms
Dec 25 06:50:29 untangle-main uvmconsole: [1347226.733s][info][gc] GC(20839) Pause Young (Normal) (G1 Evacuation Pause) 49M->42M(63M) 7.881ms
Dec 25 06:51:45 untangle-main uvmconsole: [1347302.647s][info][gc] GC(20840) Pause Full (System.gc()) 47M->42M(63M) 66.672ms
Dec 25 06:54:06 untangle-main uvmconsole: [1347443.413s][info][gc] GC(20841) Pause Young (Normal) (G1 Evacuation Pause) 52M->42M(63M) 6.112ms
Dec 25 06:56:26 untangle-main uvmconsole: [1347583.401s][info][gc] GC(20842) Pause Young (Normal) (G1 Evacuation Pause) 51M->42M(63M) 2.725ms
Dec 25 06:56:45 untangle-main uvmconsole: [1347602.638s][info][gc] GC(20843) Pause Full (System.gc()) 43M->42M(63M) 60.175ms
Dec 25 06:58:56 untangle-main uvmconsole: [1347733.415s][info][gc] GC(20844) Pause Young (Normal) (G1 Evacuation Pause) 51M->42M(63M) 6.598ms
Dec 25 07:00:56 untangle-main uvmconsole: [1347853.417s][info][gc] GC(20845) Pause Young (Normal) (G1 Evacuation Pause) 50M->42M(63M) 5.451ms
Dec 25 07:01:45 untangle-main uvmconsole: [1347902.636s][info][gc] GC(20846) Pause Full (System.gc()) 45M->42M(63M) 59.293ms
Dec 25 07:04:16 untangle-main uvmconsole: [1348053.406s][info][gc] GC(20847) Pause Young (Normal) (G1 Evacuation Pause) 52M->42M(63M) 5.775ms
Dec 25 07:06:36 untangle-main uvmconsole: [1348193.402s][info][gc] GC(20848) Pause Young (Normal) (G1 Evacuation Pause) 51M->42M(63M) 4.627ms
Dec 25 07:06:45 untangle-main uvmconsole: [1348202.641s][info][gc] GC(20849) Pause Full (System.gc()) 43M->42M(63M) 63.390ms
Dec 25 07:09:22 untangle-main uvmconsole: [1348359.857s][info][gc] GC(20850) Pause Young (Normal) (G1 Evacuation Pause) 53M->42M(63M) 7.109ms
Dec 25 07:11:45 untangle-main uvmconsole: [1348502.639s][info][gc] GC(20851) Pause Full (System.gc()) 51M->42M(63M) 61.276ms
Dec 25 07:13:56 untangle-main uvmconsole: [1348633.411s][info][gc] GC(20852) Pause Young (Normal) (G1 Evacuation Pause) 51M->42M(63M) 5.788ms
Dec 25 07:15:56 untangle-main uvmconsole: [1348753.405s][info][gc] GC(20853) Pause Young (Normal) (G1 Evacuation Pause) 50M->42M(63M) 5.923ms
Dec 25 07:16:45 untangle-main uvmconsole: [1348802.636s][info][gc] GC(20854) Pause Full (System.gc()) 45M->42M(63M) 58.494ms
Dec 25 07:19:06 untangle-main uvmconsole: [1348943.754s][info][gc] GC(20855) Pause Young (Normal) (G1 Evacuation Pause) 52M->42M(63M) 6.338ms
Dec 25 07:21:26 untangle-main uvmconsole: [1349083.400s][info][gc] GC(20856) Pause Young (Normal) (G1 Evacuation Pause) 51M->42M(63M) 1.854ms
Dec 25 07:21:45 untangle-main uvmconsole: [1349102.637s][info][gc] GC(20857) Pause Full (System.gc()) 43M->42M(63M) 59.304ms
Dec 25 07:24:16 untangle-main uvmconsole: [1349253.402s][info][gc] GC(20858) Pause Young (Normal) (G1 Evacuation Pause) 52M->42M(63M) 2.853ms
Dec 25 07:26:36 untangle-main uvmconsole: [1349393.401s][info][gc] GC(20859) Pause Young (Normal) (G1 Evacuation Pause) 51M->42M(63M) 1.707ms
Dec 25 07:26:45 untangle-main uvmconsole: [1349402.636s][info][gc] GC(20860) Pause Full (System.gc()) 42M->42M(63M) 60.046ms
Dec 25 07:29:06 untangle-main uvmconsole: [1349544.370s][info][gc] GC(20861) Pause Young (Normal) (G1 Evacuation Pause) 52M->42M(63M) 3.251ms
Dec 25 07:31:19 untangle-main uvmconsole: [1349676.817s][info][gc] GC(20862) Pause Young (Normal) (G1 Evacuation Pause) 51M->42M(63M) 5.042ms
Dec 25 07:31:45 untangle-main uvmconsole: [1349702.639s][info][gc] GC(20863) Pause Full (System.gc()) 43M->42M(63M) 61.161ms
Dec 25 07:34:06 untangle-main uvmconsole: [1349844.298s][info][gc] GC(20864) Pause Young (Normal) (G1 Evacuation Pause) 52M->42M(63M) 2.506ms
Dec 25 07:36:26 untangle-main uvmconsole: [1349983.406s][info][gc] GC(20865) Pause Young (Normal) (G1 Evacuation Pause) 51M->42M(63M) 4.833ms
Dec 25 07:36:45 untangle-main uvmconsole: [1350002.641s][info][gc] GC(20866) Pause Full (System.gc()) 43M->42M(63M) 63.250ms
Dec 25 07:38:56 untangle-main uvmconsole: [1350133.403s][info][gc] GC(20867) Pause Young (Normal) (G1 Evacuation Pause) 51M->42M(63M) 4.486ms
Dec 25 07:40:56 untangle-main uvmconsole: [1350253.406s][info][gc] GC(20868) Pause Young (Normal) (G1 Evacuation Pause) 50M->42M(63M) 4.778ms
Dec 25 07:41:45 untangle-main uvmconsole: [1350302.617s][info][gc] GC(20869) Pause Full (System.gc()) 45M->42M(63M) 42.041ms
Dec 25 07:44:16 untangle-main uvmconsole: [1350453.408s][info][gc] GC(20870) Pause Young (Normal) (G1 Evacuation Pause) 52M->42M(63M) 6.620ms
Dec 25 07:46:27 untangle-main uvmconsole: [1350584.637s][info][gc] GC(20871) Pause Young (Normal) (G1 Evacuation Pause) 51M->42M(63M) 5.193ms
Dec 25 07:46:45 untangle-main uvmconsole: [1350602.642s][info][gc] GC(20872) Pause Full (System.gc()) 43M->42M(63M) 65.738ms
Dec 25 07:49:06 untangle-main uvmconsole: [1350743.409s][info][gc] GC(20873) Pause Young (Normal) (G1 Evacuation Pause) 52M->42M(63M) 3.794ms
Dec 25 07:51:17 untangle-main uvmconsole: [1350874.826s][info][gc] GC(20874) Pause Young (Normal) (G1 Evacuation Pause) 51M->42M(63M) 4.724ms
Dec 25 07:51:45 untangle-main uvmconsole: [1350902.652s][info][gc] GC(20875) Pause Full (System.gc()) 43M->42M(63M) 75.172ms
Dec 25 07:54:09 untangle-main uvmconsole: [1351046.564s][info][gc] GC(20876) Pause Young (Normal) (G1 Evacuation Pause) 52M->42M(63M) 6.045ms
Dec 25 07:56:26 untangle-main uvmconsole: [1351183.405s][info][gc] GC(20877) Pause Young (Normal) (G1 Evacuation Pause) 51M->42M(63M) 2.937ms
Dec 25 07:56:45 untangle-main uvmconsole: [1351202.651s][info][gc] GC(20878) Pause Full (System.gc()) 43M->42M(63M) 71.750ms
Dec 25 07:59:16 untangle-main uvmconsole: [1351353.407s][info][gc] GC(20879) Pause Young (Normal) (G1 Evacuation Pause) 52M->42M(63M) 6.024ms
Dec 25 08:01:36 untangle-main uvmconsole: [1351493.408s][info][gc] GC(20880) Pause Young (Normal) (G1 Evacuation Pause) 51M->42M(63M) 7.737ms
Dec 25 08:01:45 untangle-main uvmconsole: [1351502.638s][info][gc] GC(20881) Pause Full (System.gc()) 43M->42M(63M) 61.379ms
Dec 25 08:03:56 untangle-main uvmconsole: [1351633.414s][info][gc] GC(20882) Pause Young (Normal) (G1 Evacuation Pause) 51M->42M(63M) 4.379ms
Dec 25 08:05:56 untangle-main uvmconsole: [1351753.413s][info][gc] GC(20883) Pause Young (Normal) (G1 Evacuation Pause) 50M->42M(63M) 6.640ms
Dec 25 08:06:45 untangle-main uvmconsole: [1351802.626s][info][gc] GC(20884) Pause Full (System.gc()) 45M->42M(63M) 49.912ms
Dec 25 08:09:03 untangle-main uvmconsole: [1351940.557s][info][gc] GC(20885) Pause Young (Normal) (G1 Evacuation Pause) 52M->42M(63M) 1.748ms
Dec 25 08:11:16 untangle-main uvmconsole: [1352073.420s][info][gc] GC(20886) Pause Young (Normal) (G1 Evacuation Pause) 51M->42M(63M) 12.889ms
Dec 25 08:11:45 untangle-main uvmconsole: [1352102.641s][info][gc] GC(20887) Pause Full (System.gc()) 44M->42M(63M) 64.042ms
Dec 25 08:13:56 untangle-main uvmconsole: [1352233.416s][info][gc] GC(20888) Pause Young (Normal) (G1 Evacuation Pause) 51M->42M(63M) 6.373ms
Dec 25 08:15:58 untangle-main uvmconsole: [1352355.638s][info][gc] GC(20889) Pause Young (Normal) (G1 Evacuation Pause) 50M->42M(63M) 4.465ms
Dec 25 08:16:45 untangle-main uvmconsole: [1352402.640s][info][gc] GC(20890) Pause Full (System.gc()) 45M->42M(63M) 62.072ms
Dec 25 08:18:56 untangle-main uvmconsole: [1352533.416s][info][gc] GC(20891) Pause Young (Normal) (G1 Evacuation Pause) 51M->42M(63M) 6.977ms
Dec 25 08:20:59 untangle-main uvmconsole: [1352657.348s][info][gc] GC(20892) Pause Young (Normal) (G1 Evacuation Pause) 50M->42M(63M) 4.199ms
Dec 25 08:21:45 untangle-main uvmconsole: [1352702.635s][info][gc] GC(20893) Pause Full (System.gc()) 45M->42M(63M) 56.146ms
Dec 25 08:24:06 untangle-main uvmconsole: [1352843.407s][info][gc] GC(20894) Pause Young (Normal) (G1 Evacuation Pause) 52M->42M(63M) 4.857ms
Dec 25 08:26:16 untangle-main uvmconsole: [1352973.404s][info][gc] GC(20895) Pause Young (Normal) (G1 Evacuation Pause) 51M->42M(63M) 3.911ms
Dec 25 08:26:45 untangle-main uvmconsole: [1353002.637s][info][gc] GC(20896) Pause Full (System.gc()) 44M->42M(63M) 60.374ms
Dec 25 08:29:16 untangle-main uvmconsole: [1353153.405s][info][gc] GC(20897) Pause Young (Normal) (G1 Evacuation Pause) 52M->42M(63M) 5.475ms
Dec 25 08:31:30 untangle-main uvmconsole: [1353287.889s][info][gc] GC(20898) Pause Young (Normal) (G1 Evacuation Pause) 51M->42M(63M) 9.044ms
Dec 25 08:31:45 untangle-main uvmconsole: [1353302.638s][info][gc] GC(20899) Pause Full (System.gc()) 43M->42M(63M) 59.509ms
Dec 25 08:34:16 untangle-main uvmconsole: [1353453.424s][info][gc] GC(20900) Pause Young (Normal) (G1 Evacuation Pause) 52M->42M(63M) 23.186ms
Dec 25 08:36:36 untangle-main uvmconsole: [1353593.406s][info][gc] GC(20901) Pause Young (Normal) (G1 Evacuation Pause) 51M->42M(63M) 4.999ms
Dec 25 08:36:45 untangle-main uvmconsole: [1353602.638s][info][gc] GC(20902) Pause Full (System.gc()) 42M->42M(63M) 59.928ms
Dec 25 08:39:06 untangle-main uvmconsole: [1353743.410s][info][gc] GC(20903) Pause Young (Normal) (G1 Evacuation Pause) 52M->42M(63M) 5.080ms
Dec 25 08:41:16 untangle-main uvmconsole: [1353873.410s][info][gc] GC(20904) Pause Young (Normal) (G1 Evacuation Pause) 51M->42M(63M) 6.063ms
Dec 25 08:41:45 untangle-main uvmconsole: [1353902.619s][info][gc] GC(20905) Pause Full (System.gc()) 44M->42M(63M) 41.675ms
Dec 25 08:44:09 untangle-main uvmconsole: [1354046.505s][info][gc] GC(20906) Pause Young (Normal) (G1 Evacuation Pause) 52M->42M(63M) 23.244ms
Dec 25 08:46:26 untangle-main uvmconsole: [1354183.412s][info][gc] GC(20907) Pause Young (Normal) (G1 Evacuation Pause) 51M->42M(63M) 6.439ms
Dec 25 08:46:45 untangle-main uvmconsole: [1354202.650s][info][gc] GC(20908) Pause Full (System.gc()) 43M->42M(63M) 72.833ms
Dec 25 08:48:56 untangle-main uvmconsole: [1354333.411s][info][gc] GC(20909) Pause Young (Normal) (G1 Evacuation Pause) 51M->42M(63M) 4.866ms
Dec 25 08:50:56 untangle-main uvmconsole: [1354453.414s][info][gc] GC(20910) Pause Young (Normal) (G1 Evacuation Pause) 50M->42M(63M) 6.807ms
Dec 25 08:51:45 untangle-main uvmconsole: [1354502.646s][info][gc] GC(20911) Pause Full (System.gc()) 45M->42M(63M) 66.090ms
Dec 25 08:53:56 untangle-main uvmconsole: [1354633.418s][info][gc] GC(20912) Pause Young (Normal) (G1 Evacuation Pause) 51M->42M(63M) 16.820ms
Dec 25 08:55:56 untangle-main uvmconsole: [1354753.420s][info][gc] GC(20913) Pause Young (Normal) (G1 Evacuation Pause) 50M->42M(63M) 7.086ms
Dec 25 08:56:45 untangle-main uvmconsole: [1354802.650s][info][gc] GC(20914) Pause Full (System.gc()) 45M->42M(63M) 71.900ms
Dec 25 08:59:07 untangle-main uvmconsole: [1354944.385s][info][gc] GC(20915) Pause Young (Normal) (G1 Evacuation Pause) 52M->42M(63M) 6.973ms
Dec 25 09:01:19 untangle-main uvmconsole: [1355077.046s][info][gc] GC(20916) Pause Young (Normal) (G1 Evacuation Pause) 51M->42M(63M) 6.924ms
Dec 25 09:01:45 untangle-main uvmconsole: [1355102.647s][info][gc] GC(20917) Pause Full (System.gc()) 43M->42M(63M) 70.500ms
Dec 25 09:04:16 untangle-main uvmconsole: [1355253.409s][info][gc] GC(20918) Pause Young (Normal) (G1 Evacuation Pause) 52M->42M(63M) 8.000ms
Dec 25 09:06:29 untangle-main uvmconsole: [1355387.211s][info][gc] GC(20919) Pause Young (Normal) (G1 Evacuation Pause) 51M->42M(63M) 5.803ms
Dec 25 09:06:45 untangle-main uvmconsole: [1355402.654s][info][gc] GC(20920) Pause Full (System.gc()) 43M->42M(63M) 75.931ms
Dec 25 09:09:06 untangle-main uvmconsole: [1355543.413s][info][gc] GC(20921) Pause Young (Normal) (G1 Evacuation Pause) 52M->42M(63M) 5.906ms
Dec 25 09:11:26 untangle-main uvmconsole: [1355683.405s][info][gc] GC(20922) Pause Young (Normal) (G1 Evacuation Pause) 51M->42M(63M) 4.660ms
Dec 25 09:11:45 untangle-main uvmconsole: [1355702.639s][info][gc] GC(20923) Pause Full (System.gc()) 43M->42M(63M) 60.638ms
Dec 25 09:14:07 untangle-main uvmconsole: [1355845.299s][info][gc] GC(20924) Pause Young (Normal) (G1 Evacuation Pause) 52M->42M(63M) 5.248ms
Dec 25 09:16:26 untangle-main uvmconsole: [1355983.407s][info][gc] GC(20925) Pause Young (Normal) (G1 Evacuation Pause) 51M->42M(63M) 6.905ms
Dec 25 09:16:45 untangle-main uvmconsole: [1356002.644s][info][gc] GC(20926) Pause Full (System.gc()) 43M->42M(63M) 64.363ms
Dec 25 09:19:10 untangle-main uvmconsole: [1356147.657s][info][gc] GC(20927) Pause Young (Normal) (G1 Evacuation Pause) 52M->42M(63M) 5.049ms
Dec 25 09:21:28 untangle-main uvmconsole: [1356285.717s][info][gc] GC(20928) Pause Young (Normal) (G1 Evacuation Pause) 51M->42M(63M) 11.387ms
Dec 25 09:21:45 untangle-main uvmconsole: [1356302.632s][info][gc] GC(20929) Pause Full (System.gc()) 43M->42M(63M) 54.605ms
Dec 25 09:24:11 untangle-main uvmconsole: [1356448.707s][info][gc] GC(20930) Pause Young (Normal) (G1 Evacuation Pause) 52M->42M(63M) 5.201ms
Dec 25 09:26:27 untangle-main uvmconsole: [1356585.157s][info][gc] GC(20931) Pause Young (Normal) (G1 Evacuation Pause) 51M->42M(63M) 2.631ms
Dec 25 09:26:45 untangle-main uvmconsole: [1356602.633s][info][gc] GC(20932) Pause Full (System.gc()) 43M->42M(63M) 54.775ms
Dec 25 09:29:16 untangle-main uvmconsole: [1356753.406s][info][gc] GC(20933) Pause Young (Normal) (G1 Evacuation Pause) 52M->42M(63M) 7.182ms
Dec 25 09:31:29 untangle-main uvmconsole: [1356886.998s][info][gc] GC(20934) Pause Young (Normal) (G1 Evacuation Pause) 51M->42M(63M) 3.143ms
Dec 25 09:31:45 untangle-main uvmconsole: [1356902.616s][info][gc] GC(20935) Pause Full (System.gc()) 43M->42M(63M) 40.091ms
Dec 25 09:34:06 untangle-main uvmconsole: [1357043.410s][info][gc] GC(20936) Pause Young (Normal) (G1 Evacuation Pause) 52M->42M(63M) 5.337ms
Dec 25 09:36:19 untangle-main uvmconsole: [1357176.599s][info][gc] GC(20937) Pause Young (Normal) (G1 Evacuation Pause) 51M->42M(63M) 5.707ms
Dec 25 09:36:45 untangle-main uvmconsole: [1357202.639s][info][gc] GC(20938) Pause Full (System.gc()) 43M->42M(63M) 60.730ms
Dec 25 09:39:06 untangle-main uvmconsole: [1357343.411s][info][gc] GC(20939) Pause Young (Normal) (G1 Evacuation Pause) 52M->42M(63M) 5.650ms
Dec 25 09:41:26 untangle-main uvmconsole: [1357483.404s][info][gc] GC(20940) Pause Young (Normal) (G1 Evacuation Pause) 51M->42M(63M) 4.583ms
Dec 25 09:41:45 untangle-main uvmconsole: [1357502.632s][info][gc] GC(20941) Pause Full (System.gc()) 43M->42M(63M) 53.242ms
Dec 25 09:44:16 untangle-main uvmconsole: [1357653.409s][info][gc] GC(20942) Pause Young (Normal) (G1 Evacuation Pause) 52M->42M(63M) 7.243ms
Dec 25 09:46:36 untangle-main uvmconsole: [1357793.408s][info][gc] GC(20943) Pause Young (Normal) (G1 Evacuation Pause) 51M->42M(63M) 6.793ms
Dec 25 09:46:45 untangle-main uvmconsole: [1357802.647s][info][gc] GC(20944) Pause Full (System.gc()) 42M->42M(63M) 69.287ms
Dec 25 09:49:09 untangle-main uvmconsole: [1357947.326s][info][gc] GC(20945) Pause Young (Normal) (G1 Evacuation Pause) 52M->42M(63M) 7.282ms
Dec 25 09:51:25 untangle-main uvmconsole: [1358082.464s][info][gc] GC(20946) Pause Young (Normal) (G1 Evacuation Pause) 51M->42M(63M) 3.826ms
Dec 25 09:51:45 untangle-main uvmconsole: [1358102.645s][info][gc] GC(20947) Pause Full (System.gc()) 43M->42M(63M) 67.219ms
Dec 25 09:54:06 untangle-main uvmconsole: [1358243.406s][info][gc] GC(20948) Pause Young (Normal) (G1 Evacuation Pause) 52M->42M(63M) 3.318ms
Dec 25 09:56:26 untangle-main uvmconsole: [1358383.406s][info][gc] GC(20949) Pause Young (Normal) (G1 Evacuation Pause) 51M->42M(63M) 3.061ms
Dec 25 09:56:45 untangle-main uvmconsole: [1358402.644s][info][gc] GC(20950) Pause Full (System.gc()) 43M->42M(63M) 64.462ms
Dec 25 09:58:56 untangle-main uvmconsole: [1358533.413s][info][gc] GC(20951) Pause Young (Normal) (G1 Evacuation Pause) 51M->42M(63M) 4.980ms
Dec 25 10:00:56 untangle-main uvmconsole: [1358653.406s][info][gc] GC(20952) Pause Young (Normal) (G1 Evacuation Pause) 50M->42M(63M) 2.320ms
Dec 25 10:01:45 untangle-main uvmconsole: [1358702.621s][info][gc] GC(20953) Pause Full (System.gc()) 45M->42M(63M) 42.826ms
Dec 25 10:04:16 untangle-main uvmconsole: [1358853.408s][info][gc] GC(20954) Pause Young (Normal) (G1 Evacuation Pause) 52M->42M(63M) 6.996ms
Dec 25 10:06:36 untangle-main uvmconsole: [1358993.406s][info][gc] GC(20955) Pause Young (Normal) (G1 Evacuation Pause) 51M->42M(63M) 5.363ms
Dec 25 10:06:45 untangle-main uvmconsole: [1359002.646s][info][gc] GC(20956) Pause Full (System.gc()) 43M->42M(63M) 66.792ms
Dec 25 10:09:01 untangle-main uvmconsole: [1359139.165s][info][gc] GC(20957) Pause Young (Normal) (G1 Evacuation Pause) 52M->42M(63M) 1.899ms
Dec 25 10:11:11 untangle-main uvmconsole: [1359269.255s][info][gc] GC(20958) Pause Young (Normal) (G1 Evacuation Pause) 51M->42M(63M) 5.035ms
Dec 25 10:11:45 untangle-main uvmconsole: [1359302.620s][info][gc] GC(20959) Pause Full (System.gc()) 44M->42M(63M) 41.598ms
Dec 25 10:14:16 untangle-main uvmconsole: [1359453.406s][info][gc] GC(20960) Pause Young (Normal) (G1 Evacuation Pause) 52M->42M(63M) 5.110ms
Dec 25 10:16:26 untangle-main uvmconsole: [1359583.775s][info][gc] GC(20961) Pause Young (Normal) (G1 Evacuation Pause) 51M->42M(63M) 5.748ms
Dec 25 10:16:45 untangle-main uvmconsole: [1359602.645s][info][gc] GC(20962) Pause Full (System.gc()) 43M->42M(63M) 65.357ms
Dec 25 10:19:16 untangle-main uvmconsole: [1359753.404s][info][gc] GC(20963) Pause Young (Normal) (G1 Evacuation Pause) 52M->42M(63M) 4.524ms
Dec 25 10:21:36 untangle-main uvmconsole: [1359893.406s][info][gc] GC(20964) Pause Young (Normal) (G1 Evacuation Pause) 51M->42M(63M) 5.022ms
Dec 25 10:21:45 untangle-main uvmconsole: [1359902.637s][info][gc] GC(20965) Pause Full (System.gc()) 43M->42M(63M) 59.719ms
Dec 25 10:24:16 untangle-main uvmconsole: [1360053.404s][info][gc] GC(20966) Pause Young (Normal) (G1 Evacuation Pause) 52M->42M(63M) 4.506ms
Dec 25 10:26:26 untangle-main uvmconsole: [1360183.402s][info][gc] GC(20967) Pause Young (Normal) (G1 Evacuation Pause) 51M->42M(63M) 1.983ms
Dec 25 10:26:45 untangle-main uvmconsole: [1360202.641s][info][gc] GC(20968) Pause Full (System.gc()) 43M->42M(63M) 60.481ms
Dec 25 10:29:06 untangle-main uvmconsole: [1360343.415s][info][gc] GC(20969) Pause Young (Normal) (G1 Evacuation Pause) 52M->42M(63M) 7.400ms
Dec 25 10:31:26 untangle-main uvmconsole: [1360483.411s][info][gc] GC(20970) Pause Young (Normal) (G1 Evacuation Pause) 51M->42M(63M) 6.830ms
Dec 25 10:31:45 untangle-main uvmconsole: [1360502.641s][info][gc] GC(20971) Pause Full (System.gc()) 43M->42M(63M) 61.734ms
Dec 25 10:34:12 untangle-main uvmconsole: [1360649.840s][info][gc] GC(20972) Pause Young (Normal) (G1 Evacuation Pause) 52M->42M(63M) 46.603ms
Dec 25 10:36:27 untangle-main uvmconsole: [1360784.511s][info][gc] GC(20973) Pause Young (Normal) (G1 Evacuation Pause) 51M->42M(63M) 5.156ms
Dec 25 10:36:45 untangle-main uvmconsole: [1360802.638s][info][gc] GC(20974) Pause Full (System.gc()) 43M->42M(63M) 61.958ms
Dec 25 10:38:56 untangle-main uvmconsole: [1360933.404s][info][gc] GC(20975) Pause Young (Normal) (G1 Evacuation Pause) 51M->42M(63M) 5.140ms
Dec 25 10:40:56 untangle-main uvmconsole: [1361053.406s][info][gc] GC(20976) Pause Young (Normal) (G1 Evacuation Pause) 50M->42M(63M) 5.264ms
Dec 25 10:41:45 untangle-main uvmconsole: [1361102.623s][info][gc] GC(20977) Pause Full (System.gc()) 45M->42M(63M) 46.271ms
Dec 25 10:43:55 untangle-main uvmconsole: [1361232.454s][info][gc] GC(20978) Pause Young (Normal) (G1 Evacuation Pause) 51M->42M(63M) 3.850ms
Dec 25 10:45:46 untangle-main uvmconsole: [1361343.445s][info][gc] GC(20979) Pause Young (Normal) (G1 Evacuation Pause) 50M->42M(63M) 36.221ms
Dec 25 10:46:45 untangle-main uvmconsole: [1361402.645s][info][gc] GC(20980) Pause Full (System.gc()) 46M->42M(63M) 66.840ms
Dec 25 10:48:56 untangle-main uvmconsole: [1361533.414s][info][gc] GC(20981) Pause Young (Normal) (G1 Evacuation Pause) 51M->42M(63M) 4.648ms
Dec 25 10:50:56 untangle-main uvmconsole: [1361654.300s][info][gc] GC(20982) Pause Young (Normal) (G1 Evacuation Pause) 50M->42M(63M) 4.684ms
Dec 25 10:51:45 untangle-main uvmconsole: [1361702.642s][info][gc] GC(20983) Pause Full (System.gc()) 45M->42M(63M) 62.929ms
Dec 25 10:53:56 untangle-main uvmconsole: [1361833.403s][info][gc] GC(20984) Pause Young (Normal) (G1 Evacuation Pause) 51M->42M(63M) 1.635ms
Dec 25 10:55:56 untangle-main uvmconsole: [1361953.419s][info][gc] GC(20985) Pause Young (Normal) (G1 Evacuation Pause) 50M->42M(63M) 15.889ms
Dec 25 10:56:45 untangle-main uvmconsole: [1362002.619s][info][gc] GC(20986) Pause Full (System.gc()) 45M->42M(63M) 39.528ms
Dec 25 10:59:16 untangle-main uvmconsole: [1362153.408s][info][gc] GC(20987) Pause Young (Normal) (G1 Evacuation Pause) 52M->42M(63M) 5.048ms
Dec 25 11:01:26 untangle-main uvmconsole: [1362283.407s][info][gc] GC(20988) Pause Young (Normal) (G1 Evacuation Pause) 51M->42M(63M) 5.028ms
Dec 25 11:01:45 untangle-main uvmconsole: [1362302.644s][info][gc] GC(20989) Pause Full (System.gc()) 43M->42M(63M) 63.503ms
Dec 25 11:04:13 untangle-main uvmconsole: [1362450.574s][info][gc] GC(20990) Pause Young (Normal) (G1 Evacuation Pause) 52M->42M(63M) 5.239ms
Dec 25 11:06:26 untangle-main uvmconsole: [1362583.420s][info][gc] GC(20991) Pause Young (Normal) (G1 Evacuation Pause) 51M->42M(63M) 11.798ms
Dec 25 11:06:45 untangle-main uvmconsole: [1362602.642s][info][gc] GC(20992) Pause Full (System.gc()) 43M->42M(63M) 64.826ms
Dec 25 11:09:06 untangle-main uvmconsole: [1362743.405s][info][gc] GC(20993) Pause Young (Normal) (G1 Evacuation Pause) 52M->42M(63M) 5.570ms
Dec 25 11:11:23 untangle-main uvmconsole: [1362881.199s][info][gc] GC(20994) Pause Young (Normal) (G1 Evacuation Pause) 51M->42M(63M) 5.882ms
Dec 25 11:11:45 untangle-main uvmconsole: [1362902.616s][info][gc] GC(20995) Pause Full (System.gc()) 43M->42M(63M) 38.843ms
Dec 25 11:14:16 untangle-main uvmconsole: [1363053.404s][info][gc] GC(20996) Pause Young (Normal) (G1 Evacuation Pause) 52M->42M(63M) 4.523ms
Dec 25 11:16:36 untangle-main uvmconsole: [1363193.404s][info][gc] GC(20997) Pause Young (Normal) (G1 Evacuation Pause) 51M->42M(63M) 4.791ms
Dec 25 11:16:45 untangle-main uvmconsole: [1363202.640s][info][gc] GC(20998) Pause Full (System.gc()) 43M->42M(63M) 62.841ms
Dec 25 11:19:06 untangle-main uvmconsole: [1363343.412s][info][gc] GC(20999) Pause Young (Normal) (G1 Evacuation Pause) 52M->42M(63M) 4.531ms
Dec 25 11:21:20 untangle-main uvmconsole: [1363477.654s][info][gc] GC(21000) Pause Young (Normal) (G1 Evacuation Pause) 51M->42M(63M) 2.942ms
Dec 25 11:21:45 untangle-main uvmconsole: [1363502.643s][info][gc] GC(21001) Pause Full (System.gc()) 43M->42M(63M) 64.048ms
Dec 25 11:24:16 untangle-main uvmconsole: [1363653.401s][info][gc] GC(21002) Pause Young (Normal) (G1 Evacuation Pause) 52M->42M(63M) 1.809ms
Dec 25 11:26:30 untangle-main uvmconsole: [1363787.949s][info][gc] GC(21003) Pause Young (Normal) (G1 Evacuation Pause) 51M->42M(63M) 3.797ms
Dec 25 11:26:45 untangle-main uvmconsole: [1363802.643s][info][gc] GC(21004) Pause Full (System.gc()) 43M->42M(63M) 64.458ms
Dec 25 11:29:16 untangle-main uvmconsole: [1363953.412s][info][gc] GC(21005) Pause Young (Normal) (G1 Evacuation Pause) 52M->42M(63M) 14.351ms
Dec 25 11:31:36 untangle-main uvmconsole: [1364093.399s][info][gc] GC(21006) Pause Young (Normal) (G1 Evacuation Pause) 51M->42M(63M) 2.106ms
Dec 25 11:31:45 untangle-main uvmconsole: [1364102.652s][info][gc] GC(21007) Pause Full (System.gc()) 42M->42M(63M) 74.897ms
Dec 25 11:34:07 untangle-main uvmconsole: [1364244.966s][info][gc] GC(21008) Pause Young (Normal) (G1 Evacuation Pause) 52M->42M(63M) 4.347ms
Dec 25 11:36:25 untangle-main uvmconsole: [1364383.128s][info][gc] GC(21009) Pause Young (Normal) (G1 Evacuation Pause) 51M->42M(63M) 4.304ms
Dec 25 11:36:45 untangle-main uvmconsole: [1364402.632s][info][gc] GC(21010) Pause Full (System.gc()) 43M->42M(63M) 53.297ms
Dec 25 11:39:04 untangle-main uvmconsole: [1364542.045s][info][gc] GC(21011) Pause Young (Normal) (G1 Evacuation Pause) 52M->42M(63M) 2.146ms
Dec 25 11:41:16 untangle-main uvmconsole: [1364673.414s][info][gc] GC(21012) Pause Young (Normal) (G1 Evacuation Pause) 51M->42M(63M) 9.094ms
Dec 25 11:41:45 untangle-main uvmconsole: [1364702.619s][info][gc] GC(21013) Pause Full (System.gc()) 43M->42M(63M) 43.990ms
Dec 25 11:44:08 untangle-main uvmconsole: [1364845.852s][info][gc] GC(21014) Pause Young (Normal) (G1 Evacuation Pause) 52M->42M(63M) 7.500ms
Dec 25 11:46:26 untangle-main uvmconsole: [1364983.403s][info][gc] GC(21015) Pause Young (Normal) (G1 Evacuation Pause) 51M->42M(63M) 1.946ms
Dec 25 11:46:45 untangle-main uvmconsole: [1365002.639s][info][gc] GC(21016) Pause Full (System.gc()) 43M->42M(63M) 61.899ms
Dec 25 11:49:16 untangle-main uvmconsole: [1365153.407s][info][gc] GC(21017) Pause Young (Normal) (G1 Evacuation Pause) 52M->42M(63M) 5.031ms
Dec 25 11:51:27 untangle-main uvmconsole: [1365285.099s][info][gc] GC(21018) Pause Young (Normal) (G1 Evacuation Pause) 51M->42M(63M) 5.509ms
Dec 25 11:51:45 untangle-main uvmconsole: [1365302.641s][info][gc] GC(21019) Pause Full (System.gc()) 43M->42M(63M) 63.630ms
Dec 25 11:54:06 untangle-main uvmconsole: [1365443.405s][info][gc] GC(21020) Pause Young (Normal) (G1 Evacuation Pause) 52M->42M(63M) 4.814ms
Dec 25 11:56:16 untangle-main uvmconsole: [1365573.410s][info][gc] GC(21021) Pause Young (Normal) (G1 Evacuation Pause) 51M->42M(63M) 5.322ms
Dec 25 11:56:45 untangle-main uvmconsole: [1365602.644s][info][gc] GC(21022) Pause Full (System.gc()) 43M->42M(63M) 67.789ms
Dec 25 11:59:12 untangle-main uvmconsole: [1365749.934s][info][gc] GC(21023) Pause Young (Normal) (G1 Evacuation Pause) 52M->42M(63M) 5.745ms
Dec 25 12:01:26 untangle-main uvmconsole: [1365883.408s][info][gc] GC(21024) Pause Young (Normal) (G1 Evacuation Pause) 51M->42M(63M) 5.114ms
Dec 25 12:01:45 untangle-main uvmconsole: [1365902.642s][info][gc] GC(21025) Pause Full (System.gc()) 43M->42M(63M) 65.757ms
Dec 25 12:04:16 untangle-main uvmconsole: [1366053.407s][info][gc] GC(21026) Pause Young (Normal) (G1 Evacuation Pause) 52M->42M(63M) 4.495ms
Dec 25 12:06:36 untangle-main uvmconsole: [1366193.407s][info][gc] GC(21027) Pause Young (Normal) (G1 Evacuation Pause) 51M->42M(63M) 8.135ms
Dec 25 12:06:45 untangle-main uvmconsole: [1366202.645s][info][gc] GC(21028) Pause Full (System.gc()) 42M->42M(63M) 67.190ms
Dec 25 12:09:06 untangle-main uvmconsole: [1366343.410s][info][gc] GC(21029) Pause Young (Normal) (G1 Evacuation Pause) 52M->42M(63M) 6.823ms
Dec 25 12:11:16 untangle-main uvmconsole: [1366473.566s][info][gc] GC(21030) Pause Young (Normal) (G1 Evacuation Pause) 51M->42M(63M) 3.658ms
Dec 25 12:11:45 untangle-main uvmconsole: [1366502.632s][info][gc] GC(21031) Pause Full (System.gc()) 43M->42M(63M) 53.630ms
Dec 25 12:14:06 untangle-main uvmconsole: [1366643.411s][info][gc] GC(21032) Pause Young (Normal) (G1 Evacuation Pause) 52M->42M(63M) 4.786ms
Dec 25 12:16:26 untangle-main uvmconsole: [1366783.402s][info][gc] GC(21033) Pause Young (Normal) (G1 Evacuation Pause) 51M->42M(63M) 2.639ms
Dec 25 12:16:45 untangle-main uvmconsole: [1366802.644s][info][gc] GC(21034) Pause Full (System.gc()) 43M->42M(63M) 67.162ms
Dec 25 12:19:06 untangle-main uvmconsole: [1366943.834s][info][gc] GC(21035) Pause Young (Normal) (G1 Evacuation Pause) 52M->42M(63M) 6.037ms
Dec 25 12:21:26 untangle-main uvmconsole: [1367083.412s][info][gc] GC(21036) Pause Young (Normal) (G1 Evacuation Pause) 51M->42M(63M) 6.298ms
Dec 25 12:21:45 untangle-main uvmconsole: [1367102.639s][info][gc] GC(21037) Pause Full (System.gc()) 43M->42M(63M) 61.142ms
Dec 25 12:23:56 untangle-main uvmconsole: [1367233.405s][info][gc] GC(21038) Pause Young (Normal) (G1 Evacuation Pause) 51M->42M(63M) 3.324ms
Dec 25 12:25:56 untangle-main uvmconsole: [1367353.412s][info][gc] GC(21039) Pause Young (Normal) (G1 Evacuation Pause) 50M->42M(63M) 5.103ms
Dec 25 12:26:45 untangle-main uvmconsole: [1367402.637s][info][gc] GC(21040) Pause Full (System.gc()) 45M->42M(63M) 60.835ms
Dec 25 12:29:06 untangle-main uvmconsole: [1367544.127s][info][gc] GC(21041) Pause Young (Normal) (G1 Evacuation Pause) 52M->42M(63M) 4.736ms
Dec 25 12:31:26 untangle-main uvmconsole: [1367683.404s][info][gc] GC(21042) Pause Young (Normal) (G1 Evacuation Pause) 51M->42M(63M) 4.698ms
Dec 25 12:31:45 untangle-main uvmconsole: [1367702.633s][info][gc] GC(21043) Pause Full (System.gc()) 43M->42M(63M) 55.688ms
Dec 25 12:34:16 untangle-main uvmconsole: [1367853.405s][info][gc] GC(21044) Pause Young (Normal) (G1 Evacuation Pause) 52M->42M(63M) 5.521ms
Dec 25 12:36:26 untangle-main uvmconsole: [1367983.410s][info][gc] GC(21045) Pause Young (Normal) (G1 Evacuation Pause) 51M->42M(63M) 5.651ms
Dec 25 12:36:45 untangle-main uvmconsole: [1368002.617s][info][gc] GC(21046) Pause Full (System.gc()) 43M->42M(63M) 38.290ms
Dec 25 12:39:06 untangle-main uvmconsole: [1368143.402s][info][gc] GC(21047) Pause Young (Normal) (G1 Evacuation Pause) 52M->42M(63M) 1.736ms
Dec 25 12:41:24 untangle-main uvmconsole: [1368282.081s][info][gc] GC(21048) Pause Young (Normal) (G1 Evacuation Pause) 51M->42M(63M) 6.071ms
Dec 25 12:41:45 untangle-main uvmconsole: [1368302.635s][info][gc] GC(21049) Pause Full (System.gc()) 43M->42M(63M) 58.022ms
Dec 25 12:44:07 untangle-main uvmconsole: [1368444.554s][info][gc] GC(21050) Pause Young (Normal) (G1 Evacuation Pause) 52M->42M(63M) 4.381ms
Dec 25 12:46:26 untangle-main uvmconsole: [1368583.401s][info][gc] GC(21051) Pause Young (Normal) (G1 Evacuation Pause) 51M->42M(63M) 1.489ms
Dec 25 12:46:45 untangle-main uvmconsole: [1368602.648s][info][gc] GC(21052) Pause Full (System.gc()) 43M->42M(63M) 69.149ms
Dec 25 12:49:06 untangle-main uvmconsole: [1368743.403s][info][gc] GC(21053) Pause Young (Normal) (G1 Evacuation Pause) 52M->42M(63M) 1.641ms
Dec 25 12:51:26 untangle-main uvmconsole: [1368883.402s][info][gc] GC(21054) Pause Young (Normal) (G1 Evacuation Pause) 51M->42M(63M) 3.396ms
Dec 25 12:51:45 untangle-main uvmconsole: [1368902.639s][info][gc] GC(21055) Pause Full (System.gc()) 43M->42M(63M) 59.825ms
Dec 25 12:53:56 untangle-main uvmconsole: [1369033.412s][info][gc] GC(21056) Pause Young (Normal) (G1 Evacuation Pause) 51M->42M(63M) 4.610ms
Dec 25 12:55:56 untangle-main uvmconsole: [1369153.412s][info][gc] GC(21057) Pause Young (Normal) (G1 Evacuation Pause) 50M->42M(63M) 4.097ms
Dec 25 12:56:45 untangle-main uvmconsole: [1369202.641s][info][gc] GC(21058) Pause Full (System.gc()) 45M->42M(63M) 61.058ms
Dec 25 12:58:56 untangle-main uvmconsole: [1369333.416s][info][gc] GC(21059) Pause Young (Normal) (G1 Evacuation Pause) 51M->42M(63M) 4.548ms
Dec 25 13:00:56 untangle-main uvmconsole: [1369453.414s][info][gc] GC(21060) Pause Young (Normal) (G1 Evacuation Pause) 50M->42M(63M) 4.402ms
Dec 25 13:01:45 untangle-main uvmconsole: [1369502.640s][info][gc] GC(21061) Pause Full (System.gc()) 45M->42M(63M) 61.429ms
Dec 25 13:03:56 untangle-main uvmconsole: [1369633.409s][info][gc] GC(21062) Pause Young (Normal) (G1 Evacuation Pause) 51M->42M(63M) 8.414ms
Dec 25 13:05:50 untangle-main uvmconsole: [1369748.384s][info][gc] GC(21063) Pause Young (Normal) (G1 Evacuation Pause) 50M->42M(63M) 1.890ms
Dec 25 13:06:45 untangle-main uvmconsole: [1369802.642s][info][gc] GC(21064) Pause Full (System.gc()) 45M->42M(63M) 64.691ms
Dec 25 13:08:56 untangle-main uvmconsole: [1369933.406s][info][gc] GC(21065) Pause Young (Normal) (G1 Evacuation Pause) 51M->42M(63M) 6.108ms
Dec 25 13:10:56 untangle-main uvmconsole: [1370053.408s][info][gc] GC(21066) Pause Young (Normal) (G1 Evacuation Pause) 50M->42M(63M) 7.116ms
Dec 25 13:11:45 untangle-main uvmconsole: [1370102.629s][info][gc] GC(21067) Pause Full (System.gc()) 45M->42M(63M) 49.759ms
Dec 25 13:13:56 untangle-main uvmconsole: [1370233.413s][info][gc] GC(21068) Pause Young (Normal) (G1 Evacuation Pause) 51M->42M(63M) 4.664ms
Dec 25 13:15:56 untangle-main uvmconsole: [1370353.414s][info][gc] GC(21069) Pause Young (Normal) (G1 Evacuation Pause) 50M->42M(63M) 4.808ms
Dec 25 13:16:45 untangle-main uvmconsole: [1370402.647s][info][gc] GC(21070) Pause Full (System.gc()) 45M->42M(63M) 69.322ms
Dec 25 13:18:56 untangle-main uvmconsole: [1370533.410s][info][gc] GC(21071) Pause Young (Normal) (G1 Evacuation Pause) 51M->42M(63M) 5.595ms
Dec 25 13:20:56 untangle-main uvmconsole: [1370653.413s][info][gc] GC(21072) Pause Young (Normal) (G1 Evacuation Pause) 50M->42M(63M) 4.466ms
Dec 25 13:21:45 untangle-main uvmconsole: [1370702.641s][info][gc] GC(21073) Pause Full (System.gc()) 45M->42M(63M) 62.517ms
Dec 25 13:24:06 untangle-main uvmconsole: [1370844.336s][info][gc] GC(21074) Pause Young (Normal) (G1 Evacuation Pause) 52M->42M(63M) 13.596ms
Dec 25 13:26:26 untangle-main uvmconsole: [1370983.409s][info][gc] GC(21075) Pause Young (Normal) (G1 Evacuation Pause) 51M->42M(63M) 4.477ms
Dec 25 13:26:45 untangle-main uvmconsole: [1371002.640s][info][gc] GC(21076) Pause Full (System.gc()) 43M->42M(63M) 62.693ms
Dec 25 13:29:08 untangle-main uvmconsole: [1371145.942s][info][gc] GC(21077) Pause Young (Normal) (G1 Evacuation Pause) 52M->42M(63M) 3.274ms
Dec 25 13:31:26 untangle-main uvmconsole: [1371283.412s][info][gc] GC(21078) Pause Young (Normal) (G1 Evacuation Pause) 51M->42M(63M) 4.559ms
Dec 25 13:31:45 untangle-main uvmconsole: [1371302.638s][info][gc] GC(21079) Pause Full (System.gc()) 43M->42M(63M) 60.916ms
Dec 25 13:34:16 untangle-main uvmconsole: [1371453.405s][info][gc] GC(21080) Pause Young (Normal) (G1 Evacuation Pause) 52M->42M(63M) 4.965ms
Dec 25 13:36:26 untangle-main uvmconsole: [1371583.412s][info][gc] GC(21081) Pause Young (Normal) (G1 Evacuation Pause) 51M->42M(63M) 5.071ms
Dec 25 13:36:45 untangle-main uvmconsole: [1371602.632s][info][gc] GC(21082) Pause Full (System.gc()) 43M->42M(63M) 55.149ms
Dec 25 13:38:52 untangle-main uvmconsole: [1371729.830s][info][gc] GC(21083) Pause Young (Normal) (G1 Evacuation Pause) 51M->42M(63M) 3.223ms
Dec 25 13:40:47 untangle-main uvmconsole: [1371844.631s][info][gc] GC(21084) Pause Young (Normal) (G1 Evacuation Pause) 50M->42M(63M) 3.975ms
Dec 25 13:41:45 untangle-main uvmconsole: [1371902.618s][info][gc] GC(21085) Pause Full (System.gc()) 46M->42M(63M) 41.932ms
Dec 25 13:44:16 untangle-main uvmconsole: [1372053.408s][info][gc] GC(21086) Pause Young (Normal) (G1 Evacuation Pause) 52M->42M(63M) 5.793ms
Dec 25 13:46:30 untangle-main uvmconsole: [1372187.451s][info][gc] GC(21087) Pause Young (Normal) (G1 Evacuation Pause) 51M->42M(63M) 4.303ms
Dec 25 13:46:45 untangle-main uvmconsole: [1372202.635s][info][gc] GC(21088) Pause Full (System.gc()) 43M->42M(63M) 56.850ms
Dec 25 13:49:16 untangle-main uvmconsole: [1372353.420s][info][gc] GC(21089) Pause Young (Normal) (G1 Evacuation Pause) 52M->42M(63M) 19.657ms
Dec 25 13:51:33 untangle-main uvmconsole: [1372490.964s][info][gc] GC(21090) Pause Young (Normal) (G1 Evacuation Pause) 51M->42M(63M) 2.947ms
Dec 25 13:51:45 untangle-main uvmconsole: [1372502.638s][info][gc] GC(21091) Pause Full (System.gc()) 43M->42M(63M) 61.222ms
Dec 25 13:54:09 untangle-main uvmconsole: [1372646.669s][info][gc] GC(21092) Pause Young (Normal) (G1 Evacuation Pause) 52M->42M(63M) 5.081ms
Dec 25 13:56:25 untangle-main uvmconsole: [1372782.725s][info][gc] GC(21093) Pause Young (Normal) (G1 Evacuation Pause) 51M->42M(63M) 7.842ms
Dec 25 13:56:45 untangle-main uvmconsole: [1372802.638s][info][gc] GC(21094) Pause Full (System.gc()) 43M->42M(63M) 61.545ms
Dec 25 13:58:37 untangle-main uvmconsole: [1372914.850s][info][gc] GC(21095) Pause Young (Normal) (G1 Evacuation Pause) 50M->42M(63M) 5.219ms
Dec 25 14:00:26 untangle-main uvmconsole: [1373023.406s][info][gc] GC(21096) Pause Young (Normal) (G1 Evacuation Pause) 49M->42M(63M) 4.861ms
Dec 25 14:01:45 untangle-main uvmconsole: [1373102.640s][info][gc] GC(21097) Pause Full (System.gc()) 47M->42M(63M) 62.127ms
Dec 25 14:03:56 untangle-main uvmconsole: [1373233.410s][info][gc] GC(21098) Pause Young (Normal) (G1 Evacuation Pause) 51M->42M(63M) 4.843ms
Dec 25 14:05:56 untangle-main uvmconsole: [1373353.415s][info][gc] GC(21099) Pause Young (Normal) (G1 Evacuation Pause) 50M->42M(63M) 4.987ms
Dec 25 14:06:45 untangle-main uvmconsole: [1373402.643s][info][gc] GC(21100) Pause Full (System.gc()) 45M->42M(63M) 66.209ms
Dec 25 14:09:06 untangle-main uvmconsole: [1373543.415s][info][gc] GC(21101) Pause Young (Normal) (G1 Evacuation Pause) 52M->42M(63M) 7.465ms
Dec 25 14:11:16 untangle-main uvmconsole: [1373673.410s][info][gc] GC(21102) Pause Young (Normal) (G1 Evacuation Pause) 51M->42M(63M) 3.553ms
Dec 25 14:11:45 untangle-main uvmconsole: [1373702.617s][info][gc] GC(21103) Pause Full (System.gc()) 43M->42M(63M) 41.218ms
Dec 25 14:13:56 untangle-main uvmconsole: [1373833.418s][info][gc] GC(21104) Pause Young (Normal) (G1 Evacuation Pause) 51M->42M(63M) 6.026ms
Dec 25 14:15:56 untangle-main uvmconsole: [1373953.408s][info][gc] GC(21105) Pause Young (Normal) (G1 Evacuation Pause) 50M->42M(63M) 10.981ms
Dec 25 14:16:45 untangle-main uvmconsole: [1374002.630s][info][gc] GC(21106) Pause Full (System.gc()) 45M->42M(63M) 50.743ms
Dec 25 14:19:15 untangle-main uvmconsole: [1374152.545s][info][gc] GC(21107) Pause Young (Normal) (G1 Evacuation Pause) 52M->42M(63M) 4.361ms
Dec 25 14:21:26 untangle-main uvmconsole: [1374283.408s][info][gc] GC(21108) Pause Young (Normal) (G1 Evacuation Pause) 51M->42M(63M) 3.396ms
Dec 25 14:21:45 untangle-main uvmconsole: [1374302.633s][info][gc] GC(21109) Pause Full (System.gc()) 43M->42M(63M) 56.972ms
Dec 25 14:24:16 untangle-main uvmconsole: [1374453.402s][info][gc] GC(21110) Pause Young (Normal) (G1 Evacuation Pause) 52M->42M(63M) 4.368ms
Dec 25 14:26:30 untangle-main uvmconsole: [1374587.739s][info][gc] GC(21111) Pause Young (Normal) (G1 Evacuation Pause) 51M->42M(63M) 1.730ms
Dec 25 14:26:45 untangle-main uvmconsole: [1374602.638s][info][gc] GC(21112) Pause Full (System.gc()) 43M->42M(63M) 61.129ms
Dec 25 14:29:26 untangle-main uvmconsole: [1374763.405s][info][gc] GC(21113) Pause Young (Normal) (G1 Evacuation Pause) 53M->42M(63M) 3.890ms
Dec 25 14:31:45 untangle-main uvmconsole: [1374902.635s][info][gc] GC(21114) Pause Full (System.gc()) 51M->42M(63M) 55.832ms
Dec 25 14:33:50 untangle-main uvmconsole: [1375028.361s][info][gc] GC(21115) Pause Young (Normal) (G1 Evacuation Pause) 51M->42M(63M) 5.592ms
Dec 25 14:35:46 untangle-main uvmconsole: [1375143.486s][info][gc] GC(21116) Pause Young (Normal) (G1 Evacuation Pause) 50M->42M(63M) 4.120ms
Dec 25 14:36:45 untangle-main uvmconsole: [1375202.642s][info][gc] GC(21117) Pause Full (System.gc()) 45M->42M(63M) 64.092ms
Dec 25 14:39:06 untangle-main uvmconsole: [1375343.408s][info][gc] GC(21118) Pause Young (Normal) (G1 Evacuation Pause) 52M->42M(63M) 5.168ms
Dec 25 14:41:18 untangle-main uvmconsole: [1375475.746s][info][gc] GC(21119) Pause Young (Normal) (G1 Evacuation Pause) 51M->42M(63M) 5.121ms
Dec 25 14:41:45 untangle-main uvmconsole: [1375502.618s][info][gc] GC(21120) Pause Full (System.gc()) 43M->42M(63M) 41.897ms
Dec 25 14:44:16 untangle-main uvmconsole: [1375653.417s][info][gc] GC(21121) Pause Young (Normal) (G1 Evacuation Pause) 52M->42M(63M) 15.999ms
Dec 25 14:46:26 untangle-main uvmconsole: [1375784.100s][info][gc] GC(21122) Pause Young (Normal) (G1 Evacuation Pause) 51M->42M(63M) 2.059ms
Dec 25 14:46:45 untangle-main uvmconsole: [1375802.637s][info][gc] GC(21123) Pause Full (System.gc()) 43M->42M(63M) 59.671ms
Dec 25 14:49:11 untangle-main uvmconsole: [1375949.296s][info][gc] GC(21124) Pause Young (Normal) (G1 Evacuation Pause) 52M->42M(63M) 2.606ms
Dec 25 14:51:26 untangle-main uvmconsole: [1376083.400s][info][gc] GC(21125) Pause Young (Normal) (G1 Evacuation Pause) 51M->42M(63M) 1.686ms
Dec 25 14:51:45 untangle-main uvmconsole: [1376102.637s][info][gc] GC(21126) Pause Full (System.gc()) 43M->42M(63M) 60.295ms
Dec 25 14:54:30 untangle-main uvmconsole: [1376267.555s][info][gc] GC(21127) Pause Young (Normal) (G1 Evacuation Pause) 53M->42M(63M) 4.206ms
Dec 25 14:56:45 untangle-main uvmconsole: [1376402.642s][info][gc] GC(21128) Pause Full (System.gc()) 51M->42M(63M) 63.745ms
Dec 25 14:59:06 untangle-main uvmconsole: [1376543.414s][info][gc] GC(21129) Pause Young (Normal) (G1 Evacuation Pause) 52M->42M(63M) 6.367ms
Dec 25 15:01:26 untangle-main uvmconsole: [1376683.417s][info][gc] GC(21130) Pause Young (Normal) (G1 Evacuation Pause) 51M->42M(63M) 10.758ms
Dec 25 15:01:45 untangle-main uvmconsole: [1376702.641s][info][gc] GC(21131) Pause Full (System.gc()) 43M->42M(63M) 64.455ms
Dec 25 15:04:08 untangle-main uvmconsole: [1376845.634s][info][gc] GC(21132) Pause Young (Normal) (G1 Evacuation Pause) 52M->42M(63M) 4.634ms
Dec 25 15:06:27 untangle-main uvmconsole: [1376985.189s][info][gc] GC(21133) Pause Young (Normal) (G1 Evacuation Pause) 51M->42M(63M) 6.865ms
Dec 25 15:06:45 untangle-main uvmconsole: [1377002.640s][info][gc] GC(21134) Pause Full (System.gc()) 43M->42M(63M) 62.437ms
Dec 25 15:08:46 untangle-main uvmconsole: [1377123.405s][info][gc] GC(21135) Pause Young (Normal) (G1 Evacuation Pause) 51M->42M(63M) 3.993ms
Dec 25 15:10:46 untangle-main uvmconsole: [1377243.411s][info][gc] GC(21136) Pause Young (Normal) (G1 Evacuation Pause) 50M->42M(63M) 6.925ms
Dec 25 15:11:45 untangle-main uvmconsole: [1377302.623s][info][gc] GC(21137) Pause Full (System.gc()) 46M->42M(63M) 44.010ms
Dec 25 15:14:16 untangle-main uvmconsole: [1377453.407s][info][gc] GC(21138) Pause Young (Normal) (G1 Evacuation Pause) 52M->42M(63M) 6.182ms
Dec 25 15:16:26 untangle-main uvmconsole: [1377583.410s][info][gc] GC(21139) Pause Young (Normal) (G1 Evacuation Pause) 51M->42M(63M) 3.861ms
Dec 25 15:16:45 untangle-main uvmconsole: [1377602.642s][info][gc] GC(21140) Pause Full (System.gc()) 43M->42M(63M) 65.008ms
Dec 25 15:18:56 untangle-main uvmconsole: [1377733.415s][info][gc] GC(21141) Pause Young (Normal) (G1 Evacuation Pause) 51M->42M(63M) 7.196ms
Dec 25 15:20:56 untangle-main uvmconsole: [1377853.402s][info][gc] GC(21142) Pause Young (Normal) (G1 Evacuation Pause) 50M->42M(63M) 1.843ms
Dec 25 15:21:45 untangle-main uvmconsole: [1377902.639s][info][gc] GC(21143) Pause Full (System.gc()) 45M->42M(63M) 62.486ms
Dec 25 15:24:16 untangle-main uvmconsole: [1378053.407s][info][gc] GC(21144) Pause Young (Normal) (G1 Evacuation Pause) 52M->42M(63M) 5.279ms
Dec 25 15:26:26 untangle-main uvmconsole: [1378183.409s][info][gc] GC(21145) Pause Young (Normal) (G1 Evacuation Pause) 51M->42M(63M) 6.193ms
Dec 25 15:26:45 untangle-main uvmconsole: [1378202.647s][info][gc] GC(21146) Pause Full (System.gc()) 43M->42M(63M) 70.880ms
Dec 25 15:28:46 untangle-main uvmconsole: [1378323.405s][info][gc] GC(21147) Pause Young (Normal) (G1 Evacuation Pause) 50M->42M(63M) 5.366ms
Dec 25 15:30:28 untangle-main uvmconsole: [1378425.967s][info][gc] GC(21148) Pause Young (Normal) (G1 Evacuation Pause) 49M->42M(63M) 4.694ms
Dec 25 15:31:45 untangle-main uvmconsole: [1378502.639s][info][gc] GC(21149) Pause Full (System.gc()) 47M->42M(63M) 61.336ms
Dec 25 15:34:06 untangle-main uvmconsole: [1378643.415s][info][gc] GC(21150) Pause Young (Normal) (G1 Evacuation Pause) 52M->42M(63M) 7.308ms
Dec 25 15:36:26 untangle-main uvmconsole: [1378783.411s][info][gc] GC(21151) Pause Young (Normal) (G1 Evacuation Pause) 51M->42M(63M) 4.627ms
Dec 25 15:36:45 untangle-main uvmconsole: [1378802.635s][info][gc] GC(21152) Pause Full (System.gc()) 43M->42M(63M) 58.949ms
Dec 25 15:39:06 untangle-main uvmconsole: [1378943.408s][info][gc] GC(21153) Pause Young (Normal) (G1 Evacuation Pause) 52M->42M(63M) 4.741ms
Dec 25 15:41:26 untangle-main uvmconsole: [1379083.406s][info][gc] GC(21154) Pause Young (Normal) (G1 Evacuation Pause) 51M->42M(63M) 4.956ms
Dec 25 15:41:45 untangle-main uvmconsole: [1379102.633s][info][gc] GC(21155) Pause Full (System.gc()) 43M->42M(63M) 56.769ms
Dec 25 15:43:56 untangle-main uvmconsole: [1379233.403s][info][gc] GC(21156) Pause Young (Normal) (G1 Evacuation Pause) 51M->42M(63M) 4.035ms
Dec 25 15:45:56 untangle-main uvmconsole: [1379353.400s][info][gc] GC(21157) Pause Young (Normal) (G1 Evacuation Pause) 50M->42M(63M) 1.973ms
Dec 25 15:46:45 untangle-main uvmconsole: [1379402.640s][info][gc] GC(21158) Pause Full (System.gc()) 45M->42M(63M) 60.509ms
Dec 25 15:49:16 untangle-main uvmconsole: [1379553.400s][info][gc] GC(21159) Pause Young (Normal) (G1 Evacuation Pause) 52M->42M(63M) 1.709ms
Dec 25 15:51:26 untangle-main uvmconsole: [1379684.284s][info][gc] GC(21160) Pause Young (Normal) (G1 Evacuation Pause) 51M->42M(63M) 7.477ms
Dec 25 15:51:45 untangle-main uvmconsole: [1379702.635s][info][gc] GC(21161) Pause Full (System.gc()) 43M->42M(63M) 55.796ms
Dec 25 15:53:56 untangle-main uvmconsole: [1379833.405s][info][gc] GC(21162) Pause Young (Normal) (G1 Evacuation Pause) 51M->42M(63M) 3.666ms
Dec 25 15:55:56 untangle-main uvmconsole: [1379953.423s][info][gc] GC(21163) Pause Young (Normal) (G1 Evacuation Pause) 50M->42M(63M) 15.018ms
Dec 25 15:56:45 untangle-main uvmconsole: [1380002.635s][info][gc] GC(21164) Pause Full (System.gc()) 45M->42M(63M) 57.262ms
Dec 25 15:59:16 untangle-main uvmconsole: [1380153.404s][info][gc] GC(21165) Pause Young (Normal) (G1 Evacuation Pause) 52M->42M(63M) 4.129ms
Dec 25 16:01:26 untangle-main uvmconsole: [1380283.411s][info][gc] GC(21166) Pause Young (Normal) (G1 Evacuation Pause) 51M->42M(63M) 4.163ms
Dec 25 16:01:45 untangle-main uvmconsole: [1380302.639s][info][gc] GC(21167) Pause Full (System.gc()) 43M->42M(63M) 61.097ms
Dec 25 16:04:16 untangle-main uvmconsole: [1380453.404s][info][gc] GC(21168) Pause Young (Normal) (G1 Evacuation Pause) 52M->42M(63M) 4.728ms
Dec 25 16:06:36 untangle-main uvmconsole: [1380593.411s][info][gc] GC(21169) Pause Young (Normal) (G1 Evacuation Pause) 51M->42M(63M) 12.334ms
Dec 25 16:06:45 untangle-main uvmconsole: [1380602.617s][info][gc] GC(21170) Pause Full (System.gc()) 43M->42M(63M) 40.689ms
Dec 25 16:09:03 untangle-main uvmconsole: [1380740.865s][info][gc] GC(21171) Pause Young (Normal) (G1 Evacuation Pause) 52M->42M(63M) 3.668ms
Dec 25 16:11:16 untangle-main uvmconsole: [1380874.045s][info][gc] GC(21172) Pause Young (Normal) (G1 Evacuation Pause) 51M->42M(63M) 6.451ms
Dec 25 16:11:45 untangle-main uvmconsole: [1380902.627s][info][gc] GC(21173) Pause Full (System.gc()) 44M->42M(63M) 49.904ms
Dec 25 16:14:09 untangle-main uvmconsole: [1381046.535s][info][gc] GC(21174) Pause Young (Normal) (G1 Evacuation Pause) 52M->42M(63M) 4.971ms
Dec 25 16:16:26 untangle-main uvmconsole: [1381183.415s][info][gc] GC(21175) Pause Young (Normal) (G1 Evacuation Pause) 51M->42M(63M) 8.012ms
Dec 25 16:16:45 untangle-main uvmconsole: [1381202.644s][info][gc] GC(21176) Pause Full (System.gc()) 43M->42M(63M) 64.593ms
Dec 25 16:19:06 untangle-main uvmconsole: [1381343.400s][info][gc] GC(21177) Pause Young (Normal) (G1 Evacuation Pause) 52M->42M(63M) 2.626ms
Dec 25 16:21:26 untangle-main uvmconsole: [1381483.405s][info][gc] GC(21178) Pause Young (Normal) (G1 Evacuation Pause) 51M->42M(63M) 5.087ms
Dec 25 16:21:45 untangle-main uvmconsole: [1381502.641s][info][gc] GC(21179) Pause Full (System.gc()) 43M->42M(63M) 64.001ms
Dec 25 16:24:12 untangle-main uvmconsole: [1381650.298s][info][gc] GC(21180) Pause Young (Normal) (G1 Evacuation Pause) 52M->42M(63M) 3.761ms
Dec 25 16:26:26 untangle-main uvmconsole: [1381783.405s][info][gc] GC(21181) Pause Young (Normal) (G1 Evacuation Pause) 51M->42M(63M) 4.125ms
Dec 25 16:26:45 untangle-main uvmconsole: [1381802.647s][info][gc] GC(21182) Pause Full (System.gc()) 43M->42M(63M) 66.504ms
Dec 25 16:28:56 untangle-main uvmconsole: [1381933.411s][info][gc] GC(21183) Pause Young (Normal) (G1 Evacuation Pause) 51M->42M(63M) 4.396ms
Dec 25 16:30:56 untangle-main uvmconsole: [1382053.413s][info][gc] GC(21184) Pause Young (Normal) (G1 Evacuation Pause) 50M->42M(63M) 5.295ms
Dec 25 16:31:45 untangle-main uvmconsole: [1382102.650s][info][gc] GC(21185) Pause Full (System.gc()) 45M->42M(63M) 74.245ms
Dec 25 16:33:56 untangle-main uvmconsole: [1382233.412s][info][gc] GC(21186) Pause Young (Normal) (G1 Evacuation Pause) 51M->42M(63M) 7.047ms
Dec 25 16:35:56 untangle-main uvmconsole: [1382353.407s][info][gc] GC(21187) Pause Young (Normal) (G1 Evacuation Pause) 50M->42M(63M) 7.381ms
Dec 25 16:36:45 untangle-main uvmconsole: [1382402.622s][info][gc] GC(21188) Pause Full (System.gc()) 45M->42M(63M) 45.284ms
Dec 25 16:38:36 untangle-main uvmconsole: [1382513.399s][info][gc] GC(21189) Pause Young (Normal) (G1 Evacuation Pause) 50M->42M(63M) 1.671ms
Dec 25 16:40:16 untangle-main uvmconsole: [1382613.411s][info][gc] GC(21190) Pause Young (Normal) (G1 Evacuation Pause) 49M->42M(63M) 5.856ms
Dec 25 16:41:45 untangle-main uvmconsole: [1382702.647s][info][gc] GC(21191) Pause Full (System.gc()) 47M->42M(63M) 69.768ms
Dec 25 16:44:09 untangle-main uvmconsole: [1382846.921s][info][gc] GC(21192) Pause Young (Normal) (G1 Evacuation Pause) 52M->42M(63M) 20.163ms
Dec 25 16:46:26 untangle-main uvmconsole: [1382983.411s][info][gc] GC(21193) Pause Young (Normal) (G1 Evacuation Pause) 51M->42M(63M) 3.567ms
Dec 25 16:46:45 untangle-main uvmconsole: [1383002.650s][info][gc] GC(21194) Pause Full (System.gc()) 43M->42M(63M) 71.381ms
Dec 25 16:49:11 untangle-main uvmconsole: [1383148.517s][info][gc] GC(21195) Pause Young (Normal) (G1 Evacuation Pause) 52M->42M(63M) 8.928ms
Dec 25 16:51:26 untangle-main uvmconsole: [1383283.415s][info][gc] GC(21196) Pause Young (Normal) (G1 Evacuation Pause) 51M->42M(63M) 5.795ms
Dec 25 16:51:45 untangle-main uvmconsole: [1383302.624s][info][gc] GC(21197) Pause Full (System.gc()) 43M->42M(63M) 46.212ms
Dec 25 16:54:06 untangle-main uvmconsole: [1383443.400s][info][gc] GC(21198) Pause Young (Normal) (G1 Evacuation Pause) 52M->42M(63M) 1.720ms
Dec 25 16:56:24 untangle-main uvmconsole: [1383582.153s][info][gc] GC(21199) Pause Young (Normal) (G1 Evacuation Pause) 51M->42M(63M) 5.289ms
Dec 25 16:56:45 untangle-main uvmconsole: [1383602.622s][info][gc] GC(21200) Pause Full (System.gc()) 43M->42M(63M) 43.500ms
Dec 25 16:59:16 untangle-main uvmconsole: [1383753.402s][info][gc] GC(21201) Pause Young (Normal) (G1 Evacuation Pause) 52M->42M(63M) 2.004ms
Dec 25 17:01:29 untangle-main uvmconsole: [1383886.700s][info][gc] GC(21202) Pause Young (Normal) (G1 Evacuation Pause) 51M->42M(63M) 3.172ms
Dec 25 17:01:45 untangle-main uvmconsole: [1383902.639s][info][gc] GC(21203) Pause Full (System.gc()) 43M->42M(63M) 60.274ms
Dec 25 17:04:13 untangle-main uvmconsole: [1384051.181s][info][gc] GC(21204) Pause Young (Normal) (G1 Evacuation Pause) 52M->42M(63M) 2.618ms
Dec 25 17:06:26 untangle-main uvmconsole: [1384183.404s][info][gc] GC(21205) Pause Young (Normal) (G1 Evacuation Pause) 51M->42M(63M) 2.165ms
Dec 25 17:06:45 untangle-main uvmconsole: [1384202.619s][info][gc] GC(21206) Pause Full (System.gc()) 43M->42M(63M) 43.459ms
Dec 25 17:09:06 untangle-main uvmconsole: [1384343.406s][info][gc] GC(21207) Pause Young (Normal) (G1 Evacuation Pause) 52M->42M(63M) 4.707ms
Dec 25 17:11:16 untangle-main uvmconsole: [1384473.786s][info][gc] GC(21208) Pause Young (Normal) (G1 Evacuation Pause) 51M->42M(63M) 7.191ms
Dec 25 17:11:45 untangle-main uvmconsole: [1384502.652s][info][gc] GC(21209) Pause Full (System.gc()) 43M->42M(63M) 73.295ms
Dec 25 17:13:56 untangle-main uvmconsole: [1384633.405s][info][gc] GC(21210) Pause Young (Normal) (G1 Evacuation Pause) 51M->42M(63M) 5.065ms
Dec 25 17:15:56 untangle-main uvmconsole: [1384753.421s][info][gc] GC(21211) Pause Young (Normal) (G1 Evacuation Pause) 50M->42M(63M) 14.826ms
Dec 25 17:16:45 untangle-main uvmconsole: [1384802.628s][info][gc] GC(21212) Pause Full (System.gc()) 45M->42M(63M) 49.682ms
Dec 25 17:18:56 untangle-main uvmconsole: [1384933.404s][info][gc] GC(21213) Pause Young (Normal) (G1 Evacuation Pause) 51M->42M(63M) 3.699ms
Dec 25 17:20:56 untangle-main uvmconsole: [1385053.405s][info][gc] GC(21214) Pause Young (Normal) (G1 Evacuation Pause) 50M->42M(63M) 2.366ms
Dec 25 17:21:45 untangle-main uvmconsole: [1385102.645s][info][gc] GC(21215) Pause Full (System.gc()) 45M->42M(63M) 67.826ms
Dec 25 17:24:16 untangle-main uvmconsole: [1385253.401s][info][gc] GC(21216) Pause Young (Normal) (G1 Evacuation Pause) 52M->42M(63M) 2.204ms
Dec 25 17:26:35 untangle-main uvmconsole: [1385392.974s][info][gc] GC(21217) Pause Young (Normal) (G1 Evacuation Pause) 51M->42M(63M) 2.317ms
Dec 25 17:26:45 untangle-main uvmconsole: [1385402.648s][info][gc] GC(21218) Pause Full (System.gc()) 43M->42M(63M) 69.227ms
Dec 25 17:29:06 untangle-main uvmconsole: [1385543.410s][info][gc] GC(21219) Pause Young (Normal) (G1 Evacuation Pause) 52M->42M(63M) 8.454ms
Dec 25 17:31:26 untangle-main uvmconsole: [1385683.409s][info][gc] GC(21220) Pause Young (Normal) (G1 Evacuation Pause) 51M->42M(63M) 9.078ms
Dec 25 17:31:45 untangle-main uvmconsole: [1385702.660s][info][gc] GC(21221) Pause Full (System.gc()) 43M->42M(63M) 80.726ms
Dec 25 17:34:06 untangle-main uvmconsole: [1385843.412s][info][gc] GC(21222) Pause Young (Normal) (G1 Evacuation Pause) 52M->42M(63M) 4.408ms
Dec 25 17:36:26 untangle-main uvmconsole: [1385983.408s][info][gc] GC(21223) Pause Young (Normal) (G1 Evacuation Pause) 51M->42M(63M) 6.360ms
Dec 25 17:36:45 untangle-main uvmconsole: [1386002.652s][info][gc] GC(21224) Pause Full (System.gc()) 43M->42M(63M) 73.312ms
Dec 25 17:39:06 untangle-main uvmconsole: [1386143.410s][info][gc] GC(21225) Pause Young (Normal) (G1 Evacuation Pause) 52M->42M(63M) 4.792ms
Dec 25 17:41:19 untangle-main uvmconsole: [1386277.265s][info][gc] GC(21226) Pause Young (Normal) (G1 Evacuation Pause) 51M->42M(63M) 4.397ms
Dec 25 17:41:45 untangle-main uvmconsole: [1386302.638s][info][gc] GC(21227) Pause Full (System.gc()) 43M->42M(63M) 59.037ms
Dec 25 17:44:16 untangle-main uvmconsole: [1386453.409s][info][gc] GC(21228) Pause Young (Normal) (G1 Evacuation Pause) 52M->42M(63M) 7.741ms
Dec 25 17:46:26 untangle-main uvmconsole: [1386583.412s][info][gc] GC(21229) Pause Young (Normal) (G1 Evacuation Pause) 51M->42M(63M) 5.887ms
Dec 25 17:46:45 untangle-main uvmconsole: [1386602.640s][info][gc] GC(21230) Pause Full (System.gc()) 43M->42M(63M) 63.327ms
Dec 25 17:49:16 untangle-main uvmconsole: [1386753.408s][info][gc] GC(21231) Pause Young (Normal) (G1 Evacuation Pause) 52M->42M(63M) 8.810ms
Dec 25 17:51:30 untangle-main uvmconsole: [1386887.704s][info][gc] GC(21232) Pause Young (Normal) (G1 Evacuation Pause) 51M->42M(63M) 4.657ms
Dec 25 17:51:45 untangle-main uvmconsole: [1386902.628s][info][gc] GC(21233) Pause Full (System.gc()) 43M->42M(63M) 50.643ms
Dec 25 17:53:56 untangle-main uvmconsole: [1387033.405s][info][gc] GC(21234) Pause Young (Normal) (G1 Evacuation Pause) 51M->42M(63M) 4.339ms
Dec 25 17:55:56 untangle-main uvmconsole: [1387153.410s][info][gc] GC(21235) Pause Young (Normal) (G1 Evacuation Pause) 50M->42M(63M) 4.389ms
Dec 25 17:56:45 untangle-main uvmconsole: [1387202.620s][info][gc] GC(21236) Pause Full (System.gc()) 45M->42M(63M) 41.653ms
Dec 25 17:58:56 untangle-main uvmconsole: [1387333.412s][info][gc] GC(21237) Pause Young (Normal) (G1 Evacuation Pause) 51M->42M(63M) 4.262ms
Dec 25 18:00:56 untangle-main uvmconsole: [1387453.416s][info][gc] GC(21238) Pause Young (Normal) (G1 Evacuation Pause) 50M->42M(63M) 6.531ms
Dec 25 18:01:45 untangle-main uvmconsole: [1387502.635s][info][gc] GC(21239) Pause Full (System.gc()) 45M->42M(63M) 57.203ms
Dec 25 18:04:06 untangle-main uvmconsole: [1387644.273s][info][gc] GC(21240) Pause Young (Normal) (G1 Evacuation Pause) 52M->42M(63M) 4.027ms
Dec 25 18:06:22 untangle-main uvmconsole: [1387780.218s][info][gc] GC(21241) Pause Young (Normal) (G1 Evacuation Pause) 51M->42M(63M) 4.861ms
Dec 25 18:06:45 untangle-main uvmconsole: [1387802.640s][info][gc] GC(21242) Pause Full (System.gc()) 43M->42M(63M) 61.147ms
Dec 25 18:08:56 untangle-main uvmconsole: [1387933.461s][info][gc] GC(21243) Pause Young (Normal) (G1 Evacuation Pause) 51M->42M(63M) 63.725ms
Dec 25 18:10:53 untangle-main uvmconsole: [1388050.893s][info][gc] GC(21244) Pause Young (Normal) (G1 Evacuation Pause) 50M->42M(63M) 4.722ms
Dec 25 18:11:45 untangle-main uvmconsole: [1388102.636s][info][gc] GC(21245) Pause Full (System.gc()) 45M->42M(63M) 57.264ms
Dec 25 18:13:56 untangle-main uvmconsole: [1388233.415s][info][gc] GC(21246) Pause Young (Normal) (G1 Evacuation Pause) 51M->42M(63M) 7.680ms
Dec 25 18:15:56 untangle-main uvmconsole: [1388353.411s][info][gc] GC(21247) Pause Young (Normal) (G1 Evacuation Pause) 50M->42M(63M) 4.249ms
Dec 25 18:16:45 untangle-main uvmconsole: [1388402.640s][info][gc] GC(21248) Pause Full (System.gc()) 45M->42M(63M) 62.692ms
Dec 25 18:18:56 untangle-main uvmconsole: [1388533.410s][info][gc] GC(21249) Pause Young (Normal) (G1 Evacuation Pause) 51M->42M(63M) 3.892ms
Dec 25 18:20:56 untangle-main uvmconsole: [1388653.415s][info][gc] GC(21250) Pause Young (Normal) (G1 Evacuation Pause) 50M->42M(63M) 6.979ms
Dec 25 18:21:45 untangle-main uvmconsole: [1388702.638s][info][gc] GC(21251) Pause Full (System.gc()) 45M->42M(63M) 58.450ms
Dec 25 18:24:13 untangle-main uvmconsole: [1388851.267s][info][gc] GC(21252) Pause Young (Normal) (G1 Evacuation Pause) 52M->42M(63M) 6.002ms
Dec 25 18:26:27 untangle-main uvmconsole: [1388985.010s][info][gc] GC(21253) Pause Young (Normal) (G1 Evacuation Pause) 51M->42M(63M) 4.642ms
Dec 25 18:26:45 untangle-main uvmconsole: [1389002.618s][info][gc] GC(21254) Pause Full (System.gc()) 43M->42M(63M) 41.597ms
Dec 25 18:28:56 untangle-main uvmconsole: [1389133.411s][info][gc] GC(21255) Pause Young (Normal) (G1 Evacuation Pause) 51M->42M(63M) 3.919ms
Dec 25 18:30:56 untangle-main uvmconsole: [1389253.404s][info][gc] GC(21256) Pause Young (Normal) (G1 Evacuation Pause) 50M->42M(63M) 2.130ms
Dec 25 18:31:45 untangle-main uvmconsole: [1389302.649s][info][gc] GC(21257) Pause Full (System.gc()) 45M->42M(63M) 71.298ms
Dec 25 18:34:07 untangle-main uvmconsole: [1389445.268s][info][gc] GC(21258) Pause Young (Normal) (G1 Evacuation Pause) 52M->42M(63M) 7.652ms
Dec 25 18:36:26 untangle-main uvmconsole: [1389583.407s][info][gc] GC(21259) Pause Young (Normal) (G1 Evacuation Pause) 51M->42M(63M) 5.662ms
Dec 25 18:36:45 untangle-main uvmconsole: [1389602.637s][info][gc] GC(21260) Pause Full (System.gc()) 43M->42M(63M) 60.146ms
Dec 25 18:39:06 untangle-main uvmconsole: [1389743.402s][info][gc] GC(21261) Pause Young (Normal) (G1 Evacuation Pause) 52M->42M(63M) 3.003ms
Dec 25 18:41:16 untangle-main uvmconsole: [1389873.402s][info][gc] GC(21262) Pause Young (Normal) (G1 Evacuation Pause) 51M->42M(63M) 2.519ms
Dec 25 18:41:45 untangle-main uvmconsole: [1389902.640s][info][gc] GC(21263) Pause Full (System.gc()) 44M->42M(63M) 61.741ms
Dec 25 18:44:16 untangle-main uvmconsole: [1390053.401s][info][gc] GC(21264) Pause Young (Normal) (G1 Evacuation Pause) 52M->42M(63M) 1.611ms
Dec 25 18:46:30 untangle-main uvmconsole: [1390188.122s][info][gc] GC(21265) Pause Young (Normal) (G1 Evacuation Pause) 51M->42M(63M) 5.994ms
Dec 25 18:46:45 untangle-main uvmconsole: [1390202.637s][info][gc] GC(21266) Pause Full (System.gc()) 43M->42M(63M) 60.983ms
Dec 25 18:48:56 untangle-main uvmconsole: [1390333.408s][info][gc] GC(21267) Pause Young (Normal) (G1 Evacuation Pause) 51M->42M(63M) 4.911ms
Dec 25 18:50:56 untangle-main uvmconsole: [1390453.411s][info][gc] GC(21268) Pause Young (Normal) (G1 Evacuation Pause) 50M->42M(63M) 3.849ms
Dec 25 18:51:45 untangle-main uvmconsole: [1390502.637s][info][gc] GC(21269) Pause Full (System.gc()) 45M->42M(63M) 60.219ms
Dec 25 18:53:56 untangle-main uvmconsole: [1390633.411s][info][gc] GC(21270) Pause Young (Normal) (G1 Evacuation Pause) 51M->42M(63M) 5.534ms
Dec 25 18:55:56 untangle-main uvmconsole: [1390753.410s][info][gc] GC(21271) Pause Young (Normal) (G1 Evacuation Pause) 50M->42M(63M) 4.813ms
Dec 25 18:56:45 untangle-main uvmconsole: [1390802.661s][info][gc] GC(21272) Pause Full (System.gc()) 45M->42M(63M) 82.819ms
Dec 25 18:58:56 untangle-main uvmconsole: [1390933.406s][info][gc] GC(21273) Pause Young (Normal) (G1 Evacuation Pause) 51M->42M(63M) 3.779ms
Dec 25 19:00:56 untangle-main uvmconsole: [1391053.411s][info][gc] GC(21274) Pause Young (Normal) (G1 Evacuation Pause) 50M->42M(63M) 7.701ms
Dec 25 19:01:45 untangle-main uvmconsole: [1391102.634s][info][gc] GC(21275) Pause Full (System.gc()) 45M->42M(63M) 56.699ms
Dec 25 19:04:08 untangle-main uvmconsole: [1391246.237s][info][gc] GC(21276) Pause Young (Normal) (G1 Evacuation Pause) 52M->42M(63M) 3.287ms
Dec 25 19:06:26 untangle-main uvmconsole: [1391383.403s][info][gc] GC(21277) Pause Young (Normal) (G1 Evacuation Pause) 51M->42M(63M) 2.011ms
Dec 25 19:06:45 untangle-main uvmconsole: [1391402.635s][info][gc] GC(21278) Pause Full (System.gc()) 43M->42M(63M) 57.510ms
Dec 25 19:09:06 untangle-main uvmconsole: [1391543.415s][info][gc] GC(21279) Pause Young (Normal) (G1 Evacuation Pause) 52M->42M(63M) 7.760ms
Dec 25 19:11:26 untangle-main uvmconsole: [1391683.405s][info][gc] GC(21280) Pause Young (Normal) (G1 Evacuation Pause) 51M->42M(63M) 4.422ms
Dec 25 19:11:45 untangle-main uvmconsole: [1391702.639s][info][gc] GC(21281) Pause Full (System.gc()) 43M->42M(63M) 60.197ms
Dec 25 19:14:26 untangle-main uvmconsole: [1391863.408s][info][gc] GC(21282) Pause Young (Normal) (G1 Evacuation Pause) 53M->42M(63M) 4.553ms
Dec 25 19:16:45 untangle-main uvmconsole: [1392002.643s][info][gc] GC(21283) Pause Full (System.gc()) 51M->42M(63M) 65.676ms
Dec 25 19:18:56 untangle-main uvmconsole: [1392133.414s][info][gc] GC(21284) Pause Young (Normal) (G1 Evacuation Pause) 51M->42M(63M) 5.376ms
Dec 25 19:20:56 untangle-main uvmconsole: [1392253.416s][info][gc] GC(21285) Pause Young (Normal) (G1 Evacuation Pause) 50M->42M(63M) 7.187ms
Dec 25 19:21:45 untangle-main uvmconsole: [1392302.641s][info][gc] GC(21286) Pause Full (System.gc()) 45M->42M(63M) 62.352ms
Dec 25 19:24:09 untangle-main uvmconsole: [1392446.902s][info][gc] GC(21287) Pause Young (Normal) (G1 Evacuation Pause) 52M->42M(63M) 3.798ms
Dec 25 19:26:26 untangle-main uvmconsole: [1392583.418s][info][gc] GC(21288) Pause Young (Normal) (G1 Evacuation Pause) 51M->42M(63M) 11.998ms
Dec 25 19:26:45 untangle-main uvmconsole: [1392602.646s][info][gc] GC(21289) Pause Full (System.gc()) 43M->42M(63M) 68.605ms
Dec 25 19:28:56 untangle-main uvmconsole: [1392733.412s][info][gc] GC(21290) Pause Young (Normal) (G1 Evacuation Pause) 51M->42M(63M) 4.110ms
Dec 25 19:30:58 untangle-main uvmconsole: [1392856.218s][info][gc] GC(21291) Pause Young (Normal) (G1 Evacuation Pause) 50M->42M(63M) 5.806ms
Dec 25 19:31:45 untangle-main uvmconsole: [1392902.649s][info][gc] GC(21292) Pause Full (System.gc()) 45M->42M(63M) 70.373ms
Dec 25 19:33:56 untangle-main uvmconsole: [1393033.399s][info][gc] GC(21293) Pause Young (Normal) (G1 Evacuation Pause) 51M->42M(63M) 1.709ms
Dec 25 19:35:56 untangle-main uvmconsole: [1393153.403s][info][gc] GC(21294) Pause Young (Normal) (G1 Evacuation Pause) 50M->42M(63M) 2.262ms
Dec 25 19:36:45 untangle-main uvmconsole: [1393202.630s][info][gc] GC(21295) Pause Full (System.gc()) 45M->42M(63M) 53.140ms
Dec 25 19:39:06 untangle-main uvmconsole: [1393343.408s][info][gc] GC(21296) Pause Young (Normal) (G1 Evacuation Pause) 52M->42M(63M) 7.059ms
Dec 25 19:41:18 untangle-main uvmconsole: [1393475.640s][info][gc] GC(21297) Pause Young (Normal) (G1 Evacuation Pause) 51M->42M(63M) 6.221ms
Dec 25 19:41:45 untangle-main uvmconsole: [1393502.639s][info][gc] GC(21298) Pause Full (System.gc()) 43M->42M(63M) 62.459ms
Dec 25 19:44:16 untangle-main uvmconsole: [1393653.407s][info][gc] GC(21299) Pause Young (Normal) (G1 Evacuation Pause) 52M->42M(63M) 5.487ms
Dec 25 19:46:36 untangle-main uvmconsole: [1393793.405s][info][gc] GC(21300) Pause Young (Normal) (G1 Evacuation Pause) 51M->42M(63M) 4.654ms
Dec 25 19:46:45 untangle-main uvmconsole: [1393802.643s][info][gc] GC(21301) Pause Full (System.gc()) 43M->42M(63M) 64.313ms
Dec 25 19:49:10 untangle-main uvmconsole: [1393947.729s][info][gc] GC(21302) Pause Young (Normal) (G1 Evacuation Pause) 52M->42M(63M) 7.192ms
Dec 25 19:51:16 untangle-main uvmconsole: [1394073.412s][info][gc] GC(21303) Pause Young (Normal) (G1 Evacuation Pause) 51M->42M(63M) 3.043ms
Dec 25 19:51:45 untangle-main uvmconsole: [1394102.614s][info][gc] GC(21304) Pause Full (System.gc()) 43M->42M(63M) 37.286ms
Dec 25 19:54:16 untangle-main uvmconsole: [1394253.407s][info][gc] GC(21305) Pause Young (Normal) (G1 Evacuation Pause) 52M->42M(63M) 5.308ms
Dec 25 19:56:27 untangle-main uvmconsole: [1394384.495s][info][gc] GC(21306) Pause Young (Normal) (G1 Evacuation Pause) 51M->42M(63M) 4.277ms
Dec 25 19:56:45 untangle-main uvmconsole: [1394402.639s][info][gc] GC(21307) Pause Full (System.gc()) 43M->42M(63M) 61.927ms
Dec 25 19:58:56 untangle-main uvmconsole: [1394533.414s][info][gc] GC(21308) Pause Young (Normal) (G1 Evacuation Pause) 51M->42M(63M) 5.582ms
Dec 25 20:00:56 untangle-main uvmconsole: [1394653.415s][info][gc] GC(21309) Pause Young (Normal) (G1 Evacuation Pause) 50M->42M(63M) 5.486ms
Dec 25 20:01:45 untangle-main uvmconsole: [1394702.635s][info][gc] GC(21310) Pause Full (System.gc()) 45M->42M(63M) 56.513ms
Dec 25 20:04:16 untangle-main uvmconsole: [1394853.402s][info][gc] GC(21311) Pause Young (Normal) (G1 Evacuation Pause) 52M->42M(63M) 2.387ms
Dec 25 20:06:36 untangle-main uvmconsole: [1394993.401s][info][gc] GC(21312) Pause Young (Normal) (G1 Evacuation Pause) 51M->42M(63M) 1.692ms
Dec 25 20:06:45 untangle-main uvmconsole: [1395002.635s][info][gc] GC(21313) Pause Full (System.gc()) 43M->42M(63M) 58.425ms
Dec 25 20:08:56 untangle-main uvmconsole: [1395133.526s][info][gc] GC(21314) Pause Young (Normal) (G1 Evacuation Pause) 52M->42M(63M) 35.420ms
Dec 25 20:11:15 untangle-main uvmconsole: [1395272.408s][info][gc] GC(21315) Pause Young (Normal) (G1 Evacuation Pause) 51M->42M(63M) 7.003ms
Dec 25 20:11:45 untangle-main uvmconsole: [1395302.636s][info][gc] GC(21316) Pause Full (System.gc()) 44M->42M(63M) 59.632ms
Dec 25 20:14:16 untangle-main uvmconsole: [1395453.404s][info][gc] GC(21317) Pause Young (Normal) (G1 Evacuation Pause) 52M->42M(63M) 4.412ms
Dec 25 20:16:36 untangle-main uvmconsole: [1395593.403s][info][gc] GC(21318) Pause Young (Normal) (G1 Evacuation Pause) 51M->42M(63M) 4.280ms
Dec 25 20:16:45 untangle-main uvmconsole: [1395602.639s][info][gc] GC(21319) Pause Full (System.gc()) 43M->42M(63M) 60.604ms
Dec 25 20:19:15 untangle-main uvmconsole: [1395752.875s][info][gc] GC(21320) Pause Young (Normal) (G1 Evacuation Pause) 52M->42M(63M) 4.345ms
Dec 25 20:21:32 untangle-main uvmconsole: [1395889.546s][info][gc] GC(21321) Pause Young (Normal) (G1 Evacuation Pause) 51M->42M(63M) 7.115ms
Dec 25 20:21:45 untangle-main uvmconsole: [1395902.617s][info][gc] GC(21322) Pause Full (System.gc()) 43M->42M(63M) 40.766ms
Dec 25 20:23:56 untangle-main uvmconsole: [1396033.406s][info][gc] GC(21323) Pause Young (Normal) (G1 Evacuation Pause) 51M->42M(63M) 2.738ms
Dec 25 20:25:56 untangle-main uvmconsole: [1396153.411s][info][gc] GC(21324) Pause Young (Normal) (G1 Evacuation Pause) 50M->42M(63M) 6.315ms
Dec 25 20:26:45 untangle-main uvmconsole: [1396202.643s][info][gc] GC(21325) Pause Full (System.gc()) 45M->42M(63M) 66.358ms
Dec 25 20:28:56 untangle-main uvmconsole: [1396333.417s][info][gc] GC(21326) Pause Young (Normal) (G1 Evacuation Pause) 51M->42M(63M) 5.155ms
Dec 25 20:30:56 untangle-main uvmconsole: [1396453.401s][info][gc] GC(21327) Pause Young (Normal) (G1 Evacuation Pause) 50M->42M(63M) 1.785ms
Dec 25 20:31:45 untangle-main uvmconsole: [1396502.640s][info][gc] GC(21328) Pause Full (System.gc()) 45M->42M(63M) 63.748ms
Dec 25 20:33:56 untangle-main uvmconsole: [1396633.405s][info][gc] GC(21329) Pause Young (Normal) (G1 Evacuation Pause) 51M->42M(63M) 2.899ms
Dec 25 20:35:56 untangle-main uvmconsole: [1396753.416s][info][gc] GC(21330) Pause Young (Normal) (G1 Evacuation Pause) 50M->42M(63M) 4.262ms
Dec 25 20:36:45 untangle-main uvmconsole: [1396802.653s][info][gc] GC(21331) Pause Full (System.gc()) 45M->42M(63M) 74.214ms
Dec 25 20:38:56 untangle-main uvmconsole: [1396933.399s][info][gc] GC(21332) Pause Young (Normal) (G1 Evacuation Pause) 51M->42M(63M) 1.726ms
Dec 25 20:40:56 untangle-main uvmconsole: [1397053.401s][info][gc] GC(21333) Pause Young (Normal) (G1 Evacuation Pause) 50M->42M(63M) 1.640ms
Dec 25 20:41:45 untangle-main uvmconsole: [1397102.637s][info][gc] GC(21334) Pause Full (System.gc()) 45M->42M(63M) 59.253ms
Dec 25 20:44:08 untangle-main uvmconsole: [1397245.998s][info][gc] GC(21335) Pause Young (Normal) (G1 Evacuation Pause) 52M->42M(63M) 2.278ms
Dec 25 20:46:26 untangle-main uvmconsole: [1397383.408s][info][gc] GC(21336) Pause Young (Normal) (G1 Evacuation Pause) 51M->42M(63M) 4.532ms
Dec 25 20:46:45 untangle-main uvmconsole: [1397402.638s][info][gc] GC(21337) Pause Full (System.gc()) 43M->42M(63M) 60.032ms
Dec 25 20:48:56 untangle-main uvmconsole: [1397533.428s][info][gc] GC(21338) Pause Young (Normal) (G1 Evacuation Pause) 51M->42M(63M) 25.833ms
Dec 25 20:50:56 untangle-main uvmconsole: [1397653.403s][info][gc] GC(21339) Pause Young (Normal) (G1 Evacuation Pause) 50M->42M(63M) 1.778ms
Dec 25 20:51:45 untangle-main uvmconsole: [1397702.627s][info][gc] GC(21340) Pause Full (System.gc()) 45M->42M(63M) 47.795ms
Dec 25 20:53:42 untangle-main uvmconsole: [1397819.596s][info][gc] GC(21341) Pause Young (Normal) (G1 Evacuation Pause) 50M->42M(63M) 8.198ms
Dec 25 20:55:26 untangle-main uvmconsole: [1397923.408s][info][gc] GC(21342) Pause Young (Normal) (G1 Evacuation Pause) 49M->42M(63M) 6.930ms
Dec 25 20:56:45 untangle-main uvmconsole: [1398002.636s][info][gc] GC(21343) Pause Full (System.gc()) 47M->42M(63M) 58.098ms
Dec 25 20:58:56 untangle-main uvmconsole: [1398133.410s][info][gc] GC(21344) Pause Young (Normal) (G1 Evacuation Pause) 51M->42M(63M) 5.047ms
Dec 25 21:00:56 untangle-main uvmconsole: [1398253.404s][info][gc] GC(21345) Pause Young (Normal) (G1 Evacuation Pause) 50M->42M(63M) 2.545ms
Dec 25 21:01:45 untangle-main uvmconsole: [1398302.632s][info][gc] GC(21346) Pause Full (System.gc()) 45M->42M(63M) 54.944ms
Dec 25 21:04:08 untangle-main uvmconsole: [1398446.111s][info][gc] GC(21347) Pause Young (Normal) (G1 Evacuation Pause) 52M->42M(63M) 1.563ms
Dec 25 21:06:26 untangle-main uvmconsole: [1398583.413s][info][gc] GC(21348) Pause Young (Normal) (G1 Evacuation Pause) 51M->42M(63M) 13.272ms
Dec 25 21:06:45 untangle-main uvmconsole: [1398602.637s][info][gc] GC(21349) Pause Full (System.gc()) 43M->42M(63M) 60.470ms
Dec 25 21:09:06 untangle-main uvmconsole: [1398743.405s][info][gc] GC(21350) Pause Young (Normal) (G1 Evacuation Pause) 52M->42M(63M) 3.106ms
Dec 25 21:11:17 untangle-main uvmconsole: [1398874.874s][info][gc] GC(21351) Pause Young (Normal) (G1 Evacuation Pause) 51M->42M(63M) 5.338ms
Dec 25 21:11:45 untangle-main uvmconsole: [1398902.637s][info][gc] GC(21352) Pause Full (System.gc()) 43M->42M(63M) 60.544ms
Dec 25 21:13:56 untangle-main uvmconsole: [1399033.440s][info][gc] GC(21353) Pause Young (Normal) (G1 Evacuation Pause) 51M->42M(63M) 28.936ms
Dec 25 21:15:56 untangle-main uvmconsole: [1399153.416s][info][gc] GC(21354) Pause Young (Normal) (G1 Evacuation Pause) 50M->42M(63M) 6.040ms
Dec 25 21:16:45 untangle-main uvmconsole: [1399202.633s][info][gc] GC(21355) Pause Full (System.gc()) 45M->42M(63M) 56.607ms
Dec 25 21:19:07 untangle-main uvmconsole: [1399344.924s][info][gc] GC(21356) Pause Young (Normal) (G1 Evacuation Pause) 52M->42M(63M) 8.202ms
Dec 25 21:21:26 untangle-main uvmconsole: [1399483.408s][info][gc] GC(21357) Pause Young (Normal) (G1 Evacuation Pause) 51M->42M(63M) 4.374ms
Dec 25 21:21:45 untangle-main uvmconsole: [1399502.622s][info][gc] GC(21358) Pause Full (System.gc()) 43M->42M(63M) 45.275ms
Dec 25 21:24:10 untangle-main uvmconsole: [1399647.959s][info][gc] GC(21359) Pause Young (Normal) (G1 Evacuation Pause) 52M->42M(63M) 5.191ms
Dec 25 21:26:26 untangle-main uvmconsole: [1399783.410s][info][gc] GC(21360) Pause Young (Normal) (G1 Evacuation Pause) 51M->42M(63M) 4.418ms
Dec 25 21:26:45 untangle-main uvmconsole: [1399802.644s][info][gc] GC(21361) Pause Full (System.gc()) 43M->42M(63M) 65.443ms
Dec 25 21:28:56 untangle-main uvmconsole: [1399933.409s][info][gc] GC(21362) Pause Young (Normal) (G1 Evacuation Pause) 51M->42M(63M) 6.142ms
Dec 25 21:30:56 untangle-main uvmconsole: [1400053.404s][info][gc] GC(21363) Pause Young (Normal) (G1 Evacuation Pause) 50M->42M(63M) 1.817ms
Dec 25 21:31:45 untangle-main uvmconsole: [1400102.645s][info][gc] GC(21364) Pause Full (System.gc()) 45M->42M(63M) 67.712ms
Dec 25 21:33:56 untangle-main uvmconsole: [1400233.405s][info][gc] GC(21365) Pause Young (Normal) (G1 Evacuation Pause) 51M->42M(63M) 3.194ms
Dec 25 21:35:56 untangle-main uvmconsole: [1400353.415s][info][gc] GC(21366) Pause Young (Normal) (G1 Evacuation Pause) 50M->42M(63M) 5.454ms
Dec 25 21:36:45 untangle-main uvmconsole: [1400402.628s][info][gc] GC(21367) Pause Full (System.gc()) 45M->42M(63M) 51.252ms
Dec 25 21:39:06 untangle-main uvmconsole: [1400543.405s][info][gc] GC(21368) Pause Young (Normal) (G1 Evacuation Pause) 52M->42M(63M) 5.962ms
Dec 25 21:41:16 untangle-main uvmconsole: [1400673.667s][info][gc] GC(21369) Pause Young (Normal) (G1 Evacuation Pause) 51M->42M(63M) 7.514ms
Dec 25 21:41:45 untangle-main uvmconsole: [1400702.638s][info][gc] GC(21370) Pause Full (System.gc()) 43M->42M(63M) 61.592ms
Dec 25 21:44:16 untangle-main uvmconsole: [1400853.403s][info][gc] GC(21371) Pause Young (Normal) (G1 Evacuation Pause) 52M->42M(63M) 4.861ms
Dec 25 21:46:30 untangle-main uvmconsole: [1400988.337s][info][gc] GC(21372) Pause Young (Normal) (G1 Evacuation Pause) 51M->42M(63M) 35.507ms
Dec 25 21:46:45 untangle-main uvmconsole: [1401002.645s][info][gc] GC(21373) Pause Full (System.gc()) 43M->42M(63M) 65.571ms
Dec 25 21:49:11 untangle-main uvmconsole: [1401148.961s][info][gc] GC(21374) Pause Young (Normal) (G1 Evacuation Pause) 52M->42M(63M) 4.461ms
Dec 25 21:51:26 untangle-main uvmconsole: [1401283.405s][info][gc] GC(21375) Pause Young (Normal) (G1 Evacuation Pause) 51M->42M(63M) 4.071ms
Dec 25 21:51:45 untangle-main uvmconsole: [1401302.655s][info][gc] GC(21376) Pause Full (System.gc()) 43M->42M(63M) 75.412ms
Dec 25 21:54:06 untangle-main uvmconsole: [1401443.413s][info][gc] GC(21377) Pause Young (Normal) (G1 Evacuation Pause) 52M->42M(63M) 4.673ms
Dec 25 21:56:26 untangle-main uvmconsole: [1401583.408s][info][gc] GC(21378) Pause Young (Normal) (G1 Evacuation Pause) 51M->42M(63M) 5.879ms
Dec 25 21:56:45 untangle-main uvmconsole: [1401602.641s][info][gc] GC(21379) Pause Full (System.gc()) 43M->42M(63M) 64.225ms
Dec 25 21:59:07 untangle-main uvmconsole: [1401745.206s][info][gc] GC(21380) Pause Young (Normal) (G1 Evacuation Pause) 52M->42M(63M) 3.927ms
Dec 25 22:01:26 untangle-main uvmconsole: [1401883.402s][info][gc] GC(21381) Pause Young (Normal) (G1 Evacuation Pause) 51M->42M(63M) 2.249ms
Dec 25 22:01:45 untangle-main uvmconsole: [1401902.641s][info][gc] GC(21382) Pause Full (System.gc()) 43M->42M(63M) 63.274ms
Dec 25 22:04:11 untangle-main uvmconsole: [1402048.534s][info][gc] GC(21383) Pause Young (Normal) (G1 Evacuation Pause) 52M->42M(63M) 4.044ms
Dec 25 22:06:26 untangle-main uvmconsole: [1402183.409s][info][gc] GC(21384) Pause Young (Normal) (G1 Evacuation Pause) 51M->42M(63M) 6.602ms
Dec 25 22:06:45 untangle-main uvmconsole: [1402202.631s][info][gc] GC(21385) Pause Full (System.gc()) 43M->42M(63M) 51.795ms
Dec 25 22:08:46 untangle-main uvmconsole: [1402323.413s][info][gc] GC(21386) Pause Young (Normal) (G1 Evacuation Pause) 51M->42M(63M) 5.270ms
Dec 25 22:10:46 untangle-main uvmconsole: [1402443.412s][info][gc] GC(21387) Pause Young (Normal) (G1 Evacuation Pause) 50M->42M(63M) 6.751ms
Dec 25 22:11:45 untangle-main uvmconsole: [1402502.640s][info][gc] GC(21388) Pause Full (System.gc()) 46M->42M(63M) 60.391ms
Dec 25 22:13:56 untangle-main uvmconsole: [1402633.410s][info][gc] GC(21389) Pause Young (Normal) (G1 Evacuation Pause) 51M->42M(63M) 5.733ms
Dec 25 22:15:56 untangle-main uvmconsole: [1402753.411s][info][gc] GC(21390) Pause Young (Normal) (G1 Evacuation Pause) 50M->42M(63M) 4.963ms
Dec 25 22:16:45 untangle-main uvmconsole: [1402802.636s][info][gc] GC(21391) Pause Full (System.gc()) 45M->42M(63M) 56.920ms
Dec 25 22:18:56 untangle-main uvmconsole: [1402933.416s][info][gc] GC(21392) Pause Young (Normal) (G1 Evacuation Pause) 51M->42M(63M) 7.899ms
Dec 25 22:20:56 untangle-main uvmconsole: [1403053.413s][info][gc] GC(21393) Pause Young (Normal) (G1 Evacuation Pause) 50M->42M(63M) 5.178ms
Dec 25 22:21:45 untangle-main uvmconsole: [1403102.649s][info][gc] GC(21394) Pause Full (System.gc()) 45M->42M(63M) 67.147ms
Dec 25 22:24:16 untangle-main uvmconsole: [1403253.406s][info][gc] GC(21395) Pause Young (Normal) (G1 Evacuation Pause) 52M->42M(63M) 5.224ms
Dec 25 22:26:26 untangle-main uvmconsole: [1403383.806s][info][gc] GC(21396) Pause Young (Normal) (G1 Evacuation Pause) 51M->42M(63M) 9.101ms
Dec 25 22:26:45 untangle-main uvmconsole: [1403402.636s][info][gc] GC(21397) Pause Full (System.gc()) 43M->42M(63M) 59.132ms
Dec 25 22:29:06 untangle-main uvmconsole: [1403543.404s][info][gc] GC(21398) Pause Young (Normal) (G1 Evacuation Pause) 52M->42M(63M) 2.602ms
Dec 25 22:31:26 untangle-main uvmconsole: [1403683.400s][info][gc] GC(21399) Pause Young (Normal) (G1 Evacuation Pause) 51M->42M(63M) 2.288ms
Dec 25 22:31:45 untangle-main uvmconsole: [1403702.642s][info][gc] GC(21400) Pause Full (System.gc()) 43M->42M(63M) 62.548ms
Dec 25 22:34:07 untangle-main uvmconsole: [1403845.310s][info][gc] GC(21401) Pause Young (Normal) (G1 Evacuation Pause) 52M->42M(63M) 6.612ms
Dec 25 22:36:26 untangle-main uvmconsole: [1403983.415s][info][gc] GC(21402) Pause Young (Normal) (G1 Evacuation Pause) 51M->42M(63M) 4.599ms
Dec 25 22:36:45 untangle-main uvmconsole: [1404002.645s][info][gc] GC(21403) Pause Full (System.gc()) 43M->42M(63M) 67.729ms
Dec 25 22:38:48 untangle-main uvmconsole: [1404125.783s][info][gc] GC(21404) Pause Young (Normal) (G1 Evacuation Pause) 51M->42M(63M) 4.957ms
Dec 25 22:40:53 untangle-main uvmconsole: [1404251.227s][info][gc] GC(21405) Pause Young (Normal) (G1 Evacuation Pause) 50M->42M(63M) 5.402ms
Dec 25 22:41:45 untangle-main uvmconsole: [1404302.633s][info][gc] GC(21406) Pause Full (System.gc()) 45M->42M(63M) 53.977ms
Dec 25 22:44:06 untangle-main uvmconsole: [1404444.086s][info][gc] GC(21407) Pause Young (Normal) (G1 Evacuation Pause) 52M->42M(63M) 7.570ms
Dec 25 22:46:26 untangle-main uvmconsole: [1404583.412s][info][gc] GC(21408) Pause Young (Normal) (G1 Evacuation Pause) 51M->42M(63M) 4.386ms
Dec 25 22:46:45 untangle-main uvmconsole: [1404602.620s][info][gc] GC(21409) Pause Full (System.gc()) 43M->42M(63M) 40.696ms
Dec 25 22:49:06 untangle-main uvmconsole: [1404743.410s][info][gc] GC(21410) Pause Young (Normal) (G1 Evacuation Pause) 52M->42M(63M) 6.360ms
Dec 25 22:51:26 untangle-main uvmconsole: [1404883.404s][info][gc] GC(21411) Pause Young (Normal) (G1 Evacuation Pause) 51M->42M(63M) 2.980ms
Dec 25 22:51:45 untangle-main uvmconsole: [1404902.641s][info][gc] GC(21412) Pause Full (System.gc()) 43M->42M(63M) 63.485ms
Dec 25 22:54:29 untangle-main uvmconsole: [1405066.461s][info][gc] GC(21413) Pause Young (Normal) (G1 Evacuation Pause) 53M->42M(63M) 4.831ms
Dec 25 22:56:45 untangle-main uvmconsole: [1405202.642s][info][gc] GC(21414) Pause Full (System.gc()) 51M->42M(63M) 64.317ms
Dec 25 22:58:56 untangle-main uvmconsole: [1405333.405s][info][gc] GC(21415) Pause Young (Normal) (G1 Evacuation Pause) 51M->42M(63M) 3.764ms
Dec 25 23:00:56 untangle-main uvmconsole: [1405453.532s][info][gc] GC(21416) Pause Young (Normal) (G1 Evacuation Pause) 50M->42M(63M) 1.771ms
Dec 25 23:01:45 untangle-main uvmconsole: [1405502.631s][info][gc] GC(21417) Pause Full (System.gc()) 45M->42M(63M) 54.787ms
Dec 25 23:03:56 untangle-main uvmconsole: [1405633.414s][info][gc] GC(21418) Pause Young (Normal) (G1 Evacuation Pause) 51M->42M(63M) 3.979ms
Dec 25 23:05:56 untangle-main uvmconsole: [1405753.414s][info][gc] GC(21419) Pause Young (Normal) (G1 Evacuation Pause) 50M->42M(63M) 5.706ms
Dec 25 23:06:45 untangle-main uvmconsole: [1405802.617s][info][gc] GC(21420) Pause Full (System.gc()) 45M->42M(63M) 38.654ms
Dec 25 23:09:04 untangle-main uvmconsole: [1405941.585s][info][gc] GC(21421) Pause Young (Normal) (G1 Evacuation Pause) 52M->42M(63M) 5.002ms
Dec 25 23:11:16 untangle-main uvmconsole: [1406073.412s][info][gc] GC(21422) Pause Young (Normal) (G1 Evacuation Pause) 51M->42M(63M) 4.612ms
Dec 25 23:11:45 untangle-main uvmconsole: [1406102.636s][info][gc] GC(21423) Pause Full (System.gc()) 44M->42M(63M) 57.591ms
Dec 25 23:13:56 untangle-main uvmconsole: [1406233.416s][info][gc] GC(21424) Pause Young (Normal) (G1 Evacuation Pause) 51M->42M(63M) 7.928ms
Dec 25 23:15:56 untangle-main uvmconsole: [1406353.410s][info][gc] GC(21425) Pause Young (Normal) (G1 Evacuation Pause) 50M->42M(63M) 4.086ms
Dec 25 23:16:45 untangle-main uvmconsole: [1406402.619s][info][gc] GC(21426) Pause Full (System.gc()) 45M->42M(63M) 43.488ms
Dec 25 23:18:56 untangle-main uvmconsole: [1406533.415s][info][gc] GC(21427) Pause Young (Normal) (G1 Evacuation Pause) 51M->42M(63M) 6.091ms
Dec 25 23:20:56 untangle-main uvmconsole: [1406653.415s][info][gc] GC(21428) Pause Young (Normal) (G1 Evacuation Pause) 50M->42M(63M) 7.097ms
Dec 25 23:21:45 untangle-main uvmconsole: [1406702.638s][info][gc] GC(21429) Pause Full (System.gc()) 45M->42M(63M) 61.269ms
Dec 25 23:23:56 untangle-main uvmconsole: [1406833.408s][info][gc] GC(21430) Pause Young (Normal) (G1 Evacuation Pause) 51M->42M(63M) 3.744ms
Dec 25 23:25:56 untangle-main uvmconsole: [1406953.410s][info][gc] GC(21431) Pause Young (Normal) (G1 Evacuation Pause) 50M->42M(63M) 7.000ms
Dec 25 23:26:45 untangle-main uvmconsole: [1407002.639s][info][gc] GC(21432) Pause Full (System.gc()) 45M->42M(63M) 60.296ms
Dec 25 23:28:40 untangle-main uvmconsole: [1407118.333s][info][gc] GC(21433) Pause Young (Normal) (G1 Evacuation Pause) 50M->42M(63M) 4.600ms
Dec 25 23:30:26 untangle-main uvmconsole: [1407223.412s][info][gc] GC(21434) Pause Young (Normal) (G1 Evacuation Pause) 49M->42M(63M) 6.093ms
Dec 25 23:31:45 untangle-main uvmconsole: [1407302.641s][info][gc] GC(21435) Pause Full (System.gc()) 47M->42M(63M) 62.329ms
Dec 25 23:33:56 untangle-main uvmconsole: [1407433.412s][info][gc] GC(21436) Pause Young (Normal) (G1 Evacuation Pause) 51M->42M(63M) 4.626ms
Dec 25 23:35:56 untangle-main uvmconsole: [1407553.415s][info][gc] GC(21437) Pause Young (Normal) (G1 Evacuation Pause) 50M->42M(63M) 4.213ms
Dec 25 23:36:45 untangle-main uvmconsole: [1407602.649s][info][gc] GC(21438) Pause Full (System.gc()) 45M->42M(63M) 73.028ms
Dec 25 23:38:56 untangle-main uvmconsole: [1407733.406s][info][gc] GC(21439) Pause Young (Normal) (G1 Evacuation Pause) 51M->42M(63M) 5.649ms
Dec 25 23:40:46 untangle-main uvmconsole: [1407844.077s][info][gc] GC(21440) Pause Young (Normal) (G1 Evacuation Pause) 50M->42M(63M) 6.352ms
Dec 25 23:41:45 untangle-main uvmconsole: [1407902.633s][info][gc] GC(21441) Pause Full (System.gc()) 45M->42M(63M) 54.669ms
Dec 25 23:44:07 untangle-main uvmconsole: [1408044.989s][info][gc] GC(21442) Pause Young (Normal) (G1 Evacuation Pause) 52M->42M(63M) 5.523ms
Dec 25 23:46:26 untangle-main uvmconsole: [1408183.820s][info][gc] GC(21443) Pause Young (Normal) (G1 Evacuation Pause) 51M->42M(63M) 5.077ms
Dec 25 23:46:45 untangle-main uvmconsole: [1408202.655s][info][gc] GC(21444) Pause Full (System.gc()) 43M->42M(63M) 79.194ms
Dec 25 23:49:07 untangle-main uvmconsole: [1408345.150s][info][gc] GC(21445) Pause Young (Normal) (G1 Evacuation Pause) 52M->42M(63M) 4.026ms
Dec 25 23:51:26 untangle-main uvmconsole: [1408483.408s][info][gc] GC(21446) Pause Young (Normal) (G1 Evacuation Pause) 51M->42M(63M) 4.827ms
Dec 25 23:51:45 untangle-main uvmconsole: [1408502.639s][info][gc] GC(21447) Pause Full (System.gc()) 43M->42M(63M) 60.414ms
Dec 25 23:54:16 untangle-main uvmconsole: [1408653.408s][info][gc] GC(21448) Pause Young (Normal) (G1 Evacuation Pause) 52M->42M(63M) 5.648ms
Dec 25 23:56:27 untangle-main uvmconsole: [1408785.366s][info][gc] GC(21449) Pause Young (Normal) (G1 Evacuation Pause) 51M->42M(63M) 3.658ms
Dec 25 23:56:45 untangle-main uvmconsole: [1408802.650s][info][gc] GC(21450) Pause Full (System.gc()) 43M->42M(63M) 71.006ms
Dec 25 23:58:56 untangle-main uvmconsole: [1408933.407s][info][gc] GC(21451) Pause Young (Normal) (G1 Evacuation Pause) 51M->42M(63M) 4.698ms
Dec 26 00:00:56 untangle-main uvmconsole: [1409053.405s][info][gc] GC(21452) Pause Young (Normal) (G1 Evacuation Pause) 50M->42M(63M) 5.377ms
Dec 26 00:01:45 untangle-main uvmconsole: [1409102.618s][info][gc] GC(21453) Pause Full (System.gc()) 45M->42M(63M) 39.404ms
Dec 26 00:04:16 untangle-main uvmconsole: [1409253.408s][info][gc] GC(21454) Pause Young (Normal) (G1 Evacuation Pause) 52M->42M(63M) 5.496ms
Dec 26 00:06:34 untangle-main uvmconsole: [1409391.733s][info][gc] GC(21455) Pause Young (Normal) (G1 Evacuation Pause) 51M->42M(63M) 7.378ms
Dec 26 00:06:45 untangle-main uvmconsole: [1409402.648s][info][gc] GC(21456) Pause Full (System.gc()) 43M->42M(63M) 67.724ms
Dec 26 00:09:03 untangle-main uvmconsole: [1409540.749s][info][gc] GC(21457) Pause Young (Normal) (G1 Evacuation Pause) 52M->42M(63M) 8.019ms
Dec 26 00:11:16 untangle-main uvmconsole: [1409673.407s][info][gc] GC(21458) Pause Young (Normal) (G1 Evacuation Pause) 51M->42M(63M) 4.318ms
Dec 26 00:11:45 untangle-main uvmconsole: [1409702.617s][info][gc] GC(21459) Pause Full (System.gc()) 44M->42M(63M) 39.132ms
Dec 26 00:14:16 untangle-main uvmconsole: [1409853.404s][info][gc] GC(21460) Pause Young (Normal) (G1 Evacuation Pause) 52M->42M(63M) 4.832ms
Dec 26 00:16:26 untangle-main uvmconsole: [1409983.410s][info][gc] GC(21461) Pause Young (Normal) (G1 Evacuation Pause) 51M->42M(63M) 6.997ms
Dec 26 00:16:45 untangle-main uvmconsole: [1410002.642s][info][gc] GC(21462) Pause Full (System.gc()) 43M->42M(63M) 62.639ms
Dec 26 00:19:16 untangle-main uvmconsole: [1410153.407s][info][gc] GC(21463) Pause Young (Normal) (G1 Evacuation Pause) 52M->42M(63M) 5.762ms
Dec 26 00:21:26 untangle-main uvmconsole: [1410283.412s][info][gc] GC(21464) Pause Young (Normal) (G1 Evacuation Pause) 51M->42M(63M) 4.041ms
Dec 26 00:21:45 untangle-main uvmconsole: [1410302.643s][info][gc] GC(21465) Pause Full (System.gc()) 43M->42M(63M) 64.191ms
Dec 26 00:24:16 untangle-main uvmconsole: [1410453.400s][info][gc] GC(21466) Pause Young (Normal) (G1 Evacuation Pause) 52M->42M(63M) 1.755ms
Dec 26 00:26:29 untangle-main uvmconsole: [1410586.418s][info][gc] GC(21467) Pause Young (Normal) (G1 Evacuation Pause) 51M->42M(63M) 4.538ms
Dec 26 00:26:45 untangle-main uvmconsole: [1410602.637s][info][gc] GC(21468) Pause Full (System.gc()) 43M->42M(63M) 59.054ms
Dec 26 00:28:56 untangle-main uvmconsole: [1410733.408s][info][gc] GC(21469) Pause Young (Normal) (G1 Evacuation Pause) 51M->42M(63M) 5.101ms
Dec 26 00:30:56 untangle-main uvmconsole: [1410853.407s][info][gc] GC(21470) Pause Young (Normal) (G1 Evacuation Pause) 50M->42M(63M) 4.448ms
Dec 26 00:31:45 untangle-main uvmconsole: [1410902.638s][info][gc] GC(21471) Pause Full (System.gc()) 45M->42M(63M) 61.565ms
Dec 26 00:34:06 untangle-main uvmconsole: [1411043.413s][info][gc] GC(21472) Pause Young (Normal) (G1 Evacuation Pause) 52M->42M(63M) 4.607ms
Dec 26 00:36:23 untangle-main uvmconsole: [1411180.714s][info][gc] GC(21473) Pause Young (Normal) (G1 Evacuation Pause) 51M->42M(63M) 4.252ms
Dec 26 00:36:45 untangle-main uvmconsole: [1411202.638s][info][gc] GC(21474) Pause Full (System.gc()) 43M->42M(63M) 60.632ms
Dec 26 00:38:56 untangle-main uvmconsole: [1411333.414s][info][gc] GC(21475) Pause Young (Normal) (G1 Evacuation Pause) 51M->42M(63M) 15.412ms
Dec 26 00:40:56 untangle-main uvmconsole: [1411453.407s][info][gc] GC(21476) Pause Young (Normal) (G1 Evacuation Pause) 50M->42M(63M) 4.910ms
Dec 26 00:41:45 untangle-main uvmconsole: [1411502.624s][info][gc] GC(21477) Pause Full (System.gc()) 45M->42M(63M) 46.882ms
Dec 26 00:44:09 untangle-main uvmconsole: [1411647.012s][info][gc] GC(21478) Pause Young (Normal) (G1 Evacuation Pause) 52M->42M(63M) 1.681ms
Dec 26 00:46:26 untangle-main uvmconsole: [1411783.411s][info][gc] GC(21479) Pause Young (Normal) (G1 Evacuation Pause) 51M->42M(63M) 6.915ms
Dec 26 00:46:45 untangle-main uvmconsole: [1411802.646s][info][gc] GC(21480) Pause Full (System.gc()) 43M->42M(63M) 68.583ms
Dec 26 00:49:15 untangle-main uvmconsole: [1411952.934s][info][gc] GC(21481) Pause Young (Normal) (G1 Evacuation Pause) 52M->42M(63M) 9.273ms
Dec 26 00:51:26 untangle-main uvmconsole: [1412083.406s][info][gc] GC(21482) Pause Young (Normal) (G1 Evacuation Pause) 51M->42M(63M) 5.309ms
Dec 26 00:51:45 untangle-main uvmconsole: [1412102.647s][info][gc] GC(21483) Pause Full (System.gc()) 43M->42M(63M) 69.477ms
Dec 26 00:53:56 untangle-main uvmconsole: [1412233.402s][info][gc] GC(21484) Pause Young (Normal) (G1 Evacuation Pause) 51M->42M(63M) 1.658ms
Dec 26 00:55:56 untangle-main uvmconsole: [1412353.423s][info][gc] GC(21485) Pause Young (Normal) (G1 Evacuation Pause) 50M->42M(63M) 20.010ms
Dec 26 00:56:45 untangle-main uvmconsole: [1412402.638s][info][gc] GC(21486) Pause Full (System.gc()) 45M->42M(63M) 61.199ms
Dec 26 00:59:16 untangle-main uvmconsole: [1412553.405s][info][gc] GC(21487) Pause Young (Normal) (G1 Evacuation Pause) 52M->42M(63M) 4.916ms
Dec 26 01:01:26 untangle-main uvmconsole: [1412683.650s][info][gc] GC(21488) Pause Young (Normal) (G1 Evacuation Pause) 51M->42M(63M) 4.481ms
Dec 26 01:01:45 untangle-main uvmconsole: [1412702.641s][info][gc] GC(21489) Pause Full (System.gc()) 43M->42M(63M) 63.486ms
Dec 26 01:04:00 untangle-main uvmconsole: [1412837.568s][info][gc] GC(21490) Pause Young (Normal) (G1 Evacuation Pause) 52M->42M(63M) 4.829ms
Dec 26 01:06:16 untangle-main uvmconsole: [1412973.410s][info][gc] GC(21491) Pause Young (Normal) (G1 Evacuation Pause) 51M->42M(63M) 5.422ms
Dec 26 01:06:45 untangle-main uvmconsole: [1413002.641s][info][gc] GC(21492) Pause Full (System.gc()) 44M->42M(63M) 63.288ms
Dec 26 01:08:46 untangle-main uvmconsole: [1413124.296s][info][gc] GC(21493) Pause Young (Normal) (G1 Evacuation Pause) 51M->42M(63M) 3.854ms
Dec 26 01:10:46 untangle-main uvmconsole: [1413243.410s][info][gc] GC(21494) Pause Young (Normal) (G1 Evacuation Pause) 50M->42M(63M) 6.534ms
Dec 26 01:11:45 untangle-main uvmconsole: [1413302.618s][info][gc] GC(21495) Pause Full (System.gc()) 46M->42M(63M) 39.955ms
Dec 26 01:13:56 untangle-main uvmconsole: [1413433.418s][info][gc] GC(21496) Pause Young (Normal) (G1 Evacuation Pause) 51M->42M(63M) 6.698ms
Dec 26 01:15:58 untangle-main uvmconsole: [1413555.609s][info][gc] GC(21497) Pause Young (Normal) (G1 Evacuation Pause) 50M->42M(63M) 5.128ms
Dec 26 01:16:45 untangle-main uvmconsole: [1413602.637s][info][gc] GC(21498) Pause Full (System.gc()) 45M->42M(63M) 58.649ms
Dec 26 01:18:56 untangle-main uvmconsole: [1413733.410s][info][gc] GC(21499) Pause Young (Normal) (G1 Evacuation Pause) 51M->42M(63M) 5.194ms
Dec 26 01:20:56 untangle-main uvmconsole: [1413853.407s][info][gc] GC(21500) Pause Young (Normal) (G1 Evacuation Pause) 50M->42M(63M) 4.789ms
Dec 26 01:21:45 untangle-main uvmconsole: [1413902.635s][info][gc] GC(21501) Pause Full (System.gc()) 45M->42M(63M) 56.111ms
Dec 26 01:23:56 untangle-main uvmconsole: [1414033.402s][info][gc] GC(21502) Pause Young (Normal) (G1 Evacuation Pause) 51M->42M(63M) 1.694ms
Dec 26 01:26:00 untangle-main uvmconsole: [1414158.263s][info][gc] GC(21503) Pause Young (Normal) (G1 Evacuation Pause) 50M->42M(63M) 6.129ms
Dec 26 01:26:45 untangle-main uvmconsole: [1414202.640s][info][gc] GC(21504) Pause Full (System.gc()) 45M->42M(63M) 61.243ms
Dec 26 01:28:56 untangle-main uvmconsole: [1414333.404s][info][gc] GC(21505) Pause Young (Normal) (G1 Evacuation Pause) 51M->42M(63M) 4.508ms
Dec 26 01:30:56 untangle-main uvmconsole: [1414453.408s][info][gc] GC(21506) Pause Young (Normal) (G1 Evacuation Pause) 50M->42M(63M) 4.838ms
Dec 26 01:31:45 untangle-main uvmconsole: [1414502.638s][info][gc] GC(21507) Pause Full (System.gc()) 45M->42M(63M) 59.136ms
Dec 26 01:34:16 untangle-main uvmconsole: [1414653.408s][info][gc] GC(21508) Pause Young (Normal) (G1 Evacuation Pause) 52M->42M(63M) 6.369ms
Dec 26 01:36:26 untangle-main uvmconsole: [1414783.423s][info][gc] GC(21509) Pause Young (Normal) (G1 Evacuation Pause) 51M->42M(63M) 4.800ms
Dec 26 01:36:45 untangle-main uvmconsole: [1414802.640s][info][gc] GC(21510) Pause Full (System.gc()) 43M->42M(63M) 61.444ms
Dec 26 01:39:06 untangle-main uvmconsole: [1414943.407s][info][gc] GC(21511) Pause Young (Normal) (G1 Evacuation Pause) 52M->42M(63M) 7.175ms
Dec 26 01:41:02 untangle-main uvmconsole: [1415060.148s][info][gc] GC(21512) Pause Young (Normal) (G1 Evacuation Pause) 51M->42M(63M) 3.452ms
Dec 26 01:41:18 untangle-main uvmconsole: [1415075.762s][info][gc] GC(21513) Pause Young (Normal) (G1 Evacuation Pause) 51M->43M(63M) 6.171ms
Dec 26 01:41:18 untangle-main uvmconsole: Starting ChromeDriver 83.0.4103.116 (8f0c18b4dca9b6699eb629be0f51810c24fb6428-refs/branch-heads/4103@{#716}) on port 20005
Dec 26 01:41:18 untangle-main uvmconsole: Only local connections are allowed.
Dec 26 01:41:18 untangle-main uvmconsole: Please see https://chromedriver.chromium.org/security-considerations for suggestions on keeping ChromeDriver safe.
Dec 26 01:41:18 untangle-main uvmconsole: ChromeDriver was started successfully.
Dec 26 01:41:21 untangle-main uvmconsole: Dec 26, 2020 1:41:21 AM org.openqa.selenium.remote.ProtocolHandshake createSession
Dec 26 01:41:21 untangle-main uvmconsole: INFO: Detected dialect: W3C
Dec 26 01:41:45 untangle-main uvmconsole: [1415102.634s][info][gc] GC(21514) Pause Full (System.gc()) 48M->43M(63M) 55.492ms
Dec 26 01:43:56 untangle-main uvmconsole: [1415233.407s][info][gc] GC(21515) Pause Young (Normal) (G1 Evacuation Pause) 52M->43M(63M) 5.896ms
Dec 26 01:45:48 untangle-main uvmconsole: [1415346.213s][info][gc] GC(21516) Pause Young (Normal) (G1 Evacuation Pause) 51M->43M(63M) 7.366ms
Dec 26 01:46:45 untangle-main uvmconsole: [1415402.653s][info][gc] GC(21517) Pause Full (System.gc()) 46M->43M(63M) 75.201ms
Dec 26 01:48:46 untangle-main uvmconsole: [1415523.406s][info][gc] GC(21518) Pause Young (Normal) (G1 Evacuation Pause) 51M->43M(63M) 4.410ms
Dec 26 01:50:26 untangle-main uvmconsole: [1415623.597s][info][gc] GC(21519) Pause Young (Normal) (G1 Evacuation Pause) 50M->43M(63M) 4.129ms
Dec 26 01:51:45 untangle-main uvmconsole: [1415702.646s][info][gc] GC(21520) Pause Full (System.gc()) 48M->43M(63M) 67.359ms
Dec 26 01:53:42 untangle-main uvmconsole: [1415819.864s][info][gc] GC(21521) Pause Young (Normal) (G1 Evacuation Pause) 51M->43M(63M) 7.295ms
Dec 26 01:55:26 untangle-main uvmconsole: [1415923.406s][info][gc] GC(21522) Pause Young (Normal) (G1 Evacuation Pause) 50M->43M(63M) 6.474ms
Dec 26 01:56:45 untangle-main uvmconsole: [1416002.649s][info][gc] GC(21523) Pause Full (System.gc()) 48M->43M(63M) 71.176ms
Dec 26 01:58:56 untangle-main uvmconsole: [1416133.415s][info][gc] GC(21524) Pause Young (Normal) (G1 Evacuation Pause) 52M->43M(63M) 7.738ms
Dec 26 02:00:57 untangle-main uvmconsole: [1416254.617s][info][gc] GC(21525) Pause Young (Normal) (G1 Evacuation Pause) 51M->43M(63M) 2.904ms
Dec 26 02:01:45 untangle-main uvmconsole: [1416302.652s][info][gc] GC(21526) Pause Full (System.gc()) 46M->43M(63M) 73.433ms
Dec 26 02:03:54 untangle-main uvmconsole: [1416432.248s][info][gc] GC(21527) Pause Young (Normal) (G1 Evacuation Pause) 52M->43M(63M) 2.378ms
Dec 26 02:05:54 untangle-main uvmconsole: [1416552.304s][info][gc] GC(21528) Pause Young (Normal) (G1 Evacuation Pause) 51M->43M(63M) 1.719ms
Dec 26 02:06:45 untangle-main uvmconsole: [1416602.652s][info][gc] GC(21529) Pause Full (System.gc()) 46M->43M(63M) 72.233ms
Dec 26 02:08:56 untangle-main uvmconsole: [1416733.423s][info][gc] GC(21530) Pause Young (Normal) (G1 Evacuation Pause) 52M->43M(63M) 22.372ms
Dec 26 02:10:55 untangle-main uvmconsole: [1416852.454s][info][gc] GC(21531) Pause Young (Normal) (G1 Evacuation Pause) 51M->43M(63M) 4.615ms
Dec 26 02:11:45 untangle-main uvmconsole: [1416902.635s][info][gc] GC(21532) Pause Full (System.gc()) 46M->43M(63M) 58.624ms
Dec 26 02:13:45 untangle-main uvmconsole: [1417022.556s][info][gc] GC(21533) Pause Young (Normal) (G1 Evacuation Pause) 51M->43M(63M) 7.464ms
Dec 26 02:15:26 untangle-main uvmconsole: [1417123.408s][info][gc] GC(21534) Pause Young (Normal) (G1 Evacuation Pause) 50M->43M(63M) 4.076ms
Dec 26 02:16:45 untangle-main uvmconsole: [1417203.005s][info][gc] GC(21535) Pause Full (System.gc()) 48M->42M(63M) 426.165ms
Dec 26 02:18:56 untangle-main uvmconsole: [1417333.408s][info][gc] GC(21536) Pause Young (Normal) (G1 Evacuation Pause) 51M->42M(63M) 4.820ms
Dec 26 02:20:56 untangle-main uvmconsole: [1417453.402s][info][gc] GC(21537) Pause Young (Normal) (G1 Evacuation Pause) 50M->42M(63M) 2.123ms
Dec 26 02:21:45 untangle-main uvmconsole: [1417502.644s][info][gc] GC(21538) Pause Full (System.gc()) 45M->42M(63M) 64.937ms
Dec 26 02:23:56 untangle-main uvmconsole: [1417633.414s][info][gc] GC(21539) Pause Young (Normal) (G1 Evacuation Pause) 51M->42M(63M) 5.688ms
Dec 26 02:25:56 untangle-main uvmconsole: [1417753.418s][info][gc] GC(21540) Pause Young (Normal) (G1 Evacuation Pause) 50M->42M(63M) 8.757ms
Dec 26 02:26:45 untangle-main uvmconsole: [1417802.637s][info][gc] GC(21541) Pause Full (System.gc()) 45M->42M(63M) 59.909ms
Dec 26 02:29:16 untangle-main uvmconsole: [1417953.408s][info][gc] GC(21542) Pause Young (Normal) (G1 Evacuation Pause) 52M->42M(63M) 7.316ms
Dec 26 02:31:26 untangle-main uvmconsole: [1418083.496s][info][gc] GC(21543) Pause Young (Normal) (G1 Evacuation Pause) 51M->42M(63M) 5.176ms
Dec 26 02:31:45 untangle-main uvmconsole: [1418102.639s][info][gc] GC(21544) Pause Full (System.gc()) 43M->42M(63M) 61.542ms
Dec 26 02:33:56 untangle-main uvmconsole: [1418233.413s][info][gc] GC(21545) Pause Young (Normal) (G1 Evacuation Pause) 51M->42M(63M) 4.926ms
Dec 26 02:35:56 untangle-main uvmconsole: [1418353.649s][info][gc] GC(21546) Pause Young (Normal) (G1 Evacuation Pause) 50M->42M(63M) 5.301ms
Dec 26 02:36:45 untangle-main uvmconsole: [1418402.619s][info][gc] GC(21547) Pause Full (System.gc()) 45M->42M(63M) 40.236ms
Dec 26 02:38:46 untangle-main uvmconsole: [1418523.407s][info][gc] GC(21548) Pause Young (Normal) (G1 Evacuation Pause) 51M->42M(63M) 4.889ms
Dec 26 02:40:46 untangle-main uvmconsole: [1418643.405s][info][gc] GC(21549) Pause Young (Normal) (G1 Evacuation Pause) 50M->42M(63M) 4.898ms
Dec 26 02:41:45 untangle-main uvmconsole: [1418702.674s][info][gc] GC(21550) Pause Full (System.gc()) 46M->42M(63M) 96.724ms
Dec 26 02:44:16 untangle-main uvmconsole: [1418853.408s][info][gc] GC(21551) Pause Young (Normal) (G1 Evacuation Pause) 52M->42M(63M) 7.495ms
Dec 26 02:46:26 untangle-main uvmconsole: [1418983.416s][info][gc] GC(21552) Pause Young (Normal) (G1 Evacuation Pause) 51M->42M(63M) 7.209ms
Dec 26 02:46:45 untangle-main uvmconsole: [1419002.643s][info][gc] GC(21553) Pause Full (System.gc()) 43M->42M(63M) 66.308ms
Dec 26 02:49:06 untangle-main uvmconsole: [1419144.094s][info][gc] GC(21554) Pause Young (Normal) (G1 Evacuation Pause) 52M->42M(63M) 5.118ms
Dec 26 02:51:26 untangle-main uvmconsole: [1419283.402s][info][gc] GC(21555) Pause Young (Normal) (G1 Evacuation Pause) 51M->42M(63M) 1.878ms
Dec 26 02:51:45 untangle-main uvmconsole: [1419302.644s][info][gc] GC(21556) Pause Full (System.gc()) 43M->42M(63M) 65.675ms
Dec 26 02:54:16 untangle-main uvmconsole: [1419453.410s][info][gc] GC(21557) Pause Young (Normal) (G1 Evacuation Pause) 52M->42M(63M) 8.108ms
Dec 26 02:56:26 untangle-main uvmconsole: [1419583.414s][info][gc] GC(21558) Pause Young (Normal) (G1 Evacuation Pause) 51M->42M(63M) 8.593ms
Dec 26 02:56:45 untangle-main uvmconsole: [1419602.644s][info][gc] GC(21559) Pause Full (System.gc()) 43M->42M(63M) 66.990ms
Dec 26 02:58:56 untangle-main uvmconsole: [1419733.414s][info][gc] GC(21560) Pause Young (Normal) (G1 Evacuation Pause) 51M->42M(63M) 6.787ms
Dec 26 03:00:57 untangle-main uvmconsole: [1419854.477s][info][gc] GC(21561) Pause Young (Normal) (G1 Evacuation Pause) 50M->42M(63M) 5.150ms
Dec 26 03:01:45 untangle-main uvmconsole: [1419902.647s][info][gc] GC(21562) Pause Full (System.gc()) 45M->42M(63M) 68.409ms
Dec 26 03:03:56 untangle-main uvmconsole: [1420033.412s][info][gc] GC(21563) Pause Young (Normal) (G1 Evacuation Pause) 51M->42M(63M) 6.926ms
Dec 26 03:05:56 untangle-main uvmconsole: [1420153.406s][info][gc] GC(21564) Pause Young (Normal) (G1 Evacuation Pause) 50M->42M(63M) 3.733ms
Dec 26 03:06:45 untangle-main uvmconsole: [1420202.639s][info][gc] GC(21565) Pause Full (System.gc()) 45M->42M(63M) 62.539ms
Dec 26 03:09:06 untangle-main uvmconsole: [1420343.408s][info][gc] GC(21566) Pause Young (Normal) (G1 Evacuation Pause) 52M->42M(63M) 4.283ms
Dec 26 03:11:26 untangle-main uvmconsole: [1420483.406s][info][gc] GC(21567) Pause Young (Normal) (G1 Evacuation Pause) 51M->42M(63M) 5.121ms
Dec 26 03:11:45 untangle-main uvmconsole: [1420502.645s][info][gc] GC(21568) Pause Full (System.gc()) 43M->42M(63M) 68.844ms
Dec 26 03:13:56 untangle-main uvmconsole: [1420633.405s][info][gc] GC(21569) Pause Young (Normal) (G1 Evacuation Pause) 51M->42M(63M) 4.280ms
Dec 26 03:15:56 untangle-main uvmconsole: [1420753.405s][info][gc] GC(21570) Pause Young (Normal) (G1 Evacuation Pause) 50M->42M(63M) 3.800ms
Dec 26 03:16:45 untangle-main uvmconsole: [1420802.642s][info][gc] GC(21571) Pause Full (System.gc()) 45M->42M(63M) 62.923ms
Dec 26 03:19:07 untangle-main uvmconsole: [1420944.986s][info][gc] GC(21572) Pause Young (Normal) (G1 Evacuation Pause) 52M->42M(63M) 5.048ms
Dec 26 03:21:26 untangle-main uvmconsole: [1421083.404s][info][gc] GC(21573) Pause Young (Normal) (G1 Evacuation Pause) 51M->42M(63M) 2.906ms
Dec 26 03:21:45 untangle-main uvmconsole: [1421102.642s][info][gc] GC(21574) Pause Full (System.gc()) 43M->42M(63M) 63.694ms
Dec 26 03:24:07 untangle-main uvmconsole: [1421245.161s][info][gc] GC(21575) Pause Young (Normal) (G1 Evacuation Pause) 52M->42M(63M) 6.532ms
Dec 26 03:26:26 untangle-main uvmconsole: [1421383.412s][info][gc] GC(21576) Pause Young (Normal) (G1 Evacuation Pause) 51M->42M(63M) 7.439ms
Dec 26 03:26:45 untangle-main uvmconsole: [1421402.636s][info][gc] GC(21577) Pause Full (System.gc()) 43M->42M(63M) 59.144ms
Dec 26 03:29:15 untangle-main uvmconsole: [1421553.299s][info][gc] GC(21578) Pause Young (Normal) (G1 Evacuation Pause) 52M->42M(63M) 4.853ms
Dec 26 03:31:26 untangle-main uvmconsole: [1421683.403s][info][gc] GC(21579) Pause Young (Normal) (G1 Evacuation Pause) 51M->42M(63M) 4.876ms
Dec 26 03:31:45 untangle-main uvmconsole: [1421702.641s][info][gc] GC(21580) Pause Full (System.gc()) 43M->42M(63M) 62.584ms
Dec 26 03:34:16 untangle-main uvmconsole: [1421853.403s][info][gc] GC(21581) Pause Young (Normal) (G1 Evacuation Pause) 52M->42M(63M) 4.753ms
Dec 26 03:36:36 untangle-main uvmconsole: [1421993.403s][info][gc] GC(21582) Pause Young (Normal) (G1 Evacuation Pause) 51M->42M(63M) 4.604ms
Dec 26 03:36:45 untangle-main uvmconsole: [1422002.619s][info][gc] GC(21583) Pause Full (System.gc()) 43M->42M(63M) 41.008ms
Dec 26 03:38:47 untangle-main uvmconsole: [1422124.880s][info][gc] GC(21584) Pause Young (Normal) (G1 Evacuation Pause) 51M->42M(63M) 3.932ms
Dec 26 03:40:46 untangle-main uvmconsole: [1422243.402s][info][gc] GC(21585) Pause Young (Normal) (G1 Evacuation Pause) 50M->42M(63M) 2.190ms
Dec 26 03:41:45 untangle-main uvmconsole: [1422302.644s][info][gc] GC(21586) Pause Full (System.gc()) 45M->42M(63M) 68.010ms
Dec 26 03:43:56 untangle-main uvmconsole: [1422433.415s][info][gc] GC(21587) Pause Young (Normal) (G1 Evacuation Pause) 51M->42M(63M) 6.736ms
Dec 26 03:45:56 untangle-main uvmconsole: [1422553.413s][info][gc] GC(21588) Pause Young (Normal) (G1 Evacuation Pause) 50M->42M(63M) 5.075ms
Dec 26 03:46:45 untangle-main uvmconsole: [1422602.638s][info][gc] GC(21589) Pause Full (System.gc()) 45M->42M(63M) 60.291ms
Dec 26 03:49:06 untangle-main uvmconsole: [1422743.498s][info][gc] GC(21590) Pause Young (Normal) (G1 Evacuation Pause) 52M->42M(63M) 4.046ms
Dec 26 03:51:26 untangle-main uvmconsole: [1422883.408s][info][gc] GC(21591) Pause Young (Normal) (G1 Evacuation Pause) 51M->42M(63M) 5.807ms
Dec 26 03:51:45 untangle-main uvmconsole: [1422902.642s][info][gc] GC(21592) Pause Full (System.gc()) 43M->42M(63M) 65.553ms
Dec 26 03:53:56 untangle-main uvmconsole: [1423033.406s][info][gc] GC(21593) Pause Young (Normal) (G1 Evacuation Pause) 51M->42M(63M) 1.939ms
Dec 26 03:55:56 untangle-main uvmconsole: [1423153.404s][info][gc] GC(21594) Pause Young (Normal) (G1 Evacuation Pause) 50M->42M(63M) 1.637ms
Dec 26 03:56:45 untangle-main uvmconsole: [1423202.641s][info][gc] GC(21595) Pause Full (System.gc()) 45M->42M(63M) 64.185ms
Dec 26 03:58:56 untangle-main uvmconsole: [1423333.414s][info][gc] GC(21596) Pause Young (Normal) (G1 Evacuation Pause) 51M->42M(63M) 8.162ms
Dec 26 04:00:56 untangle-main uvmconsole: [1423453.414s][info][gc] GC(21597) Pause Young (Normal) (G1 Evacuation Pause) 50M->42M(63M) 6.293ms
Dec 26 04:01:45 untangle-main uvmconsole: [1423502.642s][info][gc] GC(21598) Pause Full (System.gc()) 45M->42M(63M) 64.378ms
Dec 26 04:03:56 untangle-main uvmconsole: [1423633.412s][info][gc] GC(21599) Pause Young (Normal) (G1 Evacuation Pause) 51M->42M(63M) 6.739ms
Dec 26 04:05:56 untangle-main uvmconsole: [1423753.405s][info][gc] GC(21600) Pause Young (Normal) (G1 Evacuation Pause) 50M->42M(63M) 4.810ms
Dec 26 04:06:45 untangle-main uvmconsole: [1423802.617s][info][gc] GC(21601) Pause Full (System.gc()) 45M->42M(63M) 41.034ms
Dec 26 04:08:56 untangle-main uvmconsole: [1423933.413s][info][gc] GC(21602) Pause Young (Normal) (G1 Evacuation Pause) 51M->42M(63M) 13.131ms
Dec 26 04:10:56 untangle-main uvmconsole: [1424053.404s][info][gc] GC(21603) Pause Young (Normal) (G1 Evacuation Pause) 50M->42M(63M) 4.509ms
Dec 26 04:11:45 untangle-main uvmconsole: [1424102.634s][info][gc] GC(21604) Pause Full (System.gc()) 45M->42M(63M) 56.788ms
Dec 26 04:13:56 untangle-main uvmconsole: [1424233.411s][info][gc] GC(21605) Pause Young (Normal) (G1 Evacuation Pause) 51M->42M(63M) 5.212ms
Dec 26 04:15:56 untangle-main uvmconsole: [1424353.418s][info][gc] GC(21606) Pause Young (Normal) (G1 Evacuation Pause) 50M->42M(63M) 11.711ms
Dec 26 04:16:45 untangle-main uvmconsole: [1424402.642s][info][gc] GC(21607) Pause Full (System.gc()) 45M->42M(63M) 64.983ms
Dec 26 04:18:56 untangle-main uvmconsole: [1424533.402s][info][gc] GC(21608) Pause Young (Normal) (G1 Evacuation Pause) 51M->42M(63M) 2.304ms
Dec 26 04:20:56 untangle-main uvmconsole: [1424653.407s][info][gc] GC(21609) Pause Young (Normal) (G1 Evacuation Pause) 50M->42M(63M) 3.729ms
Dec 26 04:21:45 untangle-main uvmconsole: [1424702.638s][info][gc] GC(21610) Pause Full (System.gc()) 45M->42M(63M) 61.902ms
Dec 26 04:24:07 untangle-main uvmconsole: [1424845.231s][info][gc] GC(21611) Pause Young (Normal) (G1 Evacuation Pause) 52M->42M(63M) 4.164ms
Dec 26 04:26:26 untangle-main uvmconsole: [1424983.403s][info][gc] GC(21612) Pause Young (Normal) (G1 Evacuation Pause) 51M->42M(63M) 4.197ms
Dec 26 04:26:45 untangle-main uvmconsole: [1425002.645s][info][gc] GC(21613) Pause Full (System.gc()) 43M->42M(63M) 65.725ms
Dec 26 04:29:16 untangle-main uvmconsole: [1425153.407s][info][gc] GC(21614) Pause Young (Normal) (G1 Evacuation Pause) 52M->42M(63M) 4.812ms
Dec 26 04:31:28 untangle-main uvmconsole: [1425285.643s][info][gc] GC(21615) Pause Young (Normal) (G1 Evacuation Pause) 51M->42M(63M) 5.016ms
Dec 26 04:31:45 untangle-main uvmconsole: [1425302.638s][info][gc] GC(21616) Pause Full (System.gc()) 43M->42M(63M) 62.036ms
Dec 26 04:34:09 untangle-main uvmconsole: [1425447.323s][info][gc] GC(21617) Pause Young (Normal) (G1 Evacuation Pause) 52M->42M(63M) 4.994ms
Dec 26 04:36:26 untangle-main uvmconsole: [1425583.404s][info][gc] GC(21618) Pause Young (Normal) (G1 Evacuation Pause) 51M->42M(63M) 1.759ms
Dec 26 04:36:45 untangle-main uvmconsole: [1425602.619s][info][gc] GC(21619) Pause Full (System.gc()) 43M->42M(63M) 41.770ms
Dec 26 04:38:56 untangle-main uvmconsole: [1425733.406s][info][gc] GC(21620) Pause Young (Normal) (G1 Evacuation Pause) 51M->42M(63M) 7.746ms
Dec 26 04:40:50 untangle-main uvmconsole: [1425847.559s][info][gc] GC(21621) Pause Young (Normal) (G1 Evacuation Pause) 50M->42M(63M) 6.791ms
Dec 26 04:41:45 untangle-main uvmconsole: [1425902.637s][info][gc] GC(21622) Pause Full (System.gc()) 45M->42M(63M) 59.196ms
Dec 26 04:43:36 untangle-main uvmconsole: [1426013.402s][info][gc] GC(21623) Pause Young (Normal) (G1 Evacuation Pause) 50M->42M(63M) 2.558ms
Dec 26 04:45:26 untangle-main uvmconsole: [1426123.404s][info][gc] GC(21624) Pause Young (Normal) (G1 Evacuation Pause) 49M->42M(63M) 4.331ms
Dec 26 04:46:45 untangle-main uvmconsole: [1426202.638s][info][gc] GC(21625) Pause Full (System.gc()) 47M->42M(63M) 59.923ms
Dec 26 04:49:09 untangle-main uvmconsole: [1426346.662s][info][gc] GC(21626) Pause Young (Normal) (G1 Evacuation Pause) 52M->42M(63M) 7.292ms
Dec 26 04:51:28 untangle-main uvmconsole: [1426485.730s][info][gc] GC(21627) Pause Young (Normal) (G1 Evacuation Pause) 51M->42M(63M) 4.536ms
Dec 26 04:51:45 untangle-main uvmconsole: [1426502.631s][info][gc] GC(21628) Pause Full (System.gc()) 43M->42M(63M) 54.195ms
Dec 26 04:54:16 untangle-main uvmconsole: [1426653.403s][info][gc] GC(21629) Pause Young (Normal) (G1 Evacuation Pause) 52M->42M(63M) 2.742ms
Dec 26 04:56:28 untangle-main uvmconsole: [1426785.788s][info][gc] GC(21630) Pause Young (Normal) (G1 Evacuation Pause) 51M->42M(63M) 3.686ms
Dec 26 04:56:45 untangle-main uvmconsole: [1426802.640s][info][gc] GC(21631) Pause Full (System.gc()) 43M->42M(63M) 62.733ms
Dec 26 04:59:06 untangle-main uvmconsole: [1426943.411s][info][gc] GC(21632) Pause Young (Normal) (G1 Evacuation Pause) 52M->42M(63M) 4.625ms
Dec 26 05:01:26 untangle-main uvmconsole: [1427083.408s][info][gc] GC(21633) Pause Young (Normal) (G1 Evacuation Pause) 51M->42M(63M) 5.679ms
Dec 26 05:01:45 untangle-main uvmconsole: [1427102.641s][info][gc] GC(21634) Pause Full (System.gc()) 43M->42M(63M) 64.008ms
Dec 26 05:03:46 untangle-main uvmconsole: [1427223.413s][info][gc] GC(21635) Pause Young (Normal) (G1 Evacuation Pause) 51M->42M(63M) 5.630ms
Dec 26 05:05:46 untangle-main uvmconsole: [1427343.413s][info][gc] GC(21636) Pause Young (Normal) (G1 Evacuation Pause) 50M->42M(63M) 6.219ms
Dec 26 05:06:45 untangle-main uvmconsole: [1427402.616s][info][gc] GC(21637) Pause Full (System.gc()) 46M->42M(63M) 37.227ms
Dec 26 05:08:56 untangle-main uvmconsole: [1427533.405s][info][gc] GC(21638) Pause Young (Normal) (G1 Evacuation Pause) 51M->42M(63M) 5.859ms
Dec 26 05:10:56 untangle-main uvmconsole: [1427653.408s][info][gc] GC(21639) Pause Young (Normal) (G1 Evacuation Pause) 50M->42M(63M) 7.103ms
Dec 26 05:11:45 untangle-main uvmconsole: [1427702.643s][info][gc] GC(21640) Pause Full (System.gc()) 45M->42M(63M) 65.416ms
Dec 26 05:14:16 untangle-main uvmconsole: [1427853.404s][info][gc] GC(21641) Pause Young (Normal) (G1 Evacuation Pause) 52M->42M(63M) 3.604ms
Dec 26 05:16:30 untangle-main uvmconsole: [1427988.137s][info][gc] GC(21642) Pause Young (Normal) (G1 Evacuation Pause) 51M->42M(63M) 5.314ms
Dec 26 05:16:45 untangle-main uvmconsole: [1428002.647s][info][gc] GC(21643) Pause Full (System.gc()) 43M->42M(63M) 70.217ms
Dec 26 05:19:08 untangle-main uvmconsole: [1428146.059s][info][gc] GC(21644) Pause Young (Normal) (G1 Evacuation Pause) 52M->42M(63M) 5.795ms
Dec 26 05:21:26 untangle-main uvmconsole: [1428283.414s][info][gc] GC(21645) Pause Young (Normal) (G1 Evacuation Pause) 51M->42M(63M) 4.954ms
Dec 26 05:21:45 untangle-main uvmconsole: [1428302.645s][info][gc] GC(21646) Pause Full (System.gc()) 43M->42M(63M) 66.434ms
Dec 26 05:24:06 untangle-main uvmconsole: [1428443.406s][info][gc] GC(21647) Pause Young (Normal) (G1 Evacuation Pause) 52M->42M(63M) 2.413ms
Dec 26 05:26:26 untangle-main uvmconsole: [1428583.410s][info][gc] GC(21648) Pause Young (Normal) (G1 Evacuation Pause) 51M->42M(63M) 4.628ms
Dec 26 05:26:45 untangle-main uvmconsole: [1428602.648s][info][gc] GC(21649) Pause Full (System.gc()) 43M->42M(63M) 69.551ms
Dec 26 05:29:06 untangle-main uvmconsole: [1428743.854s][info][gc] GC(21650) Pause Young (Normal) (G1 Evacuation Pause) 52M->42M(63M) 6.152ms
Dec 26 05:31:26 untangle-main uvmconsole: [1428883.410s][info][gc] GC(21651) Pause Young (Normal) (G1 Evacuation Pause) 51M->42M(63M) 4.053ms
Dec 26 05:31:45 untangle-main uvmconsole: [1428902.637s][info][gc] GC(21652) Pause Full (System.gc()) 43M->42M(63M) 60.714ms
Dec 26 05:33:56 untangle-main uvmconsole: [1429033.410s][info][gc] GC(21653) Pause Young (Normal) (G1 Evacuation Pause) 51M->42M(63M) 5.395ms
Dec 26 05:35:56 untangle-main uvmconsole: [1429153.405s][info][gc] GC(21654) Pause Young (Normal) (G1 Evacuation Pause) 50M->42M(63M) 4.180ms
Dec 26 05:36:45 untangle-main uvmconsole: [1429202.620s][info][gc] GC(21655) Pause Full (System.gc()) 45M->42M(63M) 42.206ms
Dec 26 05:38:56 untangle-main uvmconsole: [1429333.403s][info][gc] GC(21656) Pause Young (Normal) (G1 Evacuation Pause) 51M->42M(63M) 3.310ms
Dec 26 05:40:56 untangle-main uvmconsole: [1429453.404s][info][gc] GC(21657) Pause Young (Normal) (G1 Evacuation Pause) 50M->42M(63M) 4.323ms
Dec 26 05:41:45 untangle-main uvmconsole: [1429502.619s][info][gc] GC(21658) Pause Full (System.gc()) 45M->42M(63M) 40.977ms
Dec 26 05:43:56 untangle-main uvmconsole: [1429633.408s][info][gc] GC(21659) Pause Young (Normal) (G1 Evacuation Pause) 51M->42M(63M) 4.324ms
Dec 26 05:45:56 untangle-main uvmconsole: [1429753.406s][info][gc] GC(21660) Pause Young (Normal) (G1 Evacuation Pause) 50M->42M(63M) 4.989ms
Dec 26 05:46:45 untangle-main uvmconsole: [1429802.640s][info][gc] GC(21661) Pause Full (System.gc()) 45M->42M(63M) 61.847ms
Dec 26 05:48:56 untangle-main uvmconsole: [1429933.409s][info][gc] GC(21662) Pause Young (Normal) (G1 Evacuation Pause) 51M->42M(63M) 3.518ms
Dec 26 05:50:56 untangle-main uvmconsole: [1430053.404s][info][gc] GC(21663) Pause Young (Normal) (G1 Evacuation Pause) 50M->42M(63M) 1.582ms
Dec 26 05:51:45 untangle-main uvmconsole: [1430102.639s][info][gc] GC(21664) Pause Full (System.gc()) 45M->42M(63M) 61.486ms
Dec 26 05:53:36 untangle-main uvmconsole: [1430213.433s][info][gc] GC(21665) Pause Young (Normal) (G1 Evacuation Pause) 50M->42M(63M) 24.478ms
Dec 26 05:55:26 untangle-main uvmconsole: [1430323.408s][info][gc] GC(21666) Pause Young (Normal) (G1 Evacuation Pause) 49M->42M(63M) 6.183ms
Dec 26 05:56:45 untangle-main uvmconsole: [1430402.635s][info][gc] GC(21667) Pause Full (System.gc()) 47M->42M(63M) 55.905ms
Dec 26 05:59:08 untangle-main uvmconsole: [1430545.567s][info][gc] GC(21668) Pause Young (Normal) (G1 Evacuation Pause) 52M->42M(63M) 7.399ms
Dec 26 06:01:26 untangle-main uvmconsole: [1430683.404s][info][gc] GC(21669) Pause Young (Normal) (G1 Evacuation Pause) 51M->42M(63M) 4.202ms
Dec 26 06:01:45 untangle-main uvmconsole: [1430702.638s][info][gc] GC(21670) Pause Full (System.gc()) 43M->42M(63M) 60.249ms
Dec 26 06:03:56 untangle-main uvmconsole: [1430833.415s][info][gc] GC(21671) Pause Young (Normal) (G1 Evacuation Pause) 51M->42M(63M) 5.199ms
Dec 26 06:05:56 untangle-main uvmconsole: [1430953.414s][info][gc] GC(21672) Pause Young (Normal) (G1 Evacuation Pause) 50M->42M(63M) 4.379ms
Dec 26 06:06:45 untangle-main uvmconsole: [1431002.616s][info][gc] GC(21673) Pause Full (System.gc()) 45M->42M(63M) 39.483ms
Dec 26 06:09:06 untangle-main uvmconsole: [1431143.406s][info][gc] GC(21674) Pause Young (Normal) (G1 Evacuation Pause) 52M->42M(63M) 5.381ms
Dec 26 06:11:16 untangle-main uvmconsole: [1431273.410s][info][gc] GC(21675) Pause Young (Normal) (G1 Evacuation Pause) 51M->42M(63M) 5.988ms
Dec 26 06:11:45 untangle-main uvmconsole: [1431302.647s][info][gc] GC(21676) Pause Full (System.gc()) 44M->42M(63M) 69.680ms
Dec 26 06:13:56 untangle-main uvmconsole: [1431433.412s][info][gc] GC(21677) Pause Young (Normal) (G1 Evacuation Pause) 51M->42M(63M) 4.654ms
Dec 26 06:15:56 untangle-main uvmconsole: [1431553.413s][info][gc] GC(21678) Pause Young (Normal) (G1 Evacuation Pause) 50M->42M(63M) 4.827ms
Dec 26 06:16:45 untangle-main uvmconsole: [1431602.621s][info][gc] GC(21679) Pause Full (System.gc()) 45M->42M(63M) 41.842ms
Dec 26 06:19:09 untangle-main uvmconsole: [1431746.766s][info][gc] GC(21680) Pause Young (Normal) (G1 Evacuation Pause) 52M->42M(63M) 4.684ms
Dec 26 06:21:26 untangle-main uvmconsole: [1431883.405s][info][gc] GC(21681) Pause Young (Normal) (G1 Evacuation Pause) 51M->42M(63M) 4.493ms
Dec 26 06:21:45 untangle-main uvmconsole: [1431902.616s][info][gc] GC(21682) Pause Full (System.gc()) 43M->42M(63M) 39.859ms
Dec 26 06:23:56 untangle-main uvmconsole: [1432033.405s][info][gc] GC(21683) Pause Young (Normal) (G1 Evacuation Pause) 51M->42M(63M) 2.953ms
Dec 26 06:25:56 untangle-main uvmconsole: [1432153.437s][info][gc] GC(21684) Pause Young (Normal) (G1 Evacuation Pause) 50M->42M(63M) 31.613ms
Dec 26 06:26:45 untangle-main uvmconsole: [1432202.617s][info][gc] GC(21685) Pause Full (System.gc()) 45M->42M(63M) 40.816ms
Dec 26 06:28:56 untangle-main uvmconsole: [1432333.411s][info][gc] GC(21686) Pause Young (Normal) (G1 Evacuation Pause) 51M->42M(63M) 5.833ms
Dec 26 06:30:56 untangle-main uvmconsole: [1432453.414s][info][gc] GC(21687) Pause Young (Normal) (G1 Evacuation Pause) 50M->42M(63M) 5.123ms
Dec 26 06:31:45 untangle-main uvmconsole: [1432502.622s][info][gc] GC(21688) Pause Full (System.gc()) 45M->42M(63M) 44.804ms
Dec 26 06:34:09 untangle-main uvmconsole: [1432646.969s][info][gc] GC(21689) Pause Young (Normal) (G1 Evacuation Pause) 52M->42M(63M) 4.646ms
Dec 26 06:36:26 untangle-main uvmconsole: [1432783.409s][info][gc] GC(21690) Pause Young (Normal) (G1 Evacuation Pause) 51M->42M(63M) 5.455ms
Dec 26 06:36:45 untangle-main uvmconsole: [1432802.617s][info][gc] GC(21691) Pause Full (System.gc()) 43M->42M(63M) 39.413ms
Dec 26 06:39:06 untangle-main uvmconsole: [1432943.406s][info][gc] GC(21692) Pause Young (Normal) (G1 Evacuation Pause) 52M->42M(63M) 4.565ms
Dec 26 06:41:26 untangle-main uvmconsole: [1433083.404s][info][gc] GC(21693) Pause Young (Normal) (G1 Evacuation Pause) 51M->42M(63M) 4.358ms
Dec 26 06:41:45 untangle-main uvmconsole: [1433102.643s][info][gc] GC(21694) Pause Full (System.gc()) 43M->42M(63M) 65.228ms
Dec 26 06:43:56 untangle-main uvmconsole: [1433233.409s][info][gc] GC(21695) Pause Young (Normal) (G1 Evacuation Pause) 51M->42M(63M) 7.642ms
Dec 26 06:45:53 untangle-main uvmconsole: [1433351.368s][info][gc] GC(21696) Pause Young (Normal) (G1 Evacuation Pause) 50M->42M(63M) 4.033ms
Dec 26 06:46:45 untangle-main uvmconsole: [1433402.641s][info][gc] GC(21697) Pause Full (System.gc()) 45M->42M(63M) 61.556ms
Dec 26 06:49:16 untangle-main uvmconsole: [1433553.401s][info][gc] GC(21698) Pause Young (Normal) (G1 Evacuation Pause) 52M->42M(63M) 3.718ms
Dec 26 06:51:26 untangle-main uvmconsole: [1433683.465s][info][gc] GC(21699) Pause Young (Normal) (G1 Evacuation Pause) 51M->42M(63M) 1.919ms
Dec 26 06:51:45 untangle-main uvmconsole: [1433702.640s][info][gc] GC(21700) Pause Full (System.gc()) 43M->42M(63M) 63.425ms
Dec 26 06:53:56 untangle-main uvmconsole: [1433833.411s][info][gc] GC(21701) Pause Young (Normal) (G1 Evacuation Pause) 51M->42M(63M) 4.748ms
Dec 26 06:55:56 untangle-main uvmconsole: [1433953.414s][info][gc] GC(21702) Pause Young (Normal) (G1 Evacuation Pause) 50M->42M(63M) 12.994ms
Dec 26 06:56:45 untangle-main uvmconsole: [1434002.643s][info][gc] GC(21703) Pause Full (System.gc()) 45M->42M(63M) 65.523ms
Dec 26 06:59:16 untangle-main uvmconsole: [1434153.407s][info][gc] GC(21704) Pause Young (Normal) (G1 Evacuation Pause) 52M->42M(63M) 5.335ms
Dec 26 07:01:26 untangle-main uvmconsole: [1434284.016s][info][gc] GC(21705) Pause Young (Normal) (G1 Evacuation Pause) 51M->42M(63M) 5.001ms
Dec 26 07:01:45 untangle-main uvmconsole: [1434302.638s][info][gc] GC(21706) Pause Full (System.gc()) 43M->42M(63M) 59.922ms
Dec 26 07:03:56 untangle-main uvmconsole: [1434433.406s][info][gc] GC(21707) Pause Young (Normal) (G1 Evacuation Pause) 51M->42M(63M) 7.085ms
Dec 26 07:05:56 untangle-main uvmconsole: [1434553.404s][info][gc] GC(21708) Pause Young (Normal) (G1 Evacuation Pause) 50M->42M(63M) 4.275ms
Dec 26 07:06:45 untangle-main uvmconsole: [1434602.615s][info][gc] GC(21709) Pause Full (System.gc()) 45M->42M(63M) 39.173ms
Dec 26 07:08:46 untangle-main uvmconsole: [1434723.413s][info][gc] GC(21710) Pause Young (Normal) (G1 Evacuation Pause) 51M->42M(63M) 5.336ms
Dec 26 07:10:47 untangle-main uvmconsole: [1434844.610s][info][gc] GC(21711) Pause Young (Normal) (G1 Evacuation Pause) 50M->42M(63M) 17.644ms
Dec 26 07:11:45 untangle-main uvmconsole: [1434902.625s][info][gc] GC(21712) Pause Full (System.gc()) 46M->42M(63M) 46.865ms
Dec 26 07:14:16 untangle-main uvmconsole: [1435053.402s][info][gc] GC(21713) Pause Young (Normal) (G1 Evacuation Pause) 52M->42M(63M) 2.637ms
Dec 26 07:16:36 untangle-main uvmconsole: [1435193.408s][info][gc] GC(21714) Pause Young (Normal) (G1 Evacuation Pause) 51M->42M(63M) 4.898ms
Dec 26 07:16:45 untangle-main uvmconsole: [1435202.646s][info][gc] GC(21715) Pause Full (System.gc()) 43M->42M(63M) 68.448ms
Dec 26 07:18:56 untangle-main uvmconsole: [1435333.408s][info][gc] GC(21716) Pause Young (Normal) (G1 Evacuation Pause) 51M->42M(63M) 5.256ms
Dec 26 07:20:56 untangle-main uvmconsole: [1435453.404s][info][gc] GC(21717) Pause Young (Normal) (G1 Evacuation Pause) 50M->42M(63M) 2.184ms
Dec 26 07:21:45 untangle-main uvmconsole: [1435502.649s][info][gc] GC(21718) Pause Full (System.gc()) 45M->42M(63M) 71.636ms
Dec 26 07:23:46 untangle-main uvmconsole: [1435623.403s][info][gc] GC(21719) Pause Young (Normal) (G1 Evacuation Pause) 50M->42M(63M) 4.402ms
Dec 26 07:25:26 untangle-main uvmconsole: [1435723.405s][info][gc] GC(21720) Pause Young (Normal) (G1 Evacuation Pause) 49M->42M(63M) 4.523ms
Dec 26 07:26:45 untangle-main uvmconsole: [1435802.646s][info][gc] GC(21721) Pause Full (System.gc()) 47M->42M(63M) 67.341ms
Dec 26 07:29:08 untangle-main uvmconsole: [1435945.599s][info][gc] GC(21722) Pause Young (Normal) (G1 Evacuation Pause) 52M->42M(63M) 11.949ms
Dec 26 07:31:26 untangle-main uvmconsole: [1436083.413s][info][gc] GC(21723) Pause Young (Normal) (G1 Evacuation Pause) 51M->42M(63M) 6.603ms
Dec 26 07:31:45 untangle-main uvmconsole: [1436102.630s][info][gc] GC(21724) Pause Full (System.gc()) 43M->42M(63M) 53.361ms
Dec 26 07:33:46 untangle-main uvmconsole: [1436223.402s][info][gc] GC(21725) Pause Young (Normal) (G1 Evacuation Pause) 50M->42M(63M) 3.045ms
Dec 26 07:35:26 untangle-main uvmconsole: [1436323.410s][info][gc] GC(21726) Pause Young (Normal) (G1 Evacuation Pause) 49M->42M(63M) 4.329ms
Dec 26 07:36:45 untangle-main uvmconsole: [1436402.641s][info][gc] GC(21727) Pause Full (System.gc()) 47M->42M(63M) 64.112ms
Dec 26 07:39:05 untangle-main uvmconsole: [1436542.993s][info][gc] GC(21728) Pause Young (Normal) (G1 Evacuation Pause) 52M->42M(63M) 5.135ms
Dec 26 07:41:16 untangle-main uvmconsole: [1436673.400s][info][gc] GC(21729) Pause Young (Normal) (G1 Evacuation Pause) 51M->42M(63M) 1.695ms
Dec 26 07:41:45 untangle-main uvmconsole: [1436702.640s][info][gc] GC(21730) Pause Full (System.gc()) 44M->42M(63M) 61.530ms
Dec 26 07:44:06 untangle-main uvmconsole: [1436843.411s][info][gc] GC(21731) Pause Young (Normal) (G1 Evacuation Pause) 52M->42M(63M) 5.125ms
Dec 26 07:46:26 untangle-main uvmconsole: [1436983.409s][info][gc] GC(21732) Pause Young (Normal) (G1 Evacuation Pause) 51M->42M(63M) 7.069ms
Dec 26 07:46:45 untangle-main uvmconsole: [1437002.642s][info][gc] GC(21733) Pause Full (System.gc()) 43M->42M(63M) 63.885ms
Dec 26 07:48:56 untangle-main uvmconsole: [1437133.402s][info][gc] GC(21734) Pause Young (Normal) (G1 Evacuation Pause) 51M->42M(63M) 1.730ms
Dec 26 07:51:01 untangle-main uvmconsole: [1437259.189s][info][gc] GC(21735) Pause Young (Normal) (G1 Evacuation Pause) 50M->42M(63M) 7.657ms
Dec 26 07:51:45 untangle-main uvmconsole: [1437302.653s][info][gc] GC(21736) Pause Full (System.gc()) 45M->42M(63M) 75.617ms
Dec 26 07:54:08 untangle-main uvmconsole: [1437446.142s][info][gc] GC(21737) Pause Young (Normal) (G1 Evacuation Pause) 52M->42M(63M) 6.579ms
Dec 26 07:56:26 untangle-main uvmconsole: [1437583.406s][info][gc] GC(21738) Pause Young (Normal) (G1 Evacuation Pause) 51M->42M(63M) 5.276ms
Dec 26 07:56:45 untangle-main uvmconsole: [1437602.640s][info][gc] GC(21739) Pause Full (System.gc()) 43M->42M(63M) 61.655ms
Dec 26 07:59:16 untangle-main uvmconsole: [1437753.405s][info][gc] GC(21740) Pause Young (Normal) (G1 Evacuation Pause) 52M->42M(63M) 4.687ms
Dec 26 08:01:26 untangle-main uvmconsole: [1437883.410s][info][gc] GC(21741) Pause Young (Normal) (G1 Evacuation Pause) 51M->42M(63M) 4.190ms
Dec 26 08:01:45 untangle-main uvmconsole: [1437902.640s][info][gc] GC(21742) Pause Full (System.gc()) 43M->42M(63M) 63.721ms
Dec 26 08:03:56 untangle-main uvmconsole: [1438033.410s][info][gc] GC(21743) Pause Young (Normal) (G1 Evacuation Pause) 51M->42M(63M) 4.494ms
Dec 26 08:05:56 untangle-main uvmconsole: [1438153.413s][info][gc] GC(21744) Pause Young (Normal) (G1 Evacuation Pause) 50M->42M(63M) 4.429ms
Dec 26 08:06:45 untangle-main uvmconsole: [1438202.635s][info][gc] GC(21745) Pause Full (System.gc()) 45M->42M(63M) 59.298ms
Dec 26 08:08:56 untangle-main uvmconsole: [1438333.405s][info][gc] GC(21746) Pause Young (Normal) (G1 Evacuation Pause) 51M->42M(63M) 3.442ms
Dec 26 08:10:54 untangle-main uvmconsole: [1438451.505s][info][gc] GC(21747) Pause Young (Normal) (G1 Evacuation Pause) 50M->42M(63M) 7.070ms
Dec 26 08:11:45 untangle-main uvmconsole: [1438502.639s][info][gc] GC(21748) Pause Full (System.gc()) 45M->42M(63M) 60.173ms
Dec 26 08:13:56 untangle-main uvmconsole: [1438633.421s][info][gc] GC(21749) Pause Young (Normal) (G1 Evacuation Pause) 51M->42M(63M) 19.123ms
Dec 26 08:15:56 untangle-main uvmconsole: [1438753.403s][info][gc] GC(21750) Pause Young (Normal) (G1 Evacuation Pause) 50M->42M(63M) 4.253ms
Dec 26 08:16:45 untangle-main uvmconsole: [1438802.627s][info][gc] GC(21751) Pause Full (System.gc()) 45M->42M(63M) 49.917ms
Dec 26 08:19:06 untangle-main uvmconsole: [1438944.207s][info][gc] GC(21752) Pause Young (Normal) (G1 Evacuation Pause) 52M->42M(63M) 4.530ms
Dec 26 08:21:26 untangle-main uvmconsole: [1439083.413s][info][gc] GC(21753) Pause Young (Normal) (G1 Evacuation Pause) 51M->42M(63M) 12.281ms
Dec 26 08:21:45 untangle-main uvmconsole: [1439102.638s][info][gc] GC(21754) Pause Full (System.gc()) 43M->42M(63M) 58.961ms
Dec 26 08:24:16 untangle-main uvmconsole: [1439253.403s][info][gc] GC(21755) Pause Young (Normal) (G1 Evacuation Pause) 52M->42M(63M) 4.923ms
Dec 26 08:26:29 untangle-main uvmconsole: [1439386.876s][info][gc] GC(21756) Pause Young (Normal) (G1 Evacuation Pause) 51M->42M(63M) 2.630ms
Dec 26 08:26:45 untangle-main uvmconsole: [1439402.639s][info][gc] GC(21757) Pause Full (System.gc()) 43M->42M(63M) 61.676ms
Dec 26 08:29:07 untangle-main uvmconsole: [1439544.522s][info][gc] GC(21758) Pause Young (Normal) (G1 Evacuation Pause) 52M->42M(63M) 5.844ms
Dec 26 08:31:26 untangle-main uvmconsole: [1439683.407s][info][gc] GC(21759) Pause Young (Normal) (G1 Evacuation Pause) 51M->42M(63M) 4.540ms
Dec 26 08:31:45 untangle-main uvmconsole: [1439702.647s][info][gc] GC(21760) Pause Full (System.gc()) 43M->42M(63M) 69.512ms
Dec 26 08:34:15 untangle-main uvmconsole: [1439852.908s][info][gc] GC(21761) Pause Young (Normal) (G1 Evacuation Pause) 52M->42M(63M) 6.362ms
Dec 26 08:36:26 untangle-main uvmconsole: [1439983.411s][info][gc] GC(21762) Pause Young (Normal) (G1 Evacuation Pause) 51M->42M(63M) 4.447ms
Dec 26 08:36:45 untangle-main uvmconsole: [1440002.619s][info][gc] GC(21763) Pause Full (System.gc()) 43M->42M(63M) 40.642ms
Dec 26 08:39:06 untangle-main uvmconsole: [1440143.407s][info][gc] GC(21764) Pause Young (Normal) (G1 Evacuation Pause) 52M->42M(63M) 4.958ms
Dec 26 08:41:16 untangle-main uvmconsole: [1440273.413s][info][gc] GC(21765) Pause Young (Normal) (G1 Evacuation Pause) 51M->42M(63M) 4.564ms
Dec 26 08:41:45 untangle-main uvmconsole: [1440302.630s][info][gc] GC(21766) Pause Full (System.gc()) 43M->42M(63M) 52.350ms
Dec 26 08:44:16 untangle-main uvmconsole: [1440453.405s][info][gc] GC(21767) Pause Young (Normal) (G1 Evacuation Pause) 52M->42M(63M) 4.876ms
Dec 26 08:46:26 untangle-main uvmconsole: [1440583.757s][info][gc] GC(21768) Pause Young (Normal) (G1 Evacuation Pause) 51M->42M(63M) 4.122ms
Dec 26 08:46:45 untangle-main uvmconsole: [1440602.649s][info][gc] GC(21769) Pause Full (System.gc()) 43M->42M(63M) 71.380ms
Dec 26 08:49:07 untangle-main uvmconsole: [1440745.091s][info][gc] GC(21770) Pause Young (Normal) (G1 Evacuation Pause) 52M->42M(63M) 2.684ms
Dec 26 08:51:26 untangle-main uvmconsole: [1440883.403s][info][gc] GC(21771) Pause Young (Normal) (G1 Evacuation Pause) 51M->42M(63M) 2.213ms
Dec 26 08:51:45 untangle-main uvmconsole: [1440902.639s][info][gc] GC(21772) Pause Full (System.gc()) 43M->42M(63M) 61.890ms
Dec 26 08:54:26 untangle-main uvmconsole: [1441063.407s][info][gc] GC(21773) Pause Young (Normal) (G1 Evacuation Pause) 53M->42M(63M) 2.872ms
Dec 26 08:56:45 untangle-main uvmconsole: [1441202.641s][info][gc] GC(21774) Pause Full (System.gc()) 51M->42M(63M) 62.587ms
Dec 26 08:58:56 untangle-main uvmconsole: [1441333.413s][info][gc] GC(21775) Pause Young (Normal) (G1 Evacuation Pause) 51M->42M(63M) 4.466ms
Dec 26 09:00:56 untangle-main uvmconsole: [1441453.412s][info][gc] GC(21776) Pause Young (Normal) (G1 Evacuation Pause) 50M->42M(63M) 4.244ms
Dec 26 09:01:45 untangle-main uvmconsole: [1441502.642s][info][gc] GC(21777) Pause Full (System.gc()) 45M->42M(63M) 63.641ms
Dec 26 09:04:08 untangle-main uvmconsole: [1441645.861s][info][gc] GC(21778) Pause Young (Normal) (G1 Evacuation Pause) 52M->42M(63M) 7.600ms
Dec 26 09:06:26 untangle-main uvmconsole: [1441783.413s][info][gc] GC(21779) Pause Young (Normal) (G1 Evacuation Pause) 51M->42M(63M) 10.083ms
Dec 26 09:06:45 untangle-main uvmconsole: [1441802.641s][info][gc] GC(21780) Pause Full (System.gc()) 43M->42M(63M) 61.475ms
Dec 26 09:09:06 untangle-main uvmconsole: [1441943.409s][info][gc] GC(21781) Pause Young (Normal) (G1 Evacuation Pause) 52M->42M(63M) 7.290ms
Dec 26 09:11:16 untangle-main uvmconsole: [1442074.008s][info][gc] GC(21782) Pause Young (Normal) (G1 Evacuation Pause) 51M->42M(63M) 4.287ms
Dec 26 09:11:45 untangle-main uvmconsole: [1442102.645s][info][gc] GC(21783) Pause Full (System.gc()) 43M->42M(63M) 65.808ms
Dec 26 09:13:56 untangle-main uvmconsole: [1442233.405s][info][gc] GC(21784) Pause Young (Normal) (G1 Evacuation Pause) 51M->42M(63M) 4.146ms
Dec 26 09:15:56 untangle-main uvmconsole: [1442353.414s][info][gc] GC(21785) Pause Young (Normal) (G1 Evacuation Pause) 50M->42M(63M) 4.462ms
Dec 26 09:16:45 untangle-main uvmconsole: [1442402.636s][info][gc] GC(21786) Pause Full (System.gc()) 45M->42M(63M) 56.711ms
Dec 26 09:18:56 untangle-main uvmconsole: [1442533.414s][info][gc] GC(21787) Pause Young (Normal) (G1 Evacuation Pause) 51M->42M(63M) 4.738ms
Dec 26 09:20:56 untangle-main uvmconsole: [1442653.404s][info][gc] GC(21788) Pause Young (Normal) (G1 Evacuation Pause) 50M->42M(63M) 3.637ms
Dec 26 09:21:45 untangle-main uvmconsole: [1442702.635s][info][gc] GC(21789) Pause Full (System.gc()) 45M->42M(63M) 58.591ms
Dec 26 09:23:56 untangle-main uvmconsole: [1442833.441s][info][gc] GC(21790) Pause Young (Normal) (G1 Evacuation Pause) 51M->42M(63M) 33.326ms
Dec 26 09:25:56 untangle-main uvmconsole: [1442953.412s][info][gc] GC(21791) Pause Young (Normal) (G1 Evacuation Pause) 50M->42M(63M) 4.795ms
Dec 26 09:26:45 untangle-main uvmconsole: [1443002.638s][info][gc] GC(21792) Pause Full (System.gc()) 45M->42M(63M) 61.117ms
Dec 26 09:29:09 untangle-main uvmconsole: [1443146.397s][info][gc] GC(21793) Pause Young (Normal) (G1 Evacuation Pause) 52M->42M(63M) 6.834ms
Dec 26 09:31:26 untangle-main uvmconsole: [1443283.404s][info][gc] GC(21794) Pause Young (Normal) (G1 Evacuation Pause) 51M->42M(63M) 2.921ms
Dec 26 09:31:45 untangle-main uvmconsole: [1443302.640s][info][gc] GC(21795) Pause Full (System.gc()) 43M->42M(63M) 61.476ms
Dec 26 09:34:16 untangle-main uvmconsole: [1443453.405s][info][gc] GC(21796) Pause Young (Normal) (G1 Evacuation Pause) 52M->42M(63M) 5.195ms
Dec 26 09:36:36 untangle-main uvmconsole: [1443593.407s][info][gc] GC(21797) Pause Young (Normal) (G1 Evacuation Pause) 51M->42M(63M) 6.461ms
Dec 26 09:36:45 untangle-main uvmconsole: [1443602.618s][info][gc] GC(21798) Pause Full (System.gc()) 42M->42M(63M) 39.467ms
Dec 26 09:39:06 untangle-main uvmconsole: [1443743.405s][info][gc] GC(21799) Pause Young (Normal) (G1 Evacuation Pause) 52M->42M(63M) 4.835ms
Dec 26 09:41:16 untangle-main uvmconsole: [1443873.412s][info][gc] GC(21800) Pause Young (Normal) (G1 Evacuation Pause) 51M->42M(63M) 5.331ms
Dec 26 09:41:45 untangle-main uvmconsole: [1443902.636s][info][gc] GC(21801) Pause Full (System.gc()) 44M->42M(63M) 58.500ms
Dec 26 09:44:09 untangle-main uvmconsole: [1444046.801s][info][gc] GC(21802) Pause Young (Normal) (G1 Evacuation Pause) 52M->42M(63M) 6.698ms
Dec 26 09:46:26 untangle-main uvmconsole: [1444183.410s][info][gc] GC(21803) Pause Young (Normal) (G1 Evacuation Pause) 51M->42M(63M) 4.985ms
Dec 26 09:46:45 untangle-main uvmconsole: [1444202.646s][info][gc] GC(21804) Pause Full (System.gc()) 43M->42M(63M) 69.003ms
Dec 26 09:49:10 untangle-main uvmconsole: [1444347.882s][info][gc] GC(21805) Pause Young (Normal) (G1 Evacuation Pause) 52M->42M(63M) 3.576ms
Dec 26 09:51:26 untangle-main uvmconsole: [1444483.438s][info][gc] GC(21806) Pause Young (Normal) (G1 Evacuation Pause) 51M->42M(63M) 4.261ms
Dec 26 09:51:45 untangle-main uvmconsole: [1444502.651s][info][gc] GC(21807) Pause Full (System.gc()) 43M->42M(63M) 71.716ms
Dec 26 09:54:16 untangle-main uvmconsole: [1444653.406s][info][gc] GC(21808) Pause Young (Normal) (G1 Evacuation Pause) 52M->42M(63M) 5.838ms
Dec 26 09:56:26 untangle-main uvmconsole: [1444783.691s][info][gc] GC(21809) Pause Young (Normal) (G1 Evacuation Pause) 51M->42M(63M) 7.214ms
Dec 26 09:56:45 untangle-main uvmconsole: [1444802.638s][info][gc] GC(21810) Pause Full (System.gc()) 43M->42M(63M) 59.963ms
Dec 26 09:59:09 untangle-main uvmconsole: [1444947.268s][info][gc] GC(21811) Pause Young (Normal) (G1 Evacuation Pause) 52M->42M(63M) 6.578ms
Dec 26 10:01:26 untangle-main uvmconsole: [1445083.406s][info][gc] GC(21812) Pause Young (Normal) (G1 Evacuation Pause) 51M->42M(63M) 6.448ms
Dec 26 10:01:45 untangle-main uvmconsole: [1445102.641s][info][gc] GC(21813) Pause Full (System.gc()) 43M->42M(63M) 63.393ms
Dec 26 10:04:06 untangle-main uvmconsole: [1445244.072s][info][gc] GC(21814) Pause Young (Normal) (G1 Evacuation Pause) 52M->42M(63M) 3.146ms
Dec 26 10:06:26 untangle-main uvmconsole: [1445383.414s][info][gc] GC(21815) Pause Young (Normal) (G1 Evacuation Pause) 51M->42M(63M) 6.664ms
Dec 26 10:06:45 untangle-main uvmconsole: [1445402.620s][info][gc] GC(21816) Pause Full (System.gc()) 43M->42M(63M) 43.486ms
Dec 26 10:09:06 untangle-main uvmconsole: [1445543.406s][info][gc] GC(21817) Pause Young (Normal) (G1 Evacuation Pause) 52M->42M(63M) 5.400ms
Dec 26 10:11:26 untangle-main uvmconsole: [1445683.405s][info][gc] GC(21818) Pause Young (Normal) (G1 Evacuation Pause) 51M->42M(63M) 4.858ms
Dec 26 10:11:45 untangle-main uvmconsole: [1445702.629s][info][gc] GC(21819) Pause Full (System.gc()) 43M->42M(63M) 51.586ms
Dec 26 10:13:41 untangle-main uvmconsole: [1445819.350s][info][gc] GC(21820) Pause Young (Normal) (G1 Evacuation Pause) 50M->42M(63M) 7.623ms
Dec 26 10:15:26 untangle-main uvmconsole: [1445923.408s][info][gc] GC(21821) Pause Young (Normal) (G1 Evacuation Pause) 49M->42M(63M) 4.186ms
Dec 26 10:16:45 untangle-main uvmconsole: [1446002.637s][info][gc] GC(21822) Pause Full (System.gc()) 47M->42M(63M) 58.228ms
Dec 26 10:19:10 untangle-main uvmconsole: [1446147.940s][info][gc] GC(21823) Pause Young (Normal) (G1 Evacuation Pause) 52M->42M(63M) 2.346ms
Dec 26 10:21:26 untangle-main uvmconsole: [1446283.404s][info][gc] GC(21824) Pause Young (Normal) (G1 Evacuation Pause) 51M->42M(63M) 6.458ms
Dec 26 10:21:45 untangle-main uvmconsole: [1446302.636s][info][gc] GC(21825) Pause Full (System.gc()) 43M->42M(63M) 56.982ms
Dec 26 10:24:07 untangle-main uvmconsole: [1446445.277s][info][gc] GC(21826) Pause Young (Normal) (G1 Evacuation Pause) 52M->42M(63M) 5.085ms
Dec 26 10:26:26 untangle-main uvmconsole: [1446583.411s][info][gc] GC(21827) Pause Young (Normal) (G1 Evacuation Pause) 51M->42M(63M) 4.877ms
Dec 26 10:26:45 untangle-main uvmconsole: [1446602.644s][info][gc] GC(21828) Pause Full (System.gc()) 43M->42M(63M) 65.727ms
Dec 26 10:29:16 untangle-main uvmconsole: [1446753.405s][info][gc] GC(21829) Pause Young (Normal) (G1 Evacuation Pause) 52M->42M(63M) 4.542ms
Dec 26 10:31:26 untangle-main uvmconsole: [1446884.378s][info][gc] GC(21830) Pause Young (Normal) (G1 Evacuation Pause) 51M->42M(63M) 6.889ms
Dec 26 10:31:45 untangle-main uvmconsole: [1446902.633s][info][gc] GC(21831) Pause Full (System.gc()) 43M->42M(63M) 55.080ms
Dec 26 10:33:56 untangle-main uvmconsole: [1447033.412s][info][gc] GC(21832) Pause Young (Normal) (G1 Evacuation Pause) 51M->42M(63M) 7.007ms
Dec 26 10:35:56 untangle-main uvmconsole: [1447153.401s][info][gc] GC(21833) Pause Young (Normal) (G1 Evacuation Pause) 50M->42M(63M) 3.749ms
Dec 26 10:36:45 untangle-main uvmconsole: [1447202.617s][info][gc] GC(21834) Pause Full (System.gc()) 45M->42M(63M) 38.534ms
Dec 26 10:39:06 untangle-main uvmconsole: [1447343.401s][info][gc] GC(21835) Pause Young (Normal) (G1 Evacuation Pause) 52M->42M(63M) 2.691ms
Dec 26 10:41:16 untangle-main uvmconsole: [1447473.902s][info][gc] GC(21836) Pause Young (Normal) (G1 Evacuation Pause) 51M->42M(63M) 4.676ms
Dec 26 10:41:45 untangle-main uvmconsole: [1447502.647s][info][gc] GC(21837) Pause Full (System.gc()) 43M->42M(63M) 68.788ms
Dec 26 10:43:56 untangle-main uvmconsole: [1447633.411s][info][gc] GC(21838) Pause Young (Normal) (G1 Evacuation Pause) 51M->42M(63M) 4.834ms
Dec 26 10:45:56 untangle-main uvmconsole: [1447753.412s][info][gc] GC(21839) Pause Young (Normal) (G1 Evacuation Pause) 50M->42M(63M) 4.945ms
Dec 26 10:46:45 untangle-main uvmconsole: [1447802.648s][info][gc] GC(21840) Pause Full (System.gc()) 45M->42M(63M) 71.228ms
Dec 26 10:48:56 untangle-main uvmconsole: [1447933.414s][info][gc] GC(21841) Pause Young (Normal) (G1 Evacuation Pause) 51M->42M(63M) 5.264ms
Dec 26 10:50:56 untangle-main uvmconsole: [1448053.401s][info][gc] GC(21842) Pause Young (Normal) (G1 Evacuation Pause) 50M->42M(63M) 1.897ms
Dec 26 10:51:45 untangle-main uvmconsole: [1448102.643s][info][gc] GC(21843) Pause Full (System.gc()) 45M->42M(63M) 65.567ms
Dec 26 10:53:56 untangle-main uvmconsole: [1448233.409s][info][gc] GC(21844) Pause Young (Normal) (G1 Evacuation Pause) 51M->42M(63M) 4.970ms
Dec 26 10:55:56 untangle-main uvmconsole: [1448353.412s][info][gc] GC(21845) Pause Young (Normal) (G1 Evacuation Pause) 50M->42M(63M) 4.416ms
Dec 26 10:56:45 untangle-main uvmconsole: [1448402.647s][info][gc] GC(21846) Pause Full (System.gc()) 45M->42M(63M) 67.814ms
Dec 26 10:58:46 untangle-main uvmconsole: [1448523.400s][info][gc] GC(21847) Pause Young (Normal) (G1 Evacuation Pause) 50M->42M(63M) 1.795ms
Dec 26 11:00:26 untangle-main uvmconsole: [1448623.401s][info][gc] GC(21848) Pause Young (Normal) (G1 Evacuation Pause) 49M->42M(63M) 1.432ms
Dec 26 11:01:45 untangle-main uvmconsole: [1448702.622s][info][gc] GC(21849) Pause Full (System.gc()) 47M->42M(63M) 43.831ms
Dec 26 11:03:56 untangle-main uvmconsole: [1448833.415s][info][gc] GC(21850) Pause Young (Normal) (G1 Evacuation Pause) 51M->42M(63M) 6.671ms
Dec 26 11:05:56 untangle-main uvmconsole: [1448953.413s][info][gc] GC(21851) Pause Young (Normal) (G1 Evacuation Pause) 50M->42M(63M) 4.260ms
Dec 26 11:06:45 untangle-main uvmconsole: [1449002.616s][info][gc] GC(21852) Pause Full (System.gc()) 45M->42M(63M) 39.192ms
Dec 26 11:09:05 untangle-main uvmconsole: [1449142.818s][info][gc] GC(21853) Pause Young (Normal) (G1 Evacuation Pause) 52M->42M(63M) 1.854ms
Dec 26 11:11:16 untangle-main uvmconsole: [1449273.410s][info][gc] GC(21854) Pause Young (Normal) (G1 Evacuation Pause) 51M->42M(63M) 5.351ms
Dec 26 11:11:45 untangle-main uvmconsole: [1449302.635s][info][gc] GC(21855) Pause Full (System.gc()) 43M->42M(63M) 59.284ms
Dec 26 11:14:16 untangle-main uvmconsole: [1449453.405s][info][gc] GC(21856) Pause Young (Normal) (G1 Evacuation Pause) 52M->42M(63M) 4.156ms
Dec 26 11:16:26 untangle-main uvmconsole: [1449584.133s][info][gc] GC(21857) Pause Young (Normal) (G1 Evacuation Pause) 51M->42M(63M) 2.007ms
Dec 26 11:16:45 untangle-main uvmconsole: [1449602.643s][info][gc] GC(21858) Pause Full (System.gc()) 43M->42M(63M) 63.155ms
Dec 26 11:18:56 untangle-main uvmconsole: [1449733.412s][info][gc] GC(21859) Pause Young (Normal) (G1 Evacuation Pause) 51M->42M(63M) 4.043ms
Dec 26 11:20:56 untangle-main uvmconsole: [1449853.403s][info][gc] GC(21860) Pause Young (Normal) (G1 Evacuation Pause) 50M->42M(63M) 1.660ms
Dec 26 11:21:45 untangle-main uvmconsole: [1449902.616s][info][gc] GC(21861) Pause Full (System.gc()) 45M->42M(63M) 39.213ms
Dec 26 11:24:07 untangle-main uvmconsole: [1450045.098s][info][gc] GC(21862) Pause Young (Normal) (G1 Evacuation Pause) 52M->42M(63M) 1.741ms
Dec 26 11:26:26 untangle-main uvmconsole: [1450183.400s][info][gc] GC(21863) Pause Young (Normal) (G1 Evacuation Pause) 51M->42M(63M) 1.724ms
Dec 26 11:26:45 untangle-main uvmconsole: [1450202.616s][info][gc] GC(21864) Pause Full (System.gc()) 43M->42M(63M) 39.299ms
Dec 26 11:28:56 untangle-main uvmconsole: [1450333.405s][info][gc] GC(21865) Pause Young (Normal) (G1 Evacuation Pause) 51M->42M(63M) 4.208ms
Dec 26 11:30:56 untangle-main uvmconsole: [1450453.404s][info][gc] GC(21866) Pause Young (Normal) (G1 Evacuation Pause) 50M->42M(63M) 1.976ms
Dec 26 11:31:45 untangle-main uvmconsole: [1450502.626s][info][gc] GC(21867) Pause Full (System.gc()) 45M->42M(63M) 49.696ms
Dec 26 11:33:56 untangle-main uvmconsole: [1450633.401s][info][gc] GC(21868) Pause Young (Normal) (G1 Evacuation Pause) 51M->42M(63M) 2.141ms
Dec 26 11:35:56 untangle-main uvmconsole: [1450753.442s][info][gc] GC(21869) Pause Young (Normal) (G1 Evacuation Pause) 50M->42M(63M) 41.831ms
Dec 26 11:36:45 untangle-main uvmconsole: [1450802.621s][info][gc] GC(21870) Pause Full (System.gc()) 45M->42M(63M) 44.502ms
Dec 26 11:38:36 untangle-main uvmconsole: [1450913.402s][info][gc] GC(21871) Pause Young (Normal) (G1 Evacuation Pause) 50M->42M(63M) 4.349ms
Dec 26 11:40:16 untangle-main uvmconsole: [1451014.097s][info][gc] GC(21872) Pause Young (Normal) (G1 Evacuation Pause) 49M->42M(63M) 6.033ms
Dec 26 11:41:45 untangle-main uvmconsole: [1451102.644s][info][gc] GC(21873) Pause Full (System.gc()) 47M->42M(63M) 66.156ms
Dec 26 11:44:06 untangle-main uvmconsole: [1451244.308s][info][gc] GC(21874) Pause Young (Normal) (G1 Evacuation Pause) 52M->42M(63M) 14.690ms
Dec 26 11:46:23 untangle-main uvmconsole: [1451380.611s][info][gc] GC(21875) Pause Young (Normal) (G1 Evacuation Pause) 51M->42M(63M) 10.411ms
Dec 26 11:46:45 untangle-main uvmconsole: [1451402.645s][info][gc] GC(21876) Pause Full (System.gc()) 43M->42M(63M) 68.830ms
Dec 26 11:48:56 untangle-main uvmconsole: [1451533.422s][info][gc] GC(21877) Pause Young (Normal) (G1 Evacuation Pause) 51M->42M(63M) 19.214ms
Dec 26 11:50:56 untangle-main uvmconsole: [1451653.430s][info][gc] GC(21878) Pause Young (Normal) (G1 Evacuation Pause) 50M->42M(63M) 25.378ms
Dec 26 11:51:45 untangle-main uvmconsole: [1451702.651s][info][gc] GC(21879) Pause Full (System.gc()) 45M->42M(63M) 75.172ms
Dec 26 11:54:16 untangle-main uvmconsole: [1451853.406s][info][gc] GC(21880) Pause Young (Normal) (G1 Evacuation Pause) 52M->42M(63M) 5.121ms
Dec 26 11:56:32 untangle-main uvmconsole: [1451989.918s][info][gc] GC(21881) Pause Young (Normal) (G1 Evacuation Pause) 51M->42M(63M) 1.929ms
Dec 26 11:56:45 untangle-main uvmconsole: [1452002.622s][info][gc] GC(21882) Pause Full (System.gc()) 43M->42M(63M) 44.863ms
Dec 26 11:59:06 untangle-main uvmconsole: [1452143.406s][info][gc] GC(21883) Pause Young (Normal) (G1 Evacuation Pause) 52M->42M(63M) 4.258ms
Dec 26 12:01:26 untangle-main uvmconsole: [1452283.403s][info][gc] GC(21884) Pause Young (Normal) (G1 Evacuation Pause) 51M->42M(63M) 4.208ms
Dec 26 12:01:45 untangle-main uvmconsole: [1452302.622s][info][gc] GC(21885) Pause Full (System.gc()) 43M->42M(63M) 45.423ms
Dec 26 12:04:16 untangle-main uvmconsole: [1452453.404s][info][gc] GC(21886) Pause Young (Normal) (G1 Evacuation Pause) 52M->42M(63M) 5.179ms
Dec 26 12:06:36 untangle-main uvmconsole: [1452593.408s][info][gc] GC(21887) Pause Young (Normal) (G1 Evacuation Pause) 51M->42M(63M) 7.553ms
Dec 26 12:06:45 untangle-main uvmconsole: [1452602.656s][info][gc] GC(21888) Pause Full (System.gc()) 43M->42M(63M) 77.391ms
Dec 26 12:09:03 untangle-main uvmconsole: [1452740.861s][info][gc] GC(21889) Pause Young (Normal) (G1 Evacuation Pause) 52M->42M(63M) 1.630ms
Dec 26 12:11:16 untangle-main uvmconsole: [1452873.402s][info][gc] GC(21890) Pause Young (Normal) (G1 Evacuation Pause) 51M->42M(63M) 1.662ms
Dec 26 12:11:45 untangle-main uvmconsole: [1452902.640s][info][gc] GC(21891) Pause Full (System.gc()) 44M->42M(63M) 61.230ms
Dec 26 12:14:16 untangle-main uvmconsole: [1453053.410s][info][gc] GC(21892) Pause Young (Normal) (G1 Evacuation Pause) 52M->42M(63M) 7.605ms
Dec 26 12:16:32 untangle-main uvmconsole: [1453189.692s][info][gc] GC(21893) Pause Young (Normal) (G1 Evacuation Pause) 51M->42M(63M) 1.615ms
Dec 26 12:16:45 untangle-main uvmconsole: [1453202.641s][info][gc] GC(21894) Pause Full (System.gc()) 43M->42M(63M) 62.930ms
Dec 26 12:19:06 untangle-main uvmconsole: [1453343.409s][info][gc] GC(21895) Pause Young (Normal) (G1 Evacuation Pause) 52M->42M(63M) 4.322ms
Dec 26 12:21:26 untangle-main uvmconsole: [1453483.408s][info][gc] GC(21896) Pause Young (Normal) (G1 Evacuation Pause) 51M->42M(63M) 8.155ms
Dec 26 12:21:45 untangle-main uvmconsole: [1453502.640s][info][gc] GC(21897) Pause Full (System.gc()) 43M->42M(63M) 61.730ms
Dec 26 12:24:16 untangle-main uvmconsole: [1453653.407s][info][gc] GC(21898) Pause Young (Normal) (G1 Evacuation Pause) 52M->42M(63M) 4.259ms
Dec 26 12:26:27 untangle-main uvmconsole: [1453784.446s][info][gc] GC(21899) Pause Young (Normal) (G1 Evacuation Pause) 51M->42M(63M) 3.778ms
Dec 26 12:26:45 untangle-main uvmconsole: [1453802.637s][info][gc] GC(21900) Pause Full (System.gc()) 43M->42M(63M) 58.686ms
Dec 26 12:28:56 untangle-main uvmconsole: [1453933.412s][info][gc] GC(21901) Pause Young (Normal) (G1 Evacuation Pause) 51M->42M(63M) 4.437ms
Dec 26 12:30:56 untangle-main uvmconsole: [1454053.499s][info][gc] GC(21902) Pause Young (Normal) (G1 Evacuation Pause) 50M->42M(63M) 5.864ms
Dec 26 12:31:45 untangle-main uvmconsole: [1454102.640s][info][gc] GC(21903) Pause Full (System.gc()) 45M->42M(63M) 63.391ms
Dec 26 12:33:56 untangle-main uvmconsole: [1454233.413s][info][gc] GC(21904) Pause Young (Normal) (G1 Evacuation Pause) 51M->42M(63M) 4.883ms
Dec 26 12:35:56 untangle-main uvmconsole: [1454353.412s][info][gc] GC(21905) Pause Young (Normal) (G1 Evacuation Pause) 50M->42M(63M) 4.446ms
Dec 26 12:36:45 untangle-main uvmconsole: [1454402.641s][info][gc] GC(21906) Pause Full (System.gc()) 45M->42M(63M) 63.355ms
Dec 26 12:39:03 untangle-main uvmconsole: [1454541.243s][info][gc] GC(21907) Pause Young (Normal) (G1 Evacuation Pause) 52M->42M(63M) 2.157ms
Dec 26 12:41:16 untangle-main uvmconsole: [1454673.403s][info][gc] GC(21908) Pause Young (Normal) (G1 Evacuation Pause) 51M->42M(63M) 3.756ms
Dec 26 12:41:45 untangle-main uvmconsole: [1454702.641s][info][gc] GC(21909) Pause Full (System.gc()) 43M->42M(63M) 62.966ms
Dec 26 12:43:56 untangle-main uvmconsole: [1454833.411s][info][gc] GC(21910) Pause Young (Normal) (G1 Evacuation Pause) 51M->42M(63M) 6.347ms
Dec 26 12:45:56 untangle-main uvmconsole: [1454953.409s][info][gc] GC(21911) Pause Young (Normal) (G1 Evacuation Pause) 50M->42M(63M) 4.475ms
Dec 26 12:46:45 untangle-main uvmconsole: [1455002.645s][info][gc] GC(21912) Pause Full (System.gc()) 45M->42M(63M) 66.382ms
Dec 26 12:49:16 untangle-main uvmconsole: [1455153.407s][info][gc] GC(21913) Pause Young (Normal) (G1 Evacuation Pause) 52M->42M(63M) 6.667ms
Dec 26 12:51:36 untangle-main uvmconsole: [1455293.405s][info][gc] GC(21914) Pause Young (Normal) (G1 Evacuation Pause) 51M->42M(63M) 6.607ms
Dec 26 12:51:45 untangle-main uvmconsole: [1455302.641s][info][gc] GC(21915) Pause Full (System.gc()) 42M->42M(63M) 60.656ms
Dec 26 12:54:06 untangle-main uvmconsole: [1455443.401s][info][gc] GC(21916) Pause Young (Normal) (G1 Evacuation Pause) 52M->42M(63M) 2.598ms
Dec 26 12:56:22 untangle-main uvmconsole: [1455579.755s][info][gc] GC(21917) Pause Young (Normal) (G1 Evacuation Pause) 51M->42M(63M) 6.437ms
Dec 26 12:56:45 untangle-main uvmconsole: [1455602.616s][info][gc] GC(21918) Pause Full (System.gc()) 43M->42M(63M) 39.907ms
Dec 26 12:59:09 untangle-main uvmconsole: [1455746.542s][info][gc] GC(21919) Pause Young (Normal) (G1 Evacuation Pause) 52M->42M(63M) 6.650ms
Dec 26 13:01:26 untangle-main uvmconsole: [1455883.406s][info][gc] GC(21920) Pause Young (Normal) (G1 Evacuation Pause) 51M->42M(63M) 4.664ms
Dec 26 13:01:45 untangle-main uvmconsole: [1455902.645s][info][gc] GC(21921) Pause Full (System.gc()) 43M->42M(63M) 66.846ms
Dec 26 13:04:16 untangle-main uvmconsole: [1456053.402s][info][gc] GC(21922) Pause Young (Normal) (G1 Evacuation Pause) 52M->42M(63M) 1.857ms
Dec 26 13:06:36 untangle-main uvmconsole: [1456193.404s][info][gc] GC(21923) Pause Young (Normal) (G1 Evacuation Pause) 51M->42M(63M) 4.462ms
Dec 26 13:06:45 untangle-main uvmconsole: [1456202.639s][info][gc] GC(21924) Pause Full (System.gc()) 43M->42M(63M) 61.315ms
Dec 26 13:09:06 untangle-main uvmconsole: [1456343.401s][info][gc] GC(21925) Pause Young (Normal) (G1 Evacuation Pause) 52M->42M(63M) 2.008ms
Dec 26 13:11:16 untangle-main uvmconsole: [1456474.294s][info][gc] GC(21926) Pause Young (Normal) (G1 Evacuation Pause) 51M->42M(63M) 1.946ms
Dec 26 13:11:45 untangle-main uvmconsole: [1456502.639s][info][gc] GC(21927) Pause Full (System.gc()) 43M->42M(63M) 61.832ms
Dec 26 13:14:16 untangle-main uvmconsole: [1456653.403s][info][gc] GC(21928) Pause Young (Normal) (G1 Evacuation Pause) 52M->42M(63M) 4.006ms
Dec 26 13:16:26 untangle-main uvmconsole: [1456783.412s][info][gc] GC(21929) Pause Young (Normal) (G1 Evacuation Pause) 51M->42M(63M) 4.805ms
Dec 26 13:16:45 untangle-main uvmconsole: [1456802.640s][info][gc] GC(21930) Pause Full (System.gc()) 43M->42M(63M) 62.879ms
Dec 26 13:18:56 untangle-main uvmconsole: [1456933.404s][info][gc] GC(21931) Pause Young (Normal) (G1 Evacuation Pause) 51M->42M(63M) 5.243ms
Dec 26 13:20:56 untangle-main uvmconsole: [1457053.409s][info][gc] GC(21932) Pause Young (Normal) (G1 Evacuation Pause) 50M->42M(63M) 4.338ms
Dec 26 13:21:45 untangle-main uvmconsole: [1457102.630s][info][gc] GC(21933) Pause Full (System.gc()) 45M->42M(63M) 53.311ms
Dec 26 13:23:56 untangle-main uvmconsole: [1457233.421s][info][gc] GC(21934) Pause Young (Normal) (G1 Evacuation Pause) 51M->42M(63M) 16.152ms
Dec 26 13:25:56 untangle-main uvmconsole: [1457353.413s][info][gc] GC(21935) Pause Young (Normal) (G1 Evacuation Pause) 50M->42M(63M) 3.663ms
Dec 26 13:26:45 untangle-main uvmconsole: [1457402.635s][info][gc] GC(21936) Pause Full (System.gc()) 45M->42M(63M) 55.698ms
Dec 26 13:28:56 untangle-main uvmconsole: [1457533.405s][info][gc] GC(21937) Pause Young (Normal) (G1 Evacuation Pause) 51M->42M(63M) 3.911ms
Dec 26 13:30:56 untangle-main uvmconsole: [1457653.413s][info][gc] GC(21938) Pause Young (Normal) (G1 Evacuation Pause) 50M->42M(63M) 9.342ms
Dec 26 13:31:45 untangle-main uvmconsole: [1457702.619s][info][gc] GC(21939) Pause Full (System.gc()) 45M->42M(63M) 41.840ms
Dec 26 13:33:56 untangle-main uvmconsole: [1457833.409s][info][gc] GC(21940) Pause Young (Normal) (G1 Evacuation Pause) 51M->42M(63M) 7.357ms
Dec 26 13:35:56 untangle-main uvmconsole: [1457953.406s][info][gc] GC(21941) Pause Young (Normal) (G1 Evacuation Pause) 50M->42M(63M) 5.457ms
Dec 26 13:36:45 untangle-main uvmconsole: [1458002.643s][info][gc] GC(21942) Pause Full (System.gc()) 45M->42M(63M) 67.001ms
Dec 26 13:39:06 untangle-main uvmconsole: [1458143.408s][info][gc] GC(21943) Pause Young (Normal) (G1 Evacuation Pause) 52M->42M(63M) 5.971ms
Dec 26 13:41:23 untangle-main uvmconsole: [1458281.359s][info][gc] GC(21944) Pause Young (Normal) (G1 Evacuation Pause) 51M->42M(63M) 6.809ms
Dec 26 13:41:45 untangle-main uvmconsole: [1458302.640s][info][gc] GC(21945) Pause Full (System.gc()) 43M->42M(63M) 62.816ms
Dec 26 13:44:11 untangle-main uvmconsole: [1458448.550s][info][gc] GC(21946) Pause Young (Normal) (G1 Evacuation Pause) 52M->42M(63M) 3.823ms
Dec 26 13:46:26 untangle-main uvmconsole: [1458583.406s][info][gc] GC(21947) Pause Young (Normal) (G1 Evacuation Pause) 51M->42M(63M) 5.726ms
Dec 26 13:46:45 untangle-main uvmconsole: [1458602.627s][info][gc] GC(21948) Pause Full (System.gc()) 43M->42M(63M) 50.113ms
Dec 26 13:49:06 untangle-main uvmconsole: [1458743.405s][info][gc] GC(21949) Pause Young (Normal) (G1 Evacuation Pause) 52M->42M(63M) 2.863ms
Dec 26 13:51:26 untangle-main uvmconsole: [1458883.411s][info][gc] GC(21950) Pause Young (Normal) (G1 Evacuation Pause) 51M->42M(63M) 6.614ms
Dec 26 13:51:45 untangle-main uvmconsole: [1458902.643s][info][gc] GC(21951) Pause Full (System.gc()) 43M->42M(63M) 65.590ms
Dec 26 13:53:56 untangle-main uvmconsole: [1459033.411s][info][gc] GC(21952) Pause Young (Normal) (G1 Evacuation Pause) 51M->42M(63M) 6.457ms
Dec 26 13:55:47 untangle-main uvmconsole: [1459144.974s][info][gc] GC(21953) Pause Young (Normal) (G1 Evacuation Pause) 50M->42M(63M) 6.504ms
Dec 26 13:56:45 untangle-main uvmconsole: [1459202.642s][info][gc] GC(21954) Pause Full (System.gc()) 46M->42M(63M) 65.090ms
Dec 26 13:59:16 untangle-main uvmconsole: [1459353.403s][info][gc] GC(21955) Pause Young (Normal) (G1 Evacuation Pause) 52M->42M(63M) 3.697ms
Dec 26 14:01:26 untangle-main uvmconsole: [1459483.409s][info][gc] GC(21956) Pause Young (Normal) (G1 Evacuation Pause) 51M->42M(63M) 5.931ms
Dec 26 14:01:45 untangle-main uvmconsole: [1459502.651s][info][gc] GC(21957) Pause Full (System.gc()) 43M->42M(63M) 74.457ms
Dec 26 14:04:06 untangle-main uvmconsole: [1459643.415s][info][gc] GC(21958) Pause Young (Normal) (G1 Evacuation Pause) 52M->42M(63M) 6.705ms
Dec 26 14:06:20 untangle-main uvmconsole: [1459777.690s][info][gc] GC(21959) Pause Young (Normal) (G1 Evacuation Pause) 51M->42M(63M) 5.104ms
Dec 26 14:06:45 untangle-main uvmconsole: [1459802.629s][info][gc] GC(21960) Pause Full (System.gc()) 43M->42M(63M) 50.037ms
Dec 26 14:08:56 untangle-main uvmconsole: [1459933.404s][info][gc] GC(21961) Pause Young (Normal) (G1 Evacuation Pause) 51M->42M(63M) 4.404ms
Dec 26 14:10:48 untangle-main uvmconsole: [1460046.296s][info][gc] GC(21962) Pause Young (Normal) (G1 Evacuation Pause) 50M->42M(63M) 4.211ms
Dec 26 14:11:45 untangle-main uvmconsole: [1460102.640s][info][gc] GC(21963) Pause Full (System.gc()) 45M->42M(63M) 61.818ms
Dec 26 14:14:06 untangle-main uvmconsole: [1460243.411s][info][gc] GC(21964) Pause Young (Normal) (G1 Evacuation Pause) 52M->42M(63M) 4.965ms
Dec 26 14:16:20 untangle-main uvmconsole: [1460378.268s][info][gc] GC(21965) Pause Young (Normal) (G1 Evacuation Pause) 51M->42M(63M) 6.927ms
Dec 26 14:16:45 untangle-main uvmconsole: [1460402.620s][info][gc] GC(21966) Pause Full (System.gc()) 43M->42M(63M) 41.784ms
Dec 26 14:19:06 untangle-main uvmconsole: [1460543.422s][info][gc] GC(21967) Pause Young (Normal) (G1 Evacuation Pause) 52M->42M(63M) 3.379ms
Dec 26 14:21:21 untangle-main uvmconsole: [1460678.558s][info][gc] GC(21968) Pause Young (Normal) (G1 Evacuation Pause) 51M->42M(63M) 3.870ms
Dec 26 14:21:45 untangle-main uvmconsole: [1460702.625s][info][gc] GC(21969) Pause Full (System.gc()) 43M->42M(63M) 48.153ms
Dec 26 14:24:06 untangle-main uvmconsole: [1460843.403s][info][gc] GC(21970) Pause Young (Normal) (G1 Evacuation Pause) 52M->42M(63M) 3.168ms
Dec 26 14:26:16 untangle-main uvmconsole: [1460973.512s][info][gc] GC(21971) Pause Young (Normal) (G1 Evacuation Pause) 51M->42M(63M) 1.651ms
Dec 26 14:26:45 untangle-main uvmconsole: [1461002.642s][info][gc] GC(21972) Pause Full (System.gc()) 43M->42M(63M) 62.497ms
Dec 26 14:28:56 untangle-main uvmconsole: [1461133.405s][info][gc] GC(21973) Pause Young (Normal) (G1 Evacuation Pause) 51M->42M(63M) 5.261ms
Dec 26 14:30:51 untangle-main uvmconsole: [1461249.104s][info][gc] GC(21974) Pause Young (Normal) (G1 Evacuation Pause) 50M->42M(63M) 6.172ms
Dec 26 14:31:45 untangle-main uvmconsole: [1461302.642s][info][gc] GC(21975) Pause Full (System.gc()) 46M->42M(63M) 64.386ms
Dec 26 14:33:56 untangle-main uvmconsole: [1461433.406s][info][gc] GC(21976) Pause Young (Normal) (G1 Evacuation Pause) 51M->42M(63M) 4.736ms
Dec 26 14:35:46 untangle-main uvmconsole: [1461543.411s][info][gc] GC(21977) Pause Young (Normal) (G1 Evacuation Pause) 50M->42M(63M) 4.515ms
Dec 26 14:36:45 untangle-main uvmconsole: [1461602.639s][info][gc] GC(21978) Pause Full (System.gc()) 46M->42M(63M) 59.852ms
Dec 26 14:38:46 untangle-main uvmconsole: [1461723.410s][info][gc] GC(21979) Pause Young (Normal) (G1 Evacuation Pause) 51M->42M(63M) 4.585ms
Dec 26 14:40:46 untangle-main uvmconsole: [1461843.405s][info][gc] GC(21980) Pause Young (Normal) (G1 Evacuation Pause) 50M->42M(63M) 4.907ms
Dec 26 14:41:45 untangle-main uvmconsole: [1461902.644s][info][gc] GC(21981) Pause Full (System.gc()) 46M->42M(63M) 68.029ms
Dec 26 14:43:56 untangle-main uvmconsole: [1462033.414s][info][gc] GC(21982) Pause Young (Normal) (G1 Evacuation Pause) 51M->42M(63M) 6.374ms
Dec 26 14:45:49 untangle-main uvmconsole: [1462146.982s][info][gc] GC(21983) Pause Young (Normal) (G1 Evacuation Pause) 50M->42M(63M) 5.250ms
Dec 26 14:46:45 untangle-main uvmconsole: [1462202.635s][info][gc] GC(21984) Pause Full (System.gc()) 45M->42M(63M) 56.179ms
Dec 26 14:49:07 untangle-main uvmconsole: [1462345.180s][info][gc] GC(21985) Pause Young (Normal) (G1 Evacuation Pause) 52M->42M(63M) 8.108ms
Dec 26 14:51:16 untangle-main uvmconsole: [1462473.520s][info][gc] GC(21986) Pause Young (Normal) (G1 Evacuation Pause) 51M->42M(63M) 5.767ms
Dec 26 14:51:45 untangle-main uvmconsole: [1462502.643s][info][gc] GC(21987) Pause Full (System.gc()) 44M->42M(63M) 66.123ms
Dec 26 14:53:56 untangle-main uvmconsole: [1462633.402s][info][gc] GC(21988) Pause Young (Normal) (G1 Evacuation Pause) 51M->42M(63M) 2.286ms
Dec 26 14:55:46 untangle-main uvmconsole: [1462743.939s][info][gc] GC(21989) Pause Young (Normal) (G1 Evacuation Pause) 50M->42M(63M) 5.847ms
Dec 26 14:56:45 untangle-main uvmconsole: [1462802.633s][info][gc] GC(21990) Pause Full (System.gc()) 46M->42M(63M) 57.278ms
Dec 26 14:59:06 untangle-main uvmconsole: [1462943.406s][info][gc] GC(21991) Pause Young (Normal) (G1 Evacuation Pause) 52M->42M(63M) 5.284ms
Dec 26 15:01:16 untangle-main uvmconsole: [1463073.405s][info][gc] GC(21992) Pause Young (Normal) (G1 Evacuation Pause) 51M->42M(63M) 2.901ms
Dec 26 15:01:45 untangle-main uvmconsole: [1463102.644s][info][gc] GC(21993) Pause Full (System.gc()) 44M->42M(63M) 67.062ms
Dec 26 15:04:06 untangle-main uvmconsole: [1463243.404s][info][gc] GC(21994) Pause Young (Normal) (G1 Evacuation Pause) 52M->42M(63M) 4.117ms
Dec 26 15:06:16 untangle-main uvmconsole: [1463373.413s][info][gc] GC(21995) Pause Young (Normal) (G1 Evacuation Pause) 51M->42M(63M) 5.753ms
Dec 26 15:06:45 untangle-main uvmconsole: [1463402.649s][info][gc] GC(21996) Pause Full (System.gc()) 44M->42M(63M) 71.043ms
Dec 26 15:08:56 untangle-main uvmconsole: [1463533.405s][info][gc] GC(21997) Pause Young (Normal) (G1 Evacuation Pause) 52M->42M(63M) 2.608ms
Dec 26 15:11:10 untangle-main uvmconsole: [1463667.866s][info][gc] GC(21998) Pause Young (Normal) (G1 Evacuation Pause) 51M->42M(63M) 5.810ms
Dec 26 15:11:45 untangle-main uvmconsole: [1463702.619s][info][gc] GC(21999) Pause Full (System.gc()) 44M->42M(63M) 40.599ms
Dec 26 15:13:56 untangle-main uvmconsole: [1463833.412s][info][gc] GC(22000) Pause Young (Normal) (G1 Evacuation Pause) 51M->42M(63M) 4.355ms
Dec 26 15:15:56 untangle-main uvmconsole: [1463953.406s][info][gc] GC(22001) Pause Young (Normal) (G1 Evacuation Pause) 50M->42M(63M) 5.113ms
Dec 26 15:16:45 untangle-main uvmconsole: [1464002.624s][info][gc] GC(22002) Pause Full (System.gc()) 45M->42M(63M) 47.399ms
Dec 26 15:18:56 untangle-main uvmconsole: [1464133.413s][info][gc] GC(22003) Pause Young (Normal) (G1 Evacuation Pause) 51M->42M(63M) 5.033ms
Dec 26 15:20:56 untangle-main uvmconsole: [1464253.412s][info][gc] GC(22004) Pause Young (Normal) (G1 Evacuation Pause) 50M->42M(63M) 5.585ms
Dec 26 15:21:45 untangle-main uvmconsole: [1464302.639s][info][gc] GC(22005) Pause Full (System.gc()) 45M->42M(63M) 61.258ms
Dec 26 15:23:56 untangle-main uvmconsole: [1464433.404s][info][gc] GC(22006) Pause Young (Normal) (G1 Evacuation Pause) 51M->42M(63M) 1.394ms
Dec 26 15:25:55 untangle-main uvmconsole: [1464553.195s][info][gc] GC(22007) Pause Young (Normal) (G1 Evacuation Pause) 50M->42M(63M) 3.705ms
Dec 26 15:26:45 untangle-main uvmconsole: [1464602.634s][info][gc] GC(22008) Pause Full (System.gc()) 45M->42M(63M) 57.728ms
Dec 26 15:28:56 untangle-main uvmconsole: [1464733.413s][info][gc] GC(22009) Pause Young (Normal) (G1 Evacuation Pause) 51M->42M(63M) 4.515ms
Dec 26 15:31:00 untangle-main uvmconsole: [1464857.422s][info][gc] GC(22010) Pause Young (Normal) (G1 Evacuation Pause) 50M->42M(63M) 5.600ms
Dec 26 15:31:45 untangle-main uvmconsole: [1464902.637s][info][gc] GC(22011) Pause Full (System.gc()) 45M->42M(63M) 57.643ms
Dec 26 15:33:46 untangle-main uvmconsole: [1465023.412s][info][gc] GC(22012) Pause Young (Normal) (G1 Evacuation Pause) 51M->42M(63M) 4.022ms
Dec 26 15:35:46 untangle-main uvmconsole: [1465143.413s][info][gc] GC(22013) Pause Young (Normal) (G1 Evacuation Pause) 50M->42M(63M) 4.947ms
Dec 26 15:36:45 untangle-main uvmconsole: [1465202.639s][info][gc] GC(22014) Pause Full (System.gc()) 46M->42M(63M) 61.568ms
Dec 26 15:39:06 untangle-main uvmconsole: [1465343.407s][info][gc] GC(22015) Pause Young (Normal) (G1 Evacuation Pause) 52M->42M(63M) 5.082ms
Dec 26 15:41:26 untangle-main uvmconsole: [1465483.408s][info][gc] GC(22016) Pause Young (Normal) (G1 Evacuation Pause) 51M->42M(63M) 6.643ms
Dec 26 15:41:45 untangle-main uvmconsole: [1465502.613s][info][gc] GC(22017) Pause Full (System.gc()) 43M->42M(63M) 37.403ms
Dec 26 15:44:06 untangle-main uvmconsole: [1465643.411s][info][gc] GC(22018) Pause Young (Normal) (G1 Evacuation Pause) 52M->42M(63M) 4.213ms
Dec 26 15:46:26 untangle-main uvmconsole: [1465783.400s][info][gc] GC(22019) Pause Young (Normal) (G1 Evacuation Pause) 51M->42M(63M) 1.847ms
Dec 26 15:46:45 untangle-main uvmconsole: [1465802.618s][info][gc] GC(22020) Pause Full (System.gc()) 43M->42M(63M) 40.441ms
Dec 26 15:49:16 untangle-main uvmconsole: [1465953.404s][info][gc] GC(22021) Pause Young (Normal) (G1 Evacuation Pause) 52M->42M(63M) 4.577ms
Dec 26 15:51:26 untangle-main uvmconsole: [1466083.404s][info][gc] GC(22022) Pause Young (Normal) (G1 Evacuation Pause) 51M->42M(63M) 4.475ms
Dec 26 15:51:45 untangle-main uvmconsole: [1466102.641s][info][gc] GC(22023) Pause Full (System.gc()) 43M->42M(63M) 64.895ms
Dec 26 15:53:56 untangle-main uvmconsole: [1466233.408s][info][gc] GC(22024) Pause Young (Normal) (G1 Evacuation Pause) 51M->42M(63M) 5.955ms
Dec 26 15:55:56 untangle-main uvmconsole: [1466353.403s][info][gc] GC(22025) Pause Young (Normal) (G1 Evacuation Pause) 50M->42M(63M) 1.997ms
Dec 26 15:56:45 untangle-main uvmconsole: [1466402.635s][info][gc] GC(22026) Pause Full (System.gc()) 45M->42M(63M) 56.175ms
Dec 26 15:58:56 untangle-main uvmconsole: [1466533.406s][info][gc] GC(22027) Pause Young (Normal) (G1 Evacuation Pause) 51M->42M(63M) 2.451ms
Dec 26 16:00:52 untangle-main uvmconsole: [1466650.136s][info][gc] GC(22028) Pause Young (Normal) (G1 Evacuation Pause) 50M->42M(63M) 5.879ms
Dec 26 16:01:45 untangle-main uvmconsole: [1466702.621s][info][gc] GC(22029) Pause Full (System.gc()) 46M->42M(63M) 42.791ms
Dec 26 16:03:56 untangle-main uvmconsole: [1466833.412s][info][gc] GC(22030) Pause Young (Normal) (G1 Evacuation Pause) 51M->42M(63M) 4.450ms
Dec 26 16:05:56 untangle-main uvmconsole: [1466953.405s][info][gc] GC(22031) Pause Young (Normal) (G1 Evacuation Pause) 50M->42M(63M) 2.021ms
Dec 26 16:06:45 untangle-main uvmconsole: [1467002.647s][info][gc] GC(22032) Pause Full (System.gc()) 45M->42M(63M) 68.915ms
Dec 26 16:08:46 untangle-main uvmconsole: [1467123.411s][info][gc] GC(22033) Pause Young (Normal) (G1 Evacuation Pause) 51M->42M(63M) 4.648ms
Dec 26 16:10:43 untangle-main uvmconsole: [1467241.378s][info][gc] GC(22034) Pause Young (Normal) (G1 Evacuation Pause) 50M->42M(63M) 4.088ms
Dec 26 16:11:45 untangle-main uvmconsole: [1467302.639s][info][gc] GC(22035) Pause Full (System.gc()) 46M->42M(63M) 61.588ms
Dec 26 16:14:06 untangle-main uvmconsole: [1467443.411s][info][gc] GC(22036) Pause Young (Normal) (G1 Evacuation Pause) 52M->42M(63M) 4.838ms
Dec 26 16:16:26 untangle-main uvmconsole: [1467583.410s][info][gc] GC(22037) Pause Young (Normal) (G1 Evacuation Pause) 51M->42M(63M) 4.263ms
Dec 26 16:16:45 untangle-main uvmconsole: [1467602.640s][info][gc] GC(22038) Pause Full (System.gc()) 43M->42M(63M) 63.479ms
Dec 26 16:19:02 untangle-main uvmconsole: [1467740.163s][info][gc] GC(22039) Pause Young (Normal) (G1 Evacuation Pause) 52M->42M(63M) 5.195ms
Dec 26 16:21:16 untangle-main uvmconsole: [1467873.659s][info][gc] GC(22040) Pause Young (Normal) (G1 Evacuation Pause) 51M->42M(63M) 4.106ms
Dec 26 16:21:45 untangle-main uvmconsole: [1467902.640s][info][gc] GC(22041) Pause Full (System.gc()) 43M->42M(63M) 62.516ms
Dec 26 16:24:16 untangle-main uvmconsole: [1468053.402s][info][gc] GC(22042) Pause Young (Normal) (G1 Evacuation Pause) 52M->42M(63M) 1.598ms
Dec 26 16:26:26 untangle-main uvmconsole: [1468183.400s][info][gc] GC(22043) Pause Young (Normal) (G1 Evacuation Pause) 51M->42M(63M) 1.589ms
Dec 26 16:26:45 untangle-main uvmconsole: [1468202.617s][info][gc] GC(22044) Pause Full (System.gc()) 43M->42M(63M) 41.262ms
Dec 26 16:29:16 untangle-main uvmconsole: [1468353.402s][info][gc] GC(22045) Pause Young (Normal) (G1 Evacuation Pause) 52M->42M(63M) 2.858ms
Dec 26 16:31:36 untangle-main uvmconsole: [1468493.403s][info][gc] GC(22046) Pause Young (Normal) (G1 Evacuation Pause) 51M->42M(63M) 4.776ms
Dec 26 16:31:45 untangle-main uvmconsole: [1468502.633s][info][gc] GC(22047) Pause Full (System.gc()) 43M->42M(63M) 55.786ms
Dec 26 16:33:43 untangle-main uvmconsole: [1468620.460s][info][gc] GC(22048) Pause Young (Normal) (G1 Evacuation Pause) 50M->42M(63M) 4.775ms
Dec 26 16:35:26 untangle-main uvmconsole: [1468723.410s][info][gc] GC(22049) Pause Young (Normal) (G1 Evacuation Pause) 49M->42M(63M) 6.858ms
Dec 26 16:36:45 untangle-main uvmconsole: [1468802.663s][info][gc] GC(22050) Pause Full (System.gc()) 47M->42M(63M) 86.834ms
Dec 26 16:39:18 untangle-main uvmconsole: [1468956.206s][info][gc] GC(22051) Pause Young (Normal) (G1 Evacuation Pause) 53M->42M(63M) 11.480ms
Dec 26 16:41:45 untangle-main uvmconsole: [1469102.648s][info][gc] GC(22052) Pause Full (System.gc()) 51M->42M(63M) 69.067ms
Dec 26 16:44:06 untangle-main uvmconsole: [1469243.407s][info][gc] GC(22053) Pause Young (Normal) (G1 Evacuation Pause) 52M->42M(63M) 7.874ms
Dec 26 16:46:21 untangle-main uvmconsole: [1469379.079s][info][gc] GC(22054) Pause Young (Normal) (G1 Evacuation Pause) 51M->42M(63M) 3.607ms
Dec 26 16:46:45 untangle-main uvmconsole: [1469402.639s][info][gc] GC(22055) Pause Full (System.gc()) 43M->42M(63M) 63.033ms
Dec 26 16:48:56 untangle-main uvmconsole: [1469533.412s][info][gc] GC(22056) Pause Young (Normal) (G1 Evacuation Pause) 51M->42M(63M) 5.503ms
Dec 26 16:50:56 untangle-main uvmconsole: [1469653.401s][info][gc] GC(22057) Pause Young (Normal) (G1 Evacuation Pause) 50M->42M(63M) 1.509ms
Dec 26 16:51:45 untangle-main uvmconsole: [1469702.639s][info][gc] GC(22058) Pause Full (System.gc()) 45M->42M(63M) 62.960ms
Dec 26 16:53:56 untangle-main uvmconsole: [1469833.401s][info][gc] GC(22059) Pause Young (Normal) (G1 Evacuation Pause) 51M->42M(63M) 1.792ms
Dec 26 16:55:56 untangle-main uvmconsole: [1469953.424s][info][gc] GC(22060) Pause Young (Normal) (G1 Evacuation Pause) 50M->42M(63M) 18.195ms
Dec 26 16:56:45 untangle-main uvmconsole: [1470002.641s][info][gc] GC(22061) Pause Full (System.gc()) 45M->42M(63M) 64.304ms
Dec 26 16:58:46 untangle-main uvmconsole: [1470123.402s][info][gc] GC(22062) Pause Young (Normal) (G1 Evacuation Pause) 50M->42M(63M) 2.412ms
Dec 26 17:00:26 untangle-main uvmconsole: [1470224.383s][info][gc] GC(22063) Pause Young (Normal) (G1 Evacuation Pause) 49M->42M(63M) 3.965ms
Dec 26 17:01:45 untangle-main uvmconsole: [1470302.635s][info][gc] GC(22064) Pause Full (System.gc()) 47M->42M(63M) 58.103ms
Dec 26 17:04:16 untangle-main uvmconsole: [1470453.403s][info][gc] GC(22065) Pause Young (Normal) (G1 Evacuation Pause) 52M->42M(63M) 5.221ms
Dec 26 17:06:30 untangle-main uvmconsole: [1470587.797s][info][gc] GC(22066) Pause Young (Normal) (G1 Evacuation Pause) 51M->42M(63M) 6.166ms
Dec 26 17:06:45 untangle-main uvmconsole: [1470602.638s][info][gc] GC(22067) Pause Full (System.gc()) 43M->42M(63M) 59.591ms
Dec 26 17:09:06 untangle-main uvmconsole: [1470743.414s][info][gc] GC(22068) Pause Young (Normal) (G1 Evacuation Pause) 52M->42M(63M) 10.331ms
Dec 26 17:11:26 untangle-main uvmconsole: [1470883.407s][info][gc] GC(22069) Pause Young (Normal) (G1 Evacuation Pause) 51M->42M(63M) 4.481ms
Dec 26 17:11:45 untangle-main uvmconsole: [1470902.624s][info][gc] GC(22070) Pause Full (System.gc()) 43M->42M(63M) 47.737ms
Dec 26 17:14:06 untangle-main uvmconsole: [1471043.416s][info][gc] GC(22071) Pause Young (Normal) (G1 Evacuation Pause) 52M->42M(63M) 7.564ms
Dec 26 17:16:26 untangle-main uvmconsole: [1471183.411s][info][gc] GC(22072) Pause Young (Normal) (G1 Evacuation Pause) 51M->42M(63M) 4.677ms
Dec 26 17:16:45 untangle-main uvmconsole: [1471202.642s][info][gc] GC(22073) Pause Full (System.gc()) 43M->42M(63M) 63.552ms
Dec 26 17:19:06 untangle-main uvmconsole: [1471343.399s][info][gc] GC(22074) Pause Young (Normal) (G1 Evacuation Pause) 52M->42M(63M) 1.771ms
Dec 26 17:21:20 untangle-main uvmconsole: [1471477.705s][info][gc] GC(22075) Pause Young (Normal) (G1 Evacuation Pause) 51M->42M(63M) 5.461ms
Dec 26 17:21:45 untangle-main uvmconsole: [1471502.641s][info][gc] GC(22076) Pause Full (System.gc()) 43M->42M(63M) 63.162ms
Dec 26 17:24:16 untangle-main uvmconsole: [1471653.400s][info][gc] GC(22077) Pause Young (Normal) (G1 Evacuation Pause) 52M->42M(63M) 1.810ms
Dec 26 17:26:36 untangle-main uvmconsole: [1471793.407s][info][gc] GC(22078) Pause Young (Normal) (G1 Evacuation Pause) 51M->42M(63M) 8.101ms
Dec 26 17:26:45 untangle-main uvmconsole: [1471802.641s][info][gc] GC(22079) Pause Full (System.gc()) 42M->42M(63M) 62.457ms
Dec 26 17:29:26 untangle-main uvmconsole: [1471963.411s][info][gc] GC(22080) Pause Young (Normal) (G1 Evacuation Pause) 53M->42M(63M) 5.237ms
Dec 26 17:31:45 untangle-main uvmconsole: [1472102.640s][info][gc] GC(22081) Pause Full (System.gc()) 51M->42M(63M) 62.652ms
Dec 26 17:33:41 untangle-main uvmconsole: [1472218.917s][info][gc] GC(22082) Pause Young (Normal) (G1 Evacuation Pause) 50M->42M(63M) 5.546ms
Dec 26 17:35:26 untangle-main uvmconsole: [1472323.405s][info][gc] GC(22083) Pause Young (Normal) (G1 Evacuation Pause) 49M->42M(63M) 4.195ms
Dec 26 17:36:45 untangle-main uvmconsole: [1472402.634s][info][gc] GC(22084) Pause Full (System.gc()) 47M->42M(63M) 55.730ms
Dec 26 17:39:05 untangle-main uvmconsole: [1472542.512s][info][gc] GC(22085) Pause Young (Normal) (G1 Evacuation Pause) 52M->42M(63M) 4.480ms
Dec 26 17:41:16 untangle-main uvmconsole: [1472673.723s][info][gc] GC(22086) Pause Young (Normal) (G1 Evacuation Pause) 51M->42M(63M) 4.224ms
Dec 26 17:41:45 untangle-main uvmconsole: [1472702.613s][info][gc] GC(22087) Pause Full (System.gc()) 43M->42M(63M) 37.404ms
Dec 26 17:43:56 untangle-main uvmconsole: [1472833.413s][info][gc] GC(22088) Pause Young (Normal) (G1 Evacuation Pause) 51M->42M(63M) 5.353ms
Dec 26 17:45:57 untangle-main uvmconsole: [1472955.016s][info][gc] GC(22089) Pause Young (Normal) (G1 Evacuation Pause) 50M->42M(63M) 6.254ms
Dec 26 17:46:45 untangle-main uvmconsole: [1473002.638s][info][gc] GC(22090) Pause Full (System.gc()) 45M->42M(63M) 59.760ms
Dec 26 17:48:56 untangle-main uvmconsole: [1473133.410s][info][gc] GC(22091) Pause Young (Normal) (G1 Evacuation Pause) 51M->42M(63M) 4.610ms
Dec 26 17:50:56 untangle-main uvmconsole: [1473253.413s][info][gc] GC(22092) Pause Young (Normal) (G1 Evacuation Pause) 50M->42M(63M) 3.320ms
Dec 26 17:51:45 untangle-main uvmconsole: [1473302.639s][info][gc] GC(22093) Pause Full (System.gc()) 45M->42M(63M) 61.092ms
Dec 26 17:54:05 untangle-main uvmconsole: [1473442.995s][info][gc] GC(22094) Pause Young (Normal) (G1 Evacuation Pause) 52M->42M(63M) 48.425ms
Dec 26 17:56:16 untangle-main uvmconsole: [1473573.415s][info][gc] GC(22095) Pause Young (Normal) (G1 Evacuation Pause) 51M->42M(63M) 6.890ms
Dec 26 17:56:45 untangle-main uvmconsole: [1473602.642s][info][gc] GC(22096) Pause Full (System.gc()) 43M->42M(63M) 65.287ms
Dec 26 17:59:16 untangle-main uvmconsole: [1473753.401s][info][gc] GC(22097) Pause Young (Normal) (G1 Evacuation Pause) 52M->42M(63M) 1.517ms
Dec 26 18:01:36 untangle-main uvmconsole: [1473893.405s][info][gc] GC(22098) Pause Young (Normal) (G1 Evacuation Pause) 51M->42M(63M) 5.629ms
Dec 26 18:01:45 untangle-main uvmconsole: [1473902.642s][info][gc] GC(22099) Pause Full (System.gc()) 43M->42M(63M) 64.473ms
Dec 26 18:04:11 untangle-main uvmconsole: [1474048.673s][info][gc] GC(22100) Pause Young (Normal) (G1 Evacuation Pause) 52M->42M(63M) 7.365ms
Dec 26 18:06:26 untangle-main uvmconsole: [1474183.407s][info][gc] GC(22101) Pause Young (Normal) (G1 Evacuation Pause) 51M->42M(63M) 3.836ms
Dec 26 18:06:45 untangle-main uvmconsole: [1474202.641s][info][gc] GC(22102) Pause Full (System.gc()) 43M->42M(63M) 64.150ms
Dec 26 18:09:06 untangle-main uvmconsole: [1474343.413s][info][gc] GC(22103) Pause Young (Normal) (G1 Evacuation Pause) 52M->42M(63M) 5.519ms
Dec 26 18:11:16 untangle-main uvmconsole: [1474473.410s][info][gc] GC(22104) Pause Young (Normal) (G1 Evacuation Pause) 51M->42M(63M) 4.104ms
Dec 26 18:11:45 untangle-main uvmconsole: [1474502.615s][info][gc] GC(22105) Pause Full (System.gc()) 44M->42M(63M) 38.546ms
Dec 26 18:14:06 untangle-main uvmconsole: [1474643.643s][info][gc] GC(22106) Pause Young (Normal) (G1 Evacuation Pause) 52M->42M(63M) 7.088ms
Dec 26 18:16:26 untangle-main uvmconsole: [1474783.407s][info][gc] GC(22107) Pause Young (Normal) (G1 Evacuation Pause) 51M->42M(63M) 4.905ms
Dec 26 18:16:45 untangle-main uvmconsole: [1474802.618s][info][gc] GC(22108) Pause Full (System.gc()) 43M->42M(63M) 39.468ms
Dec 26 18:19:16 untangle-main uvmconsole: [1474953.407s][info][gc] GC(22109) Pause Young (Normal) (G1 Evacuation Pause) 52M->42M(63M) 5.700ms
Dec 26 18:21:31 untangle-main uvmconsole: [1475089.294s][info][gc] GC(22110) Pause Young (Normal) (G1 Evacuation Pause) 51M->42M(63M) 1.598ms
Dec 26 18:21:45 untangle-main uvmconsole: [1475102.617s][info][gc] GC(22111) Pause Full (System.gc()) 43M->42M(63M) 39.390ms
Dec 26 18:24:16 untangle-main uvmconsole: [1475253.400s][info][gc] GC(22112) Pause Young (Normal) (G1 Evacuation Pause) 52M->42M(63M) 1.741ms
Dec 26 18:26:36 untangle-main uvmconsole: [1475393.405s][info][gc] GC(22113) Pause Young (Normal) (G1 Evacuation Pause) 51M->42M(63M) 5.513ms
Dec 26 18:26:45 untangle-main uvmconsole: [1475402.639s][info][gc] GC(22114) Pause Full (System.gc()) 43M->42M(63M) 59.303ms
Dec 26 18:28:52 untangle-main uvmconsole: [1475530.301s][info][gc] GC(22115) Pause Young (Normal) (G1 Evacuation Pause) 51M->42M(63M) 5.270ms
Dec 26 18:30:46 untangle-main uvmconsole: [1475643.415s][info][gc] GC(22116) Pause Young (Normal) (G1 Evacuation Pause) 50M->42M(63M) 5.703ms
Dec 26 18:31:45 untangle-main uvmconsole: [1475702.639s][info][gc] GC(22117) Pause Full (System.gc()) 46M->42M(63M) 61.395ms
Dec 26 18:34:06 untangle-main uvmconsole: [1475844.289s][info][gc] GC(22118) Pause Young (Normal) (G1 Evacuation Pause) 52M->42M(63M) 4.567ms
Dec 26 18:36:26 untangle-main uvmconsole: [1475983.411s][info][gc] GC(22119) Pause Young (Normal) (G1 Evacuation Pause) 51M->42M(63M) 4.951ms
Dec 26 18:36:45 untangle-main uvmconsole: [1476002.637s][info][gc] GC(22120) Pause Full (System.gc()) 43M->42M(63M) 60.530ms
Dec 26 18:39:06 untangle-main uvmconsole: [1476143.412s][info][gc] GC(22121) Pause Young (Normal) (G1 Evacuation Pause) 52M->42M(63M) 4.393ms
Dec 26 18:41:20 untangle-main uvmconsole: [1476278.001s][info][gc] GC(22122) Pause Young (Normal) (G1 Evacuation Pause) 51M->42M(63M) 5.077ms
Dec 26 18:41:45 untangle-main uvmconsole: [1476302.615s][info][gc] GC(22123) Pause Full (System.gc()) 43M->42M(63M) 40.112ms
Dec 26 18:44:16 untangle-main uvmconsole: [1476453.406s][info][gc] GC(22124) Pause Young (Normal) (G1 Evacuation Pause) 52M->42M(63M) 4.804ms
Dec 26 18:46:26 untangle-main uvmconsole: [1476583.411s][info][gc] GC(22125) Pause Young (Normal) (G1 Evacuation Pause) 51M->42M(63M) 7.487ms
Dec 26 18:46:45 untangle-main uvmconsole: [1476602.631s][info][gc] GC(22126) Pause Full (System.gc()) 43M->42M(63M) 53.075ms
Dec 26 18:49:11 untangle-main uvmconsole: [1476748.443s][info][gc] GC(22127) Pause Young (Normal) (G1 Evacuation Pause) 52M->42M(63M) 6.530ms
Dec 26 18:51:26 untangle-main uvmconsole: [1476883.409s][info][gc] GC(22128) Pause Young (Normal) (G1 Evacuation Pause) 51M->42M(63M) 6.321ms
Dec 26 18:51:45 untangle-main uvmconsole: [1476902.639s][info][gc] GC(22129) Pause Full (System.gc()) 43M->42M(63M) 59.318ms
Dec 26 18:53:56 untangle-main uvmconsole: [1477033.404s][info][gc] GC(22130) Pause Young (Normal) (G1 Evacuation Pause) 51M->42M(63M) 2.116ms
Dec 26 18:55:56 untangle-main uvmconsole: [1477153.413s][info][gc] GC(22131) Pause Young (Normal) (G1 Evacuation Pause) 50M->42M(63M) 4.816ms
Dec 26 18:56:45 untangle-main uvmconsole: [1477202.624s][info][gc] GC(22132) Pause Full (System.gc()) 45M->42M(63M) 46.222ms
Dec 26 18:58:56 untangle-main uvmconsole: [1477333.430s][info][gc] GC(22133) Pause Young (Normal) (G1 Evacuation Pause) 51M->42M(63M) 21.741ms
Dec 26 19:00:56 untangle-main uvmconsole: [1477454.117s][info][gc] GC(22134) Pause Young (Normal) (G1 Evacuation Pause) 50M->42M(63M) 3.794ms
Dec 26 19:01:45 untangle-main uvmconsole: [1477502.646s][info][gc] GC(22135) Pause Full (System.gc()) 45M->42M(63M) 67.305ms
Dec 26 19:04:06 untangle-main uvmconsole: [1477643.414s][info][gc] GC(22136) Pause Young (Normal) (G1 Evacuation Pause) 52M->42M(63M) 6.780ms
Dec 26 19:06:16 untangle-main uvmconsole: [1477773.916s][info][gc] GC(22137) Pause Young (Normal) (G1 Evacuation Pause) 51M->42M(63M) 5.622ms
Dec 26 19:06:45 untangle-main uvmconsole: [1477802.637s][info][gc] GC(22138) Pause Full (System.gc()) 43M->42M(63M) 58.914ms
Dec 26 19:09:06 untangle-main uvmconsole: [1477943.444s][info][gc] GC(22139) Pause Young (Normal) (G1 Evacuation Pause) 52M->42M(63M) 40.174ms
Dec 26 19:11:22 untangle-main uvmconsole: [1478079.675s][info][gc] GC(22140) Pause Young (Normal) (G1 Evacuation Pause) 51M->42M(63M) 4.647ms
Dec 26 19:11:45 untangle-main uvmconsole: [1478102.619s][info][gc] GC(22141) Pause Full (System.gc()) 43M->42M(63M) 40.565ms
Dec 26 19:13:56 untangle-main uvmconsole: [1478233.404s][info][gc] GC(22142) Pause Young (Normal) (G1 Evacuation Pause) 51M->42M(63M) 4.764ms
Dec 26 19:15:52 untangle-main uvmconsole: [1478349.903s][info][gc] GC(22143) Pause Young (Normal) (G1 Evacuation Pause) 50M->42M(63M) 5.246ms
Dec 26 19:16:45 untangle-main uvmconsole: [1478402.615s][info][gc] GC(22144) Pause Full (System.gc()) 45M->42M(63M) 38.320ms
Dec 26 19:18:56 untangle-main uvmconsole: [1478533.416s][info][gc] GC(22145) Pause Young (Normal) (G1 Evacuation Pause) 51M->42M(63M) 4.739ms
Dec 26 19:20:56 untangle-main uvmconsole: [1478653.407s][info][gc] GC(22146) Pause Young (Normal) (G1 Evacuation Pause) 50M->42M(63M) 3.356ms
Dec 26 19:21:45 untangle-main uvmconsole: [1478702.651s][info][gc] GC(22147) Pause Full (System.gc()) 45M->42M(63M) 74.127ms
Dec 26 19:23:56 untangle-main uvmconsole: [1478833.403s][info][gc] GC(22148) Pause Young (Normal) (G1 Evacuation Pause) 51M->42M(63M) 2.810ms
Dec 26 19:25:56 untangle-main uvmconsole: [1478953.409s][info][gc] GC(22149) Pause Young (Normal) (G1 Evacuation Pause) 50M->42M(63M) 2.945ms
Dec 26 19:26:45 untangle-main uvmconsole: [1479002.640s][info][gc] GC(22150) Pause Full (System.gc()) 45M->42M(63M) 63.617ms
Dec 26 19:28:56 untangle-main uvmconsole: [1479133.410s][info][gc] GC(22151) Pause Young (Normal) (G1 Evacuation Pause) 51M->42M(63M) 2.699ms
Dec 26 19:30:56 untangle-main uvmconsole: [1479253.406s][info][gc] GC(22152) Pause Young (Normal) (G1 Evacuation Pause) 50M->42M(63M) 4.010ms
Dec 26 19:31:45 untangle-main uvmconsole: [1479302.639s][info][gc] GC(22153) Pause Full (System.gc()) 45M->42M(63M) 61.020ms
Dec 26 19:34:16 untangle-main uvmconsole: [1479453.406s][info][gc] GC(22154) Pause Young (Normal) (G1 Evacuation Pause) 52M->42M(63M) 7.263ms
Dec 26 19:36:26 untangle-main uvmconsole: [1479583.410s][info][gc] GC(22155) Pause Young (Normal) (G1 Evacuation Pause) 51M->42M(63M) 6.292ms
Dec 26 19:36:45 untangle-main uvmconsole: [1479602.639s][info][gc] GC(22156) Pause Full (System.gc()) 43M->42M(63M) 60.630ms
Dec 26 19:39:06 untangle-main uvmconsole: [1479743.402s][info][gc] GC(22157) Pause Young (Normal) (G1 Evacuation Pause) 52M->42M(63M) 1.881ms
Dec 26 19:41:13 untangle-main uvmconsole: [1479871.206s][info][gc] GC(22158) Pause Young (Normal) (G1 Evacuation Pause) 51M->42M(63M) 4.707ms
Dec 26 19:41:45 untangle-main uvmconsole: [1479902.618s][info][gc] GC(22159) Pause Full (System.gc()) 44M->42M(63M) 40.256ms
Dec 26 19:43:56 untangle-main uvmconsole: [1480033.443s][info][gc] GC(22160) Pause Young (Normal) (G1 Evacuation Pause) 51M->42M(63M) 30.742ms
Dec 26 19:45:59 untangle-main uvmconsole: [1480156.494s][info][gc] GC(22161) Pause Young (Normal) (G1 Evacuation Pause) 50M->42M(63M) 5.432ms
Dec 26 19:46:45 untangle-main uvmconsole: [1480202.636s][info][gc] GC(22162) Pause Full (System.gc()) 45M->42M(63M) 59.074ms
Dec 26 19:48:36 untangle-main uvmconsole: [1480313.411s][info][gc] GC(22163) Pause Young (Normal) (G1 Evacuation Pause) 50M->42M(63M) 5.960ms
Dec 26 19:50:16 untangle-main uvmconsole: [1480413.408s][info][gc] GC(22164) Pause Young (Normal) (G1 Evacuation Pause) 49M->42M(63M) 4.807ms
Dec 26 19:51:45 untangle-main uvmconsole: [1480502.642s][info][gc] GC(22165) Pause Full (System.gc()) 48M->42M(63M) 63.155ms
Dec 26 19:54:16 untangle-main uvmconsole: [1480653.400s][info][gc] GC(22166) Pause Young (Normal) (G1 Evacuation Pause) 52M->42M(63M) 2.820ms
Dec 26 19:56:26 untangle-main uvmconsole: [1480784.175s][info][gc] GC(22167) Pause Young (Normal) (G1 Evacuation Pause) 51M->42M(63M) 7.200ms
Dec 26 19:56:45 untangle-main uvmconsole: [1480802.636s][info][gc] GC(22168) Pause Full (System.gc()) 43M->42M(63M) 58.926ms
Dec 26 19:59:06 untangle-main uvmconsole: [1480943.433s][info][gc] GC(22169) Pause Young (Normal) (G1 Evacuation Pause) 52M->42M(63M) 33.640ms
Dec 26 20:01:26 untangle-main uvmconsole: [1481083.408s][info][gc] GC(22170) Pause Young (Normal) (G1 Evacuation Pause) 51M->42M(63M) 7.807ms
Dec 26 20:01:45 untangle-main uvmconsole: [1481102.629s][info][gc] GC(22171) Pause Full (System.gc()) 43M->42M(63M) 53.079ms
Dec 26 20:04:16 untangle-main uvmconsole: [1481253.406s][info][gc] GC(22172) Pause Young (Normal) (G1 Evacuation Pause) 52M->42M(63M) 5.218ms
Dec 26 20:06:26 untangle-main uvmconsole: [1481383.407s][info][gc] GC(22173) Pause Young (Normal) (G1 Evacuation Pause) 51M->42M(63M) 4.472ms
Dec 26 20:06:45 untangle-main uvmconsole: [1481402.640s][info][gc] GC(22174) Pause Full (System.gc()) 43M->42M(63M) 62.096ms
Dec 26 20:09:06 untangle-main uvmconsole: [1481543.415s][info][gc] GC(22175) Pause Young (Normal) (G1 Evacuation Pause) 52M->42M(63M) 13.066ms
Dec 26 20:11:16 untangle-main uvmconsole: [1481673.992s][info][gc] GC(22176) Pause Young (Normal) (G1 Evacuation Pause) 51M->42M(63M) 6.939ms
Dec 26 20:11:45 untangle-main uvmconsole: [1481702.625s][info][gc] GC(22177) Pause Full (System.gc()) 43M->42M(63M) 46.627ms
Dec 26 20:13:56 untangle-main uvmconsole: [1481833.411s][info][gc] GC(22178) Pause Young (Normal) (G1 Evacuation Pause) 51M->42M(63M) 3.705ms
Dec 26 20:15:48 untangle-main uvmconsole: [1481945.542s][info][gc] GC(22179) Pause Young (Normal) (G1 Evacuation Pause) 50M->42M(63M) 7.002ms
Dec 26 20:16:45 untangle-main uvmconsole: [1482002.642s][info][gc] GC(22180) Pause Full (System.gc()) 45M->42M(63M) 65.450ms
Dec 26 20:18:56 untangle-main uvmconsole: [1482133.412s][info][gc] GC(22181) Pause Young (Normal) (G1 Evacuation Pause) 51M->42M(63M) 4.825ms
Dec 26 20:21:00 untangle-main uvmconsole: [1482257.692s][info][gc] GC(22182) Pause Young (Normal) (G1 Evacuation Pause) 50M->42M(63M) 1.575ms
Dec 26 20:21:45 untangle-main uvmconsole: [1482302.635s][info][gc] GC(22183) Pause Full (System.gc()) 45M->42M(63M) 56.891ms
Dec 26 20:23:49 untangle-main uvmconsole: [1482426.783s][info][gc] GC(22184) Pause Young (Normal) (G1 Evacuation Pause) 51M->42M(63M) 3.917ms
Dec 26 20:25:46 untangle-main uvmconsole: [1482543.407s][info][gc] GC(22185) Pause Young (Normal) (G1 Evacuation Pause) 50M->42M(63M) 3.133ms
Dec 26 20:26:45 untangle-main uvmconsole: [1482602.646s][info][gc] GC(22186) Pause Full (System.gc()) 45M->42M(63M) 67.494ms
Dec 26 20:29:16 untangle-main uvmconsole: [1482753.407s][info][gc] GC(22187) Pause Young (Normal) (G1 Evacuation Pause) 52M->42M(63M) 7.253ms
Dec 26 20:31:26 untangle-main uvmconsole: [1482883.413s][info][gc] GC(22188) Pause Young (Normal) (G1 Evacuation Pause) 51M->42M(63M) 7.121ms
Dec 26 20:31:45 untangle-main uvmconsole: [1482902.654s][info][gc] GC(22189) Pause Full (System.gc()) 43M->42M(63M) 76.175ms
Dec 26 20:34:06 untangle-main uvmconsole: [1483043.403s][info][gc] GC(22190) Pause Young (Normal) (G1 Evacuation Pause) 52M->42M(63M) 4.742ms
Dec 26 20:36:16 untangle-main uvmconsole: [1483174.345s][info][gc] GC(22191) Pause Young (Normal) (G1 Evacuation Pause) 51M->42M(63M) 3.221ms
Dec 26 20:36:45 untangle-main uvmconsole: [1483202.639s][info][gc] GC(22192) Pause Full (System.gc()) 43M->42M(63M) 60.871ms
Dec 26 20:39:06 untangle-main uvmconsole: [1483343.410s][info][gc] GC(22193) Pause Young (Normal) (G1 Evacuation Pause) 52M->42M(63M) 8.610ms
Dec 26 20:41:16 untangle-main uvmconsole: [1483473.402s][info][gc] GC(22194) Pause Young (Normal) (G1 Evacuation Pause) 51M->42M(63M) 3.650ms
Dec 26 20:41:45 untangle-main uvmconsole: [1483502.619s][info][gc] GC(22195) Pause Full (System.gc()) 44M->42M(63M) 40.392ms
Dec 26 20:44:06 untangle-main uvmconsole: [1483644.024s][info][gc] GC(22196) Pause Young (Normal) (G1 Evacuation Pause) 52M->42M(63M) 5.159ms
Dec 26 20:46:26 untangle-main uvmconsole: [1483783.412s][info][gc] GC(22197) Pause Young (Normal) (G1 Evacuation Pause) 51M->42M(63M) 5.111ms
Dec 26 20:46:45 untangle-main uvmconsole: [1483802.663s][info][gc] GC(22198) Pause Full (System.gc()) 43M->42M(63M) 84.288ms
Dec 26 20:49:11 untangle-main uvmconsole: [1483948.492s][info][gc] GC(22199) Pause Young (Normal) (G1 Evacuation Pause) 52M->42M(63M) 5.210ms
Dec 26 20:51:16 untangle-main uvmconsole: [1484073.409s][info][gc] GC(22200) Pause Young (Normal) (G1 Evacuation Pause) 51M->42M(63M) 6.164ms
Dec 26 20:51:45 untangle-main uvmconsole: [1484102.641s][info][gc] GC(22201) Pause Full (System.gc()) 44M->42M(63M) 63.592ms
Dec 26 20:54:16 untangle-main uvmconsole: [1484253.400s][info][gc] GC(22202) Pause Young (Normal) (G1 Evacuation Pause) 52M->42M(63M) 2.666ms
Dec 26 20:56:32 untangle-main uvmconsole: [1484390.362s][info][gc] GC(22203) Pause Young (Normal) (G1 Evacuation Pause) 51M->42M(63M) 4.148ms
Dec 26 20:56:45 untangle-main uvmconsole: [1484402.638s][info][gc] GC(22204) Pause Full (System.gc()) 43M->42M(63M) 58.926ms
Dec 26 20:59:01 untangle-main uvmconsole: [1484538.808s][info][gc] GC(22205) Pause Young (Normal) (G1 Evacuation Pause) 52M->42M(63M) 5.137ms
Dec 26 21:01:16 untangle-main uvmconsole: [1484673.411s][info][gc] GC(22206) Pause Young (Normal) (G1 Evacuation Pause) 51M->42M(63M) 5.391ms
Dec 26 21:01:45 untangle-main uvmconsole: [1484702.635s][info][gc] GC(22207) Pause Full (System.gc()) 43M->42M(63M) 57.345ms
Dec 26 21:03:56 untangle-main uvmconsole: [1484833.417s][info][gc] GC(22208) Pause Young (Normal) (G1 Evacuation Pause) 51M->42M(63M) 6.732ms
Dec 26 21:05:56 untangle-main uvmconsole: [1484953.414s][info][gc] GC(22209) Pause Young (Normal) (G1 Evacuation Pause) 50M->42M(63M) 6.271ms
Dec 26 21:06:45 untangle-main uvmconsole: [1485002.636s][info][gc] GC(22210) Pause Full (System.gc()) 45M->42M(63M) 57.535ms
Dec 26 21:08:56 untangle-main uvmconsole: [1485133.412s][info][gc] GC(22211) Pause Young (Normal) (G1 Evacuation Pause) 52M->42M(63M) 4.504ms
Dec 26 21:11:06 untangle-main uvmconsole: [1485263.849s][info][gc] GC(22212) Pause Young (Normal) (G1 Evacuation Pause) 51M->42M(63M) 6.900ms
Dec 26 21:11:45 untangle-main uvmconsole: [1485302.617s][info][gc] GC(22213) Pause Full (System.gc()) 44M->42M(63M) 40.254ms
Dec 26 21:13:56 untangle-main uvmconsole: [1485433.419s][info][gc] GC(22214) Pause Young (Normal) (G1 Evacuation Pause) 51M->42M(63M) 6.436ms
Dec 26 21:15:56 untangle-main uvmconsole: [1485553.408s][info][gc] GC(22215) Pause Young (Normal) (G1 Evacuation Pause) 50M->42M(63M) 2.375ms
Dec 26 21:16:45 untangle-main uvmconsole: [1485602.647s][info][gc] GC(22216) Pause Full (System.gc()) 45M->42M(63M) 71.107ms
Dec 26 21:18:56 untangle-main uvmconsole: [1485733.403s][info][gc] GC(22217) Pause Young (Normal) (G1 Evacuation Pause) 51M->42M(63M) 1.542ms
Dec 26 21:20:56 untangle-main uvmconsole: [1485853.413s][info][gc] GC(22218) Pause Young (Normal) (G1 Evacuation Pause) 50M->42M(63M) 4.070ms
Dec 26 21:21:45 untangle-main uvmconsole: [1485902.642s][info][gc] GC(22219) Pause Full (System.gc()) 45M->42M(63M) 65.857ms
Dec 26 21:24:16 untangle-main uvmconsole: [1486053.400s][info][gc] GC(22220) Pause Young (Normal) (G1 Evacuation Pause) 52M->42M(63M) 1.583ms
Dec 26 21:26:26 untangle-main uvmconsole: [1486183.402s][info][gc] GC(22221) Pause Young (Normal) (G1 Evacuation Pause) 51M->42M(63M) 1.756ms
Dec 26 21:26:45 untangle-main uvmconsole: [1486202.652s][info][gc] GC(22222) Pause Full (System.gc()) 43M->42M(63M) 74.049ms
Dec 26 21:29:10 untangle-main uvmconsole: [1486347.557s][info][gc] GC(22223) Pause Young (Normal) (G1 Evacuation Pause) 52M->42M(63M) 3.364ms
Dec 26 21:31:26 untangle-main uvmconsole: [1486483.419s][info][gc] GC(22224) Pause Young (Normal) (G1 Evacuation Pause) 51M->42M(63M) 4.979ms
Dec 26 21:31:45 untangle-main uvmconsole: [1486502.647s][info][gc] GC(22225) Pause Full (System.gc()) 43M->42M(63M) 68.700ms
Dec 26 21:34:06 untangle-main uvmconsole: [1486643.415s][info][gc] GC(22226) Pause Young (Normal) (G1 Evacuation Pause) 52M->42M(63M) 6.741ms
Dec 26 21:36:26 untangle-main uvmconsole: [1486783.411s][info][gc] GC(22227) Pause Young (Normal) (G1 Evacuation Pause) 51M->42M(63M) 4.812ms
Dec 26 21:36:45 untangle-main uvmconsole: [1486802.640s][info][gc] GC(22228) Pause Full (System.gc()) 43M->42M(63M) 61.785ms
Dec 26 21:39:06 untangle-main uvmconsole: [1486943.411s][info][gc] GC(22229) Pause Young (Normal) (G1 Evacuation Pause) 52M->42M(63M) 6.930ms
Dec 26 21:41:26 untangle-main uvmconsole: [1487083.406s][info][gc] GC(22230) Pause Young (Normal) (G1 Evacuation Pause) 51M->42M(63M) 4.675ms
Dec 26 21:41:45 untangle-main uvmconsole: [1487102.637s][info][gc] GC(22231) Pause Full (System.gc()) 43M->42M(63M) 59.832ms
Dec 26 21:44:06 untangle-main uvmconsole: [1487243.409s][info][gc] GC(22232) Pause Young (Normal) (G1 Evacuation Pause) 52M->42M(63M) 7.378ms
Dec 26 21:46:26 untangle-main uvmconsole: [1487383.402s][info][gc] GC(22233) Pause Young (Normal) (G1 Evacuation Pause) 51M->42M(63M) 1.813ms
Dec 26 21:46:45 untangle-main uvmconsole: [1487402.640s][info][gc] GC(22234) Pause Full (System.gc()) 43M->42M(63M) 63.219ms
Dec 26 21:49:07 untangle-main uvmconsole: [1487544.981s][info][gc] GC(22235) Pause Young (Normal) (G1 Evacuation Pause) 52M->42M(63M) 1.668ms
Dec 26 21:51:26 untangle-main uvmconsole: [1487683.401s][info][gc] GC(22236) Pause Young (Normal) (G1 Evacuation Pause) 51M->42M(63M) 1.808ms
Dec 26 21:51:45 untangle-main uvmconsole: [1487702.638s][info][gc] GC(22237) Pause Full (System.gc()) 43M->42M(63M) 60.546ms
Dec 26 21:54:16 untangle-main uvmconsole: [1487853.402s][info][gc] GC(22238) Pause Young (Normal) (G1 Evacuation Pause) 52M->42M(63M) 2.906ms
Dec 26 21:56:32 untangle-main uvmconsole: [1487989.571s][info][gc] GC(22239) Pause Young (Normal) (G1 Evacuation Pause) 51M->42M(63M) 1.911ms
Dec 26 21:56:45 untangle-main uvmconsole: [1488002.632s][info][gc] GC(22240) Pause Full (System.gc()) 43M->42M(63M) 53.784ms
Dec 26 21:59:16 untangle-main uvmconsole: [1488153.404s][info][gc] GC(22241) Pause Young (Normal) (G1 Evacuation Pause) 52M->42M(63M) 4.632ms
Dec 26 22:01:26 untangle-main uvmconsole: [1488283.406s][info][gc] GC(22242) Pause Young (Normal) (G1 Evacuation Pause) 51M->42M(63M) 4.428ms
Dec 26 22:01:45 untangle-main uvmconsole: [1488302.638s][info][gc] GC(22243) Pause Full (System.gc()) 43M->42M(63M) 58.553ms
Dec 26 22:04:16 untangle-main uvmconsole: [1488453.400s][info][gc] GC(22244) Pause Young (Normal) (G1 Evacuation Pause) 52M->42M(63M) 2.112ms
Dec 26 22:06:28 untangle-main uvmconsole: [1488585.522s][info][gc] GC(22245) Pause Young (Normal) (G1 Evacuation Pause) 51M->42M(63M) 4.529ms
Dec 26 22:06:45 untangle-main uvmconsole: [1488602.638s][info][gc] GC(22246) Pause Full (System.gc()) 43M->42M(63M) 59.003ms
Dec 26 22:08:52 untangle-main uvmconsole: [1488729.450s][info][gc] GC(22247) Pause Young (Normal) (G1 Evacuation Pause) 51M->42M(63M) 5.596ms
Dec 26 22:10:46 untangle-main uvmconsole: [1488843.411s][info][gc] GC(22248) Pause Young (Normal) (G1 Evacuation Pause) 50M->42M(63M) 5.112ms
Dec 26 22:11:45 untangle-main uvmconsole: [1488902.618s][info][gc] GC(22249) Pause Full (System.gc()) 45M->42M(63M) 41.393ms
Dec 26 22:14:16 untangle-main uvmconsole: [1489053.408s][info][gc] GC(22250) Pause Young (Normal) (G1 Evacuation Pause) 52M->42M(63M) 6.966ms
Dec 26 22:16:32 untangle-main uvmconsole: [1489189.810s][info][gc] GC(22251) Pause Young (Normal) (G1 Evacuation Pause) 51M->42M(63M) 7.058ms
Dec 26 22:16:45 untangle-main uvmconsole: [1489202.634s][info][gc] GC(22252) Pause Full (System.gc()) 43M->42M(63M) 57.370ms
Dec 26 22:19:06 untangle-main uvmconsole: [1489343.407s][info][gc] GC(22253) Pause Young (Normal) (G1 Evacuation Pause) 52M->42M(63M) 4.789ms
Dec 26 22:21:26 untangle-main uvmconsole: [1489483.401s][info][gc] GC(22254) Pause Young (Normal) (G1 Evacuation Pause) 51M->42M(63M) 2.852ms
Dec 26 22:21:45 untangle-main uvmconsole: [1489502.642s][info][gc] GC(22255) Pause Full (System.gc()) 43M->42M(63M) 63.440ms
Dec 26 22:24:09 untangle-main uvmconsole: [1489647.371s][info][gc] GC(22256) Pause Young (Normal) (G1 Evacuation Pause) 52M->42M(63M) 5.455ms
Dec 26 22:26:26 untangle-main uvmconsole: [1489783.406s][info][gc] GC(22257) Pause Young (Normal) (G1 Evacuation Pause) 51M->42M(63M) 4.699ms
Dec 26 22:26:45 untangle-main uvmconsole: [1489802.642s][info][gc] GC(22258) Pause Full (System.gc()) 43M->42M(63M) 64.184ms
Dec 26 22:28:56 untangle-main uvmconsole: [1489933.456s][info][gc] GC(22259) Pause Young (Normal) (G1 Evacuation Pause) 51M->42M(63M) 47.719ms
Dec 26 22:30:56 untangle-main uvmconsole: [1490053.404s][info][gc] GC(22260) Pause Young (Normal) (G1 Evacuation Pause) 50M->42M(63M) 1.589ms
Dec 26 22:31:45 untangle-main uvmconsole: [1490102.629s][info][gc] GC(22261) Pause Full (System.gc()) 45M->42M(63M) 51.243ms
Dec 26 22:34:16 untangle-main uvmconsole: [1490253.404s][info][gc] GC(22262) Pause Young (Normal) (G1 Evacuation Pause) 52M->42M(63M) 4.839ms
Dec 26 22:36:26 untangle-main uvmconsole: [1490383.406s][info][gc] GC(22263) Pause Young (Normal) (G1 Evacuation Pause) 51M->42M(63M) 5.202ms
Dec 26 22:36:45 untangle-main uvmconsole: [1490402.635s][info][gc] GC(22264) Pause Full (System.gc()) 43M->42M(63M) 56.990ms
Dec 26 22:38:56 untangle-main uvmconsole: [1490533.407s][info][gc] GC(22265) Pause Young (Normal) (G1 Evacuation Pause) 51M->42M(63M) 7.324ms
Dec 26 22:40:56 untangle-main uvmconsole: [1490653.413s][info][gc] GC(22266) Pause Young (Normal) (G1 Evacuation Pause) 50M->42M(63M) 7.349ms
Dec 26 22:41:45 untangle-main uvmconsole: [1490702.622s][info][gc] GC(22267) Pause Full (System.gc()) 45M->42M(63M) 43.769ms
Dec 26 22:44:11 untangle-main uvmconsole: [1490849.168s][info][gc] GC(22268) Pause Young (Normal) (G1 Evacuation Pause) 52M->42M(63M) 3.163ms
Dec 26 22:46:28 untangle-main uvmconsole: [1490985.553s][info][gc] GC(22269) Pause Young (Normal) (G1 Evacuation Pause) 51M->42M(63M) 7.030ms
Dec 26 22:46:45 untangle-main uvmconsole: [1491002.618s][info][gc] GC(22270) Pause Full (System.gc()) 43M->42M(63M) 41.130ms
Dec 26 22:49:11 untangle-main uvmconsole: [1491148.417s][info][gc] GC(22271) Pause Young (Normal) (G1 Evacuation Pause) 52M->42M(63M) 4.973ms
Dec 26 22:51:26 untangle-main uvmconsole: [1491283.792s][info][gc] GC(22272) Pause Young (Normal) (G1 Evacuation Pause) 51M->42M(63M) 4.573ms
Dec 26 22:51:45 untangle-main uvmconsole: [1491302.639s][info][gc] GC(22273) Pause Full (System.gc()) 43M->42M(63M) 61.340ms
Dec 26 22:54:06 untangle-main uvmconsole: [1491443.404s][info][gc] GC(22274) Pause Young (Normal) (G1 Evacuation Pause) 52M->42M(63M) 3.961ms
Dec 26 22:56:26 untangle-main uvmconsole: [1491583.399s][info][gc] GC(22275) Pause Young (Normal) (G1 Evacuation Pause) 51M->42M(63M) 1.825ms
Dec 26 22:56:45 untangle-main uvmconsole: [1491602.642s][info][gc] GC(22276) Pause Full (System.gc()) 43M->42M(63M) 62.260ms
Dec 26 22:59:16 untangle-main uvmconsole: [1491753.401s][info][gc] GC(22277) Pause Young (Normal) (G1 Evacuation Pause) 52M->42M(63M) 2.230ms
Dec 26 23:01:26 untangle-main uvmconsole: [1491883.411s][info][gc] GC(22278) Pause Young (Normal) (G1 Evacuation Pause) 51M->42M(63M) 4.609ms
Dec 26 23:01:45 untangle-main uvmconsole: [1491902.643s][info][gc] GC(22279) Pause Full (System.gc()) 43M->42M(63M) 64.432ms
Dec 26 23:04:09 untangle-main uvmconsole: [1492046.583s][info][gc] GC(22280) Pause Young (Normal) (G1 Evacuation Pause) 52M->42M(63M) 5.091ms
Dec 26 23:06:26 untangle-main uvmconsole: [1492183.408s][info][gc] GC(22281) Pause Young (Normal) (G1 Evacuation Pause) 51M->42M(63M) 3.809ms
Dec 26 23:06:45 untangle-main uvmconsole: [1492202.620s][info][gc] GC(22282) Pause Full (System.gc()) 43M->42M(63M) 44.328ms
Dec 26 23:09:05 untangle-main uvmconsole: [1492342.861s][info][gc] GC(22283) Pause Young (Normal) (G1 Evacuation Pause) 52M->42M(63M) 4.734ms
Dec 26 23:11:15 untangle-main uvmconsole: [1492472.874s][info][gc] GC(22284) Pause Young (Normal) (G1 Evacuation Pause) 51M->42M(63M) 6.942ms
Dec 26 23:11:45 untangle-main uvmconsole: [1492502.641s][info][gc] GC(22285) Pause Full (System.gc()) 44M->42M(63M) 61.188ms
Dec 26 23:13:56 untangle-main uvmconsole: [1492633.416s][info][gc] GC(22286) Pause Young (Normal) (G1 Evacuation Pause) 51M->42M(63M) 8.522ms
Dec 26 23:15:56 untangle-main uvmconsole: [1492753.411s][info][gc] GC(22287) Pause Young (Normal) (G1 Evacuation Pause) 50M->42M(63M) 3.730ms
Dec 26 23:16:45 untangle-main uvmconsole: [1492802.641s][info][gc] GC(22288) Pause Full (System.gc()) 45M->42M(63M) 62.832ms
Dec 26 23:18:56 untangle-main uvmconsole: [1492933.414s][info][gc] GC(22289) Pause Young (Normal) (G1 Evacuation Pause) 51M->42M(63M) 4.728ms
Dec 26 23:20:56 untangle-main uvmconsole: [1493053.414s][info][gc] GC(22290) Pause Young (Normal) (G1 Evacuation Pause) 50M->42M(63M) 5.158ms
Dec 26 23:21:45 untangle-main uvmconsole: [1493102.641s][info][gc] GC(22291) Pause Full (System.gc()) 45M->42M(63M) 61.369ms
Dec 26 23:23:56 untangle-main uvmconsole: [1493233.407s][info][gc] GC(22292) Pause Young (Normal) (G1 Evacuation Pause) 51M->42M(63M) 3.529ms
Dec 26 23:25:57 untangle-main uvmconsole: [1493354.943s][info][gc] GC(22293) Pause Young (Normal) (G1 Evacuation Pause) 50M->42M(63M) 5.153ms
Dec 26 23:26:45 untangle-main uvmconsole: [1493402.641s][info][gc] GC(22294) Pause Full (System.gc()) 45M->42M(63M) 64.482ms
Dec 26 23:29:06 untangle-main uvmconsole: [1493543.414s][info][gc] GC(22295) Pause Young (Normal) (G1 Evacuation Pause) 52M->42M(63M) 15.204ms
Dec 26 23:31:21 untangle-main uvmconsole: [1493678.880s][info][gc] GC(22296) Pause Young (Normal) (G1 Evacuation Pause) 51M->42M(63M) 4.166ms
Dec 26 23:31:45 untangle-main uvmconsole: [1493702.643s][info][gc] GC(22297) Pause Full (System.gc()) 43M->42M(63M) 65.948ms
Dec 26 23:33:56 untangle-main uvmconsole: [1493833.412s][info][gc] GC(22298) Pause Young (Normal) (G1 Evacuation Pause) 51M->42M(63M) 5.102ms
Dec 26 23:35:56 untangle-main uvmconsole: [1493953.413s][info][gc] GC(22299) Pause Young (Normal) (G1 Evacuation Pause) 50M->42M(63M) 4.230ms
Dec 26 23:36:45 untangle-main uvmconsole: [1494002.644s][info][gc] GC(22300) Pause Full (System.gc()) 45M->42M(63M) 67.528ms
Dec 26 23:39:06 untangle-main uvmconsole: [1494143.409s][info][gc] GC(22301) Pause Young (Normal) (G1 Evacuation Pause) 52M->42M(63M) 5.899ms
Dec 26 23:41:20 untangle-main uvmconsole: [1494277.660s][info][gc] GC(22302) Pause Young (Normal) (G1 Evacuation Pause) 51M->42M(63M) 2.407ms
Dec 26 23:41:45 untangle-main uvmconsole: [1494302.645s][info][gc] GC(22303) Pause Full (System.gc()) 43M->42M(63M) 68.362ms
Dec 26 23:43:56 untangle-main uvmconsole: [1494433.412s][info][gc] GC(22304) Pause Young (Normal) (G1 Evacuation Pause) 51M->42M(63M) 4.460ms
Dec 26 23:45:56 untangle-main uvmconsole: [1494553.412s][info][gc] GC(22305) Pause Young (Normal) (G1 Evacuation Pause) 50M->42M(63M) 4.625ms
Dec 26 23:46:45 untangle-main uvmconsole: [1494602.658s][info][gc] GC(22306) Pause Full (System.gc()) 45M->42M(63M) 50.935ms
Dec 26 23:49:06 untangle-main uvmconsole: [1494744.085s][info][gc] GC(22307) Pause Young (Normal) (G1 Evacuation Pause) 52M->42M(63M) 3.137ms
Dec 26 23:51:26 untangle-main uvmconsole: [1494883.405s][info][gc] GC(22308) Pause Young (Normal) (G1 Evacuation Pause) 51M->42M(63M) 4.998ms
Dec 26 23:51:45 untangle-main uvmconsole: [1494902.631s][info][gc] GC(22309) Pause Full (System.gc()) 43M->42M(63M) 53.898ms
Dec 26 23:54:16 untangle-main uvmconsole: [1495053.399s][info][gc] GC(22310) Pause Young (Normal) (G1 Evacuation Pause) 52M->42M(63M) 1.629ms
Dec 26 23:56:26 untangle-main uvmconsole: [1495184.315s][info][gc] GC(22311) Pause Young (Normal) (G1 Evacuation Pause) 51M->42M(63M) 5.080ms
Dec 26 23:56:45 untangle-main uvmconsole: [1495202.643s][info][gc] GC(22312) Pause Full (System.gc()) 43M->42M(63M) 64.526ms
Dec 26 23:59:16 untangle-main uvmconsole: [1495353.407s][info][gc] GC(22313) Pause Young (Normal) (G1 Evacuation Pause) 52M->42M(63M) 7.736ms
Dec 27 00:01:36 untangle-main uvmconsole: [1495493.403s][info][gc] GC(22314) Pause Young (Normal) (G1 Evacuation Pause) 51M->42M(63M) 1.600ms
Dec 27 00:01:45 untangle-main uvmconsole: [1495502.640s][info][gc] GC(22315) Pause Full (System.gc()) 42M->42M(63M) 62.131ms
Dec 27 00:04:26 untangle-main uvmconsole: [1495663.409s][info][gc] GC(22316) Pause Young (Normal) (G1 Evacuation Pause) 53M->42M(63M) 9.360ms
Dec 27 00:06:45 untangle-main uvmconsole: [1495802.645s][info][gc] GC(22317) Pause Full (System.gc()) 51M->42M(63M) 66.917ms
Dec 27 00:08:56 untangle-main uvmconsole: [1495933.414s][info][gc] GC(22318) Pause Young (Normal) (G1 Evacuation Pause) 52M->42M(63M) 5.073ms
Dec 27 00:11:16 untangle-main uvmconsole: [1496073.406s][info][gc] GC(22319) Pause Young (Normal) (G1 Evacuation Pause) 51M->42M(63M) 5.830ms
Dec 27 00:11:45 untangle-main uvmconsole: [1496102.638s][info][gc] GC(22320) Pause Full (System.gc()) 44M->42M(63M) 59.784ms
Dec 27 00:13:56 untangle-main uvmconsole: [1496233.411s][info][gc] GC(22321) Pause Young (Normal) (G1 Evacuation Pause) 51M->42M(63M) 5.155ms
Dec 27 00:15:56 untangle-main uvmconsole: [1496353.413s][info][gc] GC(22322) Pause Young (Normal) (G1 Evacuation Pause) 50M->42M(63M) 6.385ms
Dec 27 00:16:45 untangle-main uvmconsole: [1496402.634s][info][gc] GC(22323) Pause Full (System.gc()) 45M->42M(63M) 54.873ms
Dec 27 00:18:56 untangle-main uvmconsole: [1496533.418s][info][gc] GC(22324) Pause Young (Normal) (G1 Evacuation Pause) 51M->42M(63M) 7.631ms
Dec 27 00:20:56 untangle-main uvmconsole: [1496653.412s][info][gc] GC(22325) Pause Young (Normal) (G1 Evacuation Pause) 50M->42M(63M) 4.649ms
Dec 27 00:21:45 untangle-main uvmconsole: [1496702.639s][info][gc] GC(22326) Pause Full (System.gc()) 45M->42M(63M) 62.707ms
Dec 27 00:23:56 untangle-main uvmconsole: [1496833.404s][info][gc] GC(22327) Pause Young (Normal) (G1 Evacuation Pause) 51M->42M(63M) 4.911ms
Dec 27 00:25:56 untangle-main uvmconsole: [1496953.401s][info][gc] GC(22328) Pause Young (Normal) (G1 Evacuation Pause) 50M->42M(63M) 2.412ms
Dec 27 00:26:45 untangle-main uvmconsole: [1497002.642s][info][gc] GC(22329) Pause Full (System.gc()) 45M->42M(63M) 64.185ms
Dec 27 00:28:38 untangle-main uvmconsole: [1497115.480s][info][gc] GC(22330) Pause Young (Normal) (G1 Evacuation Pause) 50M->42M(63M) 1.744ms
Dec 27 00:30:24 untangle-main uvmconsole: [1497221.640s][info][gc] GC(22331) Pause Young (Normal) (G1 Evacuation Pause) 49M->42M(63M) 3.307ms
Dec 27 00:31:45 untangle-main uvmconsole: [1497302.633s][info][gc] GC(22332) Pause Full (System.gc()) 47M->42M(63M) 55.364ms
Dec 27 00:34:16 untangle-main uvmconsole: [1497453.409s][info][gc] GC(22333) Pause Young (Normal) (G1 Evacuation Pause) 52M->42M(63M) 8.749ms
Dec 27 00:36:36 untangle-main uvmconsole: [1497593.409s][info][gc] GC(22334) Pause Young (Normal) (G1 Evacuation Pause) 51M->42M(63M) 8.214ms
Dec 27 00:36:45 untangle-main uvmconsole: [1497602.642s][info][gc] GC(22335) Pause Full (System.gc()) 43M->42M(63M) 65.552ms
Dec 27 00:39:04 untangle-main uvmconsole: [1497742.163s][info][gc] GC(22336) Pause Young (Normal) (G1 Evacuation Pause) 52M->42M(63M) 2.077ms
Dec 27 00:41:16 untangle-main uvmconsole: [1497873.406s][info][gc] GC(22337) Pause Young (Normal) (G1 Evacuation Pause) 51M->42M(63M) 5.038ms
Dec 27 00:41:45 untangle-main uvmconsole: [1497902.645s][info][gc] GC(22338) Pause Full (System.gc()) 44M->42M(63M) 67.041ms
Dec 27 00:43:56 untangle-main uvmconsole: [1498033.413s][info][gc] GC(22339) Pause Young (Normal) (G1 Evacuation Pause) 51M->42M(63M) 5.301ms
Dec 27 00:45:56 untangle-main uvmconsole: [1498153.414s][info][gc] GC(22340) Pause Young (Normal) (G1 Evacuation Pause) 50M->42M(63M) 4.637ms
Dec 27 00:46:45 untangle-main uvmconsole: [1498202.615s][info][gc] GC(22341) Pause Full (System.gc()) 45M->42M(63M) 38.406ms
Dec 27 00:49:06 untangle-main uvmconsole: [1498343.411s][info][gc] GC(22342) Pause Young (Normal) (G1 Evacuation Pause) 52M->42M(63M) 4.566ms
Dec 27 00:51:26 untangle-main uvmconsole: [1498483.408s][info][gc] GC(22343) Pause Young (Normal) (G1 Evacuation Pause) 51M->42M(63M) 7.196ms
Dec 27 00:51:45 untangle-main uvmconsole: [1498502.643s][info][gc] GC(22344) Pause Full (System.gc()) 43M->42M(63M) 65.611ms
Dec 27 00:54:16 untangle-main uvmconsole: [1498653.404s][info][gc] GC(22345) Pause Young (Normal) (G1 Evacuation Pause) 52M->42M(63M) 4.518ms
Dec 27 00:56:28 untangle-main uvmconsole: [1498786.272s][info][gc] GC(22346) Pause Young (Normal) (G1 Evacuation Pause) 51M->42M(63M) 4.167ms
Dec 27 00:56:45 untangle-main uvmconsole: [1498802.638s][info][gc] GC(22347) Pause Full (System.gc()) 43M->42M(63M) 61.217ms
Dec 27 00:59:06 untangle-main uvmconsole: [1498943.403s][info][gc] GC(22348) Pause Young (Normal) (G1 Evacuation Pause) 52M->42M(63M) 2.192ms
Dec 27 01:01:26 untangle-main uvmconsole: [1499083.402s][info][gc] GC(22349) Pause Young (Normal) (G1 Evacuation Pause) 51M->42M(63M) 2.312ms
Dec 27 01:01:45 untangle-main uvmconsole: [1499102.640s][info][gc] GC(22350) Pause Full (System.gc()) 43M->42M(63M) 61.332ms
Dec 27 01:04:06 untangle-main uvmconsole: [1499243.409s][info][gc] GC(22351) Pause Young (Normal) (G1 Evacuation Pause) 52M->42M(63M) 6.314ms
Dec 27 01:06:16 untangle-main uvmconsole: [1499374.164s][info][gc] GC(22352) Pause Young (Normal) (G1 Evacuation Pause) 51M->42M(63M) 4.010ms
Dec 27 01:06:45 untangle-main uvmconsole: [1499402.641s][info][gc] GC(22353) Pause Full (System.gc()) 43M->42M(63M) 62.218ms
Dec 27 01:08:49 untangle-main uvmconsole: [1499526.698s][info][gc] GC(22354) Pause Young (Normal) (G1 Evacuation Pause) 51M->42M(63M) 5.432ms
Dec 27 01:10:54 untangle-main uvmconsole: [1499652.193s][info][gc] GC(22355) Pause Young (Normal) (G1 Evacuation Pause) 50M->42M(63M) 3.992ms
Dec 27 01:11:45 untangle-main uvmconsole: [1499702.639s][info][gc] GC(22356) Pause Full (System.gc()) 45M->42M(63M) 60.529ms
Dec 27 01:14:09 untangle-main uvmconsole: [1499846.884s][info][gc] GC(22357) Pause Young (Normal) (G1 Evacuation Pause) 52M->42M(63M) 7.576ms
Dec 27 01:16:25 untangle-main uvmconsole: [1499983.198s][info][gc] GC(22358) Pause Young (Normal) (G1 Evacuation Pause) 51M->42M(63M) 5.223ms
Dec 27 01:16:45 untangle-main uvmconsole: [1500002.637s][info][gc] GC(22359) Pause Full (System.gc()) 43M->42M(63M) 59.744ms
Dec 27 01:19:10 untangle-main uvmconsole: [1500147.410s][info][gc] GC(22360) Pause Young (Normal) (G1 Evacuation Pause) 52M->42M(63M) 4.693ms
Dec 27 01:21:26 untangle-main uvmconsole: [1500283.826s][info][gc] GC(22361) Pause Young (Normal) (G1 Evacuation Pause) 51M->42M(63M) 4.129ms
Dec 27 01:21:45 untangle-main uvmconsole: [1500302.644s][info][gc] GC(22362) Pause Full (System.gc()) 43M->42M(63M) 66.059ms
Dec 27 01:24:09 untangle-main uvmconsole: [1500447.225s][info][gc] GC(22363) Pause Young (Normal) (G1 Evacuation Pause) 52M->42M(63M) 4.773ms
Dec 27 01:26:26 untangle-main uvmconsole: [1500583.411s][info][gc] GC(22364) Pause Young (Normal) (G1 Evacuation Pause) 51M->42M(63M) 4.783ms
Dec 27 01:26:45 untangle-main uvmconsole: [1500602.639s][info][gc] GC(22365) Pause Full (System.gc()) 43M->42M(63M) 62.338ms
Dec 27 01:28:56 untangle-main uvmconsole: [1500733.405s][info][gc] GC(22366) Pause Young (Normal) (G1 Evacuation Pause) 51M->42M(63M) 1.609ms
Dec 27 01:30:56 untangle-main uvmconsole: [1500853.412s][info][gc] GC(22367) Pause Young (Normal) (G1 Evacuation Pause) 50M->42M(63M) 6.254ms
Dec 27 01:31:45 untangle-main uvmconsole: [1500902.616s][info][gc] GC(22368) Pause Full (System.gc()) 45M->42M(63M) 38.091ms
Dec 27 01:34:06 untangle-main uvmconsole: [1501043.411s][info][gc] GC(22369) Pause Young (Normal) (G1 Evacuation Pause) 52M->42M(63M) 4.989ms
Dec 27 01:36:26 untangle-main uvmconsole: [1501183.405s][info][gc] GC(22370) Pause Young (Normal) (G1 Evacuation Pause) 51M->42M(63M) 5.444ms
Dec 27 01:36:45 untangle-main uvmconsole: [1501202.640s][info][gc] GC(22371) Pause Full (System.gc()) 43M->42M(63M) 62.282ms
Dec 27 01:39:06 untangle-main uvmconsole: [1501343.403s][info][gc] GC(22372) Pause Young (Normal) (G1 Evacuation Pause) 52M->42M(63M) 2.829ms
Dec 27 01:41:01 untangle-main uvmconsole: [1501459.237s][info][gc] GC(22373) Pause Young (Normal) (G1 Evacuation Pause) 51M->42M(63M) 2.346ms
Dec 27 01:41:16 untangle-main uvmconsole: [1501473.859s][info][gc] GC(22374) Pause Young (Normal) (G1 Evacuation Pause) 51M->43M(63M) 10.657ms
Dec 27 01:41:16 untangle-main uvmconsole: Starting ChromeDriver 83.0.4103.116 (8f0c18b4dca9b6699eb629be0f51810c24fb6428-refs/branch-heads/4103@{#716}) on port 34484
Dec 27 01:41:16 untangle-main uvmconsole: Only local connections are allowed.
Dec 27 01:41:16 untangle-main uvmconsole: Please see https://chromedriver.chromium.org/security-considerations for suggestions on keeping ChromeDriver safe.
Dec 27 01:41:16 untangle-main uvmconsole: ChromeDriver was started successfully.
Dec 27 01:41:18 untangle-main uvmconsole: Dec 27, 2020 1:41:18 AM org.openqa.selenium.remote.ProtocolHandshake createSession
Dec 27 01:41:18 untangle-main uvmconsole: INFO: Detected dialect: W3C
Dec 27 01:41:45 untangle-main uvmconsole: [1501502.628s][info][gc] GC(22375) Pause Full (System.gc()) 48M->43M(63M) 49.176ms
Dec 27 01:43:40 untangle-main uvmconsole: [1501617.923s][info][gc] GC(22376) Pause Young (Normal) (G1 Evacuation Pause) 51M->43M(63M) 5.014ms
Dec 27 01:45:26 untangle-main uvmconsole: [1501723.406s][info][gc] GC(22377) Pause Young (Normal) (G1 Evacuation Pause) 50M->43M(63M) 5.870ms
Dec 27 01:46:45 untangle-main uvmconsole: [1501802.617s][info][gc] GC(22378) Pause Full (System.gc()) 48M->43M(63M) 40.160ms
Dec 27 01:48:36 untangle-main uvmconsole: [1501913.413s][info][gc] GC(22379) Pause Young (Normal) (G1 Evacuation Pause) 51M->43M(63M) 4.074ms
Dec 27 01:50:16 untangle-main uvmconsole: [1502013.412s][info][gc] GC(22380) Pause Young (Normal) (G1 Evacuation Pause) 50M->43M(63M) 4.389ms
Dec 27 01:51:45 untangle-main uvmconsole: [1502102.649s][info][gc] GC(22381) Pause Full (System.gc()) 48M->43M(63M) 72.199ms
Dec 27 01:53:44 untangle-main uvmconsole: [1502221.482s][info][gc] GC(22382) Pause Young (Normal) (G1 Evacuation Pause) 51M->43M(63M) 1.763ms
Dec 27 01:55:26 untangle-main uvmconsole: [1502323.408s][info][gc] GC(22383) Pause Young (Normal) (G1 Evacuation Pause) 50M->43M(63M) 5.814ms
Dec 27 01:56:45 untangle-main uvmconsole: [1502402.641s][info][gc] GC(22384) Pause Full (System.gc()) 48M->43M(63M) 63.344ms
Dec 27 01:58:56 untangle-main uvmconsole: [1502533.419s][info][gc] GC(22385) Pause Young (Normal) (G1 Evacuation Pause) 52M->43M(63M) 6.268ms
Dec 27 02:00:59 untangle-main uvmconsole: [1502657.113s][info][gc] GC(22386) Pause Young (Normal) (G1 Evacuation Pause) 51M->43M(63M) 11.549ms
Dec 27 02:01:45 untangle-main uvmconsole: [1502702.649s][info][gc] GC(22387) Pause Full (System.gc()) 46M->43M(63M) 70.130ms
Dec 27 02:03:56 untangle-main uvmconsole: [1502833.414s][info][gc] GC(22388) Pause Young (Normal) (G1 Evacuation Pause) 52M->43M(63M) 5.183ms
Dec 27 02:05:56 untangle-main uvmconsole: [1502953.405s][info][gc] GC(22389) Pause Young (Normal) (G1 Evacuation Pause) 51M->43M(63M) 2.831ms
Dec 27 02:06:45 untangle-main uvmconsole: [1503002.643s][info][gc] GC(22390) Pause Full (System.gc()) 46M->43M(63M) 63.395ms
Dec 27 02:08:30 untangle-main uvmconsole: [1503107.569s][info][gc] GC(22391) Pause Young (Normal) (G1 Evacuation Pause) 51M->43M(63M) 25.871ms
Dec 27 02:10:16 untangle-main uvmconsole: [1503213.404s][info][gc] GC(22392) Pause Young (Normal) (G1 Evacuation Pause) 50M->43M(63M) 5.052ms
Dec 27 02:11:45 untangle-main uvmconsole: [1503302.644s][info][gc] GC(22393) Pause Full (System.gc()) 49M->43M(63M) 66.035ms
Dec 27 02:13:56 untangle-main uvmconsole: [1503433.412s][info][gc] GC(22394) Pause Young (Normal) (G1 Evacuation Pause) 52M->43M(63M) 4.369ms
Dec 27 02:15:56 untangle-main uvmconsole: [1503553.414s][info][gc] GC(22395) Pause Young (Normal) (G1 Evacuation Pause) 51M->43M(63M) 7.557ms
Dec 27 02:16:45 untangle-main uvmconsole: [1503603.011s][info][gc] GC(22396) Pause Full (System.gc()) 46M->42M(63M) 432.823ms
Dec 27 02:18:56 untangle-main uvmconsole: [1503733.413s][info][gc] GC(22397) Pause Young (Normal) (G1 Evacuation Pause) 51M->42M(63M) 5.353ms
Dec 27 02:20:56 untangle-main uvmconsole: [1503853.414s][info][gc] GC(22398) Pause Young (Normal) (G1 Evacuation Pause) 50M->42M(63M) 4.976ms
Dec 27 02:21:45 untangle-main uvmconsole: [1503902.644s][info][gc] GC(22399) Pause Full (System.gc()) 45M->42M(63M) 67.328ms
Dec 27 02:24:16 untangle-main uvmconsole: [1504053.408s][info][gc] GC(22400) Pause Young (Normal) (G1 Evacuation Pause) 52M->42M(63M) 7.987ms
Dec 27 02:26:22 untangle-main uvmconsole: [1504180.108s][info][gc] GC(22401) Pause Young (Normal) (G1 Evacuation Pause) 51M->42M(63M) 4.183ms
Dec 27 02:26:45 untangle-main uvmconsole: [1504202.638s][info][gc] GC(22402) Pause Full (System.gc()) 43M->42M(63M) 59.515ms
Dec 27 02:29:06 untangle-main uvmconsole: [1504343.410s][info][gc] GC(22403) Pause Young (Normal) (G1 Evacuation Pause) 52M->42M(63M) 5.134ms
Dec 27 02:31:26 untangle-main uvmconsole: [1504483.407s][info][gc] GC(22404) Pause Young (Normal) (G1 Evacuation Pause) 51M->42M(63M) 5.384ms
Dec 27 02:31:45 untangle-main uvmconsole: [1504502.639s][info][gc] GC(22405) Pause Full (System.gc()) 43M->42M(63M) 58.959ms
Dec 27 02:34:15 untangle-main uvmconsole: [1504652.722s][info][gc] GC(22406) Pause Young (Normal) (G1 Evacuation Pause) 52M->42M(63M) 7.034ms
Dec 27 02:36:29 untangle-main uvmconsole: [1504786.482s][info][gc] GC(22407) Pause Young (Normal) (G1 Evacuation Pause) 51M->42M(63M) 8.045ms
Dec 27 02:36:45 untangle-main uvmconsole: [1504802.639s][info][gc] GC(22408) Pause Full (System.gc()) 43M->42M(63M) 60.886ms
Dec 27 02:39:06 untangle-main uvmconsole: [1504943.407s][info][gc] GC(22409) Pause Young (Normal) (G1 Evacuation Pause) 52M->42M(63M) 4.139ms
Dec 27 02:41:25 untangle-main uvmconsole: [1505082.960s][info][gc] GC(22410) Pause Young (Normal) (G1 Evacuation Pause) 51M->42M(63M) 13.292ms
Dec 27 02:41:45 untangle-main uvmconsole: [1505102.640s][info][gc] GC(22411) Pause Full (System.gc()) 43M->42M(63M) 63.360ms
Dec 27 02:44:06 untangle-main uvmconsole: [1505243.404s][info][gc] GC(22412) Pause Young (Normal) (G1 Evacuation Pause) 52M->42M(63M) 2.285ms
Dec 27 02:46:20 untangle-main uvmconsole: [1505377.871s][info][gc] GC(22413) Pause Young (Normal) (G1 Evacuation Pause) 51M->42M(63M) 4.563ms
Dec 27 02:46:45 untangle-main uvmconsole: [1505402.618s][info][gc] GC(22414) Pause Full (System.gc()) 43M->42M(63M) 40.142ms
Dec 27 02:49:07 untangle-main uvmconsole: [1505544.641s][info][gc] GC(22415) Pause Young (Normal) (G1 Evacuation Pause) 52M->42M(63M) 4.558ms
Dec 27 02:51:26 untangle-main uvmconsole: [1505683.410s][info][gc] GC(22416) Pause Young (Normal) (G1 Evacuation Pause) 51M->42M(63M) 4.838ms
Dec 27 02:51:45 untangle-main uvmconsole: [1505702.644s][info][gc] GC(22417) Pause Full (System.gc()) 43M->42M(63M) 66.065ms
Dec 27 02:53:56 untangle-main uvmconsole: [1505833.422s][info][gc] GC(22418) Pause Young (Normal) (G1 Evacuation Pause) 51M->42M(63M) 13.515ms
Dec 27 02:55:56 untangle-main uvmconsole: [1505953.822s][info][gc] GC(22419) Pause Young (Normal) (G1 Evacuation Pause) 50M->42M(63M) 3.530ms
Dec 27 02:56:45 untangle-main uvmconsole: [1506002.643s][info][gc] GC(22420) Pause Full (System.gc()) 45M->42M(63M) 65.325ms
Dec 27 02:59:13 untangle-main uvmconsole: [1506150.481s][info][gc] GC(22421) Pause Young (Normal) (G1 Evacuation Pause) 52M->42M(63M) 4.700ms
Dec 27 03:01:26 untangle-main uvmconsole: [1506283.407s][info][gc] GC(22422) Pause Young (Normal) (G1 Evacuation Pause) 51M->42M(63M) 7.222ms
Dec 27 03:01:45 untangle-main uvmconsole: [1506302.642s][info][gc] GC(22423) Pause Full (System.gc()) 43M->42M(63M) 62.158ms
Dec 27 03:03:56 untangle-main uvmconsole: [1506433.412s][info][gc] GC(22424) Pause Young (Normal) (G1 Evacuation Pause) 51M->42M(63M) 5.087ms
Dec 27 03:05:56 untangle-main uvmconsole: [1506553.415s][info][gc] GC(22425) Pause Young (Normal) (G1 Evacuation Pause) 50M->42M(63M) 7.130ms
Dec 27 03:06:45 untangle-main uvmconsole: [1506602.639s][info][gc] GC(22426) Pause Full (System.gc()) 45M->42M(63M) 60.717ms
Dec 27 03:08:55 untangle-main uvmconsole: [1506732.983s][info][gc] GC(22427) Pause Young (Normal) (G1 Evacuation Pause) 51M->42M(63M) 4.934ms
Dec 27 03:10:56 untangle-main uvmconsole: [1506853.406s][info][gc] GC(22428) Pause Young (Normal) (G1 Evacuation Pause) 50M->42M(63M) 5.690ms
Dec 27 03:11:45 untangle-main uvmconsole: [1506902.623s][info][gc] GC(22429) Pause Full (System.gc()) 45M->42M(63M) 45.425ms
Dec 27 03:13:56 untangle-main uvmconsole: [1507033.415s][info][gc] GC(22430) Pause Young (Normal) (G1 Evacuation Pause) 51M->42M(63M) 4.867ms
Dec 27 03:15:56 untangle-main uvmconsole: [1507153.940s][info][gc] GC(22431) Pause Young (Normal) (G1 Evacuation Pause) 50M->42M(63M) 3.507ms
Dec 27 03:16:45 untangle-main uvmconsole: [1507202.619s][info][gc] GC(22432) Pause Full (System.gc()) 45M->42M(63M) 41.018ms
Dec 27 03:18:56 untangle-main uvmconsole: [1507333.408s][info][gc] GC(22433) Pause Young (Normal) (G1 Evacuation Pause) 51M->42M(63M) 4.719ms
Dec 27 03:20:56 untangle-main uvmconsole: [1507453.407s][info][gc] GC(22434) Pause Young (Normal) (G1 Evacuation Pause) 50M->42M(63M) 4.452ms
Dec 27 03:21:45 untangle-main uvmconsole: [1507502.641s][info][gc] GC(22435) Pause Full (System.gc()) 45M->42M(63M) 62.809ms
Dec 27 03:23:56 untangle-main uvmconsole: [1507633.413s][info][gc] GC(22436) Pause Young (Normal) (G1 Evacuation Pause) 51M->42M(63M) 4.104ms
Dec 27 03:25:56 untangle-main uvmconsole: [1507753.404s][info][gc] GC(22437) Pause Young (Normal) (G1 Evacuation Pause) 50M->42M(63M) 3.904ms
Dec 27 03:26:45 untangle-main uvmconsole: [1507802.640s][info][gc] GC(22438) Pause Full (System.gc()) 45M->42M(63M) 63.866ms
Dec 27 03:28:56 untangle-main uvmconsole: [1507933.404s][info][gc] GC(22439) Pause Young (Normal) (G1 Evacuation Pause) 51M->42M(63M) 3.857ms
Dec 27 03:30:56 untangle-main uvmconsole: [1508053.416s][info][gc] GC(22440) Pause Young (Normal) (G1 Evacuation Pause) 50M->42M(63M) 4.342ms
Dec 27 03:31:45 untangle-main uvmconsole: [1508102.641s][info][gc] GC(22441) Pause Full (System.gc()) 45M->42M(63M) 60.818ms
Dec 27 03:34:06 untangle-main uvmconsole: [1508243.401s][info][gc] GC(22442) Pause Young (Normal) (G1 Evacuation Pause) 52M->42M(63M) 1.584ms
Dec 27 03:36:17 untangle-main uvmconsole: [1508374.600s][info][gc] GC(22443) Pause Young (Normal) (G1 Evacuation Pause) 51M->42M(63M) 12.220ms
Dec 27 03:36:45 untangle-main uvmconsole: [1508402.636s][info][gc] GC(22444) Pause Full (System.gc()) 43M->42M(63M) 59.369ms
Dec 27 03:39:06 untangle-main uvmconsole: [1508543.408s][info][gc] GC(22445) Pause Young (Normal) (G1 Evacuation Pause) 52M->42M(63M) 7.559ms
Dec 27 03:41:16 untangle-main uvmconsole: [1508673.412s][info][gc] GC(22446) Pause Young (Normal) (G1 Evacuation Pause) 51M->42M(63M) 4.301ms
Dec 27 03:41:45 untangle-main uvmconsole: [1508702.631s][info][gc] GC(22447) Pause Full (System.gc()) 43M->42M(63M) 52.870ms
Dec 27 03:44:16 untangle-main uvmconsole: [1508853.405s][info][gc] GC(22448) Pause Young (Normal) (G1 Evacuation Pause) 52M->42M(63M) 6.424ms
Dec 27 03:46:26 untangle-main uvmconsole: [1508983.730s][info][gc] GC(22449) Pause Young (Normal) (G1 Evacuation Pause) 51M->42M(63M) 5.331ms
Dec 27 03:46:45 untangle-main uvmconsole: [1509002.615s][info][gc] GC(22450) Pause Full (System.gc()) 43M->42M(63M) 38.982ms
Dec 27 03:48:56 untangle-main uvmconsole: [1509133.414s][info][gc] GC(22451) Pause Young (Normal) (G1 Evacuation Pause) 51M->42M(63M) 5.460ms
Dec 27 03:50:56 untangle-main uvmconsole: [1509254.047s][info][gc] GC(22452) Pause Young (Normal) (G1 Evacuation Pause) 50M->42M(63M) 4.727ms
Dec 27 03:51:45 untangle-main uvmconsole: [1509302.638s][info][gc] GC(22453) Pause Full (System.gc()) 45M->42M(63M) 60.472ms
Dec 27 03:53:54 untangle-main uvmconsole: [1509431.892s][info][gc] GC(22454) Pause Young (Normal) (G1 Evacuation Pause) 51M->42M(63M) 6.264ms
Dec 27 03:55:49 untangle-main uvmconsole: [1509547.146s][info][gc] GC(22455) Pause Young (Normal) (G1 Evacuation Pause) 50M->42M(63M) 9.599ms
Dec 27 03:56:45 untangle-main uvmconsole: [1509602.647s][info][gc] GC(22456) Pause Full (System.gc()) 45M->42M(63M) 68.437ms
Dec 27 03:58:56 untangle-main uvmconsole: [1509733.402s][info][gc] GC(22457) Pause Young (Normal) (G1 Evacuation Pause) 51M->42M(63M) 2.516ms
Dec 27 04:00:56 untangle-main uvmconsole: [1509853.416s][info][gc] GC(22458) Pause Young (Normal) (G1 Evacuation Pause) 50M->42M(63M) 5.962ms
Dec 27 04:01:45 untangle-main uvmconsole: [1509902.641s][info][gc] GC(22459) Pause Full (System.gc()) 45M->42M(63M) 64.017ms
Dec 27 04:04:16 untangle-main uvmconsole: [1510053.404s][info][gc] GC(22460) Pause Young (Normal) (G1 Evacuation Pause) 52M->42M(63M) 4.079ms
Dec 27 04:06:28 untangle-main uvmconsole: [1510185.483s][info][gc] GC(22461) Pause Young (Normal) (G1 Evacuation Pause) 51M->42M(63M) 5.032ms
Dec 27 04:06:45 untangle-main uvmconsole: [1510202.643s][info][gc] GC(22462) Pause Full (System.gc()) 43M->42M(63M) 63.229ms
Dec 27 04:09:06 untangle-main uvmconsole: [1510343.445s][info][gc] GC(22463) Pause Young (Normal) (G1 Evacuation Pause) 52M->42M(63M) 29.784ms
Dec 27 04:11:16 untangle-main uvmconsole: [1510473.410s][info][gc] GC(22464) Pause Young (Normal) (G1 Evacuation Pause) 51M->42M(63M) 4.796ms
Dec 27 04:11:45 untangle-main uvmconsole: [1510502.616s][info][gc] GC(22465) Pause Full (System.gc()) 44M->42M(63M) 38.335ms
Dec 27 04:14:08 untangle-main uvmconsole: [1510645.752s][info][gc] GC(22466) Pause Young (Normal) (G1 Evacuation Pause) 52M->42M(63M) 4.884ms
Dec 27 04:16:26 untangle-main uvmconsole: [1510783.412s][info][gc] GC(22467) Pause Young (Normal) (G1 Evacuation Pause) 51M->42M(63M) 6.967ms
Dec 27 04:16:45 untangle-main uvmconsole: [1510802.642s][info][gc] GC(22468) Pause Full (System.gc()) 43M->42M(63M) 63.613ms
Dec 27 04:19:16 untangle-main uvmconsole: [1510953.405s][info][gc] GC(22469) Pause Young (Normal) (G1 Evacuation Pause) 52M->42M(63M) 4.913ms
Dec 27 04:21:36 untangle-main uvmconsole: [1511093.401s][info][gc] GC(22470) Pause Young (Normal) (G1 Evacuation Pause) 51M->42M(63M) 2.461ms
Dec 27 04:21:45 untangle-main uvmconsole: [1511102.637s][info][gc] GC(22471) Pause Full (System.gc()) 43M->42M(63M) 60.164ms
Dec 27 04:24:16 untangle-main uvmconsole: [1511253.406s][info][gc] GC(22472) Pause Young (Normal) (G1 Evacuation Pause) 52M->42M(63M) 4.503ms
Dec 27 04:26:26 untangle-main uvmconsole: [1511384.158s][info][gc] GC(22473) Pause Young (Normal) (G1 Evacuation Pause) 51M->42M(63M) 5.211ms
Dec 27 04:26:45 untangle-main uvmconsole: [1511402.650s][info][gc] GC(22474) Pause Full (System.gc()) 43M->42M(63M) 74.046ms
Dec 27 04:28:56 untangle-main uvmconsole: [1511533.403s][info][gc] GC(22475) Pause Young (Normal) (G1 Evacuation Pause) 51M->42M(63M) 3.364ms
Dec 27 04:30:53 untangle-main uvmconsole: [1511650.479s][info][gc] GC(22476) Pause Young (Normal) (G1 Evacuation Pause) 50M->42M(63M) 5.080ms
Dec 27 04:31:45 untangle-main uvmconsole: [1511702.641s][info][gc] GC(22477) Pause Full (System.gc()) 45M->42M(63M) 62.601ms
Dec 27 04:33:56 untangle-main uvmconsole: [1511833.411s][info][gc] GC(22478) Pause Young (Normal) (G1 Evacuation Pause) 51M->42M(63M) 5.169ms
Dec 27 04:35:56 untangle-main uvmconsole: [1511953.413s][info][gc] GC(22479) Pause Young (Normal) (G1 Evacuation Pause) 50M->42M(63M) 4.686ms
Dec 27 04:36:45 untangle-main uvmconsole: [1512002.619s][info][gc] GC(22480) Pause Full (System.gc()) 45M->42M(63M) 43.862ms
Dec 27 04:39:06 untangle-main uvmconsole: [1512143.441s][info][gc] GC(22481) Pause Young (Normal) (G1 Evacuation Pause) 52M->42M(63M) 36.529ms
Dec 27 04:41:18 untangle-main uvmconsole: [1512276.089s][info][gc] GC(22482) Pause Young (Normal) (G1 Evacuation Pause) 51M->42M(63M) 5.272ms
Dec 27 04:41:45 untangle-main uvmconsole: [1512302.631s][info][gc] GC(22483) Pause Full (System.gc()) 43M->42M(63M) 53.491ms
Dec 27 04:44:16 untangle-main uvmconsole: [1512453.406s][info][gc] GC(22484) Pause Young (Normal) (G1 Evacuation Pause) 52M->42M(63M) 5.770ms
Dec 27 04:46:26 untangle-main uvmconsole: [1512583.409s][info][gc] GC(22485) Pause Young (Normal) (G1 Evacuation Pause) 51M->42M(63M) 7.238ms
Dec 27 04:46:45 untangle-main uvmconsole: [1512602.629s][info][gc] GC(22486) Pause Full (System.gc()) 43M->42M(63M) 53.107ms
Dec 27 04:48:56 untangle-main uvmconsole: [1512733.407s][info][gc] GC(22487) Pause Young (Normal) (G1 Evacuation Pause) 51M->42M(63M) 5.382ms
Dec 27 04:50:56 untangle-main uvmconsole: [1512853.408s][info][gc] GC(22488) Pause Young (Normal) (G1 Evacuation Pause) 50M->42M(63M) 4.972ms
Dec 27 04:51:45 untangle-main uvmconsole: [1512902.643s][info][gc] GC(22489) Pause Full (System.gc()) 45M->42M(63M) 65.648ms
Dec 27 04:53:56 untangle-main uvmconsole: [1513033.412s][info][gc] GC(22490) Pause Young (Normal) (G1 Evacuation Pause) 51M->42M(63M) 4.900ms
Dec 27 04:55:59 untangle-main uvmconsole: [1513156.988s][info][gc] GC(22491) Pause Young (Normal) (G1 Evacuation Pause) 50M->42M(63M) 4.344ms
Dec 27 04:56:45 untangle-main uvmconsole: [1513202.625s][info][gc] GC(22492) Pause Full (System.gc()) 45M->42M(63M) 47.858ms
Dec 27 04:58:56 untangle-main uvmconsole: [1513333.415s][info][gc] GC(22493) Pause Young (Normal) (G1 Evacuation Pause) 51M->42M(63M) 4.979ms
Dec 27 05:00:59 untangle-main uvmconsole: [1513457.223s][info][gc] GC(22494) Pause Young (Normal) (G1 Evacuation Pause) 50M->42M(63M) 5.454ms
Dec 27 05:01:45 untangle-main uvmconsole: [1513502.639s][info][gc] GC(22495) Pause Full (System.gc()) 45M->42M(63M) 61.360ms
Dec 27 05:03:46 untangle-main uvmconsole: [1513623.410s][info][gc] GC(22496) Pause Young (Normal) (G1 Evacuation Pause) 51M->42M(63M) 4.254ms
Dec 27 05:05:36 untangle-main uvmconsole: [1513733.403s][info][gc] GC(22497) Pause Young (Normal) (G1 Evacuation Pause) 50M->42M(63M) 3.090ms
Dec 27 05:06:45 untangle-main uvmconsole: [1513802.641s][info][gc] GC(22498) Pause Full (System.gc()) 46M->42M(63M) 61.630ms
Dec 27 05:08:50 untangle-main uvmconsole: [1513927.657s][info][gc] GC(22499) Pause Young (Normal) (G1 Evacuation Pause) 51M->42M(63M) 7.383ms
Dec 27 05:10:52 untangle-main uvmconsole: [1514049.662s][info][gc] GC(22500) Pause Young (Normal) (G1 Evacuation Pause) 50M->42M(63M) 2.933ms
Dec 27 05:11:45 untangle-main uvmconsole: [1514102.645s][info][gc] GC(22501) Pause Full (System.gc()) 45M->42M(63M) 66.908ms
Dec 27 05:14:16 untangle-main uvmconsole: [1514253.404s][info][gc] GC(22502) Pause Young (Normal) (G1 Evacuation Pause) 52M->42M(63M) 5.103ms
Dec 27 05:16:36 untangle-main uvmconsole: [1514393.405s][info][gc] GC(22503) Pause Young (Normal) (G1 Evacuation Pause) 51M->42M(63M) 6.783ms
Dec 27 05:16:45 untangle-main uvmconsole: [1514402.636s][info][gc] GC(22504) Pause Full (System.gc()) 42M->42M(63M) 57.665ms
Dec 27 05:19:16 untangle-main uvmconsole: [1514553.406s][info][gc] GC(22505) Pause Young (Normal) (G1 Evacuation Pause) 52M->42M(63M) 5.683ms
Dec 27 05:21:26 untangle-main uvmconsole: [1514683.406s][info][gc] GC(22506) Pause Young (Normal) (G1 Evacuation Pause) 51M->42M(63M) 4.291ms
Dec 27 05:21:45 untangle-main uvmconsole: [1514702.649s][info][gc] GC(22507) Pause Full (System.gc()) 43M->42M(63M) 71.669ms
Dec 27 05:23:56 untangle-main uvmconsole: [1514833.410s][info][gc] GC(22508) Pause Young (Normal) (G1 Evacuation Pause) 51M->42M(63M) 4.698ms
Dec 27 05:25:56 untangle-main uvmconsole: [1514953.404s][info][gc] GC(22509) Pause Young (Normal) (G1 Evacuation Pause) 50M->42M(63M) 3.337ms
Dec 27 05:26:45 untangle-main uvmconsole: [1515002.635s][info][gc] GC(22510) Pause Full (System.gc()) 45M->42M(63M) 56.992ms
Dec 27 05:29:16 untangle-main uvmconsole: [1515153.407s][info][gc] GC(22511) Pause Young (Normal) (G1 Evacuation Pause) 52M->42M(63M) 6.753ms
Dec 27 05:31:35 untangle-main uvmconsole: [1515293.118s][info][gc] GC(22512) Pause Young (Normal) (G1 Evacuation Pause) 51M->42M(63M) 2.811ms
Dec 27 05:31:45 untangle-main uvmconsole: [1515302.647s][info][gc] GC(22513) Pause Full (System.gc()) 43M->42M(63M) 69.651ms
Dec 27 05:34:31 untangle-main uvmconsole: [1515469.106s][info][gc] GC(22514) Pause Young (Normal) (G1 Evacuation Pause) 53M->42M(63M) 4.242ms
Dec 27 05:36:45 untangle-main uvmconsole: [1515602.619s][info][gc] GC(22515) Pause Full (System.gc()) 50M->42M(63M) 40.467ms
Dec 27 05:38:51 untangle-main uvmconsole: [1515729.356s][info][gc] GC(22516) Pause Young (Normal) (G1 Evacuation Pause) 51M->42M(63M) 35.838ms
Dec 27 05:40:46 untangle-main uvmconsole: [1515843.406s][info][gc] GC(22517) Pause Young (Normal) (G1 Evacuation Pause) 50M->42M(63M) 5.404ms
Dec 27 05:41:45 untangle-main uvmconsole: [1515902.615s][info][gc] GC(22518) Pause Full (System.gc()) 46M->42M(63M) 38.369ms
Dec 27 05:44:11 untangle-main uvmconsole: [1516048.456s][info][gc] GC(22519) Pause Young (Normal) (G1 Evacuation Pause) 52M->42M(63M) 8.962ms
Dec 27 05:46:26 untangle-main uvmconsole: [1516183.405s][info][gc] GC(22520) Pause Young (Normal) (G1 Evacuation Pause) 51M->42M(63M) 5.057ms
Dec 27 05:46:45 untangle-main uvmconsole: [1516202.647s][info][gc] GC(22521) Pause Full (System.gc()) 43M->42M(63M) 68.350ms
Dec 27 05:49:06 untangle-main uvmconsole: [1516343.685s][info][gc] GC(22522) Pause Young (Normal) (G1 Evacuation Pause) 52M->42M(63M) 5.499ms
Dec 27 05:51:26 untangle-main uvmconsole: [1516483.408s][info][gc] GC(22523) Pause Young (Normal) (G1 Evacuation Pause) 51M->42M(63M) 4.239ms
Dec 27 05:51:45 untangle-main uvmconsole: [1516502.642s][info][gc] GC(22524) Pause Full (System.gc()) 43M->42M(63M) 64.049ms
Dec 27 05:53:56 untangle-main uvmconsole: [1516633.409s][info][gc] GC(22525) Pause Young (Normal) (G1 Evacuation Pause) 51M->42M(63M) 6.232ms
Dec 27 05:55:56 untangle-main uvmconsole: [1516753.403s][info][gc] GC(22526) Pause Young (Normal) (G1 Evacuation Pause) 50M->42M(63M) 1.801ms
Dec 27 05:56:45 untangle-main uvmconsole: [1516802.627s][info][gc] GC(22527) Pause Full (System.gc()) 45M->42M(63M) 50.122ms
Dec 27 05:58:51 untangle-main uvmconsole: [1516928.908s][info][gc] GC(22528) Pause Young (Normal) (G1 Evacuation Pause) 51M->42M(63M) 2.563ms
Dec 27 06:00:56 untangle-main uvmconsole: [1517053.406s][info][gc] GC(22529) Pause Young (Normal) (G1 Evacuation Pause) 50M->42M(63M) 6.111ms
Dec 27 06:01:45 untangle-main uvmconsole: [1517102.637s][info][gc] GC(22530) Pause Full (System.gc()) 45M->42M(63M) 59.342ms
Dec 27 06:03:56 untangle-main uvmconsole: [1517233.411s][info][gc] GC(22531) Pause Young (Normal) (G1 Evacuation Pause) 51M->42M(63M) 3.291ms
Dec 27 06:05:56 untangle-main uvmconsole: [1517353.413s][info][gc] GC(22532) Pause Young (Normal) (G1 Evacuation Pause) 50M->42M(63M) 3.800ms
Dec 27 06:06:45 untangle-main uvmconsole: [1517402.637s][info][gc] GC(22533) Pause Full (System.gc()) 45M->42M(63M) 58.932ms
Dec 27 06:08:56 untangle-main uvmconsole: [1517533.418s][info][gc] GC(22534) Pause Young (Normal) (G1 Evacuation Pause) 51M->42M(63M) 17.177ms
Dec 27 06:10:56 untangle-main uvmconsole: [1517653.407s][info][gc] GC(22535) Pause Young (Normal) (G1 Evacuation Pause) 50M->42M(63M) 5.011ms
Dec 27 06:11:45 untangle-main uvmconsole: [1517702.639s][info][gc] GC(22536) Pause Full (System.gc()) 45M->42M(63M) 60.077ms
Dec 27 06:13:56 untangle-main uvmconsole: [1517833.411s][info][gc] GC(22537) Pause Young (Normal) (G1 Evacuation Pause) 51M->42M(63M) 4.363ms
Dec 27 06:15:56 untangle-main uvmconsole: [1517953.405s][info][gc] GC(22538) Pause Young (Normal) (G1 Evacuation Pause) 50M->42M(63M) 4.625ms
Dec 27 06:16:45 untangle-main uvmconsole: [1518002.645s][info][gc] GC(22539) Pause Full (System.gc()) 45M->42M(63M) 66.489ms
Dec 27 06:19:12 untangle-main uvmconsole: [1518149.560s][info][gc] GC(22540) Pause Young (Normal) (G1 Evacuation Pause) 52M->42M(63M) 4.506ms
Dec 27 06:21:26 untangle-main uvmconsole: [1518283.726s][info][gc] GC(22541) Pause Young (Normal) (G1 Evacuation Pause) 51M->42M(63M) 7.605ms
Dec 27 06:21:45 untangle-main uvmconsole: [1518302.641s][info][gc] GC(22542) Pause Full (System.gc()) 43M->42M(63M) 64.832ms
Dec 27 06:24:16 untangle-main uvmconsole: [1518453.407s][info][gc] GC(22543) Pause Young (Normal) (G1 Evacuation Pause) 52M->42M(63M) 6.090ms
Dec 27 06:26:32 untangle-main uvmconsole: [1518589.803s][info][gc] GC(22544) Pause Young (Normal) (G1 Evacuation Pause) 51M->42M(63M) 7.045ms
Dec 27 06:26:45 untangle-main uvmconsole: [1518602.629s][info][gc] GC(22545) Pause Full (System.gc()) 43M->42M(63M) 51.638ms
Dec 27 06:29:16 untangle-main uvmconsole: [1518753.407s][info][gc] GC(22546) Pause Young (Normal) (G1 Evacuation Pause) 52M->42M(63M) 5.736ms
Dec 27 06:31:27 untangle-main uvmconsole: [1518885.262s][info][gc] GC(22547) Pause Young (Normal) (G1 Evacuation Pause) 51M->42M(63M) 7.432ms
Dec 27 06:31:45 untangle-main uvmconsole: [1518902.646s][info][gc] GC(22548) Pause Full (System.gc()) 43M->42M(63M) 66.924ms
Dec 27 06:34:06 untangle-main uvmconsole: [1519043.407s][info][gc] GC(22549) Pause Young (Normal) (G1 Evacuation Pause) 52M->42M(63M) 5.177ms
Dec 27 06:36:26 untangle-main uvmconsole: [1519183.401s][info][gc] GC(22550) Pause Young (Normal) (G1 Evacuation Pause) 51M->42M(63M) 1.659ms
Dec 27 06:36:45 untangle-main uvmconsole: [1519202.646s][info][gc] GC(22551) Pause Full (System.gc()) 43M->42M(63M) 69.165ms
Dec 27 06:39:06 untangle-main uvmconsole: [1519343.406s][info][gc] GC(22552) Pause Young (Normal) (G1 Evacuation Pause) 52M->42M(63M) 5.167ms
Dec 27 06:41:19 untangle-main uvmconsole: [1519476.431s][info][gc] GC(22553) Pause Young (Normal) (G1 Evacuation Pause) 51M->42M(63M) 1.679ms
Dec 27 06:41:45 untangle-main uvmconsole: [1519502.612s][info][gc] GC(22554) Pause Full (System.gc()) 43M->42M(63M) 36.699ms
Dec 27 06:44:16 untangle-main uvmconsole: [1519653.400s][info][gc] GC(22555) Pause Young (Normal) (G1 Evacuation Pause) 52M->42M(63M) 1.937ms
Dec 27 06:46:26 untangle-main uvmconsole: [1519784.016s][info][gc] GC(22556) Pause Young (Normal) (G1 Evacuation Pause) 51M->42M(63M) 5.060ms
Dec 27 06:46:45 untangle-main uvmconsole: [1519802.640s][info][gc] GC(22557) Pause Full (System.gc()) 43M->42M(63M) 63.044ms
Dec 27 06:49:06 untangle-main uvmconsole: [1519944.054s][info][gc] GC(22558) Pause Young (Normal) (G1 Evacuation Pause) 52M->42M(63M) 4.264ms
Dec 27 06:51:16 untangle-main uvmconsole: [1520073.470s][info][gc] GC(22559) Pause Young (Normal) (G1 Evacuation Pause) 51M->42M(63M) 4.593ms
Dec 27 06:51:45 untangle-main uvmconsole: [1520102.627s][info][gc] GC(22560) Pause Full (System.gc()) 43M->42M(63M) 48.872ms
Dec 27 06:53:56 untangle-main uvmconsole: [1520233.624s][info][gc] GC(22561) Pause Young (Normal) (G1 Evacuation Pause) 51M->42M(63M) 4.854ms
Dec 27 06:55:56 untangle-main uvmconsole: [1520353.404s][info][gc] GC(22562) Pause Young (Normal) (G1 Evacuation Pause) 50M->42M(63M) 1.657ms
Dec 27 06:56:45 untangle-main uvmconsole: [1520402.624s][info][gc] GC(22563) Pause Full (System.gc()) 45M->42M(63M) 45.923ms
Dec 27 06:58:56 untangle-main uvmconsole: [1520533.411s][info][gc] GC(22564) Pause Young (Normal) (G1 Evacuation Pause) 51M->42M(63M) 4.333ms
Dec 27 07:00:56 untangle-main uvmconsole: [1520654.031s][info][gc] GC(22565) Pause Young (Normal) (G1 Evacuation Pause) 50M->42M(63M) 8.258ms
Dec 27 07:01:45 untangle-main uvmconsole: [1520702.640s][info][gc] GC(22566) Pause Full (System.gc()) 45M->42M(63M) 61.476ms
Dec 27 07:03:56 untangle-main uvmconsole: [1520833.415s][info][gc] GC(22567) Pause Young (Normal) (G1 Evacuation Pause) 51M->42M(63M) 6.579ms
Dec 27 07:05:56 untangle-main uvmconsole: [1520953.414s][info][gc] GC(22568) Pause Young (Normal) (G1 Evacuation Pause) 50M->42M(63M) 4.855ms
Dec 27 07:06:45 untangle-main uvmconsole: [1521002.627s][info][gc] GC(22569) Pause Full (System.gc()) 45M->42M(63M) 48.628ms
Dec 27 07:08:56 untangle-main uvmconsole: [1521133.446s][info][gc] GC(22570) Pause Young (Normal) (G1 Evacuation Pause) 52M->42M(63M) 33.803ms
Dec 27 07:11:16 untangle-main uvmconsole: [1521273.406s][info][gc] GC(22571) Pause Young (Normal) (G1 Evacuation Pause) 51M->42M(63M) 5.043ms
Dec 27 07:11:45 untangle-main uvmconsole: [1521302.617s][info][gc] GC(22572) Pause Full (System.gc()) 44M->42M(63M) 39.413ms
Dec 27 07:14:09 untangle-main uvmconsole: [1521446.846s][info][gc] GC(22573) Pause Young (Normal) (G1 Evacuation Pause) 52M->42M(63M) 3.628ms
Dec 27 07:16:27 untangle-main uvmconsole: [1521584.387s][info][gc] GC(22574) Pause Young (Normal) (G1 Evacuation Pause) 51M->42M(63M) 11.722ms
Dec 27 07:16:45 untangle-main uvmconsole: [1521602.637s][info][gc] GC(22575) Pause Full (System.gc()) 43M->42M(63M) 59.177ms
Dec 27 07:19:16 untangle-main uvmconsole: [1521753.404s][info][gc] GC(22576) Pause Young (Normal) (G1 Evacuation Pause) 52M->42M(63M) 4.877ms
Dec 27 07:21:36 untangle-main uvmconsole: [1521893.407s][info][gc] GC(22577) Pause Young (Normal) (G1 Evacuation Pause) 51M->42M(63M) 8.843ms
Dec 27 07:21:45 untangle-main uvmconsole: [1521902.641s][info][gc] GC(22578) Pause Full (System.gc()) 43M->42M(63M) 62.221ms
Dec 27 07:24:10 untangle-main uvmconsole: [1522047.920s][info][gc] GC(22579) Pause Young (Normal) (G1 Evacuation Pause) 52M->42M(63M) 5.372ms
Dec 27 07:26:16 untangle-main uvmconsole: [1522173.416s][info][gc] GC(22580) Pause Young (Normal) (G1 Evacuation Pause) 51M->42M(63M) 9.897ms
Dec 27 07:26:45 untangle-main uvmconsole: [1522202.631s][info][gc] GC(22581) Pause Full (System.gc()) 43M->42M(63M) 54.845ms
Dec 27 07:29:16 untangle-main uvmconsole: [1522353.405s][info][gc] GC(22582) Pause Young (Normal) (G1 Evacuation Pause) 52M->42M(63M) 5.307ms
Dec 27 07:31:26 untangle-main uvmconsole: [1522484.376s][info][gc] GC(22583) Pause Young (Normal) (G1 Evacuation Pause) 51M->42M(63M) 4.491ms
Dec 27 07:31:45 untangle-main uvmconsole: [1522502.642s][info][gc] GC(22584) Pause Full (System.gc()) 43M->42M(63M) 64.519ms
Dec 27 07:34:16 untangle-main uvmconsole: [1522653.406s][info][gc] GC(22585) Pause Young (Normal) (G1 Evacuation Pause) 52M->42M(63M) 6.765ms
Dec 27 07:36:34 untangle-main uvmconsole: [1522792.110s][info][gc] GC(22586) Pause Young (Normal) (G1 Evacuation Pause) 51M->42M(63M) 1.708ms
Dec 27 07:36:45 untangle-main uvmconsole: [1522802.648s][info][gc] GC(22587) Pause Full (System.gc()) 43M->42M(63M) 71.603ms
Dec 27 07:39:06 untangle-main uvmconsole: [1522943.408s][info][gc] GC(22588) Pause Young (Normal) (G1 Evacuation Pause) 52M->42M(63M) 5.383ms
Dec 27 07:41:26 untangle-main uvmconsole: [1523083.407s][info][gc] GC(22589) Pause Young (Normal) (G1 Evacuation Pause) 51M->42M(63M) 5.526ms
Dec 27 07:41:45 untangle-main uvmconsole: [1523102.616s][info][gc] GC(22590) Pause Full (System.gc()) 43M->42M(63M) 40.018ms
Dec 27 07:44:06 untangle-main uvmconsole: [1523243.410s][info][gc] GC(22591) Pause Young (Normal) (G1 Evacuation Pause) 52M->42M(63M) 4.323ms
Dec 27 07:46:26 untangle-main uvmconsole: [1523383.407s][info][gc] GC(22592) Pause Young (Normal) (G1 Evacuation Pause) 51M->42M(63M) 6.122ms
Dec 27 07:46:45 untangle-main uvmconsole: [1523402.647s][info][gc] GC(22593) Pause Full (System.gc()) 43M->42M(63M) 69.134ms
Dec 27 07:49:09 untangle-main uvmconsole: [1523546.709s][info][gc] GC(22594) Pause Young (Normal) (G1 Evacuation Pause) 52M->42M(63M) 7.410ms
Dec 27 07:51:26 untangle-main uvmconsole: [1523683.414s][info][gc] GC(22595) Pause Young (Normal) (G1 Evacuation Pause) 51M->42M(63M) 6.207ms
Dec 27 07:51:45 untangle-main uvmconsole: [1523702.636s][info][gc] GC(22596) Pause Full (System.gc()) 43M->42M(63M) 58.032ms
Dec 27 07:54:16 untangle-main uvmconsole: [1523853.401s][info][gc] GC(22597) Pause Young (Normal) (G1 Evacuation Pause) 52M->42M(63M) 1.855ms
Dec 27 07:56:36 untangle-main uvmconsole: [1523993.406s][info][gc] GC(22598) Pause Young (Normal) (G1 Evacuation Pause) 51M->42M(63M) 4.752ms
Dec 27 07:56:45 untangle-main uvmconsole: [1524002.644s][info][gc] GC(22599) Pause Full (System.gc()) 42M->42M(63M) 67.045ms
Dec 27 07:59:26 untangle-main uvmconsole: [1524163.412s][info][gc] GC(22600) Pause Young (Normal) (G1 Evacuation Pause) 53M->42M(63M) 5.531ms
Dec 27 08:01:45 untangle-main uvmconsole: [1524302.640s][info][gc] GC(22601) Pause Full (System.gc()) 51M->42M(63M) 61.522ms
Dec 27 08:03:56 untangle-main uvmconsole: [1524433.413s][info][gc] GC(22602) Pause Young (Normal) (G1 Evacuation Pause) 51M->42M(63M) 6.748ms
Dec 27 08:05:56 untangle-main uvmconsole: [1524553.404s][info][gc] GC(22603) Pause Young (Normal) (G1 Evacuation Pause) 50M->42M(63M) 3.279ms
Dec 27 08:06:45 untangle-main uvmconsole: [1524602.626s][info][gc] GC(22604) Pause Full (System.gc()) 45M->42M(63M) 49.444ms
Dec 27 08:08:56 untangle-main uvmconsole: [1524733.408s][info][gc] GC(22605) Pause Young (Normal) (G1 Evacuation Pause) 51M->42M(63M) 7.718ms
Dec 27 08:10:56 untangle-main uvmconsole: [1524853.402s][info][gc] GC(22606) Pause Young (Normal) (G1 Evacuation Pause) 50M->42M(63M) 3.602ms
Dec 27 08:11:45 untangle-main uvmconsole: [1524902.616s][info][gc] GC(22607) Pause Full (System.gc()) 45M->42M(63M) 38.580ms
Dec 27 08:13:56 untangle-main uvmconsole: [1525033.420s][info][gc] GC(22608) Pause Young (Normal) (G1 Evacuation Pause) 51M->42M(63M) 7.309ms
Dec 27 08:15:56 untangle-main uvmconsole: [1525153.414s][info][gc] GC(22609) Pause Young (Normal) (G1 Evacuation Pause) 50M->42M(63M) 6.150ms
Dec 27 08:16:45 untangle-main uvmconsole: [1525202.639s][info][gc] GC(22610) Pause Full (System.gc()) 45M->42M(63M) 60.973ms
Dec 27 08:19:25 untangle-main uvmconsole: [1525363.238s][info][gc] GC(22611) Pause Young (Normal) (G1 Evacuation Pause) 53M->42M(63M) 5.670ms
Dec 27 08:21:45 untangle-main uvmconsole: [1525502.639s][info][gc] GC(22612) Pause Full (System.gc()) 51M->42M(63M) 60.990ms
Dec 27 08:24:06 untangle-main uvmconsole: [1525643.406s][info][gc] GC(22613) Pause Young (Normal) (G1 Evacuation Pause) 52M->42M(63M) 2.006ms
Dec 27 08:26:26 untangle-main uvmconsole: [1525783.406s][info][gc] GC(22614) Pause Young (Normal) (G1 Evacuation Pause) 51M->42M(63M) 5.091ms
Dec 27 08:26:45 untangle-main uvmconsole: [1525802.646s][info][gc] GC(22615) Pause Full (System.gc()) 43M->42M(63M) 68.903ms
Dec 27 08:29:16 untangle-main uvmconsole: [1525953.407s][info][gc] GC(22616) Pause Young (Normal) (G1 Evacuation Pause) 52M->42M(63M) 4.655ms
Dec 27 08:31:36 untangle-main uvmconsole: [1526093.405s][info][gc] GC(22617) Pause Young (Normal) (G1 Evacuation Pause) 51M->42M(63M) 5.066ms
Dec 27 08:31:45 untangle-main uvmconsole: [1526102.640s][info][gc] GC(22618) Pause Full (System.gc()) 43M->42M(63M) 63.314ms
Dec 27 08:33:56 untangle-main uvmconsole: [1526233.408s][info][gc] GC(22619) Pause Young (Normal) (G1 Evacuation Pause) 51M->42M(63M) 4.573ms
Dec 27 08:35:56 untangle-main uvmconsole: [1526353.408s][info][gc] GC(22620) Pause Young (Normal) (G1 Evacuation Pause) 50M->42M(63M) 4.318ms
Dec 27 08:36:45 untangle-main uvmconsole: [1526402.642s][info][gc] GC(22621) Pause Full (System.gc()) 45M->42M(63M) 66.187ms
Dec 27 08:39:06 untangle-main uvmconsole: [1526543.425s][info][gc] GC(22622) Pause Young (Normal) (G1 Evacuation Pause) 52M->42M(63M) 18.873ms
Dec 27 08:41:16 untangle-main uvmconsole: [1526673.897s][info][gc] GC(22623) Pause Young (Normal) (G1 Evacuation Pause) 51M->42M(63M) 6.396ms
Dec 27 08:41:45 untangle-main uvmconsole: [1526702.619s][info][gc] GC(22624) Pause Full (System.gc()) 43M->42M(63M) 40.559ms
Dec 27 08:43:56 untangle-main uvmconsole: [1526833.410s][info][gc] GC(22625) Pause Young (Normal) (G1 Evacuation Pause) 51M->42M(63M) 4.157ms
Dec 27 08:45:56 untangle-main uvmconsole: [1526953.414s][info][gc] GC(22626) Pause Young (Normal) (G1 Evacuation Pause) 50M->42M(63M) 5.198ms
Dec 27 08:46:45 untangle-main uvmconsole: [1527002.649s][info][gc] GC(22627) Pause Full (System.gc()) 45M->42M(63M) 70.632ms
Dec 27 08:49:16 untangle-main uvmconsole: [1527153.405s][info][gc] GC(22628) Pause Young (Normal) (G1 Evacuation Pause) 52M->42M(63M) 4.879ms
Dec 27 08:51:26 untangle-main uvmconsole: [1527283.982s][info][gc] GC(22629) Pause Young (Normal) (G1 Evacuation Pause) 51M->42M(63M) 4.057ms
Dec 27 08:51:45 untangle-main uvmconsole: [1527302.634s][info][gc] GC(22630) Pause Full (System.gc()) 43M->42M(63M) 56.449ms
Dec 27 08:54:06 untangle-main uvmconsole: [1527443.412s][info][gc] GC(22631) Pause Young (Normal) (G1 Evacuation Pause) 52M->42M(63M) 6.823ms
Dec 27 08:56:26 untangle-main uvmconsole: [1527583.400s][info][gc] GC(22632) Pause Young (Normal) (G1 Evacuation Pause) 51M->42M(63M) 1.746ms
Dec 27 08:56:45 untangle-main uvmconsole: [1527602.619s][info][gc] GC(22633) Pause Full (System.gc()) 43M->42M(63M) 41.703ms
Dec 27 08:59:08 untangle-main uvmconsole: [1527745.560s][info][gc] GC(22634) Pause Young (Normal) (G1 Evacuation Pause) 52M->42M(63M) 4.155ms
Dec 27 09:01:26 untangle-main uvmconsole: [1527883.877s][info][gc] GC(22635) Pause Young (Normal) (G1 Evacuation Pause) 51M->42M(63M) 3.605ms
Dec 27 09:01:45 untangle-main uvmconsole: [1527902.638s][info][gc] GC(22636) Pause Full (System.gc()) 43M->42M(63M) 59.354ms
Dec 27 09:03:56 untangle-main uvmconsole: [1528033.413s][info][gc] GC(22637) Pause Young (Normal) (G1 Evacuation Pause) 51M->42M(63M) 4.760ms
Dec 27 09:05:56 untangle-main uvmconsole: [1528153.412s][info][gc] GC(22638) Pause Young (Normal) (G1 Evacuation Pause) 50M->42M(63M) 5.555ms
Dec 27 09:06:45 untangle-main uvmconsole: [1528202.639s][info][gc] GC(22639) Pause Full (System.gc()) 45M->42M(63M) 60.825ms
Dec 27 09:08:48 untangle-main uvmconsole: [1528326.119s][info][gc] GC(22640) Pause Young (Normal) (G1 Evacuation Pause) 51M->42M(63M) 4.349ms
Dec 27 09:10:46 untangle-main uvmconsole: [1528443.409s][info][gc] GC(22641) Pause Young (Normal) (G1 Evacuation Pause) 50M->42M(63M) 5.086ms
Dec 27 09:11:45 untangle-main uvmconsole: [1528502.621s][info][gc] GC(22642) Pause Full (System.gc()) 46M->42M(63M) 43.068ms
Dec 27 09:14:07 untangle-main uvmconsole: [1528644.906s][info][gc] GC(22643) Pause Young (Normal) (G1 Evacuation Pause) 52M->42M(63M) 5.161ms
Dec 27 09:16:26 untangle-main uvmconsole: [1528783.409s][info][gc] GC(22644) Pause Young (Normal) (G1 Evacuation Pause) 51M->42M(63M) 6.267ms
Dec 27 09:16:45 untangle-main uvmconsole: [1528802.635s][info][gc] GC(22645) Pause Full (System.gc()) 43M->42M(63M) 57.947ms
Dec 27 09:19:16 untangle-main uvmconsole: [1528953.403s][info][gc] GC(22646) Pause Young (Normal) (G1 Evacuation Pause) 52M->42M(63M) 3.799ms
Dec 27 09:21:34 untangle-main uvmconsole: [1529091.854s][info][gc] GC(22647) Pause Young (Normal) (G1 Evacuation Pause) 51M->42M(63M) 4.428ms
Dec 27 09:21:45 untangle-main uvmconsole: [1529102.639s][info][gc] GC(22648) Pause Full (System.gc()) 43M->42M(63M) 60.658ms
Dec 27 09:24:07 untangle-main uvmconsole: [1529245.166s][info][gc] GC(22649) Pause Young (Normal) (G1 Evacuation Pause) 52M->42M(63M) 5.212ms
Dec 27 09:26:26 untangle-main uvmconsole: [1529383.402s][info][gc] GC(22650) Pause Young (Normal) (G1 Evacuation Pause) 51M->42M(63M) 2.800ms
Dec 27 09:26:45 untangle-main uvmconsole: [1529402.631s][info][gc] GC(22651) Pause Full (System.gc()) 43M->42M(63M) 54.001ms
Dec 27 09:28:56 untangle-main uvmconsole: [1529533.404s][info][gc] GC(22652) Pause Young (Normal) (G1 Evacuation Pause) 51M->42M(63M) 5.106ms
Dec 27 09:30:56 untangle-main uvmconsole: [1529653.410s][info][gc] GC(22653) Pause Young (Normal) (G1 Evacuation Pause) 50M->42M(63M) 7.469ms
Dec 27 09:31:45 untangle-main uvmconsole: [1529702.642s][info][gc] GC(22654) Pause Full (System.gc()) 45M->42M(63M) 64.826ms
Dec 27 09:33:56 untangle-main uvmconsole: [1529833.415s][info][gc] GC(22655) Pause Young (Normal) (G1 Evacuation Pause) 51M->42M(63M) 5.311ms
Dec 27 09:35:56 untangle-main uvmconsole: [1529953.416s][info][gc] GC(22656) Pause Young (Normal) (G1 Evacuation Pause) 50M->42M(63M) 6.392ms
Dec 27 09:36:45 untangle-main uvmconsole: [1530002.647s][info][gc] GC(22657) Pause Full (System.gc()) 45M->42M(63M) 69.806ms
Dec 27 09:39:06 untangle-main uvmconsole: [1530143.407s][info][gc] GC(22658) Pause Young (Normal) (G1 Evacuation Pause) 52M->42M(63M) 3.683ms
Dec 27 09:41:26 untangle-main uvmconsole: [1530283.401s][info][gc] GC(22659) Pause Young (Normal) (G1 Evacuation Pause) 51M->42M(63M) 3.011ms
Dec 27 09:41:45 untangle-main uvmconsole: [1530302.620s][info][gc] GC(22660) Pause Full (System.gc()) 43M->42M(63M) 40.544ms
Dec 27 09:43:56 untangle-main uvmconsole: [1530433.402s][info][gc] GC(22661) Pause Young (Normal) (G1 Evacuation Pause) 51M->42M(63M) 1.928ms
Dec 27 09:45:53 untangle-main uvmconsole: [1530551.001s][info][gc] GC(22662) Pause Young (Normal) (G1 Evacuation Pause) 50M->42M(63M) 4.654ms
Dec 27 09:46:45 untangle-main uvmconsole: [1530602.645s][info][gc] GC(22663) Pause Full (System.gc()) 45M->42M(63M) 65.206ms
Dec 27 09:49:16 untangle-main uvmconsole: [1530753.407s][info][gc] GC(22664) Pause Young (Normal) (G1 Evacuation Pause) 52M->42M(63M) 4.482ms
Dec 27 09:51:31 untangle-main uvmconsole: [1530889.356s][info][gc] GC(22665) Pause Young (Normal) (G1 Evacuation Pause) 51M->42M(63M) 3.944ms
Dec 27 09:51:45 untangle-main uvmconsole: [1530902.646s][info][gc] GC(22666) Pause Full (System.gc()) 43M->42M(63M) 69.091ms
Dec 27 09:54:16 untangle-main uvmconsole: [1531053.400s][info][gc] GC(22667) Pause Young (Normal) (G1 Evacuation Pause) 52M->42M(63M) 3.526ms
Dec 27 09:56:33 untangle-main uvmconsole: [1531191.150s][info][gc] GC(22668) Pause Young (Normal) (G1 Evacuation Pause) 51M->42M(63M) 2.891ms
Dec 27 09:56:45 untangle-main uvmconsole: [1531202.622s][info][gc] GC(22669) Pause Full (System.gc()) 43M->42M(63M) 43.571ms
Dec 27 09:59:16 untangle-main uvmconsole: [1531353.407s][info][gc] GC(22670) Pause Young (Normal) (G1 Evacuation Pause) 52M->42M(63M) 4.784ms
Dec 27 10:01:27 untangle-main uvmconsole: [1531484.534s][info][gc] GC(22671) Pause Young (Normal) (G1 Evacuation Pause) 51M->42M(63M) 4.394ms
Dec 27 10:01:45 untangle-main uvmconsole: [1531502.643s][info][gc] GC(22672) Pause Full (System.gc()) 43M->42M(63M) 65.234ms
Dec 27 10:04:06 untangle-main uvmconsole: [1531643.411s][info][gc] GC(22673) Pause Young (Normal) (G1 Evacuation Pause) 52M->42M(63M) 7.231ms
Dec 27 10:06:26 untangle-main uvmconsole: [1531783.405s][info][gc] GC(22674) Pause Young (Normal) (G1 Evacuation Pause) 51M->42M(63M) 5.801ms
Dec 27 10:06:45 untangle-main uvmconsole: [1531802.636s][info][gc] GC(22675) Pause Full (System.gc()) 43M->42M(63M) 58.345ms
Dec 27 10:09:06 untangle-main uvmconsole: [1531943.416s][info][gc] GC(22676) Pause Young (Normal) (G1 Evacuation Pause) 52M->42M(63M) 7.584ms
Dec 27 10:11:19 untangle-main uvmconsole: [1532076.639s][info][gc] GC(22677) Pause Young (Normal) (G1 Evacuation Pause) 51M->42M(63M) 1.827ms
Dec 27 10:11:45 untangle-main uvmconsole: [1532102.616s][info][gc] GC(22678) Pause Full (System.gc()) 43M->42M(63M) 40.322ms
Dec 27 10:14:26 untangle-main uvmconsole: [1532263.594s][info][gc] GC(22679) Pause Young (Normal) (G1 Evacuation Pause) 53M->42M(63M) 5.820ms
Dec 27 10:16:45 untangle-main uvmconsole: [1532402.635s][info][gc] GC(22680) Pause Full (System.gc()) 51M->42M(63M) 56.707ms
Dec 27 10:19:09 untangle-main uvmconsole: [1532546.834s][info][gc] GC(22681) Pause Young (Normal) (G1 Evacuation Pause) 52M->42M(63M) 6.682ms
Dec 27 10:21:18 untangle-main uvmconsole: [1532675.582s][info][gc] GC(22682) Pause Young (Normal) (G1 Evacuation Pause) 51M->42M(63M) 7.416ms
Dec 27 10:21:45 untangle-main uvmconsole: [1532702.643s][info][gc] GC(22683) Pause Full (System.gc()) 44M->42M(63M) 64.555ms
Dec 27 10:24:07 untangle-main uvmconsole: [1532844.753s][info][gc] GC(22684) Pause Young (Normal) (G1 Evacuation Pause) 52M->42M(63M) 2.740ms
Dec 27 10:26:26 untangle-main uvmconsole: [1532983.409s][info][gc] GC(22685) Pause Young (Normal) (G1 Evacuation Pause) 51M->42M(63M) 5.529ms
Dec 27 10:26:45 untangle-main uvmconsole: [1533002.631s][info][gc] GC(22686) Pause Full (System.gc()) 43M->42M(63M) 53.523ms
Dec 27 10:28:56 untangle-main uvmconsole: [1533133.414s][info][gc] GC(22687) Pause Young (Normal) (G1 Evacuation Pause) 51M->42M(63M) 8.044ms
Dec 27 10:30:56 untangle-main uvmconsole: [1533253.416s][info][gc] GC(22688) Pause Young (Normal) (G1 Evacuation Pause) 50M->42M(63M) 4.868ms
Dec 27 10:31:45 untangle-main uvmconsole: [1533302.639s][info][gc] GC(22689) Pause Full (System.gc()) 45M->42M(63M) 61.355ms
Dec 27 10:33:56 untangle-main uvmconsole: [1533433.414s][info][gc] GC(22690) Pause Young (Normal) (G1 Evacuation Pause) 51M->42M(63M) 5.375ms
Dec 27 10:35:58 untangle-main uvmconsole: [1533556.045s][info][gc] GC(22691) Pause Young (Normal) (G1 Evacuation Pause) 50M->42M(63M) 6.687ms
Dec 27 10:36:45 untangle-main uvmconsole: [1533602.638s][info][gc] GC(22692) Pause Full (System.gc()) 45M->42M(63M) 62.540ms
Dec 27 10:38:46 untangle-main uvmconsole: [1533723.401s][info][gc] GC(22693) Pause Young (Normal) (G1 Evacuation Pause) 51M->42M(63M) 2.082ms
Dec 27 10:40:46 untangle-main uvmconsole: [1533843.411s][info][gc] GC(22694) Pause Young (Normal) (G1 Evacuation Pause) 50M->42M(63M) 8.080ms
Dec 27 10:41:45 untangle-main uvmconsole: [1533902.621s][info][gc] GC(22695) Pause Full (System.gc()) 46M->42M(63M) 45.244ms
Dec 27 10:44:16 untangle-main uvmconsole: [1534053.405s][info][gc] GC(22696) Pause Young (Normal) (G1 Evacuation Pause) 52M->42M(63M) 4.379ms
Dec 27 10:46:26 untangle-main uvmconsole: [1534183.567s][info][gc] GC(22697) Pause Young (Normal) (G1 Evacuation Pause) 51M->42M(63M) 4.246ms
Dec 27 10:46:45 untangle-main uvmconsole: [1534202.643s][info][gc] GC(22698) Pause Full (System.gc()) 43M->42M(63M) 64.809ms
Dec 27 10:49:16 untangle-main uvmconsole: [1534353.406s][info][gc] GC(22699) Pause Young (Normal) (G1 Evacuation Pause) 52M->42M(63M) 7.219ms
Dec 27 10:51:34 untangle-main uvmconsole: [1534491.970s][info][gc] GC(22700) Pause Young (Normal) (G1 Evacuation Pause) 51M->42M(63M) 5.005ms
Dec 27 10:51:45 untangle-main uvmconsole: [1534502.644s][info][gc] GC(22701) Pause Full (System.gc()) 43M->42M(63M) 66.969ms
Dec 27 10:54:10 untangle-main uvmconsole: [1534647.961s][info][gc] GC(22702) Pause Young (Normal) (G1 Evacuation Pause) 52M->42M(63M) 4.147ms
Dec 27 10:56:26 untangle-main uvmconsole: [1534783.405s][info][gc] GC(22703) Pause Young (Normal) (G1 Evacuation Pause) 51M->42M(63M) 5.953ms
Dec 27 10:56:45 untangle-main uvmconsole: [1534802.636s][info][gc] GC(22704) Pause Full (System.gc()) 43M->42M(63M) 59.378ms
Dec 27 10:59:16 untangle-main uvmconsole: [1534953.436s][info][gc] GC(22705) Pause Young (Normal) (G1 Evacuation Pause) 52M->42M(63M) 37.416ms
Dec 27 11:01:26 untangle-main uvmconsole: [1535083.833s][info][gc] GC(22706) Pause Young (Normal) (G1 Evacuation Pause) 51M->42M(63M) 19.342ms
Dec 27 11:01:45 untangle-main uvmconsole: [1535102.628s][info][gc] GC(22707) Pause Full (System.gc()) 43M->42M(63M) 51.872ms
Dec 27 11:04:06 untangle-main uvmconsole: [1535244.288s][info][gc] GC(22708) Pause Young (Normal) (G1 Evacuation Pause) 52M->42M(63M) 8.365ms
Dec 27 11:06:26 untangle-main uvmconsole: [1535383.403s][info][gc] GC(22709) Pause Young (Normal) (G1 Evacuation Pause) 51M->42M(63M) 2.017ms
Dec 27 11:06:45 untangle-main uvmconsole: [1535402.624s][info][gc] GC(22710) Pause Full (System.gc()) 43M->42M(63M) 46.395ms
Dec 27 11:09:06 untangle-main uvmconsole: [1535543.402s][info][gc] GC(22711) Pause Young (Normal) (G1 Evacuation Pause) 52M->42M(63M) 3.575ms
Dec 27 11:11:20 untangle-main uvmconsole: [1535678.036s][info][gc] GC(22712) Pause Young (Normal) (G1 Evacuation Pause) 51M->42M(63M) 3.484ms
Dec 27 11:11:45 untangle-main uvmconsole: [1535702.634s][info][gc] GC(22713) Pause Full (System.gc()) 43M->42M(63M) 57.949ms
Dec 27 11:13:41 untangle-main uvmconsole: [1535818.538s][info][gc] GC(22714) Pause Young (Normal) (G1 Evacuation Pause) 50M->42M(63M) 4.047ms
Dec 27 11:15:17 untangle-main uvmconsole: [1535914.724s][info][gc] GC(22715) Pause Young (Normal) (G1 Evacuation Pause) 49M->42M(63M) 7.104ms
Dec 27 11:16:45 untangle-main uvmconsole: [1536002.620s][info][gc] GC(22716) Pause Full (System.gc()) 47M->42M(63M) 43.432ms
Dec 27 11:19:16 untangle-main uvmconsole: [1536153.408s][info][gc] GC(22717) Pause Young (Normal) (G1 Evacuation Pause) 52M->42M(63M) 8.565ms
Dec 27 11:21:26 untangle-main uvmconsole: [1536283.406s][info][gc] GC(22718) Pause Young (Normal) (G1 Evacuation Pause) 51M->42M(63M) 5.887ms
Dec 27 11:21:45 untangle-main uvmconsole: [1536302.641s][info][gc] GC(22719) Pause Full (System.gc()) 43M->42M(63M) 64.387ms
Dec 27 11:24:16 untangle-main uvmconsole: [1536453.407s][info][gc] GC(22720) Pause Young (Normal) (G1 Evacuation Pause) 52M->42M(63M) 6.250ms
Dec 27 11:26:36 untangle-main uvmconsole: [1536593.403s][info][gc] GC(22721) Pause Young (Normal) (G1 Evacuation Pause) 51M->42M(63M) 4.231ms
Dec 27 11:26:45 untangle-main uvmconsole: [1536602.631s][info][gc] GC(22722) Pause Full (System.gc()) 43M->42M(63M) 52.341ms
Dec 27 11:29:10 untangle-main uvmconsole: [1536747.514s][info][gc] GC(22723) Pause Young (Normal) (G1 Evacuation Pause) 52M->42M(63M) 6.475ms
Dec 27 11:31:26 untangle-main uvmconsole: [1536883.405s][info][gc] GC(22724) Pause Young (Normal) (G1 Evacuation Pause) 51M->42M(63M) 2.978ms
Dec 27 11:31:45 untangle-main uvmconsole: [1536902.637s][info][gc] GC(22725) Pause Full (System.gc()) 43M->42M(63M) 59.146ms
Dec 27 11:34:16 untangle-main uvmconsole: [1537053.404s][info][gc] GC(22726) Pause Young (Normal) (G1 Evacuation Pause) 52M->42M(63M) 5.064ms
Dec 27 11:36:31 untangle-main uvmconsole: [1537189.217s][info][gc] GC(22727) Pause Young (Normal) (G1 Evacuation Pause) 51M->42M(63M) 5.215ms
Dec 27 11:36:45 untangle-main uvmconsole: [1537202.616s][info][gc] GC(22728) Pause Full (System.gc()) 43M->42M(63M) 39.166ms
Dec 27 11:39:06 untangle-main uvmconsole: [1537343.406s][info][gc] GC(22729) Pause Young (Normal) (G1 Evacuation Pause) 52M->42M(63M) 5.674ms
Dec 27 11:41:16 untangle-main uvmconsole: [1537474.057s][info][gc] GC(22730) Pause Young (Normal) (G1 Evacuation Pause) 51M->42M(63M) 4.952ms
Dec 27 11:41:45 untangle-main uvmconsole: [1537502.628s][info][gc] GC(22731) Pause Full (System.gc()) 43M->42M(63M) 50.809ms
Dec 27 11:43:56 untangle-main uvmconsole: [1537633.401s][info][gc] GC(22732) Pause Young (Normal) (G1 Evacuation Pause) 51M->42M(63M) 1.872ms
Dec 27 11:45:56 untangle-main uvmconsole: [1537753.404s][info][gc] GC(22733) Pause Young (Normal) (G1 Evacuation Pause) 50M->42M(63M) 2.532ms
Dec 27 11:46:45 untangle-main uvmconsole: [1537802.645s][info][gc] GC(22734) Pause Full (System.gc()) 45M->42M(63M) 67.203ms
Dec 27 11:48:56 untangle-main uvmconsole: [1537933.417s][info][gc] GC(22735) Pause Young (Normal) (G1 Evacuation Pause) 51M->42M(63M) 15.731ms
Dec 27 11:50:56 untangle-main uvmconsole: [1538053.402s][info][gc] GC(22736) Pause Young (Normal) (G1 Evacuation Pause) 50M->42M(63M) 4.190ms
Dec 27 11:51:45 untangle-main uvmconsole: [1538102.632s][info][gc] GC(22737) Pause Full (System.gc()) 45M->42M(63M) 53.941ms
Dec 27 11:53:46 untangle-main uvmconsole: [1538223.403s][info][gc] GC(22738) Pause Young (Normal) (G1 Evacuation Pause) 50M->42M(63M) 4.211ms
Dec 27 11:55:28 untangle-main uvmconsole: [1538325.750s][info][gc] GC(22739) Pause Young (Normal) (G1 Evacuation Pause) 49M->42M(63M) 2.445ms
Dec 27 11:56:45 untangle-main uvmconsole: [1538402.629s][info][gc] GC(22740) Pause Full (System.gc()) 47M->42M(63M) 51.550ms
Dec 27 11:58:46 untangle-main uvmconsole: [1538523.407s][info][gc] GC(22741) Pause Young (Normal) (G1 Evacuation Pause) 50M->42M(63M) 4.652ms
Dec 27 12:00:26 untangle-main uvmconsole: [1538623.411s][info][gc] GC(22742) Pause Young (Normal) (G1 Evacuation Pause) 49M->42M(63M) 4.642ms
Dec 27 12:01:45 untangle-main uvmconsole: [1538702.653s][info][gc] GC(22743) Pause Full (System.gc()) 47M->42M(63M) 74.462ms
Dec 27 12:03:56 untangle-main uvmconsole: [1538833.411s][info][gc] GC(22744) Pause Young (Normal) (G1 Evacuation Pause) 51M->42M(63M) 6.418ms
Dec 27 12:05:56 untangle-main uvmconsole: [1538953.440s][info][gc] GC(22745) Pause Young (Normal) (G1 Evacuation Pause) 50M->42M(63M) 2.572ms
Dec 27 12:06:45 untangle-main uvmconsole: [1539002.638s][info][gc] GC(22746) Pause Full (System.gc()) 45M->42M(63M) 61.272ms
Dec 27 12:08:56 untangle-main uvmconsole: [1539133.412s][info][gc] GC(22747) Pause Young (Normal) (G1 Evacuation Pause) 52M->42M(63M) 4.625ms
Dec 27 12:11:16 untangle-main uvmconsole: [1539273.410s][info][gc] GC(22748) Pause Young (Normal) (G1 Evacuation Pause) 51M->42M(63M) 7.192ms
Dec 27 12:11:45 untangle-main uvmconsole: [1539302.631s][info][gc] GC(22749) Pause Full (System.gc()) 44M->42M(63M) 54.336ms
Dec 27 12:14:10 untangle-main uvmconsole: [1539447.810s][info][gc] GC(22750) Pause Young (Normal) (G1 Evacuation Pause) 52M->42M(63M) 9.883ms
Dec 27 12:16:26 untangle-main uvmconsole: [1539583.415s][info][gc] GC(22751) Pause Young (Normal) (G1 Evacuation Pause) 51M->42M(63M) 5.503ms
Dec 27 12:16:45 untangle-main uvmconsole: [1539602.624s][info][gc] GC(22752) Pause Full (System.gc()) 43M->42M(63M) 47.785ms
Dec 27 12:19:16 untangle-main uvmconsole: [1539753.409s][info][gc] GC(22753) Pause Young (Normal) (G1 Evacuation Pause) 52M->42M(63M) 7.599ms
Dec 27 12:21:26 untangle-main uvmconsole: [1539883.402s][info][gc] GC(22754) Pause Young (Normal) (G1 Evacuation Pause) 51M->42M(63M) 3.865ms
Dec 27 12:21:45 untangle-main uvmconsole: [1539902.642s][info][gc] GC(22755) Pause Full (System.gc()) 43M->42M(63M) 64.154ms
Dec 27 12:23:56 untangle-main uvmconsole: [1540033.410s][info][gc] GC(22756) Pause Young (Normal) (G1 Evacuation Pause) 51M->42M(63M) 2.721ms
Dec 27 12:25:56 untangle-main uvmconsole: [1540153.407s][info][gc] GC(22757) Pause Young (Normal) (G1 Evacuation Pause) 50M->42M(63M) 5.296ms
Dec 27 12:26:45 untangle-main uvmconsole: [1540202.639s][info][gc] GC(22758) Pause Full (System.gc()) 45M->42M(63M) 59.877ms
Dec 27 12:28:56 untangle-main uvmconsole: [1540333.414s][info][gc] GC(22759) Pause Young (Normal) (G1 Evacuation Pause) 51M->42M(63M) 6.824ms
Dec 27 12:30:56 untangle-main uvmconsole: [1540453.420s][info][gc] GC(22760) Pause Young (Normal) (G1 Evacuation Pause) 50M->42M(63M) 13.166ms
Dec 27 12:31:45 untangle-main uvmconsole: [1540502.638s][info][gc] GC(22761) Pause Full (System.gc()) 45M->42M(63M) 61.385ms
Dec 27 12:34:16 untangle-main uvmconsole: [1540653.405s][info][gc] GC(22762) Pause Young (Normal) (G1 Evacuation Pause) 52M->42M(63M) 5.295ms
Dec 27 12:36:33 untangle-main uvmconsole: [1540791.010s][info][gc] GC(22763) Pause Young (Normal) (G1 Evacuation Pause) 51M->42M(63M) 3.204ms
Dec 27 12:36:45 untangle-main uvmconsole: [1540802.633s][info][gc] GC(22764) Pause Full (System.gc()) 43M->42M(63M) 56.390ms
Dec 27 12:39:03 untangle-main uvmconsole: [1540941.098s][info][gc] GC(22765) Pause Young (Normal) (G1 Evacuation Pause) 52M->42M(63M) 2.903ms
Dec 27 12:41:13 untangle-main uvmconsole: [1541071.351s][info][gc] GC(22766) Pause Young (Normal) (G1 Evacuation Pause) 51M->42M(63M) 35.627ms
Dec 27 12:41:45 untangle-main uvmconsole: [1541102.633s][info][gc] GC(22767) Pause Full (System.gc()) 44M->42M(63M) 56.244ms
Dec 27 12:44:06 untangle-main uvmconsole: [1541243.403s][info][gc] GC(22768) Pause Young (Normal) (G1 Evacuation Pause) 52M->42M(63M) 3.994ms
Dec 27 12:46:26 untangle-main uvmconsole: [1541383.402s][info][gc] GC(22769) Pause Young (Normal) (G1 Evacuation Pause) 51M->42M(63M) 1.850ms
Dec 27 12:46:45 untangle-main uvmconsole: [1541402.620s][info][gc] GC(22770) Pause Full (System.gc()) 43M->42M(63M) 44.013ms
Dec 27 12:48:56 untangle-main uvmconsole: [1541533.405s][info][gc] GC(22771) Pause Young (Normal) (G1 Evacuation Pause) 51M->42M(63M) 2.545ms
Dec 27 12:50:56 untangle-main uvmconsole: [1541653.402s][info][gc] GC(22772) Pause Young (Normal) (G1 Evacuation Pause) 50M->42M(63M) 1.690ms
Dec 27 12:51:45 untangle-main uvmconsole: [1541702.635s][info][gc] GC(22773) Pause Full (System.gc()) 45M->42M(63M) 56.038ms
Dec 27 12:54:16 untangle-main uvmconsole: [1541853.402s][info][gc] GC(22774) Pause Young (Normal) (G1 Evacuation Pause) 52M->42M(63M) 1.753ms
Dec 27 12:56:30 untangle-main uvmconsole: [1541988.291s][info][gc] GC(22775) Pause Young (Normal) (G1 Evacuation Pause) 51M->42M(63M) 1.943ms
Dec 27 12:56:45 untangle-main uvmconsole: [1542002.622s][info][gc] GC(22776) Pause Full (System.gc()) 43M->42M(63M) 43.599ms
Dec 27 12:58:56 untangle-main uvmconsole: [1542133.404s][info][gc] GC(22777) Pause Young (Normal) (G1 Evacuation Pause) 51M->42M(63M) 4.395ms
Dec 27 13:00:56 untangle-main uvmconsole: [1542253.424s][info][gc] GC(22778) Pause Young (Normal) (G1 Evacuation Pause) 50M->42M(63M) 23.178ms
Dec 27 13:01:45 untangle-main uvmconsole: [1542302.622s][info][gc] GC(22779) Pause Full (System.gc()) 45M->42M(63M) 44.730ms
Dec 27 13:04:16 untangle-main uvmconsole: [1542453.407s][info][gc] GC(22780) Pause Young (Normal) (G1 Evacuation Pause) 52M->42M(63M) 6.867ms
Dec 27 13:06:26 untangle-main uvmconsole: [1542584.014s][info][gc] GC(22781) Pause Young (Normal) (G1 Evacuation Pause) 51M->42M(63M) 1.930ms
Dec 27 13:06:45 untangle-main uvmconsole: [1542602.623s][info][gc] GC(22782) Pause Full (System.gc()) 43M->42M(63M) 45.210ms
Dec 27 13:09:06 untangle-main uvmconsole: [1542743.400s][info][gc] GC(22783) Pause Young (Normal) (G1 Evacuation Pause) 52M->42M(63M) 1.873ms
Dec 27 13:11:26 untangle-main uvmconsole: [1542883.403s][info][gc] GC(22784) Pause Young (Normal) (G1 Evacuation Pause) 51M->42M(63M) 2.929ms
Dec 27 13:11:45 untangle-main uvmconsole: [1542902.620s][info][gc] GC(22785) Pause Full (System.gc()) 43M->42M(63M) 40.783ms
Dec 27 13:14:07 untangle-main uvmconsole: [1543044.797s][info][gc] GC(22786) Pause Young (Normal) (G1 Evacuation Pause) 52M->42M(63M) 2.673ms
Dec 27 13:16:26 untangle-main uvmconsole: [1543183.403s][info][gc] GC(22787) Pause Young (Normal) (G1 Evacuation Pause) 51M->42M(63M) 3.295ms
Dec 27 13:16:45 untangle-main uvmconsole: [1543202.618s][info][gc] GC(22788) Pause Full (System.gc()) 43M->42M(63M) 42.131ms
Dec 27 13:19:06 untangle-main uvmconsole: [1543343.413s][info][gc] GC(22789) Pause Young (Normal) (G1 Evacuation Pause) 52M->42M(63M) 14.917ms
Dec 27 13:21:20 untangle-main uvmconsole: [1543478.299s][info][gc] GC(22790) Pause Young (Normal) (G1 Evacuation Pause) 51M->42M(63M) 5.132ms
Dec 27 13:21:45 untangle-main uvmconsole: [1543502.637s][info][gc] GC(22791) Pause Full (System.gc()) 43M->42M(63M) 58.917ms
Dec 27 13:23:56 untangle-main uvmconsole: [1543633.412s][info][gc] GC(22792) Pause Young (Normal) (G1 Evacuation Pause) 51M->42M(63M) 4.963ms
Dec 27 13:25:56 untangle-main uvmconsole: [1543753.412s][info][gc] GC(22793) Pause Young (Normal) (G1 Evacuation Pause) 50M->42M(63M) 4.285ms
Dec 27 13:26:45 untangle-main uvmconsole: [1543802.637s][info][gc] GC(22794) Pause Full (System.gc()) 45M->42M(63M) 59.009ms
Dec 27 13:28:51 untangle-main uvmconsole: [1543929.344s][info][gc] GC(22795) Pause Young (Normal) (G1 Evacuation Pause) 51M->42M(63M) 7.386ms
Dec 27 13:30:48 untangle-main uvmconsole: [1544045.668s][info][gc] GC(22796) Pause Young (Normal) (G1 Evacuation Pause) 50M->42M(63M) 4.714ms
Dec 27 13:31:45 untangle-main uvmconsole: [1544102.642s][info][gc] GC(22797) Pause Full (System.gc()) 45M->42M(63M) 63.404ms
Dec 27 13:33:56 untangle-main uvmconsole: [1544233.413s][info][gc] GC(22798) Pause Young (Normal) (G1 Evacuation Pause) 51M->42M(63M) 4.116ms
Dec 27 13:35:56 untangle-main uvmconsole: [1544353.417s][info][gc] GC(22799) Pause Young (Normal) (G1 Evacuation Pause) 50M->42M(63M) 7.870ms
Dec 27 13:36:45 untangle-main uvmconsole: [1544402.635s][info][gc] GC(22800) Pause Full (System.gc()) 45M->42M(63M) 57.441ms
Dec 27 13:38:47 untangle-main uvmconsole: [1544524.420s][info][gc] GC(22801) Pause Young (Normal) (G1 Evacuation Pause) 51M->42M(63M) 7.308ms
Dec 27 13:40:46 untangle-main uvmconsole: [1544643.407s][info][gc] GC(22802) Pause Young (Normal) (G1 Evacuation Pause) 50M->42M(63M) 4.128ms
Dec 27 13:41:45 untangle-main uvmconsole: [1544702.649s][info][gc] GC(22803) Pause Full (System.gc()) 46M->42M(63M) 70.531ms
Dec 27 13:44:16 untangle-main uvmconsole: [1544853.405s][info][gc] GC(22804) Pause Young (Normal) (G1 Evacuation Pause) 52M->42M(63M) 4.194ms
Dec 27 13:46:20 untangle-main uvmconsole: [1544977.979s][info][gc] GC(22805) Pause Young (Normal) (G1 Evacuation Pause) 51M->42M(63M) 5.334ms
Dec 27 13:46:45 untangle-main uvmconsole: [1545002.642s][info][gc] GC(22806) Pause Full (System.gc()) 43M->42M(63M) 62.992ms
Dec 27 13:48:56 untangle-main uvmconsole: [1545133.399s][info][gc] GC(22807) Pause Young (Normal) (G1 Evacuation Pause) 51M->42M(63M) 1.472ms
Dec 27 13:50:46 untangle-main uvmconsole: [1545243.411s][info][gc] GC(22808) Pause Young (Normal) (G1 Evacuation Pause) 50M->42M(63M) 6.333ms
Dec 27 13:51:45 untangle-main uvmconsole: [1545302.643s][info][gc] GC(22809) Pause Full (System.gc()) 46M->42M(63M) 66.652ms
Dec 27 13:54:06 untangle-main uvmconsole: [1545443.404s][info][gc] GC(22810) Pause Young (Normal) (G1 Evacuation Pause) 52M->42M(63M) 3.095ms
Dec 27 13:56:16 untangle-main uvmconsole: [1545573.424s][info][gc] GC(22811) Pause Young (Normal) (G1 Evacuation Pause) 51M->42M(63M) 14.645ms
Dec 27 13:56:45 untangle-main uvmconsole: [1545602.636s][info][gc] GC(22812) Pause Full (System.gc()) 43M->42M(63M) 58.157ms
Dec 27 13:58:46 untangle-main uvmconsole: [1545723.415s][info][gc] GC(22813) Pause Young (Normal) (G1 Evacuation Pause) 51M->42M(63M) 6.888ms
Dec 27 14:00:46 untangle-main uvmconsole: [1545843.410s][info][gc] GC(22814) Pause Young (Normal) (G1 Evacuation Pause) 50M->42M(63M) 5.985ms
Dec 27 14:01:45 untangle-main uvmconsole: [1545902.641s][info][gc] GC(22815) Pause Full (System.gc()) 46M->42M(63M) 63.875ms
Dec 27 14:03:36 untangle-main uvmconsole: [1546013.404s][info][gc] GC(22816) Pause Young (Normal) (G1 Evacuation Pause) 50M->42M(63M) 4.251ms
Dec 27 14:05:16 untangle-main uvmconsole: [1546114.206s][info][gc] GC(22817) Pause Young (Normal) (G1 Evacuation Pause) 49M->42M(63M) 4.739ms
Dec 27 14:06:45 untangle-main uvmconsole: [1546202.621s][info][gc] GC(22818) Pause Full (System.gc()) 48M->42M(63M) 43.752ms
Dec 27 14:09:00 untangle-main uvmconsole: [1546337.406s][info][gc] GC(22819) Pause Young (Normal) (G1 Evacuation Pause) 52M->42M(63M) 9.348ms
Dec 27 14:11:07 untangle-main uvmconsole: [1546464.413s][info][gc] GC(22820) Pause Young (Normal) (G1 Evacuation Pause) 51M->42M(63M) 7.119ms
Dec 27 14:11:45 untangle-main uvmconsole: [1546502.629s][info][gc] GC(22821) Pause Full (System.gc()) 44M->42M(63M) 51.589ms
Dec 27 14:13:56 untangle-main uvmconsole: [1546633.412s][info][gc] GC(22822) Pause Young (Normal) (G1 Evacuation Pause) 51M->42M(63M) 7.084ms
Dec 27 14:15:47 untangle-main uvmconsole: [1546744.593s][info][gc] GC(22823) Pause Young (Normal) (G1 Evacuation Pause) 50M->42M(63M) 5.099ms
Dec 27 14:16:45 untangle-main uvmconsole: [1546802.640s][info][gc] GC(22824) Pause Full (System.gc()) 46M->42M(63M) 61.476ms
Dec 27 14:19:06 untangle-main uvmconsole: [1546943.434s][info][gc] GC(22825) Pause Young (Normal) (G1 Evacuation Pause) 52M->42M(63M) 7.633ms
Dec 27 14:21:16 untangle-main uvmconsole: [1547073.400s][info][gc] GC(22826) Pause Young (Normal) (G1 Evacuation Pause) 51M->42M(63M) 1.828ms
Dec 27 14:21:45 untangle-main uvmconsole: [1547102.633s][info][gc] GC(22827) Pause Full (System.gc()) 44M->42M(63M) 56.931ms
Dec 27 14:23:56 untangle-main uvmconsole: [1547233.402s][info][gc] GC(22828) Pause Young (Normal) (G1 Evacuation Pause) 51M->42M(63M) 2.980ms
Dec 27 14:25:51 untangle-main uvmconsole: [1547348.821s][info][gc] GC(22829) Pause Young (Normal) (G1 Evacuation Pause) 50M->42M(63M) 5.124ms
Dec 27 14:26:45 untangle-main uvmconsole: [1547402.637s][info][gc] GC(22830) Pause Full (System.gc()) 45M->42M(63M) 60.414ms
Dec 27 14:29:16 untangle-main uvmconsole: [1547553.407s][info][gc] GC(22831) Pause Young (Normal) (G1 Evacuation Pause) 52M->42M(63M) 4.661ms
Dec 27 14:31:26 untangle-main uvmconsole: [1547683.855s][info][gc] GC(22832) Pause Young (Normal) (G1 Evacuation Pause) 51M->42M(63M) 2.585ms
Dec 27 14:31:45 untangle-main uvmconsole: [1547702.641s][info][gc] GC(22833) Pause Full (System.gc()) 43M->42M(63M) 62.770ms
Dec 27 14:34:06 untangle-main uvmconsole: [1547843.410s][info][gc] GC(22834) Pause Young (Normal) (G1 Evacuation Pause) 52M->42M(63M) 5.386ms
Dec 27 14:36:26 untangle-main uvmconsole: [1547983.408s][info][gc] GC(22835) Pause Young (Normal) (G1 Evacuation Pause) 51M->42M(63M) 5.937ms
Dec 27 14:36:45 untangle-main uvmconsole: [1548002.638s][info][gc] GC(22836) Pause Full (System.gc()) 43M->42M(63M) 60.427ms
Dec 27 14:38:52 untangle-main uvmconsole: [1548129.489s][info][gc] GC(22837) Pause Young (Normal) (G1 Evacuation Pause) 51M->42M(63M) 5.898ms
Dec 27 14:40:46 untangle-main uvmconsole: [1548243.405s][info][gc] GC(22838) Pause Young (Normal) (G1 Evacuation Pause) 50M->42M(63M) 4.207ms
Dec 27 14:41:45 untangle-main uvmconsole: [1548302.622s][info][gc] GC(22839) Pause Full (System.gc()) 46M->42M(63M) 43.761ms
Dec 27 14:44:06 untangle-main uvmconsole: [1548444.037s][info][gc] GC(22840) Pause Young (Normal) (G1 Evacuation Pause) 52M->42M(63M) 7.619ms
Dec 27 14:46:26 untangle-main uvmconsole: [1548583.410s][info][gc] GC(22841) Pause Young (Normal) (G1 Evacuation Pause) 51M->42M(63M) 6.058ms
Dec 27 14:46:45 untangle-main uvmconsole: [1548602.642s][info][gc] GC(22842) Pause Full (System.gc()) 43M->42M(63M) 65.707ms
Dec 27 14:49:07 untangle-main uvmconsole: [1548745.300s][info][gc] GC(22843) Pause Young (Normal) (G1 Evacuation Pause) 52M->42M(63M) 5.845ms
Dec 27 14:51:16 untangle-main uvmconsole: [1548873.414s][info][gc] GC(22844) Pause Young (Normal) (G1 Evacuation Pause) 51M->42M(63M) 6.438ms
Dec 27 14:51:45 untangle-main uvmconsole: [1548902.643s][info][gc] GC(22845) Pause Full (System.gc()) 43M->42M(63M) 65.393ms
Dec 27 14:53:56 untangle-main uvmconsole: [1549033.404s][info][gc] GC(22846) Pause Young (Normal) (G1 Evacuation Pause) 51M->42M(63M) 3.817ms
Dec 27 14:55:56 untangle-main uvmconsole: [1549153.404s][info][gc] GC(22847) Pause Young (Normal) (G1 Evacuation Pause) 50M->42M(63M) 1.522ms
Dec 27 14:56:45 untangle-main uvmconsole: [1549202.646s][info][gc] GC(22848) Pause Full (System.gc()) 45M->42M(63M) 67.400ms
Dec 27 14:59:06 untangle-main uvmconsole: [1549343.402s][info][gc] GC(22849) Pause Young (Normal) (G1 Evacuation Pause) 52M->42M(63M) 2.172ms
Dec 27 15:01:16 untangle-main uvmconsole: [1549473.401s][info][gc] GC(22850) Pause Young (Normal) (G1 Evacuation Pause) 51M->42M(63M) 1.828ms
Dec 27 15:01:45 untangle-main uvmconsole: [1549502.641s][info][gc] GC(22851) Pause Full (System.gc()) 43M->42M(63M) 61.771ms
Dec 27 15:03:56 untangle-main uvmconsole: [1549633.433s][info][gc] GC(22852) Pause Young (Normal) (G1 Evacuation Pause) 51M->42M(63M) 33.173ms
Dec 27 15:05:56 untangle-main uvmconsole: [1549753.415s][info][gc] GC(22853) Pause Young (Normal) (G1 Evacuation Pause) 50M->42M(63M) 8.004ms
Dec 27 15:06:45 untangle-main uvmconsole: [1549802.653s][info][gc] GC(22854) Pause Full (System.gc()) 45M->42M(63M) 74.589ms
Dec 27 15:08:56 untangle-main uvmconsole: [1549933.403s][info][gc] GC(22855) Pause Young (Normal) (G1 Evacuation Pause) 52M->42M(63M) 1.682ms
Dec 27 15:11:13 untangle-main uvmconsole: [1550070.736s][info][gc] GC(22856) Pause Young (Normal) (G1 Evacuation Pause) 51M->42M(63M) 3.390ms
Dec 27 15:11:45 untangle-main uvmconsole: [1550102.625s][info][gc] GC(22857) Pause Full (System.gc()) 44M->42M(63M) 49.336ms
Dec 27 15:14:10 untangle-main uvmconsole: [1550247.696s][info][gc] GC(22858) Pause Young (Normal) (G1 Evacuation Pause) 52M->42M(63M) 4.743ms
Dec 27 15:16:26 untangle-main uvmconsole: [1550383.410s][info][gc] GC(22859) Pause Young (Normal) (G1 Evacuation Pause) 51M->42M(63M) 6.155ms
Dec 27 15:16:45 untangle-main uvmconsole: [1550402.640s][info][gc] GC(22860) Pause Full (System.gc()) 43M->42M(63M) 61.836ms
Dec 27 15:18:49 untangle-main uvmconsole: [1550526.621s][info][gc] GC(22861) Pause Young (Normal) (G1 Evacuation Pause) 51M->42M(63M) 2.989ms
Dec 27 15:20:54 untangle-main uvmconsole: [1550651.749s][info][gc] GC(22862) Pause Young (Normal) (G1 Evacuation Pause) 50M->42M(63M) 3.960ms
Dec 27 15:21:45 untangle-main uvmconsole: [1550702.624s][info][gc] GC(22863) Pause Full (System.gc()) 45M->42M(63M) 47.637ms
Dec 27 15:23:43 untangle-main uvmconsole: [1550820.652s][info][gc] GC(22864) Pause Young (Normal) (G1 Evacuation Pause) 50M->42M(63M) 4.167ms
Dec 27 15:25:24 untangle-main uvmconsole: [1550922.042s][info][gc] GC(22865) Pause Young (Normal) (G1 Evacuation Pause) 49M->42M(63M) 6.241ms
Dec 27 15:26:45 untangle-main uvmconsole: [1551002.616s][info][gc] GC(22866) Pause Full (System.gc()) 47M->42M(63M) 37.183ms
Dec 27 15:29:16 untangle-main uvmconsole: [1551153.405s][info][gc] GC(22867) Pause Young (Normal) (G1 Evacuation Pause) 52M->42M(63M) 5.164ms
Dec 27 15:31:31 untangle-main uvmconsole: [1551288.520s][info][gc] GC(22868) Pause Young (Normal) (G1 Evacuation Pause) 51M->42M(63M) 5.412ms
Dec 27 15:31:45 untangle-main uvmconsole: [1551302.637s][info][gc] GC(22869) Pause Full (System.gc()) 43M->42M(63M) 60.808ms
Dec 27 15:33:56 untangle-main uvmconsole: [1551433.410s][info][gc] GC(22870) Pause Young (Normal) (G1 Evacuation Pause) 51M->42M(63M) 5.263ms
Dec 27 15:35:53 untangle-main uvmconsole: [1551551.208s][info][gc] GC(22871) Pause Young (Normal) (G1 Evacuation Pause) 50M->42M(63M) 2.552ms
Dec 27 15:36:45 untangle-main uvmconsole: [1551602.638s][info][gc] GC(22872) Pause Full (System.gc()) 45M->42M(63M) 59.240ms
Dec 27 15:39:06 untangle-main uvmconsole: [1551743.406s][info][gc] GC(22873) Pause Young (Normal) (G1 Evacuation Pause) 52M->42M(63M) 4.790ms
Dec 27 15:41:16 untangle-main uvmconsole: [1551874.275s][info][gc] GC(22874) Pause Young (Normal) (G1 Evacuation Pause) 51M->42M(63M) 5.950ms
Dec 27 15:41:45 untangle-main uvmconsole: [1551902.622s][info][gc] GC(22875) Pause Full (System.gc()) 44M->42M(63M) 44.009ms
Dec 27 15:43:56 untangle-main uvmconsole: [1552033.411s][info][gc] GC(22876) Pause Young (Normal) (G1 Evacuation Pause) 51M->42M(63M) 7.728ms
Dec 27 15:45:56 untangle-main uvmconsole: [1552153.408s][info][gc] GC(22877) Pause Young (Normal) (G1 Evacuation Pause) 50M->42M(63M) 7.457ms
Dec 27 15:46:45 untangle-main uvmconsole: [1552202.639s][info][gc] GC(22878) Pause Full (System.gc()) 45M->42M(63M) 60.080ms
Dec 27 15:49:07 untangle-main uvmconsole: [1552345.086s][info][gc] GC(22879) Pause Young (Normal) (G1 Evacuation Pause) 52M->42M(63M) 15.809ms
Dec 27 15:51:26 untangle-main uvmconsole: [1552483.404s][info][gc] GC(22880) Pause Young (Normal) (G1 Evacuation Pause) 51M->42M(63M) 5.254ms
Dec 27 15:51:45 untangle-main uvmconsole: [1552502.641s][info][gc] GC(22881) Pause Full (System.gc()) 43M->42M(63M) 61.728ms
Dec 27 15:54:06 untangle-main uvmconsole: [1552643.403s][info][gc] GC(22882) Pause Young (Normal) (G1 Evacuation Pause) 52M->42M(63M) 2.156ms
Dec 27 15:56:26 untangle-main uvmconsole: [1552783.412s][info][gc] GC(22883) Pause Young (Normal) (G1 Evacuation Pause) 51M->42M(63M) 5.922ms
Dec 27 15:56:45 untangle-main uvmconsole: [1552802.640s][info][gc] GC(22884) Pause Full (System.gc()) 43M->42M(63M) 62.557ms
Dec 27 15:59:09 untangle-main uvmconsole: [1552946.532s][info][gc] GC(22885) Pause Young (Normal) (G1 Evacuation Pause) 52M->42M(63M) 4.740ms
Dec 27 16:01:26 untangle-main uvmconsole: [1553083.408s][info][gc] GC(22886) Pause Young (Normal) (G1 Evacuation Pause) 51M->42M(63M) 4.551ms
Dec 27 16:01:45 untangle-main uvmconsole: [1553102.617s][info][gc] GC(22887) Pause Full (System.gc()) 43M->42M(63M) 40.385ms
Dec 27 16:04:07 untangle-main uvmconsole: [1553244.604s][info][gc] GC(22888) Pause Young (Normal) (G1 Evacuation Pause) 52M->42M(63M) 7.225ms
Dec 27 16:06:26 untangle-main uvmconsole: [1553383.408s][info][gc] GC(22889) Pause Young (Normal) (G1 Evacuation Pause) 51M->42M(63M) 6.964ms
Dec 27 16:06:45 untangle-main uvmconsole: [1553402.615s][info][gc] GC(22890) Pause Full (System.gc()) 43M->42M(63M) 38.500ms
Dec 27 16:08:50 untangle-main uvmconsole: [1553528.185s][info][gc] GC(22891) Pause Young (Normal) (G1 Evacuation Pause) 51M->42M(63M) 4.060ms
Dec 27 16:10:46 untangle-main uvmconsole: [1553643.409s][info][gc] GC(22892) Pause Young (Normal) (G1 Evacuation Pause) 50M->42M(63M) 5.043ms
Dec 27 16:11:45 untangle-main uvmconsole: [1553702.653s][info][gc] GC(22893) Pause Full (System.gc()) 46M->42M(63M) 77.130ms
Dec 27 16:13:56 untangle-main uvmconsole: [1553833.505s][info][gc] GC(22894) Pause Young (Normal) (G1 Evacuation Pause) 51M->42M(63M) 6.362ms
Dec 27 16:16:01 untangle-main uvmconsole: [1553958.432s][info][gc] GC(22895) Pause Young (Normal) (G1 Evacuation Pause) 50M->42M(63M) 5.201ms
Dec 27 16:16:45 untangle-main uvmconsole: [1554002.623s][info][gc] GC(22896) Pause Full (System.gc()) 45M->42M(63M) 46.027ms
Dec 27 16:18:56 untangle-main uvmconsole: [1554133.410s][info][gc] GC(22897) Pause Young (Normal) (G1 Evacuation Pause) 51M->42M(63M) 4.020ms
Dec 27 16:20:56 untangle-main uvmconsole: [1554253.403s][info][gc] GC(22898) Pause Young (Normal) (G1 Evacuation Pause) 50M->42M(63M) 4.360ms
Dec 27 16:21:45 untangle-main uvmconsole: [1554302.641s][info][gc] GC(22899) Pause Full (System.gc()) 45M->42M(63M) 62.429ms
Dec 27 16:24:12 untangle-main uvmconsole: [1554450.374s][info][gc] GC(22900) Pause Young (Normal) (G1 Evacuation Pause) 52M->42M(63M) 4.068ms
Dec 27 16:26:26 untangle-main uvmconsole: [1554583.421s][info][gc] GC(22901) Pause Young (Normal) (G1 Evacuation Pause) 51M->42M(63M) 21.034ms
Dec 27 16:26:45 untangle-main uvmconsole: [1554602.636s][info][gc] GC(22902) Pause Full (System.gc()) 43M->42M(63M) 59.116ms
Dec 27 16:28:56 untangle-main uvmconsole: [1554733.407s][info][gc] GC(22903) Pause Young (Normal) (G1 Evacuation Pause) 51M->42M(63M) 5.107ms
Dec 27 16:30:56 untangle-main uvmconsole: [1554853.412s][info][gc] GC(22904) Pause Young (Normal) (G1 Evacuation Pause) 50M->42M(63M) 6.602ms
Dec 27 16:31:45 untangle-main uvmconsole: [1554902.641s][info][gc] GC(22905) Pause Full (System.gc()) 45M->42M(63M) 63.512ms
Dec 27 16:34:16 untangle-main uvmconsole: [1555053.401s][info][gc] GC(22906) Pause Young (Normal) (G1 Evacuation Pause) 52M->42M(63M) 2.554ms
Dec 27 16:36:36 untangle-main uvmconsole: [1555193.406s][info][gc] GC(22907) Pause Young (Normal) (G1 Evacuation Pause) 51M->42M(63M) 6.971ms
Dec 27 16:36:45 untangle-main uvmconsole: [1555202.633s][info][gc] GC(22908) Pause Full (System.gc()) 43M->42M(63M) 55.205ms
Dec 27 16:38:59 untangle-main uvmconsole: [1555336.821s][info][gc] GC(22909) Pause Young (Normal) (G1 Evacuation Pause) 52M->42M(63M) 7.021ms
Dec 27 16:41:16 untangle-main uvmconsole: [1555473.411s][info][gc] GC(22910) Pause Young (Normal) (G1 Evacuation Pause) 51M->42M(63M) 6.869ms
Dec 27 16:41:45 untangle-main uvmconsole: [1555502.634s][info][gc] GC(22911) Pause Full (System.gc()) 44M->42M(63M) 57.938ms
Dec 27 16:44:07 untangle-main uvmconsole: [1555645.089s][info][gc] GC(22912) Pause Young (Normal) (G1 Evacuation Pause) 52M->42M(63M) 2.362ms
Dec 27 16:46:22 untangle-main uvmconsole: [1555779.447s][info][gc] GC(22913) Pause Young (Normal) (G1 Evacuation Pause) 51M->42M(63M) 7.235ms
Dec 27 16:46:45 untangle-main uvmconsole: [1555802.637s][info][gc] GC(22914) Pause Full (System.gc()) 43M->42M(63M) 59.366ms
Dec 27 16:49:16 untangle-main uvmconsole: [1555953.400s][info][gc] GC(22915) Pause Young (Normal) (G1 Evacuation Pause) 52M->42M(63M) 1.593ms
Dec 27 16:51:36 untangle-main uvmconsole: [1556093.407s][info][gc] GC(22916) Pause Young (Normal) (G1 Evacuation Pause) 51M->42M(63M) 6.265ms
Dec 27 16:51:45 untangle-main uvmconsole: [1556102.635s][info][gc] GC(22917) Pause Full (System.gc()) 42M->42M(63M) 57.030ms
Dec 27 16:54:16 untangle-main uvmconsole: [1556253.405s][info][gc] GC(22918) Pause Young (Normal) (G1 Evacuation Pause) 52M->42M(63M) 5.657ms
Dec 27 16:56:30 untangle-main uvmconsole: [1556387.913s][info][gc] GC(22919) Pause Young (Normal) (G1 Evacuation Pause) 51M->42M(63M) 2.584ms
Dec 27 16:56:45 untangle-main uvmconsole: [1556402.634s][info][gc] GC(22920) Pause Full (System.gc()) 43M->42M(63M) 55.532ms
Dec 27 16:59:15 untangle-main uvmconsole: [1556552.398s][info][gc] GC(22921) Pause Young (Normal) (G1 Evacuation Pause) 52M->42M(63M) 6.068ms
Dec 27 17:01:26 untangle-main uvmconsole: [1556683.407s][info][gc] GC(22922) Pause Young (Normal) (G1 Evacuation Pause) 51M->42M(63M) 4.620ms
Dec 27 17:01:45 untangle-main uvmconsole: [1556702.640s][info][gc] GC(22923) Pause Full (System.gc()) 43M->42M(63M) 62.968ms
Dec 27 17:04:06 untangle-main uvmconsole: [1556843.412s][info][gc] GC(22924) Pause Young (Normal) (G1 Evacuation Pause) 52M->42M(63M) 5.005ms
Dec 27 17:06:26 untangle-main uvmconsole: [1556983.408s][info][gc] GC(22925) Pause Young (Normal) (G1 Evacuation Pause) 51M->42M(63M) 3.981ms
Dec 27 17:06:45 untangle-main uvmconsole: [1557002.615s][info][gc] GC(22926) Pause Full (System.gc()) 43M->42M(63M) 38.306ms
Dec 27 17:09:06 untangle-main uvmconsole: [1557143.408s][info][gc] GC(22927) Pause Young (Normal) (G1 Evacuation Pause) 52M->42M(63M) 4.573ms
Dec 27 17:11:25 untangle-main uvmconsole: [1557283.105s][info][gc] GC(22928) Pause Young (Normal) (G1 Evacuation Pause) 51M->42M(63M) 6.740ms
Dec 27 17:11:45 untangle-main uvmconsole: [1557302.642s][info][gc] GC(22929) Pause Full (System.gc()) 43M->42M(63M) 64.826ms
Dec 27 17:14:16 untangle-main uvmconsole: [1557453.405s][info][gc] GC(22930) Pause Young (Normal) (G1 Evacuation Pause) 52M->42M(63M) 4.722ms
Dec 27 17:16:26 untangle-main uvmconsole: [1557584.301s][info][gc] GC(22931) Pause Young (Normal) (G1 Evacuation Pause) 51M->42M(63M) 5.414ms
Dec 27 17:16:45 untangle-main uvmconsole: [1557602.643s][info][gc] GC(22932) Pause Full (System.gc()) 43M->42M(63M) 63.718ms
Dec 27 17:19:06 untangle-main uvmconsole: [1557743.402s][info][gc] GC(22933) Pause Young (Normal) (G1 Evacuation Pause) 52M->42M(63M) 2.152ms
Dec 27 17:21:16 untangle-main uvmconsole: [1557873.475s][info][gc] GC(22934) Pause Young (Normal) (G1 Evacuation Pause) 51M->42M(63M) 3.268ms
Dec 27 17:21:45 untangle-main uvmconsole: [1557902.644s][info][gc] GC(22935) Pause Full (System.gc()) 43M->42M(63M) 66.908ms
Dec 27 17:23:56 untangle-main uvmconsole: [1558033.674s][info][gc] GC(22936) Pause Young (Normal) (G1 Evacuation Pause) 51M->42M(63M) 2.140ms
Dec 27 17:26:03 untangle-main uvmconsole: [1558160.700s][info][gc] GC(22937) Pause Young (Normal) (G1 Evacuation Pause) 50M->42M(63M) 4.261ms
Dec 27 17:26:45 untangle-main uvmconsole: [1558202.638s][info][gc] GC(22938) Pause Full (System.gc()) 45M->42M(63M) 60.875ms
Dec 27 17:29:11 untangle-main uvmconsole: [1558348.484s][info][gc] GC(22939) Pause Young (Normal) (G1 Evacuation Pause) 52M->42M(63M) 3.889ms
Dec 27 17:31:26 untangle-main uvmconsole: [1558483.406s][info][gc] GC(22940) Pause Young (Normal) (G1 Evacuation Pause) 51M->42M(63M) 2.860ms
Dec 27 17:31:45 untangle-main uvmconsole: [1558502.618s][info][gc] GC(22941) Pause Full (System.gc()) 43M->42M(63M) 39.244ms
Dec 27 17:34:29 untangle-main uvmconsole: [1558666.865s][info][gc] GC(22942) Pause Young (Normal) (G1 Evacuation Pause) 53M->42M(63M) 4.407ms
Dec 27 17:36:45 untangle-main uvmconsole: [1558802.619s][info][gc] GC(22943) Pause Full (System.gc()) 51M->42M(63M) 42.510ms
Dec 27 17:38:57 untangle-main uvmconsole: [1558934.615s][info][gc] GC(22944) Pause Young (Normal) (G1 Evacuation Pause) 52M->42M(63M) 2.596ms
Dec 27 17:41:16 untangle-main uvmconsole: [1559073.409s][info][gc] GC(22945) Pause Young (Normal) (G1 Evacuation Pause) 51M->42M(63M) 7.079ms
Dec 27 17:41:45 untangle-main uvmconsole: [1559102.640s][info][gc] GC(22946) Pause Full (System.gc()) 44M->42M(63M) 62.077ms
Dec 27 17:44:16 untangle-main uvmconsole: [1559253.402s][info][gc] GC(22947) Pause Young (Normal) (G1 Evacuation Pause) 52M->42M(63M) 3.846ms
Dec 27 17:46:27 untangle-main uvmconsole: [1559384.938s][info][gc] GC(22948) Pause Young (Normal) (G1 Evacuation Pause) 51M->42M(63M) 1.894ms
Dec 27 17:46:45 untangle-main uvmconsole: [1559402.639s][info][gc] GC(22949) Pause Full (System.gc()) 43M->42M(63M) 61.920ms
Dec 27 17:49:16 untangle-main uvmconsole: [1559553.401s][info][gc] GC(22950) Pause Young (Normal) (G1 Evacuation Pause) 52M->42M(63M) 3.802ms
Dec 27 17:51:35 untangle-main uvmconsole: [1559692.438s][info][gc] GC(22951) Pause Young (Normal) (G1 Evacuation Pause) 51M->42M(63M) 6.244ms
Dec 27 17:51:45 untangle-main uvmconsole: [1559702.634s][info][gc] GC(22952) Pause Full (System.gc()) 43M->42M(63M) 57.016ms
Dec 27 17:54:06 untangle-main uvmconsole: [1559843.412s][info][gc] GC(22953) Pause Young (Normal) (G1 Evacuation Pause) 52M->42M(63M) 6.049ms
Dec 27 17:56:16 untangle-main uvmconsole: [1559973.772s][info][gc] GC(22954) Pause Young (Normal) (G1 Evacuation Pause) 51M->42M(63M) 8.085ms
Dec 27 17:56:45 untangle-main uvmconsole: [1560002.629s][info][gc] GC(22955) Pause Full (System.gc()) 43M->42M(63M) 50.853ms
Dec 27 17:58:56 untangle-main uvmconsole: [1560133.412s][info][gc] GC(22956) Pause Young (Normal) (G1 Evacuation Pause) 51M->42M(63M) 5.053ms
Dec 27 18:01:00 untangle-main uvmconsole: [1560258.379s][info][gc] GC(22957) Pause Young (Normal) (G1 Evacuation Pause) 50M->42M(63M) 5.253ms
Dec 27 18:01:45 untangle-main uvmconsole: [1560302.632s][info][gc] GC(22958) Pause Full (System.gc()) 45M->42M(63M) 54.794ms
Dec 27 18:04:08 untangle-main uvmconsole: [1560446.067s][info][gc] GC(22959) Pause Young (Normal) (G1 Evacuation Pause) 52M->42M(63M) 4.100ms
Dec 27 18:06:26 untangle-main uvmconsole: [1560583.414s][info][gc] GC(22960) Pause Young (Normal) (G1 Evacuation Pause) 51M->42M(63M) 4.945ms
Dec 27 18:06:45 untangle-main uvmconsole: [1560602.617s][info][gc] GC(22961) Pause Full (System.gc()) 43M->42M(63M) 39.673ms
Dec 27 18:08:56 untangle-main uvmconsole: [1560733.407s][info][gc] GC(22962) Pause Young (Normal) (G1 Evacuation Pause) 51M->42M(63M) 7.491ms
Dec 27 18:10:49 untangle-main uvmconsole: [1560846.454s][info][gc] GC(22963) Pause Young (Normal) (G1 Evacuation Pause) 50M->42M(63M) 6.812ms
Dec 27 18:11:45 untangle-main uvmconsole: [1560902.644s][info][gc] GC(22964) Pause Full (System.gc()) 45M->42M(63M) 63.803ms
Dec 27 18:13:36 untangle-main uvmconsole: [1561013.410s][info][gc] GC(22965) Pause Young (Normal) (G1 Evacuation Pause) 50M->42M(63M) 4.575ms
Dec 27 18:15:26 untangle-main uvmconsole: [1561123.407s][info][gc] GC(22966) Pause Young (Normal) (G1 Evacuation Pause) 49M->42M(63M) 5.810ms
Dec 27 18:16:45 untangle-main uvmconsole: [1561202.645s][info][gc] GC(22967) Pause Full (System.gc()) 47M->42M(63M) 66.612ms
Dec 27 18:18:56 untangle-main uvmconsole: [1561333.404s][info][gc] GC(22968) Pause Young (Normal) (G1 Evacuation Pause) 51M->42M(63M) 3.870ms
Dec 27 18:20:56 untangle-main uvmconsole: [1561453.436s][info][gc] GC(22969) Pause Young (Normal) (G1 Evacuation Pause) 50M->42M(63M) 21.868ms
Dec 27 18:21:45 untangle-main uvmconsole: [1561502.644s][info][gc] GC(22970) Pause Full (System.gc()) 45M->42M(63M) 64.827ms
Dec 27 18:23:56 untangle-main uvmconsole: [1561633.413s][info][gc] GC(22971) Pause Young (Normal) (G1 Evacuation Pause) 51M->42M(63M) 4.230ms
Dec 27 18:26:02 untangle-main uvmconsole: [1561759.725s][info][gc] GC(22972) Pause Young (Normal) (G1 Evacuation Pause) 50M->42M(63M) 3.118ms
Dec 27 18:26:45 untangle-main uvmconsole: [1561802.645s][info][gc] GC(22973) Pause Full (System.gc()) 45M->42M(63M) 68.166ms
Dec 27 18:28:36 untangle-main uvmconsole: [1561913.413s][info][gc] GC(22974) Pause Young (Normal) (G1 Evacuation Pause) 50M->42M(63M) 5.885ms
Dec 27 18:30:21 untangle-main uvmconsole: [1562018.472s][info][gc] GC(22975) Pause Young (Normal) (G1 Evacuation Pause) 49M->42M(63M) 3.432ms
Dec 27 18:31:45 untangle-main uvmconsole: [1562102.645s][info][gc] GC(22976) Pause Full (System.gc()) 47M->42M(63M) 66.714ms
Dec 27 18:33:56 untangle-main uvmconsole: [1562233.415s][info][gc] GC(22977) Pause Young (Normal) (G1 Evacuation Pause) 51M->42M(63M) 4.846ms
Dec 27 18:35:56 untangle-main uvmconsole: [1562353.409s][info][gc] GC(22978) Pause Young (Normal) (G1 Evacuation Pause) 50M->42M(63M) 3.335ms
Dec 27 18:36:45 untangle-main uvmconsole: [1562402.617s][info][gc] GC(22979) Pause Full (System.gc()) 45M->42M(63M) 41.037ms
Dec 27 18:39:05 untangle-main uvmconsole: [1562543.108s][info][gc] GC(22980) Pause Young (Normal) (G1 Evacuation Pause) 52M->42M(63M) 1.926ms
Dec 27 18:41:16 untangle-main uvmconsole: [1562673.640s][info][gc] GC(22981) Pause Young (Normal) (G1 Evacuation Pause) 51M->42M(63M) 6.030ms
Dec 27 18:41:45 untangle-main uvmconsole: [1562702.640s][info][gc] GC(22982) Pause Full (System.gc()) 43M->42M(63M) 60.979ms
Dec 27 18:44:16 untangle-main uvmconsole: [1562853.406s][info][gc] GC(22983) Pause Young (Normal) (G1 Evacuation Pause) 52M->42M(63M) 4.432ms
Dec 27 18:46:26 untangle-main uvmconsole: [1562983.406s][info][gc] GC(22984) Pause Young (Normal) (G1 Evacuation Pause) 51M->42M(63M) 3.863ms
Dec 27 18:46:45 untangle-main uvmconsole: [1563002.625s][info][gc] GC(22985) Pause Full (System.gc()) 43M->42M(63M) 48.827ms
Dec 27 18:49:06 untangle-main uvmconsole: [1563143.401s][info][gc] GC(22986) Pause Young (Normal) (G1 Evacuation Pause) 52M->42M(63M) 1.938ms
Dec 27 18:51:26 untangle-main uvmconsole: [1563283.412s][info][gc] GC(22987) Pause Young (Normal) (G1 Evacuation Pause) 51M->42M(63M) 6.039ms
Dec 27 18:51:45 untangle-main uvmconsole: [1563302.638s][info][gc] GC(22988) Pause Full (System.gc()) 43M->42M(63M) 60.594ms
Dec 27 18:54:16 untangle-main uvmconsole: [1563453.405s][info][gc] GC(22989) Pause Young (Normal) (G1 Evacuation Pause) 52M->42M(63M) 4.753ms
Dec 27 18:56:26 untangle-main uvmconsole: [1563583.595s][info][gc] GC(22990) Pause Young (Normal) (G1 Evacuation Pause) 51M->42M(63M) 5.184ms
Dec 27 18:56:45 untangle-main uvmconsole: [1563602.635s][info][gc] GC(22991) Pause Full (System.gc()) 43M->42M(63M) 57.689ms
Dec 27 18:59:06 untangle-main uvmconsole: [1563743.688s][info][gc] GC(22992) Pause Young (Normal) (G1 Evacuation Pause) 52M->42M(63M) 4.358ms
Dec 27 19:01:26 untangle-main uvmconsole: [1563883.412s][info][gc] GC(22993) Pause Young (Normal) (G1 Evacuation Pause) 51M->42M(63M) 6.483ms
Dec 27 19:01:45 untangle-main uvmconsole: [1563902.640s][info][gc] GC(22994) Pause Full (System.gc()) 43M->42M(63M) 62.089ms
Dec 27 19:04:06 untangle-main uvmconsole: [1564043.862s][info][gc] GC(22995) Pause Young (Normal) (G1 Evacuation Pause) 52M->42M(63M) 8.004ms
Dec 27 19:06:19 untangle-main uvmconsole: [1564176.429s][info][gc] GC(22996) Pause Young (Normal) (G1 Evacuation Pause) 51M->42M(63M) 5.488ms
Dec 27 19:06:45 untangle-main uvmconsole: [1564202.616s][info][gc] GC(22997) Pause Full (System.gc()) 43M->42M(63M) 40.444ms
Dec 27 19:08:56 untangle-main uvmconsole: [1564333.404s][info][gc] GC(22998) Pause Young (Normal) (G1 Evacuation Pause) 51M->42M(63M) 4.141ms
Dec 27 19:10:56 untangle-main uvmconsole: [1564453.405s][info][gc] GC(22999) Pause Young (Normal) (G1 Evacuation Pause) 50M->42M(63M) 4.231ms
Dec 27 19:11:45 untangle-main uvmconsole: [1564502.632s][info][gc] GC(23000) Pause Full (System.gc()) 45M->42M(63M) 55.208ms
Dec 27 19:13:56 untangle-main uvmconsole: [1564633.413s][info][gc] GC(23001) Pause Young (Normal) (G1 Evacuation Pause) 51M->42M(63M) 6.221ms
Dec 27 19:15:56 untangle-main uvmconsole: [1564753.408s][info][gc] GC(23002) Pause Young (Normal) (G1 Evacuation Pause) 50M->42M(63M) 4.233ms
Dec 27 19:16:45 untangle-main uvmconsole: [1564802.646s][info][gc] GC(23003) Pause Full (System.gc()) 45M->42M(63M) 68.730ms
Dec 27 19:18:56 untangle-main uvmconsole: [1564933.412s][info][gc] GC(23004) Pause Young (Normal) (G1 Evacuation Pause) 51M->42M(63M) 8.291ms
Dec 27 19:20:56 untangle-main uvmconsole: [1565053.406s][info][gc] GC(23005) Pause Young (Normal) (G1 Evacuation Pause) 50M->42M(63M) 2.642ms
Dec 27 19:21:45 untangle-main uvmconsole: [1565102.652s][info][gc] GC(23006) Pause Full (System.gc()) 45M->42M(63M) 65.536ms
Dec 27 19:24:06 untangle-main uvmconsole: [1565243.551s][info][gc] GC(23007) Pause Young (Normal) (G1 Evacuation Pause) 52M->42M(63M) 5.038ms
Dec 27 19:26:26 untangle-main uvmconsole: [1565383.408s][info][gc] GC(23008) Pause Young (Normal) (G1 Evacuation Pause) 51M->42M(63M) 5.992ms
Dec 27 19:26:45 untangle-main uvmconsole: [1565402.643s][info][gc] GC(23009) Pause Full (System.gc()) 43M->42M(63M) 65.625ms
Dec 27 19:28:56 untangle-main uvmconsole: [1565533.418s][info][gc] GC(23010) Pause Young (Normal) (G1 Evacuation Pause) 51M->42M(63M) 9.375ms
Dec 27 19:30:57 untangle-main uvmconsole: [1565654.781s][info][gc] GC(23011) Pause Young (Normal) (G1 Evacuation Pause) 50M->42M(63M) 4.136ms
Dec 27 19:31:45 untangle-main uvmconsole: [1565702.642s][info][gc] GC(23012) Pause Full (System.gc()) 45M->42M(63M) 62.517ms
Dec 27 19:33:56 untangle-main uvmconsole: [1565833.410s][info][gc] GC(23013) Pause Young (Normal) (G1 Evacuation Pause) 51M->42M(63M) 5.126ms
Dec 27 19:35:56 untangle-main uvmconsole: [1565953.411s][info][gc] GC(23014) Pause Young (Normal) (G1 Evacuation Pause) 50M->42M(63M) 5.142ms
Dec 27 19:36:45 untangle-main uvmconsole: [1566002.633s][info][gc] GC(23015) Pause Full (System.gc()) 45M->42M(63M) 54.550ms
Dec 27 19:39:04 untangle-main uvmconsole: [1566141.780s][info][gc] GC(23016) Pause Young (Normal) (G1 Evacuation Pause) 52M->42M(63M) 7.063ms
Dec 27 19:41:14 untangle-main uvmconsole: [1566271.504s][info][gc] GC(23017) Pause Young (Normal) (G1 Evacuation Pause) 51M->42M(63M) 4.682ms
Dec 27 19:41:45 untangle-main uvmconsole: [1566302.616s][info][gc] GC(23018) Pause Full (System.gc()) 44M->42M(63M) 38.904ms
Dec 27 19:43:56 untangle-main uvmconsole: [1566433.415s][info][gc] GC(23019) Pause Young (Normal) (G1 Evacuation Pause) 51M->42M(63M) 6.364ms
Dec 27 19:45:57 untangle-main uvmconsole: [1566555.240s][info][gc] GC(23020) Pause Young (Normal) (G1 Evacuation Pause) 50M->42M(63M) 29.532ms
Dec 27 19:46:45 untangle-main uvmconsole: [1566602.644s][info][gc] GC(23021) Pause Full (System.gc()) 45M->42M(63M) 66.554ms
Dec 27 19:48:56 untangle-main uvmconsole: [1566733.442s][info][gc] GC(23022) Pause Young (Normal) (G1 Evacuation Pause) 51M->42M(63M) 31.884ms
Dec 27 19:50:56 untangle-main uvmconsole: [1566853.412s][info][gc] GC(23023) Pause Young (Normal) (G1 Evacuation Pause) 50M->42M(63M) 5.229ms
Dec 27 19:51:45 untangle-main uvmconsole: [1566902.634s][info][gc] GC(23024) Pause Full (System.gc()) 45M->42M(63M) 57.572ms
Dec 27 19:53:56 untangle-main uvmconsole: [1567033.413s][info][gc] GC(23025) Pause Young (Normal) (G1 Evacuation Pause) 51M->42M(63M) 4.212ms
Dec 27 19:55:56 untangle-main uvmconsole: [1567153.407s][info][gc] GC(23026) Pause Young (Normal) (G1 Evacuation Pause) 50M->42M(63M) 4.492ms
Dec 27 19:56:45 untangle-main uvmconsole: [1567202.642s][info][gc] GC(23027) Pause Full (System.gc()) 45M->42M(63M) 63.170ms
Dec 27 19:59:06 untangle-main uvmconsole: [1567343.998s][info][gc] GC(23028) Pause Young (Normal) (G1 Evacuation Pause) 52M->42M(63M) 4.626ms
Dec 27 20:01:26 untangle-main uvmconsole: [1567483.410s][info][gc] GC(23029) Pause Young (Normal) (G1 Evacuation Pause) 51M->42M(63M) 4.955ms
Dec 27 20:01:45 untangle-main uvmconsole: [1567502.639s][info][gc] GC(23030) Pause Full (System.gc()) 43M->42M(63M) 62.248ms
Dec 27 20:04:16 untangle-main uvmconsole: [1567653.405s][info][gc] GC(23031) Pause Young (Normal) (G1 Evacuation Pause) 52M->42M(63M) 4.837ms
Dec 27 20:06:36 untangle-main uvmconsole: [1567793.409s][info][gc] GC(23032) Pause Young (Normal) (G1 Evacuation Pause) 51M->42M(63M) 8.153ms
Dec 27 20:06:45 untangle-main uvmconsole: [1567802.631s][info][gc] GC(23033) Pause Full (System.gc()) 42M->42M(63M) 52.326ms
Dec 27 20:09:06 untangle-main uvmconsole: [1567943.402s][info][gc] GC(23034) Pause Young (Normal) (G1 Evacuation Pause) 52M->42M(63M) 1.598ms
Dec 27 20:11:20 untangle-main uvmconsole: [1568077.806s][info][gc] GC(23035) Pause Young (Normal) (G1 Evacuation Pause) 51M->42M(63M) 5.393ms
Dec 27 20:11:45 untangle-main uvmconsole: [1568102.636s][info][gc] GC(23036) Pause Full (System.gc()) 43M->42M(63M) 59.432ms
Dec 27 20:13:56 untangle-main uvmconsole: [1568233.404s][info][gc] GC(23037) Pause Young (Normal) (G1 Evacuation Pause) 51M->42M(63M) 3.693ms
Dec 27 20:15:46 untangle-main uvmconsole: [1568344.194s][info][gc] GC(23038) Pause Young (Normal) (G1 Evacuation Pause) 50M->42M(63M) 4.408ms
Dec 27 20:16:45 untangle-main uvmconsole: [1568402.640s][info][gc] GC(23039) Pause Full (System.gc()) 45M->42M(63M) 63.468ms
Dec 27 20:19:16 untangle-main uvmconsole: [1568553.406s][info][gc] GC(23040) Pause Young (Normal) (G1 Evacuation Pause) 52M->42M(63M) 5.018ms
Dec 27 20:21:31 untangle-main uvmconsole: [1568689.367s][info][gc] GC(23041) Pause Young (Normal) (G1 Evacuation Pause) 51M->42M(63M) 4.389ms
Dec 27 20:21:45 untangle-main uvmconsole: [1568702.646s][info][gc] GC(23042) Pause Full (System.gc()) 43M->42M(63M) 69.217ms
Dec 27 20:24:16 untangle-main uvmconsole: [1568853.406s][info][gc] GC(23043) Pause Young (Normal) (G1 Evacuation Pause) 52M->42M(63M) 5.203ms
Dec 27 20:26:26 untangle-main uvmconsole: [1568983.957s][info][gc] GC(23044) Pause Young (Normal) (G1 Evacuation Pause) 51M->42M(63M) 4.780ms
Dec 27 20:26:45 untangle-main uvmconsole: [1569002.642s][info][gc] GC(23045) Pause Full (System.gc()) 43M->42M(63M) 64.925ms
Dec 27 20:29:16 untangle-main uvmconsole: [1569153.404s][info][gc] GC(23046) Pause Young (Normal) (G1 Evacuation Pause) 52M->42M(63M) 4.453ms
Dec 27 20:31:26 untangle-main uvmconsole: [1569283.412s][info][gc] GC(23047) Pause Young (Normal) (G1 Evacuation Pause) 51M->42M(63M) 5.472ms
Dec 27 20:31:45 untangle-main uvmconsole: [1569302.621s][info][gc] GC(23048) Pause Full (System.gc()) 43M->42M(63M) 44.426ms
Dec 27 20:34:06 untangle-main uvmconsole: [1569443.409s][info][gc] GC(23049) Pause Young (Normal) (G1 Evacuation Pause) 52M->42M(63M) 4.532ms
Dec 27 20:36:19 untangle-main uvmconsole: [1569576.837s][info][gc] GC(23050) Pause Young (Normal) (G1 Evacuation Pause) 51M->42M(63M) 3.689ms
Dec 27 20:36:45 untangle-main uvmconsole: [1569602.651s][info][gc] GC(23051) Pause Full (System.gc()) 43M->42M(63M) 71.278ms
Dec 27 20:38:56 untangle-main uvmconsole: [1569733.406s][info][gc] GC(23052) Pause Young (Normal) (G1 Evacuation Pause) 51M->42M(63M) 7.937ms
Dec 27 20:40:56 untangle-main uvmconsole: [1569853.404s][info][gc] GC(23053) Pause Young (Normal) (G1 Evacuation Pause) 50M->42M(63M) 3.534ms
Dec 27 20:41:45 untangle-main uvmconsole: [1569902.651s][info][gc] GC(23054) Pause Full (System.gc()) 45M->42M(63M) 72.229ms
Dec 27 20:44:09 untangle-main uvmconsole: [1570047.088s][info][gc] GC(23055) Pause Young (Normal) (G1 Evacuation Pause) 52M->42M(63M) 33.491ms
Dec 27 20:46:27 untangle-main uvmconsole: [1570184.558s][info][gc] GC(23056) Pause Young (Normal) (G1 Evacuation Pause) 51M->42M(63M) 4.413ms
Dec 27 20:46:45 untangle-main uvmconsole: [1570202.642s][info][gc] GC(23057) Pause Full (System.gc()) 43M->42M(63M) 61.535ms
Dec 27 20:49:06 untangle-main uvmconsole: [1570343.403s][info][gc] GC(23058) Pause Young (Normal) (G1 Evacuation Pause) 52M->42M(63M) 2.079ms
Dec 27 20:51:17 untangle-main uvmconsole: [1570474.628s][info][gc] GC(23059) Pause Young (Normal) (G1 Evacuation Pause) 51M->42M(63M) 4.039ms
Dec 27 20:51:45 untangle-main uvmconsole: [1570502.640s][info][gc] GC(23060) Pause Full (System.gc()) 43M->42M(63M) 62.067ms
Dec 27 20:54:10 untangle-main uvmconsole: [1570647.408s][info][gc] GC(23061) Pause Young (Normal) (G1 Evacuation Pause) 52M->42M(63M) 4.666ms
Dec 27 20:56:26 untangle-main uvmconsole: [1570783.412s][info][gc] GC(23062) Pause Young (Normal) (G1 Evacuation Pause) 51M->42M(63M) 5.284ms
Dec 27 20:56:45 untangle-main uvmconsole: [1570802.628s][info][gc] GC(23063) Pause Full (System.gc()) 43M->42M(63M) 49.081ms
Dec 27 20:59:16 untangle-main uvmconsole: [1570953.408s][info][gc] GC(23064) Pause Young (Normal) (G1 Evacuation Pause) 52M->42M(63M) 6.877ms
Dec 27 21:01:27 untangle-main uvmconsole: [1571084.835s][info][gc] GC(23065) Pause Young (Normal) (G1 Evacuation Pause) 51M->42M(63M) 5.135ms
Dec 27 21:01:45 untangle-main uvmconsole: [1571102.642s][info][gc] GC(23066) Pause Full (System.gc()) 43M->42M(63M) 62.650ms
Dec 27 21:04:16 untangle-main uvmconsole: [1571253.408s][info][gc] GC(23067) Pause Young (Normal) (G1 Evacuation Pause) 52M->42M(63M) 8.729ms
Dec 27 21:06:27 untangle-main uvmconsole: [1571384.796s][info][gc] GC(23068) Pause Young (Normal) (G1 Evacuation Pause) 51M->42M(63M) 1.552ms
Dec 27 21:06:45 untangle-main uvmconsole: [1571402.633s][info][gc] GC(23069) Pause Full (System.gc()) 43M->42M(63M) 55.494ms
Dec 27 21:08:57 untangle-main uvmconsole: [1571534.760s][info][gc] GC(23070) Pause Young (Normal) (G1 Evacuation Pause) 52M->42M(63M) 1.629ms
Dec 27 21:11:16 untangle-main uvmconsole: [1571673.407s][info][gc] GC(23071) Pause Young (Normal) (G1 Evacuation Pause) 51M->42M(63M) 4.446ms
Dec 27 21:11:45 untangle-main uvmconsole: [1571702.623s][info][gc] GC(23072) Pause Full (System.gc()) 44M->42M(63M) 46.365ms
Dec 27 21:14:10 untangle-main uvmconsole: [1571848.008s][info][gc] GC(23073) Pause Young (Normal) (G1 Evacuation Pause) 52M->42M(63M) 7.135ms
Dec 27 21:16:26 untangle-main uvmconsole: [1571983.439s][info][gc] GC(23074) Pause Young (Normal) (G1 Evacuation Pause) 51M->42M(63M) 29.949ms
Dec 27 21:16:45 untangle-main uvmconsole: [1572002.636s][info][gc] GC(23075) Pause Full (System.gc()) 43M->42M(63M) 59.411ms
Dec 27 21:19:07 untangle-main uvmconsole: [1572144.978s][info][gc] GC(23076) Pause Young (Normal) (G1 Evacuation Pause) 52M->42M(63M) 8.560ms
Dec 27 21:21:26 untangle-main uvmconsole: [1572283.410s][info][gc] GC(23077) Pause Young (Normal) (G1 Evacuation Pause) 51M->42M(63M) 4.958ms
Dec 27 21:21:45 untangle-main uvmconsole: [1572302.640s][info][gc] GC(23078) Pause Full (System.gc()) 43M->42M(63M) 61.722ms
Dec 27 21:23:56 untangle-main uvmconsole: [1572433.412s][info][gc] GC(23079) Pause Young (Normal) (G1 Evacuation Pause) 51M->42M(63M) 4.575ms
Dec 27 21:25:53 untangle-main uvmconsole: [1572550.428s][info][gc] GC(23080) Pause Young (Normal) (G1 Evacuation Pause) 50M->42M(63M) 8.050ms
Dec 27 21:26:45 untangle-main uvmconsole: [1572602.637s][info][gc] GC(23081) Pause Full (System.gc()) 45M->42M(63M) 59.991ms
Dec 27 21:29:26 untangle-main uvmconsole: [1572763.415s][info][gc] GC(23082) Pause Young (Normal) (G1 Evacuation Pause) 53M->42M(63M) 5.565ms
Dec 27 21:31:45 untangle-main uvmconsole: [1572902.640s][info][gc] GC(23083) Pause Full (System.gc()) 51M->42M(63M) 62.180ms
Dec 27 21:34:07 untangle-main uvmconsole: [1573045.162s][info][gc] GC(23084) Pause Young (Normal) (G1 Evacuation Pause) 52M->42M(63M) 7.135ms
Dec 27 21:36:26 untangle-main uvmconsole: [1573183.406s][info][gc] GC(23085) Pause Young (Normal) (G1 Evacuation Pause) 51M->42M(63M) 4.982ms
Dec 27 21:36:45 untangle-main uvmconsole: [1573202.647s][info][gc] GC(23086) Pause Full (System.gc()) 43M->42M(63M) 69.686ms
Dec 27 21:39:06 untangle-main uvmconsole: [1573343.409s][info][gc] GC(23087) Pause Young (Normal) (G1 Evacuation Pause) 52M->42M(63M) 5.088ms
Dec 27 21:41:25 untangle-main uvmconsole: [1573483.086s][info][gc] GC(23088) Pause Young (Normal) (G1 Evacuation Pause) 51M->42M(63M) 2.794ms
Dec 27 21:41:45 untangle-main uvmconsole: [1573502.653s][info][gc] GC(23089) Pause Full (System.gc()) 43M->42M(63M) 74.564ms
Dec 27 21:44:06 untangle-main uvmconsole: [1573643.409s][info][gc] GC(23090) Pause Young (Normal) (G1 Evacuation Pause) 52M->42M(63M) 6.766ms
Dec 27 21:46:26 untangle-main uvmconsole: [1573783.401s][info][gc] GC(23091) Pause Young (Normal) (G1 Evacuation Pause) 51M->42M(63M) 2.212ms
Dec 27 21:46:45 untangle-main uvmconsole: [1573802.647s][info][gc] GC(23092) Pause Full (System.gc()) 43M->42M(63M) 70.353ms
Dec 27 21:48:56 untangle-main uvmconsole: [1573933.415s][info][gc] GC(23093) Pause Young (Normal) (G1 Evacuation Pause) 51M->42M(63M) 7.422ms
Dec 27 21:50:58 untangle-main uvmconsole: [1574056.011s][info][gc] GC(23094) Pause Young (Normal) (G1 Evacuation Pause) 50M->42M(63M) 4.588ms
Dec 27 21:51:45 untangle-main uvmconsole: [1574102.620s][info][gc] GC(23095) Pause Full (System.gc()) 45M->42M(63M) 41.390ms
Dec 27 21:53:56 untangle-main uvmconsole: [1574233.407s][info][gc] GC(23096) Pause Young (Normal) (G1 Evacuation Pause) 51M->42M(63M) 5.879ms
Dec 27 21:55:56 untangle-main uvmconsole: [1574353.410s][info][gc] GC(23097) Pause Young (Normal) (G1 Evacuation Pause) 50M->42M(63M) 4.834ms
Dec 27 21:56:45 untangle-main uvmconsole: [1574402.621s][info][gc] GC(23098) Pause Full (System.gc()) 45M->42M(63M) 44.065ms
Dec 27 21:59:09 untangle-main uvmconsole: [1574546.447s][info][gc] GC(23099) Pause Young (Normal) (G1 Evacuation Pause) 52M->42M(63M) 1.871ms
Dec 27 22:01:16 untangle-main uvmconsole: [1574674.122s][info][gc] GC(23100) Pause Young (Normal) (G1 Evacuation Pause) 51M->42M(63M) 3.963ms
Dec 27 22:01:45 untangle-main uvmconsole: [1574702.642s][info][gc] GC(23101) Pause Full (System.gc()) 43M->42M(63M) 63.616ms
Dec 27 22:03:56 untangle-main uvmconsole: [1574833.402s][info][gc] GC(23102) Pause Young (Normal) (G1 Evacuation Pause) 51M->42M(63M) 1.599ms
Dec 27 22:06:02 untangle-main uvmconsole: [1574959.604s][info][gc] GC(23103) Pause Young (Normal) (G1 Evacuation Pause) 50M->42M(63M) 5.415ms
Dec 27 22:06:45 untangle-main uvmconsole: [1575002.642s][info][gc] GC(23104) Pause Full (System.gc()) 45M->42M(63M) 64.919ms
Dec 27 22:09:06 untangle-main uvmconsole: [1575143.408s][info][gc] GC(23105) Pause Young (Normal) (G1 Evacuation Pause) 52M->42M(63M) 5.423ms
Dec 27 22:11:26 untangle-main uvmconsole: [1575283.405s][info][gc] GC(23106) Pause Young (Normal) (G1 Evacuation Pause) 51M->42M(63M) 5.055ms
Dec 27 22:11:45 untangle-main uvmconsole: [1575302.638s][info][gc] GC(23107) Pause Full (System.gc()) 43M->42M(63M) 62.013ms
Dec 27 22:14:12 untangle-main uvmconsole: [1575449.821s][info][gc] GC(23108) Pause Young (Normal) (G1 Evacuation Pause) 52M->42M(63M) 7.896ms
Dec 27 22:16:26 untangle-main uvmconsole: [1575583.402s][info][gc] GC(23109) Pause Young (Normal) (G1 Evacuation Pause) 51M->42M(63M) 2.218ms
Dec 27 22:16:45 untangle-main uvmconsole: [1575602.641s][info][gc] GC(23110) Pause Full (System.gc()) 43M->42M(63M) 63.791ms
Dec 27 22:19:06 untangle-main uvmconsole: [1575743.410s][info][gc] GC(23111) Pause Young (Normal) (G1 Evacuation Pause) 52M->42M(63M) 5.916ms
Dec 27 22:21:26 untangle-main uvmconsole: [1575883.406s][info][gc] GC(23112) Pause Young (Normal) (G1 Evacuation Pause) 51M->42M(63M) 2.747ms
Dec 27 22:21:45 untangle-main uvmconsole: [1575902.643s][info][gc] GC(23113) Pause Full (System.gc()) 43M->42M(63M) 63.779ms
Dec 27 22:24:16 untangle-main uvmconsole: [1576053.406s][info][gc] GC(23114) Pause Young (Normal) (G1 Evacuation Pause) 52M->42M(63M) 5.272ms
Dec 27 22:26:36 untangle-main uvmconsole: [1576193.406s][info][gc] GC(23115) Pause Young (Normal) (G1 Evacuation Pause) 51M->42M(63M) 7.969ms
Dec 27 22:26:45 untangle-main uvmconsole: [1576202.638s][info][gc] GC(23116) Pause Full (System.gc()) 42M->42M(63M) 59.145ms
Dec 27 22:29:08 untangle-main uvmconsole: [1576345.658s][info][gc] GC(23117) Pause Young (Normal) (G1 Evacuation Pause) 52M->42M(63M) 4.590ms
Dec 27 22:31:26 untangle-main uvmconsole: [1576483.415s][info][gc] GC(23118) Pause Young (Normal) (G1 Evacuation Pause) 51M->42M(63M) 8.639ms
Dec 27 22:31:45 untangle-main uvmconsole: [1576502.641s][info][gc] GC(23119) Pause Full (System.gc()) 43M->42M(63M) 61.680ms
Dec 27 22:33:56 untangle-main uvmconsole: [1576633.413s][info][gc] GC(23120) Pause Young (Normal) (G1 Evacuation Pause) 51M->42M(63M) 9.588ms
Dec 27 22:35:53 untangle-main uvmconsole: [1576750.526s][info][gc] GC(23121) Pause Young (Normal) (G1 Evacuation Pause) 50M->42M(63M) 7.497ms
Dec 27 22:36:45 untangle-main uvmconsole: [1576802.657s][info][gc] GC(23122) Pause Full (System.gc()) 46M->42M(63M) 80.712ms
Dec 27 22:39:06 untangle-main uvmconsole: [1576943.405s][info][gc] GC(23123) Pause Young (Normal) (G1 Evacuation Pause) 52M->42M(63M) 5.157ms
Dec 27 22:41:26 untangle-main uvmconsole: [1577083.405s][info][gc] GC(23124) Pause Young (Normal) (G1 Evacuation Pause) 51M->42M(63M) 4.470ms
Dec 27 22:41:45 untangle-main uvmconsole: [1577102.631s][info][gc] GC(23125) Pause Full (System.gc()) 43M->42M(63M) 53.684ms
Dec 27 22:44:16 untangle-main uvmconsole: [1577253.407s][info][gc] GC(23126) Pause Young (Normal) (G1 Evacuation Pause) 52M->42M(63M) 8.980ms
Dec 27 22:46:35 untangle-main uvmconsole: [1577393.302s][info][gc] GC(23127) Pause Young (Normal) (G1 Evacuation Pause) 51M->42M(63M) 8.914ms
Dec 27 22:46:45 untangle-main uvmconsole: [1577402.647s][info][gc] GC(23128) Pause Full (System.gc()) 43M->42M(63M) 68.363ms
Dec 27 22:49:16 untangle-main uvmconsole: [1577553.404s][info][gc] GC(23129) Pause Young (Normal) (G1 Evacuation Pause) 52M->42M(63M) 5.309ms
Dec 27 22:51:26 untangle-main uvmconsole: [1577684.018s][info][gc] GC(23130) Pause Young (Normal) (G1 Evacuation Pause) 51M->42M(63M) 4.118ms
Dec 27 22:51:45 untangle-main uvmconsole: [1577702.656s][info][gc] GC(23131) Pause Full (System.gc()) 43M->42M(63M) 78.910ms
Dec 27 22:54:06 untangle-main uvmconsole: [1577843.409s][info][gc] GC(23132) Pause Young (Normal) (G1 Evacuation Pause) 52M->42M(63M) 7.795ms
Dec 27 22:56:26 untangle-main uvmconsole: [1577983.407s][info][gc] GC(23133) Pause Young (Normal) (G1 Evacuation Pause) 51M->42M(63M) 6.793ms
Dec 27 22:56:45 untangle-main uvmconsole: [1578002.637s][info][gc] GC(23134) Pause Full (System.gc()) 43M->42M(63M) 59.281ms
Dec 27 22:58:56 untangle-main uvmconsole: [1578133.417s][info][gc] GC(23135) Pause Young (Normal) (G1 Evacuation Pause) 51M->42M(63M) 7.895ms
Dec 27 23:00:57 untangle-main uvmconsole: [1578255.295s][info][gc] GC(23136) Pause Young (Normal) (G1 Evacuation Pause) 50M->42M(63M) 1.568ms
Dec 27 23:01:45 untangle-main uvmconsole: [1578302.637s][info][gc] GC(23137) Pause Full (System.gc()) 45M->42M(63M) 59.215ms
Dec 27 23:04:09 untangle-main uvmconsole: [1578447.379s][info][gc] GC(23138) Pause Young (Normal) (G1 Evacuation Pause) 52M->42M(63M) 14.961ms
Dec 27 23:06:26 untangle-main uvmconsole: [1578583.415s][info][gc] GC(23139) Pause Young (Normal) (G1 Evacuation Pause) 51M->42M(63M) 5.855ms
Dec 27 23:06:45 untangle-main uvmconsole: [1578602.628s][info][gc] GC(23140) Pause Full (System.gc()) 43M->42M(63M) 51.444ms
Dec 27 23:09:06 untangle-main uvmconsole: [1578743.405s][info][gc] GC(23141) Pause Young (Normal) (G1 Evacuation Pause) 52M->42M(63M) 4.753ms
Dec 27 23:11:16 untangle-main uvmconsole: [1578873.402s][info][gc] GC(23142) Pause Young (Normal) (G1 Evacuation Pause) 51M->42M(63M) 1.876ms
Dec 27 23:11:45 untangle-main uvmconsole: [1578902.635s][info][gc] GC(23143) Pause Full (System.gc()) 44M->42M(63M) 55.757ms
Dec 27 23:13:56 untangle-main uvmconsole: [1579033.410s][info][gc] GC(23144) Pause Young (Normal) (G1 Evacuation Pause) 51M->42M(63M) 4.349ms
Dec 27 23:15:56 untangle-main uvmconsole: [1579153.414s][info][gc] GC(23145) Pause Young (Normal) (G1 Evacuation Pause) 50M->42M(63M) 5.041ms
Dec 27 23:16:45 untangle-main uvmconsole: [1579202.647s][info][gc] GC(23146) Pause Full (System.gc()) 45M->42M(63M) 67.924ms
Dec 27 23:19:16 untangle-main uvmconsole: [1579353.407s][info][gc] GC(23147) Pause Young (Normal) (G1 Evacuation Pause) 52M->42M(63M) 7.239ms
Dec 27 23:21:36 untangle-main uvmconsole: [1579493.409s][info][gc] GC(23148) Pause Young (Normal) (G1 Evacuation Pause) 51M->42M(63M) 9.085ms
Dec 27 23:21:45 untangle-main uvmconsole: [1579502.615s][info][gc] GC(23149) Pause Full (System.gc()) 43M->42M(63M) 38.044ms
Dec 27 23:24:16 untangle-main uvmconsole: [1579653.408s][info][gc] GC(23150) Pause Young (Normal) (G1 Evacuation Pause) 52M->42M(63M) 8.490ms
Dec 27 23:26:26 untangle-main uvmconsole: [1579783.811s][info][gc] GC(23151) Pause Young (Normal) (G1 Evacuation Pause) 51M->42M(63M) 7.425ms
Dec 27 23:26:45 untangle-main uvmconsole: [1579802.638s][info][gc] GC(23152) Pause Full (System.gc()) 43M->42M(63M) 60.686ms
Dec 27 23:28:56 untangle-main uvmconsole: [1579933.413s][info][gc] GC(23153) Pause Young (Normal) (G1 Evacuation Pause) 51M->42M(63M) 5.549ms
Dec 27 23:30:56 untangle-main uvmconsole: [1580053.412s][info][gc] GC(23154) Pause Young (Normal) (G1 Evacuation Pause) 50M->42M(63M) 3.746ms
Dec 27 23:31:45 untangle-main uvmconsole: [1580102.640s][info][gc] GC(23155) Pause Full (System.gc()) 45M->42M(63M) 60.062ms
Dec 27 23:33:56 untangle-main uvmconsole: [1580233.411s][info][gc] GC(23156) Pause Young (Normal) (G1 Evacuation Pause) 51M->42M(63M) 5.844ms
Dec 27 23:35:56 untangle-main uvmconsole: [1580353.404s][info][gc] GC(23157) Pause Young (Normal) (G1 Evacuation Pause) 50M->42M(63M) 3.699ms
Dec 27 23:36:45 untangle-main uvmconsole: [1580402.616s][info][gc] GC(23158) Pause Full (System.gc()) 45M->42M(63M) 40.732ms
Dec 27 23:38:56 untangle-main uvmconsole: [1580533.407s][info][gc] GC(23159) Pause Young (Normal) (G1 Evacuation Pause) 51M->42M(63M) 8.956ms
Dec 27 23:40:53 untangle-main uvmconsole: [1580650.658s][info][gc] GC(23160) Pause Young (Normal) (G1 Evacuation Pause) 50M->42M(63M) 1.693ms
Dec 27 23:41:45 untangle-main uvmconsole: [1580702.648s][info][gc] GC(23161) Pause Full (System.gc()) 45M->42M(63M) 71.805ms
Dec 27 23:44:06 untangle-main uvmconsole: [1580843.414s][info][gc] GC(23162) Pause Young (Normal) (G1 Evacuation Pause) 52M->42M(63M) 5.520ms
Dec 27 23:46:26 untangle-main uvmconsole: [1580983.406s][info][gc] GC(23163) Pause Young (Normal) (G1 Evacuation Pause) 51M->42M(63M) 3.774ms
Dec 27 23:46:45 untangle-main uvmconsole: [1581002.645s][info][gc] GC(23164) Pause Full (System.gc()) 43M->42M(63M) 66.704ms
Dec 27 23:48:56 untangle-main uvmconsole: [1581133.406s][info][gc] GC(23165) Pause Young (Normal) (G1 Evacuation Pause) 51M->42M(63M) 2.503ms
Dec 27 23:50:56 untangle-main uvmconsole: [1581253.411s][info][gc] GC(23166) Pause Young (Normal) (G1 Evacuation Pause) 50M->42M(63M) 4.053ms
Dec 27 23:51:45 untangle-main uvmconsole: [1581302.636s][info][gc] GC(23167) Pause Full (System.gc()) 45M->42M(63M) 56.746ms
Dec 27 23:53:56 untangle-main uvmconsole: [1581433.412s][info][gc] GC(23168) Pause Young (Normal) (G1 Evacuation Pause) 51M->42M(63M) 5.426ms
Dec 27 23:55:56 untangle-main uvmconsole: [1581553.413s][info][gc] GC(23169) Pause Young (Normal) (G1 Evacuation Pause) 50M->42M(63M) 3.957ms
Dec 27 23:56:45 untangle-main uvmconsole: [1581602.640s][info][gc] GC(23170) Pause Full (System.gc()) 45M->42M(63M) 63.235ms
Dec 27 23:58:56 untangle-main uvmconsole: [1581733.411s][info][gc] GC(23171) Pause Young (Normal) (G1 Evacuation Pause) 51M->42M(63M) 6.441ms
