Dec 28 00:00:56 untangle-main uvmconsole: [1581853.411s][info][gc] GC(23172) Pause Young (Normal) (G1 Evacuation Pause) 50M->42M(63M) 6.143ms
Dec 28 00:01:45 untangle-main uvmconsole: [1581902.644s][info][gc] GC(23173) Pause Full (System.gc()) 45M->42M(63M) 66.566ms
Dec 28 00:03:56 untangle-main uvmconsole: [1582033.416s][info][gc] GC(23174) Pause Young (Normal) (G1 Evacuation Pause) 51M->42M(63M) 11.628ms
Dec 28 00:05:56 untangle-main uvmconsole: [1582153.411s][info][gc] GC(23175) Pause Young (Normal) (G1 Evacuation Pause) 50M->42M(63M) 5.029ms
Dec 28 00:06:45 untangle-main uvmconsole: [1582202.621s][info][gc] GC(23176) Pause Full (System.gc()) 45M->42M(63M) 44.033ms
Dec 28 00:08:56 untangle-main uvmconsole: [1582333.405s][info][gc] GC(23177) Pause Young (Normal) (G1 Evacuation Pause) 51M->42M(63M) 5.494ms
Dec 28 00:10:47 untangle-main uvmconsole: [1582444.789s][info][gc] GC(23178) Pause Young (Normal) (G1 Evacuation Pause) 50M->42M(63M) 1.691ms
Dec 28 00:11:45 untangle-main uvmconsole: [1582502.621s][info][gc] GC(23179) Pause Full (System.gc()) 46M->42M(63M) 44.152ms
Dec 28 00:13:56 untangle-main uvmconsole: [1582633.404s][info][gc] GC(23180) Pause Young (Normal) (G1 Evacuation Pause) 51M->42M(63M) 1.753ms
Dec 28 00:15:56 untangle-main uvmconsole: [1582753.407s][info][gc] GC(23181) Pause Young (Normal) (G1 Evacuation Pause) 50M->42M(63M) 5.061ms
Dec 28 00:16:45 untangle-main uvmconsole: [1582802.642s][info][gc] GC(23182) Pause Full (System.gc()) 45M->42M(63M) 64.184ms
Dec 28 00:19:06 untangle-main uvmconsole: [1582943.858s][info][gc] GC(23183) Pause Young (Normal) (G1 Evacuation Pause) 52M->42M(63M) 5.935ms
Dec 28 00:21:24 untangle-main uvmconsole: [1583082.101s][info][gc] GC(23184) Pause Young (Normal) (G1 Evacuation Pause) 51M->42M(63M) 7.839ms
Dec 28 00:21:45 untangle-main uvmconsole: [1583102.642s][info][gc] GC(23185) Pause Full (System.gc()) 43M->42M(63M) 63.488ms
Dec 28 00:23:56 untangle-main uvmconsole: [1583233.406s][info][gc] GC(23186) Pause Young (Normal) (G1 Evacuation Pause) 51M->42M(63M) 1.608ms
Dec 28 00:25:56 untangle-main uvmconsole: [1583354.080s][info][gc] GC(23187) Pause Young (Normal) (G1 Evacuation Pause) 50M->42M(63M) 5.024ms
Dec 28 00:26:45 untangle-main uvmconsole: [1583402.637s][info][gc] GC(23188) Pause Full (System.gc()) 45M->42M(63M) 59.800ms
Dec 28 00:28:56 untangle-main uvmconsole: [1583533.417s][info][gc] GC(23189) Pause Young (Normal) (G1 Evacuation Pause) 51M->42M(63M) 5.502ms
Dec 28 00:30:56 untangle-main uvmconsole: [1583653.417s][info][gc] GC(23190) Pause Young (Normal) (G1 Evacuation Pause) 50M->42M(63M) 9.311ms
Dec 28 00:31:45 untangle-main uvmconsole: [1583702.641s][info][gc] GC(23191) Pause Full (System.gc()) 45M->42M(63M) 61.405ms
Dec 28 00:33:56 untangle-main uvmconsole: [1583833.418s][info][gc] GC(23192) Pause Young (Normal) (G1 Evacuation Pause) 51M->42M(63M) 11.514ms
Dec 28 00:35:56 untangle-main uvmconsole: [1583953.402s][info][gc] GC(23193) Pause Young (Normal) (G1 Evacuation Pause) 50M->42M(63M) 1.781ms
Dec 28 00:36:45 untangle-main uvmconsole: [1584002.634s][info][gc] GC(23194) Pause Full (System.gc()) 45M->42M(63M) 56.865ms
Dec 28 00:39:05 untangle-main uvmconsole: [1584143.100s][info][gc] GC(23195) Pause Young (Normal) (G1 Evacuation Pause) 52M->42M(63M) 26.109ms
Dec 28 00:41:16 untangle-main uvmconsole: [1584273.421s][info][gc] GC(23196) Pause Young (Normal) (G1 Evacuation Pause) 51M->42M(63M) 16.438ms
Dec 28 00:41:45 untangle-main uvmconsole: [1584302.627s][info][gc] GC(23197) Pause Full (System.gc()) 43M->42M(63M) 49.608ms
Dec 28 00:44:16 untangle-main uvmconsole: [1584453.407s][info][gc] GC(23198) Pause Young (Normal) (G1 Evacuation Pause) 52M->42M(63M) 7.189ms
Dec 28 00:46:36 untangle-main uvmconsole: [1584593.404s][info][gc] GC(23199) Pause Young (Normal) (G1 Evacuation Pause) 51M->42M(63M) 6.197ms
Dec 28 00:46:45 untangle-main uvmconsole: [1584602.644s][info][gc] GC(23200) Pause Full (System.gc()) 43M->42M(63M) 66.921ms
Dec 28 00:48:56 untangle-main uvmconsole: [1584733.404s][info][gc] GC(23201) Pause Young (Normal) (G1 Evacuation Pause) 51M->42M(63M) 1.670ms
Dec 28 00:50:56 untangle-main uvmconsole: [1584853.402s][info][gc] GC(23202) Pause Young (Normal) (G1 Evacuation Pause) 50M->42M(63M) 1.605ms
Dec 28 00:51:45 untangle-main uvmconsole: [1584902.644s][info][gc] GC(23203) Pause Full (System.gc()) 45M->42M(63M) 66.987ms
Dec 28 00:53:56 untangle-main uvmconsole: [1585033.409s][info][gc] GC(23204) Pause Young (Normal) (G1 Evacuation Pause) 51M->42M(63M) 7.846ms
Dec 28 00:55:56 untangle-main uvmconsole: [1585153.406s][info][gc] GC(23205) Pause Young (Normal) (G1 Evacuation Pause) 50M->42M(63M) 5.303ms
Dec 28 00:56:45 untangle-main uvmconsole: [1585202.646s][info][gc] GC(23206) Pause Full (System.gc()) 45M->42M(63M) 66.438ms
Dec 28 00:59:16 untangle-main uvmconsole: [1585353.406s][info][gc] GC(23207) Pause Young (Normal) (G1 Evacuation Pause) 52M->42M(63M) 5.210ms
Dec 28 01:01:30 untangle-main uvmconsole: [1585487.518s][info][gc] GC(23208) Pause Young (Normal) (G1 Evacuation Pause) 51M->42M(63M) 4.207ms
Dec 28 01:01:45 untangle-main uvmconsole: [1585502.646s][info][gc] GC(23209) Pause Full (System.gc()) 43M->42M(63M) 67.772ms
Dec 28 01:04:16 untangle-main uvmconsole: [1585653.404s][info][gc] GC(23210) Pause Young (Normal) (G1 Evacuation Pause) 52M->42M(63M) 4.272ms
Dec 28 01:06:36 untangle-main uvmconsole: [1585793.403s][info][gc] GC(23211) Pause Young (Normal) (G1 Evacuation Pause) 51M->42M(63M) 4.457ms
Dec 28 01:06:45 untangle-main uvmconsole: [1585802.617s][info][gc] GC(23212) Pause Full (System.gc()) 42M->42M(63M) 39.840ms
Dec 28 01:09:06 untangle-main uvmconsole: [1585943.408s][info][gc] GC(23213) Pause Young (Normal) (G1 Evacuation Pause) 52M->42M(63M) 8.122ms
Dec 28 01:11:16 untangle-main uvmconsole: [1586073.408s][info][gc] GC(23214) Pause Young (Normal) (G1 Evacuation Pause) 51M->42M(63M) 6.635ms
Dec 28 01:11:45 untangle-main uvmconsole: [1586102.624s][info][gc] GC(23215) Pause Full (System.gc()) 44M->42M(63M) 45.823ms
Dec 28 01:13:48 untangle-main uvmconsole: [1586225.536s][info][gc] GC(23216) Pause Young (Normal) (G1 Evacuation Pause) 51M->42M(63M) 6.847ms
Dec 28 01:15:47 untangle-main uvmconsole: [1586345.085s][info][gc] GC(23217) Pause Young (Normal) (G1 Evacuation Pause) 50M->42M(63M) 10.793ms
Dec 28 01:16:45 untangle-main uvmconsole: [1586402.641s][info][gc] GC(23218) Pause Full (System.gc()) 45M->42M(63M) 64.329ms
Dec 28 01:18:56 untangle-main uvmconsole: [1586533.407s][info][gc] GC(23219) Pause Young (Normal) (G1 Evacuation Pause) 51M->42M(63M) 3.684ms
Dec 28 01:20:57 untangle-main uvmconsole: [1586655.349s][info][gc] GC(23220) Pause Young (Normal) (G1 Evacuation Pause) 50M->42M(63M) 5.818ms
Dec 28 01:21:45 untangle-main uvmconsole: [1586702.627s][info][gc] GC(23221) Pause Full (System.gc()) 45M->42M(63M) 47.847ms
Dec 28 01:23:56 untangle-main uvmconsole: [1586833.408s][info][gc] GC(23222) Pause Young (Normal) (G1 Evacuation Pause) 51M->42M(63M) 4.973ms
Dec 28 01:25:56 untangle-main uvmconsole: [1586953.416s][info][gc] GC(23223) Pause Young (Normal) (G1 Evacuation Pause) 50M->42M(63M) 7.111ms
Dec 28 01:26:45 untangle-main uvmconsole: [1587002.644s][info][gc] GC(23224) Pause Full (System.gc()) 45M->42M(63M) 64.122ms
Dec 28 01:28:56 untangle-main uvmconsole: [1587133.409s][info][gc] GC(23225) Pause Young (Normal) (G1 Evacuation Pause) 51M->42M(63M) 3.834ms
Dec 28 01:30:48 untangle-main uvmconsole: [1587246.044s][info][gc] GC(23226) Pause Young (Normal) (G1 Evacuation Pause) 50M->42M(63M) 40.230ms
Dec 28 01:31:45 untangle-main uvmconsole: [1587302.636s][info][gc] GC(23227) Pause Full (System.gc()) 46M->42M(63M) 59.112ms
Dec 28 01:33:46 untangle-main uvmconsole: [1587423.403s][info][gc] GC(23228) Pause Young (Normal) (G1 Evacuation Pause) 50M->42M(63M) 4.658ms
Dec 28 01:35:28 untangle-main uvmconsole: [1587526.092s][info][gc] GC(23229) Pause Young (Normal) (G1 Evacuation Pause) 49M->42M(63M) 2.125ms
Dec 28 01:36:45 untangle-main uvmconsole: [1587602.625s][info][gc] GC(23230) Pause Full (System.gc()) 47M->42M(63M) 47.704ms
Dec 28 01:38:56 untangle-main uvmconsole: [1587733.399s][info][gc] GC(23231) Pause Young (Normal) (G1 Evacuation Pause) 51M->42M(63M) 1.662ms
Dec 28 01:40:56 untangle-main uvmconsole: [1587853.402s][info][gc] GC(23232) Pause Young (Normal) (G1 Evacuation Pause) 50M->42M(63M) 1.828ms
Dec 28 01:41:23 untangle-main uvmconsole: [1587880.721s][info][gc] GC(23233) Pause Young (Normal) (G1 Evacuation Pause) 50M->42M(63M) 4.163ms
Dec 28 01:41:23 untangle-main uvmconsole: Starting ChromeDriver 83.0.4103.116 (8f0c18b4dca9b6699eb629be0f51810c24fb6428-refs/branch-heads/4103@{#716}) on port 43034
Dec 28 01:41:23 untangle-main uvmconsole: Only local connections are allowed.
Dec 28 01:41:23 untangle-main uvmconsole: Please see https://chromedriver.chromium.org/security-considerations for suggestions on keeping ChromeDriver safe.
Dec 28 01:41:23 untangle-main uvmconsole: ChromeDriver was started successfully.
Dec 28 01:41:25 untangle-main uvmconsole: Dec 28, 2020 1:41:25 AM org.openqa.selenium.remote.ProtocolHandshake createSession
Dec 28 01:41:25 untangle-main uvmconsole: INFO: Detected dialect: W3C
Dec 28 01:41:41 untangle-main uvmconsole: [1587899.017s][info][gc] GC(23234) Pause Young (Normal) (G1 Evacuation Pause) 50M->43M(63M) 7.867ms
Dec 28 01:41:45 untangle-main uvmconsole: [1587902.626s][info][gc] GC(23235) Pause Full (System.gc()) 43M->43M(63M) 48.950ms
Dec 28 01:43:39 untangle-main uvmconsole: [1588017.088s][info][gc] GC(23236) Pause Young (Normal) (G1 Evacuation Pause) 51M->43M(63M) 6.177ms
Dec 28 01:45:29 untangle-main uvmconsole: [1588126.453s][info][gc] GC(23237) Pause Young (Normal) (G1 Evacuation Pause) 50M->43M(63M) 3.694ms
Dec 28 01:46:45 untangle-main uvmconsole: [1588202.646s][info][gc] GC(23238) Pause Full (System.gc()) 48M->43M(63M) 69.293ms
Dec 28 01:48:39 untangle-main uvmconsole: [1588316.450s][info][gc] GC(23239) Pause Young (Normal) (G1 Evacuation Pause) 51M->43M(63M) 2.612ms
Dec 28 01:50:36 untangle-main uvmconsole: [1588434.139s][info][gc] GC(23240) Pause Young (Normal) (G1 Evacuation Pause) 51M->43M(63M) 9.867ms
Dec 28 01:51:45 untangle-main uvmconsole: [1588502.653s][info][gc] GC(23241) Pause Full (System.gc()) 47M->43M(63M) 74.573ms
Dec 28 01:53:59 untangle-main uvmconsole: [1588636.459s][info][gc] GC(23242) Pause Young (Normal) (G1 Evacuation Pause) 52M->43M(63M) 4.207ms
Dec 28 01:55:59 untangle-main uvmconsole: [1588756.468s][info][gc] GC(23243) Pause Young (Normal) (G1 Evacuation Pause) 51M->43M(63M) 5.750ms
Dec 28 01:56:45 untangle-main uvmconsole: [1588802.630s][info][gc] GC(23244) Pause Full (System.gc()) 46M->43M(63M) 52.522ms
Dec 28 01:58:59 untangle-main uvmconsole: [1588936.450s][info][gc] GC(23245) Pause Young (Normal) (G1 Evacuation Pause) 52M->43M(63M) 1.902ms
Dec 28 02:00:59 untangle-main uvmconsole: [1589056.463s][info][gc] GC(23246) Pause Young (Normal) (G1 Evacuation Pause) 51M->43M(63M) 6.796ms
Dec 28 02:01:45 untangle-main uvmconsole: [1589102.627s][info][gc] GC(23247) Pause Full (System.gc()) 46M->43M(63M) 50.324ms
Dec 28 02:03:49 untangle-main uvmconsole: [1589226.449s][info][gc] GC(23248) Pause Young (Normal) (G1 Evacuation Pause) 51M->43M(63M) 2.708ms
Dec 28 02:05:29 untangle-main uvmconsole: [1589326.449s][info][gc] GC(23249) Pause Young (Normal) (G1 Evacuation Pause) 50M->43M(63M) 1.784ms
Dec 28 02:06:45 untangle-main uvmconsole: [1589402.643s][info][gc] GC(23250) Pause Full (System.gc()) 48M->43M(63M) 63.886ms
Dec 28 02:08:39 untangle-main uvmconsole: [1589516.457s][info][gc] GC(23251) Pause Young (Normal) (G1 Evacuation Pause) 51M->43M(63M) 4.277ms
Dec 28 02:10:20 untangle-main uvmconsole: [1589617.906s][info][gc] GC(23252) Pause Young (Normal) (G1 Evacuation Pause) 50M->43M(63M) 1.735ms
Dec 28 02:11:45 untangle-main uvmconsole: [1589702.636s][info][gc] GC(23253) Pause Full (System.gc()) 48M->43M(63M) 57.180ms
Dec 28 02:13:59 untangle-main uvmconsole: [1589836.462s][info][gc] GC(23254) Pause Young (Normal) (G1 Evacuation Pause) 52M->43M(63M) 5.378ms
Dec 28 02:15:59 untangle-main uvmconsole: [1589957.125s][info][gc] GC(23255) Pause Young (Normal) (G1 Evacuation Pause) 51M->43M(63M) 6.081ms
Dec 28 02:16:45 untangle-main uvmconsole: [1590003.039s][info][gc] GC(23256) Pause Full (System.gc()) 46M->42M(63M) 461.314ms
Dec 28 02:18:59 untangle-main uvmconsole: [1590136.448s][info][gc] GC(23257) Pause Young (Normal) (G1 Evacuation Pause) 51M->42M(63M) 1.856ms
Dec 28 02:20:59 untangle-main uvmconsole: [1590256.462s][info][gc] GC(23258) Pause Young (Normal) (G1 Evacuation Pause) 50M->42M(63M) 9.190ms
Dec 28 02:21:45 untangle-main uvmconsole: [1590302.633s][info][gc] GC(23259) Pause Full (System.gc()) 45M->42M(63M) 56.706ms
Dec 28 02:23:59 untangle-main uvmconsole: [1590436.464s][info][gc] GC(23260) Pause Young (Normal) (G1 Evacuation Pause) 51M->42M(63M) 9.477ms
Dec 28 02:25:59 untangle-main uvmconsole: [1590556.461s][info][gc] GC(23261) Pause Young (Normal) (G1 Evacuation Pause) 50M->42M(63M) 8.864ms
Dec 28 02:26:45 untangle-main uvmconsole: [1590602.650s][info][gc] GC(23262) Pause Full (System.gc()) 45M->42M(63M) 67.737ms
Dec 28 02:29:16 untangle-main uvmconsole: [1590753.693s][info][gc] GC(23263) Pause Young (Normal) (G1 Evacuation Pause) 52M->42M(63M) 5.581ms
Dec 28 02:31:29 untangle-main uvmconsole: [1590886.462s][info][gc] GC(23264) Pause Young (Normal) (G1 Evacuation Pause) 51M->42M(63M) 5.452ms
Dec 28 02:31:45 untangle-main uvmconsole: [1590902.635s][info][gc] GC(23265) Pause Full (System.gc()) 43M->42M(63M) 59.101ms
Dec 28 02:34:11 untangle-main uvmconsole: [1591049.298s][info][gc] GC(23266) Pause Young (Normal) (G1 Evacuation Pause) 52M->42M(63M) 2.941ms
Dec 28 02:36:29 untangle-main uvmconsole: [1591186.460s][info][gc] GC(23267) Pause Young (Normal) (G1 Evacuation Pause) 51M->42M(63M) 8.026ms
Dec 28 02:36:45 untangle-main uvmconsole: [1591202.642s][info][gc] GC(23268) Pause Full (System.gc()) 43M->42M(63M) 64.103ms
Dec 28 02:39:01 untangle-main uvmconsole: [1591338.782s][info][gc] GC(23269) Pause Young (Normal) (G1 Evacuation Pause) 52M->42M(63M) 5.376ms
Dec 28 02:41:19 untangle-main uvmconsole: [1591476.455s][info][gc] GC(23270) Pause Young (Normal) (G1 Evacuation Pause) 51M->42M(63M) 5.695ms
Dec 28 02:41:45 untangle-main uvmconsole: [1591502.617s][info][gc] GC(23271) Pause Full (System.gc()) 44M->42M(63M) 41.830ms
Dec 28 02:44:13 untangle-main uvmconsole: [1591650.522s][info][gc] GC(23272) Pause Young (Normal) (G1 Evacuation Pause) 52M->42M(63M) 5.721ms
Dec 28 02:46:29 untangle-main uvmconsole: [1591786.960s][info][gc] GC(23273) Pause Young (Normal) (G1 Evacuation Pause) 51M->42M(63M) 4.704ms
Dec 28 02:46:45 untangle-main uvmconsole: [1591802.641s][info][gc] GC(23274) Pause Full (System.gc()) 43M->42M(63M) 63.483ms
Dec 28 02:49:19 untangle-main uvmconsole: [1591956.448s][info][gc] GC(23275) Pause Young (Normal) (G1 Evacuation Pause) 52M->42M(63M) 1.712ms
Dec 28 02:51:29 untangle-main uvmconsole: [1592086.700s][info][gc] GC(23276) Pause Young (Normal) (G1 Evacuation Pause) 51M->42M(63M) 3.857ms
Dec 28 02:51:45 untangle-main uvmconsole: [1592102.615s][info][gc] GC(23277) Pause Full (System.gc()) 43M->42M(63M) 38.457ms
Dec 28 02:54:29 untangle-main uvmconsole: [1592266.458s][info][gc] GC(23278) Pause Young (Normal) (G1 Evacuation Pause) 53M->42M(63M) 4.871ms
Dec 28 02:56:45 untangle-main uvmconsole: [1592402.644s][info][gc] GC(23279) Pause Full (System.gc()) 51M->42M(63M) 64.606ms
Dec 28 02:58:41 untangle-main uvmconsole: [1592519.306s][info][gc] GC(23280) Pause Young (Normal) (G1 Evacuation Pause) 50M->42M(63M) 4.223ms
Dec 28 03:00:26 untangle-main uvmconsole: [1592623.670s][info][gc] GC(23281) Pause Young (Normal) (G1 Evacuation Pause) 49M->42M(63M) 4.037ms
Dec 28 03:01:45 untangle-main uvmconsole: [1592702.617s][info][gc] GC(23282) Pause Full (System.gc()) 47M->42M(63M) 40.002ms
Dec 28 03:03:59 untangle-main uvmconsole: [1592836.450s][info][gc] GC(23283) Pause Young (Normal) (G1 Evacuation Pause) 51M->42M(63M) 1.603ms
Dec 28 03:05:59 untangle-main uvmconsole: [1592956.452s][info][gc] GC(23284) Pause Young (Normal) (G1 Evacuation Pause) 50M->42M(63M) 2.373ms
Dec 28 03:06:45 untangle-main uvmconsole: [1593002.628s][info][gc] GC(23285) Pause Full (System.gc()) 45M->42M(63M) 49.448ms
Dec 28 03:09:09 untangle-main uvmconsole: [1593146.449s][info][gc] GC(23286) Pause Young (Normal) (G1 Evacuation Pause) 52M->42M(63M) 2.550ms
Dec 28 03:11:19 untangle-main uvmconsole: [1593276.464s][info][gc] GC(23287) Pause Young (Normal) (G1 Evacuation Pause) 51M->42M(63M) 4.764ms
Dec 28 03:11:45 untangle-main uvmconsole: [1593302.640s][info][gc] GC(23288) Pause Full (System.gc()) 43M->42M(63M) 61.256ms
Dec 28 03:14:29 untangle-main uvmconsole: [1593466.454s][info][gc] GC(23289) Pause Young (Normal) (G1 Evacuation Pause) 53M->42M(63M) 5.237ms
Dec 28 03:16:45 untangle-main uvmconsole: [1593602.636s][info][gc] GC(23290) Pause Full (System.gc()) 51M->42M(63M) 60.188ms
Dec 28 03:18:59 untangle-main uvmconsole: [1593736.455s][info][gc] GC(23291) Pause Young (Normal) (G1 Evacuation Pause) 51M->42M(63M) 2.988ms
Dec 28 03:20:59 untangle-main uvmconsole: [1593856.462s][info][gc] GC(23292) Pause Young (Normal) (G1 Evacuation Pause) 50M->42M(63M) 5.240ms
Dec 28 03:21:45 untangle-main uvmconsole: [1593902.640s][info][gc] GC(23293) Pause Full (System.gc()) 45M->42M(63M) 63.332ms
Dec 28 03:24:19 untangle-main uvmconsole: [1594056.451s][info][gc] GC(23294) Pause Young (Normal) (G1 Evacuation Pause) 52M->42M(63M) 3.314ms
Dec 28 03:26:34 untangle-main uvmconsole: [1594191.880s][info][gc] GC(23295) Pause Young (Normal) (G1 Evacuation Pause) 51M->42M(63M) 2.861ms
Dec 28 03:26:45 untangle-main uvmconsole: [1594202.629s][info][gc] GC(23296) Pause Full (System.gc()) 43M->42M(63M) 50.558ms
Dec 28 03:29:09 untangle-main uvmconsole: [1594346.461s][info][gc] GC(23297) Pause Young (Normal) (G1 Evacuation Pause) 52M->42M(63M) 4.869ms
Dec 28 03:31:29 untangle-main uvmconsole: [1594486.454s][info][gc] GC(23298) Pause Young (Normal) (G1 Evacuation Pause) 51M->42M(63M) 6.425ms
Dec 28 03:31:45 untangle-main uvmconsole: [1594502.647s][info][gc] GC(23299) Pause Full (System.gc()) 43M->42M(63M) 69.079ms
Dec 28 03:34:09 untangle-main uvmconsole: [1594647.272s][info][gc] GC(23300) Pause Young (Normal) (G1 Evacuation Pause) 52M->42M(63M) 1.903ms
Dec 28 03:36:29 untangle-main uvmconsole: [1594786.448s][info][gc] GC(23301) Pause Young (Normal) (G1 Evacuation Pause) 51M->42M(63M) 1.703ms
Dec 28 03:36:45 untangle-main uvmconsole: [1594802.623s][info][gc] GC(23302) Pause Full (System.gc()) 43M->42M(63M) 46.123ms
Dec 28 03:39:09 untangle-main uvmconsole: [1594946.454s][info][gc] GC(23303) Pause Young (Normal) (G1 Evacuation Pause) 52M->42M(63M) 5.733ms
Dec 28 03:41:29 untangle-main uvmconsole: [1595086.449s][info][gc] GC(23304) Pause Young (Normal) (G1 Evacuation Pause) 51M->42M(63M) 2.510ms
Dec 28 03:41:45 untangle-main uvmconsole: [1595102.635s][info][gc] GC(23305) Pause Full (System.gc()) 43M->42M(63M) 59.045ms
Dec 28 03:44:30 untangle-main uvmconsole: [1595268.060s][info][gc] GC(23306) Pause Young (Normal) (G1 Evacuation Pause) 53M->42M(63M) 4.268ms
Dec 28 03:46:45 untangle-main uvmconsole: [1595402.626s][info][gc] GC(23307) Pause Full (System.gc()) 51M->42M(63M) 48.383ms
Dec 28 03:49:13 untangle-main uvmconsole: [1595550.986s][info][gc] GC(23308) Pause Young (Normal) (G1 Evacuation Pause) 52M->42M(63M) 2.774ms
Dec 28 03:51:29 untangle-main uvmconsole: [1595686.451s][info][gc] GC(23309) Pause Young (Normal) (G1 Evacuation Pause) 51M->42M(63M) 4.033ms
Dec 28 03:51:45 untangle-main uvmconsole: [1595702.634s][info][gc] GC(23310) Pause Full (System.gc()) 43M->42M(63M) 57.973ms
Dec 28 03:54:09 untangle-main uvmconsole: [1595846.458s][info][gc] GC(23311) Pause Young (Normal) (G1 Evacuation Pause) 52M->42M(63M) 4.691ms
Dec 28 03:56:29 untangle-main uvmconsole: [1595986.457s][info][gc] GC(23312) Pause Young (Normal) (G1 Evacuation Pause) 51M->42M(63M) 6.268ms
Dec 28 03:56:45 untangle-main uvmconsole: [1596002.623s][info][gc] GC(23313) Pause Full (System.gc()) 43M->42M(63M) 44.559ms
Dec 28 03:59:19 untangle-main uvmconsole: [1596156.452s][info][gc] GC(23314) Pause Young (Normal) (G1 Evacuation Pause) 52M->42M(63M) 4.629ms
Dec 28 04:01:39 untangle-main uvmconsole: [1596296.452s][info][gc] GC(23315) Pause Young (Normal) (G1 Evacuation Pause) 51M->42M(63M) 4.684ms
Dec 28 04:01:45 untangle-main uvmconsole: [1596302.641s][info][gc] GC(23316) Pause Full (System.gc()) 43M->42M(63M) 62.964ms
Dec 28 04:03:59 untangle-main uvmconsole: [1596436.450s][info][gc] GC(23317) Pause Young (Normal) (G1 Evacuation Pause) 51M->42M(63M) 1.973ms
Dec 28 04:05:59 untangle-main uvmconsole: [1596556.460s][info][gc] GC(23318) Pause Young (Normal) (G1 Evacuation Pause) 50M->42M(63M) 4.863ms
Dec 28 04:06:45 untangle-main uvmconsole: [1596602.652s][info][gc] GC(23319) Pause Full (System.gc()) 45M->42M(63M) 72.369ms
Dec 28 04:09:09 untangle-main uvmconsole: [1596746.456s][info][gc] GC(23320) Pause Young (Normal) (G1 Evacuation Pause) 52M->42M(63M) 7.678ms
Dec 28 04:11:14 untangle-main uvmconsole: [1596871.654s][info][gc] GC(23321) Pause Young (Normal) (G1 Evacuation Pause) 51M->42M(63M) 7.037ms
Dec 28 04:11:45 untangle-main uvmconsole: [1596902.635s][info][gc] GC(23322) Pause Full (System.gc()) 44M->42M(63M) 57.341ms
Dec 28 04:14:19 untangle-main uvmconsole: [1597056.465s][info][gc] GC(23323) Pause Young (Normal) (G1 Evacuation Pause) 52M->42M(63M) 18.009ms
Dec 28 04:16:30 untangle-main uvmconsole: [1597188.111s][info][gc] GC(23324) Pause Young (Normal) (G1 Evacuation Pause) 51M->42M(63M) 4.488ms
Dec 28 04:16:45 untangle-main uvmconsole: [1597202.656s][info][gc] GC(23325) Pause Full (System.gc()) 43M->42M(63M) 77.578ms
Dec 28 04:19:19 untangle-main uvmconsole: [1597356.455s][info][gc] GC(23326) Pause Young (Normal) (G1 Evacuation Pause) 52M->42M(63M) 6.048ms
Dec 28 04:21:29 untangle-main uvmconsole: [1597487.126s][info][gc] GC(23327) Pause Young (Normal) (G1 Evacuation Pause) 51M->42M(63M) 4.396ms
Dec 28 04:21:45 untangle-main uvmconsole: [1597502.648s][info][gc] GC(23328) Pause Full (System.gc()) 43M->42M(63M) 69.032ms
Dec 28 04:24:14 untangle-main uvmconsole: [1597651.784s][info][gc] GC(23329) Pause Young (Normal) (G1 Evacuation Pause) 52M->42M(63M) 4.930ms
Dec 28 04:26:29 untangle-main uvmconsole: [1597786.450s][info][gc] GC(23330) Pause Young (Normal) (G1 Evacuation Pause) 51M->42M(63M) 4.069ms
Dec 28 04:26:45 untangle-main uvmconsole: [1597802.643s][info][gc] GC(23331) Pause Full (System.gc()) 43M->42M(63M) 67.120ms
Dec 28 04:29:13 untangle-main uvmconsole: [1597951.137s][info][gc] GC(23332) Pause Young (Normal) (G1 Evacuation Pause) 52M->42M(63M) 5.985ms
Dec 28 04:31:29 untangle-main uvmconsole: [1598086.457s][info][gc] GC(23333) Pause Young (Normal) (G1 Evacuation Pause) 51M->42M(63M) 4.866ms
Dec 28 04:31:45 untangle-main uvmconsole: [1598102.644s][info][gc] GC(23334) Pause Full (System.gc()) 43M->42M(63M) 65.027ms
Dec 28 04:34:19 untangle-main uvmconsole: [1598256.453s][info][gc] GC(23335) Pause Young (Normal) (G1 Evacuation Pause) 52M->42M(63M) 5.044ms
Dec 28 04:36:29 untangle-main uvmconsole: [1598386.459s][info][gc] GC(23336) Pause Young (Normal) (G1 Evacuation Pause) 51M->42M(63M) 4.488ms
Dec 28 04:36:45 untangle-main uvmconsole: [1598402.643s][info][gc] GC(23337) Pause Full (System.gc()) 43M->42M(63M) 66.185ms
Dec 28 04:39:08 untangle-main uvmconsole: [1598545.772s][info][gc] GC(23338) Pause Young (Normal) (G1 Evacuation Pause) 52M->42M(63M) 10.391ms
Dec 28 04:41:19 untangle-main uvmconsole: [1598676.452s][info][gc] GC(23339) Pause Young (Normal) (G1 Evacuation Pause) 51M->42M(63M) 2.679ms
Dec 28 04:41:45 untangle-main uvmconsole: [1598702.619s][info][gc] GC(23340) Pause Full (System.gc()) 44M->42M(63M) 41.823ms
Dec 28 04:44:29 untangle-main uvmconsole: [1598866.461s][info][gc] GC(23341) Pause Young (Normal) (G1 Evacuation Pause) 53M->42M(63M) 6.262ms
Dec 28 04:46:45 untangle-main uvmconsole: [1599002.634s][info][gc] GC(23342) Pause Full (System.gc()) 51M->42M(63M) 58.312ms
Dec 28 04:48:59 untangle-main uvmconsole: [1599136.468s][info][gc] GC(23343) Pause Young (Normal) (G1 Evacuation Pause) 51M->42M(63M) 16.382ms
Dec 28 04:50:59 untangle-main uvmconsole: [1599256.456s][info][gc] GC(23344) Pause Young (Normal) (G1 Evacuation Pause) 50M->42M(63M) 3.889ms
Dec 28 04:51:45 untangle-main uvmconsole: [1599302.637s][info][gc] GC(23345) Pause Full (System.gc()) 45M->42M(63M) 60.930ms
Dec 28 04:53:59 untangle-main uvmconsole: [1599436.458s][info][gc] GC(23346) Pause Young (Normal) (G1 Evacuation Pause) 51M->42M(63M) 3.844ms
Dec 28 04:55:59 untangle-main uvmconsole: [1599556.461s][info][gc] GC(23347) Pause Young (Normal) (G1 Evacuation Pause) 50M->42M(63M) 3.974ms
Dec 28 04:56:45 untangle-main uvmconsole: [1599602.638s][info][gc] GC(23348) Pause Full (System.gc()) 45M->42M(63M) 60.955ms
Dec 28 04:58:59 untangle-main uvmconsole: [1599736.449s][info][gc] GC(23349) Pause Young (Normal) (G1 Evacuation Pause) 51M->42M(63M) 2.026ms
Dec 28 05:00:59 untangle-main uvmconsole: [1599856.453s][info][gc] GC(23350) Pause Young (Normal) (G1 Evacuation Pause) 50M->42M(63M) 2.871ms
Dec 28 05:01:45 untangle-main uvmconsole: [1599902.618s][info][gc] GC(23351) Pause Full (System.gc()) 45M->42M(63M) 42.791ms
Dec 28 05:03:59 untangle-main uvmconsole: [1600036.451s][info][gc] GC(23352) Pause Young (Normal) (G1 Evacuation Pause) 51M->42M(63M) 3.263ms
Dec 28 05:05:59 untangle-main uvmconsole: [1600156.456s][info][gc] GC(23353) Pause Young (Normal) (G1 Evacuation Pause) 50M->42M(63M) 6.831ms
Dec 28 05:06:45 untangle-main uvmconsole: [1600202.646s][info][gc] GC(23354) Pause Full (System.gc()) 45M->42M(63M) 68.456ms
Dec 28 05:09:09 untangle-main uvmconsole: [1600346.452s][info][gc] GC(23355) Pause Young (Normal) (G1 Evacuation Pause) 52M->42M(63M) 4.138ms
Dec 28 05:11:20 untangle-main uvmconsole: [1600478.295s][info][gc] GC(23356) Pause Young (Normal) (G1 Evacuation Pause) 51M->42M(63M) 6.781ms
Dec 28 05:11:45 untangle-main uvmconsole: [1600502.644s][info][gc] GC(23357) Pause Full (System.gc()) 43M->42M(63M) 67.132ms
Dec 28 05:14:12 untangle-main uvmconsole: [1600650.032s][info][gc] GC(23358) Pause Young (Normal) (G1 Evacuation Pause) 52M->42M(63M) 6.657ms
Dec 28 05:16:29 untangle-main uvmconsole: [1600786.455s][info][gc] GC(23359) Pause Young (Normal) (G1 Evacuation Pause) 51M->42M(63M) 5.467ms
Dec 28 05:16:45 untangle-main uvmconsole: [1600802.648s][info][gc] GC(23360) Pause Full (System.gc()) 43M->42M(63M) 68.352ms
Dec 28 05:19:09 untangle-main uvmconsole: [1600946.453s][info][gc] GC(23361) Pause Young (Normal) (G1 Evacuation Pause) 52M->42M(63M) 3.855ms
Dec 28 05:21:29 untangle-main uvmconsole: [1601086.453s][info][gc] GC(23362) Pause Young (Normal) (G1 Evacuation Pause) 51M->42M(63M) 2.956ms
Dec 28 05:21:45 untangle-main uvmconsole: [1601102.641s][info][gc] GC(23363) Pause Full (System.gc()) 43M->42M(63M) 62.176ms
Dec 28 05:24:10 untangle-main uvmconsole: [1601248.334s][info][gc] GC(23364) Pause Young (Normal) (G1 Evacuation Pause) 52M->42M(63M) 6.064ms
Dec 28 05:26:29 untangle-main uvmconsole: [1601386.455s][info][gc] GC(23365) Pause Young (Normal) (G1 Evacuation Pause) 51M->42M(63M) 3.248ms
Dec 28 05:26:45 untangle-main uvmconsole: [1601402.654s][info][gc] GC(23366) Pause Full (System.gc()) 43M->42M(63M) 75.007ms
Dec 28 05:29:11 untangle-main uvmconsole: [1601548.408s][info][gc] GC(23367) Pause Young (Normal) (G1 Evacuation Pause) 52M->42M(63M) 1.836ms
Dec 28 05:31:29 untangle-main uvmconsole: [1601686.449s][info][gc] GC(23368) Pause Young (Normal) (G1 Evacuation Pause) 51M->42M(63M) 2.263ms
Dec 28 05:31:45 untangle-main uvmconsole: [1601702.648s][info][gc] GC(23369) Pause Full (System.gc()) 43M->42M(63M) 70.469ms
Dec 28 05:34:11 untangle-main uvmconsole: [1601848.904s][info][gc] GC(23370) Pause Young (Normal) (G1 Evacuation Pause) 52M->42M(63M) 8.110ms
Dec 28 05:36:29 untangle-main uvmconsole: [1601986.452s][info][gc] GC(23371) Pause Young (Normal) (G1 Evacuation Pause) 51M->42M(63M) 5.010ms
Dec 28 05:36:45 untangle-main uvmconsole: [1602002.642s][info][gc] GC(23372) Pause Full (System.gc()) 43M->42M(63M) 64.339ms
Dec 28 05:39:09 untangle-main uvmconsole: [1602146.452s][info][gc] GC(23373) Pause Young (Normal) (G1 Evacuation Pause) 52M->42M(63M) 3.695ms
Dec 28 05:41:24 untangle-main uvmconsole: [1602281.981s][info][gc] GC(23374) Pause Young (Normal) (G1 Evacuation Pause) 51M->42M(63M) 8.413ms
Dec 28 05:41:45 untangle-main uvmconsole: [1602302.649s][info][gc] GC(23375) Pause Full (System.gc()) 43M->42M(63M) 69.313ms
Dec 28 05:43:59 untangle-main uvmconsole: [1602436.462s][info][gc] GC(23376) Pause Young (Normal) (G1 Evacuation Pause) 51M->42M(63M) 6.862ms
Dec 28 05:45:59 untangle-main uvmconsole: [1602556.461s][info][gc] GC(23377) Pause Young (Normal) (G1 Evacuation Pause) 50M->42M(63M) 3.326ms
Dec 28 05:46:45 untangle-main uvmconsole: [1602602.628s][info][gc] GC(23378) Pause Full (System.gc()) 45M->42M(63M) 51.199ms
Dec 28 05:48:59 untangle-main uvmconsole: [1602736.464s][info][gc] GC(23379) Pause Young (Normal) (G1 Evacuation Pause) 51M->42M(63M) 13.329ms
Dec 28 05:50:59 untangle-main uvmconsole: [1602856.484s][info][gc] GC(23380) Pause Young (Normal) (G1 Evacuation Pause) 50M->42M(63M) 32.577ms
Dec 28 05:51:45 untangle-main uvmconsole: [1602902.643s][info][gc] GC(23381) Pause Full (System.gc()) 45M->42M(63M) 62.552ms
Dec 28 05:54:09 untangle-main uvmconsole: [1603046.458s][info][gc] GC(23382) Pause Young (Normal) (G1 Evacuation Pause) 52M->42M(63M) 7.370ms
Dec 28 05:56:29 untangle-main uvmconsole: [1603186.456s][info][gc] GC(23383) Pause Young (Normal) (G1 Evacuation Pause) 51M->42M(63M) 5.179ms
Dec 28 05:56:45 untangle-main uvmconsole: [1603202.642s][info][gc] GC(23384) Pause Full (System.gc()) 43M->42M(63M) 63.569ms
Dec 28 05:59:10 untangle-main uvmconsole: [1603348.061s][info][gc] GC(23385) Pause Young (Normal) (G1 Evacuation Pause) 52M->42M(63M) 4.786ms
Dec 28 06:01:29 untangle-main uvmconsole: [1603486.452s][info][gc] GC(23386) Pause Young (Normal) (G1 Evacuation Pause) 51M->42M(63M) 2.216ms
Dec 28 06:01:45 untangle-main uvmconsole: [1603502.612s][info][gc] GC(23387) Pause Full (System.gc()) 43M->42M(63M) 36.482ms
Dec 28 06:04:19 untangle-main uvmconsole: [1603656.451s][info][gc] GC(23388) Pause Young (Normal) (G1 Evacuation Pause) 52M->42M(63M) 3.664ms
Dec 28 06:06:33 untangle-main uvmconsole: [1603790.612s][info][gc] GC(23389) Pause Young (Normal) (G1 Evacuation Pause) 51M->42M(63M) 7.702ms
Dec 28 06:06:45 untangle-main uvmconsole: [1603802.642s][info][gc] GC(23390) Pause Full (System.gc()) 43M->42M(63M) 66.324ms
Dec 28 06:08:49 untangle-main uvmconsole: [1603926.472s][info][gc] GC(23391) Pause Young (Normal) (G1 Evacuation Pause) 51M->42M(63M) 15.427ms
Dec 28 06:10:49 untangle-main uvmconsole: [1604046.455s][info][gc] GC(23392) Pause Young (Normal) (G1 Evacuation Pause) 50M->42M(63M) 5.399ms
Dec 28 06:11:45 untangle-main uvmconsole: [1604102.639s][info][gc] GC(23393) Pause Full (System.gc()) 46M->42M(63M) 61.376ms
Dec 28 06:13:59 untangle-main uvmconsole: [1604236.463s][info][gc] GC(23394) Pause Young (Normal) (G1 Evacuation Pause) 51M->42M(63M) 6.098ms
Dec 28 06:15:59 untangle-main uvmconsole: [1604356.461s][info][gc] GC(23395) Pause Young (Normal) (G1 Evacuation Pause) 50M->42M(63M) 6.546ms
Dec 28 06:16:45 untangle-main uvmconsole: [1604402.641s][info][gc] GC(23396) Pause Full (System.gc()) 45M->42M(63M) 63.592ms
Dec 28 06:18:59 untangle-main uvmconsole: [1604536.465s][info][gc] GC(23397) Pause Young (Normal) (G1 Evacuation Pause) 51M->42M(63M) 4.845ms
Dec 28 06:20:59 untangle-main uvmconsole: [1604656.774s][info][gc] GC(23398) Pause Young (Normal) (G1 Evacuation Pause) 50M->42M(63M) 5.001ms
Dec 28 06:21:45 untangle-main uvmconsole: [1604702.641s][info][gc] GC(23399) Pause Full (System.gc()) 45M->42M(63M) 63.003ms
Dec 28 06:24:19 untangle-main uvmconsole: [1604856.456s][info][gc] GC(23400) Pause Young (Normal) (G1 Evacuation Pause) 52M->42M(63M) 9.609ms
Dec 28 06:26:29 untangle-main uvmconsole: [1604986.725s][info][gc] GC(23401) Pause Young (Normal) (G1 Evacuation Pause) 51M->42M(63M) 7.094ms
Dec 28 06:26:45 untangle-main uvmconsole: [1605002.646s][info][gc] GC(23402) Pause Full (System.gc()) 43M->42M(63M) 69.942ms
Dec 28 06:29:08 untangle-main uvmconsole: [1605145.813s][info][gc] GC(23403) Pause Young (Normal) (G1 Evacuation Pause) 52M->42M(63M) 4.867ms
Dec 28 06:31:19 untangle-main uvmconsole: [1605276.451s][info][gc] GC(23404) Pause Young (Normal) (G1 Evacuation Pause) 51M->42M(63M) 1.692ms
Dec 28 06:31:45 untangle-main uvmconsole: [1605302.616s][info][gc] GC(23405) Pause Full (System.gc()) 43M->42M(63M) 39.341ms
Dec 28 06:33:59 untangle-main uvmconsole: [1605436.453s][info][gc] GC(23406) Pause Young (Normal) (G1 Evacuation Pause) 51M->42M(63M) 2.771ms
Dec 28 06:35:59 untangle-main uvmconsole: [1605556.460s][info][gc] GC(23407) Pause Young (Normal) (G1 Evacuation Pause) 50M->42M(63M) 4.058ms
Dec 28 06:36:45 untangle-main uvmconsole: [1605602.640s][info][gc] GC(23408) Pause Full (System.gc()) 45M->42M(63M) 61.396ms
Dec 28 06:39:09 untangle-main uvmconsole: [1605746.454s][info][gc] GC(23409) Pause Young (Normal) (G1 Evacuation Pause) 52M->42M(63M) 4.738ms
Dec 28 06:41:29 untangle-main uvmconsole: [1605886.452s][info][gc] GC(23410) Pause Young (Normal) (G1 Evacuation Pause) 51M->42M(63M) 4.656ms
Dec 28 06:41:45 untangle-main uvmconsole: [1605902.640s][info][gc] GC(23411) Pause Full (System.gc()) 43M->42M(63M) 60.451ms
Dec 28 06:43:59 untangle-main uvmconsole: [1606036.485s][info][gc] GC(23412) Pause Young (Normal) (G1 Evacuation Pause) 51M->42M(63M) 29.736ms
Dec 28 06:45:59 untangle-main uvmconsole: [1606156.459s][info][gc] GC(23413) Pause Young (Normal) (G1 Evacuation Pause) 50M->42M(63M) 8.533ms
Dec 28 06:46:45 untangle-main uvmconsole: [1606202.624s][info][gc] GC(23414) Pause Full (System.gc()) 45M->42M(63M) 46.571ms
Dec 28 06:49:09 untangle-main uvmconsole: [1606346.463s][info][gc] GC(23415) Pause Young (Normal) (G1 Evacuation Pause) 52M->42M(63M) 5.361ms
Dec 28 06:51:25 untangle-main uvmconsole: [1606483.215s][info][gc] GC(23416) Pause Young (Normal) (G1 Evacuation Pause) 51M->42M(63M) 5.070ms
Dec 28 06:51:45 untangle-main uvmconsole: [1606502.640s][info][gc] GC(23417) Pause Full (System.gc()) 43M->42M(63M) 61.580ms
Dec 28 06:53:59 untangle-main uvmconsole: [1606636.451s][info][gc] GC(23418) Pause Young (Normal) (G1 Evacuation Pause) 51M->42M(63M) 2.107ms
Dec 28 06:55:59 untangle-main uvmconsole: [1606756.460s][info][gc] GC(23419) Pause Young (Normal) (G1 Evacuation Pause) 50M->42M(63M) 4.700ms
Dec 28 06:56:45 untangle-main uvmconsole: [1606802.640s][info][gc] GC(23420) Pause Full (System.gc()) 45M->42M(63M) 62.927ms
Dec 28 06:59:18 untangle-main uvmconsole: [1606956.294s][info][gc] GC(23421) Pause Young (Normal) (G1 Evacuation Pause) 52M->42M(63M) 1.615ms
Dec 28 07:01:29 untangle-main uvmconsole: [1607086.846s][info][gc] GC(23422) Pause Young (Normal) (G1 Evacuation Pause) 51M->42M(63M) 5.686ms
Dec 28 07:01:45 untangle-main uvmconsole: [1607102.641s][info][gc] GC(23423) Pause Full (System.gc()) 43M->42M(63M) 62.178ms
Dec 28 07:04:09 untangle-main uvmconsole: [1607246.450s][info][gc] GC(23424) Pause Young (Normal) (G1 Evacuation Pause) 52M->42M(63M) 2.747ms
Dec 28 07:06:29 untangle-main uvmconsole: [1607386.454s][info][gc] GC(23425) Pause Young (Normal) (G1 Evacuation Pause) 51M->42M(63M) 5.379ms
Dec 28 07:06:45 untangle-main uvmconsole: [1607402.641s][info][gc] GC(23426) Pause Full (System.gc()) 43M->42M(63M) 62.671ms
Dec 28 07:09:05 untangle-main uvmconsole: [1607542.600s][info][gc] GC(23427) Pause Young (Normal) (G1 Evacuation Pause) 52M->42M(63M) 6.070ms
Dec 28 07:11:19 untangle-main uvmconsole: [1607676.462s][info][gc] GC(23428) Pause Young (Normal) (G1 Evacuation Pause) 51M->42M(63M) 7.225ms
Dec 28 07:11:45 untangle-main uvmconsole: [1607702.638s][info][gc] GC(23429) Pause Full (System.gc()) 43M->42M(63M) 61.006ms
Dec 28 07:13:59 untangle-main uvmconsole: [1607836.466s][info][gc] GC(23430) Pause Young (Normal) (G1 Evacuation Pause) 51M->42M(63M) 8.861ms
Dec 28 07:16:02 untangle-main uvmconsole: [1607959.710s][info][gc] GC(23431) Pause Young (Normal) (G1 Evacuation Pause) 50M->42M(63M) 4.569ms
Dec 28 07:16:45 untangle-main uvmconsole: [1608002.627s][info][gc] GC(23432) Pause Full (System.gc()) 45M->42M(63M) 49.870ms
Dec 28 07:19:09 untangle-main uvmconsole: [1608147.360s][info][gc] GC(23433) Pause Young (Normal) (G1 Evacuation Pause) 52M->42M(63M) 7.781ms
Dec 28 07:21:22 untangle-main uvmconsole: [1608280.319s][info][gc] GC(23434) Pause Young (Normal) (G1 Evacuation Pause) 51M->42M(63M) 25.076ms
Dec 28 07:21:45 untangle-main uvmconsole: [1608302.641s][info][gc] GC(23435) Pause Full (System.gc()) 43M->42M(63M) 63.044ms
Dec 28 07:23:59 untangle-main uvmconsole: [1608436.462s][info][gc] GC(23436) Pause Young (Normal) (G1 Evacuation Pause) 51M->42M(63M) 5.326ms
Dec 28 07:25:59 untangle-main uvmconsole: [1608556.453s][info][gc] GC(23437) Pause Young (Normal) (G1 Evacuation Pause) 50M->42M(63M) 3.599ms
Dec 28 07:26:45 untangle-main uvmconsole: [1608602.643s][info][gc] GC(23438) Pause Full (System.gc()) 45M->42M(63M) 65.507ms
Dec 28 07:29:19 untangle-main uvmconsole: [1608756.453s][info][gc] GC(23439) Pause Young (Normal) (G1 Evacuation Pause) 52M->42M(63M) 6.577ms
Dec 28 07:31:29 untangle-main uvmconsole: [1608887.194s][info][gc] GC(23440) Pause Young (Normal) (G1 Evacuation Pause) 51M->42M(63M) 2.466ms
Dec 28 07:31:45 untangle-main uvmconsole: [1608902.642s][info][gc] GC(23441) Pause Full (System.gc()) 43M->42M(63M) 64.233ms
Dec 28 07:34:19 untangle-main uvmconsole: [1609056.448s][info][gc] GC(23442) Pause Young (Normal) (G1 Evacuation Pause) 52M->42M(63M) 1.693ms
Dec 28 07:36:30 untangle-main uvmconsole: [1609187.906s][info][gc] GC(23443) Pause Young (Normal) (G1 Evacuation Pause) 51M->42M(63M) 4.597ms
Dec 28 07:36:45 untangle-main uvmconsole: [1609202.623s][info][gc] GC(23444) Pause Full (System.gc()) 43M->42M(63M) 44.023ms
Dec 28 07:39:09 untangle-main uvmconsole: [1609346.453s][info][gc] GC(23445) Pause Young (Normal) (G1 Evacuation Pause) 52M->42M(63M) 4.961ms
Dec 28 07:41:19 untangle-main uvmconsole: [1609476.458s][info][gc] GC(23446) Pause Young (Normal) (G1 Evacuation Pause) 51M->42M(63M) 4.609ms
Dec 28 07:41:45 untangle-main uvmconsole: [1609502.646s][info][gc] GC(23447) Pause Full (System.gc()) 43M->42M(63M) 68.565ms
Dec 28 07:44:12 untangle-main uvmconsole: [1609649.768s][info][gc] GC(23448) Pause Young (Normal) (G1 Evacuation Pause) 52M->42M(63M) 5.234ms
Dec 28 07:46:29 untangle-main uvmconsole: [1609786.460s][info][gc] GC(23449) Pause Young (Normal) (G1 Evacuation Pause) 51M->42M(63M) 4.147ms
Dec 28 07:46:45 untangle-main uvmconsole: [1609802.647s][info][gc] GC(23450) Pause Full (System.gc()) 43M->42M(63M) 67.767ms
Dec 28 07:49:19 untangle-main uvmconsole: [1609956.453s][info][gc] GC(23451) Pause Young (Normal) (G1 Evacuation Pause) 52M->42M(63M) 4.400ms
Dec 28 07:51:39 untangle-main uvmconsole: [1610096.455s][info][gc] GC(23452) Pause Young (Normal) (G1 Evacuation Pause) 51M->42M(63M) 6.124ms
Dec 28 07:51:45 untangle-main uvmconsole: [1610102.657s][info][gc] GC(23453) Pause Full (System.gc()) 43M->42M(63M) 78.072ms
Dec 28 07:54:09 untangle-main uvmconsole: [1610246.459s][info][gc] GC(23454) Pause Young (Normal) (G1 Evacuation Pause) 52M->42M(63M) 6.574ms
Dec 28 07:56:29 untangle-main uvmconsole: [1610386.452s][info][gc] GC(23455) Pause Young (Normal) (G1 Evacuation Pause) 51M->42M(63M) 3.334ms
Dec 28 07:56:45 untangle-main uvmconsole: [1610402.646s][info][gc] GC(23456) Pause Full (System.gc()) 43M->42M(63M) 66.253ms
Dec 28 07:59:17 untangle-main uvmconsole: [1610554.955s][info][gc] GC(23457) Pause Young (Normal) (G1 Evacuation Pause) 52M->42M(63M) 3.761ms
Dec 28 08:01:29 untangle-main uvmconsole: [1610686.450s][info][gc] GC(23458) Pause Young (Normal) (G1 Evacuation Pause) 51M->42M(63M) 1.867ms
Dec 28 08:01:45 untangle-main uvmconsole: [1610702.633s][info][gc] GC(23459) Pause Full (System.gc()) 43M->42M(63M) 53.708ms
Dec 28 08:03:59 untangle-main uvmconsole: [1610836.458s][info][gc] GC(23460) Pause Young (Normal) (G1 Evacuation Pause) 51M->42M(63M) 3.847ms
Dec 28 08:05:59 untangle-main uvmconsole: [1610956.459s][info][gc] GC(23461) Pause Young (Normal) (G1 Evacuation Pause) 50M->42M(63M) 5.896ms
Dec 28 08:06:45 untangle-main uvmconsole: [1611002.617s][info][gc] GC(23462) Pause Full (System.gc()) 45M->42M(63M) 41.192ms
Dec 28 08:09:09 untangle-main uvmconsole: [1611146.455s][info][gc] GC(23463) Pause Young (Normal) (G1 Evacuation Pause) 52M->42M(63M) 6.162ms
Dec 28 08:11:19 untangle-main uvmconsole: [1611276.461s][info][gc] GC(23464) Pause Young (Normal) (G1 Evacuation Pause) 51M->42M(63M) 4.978ms
Dec 28 08:11:45 untangle-main uvmconsole: [1611302.643s][info][gc] GC(23465) Pause Full (System.gc()) 43M->42M(63M) 63.193ms
Dec 28 08:14:11 untangle-main uvmconsole: [1611448.872s][info][gc] GC(23466) Pause Young (Normal) (G1 Evacuation Pause) 52M->42M(63M) 2.462ms
Dec 28 08:16:29 untangle-main uvmconsole: [1611586.454s][info][gc] GC(23467) Pause Young (Normal) (G1 Evacuation Pause) 51M->42M(63M) 4.473ms
Dec 28 08:16:45 untangle-main uvmconsole: [1611602.636s][info][gc] GC(23468) Pause Full (System.gc()) 43M->42M(63M) 59.330ms
Dec 28 08:18:59 untangle-main uvmconsole: [1611736.470s][info][gc] GC(23469) Pause Young (Normal) (G1 Evacuation Pause) 51M->42M(63M) 15.047ms
Dec 28 08:20:59 untangle-main uvmconsole: [1611856.466s][info][gc] GC(23470) Pause Young (Normal) (G1 Evacuation Pause) 50M->42M(63M) 9.861ms
Dec 28 08:21:45 untangle-main uvmconsole: [1611902.638s][info][gc] GC(23471) Pause Full (System.gc()) 45M->42M(63M) 60.744ms
Dec 28 08:24:19 untangle-main uvmconsole: [1612056.455s][info][gc] GC(23472) Pause Young (Normal) (G1 Evacuation Pause) 52M->42M(63M) 5.391ms
Dec 28 08:26:29 untangle-main uvmconsole: [1612186.788s][info][gc] GC(23473) Pause Young (Normal) (G1 Evacuation Pause) 51M->42M(63M) 3.973ms
Dec 28 08:26:45 untangle-main uvmconsole: [1612202.641s][info][gc] GC(23474) Pause Full (System.gc()) 43M->42M(63M) 61.531ms
Dec 28 08:28:59 untangle-main uvmconsole: [1612336.454s][info][gc] GC(23475) Pause Young (Normal) (G1 Evacuation Pause) 51M->42M(63M) 4.448ms
Dec 28 08:30:59 untangle-main uvmconsole: [1612456.449s][info][gc] GC(23476) Pause Young (Normal) (G1 Evacuation Pause) 50M->42M(63M) 1.986ms
Dec 28 08:31:45 untangle-main uvmconsole: [1612502.618s][info][gc] GC(23477) Pause Full (System.gc()) 45M->42M(63M) 40.750ms
Dec 28 08:33:59 untangle-main uvmconsole: [1612636.450s][info][gc] GC(23478) Pause Young (Normal) (G1 Evacuation Pause) 51M->42M(63M) 1.814ms
Dec 28 08:35:59 untangle-main uvmconsole: [1612756.454s][info][gc] GC(23479) Pause Young (Normal) (G1 Evacuation Pause) 50M->42M(63M) 2.691ms
Dec 28 08:36:45 untangle-main uvmconsole: [1612802.647s][info][gc] GC(23480) Pause Full (System.gc()) 45M->42M(63M) 68.574ms
Dec 28 08:38:59 untangle-main uvmconsole: [1612936.449s][info][gc] GC(23481) Pause Young (Normal) (G1 Evacuation Pause) 51M->42M(63M) 1.769ms
Dec 28 08:40:59 untangle-main uvmconsole: [1613056.456s][info][gc] GC(23482) Pause Young (Normal) (G1 Evacuation Pause) 50M->42M(63M) 6.655ms
Dec 28 08:41:45 untangle-main uvmconsole: [1613102.618s][info][gc] GC(23483) Pause Full (System.gc()) 45M->42M(63M) 41.613ms
Dec 28 08:43:59 untangle-main uvmconsole: [1613236.451s][info][gc] GC(23484) Pause Young (Normal) (G1 Evacuation Pause) 51M->42M(63M) 2.197ms
Dec 28 08:45:59 untangle-main uvmconsole: [1613356.453s][info][gc] GC(23485) Pause Young (Normal) (G1 Evacuation Pause) 50M->42M(63M) 3.187ms
Dec 28 08:46:45 untangle-main uvmconsole: [1613402.645s][info][gc] GC(23486) Pause Full (System.gc()) 45M->42M(63M) 65.237ms
Dec 28 08:49:12 untangle-main uvmconsole: [1613549.708s][info][gc] GC(23487) Pause Young (Normal) (G1 Evacuation Pause) 52M->42M(63M) 9.030ms
Dec 28 08:51:29 untangle-main uvmconsole: [1613686.477s][info][gc] GC(23488) Pause Young (Normal) (G1 Evacuation Pause) 51M->42M(63M) 28.357ms
Dec 28 08:51:45 untangle-main uvmconsole: [1613702.665s][info][gc] GC(23489) Pause Full (System.gc()) 43M->42M(63M) 88.107ms
Dec 28 08:54:13 untangle-main uvmconsole: [1613850.781s][info][gc] GC(23490) Pause Young (Normal) (G1 Evacuation Pause) 52M->42M(63M) 8.953ms
Dec 28 08:56:29 untangle-main uvmconsole: [1613987.304s][info][gc] GC(23491) Pause Young (Normal) (G1 Evacuation Pause) 51M->42M(63M) 2.187ms
Dec 28 08:56:45 untangle-main uvmconsole: [1614002.620s][info][gc] GC(23492) Pause Full (System.gc()) 43M->42M(63M) 40.436ms
Dec 28 08:59:19 untangle-main uvmconsole: [1614156.471s][info][gc] GC(23493) Pause Young (Normal) (G1 Evacuation Pause) 52M->42M(63M) 22.975ms
Dec 28 09:01:39 untangle-main uvmconsole: [1614296.453s][info][gc] GC(23494) Pause Young (Normal) (G1 Evacuation Pause) 51M->42M(63M) 4.411ms
Dec 28 09:01:45 untangle-main uvmconsole: [1614302.625s][info][gc] GC(23495) Pause Full (System.gc()) 42M->42M(63M) 48.794ms
Dec 28 09:04:12 untangle-main uvmconsole: [1614450.295s][info][gc] GC(23496) Pause Young (Normal) (G1 Evacuation Pause) 52M->42M(63M) 2.577ms
Dec 28 09:06:23 untangle-main uvmconsole: [1614580.540s][info][gc] GC(23497) Pause Young (Normal) (G1 Evacuation Pause) 51M->42M(63M) 2.674ms
Dec 28 09:06:45 untangle-main uvmconsole: [1614602.618s][info][gc] GC(23498) Pause Full (System.gc()) 43M->42M(63M) 41.503ms
Dec 28 09:09:09 untangle-main uvmconsole: [1614746.449s][info][gc] GC(23499) Pause Young (Normal) (G1 Evacuation Pause) 52M->42M(63M) 2.717ms
Dec 28 09:11:19 untangle-main uvmconsole: [1614876.455s][info][gc] GC(23500) Pause Young (Normal) (G1 Evacuation Pause) 51M->42M(63M) 6.649ms
Dec 28 09:11:45 untangle-main uvmconsole: [1614902.636s][info][gc] GC(23501) Pause Full (System.gc()) 44M->42M(63M) 59.552ms
Dec 28 09:13:59 untangle-main uvmconsole: [1615036.453s][info][gc] GC(23502) Pause Young (Normal) (G1 Evacuation Pause) 51M->42M(63M) 3.195ms
Dec 28 09:15:59 untangle-main uvmconsole: [1615156.456s][info][gc] GC(23503) Pause Young (Normal) (G1 Evacuation Pause) 50M->42M(63M) 2.282ms
Dec 28 09:16:45 untangle-main uvmconsole: [1615202.643s][info][gc] GC(23504) Pause Full (System.gc()) 45M->42M(63M) 63.418ms
Dec 28 09:18:59 untangle-main uvmconsole: [1615336.461s][info][gc] GC(23505) Pause Young (Normal) (G1 Evacuation Pause) 51M->42M(63M) 4.677ms
Dec 28 09:20:59 untangle-main uvmconsole: [1615456.460s][info][gc] GC(23506) Pause Young (Normal) (G1 Evacuation Pause) 50M->42M(63M) 4.087ms
Dec 28 09:21:45 untangle-main uvmconsole: [1615502.639s][info][gc] GC(23507) Pause Full (System.gc()) 45M->42M(63M) 62.052ms
Dec 28 09:23:59 untangle-main uvmconsole: [1615636.462s][info][gc] GC(23508) Pause Young (Normal) (G1 Evacuation Pause) 51M->42M(63M) 6.765ms
Dec 28 09:25:59 untangle-main uvmconsole: [1615756.455s][info][gc] GC(23509) Pause Young (Normal) (G1 Evacuation Pause) 50M->42M(63M) 6.787ms
Dec 28 09:26:45 untangle-main uvmconsole: [1615802.640s][info][gc] GC(23510) Pause Full (System.gc()) 45M->42M(63M) 62.229ms
Dec 28 09:28:59 untangle-main uvmconsole: [1615936.466s][info][gc] GC(23511) Pause Young (Normal) (G1 Evacuation Pause) 51M->42M(63M) 5.299ms
Dec 28 09:30:59 untangle-main uvmconsole: [1616056.461s][info][gc] GC(23512) Pause Young (Normal) (G1 Evacuation Pause) 50M->42M(63M) 5.475ms
Dec 28 09:31:45 untangle-main uvmconsole: [1616102.641s][info][gc] GC(23513) Pause Full (System.gc()) 45M->42M(63M) 64.155ms
Dec 28 09:34:19 untangle-main uvmconsole: [1616256.457s][info][gc] GC(23514) Pause Young (Normal) (G1 Evacuation Pause) 52M->42M(63M) 8.998ms
Dec 28 09:36:39 untangle-main uvmconsole: [1616396.453s][info][gc] GC(23515) Pause Young (Normal) (G1 Evacuation Pause) 51M->42M(63M) 6.323ms
Dec 28 09:36:45 untangle-main uvmconsole: [1616402.640s][info][gc] GC(23516) Pause Full (System.gc()) 43M->42M(63M) 64.061ms
Dec 28 09:38:49 untangle-main uvmconsole: [1616526.459s][info][gc] GC(23517) Pause Young (Normal) (G1 Evacuation Pause) 51M->42M(63M) 4.086ms
Dec 28 09:40:49 untangle-main uvmconsole: [1616646.469s][info][gc] GC(23518) Pause Young (Normal) (G1 Evacuation Pause) 50M->42M(63M) 5.430ms
Dec 28 09:41:45 untangle-main uvmconsole: [1616702.635s][info][gc] GC(23519) Pause Full (System.gc()) 46M->42M(63M) 58.319ms
Dec 28 09:44:10 untangle-main uvmconsole: [1616847.561s][info][gc] GC(23520) Pause Young (Normal) (G1 Evacuation Pause) 52M->42M(63M) 2.022ms
Dec 28 09:46:29 untangle-main uvmconsole: [1616986.448s][info][gc] GC(23521) Pause Young (Normal) (G1 Evacuation Pause) 51M->42M(63M) 1.745ms
Dec 28 09:46:45 untangle-main uvmconsole: [1617002.644s][info][gc] GC(23522) Pause Full (System.gc()) 43M->42M(63M) 64.981ms
Dec 28 09:49:14 untangle-main uvmconsole: [1617151.440s][info][gc] GC(23523) Pause Young (Normal) (G1 Evacuation Pause) 52M->42M(63M) 5.300ms
Dec 28 09:51:29 untangle-main uvmconsole: [1617286.735s][info][gc] GC(23524) Pause Young (Normal) (G1 Evacuation Pause) 51M->42M(63M) 7.389ms
Dec 28 09:51:45 untangle-main uvmconsole: [1617302.636s][info][gc] GC(23525) Pause Full (System.gc()) 43M->42M(63M) 58.948ms
Dec 28 09:54:29 untangle-main uvmconsole: [1617466.456s][info][gc] GC(23526) Pause Young (Normal) (G1 Evacuation Pause) 53M->42M(63M) 2.340ms
Dec 28 09:56:45 untangle-main uvmconsole: [1617602.628s][info][gc] GC(23527) Pause Full (System.gc()) 51M->42M(63M) 50.254ms
Dec 28 09:58:59 untangle-main uvmconsole: [1617736.488s][info][gc] GC(23528) Pause Young (Normal) (G1 Evacuation Pause) 51M->42M(63M) 37.956ms
Dec 28 10:00:59 untangle-main uvmconsole: [1617856.462s][info][gc] GC(23529) Pause Young (Normal) (G1 Evacuation Pause) 50M->42M(63M) 10.546ms
Dec 28 10:01:45 untangle-main uvmconsole: [1617902.620s][info][gc] GC(23530) Pause Full (System.gc()) 45M->42M(63M) 41.555ms
Dec 28 10:04:10 untangle-main uvmconsole: [1618047.824s][info][gc] GC(23531) Pause Young (Normal) (G1 Evacuation Pause) 52M->42M(63M) 1.483ms
Dec 28 10:06:20 untangle-main uvmconsole: [1618177.958s][info][gc] GC(23532) Pause Young (Normal) (G1 Evacuation Pause) 51M->42M(63M) 4.922ms
Dec 28 10:06:45 untangle-main uvmconsole: [1618202.628s][info][gc] GC(23533) Pause Full (System.gc()) 44M->42M(63M) 50.158ms
Dec 28 10:08:57 untangle-main uvmconsole: [1618335.211s][info][gc] GC(23534) Pause Young (Normal) (G1 Evacuation Pause) 51M->42M(63M) 1.949ms
Dec 28 10:10:59 untangle-main uvmconsole: [1618456.453s][info][gc] GC(23535) Pause Young (Normal) (G1 Evacuation Pause) 50M->42M(63M) 4.669ms
Dec 28 10:11:45 untangle-main uvmconsole: [1618502.638s][info][gc] GC(23536) Pause Full (System.gc()) 45M->42M(63M) 61.302ms
Dec 28 10:13:59 untangle-main uvmconsole: [1618636.456s][info][gc] GC(23537) Pause Young (Normal) (G1 Evacuation Pause) 51M->42M(63M) 3.963ms
Dec 28 10:15:59 untangle-main uvmconsole: [1618756.451s][info][gc] GC(23538) Pause Young (Normal) (G1 Evacuation Pause) 50M->42M(63M) 2.382ms
Dec 28 10:16:45 untangle-main uvmconsole: [1618802.637s][info][gc] GC(23539) Pause Full (System.gc()) 45M->42M(63M) 59.665ms
Dec 28 10:19:09 untangle-main uvmconsole: [1618946.450s][info][gc] GC(23540) Pause Young (Normal) (G1 Evacuation Pause) 52M->42M(63M) 1.852ms
Dec 28 10:21:29 untangle-main uvmconsole: [1619086.449s][info][gc] GC(23541) Pause Young (Normal) (G1 Evacuation Pause) 51M->42M(63M) 1.884ms
Dec 28 10:21:45 untangle-main uvmconsole: [1619102.616s][info][gc] GC(23542) Pause Full (System.gc()) 43M->42M(63M) 39.283ms
Dec 28 10:24:10 untangle-main uvmconsole: [1619248.068s][info][gc] GC(23543) Pause Young (Normal) (G1 Evacuation Pause) 52M->42M(63M) 7.135ms
Dec 28 10:26:29 untangle-main uvmconsole: [1619386.455s][info][gc] GC(23544) Pause Young (Normal) (G1 Evacuation Pause) 51M->42M(63M) 5.643ms
Dec 28 10:26:45 untangle-main uvmconsole: [1619402.642s][info][gc] GC(23545) Pause Full (System.gc()) 43M->42M(63M) 64.274ms
Dec 28 10:29:12 untangle-main uvmconsole: [1619549.726s][info][gc] GC(23546) Pause Young (Normal) (G1 Evacuation Pause) 52M->42M(63M) 6.659ms
Dec 28 10:31:29 untangle-main uvmconsole: [1619686.461s][info][gc] GC(23547) Pause Young (Normal) (G1 Evacuation Pause) 51M->42M(63M) 6.121ms
Dec 28 10:31:45 untangle-main uvmconsole: [1619702.633s][info][gc] GC(23548) Pause Full (System.gc()) 43M->42M(63M) 54.586ms
Dec 28 10:34:09 untangle-main uvmconsole: [1619846.453s][info][gc] GC(23549) Pause Young (Normal) (G1 Evacuation Pause) 52M->42M(63M) 2.073ms
Dec 28 10:36:29 untangle-main uvmconsole: [1619986.450s][info][gc] GC(23550) Pause Young (Normal) (G1 Evacuation Pause) 51M->42M(63M) 4.915ms
Dec 28 10:36:45 untangle-main uvmconsole: [1620002.626s][info][gc] GC(23551) Pause Full (System.gc()) 43M->42M(63M) 48.361ms
Dec 28 10:39:09 untangle-main uvmconsole: [1620146.450s][info][gc] GC(23552) Pause Young (Normal) (G1 Evacuation Pause) 52M->42M(63M) 2.003ms
Dec 28 10:41:25 untangle-main uvmconsole: [1620283.202s][info][gc] GC(23553) Pause Young (Normal) (G1 Evacuation Pause) 51M->42M(63M) 9.734ms
Dec 28 10:41:45 untangle-main uvmconsole: [1620302.639s][info][gc] GC(23554) Pause Full (System.gc()) 43M->42M(63M) 60.378ms
Dec 28 10:44:14 untangle-main uvmconsole: [1620452.099s][info][gc] GC(23555) Pause Young (Normal) (G1 Evacuation Pause) 52M->42M(63M) 7.053ms
Dec 28 10:46:29 untangle-main uvmconsole: [1620586.451s][info][gc] GC(23556) Pause Young (Normal) (G1 Evacuation Pause) 51M->42M(63M) 4.345ms
Dec 28 10:46:45 untangle-main uvmconsole: [1620602.630s][info][gc] GC(23557) Pause Full (System.gc()) 43M->42M(63M) 51.574ms
Dec 28 10:49:14 untangle-main uvmconsole: [1620752.166s][info][gc] GC(23558) Pause Young (Normal) (G1 Evacuation Pause) 52M->42M(63M) 3.849ms
Dec 28 10:51:29 untangle-main uvmconsole: [1620886.453s][info][gc] GC(23559) Pause Young (Normal) (G1 Evacuation Pause) 51M->42M(63M) 7.103ms
Dec 28 10:51:45 untangle-main uvmconsole: [1620902.638s][info][gc] GC(23560) Pause Full (System.gc()) 43M->42M(63M) 59.894ms
Dec 28 10:54:11 untangle-main uvmconsole: [1621048.818s][info][gc] GC(23561) Pause Young (Normal) (G1 Evacuation Pause) 52M->42M(63M) 25.600ms
Dec 28 10:56:29 untangle-main uvmconsole: [1621186.449s][info][gc] GC(23562) Pause Young (Normal) (G1 Evacuation Pause) 51M->42M(63M) 1.470ms
Dec 28 10:56:45 untangle-main uvmconsole: [1621202.622s][info][gc] GC(23563) Pause Full (System.gc()) 43M->42M(63M) 46.039ms
Dec 28 10:58:59 untangle-main uvmconsole: [1621336.453s][info][gc] GC(23564) Pause Young (Normal) (G1 Evacuation Pause) 51M->42M(63M) 4.848ms
Dec 28 11:00:59 untangle-main uvmconsole: [1621456.452s][info][gc] GC(23565) Pause Young (Normal) (G1 Evacuation Pause) 50M->42M(63M) 1.962ms
Dec 28 11:01:45 untangle-main uvmconsole: [1621502.636s][info][gc] GC(23566) Pause Full (System.gc()) 45M->42M(63M) 57.470ms
Dec 28 11:04:09 untangle-main uvmconsole: [1621646.449s][info][gc] GC(23567) Pause Young (Normal) (G1 Evacuation Pause) 52M->42M(63M) 1.630ms
Dec 28 11:06:29 untangle-main uvmconsole: [1621786.450s][info][gc] GC(23568) Pause Young (Normal) (G1 Evacuation Pause) 51M->42M(63M) 3.358ms
Dec 28 11:06:45 untangle-main uvmconsole: [1621802.630s][info][gc] GC(23569) Pause Full (System.gc()) 43M->42M(63M) 51.772ms
Dec 28 11:09:02 untangle-main uvmconsole: [1621939.396s][info][gc] GC(23570) Pause Young (Normal) (G1 Evacuation Pause) 52M->42M(63M) 1.862ms
Dec 28 11:11:18 untangle-main uvmconsole: [1622075.569s][info][gc] GC(23571) Pause Young (Normal) (G1 Evacuation Pause) 51M->42M(63M) 2.882ms
Dec 28 11:11:45 untangle-main uvmconsole: [1622102.630s][info][gc] GC(23572) Pause Full (System.gc()) 44M->42M(63M) 51.540ms
Dec 28 11:14:19 untangle-main uvmconsole: [1622256.453s][info][gc] GC(23573) Pause Young (Normal) (G1 Evacuation Pause) 52M->42M(63M) 4.902ms
Dec 28 11:16:29 untangle-main uvmconsole: [1622386.844s][info][gc] GC(23574) Pause Young (Normal) (G1 Evacuation Pause) 51M->42M(63M) 5.837ms
Dec 28 11:16:45 untangle-main uvmconsole: [1622402.639s][info][gc] GC(23575) Pause Full (System.gc()) 43M->42M(63M) 59.600ms
Dec 28 11:19:19 untangle-main uvmconsole: [1622556.452s][info][gc] GC(23576) Pause Young (Normal) (G1 Evacuation Pause) 52M->42M(63M) 4.215ms
Dec 28 11:21:29 untangle-main uvmconsole: [1622687.200s][info][gc] GC(23577) Pause Young (Normal) (G1 Evacuation Pause) 51M->42M(63M) 9.206ms
Dec 28 11:21:45 untangle-main uvmconsole: [1622702.630s][info][gc] GC(23578) Pause Full (System.gc()) 43M->42M(63M) 51.234ms
Dec 28 11:23:59 untangle-main uvmconsole: [1622836.453s][info][gc] GC(23579) Pause Young (Normal) (G1 Evacuation Pause) 51M->42M(63M) 3.296ms
Dec 28 11:25:50 untangle-main uvmconsole: [1622947.427s][info][gc] GC(23580) Pause Young (Normal) (G1 Evacuation Pause) 50M->42M(63M) 7.671ms
Dec 28 11:26:45 untangle-main uvmconsole: [1623002.646s][info][gc] GC(23581) Pause Full (System.gc()) 45M->42M(63M) 68.327ms
Dec 28 11:29:09 untangle-main uvmconsole: [1623146.497s][info][gc] GC(23582) Pause Young (Normal) (G1 Evacuation Pause) 52M->42M(63M) 43.369ms
Dec 28 11:31:29 untangle-main uvmconsole: [1623286.465s][info][gc] GC(23583) Pause Young (Normal) (G1 Evacuation Pause) 51M->42M(63M) 14.214ms
Dec 28 11:31:45 untangle-main uvmconsole: [1623302.638s][info][gc] GC(23584) Pause Full (System.gc()) 43M->42M(63M) 60.781ms
Dec 28 11:33:59 untangle-main uvmconsole: [1623436.451s][info][gc] GC(23585) Pause Young (Normal) (G1 Evacuation Pause) 51M->42M(63M) 1.770ms
Dec 28 11:35:59 untangle-main uvmconsole: [1623556.469s][info][gc] GC(23586) Pause Young (Normal) (G1 Evacuation Pause) 50M->42M(63M) 14.766ms
Dec 28 11:36:45 untangle-main uvmconsole: [1623602.638s][info][gc] GC(23587) Pause Full (System.gc()) 45M->42M(63M) 60.814ms
Dec 28 11:38:50 untangle-main uvmconsole: [1623728.042s][info][gc] GC(23588) Pause Young (Normal) (G1 Evacuation Pause) 51M->42M(63M) 3.082ms
Dec 28 11:40:52 untangle-main uvmconsole: [1623850.086s][info][gc] GC(23589) Pause Young (Normal) (G1 Evacuation Pause) 50M->42M(63M) 65.990ms
Dec 28 11:41:45 untangle-main uvmconsole: [1623902.635s][info][gc] GC(23590) Pause Full (System.gc()) 45M->42M(63M) 57.937ms
Dec 28 11:43:39 untangle-main uvmconsole: [1624016.476s][info][gc] GC(23591) Pause Young (Normal) (G1 Evacuation Pause) 50M->42M(63M) 29.334ms
Dec 28 11:45:24 untangle-main uvmconsole: [1624122.078s][info][gc] GC(23592) Pause Young (Normal) (G1 Evacuation Pause) 49M->42M(63M) 2.380ms
Dec 28 11:46:45 untangle-main uvmconsole: [1624202.627s][info][gc] GC(23593) Pause Full (System.gc()) 47M->42M(63M) 49.566ms
Dec 28 11:49:19 untangle-main uvmconsole: [1624356.454s][info][gc] GC(23594) Pause Young (Normal) (G1 Evacuation Pause) 52M->42M(63M) 2.912ms
Dec 28 11:51:39 untangle-main uvmconsole: [1624496.468s][info][gc] GC(23595) Pause Young (Normal) (G1 Evacuation Pause) 51M->42M(63M) 7.735ms
Dec 28 11:51:45 untangle-main uvmconsole: [1624502.706s][info][gc] GC(23596) Pause Full (System.gc()) 42M->42M(63M) 126.822ms
Dec 28 11:54:19 untangle-main uvmconsole: [1624656.450s][info][gc] GC(23597) Pause Young (Normal) (G1 Evacuation Pause) 52M->42M(63M) 3.130ms
Dec 28 11:56:34 untangle-main uvmconsole: [1624791.613s][info][gc] GC(23598) Pause Young (Normal) (G1 Evacuation Pause) 51M->42M(63M) 14.699ms
Dec 28 11:56:45 untangle-main uvmconsole: [1624802.689s][info][gc] GC(23599) Pause Full (System.gc()) 43M->42M(63M) 109.169ms
Dec 28 11:59:19 untangle-main uvmconsole: [1624956.450s][info][gc] GC(23600) Pause Young (Normal) (G1 Evacuation Pause) 52M->42M(63M) 2.464ms
Dec 28 12:01:29 untangle-main uvmconsole: [1625086.461s][info][gc] GC(23601) Pause Young (Normal) (G1 Evacuation Pause) 51M->42M(63M) 6.186ms
Dec 28 12:01:45 untangle-main uvmconsole: [1625102.631s][info][gc] GC(23602) Pause Full (System.gc()) 43M->42M(63M) 53.583ms
Dec 28 12:04:09 untangle-main uvmconsole: [1625246.629s][info][gc] GC(23603) Pause Young (Normal) (G1 Evacuation Pause) 52M->42M(63M) 3.654ms
Dec 28 12:06:29 untangle-main uvmconsole: [1625386.451s][info][gc] GC(23604) Pause Young (Normal) (G1 Evacuation Pause) 51M->42M(63M) 2.885ms
Dec 28 12:06:45 untangle-main uvmconsole: [1625402.635s][info][gc] GC(23605) Pause Full (System.gc()) 43M->42M(63M) 58.152ms
Dec 28 12:08:49 untangle-main uvmconsole: [1625527.289s][info][gc] GC(23606) Pause Young (Normal) (G1 Evacuation Pause) 51M->42M(63M) 3.095ms
Dec 28 12:10:54 untangle-main uvmconsole: [1625652.059s][info][gc] GC(23607) Pause Young (Normal) (G1 Evacuation Pause) 50M->42M(63M) 5.016ms
Dec 28 12:11:45 untangle-main uvmconsole: [1625702.622s][info][gc] GC(23608) Pause Full (System.gc()) 45M->42M(63M) 45.613ms
Dec 28 12:13:59 untangle-main uvmconsole: [1625836.453s][info][gc] GC(23609) Pause Young (Normal) (G1 Evacuation Pause) 51M->42M(63M) 1.996ms
Dec 28 12:15:59 untangle-main uvmconsole: [1625956.451s][info][gc] GC(23610) Pause Young (Normal) (G1 Evacuation Pause) 50M->42M(63M) 2.610ms
Dec 28 12:16:45 untangle-main uvmconsole: [1626002.660s][info][gc] GC(23611) Pause Full (System.gc()) 45M->42M(63M) 82.950ms
Dec 28 12:18:59 untangle-main uvmconsole: [1626136.466s][info][gc] GC(23612) Pause Young (Normal) (G1 Evacuation Pause) 51M->42M(63M) 9.424ms
Dec 28 12:20:59 untangle-main uvmconsole: [1626256.449s][info][gc] GC(23613) Pause Young (Normal) (G1 Evacuation Pause) 50M->42M(63M) 2.520ms
Dec 28 12:21:45 untangle-main uvmconsole: [1626302.646s][info][gc] GC(23614) Pause Full (System.gc()) 45M->42M(63M) 67.332ms
Dec 28 12:24:09 untangle-main uvmconsole: [1626447.214s][info][gc] GC(23615) Pause Young (Normal) (G1 Evacuation Pause) 52M->42M(63M) 3.890ms
Dec 28 12:26:29 untangle-main uvmconsole: [1626586.448s][info][gc] GC(23616) Pause Young (Normal) (G1 Evacuation Pause) 51M->42M(63M) 1.817ms
Dec 28 12:26:45 untangle-main uvmconsole: [1626602.647s][info][gc] GC(23617) Pause Full (System.gc()) 43M->42M(63M) 69.879ms
Dec 28 12:29:29 untangle-main uvmconsole: [1626766.463s][info][gc] GC(23618) Pause Young (Normal) (G1 Evacuation Pause) 53M->42M(63M) 7.222ms
Dec 28 12:31:45 untangle-main uvmconsole: [1626902.644s][info][gc] GC(23619) Pause Full (System.gc()) 50M->42M(63M) 65.411ms
Dec 28 12:33:59 untangle-main uvmconsole: [1627036.453s][info][gc] GC(23620) Pause Young (Normal) (G1 Evacuation Pause) 51M->42M(63M) 3.889ms
Dec 28 12:35:59 untangle-main uvmconsole: [1627156.458s][info][gc] GC(23621) Pause Young (Normal) (G1 Evacuation Pause) 50M->42M(63M) 4.420ms
Dec 28 12:36:45 untangle-main uvmconsole: [1627202.649s][info][gc] GC(23622) Pause Full (System.gc()) 45M->42M(63M) 71.201ms
Dec 28 12:38:50 untangle-main uvmconsole: [1627327.596s][info][gc] GC(23623) Pause Young (Normal) (G1 Evacuation Pause) 51M->42M(63M) 5.534ms
Dec 28 12:40:49 untangle-main uvmconsole: [1627446.449s][info][gc] GC(23624) Pause Young (Normal) (G1 Evacuation Pause) 50M->42M(63M) 2.266ms
Dec 28 12:41:45 untangle-main uvmconsole: [1627502.637s][info][gc] GC(23625) Pause Full (System.gc()) 46M->42M(63M) 59.439ms
Dec 28 12:44:09 untangle-main uvmconsole: [1627646.452s][info][gc] GC(23626) Pause Young (Normal) (G1 Evacuation Pause) 52M->42M(63M) 2.531ms
Dec 28 12:46:29 untangle-main uvmconsole: [1627786.450s][info][gc] GC(23627) Pause Young (Normal) (G1 Evacuation Pause) 51M->42M(63M) 2.737ms
Dec 28 12:46:45 untangle-main uvmconsole: [1627802.643s][info][gc] GC(23628) Pause Full (System.gc()) 43M->42M(63M) 64.450ms
Dec 28 12:49:12 untangle-main uvmconsole: [1627949.488s][info][gc] GC(23629) Pause Young (Normal) (G1 Evacuation Pause) 52M->42M(63M) 4.440ms
Dec 28 12:51:29 untangle-main uvmconsole: [1628086.454s][info][gc] GC(23630) Pause Young (Normal) (G1 Evacuation Pause) 51M->42M(63M) 3.526ms
Dec 28 12:51:45 untangle-main uvmconsole: [1628102.643s][info][gc] GC(23631) Pause Full (System.gc()) 43M->42M(63M) 65.832ms
Dec 28 12:54:29 untangle-main uvmconsole: [1628266.448s][info][gc] GC(23632) Pause Young (Normal) (G1 Evacuation Pause) 53M->42M(63M) 2.160ms
Dec 28 12:56:45 untangle-main uvmconsole: [1628402.638s][info][gc] GC(23633) Pause Full (System.gc()) 51M->42M(63M) 60.798ms
Dec 28 12:58:59 untangle-main uvmconsole: [1628536.464s][info][gc] GC(23634) Pause Young (Normal) (G1 Evacuation Pause) 51M->42M(63M) 7.114ms
Dec 28 13:00:59 untangle-main uvmconsole: [1628656.464s][info][gc] GC(23635) Pause Young (Normal) (G1 Evacuation Pause) 50M->42M(63M) 7.015ms
Dec 28 13:01:45 untangle-main uvmconsole: [1628702.620s][info][gc] GC(23636) Pause Full (System.gc()) 45M->42M(63M) 44.526ms
Dec 28 13:04:09 untangle-main uvmconsole: [1628847.248s][info][gc] GC(23637) Pause Young (Normal) (G1 Evacuation Pause) 52M->42M(63M) 5.130ms
Dec 28 13:06:29 untangle-main uvmconsole: [1628986.482s][info][gc] GC(23638) Pause Young (Normal) (G1 Evacuation Pause) 51M->42M(63M) 35.432ms
Dec 28 13:06:45 untangle-main uvmconsole: [1629002.628s][info][gc] GC(23639) Pause Full (System.gc()) 43M->42M(63M) 49.331ms
Dec 28 13:08:51 untangle-main uvmconsole: [1629128.424s][info][gc] GC(23640) Pause Young (Normal) (G1 Evacuation Pause) 51M->42M(63M) 3.613ms
Dec 28 13:10:52 untangle-main uvmconsole: [1629249.939s][info][gc] GC(23641) Pause Young (Normal) (G1 Evacuation Pause) 50M->42M(63M) 1.787ms
Dec 28 13:11:45 untangle-main uvmconsole: [1629302.624s][info][gc] GC(23642) Pause Full (System.gc()) 45M->42M(63M) 46.903ms
Dec 28 13:13:59 untangle-main uvmconsole: [1629436.463s][info][gc] GC(23643) Pause Young (Normal) (G1 Evacuation Pause) 51M->42M(63M) 13.889ms
Dec 28 13:15:59 untangle-main uvmconsole: [1629556.467s][info][gc] GC(23644) Pause Young (Normal) (G1 Evacuation Pause) 50M->42M(63M) 17.004ms
Dec 28 13:16:45 untangle-main uvmconsole: [1629602.622s][info][gc] GC(23645) Pause Full (System.gc()) 45M->42M(63M) 45.626ms
Dec 28 13:18:59 untangle-main uvmconsole: [1629736.454s][info][gc] GC(23646) Pause Young (Normal) (G1 Evacuation Pause) 51M->42M(63M) 5.494ms
Dec 28 13:20:59 untangle-main uvmconsole: [1629856.448s][info][gc] GC(23647) Pause Young (Normal) (G1 Evacuation Pause) 50M->42M(63M) 1.738ms
Dec 28 13:21:45 untangle-main uvmconsole: [1629902.652s][info][gc] GC(23648) Pause Full (System.gc()) 45M->42M(63M) 75.702ms
Dec 28 13:23:59 untangle-main uvmconsole: [1630036.448s][info][gc] GC(23649) Pause Young (Normal) (G1 Evacuation Pause) 51M->42M(63M) 2.006ms
Dec 28 13:25:59 untangle-main uvmconsole: [1630156.450s][info][gc] GC(23650) Pause Young (Normal) (G1 Evacuation Pause) 50M->42M(63M) 2.767ms
Dec 28 13:26:45 untangle-main uvmconsole: [1630202.628s][info][gc] GC(23651) Pause Full (System.gc()) 45M->42M(63M) 51.385ms
Dec 28 13:28:59 untangle-main uvmconsole: [1630336.459s][info][gc] GC(23652) Pause Young (Normal) (G1 Evacuation Pause) 51M->42M(63M) 8.138ms
Dec 28 13:30:51 untangle-main uvmconsole: [1630448.431s][info][gc] GC(23653) Pause Young (Normal) (G1 Evacuation Pause) 50M->42M(63M) 28.547ms
Dec 28 13:31:45 untangle-main uvmconsole: [1630502.618s][info][gc] GC(23654) Pause Full (System.gc()) 45M->42M(63M) 42.357ms
Dec 28 13:33:59 untangle-main uvmconsole: [1630636.469s][info][gc] GC(23655) Pause Young (Normal) (G1 Evacuation Pause) 51M->42M(63M) 22.298ms
Dec 28 13:35:49 untangle-main uvmconsole: [1630746.729s][info][gc] GC(23656) Pause Young (Normal) (G1 Evacuation Pause) 50M->42M(63M) 12.521ms
Dec 28 13:36:45 untangle-main uvmconsole: [1630802.650s][info][gc] GC(23657) Pause Full (System.gc()) 45M->42M(63M) 71.511ms
Dec 28 13:38:49 untangle-main uvmconsole: [1630926.455s][info][gc] GC(23658) Pause Young (Normal) (G1 Evacuation Pause) 51M->42M(63M) 4.911ms
Dec 28 13:40:42 untangle-main uvmconsole: [1631040.283s][info][gc] GC(23659) Pause Young (Normal) (G1 Evacuation Pause) 50M->42M(63M) 4.566ms
Dec 28 13:41:45 untangle-main uvmconsole: [1631102.620s][info][gc] GC(23660) Pause Full (System.gc()) 46M->42M(63M) 44.182ms
Dec 28 13:43:49 untangle-main uvmconsole: [1631227.063s][info][gc] GC(23661) Pause Young (Normal) (G1 Evacuation Pause) 51M->42M(63M) 2.252ms
Dec 28 13:45:49 untangle-main uvmconsole: [1631346.451s][info][gc] GC(23662) Pause Young (Normal) (G1 Evacuation Pause) 50M->42M(63M) 2.409ms
Dec 28 13:46:45 untangle-main uvmconsole: [1631402.643s][info][gc] GC(23663) Pause Full (System.gc()) 46M->42M(63M) 64.485ms
Dec 28 13:49:02 untangle-main uvmconsole: [1631539.513s][info][gc] GC(23664) Pause Young (Normal) (G1 Evacuation Pause) 52M->42M(63M) 2.487ms
Dec 28 13:51:15 untangle-main uvmconsole: [1631672.522s][info][gc] GC(23665) Pause Young (Normal) (G1 Evacuation Pause) 51M->42M(63M) 5.454ms
Dec 28 13:51:45 untangle-main uvmconsole: [1631702.663s][info][gc] GC(23666) Pause Full (System.gc()) 44M->42M(63M) 85.537ms
Dec 28 13:54:09 untangle-main uvmconsole: [1631846.456s][info][gc] GC(23667) Pause Young (Normal) (G1 Evacuation Pause) 52M->42M(63M) 4.125ms
Dec 28 13:56:19 untangle-main uvmconsole: [1631976.453s][info][gc] GC(23668) Pause Young (Normal) (G1 Evacuation Pause) 51M->42M(63M) 5.331ms
Dec 28 13:56:45 untangle-main uvmconsole: [1632002.622s][info][gc] GC(23669) Pause Full (System.gc()) 43M->42M(63M) 45.085ms
Dec 28 13:59:09 untangle-main uvmconsole: [1632146.460s][info][gc] GC(23670) Pause Young (Normal) (G1 Evacuation Pause) 52M->42M(63M) 7.697ms
Dec 28 14:01:19 untangle-main uvmconsole: [1632276.455s][info][gc] GC(23671) Pause Young (Normal) (G1 Evacuation Pause) 51M->42M(63M) 2.557ms
Dec 28 14:01:45 untangle-main uvmconsole: [1632302.637s][info][gc] GC(23672) Pause Full (System.gc()) 44M->42M(63M) 60.431ms
Dec 28 14:03:59 untangle-main uvmconsole: [1632436.451s][info][gc] GC(23673) Pause Young (Normal) (G1 Evacuation Pause) 51M->42M(63M) 3.467ms
Dec 28 14:05:50 untangle-main uvmconsole: [1632548.150s][info][gc] GC(23674) Pause Young (Normal) (G1 Evacuation Pause) 50M->42M(63M) 4.647ms
Dec 28 14:06:45 untangle-main uvmconsole: [1632602.636s][info][gc] GC(23675) Pause Full (System.gc()) 46M->42M(63M) 58.087ms
Dec 28 14:08:49 untangle-main uvmconsole: [1632726.456s][info][gc] GC(23676) Pause Young (Normal) (G1 Evacuation Pause) 51M->42M(63M) 5.603ms
Dec 28 14:10:46 untangle-main uvmconsole: [1632843.549s][info][gc] GC(23677) Pause Young (Normal) (G1 Evacuation Pause) 50M->42M(63M) 2.218ms
Dec 28 14:11:45 untangle-main uvmconsole: [1632902.652s][info][gc] GC(23678) Pause Full (System.gc()) 46M->42M(63M) 73.922ms
Dec 28 14:13:39 untangle-main uvmconsole: [1633016.449s][info][gc] GC(23679) Pause Young (Normal) (G1 Evacuation Pause) 50M->42M(63M) 1.952ms
Dec 28 14:15:19 untangle-main uvmconsole: [1633116.457s][info][gc] GC(23680) Pause Young (Normal) (G1 Evacuation Pause) 49M->42M(63M) 5.893ms
Dec 28 14:16:45 untangle-main uvmconsole: [1633202.630s][info][gc] GC(23681) Pause Full (System.gc()) 47M->42M(63M) 51.165ms
Dec 28 14:18:51 untangle-main uvmconsole: [1633328.925s][info][gc] GC(23682) Pause Young (Normal) (G1 Evacuation Pause) 51M->42M(63M) 7.121ms
Dec 28 14:20:49 untangle-main uvmconsole: [1633446.453s][info][gc] GC(23683) Pause Young (Normal) (G1 Evacuation Pause) 50M->42M(63M) 4.197ms
Dec 28 14:21:45 untangle-main uvmconsole: [1633502.648s][info][gc] GC(23684) Pause Full (System.gc()) 45M->42M(63M) 70.817ms
Dec 28 14:23:59 untangle-main uvmconsole: [1633636.463s][info][gc] GC(23685) Pause Young (Normal) (G1 Evacuation Pause) 52M->42M(63M) 5.631ms
Dec 28 14:26:12 untangle-main uvmconsole: [1633769.941s][info][gc] GC(23686) Pause Young (Normal) (G1 Evacuation Pause) 51M->42M(63M) 2.980ms
Dec 28 14:26:45 untangle-main uvmconsole: [1633802.629s][info][gc] GC(23687) Pause Full (System.gc()) 44M->42M(63M) 51.406ms
Dec 28 14:29:09 untangle-main uvmconsole: [1633946.449s][info][gc] GC(23688) Pause Young (Normal) (G1 Evacuation Pause) 52M->42M(63M) 1.951ms
Dec 28 14:31:19 untangle-main uvmconsole: [1634076.462s][info][gc] GC(23689) Pause Young (Normal) (G1 Evacuation Pause) 51M->42M(63M) 7.406ms
Dec 28 14:31:45 untangle-main uvmconsole: [1634102.642s][info][gc] GC(23690) Pause Full (System.gc()) 43M->42M(63M) 64.758ms
Dec 28 14:34:09 untangle-main uvmconsole: [1634246.451s][info][gc] GC(23691) Pause Young (Normal) (G1 Evacuation Pause) 52M->42M(63M) 1.869ms
Dec 28 14:36:19 untangle-main uvmconsole: [1634376.449s][info][gc] GC(23692) Pause Young (Normal) (G1 Evacuation Pause) 51M->42M(63M) 1.734ms
Dec 28 14:36:45 untangle-main uvmconsole: [1634402.634s][info][gc] GC(23693) Pause Full (System.gc()) 44M->42M(63M) 57.834ms
Dec 28 14:39:09 untangle-main uvmconsole: [1634546.489s][info][gc] GC(23694) Pause Young (Normal) (G1 Evacuation Pause) 52M->42M(63M) 40.798ms
Dec 28 14:41:13 untangle-main uvmconsole: [1634671.162s][info][gc] GC(23695) Pause Young (Normal) (G1 Evacuation Pause) 51M->42M(63M) 4.403ms
Dec 28 14:41:45 untangle-main uvmconsole: [1634702.646s][info][gc] GC(23696) Pause Full (System.gc()) 44M->42M(63M) 67.946ms
Dec 28 14:44:09 untangle-main uvmconsole: [1634846.453s][info][gc] GC(23697) Pause Young (Normal) (G1 Evacuation Pause) 52M->42M(63M) 4.870ms
Dec 28 14:46:19 untangle-main uvmconsole: [1634976.452s][info][gc] GC(23698) Pause Young (Normal) (G1 Evacuation Pause) 51M->42M(63M) 2.969ms
Dec 28 14:46:45 untangle-main uvmconsole: [1635002.620s][info][gc] GC(23699) Pause Full (System.gc()) 44M->42M(63M) 43.453ms
Dec 28 14:49:09 untangle-main uvmconsole: [1635146.452s][info][gc] GC(23700) Pause Young (Normal) (G1 Evacuation Pause) 52M->42M(63M) 5.003ms
Dec 28 14:51:19 untangle-main uvmconsole: [1635276.462s][info][gc] GC(23701) Pause Young (Normal) (G1 Evacuation Pause) 51M->42M(63M) 4.638ms
Dec 28 14:51:45 untangle-main uvmconsole: [1635302.644s][info][gc] GC(23702) Pause Full (System.gc()) 43M->42M(63M) 66.256ms
Dec 28 14:54:06 untangle-main uvmconsole: [1635444.014s][info][gc] GC(23703) Pause Young (Normal) (G1 Evacuation Pause) 52M->42M(63M) 3.759ms
Dec 28 14:56:19 untangle-main uvmconsole: [1635576.453s][info][gc] GC(23704) Pause Young (Normal) (G1 Evacuation Pause) 51M->42M(63M) 2.948ms
Dec 28 14:56:45 untangle-main uvmconsole: [1635602.639s][info][gc] GC(23705) Pause Full (System.gc()) 44M->42M(63M) 62.024ms
Dec 28 14:58:49 untangle-main uvmconsole: [1635726.449s][info][gc] GC(23706) Pause Young (Normal) (G1 Evacuation Pause) 51M->42M(63M) 2.816ms
Dec 28 15:00:49 untangle-main uvmconsole: [1635846.463s][info][gc] GC(23707) Pause Young (Normal) (G1 Evacuation Pause) 50M->42M(63M) 8.457ms
Dec 28 15:01:45 untangle-main uvmconsole: [1635902.631s][info][gc] GC(23708) Pause Full (System.gc()) 46M->42M(63M) 53.994ms
Dec 28 15:04:09 untangle-main uvmconsole: [1636046.448s][info][gc] GC(23709) Pause Young (Normal) (G1 Evacuation Pause) 52M->42M(63M) 1.630ms
Dec 28 15:06:19 untangle-main uvmconsole: [1636176.453s][info][gc] GC(23710) Pause Young (Normal) (G1 Evacuation Pause) 51M->42M(63M) 5.756ms
Dec 28 15:06:45 untangle-main uvmconsole: [1636202.631s][info][gc] GC(23711) Pause Full (System.gc()) 44M->42M(63M) 51.797ms
Dec 28 15:09:04 untangle-main uvmconsole: [1636342.201s][info][gc] GC(23712) Pause Young (Normal) (G1 Evacuation Pause) 52M->42M(63M) 6.358ms
Dec 28 15:11:19 untangle-main uvmconsole: [1636476.459s][info][gc] GC(23713) Pause Young (Normal) (G1 Evacuation Pause) 51M->42M(63M) 6.565ms
Dec 28 15:11:45 untangle-main uvmconsole: [1636502.617s][info][gc] GC(23714) Pause Full (System.gc()) 44M->42M(63M) 40.564ms
Dec 28 15:13:59 untangle-main uvmconsole: [1636636.460s][info][gc] GC(23715) Pause Young (Normal) (G1 Evacuation Pause) 51M->42M(63M) 4.486ms
Dec 28 15:15:58 untangle-main uvmconsole: [1636756.233s][info][gc] GC(23716) Pause Young (Normal) (G1 Evacuation Pause) 50M->42M(63M) 4.088ms
Dec 28 15:16:45 untangle-main uvmconsole: [1636802.638s][info][gc] GC(23717) Pause Full (System.gc()) 45M->42M(63M) 57.832ms
Dec 28 15:18:59 untangle-main uvmconsole: [1636936.455s][info][gc] GC(23718) Pause Young (Normal) (G1 Evacuation Pause) 51M->42M(63M) 3.360ms
Dec 28 15:20:59 untangle-main uvmconsole: [1637056.453s][info][gc] GC(23719) Pause Young (Normal) (G1 Evacuation Pause) 50M->42M(63M) 2.733ms
Dec 28 15:21:45 untangle-main uvmconsole: [1637102.646s][info][gc] GC(23720) Pause Full (System.gc()) 45M->42M(63M) 69.679ms
Dec 28 15:24:09 untangle-main uvmconsole: [1637246.453s][info][gc] GC(23721) Pause Young (Normal) (G1 Evacuation Pause) 52M->42M(63M) 4.786ms
Dec 28 15:26:21 untangle-main uvmconsole: [1637378.526s][info][gc] GC(23722) Pause Young (Normal) (G1 Evacuation Pause) 51M->42M(63M) 4.843ms
Dec 28 15:26:45 untangle-main uvmconsole: [1637402.644s][info][gc] GC(23723) Pause Full (System.gc()) 43M->42M(63M) 67.037ms
Dec 28 15:29:11 untangle-main uvmconsole: [1637548.445s][info][gc] GC(23724) Pause Young (Normal) (G1 Evacuation Pause) 52M->42M(63M) 5.724ms
Dec 28 15:31:29 untangle-main uvmconsole: [1637686.461s][info][gc] GC(23725) Pause Young (Normal) (G1 Evacuation Pause) 51M->42M(63M) 11.027ms
Dec 28 15:31:45 untangle-main uvmconsole: [1637702.619s][info][gc] GC(23726) Pause Full (System.gc()) 43M->42M(63M) 41.571ms
Dec 28 15:34:09 untangle-main uvmconsole: [1637846.456s][info][gc] GC(23727) Pause Young (Normal) (G1 Evacuation Pause) 52M->42M(63M) 8.067ms
Dec 28 15:36:29 untangle-main uvmconsole: [1637986.460s][info][gc] GC(23728) Pause Young (Normal) (G1 Evacuation Pause) 51M->42M(63M) 5.846ms
Dec 28 15:36:45 untangle-main uvmconsole: [1638002.670s][info][gc] GC(23729) Pause Full (System.gc()) 43M->42M(63M) 94.273ms
Dec 28 15:39:06 untangle-main uvmconsole: [1638144.278s][info][gc] GC(23730) Pause Young (Normal) (G1 Evacuation Pause) 52M->42M(63M) 1.768ms
Dec 28 15:41:19 untangle-main uvmconsole: [1638276.448s][info][gc] GC(23731) Pause Young (Normal) (G1 Evacuation Pause) 51M->42M(63M) 3.003ms
Dec 28 15:41:45 untangle-main uvmconsole: [1638302.630s][info][gc] GC(23732) Pause Full (System.gc()) 44M->42M(63M) 54.451ms
Dec 28 15:43:59 untangle-main uvmconsole: [1638436.449s][info][gc] GC(23733) Pause Young (Normal) (G1 Evacuation Pause) 51M->42M(63M) 2.812ms
Dec 28 15:45:59 untangle-main uvmconsole: [1638556.451s][info][gc] GC(23734) Pause Young (Normal) (G1 Evacuation Pause) 50M->42M(63M) 2.092ms
Dec 28 15:46:45 untangle-main uvmconsole: [1638602.641s][info][gc] GC(23735) Pause Full (System.gc()) 45M->42M(63M) 62.371ms
Dec 28 15:49:13 untangle-main uvmconsole: [1638751.048s][info][gc] GC(23736) Pause Young (Normal) (G1 Evacuation Pause) 52M->42M(63M) 2.243ms
Dec 28 15:51:22 untangle-main uvmconsole: [1638879.996s][info][gc] GC(23737) Pause Young (Normal) (G1 Evacuation Pause) 51M->42M(63M) 1.803ms
Dec 28 15:51:45 untangle-main uvmconsole: [1638902.639s][info][gc] GC(23738) Pause Full (System.gc()) 43M->42M(63M) 62.987ms
Dec 28 15:53:59 untangle-main uvmconsole: [1639036.452s][info][gc] GC(23739) Pause Young (Normal) (G1 Evacuation Pause) 51M->42M(63M) 2.409ms
Dec 28 15:55:59 untangle-main uvmconsole: [1639156.449s][info][gc] GC(23740) Pause Young (Normal) (G1 Evacuation Pause) 50M->42M(63M) 1.637ms
Dec 28 15:56:45 untangle-main uvmconsole: [1639202.618s][info][gc] GC(23741) Pause Full (System.gc()) 45M->42M(63M) 41.079ms
Dec 28 15:58:59 untangle-main uvmconsole: [1639336.462s][info][gc] GC(23742) Pause Young (Normal) (G1 Evacuation Pause) 51M->42M(63M) 11.841ms
Dec 28 16:00:52 untangle-main uvmconsole: [1639450.323s][info][gc] GC(23743) Pause Young (Normal) (G1 Evacuation Pause) 50M->42M(63M) 2.085ms
Dec 28 16:01:45 untangle-main uvmconsole: [1639502.644s][info][gc] GC(23744) Pause Full (System.gc()) 45M->42M(63M) 64.601ms
Dec 28 16:03:59 untangle-main uvmconsole: [1639636.449s][info][gc] GC(23745) Pause Young (Normal) (G1 Evacuation Pause) 51M->42M(63M) 2.082ms
Dec 28 16:05:59 untangle-main uvmconsole: [1639756.450s][info][gc] GC(23746) Pause Young (Normal) (G1 Evacuation Pause) 50M->42M(63M) 2.049ms
Dec 28 16:06:45 untangle-main uvmconsole: [1639802.623s][info][gc] GC(23747) Pause Full (System.gc()) 45M->42M(63M) 47.358ms
Dec 28 16:08:49 untangle-main uvmconsole: [1639926.450s][info][gc] GC(23748) Pause Young (Normal) (G1 Evacuation Pause) 51M->42M(63M) 1.985ms
Dec 28 16:10:49 untangle-main uvmconsole: [1640046.451s][info][gc] GC(23749) Pause Young (Normal) (G1 Evacuation Pause) 50M->42M(63M) 2.210ms
Dec 28 16:11:45 untangle-main uvmconsole: [1640102.645s][info][gc] GC(23750) Pause Full (System.gc()) 45M->42M(63M) 67.730ms
Dec 28 16:13:59 untangle-main uvmconsole: [1640236.459s][info][gc] GC(23751) Pause Young (Normal) (G1 Evacuation Pause) 51M->42M(63M) 7.340ms
Dec 28 16:15:59 untangle-main uvmconsole: [1640356.453s][info][gc] GC(23752) Pause Young (Normal) (G1 Evacuation Pause) 50M->42M(63M) 2.937ms
Dec 28 16:16:45 untangle-main uvmconsole: [1640402.647s][info][gc] GC(23753) Pause Full (System.gc()) 45M->42M(63M) 69.676ms
Dec 28 16:19:09 untangle-main uvmconsole: [1640546.455s][info][gc] GC(23754) Pause Young (Normal) (G1 Evacuation Pause) 52M->42M(63M) 5.324ms
Dec 28 16:21:22 untangle-main uvmconsole: [1640679.855s][info][gc] GC(23755) Pause Young (Normal) (G1 Evacuation Pause) 51M->42M(63M) 4.609ms
Dec 28 16:21:45 untangle-main uvmconsole: [1640702.633s][info][gc] GC(23756) Pause Full (System.gc()) 43M->42M(63M) 55.025ms
Dec 28 16:24:09 untangle-main uvmconsole: [1640846.461s][info][gc] GC(23757) Pause Young (Normal) (G1 Evacuation Pause) 52M->42M(63M) 4.215ms
Dec 28 16:26:21 untangle-main uvmconsole: [1640978.640s][info][gc] GC(23758) Pause Young (Normal) (G1 Evacuation Pause) 51M->42M(63M) 8.230ms
Dec 28 16:26:45 untangle-main uvmconsole: [1641002.626s][info][gc] GC(23759) Pause Full (System.gc()) 43M->42M(63M) 48.328ms
Dec 28 16:28:59 untangle-main uvmconsole: [1641136.461s][info][gc] GC(23760) Pause Young (Normal) (G1 Evacuation Pause) 51M->42M(63M) 11.183ms
Dec 28 16:30:59 untangle-main uvmconsole: [1641256.452s][info][gc] GC(23761) Pause Young (Normal) (G1 Evacuation Pause) 50M->42M(63M) 2.362ms
Dec 28 16:31:45 untangle-main uvmconsole: [1641302.630s][info][gc] GC(23762) Pause Full (System.gc()) 45M->42M(63M) 52.034ms
Dec 28 16:33:49 untangle-main uvmconsole: [1641426.452s][info][gc] GC(23763) Pause Young (Normal) (G1 Evacuation Pause) 50M->42M(63M) 3.927ms
Dec 28 16:35:29 untangle-main uvmconsole: [1641526.558s][info][gc] GC(23764) Pause Young (Normal) (G1 Evacuation Pause) 49M->42M(63M) 3.233ms
Dec 28 16:36:45 untangle-main uvmconsole: [1641602.621s][info][gc] GC(23765) Pause Full (System.gc()) 47M->42M(63M) 44.750ms
Dec 28 16:38:55 untangle-main uvmconsole: [1641732.757s][info][gc] GC(23766) Pause Young (Normal) (G1 Evacuation Pause) 51M->42M(63M) 2.324ms
Dec 28 16:40:49 untangle-main uvmconsole: [1641846.450s][info][gc] GC(23767) Pause Young (Normal) (G1 Evacuation Pause) 50M->42M(63M) 2.820ms
Dec 28 16:41:45 untangle-main uvmconsole: [1641902.622s][info][gc] GC(23768) Pause Full (System.gc()) 46M->42M(63M) 45.189ms
Dec 28 16:43:53 untangle-main uvmconsole: [1642030.846s][info][gc] GC(23769) Pause Young (Normal) (G1 Evacuation Pause) 51M->42M(63M) 4.503ms
Dec 28 16:45:58 untangle-main uvmconsole: [1642155.943s][info][gc] GC(23770) Pause Young (Normal) (G1 Evacuation Pause) 50M->42M(63M) 3.551ms
Dec 28 16:46:45 untangle-main uvmconsole: [1642202.638s][info][gc] GC(23771) Pause Full (System.gc()) 45M->42M(63M) 60.619ms
Dec 28 16:48:59 untangle-main uvmconsole: [1642336.463s][info][gc] GC(23772) Pause Young (Normal) (G1 Evacuation Pause) 51M->42M(63M) 6.199ms
Dec 28 16:50:59 untangle-main uvmconsole: [1642456.462s][info][gc] GC(23773) Pause Young (Normal) (G1 Evacuation Pause) 50M->42M(63M) 5.202ms
Dec 28 16:51:45 untangle-main uvmconsole: [1642502.642s][info][gc] GC(23774) Pause Full (System.gc()) 45M->42M(63M) 65.235ms
Dec 28 16:54:17 untangle-main uvmconsole: [1642654.790s][info][gc] GC(23775) Pause Young (Normal) (G1 Evacuation Pause) 52M->42M(63M) 10.716ms
Dec 28 16:56:29 untangle-main uvmconsole: [1642786.489s][info][gc] GC(23776) Pause Young (Normal) (G1 Evacuation Pause) 51M->42M(63M) 3.995ms
Dec 28 16:56:45 untangle-main uvmconsole: [1642802.624s][info][gc] GC(23777) Pause Full (System.gc()) 43M->42M(63M) 46.676ms
Dec 28 16:59:09 untangle-main uvmconsole: [1642946.462s][info][gc] GC(23778) Pause Young (Normal) (G1 Evacuation Pause) 52M->42M(63M) 5.438ms
Dec 28 17:01:19 untangle-main uvmconsole: [1643076.451s][info][gc] GC(23779) Pause Young (Normal) (G1 Evacuation Pause) 51M->42M(63M) 1.719ms
Dec 28 17:01:45 untangle-main uvmconsole: [1643102.625s][info][gc] GC(23780) Pause Full (System.gc()) 43M->42M(63M) 47.204ms
Dec 28 17:04:14 untangle-main uvmconsole: [1643251.908s][info][gc] GC(23781) Pause Young (Normal) (G1 Evacuation Pause) 52M->42M(63M) 5.370ms
Dec 28 17:06:29 untangle-main uvmconsole: [1643386.456s][info][gc] GC(23782) Pause Young (Normal) (G1 Evacuation Pause) 51M->42M(63M) 4.190ms
Dec 28 17:06:45 untangle-main uvmconsole: [1643402.620s][info][gc] GC(23783) Pause Full (System.gc()) 43M->42M(63M) 40.888ms
Dec 28 17:08:59 untangle-main uvmconsole: [1643536.448s][info][gc] GC(23784) Pause Young (Normal) (G1 Evacuation Pause) 51M->42M(63M) 1.987ms
Dec 28 17:10:59 untangle-main uvmconsole: [1643656.452s][info][gc] GC(23785) Pause Young (Normal) (G1 Evacuation Pause) 50M->42M(63M) 6.219ms
Dec 28 17:11:45 untangle-main uvmconsole: [1643702.621s][info][gc] GC(23786) Pause Full (System.gc()) 45M->42M(63M) 44.256ms
Dec 28 17:13:49 untangle-main uvmconsole: [1643826.463s][info][gc] GC(23787) Pause Young (Normal) (G1 Evacuation Pause) 50M->42M(63M) 17.043ms
Dec 28 17:15:29 untangle-main uvmconsole: [1643926.465s][info][gc] GC(23788) Pause Young (Normal) (G1 Evacuation Pause) 49M->42M(63M) 16.246ms
Dec 28 17:16:45 untangle-main uvmconsole: [1644002.623s][info][gc] GC(23789) Pause Full (System.gc()) 47M->42M(63M) 46.047ms
Dec 28 17:18:50 untangle-main uvmconsole: [1644127.696s][info][gc] GC(23790) Pause Young (Normal) (G1 Evacuation Pause) 51M->42M(63M) 5.945ms
Dec 28 17:20:51 untangle-main uvmconsole: [1644248.858s][info][gc] GC(23791) Pause Young (Normal) (G1 Evacuation Pause) 50M->42M(63M) 1.718ms
Dec 28 17:21:45 untangle-main uvmconsole: [1644302.642s][info][gc] GC(23792) Pause Full (System.gc()) 45M->42M(63M) 64.451ms
Dec 28 17:23:59 untangle-main uvmconsole: [1644436.452s][info][gc] GC(23793) Pause Young (Normal) (G1 Evacuation Pause) 51M->42M(63M) 2.584ms
Dec 28 17:25:59 untangle-main uvmconsole: [1644556.451s][info][gc] GC(23794) Pause Young (Normal) (G1 Evacuation Pause) 50M->42M(63M) 2.148ms
Dec 28 17:26:45 untangle-main uvmconsole: [1644602.650s][info][gc] GC(23795) Pause Full (System.gc()) 45M->42M(63M) 73.335ms
Dec 28 17:29:18 untangle-main uvmconsole: [1644755.698s][info][gc] GC(23796) Pause Young (Normal) (G1 Evacuation Pause) 52M->42M(63M) 2.061ms
Dec 28 17:31:29 untangle-main uvmconsole: [1644886.788s][info][gc] GC(23797) Pause Young (Normal) (G1 Evacuation Pause) 51M->42M(63M) 4.797ms
Dec 28 17:31:45 untangle-main uvmconsole: [1644902.650s][info][gc] GC(23798) Pause Full (System.gc()) 43M->42M(63M) 71.763ms
Dec 28 17:34:29 untangle-main uvmconsole: [1645066.454s][info][gc] GC(23799) Pause Young (Normal) (G1 Evacuation Pause) 53M->42M(63M) 4.312ms
Dec 28 17:36:45 untangle-main uvmconsole: [1645202.642s][info][gc] GC(23800) Pause Full (System.gc()) 51M->42M(63M) 64.403ms
Dec 28 17:38:49 untangle-main uvmconsole: [1645326.791s][info][gc] GC(23801) Pause Young (Normal) (G1 Evacuation Pause) 51M->42M(63M) 5.505ms
Dec 28 17:40:50 untangle-main uvmconsole: [1645448.342s][info][gc] GC(23802) Pause Young (Normal) (G1 Evacuation Pause) 50M->42M(63M) 1.653ms
Dec 28 17:41:45 untangle-main uvmconsole: [1645502.639s][info][gc] GC(23803) Pause Full (System.gc()) 46M->42M(63M) 62.136ms
Dec 28 17:43:59 untangle-main uvmconsole: [1645636.451s][info][gc] GC(23804) Pause Young (Normal) (G1 Evacuation Pause) 51M->42M(63M) 2.300ms
Dec 28 17:46:00 untangle-main uvmconsole: [1645757.409s][info][gc] GC(23805) Pause Young (Normal) (G1 Evacuation Pause) 50M->42M(63M) 8.533ms
Dec 28 17:46:45 untangle-main uvmconsole: [1645802.640s][info][gc] GC(23806) Pause Full (System.gc()) 45M->42M(63M) 63.587ms
Dec 28 17:48:59 untangle-main uvmconsole: [1645936.454s][info][gc] GC(23807) Pause Young (Normal) (G1 Evacuation Pause) 51M->42M(63M) 2.408ms
Dec 28 17:50:59 untangle-main uvmconsole: [1646056.463s][info][gc] GC(23808) Pause Young (Normal) (G1 Evacuation Pause) 50M->42M(63M) 5.481ms
Dec 28 17:51:45 untangle-main uvmconsole: [1646102.634s][info][gc] GC(23809) Pause Full (System.gc()) 45M->42M(63M) 55.686ms
Dec 28 17:53:59 untangle-main uvmconsole: [1646236.454s][info][gc] GC(23810) Pause Young (Normal) (G1 Evacuation Pause) 51M->42M(63M) 5.243ms
Dec 28 17:55:59 untangle-main uvmconsole: [1646356.458s][info][gc] GC(23811) Pause Young (Normal) (G1 Evacuation Pause) 50M->42M(63M) 7.409ms
Dec 28 17:56:45 untangle-main uvmconsole: [1646402.636s][info][gc] GC(23812) Pause Full (System.gc()) 45M->42M(63M) 58.486ms
Dec 28 17:58:48 untangle-main uvmconsole: [1646525.605s][info][gc] GC(23813) Pause Young (Normal) (G1 Evacuation Pause) 50M->42M(63M) 9.510ms
Dec 28 18:00:29 untangle-main uvmconsole: [1646626.451s][info][gc] GC(23814) Pause Young (Normal) (G1 Evacuation Pause) 49M->42M(63M) 4.653ms
Dec 28 18:01:45 untangle-main uvmconsole: [1646702.616s][info][gc] GC(23815) Pause Full (System.gc()) 47M->42M(63M) 38.599ms
Dec 28 18:03:49 untangle-main uvmconsole: [1646826.453s][info][gc] GC(23816) Pause Young (Normal) (G1 Evacuation Pause) 50M->42M(63M) 5.004ms
Dec 28 18:05:29 untangle-main uvmconsole: [1646926.460s][info][gc] GC(23817) Pause Young (Normal) (G1 Evacuation Pause) 49M->42M(63M) 4.706ms
Dec 28 18:06:45 untangle-main uvmconsole: [1647002.649s][info][gc] GC(23818) Pause Full (System.gc()) 47M->42M(63M) 70.140ms
Dec 28 18:08:56 untangle-main uvmconsole: [1647133.560s][info][gc] GC(23819) Pause Young (Normal) (G1 Evacuation Pause) 51M->42M(63M) 6.141ms
Dec 28 18:10:49 untangle-main uvmconsole: [1647246.921s][info][gc] GC(23820) Pause Young (Normal) (G1 Evacuation Pause) 50M->42M(63M) 6.954ms
Dec 28 18:11:45 untangle-main uvmconsole: [1647302.654s][info][gc] GC(23821) Pause Full (System.gc()) 46M->42M(63M) 78.132ms
Dec 28 18:14:13 untangle-main uvmconsole: [1647451.329s][info][gc] GC(23822) Pause Young (Normal) (G1 Evacuation Pause) 52M->42M(63M) 5.460ms
Dec 28 18:16:29 untangle-main uvmconsole: [1647586.454s][info][gc] GC(23823) Pause Young (Normal) (G1 Evacuation Pause) 51M->42M(63M) 3.007ms
Dec 28 18:16:45 untangle-main uvmconsole: [1647602.630s][info][gc] GC(23824) Pause Full (System.gc()) 43M->42M(63M) 52.231ms
Dec 28 18:19:11 untangle-main uvmconsole: [1647748.802s][info][gc] GC(23825) Pause Young (Normal) (G1 Evacuation Pause) 52M->42M(63M) 4.899ms
Dec 28 18:21:29 untangle-main uvmconsole: [1647886.459s][info][gc] GC(23826) Pause Young (Normal) (G1 Evacuation Pause) 51M->42M(63M) 3.965ms
Dec 28 18:21:45 untangle-main uvmconsole: [1647902.631s][info][gc] GC(23827) Pause Full (System.gc()) 43M->42M(63M) 52.507ms
Dec 28 18:24:09 untangle-main uvmconsole: [1648047.344s][info][gc] GC(23828) Pause Young (Normal) (G1 Evacuation Pause) 52M->42M(63M) 4.497ms
Dec 28 18:26:29 untangle-main uvmconsole: [1648186.453s][info][gc] GC(23829) Pause Young (Normal) (G1 Evacuation Pause) 51M->42M(63M) 3.855ms
Dec 28 18:26:45 untangle-main uvmconsole: [1648202.648s][info][gc] GC(23830) Pause Full (System.gc()) 43M->42M(63M) 68.253ms
Dec 28 18:29:13 untangle-main uvmconsole: [1648351.200s][info][gc] GC(23831) Pause Young (Normal) (G1 Evacuation Pause) 52M->42M(63M) 10.195ms
Dec 28 18:31:29 untangle-main uvmconsole: [1648486.450s][info][gc] GC(23832) Pause Young (Normal) (G1 Evacuation Pause) 51M->42M(63M) 2.511ms
Dec 28 18:31:45 untangle-main uvmconsole: [1648502.624s][info][gc] GC(23833) Pause Full (System.gc()) 43M->42M(63M) 47.850ms
Dec 28 18:34:11 untangle-main uvmconsole: [1648649.299s][info][gc] GC(23834) Pause Young (Normal) (G1 Evacuation Pause) 52M->42M(63M) 4.830ms
Dec 28 18:36:29 untangle-main uvmconsole: [1648786.463s][info][gc] GC(23835) Pause Young (Normal) (G1 Evacuation Pause) 51M->42M(63M) 6.911ms
Dec 28 18:36:45 untangle-main uvmconsole: [1648802.641s][info][gc] GC(23836) Pause Full (System.gc()) 43M->42M(63M) 63.031ms
Dec 28 18:39:05 untangle-main uvmconsole: [1648942.772s][info][gc] GC(23837) Pause Young (Normal) (G1 Evacuation Pause) 52M->42M(63M) 6.345ms
Dec 28 18:41:20 untangle-main uvmconsole: [1649077.855s][info][gc] GC(23838) Pause Young (Normal) (G1 Evacuation Pause) 51M->42M(63M) 3.516ms
Dec 28 18:41:45 untangle-main uvmconsole: [1649102.638s][info][gc] GC(23839) Pause Full (System.gc()) 43M->42M(63M) 60.869ms
Dec 28 18:43:59 untangle-main uvmconsole: [1649236.450s][info][gc] GC(23840) Pause Young (Normal) (G1 Evacuation Pause) 51M->42M(63M) 2.514ms
Dec 28 18:45:59 untangle-main uvmconsole: [1649356.451s][info][gc] GC(23841) Pause Young (Normal) (G1 Evacuation Pause) 50M->42M(63M) 1.870ms
Dec 28 18:46:45 untangle-main uvmconsole: [1649402.612s][info][gc] GC(23842) Pause Full (System.gc()) 45M->42M(63M) 36.125ms
Dec 28 18:48:59 untangle-main uvmconsole: [1649536.460s][info][gc] GC(23843) Pause Young (Normal) (G1 Evacuation Pause) 51M->42M(63M) 4.956ms
Dec 28 18:50:59 untangle-main uvmconsole: [1649656.463s][info][gc] GC(23844) Pause Young (Normal) (G1 Evacuation Pause) 50M->42M(63M) 4.528ms
Dec 28 18:51:45 untangle-main uvmconsole: [1649702.617s][info][gc] GC(23845) Pause Full (System.gc()) 45M->42M(63M) 40.811ms
Dec 28 18:54:19 untangle-main uvmconsole: [1649856.450s][info][gc] GC(23846) Pause Young (Normal) (G1 Evacuation Pause) 52M->42M(63M) 2.468ms
Dec 28 18:56:31 untangle-main uvmconsole: [1649988.735s][info][gc] GC(23847) Pause Young (Normal) (G1 Evacuation Pause) 51M->42M(63M) 13.013ms
Dec 28 18:56:45 untangle-main uvmconsole: [1650002.635s][info][gc] GC(23848) Pause Full (System.gc()) 43M->42M(63M) 58.076ms
Dec 28 18:58:59 untangle-main uvmconsole: [1650136.455s][info][gc] GC(23849) Pause Young (Normal) (G1 Evacuation Pause) 51M->42M(63M) 5.538ms
Dec 28 19:00:59 untangle-main uvmconsole: [1650256.481s][info][gc] GC(23850) Pause Young (Normal) (G1 Evacuation Pause) 50M->42M(63M) 29.843ms
Dec 28 19:01:45 untangle-main uvmconsole: [1650302.640s][info][gc] GC(23851) Pause Full (System.gc()) 45M->42M(63M) 63.766ms
Dec 28 19:04:09 untangle-main uvmconsole: [1650446.453s][info][gc] GC(23852) Pause Young (Normal) (G1 Evacuation Pause) 52M->42M(63M) 4.804ms
Dec 28 19:06:29 untangle-main uvmconsole: [1650586.451s][info][gc] GC(23853) Pause Young (Normal) (G1 Evacuation Pause) 51M->42M(63M) 3.787ms
Dec 28 19:06:45 untangle-main uvmconsole: [1650602.641s][info][gc] GC(23854) Pause Full (System.gc()) 43M->42M(63M) 64.137ms
Dec 28 19:08:51 untangle-main uvmconsole: [1650729.325s][info][gc] GC(23855) Pause Young (Normal) (G1 Evacuation Pause) 51M->42M(63M) 2.417ms
Dec 28 19:10:53 untangle-main uvmconsole: [1650850.996s][info][gc] GC(23856) Pause Young (Normal) (G1 Evacuation Pause) 50M->42M(63M) 1.702ms
Dec 28 19:11:45 untangle-main uvmconsole: [1650902.655s][info][gc] GC(23857) Pause Full (System.gc()) 45M->42M(63M) 76.704ms
Dec 28 19:14:19 untangle-main uvmconsole: [1651056.450s][info][gc] GC(23858) Pause Young (Normal) (G1 Evacuation Pause) 52M->42M(63M) 1.816ms
Dec 28 19:16:32 untangle-main uvmconsole: [1651189.731s][info][gc] GC(23859) Pause Young (Normal) (G1 Evacuation Pause) 51M->42M(63M) 1.775ms
Dec 28 19:16:45 untangle-main uvmconsole: [1651202.624s][info][gc] GC(23860) Pause Full (System.gc()) 43M->42M(63M) 45.247ms
Dec 28 19:18:59 untangle-main uvmconsole: [1651336.449s][info][gc] GC(23861) Pause Young (Normal) (G1 Evacuation Pause) 51M->42M(63M) 1.788ms
Dec 28 19:20:59 untangle-main uvmconsole: [1651456.456s][info][gc] GC(23862) Pause Young (Normal) (G1 Evacuation Pause) 50M->42M(63M) 8.163ms
Dec 28 19:21:45 untangle-main uvmconsole: [1651502.638s][info][gc] GC(23863) Pause Full (System.gc()) 45M->42M(63M) 62.699ms
Dec 28 19:23:59 untangle-main uvmconsole: [1651636.464s][info][gc] GC(23864) Pause Young (Normal) (G1 Evacuation Pause) 51M->42M(63M) 16.087ms
Dec 28 19:25:59 untangle-main uvmconsole: [1651756.486s][info][gc] GC(23865) Pause Young (Normal) (G1 Evacuation Pause) 50M->42M(63M) 36.185ms
Dec 28 19:26:45 untangle-main uvmconsole: [1651802.625s][info][gc] GC(23866) Pause Full (System.gc()) 45M->42M(63M) 46.334ms
Dec 28 19:28:49 untangle-main uvmconsole: [1651926.452s][info][gc] GC(23867) Pause Young (Normal) (G1 Evacuation Pause) 50M->42M(63M) 5.113ms
Dec 28 19:30:30 untangle-main uvmconsole: [1652028.088s][info][gc] GC(23868) Pause Young (Normal) (G1 Evacuation Pause) 49M->42M(63M) 2.056ms
Dec 28 19:31:45 untangle-main uvmconsole: [1652102.622s][info][gc] GC(23869) Pause Full (System.gc()) 47M->42M(63M) 46.938ms
Dec 28 19:33:59 untangle-main uvmconsole: [1652236.455s][info][gc] GC(23870) Pause Young (Normal) (G1 Evacuation Pause) 51M->42M(63M) 4.180ms
Dec 28 19:35:59 untangle-main uvmconsole: [1652356.459s][info][gc] GC(23871) Pause Young (Normal) (G1 Evacuation Pause) 50M->42M(63M) 2.647ms
Dec 28 19:36:45 untangle-main uvmconsole: [1652402.628s][info][gc] GC(23872) Pause Full (System.gc()) 45M->42M(63M) 51.088ms
Dec 28 19:38:59 untangle-main uvmconsole: [1652536.482s][info][gc] GC(23873) Pause Young (Normal) (G1 Evacuation Pause) 52M->42M(63M) 28.600ms
Dec 28 19:41:12 untangle-main uvmconsole: [1652669.705s][info][gc] GC(23874) Pause Young (Normal) (G1 Evacuation Pause) 51M->42M(63M) 2.941ms
Dec 28 19:41:45 untangle-main uvmconsole: [1652702.621s][info][gc] GC(23875) Pause Full (System.gc()) 44M->42M(63M) 46.027ms
Dec 28 19:43:59 untangle-main uvmconsole: [1652836.450s][info][gc] GC(23876) Pause Young (Normal) (G1 Evacuation Pause) 51M->42M(63M) 2.033ms
Dec 28 19:45:59 untangle-main uvmconsole: [1652956.515s][info][gc] GC(23877) Pause Young (Normal) (G1 Evacuation Pause) 50M->42M(63M) 62.412ms
Dec 28 19:46:45 untangle-main uvmconsole: [1653002.619s][info][gc] GC(23878) Pause Full (System.gc()) 45M->42M(63M) 42.821ms
Dec 28 19:48:59 untangle-main uvmconsole: [1653136.476s][info][gc] GC(23879) Pause Young (Normal) (G1 Evacuation Pause) 51M->42M(63M) 25.475ms
Dec 28 19:51:02 untangle-main uvmconsole: [1653259.513s][info][gc] GC(23880) Pause Young (Normal) (G1 Evacuation Pause) 50M->42M(63M) 1.651ms
Dec 28 19:51:45 untangle-main uvmconsole: [1653302.624s][info][gc] GC(23881) Pause Full (System.gc()) 45M->42M(63M) 46.004ms
Dec 28 19:54:09 untangle-main uvmconsole: [1653447.057s][info][gc] GC(23882) Pause Young (Normal) (G1 Evacuation Pause) 52M->42M(63M) 19.204ms
Dec 28 19:56:29 untangle-main uvmconsole: [1653586.449s][info][gc] GC(23883) Pause Young (Normal) (G1 Evacuation Pause) 51M->42M(63M) 2.063ms
Dec 28 19:56:45 untangle-main uvmconsole: [1653602.624s][info][gc] GC(23884) Pause Full (System.gc()) 43M->42M(63M) 47.052ms
Dec 28 19:58:59 untangle-main uvmconsole: [1653736.449s][info][gc] GC(23885) Pause Young (Normal) (G1 Evacuation Pause) 51M->42M(63M) 2.646ms
Dec 28 20:00:59 untangle-main uvmconsole: [1653856.450s][info][gc] GC(23886) Pause Young (Normal) (G1 Evacuation Pause) 50M->42M(63M) 2.121ms
Dec 28 20:01:45 untangle-main uvmconsole: [1653902.621s][info][gc] GC(23887) Pause Full (System.gc()) 45M->42M(63M) 44.635ms
Dec 28 20:04:19 untangle-main uvmconsole: [1654056.457s][info][gc] GC(23888) Pause Young (Normal) (G1 Evacuation Pause) 52M->42M(63M) 11.332ms
Dec 28 20:06:39 untangle-main uvmconsole: [1654196.449s][info][gc] GC(23889) Pause Young (Normal) (G1 Evacuation Pause) 51M->42M(63M) 2.496ms
Dec 28 20:06:45 untangle-main uvmconsole: [1654202.621s][info][gc] GC(23890) Pause Full (System.gc()) 43M->42M(63M) 45.215ms
Dec 28 20:09:09 untangle-main uvmconsole: [1654346.449s][info][gc] GC(23891) Pause Young (Normal) (G1 Evacuation Pause) 52M->42M(63M) 2.174ms
Dec 28 20:11:22 untangle-main uvmconsole: [1654479.939s][info][gc] GC(23892) Pause Young (Normal) (G1 Evacuation Pause) 51M->42M(63M) 3.315ms
Dec 28 20:11:45 untangle-main uvmconsole: [1654502.621s][info][gc] GC(23893) Pause Full (System.gc()) 43M->42M(63M) 43.247ms
Dec 28 20:14:09 untangle-main uvmconsole: [1654646.451s][info][gc] GC(23894) Pause Young (Normal) (G1 Evacuation Pause) 52M->42M(63M) 1.672ms
Dec 28 20:16:29 untangle-main uvmconsole: [1654786.447s][info][gc] GC(23895) Pause Young (Normal) (G1 Evacuation Pause) 51M->42M(63M) 2.021ms
Dec 28 20:16:45 untangle-main uvmconsole: [1654802.620s][info][gc] GC(23896) Pause Full (System.gc()) 43M->42M(63M) 41.597ms
Dec 28 20:18:59 untangle-main uvmconsole: [1654936.450s][info][gc] GC(23897) Pause Young (Normal) (G1 Evacuation Pause) 51M->42M(63M) 2.466ms
Dec 28 20:20:59 untangle-main uvmconsole: [1655056.455s][info][gc] GC(23898) Pause Young (Normal) (G1 Evacuation Pause) 50M->42M(63M) 4.116ms
Dec 28 20:21:45 untangle-main uvmconsole: [1655102.624s][info][gc] GC(23899) Pause Full (System.gc()) 45M->42M(63M) 47.018ms
Dec 28 20:24:19 untangle-main uvmconsole: [1655256.449s][info][gc] GC(23900) Pause Young (Normal) (G1 Evacuation Pause) 52M->42M(63M) 1.758ms
Dec 28 20:26:37 untangle-main uvmconsole: [1655395.246s][info][gc] GC(23901) Pause Young (Normal) (G1 Evacuation Pause) 51M->42M(63M) 2.029ms
Dec 28 20:26:45 untangle-main uvmconsole: [1655402.618s][info][gc] GC(23902) Pause Full (System.gc()) 43M->42M(63M) 40.020ms
Dec 28 20:28:59 untangle-main uvmconsole: [1655536.459s][info][gc] GC(23903) Pause Young (Normal) (G1 Evacuation Pause) 51M->42M(63M) 4.985ms
Dec 28 20:30:59 untangle-main uvmconsole: [1655656.462s][info][gc] GC(23904) Pause Young (Normal) (G1 Evacuation Pause) 50M->42M(63M) 5.030ms
Dec 28 20:31:45 untangle-main uvmconsole: [1655702.628s][info][gc] GC(23905) Pause Full (System.gc()) 45M->42M(63M) 49.748ms
Dec 28 20:34:09 untangle-main uvmconsole: [1655846.452s][info][gc] GC(23906) Pause Young (Normal) (G1 Evacuation Pause) 52M->42M(63M) 2.390ms
Dec 28 20:36:29 untangle-main uvmconsole: [1655986.448s][info][gc] GC(23907) Pause Young (Normal) (G1 Evacuation Pause) 51M->42M(63M) 1.615ms
Dec 28 20:36:45 untangle-main uvmconsole: [1656002.641s][info][gc] GC(23908) Pause Full (System.gc()) 43M->42M(63M) 63.131ms
Dec 28 20:38:51 untangle-main uvmconsole: [1656128.758s][info][gc] GC(23909) Pause Young (Normal) (G1 Evacuation Pause) 51M->42M(63M) 5.130ms
Dec 28 20:40:49 untangle-main uvmconsole: [1656246.458s][info][gc] GC(23910) Pause Young (Normal) (G1 Evacuation Pause) 50M->42M(63M) 4.308ms
Dec 28 20:41:45 untangle-main uvmconsole: [1656302.642s][info][gc] GC(23911) Pause Full (System.gc()) 45M->42M(63M) 63.363ms
Dec 28 20:43:59 untangle-main uvmconsole: [1656436.451s][info][gc] GC(23912) Pause Young (Normal) (G1 Evacuation Pause) 51M->42M(63M) 2.079ms
Dec 28 20:45:59 untangle-main uvmconsole: [1656556.462s][info][gc] GC(23913) Pause Young (Normal) (G1 Evacuation Pause) 50M->42M(63M) 5.881ms
Dec 28 20:46:45 untangle-main uvmconsole: [1656602.629s][info][gc] GC(23914) Pause Full (System.gc()) 45M->42M(63M) 51.785ms
Dec 28 20:49:09 untangle-main uvmconsole: [1656746.458s][info][gc] GC(23915) Pause Young (Normal) (G1 Evacuation Pause) 52M->42M(63M) 6.077ms
Dec 28 20:51:29 untangle-main uvmconsole: [1656886.478s][info][gc] GC(23916) Pause Young (Normal) (G1 Evacuation Pause) 51M->42M(63M) 28.904ms
Dec 28 20:51:45 untangle-main uvmconsole: [1656902.640s][info][gc] GC(23917) Pause Full (System.gc()) 43M->42M(63M) 61.681ms
Dec 28 20:53:59 untangle-main uvmconsole: [1657036.460s][info][gc] GC(23918) Pause Young (Normal) (G1 Evacuation Pause) 51M->42M(63M) 7.074ms
Dec 28 20:55:59 untangle-main uvmconsole: [1657156.464s][info][gc] GC(23919) Pause Young (Normal) (G1 Evacuation Pause) 50M->42M(63M) 6.412ms
Dec 28 20:56:45 untangle-main uvmconsole: [1657202.644s][info][gc] GC(23920) Pause Full (System.gc()) 45M->42M(63M) 63.824ms
Dec 28 20:59:11 untangle-main uvmconsole: [1657349.273s][info][gc] GC(23921) Pause Young (Normal) (G1 Evacuation Pause) 52M->42M(63M) 2.563ms
Dec 28 21:01:29 untangle-main uvmconsole: [1657486.458s][info][gc] GC(23922) Pause Young (Normal) (G1 Evacuation Pause) 51M->42M(63M) 5.379ms
Dec 28 21:01:45 untangle-main uvmconsole: [1657502.641s][info][gc] GC(23923) Pause Full (System.gc()) 43M->42M(63M) 64.107ms
Dec 28 21:04:12 untangle-main uvmconsole: [1657649.817s][info][gc] GC(23924) Pause Young (Normal) (G1 Evacuation Pause) 52M->42M(63M) 3.443ms
Dec 28 21:06:29 untangle-main uvmconsole: [1657786.459s][info][gc] GC(23925) Pause Young (Normal) (G1 Evacuation Pause) 51M->42M(63M) 7.217ms
Dec 28 21:06:45 untangle-main uvmconsole: [1657802.641s][info][gc] GC(23926) Pause Full (System.gc()) 43M->42M(63M) 63.961ms
Dec 28 21:08:52 untangle-main uvmconsole: [1657930.002s][info][gc] GC(23927) Pause Young (Normal) (G1 Evacuation Pause) 51M->42M(63M) 23.821ms
Dec 28 21:10:49 untangle-main uvmconsole: [1658046.453s][info][gc] GC(23928) Pause Young (Normal) (G1 Evacuation Pause) 50M->42M(63M) 4.693ms
Dec 28 21:11:45 untangle-main uvmconsole: [1658102.637s][info][gc] GC(23929) Pause Full (System.gc()) 46M->42M(63M) 58.240ms
Dec 28 21:14:19 untangle-main uvmconsole: [1658256.449s][info][gc] GC(23930) Pause Young (Normal) (G1 Evacuation Pause) 52M->42M(63M) 3.443ms
Dec 28 21:16:39 untangle-main uvmconsole: [1658396.452s][info][gc] GC(23931) Pause Young (Normal) (G1 Evacuation Pause) 51M->42M(63M) 4.657ms
Dec 28 21:16:45 untangle-main uvmconsole: [1658402.623s][info][gc] GC(23932) Pause Full (System.gc()) 43M->42M(63M) 46.470ms
Dec 28 21:19:13 untangle-main uvmconsole: [1658550.849s][info][gc] GC(23933) Pause Young (Normal) (G1 Evacuation Pause) 52M->42M(63M) 4.560ms
Dec 28 21:21:29 untangle-main uvmconsole: [1658686.455s][info][gc] GC(23934) Pause Young (Normal) (G1 Evacuation Pause) 51M->42M(63M) 4.669ms
Dec 28 21:21:45 untangle-main uvmconsole: [1658702.645s][info][gc] GC(23935) Pause Full (System.gc()) 43M->42M(63M) 66.517ms
Dec 28 21:24:11 untangle-main uvmconsole: [1658849.299s][info][gc] GC(23936) Pause Young (Normal) (G1 Evacuation Pause) 52M->42M(63M) 4.155ms
Dec 28 21:26:29 untangle-main uvmconsole: [1658986.454s][info][gc] GC(23937) Pause Young (Normal) (G1 Evacuation Pause) 51M->42M(63M) 4.290ms
Dec 28 21:26:45 untangle-main uvmconsole: [1659002.636s][info][gc] GC(23938) Pause Full (System.gc()) 43M->42M(63M) 58.274ms
Dec 28 21:29:09 untangle-main uvmconsole: [1659147.335s][info][gc] GC(23939) Pause Young (Normal) (G1 Evacuation Pause) 52M->42M(63M) 3.676ms
Dec 28 21:31:29 untangle-main uvmconsole: [1659286.464s][info][gc] GC(23940) Pause Young (Normal) (G1 Evacuation Pause) 51M->42M(63M) 6.973ms
Dec 28 21:31:45 untangle-main uvmconsole: [1659302.648s][info][gc] GC(23941) Pause Full (System.gc()) 43M->42M(63M) 68.788ms
Dec 28 21:34:19 untangle-main uvmconsole: [1659456.482s][info][gc] GC(23942) Pause Young (Normal) (G1 Evacuation Pause) 52M->42M(63M) 34.626ms
Dec 28 21:36:39 untangle-main uvmconsole: [1659596.455s][info][gc] GC(23943) Pause Young (Normal) (G1 Evacuation Pause) 51M->42M(63M) 7.564ms
Dec 28 21:36:45 untangle-main uvmconsole: [1659602.624s][info][gc] GC(23944) Pause Full (System.gc()) 42M->42M(63M) 45.539ms
Dec 28 21:39:05 untangle-main uvmconsole: [1659742.527s][info][gc] GC(23945) Pause Young (Normal) (G1 Evacuation Pause) 52M->42M(63M) 3.424ms
Dec 28 21:41:19 untangle-main uvmconsole: [1659876.453s][info][gc] GC(23946) Pause Young (Normal) (G1 Evacuation Pause) 51M->42M(63M) 5.007ms
Dec 28 21:41:45 untangle-main uvmconsole: [1659902.635s][info][gc] GC(23947) Pause Full (System.gc()) 44M->42M(63M) 57.597ms
Dec 28 21:44:09 untangle-main uvmconsole: [1660046.464s][info][gc] GC(23948) Pause Young (Normal) (G1 Evacuation Pause) 52M->42M(63M) 8.825ms
Dec 28 21:46:29 untangle-main uvmconsole: [1660186.449s][info][gc] GC(23949) Pause Young (Normal) (G1 Evacuation Pause) 51M->42M(63M) 2.101ms
Dec 28 21:46:45 untangle-main uvmconsole: [1660202.638s][info][gc] GC(23950) Pause Full (System.gc()) 43M->42M(63M) 62.085ms
Dec 28 21:49:10 untangle-main uvmconsole: [1660347.567s][info][gc] GC(23951) Pause Young (Normal) (G1 Evacuation Pause) 52M->42M(63M) 6.650ms
Dec 28 21:51:29 untangle-main uvmconsole: [1660486.463s][info][gc] GC(23952) Pause Young (Normal) (G1 Evacuation Pause) 51M->42M(63M) 9.263ms
Dec 28 21:51:45 untangle-main uvmconsole: [1660502.645s][info][gc] GC(23953) Pause Full (System.gc()) 43M->42M(63M) 66.842ms
Dec 28 21:54:18 untangle-main uvmconsole: [1660656.301s][info][gc] GC(23954) Pause Young (Normal) (G1 Evacuation Pause) 52M->42M(63M) 6.221ms
Dec 28 21:56:29 untangle-main uvmconsole: [1660786.459s][info][gc] GC(23955) Pause Young (Normal) (G1 Evacuation Pause) 51M->42M(63M) 5.910ms
Dec 28 21:56:45 untangle-main uvmconsole: [1660802.638s][info][gc] GC(23956) Pause Full (System.gc()) 43M->42M(63M) 60.075ms
Dec 28 21:59:09 untangle-main uvmconsole: [1660946.457s][info][gc] GC(23957) Pause Young (Normal) (G1 Evacuation Pause) 52M->42M(63M) 6.386ms
Dec 28 22:01:29 untangle-main uvmconsole: [1661086.448s][info][gc] GC(23958) Pause Young (Normal) (G1 Evacuation Pause) 51M->42M(63M) 1.800ms
Dec 28 22:01:45 untangle-main uvmconsole: [1661102.647s][info][gc] GC(23959) Pause Full (System.gc()) 43M->42M(63M) 68.348ms
Dec 28 22:03:59 untangle-main uvmconsole: [1661236.453s][info][gc] GC(23960) Pause Young (Normal) (G1 Evacuation Pause) 51M->42M(63M) 2.625ms
Dec 28 22:05:59 untangle-main uvmconsole: [1661356.461s][info][gc] GC(23961) Pause Young (Normal) (G1 Evacuation Pause) 50M->42M(63M) 5.420ms
Dec 28 22:06:45 untangle-main uvmconsole: [1661402.640s][info][gc] GC(23962) Pause Full (System.gc()) 45M->42M(63M) 62.038ms
Dec 28 22:08:59 untangle-main uvmconsole: [1661536.452s][info][gc] GC(23963) Pause Young (Normal) (G1 Evacuation Pause) 51M->42M(63M) 5.140ms
Dec 28 22:10:59 untangle-main uvmconsole: [1661656.449s][info][gc] GC(23964) Pause Young (Normal) (G1 Evacuation Pause) 50M->42M(63M) 2.894ms
Dec 28 22:11:45 untangle-main uvmconsole: [1661702.620s][info][gc] GC(23965) Pause Full (System.gc()) 45M->42M(63M) 43.740ms
Dec 28 22:14:16 untangle-main uvmconsole: [1661853.626s][info][gc] GC(23966) Pause Young (Normal) (G1 Evacuation Pause) 52M->42M(63M) 32.990ms
Dec 28 22:16:26 untangle-main uvmconsole: [1661984.295s][info][gc] GC(23967) Pause Young (Normal) (G1 Evacuation Pause) 51M->42M(63M) 1.617ms
Dec 28 22:16:45 untangle-main uvmconsole: [1662002.619s][info][gc] GC(23968) Pause Full (System.gc()) 43M->42M(63M) 41.870ms
Dec 28 22:18:59 untangle-main uvmconsole: [1662136.451s][info][gc] GC(23969) Pause Young (Normal) (G1 Evacuation Pause) 51M->42M(63M) 2.060ms
Dec 28 22:20:59 untangle-main uvmconsole: [1662256.459s][info][gc] GC(23970) Pause Young (Normal) (G1 Evacuation Pause) 50M->42M(63M) 4.794ms
Dec 28 22:21:45 untangle-main uvmconsole: [1662302.622s][info][gc] GC(23971) Pause Full (System.gc()) 45M->42M(63M) 44.373ms
Dec 28 22:24:17 untangle-main uvmconsole: [1662454.432s][info][gc] GC(23972) Pause Young (Normal) (G1 Evacuation Pause) 52M->42M(63M) 2.599ms
Dec 28 22:26:29 untangle-main uvmconsole: [1662587.060s][info][gc] GC(23973) Pause Young (Normal) (G1 Evacuation Pause) 51M->42M(63M) 2.121ms
Dec 28 22:26:45 untangle-main uvmconsole: [1662602.651s][info][gc] GC(23974) Pause Full (System.gc()) 43M->42M(63M) 72.684ms
Dec 28 22:29:19 untangle-main uvmconsole: [1662756.453s][info][gc] GC(23975) Pause Young (Normal) (G1 Evacuation Pause) 52M->42M(63M) 6.006ms
Dec 28 22:31:33 untangle-main uvmconsole: [1662891.297s][info][gc] GC(23976) Pause Young (Normal) (G1 Evacuation Pause) 51M->42M(63M) 3.843ms
Dec 28 22:31:45 untangle-main uvmconsole: [1662902.639s][info][gc] GC(23977) Pause Full (System.gc()) 43M->42M(63M) 60.154ms
Dec 28 22:34:09 untangle-main uvmconsole: [1663046.792s][info][gc] GC(23978) Pause Young (Normal) (G1 Evacuation Pause) 52M->42M(63M) 1.854ms
Dec 28 22:36:19 untangle-main uvmconsole: [1663177.117s][info][gc] GC(23979) Pause Young (Normal) (G1 Evacuation Pause) 51M->42M(63M) 1.917ms
Dec 28 22:36:45 untangle-main uvmconsole: [1663202.625s][info][gc] GC(23980) Pause Full (System.gc()) 43M->42M(63M) 48.551ms
Dec 28 22:39:06 untangle-main uvmconsole: [1663344.350s][info][gc] GC(23981) Pause Young (Normal) (G1 Evacuation Pause) 52M->42M(63M) 5.757ms
Dec 28 22:41:19 untangle-main uvmconsole: [1663476.461s][info][gc] GC(23982) Pause Young (Normal) (G1 Evacuation Pause) 51M->42M(63M) 6.657ms
Dec 28 22:41:45 untangle-main uvmconsole: [1663502.625s][info][gc] GC(23983) Pause Full (System.gc()) 43M->42M(63M) 49.557ms
Dec 28 22:44:19 untangle-main uvmconsole: [1663656.450s][info][gc] GC(23984) Pause Young (Normal) (G1 Evacuation Pause) 52M->42M(63M) 3.306ms
Dec 28 22:46:36 untangle-main uvmconsole: [1663794.196s][info][gc] GC(23985) Pause Young (Normal) (G1 Evacuation Pause) 51M->42M(63M) 24.062ms
Dec 28 22:46:45 untangle-main uvmconsole: [1663802.630s][info][gc] GC(23986) Pause Full (System.gc()) 43M->42M(63M) 51.444ms
Dec 28 22:49:13 untangle-main uvmconsole: [1663950.723s][info][gc] GC(23987) Pause Young (Normal) (G1 Evacuation Pause) 52M->42M(63M) 6.840ms
Dec 28 22:51:29 untangle-main uvmconsole: [1664086.458s][info][gc] GC(23988) Pause Young (Normal) (G1 Evacuation Pause) 51M->42M(63M) 6.135ms
Dec 28 22:51:45 untangle-main uvmconsole: [1664102.631s][info][gc] GC(23989) Pause Full (System.gc()) 43M->42M(63M) 52.611ms
Dec 28 22:53:59 untangle-main uvmconsole: [1664236.457s][info][gc] GC(23990) Pause Young (Normal) (G1 Evacuation Pause) 51M->42M(63M) 5.926ms
Dec 28 22:55:59 untangle-main uvmconsole: [1664356.458s][info][gc] GC(23991) Pause Young (Normal) (G1 Evacuation Pause) 50M->42M(63M) 6.671ms
Dec 28 22:56:45 untangle-main uvmconsole: [1664402.644s][info][gc] GC(23992) Pause Full (System.gc()) 45M->42M(63M) 64.464ms
Dec 28 22:59:09 untangle-main uvmconsole: [1664546.818s][info][gc] GC(23993) Pause Young (Normal) (G1 Evacuation Pause) 52M->42M(63M) 2.463ms
Dec 28 23:01:29 untangle-main uvmconsole: [1664686.459s][info][gc] GC(23994) Pause Young (Normal) (G1 Evacuation Pause) 51M->42M(63M) 4.305ms
Dec 28 23:01:45 untangle-main uvmconsole: [1664702.637s][info][gc] GC(23995) Pause Full (System.gc()) 43M->42M(63M) 59.864ms
Dec 28 23:04:19 untangle-main uvmconsole: [1664856.453s][info][gc] GC(23996) Pause Young (Normal) (G1 Evacuation Pause) 52M->42M(63M) 5.275ms
Dec 28 23:06:29 untangle-main uvmconsole: [1664986.778s][info][gc] GC(23997) Pause Young (Normal) (G1 Evacuation Pause) 51M->42M(63M) 3.015ms
Dec 28 23:06:45 untangle-main uvmconsole: [1665002.630s][info][gc] GC(23998) Pause Full (System.gc()) 43M->42M(63M) 52.951ms
Dec 28 23:08:59 untangle-main uvmconsole: [1665136.447s][info][gc] GC(23999) Pause Young (Normal) (G1 Evacuation Pause) 51M->42M(63M) 1.873ms
Dec 28 23:10:49 untangle-main uvmconsole: [1665246.456s][info][gc] GC(24000) Pause Young (Normal) (G1 Evacuation Pause) 50M->42M(63M) 2.292ms
Dec 28 23:11:45 untangle-main uvmconsole: [1665302.645s][info][gc] GC(24001) Pause Full (System.gc()) 46M->42M(63M) 64.505ms
Dec 28 23:14:14 untangle-main uvmconsole: [1665451.577s][info][gc] GC(24002) Pause Young (Normal) (G1 Evacuation Pause) 52M->42M(63M) 5.389ms
Dec 28 23:16:29 untangle-main uvmconsole: [1665586.458s][info][gc] GC(24003) Pause Young (Normal) (G1 Evacuation Pause) 51M->42M(63M) 6.471ms
Dec 28 23:16:45 untangle-main uvmconsole: [1665602.634s][info][gc] GC(24004) Pause Full (System.gc()) 43M->42M(63M) 58.009ms
Dec 28 23:19:09 untangle-main uvmconsole: [1665746.454s][info][gc] GC(24005) Pause Young (Normal) (G1 Evacuation Pause) 52M->42M(63M) 3.626ms
Dec 28 23:21:29 untangle-main uvmconsole: [1665886.450s][info][gc] GC(24006) Pause Young (Normal) (G1 Evacuation Pause) 51M->42M(63M) 2.326ms
Dec 28 23:21:45 untangle-main uvmconsole: [1665902.616s][info][gc] GC(24007) Pause Full (System.gc()) 43M->42M(63M) 39.652ms
Dec 28 23:24:09 untangle-main uvmconsole: [1666046.462s][info][gc] GC(24008) Pause Young (Normal) (G1 Evacuation Pause) 52M->42M(63M) 8.008ms
Dec 28 23:26:29 untangle-main uvmconsole: [1666186.459s][info][gc] GC(24009) Pause Young (Normal) (G1 Evacuation Pause) 51M->42M(63M) 8.120ms
Dec 28 23:26:45 untangle-main uvmconsole: [1666202.628s][info][gc] GC(24010) Pause Full (System.gc()) 43M->42M(63M) 48.745ms
Dec 28 23:29:09 untangle-main uvmconsole: [1666346.449s][info][gc] GC(24011) Pause Young (Normal) (G1 Evacuation Pause) 52M->42M(63M) 1.562ms
Dec 28 23:31:29 untangle-main uvmconsole: [1666486.457s][info][gc] GC(24012) Pause Young (Normal) (G1 Evacuation Pause) 51M->42M(63M) 9.086ms
Dec 28 23:31:45 untangle-main uvmconsole: [1666502.639s][info][gc] GC(24013) Pause Full (System.gc()) 43M->42M(63M) 60.126ms
Dec 28 23:33:59 untangle-main uvmconsole: [1666636.463s][info][gc] GC(24014) Pause Young (Normal) (G1 Evacuation Pause) 51M->42M(63M) 7.559ms
Dec 28 23:35:56 untangle-main uvmconsole: [1666753.700s][info][gc] GC(24015) Pause Young (Normal) (G1 Evacuation Pause) 50M->42M(63M) 31.322ms
Dec 28 23:36:45 untangle-main uvmconsole: [1666802.636s][info][gc] GC(24016) Pause Full (System.gc()) 45M->42M(63M) 57.781ms
Dec 28 23:39:08 untangle-main uvmconsole: [1666946.224s][info][gc] GC(24017) Pause Young (Normal) (G1 Evacuation Pause) 52M->42M(63M) 1.663ms
Dec 28 23:41:19 untangle-main uvmconsole: [1667076.452s][info][gc] GC(24018) Pause Young (Normal) (G1 Evacuation Pause) 51M->42M(63M) 5.846ms
Dec 28 23:41:45 untangle-main uvmconsole: [1667102.626s][info][gc] GC(24019) Pause Full (System.gc()) 44M->42M(63M) 49.859ms
Dec 28 23:44:09 untangle-main uvmconsole: [1667246.453s][info][gc] GC(24020) Pause Young (Normal) (G1 Evacuation Pause) 52M->42M(63M) 3.090ms
Dec 28 23:46:26 untangle-main uvmconsole: [1667384.134s][info][gc] GC(24021) Pause Young (Normal) (G1 Evacuation Pause) 51M->42M(63M) 1.949ms
Dec 28 23:46:45 untangle-main uvmconsole: [1667402.641s][info][gc] GC(24022) Pause Full (System.gc()) 43M->42M(63M) 62.908ms
Dec 28 23:49:09 untangle-main uvmconsole: [1667546.461s][info][gc] GC(24023) Pause Young (Normal) (G1 Evacuation Pause) 52M->42M(63M) 8.437ms
Dec 28 23:51:19 untangle-main uvmconsole: [1667676.456s][info][gc] GC(24024) Pause Young (Normal) (G1 Evacuation Pause) 51M->42M(63M) 3.189ms
Dec 28 23:51:45 untangle-main uvmconsole: [1667702.642s][info][gc] GC(24025) Pause Full (System.gc()) 43M->42M(63M) 63.150ms
Dec 28 23:54:09 untangle-main uvmconsole: [1667846.449s][info][gc] GC(24026) Pause Young (Normal) (G1 Evacuation Pause) 52M->42M(63M) 2.429ms
Dec 28 23:56:19 untangle-main uvmconsole: [1667976.456s][info][gc] GC(24027) Pause Young (Normal) (G1 Evacuation Pause) 51M->42M(63M) 5.791ms
Dec 28 23:56:45 untangle-main uvmconsole: [1668002.630s][info][gc] GC(24028) Pause Full (System.gc()) 44M->42M(63M) 53.242ms
Dec 28 23:58:49 untangle-main uvmconsole: [1668126.478s][info][gc] GC(24029) Pause Young (Normal) (G1 Evacuation Pause) 51M->42M(63M) 22.624ms
Dec 29 00:00:49 untangle-main uvmconsole: [1668246.451s][info][gc] GC(24030) Pause Young (Normal) (G1 Evacuation Pause) 50M->42M(63M) 2.271ms
Dec 29 00:01:45 untangle-main uvmconsole: [1668302.645s][info][gc] GC(24031) Pause Full (System.gc()) 46M->42M(63M) 67.654ms
Dec 29 00:03:39 untangle-main uvmconsole: [1668416.459s][info][gc] GC(24032) Pause Young (Normal) (G1 Evacuation Pause) 50M->42M(63M) 7.542ms
Dec 29 00:05:19 untangle-main uvmconsole: [1668516.462s][info][gc] GC(24033) Pause Young (Normal) (G1 Evacuation Pause) 49M->42M(63M) 6.032ms
Dec 29 00:06:45 untangle-main uvmconsole: [1668602.640s][info][gc] GC(24034) Pause Full (System.gc()) 48M->42M(63M) 62.274ms
Dec 29 00:08:49 untangle-main uvmconsole: [1668726.451s][info][gc] GC(24035) Pause Young (Normal) (G1 Evacuation Pause) 51M->42M(63M) 3.997ms
Dec 29 00:10:39 untangle-main uvmconsole: [1668837.219s][info][gc] GC(24036) Pause Young (Normal) (G1 Evacuation Pause) 50M->42M(63M) 5.945ms
Dec 29 00:11:45 untangle-main uvmconsole: [1668902.640s][info][gc] GC(24037) Pause Full (System.gc()) 47M->42M(63M) 61.871ms
Dec 29 00:13:49 untangle-main uvmconsole: [1669027.301s][info][gc] GC(24038) Pause Young (Normal) (G1 Evacuation Pause) 51M->42M(63M) 1.876ms
Dec 29 00:15:49 untangle-main uvmconsole: [1669146.486s][info][gc] GC(24039) Pause Young (Normal) (G1 Evacuation Pause) 50M->42M(63M) 37.833ms
Dec 29 00:16:45 untangle-main uvmconsole: [1669202.639s][info][gc] GC(24040) Pause Full (System.gc()) 46M->42M(63M) 59.418ms
Dec 29 00:19:09 untangle-main uvmconsole: [1669346.463s][info][gc] GC(24041) Pause Young (Normal) (G1 Evacuation Pause) 52M->42M(63M) 7.404ms
Dec 29 00:21:19 untangle-main uvmconsole: [1669476.461s][info][gc] GC(24042) Pause Young (Normal) (G1 Evacuation Pause) 51M->42M(63M) 6.865ms
Dec 29 00:21:45 untangle-main uvmconsole: [1669502.643s][info][gc] GC(24043) Pause Full (System.gc()) 44M->42M(63M) 65.689ms
Dec 29 00:24:09 untangle-main uvmconsole: [1669646.452s][info][gc] GC(24044) Pause Young (Normal) (G1 Evacuation Pause) 52M->42M(63M) 3.742ms
Dec 29 00:26:19 untangle-main uvmconsole: [1669776.451s][info][gc] GC(24045) Pause Young (Normal) (G1 Evacuation Pause) 51M->42M(63M) 1.616ms
Dec 29 00:26:45 untangle-main uvmconsole: [1669802.641s][info][gc] GC(24046) Pause Full (System.gc()) 43M->42M(63M) 64.289ms
Dec 29 00:29:09 untangle-main uvmconsole: [1669946.453s][info][gc] GC(24047) Pause Young (Normal) (G1 Evacuation Pause) 52M->42M(63M) 2.502ms
Dec 29 00:31:23 untangle-main uvmconsole: [1670080.934s][info][gc] GC(24048) Pause Young (Normal) (G1 Evacuation Pause) 51M->42M(63M) 1.802ms
Dec 29 00:31:45 untangle-main uvmconsole: [1670102.646s][info][gc] GC(24049) Pause Full (System.gc()) 43M->42M(63M) 67.155ms
Dec 29 00:33:39 untangle-main uvmconsole: [1670216.456s][info][gc] GC(24050) Pause Young (Normal) (G1 Evacuation Pause) 50M->42M(63M) 6.885ms
Dec 29 00:35:19 untangle-main uvmconsole: [1670316.449s][info][gc] GC(24051) Pause Young (Normal) (G1 Evacuation Pause) 49M->42M(63M) 2.536ms
Dec 29 00:36:45 untangle-main uvmconsole: [1670402.646s][info][gc] GC(24052) Pause Full (System.gc()) 48M->42M(63M) 67.216ms
Dec 29 00:38:29 untangle-main uvmconsole: [1670506.604s][info][gc] GC(24053) Pause Young (Normal) (G1 Evacuation Pause) 50M->42M(63M) 7.099ms
Dec 29 00:40:18 untangle-main uvmconsole: [1670616.244s][info][gc] GC(24054) Pause Young (Normal) (G1 Evacuation Pause) 49M->42M(63M) 6.651ms
Dec 29 00:41:45 untangle-main uvmconsole: [1670702.638s][info][gc] GC(24055) Pause Full (System.gc()) 48M->42M(63M) 61.026ms
Dec 29 00:44:09 untangle-main uvmconsole: [1670846.457s][info][gc] GC(24056) Pause Young (Normal) (G1 Evacuation Pause) 52M->42M(63M) 4.772ms
Dec 29 00:46:20 untangle-main uvmconsole: [1670978.176s][info][gc] GC(24057) Pause Young (Normal) (G1 Evacuation Pause) 51M->42M(63M) 5.597ms
Dec 29 00:46:45 untangle-main uvmconsole: [1671002.640s][info][gc] GC(24058) Pause Full (System.gc()) 43M->42M(63M) 62.338ms
Dec 29 00:49:09 untangle-main uvmconsole: [1671146.468s][info][gc] GC(24059) Pause Young (Normal) (G1 Evacuation Pause) 52M->42M(63M) 9.990ms
Dec 29 00:51:19 untangle-main uvmconsole: [1671276.457s][info][gc] GC(24060) Pause Young (Normal) (G1 Evacuation Pause) 51M->42M(63M) 4.685ms
Dec 29 00:51:45 untangle-main uvmconsole: [1671302.644s][info][gc] GC(24061) Pause Full (System.gc()) 44M->42M(63M) 66.386ms
Dec 29 00:54:09 untangle-main uvmconsole: [1671446.457s][info][gc] GC(24062) Pause Young (Normal) (G1 Evacuation Pause) 52M->42M(63M) 5.605ms
Dec 29 00:56:19 untangle-main uvmconsole: [1671576.452s][info][gc] GC(24063) Pause Young (Normal) (G1 Evacuation Pause) 51M->42M(63M) 3.550ms
Dec 29 00:56:45 untangle-main uvmconsole: [1671602.631s][info][gc] GC(24064) Pause Full (System.gc()) 44M->42M(63M) 53.833ms
Dec 29 00:59:09 untangle-main uvmconsole: [1671746.463s][info][gc] GC(24065) Pause Young (Normal) (G1 Evacuation Pause) 52M->42M(63M) 8.014ms
Dec 29 01:01:19 untangle-main uvmconsole: [1671876.460s][info][gc] GC(24066) Pause Young (Normal) (G1 Evacuation Pause) 51M->42M(63M) 5.105ms
Dec 29 01:01:45 untangle-main uvmconsole: [1671902.644s][info][gc] GC(24067) Pause Full (System.gc()) 43M->42M(63M) 67.384ms
Dec 29 01:04:09 untangle-main uvmconsole: [1672046.455s][info][gc] GC(24068) Pause Young (Normal) (G1 Evacuation Pause) 52M->42M(63M) 5.191ms
Dec 29 01:06:19 untangle-main uvmconsole: [1672176.464s][info][gc] GC(24069) Pause Young (Normal) (G1 Evacuation Pause) 51M->42M(63M) 7.610ms
Dec 29 01:06:45 untangle-main uvmconsole: [1672202.641s][info][gc] GC(24070) Pause Full (System.gc()) 43M->42M(63M) 62.989ms
Dec 29 01:08:49 untangle-main uvmconsole: [1672326.451s][info][gc] GC(24071) Pause Young (Normal) (G1 Evacuation Pause) 51M->42M(63M) 4.651ms
Dec 29 01:10:46 untangle-main uvmconsole: [1672443.885s][info][gc] GC(24072) Pause Young (Normal) (G1 Evacuation Pause) 50M->42M(63M) 6.721ms
Dec 29 01:11:45 untangle-main uvmconsole: [1672502.637s][info][gc] GC(24073) Pause Full (System.gc()) 46M->42M(63M) 60.351ms
Dec 29 01:14:01 untangle-main uvmconsole: [1672639.084s][info][gc] GC(24074) Pause Young (Normal) (G1 Evacuation Pause) 52M->42M(63M) 5.657ms
Dec 29 01:16:10 untangle-main uvmconsole: [1672768.298s][info][gc] GC(24075) Pause Young (Normal) (G1 Evacuation Pause) 51M->42M(63M) 3.119ms
Dec 29 01:16:45 untangle-main uvmconsole: [1672802.626s][info][gc] GC(24076) Pause Full (System.gc()) 44M->42M(63M) 47.969ms
Dec 29 01:18:56 untangle-main uvmconsole: [1672933.594s][info][gc] GC(24077) Pause Young (Normal) (G1 Evacuation Pause) 51M->42M(63M) 12.602ms
Dec 29 01:20:49 untangle-main uvmconsole: [1673046.456s][info][gc] GC(24078) Pause Young (Normal) (G1 Evacuation Pause) 50M->42M(63M) 2.690ms
Dec 29 01:21:45 untangle-main uvmconsole: [1673102.634s][info][gc] GC(24079) Pause Full (System.gc()) 46M->42M(63M) 56.520ms
Dec 29 01:23:59 untangle-main uvmconsole: [1673236.452s][info][gc] GC(24080) Pause Young (Normal) (G1 Evacuation Pause) 51M->42M(63M) 4.365ms
Dec 29 01:25:49 untangle-main uvmconsole: [1673346.460s][info][gc] GC(24081) Pause Young (Normal) (G1 Evacuation Pause) 50M->42M(63M) 6.176ms
Dec 29 01:26:45 untangle-main uvmconsole: [1673402.620s][info][gc] GC(24082) Pause Full (System.gc()) 46M->42M(63M) 42.173ms
Dec 29 01:28:59 untangle-main uvmconsole: [1673536.451s][info][gc] GC(24083) Pause Young (Normal) (G1 Evacuation Pause) 51M->42M(63M) 2.194ms
Dec 29 01:30:51 untangle-main uvmconsole: [1673649.298s][info][gc] GC(24084) Pause Young (Normal) (G1 Evacuation Pause) 50M->42M(63M) 4.254ms
Dec 29 01:31:45 untangle-main uvmconsole: [1673702.617s][info][gc] GC(24085) Pause Full (System.gc()) 46M->42M(63M) 41.152ms
Dec 29 01:33:54 untangle-main uvmconsole: [1673832.300s][info][gc] GC(24086) Pause Young (Normal) (G1 Evacuation Pause) 51M->42M(63M) 4.668ms
Dec 29 01:35:49 untangle-main uvmconsole: [1673946.456s][info][gc] GC(24087) Pause Young (Normal) (G1 Evacuation Pause) 50M->42M(63M) 6.170ms
Dec 29 01:36:45 untangle-main uvmconsole: [1674002.637s][info][gc] GC(24088) Pause Full (System.gc()) 46M->42M(63M) 59.828ms
Dec 29 01:38:49 untangle-main uvmconsole: [1674126.455s][info][gc] GC(24089) Pause Young (Normal) (G1 Evacuation Pause) 51M->42M(63M) 6.703ms
Dec 29 01:40:44 untangle-main uvmconsole: [1674241.420s][info][gc] GC(24090) Pause Young (Normal) (G1 Evacuation Pause) 50M->42M(63M) 4.028ms
Dec 29 01:41:15 untangle-main uvmconsole: [1674273.087s][info][gc] GC(24091) Pause Young (Normal) (G1 Evacuation Pause) 50M->42M(63M) 10.849ms
Dec 29 01:41:24 untangle-main uvmconsole: [1674281.736s][info][gc] GC(24092) Pause Young (Concurrent Start) (G1 Humongous Allocation) 47M->44M(63M) 11.122ms
Dec 29 01:41:24 untangle-main uvmconsole: [1674281.740s][info][gc] GC(24093) Concurrent Cycle
Dec 29 01:41:24 untangle-main uvmconsole: [1674281.847s][info][gc] GC(24093) Pause Remark 52M->52M(63M) 6.911ms
Dec 29 01:41:24 untangle-main uvmconsole: [1674282.027s][info][gc] GC(24093) Pause Cleanup 78M->78M(89M) 0.355ms
Dec 29 01:41:24 untangle-main uvmconsole: [1674282.075s][info][gc] GC(24093) Concurrent Cycle 334.676ms
Dec 29 01:41:24 untangle-main uvmconsole: [1674282.104s][info][gc] GC(24094) Pause Young (Normal) (G1 Evacuation Pause) 119M->62M(126M) 24.118ms
Dec 29 01:41:24 untangle-main uvmconsole: [1674282.190s][info][gc] GC(24095) Pause Young (Normal) (G1 Evacuation Pause) 97M->77M(126M) 38.708ms
Dec 29 01:41:24 untangle-main uvmconsole: [1674282.233s][info][gc] GC(24096) Pause Young (Concurrent Start) (G1 Evacuation Pause) 96M->85M(126M) 7.540ms
Dec 29 01:41:24 untangle-main uvmconsole: [1674282.234s][info][gc] GC(24097) Concurrent Cycle
Dec 29 01:41:24 untangle-main uvmconsole: [1674282.257s][info][gc] GC(24098) Pause Young (Normal) (G1 Evacuation Pause) 98M->92M(126M) 4.875ms
Dec 29 01:41:24 untangle-main uvmconsole: [1674282.273s][info][gc] GC(24099) Pause Young (Normal) (G1 Evacuation Pause) 101M->96M(126M) 4.598ms
Dec 29 01:41:24 untangle-main uvmconsole: [1674282.306s][info][gc] GC(24097) Pause Remark 98M->98M(126M) 4.471ms
Dec 29 01:41:24 untangle-main uvmconsole: [1674282.342s][info][gc] GC(24097) Pause Cleanup 101M->101M(126M) 0.215ms
Dec 29 01:41:24 untangle-main uvmconsole: [1674282.353s][info][gc] GC(24097) Concurrent Cycle 119.203ms
Dec 29 01:41:25 untangle-main uvmconsole: [1674282.395s][info][gc] GC(24100) Pause Young (Normal) (G1 Evacuation Pause) 105M->103M(126M) 17.845ms
Dec 29 01:41:25 untangle-main uvmconsole: [1674282.424s][info][gc] GC(24101) Pause Young (Concurrent Start) (G1 Humongous Allocation) 105M->104M(126M) 7.278ms
Dec 29 01:41:25 untangle-main uvmconsole: [1674282.424s][info][gc] GC(24102) Concurrent Cycle
Dec 29 01:41:25 untangle-main uvmconsole: [1674282.514s][info][gc] GC(24102) Pause Remark 112M->111M(126M) 4.459ms
Dec 29 01:41:25 untangle-main uvmconsole: [1674282.549s][info][gc] GC(24103) Pause Young (Normal) (G1 Evacuation Pause) 111M->110M(126M) 26.290ms
Dec 29 01:41:25 untangle-main uvmconsole: [1674282.593s][info][gc] GC(24102) Pause Cleanup 117M->117M(126M) 0.242ms
Dec 29 01:41:25 untangle-main uvmconsole: [1674282.593s][info][gc] GC(24102) Concurrent Cycle 169.153ms
Dec 29 01:41:25 untangle-main uvmconsole: [1674282.676s][info][gc] GC(24104) Pause Young (Normal) (G1 Evacuation Pause) 120M->118M(127M) 26.907ms
Dec 29 01:41:44 untangle-main uvmconsole: [1674301.892s][info][gc] GC(24105) Pause Young (Concurrent Start) (G1 Evacuation Pause) 123M->120M(129M) 16.243ms
Dec 29 01:41:44 untangle-main uvmconsole: [1674301.892s][info][gc] GC(24106) Concurrent Cycle
Dec 29 01:41:44 untangle-main uvmconsole: [1674301.975s][info][gc] GC(24106) Pause Remark 121M->92M(129M) 8.720ms
Dec 29 01:41:44 untangle-main uvmconsole: [1674302.001s][info][gc] GC(24106) Pause Cleanup 92M->92M(129M) 0.240ms
Dec 29 01:41:44 untangle-main uvmconsole: [1674302.002s][info][gc] GC(24106) Concurrent Cycle 110.460ms
Dec 29 01:41:44 untangle-main uvmconsole: [1674302.092s][info][gc] GC(24107) Pause Young (Prepare Mixed) (G1 Evacuation Pause) 96M->92M(129M) 3.849ms
Dec 29 01:41:45 untangle-main uvmconsole: Starting ChromeDriver 83.0.4103.116 (8f0c18b4dca9b6699eb629be0f51810c24fb6428-refs/branch-heads/4103@{#716}) on port 39028
Dec 29 01:41:45 untangle-main uvmconsole: Only local connections are allowed.
Dec 29 01:41:45 untangle-main uvmconsole: Please see https://chromedriver.chromium.org/security-considerations for suggestions on keeping ChromeDriver safe.
Dec 29 01:41:45 untangle-main uvmconsole: ChromeDriver was started successfully.
Dec 29 01:41:45 untangle-main uvmconsole: [1674302.646s][info][gc] GC(24108) Pause Full (System.gc()) 92M->43M(68M) 69.216ms
Dec 29 01:41:49 untangle-main uvmconsole: Dec 29, 2020 1:41:49 AM org.openqa.selenium.remote.ProtocolHandshake createSession
Dec 29 01:41:49 untangle-main uvmconsole: INFO: Detected dialect: W3C
Dec 29 01:42:26 untangle-main uvmconsole: [1674343.900s][info][gc] GC(24109) Pause Young (Concurrent Start) (G1 Evacuation Pause) 48M->43M(68M) 5.286ms
Dec 29 01:42:26 untangle-main uvmconsole: [1674343.900s][info][gc] GC(24110) Concurrent Cycle
Dec 29 01:42:26 untangle-main uvmconsole: [1674343.965s][info][gc] GC(24110) Pause Remark 43M->43M(68M) 7.819ms
Dec 29 01:42:26 untangle-main uvmconsole: [1674343.998s][info][gc] GC(24110) Pause Cleanup 43M->43M(68M) 0.445ms
Dec 29 01:42:26 untangle-main uvmconsole: [1674343.998s][info][gc] GC(24110) Concurrent Cycle 98.056ms
Dec 29 01:43:49 untangle-main uvmconsole: [1674426.455s][info][gc] GC(24111) Pause Young (Normal) (G1 Evacuation Pause) 49M->43M(68M) 5.932ms
Dec 29 01:45:11 untangle-main uvmconsole: [1674509.008s][info][gc] GC(24112) Pause Young (Concurrent Start) (G1 Evacuation Pause) 49M->43M(68M) 7.237ms
Dec 29 01:45:11 untangle-main uvmconsole: [1674509.008s][info][gc] GC(24113) Concurrent Cycle
Dec 29 01:45:11 untangle-main uvmconsole: [1674509.077s][info][gc] GC(24113) Pause Remark 43M->43M(68M) 3.812ms
Dec 29 01:45:11 untangle-main uvmconsole: [1674509.096s][info][gc] GC(24113) Pause Cleanup 43M->43M(68M) 0.476ms
Dec 29 01:45:11 untangle-main uvmconsole: [1674509.096s][info][gc] GC(24113) Concurrent Cycle 87.972ms
Dec 29 01:46:45 untangle-main uvmconsole: [1674602.642s][info][gc] GC(24114) Pause Full (System.gc()) 49M->43M(68M) 65.619ms
Dec 29 01:48:23 untangle-main uvmconsole: [1674701.036s][info][gc] GC(24115) Pause Young (Concurrent Start) (G1 Evacuation Pause) 50M->43M(68M) 9.394ms
Dec 29 01:48:23 untangle-main uvmconsole: [1674701.036s][info][gc] GC(24116) Concurrent Cycle
Dec 29 01:48:23 untangle-main uvmconsole: [1674701.104s][info][gc] GC(24116) Pause Remark 43M->43M(68M) 4.280ms
Dec 29 01:48:23 untangle-main uvmconsole: [1674701.125s][info][gc] GC(24116) Pause Cleanup 43M->43M(68M) 0.168ms
Dec 29 01:48:23 untangle-main uvmconsole: [1674701.126s][info][gc] GC(24116) Concurrent Cycle 89.308ms
Dec 29 01:50:09 untangle-main uvmconsole: [1674806.454s][info][gc] GC(24117) Pause Young (Normal) (G1 Evacuation Pause) 50M->43M(68M) 7.029ms
Dec 29 01:51:45 untangle-main uvmconsole: [1674902.644s][info][gc] GC(24118) Pause Full (System.gc()) 50M->43M(68M) 64.376ms
Dec 29 01:53:49 untangle-main uvmconsole: [1675026.678s][info][gc] GC(24119) Pause Young (Concurrent Start) (G1 Evacuation Pause) 52M->43M(68M) 12.615ms
Dec 29 01:53:49 untangle-main uvmconsole: [1675026.678s][info][gc] GC(24120) Concurrent Cycle
Dec 29 01:53:49 untangle-main uvmconsole: [1675026.743s][info][gc] GC(24120) Pause Remark 43M->43M(68M) 6.247ms
Dec 29 01:53:49 untangle-main uvmconsole: [1675026.765s][info][gc] GC(24120) Pause Cleanup 43M->43M(68M) 0.189ms
Dec 29 01:53:49 untangle-main uvmconsole: [1675026.766s][info][gc] GC(24120) Concurrent Cycle 87.474ms
Dec 29 01:56:06 untangle-main uvmconsole: [1675164.296s][info][gc] GC(24121) Pause Young (Normal) (G1 Evacuation Pause) 52M->43M(68M) 2.529ms
Dec 29 01:56:45 untangle-main uvmconsole: [1675202.646s][info][gc] GC(24122) Pause Full (System.gc()) 46M->43M(68M) 67.866ms
Dec 29 01:58:59 untangle-main uvmconsole: [1675336.450s][info][gc] GC(24123) Pause Young (Concurrent Start) (G1 Evacuation Pause) 52M->43M(68M) 2.747ms
Dec 29 01:58:59 untangle-main uvmconsole: [1675336.450s][info][gc] GC(24124) Concurrent Cycle
Dec 29 01:58:59 untangle-main uvmconsole: [1675336.513s][info][gc] GC(24124) Pause Remark 43M->43M(68M) 5.680ms
Dec 29 01:58:59 untangle-main uvmconsole: [1675336.535s][info][gc] GC(24124) Pause Cleanup 43M->43M(68M) 0.350ms
Dec 29 01:58:59 untangle-main uvmconsole: [1675336.535s][info][gc] GC(24124) Concurrent Cycle 85.010ms
Dec 29 02:01:09 untangle-main uvmconsole: [1675466.449s][info][gc] GC(24125) Pause Young (Normal) (G1 Evacuation Pause) 52M->43M(68M) 2.159ms
Dec 29 02:01:45 untangle-main uvmconsole: [1675502.633s][info][gc] GC(24126) Pause Full (System.gc()) 46M->43M(66M) 54.532ms
Dec 29 02:04:09 untangle-main uvmconsole: [1675646.455s][info][gc] GC(24127) Pause Young (Concurrent Start) (G1 Evacuation Pause) 53M->43M(66M) 4.782ms
Dec 29 02:04:09 untangle-main uvmconsole: [1675646.455s][info][gc] GC(24128) Concurrent Cycle
Dec 29 02:04:09 untangle-main uvmconsole: [1675646.525s][info][gc] GC(24128) Pause Remark 43M->43M(66M) 5.648ms
Dec 29 02:04:09 untangle-main uvmconsole: [1675646.545s][info][gc] GC(24128) Pause Cleanup 43M->43M(66M) 0.190ms
Dec 29 02:04:09 untangle-main uvmconsole: [1675646.545s][info][gc] GC(24128) Concurrent Cycle 89.887ms
Dec 29 02:06:39 untangle-main uvmconsole: [1675796.448s][info][gc] GC(24129) Pause Young (Normal) (G1 Evacuation Pause) 53M->43M(66M) 1.993ms
Dec 29 02:06:45 untangle-main uvmconsole: [1675802.644s][info][gc] GC(24130) Pause Full (System.gc()) 43M->43M(66M) 66.533ms
Dec 29 02:09:19 untangle-main uvmconsole: [1675956.457s][info][gc] GC(24131) Pause Young (Concurrent Start) (G1 Evacuation Pause) 54M->43M(66M) 7.611ms
Dec 29 02:09:19 untangle-main uvmconsole: [1675956.458s][info][gc] GC(24132) Concurrent Cycle
Dec 29 02:09:19 untangle-main uvmconsole: [1675956.525s][info][gc] GC(24132) Pause Remark 43M->43M(66M) 5.164ms
Dec 29 02:09:19 untangle-main uvmconsole: [1675956.544s][info][gc] GC(24132) Pause Cleanup 43M->43M(66M) 0.215ms
Dec 29 02:09:19 untangle-main uvmconsole: [1675956.545s][info][gc] GC(24132) Concurrent Cycle 86.871ms
Dec 29 02:11:41 untangle-main uvmconsole: [1676099.312s][info][gc] GC(24133) Pause Young (Normal) (G1 Evacuation Pause) 53M->43M(66M) 7.828ms
Dec 29 02:11:45 untangle-main uvmconsole: [1676102.635s][info][gc] GC(24134) Pause Full (System.gc()) 43M->43M(66M) 57.972ms
Dec 29 02:14:29 untangle-main uvmconsole: [1676266.459s][info][gc] GC(24135) Pause Young (Concurrent Start) (G1 Evacuation Pause) 54M->43M(66M) 7.471ms
Dec 29 02:14:29 untangle-main uvmconsole: [1676266.460s][info][gc] GC(24136) Concurrent Cycle
Dec 29 02:14:29 untangle-main uvmconsole: [1676267.193s][info][gc] GC(24136) Pause Remark 43M->43M(66M) 657.507ms
Dec 29 02:14:29 untangle-main uvmconsole: [1676267.215s][info][gc] GC(24136) Pause Cleanup 43M->43M(66M) 0.253ms
Dec 29 02:14:29 untangle-main uvmconsole: [1676267.216s][info][gc] GC(24136) Concurrent Cycle 755.545ms
Dec 29 02:16:45 untangle-main uvmconsole: [1676402.632s][info][gc] GC(24137) Pause Full (System.gc()) 52M->42M(66M) 52.728ms
Dec 29 02:19:39 untangle-main uvmconsole: [1676576.461s][info][gc] GC(24138) Pause Young (Concurrent Start) (G1 Evacuation Pause) 54M->42M(66M) 8.735ms
Dec 29 02:19:39 untangle-main uvmconsole: [1676576.461s][info][gc] GC(24139) Concurrent Cycle
Dec 29 02:19:39 untangle-main uvmconsole: [1676576.536s][info][gc] GC(24139) Pause Remark 42M->42M(66M) 4.149ms
Dec 29 02:19:39 untangle-main uvmconsole: [1676576.554s][info][gc] GC(24139) Pause Cleanup 42M->42M(66M) 0.237ms
Dec 29 02:19:39 untangle-main uvmconsole: [1676576.554s][info][gc] GC(24139) Concurrent Cycle 92.837ms
Dec 29 02:21:45 untangle-main uvmconsole: [1676702.638s][info][gc] GC(24140) Pause Full (System.gc()) 50M->42M(66M) 59.731ms
Dec 29 02:24:49 untangle-main uvmconsole: [1676886.468s][info][gc] GC(24141) Pause Young (Concurrent Start) (G1 Evacuation Pause) 54M->42M(66M) 19.252ms
Dec 29 02:24:49 untangle-main uvmconsole: [1676886.468s][info][gc] GC(24142) Concurrent Cycle
Dec 29 02:24:49 untangle-main uvmconsole: [1676886.518s][info][gc] GC(24142) Pause Remark 42M->42M(66M) 5.578ms
Dec 29 02:24:49 untangle-main uvmconsole: [1676886.539s][info][gc] GC(24142) Pause Cleanup 42M->42M(66M) 0.271ms
Dec 29 02:24:49 untangle-main uvmconsole: [1676886.540s][info][gc] GC(24142) Concurrent Cycle 71.866ms
Dec 29 02:26:45 untangle-main uvmconsole: [1677002.640s][info][gc] GC(24143) Pause Full (System.gc()) 50M->42M(66M) 62.573ms
Dec 29 02:29:39 untangle-main uvmconsole: [1677176.450s][info][gc] GC(24144) Pause Young (Concurrent Start) (G1 Evacuation Pause) 54M->42M(66M) 2.743ms
Dec 29 02:29:39 untangle-main uvmconsole: [1677176.450s][info][gc] GC(24145) Concurrent Cycle
Dec 29 02:29:39 untangle-main uvmconsole: [1677176.499s][info][gc] GC(24145) Pause Remark 42M->42M(66M) 5.171ms
Dec 29 02:29:39 untangle-main uvmconsole: [1677176.518s][info][gc] GC(24145) Pause Cleanup 42M->42M(66M) 0.205ms
Dec 29 02:29:39 untangle-main uvmconsole: [1677176.518s][info][gc] GC(24145) Concurrent Cycle 67.740ms
Dec 29 02:31:45 untangle-main uvmconsole: [1677302.622s][info][gc] GC(24146) Pause Full (System.gc()) 50M->42M(65M) 44.593ms
Dec 29 02:34:40 untangle-main uvmconsole: [1677477.781s][info][gc] GC(24147) Pause Young (Concurrent Start) (G1 Evacuation Pause) 54M->42M(65M) 5.347ms
Dec 29 02:34:40 untangle-main uvmconsole: [1677477.781s][info][gc] GC(24148) Concurrent Cycle
Dec 29 02:34:40 untangle-main uvmconsole: [1677477.847s][info][gc] GC(24148) Pause Remark 42M->42M(65M) 22.593ms
Dec 29 02:34:40 untangle-main uvmconsole: [1677477.866s][info][gc] GC(24148) Pause Cleanup 42M->42M(65M) 0.185ms
Dec 29 02:34:40 untangle-main uvmconsole: [1677477.866s][info][gc] GC(24148) Concurrent Cycle 85.100ms
Dec 29 02:36:45 untangle-main uvmconsole: [1677602.646s][info][gc] GC(24149) Pause Full (System.gc()) 50M->42M(65M) 68.406ms
Dec 29 02:39:19 untangle-main uvmconsole: [1677756.459s][info][gc] GC(24150) Pause Young (Concurrent Start) (G1 Evacuation Pause) 53M->42M(65M) 9.209ms
Dec 29 02:39:19 untangle-main uvmconsole: [1677756.460s][info][gc] GC(24151) Concurrent Cycle
Dec 29 02:39:19 untangle-main uvmconsole: [1677756.530s][info][gc] GC(24151) Pause Remark 42M->42M(65M) 4.304ms
Dec 29 02:39:19 untangle-main uvmconsole: [1677756.548s][info][gc] GC(24151) Pause Cleanup 42M->42M(65M) 0.190ms
Dec 29 02:39:19 untangle-main uvmconsole: [1677756.549s][info][gc] GC(24151) Concurrent Cycle 88.971ms
Dec 29 02:41:45 untangle-main uvmconsole: [1677902.647s][info][gc] GC(24152) Pause Full (System.gc()) 51M->42M(65M) 70.306ms
Dec 29 02:44:29 untangle-main uvmconsole: [1678066.455s][info][gc] GC(24153) Pause Young (Concurrent Start) (G1 Evacuation Pause) 53M->42M(65M) 7.529ms
Dec 29 02:44:29 untangle-main uvmconsole: [1678066.456s][info][gc] GC(24154) Concurrent Cycle
Dec 29 02:44:29 untangle-main uvmconsole: [1678066.528s][info][gc] GC(24154) Pause Remark 42M->42M(65M) 4.262ms
Dec 29 02:44:29 untangle-main uvmconsole: [1678066.552s][info][gc] GC(24154) Pause Cleanup 42M->42M(65M) 0.223ms
Dec 29 02:44:29 untangle-main uvmconsole: [1678066.552s][info][gc] GC(24154) Concurrent Cycle 96.351ms
Dec 29 02:46:45 untangle-main uvmconsole: [1678202.648s][info][gc] GC(24155) Pause Full (System.gc()) 51M->42M(65M) 68.744ms
Dec 29 02:49:29 untangle-main uvmconsole: [1678366.457s][info][gc] GC(24156) Pause Young (Concurrent Start) (G1 Evacuation Pause) 53M->42M(65M) 7.072ms
Dec 29 02:49:29 untangle-main uvmconsole: [1678366.457s][info][gc] GC(24157) Concurrent Cycle
Dec 29 02:49:29 untangle-main uvmconsole: [1678366.511s][info][gc] GC(24157) Pause Remark 42M->42M(65M) 5.446ms
Dec 29 02:49:29 untangle-main uvmconsole: [1678366.531s][info][gc] GC(24157) Pause Cleanup 42M->42M(65M) 0.205ms
Dec 29 02:49:29 untangle-main uvmconsole: [1678366.531s][info][gc] GC(24157) Concurrent Cycle 73.847ms
Dec 29 02:51:45 untangle-main uvmconsole: [1678502.661s][info][gc] GC(24158) Pause Full (System.gc()) 51M->42M(65M) 83.213ms
Dec 29 02:54:39 untangle-main uvmconsole: [1678676.455s][info][gc] GC(24159) Pause Young (Concurrent Start) (G1 Evacuation Pause) 54M->42M(65M) 4.785ms
Dec 29 02:54:39 untangle-main uvmconsole: [1678676.456s][info][gc] GC(24160) Concurrent Cycle
Dec 29 02:54:39 untangle-main uvmconsole: [1678676.517s][info][gc] GC(24160) Pause Remark 42M->42M(65M) 4.455ms
Dec 29 02:54:39 untangle-main uvmconsole: [1678676.536s][info][gc] GC(24160) Pause Cleanup 42M->42M(65M) 0.215ms
Dec 29 02:54:39 untangle-main uvmconsole: [1678676.536s][info][gc] GC(24160) Concurrent Cycle 80.434ms
Dec 29 02:56:45 untangle-main uvmconsole: [1678802.642s][info][gc] GC(24161) Pause Full (System.gc()) 50M->42M(65M) 64.245ms
Dec 29 02:59:19 untangle-main uvmconsole: [1678956.453s][info][gc] GC(24162) Pause Young (Concurrent Start) (G1 Evacuation Pause) 52M->42M(65M) 5.420ms
Dec 29 02:59:19 untangle-main uvmconsole: [1678956.454s][info][gc] GC(24163) Concurrent Cycle
Dec 29 02:59:19 untangle-main uvmconsole: [1678956.502s][info][gc] GC(24163) Pause Remark 42M->42M(65M) 5.024ms
Dec 29 02:59:19 untangle-main uvmconsole: [1678956.522s][info][gc] GC(24163) Pause Cleanup 42M->42M(65M) 0.161ms
Dec 29 02:59:19 untangle-main uvmconsole: [1678956.522s][info][gc] GC(24163) Concurrent Cycle 68.748ms
Dec 29 03:01:29 untangle-main uvmconsole: [1679086.454s][info][gc] GC(24164) Pause Young (Normal) (G1 Evacuation Pause) 51M->42M(65M) 4.043ms
Dec 29 03:01:45 untangle-main uvmconsole: [1679102.642s][info][gc] GC(24165) Pause Full (System.gc()) 43M->42M(65M) 63.524ms
Dec 29 03:04:43 untangle-main uvmconsole: [1679280.957s][info][gc] GC(24166) Pause Young (Concurrent Start) (G1 Evacuation Pause) 54M->42M(65M) 5.538ms
Dec 29 03:04:43 untangle-main uvmconsole: [1679280.957s][info][gc] GC(24167) Concurrent Cycle
Dec 29 03:04:43 untangle-main uvmconsole: [1679281.010s][info][gc] GC(24167) Pause Remark 42M->42M(65M) 4.687ms
Dec 29 03:04:43 untangle-main uvmconsole: [1679281.032s][info][gc] GC(24167) Pause Cleanup 42M->42M(65M) 0.257ms
Dec 29 03:04:43 untangle-main uvmconsole: [1679281.033s][info][gc] GC(24167) Concurrent Cycle 75.356ms
Dec 29 03:06:45 untangle-main uvmconsole: [1679402.647s][info][gc] GC(24168) Pause Full (System.gc()) 50M->42M(65M) 69.157ms
Dec 29 03:09:21 untangle-main uvmconsole: [1679559.190s][info][gc] GC(24169) Pause Young (Concurrent Start) (G1 Evacuation Pause) 53M->42M(65M) 5.241ms
Dec 29 03:09:21 untangle-main uvmconsole: [1679559.190s][info][gc] GC(24170) Concurrent Cycle
Dec 29 03:09:21 untangle-main uvmconsole: [1679559.246s][info][gc] GC(24170) Pause Remark 42M->42M(65M) 10.503ms
Dec 29 03:09:21 untangle-main uvmconsole: [1679559.266s][info][gc] GC(24170) Pause Cleanup 42M->42M(65M) 0.189ms
Dec 29 03:09:21 untangle-main uvmconsole: [1679559.266s][info][gc] GC(24170) Concurrent Cycle 75.907ms
Dec 29 03:11:45 untangle-main uvmconsole: [1679702.643s][info][gc] GC(24171) Pause Full (System.gc()) 51M->42M(65M) 66.089ms
Dec 29 03:14:49 untangle-main uvmconsole: [1679886.453s][info][gc] GC(24172) Pause Young (Concurrent Start) (G1 Evacuation Pause) 54M->42M(65M) 6.671ms
Dec 29 03:14:49 untangle-main uvmconsole: [1679886.454s][info][gc] GC(24173) Concurrent Cycle
Dec 29 03:14:49 untangle-main uvmconsole: [1679886.521s][info][gc] GC(24173) Pause Remark 42M->42M(65M) 7.877ms
Dec 29 03:14:49 untangle-main uvmconsole: [1679886.542s][info][gc] GC(24173) Pause Cleanup 42M->42M(65M) 0.220ms
Dec 29 03:14:49 untangle-main uvmconsole: [1679886.543s][info][gc] GC(24173) Concurrent Cycle 89.660ms
Dec 29 03:16:45 untangle-main uvmconsole: [1680002.641s][info][gc] GC(24174) Pause Full (System.gc()) 50M->42M(65M) 63.375ms
Dec 29 03:19:11 untangle-main uvmconsole: [1680148.893s][info][gc] GC(24175) Pause Young (Concurrent Start) (G1 Evacuation Pause) 52M->42M(65M) 7.192ms
Dec 29 03:19:11 untangle-main uvmconsole: [1680148.894s][info][gc] GC(24176) Concurrent Cycle
Dec 29 03:19:11 untangle-main uvmconsole: [1680148.961s][info][gc] GC(24176) Pause Remark 42M->42M(65M) 4.248ms
Dec 29 03:19:11 untangle-main uvmconsole: [1680148.980s][info][gc] GC(24176) Pause Cleanup 42M->42M(65M) 0.261ms
Dec 29 03:19:11 untangle-main uvmconsole: [1680148.981s][info][gc] GC(24176) Concurrent Cycle 86.849ms
Dec 29 03:21:29 untangle-main uvmconsole: [1680286.453s][info][gc] GC(24177) Pause Young (Normal) (G1 Evacuation Pause) 51M->42M(65M) 6.271ms
Dec 29 03:21:45 untangle-main uvmconsole: [1680302.635s][info][gc] GC(24178) Pause Full (System.gc()) 43M->42M(65M) 55.548ms
Dec 29 03:24:47 untangle-main uvmconsole: [1680485.050s][info][gc] GC(24179) Pause Young (Concurrent Start) (G1 Evacuation Pause) 54M->42M(65M) 7.669ms
Dec 29 03:24:47 untangle-main uvmconsole: [1680485.051s][info][gc] GC(24180) Concurrent Cycle
Dec 29 03:24:47 untangle-main uvmconsole: [1680485.118s][info][gc] GC(24180) Pause Remark 42M->42M(65M) 4.669ms
Dec 29 03:24:47 untangle-main uvmconsole: [1680485.144s][info][gc] GC(24180) Pause Cleanup 42M->42M(65M) 0.221ms
Dec 29 03:24:47 untangle-main uvmconsole: [1680485.145s][info][gc] GC(24180) Concurrent Cycle 94.077ms
Dec 29 03:26:45 untangle-main uvmconsole: [1680602.639s][info][gc] GC(24181) Pause Full (System.gc()) 50M->42M(65M) 60.674ms
Dec 29 03:29:29 untangle-main uvmconsole: [1680766.455s][info][gc] GC(24182) Pause Young (Concurrent Start) (G1 Evacuation Pause) 53M->42M(65M) 4.805ms
Dec 29 03:29:29 untangle-main uvmconsole: [1680766.456s][info][gc] GC(24183) Concurrent Cycle
Dec 29 03:29:29 untangle-main uvmconsole: [1680766.510s][info][gc] GC(24183) Pause Remark 42M->42M(65M) 7.762ms
Dec 29 03:29:29 untangle-main uvmconsole: [1680766.535s][info][gc] GC(24183) Pause Cleanup 42M->42M(65M) 0.184ms
Dec 29 03:29:29 untangle-main uvmconsole: [1680766.536s][info][gc] GC(24183) Concurrent Cycle 80.233ms
Dec 29 03:31:45 untangle-main uvmconsole: [1680902.641s][info][gc] GC(24184) Pause Full (System.gc()) 51M->42M(65M) 63.252ms
Dec 29 03:34:48 untangle-main uvmconsole: [1681086.352s][info][gc] GC(24185) Pause Young (Concurrent Start) (G1 Evacuation Pause) 54M->42M(65M) 8.546ms
Dec 29 03:34:48 untangle-main uvmconsole: [1681086.352s][info][gc] GC(24186) Concurrent Cycle
Dec 29 03:34:49 untangle-main uvmconsole: [1681086.433s][info][gc] GC(24186) Pause Remark 42M->42M(65M) 3.968ms
Dec 29 03:34:49 untangle-main uvmconsole: [1681086.454s][info][gc] GC(24186) Pause Cleanup 42M->42M(65M) 0.220ms
Dec 29 03:34:49 untangle-main uvmconsole: [1681086.454s][info][gc] GC(24186) Concurrent Cycle 101.658ms
Dec 29 03:36:45 untangle-main uvmconsole: [1681202.638s][info][gc] GC(24187) Pause Full (System.gc()) 50M->42M(65M) 61.324ms
Dec 29 03:39:19 untangle-main uvmconsole: [1681356.614s][info][gc] GC(24188) Pause Young (Concurrent Start) (G1 Evacuation Pause) 53M->42M(65M) 7.990ms
Dec 29 03:39:19 untangle-main uvmconsole: [1681356.614s][info][gc] GC(24189) Concurrent Cycle
Dec 29 03:39:19 untangle-main uvmconsole: [1681356.688s][info][gc] GC(24189) Pause Remark 42M->42M(65M) 6.027ms
Dec 29 03:39:19 untangle-main uvmconsole: [1681356.711s][info][gc] GC(24189) Pause Cleanup 42M->42M(65M) 0.182ms
Dec 29 03:39:19 untangle-main uvmconsole: [1681356.711s][info][gc] GC(24189) Concurrent Cycle 96.915ms
Dec 29 03:41:45 untangle-main uvmconsole: [1681502.643s][info][gc] GC(24190) Pause Full (System.gc()) 51M->42M(65M) 65.777ms
Dec 29 03:44:29 untangle-main uvmconsole: [1681666.465s][info][gc] GC(24191) Pause Young (Concurrent Start) (G1 Evacuation Pause) 53M->42M(65M) 7.679ms
Dec 29 03:44:29 untangle-main uvmconsole: [1681666.465s][info][gc] GC(24192) Concurrent Cycle
Dec 29 03:44:29 untangle-main uvmconsole: [1681666.524s][info][gc] GC(24192) Pause Remark 42M->42M(65M) 5.608ms
Dec 29 03:44:29 untangle-main uvmconsole: [1681666.543s][info][gc] GC(24192) Pause Cleanup 42M->42M(65M) 0.262ms
Dec 29 03:44:29 untangle-main uvmconsole: [1681666.544s][info][gc] GC(24192) Concurrent Cycle 78.774ms
Dec 29 03:46:45 untangle-main uvmconsole: [1681802.646s][info][gc] GC(24193) Pause Full (System.gc()) 51M->42M(65M) 69.342ms
Dec 29 03:49:49 untangle-main uvmconsole: [1681986.456s][info][gc] GC(24194) Pause Young (Concurrent Start) (G1 Evacuation Pause) 54M->42M(65M) 7.545ms
Dec 29 03:49:49 untangle-main uvmconsole: [1681986.457s][info][gc] GC(24195) Concurrent Cycle
Dec 29 03:49:49 untangle-main uvmconsole: [1681986.533s][info][gc] GC(24195) Pause Remark 42M->42M(65M) 7.033ms
Dec 29 03:49:49 untangle-main uvmconsole: [1681986.554s][info][gc] GC(24195) Pause Cleanup 42M->42M(65M) 0.202ms
Dec 29 03:49:49 untangle-main uvmconsole: [1681986.554s][info][gc] GC(24195) Concurrent Cycle 97.652ms
Dec 29 03:51:45 untangle-main uvmconsole: [1682102.640s][info][gc] GC(24196) Pause Full (System.gc()) 50M->42M(65M) 60.804ms
Dec 29 03:54:29 untangle-main uvmconsole: [1682266.450s][info][gc] GC(24197) Pause Young (Concurrent Start) (G1 Evacuation Pause) 53M->42M(65M) 2.522ms
Dec 29 03:54:29 untangle-main uvmconsole: [1682266.450s][info][gc] GC(24198) Concurrent Cycle
Dec 29 03:54:29 untangle-main uvmconsole: [1682266.491s][info][gc] GC(24198) Pause Remark 42M->42M(65M) 4.497ms
Dec 29 03:54:29 untangle-main uvmconsole: [1682266.509s][info][gc] GC(24198) Pause Cleanup 42M->42M(65M) 0.155ms
Dec 29 03:54:29 untangle-main uvmconsole: [1682266.509s][info][gc] GC(24198) Concurrent Cycle 59.149ms
Dec 29 03:56:45 untangle-main uvmconsole: [1682402.647s][info][gc] GC(24199) Pause Full (System.gc()) 51M->42M(65M) 68.924ms
Dec 29 03:59:09 untangle-main uvmconsole: [1682546.451s][info][gc] GC(24200) Pause Young (Concurrent Start) (G1 Evacuation Pause) 52M->42M(65M) 3.387ms
Dec 29 03:59:09 untangle-main uvmconsole: [1682546.451s][info][gc] GC(24201) Concurrent Cycle
Dec 29 03:59:09 untangle-main uvmconsole: [1682546.493s][info][gc] GC(24201) Pause Remark 42M->42M(65M) 4.066ms
Dec 29 03:59:09 untangle-main uvmconsole: [1682546.518s][info][gc] GC(24201) Pause Cleanup 42M->42M(65M) 0.224ms
Dec 29 03:59:09 untangle-main uvmconsole: [1682546.519s][info][gc] GC(24201) Concurrent Cycle 67.184ms
Dec 29 04:01:29 untangle-main uvmconsole: [1682686.462s][info][gc] GC(24202) Pause Young (Normal) (G1 Evacuation Pause) 51M->42M(65M) 5.667ms
Dec 29 04:01:45 untangle-main uvmconsole: [1682702.642s][info][gc] GC(24203) Pause Full (System.gc()) 43M->42M(63M) 63.536ms
Dec 29 04:04:29 untangle-main uvmconsole: [1682866.469s][info][gc] GC(24204) Pause Young (Concurrent Start) (G1 Evacuation Pause) 53M->42M(63M) 8.532ms
Dec 29 04:04:29 untangle-main uvmconsole: [1682866.469s][info][gc] GC(24205) Concurrent Cycle
Dec 29 04:04:29 untangle-main uvmconsole: [1682866.534s][info][gc] GC(24205) Pause Remark 42M->42M(63M) 3.990ms
Dec 29 04:04:29 untangle-main uvmconsole: [1682866.552s][info][gc] GC(24205) Pause Cleanup 42M->42M(63M) 0.225ms
Dec 29 04:04:29 untangle-main uvmconsole: [1682866.553s][info][gc] GC(24205) Concurrent Cycle 83.535ms
Dec 29 04:06:45 untangle-main uvmconsole: [1683002.622s][info][gc] GC(24206) Pause Full (System.gc()) 51M->42M(63M) 43.637ms
Dec 29 04:08:59 untangle-main uvmconsole: [1683136.456s][info][gc] GC(24207) Pause Young (Concurrent Start) (G1 Evacuation Pause) 51M->42M(63M) 6.710ms
Dec 29 04:08:59 untangle-main uvmconsole: [1683136.456s][info][gc] GC(24208) Concurrent Cycle
Dec 29 04:08:59 untangle-main uvmconsole: [1683136.538s][info][gc] GC(24208) Pause Remark 42M->42M(63M) 4.754ms
Dec 29 04:08:59 untangle-main uvmconsole: [1683136.558s][info][gc] GC(24208) Pause Cleanup 42M->42M(63M) 0.190ms
Dec 29 04:08:59 untangle-main uvmconsole: [1683136.559s][info][gc] GC(24208) Concurrent Cycle 102.723ms
Dec 29 04:10:56 untangle-main uvmconsole: [1683254.093s][info][gc] GC(24209) Pause Young (Normal) (G1 Evacuation Pause) 50M->42M(63M) 7.334ms
Dec 29 04:11:45 untangle-main uvmconsole: [1683302.640s][info][gc] GC(24210) Pause Full (System.gc()) 46M->42M(63M) 62.038ms
Dec 29 04:14:09 untangle-main uvmconsole: [1683446.464s][info][gc] GC(24211) Pause Young (Concurrent Start) (G1 Evacuation Pause) 52M->42M(63M) 6.309ms
Dec 29 04:14:09 untangle-main uvmconsole: [1683446.464s][info][gc] GC(24212) Concurrent Cycle
Dec 29 04:14:09 untangle-main uvmconsole: [1683446.529s][info][gc] GC(24212) Pause Remark 42M->42M(63M) 5.299ms
Dec 29 04:14:09 untangle-main uvmconsole: [1683446.550s][info][gc] GC(24212) Pause Cleanup 42M->42M(63M) 0.267ms
Dec 29 04:14:09 untangle-main uvmconsole: [1683446.550s][info][gc] GC(24212) Concurrent Cycle 86.255ms
Dec 29 04:16:29 untangle-main uvmconsole: [1683586.452s][info][gc] GC(24213) Pause Young (Normal) (G1 Evacuation Pause) 51M->42M(63M) 4.406ms
Dec 29 04:16:45 untangle-main uvmconsole: [1683602.640s][info][gc] GC(24214) Pause Full (System.gc()) 43M->42M(63M) 62.788ms
Dec 29 04:19:18 untangle-main uvmconsole: [1683755.640s][info][gc] GC(24215) Pause Young (Concurrent Start) (G1 Evacuation Pause) 52M->42M(63M) 7.599ms
Dec 29 04:19:18 untangle-main uvmconsole: [1683755.640s][info][gc] GC(24216) Concurrent Cycle
Dec 29 04:19:18 untangle-main uvmconsole: [1683755.715s][info][gc] GC(24216) Pause Remark 42M->42M(63M) 8.474ms
Dec 29 04:19:18 untangle-main uvmconsole: [1683755.740s][info][gc] GC(24216) Pause Cleanup 42M->42M(63M) 0.218ms
Dec 29 04:19:18 untangle-main uvmconsole: [1683755.741s][info][gc] GC(24216) Concurrent Cycle 100.272ms
Dec 29 04:21:33 untangle-main uvmconsole: [1683890.725s][info][gc] GC(24217) Pause Young (Normal) (G1 Evacuation Pause) 51M->42M(63M) 5.048ms
Dec 29 04:21:45 untangle-main uvmconsole: [1683902.633s][info][gc] GC(24218) Pause Full (System.gc()) 43M->42M(63M) 56.772ms
Dec 29 04:24:09 untangle-main uvmconsole: [1684047.133s][info][gc] GC(24219) Pause Young (Concurrent Start) (G1 Evacuation Pause) 52M->42M(63M) 3.462ms
Dec 29 04:24:09 untangle-main uvmconsole: [1684047.133s][info][gc] GC(24220) Concurrent Cycle
Dec 29 04:24:09 untangle-main uvmconsole: [1684047.182s][info][gc] GC(24220) Pause Remark 42M->42M(63M) 4.994ms
Dec 29 04:24:09 untangle-main uvmconsole: [1684047.208s][info][gc] GC(24220) Pause Cleanup 42M->42M(63M) 0.302ms
Dec 29 04:24:09 untangle-main uvmconsole: [1684047.208s][info][gc] GC(24220) Concurrent Cycle 74.964ms
Dec 29 04:26:29 untangle-main uvmconsole: [1684186.462s][info][gc] GC(24221) Pause Young (Normal) (G1 Evacuation Pause) 51M->42M(63M) 5.777ms
Dec 29 04:26:45 untangle-main uvmconsole: [1684202.636s][info][gc] GC(24222) Pause Full (System.gc()) 43M->42M(63M) 58.377ms
Dec 29 04:28:59 untangle-main uvmconsole: [1684336.453s][info][gc] GC(24223) Pause Young (Concurrent Start) (G1 Evacuation Pause) 51M->42M(63M) 5.293ms
Dec 29 04:28:59 untangle-main uvmconsole: [1684336.453s][info][gc] GC(24224) Concurrent Cycle
Dec 29 04:28:59 untangle-main uvmconsole: [1684336.524s][info][gc] GC(24224) Pause Remark 42M->42M(63M) 5.023ms
Dec 29 04:28:59 untangle-main uvmconsole: [1684336.544s][info][gc] GC(24224) Pause Cleanup 42M->42M(63M) 0.167ms
Dec 29 04:28:59 untangle-main uvmconsole: [1684336.544s][info][gc] GC(24224) Concurrent Cycle 91.073ms
Dec 29 04:30:59 untangle-main uvmconsole: [1684456.453s][info][gc] GC(24225) Pause Young (Normal) (G1 Evacuation Pause) 50M->42M(63M) 4.780ms
Dec 29 04:31:45 untangle-main uvmconsole: [1684502.638s][info][gc] GC(24226) Pause Full (System.gc()) 45M->42M(63M) 60.408ms
Dec 29 04:34:10 untangle-main uvmconsole: [1684647.827s][info][gc] GC(24227) Pause Young (Concurrent Start) (G1 Evacuation Pause) 52M->42M(63M) 2.628ms
Dec 29 04:34:10 untangle-main uvmconsole: [1684647.827s][info][gc] GC(24228) Concurrent Cycle
Dec 29 04:34:10 untangle-main uvmconsole: [1684647.885s][info][gc] GC(24228) Pause Remark 42M->42M(63M) 4.891ms
Dec 29 04:34:10 untangle-main uvmconsole: [1684647.905s][info][gc] GC(24228) Pause Cleanup 42M->42M(63M) 0.199ms
Dec 29 04:34:10 untangle-main uvmconsole: [1684647.906s][info][gc] GC(24228) Concurrent Cycle 78.317ms
Dec 29 04:36:29 untangle-main uvmconsole: [1684786.481s][info][gc] GC(24229) Pause Young (Normal) (G1 Evacuation Pause) 51M->42M(63M) 28.639ms
Dec 29 04:36:45 untangle-main uvmconsole: [1684802.641s][info][gc] GC(24230) Pause Full (System.gc()) 43M->42M(63M) 62.271ms
Dec 29 04:39:09 untangle-main uvmconsole: [1684946.456s][info][gc] GC(24231) Pause Young (Concurrent Start) (G1 Evacuation Pause) 52M->42M(63M) 10.531ms
Dec 29 04:39:09 untangle-main uvmconsole: [1684946.457s][info][gc] GC(24232) Concurrent Cycle
Dec 29 04:39:09 untangle-main uvmconsole: [1684946.501s][info][gc] GC(24232) Pause Remark 42M->42M(63M) 4.622ms
Dec 29 04:39:09 untangle-main uvmconsole: [1684946.521s][info][gc] GC(24232) Pause Cleanup 42M->42M(63M) 0.284ms
Dec 29 04:39:09 untangle-main uvmconsole: [1684946.521s][info][gc] GC(24232) Concurrent Cycle 64.831ms
Dec 29 04:41:22 untangle-main uvmconsole: [1685079.833s][info][gc] GC(24233) Pause Young (Normal) (G1 Evacuation Pause) 51M->42M(63M) 10.860ms
Dec 29 04:41:45 untangle-main uvmconsole: [1685102.620s][info][gc] GC(24234) Pause Full (System.gc()) 43M->42M(63M) 43.588ms
Dec 29 04:44:10 untangle-main uvmconsole: [1685248.272s][info][gc] GC(24235) Pause Young (Concurrent Start) (G1 Evacuation Pause) 52M->42M(63M) 4.313ms
Dec 29 04:44:10 untangle-main uvmconsole: [1685248.272s][info][gc] GC(24236) Concurrent Cycle
Dec 29 04:44:10 untangle-main uvmconsole: [1685248.328s][info][gc] GC(24236) Pause Remark 42M->42M(63M) 5.103ms
Dec 29 04:44:10 untangle-main uvmconsole: [1685248.349s][info][gc] GC(24236) Pause Cleanup 42M->42M(63M) 0.239ms
Dec 29 04:44:10 untangle-main uvmconsole: [1685248.350s][info][gc] GC(24236) Concurrent Cycle 77.707ms
Dec 29 04:46:27 untangle-main uvmconsole: [1685384.865s][info][gc] GC(24237) Pause Young (Normal) (G1 Evacuation Pause) 51M->42M(63M) 3.706ms
Dec 29 04:46:45 untangle-main uvmconsole: [1685402.640s][info][gc] GC(24238) Pause Full (System.gc()) 43M->42M(63M) 64.270ms
Dec 29 04:48:59 untangle-main uvmconsole: [1685536.460s][info][gc] GC(24239) Pause Young (Concurrent Start) (G1 Evacuation Pause) 51M->42M(63M) 6.509ms
Dec 29 04:48:59 untangle-main uvmconsole: [1685536.461s][info][gc] GC(24240) Concurrent Cycle
Dec 29 04:48:59 untangle-main uvmconsole: [1685536.543s][info][gc] GC(24240) Pause Remark 42M->42M(63M) 4.257ms
Dec 29 04:48:59 untangle-main uvmconsole: [1685536.561s][info][gc] GC(24240) Pause Cleanup 42M->42M(63M) 0.196ms
Dec 29 04:48:59 untangle-main uvmconsole: [1685536.561s][info][gc] GC(24240) Concurrent Cycle 100.695ms
Dec 29 04:50:59 untangle-main uvmconsole: [1685656.450s][info][gc] GC(24241) Pause Young (Normal) (G1 Evacuation Pause) 50M->42M(63M) 3.392ms
Dec 29 04:51:45 untangle-main uvmconsole: [1685702.645s][info][gc] GC(24242) Pause Full (System.gc()) 45M->42M(63M) 66.967ms
Dec 29 04:53:59 untangle-main uvmconsole: [1685836.470s][info][gc] GC(24243) Pause Young (Concurrent Start) (G1 Evacuation Pause) 51M->42M(63M) 12.202ms
Dec 29 04:53:59 untangle-main uvmconsole: [1685836.471s][info][gc] GC(24244) Concurrent Cycle
Dec 29 04:53:59 untangle-main uvmconsole: [1685836.537s][info][gc] GC(24244) Pause Remark 42M->42M(63M) 6.733ms
Dec 29 04:53:59 untangle-main uvmconsole: [1685836.555s][info][gc] GC(24244) Pause Cleanup 42M->42M(63M) 0.201ms
Dec 29 04:53:59 untangle-main uvmconsole: [1685836.556s][info][gc] GC(24244) Concurrent Cycle 85.234ms
Dec 29 04:55:59 untangle-main uvmconsole: [1685956.463s][info][gc] GC(24245) Pause Young (Normal) (G1 Evacuation Pause) 50M->42M(63M) 5.942ms
Dec 29 04:56:45 untangle-main uvmconsole: [1686002.646s][info][gc] GC(24246) Pause Full (System.gc()) 45M->42M(63M) 67.317ms
Dec 29 04:59:09 untangle-main uvmconsole: [1686147.282s][info][gc] GC(24247) Pause Young (Concurrent Start) (G1 Evacuation Pause) 52M->42M(63M) 7.799ms
Dec 29 04:59:09 untangle-main uvmconsole: [1686147.282s][info][gc] GC(24248) Concurrent Cycle
Dec 29 04:59:09 untangle-main uvmconsole: [1686147.331s][info][gc] GC(24248) Pause Remark 42M->42M(63M) 4.564ms
Dec 29 04:59:09 untangle-main uvmconsole: [1686147.355s][info][gc] GC(24248) Pause Cleanup 42M->42M(63M) 0.171ms
Dec 29 04:59:09 untangle-main uvmconsole: [1686147.356s][info][gc] GC(24248) Concurrent Cycle 73.758ms
Dec 29 05:01:29 untangle-main uvmconsole: [1686286.465s][info][gc] GC(24249) Pause Young (Normal) (G1 Evacuation Pause) 51M->42M(63M) 11.100ms
Dec 29 05:01:45 untangle-main uvmconsole: [1686302.651s][info][gc] GC(24250) Pause Full (System.gc()) 43M->42M(63M) 72.652ms
Dec 29 05:03:49 untangle-main uvmconsole: [1686426.461s][info][gc] GC(24251) Pause Young (Concurrent Start) (G1 Evacuation Pause) 51M->42M(63M) 9.135ms
Dec 29 05:03:49 untangle-main uvmconsole: [1686426.462s][info][gc] GC(24252) Concurrent Cycle
Dec 29 05:03:49 untangle-main uvmconsole: [1686426.553s][info][gc] GC(24252) Pause Remark 42M->42M(63M) 10.965ms
Dec 29 05:03:49 untangle-main uvmconsole: [1686426.575s][info][gc] GC(24252) Pause Cleanup 42M->42M(63M) 0.204ms
Dec 29 05:03:49 untangle-main uvmconsole: [1686426.575s][info][gc] GC(24252) Concurrent Cycle 113.335ms
Dec 29 05:05:39 untangle-main uvmconsole: [1686536.466s][info][gc] GC(24253) Pause Young (Normal) (G1 Evacuation Pause) 50M->42M(63M) 9.491ms
Dec 29 05:06:45 untangle-main uvmconsole: [1686602.640s][info][gc] GC(24254) Pause Full (System.gc()) 46M->42M(63M) 63.070ms
Dec 29 05:09:08 untangle-main uvmconsole: [1686746.193s][info][gc] GC(24255) Pause Young (Concurrent Start) (G1 Evacuation Pause) 52M->42M(63M) 7.712ms
Dec 29 05:09:08 untangle-main uvmconsole: [1686746.194s][info][gc] GC(24256) Concurrent Cycle
Dec 29 05:09:08 untangle-main uvmconsole: [1686746.264s][info][gc] GC(24256) Pause Remark 42M->42M(63M) 7.480ms
Dec 29 05:09:08 untangle-main uvmconsole: [1686746.285s][info][gc] GC(24256) Pause Cleanup 42M->42M(63M) 0.214ms
Dec 29 05:09:08 untangle-main uvmconsole: [1686746.285s][info][gc] GC(24256) Concurrent Cycle 91.901ms
Dec 29 05:11:19 untangle-main uvmconsole: [1686876.454s][info][gc] GC(24257) Pause Young (Normal) (G1 Evacuation Pause) 51M->42M(63M) 4.995ms
Dec 29 05:11:45 untangle-main uvmconsole: [1686902.617s][info][gc] GC(24258) Pause Full (System.gc()) 43M->42M(63M) 39.475ms
Dec 29 05:14:19 untangle-main uvmconsole: [1687056.455s][info][gc] GC(24259) Pause Young (Concurrent Start) (G1 Evacuation Pause) 52M->42M(63M) 5.797ms
Dec 29 05:14:19 untangle-main uvmconsole: [1687056.455s][info][gc] GC(24260) Concurrent Cycle
Dec 29 05:14:19 untangle-main uvmconsole: [1687056.544s][info][gc] GC(24260) Pause Remark 42M->42M(63M) 5.599ms
Dec 29 05:14:19 untangle-main uvmconsole: [1687056.562s][info][gc] GC(24260) Pause Cleanup 42M->42M(63M) 0.159ms
Dec 29 05:14:19 untangle-main uvmconsole: [1687056.563s][info][gc] GC(24260) Concurrent Cycle 107.279ms
Dec 29 05:16:29 untangle-main uvmconsole: [1687186.659s][info][gc] GC(24261) Pause Young (Normal) (G1 Evacuation Pause) 51M->42M(63M) 7.921ms
Dec 29 05:16:45 untangle-main uvmconsole: [1687202.644s][info][gc] GC(24262) Pause Full (System.gc()) 43M->42M(63M) 65.431ms
Dec 29 05:19:29 untangle-main uvmconsole: [1687366.466s][info][gc] GC(24263) Pause Young (Concurrent Start) (G1 Evacuation Pause) 53M->42M(63M) 6.795ms
Dec 29 05:19:29 untangle-main uvmconsole: [1687366.466s][info][gc] GC(24264) Concurrent Cycle
Dec 29 05:19:29 untangle-main uvmconsole: [1687366.533s][info][gc] GC(24264) Pause Remark 42M->42M(63M) 4.699ms
Dec 29 05:19:29 untangle-main uvmconsole: [1687366.552s][info][gc] GC(24264) Pause Cleanup 42M->42M(63M) 0.251ms
Dec 29 05:19:29 untangle-main uvmconsole: [1687366.553s][info][gc] GC(24264) Concurrent Cycle 86.504ms
Dec 29 05:21:45 untangle-main uvmconsole: [1687502.639s][info][gc] GC(24265) Pause Full (System.gc()) 51M->42M(63M) 60.497ms
Dec 29 05:23:59 untangle-main uvmconsole: [1687636.465s][info][gc] GC(24266) Pause Young (Concurrent Start) (G1 Evacuation Pause) 51M->42M(63M) 3.965ms
Dec 29 05:23:59 untangle-main uvmconsole: [1687636.465s][info][gc] GC(24267) Concurrent Cycle
Dec 29 05:23:59 untangle-main uvmconsole: [1687636.507s][info][gc] GC(24267) Pause Remark 42M->42M(63M) 4.198ms
Dec 29 05:23:59 untangle-main uvmconsole: [1687636.526s][info][gc] GC(24267) Pause Cleanup 42M->42M(63M) 0.294ms
Dec 29 05:23:59 untangle-main uvmconsole: [1687636.526s][info][gc] GC(24267) Concurrent Cycle 61.113ms
Dec 29 05:25:59 untangle-main uvmconsole: [1687756.458s][info][gc] GC(24268) Pause Young (Normal) (G1 Evacuation Pause) 50M->42M(63M) 3.996ms
Dec 29 05:26:45 untangle-main uvmconsole: [1687802.643s][info][gc] GC(24269) Pause Full (System.gc()) 45M->42M(63M) 63.692ms
Dec 29 05:29:19 untangle-main uvmconsole: [1687956.453s][info][gc] GC(24270) Pause Young (Concurrent Start) (G1 Evacuation Pause) 52M->42M(63M) 6.711ms
Dec 29 05:29:19 untangle-main uvmconsole: [1687956.453s][info][gc] GC(24271) Concurrent Cycle
Dec 29 05:29:19 untangle-main uvmconsole: [1687956.521s][info][gc] GC(24271) Pause Remark 42M->42M(63M) 3.834ms
Dec 29 05:29:19 untangle-main uvmconsole: [1687956.539s][info][gc] GC(24271) Pause Cleanup 42M->42M(63M) 0.208ms
Dec 29 05:29:19 untangle-main uvmconsole: [1687956.539s][info][gc] GC(24271) Concurrent Cycle 85.943ms
Dec 29 05:31:29 untangle-main uvmconsole: [1688086.466s][info][gc] GC(24272) Pause Young (Normal) (G1 Evacuation Pause) 51M->42M(63M) 8.056ms
Dec 29 05:31:45 untangle-main uvmconsole: [1688102.639s][info][gc] GC(24273) Pause Full (System.gc()) 43M->42M(63M) 62.961ms
Dec 29 05:33:59 untangle-main uvmconsole: [1688236.456s][info][gc] GC(24274) Pause Young (Concurrent Start) (G1 Evacuation Pause) 51M->42M(63M) 5.542ms
Dec 29 05:33:59 untangle-main uvmconsole: [1688236.456s][info][gc] GC(24275) Concurrent Cycle
Dec 29 05:33:59 untangle-main uvmconsole: [1688236.519s][info][gc] GC(24275) Pause Remark 42M->42M(63M) 3.913ms
Dec 29 05:33:59 untangle-main uvmconsole: [1688236.537s][info][gc] GC(24275) Pause Cleanup 42M->42M(63M) 0.211ms
Dec 29 05:33:59 untangle-main uvmconsole: [1688236.538s][info][gc] GC(24275) Concurrent Cycle 81.520ms
Dec 29 05:35:59 untangle-main uvmconsole: [1688356.461s][info][gc] GC(24276) Pause Young (Normal) (G1 Evacuation Pause) 50M->42M(63M) 5.895ms
Dec 29 05:36:45 untangle-main uvmconsole: [1688402.637s][info][gc] GC(24277) Pause Full (System.gc()) 45M->42M(63M) 58.091ms
Dec 29 05:39:05 untangle-main uvmconsole: [1688542.772s][info][gc] GC(24278) Pause Young (Concurrent Start) (G1 Evacuation Pause) 52M->42M(63M) 8.874ms
Dec 29 05:39:05 untangle-main uvmconsole: [1688542.772s][info][gc] GC(24279) Concurrent Cycle
Dec 29 05:39:05 untangle-main uvmconsole: [1688542.846s][info][gc] GC(24279) Pause Remark 42M->42M(63M) 4.429ms
Dec 29 05:39:05 untangle-main uvmconsole: [1688542.865s][info][gc] GC(24279) Pause Cleanup 42M->42M(63M) 0.245ms
Dec 29 05:39:05 untangle-main uvmconsole: [1688542.865s][info][gc] GC(24279) Concurrent Cycle 93.023ms
Dec 29 05:41:19 untangle-main uvmconsole: [1688676.452s][info][gc] GC(24280) Pause Young (Normal) (G1 Evacuation Pause) 51M->42M(63M) 4.347ms
Dec 29 05:41:45 untangle-main uvmconsole: [1688702.637s][info][gc] GC(24281) Pause Full (System.gc()) 44M->42M(63M) 60.823ms
Dec 29 05:43:59 untangle-main uvmconsole: [1688836.450s][info][gc] GC(24282) Pause Young (Concurrent Start) (G1 Evacuation Pause) 51M->42M(63M) 3.022ms
Dec 29 05:43:59 untangle-main uvmconsole: [1688836.450s][info][gc] GC(24283) Concurrent Cycle
Dec 29 05:43:59 untangle-main uvmconsole: [1688836.493s][info][gc] GC(24283) Pause Remark 42M->42M(63M) 6.651ms
Dec 29 05:43:59 untangle-main uvmconsole: [1688836.512s][info][gc] GC(24283) Pause Cleanup 42M->42M(63M) 0.187ms
Dec 29 05:43:59 untangle-main uvmconsole: [1688836.513s][info][gc] GC(24283) Concurrent Cycle 62.389ms
Dec 29 05:45:59 untangle-main uvmconsole: [1688956.463s][info][gc] GC(24284) Pause Young (Normal) (G1 Evacuation Pause) 50M->42M(63M) 9.111ms
Dec 29 05:46:45 untangle-main uvmconsole: [1689002.624s][info][gc] GC(24285) Pause Full (System.gc()) 45M->42M(63M) 45.616ms
Dec 29 05:49:18 untangle-main uvmconsole: [1689156.301s][info][gc] GC(24286) Pause Young (Concurrent Start) (G1 Evacuation Pause) 52M->42M(63M) 6.816ms
Dec 29 05:49:18 untangle-main uvmconsole: [1689156.302s][info][gc] GC(24287) Concurrent Cycle
Dec 29 05:49:19 untangle-main uvmconsole: [1689156.388s][info][gc] GC(24287) Pause Remark 42M->42M(63M) 6.498ms
Dec 29 05:49:19 untangle-main uvmconsole: [1689156.411s][info][gc] GC(24287) Pause Cleanup 42M->42M(63M) 0.176ms
Dec 29 05:49:19 untangle-main uvmconsole: [1689156.411s][info][gc] GC(24287) Concurrent Cycle 109.432ms
Dec 29 05:51:29 untangle-main uvmconsole: [1689286.453s][info][gc] GC(24288) Pause Young (Normal) (G1 Evacuation Pause) 51M->42M(63M) 5.148ms
Dec 29 05:51:45 untangle-main uvmconsole: [1689302.642s][info][gc] GC(24289) Pause Full (System.gc()) 43M->42M(63M) 63.798ms
Dec 29 05:54:13 untangle-main uvmconsole: [1689450.991s][info][gc] GC(24290) Pause Young (Concurrent Start) (G1 Evacuation Pause) 52M->42M(63M) 8.111ms
Dec 29 05:54:13 untangle-main uvmconsole: [1689450.992s][info][gc] GC(24291) Concurrent Cycle
Dec 29 05:54:13 untangle-main uvmconsole: [1689451.046s][info][gc] GC(24291) Pause Remark 42M->42M(63M) 5.207ms
Dec 29 05:54:13 untangle-main uvmconsole: [1689451.068s][info][gc] GC(24291) Pause Cleanup 42M->42M(63M) 0.216ms
Dec 29 05:54:13 untangle-main uvmconsole: [1689451.069s][info][gc] GC(24291) Concurrent Cycle 76.895ms
Dec 29 05:56:29 untangle-main uvmconsole: [1689586.455s][info][gc] GC(24292) Pause Young (Normal) (G1 Evacuation Pause) 51M->42M(63M) 5.457ms
Dec 29 05:56:45 untangle-main uvmconsole: [1689602.645s][info][gc] GC(24293) Pause Full (System.gc()) 43M->42M(63M) 67.462ms
Dec 29 05:59:19 untangle-main uvmconsole: [1689756.454s][info][gc] GC(24294) Pause Young (Concurrent Start) (G1 Evacuation Pause) 52M->42M(63M) 7.185ms
Dec 29 05:59:19 untangle-main uvmconsole: [1689756.454s][info][gc] GC(24295) Concurrent Cycle
Dec 29 05:59:19 untangle-main uvmconsole: [1689756.533s][info][gc] GC(24295) Pause Remark 42M->42M(63M) 3.969ms
Dec 29 05:59:19 untangle-main uvmconsole: [1689756.551s][info][gc] GC(24295) Pause Cleanup 42M->42M(63M) 0.200ms
Dec 29 05:59:19 untangle-main uvmconsole: [1689756.552s][info][gc] GC(24295) Concurrent Cycle 97.236ms
Dec 29 06:01:29 untangle-main uvmconsole: [1689886.456s][info][gc] GC(24296) Pause Young (Normal) (G1 Evacuation Pause) 51M->42M(63M) 5.236ms
Dec 29 06:01:45 untangle-main uvmconsole: [1689902.644s][info][gc] GC(24297) Pause Full (System.gc()) 43M->42M(63M) 66.305ms
Dec 29 06:04:19 untangle-main uvmconsole: [1690056.471s][info][gc] GC(24298) Pause Young (Concurrent Start) (G1 Evacuation Pause) 52M->42M(63M) 23.991ms
Dec 29 06:04:19 untangle-main uvmconsole: [1690056.472s][info][gc] GC(24299) Concurrent Cycle
Dec 29 06:04:19 untangle-main uvmconsole: [1690056.531s][info][gc] GC(24299) Pause Remark 42M->42M(63M) 3.635ms
Dec 29 06:04:19 untangle-main uvmconsole: [1690056.549s][info][gc] GC(24299) Pause Cleanup 42M->42M(63M) 0.209ms
Dec 29 06:04:19 untangle-main uvmconsole: [1690056.550s][info][gc] GC(24299) Concurrent Cycle 77.773ms
Dec 29 06:06:33 untangle-main uvmconsole: [1690190.995s][info][gc] GC(24300) Pause Young (Normal) (G1 Evacuation Pause) 51M->42M(63M) 8.723ms
Dec 29 06:06:45 untangle-main uvmconsole: [1690202.636s][info][gc] GC(24301) Pause Full (System.gc()) 43M->42M(63M) 59.295ms
Dec 29 06:09:06 untangle-main uvmconsole: [1690343.987s][info][gc] GC(24302) Pause Young (Concurrent Start) (G1 Evacuation Pause) 52M->42M(63M) 6.949ms
Dec 29 06:09:06 untangle-main uvmconsole: [1690343.988s][info][gc] GC(24303) Concurrent Cycle
Dec 29 06:09:06 untangle-main uvmconsole: [1690344.044s][info][gc] GC(24303) Pause Remark 42M->42M(63M) 4.551ms
Dec 29 06:09:06 untangle-main uvmconsole: [1690344.065s][info][gc] GC(24303) Pause Cleanup 42M->42M(63M) 0.253ms
Dec 29 06:09:06 untangle-main uvmconsole: [1690344.065s][info][gc] GC(24303) Concurrent Cycle 77.524ms
Dec 29 06:11:19 untangle-main uvmconsole: [1690476.456s][info][gc] GC(24304) Pause Young (Normal) (G1 Evacuation Pause) 51M->42M(63M) 4.262ms
Dec 29 06:11:45 untangle-main uvmconsole: [1690502.626s][info][gc] GC(24305) Pause Full (System.gc()) 43M->42M(63M) 49.275ms
Dec 29 06:14:09 untangle-main uvmconsole: [1690646.456s][info][gc] GC(24306) Pause Young (Concurrent Start) (G1 Evacuation Pause) 52M->42M(63M) 4.931ms
Dec 29 06:14:09 untangle-main uvmconsole: [1690646.456s][info][gc] GC(24307) Concurrent Cycle
Dec 29 06:14:09 untangle-main uvmconsole: [1690646.522s][info][gc] GC(24307) Pause Remark 42M->42M(63M) 4.194ms
Dec 29 06:14:09 untangle-main uvmconsole: [1690646.540s][info][gc] GC(24307) Pause Cleanup 42M->42M(63M) 0.279ms
Dec 29 06:14:09 untangle-main uvmconsole: [1690646.541s][info][gc] GC(24307) Concurrent Cycle 84.332ms
Dec 29 06:16:29 untangle-main uvmconsole: [1690786.451s][info][gc] GC(24308) Pause Young (Normal) (G1 Evacuation Pause) 51M->42M(63M) 2.739ms
Dec 29 06:16:45 untangle-main uvmconsole: [1690802.618s][info][gc] GC(24309) Pause Full (System.gc()) 43M->42M(63M) 39.073ms
Dec 29 06:18:59 untangle-main uvmconsole: [1690936.453s][info][gc] GC(24310) Pause Young (Concurrent Start) (G1 Evacuation Pause) 51M->42M(63M) 4.773ms
Dec 29 06:18:59 untangle-main uvmconsole: [1690936.453s][info][gc] GC(24311) Concurrent Cycle
Dec 29 06:18:59 untangle-main uvmconsole: [1690936.515s][info][gc] GC(24311) Pause Remark 42M->42M(63M) 6.664ms
Dec 29 06:18:59 untangle-main uvmconsole: [1690936.537s][info][gc] GC(24311) Pause Cleanup 42M->42M(63M) 0.183ms
Dec 29 06:18:59 untangle-main uvmconsole: [1690936.537s][info][gc] GC(24311) Concurrent Cycle 84.059ms
Dec 29 06:20:59 untangle-main uvmconsole: [1691056.460s][info][gc] GC(24312) Pause Young (Normal) (G1 Evacuation Pause) 50M->42M(63M) 5.184ms
Dec 29 06:21:45 untangle-main uvmconsole: [1691102.648s][info][gc] GC(24313) Pause Full (System.gc()) 45M->42M(63M) 69.199ms
Dec 29 06:24:19 untangle-main uvmconsole: [1691256.455s][info][gc] GC(24314) Pause Young (Concurrent Start) (G1 Evacuation Pause) 52M->42M(63M) 9.215ms
Dec 29 06:24:19 untangle-main uvmconsole: [1691256.455s][info][gc] GC(24315) Concurrent Cycle
Dec 29 06:24:19 untangle-main uvmconsole: [1691256.520s][info][gc] GC(24315) Pause Remark 42M->42M(63M) 4.027ms
Dec 29 06:24:19 untangle-main uvmconsole: [1691256.538s][info][gc] GC(24315) Pause Cleanup 42M->42M(63M) 0.186ms
Dec 29 06:24:19 untangle-main uvmconsole: [1691256.538s][info][gc] GC(24315) Concurrent Cycle 83.000ms
Dec 29 06:26:29 untangle-main uvmconsole: [1691387.066s][info][gc] GC(24316) Pause Young (Normal) (G1 Evacuation Pause) 51M->42M(63M) 27.296ms
Dec 29 06:26:45 untangle-main uvmconsole: [1691402.642s][info][gc] GC(24317) Pause Full (System.gc()) 43M->42M(63M) 64.225ms
Dec 29 06:29:17 untangle-main uvmconsole: [1691555.124s][info][gc] GC(24318) Pause Young (Concurrent Start) (G1 Evacuation Pause) 52M->42M(63M) 8.991ms
Dec 29 06:29:17 untangle-main uvmconsole: [1691555.124s][info][gc] GC(24319) Concurrent Cycle
Dec 29 06:29:17 untangle-main uvmconsole: [1691555.191s][info][gc] GC(24319) Pause Remark 42M->42M(63M) 4.963ms
Dec 29 06:29:17 untangle-main uvmconsole: [1691555.218s][info][gc] GC(24319) Pause Cleanup 42M->42M(63M) 0.205ms
Dec 29 06:29:17 untangle-main uvmconsole: [1691555.218s][info][gc] GC(24319) Concurrent Cycle 94.085ms
Dec 29 06:31:29 untangle-main uvmconsole: [1691686.453s][info][gc] GC(24320) Pause Young (Normal) (G1 Evacuation Pause) 51M->42M(63M) 4.600ms
Dec 29 06:31:45 untangle-main uvmconsole: [1691702.643s][info][gc] GC(24321) Pause Full (System.gc()) 43M->42M(63M) 63.607ms
Dec 29 06:33:59 untangle-main uvmconsole: [1691836.451s][info][gc] GC(24322) Pause Young (Concurrent Start) (G1 Evacuation Pause) 51M->42M(63M) 2.836ms
Dec 29 06:33:59 untangle-main uvmconsole: [1691836.451s][info][gc] GC(24323) Concurrent Cycle
Dec 29 06:33:59 untangle-main uvmconsole: [1691836.525s][info][gc] GC(24323) Pause Remark 42M->42M(63M) 31.348ms
Dec 29 06:33:59 untangle-main uvmconsole: [1691836.561s][info][gc] GC(24323) Pause Cleanup 42M->42M(63M) 0.163ms
Dec 29 06:33:59 untangle-main uvmconsole: [1691836.567s][info][gc] GC(24323) Concurrent Cycle 116.680ms
Dec 29 06:35:59 untangle-main uvmconsole: [1691956.456s][info][gc] GC(24324) Pause Young (Normal) (G1 Evacuation Pause) 50M->42M(63M) 5.266ms
Dec 29 06:36:45 untangle-main uvmconsole: [1692002.643s][info][gc] GC(24325) Pause Full (System.gc()) 45M->42M(63M) 63.419ms
Dec 29 06:38:56 untangle-main uvmconsole: [1692133.850s][info][gc] GC(24326) Pause Young (Concurrent Start) (G1 Evacuation Pause) 51M->42M(63M) 8.218ms
Dec 29 06:38:56 untangle-main uvmconsole: [1692133.850s][info][gc] GC(24327) Concurrent Cycle
Dec 29 06:38:56 untangle-main uvmconsole: [1692133.916s][info][gc] GC(24327) Pause Remark 42M->42M(63M) 4.805ms
Dec 29 06:38:56 untangle-main uvmconsole: [1692133.935s][info][gc] GC(24327) Pause Cleanup 42M->42M(63M) 0.173ms
Dec 29 06:38:56 untangle-main uvmconsole: [1692133.936s][info][gc] GC(24327) Concurrent Cycle 85.390ms
Dec 29 06:40:57 untangle-main uvmconsole: [1692255.053s][info][gc] GC(24328) Pause Young (Normal) (G1 Evacuation Pause) 50M->42M(63M) 5.930ms
Dec 29 06:41:45 untangle-main uvmconsole: [1692302.624s][info][gc] GC(24329) Pause Full (System.gc()) 45M->42M(63M) 48.353ms
Dec 29 06:43:59 untangle-main uvmconsole: [1692436.460s][info][gc] GC(24330) Pause Young (Concurrent Start) (G1 Evacuation Pause) 51M->42M(63M) 6.796ms
Dec 29 06:43:59 untangle-main uvmconsole: [1692436.460s][info][gc] GC(24331) Concurrent Cycle
Dec 29 06:43:59 untangle-main uvmconsole: [1692436.529s][info][gc] GC(24331) Pause Remark 42M->42M(63M) 4.704ms
Dec 29 06:43:59 untangle-main uvmconsole: [1692436.547s][info][gc] GC(24331) Pause Cleanup 42M->42M(63M) 0.215ms
Dec 29 06:43:59 untangle-main uvmconsole: [1692436.548s][info][gc] GC(24331) Concurrent Cycle 87.333ms
Dec 29 06:45:59 untangle-main uvmconsole: [1692556.461s][info][gc] GC(24332) Pause Young (Normal) (G1 Evacuation Pause) 50M->42M(63M) 6.379ms
Dec 29 06:46:45 untangle-main uvmconsole: [1692602.637s][info][gc] GC(24333) Pause Full (System.gc()) 45M->42M(63M) 58.841ms
Dec 29 06:49:09 untangle-main uvmconsole: [1692747.322s][info][gc] GC(24334) Pause Young (Concurrent Start) (G1 Evacuation Pause) 52M->42M(63M) 34.209ms
Dec 29 06:49:09 untangle-main uvmconsole: [1692747.322s][info][gc] GC(24335) Concurrent Cycle
Dec 29 06:49:09 untangle-main uvmconsole: [1692747.369s][info][gc] GC(24335) Pause Remark 42M->42M(63M) 4.863ms
Dec 29 06:49:10 untangle-main uvmconsole: [1692747.389s][info][gc] GC(24335) Pause Cleanup 42M->42M(63M) 0.202ms
Dec 29 06:49:10 untangle-main uvmconsole: [1692747.390s][info][gc] GC(24335) Concurrent Cycle 67.146ms
Dec 29 06:51:26 untangle-main uvmconsole: [1692883.983s][info][gc] GC(24336) Pause Young (Normal) (G1 Evacuation Pause) 51M->42M(63M) 2.320ms
Dec 29 06:51:45 untangle-main uvmconsole: [1692902.622s][info][gc] GC(24337) Pause Full (System.gc()) 43M->42M(63M) 45.348ms
Dec 29 06:54:09 untangle-main uvmconsole: [1693046.453s][info][gc] GC(24338) Pause Young (Concurrent Start) (G1 Evacuation Pause) 52M->42M(63M) 3.827ms
Dec 29 06:54:09 untangle-main uvmconsole: [1693046.453s][info][gc] GC(24339) Concurrent Cycle
Dec 29 06:54:09 untangle-main uvmconsole: [1693046.510s][info][gc] GC(24339) Pause Remark 42M->42M(63M) 5.205ms
Dec 29 06:54:09 untangle-main uvmconsole: [1693046.529s][info][gc] GC(24339) Pause Cleanup 42M->42M(63M) 0.323ms
Dec 29 06:54:09 untangle-main uvmconsole: [1693046.529s][info][gc] GC(24339) Concurrent Cycle 75.947ms
Dec 29 06:56:29 untangle-main uvmconsole: [1693186.456s][info][gc] GC(24340) Pause Young (Normal) (G1 Evacuation Pause) 51M->42M(63M) 5.271ms
Dec 29 06:56:45 untangle-main uvmconsole: [1693202.639s][info][gc] GC(24341) Pause Full (System.gc()) 43M->42M(63M) 62.895ms
Dec 29 06:59:10 untangle-main uvmconsole: [1693348.204s][info][gc] GC(24342) Pause Young (Concurrent Start) (G1 Evacuation Pause) 52M->42M(63M) 2.708ms
Dec 29 06:59:10 untangle-main uvmconsole: [1693348.204s][info][gc] GC(24343) Concurrent Cycle
Dec 29 06:59:10 untangle-main uvmconsole: [1693348.253s][info][gc] GC(24343) Pause Remark 42M->42M(63M) 4.885ms
Dec 29 06:59:10 untangle-main uvmconsole: [1693348.274s][info][gc] GC(24343) Pause Cleanup 42M->42M(63M) 0.233ms
Dec 29 06:59:10 untangle-main uvmconsole: [1693348.274s][info][gc] GC(24343) Concurrent Cycle 69.905ms
Dec 29 07:01:29 untangle-main uvmconsole: [1693486.458s][info][gc] GC(24344) Pause Young (Normal) (G1 Evacuation Pause) 51M->42M(63M) 6.069ms
Dec 29 07:01:45 untangle-main uvmconsole: [1693502.646s][info][gc] GC(24345) Pause Full (System.gc()) 43M->42M(63M) 66.760ms
Dec 29 07:04:19 untangle-main uvmconsole: [1693656.454s][info][gc] GC(24346) Pause Young (Concurrent Start) (G1 Evacuation Pause) 52M->42M(63M) 7.308ms
Dec 29 07:04:19 untangle-main uvmconsole: [1693656.455s][info][gc] GC(24347) Concurrent Cycle
Dec 29 07:04:19 untangle-main uvmconsole: [1693656.536s][info][gc] GC(24347) Pause Remark 42M->42M(63M) 6.105ms
Dec 29 07:04:19 untangle-main uvmconsole: [1693656.554s][info][gc] GC(24347) Pause Cleanup 42M->42M(63M) 0.170ms
Dec 29 07:04:19 untangle-main uvmconsole: [1693656.554s][info][gc] GC(24347) Concurrent Cycle 99.402ms
Dec 29 07:06:29 untangle-main uvmconsole: [1693786.881s][info][gc] GC(24348) Pause Young (Normal) (G1 Evacuation Pause) 51M->42M(63M) 4.210ms
Dec 29 07:06:45 untangle-main uvmconsole: [1693802.632s][info][gc] GC(24349) Pause Full (System.gc()) 43M->42M(63M) 55.622ms
Dec 29 07:09:08 untangle-main uvmconsole: [1693945.870s][info][gc] GC(24350) Pause Young (Concurrent Start) (G1 Evacuation Pause) 52M->42M(63M) 2.483ms
Dec 29 07:09:08 untangle-main uvmconsole: [1693945.871s][info][gc] GC(24351) Concurrent Cycle
Dec 29 07:09:08 untangle-main uvmconsole: [1693945.931s][info][gc] GC(24351) Pause Remark 42M->42M(63M) 4.249ms
Dec 29 07:09:08 untangle-main uvmconsole: [1693945.949s][info][gc] GC(24351) Pause Cleanup 42M->42M(63M) 0.187ms
Dec 29 07:09:08 untangle-main uvmconsole: [1693945.949s][info][gc] GC(24351) Concurrent Cycle 78.778ms
Dec 29 07:11:14 untangle-main uvmconsole: [1694072.054s][info][gc] GC(24352) Pause Young (Normal) (G1 Evacuation Pause) 51M->42M(63M) 5.611ms
Dec 29 07:11:45 untangle-main uvmconsole: [1694102.647s][info][gc] GC(24353) Pause Full (System.gc()) 44M->42M(63M) 66.999ms
Dec 29 07:14:19 untangle-main uvmconsole: [1694256.453s][info][gc] GC(24354) Pause Young (Concurrent Start) (G1 Evacuation Pause) 52M->42M(63M) 5.727ms
Dec 29 07:14:19 untangle-main uvmconsole: [1694256.453s][info][gc] GC(24355) Concurrent Cycle
Dec 29 07:14:19 untangle-main uvmconsole: [1694256.511s][info][gc] GC(24355) Pause Remark 42M->42M(63M) 4.090ms
Dec 29 07:14:19 untangle-main uvmconsole: [1694256.529s][info][gc] GC(24355) Pause Cleanup 42M->42M(63M) 0.199ms
Dec 29 07:14:19 untangle-main uvmconsole: [1694256.529s][info][gc] GC(24355) Concurrent Cycle 76.224ms
Dec 29 07:16:32 untangle-main uvmconsole: [1694389.654s][info][gc] GC(24356) Pause Young (Normal) (G1 Evacuation Pause) 51M->42M(63M) 8.397ms
Dec 29 07:16:45 untangle-main uvmconsole: [1694402.637s][info][gc] GC(24357) Pause Full (System.gc()) 43M->42M(63M) 61.506ms
Dec 29 07:19:10 untangle-main uvmconsole: [1694547.614s][info][gc] GC(24358) Pause Young (Concurrent Start) (G1 Evacuation Pause) 52M->42M(63M) 3.005ms
Dec 29 07:19:10 untangle-main uvmconsole: [1694547.614s][info][gc] GC(24359) Concurrent Cycle
Dec 29 07:19:10 untangle-main uvmconsole: [1694547.660s][info][gc] GC(24359) Pause Remark 42M->42M(63M) 5.280ms
Dec 29 07:19:10 untangle-main uvmconsole: [1694547.680s][info][gc] GC(24359) Pause Cleanup 42M->42M(63M) 0.201ms
Dec 29 07:19:10 untangle-main uvmconsole: [1694547.681s][info][gc] GC(24359) Concurrent Cycle 66.741ms
Dec 29 07:21:29 untangle-main uvmconsole: [1694686.454s][info][gc] GC(24360) Pause Young (Normal) (G1 Evacuation Pause) 51M->42M(63M) 3.043ms
Dec 29 07:21:45 untangle-main uvmconsole: [1694702.636s][info][gc] GC(24361) Pause Full (System.gc()) 43M->42M(63M) 59.187ms
Dec 29 07:24:09 untangle-main uvmconsole: [1694846.464s][info][gc] GC(24362) Pause Young (Concurrent Start) (G1 Evacuation Pause) 52M->42M(63M) 5.998ms
Dec 29 07:24:09 untangle-main uvmconsole: [1694846.464s][info][gc] GC(24363) Concurrent Cycle
Dec 29 07:24:09 untangle-main uvmconsole: [1694846.530s][info][gc] GC(24363) Pause Remark 42M->42M(63M) 4.576ms
Dec 29 07:24:09 untangle-main uvmconsole: [1694846.550s][info][gc] GC(24363) Pause Cleanup 42M->42M(63M) 0.196ms
Dec 29 07:24:09 untangle-main uvmconsole: [1694846.550s][info][gc] GC(24363) Concurrent Cycle 85.894ms
Dec 29 07:26:29 untangle-main uvmconsole: [1694986.456s][info][gc] GC(24364) Pause Young (Normal) (G1 Evacuation Pause) 51M->42M(63M) 4.976ms
Dec 29 07:26:45 untangle-main uvmconsole: [1695002.639s][info][gc] GC(24365) Pause Full (System.gc()) 43M->42M(63M) 61.252ms
Dec 29 07:29:09 untangle-main uvmconsole: [1695146.461s][info][gc] GC(24366) Pause Young (Concurrent Start) (G1 Evacuation Pause) 52M->42M(63M) 6.672ms
Dec 29 07:29:09 untangle-main uvmconsole: [1695146.461s][info][gc] GC(24367) Concurrent Cycle
Dec 29 07:29:09 untangle-main uvmconsole: [1695146.530s][info][gc] GC(24367) Pause Remark 42M->42M(63M) 4.316ms
Dec 29 07:29:09 untangle-main uvmconsole: [1695146.550s][info][gc] GC(24367) Pause Cleanup 42M->42M(63M) 0.328ms
Dec 29 07:29:09 untangle-main uvmconsole: [1695146.550s][info][gc] GC(24367) Concurrent Cycle 89.074ms
Dec 29 07:31:29 untangle-main uvmconsole: [1695286.455s][info][gc] GC(24368) Pause Young (Normal) (G1 Evacuation Pause) 51M->42M(63M) 7.890ms
Dec 29 07:31:45 untangle-main uvmconsole: [1695302.641s][info][gc] GC(24369) Pause Full (System.gc()) 43M->42M(63M) 64.429ms
Dec 29 07:33:59 untangle-main uvmconsole: [1695436.464s][info][gc] GC(24370) Pause Young (Concurrent Start) (G1 Evacuation Pause) 51M->42M(63M) 6.816ms
Dec 29 07:33:59 untangle-main uvmconsole: [1695436.464s][info][gc] GC(24371) Concurrent Cycle
Dec 29 07:33:59 untangle-main uvmconsole: [1695436.533s][info][gc] GC(24371) Pause Remark 42M->42M(63M) 4.800ms
Dec 29 07:33:59 untangle-main uvmconsole: [1695436.559s][info][gc] GC(24371) Pause Cleanup 42M->42M(63M) 0.174ms
Dec 29 07:33:59 untangle-main uvmconsole: [1695436.559s][info][gc] GC(24371) Concurrent Cycle 95.202ms
Dec 29 07:35:59 untangle-main uvmconsole: [1695556.465s][info][gc] GC(24372) Pause Young (Normal) (G1 Evacuation Pause) 50M->42M(63M) 4.179ms
Dec 29 07:36:45 untangle-main uvmconsole: [1695602.641s][info][gc] GC(24373) Pause Full (System.gc()) 45M->42M(63M) 63.485ms
Dec 29 07:39:09 untangle-main uvmconsole: [1695746.464s][info][gc] GC(24374) Pause Young (Concurrent Start) (G1 Evacuation Pause) 52M->42M(63M) 9.874ms
Dec 29 07:39:09 untangle-main uvmconsole: [1695746.464s][info][gc] GC(24375) Concurrent Cycle
Dec 29 07:39:09 untangle-main uvmconsole: [1695746.537s][info][gc] GC(24375) Pause Remark 42M->42M(63M) 12.061ms
Dec 29 07:39:09 untangle-main uvmconsole: [1695746.558s][info][gc] GC(24375) Pause Cleanup 42M->42M(63M) 0.211ms
Dec 29 07:39:09 untangle-main uvmconsole: [1695746.559s][info][gc] GC(24375) Concurrent Cycle 94.412ms
Dec 29 07:41:21 untangle-main uvmconsole: [1695878.710s][info][gc] GC(24376) Pause Young (Normal) (G1 Evacuation Pause) 51M->42M(63M) 3.233ms
Dec 29 07:41:45 untangle-main uvmconsole: [1695902.624s][info][gc] GC(24377) Pause Full (System.gc()) 43M->42M(63M) 45.464ms
Dec 29 07:44:09 untangle-main uvmconsole: [1696046.926s][info][gc] GC(24378) Pause Young (Concurrent Start) (G1 Evacuation Pause) 52M->42M(63M) 3.977ms
Dec 29 07:44:09 untangle-main uvmconsole: [1696046.926s][info][gc] GC(24379) Concurrent Cycle
Dec 29 07:44:09 untangle-main uvmconsole: [1696046.977s][info][gc] GC(24379) Pause Remark 42M->42M(63M) 4.898ms
Dec 29 07:44:09 untangle-main uvmconsole: [1696046.998s][info][gc] GC(24379) Pause Cleanup 42M->42M(63M) 0.206ms
Dec 29 07:44:09 untangle-main uvmconsole: [1696046.999s][info][gc] GC(24379) Concurrent Cycle 72.855ms
Dec 29 07:46:23 untangle-main uvmconsole: [1696180.671s][info][gc] GC(24380) Pause Young (Normal) (G1 Evacuation Pause) 51M->42M(63M) 1.929ms
Dec 29 07:46:45 untangle-main uvmconsole: [1696202.626s][info][gc] GC(24381) Pause Full (System.gc()) 43M->42M(63M) 46.632ms
Dec 29 07:49:19 untangle-main uvmconsole: [1696356.511s][info][gc] GC(24382) Pause Young (Concurrent Start) (G1 Evacuation Pause) 52M->42M(63M) 63.463ms
Dec 29 07:49:19 untangle-main uvmconsole: [1696356.511s][info][gc] GC(24383) Concurrent Cycle
Dec 29 07:49:19 untangle-main uvmconsole: [1696356.582s][info][gc] GC(24383) Pause Remark 42M->42M(63M) 6.368ms
Dec 29 07:49:19 untangle-main uvmconsole: [1696356.608s][info][gc] GC(24383) Pause Cleanup 42M->42M(63M) 0.343ms
Dec 29 07:49:19 untangle-main uvmconsole: [1696356.609s][info][gc] GC(24383) Concurrent Cycle 97.654ms
Dec 29 07:51:30 untangle-main uvmconsole: [1696487.547s][info][gc] GC(24384) Pause Young (Normal) (G1 Evacuation Pause) 51M->42M(63M) 39.108ms
Dec 29 07:51:45 untangle-main uvmconsole: [1696502.623s][info][gc] GC(24385) Pause Full (System.gc()) 43M->42M(63M) 46.581ms
Dec 29 07:53:59 untangle-main uvmconsole: [1696636.451s][info][gc] GC(24386) Pause Young (Concurrent Start) (G1 Evacuation Pause) 51M->42M(63M) 2.781ms
Dec 29 07:53:59 untangle-main uvmconsole: [1696636.451s][info][gc] GC(24387) Concurrent Cycle
Dec 29 07:53:59 untangle-main uvmconsole: [1696636.505s][info][gc] GC(24387) Pause Remark 42M->42M(63M) 6.807ms
Dec 29 07:53:59 untangle-main uvmconsole: [1696636.529s][info][gc] GC(24387) Pause Cleanup 42M->42M(63M) 0.260ms
Dec 29 07:53:59 untangle-main uvmconsole: [1696636.530s][info][gc] GC(24387) Concurrent Cycle 78.759ms
Dec 29 07:55:59 untangle-main uvmconsole: [1696756.454s][info][gc] GC(24388) Pause Young (Normal) (G1 Evacuation Pause) 50M->42M(63M) 2.179ms
Dec 29 07:56:45 untangle-main uvmconsole: [1696802.627s][info][gc] GC(24389) Pause Full (System.gc()) 45M->42M(63M) 49.740ms
Dec 29 07:58:59 untangle-main uvmconsole: [1696936.451s][info][gc] GC(24390) Pause Young (Concurrent Start) (G1 Evacuation Pause) 51M->42M(63M) 2.763ms
Dec 29 07:58:59 untangle-main uvmconsole: [1696936.451s][info][gc] GC(24391) Concurrent Cycle
Dec 29 07:58:59 untangle-main uvmconsole: [1696936.507s][info][gc] GC(24391) Pause Remark 42M->42M(63M) 5.232ms
Dec 29 07:58:59 untangle-main uvmconsole: [1696936.531s][info][gc] GC(24391) Pause Cleanup 42M->42M(63M) 0.200ms
Dec 29 07:58:59 untangle-main uvmconsole: [1696936.531s][info][gc] GC(24391) Concurrent Cycle 80.097ms
Dec 29 08:00:59 untangle-main uvmconsole: [1697056.452s][info][gc] GC(24392) Pause Young (Normal) (G1 Evacuation Pause) 50M->42M(63M) 2.821ms
Dec 29 08:01:45 untangle-main uvmconsole: [1697102.623s][info][gc] GC(24393) Pause Full (System.gc()) 45M->42M(63M) 45.315ms
Dec 29 08:03:59 untangle-main uvmconsole: [1697236.451s][info][gc] GC(24394) Pause Young (Concurrent Start) (G1 Evacuation Pause) 51M->42M(63M) 3.901ms
Dec 29 08:03:59 untangle-main uvmconsole: [1697236.452s][info][gc] GC(24395) Concurrent Cycle
Dec 29 08:03:59 untangle-main uvmconsole: [1697236.746s][info][gc] GC(24395) Pause Remark 42M->42M(63M) 143.800ms
Dec 29 08:03:59 untangle-main uvmconsole: [1697236.775s][info][gc] GC(24395) Pause Cleanup 42M->42M(63M) 0.263ms
Dec 29 08:03:59 untangle-main uvmconsole: [1697236.776s][info][gc] GC(24395) Concurrent Cycle 323.989ms
Dec 29 08:05:59 untangle-main uvmconsole: [1697356.448s][info][gc] GC(24396) Pause Young (Normal) (G1 Evacuation Pause) 50M->42M(63M) 2.164ms
Dec 29 08:06:45 untangle-main uvmconsole: [1697402.636s][info][gc] GC(24397) Pause Full (System.gc()) 45M->42M(63M) 58.296ms
Dec 29 08:08:50 untangle-main uvmconsole: [1697527.471s][info][gc] GC(24398) Pause Young (Concurrent Start) (G1 Evacuation Pause) 51M->42M(63M) 16.308ms
Dec 29 08:08:50 untangle-main uvmconsole: [1697527.471s][info][gc] GC(24399) Concurrent Cycle
Dec 29 08:08:50 untangle-main uvmconsole: [1697527.536s][info][gc] GC(24399) Pause Remark 42M->42M(63M) 23.185ms
Dec 29 08:08:50 untangle-main uvmconsole: [1697527.566s][info][gc] GC(24399) Pause Cleanup 42M->42M(63M) 0.205ms
Dec 29 08:08:50 untangle-main uvmconsole: [1697527.566s][info][gc] GC(24399) Concurrent Cycle 94.699ms
Dec 29 08:10:49 untangle-main uvmconsole: [1697646.451s][info][gc] GC(24400) Pause Young (Normal) (G1 Evacuation Pause) 50M->42M(63M) 2.111ms
Dec 29 08:11:45 untangle-main uvmconsole: [1697702.624s][info][gc] GC(24401) Pause Full (System.gc()) 46M->42M(63M) 45.800ms
Dec 29 08:13:59 untangle-main uvmconsole: [1697836.451s][info][gc] GC(24402) Pause Young (Concurrent Start) (G1 Evacuation Pause) 51M->42M(63M) 2.647ms
Dec 29 08:13:59 untangle-main uvmconsole: [1697836.451s][info][gc] GC(24403) Concurrent Cycle
Dec 29 08:13:59 untangle-main uvmconsole: [1697836.505s][info][gc] GC(24403) Pause Remark 42M->42M(63M) 5.303ms
Dec 29 08:13:59 untangle-main uvmconsole: [1697836.529s][info][gc] GC(24403) Pause Cleanup 42M->42M(63M) 0.206ms
Dec 29 08:13:59 untangle-main uvmconsole: [1697836.529s][info][gc] GC(24403) Concurrent Cycle 78.061ms
Dec 29 08:15:59 untangle-main uvmconsole: [1697956.452s][info][gc] GC(24404) Pause Young (Normal) (G1 Evacuation Pause) 50M->42M(63M) 2.290ms
Dec 29 08:16:45 untangle-main uvmconsole: [1698002.628s][info][gc] GC(24405) Pause Full (System.gc()) 45M->42M(63M) 51.570ms
Dec 29 08:18:59 untangle-main uvmconsole: [1698136.464s][info][gc] GC(24406) Pause Young (Concurrent Start) (G1 Evacuation Pause) 51M->42M(63M) 15.099ms
Dec 29 08:18:59 untangle-main uvmconsole: [1698136.464s][info][gc] GC(24407) Concurrent Cycle
Dec 29 08:18:59 untangle-main uvmconsole: [1698136.534s][info][gc] GC(24407) Pause Remark 42M->42M(63M) 11.891ms
Dec 29 08:18:59 untangle-main uvmconsole: [1698136.565s][info][gc] GC(24407) Pause Cleanup 42M->42M(63M) 0.725ms
Dec 29 08:18:59 untangle-main uvmconsole: [1698136.566s][info][gc] GC(24407) Concurrent Cycle 102.168ms
Dec 29 08:20:59 untangle-main uvmconsole: [1698256.452s][info][gc] GC(24408) Pause Young (Normal) (G1 Evacuation Pause) 50M->42M(63M) 4.787ms
Dec 29 08:21:45 untangle-main uvmconsole: [1698302.637s][info][gc] GC(24409) Pause Full (System.gc()) 45M->42M(63M) 60.798ms
Dec 29 08:24:19 untangle-main uvmconsole: [1698456.448s][info][gc] GC(24410) Pause Young (Concurrent Start) (G1 Evacuation Pause) 52M->42M(63M) 3.444ms
Dec 29 08:24:19 untangle-main uvmconsole: [1698456.449s][info][gc] GC(24411) Concurrent Cycle
Dec 29 08:24:19 untangle-main uvmconsole: [1698456.504s][info][gc] GC(24411) Pause Remark 42M->42M(63M) 6.536ms
Dec 29 08:24:19 untangle-main uvmconsole: [1698456.525s][info][gc] GC(24411) Pause Cleanup 42M->42M(63M) 0.209ms
Dec 29 08:24:19 untangle-main uvmconsole: [1698456.526s][info][gc] GC(24411) Concurrent Cycle 77.247ms
Dec 29 08:26:31 untangle-main uvmconsole: [1698588.394s][info][gc] GC(24412) Pause Young (Normal) (G1 Evacuation Pause) 51M->42M(63M) 1.988ms
Dec 29 08:26:45 untangle-main uvmconsole: [1698602.631s][info][gc] GC(24413) Pause Full (System.gc()) 43M->42M(63M) 53.685ms
Dec 29 08:29:11 untangle-main uvmconsole: [1698748.419s][info][gc] GC(24414) Pause Young (Concurrent Start) (G1 Evacuation Pause) 52M->42M(63M) 3.267ms
Dec 29 08:29:11 untangle-main uvmconsole: [1698748.419s][info][gc] GC(24415) Concurrent Cycle
Dec 29 08:29:11 untangle-main uvmconsole: [1698748.479s][info][gc] GC(24415) Pause Remark 42M->42M(63M) 6.109ms
Dec 29 08:29:11 untangle-main uvmconsole: [1698748.510s][info][gc] GC(24415) Pause Cleanup 42M->42M(63M) 0.327ms
Dec 29 08:29:11 untangle-main uvmconsole: [1698748.510s][info][gc] GC(24415) Concurrent Cycle 91.157ms
Dec 29 08:31:29 untangle-main uvmconsole: [1698886.450s][info][gc] GC(24416) Pause Young (Normal) (G1 Evacuation Pause) 51M->42M(63M) 1.995ms
Dec 29 08:31:45 untangle-main uvmconsole: [1698902.627s][info][gc] GC(24417) Pause Full (System.gc()) 43M->42M(63M) 49.818ms
Dec 29 08:34:10 untangle-main uvmconsole: [1699048.141s][info][gc] GC(24418) Pause Young (Concurrent Start) (G1 Evacuation Pause) 52M->42M(63M) 85.560ms
Dec 29 08:34:10 untangle-main uvmconsole: [1699048.142s][info][gc] GC(24419) Concurrent Cycle
Dec 29 08:34:10 untangle-main uvmconsole: [1699048.224s][info][gc] GC(24419) Pause Remark 42M->42M(63M) 7.404ms
Dec 29 08:34:10 untangle-main uvmconsole: [1699048.251s][info][gc] GC(24419) Pause Cleanup 42M->42M(63M) 0.242ms
Dec 29 08:34:10 untangle-main uvmconsole: [1699048.251s][info][gc] GC(24419) Concurrent Cycle 109.494ms
Dec 29 08:36:29 untangle-main uvmconsole: [1699186.449s][info][gc] GC(24420) Pause Young (Normal) (G1 Evacuation Pause) 51M->42M(63M) 2.033ms
Dec 29 08:36:45 untangle-main uvmconsole: [1699202.622s][info][gc] GC(24421) Pause Full (System.gc()) 43M->42M(63M) 45.385ms
Dec 29 08:39:00 untangle-main uvmconsole: [1699338.250s][info][gc] GC(24422) Pause Young (Concurrent Start) (G1 Evacuation Pause) 52M->42M(63M) 2.840ms
Dec 29 08:39:00 untangle-main uvmconsole: [1699338.250s][info][gc] GC(24423) Concurrent Cycle
Dec 29 08:39:00 untangle-main uvmconsole: [1699338.307s][info][gc] GC(24423) Pause Remark 42M->42M(63M) 7.269ms
Dec 29 08:39:00 untangle-main uvmconsole: [1699338.333s][info][gc] GC(24423) Pause Cleanup 42M->42M(63M) 0.345ms
Dec 29 08:39:00 untangle-main uvmconsole: [1699338.334s][info][gc] GC(24423) Concurrent Cycle 83.057ms
Dec 29 08:41:19 untangle-main uvmconsole: [1699476.455s][info][gc] GC(24424) Pause Young (Normal) (G1 Evacuation Pause) 51M->42M(63M) 2.065ms
Dec 29 08:41:45 untangle-main uvmconsole: [1699502.624s][info][gc] GC(24425) Pause Full (System.gc()) 44M->42M(63M) 45.121ms
Dec 29 08:43:59 untangle-main uvmconsole: [1699636.452s][info][gc] GC(24426) Pause Young (Concurrent Start) (G1 Evacuation Pause) 51M->42M(63M) 2.843ms
Dec 29 08:43:59 untangle-main uvmconsole: [1699636.452s][info][gc] GC(24427) Concurrent Cycle
Dec 29 08:43:59 untangle-main uvmconsole: [1699636.495s][info][gc] GC(24427) Pause Remark 42M->42M(63M) 5.014ms
Dec 29 08:43:59 untangle-main uvmconsole: [1699636.520s][info][gc] GC(24427) Pause Cleanup 42M->42M(63M) 0.179ms
Dec 29 08:43:59 untangle-main uvmconsole: [1699636.520s][info][gc] GC(24427) Concurrent Cycle 68.094ms
Dec 29 08:45:59 untangle-main uvmconsole: [1699756.452s][info][gc] GC(24428) Pause Young (Normal) (G1 Evacuation Pause) 50M->42M(63M) 2.641ms
Dec 29 08:46:45 untangle-main uvmconsole: [1699802.629s][info][gc] GC(24429) Pause Full (System.gc()) 45M->42M(63M) 51.059ms
Dec 29 08:48:59 untangle-main uvmconsole: [1699936.452s][info][gc] GC(24430) Pause Young (Concurrent Start) (G1 Evacuation Pause) 51M->42M(63M) 3.496ms
Dec 29 08:48:59 untangle-main uvmconsole: [1699936.453s][info][gc] GC(24431) Concurrent Cycle
Dec 29 08:48:59 untangle-main uvmconsole: [1699936.504s][info][gc] GC(24431) Pause Remark 42M->42M(63M) 4.626ms
Dec 29 08:48:59 untangle-main uvmconsole: [1699936.526s][info][gc] GC(24431) Pause Cleanup 42M->42M(63M) 0.448ms
Dec 29 08:48:59 untangle-main uvmconsole: [1699936.527s][info][gc] GC(24431) Concurrent Cycle 74.009ms
Dec 29 08:50:59 untangle-main uvmconsole: [1700056.453s][info][gc] GC(24432) Pause Young (Normal) (G1 Evacuation Pause) 50M->42M(63M) 2.704ms
Dec 29 08:51:45 untangle-main uvmconsole: [1700102.623s][info][gc] GC(24433) Pause Full (System.gc()) 45M->42M(63M) 47.132ms
Dec 29 08:54:09 untangle-main uvmconsole: [1700246.453s][info][gc] GC(24434) Pause Young (Concurrent Start) (G1 Evacuation Pause) 52M->42M(63M) 3.008ms
Dec 29 08:54:09 untangle-main uvmconsole: [1700246.454s][info][gc] GC(24435) Concurrent Cycle
Dec 29 08:54:09 untangle-main uvmconsole: [1700246.506s][info][gc] GC(24435) Pause Remark 42M->42M(63M) 5.474ms
Dec 29 08:54:09 untangle-main uvmconsole: [1700246.526s][info][gc] GC(24435) Pause Cleanup 42M->42M(63M) 0.326ms
Dec 29 08:54:09 untangle-main uvmconsole: [1700246.526s][info][gc] GC(24435) Concurrent Cycle 72.290ms
Dec 29 08:56:29 untangle-main uvmconsole: [1700386.450s][info][gc] GC(24436) Pause Young (Normal) (G1 Evacuation Pause) 51M->42M(63M) 3.260ms
Dec 29 08:56:45 untangle-main uvmconsole: [1700402.626s][info][gc] GC(24437) Pause Full (System.gc()) 43M->42M(63M) 48.378ms
Dec 29 08:58:59 untangle-main uvmconsole: [1700536.452s][info][gc] GC(24438) Pause Young (Concurrent Start) (G1 Evacuation Pause) 51M->42M(63M) 2.992ms
Dec 29 08:58:59 untangle-main uvmconsole: [1700536.452s][info][gc] GC(24439) Concurrent Cycle
Dec 29 08:58:59 untangle-main uvmconsole: [1700536.510s][info][gc] GC(24439) Pause Remark 42M->42M(63M) 7.482ms
Dec 29 08:58:59 untangle-main uvmconsole: [1700536.531s][info][gc] GC(24439) Pause Cleanup 42M->42M(63M) 0.196ms
Dec 29 08:58:59 untangle-main uvmconsole: [1700536.531s][info][gc] GC(24439) Concurrent Cycle 79.560ms
Dec 29 09:01:01 untangle-main uvmconsole: [1700658.766s][info][gc] GC(24440) Pause Young (Normal) (G1 Evacuation Pause) 50M->42M(63M) 2.669ms
Dec 29 09:01:45 untangle-main uvmconsole: [1700702.652s][info][gc] GC(24441) Pause Full (System.gc()) 45M->42M(63M) 74.641ms
Dec 29 09:03:59 untangle-main uvmconsole: [1700836.452s][info][gc] GC(24442) Pause Young (Concurrent Start) (G1 Evacuation Pause) 51M->42M(63M) 2.530ms
Dec 29 09:03:59 untangle-main uvmconsole: [1700836.452s][info][gc] GC(24443) Concurrent Cycle
Dec 29 09:03:59 untangle-main uvmconsole: [1700836.492s][info][gc] GC(24443) Pause Remark 42M->42M(63M) 4.432ms
Dec 29 09:03:59 untangle-main uvmconsole: [1700836.516s][info][gc] GC(24443) Pause Cleanup 42M->42M(63M) 0.210ms
Dec 29 09:03:59 untangle-main uvmconsole: [1700836.516s][info][gc] GC(24443) Concurrent Cycle 64.133ms
Dec 29 09:05:59 untangle-main uvmconsole: [1700956.452s][info][gc] GC(24444) Pause Young (Normal) (G1 Evacuation Pause) 50M->42M(63M) 2.146ms
Dec 29 09:06:45 untangle-main uvmconsole: [1701002.630s][info][gc] GC(24445) Pause Full (System.gc()) 45M->42M(63M) 53.280ms
Dec 29 09:08:58 untangle-main uvmconsole: [1701135.893s][info][gc] GC(24446) Pause Young (Concurrent Start) (G1 Evacuation Pause) 51M->42M(63M) 3.075ms
Dec 29 09:08:58 untangle-main uvmconsole: [1701135.893s][info][gc] GC(24447) Concurrent Cycle
Dec 29 09:08:58 untangle-main uvmconsole: [1701135.944s][info][gc] GC(24447) Pause Remark 42M->42M(63M) 4.987ms
Dec 29 09:08:58 untangle-main uvmconsole: [1701135.962s][info][gc] GC(24447) Pause Cleanup 42M->42M(63M) 0.205ms
Dec 29 09:08:58 untangle-main uvmconsole: [1701135.963s][info][gc] GC(24447) Concurrent Cycle 69.692ms
Dec 29 09:10:49 untangle-main uvmconsole: [1701246.448s][info][gc] GC(24448) Pause Young (Normal) (G1 Evacuation Pause) 50M->42M(63M) 2.041ms
Dec 29 09:11:45 untangle-main uvmconsole: [1701302.650s][info][gc] GC(24449) Pause Full (System.gc()) 46M->42M(63M) 73.166ms
Dec 29 09:14:29 untangle-main uvmconsole: [1701466.449s][info][gc] GC(24450) Pause Young (Concurrent Start) (G1 Evacuation Pause) 53M->42M(63M) 2.463ms
Dec 29 09:14:29 untangle-main uvmconsole: [1701466.449s][info][gc] GC(24451) Concurrent Cycle
Dec 29 09:14:29 untangle-main uvmconsole: [1701466.504s][info][gc] GC(24451) Pause Remark 42M->42M(63M) 4.912ms
Dec 29 09:14:29 untangle-main uvmconsole: [1701466.526s][info][gc] GC(24451) Pause Cleanup 42M->42M(63M) 0.325ms
Dec 29 09:14:29 untangle-main uvmconsole: [1701466.527s][info][gc] GC(24451) Concurrent Cycle 77.765ms
Dec 29 09:16:45 untangle-main uvmconsole: [1701602.624s][info][gc] GC(24452) Pause Full (System.gc()) 51M->42M(63M) 44.727ms
Dec 29 09:19:10 untangle-main uvmconsole: [1701747.625s][info][gc] GC(24453) Pause Young (Concurrent Start) (G1 Evacuation Pause) 52M->42M(63M) 3.703ms
Dec 29 09:19:10 untangle-main uvmconsole: [1701747.625s][info][gc] GC(24454) Concurrent Cycle
Dec 29 09:19:10 untangle-main uvmconsole: [1701747.707s][info][gc] GC(24454) Pause Remark 42M->42M(63M) 18.762ms
Dec 29 09:19:10 untangle-main uvmconsole: [1701747.731s][info][gc] GC(24454) Pause Cleanup 42M->42M(63M) 0.233ms
Dec 29 09:19:10 untangle-main uvmconsole: [1701747.732s][info][gc] GC(24454) Concurrent Cycle 106.588ms
Dec 29 09:21:29 untangle-main uvmconsole: [1701886.450s][info][gc] GC(24455) Pause Young (Normal) (G1 Evacuation Pause) 51M->42M(63M) 2.210ms
Dec 29 09:21:45 untangle-main uvmconsole: [1701902.620s][info][gc] GC(24456) Pause Full (System.gc()) 43M->42M(63M) 43.026ms
Dec 29 09:23:59 untangle-main uvmconsole: [1702036.452s][info][gc] GC(24457) Pause Young (Concurrent Start) (G1 Evacuation Pause) 51M->42M(63M) 2.853ms
Dec 29 09:23:59 untangle-main uvmconsole: [1702036.452s][info][gc] GC(24458) Concurrent Cycle
Dec 29 09:23:59 untangle-main uvmconsole: [1702036.498s][info][gc] GC(24458) Pause Remark 42M->42M(63M) 4.548ms
Dec 29 09:23:59 untangle-main uvmconsole: [1702036.517s][info][gc] GC(24458) Pause Cleanup 42M->42M(63M) 0.187ms
Dec 29 09:23:59 untangle-main uvmconsole: [1702036.518s][info][gc] GC(24458) Concurrent Cycle 65.758ms
Dec 29 09:25:59 untangle-main uvmconsole: [1702156.454s][info][gc] GC(24459) Pause Young (Normal) (G1 Evacuation Pause) 50M->42M(63M) 2.443ms
Dec 29 09:26:45 untangle-main uvmconsole: [1702202.626s][info][gc] GC(24460) Pause Full (System.gc()) 45M->42M(63M) 48.824ms
Dec 29 09:29:09 untangle-main uvmconsole: [1702346.453s][info][gc] GC(24461) Pause Young (Concurrent Start) (G1 Evacuation Pause) 52M->42M(63M) 5.703ms
Dec 29 09:29:09 untangle-main uvmconsole: [1702346.454s][info][gc] GC(24462) Concurrent Cycle
Dec 29 09:29:09 untangle-main uvmconsole: [1702346.500s][info][gc] GC(24462) Pause Remark 42M->42M(63M) 5.546ms
Dec 29 09:29:09 untangle-main uvmconsole: [1702346.521s][info][gc] GC(24462) Pause Cleanup 42M->42M(63M) 0.268ms
Dec 29 09:29:09 untangle-main uvmconsole: [1702346.522s][info][gc] GC(24462) Concurrent Cycle 68.475ms
Dec 29 09:31:19 untangle-main uvmconsole: [1702476.452s][info][gc] GC(24463) Pause Young (Normal) (G1 Evacuation Pause) 51M->42M(63M) 1.764ms
Dec 29 09:31:45 untangle-main uvmconsole: [1702502.624s][info][gc] GC(24464) Pause Full (System.gc()) 43M->42M(63M) 46.050ms
Dec 29 09:34:19 untangle-main uvmconsole: [1702656.454s][info][gc] GC(24465) Pause Young (Concurrent Start) (G1 Evacuation Pause) 52M->42M(63M) 6.416ms
Dec 29 09:34:19 untangle-main uvmconsole: [1702656.454s][info][gc] GC(24466) Concurrent Cycle
Dec 29 09:34:19 untangle-main uvmconsole: [1702656.523s][info][gc] GC(24466) Pause Remark 42M->42M(63M) 4.341ms
Dec 29 09:34:19 untangle-main uvmconsole: [1702656.548s][info][gc] GC(24466) Pause Cleanup 42M->42M(63M) 0.278ms
Dec 29 09:34:19 untangle-main uvmconsole: [1702656.548s][info][gc] GC(24466) Concurrent Cycle 94.193ms
Dec 29 09:36:29 untangle-main uvmconsole: [1702786.463s][info][gc] GC(24467) Pause Young (Normal) (G1 Evacuation Pause) 51M->42M(63M) 7.500ms
Dec 29 09:36:45 untangle-main uvmconsole: [1702802.619s][info][gc] GC(24468) Pause Full (System.gc()) 43M->42M(63M) 41.943ms
Dec 29 09:39:00 untangle-main uvmconsole: [1702938.297s][info][gc] GC(24469) Pause Young (Concurrent Start) (G1 Evacuation Pause) 52M->42M(63M) 3.785ms
Dec 29 09:39:00 untangle-main uvmconsole: [1702938.297s][info][gc] GC(24470) Concurrent Cycle
Dec 29 09:39:00 untangle-main uvmconsole: [1702938.358s][info][gc] GC(24470) Pause Remark 42M->42M(63M) 7.213ms
Dec 29 09:39:00 untangle-main uvmconsole: [1702938.384s][info][gc] GC(24470) Pause Cleanup 42M->42M(63M) 0.244ms
Dec 29 09:39:00 untangle-main uvmconsole: [1702938.384s][info][gc] GC(24470) Concurrent Cycle 86.741ms
Dec 29 09:41:11 untangle-main uvmconsole: [1703069.180s][info][gc] GC(24471) Pause Young (Normal) (G1 Evacuation Pause) 51M->42M(63M) 4.303ms
Dec 29 09:41:45 untangle-main uvmconsole: [1703102.639s][info][gc] GC(24472) Pause Full (System.gc()) 44M->42M(63M) 61.921ms
Dec 29 09:43:59 untangle-main uvmconsole: [1703236.466s][info][gc] GC(24473) Pause Young (Concurrent Start) (G1 Evacuation Pause) 51M->42M(63M) 7.962ms
Dec 29 09:43:59 untangle-main uvmconsole: [1703236.466s][info][gc] GC(24474) Concurrent Cycle
Dec 29 09:43:59 untangle-main uvmconsole: [1703236.540s][info][gc] GC(24474) Pause Remark 42M->42M(63M) 5.428ms
Dec 29 09:43:59 untangle-main uvmconsole: [1703236.559s][info][gc] GC(24474) Pause Cleanup 42M->42M(63M) 0.240ms
Dec 29 09:43:59 untangle-main uvmconsole: [1703236.560s][info][gc] GC(24474) Concurrent Cycle 93.599ms
Dec 29 09:45:59 untangle-main uvmconsole: [1703356.453s][info][gc] GC(24475) Pause Young (Normal) (G1 Evacuation Pause) 50M->42M(63M) 4.181ms
Dec 29 09:46:45 untangle-main uvmconsole: [1703402.647s][info][gc] GC(24476) Pause Full (System.gc()) 45M->42M(63M) 68.211ms
Dec 29 09:48:59 untangle-main uvmconsole: [1703536.457s][info][gc] GC(24477) Pause Young (Concurrent Start) (G1 Evacuation Pause) 51M->42M(63M) 9.272ms
Dec 29 09:48:59 untangle-main uvmconsole: [1703536.457s][info][gc] GC(24478) Concurrent Cycle
Dec 29 09:48:59 untangle-main uvmconsole: [1703536.523s][info][gc] GC(24478) Pause Remark 43M->43M(63M) 5.401ms
Dec 29 09:48:59 untangle-main uvmconsole: [1703536.541s][info][gc] GC(24478) Pause Cleanup 43M->43M(63M) 0.248ms
Dec 29 09:48:59 untangle-main uvmconsole: [1703536.541s][info][gc] GC(24478) Concurrent Cycle 84.323ms
Dec 29 09:50:51 untangle-main uvmconsole: [1703648.406s][info][gc] GC(24479) Pause Young (Normal) (G1 Evacuation Pause) 50M->42M(63M) 2.426ms
Dec 29 09:51:45 untangle-main uvmconsole: [1703702.641s][info][gc] GC(24480) Pause Full (System.gc()) 45M->42M(63M) 64.901ms
Dec 29 09:53:59 untangle-main uvmconsole: [1703836.457s][info][gc] GC(24481) Pause Young (Concurrent Start) (G1 Evacuation Pause) 51M->42M(63M) 6.469ms
Dec 29 09:53:59 untangle-main uvmconsole: [1703836.457s][info][gc] GC(24482) Concurrent Cycle
Dec 29 09:53:59 untangle-main uvmconsole: [1703836.528s][info][gc] GC(24482) Pause Remark 42M->42M(63M) 7.003ms
Dec 29 09:53:59 untangle-main uvmconsole: [1703836.550s][info][gc] GC(24482) Pause Cleanup 42M->42M(63M) 0.209ms
Dec 29 09:53:59 untangle-main uvmconsole: [1703836.551s][info][gc] GC(24482) Concurrent Cycle 93.919ms
Dec 29 09:55:51 untangle-main uvmconsole: [1703949.225s][info][gc] GC(24483) Pause Young (Normal) (G1 Evacuation Pause) 50M->42M(63M) 10.716ms
Dec 29 09:56:45 untangle-main uvmconsole: [1704002.642s][info][gc] GC(24484) Pause Full (System.gc()) 46M->42M(63M) 62.464ms
Dec 29 09:58:52 untangle-main uvmconsole: [1704130.185s][info][gc] GC(24485) Pause Young (Concurrent Start) (G1 Evacuation Pause) 51M->42M(63M) 2.698ms
Dec 29 09:58:52 untangle-main uvmconsole: [1704130.185s][info][gc] GC(24486) Concurrent Cycle
Dec 29 09:58:52 untangle-main uvmconsole: [1704130.229s][info][gc] GC(24486) Pause Remark 42M->42M(63M) 4.293ms
Dec 29 09:58:52 untangle-main uvmconsole: [1704130.247s][info][gc] GC(24486) Pause Cleanup 42M->42M(63M) 0.188ms
Dec 29 09:58:52 untangle-main uvmconsole: [1704130.248s][info][gc] GC(24486) Concurrent Cycle 62.363ms
Dec 29 10:00:50 untangle-main uvmconsole: [1704248.296s][info][gc] GC(24487) Pause Young (Normal) (G1 Evacuation Pause) 50M->42M(63M) 1.819ms
Dec 29 10:01:45 untangle-main uvmconsole: [1704302.633s][info][gc] GC(24488) Pause Full (System.gc()) 46M->42M(63M) 55.646ms
Dec 29 10:04:09 untangle-main uvmconsole: [1704446.455s][info][gc] GC(24489) Pause Young (Concurrent Start) (G1 Evacuation Pause) 52M->42M(63M) 6.852ms
Dec 29 10:04:09 untangle-main uvmconsole: [1704446.455s][info][gc] GC(24490) Concurrent Cycle
Dec 29 10:04:09 untangle-main uvmconsole: [1704446.503s][info][gc] GC(24490) Pause Remark 42M->42M(63M) 4.135ms
Dec 29 10:04:09 untangle-main uvmconsole: [1704446.521s][info][gc] GC(24490) Pause Cleanup 42M->42M(63M) 0.228ms
Dec 29 10:04:09 untangle-main uvmconsole: [1704446.522s][info][gc] GC(24490) Concurrent Cycle 66.834ms
Dec 29 10:06:19 untangle-main uvmconsole: [1704576.453s][info][gc] GC(24491) Pause Young (Normal) (G1 Evacuation Pause) 51M->42M(63M) 5.793ms
Dec 29 10:06:45 untangle-main uvmconsole: [1704602.621s][info][gc] GC(24492) Pause Full (System.gc()) 44M->42M(63M) 45.130ms
Dec 29 10:08:49 untangle-main uvmconsole: [1704726.449s][info][gc] GC(24493) Pause Young (Concurrent Start) (G1 Evacuation Pause) 51M->42M(63M) 4.304ms
Dec 29 10:08:49 untangle-main uvmconsole: [1704726.450s][info][gc] GC(24494) Concurrent Cycle
Dec 29 10:08:49 untangle-main uvmconsole: [1704726.500s][info][gc] GC(24494) Pause Remark 42M->42M(63M) 5.943ms
Dec 29 10:08:49 untangle-main uvmconsole: [1704726.519s][info][gc] GC(24494) Pause Cleanup 42M->42M(63M) 0.194ms
Dec 29 10:08:49 untangle-main uvmconsole: [1704726.520s][info][gc] GC(24494) Concurrent Cycle 70.314ms
Dec 29 10:10:39 untangle-main uvmconsole: [1704836.457s][info][gc] GC(24495) Pause Young (Normal) (G1 Evacuation Pause) 50M->42M(63M) 5.472ms
Dec 29 10:11:45 untangle-main uvmconsole: [1704902.630s][info][gc] GC(24496) Pause Full (System.gc()) 46M->42M(63M) 51.930ms
Dec 29 10:13:59 untangle-main uvmconsole: [1705036.451s][info][gc] GC(24497) Pause Young (Concurrent Start) (G1 Evacuation Pause) 51M->42M(63M) 2.735ms
Dec 29 10:13:59 untangle-main uvmconsole: [1705036.451s][info][gc] GC(24498) Concurrent Cycle
Dec 29 10:13:59 untangle-main uvmconsole: [1705036.517s][info][gc] GC(24498) Pause Remark 42M->42M(63M) 5.397ms
Dec 29 10:13:59 untangle-main uvmconsole: [1705036.535s][info][gc] GC(24498) Pause Cleanup 42M->42M(63M) 0.178ms
Dec 29 10:13:59 untangle-main uvmconsole: [1705036.536s][info][gc] GC(24498) Concurrent Cycle 84.800ms
Dec 29 10:15:53 untangle-main uvmconsole: [1705151.175s][info][gc] GC(24499) Pause Young (Normal) (G1 Evacuation Pause) 50M->42M(63M) 10.870ms
Dec 29 10:16:45 untangle-main uvmconsole: [1705202.628s][info][gc] GC(24500) Pause Full (System.gc()) 46M->42M(63M) 51.647ms
Dec 29 10:19:09 untangle-main uvmconsole: [1705346.457s][info][gc] GC(24501) Pause Young (Concurrent Start) (G1 Evacuation Pause) 52M->42M(63M) 6.372ms
Dec 29 10:19:09 untangle-main uvmconsole: [1705346.458s][info][gc] GC(24502) Concurrent Cycle
Dec 29 10:19:09 untangle-main uvmconsole: [1705346.524s][info][gc] GC(24502) Pause Remark 42M->42M(63M) 5.764ms
Dec 29 10:19:09 untangle-main uvmconsole: [1705346.543s][info][gc] GC(24502) Pause Cleanup 42M->42M(63M) 0.198ms
Dec 29 10:19:09 untangle-main uvmconsole: [1705346.543s][info][gc] GC(24502) Concurrent Cycle 85.176ms
Dec 29 10:21:19 untangle-main uvmconsole: [1705476.462s][info][gc] GC(24503) Pause Young (Normal) (G1 Evacuation Pause) 51M->42M(63M) 5.833ms
Dec 29 10:21:45 untangle-main uvmconsole: [1705502.623s][info][gc] GC(24504) Pause Full (System.gc()) 43M->42M(63M) 45.659ms
Dec 29 10:23:53 untangle-main uvmconsole: [1705630.592s][info][gc] GC(24505) Pause Young (Concurrent Start) (G1 Evacuation Pause) 51M->42M(63M) 6.230ms
Dec 29 10:23:53 untangle-main uvmconsole: [1705630.592s][info][gc] GC(24506) Concurrent Cycle
Dec 29 10:23:53 untangle-main uvmconsole: [1705630.660s][info][gc] GC(24506) Pause Remark 42M->42M(63M) 3.938ms
Dec 29 10:23:53 untangle-main uvmconsole: [1705630.682s][info][gc] GC(24506) Pause Cleanup 42M->42M(63M) 0.335ms
Dec 29 10:23:53 untangle-main uvmconsole: [1705630.682s][info][gc] GC(24506) Concurrent Cycle 90.038ms
Dec 29 10:25:49 untangle-main uvmconsole: [1705746.463s][info][gc] GC(24507) Pause Young (Normal) (G1 Evacuation Pause) 50M->42M(63M) 16.277ms
Dec 29 10:26:45 untangle-main uvmconsole: [1705802.618s][info][gc] GC(24508) Pause Full (System.gc()) 46M->42M(63M) 41.061ms
Dec 29 10:28:39 untangle-main uvmconsole: [1705916.449s][info][gc] GC(24509) Pause Young (Concurrent Start) (G1 Evacuation Pause) 50M->42M(63M) 2.748ms
Dec 29 10:28:39 untangle-main uvmconsole: [1705916.449s][info][gc] GC(24510) Concurrent Cycle
Dec 29 10:28:39 untangle-main uvmconsole: [1705916.491s][info][gc] GC(24510) Pause Remark 42M->42M(63M) 4.151ms
Dec 29 10:28:39 untangle-main uvmconsole: [1705916.516s][info][gc] GC(24510) Pause Cleanup 42M->42M(63M) 0.251ms
Dec 29 10:28:39 untangle-main uvmconsole: [1705916.517s][info][gc] GC(24510) Concurrent Cycle 68.203ms
Dec 29 10:30:17 untangle-main uvmconsole: [1706014.670s][info][gc] GC(24511) Pause Young (Normal) (G1 Evacuation Pause) 49M->42M(63M) 1.897ms
Dec 29 10:31:45 untangle-main uvmconsole: [1706102.640s][info][gc] GC(24512) Pause Full (System.gc()) 48M->42M(63M) 62.040ms
Dec 29 10:33:53 untangle-main uvmconsole: [1706231.087s][info][gc] GC(24513) Pause Young (Concurrent Start) (G1 Evacuation Pause) 51M->42M(63M) 10.411ms
Dec 29 10:33:53 untangle-main uvmconsole: [1706231.087s][info][gc] GC(24514) Concurrent Cycle
Dec 29 10:33:53 untangle-main uvmconsole: [1706231.141s][info][gc] GC(24514) Pause Remark 42M->42M(63M) 6.092ms
Dec 29 10:33:53 untangle-main uvmconsole: [1706231.169s][info][gc] GC(24514) Pause Cleanup 42M->42M(63M) 0.181ms
Dec 29 10:33:53 untangle-main uvmconsole: [1706231.170s][info][gc] GC(24514) Concurrent Cycle 82.482ms
Dec 29 10:35:49 untangle-main uvmconsole: [1706346.463s][info][gc] GC(24515) Pause Young (Normal) (G1 Evacuation Pause) 50M->42M(63M) 6.600ms
Dec 29 10:36:45 untangle-main uvmconsole: [1706402.645s][info][gc] GC(24516) Pause Full (System.gc()) 46M->42M(63M) 68.144ms
Dec 29 10:38:49 untangle-main uvmconsole: [1706526.456s][info][gc] GC(24517) Pause Young (Concurrent Start) (G1 Evacuation Pause) 51M->42M(63M) 4.073ms
Dec 29 10:38:49 untangle-main uvmconsole: [1706526.456s][info][gc] GC(24518) Concurrent Cycle
Dec 29 10:38:49 untangle-main uvmconsole: [1706526.527s][info][gc] GC(24518) Pause Remark 42M->42M(63M) 4.490ms
Dec 29 10:38:49 untangle-main uvmconsole: [1706526.546s][info][gc] GC(24518) Pause Cleanup 42M->42M(63M) 0.170ms
Dec 29 10:38:49 untangle-main uvmconsole: [1706526.546s][info][gc] GC(24518) Concurrent Cycle 90.470ms
Dec 29 10:40:49 untangle-main uvmconsole: [1706646.447s][info][gc] GC(24519) Pause Young (Normal) (G1 Evacuation Pause) 50M->42M(63M) 7.095ms
Dec 29 10:41:45 untangle-main uvmconsole: [1706702.638s][info][gc] GC(24520) Pause Full (System.gc()) 46M->42M(63M) 59.797ms
Dec 29 10:43:57 untangle-main uvmconsole: [1706835.296s][info][gc] GC(24521) Pause Young (Concurrent Start) (G1 Evacuation Pause) 51M->42M(63M) 3.614ms
Dec 29 10:43:57 untangle-main uvmconsole: [1706835.296s][info][gc] GC(24522) Concurrent Cycle
Dec 29 10:43:57 untangle-main uvmconsole: [1706835.355s][info][gc] GC(24522) Pause Remark 42M->42M(63M) 7.203ms
Dec 29 10:43:57 untangle-main uvmconsole: [1706835.378s][info][gc] GC(24522) Pause Cleanup 42M->42M(63M) 0.212ms
Dec 29 10:43:57 untangle-main uvmconsole: [1706835.378s][info][gc] GC(24522) Concurrent Cycle 81.868ms
Dec 29 10:45:49 untangle-main uvmconsole: [1706946.459s][info][gc] GC(24523) Pause Young (Normal) (G1 Evacuation Pause) 50M->42M(63M) 5.192ms
Dec 29 10:46:45 untangle-main uvmconsole: [1707002.640s][info][gc] GC(24524) Pause Full (System.gc()) 46M->42M(63M) 64.031ms
Dec 29 10:48:39 untangle-main uvmconsole: [1707116.454s][info][gc] GC(24525) Pause Young (Concurrent Start) (G1 Evacuation Pause) 50M->42M(63M) 3.935ms
Dec 29 10:48:39 untangle-main uvmconsole: [1707116.454s][info][gc] GC(24526) Concurrent Cycle
Dec 29 10:48:39 untangle-main uvmconsole: [1707116.509s][info][gc] GC(24526) Pause Remark 42M->42M(63M) 4.827ms
Dec 29 10:48:39 untangle-main uvmconsole: [1707116.527s][info][gc] GC(24526) Pause Cleanup 42M->42M(63M) 0.336ms
Dec 29 10:48:39 untangle-main uvmconsole: [1707116.528s][info][gc] GC(24526) Concurrent Cycle 73.904ms
Dec 29 10:50:19 untangle-main uvmconsole: [1707216.454s][info][gc] GC(24527) Pause Young (Normal) (G1 Evacuation Pause) 49M->42M(63M) 4.797ms
Dec 29 10:51:45 untangle-main uvmconsole: [1707302.648s][info][gc] GC(24528) Pause Full (System.gc()) 48M->42M(63M) 70.830ms
Dec 29 10:53:39 untangle-main uvmconsole: [1707417.296s][info][gc] GC(24529) Pause Young (Concurrent Start) (G1 Evacuation Pause) 50M->42M(63M) 3.475ms
Dec 29 10:53:39 untangle-main uvmconsole: [1707417.296s][info][gc] GC(24530) Concurrent Cycle
Dec 29 10:53:39 untangle-main uvmconsole: [1707417.352s][info][gc] GC(24530) Pause Remark 42M->42M(63M) 5.340ms
Dec 29 10:53:39 untangle-main uvmconsole: [1707417.373s][info][gc] GC(24530) Pause Cleanup 42M->42M(63M) 0.315ms
Dec 29 10:53:39 untangle-main uvmconsole: [1707417.373s][info][gc] GC(24530) Concurrent Cycle 77.110ms
Dec 29 10:55:19 untangle-main uvmconsole: [1707516.451s][info][gc] GC(24531) Pause Young (Normal) (G1 Evacuation Pause) 49M->42M(63M) 1.758ms
Dec 29 10:56:45 untangle-main uvmconsole: [1707602.654s][info][gc] GC(24532) Pause Full (System.gc()) 48M->42M(63M) 76.295ms
Dec 29 10:58:54 untangle-main uvmconsole: [1707732.012s][info][gc] GC(24533) Pause Young (Concurrent Start) (G1 Evacuation Pause) 51M->42M(63M) 3.155ms
Dec 29 10:58:54 untangle-main uvmconsole: [1707732.013s][info][gc] GC(24534) Concurrent Cycle
Dec 29 10:58:54 untangle-main uvmconsole: [1707732.061s][info][gc] GC(24534) Pause Remark 42M->42M(63M) 4.358ms
Dec 29 10:58:54 untangle-main uvmconsole: [1707732.080s][info][gc] GC(24534) Pause Cleanup 42M->42M(63M) 0.684ms
Dec 29 10:58:54 untangle-main uvmconsole: [1707732.081s][info][gc] GC(24534) Concurrent Cycle 67.953ms
Dec 29 11:00:49 untangle-main uvmconsole: [1707846.454s][info][gc] GC(24535) Pause Young (Normal) (G1 Evacuation Pause) 50M->42M(63M) 2.441ms
Dec 29 11:01:45 untangle-main uvmconsole: [1707902.624s][info][gc] GC(24536) Pause Full (System.gc()) 46M->42M(63M) 48.103ms
Dec 29 11:04:09 untangle-main uvmconsole: [1708046.457s][info][gc] GC(24537) Pause Young (Concurrent Start) (G1 Evacuation Pause) 52M->42M(63M) 7.542ms
Dec 29 11:04:09 untangle-main uvmconsole: [1708046.458s][info][gc] GC(24538) Concurrent Cycle
Dec 29 11:04:09 untangle-main uvmconsole: [1708046.537s][info][gc] GC(24538) Pause Remark 42M->42M(63M) 5.106ms
Dec 29 11:04:09 untangle-main uvmconsole: [1708046.558s][info][gc] GC(24538) Pause Cleanup 42M->42M(63M) 0.233ms
Dec 29 11:04:09 untangle-main uvmconsole: [1708046.558s][info][gc] GC(24538) Concurrent Cycle 100.150ms
Dec 29 11:06:19 untangle-main uvmconsole: [1708176.453s][info][gc] GC(24539) Pause Young (Normal) (G1 Evacuation Pause) 51M->42M(63M) 3.335ms
Dec 29 11:06:45 untangle-main uvmconsole: [1708202.647s][info][gc] GC(24540) Pause Full (System.gc()) 44M->42M(63M) 69.442ms
Dec 29 11:08:59 untangle-main uvmconsole: [1708336.462s][info][gc] GC(24541) Pause Young (Concurrent Start) (G1 Evacuation Pause) 52M->42M(63M) 8.419ms
Dec 29 11:08:59 untangle-main uvmconsole: [1708336.462s][info][gc] GC(24542) Concurrent Cycle
Dec 29 11:08:59 untangle-main uvmconsole: [1708336.542s][info][gc] GC(24542) Pause Remark 42M->42M(63M) 13.564ms
Dec 29 11:08:59 untangle-main uvmconsole: [1708336.560s][info][gc] GC(24542) Pause Cleanup 42M->42M(63M) 0.210ms
Dec 29 11:08:59 untangle-main uvmconsole: [1708336.561s][info][gc] GC(24542) Concurrent Cycle 98.323ms
Dec 29 11:11:09 untangle-main uvmconsole: [1708466.461s][info][gc] GC(24543) Pause Young (Normal) (G1 Evacuation Pause) 51M->42M(63M) 7.795ms
Dec 29 11:11:45 untangle-main uvmconsole: [1708502.625s][info][gc] GC(24544) Pause Full (System.gc()) 44M->42M(63M) 47.248ms
Dec 29 11:14:09 untangle-main uvmconsole: [1708646.456s][info][gc] GC(24545) Pause Young (Concurrent Start) (G1 Evacuation Pause) 52M->42M(63M) 6.179ms
Dec 29 11:14:09 untangle-main uvmconsole: [1708646.456s][info][gc] GC(24546) Concurrent Cycle
Dec 29 11:14:09 untangle-main uvmconsole: [1708646.524s][info][gc] GC(24546) Pause Remark 42M->42M(63M) 4.241ms
Dec 29 11:14:09 untangle-main uvmconsole: [1708646.544s][info][gc] GC(24546) Pause Cleanup 42M->42M(63M) 0.170ms
Dec 29 11:14:09 untangle-main uvmconsole: [1708646.544s][info][gc] GC(24546) Concurrent Cycle 88.077ms
Dec 29 11:16:19 untangle-main uvmconsole: [1708776.450s][info][gc] GC(24547) Pause Young (Normal) (G1 Evacuation Pause) 51M->42M(63M) 2.980ms
Dec 29 11:16:45 untangle-main uvmconsole: [1708802.631s][info][gc] GC(24548) Pause Full (System.gc()) 44M->42M(63M) 52.714ms
Dec 29 11:19:09 untangle-main uvmconsole: [1708946.462s][info][gc] GC(24549) Pause Young (Concurrent Start) (G1 Evacuation Pause) 52M->42M(63M) 6.201ms
Dec 29 11:19:09 untangle-main uvmconsole: [1708946.463s][info][gc] GC(24550) Concurrent Cycle
Dec 29 11:19:09 untangle-main uvmconsole: [1708946.524s][info][gc] GC(24550) Pause Remark 42M->42M(63M) 4.232ms
Dec 29 11:19:09 untangle-main uvmconsole: [1708946.543s][info][gc] GC(24550) Pause Cleanup 42M->42M(63M) 0.226ms
Dec 29 11:19:09 untangle-main uvmconsole: [1708946.543s][info][gc] GC(24550) Concurrent Cycle 80.738ms
Dec 29 11:21:29 untangle-main uvmconsole: [1709086.459s][info][gc] GC(24551) Pause Young (Normal) (G1 Evacuation Pause) 51M->42M(63M) 4.626ms
Dec 29 11:21:45 untangle-main uvmconsole: [1709102.645s][info][gc] GC(24552) Pause Full (System.gc()) 43M->42M(63M) 66.488ms
Dec 29 11:24:09 untangle-main uvmconsole: [1709246.451s][info][gc] GC(24553) Pause Young (Concurrent Start) (G1 Evacuation Pause) 52M->42M(63M) 4.158ms
Dec 29 11:24:09 untangle-main uvmconsole: [1709246.451s][info][gc] GC(24554) Concurrent Cycle
Dec 29 11:24:09 untangle-main uvmconsole: [1709246.493s][info][gc] GC(24554) Pause Remark 42M->42M(63M) 4.645ms
Dec 29 11:24:09 untangle-main uvmconsole: [1709246.511s][info][gc] GC(24554) Pause Cleanup 42M->42M(63M) 0.357ms
Dec 29 11:24:09 untangle-main uvmconsole: [1709246.512s][info][gc] GC(24554) Concurrent Cycle 60.484ms
Dec 29 11:26:19 untangle-main uvmconsole: [1709376.451s][info][gc] GC(24555) Pause Young (Normal) (G1 Evacuation Pause) 51M->42M(63M) 2.610ms
Dec 29 11:26:45 untangle-main uvmconsole: [1709402.642s][info][gc] GC(24556) Pause Full (System.gc()) 43M->42M(63M) 65.392ms
Dec 29 11:29:09 untangle-main uvmconsole: [1709546.451s][info][gc] GC(24557) Pause Young (Concurrent Start) (G1 Evacuation Pause) 52M->42M(63M) 2.614ms
Dec 29 11:29:09 untangle-main uvmconsole: [1709546.451s][info][gc] GC(24558) Concurrent Cycle
Dec 29 11:29:09 untangle-main uvmconsole: [1709546.500s][info][gc] GC(24558) Pause Remark 42M->42M(63M) 8.428ms
Dec 29 11:29:09 untangle-main uvmconsole: [1709546.520s][info][gc] GC(24558) Pause Cleanup 42M->42M(63M) 0.191ms
Dec 29 11:29:09 untangle-main uvmconsole: [1709546.520s][info][gc] GC(24558) Concurrent Cycle 69.321ms
Dec 29 11:31:29 untangle-main uvmconsole: [1709686.451s][info][gc] GC(24559) Pause Young (Normal) (G1 Evacuation Pause) 51M->42M(63M) 4.164ms
Dec 29 11:31:45 untangle-main uvmconsole: [1709702.639s][info][gc] GC(24560) Pause Full (System.gc()) 43M->42M(63M) 59.448ms
Dec 29 11:33:53 untangle-main uvmconsole: [1709830.401s][info][gc] GC(24561) Pause Young (Concurrent Start) (G1 Evacuation Pause) 51M->42M(63M) 2.479ms
Dec 29 11:33:53 untangle-main uvmconsole: [1709830.401s][info][gc] GC(24562) Concurrent Cycle
Dec 29 11:33:53 untangle-main uvmconsole: [1709830.443s][info][gc] GC(24562) Pause Remark 42M->42M(63M) 4.444ms
Dec 29 11:33:53 untangle-main uvmconsole: [1709830.464s][info][gc] GC(24562) Pause Cleanup 42M->42M(63M) 0.235ms
Dec 29 11:33:53 untangle-main uvmconsole: [1709830.465s][info][gc] GC(24562) Concurrent Cycle 63.699ms
Dec 29 11:35:49 untangle-main uvmconsole: [1709946.460s][info][gc] GC(24563) Pause Young (Normal) (G1 Evacuation Pause) 50M->42M(63M) 5.042ms
Dec 29 11:36:45 untangle-main uvmconsole: [1710002.625s][info][gc] GC(24564) Pause Full (System.gc()) 45M->42M(63M) 47.679ms
Dec 29 11:38:56 untangle-main uvmconsole: [1710134.106s][info][gc] GC(24565) Pause Young (Concurrent Start) (G1 Evacuation Pause) 51M->42M(63M) 3.024ms
Dec 29 11:38:56 untangle-main uvmconsole: [1710134.106s][info][gc] GC(24566) Concurrent Cycle
Dec 29 11:38:56 untangle-main uvmconsole: [1710134.156s][info][gc] GC(24566) Pause Remark 42M->42M(63M) 4.526ms
Dec 29 11:38:56 untangle-main uvmconsole: [1710134.178s][info][gc] GC(24566) Pause Cleanup 42M->42M(63M) 0.202ms
Dec 29 11:38:56 untangle-main uvmconsole: [1710134.178s][info][gc] GC(24566) Concurrent Cycle 72.686ms
Dec 29 11:40:45 untangle-main uvmconsole: [1710243.081s][info][gc] GC(24567) Pause Young (Normal) (G1 Evacuation Pause) 50M->42M(63M) 3.747ms
Dec 29 11:41:45 untangle-main uvmconsole: [1710302.643s][info][gc] GC(24568) Pause Full (System.gc()) 46M->42M(63M) 63.568ms
Dec 29 11:44:09 untangle-main uvmconsole: [1710446.451s][info][gc] GC(24569) Pause Young (Concurrent Start) (G1 Evacuation Pause) 52M->42M(63M) 3.753ms
Dec 29 11:44:09 untangle-main uvmconsole: [1710446.451s][info][gc] GC(24570) Concurrent Cycle
Dec 29 11:44:09 untangle-main uvmconsole: [1710446.496s][info][gc] GC(24570) Pause Remark 42M->42M(63M) 4.907ms
Dec 29 11:44:09 untangle-main uvmconsole: [1710446.515s][info][gc] GC(24570) Pause Cleanup 42M->42M(63M) 0.172ms
Dec 29 11:44:09 untangle-main uvmconsole: [1710446.516s][info][gc] GC(24570) Concurrent Cycle 64.766ms
Dec 29 11:46:19 untangle-main uvmconsole: [1710576.453s][info][gc] GC(24571) Pause Young (Normal) (G1 Evacuation Pause) 51M->42M(63M) 3.052ms
Dec 29 11:46:45 untangle-main uvmconsole: [1710602.619s][info][gc] GC(24572) Pause Full (System.gc()) 44M->42M(63M) 41.809ms
Dec 29 11:49:09 untangle-main uvmconsole: [1710746.463s][info][gc] GC(24573) Pause Young (Concurrent Start) (G1 Evacuation Pause) 52M->42M(63M) 8.736ms
Dec 29 11:49:09 untangle-main uvmconsole: [1710746.464s][info][gc] GC(24574) Concurrent Cycle
Dec 29 11:49:09 untangle-main uvmconsole: [1710746.559s][info][gc] GC(24574) Pause Remark 42M->42M(63M) 4.265ms
Dec 29 11:49:09 untangle-main uvmconsole: [1710746.577s][info][gc] GC(24574) Pause Cleanup 42M->42M(63M) 0.194ms
Dec 29 11:49:09 untangle-main uvmconsole: [1710746.578s][info][gc] GC(24574) Concurrent Cycle 113.900ms
Dec 29 11:51:19 untangle-main uvmconsole: [1710876.452s][info][gc] GC(24575) Pause Young (Normal) (G1 Evacuation Pause) 51M->42M(63M) 1.809ms
Dec 29 11:51:45 untangle-main uvmconsole: [1710902.621s][info][gc] GC(24576) Pause Full (System.gc()) 43M->42M(63M) 45.193ms
Dec 29 11:53:59 untangle-main uvmconsole: [1711036.452s][info][gc] GC(24577) Pause Young (Concurrent Start) (G1 Evacuation Pause) 51M->42M(63M) 3.552ms
Dec 29 11:53:59 untangle-main uvmconsole: [1711036.452s][info][gc] GC(24578) Concurrent Cycle
Dec 29 11:53:59 untangle-main uvmconsole: [1711036.496s][info][gc] GC(24578) Pause Remark 42M->42M(63M) 5.939ms
Dec 29 11:53:59 untangle-main uvmconsole: [1711036.515s][info][gc] GC(24578) Pause Cleanup 42M->42M(63M) 0.214ms
Dec 29 11:53:59 untangle-main uvmconsole: [1711036.515s][info][gc] GC(24578) Concurrent Cycle 63.151ms
Dec 29 11:55:59 untangle-main uvmconsole: [1711156.460s][info][gc] GC(24579) Pause Young (Normal) (G1 Evacuation Pause) 50M->42M(63M) 5.348ms
Dec 29 11:56:45 untangle-main uvmconsole: [1711202.617s][info][gc] GC(24580) Pause Full (System.gc()) 45M->42M(63M) 40.306ms
Dec 29 11:58:59 untangle-main uvmconsole: [1711336.453s][info][gc] GC(24581) Pause Young (Concurrent Start) (G1 Evacuation Pause) 51M->42M(63M) 4.003ms
Dec 29 11:58:59 untangle-main uvmconsole: [1711336.453s][info][gc] GC(24582) Concurrent Cycle
Dec 29 11:58:59 untangle-main uvmconsole: [1711336.518s][info][gc] GC(24582) Pause Remark 42M->42M(63M) 5.166ms
Dec 29 11:58:59 untangle-main uvmconsole: [1711336.541s][info][gc] GC(24582) Pause Cleanup 42M->42M(63M) 0.205ms
Dec 29 11:58:59 untangle-main uvmconsole: [1711336.542s][info][gc] GC(24582) Concurrent Cycle 88.297ms
Dec 29 12:00:56 untangle-main uvmconsole: [1711453.879s][info][gc] GC(24583) Pause Young (Normal) (G1 Evacuation Pause) 50M->42M(63M) 3.310ms
Dec 29 12:01:45 untangle-main uvmconsole: [1711502.650s][info][gc] GC(24584) Pause Full (System.gc()) 45M->42M(63M) 71.548ms
Dec 29 12:04:16 untangle-main uvmconsole: [1711654.011s][info][gc] GC(24585) Pause Young (Concurrent Start) (G1 Evacuation Pause) 52M->42M(63M) 7.101ms
Dec 29 12:04:16 untangle-main uvmconsole: [1711654.011s][info][gc] GC(24586) Concurrent Cycle
Dec 29 12:04:16 untangle-main uvmconsole: [1711654.083s][info][gc] GC(24586) Pause Remark 42M->42M(63M) 6.231ms
Dec 29 12:04:16 untangle-main uvmconsole: [1711654.103s][info][gc] GC(24586) Pause Cleanup 42M->42M(63M) 0.179ms
Dec 29 12:04:16 untangle-main uvmconsole: [1711654.104s][info][gc] GC(24586) Concurrent Cycle 92.937ms
Dec 29 12:06:29 untangle-main uvmconsole: [1711786.461s][info][gc] GC(24587) Pause Young (Normal) (G1 Evacuation Pause) 51M->42M(63M) 5.628ms
Dec 29 12:06:45 untangle-main uvmconsole: [1711802.626s][info][gc] GC(24588) Pause Full (System.gc()) 43M->42M(63M) 47.991ms
Dec 29 12:08:59 untangle-main uvmconsole: [1711936.467s][info][gc] GC(24589) Pause Young (Concurrent Start) (G1 Evacuation Pause) 52M->42M(63M) 8.245ms
Dec 29 12:08:59 untangle-main uvmconsole: [1711936.467s][info][gc] GC(24590) Concurrent Cycle
Dec 29 12:08:59 untangle-main uvmconsole: [1711936.532s][info][gc] GC(24590) Pause Remark 42M->42M(63M) 5.348ms
Dec 29 12:08:59 untangle-main uvmconsole: [1711936.550s][info][gc] GC(24590) Pause Cleanup 42M->42M(63M) 0.388ms
Dec 29 12:08:59 untangle-main uvmconsole: [1711936.551s][info][gc] GC(24590) Concurrent Cycle 83.516ms
Dec 29 12:11:09 untangle-main uvmconsole: [1712066.472s][info][gc] GC(24591) Pause Young (Normal) (G1 Evacuation Pause) 51M->42M(63M) 12.201ms
Dec 29 12:11:45 untangle-main uvmconsole: [1712102.650s][info][gc] GC(24592) Pause Full (System.gc()) 44M->42M(63M) 73.463ms
Dec 29 12:14:19 untangle-main uvmconsole: [1712256.455s][info][gc] GC(24593) Pause Young (Concurrent Start) (G1 Evacuation Pause) 52M->42M(63M) 8.140ms
Dec 29 12:14:19 untangle-main uvmconsole: [1712256.456s][info][gc] GC(24594) Concurrent Cycle
Dec 29 12:14:19 untangle-main uvmconsole: [1712256.514s][info][gc] GC(24594) Pause Remark 42M->42M(63M) 4.352ms
Dec 29 12:14:19 untangle-main uvmconsole: [1712256.540s][info][gc] GC(24594) Pause Cleanup 42M->42M(63M) 0.223ms
Dec 29 12:14:19 untangle-main uvmconsole: [1712256.541s][info][gc] GC(24594) Concurrent Cycle 84.682ms
Dec 29 12:16:29 untangle-main uvmconsole: [1712386.458s][info][gc] GC(24595) Pause Young (Normal) (G1 Evacuation Pause) 51M->42M(63M) 5.458ms
Dec 29 12:16:45 untangle-main uvmconsole: [1712402.642s][info][gc] GC(24596) Pause Full (System.gc()) 43M->42M(63M) 65.977ms
Dec 29 12:19:09 untangle-main uvmconsole: [1712546.457s][info][gc] GC(24597) Pause Young (Concurrent Start) (G1 Evacuation Pause) 52M->42M(63M) 8.904ms
Dec 29 12:19:09 untangle-main uvmconsole: [1712546.457s][info][gc] GC(24598) Concurrent Cycle
Dec 29 12:19:09 untangle-main uvmconsole: [1712546.521s][info][gc] GC(24598) Pause Remark 42M->42M(63M) 4.723ms
Dec 29 12:19:09 untangle-main uvmconsole: [1712546.539s][info][gc] GC(24598) Pause Cleanup 42M->42M(63M) 0.235ms
Dec 29 12:19:09 untangle-main uvmconsole: [1712546.540s][info][gc] GC(24598) Concurrent Cycle 82.342ms
Dec 29 12:21:29 untangle-main uvmconsole: [1712686.453s][info][gc] GC(24599) Pause Young (Normal) (G1 Evacuation Pause) 51M->42M(63M) 5.012ms
Dec 29 12:21:45 untangle-main uvmconsole: [1712702.649s][info][gc] GC(24600) Pause Full (System.gc()) 43M->42M(63M) 71.651ms
Dec 29 12:24:13 untangle-main uvmconsole: [1712850.459s][info][gc] GC(24601) Pause Young (Concurrent Start) (G1 Evacuation Pause) 52M->42M(63M) 3.432ms
Dec 29 12:24:13 untangle-main uvmconsole: [1712850.459s][info][gc] GC(24602) Concurrent Cycle
Dec 29 12:24:13 untangle-main uvmconsole: [1712850.511s][info][gc] GC(24602) Pause Remark 42M->42M(63M) 6.372ms
Dec 29 12:24:13 untangle-main uvmconsole: [1712850.532s][info][gc] GC(24602) Pause Cleanup 42M->42M(63M) 0.231ms
Dec 29 12:24:13 untangle-main uvmconsole: [1712850.533s][info][gc] GC(24602) Concurrent Cycle 74.083ms
Dec 29 12:26:29 untangle-main uvmconsole: [1712986.451s][info][gc] GC(24603) Pause Young (Normal) (G1 Evacuation Pause) 51M->42M(63M) 2.654ms
Dec 29 12:26:45 untangle-main uvmconsole: [1713002.622s][info][gc] GC(24604) Pause Full (System.gc()) 43M->42M(63M) 44.558ms
Dec 29 12:29:09 untangle-main uvmconsole: [1713146.468s][info][gc] GC(24605) Pause Young (Concurrent Start) (G1 Evacuation Pause) 52M->42M(63M) 12.158ms
Dec 29 12:29:09 untangle-main uvmconsole: [1713146.468s][info][gc] GC(24606) Concurrent Cycle
Dec 29 12:29:09 untangle-main uvmconsole: [1713146.540s][info][gc] GC(24606) Pause Remark 42M->42M(63M) 5.861ms
Dec 29 12:29:09 untangle-main uvmconsole: [1713146.564s][info][gc] GC(24606) Pause Cleanup 42M->42M(63M) 0.205ms
Dec 29 12:29:09 untangle-main uvmconsole: [1713146.565s][info][gc] GC(24606) Concurrent Cycle 96.817ms
Dec 29 12:31:29 untangle-main uvmconsole: [1713286.466s][info][gc] GC(24607) Pause Young (Normal) (G1 Evacuation Pause) 51M->42M(63M) 19.500ms
Dec 29 12:31:45 untangle-main uvmconsole: [1713302.645s][info][gc] GC(24608) Pause Full (System.gc()) 43M->42M(63M) 68.040ms
Dec 29 12:33:59 untangle-main uvmconsole: [1713436.471s][info][gc] GC(24609) Pause Young (Concurrent Start) (G1 Evacuation Pause) 51M->42M(63M) 15.616ms
Dec 29 12:33:59 untangle-main uvmconsole: [1713436.471s][info][gc] GC(24610) Concurrent Cycle
Dec 29 12:33:59 untangle-main uvmconsole: [1713436.530s][info][gc] GC(24610) Pause Remark 42M->42M(63M) 4.997ms
Dec 29 12:33:59 untangle-main uvmconsole: [1713436.552s][info][gc] GC(24610) Pause Cleanup 42M->42M(63M) 0.188ms
Dec 29 12:33:59 untangle-main uvmconsole: [1713436.553s][info][gc] GC(24610) Concurrent Cycle 81.471ms
Dec 29 12:35:59 untangle-main uvmconsole: [1713556.451s][info][gc] GC(24611) Pause Young (Normal) (G1 Evacuation Pause) 50M->42M(63M) 3.952ms
Dec 29 12:36:45 untangle-main uvmconsole: [1713602.644s][info][gc] GC(24612) Pause Full (System.gc()) 45M->42M(63M) 64.990ms
Dec 29 12:39:08 untangle-main uvmconsole: [1713745.719s][info][gc] GC(24613) Pause Young (Concurrent Start) (G1 Evacuation Pause) 52M->42M(63M) 4.241ms
Dec 29 12:39:08 untangle-main uvmconsole: [1713745.719s][info][gc] GC(24614) Concurrent Cycle
Dec 29 12:39:08 untangle-main uvmconsole: [1713745.767s][info][gc] GC(24614) Pause Remark 42M->42M(63M) 5.091ms
Dec 29 12:39:08 untangle-main uvmconsole: [1713745.787s][info][gc] GC(24614) Pause Cleanup 42M->42M(63M) 0.153ms
Dec 29 12:39:08 untangle-main uvmconsole: [1713745.787s][info][gc] GC(24614) Concurrent Cycle 68.269ms
Dec 29 12:41:20 untangle-main uvmconsole: [1713877.408s][info][gc] GC(24615) Pause Young (Normal) (G1 Evacuation Pause) 51M->42M(63M) 2.912ms
Dec 29 12:41:45 untangle-main uvmconsole: [1713902.630s][info][gc] GC(24616) Pause Full (System.gc()) 43M->42M(63M) 53.754ms
Dec 29 12:44:19 untangle-main uvmconsole: [1714056.453s][info][gc] GC(24617) Pause Young (Concurrent Start) (G1 Evacuation Pause) 52M->42M(63M) 5.823ms
Dec 29 12:44:19 untangle-main uvmconsole: [1714056.454s][info][gc] GC(24618) Concurrent Cycle
Dec 29 12:44:19 untangle-main uvmconsole: [1714056.517s][info][gc] GC(24618) Pause Remark 42M->42M(63M) 7.639ms
Dec 29 12:44:19 untangle-main uvmconsole: [1714056.542s][info][gc] GC(24618) Pause Cleanup 42M->42M(63M) 0.178ms
Dec 29 12:44:19 untangle-main uvmconsole: [1714056.543s][info][gc] GC(24618) Concurrent Cycle 89.011ms
Dec 29 12:46:29 untangle-main uvmconsole: [1714186.455s][info][gc] GC(24619) Pause Young (Normal) (G1 Evacuation Pause) 51M->42M(63M) 3.460ms
Dec 29 12:46:45 untangle-main uvmconsole: [1714202.635s][info][gc] GC(24620) Pause Full (System.gc()) 43M->42M(63M) 58.666ms
Dec 29 12:49:13 untangle-main uvmconsole: [1714351.268s][info][gc] GC(24621) Pause Young (Concurrent Start) (G1 Evacuation Pause) 52M->42M(63M) 2.615ms
Dec 29 12:49:13 untangle-main uvmconsole: [1714351.268s][info][gc] GC(24622) Concurrent Cycle
Dec 29 12:49:13 untangle-main uvmconsole: [1714351.323s][info][gc] GC(24622) Pause Remark 42M->42M(63M) 5.503ms
Dec 29 12:49:13 untangle-main uvmconsole: [1714351.350s][info][gc] GC(24622) Pause Cleanup 42M->42M(63M) 0.234ms
Dec 29 12:49:13 untangle-main uvmconsole: [1714351.350s][info][gc] GC(24622) Concurrent Cycle 81.891ms
Dec 29 12:51:29 untangle-main uvmconsole: [1714486.452s][info][gc] GC(24623) Pause Young (Normal) (G1 Evacuation Pause) 51M->42M(63M) 3.624ms
Dec 29 12:51:45 untangle-main uvmconsole: [1714502.651s][info][gc] GC(24624) Pause Full (System.gc()) 43M->42M(63M) 73.253ms
Dec 29 12:54:09 untangle-main uvmconsole: [1714646.452s][info][gc] GC(24625) Pause Young (Concurrent Start) (G1 Evacuation Pause) 52M->42M(63M) 4.921ms
Dec 29 12:54:09 untangle-main uvmconsole: [1714646.452s][info][gc] GC(24626) Concurrent Cycle
Dec 29 12:54:09 untangle-main uvmconsole: [1714646.503s][info][gc] GC(24626) Pause Remark 42M->42M(63M) 4.521ms
Dec 29 12:54:09 untangle-main uvmconsole: [1714646.524s][info][gc] GC(24626) Pause Cleanup 42M->42M(63M) 0.509ms
Dec 29 12:54:09 untangle-main uvmconsole: [1714646.524s][info][gc] GC(24626) Concurrent Cycle 72.475ms
Dec 29 12:56:28 untangle-main uvmconsole: [1714786.229s][info][gc] GC(24627) Pause Young (Normal) (G1 Evacuation Pause) 51M->42M(63M) 11.738ms
Dec 29 12:56:45 untangle-main uvmconsole: [1714802.632s][info][gc] GC(24628) Pause Full (System.gc()) 43M->42M(63M) 54.668ms
Dec 29 12:59:19 untangle-main uvmconsole: [1714956.451s][info][gc] GC(24629) Pause Young (Concurrent Start) (G1 Evacuation Pause) 52M->42M(63M) 5.387ms
Dec 29 12:59:19 untangle-main uvmconsole: [1714956.451s][info][gc] GC(24630) Concurrent Cycle
Dec 29 12:59:19 untangle-main uvmconsole: [1714956.508s][info][gc] GC(24630) Pause Remark 42M->42M(63M) 5.606ms
Dec 29 12:59:19 untangle-main uvmconsole: [1714956.530s][info][gc] GC(24630) Pause Cleanup 42M->42M(63M) 0.311ms
Dec 29 12:59:19 untangle-main uvmconsole: [1714956.532s][info][gc] GC(24630) Concurrent Cycle 81.191ms
Dec 29 13:01:30 untangle-main uvmconsole: [1715088.380s][info][gc] GC(24631) Pause Young (Normal) (G1 Evacuation Pause) 51M->42M(63M) 3.484ms
Dec 29 13:01:45 untangle-main uvmconsole: [1715102.634s][info][gc] GC(24632) Pause Full (System.gc()) 43M->42M(63M) 54.589ms
Dec 29 13:04:09 untangle-main uvmconsole: [1715246.503s][info][gc] GC(24633) Pause Young (Concurrent Start) (G1 Evacuation Pause) 52M->42M(63M) 39.611ms
Dec 29 13:04:09 untangle-main uvmconsole: [1715246.503s][info][gc] GC(24634) Concurrent Cycle
Dec 29 13:04:09 untangle-main uvmconsole: [1715246.551s][info][gc] GC(24634) Pause Remark 42M->42M(63M) 5.215ms
Dec 29 13:04:09 untangle-main uvmconsole: [1715246.570s][info][gc] GC(24634) Pause Cleanup 42M->42M(63M) 0.168ms
Dec 29 13:04:09 untangle-main uvmconsole: [1715246.571s][info][gc] GC(24634) Concurrent Cycle 67.375ms
Dec 29 13:06:29 untangle-main uvmconsole: [1715386.461s][info][gc] GC(24635) Pause Young (Normal) (G1 Evacuation Pause) 51M->42M(63M) 6.020ms
Dec 29 13:06:45 untangle-main uvmconsole: [1715402.656s][info][gc] GC(24636) Pause Full (System.gc()) 43M->42M(63M) 78.277ms
Dec 29 13:09:01 untangle-main uvmconsole: [1715538.762s][info][gc] GC(24637) Pause Young (Concurrent Start) (G1 Evacuation Pause) 52M->42M(63M) 5.179ms
Dec 29 13:09:01 untangle-main uvmconsole: [1715538.762s][info][gc] GC(24638) Concurrent Cycle
Dec 29 13:09:01 untangle-main uvmconsole: [1715538.812s][info][gc] GC(24638) Pause Remark 42M->42M(63M) 5.351ms
Dec 29 13:09:01 untangle-main uvmconsole: [1715538.834s][info][gc] GC(24638) Pause Cleanup 42M->42M(63M) 0.209ms
Dec 29 13:09:01 untangle-main uvmconsole: [1715538.835s][info][gc] GC(24638) Concurrent Cycle 72.866ms
Dec 29 13:11:12 untangle-main uvmconsole: [1715669.866s][info][gc] GC(24639) Pause Young (Normal) (G1 Evacuation Pause) 51M->42M(63M) 32.911ms
Dec 29 13:11:45 untangle-main uvmconsole: [1715702.646s][info][gc] GC(24640) Pause Full (System.gc()) 44M->42M(63M) 69.204ms
Dec 29 13:14:09 untangle-main uvmconsole: [1715846.832s][info][gc] GC(24641) Pause Young (Concurrent Start) (G1 Evacuation Pause) 52M->42M(63M) 3.978ms
Dec 29 13:14:09 untangle-main uvmconsole: [1715846.832s][info][gc] GC(24642) Concurrent Cycle
Dec 29 13:14:09 untangle-main uvmconsole: [1715846.893s][info][gc] GC(24642) Pause Remark 42M->42M(63M) 4.876ms
Dec 29 13:14:09 untangle-main uvmconsole: [1715846.913s][info][gc] GC(24642) Pause Cleanup 42M->42M(63M) 0.453ms
Dec 29 13:14:09 untangle-main uvmconsole: [1715846.914s][info][gc] GC(24642) Concurrent Cycle 81.337ms
Dec 29 13:16:29 untangle-main uvmconsole: [1715986.465s][info][gc] GC(24643) Pause Young (Normal) (G1 Evacuation Pause) 51M->42M(63M) 8.641ms
Dec 29 13:16:45 untangle-main uvmconsole: [1716002.635s][info][gc] GC(24644) Pause Full (System.gc()) 43M->42M(63M) 56.821ms
Dec 29 13:19:19 untangle-main uvmconsole: [1716156.469s][info][gc] GC(24645) Pause Young (Concurrent Start) (G1 Evacuation Pause) 52M->42M(63M) 18.929ms
Dec 29 13:19:19 untangle-main uvmconsole: [1716156.469s][info][gc] GC(24646) Concurrent Cycle
Dec 29 13:19:19 untangle-main uvmconsole: [1716156.516s][info][gc] GC(24646) Pause Remark 42M->42M(63M) 5.966ms
Dec 29 13:19:19 untangle-main uvmconsole: [1716156.537s][info][gc] GC(24646) Pause Cleanup 42M->42M(63M) 0.198ms
Dec 29 13:19:19 untangle-main uvmconsole: [1716156.537s][info][gc] GC(24646) Concurrent Cycle 68.222ms
Dec 29 13:21:29 untangle-main uvmconsole: [1716287.064s][info][gc] GC(24647) Pause Young (Normal) (G1 Evacuation Pause) 51M->42M(63M) 7.680ms
Dec 29 13:21:45 untangle-main uvmconsole: [1716302.627s][info][gc] GC(24648) Pause Full (System.gc()) 43M->42M(63M) 49.210ms
Dec 29 13:24:17 untangle-main uvmconsole: [1716454.519s][info][gc] GC(24649) Pause Young (Concurrent Start) (G1 Evacuation Pause) 52M->42M(63M) 2.640ms
Dec 29 13:24:17 untangle-main uvmconsole: [1716454.519s][info][gc] GC(24650) Concurrent Cycle
Dec 29 13:24:17 untangle-main uvmconsole: [1716454.582s][info][gc] GC(24650) Pause Remark 42M->42M(63M) 5.361ms
Dec 29 13:24:17 untangle-main uvmconsole: [1716454.600s][info][gc] GC(24650) Pause Cleanup 42M->42M(63M) 0.219ms
Dec 29 13:24:17 untangle-main uvmconsole: [1716454.601s][info][gc] GC(24650) Concurrent Cycle 81.819ms
Dec 29 13:26:29 untangle-main uvmconsole: [1716586.452s][info][gc] GC(24651) Pause Young (Normal) (G1 Evacuation Pause) 51M->42M(63M) 2.792ms
Dec 29 13:26:45 untangle-main uvmconsole: [1716602.620s][info][gc] GC(24652) Pause Full (System.gc()) 43M->42M(63M) 43.284ms
Dec 29 13:29:09 untangle-main uvmconsole: [1716746.453s][info][gc] GC(24653) Pause Young (Concurrent Start) (G1 Evacuation Pause) 52M->42M(63M) 3.018ms
Dec 29 13:29:09 untangle-main uvmconsole: [1716746.453s][info][gc] GC(24654) Concurrent Cycle
Dec 29 13:29:09 untangle-main uvmconsole: [1716746.512s][info][gc] GC(24654) Pause Remark 42M->42M(63M) 5.365ms
Dec 29 13:29:09 untangle-main uvmconsole: [1716746.534s][info][gc] GC(24654) Pause Cleanup 42M->42M(63M) 0.189ms
Dec 29 13:29:09 untangle-main uvmconsole: [1716746.535s][info][gc] GC(24654) Concurrent Cycle 81.833ms
Dec 29 13:31:22 untangle-main uvmconsole: [1716879.863s][info][gc] GC(24655) Pause Young (Normal) (G1 Evacuation Pause) 51M->42M(63M) 5.148ms
Dec 29 13:31:45 untangle-main uvmconsole: [1716902.645s][info][gc] GC(24656) Pause Full (System.gc()) 43M->42M(63M) 65.559ms
Dec 29 13:34:19 untangle-main uvmconsole: [1717056.456s][info][gc] GC(24657) Pause Young (Concurrent Start) (G1 Evacuation Pause) 52M->42M(63M) 7.388ms
Dec 29 13:34:19 untangle-main uvmconsole: [1717056.456s][info][gc] GC(24658) Concurrent Cycle
Dec 29 13:34:19 untangle-main uvmconsole: [1717056.535s][info][gc] GC(24658) Pause Remark 42M->42M(63M) 4.471ms
Dec 29 13:34:19 untangle-main uvmconsole: [1717056.553s][info][gc] GC(24658) Pause Cleanup 42M->42M(63M) 0.295ms
Dec 29 13:34:19 untangle-main uvmconsole: [1717056.554s][info][gc] GC(24658) Concurrent Cycle 97.479ms
Dec 29 13:36:32 untangle-main uvmconsole: [1717190.125s][info][gc] GC(24659) Pause Young (Normal) (G1 Evacuation Pause) 51M->42M(63M) 4.245ms
Dec 29 13:36:45 untangle-main uvmconsole: [1717202.630s][info][gc] GC(24660) Pause Full (System.gc()) 43M->42M(63M) 53.018ms
Dec 29 13:39:04 untangle-main uvmconsole: [1717341.845s][info][gc] GC(24661) Pause Young (Concurrent Start) (G1 Evacuation Pause) 52M->42M(63M) 7.427ms
Dec 29 13:39:04 untangle-main uvmconsole: [1717341.845s][info][gc] GC(24662) Concurrent Cycle
Dec 29 13:39:04 untangle-main uvmconsole: [1717341.914s][info][gc] GC(24662) Pause Remark 42M->42M(63M) 4.285ms
Dec 29 13:39:04 untangle-main uvmconsole: [1717341.936s][info][gc] GC(24662) Pause Cleanup 42M->42M(63M) 0.156ms
Dec 29 13:39:04 untangle-main uvmconsole: [1717341.937s][info][gc] GC(24662) Concurrent Cycle 91.565ms
Dec 29 13:41:20 untangle-main uvmconsole: [1717477.554s][info][gc] GC(24663) Pause Young (Normal) (G1 Evacuation Pause) 51M->42M(63M) 3.923ms
Dec 29 13:41:45 untangle-main uvmconsole: [1717502.651s][info][gc] GC(24664) Pause Full (System.gc()) 43M->42M(63M) 72.192ms
Dec 29 13:43:59 untangle-main uvmconsole: [1717636.454s][info][gc] GC(24665) Pause Young (Concurrent Start) (G1 Evacuation Pause) 51M->42M(63M) 3.440ms
Dec 29 13:43:59 untangle-main uvmconsole: [1717636.454s][info][gc] GC(24666) Concurrent Cycle
Dec 29 13:43:59 untangle-main uvmconsole: [1717636.500s][info][gc] GC(24666) Pause Remark 42M->42M(63M) 4.239ms
Dec 29 13:43:59 untangle-main uvmconsole: [1717636.519s][info][gc] GC(24666) Pause Cleanup 42M->42M(63M) 0.233ms
Dec 29 13:43:59 untangle-main uvmconsole: [1717636.519s][info][gc] GC(24666) Concurrent Cycle 65.151ms
Dec 29 13:45:59 untangle-main uvmconsole: [1717756.451s][info][gc] GC(24667) Pause Young (Normal) (G1 Evacuation Pause) 50M->42M(63M) 2.982ms
Dec 29 13:46:45 untangle-main uvmconsole: [1717802.623s][info][gc] GC(24668) Pause Full (System.gc()) 45M->42M(63M) 44.295ms
Dec 29 13:49:09 untangle-main uvmconsole: [1717946.477s][info][gc] GC(24669) Pause Young (Normal) (G1 Evacuation Pause) 52M->42M(63M) 18.844ms
Dec 29 13:51:29 untangle-main uvmconsole: [1718086.450s][info][gc] GC(24670) Pause Young (Normal) (G1 Evacuation Pause) 51M->42M(63M) 1.842ms
Dec 29 13:51:45 untangle-main uvmconsole: [1718102.644s][info][gc] GC(24671) Pause Full (System.gc()) 43M->42M(63M) 64.007ms
Dec 29 13:54:19 untangle-main uvmconsole: [1718256.449s][info][gc] GC(24672) Pause Young (Normal) (G1 Evacuation Pause) 52M->42M(63M) 1.513ms
Dec 29 13:56:29 untangle-main uvmconsole: [1718386.451s][info][gc] GC(24673) Pause Young (Normal) (G1 Evacuation Pause) 51M->42M(63M) 2.625ms
Dec 29 13:56:45 untangle-main uvmconsole: [1718402.633s][info][gc] GC(24674) Pause Full (System.gc()) 43M->42M(63M) 55.937ms
Dec 29 13:59:09 untangle-main uvmconsole: [1718546.823s][info][gc] GC(24675) Pause Young (Normal) (G1 Evacuation Pause) 52M->42M(63M) 2.823ms
Dec 29 14:01:29 untangle-main uvmconsole: [1718686.455s][info][gc] GC(24676) Pause Young (Normal) (G1 Evacuation Pause) 51M->42M(63M) 4.629ms
Dec 29 14:01:45 untangle-main uvmconsole: [1718702.644s][info][gc] GC(24677) Pause Full (System.gc()) 43M->42M(63M) 65.659ms
Dec 29 14:04:09 untangle-main uvmconsole: [1718846.451s][info][gc] GC(24678) Pause Young (Normal) (G1 Evacuation Pause) 52M->42M(63M) 2.008ms
Dec 29 14:06:22 untangle-main uvmconsole: [1718979.631s][info][gc] GC(24679) Pause Young (Normal) (G1 Evacuation Pause) 51M->42M(63M) 2.255ms
Dec 29 14:06:45 untangle-main uvmconsole: [1719002.650s][info][gc] GC(24680) Pause Full (System.gc()) 43M->42M(63M) 70.282ms
Dec 29 14:09:09 untangle-main uvmconsole: [1719146.454s][info][gc] GC(24681) Pause Young (Normal) (G1 Evacuation Pause) 52M->42M(63M) 5.111ms
Dec 29 14:11:20 untangle-main uvmconsole: [1719277.483s][info][gc] GC(24682) Pause Young (Normal) (G1 Evacuation Pause) 51M->42M(63M) 71.760ms
Dec 29 14:11:45 untangle-main uvmconsole: [1719302.619s][info][gc] GC(24683) Pause Full (System.gc()) 43M->42M(63M) 41.637ms
Dec 29 14:13:59 untangle-main uvmconsole: [1719436.456s][info][gc] GC(24684) Pause Young (Normal) (G1 Evacuation Pause) 51M->42M(63M) 5.863ms
Dec 29 14:15:59 untangle-main uvmconsole: [1719556.460s][info][gc] GC(24685) Pause Young (Normal) (G1 Evacuation Pause) 50M->42M(63M) 6.736ms
Dec 29 14:16:45 untangle-main uvmconsole: [1719602.653s][info][gc] GC(24686) Pause Full (System.gc()) 45M->42M(63M) 73.860ms
Dec 29 14:18:59 untangle-main uvmconsole: [1719736.450s][info][gc] GC(24687) Pause Young (Normal) (G1 Evacuation Pause) 51M->42M(63M) 1.903ms
Dec 29 14:20:59 untangle-main uvmconsole: [1719856.452s][info][gc] GC(24688) Pause Young (Normal) (G1 Evacuation Pause) 50M->42M(63M) 4.892ms
Dec 29 14:21:45 untangle-main uvmconsole: [1719902.651s][info][gc] GC(24689) Pause Full (System.gc()) 45M->42M(63M) 73.060ms
Dec 29 14:23:59 untangle-main uvmconsole: [1720036.456s][info][gc] GC(24690) Pause Young (Normal) (G1 Evacuation Pause) 51M->42M(63M) 3.582ms
Dec 29 14:25:59 untangle-main uvmconsole: [1720156.459s][info][gc] GC(24691) Pause Young (Normal) (G1 Evacuation Pause) 50M->42M(63M) 7.085ms
Dec 29 14:26:45 untangle-main uvmconsole: [1720202.620s][info][gc] GC(24692) Pause Full (System.gc()) 45M->42M(63M) 44.202ms
Dec 29 14:28:59 untangle-main uvmconsole: [1720336.451s][info][gc] GC(24693) Pause Young (Normal) (G1 Evacuation Pause) 51M->42M(63M) 1.644ms
Dec 29 14:30:59 untangle-main uvmconsole: [1720456.452s][info][gc] GC(24694) Pause Young (Normal) (G1 Evacuation Pause) 50M->42M(63M) 4.221ms
Dec 29 14:31:45 untangle-main uvmconsole: [1720502.622s][info][gc] GC(24695) Pause Full (System.gc()) 45M->42M(63M) 44.805ms
Dec 29 14:34:19 untangle-main uvmconsole: [1720656.456s][info][gc] GC(24696) Pause Young (Normal) (G1 Evacuation Pause) 52M->42M(63M) 9.290ms
Dec 29 14:36:29 untangle-main uvmconsole: [1720787.297s][info][gc] GC(24697) Pause Young (Normal) (G1 Evacuation Pause) 51M->42M(63M) 1.839ms
Dec 29 14:36:45 untangle-main uvmconsole: [1720802.632s][info][gc] GC(24698) Pause Full (System.gc()) 43M->42M(63M) 56.076ms
Dec 29 14:38:49 untangle-main uvmconsole: [1720926.462s][info][gc] GC(24699) Pause Young (Normal) (G1 Evacuation Pause) 51M->42M(63M) 7.868ms
Dec 29 14:40:49 untangle-main uvmconsole: [1721046.469s][info][gc] GC(24700) Pause Young (Normal) (G1 Evacuation Pause) 50M->42M(63M) 20.010ms
Dec 29 14:41:45 untangle-main uvmconsole: [1721102.647s][info][gc] GC(24701) Pause Full (System.gc()) 46M->42M(63M) 69.264ms
Dec 29 14:44:19 untangle-main uvmconsole: [1721256.461s][info][gc] GC(24702) Pause Young (Normal) (G1 Evacuation Pause) 52M->42M(63M) 12.345ms
Dec 29 14:46:29 untangle-main uvmconsole: [1721386.451s][info][gc] GC(24703) Pause Young (Normal) (G1 Evacuation Pause) 51M->42M(63M) 1.831ms
Dec 29 14:46:45 untangle-main uvmconsole: [1721402.654s][info][gc] GC(24704) Pause Full (System.gc()) 43M->42M(63M) 76.420ms
Dec 29 14:48:59 untangle-main uvmconsole: [1721536.457s][info][gc] GC(24705) Pause Young (Normal) (G1 Evacuation Pause) 51M->42M(63M) 5.750ms
Dec 29 14:50:59 untangle-main uvmconsole: [1721656.459s][info][gc] GC(24706) Pause Young (Normal) (G1 Evacuation Pause) 50M->42M(63M) 8.666ms
Dec 29 14:51:45 untangle-main uvmconsole: [1721702.623s][info][gc] GC(24707) Pause Full (System.gc()) 45M->42M(63M) 46.553ms
Dec 29 14:53:59 untangle-main uvmconsole: [1721836.455s][info][gc] GC(24708) Pause Young (Normal) (G1 Evacuation Pause) 51M->42M(63M) 4.172ms
Dec 29 14:55:59 untangle-main uvmconsole: [1721956.449s][info][gc] GC(24709) Pause Young (Normal) (G1 Evacuation Pause) 50M->42M(63M) 1.850ms
Dec 29 14:56:45 untangle-main uvmconsole: [1722002.624s][info][gc] GC(24710) Pause Full (System.gc()) 45M->42M(63M) 48.014ms
Dec 29 14:59:09 untangle-main uvmconsole: [1722146.600s][info][gc] GC(24711) Pause Young (Normal) (G1 Evacuation Pause) 52M->42M(63M) 4.211ms
Dec 29 15:01:29 untangle-main uvmconsole: [1722286.455s][info][gc] GC(24712) Pause Young (Normal) (G1 Evacuation Pause) 51M->42M(63M) 5.774ms
Dec 29 15:01:45 untangle-main uvmconsole: [1722302.643s][info][gc] GC(24713) Pause Full (System.gc()) 43M->42M(63M) 66.345ms
Dec 29 15:04:19 untangle-main uvmconsole: [1722456.449s][info][gc] GC(24714) Pause Young (Normal) (G1 Evacuation Pause) 52M->42M(63M) 3.715ms
Dec 29 15:06:29 untangle-main uvmconsole: [1722586.448s][info][gc] GC(24715) Pause Young (Normal) (G1 Evacuation Pause) 51M->42M(63M) 1.677ms
Dec 29 15:06:45 untangle-main uvmconsole: [1722602.624s][info][gc] GC(24716) Pause Full (System.gc()) 43M->42M(63M) 48.240ms
Dec 29 15:09:02 untangle-main uvmconsole: [1722740.094s][info][gc] GC(24717) Pause Young (Normal) (G1 Evacuation Pause) 52M->42M(63M) 6.825ms
Dec 29 15:11:19 untangle-main uvmconsole: [1722876.452s][info][gc] GC(24718) Pause Young (Normal) (G1 Evacuation Pause) 51M->42M(63M) 4.375ms
Dec 29 15:11:45 untangle-main uvmconsole: [1722902.644s][info][gc] GC(24719) Pause Full (System.gc()) 44M->42M(63M) 67.101ms
Dec 29 15:13:59 untangle-main uvmconsole: [1723036.462s][info][gc] GC(24720) Pause Young (Normal) (G1 Evacuation Pause) 51M->42M(63M) 8.419ms
Dec 29 15:15:59 untangle-main uvmconsole: [1723156.450s][info][gc] GC(24721) Pause Young (Normal) (G1 Evacuation Pause) 50M->42M(63M) 2.640ms
Dec 29 15:16:45 untangle-main uvmconsole: [1723202.626s][info][gc] GC(24722) Pause Full (System.gc()) 45M->42M(63M) 48.119ms
Dec 29 15:19:19 untangle-main uvmconsole: [1723356.450s][info][gc] GC(24723) Pause Young (Normal) (G1 Evacuation Pause) 52M->42M(63M) 2.392ms
Dec 29 15:21:30 untangle-main uvmconsole: [1723487.914s][info][gc] GC(24724) Pause Young (Normal) (G1 Evacuation Pause) 51M->42M(63M) 13.136ms
Dec 29 15:21:45 untangle-main uvmconsole: [1723502.627s][info][gc] GC(24725) Pause Full (System.gc()) 43M->42M(63M) 50.994ms
Dec 29 15:24:11 untangle-main uvmconsole: [1723649.049s][info][gc] GC(24726) Pause Young (Normal) (G1 Evacuation Pause) 52M->42M(63M) 4.964ms
Dec 29 15:26:29 untangle-main uvmconsole: [1723786.523s][info][gc] GC(24727) Pause Young (Normal) (G1 Evacuation Pause) 51M->42M(63M) 73.397ms
