[2020-12-09T14:27:28.225-0500][gc,heap] Heap region size: 1M
[2020-12-09T14:27:28.225-0500][gc,heap] Minimum heap 33554432  Initial heap 33554432  Maximum heap 2097152000
[2020-12-09T14:27:28.264-0500][gc     ] Using G1
[2020-12-09T14:27:28.264-0500][gc,heap,coops] Heap address: 0x0000000083000000, size: 2000 MB, Compressed Oops mode: 32-bit
[2020-12-09T14:27:28.281-0500][gc,cds       ] Mark closed archive regions in map: [0x00000000fff00000, 0x00000000fff69ff8]
[2020-12-09T14:27:28.281-0500][gc,cds       ] Mark open archive regions in map: [0x00000000ffe00000, 0x00000000ffe46ff8]
[2020-12-09T14:27:29.943-0500][gc,heap      ] GC(0) Heap before GC invocations=0 (full 0): garbage-first heap   total 34816K, used 16068K [0x0000000083000000, 0x0000000100000000)
[2020-12-09T14:27:29.943-0500][gc,heap      ] GC(0)   region size 1024K, 14 young (14336K), 0 survivors (0K)
[2020-12-09T14:27:29.943-0500][gc,heap      ] GC(0)  Metaspace       used 4562K, capacity 5333K, committed 5504K, reserved 1056768K
[2020-12-09T14:27:29.943-0500][gc,heap      ] GC(0)   class space    used 510K, capacity 570K, committed 640K, reserved 1048576K
[2020-12-09T14:27:29.943-0500][gc,start     ] GC(0) Pause Young (Normal) (G1 Evacuation Pause)
[2020-12-09T14:27:29.943-0500][gc,task      ] GC(0) Using 2 workers of 8 for evacuation
[2020-12-09T14:27:29.958-0500][gc,phases    ] GC(0)   Pre Evacuate Collection Set: 0.0ms
[2020-12-09T14:27:29.958-0500][gc,phases    ] GC(0)   Evacuate Collection Set: 14.2ms
[2020-12-09T14:27:29.958-0500][gc,phases    ] GC(0)   Post Evacuate Collection Set: 0.6ms
[2020-12-09T14:27:29.958-0500][gc,phases    ] GC(0)   Other: 0.8ms
[2020-12-09T14:27:29.958-0500][gc,heap      ] GC(0) Eden regions: 14->0(11)
[2020-12-09T14:27:29.958-0500][gc,heap      ] GC(0) Survivor regions: 0->2(2)
[2020-12-09T14:27:29.958-0500][gc,heap      ] GC(0) Old regions: 2->4
[2020-12-09T14:27:29.958-0500][gc,heap      ] GC(0) Humongous regions: 1->1
[2020-12-09T14:27:29.958-0500][gc,metaspace ] GC(0) Metaspace: 4562K->4562K(1056768K)
[2020-12-09T14:27:29.958-0500][gc,heap      ] GC(0) Heap after GC invocations=1 (full 0): garbage-first heap   total 34816K, used 5436K [0x0000000083000000, 0x0000000100000000)
[2020-12-09T14:27:29.958-0500][gc,heap      ] GC(0)   region size 1024K, 2 young (2048K), 2 survivors (2048K)
[2020-12-09T14:27:29.958-0500][gc,heap      ] GC(0)  Metaspace       used 4562K, capacity 5333K, committed 5504K, reserved 1056768K
[2020-12-09T14:27:29.958-0500][gc,heap      ] GC(0)   class space    used 510K, capacity 570K, committed 640K, reserved 1048576K
[2020-12-09T14:27:29.958-0500][gc           ] GC(0) Pause Young (Normal) (G1 Evacuation Pause) 15M->5M(34M) 15.621ms
[2020-12-09T14:27:29.958-0500][gc,cpu       ] GC(0) User=0.02s Sys=0.02s Real=0.02s
[2020-12-09T14:27:30.353-0500][gc,heap      ] GC(1) Heap before GC invocations=1 (full 0): garbage-first heap   total 34816K, used 19772K [0x0000000083000000, 0x0000000100000000)
[2020-12-09T14:27:30.353-0500][gc,heap      ] GC(1)   region size 1024K, 13 young (13312K), 2 survivors (2048K)
[2020-12-09T14:27:30.353-0500][gc,heap      ] GC(1)  Metaspace       used 6309K, capacity 6735K, committed 7040K, reserved 1056768K
[2020-12-09T14:27:30.353-0500][gc,heap      ] GC(1)   class space    used 693K, capacity 849K, committed 896K, reserved 1048576K
[2020-12-09T14:27:30.353-0500][gc,start     ] GC(1) Pause Young (Normal) (G1 Evacuation Pause)
[2020-12-09T14:27:30.353-0500][gc,task      ] GC(1) Using 4 workers of 8 for evacuation
[2020-12-09T14:27:30.361-0500][gc,phases    ] GC(1)   Pre Evacuate Collection Set: 0.0ms
[2020-12-09T14:27:30.361-0500][gc,phases    ] GC(1)   Evacuate Collection Set: 6.9ms
[2020-12-09T14:27:30.361-0500][gc,phases    ] GC(1)   Post Evacuate Collection Set: 0.4ms
[2020-12-09T14:27:30.361-0500][gc,phases    ] GC(1)   Other: 0.6ms
[2020-12-09T14:27:30.361-0500][gc,heap      ] GC(1) Eden regions: 11->0(10)
[2020-12-09T14:27:30.361-0500][gc,heap      ] GC(1) Survivor regions: 2->1(2)
[2020-12-09T14:27:30.361-0500][gc,heap      ] GC(1) Old regions: 4->6
[2020-12-09T14:27:30.361-0500][gc,heap      ] GC(1) Humongous regions: 4->4
[2020-12-09T14:27:30.361-0500][gc,metaspace ] GC(1) Metaspace: 6309K->6309K(1056768K)
[2020-12-09T14:27:30.361-0500][gc,heap      ] GC(1) Heap after GC invocations=2 (full 0): garbage-first heap   total 34816K, used 9233K [0x0000000083000000, 0x0000000100000000)
[2020-12-09T14:27:30.361-0500][gc,heap      ] GC(1)   region size 1024K, 1 young (1024K), 1 survivors (1024K)
[2020-12-09T14:27:30.361-0500][gc,heap      ] GC(1)  Metaspace       used 6309K, capacity 6735K, committed 7040K, reserved 1056768K
[2020-12-09T14:27:30.361-0500][gc,heap      ] GC(1)   class space    used 693K, capacity 849K, committed 896K, reserved 1048576K
[2020-12-09T14:27:30.361-0500][gc           ] GC(1) Pause Young (Normal) (G1 Evacuation Pause) 19M->9M(34M) 7.982ms
[2020-12-09T14:27:30.361-0500][gc,cpu       ] GC(1) User=0.03s Sys=0.00s Real=0.01s
[2020-12-09T14:27:30.384-0500][gc,heap      ] GC(2) Heap before GC invocations=2 (full 0): garbage-first heap   total 34816K, used 11281K [0x0000000083000000, 0x0000000100000000)
[2020-12-09T14:27:30.384-0500][gc,heap      ] GC(2)   region size 1024K, 4 young (4096K), 1 survivors (1024K)
[2020-12-09T14:27:30.384-0500][gc,heap      ] GC(2)  Metaspace       used 6324K, capacity 6739K, committed 7040K, reserved 1056768K
[2020-12-09T14:27:30.384-0500][gc,heap      ] GC(2)   class space    used 693K, capacity 849K, committed 896K, reserved 1048576K
[2020-12-09T14:27:30.384-0500][gc,start     ] GC(2) Pause Young (Concurrent Start) (G1 Humongous Allocation)
[2020-12-09T14:27:30.384-0500][gc,task      ] GC(2) Using 4 workers of 8 for evacuation
[2020-12-09T14:27:30.386-0500][gc,phases    ] GC(2)   Pre Evacuate Collection Set: 0.0ms
[2020-12-09T14:27:30.386-0500][gc,phases    ] GC(2)   Evacuate Collection Set: 1.5ms
[2020-12-09T14:27:30.386-0500][gc,phases    ] GC(2)   Post Evacuate Collection Set: 0.3ms
[2020-12-09T14:27:30.386-0500][gc,phases    ] GC(2)   Other: 0.3ms
[2020-12-09T14:27:30.386-0500][gc,heap      ] GC(2) Eden regions: 3->0(10)
[2020-12-09T14:27:30.386-0500][gc,heap      ] GC(2) Survivor regions: 1->1(2)
[2020-12-09T14:27:30.386-0500][gc,heap      ] GC(2) Old regions: 6->6
[2020-12-09T14:27:30.386-0500][gc,heap      ] GC(2) Humongous regions: 4->4
[2020-12-09T14:27:30.386-0500][gc,metaspace ] GC(2) Metaspace: 6324K->6324K(1056768K)
[2020-12-09T14:27:30.386-0500][gc,heap      ] GC(2) Heap after GC invocations=3 (full 0): garbage-first heap   total 34816K, used 9580K [0x0000000083000000, 0x0000000100000000)
[2020-12-09T14:27:30.386-0500][gc,heap      ] GC(2)   region size 1024K, 1 young (1024K), 1 survivors (1024K)
[2020-12-09T14:27:30.386-0500][gc,heap      ] GC(2)  Metaspace       used 6324K, capacity 6739K, committed 7040K, reserved 1056768K
[2020-12-09T14:27:30.386-0500][gc,heap      ] GC(2)   class space    used 693K, capacity 849K, committed 896K, reserved 1048576K
[2020-12-09T14:27:30.387-0500][gc           ] GC(2) Pause Young (Concurrent Start) (G1 Humongous Allocation) 11M->9M(34M) 2.198ms
[2020-12-09T14:27:30.387-0500][gc,cpu       ] GC(2) User=0.00s Sys=0.00s Real=0.00s
[2020-12-09T14:27:30.387-0500][gc           ] GC(3) Concurrent Cycle
[2020-12-09T14:27:30.387-0500][gc,marking   ] GC(3) Concurrent Clear Claimed Marks
[2020-12-09T14:27:30.387-0500][gc,marking   ] GC(3) Concurrent Clear Claimed Marks 0.077ms
[2020-12-09T14:27:30.387-0500][gc,marking   ] GC(3) Concurrent Scan Root Regions
[2020-12-09T14:27:30.388-0500][gc,marking   ] GC(3) Concurrent Scan Root Regions 1.479ms
[2020-12-09T14:27:30.388-0500][gc,marking   ] GC(3) Concurrent Mark (2.260s)
[2020-12-09T14:27:30.388-0500][gc,marking   ] GC(3) Concurrent Mark From Roots
[2020-12-09T14:27:30.389-0500][gc,task      ] GC(3) Using 2 workers of 2 for marking
[2020-12-09T14:27:30.397-0500][gc,marking   ] GC(3) Concurrent Mark From Roots 8.172ms
[2020-12-09T14:27:30.397-0500][gc,marking   ] GC(3) Concurrent Preclean
[2020-12-09T14:27:30.397-0500][gc,marking   ] GC(3) Concurrent Preclean 0.238ms
[2020-12-09T14:27:30.397-0500][gc,marking   ] GC(3) Concurrent Mark (2.260s, 2.268s) 8.492ms
[2020-12-09T14:27:30.397-0500][gc,start     ] GC(3) Pause Remark
[2020-12-09T14:27:30.399-0500][gc,stringtable] GC(3) Cleaned string and symbol table, strings: 1956 processed, 29 removed, symbols: 15623 processed, 21 removed
[2020-12-09T14:27:30.399-0500][gc            ] GC(3) Pause Remark 11M->11M(34M) 2.097ms
[2020-12-09T14:27:30.399-0500][gc,cpu        ] GC(3) User=0.01s Sys=0.00s Real=0.00s
[2020-12-09T14:27:30.399-0500][gc,marking    ] GC(3) Concurrent Rebuild Remembered Sets
[2020-12-09T14:27:30.402-0500][gc,marking    ] GC(3) Concurrent Rebuild Remembered Sets 2.478ms
[2020-12-09T14:27:30.403-0500][gc,start      ] GC(3) Pause Cleanup
[2020-12-09T14:27:30.403-0500][gc            ] GC(3) Pause Cleanup 11M->11M(34M) 0.181ms
[2020-12-09T14:27:30.403-0500][gc,cpu        ] GC(3) User=0.00s Sys=0.00s Real=0.00s
[2020-12-09T14:27:30.403-0500][gc,marking    ] GC(3) Concurrent Cleanup for Next Mark
[2020-12-09T14:27:30.403-0500][gc,marking    ] GC(3) Concurrent Cleanup for Next Mark 0.442ms
[2020-12-09T14:27:30.403-0500][gc            ] GC(3) Concurrent Cycle 16.640ms
[2020-12-09T14:27:30.408-0500][gc,heap       ] GC(4) Heap before GC invocations=4 (full 0): garbage-first heap   total 34816K, used 11628K [0x0000000083000000, 0x0000000100000000)
[2020-12-09T14:27:30.408-0500][gc,heap       ] GC(4)   region size 1024K, 3 young (3072K), 1 survivors (1024K)
[2020-12-09T14:27:30.408-0500][gc,heap       ] GC(4)  Metaspace       used 6326K, capacity 6739K, committed 7040K, reserved 1056768K
[2020-12-09T14:27:30.408-0500][gc,heap       ] GC(4)   class space    used 693K, capacity 849K, committed 896K, reserved 1048576K
[2020-12-09T14:27:30.408-0500][gc,start      ] GC(4) Pause Young (Concurrent Start) (G1 Humongous Allocation)
[2020-12-09T14:27:30.408-0500][gc,task       ] GC(4) Using 4 workers of 8 for evacuation
[2020-12-09T14:27:30.410-0500][gc,phases     ] GC(4)   Pre Evacuate Collection Set: 0.0ms
[2020-12-09T14:27:30.410-0500][gc,phases     ] GC(4)   Evacuate Collection Set: 1.4ms
[2020-12-09T14:27:30.410-0500][gc,phases     ] GC(4)   Post Evacuate Collection Set: 0.5ms
[2020-12-09T14:27:30.410-0500][gc,phases     ] GC(4)   Other: 0.3ms
[2020-12-09T14:27:30.410-0500][gc,heap       ] GC(4) Eden regions: 2->0(9)
[2020-12-09T14:27:30.410-0500][gc,heap       ] GC(4) Survivor regions: 1->1(2)
[2020-12-09T14:27:30.410-0500][gc,heap       ] GC(4) Old regions: 6->6
[2020-12-09T14:27:30.410-0500][gc,heap       ] GC(4) Humongous regions: 5->5
[2020-12-09T14:27:30.410-0500][gc,metaspace  ] GC(4) Metaspace: 6326K->6326K(1056768K)
[2020-12-09T14:27:30.410-0500][gc,heap       ] GC(4) Heap after GC invocations=5 (full 0): garbage-first heap   total 34816K, used 10253K [0x0000000083000000, 0x0000000100000000)
[2020-12-09T14:27:30.410-0500][gc,heap       ] GC(4)   region size 1024K, 1 young (1024K), 1 survivors (1024K)
[2020-12-09T14:27:30.410-0500][gc,heap       ] GC(4)  Metaspace       used 6326K, capacity 6739K, committed 7040K, reserved 1056768K
[2020-12-09T14:27:30.410-0500][gc,heap       ] GC(4)   class space    used 693K, capacity 849K, committed 896K, reserved 1048576K
[2020-12-09T14:27:30.410-0500][gc            ] GC(4) Pause Young (Concurrent Start) (G1 Humongous Allocation) 11M->10M(34M) 2.191ms
[2020-12-09T14:27:30.410-0500][gc,cpu        ] GC(4) User=0.00s Sys=0.00s Real=0.00s
[2020-12-09T14:27:30.410-0500][gc            ] GC(5) Concurrent Cycle
[2020-12-09T14:27:30.410-0500][gc,marking    ] GC(5) Concurrent Clear Claimed Marks
[2020-12-09T14:27:30.410-0500][gc,marking    ] GC(5) Concurrent Clear Claimed Marks 0.061ms
[2020-12-09T14:27:30.410-0500][gc,marking    ] GC(5) Concurrent Scan Root Regions
[2020-12-09T14:27:30.411-0500][gc,marking    ] GC(5) Concurrent Scan Root Regions 0.848ms
[2020-12-09T14:27:30.411-0500][gc,marking    ] GC(5) Concurrent Mark (2.282s)
[2020-12-09T14:27:30.411-0500][gc,marking    ] GC(5) Concurrent Mark From Roots
[2020-12-09T14:27:30.411-0500][gc,task       ] GC(5) Using 2 workers of 2 for marking
[2020-12-09T14:27:30.415-0500][gc,marking    ] GC(5) Concurrent Mark From Roots 3.994ms
[2020-12-09T14:27:30.415-0500][gc,marking    ] GC(5) Concurrent Preclean
[2020-12-09T14:27:30.415-0500][gc,marking    ] GC(5) Concurrent Preclean 0.156ms
[2020-12-09T14:27:30.415-0500][gc,marking    ] GC(5) Concurrent Mark (2.282s, 2.287s) 4.245ms
[2020-12-09T14:27:30.416-0500][gc,start      ] GC(5) Pause Remark
[2020-12-09T14:27:30.417-0500][gc,stringtable] GC(5) Cleaned string and symbol table, strings: 1933 processed, 0 removed, symbols: 15602 processed, 0 removed
[2020-12-09T14:27:30.417-0500][gc            ] GC(5) Pause Remark 15M->15M(34M) 1.312ms
[2020-12-09T14:27:30.417-0500][gc,cpu        ] GC(5) User=0.00s Sys=0.00s Real=0.01s
[2020-12-09T14:27:30.417-0500][gc,marking    ] GC(5) Concurrent Rebuild Remembered Sets
[2020-12-09T14:27:30.419-0500][gc,marking    ] GC(5) Concurrent Rebuild Remembered Sets 1.639ms
[2020-12-09T14:27:30.419-0500][gc,start      ] GC(5) Pause Cleanup
[2020-12-09T14:27:30.419-0500][gc            ] GC(5) Pause Cleanup 15M->15M(34M) 0.214ms
[2020-12-09T14:27:30.419-0500][gc,cpu        ] GC(5) User=0.00s Sys=0.00s Real=0.00s
[2020-12-09T14:27:30.420-0500][gc,marking    ] GC(5) Concurrent Cleanup for Next Mark
[2020-12-09T14:27:30.420-0500][gc,marking    ] GC(5) Concurrent Cleanup for Next Mark 0.457ms
[2020-12-09T14:27:30.420-0500][gc            ] GC(5) Concurrent Cycle 10.036ms
[2020-12-09T14:27:30.515-0500][gc,heap       ] GC(6) Heap before GC invocations=6 (full 0): garbage-first heap   total 34816K, used 24589K [0x0000000083000000, 0x0000000100000000)
[2020-12-09T14:27:30.515-0500][gc,heap       ] GC(6)   region size 1024K, 10 young (10240K), 1 survivors (1024K)
[2020-12-09T14:27:30.515-0500][gc,heap       ] GC(6)  Metaspace       used 6522K, capacity 6940K, committed 7040K, reserved 1056768K
[2020-12-09T14:27:30.515-0500][gc,heap       ] GC(6)   class space    used 706K, capacity 864K, committed 896K, reserved 1048576K
[2020-12-09T14:27:30.515-0500][gc,start      ] GC(6) Pause Young (Normal) (G1 Evacuation Pause)
[2020-12-09T14:27:30.515-0500][gc,task       ] GC(6) Using 4 workers of 8 for evacuation
[2020-12-09T14:27:30.520-0500][gc,phases     ] GC(6)   Pre Evacuate Collection Set: 0.0ms
[2020-12-09T14:27:30.520-0500][gc,phases     ] GC(6)   Evacuate Collection Set: 4.3ms
[2020-12-09T14:27:30.520-0500][gc,phases     ] GC(6)   Post Evacuate Collection Set: 0.4ms
[2020-12-09T14:27:30.520-0500][gc,phases     ] GC(6)   Other: 0.2ms
[2020-12-09T14:27:30.520-0500][gc,heap       ] GC(6) Eden regions: 9->0(7)
[2020-12-09T14:27:30.520-0500][gc,heap       ] GC(6) Survivor regions: 1->2(2)
[2020-12-09T14:27:30.520-0500][gc,heap       ] GC(6) Old regions: 6->8
[2020-12-09T14:27:30.520-0500][gc,heap       ] GC(6) Humongous regions: 10->7
[2020-12-09T14:27:30.520-0500][gc,metaspace  ] GC(6) Metaspace: 6522K->6522K(1056768K)
[2020-12-09T14:27:30.520-0500][gc,heap       ] GC(6) Heap after GC invocations=7 (full 0): garbage-first heap   total 34816K, used 15294K [0x0000000083000000, 0x0000000100000000)
[2020-12-09T14:27:30.520-0500][gc,heap       ] GC(6)   region size 1024K, 2 young (2048K), 2 survivors (2048K)
[2020-12-09T14:27:30.520-0500][gc,heap       ] GC(6)  Metaspace       used 6522K, capacity 6940K, committed 7040K, reserved 1056768K
[2020-12-09T14:27:30.520-0500][gc,heap       ] GC(6)   class space    used 706K, capacity 864K, committed 896K, reserved 1048576K
[2020-12-09T14:27:30.520-0500][gc            ] GC(6) Pause Young (Normal) (G1 Evacuation Pause) 24M->14M(34M) 4.839ms
[2020-12-09T14:27:30.520-0500][gc,cpu        ] GC(6) User=0.02s Sys=0.00s Real=0.01s
[2020-12-09T14:27:30.714-0500][gc,heap       ] GC(7) Heap before GC invocations=7 (full 0): garbage-first heap   total 34816K, used 22462K [0x0000000083000000, 0x0000000100000000)
[2020-12-09T14:27:30.714-0500][gc,heap       ] GC(7)   region size 1024K, 9 young (9216K), 2 survivors (2048K)
[2020-12-09T14:27:30.714-0500][gc,heap       ] GC(7)  Metaspace       used 7024K, capacity 7490K, committed 7680K, reserved 1056768K
[2020-12-09T14:27:30.714-0500][gc,heap       ] GC(7)   class space    used 741K, capacity 916K, committed 1024K, reserved 1048576K
[2020-12-09T14:27:30.714-0500][gc,start      ] GC(7) Pause Young (Concurrent Start) (G1 Evacuation Pause)
[2020-12-09T14:27:30.715-0500][gc,task       ] GC(7) Using 8 workers of 8 for evacuation
[2020-12-09T14:27:30.722-0500][gc,phases     ] GC(7)   Pre Evacuate Collection Set: 0.0ms
[2020-12-09T14:27:30.722-0500][gc,phases     ] GC(7)   Evacuate Collection Set: 6.8ms
[2020-12-09T14:27:30.722-0500][gc,phases     ] GC(7)   Post Evacuate Collection Set: 0.5ms
[2020-12-09T14:27:30.722-0500][gc,phases     ] GC(7)   Other: 0.9ms
[2020-12-09T14:27:30.722-0500][gc,heap       ] GC(7) Eden regions: 7->0(9)
[2020-12-09T14:27:30.722-0500][gc,heap       ] GC(7) Survivor regions: 2->1(2)
[2020-12-09T14:27:30.722-0500][gc,heap       ] GC(7) Old regions: 8->9
[2020-12-09T14:27:30.722-0500][gc,heap       ] GC(7) Humongous regions: 7->4
[2020-12-09T14:27:30.722-0500][gc,metaspace  ] GC(7) Metaspace: 7024K->7024K(1056768K)
[2020-12-09T14:27:30.722-0500][gc,heap       ] GC(7) Heap after GC invocations=8 (full 0): garbage-first heap   total 34816K, used 11690K [0x0000000083000000, 0x0000000100000000)
[2020-12-09T14:27:30.722-0500][gc,heap       ] GC(7)   region size 1024K, 1 young (1024K), 1 survivors (1024K)
[2020-12-09T14:27:30.722-0500][gc,heap       ] GC(7)  Metaspace       used 7024K, capacity 7490K, committed 7680K, reserved 1056768K
[2020-12-09T14:27:30.722-0500][gc,heap       ] GC(7)   class space    used 741K, capacity 916K, committed 1024K, reserved 1048576K
[2020-12-09T14:27:30.722-0500][gc            ] GC(7) Pause Young (Concurrent Start) (G1 Evacuation Pause) 21M->11M(34M) 8.322ms
[2020-12-09T14:27:30.723-0500][gc,cpu        ] GC(7) User=0.04s Sys=0.00s Real=0.01s
[2020-12-09T14:27:30.724-0500][gc            ] GC(8) Concurrent Cycle
[2020-12-09T14:27:30.724-0500][gc,marking    ] GC(8) Concurrent Clear Claimed Marks
[2020-12-09T14:27:30.724-0500][gc,marking    ] GC(8) Concurrent Clear Claimed Marks 0.067ms
[2020-12-09T14:27:30.724-0500][gc,marking    ] GC(8) Concurrent Scan Root Regions
[2020-12-09T14:27:30.726-0500][gc,marking    ] GC(8) Concurrent Scan Root Regions 1.340ms
[2020-12-09T14:27:30.726-0500][gc,marking    ] GC(8) Concurrent Mark (2.597s)
[2020-12-09T14:27:30.726-0500][gc,marking    ] GC(8) Concurrent Mark From Roots
[2020-12-09T14:27:30.726-0500][gc,task       ] GC(8) Using 2 workers of 2 for marking
[2020-12-09T14:27:30.733-0500][gc,marking    ] GC(8) Concurrent Mark From Roots 7.240ms
[2020-12-09T14:27:30.733-0500][gc,marking    ] GC(8) Concurrent Preclean
[2020-12-09T14:27:30.733-0500][gc,marking    ] GC(8) Concurrent Preclean 0.091ms
[2020-12-09T14:27:30.733-0500][gc,marking    ] GC(8) Concurrent Mark (2.597s, 2.604s) 7.393ms
[2020-12-09T14:27:30.733-0500][gc,start      ] GC(8) Pause Remark
[2020-12-09T14:27:30.736-0500][gc,stringtable] GC(8) Cleaned string and symbol table, strings: 2263 processed, 0 removed, symbols: 16696 processed, 7 removed
[2020-12-09T14:27:30.736-0500][gc            ] GC(8) Pause Remark 11M->11M(34M) 2.767ms
[2020-12-09T14:27:30.736-0500][gc,cpu        ] GC(8) User=0.01s Sys=0.00s Real=0.00s
[2020-12-09T14:27:30.736-0500][gc,marking    ] GC(8) Concurrent Rebuild Remembered Sets
[2020-12-09T14:27:30.739-0500][gc,marking    ] GC(8) Concurrent Rebuild Remembered Sets 2.751ms
[2020-12-09T14:27:30.740-0500][gc,start      ] GC(8) Pause Cleanup
[2020-12-09T14:27:30.741-0500][gc            ] GC(8) Pause Cleanup 12M->12M(34M) 0.727ms
[2020-12-09T14:27:30.741-0500][gc,cpu        ] GC(8) User=0.00s Sys=0.00s Real=0.00s
[2020-12-09T14:27:30.741-0500][gc,marking    ] GC(8) Concurrent Cleanup for Next Mark
[2020-12-09T14:27:30.741-0500][gc,marking    ] GC(8) Concurrent Cleanup for Next Mark 0.091ms
[2020-12-09T14:27:30.741-0500][gc            ] GC(8) Concurrent Cycle 17.302ms
[2020-12-09T14:27:31.003-0500][gc,heap       ] GC(9) Heap before GC invocations=9 (full 0): garbage-first heap   total 34816K, used 20906K [0x0000000083000000, 0x0000000100000000)
[2020-12-09T14:27:31.003-0500][gc,heap       ] GC(9)   region size 1024K, 10 young (10240K), 1 survivors (1024K)
[2020-12-09T14:27:31.003-0500][gc,heap       ] GC(9)  Metaspace       used 8677K, capacity 9190K, committed 9472K, reserved 1056768K
[2020-12-09T14:27:31.003-0500][gc,heap       ] GC(9)   class space    used 946K, capacity 1166K, committed 1280K, reserved 1048576K
[2020-12-09T14:27:31.003-0500][gc,start      ] GC(9) Pause Young (Normal) (G1 Evacuation Pause)
[2020-12-09T14:27:31.003-0500][gc,task       ] GC(9) Using 8 workers of 8 for evacuation
[2020-12-09T14:27:31.008-0500][gc,phases     ] GC(9)   Pre Evacuate Collection Set: 0.0ms
[2020-12-09T14:27:31.009-0500][gc,phases     ] GC(9)   Evacuate Collection Set: 3.0ms
[2020-12-09T14:27:31.009-0500][gc,phases     ] GC(9)   Post Evacuate Collection Set: 2.1ms
[2020-12-09T14:27:31.009-0500][gc,phases     ] GC(9)   Other: 0.2ms
[2020-12-09T14:27:31.009-0500][gc,heap       ] GC(9) Eden regions: 9->0(12)
[2020-12-09T14:27:31.009-0500][gc,heap       ] GC(9) Survivor regions: 1->2(2)
[2020-12-09T14:27:31.009-0500][gc,heap       ] GC(9) Old regions: 9->9
[2020-12-09T14:27:31.009-0500][gc,heap       ] GC(9) Humongous regions: 4->4
[2020-12-09T14:27:31.009-0500][gc,metaspace  ] GC(9) Metaspace: 8677K->8677K(1056768K)
[2020-12-09T14:27:31.009-0500][gc,heap       ] GC(9) Heap after GC invocations=10 (full 0): garbage-first heap   total 41984K, used 12482K [0x0000000083000000, 0x0000000100000000)
[2020-12-09T14:27:31.009-0500][gc,heap       ] GC(9)   region size 1024K, 2 young (2048K), 2 survivors (2048K)
[2020-12-09T14:27:31.009-0500][gc,heap       ] GC(9)  Metaspace       used 8677K, capacity 9190K, committed 9472K, reserved 1056768K
[2020-12-09T14:27:31.009-0500][gc,heap       ] GC(9)   class space    used 946K, capacity 1166K, committed 1280K, reserved 1048576K
[2020-12-09T14:27:31.009-0500][gc            ] GC(9) Pause Young (Normal) (G1 Evacuation Pause) 20M->12M(41M) 5.525ms
[2020-12-09T14:27:31.009-0500][gc,cpu        ] GC(9) User=0.02s Sys=0.00s Real=0.01s
[2020-12-09T14:27:31.261-0500][gc,heap       ] GC(10) Heap before GC invocations=10 (full 0): garbage-first heap   total 41984K, used 23746K [0x0000000083000000, 0x0000000100000000)
[2020-12-09T14:27:31.262-0500][gc,heap       ] GC(10)   region size 1024K, 14 young (14336K), 2 survivors (2048K)
[2020-12-09T14:27:31.262-0500][gc,heap       ] GC(10)  Metaspace       used 10410K, capacity 11005K, committed 11136K, reserved 1058816K
[2020-12-09T14:27:31.262-0500][gc,heap       ] GC(10)   class space    used 1112K, capacity 1371K, committed 1408K, reserved 1048576K
[2020-12-09T14:27:31.262-0500][gc,start      ] GC(10) Pause Young (Concurrent Start) (G1 Evacuation Pause)
[2020-12-09T14:27:31.262-0500][gc,task       ] GC(10) Using 8 workers of 8 for evacuation
[2020-12-09T14:27:31.265-0500][gc,phases     ] GC(10)   Pre Evacuate Collection Set: 0.0ms
[2020-12-09T14:27:31.265-0500][gc,phases     ] GC(10)   Evacuate Collection Set: 2.3ms
[2020-12-09T14:27:31.265-0500][gc,phases     ] GC(10)   Post Evacuate Collection Set: 0.6ms
[2020-12-09T14:27:31.265-0500][gc,phases     ] GC(10)   Other: 0.2ms
[2020-12-09T14:27:31.265-0500][gc,heap       ] GC(10) Eden regions: 12->0(12)
[2020-12-09T14:27:31.265-0500][gc,heap       ] GC(10) Survivor regions: 2->2(2)
[2020-12-09T14:27:31.265-0500][gc,heap       ] GC(10) Old regions: 9->9
[2020-12-09T14:27:31.265-0500][gc,heap       ] GC(10) Humongous regions: 4->4
[2020-12-09T14:27:31.265-0500][gc,metaspace  ] GC(10) Metaspace: 10410K->10410K(1058816K)
[2020-12-09T14:27:31.265-0500][gc,heap       ] GC(10) Heap after GC invocations=11 (full 0): garbage-first heap   total 41984K, used 13513K [0x0000000083000000, 0x0000000100000000)
[2020-12-09T14:27:31.265-0500][gc,heap       ] GC(10)   region size 1024K, 2 young (2048K), 2 survivors (2048K)
[2020-12-09T14:27:31.265-0500][gc,heap       ] GC(10)  Metaspace       used 10410K, capacity 11005K, committed 11136K, reserved 1058816K
[2020-12-09T14:27:31.265-0500][gc,heap       ] GC(10)   class space    used 1112K, capacity 1371K, committed 1408K, reserved 1048576K
[2020-12-09T14:27:31.265-0500][gc            ] GC(10) Pause Young (Concurrent Start) (G1 Evacuation Pause) 24M->13M(41M) 3.205ms
[2020-12-09T14:27:31.265-0500][gc,cpu        ] GC(10) User=0.01s Sys=0.01s Real=0.00s
[2020-12-09T14:27:31.265-0500][gc            ] GC(11) Concurrent Cycle
[2020-12-09T14:27:31.265-0500][gc,marking    ] GC(11) Concurrent Clear Claimed Marks
[2020-12-09T14:27:31.265-0500][gc,marking    ] GC(11) Concurrent Clear Claimed Marks 0.022ms
[2020-12-09T14:27:31.265-0500][gc,marking    ] GC(11) Concurrent Scan Root Regions
[2020-12-09T14:27:31.266-0500][gc,marking    ] GC(11) Concurrent Scan Root Regions 0.732ms
[2020-12-09T14:27:31.266-0500][gc,marking    ] GC(11) Concurrent Mark (3.137s)
[2020-12-09T14:27:31.266-0500][gc,marking    ] GC(11) Concurrent Mark From Roots
[2020-12-09T14:27:31.266-0500][gc,task       ] GC(11) Using 2 workers of 2 for marking
[2020-12-09T14:27:31.269-0500][gc,marking    ] GC(11) Concurrent Mark From Roots 3.698ms
[2020-12-09T14:27:31.269-0500][gc,marking    ] GC(11) Concurrent Preclean
[2020-12-09T14:27:31.270-0500][gc,marking    ] GC(11) Concurrent Preclean 0.091ms
[2020-12-09T14:27:31.270-0500][gc,marking    ] GC(11) Concurrent Mark (3.137s, 3.141s) 3.851ms
[2020-12-09T14:27:31.270-0500][gc,start      ] GC(11) Pause Remark
[2020-12-09T14:27:31.271-0500][gc,stringtable] GC(11) Cleaned string and symbol table, strings: 3676 processed, 1 removed, symbols: 26886 processed, 47 removed
[2020-12-09T14:27:31.272-0500][gc            ] GC(11) Pause Remark 13M->13M(41M) 1.722ms
[2020-12-09T14:27:31.272-0500][gc,cpu        ] GC(11) User=0.01s Sys=0.00s Real=0.00s
[2020-12-09T14:27:31.272-0500][gc,marking    ] GC(11) Concurrent Rebuild Remembered Sets
[2020-12-09T14:27:31.276-0500][gc,marking    ] GC(11) Concurrent Rebuild Remembered Sets 3.915ms
[2020-12-09T14:27:31.276-0500][gc,start      ] GC(11) Pause Cleanup
[2020-12-09T14:27:31.276-0500][gc            ] GC(11) Pause Cleanup 13M->13M(41M) 0.232ms
[2020-12-09T14:27:31.276-0500][gc,cpu        ] GC(11) User=0.00s Sys=0.00s Real=0.00s
[2020-12-09T14:27:31.276-0500][gc,marking    ] GC(11) Concurrent Cleanup for Next Mark
[2020-12-09T14:27:31.277-0500][gc,marking    ] GC(11) Concurrent Cleanup for Next Mark 0.262ms
[2020-12-09T14:27:31.277-0500][gc            ] GC(11) Concurrent Cycle 11.646ms
[2020-12-09T14:27:31.385-0500][gc,heap       ] GC(12) Heap before GC invocations=12 (full 0): garbage-first heap   total 41984K, used 25801K [0x0000000083000000, 0x0000000100000000)
[2020-12-09T14:27:31.385-0500][gc,heap       ] GC(12)   region size 1024K, 14 young (14336K), 2 survivors (2048K)
[2020-12-09T14:27:31.385-0500][gc,heap       ] GC(12)  Metaspace       used 10662K, capacity 11377K, committed 11648K, reserved 1058816K
[2020-12-09T14:27:31.385-0500][gc,heap       ] GC(12)   class space    used 1142K, capacity 1397K, committed 1408K, reserved 1048576K
[2020-12-09T14:27:31.385-0500][gc,start      ] GC(12) Pause Young (Normal) (G1 Evacuation Pause)
[2020-12-09T14:27:31.385-0500][gc,task       ] GC(12) Using 8 workers of 8 for evacuation
[2020-12-09T14:27:31.387-0500][gc,phases     ] GC(12)   Pre Evacuate Collection Set: 0.0ms
[2020-12-09T14:27:31.387-0500][gc,phases     ] GC(12)   Evacuate Collection Set: 1.4ms
[2020-12-09T14:27:31.387-0500][gc,phases     ] GC(12)   Post Evacuate Collection Set: 0.4ms
[2020-12-09T14:27:31.387-0500][gc,phases     ] GC(12)   Other: 0.1ms
[2020-12-09T14:27:31.387-0500][gc,heap       ] GC(12) Eden regions: 12->0(12)
[2020-12-09T14:27:31.387-0500][gc,heap       ] GC(12) Survivor regions: 2->2(2)
[2020-12-09T14:27:31.387-0500][gc,heap       ] GC(12) Old regions: 9->10
[2020-12-09T14:27:31.387-0500][gc,heap       ] GC(12) Humongous regions: 4->4
[2020-12-09T14:27:31.387-0500][gc,metaspace  ] GC(12) Metaspace: 10662K->10662K(1058816K)
[2020-12-09T14:27:31.387-0500][gc,heap       ] GC(12) Heap after GC invocations=13 (full 0): garbage-first heap   total 41984K, used 13873K [0x0000000083000000, 0x0000000100000000)
[2020-12-09T14:27:31.387-0500][gc,heap       ] GC(12)   region size 1024K, 2 young (2048K), 2 survivors (2048K)
[2020-12-09T14:27:31.387-0500][gc,heap       ] GC(12)  Metaspace       used 10662K, capacity 11377K, committed 11648K, reserved 1058816K
[2020-12-09T14:27:31.387-0500][gc,heap       ] GC(12)   class space    used 1142K, capacity 1397K, committed 1408K, reserved 1048576K
[2020-12-09T14:27:31.387-0500][gc            ] GC(12) Pause Young (Normal) (G1 Evacuation Pause) 25M->13M(41M) 2.075ms
[2020-12-09T14:27:31.387-0500][gc,cpu        ] GC(12) User=0.00s Sys=0.00s Real=0.01s
[2020-12-09T14:27:31.670-0500][gc,heap       ] GC(13) Heap before GC invocations=13 (full 0): garbage-first heap   total 41984K, used 25137K [0x0000000083000000, 0x0000000100000000)
[2020-12-09T14:27:31.670-0500][gc,heap       ] GC(13)   region size 1024K, 14 young (14336K), 2 survivors (2048K)
[2020-12-09T14:27:31.670-0500][gc,heap       ] GC(13)  Metaspace       used 12391K, capacity 13071K, committed 13440K, reserved 1060864K
[2020-12-09T14:27:31.670-0500][gc,heap       ] GC(13)   class space    used 1310K, capacity 1595K, committed 1664K, reserved 1048576K
[2020-12-09T14:27:31.670-0500][gc,start      ] GC(13) Pause Young (Concurrent Start) (G1 Evacuation Pause)
[2020-12-09T14:27:31.670-0500][gc,task       ] GC(13) Using 8 workers of 8 for evacuation
[2020-12-09T14:27:31.672-0500][gc,phases     ] GC(13)   Pre Evacuate Collection Set: 0.1ms
[2020-12-09T14:27:31.672-0500][gc,phases     ] GC(13)   Evacuate Collection Set: 1.9ms
[2020-12-09T14:27:31.672-0500][gc,phases     ] GC(13)   Post Evacuate Collection Set: 0.4ms
[2020-12-09T14:27:31.672-0500][gc,phases     ] GC(13)   Other: 0.2ms
[2020-12-09T14:27:31.672-0500][gc,heap       ] GC(13) Eden regions: 12->0(12)
[2020-12-09T14:27:31.672-0500][gc,heap       ] GC(13) Survivor regions: 2->2(2)
[2020-12-09T14:27:31.672-0500][gc,heap       ] GC(13) Old regions: 10->11
[2020-12-09T14:27:31.672-0500][gc,heap       ] GC(13) Humongous regions: 4->4
[2020-12-09T14:27:31.672-0500][gc,metaspace  ] GC(13) Metaspace: 12391K->12391K(1060864K)
[2020-12-09T14:27:31.672-0500][gc,heap       ] GC(13) Heap after GC invocations=14 (full 0): garbage-first heap   total 41984K, used 14438K [0x0000000083000000, 0x0000000100000000)
[2020-12-09T14:27:31.672-0500][gc,heap       ] GC(13)   region size 1024K, 2 young (2048K), 2 survivors (2048K)
[2020-12-09T14:27:31.672-0500][gc,heap       ] GC(13)  Metaspace       used 12391K, capacity 13071K, committed 13440K, reserved 1060864K
[2020-12-09T14:27:31.672-0500][gc,heap       ] GC(13)   class space    used 1310K, capacity 1595K, committed 1664K, reserved 1048576K
[2020-12-09T14:27:31.672-0500][gc            ] GC(13) Pause Young (Concurrent Start) (G1 Evacuation Pause) 25M->14M(41M) 2.572ms
[2020-12-09T14:27:31.672-0500][gc,cpu        ] GC(13) User=0.01s Sys=0.01s Real=0.00s
[2020-12-09T14:27:31.672-0500][gc            ] GC(14) Concurrent Cycle
[2020-12-09T14:27:31.672-0500][gc,marking    ] GC(14) Concurrent Clear Claimed Marks
[2020-12-09T14:27:31.672-0500][gc,marking    ] GC(14) Concurrent Clear Claimed Marks 0.031ms
[2020-12-09T14:27:31.672-0500][gc,marking    ] GC(14) Concurrent Scan Root Regions
[2020-12-09T14:27:31.673-0500][gc,marking    ] GC(14) Concurrent Scan Root Regions 0.910ms
[2020-12-09T14:27:31.673-0500][gc,marking    ] GC(14) Concurrent Mark (3.545s)
[2020-12-09T14:27:31.673-0500][gc,marking    ] GC(14) Concurrent Mark From Roots
[2020-12-09T14:27:31.673-0500][gc,task       ] GC(14) Using 2 workers of 2 for marking
[2020-12-09T14:27:31.682-0500][gc,marking    ] GC(14) Concurrent Mark From Roots 8.474ms
[2020-12-09T14:27:31.682-0500][gc,marking    ] GC(14) Concurrent Preclean
[2020-12-09T14:27:31.682-0500][gc,marking    ] GC(14) Concurrent Preclean 0.098ms
[2020-12-09T14:27:31.682-0500][gc,marking    ] GC(14) Concurrent Mark (3.545s, 3.553s) 8.631ms
[2020-12-09T14:27:31.682-0500][gc,start      ] GC(14) Pause Remark
[2020-12-09T14:27:31.685-0500][gc,stringtable] GC(14) Cleaned string and symbol table, strings: 4534 processed, 4 removed, symbols: 31845 processed, 48 removed
[2020-12-09T14:27:31.685-0500][gc            ] GC(14) Pause Remark 14M->14M(41M) 2.832ms
[2020-12-09T14:27:31.685-0500][gc,cpu        ] GC(14) User=0.01s Sys=0.00s Real=0.00s
[2020-12-09T14:27:31.685-0500][gc,marking    ] GC(14) Concurrent Rebuild Remembered Sets
[2020-12-09T14:27:31.689-0500][gc,marking    ] GC(14) Concurrent Rebuild Remembered Sets 3.596ms
[2020-12-09T14:27:31.689-0500][gc,start      ] GC(14) Pause Cleanup
[2020-12-09T14:27:31.689-0500][gc            ] GC(14) Pause Cleanup 14M->14M(41M) 0.234ms
[2020-12-09T14:27:31.690-0500][gc,cpu        ] GC(14) User=0.00s Sys=0.00s Real=0.00s
[2020-12-09T14:27:31.690-0500][gc,marking    ] GC(14) Concurrent Cleanup for Next Mark
[2020-12-09T14:27:31.690-0500][gc,marking    ] GC(14) Concurrent Cleanup for Next Mark 0.235ms
[2020-12-09T14:27:31.690-0500][gc            ] GC(14) Concurrent Cycle 17.570ms
[2020-12-09T14:27:31.940-0500][gc,heap       ] GC(15) Heap before GC invocations=15 (full 0): garbage-first heap   total 41984K, used 26726K [0x0000000083000000, 0x0000000100000000)
[2020-12-09T14:27:31.940-0500][gc,heap       ] GC(15)   region size 1024K, 14 young (14336K), 2 survivors (2048K)
[2020-12-09T14:27:31.940-0500][gc,heap       ] GC(15)  Metaspace       used 14934K, capacity 15694K, committed 16000K, reserved 1062912K
[2020-12-09T14:27:31.940-0500][gc,heap       ] GC(15)   class space    used 1566K, capacity 1843K, committed 1920K, reserved 1048576K
[2020-12-09T14:27:31.940-0500][gc,start      ] GC(15) Pause Young (Normal) (G1 Evacuation Pause)
[2020-12-09T14:27:31.940-0500][gc,task       ] GC(15) Using 8 workers of 8 for evacuation
[2020-12-09T14:27:31.942-0500][gc,phases     ] GC(15)   Pre Evacuate Collection Set: 0.0ms
[2020-12-09T14:27:31.942-0500][gc,phases     ] GC(15)   Evacuate Collection Set: 1.7ms
[2020-12-09T14:27:31.942-0500][gc,phases     ] GC(15)   Post Evacuate Collection Set: 0.4ms
[2020-12-09T14:27:31.942-0500][gc,phases     ] GC(15)   Other: 0.2ms
[2020-12-09T14:27:31.942-0500][gc,heap       ] GC(15) Eden regions: 12->0(13)
[2020-12-09T14:27:31.942-0500][gc,heap       ] GC(15) Survivor regions: 2->2(2)
[2020-12-09T14:27:31.942-0500][gc,heap       ] GC(15) Old regions: 11->11
[2020-12-09T14:27:31.942-0500][gc,heap       ] GC(15) Humongous regions: 4->4
[2020-12-09T14:27:31.942-0500][gc,metaspace  ] GC(15) Metaspace: 14934K->14934K(1062912K)
[2020-12-09T14:27:31.942-0500][gc,heap       ] GC(15) Heap after GC invocations=16 (full 0): garbage-first heap   total 41984K, used 14836K [0x0000000083000000, 0x0000000100000000)
[2020-12-09T14:27:31.942-0500][gc,heap       ] GC(15)   region size 1024K, 2 young (2048K), 2 survivors (2048K)
[2020-12-09T14:27:31.942-0500][gc,heap       ] GC(15)  Metaspace       used 14934K, capacity 15694K, committed 16000K, reserved 1062912K
[2020-12-09T14:27:31.942-0500][gc,heap       ] GC(15)   class space    used 1566K, capacity 1843K, committed 1920K, reserved 1048576K
[2020-12-09T14:27:31.943-0500][gc            ] GC(15) Pause Young (Normal) (G1 Evacuation Pause) 26M->14M(41M) 2.584ms
[2020-12-09T14:27:31.943-0500][gc,cpu        ] GC(15) User=0.01s Sys=0.00s Real=0.00s
[2020-12-09T14:27:32.122-0500][gc,heap       ] GC(16) Heap before GC invocations=16 (full 0): garbage-first heap   total 41984K, used 28148K [0x0000000083000000, 0x0000000100000000)
[2020-12-09T14:27:32.122-0500][gc,heap       ] GC(16)   region size 1024K, 15 young (15360K), 2 survivors (2048K)
[2020-12-09T14:27:32.122-0500][gc,heap       ] GC(16)  Metaspace       used 16290K, capacity 17155K, committed 17280K, reserved 1064960K
[2020-12-09T14:27:32.122-0500][gc,heap       ] GC(16)   class space    used 1754K, capacity 2105K, committed 2176K, reserved 1048576K
[2020-12-09T14:27:32.122-0500][gc,start      ] GC(16) Pause Young (Concurrent Start) (G1 Evacuation Pause)
[2020-12-09T14:27:32.122-0500][gc,task       ] GC(16) Using 8 workers of 8 for evacuation
[2020-12-09T14:27:32.125-0500][gc,phases     ] GC(16)   Pre Evacuate Collection Set: 0.1ms
[2020-12-09T14:27:32.125-0500][gc,phases     ] GC(16)   Evacuate Collection Set: 2.0ms
[2020-12-09T14:27:32.125-0500][gc,phases     ] GC(16)   Post Evacuate Collection Set: 0.5ms
[2020-12-09T14:27:32.125-0500][gc,phases     ] GC(16)   Other: 0.2ms
[2020-12-09T14:27:32.125-0500][gc,heap       ] GC(16) Eden regions: 13->0(13)
[2020-12-09T14:27:32.125-0500][gc,heap       ] GC(16) Survivor regions: 2->2(2)
[2020-12-09T14:27:32.125-0500][gc,heap       ] GC(16) Old regions: 11->11
[2020-12-09T14:27:32.125-0500][gc,heap       ] GC(16) Humongous regions: 4->4
[2020-12-09T14:27:32.125-0500][gc,metaspace  ] GC(16) Metaspace: 16290K->16290K(1064960K)
[2020-12-09T14:27:32.125-0500][gc,heap       ] GC(16) Heap after GC invocations=17 (full 0): garbage-first heap   total 41984K, used 15490K [0x0000000083000000, 0x0000000100000000)
[2020-12-09T14:27:32.125-0500][gc,heap       ] GC(16)   region size 1024K, 2 young (2048K), 2 survivors (2048K)
[2020-12-09T14:27:32.125-0500][gc,heap       ] GC(16)  Metaspace       used 16290K, capacity 17155K, committed 17280K, reserved 1064960K
[2020-12-09T14:27:32.125-0500][gc,heap       ] GC(16)   class space    used 1754K, capacity 2105K, committed 2176K, reserved 1048576K
[2020-12-09T14:27:32.125-0500][gc            ] GC(16) Pause Young (Concurrent Start) (G1 Evacuation Pause) 27M->15M(41M) 2.914ms
[2020-12-09T14:27:32.125-0500][gc,cpu        ] GC(16) User=0.01s Sys=0.00s Real=0.00s
[2020-12-09T14:27:32.125-0500][gc            ] GC(17) Concurrent Cycle
[2020-12-09T14:27:32.125-0500][gc,marking    ] GC(17) Concurrent Clear Claimed Marks
[2020-12-09T14:27:32.125-0500][gc,marking    ] GC(17) Concurrent Clear Claimed Marks 0.033ms
[2020-12-09T14:27:32.125-0500][gc,marking    ] GC(17) Concurrent Scan Root Regions
[2020-12-09T14:27:32.128-0500][gc,marking    ] GC(17) Concurrent Scan Root Regions 2.990ms
[2020-12-09T14:27:32.128-0500][gc,marking    ] GC(17) Concurrent Mark (3.999s)
[2020-12-09T14:27:32.128-0500][gc,marking    ] GC(17) Concurrent Mark From Roots
[2020-12-09T14:27:32.128-0500][gc,task       ] GC(17) Using 2 workers of 2 for marking
[2020-12-09T14:27:32.134-0500][gc,marking    ] GC(17) Concurrent Mark From Roots 6.000ms
[2020-12-09T14:27:32.134-0500][gc,marking    ] GC(17) Concurrent Preclean
[2020-12-09T14:27:32.134-0500][gc,marking    ] GC(17) Concurrent Preclean 0.121ms
[2020-12-09T14:27:32.134-0500][gc,marking    ] GC(17) Concurrent Mark (3.999s, 4.005s) 6.184ms
[2020-12-09T14:27:32.134-0500][gc,start      ] GC(17) Pause Remark
[2020-12-09T14:27:32.139-0500][gc,stringtable] GC(17) Cleaned string and symbol table, strings: 7193 processed, 1 removed, symbols: 44883 processed, 31 removed
[2020-12-09T14:27:32.139-0500][gc            ] GC(17) Pause Remark 16M->16M(41M) 4.742ms
[2020-12-09T14:27:32.139-0500][gc,cpu        ] GC(17) User=0.02s Sys=0.01s Real=0.01s
[2020-12-09T14:27:32.139-0500][gc,marking    ] GC(17) Concurrent Rebuild Remembered Sets
[2020-12-09T14:27:32.144-0500][gc,marking    ] GC(17) Concurrent Rebuild Remembered Sets 4.809ms
[2020-12-09T14:27:32.145-0500][gc,start      ] GC(17) Pause Cleanup
[2020-12-09T14:27:32.145-0500][gc            ] GC(17) Pause Cleanup 16M->16M(41M) 0.204ms
[2020-12-09T14:27:32.145-0500][gc,cpu        ] GC(17) User=0.00s Sys=0.00s Real=0.00s
[2020-12-09T14:27:32.145-0500][gc,marking    ] GC(17) Concurrent Cleanup for Next Mark
[2020-12-09T14:27:32.145-0500][gc,marking    ] GC(17) Concurrent Cleanup for Next Mark 0.100ms
[2020-12-09T14:27:32.145-0500][gc            ] GC(17) Concurrent Cycle 20.407ms
[2020-12-09T14:27:32.387-0500][gc,heap       ] GC(18) Heap before GC invocations=18 (full 0): garbage-first heap   total 41984K, used 28802K [0x0000000083000000, 0x0000000100000000)
[2020-12-09T14:27:32.387-0500][gc,heap       ] GC(18)   region size 1024K, 15 young (15360K), 2 survivors (2048K)
[2020-12-09T14:27:32.387-0500][gc,heap       ] GC(18)  Metaspace       used 17083K, capacity 18143K, committed 18432K, reserved 1064960K
[2020-12-09T14:27:32.387-0500][gc,heap       ] GC(18)   class space    used 1836K, capacity 2248K, committed 2304K, reserved 1048576K
[2020-12-09T14:27:32.387-0500][gc,start      ] GC(18) Pause Young (Normal) (G1 Evacuation Pause)
[2020-12-09T14:27:32.387-0500][gc,task       ] GC(18) Using 8 workers of 8 for evacuation
[2020-12-09T14:27:32.391-0500][gc,phases     ] GC(18)   Pre Evacuate Collection Set: 0.0ms
[2020-12-09T14:27:32.391-0500][gc,phases     ] GC(18)   Evacuate Collection Set: 2.9ms
[2020-12-09T14:27:32.391-0500][gc,phases     ] GC(18)   Post Evacuate Collection Set: 0.5ms
[2020-12-09T14:27:32.391-0500][gc,phases     ] GC(18)   Other: 0.2ms
[2020-12-09T14:27:32.391-0500][gc,heap       ] GC(18) Eden regions: 13->0(13)
[2020-12-09T14:27:32.391-0500][gc,heap       ] GC(18) Survivor regions: 2->2(2)
[2020-12-09T14:27:32.391-0500][gc,heap       ] GC(18) Old regions: 11->12
[2020-12-09T14:27:32.391-0500][gc,heap       ] GC(18) Humongous regions: 4->4
[2020-12-09T14:27:32.391-0500][gc,metaspace  ] GC(18) Metaspace: 17083K->17083K(1064960K)
[2020-12-09T14:27:32.391-0500][gc,heap       ] GC(18) Heap after GC invocations=19 (full 0): garbage-first heap   total 41984K, used 16048K [0x0000000083000000, 0x0000000100000000)
[2020-12-09T14:27:32.391-0500][gc,heap       ] GC(18)   region size 1024K, 2 young (2048K), 2 survivors (2048K)
[2020-12-09T14:27:32.391-0500][gc,heap       ] GC(18)  Metaspace       used 17083K, capacity 18143K, committed 18432K, reserved 1064960K
[2020-12-09T14:27:32.391-0500][gc,heap       ] GC(18)   class space    used 1836K, capacity 2248K, committed 2304K, reserved 1048576K
[2020-12-09T14:27:32.391-0500][gc            ] GC(18) Pause Young (Normal) (G1 Evacuation Pause) 28M->15M(41M) 3.710ms
[2020-12-09T14:27:32.391-0500][gc,cpu        ] GC(18) User=0.01s Sys=0.00s Real=0.00s
[2020-12-09T14:27:32.542-0500][gc,heap       ] GC(19) Heap before GC invocations=19 (full 0): garbage-first heap   total 41984K, used 28336K [0x0000000083000000, 0x0000000100000000)
[2020-12-09T14:27:32.542-0500][gc,heap       ] GC(19)   region size 1024K, 15 young (15360K), 2 survivors (2048K)
[2020-12-09T14:27:32.542-0500][gc,heap       ] GC(19)  Metaspace       used 17959K, capacity 19012K, committed 19328K, reserved 1067008K
[2020-12-09T14:27:32.542-0500][gc,heap       ] GC(19)   class space    used 1919K, capacity 2368K, committed 2432K, reserved 1048576K
[2020-12-09T14:27:32.542-0500][gc,start      ] GC(19) Pause Young (Concurrent Start) (G1 Evacuation Pause)
[2020-12-09T14:27:32.542-0500][gc,task       ] GC(19) Using 8 workers of 8 for evacuation
[2020-12-09T14:27:32.549-0500][gc,phases     ] GC(19)   Pre Evacuate Collection Set: 0.1ms
[2020-12-09T14:27:32.549-0500][gc,phases     ] GC(19)   Evacuate Collection Set: 6.1ms
[2020-12-09T14:27:32.549-0500][gc,phases     ] GC(19)   Post Evacuate Collection Set: 0.7ms
[2020-12-09T14:27:32.549-0500][gc,phases     ] GC(19)   Other: 0.3ms
[2020-12-09T14:27:32.549-0500][gc,heap       ] GC(19) Eden regions: 13->0(18)
[2020-12-09T14:27:32.549-0500][gc,heap       ] GC(19) Survivor regions: 2->2(2)
[2020-12-09T14:27:32.549-0500][gc,heap       ] GC(19) Old regions: 12->13
[2020-12-09T14:27:32.549-0500][gc,heap       ] GC(19) Humongous regions: 4->4
[2020-12-09T14:27:32.549-0500][gc,metaspace  ] GC(19) Metaspace: 17959K->17959K(1067008K)
[2020-12-09T14:27:32.549-0500][gc,heap       ] GC(19) Heap after GC invocations=20 (full 0): garbage-first heap   total 51200K, used 16814K [0x0000000083000000, 0x0000000100000000)
[2020-12-09T14:27:32.549-0500][gc,heap       ] GC(19)   region size 1024K, 2 young (2048K), 2 survivors (2048K)
[2020-12-09T14:27:32.549-0500][gc,heap       ] GC(19)  Metaspace       used 17959K, capacity 19012K, committed 19328K, reserved 1067008K
[2020-12-09T14:27:32.549-0500][gc,heap       ] GC(19)   class space    used 1919K, capacity 2368K, committed 2432K, reserved 1048576K
[2020-12-09T14:27:32.549-0500][gc            ] GC(19) Pause Young (Concurrent Start) (G1 Evacuation Pause) 28M->16M(50M) 7.347ms
[2020-12-09T14:27:32.549-0500][gc,cpu        ] GC(19) User=0.04s Sys=0.01s Real=0.01s
[2020-12-09T14:27:32.549-0500][gc            ] GC(20) Concurrent Cycle
[2020-12-09T14:27:32.549-0500][gc,marking    ] GC(20) Concurrent Clear Claimed Marks
[2020-12-09T14:27:32.549-0500][gc,marking    ] GC(20) Concurrent Clear Claimed Marks 0.153ms
[2020-12-09T14:27:32.549-0500][gc,marking    ] GC(20) Concurrent Scan Root Regions
[2020-12-09T14:27:32.551-0500][gc,marking    ] GC(20) Concurrent Scan Root Regions 1.430ms
[2020-12-09T14:27:32.551-0500][gc,marking    ] GC(20) Concurrent Mark (4.422s)
[2020-12-09T14:27:32.551-0500][gc,marking    ] GC(20) Concurrent Mark From Roots
[2020-12-09T14:27:32.551-0500][gc,task       ] GC(20) Using 2 workers of 2 for marking
[2020-12-09T14:27:32.565-0500][gc,marking    ] GC(20) Concurrent Mark From Roots 13.554ms
[2020-12-09T14:27:32.565-0500][gc,marking    ] GC(20) Concurrent Preclean
[2020-12-09T14:27:32.565-0500][gc,marking    ] GC(20) Concurrent Preclean 0.219ms
[2020-12-09T14:27:32.565-0500][gc,marking    ] GC(20) Concurrent Mark (4.422s, 4.436s) 13.892ms
[2020-12-09T14:27:32.622-0500][gc,start      ] GC(20) Pause Remark
[2020-12-09T14:27:32.631-0500][gc,stringtable] GC(20) Cleaned string and symbol table, strings: 7770 processed, 3 removed, symbols: 49281 processed, 15 removed
[2020-12-09T14:27:32.631-0500][gc            ] GC(20) Pause Remark 16M->16M(50M) 8.900ms
[2020-12-09T14:27:32.631-0500][gc,cpu        ] GC(20) User=0.03s Sys=0.01s Real=0.01s
[2020-12-09T14:27:32.632-0500][gc,marking    ] GC(20) Concurrent Rebuild Remembered Sets
[2020-12-09T14:27:32.639-0500][gc,marking    ] GC(20) Concurrent Rebuild Remembered Sets 7.465ms
[2020-12-09T14:27:32.640-0500][gc,start      ] GC(20) Pause Cleanup
[2020-12-09T14:27:32.640-0500][gc            ] GC(20) Pause Cleanup 17M->17M(50M) 0.159ms
[2020-12-09T14:27:32.640-0500][gc,cpu        ] GC(20) User=0.00s Sys=0.00s Real=0.00s
[2020-12-09T14:27:32.640-0500][gc,marking    ] GC(20) Concurrent Cleanup for Next Mark
[2020-12-09T14:27:32.640-0500][gc,marking    ] GC(20) Concurrent Cleanup for Next Mark 0.254ms
[2020-12-09T14:27:32.640-0500][gc            ] GC(20) Concurrent Cycle 90.855ms
[2020-12-09T14:27:32.874-0500][gc,heap       ] GC(21) Heap before GC invocations=21 (full 0): garbage-first heap   total 51200K, used 34222K [0x0000000083000000, 0x0000000100000000)
[2020-12-09T14:27:32.874-0500][gc,heap       ] GC(21)   region size 1024K, 20 young (20480K), 2 survivors (2048K)
[2020-12-09T14:27:32.874-0500][gc,heap       ] GC(21)  Metaspace       used 18790K, capacity 19832K, committed 19968K, reserved 1067008K
[2020-12-09T14:27:32.874-0500][gc,heap       ] GC(21)   class space    used 2004K, capacity 2459K, committed 2560K, reserved 1048576K
[2020-12-09T14:27:32.874-0500][gc,start      ] GC(21) Pause Young (Normal) (G1 Evacuation Pause)
[2020-12-09T14:27:32.874-0500][gc,task       ] GC(21) Using 8 workers of 8 for evacuation
[2020-12-09T14:27:32.882-0500][gc,phases     ] GC(21)   Pre Evacuate Collection Set: 0.0ms
[2020-12-09T14:27:32.882-0500][gc,phases     ] GC(21)   Evacuate Collection Set: 2.1ms
[2020-12-09T14:27:32.882-0500][gc,phases     ] GC(21)   Post Evacuate Collection Set: 5.0ms
[2020-12-09T14:27:32.882-0500][gc,phases     ] GC(21)   Other: 0.2ms
[2020-12-09T14:27:32.882-0500][gc,heap       ] GC(21) Eden regions: 18->0(18)
[2020-12-09T14:27:32.882-0500][gc,heap       ] GC(21) Survivor regions: 2->3(3)
[2020-12-09T14:27:32.882-0500][gc,heap       ] GC(21) Old regions: 13->13
[2020-12-09T14:27:32.882-0500][gc,heap       ] GC(21) Humongous regions: 4->4
[2020-12-09T14:27:32.882-0500][gc,metaspace  ] GC(21) Metaspace: 18790K->18790K(1067008K)
[2020-12-09T14:27:32.882-0500][gc,heap       ] GC(21) Heap after GC invocations=22 (full 0): garbage-first heap   total 51200K, used 18253K [0x0000000083000000, 0x0000000100000000)
[2020-12-09T14:27:32.882-0500][gc,heap       ] GC(21)   region size 1024K, 3 young (3072K), 3 survivors (3072K)
[2020-12-09T14:27:32.882-0500][gc,heap       ] GC(21)  Metaspace       used 18790K, capacity 19832K, committed 19968K, reserved 1067008K
[2020-12-09T14:27:32.882-0500][gc,heap       ] GC(21)   class space    used 2004K, capacity 2459K, committed 2560K, reserved 1048576K
[2020-12-09T14:27:32.882-0500][gc            ] GC(21) Pause Young (Normal) (G1 Evacuation Pause) 34M->17M(50M) 7.408ms
[2020-12-09T14:27:32.882-0500][gc,cpu        ] GC(21) User=0.04s Sys=0.00s Real=0.01s
[2020-12-09T14:27:33.093-0500][gc,heap       ] GC(22) Heap before GC invocations=22 (full 0): garbage-first heap   total 51200K, used 35661K [0x0000000083000000, 0x0000000100000000)
[2020-12-09T14:27:33.093-0500][gc,heap       ] GC(22)   region size 1024K, 21 young (21504K), 3 survivors (3072K)
[2020-12-09T14:27:33.094-0500][gc,heap       ] GC(22)  Metaspace       used 19644K, capacity 20842K, committed 21120K, reserved 1067008K
[2020-12-09T14:27:33.094-0500][gc,heap       ] GC(22)   class space    used 2109K, capacity 2590K, committed 2688K, reserved 1048576K
[2020-12-09T14:27:33.094-0500][gc,start      ] GC(22) Pause Young (Concurrent Start) (G1 Evacuation Pause)
[2020-12-09T14:27:33.094-0500][gc,task       ] GC(22) Using 8 workers of 8 for evacuation
[2020-12-09T14:27:33.102-0500][gc,phases     ] GC(22)   Pre Evacuate Collection Set: 0.1ms
[2020-12-09T14:27:33.102-0500][gc,phases     ] GC(22)   Evacuate Collection Set: 7.6ms
[2020-12-09T14:27:33.102-0500][gc,phases     ] GC(22)   Post Evacuate Collection Set: 0.5ms
[2020-12-09T14:27:33.102-0500][gc,phases     ] GC(22)   Other: 0.5ms
[2020-12-09T14:27:33.102-0500][gc,heap       ] GC(22) Eden regions: 18->0(17)
[2020-12-09T14:27:33.102-0500][gc,heap       ] GC(22) Survivor regions: 3->3(3)
[2020-12-09T14:27:33.102-0500][gc,heap       ] GC(22) Old regions: 13->15
[2020-12-09T14:27:33.102-0500][gc,heap       ] GC(22) Humongous regions: 4->4
[2020-12-09T14:27:33.102-0500][gc,metaspace  ] GC(22) Metaspace: 19644K->19644K(1067008K)
[2020-12-09T14:27:33.102-0500][gc,heap       ] GC(22) Heap after GC invocations=23 (full 0): garbage-first heap   total 51200K, used 20422K [0x0000000083000000, 0x0000000100000000)
[2020-12-09T14:27:33.102-0500][gc,heap       ] GC(22)   region size 1024K, 3 young (3072K), 3 survivors (3072K)
[2020-12-09T14:27:33.102-0500][gc,heap       ] GC(22)  Metaspace       used 19644K, capacity 20842K, committed 21120K, reserved 1067008K
[2020-12-09T14:27:33.102-0500][gc,heap       ] GC(22)   class space    used 2109K, capacity 2590K, committed 2688K, reserved 1048576K
[2020-12-09T14:27:33.102-0500][gc            ] GC(22) Pause Young (Concurrent Start) (G1 Evacuation Pause) 35M->19M(50M) 8.460ms
[2020-12-09T14:27:33.102-0500][gc,cpu        ] GC(22) User=0.03s Sys=0.00s Real=0.01s
[2020-12-09T14:27:33.102-0500][gc            ] GC(23) Concurrent Cycle
[2020-12-09T14:27:33.102-0500][gc,marking    ] GC(23) Concurrent Clear Claimed Marks
[2020-12-09T14:27:33.102-0500][gc,marking    ] GC(23) Concurrent Clear Claimed Marks 0.051ms
[2020-12-09T14:27:33.102-0500][gc,marking    ] GC(23) Concurrent Scan Root Regions
[2020-12-09T14:27:33.103-0500][gc,marking    ] GC(23) Concurrent Scan Root Regions 0.960ms
[2020-12-09T14:27:33.103-0500][gc,marking    ] GC(23) Concurrent Mark (4.975s)
[2020-12-09T14:27:33.103-0500][gc,marking    ] GC(23) Concurrent Mark From Roots
[2020-12-09T14:27:33.103-0500][gc,task       ] GC(23) Using 2 workers of 2 for marking
[2020-12-09T14:27:33.125-0500][gc,marking    ] GC(23) Concurrent Mark From Roots 21.251ms
[2020-12-09T14:27:33.125-0500][gc,marking    ] GC(23) Concurrent Preclean
[2020-12-09T14:27:33.125-0500][gc,marking    ] GC(23) Concurrent Preclean 0.157ms
[2020-12-09T14:27:33.125-0500][gc,marking    ] GC(23) Concurrent Mark (4.975s, 4.996s) 21.483ms
[2020-12-09T14:27:33.125-0500][gc,start      ] GC(23) Pause Remark
[2020-12-09T14:27:33.131-0500][gc,stringtable] GC(23) Cleaned string and symbol table, strings: 8543 processed, 0 removed, symbols: 54725 processed, 52 removed
[2020-12-09T14:27:33.131-0500][gc            ] GC(23) Pause Remark 21M->21M(50M) 6.014ms
[2020-12-09T14:27:33.131-0500][gc,cpu        ] GC(23) User=0.03s Sys=0.00s Real=0.01s
[2020-12-09T14:27:33.131-0500][gc,marking    ] GC(23) Concurrent Rebuild Remembered Sets
[2020-12-09T14:27:33.139-0500][gc,marking    ] GC(23) Concurrent Rebuild Remembered Sets 7.394ms
[2020-12-09T14:27:33.139-0500][gc,start      ] GC(23) Pause Cleanup
[2020-12-09T14:27:33.139-0500][gc            ] GC(23) Pause Cleanup 21M->21M(50M) 0.200ms
[2020-12-09T14:27:33.140-0500][gc,cpu        ] GC(23) User=0.00s Sys=0.00s Real=0.00s
[2020-12-09T14:27:33.140-0500][gc,marking    ] GC(23) Concurrent Cleanup for Next Mark
[2020-12-09T14:27:33.155-0500][gc,marking    ] GC(23) Concurrent Cleanup for Next Mark 15.511ms
[2020-12-09T14:27:33.155-0500][gc            ] GC(23) Concurrent Cycle 52.956ms
[2020-12-09T14:27:33.356-0500][gc,heap       ] GC(24) Heap before GC invocations=24 (full 0): garbage-first heap   total 51200K, used 36806K [0x0000000083000000, 0x0000000100000000)
[2020-12-09T14:27:33.356-0500][gc,heap       ] GC(24)   region size 1024K, 20 young (20480K), 3 survivors (3072K)
[2020-12-09T14:27:33.356-0500][gc,heap       ] GC(24)  Metaspace       used 20170K, capacity 21337K, committed 21632K, reserved 1069056K
[2020-12-09T14:27:33.356-0500][gc,heap       ] GC(24)   class space    used 2159K, capacity 2623K, committed 2688K, reserved 1048576K
[2020-12-09T14:27:33.356-0500][gc,start      ] GC(24) Pause Young (Normal) (G1 Evacuation Pause)
[2020-12-09T14:27:33.356-0500][gc,task       ] GC(24) Using 8 workers of 8 for evacuation
[2020-12-09T14:27:33.361-0500][gc,phases     ] GC(24)   Pre Evacuate Collection Set: 0.0ms
[2020-12-09T14:27:33.361-0500][gc,phases     ] GC(24)   Evacuate Collection Set: 3.7ms
[2020-12-09T14:27:33.361-0500][gc,phases     ] GC(24)   Post Evacuate Collection Set: 0.7ms
[2020-12-09T14:27:33.361-0500][gc,phases     ] GC(24)   Other: 0.3ms
[2020-12-09T14:27:33.361-0500][gc,heap       ] GC(24) Eden regions: 17->0(17)
[2020-12-09T14:27:33.361-0500][gc,heap       ] GC(24) Survivor regions: 3->1(3)
[2020-12-09T14:27:33.361-0500][gc,heap       ] GC(24) Old regions: 15->17
[2020-12-09T14:27:33.361-0500][gc,heap       ] GC(24) Humongous regions: 4->4
[2020-12-09T14:27:33.361-0500][gc,metaspace  ] GC(24) Metaspace: 20170K->20170K(1069056K)
[2020-12-09T14:27:33.361-0500][gc,heap       ] GC(24) Heap after GC invocations=25 (full 0): garbage-first heap   total 51200K, used 21061K [0x0000000083000000, 0x0000000100000000)
[2020-12-09T14:27:33.361-0500][gc,heap       ] GC(24)   region size 1024K, 1 young (1024K), 1 survivors (1024K)
[2020-12-09T14:27:33.361-0500][gc,heap       ] GC(24)  Metaspace       used 20170K, capacity 21337K, committed 21632K, reserved 1069056K
[2020-12-09T14:27:33.361-0500][gc,heap       ] GC(24)   class space    used 2159K, capacity 2623K, committed 2688K, reserved 1048576K
[2020-12-09T14:27:33.361-0500][gc            ] GC(24) Pause Young (Normal) (G1 Evacuation Pause) 36M->20M(50M) 4.894ms
[2020-12-09T14:27:33.361-0500][gc,cpu        ] GC(24) User=0.02s Sys=0.00s Real=0.01s
[2020-12-09T14:27:33.528-0500][gc,heap       ] GC(25) Heap before GC invocations=25 (full 0): garbage-first heap   total 51200K, used 37445K [0x0000000083000000, 0x0000000100000000)
[2020-12-09T14:27:33.528-0500][gc,heap       ] GC(25)   region size 1024K, 18 young (18432K), 1 survivors (1024K)
[2020-12-09T14:27:33.528-0500][gc,heap       ] GC(25)  Metaspace       used 21074K, capacity 22212K, committed 22528K, reserved 1069056K
[2020-12-09T14:27:33.528-0500][gc,heap       ] GC(25)   class space    used 2272K, capacity 2738K, committed 2816K, reserved 1048576K
[2020-12-09T14:27:33.528-0500][gc,start      ] GC(25) Pause Young (Concurrent Start) (G1 Evacuation Pause)
[2020-12-09T14:27:33.528-0500][gc,task       ] GC(25) Using 8 workers of 8 for evacuation
[2020-12-09T14:27:33.535-0500][gc,phases     ] GC(25)   Pre Evacuate Collection Set: 0.1ms
[2020-12-09T14:27:33.535-0500][gc,phases     ] GC(25)   Evacuate Collection Set: 4.7ms
[2020-12-09T14:27:33.535-0500][gc,phases     ] GC(25)   Post Evacuate Collection Set: 1.6ms
[2020-12-09T14:27:33.535-0500][gc,phases     ] GC(25)   Other: 0.3ms
[2020-12-09T14:27:33.535-0500][gc,heap       ] GC(25) Eden regions: 17->0(22)
[2020-12-09T14:27:33.535-0500][gc,heap       ] GC(25) Survivor regions: 1->2(3)
[2020-12-09T14:27:33.535-0500][gc,heap       ] GC(25) Old regions: 17->17
[2020-12-09T14:27:33.535-0500][gc,heap       ] GC(25) Humongous regions: 4->4
[2020-12-09T14:27:33.535-0500][gc,metaspace  ] GC(25) Metaspace: 21074K->21074K(1069056K)
[2020-12-09T14:27:33.535-0500][gc,heap       ] GC(25) Heap after GC invocations=26 (full 0): garbage-first heap   total 64512K, used 21591K [0x0000000083000000, 0x0000000100000000)
[2020-12-09T14:27:33.535-0500][gc,heap       ] GC(25)   region size 1024K, 2 young (2048K), 2 survivors (2048K)
[2020-12-09T14:27:33.535-0500][gc,heap       ] GC(25)  Metaspace       used 21074K, capacity 22212K, committed 22528K, reserved 1069056K
[2020-12-09T14:27:33.535-0500][gc,heap       ] GC(25)   class space    used 2272K, capacity 2738K, committed 2816K, reserved 1048576K
[2020-12-09T14:27:33.535-0500][gc            ] GC(25) Pause Young (Concurrent Start) (G1 Evacuation Pause) 37M->21M(63M) 6.823ms
[2020-12-09T14:27:33.535-0500][gc,cpu        ] GC(25) User=0.02s Sys=0.00s Real=0.00s
[2020-12-09T14:27:33.535-0500][gc            ] GC(26) Concurrent Cycle
[2020-12-09T14:27:33.535-0500][gc,marking    ] GC(26) Concurrent Clear Claimed Marks
[2020-12-09T14:27:33.535-0500][gc,marking    ] GC(26) Concurrent Clear Claimed Marks 0.090ms
[2020-12-09T14:27:33.535-0500][gc,marking    ] GC(26) Concurrent Scan Root Regions
[2020-12-09T14:27:33.536-0500][gc,marking    ] GC(26) Concurrent Scan Root Regions 1.208ms
[2020-12-09T14:27:33.536-0500][gc,marking    ] GC(26) Concurrent Mark (5.407s)
[2020-12-09T14:27:33.536-0500][gc,marking    ] GC(26) Concurrent Mark From Roots
[2020-12-09T14:27:33.536-0500][gc,task       ] GC(26) Using 2 workers of 2 for marking
[2020-12-09T14:27:33.573-0500][gc,marking    ] GC(26) Concurrent Mark From Roots 36.748ms
[2020-12-09T14:27:33.573-0500][gc,marking    ] GC(26) Concurrent Preclean
[2020-12-09T14:27:33.573-0500][gc,marking    ] GC(26) Concurrent Preclean 0.180ms
[2020-12-09T14:27:33.573-0500][gc,marking    ] GC(26) Concurrent Mark (5.407s, 5.445s) 37.014ms
[2020-12-09T14:27:33.577-0500][gc,start      ] GC(26) Pause Remark
[2020-12-09T14:27:33.584-0500][gc,stringtable] GC(26) Cleaned string and symbol table, strings: 9862 processed, 0 removed, symbols: 60091 processed, 16 removed
[2020-12-09T14:27:33.585-0500][gc            ] GC(26) Pause Remark 22M->22M(63M) 7.961ms
[2020-12-09T14:27:33.585-0500][gc,cpu        ] GC(26) User=0.04s Sys=0.00s Real=0.00s
[2020-12-09T14:27:33.585-0500][gc,marking    ] GC(26) Concurrent Rebuild Remembered Sets
[2020-12-09T14:27:33.596-0500][gc,marking    ] GC(26) Concurrent Rebuild Remembered Sets 11.121ms
[2020-12-09T14:27:33.616-0500][gc,start      ] GC(26) Pause Cleanup
[2020-12-09T14:27:33.616-0500][gc            ] GC(26) Pause Cleanup 22M->22M(63M) 0.272ms
[2020-12-09T14:27:33.616-0500][gc,cpu        ] GC(26) User=0.00s Sys=0.00s Real=0.00s
[2020-12-09T14:27:33.616-0500][gc,marking    ] GC(26) Concurrent Cleanup for Next Mark
[2020-12-09T14:27:33.627-0500][gc,marking    ] GC(26) Concurrent Cleanup for Next Mark 10.652ms
[2020-12-09T14:27:33.627-0500][gc            ] GC(26) Concurrent Cycle 91.967ms
[2020-12-09T14:27:33.929-0500][gc,heap       ] GC(27) Heap before GC invocations=27 (full 0): garbage-first heap   total 64512K, used 32855K [0x0000000083000000, 0x0000000100000000)
[2020-12-09T14:27:33.929-0500][gc,heap       ] GC(27)   region size 1024K, 14 young (14336K), 2 survivors (2048K)
[2020-12-09T14:27:33.929-0500][gc,heap       ] GC(27)  Metaspace       used 22228K, capacity 23451K, committed 23680K, reserved 1071104K
[2020-12-09T14:27:33.929-0500][gc,heap       ] GC(27)   class space    used 2413K, capacity 2910K, committed 2944K, reserved 1048576K
[2020-12-09T14:27:33.929-0500][gc,start      ] GC(27) Pause Young (Concurrent Start) (G1 Humongous Allocation)
[2020-12-09T14:27:33.929-0500][gc,task       ] GC(27) Using 8 workers of 8 for evacuation
[2020-12-09T14:27:33.944-0500][gc,phases     ] GC(27)   Pre Evacuate Collection Set: 0.2ms
[2020-12-09T14:27:33.944-0500][gc,phases     ] GC(27)   Evacuate Collection Set: 7.2ms
[2020-12-09T14:27:33.944-0500][gc,phases     ] GC(27)   Post Evacuate Collection Set: 7.6ms
[2020-12-09T14:27:33.944-0500][gc,phases     ] GC(27)   Other: 0.3ms
[2020-12-09T14:27:33.945-0500][gc,heap       ] GC(27) Eden regions: 12->0(21)
[2020-12-09T14:27:33.945-0500][gc,heap       ] GC(27) Survivor regions: 2->3(3)
[2020-12-09T14:27:33.945-0500][gc,heap       ] GC(27) Old regions: 17->17
[2020-12-09T14:27:33.945-0500][gc,heap       ] GC(27) Humongous regions: 4->4
[2020-12-09T14:27:33.945-0500][gc,metaspace  ] GC(27) Metaspace: 22228K->22228K(1071104K)
[2020-12-09T14:27:33.945-0500][gc,heap       ] GC(27) Heap after GC invocations=28 (full 0): garbage-first heap   total 64512K, used 22558K [0x0000000083000000, 0x0000000100000000)
[2020-12-09T14:27:33.945-0500][gc,heap       ] GC(27)   region size 1024K, 3 young (3072K), 3 survivors (3072K)
[2020-12-09T14:27:33.945-0500][gc,heap       ] GC(27)  Metaspace       used 22228K, capacity 23451K, committed 23680K, reserved 1071104K
[2020-12-09T14:27:33.945-0500][gc,heap       ] GC(27)   class space    used 2413K, capacity 2910K, committed 2944K, reserved 1048576K
[2020-12-09T14:27:33.945-0500][gc            ] GC(27) Pause Young (Concurrent Start) (G1 Humongous Allocation) 32M->22M(63M) 15.542ms
[2020-12-09T14:27:33.945-0500][gc,cpu        ] GC(27) User=0.06s Sys=0.01s Real=0.01s
[2020-12-09T14:27:33.945-0500][gc            ] GC(28) Concurrent Cycle
[2020-12-09T14:27:33.945-0500][gc,marking    ] GC(28) Concurrent Clear Claimed Marks
[2020-12-09T14:27:33.945-0500][gc,marking    ] GC(28) Concurrent Clear Claimed Marks 0.151ms
[2020-12-09T14:27:33.945-0500][gc,marking    ] GC(28) Concurrent Scan Root Regions
[2020-12-09T14:27:33.949-0500][gc,marking    ] GC(28) Concurrent Scan Root Regions 4.399ms
[2020-12-09T14:27:33.950-0500][gc,marking    ] GC(28) Concurrent Mark (5.821s)
[2020-12-09T14:27:33.950-0500][gc,marking    ] GC(28) Concurrent Mark From Roots
[2020-12-09T14:27:33.950-0500][gc,task       ] GC(28) Using 2 workers of 2 for marking
[2020-12-09T14:27:33.974-0500][gc,marking    ] GC(28) Concurrent Mark From Roots 24.202ms
[2020-12-09T14:27:33.974-0500][gc,marking    ] GC(28) Concurrent Preclean
[2020-12-09T14:27:33.974-0500][gc,marking    ] GC(28) Concurrent Preclean 0.319ms
[2020-12-09T14:27:33.976-0500][gc,marking    ] GC(28) Concurrent Mark (5.821s, 5.846s) 25.331ms
[2020-12-09T14:27:33.983-0500][gc,start      ] GC(28) Pause Remark
[2020-12-09T14:27:33.989-0500][gc,stringtable] GC(28) Cleaned string and symbol table, strings: 11021 processed, 1 removed, symbols: 62716 processed, 9 removed
[2020-12-09T14:27:33.990-0500][gc            ] GC(28) Pause Remark 30M->30M(63M) 6.227ms
[2020-12-09T14:27:33.990-0500][gc,cpu        ] GC(28) User=0.03s Sys=0.00s Real=0.01s
[2020-12-09T14:27:33.990-0500][gc,marking    ] GC(28) Concurrent Rebuild Remembered Sets
[2020-12-09T14:27:34.061-0500][gc,marking    ] GC(28) Concurrent Rebuild Remembered Sets 70.795ms
[2020-12-09T14:27:34.061-0500][gc,start      ] GC(28) Pause Cleanup
[2020-12-09T14:27:34.061-0500][gc            ] GC(28) Pause Cleanup 37M->37M(63M) 0.194ms
[2020-12-09T14:27:34.061-0500][gc,cpu        ] GC(28) User=0.00s Sys=0.00s Real=0.00s
[2020-12-09T14:27:34.062-0500][gc,marking    ] GC(28) Concurrent Cleanup for Next Mark
[2020-12-09T14:27:34.077-0500][gc,marking    ] GC(28) Concurrent Cleanup for Next Mark 15.289ms
[2020-12-09T14:27:34.077-0500][gc            ] GC(28) Concurrent Cycle 132.134ms
[2020-12-09T14:27:34.127-0500][gc,heap       ] GC(29) Heap before GC invocations=29 (full 0): garbage-first heap   total 64512K, used 39966K [0x0000000083000000, 0x0000000100000000)
[2020-12-09T14:27:34.127-0500][gc,heap       ] GC(29)   region size 1024K, 10 young (10240K), 3 survivors (3072K)
[2020-12-09T14:27:34.127-0500][gc,heap       ] GC(29)  Metaspace       used 22354K, capacity 23609K, committed 23936K, reserved 1071104K
[2020-12-09T14:27:34.127-0500][gc,heap       ] GC(29)   class space    used 2420K, capacity 2915K, committed 2944K, reserved 1048576K
[2020-12-09T14:27:34.127-0500][gc,start      ] GC(29) Pause Young (Concurrent Start) (G1 Humongous Allocation)
[2020-12-09T14:27:34.127-0500][gc,task       ] GC(29) Using 8 workers of 8 for evacuation
[2020-12-09T14:27:34.138-0500][gc,phases     ] GC(29)   Pre Evacuate Collection Set: 0.1ms
[2020-12-09T14:27:34.138-0500][gc,phases     ] GC(29)   Evacuate Collection Set: 6.0ms
[2020-12-09T14:27:34.138-0500][gc,phases     ] GC(29)   Post Evacuate Collection Set: 4.8ms
[2020-12-09T14:27:34.138-0500][gc,phases     ] GC(29)   Other: 0.2ms
[2020-12-09T14:27:34.138-0500][gc,heap       ] GC(29) Eden regions: 7->0(17)
[2020-12-09T14:27:34.138-0500][gc,heap       ] GC(29) Survivor regions: 3->2(3)
[2020-12-09T14:27:34.138-0500][gc,heap       ] GC(29) Old regions: 17->19
[2020-12-09T14:27:34.138-0500][gc,heap       ] GC(29) Humongous regions: 15->9
[2020-12-09T14:27:34.138-0500][gc,metaspace  ] GC(29) Metaspace: 22354K->22354K(1071104K)
[2020-12-09T14:27:34.138-0500][gc,heap       ] GC(29) Heap after GC invocations=30 (full 0): garbage-first heap   total 64512K, used 28220K [0x0000000083000000, 0x0000000100000000)
[2020-12-09T14:27:34.138-0500][gc,heap       ] GC(29)   region size 1024K, 2 young (2048K), 2 survivors (2048K)
[2020-12-09T14:27:34.138-0500][gc,heap       ] GC(29)  Metaspace       used 22354K, capacity 23609K, committed 23936K, reserved 1071104K
[2020-12-09T14:27:34.138-0500][gc,heap       ] GC(29)   class space    used 2420K, capacity 2915K, committed 2944K, reserved 1048576K
[2020-12-09T14:27:34.138-0500][gc            ] GC(29) Pause Young (Concurrent Start) (G1 Humongous Allocation) 39M->27M(63M) 11.143ms
[2020-12-09T14:27:34.138-0500][gc,cpu        ] GC(29) User=0.05s Sys=0.01s Real=0.01s
[2020-12-09T14:27:34.139-0500][gc            ] GC(30) Concurrent Cycle
[2020-12-09T14:27:34.139-0500][gc,marking    ] GC(30) Concurrent Clear Claimed Marks
[2020-12-09T14:27:34.139-0500][gc,marking    ] GC(30) Concurrent Clear Claimed Marks 0.144ms
[2020-12-09T14:27:34.140-0500][gc,marking    ] GC(30) Concurrent Scan Root Regions
[2020-12-09T14:27:34.142-0500][gc,marking    ] GC(30) Concurrent Scan Root Regions 1.964ms
[2020-12-09T14:27:34.142-0500][gc,marking    ] GC(30) Concurrent Mark (6.013s)
[2020-12-09T14:27:34.142-0500][gc,marking    ] GC(30) Concurrent Mark From Roots
[2020-12-09T14:27:34.142-0500][gc,task       ] GC(30) Using 2 workers of 2 for marking
[2020-12-09T14:27:34.188-0500][gc,marking    ] GC(30) Concurrent Mark From Roots 46.117ms
[2020-12-09T14:27:34.188-0500][gc,marking    ] GC(30) Concurrent Preclean
[2020-12-09T14:27:34.188-0500][gc,marking    ] GC(30) Concurrent Preclean 0.275ms
[2020-12-09T14:27:34.188-0500][gc,marking    ] GC(30) Concurrent Mark (6.013s, 6.059s) 46.466ms
[2020-12-09T14:27:34.190-0500][gc,start      ] GC(30) Pause Remark
[2020-12-09T14:27:34.195-0500][gc,stringtable] GC(30) Cleaned string and symbol table, strings: 11142 processed, 21 removed, symbols: 62907 processed, 2 removed
[2020-12-09T14:27:34.196-0500][gc            ] GC(30) Pause Remark 48M->48M(63M) 6.206ms
[2020-12-09T14:27:34.196-0500][gc,cpu        ] GC(30) User=0.02s Sys=0.01s Real=0.00s
[2020-12-09T14:27:34.200-0500][gc,marking    ] GC(30) Concurrent Rebuild Remembered Sets
[2020-12-09T14:27:34.211-0500][gc,marking    ] GC(30) Concurrent Rebuild Remembered Sets 10.929ms
[2020-12-09T14:27:34.212-0500][gc,start      ] GC(30) Pause Cleanup
[2020-12-09T14:27:34.212-0500][gc            ] GC(30) Pause Cleanup 48M->48M(63M) 0.252ms
[2020-12-09T14:27:34.212-0500][gc,cpu        ] GC(30) User=0.00s Sys=0.00s Real=0.00s
[2020-12-09T14:27:34.212-0500][gc,marking    ] GC(30) Concurrent Cleanup for Next Mark
[2020-12-09T14:27:34.212-0500][gc,marking    ] GC(30) Concurrent Cleanup for Next Mark 0.135ms
[2020-12-09T14:27:34.212-0500][gc            ] GC(30) Concurrent Cycle 72.841ms
[2020-12-09T14:27:34.278-0500][gc,heap       ] GC(31) Heap before GC invocations=31 (full 0): garbage-first heap   total 64512K, used 50748K [0x0000000083000000, 0x0000000100000000)
[2020-12-09T14:27:34.278-0500][gc,heap       ] GC(31)   region size 1024K, 16 young (16384K), 2 survivors (2048K)
[2020-12-09T14:27:34.278-0500][gc,heap       ] GC(31)  Metaspace       used 22645K, capacity 23959K, committed 24320K, reserved 1071104K
[2020-12-09T14:27:34.278-0500][gc,heap       ] GC(31)   class space    used 2455K, capacity 2985K, committed 3072K, reserved 1048576K
[2020-12-09T14:27:34.278-0500][gc,start      ] GC(31) Pause Young (Concurrent Start) (GCLocker Initiated GC)
[2020-12-09T14:27:34.278-0500][gc,task       ] GC(31) Using 8 workers of 8 for evacuation
[2020-12-09T14:27:34.292-0500][gc,phases     ] GC(31)   Pre Evacuate Collection Set: 0.1ms
[2020-12-09T14:27:34.292-0500][gc,phases     ] GC(31)   Evacuate Collection Set: 12.9ms
[2020-12-09T14:27:34.292-0500][gc,phases     ] GC(31)   Post Evacuate Collection Set: 0.5ms
[2020-12-09T14:27:34.292-0500][gc,phases     ] GC(31)   Other: 0.4ms
[2020-12-09T14:27:34.292-0500][gc,heap       ] GC(31) Eden regions: 14->0(13)
[2020-12-09T14:27:34.292-0500][gc,heap       ] GC(31) Survivor regions: 2->3(3)
[2020-12-09T14:27:34.292-0500][gc,heap       ] GC(31) Old regions: 19->20
[2020-12-09T14:27:34.292-0500][gc,heap       ] GC(31) Humongous regions: 19->13
[2020-12-09T14:27:34.292-0500][gc,metaspace  ] GC(31) Metaspace: 22645K->22645K(1071104K)
[2020-12-09T14:27:34.292-0500][gc,heap       ] GC(31) Heap after GC invocations=32 (full 0): garbage-first heap   total 64512K, used 34519K [0x0000000083000000, 0x0000000100000000)
[2020-12-09T14:27:34.292-0500][gc,heap       ] GC(31)   region size 1024K, 3 young (3072K), 3 survivors (3072K)
[2020-12-09T14:27:34.292-0500][gc,heap       ] GC(31)  Metaspace       used 22645K, capacity 23959K, committed 24320K, reserved 1071104K
[2020-12-09T14:27:34.292-0500][gc,heap       ] GC(31)   class space    used 2455K, capacity 2985K, committed 3072K, reserved 1048576K
[2020-12-09T14:27:34.292-0500][gc            ] GC(31) Pause Young (Concurrent Start) (GCLocker Initiated GC) 51M->33M(63M) 13.938ms
[2020-12-09T14:27:34.292-0500][gc,cpu        ] GC(31) User=0.04s Sys=0.00s Real=0.01s
[2020-12-09T14:27:34.292-0500][gc            ] GC(32) Concurrent Cycle
[2020-12-09T14:27:34.292-0500][gc,marking    ] GC(32) Concurrent Clear Claimed Marks
[2020-12-09T14:27:34.292-0500][gc,marking    ] GC(32) Concurrent Clear Claimed Marks 0.096ms
[2020-12-09T14:27:34.292-0500][gc,marking    ] GC(32) Concurrent Scan Root Regions
[2020-12-09T14:27:34.294-0500][gc,marking    ] GC(32) Concurrent Scan Root Regions 1.644ms
[2020-12-09T14:27:34.294-0500][gc,marking    ] GC(32) Concurrent Mark (6.165s)
[2020-12-09T14:27:34.294-0500][gc,marking    ] GC(32) Concurrent Mark From Roots
[2020-12-09T14:27:34.294-0500][gc,task       ] GC(32) Using 2 workers of 2 for marking
[2020-12-09T14:27:34.326-0500][gc,marking    ] GC(32) Concurrent Mark From Roots 32.228ms
[2020-12-09T14:27:34.326-0500][gc,marking    ] GC(32) Concurrent Preclean
[2020-12-09T14:27:34.326-0500][gc,marking    ] GC(32) Concurrent Preclean 0.171ms
[2020-12-09T14:27:34.326-0500][gc,marking    ] GC(32) Concurrent Mark (6.165s, 6.197s) 32.482ms
[2020-12-09T14:27:34.457-0500][gc,start      ] GC(32) Pause Remark
[2020-12-09T14:27:34.460-0500][gc,stringtable] GC(32) Cleaned string and symbol table, strings: 11295 processed, 0 removed, symbols: 64067 processed, 7 removed
[2020-12-09T14:27:34.460-0500][gc            ] GC(32) Pause Remark 52M->52M(80M) 3.592ms
[2020-12-09T14:27:34.460-0500][gc,cpu        ] GC(32) User=0.01s Sys=0.00s Real=0.00s
[2020-12-09T14:27:34.460-0500][gc,marking    ] GC(32) Concurrent Rebuild Remembered Sets
[2020-12-09T14:27:34.471-0500][gc,marking    ] GC(32) Concurrent Rebuild Remembered Sets 10.619ms
[2020-12-09T14:27:34.472-0500][gc,start      ] GC(32) Pause Cleanup
[2020-12-09T14:27:34.473-0500][gc            ] GC(32) Pause Cleanup 52M->52M(80M) 0.713ms
[2020-12-09T14:27:34.473-0500][gc,cpu        ] GC(32) User=0.00s Sys=0.00s Real=0.00s
[2020-12-09T14:27:34.473-0500][gc,marking    ] GC(32) Concurrent Cleanup for Next Mark
[2020-12-09T14:27:34.475-0500][gc,marking    ] GC(32) Concurrent Cleanup for Next Mark 2.519ms
[2020-12-09T14:27:34.475-0500][gc            ] GC(32) Concurrent Cycle 183.449ms
[2020-12-09T14:27:34.478-0500][gc,heap       ] GC(33) Heap before GC invocations=33 (full 0): garbage-first heap   total 81920K, used 52951K [0x0000000083000000, 0x0000000100000000)
[2020-12-09T14:27:34.478-0500][gc,heap       ] GC(33)   region size 1024K, 5 young (5120K), 3 survivors (3072K)
[2020-12-09T14:27:34.478-0500][gc,heap       ] GC(33)  Metaspace       used 22837K, capacity 24099K, committed 24320K, reserved 1071104K
[2020-12-09T14:27:34.478-0500][gc,heap       ] GC(33)   class space    used 2487K, capacity 2987K, committed 3072K, reserved 1048576K
[2020-12-09T14:27:34.478-0500][gc,start      ] GC(33) Pause Young (Concurrent Start) (G1 Humongous Allocation)
[2020-12-09T14:27:34.478-0500][gc,task       ] GC(33) Using 8 workers of 8 for evacuation
[2020-12-09T14:27:34.484-0500][gc,phases     ] GC(33)   Pre Evacuate Collection Set: 0.1ms
[2020-12-09T14:27:34.485-0500][gc,phases     ] GC(33)   Evacuate Collection Set: 5.1ms
[2020-12-09T14:27:34.485-0500][gc,phases     ] GC(33)   Post Evacuate Collection Set: 1.3ms
[2020-12-09T14:27:34.485-0500][gc,phases     ] GC(33)   Other: 0.2ms
[2020-12-09T14:27:34.485-0500][gc,heap       ] GC(33) Eden regions: 2->0(27)
[2020-12-09T14:27:34.485-0500][gc,heap       ] GC(33) Survivor regions: 3->1(2)
[2020-12-09T14:27:34.485-0500][gc,heap       ] GC(33) Old regions: 20->23
[2020-12-09T14:27:34.485-0500][gc,heap       ] GC(33) Humongous regions: 30->21
[2020-12-09T14:27:34.485-0500][gc,metaspace  ] GC(33) Metaspace: 22837K->22837K(1071104K)
[2020-12-09T14:27:34.485-0500][gc,heap       ] GC(33) Heap after GC invocations=34 (full 0): garbage-first heap   total 122880K, used 43237K [0x0000000083000000, 0x0000000100000000)
[2020-12-09T14:27:34.485-0500][gc,heap       ] GC(33)   region size 1024K, 1 young (1024K), 1 survivors (1024K)
[2020-12-09T14:27:34.485-0500][gc,heap       ] GC(33)  Metaspace       used 22837K, capacity 24099K, committed 24320K, reserved 1071104K
[2020-12-09T14:27:34.485-0500][gc,heap       ] GC(33)   class space    used 2487K, capacity 2987K, committed 3072K, reserved 1048576K
[2020-12-09T14:27:34.485-0500][gc            ] GC(33) Pause Young (Concurrent Start) (G1 Humongous Allocation) 52M->42M(120M) 6.815ms
[2020-12-09T14:27:34.485-0500][gc,cpu        ] GC(33) User=0.02s Sys=0.00s Real=0.00s
[2020-12-09T14:27:34.485-0500][gc            ] GC(34) Concurrent Cycle
[2020-12-09T14:27:34.485-0500][gc,marking    ] GC(34) Concurrent Clear Claimed Marks
[2020-12-09T14:27:34.485-0500][gc,marking    ] GC(34) Concurrent Clear Claimed Marks 0.186ms
[2020-12-09T14:27:34.485-0500][gc,marking    ] GC(34) Concurrent Scan Root Regions
[2020-12-09T14:27:34.486-0500][gc,marking    ] GC(34) Concurrent Scan Root Regions 0.676ms
[2020-12-09T14:27:34.486-0500][gc,marking    ] GC(34) Concurrent Mark (6.357s)
[2020-12-09T14:27:34.486-0500][gc,marking    ] GC(34) Concurrent Mark From Roots
[2020-12-09T14:27:34.486-0500][gc,task       ] GC(34) Using 2 workers of 2 for marking
[2020-12-09T14:27:34.509-0500][gc,marking    ] GC(34) Concurrent Mark From Roots 23.078ms
[2020-12-09T14:27:34.509-0500][gc,marking    ] GC(34) Concurrent Preclean
[2020-12-09T14:27:34.509-0500][gc,marking    ] GC(34) Concurrent Preclean 0.151ms
[2020-12-09T14:27:34.509-0500][gc,marking    ] GC(34) Concurrent Mark (6.357s, 6.380s) 23.301ms
[2020-12-09T14:27:34.535-0500][gc,start      ] GC(34) Pause Remark
[2020-12-09T14:27:34.539-0500][gc,stringtable] GC(34) Cleaned string and symbol table, strings: 11364 processed, 0 removed, symbols: 64194 processed, 2 removed
[2020-12-09T14:27:34.539-0500][gc            ] GC(34) Pause Remark 51M->51M(120M) 3.848ms
[2020-12-09T14:27:34.539-0500][gc,cpu        ] GC(34) User=0.01s Sys=0.01s Real=0.01s
[2020-12-09T14:27:34.540-0500][gc,marking    ] GC(34) Concurrent Rebuild Remembered Sets
[2020-12-09T14:27:34.624-0500][gc,marking    ] GC(34) Concurrent Rebuild Remembered Sets 84.302ms
[2020-12-09T14:27:34.642-0500][gc,start      ] GC(34) Pause Cleanup
[2020-12-09T14:27:34.642-0500][gc            ] GC(34) Pause Cleanup 79M->79M(120M) 0.267ms
[2020-12-09T14:27:34.642-0500][gc,cpu        ] GC(34) User=0.00s Sys=0.00s Real=0.00s
[2020-12-09T14:27:34.642-0500][gc,marking    ] GC(34) Concurrent Cleanup for Next Mark
[2020-12-09T14:27:34.671-0500][gc,marking    ] GC(34) Concurrent Cleanup for Next Mark 28.452ms
[2020-12-09T14:27:34.671-0500][gc            ] GC(34) Concurrent Cycle 186.005ms
[2020-12-09T14:27:35.155-0500][gc,heap       ] GC(35) Heap before GC invocations=35 (full 0): garbage-first heap   total 122880K, used 106725K [0x0000000083000000, 0x0000000100000000)
[2020-12-09T14:27:35.155-0500][gc,heap       ] GC(35)   region size 1024K, 28 young (28672K), 1 survivors (1024K)
[2020-12-09T14:27:35.155-0500][gc,heap       ] GC(35)  Metaspace       used 23740K, capacity 25186K, committed 25472K, reserved 1071104K
[2020-12-09T14:27:35.155-0500][gc,heap       ] GC(35)   class space    used 2619K, capacity 3158K, committed 3200K, reserved 1048576K
[2020-12-09T14:27:35.155-0500][gc,start      ] GC(35) Pause Young (Normal) (G1 Evacuation Pause)
[2020-12-09T14:27:35.155-0500][gc,task       ] GC(35) Using 8 workers of 8 for evacuation
[2020-12-09T14:27:35.176-0500][gc,phases     ] GC(35)   Pre Evacuate Collection Set: 0.0ms
[2020-12-09T14:27:35.176-0500][gc,phases     ] GC(35)   Evacuate Collection Set: 20.2ms
[2020-12-09T14:27:35.176-0500][gc,phases     ] GC(35)   Post Evacuate Collection Set: 1.0ms
[2020-12-09T14:27:35.176-0500][gc,phases     ] GC(35)   Other: 0.2ms
[2020-12-09T14:27:35.176-0500][gc,heap       ] GC(35) Eden regions: 27->0(25)
[2020-12-09T14:27:35.176-0500][gc,heap       ] GC(35) Survivor regions: 1->4(4)
[2020-12-09T14:27:35.176-0500][gc,heap       ] GC(35) Old regions: 23->28
[2020-12-09T14:27:35.176-0500][gc,heap       ] GC(35) Humongous regions: 57->22
[2020-12-09T14:27:35.176-0500][gc,metaspace  ] GC(35) Metaspace: 23740K->23740K(1071104K)
[2020-12-09T14:27:35.176-0500][gc,heap       ] GC(35) Heap after GC invocations=36 (full 0): garbage-first heap   total 122880K, used 52983K [0x0000000083000000, 0x0000000100000000)
[2020-12-09T14:27:35.176-0500][gc,heap       ] GC(35)   region size 1024K, 4 young (4096K), 4 survivors (4096K)
[2020-12-09T14:27:35.176-0500][gc,heap       ] GC(35)  Metaspace       used 23740K, capacity 25186K, committed 25472K, reserved 1071104K
[2020-12-09T14:27:35.176-0500][gc,heap       ] GC(35)   class space    used 2619K, capacity 3158K, committed 3200K, reserved 1048576K
[2020-12-09T14:27:35.176-0500][gc            ] GC(35) Pause Young (Normal) (G1 Evacuation Pause) 105M->51M(120M) 21.543ms
[2020-12-09T14:27:35.176-0500][gc,cpu        ] GC(35) User=0.10s Sys=0.00s Real=0.03s
[2020-12-09T14:27:35.287-0500][gc,heap       ] GC(36) Heap before GC invocations=36 (full 0): garbage-first heap   total 122880K, used 78583K [0x0000000083000000, 0x0000000100000000)
[2020-12-09T14:27:35.287-0500][gc,heap       ] GC(36)   region size 1024K, 29 young (29696K), 4 survivors (4096K)
[2020-12-09T14:27:35.287-0500][gc,heap       ] GC(36)  Metaspace       used 24028K, capacity 25523K, committed 25856K, reserved 1071104K
[2020-12-09T14:27:35.287-0500][gc,heap       ] GC(36)   class space    used 2666K, capacity 3224K, committed 3328K, reserved 1048576K
[2020-12-09T14:27:35.287-0500][gc,start      ] GC(36) Pause Young (Concurrent Start) (G1 Evacuation Pause)
[2020-12-09T14:27:35.287-0500][gc,task       ] GC(36) Using 8 workers of 8 for evacuation
[2020-12-09T14:27:35.309-0500][gc,phases     ] GC(36)   Pre Evacuate Collection Set: 0.1ms
[2020-12-09T14:27:35.309-0500][gc,phases     ] GC(36)   Evacuate Collection Set: 11.0ms
[2020-12-09T14:27:35.309-0500][gc,phases     ] GC(36)   Post Evacuate Collection Set: 10.8ms
[2020-12-09T14:27:35.309-0500][gc,phases     ] GC(36)   Other: 0.3ms
[2020-12-09T14:27:35.309-0500][gc,heap       ] GC(36) Eden regions: 25->0(22)
[2020-12-09T14:27:35.309-0500][gc,heap       ] GC(36) Survivor regions: 4->4(4)
[2020-12-09T14:27:35.309-0500][gc,heap       ] GC(36) Old regions: 28->36
[2020-12-09T14:27:35.309-0500][gc,heap       ] GC(36) Humongous regions: 22->22
[2020-12-09T14:27:35.309-0500][gc,metaspace  ] GC(36) Metaspace: 24028K->24028K(1071104K)
[2020-12-09T14:27:35.309-0500][gc,heap       ] GC(36) Heap after GC invocations=37 (full 0): garbage-first heap   total 122880K, used 61440K [0x0000000083000000, 0x0000000100000000)
[2020-12-09T14:27:35.310-0500][gc,heap       ] GC(36)   region size 1024K, 4 young (4096K), 4 survivors (4096K)
[2020-12-09T14:27:35.310-0500][gc,heap       ] GC(36)  Metaspace       used 24028K, capacity 25523K, committed 25856K, reserved 1071104K
[2020-12-09T14:27:35.310-0500][gc,heap       ] GC(36)   class space    used 2666K, capacity 3224K, committed 3328K, reserved 1048576K
[2020-12-09T14:27:35.310-0500][gc            ] GC(36) Pause Young (Concurrent Start) (G1 Evacuation Pause) 76M->60M(120M) 22.450ms
[2020-12-09T14:27:35.310-0500][gc,cpu        ] GC(36) User=0.10s Sys=0.02s Real=0.02s
[2020-12-09T14:27:35.310-0500][gc            ] GC(37) Concurrent Cycle
[2020-12-09T14:27:35.310-0500][gc,marking    ] GC(37) Concurrent Clear Claimed Marks
[2020-12-09T14:27:35.310-0500][gc,marking    ] GC(37) Concurrent Clear Claimed Marks 0.607ms
[2020-12-09T14:27:35.311-0500][gc,marking    ] GC(37) Concurrent Scan Root Regions
[2020-12-09T14:27:35.313-0500][gc,marking    ] GC(37) Concurrent Scan Root Regions 2.454ms
[2020-12-09T14:27:35.313-0500][gc,marking    ] GC(37) Concurrent Mark (7.184s)
[2020-12-09T14:27:35.313-0500][gc,marking    ] GC(37) Concurrent Mark From Roots
[2020-12-09T14:27:35.313-0500][gc,task       ] GC(37) Using 2 workers of 2 for marking
[2020-12-09T14:27:35.369-0500][gc,marking    ] GC(37) Concurrent Mark From Roots 56.171ms
[2020-12-09T14:27:35.369-0500][gc,marking    ] GC(37) Concurrent Preclean
[2020-12-09T14:27:35.369-0500][gc,marking    ] GC(37) Concurrent Preclean 0.180ms
[2020-12-09T14:27:35.369-0500][gc,marking    ] GC(37) Concurrent Mark (7.184s, 7.241s) 56.430ms
[2020-12-09T14:27:35.370-0500][gc,start      ] GC(37) Pause Remark
[2020-12-09T14:27:35.376-0500][gc,stringtable] GC(37) Cleaned string and symbol table, strings: 11871 processed, 3 removed, symbols: 66416 processed, 4 removed
[2020-12-09T14:27:35.377-0500][gc            ] GC(37) Pause Remark 78M->78M(120M) 6.678ms
[2020-12-09T14:27:35.377-0500][gc,cpu        ] GC(37) User=0.04s Sys=0.00s Real=0.01s
[2020-12-09T14:27:35.377-0500][gc,marking    ] GC(37) Concurrent Rebuild Remembered Sets
[2020-12-09T14:27:35.407-0500][gc,heap       ] GC(38) Heap before GC invocations=37 (full 0): garbage-first heap   total 122880K, used 83968K [0x0000000083000000, 0x0000000100000000)
[2020-12-09T14:27:35.407-0500][gc,heap       ] GC(38)   region size 1024K, 26 young (26624K), 4 survivors (4096K)
[2020-12-09T14:27:35.407-0500][gc,heap       ] GC(38)  Metaspace       used 24165K, capacity 25619K, committed 25856K, reserved 1071104K
[2020-12-09T14:27:35.407-0500][gc,heap       ] GC(38)   class space    used 2677K, capacity 3254K, committed 3328K, reserved 1048576K
[2020-12-09T14:27:35.407-0500][gc,start      ] GC(38) Pause Young (Normal) (G1 Evacuation Pause)
[2020-12-09T14:27:35.407-0500][gc,task       ] GC(38) Using 8 workers of 8 for evacuation
[2020-12-09T14:27:35.421-0500][gc,phases     ] GC(38)   Pre Evacuate Collection Set: 0.1ms
[2020-12-09T14:27:35.421-0500][gc,phases     ] GC(38)   Evacuate Collection Set: 7.3ms
[2020-12-09T14:27:35.421-0500][gc,phases     ] GC(38)   Post Evacuate Collection Set: 6.4ms
[2020-12-09T14:27:35.421-0500][gc,phases     ] GC(38)   Other: 0.3ms
[2020-12-09T14:27:35.421-0500][gc,heap       ] GC(38) Eden regions: 22->0(18)
[2020-12-09T14:27:35.421-0500][gc,heap       ] GC(38) Survivor regions: 4->4(4)
[2020-12-09T14:27:35.421-0500][gc,heap       ] GC(38) Old regions: 36->43
[2020-12-09T14:27:35.421-0500][gc,heap       ] GC(38) Humongous regions: 23->23
[2020-12-09T14:27:35.421-0500][gc,metaspace  ] GC(38) Metaspace: 24165K->24165K(1071104K)
[2020-12-09T14:27:35.421-0500][gc,heap       ] GC(38) Heap after GC invocations=38 (full 0): garbage-first heap   total 122880K, used 70340K [0x0000000083000000, 0x0000000100000000)
[2020-12-09T14:27:35.421-0500][gc,heap       ] GC(38)   region size 1024K, 4 young (4096K), 4 survivors (4096K)
[2020-12-09T14:27:35.421-0500][gc,heap       ] GC(38)  Metaspace       used 24165K, capacity 25619K, committed 25856K, reserved 1071104K
[2020-12-09T14:27:35.421-0500][gc,heap       ] GC(38)   class space    used 2677K, capacity 3254K, committed 3328K, reserved 1048576K
[2020-12-09T14:27:35.422-0500][gc            ] GC(38) Pause Young (Normal) (G1 Evacuation Pause) 83M->68M(120M) 14.215ms
[2020-12-09T14:27:35.422-0500][gc,cpu        ] GC(38) User=0.08s Sys=0.01s Real=0.01s
[2020-12-09T14:27:35.439-0500][gc,marking    ] GC(37) Concurrent Rebuild Remembered Sets 61.769ms
[2020-12-09T14:27:35.439-0500][gc,start      ] GC(37) Pause Cleanup
[2020-12-09T14:27:35.440-0500][gc            ] GC(37) Pause Cleanup 72M->72M(120M) 0.352ms
[2020-12-09T14:27:35.440-0500][gc,cpu        ] GC(37) User=0.00s Sys=0.00s Real=0.00s
[2020-12-09T14:27:35.440-0500][gc,marking    ] GC(37) Concurrent Cleanup for Next Mark
[2020-12-09T14:27:35.442-0500][gc,marking    ] GC(37) Concurrent Cleanup for Next Mark 2.585ms
[2020-12-09T14:27:35.442-0500][gc            ] GC(37) Concurrent Cycle 132.614ms
[2020-12-09T14:27:35.505-0500][gc,heap       ] GC(39) Heap before GC invocations=39 (full 0): garbage-first heap   total 122880K, used 88772K [0x0000000083000000, 0x0000000100000000)
[2020-12-09T14:27:35.505-0500][gc,heap       ] GC(39)   region size 1024K, 22 young (22528K), 4 survivors (4096K)
[2020-12-09T14:27:35.505-0500][gc,heap       ] GC(39)  Metaspace       used 24259K, capacity 25747K, committed 25856K, reserved 1071104K
[2020-12-09T14:27:35.505-0500][gc,heap       ] GC(39)   class space    used 2682K, capacity 3254K, committed 3328K, reserved 1048576K
[2020-12-09T14:27:35.505-0500][gc,start      ] GC(39) Pause Young (Normal) (G1 Evacuation Pause)
[2020-12-09T14:27:35.505-0500][gc,task       ] GC(39) Using 8 workers of 8 for evacuation
[2020-12-09T14:27:35.540-0500][gc,phases     ] GC(39)   Pre Evacuate Collection Set: 0.0ms
[2020-12-09T14:27:35.540-0500][gc,phases     ] GC(39)   Evacuate Collection Set: 26.8ms
[2020-12-09T14:27:35.540-0500][gc,phases     ] GC(39)   Post Evacuate Collection Set: 7.6ms
[2020-12-09T14:27:35.540-0500][gc,phases     ] GC(39)   Other: 0.3ms
[2020-12-09T14:27:35.540-0500][gc,heap       ] GC(39) Eden regions: 18->0(40)
[2020-12-09T14:27:35.540-0500][gc,heap       ] GC(39) Survivor regions: 4->3(3)
[2020-12-09T14:27:35.540-0500][gc,heap       ] GC(39) Old regions: 43->52
[2020-12-09T14:27:35.540-0500][gc,heap       ] GC(39) Humongous regions: 23->23
[2020-12-09T14:27:35.540-0500][gc,metaspace  ] GC(39) Metaspace: 24259K->24259K(1071104K)
[2020-12-09T14:27:35.540-0500][gc,heap       ] GC(39) Heap after GC invocations=40 (full 0): garbage-first heap   total 202752K, used 77863K [0x0000000083000000, 0x0000000100000000)
[2020-12-09T14:27:35.540-0500][gc,heap       ] GC(39)   region size 1024K, 3 young (3072K), 3 survivors (3072K)
[2020-12-09T14:27:35.540-0500][gc,heap       ] GC(39)  Metaspace       used 24259K, capacity 25747K, committed 25856K, reserved 1071104K
[2020-12-09T14:27:35.540-0500][gc,heap       ] GC(39)   class space    used 2682K, capacity 3254K, committed 3328K, reserved 1048576K
[2020-12-09T14:27:35.540-0500][gc            ] GC(39) Pause Young (Normal) (G1 Evacuation Pause) 86M->76M(198M) 34.697ms
[2020-12-09T14:27:35.540-0500][gc,cpu        ] GC(39) User=0.16s Sys=0.02s Real=0.04s
[2020-12-09T14:27:36.099-0500][gc,heap       ] GC(40) Heap before GC invocations=40 (full 0): garbage-first heap   total 202752K, used 98343K [0x0000000083000000, 0x0000000100000000)
[2020-12-09T14:27:36.099-0500][gc,heap       ] GC(40)   region size 1024K, 25 young (25600K), 3 survivors (3072K)
[2020-12-09T14:27:36.099-0500][gc,heap       ] GC(40)  Metaspace       used 24950K, capacity 26429K, committed 26624K, reserved 1073152K
[2020-12-09T14:27:36.099-0500][gc,heap       ] GC(40)   class space    used 2762K, capacity 3325K, committed 3328K, reserved 1048576K
[2020-12-09T14:27:36.099-0500][gc,start      ] GC(40) Pause Young (Concurrent Start) (G1 Humongous Allocation)
[2020-12-09T14:27:36.099-0500][gc,task       ] GC(40) Using 8 workers of 8 for evacuation
[2020-12-09T14:27:36.321-0500][gc,mmu        ] GC(40) MMU target violated: 201.0ms (200.0ms/201.0ms)
[2020-12-09T14:27:36.321-0500][gc,phases     ] GC(40)   Pre Evacuate Collection Set: 0.2ms
[2020-12-09T14:27:36.321-0500][gc,phases     ] GC(40)   Evacuate Collection Set: 212.7ms
[2020-12-09T14:27:36.321-0500][gc,phases     ] GC(40)   Post Evacuate Collection Set: 9.0ms
[2020-12-09T14:27:36.321-0500][gc,phases     ] GC(40)   Other: 0.4ms
[2020-12-09T14:27:36.321-0500][gc,heap       ] GC(40) Eden regions: 22->0(31)
[2020-12-09T14:27:36.321-0500][gc,heap       ] GC(40) Survivor regions: 3->6(6)
[2020-12-09T14:27:36.321-0500][gc,heap       ] GC(40) Old regions: 52->57
[2020-12-09T14:27:36.321-0500][gc,heap       ] GC(40) Humongous regions: 23->23
[2020-12-09T14:27:36.321-0500][gc,metaspace  ] GC(40) Metaspace: 24950K->24950K(1073152K)
[2020-12-09T14:27:36.321-0500][gc,heap       ] GC(40) Heap after GC invocations=41 (full 0): garbage-first heap   total 202752K, used 86599K [0x0000000083000000, 0x0000000100000000)
[2020-12-09T14:27:36.321-0500][gc,heap       ] GC(40)   region size 1024K, 6 young (6144K), 6 survivors (6144K)
[2020-12-09T14:27:36.321-0500][gc,heap       ] GC(40)  Metaspace       used 24950K, capacity 26429K, committed 26624K, reserved 1073152K
[2020-12-09T14:27:36.321-0500][gc,heap       ] GC(40)   class space    used 2762K, capacity 3325K, committed 3328K, reserved 1048576K
[2020-12-09T14:27:36.321-0500][gc            ] GC(40) Pause Young (Concurrent Start) (G1 Humongous Allocation) 97M->84M(198M) 222.300ms
[2020-12-09T14:27:36.321-0500][gc,cpu        ] GC(40) User=0.16s Sys=0.87s Real=0.22s
[2020-12-09T14:27:36.321-0500][gc            ] GC(41) Concurrent Cycle
[2020-12-09T14:27:36.321-0500][gc,marking    ] GC(41) Concurrent Clear Claimed Marks
[2020-12-09T14:27:36.321-0500][gc,marking    ] GC(41) Concurrent Clear Claimed Marks 0.138ms
[2020-12-09T14:27:36.321-0500][gc,marking    ] GC(41) Concurrent Scan Root Regions
[2020-12-09T14:27:36.331-0500][gc,marking    ] GC(41) Concurrent Scan Root Regions 9.439ms
[2020-12-09T14:27:36.331-0500][gc,marking    ] GC(41) Concurrent Mark (8.202s)
[2020-12-09T14:27:36.331-0500][gc,marking    ] GC(41) Concurrent Mark From Roots
[2020-12-09T14:27:36.331-0500][gc,task       ] GC(41) Using 2 workers of 2 for marking
[2020-12-09T14:27:36.517-0500][gc,marking    ] GC(41) Concurrent Mark From Roots 186.387ms
[2020-12-09T14:27:36.517-0500][gc,marking    ] GC(41) Concurrent Preclean
[2020-12-09T14:27:36.522-0500][gc,marking    ] GC(41) Concurrent Preclean 4.164ms
[2020-12-09T14:27:36.522-0500][gc,marking    ] GC(41) Concurrent Mark (8.202s, 8.393s) 190.677ms
[2020-12-09T14:27:36.523-0500][gc,start      ] GC(41) Pause Remark
[2020-12-09T14:27:36.531-0500][gc,stringtable] GC(41) Cleaned string and symbol table, strings: 12159 processed, 2 removed, symbols: 69960 processed, 6 removed
[2020-12-09T14:27:36.531-0500][gc            ] GC(41) Pause Remark 107M->106M(198M) 8.090ms
[2020-12-09T14:27:36.531-0500][gc,cpu        ] GC(41) User=0.03s Sys=0.00s Real=0.01s
[2020-12-09T14:27:36.531-0500][gc,marking    ] GC(41) Concurrent Rebuild Remembered Sets
[2020-12-09T14:27:36.639-0500][gc,marking    ] GC(41) Concurrent Rebuild Remembered Sets 107.344ms
[2020-12-09T14:27:36.641-0500][gc,start      ] GC(41) Pause Cleanup
[2020-12-09T14:27:36.641-0500][gc            ] GC(41) Pause Cleanup 113M->113M(198M) 0.526ms
[2020-12-09T14:27:36.641-0500][gc,cpu        ] GC(41) User=0.00s Sys=0.00s Real=0.00s
[2020-12-09T14:27:36.641-0500][gc,marking    ] GC(41) Concurrent Cleanup for Next Mark
[2020-12-09T14:27:36.646-0500][gc,marking    ] GC(41) Concurrent Cleanup for Next Mark 4.131ms
[2020-12-09T14:27:36.646-0500][gc            ] GC(41) Concurrent Cycle 324.370ms
[2020-12-09T14:27:37.192-0500][gc,heap       ] GC(42) Heap before GC invocations=42 (full 0): garbage-first heap   total 202752K, used 123463K [0x0000000083000000, 0x0000000100000000)
[2020-12-09T14:27:37.192-0500][gc,heap       ] GC(42)   region size 1024K, 37 young (37888K), 6 survivors (6144K)
[2020-12-09T14:27:37.192-0500][gc,heap       ] GC(42)  Metaspace       used 26105K, capacity 27533K, committed 27648K, reserved 1073152K
[2020-12-09T14:27:37.192-0500][gc,heap       ] GC(42)   class space    used 2908K, capacity 3516K, committed 3584K, reserved 1048576K
[2020-12-09T14:27:37.193-0500][gc,start      ] GC(42) Pause Young (Normal) (G1 Evacuation Pause)
[2020-12-09T14:27:37.193-0500][gc,task       ] GC(42) Using 8 workers of 8 for evacuation
[2020-12-09T14:27:37.219-0500][gc,phases     ] GC(42)   Pre Evacuate Collection Set: 0.0ms
[2020-12-09T14:27:37.219-0500][gc,phases     ] GC(42)   Evacuate Collection Set: 25.2ms
[2020-12-09T14:27:37.219-0500][gc,phases     ] GC(42)   Post Evacuate Collection Set: 0.6ms
[2020-12-09T14:27:37.219-0500][gc,phases     ] GC(42)   Other: 0.3ms
[2020-12-09T14:27:37.219-0500][gc,heap       ] GC(42) Eden regions: 31->0(36)
[2020-12-09T14:27:37.219-0500][gc,heap       ] GC(42) Survivor regions: 6->5(5)
[2020-12-09T14:27:37.219-0500][gc,heap       ] GC(42) Old regions: 57->64
[2020-12-09T14:27:37.219-0500][gc,heap       ] GC(42) Humongous regions: 28->28
[2020-12-09T14:27:37.219-0500][gc,metaspace  ] GC(42) Metaspace: 26105K->26105K(1073152K)
[2020-12-09T14:27:37.219-0500][gc,heap       ] GC(42) Heap after GC invocations=43 (full 0): garbage-first heap   total 202752K, used 97526K [0x0000000083000000, 0x0000000100000000)
[2020-12-09T14:27:37.219-0500][gc,heap       ] GC(42)   region size 1024K, 5 young (5120K), 5 survivors (5120K)
[2020-12-09T14:27:37.219-0500][gc,heap       ] GC(42)  Metaspace       used 26105K, capacity 27533K, committed 27648K, reserved 1073152K
[2020-12-09T14:27:37.219-0500][gc,heap       ] GC(42)   class space    used 2908K, capacity 3516K, committed 3584K, reserved 1048576K
[2020-12-09T14:27:37.219-0500][gc            ] GC(42) Pause Young (Normal) (G1 Evacuation Pause) 120M->95M(198M) 26.243ms
[2020-12-09T14:27:37.219-0500][gc,cpu        ] GC(42) User=0.13s Sys=0.01s Real=0.03s
[2020-12-09T14:27:37.340-0500][gc,heap       ] GC(43) Heap before GC invocations=43 (full 0): garbage-first heap   total 202752K, used 106742K [0x0000000083000000, 0x0000000100000000)
[2020-12-09T14:27:37.340-0500][gc,heap       ] GC(43)   region size 1024K, 16 young (16384K), 5 survivors (5120K)
[2020-12-09T14:27:37.340-0500][gc,heap       ] GC(43)  Metaspace       used 26204K, capacity 27664K, committed 27904K, reserved 1073152K
[2020-12-09T14:27:37.340-0500][gc,heap       ] GC(43)   class space    used 2916K, capacity 3517K, committed 3584K, reserved 1048576K
[2020-12-09T14:27:37.340-0500][gc,start      ] GC(43) Pause Young (Concurrent Start) (G1 Humongous Allocation)
[2020-12-09T14:27:37.340-0500][gc,task       ] GC(43) Using 8 workers of 8 for evacuation
[2020-12-09T14:27:37.392-0500][gc,phases     ] GC(43)   Pre Evacuate Collection Set: 0.1ms
[2020-12-09T14:27:37.392-0500][gc,phases     ] GC(43)   Evacuate Collection Set: 50.7ms
[2020-12-09T14:27:37.392-0500][gc,phases     ] GC(43)   Post Evacuate Collection Set: 0.9ms
[2020-12-09T14:27:37.392-0500][gc,phases     ] GC(43)   Other: 0.3ms
[2020-12-09T14:27:37.392-0500][gc,heap       ] GC(43) Eden regions: 11->0(33)
[2020-12-09T14:27:37.392-0500][gc,heap       ] GC(43) Survivor regions: 5->3(6)
[2020-12-09T14:27:37.392-0500][gc,heap       ] GC(43) Old regions: 64->69
[2020-12-09T14:27:37.392-0500][gc,heap       ] GC(43) Humongous regions: 28->28
[2020-12-09T14:27:37.392-0500][gc,metaspace  ] GC(43) Metaspace: 26204K->26204K(1073152K)
[2020-12-09T14:27:37.392-0500][gc,heap       ] GC(43) Heap after GC invocations=44 (full 0): garbage-first heap   total 202752K, used 100615K [0x0000000083000000, 0x0000000100000000)
[2020-12-09T14:27:37.392-0500][gc,heap       ] GC(43)   region size 1024K, 3 young (3072K), 3 survivors (3072K)
[2020-12-09T14:27:37.392-0500][gc,heap       ] GC(43)  Metaspace       used 26204K, capacity 27664K, committed 27904K, reserved 1073152K
[2020-12-09T14:27:37.392-0500][gc,heap       ] GC(43)   class space    used 2916K, capacity 3517K, committed 3584K, reserved 1048576K
[2020-12-09T14:27:37.392-0500][gc            ] GC(43) Pause Young (Concurrent Start) (G1 Humongous Allocation) 106M->98M(198M) 52.157ms
[2020-12-09T14:27:37.392-0500][gc,cpu        ] GC(43) User=0.25s Sys=0.05s Real=0.05s
[2020-12-09T14:27:37.392-0500][gc            ] GC(44) Concurrent Cycle
[2020-12-09T14:27:37.392-0500][gc,marking    ] GC(44) Concurrent Clear Claimed Marks
[2020-12-09T14:27:37.393-0500][gc,marking    ] GC(44) Concurrent Clear Claimed Marks 0.130ms
[2020-12-09T14:27:37.393-0500][gc,marking    ] GC(44) Concurrent Scan Root Regions
[2020-12-09T14:27:37.399-0500][gc,marking    ] GC(44) Concurrent Scan Root Regions 6.442ms
[2020-12-09T14:27:37.399-0500][gc,marking    ] GC(44) Concurrent Mark (9.129s)
[2020-12-09T14:27:37.399-0500][gc,marking    ] GC(44) Concurrent Mark From Roots
[2020-12-09T14:27:37.399-0500][gc,task       ] GC(44) Using 2 workers of 2 for marking
[2020-12-09T14:27:37.628-0500][gc,marking    ] GC(44) Concurrent Mark From Roots 229.147ms
[2020-12-09T14:27:37.628-0500][gc,marking    ] GC(44) Concurrent Preclean
[2020-12-09T14:27:37.629-0500][gc,marking    ] GC(44) Concurrent Preclean 0.325ms
[2020-12-09T14:27:37.629-0500][gc,marking    ] GC(44) Concurrent Mark (9.129s, 9.359s) 229.576ms
[2020-12-09T14:27:37.632-0500][gc,start      ] GC(44) Pause Remark
[2020-12-09T14:27:37.636-0500][gc,stringtable] GC(44) Cleaned string and symbol table, strings: 12418 processed, 0 removed, symbols: 72874 processed, 2 removed
[2020-12-09T14:27:37.637-0500][gc            ] GC(44) Pause Remark 115M->112M(198M) 4.589ms
[2020-12-09T14:27:37.637-0500][gc,cpu        ] GC(44) User=0.02s Sys=0.00s Real=0.00s
[2020-12-09T14:27:37.637-0500][gc,marking    ] GC(44) Concurrent Rebuild Remembered Sets
[2020-12-09T14:27:37.818-0500][gc,marking    ] GC(44) Concurrent Rebuild Remembered Sets 180.787ms
[2020-12-09T14:27:37.819-0500][gc,start      ] GC(44) Pause Cleanup
[2020-12-09T14:27:37.820-0500][gc            ] GC(44) Pause Cleanup 121M->121M(198M) 0.299ms
[2020-12-09T14:27:37.820-0500][gc,cpu        ] GC(44) User=0.00s Sys=0.00s Real=0.00s
[2020-12-09T14:27:37.820-0500][gc,marking    ] GC(44) Concurrent Cleanup for Next Mark
[2020-12-09T14:27:37.834-0500][gc,marking    ] GC(44) Concurrent Cleanup for Next Mark 13.667ms
[2020-12-09T14:27:37.834-0500][gc            ] GC(44) Concurrent Cycle 441.321ms
[2020-12-09T14:27:38.004-0500][gc,heap       ] GC(45) Heap before GC invocations=45 (full 0): garbage-first heap   total 202752K, used 135431K [0x0000000083000000, 0x0000000100000000)
[2020-12-09T14:27:38.004-0500][gc,heap       ] GC(45)   region size 1024K, 36 young (36864K), 3 survivors (3072K)
[2020-12-09T14:27:38.004-0500][gc,heap       ] GC(45)  Metaspace       used 27422K, capacity 28898K, committed 29056K, reserved 1075200K
[2020-12-09T14:27:38.004-0500][gc,heap       ] GC(45)   class space    used 3042K, capacity 3643K, committed 3712K, reserved 1048576K
[2020-12-09T14:27:38.004-0500][gc,start      ] GC(45) Pause Young (Normal) (G1 Evacuation Pause)
[2020-12-09T14:27:38.004-0500][gc,task       ] GC(45) Using 8 workers of 8 for evacuation
[2020-12-09T14:27:38.081-0500][gc,phases     ] GC(45)   Pre Evacuate Collection Set: 0.0ms
[2020-12-09T14:27:38.081-0500][gc,phases     ] GC(45)   Evacuate Collection Set: 37.3ms
[2020-12-09T14:27:38.081-0500][gc,phases     ] GC(45)   Post Evacuate Collection Set: 39.3ms
[2020-12-09T14:27:38.081-0500][gc,phases     ] GC(45)   Other: 0.3ms
[2020-12-09T14:27:38.081-0500][gc,heap       ] GC(45) Eden regions: 33->0(53)
[2020-12-09T14:27:38.081-0500][gc,heap       ] GC(45) Survivor regions: 3->5(5)
[2020-12-09T14:27:38.081-0500][gc,heap       ] GC(45) Old regions: 69->72
[2020-12-09T14:27:38.081-0500][gc,heap       ] GC(45) Humongous regions: 30->30
[2020-12-09T14:27:38.081-0500][gc,metaspace  ] GC(45) Metaspace: 27422K->27422K(1075200K)
[2020-12-09T14:27:38.081-0500][gc,heap       ] GC(45) Heap after GC invocations=46 (full 0): garbage-first heap   total 603136K, used 107988K [0x0000000083000000, 0x0000000100000000)
[2020-12-09T14:27:38.081-0500][gc,heap       ] GC(45)   region size 1024K, 5 young (5120K), 5 survivors (5120K)
[2020-12-09T14:27:38.081-0500][gc,heap       ] GC(45)  Metaspace       used 27422K, capacity 28898K, committed 29056K, reserved 1075200K
[2020-12-09T14:27:38.081-0500][gc,heap       ] GC(45)   class space    used 3042K, capacity 3643K, committed 3712K, reserved 1048576K
[2020-12-09T14:27:38.081-0500][gc            ] GC(45) Pause Young (Normal) (G1 Evacuation Pause) 133M->105M(589M) 77.471ms
[2020-12-09T14:27:38.081-0500][gc,cpu        ] GC(45) User=0.23s Sys=0.08s Real=0.08s
[2020-12-09T14:27:45.478-0500][gc,heap       ] GC(46) Heap before GC invocations=46 (full 0): garbage-first heap   total 603136K, used 161236K [0x0000000083000000, 0x0000000100000000)
[2020-12-09T14:27:45.478-0500][gc,heap       ] GC(46)   region size 1024K, 58 young (59392K), 5 survivors (5120K)
[2020-12-09T14:27:45.478-0500][gc,heap       ] GC(46)  Metaspace       used 27998K, capacity 29474K, committed 29568K, reserved 1075200K
[2020-12-09T14:27:45.478-0500][gc,heap       ] GC(46)   class space    used 3065K, capacity 3643K, committed 3712K, reserved 1048576K
[2020-12-09T14:27:45.479-0500][gc,start      ] GC(46) Pause Young (Normal) (G1 Evacuation Pause)
[2020-12-09T14:27:45.479-0500][gc,task       ] GC(46) Using 8 workers of 8 for evacuation
[2020-12-09T14:27:45.722-0500][gc,mmu        ] GC(46) MMU target violated: 201.0ms (200.0ms/201.0ms)
[2020-12-09T14:27:45.722-0500][gc,phases     ] GC(46)   Pre Evacuate Collection Set: 0.1ms
[2020-12-09T14:27:45.722-0500][gc,phases     ] GC(46)   Evacuate Collection Set: 242.3ms
[2020-12-09T14:27:45.722-0500][gc,phases     ] GC(46)   Post Evacuate Collection Set: 1.1ms
[2020-12-09T14:27:45.722-0500][gc,phases     ] GC(46)   Other: 0.7ms
[2020-12-09T14:27:45.722-0500][gc,heap       ] GC(46) Eden regions: 53->0(66)
[2020-12-09T14:27:45.722-0500][gc,heap       ] GC(46) Survivor regions: 5->8(8)
[2020-12-09T14:27:45.722-0500][gc,heap       ] GC(46) Old regions: 72->76
[2020-12-09T14:27:45.722-0500][gc,heap       ] GC(46) Humongous regions: 30->30
[2020-12-09T14:27:45.722-0500][gc,metaspace  ] GC(46) Metaspace: 27998K->27998K(1075200K)
[2020-12-09T14:27:45.722-0500][gc,heap       ] GC(46) Heap after GC invocations=47 (full 0): garbage-first heap   total 603136K, used 114957K [0x0000000083000000, 0x0000000100000000)
[2020-12-09T14:27:45.722-0500][gc,heap       ] GC(46)   region size 1024K, 8 young (8192K), 8 survivors (8192K)
[2020-12-09T14:27:45.722-0500][gc,heap       ] GC(46)  Metaspace       used 27998K, capacity 29474K, committed 29568K, reserved 1075200K
[2020-12-09T14:27:45.722-0500][gc,heap       ] GC(46)   class space    used 3065K, capacity 3643K, committed 3712K, reserved 1048576K
[2020-12-09T14:27:45.722-0500][gc            ] GC(46) Pause Young (Normal) (G1 Evacuation Pause) 158M->112M(589M) 243.967ms
[2020-12-09T14:27:45.723-0500][gc,cpu        ] GC(46) User=0.15s Sys=1.26s Real=0.24s
[2020-12-09T14:27:52.348-0500][gc,heap       ] GC(47) Heap before GC invocations=47 (full 0): garbage-first heap   total 603136K, used 205069K [0x0000000083000000, 0x0000000100000000)
[2020-12-09T14:27:52.348-0500][gc,heap       ] GC(47)   region size 1024K, 74 young (75776K), 8 survivors (8192K)
[2020-12-09T14:27:52.348-0500][gc,heap       ] GC(47)  Metaspace       used 29464K, capacity 31145K, committed 31360K, reserved 1077248K
[2020-12-09T14:27:52.348-0500][gc,heap       ] GC(47)   class space    used 3220K, capacity 3856K, committed 3968K, reserved 1048576K
[2020-12-09T14:27:52.348-0500][gc,start      ] GC(47) Pause Young (Normal) (G1 Evacuation Pause)
[2020-12-09T14:27:52.348-0500][gc,task       ] GC(47) Using 8 workers of 8 for evacuation
[2020-12-09T14:27:52.585-0500][gc,mmu        ] GC(47) MMU target violated: 201.0ms (200.0ms/201.0ms)
[2020-12-09T14:27:52.585-0500][gc,phases     ] GC(47)   Pre Evacuate Collection Set: 0.1ms
[2020-12-09T14:27:52.585-0500][gc,phases     ] GC(47)   Evacuate Collection Set: 215.4ms
[2020-12-09T14:27:52.585-0500][gc,phases     ] GC(47)   Post Evacuate Collection Set: 20.6ms
[2020-12-09T14:27:52.585-0500][gc,phases     ] GC(47)   Other: 0.3ms
[2020-12-09T14:27:52.585-0500][gc,heap       ] GC(47) Eden regions: 66->0(20)
[2020-12-09T14:27:52.585-0500][gc,heap       ] GC(47) Survivor regions: 8->9(10)
[2020-12-09T14:27:52.585-0500][gc,heap       ] GC(47) Old regions: 76->80
[2020-12-09T14:27:52.585-0500][gc,heap       ] GC(47) Humongous regions: 53->41
[2020-12-09T14:27:52.585-0500][gc,metaspace  ] GC(47) Metaspace: 29464K->29464K(1077248K)
[2020-12-09T14:27:52.585-0500][gc,heap       ] GC(47) Heap after GC invocations=48 (full 0): garbage-first heap   total 603136K, used 130966K [0x0000000083000000, 0x0000000100000000)
[2020-12-09T14:27:52.585-0500][gc,heap       ] GC(47)   region size 1024K, 9 young (9216K), 9 survivors (9216K)
[2020-12-09T14:27:52.585-0500][gc,heap       ] GC(47)  Metaspace       used 29464K, capacity 31145K, committed 31360K, reserved 1077248K
[2020-12-09T14:27:52.585-0500][gc,heap       ] GC(47)   class space    used 3220K, capacity 3856K, committed 3968K, reserved 1048576K
[2020-12-09T14:27:52.585-0500][gc            ] GC(47) Pause Young (Normal) (G1 Evacuation Pause) 201M->127M(589M) 236.439ms
[2020-12-09T14:27:52.585-0500][gc,cpu        ] GC(47) User=0.19s Sys=1.20s Real=0.23s
[2020-12-09T14:27:52.871-0500][gc,heap       ] GC(48) Heap before GC invocations=48 (full 0): garbage-first heap   total 603136K, used 151446K [0x0000000083000000, 0x0000000100000000)
[2020-12-09T14:27:52.871-0500][gc,heap       ] GC(48)   region size 1024K, 29 young (29696K), 9 survivors (9216K)
[2020-12-09T14:27:52.871-0500][gc,heap       ] GC(48)  Metaspace       used 29673K, capacity 31302K, committed 31616K, reserved 1077248K
[2020-12-09T14:27:52.871-0500][gc,heap       ] GC(48)   class space    used 3235K, capacity 3864K, committed 3968K, reserved 1048576K
[2020-12-09T14:27:52.872-0500][gc,start      ] GC(48) Pause Young (Normal) (G1 Evacuation Pause)
[2020-12-09T14:27:52.872-0500][gc,task       ] GC(48) Using 8 workers of 8 for evacuation
[2020-12-09T14:27:52.881-0500][gc,phases     ] GC(48)   Pre Evacuate Collection Set: 0.1ms
[2020-12-09T14:27:52.881-0500][gc,phases     ] GC(48)   Evacuate Collection Set: 5.0ms
[2020-12-09T14:27:52.881-0500][gc,phases     ] GC(48)   Post Evacuate Collection Set: 3.8ms
[2020-12-09T14:27:52.881-0500][gc,phases     ] GC(48)   Other: 0.4ms
[2020-12-09T14:27:52.881-0500][gc,heap       ] GC(48) Eden regions: 20->0(26)
[2020-12-09T14:27:52.881-0500][gc,heap       ] GC(48) Survivor regions: 9->3(4)
[2020-12-09T14:27:52.881-0500][gc,heap       ] GC(48) Old regions: 80->84
[2020-12-09T14:27:52.881-0500][gc,heap       ] GC(48) Humongous regions: 41->30
[2020-12-09T14:27:52.881-0500][gc,metaspace  ] GC(48) Metaspace: 29673K->29673K(1077248K)
[2020-12-09T14:27:52.881-0500][gc,heap       ] GC(48) Heap after GC invocations=49 (full 0): garbage-first heap   total 603136K, used 118350K [0x0000000083000000, 0x0000000100000000)
[2020-12-09T14:27:52.881-0500][gc,heap       ] GC(48)   region size 1024K, 3 young (3072K), 3 survivors (3072K)
[2020-12-09T14:27:52.881-0500][gc,heap       ] GC(48)  Metaspace       used 29673K, capacity 31302K, committed 31616K, reserved 1077248K
[2020-12-09T14:27:52.881-0500][gc,heap       ] GC(48)   class space    used 3235K, capacity 3864K, committed 3968K, reserved 1048576K
[2020-12-09T14:27:52.881-0500][gc            ] GC(48) Pause Young (Normal) (G1 Evacuation Pause) 147M->115M(589M) 9.262ms
[2020-12-09T14:27:52.881-0500][gc,cpu        ] GC(48) User=0.04s Sys=0.00s Real=0.01s
[2020-12-09T14:27:54.296-0500][gc,heap       ] GC(49) Heap before GC invocations=49 (full 0): garbage-first heap   total 603136K, used 167502K [0x0000000083000000, 0x0000000100000000)
[2020-12-09T14:27:54.296-0500][gc,heap       ] GC(49)   region size 1024K, 29 young (29696K), 3 survivors (3072K)
[2020-12-09T14:27:54.296-0500][gc,heap       ] GC(49)  Metaspace       used 29686K, capacity 31307K, committed 31616K, reserved 1077248K
[2020-12-09T14:27:54.296-0500][gc,heap       ] GC(49)   class space    used 3235K, capacity 3864K, committed 3968K, reserved 1048576K
[2020-12-09T14:27:54.296-0500][gc,start      ] GC(49) Pause Young (Normal) (G1 Evacuation Pause)
[2020-12-09T14:27:54.296-0500][gc,task       ] GC(49) Using 8 workers of 8 for evacuation
[2020-12-09T14:27:54.626-0500][gc,mmu        ] GC(49) MMU target violated: 201.0ms (200.0ms/201.0ms)
[2020-12-09T14:27:54.627-0500][gc,phases     ] GC(49)   Pre Evacuate Collection Set: 0.1ms
[2020-12-09T14:27:54.627-0500][gc,phases     ] GC(49)   Evacuate Collection Set: 324.7ms
[2020-12-09T14:27:54.627-0500][gc,phases     ] GC(49)   Post Evacuate Collection Set: 5.2ms
[2020-12-09T14:27:54.627-0500][gc,phases     ] GC(49)   Other: 0.5ms
[2020-12-09T14:27:54.627-0500][gc,heap       ] GC(49) Eden regions: 26->0(27)
[2020-12-09T14:27:54.627-0500][gc,heap       ] GC(49) Survivor regions: 3->2(4)
[2020-12-09T14:27:54.627-0500][gc,heap       ] GC(49) Old regions: 84->87
[2020-12-09T14:27:54.627-0500][gc,heap       ] GC(49) Humongous regions: 53->30
[2020-12-09T14:27:54.627-0500][gc,metaspace  ] GC(49) Metaspace: 29686K->29686K(1077248K)
[2020-12-09T14:27:54.627-0500][gc,heap       ] GC(49) Heap after GC invocations=50 (full 0): garbage-first heap   total 603136K, used 119744K [0x0000000083000000, 0x0000000100000000)
[2020-12-09T14:27:54.627-0500][gc,heap       ] GC(49)   region size 1024K, 2 young (2048K), 2 survivors (2048K)
[2020-12-09T14:27:54.627-0500][gc,heap       ] GC(49)  Metaspace       used 29686K, capacity 31307K, committed 31616K, reserved 1077248K
[2020-12-09T14:27:54.627-0500][gc,heap       ] GC(49)   class space    used 3235K, capacity 3864K, committed 3968K, reserved 1048576K
[2020-12-09T14:27:54.627-0500][gc            ] GC(49) Pause Young (Normal) (G1 Evacuation Pause) 164M->116M(589M) 330.554ms
[2020-12-09T14:27:54.627-0500][gc,cpu        ] GC(49) User=0.98s Sys=0.77s Real=0.33s
[2020-12-09T14:27:56.561-0500][gc,heap       ] GC(50) Heap before GC invocations=50 (full 0): garbage-first heap   total 603136K, used 155584K [0x0000000083000000, 0x0000000100000000)
[2020-12-09T14:27:56.561-0500][gc,heap       ] GC(50)   region size 1024K, 29 young (29696K), 2 survivors (2048K)
[2020-12-09T14:27:56.561-0500][gc,heap       ] GC(50)  Metaspace       used 29888K, capacity 31604K, committed 31872K, reserved 1077248K
[2020-12-09T14:27:56.561-0500][gc,heap       ] GC(50)   class space    used 3261K, capacity 3896K, committed 3968K, reserved 1048576K
[2020-12-09T14:27:56.561-0500][gc,start      ] GC(50) Pause Young (Normal) (G1 Evacuation Pause)
[2020-12-09T14:27:56.561-0500][gc,task       ] GC(50) Using 8 workers of 8 for evacuation
[2020-12-09T14:27:56.594-0500][gc,phases     ] GC(50)   Pre Evacuate Collection Set: 0.0ms
[2020-12-09T14:27:56.594-0500][gc,phases     ] GC(50)   Evacuate Collection Set: 3.3ms
[2020-12-09T14:27:56.594-0500][gc,phases     ] GC(50)   Post Evacuate Collection Set: 28.8ms
[2020-12-09T14:27:56.594-0500][gc,phases     ] GC(50)   Other: 0.2ms
[2020-12-09T14:27:56.594-0500][gc,heap       ] GC(50) Eden regions: 27->0(41)
[2020-12-09T14:27:56.594-0500][gc,heap       ] GC(50) Survivor regions: 2->4(4)
[2020-12-09T14:27:56.594-0500][gc,heap       ] GC(50) Old regions: 87->88
[2020-12-09T14:27:56.594-0500][gc,heap       ] GC(50) Humongous regions: 39->30
[2020-12-09T14:27:56.594-0500][gc,metaspace  ] GC(50) Metaspace: 29888K->29888K(1077248K)
[2020-12-09T14:27:56.594-0500][gc,heap       ] GC(50) Heap after GC invocations=51 (full 0): garbage-first heap   total 929792K, used 123406K [0x0000000083000000, 0x0000000100000000)
[2020-12-09T14:27:56.594-0500][gc,heap       ] GC(50)   region size 1024K, 4 young (4096K), 4 survivors (4096K)
[2020-12-09T14:27:56.594-0500][gc,heap       ] GC(50)  Metaspace       used 29888K, capacity 31604K, committed 31872K, reserved 1077248K
[2020-12-09T14:27:56.594-0500][gc,heap       ] GC(50)   class space    used 3261K, capacity 3896K, committed 3968K, reserved 1048576K
[2020-12-09T14:27:56.594-0500][gc            ] GC(50) Pause Young (Normal) (G1 Evacuation Pause) 152M->120M(908M) 32.520ms
[2020-12-09T14:27:56.594-0500][gc,cpu        ] GC(50) User=0.05s Sys=0.03s Real=0.03s
[2020-12-09T14:27:59.960-0500][gc,heap       ] GC(51) Heap before GC invocations=51 (full 0): garbage-first heap   total 929792K, used 164366K [0x0000000083000000, 0x0000000100000000)
[2020-12-09T14:27:59.960-0500][gc,heap       ] GC(51)   region size 1024K, 45 young (46080K), 4 survivors (4096K)
[2020-12-09T14:27:59.960-0500][gc,heap       ] GC(51)  Metaspace       used 30363K, capacity 32098K, committed 32256K, reserved 1077248K
[2020-12-09T14:27:59.960-0500][gc,heap       ] GC(51)   class space    used 3300K, capacity 3992K, committed 4096K, reserved 1048576K
[2020-12-09T14:27:59.960-0500][gc,start      ] GC(51) Pause Young (Normal) (G1 Evacuation Pause)
[2020-12-09T14:27:59.960-0500][gc,task       ] GC(51) Using 8 workers of 8 for evacuation
[2020-12-09T14:28:00.247-0500][gc,mmu        ] GC(51) MMU target violated: 201.0ms (200.0ms/201.0ms)
[2020-12-09T14:28:00.247-0500][gc,phases     ] GC(51)   Pre Evacuate Collection Set: 0.1ms
[2020-12-09T14:28:00.247-0500][gc,phases     ] GC(51)   Evacuate Collection Set: 5.7ms
[2020-12-09T14:28:00.247-0500][gc,phases     ] GC(51)   Post Evacuate Collection Set: 280.8ms
[2020-12-09T14:28:00.247-0500][gc,phases     ] GC(51)   Other: 0.7ms
[2020-12-09T14:28:00.247-0500][gc,heap       ] GC(51) Eden regions: 41->0(42)
[2020-12-09T14:28:00.247-0500][gc,heap       ] GC(51) Survivor regions: 4->3(6)
[2020-12-09T14:28:00.247-0500][gc,heap       ] GC(51) Old regions: 88->90
[2020-12-09T14:28:00.247-0500][gc,heap       ] GC(51) Humongous regions: 30->30
[2020-12-09T14:28:00.247-0500][gc,metaspace  ] GC(51) Metaspace: 30363K->30363K(1077248K)
[2020-12-09T14:28:00.247-0500][gc,heap       ] GC(51) Heap after GC invocations=52 (full 0): garbage-first heap   total 929792K, used 123608K [0x0000000083000000, 0x0000000100000000)
[2020-12-09T14:28:00.247-0500][gc,heap       ] GC(51)   region size 1024K, 3 young (3072K), 3 survivors (3072K)
[2020-12-09T14:28:00.247-0500][gc,heap       ] GC(51)  Metaspace       used 30363K, capacity 32098K, committed 32256K, reserved 1077248K
[2020-12-09T14:28:00.247-0500][gc,heap       ] GC(51)   class space    used 3300K, capacity 3992K, committed 4096K, reserved 1048576K
[2020-12-09T14:28:00.247-0500][gc            ] GC(51) Pause Young (Normal) (G1 Evacuation Pause) 161M->120M(908M) 286.976ms
[2020-12-09T14:28:00.247-0500][gc,cpu        ] GC(51) User=0.29s Sys=0.86s Real=0.28s
[2020-12-09T14:28:01.374-0500][gc,heap       ] GC(52) Heap before GC invocations=52 (full 0): garbage-first heap   total 929792K, used 166616K [0x0000000083000000, 0x0000000100000000)
[2020-12-09T14:28:01.374-0500][gc,heap       ] GC(52)   region size 1024K, 45 young (46080K), 3 survivors (3072K)
[2020-12-09T14:28:01.374-0500][gc,heap       ] GC(52)  Metaspace       used 35146K, capacity 36902K, committed 37248K, reserved 1081344K
[2020-12-09T14:28:01.374-0500][gc,heap       ] GC(52)   class space    used 4772K, capacity 5464K, committed 5504K, reserved 1048576K
[2020-12-09T14:28:01.374-0500][gc,start      ] GC(52) Pause Young (Normal) (G1 Evacuation Pause)
[2020-12-09T14:28:01.374-0500][gc,task       ] GC(52) Using 8 workers of 8 for evacuation
[2020-12-09T14:28:01.609-0500][gc,mmu        ] GC(52) MMU target violated: 201.0ms (200.0ms/201.0ms)
[2020-12-09T14:28:01.609-0500][gc,phases     ] GC(52)   Pre Evacuate Collection Set: 0.0ms
[2020-12-09T14:28:01.609-0500][gc,phases     ] GC(52)   Evacuate Collection Set: 229.7ms
[2020-12-09T14:28:01.609-0500][gc,phases     ] GC(52)   Post Evacuate Collection Set: 4.5ms
[2020-12-09T14:28:01.609-0500][gc,phases     ] GC(52)   Other: 0.4ms
[2020-12-09T14:28:01.609-0500][gc,heap       ] GC(52) Eden regions: 42->0(41)
[2020-12-09T14:28:01.609-0500][gc,heap       ] GC(52) Survivor regions: 3->4(6)
[2020-12-09T14:28:01.609-0500][gc,heap       ] GC(52) Old regions: 90->90
[2020-12-09T14:28:01.609-0500][gc,heap       ] GC(52) Humongous regions: 30->30
[2020-12-09T14:28:01.609-0500][gc,metaspace  ] GC(52) Metaspace: 35146K->35146K(1081344K)
[2020-12-09T14:28:01.609-0500][gc,heap       ] GC(52) Heap after GC invocations=53 (full 0): garbage-first heap   total 929792K, used 123910K [0x0000000083000000, 0x0000000100000000)
[2020-12-09T14:28:01.609-0500][gc,heap       ] GC(52)   region size 1024K, 4 young (4096K), 4 survivors (4096K)
[2020-12-09T14:28:01.609-0500][gc,heap       ] GC(52)  Metaspace       used 35146K, capacity 36902K, committed 37248K, reserved 1081344K
[2020-12-09T14:28:01.609-0500][gc,heap       ] GC(52)   class space    used 4772K, capacity 5464K, committed 5504K, reserved 1048576K
[2020-12-09T14:28:01.609-0500][gc            ] GC(52) Pause Young (Normal) (G1 Evacuation Pause) 162M->121M(908M) 234.662ms
[2020-12-09T14:28:01.609-0500][gc,cpu        ] GC(52) User=0.28s Sys=0.86s Real=0.24s
[2020-12-09T14:28:02.426-0500][gc,heap       ] GC(53) Heap before GC invocations=53 (full 0): garbage-first heap   total 929792K, used 165894K [0x0000000083000000, 0x0000000100000000)
[2020-12-09T14:28:02.426-0500][gc,heap       ] GC(53)   region size 1024K, 45 young (46080K), 4 survivors (4096K)
[2020-12-09T14:28:02.426-0500][gc,heap       ] GC(53)  Metaspace       used 39914K, capacity 41698K, committed 41984K, reserved 1083392K
[2020-12-09T14:28:02.426-0500][gc,heap       ] GC(53)   class space    used 6341K, capacity 7047K, committed 7168K, reserved 1048576K
[2020-12-09T14:28:02.426-0500][gc,start      ] GC(53) Pause Young (Normal) (G1 Evacuation Pause)
[2020-12-09T14:28:02.426-0500][gc,task       ] GC(53) Using 8 workers of 8 for evacuation
[2020-12-09T14:28:02.451-0500][gc,phases     ] GC(53)   Pre Evacuate Collection Set: 0.0ms
[2020-12-09T14:28:02.451-0500][gc,phases     ] GC(53)   Evacuate Collection Set: 4.9ms
[2020-12-09T14:28:02.451-0500][gc,phases     ] GC(53)   Post Evacuate Collection Set: 19.4ms
[2020-12-09T14:28:02.451-0500][gc,phases     ] GC(53)   Other: 0.3ms
[2020-12-09T14:28:02.451-0500][gc,heap       ] GC(53) Eden regions: 41->0(40)
[2020-12-09T14:28:02.451-0500][gc,heap       ] GC(53) Survivor regions: 4->5(6)
[2020-12-09T14:28:02.451-0500][gc,heap       ] GC(53) Old regions: 90->90
[2020-12-09T14:28:02.451-0500][gc,heap       ] GC(53) Humongous regions: 30->30
[2020-12-09T14:28:02.451-0500][gc,metaspace  ] GC(53) Metaspace: 39914K->39914K(1083392K)
[2020-12-09T14:28:02.451-0500][gc,heap       ] GC(53) Heap after GC invocations=54 (full 0): garbage-first heap   total 929792K, used 125541K [0x0000000083000000, 0x0000000100000000)
[2020-12-09T14:28:02.451-0500][gc,heap       ] GC(53)   region size 1024K, 5 young (5120K), 5 survivors (5120K)
[2020-12-09T14:28:02.451-0500][gc,heap       ] GC(53)  Metaspace       used 39914K, capacity 41698K, committed 41984K, reserved 1083392K
[2020-12-09T14:28:02.451-0500][gc,heap       ] GC(53)   class space    used 6341K, capacity 7047K, committed 7168K, reserved 1048576K
[2020-12-09T14:28:02.451-0500][gc            ] GC(53) Pause Young (Normal) (G1 Evacuation Pause) 162M->122M(908M) 25.181ms
[2020-12-09T14:28:02.451-0500][gc,cpu        ] GC(53) User=0.10s Sys=0.01s Real=0.03s
[2020-12-09T14:28:08.569-0500][gc,heap       ] GC(54) Heap before GC invocations=54 (full 0): garbage-first heap   total 929792K, used 165477K [0x0000000083000000, 0x0000000100000000)
[2020-12-09T14:28:08.569-0500][gc,heap       ] GC(54)   region size 1024K, 45 young (46080K), 5 survivors (5120K)
[2020-12-09T14:28:08.569-0500][gc,heap       ] GC(54)  Metaspace       used 41068K, capacity 42816K, committed 43008K, reserved 1085440K
[2020-12-09T14:28:08.569-0500][gc,heap       ] GC(54)   class space    used 6685K, capacity 7374K, committed 7424K, reserved 1048576K
[2020-12-09T14:28:08.569-0500][gc,start      ] GC(54) Pause Young (Normal) (G1 Evacuation Pause)
[2020-12-09T14:28:08.569-0500][gc,task       ] GC(54) Using 8 workers of 8 for evacuation
[2020-12-09T14:28:08.575-0500][gc,phases     ] GC(54)   Pre Evacuate Collection Set: 0.0ms
[2020-12-09T14:28:08.575-0500][gc,phases     ] GC(54)   Evacuate Collection Set: 3.8ms
[2020-12-09T14:28:08.575-0500][gc,phases     ] GC(54)   Post Evacuate Collection Set: 2.4ms
[2020-12-09T14:28:08.575-0500][gc,phases     ] GC(54)   Other: 0.3ms
[2020-12-09T14:28:08.575-0500][gc,heap       ] GC(54) Eden regions: 40->0(39)
[2020-12-09T14:28:08.575-0500][gc,heap       ] GC(54) Survivor regions: 5->6(6)
[2020-12-09T14:28:08.575-0500][gc,heap       ] GC(54) Old regions: 90->92
[2020-12-09T14:28:08.575-0500][gc,heap       ] GC(54) Humongous regions: 30->30
[2020-12-09T14:28:08.575-0500][gc,metaspace  ] GC(54) Metaspace: 41068K->41068K(1085440K)
[2020-12-09T14:28:08.575-0500][gc,heap       ] GC(54) Heap after GC invocations=55 (full 0): garbage-first heap   total 929792K, used 129547K [0x0000000083000000, 0x0000000100000000)
[2020-12-09T14:28:08.575-0500][gc,heap       ] GC(54)   region size 1024K, 6 young (6144K), 6 survivors (6144K)
[2020-12-09T14:28:08.575-0500][gc,heap       ] GC(54)  Metaspace       used 41068K, capacity 42816K, committed 43008K, reserved 1085440K
[2020-12-09T14:28:08.575-0500][gc,heap       ] GC(54)   class space    used 6685K, capacity 7374K, committed 7424K, reserved 1048576K
[2020-12-09T14:28:08.575-0500][gc            ] GC(54) Pause Young (Normal) (G1 Evacuation Pause) 162M->126M(908M) 6.755ms
[2020-12-09T14:28:08.576-0500][gc,cpu        ] GC(54) User=0.01s Sys=0.01s Real=0.00s
[2020-12-09T14:28:10.180-0500][gc,heap       ] GC(55) Heap before GC invocations=55 (full 0): garbage-first heap   total 929792K, used 168459K [0x0000000083000000, 0x0000000100000000)
[2020-12-09T14:28:10.180-0500][gc,heap       ] GC(55)   region size 1024K, 45 young (46080K), 6 survivors (6144K)
[2020-12-09T14:28:10.180-0500][gc,heap       ] GC(55)  Metaspace       used 44459K, capacity 46335K, committed 46592K, reserved 1087488K
[2020-12-09T14:28:10.180-0500][gc,heap       ] GC(55)   class space    used 7067K, capacity 7817K, committed 7936K, reserved 1048576K
[2020-12-09T14:28:10.180-0500][gc,start      ] GC(55) Pause Young (Normal) (G1 Evacuation Pause)
[2020-12-09T14:28:10.180-0500][gc,task       ] GC(55) Using 8 workers of 8 for evacuation
[2020-12-09T14:28:10.207-0500][gc,phases     ] GC(55)   Pre Evacuate Collection Set: 0.1ms
[2020-12-09T14:28:10.207-0500][gc,phases     ] GC(55)   Evacuate Collection Set: 25.2ms
[2020-12-09T14:28:10.207-0500][gc,phases     ] GC(55)   Post Evacuate Collection Set: 1.3ms
[2020-12-09T14:28:10.207-0500][gc,phases     ] GC(55)   Other: 0.3ms
[2020-12-09T14:28:10.207-0500][gc,heap       ] GC(55) Eden regions: 39->0(39)
[2020-12-09T14:28:10.207-0500][gc,heap       ] GC(55) Survivor regions: 6->6(6)
[2020-12-09T14:28:10.207-0500][gc,heap       ] GC(55) Old regions: 92->95
[2020-12-09T14:28:10.207-0500][gc,heap       ] GC(55) Humongous regions: 30->30
[2020-12-09T14:28:10.207-0500][gc,metaspace  ] GC(55) Metaspace: 44459K->44459K(1087488K)
[2020-12-09T14:28:10.207-0500][gc,heap       ] GC(55) Heap after GC invocations=56 (full 0): garbage-first heap   total 929792K, used 132336K [0x0000000083000000, 0x0000000100000000)
[2020-12-09T14:28:10.207-0500][gc,heap       ] GC(55)   region size 1024K, 6 young (6144K), 6 survivors (6144K)
[2020-12-09T14:28:10.207-0500][gc,heap       ] GC(55)  Metaspace       used 44459K, capacity 46335K, committed 46592K, reserved 1087488K
[2020-12-09T14:28:10.207-0500][gc,heap       ] GC(55)   class space    used 7067K, capacity 7817K, committed 7936K, reserved 1048576K
[2020-12-09T14:28:10.207-0500][gc            ] GC(55) Pause Young (Normal) (G1 Evacuation Pause) 165M->129M(908M) 27.006ms
[2020-12-09T14:28:10.207-0500][gc,cpu        ] GC(55) User=0.12s Sys=0.00s Real=0.02s
[2020-12-09T14:28:10.401-0500][gc,heap       ] GC(56) Heap before GC invocations=56 (full 0): garbage-first heap   total 929792K, used 171248K [0x0000000083000000, 0x0000000100000000)
[2020-12-09T14:28:10.401-0500][gc,heap       ] GC(56)   region size 1024K, 45 young (46080K), 6 survivors (6144K)
[2020-12-09T14:28:10.401-0500][gc,heap       ] GC(56)  Metaspace       used 44617K, capacity 46481K, committed 46848K, reserved 1087488K
[2020-12-09T14:28:10.401-0500][gc,heap       ] GC(56)   class space    used 7078K, capacity 7822K, committed 7936K, reserved 1048576K
[2020-12-09T14:28:10.401-0500][gc,start      ] GC(56) Pause Young (Normal) (G1 Evacuation Pause)
[2020-12-09T14:28:10.401-0500][gc,task       ] GC(56) Using 8 workers of 8 for evacuation
[2020-12-09T14:28:10.410-0500][gc,phases     ] GC(56)   Pre Evacuate Collection Set: 0.1ms
[2020-12-09T14:28:10.410-0500][gc,phases     ] GC(56)   Evacuate Collection Set: 7.9ms
[2020-12-09T14:28:10.410-0500][gc,phases     ] GC(56)   Post Evacuate Collection Set: 0.9ms
[2020-12-09T14:28:10.410-0500][gc,phases     ] GC(56)   Other: 0.5ms
[2020-12-09T14:28:10.410-0500][gc,heap       ] GC(56) Eden regions: 39->0(42)
[2020-12-09T14:28:10.410-0500][gc,heap       ] GC(56) Survivor regions: 6->3(6)
[2020-12-09T14:28:10.410-0500][gc,heap       ] GC(56) Old regions: 95->101
[2020-12-09T14:28:10.410-0500][gc,heap       ] GC(56) Humongous regions: 30->30
[2020-12-09T14:28:10.410-0500][gc,metaspace  ] GC(56) Metaspace: 44617K->44617K(1087488K)
[2020-12-09T14:28:10.410-0500][gc,heap       ] GC(56) Heap after GC invocations=57 (full 0): garbage-first heap   total 929792K, used 134380K [0x0000000083000000, 0x0000000100000000)
[2020-12-09T14:28:10.410-0500][gc,heap       ] GC(56)   region size 1024K, 3 young (3072K), 3 survivors (3072K)
[2020-12-09T14:28:10.410-0500][gc,heap       ] GC(56)  Metaspace       used 44617K, capacity 46481K, committed 46848K, reserved 1087488K
[2020-12-09T14:28:10.410-0500][gc,heap       ] GC(56)   class space    used 7078K, capacity 7822K, committed 7936K, reserved 1048576K
[2020-12-09T14:28:10.410-0500][gc            ] GC(56) Pause Young (Normal) (G1 Evacuation Pause) 168M->131M(908M) 9.558ms
[2020-12-09T14:28:10.410-0500][gc,cpu        ] GC(56) User=0.03s Sys=0.00s Real=0.01s
[2020-12-09T14:28:10.619-0500][gc,heap       ] GC(57) Heap before GC invocations=57 (full 0): garbage-first heap   total 929792K, used 176364K [0x0000000083000000, 0x0000000100000000)
[2020-12-09T14:28:10.619-0500][gc,heap       ] GC(57)   region size 1024K, 45 young (46080K), 3 survivors (3072K)
[2020-12-09T14:28:10.619-0500][gc,heap       ] GC(57)  Metaspace       used 45014K, capacity 46947K, committed 47104K, reserved 1089536K
[2020-12-09T14:28:10.619-0500][gc,heap       ] GC(57)   class space    used 7127K, capacity 7872K, committed 7936K, reserved 1048576K
[2020-12-09T14:28:10.620-0500][gc,start      ] GC(57) Pause Young (Normal) (G1 Evacuation Pause)
[2020-12-09T14:28:10.620-0500][gc,task       ] GC(57) Using 8 workers of 8 for evacuation
[2020-12-09T14:28:10.627-0500][gc,phases     ] GC(57)   Pre Evacuate Collection Set: 0.1ms
[2020-12-09T14:28:10.627-0500][gc,phases     ] GC(57)   Evacuate Collection Set: 6.8ms
[2020-12-09T14:28:10.627-0500][gc,phases     ] GC(57)   Post Evacuate Collection Set: 0.7ms
[2020-12-09T14:28:10.627-0500][gc,phases     ] GC(57)   Other: 0.3ms
[2020-12-09T14:28:10.627-0500][gc,heap       ] GC(57) Eden regions: 42->0(46)
[2020-12-09T14:28:10.627-0500][gc,heap       ] GC(57) Survivor regions: 3->3(6)
[2020-12-09T14:28:10.627-0500][gc,heap       ] GC(57) Old regions: 101->101
[2020-12-09T14:28:10.627-0500][gc,heap       ] GC(57) Humongous regions: 30->30
[2020-12-09T14:28:10.627-0500][gc,metaspace  ] GC(57) Metaspace: 45014K->45014K(1089536K)
[2020-12-09T14:28:10.627-0500][gc,heap       ] GC(57) Heap after GC invocations=58 (full 0): garbage-first heap   total 929792K, used 134949K [0x0000000083000000, 0x0000000100000000)
[2020-12-09T14:28:10.627-0500][gc,heap       ] GC(57)   region size 1024K, 3 young (3072K), 3 survivors (3072K)
[2020-12-09T14:28:10.627-0500][gc,heap       ] GC(57)  Metaspace       used 45014K, capacity 46947K, committed 47104K, reserved 1089536K
[2020-12-09T14:28:10.627-0500][gc,heap       ] GC(57)   class space    used 7127K, capacity 7872K, committed 7936K, reserved 1048576K
[2020-12-09T14:28:10.627-0500][gc            ] GC(57) Pause Young (Normal) (G1 Evacuation Pause) 173M->131M(908M) 7.852ms
[2020-12-09T14:28:10.628-0500][gc,cpu        ] GC(57) User=0.03s Sys=0.00s Real=0.01s
[2020-12-09T14:28:10.984-0500][gc,heap       ] GC(58) Heap before GC invocations=58 (full 0): garbage-first heap   total 929792K, used 181029K [0x0000000083000000, 0x0000000100000000)
[2020-12-09T14:28:10.984-0500][gc,heap       ] GC(58)   region size 1024K, 49 young (50176K), 3 survivors (3072K)
[2020-12-09T14:28:10.984-0500][gc,heap       ] GC(58)  Metaspace       used 45137K, capacity 47083K, committed 47360K, reserved 1089536K
[2020-12-09T14:28:10.984-0500][gc,heap       ] GC(58)   class space    used 7134K, capacity 7884K, committed 7936K, reserved 1048576K
[2020-12-09T14:28:10.984-0500][gc,start      ] GC(58) Pause Young (Normal) (G1 Evacuation Pause)
[2020-12-09T14:28:10.984-0500][gc,task       ] GC(58) Using 8 workers of 8 for evacuation
[2020-12-09T14:28:10.990-0500][gc,phases     ] GC(58)   Pre Evacuate Collection Set: 0.1ms
[2020-12-09T14:28:10.990-0500][gc,phases     ] GC(58)   Evacuate Collection Set: 4.5ms
[2020-12-09T14:28:10.990-0500][gc,phases     ] GC(58)   Post Evacuate Collection Set: 0.7ms
[2020-12-09T14:28:10.990-0500][gc,phases     ] GC(58)   Other: 0.6ms
[2020-12-09T14:28:10.990-0500][gc,heap       ] GC(58) Eden regions: 46->0(63)
[2020-12-09T14:28:10.990-0500][gc,heap       ] GC(58) Survivor regions: 3->4(7)
[2020-12-09T14:28:10.990-0500][gc,heap       ] GC(58) Old regions: 101->101
[2020-12-09T14:28:10.990-0500][gc,heap       ] GC(58) Humongous regions: 30->30
[2020-12-09T14:28:10.990-0500][gc,metaspace  ] GC(58) Metaspace: 45137K->45137K(1089536K)
[2020-12-09T14:28:10.990-0500][gc,heap       ] GC(58) Heap after GC invocations=59 (full 0): garbage-first heap   total 929792K, used 135877K [0x0000000083000000, 0x0000000100000000)
[2020-12-09T14:28:10.990-0500][gc,heap       ] GC(58)   region size 1024K, 4 young (4096K), 4 survivors (4096K)
[2020-12-09T14:28:10.990-0500][gc,heap       ] GC(58)  Metaspace       used 45137K, capacity 47083K, committed 47360K, reserved 1089536K
[2020-12-09T14:28:10.990-0500][gc,heap       ] GC(58)   class space    used 7134K, capacity 7884K, committed 7936K, reserved 1048576K
[2020-12-09T14:28:10.990-0500][gc            ] GC(58) Pause Young (Normal) (G1 Evacuation Pause) 177M->132M(908M) 5.783ms
[2020-12-09T14:28:10.990-0500][gc,cpu        ] GC(58) User=0.02s Sys=0.00s Real=0.01s
[2020-12-09T14:28:11.395-0500][gc,heap       ] GC(59) Heap before GC invocations=59 (full 0): garbage-first heap   total 929792K, used 199365K [0x0000000083000000, 0x0000000100000000)
[2020-12-09T14:28:11.395-0500][gc,heap       ] GC(59)   region size 1024K, 67 young (68608K), 4 survivors (4096K)
[2020-12-09T14:28:11.395-0500][gc,heap       ] GC(59)  Metaspace       used 45599K, capacity 47598K, committed 47616K, reserved 1089536K
[2020-12-09T14:28:11.395-0500][gc,heap       ] GC(59)   class space    used 7173K, capacity 7934K, committed 7936K, reserved 1048576K
[2020-12-09T14:28:11.395-0500][gc,start      ] GC(59) Pause Young (Normal) (G1 Evacuation Pause)
[2020-12-09T14:28:11.395-0500][gc,task       ] GC(59) Using 8 workers of 8 for evacuation
[2020-12-09T14:28:11.426-0500][gc,phases     ] GC(59)   Pre Evacuate Collection Set: 0.1ms
[2020-12-09T14:28:11.426-0500][gc,phases     ] GC(59)   Evacuate Collection Set: 29.9ms
[2020-12-09T14:28:11.426-0500][gc,phases     ] GC(59)   Post Evacuate Collection Set: 0.9ms
[2020-12-09T14:28:11.426-0500][gc,phases     ] GC(59)   Other: 0.3ms
[2020-12-09T14:28:11.426-0500][gc,heap       ] GC(59) Eden regions: 63->0(71)
[2020-12-09T14:28:11.427-0500][gc,heap       ] GC(59) Survivor regions: 4->5(9)
[2020-12-09T14:28:11.427-0500][gc,heap       ] GC(59) Old regions: 101->101
[2020-12-09T14:28:11.427-0500][gc,heap       ] GC(59) Humongous regions: 30->30
[2020-12-09T14:28:11.427-0500][gc,metaspace  ] GC(59) Metaspace: 45599K->45599K(1089536K)
[2020-12-09T14:28:11.427-0500][gc,heap       ] GC(59) Heap after GC invocations=60 (full 0): garbage-first heap   total 929792K, used 136997K [0x0000000083000000, 0x0000000100000000)
[2020-12-09T14:28:11.427-0500][gc,heap       ] GC(59)   region size 1024K, 5 young (5120K), 5 survivors (5120K)
[2020-12-09T14:28:11.427-0500][gc,heap       ] GC(59)  Metaspace       used 45599K, capacity 47598K, committed 47616K, reserved 1089536K
[2020-12-09T14:28:11.427-0500][gc,heap       ] GC(59)   class space    used 7173K, capacity 7934K, committed 7936K, reserved 1048576K
[2020-12-09T14:28:11.427-0500][gc            ] GC(59) Pause Young (Normal) (G1 Evacuation Pause) 195M->133M(908M) 31.334ms
[2020-12-09T14:28:11.427-0500][gc,cpu        ] GC(59) User=0.08s Sys=0.03s Real=0.03s
[2020-12-09T14:28:11.906-0500][gc,task       ] GC(60) Using 8 workers of 8 for full compaction
[2020-12-09T14:28:11.906-0500][gc,start      ] GC(60) Pause Full (System.gc())
[2020-12-09T14:28:11.906-0500][gc,heap       ] GC(60) Heap before GC invocations=60 (full 0): garbage-first heap   total 929792K, used 173861K [0x0000000083000000, 0x0000000100000000)
[2020-12-09T14:28:11.906-0500][gc,heap       ] GC(60)   region size 1024K, 43 young (44032K), 5 survivors (5120K)
[2020-12-09T14:28:11.906-0500][gc,heap       ] GC(60)  Metaspace       used 45895K, capacity 47857K, committed 48000K, reserved 1089536K
[2020-12-09T14:28:11.906-0500][gc,heap       ] GC(60)   class space    used 7191K, capacity 7973K, committed 8064K, reserved 1048576K
[2020-12-09T14:28:11.907-0500][gc,phases,start] GC(60) Phase 1: Mark live objects
[2020-12-09T14:28:11.989-0500][gc,stringtable ] GC(60) Cleaned string and symbol table, strings: 29277 processed, 372 removed, symbols: 114146 processed, 106 removed
[2020-12-09T14:28:11.989-0500][gc,phases      ] GC(60) Phase 1: Mark live objects 82.416ms
[2020-12-09T14:28:11.989-0500][gc,phases,start] GC(60) Phase 2: Prepare for compaction
[2020-12-09T14:28:11.999-0500][gc,phases      ] GC(60) Phase 2: Prepare for compaction 9.414ms
[2020-12-09T14:28:11.999-0500][gc,phases,start] GC(60) Phase 3: Adjust pointers
[2020-12-09T14:28:12.027-0500][gc,phases      ] GC(60) Phase 3: Adjust pointers 27.949ms
[2020-12-09T14:28:12.027-0500][gc,phases,start] GC(60) Phase 4: Compact heap
[2020-12-09T14:28:12.046-0500][gc,phases      ] GC(60) Phase 4: Compact heap 18.837ms
[2020-12-09T14:28:12.096-0500][gc,heap        ] GC(60) Eden regions: 38->0(13)
[2020-12-09T14:28:12.096-0500][gc,heap        ] GC(60) Survivor regions: 5->0(9)
[2020-12-09T14:28:12.096-0500][gc,heap        ] GC(60) Old regions: 101->56
[2020-12-09T14:28:12.096-0500][gc,heap        ] GC(60) Humongous regions: 30->4
[2020-12-09T14:28:12.096-0500][gc,metaspace   ] GC(60) Metaspace: 45895K->45796K(1089536K)
[2020-12-09T14:28:12.096-0500][gc,heap        ] GC(60) Heap after GC invocations=61 (full 1): garbage-first heap   total 88064K, used 55775K [0x0000000083000000, 0x0000000100000000)
[2020-12-09T14:28:12.096-0500][gc,heap        ] GC(60)   region size 1024K, 0 young (0K), 0 survivors (0K)
[2020-12-09T14:28:12.096-0500][gc,heap        ] GC(60)  Metaspace       used 45796K, capacity 47701K, committed 48000K, reserved 1089536K
[2020-12-09T14:28:12.096-0500][gc,heap        ] GC(60)   class space    used 7177K, capacity 7947K, committed 8064K, reserved 1048576K
[2020-12-09T14:28:12.096-0500][gc             ] GC(60) Pause Full (System.gc()) 171M->54M(86M) 189.823ms
[2020-12-09T14:28:12.097-0500][gc,cpu         ] GC(60) User=0.58s Sys=0.10s Real=0.19s
[2020-12-09T14:28:42.336-0500][gc,heap        ] GC(61) Heap before GC invocations=61 (full 1): garbage-first heap   total 88064K, used 69087K [0x0000000083000000, 0x0000000100000000)
[2020-12-09T14:28:42.336-0500][gc,heap        ] GC(61)   region size 1024K, 13 young (13312K), 0 survivors (0K)
[2020-12-09T14:28:42.336-0500][gc,heap        ] GC(61)  Metaspace       used 46524K, capacity 48736K, committed 48896K, reserved 1089536K
[2020-12-09T14:28:42.336-0500][gc,heap        ] GC(61)   class space    used 7300K, capacity 8127K, committed 8192K, reserved 1048576K
[2020-12-09T14:28:42.336-0500][gc,start       ] GC(61) Pause Young (Concurrent Start) (G1 Evacuation Pause)
[2020-12-09T14:28:42.336-0500][gc,task        ] GC(61) Using 8 workers of 8 for evacuation
[2020-12-09T14:28:42.341-0500][gc,phases      ] GC(61)   Pre Evacuate Collection Set: 0.2ms
[2020-12-09T14:28:42.342-0500][gc,phases      ] GC(61)   Evacuate Collection Set: 1.9ms
[2020-12-09T14:28:42.342-0500][gc,phases      ] GC(61)   Post Evacuate Collection Set: 0.9ms
[2020-12-09T14:28:42.342-0500][gc,phases      ] GC(61)   Other: 2.8ms
[2020-12-09T14:28:42.342-0500][gc,heap        ] GC(61) Eden regions: 13->0(13)
[2020-12-09T14:28:42.342-0500][gc,heap        ] GC(61) Survivor regions: 0->1(2)
[2020-12-09T14:28:42.342-0500][gc,heap        ] GC(61) Old regions: 56->56
[2020-12-09T14:28:42.342-0500][gc,heap        ] GC(61) Humongous regions: 4->4
[2020-12-09T14:28:42.342-0500][gc,metaspace   ] GC(61) Metaspace: 46524K->46524K(1089536K)
[2020-12-09T14:28:42.342-0500][gc,heap        ] GC(61) Heap after GC invocations=62 (full 1): garbage-first heap   total 88064K, used 56576K [0x0000000083000000, 0x0000000100000000)
[2020-12-09T14:28:42.342-0500][gc,heap        ] GC(61)   region size 1024K, 1 young (1024K), 1 survivors (1024K)
[2020-12-09T14:28:42.342-0500][gc,heap        ] GC(61)  Metaspace       used 46524K, capacity 48736K, committed 48896K, reserved 1089536K
[2020-12-09T14:28:42.342-0500][gc,heap        ] GC(61)   class space    used 7300K, capacity 8127K, committed 8192K, reserved 1048576K
[2020-12-09T14:28:42.342-0500][gc             ] GC(61) Pause Young (Concurrent Start) (G1 Evacuation Pause) 67M->55M(86M) 5.927ms
[2020-12-09T14:28:42.342-0500][gc,cpu         ] GC(61) User=0.01s Sys=0.00s Real=0.01s
[2020-12-09T14:28:42.342-0500][gc             ] GC(62) Concurrent Cycle
[2020-12-09T14:28:42.342-0500][gc,marking     ] GC(62) Concurrent Clear Claimed Marks
[2020-12-09T14:28:42.342-0500][gc,marking     ] GC(62) Concurrent Clear Claimed Marks 0.184ms
[2020-12-09T14:28:42.342-0500][gc,marking     ] GC(62) Concurrent Scan Root Regions
[2020-12-09T14:28:42.343-0500][gc,marking     ] GC(62) Concurrent Scan Root Regions 1.201ms
[2020-12-09T14:28:42.343-0500][gc,marking     ] GC(62) Concurrent Mark (74.073s)
[2020-12-09T14:28:42.343-0500][gc,marking     ] GC(62) Concurrent Mark From Roots
[2020-12-09T14:28:42.344-0500][gc,task        ] GC(62) Using 2 workers of 2 for marking
[2020-12-09T14:28:42.401-0500][gc,marking     ] GC(62) Concurrent Mark From Roots 58.066ms
[2020-12-09T14:28:42.402-0500][gc,marking     ] GC(62) Concurrent Preclean
[2020-12-09T14:28:42.402-0500][gc,marking     ] GC(62) Concurrent Preclean 0.116ms
[2020-12-09T14:28:42.402-0500][gc,marking     ] GC(62) Concurrent Mark (74.073s, 74.132s) 58.257ms
[2020-12-09T14:28:42.402-0500][gc,start       ] GC(62) Pause Remark
[2020-12-09T14:28:42.408-0500][gc,stringtable ] GC(62) Cleaned string and symbol table, strings: 29076 processed, 0 removed, symbols: 115059 processed, 56 removed
[2020-12-09T14:28:42.408-0500][gc             ] GC(62) Pause Remark 55M->54M(86M) 6.109ms
[2020-12-09T14:28:42.408-0500][gc,cpu         ] GC(62) User=0.03s Sys=0.01s Real=0.01s
[2020-12-09T14:28:42.408-0500][gc,marking     ] GC(62) Concurrent Rebuild Remembered Sets
[2020-12-09T14:28:42.435-0500][gc,marking     ] GC(62) Concurrent Rebuild Remembered Sets 27.118ms
[2020-12-09T14:28:42.436-0500][gc,start       ] GC(62) Pause Cleanup
[2020-12-09T14:28:42.436-0500][gc             ] GC(62) Pause Cleanup 54M->54M(86M) 0.399ms
[2020-12-09T14:28:42.436-0500][gc,cpu         ] GC(62) User=0.00s Sys=0.00s Real=0.00s
[2020-12-09T14:28:42.436-0500][gc,marking     ] GC(62) Concurrent Cleanup for Next Mark
[2020-12-09T14:28:42.437-0500][gc,marking     ] GC(62) Concurrent Cleanup for Next Mark 0.330ms
[2020-12-09T14:28:42.437-0500][gc             ] GC(62) Concurrent Cycle 94.657ms
[2020-12-09T14:30:32.129-0500][gc,heap        ] GC(63) Heap before GC invocations=63 (full 1): garbage-first heap   total 88064K, used 67968K [0x0000000083000000, 0x0000000100000000)
[2020-12-09T14:30:32.129-0500][gc,heap        ] GC(63)   region size 1024K, 14 young (14336K), 1 survivors (1024K)
[2020-12-09T14:30:32.129-0500][gc,heap        ] GC(63)  Metaspace       used 46876K, capacity 49180K, committed 49280K, reserved 1089536K
[2020-12-09T14:30:32.129-0500][gc,heap        ] GC(63)   class space    used 7358K, capacity 8231K, committed 8320K, reserved 1048576K
[2020-12-09T14:30:32.129-0500][gc,start       ] GC(63) Pause Young (Prepare Mixed) (G1 Evacuation Pause)
[2020-12-09T14:30:32.129-0500][gc,task        ] GC(63) Using 8 workers of 8 for evacuation
[2020-12-09T14:30:32.139-0500][gc,phases      ] GC(63)   Pre Evacuate Collection Set: 0.0ms
[2020-12-09T14:30:32.139-0500][gc,phases      ] GC(63)   Evacuate Collection Set: 3.7ms
[2020-12-09T14:30:32.139-0500][gc,phases      ] GC(63)   Post Evacuate Collection Set: 5.7ms
[2020-12-09T14:30:32.139-0500][gc,phases      ] GC(63)   Other: 0.5ms
[2020-12-09T14:30:32.139-0500][gc,heap        ] GC(63) Eden regions: 13->0(3)
[2020-12-09T14:30:32.139-0500][gc,heap        ] GC(63) Survivor regions: 1->1(2)
[2020-12-09T14:30:32.139-0500][gc,heap        ] GC(63) Old regions: 55->55
[2020-12-09T14:30:32.139-0500][gc,heap        ] GC(63) Humongous regions: 4->4
[2020-12-09T14:30:32.139-0500][gc,metaspace   ] GC(63) Metaspace: 46876K->46876K(1089536K)
[2020-12-09T14:30:32.139-0500][gc,heap        ] GC(63) Heap after GC invocations=64 (full 1): garbage-first heap   total 88064K, used 55692K [0x0000000083000000, 0x0000000100000000)
[2020-12-09T14:30:32.139-0500][gc,heap        ] GC(63)   region size 1024K, 1 young (1024K), 1 survivors (1024K)
[2020-12-09T14:30:32.139-0500][gc,heap        ] GC(63)  Metaspace       used 46876K, capacity 49180K, committed 49280K, reserved 1089536K
[2020-12-09T14:30:32.139-0500][gc,heap        ] GC(63)   class space    used 7358K, capacity 8231K, committed 8320K, reserved 1048576K
[2020-12-09T14:30:32.139-0500][gc             ] GC(63) Pause Young (Prepare Mixed) (G1 Evacuation Pause) 67M->54M(86M) 10.157ms
[2020-12-09T14:30:32.140-0500][gc,cpu         ] GC(63) User=0.03s Sys=0.01s Real=0.01s
[2020-12-09T14:31:02.124-0500][gc,heap        ] GC(64) Heap before GC invocations=64 (full 1): garbage-first heap   total 88064K, used 57740K [0x0000000083000000, 0x0000000100000000)
[2020-12-09T14:31:02.124-0500][gc,heap        ] GC(64)   region size 1024K, 4 young (4096K), 1 survivors (1024K)
[2020-12-09T14:31:02.124-0500][gc,heap        ] GC(64)  Metaspace       used 46877K, capacity 49180K, committed 49280K, reserved 1089536K
[2020-12-09T14:31:02.124-0500][gc,heap        ] GC(64)   class space    used 7358K, capacity 8231K, committed 8320K, reserved 1048576K
[2020-12-09T14:31:02.124-0500][gc,start       ] GC(64) Pause Young (Mixed) (G1 Evacuation Pause)
[2020-12-09T14:31:02.124-0500][gc,task        ] GC(64) Using 8 workers of 8 for evacuation
[2020-12-09T14:31:02.128-0500][gc,phases      ] GC(64)   Pre Evacuate Collection Set: 0.0ms
[2020-12-09T14:31:02.128-0500][gc,phases      ] GC(64)   Evacuate Collection Set: 2.6ms
[2020-12-09T14:31:02.128-0500][gc,phases      ] GC(64)   Post Evacuate Collection Set: 1.2ms
[2020-12-09T14:31:02.128-0500][gc,phases      ] GC(64)   Other: 0.2ms
[2020-12-09T14:31:02.128-0500][gc,heap        ] GC(64) Eden regions: 3->0(17)
[2020-12-09T14:31:02.128-0500][gc,heap        ] GC(64) Survivor regions: 1->1(1)
[2020-12-09T14:31:02.128-0500][gc,heap        ] GC(64) Old regions: 55->49
[2020-12-09T14:31:02.128-0500][gc,heap        ] GC(64) Humongous regions: 4->4
[2020-12-09T14:31:02.128-0500][gc,metaspace   ] GC(64) Metaspace: 46877K->46877K(1089536K)
[2020-12-09T14:31:02.128-0500][gc,heap        ] GC(64) Heap after GC invocations=65 (full 1): garbage-first heap   total 88064K, used 51935K [0x0000000083000000, 0x0000000100000000)
[2020-12-09T14:31:02.128-0500][gc,heap        ] GC(64)   region size 1024K, 1 young (1024K), 1 survivors (1024K)
[2020-12-09T14:31:02.128-0500][gc,heap        ] GC(64)  Metaspace       used 46877K, capacity 49180K, committed 49280K, reserved 1089536K
[2020-12-09T14:31:02.128-0500][gc,heap        ] GC(64)   class space    used 7358K, capacity 8231K, committed 8320K, reserved 1048576K
[2020-12-09T14:31:02.128-0500][gc             ] GC(64) Pause Young (Mixed) (G1 Evacuation Pause) 57M->50M(86M) 4.079ms
[2020-12-09T14:31:02.129-0500][gc,cpu         ] GC(64) User=0.02s Sys=0.01s Real=0.01s
[2020-12-09T14:32:31.576-0500][gc,task        ] GC(65) Using 5 workers of 8 for full compaction
[2020-12-09T14:32:31.576-0500][gc,start       ] GC(65) Pause Full (System.gc())
[2020-12-09T14:32:31.576-0500][gc,heap        ] GC(65) Heap before GC invocations=65 (full 1): garbage-first heap   total 88064K, used 58079K [0x0000000083000000, 0x0000000100000000)
[2020-12-09T14:32:31.576-0500][gc,heap        ] GC(65)   region size 1024K, 9 young (9216K), 1 survivors (1024K)
[2020-12-09T14:32:31.576-0500][gc,heap        ] GC(65)  Metaspace       used 46938K, capacity 49312K, committed 49536K, reserved 1091584K
[2020-12-09T14:32:31.576-0500][gc,heap        ] GC(65)   class space    used 7358K, capacity 8231K, committed 8320K, reserved 1048576K
[2020-12-09T14:32:31.576-0500][gc,phases,start] GC(65) Phase 1: Mark live objects
[2020-12-09T14:32:31.600-0500][gc,stringtable ] GC(65) Cleaned string and symbol table, strings: 29143 processed, 7 removed, symbols: 115062 processed, 0 removed
[2020-12-09T14:32:31.600-0500][gc,phases      ] GC(65) Phase 1: Mark live objects 23.456ms
[2020-12-09T14:32:31.600-0500][gc,phases,start] GC(65) Phase 2: Prepare for compaction
[2020-12-09T14:32:31.606-0500][gc,phases      ] GC(65) Phase 2: Prepare for compaction 6.445ms
[2020-12-09T14:32:31.606-0500][gc,phases,start] GC(65) Phase 3: Adjust pointers
[2020-12-09T14:32:31.618-0500][gc,phases      ] GC(65) Phase 3: Adjust pointers 11.768ms
[2020-12-09T14:32:31.618-0500][gc,phases,start] GC(65) Phase 4: Compact heap
[2020-12-09T14:32:31.627-0500][gc,phases      ] GC(65) Phase 4: Compact heap 8.829ms
[2020-12-09T14:32:31.634-0500][gc,heap        ] GC(65) Eden regions: 8->0(11)
[2020-12-09T14:32:31.634-0500][gc,heap        ] GC(65) Survivor regions: 1->0(1)
[2020-12-09T14:32:31.634-0500][gc,heap        ] GC(65) Old regions: 49->47
[2020-12-09T14:32:31.634-0500][gc,heap        ] GC(65) Humongous regions: 4->4
[2020-12-09T14:32:31.634-0500][gc,metaspace   ] GC(65) Metaspace: 46938K->46938K(1091584K)
[2020-12-09T14:32:31.634-0500][gc,heap        ] GC(65) Heap after GC invocations=66 (full 2): garbage-first heap   total 74752K, used 48138K [0x0000000083000000, 0x0000000100000000)
[2020-12-09T14:32:31.634-0500][gc,heap        ] GC(65)   region size 1024K, 0 young (0K), 0 survivors (0K)
[2020-12-09T14:32:31.634-0500][gc,heap        ] GC(65)  Metaspace       used 46938K, capacity 49312K, committed 49536K, reserved 1091584K
[2020-12-09T14:32:31.634-0500][gc,heap        ] GC(65)   class space    used 7358K, capacity 8231K, committed 8320K, reserved 1048576K
[2020-12-09T14:32:31.634-0500][gc             ] GC(65) Pause Full (System.gc()) 58M->47M(73M) 57.768ms
[2020-12-09T14:32:31.634-0500][gc,cpu         ] GC(65) User=0.24s Sys=0.01s Real=0.06s
[2020-12-09T14:34:22.121-0500][gc,heap        ] GC(66) Heap before GC invocations=66 (full 2): garbage-first heap   total 74752K, used 58378K [0x0000000083000000, 0x0000000100000000)
[2020-12-09T14:34:22.121-0500][gc,heap        ] GC(66)   region size 1024K, 11 young (11264K), 0 survivors (0K)
[2020-12-09T14:34:22.121-0500][gc,heap        ] GC(66)  Metaspace       used 47011K, capacity 49351K, committed 49536K, reserved 1091584K
[2020-12-09T14:34:22.121-0500][gc,heap        ] GC(66)   class space    used 7364K, capacity 8243K, committed 8320K, reserved 1048576K
[2020-12-09T14:34:22.122-0500][gc,start       ] GC(66) Pause Young (Concurrent Start) (G1 Evacuation Pause)
[2020-12-09T14:34:22.122-0500][gc,task        ] GC(66) Using 8 workers of 8 for evacuation
[2020-12-09T14:34:22.127-0500][gc,phases      ] GC(66)   Pre Evacuate Collection Set: 1.7ms
[2020-12-09T14:34:22.127-0500][gc,phases      ] GC(66)   Evacuate Collection Set: 2.8ms
[2020-12-09T14:34:22.127-0500][gc,phases      ] GC(66)   Post Evacuate Collection Set: 1.0ms
[2020-12-09T14:34:22.127-0500][gc,phases      ] GC(66)   Other: 0.3ms
[2020-12-09T14:34:22.127-0500][gc,heap        ] GC(66) Eden regions: 11->0(11)
[2020-12-09T14:34:22.127-0500][gc,heap        ] GC(66) Survivor regions: 0->1(2)
[2020-12-09T14:34:22.127-0500][gc,heap        ] GC(66) Old regions: 47->47
[2020-12-09T14:34:22.127-0500][gc,heap        ] GC(66) Humongous regions: 4->4
[2020-12-09T14:34:22.127-0500][gc,metaspace   ] GC(66) Metaspace: 47011K->47011K(1091584K)
[2020-12-09T14:34:22.127-0500][gc,heap        ] GC(66) Heap after GC invocations=67 (full 2): garbage-first heap   total 74752K, used 48262K [0x0000000083000000, 0x0000000100000000)
[2020-12-09T14:34:22.127-0500][gc,heap        ] GC(66)   region size 1024K, 1 young (1024K), 1 survivors (1024K)
[2020-12-09T14:34:22.127-0500][gc,heap        ] GC(66)  Metaspace       used 47011K, capacity 49351K, committed 49536K, reserved 1091584K
[2020-12-09T14:34:22.127-0500][gc,heap        ] GC(66)   class space    used 7364K, capacity 8243K, committed 8320K, reserved 1048576K
[2020-12-09T14:34:22.127-0500][gc             ] GC(66) Pause Young (Concurrent Start) (G1 Evacuation Pause) 58M->47M(73M) 5.806ms
[2020-12-09T14:34:22.127-0500][gc,cpu         ] GC(66) User=0.01s Sys=0.01s Real=0.00s
[2020-12-09T14:34:22.127-0500][gc             ] GC(67) Concurrent Cycle
[2020-12-09T14:34:22.128-0500][gc,marking     ] GC(67) Concurrent Clear Claimed Marks
[2020-12-09T14:34:22.128-0500][gc,marking     ] GC(67) Concurrent Clear Claimed Marks 0.162ms
[2020-12-09T14:34:22.128-0500][gc,marking     ] GC(67) Concurrent Scan Root Regions
[2020-12-09T14:34:22.129-0500][gc,marking     ] GC(67) Concurrent Scan Root Regions 0.870ms
[2020-12-09T14:34:22.129-0500][gc,marking     ] GC(67) Concurrent Mark (413.859s)
[2020-12-09T14:34:22.129-0500][gc,marking     ] GC(67) Concurrent Mark From Roots
[2020-12-09T14:34:22.129-0500][gc,task        ] GC(67) Using 2 workers of 2 for marking
[2020-12-09T14:34:22.174-0500][gc,marking     ] GC(67) Concurrent Mark From Roots 45.786ms
[2020-12-09T14:34:22.174-0500][gc,marking     ] GC(67) Concurrent Preclean
[2020-12-09T14:34:22.175-0500][gc,marking     ] GC(67) Concurrent Preclean 0.128ms
[2020-12-09T14:34:22.175-0500][gc,marking     ] GC(67) Concurrent Mark (413.859s, 413.905s) 45.996ms
[2020-12-09T14:34:22.175-0500][gc,start       ] GC(67) Pause Remark
[2020-12-09T14:34:22.180-0500][gc,stringtable ] GC(67) Cleaned string and symbol table, strings: 29161 processed, 0 removed, symbols: 115062 processed, 0 removed
[2020-12-09T14:34:22.181-0500][gc             ] GC(67) Pause Remark 47M->47M(73M) 5.977ms
[2020-12-09T14:34:22.181-0500][gc,cpu         ] GC(67) User=0.03s Sys=0.01s Real=0.01s
[2020-12-09T14:34:22.181-0500][gc,marking     ] GC(67) Concurrent Rebuild Remembered Sets
[2020-12-09T14:34:22.209-0500][gc,marking     ] GC(67) Concurrent Rebuild Remembered Sets 27.983ms
[2020-12-09T14:34:22.210-0500][gc,start       ] GC(67) Pause Cleanup
[2020-12-09T14:34:22.210-0500][gc             ] GC(67) Pause Cleanup 47M->47M(73M) 0.190ms
[2020-12-09T14:34:22.210-0500][gc,cpu         ] GC(67) User=0.00s Sys=0.00s Real=0.00s
[2020-12-09T14:34:22.210-0500][gc,marking     ] GC(67) Concurrent Cleanup for Next Mark
[2020-12-09T14:34:22.210-0500][gc,marking     ] GC(67) Concurrent Cleanup for Next Mark 0.241ms
[2020-12-09T14:34:22.210-0500][gc             ] GC(67) Concurrent Cycle 83.029ms
[2020-12-09T14:36:22.121-0500][gc,heap        ] GC(68) Heap before GC invocations=68 (full 2): garbage-first heap   total 74752K, used 58502K [0x0000000083000000, 0x0000000100000000)
[2020-12-09T14:36:22.121-0500][gc,heap        ] GC(68)   region size 1024K, 12 young (12288K), 1 survivors (1024K)
[2020-12-09T14:36:22.121-0500][gc,heap        ] GC(68)  Metaspace       used 47138K, capacity 49494K, committed 49792K, reserved 1091584K
[2020-12-09T14:36:22.121-0500][gc,heap        ] GC(68)   class space    used 7377K, capacity 8266K, committed 8320K, reserved 1048576K
[2020-12-09T14:36:22.121-0500][gc,start       ] GC(68) Pause Young (Normal) (G1 Evacuation Pause)
[2020-12-09T14:36:22.121-0500][gc,task        ] GC(68) Using 8 workers of 8 for evacuation
[2020-12-09T14:36:22.122-0500][gc,phases      ] GC(68)   Pre Evacuate Collection Set: 0.0ms
[2020-12-09T14:36:22.122-0500][gc,phases      ] GC(68)   Evacuate Collection Set: 0.6ms
[2020-12-09T14:36:22.122-0500][gc,phases      ] GC(68)   Post Evacuate Collection Set: 0.8ms
[2020-12-09T14:36:22.122-0500][gc,phases      ] GC(68)   Other: 0.2ms
[2020-12-09T14:36:22.122-0500][gc,heap        ] GC(68) Eden regions: 11->0(11)
[2020-12-09T14:36:22.122-0500][gc,heap        ] GC(68) Survivor regions: 1->1(2)
[2020-12-09T14:36:22.122-0500][gc,heap        ] GC(68) Old regions: 47->47
[2020-12-09T14:36:22.122-0500][gc,heap        ] GC(68) Humongous regions: 4->4
[2020-12-09T14:36:22.122-0500][gc,metaspace   ] GC(68) Metaspace: 47138K->47138K(1091584K)
[2020-12-09T14:36:22.122-0500][gc,heap        ] GC(68) Heap after GC invocations=69 (full 2): garbage-first heap   total 74752K, used 48248K [0x0000000083000000, 0x0000000100000000)
[2020-12-09T14:36:22.122-0500][gc,heap        ] GC(68)   region size 1024K, 1 young (1024K), 1 survivors (1024K)
[2020-12-09T14:36:22.122-0500][gc,heap        ] GC(68)  Metaspace       used 47138K, capacity 49494K, committed 49792K, reserved 1091584K
[2020-12-09T14:36:22.122-0500][gc,heap        ] GC(68)   class space    used 7377K, capacity 8266K, committed 8320K, reserved 1048576K
[2020-12-09T14:36:22.122-0500][gc             ] GC(68) Pause Young (Normal) (G1 Evacuation Pause) 58M->47M(73M) 1.619ms
[2020-12-09T14:36:22.122-0500][gc,cpu         ] GC(68) User=0.00s Sys=0.00s Real=0.00s
[2020-12-09T14:37:31.434-0500][gc,task        ] GC(69) Using 5 workers of 8 for full compaction
[2020-12-09T14:37:31.435-0500][gc,start       ] GC(69) Pause Full (System.gc())
[2020-12-09T14:37:31.435-0500][gc,heap        ] GC(69) Heap before GC invocations=69 (full 2): garbage-first heap   total 74752K, used 53368K [0x0000000083000000, 0x0000000100000000)
[2020-12-09T14:37:31.435-0500][gc,heap        ] GC(69)   region size 1024K, 8 young (8192K), 1 survivors (1024K)
[2020-12-09T14:37:31.435-0500][gc,heap        ] GC(69)  Metaspace       used 47155K, capacity 49494K, committed 49792K, reserved 1091584K
[2020-12-09T14:37:31.435-0500][gc,heap        ] GC(69)   class space    used 7377K, capacity 8266K, committed 8320K, reserved 1048576K
[2020-12-09T14:37:31.435-0500][gc,phases,start] GC(69) Phase 1: Mark live objects
[2020-12-09T14:37:31.474-0500][gc,stringtable ] GC(69) Cleaned string and symbol table, strings: 29197 processed, 7 removed, symbols: 115108 processed, 0 removed
[2020-12-09T14:37:31.474-0500][gc,phases      ] GC(69) Phase 1: Mark live objects 39.096ms
[2020-12-09T14:37:31.474-0500][gc,phases,start] GC(69) Phase 2: Prepare for compaction
[2020-12-09T14:37:31.481-0500][gc,phases      ] GC(69) Phase 2: Prepare for compaction 6.713ms
[2020-12-09T14:37:31.481-0500][gc,phases,start] GC(69) Phase 3: Adjust pointers
[2020-12-09T14:37:31.493-0500][gc,phases      ] GC(69) Phase 3: Adjust pointers 12.787ms
[2020-12-09T14:37:31.494-0500][gc,phases,start] GC(69) Phase 4: Compact heap
[2020-12-09T14:37:31.499-0500][gc,phases      ] GC(69) Phase 4: Compact heap 5.813ms
[2020-12-09T14:37:31.505-0500][gc,heap        ] GC(69) Eden regions: 7->0(12)
[2020-12-09T14:37:31.505-0500][gc,heap        ] GC(69) Survivor regions: 1->0(2)
[2020-12-09T14:37:31.505-0500][gc,heap        ] GC(69) Old regions: 47->45
[2020-12-09T14:37:31.505-0500][gc,heap        ] GC(69) Humongous regions: 4->4
[2020-12-09T14:37:31.505-0500][gc,metaspace   ] GC(69) Metaspace: 47155K->47155K(1091584K)
[2020-12-09T14:37:31.505-0500][gc,heap        ] GC(69) Heap after GC invocations=70 (full 3): garbage-first heap   total 71680K, used 48180K [0x0000000083000000, 0x0000000100000000)
[2020-12-09T14:37:31.505-0500][gc,heap        ] GC(69)   region size 1024K, 0 young (0K), 0 survivors (0K)
[2020-12-09T14:37:31.505-0500][gc,heap        ] GC(69)  Metaspace       used 47155K, capacity 49494K, committed 49792K, reserved 1091584K
[2020-12-09T14:37:31.505-0500][gc,heap        ] GC(69)   class space    used 7377K, capacity 8266K, committed 8320K, reserved 1048576K
[2020-12-09T14:37:31.505-0500][gc             ] GC(69) Pause Full (System.gc()) 53M->47M(70M) 70.881ms
[2020-12-09T14:37:31.505-0500][gc,cpu         ] GC(69) User=0.30s Sys=0.00s Real=0.07s
[2020-12-09T14:38:56.610-0500][gc,heap        ] GC(70) Heap before GC invocations=70 (full 3): garbage-first heap   total 71680K, used 60468K [0x0000000083000000, 0x0000000100000000)
[2020-12-09T14:38:56.610-0500][gc,heap        ] GC(70)   region size 1024K, 12 young (12288K), 0 survivors (0K)
[2020-12-09T14:38:56.610-0500][gc,heap        ] GC(70)  Metaspace       used 48041K, capacity 50470K, committed 50688K, reserved 1091584K
[2020-12-09T14:38:56.610-0500][gc,heap        ] GC(70)   class space    used 7461K, capacity 8334K, committed 8448K, reserved 1048576K
[2020-12-09T14:38:56.610-0500][gc,start       ] GC(70) Pause Young (Concurrent Start) (G1 Evacuation Pause)
[2020-12-09T14:38:56.610-0500][gc,task        ] GC(70) Using 8 workers of 8 for evacuation
[2020-12-09T14:38:56.616-0500][gc,phases      ] GC(70)   Pre Evacuate Collection Set: 0.3ms
[2020-12-09T14:38:56.616-0500][gc,phases      ] GC(70)   Evacuate Collection Set: 3.8ms
[2020-12-09T14:38:56.616-0500][gc,phases      ] GC(70)   Post Evacuate Collection Set: 1.9ms
[2020-12-09T14:38:56.616-0500][gc,phases      ] GC(70)   Other: 0.3ms
[2020-12-09T14:38:56.616-0500][gc,heap        ] GC(70) Eden regions: 12->0(11)
[2020-12-09T14:38:56.616-0500][gc,heap        ] GC(70) Survivor regions: 0->1(2)
[2020-12-09T14:38:56.616-0500][gc,heap        ] GC(70) Old regions: 45->45
[2020-12-09T14:38:56.616-0500][gc,heap        ] GC(70) Humongous regions: 4->4
[2020-12-09T14:38:56.616-0500][gc,metaspace   ] GC(70) Metaspace: 48041K->48041K(1091584K)
[2020-12-09T14:38:56.616-0500][gc,heap        ] GC(70) Heap after GC invocations=71 (full 3): garbage-first heap   total 71680K, used 48527K [0x0000000083000000, 0x0000000100000000)
[2020-12-09T14:38:56.616-0500][gc,heap        ] GC(70)   region size 1024K, 1 young (1024K), 1 survivors (1024K)
[2020-12-09T14:38:56.616-0500][gc,heap        ] GC(70)  Metaspace       used 48041K, capacity 50470K, committed 50688K, reserved 1091584K
[2020-12-09T14:38:56.616-0500][gc,heap        ] GC(70)   class space    used 7461K, capacity 8334K, committed 8448K, reserved 1048576K
[2020-12-09T14:38:56.616-0500][gc             ] GC(70) Pause Young (Concurrent Start) (G1 Evacuation Pause) 59M->47M(70M) 6.316ms
[2020-12-09T14:38:56.617-0500][gc,cpu         ] GC(70) User=0.01s Sys=0.00s Real=0.00s
[2020-12-09T14:38:56.617-0500][gc             ] GC(71) Concurrent Cycle
[2020-12-09T14:38:56.617-0500][gc,marking     ] GC(71) Concurrent Clear Claimed Marks
[2020-12-09T14:38:56.617-0500][gc,marking     ] GC(71) Concurrent Clear Claimed Marks 0.072ms
[2020-12-09T14:38:56.617-0500][gc,marking     ] GC(71) Concurrent Scan Root Regions
[2020-12-09T14:38:56.618-0500][gc,marking     ] GC(71) Concurrent Scan Root Regions 1.476ms
[2020-12-09T14:38:56.618-0500][gc,marking     ] GC(71) Concurrent Mark (688.348s)
[2020-12-09T14:38:56.618-0500][gc,marking     ] GC(71) Concurrent Mark From Roots
[2020-12-09T14:38:56.618-0500][gc,task        ] GC(71) Using 2 workers of 2 for marking
[2020-12-09T14:38:56.673-0500][gc,marking     ] GC(71) Concurrent Mark From Roots 54.801ms
[2020-12-09T14:38:56.673-0500][gc,marking     ] GC(71) Concurrent Preclean
[2020-12-09T14:38:56.673-0500][gc,marking     ] GC(71) Concurrent Preclean 0.147ms
[2020-12-09T14:38:56.673-0500][gc,marking     ] GC(71) Concurrent Mark (688.348s, 688.403s) 55.055ms
[2020-12-09T14:38:56.674-0500][gc,start       ] GC(71) Pause Remark
[2020-12-09T14:38:56.680-0500][gc,stringtable ] GC(71) Cleaned string and symbol table, strings: 29553 processed, 0 removed, symbols: 116802 processed, 5 removed
[2020-12-09T14:38:56.680-0500][gc             ] GC(71) Pause Remark 47M->47M(70M) 6.788ms
[2020-12-09T14:38:56.680-0500][gc,cpu         ] GC(71) User=0.04s Sys=0.00s Real=0.01s
[2020-12-09T14:38:56.680-0500][gc,marking     ] GC(71) Concurrent Rebuild Remembered Sets
[2020-12-09T14:38:56.705-0500][gc,marking     ] GC(71) Concurrent Rebuild Remembered Sets 24.953ms
[2020-12-09T14:38:56.706-0500][gc,start       ] GC(71) Pause Cleanup
[2020-12-09T14:38:56.706-0500][gc             ] GC(71) Pause Cleanup 47M->47M(70M) 0.333ms
[2020-12-09T14:38:56.706-0500][gc,cpu         ] GC(71) User=0.00s Sys=0.00s Real=0.00s
[2020-12-09T14:38:56.706-0500][gc,marking     ] GC(71) Concurrent Cleanup for Next Mark
[2020-12-09T14:38:56.707-0500][gc,marking     ] GC(71) Concurrent Cleanup for Next Mark 0.148ms
[2020-12-09T14:38:56.707-0500][gc             ] GC(71) Concurrent Cycle 89.988ms
[2020-12-09T14:40:45.879-0500][gc,heap        ] GC(72) Heap before GC invocations=72 (full 3): garbage-first heap   total 71680K, used 58767K [0x0000000083000000, 0x0000000100000000)
[2020-12-09T14:40:45.879-0500][gc,heap        ] GC(72)   region size 1024K, 12 young (12288K), 1 survivors (1024K)
[2020-12-09T14:40:45.879-0500][gc,heap        ] GC(72)  Metaspace       used 48089K, capacity 50534K, committed 50688K, reserved 1091584K
[2020-12-09T14:40:45.879-0500][gc,heap        ] GC(72)   class space    used 7467K, capacity 8334K, committed 8448K, reserved 1048576K
[2020-12-09T14:40:45.879-0500][gc,start       ] GC(72) Pause Young (Normal) (G1 Evacuation Pause)
[2020-12-09T14:40:45.879-0500][gc,task        ] GC(72) Using 8 workers of 8 for evacuation
[2020-12-09T14:40:45.885-0500][gc,phases      ] GC(72)   Pre Evacuate Collection Set: 0.0ms
[2020-12-09T14:40:45.885-0500][gc,phases      ] GC(72)   Evacuate Collection Set: 2.7ms
[2020-12-09T14:40:45.885-0500][gc,phases      ] GC(72)   Post Evacuate Collection Set: 2.6ms
[2020-12-09T14:40:45.885-0500][gc,phases      ] GC(72)   Other: 0.4ms
[2020-12-09T14:40:45.885-0500][gc,heap        ] GC(72) Eden regions: 11->0(11)
[2020-12-09T14:40:45.885-0500][gc,heap        ] GC(72) Survivor regions: 1->1(2)
[2020-12-09T14:40:45.885-0500][gc,heap        ] GC(72) Old regions: 45->45
[2020-12-09T14:40:45.885-0500][gc,heap        ] GC(72) Humongous regions: 4->4
[2020-12-09T14:40:45.885-0500][gc,metaspace   ] GC(72) Metaspace: 48089K->48089K(1091584K)
[2020-12-09T14:40:45.885-0500][gc,heap        ] GC(72) Heap after GC invocations=73 (full 3): garbage-first heap   total 71680K, used 48526K [0x0000000083000000, 0x0000000100000000)
[2020-12-09T14:40:45.885-0500][gc,heap        ] GC(72)   region size 1024K, 1 young (1024K), 1 survivors (1024K)
[2020-12-09T14:40:45.885-0500][gc,heap        ] GC(72)  Metaspace       used 48089K, capacity 50534K, committed 50688K, reserved 1091584K
[2020-12-09T14:40:45.885-0500][gc,heap        ] GC(72)   class space    used 7467K, capacity 8334K, committed 8448K, reserved 1048576K
[2020-12-09T14:40:45.885-0500][gc             ] GC(72) Pause Young (Normal) (G1 Evacuation Pause) 58M->47M(70M) 5.949ms
[2020-12-09T14:40:45.886-0500][gc,cpu         ] GC(72) User=0.02s Sys=0.00s Real=0.00s
[2020-12-09T14:42:31.437-0500][gc,task        ] GC(73) Using 5 workers of 8 for full compaction
[2020-12-09T14:42:31.437-0500][gc,start       ] GC(73) Pause Full (System.gc())
[2020-12-09T14:42:31.437-0500][gc,heap        ] GC(73) Heap before GC invocations=73 (full 3): garbage-first heap   total 71680K, used 57742K [0x0000000083000000, 0x0000000100000000)
[2020-12-09T14:42:31.437-0500][gc,heap        ] GC(73)   region size 1024K, 11 young (11264K), 1 survivors (1024K)
[2020-12-09T14:42:31.437-0500][gc,heap        ] GC(73)  Metaspace       used 48098K, capacity 50535K, committed 50688K, reserved 1091584K
[2020-12-09T14:42:31.437-0500][gc,heap        ] GC(73)   class space    used 7467K, capacity 8334K, committed 8448K, reserved 1048576K
[2020-12-09T14:42:31.437-0500][gc,phases,start] GC(73) Phase 1: Mark live objects
[2020-12-09T14:42:31.466-0500][gc,stringtable ] GC(73) Cleaned string and symbol table, strings: 29571 processed, 7 removed, symbols: 116797 processed, 0 removed
[2020-12-09T14:42:31.466-0500][gc,phases      ] GC(73) Phase 1: Mark live objects 29.040ms
[2020-12-09T14:42:31.466-0500][gc,phases,start] GC(73) Phase 2: Prepare for compaction
[2020-12-09T14:42:31.471-0500][gc,phases      ] GC(73) Phase 2: Prepare for compaction 4.793ms
[2020-12-09T14:42:31.471-0500][gc,phases,start] GC(73) Phase 3: Adjust pointers
[2020-12-09T14:42:31.484-0500][gc,phases      ] GC(73) Phase 3: Adjust pointers 12.966ms
[2020-12-09T14:42:31.484-0500][gc,phases,start] GC(73) Phase 4: Compact heap
[2020-12-09T14:42:31.489-0500][gc,phases      ] GC(73) Phase 4: Compact heap 4.702ms
[2020-12-09T14:42:31.495-0500][gc,heap        ] GC(73) Eden regions: 10->0(11)
[2020-12-09T14:42:31.495-0500][gc,heap        ] GC(73) Survivor regions: 1->0(2)
[2020-12-09T14:42:31.495-0500][gc,heap        ] GC(73) Old regions: 45->46
[2020-12-09T14:42:31.495-0500][gc,heap        ] GC(73) Humongous regions: 4->4
[2020-12-09T14:42:31.495-0500][gc,metaspace   ] GC(73) Metaspace: 48098K->48098K(1091584K)
[2020-12-09T14:42:31.495-0500][gc,heap        ] GC(73) Heap after GC invocations=74 (full 4): garbage-first heap   total 71680K, used 48437K [0x0000000083000000, 0x0000000100000000)
[2020-12-09T14:42:31.495-0500][gc,heap        ] GC(73)   region size 1024K, 0 young (0K), 0 survivors (0K)
[2020-12-09T14:42:31.496-0500][gc,heap        ] GC(73)  Metaspace       used 48098K, capacity 50535K, committed 50688K, reserved 1091584K
[2020-12-09T14:42:31.496-0500][gc,heap        ] GC(73)   class space    used 7467K, capacity 8334K, committed 8448K, reserved 1048576K
[2020-12-09T14:42:31.496-0500][gc             ] GC(73) Pause Full (System.gc()) 56M->47M(70M) 58.444ms
[2020-12-09T14:42:31.496-0500][gc,cpu         ] GC(73) User=0.25s Sys=0.00s Real=0.06s
[2020-12-09T14:44:26.083-0500][gc,heap        ] GC(74) Heap before GC invocations=74 (full 4): garbage-first heap   total 71680K, used 59701K [0x0000000083000000, 0x0000000100000000)
[2020-12-09T14:44:26.083-0500][gc,heap        ] GC(74)   region size 1024K, 11 young (11264K), 0 survivors (0K)
[2020-12-09T14:44:26.083-0500][gc,heap        ] GC(74)  Metaspace       used 48122K, capacity 50535K, committed 50688K, reserved 1091584K
[2020-12-09T14:44:26.083-0500][gc,heap        ] GC(74)   class space    used 7468K, capacity 8334K, committed 8448K, reserved 1048576K
[2020-12-09T14:44:26.083-0500][gc,start       ] GC(74) Pause Young (Concurrent Start) (G1 Evacuation Pause)
[2020-12-09T14:44:26.083-0500][gc,task        ] GC(74) Using 8 workers of 8 for evacuation
[2020-12-09T14:44:26.088-0500][gc,phases      ] GC(74)   Pre Evacuate Collection Set: 0.2ms
[2020-12-09T14:44:26.088-0500][gc,phases      ] GC(74)   Evacuate Collection Set: 4.2ms
[2020-12-09T14:44:26.088-0500][gc,phases      ] GC(74)   Post Evacuate Collection Set: 0.9ms
[2020-12-09T14:44:26.088-0500][gc,phases      ] GC(74)   Other: 0.4ms
[2020-12-09T14:44:26.088-0500][gc,heap        ] GC(74) Eden regions: 11->0(10)
[2020-12-09T14:44:26.088-0500][gc,heap        ] GC(74) Survivor regions: 0->1(2)
[2020-12-09T14:44:26.088-0500][gc,heap        ] GC(74) Old regions: 46->46
[2020-12-09T14:44:26.088-0500][gc,heap        ] GC(74) Humongous regions: 4->4
[2020-12-09T14:44:26.088-0500][gc,metaspace   ] GC(74) Metaspace: 48122K->48122K(1091584K)
[2020-12-09T14:44:26.088-0500][gc,heap        ] GC(74) Heap after GC invocations=75 (full 4): garbage-first heap   total 71680K, used 48510K [0x0000000083000000, 0x0000000100000000)
[2020-12-09T14:44:26.088-0500][gc,heap        ] GC(74)   region size 1024K, 1 young (1024K), 1 survivors (1024K)
[2020-12-09T14:44:26.088-0500][gc,heap        ] GC(74)  Metaspace       used 48122K, capacity 50535K, committed 50688K, reserved 1091584K
[2020-12-09T14:44:26.088-0500][gc,heap        ] GC(74)   class space    used 7468K, capacity 8334K, committed 8448K, reserved 1048576K
[2020-12-09T14:44:26.089-0500][gc             ] GC(74) Pause Young (Concurrent Start) (G1 Evacuation Pause) 58M->47M(70M) 5.795ms
[2020-12-09T14:44:26.089-0500][gc,cpu         ] GC(74) User=0.02s Sys=0.00s Real=0.01s
[2020-12-09T14:44:26.089-0500][gc             ] GC(75) Concurrent Cycle
[2020-12-09T14:44:26.089-0500][gc,marking     ] GC(75) Concurrent Clear Claimed Marks
[2020-12-09T14:44:26.089-0500][gc,marking     ] GC(75) Concurrent Clear Claimed Marks 0.172ms
[2020-12-09T14:44:26.089-0500][gc,marking     ] GC(75) Concurrent Scan Root Regions
[2020-12-09T14:44:26.090-0500][gc,marking     ] GC(75) Concurrent Scan Root Regions 0.896ms
[2020-12-09T14:44:26.090-0500][gc,marking     ] GC(75) Concurrent Mark (1017.820s)
[2020-12-09T14:44:26.090-0500][gc,marking     ] GC(75) Concurrent Mark From Roots
[2020-12-09T14:44:26.090-0500][gc,task        ] GC(75) Using 2 workers of 2 for marking
[2020-12-09T14:44:26.140-0500][gc,marking     ] GC(75) Concurrent Mark From Roots 50.431ms
[2020-12-09T14:44:26.140-0500][gc,marking     ] GC(75) Concurrent Preclean
[2020-12-09T14:44:26.140-0500][gc,marking     ] GC(75) Concurrent Preclean 0.122ms
[2020-12-09T14:44:26.140-0500][gc,marking     ] GC(75) Concurrent Mark (1017.820s, 1017.870s) 50.629ms
[2020-12-09T14:44:26.141-0500][gc,start       ] GC(75) Pause Remark
[2020-12-09T14:44:26.148-0500][gc,stringtable ] GC(75) Cleaned string and symbol table, strings: 29602 processed, 0 removed, symbols: 116799 processed, 0 removed
[2020-12-09T14:44:26.148-0500][gc             ] GC(75) Pause Remark 47M->47M(70M) 7.535ms
[2020-12-09T14:44:26.148-0500][gc,cpu         ] GC(75) User=0.05s Sys=0.00s Real=0.01s
[2020-12-09T14:44:26.148-0500][gc,marking     ] GC(75) Concurrent Rebuild Remembered Sets
[2020-12-09T14:44:26.170-0500][gc,marking     ] GC(75) Concurrent Rebuild Remembered Sets 22.050ms
[2020-12-09T14:44:26.171-0500][gc,start       ] GC(75) Pause Cleanup
[2020-12-09T14:44:26.171-0500][gc             ] GC(75) Pause Cleanup 47M->47M(70M) 0.190ms
[2020-12-09T14:44:26.171-0500][gc,cpu         ] GC(75) User=0.00s Sys=0.00s Real=0.00s
[2020-12-09T14:44:26.171-0500][gc,marking     ] GC(75) Concurrent Cleanup for Next Mark
[2020-12-09T14:44:26.171-0500][gc,marking     ] GC(75) Concurrent Cleanup for Next Mark 0.174ms
[2020-12-09T14:44:26.171-0500][gc             ] GC(75) Concurrent Cycle 82.582ms
[2020-12-09T14:46:12.129-0500][gc,heap        ] GC(76) Heap before GC invocations=76 (full 4): garbage-first heap   total 71680K, used 57726K [0x0000000083000000, 0x0000000100000000)
[2020-12-09T14:46:12.129-0500][gc,heap        ] GC(76)   region size 1024K, 11 young (11264K), 1 survivors (1024K)
[2020-12-09T14:46:12.129-0500][gc,heap        ] GC(76)  Metaspace       used 48147K, capacity 50553K, committed 50688K, reserved 1091584K
[2020-12-09T14:46:12.129-0500][gc,heap        ] GC(76)   class space    used 7468K, capacity 8334K, committed 8448K, reserved 1048576K
[2020-12-09T14:46:12.129-0500][gc,start       ] GC(76) Pause Young (Normal) (G1 Evacuation Pause)
[2020-12-09T14:46:12.129-0500][gc,task        ] GC(76) Using 8 workers of 8 for evacuation
[2020-12-09T14:46:12.133-0500][gc,phases      ] GC(76)   Pre Evacuate Collection Set: 0.1ms
[2020-12-09T14:46:12.133-0500][gc,phases      ] GC(76)   Evacuate Collection Set: 1.8ms
[2020-12-09T14:46:12.133-0500][gc,phases      ] GC(76)   Post Evacuate Collection Set: 1.8ms
[2020-12-09T14:46:12.133-0500][gc,phases      ] GC(76)   Other: 0.4ms
[2020-12-09T14:46:12.133-0500][gc,heap        ] GC(76) Eden regions: 10->0(11)
[2020-12-09T14:46:12.133-0500][gc,heap        ] GC(76) Survivor regions: 1->1(2)
[2020-12-09T14:46:12.133-0500][gc,heap        ] GC(76) Old regions: 46->46
[2020-12-09T14:46:12.133-0500][gc,heap        ] GC(76) Humongous regions: 4->4
[2020-12-09T14:46:12.133-0500][gc,metaspace   ] GC(76) Metaspace: 48147K->48147K(1091584K)
[2020-12-09T14:46:12.133-0500][gc,heap        ] GC(76) Heap after GC invocations=77 (full 4): garbage-first heap   total 71680K, used 48496K [0x0000000083000000, 0x0000000100000000)
[2020-12-09T14:46:12.133-0500][gc,heap        ] GC(76)   region size 1024K, 1 young (1024K), 1 survivors (1024K)
[2020-12-09T14:46:12.133-0500][gc,heap        ] GC(76)  Metaspace       used 48147K, capacity 50553K, committed 50688K, reserved 1091584K
[2020-12-09T14:46:12.133-0500][gc,heap        ] GC(76)   class space    used 7468K, capacity 8334K, committed 8448K, reserved 1048576K
[2020-12-09T14:46:12.133-0500][gc             ] GC(76) Pause Young (Normal) (G1 Evacuation Pause) 57M->47M(70M) 4.381ms
[2020-12-09T14:46:12.133-0500][gc,cpu         ] GC(76) User=0.01s Sys=0.01s Real=0.00s
[2020-12-09T14:47:31.437-0500][gc,task        ] GC(77) Using 5 workers of 8 for full compaction
[2020-12-09T14:47:31.437-0500][gc,start       ] GC(77) Pause Full (System.gc())
[2020-12-09T14:47:31.438-0500][gc,heap        ] GC(77) Heap before GC invocations=77 (full 4): garbage-first heap   total 71680K, used 53616K [0x0000000083000000, 0x0000000100000000)
[2020-12-09T14:47:31.438-0500][gc,heap        ] GC(77)   region size 1024K, 8 young (8192K), 1 survivors (1024K)
[2020-12-09T14:47:31.438-0500][gc,heap        ] GC(77)  Metaspace       used 48209K, capacity 50583K, committed 50944K, reserved 1091584K
[2020-12-09T14:47:31.438-0500][gc,heap        ] GC(77)   class space    used 7468K, capacity 8334K, committed 8448K, reserved 1048576K
[2020-12-09T14:47:31.438-0500][gc,phases,start] GC(77) Phase 1: Mark live objects
[2020-12-09T14:47:31.494-0500][gc,stringtable ] GC(77) Cleaned string and symbol table, strings: 29641 processed, 7 removed, symbols: 116802 processed, 0 removed
[2020-12-09T14:47:31.494-0500][gc,phases      ] GC(77) Phase 1: Mark live objects 55.869ms
[2020-12-09T14:47:31.494-0500][gc,phases,start] GC(77) Phase 2: Prepare for compaction
[2020-12-09T14:47:31.502-0500][gc,phases      ] GC(77) Phase 2: Prepare for compaction 7.462ms
[2020-12-09T14:47:31.502-0500][gc,phases,start] GC(77) Phase 3: Adjust pointers
[2020-12-09T14:47:31.519-0500][gc,phases      ] GC(77) Phase 3: Adjust pointers 16.596ms
[2020-12-09T14:47:31.519-0500][gc,phases,start] GC(77) Phase 4: Compact heap
[2020-12-09T14:47:31.525-0500][gc,phases      ] GC(77) Phase 4: Compact heap 6.391ms
[2020-12-09T14:47:31.532-0500][gc,heap        ] GC(77) Eden regions: 7->0(12)
[2020-12-09T14:47:31.532-0500][gc,heap        ] GC(77) Survivor regions: 1->0(2)
[2020-12-09T14:47:31.532-0500][gc,heap        ] GC(77) Old regions: 46->45
[2020-12-09T14:47:31.532-0500][gc,heap        ] GC(77) Humongous regions: 4->4
[2020-12-09T14:47:31.532-0500][gc,metaspace   ] GC(77) Metaspace: 48209K->48209K(1091584K)
[2020-12-09T14:47:31.532-0500][gc,heap        ] GC(77) Heap after GC invocations=78 (full 5): garbage-first heap   total 71680K, used 48436K [0x0000000083000000, 0x0000000100000000)
[2020-12-09T14:47:31.532-0500][gc,heap        ] GC(77)   region size 1024K, 0 young (0K), 0 survivors (0K)
[2020-12-09T14:47:31.532-0500][gc,heap        ] GC(77)  Metaspace       used 48209K, capacity 50583K, committed 50944K, reserved 1091584K
[2020-12-09T14:47:31.532-0500][gc,heap        ] GC(77)   class space    used 7468K, capacity 8334K, committed 8448K, reserved 1048576K
[2020-12-09T14:47:31.532-0500][gc             ] GC(77) Pause Full (System.gc()) 53M->47M(70M) 94.737ms
[2020-12-09T14:47:31.532-0500][gc,cpu         ] GC(77) User=0.39s Sys=0.01s Real=0.10s
[2020-12-09T14:49:42.110-0500][gc,heap        ] GC(78) Heap before GC invocations=78 (full 5): garbage-first heap   total 71680K, used 60724K [0x0000000083000000, 0x0000000100000000)
[2020-12-09T14:49:42.110-0500][gc,heap        ] GC(78)   region size 1024K, 12 young (12288K), 0 survivors (0K)
[2020-12-09T14:49:42.110-0500][gc,heap        ] GC(78)  Metaspace       used 48275K, capacity 50647K, committed 50944K, reserved 1091584K
[2020-12-09T14:49:42.110-0500][gc,heap        ] GC(78)   class space    used 7468K, capacity 8334K, committed 8448K, reserved 1048576K
[2020-12-09T14:49:42.110-0500][gc,start       ] GC(78) Pause Young (Concurrent Start) (G1 Evacuation Pause)
[2020-12-09T14:49:42.110-0500][gc,task        ] GC(78) Using 8 workers of 8 for evacuation
[2020-12-09T14:49:42.113-0500][gc,phases      ] GC(78)   Pre Evacuate Collection Set: 0.3ms
[2020-12-09T14:49:42.113-0500][gc,phases      ] GC(78)   Evacuate Collection Set: 1.2ms
[2020-12-09T14:49:42.113-0500][gc,phases      ] GC(78)   Post Evacuate Collection Set: 0.9ms
[2020-12-09T14:49:42.113-0500][gc,phases      ] GC(78)   Other: 0.2ms
[2020-12-09T14:49:42.113-0500][gc,heap        ] GC(78) Eden regions: 12->0(12)
[2020-12-09T14:49:42.113-0500][gc,heap        ] GC(78) Survivor regions: 0->1(2)
[2020-12-09T14:49:42.113-0500][gc,heap        ] GC(78) Old regions: 45->45
[2020-12-09T14:49:42.113-0500][gc,heap        ] GC(78) Humongous regions: 4->4
[2020-12-09T14:49:42.113-0500][gc,metaspace   ] GC(78) Metaspace: 48275K->48275K(1091584K)
[2020-12-09T14:49:42.113-0500][gc,heap        ] GC(78) Heap after GC invocations=79 (full 5): garbage-first heap   total 71680K, used 48645K [0x0000000083000000, 0x0000000100000000)
[2020-12-09T14:49:42.113-0500][gc,heap        ] GC(78)   region size 1024K, 1 young (1024K), 1 survivors (1024K)
[2020-12-09T14:49:42.113-0500][gc,heap        ] GC(78)  Metaspace       used 48275K, capacity 50647K, committed 50944K, reserved 1091584K
[2020-12-09T14:49:42.113-0500][gc,heap        ] GC(78)   class space    used 7468K, capacity 8334K, committed 8448K, reserved 1048576K
[2020-12-09T14:49:42.113-0500][gc             ] GC(78) Pause Young (Concurrent Start) (G1 Evacuation Pause) 59M->47M(70M) 2.700ms
[2020-12-09T14:49:42.113-0500][gc,cpu         ] GC(78) User=0.01s Sys=0.00s Real=0.00s
[2020-12-09T14:49:42.113-0500][gc             ] GC(79) Concurrent Cycle
[2020-12-09T14:49:42.113-0500][gc,marking     ] GC(79) Concurrent Clear Claimed Marks
[2020-12-09T14:49:42.113-0500][gc,marking     ] GC(79) Concurrent Clear Claimed Marks 0.088ms
[2020-12-09T14:49:42.113-0500][gc,marking     ] GC(79) Concurrent Scan Root Regions
[2020-12-09T14:49:42.114-0500][gc,marking     ] GC(79) Concurrent Scan Root Regions 0.754ms
[2020-12-09T14:49:42.114-0500][gc,marking     ] GC(79) Concurrent Mark (1333.844s)
[2020-12-09T14:49:42.114-0500][gc,marking     ] GC(79) Concurrent Mark From Roots
[2020-12-09T14:49:42.114-0500][gc,task        ] GC(79) Using 2 workers of 2 for marking
[2020-12-09T14:49:42.164-0500][gc,marking     ] GC(79) Concurrent Mark From Roots 49.862ms
[2020-12-09T14:49:42.164-0500][gc,marking     ] GC(79) Concurrent Preclean
[2020-12-09T14:49:42.164-0500][gc,marking     ] GC(79) Concurrent Preclean 0.120ms
[2020-12-09T14:49:42.164-0500][gc,marking     ] GC(79) Concurrent Mark (1333.844s, 1333.894s) 50.059ms
[2020-12-09T14:49:42.164-0500][gc,start       ] GC(79) Pause Remark
[2020-12-09T14:49:42.170-0500][gc,stringtable ] GC(79) Cleaned string and symbol table, strings: 29695 processed, 0 removed, symbols: 116802 processed, 0 removed
[2020-12-09T14:49:42.170-0500][gc             ] GC(79) Pause Remark 48M->48M(70M) 5.618ms
[2020-12-09T14:49:42.170-0500][gc,cpu         ] GC(79) User=0.03s Sys=0.00s Real=0.01s
[2020-12-09T14:49:42.170-0500][gc,marking     ] GC(79) Concurrent Rebuild Remembered Sets
[2020-12-09T14:49:42.191-0500][gc,marking     ] GC(79) Concurrent Rebuild Remembered Sets 20.960ms
[2020-12-09T14:49:42.192-0500][gc,start       ] GC(79) Pause Cleanup
[2020-12-09T14:49:42.192-0500][gc             ] GC(79) Pause Cleanup 48M->48M(70M) 0.155ms
[2020-12-09T14:49:42.192-0500][gc,cpu         ] GC(79) User=0.00s Sys=0.00s Real=0.00s
[2020-12-09T14:49:42.192-0500][gc,marking     ] GC(79) Concurrent Cleanup for Next Mark
[2020-12-09T14:49:42.192-0500][gc,marking     ] GC(79) Concurrent Cleanup for Next Mark 0.201ms
[2020-12-09T14:49:42.192-0500][gc             ] GC(79) Concurrent Cycle 78.840ms
[2020-12-09T14:51:52.123-0500][gc,heap        ] GC(80) Heap before GC invocations=80 (full 5): garbage-first heap   total 71680K, used 60933K [0x0000000083000000, 0x0000000100000000)
[2020-12-09T14:51:52.123-0500][gc,heap        ] GC(80)   region size 1024K, 13 young (13312K), 1 survivors (1024K)
[2020-12-09T14:51:52.123-0500][gc,heap        ] GC(80)  Metaspace       used 48276K, capacity 50647K, committed 50944K, reserved 1091584K
[2020-12-09T14:51:52.123-0500][gc,heap        ] GC(80)   class space    used 7468K, capacity 8334K, committed 8448K, reserved 1048576K
[2020-12-09T14:51:52.123-0500][gc,start       ] GC(80) Pause Young (Normal) (G1 Evacuation Pause)
[2020-12-09T14:51:52.123-0500][gc,task        ] GC(80) Using 8 workers of 8 for evacuation
[2020-12-09T14:51:52.125-0500][gc,phases      ] GC(80)   Pre Evacuate Collection Set: 0.0ms
[2020-12-09T14:51:52.125-0500][gc,phases      ] GC(80)   Evacuate Collection Set: 0.6ms
[2020-12-09T14:51:52.125-0500][gc,phases      ] GC(80)   Post Evacuate Collection Set: 0.8ms
[2020-12-09T14:51:52.125-0500][gc,phases      ] GC(80)   Other: 0.2ms
[2020-12-09T14:51:52.125-0500][gc,heap        ] GC(80) Eden regions: 12->0(12)
[2020-12-09T14:51:52.125-0500][gc,heap        ] GC(80) Survivor regions: 1->1(2)
[2020-12-09T14:51:52.125-0500][gc,heap        ] GC(80) Old regions: 45->45
[2020-12-09T14:51:52.125-0500][gc,heap        ] GC(80) Humongous regions: 4->4
[2020-12-09T14:51:52.125-0500][gc,metaspace   ] GC(80) Metaspace: 48276K->48276K(1091584K)
[2020-12-09T14:51:52.125-0500][gc,heap        ] GC(80) Heap after GC invocations=81 (full 5): garbage-first heap   total 71680K, used 48498K [0x0000000083000000, 0x0000000100000000)
[2020-12-09T14:51:52.125-0500][gc,heap        ] GC(80)   region size 1024K, 1 young (1024K), 1 survivors (1024K)
[2020-12-09T14:51:52.125-0500][gc,heap        ] GC(80)  Metaspace       used 48276K, capacity 50647K, committed 50944K, reserved 1091584K
[2020-12-09T14:51:52.125-0500][gc,heap        ] GC(80)   class space    used 7468K, capacity 8334K, committed 8448K, reserved 1048576K
[2020-12-09T14:51:52.125-0500][gc             ] GC(80) Pause Young (Normal) (G1 Evacuation Pause) 59M->47M(70M) 1.697ms
[2020-12-09T14:51:52.125-0500][gc,cpu         ] GC(80) User=0.00s Sys=0.00s Real=0.00s
[2020-12-09T14:52:31.437-0500][gc,task        ] GC(81) Using 5 workers of 8 for full compaction
[2020-12-09T14:52:31.437-0500][gc,start       ] GC(81) Pause Full (System.gc())
[2020-12-09T14:52:31.437-0500][gc,heap        ] GC(81) Heap before GC invocations=81 (full 5): garbage-first heap   total 71680K, used 50546K [0x0000000083000000, 0x0000000100000000)
[2020-12-09T14:52:31.437-0500][gc,heap        ] GC(81)   region size 1024K, 5 young (5120K), 1 survivors (1024K)
[2020-12-09T14:52:31.437-0500][gc,heap        ] GC(81)  Metaspace       used 48286K, capacity 50647K, committed 50944K, reserved 1091584K
[2020-12-09T14:52:31.437-0500][gc,heap        ] GC(81)   class space    used 7468K, capacity 8334K, committed 8448K, reserved 1048576K
[2020-12-09T14:52:31.438-0500][gc,phases,start] GC(81) Phase 1: Mark live objects
[2020-12-09T14:52:31.470-0500][gc,stringtable ] GC(81) Cleaned string and symbol table, strings: 29712 processed, 6 removed, symbols: 116802 processed, 0 removed
[2020-12-09T14:52:31.470-0500][gc,phases      ] GC(81) Phase 1: Mark live objects 32.575ms
[2020-12-09T14:52:31.470-0500][gc,phases,start] GC(81) Phase 2: Prepare for compaction
[2020-12-09T14:52:31.475-0500][gc,phases      ] GC(81) Phase 2: Prepare for compaction 4.657ms
[2020-12-09T14:52:31.475-0500][gc,phases,start] GC(81) Phase 3: Adjust pointers
[2020-12-09T14:52:31.488-0500][gc,phases      ] GC(81) Phase 3: Adjust pointers 13.094ms
[2020-12-09T14:52:31.488-0500][gc,phases,start] GC(81) Phase 4: Compact heap
[2020-12-09T14:52:31.492-0500][gc,phases      ] GC(81) Phase 4: Compact heap 3.577ms
[2020-12-09T14:52:31.499-0500][gc,heap        ] GC(81) Eden regions: 4->0(13)
[2020-12-09T14:52:31.499-0500][gc,heap        ] GC(81) Survivor regions: 1->0(2)
[2020-12-09T14:52:31.499-0500][gc,heap        ] GC(81) Old regions: 45->45
[2020-12-09T14:52:31.499-0500][gc,heap        ] GC(81) Humongous regions: 4->4
[2020-12-09T14:52:31.499-0500][gc,metaspace   ] GC(81) Metaspace: 48286K->48286K(1091584K)
[2020-12-09T14:52:31.499-0500][gc,heap        ] GC(81) Heap after GC invocations=82 (full 6): garbage-first heap   total 71680K, used 48434K [0x0000000083000000, 0x0000000100000000)
[2020-12-09T14:52:31.499-0500][gc,heap        ] GC(81)   region size 1024K, 0 young (0K), 0 survivors (0K)
[2020-12-09T14:52:31.499-0500][gc,heap        ] GC(81)  Metaspace       used 48286K, capacity 50647K, committed 50944K, reserved 1091584K
[2020-12-09T14:52:31.499-0500][gc,heap        ] GC(81)   class space    used 7468K, capacity 8334K, committed 8448K, reserved 1048576K
[2020-12-09T14:52:31.499-0500][gc             ] GC(81) Pause Full (System.gc()) 50M->47M(70M) 61.471ms
[2020-12-09T14:52:31.499-0500][gc,cpu         ] GC(81) User=0.26s Sys=0.01s Real=0.07s
[2020-12-09T14:54:52.127-0500][gc,heap        ] GC(82) Heap before GC invocations=82 (full 6): garbage-first heap   total 71680K, used 61746K [0x0000000083000000, 0x0000000100000000)
[2020-12-09T14:54:52.127-0500][gc,heap        ] GC(82)   region size 1024K, 13 young (13312K), 0 survivors (0K)
[2020-12-09T14:54:52.127-0500][gc,heap        ] GC(82)  Metaspace       used 48297K, capacity 50647K, committed 50944K, reserved 1091584K
[2020-12-09T14:54:52.127-0500][gc,heap        ] GC(82)   class space    used 7468K, capacity 8334K, committed 8448K, reserved 1048576K
[2020-12-09T14:54:52.127-0500][gc,start       ] GC(82) Pause Young (Concurrent Start) (G1 Evacuation Pause)
[2020-12-09T14:54:52.127-0500][gc,task        ] GC(82) Using 8 workers of 8 for evacuation
[2020-12-09T14:54:52.134-0500][gc,phases      ] GC(82)   Pre Evacuate Collection Set: 0.6ms
[2020-12-09T14:54:52.134-0500][gc,phases      ] GC(82)   Evacuate Collection Set: 2.7ms
[2020-12-09T14:54:52.134-0500][gc,phases      ] GC(82)   Post Evacuate Collection Set: 2.8ms
[2020-12-09T14:54:52.134-0500][gc,phases      ] GC(82)   Other: 0.8ms
[2020-12-09T14:54:52.134-0500][gc,heap        ] GC(82) Eden regions: 13->0(12)
[2020-12-09T14:54:52.134-0500][gc,heap        ] GC(82) Survivor regions: 0->1(2)
[2020-12-09T14:54:52.134-0500][gc,heap        ] GC(82) Old regions: 45->45
[2020-12-09T14:54:52.134-0500][gc,heap        ] GC(82) Humongous regions: 4->4
[2020-12-09T14:54:52.134-0500][gc,metaspace   ] GC(82) Metaspace: 48297K->48297K(1091584K)
[2020-12-09T14:54:52.134-0500][gc,heap        ] GC(82) Heap after GC invocations=83 (full 6): garbage-first heap   total 71680K, used 48496K [0x0000000083000000, 0x0000000100000000)
[2020-12-09T14:54:52.134-0500][gc,heap        ] GC(82)   region size 1024K, 1 young (1024K), 1 survivors (1024K)
[2020-12-09T14:54:52.134-0500][gc,heap        ] GC(82)  Metaspace       used 48297K, capacity 50647K, committed 50944K, reserved 1091584K
[2020-12-09T14:54:52.134-0500][gc,heap        ] GC(82)   class space    used 7468K, capacity 8334K, committed 8448K, reserved 1048576K
[2020-12-09T14:54:52.134-0500][gc             ] GC(82) Pause Young (Concurrent Start) (G1 Evacuation Pause) 60M->47M(70M) 6.862ms
[2020-12-09T14:54:52.134-0500][gc,cpu         ] GC(82) User=0.01s Sys=0.00s Real=0.01s
[2020-12-09T14:54:52.134-0500][gc             ] GC(83) Concurrent Cycle
[2020-12-09T14:54:52.135-0500][gc,marking     ] GC(83) Concurrent Clear Claimed Marks
[2020-12-09T14:54:52.135-0500][gc,marking     ] GC(83) Concurrent Clear Claimed Marks 0.211ms
[2020-12-09T14:54:52.135-0500][gc,marking     ] GC(83) Concurrent Scan Root Regions
[2020-12-09T14:54:52.136-0500][gc,marking     ] GC(83) Concurrent Scan Root Regions 1.233ms
[2020-12-09T14:54:52.136-0500][gc,marking     ] GC(83) Concurrent Mark (1643.866s)
[2020-12-09T14:54:52.136-0500][gc,marking     ] GC(83) Concurrent Mark From Roots
[2020-12-09T14:54:52.136-0500][gc,task        ] GC(83) Using 2 workers of 2 for marking
[2020-12-09T14:54:52.216-0500][gc,marking     ] GC(83) Concurrent Mark From Roots 79.474ms
[2020-12-09T14:54:52.216-0500][gc,marking     ] GC(83) Concurrent Preclean
[2020-12-09T14:54:52.216-0500][gc,marking     ] GC(83) Concurrent Preclean 0.120ms
[2020-12-09T14:54:52.216-0500][gc,marking     ] GC(83) Concurrent Mark (1643.866s, 1643.946s) 79.684ms
[2020-12-09T14:54:52.216-0500][gc,start       ] GC(83) Pause Remark
[2020-12-09T14:54:52.221-0500][gc,stringtable ] GC(83) Cleaned string and symbol table, strings: 29787 processed, 0 removed, symbols: 116802 processed, 0 removed
[2020-12-09T14:54:52.221-0500][gc             ] GC(83) Pause Remark 47M->47M(70M) 5.180ms
[2020-12-09T14:54:52.221-0500][gc,cpu         ] GC(83) User=0.02s Sys=0.00s Real=0.01s
[2020-12-09T14:54:52.221-0500][gc,marking     ] GC(83) Concurrent Rebuild Remembered Sets
[2020-12-09T14:54:52.242-0500][gc,marking     ] GC(83) Concurrent Rebuild Remembered Sets 20.149ms
[2020-12-09T14:54:52.242-0500][gc,start       ] GC(83) Pause Cleanup
[2020-12-09T14:54:52.242-0500][gc             ] GC(83) Pause Cleanup 47M->47M(70M) 0.250ms
[2020-12-09T14:54:52.242-0500][gc,cpu         ] GC(83) User=0.00s Sys=0.00s Real=0.00s
[2020-12-09T14:54:52.242-0500][gc,marking     ] GC(83) Concurrent Cleanup for Next Mark
[2020-12-09T14:54:52.243-0500][gc,marking     ] GC(83) Concurrent Cleanup for Next Mark 0.295ms
[2020-12-09T14:54:52.243-0500][gc             ] GC(83) Concurrent Cycle 108.267ms
[2020-12-09T14:57:12.123-0500][gc,heap        ] GC(84) Heap before GC invocations=84 (full 6): garbage-first heap   total 71680K, used 59760K [0x0000000083000000, 0x0000000100000000)
[2020-12-09T14:57:12.123-0500][gc,heap        ] GC(84)   region size 1024K, 13 young (13312K), 1 survivors (1024K)
[2020-12-09T14:57:12.123-0500][gc,heap        ] GC(84)  Metaspace       used 48303K, capacity 50647K, committed 50944K, reserved 1091584K
[2020-12-09T14:57:12.123-0500][gc,heap        ] GC(84)   class space    used 7468K, capacity 8334K, committed 8448K, reserved 1048576K
[2020-12-09T14:57:12.123-0500][gc,start       ] GC(84) Pause Young (Normal) (G1 Evacuation Pause)
[2020-12-09T14:57:12.123-0500][gc,task        ] GC(84) Using 8 workers of 8 for evacuation
[2020-12-09T14:57:12.128-0500][gc,phases      ] GC(84)   Pre Evacuate Collection Set: 0.0ms
[2020-12-09T14:57:12.128-0500][gc,phases      ] GC(84)   Evacuate Collection Set: 3.7ms
[2020-12-09T14:57:12.128-0500][gc,phases      ] GC(84)   Post Evacuate Collection Set: 0.9ms
[2020-12-09T14:57:12.128-0500][gc,phases      ] GC(84)   Other: 0.2ms
[2020-12-09T14:57:12.128-0500][gc,heap        ] GC(84) Eden regions: 12->0(12)
[2020-12-09T14:57:12.128-0500][gc,heap        ] GC(84) Survivor regions: 1->1(2)
[2020-12-09T14:57:12.128-0500][gc,heap        ] GC(84) Old regions: 45->45
[2020-12-09T14:57:12.128-0500][gc,heap        ] GC(84) Humongous regions: 4->4
[2020-12-09T14:57:12.128-0500][gc,metaspace   ] GC(84) Metaspace: 48303K->48303K(1091584K)
[2020-12-09T14:57:12.128-0500][gc,heap        ] GC(84) Heap after GC invocations=85 (full 6): garbage-first heap   total 71680K, used 48521K [0x0000000083000000, 0x0000000100000000)
[2020-12-09T14:57:12.128-0500][gc,heap        ] GC(84)   region size 1024K, 1 young (1024K), 1 survivors (1024K)
[2020-12-09T14:57:12.128-0500][gc,heap        ] GC(84)  Metaspace       used 48303K, capacity 50647K, committed 50944K, reserved 1091584K
[2020-12-09T14:57:12.128-0500][gc,heap        ] GC(84)   class space    used 7468K, capacity 8334K, committed 8448K, reserved 1048576K
[2020-12-09T14:57:12.128-0500][gc             ] GC(84) Pause Young (Normal) (G1 Evacuation Pause) 59M->47M(70M) 4.939ms
[2020-12-09T14:57:12.128-0500][gc,cpu         ] GC(84) User=0.02s Sys=0.00s Real=0.01s
[2020-12-09T14:57:31.434-0500][gc,task        ] GC(85) Using 5 workers of 8 for full compaction
[2020-12-09T14:57:31.434-0500][gc,start       ] GC(85) Pause Full (System.gc())
[2020-12-09T14:57:31.434-0500][gc,heap        ] GC(85) Heap before GC invocations=85 (full 6): garbage-first heap   total 71680K, used 49545K [0x0000000083000000, 0x0000000100000000)
[2020-12-09T14:57:31.434-0500][gc,heap        ] GC(85)   region size 1024K, 3 young (3072K), 1 survivors (1024K)
[2020-12-09T14:57:31.434-0500][gc,heap        ] GC(85)  Metaspace       used 48304K, capacity 50647K, committed 50944K, reserved 1091584K
[2020-12-09T14:57:31.434-0500][gc,heap        ] GC(85)   class space    used 7468K, capacity 8334K, committed 8448K, reserved 1048576K
[2020-12-09T14:57:31.435-0500][gc,phases,start] GC(85) Phase 1: Mark live objects
[2020-12-09T14:57:31.457-0500][gc,stringtable ] GC(85) Cleaned string and symbol table, strings: 29842 processed, 6 removed, symbols: 116802 processed, 0 removed
[2020-12-09T14:57:31.457-0500][gc,phases      ] GC(85) Phase 1: Mark live objects 22.082ms
[2020-12-09T14:57:31.457-0500][gc,phases,start] GC(85) Phase 2: Prepare for compaction
[2020-12-09T14:57:31.461-0500][gc,phases      ] GC(85) Phase 2: Prepare for compaction 4.247ms
[2020-12-09T14:57:31.461-0500][gc,phases,start] GC(85) Phase 3: Adjust pointers
[2020-12-09T14:57:31.473-0500][gc,phases      ] GC(85) Phase 3: Adjust pointers 12.379ms
[2020-12-09T14:57:31.474-0500][gc,phases,start] GC(85) Phase 4: Compact heap
[2020-12-09T14:57:31.478-0500][gc,phases      ] GC(85) Phase 4: Compact heap 4.124ms
[2020-12-09T14:57:31.485-0500][gc,heap        ] GC(85) Eden regions: 2->0(13)
[2020-12-09T14:57:31.485-0500][gc,heap        ] GC(85) Survivor regions: 1->0(2)
[2020-12-09T14:57:31.485-0500][gc,heap        ] GC(85) Old regions: 45->45
[2020-12-09T14:57:31.485-0500][gc,heap        ] GC(85) Humongous regions: 4->4
[2020-12-09T14:57:31.485-0500][gc,metaspace   ] GC(85) Metaspace: 48304K->48304K(1091584K)
[2020-12-09T14:57:31.485-0500][gc,heap        ] GC(85) Heap after GC invocations=86 (full 7): garbage-first heap   total 71680K, used 48435K [0x0000000083000000, 0x0000000100000000)
[2020-12-09T14:57:31.485-0500][gc,heap        ] GC(85)   region size 1024K, 0 young (0K), 0 survivors (0K)
[2020-12-09T14:57:31.485-0500][gc,heap        ] GC(85)  Metaspace       used 48304K, capacity 50647K, committed 50944K, reserved 1091584K
[2020-12-09T14:57:31.485-0500][gc,heap        ] GC(85)   class space    used 7468K, capacity 8334K, committed 8448K, reserved 1048576K
[2020-12-09T14:57:31.485-0500][gc             ] GC(85) Pause Full (System.gc()) 49M->47M(70M) 51.013ms
[2020-12-09T14:57:31.485-0500][gc,cpu         ] GC(85) User=0.20s Sys=0.01s Real=0.05s
[2020-12-09T14:59:52.123-0500][gc,heap        ] GC(86) Heap before GC invocations=86 (full 7): garbage-first heap   total 71680K, used 60723K [0x0000000083000000, 0x0000000100000000)
[2020-12-09T14:59:52.123-0500][gc,heap        ] GC(86)   region size 1024K, 13 young (13312K), 0 survivors (0K)
[2020-12-09T14:59:52.123-0500][gc,heap        ] GC(86)  Metaspace       used 48326K, capacity 50711K, committed 50944K, reserved 1091584K
[2020-12-09T14:59:52.123-0500][gc,heap        ] GC(86)   class space    used 7468K, capacity 8334K, committed 8448K, reserved 1048576K
[2020-12-09T14:59:52.123-0500][gc,start       ] GC(86) Pause Young (Concurrent Start) (G1 Evacuation Pause)
[2020-12-09T14:59:52.123-0500][gc,task        ] GC(86) Using 8 workers of 8 for evacuation
[2020-12-09T14:59:52.125-0500][gc,phases      ] GC(86)   Pre Evacuate Collection Set: 0.3ms
[2020-12-09T14:59:52.125-0500][gc,phases      ] GC(86)   Evacuate Collection Set: 1.0ms
[2020-12-09T14:59:52.125-0500][gc,phases      ] GC(86)   Post Evacuate Collection Set: 0.7ms
[2020-12-09T14:59:52.125-0500][gc,phases      ] GC(86)   Other: 0.3ms
[2020-12-09T14:59:52.125-0500][gc,heap        ] GC(86) Eden regions: 13->0(12)
[2020-12-09T14:59:52.125-0500][gc,heap        ] GC(86) Survivor regions: 0->1(2)
[2020-12-09T14:59:52.125-0500][gc,heap        ] GC(86) Old regions: 45->45
[2020-12-09T14:59:52.125-0500][gc,heap        ] GC(86) Humongous regions: 4->4
[2020-12-09T14:59:52.125-0500][gc,metaspace   ] GC(86) Metaspace: 48326K->48326K(1091584K)
[2020-12-09T14:59:52.125-0500][gc,heap        ] GC(86) Heap after GC invocations=87 (full 7): garbage-first heap   total 71680K, used 48516K [0x0000000083000000, 0x0000000100000000)
[2020-12-09T14:59:52.125-0500][gc,heap        ] GC(86)   region size 1024K, 1 young (1024K), 1 survivors (1024K)
[2020-12-09T14:59:52.125-0500][gc,heap        ] GC(86)  Metaspace       used 48326K, capacity 50711K, committed 50944K, reserved 1091584K
[2020-12-09T14:59:52.125-0500][gc,heap        ] GC(86)   class space    used 7468K, capacity 8334K, committed 8448K, reserved 1048576K
[2020-12-09T14:59:52.125-0500][gc             ] GC(86) Pause Young (Concurrent Start) (G1 Evacuation Pause) 60M->47M(70M) 2.232ms
[2020-12-09T14:59:52.125-0500][gc,cpu         ] GC(86) User=0.01s Sys=0.00s Real=0.00s
[2020-12-09T14:59:52.125-0500][gc             ] GC(87) Concurrent Cycle
[2020-12-09T14:59:52.125-0500][gc,marking     ] GC(87) Concurrent Clear Claimed Marks
[2020-12-09T14:59:52.125-0500][gc,marking     ] GC(87) Concurrent Clear Claimed Marks 0.064ms
[2020-12-09T14:59:52.125-0500][gc,marking     ] GC(87) Concurrent Scan Root Regions
[2020-12-09T14:59:52.126-0500][gc,marking     ] GC(87) Concurrent Scan Root Regions 0.537ms
[2020-12-09T14:59:52.126-0500][gc,marking     ] GC(87) Concurrent Mark (1943.856s)
[2020-12-09T14:59:52.126-0500][gc,marking     ] GC(87) Concurrent Mark From Roots
[2020-12-09T14:59:52.126-0500][gc,task        ] GC(87) Using 2 workers of 2 for marking
[2020-12-09T14:59:52.173-0500][gc,marking     ] GC(87) Concurrent Mark From Roots 47.038ms
[2020-12-09T14:59:52.173-0500][gc,marking     ] GC(87) Concurrent Preclean
[2020-12-09T14:59:52.173-0500][gc,marking     ] GC(87) Concurrent Preclean 0.136ms
[2020-12-09T14:59:52.173-0500][gc,marking     ] GC(87) Concurrent Mark (1943.856s, 1943.903s) 47.252ms
[2020-12-09T14:59:52.173-0500][gc,start       ] GC(87) Pause Remark
[2020-12-09T14:59:52.178-0500][gc,stringtable ] GC(87) Cleaned string and symbol table, strings: 29851 processed, 0 removed, symbols: 116802 processed, 0 removed
[2020-12-09T14:59:52.178-0500][gc             ] GC(87) Pause Remark 47M->47M(70M) 4.538ms
[2020-12-09T14:59:52.178-0500][gc,cpu         ] GC(87) User=0.03s Sys=0.01s Real=0.01s
[2020-12-09T14:59:52.178-0500][gc,marking     ] GC(87) Concurrent Rebuild Remembered Sets
[2020-12-09T14:59:52.202-0500][gc,marking     ] GC(87) Concurrent Rebuild Remembered Sets 23.897ms
[2020-12-09T14:59:52.202-0500][gc,start       ] GC(87) Pause Cleanup
[2020-12-09T14:59:52.203-0500][gc             ] GC(87) Pause Cleanup 47M->47M(70M) 0.283ms
[2020-12-09T14:59:52.203-0500][gc,cpu         ] GC(87) User=0.00s Sys=0.00s Real=0.00s
[2020-12-09T14:59:52.203-0500][gc,marking     ] GC(87) Concurrent Cleanup for Next Mark
[2020-12-09T14:59:52.203-0500][gc,marking     ] GC(87) Concurrent Cleanup for Next Mark 0.187ms
[2020-12-09T14:59:52.203-0500][gc             ] GC(87) Concurrent Cycle 77.795ms
[2020-12-09T15:02:12.122-0500][gc,heap        ] GC(88) Heap before GC invocations=88 (full 7): garbage-first heap   total 71680K, used 59780K [0x0000000083000000, 0x0000000100000000)
[2020-12-09T15:02:12.122-0500][gc,heap        ] GC(88)   region size 1024K, 13 young (13312K), 1 survivors (1024K)
[2020-12-09T15:02:12.122-0500][gc,heap        ] GC(88)  Metaspace       used 48340K, capacity 50711K, committed 50944K, reserved 1091584K
[2020-12-09T15:02:12.122-0500][gc,heap        ] GC(88)   class space    used 7468K, capacity 8334K, committed 8448K, reserved 1048576K
[2020-12-09T15:02:12.122-0500][gc,start       ] GC(88) Pause Young (Normal) (G1 Evacuation Pause)
[2020-12-09T15:02:12.122-0500][gc,task        ] GC(88) Using 8 workers of 8 for evacuation
[2020-12-09T15:02:12.140-0500][gc,phases      ] GC(88)   Pre Evacuate Collection Set: 0.0ms
[2020-12-09T15:02:12.140-0500][gc,phases      ] GC(88)   Evacuate Collection Set: 7.7ms
[2020-12-09T15:02:12.140-0500][gc,phases      ] GC(88)   Post Evacuate Collection Set: 10.1ms
[2020-12-09T15:02:12.140-0500][gc,phases      ] GC(88)   Other: 0.3ms
[2020-12-09T15:02:12.140-0500][gc,heap        ] GC(88) Eden regions: 12->0(12)
[2020-12-09T15:02:12.140-0500][gc,heap        ] GC(88) Survivor regions: 1->1(2)
[2020-12-09T15:02:12.140-0500][gc,heap        ] GC(88) Old regions: 45->45
[2020-12-09T15:02:12.140-0500][gc,heap        ] GC(88) Humongous regions: 4->4
[2020-12-09T15:02:12.140-0500][gc,metaspace   ] GC(88) Metaspace: 48340K->48340K(1091584K)
[2020-12-09T15:02:12.140-0500][gc,heap        ] GC(88) Heap after GC invocations=89 (full 7): garbage-first heap   total 71680K, used 48514K [0x0000000083000000, 0x0000000100000000)
[2020-12-09T15:02:12.140-0500][gc,heap        ] GC(88)   region size 1024K, 1 young (1024K), 1 survivors (1024K)
[2020-12-09T15:02:12.140-0500][gc,heap        ] GC(88)  Metaspace       used 48340K, capacity 50711K, committed 50944K, reserved 1091584K
[2020-12-09T15:02:12.140-0500][gc,heap        ] GC(88)   class space    used 7468K, capacity 8334K, committed 8448K, reserved 1048576K
[2020-12-09T15:02:12.140-0500][gc             ] GC(88) Pause Young (Normal) (G1 Evacuation Pause) 59M->47M(70M) 18.178ms
[2020-12-09T15:02:12.140-0500][gc,cpu         ] GC(88) User=0.09s Sys=0.00s Real=0.02s
[2020-12-09T15:02:31.435-0500][gc,task        ] GC(89) Using 5 workers of 8 for full compaction
[2020-12-09T15:02:31.435-0500][gc,start       ] GC(89) Pause Full (System.gc())
[2020-12-09T15:02:31.435-0500][gc,heap        ] GC(89) Heap before GC invocations=89 (full 7): garbage-first heap   total 71680K, used 50562K [0x0000000083000000, 0x0000000100000000)
[2020-12-09T15:02:31.435-0500][gc,heap        ] GC(89)   region size 1024K, 4 young (4096K), 1 survivors (1024K)
[2020-12-09T15:02:31.435-0500][gc,heap        ] GC(89)  Metaspace       used 48340K, capacity 50711K, committed 50944K, reserved 1091584K
[2020-12-09T15:02:31.435-0500][gc,heap        ] GC(89)   class space    used 7468K, capacity 8334K, committed 8448K, reserved 1048576K
[2020-12-09T15:02:31.436-0500][gc,phases,start] GC(89) Phase 1: Mark live objects
[2020-12-09T15:02:31.495-0500][gc,stringtable ] GC(89) Cleaned string and symbol table, strings: 30015 processed, 477 removed, symbols: 116802 processed, 0 removed
[2020-12-09T15:02:31.495-0500][gc,phases      ] GC(89) Phase 1: Mark live objects 58.438ms
[2020-12-09T15:02:31.495-0500][gc,phases,start] GC(89) Phase 2: Prepare for compaction
[2020-12-09T15:02:31.499-0500][gc,phases      ] GC(89) Phase 2: Prepare for compaction 4.324ms
[2020-12-09T15:02:31.499-0500][gc,phases,start] GC(89) Phase 3: Adjust pointers
[2020-12-09T15:02:31.513-0500][gc,phases      ] GC(89) Phase 3: Adjust pointers 13.941ms
[2020-12-09T15:02:31.513-0500][gc,phases,start] GC(89) Phase 4: Compact heap
[2020-12-09T15:02:31.521-0500][gc,phases      ] GC(89) Phase 4: Compact heap 7.604ms
[2020-12-09T15:02:31.529-0500][gc,heap        ] GC(89) Eden regions: 3->0(13)
[2020-12-09T15:02:31.529-0500][gc,heap        ] GC(89) Survivor regions: 1->0(2)
[2020-12-09T15:02:31.529-0500][gc,heap        ] GC(89) Old regions: 45->45
[2020-12-09T15:02:31.529-0500][gc,heap        ] GC(89) Humongous regions: 4->4
[2020-12-09T15:02:31.529-0500][gc,metaspace   ] GC(89) Metaspace: 48340K->46732K(1091584K)
[2020-12-09T15:02:31.529-0500][gc,heap        ] GC(89) Heap after GC invocations=90 (full 8): garbage-first heap   total 71680K, used 46454K [0x0000000083000000, 0x0000000100000000)
[2020-12-09T15:02:31.529-0500][gc,heap        ] GC(89)   region size 1024K, 0 young (0K), 0 survivors (0K)
[2020-12-09T15:02:31.529-0500][gc,heap        ] GC(89)  Metaspace       used 46732K, capacity 48252K, committed 50944K, reserved 1091584K
[2020-12-09T15:02:31.529-0500][gc,heap        ] GC(89)   class space    used 7053K, capacity 7531K, committed 8448K, reserved 1048576K
[2020-12-09T15:02:31.529-0500][gc             ] GC(89) Pause Full (System.gc()) 49M->45M(70M) 94.135ms
[2020-12-09T15:02:31.529-0500][gc,cpu         ] GC(89) User=0.39s Sys=0.01s Real=0.10s
[2020-12-09T15:04:52.236-0500][gc,heap        ] GC(90) Heap before GC invocations=90 (full 8): garbage-first heap   total 71680K, used 58742K [0x0000000083000000, 0x0000000100000000)
[2020-12-09T15:04:52.236-0500][gc,heap        ] GC(90)   region size 1024K, 13 young (13312K), 0 survivors (0K)
[2020-12-09T15:04:52.236-0500][gc,heap        ] GC(90)  Metaspace       used 46738K, capacity 48316K, committed 50944K, reserved 1091584K
[2020-12-09T15:04:52.236-0500][gc,heap        ] GC(90)   class space    used 7053K, capacity 7531K, committed 8448K, reserved 1048576K
[2020-12-09T15:04:52.236-0500][gc,start       ] GC(90) Pause Young (Concurrent Start) (G1 Evacuation Pause)
[2020-12-09T15:04:52.236-0500][gc,task        ] GC(90) Using 8 workers of 8 for evacuation
[2020-12-09T15:04:52.239-0500][gc,phases      ] GC(90)   Pre Evacuate Collection Set: 0.2ms
[2020-12-09T15:04:52.239-0500][gc,phases      ] GC(90)   Evacuate Collection Set: 1.3ms
[2020-12-09T15:04:52.239-0500][gc,phases      ] GC(90)   Post Evacuate Collection Set: 1.0ms
[2020-12-09T15:04:52.239-0500][gc,phases      ] GC(90)   Other: 0.3ms
[2020-12-09T15:04:52.239-0500][gc,heap        ] GC(90) Eden regions: 13->0(12)
[2020-12-09T15:04:52.239-0500][gc,heap        ] GC(90) Survivor regions: 0->1(2)
[2020-12-09T15:04:52.239-0500][gc,heap        ] GC(90) Old regions: 45->45
[2020-12-09T15:04:52.239-0500][gc,heap        ] GC(90) Humongous regions: 4->4
[2020-12-09T15:04:52.239-0500][gc,metaspace   ] GC(90) Metaspace: 46738K->46738K(1091584K)
[2020-12-09T15:04:52.239-0500][gc,heap        ] GC(90) Heap after GC invocations=91 (full 8): garbage-first heap   total 71680K, used 46502K [0x0000000083000000, 0x0000000100000000)
[2020-12-09T15:04:52.239-0500][gc,heap        ] GC(90)   region size 1024K, 1 young (1024K), 1 survivors (1024K)
[2020-12-09T15:04:52.239-0500][gc,heap        ] GC(90)  Metaspace       used 46738K, capacity 48316K, committed 50944K, reserved 1091584K
[2020-12-09T15:04:52.239-0500][gc,heap        ] GC(90)   class space    used 7053K, capacity 7531K, committed 8448K, reserved 1048576K
[2020-12-09T15:04:52.239-0500][gc             ] GC(90) Pause Young (Concurrent Start) (G1 Evacuation Pause) 58M->45M(70M) 2.805ms
[2020-12-09T15:04:52.239-0500][gc,cpu         ] GC(90) User=0.00s Sys=0.00s Real=0.01s
[2020-12-09T15:04:52.239-0500][gc             ] GC(91) Concurrent Cycle
[2020-12-09T15:04:52.239-0500][gc,marking     ] GC(91) Concurrent Clear Claimed Marks
[2020-12-09T15:04:52.239-0500][gc,marking     ] GC(91) Concurrent Clear Claimed Marks 0.048ms
[2020-12-09T15:04:52.239-0500][gc,marking     ] GC(91) Concurrent Scan Root Regions
[2020-12-09T15:04:52.240-0500][gc,marking     ] GC(91) Concurrent Scan Root Regions 0.613ms
[2020-12-09T15:04:52.240-0500][gc,marking     ] GC(91) Concurrent Mark (2243.970s)
[2020-12-09T15:04:52.240-0500][gc,marking     ] GC(91) Concurrent Mark From Roots
[2020-12-09T15:04:52.240-0500][gc,task        ] GC(91) Using 2 workers of 2 for marking
[2020-12-09T15:04:52.274-0500][gc,marking     ] GC(91) Concurrent Mark From Roots 34.396ms
[2020-12-09T15:04:52.274-0500][gc,marking     ] GC(91) Concurrent Preclean
[2020-12-09T15:04:52.275-0500][gc,marking     ] GC(91) Concurrent Preclean 0.261ms
[2020-12-09T15:04:52.275-0500][gc,marking     ] GC(91) Concurrent Mark (2243.970s, 2244.005s) 34.736ms
[2020-12-09T15:04:52.275-0500][gc,start       ] GC(91) Pause Remark
[2020-12-09T15:04:52.280-0500][gc,stringtable ] GC(91) Cleaned string and symbol table, strings: 29553 processed, 0 removed, symbols: 116802 processed, 129 removed
[2020-12-09T15:04:52.280-0500][gc             ] GC(91) Pause Remark 45M->45M(70M) 5.000ms
[2020-12-09T15:04:52.280-0500][gc,cpu         ] GC(91) User=0.03s Sys=0.01s Real=0.01s
[2020-12-09T15:04:52.280-0500][gc,marking     ] GC(91) Concurrent Rebuild Remembered Sets
[2020-12-09T15:04:52.299-0500][gc,marking     ] GC(91) Concurrent Rebuild Remembered Sets 18.946ms
[2020-12-09T15:04:52.300-0500][gc,start       ] GC(91) Pause Cleanup
[2020-12-09T15:04:52.300-0500][gc             ] GC(91) Pause Cleanup 45M->45M(70M) 0.206ms
[2020-12-09T15:04:52.300-0500][gc,cpu         ] GC(91) User=0.00s Sys=0.00s Real=0.00s
[2020-12-09T15:04:52.300-0500][gc,marking     ] GC(91) Concurrent Cleanup for Next Mark
[2020-12-09T15:04:52.300-0500][gc,marking     ] GC(91) Concurrent Cleanup for Next Mark 0.236ms
[2020-12-09T15:04:52.300-0500][gc             ] GC(91) Concurrent Cycle 60.857ms
[2020-12-09T15:07:12.129-0500][gc,heap        ] GC(92) Heap before GC invocations=92 (full 8): garbage-first heap   total 71680K, used 57766K [0x0000000083000000, 0x0000000100000000)
[2020-12-09T15:07:12.129-0500][gc,heap        ] GC(92)   region size 1024K, 13 young (13312K), 1 survivors (1024K)
[2020-12-09T15:07:12.129-0500][gc,heap        ] GC(92)  Metaspace       used 46740K, capacity 48316K, committed 50944K, reserved 1091584K
[2020-12-09T15:07:12.129-0500][gc,heap        ] GC(92)   class space    used 7053K, capacity 7531K, committed 8448K, reserved 1048576K
[2020-12-09T15:07:12.129-0500][gc,start       ] GC(92) Pause Young (Normal) (G1 Evacuation Pause)
[2020-12-09T15:07:12.129-0500][gc,task        ] GC(92) Using 8 workers of 8 for evacuation
[2020-12-09T15:07:12.133-0500][gc,phases      ] GC(92)   Pre Evacuate Collection Set: 0.0ms
[2020-12-09T15:07:12.133-0500][gc,phases      ] GC(92)   Evacuate Collection Set: 1.9ms
[2020-12-09T15:07:12.133-0500][gc,phases      ] GC(92)   Post Evacuate Collection Set: 1.9ms
[2020-12-09T15:07:12.133-0500][gc,phases      ] GC(92)   Other: 0.4ms
[2020-12-09T15:07:12.133-0500][gc,heap        ] GC(92) Eden regions: 12->0(12)
[2020-12-09T15:07:12.133-0500][gc,heap        ] GC(92) Survivor regions: 1->1(2)
[2020-12-09T15:07:12.133-0500][gc,heap        ] GC(92) Old regions: 45->45
[2020-12-09T15:07:12.133-0500][gc,heap        ] GC(92) Humongous regions: 4->4
[2020-12-09T15:07:12.133-0500][gc,metaspace   ] GC(92) Metaspace: 46740K->46740K(1091584K)
[2020-12-09T15:07:12.133-0500][gc,heap        ] GC(92) Heap after GC invocations=93 (full 8): garbage-first heap   total 71680K, used 46506K [0x0000000083000000, 0x0000000100000000)
[2020-12-09T15:07:12.133-0500][gc,heap        ] GC(92)   region size 1024K, 1 young (1024K), 1 survivors (1024K)
[2020-12-09T15:07:12.133-0500][gc,heap        ] GC(92)  Metaspace       used 46740K, capacity 48316K, committed 50944K, reserved 1091584K
[2020-12-09T15:07:12.133-0500][gc,heap        ] GC(92)   class space    used 7053K, capacity 7531K, committed 8448K, reserved 1048576K
[2020-12-09T15:07:12.133-0500][gc             ] GC(92) Pause Young (Normal) (G1 Evacuation Pause) 57M->45M(70M) 4.337ms
[2020-12-09T15:07:12.133-0500][gc,cpu         ] GC(92) User=0.02s Sys=0.00s Real=0.00s
[2020-12-09T15:07:31.436-0500][gc,task        ] GC(93) Using 5 workers of 8 for full compaction
[2020-12-09T15:07:31.437-0500][gc,start       ] GC(93) Pause Full (System.gc())
[2020-12-09T15:07:31.437-0500][gc,heap        ] GC(93) Heap before GC invocations=93 (full 8): garbage-first heap   total 71680K, used 47530K [0x0000000083000000, 0x0000000100000000)
[2020-12-09T15:07:31.437-0500][gc,heap        ] GC(93)   region size 1024K, 3 young (3072K), 1 survivors (1024K)
[2020-12-09T15:07:31.437-0500][gc,heap        ] GC(93)  Metaspace       used 46740K, capacity 48316K, committed 50944K, reserved 1091584K
[2020-12-09T15:07:31.437-0500][gc,heap        ] GC(93)   class space    used 7053K, capacity 7531K, committed 8448K, reserved 1048576K
[2020-12-09T15:07:31.437-0500][gc,phases,start] GC(93) Phase 1: Mark live objects
[2020-12-09T15:07:31.481-0500][gc,stringtable ] GC(93) Cleaned string and symbol table, strings: 29554 processed, 7 removed, symbols: 116673 processed, 0 removed
[2020-12-09T15:07:31.481-0500][gc,phases      ] GC(93) Phase 1: Mark live objects 43.922ms
[2020-12-09T15:07:31.481-0500][gc,phases,start] GC(93) Phase 2: Prepare for compaction
[2020-12-09T15:07:31.485-0500][gc,phases      ] GC(93) Phase 2: Prepare for compaction 4.383ms
[2020-12-09T15:07:31.485-0500][gc,phases,start] GC(93) Phase 3: Adjust pointers
[2020-12-09T15:07:31.499-0500][gc,phases      ] GC(93) Phase 3: Adjust pointers 13.367ms
[2020-12-09T15:07:31.499-0500][gc,phases,start] GC(93) Phase 4: Compact heap
[2020-12-09T15:07:31.504-0500][gc,phases      ] GC(93) Phase 4: Compact heap 4.641ms
[2020-12-09T15:07:31.510-0500][gc,heap        ] GC(93) Eden regions: 2->0(13)
[2020-12-09T15:07:31.510-0500][gc,heap        ] GC(93) Survivor regions: 1->0(2)
[2020-12-09T15:07:31.510-0500][gc,heap        ] GC(93) Old regions: 45->44
[2020-12-09T15:07:31.510-0500][gc,heap        ] GC(93) Humongous regions: 4->4
[2020-12-09T15:07:31.510-0500][gc,metaspace   ] GC(93) Metaspace: 46740K->46701K(1091584K)
[2020-12-09T15:07:31.510-0500][gc,heap        ] GC(93) Heap after GC invocations=94 (full 9): garbage-first heap   total 70656K, used 46427K [0x0000000083000000, 0x0000000100000000)
[2020-12-09T15:07:31.510-0500][gc,heap        ] GC(93)   region size 1024K, 0 young (0K), 0 survivors (0K)
[2020-12-09T15:07:31.510-0500][gc,heap        ] GC(93)  Metaspace       used 46701K, capacity 48257K, committed 50944K, reserved 1091584K
[2020-12-09T15:07:31.510-0500][gc,heap        ] GC(93)   class space    used 7043K, capacity 7511K, committed 8448K, reserved 1048576K
[2020-12-09T15:07:31.510-0500][gc             ] GC(93) Pause Full (System.gc()) 47M->45M(69M) 73.417ms
[2020-12-09T15:07:31.510-0500][gc,cpu         ] GC(93) User=0.31s Sys=0.00s Real=0.08s
[2020-12-09T15:09:54.221-0500][gc,heap        ] GC(94) Heap before GC invocations=94 (full 9): garbage-first heap   total 70656K, used 58715K [0x0000000083000000, 0x0000000100000000)
[2020-12-09T15:09:54.221-0500][gc,heap        ] GC(94)   region size 1024K, 13 young (13312K), 0 survivors (0K)
[2020-12-09T15:09:54.221-0500][gc,heap        ] GC(94)  Metaspace       used 46708K, capacity 48322K, committed 51200K, reserved 1091584K
[2020-12-09T15:09:54.221-0500][gc,heap        ] GC(94)   class space    used 7044K, capacity 7511K, committed 8448K, reserved 1048576K
[2020-12-09T15:09:54.221-0500][gc,start       ] GC(94) Pause Young (Concurrent Start) (G1 Evacuation Pause)
[2020-12-09T15:09:54.221-0500][gc,task        ] GC(94) Using 8 workers of 8 for evacuation
[2020-12-09T15:09:54.233-0500][gc,phases      ] GC(94)   Pre Evacuate Collection Set: 0.2ms
[2020-12-09T15:09:54.233-0500][gc,phases      ] GC(94)   Evacuate Collection Set: 5.5ms
[2020-12-09T15:09:54.233-0500][gc,phases      ] GC(94)   Post Evacuate Collection Set: 5.9ms
[2020-12-09T15:09:54.233-0500][gc,phases      ] GC(94)   Other: 0.3ms
[2020-12-09T15:09:54.233-0500][gc,heap        ] GC(94) Eden regions: 13->0(12)
[2020-12-09T15:09:54.233-0500][gc,heap        ] GC(94) Survivor regions: 0->1(2)
[2020-12-09T15:09:54.233-0500][gc,heap        ] GC(94) Old regions: 44->44
[2020-12-09T15:09:54.233-0500][gc,heap        ] GC(94) Humongous regions: 4->4
[2020-12-09T15:09:54.233-0500][gc,metaspace   ] GC(94) Metaspace: 46708K->46708K(1091584K)
[2020-12-09T15:09:54.233-0500][gc,heap        ] GC(94) Heap after GC invocations=95 (full 9): garbage-first heap   total 70656K, used 46485K [0x0000000083000000, 0x0000000100000000)
[2020-12-09T15:09:54.233-0500][gc,heap        ] GC(94)   region size 1024K, 1 young (1024K), 1 survivors (1024K)
[2020-12-09T15:09:54.233-0500][gc,heap        ] GC(94)  Metaspace       used 46708K, capacity 48322K, committed 51200K, reserved 1091584K
[2020-12-09T15:09:54.233-0500][gc,heap        ] GC(94)   class space    used 7044K, capacity 7511K, committed 8448K, reserved 1048576K
[2020-12-09T15:09:54.233-0500][gc             ] GC(94) Pause Young (Concurrent Start) (G1 Evacuation Pause) 58M->45M(69M) 11.906ms
[2020-12-09T15:09:54.233-0500][gc,cpu         ] GC(94) User=0.07s Sys=0.00s Real=0.01s
[2020-12-09T15:09:54.233-0500][gc             ] GC(95) Concurrent Cycle
[2020-12-09T15:09:54.233-0500][gc,marking     ] GC(95) Concurrent Clear Claimed Marks
[2020-12-09T15:09:54.234-0500][gc,marking     ] GC(95) Concurrent Clear Claimed Marks 0.295ms
[2020-12-09T15:09:54.234-0500][gc,marking     ] GC(95) Concurrent Scan Root Regions
[2020-12-09T15:09:54.236-0500][gc,marking     ] GC(95) Concurrent Scan Root Regions 2.395ms
[2020-12-09T15:09:54.236-0500][gc,marking     ] GC(95) Concurrent Mark (2545.966s)
[2020-12-09T15:09:54.236-0500][gc,marking     ] GC(95) Concurrent Mark From Roots
[2020-12-09T15:09:54.236-0500][gc,task        ] GC(95) Using 2 workers of 2 for marking
[2020-12-09T15:09:54.281-0500][gc,marking     ] GC(95) Concurrent Mark From Roots 44.798ms
[2020-12-09T15:09:54.281-0500][gc,marking     ] GC(95) Concurrent Preclean
[2020-12-09T15:09:54.281-0500][gc,marking     ] GC(95) Concurrent Preclean 0.259ms
[2020-12-09T15:09:54.281-0500][gc,marking     ] GC(95) Concurrent Mark (2545.966s, 2546.011s) 45.134ms
[2020-12-09T15:09:54.281-0500][gc,start       ] GC(95) Pause Remark
[2020-12-09T15:09:54.291-0500][gc,stringtable ] GC(95) Cleaned string and symbol table, strings: 29634 processed, 0 removed, symbols: 116674 processed, 1 removed
[2020-12-09T15:09:54.291-0500][gc             ] GC(95) Pause Remark 45M->45M(69M) 9.842ms
[2020-12-09T15:09:54.291-0500][gc,cpu         ] GC(95) User=0.05s Sys=0.00s Real=0.01s
[2020-12-09T15:09:54.291-0500][gc,marking     ] GC(95) Concurrent Rebuild Remembered Sets
[2020-12-09T15:09:54.312-0500][gc,marking     ] GC(95) Concurrent Rebuild Remembered Sets 20.592ms
[2020-12-09T15:09:54.312-0500][gc,start       ] GC(95) Pause Cleanup
[2020-12-09T15:09:54.313-0500][gc             ] GC(95) Pause Cleanup 45M->45M(69M) 0.174ms
[2020-12-09T15:09:54.313-0500][gc,cpu         ] GC(95) User=0.00s Sys=0.00s Real=0.00s
[2020-12-09T15:09:54.313-0500][gc,marking     ] GC(95) Concurrent Cleanup for Next Mark
[2020-12-09T15:09:54.313-0500][gc,marking     ] GC(95) Concurrent Cleanup for Next Mark 0.218ms
[2020-12-09T15:09:54.313-0500][gc             ] GC(95) Concurrent Cycle 79.775ms
[2020-12-09T15:12:12.129-0500][gc,heap        ] GC(96) Heap before GC invocations=96 (full 9): garbage-first heap   total 70656K, used 57749K [0x0000000083000000, 0x0000000100000000)
[2020-12-09T15:12:12.129-0500][gc,heap        ] GC(96)   region size 1024K, 13 young (13312K), 1 survivors (1024K)
[2020-12-09T15:12:12.129-0500][gc,heap        ] GC(96)  Metaspace       used 46723K, capacity 48322K, committed 51200K, reserved 1091584K
[2020-12-09T15:12:12.129-0500][gc,heap        ] GC(96)   class space    used 7044K, capacity 7511K, committed 8448K, reserved 1048576K
[2020-12-09T15:12:12.129-0500][gc,start       ] GC(96) Pause Young (Normal) (G1 Evacuation Pause)
[2020-12-09T15:12:12.129-0500][gc,task        ] GC(96) Using 8 workers of 8 for evacuation
[2020-12-09T15:12:12.149-0500][gc,phases      ] GC(96)   Pre Evacuate Collection Set: 0.0ms
[2020-12-09T15:12:12.149-0500][gc,phases      ] GC(96)   Evacuate Collection Set: 5.6ms
[2020-12-09T15:12:12.149-0500][gc,phases      ] GC(96)   Post Evacuate Collection Set: 13.7ms
[2020-12-09T15:12:12.149-0500][gc,phases      ] GC(96)   Other: 0.7ms
[2020-12-09T15:12:12.149-0500][gc,heap        ] GC(96) Eden regions: 12->0(12)
[2020-12-09T15:12:12.149-0500][gc,heap        ] GC(96) Survivor regions: 1->1(2)
[2020-12-09T15:12:12.149-0500][gc,heap        ] GC(96) Old regions: 44->44
[2020-12-09T15:12:12.149-0500][gc,heap        ] GC(96) Humongous regions: 4->4
[2020-12-09T15:12:12.149-0500][gc,metaspace   ] GC(96) Metaspace: 46723K->46723K(1091584K)
[2020-12-09T15:12:12.149-0500][gc,heap        ] GC(96) Heap after GC invocations=97 (full 9): garbage-first heap   total 70656K, used 46490K [0x0000000083000000, 0x0000000100000000)
[2020-12-09T15:12:12.149-0500][gc,heap        ] GC(96)   region size 1024K, 1 young (1024K), 1 survivors (1024K)
[2020-12-09T15:12:12.149-0500][gc,heap        ] GC(96)  Metaspace       used 46723K, capacity 48322K, committed 51200K, reserved 1091584K
[2020-12-09T15:12:12.149-0500][gc,heap        ] GC(96)   class space    used 7044K, capacity 7511K, committed 8448K, reserved 1048576K
[2020-12-09T15:12:12.149-0500][gc             ] GC(96) Pause Young (Normal) (G1 Evacuation Pause) 57M->45M(69M) 20.196ms
[2020-12-09T15:12:12.149-0500][gc,cpu         ] GC(96) User=0.12s Sys=0.01s Real=0.02s
[2020-12-09T15:12:31.435-0500][gc,task        ] GC(97) Using 5 workers of 8 for full compaction
[2020-12-09T15:12:31.435-0500][gc,start       ] GC(97) Pause Full (System.gc())
[2020-12-09T15:12:31.435-0500][gc,heap        ] GC(97) Heap before GC invocations=97 (full 9): garbage-first heap   total 70656K, used 47514K [0x0000000083000000, 0x0000000100000000)
[2020-12-09T15:12:31.435-0500][gc,heap        ] GC(97)   region size 1024K, 3 young (3072K), 1 survivors (1024K)
[2020-12-09T15:12:31.435-0500][gc,heap        ] GC(97)  Metaspace       used 46723K, capacity 48322K, committed 51200K, reserved 1091584K
[2020-12-09T15:12:31.435-0500][gc,heap        ] GC(97)   class space    used 7044K, capacity 7511K, committed 8448K, reserved 1048576K
[2020-12-09T15:12:31.436-0500][gc,phases,start] GC(97) Phase 1: Mark live objects
[2020-12-09T15:12:31.477-0500][gc,stringtable ] GC(97) Cleaned string and symbol table, strings: 29635 processed, 10 removed, symbols: 116673 processed, 0 removed
[2020-12-09T15:12:31.477-0500][gc,phases      ] GC(97) Phase 1: Mark live objects 40.811ms
[2020-12-09T15:12:31.477-0500][gc,phases,start] GC(97) Phase 2: Prepare for compaction
[2020-12-09T15:12:31.482-0500][gc,phases      ] GC(97) Phase 2: Prepare for compaction 4.569ms
[2020-12-09T15:12:31.482-0500][gc,phases,start] GC(97) Phase 3: Adjust pointers
[2020-12-09T15:12:31.495-0500][gc,phases      ] GC(97) Phase 3: Adjust pointers 13.666ms
[2020-12-09T15:12:31.495-0500][gc,phases,start] GC(97) Phase 4: Compact heap
[2020-12-09T15:12:31.500-0500][gc,phases      ] GC(97) Phase 4: Compact heap 5.043ms
[2020-12-09T15:12:31.509-0500][gc,heap        ] GC(97) Eden regions: 2->0(13)
[2020-12-09T15:12:31.509-0500][gc,heap        ] GC(97) Survivor regions: 1->0(2)
[2020-12-09T15:12:31.509-0500][gc,heap        ] GC(97) Old regions: 44->44
[2020-12-09T15:12:31.509-0500][gc,heap        ] GC(97) Humongous regions: 4->4
[2020-12-09T15:12:31.509-0500][gc,metaspace   ] GC(97) Metaspace: 46723K->46559K(1091584K)
[2020-12-09T15:12:31.509-0500][gc,heap        ] GC(97) Heap after GC invocations=98 (full 10): garbage-first heap   total 70656K, used 46286K [0x0000000083000000, 0x0000000100000000)
[2020-12-09T15:12:31.509-0500][gc,heap        ] GC(97)   region size 1024K, 0 young (0K), 0 survivors (0K)
[2020-12-09T15:12:31.509-0500][gc,heap        ] GC(97)  Metaspace       used 46559K, capacity 48066K, committed 51200K, reserved 1091584K
[2020-12-09T15:12:31.509-0500][gc,heap        ] GC(97)   class space    used 6999K, capacity 7424K, committed 8448K, reserved 1048576K
[2020-12-09T15:12:31.509-0500][gc             ] GC(97) Pause Full (System.gc()) 47M->45M(69M) 73.829ms
[2020-12-09T15:12:31.509-0500][gc,cpu         ] GC(97) User=0.28s Sys=0.00s Real=0.08s
[2020-12-09T15:14:52.125-0500][gc,heap        ] GC(98) Heap before GC invocations=98 (full 10): garbage-first heap   total 70656K, used 59598K [0x0000000083000000, 0x0000000100000000)
[2020-12-09T15:14:52.125-0500][gc,heap        ] GC(98)   region size 1024K, 13 young (13312K), 0 survivors (0K)
[2020-12-09T15:14:52.125-0500][gc,heap        ] GC(98)  Metaspace       used 46568K, capacity 48066K, committed 51200K, reserved 1091584K
[2020-12-09T15:14:52.125-0500][gc,heap        ] GC(98)   class space    used 6999K, capacity 7424K, committed 8448K, reserved 1048576K
[2020-12-09T15:14:52.126-0500][gc,start       ] GC(98) Pause Young (Concurrent Start) (G1 Evacuation Pause)
[2020-12-09T15:14:52.126-0500][gc,task        ] GC(98) Using 8 workers of 8 for evacuation
[2020-12-09T15:14:52.131-0500][gc,phases      ] GC(98)   Pre Evacuate Collection Set: 0.3ms
[2020-12-09T15:14:52.131-0500][gc,phases      ] GC(98)   Evacuate Collection Set: 2.8ms
[2020-12-09T15:14:52.131-0500][gc,phases      ] GC(98)   Post Evacuate Collection Set: 2.3ms
[2020-12-09T15:14:52.131-0500][gc,phases      ] GC(98)   Other: 0.7ms
[2020-12-09T15:14:52.132-0500][gc,heap        ] GC(98) Eden regions: 13->0(12)
[2020-12-09T15:14:52.132-0500][gc,heap        ] GC(98) Survivor regions: 0->1(2)
[2020-12-09T15:14:52.132-0500][gc,heap        ] GC(98) Old regions: 44->44
[2020-12-09T15:14:52.132-0500][gc,heap        ] GC(98) Humongous regions: 4->4
[2020-12-09T15:14:52.132-0500][gc,metaspace   ] GC(98) Metaspace: 46568K->46568K(1091584K)
[2020-12-09T15:14:52.132-0500][gc,heap        ] GC(98) Heap after GC invocations=99 (full 10): garbage-first heap   total 70656K, used 46359K [0x0000000083000000, 0x0000000100000000)
[2020-12-09T15:14:52.132-0500][gc,heap        ] GC(98)   region size 1024K, 1 young (1024K), 1 survivors (1024K)
[2020-12-09T15:14:52.132-0500][gc,heap        ] GC(98)  Metaspace       used 46568K, capacity 48066K, committed 51200K, reserved 1091584K
[2020-12-09T15:14:52.132-0500][gc,heap        ] GC(98)   class space    used 6999K, capacity 7424K, committed 8448K, reserved 1048576K
[2020-12-09T15:14:52.132-0500][gc             ] GC(98) Pause Young (Concurrent Start) (G1 Evacuation Pause) 58M->45M(69M) 6.148ms
[2020-12-09T15:14:52.132-0500][gc,cpu         ] GC(98) User=0.01s Sys=0.01s Real=0.01s
[2020-12-09T15:14:52.132-0500][gc             ] GC(99) Concurrent Cycle
[2020-12-09T15:14:52.132-0500][gc,marking     ] GC(99) Concurrent Clear Claimed Marks
[2020-12-09T15:14:52.132-0500][gc,marking     ] GC(99) Concurrent Clear Claimed Marks 0.123ms
[2020-12-09T15:14:52.132-0500][gc,marking     ] GC(99) Concurrent Scan Root Regions
[2020-12-09T15:14:52.134-0500][gc,marking     ] GC(99) Concurrent Scan Root Regions 1.718ms
[2020-12-09T15:14:52.134-0500][gc,marking     ] GC(99) Concurrent Mark (2843.864s)
[2020-12-09T15:14:52.134-0500][gc,marking     ] GC(99) Concurrent Mark From Roots
[2020-12-09T15:14:52.134-0500][gc,task        ] GC(99) Using 2 workers of 2 for marking
[2020-12-09T15:14:52.191-0500][gc,marking     ] GC(99) Concurrent Mark From Roots 56.467ms
[2020-12-09T15:14:52.191-0500][gc,marking     ] GC(99) Concurrent Preclean
[2020-12-09T15:14:52.191-0500][gc,marking     ] GC(99) Concurrent Preclean 0.274ms
[2020-12-09T15:14:52.191-0500][gc,marking     ] GC(99) Concurrent Mark (2843.864s, 2843.921s) 56.908ms
[2020-12-09T15:14:52.191-0500][gc,start       ] GC(99) Pause Remark
[2020-12-09T15:14:52.196-0500][gc,stringtable ] GC(99) Cleaned string and symbol table, strings: 29633 processed, 0 removed, symbols: 116673 processed, 15 removed
[2020-12-09T15:14:52.196-0500][gc             ] GC(99) Pause Remark 45M->45M(69M) 4.940ms
[2020-12-09T15:14:52.196-0500][gc,cpu         ] GC(99) User=0.03s Sys=0.00s Real=0.00s
[2020-12-09T15:14:52.196-0500][gc,marking     ] GC(99) Concurrent Rebuild Remembered Sets
[2020-12-09T15:14:52.215-0500][gc,marking     ] GC(99) Concurrent Rebuild Remembered Sets 18.605ms
[2020-12-09T15:14:52.215-0500][gc,start       ] GC(99) Pause Cleanup
[2020-12-09T15:14:52.216-0500][gc             ] GC(99) Pause Cleanup 45M->45M(69M) 0.202ms
[2020-12-09T15:14:52.216-0500][gc,cpu         ] GC(99) User=0.00s Sys=0.01s Real=0.00s
[2020-12-09T15:14:52.216-0500][gc,marking     ] GC(99) Concurrent Cleanup for Next Mark
[2020-12-09T15:14:52.216-0500][gc,marking     ] GC(99) Concurrent Cleanup for Next Mark 0.221ms
[2020-12-09T15:14:52.216-0500][gc             ] GC(99) Concurrent Cycle 83.921ms
[2020-12-09T15:17:09.547-0500][gc,heap        ] GC(100) Heap before GC invocations=100 (full 10): garbage-first heap   total 70656K, used 57623K [0x0000000083000000, 0x0000000100000000)
[2020-12-09T15:17:09.547-0500][gc,heap        ] GC(100)   region size 1024K, 13 young (13312K), 1 survivors (1024K)
[2020-12-09T15:17:09.547-0500][gc,heap        ] GC(100)  Metaspace       used 46568K, capacity 48066K, committed 51200K, reserved 1091584K
[2020-12-09T15:17:09.547-0500][gc,heap        ] GC(100)   class space    used 6999K, capacity 7424K, committed 8448K, reserved 1048576K
[2020-12-09T15:17:09.547-0500][gc,start       ] GC(100) Pause Young (Normal) (G1 Evacuation Pause)
[2020-12-09T15:17:09.547-0500][gc,task        ] GC(100) Using 8 workers of 8 for evacuation
[2020-12-09T15:17:09.549-0500][gc,phases      ] GC(100)   Pre Evacuate Collection Set: 0.0ms
[2020-12-09T15:17:09.549-0500][gc,phases      ] GC(100)   Evacuate Collection Set: 0.9ms
[2020-12-09T15:17:09.549-0500][gc,phases      ] GC(100)   Post Evacuate Collection Set: 0.9ms
[2020-12-09T15:17:09.549-0500][gc,phases      ] GC(100)   Other: 0.2ms
[2020-12-09T15:17:09.549-0500][gc,heap        ] GC(100) Eden regions: 12->0(12)
[2020-12-09T15:17:09.550-0500][gc,heap        ] GC(100) Survivor regions: 1->1(2)
[2020-12-09T15:17:09.550-0500][gc,heap        ] GC(100) Old regions: 44->44
[2020-12-09T15:17:09.550-0500][gc,heap        ] GC(100) Humongous regions: 4->4
[2020-12-09T15:17:09.550-0500][gc,metaspace   ] GC(100) Metaspace: 46568K->46568K(1091584K)
[2020-12-09T15:17:09.550-0500][gc,heap        ] GC(100) Heap after GC invocations=101 (full 10): garbage-first heap   total 70656K, used 46367K [0x0000000083000000, 0x0000000100000000)
[2020-12-09T15:17:09.550-0500][gc,heap        ] GC(100)   region size 1024K, 1 young (1024K), 1 survivors (1024K)
[2020-12-09T15:17:09.550-0500][gc,heap        ] GC(100)  Metaspace       used 46568K, capacity 48066K, committed 51200K, reserved 1091584K
[2020-12-09T15:17:09.550-0500][gc,heap        ] GC(100)   class space    used 6999K, capacity 7424K, committed 8448K, reserved 1048576K
[2020-12-09T15:17:09.550-0500][gc             ] GC(100) Pause Young (Normal) (G1 Evacuation Pause) 57M->45M(69M) 2.138ms
[2020-12-09T15:17:09.550-0500][gc,cpu         ] GC(100) User=0.01s Sys=0.01s Real=0.01s
[2020-12-09T15:17:31.435-0500][gc,task        ] GC(101) Using 5 workers of 8 for full compaction
[2020-12-09T15:17:31.435-0500][gc,start       ] GC(101) Pause Full (System.gc())
[2020-12-09T15:17:31.436-0500][gc,heap        ] GC(101) Heap before GC invocations=101 (full 10): garbage-first heap   total 70656K, used 48415K [0x0000000083000000, 0x0000000100000000)
[2020-12-09T15:17:31.436-0500][gc,heap        ] GC(101)   region size 1024K, 4 young (4096K), 1 survivors (1024K)
[2020-12-09T15:17:31.436-0500][gc,heap        ] GC(101)  Metaspace       used 46574K, capacity 48066K, committed 51200K, reserved 1091584K
[2020-12-09T15:17:31.436-0500][gc,heap        ] GC(101)   class space    used 6999K, capacity 7424K, committed 8448K, reserved 1048576K
[2020-12-09T15:17:31.436-0500][gc,phases,start] GC(101) Phase 1: Mark live objects
[2020-12-09T15:17:31.469-0500][gc,stringtable ] GC(101) Cleaned string and symbol table, strings: 29747 processed, 7 removed, symbols: 116658 processed, 0 removed
[2020-12-09T15:17:31.469-0500][gc,phases      ] GC(101) Phase 1: Mark live objects 32.883ms
[2020-12-09T15:17:31.469-0500][gc,phases,start] GC(101) Phase 2: Prepare for compaction
[2020-12-09T15:17:31.473-0500][gc,phases      ] GC(101) Phase 2: Prepare for compaction 4.125ms
[2020-12-09T15:17:31.473-0500][gc,phases,start] GC(101) Phase 3: Adjust pointers
[2020-12-09T15:17:31.485-0500][gc,phases      ] GC(101) Phase 3: Adjust pointers 12.440ms
[2020-12-09T15:17:31.486-0500][gc,phases,start] GC(101) Phase 4: Compact heap
[2020-12-09T15:17:31.490-0500][gc,phases      ] GC(101) Phase 4: Compact heap 4.582ms
[2020-12-09T15:17:31.496-0500][gc,heap        ] GC(101) Eden regions: 3->0(12)
[2020-12-09T15:17:31.496-0500][gc,heap        ] GC(101) Survivor regions: 1->0(2)
[2020-12-09T15:17:31.496-0500][gc,heap        ] GC(101) Old regions: 44->45
[2020-12-09T15:17:31.496-0500][gc,heap        ] GC(101) Humongous regions: 4->4
[2020-12-09T15:17:31.496-0500][gc,metaspace   ] GC(101) Metaspace: 46574K->46535K(1091584K)
[2020-12-09T15:17:31.496-0500][gc,heap        ] GC(101) Heap after GC invocations=102 (full 11): garbage-first heap   total 70656K, used 46266K [0x0000000083000000, 0x0000000100000000)
[2020-12-09T15:17:31.496-0500][gc,heap        ] GC(101)   region size 1024K, 0 young (0K), 0 survivors (0K)
[2020-12-09T15:17:31.496-0500][gc,heap        ] GC(101)  Metaspace       used 46535K, capacity 48007K, committed 51200K, reserved 1091584K
[2020-12-09T15:17:31.496-0500][gc,heap        ] GC(101)   class space    used 6988K, capacity 7403K, committed 8448K, reserved 1048576K
[2020-12-09T15:17:31.496-0500][gc             ] GC(101) Pause Full (System.gc()) 47M->45M(69M) 60.930ms
[2020-12-09T15:17:31.496-0500][gc,cpu         ] GC(101) User=0.26s Sys=0.00s Real=0.06s
[2020-12-09T15:19:37.419-0500][gc,heap        ] GC(102) Heap before GC invocations=102 (full 11): garbage-first heap   total 70656K, used 57530K [0x0000000083000000, 0x0000000100000000)
[2020-12-09T15:19:37.419-0500][gc,heap        ] GC(102)   region size 1024K, 12 young (12288K), 0 survivors (0K)
[2020-12-09T15:19:37.419-0500][gc,heap        ] GC(102)  Metaspace       used 46540K, capacity 48010K, committed 51200K, reserved 1091584K
[2020-12-09T15:19:37.419-0500][gc,heap        ] GC(102)   class space    used 6988K, capacity 7403K, committed 8448K, reserved 1048576K
[2020-12-09T15:19:37.419-0500][gc,start       ] GC(102) Pause Young (Concurrent Start) (G1 Evacuation Pause)
[2020-12-09T15:19:37.419-0500][gc,task        ] GC(102) Using 8 workers of 8 for evacuation
[2020-12-09T15:19:37.422-0500][gc,phases      ] GC(102)   Pre Evacuate Collection Set: 0.2ms
[2020-12-09T15:19:37.422-0500][gc,phases      ] GC(102)   Evacuate Collection Set: 1.0ms
[2020-12-09T15:19:37.422-0500][gc,phases      ] GC(102)   Post Evacuate Collection Set: 1.1ms
[2020-12-09T15:19:37.422-0500][gc,phases      ] GC(102)   Other: 0.2ms
[2020-12-09T15:19:37.422-0500][gc,heap        ] GC(102) Eden regions: 12->0(11)
[2020-12-09T15:19:37.422-0500][gc,heap        ] GC(102) Survivor regions: 0->1(2)
[2020-12-09T15:19:37.422-0500][gc,heap        ] GC(102) Old regions: 45->45
[2020-12-09T15:19:37.422-0500][gc,heap        ] GC(102) Humongous regions: 4->4
[2020-12-09T15:19:37.422-0500][gc,metaspace   ] GC(102) Metaspace: 46540K->46540K(1091584K)
[2020-12-09T15:19:37.422-0500][gc,heap        ] GC(102) Heap after GC invocations=103 (full 11): garbage-first heap   total 70656K, used 46349K [0x0000000083000000, 0x0000000100000000)
[2020-12-09T15:19:37.422-0500][gc,heap        ] GC(102)   region size 1024K, 1 young (1024K), 1 survivors (1024K)
[2020-12-09T15:19:37.422-0500][gc,heap        ] GC(102)  Metaspace       used 46540K, capacity 48010K, committed 51200K, reserved 1091584K
[2020-12-09T15:19:37.422-0500][gc,heap        ] GC(102)   class space    used 6988K, capacity 7403K, committed 8448K, reserved 1048576K
[2020-12-09T15:19:37.422-0500][gc             ] GC(102) Pause Young (Concurrent Start) (G1 Evacuation Pause) 57M->45M(69M) 2.524ms
[2020-12-09T15:19:37.422-0500][gc,cpu         ] GC(102) User=0.01s Sys=0.00s Real=0.00s
[2020-12-09T15:19:37.422-0500][gc             ] GC(103) Concurrent Cycle
[2020-12-09T15:19:37.422-0500][gc,marking     ] GC(103) Concurrent Clear Claimed Marks
[2020-12-09T15:19:37.422-0500][gc,marking     ] GC(103) Concurrent Clear Claimed Marks 0.027ms
[2020-12-09T15:19:37.422-0500][gc,marking     ] GC(103) Concurrent Scan Root Regions
[2020-12-09T15:19:37.423-0500][gc,marking     ] GC(103) Concurrent Scan Root Regions 0.522ms
[2020-12-09T15:19:37.423-0500][gc,marking     ] GC(103) Concurrent Mark (3129.153s)
[2020-12-09T15:19:37.423-0500][gc,marking     ] GC(103) Concurrent Mark From Roots
[2020-12-09T15:19:37.423-0500][gc,task        ] GC(103) Using 2 workers of 2 for marking
[2020-12-09T15:19:37.486-0500][gc,marking     ] GC(103) Concurrent Mark From Roots 63.569ms
[2020-12-09T15:19:37.486-0500][gc,marking     ] GC(103) Concurrent Preclean
[2020-12-09T15:19:37.487-0500][gc,marking     ] GC(103) Concurrent Preclean 0.447ms
[2020-12-09T15:19:37.487-0500][gc,marking     ] GC(103) Concurrent Mark (3129.153s, 3129.217s) 64.148ms
[2020-12-09T15:19:37.487-0500][gc,start       ] GC(103) Pause Remark
[2020-12-09T15:19:37.495-0500][gc,stringtable ] GC(103) Cleaned string and symbol table, strings: 29747 processed, 0 removed, symbols: 116658 processed, 0 removed
[2020-12-09T15:19:37.496-0500][gc             ] GC(103) Pause Remark 45M->45M(69M) 8.388ms
[2020-12-09T15:19:37.496-0500][gc,cpu         ] GC(103) User=0.05s Sys=0.00s Real=0.01s
[2020-12-09T15:19:37.496-0500][gc,marking     ] GC(103) Concurrent Rebuild Remembered Sets
[2020-12-09T15:19:37.522-0500][gc,marking     ] GC(103) Concurrent Rebuild Remembered Sets 26.731ms
[2020-12-09T15:19:37.523-0500][gc,start       ] GC(103) Pause Cleanup
[2020-12-09T15:19:37.523-0500][gc             ] GC(103) Pause Cleanup 45M->45M(69M) 0.200ms
[2020-12-09T15:19:37.523-0500][gc,cpu         ] GC(103) User=0.00s Sys=0.00s Real=0.00s
[2020-12-09T15:19:37.523-0500][gc,marking     ] GC(103) Concurrent Cleanup for Next Mark
[2020-12-09T15:19:37.523-0500][gc,marking     ] GC(103) Concurrent Cleanup for Next Mark 0.196ms
[2020-12-09T15:19:37.523-0500][gc             ] GC(103) Concurrent Cycle 101.218ms
[2020-12-09T15:21:42.123-0500][gc,heap        ] GC(104) Heap before GC invocations=104 (full 11): garbage-first heap   total 70656K, used 56588K [0x0000000083000000, 0x0000000100000000)
[2020-12-09T15:21:42.123-0500][gc,heap        ] GC(104)   region size 1024K, 12 young (12288K), 1 survivors (1024K)
[2020-12-09T15:21:42.123-0500][gc,heap        ] GC(104)  Metaspace       used 46542K, capacity 48010K, committed 51200K, reserved 1091584K
[2020-12-09T15:21:42.123-0500][gc,heap        ] GC(104)   class space    used 6988K, capacity 7403K, committed 8448K, reserved 1048576K
[2020-12-09T15:21:42.123-0500][gc,start       ] GC(104) Pause Young (Normal) (G1 Evacuation Pause)
[2020-12-09T15:21:42.123-0500][gc,task        ] GC(104) Using 8 workers of 8 for evacuation
[2020-12-09T15:21:42.126-0500][gc,phases      ] GC(104)   Pre Evacuate Collection Set: 0.0ms
[2020-12-09T15:21:42.126-0500][gc,phases      ] GC(104)   Evacuate Collection Set: 0.9ms
[2020-12-09T15:21:42.126-0500][gc,phases      ] GC(104)   Post Evacuate Collection Set: 1.3ms
[2020-12-09T15:21:42.126-0500][gc,phases      ] GC(104)   Other: 0.3ms
[2020-12-09T15:21:42.126-0500][gc,heap        ] GC(104) Eden regions: 11->0(12)
[2020-12-09T15:21:42.126-0500][gc,heap        ] GC(104) Survivor regions: 1->1(2)
[2020-12-09T15:21:42.126-0500][gc,heap        ] GC(104) Old regions: 44->44
[2020-12-09T15:21:42.126-0500][gc,heap        ] GC(104) Humongous regions: 4->4
[2020-12-09T15:21:42.126-0500][gc,metaspace   ] GC(104) Metaspace: 46542K->46542K(1091584K)
[2020-12-09T15:21:42.126-0500][gc,heap        ] GC(104) Heap after GC invocations=105 (full 11): garbage-first heap   total 70656K, used 46333K [0x0000000083000000, 0x0000000100000000)
[2020-12-09T15:21:42.126-0500][gc,heap        ] GC(104)   region size 1024K, 1 young (1024K), 1 survivors (1024K)
[2020-12-09T15:21:42.126-0500][gc,heap        ] GC(104)  Metaspace       used 46542K, capacity 48010K, committed 51200K, reserved 1091584K
[2020-12-09T15:21:42.126-0500][gc,heap        ] GC(104)   class space    used 6988K, capacity 7403K, committed 8448K, reserved 1048576K
[2020-12-09T15:21:42.126-0500][gc             ] GC(104) Pause Young (Normal) (G1 Evacuation Pause) 56M->45M(69M) 2.474ms
[2020-12-09T15:21:42.126-0500][gc,cpu         ] GC(104) User=0.00s Sys=0.00s Real=0.00s
[2020-12-09T15:22:31.434-0500][gc,task        ] GC(105) Using 5 workers of 8 for full compaction
[2020-12-09T15:22:31.434-0500][gc,start       ] GC(105) Pause Full (System.gc())
[2020-12-09T15:22:31.434-0500][gc,heap        ] GC(105) Heap before GC invocations=105 (full 11): garbage-first heap   total 70656K, used 50429K [0x0000000083000000, 0x0000000100000000)
[2020-12-09T15:22:31.434-0500][gc,heap        ] GC(105)   region size 1024K, 6 young (6144K), 1 survivors (1024K)
[2020-12-09T15:22:31.434-0500][gc,heap        ] GC(105)  Metaspace       used 46543K, capacity 48010K, committed 51200K, reserved 1091584K
[2020-12-09T15:22:31.434-0500][gc,heap        ] GC(105)   class space    used 6988K, capacity 7403K, committed 8448K, reserved 1048576K
[2020-12-09T15:22:31.434-0500][gc,phases,start] GC(105) Phase 1: Mark live objects
[2020-12-09T15:22:31.456-0500][gc,stringtable ] GC(105) Cleaned string and symbol table, strings: 29747 processed, 7 removed, symbols: 116658 processed, 0 removed
[2020-12-09T15:22:31.456-0500][gc,phases      ] GC(105) Phase 1: Mark live objects 21.475ms
[2020-12-09T15:22:31.456-0500][gc,phases,start] GC(105) Phase 2: Prepare for compaction
[2020-12-09T15:22:31.460-0500][gc,phases      ] GC(105) Phase 2: Prepare for compaction 4.096ms
[2020-12-09T15:22:31.460-0500][gc,phases,start] GC(105) Phase 3: Adjust pointers
[2020-12-09T15:22:31.473-0500][gc,phases      ] GC(105) Phase 3: Adjust pointers 12.582ms
[2020-12-09T15:22:31.473-0500][gc,phases,start] GC(105) Phase 4: Compact heap
[2020-12-09T15:22:31.478-0500][gc,phases      ] GC(105) Phase 4: Compact heap 4.951ms
[2020-12-09T15:22:31.483-0500][gc,heap        ] GC(105) Eden regions: 5->0(13)
[2020-12-09T15:22:31.483-0500][gc,heap        ] GC(105) Survivor regions: 1->0(2)
[2020-12-09T15:22:31.483-0500][gc,heap        ] GC(105) Old regions: 44->44
[2020-12-09T15:22:31.483-0500][gc,heap        ] GC(105) Humongous regions: 4->4
[2020-12-09T15:22:31.483-0500][gc,metaspace   ] GC(105) Metaspace: 46543K->46543K(1091584K)
[2020-12-09T15:22:31.483-0500][gc,heap        ] GC(105) Heap after GC invocations=106 (full 12): garbage-first heap   total 70656K, used 46288K [0x0000000083000000, 0x0000000100000000)
[2020-12-09T15:22:31.483-0500][gc,heap        ] GC(105)   region size 1024K, 0 young (0K), 0 survivors (0K)
[2020-12-09T15:22:31.483-0500][gc,heap        ] GC(105)  Metaspace       used 46543K, capacity 48010K, committed 51200K, reserved 1091584K
[2020-12-09T15:22:31.483-0500][gc,heap        ] GC(105)   class space    used 6988K, capacity 7403K, committed 8448K, reserved 1048576K
[2020-12-09T15:22:31.483-0500][gc             ] GC(105) Pause Full (System.gc()) 50M->45M(69M) 49.342ms
[2020-12-09T15:22:31.484-0500][gc,cpu         ] GC(105) User=0.19s Sys=0.01s Real=0.05s
[2020-12-09T15:24:47.870-0500][gc,heap        ] GC(106) Heap before GC invocations=106 (full 12): garbage-first heap   total 70656K, used 58576K [0x0000000083000000, 0x0000000100000000)
[2020-12-09T15:24:47.870-0500][gc,heap        ] GC(106)   region size 1024K, 13 young (13312K), 0 survivors (0K)
[2020-12-09T15:24:47.870-0500][gc,heap        ] GC(106)  Metaspace       used 46543K, capacity 48010K, committed 51200K, reserved 1091584K
[2020-12-09T15:24:47.870-0500][gc,heap        ] GC(106)   class space    used 6988K, capacity 7403K, committed 8448K, reserved 1048576K
[2020-12-09T15:24:47.870-0500][gc,start       ] GC(106) Pause Young (Concurrent Start) (G1 Evacuation Pause)
[2020-12-09T15:24:47.870-0500][gc,task        ] GC(106) Using 8 workers of 8 for evacuation
[2020-12-09T15:24:47.885-0500][gc,phases      ] GC(106)   Pre Evacuate Collection Set: 0.3ms
[2020-12-09T15:24:47.885-0500][gc,phases      ] GC(106)   Evacuate Collection Set: 10.8ms
[2020-12-09T15:24:47.885-0500][gc,phases      ] GC(106)   Post Evacuate Collection Set: 3.5ms
[2020-12-09T15:24:47.885-0500][gc,phases      ] GC(106)   Other: 0.7ms
[2020-12-09T15:24:47.885-0500][gc,heap        ] GC(106) Eden regions: 13->0(12)
[2020-12-09T15:24:47.886-0500][gc,heap        ] GC(106) Survivor regions: 0->1(2)
[2020-12-09T15:24:47.886-0500][gc,heap        ] GC(106) Old regions: 44->44
[2020-12-09T15:24:47.886-0500][gc,heap        ] GC(106) Humongous regions: 4->4
[2020-12-09T15:24:47.886-0500][gc,metaspace   ] GC(106) Metaspace: 46543K->46543K(1091584K)
[2020-12-09T15:24:47.886-0500][gc,heap        ] GC(106) Heap after GC invocations=107 (full 12): garbage-first heap   total 70656K, used 46378K [0x0000000083000000, 0x0000000100000000)
[2020-12-09T15:24:47.886-0500][gc,heap        ] GC(106)   region size 1024K, 1 young (1024K), 1 survivors (1024K)
[2020-12-09T15:24:47.886-0500][gc,heap        ] GC(106)  Metaspace       used 46543K, capacity 48010K, committed 51200K, reserved 1091584K
[2020-12-09T15:24:47.886-0500][gc,heap        ] GC(106)   class space    used 6988K, capacity 7403K, committed 8448K, reserved 1048576K
[2020-12-09T15:24:47.886-0500][gc             ] GC(106) Pause Young (Concurrent Start) (G1 Evacuation Pause) 58M->45M(69M) 16.052ms
[2020-12-09T15:24:47.886-0500][gc,cpu         ] GC(106) User=0.07s Sys=0.00s Real=0.01s
[2020-12-09T15:24:47.887-0500][gc             ] GC(107) Concurrent Cycle
[2020-12-09T15:24:47.887-0500][gc,marking     ] GC(107) Concurrent Clear Claimed Marks
[2020-12-09T15:24:47.887-0500][gc,marking     ] GC(107) Concurrent Clear Claimed Marks 0.161ms
[2020-12-09T15:24:47.887-0500][gc,marking     ] GC(107) Concurrent Scan Root Regions
[2020-12-09T15:24:47.889-0500][gc,marking     ] GC(107) Concurrent Scan Root Regions 2.423ms
[2020-12-09T15:24:47.889-0500][gc,marking     ] GC(107) Concurrent Mark (3439.619s)
[2020-12-09T15:24:47.889-0500][gc,marking     ] GC(107) Concurrent Mark From Roots
[2020-12-09T15:24:47.889-0500][gc,task        ] GC(107) Using 2 workers of 2 for marking
[2020-12-09T15:24:47.938-0500][gc,marking     ] GC(107) Concurrent Mark From Roots 49.165ms
[2020-12-09T15:24:47.939-0500][gc,marking     ] GC(107) Concurrent Preclean
[2020-12-09T15:24:47.939-0500][gc,marking     ] GC(107) Concurrent Preclean 0.264ms
[2020-12-09T15:24:47.939-0500][gc,marking     ] GC(107) Concurrent Mark (3439.619s, 3439.669s) 49.523ms
[2020-12-09T15:24:47.939-0500][gc,start       ] GC(107) Pause Remark
[2020-12-09T15:24:47.949-0500][gc,stringtable ] GC(107) Cleaned string and symbol table, strings: 29747 processed, 0 removed, symbols: 116658 processed, 0 removed
[2020-12-09T15:24:47.949-0500][gc             ] GC(107) Pause Remark 45M->45M(69M) 10.074ms
[2020-12-09T15:24:47.949-0500][gc,cpu         ] GC(107) User=0.06s Sys=0.01s Real=0.01s
[2020-12-09T15:24:47.950-0500][gc,marking     ] GC(107) Concurrent Rebuild Remembered Sets
[2020-12-09T15:24:47.970-0500][gc,marking     ] GC(107) Concurrent Rebuild Remembered Sets 20.688ms
[2020-12-09T15:24:47.971-0500][gc,start       ] GC(107) Pause Cleanup
[2020-12-09T15:24:47.971-0500][gc             ] GC(107) Pause Cleanup 45M->45M(69M) 0.171ms
[2020-12-09T15:24:47.971-0500][gc,cpu         ] GC(107) User=0.00s Sys=0.00s Real=0.00s
[2020-12-09T15:24:47.971-0500][gc,marking     ] GC(107) Concurrent Cleanup for Next Mark
[2020-12-09T15:24:47.971-0500][gc,marking     ] GC(107) Concurrent Cleanup for Next Mark 0.225ms
[2020-12-09T15:24:47.971-0500][gc             ] GC(107) Concurrent Cycle 84.837ms
[2020-12-09T15:27:02.123-0500][gc,heap        ] GC(108) Heap before GC invocations=108 (full 12): garbage-first heap   total 70656K, used 58666K [0x0000000083000000, 0x0000000100000000)
[2020-12-09T15:27:02.123-0500][gc,heap        ] GC(108)   region size 1024K, 13 young (13312K), 1 survivors (1024K)
[2020-12-09T15:27:02.123-0500][gc,heap        ] GC(108)  Metaspace       used 46553K, capacity 48010K, committed 51200K, reserved 1091584K
[2020-12-09T15:27:02.123-0500][gc,heap        ] GC(108)   class space    used 6988K, capacity 7403K, committed 8448K, reserved 1048576K
[2020-12-09T15:27:02.123-0500][gc,start       ] GC(108) Pause Young (Normal) (G1 Evacuation Pause)
[2020-12-09T15:27:02.123-0500][gc,task        ] GC(108) Using 8 workers of 8 for evacuation
[2020-12-09T15:27:02.128-0500][gc,phases      ] GC(108)   Pre Evacuate Collection Set: 0.0ms
[2020-12-09T15:27:02.128-0500][gc,phases      ] GC(108)   Evacuate Collection Set: 3.8ms
[2020-12-09T15:27:02.128-0500][gc,phases      ] GC(108)   Post Evacuate Collection Set: 1.1ms
[2020-12-09T15:27:02.128-0500][gc,phases      ] GC(108)   Other: 0.3ms
[2020-12-09T15:27:02.128-0500][gc,heap        ] GC(108) Eden regions: 12->0(12)
[2020-12-09T15:27:02.128-0500][gc,heap        ] GC(108) Survivor regions: 1->1(2)
[2020-12-09T15:27:02.128-0500][gc,heap        ] GC(108) Old regions: 44->44
[2020-12-09T15:27:02.128-0500][gc,heap        ] GC(108) Humongous regions: 4->4
[2020-12-09T15:27:02.128-0500][gc,metaspace   ] GC(108) Metaspace: 46553K->46553K(1091584K)
[2020-12-09T15:27:02.128-0500][gc,heap        ] GC(108) Heap after GC invocations=109 (full 12): garbage-first heap   total 70656K, used 46388K [0x0000000083000000, 0x0000000100000000)
[2020-12-09T15:27:02.128-0500][gc,heap        ] GC(108)   region size 1024K, 1 young (1024K), 1 survivors (1024K)
[2020-12-09T15:27:02.128-0500][gc,heap        ] GC(108)  Metaspace       used 46553K, capacity 48010K, committed 51200K, reserved 1091584K
[2020-12-09T15:27:02.128-0500][gc,heap        ] GC(108)   class space    used 6988K, capacity 7403K, committed 8448K, reserved 1048576K
[2020-12-09T15:27:02.128-0500][gc             ] GC(108) Pause Young (Normal) (G1 Evacuation Pause) 57M->45M(69M) 5.226ms
[2020-12-09T15:27:02.129-0500][gc,cpu         ] GC(108) User=0.02s Sys=0.00s Real=0.01s
[2020-12-09T15:27:31.437-0500][gc,task        ] GC(109) Using 5 workers of 8 for full compaction
[2020-12-09T15:27:31.437-0500][gc,start       ] GC(109) Pause Full (System.gc())
[2020-12-09T15:27:31.437-0500][gc,heap        ] GC(109) Heap before GC invocations=109 (full 12): garbage-first heap   total 70656K, used 48436K [0x0000000083000000, 0x0000000100000000)
[2020-12-09T15:27:31.437-0500][gc,heap        ] GC(109)   region size 1024K, 4 young (4096K), 1 survivors (1024K)
[2020-12-09T15:27:31.437-0500][gc,heap        ] GC(109)  Metaspace       used 46554K, capacity 48010K, committed 51200K, reserved 1091584K
[2020-12-09T15:27:31.437-0500][gc,heap        ] GC(109)   class space    used 6988K, capacity 7403K, committed 8448K, reserved 1048576K
[2020-12-09T15:27:31.437-0500][gc,phases,start] GC(109) Phase 1: Mark live objects
[2020-12-09T15:27:31.469-0500][gc,stringtable ] GC(109) Cleaned string and symbol table, strings: 29747 processed, 7 removed, symbols: 116658 processed, 0 removed
[2020-12-09T15:27:31.469-0500][gc,phases      ] GC(109) Phase 1: Mark live objects 32.214ms
[2020-12-09T15:27:31.469-0500][gc,phases,start] GC(109) Phase 2: Prepare for compaction
[2020-12-09T15:27:31.474-0500][gc,phases      ] GC(109) Phase 2: Prepare for compaction 4.617ms
[2020-12-09T15:27:31.474-0500][gc,phases,start] GC(109) Phase 3: Adjust pointers
[2020-12-09T15:27:31.487-0500][gc,phases      ] GC(109) Phase 3: Adjust pointers 12.634ms
[2020-12-09T15:27:31.487-0500][gc,phases,start] GC(109) Phase 4: Compact heap
[2020-12-09T15:27:31.490-0500][gc,phases      ] GC(109) Phase 4: Compact heap 3.634ms
[2020-12-09T15:27:31.497-0500][gc,heap        ] GC(109) Eden regions: 3->0(12)
[2020-12-09T15:27:31.497-0500][gc,heap        ] GC(109) Survivor regions: 1->0(2)
[2020-12-09T15:27:31.497-0500][gc,heap        ] GC(109) Old regions: 44->45
[2020-12-09T15:27:31.497-0500][gc,heap        ] GC(109) Humongous regions: 4->4
[2020-12-09T15:27:31.497-0500][gc,metaspace   ] GC(109) Metaspace: 46554K->46554K(1091584K)
[2020-12-09T15:27:31.497-0500][gc,heap        ] GC(109) Heap after GC invocations=110 (full 13): garbage-first heap   total 70656K, used 46280K [0x0000000083000000, 0x0000000100000000)
[2020-12-09T15:27:31.497-0500][gc,heap        ] GC(109)   region size 1024K, 0 young (0K), 0 survivors (0K)
[2020-12-09T15:27:31.497-0500][gc,heap        ] GC(109)  Metaspace       used 46554K, capacity 48010K, committed 51200K, reserved 1091584K
[2020-12-09T15:27:31.497-0500][gc,heap        ] GC(109)   class space    used 6988K, capacity 7403K, committed 8448K, reserved 1048576K
[2020-12-09T15:27:31.497-0500][gc             ] GC(109) Pause Full (System.gc()) 48M->45M(69M) 60.732ms
[2020-12-09T15:27:31.497-0500][gc,cpu         ] GC(109) User=0.26s Sys=0.00s Real=0.06s
[2020-12-09T15:28:47.578-0500][gc,heap        ] GC(110) Heap before GC invocations=110 (full 13): garbage-first heap   total 70656K, used 57544K [0x0000000083000000, 0x0000000100000000)
[2020-12-09T15:28:47.578-0500][gc,heap        ] GC(110)   region size 1024K, 12 young (12288K), 0 survivors (0K)
[2020-12-09T15:28:47.578-0500][gc,heap        ] GC(110)  Metaspace       used 46836K, capacity 48360K, committed 51200K, reserved 1091584K
[2020-12-09T15:28:47.578-0500][gc,heap        ] GC(110)   class space    used 7026K, capacity 7499K, committed 8448K, reserved 1048576K
[2020-12-09T15:28:47.578-0500][gc,start       ] GC(110) Pause Young (Concurrent Start) (G1 Evacuation Pause)
[2020-12-09T15:28:47.578-0500][gc,task        ] GC(110) Using 8 workers of 8 for evacuation
[2020-12-09T15:28:47.581-0500][gc,phases      ] GC(110)   Pre Evacuate Collection Set: 0.1ms
[2020-12-09T15:28:47.581-0500][gc,phases      ] GC(110)   Evacuate Collection Set: 1.5ms
[2020-12-09T15:28:47.581-0500][gc,phases      ] GC(110)   Post Evacuate Collection Set: 1.2ms
[2020-12-09T15:28:47.581-0500][gc,phases      ] GC(110)   Other: 0.3ms
[2020-12-09T15:28:47.581-0500][gc,heap        ] GC(110) Eden regions: 12->0(11)
[2020-12-09T15:28:47.581-0500][gc,heap        ] GC(110) Survivor regions: 0->1(2)
[2020-12-09T15:28:47.581-0500][gc,heap        ] GC(110) Old regions: 45->45
[2020-12-09T15:28:47.581-0500][gc,heap        ] GC(110) Humongous regions: 4->4
[2020-12-09T15:28:47.581-0500][gc,metaspace   ] GC(110) Metaspace: 46836K->46836K(1091584K)
[2020-12-09T15:28:47.581-0500][gc,heap        ] GC(110) Heap after GC invocations=111 (full 13): garbage-first heap   total 70656K, used 46886K [0x0000000083000000, 0x0000000100000000)
[2020-12-09T15:28:47.581-0500][gc,heap        ] GC(110)   region size 1024K, 1 young (1024K), 1 survivors (1024K)
[2020-12-09T15:28:47.581-0500][gc,heap        ] GC(110)  Metaspace       used 46836K, capacity 48360K, committed 51200K, reserved 1091584K
[2020-12-09T15:28:47.581-0500][gc,heap        ] GC(110)   class space    used 7026K, capacity 7499K, committed 8448K, reserved 1048576K
[2020-12-09T15:28:47.581-0500][gc             ] GC(110) Pause Young (Concurrent Start) (G1 Evacuation Pause) 57M->45M(69M) 3.153ms
[2020-12-09T15:28:47.581-0500][gc,cpu         ] GC(110) User=0.00s Sys=0.00s Real=0.00s
[2020-12-09T15:28:47.581-0500][gc             ] GC(111) Concurrent Cycle
[2020-12-09T15:28:47.581-0500][gc,marking     ] GC(111) Concurrent Clear Claimed Marks
[2020-12-09T15:28:47.582-0500][gc,marking     ] GC(111) Concurrent Clear Claimed Marks 0.114ms
[2020-12-09T15:28:47.582-0500][gc,marking     ] GC(111) Concurrent Scan Root Regions
[2020-12-09T15:28:47.583-0500][gc,marking     ] GC(111) Concurrent Scan Root Regions 1.422ms
[2020-12-09T15:28:47.583-0500][gc,marking     ] GC(111) Concurrent Mark (3679.313s)
[2020-12-09T15:28:47.583-0500][gc,marking     ] GC(111) Concurrent Mark From Roots
[2020-12-09T15:28:47.583-0500][gc,task        ] GC(111) Using 2 workers of 2 for marking
[2020-12-09T15:28:47.621-0500][gc,marking     ] GC(111) Concurrent Mark From Roots 38.311ms
[2020-12-09T15:28:47.621-0500][gc,marking     ] GC(111) Concurrent Preclean
[2020-12-09T15:28:47.622-0500][gc,marking     ] GC(111) Concurrent Preclean 0.237ms
[2020-12-09T15:28:47.622-0500][gc,marking     ] GC(111) Concurrent Mark (3679.313s, 3679.352s) 38.635ms
[2020-12-09T15:28:47.622-0500][gc,start       ] GC(111) Pause Remark
[2020-12-09T15:28:47.628-0500][gc,stringtable ] GC(111) Cleaned string and symbol table, strings: 29852 processed, 288 removed, symbols: 116882 processed, 0 removed
[2020-12-09T15:28:47.628-0500][gc             ] GC(111) Pause Remark 46M->46M(69M) 5.977ms
[2020-12-09T15:28:47.628-0500][gc,cpu         ] GC(111) User=0.03s Sys=0.00s Real=0.01s
[2020-12-09T15:28:47.628-0500][gc,marking     ] GC(111) Concurrent Rebuild Remembered Sets
[2020-12-09T15:28:47.650-0500][gc,marking     ] GC(111) Concurrent Rebuild Remembered Sets 21.778ms
[2020-12-09T15:28:47.650-0500][gc,start       ] GC(111) Pause Cleanup
[2020-12-09T15:28:47.651-0500][gc             ] GC(111) Pause Cleanup 46M->46M(69M) 0.204ms
[2020-12-09T15:28:47.651-0500][gc,cpu         ] GC(111) User=0.00s Sys=0.00s Real=0.00s
[2020-12-09T15:28:47.651-0500][gc,marking     ] GC(111) Concurrent Cleanup for Next Mark
[2020-12-09T15:28:47.651-0500][gc,marking     ] GC(111) Concurrent Cleanup for Next Mark 0.287ms
[2020-12-09T15:28:47.651-0500][gc             ] GC(111) Concurrent Cycle 69.610ms
[2020-12-09T15:30:47.891-0500][gc,heap        ] GC(112) Heap before GC invocations=112 (full 13): garbage-first heap   total 70656K, used 58150K [0x0000000083000000, 0x0000000100000000)
[2020-12-09T15:30:47.891-0500][gc,heap        ] GC(112)   region size 1024K, 12 young (12288K), 1 survivors (1024K)
[2020-12-09T15:30:47.891-0500][gc,heap        ] GC(112)  Metaspace       used 46842K, capacity 48360K, committed 51200K, reserved 1091584K
[2020-12-09T15:30:47.891-0500][gc,heap        ] GC(112)   class space    used 7026K, capacity 7499K, committed 8448K, reserved 1048576K
[2020-12-09T15:30:47.892-0500][gc,start       ] GC(112) Pause Young (Normal) (G1 Evacuation Pause)
[2020-12-09T15:30:47.892-0500][gc,task        ] GC(112) Using 8 workers of 8 for evacuation
[2020-12-09T15:30:47.898-0500][gc,phases      ] GC(112)   Pre Evacuate Collection Set: 0.1ms
[2020-12-09T15:30:47.898-0500][gc,phases      ] GC(112)   Evacuate Collection Set: 3.4ms
[2020-12-09T15:30:47.898-0500][gc,phases      ] GC(112)   Post Evacuate Collection Set: 2.5ms
[2020-12-09T15:30:47.898-0500][gc,phases      ] GC(112)   Other: 0.4ms
[2020-12-09T15:30:47.898-0500][gc,heap        ] GC(112) Eden regions: 11->0(11)
[2020-12-09T15:30:47.898-0500][gc,heap        ] GC(112) Survivor regions: 1->1(2)
[2020-12-09T15:30:47.898-0500][gc,heap        ] GC(112) Old regions: 45->45
[2020-12-09T15:30:47.898-0500][gc,heap        ] GC(112) Humongous regions: 4->4
[2020-12-09T15:30:47.898-0500][gc,metaspace   ] GC(112) Metaspace: 46842K->46842K(1091584K)
[2020-12-09T15:30:47.898-0500][gc,heap        ] GC(112) Heap after GC invocations=113 (full 13): garbage-first heap   total 70656K, used 46571K [0x0000000083000000, 0x0000000100000000)
[2020-12-09T15:30:47.898-0500][gc,heap        ] GC(112)   region size 1024K, 1 young (1024K), 1 survivors (1024K)
[2020-12-09T15:30:47.898-0500][gc,heap        ] GC(112)  Metaspace       used 46842K, capacity 48360K, committed 51200K, reserved 1091584K
[2020-12-09T15:30:47.898-0500][gc,heap        ] GC(112)   class space    used 7026K, capacity 7499K, committed 8448K, reserved 1048576K
[2020-12-09T15:30:47.898-0500][gc             ] GC(112) Pause Young (Normal) (G1 Evacuation Pause) 56M->45M(69M) 6.543ms
[2020-12-09T15:30:47.898-0500][gc,cpu         ] GC(112) User=0.03s Sys=0.00s Real=0.01s
[2020-12-09T15:32:31.436-0500][gc,task        ] GC(113) Using 5 workers of 8 for full compaction
[2020-12-09T15:32:31.436-0500][gc,start       ] GC(113) Pause Full (System.gc())
[2020-12-09T15:32:31.436-0500][gc,heap        ] GC(113) Heap before GC invocations=113 (full 13): garbage-first heap   total 70656K, used 54763K [0x0000000083000000, 0x0000000100000000)
[2020-12-09T15:32:31.436-0500][gc,heap        ] GC(113)   region size 1024K, 11 young (11264K), 1 survivors (1024K)
[2020-12-09T15:32:31.436-0500][gc,heap        ] GC(113)  Metaspace       used 46869K, capacity 48360K, committed 51200K, reserved 1091584K
[2020-12-09T15:32:31.436-0500][gc,heap        ] GC(113)   class space    used 7026K, capacity 7499K, committed 8448K, reserved 1048576K
[2020-12-09T15:32:31.437-0500][gc,phases,start] GC(113) Phase 1: Mark live objects
[2020-12-09T15:32:31.458-0500][gc,stringtable ] GC(113) Cleaned string and symbol table, strings: 29580 processed, 8 removed, symbols: 116882 processed, 0 removed
[2020-12-09T15:32:31.458-0500][gc,phases      ] GC(113) Phase 1: Mark live objects 21.758ms
[2020-12-09T15:32:31.458-0500][gc,phases,start] GC(113) Phase 2: Prepare for compaction
[2020-12-09T15:32:31.463-0500][gc,phases      ] GC(113) Phase 2: Prepare for compaction 4.719ms
[2020-12-09T15:32:31.463-0500][gc,phases,start] GC(113) Phase 3: Adjust pointers
[2020-12-09T15:32:31.475-0500][gc,phases      ] GC(113) Phase 3: Adjust pointers 12.062ms
[2020-12-09T15:32:31.475-0500][gc,phases,start] GC(113) Phase 4: Compact heap
[2020-12-09T15:32:31.480-0500][gc,phases      ] GC(113) Phase 4: Compact heap 4.722ms
[2020-12-09T15:32:31.486-0500][gc,heap        ] GC(113) Eden regions: 10->0(13)
[2020-12-09T15:32:31.486-0500][gc,heap        ] GC(113) Survivor regions: 1->0(2)
[2020-12-09T15:32:31.486-0500][gc,heap        ] GC(113) Old regions: 45->44
[2020-12-09T15:32:31.486-0500][gc,heap        ] GC(113) Humongous regions: 4->4
[2020-12-09T15:32:31.486-0500][gc,metaspace   ] GC(113) Metaspace: 46869K->46869K(1091584K)
[2020-12-09T15:32:31.486-0500][gc,heap        ] GC(113) Heap after GC invocations=114 (full 14): garbage-first heap   total 70656K, used 46366K [0x0000000083000000, 0x0000000100000000)
[2020-12-09T15:32:31.486-0500][gc,heap        ] GC(113)   region size 1024K, 0 young (0K), 0 survivors (0K)
[2020-12-09T15:32:31.486-0500][gc,heap        ] GC(113)  Metaspace       used 46869K, capacity 48360K, committed 51200K, reserved 1091584K
[2020-12-09T15:32:31.486-0500][gc,heap        ] GC(113)   class space    used 7026K, capacity 7499K, committed 8448K, reserved 1048576K
[2020-12-09T15:32:31.486-0500][gc             ] GC(113) Pause Full (System.gc()) 55M->45M(69M) 49.716ms
[2020-12-09T15:32:31.486-0500][gc,cpu         ] GC(113) User=0.21s Sys=0.01s Real=0.05s
[2020-12-09T15:34:52.128-0500][gc,heap        ] GC(114) Heap before GC invocations=114 (full 14): garbage-first heap   total 70656K, used 58654K [0x0000000083000000, 0x0000000100000000)
[2020-12-09T15:34:52.128-0500][gc,heap        ] GC(114)   region size 1024K, 13 young (13312K), 0 survivors (0K)
[2020-12-09T15:34:52.128-0500][gc,heap        ] GC(114)  Metaspace       used 46871K, capacity 48360K, committed 51200K, reserved 1091584K
[2020-12-09T15:34:52.128-0500][gc,heap        ] GC(114)   class space    used 7026K, capacity 7499K, committed 8448K, reserved 1048576K
[2020-12-09T15:34:52.128-0500][gc,start       ] GC(114) Pause Young (Concurrent Start) (G1 Evacuation Pause)
[2020-12-09T15:34:52.128-0500][gc,task        ] GC(114) Using 8 workers of 8 for evacuation
[2020-12-09T15:34:52.136-0500][gc,phases      ] GC(114)   Pre Evacuate Collection Set: 0.4ms
[2020-12-09T15:34:52.136-0500][gc,phases      ] GC(114)   Evacuate Collection Set: 4.3ms
[2020-12-09T15:34:52.136-0500][gc,phases      ] GC(114)   Post Evacuate Collection Set: 2.6ms
[2020-12-09T15:34:52.136-0500][gc,phases      ] GC(114)   Other: 0.7ms
[2020-12-09T15:34:52.136-0500][gc,heap        ] GC(114) Eden regions: 13->0(12)
[2020-12-09T15:34:52.136-0500][gc,heap        ] GC(114) Survivor regions: 0->1(2)
[2020-12-09T15:34:52.136-0500][gc,heap        ] GC(114) Old regions: 44->44
[2020-12-09T15:34:52.136-0500][gc,heap        ] GC(114) Humongous regions: 4->4
[2020-12-09T15:34:52.136-0500][gc,metaspace   ] GC(114) Metaspace: 46871K->46871K(1091584K)
[2020-12-09T15:34:52.136-0500][gc,heap        ] GC(114) Heap after GC invocations=115 (full 14): garbage-first heap   total 70656K, used 46487K [0x0000000083000000, 0x0000000100000000)
[2020-12-09T15:34:52.136-0500][gc,heap        ] GC(114)   region size 1024K, 1 young (1024K), 1 survivors (1024K)
[2020-12-09T15:34:52.136-0500][gc,heap        ] GC(114)  Metaspace       used 46871K, capacity 48360K, committed 51200K, reserved 1091584K
[2020-12-09T15:34:52.136-0500][gc,heap        ] GC(114)   class space    used 7026K, capacity 7499K, committed 8448K, reserved 1048576K
[2020-12-09T15:34:52.137-0500][gc             ] GC(114) Pause Young (Concurrent Start) (G1 Evacuation Pause) 58M->45M(69M) 8.187ms
[2020-12-09T15:34:52.137-0500][gc,cpu         ] GC(114) User=0.03s Sys=0.00s Real=0.00s
[2020-12-09T15:34:52.137-0500][gc             ] GC(115) Concurrent Cycle
[2020-12-09T15:34:52.137-0500][gc,marking     ] GC(115) Concurrent Clear Claimed Marks
[2020-12-09T15:34:52.137-0500][gc,marking     ] GC(115) Concurrent Clear Claimed Marks 0.127ms
[2020-12-09T15:34:52.137-0500][gc,marking     ] GC(115) Concurrent Scan Root Regions
[2020-12-09T15:34:52.139-0500][gc,marking     ] GC(115) Concurrent Scan Root Regions 1.679ms
[2020-12-09T15:34:52.139-0500][gc,marking     ] GC(115) Concurrent Mark (4043.869s)
[2020-12-09T15:34:52.139-0500][gc,marking     ] GC(115) Concurrent Mark From Roots
[2020-12-09T15:34:52.139-0500][gc,task        ] GC(115) Using 2 workers of 2 for marking
[2020-12-09T15:34:52.205-0500][gc,marking     ] GC(115) Concurrent Mark From Roots 66.033ms
[2020-12-09T15:34:52.205-0500][gc,marking     ] GC(115) Concurrent Preclean
[2020-12-09T15:34:52.205-0500][gc,marking     ] GC(115) Concurrent Preclean 0.188ms
[2020-12-09T15:34:52.205-0500][gc,marking     ] GC(115) Concurrent Mark (4043.869s, 4043.935s) 66.359ms
[2020-12-09T15:34:52.206-0500][gc,start       ] GC(115) Pause Remark
[2020-12-09T15:34:52.211-0500][gc,stringtable ] GC(115) Cleaned string and symbol table, strings: 29579 processed, 0 removed, symbols: 116882 processed, 0 removed
[2020-12-09T15:34:52.212-0500][gc             ] GC(115) Pause Remark 45M->45M(69M) 6.327ms
[2020-12-09T15:34:52.212-0500][gc,cpu         ] GC(115) User=0.03s Sys=0.01s Real=0.01s
[2020-12-09T15:34:52.212-0500][gc,marking     ] GC(115) Concurrent Rebuild Remembered Sets
[2020-12-09T15:34:52.231-0500][gc,marking     ] GC(115) Concurrent Rebuild Remembered Sets 18.933ms
[2020-12-09T15:34:52.231-0500][gc,start       ] GC(115) Pause Cleanup
[2020-12-09T15:34:52.232-0500][gc             ] GC(115) Pause Cleanup 45M->45M(69M) 0.205ms
[2020-12-09T15:34:52.232-0500][gc,cpu         ] GC(115) User=0.00s Sys=0.00s Real=0.00s
[2020-12-09T15:34:52.232-0500][gc,marking     ] GC(115) Concurrent Cleanup for Next Mark
[2020-12-09T15:34:52.232-0500][gc,marking     ] GC(115) Concurrent Cleanup for Next Mark 0.237ms
[2020-12-09T15:34:52.232-0500][gc             ] GC(115) Concurrent Cycle 95.077ms
[2020-12-09T15:37:02.126-0500][gc,heap        ] GC(116) Heap before GC invocations=116 (full 14): garbage-first heap   total 70656K, used 57751K [0x0000000083000000, 0x0000000100000000)
[2020-12-09T15:37:02.126-0500][gc,heap        ] GC(116)   region size 1024K, 13 young (13312K), 1 survivors (1024K)
[2020-12-09T15:37:02.126-0500][gc,heap        ] GC(116)  Metaspace       used 46880K, capacity 48365K, committed 51200K, reserved 1091584K
[2020-12-09T15:37:02.126-0500][gc,heap        ] GC(116)   class space    used 7026K, capacity 7499K, committed 8448K, reserved 1048576K
[2020-12-09T15:37:02.127-0500][gc,start       ] GC(116) Pause Young (Normal) (G1 Evacuation Pause)
[2020-12-09T15:37:02.127-0500][gc,task        ] GC(116) Using 8 workers of 8 for evacuation
[2020-12-09T15:37:02.132-0500][gc,phases      ] GC(116)   Pre Evacuate Collection Set: 0.0ms
[2020-12-09T15:37:02.132-0500][gc,phases      ] GC(116)   Evacuate Collection Set: 3.6ms
[2020-12-09T15:37:02.133-0500][gc,phases      ] GC(116)   Post Evacuate Collection Set: 2.0ms
[2020-12-09T15:37:02.133-0500][gc,phases      ] GC(116)   Other: 0.6ms
[2020-12-09T15:37:02.133-0500][gc,heap        ] GC(116) Eden regions: 12->0(12)
[2020-12-09T15:37:02.133-0500][gc,heap        ] GC(116) Survivor regions: 1->1(2)
[2020-12-09T15:37:02.133-0500][gc,heap        ] GC(116) Old regions: 44->44
[2020-12-09T15:37:02.133-0500][gc,heap        ] GC(116) Humongous regions: 4->4
[2020-12-09T15:37:02.133-0500][gc,metaspace   ] GC(116) Metaspace: 46880K->46880K(1091584K)
[2020-12-09T15:37:02.133-0500][gc,heap        ] GC(116) Heap after GC invocations=117 (full 14): garbage-first heap   total 70656K, used 46444K [0x0000000083000000, 0x0000000100000000)
[2020-12-09T15:37:02.133-0500][gc,heap        ] GC(116)   region size 1024K, 1 young (1024K), 1 survivors (1024K)
[2020-12-09T15:37:02.133-0500][gc,heap        ] GC(116)  Metaspace       used 46880K, capacity 48365K, committed 51200K, reserved 1091584K
[2020-12-09T15:37:02.133-0500][gc,heap        ] GC(116)   class space    used 7026K, capacity 7499K, committed 8448K, reserved 1048576K
[2020-12-09T15:37:02.133-0500][gc             ] GC(116) Pause Young (Normal) (G1 Evacuation Pause) 57M->45M(69M) 6.178ms
[2020-12-09T15:37:02.133-0500][gc,cpu         ] GC(116) User=0.02s Sys=0.00s Real=0.01s
[2020-12-09T15:37:31.434-0500][gc,task        ] GC(117) Using 5 workers of 8 for full compaction
[2020-12-09T15:37:31.434-0500][gc,start       ] GC(117) Pause Full (System.gc())
[2020-12-09T15:37:31.434-0500][gc,heap        ] GC(117) Heap before GC invocations=117 (full 14): garbage-first heap   total 70656K, used 48492K [0x0000000083000000, 0x0000000100000000)
[2020-12-09T15:37:31.434-0500][gc,heap        ] GC(117)   region size 1024K, 4 young (4096K), 1 survivors (1024K)
[2020-12-09T15:37:31.434-0500][gc,heap        ] GC(117)  Metaspace       used 46880K, capacity 48365K, committed 51200K, reserved 1091584K
[2020-12-09T15:37:31.434-0500][gc,heap        ] GC(117)   class space    used 7026K, capacity 7499K, committed 8448K, reserved 1048576K
[2020-12-09T15:37:31.434-0500][gc,phases,start] GC(117) Phase 1: Mark live objects
[2020-12-09T15:37:31.455-0500][gc,stringtable ] GC(117) Cleaned string and symbol table, strings: 29580 processed, 7 removed, symbols: 116882 processed, 0 removed
[2020-12-09T15:37:31.455-0500][gc,phases      ] GC(117) Phase 1: Mark live objects 20.504ms
[2020-12-09T15:37:31.455-0500][gc,phases,start] GC(117) Phase 2: Prepare for compaction
[2020-12-09T15:37:31.459-0500][gc,phases      ] GC(117) Phase 2: Prepare for compaction 3.923ms
[2020-12-09T15:37:31.459-0500][gc,phases,start] GC(117) Phase 3: Adjust pointers
[2020-12-09T15:37:31.470-0500][gc,phases      ] GC(117) Phase 3: Adjust pointers 11.496ms
[2020-12-09T15:37:31.470-0500][gc,phases,start] GC(117) Phase 4: Compact heap
[2020-12-09T15:37:31.474-0500][gc,phases      ] GC(117) Phase 4: Compact heap 4.173ms
[2020-12-09T15:37:31.480-0500][gc,heap        ] GC(117) Eden regions: 3->0(13)
[2020-12-09T15:37:31.480-0500][gc,heap        ] GC(117) Survivor regions: 1->0(2)
[2020-12-09T15:37:31.480-0500][gc,heap        ] GC(117) Old regions: 44->44
[2020-12-09T15:37:31.480-0500][gc,heap        ] GC(117) Humongous regions: 4->4
[2020-12-09T15:37:31.480-0500][gc,metaspace   ] GC(117) Metaspace: 46880K->46880K(1091584K)
[2020-12-09T15:37:31.480-0500][gc,heap        ] GC(117) Heap after GC invocations=118 (full 15): garbage-first heap   total 70656K, used 46326K [0x0000000083000000, 0x0000000100000000)
[2020-12-09T15:37:31.480-0500][gc,heap        ] GC(117)   region size 1024K, 0 young (0K), 0 survivors (0K)
[2020-12-09T15:37:31.480-0500][gc,heap        ] GC(117)  Metaspace       used 46880K, capacity 48365K, committed 51200K, reserved 1091584K
[2020-12-09T15:37:31.480-0500][gc,heap        ] GC(117)   class space    used 7026K, capacity 7499K, committed 8448K, reserved 1048576K
[2020-12-09T15:37:31.480-0500][gc             ] GC(117) Pause Full (System.gc()) 47M->45M(69M) 46.582ms
[2020-12-09T15:37:31.480-0500][gc,cpu         ] GC(117) User=0.19s Sys=0.00s Real=0.05s
[2020-12-09T15:39:52.122-0500][gc,heap        ] GC(118) Heap before GC invocations=118 (full 15): garbage-first heap   total 70656K, used 58614K [0x0000000083000000, 0x0000000100000000)
[2020-12-09T15:39:52.122-0500][gc,heap        ] GC(118)   region size 1024K, 13 young (13312K), 0 survivors (0K)
[2020-12-09T15:39:52.122-0500][gc,heap        ] GC(118)  Metaspace       used 46880K, capacity 48365K, committed 51200K, reserved 1091584K
[2020-12-09T15:39:52.122-0500][gc,heap        ] GC(118)   class space    used 7026K, capacity 7499K, committed 8448K, reserved 1048576K
[2020-12-09T15:39:52.122-0500][gc,start       ] GC(118) Pause Young (Concurrent Start) (G1 Evacuation Pause)
[2020-12-09T15:39:52.122-0500][gc,task        ] GC(118) Using 8 workers of 8 for evacuation
[2020-12-09T15:39:52.126-0500][gc,phases      ] GC(118)   Pre Evacuate Collection Set: 0.2ms
[2020-12-09T15:39:52.126-0500][gc,phases      ] GC(118)   Evacuate Collection Set: 1.0ms
[2020-12-09T15:39:52.126-0500][gc,phases      ] GC(118)   Post Evacuate Collection Set: 2.0ms
[2020-12-09T15:39:52.126-0500][gc,phases      ] GC(118)   Other: 0.2ms
[2020-12-09T15:39:52.126-0500][gc,heap        ] GC(118) Eden regions: 13->0(12)
[2020-12-09T15:39:52.126-0500][gc,heap        ] GC(118) Survivor regions: 0->1(2)
[2020-12-09T15:39:52.126-0500][gc,heap        ] GC(118) Old regions: 44->44
[2020-12-09T15:39:52.126-0500][gc,heap        ] GC(118) Humongous regions: 4->4
[2020-12-09T15:39:52.126-0500][gc,metaspace   ] GC(118) Metaspace: 46880K->46880K(1091584K)
[2020-12-09T15:39:52.126-0500][gc,heap        ] GC(118) Heap after GC invocations=119 (full 15): garbage-first heap   total 70656K, used 46416K [0x0000000083000000, 0x0000000100000000)
[2020-12-09T15:39:52.126-0500][gc,heap        ] GC(118)   region size 1024K, 1 young (1024K), 1 survivors (1024K)
[2020-12-09T15:39:52.126-0500][gc,heap        ] GC(118)  Metaspace       used 46880K, capacity 48365K, committed 51200K, reserved 1091584K
[2020-12-09T15:39:52.126-0500][gc,heap        ] GC(118)   class space    used 7026K, capacity 7499K, committed 8448K, reserved 1048576K
[2020-12-09T15:39:52.126-0500][gc             ] GC(118) Pause Young (Concurrent Start) (G1 Evacuation Pause) 58M->45M(69M) 3.465ms
[2020-12-09T15:39:52.126-0500][gc,cpu         ] GC(118) User=0.00s Sys=0.00s Real=0.00s
[2020-12-09T15:39:52.126-0500][gc             ] GC(119) Concurrent Cycle
[2020-12-09T15:39:52.126-0500][gc,marking     ] GC(119) Concurrent Clear Claimed Marks
[2020-12-09T15:39:52.126-0500][gc,marking     ] GC(119) Concurrent Clear Claimed Marks 0.107ms
[2020-12-09T15:39:52.126-0500][gc,marking     ] GC(119) Concurrent Scan Root Regions
[2020-12-09T15:39:52.127-0500][gc,marking     ] GC(119) Concurrent Scan Root Regions 0.968ms
[2020-12-09T15:39:52.127-0500][gc,marking     ] GC(119) Concurrent Mark (4343.857s)
[2020-12-09T15:39:52.127-0500][gc,marking     ] GC(119) Concurrent Mark From Roots
[2020-12-09T15:39:52.127-0500][gc,task        ] GC(119) Using 2 workers of 2 for marking
[2020-12-09T15:39:52.168-0500][gc,marking     ] GC(119) Concurrent Mark From Roots 41.052ms
[2020-12-09T15:39:52.168-0500][gc,marking     ] GC(119) Concurrent Preclean
[2020-12-09T15:39:52.168-0500][gc,marking     ] GC(119) Concurrent Preclean 0.198ms
[2020-12-09T15:39:52.168-0500][gc,marking     ] GC(119) Concurrent Mark (4343.857s, 4343.898s) 41.339ms
[2020-12-09T15:39:52.169-0500][gc,start       ] GC(119) Pause Remark
[2020-12-09T15:39:52.175-0500][gc,stringtable ] GC(119) Cleaned string and symbol table, strings: 29598 processed, 0 removed, symbols: 116882 processed, 0 removed
[2020-12-09T15:39:52.175-0500][gc             ] GC(119) Pause Remark 45M->45M(69M) 6.346ms
[2020-12-09T15:39:52.175-0500][gc,cpu         ] GC(119) User=0.03s Sys=0.01s Real=0.00s
[2020-12-09T15:39:52.175-0500][gc,marking     ] GC(119) Concurrent Rebuild Remembered Sets
[2020-12-09T15:39:52.197-0500][gc,marking     ] GC(119) Concurrent Rebuild Remembered Sets 21.272ms
[2020-12-09T15:39:52.197-0500][gc,start       ] GC(119) Pause Cleanup
[2020-12-09T15:39:52.197-0500][gc             ] GC(119) Pause Cleanup 45M->45M(69M) 0.278ms
[2020-12-09T15:39:52.197-0500][gc,cpu         ] GC(119) User=0.00s Sys=0.00s Real=0.00s
[2020-12-09T15:39:52.197-0500][gc,marking     ] GC(119) Concurrent Cleanup for Next Mark
[2020-12-09T15:39:52.197-0500][gc,marking     ] GC(119) Concurrent Cleanup for Next Mark 0.190ms
[2020-12-09T15:39:52.198-0500][gc             ] GC(119) Concurrent Cycle 71.616ms
[2020-12-09T15:42:02.124-0500][gc,heap        ] GC(120) Heap before GC invocations=120 (full 15): garbage-first heap   total 70656K, used 57680K [0x0000000083000000, 0x0000000100000000)
[2020-12-09T15:42:02.124-0500][gc,heap        ] GC(120)   region size 1024K, 13 young (13312K), 1 survivors (1024K)
[2020-12-09T15:42:02.124-0500][gc,heap        ] GC(120)  Metaspace       used 46880K, capacity 48365K, committed 51200K, reserved 1091584K
[2020-12-09T15:42:02.124-0500][gc,heap        ] GC(120)   class space    used 7026K, capacity 7499K, committed 8448K, reserved 1048576K
[2020-12-09T15:42:02.124-0500][gc,start       ] GC(120) Pause Young (Normal) (G1 Evacuation Pause)
[2020-12-09T15:42:02.124-0500][gc,task        ] GC(120) Using 8 workers of 8 for evacuation
[2020-12-09T15:42:02.132-0500][gc,phases      ] GC(120)   Pre Evacuate Collection Set: 0.0ms
[2020-12-09T15:42:02.132-0500][gc,phases      ] GC(120)   Evacuate Collection Set: 0.9ms
[2020-12-09T15:42:02.132-0500][gc,phases      ] GC(120)   Post Evacuate Collection Set: 6.7ms
[2020-12-09T15:42:02.132-0500][gc,phases      ] GC(120)   Other: 0.2ms
[2020-12-09T15:42:02.132-0500][gc,heap        ] GC(120) Eden regions: 12->0(12)
[2020-12-09T15:42:02.132-0500][gc,heap        ] GC(120) Survivor regions: 1->1(2)
[2020-12-09T15:42:02.132-0500][gc,heap        ] GC(120) Old regions: 44->44
[2020-12-09T15:42:02.132-0500][gc,heap        ] GC(120) Humongous regions: 4->4
[2020-12-09T15:42:02.132-0500][gc,metaspace   ] GC(120) Metaspace: 46880K->46880K(1091584K)
[2020-12-09T15:42:02.132-0500][gc,heap        ] GC(120) Heap after GC invocations=121 (full 15): garbage-first heap   total 70656K, used 46402K [0x0000000083000000, 0x0000000100000000)
[2020-12-09T15:42:02.132-0500][gc,heap        ] GC(120)   region size 1024K, 1 young (1024K), 1 survivors (1024K)
[2020-12-09T15:42:02.132-0500][gc,heap        ] GC(120)  Metaspace       used 46880K, capacity 48365K, committed 51200K, reserved 1091584K
[2020-12-09T15:42:02.132-0500][gc,heap        ] GC(120)   class space    used 7026K, capacity 7499K, committed 8448K, reserved 1048576K
[2020-12-09T15:42:02.132-0500][gc             ] GC(120) Pause Young (Normal) (G1 Evacuation Pause) 57M->45M(69M) 7.969ms
[2020-12-09T15:42:02.132-0500][gc,cpu         ] GC(120) User=0.03s Sys=0.00s Real=0.01s
[2020-12-09T15:42:31.435-0500][gc,task        ] GC(121) Using 5 workers of 8 for full compaction
[2020-12-09T15:42:31.435-0500][gc,start       ] GC(121) Pause Full (System.gc())
[2020-12-09T15:42:31.435-0500][gc,heap        ] GC(121) Heap before GC invocations=121 (full 15): garbage-first heap   total 70656K, used 48450K [0x0000000083000000, 0x0000000100000000)
[2020-12-09T15:42:31.435-0500][gc,heap        ] GC(121)   region size 1024K, 4 young (4096K), 1 survivors (1024K)
[2020-12-09T15:42:31.435-0500][gc,heap        ] GC(121)  Metaspace       used 46880K, capacity 48365K, committed 51200K, reserved 1091584K
[2020-12-09T15:42:31.435-0500][gc,heap        ] GC(121)   class space    used 7026K, capacity 7499K, committed 8448K, reserved 1048576K
[2020-12-09T15:42:31.436-0500][gc,phases,start] GC(121) Phase 1: Mark live objects
[2020-12-09T15:42:31.467-0500][gc,stringtable ] GC(121) Cleaned string and symbol table, strings: 29598 processed, 7 removed, symbols: 116882 processed, 0 removed
[2020-12-09T15:42:31.467-0500][gc,phases      ] GC(121) Phase 1: Mark live objects 30.995ms
[2020-12-09T15:42:31.467-0500][gc,phases,start] GC(121) Phase 2: Prepare for compaction
[2020-12-09T15:42:31.471-0500][gc,phases      ] GC(121) Phase 2: Prepare for compaction 4.030ms
[2020-12-09T15:42:31.471-0500][gc,phases,start] GC(121) Phase 3: Adjust pointers
[2020-12-09T15:42:31.482-0500][gc,phases      ] GC(121) Phase 3: Adjust pointers 11.469ms
[2020-12-09T15:42:31.483-0500][gc,phases,start] GC(121) Phase 4: Compact heap
[2020-12-09T15:42:31.487-0500][gc,phases      ] GC(121) Phase 4: Compact heap 4.285ms
[2020-12-09T15:42:31.493-0500][gc,heap        ] GC(121) Eden regions: 3->0(12)
[2020-12-09T15:42:31.493-0500][gc,heap        ] GC(121) Survivor regions: 1->0(2)
[2020-12-09T15:42:31.493-0500][gc,heap        ] GC(121) Old regions: 44->45
[2020-12-09T15:42:31.493-0500][gc,heap        ] GC(121) Humongous regions: 4->4
[2020-12-09T15:42:31.493-0500][gc,metaspace   ] GC(121) Metaspace: 46880K->46880K(1091584K)
[2020-12-09T15:42:31.493-0500][gc,heap        ] GC(121) Heap after GC invocations=122 (full 16): garbage-first heap   total 70656K, used 46320K [0x0000000083000000, 0x0000000100000000)
[2020-12-09T15:42:31.493-0500][gc,heap        ] GC(121)   region size 1024K, 0 young (0K), 0 survivors (0K)
[2020-12-09T15:42:31.493-0500][gc,heap        ] GC(121)  Metaspace       used 46880K, capacity 48365K, committed 51200K, reserved 1091584K
[2020-12-09T15:42:31.493-0500][gc,heap        ] GC(121)   class space    used 7026K, capacity 7499K, committed 8448K, reserved 1048576K
[2020-12-09T15:42:31.493-0500][gc             ] GC(121) Pause Full (System.gc()) 47M->45M(69M) 58.001ms
[2020-12-09T15:42:31.493-0500][gc,cpu         ] GC(121) User=0.24s Sys=0.00s Real=0.06s
[2020-12-09T15:44:42.122-0500][gc,heap        ] GC(122) Heap before GC invocations=122 (full 16): garbage-first heap   total 70656K, used 57584K [0x0000000083000000, 0x0000000100000000)
[2020-12-09T15:44:42.122-0500][gc,heap        ] GC(122)   region size 1024K, 12 young (12288K), 0 survivors (0K)
[2020-12-09T15:44:42.122-0500][gc,heap        ] GC(122)  Metaspace       used 46880K, capacity 48365K, committed 51200K, reserved 1091584K
[2020-12-09T15:44:42.122-0500][gc,heap        ] GC(122)   class space    used 7026K, capacity 7499K, committed 8448K, reserved 1048576K
[2020-12-09T15:44:42.123-0500][gc,start       ] GC(122) Pause Young (Concurrent Start) (G1 Evacuation Pause)
[2020-12-09T15:44:42.123-0500][gc,task        ] GC(122) Using 8 workers of 8 for evacuation
[2020-12-09T15:44:42.126-0500][gc,phases      ] GC(122)   Pre Evacuate Collection Set: 0.2ms
[2020-12-09T15:44:42.126-0500][gc,phases      ] GC(122)   Evacuate Collection Set: 1.7ms
[2020-12-09T15:44:42.126-0500][gc,phases      ] GC(122)   Post Evacuate Collection Set: 1.5ms
[2020-12-09T15:44:42.126-0500][gc,phases      ] GC(122)   Other: 0.4ms
[2020-12-09T15:44:42.126-0500][gc,heap        ] GC(122) Eden regions: 12->0(11)
[2020-12-09T15:44:42.126-0500][gc,heap        ] GC(122) Survivor regions: 0->1(2)
[2020-12-09T15:44:42.126-0500][gc,heap        ] GC(122) Old regions: 45->45
[2020-12-09T15:44:42.126-0500][gc,heap        ] GC(122) Humongous regions: 4->4
[2020-12-09T15:44:42.126-0500][gc,metaspace   ] GC(122) Metaspace: 46880K->46880K(1091584K)
[2020-12-09T15:44:42.126-0500][gc,heap        ] GC(122) Heap after GC invocations=123 (full 16): garbage-first heap   total 70656K, used 46422K [0x0000000083000000, 0x0000000100000000)
[2020-12-09T15:44:42.126-0500][gc,heap        ] GC(122)   region size 1024K, 1 young (1024K), 1 survivors (1024K)
[2020-12-09T15:44:42.126-0500][gc,heap        ] GC(122)  Metaspace       used 46880K, capacity 48365K, committed 51200K, reserved 1091584K
[2020-12-09T15:44:42.126-0500][gc,heap        ] GC(122)   class space    used 7026K, capacity 7499K, committed 8448K, reserved 1048576K
[2020-12-09T15:44:42.126-0500][gc             ] GC(122) Pause Young (Concurrent Start) (G1 Evacuation Pause) 57M->45M(69M) 3.769ms
[2020-12-09T15:44:42.126-0500][gc,cpu         ] GC(122) User=0.00s Sys=0.01s Real=0.00s
[2020-12-09T15:44:42.127-0500][gc             ] GC(123) Concurrent Cycle
[2020-12-09T15:44:42.127-0500][gc,marking     ] GC(123) Concurrent Clear Claimed Marks
[2020-12-09T15:44:42.127-0500][gc,marking     ] GC(123) Concurrent Clear Claimed Marks 0.053ms
[2020-12-09T15:44:42.127-0500][gc,marking     ] GC(123) Concurrent Scan Root Regions
[2020-12-09T15:44:42.127-0500][gc,marking     ] GC(123) Concurrent Scan Root Regions 0.844ms
[2020-12-09T15:44:42.128-0500][gc,marking     ] GC(123) Concurrent Mark (4633.858s)
[2020-12-09T15:44:42.128-0500][gc,marking     ] GC(123) Concurrent Mark From Roots
[2020-12-09T15:44:42.129-0500][gc,task        ] GC(123) Using 2 workers of 2 for marking
[2020-12-09T15:44:42.174-0500][gc,marking     ] GC(123) Concurrent Mark From Roots 46.293ms
[2020-12-09T15:44:42.174-0500][gc,marking     ] GC(123) Concurrent Preclean
[2020-12-09T15:44:42.174-0500][gc,marking     ] GC(123) Concurrent Preclean 0.183ms
[2020-12-09T15:44:42.174-0500][gc,marking     ] GC(123) Concurrent Mark (4633.858s, 4633.904s) 46.566ms
[2020-12-09T15:44:42.174-0500][gc,start       ] GC(123) Pause Remark
[2020-12-09T15:44:42.179-0500][gc,stringtable ] GC(123) Cleaned string and symbol table, strings: 29598 processed, 0 removed, symbols: 116882 processed, 0 removed
[2020-12-09T15:44:42.179-0500][gc             ] GC(123) Pause Remark 45M->45M(69M) 4.941ms
[2020-12-09T15:44:42.179-0500][gc,cpu         ] GC(123) User=0.04s Sys=0.00s Real=0.01s
[2020-12-09T15:44:42.179-0500][gc,marking     ] GC(123) Concurrent Rebuild Remembered Sets
[2020-12-09T15:44:42.199-0500][gc,marking     ] GC(123) Concurrent Rebuild Remembered Sets 19.846ms
[2020-12-09T15:44:42.200-0500][gc,start       ] GC(123) Pause Cleanup
[2020-12-09T15:44:42.200-0500][gc             ] GC(123) Pause Cleanup 45M->45M(69M) 0.338ms
[2020-12-09T15:44:42.200-0500][gc,cpu         ] GC(123) User=0.00s Sys=0.00s Real=0.00s
[2020-12-09T15:44:42.200-0500][gc,marking     ] GC(123) Concurrent Cleanup for Next Mark
[2020-12-09T15:44:42.200-0500][gc,marking     ] GC(123) Concurrent Cleanup for Next Mark 0.200ms
[2020-12-09T15:44:42.200-0500][gc             ] GC(123) Concurrent Cycle 73.910ms
[2020-12-09T15:46:42.128-0500][gc,heap        ] GC(124) Heap before GC invocations=124 (full 16): garbage-first heap   total 70656K, used 56660K [0x0000000083000000, 0x0000000100000000)
[2020-12-09T15:46:42.128-0500][gc,heap        ] GC(124)   region size 1024K, 12 young (12288K), 1 survivors (1024K)
[2020-12-09T15:46:42.128-0500][gc,heap        ] GC(124)  Metaspace       used 46884K, capacity 48365K, committed 51200K, reserved 1091584K
[2020-12-09T15:46:42.128-0500][gc,heap        ] GC(124)   class space    used 7026K, capacity 7499K, committed 8448K, reserved 1048576K
[2020-12-09T15:46:42.128-0500][gc,start       ] GC(124) Pause Young (Normal) (G1 Evacuation Pause)
[2020-12-09T15:46:42.128-0500][gc,task        ] GC(124) Using 8 workers of 8 for evacuation
[2020-12-09T15:46:42.151-0500][gc,phases      ] GC(124)   Pre Evacuate Collection Set: 0.0ms
[2020-12-09T15:46:42.151-0500][gc,phases      ] GC(124)   Evacuate Collection Set: 19.1ms
[2020-12-09T15:46:42.151-0500][gc,phases      ] GC(124)   Post Evacuate Collection Set: 2.9ms
[2020-12-09T15:46:42.151-0500][gc,phases      ] GC(124)   Other: 0.4ms
[2020-12-09T15:46:42.151-0500][gc,heap        ] GC(124) Eden regions: 11->0(12)
[2020-12-09T15:46:42.151-0500][gc,heap        ] GC(124) Survivor regions: 1->1(2)
[2020-12-09T15:46:42.151-0500][gc,heap        ] GC(124) Old regions: 44->44
[2020-12-09T15:46:42.151-0500][gc,heap        ] GC(124) Humongous regions: 4->4
[2020-12-09T15:46:42.151-0500][gc,metaspace   ] GC(124) Metaspace: 46884K->46884K(1091584K)
[2020-12-09T15:46:42.151-0500][gc,heap        ] GC(124) Heap after GC invocations=125 (full 16): garbage-first heap   total 70656K, used 46406K [0x0000000083000000, 0x0000000100000000)
[2020-12-09T15:46:42.151-0500][gc,heap        ] GC(124)   region size 1024K, 1 young (1024K), 1 survivors (1024K)
[2020-12-09T15:46:42.151-0500][gc,heap        ] GC(124)  Metaspace       used 46884K, capacity 48365K, committed 51200K, reserved 1091584K
[2020-12-09T15:46:42.151-0500][gc,heap        ] GC(124)   class space    used 7026K, capacity 7499K, committed 8448K, reserved 1048576K
[2020-12-09T15:46:42.151-0500][gc             ] GC(124) Pause Young (Normal) (G1 Evacuation Pause) 56M->45M(69M) 22.360ms
[2020-12-09T15:46:42.151-0500][gc,cpu         ] GC(124) User=0.14s Sys=0.00s Real=0.02s
[2020-12-09T15:47:31.435-0500][gc,task        ] GC(125) Using 5 workers of 8 for full compaction
[2020-12-09T15:47:31.435-0500][gc,start       ] GC(125) Pause Full (System.gc())
[2020-12-09T15:47:31.435-0500][gc,heap        ] GC(125) Heap before GC invocations=125 (full 16): garbage-first heap   total 70656K, used 50502K [0x0000000083000000, 0x0000000100000000)
[2020-12-09T15:47:31.435-0500][gc,heap        ] GC(125)   region size 1024K, 6 young (6144K), 1 survivors (1024K)
[2020-12-09T15:47:31.435-0500][gc,heap        ] GC(125)  Metaspace       used 46884K, capacity 48365K, committed 51200K, reserved 1091584K
[2020-12-09T15:47:31.435-0500][gc,heap        ] GC(125)   class space    used 7026K, capacity 7499K, committed 8448K, reserved 1048576K
[2020-12-09T15:47:31.436-0500][gc,phases,start] GC(125) Phase 1: Mark live objects
[2020-12-09T15:47:31.456-0500][gc,stringtable ] GC(125) Cleaned string and symbol table, strings: 29615 processed, 7 removed, symbols: 116882 processed, 0 removed
[2020-12-09T15:47:31.456-0500][gc,phases      ] GC(125) Phase 1: Mark live objects 20.694ms
[2020-12-09T15:47:31.456-0500][gc,phases,start] GC(125) Phase 2: Prepare for compaction
[2020-12-09T15:47:31.461-0500][gc,phases      ] GC(125) Phase 2: Prepare for compaction 4.457ms
[2020-12-09T15:47:31.461-0500][gc,phases,start] GC(125) Phase 3: Adjust pointers
[2020-12-09T15:47:31.475-0500][gc,phases      ] GC(125) Phase 3: Adjust pointers 13.871ms
[2020-12-09T15:47:31.475-0500][gc,phases,start] GC(125) Phase 4: Compact heap
[2020-12-09T15:47:31.479-0500][gc,phases      ] GC(125) Phase 4: Compact heap 3.786ms
[2020-12-09T15:47:31.484-0500][gc,heap        ] GC(125) Eden regions: 5->0(12)
[2020-12-09T15:47:31.484-0500][gc,heap        ] GC(125) Survivor regions: 1->0(2)
[2020-12-09T15:47:31.484-0500][gc,heap        ] GC(125) Old regions: 44->45
[2020-12-09T15:47:31.484-0500][gc,heap        ] GC(125) Humongous regions: 4->4
[2020-12-09T15:47:31.484-0500][gc,metaspace   ] GC(125) Metaspace: 46884K->46884K(1091584K)
[2020-12-09T15:47:31.484-0500][gc,heap        ] GC(125) Heap after GC invocations=126 (full 17): garbage-first heap   total 70656K, used 46334K [0x0000000083000000, 0x0000000100000000)
[2020-12-09T15:47:31.484-0500][gc,heap        ] GC(125)   region size 1024K, 0 young (0K), 0 survivors (0K)
[2020-12-09T15:47:31.484-0500][gc,heap        ] GC(125)  Metaspace       used 46884K, capacity 48365K, committed 51200K, reserved 1091584K
[2020-12-09T15:47:31.484-0500][gc,heap        ] GC(125)   class space    used 7026K, capacity 7499K, committed 8448K, reserved 1048576K
[2020-12-09T15:47:31.484-0500][gc             ] GC(125) Pause Full (System.gc()) 49M->45M(69M) 49.021ms
[2020-12-09T15:47:31.484-0500][gc,cpu         ] GC(125) User=0.21s Sys=0.00s Real=0.05s
[2020-12-09T15:49:42.126-0500][gc,heap        ] GC(126) Heap before GC invocations=126 (full 17): garbage-first heap   total 70656K, used 57598K [0x0000000083000000, 0x0000000100000000)
[2020-12-09T15:49:42.126-0500][gc,heap        ] GC(126)   region size 1024K, 12 young (12288K), 0 survivors (0K)
[2020-12-09T15:49:42.126-0500][gc,heap        ] GC(126)  Metaspace       used 46884K, capacity 48365K, committed 51200K, reserved 1091584K
[2020-12-09T15:49:42.126-0500][gc,heap        ] GC(126)   class space    used 7026K, capacity 7499K, committed 8448K, reserved 1048576K
[2020-12-09T15:49:42.126-0500][gc,start       ] GC(126) Pause Young (Concurrent Start) (G1 Evacuation Pause)
[2020-12-09T15:49:42.126-0500][gc,task        ] GC(126) Using 8 workers of 8 for evacuation
[2020-12-09T15:49:42.131-0500][gc,phases      ] GC(126)   Pre Evacuate Collection Set: 0.3ms
[2020-12-09T15:49:42.131-0500][gc,phases      ] GC(126)   Evacuate Collection Set: 2.6ms
[2020-12-09T15:49:42.131-0500][gc,phases      ] GC(126)   Post Evacuate Collection Set: 2.1ms
[2020-12-09T15:49:42.131-0500][gc,phases      ] GC(126)   Other: 0.5ms
[2020-12-09T15:49:42.131-0500][gc,heap        ] GC(126) Eden regions: 12->0(11)
[2020-12-09T15:49:42.131-0500][gc,heap        ] GC(126) Survivor regions: 0->1(2)
[2020-12-09T15:49:42.132-0500][gc,heap        ] GC(126) Old regions: 45->45
[2020-12-09T15:49:42.132-0500][gc,heap        ] GC(126) Humongous regions: 4->4
[2020-12-09T15:49:42.132-0500][gc,metaspace   ] GC(126) Metaspace: 46884K->46884K(1091584K)
[2020-12-09T15:49:42.132-0500][gc,heap        ] GC(126) Heap after GC invocations=127 (full 17): garbage-first heap   total 70656K, used 46421K [0x0000000083000000, 0x0000000100000000)
[2020-12-09T15:49:42.132-0500][gc,heap        ] GC(126)   region size 1024K, 1 young (1024K), 1 survivors (1024K)
[2020-12-09T15:49:42.132-0500][gc,heap        ] GC(126)  Metaspace       used 46884K, capacity 48365K, committed 51200K, reserved 1091584K
[2020-12-09T15:49:42.132-0500][gc,heap        ] GC(126)   class space    used 7026K, capacity 7499K, committed 8448K, reserved 1048576K
[2020-12-09T15:49:42.132-0500][gc             ] GC(126) Pause Young (Concurrent Start) (G1 Evacuation Pause) 57M->45M(69M) 5.797ms
[2020-12-09T15:49:42.132-0500][gc,cpu         ] GC(126) User=0.01s Sys=0.00s Real=0.01s
[2020-12-09T15:49:42.132-0500][gc             ] GC(127) Concurrent Cycle
[2020-12-09T15:49:42.132-0500][gc,marking     ] GC(127) Concurrent Clear Claimed Marks
[2020-12-09T15:49:42.132-0500][gc,marking     ] GC(127) Concurrent Clear Claimed Marks 0.101ms
[2020-12-09T15:49:42.132-0500][gc,marking     ] GC(127) Concurrent Scan Root Regions
[2020-12-09T15:49:42.134-0500][gc,marking     ] GC(127) Concurrent Scan Root Regions 1.409ms
[2020-12-09T15:49:42.134-0500][gc,marking     ] GC(127) Concurrent Mark (4933.864s)
[2020-12-09T15:49:42.134-0500][gc,marking     ] GC(127) Concurrent Mark From Roots
[2020-12-09T15:49:42.134-0500][gc,task        ] GC(127) Using 2 workers of 2 for marking
[2020-12-09T15:49:42.198-0500][gc,marking     ] GC(127) Concurrent Mark From Roots 64.092ms
[2020-12-09T15:49:42.198-0500][gc,marking     ] GC(127) Concurrent Preclean
[2020-12-09T15:49:42.198-0500][gc,marking     ] GC(127) Concurrent Preclean 0.189ms
[2020-12-09T15:49:42.198-0500][gc,marking     ] GC(127) Concurrent Mark (4933.864s, 4933.928s) 64.396ms
[2020-12-09T15:49:42.199-0500][gc,start       ] GC(127) Pause Remark
[2020-12-09T15:49:42.203-0500][gc,stringtable ] GC(127) Cleaned string and symbol table, strings: 29615 processed, 0 removed, symbols: 116882 processed, 0 removed
[2020-12-09T15:49:42.204-0500][gc             ] GC(127) Pause Remark 45M->45M(69M) 5.045ms
[2020-12-09T15:49:42.204-0500][gc,cpu         ] GC(127) User=0.03s Sys=0.00s Real=0.00s
[2020-12-09T15:49:42.204-0500][gc,marking     ] GC(127) Concurrent Rebuild Remembered Sets
[2020-12-09T15:49:42.224-0500][gc,marking     ] GC(127) Concurrent Rebuild Remembered Sets 20.246ms
[2020-12-09T15:49:42.224-0500][gc,start       ] GC(127) Pause Cleanup
[2020-12-09T15:49:42.225-0500][gc             ] GC(127) Pause Cleanup 45M->45M(69M) 0.226ms
[2020-12-09T15:49:42.225-0500][gc,cpu         ] GC(127) User=0.00s Sys=0.00s Real=0.00s
[2020-12-09T15:49:42.225-0500][gc,marking     ] GC(127) Concurrent Cleanup for Next Mark
[2020-12-09T15:49:42.225-0500][gc,marking     ] GC(127) Concurrent Cleanup for Next Mark 0.240ms
[2020-12-09T15:49:42.225-0500][gc             ] GC(127) Concurrent Cycle 92.873ms
[2020-12-09T15:51:46.181-0500][gc,heap        ] GC(128) Heap before GC invocations=128 (full 17): garbage-first heap   total 70656K, used 56650K [0x0000000083000000, 0x0000000100000000)
[2020-12-09T15:51:46.181-0500][gc,heap        ] GC(128)   region size 1024K, 12 young (12288K), 1 survivors (1024K)
[2020-12-09T15:51:46.181-0500][gc,heap        ] GC(128)  Metaspace       used 46885K, capacity 48365K, committed 51200K, reserved 1091584K
[2020-12-09T15:51:46.181-0500][gc,heap        ] GC(128)   class space    used 7026K, capacity 7499K, committed 8448K, reserved 1048576K
[2020-12-09T15:51:46.181-0500][gc,start       ] GC(128) Pause Young (Normal) (G1 Evacuation Pause)
[2020-12-09T15:51:46.181-0500][gc,task        ] GC(128) Using 8 workers of 8 for evacuation
[2020-12-09T15:51:46.183-0500][gc,phases      ] GC(128)   Pre Evacuate Collection Set: 0.0ms
[2020-12-09T15:51:46.183-0500][gc,phases      ] GC(128)   Evacuate Collection Set: 0.9ms
[2020-12-09T15:51:46.183-0500][gc,phases      ] GC(128)   Post Evacuate Collection Set: 1.1ms
[2020-12-09T15:51:46.183-0500][gc,phases      ] GC(128)   Other: 0.3ms
[2020-12-09T15:51:46.183-0500][gc,heap        ] GC(128) Eden regions: 11->0(12)
[2020-12-09T15:51:46.183-0500][gc,heap        ] GC(128) Survivor regions: 1->1(2)
[2020-12-09T15:51:46.183-0500][gc,heap        ] GC(128) Old regions: 44->44
[2020-12-09T15:51:46.183-0500][gc,heap        ] GC(128) Humongous regions: 4->4
[2020-12-09T15:51:46.183-0500][gc,metaspace   ] GC(128) Metaspace: 46885K->46885K(1091584K)
[2020-12-09T15:51:46.183-0500][gc,heap        ] GC(128) Heap after GC invocations=129 (full 17): garbage-first heap   total 70656K, used 46388K [0x0000000083000000, 0x0000000100000000)
[2020-12-09T15:51:46.183-0500][gc,heap        ] GC(128)   region size 1024K, 1 young (1024K), 1 survivors (1024K)
[2020-12-09T15:51:46.183-0500][gc,heap        ] GC(128)  Metaspace       used 46885K, capacity 48365K, committed 51200K, reserved 1091584K
[2020-12-09T15:51:46.183-0500][gc,heap        ] GC(128)   class space    used 7026K, capacity 7499K, committed 8448K, reserved 1048576K
[2020-12-09T15:51:46.183-0500][gc             ] GC(128) Pause Young (Normal) (G1 Evacuation Pause) 56M->45M(69M) 2.320ms
[2020-12-09T15:51:46.184-0500][gc,cpu         ] GC(128) User=0.01s Sys=0.00s Real=0.00s
[2020-12-09T15:52:31.435-0500][gc,task        ] GC(129) Using 5 workers of 8 for full compaction
[2020-12-09T15:52:31.435-0500][gc,start       ] GC(129) Pause Full (System.gc())
[2020-12-09T15:52:31.435-0500][gc,heap        ] GC(129) Heap before GC invocations=129 (full 17): garbage-first heap   total 70656K, used 49460K [0x0000000083000000, 0x0000000100000000)
[2020-12-09T15:52:31.435-0500][gc,heap        ] GC(129)   region size 1024K, 6 young (6144K), 1 survivors (1024K)
[2020-12-09T15:52:31.435-0500][gc,heap        ] GC(129)  Metaspace       used 46885K, capacity 48365K, committed 51200K, reserved 1091584K
[2020-12-09T15:52:31.435-0500][gc,heap        ] GC(129)   class space    used 7026K, capacity 7499K, committed 8448K, reserved 1048576K
[2020-12-09T15:52:31.435-0500][gc,phases,start] GC(129) Phase 1: Mark live objects
[2020-12-09T15:52:31.462-0500][gc,stringtable ] GC(129) Cleaned string and symbol table, strings: 29616 processed, 7 removed, symbols: 116882 processed, 0 removed
[2020-12-09T15:52:31.463-0500][gc,phases      ] GC(129) Phase 1: Mark live objects 27.310ms
[2020-12-09T15:52:31.463-0500][gc,phases,start] GC(129) Phase 2: Prepare for compaction
[2020-12-09T15:52:31.467-0500][gc,phases      ] GC(129) Phase 2: Prepare for compaction 4.083ms
[2020-12-09T15:52:31.467-0500][gc,phases,start] GC(129) Phase 3: Adjust pointers
[2020-12-09T15:52:31.483-0500][gc,phases      ] GC(129) Phase 3: Adjust pointers 15.932ms
[2020-12-09T15:52:31.483-0500][gc,phases,start] GC(129) Phase 4: Compact heap
[2020-12-09T15:52:31.487-0500][gc,phases      ] GC(129) Phase 4: Compact heap 4.139ms
[2020-12-09T15:52:31.494-0500][gc,heap        ] GC(129) Eden regions: 5->0(12)
[2020-12-09T15:52:31.494-0500][gc,heap        ] GC(129) Survivor regions: 1->0(2)
[2020-12-09T15:52:31.494-0500][gc,heap        ] GC(129) Old regions: 44->45
[2020-12-09T15:52:31.494-0500][gc,heap        ] GC(129) Humongous regions: 4->4
[2020-12-09T15:52:31.494-0500][gc,metaspace   ] GC(129) Metaspace: 46885K->46885K(1091584K)
[2020-12-09T15:52:31.494-0500][gc,heap        ] GC(129) Heap after GC invocations=130 (full 18): garbage-first heap   total 70656K, used 46335K [0x0000000083000000, 0x0000000100000000)
[2020-12-09T15:52:31.494-0500][gc,heap        ] GC(129)   region size 1024K, 0 young (0K), 0 survivors (0K)
[2020-12-09T15:52:31.494-0500][gc,heap        ] GC(129)  Metaspace       used 46885K, capacity 48365K, committed 51200K, reserved 1091584K
[2020-12-09T15:52:31.494-0500][gc,heap        ] GC(129)   class space    used 7026K, capacity 7499K, committed 8448K, reserved 1048576K
[2020-12-09T15:52:31.494-0500][gc             ] GC(129) Pause Full (System.gc()) 49M->45M(69M) 58.936ms
[2020-12-09T15:52:31.494-0500][gc,cpu         ] GC(129) User=0.24s Sys=0.01s Real=0.06s
[2020-12-09T15:54:42.124-0500][gc,heap        ] GC(130) Heap before GC invocations=130 (full 18): garbage-first heap   total 70656K, used 57599K [0x0000000083000000, 0x0000000100000000)
[2020-12-09T15:54:42.124-0500][gc,heap        ] GC(130)   region size 1024K, 12 young (12288K), 0 survivors (0K)
[2020-12-09T15:54:42.124-0500][gc,heap        ] GC(130)  Metaspace       used 46885K, capacity 48365K, committed 51200K, reserved 1091584K
[2020-12-09T15:54:42.124-0500][gc,heap        ] GC(130)   class space    used 7026K, capacity 7499K, committed 8448K, reserved 1048576K
[2020-12-09T15:54:42.124-0500][gc,start       ] GC(130) Pause Young (Concurrent Start) (G1 Evacuation Pause)
[2020-12-09T15:54:42.124-0500][gc,task        ] GC(130) Using 8 workers of 8 for evacuation
[2020-12-09T15:54:42.132-0500][gc,phases      ] GC(130)   Pre Evacuate Collection Set: 0.2ms
[2020-12-09T15:54:42.132-0500][gc,phases      ] GC(130)   Evacuate Collection Set: 3.7ms
[2020-12-09T15:54:42.132-0500][gc,phases      ] GC(130)   Post Evacuate Collection Set: 3.2ms
[2020-12-09T15:54:42.132-0500][gc,phases      ] GC(130)   Other: 1.2ms
[2020-12-09T15:54:42.133-0500][gc,heap        ] GC(130) Eden regions: 12->0(11)
[2020-12-09T15:54:42.133-0500][gc,heap        ] GC(130) Survivor regions: 0->1(2)
[2020-12-09T15:54:42.133-0500][gc,heap        ] GC(130) Old regions: 45->45
[2020-12-09T15:54:42.133-0500][gc,heap        ] GC(130) Humongous regions: 4->4
[2020-12-09T15:54:42.133-0500][gc,metaspace   ] GC(130) Metaspace: 46885K->46885K(1091584K)
[2020-12-09T15:54:42.133-0500][gc,heap        ] GC(130) Heap after GC invocations=131 (full 18): garbage-first heap   total 70656K, used 46427K [0x0000000083000000, 0x0000000100000000)
[2020-12-09T15:54:42.133-0500][gc,heap        ] GC(130)   region size 1024K, 1 young (1024K), 1 survivors (1024K)
[2020-12-09T15:54:42.133-0500][gc,heap        ] GC(130)  Metaspace       used 46885K, capacity 48365K, committed 51200K, reserved 1091584K
[2020-12-09T15:54:42.133-0500][gc,heap        ] GC(130)   class space    used 7026K, capacity 7499K, committed 8448K, reserved 1048576K
[2020-12-09T15:54:42.133-0500][gc             ] GC(130) Pause Young (Concurrent Start) (G1 Evacuation Pause) 57M->45M(69M) 8.539ms
[2020-12-09T15:54:42.133-0500][gc,cpu         ] GC(130) User=0.01s Sys=0.00s Real=0.01s
[2020-12-09T15:54:42.133-0500][gc             ] GC(131) Concurrent Cycle
[2020-12-09T15:54:42.133-0500][gc,marking     ] GC(131) Concurrent Clear Claimed Marks
[2020-12-09T15:54:42.134-0500][gc,marking     ] GC(131) Concurrent Clear Claimed Marks 0.221ms
[2020-12-09T15:54:42.134-0500][gc,marking     ] GC(131) Concurrent Scan Root Regions
[2020-12-09T15:54:42.136-0500][gc,marking     ] GC(131) Concurrent Scan Root Regions 2.275ms
[2020-12-09T15:54:42.136-0500][gc,marking     ] GC(131) Concurrent Mark (5233.866s)
[2020-12-09T15:54:42.136-0500][gc,marking     ] GC(131) Concurrent Mark From Roots
[2020-12-09T15:54:42.136-0500][gc,task        ] GC(131) Using 2 workers of 2 for marking
[2020-12-09T15:54:42.192-0500][gc,marking     ] GC(131) Concurrent Mark From Roots 55.807ms
[2020-12-09T15:54:42.192-0500][gc,marking     ] GC(131) Concurrent Preclean
[2020-12-09T15:54:42.192-0500][gc,marking     ] GC(131) Concurrent Preclean 0.183ms
[2020-12-09T15:54:42.192-0500][gc,marking     ] GC(131) Concurrent Mark (5233.866s, 5233.922s) 56.084ms
[2020-12-09T15:54:42.192-0500][gc,start       ] GC(131) Pause Remark
[2020-12-09T15:54:42.198-0500][gc,stringtable ] GC(131) Cleaned string and symbol table, strings: 29616 processed, 0 removed, symbols: 116882 processed, 0 removed
[2020-12-09T15:54:42.198-0500][gc             ] GC(131) Pause Remark 45M->45M(69M) 5.803ms
[2020-12-09T15:54:42.198-0500][gc,cpu         ] GC(131) User=0.03s Sys=0.00s Real=0.01s
[2020-12-09T15:54:42.198-0500][gc,marking     ] GC(131) Concurrent Rebuild Remembered Sets
[2020-12-09T15:54:42.218-0500][gc,marking     ] GC(131) Concurrent Rebuild Remembered Sets 19.825ms
[2020-12-09T15:54:42.218-0500][gc,start       ] GC(131) Pause Cleanup
[2020-12-09T15:54:42.219-0500][gc             ] GC(131) Pause Cleanup 45M->45M(69M) 0.216ms
[2020-12-09T15:54:42.219-0500][gc,cpu         ] GC(131) User=0.00s Sys=0.00s Real=0.00s
[2020-12-09T15:54:42.219-0500][gc,marking     ] GC(131) Concurrent Cleanup for Next Mark
[2020-12-09T15:54:42.219-0500][gc,marking     ] GC(131) Concurrent Cleanup for Next Mark 0.221ms
[2020-12-09T15:54:42.219-0500][gc             ] GC(131) Concurrent Cycle 85.783ms
[2020-12-09T15:56:46.605-0500][gc,heap        ] GC(132) Heap before GC invocations=132 (full 18): garbage-first heap   total 70656K, used 56667K [0x0000000083000000, 0x0000000100000000)
[2020-12-09T15:56:46.605-0500][gc,heap        ] GC(132)   region size 1024K, 12 young (12288K), 1 survivors (1024K)
[2020-12-09T15:56:46.605-0500][gc,heap        ] GC(132)  Metaspace       used 46885K, capacity 48365K, committed 51200K, reserved 1091584K
[2020-12-09T15:56:46.605-0500][gc,heap        ] GC(132)   class space    used 7026K, capacity 7499K, committed 8448K, reserved 1048576K
[2020-12-09T15:56:46.605-0500][gc,start       ] GC(132) Pause Young (Normal) (G1 Evacuation Pause)
[2020-12-09T15:56:46.605-0500][gc,task        ] GC(132) Using 8 workers of 8 for evacuation
[2020-12-09T15:56:46.609-0500][gc,phases      ] GC(132)   Pre Evacuate Collection Set: 0.0ms
[2020-12-09T15:56:46.609-0500][gc,phases      ] GC(132)   Evacuate Collection Set: 2.1ms
[2020-12-09T15:56:46.609-0500][gc,phases      ] GC(132)   Post Evacuate Collection Set: 1.8ms
[2020-12-09T15:56:46.610-0500][gc,phases      ] GC(132)   Other: 0.5ms
[2020-12-09T15:56:46.610-0500][gc,heap        ] GC(132) Eden regions: 11->0(11)
[2020-12-09T15:56:46.610-0500][gc,heap        ] GC(132) Survivor regions: 1->1(2)
[2020-12-09T15:56:46.610-0500][gc,heap        ] GC(132) Old regions: 45->45
[2020-12-09T15:56:46.610-0500][gc,heap        ] GC(132) Humongous regions: 4->4
[2020-12-09T15:56:46.610-0500][gc,metaspace   ] GC(132) Metaspace: 46885K->46885K(1091584K)
[2020-12-09T15:56:46.610-0500][gc,heap        ] GC(132) Heap after GC invocations=133 (full 18): garbage-first heap   total 70656K, used 46393K [0x0000000083000000, 0x0000000100000000)
[2020-12-09T15:56:46.610-0500][gc,heap        ] GC(132)   region size 1024K, 1 young (1024K), 1 survivors (1024K)
[2020-12-09T15:56:46.610-0500][gc,heap        ] GC(132)  Metaspace       used 46885K, capacity 48365K, committed 51200K, reserved 1091584K
[2020-12-09T15:56:46.610-0500][gc,heap        ] GC(132)   class space    used 7026K, capacity 7499K, committed 8448K, reserved 1048576K
[2020-12-09T15:56:46.610-0500][gc             ] GC(132) Pause Young (Normal) (G1 Evacuation Pause) 56M->45M(69M) 4.487ms
[2020-12-09T15:56:46.610-0500][gc,cpu         ] GC(132) User=0.01s Sys=0.01s Real=0.01s
[2020-12-09T15:57:31.434-0500][gc,task        ] GC(133) Using 5 workers of 8 for full compaction
[2020-12-09T15:57:31.434-0500][gc,start       ] GC(133) Pause Full (System.gc())
[2020-12-09T15:57:31.434-0500][gc,heap        ] GC(133) Heap before GC invocations=133 (full 18): garbage-first heap   total 70656K, used 50489K [0x0000000083000000, 0x0000000100000000)
[2020-12-09T15:57:31.434-0500][gc,heap        ] GC(133)   region size 1024K, 6 young (6144K), 1 survivors (1024K)
[2020-12-09T15:57:31.434-0500][gc,heap        ] GC(133)  Metaspace       used 46885K, capacity 48365K, committed 51200K, reserved 1091584K
[2020-12-09T15:57:31.434-0500][gc,heap        ] GC(133)   class space    used 7026K, capacity 7499K, committed 8448K, reserved 1048576K
[2020-12-09T15:57:31.434-0500][gc,phases,start] GC(133) Phase 1: Mark live objects
[2020-12-09T15:57:31.456-0500][gc,stringtable ] GC(133) Cleaned string and symbol table, strings: 29696 processed, 7 removed, symbols: 116882 processed, 0 removed
[2020-12-09T15:57:31.456-0500][gc,phases      ] GC(133) Phase 1: Mark live objects 21.962ms
[2020-12-09T15:57:31.456-0500][gc,phases,start] GC(133) Phase 2: Prepare for compaction
[2020-12-09T15:57:31.460-0500][gc,phases      ] GC(133) Phase 2: Prepare for compaction 3.876ms
[2020-12-09T15:57:31.460-0500][gc,phases,start] GC(133) Phase 3: Adjust pointers
[2020-12-09T15:57:31.473-0500][gc,phases      ] GC(133) Phase 3: Adjust pointers 12.663ms
[2020-12-09T15:57:31.473-0500][gc,phases,start] GC(133) Phase 4: Compact heap
[2020-12-09T15:57:31.476-0500][gc,phases      ] GC(133) Phase 4: Compact heap 3.275ms
[2020-12-09T15:57:31.482-0500][gc,heap        ] GC(133) Eden regions: 5->0(12)
[2020-12-09T15:57:31.482-0500][gc,heap        ] GC(133) Survivor regions: 1->0(2)
[2020-12-09T15:57:31.482-0500][gc,heap        ] GC(133) Old regions: 45->45
[2020-12-09T15:57:31.482-0500][gc,heap        ] GC(133) Humongous regions: 4->4
[2020-12-09T15:57:31.482-0500][gc,metaspace   ] GC(133) Metaspace: 46885K->46885K(1091584K)
[2020-12-09T15:57:31.482-0500][gc,heap        ] GC(133) Heap after GC invocations=134 (full 19): garbage-first heap   total 70656K, used 46343K [0x0000000083000000, 0x0000000100000000)
[2020-12-09T15:57:31.482-0500][gc,heap        ] GC(133)   region size 1024K, 0 young (0K), 0 survivors (0K)
[2020-12-09T15:57:31.482-0500][gc,heap        ] GC(133)  Metaspace       used 46885K, capacity 48365K, committed 51200K, reserved 1091584K
[2020-12-09T15:57:31.482-0500][gc,heap        ] GC(133)   class space    used 7026K, capacity 7499K, committed 8448K, reserved 1048576K
[2020-12-09T15:57:31.482-0500][gc             ] GC(133) Pause Full (System.gc()) 49M->45M(69M) 48.248ms
[2020-12-09T15:57:31.482-0500][gc,cpu         ] GC(133) User=0.20s Sys=0.00s Real=0.05s
[2020-12-09T15:59:41.882-0500][gc,heap        ] GC(134) Heap before GC invocations=134 (full 19): garbage-first heap   total 70656K, used 57607K [0x0000000083000000, 0x0000000100000000)
[2020-12-09T15:59:41.882-0500][gc,heap        ] GC(134)   region size 1024K, 12 young (12288K), 0 survivors (0K)
[2020-12-09T15:59:41.882-0500][gc,heap        ] GC(134)  Metaspace       used 46912K, capacity 48385K, committed 51200K, reserved 1091584K
[2020-12-09T15:59:41.882-0500][gc,heap        ] GC(134)   class space    used 7026K, capacity 7499K, committed 8448K, reserved 1048576K
[2020-12-09T15:59:41.882-0500][gc,start       ] GC(134) Pause Young (Concurrent Start) (G1 Evacuation Pause)
[2020-12-09T15:59:41.882-0500][gc,task        ] GC(134) Using 8 workers of 8 for evacuation
[2020-12-09T15:59:41.910-0500][gc,phases      ] GC(134)   Pre Evacuate Collection Set: 0.2ms
[2020-12-09T15:59:41.910-0500][gc,phases      ] GC(134)   Evacuate Collection Set: 22.0ms
[2020-12-09T15:59:41.910-0500][gc,phases      ] GC(134)   Post Evacuate Collection Set: 5.0ms
[2020-12-09T15:59:41.910-0500][gc,phases      ] GC(134)   Other: 0.8ms
[2020-12-09T15:59:41.910-0500][gc,heap        ] GC(134) Eden regions: 12->0(11)
[2020-12-09T15:59:41.910-0500][gc,heap        ] GC(134) Survivor regions: 0->1(2)
[2020-12-09T15:59:41.910-0500][gc,heap        ] GC(134) Old regions: 45->45
[2020-12-09T15:59:41.910-0500][gc,heap        ] GC(134) Humongous regions: 4->4
[2020-12-09T15:59:41.910-0500][gc,metaspace   ] GC(134) Metaspace: 46912K->46912K(1091584K)
[2020-12-09T15:59:41.910-0500][gc,heap        ] GC(134) Heap after GC invocations=135 (full 19): garbage-first heap   total 70656K, used 46417K [0x0000000083000000, 0x0000000100000000)
[2020-12-09T15:59:41.910-0500][gc,heap        ] GC(134)   region size 1024K, 1 young (1024K), 1 survivors (1024K)
[2020-12-09T15:59:41.910-0500][gc,heap        ] GC(134)  Metaspace       used 46912K, capacity 48385K, committed 51200K, reserved 1091584K
[2020-12-09T15:59:41.910-0500][gc,heap        ] GC(134)   class space    used 7026K, capacity 7499K, committed 8448K, reserved 1048576K
[2020-12-09T15:59:41.910-0500][gc             ] GC(134) Pause Young (Concurrent Start) (G1 Evacuation Pause) 57M->45M(69M) 27.955ms
[2020-12-09T15:59:41.910-0500][gc,cpu         ] GC(134) User=0.07s Sys=0.00s Real=0.03s
[2020-12-09T15:59:41.911-0500][gc             ] GC(135) Concurrent Cycle
[2020-12-09T15:59:41.911-0500][gc,marking     ] GC(135) Concurrent Clear Claimed Marks
[2020-12-09T15:59:41.911-0500][gc,marking     ] GC(135) Concurrent Clear Claimed Marks 0.184ms
[2020-12-09T15:59:41.911-0500][gc,marking     ] GC(135) Concurrent Scan Root Regions
[2020-12-09T15:59:41.912-0500][gc,marking     ] GC(135) Concurrent Scan Root Regions 0.986ms
[2020-12-09T15:59:41.912-0500][gc,marking     ] GC(135) Concurrent Mark (5533.642s)
[2020-12-09T15:59:41.912-0500][gc,marking     ] GC(135) Concurrent Mark From Roots
[2020-12-09T15:59:41.912-0500][gc,task        ] GC(135) Using 2 workers of 2 for marking
[2020-12-09T15:59:41.958-0500][gc,marking     ] GC(135) Concurrent Mark From Roots 45.835ms
[2020-12-09T15:59:41.958-0500][gc,marking     ] GC(135) Concurrent Preclean
[2020-12-09T15:59:41.958-0500][gc,marking     ] GC(135) Concurrent Preclean 0.197ms
[2020-12-09T15:59:41.958-0500][gc,marking     ] GC(135) Concurrent Mark (5533.642s, 5533.688s) 46.103ms
[2020-12-09T15:59:41.958-0500][gc,start       ] GC(135) Pause Remark
[2020-12-09T15:59:41.963-0500][gc,stringtable ] GC(135) Cleaned string and symbol table, strings: 29697 processed, 0 removed, symbols: 116882 processed, 0 removed
[2020-12-09T15:59:41.963-0500][gc             ] GC(135) Pause Remark 45M->45M(69M) 5.024ms
[2020-12-09T15:59:41.963-0500][gc,cpu         ] GC(135) User=0.03s Sys=0.01s Real=0.00s
[2020-12-09T15:59:41.963-0500][gc,marking     ] GC(135) Concurrent Rebuild Remembered Sets
[2020-12-09T15:59:41.985-0500][gc,marking     ] GC(135) Concurrent Rebuild Remembered Sets 21.823ms
[2020-12-09T15:59:41.986-0500][gc,start       ] GC(135) Pause Cleanup
[2020-12-09T15:59:41.986-0500][gc             ] GC(135) Pause Cleanup 45M->45M(69M) 0.216ms
[2020-12-09T15:59:41.986-0500][gc,cpu         ] GC(135) User=0.00s Sys=0.00s Real=0.00s
[2020-12-09T15:59:41.986-0500][gc,marking     ] GC(135) Concurrent Cleanup for Next Mark
[2020-12-09T15:59:41.986-0500][gc,marking     ] GC(135) Concurrent Cleanup for Next Mark 0.249ms
[2020-12-09T15:59:41.986-0500][gc             ] GC(135) Concurrent Cycle 75.716ms
[2020-12-09T16:01:42.122-0500][gc,heap        ] GC(136) Heap before GC invocations=136 (full 19): garbage-first heap   total 70656K, used 57681K [0x0000000083000000, 0x0000000100000000)
[2020-12-09T16:01:42.122-0500][gc,heap        ] GC(136)   region size 1024K, 12 young (12288K), 1 survivors (1024K)
[2020-12-09T16:01:42.122-0500][gc,heap        ] GC(136)  Metaspace       used 46921K, capacity 48393K, committed 51200K, reserved 1091584K
[2020-12-09T16:01:42.122-0500][gc,heap        ] GC(136)   class space    used 7026K, capacity 7499K, committed 8448K, reserved 1048576K
[2020-12-09T16:01:42.122-0500][gc,start       ] GC(136) Pause Young (Normal) (G1 Evacuation Pause)
[2020-12-09T16:01:42.122-0500][gc,task        ] GC(136) Using 8 workers of 8 for evacuation
[2020-12-09T16:01:42.124-0500][gc,phases      ] GC(136)   Pre Evacuate Collection Set: 0.0ms
[2020-12-09T16:01:42.124-0500][gc,phases      ] GC(136)   Evacuate Collection Set: 0.8ms
[2020-12-09T16:01:42.124-0500][gc,phases      ] GC(136)   Post Evacuate Collection Set: 1.2ms
[2020-12-09T16:01:42.124-0500][gc,phases      ] GC(136)   Other: 0.3ms
[2020-12-09T16:01:42.124-0500][gc,heap        ] GC(136) Eden regions: 11->0(11)
[2020-12-09T16:01:42.124-0500][gc,heap        ] GC(136) Survivor regions: 1->1(2)
[2020-12-09T16:01:42.124-0500][gc,heap        ] GC(136) Old regions: 45->45
[2020-12-09T16:01:42.124-0500][gc,heap        ] GC(136) Humongous regions: 4->4
[2020-12-09T16:01:42.124-0500][gc,metaspace   ] GC(136) Metaspace: 46921K->46921K(1091584K)
[2020-12-09T16:01:42.124-0500][gc,heap        ] GC(136) Heap after GC invocations=137 (full 19): garbage-first heap   total 70656K, used 46418K [0x0000000083000000, 0x0000000100000000)
[2020-12-09T16:01:42.124-0500][gc,heap        ] GC(136)   region size 1024K, 1 young (1024K), 1 survivors (1024K)
[2020-12-09T16:01:42.124-0500][gc,heap        ] GC(136)  Metaspace       used 46921K, capacity 48393K, committed 51200K, reserved 1091584K
[2020-12-09T16:01:42.124-0500][gc,heap        ] GC(136)   class space    used 7026K, capacity 7499K, committed 8448K, reserved 1048576K
[2020-12-09T16:01:42.124-0500][gc             ] GC(136) Pause Young (Normal) (G1 Evacuation Pause) 56M->45M(69M) 2.204ms
[2020-12-09T16:01:42.124-0500][gc,cpu         ] GC(136) User=0.00s Sys=0.01s Real=0.00s
[2020-12-09T16:02:31.436-0500][gc,task        ] GC(137) Using 5 workers of 8 for full compaction
[2020-12-09T16:02:31.436-0500][gc,start       ] GC(137) Pause Full (System.gc())
[2020-12-09T16:02:31.436-0500][gc,heap        ] GC(137) Heap before GC invocations=137 (full 19): garbage-first heap   total 70656K, used 51538K [0x0000000083000000, 0x0000000100000000)
[2020-12-09T16:02:31.436-0500][gc,heap        ] GC(137)   region size 1024K, 7 young (7168K), 1 survivors (1024K)
[2020-12-09T16:02:31.436-0500][gc,heap        ] GC(137)  Metaspace       used 46926K, capacity 48393K, committed 51200K, reserved 1091584K
[2020-12-09T16:02:31.436-0500][gc,heap        ] GC(137)   class space    used 7026K, capacity 7499K, committed 8448K, reserved 1048576K
[2020-12-09T16:02:31.436-0500][gc,phases,start] GC(137) Phase 1: Mark live objects
[2020-12-09T16:02:31.484-0500][gc,stringtable ] GC(137) Cleaned string and symbol table, strings: 29698 processed, 10 removed, symbols: 116882 processed, 0 removed
[2020-12-09T16:02:31.484-0500][gc,phases      ] GC(137) Phase 1: Mark live objects 47.619ms
[2020-12-09T16:02:31.484-0500][gc,phases,start] GC(137) Phase 2: Prepare for compaction
[2020-12-09T16:02:31.488-0500][gc,phases      ] GC(137) Phase 2: Prepare for compaction 3.742ms
[2020-12-09T16:02:31.488-0500][gc,phases,start] GC(137) Phase 3: Adjust pointers
[2020-12-09T16:02:31.499-0500][gc,phases      ] GC(137) Phase 3: Adjust pointers 11.293ms
[2020-12-09T16:02:31.499-0500][gc,phases,start] GC(137) Phase 4: Compact heap
[2020-12-09T16:02:31.503-0500][gc,phases      ] GC(137) Phase 4: Compact heap 3.762ms
[2020-12-09T16:02:31.510-0500][gc,heap        ] GC(137) Eden regions: 6->0(12)
[2020-12-09T16:02:31.510-0500][gc,heap        ] GC(137) Survivor regions: 1->0(2)
[2020-12-09T16:02:31.510-0500][gc,heap        ] GC(137) Old regions: 45->45
[2020-12-09T16:02:31.510-0500][gc,heap        ] GC(137) Humongous regions: 4->4
[2020-12-09T16:02:31.510-0500][gc,metaspace   ] GC(137) Metaspace: 46926K->46876K(1091584K)
[2020-12-09T16:02:31.510-0500][gc,heap        ] GC(137) Heap after GC invocations=138 (full 20): garbage-first heap   total 70656K, used 46255K [0x0000000083000000, 0x0000000100000000)
[2020-12-09T16:02:31.510-0500][gc,heap        ] GC(137)   region size 1024K, 0 young (0K), 0 survivors (0K)
[2020-12-09T16:02:31.510-0500][gc,heap        ] GC(137)  Metaspace       used 46876K, capacity 48314K, committed 51200K, reserved 1091584K
[2020-12-09T16:02:31.510-0500][gc,heap        ] GC(137)   class space    used 7012K, capacity 7472K, committed 8448K, reserved 1048576K
[2020-12-09T16:02:31.510-0500][gc             ] GC(137) Pause Full (System.gc()) 50M->45M(69M) 74.109ms
[2020-12-09T16:02:31.510-0500][gc,cpu         ] GC(137) User=0.32s Sys=0.00s Real=0.08s
[2020-12-09T16:04:47.415-0500][gc,heap        ] GC(138) Heap before GC invocations=138 (full 20): garbage-first heap   total 70656K, used 57519K [0x0000000083000000, 0x0000000100000000)
[2020-12-09T16:04:47.415-0500][gc,heap        ] GC(138)   region size 1024K, 12 young (12288K), 0 survivors (0K)
[2020-12-09T16:04:47.415-0500][gc,heap        ] GC(138)  Metaspace       used 46878K, capacity 48314K, committed 51200K, reserved 1091584K
[2020-12-09T16:04:47.415-0500][gc,heap        ] GC(138)   class space    used 7012K, capacity 7472K, committed 8448K, reserved 1048576K
[2020-12-09T16:04:47.415-0500][gc,start       ] GC(138) Pause Young (Concurrent Start) (G1 Evacuation Pause)
[2020-12-09T16:04:47.415-0500][gc,task        ] GC(138) Using 8 workers of 8 for evacuation
[2020-12-09T16:04:47.435-0500][gc,phases      ] GC(138)   Pre Evacuate Collection Set: 0.2ms
[2020-12-09T16:04:47.435-0500][gc,phases      ] GC(138)   Evacuate Collection Set: 5.9ms
[2020-12-09T16:04:47.435-0500][gc,phases      ] GC(138)   Post Evacuate Collection Set: 13.6ms
[2020-12-09T16:04:47.436-0500][gc,phases      ] GC(138)   Other: 1.0ms
[2020-12-09T16:04:47.436-0500][gc,heap        ] GC(138) Eden regions: 12->0(11)
[2020-12-09T16:04:47.436-0500][gc,heap        ] GC(138) Survivor regions: 0->1(2)
[2020-12-09T16:04:47.436-0500][gc,heap        ] GC(138) Old regions: 45->45
[2020-12-09T16:04:47.436-0500][gc,heap        ] GC(138) Humongous regions: 4->4
[2020-12-09T16:04:47.436-0500][gc,metaspace   ] GC(138) Metaspace: 46878K->46878K(1091584K)
[2020-12-09T16:04:47.436-0500][gc,heap        ] GC(138) Heap after GC invocations=139 (full 20): garbage-first heap   total 70656K, used 46346K [0x0000000083000000, 0x0000000100000000)
[2020-12-09T16:04:47.436-0500][gc,heap        ] GC(138)   region size 1024K, 1 young (1024K), 1 survivors (1024K)
[2020-12-09T16:04:47.436-0500][gc,heap        ] GC(138)  Metaspace       used 46878K, capacity 48314K, committed 51200K, reserved 1091584K
[2020-12-09T16:04:47.436-0500][gc,heap        ] GC(138)   class space    used 7012K, capacity 7472K, committed 8448K, reserved 1048576K
[2020-12-09T16:04:47.436-0500][gc             ] GC(138) Pause Young (Concurrent Start) (G1 Evacuation Pause) 57M->45M(69M) 20.787ms
[2020-12-09T16:04:47.436-0500][gc,cpu         ] GC(138) User=0.09s Sys=0.02s Real=0.02s
[2020-12-09T16:04:47.436-0500][gc             ] GC(139) Concurrent Cycle
[2020-12-09T16:04:47.436-0500][gc,marking     ] GC(139) Concurrent Clear Claimed Marks
[2020-12-09T16:04:47.437-0500][gc,marking     ] GC(139) Concurrent Clear Claimed Marks 0.210ms
[2020-12-09T16:04:47.437-0500][gc,marking     ] GC(139) Concurrent Scan Root Regions
[2020-12-09T16:04:47.439-0500][gc,marking     ] GC(139) Concurrent Scan Root Regions 2.882ms
[2020-12-09T16:04:47.440-0500][gc,marking     ] GC(139) Concurrent Mark (5839.170s)
[2020-12-09T16:04:47.440-0500][gc,marking     ] GC(139) Concurrent Mark From Roots
[2020-12-09T16:04:47.440-0500][gc,task        ] GC(139) Using 2 workers of 2 for marking
[2020-12-09T16:04:47.487-0500][gc,marking     ] GC(139) Concurrent Mark From Roots 47.549ms
[2020-12-09T16:04:47.487-0500][gc,marking     ] GC(139) Concurrent Preclean
[2020-12-09T16:04:47.487-0500][gc,marking     ] GC(139) Concurrent Preclean 0.198ms
[2020-12-09T16:04:47.487-0500][gc,marking     ] GC(139) Concurrent Mark (5839.170s, 5839.217s) 47.840ms
[2020-12-09T16:04:47.488-0500][gc,start       ] GC(139) Pause Remark
[2020-12-09T16:04:47.492-0500][gc,stringtable ] GC(139) Cleaned string and symbol table, strings: 29695 processed, 0 removed, symbols: 116882 processed, 10 removed
[2020-12-09T16:04:47.493-0500][gc             ] GC(139) Pause Remark 45M->45M(69M) 5.038ms
[2020-12-09T16:04:47.493-0500][gc,cpu         ] GC(139) User=0.03s Sys=0.00s Real=0.00s
[2020-12-09T16:04:47.493-0500][gc,marking     ] GC(139) Concurrent Rebuild Remembered Sets
[2020-12-09T16:04:47.513-0500][gc,marking     ] GC(139) Concurrent Rebuild Remembered Sets 19.633ms
[2020-12-09T16:04:47.513-0500][gc,start       ] GC(139) Pause Cleanup
[2020-12-09T16:04:47.513-0500][gc             ] GC(139) Pause Cleanup 45M->45M(69M) 0.364ms
[2020-12-09T16:04:47.513-0500][gc,cpu         ] GC(139) User=0.00s Sys=0.00s Real=0.00s
[2020-12-09T16:04:47.514-0500][gc,marking     ] GC(139) Concurrent Cleanup for Next Mark
[2020-12-09T16:04:47.514-0500][gc,marking     ] GC(139) Concurrent Cleanup for Next Mark 0.183ms
[2020-12-09T16:04:47.514-0500][gc             ] GC(139) Concurrent Cycle 77.578ms
[2020-12-09T16:06:42.122-0500][gc,heap        ] GC(140) Heap before GC invocations=140 (full 20): garbage-first heap   total 70656K, used 57610K [0x0000000083000000, 0x0000000100000000)
[2020-12-09T16:06:42.122-0500][gc,heap        ] GC(140)   region size 1024K, 12 young (12288K), 1 survivors (1024K)
[2020-12-09T16:06:42.122-0500][gc,heap        ] GC(140)  Metaspace       used 46883K, capacity 48314K, committed 51200K, reserved 1091584K
[2020-12-09T16:06:42.122-0500][gc,heap        ] GC(140)   class space    used 7012K, capacity 7472K, committed 8448K, reserved 1048576K
[2020-12-09T16:06:42.122-0500][gc,start       ] GC(140) Pause Young (Normal) (G1 Evacuation Pause)
[2020-12-09T16:06:42.122-0500][gc,task        ] GC(140) Using 8 workers of 8 for evacuation
[2020-12-09T16:06:42.124-0500][gc,phases      ] GC(140)   Pre Evacuate Collection Set: 0.0ms
[2020-12-09T16:06:42.124-0500][gc,phases      ] GC(140)   Evacuate Collection Set: 0.7ms
[2020-12-09T16:06:42.124-0500][gc,phases      ] GC(140)   Post Evacuate Collection Set: 0.9ms
[2020-12-09T16:06:42.124-0500][gc,phases      ] GC(140)   Other: 0.2ms
[2020-12-09T16:06:42.124-0500][gc,heap        ] GC(140) Eden regions: 11->0(11)
[2020-12-09T16:06:42.124-0500][gc,heap        ] GC(140) Survivor regions: 1->1(2)
[2020-12-09T16:06:42.124-0500][gc,heap        ] GC(140) Old regions: 45->45
[2020-12-09T16:06:42.124-0500][gc,heap        ] GC(140) Humongous regions: 4->4
[2020-12-09T16:06:42.124-0500][gc,metaspace   ] GC(140) Metaspace: 46883K->46883K(1091584K)
[2020-12-09T16:06:42.124-0500][gc,heap        ] GC(140) Heap after GC invocations=141 (full 20): garbage-first heap   total 70656K, used 46331K [0x0000000083000000, 0x0000000100000000)
[2020-12-09T16:06:42.124-0500][gc,heap        ] GC(140)   region size 1024K, 1 young (1024K), 1 survivors (1024K)
[2020-12-09T16:06:42.124-0500][gc,heap        ] GC(140)  Metaspace       used 46883K, capacity 48314K, committed 51200K, reserved 1091584K
[2020-12-09T16:06:42.124-0500][gc,heap        ] GC(140)   class space    used 7012K, capacity 7472K, committed 8448K, reserved 1048576K
[2020-12-09T16:06:42.124-0500][gc             ] GC(140) Pause Young (Normal) (G1 Evacuation Pause) 56M->45M(69M) 1.912ms
[2020-12-09T16:06:42.124-0500][gc,cpu         ] GC(140) User=0.00s Sys=0.00s Real=0.00s
[2020-12-09T16:07:31.436-0500][gc,task        ] GC(141) Using 5 workers of 8 for full compaction
[2020-12-09T16:07:31.436-0500][gc,start       ] GC(141) Pause Full (System.gc())
[2020-12-09T16:07:31.436-0500][gc,heap        ] GC(141) Heap before GC invocations=141 (full 20): garbage-first heap   total 70656K, used 50427K [0x0000000083000000, 0x0000000100000000)
[2020-12-09T16:07:31.436-0500][gc,heap        ] GC(141)   region size 1024K, 6 young (6144K), 1 survivors (1024K)
[2020-12-09T16:07:31.436-0500][gc,heap        ] GC(141)  Metaspace       used 46884K, capacity 48314K, committed 51200K, reserved 1091584K
[2020-12-09T16:07:31.436-0500][gc,heap        ] GC(141)   class space    used 7012K, capacity 7472K, committed 8448K, reserved 1048576K
[2020-12-09T16:07:31.437-0500][gc,phases,start] GC(141) Phase 1: Mark live objects
[2020-12-09T16:07:31.470-0500][gc,stringtable ] GC(141) Cleaned string and symbol table, strings: 29696 processed, 7 removed, symbols: 116872 processed, 0 removed
[2020-12-09T16:07:31.470-0500][gc,phases      ] GC(141) Phase 1: Mark live objects 33.717ms
[2020-12-09T16:07:31.470-0500][gc,phases,start] GC(141) Phase 2: Prepare for compaction
[2020-12-09T16:07:31.477-0500][gc,phases      ] GC(141) Phase 2: Prepare for compaction 6.861ms
[2020-12-09T16:07:31.477-0500][gc,phases,start] GC(141) Phase 3: Adjust pointers
[2020-12-09T16:07:31.492-0500][gc,phases      ] GC(141) Phase 3: Adjust pointers 14.568ms
[2020-12-09T16:07:31.492-0500][gc,phases,start] GC(141) Phase 4: Compact heap
[2020-12-09T16:07:31.497-0500][gc,phases      ] GC(141) Phase 4: Compact heap 4.779ms
[2020-12-09T16:07:31.503-0500][gc,heap        ] GC(141) Eden regions: 5->0(13)
[2020-12-09T16:07:31.503-0500][gc,heap        ] GC(141) Survivor regions: 1->0(2)
[2020-12-09T16:07:31.503-0500][gc,heap        ] GC(141) Old regions: 45->44
[2020-12-09T16:07:31.503-0500][gc,heap        ] GC(141) Humongous regions: 4->4
[2020-12-09T16:07:31.503-0500][gc,metaspace   ] GC(141) Metaspace: 46884K->46884K(1091584K)
[2020-12-09T16:07:31.503-0500][gc,heap        ] GC(141) Heap after GC invocations=142 (full 21): garbage-first heap   total 70656K, used 46238K [0x0000000083000000, 0x0000000100000000)
[2020-12-09T16:07:31.503-0500][gc,heap        ] GC(141)   region size 1024K, 0 young (0K), 0 survivors (0K)
[2020-12-09T16:07:31.503-0500][gc,heap        ] GC(141)  Metaspace       used 46884K, capacity 48314K, committed 51200K, reserved 1091584K
[2020-12-09T16:07:31.503-0500][gc,heap        ] GC(141)   class space    used 7012K, capacity 7472K, committed 8448K, reserved 1048576K
[2020-12-09T16:07:31.503-0500][gc             ] GC(141) Pause Full (System.gc()) 49M->45M(69M) 66.649ms
[2020-12-09T16:07:31.503-0500][gc,cpu         ] GC(141) User=0.28s Sys=0.01s Real=0.07s
[2020-12-09T16:09:54.085-0500][gc,heap        ] GC(142) Heap before GC invocations=142 (full 21): garbage-first heap   total 70656K, used 58526K [0x0000000083000000, 0x0000000100000000)
[2020-12-09T16:09:54.085-0500][gc,heap        ] GC(142)   region size 1024K, 13 young (13312K), 0 survivors (0K)
[2020-12-09T16:09:54.085-0500][gc,heap        ] GC(142)  Metaspace       used 46886K, capacity 48314K, committed 51200K, reserved 1091584K
[2020-12-09T16:09:54.085-0500][gc,heap        ] GC(142)   class space    used 7012K, capacity 7472K, committed 8448K, reserved 1048576K
[2020-12-09T16:09:54.085-0500][gc,start       ] GC(142) Pause Young (Concurrent Start) (G1 Evacuation Pause)
[2020-12-09T16:09:54.085-0500][gc,task        ] GC(142) Using 8 workers of 8 for evacuation
[2020-12-09T16:09:54.087-0500][gc,phases      ] GC(142)   Pre Evacuate Collection Set: 0.1ms
[2020-12-09T16:09:54.087-0500][gc,phases      ] GC(142)   Evacuate Collection Set: 1.2ms
[2020-12-09T16:09:54.087-0500][gc,phases      ] GC(142)   Post Evacuate Collection Set: 0.9ms
[2020-12-09T16:09:54.087-0500][gc,phases      ] GC(142)   Other: 0.2ms
[2020-12-09T16:09:54.087-0500][gc,heap        ] GC(142) Eden regions: 13->0(12)
[2020-12-09T16:09:54.087-0500][gc,heap        ] GC(142) Survivor regions: 0->1(2)
[2020-12-09T16:09:54.087-0500][gc,heap        ] GC(142) Old regions: 44->44
[2020-12-09T16:09:54.087-0500][gc,heap        ] GC(142) Humongous regions: 4->4
[2020-12-09T16:09:54.087-0500][gc,metaspace   ] GC(142) Metaspace: 46886K->46886K(1091584K)
[2020-12-09T16:09:54.087-0500][gc,heap        ] GC(142) Heap after GC invocations=143 (full 21): garbage-first heap   total 70656K, used 46422K [0x0000000083000000, 0x0000000100000000)
[2020-12-09T16:09:54.087-0500][gc,heap        ] GC(142)   region size 1024K, 1 young (1024K), 1 survivors (1024K)
[2020-12-09T16:09:54.087-0500][gc,heap        ] GC(142)  Metaspace       used 46886K, capacity 48314K, committed 51200K, reserved 1091584K
[2020-12-09T16:09:54.087-0500][gc,heap        ] GC(142)   class space    used 7012K, capacity 7472K, committed 8448K, reserved 1048576K
[2020-12-09T16:09:54.087-0500][gc             ] GC(142) Pause Young (Concurrent Start) (G1 Evacuation Pause) 58M->45M(69M) 2.495ms
[2020-12-09T16:09:54.087-0500][gc,cpu         ] GC(142) User=0.00s Sys=0.01s Real=0.00s
[2020-12-09T16:09:54.087-0500][gc             ] GC(143) Concurrent Cycle
[2020-12-09T16:09:54.087-0500][gc,marking     ] GC(143) Concurrent Clear Claimed Marks
[2020-12-09T16:09:54.088-0500][gc,marking     ] GC(143) Concurrent Clear Claimed Marks 0.038ms
[2020-12-09T16:09:54.088-0500][gc,marking     ] GC(143) Concurrent Scan Root Regions
[2020-12-09T16:09:54.088-0500][gc,marking     ] GC(143) Concurrent Scan Root Regions 0.779ms
[2020-12-09T16:09:54.088-0500][gc,marking     ] GC(143) Concurrent Mark (6145.818s)
[2020-12-09T16:09:54.088-0500][gc,marking     ] GC(143) Concurrent Mark From Roots
[2020-12-09T16:09:54.088-0500][gc,task        ] GC(143) Using 2 workers of 2 for marking
[2020-12-09T16:09:54.135-0500][gc,marking     ] GC(143) Concurrent Mark From Roots 46.564ms
[2020-12-09T16:09:54.135-0500][gc,marking     ] GC(143) Concurrent Preclean
[2020-12-09T16:09:54.135-0500][gc,marking     ] GC(143) Concurrent Preclean 0.212ms
[2020-12-09T16:09:54.135-0500][gc,marking     ] GC(143) Concurrent Mark (6145.818s, 6145.865s) 46.857ms
[2020-12-09T16:09:54.136-0500][gc,start       ] GC(143) Pause Remark
[2020-12-09T16:09:54.141-0500][gc,stringtable ] GC(143) Cleaned string and symbol table, strings: 29696 processed, 0 removed, symbols: 116872 processed, 0 removed
[2020-12-09T16:09:54.141-0500][gc             ] GC(143) Pause Remark 45M->45M(69M) 5.767ms
[2020-12-09T16:09:54.141-0500][gc,cpu         ] GC(143) User=0.03s Sys=0.00s Real=0.01s
[2020-12-09T16:09:54.141-0500][gc,marking     ] GC(143) Concurrent Rebuild Remembered Sets
[2020-12-09T16:09:54.164-0500][gc,marking     ] GC(143) Concurrent Rebuild Remembered Sets 22.104ms
[2020-12-09T16:09:54.164-0500][gc,start       ] GC(143) Pause Cleanup
[2020-12-09T16:09:54.164-0500][gc             ] GC(143) Pause Cleanup 45M->45M(69M) 0.350ms
[2020-12-09T16:09:54.164-0500][gc,cpu         ] GC(143) User=0.00s Sys=0.00s Real=0.00s
[2020-12-09T16:09:54.165-0500][gc,marking     ] GC(143) Concurrent Cleanup for Next Mark
[2020-12-09T16:09:54.165-0500][gc,marking     ] GC(143) Concurrent Cleanup for Next Mark 0.399ms
[2020-12-09T16:09:54.165-0500][gc             ] GC(143) Concurrent Cycle 77.524ms
[2020-12-09T16:12:02.128-0500][gc,heap        ] GC(144) Heap before GC invocations=144 (full 21): garbage-first heap   total 70656K, used 57686K [0x0000000083000000, 0x0000000100000000)
[2020-12-09T16:12:02.129-0500][gc,heap        ] GC(144)   region size 1024K, 13 young (13312K), 1 survivors (1024K)
[2020-12-09T16:12:02.129-0500][gc,heap        ] GC(144)  Metaspace       used 46886K, capacity 48314K, committed 51200K, reserved 1091584K
[2020-12-09T16:12:02.129-0500][gc,heap        ] GC(144)   class space    used 7012K, capacity 7472K, committed 8448K, reserved 1048576K
[2020-12-09T16:12:02.129-0500][gc,start       ] GC(144) Pause Young (Normal) (G1 Evacuation Pause)
[2020-12-09T16:12:02.129-0500][gc,task        ] GC(144) Using 8 workers of 8 for evacuation
[2020-12-09T16:12:02.133-0500][gc,phases      ] GC(144)   Pre Evacuate Collection Set: 0.0ms
[2020-12-09T16:12:02.133-0500][gc,phases      ] GC(144)   Evacuate Collection Set: 1.8ms
[2020-12-09T16:12:02.133-0500][gc,phases      ] GC(144)   Post Evacuate Collection Set: 2.7ms
[2020-12-09T16:12:02.134-0500][gc,phases      ] GC(144)   Other: 0.4ms
[2020-12-09T16:12:02.134-0500][gc,heap        ] GC(144) Eden regions: 12->0(12)
[2020-12-09T16:12:02.134-0500][gc,heap        ] GC(144) Survivor regions: 1->1(2)
[2020-12-09T16:12:02.134-0500][gc,heap        ] GC(144) Old regions: 44->44
[2020-12-09T16:12:02.134-0500][gc,heap        ] GC(144) Humongous regions: 4->4
[2020-12-09T16:12:02.134-0500][gc,metaspace   ] GC(144) Metaspace: 46886K->46886K(1091584K)
[2020-12-09T16:12:02.134-0500][gc,heap        ] GC(144) Heap after GC invocations=145 (full 21): garbage-first heap   total 70656K, used 46325K [0x0000000083000000, 0x0000000100000000)
[2020-12-09T16:12:02.134-0500][gc,heap        ] GC(144)   region size 1024K, 1 young (1024K), 1 survivors (1024K)
[2020-12-09T16:12:02.134-0500][gc,heap        ] GC(144)  Metaspace       used 46886K, capacity 48314K, committed 51200K, reserved 1091584K
[2020-12-09T16:12:02.134-0500][gc,heap        ] GC(144)   class space    used 7012K, capacity 7472K, committed 8448K, reserved 1048576K
[2020-12-09T16:12:02.134-0500][gc             ] GC(144) Pause Young (Normal) (G1 Evacuation Pause) 57M->45M(69M) 5.222ms
[2020-12-09T16:12:02.134-0500][gc,cpu         ] GC(144) User=0.01s Sys=0.01s Real=0.00s
[2020-12-09T16:12:31.435-0500][gc,task        ] GC(145) Using 5 workers of 8 for full compaction
[2020-12-09T16:12:31.435-0500][gc,start       ] GC(145) Pause Full (System.gc())
[2020-12-09T16:12:31.435-0500][gc,heap        ] GC(145) Heap before GC invocations=145 (full 21): garbage-first heap   total 70656K, used 47349K [0x0000000083000000, 0x0000000100000000)
[2020-12-09T16:12:31.435-0500][gc,heap        ] GC(145)   region size 1024K, 4 young (4096K), 1 survivors (1024K)
[2020-12-09T16:12:31.435-0500][gc,heap        ] GC(145)  Metaspace       used 46888K, capacity 48314K, committed 51200K, reserved 1091584K
[2020-12-09T16:12:31.435-0500][gc,heap        ] GC(145)   class space    used 7012K, capacity 7472K, committed 8448K, reserved 1048576K
[2020-12-09T16:12:31.436-0500][gc,phases,start] GC(145) Phase 1: Mark live objects
[2020-12-09T16:12:31.460-0500][gc,stringtable ] GC(145) Cleaned string and symbol table, strings: 29696 processed, 7 removed, symbols: 116872 processed, 0 removed
[2020-12-09T16:12:31.461-0500][gc,phases      ] GC(145) Phase 1: Mark live objects 24.650ms
[2020-12-09T16:12:31.461-0500][gc,phases,start] GC(145) Phase 2: Prepare for compaction
[2020-12-09T16:12:31.465-0500][gc,phases      ] GC(145) Phase 2: Prepare for compaction 4.096ms
[2020-12-09T16:12:31.465-0500][gc,phases,start] GC(145) Phase 3: Adjust pointers
[2020-12-09T16:12:31.476-0500][gc,phases      ] GC(145) Phase 3: Adjust pointers 11.428ms
[2020-12-09T16:12:31.476-0500][gc,phases,start] GC(145) Phase 4: Compact heap
[2020-12-09T16:12:31.479-0500][gc,phases      ] GC(145) Phase 4: Compact heap 3.253ms
[2020-12-09T16:12:31.485-0500][gc,heap        ] GC(145) Eden regions: 3->0(12)
[2020-12-09T16:12:31.485-0500][gc,heap        ] GC(145) Survivor regions: 1->0(2)
[2020-12-09T16:12:31.485-0500][gc,heap        ] GC(145) Old regions: 44->45
[2020-12-09T16:12:31.485-0500][gc,heap        ] GC(145) Humongous regions: 4->4
[2020-12-09T16:12:31.485-0500][gc,metaspace   ] GC(145) Metaspace: 46888K->46888K(1091584K)
[2020-12-09T16:12:31.485-0500][gc,heap        ] GC(145) Heap after GC invocations=146 (full 22): garbage-first heap   total 70656K, used 46233K [0x0000000083000000, 0x0000000100000000)
[2020-12-09T16:12:31.485-0500][gc,heap        ] GC(145)   region size 1024K, 0 young (0K), 0 survivors (0K)
[2020-12-09T16:12:31.485-0500][gc,heap        ] GC(145)  Metaspace       used 46888K, capacity 48314K, committed 51200K, reserved 1091584K
[2020-12-09T16:12:31.485-0500][gc,heap        ] GC(145)   class space    used 7012K, capacity 7472K, committed 8448K, reserved 1048576K
[2020-12-09T16:12:31.485-0500][gc             ] GC(145) Pause Full (System.gc()) 47M->45M(69M) 50.323ms
[2020-12-09T16:12:31.485-0500][gc,cpu         ] GC(145) User=0.20s Sys=0.01s Real=0.05s
[2020-12-09T16:14:42.125-0500][gc,heap        ] GC(146) Heap before GC invocations=146 (full 22): garbage-first heap   total 70656K, used 57497K [0x0000000083000000, 0x0000000100000000)
[2020-12-09T16:14:42.125-0500][gc,heap        ] GC(146)   region size 1024K, 12 young (12288K), 0 survivors (0K)
[2020-12-09T16:14:42.125-0500][gc,heap        ] GC(146)  Metaspace       used 46891K, capacity 48318K, committed 51200K, reserved 1091584K
[2020-12-09T16:14:42.125-0500][gc,heap        ] GC(146)   class space    used 7012K, capacity 7472K, committed 8448K, reserved 1048576K
[2020-12-09T16:14:42.125-0500][gc,start       ] GC(146) Pause Young (Concurrent Start) (G1 Evacuation Pause)
[2020-12-09T16:14:42.125-0500][gc,task        ] GC(146) Using 8 workers of 8 for evacuation
[2020-12-09T16:14:42.128-0500][gc,phases      ] GC(146)   Pre Evacuate Collection Set: 0.2ms
[2020-12-09T16:14:42.128-0500][gc,phases      ] GC(146)   Evacuate Collection Set: 1.0ms
[2020-12-09T16:14:42.128-0500][gc,phases      ] GC(146)   Post Evacuate Collection Set: 1.1ms
[2020-12-09T16:14:42.128-0500][gc,phases      ] GC(146)   Other: 0.2ms
[2020-12-09T16:14:42.128-0500][gc,heap        ] GC(146) Eden regions: 12->0(11)
[2020-12-09T16:14:42.128-0500][gc,heap        ] GC(146) Survivor regions: 0->1(2)
[2020-12-09T16:14:42.128-0500][gc,heap        ] GC(146) Old regions: 45->45
[2020-12-09T16:14:42.128-0500][gc,heap        ] GC(146) Humongous regions: 4->4
[2020-12-09T16:14:42.128-0500][gc,metaspace   ] GC(146) Metaspace: 46891K->46891K(1091584K)
[2020-12-09T16:14:42.128-0500][gc,heap        ] GC(146) Heap after GC invocations=147 (full 22): garbage-first heap   total 70656K, used 46303K [0x0000000083000000, 0x0000000100000000)
[2020-12-09T16:14:42.128-0500][gc,heap        ] GC(146)   region size 1024K, 1 young (1024K), 1 survivors (1024K)
[2020-12-09T16:14:42.128-0500][gc,heap        ] GC(146)  Metaspace       used 46891K, capacity 48318K, committed 51200K, reserved 1091584K
[2020-12-09T16:14:42.128-0500][gc,heap        ] GC(146)   class space    used 7012K, capacity 7472K, committed 8448K, reserved 1048576K
[2020-12-09T16:14:42.128-0500][gc             ] GC(146) Pause Young (Concurrent Start) (G1 Evacuation Pause) 57M->45M(69M) 2.525ms
[2020-12-09T16:14:42.128-0500][gc,cpu         ] GC(146) User=0.00s Sys=0.00s Real=0.01s
[2020-12-09T16:14:42.128-0500][gc             ] GC(147) Concurrent Cycle
[2020-12-09T16:14:42.128-0500][gc,marking     ] GC(147) Concurrent Clear Claimed Marks
[2020-12-09T16:14:42.128-0500][gc,marking     ] GC(147) Concurrent Clear Claimed Marks 0.041ms
[2020-12-09T16:14:42.128-0500][gc,marking     ] GC(147) Concurrent Scan Root Regions
[2020-12-09T16:14:42.129-0500][gc,marking     ] GC(147) Concurrent Scan Root Regions 0.655ms
[2020-12-09T16:14:42.129-0500][gc,marking     ] GC(147) Concurrent Mark (6433.859s)
[2020-12-09T16:14:42.129-0500][gc,marking     ] GC(147) Concurrent Mark From Roots
[2020-12-09T16:14:42.129-0500][gc,task        ] GC(147) Using 2 workers of 2 for marking
[2020-12-09T16:14:42.172-0500][gc,marking     ] GC(147) Concurrent Mark From Roots 43.398ms
[2020-12-09T16:14:42.172-0500][gc,marking     ] GC(147) Concurrent Preclean
[2020-12-09T16:14:42.173-0500][gc,marking     ] GC(147) Concurrent Preclean 0.197ms
[2020-12-09T16:14:42.173-0500][gc,marking     ] GC(147) Concurrent Mark (6433.859s, 6433.903s) 43.673ms
[2020-12-09T16:14:42.173-0500][gc,start       ] GC(147) Pause Remark
[2020-12-09T16:14:42.177-0500][gc,stringtable ] GC(147) Cleaned string and symbol table, strings: 29696 processed, 0 removed, symbols: 116872 processed, 0 removed
[2020-12-09T16:14:42.178-0500][gc             ] GC(147) Pause Remark 45M->45M(69M) 5.480ms
[2020-12-09T16:14:42.178-0500][gc,cpu         ] GC(147) User=0.03s Sys=0.00s Real=0.01s
[2020-12-09T16:14:42.179-0500][gc,marking     ] GC(147) Concurrent Rebuild Remembered Sets
[2020-12-09T16:14:42.197-0500][gc,marking     ] GC(147) Concurrent Rebuild Remembered Sets 18.762ms
[2020-12-09T16:14:42.198-0500][gc,start       ] GC(147) Pause Cleanup
[2020-12-09T16:14:42.198-0500][gc             ] GC(147) Pause Cleanup 45M->45M(69M) 0.342ms
[2020-12-09T16:14:42.198-0500][gc,cpu         ] GC(147) User=0.00s Sys=0.00s Real=0.00s
[2020-12-09T16:14:42.198-0500][gc,marking     ] GC(147) Concurrent Cleanup for Next Mark
[2020-12-09T16:14:42.198-0500][gc,marking     ] GC(147) Concurrent Cleanup for Next Mark 0.239ms
[2020-12-09T16:14:42.198-0500][gc             ] GC(147) Concurrent Cycle 70.339ms
[2020-12-09T16:16:42.125-0500][gc,heap        ] GC(148) Heap before GC invocations=148 (full 22): garbage-first heap   total 70656K, used 56528K [0x0000000083000000, 0x0000000100000000)
[2020-12-09T16:16:42.125-0500][gc,heap        ] GC(148)   region size 1024K, 12 young (12288K), 1 survivors (1024K)
[2020-12-09T16:16:42.125-0500][gc,heap        ] GC(148)  Metaspace       used 46892K, capacity 48318K, committed 51200K, reserved 1091584K
[2020-12-09T16:16:42.125-0500][gc,heap        ] GC(148)   class space    used 7012K, capacity 7472K, committed 8448K, reserved 1048576K
[2020-12-09T16:16:42.125-0500][gc,start       ] GC(148) Pause Young (Normal) (G1 Evacuation Pause)
[2020-12-09T16:16:42.125-0500][gc,task        ] GC(148) Using 8 workers of 8 for evacuation
[2020-12-09T16:16:42.144-0500][gc,phases      ] GC(148)   Pre Evacuate Collection Set: 0.1ms
[2020-12-09T16:16:42.144-0500][gc,phases      ] GC(148)   Evacuate Collection Set: 4.6ms
[2020-12-09T16:16:42.144-0500][gc,phases      ] GC(148)   Post Evacuate Collection Set: 14.2ms
[2020-12-09T16:16:42.144-0500][gc,phases      ] GC(148)   Other: 0.5ms
[2020-12-09T16:16:42.144-0500][gc,heap        ] GC(148) Eden regions: 11->0(12)
[2020-12-09T16:16:42.144-0500][gc,heap        ] GC(148) Survivor regions: 1->1(2)
[2020-12-09T16:16:42.144-0500][gc,heap        ] GC(148) Old regions: 44->44
[2020-12-09T16:16:42.144-0500][gc,heap        ] GC(148) Humongous regions: 4->4
[2020-12-09T16:16:42.145-0500][gc,metaspace   ] GC(148) Metaspace: 46892K->46892K(1091584K)
[2020-12-09T16:16:42.145-0500][gc,heap        ] GC(148) Heap after GC invocations=149 (full 22): garbage-first heap   total 70656K, used 46291K [0x0000000083000000, 0x0000000100000000)
[2020-12-09T16:16:42.145-0500][gc,heap        ] GC(148)   region size 1024K, 1 young (1024K), 1 survivors (1024K)
[2020-12-09T16:16:42.145-0500][gc,heap        ] GC(148)  Metaspace       used 46892K, capacity 48318K, committed 51200K, reserved 1091584K
[2020-12-09T16:16:42.145-0500][gc,heap        ] GC(148)   class space    used 7012K, capacity 7472K, committed 8448K, reserved 1048576K
[2020-12-09T16:16:42.145-0500][gc             ] GC(148) Pause Young (Normal) (G1 Evacuation Pause) 56M->45M(69M) 19.493ms
[2020-12-09T16:16:42.145-0500][gc,cpu         ] GC(148) User=0.13s Sys=0.00s Real=0.02s
[2020-12-09T16:17:31.436-0500][gc,task        ] GC(149) Using 5 workers of 8 for full compaction
[2020-12-09T16:17:31.436-0500][gc,start       ] GC(149) Pause Full (System.gc())
[2020-12-09T16:17:31.436-0500][gc,heap        ] GC(149) Heap before GC invocations=149 (full 22): garbage-first heap   total 70656K, used 49363K [0x0000000083000000, 0x0000000100000000)
[2020-12-09T16:17:31.436-0500][gc,heap        ] GC(149)   region size 1024K, 6 young (6144K), 1 survivors (1024K)
[2020-12-09T16:17:31.436-0500][gc,heap        ] GC(149)  Metaspace       used 46892K, capacity 48318K, committed 51200K, reserved 1091584K
[2020-12-09T16:17:31.436-0500][gc,heap        ] GC(149)   class space    used 7012K, capacity 7472K, committed 8448K, reserved 1048576K
[2020-12-09T16:17:31.437-0500][gc,phases,start] GC(149) Phase 1: Mark live objects
[2020-12-09T16:17:31.459-0500][gc,stringtable ] GC(149) Cleaned string and symbol table, strings: 29696 processed, 7 removed, symbols: 116872 processed, 0 removed
[2020-12-09T16:17:31.459-0500][gc,phases      ] GC(149) Phase 1: Mark live objects 22.313ms
[2020-12-09T16:17:31.459-0500][gc,phases,start] GC(149) Phase 2: Prepare for compaction
[2020-12-09T16:17:31.463-0500][gc,phases      ] GC(149) Phase 2: Prepare for compaction 4.210ms
[2020-12-09T16:17:31.463-0500][gc,phases,start] GC(149) Phase 3: Adjust pointers
[2020-12-09T16:17:31.475-0500][gc,phases      ] GC(149) Phase 3: Adjust pointers 12.122ms
[2020-12-09T16:17:31.475-0500][gc,phases,start] GC(149) Phase 4: Compact heap
[2020-12-09T16:17:31.479-0500][gc,phases      ] GC(149) Phase 4: Compact heap 3.188ms
[2020-12-09T16:17:31.486-0500][gc,heap        ] GC(149) Eden regions: 5->0(12)
[2020-12-09T16:17:31.486-0500][gc,heap        ] GC(149) Survivor regions: 1->0(2)
[2020-12-09T16:17:31.486-0500][gc,heap        ] GC(149) Old regions: 44->45
[2020-12-09T16:17:31.486-0500][gc,heap        ] GC(149) Humongous regions: 4->4
[2020-12-09T16:17:31.486-0500][gc,metaspace   ] GC(149) Metaspace: 46892K->46892K(1091584K)
[2020-12-09T16:17:31.486-0500][gc,heap        ] GC(149) Heap after GC invocations=150 (full 23): garbage-first heap   total 70656K, used 46235K [0x0000000083000000, 0x0000000100000000)
[2020-12-09T16:17:31.486-0500][gc,heap        ] GC(149)   region size 1024K, 0 young (0K), 0 survivors (0K)
[2020-12-09T16:17:31.486-0500][gc,heap        ] GC(149)  Metaspace       used 46892K, capacity 48318K, committed 51200K, reserved 1091584K
[2020-12-09T16:17:31.486-0500][gc,heap        ] GC(149)   class space    used 7012K, capacity 7472K, committed 8448K, reserved 1048576K
[2020-12-09T16:17:31.486-0500][gc             ] GC(149) Pause Full (System.gc()) 49M->45M(69M) 49.973ms
[2020-12-09T16:17:31.486-0500][gc,cpu         ] GC(149) User=0.21s Sys=0.00s Real=0.05s
[2020-12-09T16:19:42.125-0500][gc,heap        ] GC(150) Heap before GC invocations=150 (full 23): garbage-first heap   total 70656K, used 57499K [0x0000000083000000, 0x0000000100000000)
[2020-12-09T16:19:42.125-0500][gc,heap        ] GC(150)   region size 1024K, 12 young (12288K), 0 survivors (0K)
[2020-12-09T16:19:42.125-0500][gc,heap        ] GC(150)  Metaspace       used 46900K, capacity 48318K, committed 51200K, reserved 1091584K
[2020-12-09T16:19:42.125-0500][gc,heap        ] GC(150)   class space    used 7012K, capacity 7472K, committed 8448K, reserved 1048576K
[2020-12-09T16:19:42.125-0500][gc,start       ] GC(150) Pause Young (Concurrent Start) (G1 Evacuation Pause)
[2020-12-09T16:19:42.125-0500][gc,task        ] GC(150) Using 8 workers of 8 for evacuation
[2020-12-09T16:19:42.134-0500][gc,phases      ] GC(150)   Pre Evacuate Collection Set: 0.5ms
[2020-12-09T16:19:42.134-0500][gc,phases      ] GC(150)   Evacuate Collection Set: 3.1ms
[2020-12-09T16:19:42.134-0500][gc,phases      ] GC(150)   Post Evacuate Collection Set: 5.1ms
[2020-12-09T16:19:42.134-0500][gc,phases      ] GC(150)   Other: 0.6ms
[2020-12-09T16:19:42.134-0500][gc,heap        ] GC(150) Eden regions: 12->0(11)
[2020-12-09T16:19:42.134-0500][gc,heap        ] GC(150) Survivor regions: 0->1(2)
[2020-12-09T16:19:42.134-0500][gc,heap        ] GC(150) Old regions: 45->45
[2020-12-09T16:19:42.134-0500][gc,heap        ] GC(150) Humongous regions: 4->4
[2020-12-09T16:19:42.134-0500][gc,metaspace   ] GC(150) Metaspace: 46900K->46900K(1091584K)
[2020-12-09T16:19:42.134-0500][gc,heap        ] GC(150) Heap after GC invocations=151 (full 23): garbage-first heap   total 70656K, used 46330K [0x0000000083000000, 0x0000000100000000)
[2020-12-09T16:19:42.134-0500][gc,heap        ] GC(150)   region size 1024K, 1 young (1024K), 1 survivors (1024K)
[2020-12-09T16:19:42.134-0500][gc,heap        ] GC(150)  Metaspace       used 46900K, capacity 48318K, committed 51200K, reserved 1091584K
[2020-12-09T16:19:42.134-0500][gc,heap        ] GC(150)   class space    used 7012K, capacity 7472K, committed 8448K, reserved 1048576K
[2020-12-09T16:19:42.134-0500][gc             ] GC(150) Pause Young (Concurrent Start) (G1 Evacuation Pause) 57M->45M(69M) 9.466ms
[2020-12-09T16:19:42.135-0500][gc,cpu         ] GC(150) User=0.02s Sys=0.01s Real=0.01s
[2020-12-09T16:19:42.135-0500][gc             ] GC(151) Concurrent Cycle
[2020-12-09T16:19:42.135-0500][gc,marking     ] GC(151) Concurrent Clear Claimed Marks
[2020-12-09T16:19:42.135-0500][gc,marking     ] GC(151) Concurrent Clear Claimed Marks 0.168ms
[2020-12-09T16:19:42.135-0500][gc,marking     ] GC(151) Concurrent Scan Root Regions
[2020-12-09T16:19:42.138-0500][gc,marking     ] GC(151) Concurrent Scan Root Regions 2.440ms
[2020-12-09T16:19:42.138-0500][gc,marking     ] GC(151) Concurrent Mark (6733.868s)
[2020-12-09T16:19:42.138-0500][gc,marking     ] GC(151) Concurrent Mark From Roots
[2020-12-09T16:19:42.138-0500][gc,task        ] GC(151) Using 2 workers of 2 for marking
[2020-12-09T16:19:42.175-0500][gc,marking     ] GC(151) Concurrent Mark From Roots 37.638ms
[2020-12-09T16:19:42.175-0500][gc,marking     ] GC(151) Concurrent Preclean
[2020-12-09T16:19:42.176-0500][gc,marking     ] GC(151) Concurrent Preclean 0.206ms
[2020-12-09T16:19:42.176-0500][gc,marking     ] GC(151) Concurrent Mark (6733.868s, 6733.906s) 37.935ms
[2020-12-09T16:19:42.176-0500][gc,start       ] GC(151) Pause Remark
[2020-12-09T16:19:42.180-0500][gc,stringtable ] GC(151) Cleaned string and symbol table, strings: 29698 processed, 0 removed, symbols: 116872 processed, 0 removed
[2020-12-09T16:19:42.181-0500][gc             ] GC(151) Pause Remark 45M->45M(69M) 4.765ms
[2020-12-09T16:19:42.181-0500][gc,cpu         ] GC(151) User=0.02s Sys=0.01s Real=0.01s
[2020-12-09T16:19:42.181-0500][gc,marking     ] GC(151) Concurrent Rebuild Remembered Sets
[2020-12-09T16:19:42.200-0500][gc,marking     ] GC(151) Concurrent Rebuild Remembered Sets 18.681ms
[2020-12-09T16:19:42.200-0500][gc,start       ] GC(151) Pause Cleanup
[2020-12-09T16:19:42.200-0500][gc             ] GC(151) Pause Cleanup 45M->45M(69M) 0.198ms
[2020-12-09T16:19:42.200-0500][gc,cpu         ] GC(151) User=0.00s Sys=0.00s Real=0.00s
[2020-12-09T16:19:42.200-0500][gc,marking     ] GC(151) Concurrent Cleanup for Next Mark
[2020-12-09T16:19:42.200-0500][gc,marking     ] GC(151) Concurrent Cleanup for Next Mark 0.254ms
[2020-12-09T16:19:42.200-0500][gc             ] GC(151) Concurrent Cycle 65.603ms
[2020-12-09T16:21:42.127-0500][gc,heap        ] GC(152) Heap before GC invocations=152 (full 23): garbage-first heap   total 70656K, used 56570K [0x0000000083000000, 0x0000000100000000)
[2020-12-09T16:21:42.127-0500][gc,heap        ] GC(152)   region size 1024K, 12 young (12288K), 1 survivors (1024K)
[2020-12-09T16:21:42.127-0500][gc,heap        ] GC(152)  Metaspace       used 46905K, capacity 48318K, committed 51200K, reserved 1091584K
[2020-12-09T16:21:42.127-0500][gc,heap        ] GC(152)   class space    used 7012K, capacity 7472K, committed 8448K, reserved 1048576K
[2020-12-09T16:21:42.127-0500][gc,start       ] GC(152) Pause Young (Normal) (G1 Evacuation Pause)
[2020-12-09T16:21:42.127-0500][gc,task        ] GC(152) Using 8 workers of 8 for evacuation
[2020-12-09T16:21:42.131-0500][gc,phases      ] GC(152)   Pre Evacuate Collection Set: 0.0ms
[2020-12-09T16:21:42.131-0500][gc,phases      ] GC(152)   Evacuate Collection Set: 1.6ms
[2020-12-09T16:21:42.131-0500][gc,phases      ] GC(152)   Post Evacuate Collection Set: 2.0ms
[2020-12-09T16:21:42.131-0500][gc,phases      ] GC(152)   Other: 0.4ms
[2020-12-09T16:21:42.131-0500][gc,heap        ] GC(152) Eden regions: 11->0(11)
[2020-12-09T16:21:42.131-0500][gc,heap        ] GC(152) Survivor regions: 1->1(2)
[2020-12-09T16:21:42.131-0500][gc,heap        ] GC(152) Old regions: 45->45
[2020-12-09T16:21:42.131-0500][gc,heap        ] GC(152) Humongous regions: 4->4
[2020-12-09T16:21:42.131-0500][gc,metaspace   ] GC(152) Metaspace: 46905K->46905K(1091584K)
[2020-12-09T16:21:42.131-0500][gc,heap        ] GC(152) Heap after GC invocations=153 (full 23): garbage-first heap   total 70656K, used 46355K [0x0000000083000000, 0x0000000100000000)
[2020-12-09T16:21:42.131-0500][gc,heap        ] GC(152)   region size 1024K, 1 young (1024K), 1 survivors (1024K)
[2020-12-09T16:21:42.131-0500][gc,heap        ] GC(152)  Metaspace       used 46905K, capacity 48318K, committed 51200K, reserved 1091584K
[2020-12-09T16:21:42.131-0500][gc,heap        ] GC(152)   class space    used 7012K, capacity 7472K, committed 8448K, reserved 1048576K
[2020-12-09T16:21:42.132-0500][gc             ] GC(152) Pause Young (Normal) (G1 Evacuation Pause) 56M->45M(69M) 4.250ms
[2020-12-09T16:21:42.132-0500][gc,cpu         ] GC(152) User=0.01s Sys=0.00s Real=0.01s
[2020-12-09T16:22:31.434-0500][gc,task        ] GC(153) Using 5 workers of 8 for full compaction
[2020-12-09T16:22:31.434-0500][gc,start       ] GC(153) Pause Full (System.gc())
[2020-12-09T16:22:31.434-0500][gc,heap        ] GC(153) Heap before GC invocations=153 (full 23): garbage-first heap   total 70656K, used 50451K [0x0000000083000000, 0x0000000100000000)
[2020-12-09T16:22:31.434-0500][gc,heap        ] GC(153)   region size 1024K, 6 young (6144K), 1 survivors (1024K)
[2020-12-09T16:22:31.434-0500][gc,heap        ] GC(153)  Metaspace       used 46905K, capacity 48318K, committed 51200K, reserved 1091584K
[2020-12-09T16:22:31.434-0500][gc,heap        ] GC(153)   class space    used 7012K, capacity 7472K, committed 8448K, reserved 1048576K
[2020-12-09T16:22:31.435-0500][gc,phases,start] GC(153) Phase 1: Mark live objects
[2020-12-09T16:22:31.464-0500][gc,stringtable ] GC(153) Cleaned string and symbol table, strings: 29698 processed, 7 removed, symbols: 116872 processed, 0 removed
[2020-12-09T16:22:31.464-0500][gc,phases      ] GC(153) Phase 1: Mark live objects 29.331ms
[2020-12-09T16:22:31.464-0500][gc,phases,start] GC(153) Phase 2: Prepare for compaction
[2020-12-09T16:22:31.469-0500][gc,phases      ] GC(153) Phase 2: Prepare for compaction 4.546ms
[2020-12-09T16:22:31.469-0500][gc,phases,start] GC(153) Phase 3: Adjust pointers
[2020-12-09T16:22:31.481-0500][gc,phases      ] GC(153) Phase 3: Adjust pointers 12.502ms
[2020-12-09T16:22:31.481-0500][gc,phases,start] GC(153) Phase 4: Compact heap
[2020-12-09T16:22:31.485-0500][gc,phases      ] GC(153) Phase 4: Compact heap 3.554ms
[2020-12-09T16:22:31.492-0500][gc,heap        ] GC(153) Eden regions: 5->0(13)
[2020-12-09T16:22:31.492-0500][gc,heap        ] GC(153) Survivor regions: 1->0(2)
[2020-12-09T16:22:31.492-0500][gc,heap        ] GC(153) Old regions: 45->44
[2020-12-09T16:22:31.492-0500][gc,heap        ] GC(153) Humongous regions: 4->4
[2020-12-09T16:22:31.492-0500][gc,metaspace   ] GC(153) Metaspace: 46905K->46905K(1091584K)
[2020-12-09T16:22:31.492-0500][gc,heap        ] GC(153) Heap after GC invocations=154 (full 24): garbage-first heap   total 70656K, used 46252K [0x0000000083000000, 0x0000000100000000)
[2020-12-09T16:22:31.492-0500][gc,heap        ] GC(153)   region size 1024K, 0 young (0K), 0 survivors (0K)
[2020-12-09T16:22:31.492-0500][gc,heap        ] GC(153)  Metaspace       used 46905K, capacity 48318K, committed 51200K, reserved 1091584K
[2020-12-09T16:22:31.492-0500][gc,heap        ] GC(153)   class space    used 7012K, capacity 7472K, committed 8448K, reserved 1048576K
[2020-12-09T16:22:31.492-0500][gc             ] GC(153) Pause Full (System.gc()) 49M->45M(69M) 57.958ms
[2020-12-09T16:22:31.492-0500][gc,cpu         ] GC(153) User=0.22s Sys=0.02s Real=0.06s
[2020-12-09T16:24:56.548-0500][gc,heap        ] GC(154) Heap before GC invocations=154 (full 24): garbage-first heap   total 70656K, used 58540K [0x0000000083000000, 0x0000000100000000)
[2020-12-09T16:24:56.548-0500][gc,heap        ] GC(154)   region size 1024K, 13 young (13312K), 0 survivors (0K)
[2020-12-09T16:24:56.548-0500][gc,heap        ] GC(154)  Metaspace       used 46907K, capacity 48318K, committed 51200K, reserved 1091584K
[2020-12-09T16:24:56.548-0500][gc,heap        ] GC(154)   class space    used 7012K, capacity 7472K, committed 8448K, reserved 1048576K
[2020-12-09T16:24:56.548-0500][gc,start       ] GC(154) Pause Young (Concurrent Start) (G1 Evacuation Pause)
[2020-12-09T16:24:56.548-0500][gc,task        ] GC(154) Using 8 workers of 8 for evacuation
[2020-12-09T16:24:56.550-0500][gc,phases      ] GC(154)   Pre Evacuate Collection Set: 0.1ms
[2020-12-09T16:24:56.550-0500][gc,phases      ] GC(154)   Evacuate Collection Set: 1.0ms
[2020-12-09T16:24:56.550-0500][gc,phases      ] GC(154)   Post Evacuate Collection Set: 0.8ms
[2020-12-09T16:24:56.550-0500][gc,phases      ] GC(154)   Other: 0.3ms
[2020-12-09T16:24:56.550-0500][gc,heap        ] GC(154) Eden regions: 13->0(12)
[2020-12-09T16:24:56.550-0500][gc,heap        ] GC(154) Survivor regions: 0->1(2)
[2020-12-09T16:24:56.550-0500][gc,heap        ] GC(154) Old regions: 44->44
[2020-12-09T16:24:56.550-0500][gc,heap        ] GC(154) Humongous regions: 4->4
[2020-12-09T16:24:56.550-0500][gc,metaspace   ] GC(154) Metaspace: 46907K->46907K(1091584K)
[2020-12-09T16:24:56.550-0500][gc,heap        ] GC(154) Heap after GC invocations=155 (full 24): garbage-first heap   total 70656K, used 46360K [0x0000000083000000, 0x0000000100000000)
[2020-12-09T16:24:56.551-0500][gc,heap        ] GC(154)   region size 1024K, 1 young (1024K), 1 survivors (1024K)
[2020-12-09T16:24:56.551-0500][gc,heap        ] GC(154)  Metaspace       used 46907K, capacity 48318K, committed 51200K, reserved 1091584K
[2020-12-09T16:24:56.551-0500][gc,heap        ] GC(154)   class space    used 7012K, capacity 7472K, committed 8448K, reserved 1048576K
[2020-12-09T16:24:56.551-0500][gc             ] GC(154) Pause Young (Concurrent Start) (G1 Evacuation Pause) 58M->45M(69M) 2.336ms
[2020-12-09T16:24:56.551-0500][gc,cpu         ] GC(154) User=0.00s Sys=0.00s Real=0.00s
[2020-12-09T16:24:56.551-0500][gc             ] GC(155) Concurrent Cycle
[2020-12-09T16:24:56.551-0500][gc,marking     ] GC(155) Concurrent Clear Claimed Marks
[2020-12-09T16:24:56.551-0500][gc,marking     ] GC(155) Concurrent Clear Claimed Marks 0.067ms
[2020-12-09T16:24:56.551-0500][gc,marking     ] GC(155) Concurrent Scan Root Regions
[2020-12-09T16:24:56.552-0500][gc,marking     ] GC(155) Concurrent Scan Root Regions 0.793ms
[2020-12-09T16:24:56.552-0500][gc,marking     ] GC(155) Concurrent Mark (7048.282s)
[2020-12-09T16:24:56.552-0500][gc,marking     ] GC(155) Concurrent Mark From Roots
[2020-12-09T16:24:56.552-0500][gc,task        ] GC(155) Using 2 workers of 2 for marking
[2020-12-09T16:24:56.589-0500][gc,marking     ] GC(155) Concurrent Mark From Roots 37.243ms
[2020-12-09T16:24:56.589-0500][gc,marking     ] GC(155) Concurrent Preclean
[2020-12-09T16:24:56.589-0500][gc,marking     ] GC(155) Concurrent Preclean 0.227ms
[2020-12-09T16:24:56.589-0500][gc,marking     ] GC(155) Concurrent Mark (7048.282s, 7048.319s) 37.548ms
[2020-12-09T16:24:56.589-0500][gc,start       ] GC(155) Pause Remark
[2020-12-09T16:24:56.594-0500][gc,stringtable ] GC(155) Cleaned string and symbol table, strings: 29698 processed, 0 removed, symbols: 116872 processed, 0 removed
[2020-12-09T16:24:56.594-0500][gc             ] GC(155) Pause Remark 45M->45M(69M) 4.974ms
[2020-12-09T16:24:56.595-0500][gc,cpu         ] GC(155) User=0.03s Sys=0.01s Real=0.00s
[2020-12-09T16:24:56.595-0500][gc,marking     ] GC(155) Concurrent Rebuild Remembered Sets
[2020-12-09T16:24:56.615-0500][gc,marking     ] GC(155) Concurrent Rebuild Remembered Sets 20.628ms
[2020-12-09T16:24:56.616-0500][gc,start       ] GC(155) Pause Cleanup
[2020-12-09T16:24:56.616-0500][gc             ] GC(155) Pause Cleanup 45M->45M(69M) 0.185ms
[2020-12-09T16:24:56.616-0500][gc,cpu         ] GC(155) User=0.00s Sys=0.00s Real=0.00s
[2020-12-09T16:24:56.616-0500][gc,marking     ] GC(155) Concurrent Cleanup for Next Mark
[2020-12-09T16:24:56.616-0500][gc,marking     ] GC(155) Concurrent Cleanup for Next Mark 0.171ms
[2020-12-09T16:24:56.616-0500][gc             ] GC(155) Concurrent Cycle 65.472ms
[2020-12-09T16:27:09.749-0500][gc,heap        ] GC(156) Heap before GC invocations=156 (full 24): garbage-first heap   total 70656K, used 58648K [0x0000000083000000, 0x0000000100000000)
[2020-12-09T16:27:09.749-0500][gc,heap        ] GC(156)   region size 1024K, 13 young (13312K), 1 survivors (1024K)
[2020-12-09T16:27:09.749-0500][gc,heap        ] GC(156)  Metaspace       used 46908K, capacity 48318K, committed 51200K, reserved 1091584K
[2020-12-09T16:27:09.749-0500][gc,heap        ] GC(156)   class space    used 7012K, capacity 7472K, committed 8448K, reserved 1048576K
[2020-12-09T16:27:09.749-0500][gc,start       ] GC(156) Pause Young (Normal) (G1 Evacuation Pause)
[2020-12-09T16:27:09.749-0500][gc,task        ] GC(156) Using 8 workers of 8 for evacuation
[2020-12-09T16:27:09.754-0500][gc,phases      ] GC(156)   Pre Evacuate Collection Set: 0.0ms
[2020-12-09T16:27:09.754-0500][gc,phases      ] GC(156)   Evacuate Collection Set: 2.5ms
[2020-12-09T16:27:09.754-0500][gc,phases      ] GC(156)   Post Evacuate Collection Set: 2.3ms
[2020-12-09T16:27:09.755-0500][gc,phases      ] GC(156)   Other: 0.5ms
[2020-12-09T16:27:09.755-0500][gc,heap        ] GC(156) Eden regions: 12->0(12)
[2020-12-09T16:27:09.755-0500][gc,heap        ] GC(156) Survivor regions: 1->1(2)
[2020-12-09T16:27:09.755-0500][gc,heap        ] GC(156) Old regions: 44->44
[2020-12-09T16:27:09.755-0500][gc,heap        ] GC(156) Humongous regions: 4->4
[2020-12-09T16:27:09.755-0500][gc,metaspace   ] GC(156) Metaspace: 46908K->46908K(1091584K)
[2020-12-09T16:27:09.755-0500][gc,heap        ] GC(156) Heap after GC invocations=157 (full 24): garbage-first heap   total 70656K, used 46323K [0x0000000083000000, 0x0000000100000000)
[2020-12-09T16:27:09.755-0500][gc,heap        ] GC(156)   region size 1024K, 1 young (1024K), 1 survivors (1024K)
[2020-12-09T16:27:09.755-0500][gc,heap        ] GC(156)  Metaspace       used 46908K, capacity 48318K, committed 51200K, reserved 1091584K
[2020-12-09T16:27:09.755-0500][gc,heap        ] GC(156)   class space    used 7012K, capacity 7472K, committed 8448K, reserved 1048576K
[2020-12-09T16:27:09.755-0500][gc             ] GC(156) Pause Young (Normal) (G1 Evacuation Pause) 57M->45M(69M) 5.758ms
[2020-12-09T16:27:09.755-0500][gc,cpu         ] GC(156) User=0.01s Sys=0.01s Real=0.00s
[2020-12-09T16:27:31.435-0500][gc,task        ] GC(157) Using 5 workers of 8 for full compaction
[2020-12-09T16:27:31.435-0500][gc,start       ] GC(157) Pause Full (System.gc())
[2020-12-09T16:27:31.436-0500][gc,heap        ] GC(157) Heap before GC invocations=157 (full 24): garbage-first heap   total 70656K, used 48371K [0x0000000083000000, 0x0000000100000000)
[2020-12-09T16:27:31.436-0500][gc,heap        ] GC(157)   region size 1024K, 4 young (4096K), 1 survivors (1024K)
[2020-12-09T16:27:31.436-0500][gc,heap        ] GC(157)  Metaspace       used 46908K, capacity 48318K, committed 51200K, reserved 1091584K
[2020-12-09T16:27:31.436-0500][gc,heap        ] GC(157)   class space    used 7012K, capacity 7472K, committed 8448K, reserved 1048576K
[2020-12-09T16:27:31.436-0500][gc,phases,start] GC(157) Phase 1: Mark live objects
[2020-12-09T16:27:31.476-0500][gc,stringtable ] GC(157) Cleaned string and symbol table, strings: 29698 processed, 7 removed, symbols: 116872 processed, 0 removed
[2020-12-09T16:27:31.476-0500][gc,phases      ] GC(157) Phase 1: Mark live objects 39.758ms
[2020-12-09T16:27:31.476-0500][gc,phases,start] GC(157) Phase 2: Prepare for compaction
[2020-12-09T16:27:31.481-0500][gc,phases      ] GC(157) Phase 2: Prepare for compaction 5.385ms
[2020-12-09T16:27:31.481-0500][gc,phases,start] GC(157) Phase 3: Adjust pointers
[2020-12-09T16:27:31.495-0500][gc,phases      ] GC(157) Phase 3: Adjust pointers 13.585ms
[2020-12-09T16:27:31.495-0500][gc,phases,start] GC(157) Phase 4: Compact heap
[2020-12-09T16:27:31.499-0500][gc,phases      ] GC(157) Phase 4: Compact heap 3.357ms
[2020-12-09T16:27:31.504-0500][gc,heap        ] GC(157) Eden regions: 3->0(12)
[2020-12-09T16:27:31.504-0500][gc,heap        ] GC(157) Survivor regions: 1->0(2)
[2020-12-09T16:27:31.504-0500][gc,heap        ] GC(157) Old regions: 44->45
[2020-12-09T16:27:31.504-0500][gc,heap        ] GC(157) Humongous regions: 4->4
[2020-12-09T16:27:31.504-0500][gc,metaspace   ] GC(157) Metaspace: 46908K->46908K(1091584K)
[2020-12-09T16:27:31.504-0500][gc,heap        ] GC(157) Heap after GC invocations=158 (full 25): garbage-first heap   total 70656K, used 46244K [0x0000000083000000, 0x0000000100000000)
[2020-12-09T16:27:31.504-0500][gc,heap        ] GC(157)   region size 1024K, 0 young (0K), 0 survivors (0K)
[2020-12-09T16:27:31.504-0500][gc,heap        ] GC(157)  Metaspace       used 46908K, capacity 48318K, committed 51200K, reserved 1091584K
[2020-12-09T16:27:31.504-0500][gc,heap        ] GC(157)   class space    used 7012K, capacity 7472K, committed 8448K, reserved 1048576K
[2020-12-09T16:27:31.504-0500][gc             ] GC(157) Pause Full (System.gc()) 47M->45M(69M) 68.975ms
[2020-12-09T16:27:31.505-0500][gc,cpu         ] GC(157) User=0.30s Sys=0.00s Real=0.07s
[2020-12-09T16:29:32.124-0500][gc,heap        ] GC(158) Heap before GC invocations=158 (full 25): garbage-first heap   total 70656K, used 58532K [0x0000000083000000, 0x0000000100000000)
[2020-12-09T16:29:32.125-0500][gc,heap        ] GC(158)   region size 1024K, 12 young (12288K), 0 survivors (0K)
[2020-12-09T16:29:32.125-0500][gc,heap        ] GC(158)  Metaspace       used 46908K, capacity 48318K, committed 51200K, reserved 1091584K
[2020-12-09T16:29:32.125-0500][gc,heap        ] GC(158)   class space    used 7012K, capacity 7472K, committed 8448K, reserved 1048576K
[2020-12-09T16:29:32.125-0500][gc,start       ] GC(158) Pause Young (Concurrent Start) (G1 Evacuation Pause)
[2020-12-09T16:29:32.125-0500][gc,task        ] GC(158) Using 8 workers of 8 for evacuation
[2020-12-09T16:29:32.131-0500][gc,phases      ] GC(158)   Pre Evacuate Collection Set: 0.2ms
[2020-12-09T16:29:32.131-0500][gc,phases      ] GC(158)   Evacuate Collection Set: 3.1ms
[2020-12-09T16:29:32.131-0500][gc,phases      ] GC(158)   Post Evacuate Collection Set: 2.0ms
[2020-12-09T16:29:32.131-0500][gc,phases      ] GC(158)   Other: 0.9ms
[2020-12-09T16:29:32.131-0500][gc,heap        ] GC(158) Eden regions: 12->0(11)
[2020-12-09T16:29:32.131-0500][gc,heap        ] GC(158) Survivor regions: 0->1(2)
[2020-12-09T16:29:32.131-0500][gc,heap        ] GC(158) Old regions: 45->45
[2020-12-09T16:29:32.131-0500][gc,heap        ] GC(158) Humongous regions: 4->4
[2020-12-09T16:29:32.131-0500][gc,metaspace   ] GC(158) Metaspace: 46908K->46908K(1091584K)
[2020-12-09T16:29:32.131-0500][gc,heap        ] GC(158) Heap after GC invocations=159 (full 25): garbage-first heap   total 70656K, used 46354K [0x0000000083000000, 0x0000000100000000)
[2020-12-09T16:29:32.131-0500][gc,heap        ] GC(158)   region size 1024K, 1 young (1024K), 1 survivors (1024K)
[2020-12-09T16:29:32.131-0500][gc,heap        ] GC(158)  Metaspace       used 46908K, capacity 48318K, committed 51200K, reserved 1091584K
[2020-12-09T16:29:32.131-0500][gc,heap        ] GC(158)   class space    used 7012K, capacity 7472K, committed 8448K, reserved 1048576K
[2020-12-09T16:29:32.131-0500][gc             ] GC(158) Pause Young (Concurrent Start) (G1 Evacuation Pause) 57M->45M(69M) 6.209ms
[2020-12-09T16:29:32.131-0500][gc,cpu         ] GC(158) User=0.00s Sys=0.01s Real=0.01s
[2020-12-09T16:29:32.131-0500][gc             ] GC(159) Concurrent Cycle
[2020-12-09T16:29:32.132-0500][gc,marking     ] GC(159) Concurrent Clear Claimed Marks
[2020-12-09T16:29:32.132-0500][gc,marking     ] GC(159) Concurrent Clear Claimed Marks 0.133ms
[2020-12-09T16:29:32.132-0500][gc,marking     ] GC(159) Concurrent Scan Root Regions
[2020-12-09T16:29:32.133-0500][gc,marking     ] GC(159) Concurrent Scan Root Regions 1.633ms
[2020-12-09T16:29:32.133-0500][gc,marking     ] GC(159) Concurrent Mark (7323.863s)
[2020-12-09T16:29:32.133-0500][gc,marking     ] GC(159) Concurrent Mark From Roots
[2020-12-09T16:29:32.133-0500][gc,task        ] GC(159) Using 2 workers of 2 for marking
[2020-12-09T16:29:32.194-0500][gc,marking     ] GC(159) Concurrent Mark From Roots 60.720ms
[2020-12-09T16:29:32.194-0500][gc,marking     ] GC(159) Concurrent Preclean
[2020-12-09T16:29:32.194-0500][gc,marking     ] GC(159) Concurrent Preclean 0.199ms
[2020-12-09T16:29:32.194-0500][gc,marking     ] GC(159) Concurrent Mark (7323.863s, 7323.924s) 61.022ms
[2020-12-09T16:29:32.195-0500][gc,start       ] GC(159) Pause Remark
[2020-12-09T16:29:32.199-0500][gc,stringtable ] GC(159) Cleaned string and symbol table, strings: 29698 processed, 0 removed, symbols: 116872 processed, 0 removed
[2020-12-09T16:29:32.200-0500][gc             ] GC(159) Pause Remark 45M->45M(69M) 4.827ms
[2020-12-09T16:29:32.200-0500][gc,cpu         ] GC(159) User=0.03s Sys=0.00s Real=0.01s
[2020-12-09T16:29:32.200-0500][gc,marking     ] GC(159) Concurrent Rebuild Remembered Sets
[2020-12-09T16:29:32.219-0500][gc,marking     ] GC(159) Concurrent Rebuild Remembered Sets 19.056ms
[2020-12-09T16:29:32.219-0500][gc,start       ] GC(159) Pause Cleanup
[2020-12-09T16:29:32.219-0500][gc             ] GC(159) Pause Cleanup 45M->45M(69M) 0.175ms
[2020-12-09T16:29:32.219-0500][gc,cpu         ] GC(159) User=0.00s Sys=0.00s Real=0.00s
[2020-12-09T16:29:32.219-0500][gc,marking     ] GC(159) Concurrent Cleanup for Next Mark
[2020-12-09T16:29:32.220-0500][gc,marking     ] GC(159) Concurrent Cleanup for Next Mark 0.214ms
[2020-12-09T16:29:32.220-0500][gc             ] GC(159) Concurrent Cycle 88.205ms
[2020-12-09T16:31:32.700-0500][gc,heap        ] GC(160) Heap before GC invocations=160 (full 25): garbage-first heap   total 70656K, used 57608K [0x0000000083000000, 0x0000000100000000)
[2020-12-09T16:31:32.701-0500][gc,heap        ] GC(160)   region size 1024K, 12 young (12288K), 1 survivors (1024K)
[2020-12-09T16:31:32.701-0500][gc,heap        ] GC(160)  Metaspace       used 46909K, capacity 48318K, committed 51200K, reserved 1091584K
[2020-12-09T16:31:32.701-0500][gc,heap        ] GC(160)   class space    used 7012K, capacity 7472K, committed 8448K, reserved 1048576K
[2020-12-09T16:31:32.701-0500][gc,start       ] GC(160) Pause Young (Normal) (G1 Evacuation Pause)
[2020-12-09T16:31:32.701-0500][gc,task        ] GC(160) Using 8 workers of 8 for evacuation
[2020-12-09T16:31:32.702-0500][gc,phases      ] GC(160)   Pre Evacuate Collection Set: 0.0ms
[2020-12-09T16:31:32.702-0500][gc,phases      ] GC(160)   Evacuate Collection Set: 0.9ms
[2020-12-09T16:31:32.702-0500][gc,phases      ] GC(160)   Post Evacuate Collection Set: 0.8ms
[2020-12-09T16:31:32.702-0500][gc,phases      ] GC(160)   Other: 0.2ms
[2020-12-09T16:31:32.702-0500][gc,heap        ] GC(160) Eden regions: 11->0(12)
[2020-12-09T16:31:32.702-0500][gc,heap        ] GC(160) Survivor regions: 1->1(2)
[2020-12-09T16:31:32.702-0500][gc,heap        ] GC(160) Old regions: 44->44
[2020-12-09T16:31:32.702-0500][gc,heap        ] GC(160) Humongous regions: 4->4
[2020-12-09T16:31:32.702-0500][gc,metaspace   ] GC(160) Metaspace: 46909K->46909K(1091584K)
[2020-12-09T16:31:32.702-0500][gc,heap        ] GC(160) Heap after GC invocations=161 (full 25): garbage-first heap   total 70656K, used 46292K [0x0000000083000000, 0x0000000100000000)
[2020-12-09T16:31:32.702-0500][gc,heap        ] GC(160)   region size 1024K, 1 young (1024K), 1 survivors (1024K)
[2020-12-09T16:31:32.702-0500][gc,heap        ] GC(160)  Metaspace       used 46909K, capacity 48318K, committed 51200K, reserved 1091584K
[2020-12-09T16:31:32.702-0500][gc,heap        ] GC(160)   class space    used 7012K, capacity 7472K, committed 8448K, reserved 1048576K
[2020-12-09T16:31:32.702-0500][gc             ] GC(160) Pause Young (Normal) (G1 Evacuation Pause) 56M->45M(69M) 1.874ms
[2020-12-09T16:31:32.702-0500][gc,cpu         ] GC(160) User=0.00s Sys=0.00s Real=0.00s
[2020-12-09T16:32:31.436-0500][gc,task        ] GC(161) Using 5 workers of 8 for full compaction
[2020-12-09T16:32:31.436-0500][gc,start       ] GC(161) Pause Full (System.gc())
[2020-12-09T16:32:31.436-0500][gc,heap        ] GC(161) Heap before GC invocations=161 (full 25): garbage-first heap   total 70656K, used 51412K [0x0000000083000000, 0x0000000100000000)
[2020-12-09T16:32:31.436-0500][gc,heap        ] GC(161)   region size 1024K, 7 young (7168K), 1 survivors (1024K)
[2020-12-09T16:32:31.436-0500][gc,heap        ] GC(161)  Metaspace       used 46914K, capacity 48382K, committed 51456K, reserved 1091584K
[2020-12-09T16:32:31.436-0500][gc,heap        ] GC(161)   class space    used 7012K, capacity 7472K, committed 8448K, reserved 1048576K
[2020-12-09T16:32:31.437-0500][gc,phases,start] GC(161) Phase 1: Mark live objects
[2020-12-09T16:32:31.477-0500][gc,stringtable ] GC(161) Cleaned string and symbol table, strings: 29698 processed, 7 removed, symbols: 116872 processed, 0 removed
[2020-12-09T16:32:31.477-0500][gc,phases      ] GC(161) Phase 1: Mark live objects 40.281ms
[2020-12-09T16:32:31.477-0500][gc,phases,start] GC(161) Phase 2: Prepare for compaction
[2020-12-09T16:32:31.481-0500][gc,phases      ] GC(161) Phase 2: Prepare for compaction 3.821ms
[2020-12-09T16:32:31.481-0500][gc,phases,start] GC(161) Phase 3: Adjust pointers
[2020-12-09T16:32:31.492-0500][gc,phases      ] GC(161) Phase 3: Adjust pointers 10.911ms
[2020-12-09T16:32:31.492-0500][gc,phases,start] GC(161) Phase 4: Compact heap
[2020-12-09T16:32:31.496-0500][gc,phases      ] GC(161) Phase 4: Compact heap 3.608ms
[2020-12-09T16:32:31.504-0500][gc,heap        ] GC(161) Eden regions: 6->0(12)
[2020-12-09T16:32:31.504-0500][gc,heap        ] GC(161) Survivor regions: 1->0(2)
[2020-12-09T16:32:31.504-0500][gc,heap        ] GC(161) Old regions: 44->45
[2020-12-09T16:32:31.504-0500][gc,heap        ] GC(161) Humongous regions: 4->4
[2020-12-09T16:32:31.504-0500][gc,metaspace   ] GC(161) Metaspace: 46914K->46914K(1091584K)
[2020-12-09T16:32:31.504-0500][gc,heap        ] GC(161) Heap after GC invocations=162 (full 26): garbage-first heap   total 70656K, used 46257K [0x0000000083000000, 0x0000000100000000)
[2020-12-09T16:32:31.504-0500][gc,heap        ] GC(161)   region size 1024K, 0 young (0K), 0 survivors (0K)
[2020-12-09T16:32:31.504-0500][gc,heap        ] GC(161)  Metaspace       used 46914K, capacity 48382K, committed 51456K, reserved 1091584K
[2020-12-09T16:32:31.504-0500][gc,heap        ] GC(161)   class space    used 7012K, capacity 7472K, committed 8448K, reserved 1048576K
[2020-12-09T16:32:31.504-0500][gc             ] GC(161) Pause Full (System.gc()) 50M->45M(69M) 67.752ms
[2020-12-09T16:32:31.504-0500][gc,cpu         ] GC(161) User=0.28s Sys=0.00s Real=0.07s
[2020-12-09T16:34:42.125-0500][gc,heap        ] GC(162) Heap before GC invocations=162 (full 26): garbage-first heap   total 70656K, used 58545K [0x0000000083000000, 0x0000000100000000)
[2020-12-09T16:34:42.125-0500][gc,heap        ] GC(162)   region size 1024K, 12 young (12288K), 0 survivors (0K)
[2020-12-09T16:34:42.125-0500][gc,heap        ] GC(162)  Metaspace       used 46915K, capacity 48382K, committed 51456K, reserved 1091584K
[2020-12-09T16:34:42.125-0500][gc,heap        ] GC(162)   class space    used 7012K, capacity 7472K, committed 8448K, reserved 1048576K
[2020-12-09T16:34:42.125-0500][gc,start       ] GC(162) Pause Young (Concurrent Start) (G1 Evacuation Pause)
[2020-12-09T16:34:42.125-0500][gc,task        ] GC(162) Using 8 workers of 8 for evacuation
[2020-12-09T16:34:42.129-0500][gc,phases      ] GC(162)   Pre Evacuate Collection Set: 0.2ms
[2020-12-09T16:34:42.129-0500][gc,phases      ] GC(162)   Evacuate Collection Set: 2.4ms
[2020-12-09T16:34:42.129-0500][gc,phases      ] GC(162)   Post Evacuate Collection Set: 1.1ms
[2020-12-09T16:34:42.129-0500][gc,phases      ] GC(162)   Other: 0.3ms
[2020-12-09T16:34:42.129-0500][gc,heap        ] GC(162) Eden regions: 12->0(11)
[2020-12-09T16:34:42.129-0500][gc,heap        ] GC(162) Survivor regions: 0->1(2)
[2020-12-09T16:34:42.129-0500][gc,heap        ] GC(162) Old regions: 45->45
[2020-12-09T16:34:42.129-0500][gc,heap        ] GC(162) Humongous regions: 4->4
[2020-12-09T16:34:42.129-0500][gc,metaspace   ] GC(162) Metaspace: 46915K->46915K(1091584K)
[2020-12-09T16:34:42.129-0500][gc,heap        ] GC(162) Heap after GC invocations=163 (full 26): garbage-first heap   total 70656K, used 46358K [0x0000000083000000, 0x0000000100000000)
[2020-12-09T16:34:42.129-0500][gc,heap        ] GC(162)   region size 1024K, 1 young (1024K), 1 survivors (1024K)
[2020-12-09T16:34:42.129-0500][gc,heap        ] GC(162)  Metaspace       used 46915K, capacity 48382K, committed 51456K, reserved 1091584K
[2020-12-09T16:34:42.129-0500][gc,heap        ] GC(162)   class space    used 7012K, capacity 7472K, committed 8448K, reserved 1048576K
[2020-12-09T16:34:42.129-0500][gc             ] GC(162) Pause Young (Concurrent Start) (G1 Evacuation Pause) 57M->45M(69M) 4.115ms
[2020-12-09T16:34:42.129-0500][gc,cpu         ] GC(162) User=0.00s Sys=0.00s Real=0.01s
[2020-12-09T16:34:42.129-0500][gc             ] GC(163) Concurrent Cycle
[2020-12-09T16:34:42.129-0500][gc,marking     ] GC(163) Concurrent Clear Claimed Marks
[2020-12-09T16:34:42.129-0500][gc,marking     ] GC(163) Concurrent Clear Claimed Marks 0.050ms
[2020-12-09T16:34:42.129-0500][gc,marking     ] GC(163) Concurrent Scan Root Regions
[2020-12-09T16:34:42.130-0500][gc,marking     ] GC(163) Concurrent Scan Root Regions 1.081ms
[2020-12-09T16:34:42.130-0500][gc,marking     ] GC(163) Concurrent Mark (7633.860s)
[2020-12-09T16:34:42.130-0500][gc,marking     ] GC(163) Concurrent Mark From Roots
[2020-12-09T16:34:42.130-0500][gc,task        ] GC(163) Using 2 workers of 2 for marking
[2020-12-09T16:34:42.185-0500][gc,marking     ] GC(163) Concurrent Mark From Roots 54.253ms
[2020-12-09T16:34:42.185-0500][gc,marking     ] GC(163) Concurrent Preclean
[2020-12-09T16:34:42.185-0500][gc,marking     ] GC(163) Concurrent Preclean 0.206ms
[2020-12-09T16:34:42.185-0500][gc,marking     ] GC(163) Concurrent Mark (7633.860s, 7633.915s) 54.560ms
[2020-12-09T16:34:42.185-0500][gc,start       ] GC(163) Pause Remark
[2020-12-09T16:34:42.190-0500][gc,stringtable ] GC(163) Cleaned string and symbol table, strings: 29698 processed, 0 removed, symbols: 116872 processed, 0 removed
[2020-12-09T16:34:42.191-0500][gc             ] GC(163) Pause Remark 45M->45M(69M) 5.513ms
[2020-12-09T16:34:42.191-0500][gc,cpu         ] GC(163) User=0.02s Sys=0.00s Real=0.01s
[2020-12-09T16:34:42.191-0500][gc,marking     ] GC(163) Concurrent Rebuild Remembered Sets
[2020-12-09T16:34:42.212-0500][gc,marking     ] GC(163) Concurrent Rebuild Remembered Sets 21.391ms
[2020-12-09T16:34:42.213-0500][gc,start       ] GC(163) Pause Cleanup
[2020-12-09T16:34:42.213-0500][gc             ] GC(163) Pause Cleanup 45M->45M(69M) 0.245ms
[2020-12-09T16:34:42.213-0500][gc,cpu         ] GC(163) User=0.00s Sys=0.00s Real=0.00s
[2020-12-09T16:34:42.213-0500][gc,marking     ] GC(163) Concurrent Cleanup for Next Mark
[2020-12-09T16:34:42.213-0500][gc,marking     ] GC(163) Concurrent Cleanup for Next Mark 0.183ms
[2020-12-09T16:34:42.213-0500][gc             ] GC(163) Concurrent Cycle 84.181ms
[2020-12-09T16:36:36.148-0500][gc,heap        ] GC(164) Heap before GC invocations=164 (full 26): garbage-first heap   total 70656K, used 56598K [0x0000000083000000, 0x0000000100000000)
[2020-12-09T16:36:36.148-0500][gc,heap        ] GC(164)   region size 1024K, 12 young (12288K), 1 survivors (1024K)
[2020-12-09T16:36:36.148-0500][gc,heap        ] GC(164)  Metaspace       used 47012K, capacity 48568K, committed 51456K, reserved 1091584K
[2020-12-09T16:36:36.148-0500][gc,heap        ] GC(164)   class space    used 7034K, capacity 7514K, committed 8448K, reserved 1048576K
[2020-12-09T16:36:36.148-0500][gc,start       ] GC(164) Pause Young (Normal) (G1 Evacuation Pause)
[2020-12-09T16:36:36.148-0500][gc,task        ] GC(164) Using 8 workers of 8 for evacuation
[2020-12-09T16:36:36.150-0500][gc,phases      ] GC(164)   Pre Evacuate Collection Set: 0.0ms
[2020-12-09T16:36:36.150-0500][gc,phases      ] GC(164)   Evacuate Collection Set: 0.8ms
[2020-12-09T16:36:36.150-0500][gc,phases      ] GC(164)   Post Evacuate Collection Set: 0.8ms
[2020-12-09T16:36:36.150-0500][gc,phases      ] GC(164)   Other: 0.2ms
[2020-12-09T16:36:36.150-0500][gc,heap        ] GC(164) Eden regions: 11->0(11)
[2020-12-09T16:36:36.150-0500][gc,heap        ] GC(164) Survivor regions: 1->1(2)
[2020-12-09T16:36:36.150-0500][gc,heap        ] GC(164) Old regions: 45->45
[2020-12-09T16:36:36.150-0500][gc,heap        ] GC(164) Humongous regions: 4->4
[2020-12-09T16:36:36.150-0500][gc,metaspace   ] GC(164) Metaspace: 47012K->47012K(1091584K)
[2020-12-09T16:36:36.150-0500][gc,heap        ] GC(164) Heap after GC invocations=165 (full 26): garbage-first heap   total 70656K, used 46360K [0x0000000083000000, 0x0000000100000000)
[2020-12-09T16:36:36.150-0500][gc,heap        ] GC(164)   region size 1024K, 1 young (1024K), 1 survivors (1024K)
[2020-12-09T16:36:36.150-0500][gc,heap        ] GC(164)  Metaspace       used 47012K, capacity 48568K, committed 51456K, reserved 1091584K
[2020-12-09T16:36:36.150-0500][gc,heap        ] GC(164)   class space    used 7034K, capacity 7514K, committed 8448K, reserved 1048576K
[2020-12-09T16:36:36.150-0500][gc             ] GC(164) Pause Young (Normal) (G1 Evacuation Pause) 56M->45M(69M) 1.880ms
[2020-12-09T16:36:36.150-0500][gc,cpu         ] GC(164) User=0.01s Sys=0.00s Real=0.00s
[2020-12-09T16:36:36.237-0500][gc,heap        ] GC(165) Heap before GC invocations=165 (full 26): garbage-first heap   total 70656K, used 55576K [0x0000000083000000, 0x0000000100000000)
[2020-12-09T16:36:36.237-0500][gc,heap        ] GC(165)   region size 1024K, 12 young (12288K), 1 survivors (1024K)
[2020-12-09T16:36:36.237-0500][gc,heap        ] GC(165)  Metaspace       used 47078K, capacity 48625K, committed 51456K, reserved 1091584K
[2020-12-09T16:36:36.237-0500][gc,heap        ] GC(165)   class space    used 7042K, capacity 7528K, committed 8448K, reserved 1048576K
[2020-12-09T16:36:36.237-0500][gc,start       ] GC(165) Pause Young (Concurrent Start) (G1 Humongous Allocation)
[2020-12-09T16:36:36.237-0500][gc,task        ] GC(165) Using 8 workers of 8 for evacuation
[2020-12-09T16:36:36.242-0500][gc,phases      ] GC(165)   Pre Evacuate Collection Set: 0.1ms
[2020-12-09T16:36:36.242-0500][gc,phases      ] GC(165)   Evacuate Collection Set: 4.5ms
[2020-12-09T16:36:36.242-0500][gc,phases      ] GC(165)   Post Evacuate Collection Set: 0.5ms
[2020-12-09T16:36:36.242-0500][gc,phases      ] GC(165)   Other: 0.2ms
[2020-12-09T16:36:36.242-0500][gc,heap        ] GC(165) Eden regions: 11->0(7)
[2020-12-09T16:36:36.242-0500][gc,heap        ] GC(165) Survivor regions: 1->2(2)
[2020-12-09T16:36:36.242-0500][gc,heap        ] GC(165) Old regions: 45->46
[2020-12-09T16:36:36.242-0500][gc,heap        ] GC(165) Humongous regions: 4->4
[2020-12-09T16:36:36.242-0500][gc,metaspace   ] GC(165) Metaspace: 47078K->47078K(1091584K)
[2020-12-09T16:36:36.242-0500][gc,heap        ] GC(165) Heap after GC invocations=166 (full 26): garbage-first heap   total 70656K, used 48697K [0x0000000083000000, 0x0000000100000000)
[2020-12-09T16:36:36.242-0500][gc,heap        ] GC(165)   region size 1024K, 2 young (2048K), 2 survivors (2048K)
[2020-12-09T16:36:36.242-0500][gc,heap        ] GC(165)  Metaspace       used 47078K, capacity 48625K, committed 51456K, reserved 1091584K
[2020-12-09T16:36:36.242-0500][gc,heap        ] GC(165)   class space    used 7042K, capacity 7528K, committed 8448K, reserved 1048576K
[2020-12-09T16:36:36.242-0500][gc             ] GC(165) Pause Young (Concurrent Start) (G1 Humongous Allocation) 55M->47M(69M) 5.315ms
[2020-12-09T16:36:36.242-0500][gc,cpu         ] GC(165) User=0.02s Sys=0.00s Real=0.01s
[2020-12-09T16:36:36.243-0500][gc             ] GC(166) Concurrent Cycle
[2020-12-09T16:36:36.243-0500][gc,marking     ] GC(166) Concurrent Clear Claimed Marks
[2020-12-09T16:36:36.243-0500][gc,marking     ] GC(166) Concurrent Clear Claimed Marks 0.282ms
[2020-12-09T16:36:36.243-0500][gc,marking     ] GC(166) Concurrent Scan Root Regions
[2020-12-09T16:36:36.245-0500][gc,marking     ] GC(166) Concurrent Scan Root Regions 1.950ms
[2020-12-09T16:36:36.245-0500][gc,marking     ] GC(166) Concurrent Mark (7747.975s)
[2020-12-09T16:36:36.245-0500][gc,marking     ] GC(166) Concurrent Mark From Roots
[2020-12-09T16:36:36.245-0500][gc,task        ] GC(166) Using 2 workers of 2 for marking
[2020-12-09T16:36:36.294-0500][gc,marking     ] GC(166) Concurrent Mark From Roots 48.895ms
[2020-12-09T16:36:36.294-0500][gc,marking     ] GC(166) Concurrent Preclean
[2020-12-09T16:36:36.294-0500][gc,marking     ] GC(166) Concurrent Preclean 0.218ms
[2020-12-09T16:36:36.294-0500][gc,marking     ] GC(166) Concurrent Mark (7747.975s, 7748.024s) 49.192ms
[2020-12-09T16:36:36.294-0500][gc,start       ] GC(166) Pause Remark
[2020-12-09T16:36:36.300-0500][gc,stringtable ] GC(166) Cleaned string and symbol table, strings: 29719 processed, 0 removed, symbols: 116900 processed, 0 removed
[2020-12-09T16:36:36.301-0500][gc             ] GC(166) Pause Remark 59M->59M(69M) 6.190ms
[2020-12-09T16:36:36.301-0500][gc,cpu         ] GC(166) User=0.04s Sys=0.00s Real=0.01s
[2020-12-09T16:36:36.301-0500][gc,marking     ] GC(166) Concurrent Rebuild Remembered Sets
[2020-12-09T16:36:36.320-0500][gc,marking     ] GC(166) Concurrent Rebuild Remembered Sets 19.449ms
[2020-12-09T16:36:36.320-0500][gc,start       ] GC(166) Pause Cleanup
[2020-12-09T16:36:36.321-0500][gc             ] GC(166) Pause Cleanup 59M->59M(69M) 0.222ms
[2020-12-09T16:36:36.321-0500][gc,cpu         ] GC(166) User=0.00s Sys=0.00s Real=0.00s
[2020-12-09T16:36:36.321-0500][gc,marking     ] GC(166) Concurrent Cleanup for Next Mark
[2020-12-09T16:36:36.321-0500][gc,marking     ] GC(166) Concurrent Cleanup for Next Mark 0.203ms
[2020-12-09T16:36:36.321-0500][gc             ] GC(166) Concurrent Cycle 78.521ms
[2020-12-09T16:36:41.716-0500][gc,heap        ] GC(167) Heap before GC invocations=167 (full 26): garbage-first heap   total 70656K, used 66105K [0x0000000083000000, 0x0000000100000000)
[2020-12-09T16:36:41.717-0500][gc,heap        ] GC(167)   region size 1024K, 9 young (9216K), 2 survivors (2048K)
[2020-12-09T16:36:41.717-0500][gc,heap        ] GC(167)  Metaspace       used 47508K, capacity 49318K, committed 51712K, reserved 1093632K
[2020-12-09T16:36:41.717-0500][gc,heap        ] GC(167)   class space    used 7131K, capacity 7676K, committed 8448K, reserved 1048576K
[2020-12-09T16:36:41.717-0500][gc,start       ] GC(167) Pause Young (Normal) (G1 Evacuation Pause)
[2020-12-09T16:36:41.717-0500][gc,task        ] GC(167) Using 8 workers of 8 for evacuation
[2020-12-09T16:36:41.730-0500][gc,phases      ] GC(167)   Pre Evacuate Collection Set: 0.0ms
[2020-12-09T16:36:41.730-0500][gc,phases      ] GC(167)   Evacuate Collection Set: 11.8ms
[2020-12-09T16:36:41.730-0500][gc,phases      ] GC(167)   Post Evacuate Collection Set: 0.9ms
[2020-12-09T16:36:41.730-0500][gc,phases      ] GC(167)   Other: 0.6ms
[2020-12-09T16:36:41.730-0500][gc,heap        ] GC(167) Eden regions: 7->0(7)
[2020-12-09T16:36:41.730-0500][gc,heap        ] GC(167) Survivor regions: 2->1(2)
[2020-12-09T16:36:41.730-0500][gc,heap        ] GC(167) Old regions: 46->47
[2020-12-09T16:36:41.730-0500][gc,heap        ] GC(167) Humongous regions: 14->4
[2020-12-09T16:36:41.730-0500][gc,metaspace   ] GC(167) Metaspace: 47508K->47508K(1093632K)
[2020-12-09T16:36:41.730-0500][gc,heap        ] GC(167) Heap after GC invocations=168 (full 26): garbage-first heap   total 72704K, used 48324K [0x0000000083000000, 0x0000000100000000)
[2020-12-09T16:36:41.730-0500][gc,heap        ] GC(167)   region size 1024K, 1 young (1024K), 1 survivors (1024K)
[2020-12-09T16:36:41.730-0500][gc,heap        ] GC(167)  Metaspace       used 47508K, capacity 49318K, committed 51712K, reserved 1093632K
[2020-12-09T16:36:41.730-0500][gc,heap        ] GC(167)   class space    used 7131K, capacity 7676K, committed 8448K, reserved 1048576K
[2020-12-09T16:36:41.730-0500][gc             ] GC(167) Pause Young (Normal) (G1 Evacuation Pause) 64M->47M(71M) 13.340ms
[2020-12-09T16:36:41.730-0500][gc,cpu         ] GC(167) User=0.03s Sys=0.01s Real=0.02s
[2020-12-09T16:36:41.769-0500][gc,heap,exit   ] Heap
[2020-12-09T16:36:41.770-0500][gc,heap,exit   ]  garbage-first heap   total 72704K, used 48324K [0x0000000083000000, 0x0000000100000000)
[2020-12-09T16:36:41.770-0500][gc,heap,exit   ]   region size 1024K, 2 young (2048K), 1 survivors (1024K)
[2020-12-09T16:36:41.770-0500][gc,heap,exit   ]  Metaspace       used 47540K, capacity 49464K, committed 51968K, reserved 1093632K
[2020-12-09T16:36:41.770-0500][gc,heap,exit   ]   class space    used 7134K, capacity 7682K, committed 8448K, reserved 1048576K
